07-14 14:08:53.160   144   200 E ConnectivityService: Exception trying to remove a route: java.lang.IllegalStateException: Unable to communicate with native dameon to add routes - com.android.server.NativeDaemonConnectorException: Cmd {interface route remove wlan0 default 0.0.0.0 0 67.20.213.254} failed with code 400 : {Failed to remove route from default table (No such process)}
07-14 14:08:53.160   144   200 D ConnectivityService: resetConnections(wlan0, 3)
07-14 14:08:53.457  5517 16864 W Smack/Packet: notify conn break (IOEx), close connection
07-14 14:08:53.508   262   262 I wpa_supplicant: wlan0: Trying to associate with 58:35:d9:38:a1:41 (SSID='UB_Secure' freq=2437 MHz)
07-14 14:08:53.528   262   262 I wpa_supplicant: wlan0: Associated with 58:35:d9:38:a1:41
07-14 14:08:53.563   262   262 I wpa_supplicant: wlan0: CTRL-EVENT-EAP-STARTED EAP authentication started
07-14 14:08:53.567   262   262 I wpa_supplicant: wlan0: CTRL-EVENT-EAP-PROPOSED-METHOD vendor=0 method=4 -> NAK
07-14 14:08:53.570   262   262 I wpa_supplicant: wlan0: CTRL-EVENT-EAP-PROPOSED-METHOD vendor=0 method=25
07-14 14:08:53.602   262   262 I wpa_supplicant: wlan0: CTRL-EVENT-EAP-METHOD EAP vendor 0 method 25 (PEAP) selected
07-14 14:08:53.637  5517 16864 I qtaguid : Failed write_ctrl(u 82) res=-1 errno=22
07-14 14:08:53.637  5517 16864 I qtaguid : Untagging socket 82 failed errno=-22
07-14 14:08:53.637  5517 16864 W NetworkManagementSocketTagger: untagSocket(82) failed with errno -22
07-14 14:08:53.688   144   200 D ConnectivityService: handleInetConditionChange: no active default network - ignore
07-14 14:08:53.692   262   262 I wpa_supplicant: wlan0: CTRL-EVENT-EAP-PEER-CERT depth=2 subject='/C=US/O=Entrust.net/OU=www.entrust.net/CPS incorp. by ref. (limits liab.)/OU=(c) 1999 Entrust.net Limited/CN=Entrust.net Secure Server Certification Authority'
07-14 14:08:53.692   262   262 I wpa_supplicant: wlan0: CTRL-EVENT-EAP-PEER-CERT depth=2 subject='/C=US/O=Entrust.net/OU=www.entrust.net/CPS incorp. by ref. (limits liab.)/OU=(c) 1999 Entrust.net Limited/CN=Entrust.net Secure Server Certification Authority'
07-14 14:08:53.695   262   262 I wpa_supplicant: wlan0: CTRL-EVENT-EAP-PEER-CERT depth=1 subject='/C=US/ST=UT/L=Salt Lake City/O=The USERTRUST Network/CN=USERTrust Legacy Secure Server CA'
07-14 14:08:53.711   262   262 I wpa_supplicant: wlan0: CTRL-EVENT-EAP-PEER-CERT depth=0 subject='/C=US/postalCode=14260/ST=New York/L=Buffalo/street=305 Computing Center/O=SUNY AT BUFFALO/OU=Office of the President/OU=Issued through UNIVERSITY AT BUFFALO E-PKI Manager/OU=PremiumSSL Legacy/CN=ubsecure.acsu.buffalo.edu'
07-14 14:08:53.879   262   262 I wpa_supplicant: EAP-MSCHAPV2: Authentication succeeded
07-14 14:08:53.883   262   262 I wpa_supplicant: EAP-TLV: TLV Result - Success - EAP-TLV/Phase2 Completed
07-14 14:08:53.887   262   262 I wpa_supplicant: wlan0: CTRL-EVENT-EAP-SUCCESS EAP authentication completed successfully
07-14 14:08:53.918   262   262 I wpa_supplicant: wlan0: WPA: Key negotiation completed with 58:35:d9:38:a1:41 [PTK=CCMP GTK=TKIP]
07-14 14:08:53.918   262   262 I wpa_supplicant: wlan0: CTRL-EVENT-CONNECTED - Connection to 58:35:d9:38:a1:41 completed (reauth) [id=0 id_str=]
07-14 14:08:54.020 15262 15265 D dalvikvm: GC_CONCURRENT freed 792K, 9% free 11397K/12487K, paused 7ms+3ms
07-14 14:08:54.477 15262 15265 D dalvikvm: GC_CONCURRENT freed 625K, 9% free 11449K/12487K, paused 2ms+4ms
07-14 14:08:54.488 11780 11782 D dalvikvm: GC_CONCURRENT freed 751K, 10% free 11007K/12167K, paused 10ms+6ms
07-14 14:08:54.508   144   200 D ConnectivityService: ConnectivityChange for WIFI: CONNECTED/CONNECTED
07-14 14:08:54.524 15783 15783 I PhoneLab-WiFiReceiver: Wi-Fi is connected!
07-14 14:08:54.524 15783 15783 I PhoneLab-WiFiReceiver: SSID: UB_Secure BSSID: 58:35:d9:38:a1:41 RSSI: -200 LinkSpeed: -1
07-14 14:08:54.524 15783 15783 I PhoneLab-Locks: wake lock acquired
07-14 14:08:54.535 15783 15783 I PhoneLab-UploadLogs: Transfering log files now
07-14 14:08:54.535 15783 15783 I PhoneLab-UploadLogs: No log files to transfer
07-14 14:08:54.535 15783 15783 I PhoneLab-Locks: wake lock released
07-14 14:08:54.551 15783 15783 I PhoneLab-UploadLogs: OnStartCommand
07-14 14:08:54.559   144   195 W NetworkStats: dropping UID delta from unknown iface: iface=wlan0 uid=0 set=DEFAULT tag=0x0 rxBytes=1470 rxPackets=1 txBytes=176 txPackets=3 operations=0
07-14 14:08:54.828 15262 15265 D dalvikvm: GC_CONCURRENT freed 658K, 9% free 11471K/12487K, paused 26ms+5ms
07-14 14:08:55.035 15262 15265 D dalvikvm: GC_CONCURRENT freed 667K, 8% free 11501K/12487K, paused 2ms+8ms
07-14 14:08:55.184 15262 16678 D dalvikvm: GC_EXPLICIT freed 78K, 9% free 11472K/12487K, paused 9ms+4ms
07-14 14:08:55.340   144   402 D dalvikvm: GC_EXPLICIT freed 1670K, 23% free 19095K/24711K, paused 9ms+12ms
07-14 14:08:55.508   144   200 D ConnectivityService: NetTransition Wakelock for WifiStateMachine released by timeout
07-14 14:08:56.129 15262 15265 D dalvikvm: GC_CONCURRENT freed 746K, 9% free 11433K/12487K, paused 2ms+3ms
07-14 14:08:56.238   144   204 D Tethering: MasterInitialState.processMessage what=3
07-14 14:08:56.258  5517  5517 I GTalkService/c: [AndroidEndpoint@1094467936] connect: acct=1000000, state=CONNECTING
07-14 14:08:56.328  5517  5517 I GTalkService/c: [GTalkConnection@1094452456] connect: acct=1, state=CONNECTING
07-14 14:08:56.660 15912 15912 I MediaUploader: No need to wake up
07-14 14:08:56.668 15783 15783 I PhoneLab-WiFiReceiver: Wi-Fi is disconnected!
07-14 14:08:56.758   144   402 I ActivityManager: Start proc com.google.android.apps.plus for broadcast com.google.android.apps.plus/com.google.android.picasasync.ConnectivityReceiver: pid=16971 uid=10060 gids={3003, 3002, 1015, 1006}
07-14 14:08:57.067  5517  5521 D dalvikvm: GC_CONCURRENT freed 381K, 5% free 10667K/11143K, paused 53ms+17ms
07-14 14:08:57.203 15262 15265 D dalvikvm: GC_CONCURRENT freed 668K, 9% free 11443K/12487K, paused 75ms+18ms
07-14 14:08:57.281 16971 16972 D dalvikvm: GC_CONCURRENT freed 149K, 3% free 9386K/9607K, paused 68ms+3ms
07-14 14:08:57.481 16971 16971 I ActivityThread: Pub com.google.android.apps.plus.content.ApiProvider: com.google.android.apps.plus.content.EsApiProvider
07-14 14:08:57.539 16971 16971 I ActivityThread: Pub com.google.android.apps.plus.content.EsGooglePhotoProvider: com.google.android.picasasync.PicasaContentProvider
07-14 14:08:57.606   144   204 D Tethering: MasterInitialState.processMessage what=3
07-14 14:08:57.860 16971 16972 D dalvikvm: GC_CONCURRENT freed 336K, 5% free 9580K/9991K, paused 112ms+5ms
07-14 14:08:57.887 16971 16971 I ActivityThread: Pub com.google.android.apps.plus.content.EsPicasaStoreProvider: com.google.android.picasastore.PicasaPhotoContentProvider
07-14 14:08:57.910 16971 16971 I ActivityThread: Pub com.google.plus.platform: com.google.android.apps.plus.content.AdsProvider
07-14 14:08:57.910 16971 16971 I ActivityThread: Pub com.google.android.apps.plus.iu.EsGoogleIuProvider: com.google.android.apps.plus.iu.InstantUploadProvider
07-14 14:08:57.981 16971 16972 D dalvikvm: GC_CONCURRENT freed 472K, 6% free 9637K/10183K, paused 3ms+2ms
07-14 14:08:57.988 16971 16971 I ActivityThread: Pub com.google.android.apps.plus.content.EsProvider: com.google.android.apps.plus.content.EsProvider
07-14 14:08:58.016   144 10051 I ActivityManager: Process com.google.android.youtube (pid 16595) has died.
07-14 14:08:58.168   144   200 D ConnectivityService: handleInetConditionHoldEnd: net=1, condition=100, published condition=0
07-14 14:08:58.176   144   424 I ActivityManager: Start proc com.google.android.youtube for broadcast com.google.android.youtube/.app.prefetch.PrefetchService$DeviceStateReceiver: pid=16994 uid=10057 gids={3003, 1015, 1006}
07-14 14:08:58.383 16971 16993 D PicasaSync: sync account database
07-14 14:08:58.391 16994 16997 D dalvikvm: GC_CONCURRENT freed 144K, 3% free 9356K/9607K, paused 2ms+3ms
07-14 14:08:58.410 16971 16989 D PicasaPhotoCP: set fsid first time:-1
07-14 14:08:58.516 16971 16972 D dalvikvm: GC_CONCURRENT freed 316K, 4% free 9849K/10247K, paused 51ms+4ms
07-14 14:08:58.602 11780 11782 D dalvikvm: GC_CONCURRENT freed 386K, 8% free 11267K/12167K, paused 2ms+4ms
07-14 14:08:58.664 16994 16994 I ActivityThread: Pub com.google.android.youtube.SuggestionProvider: com.google.android.youtube.core.suggest.SuggestionProvider
07-14 14:08:58.965 16971 16993 D PicasaSync: accounts in DB=1
07-14 14:08:58.977 16971 16993 D PicasaSyncManager: active network: NetworkInfo: type: WIFI[], state: CONNECTED/CONNECTED, reason: (unspecified), extra: (none), roaming: false, failover: false, isAvailable: true
07-14 14:08:58.977 16971 16993 D PicasaSyncManager: background data: true
07-14 14:08:59.180 16971 16993 D PicasaSyncManager: battery info: false
07-14 14:08:59.289   144   200 D ConnectivityService: handleInetConditionHoldEnd: net=1, condition=100, published condition=100
07-14 14:08:59.473 16994 16997 D dalvikvm: GC_CONCURRENT freed 314K, 4% free 9606K/9991K, paused 3ms+3ms
07-14 14:08:59.473 16994 17003 W CursorWrapperInner: Cursor finalized without prior close()
07-14 14:08:59.473 16994 17003 W CursorWrapperInner: Cursor finalized without prior close()
07-14 14:08:59.543 16971 16972 D dalvikvm: GC_CONCURRENT freed 187K, 3% free 10088K/10375K, paused 33ms+9ms
07-14 14:08:59.586 16994 16997 D dalvikvm: GC_CONCURRENT freed 394K, 5% free 9782K/10247K, paused 2ms+8ms
07-14 14:08:59.695 16994 16997 D dalvikvm: GC_CONCURRENT freed 358K, 5% free 9946K/10375K, paused 2ms+3ms
07-14 14:08:59.817 16994 16997 D dalvikvm: GC_CONCURRENT freed 433K, 5% free 10062K/10567K, paused 2ms+4ms
07-14 14:08:59.942 22691 22709 D dalvikvm: GC_EXPLICIT freed 300K, 6% free 9612K/10183K, paused 2ms+9ms
07-14 14:08:59.953 16994 16997 D dalvikvm: GC_CONCURRENT freed 381K, 5% free 10243K/10695K, paused 6ms+8ms
07-14 14:09:00.102   144   144 I ActivityManager: Process com.google.android.apps.docs (pid 16642) has died.
07-14 14:09:00.188   144  9084 I ActivityManager: Start proc com.google.android.apps.docs for broadcast com.google.android.apps.docs/.receivers.NetworkChangeReceiver: pid=17035 uid=10077 gids={3003, 1015, 1006}
07-14 14:09:00.375 16971 16972 D dalvikvm: GC_CONCURRENT freed 148K, 3% free 10363K/10631K, paused 4ms+8ms
07-14 14:09:00.477 16994 16997 D dalvikvm: GC_CONCURRENT freed 377K, 5% free 10353K/10823K, paused 4ms+3ms
07-14 14:09:00.625 17035 17035 I PackageInfoHelper: Provided clientMode=RELEASE, packageInfo=PackageInfo{41350320 com.google.android.apps.docs}
07-14 14:09:00.625 17035 17035 I ActivityThread: Pub com.google.android.apps.docs.files: com.google.android.apps.docs.sync.filemanager.FileProvider
07-14 14:09:00.649 17035 17035 I ActivityThread: Pub com.google.android.apps.docs.doclist.search_suggest: com.google.android.apps.docs.doclist.DocListGlobalSearchSuggestionProvider
07-14 14:09:00.844 17035 17038 D dalvikvm: GC_CONCURRENT freed 180K, 4% free 9309K/9607K, paused 1ms+2ms
07-14 14:09:01.160 15262 15265 D dalvikvm: GC_CONCURRENT freed 693K, 9% free 11437K/12487K, paused 1ms+260ms
07-14 14:09:01.211 16971 16972 D dalvikvm: GC_CONCURRENT freed 303K, 5% free 10485K/10951K, paused 286ms+3ms
07-14 14:09:01.235 16971 16990 D dalvikvm: GC_FOR_ALLOC freed 0K, 5% free 10485K/10951K, paused 22ms
07-14 14:09:01.238 16971 16990 I dalvikvm-heap: Grow heap (frag case) to 10.555MB for 260112-byte allocation
07-14 14:09:01.285 16971 16990 D dalvikvm: GC_FOR_ALLOC freed 126K, 6% free 10613K/11207K, paused 24ms
07-14 14:09:01.852   144   156 I ActivityManager: Process com.google.android.talk (pid 16867) has died.
07-14 14:09:01.961 16971 16990 D dalvikvm: GC_FOR_ALLOC freed 313K, 6% free 10606K/11207K, paused 27ms
07-14 14:09:01.988 16971 16990 D dalvikvm: GC_FOR_ALLOC freed 62K, 5% free 10669K/11207K, paused 21ms
07-14 14:09:01.988 16971 16990 I dalvikvm-heap: Grow heap (frag case) to 10.736MB for 260112-byte allocation
07-14 14:09:02.012 16971 16990 D dalvikvm: GC_FOR_ALLOC freed 126K, 6% free 10797K/11463K, paused 21ms
07-14 14:09:02.070 16971 16990 D dalvikvm: GC_FOR_ALLOC freed 307K, 6% free 10789K/11463K, paused 25ms
07-14 14:09:02.098 16971 16990 D dalvikvm: GC_FOR_ALLOC freed 62K, 6% free 10853K/11463K, paused 24ms
07-14 14:09:02.098 16971 16990 I dalvikvm-heap: Grow heap (frag case) to 10.915MB for 260112-byte allocation
07-14 14:09:02.125 16971 16990 D dalvikvm: GC_FOR_ALLOC freed 126K, 7% free 10981K/11719K, paused 21ms
07-14 14:09:02.258 16971 16972 D dalvikvm: GC_CONCURRENT freed 331K, 5% free 11181K/11719K, paused 2ms+3ms
07-14 14:09:02.426 17035 17038 D dalvikvm: GC_CONCURRENT freed 463K, 6% free 9391K/9927K, paused 2ms+3ms
07-14 14:09:02.516 17035 17038 D dalvikvm: GC_CONCURRENT freed 501K, 6% free 9415K/9991K, paused 2ms+3ms
07-14 14:09:02.602 17035 17038 D dalvikvm: GC_CONCURRENT freed 531K, 7% free 9449K/10055K, paused 1ms+3ms
07-14 14:09:02.688 17035 17038 D dalvikvm: GC_CONCURRENT freed 483K, 6% free 9477K/10055K, paused 2ms+2ms
07-14 14:09:02.789 17035 17038 D dalvikvm: GC_CONCURRENT freed 529K, 6% free 9515K/10119K, paused 2ms+4ms
07-14 14:09:02.848   344   344 D SAN_SERVICE: *******************************************
07-14 14:09:02.848   344   344 D SAN_SERVICE: DM App Phone Service State - 0
07-14 14:09:02.848   344   344 D SAN_SERVICE: *******************************************
07-14 14:09:02.985 17035 17038 D dalvikvm: GC_CONCURRENT freed 356K, 5% free 9635K/10119K, paused 2ms+3ms
07-14 14:09:03.113 17035 17035 D ContextScopeImpl: in ContextScope.getContextOrDefault for thread=1
07-14 14:09:03.129 17035 17035 D ContextScopeImpl: returning application context for thread=1
07-14 14:09:03.129 17035 17038 D dalvikvm: GC_CONCURRENT freed 407K, 5% free 9757K/10247K, paused 2ms+8ms
07-14 14:09:03.145 17035 17035 I FeatureCheckerImpl: Configured disabled features: []
07-14 14:09:03.145 17035 17035 D ContextScopeImpl: in ContextScope.getContextOrDefault for thread=1
07-14 14:09:03.145 17035 17035 D ContextScopeImpl: returning application context for thread=1
07-14 14:09:03.160 17035 17035 D ContextScopeImpl: in ContextScope.enter for thread=1
07-14 14:09:03.160 17035 17035 W ContextScopeImpl: thread=1 tried to enter the scope of the application context. Ignored.
07-14 14:09:03.160 17035 17035 D ContextScopeImpl: in ContextScope.getContextOrDefault for thread=1
07-14 14:09:03.160 17035 17035 D ContextScopeImpl: returning application context for thread=1
07-14 14:09:03.160 17035 17035 D DocListDatabase: openHelper points on new database: DocList.db
07-14 14:09:03.160 17035 17035 D DocListDatabase: in openWriteDatabase
07-14 14:09:03.176 17035 17035 I ActivityThread: Pub com.google.android.apps.docs.doclist.account_suggest: com.google.android.apps.docs.doclist.DocListAccountSuggestionProvider
07-14 14:09:03.176 17035 17035 D ContextScopeImpl: in ContextScope.enter for thread=1
07-14 14:09:03.176 17035 17035 W ContextScopeImpl: thread=1 tried to enter the scope of the application context. Ignored.
07-14 14:09:03.176 17035 17035 I ActivityThread: Pub com.google.android.apps.docs: com.google.android.apps.docs.providers.DocListProvider
07-14 14:09:03.180 17035 17035 D ContextScopeImpl: in ContextScope.enter for thread=1
07-14 14:09:03.180 17035 17035 W ContextScopeImpl: thread=1 tried to enter the scope of the application context. Ignored.
07-14 14:09:03.184 17035 17035 W ContextScopeImpl: thread=1 tried to enter the scope of the application context. Ignored.
07-14 14:09:03.195 17035 17053 W ContextScopeImpl: thread=11667 tried to enter the scope of the application context. Ignored.
07-14 14:09:03.238 17035 17035 W ContextScopeImpl: thread=1 tried to enter the scope of the application context. Ignored.
07-14 14:09:03.399 16994 16997 D dalvikvm: GC_CONCURRENT freed 316K, 5% free 10447K/10887K, paused 49ms+29ms
07-14 14:09:03.457 11780 11782 D dalvikvm: GC_CONCURRENT freed 931K, 10% free 10997K/12167K, paused 6ms+8ms
07-14 14:09:03.590  5517  5551 D dalvikvm: GC_EXPLICIT freed 432K, 6% free 10636K/11207K, paused 69ms+17ms
07-14 14:09:03.645 15912 15912 I MediaUploader: No need to wake up
07-14 14:09:03.742 17035 17035 W ContextScopeImpl: thread=1 tried to enter the scope of the application context. Ignored.
07-14 14:09:03.832 16971 16993 D PicasaSyncManager: active network: NetworkInfo: type: WIFI[], state: CONNECTED/CONNECTED, reason: (unspecified), extra: (none), roaming: false, failover: false, isAvailable: true
07-14 14:09:03.836 16971 16993 D PicasaSyncManager: background data: true
07-14 14:09:03.953 16971 16972 D dalvikvm: GC_CONCURRENT freed 141K, 3% free 11654K/11911K, paused 6ms+3ms
07-14 14:09:04.028   344   347 D dalvikvm: GC_CONCURRENT freed 879K, 15% free 12018K/14087K, paused 3ms+3ms
07-14 14:09:04.301 16971 16990 D dalvikvm: GC_FOR_ALLOC freed 350K, 4% free 12021K/12487K, paused 101ms
07-14 14:09:04.336   144   161 I ActivityManager: Start proc com.google.android.talk for broadcast com.google.android.talk/.ConnectionStateOnlineReceiver: pid=17061 uid=10045 gids={3003, 1015, 1006, 3002}
07-14 14:09:04.481 17061 17061 I ActivityThread: Pub com.google.android.talk.SuggestionProvider: com.google.android.talk.SuggestionsProvider
07-14 14:09:04.723 17061 17061 D vclib:CallStateClient: startListening
07-14 14:09:04.856 17061 17064 D dalvikvm: GC_CONCURRENT freed 165K, 3% free 9368K/9607K, paused 32ms+2ms
07-14 14:09:04.879 16971 16972 D dalvikvm: GC_CONCURRENT freed 377K, 4% free 12590K/13063K, paused 2ms+3ms
07-14 14:09:05.574   144   380 I ActivityManager: Process com.google.android.apps.maps:LocationFriendService (pid 16911) has died.
07-14 14:09:06.645   144  9303 D dalvikvm: GC_EXPLICIT freed 1616K, 23% free 19098K/24711K, paused 66ms+13ms
07-14 14:09:06.969   144   380 I ActivityManager: Process com.google.android.apps.plus (pid 16971) has died.
07-14 14:09:07.082   144   200 D ConnectivityService: ConnectivityChange for mobile: CONNECTED/CONNECTED
07-14 14:09:07.102   144   200 D ConnectivityService: ConnectivityChange for mobile: DISCONNECTED/DISCONNECTED
07-14 14:09:07.102   144   200 D ConnectivityService: Attempting to switch to WIFI
07-14 14:09:07.102   144   200 D ConnectivityService: Attempting to switch to WIMAX
07-14 14:09:07.106   144   200 D NetUtils: android_net_utils_resetConnections in env=0x13390c8 clazz=0xf9f00001 iface=rmnet0 mask=0x3
07-14 14:09:07.106   144   200 D ConnectivityService: Attempting to switch to BLUETOOTH_TETHER
07-14 14:09:07.106   144   200 D ConnectivityService: resetConnections(rmnet0, 3)
07-14 14:09:07.617 16839 17084 E MediaScannerService: Exception in handleMessage
07-14 14:09:07.617 16839 17084 E MediaScannerService: android.os.DeadObjectException
07-14 14:09:07.617 16839 17084 E MediaScannerService: 	at android.os.BinderProxy.transact(Native Method)
07-14 14:09:07.617 16839 17084 E MediaScannerService: 	at android.media.IMediaScannerListener$Stub$Proxy.scanCompleted(IMediaScannerListener.java:100)
07-14 14:09:07.617 16839 17084 E MediaScannerService: 	at com.android.providers.media.MediaScannerService$ServiceHandler.handleMessage(MediaScannerService.java:241)
07-14 14:09:07.617 16839 17084 E MediaScannerService: 	at android.os.Handler.dispatchMessage(Handler.java:99)
07-14 14:09:07.617 16839 17084 E MediaScannerService: 	at android.os.Looper.loop(Looper.java:137)
07-14 14:09:07.617 16839 17084 E MediaScannerService: 	at com.android.providers.media.MediaScannerService.run(MediaScannerService.java:183)
07-14 14:09:07.617 16839 17084 E MediaScannerService: 	at java.lang.Thread.run(Thread.java:856)
07-14 14:09:07.797 11780 11782 D dalvikvm: GC_CONCURRENT freed 395K, 8% free 11235K/12167K, paused 2ms+4ms
07-14 14:09:07.910 11780 16435 D dalvikvm: GC_FOR_ALLOC freed 385K, 9% free 11130K/12167K, paused 69ms
07-14 14:09:07.926 15262 15265 D dalvikvm: GC_CONCURRENT freed 669K, 9% free 11445K/12487K, paused 3ms+7ms
07-14 14:09:08.153 15262 15265 D dalvikvm: GC_CONCURRENT freed 659K, 9% free 11467K/12487K, paused 2ms+3ms
07-14 14:09:08.340 15262 15265 D dalvikvm: GC_CONCURRENT freed 652K, 8% free 11506K/12487K, paused 2ms+2ms
07-14 14:09:09.703 15783 15796 I PhoneLab-: Service Running
07-14 14:09:09.735   144  9303 I ActivityManager: Start proc com.google.android.apps.maps:LocationFriendService for service com.google.android.apps.maps/com.google.googlenav.friend.reporting.LocationReceiverService: pid=17087 uid=10056 gids={3003, 1015}
07-14 14:09:09.922 17087 17090 D dalvikvm: GC_CONCURRENT freed 163K, 3% free 9373K/9607K, paused 10ms+3ms
07-14 14:09:10.012 15783 15796 I PhoneLab-LoggerService: app_37    1373  1     1440   988   c00f181c 400107b4 S logcat
07-14 14:09:10.016 15783 15796 I PhoneLab-LoggerService: Logcat pid from database 1373
07-14 14:09:10.016 15783 15796 I PhoneLab-LoggerService: Logcat process found 1373
07-14 14:09:10.016 15783 15796 I PhoneLab-LoggerService: Checking Threshold
07-14 14:09:10.016 15783 15796 I PhoneLab-LoggerService: Starting to rename files
07-14 14:09:10.016 15783 15796 I PhoneLab-LoggerService: Files found .. 2
07-14 14:09:10.020 15783 15796 I PhoneLab-LoggerService: File 1 log.out.1
07-14 14:09:10.110 15783 15796 I PhoneLab-LoggerService: Renamed successfully
07-14 14:09:10.160   144   204 D Tethering: MasterInitialState.processMessage what=3
07-14 14:09:10.207   144   204 D Tethering: MasterInitialState.processMessage what=3
07-14 14:09:10.324 17087 17090 D dalvikvm: GC_CONCURRENT freed 131K, 3% free 9672K/9927K, paused 2ms+2ms
07-14 14:09:10.442 15912 15912 I MediaUploader: No need to wake up
07-14 14:09:10.551   144   403 I ActivityManager: Start proc com.google.android.apps.plus for broadcast com.google.android.apps.plus/com.google.android.picasasync.ConnectivityReceiver: pid=17106 uid=10060 gids={3003, 3002, 1015, 1006}
07-14 14:09:10.707   144   200 D ConnectivityService: handleInetConditionHoldEnd: net=1, condition=100, published condition=100
07-14 14:09:10.903 17087 17090 D dalvikvm: GC_CONCURRENT freed 303K, 5% free 9836K/10247K, paused 10ms+8ms
07-14 14:09:11.016 17106 17109 D dalvikvm: GC_CONCURRENT freed 162K, 3% free 9374K/9607K, paused 4ms+2ms
07-14 14:09:11.121   144  7984 I ActivityManager: Process com.google.android.youtube (pid 16994) has died.
07-14 14:09:11.192 17087 17094 I dalvikvm: Total arena pages for JIT: 11
07-14 14:09:11.192 17087 17094 I dalvikvm: Total arena pages for JIT: 12
07-14 14:09:11.195 17087 17094 I dalvikvm: Total arena pages for JIT: 13
07-14 14:09:11.199 17087 17094 I dalvikvm: Total arena pages for JIT: 14
07-14 14:09:11.199 17087 17094 I dalvikvm: Total arena pages for JIT: 15
07-14 14:09:11.199 17106 17106 I ActivityThread: Pub com.google.android.apps.plus.content.ApiProvider: com.google.android.apps.plus.content.EsApiProvider
07-14 14:09:11.199 17087 17094 I dalvikvm: Total arena pages for JIT: 16
07-14 14:09:11.199 17087 17094 I dalvikvm: Total arena pages for JIT: 17
07-14 14:09:11.231 17106 17106 I ActivityThread: Pub com.google.android.apps.plus.content.EsGooglePhotoProvider: com.google.android.picasasync.PicasaContentProvider
07-14 14:09:11.344 17106 17109 D dalvikvm: GC_CONCURRENT freed 336K, 5% free 9580K/9991K, paused 2ms+2ms
07-14 14:09:11.367 17106 17106 I ActivityThread: Pub com.google.android.apps.plus.content.EsPicasaStoreProvider: com.google.android.picasastore.PicasaPhotoContentProvider
07-14 14:09:11.379 17106 17106 I ActivityThread: Pub com.google.plus.platform: com.google.android.apps.plus.content.AdsProvider
07-14 14:09:11.383 17106 17106 I ActivityThread: Pub com.google.android.apps.plus.iu.EsGoogleIuProvider: com.google.android.apps.plus.iu.InstantUploadProvider
07-14 14:09:11.438 17106 17109 D dalvikvm: GC_CONCURRENT freed 501K, 6% free 9608K/10183K, paused 2ms+2ms
07-14 14:09:11.445 17106 17106 I ActivityThread: Pub com.google.android.apps.plus.content.EsProvider: com.google.android.apps.plus.content.EsProvider
07-14 14:09:11.543   144   424 I ActivityManager: Start proc com.google.android.youtube for broadcast com.google.android.youtube/.app.prefetch.PrefetchService$DeviceStateReceiver: pid=17128 uid=10057 gids={3003, 1015, 1006}
07-14 14:09:11.731 17128 17131 D dalvikvm: GC_CONCURRENT freed 164K, 3% free 9358K/9607K, paused 2ms+3ms
07-14 14:09:11.774 17128 17128 I ActivityThread: Pub com.google.android.youtube.SuggestionProvider: com.google.android.youtube.core.suggest.SuggestionProvider
07-14 14:09:11.801 17106 17129 D PicasaSync: sync account database
07-14 14:09:11.988  5517  5521 D dalvikvm: GC_CONCURRENT freed 443K, 5% free 10648K/11207K, paused 6ms+4ms
07-14 14:09:12.113 17087 17090 D dalvikvm: GC_CONCURRENT freed 343K, 5% free 9977K/10439K, paused 3ms+30ms
07-14 14:09:12.246 11780 11782 D dalvikvm: GC_CONCURRENT freed 828K, 11% free 10920K/12167K, paused 2ms+4ms
07-14 14:09:12.285 17106 17109 D dalvikvm: GC_CONCURRENT freed 314K, 5% free 9836K/10247K, paused 20ms+10ms
07-14 14:09:12.285 17106 17123 D PicasaPhotoCP: set fsid first time:-1
07-14 14:09:12.387 17106 17129 D PicasaSync: accounts in DB=1
07-14 14:09:12.395 17106 17129 D PicasaSyncManager: active network: NetworkInfo: type: WIFI[], state: CONNECTED/CONNECTED, reason: (unspecified), extra: (none), roaming: false, failover: false, isAvailable: true
07-14 14:09:12.395 17106 17129 D PicasaSyncManager: background data: true
07-14 14:09:12.426 17128 17131 D dalvikvm: GC_CONCURRENT freed 327K, 5% free 9513K/9927K, paused 2ms+2ms
07-14 14:09:12.426 17128 17138 W CursorWrapperInner: Cursor finalized without prior close()
07-14 14:09:12.426 17128 17138 W CursorWrapperInner: Cursor finalized without prior close()
07-14 14:09:12.528 17128 17131 D dalvikvm: GC_CONCURRENT freed 300K, 4% free 9748K/10119K, paused 2ms+4ms
07-14 14:09:12.625 17106 17129 D PicasaSyncManager: battery info: false
07-14 14:09:12.668 17128 17131 D dalvikvm: GC_CONCURRENT freed 407K, 5% free 9897K/10375K, paused 2ms+5ms
07-14 14:09:12.801 17128 17131 D dalvikvm: GC_CONCURRENT freed 389K, 5% free 10043K/10503K, paused 2ms+4ms
07-14 14:09:12.801   344   344 D SAN_SERVICE: *******************************************
07-14 14:09:12.801   344   344 D SAN_SERVICE: DM App Phone Service State - 0
07-14 14:09:12.801   344   344 D SAN_SERVICE: *******************************************
07-14 14:09:12.891 17128 17131 D dalvikvm: GC_CONCURRENT freed 341K, 4% free 10219K/10631K, paused 2ms+4ms
07-14 14:09:13.012   344   344 D SAN_SERVICE: *******************************************
07-14 14:09:13.012   344   344 D SAN_SERVICE: DM App Phone Service State - 0
07-14 14:09:13.012   344   344 D SAN_SERVICE: *******************************************
07-14 14:09:13.047 17128 17131 D dalvikvm: GC_CONCURRENT freed 396K, 5% free 10275K/10759K, paused 3ms+2ms
07-14 14:09:13.176 17106 17109 D dalvikvm: GC_CONCURRENT freed 169K, 3% free 10086K/10375K, paused 22ms+3ms
07-14 14:09:13.356 17106 17109 D dalvikvm: GC_CONCURRENT freed 143K, 3% free 10364K/10631K, paused 3ms+3ms
07-14 14:09:13.399 17035 17035 W ContextScopeImpl: thread=1 tried to enter the scope of the application context. Ignored.
07-14 14:09:13.465   144   144 I ActivityManager: Process android.process.acore (pid 16883) has died.
07-14 14:09:13.770 15912 15912 I MediaUploader: No need to wake up
07-14 14:09:13.809 17106 17109 D dalvikvm: GC_CONCURRENT freed 303K, 5% free 10486K/10951K, paused 78ms+7ms
07-14 14:09:13.883 17035 17035 W ContextScopeImpl: thread=1 tried to enter the scope of the application context. Ignored.
07-14 14:09:13.918 17106 17129 D PicasaSyncManager: active network: NetworkInfo: type: WIFI[], state: CONNECTED/CONNECTED, reason: (unspecified), extra: (none), roaming: false, failover: false, isAvailable: true
07-14 14:09:13.922 17106 17129 D PicasaSyncManager: background data: true
07-14 14:09:13.992 15912 15914 D dalvikvm: GC_CONCURRENT freed 381K, 6% free 9091K/9607K, paused 91ms+2ms
07-14 14:09:14.063 17106 17124 D dalvikvm: GC_FOR_ALLOC freed 17K, 5% free 10485K/10951K, paused 23ms
07-14 14:09:14.067 17106 17124 I dalvikvm-heap: Grow heap (frag case) to 10.555MB for 260112-byte allocation
07-14 14:09:14.098 17128 17131 D dalvikvm: GC_CONCURRENT freed 309K, 4% free 10416K/10823K, paused 5ms+4ms
07-14 14:09:14.137 17106 17124 D dalvikvm: GC_FOR_ALLOC freed 126K, 6% free 10612K/11207K, paused 22ms
07-14 14:09:14.172 17106 17124 D dalvikvm: GC_FOR_ALLOC freed 311K, 6% free 10605K/11207K, paused 21ms
07-14 14:09:14.199 17106 17124 D dalvikvm: GC_FOR_ALLOC freed 62K, 5% free 10669K/11207K, paused 22ms
07-14 14:09:14.203 17106 17124 I dalvikvm-heap: Grow heap (frag case) to 10.735MB for 260112-byte allocation
07-14 14:09:14.235 17106 17124 D dalvikvm: GC_FOR_ALLOC freed 126K, 6% free 10797K/11463K, paused 22ms
07-14 14:09:14.235 17106 17124 I dalvikvm-heap: Grow heap (frag case) to 10.791MB for 187461-byte allocation
07-14 14:09:14.258 17106 17124 D dalvikvm: GC_FOR_ALLOC freed 255K, 8% free 10725K/11655K, paused 22ms
07-14 14:09:14.324 16839 16841 D dalvikvm: GC_CONCURRENT freed 317K, 5% free 9291K/9735K, paused 31ms+8ms
07-14 14:09:14.414 17106 17109 D dalvikvm: GC_CONCURRENT freed 240K, 6% free 10980K/11655K, paused 1ms+20ms
07-14 14:09:14.438 17106 17124 D dalvikvm: GC_FOR_ALLOC freed <1K, 6% free 10980K/11655K, paused 21ms
07-14 14:09:14.442 17106 17124 I dalvikvm-heap: Grow heap (frag case) to 10.970MB for 187461-byte allocation
07-14 14:09:14.496 17106 17124 D dalvikvm: GC_FOR_ALLOC freed 255K, 8% free 10908K/11847K, paused 23ms
07-14 14:09:14.789 17106 17109 D dalvikvm: GC_CONCURRENT freed 110K, 5% free 11313K/11847K, paused 8ms+3ms
07-14 14:09:15.016 17106 17109 D dalvikvm: GC_CONCURRENT freed 142K, 3% free 11848K/12103K, paused 3ms+3ms
07-14 14:09:15.278   144   147 D dalvikvm: GC_CONCURRENT freed 1952K, 23% free 19069K/24711K, paused 13ms+9ms
07-14 14:09:15.414 17106 17109 D dalvikvm: GC_CONCURRENT freed 549K, 6% free 12138K/12807K, paused 2ms+2ms
07-14 14:09:15.695 17106 17109 D dalvikvm: GC_CONCURRENT freed 211K, 3% free 12891K/13191K, paused 3ms+3ms
07-14 14:09:16.399 15262 15265 D dalvikvm: GC_CONCURRENT freed 783K, 9% free 11422K/12487K, paused 18ms+5ms
07-14 14:09:17.125 15262 15265 D dalvikvm: GC_CONCURRENT freed 625K, 9% free 11469K/12487K, paused 12ms+3ms
07-14 14:09:17.434   144 30930 D dalvikvm: GC_EXPLICIT freed 250K, 24% free 18984K/24711K, paused 3ms+9ms
07-14 14:09:17.629 11780 11782 D dalvikvm: GC_CONCURRENT freed 310K, 8% free 11237K/12167K, paused 17ms+4ms
07-14 14:09:17.731 11780 16435 D dalvikvm: GC_FOR_ALLOC freed 406K, 9% free 11144K/12167K, paused 31ms
07-14 14:09:18.586 15262 15265 D dalvikvm: GC_CONCURRENT freed 665K, 8% free 11504K/12487K, paused 2ms+3ms
07-14 14:09:18.750 15262 15265 D dalvikvm: GC_CONCURRENT freed 655K, 8% free 11550K/12487K, paused 2ms+4ms
07-14 14:09:18.942 15262 15265 D dalvikvm: GC_CONCURRENT freed 687K, 8% free 11578K/12487K, paused 2ms+3ms
07-14 14:09:19.117 15262 15265 D dalvikvm: GC_CONCURRENT freed 729K, 7% free 11624K/12487K, paused 2ms+3ms
07-14 14:09:19.477 15262 15265 D dalvikvm: GC_CONCURRENT freed 738K, 7% free 11679K/12551K, paused 3ms+3ms
07-14 14:09:19.930 15262 15265 D dalvikvm: GC_CONCURRENT freed 598K, 6% free 11883K/12615K, paused 4ms+5ms
07-14 14:09:21.938 15262 15265 D dalvikvm: GC_CONCURRENT freed 1242K, 11% free 11502K/12871K, paused 2ms+3ms
07-14 14:09:22.106 15262 15265 D dalvikvm: GC_CONCURRENT freed 630K, 11% free 11573K/12871K, paused 3ms+3ms
07-14 14:09:22.278 15262 15265 D dalvikvm: GC_CONCURRENT freed 686K, 10% free 11614K/12871K, paused 1ms+6ms
07-14 14:09:22.445 15262 15265 D dalvikvm: GC_CONCURRENT freed 707K, 10% free 11648K/12871K, paused 2ms+3ms
07-14 14:09:22.637 15262 15265 D dalvikvm: GC_CONCURRENT freed 717K, 10% free 11686K/12871K, paused 2ms+5ms
07-14 14:09:22.965   144   403 D dalvikvm: GC_EXPLICIT freed 410K, 24% free 19012K/24711K, paused 4ms+9ms
07-14 14:09:23.110 15262 15265 D dalvikvm: GC_CONCURRENT freed 696K, 9% free 11751K/12871K, paused 7ms+3ms
07-14 14:09:23.133 11780 11782 D dalvikvm: GC_CONCURRENT freed 705K, 10% free 11026K/12167K, paused 2ms+14ms
07-14 14:09:23.348   344   344 D SAN_SERVICE: *******************************************
07-14 14:09:23.348   344   344 D SAN_SERVICE: DM App Phone Service State - 0
07-14 14:09:23.348   344   344 D SAN_SERVICE: *******************************************
07-14 14:09:23.469   344   344 D SAN_SERVICE: *******************************************
07-14 14:09:23.469   344   344 D SAN_SERVICE: DM App Phone Service State - 0
07-14 14:09:23.469   344   344 D SAN_SERVICE: *******************************************
07-14 14:09:23.570 15262 16678 D dalvikvm: GC_EXPLICIT freed 462K, 8% free 11931K/12871K, paused 3ms+5ms
07-14 14:09:25.332 15262 15265 D dalvikvm: GC_CONCURRENT freed 1289K, 11% free 11551K/12935K, paused 2ms+3ms
07-14 14:09:25.645 15262 16678 D dalvikvm: GC_FOR_ALLOC freed 465K, 11% free 11544K/12935K, paused 28ms
07-14 14:09:25.680 15262 16678 D dalvikvm: GC_FOR_ALLOC freed 38K, 11% free 11570K/12935K, paused 27ms
07-14 14:09:25.680 15262 16678 I dalvikvm-heap: Grow heap (frag case) to 11.493MB for 129878-byte allocation
07-14 14:09:25.711 15262 16678 D dalvikvm: GC_FOR_ALLOC freed 63K, 11% free 11634K/13063K, paused 27ms
07-14 14:09:25.742 15262 16678 D dalvikvm: GC_FOR_ALLOC freed 4K, 11% free 11630K/13063K, paused 27ms
07-14 14:09:25.742 15262 16678 I dalvikvm-heap: Grow heap (frag case) to 11.510MB for 87925-byte allocation
07-14 14:09:25.770 15262 16678 D dalvikvm: GC_FOR_ALLOC freed 126K, 13% free 11589K/13191K, paused 28ms
07-14 14:09:25.985 15262 16678 W Closeables: IOException thrown while closing Closeable.
07-14 14:09:25.985 15262 16678 W Closeables: java.io.IOException: Unable to skip, connection probably dead
07-14 14:09:25.985 15262 16678 W Closeables: 	at com.google.apps.dots.android.app.util.LimitedInputStream.close(LimitedInputStream.java:78)
07-14 14:09:25.985 15262 16678 W Closeables: 	at java.io.FilterInputStream.close(FilterInputStream.java:64)
07-14 14:09:25.985 15262 16678 W Closeables: 	at java.util.zip.InflaterInputStream.close(InflaterInputStream.java:256)
07-14 14:09:25.985 15262 16678 W Closeables: 	at java.util.zip.GZIPInputStream.close(GZIPInputStream.java:148)
07-14 14:09:25.985 15262 16678 W Closeables: 	at com.google.common.io.Closeables.close(Closeables.java:80)
07-14 14:09:25.985 15262 16678 W Closeables: 	at com.google.common.io.Closeables.closeQuietly(Closeables.java:99)
07-14 14:09:25.985 15262 16678 W Closeables: 	at com.google.apps.dots.android.app.sync.ItemGroupNode$InsertItemNode.syncSelf(ItemGroupNode.java:86)
07-14 14:09:25.985 15262 16678 W Closeables: 	at com.google.apps.dots.android.app.sync.BaseSyncNode.syncSelfInternal(BaseSyncNode.java:122)
07-14 14:09:25.985 15262 16678 W Closeables: 	at com.google.apps.dots.android.app.sync.BaseSyncNode.sync(BaseSyncNode.java:105)
07-14 14:09:25.985 15262 16678 W Closeables: 	at com.google.apps.dots.android.app.sync.BaseSyncNode.syncNextChild(BaseSyncNode.java:202)
07-14 14:09:25.985 15262 16678 W Closeables: 	at com.google.apps.dots.android.app.sync.BaseSyncNode.sync(BaseSyncNode.java:108)
07-14 14:09:25.985 15262 16678 W Closeables: 	at com.google.apps.dots.android.app.sync.BaseSyncNode.syncNextChild(BaseSyncNode.java:202)
07-14 14:09:25.985 15262 16678 W Closeables: 	at com.google.apps.dots.android.app.sync.BaseSyncNode.sync(BaseSyncNode.java:108)
07-14 14:09:25.985 15262 16678 W Closeables: 	at com.google.apps.dots.android.app.sync.BaseSyncNode.syncNextChild(BaseSyncNode.java:202)
07-14 14:09:25.985 15262 16678 W Closeables: 	at com.google.apps.dots.android.app.sync.BaseSyncNode.sync(BaseSyncNode.java:108)
07-14 14:09:25.985 15262 16678 W Closeables: 	at com.google.apps.dots.android.app.sync.BaseSyncNode.syncNextChild(BaseSyncNode.java:202)
07-14 14:09:25.985 15262 16678 W Closeables: 	at com.google.apps.dots.android.app.sync.BaseSyncNode.sync(BaseSyncNode.java:108)
07-14 14:09:25.985 15262 16678 W Closeables: 	at com.google.apps.dots.android.app.sync.BaseSyncNode.syncNextChild(BaseSyncNode.java:202)
07-14 14:09:25.985 15262 16678 W Closeables: 	at com.google.apps.dots.android.app.sync.BaseSyncNode.sync(BaseSyncNode.java:108)
07-14 14:09:25.985 15262 16678 W Closeables: 	at com.google.apps.dots.android.app.sync.BaseSyncNode.syncNextChild(BaseSyncNode.java:202)
07-14 14:09:25.985 15262 16678 W Closeables: 	at com.google.apps.dots.android.app.sync.BaseSyncNode.sync(BaseSyncNode.java:108)
07-14 14:09:25.985 15262 16678 W Closeables: 	at com.google.apps.dots.android.app.sync.BaseSyncNode.syncNextChild(BaseSyncNode.java:202)
07-14 14:09:25.985 15262 16678 W Closeables: 	at com.google.apps.dots.android.app.sync.BaseSyncNode.sync(BaseSyncNode.java:108)
07-14 14:09:25.985 15262 16678 W Closeables: 	at com.google.apps.dots.android.app.sync.BaseSyncNode.syncNextChild(BaseSyncNode.java:202)
07-14 14:09:25.985 15262 16678 W Closeables: 	at com.google.apps.dots.android.app.sync.BaseSyncNode.sync(BaseSyncNode.java:108)
07-14 14:09:25.985 15262 16678 W Closeables: 	at com.google.apps.dots.android.app.sync.BaseSyncNode.syncNextChild(BaseSyncNode.java:202)
07-14 14:09:25.985 15262 16678 W Closeables: 	at com.google.apps.dots.android.app.sync.BaseSyncNode.sync(BaseSyncNode.java:108)
07-14 14:09:25.985 15262 16678 W Closeables: 	at com.google.apps.dots.android.app.sync.SyncNodeProcessor.syncNextNode(SyncNodeProcessor.java:34)
07-14 14:09:25.985 15262 16678 W Closeables: 	at com.google.apps.dots.android.app.sync.SyncProcessorQueue.process(SyncProcessorQueue.java:138)
07-14 14:09:25.985 15262 16678 W Closeables: 	at com.google.apps.dots.android.app.sync.SyncProcessorQueue.process(SyncProcessorQueue.java:118)
07-14 14:09:25.985 15262 16678 W Closeables: 	at com.google.apps.dots.android.app.sync.SyncProcessorQueue.access$200(SyncProcessorQueue.java:35)
07-14 14:09:25.985 15262 16678 W Closeables: 	at com.google.apps.dots.android.app.sync.SyncProcessorQueue$Processor.run(SyncProcessorQueue.java:241)
07-14 14:09:25.985 15262 16678 W Closeables: 	at java.util.concurrent.Executors$RunnableAdapter.call(Executors.java:442)
07-14 14:09:25.985 15262 16678 W Closeables: 	at java.util.concurrent.FutureTask$Sync.innerRun(FutureTask.java:305)
07-14 14:09:25.985 15262 16678 W Closeables: 	at java.util.concurrent.FutureTask.run(FutureTask.java:137)
07-14 14:09:25.985 15262 16678 W Closeables: 	at java.util.concurrent.ThreadPoolExecutor.runWorker(ThreadPoolExecutor.java:1076)
07-14 14:09:25.985 15262 16678 W Closeables: 	at java.util.concurrent.ThreadPoolExecutor$Worker.run(ThreadPoolExecutor.java:569)
07-14 14:09:25.985 15262 16678 W Closeables: 	at java.lang.Thread.run(Thread.java:856)
07-14 14:09:26.020 15262 16678 W SyncProcessorQueue: Caught a fatal sync exception
07-14 14:09:26.020 15262 16678 W SyncProcessorQueue: com.google.apps.dots.android.app.sync.SyncException: Failed to parse post result
07-14 14:09:26.020 15262 16678 W SyncProcessorQueue: 	at com.google.apps.dots.android.app.sync.PostItemGroupNode.processInsert(PostItemGroupNode.java:89)
07-14 14:09:26.020 15262 16678 W SyncProcessorQueue: 	at com.google.apps.dots.android.app.sync.ItemGroupNode$InsertItemNode.syncSelf(ItemGroupNode.java:84)
07-14 14:09:26.020 15262 16678 W SyncProcessorQueue: 	at com.google.apps.dots.android.app.sync.BaseSyncNode.syncSelfInternal(BaseSyncNode.java:122)
07-14 14:09:26.020 15262 16678 W SyncProcessorQueue: 	at com.google.apps.dots.android.app.sync.BaseSyncNode.sync(BaseSyncNode.java:105)
07-14 14:09:26.020 15262 16678 W SyncProcessorQueue: 	at com.google.apps.dots.android.app.sync.BaseSyncNode.syncNextChild(BaseSyncNode.java:202)
07-14 14:09:26.020 15262 16678 W SyncProcessorQueue: 	at com.google.apps.dots.android.app.sync.BaseSyncNode.sync(BaseSyncNode.java:108)
07-14 14:09:26.020 15262 16678 W SyncProcessorQueue: 	at com.google.apps.dots.android.app.sync.BaseSyncNode.syncNextChild(BaseSyncNode.java:202)
07-14 14:09:26.020 15262 16678 W SyncProcessorQueue: 	at com.google.apps.dots.android.app.sync.BaseSyncNode.sync(BaseSyncNode.java:108)
07-14 14:09:26.020 15262 16678 W SyncProcessorQueue: 	at com.google.apps.dots.android.app.sync.BaseSyncNode.syncNextChild(BaseSyncNode.java:202)
07-14 14:09:26.020 15262 16678 W SyncProcessorQueue: 	at com.google.apps.dots.android.app.sync.BaseSyncNode.sync(BaseSyncNode.java:108)
07-14 14:09:26.020 15262 16678 W SyncProcessorQueue: 	at com.google.apps.dots.android.app.sync.BaseSyncNode.syncNextChild(BaseSyncNode.java:202)
07-14 14:09:26.020 15262 16678 W SyncProcessorQueue: 	at com.google.apps.dots.android.app.sync.BaseSyncNode.sync(BaseSyncNode.java:108)
07-14 14:09:26.020 15262 16678 W SyncProcessorQueue: 	at com.google.apps.dots.android.app.sync.BaseSyncNode.syncNextChild(BaseSyncNode.java:202)
07-14 14:09:26.020 15262 16678 W SyncProcessorQueue: 	at com.google.apps.dots.android.app.sync.BaseSyncNode.sync(BaseSyncNode.java:108)
07-14 14:09:26.020 15262 16678 W SyncProcessorQueue: 	at com.google.apps.dots.android.app.sync.BaseSyncNode.syncNextChild(BaseSyncNode.java:202)
07-14 14:09:26.020 15262 16678 W SyncProcessorQueue: 	at com.google.apps.dots.android.app.sync.BaseSyncNode.sync(BaseSyncNode.java:108)
07-14 14:09:26.020 15262 16678 W SyncProcessorQueue: 	at com.google.apps.dots.android.app.sync.BaseSyncNode.syncNextChild(BaseSyncNode.java:202)
07-14 14:09:26.020 15262 16678 W SyncProcessorQueue: 	at com.google.apps.dots.android.app.sync.BaseSyncNode.sync(BaseSyncNode.java:108)
07-14 14:09:26.020 15262 16678 W SyncProcessorQueue: 	at com.google.apps.dots.android.app.sync.BaseSyncNode.syncNextChild(BaseSyncNode.java:202)
07-14 14:09:26.020 15262 16678 W SyncProcessorQueue: 	at com.google.apps.dots.android.app.sync.BaseSyncNode.sync(BaseSyncNode.java:108)
07-14 14:09:26.020 15262 16678 W SyncProcessorQueue: 	at com.google.apps.dots.android.app.sync.BaseSyncNode.syncNextChild(BaseSyncNode.java:202)
07-14 14:09:26.020 15262 16678 W SyncProcessorQueue: 	at com.google.apps.dots.android.app.sync.BaseSyncNode.sync(BaseSyncNode.java:108)
07-14 14:09:26.020 15262 16678 W SyncProcessorQueue: 	at com.google.apps.dots.android.app.sync.SyncNodeProcessor.syncNextNode(SyncNodeProcessor.java:34)
07-14 14:09:26.020 15262 16678 W SyncProcessorQueue: 	at com.google.apps.dots.android.app.sync.SyncProcessorQueue.process(SyncProcessorQueue.java:138)
07-14 14:09:26.020 15262 16678 W SyncProcessorQueue: 	at com.google.apps.dots.android.app.sync.SyncProcessorQueue.process(SyncProcessorQueue.java:118)
07-14 14:09:26.020 15262 16678 W SyncProcessorQueue: 	at com.google.apps.dots.android.app.sync.SyncProcessorQueue.access$200(SyncProcessorQueue.java:35)
07-14 14:09:26.020 15262 16678 W SyncProcessorQueue: 	at com.google.apps.dots.android.app.sync.SyncProcessorQueue$Processor.run(SyncProcessorQueue.java:241)
07-14 14:09:26.020 15262 16678 W SyncProcessorQueue: 	at java.util.concurrent.Executors$RunnableAdapter.call(Executors.java:442)
07-14 14:09:26.020 15262 16678 W SyncProcessorQueue: 	at java.util.concurrent.FutureTask$Sync.innerRun(FutureTask.java:305)
07-14 14:09:26.020 15262 16678 W SyncProcessorQueue: 	at java.util.concurrent.FutureTask.run(FutureTask.java:137)
07-14 14:09:26.020 15262 16678 W SyncProcessorQueue: 	at java.util.concurrent.ThreadPoolExecutor.runWorker(ThreadPoolExecutor.java:1076)
07-14 14:09:26.020 15262 16678 W SyncProcessorQueue: 	at java.util.concurrent.ThreadPoolExecutor$Worker.run(ThreadPoolExecutor.java:569)
07-14 14:09:26.020 15262 16678 W SyncProcessorQueue: 	at java.lang.Thread.run(Thread.java:856)
07-14 14:09:26.031 15262 16678 W SyncService: sync service error (3)
07-14 14:09:26.035 15262 16677 I SyncService: sync service finished (14:09:26)
07-14 14:09:27.141 11780 11782 D dalvikvm: GC_CONCURRENT freed 430K, 8% free 11277K/12167K, paused 2ms+3ms
07-14 14:09:27.207 11780 16435 D dalvikvm: GC_FOR_ALLOC freed 392K, 9% free 11120K/12167K, paused 28ms
07-14 14:09:28.817   144   155 D dalvikvm: GC_EXPLICIT freed 472K, 24% free 19018K/24711K, paused 7ms+10ms
07-14 14:09:30.660 15262 15265 D dalvikvm: GC_CONCURRENT freed 728K, 13% free 11589K/13191K, paused 8ms+4ms
07-14 14:09:30.867 15262 15265 D dalvikvm: GC_CONCURRENT freed 853K, 14% free 11464K/13191K, paused 5ms+7ms
07-14 14:09:31.129   144   400 D SyncManager: setSyncAutomatically: , provider com.google.android.apps.currents -> true
07-14 14:09:31.129   144   400 D SyncManager: setSyncAutomatically: already set to true, doing nothing
07-14 14:09:31.363 15262 15265 D dalvikvm: GC_CONCURRENT freed 580K, 13% free 11578K/13191K, paused 6ms+3ms
07-14 14:09:31.555 15262 15265 D dalvikvm: GC_CONCURRENT freed 503K, 11% free 11837K/13191K, paused 2ms+3ms
07-14 14:09:31.813 15163 15255 D GetStringObjTask: retrieving from url = http://www.chess.com/api/get_move_status?id=5HHjW9WUGa%2Bcu1LUwnVJPxTIWxmEve4VdkRnRyg7b5Ch69JH2Z5aB%2B7eGuFw8K2uFx47KFsdE3JRdR3Mzv0PkZOj6eZ8N73BvxmEERrzXjMNRo80rkLyJAUTh0iqof4n
07-14 14:09:31.961 15262 15265 D dalvikvm: GC_CONCURRENT freed 1179K, 14% free 11471K/13191K, paused 3ms+4ms
07-14 14:09:32.129 15163 15255 D GetStringObjTask: WebRequest SERVER RESPONSE: Success+0
07-14 14:09:32.430 15262 15265 D dalvikvm: GC_CONCURRENT freed 663K, 13% free 11499K/13191K, paused 6ms+6ms
07-14 14:09:33.133  5517  5521 D dalvikvm: GC_CONCURRENT freed 352K, 5% free 10723K/11207K, paused 9ms+6ms
07-14 14:09:33.770 11780 11782 D dalvikvm: GC_CONCURRENT freed 630K, 10% free 11064K/12167K, paused 4ms+5ms
07-14 14:09:35.559 15262 15265 D dalvikvm: GC_CONCURRENT freed 672K, 13% free 11527K/13191K, paused 2ms+2ms
07-14 14:09:35.879   144 10051 D dalvikvm: GC_EXPLICIT freed 618K, 24% free 19020K/24711K, paused 4ms+10ms
07-14 14:09:36.004 15262 15265 D dalvikvm: GC_CONCURRENT freed 634K, 12% free 11610K/13191K, paused 3ms+5ms
07-14 14:09:37.360 11780 11782 D dalvikvm: GC_CONCURRENT freed 425K, 7% free 11318K/12167K, paused 107ms+3ms
07-14 14:09:37.981 15262 15265 D dalvikvm: GC_CONCURRENT freed 801K, 13% free 11546K/13191K, paused 10ms+3ms
07-14 14:09:38.137 15262 15265 D dalvikvm: GC_CONCURRENT freed 672K, 13% free 11595K/13191K, paused 2ms+2ms
07-14 14:09:38.512 15262 15265 D dalvikvm: GC_CONCURRENT freed 696K, 12% free 11632K/13191K, paused 7ms+4ms
07-14 14:09:39.953 15262 15265 D dalvikvm: GC_CONCURRENT freed 804K, 13% free 11572K/13191K, paused 21ms+6ms
07-14 14:09:40.078 15262 15265 D dalvikvm: GC_CONCURRENT freed 733K, 13% free 11561K/13191K, paused 2ms+3ms
07-14 14:09:40.692 15262 15265 D dalvikvm: GC_CONCURRENT freed 763K, 13% free 11518K/13191K, paused 2ms+3ms
07-14 14:09:42.586 11780 11782 D dalvikvm: GC_CONCURRENT freed 952K, 10% free 11035K/12167K, paused 34ms+4ms
07-14 14:09:43.133 15262 15265 D dalvikvm: GC_CONCURRENT freed 616K, 13% free 11607K/13191K, paused 2ms+3ms
07-14 14:09:43.328 15262 15265 D dalvikvm: GC_CONCURRENT freed 725K, 12% free 11617K/13191K, paused 2ms+4ms
07-14 14:09:43.555   344   344 D SAN_SERVICE: *******************************************
07-14 14:09:43.555   344   344 D SAN_SERVICE: DM App Phone Service State - 0
07-14 14:09:43.555   344   344 D SAN_SERVICE: *******************************************
07-14 14:09:43.606 15262 15265 D dalvikvm: GC_CONCURRENT freed 741K, 12% free 11613K/13191K, paused 6ms+2ms
07-14 14:09:44.078   344   344 D SAN_SERVICE: *******************************************
07-14 14:09:44.078   344   344 D SAN_SERVICE: DM App Phone Service State - 0
07-14 14:09:44.078   344   344 D SAN_SERVICE: *******************************************
07-14 14:09:44.735 15262 15265 D dalvikvm: GC_CONCURRENT freed 810K, 13% free 11542K/13191K, paused 8ms+3ms
07-14 14:09:45.086 15262 15265 D dalvikvm: GC_CONCURRENT freed 744K, 13% free 11525K/13191K, paused 3ms+4ms
07-14 14:09:45.363 15262 15265 D dalvikvm: GC_CONCURRENT freed 626K, 12% free 11626K/13191K, paused 2ms+3ms
07-14 14:09:45.524 15262 15265 D dalvikvm: GC_CONCURRENT freed 590K, 11% free 11785K/13191K, paused 2ms+23ms
07-14 14:09:45.711 15262 15265 D dalvikvm: GC_CONCURRENT freed 727K, 11% free 11852K/13191K, paused 3ms+2ms
07-14 14:09:45.906 15262 15265 D dalvikvm: GC_CONCURRENT freed 1161K, 13% free 11512K/13191K, paused 3ms+2ms
07-14 14:09:45.988 15262 15269 I dalvikvm: Jit: resizing JitTable from 4096 to 8192
07-14 14:09:46.063 15262 15265 D dalvikvm: GC_CONCURRENT freed 734K, 13% free 11483K/13191K, paused 2ms+3ms
07-14 14:09:46.445 11780 11782 D dalvikvm: GC_CONCURRENT freed 405K, 8% free 11299K/12167K, paused 1ms+4ms
07-14 14:09:46.508 11780 16435 D dalvikvm: GC_FOR_ALLOC freed 387K, 9% free 11146K/12167K, paused 29ms
07-14 14:09:48.848   344   344 D SAN_SERVICE: *******************************************
07-14 14:09:48.848   344   344 D SAN_SERVICE: DM App Phone Service State - 0
07-14 14:09:48.848   344   344 D SAN_SERVICE: *******************************************
07-14 14:09:49.078   344   344 D SAN_SERVICE: *******************************************
07-14 14:09:49.078   344   344 D SAN_SERVICE: DM App Phone Service State - 0
07-14 14:09:49.078   344   344 D SAN_SERVICE: *******************************************
07-14 14:09:53.805   344   344 D SAN_SERVICE: *******************************************
07-14 14:09:53.805   344   344 D SAN_SERVICE: DM App Phone Service State - 0
07-14 14:09:53.805   344   344 D SAN_SERVICE: *******************************************
07-14 14:09:53.856 11780 11782 D dalvikvm: GC_CONCURRENT freed 634K, 9% free 11101K/12167K, paused 22ms+4ms
07-14 14:09:54.086   344   344 D SAN_SERVICE: *******************************************
07-14 14:09:54.086   344   344 D SAN_SERVICE: DM App Phone Service State - 0
07-14 14:09:54.086   344   344 D SAN_SERVICE: *******************************************
07-14 14:09:54.828   344   344 D SAN_SERVICE: *******************************************
07-14 14:09:54.828   344   344 D SAN_SERVICE: DM App Phone Service State - 0
07-14 14:09:54.828   344   344 D SAN_SERVICE: *******************************************
07-14 14:09:55.078   344   344 D SAN_SERVICE: *******************************************
07-14 14:09:55.078   344   344 D SAN_SERVICE: DM App Phone Service State - 0
07-14 14:09:55.078   344   344 D SAN_SERVICE: *******************************************
07-14 14:09:55.367   344   344 D SAN_SERVICE: *******************************************
07-14 14:09:55.367   344   344 D SAN_SERVICE: DM App Phone Service State - 0
07-14 14:09:55.367   344   344 D SAN_SERVICE: *******************************************
07-14 14:09:56.035   344   344 D SAN_SERVICE: *******************************************
07-14 14:09:56.035   344   344 D SAN_SERVICE: DM App Phone Service State - 0
07-14 14:09:56.035   344   344 D SAN_SERVICE: *******************************************
07-14 14:09:56.215 11780 11782 D dalvikvm: GC_CONCURRENT freed 496K, 8% free 11265K/12167K, paused 2ms+2ms
07-14 14:10:03.078   262   262 I wpa_supplicant: wlan0: CTRL-EVENT-DISCONNECTED bssid=58:35:d9:38:a1:41 reason=0
07-14 14:10:03.090 24905 24928 D CommandListener: Clearing all IP addresses on wlan0
07-14 14:10:03.168   144   200 D ConnectivityService: ConnectivityChange for WIFI: DISCONNECTED/DISCONNECTED
07-14 14:10:03.176   144   200 D ConnectivityService: Attempting to switch to mobile
07-14 14:10:03.211   144   200 D ConnectivityService: Attempting to switch to WIMAX
07-14 14:10:03.223   144   200 D ConnectivityService: Attempting to switch to BLUETOOTH_TETHER
07-14 14:10:03.242   144   200 E ConnectivityService: Exception trying to remove a route: java.lang.IllegalStateException: Unable to communicate with native dameon to add routes - com.android.server.NativeDaemonConnectorException: Cmd {interface route remove wlan0 default 67.20.213.254 32 0.0.0.0} failed with code 400 : {Failed to remove route from default table (No such process)}
07-14 14:10:03.246   144   200 E ConnectivityService: Exception trying to remove a route: java.lang.IllegalStateException: Unable to communicate with native dameon to add routes - com.android.server.NativeDaemonConnectorException: Cmd {interface route remove wlan0 default 0.0.0.0 0 67.20.213.254} failed with code 400 : {Failed to remove route from default table (No such process)}
07-14 14:10:03.254   144   200 D NetUtils: android_net_utils_resetConnections in env=0x13390c8 clazz=0x7f00001 iface=wlan0 mask=0x3
07-14 14:10:03.254   144   200 D ConnectivityService: resetConnections(wlan0, 3)
07-14 14:10:03.528   144   144 D dalvikvm: GC_EXPLICIT freed 1252K, 23% free 19161K/24711K, paused 3ms+12ms
07-14 14:10:03.539  5517 16985 W Smack/Packet: notify conn break (IOEx), close connection
07-14 14:10:03.563 11780 11782 D dalvikvm: GC_CONCURRENT freed 862K, 9% free 11078K/12167K, paused 37ms+7ms
07-14 14:10:03.711  5517 16985 I qtaguid : Failed write_ctrl(u 82) res=-1 errno=22
07-14 14:10:03.711  5517 16985 I qtaguid : Untagging socket 82 failed errno=-22
07-14 14:10:03.711  5517 16985 W NetworkManagementSocketTagger: untagSocket(82) failed with errno -22
07-14 14:10:03.778   144   200 D ConnectivityService: handleInetConditionChange: no active default network - ignore
07-14 14:10:03.871   262   262 I wpa_supplicant: wlan0: Trying to associate with d0:c2:82:2d:f2:a1 (SSID='UB_Secure' freq=2462 MHz)
07-14 14:10:04.004   262   262 I wpa_supplicant: wlan0: Associated with d0:c2:82:2d:f2:a1
07-14 14:10:04.028   262   262 I wpa_supplicant: wlan0: CTRL-EVENT-EAP-STARTED EAP authentication started
07-14 14:10:04.035   262   262 I wpa_supplicant: wlan0: CTRL-EVENT-EAP-PROPOSED-METHOD vendor=0 method=4 -> NAK
07-14 14:10:04.047   262   262 I wpa_supplicant: wlan0: CTRL-EVENT-EAP-PROPOSED-METHOD vendor=0 method=25
07-14 14:10:04.051   262   262 I wpa_supplicant: wlan0: CTRL-EVENT-EAP-METHOD EAP vendor 0 method 25 (PEAP) selected
07-14 14:10:04.110   262   262 I wpa_supplicant: wlan0: CTRL-EVENT-EAP-PEER-CERT depth=2 subject='/C=US/O=Entrust.net/OU=www.entrust.net/CPS incorp. by ref. (limits liab.)/OU=(c) 1999 Entrust.net Limited/CN=Entrust.net Secure Server Certification Authority'
07-14 14:10:04.110   262   262 I wpa_supplicant: wlan0: CTRL-EVENT-EAP-PEER-CERT depth=2 subject='/C=US/O=Entrust.net/OU=www.entrust.net/CPS incorp. by ref. (limits liab.)/OU=(c) 1999 Entrust.net Limited/CN=Entrust.net Secure Server Certification Authority'
07-14 14:10:04.113   262   262 I wpa_supplicant: wlan0: CTRL-EVENT-EAP-PEER-CERT depth=1 subject='/C=US/ST=UT/L=Salt Lake City/O=The USERTRUST Network/CN=USERTrust Legacy Secure Server CA'
07-14 14:10:04.117   262   262 I wpa_supplicant: wlan0: CTRL-EVENT-EAP-PEER-CERT depth=0 subject='/C=US/postalCode=14260/ST=New York/L=Buffalo/street=305 Computing Center/O=SUNY AT BUFFALO/OU=Office of the President/OU=Issued through UNIVERSITY AT BUFFALO E-PKI Manager/OU=PremiumSSL Legacy/CN=ubsecure.acsu.buffalo.edu'
07-14 14:10:04.180   144   380 I ActivityManager: Start proc android.process.acore for content provider com.android.providers.contacts/.ContactsProvider2: pid=17185 uid=10000 gids={3003, 1015}
07-14 14:10:04.278   262   262 I wpa_supplicant: EAP-MSCHAPV2: Authentication succeeded
07-14 14:10:04.285   262   262 I wpa_supplicant: EAP-TLV: TLV Result - Success - EAP-TLV/Phase2 Completed
07-14 14:10:04.289   262   262 I wpa_supplicant: wlan0: CTRL-EVENT-EAP-SUCCESS EAP authentication completed successfully
07-14 14:10:04.328   262   262 I wpa_supplicant: wlan0: WPA: Key negotiation completed with d0:c2:82:2d:f2:a1 [PTK=CCMP GTK=TKIP]
07-14 14:10:04.332   262   262 I wpa_supplicant: wlan0: CTRL-EVENT-CONNECTED - Connection to d0:c2:82:2d:f2:a1 completed (reauth) [id=0 id_str=]
07-14 14:10:04.465 17185 17185 I ActivityThread: Pub call_log: com.android.providers.contacts.CallLogProvider
07-14 14:10:04.559 17185 17185 I ActivityThread: Pub com.android.voicemail: com.android.providers.contacts.VoicemailContentProvider
07-14 14:10:04.567 17185 17185 I ActivityThread: Pub user_dictionary: com.android.providers.userdictionary.UserDictionaryProvider
07-14 14:10:04.610 17185 17185 I ActivityThread: Pub com.android.social: com.android.providers.contacts.SocialProvider
07-14 14:10:04.610 17185 17185 I ActivityThread: Pub applications: com.android.providers.applications.ApplicationsProvider
07-14 14:10:04.844 17185 17185 I ActivityThread: Pub contacts;com.android.contacts: com.android.providers.contacts.ContactsProvider2
07-14 14:10:04.879 17185 17186 D dalvikvm: GC_CONCURRENT freed 342K, 5% free 9156K/9607K, paused 21ms+5ms
07-14 14:10:05.172   144   200 D ConnectivityService: ConnectivityChange for WIFI: CONNECTED/CONNECTED
07-14 14:10:05.203 15783 15783 I PhoneLab-WiFiReceiver: Wi-Fi is connected!
07-14 14:10:05.219 15783 15783 I PhoneLab-WiFiReceiver: SSID: UB_Secure BSSID: d0:c2:82:2d:f2:a1 RSSI: -200 LinkSpeed: -1
07-14 14:10:05.219 15783 15783 I PhoneLab-Locks: wake lock acquired
07-14 14:10:05.231 15783 15783 I PhoneLab-UploadLogs: Transfering log files now
07-14 14:10:05.281   144   195 W NetworkStats: dropping UID delta from unknown iface: iface=wlan0 uid=0 set=DEFAULT tag=0x0 rxBytes=0 rxPackets=0 txBytes=76 txPackets=1 operations=0
07-14 14:10:05.430 15783 15784 D dalvikvm: GC_CONCURRENT freed 470K, 6% free 9188K/9735K, paused 2ms+2ms
07-14 14:10:05.453 15783 15783 D dalvikvm: GC_FOR_ALLOC freed 100K, 7% free 9211K/9799K, paused 15ms
07-14 14:10:05.457 15783 15783 I dalvikvm-heap: Grow heap (frag case) to 9.182MB for 123476-byte allocation
07-14 14:10:05.477 15783 15783 D dalvikvm: GC_FOR_ALLOC freed 56K, 7% free 9275K/9927K, paused 14ms
07-14 14:10:05.481 15783 15783 I dalvikvm-heap: Grow heap (frag case) to 9.370MB for 254548-byte allocation
07-14 14:10:05.496 15783 15783 D dalvikvm: GC_FOR_ALLOC freed 120K, 8% free 9403K/10183K, paused 14ms
07-14 14:10:05.496 15783 15783 I dalvikvm-heap: Grow heap (frag case) to 9.745MB for 516692-byte allocation
07-14 14:10:05.524 15783 15784 D dalvikvm: GC_CONCURRENT freed 248K, 10% free 9659K/10695K, paused 1ms+2ms
07-14 14:10:05.547 15783 15783 I PhoneLab-UploadLogs: OnStartCommand
07-14 14:10:05.653 15783 17229 D dalvikvm: GC_FOR_ALLOC freed 382K, 10% free 9644K/10695K, paused 15ms
07-14 14:10:05.672 15783 17229 D dalvikvm: GC_FOR_ALLOC freed 301K, 10% free 9644K/10695K, paused 16ms
07-14 14:10:05.692 15783 17229 D dalvikvm: GC_FOR_ALLOC freed 301K, 10% free 9651K/10695K, paused 14ms
07-14 14:10:05.801 17185 17186 D dalvikvm: GC_CONCURRENT freed 228K, 4% free 9372K/9735K, paused 5ms+2ms
07-14 14:10:06.172   144   200 D ConnectivityService: NetTransition Wakelock for WifiStateMachine released by timeout
07-14 14:10:06.297   144   204 D Tethering: MasterInitialState.processMessage what=3
07-14 14:10:06.305 11780 11782 D dalvikvm: GC_CONCURRENT freed 424K, 8% free 11311K/12167K, paused 2ms+4ms
07-14 14:10:06.317 15783 15783 I PhoneLab-: 1342289350021.log is deleted
07-14 14:10:06.317 15783 15783 I PhoneLab-: Response: {"data": "done", "err": ""}
07-14 14:10:06.336 15783 15783 I PhoneLab-UploadLogs: No log files to transfer
07-14 14:10:06.336 15783 15783 I PhoneLab-Locks: wake lock released
07-14 14:10:06.485  5517  5517 I GTalkService/c: [AndroidEndpoint@1094467936] connect: acct=1000000, state=CONNECTING
07-14 14:10:06.488  5517  5517 I GTalkService/c: [GTalkConnection@1094452456] connect: acct=1, state=CONNECTING
07-14 14:10:06.629 15912 15912 I MediaUploader: No need to wake up
07-14 14:10:06.633 15783 15783 I PhoneLab-WiFiReceiver: Wi-Fi is disconnected!
07-14 14:10:06.676   144   400 I ActivityManager: Process com.google.android.talk (pid 17061) has died.
07-14 14:10:06.684 17106 17129 D PicasaSyncManager: active network: NetworkInfo: type: WIFI[], state: CONNECTED/CONNECTED, reason: (unspecified), extra: (none), roaming: false, failover: false, isAvailable: true
07-14 14:10:06.684 17106 17129 D PicasaSyncManager: background data: true
07-14 14:10:06.758  5517  5521 D dalvikvm: GC_CONCURRENT freed 517K, 6% free 10712K/11335K, paused 3ms+15ms
07-14 14:10:07.098 17035 17035 W ContextScopeImpl: thread=1 tried to enter the scope of the application context. Ignored.
07-14 14:10:07.156   144 24503 I ActivityManager: Process com.google.android.apps.maps:LocationFriendService (pid 17087) has died.
07-14 14:10:07.203   144   173 I ActivityManager: Start proc com.twitter.android for service com.twitter.android/.client.AppService: pid=17233 uid=10064 gids={3003, 1015}
07-14 14:10:07.246 17233 17233 I dalvikvm: Turning on JNI app bug workarounds for target SDK version 11...
07-14 14:10:07.824 17233 17233 I ActivityThread: Pub com.twitter.android.provider.GlobalDatabaseProvider: com.twitter.android.provider.GlobalDatabaseProvider
07-14 14:10:07.832   144   155 I ActivityManager: Process android.process.media (pid 16839) has died.
07-14 14:10:08.086 17233 17233 I ActivityThread: Pub com.twitter.android.provider.TwitterProvider: com.twitter.android.provider.TwitterProvider
07-14 14:10:08.270   144   204 D Tethering: MasterInitialState.processMessage what=3
07-14 14:10:08.317   144   161 I ActivityManager: Start proc android.process.media for broadcast com.android.providers.downloads/.DownloadReceiver: pid=17248 uid=10012 gids={1015, 1023, 1024, 2001, 3003, 3007}
07-14 14:10:08.574 17233 17234 D dalvikvm: GC_CONCURRENT freed 195K, 4% free 9306K/9607K, paused 222ms+3ms
07-14 14:10:08.586 17248 17248 I ActivityThread: Pub downloads: com.android.providers.downloads.DownloadProvider
07-14 14:10:08.707 17248 17248 I ActivityThread: Pub drm: com.android.providers.drm.DrmProvider
07-14 14:10:08.707 17248 17261 I DownloadManager: in removeSpuriousFiles
07-14 14:10:08.762 17248 17261 I DownloadManager: in removeSpuriousFiles, preserving file /data/data/com.android.providers.downloads/cache/metadata.json
07-14 14:10:08.766 17248 17261 I DownloadManager: in removeSpuriousFiles, preserving file /data/data/com.android.providers.downloads/cache/en_general.htm
07-14 14:10:08.766 17248 17261 I DownloadManager: in removeSpuriousFiles, preserving file /mnt/sdcard/Download/img-thing.jpeg
07-14 14:10:08.766 17248 17261 I DownloadManager: in removeSpuriousFiles, preserving file /data/data/com.android.providers.downloads/cache/metadata-1.json
07-14 14:10:08.766 17248 17261 I DownloadManager: in removeSpuriousFiles, preserving file /data/data/com.android.providers.downloads/cache/downloadfile.jpeg
07-14 14:10:08.766 17248 17261 I DownloadManager: in removeSpuriousFiles, preserving file /data/data/com.android.providers.downloads/cache/metadata-2.json
07-14 14:10:08.766 17248 17261 I DownloadManager: in removeSpuriousFiles, preserving file /data/data/com.android.providers.downloads/cache/metadata-3.json
07-14 14:10:08.766 17248 17261 I DownloadManager: in removeSpuriousFiles, preserving file /data/data/com.android.providers.downloads/cache/downloadfile-1.jpeg
07-14 14:10:08.766 17248 17261 I DownloadManager: in removeSpuriousFiles, preserving file /data/data/com.android.providers.downloads/cache/downloadfile-2.jpeg
07-14 14:10:08.766 17248 17261 I DownloadManager: in removeSpuriousFiles, preserving file /data/data/com.android.providers.downloads/cache/metadata-4.json
07-14 14:10:08.766 17248 17261 I DownloadManager: in removeSpuriousFiles, preserving file /data/data/com.android.providers.downloads/cache/metadata-5.json
07-14 14:10:08.766 17248 17261 I DownloadManager: deleting spurious file /cache/backup
07-14 14:10:08.797 17248 17248 I ActivityThread: Pub media: com.android.providers.media.MediaProvider
07-14 14:10:08.906   144   376 I ActivityManager: Process com.google.android.apps.uploader (pid 15912) has died.
07-14 14:10:09.192   144   155 I ActivityManager: Start proc com.google.android.apps.maps:LocationFriendService for service com.google.android.apps.maps/com.google.googlenav.friend.reporting.LocationReceiverService: pid=17264 uid=10056 gids={3003, 1015}
07-14 14:10:09.270    79    79 D dalvikvm: GC_EXPLICIT freed 38K, 4% free 9031K/9347K, paused 2ms+3ms
07-14 14:10:09.309    79    79 D dalvikvm: GC_EXPLICIT freed <1K, 4% free 9031K/9347K, paused 7ms+2ms
07-14 14:10:09.332    79    79 D dalvikvm: GC_EXPLICIT freed <1K, 4% free 9031K/9347K, paused 1ms+2ms
07-14 14:10:09.360   144   402 I ActivityManager: Process com.google.android.apps.plus (pid 17106) has died.
07-14 14:10:09.891 17264 17267 D dalvikvm: GC_CONCURRENT freed 178K, 3% free 9358K/9607K, paused 175ms+2ms
07-14 14:10:10.035 17248 17251 D dalvikvm: GC_CONCURRENT freed 321K, 5% free 9165K/9607K, paused 28ms+2ms
07-14 14:10:10.445 17185 17186 D dalvikvm: GC_CONCURRENT freed 199K, 4% free 9598K/9927K, paused 121ms+33ms
07-14 14:10:10.692 17233 17234 D dalvikvm: GC_CONCURRENT freed 224K, 4% free 9520K/9863K, paused 63ms+3ms
07-14 14:10:10.906   144   424 I ActivityManager: Start proc com.google.android.apps.uploader for broadcast com.google.android.apps.uploader/.ConnectivityBroadcastReceiver: pid=17282 uid=10030 gids={3003}
07-14 14:10:10.918 17282 17282 I dalvikvm: Turning on JNI app bug workarounds for target SDK version 11...
07-14 14:10:11.004 17233 17234 D dalvikvm: GC_CONCURRENT freed 285K, 5% free 9642K/10055K, paused 2ms+4ms
07-14 14:10:11.008 17282 17282 I ActivityThread: Pub com.google.android.apps.uploader: com.google.android.apps.uploader.UploadsContentProvider
07-14 14:10:11.008 17282 17282 I ActivityThread: Pub com.google.photos.provider.Album: com.google.android.apps.uploader.clients.picasa.AlbumProvider
07-14 14:10:11.016 17282 17282 D MediaUploader: UploaderApplication.onCreate
07-14 14:10:11.219 17264 17267 D dalvikvm: GC_CONCURRENT freed 142K, 3% free 9674K/9927K, paused 15ms+2ms
07-14 14:10:11.258 17282 17282 D MediaUploader: nonWifiLimit=20971520, default=20971520
07-14 14:10:11.285 17282 17282 I MediaUploader: No need to wake up
07-14 14:10:11.383   144  7984 I ActivityManager: Start proc com.google.android.apps.plus for broadcast com.google.android.apps.plus/com.google.android.picasasync.ConnectivityReceiver: pid=17299 uid=10060 gids={3003, 3002, 1015, 1006}
07-14 14:10:11.547 17233 17234 D dalvikvm: GC_CONCURRENT freed 290K, 5% free 9764K/10183K, paused 286ms+3ms
07-14 14:10:11.731 17299 17302 D dalvikvm: GC_CONCURRENT freed 152K, 3% free 9384K/9607K, paused 2ms+2ms
07-14 14:10:11.778 17264 17267 D dalvikvm: GC_CONCURRENT freed 294K, 4% free 9840K/10247K, paused 2ms+2ms
07-14 14:10:11.957   144   403 I ActivityManager: Process com.google.android.youtube (pid 17128) has died.
07-14 14:10:12.012 11780 11782 D dalvikvm: GC_CONCURRENT freed 1029K, 11% free 10930K/12167K, paused 2ms+7ms
07-14 14:10:12.117 17264 17271 I dalvikvm: Total arena pages for JIT: 11
07-14 14:10:12.117 17264 17271 I dalvikvm: Total arena pages for JIT: 12
07-14 14:10:12.117 17264 17271 I dalvikvm: Total arena pages for JIT: 13
07-14 14:10:12.117 17264 17271 I dalvikvm: Total arena pages for JIT: 14
07-14 14:10:12.121 17264 17271 I dalvikvm: Total arena pages for JIT: 15
07-14 14:10:12.121 17299 17299 I ActivityThread: Pub com.google.android.apps.plus.content.ApiProvider: com.google.android.apps.plus.content.EsApiProvider
07-14 14:10:12.125 17264 17271 I dalvikvm: Total arena pages for JIT: 16
07-14 14:10:12.125 17264 17271 I dalvikvm: Total arena pages for JIT: 17
07-14 14:10:12.153 17299 17299 I ActivityThread: Pub com.google.android.apps.plus.content.EsGooglePhotoProvider: com.google.android.picasasync.PicasaContentProvider
07-14 14:10:12.285 17299 17302 D dalvikvm: GC_CONCURRENT freed 335K, 5% free 9581K/9991K, paused 2ms+4ms
07-14 14:10:12.324 17299 17299 I ActivityThread: Pub com.google.android.apps.plus.content.EsPicasaStoreProvider: com.google.android.picasastore.PicasaPhotoContentProvider
07-14 14:10:12.363 17299 17299 I ActivityThread: Pub com.google.plus.platform: com.google.android.apps.plus.content.AdsProvider
07-14 14:10:12.363 17299 17299 I ActivityThread: Pub com.google.android.apps.plus.iu.EsGoogleIuProvider: com.google.android.apps.plus.iu.InstantUploadProvider
07-14 14:10:12.453 17299 17302 D dalvikvm: GC_CONCURRENT freed 501K, 6% free 9608K/10183K, paused 2ms+3ms
07-14 14:10:12.457 17299 17299 I ActivityThread: Pub com.google.android.apps.plus.content.EsProvider: com.google.android.apps.plus.content.EsProvider
07-14 14:10:12.481   144   147 D dalvikvm: GC_CONCURRENT freed 2077K, 23% free 19047K/24711K, paused 41ms+24ms
07-14 14:10:12.735 17233 17234 D dalvikvm: GC_CONCURRENT freed 295K, 5% free 9888K/10311K, paused 1ms+81ms
07-14 14:10:12.785   144   402 I ActivityManager: Start proc com.google.android.youtube for broadcast com.google.android.youtube/.app.prefetch.PrefetchService$DeviceStateReceiver: pid=17323 uid=10057 gids={3003, 1015, 1006}
07-14 14:10:12.891 17264 17267 D dalvikvm: GC_CONCURRENT freed 336K, 4% free 10026K/10439K, paused 2ms+25ms
07-14 14:10:13.039 17323 17325 D dalvikvm: GC_CONCURRENT freed 148K, 3% free 9360K/9607K, paused 43ms+2ms
07-14 14:10:13.129 17323 17323 I ActivityThread: Pub com.google.android.youtube.SuggestionProvider: com.google.android.youtube.core.suggest.SuggestionProvider
07-14 14:10:13.153 17264 17271 I dalvikvm: Total arena pages for JIT: 18
07-14 14:10:13.227 17299 17302 D dalvikvm: GC_CONCURRENT freed 303K, 4% free 9840K/10247K, paused 66ms+11ms
07-14 14:10:13.227 17299 17338 D PicasaSync: sync account database
07-14 14:10:13.449 17299 17319 D PicasaPhotoCP: set fsid first time:-1
07-14 14:10:13.567 17233 17234 D dalvikvm: GC_CONCURRENT freed 304K, 5% free 10019K/10439K, paused 2ms+58ms
07-14 14:10:13.774 17299 17338 D PicasaSync: accounts in DB=1
07-14 14:10:13.832 17299 17338 D PicasaSyncManager: active network: NetworkInfo: type: WIFI[], state: CONNECTED/CONNECTED, reason: (unspecified), extra: (none), roaming: false, failover: false, isAvailable: true
07-14 14:10:13.832 17299 17338 D PicasaSyncManager: background data: true
07-14 14:10:13.887  5517 12752 D dalvikvm: GC_EXPLICIT freed 422K, 7% free 10575K/11335K, paused 2ms+5ms
07-14 14:10:14.043   144   326 I ActivityManager: Process android.process.media (pid 17248) has died.
07-14 14:10:14.059 17264 17267 D dalvikvm: GC_CONCURRENT freed 472K, 6% free 9982K/10567K, paused 72ms+3ms
07-14 14:10:14.164 17323 17325 D dalvikvm: GC_CONCURRENT freed 342K, 5% free 9475K/9927K, paused 75ms+2ms
07-14 14:10:14.164 17323 17332 W CursorWrapperInner: Cursor finalized without prior close()
07-14 14:10:14.164 17323 17332 W CursorWrapperInner: Cursor finalized without prior close()
07-14 14:10:14.410 17323 17325 D dalvikvm: GC_CONCURRENT freed 281K, 4% free 9767K/10119K, paused 3ms+5ms
07-14 14:10:14.516 17323 17325 D dalvikvm: GC_CONCURRENT freed 378K, 5% free 9925K/10375K, paused 2ms+3ms
07-14 14:10:14.586 17299 17338 D PicasaSyncManager: battery info: false
07-14 14:10:14.633 17323 17325 D dalvikvm: GC_CONCURRENT freed 365K, 5% free 10131K/10567K, paused 2ms+3ms
07-14 14:10:14.746 17323 17325 D dalvikvm: GC_CONCURRENT freed 418K, 5% free 10270K/10759K, paused 2ms+3ms
07-14 14:10:14.977 17323 17325 D dalvikvm: GC_CONCURRENT freed 399K, 5% free 10302K/10823K, paused 28ms+3ms
07-14 14:10:15.063 17233 17234 D dalvikvm: GC_CONCURRENT freed 294K, 4% free 10150K/10567K, paused 2ms+4ms
07-14 14:10:15.285 17035 17035 W ContextScopeImpl: thread=1 tried to enter the scope of the application context. Ignored.
07-14 14:10:15.488 17299 17302 D dalvikvm: GC_CONCURRENT freed 183K, 3% free 10096K/10375K, paused 1ms+3ms
07-14 14:10:15.848 17299 17302 D dalvikvm: GC_CONCURRENT freed 143K, 3% free 10364K/10631K, paused 3ms+2ms
07-14 14:10:15.867 17323 17325 D dalvikvm: GC_CONCURRENT freed 318K, 4% free 10454K/10887K, paused 3ms+3ms
07-14 14:10:16.039 17233 17234 D dalvikvm: GC_CONCURRENT freed 296K, 4% free 10275K/10695K, paused 2ms+1ms
07-14 14:10:16.223   144   200 D ConnectivityService: handleInetConditionHoldEnd: net=1, condition=100, published condition=0
07-14 14:10:16.559 11780 11782 D dalvikvm: GC_CONCURRENT freed 316K, 8% free 11227K/12167K, paused 6ms+4ms
07-14 14:10:16.594   144   403 I ActivityManager: Process android.process.acore (pid 17185) has died.
07-14 14:10:16.746 17299 17302 D dalvikvm: GC_CONCURRENT freed 299K, 5% free 10485K/10951K, paused 2ms+104ms
07-14 14:10:17.082 17299 17320 D dalvikvm: GC_FOR_ALLOC freed 0K, 5% free 10485K/10951K, paused 277ms
07-14 14:10:17.090 17299 17320 I dalvikvm-heap: Grow heap (frag case) to 10.555MB for 260112-byte allocation
07-14 14:10:17.129 11780 16435 D dalvikvm: GC_FOR_ALLOC freed 290K, 9% free 11181K/12167K, paused 183ms
07-14 14:10:17.195 17299 17320 D dalvikvm: GC_FOR_ALLOC freed 126K, 6% free 10613K/11207K, paused 22ms
07-14 14:10:17.324 17299 17320 D dalvikvm: GC_FOR_ALLOC freed 311K, 6% free 10606K/11207K, paused 28ms
07-14 14:10:17.360 17299 17320 D dalvikvm: GC_FOR_ALLOC freed 62K, 5% free 10669K/11207K, paused 27ms
07-14 14:10:17.363 17299 17320 I dalvikvm-heap: Grow heap (frag case) to 10.736MB for 260112-byte allocation
07-14 14:10:17.395 17299 17320 D dalvikvm: GC_FOR_ALLOC freed 126K, 6% free 10797K/11463K, paused 23ms
07-14 14:10:17.461 17299 17320 D dalvikvm: GC_FOR_ALLOC freed 369K, 6% free 10853K/11463K, paused 24ms
07-14 14:10:17.488 17299 17320 D dalvikvm: GC_FOR_ALLOC freed 126K, 5% free 10981K/11463K, paused 22ms
07-14 14:10:17.535   144   155 I ActivityManager: Start proc android.process.acore for content provider com.android.providers.contacts/.ContactsProvider2: pid=17381 uid=10000 gids={3003, 1015}
07-14 14:10:17.731   144   424 D dalvikvm: GC_EXPLICIT freed 691K, 24% free 19022K/24711K, paused 10ms+9ms
07-14 14:10:17.797 17381 17381 I ActivityThread: Pub call_log: com.android.providers.contacts.CallLogProvider
07-14 14:10:17.879 17381 17381 I ActivityThread: Pub com.android.voicemail: com.android.providers.contacts.VoicemailContentProvider
07-14 14:10:17.887 17381 17381 I ActivityThread: Pub user_dictionary: com.android.providers.userdictionary.UserDictionaryProvider
07-14 14:10:17.926 17381 17381 I ActivityThread: Pub com.android.social: com.android.providers.contacts.SocialProvider
07-14 14:10:17.926 17381 17381 I ActivityThread: Pub applications: com.android.providers.applications.ApplicationsProvider
07-14 14:10:18.024 17381 17381 I ActivityThread: Pub contacts;com.android.contacts: com.android.providers.contacts.ContactsProvider2
07-14 14:10:18.043 17381 17384 D dalvikvm: GC_CONCURRENT freed 345K, 5% free 9191K/9607K, paused 1ms+3ms
07-14 14:10:18.133 17299 17302 D dalvikvm: GC_CONCURRENT freed 335K, 4% free 11199K/11655K, paused 21ms+3ms
07-14 14:10:18.188 17233 17234 D dalvikvm: GC_CONCURRENT freed 473K, 6% free 10226K/10823K, paused 49ms+56ms
07-14 14:10:18.453 17233 17234 D dalvikvm: GC_CONCURRENT freed 324K, 5% free 10302K/10823K, paused 2ms+2ms
07-14 14:10:18.543 17299 17302 D dalvikvm: GC_CONCURRENT freed 139K, 3% free 11726K/11975K, paused 2ms+3ms
07-14 14:10:18.754 17381 17384 D dalvikvm: GC_CONCURRENT freed 232K, 4% free 9368K/9735K, paused 6ms+2ms
07-14 14:10:18.828 17233 17234 D dalvikvm: GC_CONCURRENT freed 328K, 5% free 10374K/10823K, paused 2ms+2ms
07-14 14:10:19.039 17299 17302 D dalvikvm: GC_CONCURRENT freed 545K, 6% free 12031K/12679K, paused 2ms+10ms
07-14 14:10:19.504 17233 17234 D dalvikvm: GC_CONCURRENT freed 357K, 5% free 10476K/10951K, paused 125ms+13ms
07-14 14:10:19.524 17299 17302 D dalvikvm: GC_CONCURRENT freed 212K, 3% free 12765K/13063K, paused 2ms+28ms
07-14 14:10:19.586   144   323 I ActivityManager: Process com.google.android.apps.maps:LocationFriendService (pid 17264) has died.
07-14 14:10:19.867   144   200 D ConnectivityService: ConnectivityChange for mobile: CONNECTED/CONNECTED
07-14 14:10:19.891   144   200 D ConnectivityService: ConnectivityChange for mobile: DISCONNECTED/DISCONNECTED
07-14 14:10:19.891   144   200 D ConnectivityService: Attempting to switch to WIFI
07-14 14:10:19.895   144   200 D NetUtils: android_net_utils_resetConnections in env=0x13390c8 clazz=0x1d800001 iface=rmnet0 mask=0x3
07-14 14:10:19.895   144   200 D ConnectivityService: Attempting to switch to WIMAX
07-14 14:10:19.895   144   200 D ConnectivityService: Attempting to switch to BLUETOOTH_TETHER
07-14 14:10:19.895   144   200 D ConnectivityService: resetConnections(rmnet0, 3)
07-14 14:10:20.004 17233 17234 D dalvikvm: GC_CONCURRENT freed 336K, 5% free 10559K/11015K, paused 2ms+28ms
07-14 14:10:20.180   144 30930 I ActivityManager: Process com.google.android.apps.uploader (pid 17282) has died.
07-14 14:10:20.324 17233 17234 D dalvikvm: GC_CONCURRENT freed 319K, 5% free 10633K/11079K, paused 2ms+4ms
07-14 14:10:20.473   144   161 I ActivityManager: Start proc com.google.android.talk for broadcast com.google.android.talk/.ConnectionStateOnlineReceiver: pid=17399 uid=10045 gids={3003, 1015, 1006, 3002}
07-14 14:10:20.695 17233 17234 D dalvikvm: GC_CONCURRENT freed 371K, 5% free 10722K/11207K, paused 3ms+2ms
07-14 14:10:20.910 17233 17234 D dalvikvm: GC_CONCURRENT freed 401K, 5% free 10822K/11335K, paused 2ms+2ms
07-14 14:10:20.949 17399 17399 I ActivityThread: Pub com.google.android.talk.SuggestionProvider: com.google.android.talk.SuggestionsProvider
07-14 14:10:21.106  5517  5521 D dalvikvm: GC_CONCURRENT freed 320K, 6% free 10655K/11335K, paused 36ms+7ms
07-14 14:10:21.375   144  9303 I ActivityManager: Start proc android.process.media for content provider com.android.providers.media/.MediaProvider: pid=17415 uid=10012 gids={1015, 1023, 1024, 2001, 3003, 3007}
07-14 14:10:21.496 17415 17415 I ActivityThread: Pub downloads: com.android.providers.downloads.DownloadProvider
07-14 14:10:21.649 17415 17415 I ActivityThread: Pub drm: com.android.providers.drm.DrmProvider
07-14 14:10:21.649 17415 17430 I DownloadManager: in removeSpuriousFiles
07-14 14:10:21.770 17415 17415 I ActivityThread: Pub media: com.android.providers.media.MediaProvider
07-14 14:10:21.781 17415 17430 I DownloadManager: in removeSpuriousFiles, preserving file /data/data/com.android.providers.downloads/cache/metadata.json
07-14 14:10:21.781 17415 17430 I DownloadManager: in removeSpuriousFiles, preserving file /data/data/com.android.providers.downloads/cache/en_general.htm
07-14 14:10:21.781 17415 17430 I DownloadManager: in removeSpuriousFiles, preserving file /mnt/sdcard/Download/img-thing.jpeg
07-14 14:10:21.781 17415 17430 I DownloadManager: in removeSpuriousFiles, preserving file /data/data/com.android.providers.downloads/cache/metadata-1.json
07-14 14:10:21.781 17415 17430 I DownloadManager: in removeSpuriousFiles, preserving file /data/data/com.android.providers.downloads/cache/downloadfile.jpeg
07-14 14:10:21.785 17415 17430 I DownloadManager: in removeSpuriousFiles, preserving file /data/data/com.android.providers.downloads/cache/metadata-2.json
07-14 14:10:21.785 17415 17430 I DownloadManager: in removeSpuriousFiles, preserving file /data/data/com.android.providers.downloads/cache/metadata-3.json
07-14 14:10:21.785 17415 17430 I DownloadManager: in removeSpuriousFiles, preserving file /data/data/com.android.providers.downloads/cache/downloadfile-1.jpeg
07-14 14:10:21.785 17415 17430 I DownloadManager: in removeSpuriousFiles, preserving file /data/data/com.android.providers.downloads/cache/downloadfile-2.jpeg
07-14 14:10:21.785 17415 17430 I DownloadManager: in removeSpuriousFiles, preserving file /data/data/com.android.providers.downloads/cache/metadata-4.json
07-14 14:10:21.785 17415 17430 I DownloadManager: in removeSpuriousFiles, preserving file /data/data/com.android.providers.downloads/cache/metadata-5.json
07-14 14:10:21.793 17415 17430 I DownloadManager: deleting spurious file /cache/backup
07-14 14:10:21.914 17399 17399 D vclib:CallStateClient: startListening
07-14 14:10:22.090 17399 17401 D dalvikvm: GC_CONCURRENT freed 168K, 3% free 9368K/9607K, paused 100ms+3ms
07-14 14:10:22.133 17381 17384 D dalvikvm: GC_CONCURRENT freed 187K, 4% free 9605K/9927K, paused 2ms+2ms
07-14 14:10:22.172 11780 11782 D dalvikvm: GC_CONCURRENT freed 777K, 10% free 11010K/12167K, paused 2ms+71ms
07-14 14:10:22.219   144   326 I ActivityManager: Process com.google.android.apps.plus (pid 17299) has died.
07-14 14:10:22.356 17415 17417 D dalvikvm: GC_CONCURRENT freed 370K, 5% free 9166K/9607K, paused 2ms+6ms
07-14 14:10:22.938   144   204 D Tethering: MasterInitialState.processMessage what=3
07-14 14:10:23.133   144   204 D Tethering: MasterInitialState.processMessage what=3
07-14 14:10:23.637   144   200 D ConnectivityService: handleInetConditionHoldEnd: net=1, condition=100, published condition=100
07-14 14:10:23.817   144 24503 I ActivityManager: Start proc com.google.android.apps.uploader for broadcast com.google.android.apps.uploader/.ConnectivityBroadcastReceiver: pid=17444 uid=10030 gids={3003}
07-14 14:10:23.832 17444 17444 I dalvikvm: Turning on JNI app bug workarounds for target SDK version 11...
07-14 14:10:23.934 17444 17444 I ActivityThread: Pub com.google.android.apps.uploader: com.google.android.apps.uploader.UploadsContentProvider
07-14 14:10:23.934 17444 17444 I ActivityThread: Pub com.google.photos.provider.Album: com.google.android.apps.uploader.clients.picasa.AlbumProvider
07-14 14:10:23.945 17444 17444 D MediaUploader: UploaderApplication.onCreate
07-14 14:10:24.125 17444 17444 D MediaUploader: nonWifiLimit=20971520, default=20971520
07-14 14:10:24.129 17444 17444 I MediaUploader: No need to wake up
07-14 14:10:24.254   144   326 I ActivityManager: Start proc com.google.android.apps.plus for broadcast com.google.android.apps.plus/com.google.android.picasasync.ConnectivityReceiver: pid=17460 uid=10060 gids={3003, 3002, 1015, 1006}
07-14 14:10:24.348   144  7984 I ActivityManager: Process com.google.android.youtube (pid 17323) has died.
07-14 14:10:24.543 17460 17463 D dalvikvm: GC_CONCURRENT freed 167K, 3% free 9369K/9607K, paused 6ms+2ms
07-14 14:10:24.684   144   147 D dalvikvm: GC_CONCURRENT freed 1886K, 23% free 19059K/24711K, paused 17ms+11ms
07-14 14:10:24.723 17460 17460 I ActivityThread: Pub com.google.android.apps.plus.content.ApiProvider: com.google.android.apps.plus.content.EsApiProvider
07-14 14:10:24.797 17460 17460 I ActivityThread: Pub com.google.android.apps.plus.content.EsGooglePhotoProvider: com.google.android.picasasync.PicasaContentProvider
07-14 14:10:24.992 17460 17463 D dalvikvm: GC_CONCURRENT freed 337K, 5% free 9580K/9991K, paused 87ms+2ms
07-14 14:10:25.024 17460 17460 I ActivityThread: Pub com.google.android.apps.plus.content.EsPicasaStoreProvider: com.google.android.picasastore.PicasaPhotoContentProvider
07-14 14:10:25.039 17460 17460 I ActivityThread: Pub com.google.plus.platform: com.google.android.apps.plus.content.AdsProvider
07-14 14:10:25.043 17460 17460 I ActivityThread: Pub com.google.android.apps.plus.iu.EsGoogleIuProvider: com.google.android.apps.plus.iu.InstantUploadProvider
07-14 14:10:25.102 17460 17463 D dalvikvm: GC_CONCURRENT freed 501K, 6% free 9608K/10183K, paused 1ms+3ms
07-14 14:10:25.106 17460 17460 I ActivityThread: Pub com.google.android.apps.plus.content.EsProvider: com.google.android.apps.plus.content.EsProvider
07-14 14:10:25.281   144   424 I ActivityManager: Start proc com.google.android.youtube for broadcast com.google.android.youtube/.app.prefetch.PrefetchService$DeviceStateReceiver: pid=17478 uid=10057 gids={3003, 1015, 1006}
07-14 14:10:25.465 17478 17480 D dalvikvm: GC_CONCURRENT freed 171K, 3% free 9359K/9607K, paused 3ms+2ms
07-14 14:10:25.469 17460 17491 D PicasaSync: sync account database
07-14 14:10:25.488 17478 17478 I ActivityThread: Pub com.google.android.youtube.SuggestionProvider: com.google.android.youtube.core.suggest.SuggestionProvider
07-14 14:10:25.516 17460 17474 D PicasaPhotoCP: set fsid first time:-1
07-14 14:10:25.531 17460 17463 D dalvikvm: GC_CONCURRENT freed 279K, 4% free 9857K/10247K, paused 34ms+3ms
07-14 14:10:25.715 17460 17491 D PicasaSync: accounts in DB=1
07-14 14:10:25.719 17460 17491 D PicasaSyncManager: active network: NetworkInfo: type: WIFI[], state: CONNECTED/CONNECTED, reason: (unspecified), extra: (none), roaming: false, failover: false, isAvailable: true
07-14 14:10:25.719 17460 17491 D PicasaSyncManager: background data: true
07-14 14:10:26.031 17460 17491 D PicasaSyncManager: battery info: false
07-14 14:10:26.129   144  7984 I ActivityManager: Process android.process.acore (pid 17381) has died.
07-14 14:10:26.180 17460 17463 D dalvikvm: GC_CONCURRENT freed 218K, 4% free 10113K/10439K, paused 3ms+8ms
07-14 14:10:26.285 17478 17480 D dalvikvm: GC_CONCURRENT freed 354K, 5% free 9493K/9927K, paused 2ms+2ms
07-14 14:10:26.285 17478 17487 W CursorWrapperInner: Cursor finalized without prior close()
07-14 14:10:26.285 17478 17487 W CursorWrapperInner: Cursor finalized without prior close()
07-14 14:10:26.395 17478 17480 D dalvikvm: GC_CONCURRENT freed 276K, 4% free 9772K/10119K, paused 2ms+3ms
07-14 14:10:26.500 17478 17480 D dalvikvm: GC_CONCURRENT freed 392K, 5% free 9912K/10375K, paused 3ms+3ms
07-14 14:10:26.606 17478 17480 D dalvikvm: GC_CONCURRENT freed 320K, 4% free 10112K/10503K, paused 2ms+2ms
07-14 14:10:26.719 17478 17480 D dalvikvm: GC_CONCURRENT freed 417K, 5% free 10207K/10695K, paused 4ms+2ms
07-14 14:10:26.903 17478 17480 D dalvikvm: GC_CONCURRENT freed 394K, 5% free 10305K/10823K, paused 1ms+3ms
07-14 14:10:27.020 11780 11782 D dalvikvm: GC_CONCURRENT freed 375K, 8% free 11298K/12167K, paused 104ms+26ms
07-14 14:10:27.082 17035 17035 W ContextScopeImpl: thread=1 tried to enter the scope of the application context. Ignored.
07-14 14:10:27.168 11780 16435 D dalvikvm: GC_FOR_ALLOC freed 340K, 9% free 11191K/12167K, paused 88ms
07-14 14:10:27.344 17460 17463 D dalvikvm: GC_CONCURRENT freed 237K, 4% free 10357K/10695K, paused 2ms+3ms
07-14 14:10:27.574 17444 17444 I MediaUploader: No need to wake up
07-14 14:10:27.731 17035 17035 W ContextScopeImpl: thread=1 tried to enter the scope of the application context. Ignored.
07-14 14:10:27.789 17460 17491 D PicasaSyncManager: active network: NetworkInfo: type: WIFI[], state: CONNECTED/CONNECTED, reason: (unspecified), extra: (none), roaming: false, failover: false, isAvailable: true
07-14 14:10:27.797 17460 17491 D PicasaSyncManager: background data: true
07-14 14:10:27.848 17035 17038 D dalvikvm: GC_CONCURRENT freed 315K, 5% free 9872K/10311K, paused 16ms+6ms
07-14 14:10:27.953 17460 17475 D dalvikvm: GC_FOR_ALLOC freed 214K, 4% free 10485K/10887K, paused 27ms
07-14 14:10:27.957 17460 17475 I dalvikvm-heap: Grow heap (frag case) to 10.555MB for 260112-byte allocation
07-14 14:10:28.020 17460 17475 D dalvikvm: GC_FOR_ALLOC freed 126K, 5% free 10612K/11143K, paused 22ms
07-14 14:10:28.031 17233 17234 D dalvikvm: GC_CONCURRENT freed 321K, 4% free 11018K/11463K, paused 13ms+25ms
07-14 14:10:28.094 17460 17475 D dalvikvm: GC_FOR_ALLOC freed 311K, 6% free 10605K/11207K, paused 25ms
07-14 14:10:28.125 17460 17475 D dalvikvm: GC_FOR_ALLOC freed 62K, 5% free 10669K/11207K, paused 23ms
07-14 14:10:28.137 17460 17475 I dalvikvm-heap: Grow heap (frag case) to 10.736MB for 260112-byte allocation
07-14 14:10:28.215 17460 17475 D dalvikvm: GC_FOR_ALLOC freed 126K, 6% free 10797K/11463K, paused 21ms
07-14 14:10:28.235 17478 17480 D dalvikvm: GC_CONCURRENT freed 375K, 5% free 10466K/10951K, paused 14ms+5ms
07-14 14:10:28.317 17460 17475 D dalvikvm: GC_FOR_ALLOC freed 307K, 6% free 10788K/11463K, paused 21ms
07-14 14:10:28.352 17460 17475 D dalvikvm: GC_FOR_ALLOC freed 62K, 6% free 10852K/11463K, paused 24ms
07-14 14:10:28.356 17460 17475 I dalvikvm-heap: Grow heap (frag case) to 10.915MB for 260112-byte allocation
07-14 14:10:28.391 17460 17475 D dalvikvm: GC_FOR_ALLOC freed 126K, 7% free 10980K/11719K, paused 25ms
07-14 14:10:28.774  5517  5521 D dalvikvm: GC_CONCURRENT freed 412K, 6% free 10667K/11335K, paused 7ms+22ms
07-14 14:10:29.129 17460 17463 D dalvikvm: GC_CONCURRENT freed 355K, 4% free 11277K/11719K, paused 2ms+10ms
07-14 14:10:29.313 17460 17463 D dalvikvm: GC_CONCURRENT freed 134K, 3% free 11781K/12039K, paused 2ms+2ms
07-14 14:10:29.766 17460 17463 D dalvikvm: GC_CONCURRENT freed 549K, 6% free 12079K/12743K, paused 2ms+2ms
07-14 14:10:30.992 17460 17463 D dalvikvm: GC_CONCURRENT freed 237K, 3% free 12883K/13191K, paused 215ms+4ms
07-14 14:10:31.766   144   323 D dalvikvm: GC_EXPLICIT freed 998K, 23% free 19035K/24711K, paused 14ms+9ms
07-14 14:10:32.106 17233 17262 I DatabaseHelper: Begin cleanup.
07-14 14:10:32.477 17233 17234 D dalvikvm: GC_CONCURRENT freed 434K, 5% free 11159K/11719K, paused 9ms+4ms
07-14 14:10:33.000 17233 17262 I DatabaseHelper: Cleaned up: 0
07-14 14:10:33.391 11780 11782 D dalvikvm: GC_CONCURRENT freed 714K, 9% free 11082K/12167K, paused 72ms+44ms
07-14 14:10:35.582 11780 11782 D dalvikvm: GC_CONCURRENT freed 495K, 8% free 11270K/12167K, paused 6ms+4ms
07-14 14:10:41.832 11780 11782 D dalvikvm: GC_CONCURRENT freed 878K, 10% free 11049K/12167K, paused 7ms+6ms
07-14 14:10:45.199   344   344 D SAN_SERVICE: *******************************************
07-14 14:10:45.203   344   344 D SAN_SERVICE: DM App Phone Service State - 0
07-14 14:10:45.203   344   344 D SAN_SERVICE: *******************************************
07-14 14:10:45.313   344   344 D SAN_SERVICE: *******************************************
07-14 14:10:45.313   344   344 D SAN_SERVICE: DM App Phone Service State - 0
07-14 14:10:45.313   344   344 D SAN_SERVICE: *******************************************
07-14 14:10:45.352 11780 11782 D dalvikvm: GC_CONCURRENT freed 433K, 8% free 11266K/12167K, paused 2ms+3ms
07-14 14:10:45.379 11780 16435 D dalvikvm: GC_FOR_ALLOC freed 63K, 8% free 11203K/12167K, paused 29ms
07-14 14:10:45.383 11780 16435 I dalvikvm-heap: Grow heap (frag case) to 11.072MB for 64486-byte allocation
07-14 14:10:45.418 11780 16410 D dalvikvm: GC_FOR_ALLOC freed 0K, 8% free 11266K/12231K, paused 28ms
07-14 14:10:46.137   344   344 D SAN_SERVICE: *******************************************
07-14 14:10:46.137   344   344 D SAN_SERVICE: DM App Phone Service State - 0
07-14 14:10:46.137   344   344 D SAN_SERVICE: *******************************************
07-14 14:10:50.125   344   344 D SAN_SERVICE: *******************************************
07-14 14:10:50.125   344   344 D SAN_SERVICE: DM App Phone Service State - 0
07-14 14:10:50.125   344   344 D SAN_SERVICE: *******************************************
07-14 14:10:50.371   344   344 D SAN_SERVICE: *******************************************
07-14 14:10:50.371   344   344 D SAN_SERVICE: DM App Phone Service State - 0
07-14 14:10:50.375   344   344 D SAN_SERVICE: *******************************************
07-14 14:10:51.098   344   344 D SAN_SERVICE: *******************************************
07-14 14:10:51.098   344   344 D SAN_SERVICE: DM App Phone Service State - 0
07-14 14:10:51.098   344   344 D SAN_SERVICE: *******************************************
07-14 14:10:51.141 11780 11782 D dalvikvm: GC_CONCURRENT freed 867K, 10% free 11032K/12231K, paused 37ms+4ms
07-14 14:10:54.895 11780 11782 D dalvikvm: GC_CONCURRENT freed 378K, 8% free 11298K/12231K, paused 2ms+4ms
07-14 14:10:55.848  5517  5521 D dalvikvm: GC_CONCURRENT freed 341K, 6% free 10746K/11335K, paused 80ms+15ms
07-14 14:10:58.360 11780 11782 D dalvikvm: GC_CONCURRENT freed 1023K, 11% free 10934K/12231K, paused 6ms+5ms
07-14 14:11:03.996 11780 11782 D dalvikvm: GC_CONCURRENT freed 233K, 9% free 11221K/12231K, paused 1ms+5ms
07-14 14:11:04.344 11780 16435 D dalvikvm: GC_FOR_ALLOC freed 596K, 9% free 11200K/12231K, paused 32ms
07-14 14:11:08.528 15783 15796 I PhoneLab-: Service Running
07-14 14:11:08.711 15783 15796 I PhoneLab-LoggerService: app_37    1373  1     1440   980   c00f181c 400107b4 S logcat
07-14 14:11:08.715 15783 15796 I PhoneLab-LoggerService: Logcat pid from database 1373
07-14 14:11:08.715 15783 15796 I PhoneLab-LoggerService: Logcat process found 1373
07-14 14:11:08.715 15783 15796 I PhoneLab-LoggerService: Checking Threshold
07-14 14:11:08.742 15783 15784 D dalvikvm: GC_CONCURRENT freed 878K, 15% free 9167K/10695K, paused 11ms+3ms
07-14 14:11:09.141 11780 11782 D dalvikvm: GC_CONCURRENT freed 924K, 11% free 11003K/12231K, paused 2ms+5ms
07-14 14:11:09.195   144   156 I ActivityManager: Start proc com.google.android.apps.maps:LocationFriendService for service com.google.android.apps.maps/com.google.googlenav.friend.reporting.LocationReceiverService: pid=17537 uid=10056 gids={3003, 1015}
07-14 14:11:09.715 17537 17541 D dalvikvm: GC_CONCURRENT freed 176K, 3% free 9360K/9607K, paused 20ms+5ms
07-14 14:11:10.266 17537 17541 D dalvikvm: GC_CONCURRENT freed 134K, 3% free 9669K/9927K, paused 13ms+36ms
07-14 14:11:10.793   344   344 D SAN_SERVICE: *******************************************
07-14 14:11:10.793   344   344 D SAN_SERVICE: DM App Phone Service State - 0
07-14 14:11:10.793   344   344 D SAN_SERVICE: *******************************************
07-14 14:11:10.910 17537 17541 D dalvikvm: GC_CONCURRENT freed 307K, 4% free 9846K/10247K, paused 2ms+2ms
07-14 14:11:11.098   344   344 D SAN_SERVICE: *******************************************
07-14 14:11:11.098   344   344 D SAN_SERVICE: DM App Phone Service State - 0
07-14 14:11:11.098   344   344 D SAN_SERVICE: *******************************************
07-14 14:11:11.188 17537 17544 I dalvikvm: Total arena pages for JIT: 11
07-14 14:11:11.188 17537 17544 I dalvikvm: Total arena pages for JIT: 12
07-14 14:11:11.188 17537 17544 I dalvikvm: Total arena pages for JIT: 13
07-14 14:11:11.188 17537 17544 I dalvikvm: Total arena pages for JIT: 14
07-14 14:11:11.192 17537 17544 I dalvikvm: Total arena pages for JIT: 15
07-14 14:11:11.192 17537 17544 I dalvikvm: Total arena pages for JIT: 16
07-14 14:11:11.192 17537 17544 I dalvikvm: Total arena pages for JIT: 17
07-14 14:11:11.317 17537 17541 D dalvikvm: GC_CONCURRENT freed 342K, 5% free 9980K/10439K, paused 2ms+2ms
07-14 14:11:14.043 11780 11782 D dalvikvm: GC_CONCURRENT freed 416K, 9% free 11245K/12231K, paused 4ms+3ms
07-14 14:11:17.707 11780 11782 D dalvikvm: GC_CONCURRENT freed 990K, 12% free 10884K/12231K, paused 2ms+3ms
07-14 14:11:24.043 11780 11782 D dalvikvm: GC_CONCURRENT freed 293K, 9% free 11199K/12231K, paused 2ms+4ms
07-14 14:11:24.145 11780 16435 D dalvikvm: GC_FOR_ALLOC freed 488K, 9% free 11132K/12231K, paused 28ms
07-14 14:11:25.254  5517  5521 D dalvikvm: GC_CONCURRENT freed 441K, 5% free 10769K/11335K, paused 9ms+8ms
07-14 14:11:32.012 11780 11782 D dalvikvm: GC_CONCURRENT freed 628K, 10% free 11085K/12231K, paused 46ms+4ms
07-14 14:11:33.985 11780 11782 D dalvikvm: GC_CONCURRENT freed 428K, 8% free 11341K/12231K, paused 2ms+3ms
07-14 14:11:42.180 11780 11782 D dalvikvm: GC_CONCURRENT freed 898K, 10% free 11094K/12231K, paused 21ms+4ms
07-14 14:11:43.875 11780 11782 D dalvikvm: GC_CONCURRENT freed 432K, 8% free 11335K/12231K, paused 2ms+3ms
07-14 14:11:47.516   144   147 D dalvikvm: GC_CONCURRENT freed 1515K, 22% free 19452K/24711K, paused 22ms+14ms
07-14 14:11:52.367 11780 11782 D dalvikvm: GC_CONCURRENT freed 882K, 10% free 11127K/12231K, paused 12ms+4ms
07-14 14:11:53.016   344   344 D SAN_SERVICE: *******************************************
07-14 14:11:53.016   344   344 D SAN_SERVICE: DM App Phone Service State - 0
07-14 14:11:53.016   344   344 D SAN_SERVICE: *******************************************
07-14 14:11:53.711 11780 16435 D dalvikvm: GC_FOR_ALLOC freed 509K, 9% free 11179K/12231K, paused 30ms
07-14 14:11:54.207   144   195 D dalvikvm: GC_EXPLICIT freed 687K, 24% free 19021K/24711K, paused 3ms+9ms
07-14 14:11:59.340   344   344 D SAN_SERVICE: *******************************************
07-14 14:11:59.340   344   344 D SAN_SERVICE: DM App Phone Service State - 0
07-14 14:11:59.340   344   344 D SAN_SERVICE: *******************************************
07-14 14:11:59.883 11780 11782 D dalvikvm: GC_CONCURRENT freed 761K, 10% free 11014K/12231K, paused 2ms+3ms
07-14 14:12:03.645 11780 11782 D dalvikvm: GC_CONCURRENT freed 379K, 8% free 11278K/12231K, paused 2ms+4ms
07-14 14:12:08.086   144 10051 W ActivityManager: finishReceiver called but no pending broadcasts
07-14 14:12:08.199 11780 11782 D dalvikvm: GC_CONCURRENT freed 987K, 11% free 10934K/12231K, paused 2ms+3ms
07-14 14:12:08.418   214   214 D dalvikvm: GC_FOR_ALLOC freed 661K, 55% free 10053K/22023K, paused 19ms
07-14 14:12:08.508   214   216 D dalvikvm: GC_CONCURRENT freed 352K, 54% free 10158K/22023K, paused 2ms+3ms
07-14 14:12:09.348 17537 17544 I dalvikvm: Total arena pages for JIT: 18
07-14 14:12:09.516 17537 17541 D dalvikvm: GC_CONCURRENT freed 417K, 6% free 10032K/10567K, paused 13ms+7ms
07-14 14:12:50.261   144   160 I power   : *** set_screen_state 1
07-14 14:12:50.414   214   214 W PowerUI : unknown intent: Intent { act=android.intent.action.ACTION_POWER_CONNECTED flg=0x10000010 }
07-14 14:12:50.425 15783 15783 I PhoneLab-PowerOnReceiver: Power is plugged in!
07-14 14:12:50.425 15783 15783 I PhoneLab-PowerOnReceiver: Rescheduling periodic checking...
07-14 14:12:50.457   144   175 I WindowManager: Lock screen displayed!
07-14 14:12:50.539    78   120 D SurfaceFlinger: Screen about to return, flinger = 0x5b4918
07-14 14:12:50.613 15783 15783 I PhoneLab-Locks: wake lock acquired
07-14 14:12:50.636 15783 15783 I PhoneLab-UploadLogs: Transfering log files now
07-14 14:12:50.652   144   402 I ActivityManager: Process com.google.android.talk (pid 17399) has died.
07-14 14:12:50.722 15783 15783 I PhoneLab-UploadLogs: No log files to transfer
07-14 14:12:50.722 15783 15783 I PhoneLab-Locks: wake lock released
07-14 14:12:50.746 15783 15783 I PhoneLab-UploadLogs: OnStartCommand
07-14 14:12:50.996   144 30930 I ActivityManager: Start proc com.google.android.apps.gesturesearch for broadcast com.google.android.apps.gesturesearch/.search.BatteryReceiver: pid=17569 uid=10088 gids={3003}
07-14 14:12:51.062 17569 17569 I dalvikvm: Turning on JNI app bug workarounds for target SDK version 8...
07-14 14:12:51.070    79    79 D dalvikvm: GC_EXPLICIT freed 38K, 4% free 9031K/9347K, paused 3ms+5ms
07-14 14:12:51.117   144  9303 I ActivityManager: Process com.google.android.apps.docs (pid 17035) has died.
07-14 14:12:51.183    79    79 D dalvikvm: GC_EXPLICIT freed <1K, 4% free 9031K/9347K, paused 2ms+6ms
07-14 14:12:51.234 17569 17569 I ActivityThread: Pub com.google.android.apps.gesturesearch.history: com.google.android.apps.gesturesearch.data.QueryHistoryProvider
07-14 14:12:51.238 17569 17569 I ActivityThread: Pub com.google.android.apps.gesturesearch.index: com.google.android.apps.gesturesearch.data.IndexProvider
07-14 14:12:51.320    79    79 D dalvikvm: GC_EXPLICIT freed <1K, 4% free 9031K/9347K, paused 7ms+7ms
07-14 14:12:51.504   144 24503 I ActivityManager: Process com.google.android.apps.uploader (pid 17444) has died.
07-14 14:12:51.859   144   380 I ActivityManager: Process com.twitter.android (pid 17233) has died.
07-14 14:12:51.968 17569 17570 D dalvikvm: GC_CONCURRENT freed 251K, 4% free 9224K/9607K, paused 9ms+2ms
07-14 14:12:52.152   144  9084 I ActivityManager: Start proc android.process.acore for content provider com.android.providers.contacts/.ContactsProvider2: pid=17589 uid=10000 gids={3003, 1015}
07-14 14:12:52.199 17589 17589 I ActivityThread: Pub call_log: com.android.providers.contacts.CallLogProvider
07-14 14:12:52.207 17478 17480 D dalvikvm: GC_CONCURRENT freed 382K, 5% free 10541K/11015K, paused 6ms+5ms
07-14 14:12:52.246 17589 17589 I ActivityThread: Pub com.android.voicemail: com.android.providers.contacts.VoicemailContentProvider
07-14 14:12:52.246 17589 17589 I ActivityThread: Pub user_dictionary: com.android.providers.userdictionary.UserDictionaryProvider
07-14 14:12:52.261 17589 17589 I ActivityThread: Pub com.android.social: com.android.providers.contacts.SocialProvider
07-14 14:12:52.261 17589 17589 I ActivityThread: Pub applications: com.android.providers.applications.ApplicationsProvider
07-14 14:12:52.320 17589 17589 I ActivityThread: Pub contacts;com.android.contacts: com.android.providers.contacts.ContactsProvider2
07-14 14:12:52.363 17589 17591 D dalvikvm: GC_CONCURRENT freed 347K, 5% free 9189K/9607K, paused 2ms+3ms
07-14 14:12:52.609 17589 17591 D dalvikvm: GC_CONCURRENT freed 230K, 4% free 9374K/9735K, paused 3ms+3ms
07-14 14:12:52.882   144 24503 I ActivityManager: Start proc com.android.browser for content provider com.android.browser/.provider.BrowserProvider2: pid=17604 uid=10003 gids={3003, 1015}
07-14 14:12:53.000 17604 17604 I ActivityThread: Pub com.android.browser;browser: com.android.browser.provider.BrowserProvider2
07-14 14:12:53.011 17604 17604 I ActivityThread: Pub com.android.browser.home: com.android.browser.homepages.HomeProvider
07-14 14:12:53.011 17604 17604 I ActivityThread: Pub com.android.browser.snapshots: com.android.browser.provider.SnapshotProvider
07-14 14:12:53.027 17478 17480 D dalvikvm: GC_CONCURRENT freed 354K, 4% free 10707K/11143K, paused 2ms+20ms
07-14 14:12:54.761   262   262 I wpa_supplicant: wlan0: Associated with d0:c2:82:2d:ea:c1
07-14 14:12:54.769   262   262 I wpa_supplicant: wlan0: CTRL-EVENT-EAP-STARTED EAP authentication started
07-14 14:12:54.773   262   262 I wpa_supplicant: wlan0: CTRL-EVENT-EAP-PROPOSED-METHOD vendor=0 method=4 -> NAK
07-14 14:12:54.777   262   262 I wpa_supplicant: wlan0: CTRL-EVENT-EAP-PROPOSED-METHOD vendor=0 method=25
07-14 14:12:54.777   262   262 I wpa_supplicant: wlan0: CTRL-EVENT-EAP-METHOD EAP vendor 0 method 25 (PEAP) selected
07-14 14:12:54.836   262   262 I wpa_supplicant: wlan0: CTRL-EVENT-EAP-PEER-CERT depth=2 subject='/C=US/O=Entrust.net/OU=www.entrust.net/CPS incorp. by ref. (limits liab.)/OU=(c) 1999 Entrust.net Limited/CN=Entrust.net Secure Server Certification Authority'
07-14 14:12:54.836   262   262 I wpa_supplicant: wlan0: CTRL-EVENT-EAP-PEER-CERT depth=2 subject='/C=US/O=Entrust.net/OU=www.entrust.net/CPS incorp. by ref. (limits liab.)/OU=(c) 1999 Entrust.net Limited/CN=Entrust.net Secure Server Certification Authority'
07-14 14:12:54.839   262   262 I wpa_supplicant: wlan0: CTRL-EVENT-EAP-PEER-CERT depth=1 subject='/C=US/ST=UT/L=Salt Lake City/O=The USERTRUST Network/CN=USERTrust Legacy Secure Server CA'
07-14 14:12:54.843   262   262 I wpa_supplicant: wlan0: CTRL-EVENT-EAP-PEER-CERT depth=0 subject='/C=US/postalCode=14260/ST=New York/L=Buffalo/street=305 Computing Center/O=SUNY AT BUFFALO/OU=Office of the President/OU=Issued through UNIVERSITY AT BUFFALO E-PKI Manager/OU=PremiumSSL Legacy/CN=ubsecure.acsu.buffalo.edu'
07-14 14:12:55.015   262   262 I wpa_supplicant: EAP-MSCHAPV2: Authentication succeeded
07-14 14:12:55.019   262   262 I wpa_supplicant: EAP-TLV: TLV Result - Success - EAP-TLV/Phase2 Completed
07-14 14:12:55.023   262   262 I wpa_supplicant: wlan0: CTRL-EVENT-EAP-SUCCESS EAP authentication completed successfully
07-14 14:12:55.035   262   262 I wpa_supplicant: wlan0: CTRL-EVENT-DISCONNECTED bssid=d0:c2:82:2d:ea:c1 reason=0
07-14 14:12:55.035 24905 24928 D CommandListener: Clearing all IP addresses on wlan0
07-14 14:12:55.058 17589 17591 D dalvikvm: GC_CONCURRENT freed 177K, 4% free 9616K/9927K, paused 76ms+3ms
07-14 14:12:55.070   144   200 D ConnectivityService: ConnectivityChange for WIFI: DISCONNECTED/DISCONNECTED
07-14 14:12:55.078   144   200 D ConnectivityService: Attempting to switch to mobile
07-14 14:12:55.148   144   200 D ConnectivityService: Attempting to switch to WIMAX
07-14 14:12:55.148   144   200 D ConnectivityService: Attempting to switch to BLUETOOTH_TETHER
07-14 14:12:55.152   144   200 E ConnectivityService: Exception trying to remove a route: java.lang.IllegalStateException: Unable to communicate with native dameon to add routes - com.android.server.NativeDaemonConnectorException: Cmd {interface route remove wlan0 default 67.20.213.254 32 0.0.0.0} failed with code 400 : {Failed to remove route from default table (No such process)}
07-14 14:12:55.160   144   200 E ConnectivityService: Exception trying to remove a route: java.lang.IllegalStateException: Unable to communicate with native dameon to add routes - com.android.server.NativeDaemonConnectorException: Cmd {interface route remove wlan0 default 0.0.0.0 0 67.20.213.254} failed with code 400 : {Failed to remove route from default table (No such process)}
07-14 14:12:55.160   144   200 D ConnectivityService: resetConnections(wlan0, 3)
07-14 14:12:55.164   144   200 D NetUtils: android_net_utils_resetConnections in env=0x13390c8 clazz=0x2db00001 iface=wlan0 mask=0x3
07-14 14:12:55.382  5517 17357 W Smack/Packet: notify conn break (IOEx), close connection
07-14 14:12:55.386   344   347 D dalvikvm: GC_CONCURRENT freed 888K, 15% free 12015K/14087K, paused 7ms+6ms
07-14 14:12:55.605  5517 17357 I qtaguid : Failed write_ctrl(u 82) res=-1 errno=22
07-14 14:12:55.605  5517 17357 I qtaguid : Untagging socket 82 failed errno=-22
07-14 14:12:55.605  5517 17357 W NetworkManagementSocketTagger: untagSocket(82) failed with errno -22
07-14 14:12:55.652   144   200 D ConnectivityService: handleInetConditionChange: no active default network - ignore
07-14 14:12:55.660   214   214 D PhoneStatusBar: disable: < expand icons alerts ticker system_info BACK HOME recent* CLOCK >
07-14 14:12:55.793   214   214 D PhoneStatusBar: disable: < expand icons alerts ticker system_info back* home* recent clock* >
07-14 14:12:55.894   144   376 W InputManagerService: Window already focused, ignoring focus gain of: com.android.internal.view.IInputMethodClient$Stub$Proxy@41409cf8
07-14 14:12:56.035   320   324 D dalvikvm: GC_CONCURRENT freed 460K, 20% free 10164K/12615K, paused 47ms+3ms
07-14 14:12:56.328   262   262 I wpa_supplicant: wlan0: Trying to associate with d0:c2:82:67:2e:71 (SSID='UB_Secure' freq=2412 MHz)
07-14 14:12:56.457   262   262 I wpa_supplicant: wlan0: Associated with d0:c2:82:67:2e:71
07-14 14:12:56.457   262   262 I wpa_supplicant: wlan0: CTRL-EVENT-EAP-STARTED EAP authentication started
07-14 14:12:56.464   262   262 I wpa_supplicant: wlan0: CTRL-EVENT-EAP-PROPOSED-METHOD vendor=0 method=4 -> NAK
07-14 14:12:56.468   262   262 I wpa_supplicant: wlan0: CTRL-EVENT-EAP-PROPOSED-METHOD vendor=0 method=25
07-14 14:12:56.468   262   262 I wpa_supplicant: wlan0: CTRL-EVENT-EAP-METHOD EAP vendor 0 method 25 (PEAP) selected
07-14 14:12:56.515   262   262 I wpa_supplicant: wlan0: CTRL-EVENT-EAP-PEER-CERT depth=2 subject='/C=US/O=Entrust.net/OU=www.entrust.net/CPS incorp. by ref. (limits liab.)/OU=(c) 1999 Entrust.net Limited/CN=Entrust.net Secure Server Certification Authority'
07-14 14:12:56.515   262   262 I wpa_supplicant: wlan0: CTRL-EVENT-EAP-PEER-CERT depth=2 subject='/C=US/O=Entrust.net/OU=www.entrust.net/CPS incorp. by ref. (limits liab.)/OU=(c) 1999 Entrust.net Limited/CN=Entrust.net Secure Server Certification Authority'
07-14 14:12:56.515   262   262 I wpa_supplicant: wlan0: CTRL-EVENT-EAP-PEER-CERT depth=1 subject='/C=US/ST=UT/L=Salt Lake City/O=The USERTRUST Network/CN=USERTrust Legacy Secure Server CA'
07-14 14:12:56.519   262   262 I wpa_supplicant: wlan0: CTRL-EVENT-EAP-PEER-CERT depth=0 subject='/C=US/postalCode=14260/ST=New York/L=Buffalo/street=305 Computing Center/O=SUNY AT BUFFALO/OU=Office of the President/OU=Issued through UNIVERSITY AT BUFFALO E-PKI Manager/OU=PremiumSSL Legacy/CN=ubsecure.acsu.buffalo.edu'
07-14 14:12:56.546 11780 11782 D dalvikvm: GC_CONCURRENT freed 802K, 13% free 10643K/12231K, paused 40ms+12ms
07-14 14:12:56.578  5517  5521 D dalvikvm: GC_CONCURRENT freed 526K, 6% free 10748K/11399K, paused 16ms+16ms
07-14 14:12:56.671   262   262 I wpa_supplicant: EAP-MSCHAPV2: Authentication succeeded
07-14 14:12:56.675   262   262 I wpa_supplicant: EAP-TLV: TLV Result - Success - EAP-TLV/Phase2 Completed
07-14 14:12:56.679   262   262 I wpa_supplicant: wlan0: CTRL-EVENT-EAP-SUCCESS EAP authentication completed successfully
07-14 14:12:56.703   262   262 I wpa_supplicant: wlan0: WPA: Key negotiation completed with d0:c2:82:67:2e:71 [PTK=CCMP GTK=TKIP]
07-14 14:12:56.703   262   262 I wpa_supplicant: wlan0: CTRL-EVENT-CONNECTED - Connection to d0:c2:82:67:2e:71 completed (reauth) [id=0 id_str=]
07-14 14:12:57.105   144   400 I ActivityManager: START {act=android.intent.action.VIEW dat=content://com.google.android.providers.talk/messagesByAccount/1 flg=0x34000000 cmp=com.google.android.talk/.SigningInActivity bnds=[96,119][480,215] (has extras)} from pid -1
07-14 14:12:57.351   144 10051 W KeyguardViewMediator: verifyUnlock called when not externally disabled
07-14 14:12:57.566   144  9084 I ActivityManager: Start proc com.google.android.talk for activity com.google.android.talk/.SigningInActivity: pid=17635 uid=10045 gids={3003, 1015, 1006, 3002}
07-14 14:12:58.242   144   147 D dalvikvm: GC_CONCURRENT freed 1716K, 22% free 19353K/24711K, paused 42ms+22ms
07-14 14:12:58.371   144   204 D Tethering: MasterInitialState.processMessage what=3
07-14 14:12:58.375   144  9303 I ActivityManager: Process com.google.android.apps.plus (pid 17460) has died.
07-14 14:12:58.453 18680 18680 D OpenGLRenderer: Flushing caches (mode 1)
07-14 14:12:58.472 17635 17635 I ActivityThread: Pub com.google.android.talk.SuggestionProvider: com.google.android.talk.SuggestionsProvider
07-14 14:12:58.601   144  9084 W InputManagerService: Focus gain on non-focused client com.android.internal.view.IInputMethodClient$Stub$Proxy@415c59a0 (uid=10026 pid=18680)
07-14 14:12:58.714   144   160 I Process : Sending signal. PID: 17635 SIG: 3
07-14 14:12:58.714 17635 17638 I dalvikvm: threadid=3: reacting to signal 3
07-14 14:12:58.734 17635 17638 I dalvikvm: Wrote stack traces to '/data/anr/traces.txt'
07-14 14:12:58.761 18680 18680 D OpenGLRenderer: Flushing caches (mode 0)
07-14 14:12:58.836   144   200 D ConnectivityService: ConnectivityChange for WIFI: CONNECTED/CONNECTED
07-14 14:12:58.906   144   195 W NetworkStats: dropping UID delta from unknown iface: iface=wlan0 uid=0 set=DEFAULT tag=0x0 rxBytes=100 rxPackets=2 txBytes=192 txPackets=3 operations=0
07-14 14:12:58.996 17635 17635 D vclib:CallStateClient: startListening
07-14 14:12:59.082   144 24503 I ActivityManager: Start proc com.google.android.apps.uploader for broadcast com.google.android.apps.uploader/.ConnectivityBroadcastReceiver: pid=17678 uid=10030 gids={3003}
07-14 14:12:59.093 17678 17678 I dalvikvm: Turning on JNI app bug workarounds for target SDK version 11...
07-14 14:12:59.156   144   160 I Process : Sending signal. PID: 17635 SIG: 3
07-14 14:12:59.156 17635 17638 I dalvikvm: threadid=3: reacting to signal 3
07-14 14:12:59.160 17678 17678 I ActivityThread: Pub com.google.android.apps.uploader: com.google.android.apps.uploader.UploadsContentProvider
07-14 14:12:59.160 17678 17678 I ActivityThread: Pub com.google.photos.provider.Album: com.google.android.apps.uploader.clients.picasa.AlbumProvider
07-14 14:12:59.218   144   480 D dalvikvm: GC_EXPLICIT freed 1500K, 26% free 18366K/24711K, paused 168ms+40ms
07-14 14:12:59.355 17635 17638 I dalvikvm: Wrote stack traces to '/data/anr/traces.txt'
07-14 14:12:59.367 17678 17678 D MediaUploader: UploaderApplication.onCreate
07-14 14:12:59.371 17635 17637 D dalvikvm: GC_CONCURRENT freed 120K, 3% free 9385K/9607K, paused 124ms+5ms
07-14 14:12:59.625 17678 17678 D MediaUploader: nonWifiLimit=20971520, default=20971520
07-14 14:12:59.656   144   160 I Process : Sending signal. PID: 17635 SIG: 3
07-14 14:12:59.656 17635 17638 I dalvikvm: threadid=3: reacting to signal 3
07-14 14:12:59.668 17678 17678 I MediaUploader: No need to wake up
07-14 14:12:59.671 17635 17638 I dalvikvm: Wrote stack traces to '/data/anr/traces.txt'
07-14 14:12:59.754 15783 15783 I PhoneLab-WiFiReceiver: Wi-Fi is disconnected!
07-14 14:12:59.785   144   402 I ActivityManager: Start proc com.google.android.apps.plus for broadcast com.google.android.apps.plus/com.google.android.picasasync.ConnectivityReceiver: pid=17698 uid=10060 gids={3003, 3002, 1015, 1006}
07-14 14:12:59.800  5517  5530 D dalvikvm: GC_EXPLICIT freed 264K, 8% free 10565K/11399K, paused 5ms+9ms
07-14 14:12:59.836   144   200 D ConnectivityService: NetTransition Wakelock for WifiStateMachine released by timeout
07-14 14:13:00.074 17698 17700 D dalvikvm: GC_CONCURRENT freed 159K, 3% free 9377K/9607K, paused 2ms+9ms
07-14 14:13:00.191 17635 17637 D dalvikvm: GC_CONCURRENT freed 300K, 5% free 9559K/9991K, paused 2ms+7ms
07-14 14:13:00.191   144   160 I Process : Sending signal. PID: 17635 SIG: 3
07-14 14:13:00.195 17635 17638 I dalvikvm: threadid=3: reacting to signal 3
07-14 14:13:00.222 17635 17638 I dalvikvm: Wrote stack traces to '/data/anr/traces.txt'
07-14 14:13:00.421 17635 17635 D vclib:CallStateClient: startListening
07-14 14:13:00.664   144   160 I Process : Sending signal. PID: 17635 SIG: 3
07-14 14:13:00.664 17635 17638 I dalvikvm: threadid=3: reacting to signal 3
07-14 14:13:00.691 17698 17698 I ActivityThread: Pub com.google.android.apps.plus.content.ApiProvider: com.google.android.apps.plus.content.EsApiProvider
07-14 14:13:00.726 17698 17698 I ActivityThread: Pub com.google.android.apps.plus.content.EsGooglePhotoProvider: com.google.android.picasasync.PicasaContentProvider
07-14 14:13:00.867 17635 17638 I dalvikvm: Wrote stack traces to '/data/anr/traces.txt'
07-14 14:13:00.929 17635 17635 D libEGL  : loaded /system/lib/egl/libGLES_android.so
07-14 14:13:00.941 17635 17635 D libEGL  : loaded /vendor/lib/egl/libEGL_POWERVR_SGX540_120.so
07-14 14:13:00.972 17635 17635 D libEGL  : loaded /vendor/lib/egl/libGLESv1_CM_POWERVR_SGX540_120.so
07-14 14:13:00.992 17635 17635 D libEGL  : loaded /vendor/lib/egl/libGLESv2_POWERVR_SGX540_120.so
07-14 14:13:01.078 17698 17700 D dalvikvm: GC_CONCURRENT freed 265K, 4% free 9603K/9927K, paused 21ms+2ms
07-14 14:13:01.125 17635 17635 D OpenGLRenderer: Enabling debug mode 0
07-14 14:13:01.140 17698 17698 I ActivityThread: Pub com.google.android.apps.plus.content.EsPicasaStoreProvider: com.google.android.picasastore.PicasaPhotoContentProvider
07-14 14:13:01.156   144   160 I Process : Sending signal. PID: 17635 SIG: 3
07-14 14:13:01.156 17635 17638 I dalvikvm: threadid=3: reacting to signal 3
07-14 14:13:01.164 17635 17638 I dalvikvm: Wrote stack traces to '/data/anr/traces.txt'
07-14 14:13:01.168 17698 17698 I ActivityThread: Pub com.google.plus.platform: com.google.android.apps.plus.content.AdsProvider
07-14 14:13:01.168 17698 17698 I ActivityThread: Pub com.google.android.apps.plus.iu.EsGoogleIuProvider: com.google.android.apps.plus.iu.InstantUploadProvider
07-14 14:13:01.347 17698 17700 D dalvikvm: GC_CONCURRENT freed 564K, 7% free 9608K/10247K, paused 2ms+9ms
07-14 14:13:01.359 17698 17698 I ActivityThread: Pub com.google.android.apps.plus.content.EsProvider: com.google.android.apps.plus.content.EsProvider
07-14 14:13:01.382   214   214 D dalvikvm: GC_FOR_ALLOC freed 696K, 56% free 9803K/22023K, paused 63ms
07-14 14:13:01.527 17698 17698 D dalvikvm: GC_FOR_ALLOC freed 143K, 5% free 9764K/10247K, paused 72ms
07-14 14:13:01.597   144   174 I ActivityManager: Displayed com.google.android.talk/.SigningInActivity: +4s117ms
07-14 14:13:01.625 17698 17715 D PicasaPhotoCP: set fsid first time:-1
07-14 14:13:01.644 17569 17570 D dalvikvm: GC_CONCURRENT freed 164K, 3% free 9522K/9799K, paused 163ms+30ms
07-14 14:13:02.539  5517  5517 I GTalkService/c: [AndroidEndpoint@1094467936] connect: acct=1000000, state=CONNECTING
07-14 14:13:02.757  5517  5517 I GTalkService/c: [GTalkConnection@1094452456] connect: acct=1, state=CONNECTING
07-14 14:13:02.812   144   204 D Tethering: MasterInitialState.processMessage what=3
07-14 14:13:02.824   144   376 I ActivityManager: Start proc com.google.android.apps.docs for broadcast com.google.android.apps.docs/.receivers.NetworkChangeReceiver: pid=17723 uid=10077 gids={3003, 1015, 1006}
07-14 14:13:03.039 17635 17637 D dalvikvm: GC_CONCURRENT freed 328K, 5% free 9681K/10119K, paused 126ms+24ms
07-14 14:13:03.472 17698 17736 D PicasaSync: sync account database
07-14 14:13:03.679 17698 17700 D dalvikvm: GC_CONCURRENT freed 276K, 4% free 9928K/10311K, paused 14ms+5ms
07-14 14:13:03.855   320   324 D dalvikvm: GC_CONCURRENT freed 464K, 20% free 10163K/12615K, paused 2ms+3ms
07-14 14:13:03.953   320   320 D dalvikvm: GC_FOR_ALLOC freed 161K, 20% free 10144K/12615K, paused 30ms
07-14 14:13:03.957   320   320 I dalvikvm-heap: Grow heap (frag case) to 10.820MB for 885136-byte allocation
07-14 14:13:03.980 17723 17723 I PackageInfoHelper: Provided clientMode=RELEASE, packageInfo=PackageInfo{41352bd8 com.google.android.apps.docs}
07-14 14:13:03.980 17723 17723 I ActivityThread: Pub com.google.android.apps.docs.files: com.google.android.apps.docs.sync.filemanager.FileProvider
07-14 14:13:03.980 17723 17723 I ActivityThread: Pub com.google.android.apps.docs.doclist.search_suggest: com.google.android.apps.docs.doclist.DocListGlobalSearchSuggestionProvider
07-14 14:13:04.035   320   324 D dalvikvm: GC_CONCURRENT freed <1K, 13% free 11008K/12615K, paused 3ms+13ms
07-14 14:13:04.254 17723 17726 D dalvikvm: GC_CONCURRENT freed 227K, 4% free 9309K/9607K, paused 14ms+9ms
07-14 14:13:04.339   214   214 D dalvikvm: GC_FOR_ALLOC freed 409K, 56% free 9774K/22023K, paused 63ms
07-14 14:13:04.500 17723 17726 D dalvikvm: GC_CONCURRENT freed 460K, 6% free 9394K/9927K, paused 1ms+9ms
07-14 14:13:04.507   214   216 D dalvikvm: GC_CONCURRENT freed 391K, 56% free 9770K/22023K, paused 2ms+11ms
07-14 14:13:04.656 17723 17726 D dalvikvm: GC_CONCURRENT freed 501K, 6% free 9416K/9991K, paused 2ms+3ms
07-14 14:13:04.793 17723 17726 D dalvikvm: GC_CONCURRENT freed 530K, 7% free 9450K/10055K, paused 6ms+8ms
07-14 14:13:04.898 17723 17726 D dalvikvm: GC_CONCURRENT freed 484K, 6% free 9477K/10055K, paused 2ms+3ms
07-14 14:13:04.957 17698 17736 D PicasaSync: accounts in DB=1
07-14 14:13:04.996 17723 17726 D dalvikvm: GC_CONCURRENT freed 519K, 6% free 9525K/10119K, paused 2ms+2ms
07-14 14:13:05.000 18680 18680 D OpenGLRenderer: Flushing caches (mode 2)
07-14 14:13:05.140 17698 17736 D PicasaSyncManager: active network: NetworkInfo: type: WIFI[], state: CONNECTED/CONNECTED, reason: (unspecified), extra: (none), roaming: false, failover: false, isAvailable: true
07-14 14:13:05.152 17723 17726 D dalvikvm: GC_CONCURRENT freed 353K, 5% free 9638K/10119K, paused 1ms+2ms
07-14 14:13:05.203 18680 18680 D OpenGLRenderer: Flushing caches (mode 0)
07-14 14:13:05.234 17698 17736 D PicasaSyncManager: background data: true
07-14 14:13:05.273 17723 17723 D ContextScopeImpl: in ContextScope.getContextOrDefault for thread=1
07-14 14:13:05.273 17723 17723 D ContextScopeImpl: returning application context for thread=1
07-14 14:13:05.285 17723 17726 D dalvikvm: GC_CONCURRENT freed 388K, 5% free 9759K/10247K, paused 2ms+5ms
07-14 14:13:05.289 17723 17723 I FeatureCheckerImpl: Configured disabled features: []
07-14 14:13:05.289 17723 17723 D ContextScopeImpl: in ContextScope.getContextOrDefault for thread=1
07-14 14:13:05.289 17723 17723 D ContextScopeImpl: returning application context for thread=1
07-14 14:13:05.351 17723 17723 D ContextScopeImpl: in ContextScope.enter for thread=1
07-14 14:13:05.351 17723 17723 W ContextScopeImpl: thread=1 tried to enter the scope of the application context. Ignored.
07-14 14:13:05.351 17723 17723 D ContextScopeImpl: in ContextScope.getContextOrDefault for thread=1
07-14 14:13:05.351 17723 17723 D ContextScopeImpl: returning application context for thread=1
07-14 14:13:05.355 17723 17723 D DocListDatabase: openHelper points on new database: DocList.db
07-14 14:13:05.355 17723 17723 D DocListDatabase: in openWriteDatabase
07-14 14:13:05.398 17698 17736 D PicasaSyncManager: battery info: true
07-14 14:13:05.433 17723 17723 I ActivityThread: Pub com.google.android.apps.docs.doclist.account_suggest: com.google.android.apps.docs.doclist.DocListAccountSuggestionProvider
07-14 14:13:05.519 17698 17700 D dalvikvm: GC_CONCURRENT freed 142K, 3% free 10239K/10503K, paused 2ms+2ms
07-14 14:13:05.617 17698 17700 D dalvikvm: GC_CONCURRENT freed 275K, 4% free 10358K/10759K, paused 3ms+3ms
07-14 14:13:05.691 17698 17718 D dalvikvm: GC_FOR_ALLOC freed 114K, 4% free 10485K/10887K, paused 25ms
07-14 14:13:05.711 17723 17723 D ContextScopeImpl: in ContextScope.enter for thread=1
07-14 14:13:05.711 17723 17723 W ContextScopeImpl: thread=1 tried to enter the scope of the application context. Ignored.
07-14 14:13:05.711 17723 17723 I ActivityThread: Pub com.google.android.apps.docs: com.google.android.apps.docs.providers.DocListProvider
07-14 14:13:05.711 17723 17723 D ContextScopeImpl: in ContextScope.enter for thread=1
07-14 14:13:05.711 17723 17723 W ContextScopeImpl: thread=1 tried to enter the scope of the application context. Ignored.
07-14 14:13:05.714 17723 17723 W ContextScopeImpl: thread=1 tried to enter the scope of the application context. Ignored.
07-14 14:13:05.765 17723 17741 W ContextScopeImpl: thread=11742 tried to enter the scope of the application context. Ignored.
07-14 14:13:05.769 17698 17718 I dalvikvm-heap: Grow heap (frag case) to 10.555MB for 260112-byte allocation
07-14 14:13:05.824 17723 17723 W ContextScopeImpl: thread=1 tried to enter the scope of the application context. Ignored.
07-14 14:13:05.836 17698 17718 D dalvikvm: GC_FOR_ALLOC freed 126K, 5% free 10613K/11143K, paused 42ms
07-14 14:13:05.929 15783 15783 I PhoneLab-WiFiReceiver: Wi-Fi is connected!
07-14 14:13:05.933 15783 15783 I PhoneLab-WiFiReceiver: SSID: UB_Secure BSSID: d0:c2:82:67:2e:71 RSSI: -80 LinkSpeed: 39
07-14 14:13:05.933 15783 15783 I PhoneLab-Locks: wake lock acquired
07-14 14:13:05.937 15783 15783 I PhoneLab-UploadLogs: Transfering log files now
07-14 14:13:05.976 17698 17718 D dalvikvm: GC_FOR_ALLOC freed 373K, 6% free 10670K/11271K, paused 44ms
07-14 14:13:06.004 17698 17718 D dalvikvm: GC_FOR_ALLOC freed 126K, 5% free 10798K/11271K, paused 22ms
07-14 14:13:06.043 15783 15783 I PhoneLab-UploadLogs: No log files to transfer
07-14 14:13:06.043 15783 15783 I PhoneLab-Locks: wake lock released
07-14 14:13:06.046 15783 15783 I PhoneLab-UploadLogs: OnStartCommand
07-14 14:13:06.078 17698 17718 D dalvikvm: GC_FOR_ALLOC freed 369K, 6% free 10853K/11463K, paused 48ms
07-14 14:13:06.086 15783 15783 I PhoneLab-Locks: wake lock acquired
07-14 14:13:06.101 15783 17745 I PhoneLab-PeriodicCheckService: User info is synched
07-14 14:13:06.105 15783 17745 I PhoneLab-PeriodicCheckService: Logger Service is running
07-14 14:13:06.230 15783 17745 I PhoneLab-Locks: wake lock acquired
07-14 14:13:06.257 17698 17718 D dalvikvm: GC_FOR_ALLOC freed 126K, 5% free 10981K/11463K, paused 139ms
07-14 14:13:06.261  5517  5521 D dalvikvm: GC_CONCURRENT freed 361K, 7% free 10635K/11399K, paused 6ms+4ms
07-14 14:13:06.289 15783 15783 I PhoneLab-UploadLogs: Transfering log files now
07-14 14:13:06.289 15783 15783 I PhoneLab-UploadLogs: No log files to transfer
07-14 14:13:06.289 15783 15783 I PhoneLab-Locks: wake lock released
07-14 14:13:06.293 15783 17745 I PhoneLab-PeriodicCheckService: Rescheduling periodic checking...
07-14 14:13:06.293 15783 15783 I PhoneLab-UploadLogs: OnStartCommand
07-14 14:13:06.332 15783 17745 I PhoneLab-Locks: wake lock released
07-14 14:13:06.519 17698 17700 D dalvikvm: GC_CONCURRENT freed 338K, 4% free 11201K/11655K, paused 1ms+2ms
07-14 14:13:06.664 17678 17678 I MediaUploader: No need to wake up
07-14 14:13:06.699 17698 17700 D dalvikvm: GC_CONCURRENT freed 137K, 3% free 11717K/11975K, paused 2ms+30ms
07-14 14:13:06.847 17698 17736 D PicasaSyncManager: active network: NetworkInfo: type: WIFI[], state: CONNECTED/CONNECTED, reason: (unspecified), extra: (none), roaming: false, failover: false, isAvailable: true
07-14 14:13:06.851 17698 17736 D PicasaSyncManager: background data: true
07-14 14:13:06.961   144   380 D dalvikvm: GC_EXPLICIT freed 723K, 26% free 18324K/24711K, paused 12ms+10ms
07-14 14:13:07.031 17723 17723 W ContextScopeImpl: thread=1 tried to enter the scope of the application context. Ignored.
07-14 14:13:07.054 15783 15783 I PhoneLab-Locks: wake lock acquired
07-14 14:13:07.062 15783 15783 I PhoneLab-StatusMonitor: Status Monitoring is started
07-14 14:13:07.109 15783 15783 E PhoneLab-PhoneLabManifest: java.io.FileNotFoundException: /data/data/edu.buffalo.cse.phonelab.phonelabservices/files/manifest.xml: open failed: ENOENT (No such file or directory)
07-14 14:13:07.125 15783 15783 I PhoneLab-Locks: wake lock released
07-14 14:13:07.359 17415 17417 D dalvikvm: GC_CONCURRENT freed 299K, 5% free 9305K/9735K, paused 56ms+50ms
07-14 14:13:07.453 17698 17700 D dalvikvm: GC_CONCURRENT freed 348K, 4% free 12205K/12679K, paused 2ms+3ms
07-14 14:13:07.863 17698 17700 D dalvikvm: GC_CONCURRENT freed 434K, 5% free 12772K/13319K, paused 2ms+3ms
07-14 14:13:08.078   144   200 D ConnectivityService: handleInetConditionHoldEnd: net=1, condition=100, published condition=0
07-14 14:13:09.093   144   376 D dalvikvm: GC_EXPLICIT freed 285K, 27% free 18270K/24711K, paused 19ms+8ms
07-14 14:13:09.379 17635 17637 D dalvikvm: GC_CONCURRENT freed 364K, 5% free 9791K/10247K, paused 2ms+11ms
07-14 14:13:09.851 17569 17586 D dalvikvm: GC_EXPLICIT freed 324K, 5% free 9575K/9991K, paused 203ms+4ms
07-14 14:13:10.199   344   344 D SAN_SERVICE: *******************************************
07-14 14:13:10.199   344   344 D SAN_SERVICE: DM App Phone Service State - 0
07-14 14:13:10.199   344   344 D SAN_SERVICE: *******************************************
07-14 14:13:10.207 17537 17541 D dalvikvm: GC_CONCURRENT freed 494K, 6% free 9962K/10567K, paused 27ms+3ms
07-14 14:13:10.589   144  9084 D dalvikvm: GC_EXPLICIT freed 194K, 27% free 18261K/24711K, paused 3ms+8ms
07-14 14:13:11.996   344   344 D SAN_SERVICE: *******************************************
07-14 14:13:11.996   344   344 D SAN_SERVICE: DM App Phone Service State - 0
07-14 14:13:11.996   344   344 D SAN_SERVICE: *******************************************
07-14 14:13:14.093  5517 17748 D dalvikvm: GC_FOR_ALLOC freed 347K, 7% free 10654K/11399K, paused 39ms
07-14 14:13:14.246  5517  5521 D dalvikvm: GC_CONCURRENT freed 320K, 6% free 10751K/11399K, paused 3ms+4ms
07-14 14:13:14.484 17589 17591 D dalvikvm: GC_CONCURRENT freed 504K, 7% free 9548K/10183K, paused 2ms+3ms
07-14 14:13:14.843 17589 17591 D dalvikvm: GC_CONCURRENT freed 342K, 6% free 9592K/10183K, paused 2ms+2ms
07-14 14:13:21.203   344   344 D SAN_SERVICE: *******************************************
07-14 14:13:21.203   344   344 D SAN_SERVICE: DM App Phone Service State - 0
07-14 14:13:21.203   344   344 D SAN_SERVICE: *******************************************
07-14 14:13:22.543   344   344 D SAN_SERVICE: *******************************************
07-14 14:13:22.543   344   344 D SAN_SERVICE: DM App Phone Service State - 0
07-14 14:13:22.543   344   344 D SAN_SERVICE: *******************************************
07-14 14:13:30.031 15783 15783 I PhoneLab-PowerOnReceiver: Power is plugged off!
07-14 14:13:30.171 15783 15784 D dalvikvm: GC_CONCURRENT freed 470K, 15% free 9144K/10695K, paused 2ms+2ms
07-14 14:13:31.929   144   200 D ConnectivityService: ConnectivityChange for mobile: CONNECTED/CONNECTED
07-14 14:13:31.964   144   200 D NetUtils: android_net_utils_resetConnections in env=0x13390c8 clazz=0x45900001 iface=rmnet0 mask=0x3
07-14 14:13:31.964   144   200 D ConnectivityService: ConnectivityChange for mobile: DISCONNECTED/DISCONNECTED
07-14 14:13:31.964   144   200 D ConnectivityService: Attempting to switch to WIFI
07-14 14:13:31.964   144   200 D ConnectivityService: Attempting to switch to WIMAX
07-14 14:13:31.964   144   200 D ConnectivityService: Attempting to switch to BLUETOOTH_TETHER
07-14 14:13:31.964   144   200 D ConnectivityService: resetConnections(rmnet0, 3)
07-14 14:13:34.601   344   344 D SAN_SERVICE: *******************************************
07-14 14:13:34.601   344   344 D SAN_SERVICE: DM App Phone Service State - 0
07-14 14:13:34.601   344   344 D SAN_SERVICE: *******************************************
07-14 14:13:35.004   144   204 D Tethering: MasterInitialState.processMessage what=3
07-14 14:13:35.097   144   204 D Tethering: MasterInitialState.processMessage what=3
07-14 14:13:35.191 17678 17678 I MediaUploader: No need to wake up
07-14 14:13:35.222   144   144 D AlarmManagerService: Kernel timezone updated to 240 minutes west of GMT
07-14 14:13:35.242 11780 11782 D dalvikvm: GC_CONCURRENT freed 489K, 14% free 10639K/12231K, paused 8ms+24ms
07-14 14:13:35.355   144   480 D dalvikvm: GC_EXPLICIT freed 1837K, 26% free 18320K/24711K, paused 3ms+10ms
07-14 14:13:35.445 17698 17736 D PicasaSyncManager: active network: NetworkInfo: type: WIFI[], state: CONNECTED/CONNECTED, reason: (unspecified), extra: (none), roaming: false, failover: false, isAvailable: true
07-14 14:13:35.445 17698 17736 D PicasaSyncManager: background data: true
07-14 14:13:35.527   344   344 D SAN_SERVICE: *******************************************
07-14 14:13:35.527   344   344 D SAN_SERVICE: DM App Phone Service State - 0
07-14 14:13:35.527   344   344 D SAN_SERVICE: *******************************************
07-14 14:13:35.554 17723 17723 W ContextScopeImpl: thread=1 tried to enter the scope of the application context. Ignored.
07-14 14:13:35.582   144   200 D ConnectivityService: handleInetConditionHoldEnd: net=1, condition=100, published condition=100
07-14 14:13:35.773 17678 17678 I MediaUploader: No need to wake up
07-14 14:13:35.839 17723 17723 W ContextScopeImpl: thread=1 tried to enter the scope of the application context. Ignored.
07-14 14:13:35.871 17698 17736 D PicasaSyncManager: active network: NetworkInfo: type: WIFI[], state: CONNECTED/CONNECTED, reason: (unspecified), extra: (none), roaming: false, failover: false, isAvailable: true
07-14 14:13:35.871 17698 17736 D PicasaSyncManager: background data: true
07-14 14:13:38.257   144   156 D AlarmManagerService: Kernel timezone updated to 240 minutes west of GMT
07-14 14:13:38.375 15783 15783 I PhoneLab-PowerOnReceiver: Power is plugged in!
07-14 14:13:38.375 15783 15783 I PhoneLab-PowerOnReceiver: Rescheduling periodic checking...
07-14 14:13:38.375   214   214 W PowerUI : unknown intent: Intent { act=android.intent.action.ACTION_POWER_CONNECTED flg=0x10000010 }
07-14 14:13:38.406 15783 15783 I PhoneLab-Locks: wake lock acquired
07-14 14:13:38.425 15783 15783 I PhoneLab-UploadLogs: Transfering log files now
07-14 14:13:38.429 15783 15783 I PhoneLab-UploadLogs: No log files to transfer
07-14 14:13:38.429 15783 15783 I PhoneLab-Locks: wake lock released
07-14 14:13:38.441 15783 15783 I PhoneLab-UploadLogs: OnStartCommand
07-14 14:13:39.234   344   344 D SAN_SERVICE: *******************************************
07-14 14:13:39.234   344   344 D SAN_SERVICE: DM App Phone Service State - 0
07-14 14:13:39.234   344   344 D SAN_SERVICE: *******************************************
07-14 14:13:39.339 15783 15796 I PhoneLab-: Service Running
07-14 14:13:39.457 15783 15796 I PhoneLab-LoggerService: app_37    1373  1     1440   980   c00f181c 400107b4 S logcat
07-14 14:13:39.457 15783 15796 I PhoneLab-LoggerService: Logcat pid from database 1373
07-14 14:13:39.457 15783 15796 I PhoneLab-LoggerService: Logcat process found 1373
07-14 14:13:39.457 15783 15796 I PhoneLab-LoggerService: Checking Threshold
07-14 14:13:47.781   344   344 D SAN_SERVICE: *******************************************
07-14 14:13:47.781   344   344 D SAN_SERVICE: DM App Phone Service State - 0
07-14 14:13:47.781   344   344 D SAN_SERVICE: *******************************************
07-14 14:13:48.414 15783 15783 I PhoneLab-Locks: wake lock acquired
07-14 14:13:48.453 15783 17776 I PhoneLab-PeriodicCheckService: User info is synched
07-14 14:13:48.468 15783 17776 I PhoneLab-PeriodicCheckService: Logger Service is running
07-14 14:13:48.484 15783 15783 I PhoneLab-Locks: wake lock acquired
07-14 14:13:48.492 15783 15783 I PhoneLab-StatusMonitor: Status Monitoring is started
07-14 14:13:48.492 15783 17776 I PhoneLab-Locks: wake lock acquired
07-14 14:13:48.500 15783 17776 I PhoneLab-PeriodicCheckService: Rescheduling periodic checking...
07-14 14:13:48.500 15783 15783 E PhoneLab-PhoneLabManifest: java.io.FileNotFoundException: /data/data/edu.buffalo.cse.phonelab.phonelabservices/files/manifest.xml: open failed: ENOENT (No such file or directory)
07-14 14:13:48.500 15783 15783 I PhoneLab-Locks: wake lock released
07-14 14:13:48.500 15783 15783 I PhoneLab-UploadLogs: Transfering log files now
07-14 14:13:48.504 15783 15783 I PhoneLab-UploadLogs: No log files to transfer
07-14 14:13:48.504 15783 15783 I PhoneLab-Locks: wake lock released
07-14 14:13:48.504 15783 15783 I PhoneLab-UploadLogs: OnStartCommand
07-14 14:13:48.504 15783 17776 I PhoneLab-Locks: wake lock released
07-14 14:14:10.515 17537 17541 D dalvikvm: GC_CONCURRENT freed 399K, 6% free 9956K/10567K, paused 2ms+1ms
07-14 14:14:31.879 15163 15432 D GetStringObjTask: retrieving from url = http://www.chess.com/api/get_move_status?id=5HHjW9WUGa%2Bcu1LUwnVJPxTIWxmEve4VdkRnRyg7b5Ch69JH2Z5aB%2B7eGuFw8K2uFx47KFsdE3JRdR3Mzv0PkZOj6eZ8N73BvxmEERrzXjMNRo80rkLyJAUTh0iqof4n
07-14 14:14:32.117 15163 15432 D GetStringObjTask: WebRequest SERVER RESPONSE: Success+0
07-14 14:14:37.214   144  9303 D AlarmManagerService: Kernel timezone updated to 240 minutes west of GMT
07-14 14:14:38.175   344   344 D SAN_SERVICE: *******************************************
07-14 14:14:38.175   344   344 D SAN_SERVICE: DM App Phone Service State - 0
07-14 14:14:38.175   344   344 D SAN_SERVICE: *******************************************
07-14 14:14:38.199   144   402 D AlarmManagerService: Kernel timezone updated to 240 minutes west of GMT
07-14 14:14:38.234   344   344 D SAN_SERVICE: *******************************************
07-14 14:14:38.234   344   344 D SAN_SERVICE: DM App Phone Service State - 0
07-14 14:14:38.234   344   344 D SAN_SERVICE: *******************************************
07-14 14:14:42.242   344   344 D SAN_SERVICE: *******************************************
07-14 14:14:42.242   344   344 D SAN_SERVICE: DM App Phone Service State - 0
07-14 14:14:42.242   344   344 D SAN_SERVICE: *******************************************
07-14 14:14:44.222   144   156 D AlarmManagerService: Kernel timezone updated to 240 minutes west of GMT
07-14 14:14:51.441   344   344 D SAN_SERVICE: *******************************************
07-14 14:14:51.441   344   344 D SAN_SERVICE: DM App Phone Service State - 0
07-14 14:14:51.441   344   344 D SAN_SERVICE: *******************************************
07-14 14:15:08.523 15783 15796 I PhoneLab-: Service Running
07-14 14:15:08.613 15783 15796 I PhoneLab-LoggerService: app_37    1373  1     1440   980   c00f181c 400107b4 S logcat
07-14 14:15:08.613 15783 15796 I PhoneLab-LoggerService: Logcat pid from database 1373
07-14 14:15:08.613 15783 15796 I PhoneLab-LoggerService: Logcat process found 1373
07-14 14:15:08.613 15783 15796 I PhoneLab-LoggerService: Checking Threshold
07-14 14:15:10.410 11780 11782 D dalvikvm: GC_CONCURRENT freed 528K, 13% free 10649K/12231K, paused 2ms+3ms
07-14 14:15:10.796   144   155 I ActivityManager: Process android.process.acore (pid 17589) has died.
07-14 14:15:10.894 17537 17541 D dalvikvm: GC_CONCURRENT freed 387K, 6% free 9983K/10567K, paused 18ms+7ms
07-14 14:15:11.312 17537 17541 D dalvikvm: GC_CONCURRENT freed 249K, 4% free 10201K/10567K, paused 13ms+2ms
07-14 14:15:12.324 17537 17541 D dalvikvm: GC_CONCURRENT freed 383K, 5% free 10330K/10823K, paused 8ms+3ms
07-14 14:15:18.457 15622 15624 D dalvikvm: GC_CONCURRENT freed 376K, 8% free 9899K/10695K, paused 17ms+4ms
07-14 14:15:33.355   144   173 I ActivityManager: Start proc com.twitter.android for service com.twitter.android/.client.AppService: pid=17786 uid=10064 gids={3003, 1015}
07-14 14:15:33.386 17786 17786 I dalvikvm: Turning on JNI app bug workarounds for target SDK version 11...
07-14 14:15:33.539 17786 17786 I ActivityThread: Pub com.twitter.android.provider.GlobalDatabaseProvider: com.twitter.android.provider.GlobalDatabaseProvider
07-14 14:15:33.550 17786 17786 I ActivityThread: Pub com.twitter.android.provider.TwitterProvider: com.twitter.android.provider.TwitterProvider
07-14 14:15:33.695 17786 17788 D dalvikvm: GC_CONCURRENT freed 192K, 4% free 9301K/9607K, paused 19ms+4ms
07-14 14:15:34.058 17786 17788 D dalvikvm: GC_CONCURRENT freed 216K, 4% free 9515K/9863K, paused 2ms+1ms
07-14 14:15:34.207 17786 17788 D dalvikvm: GC_CONCURRENT freed 285K, 5% free 9639K/10055K, paused 1ms+2ms
07-14 14:15:34.343 17786 17788 D dalvikvm: GC_CONCURRENT freed 290K, 5% free 9768K/10183K, paused 1ms+2ms
07-14 14:15:34.472 17786 17788 D dalvikvm: GC_CONCURRENT freed 296K, 5% free 9886K/10311K, paused 2ms+2ms
07-14 14:15:34.570   144   380 I ActivityManager: Process com.google.android.apps.currents (pid 15262) has died.
07-14 14:15:34.613 17786 17788 D dalvikvm: GC_CONCURRENT freed 301K, 5% free 10017K/10439K, paused 2ms+2ms
07-14 14:15:34.750 17786 17788 D dalvikvm: GC_CONCURRENT freed 297K, 4% free 10146K/10567K, paused 3ms+2ms
07-14 14:15:34.875 17786 17788 D dalvikvm: GC_CONCURRENT freed 295K, 4% free 10276K/10695K, paused 1ms+3ms
07-14 14:15:35.027 17786 17788 D dalvikvm: GC_CONCURRENT freed 472K, 6% free 10226K/10823K, paused 2ms+2ms
07-14 14:15:35.152 17786 17788 D dalvikvm: GC_CONCURRENT freed 324K, 5% free 10301K/10823K, paused 2ms+1ms
07-14 14:15:35.285 17786 17788 D dalvikvm: GC_CONCURRENT freed 331K, 5% free 10374K/10823K, paused 2ms+2ms
07-14 14:15:35.433 17786 17788 D dalvikvm: GC_CONCURRENT freed 351K, 5% free 10476K/10951K, paused 2ms+2ms
07-14 14:15:35.562 17786 17788 D dalvikvm: GC_CONCURRENT freed 342K, 5% free 10554K/11015K, paused 2ms+2ms
07-14 14:15:35.687 17786 17788 D dalvikvm: GC_CONCURRENT freed 320K, 5% free 10633K/11079K, paused 2ms+2ms
07-14 14:15:35.824 17786 17788 D dalvikvm: GC_CONCURRENT freed 364K, 5% free 10720K/11207K, paused 2ms+2ms
07-14 14:15:35.964 17786 17788 D dalvikvm: GC_CONCURRENT freed 411K, 5% free 10816K/11335K, paused 2ms+3ms
07-14 14:15:36.687 17786 17788 D dalvikvm: GC_CONCURRENT freed 322K, 4% free 11022K/11463K, paused 2ms+2ms
07-14 14:15:39.039 17786 17788 D dalvikvm: GC_CONCURRENT freed 446K, 5% free 11156K/11719K, paused 2ms+5ms
07-14 14:15:41.293   344   344 D SAN_SERVICE: *******************************************
07-14 14:15:41.293   344   344 D SAN_SERVICE: DM App Phone Service State - 0
07-14 14:15:41.293   344   344 D SAN_SERVICE: *******************************************
07-14 14:15:57.742   344   344 D SAN_SERVICE: *******************************************
07-14 14:15:57.742   344   344 D SAN_SERVICE: DM App Phone Service State - 0
07-14 14:15:57.742   344   344 D SAN_SERVICE: *******************************************
07-14 14:16:01.519   344   344 D SAN_SERVICE: *******************************************
07-14 14:16:01.519   344   344 D SAN_SERVICE: DM App Phone Service State - 0
07-14 14:16:01.523   344   344 D SAN_SERVICE: *******************************************
07-14 14:16:09.246   144   147 D dalvikvm: GC_CONCURRENT freed 1907K, 26% free 18353K/24711K, paused 38ms+10ms
07-14 14:16:10.554  5517  5625 D dalvikvm: GC_EXPLICIT freed 511K, 7% free 10675K/11399K, paused 3ms+4ms
07-14 14:17:08.519 15783 15796 I PhoneLab-: Service Running
07-14 14:17:08.617 15783 15796 I PhoneLab-LoggerService: app_37    1373  1     1440   980   c00f181c 400107b4 S logcat
07-14 14:17:08.617 15783 15796 I PhoneLab-LoggerService: Logcat pid from database 1373
07-14 14:17:08.617 15783 15796 I PhoneLab-LoggerService: Logcat process found 1373
07-14 14:17:08.617 15783 15796 I PhoneLab-LoggerService: Checking Threshold
07-14 14:17:08.617 15783 15784 D dalvikvm: GC_CONCURRENT freed 405K, 15% free 9148K/10695K, paused 1ms+3ms
07-14 14:17:09.250   214   216 D dalvikvm: GC_CONCURRENT freed 221K, 55% free 9934K/22023K, paused 2ms+3ms
07-14 14:17:09.293 11780 11782 D dalvikvm: GC_CONCURRENT freed 434K, 14% free 10632K/12231K, paused 2ms+2ms
07-14 14:17:10.597 17537 17541 D dalvikvm: GC_CONCURRENT freed 756K, 8% free 10111K/10951K, paused 2ms+3ms
07-14 14:18:10.632 11780 11782 D dalvikvm: GC_CONCURRENT freed 531K, 14% free 10637K/12231K, paused 2ms+3ms
07-14 14:18:10.687 17537 17541 D dalvikvm: GC_CONCURRENT freed 474K, 8% free 10148K/10951K, paused 2ms+3ms
07-14 14:18:36.398   144   424 I ActivityManager: Start proc android.process.acore for content provider com.android.providers.contacts/.ContactsProvider2: pid=17815 uid=10000 gids={3003, 1015}
07-14 14:18:36.457 17815 17815 I ActivityThread: Pub call_log: com.android.providers.contacts.CallLogProvider
07-14 14:18:36.500   144   380 I ActivityManager: Process com.google.android.apps.googlevoice (pid 15076) has died.
07-14 14:18:36.500   144   380 W ActivityManager: Scheduling restart of crashed service com.google.android.apps.googlevoice/.UpdateService in 5000ms
07-14 14:18:36.504   144   380 W ActivityManager: Scheduling restart of crashed service com.google.android.apps.googlevoice/.ShadowNumberRefreshService in 15000ms
07-14 14:18:36.504   144   380 W ActivityManager: Scheduling restart of crashed service com.google.android.apps.googlevoice/.CallLogService in 24996ms
07-14 14:18:36.507 17815 17815 I ActivityThread: Pub com.android.voicemail: com.android.providers.contacts.VoicemailContentProvider
07-14 14:18:36.511 17815 17815 I ActivityThread: Pub user_dictionary: com.android.providers.userdictionary.UserDictionaryProvider
07-14 14:18:36.546 17815 17815 I ActivityThread: Pub com.android.social: com.android.providers.contacts.SocialProvider
07-14 14:18:36.550 17815 17815 I ActivityThread: Pub applications: com.android.providers.applications.ApplicationsProvider
07-14 14:18:36.636 17815 17815 I ActivityThread: Pub contacts;com.android.contacts: com.android.providers.contacts.ContactsProvider2
07-14 14:18:36.664 17815 17818 D dalvikvm: GC_CONCURRENT freed 352K, 5% free 9184K/9607K, paused 4ms+3ms
07-14 14:18:36.925 17815 17818 D dalvikvm: GC_CONCURRENT freed 229K, 4% free 9387K/9735K, paused 4ms+3ms
07-14 14:18:37.964   144   400 D dalvikvm: GC_EXPLICIT freed 483K, 27% free 18281K/24711K, paused 3ms+9ms
07-14 14:18:38.050 17815 17818 D dalvikvm: GC_CONCURRENT freed 251K, 4% free 9593K/9927K, paused 2ms+3ms
07-14 14:18:41.613   144   161 I ActivityManager: Start proc com.google.android.apps.googlevoice for service com.google.android.apps.googlevoice/.UpdateService: pid=17834 uid=10054 gids={3003, 1015}
07-14 14:18:42.191 17834 17836 D dalvikvm: GC_CONCURRENT freed 292K, 4% free 9260K/9607K, paused 24ms+3ms
07-14 14:18:42.695   144   144 D CountryDetector: The first listener is added
07-14 14:18:42.796 17834 17836 D dalvikvm: GC_CONCURRENT freed 405K, 5% free 9387K/9863K, paused 3ms+5ms
07-14 14:18:42.796 17834 17843 W CursorWrapperInner: Cursor finalized without prior close()
07-14 14:18:42.796 17834 17843 W CursorWrapperInner: Cursor finalized without prior close()
07-14 14:18:42.796 17834 17843 W CursorWrapperInner: Cursor finalized without prior close()
07-14 14:18:42.828 17815 17818 D dalvikvm: GC_CONCURRENT freed 510K, 6% free 9530K/10119K, paused 2ms+4ms
07-14 14:18:43.187 17815 17818 D dalvikvm: GC_CONCURRENT freed 315K, 4% free 9727K/10119K, paused 3ms+4ms
07-14 14:18:43.351 17834 17836 D dalvikvm: GC_CONCURRENT freed 313K, 5% free 9588K/9991K, paused 2ms+4ms
07-14 14:18:43.570 17815 17818 D dalvikvm: GC_CONCURRENT freed 285K, 4% free 9867K/10247K, paused 2ms+4ms
07-14 14:18:51.574 17834 17850 W System.err: com.google.android.apps.googlevoice.net.VoiceServiceException: Voice service failed [INVALID_AUTH_TOKEN]
07-14 14:18:51.574 17834 17850 W System.err: 	at com.google.android.apps.googlevoice.net.masf.MASFVoiceService.checkCredentials(MASFVoiceService.java:107)
07-14 14:18:51.574 17834 17850 W System.err: 	at com.google.android.apps.googlevoice.net.masf.MASFVoiceService.getAuthToken(MASFVoiceService.java:95)
07-14 14:18:51.574 17834 17850 W System.err: 	at com.google.android.apps.googlevoice.net.masf.MASFGetBackendInfoRpc.createRequestPayload(MASFGetBackendInfoRpc.java:34)
07-14 14:18:51.574 17834 17850 W System.err: 	at com.google.android.apps.googlevoice.net.masf.MASFApiRpc.requestSubmit(MASFApiRpc.java:160)
07-14 14:18:51.574 17834 17850 W System.err: 	at com.google.android.apps.googlevoice.net.masf.MASFApiRpc.run(MASFApiRpc.java:141)
07-14 14:18:51.574 17834 17850 W System.err: 	at com.googlex.common.task.AbstractTask.run(Unknown Source)
07-14 14:18:51.578 17834 17850 W System.err: 	at com.googlex.common.task.AbstractTask.runInternal(Unknown Source)
07-14 14:18:51.578 17834 17850 W System.err: 	at com.googlex.common.task.TaskRunner.run(Unknown Source)
07-14 14:18:51.578 17834 17850 W System.err: 	at com.googlex.common.lang.BaseThreadFactory$ThreadImpl.run(Unknown Source)
07-14 14:18:51.582 17834 17850 E GoogleVoice: ShadowNumberRefreshService: Failed to get backend info!
07-14 14:18:51.582 17834 17850 E GoogleVoice: com.google.android.apps.googlevoice.net.VoiceServiceException: Voice service failed [INVALID_AUTH_TOKEN]
07-14 14:18:51.582 17834 17850 E GoogleVoice: 	at com.google.android.apps.googlevoice.net.masf.MASFVoiceService.checkCredentials(MASFVoiceService.java:107)
07-14 14:18:51.582 17834 17850 E GoogleVoice: 	at com.google.android.apps.googlevoice.net.masf.MASFVoiceService.getAuthToken(MASFVoiceService.java:95)
07-14 14:18:51.582 17834 17850 E GoogleVoice: 	at com.google.android.apps.googlevoice.net.masf.MASFGetBackendInfoRpc.createRequestPayload(MASFGetBackendInfoRpc.java:34)
07-14 14:18:51.582 17834 17850 E GoogleVoice: 	at com.google.android.apps.googlevoice.net.masf.MASFApiRpc.requestSubmit(MASFApiRpc.java:160)
07-14 14:18:51.582 17834 17850 E GoogleVoice: 	at com.google.android.apps.googlevoice.net.masf.MASFApiRpc.run(MASFApiRpc.java:141)
07-14 14:18:51.582 17834 17850 E GoogleVoice: 	at com.googlex.common.task.AbstractTask.run(Unknown Source)
07-14 14:18:51.582 17834 17850 E GoogleVoice: 	at com.googlex.common.task.AbstractTask.runInternal(Unknown Source)
07-14 14:18:51.582 17834 17850 E GoogleVoice: 	at com.googlex.common.task.TaskRunner.run(Unknown Source)
07-14 14:18:51.582 17834 17850 E GoogleVoice: 	at com.googlex.common.lang.BaseThreadFactory$ThreadImpl.run(Unknown Source)
07-14 14:19:04.578 17698 17861 I SqliteDatabaseCpp: sqlite returned: error code = 1, msg = no such column: wipeout_stats, db=/data/data/com.google.android.apps.plus/databases/iu.upload.db
07-14 14:19:04.582 17698 17861 W System.err: android.database.sqlite.SQLiteException: no such column: wipeout_stats: , while compiling: SELECT wipeout_stats  FROM account_status
07-14 14:19:04.671 17698 17861 W System.err: 	at android.database.sqlite.SQLiteCompiledSql.native_compile(Native Method)
07-14 14:19:04.679 17698 17861 W System.err: 	at android.database.sqlite.SQLiteCompiledSql.<init>(SQLiteCompiledSql.java:68)
07-14 14:19:04.679 17698 17861 W System.err: 	at android.database.sqlite.SQLiteProgram.compileSql(SQLiteProgram.java:143)
07-14 14:19:04.683 17698 17861 W System.err: 	at android.database.sqlite.SQLiteProgram.compileAndbindAllArgs(SQLiteProgram.java:361)
07-14 14:19:04.687 17698 17861 W System.err: 	at android.database.sqlite.SQLiteStatement.acquireAndLock(SQLiteStatement.java:260)
07-14 14:19:04.695 17698 17861 W System.err: 	at android.database.sqlite.SQLiteStatement.simpleQueryForLong(SQLiteStatement.java:137)
07-14 14:19:04.699 17698 17861 W System.err: 	at android.database.DatabaseUtils.longForQuery(DatabaseUtils.java:791)
07-14 14:19:04.699 17698 17861 W System.err: 	at android.database.DatabaseUtils.longForQuery(DatabaseUtils.java:779)
07-14 14:19:04.718 17698 17861 W System.err: 	at com.google.android.apps.plus.content.EsAccountsData.isContactsStatsWipeoutNeeded(EsAccountsData.java:641)
07-14 14:19:04.726 17698 17861 W System.err: 	at com.google.android.apps.plus.service.EsService.processIntent(EsService.java:4246)
07-14 14:19:04.738 17698 17861 W System.err: 	at com.google.android.apps.plus.service.ServiceThread$1.run(ServiceThread.java:50)
07-14 14:19:04.750 17698 17861 W System.err: 	at android.os.Handler.handleCallback(Handler.java:605)
07-14 14:19:04.761 17698 17861 W System.err: 	at android.os.Handler.dispatchMessage(Handler.java:92)
07-14 14:19:04.769 17698 17861 W System.err: 	at android.os.Looper.loop(Looper.java:137)
07-14 14:19:04.777 17698 17861 W System.err: 	at com.google.android.apps.plus.service.ServiceThread.run(ServiceThread.java:122)
07-14 14:19:04.875   144   173 I ActivityManager: Start proc com.google.android.gm for service com.google.android.gm/.provider.MailIndexerService: pid=17862 uid=10075 gids={3003, 1015}
07-14 14:19:05.246 17862 17862 I ActivityThread: Pub gmail-ls: com.google.android.gm.provider.MailProvider
07-14 14:19:05.312 17862 17862 I ActivityThread: Pub com.google.android.gm: com.google.android.gm.provider.PublicContentProvider
07-14 14:19:05.324 17862 17862 I ActivityThread: Pub com.google.android.gmail.SuggestionProvider: com.google.android.gm.SuggestionsProvider
07-14 14:19:06.152 17862 17864 D dalvikvm: GC_CONCURRENT freed 217K, 4% free 9255K/9543K, paused 2ms+16ms
07-14 14:19:06.644   144   323 I ActivityManager: Process com.android.browser (pid 17604) has died.
07-14 14:19:06.812 17862 17881 I Gmail   : calculateUnknownSyncRationalesAndPurgeInBackground: queueing
07-14 14:19:06.828 17862 17881 I Gmail   : calculateUnknownSyncRationalesAndPurgeInBackground: queueing
07-14 14:19:06.851 17862 17881 I Gmail   : calculateUnknownSyncRationalesAndPurgeInBackground: running
07-14 14:19:06.871 17862 17881 I Gmail   : calculateUnknownSyncRationalesAndPurgeInBackground: running
07-14 14:19:07.027 17698 17700 D dalvikvm: GC_CONCURRENT freed 1128K, 9% free 12847K/14087K, paused 13ms+3ms
07-14 14:19:08.519 15783 15796 I PhoneLab-: Service Running
07-14 14:19:08.847 15783 15796 I PhoneLab-LoggerService: app_37    1373  1     1440   980   c00f181c 400107b4 S logcat
07-14 14:19:08.847 15783 15796 I PhoneLab-LoggerService: Logcat pid from database 1373
07-14 14:19:08.851 15783 15796 I PhoneLab-LoggerService: Logcat process found 1373
07-14 14:19:08.851 15783 15796 I PhoneLab-LoggerService: Checking Threshold
07-14 14:19:10.773 17537 17541 D dalvikvm: GC_CONCURRENT freed 535K, 8% free 10122K/10951K, paused 18ms+4ms
07-14 14:19:10.968 17698 17700 D dalvikvm: GC_CONCURRENT freed 1047K, 9% free 12978K/14151K, paused 4ms+6ms
07-14 14:19:11.156 17698 17875 E dalvikvm: Could not find class 'android.app.Notification$InboxStyle', referenced from method com.google.android.apps.plus.service.AndroidNotification.createDigestNotification
07-14 14:19:11.156 17698 17875 W dalvikvm: VFY: unable to resolve new-instance 41 (Landroid/app/Notification$InboxStyle;) in Lcom/google/android/apps/plus/service/AndroidNotification;
07-14 14:19:11.156 17698 17875 D dalvikvm: VFY: replacing opcode 0x22 at 0x0018
07-14 14:19:11.171 17698 17875 I dalvikvm: Could not find method android.app.Notification$Builder.setPriority, referenced from method com.google.android.apps.plus.service.AndroidNotification.createRichNotification
07-14 14:19:11.171 17698 17875 W dalvikvm: VFY: unable to resolve virtual method 162: Landroid/app/Notification$Builder;.setPriority (I)Landroid/app/Notification$Builder;
07-14 14:19:11.171 17698 17875 D dalvikvm: VFY: replacing opcode 0x6e at 0x00d5
07-14 14:19:11.261 17698 17875 D dalvikvm: DexOpt: unable to opt direct call 0x00a8 at 0x1a in Lcom/google/android/apps/plus/service/AndroidNotification;.createDigestNotification
07-14 14:19:11.265 17698 17875 D dalvikvm: DexOpt: unable to opt direct call 0x0091 at 0xf1 in Lcom/google/android/apps/plus/service/AndroidNotification;.createRichNotification
07-14 14:19:11.265 17698 17875 D dalvikvm: DexOpt: unable to opt direct call 0x0095 at 0x397 in Lcom/google/android/apps/plus/service/AndroidNotification;.createRichNotification
07-14 14:19:15.304 17698 17700 D dalvikvm: GC_CONCURRENT freed 1096K, 9% free 13121K/14343K, paused 7ms+3ms
07-14 14:19:15.648   144 24503 I ActivityManager: Process com.google.android.apps.docs (pid 17723) has died.
07-14 14:19:15.683 17698 17700 D dalvikvm: GC_CONCURRENT freed 1216K, 10% free 13198K/14535K, paused 3ms+2ms
07-14 14:19:19.195 17698 17875 D dalvikvm: GC_FOR_ALLOC freed 808K, 7% free 13626K/14599K, paused 53ms
07-14 14:19:19.238 17698 17875 D dalvikvm: GC_FOR_ALLOC freed 367K, 10% free 13600K/14983K, paused 40ms
07-14 14:19:19.238 17698 17875 I dalvikvm-heap: Grow heap (frag case) to 13.684MB for 349960-byte allocation
07-14 14:19:19.281 17698 17875 D dalvikvm: GC_FOR_ALLOC freed 0K, 10% free 13942K/15367K, paused 43ms
07-14 14:19:19.406   144   144 I ActivityManager: Process android.process.media (pid 17415) has died.
07-14 14:19:20.277 17698 17700 D dalvikvm: GC_CONCURRENT freed 1038K, 8% free 14453K/15623K, paused 2ms+4ms
07-14 14:19:22.515 17698 17700 D dalvikvm: GC_CONCURRENT freed 1743K, 12% free 14451K/16327K, paused 5ms+3ms
07-14 14:19:24.953 17698 17700 D dalvikvm: GC_CONCURRENT freed 2339K, 16% free 13855K/16327K, paused 2ms+3ms
07-14 14:19:25.390 17815 17832 D dalvikvm: GC_EXPLICIT freed 221K, 5% free 9761K/10247K, paused 10ms+2ms
07-14 14:19:27.320 17698 17875 I SqliteDatabaseCpp: sqlite returned: error code = 1, msg = no such column: last_stats_sync_time, db=/data/data/com.google.android.apps.plus/databases/iu.upload.db
07-14 14:19:27.343 17698 17875 E EsSyncAdapterService: Sync failure
07-14 14:19:27.343 17698 17875 E EsSyncAdapterService: android.database.sqlite.SQLiteException: no such column: last_stats_sync_time: , while compiling: SELECT last_stats_sync_time  FROM account_status
07-14 14:19:27.343 17698 17875 E EsSyncAdapterService: 	at android.database.sqlite.SQLiteCompiledSql.native_compile(Native Method)
07-14 14:19:27.343 17698 17875 E EsSyncAdapterService: 	at android.database.sqlite.SQLiteCompiledSql.<init>(SQLiteCompiledSql.java:68)
07-14 14:19:27.343 17698 17875 E EsSyncAdapterService: 	at android.database.sqlite.SQLiteProgram.compileSql(SQLiteProgram.java:143)
07-14 14:19:27.343 17698 17875 E EsSyncAdapterService: 	at android.database.sqlite.SQLiteProgram.compileAndbindAllArgs(SQLiteProgram.java:361)
07-14 14:19:27.343 17698 17875 E EsSyncAdapterService: 	at android.database.sqlite.SQLiteStatement.acquireAndLock(SQLiteStatement.java:260)
07-14 14:19:27.343 17698 17875 E EsSyncAdapterService: 	at android.database.sqlite.SQLiteStatement.simpleQueryForLong(SQLiteStatement.java:137)
07-14 14:19:27.343 17698 17875 E EsSyncAdapterService: 	at android.database.DatabaseUtils.longForQuery(DatabaseUtils.java:791)
07-14 14:19:27.343 17698 17875 E EsSyncAdapterService: 	at android.database.DatabaseUtils.longForQuery(DatabaseUtils.java:779)
07-14 14:19:27.343 17698 17875 E EsSyncAdapterService: 	at com.google.android.apps.plus.content.EsAccountsData.queryLastStatsSyncTimestamp(EsAccountsData.java:570)
07-14 14:19:27.343 17698 17875 E EsSyncAdapterService: 	at com.google.android.apps.plus.service.EsSyncAdapterService.syncContactsStatsIfNecessary(EsSyncAdapterService.java:670)
07-14 14:19:27.343 17698 17875 E EsSyncAdapterService: 	at com.google.android.apps.plus.service.EsSyncAdapterService.doFullSync(EsSyncAdapterService.java:633)
07-14 14:19:27.343 17698 17875 E EsSyncAdapterService: 	at com.google.android.apps.plus.service.EsSyncAdapterService.doSync(EsSyncAdapterService.java:566)
07-14 14:19:27.343 17698 17875 E EsSyncAdapterService: 	at com.google.android.apps.plus.service.EsSyncAdapterService.access$100(EsSyncAdapterService.java:52)
07-14 14:19:27.343 17698 17875 E EsSyncAdapterService: 	at com.google.android.apps.plus.service.EsSyncAdapterService$SyncAdapterImpl.onPerformSync(EsSyncAdapterService.java:408)
07-14 14:19:27.343 17698 17875 E EsSyncAdapterService: 	at android.content.AbstractThreadedSyncAdapter$SyncThread.run(AbstractThreadedSyncAdapter.java:247)
07-14 14:19:27.367   144   168 D SyncManager: failed sync operation lokeshmandvekar@gmail.com (com.google), com.google.android.apps.plus.content.EsProvider, SERVER, earliestRunTime 439200317, SyncResult: stats [ numParseExceptions: 1]
07-14 14:19:27.375   144   168 D SyncManager: not retrying sync operation because the error is a hard error: lokeshmandvekar@gmail.com (com.google), com.google.android.apps.plus.content.EsProvider, SERVER, earliestRunTime 439223116
07-14 14:19:31.816 15163 15177 D GetStringObjTask: retrieving from url = http://www.chess.com/api/get_move_status?id=5HHjW9WUGa%2Bcu1LUwnVJPxTIWxmEve4VdkRnRyg7b5Ch69JH2Z5aB%2B7eGuFw8K2uFx47KFsdE3JRdR3Mzv0PkZOj6eZ8N73BvxmEERrzXjMNRo80rkLyJAUTh0iqof4n
07-14 14:19:32.050 15163 15177 D GetStringObjTask: WebRequest SERVER RESPONSE: Success+0
07-14 14:19:32.238 17698 17888 D dalvikvm: GC_EXPLICIT freed 1815K, 19% free 13312K/16327K, paused 2ms+3ms
07-14 14:19:32.742   144   155 D dalvikvm: GC_EXPLICIT freed 710K, 27% free 18282K/24711K, paused 16ms+14ms
07-14 14:19:33.511 17815 17818 D dalvikvm: GC_CONCURRENT freed 312K, 5% free 9864K/10311K, paused 2ms+3ms
07-14 14:19:34.945 15622 15624 D dalvikvm: GC_CONCURRENT freed 288K, 7% free 9995K/10695K, paused 2ms+3ms
07-14 14:19:39.812 15622 15624 D dalvikvm: GC_CONCURRENT freed 361K, 7% free 10019K/10695K, paused 2ms+2ms
07-14 14:20:05.707 15622 15698 D dalvikvm: GC_EXPLICIT freed 261K, 8% free 9919K/10695K, paused 7ms+4ms
07-14 14:20:05.796 17815 17818 D dalvikvm: GC_CONCURRENT freed 455K, 6% free 9851K/10439K, paused 2ms+4ms
07-14 14:20:05.859 17815 17827 D dalvikvm: GC_EXPLICIT freed 138K, 7% free 9728K/10439K, paused 2ms+4ms
07-14 14:20:10.703 11780 11782 D dalvikvm: GC_CONCURRENT freed 531K, 13% free 10644K/12231K, paused 2ms+8ms
07-14 14:20:10.972 17537 17541 D dalvikvm: GC_CONCURRENT freed 478K, 8% free 10135K/10951K, paused 7ms+20ms
07-14 14:20:40.066 17786 17788 D dalvikvm: GC_CONCURRENT freed 478K, 6% free 11305K/11911K, paused 15ms+4ms
07-14 14:21:08.543 15783 15796 I PhoneLab-: Service Running
07-14 14:21:08.691 15783 15796 I PhoneLab-LoggerService: app_37    1373  1     1440   980   c00f181c 400107b4 S logcat
07-14 14:21:08.691 15783 15796 I PhoneLab-LoggerService: Logcat pid from database 1373
07-14 14:21:08.691 15783 15796 I PhoneLab-LoggerService: Logcat process found 1373
07-14 14:21:08.691 15783 15796 I PhoneLab-LoggerService: Checking Threshold
07-14 14:21:10.882 17537 17541 D dalvikvm: GC_CONCURRENT freed 454K, 8% free 10112K/10951K, paused 2ms+3ms
07-14 14:22:10.863   144   376 D dalvikvm: GC_EXPLICIT freed 869K, 26% free 18286K/24711K, paused 4ms+9ms
07-14 14:22:10.972 11780 11782 D dalvikvm: GC_CONCURRENT freed 553K, 14% free 10632K/12231K, paused 3ms+7ms
07-14 14:22:11.046 17537 17541 D dalvikvm: GC_CONCURRENT freed 406K, 8% free 10109K/10951K, paused 1ms+2ms
07-14 14:23:08.519 15783 15796 I PhoneLab-: Service Running
07-14 14:23:08.640 15783 15796 I PhoneLab-LoggerService: app_37    1373  1     1440   980   c00f181c 400107b4 S logcat
07-14 14:23:08.640 15783 15796 I PhoneLab-LoggerService: Logcat pid from database 1373
07-14 14:23:08.640 15783 15796 I PhoneLab-LoggerService: Logcat process found 1373
07-14 14:23:08.640 15783 15796 I PhoneLab-LoggerService: Checking Threshold
07-14 14:23:10.906 17537 17541 D dalvikvm: GC_CONCURRENT freed 419K, 8% free 10115K/10951K, paused 2ms+2ms
07-14 14:23:32.863   262   262 I wpa_supplicant: wlan0: WPA: Group rekeying completed with d0:c2:82:67:2e:71 [GTK=TKIP]
07-14 14:24:10.918 11780 11782 D dalvikvm: GC_CONCURRENT freed 526K, 13% free 10642K/12231K, paused 2ms+3ms
07-14 14:24:11.066 17537 17541 D dalvikvm: GC_CONCURRENT freed 417K, 8% free 10112K/10951K, paused 2ms+2ms
07-14 14:24:31.839 15163 15355 D GetStringObjTask: retrieving from url = http://www.chess.com/api/get_move_status?id=5HHjW9WUGa%2Bcu1LUwnVJPxTIWxmEve4VdkRnRyg7b5Ch69JH2Z5aB%2B7eGuFw8K2uFx47KFsdE3JRdR3Mzv0PkZOj6eZ8N73BvxmEERrzXjMNRo80rkLyJAUTh0iqof4n
07-14 14:24:32.058 15163 15355 D GetStringObjTask: WebRequest SERVER RESPONSE: Success+0
07-14 14:25:08.519 15783 15796 I PhoneLab-: Service Running
07-14 14:25:08.589 15783 15796 I PhoneLab-LoggerService: app_37    1373  1     1440   980   c00f181c 400107b4 S logcat
07-14 14:25:08.593 15783 15796 I PhoneLab-LoggerService: Logcat pid from database 1373
07-14 14:25:08.593 15783 15796 I PhoneLab-LoggerService: Logcat process found 1373
07-14 14:25:08.593 15783 15796 I PhoneLab-LoggerService: Checking Threshold
07-14 14:25:10.925  5517  5521 D dalvikvm: GC_CONCURRENT freed 423K, 7% free 10679K/11399K, paused 6ms+4ms
07-14 14:25:11.336 17537 17541 D dalvikvm: GC_CONCURRENT freed 405K, 8% free 10122K/10951K, paused 24ms+8ms
07-14 14:25:11.543 17537 17541 D dalvikvm: GC_CONCURRENT freed 291K, 7% free 10293K/10951K, paused 2ms+11ms
07-14 14:25:24.211   344   344 D SAN_SERVICE: *******************************************
07-14 14:25:24.211   344   344 D SAN_SERVICE: DM App Phone Service State - 0
07-14 14:25:24.211   344   344 D SAN_SERVICE: *******************************************
07-14 14:25:41.328 17478 17480 D dalvikvm: GC_CONCURRENT freed 475K, 6% free 10726K/11335K, paused 15ms+4ms
07-14 14:25:42.300 17786 17788 D dalvikvm: GC_CONCURRENT freed 622K, 7% free 11361K/12103K, paused 7ms+4ms
07-14 14:26:10.961 11780 11782 D dalvikvm: GC_CONCURRENT freed 548K, 14% free 10634K/12231K, paused 1ms+3ms
07-14 14:26:11.109 17537 17541 D dalvikvm: GC_CONCURRENT freed 603K, 7% free 10194K/10951K, paused 2ms+2ms
07-14 14:26:48.820 17862 17864 D dalvikvm: GC_CONCURRENT freed 249K, 4% free 9417K/9799K, paused 3ms+2ms
07-14 14:26:50.332   144   200 D ConnectivityService: ConnectivityChange for WIMAX: DISCONNECTED/SCANNING
07-14 14:26:50.336   144   200 D ConnectivityService: Attempting to switch to mobile
07-14 14:26:50.336   144   200 D ConnectivityService: Attempting to switch to WIFI
07-14 14:26:50.336   144   200 D ConnectivityService: Attempting to switch to BLUETOOTH_TETHER
07-14 14:26:53.351   144   204 D Tethering: MasterInitialState.processMessage what=3
07-14 14:26:53.550   144   161 I ActivityManager: Start proc android.process.media for broadcast com.android.providers.downloads/.DownloadReceiver: pid=17948 uid=10012 gids={1015, 1023, 1024, 2001, 3003, 3007}
07-14 14:26:53.558   144   204 D Tethering: MasterInitialState.processMessage what=3
07-14 14:26:53.613    79    79 D dalvikvm: GC_EXPLICIT freed 37K, 4% free 9031K/9347K, paused 2ms+4ms
07-14 14:26:53.648    79    79 D dalvikvm: GC_EXPLICIT freed <1K, 4% free 9031K/9347K, paused 2ms+4ms
07-14 14:26:53.718    79    79 D dalvikvm: GC_EXPLICIT freed <1K, 4% free 9031K/9347K, paused 2ms+7ms
07-14 14:26:53.761   144  9084 I ActivityManager: Process com.google.android.youtube (pid 17478) has died.
07-14 14:26:53.879 17948 17948 I ActivityThread: Pub downloads: com.android.providers.downloads.DownloadProvider
07-14 14:26:53.976 17948 17948 I ActivityThread: Pub drm: com.android.providers.drm.DrmProvider
07-14 14:26:53.980 17948 17961 I DownloadManager: in removeSpuriousFiles
07-14 14:26:54.054   144   200 D ConnectivityService: handleInetConditionHoldEnd: net=1, condition=100, published condition=100
07-14 14:26:54.062 17948 17948 I ActivityThread: Pub media: com.android.providers.media.MediaProvider
07-14 14:26:54.070 17948 17961 I DownloadManager: in removeSpuriousFiles, preserving file /data/data/com.android.providers.downloads/cache/metadata.json
07-14 14:26:54.070 17948 17961 I DownloadManager: in removeSpuriousFiles, preserving file /data/data/com.android.providers.downloads/cache/en_general.htm
07-14 14:26:54.078 17948 17961 I DownloadManager: in removeSpuriousFiles, preserving file /mnt/sdcard/Download/img-thing.jpeg
07-14 14:26:54.078 17948 17961 I DownloadManager: in removeSpuriousFiles, preserving file /data/data/com.android.providers.downloads/cache/metadata-1.json
07-14 14:26:54.078 17948 17961 I DownloadManager: in removeSpuriousFiles, preserving file /data/data/com.android.providers.downloads/cache/downloadfile.jpeg
07-14 14:26:54.078 17948 17961 I DownloadManager: in removeSpuriousFiles, preserving file /data/data/com.android.providers.downloads/cache/metadata-2.json
07-14 14:26:54.078 17948 17961 I DownloadManager: in removeSpuriousFiles, preserving file /data/data/com.android.providers.downloads/cache/metadata-3.json
07-14 14:26:54.078 17948 17961 I DownloadManager: in removeSpuriousFiles, preserving file /data/data/com.android.providers.downloads/cache/downloadfile-1.jpeg
07-14 14:26:54.082 17948 17961 I DownloadManager: in removeSpuriousFiles, preserving file /data/data/com.android.providers.downloads/cache/downloadfile-2.jpeg
07-14 14:26:54.082 17948 17961 I DownloadManager: in removeSpuriousFiles, preserving file /data/data/com.android.providers.downloads/cache/metadata-4.json
07-14 14:26:54.082 17948 17961 I DownloadManager: in removeSpuriousFiles, preserving file /data/data/com.android.providers.downloads/cache/metadata-5.json
07-14 14:26:54.086 17948 17961 I DownloadManager: deleting spurious file /cache/backup
07-14 14:26:54.531 17948 17949 D dalvikvm: GC_CONCURRENT freed 325K, 5% free 9211K/9607K, paused 34ms+9ms
07-14 14:26:54.656 17678 17678 I MediaUploader: No need to wake up
07-14 14:26:54.808 17698 17736 D PicasaSyncManager: active network: NetworkInfo: type: WIFI[], state: CONNECTED/CONNECTED, reason: (unspecified), extra: (none), roaming: false, failover: false, isAvailable: true
07-14 14:26:54.808   144   403 I ActivityManager: Start proc com.google.android.youtube for broadcast com.google.android.youtube/.app.prefetch.PrefetchService$DeviceStateReceiver: pid=17967 uid=10057 gids={3003, 1015, 1006}
07-14 14:26:54.847 17698 17736 D PicasaSyncManager: background data: true
07-14 14:26:54.933   144   147 D dalvikvm: GC_CONCURRENT freed 1898K, 26% free 18338K/24711K, paused 2ms+11ms
07-14 14:26:55.070 17967 17968 D dalvikvm: GC_CONCURRENT freed 141K, 3% free 9360K/9607K, paused 2ms+1ms
07-14 14:26:55.125 17967 17967 I ActivityThread: Pub com.google.android.youtube.SuggestionProvider: com.google.android.youtube.core.suggest.SuggestionProvider
07-14 14:26:55.593   144   376 I ActivityManager: Process com.google.android.apps.gesturesearch (pid 17569) has died.
07-14 14:26:55.777 17967 17968 D dalvikvm: GC_CONCURRENT freed 344K, 5% free 9493K/9927K, paused 12ms+2ms
07-14 14:26:55.777 17967 17976 W CursorWrapperInner: Cursor finalized without prior close()
07-14 14:26:55.777 17967 17976 W CursorWrapperInner: Cursor finalized without prior close()
07-14 14:26:55.894 17967 17968 D dalvikvm: GC_CONCURRENT freed 282K, 4% free 9766K/10119K, paused 2ms+4ms
07-14 14:26:56.000 17967 17968 D dalvikvm: GC_CONCURRENT freed 387K, 5% free 9917K/10375K, paused 2ms+3ms
07-14 14:26:56.125  5517  5625 D dalvikvm: GC_EXPLICIT freed 356K, 7% free 10628K/11399K, paused 10ms+5ms
07-14 14:26:56.132 17967 17968 D dalvikvm: GC_CONCURRENT freed 330K, 5% free 10039K/10503K, paused 2ms+8ms
07-14 14:26:56.254 17967 17968 D dalvikvm: GC_CONCURRENT freed 354K, 4% free 10206K/10631K, paused 4ms+6ms
07-14 14:26:56.371 17967 17968 D dalvikvm: GC_CONCURRENT freed 393K, 5% free 10246K/10759K, paused 1ms+4ms
07-14 14:26:56.394   144 30930 D dalvikvm: GC_EXPLICIT freed 125K, 27% free 18241K/24711K, paused 8ms+16ms
07-14 14:26:56.554   144 30930 I ActivityManager: Start proc com.google.android.apps.docs for broadcast com.google.android.apps.docs/.receivers.NetworkChangeReceiver: pid=18009 uid=10077 gids={3003, 1015, 1006}
07-14 14:26:56.718   144   376 I ActivityManager: Process com.google.android.gm (pid 17862) has died.
07-14 14:26:56.933 18009 18009 I PackageInfoHelper: Provided clientMode=RELEASE, packageInfo=PackageInfo{4134f4b0 com.google.android.apps.docs}
07-14 14:26:56.933 18009 18009 I ActivityThread: Pub com.google.android.apps.docs.files: com.google.android.apps.docs.sync.filemanager.FileProvider
07-14 14:26:56.945 18009 18009 I ActivityThread: Pub com.google.android.apps.docs.doclist.search_suggest: com.google.android.apps.docs.doclist.DocListGlobalSearchSuggestionProvider
07-14 14:26:57.230 18009 18011 D dalvikvm: GC_CONCURRENT freed 222K, 4% free 9314K/9607K, paused 2ms+5ms
07-14 14:26:57.363 18009 18011 D dalvikvm: GC_CONCURRENT freed 439K, 6% free 9413K/9927K, paused 2ms+2ms
07-14 14:26:57.476 18009 18011 D dalvikvm: GC_CONCURRENT freed 535K, 7% free 9445K/10055K, paused 2ms+3ms
07-14 14:26:57.570 18009 18011 D dalvikvm: GC_CONCURRENT freed 488K, 6% free 9469K/10055K, paused 2ms+2ms
07-14 14:26:57.652 18009 18011 D dalvikvm: GC_CONCURRENT freed 515K, 6% free 9464K/10055K, paused 2ms+3ms
07-14 14:26:57.746 18009 18011 D dalvikvm: GC_CONCURRENT freed 472K, 6% free 9504K/10055K, paused 2ms+3ms
07-14 14:26:57.906 18009 18011 D dalvikvm: GC_CONCURRENT freed 378K, 5% free 9644K/10119K, paused 2ms+2ms
07-14 14:26:58.015 18009 18009 D ContextScopeImpl: in ContextScope.getContextOrDefault for thread=1
07-14 14:26:58.015 18009 18009 D ContextScopeImpl: returning application context for thread=1
07-14 14:26:58.031 18009 18011 D dalvikvm: GC_CONCURRENT freed 401K, 5% free 9757K/10247K, paused 2ms+5ms
07-14 14:26:58.035 18009 18009 I FeatureCheckerImpl: Configured disabled features: []
07-14 14:26:58.035 18009 18009 D ContextScopeImpl: in ContextScope.getContextOrDefault for thread=1
07-14 14:26:58.035 18009 18009 D ContextScopeImpl: returning application context for thread=1
07-14 14:26:58.050 18009 18009 D ContextScopeImpl: in ContextScope.enter for thread=1
07-14 14:26:58.050 18009 18009 W ContextScopeImpl: thread=1 tried to enter the scope of the application context. Ignored.
07-14 14:26:58.054 18009 18009 D ContextScopeImpl: in ContextScope.getContextOrDefault for thread=1
07-14 14:26:58.054 18009 18009 D ContextScopeImpl: returning application context for thread=1
07-14 14:26:58.054 18009 18009 D DocListDatabase: openHelper points on new database: DocList.db
07-14 14:26:58.054 18009 18009 D DocListDatabase: in openWriteDatabase
07-14 14:26:58.066 18009 18009 I ActivityThread: Pub com.google.android.apps.docs.doclist.account_suggest: com.google.android.apps.docs.doclist.DocListAccountSuggestionProvider
07-14 14:26:58.070   144 30930 I ActivityManager: Process com.google.android.apps.maps:NetworkLocationService (pid 11780) has died.
07-14 14:26:58.070   144 30930 W ActivityManager: Scheduling restart of crashed service com.google.android.apps.maps/com.google.android.location.internal.server.NetworkLocationService in 5000ms
07-14 14:26:58.078 18009 18009 D ContextScopeImpl: in ContextScope.enter for thread=1
07-14 14:26:58.078 18009 18009 W ContextScopeImpl: thread=1 tried to enter the scope of the application context. Ignored.
07-14 14:26:58.078 18009 18009 I ActivityThread: Pub com.google.android.apps.docs: com.google.android.apps.docs.providers.DocListProvider
07-14 14:26:58.078 18009 18009 D ContextScopeImpl: in ContextScope.enter for thread=1
07-14 14:26:58.078 18009 18009 W ContextScopeImpl: thread=1 tried to enter the scope of the application context. Ignored.
07-14 14:26:58.109 18009 18009 W ContextScopeImpl: thread=1 tried to enter the scope of the application context. Ignored.
07-14 14:26:58.117 18009 18027 W ContextScopeImpl: thread=11763 tried to enter the scope of the application context. Ignored.
07-14 14:26:58.156 18009 18009 W ContextScopeImpl: thread=1 tried to enter the scope of the application context. Ignored.
07-14 14:26:58.261 17678 17678 I MediaUploader: No need to wake up
07-14 14:26:58.308 17967 17968 D dalvikvm: GC_CONCURRENT freed 356K, 4% free 10472K/10887K, paused 2ms+7ms
07-14 14:26:58.347 18009 18009 W ContextScopeImpl: thread=1 tried to enter the scope of the application context. Ignored.
07-14 14:26:58.375 17698 17736 D PicasaSyncManager: active network: NetworkInfo: type: WIFI[], state: CONNECTED/CONNECTED, reason: (unspecified), extra: (none), roaming: false, failover: false, isAvailable: true
07-14 14:26:58.379 17698 17736 D PicasaSyncManager: background data: true
07-14 14:26:58.726 17967 17968 D dalvikvm: GC_CONCURRENT freed 381K, 5% free 10556K/11015K, paused 3ms+3ms
07-14 14:26:59.086 17967 17968 D dalvikvm: GC_CONCURRENT freed 358K, 5% free 10658K/11143K, paused 2ms+2ms
07-14 14:27:03.132   144   161 I ActivityManager: Start proc com.google.android.apps.maps:NetworkLocationService for service com.google.android.apps.maps/com.google.android.location.internal.server.NetworkLocationService: pid=18046 uid=10056 gids={3003, 1015}
07-14 14:27:03.304 18046 18048 D dalvikvm: GC_CONCURRENT freed 158K, 3% free 9378K/9607K, paused 3ms+2ms
07-14 14:27:03.675   144   144 I ActivityManager: Process com.twitter.android (pid 17786) has died.
07-14 14:27:03.824   344   344 D SAN_SERVICE: *******************************************
07-14 14:27:03.824   344   344 D SAN_SERVICE: DM App Phone Service State - 0
07-14 14:27:03.824   344   344 D SAN_SERVICE: *******************************************
07-14 14:27:03.839   344   344 D SAN_SERVICE: *******************************************
07-14 14:27:03.839   344   344 D SAN_SERVICE: DM App Phone Service State - 0
07-14 14:27:03.839   344   344 D SAN_SERVICE: *******************************************
07-14 14:27:03.902 18046 18048 D dalvikvm: GC_CONCURRENT freed 154K, 3% free 9677K/9927K, paused 3ms+2ms
07-14 14:27:04.402 18046 18048 D dalvikvm: GC_CONCURRENT freed 170K, 3% free 10069K/10311K, paused 2ms+3ms
07-14 14:27:04.593 18046 18048 D dalvikvm: GC_CONCURRENT freed 669K, 8% free 9887K/10695K, paused 2ms+2ms
07-14 14:27:04.675   144   161 I ActivityManager: Start proc com.google.android.apps.maps:FriendService for broadcast com.google.android.apps.maps/com.google.googlenav.friend.android.ServiceReceiver: pid=18067 uid=10056 gids={3003, 1015}
07-14 14:27:04.863 18067 18070 D dalvikvm: GC_CONCURRENT freed 161K, 3% free 9375K/9607K, paused 1ms+5ms
07-14 14:27:05.031 18067 18070 D dalvikvm: GC_CONCURRENT freed 234K, 4% free 9681K/9991K, paused 2ms+9ms
07-14 14:27:05.218 18046 18053 I dalvikvm: Total arena pages for JIT: 11
07-14 14:27:05.222 18046 18053 I dalvikvm: Total arena pages for JIT: 12
07-14 14:27:05.226 18046 18053 I dalvikvm: Total arena pages for JIT: 13
07-14 14:27:05.226 18046 18053 I dalvikvm: Total arena pages for JIT: 14
07-14 14:27:05.230 18046 18053 I dalvikvm: Total arena pages for JIT: 15
07-14 14:27:05.230 18046 18053 I dalvikvm: Total arena pages for JIT: 16
07-14 14:27:05.230 18046 18053 I dalvikvm: Total arena pages for JIT: 17
07-14 14:27:05.328 18046 18053 I dalvikvm: Total arena pages for JIT: 18
07-14 14:27:05.343   144   156 I ActivityManager: Process android.process.acore (pid 17815) has died.
07-14 14:27:05.343   144   376 D CountryDetector: No listener is left
07-14 14:27:05.449 18046 18048 D dalvikvm: GC_CONCURRENT freed 214K, 5% free 10184K/10695K, paused 2ms+3ms
07-14 14:27:05.921 18046 18048 D dalvikvm: GC_CONCURRENT freed 425K, 5% free 10300K/10823K, paused 2ms+2ms
07-14 14:27:07.054 17537 17541 D dalvikvm: GC_CONCURRENT freed 523K, 8% free 10134K/10951K, paused 2ms+3ms
07-14 14:27:08.543 15783 15796 I PhoneLab-: Service Running
07-14 14:27:08.629 15783 15796 I PhoneLab-LoggerService: app_37    1373  1     1440   980   c00f181c 400107b4 S logcat
07-14 14:27:08.629 15783 15796 I PhoneLab-LoggerService: Logcat pid from database 1373
07-14 14:27:08.629 15783 15796 I PhoneLab-LoggerService: Logcat process found 1373
07-14 14:27:08.629 15783 15796 I PhoneLab-LoggerService: Checking Threshold
07-14 14:27:09.800   144   200 D ConnectivityService: ConnectivityChange for mobile: CONNECTED/CONNECTED
07-14 14:27:09.832   144   200 D ConnectivityService: ConnectivityChange for mobile: DISCONNECTED/DISCONNECTED
07-14 14:27:09.832   144   200 D ConnectivityService: Attempting to switch to WIFI
07-14 14:27:09.882   144   200 D ConnectivityService: Attempting to switch to WIMAX
07-14 14:27:09.882   144   200 D ConnectivityService: Attempting to switch to BLUETOOTH_TETHER
07-14 14:27:09.886   144   200 D NetUtils: android_net_utils_resetConnections in env=0x13390c8 clazz=0x62c00001 iface=rmnet0 mask=0x3
07-14 14:27:09.886   144   200 D ConnectivityService: resetConnections(rmnet0, 3)
07-14 14:27:10.894   344   347 D dalvikvm: GC_CONCURRENT freed 882K, 15% free 12020K/14087K, paused 10ms+4ms
07-14 14:27:11.882   144   402 D AlarmManagerService: Kernel timezone updated to 240 minutes west of GMT
07-14 14:27:11.898   344   344 D SystemClock: Setting time of day to sec=1342290432
07-14 14:27:12.098   144   161 I ActivityManager: Start proc com.android.calendar for broadcast com.android.calendar/.widget.CalendarAppWidgetService$CalendarFactory: pid=18084 uid=10005 gids={3003}
07-14 14:27:12.184 18084 18084 I ActivityThread: Pub com.android.calendar.CalendarRecentSuggestionsProvider: com.android.calendar.CalendarRecentSuggestionsProvider
07-14 14:27:12.317   144   376 I ActivityManager: Start proc com.android.deskclock for broadcast com.android.deskclock/.AlarmInitReceiver: pid=18100 uid=10011 gids={}
07-14 14:27:12.352   144   400 I ActivityManager: Start proc com.android.providers.calendar for content provider com.android.providers.calendar/.CalendarProvider2: pid=18111 uid=10006 gids={3003, 1015}
07-14 14:27:12.427   144 30930 I ActivityManager: Process com.google.android.apps.plus (pid 17698) has died.
07-14 14:27:12.442 18111 18111 I ActivityThread: Pub com.android.calendar: com.android.providers.calendar.CalendarProvider2
07-14 14:27:12.450 18100 18100 I ActivityThread: Pub com.android.deskclock: com.android.deskclock.AlarmProvider
07-14 14:27:12.559 18100 18126 V AlarmClock: AlarmInitReceiver finished
07-14 14:27:12.755 15163 15165 D dalvikvm: GC_CONCURRENT freed 1594K, 12% free 13894K/15623K, paused 17ms+7ms
07-14 14:27:13.059   144   204 D Tethering: MasterInitialState.processMessage what=3
07-14 14:27:13.196 17678 17678 I MediaUploader: No need to wake up
07-14 14:27:13.212   144   380 I ActivityManager: Start proc com.google.android.apps.plus for broadcast com.google.android.apps.plus/com.google.android.picasasync.ConnectivityReceiver: pid=18132 uid=10060 gids={3003, 3002, 1015, 1006}
07-14 14:27:13.266   144   204 D Tethering: MasterInitialState.processMessage what=3
07-14 14:27:13.446 18132 18134 D dalvikvm: GC_CONCURRENT freed 166K, 3% free 9369K/9607K, paused 3ms+2ms
07-14 14:27:13.610 18132 18132 I ActivityThread: Pub com.google.android.apps.plus.content.ApiProvider: com.google.android.apps.plus.content.EsApiProvider
07-14 14:27:13.626 18111 18111 I CalendarProvider2: Sending notification intent: Intent { act=android.intent.action.PROVIDER_CHANGED dat=content://com.android.calendar }
07-14 14:27:13.638   144   200 D ConnectivityService: handleInetConditionHoldEnd: net=1, condition=100, published condition=100
07-14 14:27:13.665 18132 18132 I ActivityThread: Pub com.google.android.apps.plus.content.EsGooglePhotoProvider: com.google.android.picasasync.PicasaContentProvider
07-14 14:27:13.673 18111 18111 W ContentResolver: Failed to get type for: content://com.android.calendar (Unknown URL content://com.android.calendar)
07-14 14:27:13.794 18132 18134 D dalvikvm: GC_CONCURRENT freed 328K, 5% free 9589K/9991K, paused 2ms+3ms
07-14 14:27:13.829 18132 18132 I ActivityThread: Pub com.google.android.apps.plus.content.EsPicasaStoreProvider: com.google.android.picasastore.PicasaPhotoContentProvider
07-14 14:27:13.837 18132 18132 I ActivityThread: Pub com.google.plus.platform: com.google.android.apps.plus.content.AdsProvider
07-14 14:27:13.837 18132 18132 I ActivityThread: Pub com.google.android.apps.plus.iu.EsGoogleIuProvider: com.google.android.apps.plus.iu.InstantUploadProvider
07-14 14:27:13.903 18132 18134 D dalvikvm: GC_CONCURRENT freed 501K, 6% free 9608K/10183K, paused 2ms+2ms
07-14 14:27:13.911 18132 18132 I ActivityThread: Pub com.google.android.apps.plus.content.EsProvider: com.google.android.apps.plus.content.EsProvider
07-14 14:27:14.009 18132 18146 D PicasaPhotoCP: set fsid first time:-1
07-14 14:27:14.270 18009 18009 W ContextScopeImpl: thread=1 tried to enter the scope of the application context. Ignored.
07-14 14:27:14.419 17678 17678 I MediaUploader: No need to wake up
07-14 14:27:14.513 18132 18134 D dalvikvm: GC_CONCURRENT freed 330K, 4% free 9838K/10247K, paused 3ms+5ms
07-14 14:27:14.563   144   147 D dalvikvm: GC_CONCURRENT freed 1893K, 26% free 18348K/24711K, paused 4ms+20ms
07-14 14:27:14.630 18009 18009 W ContextScopeImpl: thread=1 tried to enter the scope of the application context. Ignored.
07-14 14:27:14.770   144   160 D dalvikvm: GC_EXPLICIT freed 167K, 27% free 18233K/24711K, paused 3ms+8ms
07-14 14:27:14.790 18132 18150 D PicasaSync: sync account database
07-14 14:27:14.891 17967 17968 D dalvikvm: GC_CONCURRENT freed 409K, 5% free 10738K/11271K, paused 14ms+5ms
07-14 14:27:14.923 18132 18150 D PicasaSync: accounts in DB=1
07-14 14:27:14.931 18132 18150 D PicasaSyncManager: active network: NetworkInfo: type: WIFI[], state: CONNECTED/CONNECTED, reason: (unspecified), extra: (none), roaming: false, failover: false, isAvailable: true
07-14 14:27:14.934 18132 18150 D PicasaSyncManager: background data: true
07-14 14:27:14.993 18132 18150 D PicasaSyncManager: battery info: true
07-14 14:27:15.098 18132 18134 D dalvikvm: GC_CONCURRENT freed 179K, 3% free 10089K/10375K, paused 11ms+3ms
07-14 14:27:15.220 18132 18134 D dalvikvm: GC_CONCURRENT freed 152K, 3% free 10360K/10631K, paused 1ms+2ms
07-14 14:27:15.321 18132 18134 D dalvikvm: GC_CONCURRENT freed 308K, 5% free 10486K/10951K, paused 2ms+2ms
07-14 14:27:15.364 18132 18147 D dalvikvm: GC_FOR_ALLOC freed 0K, 5% free 10486K/10951K, paused 24ms
07-14 14:27:15.364 18132 18147 I dalvikvm-heap: Grow heap (frag case) to 10.557MB for 260112-byte allocation
07-14 14:27:15.391 18132 18147 D dalvikvm: GC_FOR_ALLOC freed 126K, 6% free 10614K/11207K, paused 21ms
07-14 14:27:15.423 18132 18147 D dalvikvm: GC_FOR_ALLOC freed 311K, 6% free 10607K/11207K, paused 21ms
07-14 14:27:15.446 18132 18147 D dalvikvm: GC_FOR_ALLOC freed 62K, 5% free 10671K/11207K, paused 21ms
07-14 14:27:15.446 18132 18147 I dalvikvm-heap: Grow heap (frag case) to 10.738MB for 260112-byte allocation
07-14 14:27:15.477 18132 18147 D dalvikvm: GC_FOR_ALLOC freed 126K, 6% free 10799K/11463K, paused 26ms
07-14 14:27:15.509 18132 18147 D dalvikvm: GC_FOR_ALLOC freed 307K, 6% free 10790K/11463K, paused 22ms
07-14 14:27:15.532 18132 18147 D dalvikvm: GC_FOR_ALLOC freed 62K, 6% free 10854K/11463K, paused 23ms
07-14 14:27:15.532 18132 18147 I dalvikvm-heap: Grow heap (frag case) to 10.916MB for 260112-byte allocation
07-14 14:27:15.556 18132 18147 D dalvikvm: GC_FOR_ALLOC freed 126K, 7% free 10982K/11719K, paused 21ms
07-14 14:27:15.692 18132 18134 D dalvikvm: GC_CONCURRENT freed 332K, 5% free 11189K/11719K, paused 2ms+2ms
07-14 14:27:15.841 18132 18134 D dalvikvm: GC_CONCURRENT freed 139K, 3% free 11712K/11975K, paused 2ms+2ms
07-14 14:27:16.063 18132 18134 D dalvikvm: GC_CONCURRENT freed 334K, 4% free 12206K/12679K, paused 2ms+6ms
07-14 14:27:16.274 18132 18134 D dalvikvm: GC_CONCURRENT freed 432K, 5% free 12771K/13319K, paused 2ms+2ms
07-14 14:27:16.665 17948 17949 D dalvikvm: GC_CONCURRENT freed 321K, 5% free 9282K/9735K, paused 3ms+8ms
07-14 14:27:18.712   344   344 D SAN_SERVICE: *******************************************
07-14 14:27:18.712   344   344 D SAN_SERVICE: DM App Phone Service State - 0
07-14 14:27:18.712   344   344 D SAN_SERVICE: *******************************************
07-14 14:27:22.669   144   402 D AlarmManagerService: Kernel timezone updated to 240 minutes west of GMT
07-14 14:27:27.438   344   344 D SAN_SERVICE: *******************************************
07-14 14:27:27.438   344   344 D SAN_SERVICE: DM App Phone Service State - 0
07-14 14:27:27.438   344   344 D SAN_SERVICE: *******************************************
07-14 14:28:07.563 18046 18048 D dalvikvm: GC_CONCURRENT freed 543K, 6% free 10270K/10887K, paused 2ms+3ms
07-14 14:28:07.657 17537 17541 D dalvikvm: GC_CONCURRENT freed 505K, 8% free 10140K/10951K, paused 1ms+2ms
07-14 14:28:24.673   144   323 I ActivityManager: Start proc android.process.acore for content provider com.android.providers.contacts/.ContactsProvider2: pid=18165 uid=10000 gids={3003, 1015}
07-14 14:28:24.712 18165 18165 I ActivityThread: Pub call_log: com.android.providers.contacts.CallLogProvider
07-14 14:28:24.759 18165 18165 I ActivityThread: Pub com.android.voicemail: com.android.providers.contacts.VoicemailContentProvider
07-14 14:28:24.763 18165 18165 I ActivityThread: Pub user_dictionary: com.android.providers.userdictionary.UserDictionaryProvider
07-14 14:28:24.806 18165 18165 I ActivityThread: Pub com.android.social: com.android.providers.contacts.SocialProvider
07-14 14:28:24.809 18165 18165 I ActivityThread: Pub applications: com.android.providers.applications.ApplicationsProvider
07-14 14:28:24.931 18165 18168 D dalvikvm: GC_CONCURRENT freed 341K, 5% free 9152K/9607K, paused 2ms+2ms
07-14 14:28:24.931 18165 18165 I ActivityThread: Pub contacts;com.android.contacts: com.android.providers.contacts.ContactsProvider2
07-14 14:28:25.415 18165 18168 D dalvikvm: GC_CONCURRENT freed 204K, 4% free 9352K/9671K, paused 2ms+2ms
07-14 14:28:26.243 18165 18168 D dalvikvm: GC_CONCURRENT freed 198K, 4% free 9597K/9927K, paused 2ms+3ms
07-14 14:29:02.606   144   180 I InputReader: Reconfiguring input devices.  changes=0x00000004
07-14 14:29:02.606   144   180 I InputReader: Device reconfigured: id=7, name='mxt224_ts_input', surface size is now 480x800, mode is 1
07-14 14:29:02.731   144   160 I ActivityManager: Config changed: {0.85 310mcc120mnc en_US layoutdir=0 sw320dp w533dp h294dp nrml long land finger -keyb/v/h -nav/h s.124}
07-14 14:29:02.891 17635 17635 D OpenGLRenderer: Flushing caches (mode 0)
07-14 14:29:03.126   214   216 D dalvikvm: GC_CONCURRENT freed 378K, 55% free 9943K/22023K, paused 39ms+21ms
07-14 14:29:03.278   320   324 D dalvikvm: GC_CONCURRENT freed 1315K, 19% free 10231K/12615K, paused 3ms+4ms
07-14 14:29:03.411   144   180 I InputReader: Reconfiguring input devices.  changes=0x00000004
07-14 14:29:03.411   144   180 I InputReader: Device reconfigured: id=7, name='mxt224_ts_input', surface size is now 480x800, mode is 1
07-14 14:29:03.411   144   160 I ActivityManager: Config changed: {0.85 310mcc120mnc en_US layoutdir=0 sw320dp w320dp h508dp nrml long port finger -keyb/v/h -nav/h s.125}
07-14 14:29:03.540 17635 17635 D OpenGLRenderer: Flushing caches (mode 0)
07-14 14:29:03.595   214   214 D dalvikvm: GC_FOR_ALLOC freed 544K, 56% free 9765K/22023K, paused 31ms
07-14 14:29:03.731   320   324 D dalvikvm: GC_CONCURRENT freed 333K, 18% free 10377K/12615K, paused 2ms+8ms
07-14 14:29:03.884   320   320 D dalvikvm: GC_FOR_ALLOC freed 504K, 20% free 10117K/12615K, paused 16ms
07-14 14:29:03.888   320   320 I dalvikvm-heap: Grow heap (frag case) to 10.492MB for 568336-byte allocation
07-14 14:29:03.958   320   324 D dalvikvm: GC_CONCURRENT freed 6K, 16% free 10665K/12615K, paused 2ms+13ms
07-14 14:29:04.184 17635 17637 D dalvikvm: GC_CONCURRENT freed 488K, 6% free 9746K/10311K, paused 3ms+4ms
07-14 14:29:04.223   320   324 D dalvikvm: GC_CONCURRENT freed 1027K, 20% free 10154K/12615K, paused 2ms+5ms
07-14 14:29:04.290   320   320 D dalvikvm: GC_FOR_ALLOC freed 340K, 20% free 10149K/12615K, paused 23ms
07-14 14:29:04.294   320   320 I dalvikvm-heap: Grow heap (frag case) to 10.825MB for 885136-byte allocation
07-14 14:29:04.325   320   320 D dalvikvm: GC_FOR_ALLOC freed 4K, 13% free 11008K/12615K, paused 18ms
07-14 14:29:04.431   320   320 D dalvikvm: GC_FOR_ALLOC freed 874K, 20% free 10144K/12615K, paused 22ms
07-14 14:29:04.431   320   320 I dalvikvm-heap: Grow heap (frag case) to 10.820MB for 885136-byte allocation
07-14 14:29:04.477   320   324 D dalvikvm: GC_CONCURRENT freed <1K, 13% free 11008K/12615K, paused 1ms+4ms
07-14 14:29:06.302   144   174 D dalvikvm: GC_EXPLICIT freed 470K, 27% free 18272K/24711K, paused 15ms+10ms
07-14 14:29:07.731 17537 17541 D dalvikvm: GC_CONCURRENT freed 446K, 7% free 10203K/10951K, paused 2ms+3ms
07-14 14:29:08.688 15783 15796 I PhoneLab-: Service Running
07-14 14:29:08.798 15783 15796 I PhoneLab-LoggerService: app_37    1373  1     1440   980   c00f181c 400107b4 S logcat
07-14 14:29:08.798 15783 15796 I PhoneLab-LoggerService: Logcat pid from database 1373
07-14 14:29:08.798 15783 15796 I PhoneLab-LoggerService: Logcat process found 1373
07-14 14:29:08.798 15783 15796 I PhoneLab-LoggerService: Checking Threshold
07-14 14:29:08.997   144   180 I InputReader: Reconfiguring input devices.  changes=0x00000004
07-14 14:29:08.997   144   180 I InputReader: Device reconfigured: id=7, name='mxt224_ts_input', surface size is now 480x800, mode is 1
07-14 14:29:09.091   144   160 I ActivityManager: Config changed: {0.85 310mcc120mnc en_US layoutdir=0 sw320dp w533dp h294dp nrml long land finger -keyb/v/h -nav/h s.126}
07-14 14:29:09.165 17635 17635 D OpenGLRenderer: Flushing caches (mode 0)
07-14 14:29:09.286   214   214 D dalvikvm: GC_FOR_ALLOC freed 256K, 56% free 9770K/22023K, paused 26ms
07-14 14:29:09.415   320   324 D dalvikvm: GC_CONCURRENT freed 1344K, 19% free 10251K/12615K, paused 8ms+13ms
07-14 14:29:09.505   320   324 D dalvikvm: GC_CONCURRENT freed 297K, 18% free 10372K/12615K, paused 5ms+3ms
07-14 14:29:09.591   320   320 D dalvikvm: GC_FOR_ALLOC freed 498K, 20% free 10117K/12615K, paused 25ms
07-14 14:29:09.595   320   320 I dalvikvm-heap: Grow heap (frag case) to 10.853MB for 947216-byte allocation
07-14 14:29:09.614   320   320 D dalvikvm: GC_FOR_ALLOC freed 6K, 13% free 11035K/12615K, paused 19ms
07-14 14:29:09.747   320   320 D dalvikvm: GC_FOR_ALLOC freed 938K, 20% free 10110K/12615K, paused 24ms
07-14 14:29:09.747   320   320 I dalvikvm-heap: Grow heap (frag case) to 10.846MB for 947216-byte allocation
07-14 14:29:09.802   320   324 D dalvikvm: GC_CONCURRENT freed <1K, 13% free 11035K/12615K, paused 1ms+7ms
07-14 14:29:12.169   144   174 D dalvikvm: GC_EXPLICIT freed 128K, 27% free 18226K/24711K, paused 16ms+8ms
07-14 14:29:24.138   344   344 D SAN_SERVICE: *******************************************
07-14 14:29:24.138   344   344 D SAN_SERVICE: DM App Phone Service State - 0
07-14 14:29:24.138   344   344 D SAN_SERVICE: *******************************************
07-14 14:29:31.864 15163 15295 D GetStringObjTask: retrieving from url = http://www.chess.com/api/get_move_status?id=5HHjW9WUGa%2Bcu1LUwnVJPxTIWxmEve4VdkRnRyg7b5Ch69JH2Z5aB%2B7eGuFw8K2uFx47KFsdE3JRdR3Mzv0PkZOj6eZ8N73BvxmEERrzXjMNRo80rkLyJAUTh0iqof4n
07-14 14:29:32.067 15163 15295 D GetStringObjTask: WebRequest SERVER RESPONSE: Success+0
07-14 14:29:54.677   214   214 D dalvikvm: GC_FOR_ALLOC freed 382K, 56% free 9751K/22023K, paused 17ms
07-14 14:29:54.704   214   214 D dalvikvm: GC_FOR_ALLOC freed 310K, 56% free 9738K/22023K, paused 16ms
07-14 14:29:54.755   214   216 D dalvikvm: GC_CONCURRENT freed 269K, 55% free 9966K/22023K, paused 2ms+3ms
07-14 14:29:54.821   214   216 D dalvikvm: GC_CONCURRENT freed 735K, 56% free 9738K/22023K, paused 1ms+3ms
07-14 14:29:55.317   144   180 I InputReader: Reconfiguring input devices.  changes=0x00000004
07-14 14:29:55.317   144   180 I InputReader: Device reconfigured: id=7, name='mxt224_ts_input', surface size is now 480x800, mode is 1
07-14 14:29:55.348   144   400 I ActivityManager: Config changed: {0.85 310mcc120mnc en_US layoutdir=0 sw320dp w320dp h508dp nrml long port finger -keyb/v/h -nav/h s.127}
07-14 14:29:55.415 17635 17635 D OpenGLRenderer: Flushing caches (mode 0)
07-14 14:29:55.431 17635 17635 D OpenGLRenderer: Flushing caches (mode 0)
07-14 14:29:55.571   144 10051 W InputManagerService: Starting input on non-focused client com.android.internal.view.IInputMethodClient$Stub$Proxy@41890300 (uid=10045 pid=17635)
07-14 14:29:55.876 17635 17635 D OpenGLRenderer: Flushing caches (mode 1)
07-14 14:29:55.946 17635 17635 D vclib:CallStateClient: stopListening
07-14 14:29:57.665   344   344 D SAN_SERVICE: *******************************************
07-14 14:29:57.665   344   344 D SAN_SERVICE: DM App Phone Service State - 0
07-14 14:29:57.665   344   344 D SAN_SERVICE: *******************************************
07-14 14:29:57.911   144   174 D dalvikvm: GC_EXPLICIT freed 568K, 27% free 18226K/24711K, paused 16ms+8ms
07-14 14:30:06.360 18046 18048 D dalvikvm: GC_CONCURRENT freed 390K, 6% free 10269K/10887K, paused 1ms+2ms
07-14 14:30:07.786 17537 17541 D dalvikvm: GC_CONCURRENT freed 560K, 8% free 10154K/10951K, paused 13ms+3ms
07-14 14:30:08.083 17537 17541 D dalvikvm: GC_CONCURRENT freed 256K, 6% free 10300K/10951K, paused 6ms+6ms
07-14 14:30:09.403 17537 17541 D dalvikvm: GC_CONCURRENT freed 329K, 6% free 10400K/10951K, paused 1ms+3ms
07-14 14:30:42.997   144   173 I ActivityManager: Start proc com.twitter.android for service com.twitter.android/.client.AppService: pid=18192 uid=10064 gids={3003, 1015}
07-14 14:30:43.009 18192 18192 I dalvikvm: Turning on JNI app bug workarounds for target SDK version 11...
07-14 14:30:43.110 18192 18192 I ActivityThread: Pub com.twitter.android.provider.GlobalDatabaseProvider: com.twitter.android.provider.GlobalDatabaseProvider
07-14 14:30:43.122 18192 18192 I ActivityThread: Pub com.twitter.android.provider.TwitterProvider: com.twitter.android.provider.TwitterProvider
07-14 14:30:43.216 18192 18194 D dalvikvm: GC_CONCURRENT freed 172K, 4% free 9304K/9607K, paused 13ms+2ms
07-14 14:30:43.395   144   323 I ActivityManager: Process com.google.android.talk (pid 17635) has died.
07-14 14:30:43.548 18192 18194 D dalvikvm: GC_CONCURRENT freed 226K, 4% free 9506K/9863K, paused 1ms+2ms
07-14 14:30:43.692 18192 18194 D dalvikvm: GC_CONCURRENT freed 295K, 5% free 9633K/10055K, paused 2ms+2ms
07-14 14:30:43.817 18192 18194 D dalvikvm: GC_CONCURRENT freed 293K, 5% free 9760K/10183K, paused 2ms+2ms
07-14 14:30:43.942 18192 18194 D dalvikvm: GC_CONCURRENT freed 296K, 5% free 9885K/10311K, paused 2ms+2ms
07-14 14:30:44.071 18192 18194 D dalvikvm: GC_CONCURRENT freed 305K, 5% free 10013K/10439K, paused 2ms+2ms
07-14 14:30:44.208 18192 18194 D dalvikvm: GC_CONCURRENT freed 302K, 4% free 10147K/10567K, paused 2ms+2ms
07-14 14:30:44.333 18192 18194 D dalvikvm: GC_CONCURRENT freed 295K, 4% free 10274K/10695K, paused 2ms+2ms
07-14 14:30:44.501 18192 18194 D dalvikvm: GC_CONCURRENT freed 473K, 6% free 10224K/10823K, paused 1ms+5ms
07-14 14:30:44.641 18192 18194 D dalvikvm: GC_CONCURRENT freed 320K, 5% free 10297K/10823K, paused 2ms+2ms
07-14 14:30:44.782 18192 18194 D dalvikvm: GC_CONCURRENT freed 330K, 5% free 10374K/10823K, paused 2ms+2ms
07-14 14:30:44.927 18192 18194 D dalvikvm: GC_CONCURRENT freed 354K, 5% free 10482K/10951K, paused 3ms+4ms
07-14 14:30:45.052 18192 18194 D dalvikvm: GC_CONCURRENT freed 338K, 5% free 10568K/11015K, paused 2ms+3ms
07-14 14:30:45.184 18192 18194 D dalvikvm: GC_CONCURRENT freed 377K, 5% free 10648K/11143K, paused 1ms+2ms
07-14 14:30:45.317 18192 18194 D dalvikvm: GC_CONCURRENT freed 359K, 5% free 10732K/11207K, paused 2ms+2ms
07-14 14:30:45.450 18192 18194 D dalvikvm: GC_CONCURRENT freed 389K, 5% free 10822K/11335K, paused 1ms+2ms
07-14 14:30:46.325 18192 18194 D dalvikvm: GC_CONCURRENT freed 317K, 4% free 11029K/11463K, paused 2ms+3ms
07-14 14:30:48.946 18192 18194 D dalvikvm: GC_CONCURRENT freed 432K, 5% free 11165K/11719K, paused 22ms+3ms
07-14 14:30:53.809  5517  5521 D dalvikvm: GC_CONCURRENT freed 404K, 7% free 10642K/11399K, paused 5ms+5ms
07-14 14:30:53.962 18165 18168 D dalvikvm: GC_CONCURRENT freed 512K, 7% free 9473K/10119K, paused 7ms+3ms
07-14 14:30:59.556  5517  6092 I EventLogService: Aggregate from 1342288859438 (log), 1342288859438 (data)
07-14 14:30:59.778  5517  5547 D dalvikvm: GC_FOR_ALLOC freed 196K, 8% free 10576K/11399K, paused 77ms
07-14 14:31:06.477   144   155 D dalvikvm: GC_EXPLICIT freed 395K, 27% free 18238K/24711K, paused 26ms+9ms
07-14 14:31:07.845 18046 18048 D dalvikvm: GC_CONCURRENT freed 498K, 6% free 10283K/10887K, paused 1ms+8ms
07-14 14:31:07.907 17537 17537 D dalvikvm: GC_EXPLICIT freed 293K, 8% free 10113K/10951K, paused 11ms+2ms
07-14 14:31:08.024 17537 17541 D dalvikvm: GC_CONCURRENT freed 352K, 8% free 10162K/10951K, paused 2ms+4ms
07-14 14:31:08.528 15783 15796 I PhoneLab-: Service Running
07-14 14:31:08.638 15783 15796 I PhoneLab-LoggerService: app_37    1373  1     1440   980   c00f181c 400107b4 S logcat
07-14 14:31:08.638 15783 15796 I PhoneLab-LoggerService: Logcat pid from database 1373
07-14 14:31:08.638 15783 15796 I PhoneLab-LoggerService: Logcat process found 1373
07-14 14:31:08.638 15783 15796 I PhoneLab-LoggerService: Checking Threshold
07-14 14:31:10.391   344   344 D SAN_SERVICE: *******************************************
07-14 14:31:10.391   344   344 D SAN_SERVICE: DM App Phone Service State - 0
07-14 14:31:10.391   344   344 D SAN_SERVICE: *******************************************
07-14 14:31:11.200   344   344 D SAN_SERVICE: *******************************************
07-14 14:31:11.200   344   344 D SAN_SERVICE: DM App Phone Service State - 0
07-14 14:31:11.200   344   344 D SAN_SERVICE: *******************************************
07-14 14:31:25.794   344   344 D SAN_SERVICE: *******************************************
07-14 14:31:25.798   344   344 D SAN_SERVICE: DM App Phone Service State - 0
07-14 14:31:25.798   344   344 D SAN_SERVICE: *******************************************
07-14 14:31:26.524   344   344 D SAN_SERVICE: *******************************************
07-14 14:31:26.524   344   344 D SAN_SERVICE: DM App Phone Service State - 0
07-14 14:31:26.524   344   344 D SAN_SERVICE: *******************************************
07-14 14:31:30.852   344   344 D SAN_SERVICE: *******************************************
07-14 14:31:30.852   344   344 D SAN_SERVICE: DM App Phone Service State - 0
07-14 14:31:30.852   344   344 D SAN_SERVICE: *******************************************
07-14 14:31:39.778   344   344 D SAN_SERVICE: *******************************************
07-14 14:31:39.778   344   344 D SAN_SERVICE: DM App Phone Service State - 0
07-14 14:31:39.778   344   344 D SAN_SERVICE: *******************************************
07-14 14:31:40.181   344   344 D SAN_SERVICE: *******************************************
07-14 14:31:40.181   344   344 D SAN_SERVICE: DM App Phone Service State - 0
07-14 14:31:40.181   344   344 D SAN_SERVICE: *******************************************
07-14 14:31:46.239   344   344 D SAN_SERVICE: *******************************************
07-14 14:31:46.239   344   344 D SAN_SERVICE: DM App Phone Service State - 0
07-14 14:31:46.243   344   344 D SAN_SERVICE: *******************************************
07-14 14:31:46.489   344   344 D SAN_SERVICE: *******************************************
07-14 14:31:46.489   344   344 D SAN_SERVICE: DM App Phone Service State - 0
07-14 14:31:46.489   344   344 D SAN_SERVICE: *******************************************
07-14 14:31:51.333   344   344 D SAN_SERVICE: *******************************************
07-14 14:31:51.333   344   344 D SAN_SERVICE: DM App Phone Service State - 0
07-14 14:31:51.333   344   344 D SAN_SERVICE: *******************************************
07-14 14:32:07.981   144   326 I ActivityManager: Process com.google.android.apps.maps (pid 15748) has died.
07-14 14:32:07.981   144   326 W ActivityManager: Scheduling restart of crashed service com.google.android.apps.maps/com.google.googlenav.prefetch.android.PrefetcherService in 5000ms
07-14 14:32:08.071 17537 17541 D dalvikvm: GC_CONCURRENT freed 420K, 8% free 10168K/10951K, paused 2ms+2ms
07-14 14:32:13.071   144   161 I ActivityManager: Start proc com.google.android.apps.maps for service com.google.android.apps.maps/com.google.googlenav.prefetch.android.PrefetcherService: pid=18238 uid=10056 gids={3003, 1015}
07-14 14:32:13.106    79    79 D dalvikvm: GC_EXPLICIT freed 37K, 4% free 9031K/9347K, paused 2ms+5ms
07-14 14:32:13.145    79    79 D dalvikvm: GC_EXPLICIT freed <1K, 4% free 9031K/9347K, paused 2ms+2ms
07-14 14:32:13.181    79    79 D dalvikvm: GC_EXPLICIT freed <1K, 4% free 9031K/9347K, paused 2ms+10ms
07-14 14:32:13.270 18238 18241 D dalvikvm: GC_CONCURRENT freed 174K, 3% free 9362K/9607K, paused 5ms+2ms
07-14 14:32:13.411 18238 18238 I ActivityThread: Pub com.google.android.maps.SearchHistoryProvider: com.google.googlenav.provider.SearchHistoryProvider
07-14 14:32:13.450 18238 18238 I ActivityThread: Pub com.google.android.maps.SuggestionProvider: com.google.googlenav.suggest.android.SuggestContentProvider
07-14 14:32:13.505 18238 18238 I ActivityThread: Pub com.google.android.maps.LayerInfoProvider: com.google.googlenav.layer.LayerInfoProvider
07-14 14:32:13.540 18238 18238 I ActivityThread: Pub com.google.android.maps.TrafficAppWidgetProvider: com.google.googlenav.appwidget.traffic.TrafficAppWidgetProvider
07-14 14:32:13.544 18238 18238 I ActivityThread: Pub com.google.android.maps.LocalActivePlacesProvider: com.google.googlenav.provider.LocalActivePlacesProvider
07-14 14:32:13.544 18238 18238 I ActivityThread: Pub com.google.android.maps.StarredItemProvider: com.google.googlenav.provider.StarredItemProvider
07-14 14:32:13.622 18238 18241 D dalvikvm: GC_CONCURRENT freed 167K, 3% free 9658K/9927K, paused 1ms+3ms
07-14 14:32:13.786 18238 18241 D dalvikvm: GC_CONCURRENT freed 227K, 4% free 9906K/10247K, paused 2ms+2ms
07-14 14:32:13.821 18238 18238 I ActivityThread: Pub com.google.android.maps.LocalSuggestionProvider: com.google.googlenav.provider.LocalSuggestionProvider
07-14 14:32:13.825 18238 18238 I ActivityThread: Pub com.google.android.maps.NavigationAvailabilityProvider: com.google.googlenav.provider.NavigationAvailabilityProvider
07-14 14:32:14.059 18238 18254 D dalvikvm: GC_FOR_ALLOC freed 244K, 4% free 10021K/10375K, paused 26ms
07-14 14:32:14.087 18238 18253 D dalvikvm: GC_FOR_ALLOC freed 12K, 4% free 10211K/10631K, paused 18ms
07-14 14:32:14.091 18238 18253 I dalvikvm-heap: Grow heap (frag case) to 10.236MB for 204816-byte allocation
07-14 14:32:14.130 18238 18255 D dalvikvm: GC_FOR_ALLOC freed 0K, 5% free 10411K/10887K, paused 29ms
07-14 14:32:14.184 18238 18263 D dalvikvm: GC_FOR_ALLOC freed 49K, 5% free 10441K/10887K, paused 20ms
07-14 14:32:14.184 18238 18263 I dalvikvm-heap: Grow heap (frag case) to 10.459MB for 204816-byte allocation
07-14 14:32:14.216 18238 18264 D dalvikvm: GC_FOR_ALLOC freed <1K, 5% free 10640K/11143K, paused 22ms
07-14 14:32:14.263 18238 18264 D dalvikvm: GC_FOR_ALLOC freed 31K, 5% free 10663K/11143K, paused 22ms
07-14 14:32:14.263 18238 18264 I dalvikvm-heap: Grow heap (frag case) to 10.677MB for 204816-byte allocation
07-14 14:32:14.294 18238 18265 D dalvikvm: GC_FOR_ALLOC freed <1K, 5% free 10863K/11399K, paused 21ms
07-14 14:32:17.059   344   344 D SAN_SERVICE: *******************************************
07-14 14:32:17.059   344   344 D SAN_SERVICE: DM App Phone Service State - 0
07-14 14:32:17.059   344   344 D SAN_SERVICE: *******************************************
07-14 14:32:17.755   344   344 D SAN_SERVICE: *******************************************
07-14 14:32:17.755   344   344 D SAN_SERVICE: DM App Phone Service State - 0
07-14 14:32:17.755   344   344 D SAN_SERVICE: *******************************************
07-14 14:33:07.985 18046 18048 D dalvikvm: GC_CONCURRENT freed 508K, 6% free 10286K/10887K, paused 2ms+3ms
07-14 14:33:08.114 17537 17541 D dalvikvm: GC_CONCURRENT freed 421K, 8% free 10166K/10951K, paused 2ms+2ms
07-14 14:33:08.516 15783 15796 I PhoneLab-: Service Running
07-14 14:33:08.630 15783 15796 I PhoneLab-LoggerService: app_37    1373  1     1440   980   c00f181c 400107b4 S logcat
07-14 14:33:08.630 15783 15796 I PhoneLab-LoggerService: Logcat pid from database 1373
07-14 14:33:08.630 15783 15796 I PhoneLab-LoggerService: Logcat process found 1373
07-14 14:33:08.630 15783 15796 I PhoneLab-LoggerService: Checking Threshold
07-14 14:33:08.634 15783 15784 D dalvikvm: GC_CONCURRENT freed 425K, 15% free 9151K/10695K, paused 9ms+2ms
07-14 14:33:38.880   344   344 D SAN_SERVICE: *******************************************
07-14 14:33:38.880   344   344 D SAN_SERVICE: DM App Phone Service State - 0
07-14 14:33:38.884   344   344 D SAN_SERVICE: *******************************************
07-14 14:33:47.516   344   344 D SAN_SERVICE: *******************************************
07-14 14:33:47.516   344   344 D SAN_SERVICE: DM App Phone Service State - 0
07-14 14:33:47.516   344   344 D SAN_SERVICE: *******************************************
07-14 14:34:04.891   144   173 I ActivityManager: Start proc com.google.android.gm for service com.google.android.gm/.provider.MailIndexerService: pid=18276 uid=10075 gids={3003, 1015}
07-14 14:34:04.977 18132 18275 I SqliteDatabaseCpp: sqlite returned: error code = 1, msg = no such column: wipeout_stats, db=/data/data/com.google.android.apps.plus/databases/picasa.db
07-14 14:34:04.977 18132 18275 W System.err: android.database.sqlite.SQLiteException: no such column: wipeout_stats: , while compiling: SELECT wipeout_stats  FROM account_status
07-14 14:34:05.067 18132 18275 W System.err: 	at android.database.sqlite.SQLiteCompiledSql.native_compile(Native Method)
07-14 14:34:05.067 18132 18275 W System.err: 	at android.database.sqlite.SQLiteCompiledSql.<init>(SQLiteCompiledSql.java:68)
07-14 14:34:05.067 18132 18275 W System.err: 	at android.database.sqlite.SQLiteProgram.compileSql(SQLiteProgram.java:143)
07-14 14:34:05.067 18132 18275 W System.err: 	at android.database.sqlite.SQLiteProgram.compileAndbindAllArgs(SQLiteProgram.java:361)
07-14 14:34:05.067 18132 18275 W System.err: 	at android.database.sqlite.SQLiteStatement.acquireAndLock(SQLiteStatement.java:260)
07-14 14:34:05.067 18132 18275 W System.err: 	at android.database.sqlite.SQLiteStatement.simpleQueryForLong(SQLiteStatement.java:137)
07-14 14:34:05.071 18132 18275 W System.err: 	at android.database.DatabaseUtils.longForQuery(DatabaseUtils.java:791)
07-14 14:34:05.071 18132 18275 W System.err: 	at android.database.DatabaseUtils.longForQuery(DatabaseUtils.java:779)
07-14 14:34:05.071 18132 18275 W System.err: 	at com.google.android.apps.plus.content.EsAccountsData.isContactsStatsWipeoutNeeded(EsAccountsData.java:641)
07-14 14:34:05.071 18132 18275 W System.err: 	at com.google.android.apps.plus.service.EsService.processIntent(EsService.java:4246)
07-14 14:34:05.071 18132 18275 W System.err: 	at com.google.android.apps.plus.service.ServiceThread$1.run(ServiceThread.java:50)
07-14 14:34:05.071 18132 18275 W System.err: 	at android.os.Handler.handleCallback(Handler.java:605)
07-14 14:34:05.071 18132 18275 W System.err: 	at android.os.Handler.dispatchMessage(Handler.java:92)
07-14 14:34:05.071 18132 18275 W System.err: 	at android.os.Looper.loop(Looper.java:137)
07-14 14:34:05.071 18132 18275 W System.err: 	at com.google.android.apps.plus.service.ServiceThread.run(ServiceThread.java:122)
07-14 14:34:05.118 18276 18276 I ActivityThread: Pub gmail-ls: com.google.android.gm.provider.MailProvider
07-14 14:34:05.165 18276 18276 I ActivityThread: Pub com.google.android.gm: com.google.android.gm.provider.PublicContentProvider
07-14 14:34:05.192 18276 18276 I ActivityThread: Pub com.google.android.gmail.SuggestionProvider: com.google.android.gm.SuggestionsProvider
07-14 14:34:05.806 18276 18279 D dalvikvm: GC_CONCURRENT freed 202K, 4% free 9270K/9607K, paused 20ms+6ms
07-14 14:34:06.169 18276 18295 I Gmail   : calculateUnknownSyncRationalesAndPurgeInBackground: queueing
07-14 14:34:06.177 18276 18295 I Gmail   : calculateUnknownSyncRationalesAndPurgeInBackground: queueing
07-14 14:34:06.220 18276 18295 I Gmail   : calculateUnknownSyncRationalesAndPurgeInBackground: running
07-14 14:34:06.220 18276 18295 I Gmail   : calculateUnknownSyncRationalesAndPurgeInBackground: running
07-14 14:34:06.755 18132 18134 D dalvikvm: GC_CONCURRENT freed 1104K, 9% free 12859K/14087K, paused 43ms+3ms
07-14 14:34:08.071 17537 17541 D dalvikvm: GC_CONCURRENT freed 425K, 8% free 10172K/10951K, paused 3ms+2ms
07-14 14:34:08.528 18132 18134 D dalvikvm: GC_CONCURRENT freed 945K, 8% free 13085K/14151K, paused 3ms+3ms
07-14 14:34:10.638 18132 18290 E dalvikvm: Could not find class 'android.app.Notification$InboxStyle', referenced from method com.google.android.apps.plus.service.AndroidNotification.createDigestNotification
07-14 14:34:10.638 18132 18290 W dalvikvm: VFY: unable to resolve new-instance 41 (Landroid/app/Notification$InboxStyle;) in Lcom/google/android/apps/plus/service/AndroidNotification;
07-14 14:34:10.638 18132 18290 D dalvikvm: VFY: replacing opcode 0x22 at 0x0018
07-14 14:34:10.638 18132 18290 I dalvikvm: Could not find method android.app.Notification$Builder.setPriority, referenced from method com.google.android.apps.plus.service.AndroidNotification.createRichNotification
07-14 14:34:10.638 18132 18290 W dalvikvm: VFY: unable to resolve virtual method 162: Landroid/app/Notification$Builder;.setPriority (I)Landroid/app/Notification$Builder;
07-14 14:34:10.638 18132 18290 D dalvikvm: VFY: replacing opcode 0x6e at 0x00d5
07-14 14:34:10.649 18132 18290 D dalvikvm: DexOpt: unable to opt direct call 0x00a8 at 0x1a in Lcom/google/android/apps/plus/service/AndroidNotification;.createDigestNotification
07-14 14:34:10.649 18132 18290 D dalvikvm: DexOpt: unable to opt direct call 0x0091 at 0xf1 in Lcom/google/android/apps/plus/service/AndroidNotification;.createRichNotification
07-14 14:34:10.649 18132 18290 D dalvikvm: DexOpt: unable to opt direct call 0x0095 at 0x397 in Lcom/google/android/apps/plus/service/AndroidNotification;.createRichNotification
07-14 14:34:12.196 18132 18134 D dalvikvm: GC_CONCURRENT freed 1247K, 10% free 13098K/14471K, paused 3ms+2ms
07-14 14:34:13.489 18132 18134 D dalvikvm: GC_CONCURRENT freed 1110K, 9% free 13228K/14471K, paused 5ms+2ms
07-14 14:34:15.024 18132 18134 D dalvikvm: GC_CONCURRENT freed 1170K, 9% free 13359K/14663K, paused 4ms+3ms
07-14 14:34:16.056 18132 18290 D dalvikvm: GC_FOR_ALLOC freed 278K, 9% free 13628K/14855K, paused 42ms
07-14 14:34:16.110 18132 18290 D dalvikvm: GC_FOR_ALLOC freed 356K, 11% free 13617K/15239K, paused 47ms
07-14 14:34:16.110 18132 18290 I dalvikvm-heap: Grow heap (frag case) to 13.701MB for 349981-byte allocation
07-14 14:34:16.157 18132 18290 D dalvikvm: GC_FOR_ALLOC freed <1K, 11% free 13959K/15623K, paused 47ms
07-14 14:34:16.286   144  7984 I ActivityManager: Process com.google.android.apps.maps:FriendService (pid 18067) has died.
07-14 14:34:17.407 18132 18134 D dalvikvm: GC_CONCURRENT freed 1014K, 8% free 14476K/15623K, paused 2ms+5ms
07-14 14:34:19.610 18132 18134 D dalvikvm: GC_CONCURRENT freed 1724K, 12% free 14474K/16327K, paused 12ms+4ms
07-14 14:34:22.454 18132 18134 D dalvikvm: GC_CONCURRENT freed 2921K, 19% free 13277K/16327K, paused 3ms+3ms
07-14 14:34:23.806 18132 18290 I SqliteDatabaseCpp: sqlite returned: error code = 1, msg = no such column: last_stats_sync_time, db=/data/data/com.google.android.apps.plus/databases/picasa.db
07-14 14:34:23.837 18132 18290 E EsSyncAdapterService: Sync failure
07-14 14:34:23.837 18132 18290 E EsSyncAdapterService: android.database.sqlite.SQLiteException: no such column: last_stats_sync_time: , while compiling: SELECT last_stats_sync_time  FROM account_status
07-14 14:34:23.837 18132 18290 E EsSyncAdapterService: 	at android.database.sqlite.SQLiteCompiledSql.native_compile(Native Method)
07-14 14:34:23.837 18132 18290 E EsSyncAdapterService: 	at android.database.sqlite.SQLiteCompiledSql.<init>(SQLiteCompiledSql.java:68)
07-14 14:34:23.837 18132 18290 E EsSyncAdapterService: 	at android.database.sqlite.SQLiteProgram.compileSql(SQLiteProgram.java:143)
07-14 14:34:23.837 18132 18290 E EsSyncAdapterService: 	at android.database.sqlite.SQLiteProgram.compileAndbindAllArgs(SQLiteProgram.java:361)
07-14 14:34:23.837 18132 18290 E EsSyncAdapterService: 	at android.database.sqlite.SQLiteStatement.acquireAndLock(SQLiteStatement.java:260)
07-14 14:34:23.837 18132 18290 E EsSyncAdapterService: 	at android.database.sqlite.SQLiteStatement.simpleQueryForLong(SQLiteStatement.java:137)
07-14 14:34:23.837 18132 18290 E EsSyncAdapterService: 	at android.database.DatabaseUtils.longForQuery(DatabaseUtils.java:791)
07-14 14:34:23.837 18132 18290 E EsSyncAdapterService: 	at android.database.DatabaseUtils.longForQuery(DatabaseUtils.java:779)
07-14 14:34:23.837 18132 18290 E EsSyncAdapterService: 	at com.google.android.apps.plus.content.EsAccountsData.queryLastStatsSyncTimestamp(EsAccountsData.java:570)
07-14 14:34:23.837 18132 18290 E EsSyncAdapterService: 	at com.google.android.apps.plus.service.EsSyncAdapterService.syncContactsStatsIfNecessary(EsSyncAdapterService.java:670)
07-14 14:34:23.837 18132 18290 E EsSyncAdapterService: 	at com.google.android.apps.plus.service.EsSyncAdapterService.doFullSync(EsSyncAdapterService.java:633)
07-14 14:34:23.837 18132 18290 E EsSyncAdapterService: 	at com.google.android.apps.plus.service.EsSyncAdapterService.doSync(EsSyncAdapterService.java:566)
07-14 14:34:23.837 18132 18290 E EsSyncAdapterService: 	at com.google.android.apps.plus.service.EsSyncAdapterService.access$100(EsSyncAdapterService.java:52)
07-14 14:34:23.837 18132 18290 E EsSyncAdapterService: 	at com.google.android.apps.plus.service.EsSyncAdapterService$SyncAdapterImpl.onPerformSync(EsSyncAdapterService.java:408)
07-14 14:34:23.837 18132 18290 E EsSyncAdapterService: 	at android.content.AbstractThreadedSyncAdapter$SyncThread.run(AbstractThreadedSyncAdapter.java:247)
07-14 14:34:23.852   144   168 D SyncManager: failed sync operation lokeshmandvekar@gmail.com (com.google), com.google.android.apps.plus.content.EsProvider, SERVER, earliestRunTime 440100563, SyncResult: stats [ numParseExceptions: 1]
07-14 14:34:23.856   144   168 D SyncManager: not retrying sync operation because the error is a hard error: lokeshmandvekar@gmail.com (com.google), com.google.android.apps.plus.content.EsProvider, SERVER, earliestRunTime 440119447
07-14 14:34:28.751 18165 18168 D dalvikvm: GC_CONCURRENT freed 332K, 6% free 9525K/10119K, paused 6ms+4ms
07-14 14:34:28.891 18132 18301 D dalvikvm: GC_EXPLICIT freed 905K, 19% free 13254K/16327K, paused 11ms+3ms
07-14 14:34:29.321   144  9084 D dalvikvm: GC_EXPLICIT freed 1601K, 27% free 18269K/24711K, paused 3ms+9ms
07-14 14:34:29.677 18165 18182 D dalvikvm: GC_EXPLICIT freed 249K, 7% free 9511K/10119K, paused 2ms+3ms
07-14 14:34:30.634 15622 15624 D dalvikvm: GC_CONCURRENT freed 286K, 7% free 10022K/10695K, paused 2ms+3ms
07-14 14:34:31.821 15163 15255 D GetStringObjTask: retrieving from url = http://www.chess.com/api/get_move_status?id=5HHjW9WUGa%2Bcu1LUwnVJPxTIWxmEve4VdkRnRyg7b5Ch69JH2Z5aB%2B7eGuFw8K2uFx47KFsdE3JRdR3Mzv0PkZOj6eZ8N73BvxmEERrzXjMNRo80rkLyJAUTh0iqof4n
07-14 14:34:32.048 15163 15255 D GetStringObjTask: WebRequest SERVER RESPONSE: Success+0
07-14 14:34:59.251   344   344 D dalvikvm: GC_EXPLICIT freed 424K, 15% free 11983K/14087K, paused 30ms+4ms
07-14 14:34:59.313   344   344 D SAN_SERVICE: *******************************************
07-14 14:34:59.313   344   344 D SAN_SERVICE: DM App Phone Service State - 0
07-14 14:34:59.313   344   344 D SAN_SERVICE: *******************************************
07-14 14:34:59.934   344   344 D SAN_SERVICE: *******************************************
07-14 14:34:59.934   344   344 D SAN_SERVICE: DM App Phone Service State - 0
07-14 14:34:59.938   344   344 D SAN_SERVICE: *******************************************
07-14 14:35:05.302 18165 18168 D dalvikvm: GC_CONCURRENT freed 352K, 6% free 9545K/10119K, paused 1ms+3ms
07-14 14:35:06.364 15622 15624 D dalvikvm: GC_CONCURRENT freed 400K, 7% free 10006K/10695K, paused 4ms+7ms
07-14 14:35:08.075 18046 18048 D dalvikvm: GC_CONCURRENT freed 507K, 6% free 10290K/10887K, paused 7ms+3ms
07-14 14:35:08.247 17537 17541 D dalvikvm: GC_CONCURRENT freed 470K, 8% free 10155K/10951K, paused 1ms+2ms
07-14 14:35:08.524 15783 15796 I PhoneLab-: Service Running
07-14 14:35:08.653   144   156 I ActivityManager: Process com.android.deskclock (pid 18100) has died.
07-14 14:35:08.661 15783 15796 I PhoneLab-LoggerService: app_37    1373  1     1440   980   c00f181c 400107b4 S logcat
07-14 14:35:08.661 15783 15796 I PhoneLab-LoggerService: Logcat pid from database 1373
07-14 14:35:08.661 15783 15796 I PhoneLab-LoggerService: Logcat process found 1373
07-14 14:35:08.661 15783 15796 I PhoneLab-LoggerService: Checking Threshold
07-14 14:35:09.434   344   344 D SAN_SERVICE: *******************************************
07-14 14:35:09.434   344   344 D SAN_SERVICE: DM App Phone Service State - 0
07-14 14:35:09.434   344   344 D SAN_SERVICE: *******************************************
07-14 14:35:29.938   344   344 D SAN_SERVICE: *******************************************
07-14 14:35:29.938   344   344 D SAN_SERVICE: DM App Phone Service State - 0
07-14 14:35:29.938   344   344 D SAN_SERVICE: *******************************************
07-14 14:35:30.141   344   344 D SAN_SERVICE: *******************************************
07-14 14:35:30.141   344   344 D SAN_SERVICE: DM App Phone Service State - 0
07-14 14:35:30.141   344   344 D SAN_SERVICE: *******************************************
07-14 14:35:34.216   144   155 D AlarmManagerService: Kernel timezone updated to 240 minutes west of GMT
07-14 14:35:41.493   344   344 D SAN_SERVICE: *******************************************
07-14 14:35:41.493   344   344 D SAN_SERVICE: DM App Phone Service State - 0
07-14 14:35:41.493   344   344 D SAN_SERVICE: *******************************************
07-14 14:35:41.888 18046 18062 D dalvikvm: GC_FOR_ALLOC freed 222K, 5% free 10372K/10887K, paused 25ms
07-14 14:35:41.997   144   144 I ActivityManager: Process com.android.sprintmenu (pid 16017) has died.
07-14 14:35:41.997   144   144 W ActivityManager: Scheduling restart of crashed service com.android.sprintmenu/.HiddenPhoneService in 5000ms
07-14 14:35:42.122   144   155 D AlarmManagerService: Kernel timezone updated to 240 minutes west of GMT
07-14 14:35:43.157   144  9303 D AlarmManagerService: Kernel timezone updated to 240 minutes west of GMT
07-14 14:35:47.177   144   161 I ActivityManager: Start proc com.android.sprintmenu for service com.android.sprintmenu/.HiddenPhoneService: pid=18317 uid=1001 gids={3002, 3001, 3003, 1015}
07-14 14:35:47.181   144   156 I ActivityManager: Process com.android.providers.calendar (pid 18111) has died.
07-14 14:35:47.493   144   376 I ActivityManager: Process com.google.android.apps.uploader (pid 17678) has died.
07-14 14:35:48.161   144  9084 D AlarmManagerService: Kernel timezone updated to 240 minutes west of GMT
07-14 14:35:49.970 18192 18194 D dalvikvm: GC_CONCURRENT freed 479K, 6% free 11305K/11911K, paused 7ms+3ms
07-14 14:35:50.169   344   344 D SAN_SERVICE: *******************************************
07-14 14:35:50.169   344   344 D SAN_SERVICE: DM App Phone Service State - 0
07-14 14:35:50.169   344   344 D SAN_SERVICE: *******************************************
07-14 14:35:51.192   344   344 D SAN_SERVICE: *******************************************
07-14 14:35:51.192   344   344 D SAN_SERVICE: DM App Phone Service State - 0
07-14 14:35:51.192   344   344 D SAN_SERVICE: *******************************************
07-14 14:35:53.247   344   344 D SAN_SERVICE: *******************************************
07-14 14:35:53.247   344   344 D SAN_SERVICE: DM App Phone Service State - 0
07-14 14:35:53.247   344   344 D SAN_SERVICE: *******************************************
07-14 14:35:54.473   344   344 D SAN_SERVICE: *******************************************
07-14 14:35:54.473   344   344 D SAN_SERVICE: DM App Phone Service State - 0
07-14 14:35:54.473   344   344 D SAN_SERVICE: *******************************************
07-14 14:35:55.212   344   344 D SAN_SERVICE: *******************************************
07-14 14:35:55.212   344   344 D SAN_SERVICE: DM App Phone Service State - 0
07-14 14:35:55.212   344   344 D SAN_SERVICE: *******************************************
07-14 14:35:56.188   144   424 D AlarmManagerService: Kernel timezone updated to 240 minutes west of GMT
07-14 14:35:56.431   344   344 D SAN_SERVICE: *******************************************
07-14 14:35:56.431   344   344 D SAN_SERVICE: DM App Phone Service State - 0
07-14 14:35:56.431   344   344 D SAN_SERVICE: *******************************************
07-14 14:35:56.704   344   344 D SAN_SERVICE: *******************************************
07-14 14:35:56.704   344   344 D SAN_SERVICE: DM App Phone Service State - 0
07-14 14:35:56.704   344   344 D SAN_SERVICE: *******************************************
07-14 14:36:08.114 18046 18048 D dalvikvm: GC_CONCURRENT freed 492K, 6% free 10450K/11015K, paused 5ms+3ms
07-14 14:36:08.407 17537 17541 D dalvikvm: GC_CONCURRENT freed 454K, 8% free 10178K/10951K, paused 65ms+2ms
07-14 14:36:36.376   144   400 D AlarmManagerService: Kernel timezone updated to 240 minutes west of GMT
07-14 14:36:57.684   144   326 D AlarmManagerService: Kernel timezone updated to 240 minutes west of GMT
07-14 14:36:58.188   344   344 D SAN_SERVICE: *******************************************
07-14 14:36:58.188   344   344 D SAN_SERVICE: DM App Phone Service State - 0
07-14 14:36:58.188   344   344 D SAN_SERVICE: *******************************************
07-14 14:36:58.618   344   344 D SAN_SERVICE: *******************************************
07-14 14:36:58.618   344   344 D SAN_SERVICE: DM App Phone Service State - 0
07-14 14:36:58.618   344   344 D SAN_SERVICE: *******************************************
07-14 14:37:07.013   144   323 D dalvikvm: GC_EXPLICIT freed 923K, 26% free 18291K/24711K, paused 29ms+11ms
07-14 14:37:07.681   144   403 D AlarmManagerService: Kernel timezone updated to 240 minutes west of GMT
07-14 14:37:08.446 17537 17541 D dalvikvm: GC_CONCURRENT freed 422K, 8% free 10165K/10951K, paused 2ms+2ms
07-14 14:37:08.520 15783 15796 I PhoneLab-: Service Running
07-14 14:37:08.602 15783 15796 I PhoneLab-LoggerService: app_37    1373  1     1440   980   c00f181c 400107b4 S logcat
07-14 14:37:08.602 15783 15796 I PhoneLab-LoggerService: Logcat pid from database 1373
07-14 14:37:08.602 15783 15796 I PhoneLab-LoggerService: Logcat process found 1373
07-14 14:37:08.602 15783 15796 I PhoneLab-LoggerService: Checking Threshold
07-14 14:37:08.634   144   400 D AlarmManagerService: Kernel timezone updated to 240 minutes west of GMT
07-14 14:37:09.681   144   326 D AlarmManagerService: Kernel timezone updated to 240 minutes west of GMT
07-14 14:37:18.708   144 10051 D AlarmManagerService: Kernel timezone updated to 240 minutes west of GMT
07-14 14:37:18.712   344   344 D SystemClock: Setting time of day to sec=1342291039
07-14 14:37:19.134   214   216 D dalvikvm: GC_CONCURRENT freed 403K, 56% free 9723K/22023K, paused 5ms+8ms
07-14 14:37:19.145   144   156 I ActivityManager: Start proc com.android.deskclock for broadcast com.android.deskclock/.AlarmInitReceiver: pid=18344 uid=10011 gids={}
07-14 14:37:19.173   144   144 I ActivityManager: Start proc com.android.providers.calendar for content provider com.android.providers.calendar/.CalendarProvider2: pid=18356 uid=10006 gids={3003, 1015}
07-14 14:37:19.243 18356 18356 I ActivityThread: Pub com.android.calendar: com.android.providers.calendar.CalendarProvider2
07-14 14:37:19.321 18344 18344 I ActivityThread: Pub com.android.deskclock: com.android.deskclock.AlarmProvider
07-14 14:37:19.571 18344 18370 V AlarmClock: AlarmInitReceiver finished
07-14 14:37:19.731  5517  5521 D dalvikvm: GC_CONCURRENT freed 387K, 7% free 10619K/11399K, paused 5ms+17ms
07-14 14:37:19.759   344   344 D SAN_SERVICE: *******************************************
07-14 14:37:19.759   344   344 D SAN_SERVICE: DM App Phone Service State - 0
07-14 14:37:19.759   344   344 D SAN_SERVICE: *******************************************
07-14 14:37:19.817  5517  6676 D dalvikvm: GC_EXPLICIT freed 97K, 8% free 10524K/11399K, paused 4ms+3ms
07-14 14:37:20.063   344   344 D SAN_SERVICE: *******************************************
07-14 14:37:20.063   344   344 D SAN_SERVICE: DM App Phone Service State - 0
07-14 14:37:20.063   344   344 D SAN_SERVICE: *******************************************
07-14 14:37:20.653 18356 18356 I CalendarProvider2: Sending notification intent: Intent { act=android.intent.action.PROVIDER_CHANGED dat=content://com.android.calendar }
07-14 14:37:20.669 18356 18356 W ContentResolver: Failed to get type for: content://com.android.calendar (Unknown URL content://com.android.calendar)
07-14 14:37:31.063   144 30930 D AlarmManagerService: Kernel timezone updated to 240 minutes west of GMT
07-14 14:37:31.852   344   344 D SAN_SERVICE: *******************************************
07-14 14:37:31.852   344   344 D SAN_SERVICE: DM App Phone Service State - 0
07-14 14:37:31.852   344   344 D SAN_SERVICE: *******************************************
07-14 14:37:32.153   344   344 D SAN_SERVICE: *******************************************
07-14 14:37:32.153   344   344 D SAN_SERVICE: DM App Phone Service State - 0
07-14 14:37:32.153   344   344 D SAN_SERVICE: *******************************************
07-14 14:37:41.118   144  9084 D AlarmManagerService: Kernel timezone updated to 240 minutes west of GMT
07-14 14:37:50.130   144   424 D AlarmManagerService: Kernel timezone updated to 240 minutes west of GMT
07-14 14:38:03.126   144   380 D AlarmManagerService: Kernel timezone updated to 240 minutes west of GMT
07-14 14:38:03.442   344   344 D SAN_SERVICE: *******************************************
07-14 14:38:03.442   344   344 D SAN_SERVICE: DM App Phone Service State - 0
07-14 14:38:03.442   344   344 D SAN_SERVICE: *******************************************
07-14 14:38:04.185   344   344 D SAN_SERVICE: *******************************************
07-14 14:38:04.185   344   344 D SAN_SERVICE: DM App Phone Service State - 0
07-14 14:38:04.185   344   344 D SAN_SERVICE: *******************************************
07-14 14:38:07.489 18046 18048 D dalvikvm: GC_CONCURRENT freed 438K, 6% free 10444K/11015K, paused 11ms+2ms
07-14 14:38:08.856 17537 17541 D dalvikvm: GC_CONCURRENT freed 414K, 8% free 10159K/10951K, paused 2ms+3ms
07-14 14:38:36.177   144 30930 D AlarmManagerService: Kernel timezone updated to 240 minutes west of GMT
07-14 14:39:08.841 18046 18048 D dalvikvm: GC_CONCURRENT freed 509K, 6% free 10447K/11079K, paused 2ms+7ms
07-14 14:39:08.860 15783 15796 I PhoneLab-: Service Running
07-14 14:39:08.938 17537 17541 D dalvikvm: GC_CONCURRENT freed 389K, 8% free 10159K/10951K, paused 2ms+4ms
07-14 14:39:09.005 15783 15796 I PhoneLab-LoggerService: app_37    1373  1     1440   980   c00f181c 400107b4 S logcat
07-14 14:39:09.005 15783 15796 I PhoneLab-LoggerService: Logcat pid from database 1373
07-14 14:39:09.005 15783 15796 I PhoneLab-LoggerService: Logcat process found 1373
07-14 14:39:09.005 15783 15796 I PhoneLab-LoggerService: Checking Threshold
07-14 14:39:31.872 15163 15432 D GetStringObjTask: retrieving from url = http://www.chess.com/api/get_move_status?id=5HHjW9WUGa%2Bcu1LUwnVJPxTIWxmEve4VdkRnRyg7b5Ch69JH2Z5aB%2B7eGuFw8K2uFx47KFsdE3JRdR3Mzv0PkZOj6eZ8N73BvxmEERrzXjMNRo80rkLyJAUTh0iqof4n
07-14 14:39:31.888   144 30930 I ActivityManager: Process com.whatsapp (pid 15622) has died.
07-14 14:39:31.892   144 30930 W ActivityManager: Scheduling restart of crashed service com.whatsapp/.messaging.MessageService in 5000ms
07-14 14:39:32.126 15163 15432 D GetStringObjTask: WebRequest SERVER RESPONSE: Success+0
07-14 14:39:36.907   144   161 I ActivityManager: Start proc com.whatsapp for service com.whatsapp/.messaging.MessageService: pid=18382 uid=10068 gids={1015, 3003}
07-14 14:39:36.923 18382 18382 I dalvikvm: Turning on JNI app bug workarounds for target SDK version 7...
07-14 14:39:37.216 18382 18384 D dalvikvm: GC_CONCURRENT freed 167K, 3% free 9366K/9607K, paused 17ms+2ms
07-14 14:39:37.575   144   155 I ActivityManager: Process com.google.android.youtube (pid 17967) has died.
07-14 14:39:37.731 18382 18384 D dalvikvm: GC_CONCURRENT freed 298K, 4% free 9618K/9991K, paused 5ms+3ms
07-14 14:39:37.954 18382 18382 I dalvikvm: Could not find method android.media.MediaMetadataRetriever.captureFrame, referenced from method com.whatsapp.q3.a
07-14 14:39:37.954 18382 18382 W dalvikvm: VFY: unable to resolve virtual method 502: Landroid/media/MediaMetadataRetriever;.captureFrame ()Landroid/graphics/Bitmap;
07-14 14:39:37.954 18382 18382 D dalvikvm: VFY: replacing opcode 0x6e at 0x0134
07-14 14:39:38.145 18382 18384 D dalvikvm: GC_CONCURRENT freed 453K, 6% free 9719K/10247K, paused 2ms+3ms
07-14 14:39:38.337 18382 18384 D dalvikvm: GC_CONCURRENT freed 167K, 3% free 9981K/10247K, paused 2ms+4ms
07-14 14:39:40.735 18382 18384 D dalvikvm: GC_CONCURRENT freed 510K, 6% free 9895K/10503K, paused 3ms+2ms
07-14 14:40:52.310 18192 18194 D dalvikvm: GC_CONCURRENT freed 630K, 7% free 11350K/12103K, paused 8ms+12ms
07-14 14:41:08.517 15783 15796 I PhoneLab-: Service Running
07-14 14:41:08.602 15783 15796 I PhoneLab-LoggerService: app_37    1373  1     1440   980   c00f181c 400107b4 S logcat
07-14 14:41:08.602 15783 15796 I PhoneLab-LoggerService: Logcat pid from database 1373
07-14 14:41:08.602 15783 15796 I PhoneLab-LoggerService: Logcat process found 1373
07-14 14:41:08.606 15783 15796 I PhoneLab-LoggerService: Checking Threshold
07-14 14:41:08.892 18046 18048 D dalvikvm: GC_CONCURRENT freed 505K, 6% free 10453K/11079K, paused 1ms+3ms
07-14 14:41:08.974 17537 17541 D dalvikvm: GC_CONCURRENT freed 507K, 8% free 10155K/10951K, paused 1ms+3ms
07-14 14:41:11.642 18165 18168 D dalvikvm: GC_CONCURRENT freed 421K, 6% free 9567K/10119K, paused 7ms+3ms
07-14 14:41:18.642   144  7984 D dalvikvm: GC_EXPLICIT freed 1093K, 27% free 18265K/24711K, paused 3ms+10ms
07-14 14:42:09.036 17537 17541 D dalvikvm: GC_CONCURRENT freed 459K, 7% free 10207K/10951K, paused 2ms+3ms
07-14 14:43:08.517 15783 15796 I PhoneLab-: Service Running
07-14 14:43:08.602 15783 15796 I PhoneLab-LoggerService: app_37    1373  1     1440   980   c00f181c 400107b4 S logcat
07-14 14:43:08.602 15783 15796 I PhoneLab-LoggerService: Logcat pid from database 1373
07-14 14:43:08.606 15783 15796 I PhoneLab-LoggerService: Logcat process found 1373
07-14 14:43:08.606 15783 15796 I PhoneLab-LoggerService: Checking Threshold
07-14 14:43:09.024 18046 18048 D dalvikvm: GC_CONCURRENT freed 513K, 6% free 10452K/11079K, paused 2ms+3ms
07-14 14:43:09.142   144   424 I ActivityManager: Process edu.buffalo.cse.phonelab.phonelabservices (pid 15783) has died.
07-14 14:43:09.142   144   424 W ActivityManager: Scheduling restart of crashed service edu.buffalo.cse.phonelab.phonelabservices/edu.buffalo.cse.phonelab.datalogger.LoggerService in 5000ms
07-14 14:43:09.173 17537 17541 D dalvikvm: GC_CONCURRENT freed 552K, 8% free 10162K/10951K, paused 2ms+2ms
07-14 14:43:14.208   144   161 I ActivityManager: Start proc edu.buffalo.cse.phonelab.phonelabservices for service edu.buffalo.cse.phonelab.phonelabservices/edu.buffalo.cse.phonelab.datalogger.LoggerService: pid=18446 uid=10037 gids={3003, 1015, 1007, 2001}
07-14 14:43:14.259 18446 18446 I PhoneLab-LoggerService: Start Logger Service
07-14 14:43:14.306 18446 18459 I PhoneLab-: Service Running
07-14 14:43:14.388 18446 18459 I PhoneLab-LoggerService: app_37    1373  1     1440   980   c00f181c 400107b4 S logcat
07-14 14:43:14.388 18446 18459 I PhoneLab-LoggerService: Logcat pid from database 1373
07-14 14:43:14.388 18446 18459 I PhoneLab-LoggerService: Logcat process found 1373
07-14 14:43:14.388 18446 18459 I PhoneLab-LoggerService: Checking Threshold
07-14 14:43:49.040 18446 18446 I PhoneLab-Locks: wake lock acquired
07-14 14:43:49.071 18446 18464 I PhoneLab-PeriodicCheckService: User info is synched
07-14 14:43:49.075 18446 18464 I PhoneLab-PeriodicCheckService: Logger Service is running
07-14 14:43:49.079 18446 18446 I PhoneLab-Locks: wake lock acquired
07-14 14:43:49.083 18446 18446 I PhoneLab-StatusMonitor: Status Monitoring is started
07-14 14:43:49.083 18446 18464 I PhoneLab-Locks: wake lock acquired
07-14 14:43:49.095 18446 18464 I PhoneLab-PeriodicCheckService: Rescheduling periodic checking...
07-14 14:43:49.106 18446 18464 I PhoneLab-Locks: wake lock released
07-14 14:43:49.114 18446 18446 E PhoneLab-PhoneLabManifest: java.io.FileNotFoundException: /data/data/edu.buffalo.cse.phonelab.phonelabservices/files/manifest.xml: open failed: ENOENT (No such file or directory)
07-14 14:43:49.157 18446 18446 I PhoneLab-Locks: wake lock released
07-14 14:43:49.161 18446 18446 I PhoneLab-UploadLogs: Transfering log files now
07-14 14:43:49.161 18446 18446 I PhoneLab-UploadLogs: No log files to transfer
07-14 14:43:49.161 18446 18446 I PhoneLab-Locks: wake lock released
07-14 14:43:49.165 18446 18446 I PhoneLab-UploadLogs: OnStartCommand
07-14 14:44:04.310 11427 11429 D dalvikvm: GC_CONCURRENT freed 499K, 6% free 10899K/11527K, paused 16ms+4ms
07-14 14:44:09.216 17537 17541 D dalvikvm: GC_CONCURRENT freed 386K, 8% free 10168K/10951K, paused 6ms+24ms
07-14 14:44:09.446 17537 17541 D dalvikvm: GC_CONCURRENT freed 241K, 6% free 10400K/10951K, paused 3ms+9ms
07-14 14:44:31.821 15163 15177 D GetStringObjTask: retrieving from url = http://www.chess.com/api/get_move_status?id=5HHjW9WUGa%2Bcu1LUwnVJPxTIWxmEve4VdkRnRyg7b5Ch69JH2Z5aB%2B7eGuFw8K2uFx47KFsdE3JRdR3Mzv0PkZOj6eZ8N73BvxmEERrzXjMNRo80rkLyJAUTh0iqof4n
07-14 14:44:32.036 15163 15177 D GetStringObjTask: WebRequest SERVER RESPONSE: Success+0
07-14 14:45:09.153 18046 18048 D dalvikvm: GC_CONCURRENT freed 516K, 6% free 10448K/11079K, paused 2ms+2ms
07-14 14:45:09.298 17537 17541 D dalvikvm: GC_CONCURRENT freed 696K, 7% free 10246K/11015K, paused 2ms+2ms
07-14 14:45:14.310 18446 18459 I PhoneLab-: Service Running
07-14 14:45:14.423 18446 18459 I PhoneLab-LoggerService: app_37    1373  1     1440   980   c00f181c 400107b4 S logcat
07-14 14:45:14.423 18446 18459 I PhoneLab-LoggerService: Logcat pid from database 1373
07-14 14:45:14.423 18446 18459 I PhoneLab-LoggerService: Logcat process found 1373
07-14 14:45:14.423 18446 18459 I PhoneLab-LoggerService: Checking Threshold
07-14 14:46:09.298 17537 17541 D dalvikvm: GC_CONCURRENT freed 509K, 8% free 10189K/11015K, paused 2ms+2ms
07-14 14:46:12.688  5517  5521 D dalvikvm: GC_CONCURRENT freed 314K, 7% free 10616K/11399K, paused 7ms+10ms
07-14 14:46:35.860   344   344 D SAN_SERVICE: *******************************************
07-14 14:46:35.860   344   344 D SAN_SERVICE: DM App Phone Service State - 0
07-14 14:46:35.860   344   344 D SAN_SERVICE: *******************************************
07-14 14:46:36.130   344   344 D SAN_SERVICE: *******************************************
07-14 14:46:36.130   344   344 D SAN_SERVICE: DM App Phone Service State - 0
07-14 14:46:36.130   344   344 D SAN_SERVICE: *******************************************
07-14 14:47:09.278 18046 18048 D dalvikvm: GC_CONCURRENT freed 510K, 6% free 10450K/11079K, paused 2ms+3ms
07-14 14:47:14.306 18446 18459 I PhoneLab-: Service Running
07-14 14:47:14.388 18446 18459 I PhoneLab-LoggerService: app_37    1373  1     1440   980   c00f181c 400107b4 S logcat
07-14 14:47:14.388 18446 18459 I PhoneLab-LoggerService: Logcat pid from database 1373
07-14 14:47:14.388 18446 18459 I PhoneLab-LoggerService: Logcat process found 1373
07-14 14:47:14.388 18446 18459 I PhoneLab-LoggerService: Checking Threshold
07-14 14:47:59.399   344   344 D SAN_SERVICE: *******************************************
07-14 14:47:59.399   344   344 D SAN_SERVICE: DM App Phone Service State - 0
07-14 14:47:59.403   344   344 D SAN_SERVICE: *******************************************
07-14 14:47:59.712   344   344 D SAN_SERVICE: *******************************************
07-14 14:47:59.712   344   344 D SAN_SERVICE: DM App Phone Service State - 0
07-14 14:47:59.712   344   344 D SAN_SERVICE: *******************************************
07-14 14:48:08.040   344   344 D SAN_SERVICE: *******************************************
07-14 14:48:08.040   344   344 D SAN_SERVICE: DM App Phone Service State - 0
07-14 14:48:08.040   344   344 D SAN_SERVICE: *******************************************
07-14 14:48:09.384 17537 17541 D dalvikvm: GC_CONCURRENT freed 511K, 8% free 10179K/11015K, paused 5ms+2ms
07-14 14:49:04.849   144   173 I ActivityManager: Start proc com.google.android.maps.mytracks for service com.google.android.maps.mytracks/com.google.android.apps.mytracks.services.RemoveTempFilesService: pid=18485 uid=10072 gids={3002, 3001, 3003, 1015}
07-14 14:49:05.001 18132 18487 I SqliteDatabaseCpp: sqlite returned: error code = 1, msg = no such column: wipeout_stats, db=/data/data/com.google.android.apps.plus/databases/picasa.db
07-14 14:49:05.001 18132 18487 W System.err: android.database.sqlite.SQLiteException: no such column: wipeout_stats: , while compiling: SELECT wipeout_stats  FROM account_status
07-14 14:49:05.040 18132 18487 W System.err: 	at android.database.sqlite.SQLiteCompiledSql.native_compile(Native Method)
07-14 14:49:05.040 18132 18487 W System.err: 	at android.database.sqlite.SQLiteCompiledSql.<init>(SQLiteCompiledSql.java:68)
07-14 14:49:05.040 18132 18487 W System.err: 	at android.database.sqlite.SQLiteProgram.compileSql(SQLiteProgram.java:143)
07-14 14:49:05.040 18132 18487 W System.err: 	at android.database.sqlite.SQLiteProgram.compileAndbindAllArgs(SQLiteProgram.java:361)
07-14 14:49:05.040 18132 18487 W System.err: 	at android.database.sqlite.SQLiteStatement.acquireAndLock(SQLiteStatement.java:260)
07-14 14:49:05.040 18132 18487 W System.err: 	at android.database.sqlite.SQLiteStatement.simpleQueryForLong(SQLiteStatement.java:137)
07-14 14:49:05.040 18132 18487 W System.err: 	at android.database.DatabaseUtils.longForQuery(DatabaseUtils.java:791)
07-14 14:49:05.040 18132 18487 W System.err: 	at android.database.DatabaseUtils.longForQuery(DatabaseUtils.java:779)
07-14 14:49:05.040 18132 18487 W System.err: 	at com.google.android.apps.plus.content.EsAccountsData.isContactsStatsWipeoutNeeded(EsAccountsData.java:641)
07-14 14:49:05.044 18132 18487 W System.err: 	at com.google.android.apps.plus.service.EsService.processIntent(EsService.java:4246)
07-14 14:49:05.044 18132 18487 W System.err: 	at com.google.android.apps.plus.service.ServiceThread$1.run(ServiceThread.java:50)
07-14 14:49:05.044 18132 18487 W System.err: 	at android.os.Handler.handleCallback(Handler.java:605)
07-14 14:49:05.044 18132 18487 W System.err: 	at android.os.Handler.dispatchMessage(Handler.java:92)
07-14 14:49:05.044 18132 18487 W System.err: 	at android.os.Looper.loop(Looper.java:137)
07-14 14:49:05.044 18132 18487 W System.err: 	at com.google.android.apps.plus.service.ServiceThread.run(ServiceThread.java:122)
07-14 14:49:05.075 18485 18485 I ActivityThread: Pub com.google.android.maps.mytracks.search: com.google.android.apps.mytracks.content.SearchEngineProvider
07-14 14:49:05.091 18485 18485 I ActivityThread: Pub com.google.android.maps.mytracks: com.google.android.apps.mytracks.content.MyTracksProvider
07-14 14:49:05.110 18485 18485 D MyTracks: Enabling strict mode
07-14 14:49:05.313 18485 18489 D dalvikvm: GC_CONCURRENT freed 331K, 5% free 9189K/9607K, paused 3ms+7ms
07-14 14:49:05.388   144  7984 D dalvikvm: GC_EXPLICIT freed 1168K, 27% free 18285K/24711K, paused 4ms+13ms
07-14 14:49:05.411 18485 18485 D StrictMode: StrictMode policy violation; ~duration=227 ms: android.os.StrictMode$StrictModeDiskWriteViolation: policy=21 violation=1
07-14 14:49:05.411 18485 18485 D StrictMode: 	at android.os.StrictMode$AndroidBlockGuardPolicy.onWriteToDisk(StrictMode.java:1063)
07-14 14:49:05.411 18485 18485 D StrictMode: 	at android.database.sqlite.SQLiteStatement.acquireAndLock(SQLiteStatement.java:226)
07-14 14:49:05.411 18485 18485 D StrictMode: 	at android.database.sqlite.SQLiteStatement.executeUpdateDelete(SQLiteStatement.java:84)
07-14 14:49:05.411 18485 18485 D StrictMode: 	at android.database.sqlite.SQLiteDatabase.executeSql(SQLiteDatabase.java:1899)
07-14 14:49:05.411 18485 18485 D StrictMode: 	at android.database.sqlite.SQLiteDatabase.execSQL(SQLiteDatabase.java:1839)
07-14 14:49:05.411 18485 18485 D StrictMode: 	at android.database.sqlite.SQLiteDatabase.setPageSize(SQLiteDatabase.java:1297)
07-14 14:49:05.411 18485 18485 D StrictMode: 	at android.database.sqlite.SQLiteDatabase.openDatabase(SQLiteDatabase.java:995)
07-14 14:49:05.411 18485 18485 D StrictMode: 	at android.database.sqlite.SQLiteDatabase.openOrCreateDatabase(SQLiteDatabase.java:1051)
07-14 14:49:05.411 18485 18485 D StrictMode: 	at android.app.ContextImpl.openOrCreateDatabase(ContextImpl.java:770)
07-14 14:49:05.411 18485 18485 D StrictMode: 	at android.content.ContextWrapper.openOrCreateDatabase(ContextWrapper.java:221)
07-14 14:49:05.411 18485 18485 D StrictMode: 	at android.database.sqlite.SQLiteOpenHelper.getWritableDatabase(SQLiteOpenHelper.java:157)
07-14 14:49:05.411 18485 18485 D StrictMode: 	at com.google.android.apps.analytics.v.<init>(Unknown Source)
07-14 14:49:05.411 18485 18485 D StrictMode: 	at com.google.android.apps.analytics.v.<init>(Unknown Source)
07-14 14:49:05.411 18485 18485 D StrictMode: 	at com.google.android.apps.analytics.i.a(Unknown Source)
07-14 14:49:05.411 18485 18485 D StrictMode: 	at com.google.android.apps.mytracks.b.a.a(MT:43)
07-14 14:49:05.411 18485 18485 D StrictMode: 	at com.google.android.apps.mytracks.MyTracksApplication.onCreate(MT:42)
07-14 14:49:05.411 18485 18485 D StrictMode: 	at android.app.Instrumentation.callApplicationOnCreate(Instrumentation.java:969)
07-14 14:49:05.411 18485 18485 D StrictMode: 	at android.app.ActivityThread.handleBindApplication(ActivityThread.java:3954)
07-14 14:49:05.411 18485 18485 D StrictMode: 	at android.app.ActivityThread.access$1300(ActivityThread.java:123)
07-14 14:49:05.411 18485 18485 D StrictMode: 	at android.app.ActivityThread$H.handleMessage(ActivityThread.java:1185)
07-14 14:49:05.411 18485 18485 D StrictMode: 	at android.os.Handler.dispatchMessage(Handler.java:99)
07-14 14:49:05.411 18485 18485 D StrictMode: 	at android.os.Looper.loop(Looper.java:137)
07-14 14:49:05.411 18485 18485 D StrictMode: 	at android.app.ActivityThread.main(ActivityThread.java:4424)
07-14 14:49:05.411 18485 18485 D StrictMode: 	at java.lang.reflect.Method.invokeNative(Native Method)
07-14 14:49:05.411 18485 18485 D StrictMode: 	at java.lang.reflect.Method.invoke(Method.java:511)
07-14 14:49:05.411 18485 18485 D StrictMode: 	at com.android.internal.os.ZygoteInit$MethodAndArgsCaller.run(ZygoteInit.java:784)
07-14 14:49:05.411 18485 18485 D StrictMode: 	at com.android.internal.os.ZygoteInit.main(ZygoteInit.java:551)
07-14 14:49:05.411 18485 18485 D StrictMode: 	at dalvik.system.NativeStart.main(Native Method)
07-14 14:49:05.411 18485 18485 D StrictMode: StrictMode policy violation; ~duration=165 ms: android.os.StrictMode$StrictModeDiskWriteViolation: policy=21 violation=1
07-14 14:49:05.411 18485 18485 D StrictMode: 	at android.os.StrictMode$AndroidBlockGuardPolicy.onWriteToDisk(StrictMode.java:1063)
07-14 14:49:05.411 18485 18485 D StrictMode: 	at android.database.sqlite.SQLiteStatement.acquireAndLock(SQLiteStatement.java:226)
07-14 14:49:05.411 18485 18485 D StrictMode: 	at android.database.sqlite.SQLiteStatement.executeUpdateDelete(SQLiteStatement.java:84)
07-14 14:49:05.411 18485 18485 D StrictMode: 	at android.database.sqlite.SQLiteDatabase.executeSql(SQLiteDatabase.java:1899)
07-14 14:49:05.411 18485 18485 D StrictMode: 	at android.database.sqlite.SQLiteDatabase.execSQL(SQLiteDatabase.java:1839)
07-14 14:49:05.411 18485 18485 D StrictMode: 	at android.database.sqlite.SQLiteDatabase.beginTransaction(SQLiteDatabase.java:659)
07-14 14:49:05.411 18485 18485 D StrictMode: 	at android.database.sqlite.SQLiteDatabase.beginTransaction(SQLiteDatabase.java:552)
07-14 14:49:05.411 18485 18485 D StrictMode: 	at com.google.android.apps.analytics.v.a(Unknown Source)
07-14 14:49:05.411 18485 18485 D StrictMode: 	at com.google.android.apps.analytics.i.a(Unknown Source)
07-14 14:49:05.411 18485 18485 D StrictMode: 	at com.google.android.apps.mytracks.b.a.a(MT:45)
07-14 14:49:05.411 18485 18485 D StrictMode: 	at com.google.android.apps.mytracks.MyTracksApplication.onCreate(MT:42)
07-14 14:49:05.411 18485 18485 D StrictMode: 	at android.app.Instrumentation.callApplicationOnCreate(Instrumentation.java:969)
07-14 14:49:05.411 18485 18485 D StrictMode: 	at android.app.ActivityThread.handleBindApplication(ActivityThread.java:3954)
07-14 14:49:05.411 18485 18485 D StrictMode: 	at android.app.ActivityThread.access$1300(ActivityThread.java:123)
07-14 14:49:05.411 18485 18485 D StrictMode: 	at android.app.ActivityThread$H.handleMessage(ActivityThread.java:1185)
07-14 14:49:05.411 18485 18485 D StrictMode: 	at android.os.Handler.dispatchMessage(Handler.java:99)
07-14 14:49:05.411 18485 18485 D StrictMode: 	at android.os.Looper.loop(Looper.java:137)
07-14 14:49:05.411 18485 18485 D StrictMode: 	at android.app.ActivityThread.main(ActivityThread.java:4424)
07-14 14:49:05.411 18485 18485 D StrictMode: 	at java.lang.reflect.Method.invokeNative(Native Method)
07-14 14:49:05.411 18485 18485 D StrictMode: 	at java.lang.reflect.Method.invoke(Method.java:511)
07-14 14:49:05.411 18485 18485 D StrictMode: 	at com.android.internal.os.ZygoteInit$MethodAndArgsCaller.run(ZygoteInit.java:784)
07-14 14:49:05.411 18485 18485 D StrictMode: 	at com.android.internal.os.ZygoteInit.main(ZygoteInit.java:551)
07-14 14:49:05.411 18485 18485 D StrictMode: 	at dalvik.system.NativeStart.main(Native Method)
07-14 14:49:05.411 18485 18485 D StrictMode: StrictMode policy violation; ~duration=162 ms: android.os.StrictMode$StrictModeDiskWriteViolation: policy=21 violation=1
07-14 14:49:05.411 18485 18485 D StrictMode: 	at android.os.StrictMode$AndroidBlockGuardPolicy.onWriteToDisk(StrictMode.java:1063)
07-14 14:49:05.411 18485 18485 D StrictMode: 	at android.database.sqlite.SQLiteStatement.acquireAndLock(SQLiteStatement.java:226)
07-14 14:49:05.411 18485 18485 D StrictMode: 	at android.database.sqlite.SQLiteStatement.executeUpdateDelete(SQLiteStatement.java:84)
07-14 14:49:05.411 18485 18485 D StrictMode: 	at android.database.sqlite.SQLiteDatabase.delete(SQLiteDatabase.java:1741)
07-14 14:49:05.411 18485 18485 D StrictMode: 	at com.google.android.apps.analytics.v.a(Unknown Source)
07-14 14:49:05.411 18485 18485 D StrictMode: 	at com.google.android.apps.analytics.i.a(Unknown Source)
07-14 14:49:05.411 18485 18485 D StrictMode: 	at com.google.android.apps.mytracks.b.a.a(MT:45)
07-14 14:49:05.411 18485 18485 D StrictMode: 	at com.google.android.apps.mytracks.MyTracksApplication.onCreate(MT:42)
07-14 14:49:05.411 18485 18485 D StrictMode: 	at android.app.Instrumentation.callApplicationOnCreate(Instrumentation.java:969)
07-14 14:49:05.411 18485 18485 D StrictMode: 	at android.app.ActivityThread.handleBindApplication(ActivityThread.java:3954)
07-14 14:49:05.411 18485 18485 D StrictMode: 	at android.app.ActivityThread.access$1300(ActivityThread.java:123)
07-14 14:49:05.411 18485 18485 D StrictMode: 	at android.app.ActivityThread$H.handleMessage(ActivityThread.java:1185)
07-14 14:49:05.411 18485 18485 D StrictMode: 	at android.os.Handler.dispatchMessage(Handler.java:99)
07-14 14:49:05.411 18485 18485 D StrictMode: 	at android.os.Looper.loop(Looper.java:137)
07-14 14:49:05.411 18485 18485 D StrictMode: 	at android.app.ActivityThread.main(ActivityThread.java:4424)
07-14 14:49:05.411 18485 18485 D StrictMode: 	at java.lang.reflect.Method.invokeNative(Native Method)
07-14 14:49:05.411 18485 18485 D StrictMode: 	at java.lang.reflect.Method.invoke(Method.java:511)
07-14 14:49:05.411 18485 18485 D StrictMode: 	at com.android.internal.os.ZygoteInit$MethodAndArgsCaller.run(ZygoteInit.java:784)
07-14 14:49:05.411 18485 18485 D StrictMode: 	at com.android.internal.os.ZygoteInit.main(ZygoteInit.java:551)
07-14 14:49:05.411 18485 18485 D StrictMode: 	at dalvik.system.NativeStart.main(Native Method)
07-14 14:49:05.411 18485 18485 D StrictMode: StrictMode policy violation; ~duration=156 ms: android.os.StrictMode$StrictModeDiskWriteViolation: policy=21 violation=1
07-14 14:49:05.411 18485 18485 D StrictMode: 	at android.os.StrictMode$AndroidBlockGuardPolicy.onWriteToDisk(StrictMode.java:1063)
07-14 14:49:05.411 18485 18485 D StrictMode: 	at android.database.sqlite.SQLiteStatement.acquireAndLock(SQLiteStatement.java:226)
07-14 14:49:05.411 18485 18485 D StrictMode: 	at android.database.sqlite.SQLiteStatement.executeInsert(SQLiteStatement.java:112)
07-14 14:49:05.411 18485 18485 D StrictMode: 	at android.database.sqlite.SQLiteDatabase.insertWithOnConflict(SQLiteDatabase.java:1718)
07-14 14:49:05.411 18485 18485 D StrictMode: 	at android.database.sqlite.SQLiteDatabase.insert(SQLiteDatabase.java:1591)
07-14 14:49:05.411 18485 18485 D StrictMode: 	at com.google.android.apps.analytics.v.a(Unknown Source)
07-14 14:49:05.411 18485 18485 D StrictMode: 	at com.google.android.apps.analytics.i.a(Unknown Source)
07-14 14:49:05.411 18485 18485 D StrictMode: 	at com.google.android.apps.mytracks.b.a.a(MT:45)
07-14 14:49:05.411 18485 18485 D StrictMode: 	at com.google.android.apps.mytracks.MyTracksApplication.onCreate(MT:42)
07-14 14:49:05.411 18485 18485 D StrictMode: 	at android.app.Instrumentation.callApplicationOnCreate(Instrumentation.java:969)
07-14 14:49:05.411 18485 18485 D StrictMode: 	at android.app.ActivityThread.handleBindApplication(ActivityThread.java:3954)
07-14 14:49:05.411 18485 18485 D StrictMode: 	at android.app.ActivityThread.access$1300(ActivityThread.java:123)
07-14 14:49:05.411 18485 18485 D StrictMode: 	at android.app.ActivityThread$H.handleMessage(ActivityThread.java:1185)
07-14 14:49:05.411 18485 18485 D StrictMode: 	at android.os.Handler.dispatchMessage(Handler.java:99)
07-14 14:49:05.411 18485 18485 D StrictMode: 	at android.os.Looper.loop(Looper.java:137)
07-14 14:49:05.411 18485 18485 D StrictMode: 	at android.app.ActivityThread.main(ActivityThread.java:4424)
07-14 14:49:05.411 18485 18485 D StrictMode: 	at java.lang.reflect.Method.invokeNative(Native Method)
07-14 14:49:05.411 18485 18485 D StrictMode: 	at java.lang.reflect.Method.invoke(Method.java:511)
07-14 14:49:05.411 18485 18485 D StrictMode: 	at com.android.internal.os.ZygoteInit$MethodAndArgsCaller.run(ZygoteInit.java:784)
07-14 14:49:05.411 18485 18485 D StrictMode: 	at com.android.internal.os.ZygoteInit.main(ZygoteInit.java:551)
07-14 14:49:05.411 18485 18485 D StrictMode: 	at dalvik.system.NativeStart.main(Native Method)
07-14 14:49:05.411 18485 18485 D StrictMode: StrictMode policy violation; ~duration=133 ms: android.os.StrictMode$StrictModeDiskWriteViolation: policy=21 violation=1
07-14 14:49:05.411 18485 18485 D StrictMode: 	at android.os.StrictMode$AndroidBlockGuardPolicy.onWriteToDisk(StrictMode.java:1063)
07-14 14:49:05.411 18485 18485 D StrictMode: 	at android.database.sqlite.SQLiteStatement.acquireAndLock(SQLiteStatement.java:226)
07-14 14:49:05.411 18485 18485 D StrictMode: 	at android.database.sqlite.SQLiteStatement.executeInsert(SQLiteStatement.java:112)
07-14 14:49:05.411 18485 18485 D StrictMode: 	at android.database.sqlite.SQLiteDatabase.insertWithOnConflict(SQLiteDatabase.java:1718)
07-14 14:49:05.411 18485 18485 D StrictMode: 	at android.database.sqlite.SQLiteDatabase.insert(SQLiteDatabase.java:1591)
07-14 14:49:05.411 18485 18485 D StrictMode: 	at com.google.android.apps.analytics.v.a(Unknown Source)
07-14 14:49:05.411 18485 18485 D StrictMode: 	at com.google.android.apps.analytics.v.a(Unknown Source)
07-14 14:49:05.411 18485 18485 D StrictMode: 	at com.google.android.apps.analytics.v.a(Unknown Source)
07-14 14:49:05.411 18485 18485 D StrictMode: 	at com.google.android.apps.analytics.i.a(Unknown Source)
07-14 14:49:05.411 18485 18485 D StrictMode: 	at com.google.android.apps.mytracks.b.a.a(MT:45)
07-14 14:49:05.411 18485 18485 D StrictMode: 	at com.google.android.apps.mytracks.MyTracksApplication.onCreate(MT:42)
07-14 14:49:05.411 18485 18485 D StrictMode: 	at android.app.Instrumentation.callApplicationOnCreate(Instrumentation.java:969)
07-14 14:49:05.411 18485 18485 D StrictMode: 	at android.app.ActivityThread.handleBindApplication(ActivityThread.java:3954)
07-14 14:49:05.411 18485 18485 D StrictMode: 	at android.app.ActivityThread.access$1300(ActivityThread.java:123)
07-14 14:49:05.411 18485 18485 D StrictMode: 	at android.app.ActivityThread$H.handleMessage(ActivityThread.java:1185)
07-14 14:49:05.411 18485 18485 D StrictMode: 	at android.os.Handler.dispatchMessage(Handler.java:99)
07-14 14:49:05.411 18485 18485 D StrictMode: 	at android.os.Looper.loop(Looper.java:137)
07-14 14:49:05.411 18485 18485 D StrictMode: 	at android.app.ActivityThread.main(ActivityThread.java:4424)
07-14 14:49:05.411 18485 18485 D StrictMode: 	at java.lang.reflect.Method.invokeNative(Native Method)
07-14 14:49:05.411 18485 18485 D StrictMode: 	at java.lang.reflect.Method.invoke(Method.java:511)
07-14 14:49:05.411 18485 18485 D StrictMode: 	at com.android.internal.os.ZygoteInit$MethodAndArgsCaller.run(ZygoteInit.java:784)
07-14 14:49:05.411 18485 18485 D StrictMode: 	at com.android.internal.os.ZygoteInit.main(ZygoteInit.java:551)
07-14 14:49:05.411 18485 18485 D StrictMode: 	at dalvik.system.NativeStart.main(Native Method)
07-14 14:49:05.423 18485 18485 D StrictMode: StrictMode policy violation; ~duration=131 ms: android.os.StrictMode$StrictModeDiskWriteViolation: policy=21 violation=1
07-14 14:49:05.423 18485 18485 D StrictMode: 	at android.os.StrictMode$AndroidBlockGuardPolicy.onWriteToDisk(StrictMode.java:1063)
07-14 14:49:05.423 18485 18485 D StrictMode: 	at android.database.sqlite.SQLiteStatement.acquireAndLock(SQLiteStatement.java:226)
07-14 14:49:05.423 18485 18485 D StrictMode: 	at android.database.sqlite.SQLiteStatement.executeUpdateDelete(SQLiteStatement.java:84)
07-14 14:49:05.423 18485 18485 D StrictMode: 	at android.database.sqlite.SQLiteDatabase.executeSql(SQLiteDatabase.java:1899)
07-14 14:49:05.423 18485 18485 D StrictMode: 	at android.database.sqlite.SQLiteDatabase.execSQL(SQLiteDatabase.java:1839)
07-14 14:49:05.423 18485 18485 D StrictMode: 	at android.database.sqlite.SQLiteDatabase.endTransaction(SQLiteDatabase.java:714)
07-14 14:49:05.423 18485 18485 D StrictMode: 	at com.google.android.apps.analytics.v.d(Unknown Source)
07-14 14:49:05.423 18485 18485 D StrictMode: 	at com.google.android.apps.analytics.v.a(Unknown Source)
07-14 14:49:05.423 18485 18485 D StrictMode: 	at com.google.android.apps.analytics.i.a(Unknown Source)
07-14 14:49:05.423 18485 18485 D StrictMode: 	at com.google.android.apps.mytracks.b.a.a(MT:45)
07-14 14:49:05.423 18485 18485 D StrictMode: 	at com.google.android.apps.mytracks.MyTracksApplication.onCreate(MT:42)
07-14 14:49:05.423 18485 18485 D StrictMode: 	at android.app.Instrumentation.callApplicationOnCreate(Instrumentation.java:969)
07-14 14:49:05.423 18485 18485 D StrictMode: 	at android.app.ActivityThread.handleBindApplication(ActivityThread.java:3954)
07-14 14:49:05.423 18485 18485 D StrictMode: 	at android.app.ActivityThread.access$1300(ActivityThread.java:123)
07-14 14:49:05.423 18485 18485 D StrictMode: 	at android.app.ActivityThread$H.handleMessage(ActivityThread.java:1185)
07-14 14:49:05.423 18485 18485 D StrictMode: 	at android.os.Handler.dispatchMessage(Handler.java:99)
07-14 14:49:05.423 18485 18485 D StrictMode: 	at android.os.Looper.loop(Looper.java:137)
07-14 14:49:05.423 18485 18485 D StrictMode: 	at android.app.ActivityThread.main(ActivityThread.java:4424)
07-14 14:49:05.423 18485 18485 D StrictMode: 	at java.lang.reflect.Method.invokeNative(Native Method)
07-14 14:49:05.423 18485 18485 D StrictMode: 	at java.lang.reflect.Method.invoke(Method.java:511)
07-14 14:49:05.423 18485 18485 D StrictMode: 	at com.android.internal.os.ZygoteInit$MethodAndArgsCaller.run(ZygoteInit.java:784)
07-14 14:49:05.423 18485 18485 D StrictMode: 	at com.android.internal.os.ZygoteInit.main(ZygoteInit.java:551)
07-14 14:49:05.423 18485 18485 D StrictMode: 	at dalvik.system.NativeStart.main(Native Method)
07-14 14:49:05.493 18276 18499 W Gmail   : Successful index run, cancel next scheduled index run
07-14 14:49:06.927 18132 18134 D dalvikvm: GC_CONCURRENT freed 1193K, 19% free 13365K/16327K, paused 52ms+10ms
07-14 14:49:07.849 18132 18139 I dalvikvm: Jit: resizing JitTable from 4096 to 8192
07-14 14:49:09.360 18046 18048 D dalvikvm: GC_CONCURRENT freed 505K, 6% free 10456K/11079K, paused 2ms+2ms
07-14 14:49:09.505 17537 17541 D dalvikvm: GC_CONCURRENT freed 454K, 8% free 10234K/11015K, paused 5ms+4ms
07-14 14:49:12.192 18132 18134 D dalvikvm: GC_CONCURRENT freed 1361K, 19% free 13365K/16327K, paused 7ms+7ms
07-14 14:49:14.310 18446 18459 I PhoneLab-: Service Running
07-14 14:49:14.423 18446 18459 I PhoneLab-LoggerService: app_37    1373  1     1440   980   c00f181c 400107b4 S logcat
07-14 14:49:14.423 18446 18459 I PhoneLab-LoggerService: Logcat pid from database 1373
07-14 14:49:14.423 18446 18459 I PhoneLab-LoggerService: Logcat process found 1373
07-14 14:49:14.423 18446 18459 I PhoneLab-LoggerService: Checking Threshold
07-14 14:49:14.438 18446 18449 D dalvikvm: GC_CONCURRENT freed 371K, 5% free 9101K/9543K, paused 4ms+2ms
07-14 14:49:16.243 18132 18500 D dalvikvm: GC_FOR_ALLOC freed 765K, 16% free 13738K/16327K, paused 45ms
07-14 14:49:16.700 18132 18134 D dalvikvm: GC_CONCURRENT freed 1080K, 14% free 14131K/16327K, paused 2ms+3ms
07-14 14:49:18.102 18132 18134 D dalvikvm: GC_CONCURRENT freed 1186K, 12% free 14520K/16327K, paused 5ms+3ms
07-14 14:49:20.520 18132 18134 D dalvikvm: GC_CONCURRENT freed 2386K, 16% free 13882K/16391K, paused 6ms+3ms
07-14 14:49:21.856 18132 18500 I SqliteDatabaseCpp: sqlite returned: error code = 1, msg = no such column: last_stats_sync_time, db=/data/data/com.google.android.apps.plus/databases/picasa.db
07-14 14:49:21.907 18132 18500 E EsSyncAdapterService: Sync failure
07-14 14:49:21.907 18132 18500 E EsSyncAdapterService: android.database.sqlite.SQLiteException: no such column: last_stats_sync_time: , while compiling: SELECT last_stats_sync_time  FROM account_status
07-14 14:49:21.907 18132 18500 E EsSyncAdapterService: 	at android.database.sqlite.SQLiteCompiledSql.native_compile(Native Method)
07-14 14:49:21.907 18132 18500 E EsSyncAdapterService: 	at android.database.sqlite.SQLiteCompiledSql.<init>(SQLiteCompiledSql.java:68)
07-14 14:49:21.907 18132 18500 E EsSyncAdapterService: 	at android.database.sqlite.SQLiteProgram.compileSql(SQLiteProgram.java:143)
07-14 14:49:21.907 18132 18500 E EsSyncAdapterService: 	at android.database.sqlite.SQLiteProgram.compileAndbindAllArgs(SQLiteProgram.java:361)
07-14 14:49:21.907 18132 18500 E EsSyncAdapterService: 	at android.database.sqlite.SQLiteStatement.acquireAndLock(SQLiteStatement.java:260)
07-14 14:49:21.907 18132 18500 E EsSyncAdapterService: 	at android.database.sqlite.SQLiteStatement.simpleQueryForLong(SQLiteStatement.java:137)
07-14 14:49:21.907 18132 18500 E EsSyncAdapterService: 	at android.database.DatabaseUtils.longForQuery(DatabaseUtils.java:791)
07-14 14:49:21.907 18132 18500 E EsSyncAdapterService: 	at android.database.DatabaseUtils.longForQuery(DatabaseUtils.java:779)
07-14 14:49:21.907 18132 18500 E EsSyncAdapterService: 	at com.google.android.apps.plus.content.EsAccountsData.queryLastStatsSyncTimestamp(EsAccountsData.java:570)
07-14 14:49:21.907 18132 18500 E EsSyncAdapterService: 	at com.google.android.apps.plus.service.EsSyncAdapterService.syncContactsStatsIfNecessary(EsSyncAdapterService.java:670)
07-14 14:49:21.907 18132 18500 E EsSyncAdapterService: 	at com.google.android.apps.plus.service.EsSyncAdapterService.doFullSync(EsSyncAdapterService.java:633)
07-14 14:49:21.907 18132 18500 E EsSyncAdapterService: 	at com.google.android.apps.plus.service.EsSyncAdapterService.doSync(EsSyncAdapterService.java:566)
07-14 14:49:21.907 18132 18500 E EsSyncAdapterService: 	at com.google.android.apps.plus.service.EsSyncAdapterService.access$100(EsSyncAdapterService.java:52)
07-14 14:49:21.907 18132 18500 E EsSyncAdapterService: 	at com.google.android.apps.plus.service.EsSyncAdapterService$SyncAdapterImpl.onPerformSync(EsSyncAdapterService.java:408)
07-14 14:49:21.907 18132 18500 E EsSyncAdapterService: 	at android.content.AbstractThreadedSyncAdapter$SyncThread.run(AbstractThreadedSyncAdapter.java:247)
07-14 14:49:21.950   144   168 D SyncManager: failed sync operation lokeshmandvekar@gmail.com (com.google), com.google.android.apps.plus.content.EsProvider, SERVER, earliestRunTime 441000242, SyncResult: stats [ numParseExceptions: 1]
07-14 14:49:21.954   144   168 D SyncManager: not retrying sync operation because the error is a hard error: lokeshmandvekar@gmail.com (com.google), com.google.android.apps.plus.content.EsProvider, SERVER, earliestRunTime 441017201
07-14 14:49:26.817 18132 18134 D dalvikvm: GC_CONCURRENT freed 2025K, 19% free 13367K/16391K, paused 3ms+3ms
07-14 14:49:26.977 18165 18168 D dalvikvm: GC_CONCURRENT freed 450K, 6% free 9537K/10119K, paused 2ms+2ms
07-14 14:49:27.274 18165 18176 D dalvikvm: GC_EXPLICIT freed 148K, 7% free 9454K/10119K, paused 2ms+3ms
07-14 14:49:27.829 18132 18134 D dalvikvm: GC_CONCURRENT freed 1371K, 19% free 13323K/16391K, paused 2ms+8ms
07-14 14:49:28.536 18165 18168 D dalvikvm: GC_CONCURRENT freed 281K, 6% free 9557K/10119K, paused 1ms+3ms
07-14 14:49:29.145 18382 18384 D dalvikvm: GC_CONCURRENT freed 288K, 5% free 9991K/10503K, paused 2ms+5ms
07-14 14:49:31.548 18132 18301 D dalvikvm: GC_EXPLICIT freed 116K, 19% free 13308K/16391K, paused 3ms+3ms
07-14 14:49:31.845 15163 15355 D GetStringObjTask: retrieving from url = http://www.chess.com/api/get_move_status?id=5HHjW9WUGa%2Bcu1LUwnVJPxTIWxmEve4VdkRnRyg7b5Ch69JH2Z5aB%2B7eGuFw8K2uFx47KFsdE3JRdR3Mzv0PkZOj6eZ8N73BvxmEERrzXjMNRo80rkLyJAUTh0iqof4n
07-14 14:49:32.071 15163 15355 D GetStringObjTask: WebRequest SERVER RESPONSE: Success+0
07-14 14:50:06.099 18382 18384 D dalvikvm: GC_CONCURRENT freed 431K, 6% free 10010K/10567K, paused 2ms+2ms
07-14 14:50:09.493 17537 17541 D dalvikvm: GC_CONCURRENT freed 533K, 8% free 10210K/11015K, paused 2ms+2ms
07-14 14:50:54.423 18192 18194 D dalvikvm: GC_CONCURRENT freed 643K, 7% free 11392K/12167K, paused 3ms+4ms
07-14 14:50:56.466 18192 18194 D dalvikvm: GC_CONCURRENT freed 720K, 7% free 11448K/12295K, paused 2ms+3ms
07-14 14:50:56.981   144   336 D dalvikvm: GC_EXPLICIT freed 751K, 27% free 18232K/24711K, paused 8ms+9ms
07-14 14:51:09.458 18046 18048 D dalvikvm: GC_CONCURRENT freed 516K, 6% free 10451K/11079K, paused 2ms+3ms
07-14 14:51:09.614 17537 17541 D dalvikvm: GC_CONCURRENT freed 435K, 8% free 10177K/11015K, paused 2ms+2ms
07-14 14:51:12.997 18165 18168 D dalvikvm: GC_CONCURRENT freed 423K, 6% free 9572K/10119K, paused 2ms+7ms
07-14 14:51:13.470  5517  5521 D dalvikvm: GC_CONCURRENT freed 414K, 7% free 10606K/11399K, paused 9ms+6ms
07-14 14:51:14.310 18446 18459 I PhoneLab-: Service Running
07-14 14:51:14.423 18446 18459 I PhoneLab-LoggerService: app_37    1373  1     1440   980   c00f181c 400107b4 S logcat
07-14 14:51:14.427 18446 18459 I PhoneLab-LoggerService: Logcat pid from database 1373
07-14 14:51:14.427 18446 18459 I PhoneLab-LoggerService: Logcat process found 1373
07-14 14:51:14.427 18446 18459 I PhoneLab-LoggerService: Checking Threshold
07-14 14:52:09.661 18046 18048 D dalvikvm: GC_CONCURRENT freed 394K, 6% free 10445K/11079K, paused 20ms+2ms
07-14 14:53:09.688 17537 17541 D dalvikvm: GC_CONCURRENT freed 500K, 8% free 10178K/11015K, paused 1ms+5ms
07-14 14:53:09.700 18046 18048 D dalvikvm: GC_CONCURRENT freed 409K, 6% free 10461K/11079K, paused 2ms+5ms
07-14 14:53:10.290   214   216 D dalvikvm: GC_CONCURRENT freed 389K, 56% free 9717K/22023K, paused 19ms+3ms
07-14 14:53:14.306 18446 18459 I PhoneLab-: Service Running
07-14 14:53:14.380 18446 18459 I PhoneLab-LoggerService: app_37    1373  1     1440   980   c00f181c 400107b4 S logcat
07-14 14:53:14.380 18446 18459 I PhoneLab-LoggerService: Logcat pid from database 1373
07-14 14:53:14.380 18446 18459 I PhoneLab-LoggerService: Logcat process found 1373
07-14 14:53:14.380 18446 18459 I PhoneLab-LoggerService: Checking Threshold
07-14 14:54:09.735 17537 17541 D dalvikvm: GC_CONCURRENT freed 448K, 8% free 10239K/11015K, paused 2ms+3ms
07-14 14:54:31.864 15163 15295 D GetStringObjTask: retrieving from url = http://www.chess.com/api/get_move_status?id=5HHjW9WUGa%2Bcu1LUwnVJPxTIWxmEve4VdkRnRyg7b5Ch69JH2Z5aB%2B7eGuFw8K2uFx47KFsdE3JRdR3Mzv0PkZOj6eZ8N73BvxmEERrzXjMNRo80rkLyJAUTh0iqof4n
07-14 14:54:32.083 15163 15295 D GetStringObjTask: WebRequest SERVER RESPONSE: Success+0
07-14 14:55:09.806 18046 18048 D dalvikvm: GC_CONCURRENT freed 509K, 6% free 10462K/11079K, paused 2ms+8ms
07-14 14:55:09.903 17537 17541 D dalvikvm: GC_CONCURRENT freed 492K, 8% free 10204K/11015K, paused 1ms+12ms
07-14 14:55:10.130 17537 17541 D dalvikvm: GC_CONCURRENT freed 234K, 6% free 10356K/11015K, paused 10ms+2ms
07-14 14:55:14.310 18446 18459 I PhoneLab-: Service Running
07-14 14:55:14.411 18446 18459 I PhoneLab-LoggerService: app_37    1373  1     1440   980   c00f181c 400107b4 S logcat
07-14 14:55:14.411 18446 18459 I PhoneLab-LoggerService: Logcat pid from database 1373
07-14 14:55:14.411 18446 18459 I PhoneLab-LoggerService: Logcat process found 1373
07-14 14:55:14.411 18446 18459 I PhoneLab-LoggerService: Checking Threshold
07-14 14:55:54.032   344   344 D SAN_SERVICE: *******************************************
07-14 14:55:54.032   344   344 D SAN_SERVICE: DM App Phone Service State - 0
07-14 14:55:54.032   344   344 D SAN_SERVICE: *******************************************
07-14 14:55:54.243   344   344 D SAN_SERVICE: *******************************************
07-14 14:55:54.243   344   344 D SAN_SERVICE: DM App Phone Service State - 0
07-14 14:55:54.243   344   344 D SAN_SERVICE: *******************************************
07-14 14:55:57.235 18192 18564 D dalvikvm: GC_FOR_ALLOC freed 620K, 7% free 11525K/12295K, paused 63ms
07-14 14:55:57.270 18192 18564 D dalvikvm: GC_FOR_ALLOC freed 79K, 8% free 11535K/12423K, paused 31ms
07-14 14:55:57.270 18192 18564 I dalvikvm-heap: Grow heap (frag case) to 11.508MB for 184440-byte allocation
07-14 14:55:57.306 18192 18564 D dalvikvm: GC_FOR_ALLOC freed 89K, 8% free 11625K/12615K, paused 31ms
07-14 14:55:57.352 18192 18564 D dalvikvm: GC_FOR_ALLOC freed <1K, 8% free 11625K/12615K, paused 40ms
07-14 14:55:57.352 18192 18564 I dalvikvm-heap: Grow heap (frag case) to 11.774MB for 370298-byte allocation
07-14 14:55:57.388 18192 18564 D dalvikvm: GC_FOR_ALLOC freed 180K, 10% free 11807K/12999K, paused 31ms
07-14 14:55:57.782 18192 18194 D dalvikvm: GC_CONCURRENT freed 295K, 6% free 12315K/12999K, paused 2ms+5ms
07-14 14:55:58.345   144   424 I ActivityManager: Process com.google.android.apps.docs (pid 18009) has died.
07-14 14:56:04.204   344   344 D SAN_SERVICE: *******************************************
07-14 14:56:04.208   344   344 D SAN_SERVICE: DM App Phone Service State - 0
07-14 14:56:04.208   344   344 D SAN_SERVICE: *******************************************
07-14 14:56:09.852 17537 17548 D dalvikvm: GC_EXPLICIT freed 553K, 8% free 10160K/11015K, paused 2ms+2ms
07-14 14:57:09.833 18046 18048 D dalvikvm: GC_CONCURRENT freed 509K, 6% free 10465K/11079K, paused 1ms+2ms
07-14 14:57:09.931 17537 17541 D dalvikvm: GC_CONCURRENT freed 468K, 8% free 10203K/11015K, paused 6ms+3ms
07-14 14:57:14.310 18446 18459 I PhoneLab-: Service Running
07-14 14:57:14.388 18446 18459 I PhoneLab-LoggerService: app_37    1373  1     1440   980   c00f181c 400107b4 S logcat
07-14 14:57:14.388 18446 18459 I PhoneLab-LoggerService: Logcat pid from database 1373
07-14 14:57:14.388 18446 18459 I PhoneLab-LoggerService: Logcat process found 1373
07-14 14:57:14.388 18446 18459 I PhoneLab-LoggerService: Checking Threshold
07-14 14:58:09.966 17537 17541 D dalvikvm: GC_CONCURRENT freed 498K, 8% free 10215K/11015K, paused 2ms+3ms
07-14 14:59:09.938 18046 18048 D dalvikvm: GC_CONCURRENT freed 509K, 6% free 10467K/11079K, paused 2ms+2ms
07-14 14:59:10.095   144   403 D dalvikvm: GC_EXPLICIT freed 1151K, 27% free 18275K/24711K, paused 5ms+9ms
07-14 14:59:10.181 17537 17541 D dalvikvm: GC_CONCURRENT freed 415K, 8% free 10198K/11015K, paused 2ms+2ms
07-14 14:59:14.310 18446 18459 I PhoneLab-: Service Running
07-14 14:59:14.415 18446 18459 I PhoneLab-LoggerService: app_37    1373  1     1440   980   c00f181c 400107b4 S logcat
07-14 14:59:14.415 18446 18459 I PhoneLab-LoggerService: Logcat pid from database 1373
07-14 14:59:14.415 18446 18459 I PhoneLab-LoggerService: Logcat process found 1373
07-14 14:59:14.415 18446 18459 I PhoneLab-LoggerService: Checking Threshold
07-14 14:59:31.852 15163 15255 D GetStringObjTask: retrieving from url = http://www.chess.com/api/get_move_status?id=5HHjW9WUGa%2Bcu1LUwnVJPxTIWxmEve4VdkRnRyg7b5Ch69JH2Z5aB%2B7eGuFw8K2uFx47KFsdE3JRdR3Mzv0PkZOj6eZ8N73BvxmEERrzXjMNRo80rkLyJAUTh0iqof4n
07-14 14:59:32.083 15163 15255 D GetStringObjTask: WebRequest SERVER RESPONSE: Success+0
07-14 15:00:10.048  5517  5625 D dalvikvm: GC_EXPLICIT freed 288K, 8% free 10577K/11399K, paused 3ms+4ms
07-14 15:00:10.142 17537 17541 D dalvikvm: GC_CONCURRENT freed 386K, 8% free 10199K/11015K, paused 2ms+2ms
07-14 15:00:59.618 18192 18194 D dalvikvm: GC_CONCURRENT freed 1753K, 14% free 11599K/13447K, paused 2ms+4ms
07-14 15:00:59.778  5517  5742 I EventLogService: Aggregate from 1342290659559 (log), 1342290659559 (data)
07-14 15:01:00.181  5517  5547 D dalvikvm: GC_FOR_ALLOC freed 94K, 8% free 10525K/11399K, paused 61ms
07-14 15:01:10.071 18046 18048 D dalvikvm: GC_CONCURRENT freed 511K, 6% free 10468K/11079K, paused 2ms+3ms
07-14 15:01:14.306 18446 18459 I PhoneLab-: Service Running
07-14 15:01:14.388 18446 18459 I PhoneLab-LoggerService: app_37    1373  1     1440   980   c00f181c 400107b4 S logcat
07-14 15:01:14.388 18446 18459 I PhoneLab-LoggerService: Logcat pid from database 1373
07-14 15:01:14.388 18446 18459 I PhoneLab-LoggerService: Logcat process found 1373
07-14 15:01:14.388 18446 18459 I PhoneLab-LoggerService: Checking Threshold
07-14 15:02:10.177 17537 17541 D dalvikvm: GC_CONCURRENT freed 509K, 8% free 10202K/11015K, paused 1ms+2ms
07-14 15:03:10.192 18046 18048 D dalvikvm: GC_CONCURRENT freed 515K, 6% free 10464K/11079K, paused 1ms+2ms
07-14 15:03:10.325 17537 17541 D dalvikvm: GC_CONCURRENT freed 496K, 8% free 10218K/11015K, paused 2ms+3ms
07-14 15:03:10.466 17537 17541 D dalvikvm: GC_CONCURRENT freed 271K, 6% free 10407K/11015K, paused 2ms+2ms
07-14 15:03:12.142 18165 18168 D dalvikvm: GC_CONCURRENT freed 439K, 6% free 9548K/10119K, paused 1ms+3ms
07-14 15:03:14.306 18446 18459 I PhoneLab-: Service Running
07-14 15:03:14.415   144   156 I ActivityManager: Process com.google.android.apps.maps:NetworkLocationService (pid 18046) has died.
07-14 15:03:14.419   144   156 W ActivityManager: Scheduling restart of crashed service com.google.android.apps.maps/com.google.android.location.internal.server.NetworkLocationService in 5000ms
07-14 15:03:14.435 18446 18459 I PhoneLab-LoggerService: app_37    1373  1     1440   980   c00f181c 400107b4 S logcat
07-14 15:03:14.438 18446 18459 I PhoneLab-LoggerService: Logcat pid from database 1373
07-14 15:03:14.438 18446 18459 I PhoneLab-LoggerService: Logcat process found 1373
07-14 15:03:14.438 18446 18459 I PhoneLab-LoggerService: Checking Threshold
07-14 15:03:19.513   144   161 I ActivityManager: Start proc com.google.android.apps.maps:NetworkLocationService for service com.google.android.apps.maps/com.google.android.location.internal.server.NetworkLocationService: pid=18615 uid=10056 gids={3003, 1015}
07-14 15:03:19.888 18615 18616 D dalvikvm: GC_CONCURRENT freed 170K, 3% free 9365K/9607K, paused 13ms+3ms
07-14 15:03:20.458 18615 18616 D dalvikvm: GC_CONCURRENT freed 158K, 3% free 9677K/9927K, paused 5ms+3ms
07-14 15:03:20.884 18615 18616 D dalvikvm: GC_CONCURRENT freed 176K, 3% free 10064K/10311K, paused 4ms+3ms
07-14 15:03:21.079 18615 18616 D dalvikvm: GC_CONCURRENT freed 664K, 8% free 9887K/10631K, paused 3ms+2ms
07-14 15:03:21.173   144   161 I ActivityManager: Start proc com.google.android.apps.maps:FriendService for broadcast com.google.android.apps.maps/com.google.googlenav.friend.android.ServiceReceiver: pid=18637 uid=10056 gids={3003, 1015}
07-14 15:03:21.302 18637 18640 D dalvikvm: GC_CONCURRENT freed 173K, 3% free 9363K/9607K, paused 2ms+2ms
07-14 15:03:21.450 18637 18640 D dalvikvm: GC_CONCURRENT freed 238K, 4% free 9677K/9991K, paused 2ms+2ms
07-14 15:03:21.489   144   380 I ActivityManager: Process com.google.android.apps.googlevoice (pid 17834) has died.
07-14 15:03:21.489   144   380 W ActivityManager: Scheduling restart of crashed service com.google.android.apps.googlevoice/.ShadowNumberRefreshService in 5000ms
07-14 15:03:21.489   144   380 W ActivityManager: Scheduling restart of crashed service com.google.android.apps.googlevoice/.UpdateService in 15000ms
07-14 15:03:21.489   144   380 W ActivityManager: Scheduling restart of crashed service com.google.android.apps.googlevoice/.CallLogService in 25000ms
07-14 15:03:21.661 17537 17541 D dalvikvm: GC_CONCURRENT freed 620K, 7% free 10246K/11015K, paused 1ms+10ms
07-14 15:03:21.673 18615 18619 I dalvikvm: Total arena pages for JIT: 11
07-14 15:03:21.681 18615 18619 I dalvikvm: Total arena pages for JIT: 12
07-14 15:03:21.685 18615 18619 I dalvikvm: Total arena pages for JIT: 13
07-14 15:03:21.685 18615 18619 I dalvikvm: Total arena pages for JIT: 14
07-14 15:03:21.685 18615 18619 I dalvikvm: Total arena pages for JIT: 15
07-14 15:03:21.688 18615 18619 I dalvikvm: Total arena pages for JIT: 16
07-14 15:03:21.688 18615 18619 I dalvikvm: Total arena pages for JIT: 17
07-14 15:03:21.763 18615 18619 I dalvikvm: Total arena pages for JIT: 18
07-14 15:03:21.880 18615 18616 D dalvikvm: GC_CONCURRENT freed 197K, 5% free 10195K/10631K, paused 1ms+3ms
07-14 15:03:22.329 18615 18616 D dalvikvm: GC_CONCURRENT freed 421K, 5% free 10303K/10823K, paused 2ms+2ms
07-14 15:03:26.556   144   161 I ActivityManager: Start proc com.google.android.apps.googlevoice for service com.google.android.apps.googlevoice/.ShadowNumberRefreshService: pid=18652 uid=10054 gids={3003, 1015}
07-14 15:03:27.032 18652 18655 D dalvikvm: GC_CONCURRENT freed 247K, 4% free 9288K/9607K, paused 15ms+4ms
07-14 15:03:27.560 18652 18667 W System.err: com.google.android.apps.googlevoice.net.VoiceServiceException: Voice service failed [INVALID_AUTH_TOKEN]
07-14 15:03:27.571 18652 18667 W System.err: 	at com.google.android.apps.googlevoice.net.masf.MASFVoiceService.checkCredentials(MASFVoiceService.java:107)
07-14 15:03:27.571 18652 18667 W System.err: 	at com.google.android.apps.googlevoice.net.masf.MASFVoiceService.getAuthToken(MASFVoiceService.java:95)
07-14 15:03:27.571 18652 18667 W System.err: 	at com.google.android.apps.googlevoice.net.masf.MASFGetBackendInfoRpc.createRequestPayload(MASFGetBackendInfoRpc.java:34)
07-14 15:03:27.571 18652 18667 W System.err: 	at com.google.android.apps.googlevoice.net.masf.MASFApiRpc.requestSubmit(MASFApiRpc.java:160)
07-14 15:03:27.575 18652 18667 W System.err: 	at com.google.android.apps.googlevoice.net.masf.MASFApiRpc.run(MASFApiRpc.java:141)
07-14 15:03:27.575 18652 18667 W System.err: 	at com.googlex.common.task.AbstractTask.run(Unknown Source)
07-14 15:03:27.575 18652 18667 W System.err: 	at com.googlex.common.task.AbstractTask.runInternal(Unknown Source)
07-14 15:03:27.575 18652 18667 W System.err: 	at com.googlex.common.task.TaskRunner.run(Unknown Source)
07-14 15:03:27.575 18652 18667 W System.err: 	at com.googlex.common.lang.BaseThreadFactory$ThreadImpl.run(Unknown Source)
07-14 15:03:27.579 18652 18667 E GoogleVoice: ShadowNumberRefreshService: Failed to get backend info!
07-14 15:03:27.579 18652 18667 E GoogleVoice: com.google.android.apps.googlevoice.net.VoiceServiceException: Voice service failed [INVALID_AUTH_TOKEN]
07-14 15:03:27.579 18652 18667 E GoogleVoice: 	at com.google.android.apps.googlevoice.net.masf.MASFVoiceService.checkCredentials(MASFVoiceService.java:107)
07-14 15:03:27.579 18652 18667 E GoogleVoice: 	at com.google.android.apps.googlevoice.net.masf.MASFVoiceService.getAuthToken(MASFVoiceService.java:95)
07-14 15:03:27.579 18652 18667 E GoogleVoice: 	at com.google.android.apps.googlevoice.net.masf.MASFGetBackendInfoRpc.createRequestPayload(MASFGetBackendInfoRpc.java:34)
07-14 15:03:27.579 18652 18667 E GoogleVoice: 	at com.google.android.apps.googlevoice.net.masf.MASFApiRpc.requestSubmit(MASFApiRpc.java:160)
07-14 15:03:27.579 18652 18667 E GoogleVoice: 	at com.google.android.apps.googlevoice.net.masf.MASFApiRpc.run(MASFApiRpc.java:141)
07-14 15:03:27.579 18652 18667 E GoogleVoice: 	at com.googlex.common.task.AbstractTask.run(Unknown Source)
07-14 15:03:27.579 18652 18667 E GoogleVoice: 	at com.googlex.common.task.AbstractTask.runInternal(Unknown Source)
07-14 15:03:27.579 18652 18667 E GoogleVoice: 	at com.googlex.common.task.TaskRunner.run(Unknown Source)
07-14 15:03:27.579 18652 18667 E GoogleVoice: 	at com.googlex.common.lang.BaseThreadFactory$ThreadImpl.run(Unknown Source)
07-14 15:03:36.708   144   155 D CountryDetector: The first listener is added
07-14 15:03:36.739 18652 18655 D dalvikvm: GC_CONCURRENT freed 418K, 6% free 9414K/9927K, paused 3ms+3ms
07-14 15:03:36.739 18652 18661 W CursorWrapperInner: Cursor finalized without prior close()
07-14 15:03:36.739 18652 18661 W CursorWrapperInner: Cursor finalized without prior close()
07-14 15:03:36.739 18652 18661 W CursorWrapperInner: Cursor finalized without prior close()
07-14 15:03:37.075   144   403 D dalvikvm: GC_EXPLICIT freed 870K, 27% free 18250K/24711K, paused 3ms+8ms
07-14 15:03:37.212 18652 18655 D dalvikvm: GC_CONCURRENT freed 331K, 5% free 9543K/9991K, paused 2ms+8ms
07-14 15:03:37.224 18165 18168 D dalvikvm: GC_CONCURRENT freed 363K, 5% free 9688K/10183K, paused 3ms+11ms
07-14 15:03:37.255 18165 18177 D dalvikvm: GC_EXPLICIT freed 53K, 6% free 9635K/10183K, paused 2ms+3ms
07-14 15:03:37.560 18165 18168 D dalvikvm: GC_CONCURRENT freed 328K, 4% free 9846K/10247K, paused 2ms+6ms
07-14 15:03:37.622 18652 18674 D dalvikvm: GC_FOR_ALLOC freed 177K, 5% free 9691K/10183K, paused 41ms
07-14 15:03:43.040   144   160 V BackupManagerService: Running a backup pass
07-14 15:03:43.071   144   213 V BackupManagerService: Backup requested but nothing pending
07-14 15:04:23.872 18615 18616 D dalvikvm: GC_CONCURRENT freed 458K, 6% free 10343K/10887K, paused 2ms+2ms
07-14 15:04:23.985 17537 17541 D dalvikvm: GC_CONCURRENT freed 512K, 8% free 10229K/11015K, paused 1ms+3ms
07-14 15:04:31.829 15163 15432 D GetStringObjTask: retrieving from url = http://www.chess.com/api/get_move_status?id=5HHjW9WUGa%2Bcu1LUwnVJPxTIWxmEve4VdkRnRyg7b5Ch69JH2Z5aB%2B7eGuFw8K2uFx47KFsdE3JRdR3Mzv0PkZOj6eZ8N73BvxmEERrzXjMNRo80rkLyJAUTh0iqof4n
07-14 15:04:32.040 15163 15432 D GetStringObjTask: WebRequest SERVER RESPONSE: Success+0
07-14 15:05:14.310 18446 18459 I PhoneLab-: Service Running
07-14 15:05:14.403 18446 18459 I PhoneLab-LoggerService: app_37    1373  1     1440   980   c00f181c 400107b4 S logcat
07-14 15:05:14.403 18446 18459 I PhoneLab-LoggerService: Logcat pid from database 1373
07-14 15:05:14.403 18446 18459 I PhoneLab-LoggerService: Logcat process found 1373
07-14 15:05:14.407 18446 18459 I PhoneLab-LoggerService: Checking Threshold
07-14 15:05:23.935 17537 17541 D dalvikvm: GC_CONCURRENT freed 454K, 7% free 10286K/11015K, paused 1ms+2ms
07-14 15:06:01.704 18192 18194 D dalvikvm: GC_CONCURRENT freed 705K, 14% free 11629K/13447K, paused 11ms+3ms
07-14 15:06:23.899 18615 18616 D dalvikvm: GC_CONCURRENT freed 595K, 7% free 10278K/10951K, paused 1ms+2ms
07-14 15:06:24.040 17537 17541 D dalvikvm: GC_CONCURRENT freed 527K, 8% free 10235K/11015K, paused 2ms+2ms
07-14 15:06:34.286   344   344 D SAN_SERVICE: *******************************************
07-14 15:06:34.286   344   344 D SAN_SERVICE: DM App Phone Service State - 0
07-14 15:06:34.286   344   344 D SAN_SERVICE: *******************************************
07-14 15:06:34.341   344   347 D dalvikvm: GC_CONCURRENT freed 847K, 15% free 12000K/14087K, paused 9ms+3ms
07-14 15:06:44.243   344   344 D SAN_SERVICE: *******************************************
07-14 15:06:44.243   344   344 D SAN_SERVICE: DM App Phone Service State - 0
07-14 15:06:44.243   344   344 D SAN_SERVICE: *******************************************
07-14 15:06:45.013   344   344 D SAN_SERVICE: *******************************************
07-14 15:06:45.013   344   344 D SAN_SERVICE: DM App Phone Service State - 0
07-14 15:06:45.013   344   344 D SAN_SERVICE: *******************************************
07-14 15:07:14.306 18446 18459 I PhoneLab-: Service Running
07-14 15:07:14.423 18446 18459 I PhoneLab-LoggerService: app_37    1373  1     1440   980   c00f181c 400107b4 S logcat
07-14 15:07:14.423 18446 18459 I PhoneLab-LoggerService: Logcat pid from database 1373
07-14 15:07:14.423 18446 18459 I PhoneLab-LoggerService: Logcat process found 1373
07-14 15:07:14.423 18446 18459 I PhoneLab-LoggerService: Checking Threshold
07-14 15:07:14.431 18446 18449 D dalvikvm: GC_CONCURRENT freed 455K, 6% free 9106K/9671K, paused 2ms+2ms
07-14 15:07:24.032 18615 18616 D dalvikvm: GC_CONCURRENT freed 391K, 7% free 10273K/10951K, paused 2ms+4ms
07-14 15:08:24.099 17537 17541 D dalvikvm: GC_CONCURRENT freed 508K, 8% free 10238K/11015K, paused 2ms+2ms
07-14 15:08:36.532    79    79 D dalvikvm: GC_EXPLICIT freed 38K, 4% free 9031K/9347K, paused 9ms+5ms
07-14 15:08:36.560    79    79 D dalvikvm: GC_EXPLICIT freed <1K, 4% free 9031K/9347K, paused 2ms+3ms
07-14 15:08:36.583    79    79 D dalvikvm: GC_EXPLICIT freed <1K, 4% free 9031K/9347K, paused 1ms+2ms
07-14 15:08:36.587   144   168 I ActivityManager: Start proc com.google.android.apps.currents for service com.google.android.apps.currents/com.google.apps.dots.android.app.service.SyncService: pid=18708 uid=10078 gids={3003, 1015}
07-14 15:08:36.595   144 24503 I ActivityManager: Process com.google.android.apps.maps (pid 18238) has died.
07-14 15:08:36.595   144 24503 W ActivityManager: Scheduling restart of crashed service com.google.android.apps.maps/com.google.googlenav.prefetch.android.PrefetcherService in 5000ms
07-14 15:08:36.958 18708 18708 I ActivityThread: Pub com.google.apps.dots.android.app.provider.SuggestionProvider: com.google.apps.dots.android.app.provider.SuggestionProvider
07-14 15:08:36.985 18708 18708 I ActivityThread: Pub com.google.android.apps.currents.exported: com.google.apps.dots.android.app.provider.ExportedContentProvider
07-14 15:08:37.056 18708 18710 D dalvikvm: GC_CONCURRENT freed 182K, 3% free 9353K/9607K, paused 6ms+2ms
07-14 15:08:37.130 18708 18710 D dalvikvm: GC_CONCURRENT freed 267K, 5% free 9586K/9991K, paused 2ms+2ms
07-14 15:08:37.267 18708 18710 D dalvikvm: GC_CONCURRENT freed 232K, 4% free 9837K/10183K, paused 2ms+3ms
07-14 15:08:37.411 18708 18710 D dalvikvm: GC_CONCURRENT freed 234K, 4% free 10091K/10439K, paused 2ms+3ms
07-14 15:08:37.454 18708 18708 I DotsContentUris: content://com.google.android.apps.currents
07-14 15:08:37.466 18708 18708 I ActivityThread: Pub com.google.android.apps.currents: com.google.apps.dots.android.app.provider.DotsContentProvider
07-14 15:08:37.474 18708 18708 I DotsApplication: Starting up...
07-14 15:08:37.747 18708 18710 D dalvikvm: GC_CONCURRENT freed 429K, 6% free 10148K/10695K, paused 3ms+3ms
07-14 15:08:37.923   144   376 I ActivityManager: Process android.process.media (pid 17948) has died.
07-14 15:08:37.989 18708 18710 D dalvikvm: GC_CONCURRENT freed 284K, 4% free 10328K/10695K, paused 6ms+3ms
07-14 15:08:38.013 18708 18727 I SyncService: Starting sync (15:08:38)
07-14 15:08:40.118 18708 18710 D dalvikvm: GC_CONCURRENT freed 282K, 4% free 10471K/10887K, paused 2ms+3ms
07-14 15:08:40.360 18708 18710 D dalvikvm: GC_CONCURRENT freed 218K, 4% free 10664K/11015K, paused 2ms+7ms
07-14 15:08:40.466 18708 18710 D dalvikvm: GC_CONCURRENT freed 474K, 6% free 10677K/11335K, paused 2ms+2ms
07-14 15:08:40.724 18708 18710 D dalvikvm: GC_CONCURRENT freed 409K, 6% free 10691K/11335K, paused 3ms+2ms
07-14 15:08:40.778   144   402 D SyncManager: setSyncAutomatically: , provider com.google.android.apps.currents -> true
07-14 15:08:40.778   144   402 D SyncManager: setSyncAutomatically: already set to true, doing nothing
07-14 15:08:41.118   144   144 D dalvikvm: GC_EXPLICIT freed 1151K, 27% free 18273K/24711K, paused 3ms+10ms
07-14 15:08:41.216 18708 18710 D dalvikvm: GC_CONCURRENT freed 291K, 5% free 10829K/11335K, paused 2ms+3ms
07-14 15:08:41.384 18708 18710 D dalvikvm: GC_CONCURRENT freed 260K, 4% free 11100K/11463K, paused 2ms+3ms
07-14 15:08:41.618   144   161 I ActivityManager: Start proc com.google.android.apps.maps for service com.google.android.apps.maps/com.google.googlenav.prefetch.android.PrefetcherService: pid=18734 uid=10056 gids={3003, 1015}
07-14 15:08:41.669 18708 18710 D dalvikvm: GC_CONCURRENT freed 255K, 4% free 11459K/11847K, paused 2ms+3ms
07-14 15:08:41.778 18734 18737 D dalvikvm: GC_CONCURRENT freed 149K, 3% free 9387K/9607K, paused 4ms+3ms
07-14 15:08:41.849   144   144 I ActivityManager: Process com.android.providers.calendar (pid 18356) has died.
07-14 15:08:41.985 18734 18734 I ActivityThread: Pub com.google.android.maps.SearchHistoryProvider: com.google.googlenav.provider.SearchHistoryProvider
07-14 15:08:42.071 18734 18734 I ActivityThread: Pub com.google.android.maps.SuggestionProvider: com.google.googlenav.suggest.android.SuggestContentProvider
07-14 15:08:42.095 18734 18734 I ActivityThread: Pub com.google.android.maps.LayerInfoProvider: com.google.googlenav.layer.LayerInfoProvider
07-14 15:08:42.102 18734 18734 I ActivityThread: Pub com.google.android.maps.TrafficAppWidgetProvider: com.google.googlenav.appwidget.traffic.TrafficAppWidgetProvider
07-14 15:08:42.110 18734 18734 I ActivityThread: Pub com.google.android.maps.LocalActivePlacesProvider: com.google.googlenav.provider.LocalActivePlacesProvider
07-14 15:08:42.110 18734 18734 I ActivityThread: Pub com.google.android.maps.StarredItemProvider: com.google.googlenav.provider.StarredItemProvider
07-14 15:08:42.220 18734 18737 D dalvikvm: GC_CONCURRENT freed 198K, 3% free 9719K/9991K, paused 1ms+3ms
07-14 15:08:42.352 18708 18710 D dalvikvm: GC_CONCURRENT freed 1025K, 10% free 11142K/12295K, paused 9ms+4ms
07-14 15:08:42.392 18734 18734 I ActivityThread: Pub com.google.android.maps.LocalSuggestionProvider: com.google.googlenav.provider.LocalSuggestionProvider
07-14 15:08:42.392 18734 18734 I ActivityThread: Pub com.google.android.maps.NavigationAvailabilityProvider: com.google.googlenav.provider.NavigationAvailabilityProvider
07-14 15:08:42.423 18734 18737 D dalvikvm: GC_CONCURRENT freed 281K, 4% free 9920K/10311K, paused 2ms+3ms
07-14 15:08:42.513 18734 18750 D dalvikvm: GC_FOR_ALLOC freed 55K, 4% free 9970K/10311K, paused 40ms
07-14 15:08:42.552 18734 18751 D dalvikvm: GC_FOR_ALLOC freed 40K, 4% free 10166K/10567K, paused 18ms
07-14 15:08:42.552 18734 18751 I dalvikvm-heap: Grow heap (frag case) to 10.192MB for 204816-byte allocation
07-14 15:08:42.579 18734 18752 D dalvikvm: GC_FOR_ALLOC freed <1K, 5% free 10366K/10823K, paused 18ms
07-14 15:08:42.685 18734 18761 D dalvikvm: GC_FOR_ALLOC freed 134K, 4% free 10463K/10823K, paused 26ms
07-14 15:08:42.720 18734 18760 D dalvikvm: GC_FOR_ALLOC freed 28K, 4% free 10662K/11079K, paused 19ms
07-14 15:08:42.767   144   155 I ActivityManager: Process com.android.deskclock (pid 18344) has died.
07-14 15:08:42.919 18708 18710 D dalvikvm: GC_CONCURRENT freed 414K, 9% free 11306K/12295K, paused 3ms+3ms
07-14 15:08:43.298   144 24503 I ActivityManager: Process com.android.sprintmenu (pid 18317) has died.
07-14 15:08:43.298   144 24503 W ActivityManager: Scheduling restart of crashed service com.android.sprintmenu/.HiddenPhoneService in 5000ms
07-14 15:08:43.481 18708 18710 D dalvikvm: GC_CONCURRENT freed 568K, 8% free 11373K/12295K, paused 4ms+3ms
07-14 15:08:43.977   144  9084 D dalvikvm: GC_EXPLICIT freed 206K, 27% free 18208K/24711K, paused 4ms+8ms
07-14 15:08:44.712 18708 18710 D dalvikvm: GC_CONCURRENT freed 618K, 8% free 11411K/12295K, paused 1ms+3ms
07-14 15:08:44.872 18708 18710 D dalvikvm: GC_CONCURRENT freed 665K, 8% free 11416K/12295K, paused 2ms+2ms
07-14 15:08:45.036 18708 18710 D dalvikvm: GC_CONCURRENT freed 648K, 7% free 11438K/12295K, paused 2ms+2ms
07-14 15:08:46.384 18708 18710 D dalvikvm: GC_CONCURRENT freed 789K, 8% free 11395K/12295K, paused 2ms+3ms
07-14 15:08:46.563 18708 18710 D dalvikvm: GC_CONCURRENT freed 655K, 8% free 11413K/12295K, paused 1ms+3ms
07-14 15:08:46.731 18708 18710 D dalvikvm: GC_CONCURRENT freed 646K, 7% free 11437K/12295K, paused 2ms+3ms
07-14 15:08:47.181  5517  5521 D dalvikvm: GC_CONCURRENT freed 304K, 7% free 10630K/11399K, paused 7ms+4ms
07-14 15:08:47.227 18708 18710 D dalvikvm: GC_CONCURRENT freed 705K, 7% free 11459K/12295K, paused 3ms+2ms
07-14 15:08:48.399   144   161 I ActivityManager: Start proc com.android.sprintmenu for service com.android.sprintmenu/.HiddenPhoneService: pid=18768 uid=1001 gids={3002, 3001, 3003, 1015}
07-14 15:08:48.505   144   376 I ActivityManager: Process com.facebook.katana (pid 11427) has died.
07-14 15:08:48.505   144   376 W ActivityManager: Scheduling restart of crashed service com.facebook.katana/.service.MediaUploadService in 5000ms
07-14 15:08:49.821 18708 18710 D dalvikvm: GC_CONCURRENT freed 752K, 8% free 11409K/12295K, paused 3ms+2ms
07-14 15:08:50.462 18708 18710 D dalvikvm: GC_CONCURRENT freed 666K, 8% free 11410K/12295K, paused 2ms+2ms
07-14 15:08:51.048 18708 18710 D dalvikvm: GC_CONCURRENT freed 646K, 8% free 11433K/12295K, paused 2ms+2ms
07-14 15:08:51.372 18708 18710 D dalvikvm: GC_CONCURRENT freed 707K, 7% free 11457K/12295K, paused 2ms+3ms
07-14 15:08:52.134 18708 18730 D dalvikvm: GC_FOR_ALLOC freed 571K, 8% free 11454K/12359K, paused 27ms
07-14 15:08:52.263 18708 18710 D dalvikvm: GC_CONCURRENT freed 696K, 8% free 11458K/12359K, paused 2ms+3ms
07-14 15:08:52.833 18708 18710 D dalvikvm: GC_CONCURRENT freed 708K, 8% free 11435K/12359K, paused 2ms+2ms
07-14 15:08:52.997 18708 18710 D dalvikvm: GC_CONCURRENT freed 638K, 8% free 11473K/12359K, paused 2ms+2ms
07-14 15:08:53.161 18708 18710 D dalvikvm: GC_CONCURRENT freed 738K, 8% free 11490K/12359K, paused 2ms+2ms
07-14 15:08:53.517   144   161 I ActivityManager: Start proc com.facebook.katana for service com.facebook.katana/.service.MediaUploadService: pid=18784 uid=10071 gids={3003, 1006, 1015}
07-14 15:08:53.524 18784 18784 I dalvikvm: Turning on JNI app bug workarounds for target SDK version 10...
07-14 15:08:54.755 18784 18787 D dalvikvm: GC_CONCURRENT freed 152K, 3% free 9384K/9607K, paused 2ms+2ms
07-14 15:08:54.888 18784 18787 D dalvikvm: GC_CONCURRENT freed 123K, 3% free 9678K/9927K, paused 1ms+2ms
07-14 15:08:54.962 18784 18784 I ActivityThread: Pub com.facebook.katana.provider.LoggingProvider: com.facebook.katana.provider.LoggingProvider
07-14 15:08:54.993 18784 18784 I ActivityThread: Pub com.facebook.katana.provider.KeyValueProvider: com.facebook.katana.provider.KeyValueProvider
07-14 15:08:54.997 18784 18784 I ActivityThread: Pub com.facebook.katana.provider.CacheProvider: com.facebook.katana.provider.CacheProvider
07-14 15:08:54.997 18784 18784 I ActivityThread: Pub com.facebook.katana.provider.VaultImageProvider: com.facebook.katana.provider.VaultImageProvider
07-14 15:08:55.001 18784 18784 I ActivityThread: Pub com.facebook.katana.provider.MailboxProvider: com.facebook.katana.provider.MailboxProvider
07-14 15:08:55.005 18784 18784 I ActivityThread: Pub com.facebook.katana.provider.UserStatusesProvider: com.facebook.katana.provider.UserStatusesProvider
07-14 15:08:55.009 18784 18784 I ActivityThread: Pub com.facebook.katana.provider.EventsProvider: com.facebook.katana.provider.EventsProvider
07-14 15:08:55.009 18784 18784 I ActivityThread: Pub com.facebook.katana.provider.ObservedContactsProvider: com.facebook.katana.provider.ObservedContactsProvider
07-14 15:08:55.017 18784 18784 I ActivityThread: Pub com.facebook.katana.provider.NotificationsProvider: com.facebook.katana.provider.NotificationsProvider
07-14 15:08:55.017 18784 18784 I ActivityThread: Pub com.facebook.katana.provider.UserValuesProvider: com.facebook.katana.provider.UserValuesProvider
07-14 15:08:55.020 18784 18784 I ActivityThread: Pub com.facebook.katana.provider.PagesProvider: com.facebook.katana.provider.PagesProvider
07-14 15:08:55.020 18784 18784 I ActivityThread: Pub com.facebook.katana.provider.MobileEventLogProvider: com.facebook.katana.provider.MobileEventLogProvider
07-14 15:08:55.024 18784 18784 I ActivityThread: Pub com.facebook.katana.provider.PushNotificationsProvider: com.facebook.katana.provider.PushNotificationsProvider
07-14 15:08:55.024 18784 18784 I ActivityThread: Pub com.facebook.katana.provider.PhotosProvider: com.facebook.katana.provider.PhotosProvider
07-14 15:08:55.028 18784 18784 I ActivityThread: Pub com.facebook.katana.provider.ConnectionsProvider: com.facebook.katana.provider.ConnectionsProvider
07-14 15:08:55.056 18784 18784 I ActivityThread: Pub com.facebook.orca.notify.FbandroidMessagesForegroundProvider: com.facebook.orca.notify.FbandroidMessagesForegroundProvider
07-14 15:08:55.122 18784 18784 D ACRA    : Retrieve application default SharedPreferences.
07-14 15:08:55.122 18784 18784 D ACRA    : Set OnSharedPreferenceChangeListener.
07-14 15:08:55.169 18784 18784 D ACRA    : ACRA is enabled for com.facebook.katana, intializing...
07-14 15:08:55.306 18784 18784 D ACRA    : Looking for error files in /data/data/com.facebook.katana/app_acra-reports
07-14 15:08:55.310 18708 18710 D dalvikvm: GC_CONCURRENT freed 780K, 8% free 11445K/12359K, paused 58ms+5ms
07-14 15:08:55.399 18784 18784 W nalizableReferenceQueue: Could not load Finalizer in its own class loader.Loading Finalizer in the current class loader instead. As a result, you will not be ableto garbage collect this class loader. To support reclaiming this class loader, eitherresolve the underlying issue, or move Google Collections to your system class path.
07-14 15:08:55.399 18784 18784 W nalizableReferenceQueue: java.io.FileNotFoundException: com/google/common/base/internal/Finalizer.class
07-14 15:08:55.399 18784 18784 W nalizableReferenceQueue: 	at com.google.common.base.FinalizableReferenceQueue$DecoupledLoader.getBaseUrl(FinalizableReferenceQueue.java:243)
07-14 15:08:55.399 18784 18784 W nalizableReferenceQueue: 	at com.google.common.base.FinalizableReferenceQueue$DecoupledLoader.loadFinalizer(FinalizableReferenceQueue.java:227)
07-14 15:08:55.399 18784 18784 W nalizableReferenceQueue: 	at com.google.common.base.FinalizableReferenceQueue.loadFinalizer(FinalizableReferenceQueue.java:155)
07-14 15:08:55.399 18784 18784 W nalizableReferenceQueue: 	at com.google.common.base.FinalizableReferenceQueue.<clinit>(FinalizableReferenceQueue.java:84)
07-14 15:08:55.399 18784 18784 W nalizableReferenceQueue: 	at com.google.common.collect.CustomConcurrentHashMap$QueueHolder.<clinit>(CustomConcurrentHashMap.java:650)
07-14 15:08:55.399 18784 18784 W nalizableReferenceQueue: 	at com.google.common.collect.CustomConcurrentHashMap$WeakEntry.<init>(CustomConcurrentHashMap.java:1342)
07-14 15:08:55.399 18784 18784 W nalizableReferenceQueue: 	at com.google.common.collect.CustomConcurrentHashMap$EntryFactory$9.newEntry(CustomConcurrentHashMap.java:453)
07-14 15:08:55.399 18784 18784 W nalizableReferenceQueue: 	at com.google.common.collect.CustomConcurrentHashMap.a(CustomConcurrentHashMap.java:1715)
07-14 15:08:55.399 18784 18784 W nalizableReferenceQueue: 	at com.google.common.collect.ComputingConcurrentHashMap$ComputingSegment.a(ComputingConcurrentHashMap.java:123)
07-14 15:08:55.399 18784 18784 W nalizableReferenceQueue: 	at com.google.common.collect.ComputingConcurrentHashMap.apply(ComputingConcurrentHashMap.java:71)
07-14 15:08:55.399 18784 18784 W nalizableReferenceQueue: 	at com.google.common.collect.MapMaker$ComputingMapAdapter.get(MapMaker.java:848)
07-14 15:08:55.399 18784 18784 W nalizableReferenceQueue: 	at com.google.inject.internal.Annotations$AnnotationChecker.a(Annotations.java:90)
07-14 15:08:55.399 18784 18784 W nalizableReferenceQueue: 	at com.google.inject.internal.Annotations.c(Annotations.java:108)
07-14 15:08:55.399 18784 18784 W nalizableReferenceQueue: 	at com.google.inject.Key.d(Key.java:369)
07-14 15:08:55.399 18784 18784 W nalizableReferenceQueue: 	at com.google.inject.Key.b(Key.java:356)
07-14 15:08:55.399 18784 18784 W nalizableReferenceQueue: 	at com.google.inject.Key.a(Key.java:267)
07-14 15:08:55.399 18784 18784 W nalizableReferenceQueue: 	at com.facebook.orca.inject.binder.AnnotatedBindingBuilderImpl.a(AnnotatedBindingBuilderImpl.java:22)
07-14 15:08:55.399 18784 18784 W nalizableReferenceQueue: 	at com.facebook.orca.app.FbBaseModule.a(FbBaseModule.java:75)
07-14 15:08:55.399 18784 18784 W nalizableReferenceQueue: 	at com.facebook.orca.inject.AbstractModule.a(AbstractModule.java:19)
07-14 15:08:55.399 18784 18784 W nalizableReferenceQueue: 	at com.facebook.orca.inject.FbInjectorImpl.a(FbInjectorImpl.java:63)
07-14 15:08:55.399 18784 18784 W nalizableReferenceQueue: 	at com.facebook.orca.inject.FbInjectorImpl.<init>(FbInjectorImpl.java:41)
07-14 15:08:55.399 18784 18784 W nalizableReferenceQueue: 	at com.facebook.orca.inject.FbInjector.a(FbInjector.java:40)
07-14 15:08:55.399 18784 18784 W nalizableReferenceQueue: 	at com.facebook.katana.FacebookApplication.onCreate(FacebookApplication.java:102)
07-14 15:08:55.399 18784 18784 W nalizableReferenceQueue: 	at android.app.Instrumentation.callApplicationOnCreate(Instrumentation.java:969)
07-14 15:08:55.399 18784 18784 W nalizableReferenceQueue: 	at android.app.ActivityThread.handleBindApplication(ActivityThread.java:3954)
07-14 15:08:55.399 18784 18784 W nalizableReferenceQueue: 	at android.app.ActivityThread.access$1300(ActivityThread.java:123)
07-14 15:08:55.399 18784 18784 W nalizableReferenceQueue: 	at android.app.ActivityThread$H.handleMessage(ActivityThread.java:1185)
07-14 15:08:55.399 18784 18784 W nalizableReferenceQueue: 	at android.os.Handler.dispatchMessage(Handler.java:99)
07-14 15:08:55.399 18784 18784 W nalizableReferenceQueue: 	at android.os.Looper.loop(Looper.java:137)
07-14 15:08:55.399 18784 18784 W nalizableReferenceQueue: 	at android.app.ActivityThread.main(ActivityThread.java:4424)
07-14 15:08:55.399 18784 18784 W nalizableReferenceQueue: 	at java.lang.reflect.Method.invokeNative(Native Method)
07-14 15:08:55.399 18784 18784 W nalizableReferenceQueue: 	at java.lang.reflect.Method.invoke(Method.java:511)
07-14 15:08:55.399 18784 18784 W nalizableReferenceQueue: 	at com.android.internal.os.ZygoteInit$MethodAndArgsCaller.run(ZygoteInit.java:784)
07-14 15:08:55.399 18784 18784 W nalizableReferenceQueue: 	at com.android.internal.os.ZygoteInit.main(ZygoteInit.java:551)
07-14 15:08:55.399 18784 18784 W nalizableReferenceQueue: 	at dalvik.system.NativeStart.main(Native Method)
07-14 15:08:55.399 18784 18784 I Finalizer: Couldn't access Thread.inheritableThreadLocals. Reference finalizer threads will inherit thread local values.
07-14 15:08:55.438 18784 18787 D dalvikvm: GC_CONCURRENT freed 336K, 5% free 9891K/10311K, paused 2ms+2ms
07-14 15:08:55.704 18784 18787 D dalvikvm: GC_CONCURRENT freed 427K, 5% free 10020K/10503K, paused 2ms+3ms
07-14 15:08:55.962 18784 18787 D dalvikvm: GC_CONCURRENT freed 433K, 5% free 10127K/10631K, paused 17ms+2ms
07-14 15:08:56.477 18784 18787 D dalvikvm: GC_CONCURRENT freed 303K, 4% free 10277K/10695K, paused 3ms+3ms
07-14 15:08:56.540 18708 18710 D dalvikvm: GC_CONCURRENT freed 657K, 8% free 11474K/12359K, paused 84ms+2ms
07-14 15:08:57.040 18784 18802 W Resources: Converting to string: TypedValue{t=0x10/d=0xffffffff a=-1}
07-14 15:08:58.274 18708 18710 D dalvikvm: GC_CONCURRENT freed 739K, 8% free 11488K/12359K, paused 2ms+2ms
07-14 15:08:58.442 18708 18710 D dalvikvm: GC_CONCURRENT freed 709K, 7% free 11518K/12359K, paused 2ms+3ms
07-14 15:08:58.806 18708 18710 D dalvikvm: GC_CONCURRENT freed 688K, 7% free 11537K/12359K, paused 8ms+2ms
07-14 15:09:00.177 18708 18710 D dalvikvm: GC_CONCURRENT freed 801K, 8% free 11488K/12423K, paused 2ms+3ms
07-14 15:09:05.145 18708 18710 D dalvikvm: GC_CONCURRENT freed 700K, 8% free 11482K/12423K, paused 2ms+3ms
07-14 15:09:05.493 18708 18710 D dalvikvm: GC_CONCURRENT freed 618K, 7% free 11559K/12423K, paused 2ms+3ms
07-14 15:09:05.579 18708 18730 D dalvikvm: GC_FOR_ALLOC freed 360K, 7% free 11620K/12423K, paused 26ms
07-14 15:09:05.610 18708 18730 D dalvikvm: GC_FOR_ALLOC freed 71K, 8% free 11671K/12551K, paused 26ms
07-14 15:09:05.638 18708 18730 D dalvikvm: GC_FOR_ALLOC freed 121K, 9% free 11637K/12679K, paused 27ms
07-14 15:09:06.470 18708 18710 D dalvikvm: GC_CONCURRENT freed 802K, 9% free 11579K/12679K, paused 2ms+3ms
07-14 15:09:06.958 18708 18710 D dalvikvm: GC_CONCURRENT freed 843K, 10% free 11463K/12679K, paused 6ms+2ms
07-14 15:09:07.239 18708 18710 D dalvikvm: GC_CONCURRENT freed 706K, 10% free 11444K/12679K, paused 2ms+3ms
07-14 15:09:07.423 18708 18710 D dalvikvm: GC_CONCURRENT freed 567K, 9% free 11564K/12679K, paused 2ms+5ms
07-14 15:09:07.587 18708 18710 D dalvikvm: GC_CONCURRENT freed 527K, 8% free 11782K/12679K, paused 2ms+3ms
07-14 15:09:07.763 18708 18710 D dalvikvm: GC_CONCURRENT freed 844K, 8% free 11794K/12743K, paused 2ms+3ms
07-14 15:09:07.942 18708 18710 D dalvikvm: GC_CONCURRENT freed 1304K, 12% free 11328K/12743K, paused 3ms+3ms
07-14 15:09:08.610 18708 18727 I SyncService: sync service finished (15:09:08)
07-14 15:09:12.231   144   402 D AlarmManagerService: Kernel timezone updated to 240 minutes west of GMT
07-14 15:09:12.235   344   344 D SystemClock: Setting time of day to sec=1342292952
07-14 15:09:12.094   144   156 I ActivityManager: Start proc com.android.deskclock for broadcast com.android.deskclock/.AlarmInitReceiver: pid=18808 uid=10011 gids={}
07-14 15:09:12.125   144  9303 I ActivityManager: Start proc com.android.providers.calendar for content provider com.android.providers.calendar/.CalendarProvider2: pid=18821 uid=10006 gids={3003, 1015}
07-14 15:09:12.168 18808 18808 I ActivityThread: Pub com.android.deskclock: com.android.deskclock.AlarmProvider
07-14 15:09:12.246 18821 18821 I ActivityThread: Pub com.android.calendar: com.android.providers.calendar.CalendarProvider2
07-14 15:09:12.355 18808 18834 V AlarmClock: AlarmInitReceiver finished
07-14 15:09:12.516   144  7984 D dalvikvm: GC_EXPLICIT freed 932K, 27% free 18222K/24711K, paused 18ms+8ms
07-14 15:09:12.519   144   155 I ActivityManager: Process com.google.android.gm (pid 18276) has died.
07-14 15:09:13.594 18821 18821 I CalendarProvider2: Sending notification intent: Intent { act=android.intent.action.PROVIDER_CHANGED dat=content://com.android.calendar }
07-14 15:09:13.617 18821 18821 W ContentResolver: Failed to get type for: content://com.android.calendar (Unknown URL content://com.android.calendar)
07-14 15:09:14.309 18446 18459 I PhoneLab-: Service Running
07-14 15:09:14.437 18446 18459 I PhoneLab-LoggerService: app_37    1373  1     1440   980   c00f181c 400107b4 S logcat
07-14 15:09:14.437 18446 18459 I PhoneLab-LoggerService: Logcat pid from database 1373
07-14 15:09:14.437 18446 18459 I PhoneLab-LoggerService: Logcat process found 1373
07-14 15:09:14.437 18446 18459 I PhoneLab-LoggerService: Checking Threshold
07-14 15:09:21.043   144   323 D AlarmManagerService: Kernel timezone updated to 240 minutes west of GMT
07-14 15:09:24.012 18615 18616 D dalvikvm: GC_CONCURRENT freed 498K, 7% free 10285K/10951K, paused 2ms+7ms
07-14 15:09:24.070 17537 17541 D dalvikvm: GC_CONCURRENT freed 533K, 8% free 10217K/11015K, paused 2ms+2ms
07-14 15:09:31.867 15163 15177 D GetStringObjTask: retrieving from url = http://www.chess.com/api/get_move_status?id=5HHjW9WUGa%2Bcu1LUwnVJPxTIWxmEve4VdkRnRyg7b5Ch69JH2Z5aB%2B7eGuFw8K2uFx47KFsdE3JRdR3Mzv0PkZOj6eZ8N73BvxmEERrzXjMNRo80rkLyJAUTh0iqof4n
07-14 15:09:32.148 15163 15177 D GetStringObjTask: WebRequest SERVER RESPONSE: Success+0
07-14 15:09:53.723   144   326 D AlarmManagerService: Kernel timezone updated to 240 minutes west of GMT
07-14 15:10:00.101   214   216 D dalvikvm: GC_CONCURRENT freed 387K, 56% free 9718K/22023K, paused 2ms+4ms
07-14 15:10:24.152 17537 17541 D dalvikvm: GC_CONCURRENT freed 375K, 8% free 10232K/11015K, paused 7ms+15ms
07-14 15:10:24.316 17537 17541 D dalvikvm: GC_CONCURRENT freed 196K, 6% free 10439K/11015K, paused 10ms+9ms
07-14 15:10:24.437   144   376 I ActivityManager: Process com.whatsapp (pid 18382) has died.
07-14 15:10:24.437   144   376 W ActivityManager: Scheduling restart of crashed service com.whatsapp/.messaging.MessageService in 5000ms
07-14 15:10:29.500   144   161 I ActivityManager: Start proc com.whatsapp for service com.whatsapp/.messaging.MessageService: pid=18848 uid=10068 gids={1015, 3003}
07-14 15:10:29.508 18848 18848 I dalvikvm: Turning on JNI app bug workarounds for target SDK version 7...
07-14 15:10:29.738 18848 18851 D dalvikvm: GC_CONCURRENT freed 167K, 3% free 9371K/9607K, paused 4ms+2ms
07-14 15:10:30.215 18848 18851 D dalvikvm: GC_CONCURRENT freed 303K, 4% free 9614K/9991K, paused 5ms+4ms
07-14 15:10:30.699 18848 18848 I dalvikvm: Could not find method android.media.MediaMetadataRetriever.captureFrame, referenced from method com.whatsapp.q3.a
07-14 15:10:30.699 18848 18848 W dalvikvm: VFY: unable to resolve virtual method 502: Landroid/media/MediaMetadataRetriever;.captureFrame ()Landroid/graphics/Bitmap;
07-14 15:10:30.699 18848 18848 D dalvikvm: VFY: replacing opcode 0x6e at 0x0134
07-14 15:10:30.832   144  7984 I ActivityManager: Process com.google.android.apps.plus (pid 18132) has died.
07-14 15:10:30.871 18848 18851 D dalvikvm: GC_CONCURRENT freed 441K, 6% free 9732K/10247K, paused 2ms+3ms
07-14 15:10:31.098 18848 18851 D dalvikvm: GC_CONCURRENT freed 230K, 4% free 9996K/10311K, paused 2ms+5ms
07-14 15:10:32.316 18848 18851 D dalvikvm: GC_CONCURRENT freed 476K, 6% free 9963K/10567K, paused 3ms+3ms
07-14 15:10:32.785 18848 18851 D dalvikvm: GC_CONCURRENT freed 320K, 6% free 10030K/10567K, paused 13ms+2ms
07-14 15:10:33.226 18848 18851 D dalvikvm: GC_CONCURRENT freed 290K, 5% free 10142K/10567K, paused 2ms+4ms
07-14 15:11:04.668 18192 18901 I DatabaseHelper: Begin cleanup.
07-14 15:11:04.703 18192 18194 D dalvikvm: GC_CONCURRENT freed 752K, 14% free 11629K/13447K, paused 2ms+9ms
07-14 15:11:04.910 18192 18901 I DatabaseHelper: Cleaned up: 0
07-14 15:11:14.309 18446 18459 I PhoneLab-: Service Running
07-14 15:11:14.410 18446 18459 I PhoneLab-LoggerService: app_37    1373  1     1440   980   c00f181c 400107b4 S logcat
07-14 15:11:14.414 18446 18459 I PhoneLab-LoggerService: Logcat pid from database 1373
07-14 15:11:14.414 18446 18459 I PhoneLab-LoggerService: Logcat process found 1373
07-14 15:11:14.414 18446 18459 I PhoneLab-LoggerService: Checking Threshold
07-14 15:11:24.043 18615 18616 D dalvikvm: GC_CONCURRENT freed 506K, 7% free 10291K/10951K, paused 2ms+3ms
07-14 15:11:24.148 17537 17541 D dalvikvm: GC_CONCURRENT freed 706K, 8% free 10298K/11079K, paused 2ms+3ms
07-14 15:12:18.109 18708 18710 D dalvikvm: GC_CONCURRENT freed 520K, 11% free 11449K/12743K, paused 25ms+2ms
07-14 15:12:24.152 17537 18909 D dalvikvm: GC_FOR_ALLOC freed 311K, 8% free 10241K/11079K, paused 20ms
07-14 15:13:14.309 18446 18459 I PhoneLab-: Service Running
07-14 15:13:14.402 18446 18459 I PhoneLab-LoggerService: app_37    1373  1     1440   980   c00f181c 400107b4 S logcat
07-14 15:13:14.402 18446 18459 I PhoneLab-LoggerService: Logcat pid from database 1373
07-14 15:13:14.402 18446 18459 I PhoneLab-LoggerService: Logcat process found 1373
07-14 15:13:14.402 18446 18459 I PhoneLab-LoggerService: Checking Threshold
07-14 15:13:24.223 18615 18616 D dalvikvm: GC_CONCURRENT freed 507K, 6% free 10295K/10951K, paused 2ms+2ms
07-14 15:13:24.348 17537 17541 D dalvikvm: GC_CONCURRENT freed 434K, 7% free 10319K/11079K, paused 2ms+4ms
07-14 15:13:48.976 18446 18446 I PhoneLab-Locks: wake lock acquired
07-14 15:13:49.031 18446 18913 I PhoneLab-PeriodicCheckService: User info is synched
07-14 15:13:49.035 18446 18913 I PhoneLab-PeriodicCheckService: Logger Service is running
07-14 15:13:49.039 18446 18446 I PhoneLab-Locks: wake lock acquired
07-14 15:13:49.043 18446 18446 I PhoneLab-StatusMonitor: Status Monitoring is started
07-14 15:13:49.047 18446 18913 I PhoneLab-Locks: wake lock acquired
07-14 15:13:49.051 18446 18913 I PhoneLab-PeriodicCheckService: Rescheduling periodic checking...
07-14 15:13:49.051 18446 18913 I PhoneLab-Locks: wake lock released
07-14 15:13:49.062 18446 18446 E PhoneLab-PhoneLabManifest: java.io.FileNotFoundException: /data/data/edu.buffalo.cse.phonelab.phonelabservices/files/manifest.xml: open failed: ENOENT (No such file or directory)
