07-14 12:33:00.359 11692 11705 I PhoneLab-: Service Running
07-14 12:33:00.824 11692 11705 I PhoneLab-LoggerService: app_37    1373  1     1440   992   c00f181c 400107b4 S logcat
07-14 12:33:00.828 11692 11705 I PhoneLab-LoggerService: Logcat pid from database 1373
07-14 12:33:00.828 11692 11705 I PhoneLab-LoggerService: Logcat process found 1373
07-14 12:33:00.828 11692 11705 I PhoneLab-LoggerService: Checking Threshold
07-14 12:33:00.828 11692 11705 I PhoneLab-LoggerService: Starting to rename files
07-14 12:33:00.828 11692 11705 I PhoneLab-LoggerService: Files found .. 2
07-14 12:33:00.828 11692 11705 I PhoneLab-LoggerService: File 1 log.out.1
07-14 12:33:00.832 11692 11705 I PhoneLab-LoggerService: Renamed successfully
07-14 12:33:00.836 11692 11705 I PhoneLab-: Service Running
07-14 12:33:00.867 11692 11705 I PhoneLab-LoggerService: app_37    1373  1     1440   992   c00f181c 400107b4 S logcat
07-14 12:33:00.867 11692 11705 I PhoneLab-LoggerService: Logcat pid from database 1373
07-14 12:33:00.867 11692 11705 I PhoneLab-LoggerService: Logcat process found 1373
07-14 12:33:00.867 11692 11705 I PhoneLab-LoggerService: Checking Threshold
07-14 12:33:00.867 11692 11705 I PhoneLab-LoggerService: Starting to rename files
07-14 12:33:00.871 11692 11705 I PhoneLab-LoggerService: Files found .. 2
07-14 12:33:01.343 12865 12879 D GetStringObjTask: WebRequest SERVER RESPONSE: Success+0
07-14 12:33:19.488   144   155 D AlarmManagerService: Kernel timezone updated to 240 minutes west of GMT
07-14 12:33:19.492   344   344 D SystemClock: Setting time of day to sec=1342283599
07-14 12:33:19.102   144   161 I ActivityManager: Start proc com.android.calendar for broadcast com.android.calendar/.widget.CalendarAppWidgetService$CalendarFactory: pid=12884 uid=10005 gids={3003}
07-14 12:33:19.196 12884 12884 I ActivityThread: Pub com.android.calendar.CalendarRecentSuggestionsProvider: com.android.calendar.CalendarRecentSuggestionsProvider
07-14 12:33:19.313   144 10051 I ActivityManager: Start proc com.android.deskclock for broadcast com.android.deskclock/.AlarmInitReceiver: pid=12900 uid=10011 gids={}
07-14 12:33:19.356    79    79 D dalvikvm: GC_EXPLICIT freed 37K, 4% free 9031K/9347K, paused 9ms+2ms
07-14 12:33:19.375    79    79 D dalvikvm: GC_EXPLICIT freed <1K, 4% free 9031K/9347K, paused 2ms+2ms
07-14 12:33:19.395    79    79 D dalvikvm: GC_EXPLICIT freed <1K, 4% free 9031K/9347K, paused 2ms+2ms
07-14 12:33:19.403   144   144 I ActivityManager: Start proc com.android.providers.calendar for content provider com.android.providers.calendar/.CalendarProvider2: pid=12913 uid=10006 gids={3003, 1015}
07-14 12:33:19.438 12900 12900 I ActivityThread: Pub com.android.deskclock: com.android.deskclock.AlarmProvider
07-14 12:33:19.489 12913 12913 I ActivityThread: Pub com.android.calendar: com.android.providers.calendar.CalendarProvider2
07-14 12:33:19.551 12900 12926 V AlarmClock: AlarmInitReceiver finished
07-14 12:33:20.657 12913 12913 I CalendarProvider2: Sending notification intent: Intent { act=android.intent.action.PROVIDER_CHANGED dat=content://com.android.calendar }
07-14 12:33:20.661 12913 12913 W ContentResolver: Failed to get type for: content://com.android.calendar (Unknown URL content://com.android.calendar)
07-14 12:33:21.813   344   344 D SAN_SERVICE: *******************************************
07-14 12:33:21.813   344   344 D SAN_SERVICE: DM App Phone Service State - 0
07-14 12:33:21.813   344   344 D SAN_SERVICE: *******************************************
07-14 12:33:22.571   344   344 D SAN_SERVICE: *******************************************
07-14 12:33:22.571   344   344 D SAN_SERVICE: DM App Phone Service State - 0
07-14 12:33:22.575   344   344 D SAN_SERVICE: *******************************************
07-14 12:33:22.864   344   347 D dalvikvm: GC_CONCURRENT freed 855K, 15% free 12026K/14087K, paused 2ms+15ms
07-14 12:33:22.883   144   323 D dalvikvm: GC_EXPLICIT freed 1853K, 24% free 18819K/24711K, paused 3ms+18ms
07-14 12:33:23.075   344   344 D SAN_SERVICE: *******************************************
07-14 12:33:23.075   344   344 D SAN_SERVICE: DM App Phone Service State - 0
07-14 12:33:23.075   344   344 D SAN_SERVICE: *******************************************
07-14 12:33:23.586   344   344 D SAN_SERVICE: *******************************************
07-14 12:33:23.586   344   344 D SAN_SERVICE: DM App Phone Service State - 0
07-14 12:33:23.586   344   344 D SAN_SERVICE: *******************************************
07-14 12:33:23.872   344   344 D SAN_SERVICE: *******************************************
07-14 12:33:23.872   344   344 D SAN_SERVICE: DM App Phone Service State - 0
07-14 12:33:23.872   344   344 D SAN_SERVICE: *******************************************
07-14 12:34:03.015   144   173 I ActivityManager: Start proc com.google.android.apps.plus for service com.google.android.apps.plus/.service.EsService: pid=12936 uid=10060 gids={3003, 3002, 1015, 1006}
07-14 12:34:03.043   144   161 I ActivityManager: Start proc com.facebook.orca for broadcast com.facebook.orca/.analytics.HoneyAnalyticsPeriodicReporter$ReporterBroadcastReceiver: pid=12949 uid=10062 gids={3003, 1015, 1006}
07-14 12:34:03.062 12949 12949 I dalvikvm: Turning on JNI app bug workarounds for target SDK version 10...
07-14 12:34:03.492 12936 12937 D dalvikvm: GC_CONCURRENT freed 152K, 3% free 9384K/9607K, paused 2ms+2ms
07-14 12:34:03.507 12949 12949 I ActivityThread: Pub com.facebook.orca.notify.MessengerLoggedInUserProvider: com.facebook.orca.notify.MessengerLoggedInUserProvider
07-14 12:34:03.523 12949 12949 I ActivityThread: Pub com.facebook.orca.notify.MessengerForegroundProvider: com.facebook.orca.notify.MessengerForegroundProvider
07-14 12:34:03.531 12949 12949 V orca:OrcaApplication: Forcing initialization of AsyncTask
07-14 12:34:03.640 12936 12936 I ActivityThread: Pub com.google.android.apps.plus.content.ApiProvider: com.google.android.apps.plus.content.EsApiProvider
07-14 12:34:03.703 12936 12936 I ActivityThread: Pub com.google.android.apps.plus.content.EsGooglePhotoProvider: com.google.android.picasasync.PicasaContentProvider
07-14 12:34:03.800 12949 12951 D dalvikvm: GC_CONCURRENT freed 205K, 4% free 9317K/9607K, paused 4ms+4ms
07-14 12:34:03.804 12949 12949 I Finalizer: Couldn't access Thread.inheritableThreadLocals. Reference finalizer threads will inherit thread local values.
07-14 12:34:03.871 12936 12937 D dalvikvm: GC_CONCURRENT freed 335K, 5% free 9581K/9991K, paused 1ms+8ms
07-14 12:34:03.914 12936 12936 I ActivityThread: Pub com.google.android.apps.plus.content.EsPicasaStoreProvider: com.google.android.picasastore.PicasaPhotoContentProvider
07-14 12:34:03.933   144   173 I ActivityManager: Start proc com.google.android.maps.mytracks for service com.google.android.maps.mytracks/com.google.android.apps.mytracks.services.RemoveTempFilesService: pid=12964 uid=10072 gids={3002, 3001, 3003, 1015}
07-14 12:34:03.941 12936 12936 I ActivityThread: Pub com.google.plus.platform: com.google.android.apps.plus.content.AdsProvider
07-14 12:34:03.941 12936 12936 I ActivityThread: Pub com.google.android.apps.plus.iu.EsGoogleIuProvider: com.google.android.apps.plus.iu.InstantUploadProvider
07-14 12:34:04.043 12936 12937 D dalvikvm: GC_CONCURRENT freed 500K, 6% free 9609K/10183K, paused 2ms+2ms
07-14 12:34:04.046 12936 12936 I ActivityThread: Pub com.google.android.apps.plus.content.EsProvider: com.google.android.apps.plus.content.EsProvider
07-14 12:34:04.101 12949 12951 D dalvikvm: GC_CONCURRENT freed 378K, 5% free 9465K/9927K, paused 2ms+2ms
07-14 12:34:04.183 12936 12971 D PicasaPhotoCP: set fsid first time:-1
07-14 12:34:04.246 12949 12949 W OrcaGuiceModule: Sig: ijxLJi1yGs1JpL-X1SExmchvork
07-14 12:34:04.308 12964 12964 I ActivityThread: Pub com.google.android.maps.mytracks.search: com.google.android.apps.mytracks.content.SearchEngineProvider
07-14 12:34:04.308 12964 12964 I ActivityThread: Pub com.google.android.maps.mytracks: com.google.android.apps.mytracks.content.MyTracksProvider
07-14 12:34:04.339 12964 12964 D MyTracks: Enabling strict mode
07-14 12:34:04.359 12949 12951 D dalvikvm: GC_CONCURRENT freed 365K, 5% free 9611K/10055K, paused 2ms+3ms
07-14 12:34:04.593 12964 12967 D dalvikvm: GC_CONCURRENT freed 324K, 5% free 9186K/9607K, paused 2ms+1ms
07-14 12:34:04.648 12936 12937 D dalvikvm: GC_CONCURRENT freed 243K, 3% free 9946K/10247K, paused 5ms+3ms
07-14 12:34:04.765 12936 12937 D dalvikvm: GC_CONCURRENT freed 164K, 3% free 10314K/10567K, paused 2ms+3ms
07-14 12:34:04.789 12964 12964 D StrictMode: StrictMode policy violation; ~duration=418 ms: android.os.StrictMode$StrictModeDiskWriteViolation: policy=21 violation=1
07-14 12:34:04.789 12964 12964 D StrictMode: 	at android.os.StrictMode$AndroidBlockGuardPolicy.onWriteToDisk(StrictMode.java:1063)
07-14 12:34:04.789 12964 12964 D StrictMode: 	at android.database.sqlite.SQLiteStatement.acquireAndLock(SQLiteStatement.java:226)
07-14 12:34:04.789 12964 12964 D StrictMode: 	at android.database.sqlite.SQLiteStatement.executeUpdateDelete(SQLiteStatement.java:84)
07-14 12:34:04.789 12964 12964 D StrictMode: 	at android.database.sqlite.SQLiteDatabase.executeSql(SQLiteDatabase.java:1899)
07-14 12:34:04.789 12964 12964 D StrictMode: 	at android.database.sqlite.SQLiteDatabase.execSQL(SQLiteDatabase.java:1839)
07-14 12:34:04.789 12964 12964 D StrictMode: 	at android.database.sqlite.SQLiteDatabase.setPageSize(SQLiteDatabase.java:1297)
07-14 12:34:04.789 12964 12964 D StrictMode: 	at android.database.sqlite.SQLiteDatabase.openDatabase(SQLiteDatabase.java:995)
07-14 12:34:04.789 12964 12964 D StrictMode: 	at android.database.sqlite.SQLiteDatabase.openOrCreateDatabase(SQLiteDatabase.java:1051)
07-14 12:34:04.789 12964 12964 D StrictMode: 	at android.app.ContextImpl.openOrCreateDatabase(ContextImpl.java:770)
07-14 12:34:04.789 12964 12964 D StrictMode: 	at android.content.ContextWrapper.openOrCreateDatabase(ContextWrapper.java:221)
07-14 12:34:04.789 12964 12964 D StrictMode: 	at android.database.sqlite.SQLiteOpenHelper.getWritableDatabase(SQLiteOpenHelper.java:157)
07-14 12:34:04.789 12964 12964 D StrictMode: 	at com.google.android.apps.analytics.v.<init>(Unknown Source)
07-14 12:34:04.789 12964 12964 D StrictMode: 	at com.google.android.apps.analytics.v.<init>(Unknown Source)
07-14 12:34:04.789 12964 12964 D StrictMode: 	at com.google.android.apps.analytics.i.a(Unknown Source)
07-14 12:34:04.789 12964 12964 D StrictMode: 	at com.google.android.apps.mytracks.b.a.a(MT:43)
07-14 12:34:04.789 12964 12964 D StrictMode: 	at com.google.android.apps.mytracks.MyTracksApplication.onCreate(MT:42)
07-14 12:34:04.789 12964 12964 D StrictMode: 	at android.app.Instrumentation.callApplicationOnCreate(Instrumentation.java:969)
07-14 12:34:04.789 12964 12964 D StrictMode: 	at android.app.ActivityThread.handleBindApplication(ActivityThread.java:3954)
07-14 12:34:04.789 12964 12964 D StrictMode: 	at android.app.ActivityThread.access$1300(ActivityThread.java:123)
07-14 12:34:04.789 12964 12964 D StrictMode: 	at android.app.ActivityThread$H.handleMessage(ActivityThread.java:1185)
07-14 12:34:04.789 12964 12964 D StrictMode: 	at android.os.Handler.dispatchMessage(Handler.java:99)
07-14 12:34:04.789 12964 12964 D StrictMode: 	at android.os.Looper.loop(Looper.java:137)
07-14 12:34:04.789 12964 12964 D StrictMode: 	at android.app.ActivityThread.main(ActivityThread.java:4424)
07-14 12:34:04.789 12964 12964 D StrictMode: 	at java.lang.reflect.Method.invokeNative(Native Method)
07-14 12:34:04.789 12964 12964 D StrictMode: 	at java.lang.reflect.Method.invoke(Method.java:511)
07-14 12:34:04.789 12964 12964 D StrictMode: 	at com.android.internal.os.ZygoteInit$MethodAndArgsCaller.run(ZygoteInit.java:784)
07-14 12:34:04.789 12964 12964 D StrictMode: 	at com.android.internal.os.ZygoteInit.main(ZygoteInit.java:551)
07-14 12:34:04.789 12964 12964 D StrictMode: 	at dalvik.system.NativeStart.main(Native Method)
07-14 12:34:04.789 12964 12964 D StrictMode: StrictMode policy violation; ~duration=390 ms: android.os.StrictMode$StrictModeDiskWriteViolation: policy=21 violation=1
07-14 12:34:04.789 12964 12964 D StrictMode: 	at android.os.StrictMode$AndroidBlockGuardPolicy.onWriteToDisk(StrictMode.java:1063)
07-14 12:34:04.789 12964 12964 D StrictMode: 	at android.database.sqlite.SQLiteStatement.acquireAndLock(SQLiteStatement.java:226)
07-14 12:34:04.789 12964 12964 D StrictMode: 	at android.database.sqlite.SQLiteStatement.executeUpdateDelete(SQLiteStatement.java:84)
07-14 12:34:04.789 12964 12964 D StrictMode: 	at android.database.sqlite.SQLiteDatabase.executeSql(SQLiteDatabase.java:1899)
07-14 12:34:04.789 12964 12964 D StrictMode: 	at android.database.sqlite.SQLiteDatabase.execSQL(SQLiteDatabase.java:1839)
07-14 12:34:04.789 12964 12964 D StrictMode: 	at android.database.sqlite.SQLiteDatabase.beginTransaction(SQLiteDatabase.java:659)
07-14 12:34:04.789 12964 12964 D StrictMode: 	at android.database.sqlite.SQLiteDatabase.beginTransaction(SQLiteDatabase.java:552)
07-14 12:34:04.789 12964 12964 D StrictMode: 	at com.google.android.apps.analytics.v.a(Unknown Source)
07-14 12:34:04.789 12964 12964 D StrictMode: 	at com.google.android.apps.analytics.i.a(Unknown Source)
07-14 12:34:04.789 12964 12964 D StrictMode: 	at com.google.android.apps.mytracks.b.a.a(MT:45)
07-14 12:34:04.789 12964 12964 D StrictMode: 	at com.google.android.apps.mytracks.MyTracksApplication.onCreate(MT:42)
07-14 12:34:04.789 12964 12964 D StrictMode: 	at android.app.Instrumentation.callApplicationOnCreate(Instrumentation.java:969)
07-14 12:34:04.789 12964 12964 D StrictMode: 	at android.app.ActivityThread.handleBindApplication(ActivityThread.java:3954)
07-14 12:34:04.789 12964 12964 D StrictMode: 	at android.app.ActivityThread.access$1300(ActivityThread.java:123)
07-14 12:34:04.789 12964 12964 D StrictMode: 	at android.app.ActivityThread$H.handleMessage(ActivityThread.java:1185)
07-14 12:34:04.789 12964 12964 D StrictMode: 	at android.os.Handler.dispatchMessage(Handler.java:99)
07-14 12:34:04.789 12964 12964 D StrictMode: 	at android.os.Looper.loop(Looper.java:137)
07-14 12:34:04.789 12964 12964 D StrictMode: 	at android.app.ActivityThread.main(ActivityThread.java:4424)
07-14 12:34:04.789 12964 12964 D StrictMode: 	at java.lang.reflect.Method.invokeNative(Native Method)
07-14 12:34:04.789 12964 12964 D StrictMode: 	at java.lang.reflect.Method.invoke(Method.java:511)
07-14 12:34:04.789 12964 12964 D StrictMode: 	at com.android.internal.os.ZygoteInit$MethodAndArgsCaller.run(ZygoteInit.java:784)
07-14 12:34:04.789 12964 12964 D StrictMode: 	at com.android.internal.os.ZygoteInit.main(ZygoteInit.java:551)
07-14 12:34:04.789 12964 12964 D StrictMode: 	at dalvik.system.NativeStart.main(Native Method)
07-14 12:34:04.789 12964 12964 D StrictMode: StrictMode policy violation; ~duration=387 ms: android.os.StrictMode$StrictModeDiskWriteViolation: policy=21 violation=1
07-14 12:34:04.789 12964 12964 D StrictMode: 	at android.os.StrictMode$AndroidBlockGuardPolicy.onWriteToDisk(StrictMode.java:1063)
07-14 12:34:04.789 12964 12964 D StrictMode: 	at android.database.sqlite.SQLiteStatement.acquireAndLock(SQLiteStatement.java:226)
07-14 12:34:04.789 12964 12964 D StrictMode: 	at android.database.sqlite.SQLiteStatement.executeUpdateDelete(SQLiteStatement.java:84)
07-14 12:34:04.789 12964 12964 D StrictMode: 	at android.database.sqlite.SQLiteDatabase.delete(SQLiteDatabase.java:1741)
07-14 12:34:04.789 12964 12964 D StrictMode: 	at com.google.android.apps.analytics.v.a(Unknown Source)
07-14 12:34:04.789 12964 12964 D StrictMode: 	at com.google.android.apps.analytics.i.a(Unknown Source)
07-14 12:34:04.789 12964 12964 D StrictMode: 	at com.google.android.apps.mytracks.b.a.a(MT:45)
07-14 12:34:04.789 12964 12964 D StrictMode: 	at com.google.android.apps.mytracks.MyTracksApplication.onCreate(MT:42)
07-14 12:34:04.789 12964 12964 D StrictMode: 	at android.app.Instrumentation.callApplicationOnCreate(Instrumentation.java:969)
07-14 12:34:04.789 12964 12964 D StrictMode: 	at android.app.ActivityThread.handleBindApplication(ActivityThread.java:3954)
07-14 12:34:04.789 12964 12964 D StrictMode: 	at android.app.ActivityThread.access$1300(ActivityThread.java:123)
07-14 12:34:04.789 12964 12964 D StrictMode: 	at android.app.ActivityThread$H.handleMessage(ActivityThread.java:1185)
07-14 12:34:04.789 12964 12964 D StrictMode: 	at android.os.Handler.dispatchMessage(Handler.java:99)
07-14 12:34:04.789 12964 12964 D StrictMode: 	at android.os.Looper.loop(Looper.java:137)
07-14 12:34:04.789 12964 12964 D StrictMode: 	at android.app.ActivityThread.main(ActivityThread.java:4424)
07-14 12:34:04.789 12964 12964 D StrictMode: 	at java.lang.reflect.Method.invokeNative(Native Method)
07-14 12:34:04.789 12964 12964 D StrictMode: 	at java.lang.reflect.Method.invoke(Method.java:511)
07-14 12:34:04.789 12964 12964 D StrictMode: 	at com.android.internal.os.ZygoteInit$MethodAndArgsCaller.run(ZygoteInit.java:784)
07-14 12:34:04.789 12964 12964 D StrictMode: 	at com.android.internal.os.ZygoteInit.main(ZygoteInit.java:551)
07-14 12:34:04.789 12964 12964 D StrictMode: 	at dalvik.system.NativeStart.main(Native Method)
07-14 12:34:04.789 12964 12964 D StrictMode: StrictMode policy violation; ~duration=255 ms: android.os.StrictMode$StrictModeDiskWriteViolation: policy=21 violation=1
07-14 12:34:04.789 12964 12964 D StrictMode: 	at android.os.StrictMode$AndroidBlockGuardPolicy.onWriteToDisk(StrictMode.java:1063)
07-14 12:34:04.789 12964 12964 D StrictMode: 	at android.database.sqlite.SQLiteStatement.acquireAndLock(SQLiteStatement.java:226)
07-14 12:34:04.789 12964 12964 D StrictMode: 	at android.database.sqlite.SQLiteStatement.executeInsert(SQLiteStatement.java:112)
07-14 12:34:04.789 12964 12964 D StrictMode: 	at android.database.sqlite.SQLiteDatabase.insertWithOnConflict(SQLiteDatabase.java:1718)
07-14 12:34:04.789 12964 12964 D StrictMode: 	at android.database.sqlite.SQLiteDatabase.insert(SQLiteDatabase.java:1591)
07-14 12:34:04.789 12964 12964 D StrictMode: 	at com.google.android.apps.analytics.v.a(Unknown Source)
07-14 12:34:04.789 12964 12964 D StrictMode: 	at com.google.android.apps.analytics.i.a(Unknown Source)
07-14 12:34:04.789 12964 12964 D StrictMode: 	at com.google.android.apps.mytracks.b.a.a(MT:45)
07-14 12:34:04.789 12964 12964 D StrictMode: 	at com.google.android.apps.mytracks.MyTracksApplication.onCreate(MT:42)
07-14 12:34:04.789 12964 12964 D StrictMode: 	at android.app.Instrumentation.callApplicationOnCreate(Instrumentation.java:969)
07-14 12:34:04.789 12964 12964 D StrictMode: 	at android.app.ActivityThread.handleBindApplication(ActivityThread.java:3954)
07-14 12:34:04.789 12964 12964 D StrictMode: 	at android.app.ActivityThread.access$1300(ActivityThread.java:123)
07-14 12:34:04.789 12964 12964 D StrictMode: 	at android.app.ActivityThread$H.handleMessage(ActivityThread.java:1185)
07-14 12:34:04.789 12964 12964 D StrictMode: 	at android.os.Handler.dispatchMessage(Handler.java:99)
07-14 12:34:04.789 12964 12964 D StrictMode: 	at android.os.Looper.loop(Looper.java:137)
07-14 12:34:04.789 12964 12964 D StrictMode: 	at android.app.ActivityThread.main(ActivityThread.java:4424)
07-14 12:34:04.789 12964 12964 D StrictMode: 	at java.lang.reflect.Method.invokeNative(Native Method)
07-14 12:34:04.789 12964 12964 D StrictMode: 	at java.lang.reflect.Method.invoke(Method.java:511)
07-14 12:34:04.789 12964 12964 D StrictMode: 	at com.android.internal.os.ZygoteInit$MethodAndArgsCaller.run(ZygoteInit.java:784)
07-14 12:34:04.789 12964 12964 D StrictMode: 	at com.android.internal.os.ZygoteInit.main(ZygoteInit.java:551)
07-14 12:34:04.789 12964 12964 D StrictMode: 	at dalvik.system.NativeStart.main(Native Method)
07-14 12:34:04.789 12964 12964 D StrictMode: StrictMode policy violation; ~duration=218 ms: android.os.StrictMode$StrictModeDiskWriteViolation: policy=21 violation=1
07-14 12:34:04.789 12964 12964 D StrictMode: 	at android.os.StrictMode$AndroidBlockGuardPolicy.onWriteToDisk(StrictMode.java:1063)
07-14 12:34:04.789 12964 12964 D StrictMode: 	at android.database.sqlite.SQLiteStatement.acquireAndLock(SQLiteStatement.java:226)
07-14 12:34:04.789 12964 12964 D StrictMode: 	at android.database.sqlite.SQLiteStatement.executeInsert(SQLiteStatement.java:112)
07-14 12:34:04.789 12964 12964 D StrictMode: 	at android.database.sqlite.SQLiteDatabase.insertWithOnConflict(SQLiteDatabase.java:1718)
07-14 12:34:04.789 12964 12964 D StrictMode: 	at android.database.sqlite.SQLiteDatabase.insert(SQLiteDatabase.java:1591)
07-14 12:34:04.789 12964 12964 D StrictMode: 	at com.google.android.apps.analytics.v.a(Unknown Source)
07-14 12:34:04.789 12964 12964 D StrictMode: 	at com.google.android.apps.analytics.v.a(Unknown Source)
07-14 12:34:04.789 12964 12964 D StrictMode: 	at com.google.android.apps.analytics.v.a(Unknown Source)
07-14 12:34:04.789 12964 12964 D StrictMode: 	at com.google.android.apps.analytics.i.a(Unknown Source)
07-14 12:34:04.789 12964 12964 D StrictMode: 	at com.google.android.apps.mytracks.b.a.a(MT:45)
07-14 12:34:04.789 12964 12964 D StrictMode: 	at com.google.android.apps.mytracks.MyTracksApplication.onCreate(MT:42)
07-14 12:34:04.789 12964 12964 D StrictMode: 	at android.app.Instrumentation.callApplicationOnCreate(Instrumentation.java:969)
07-14 12:34:04.789 12964 12964 D StrictMode: 	at android.app.ActivityThread.handleBindApplication(ActivityThread.java:3954)
07-14 12:34:04.789 12964 12964 D StrictMode: 	at android.app.ActivityThread.access$1300(ActivityThread.java:123)
07-14 12:34:04.789 12964 12964 D StrictMode: 	at android.app.ActivityThread$H.handleMessage(ActivityThread.java:1185)
07-14 12:34:04.789 12964 12964 D StrictMode: 	at android.os.Handler.dispatchMessage(Handler.java:99)
07-14 12:34:04.789 12964 12964 D StrictMode: 	at android.os.Looper.loop(Looper.java:137)
07-14 12:34:04.789 12964 12964 D StrictMode: 	at android.app.ActivityThread.main(ActivityThread.java:4424)
07-14 12:34:04.789 12964 12964 D StrictMode: 	at java.lang.reflect.Method.invokeNative(Native Method)
07-14 12:34:04.789 12964 12964 D StrictMode: 	at java.lang.reflect.Method.invoke(Method.java:511)
07-14 12:34:04.789 12964 12964 D StrictMode: 	at com.android.internal.os.ZygoteInit$MethodAndArgsCaller.run(ZygoteInit.java:784)
07-14 12:34:04.789 12964 12964 D StrictMode: 	at com.android.internal.os.ZygoteInit.main(ZygoteInit.java:551)
07-14 12:34:04.789 12964 12964 D StrictMode: 	at dalvik.system.NativeStart.main(Native Method)
07-14 12:34:04.789 12964 12964 D StrictMode: StrictMode policy violation; ~duration=215 ms: android.os.StrictMode$StrictModeDiskWriteViolation: policy=21 violation=1
07-14 12:34:04.789 12964 12964 D StrictMode: 	at android.os.StrictMode$AndroidBlockGuardPolicy.onWriteToDisk(StrictMode.java:1063)
07-14 12:34:04.789 12964 12964 D StrictMode: 	at android.database.sqlite.SQLiteStatement.acquireAndLock(SQLiteStatement.java:226)
07-14 12:34:04.789 12964 12964 D StrictMode: 	at android.database.sqlite.SQLiteStatement.executeUpdateDelete(SQLiteStatement.java:84)
07-14 12:34:04.789 12964 12964 D StrictMode: 	at android.database.sqlite.SQLiteDatabase.executeSql(SQLiteDatabase.java:1899)
07-14 12:34:04.789 12964 12964 D StrictMode: 	at android.database.sqlite.SQLiteDatabase.execSQL(SQLiteDatabase.java:1839)
07-14 12:34:04.789 12964 12964 D StrictMode: 	at android.database.sqlite.SQLiteDatabase.endTransaction(SQLiteDatabase.java:714)
07-14 12:34:04.789 12964 12964 D StrictMode: 	at com.google.android.apps.analytics.v.d(Unknown Source)
07-14 12:34:04.789 12964 12964 D StrictMode: 	at com.google.android.apps.analytics.v.a(Unknown Source)
07-14 12:34:04.789 12964 12964 D StrictMode: 	at com.google.android.apps.analytics.i.a(Unknown Source)
07-14 12:34:04.789 12964 12964 D StrictMode: 	at com.google.android.apps.mytracks.b.a.a(MT:45)
07-14 12:34:04.789 12964 12964 D StrictMode: 	at com.google.android.apps.mytracks.MyTracksApplication.onCreate(MT:42)
07-14 12:34:04.789 12964 12964 D StrictMode: 	at android.app.Instrumentation.callApplicationOnCreate(Instrumentation.java:969)
07-14 12:34:04.789 12964 12964 D StrictMode: 	at android.app.ActivityThread.handleBindApplication(ActivityThread.java:3954)
07-14 12:34:04.789 12964 12964 D StrictMode: 	at android.app.ActivityThread.access$1300(ActivityThread.java:123)
07-14 12:34:04.789 12964 12964 D StrictMode: 	at android.app.ActivityThread$H.handleMessage(ActivityThread.java:1185)
07-14 12:34:04.789 12964 12964 D StrictMode: 	at android.os.Handler.dispatchMessage(Handler.java:99)
07-14 12:34:04.789 12964 12964 D StrictMode: 	at android.os.Looper.loop(Looper.java:137)
07-14 12:34:04.789 12964 12964 D StrictMode: 	at android.app.ActivityThread.main(ActivityThread.java:4424)
07-14 12:34:04.789 12964 12964 D StrictMode: 	at java.lang.reflect.Method.invokeNative(Native Method)
07-14 12:34:04.789 12964 12964 D StrictMode: 	at java.lang.reflect.Method.invoke(Method.java:511)
07-14 12:34:04.789 12964 12964 D StrictMode: 	at com.android.internal.os.ZygoteInit$MethodAndArgsCaller.run(ZygoteInit.java:784)
07-14 12:34:04.789 12964 12964 D StrictMode: 	at com.android.internal.os.ZygoteInit.main(ZygoteInit.java:551)
07-14 12:34:04.789 12964 12964 D StrictMode: 	at dalvik.system.NativeStart.main(Native Method)
07-14 12:34:05.101 12949 12984 W Resources: Converting to string: TypedValue{t=0x10/d=0xffffffff a=-1}
07-14 12:34:05.113 12936 12937 D dalvikvm: GC_CONCURRENT freed 327K, 5% free 10461K/10951K, paused 2ms+2ms
07-14 12:34:05.148 12936 12981 D dalvikvm: GC_FOR_ALLOC freed 0K, 5% free 10461K/10951K, paused 36ms
07-14 12:34:05.152 12936 12981 I dalvikvm-heap: Grow heap (frag case) to 10.533MB for 260112-byte allocation
07-14 12:34:05.246 12949 12951 D dalvikvm: GC_CONCURRENT freed 286K, 4% free 9889K/10247K, paused 2ms+3ms
07-14 12:34:05.339 12949 12949 D ACRA    : Retrieve application default SharedPreferences.
07-14 12:34:05.339 12949 12949 D ACRA    : Set OnSharedPreferenceChangeListener.
07-14 12:34:05.343 12949 12949 D ACRA    : ACRA is enabled for com.facebook.orca, intializing...
07-14 12:34:05.371 12949 12949 D ACRA    : Looking for error files in /data/data/com.facebook.orca/app_acra-reports
07-14 12:34:05.410 12936 12981 D dalvikvm: GC_FOR_ALLOC freed 126K, 6% free 10589K/11207K, paused 215ms
07-14 12:34:05.429 12949 12951 D dalvikvm: GC_CONCURRENT freed 313K, 4% free 10116K/10503K, paused 2ms+2ms
07-14 12:34:05.468 12936 12981 D dalvikvm: GC_FOR_ALLOC freed 311K, 6% free 10582K/11207K, paused 52ms
07-14 12:34:05.492 12949 12984 D dalvikvm: GC_FOR_ALLOC freed 240K, 6% free 10154K/10759K, paused 30ms
07-14 12:34:05.523 12936 12981 D dalvikvm: GC_FOR_ALLOC freed 62K, 6% free 10646K/11207K, paused 48ms
07-14 12:34:05.523 12936 12981 I dalvikvm-heap: Grow heap (frag case) to 10.713MB for 260112-byte allocation
07-14 12:34:05.562 12949 12984 D dalvikvm: GC_FOR_ALLOC freed 135K, 5% free 10258K/10759K, paused 34ms
07-14 12:34:05.578 12936 12981 D dalvikvm: GC_FOR_ALLOC freed 126K, 7% free 10774K/11463K, paused 53ms
07-14 12:34:05.625 12949 12984 D dalvikvm: GC_FOR_ALLOC freed 212K, 6% free 10285K/10887K, paused 35ms
07-14 12:34:05.636 12936 12981 D dalvikvm: GC_FOR_ALLOC freed 307K, 7% free 10765K/11463K, paused 51ms
07-14 12:34:05.691 12936 12981 D dalvikvm: GC_FOR_ALLOC freed 62K, 6% free 10829K/11463K, paused 43ms
07-14 12:34:05.695 12936 12981 I dalvikvm-heap: Grow heap (frag case) to 10.892MB for 260112-byte allocation
07-14 12:34:05.773 12936 12981 D dalvikvm: GC_FOR_ALLOC freed 126K, 7% free 10957K/11719K, paused 50ms
07-14 12:34:05.773 12949 12951 D dalvikvm: GC_CONCURRENT freed 361K, 5% free 10435K/10887K, paused 2ms+7ms
07-14 12:34:06.027 12949 12951 D dalvikvm: GC_CONCURRENT freed 179K, 3% free 10828K/11079K, paused 2ms+4ms
07-14 12:34:06.039 12936 12937 D dalvikvm: GC_CONCURRENT freed 352K, 5% free 11249K/11719K, paused 1ms+3ms
07-14 12:34:06.254 12949 12951 D dalvikvm: GC_CONCURRENT freed 320K, 4% free 11136K/11527K, paused 2ms+3ms
07-14 12:34:06.320 12936 12937 D dalvikvm: GC_CONCURRENT freed 160K, 2% free 11865K/12103K, paused 2ms+7ms
07-14 12:34:06.507 12936 12937 D dalvikvm: GC_CONCURRENT freed 589K, 6% free 12275K/12935K, paused 2ms+3ms
07-14 12:34:06.707 12936 12937 D dalvikvm: GC_CONCURRENT freed 246K, 3% free 13117K/13447K, paused 1ms+2ms
07-14 12:34:06.929 12936 12981 I SqliteDatabaseCpp: sqlite returned: error code = 1, msg = no such column: wipeout_stats, db=/data/data/com.google.android.apps.plus/databases/es0.db
07-14 12:34:06.929 12936 12981 W System.err: android.database.sqlite.SQLiteException: no such column: wipeout_stats: , while compiling: SELECT wipeout_stats  FROM account_status
07-14 12:34:06.953 12936 12981 W System.err: 	at android.database.sqlite.SQLiteCompiledSql.native_compile(Native Method)
07-14 12:34:06.953 12936 12981 W System.err: 	at android.database.sqlite.SQLiteCompiledSql.<init>(SQLiteCompiledSql.java:68)
07-14 12:34:06.953 12936 12981 W System.err: 	at android.database.sqlite.SQLiteProgram.compileSql(SQLiteProgram.java:143)
07-14 12:34:06.953 12936 12981 W System.err: 	at android.database.sqlite.SQLiteProgram.compileAndbindAllArgs(SQLiteProgram.java:361)
07-14 12:34:06.953 12936 12981 W System.err: 	at android.database.sqlite.SQLiteStatement.acquireAndLock(SQLiteStatement.java:260)
07-14 12:34:06.953 12936 12981 W System.err: 	at android.database.sqlite.SQLiteStatement.simpleQueryForLong(SQLiteStatement.java:137)
07-14 12:34:06.953 12936 12981 W System.err: 	at android.database.DatabaseUtils.longForQuery(DatabaseUtils.java:791)
07-14 12:34:06.953 12936 12981 W System.err: 	at android.database.DatabaseUtils.longForQuery(DatabaseUtils.java:779)
07-14 12:34:06.953 12936 12981 W System.err: 	at com.google.android.apps.plus.content.EsAccountsData.isContactsStatsWipeoutNeeded(EsAccountsData.java:641)
07-14 12:34:06.953 12936 12981 W System.err: 	at com.google.android.apps.plus.service.EsService.processIntent(EsService.java:4246)
07-14 12:34:06.953 12936 12981 W System.err: 	at com.google.android.apps.plus.service.ServiceThread$1.run(ServiceThread.java:50)
07-14 12:34:06.957 12936 12981 W System.err: 	at android.os.Handler.handleCallback(Handler.java:605)
07-14 12:34:06.957 12936 12981 W System.err: 	at android.os.Handler.dispatchMessage(Handler.java:92)
07-14 12:34:06.957 12936 12981 W System.err: 	at android.os.Looper.loop(Looper.java:137)
07-14 12:34:06.957 12936 12981 W System.err: 	at com.google.android.apps.plus.service.ServiceThread.run(ServiceThread.java:122)
07-14 12:34:07.640 12949 12951 D dalvikvm: GC_CONCURRENT freed 588K, 6% free 11231K/11911K, paused 4ms+3ms
07-14 12:34:11.711 12936 12937 D dalvikvm: GC_CONCURRENT freed 1426K, 11% free 12975K/14535K, paused 2ms+3ms
07-14 12:34:15.394 12936 12998 E dalvikvm: Could not find class 'android.app.Notification$InboxStyle', referenced from method com.google.android.apps.plus.service.AndroidNotification.createDigestNotification
07-14 12:34:15.394 12936 12998 W dalvikvm: VFY: unable to resolve new-instance 41 (Landroid/app/Notification$InboxStyle;) in Lcom/google/android/apps/plus/service/AndroidNotification;
07-14 12:34:15.394 12936 12998 D dalvikvm: VFY: replacing opcode 0x22 at 0x0018
07-14 12:34:15.394 12936 12998 I dalvikvm: Could not find method android.app.Notification$Builder.setPriority, referenced from method com.google.android.apps.plus.service.AndroidNotification.createRichNotification
07-14 12:34:15.394 12936 12998 W dalvikvm: VFY: unable to resolve virtual method 162: Landroid/app/Notification$Builder;.setPriority (I)Landroid/app/Notification$Builder;
07-14 12:34:15.394 12936 12998 D dalvikvm: VFY: replacing opcode 0x6e at 0x00d5
07-14 12:34:15.402 12936 12998 D dalvikvm: DexOpt: unable to opt direct call 0x00a8 at 0x1a in Lcom/google/android/apps/plus/service/AndroidNotification;.createDigestNotification
07-14 12:34:15.402 12936 12998 D dalvikvm: DexOpt: unable to opt direct call 0x0091 at 0xf1 in Lcom/google/android/apps/plus/service/AndroidNotification;.createRichNotification
07-14 12:34:15.406 12936 12998 D dalvikvm: DexOpt: unable to opt direct call 0x0095 at 0x397 in Lcom/google/android/apps/plus/service/AndroidNotification;.createRichNotification
07-14 12:34:18.031 12936 12937 D dalvikvm: GC_CONCURRENT freed 1179K, 11% free 13000K/14535K, paused 2ms+2ms
07-14 12:34:19.714 12936 12937 D dalvikvm: GC_CONCURRENT freed 1068K, 10% free 13143K/14535K, paused 2ms+3ms
07-14 12:34:20.890 12936 12937 D dalvikvm: GC_CONCURRENT freed 1145K, 9% free 13277K/14535K, paused 4ms+3ms
07-14 12:34:22.668 12677 12679 D dalvikvm: GC_CONCURRENT freed 423K, 7% free 9553K/10183K, paused 7ms+3ms
07-14 12:34:22.933 12739 12740 D dalvikvm: GC_CONCURRENT freed 524K, 7% free 9931K/10631K, paused 6ms+4ms
07-14 12:34:23.406 11780 11782 D dalvikvm: GC_CONCURRENT freed 394K, 5% free 10445K/10951K, paused 2ms+2ms
07-14 12:34:23.879   144   376 D dalvikvm: GC_EXPLICIT freed 895K, 24% free 18811K/24711K, paused 4ms+8ms
07-14 12:34:24.031 12936 12937 D dalvikvm: GC_CONCURRENT freed 1212K, 9% free 13426K/14727K, paused 3ms+4ms
07-14 12:34:24.722 12936 12998 D dalvikvm: GC_FOR_ALLOC freed 36K, 9% free 13581K/14791K, paused 47ms
07-14 12:34:24.773 12936 12998 D dalvikvm: GC_FOR_ALLOC freed 350K, 11% free 13572K/15175K, paused 41ms
07-14 12:34:24.773 12936 12998 I dalvikvm-heap: Grow heap (frag case) to 13.655MB for 349232-byte allocation
07-14 12:34:24.789 12677 12679 D dalvikvm: GC_CONCURRENT freed 374K, 7% free 9563K/10183K, paused 2ms+3ms
07-14 12:34:24.824 12936 12998 D dalvikvm: GC_FOR_ALLOC freed 0K, 11% free 13913K/15559K, paused 45ms
07-14 12:34:25.039 11296 11298 D dalvikvm: GC_CONCURRENT freed 294K, 5% free 9995K/10503K, paused 2ms+3ms
07-14 12:34:25.964 12936 12937 D dalvikvm: GC_CONCURRENT freed 1010K, 8% free 14422K/15559K, paused 2ms+3ms
07-14 12:34:27.953 12936 12937 D dalvikvm: GC_CONCURRENT freed 1712K, 12% free 14416K/16263K, paused 2ms+4ms
07-14 12:34:29.863 11296 11298 D dalvikvm: GC_CONCURRENT freed 439K, 6% free 10012K/10567K, paused 2ms+2ms
07-14 12:34:31.379 12936 12998 I SqliteDatabaseCpp: sqlite returned: error code = 1, msg = no such column: last_stats_sync_time, db=/data/data/com.google.android.apps.plus/databases/es0.db
07-14 12:34:31.433 12936 12998 E EsSyncAdapterService: Sync failure
07-14 12:34:31.433 12936 12998 E EsSyncAdapterService: android.database.sqlite.SQLiteException: no such column: last_stats_sync_time: , while compiling: SELECT last_stats_sync_time  FROM account_status
07-14 12:34:31.433 12936 12998 E EsSyncAdapterService: 	at android.database.sqlite.SQLiteCompiledSql.native_compile(Native Method)
07-14 12:34:31.433 12936 12998 E EsSyncAdapterService: 	at android.database.sqlite.SQLiteCompiledSql.<init>(SQLiteCompiledSql.java:68)
07-14 12:34:31.433 12936 12998 E EsSyncAdapterService: 	at android.database.sqlite.SQLiteProgram.compileSql(SQLiteProgram.java:143)
07-14 12:34:31.433 12936 12998 E EsSyncAdapterService: 	at android.database.sqlite.SQLiteProgram.compileAndbindAllArgs(SQLiteProgram.java:361)
07-14 12:34:31.433 12936 12998 E EsSyncAdapterService: 	at android.database.sqlite.SQLiteStatement.acquireAndLock(SQLiteStatement.java:260)
07-14 12:34:31.433 12936 12998 E EsSyncAdapterService: 	at android.database.sqlite.SQLiteStatement.simpleQueryForLong(SQLiteStatement.java:137)
07-14 12:34:31.433 12936 12998 E EsSyncAdapterService: 	at android.database.DatabaseUtils.longForQuery(DatabaseUtils.java:791)
07-14 12:34:31.433 12936 12998 E EsSyncAdapterService: 	at android.database.DatabaseUtils.longForQuery(DatabaseUtils.java:779)
07-14 12:34:31.433 12936 12998 E EsSyncAdapterService: 	at com.google.android.apps.plus.content.EsAccountsData.queryLastStatsSyncTimestamp(EsAccountsData.java:570)
07-14 12:34:31.433 12936 12998 E EsSyncAdapterService: 	at com.google.android.apps.plus.service.EsSyncAdapterService.syncContactsStatsIfNecessary(EsSyncAdapterService.java:670)
07-14 12:34:31.433 12936 12998 E EsSyncAdapterService: 	at com.google.android.apps.plus.service.EsSyncAdapterService.doFullSync(EsSyncAdapterService.java:633)
07-14 12:34:31.433 12936 12998 E EsSyncAdapterService: 	at com.google.android.apps.plus.service.EsSyncAdapterService.doSync(EsSyncAdapterService.java:566)
07-14 12:34:31.433 12936 12998 E EsSyncAdapterService: 	at com.google.android.apps.plus.service.EsSyncAdapterService.access$100(EsSyncAdapterService.java:52)
07-14 12:34:31.433 12936 12998 E EsSyncAdapterService: 	at com.google.android.apps.plus.service.EsSyncAdapterService$SyncAdapterImpl.onPerformSync(EsSyncAdapterService.java:408)
07-14 12:34:31.433 12936 12998 E EsSyncAdapterService: 	at android.content.AbstractThreadedSyncAdapter$SyncThread.run(AbstractThreadedSyncAdapter.java:247)
07-14 12:34:31.484   144   168 D SyncManager: failed sync operation lokeshmandvekar@gmail.com (com.google), com.google.android.apps.plus.content.EsProvider, SERVER, earliestRunTime 432903984, SyncResult: stats [ numParseExceptions: 1]
07-14 12:34:31.488   144   168 D SyncManager: not retrying sync operation because the error is a hard error: lokeshmandvekar@gmail.com (com.google), com.google.android.apps.plus.content.EsProvider, SERVER, earliestRunTime 432928546
07-14 12:34:38.750 12936 12937 D dalvikvm: GC_CONCURRENT freed 2886K, 19% free 13244K/16263K, paused 3ms+3ms
07-14 12:34:39.035 12677 12689 D dalvikvm: GC_EXPLICIT freed 257K, 7% free 9492K/10183K, paused 5ms+3ms
07-14 12:34:39.090 12936 13005 D dalvikvm: GC_EXPLICIT freed 208K, 19% free 13192K/16263K, paused 2ms+3ms
07-14 12:35:08.179 12677 12679 D dalvikvm: GC_CONCURRENT freed 316K, 7% free 9565K/10183K, paused 14ms+3ms
07-14 12:35:08.394 11296 11298 D dalvikvm: GC_CONCURRENT freed 422K, 6% free 10016K/10567K, paused 4ms+3ms
07-14 12:35:13.851   144   400 D AlarmManagerService: Kernel timezone updated to 240 minutes west of GMT
07-14 12:35:22.933   144   323 D dalvikvm: GC_EXPLICIT freed 367K, 24% free 18792K/24711K, paused 3ms+8ms
07-14 12:35:23.000 12739 12740 D dalvikvm: GC_CONCURRENT freed 495K, 7% free 9947K/10631K, paused 1ms+2ms
07-14 12:35:23.093 11296 13022 D dalvikvm: GC_EXPLICIT freed 248K, 6% free 10001K/10567K, paused 2ms+3ms
07-14 12:35:23.625 11296 11298 D dalvikvm: GC_CONCURRENT freed 453K, 6% free 10002K/10567K, paused 2ms+2ms
07-14 12:35:27.101 12677 12679 D dalvikvm: GC_CONCURRENT freed 379K, 7% free 9570K/10183K, paused 2ms+4ms
07-14 12:35:27.195 11692 11705 I PhoneLab-: Service Running
07-14 12:35:27.214 11296 11298 D dalvikvm: GC_CONCURRENT freed 448K, 6% free 10002K/10567K, paused 2ms+3ms
07-14 12:35:27.273 11692 11705 I PhoneLab-LoggerService: app_37    1373  1     1440   988   c00f181c 400107b4 S logcat
07-14 12:35:27.277 11692 11705 I PhoneLab-LoggerService: Logcat pid from database 1373
07-14 12:35:27.277 11692 11705 I PhoneLab-LoggerService: Logcat process found 1373
07-14 12:35:27.277 11692 11705 I PhoneLab-LoggerService: Checking Threshold
07-14 12:35:27.277 11692 11705 I PhoneLab-LoggerService: Starting to rename files
07-14 12:35:27.277 11692 11705 I PhoneLab-LoggerService: Files found .. 2
07-14 12:35:27.550 11296 11298 D dalvikvm: GC_CONCURRENT freed 493K, 6% free 9940K/10567K, paused 10ms+3ms
07-14 12:35:37.445  5517  5521 D dalvikvm: GC_CONCURRENT freed 356K, 7% free 10411K/11079K, paused 7ms+4ms
07-14 12:35:37.484 12677 12726 D dalvikvm: GC_EXPLICIT freed 144K, 8% free 9456K/10183K, paused 10ms+2ms
07-14 12:36:23.433   144  7984 D AlarmManagerService: Kernel timezone updated to 240 minutes west of GMT
07-14 12:37:23.746 12739 12740 D dalvikvm: GC_CONCURRENT freed 500K, 7% free 9959K/10631K, paused 2ms+2ms
07-14 12:37:29.652 12843 12844 D dalvikvm: GC_CONCURRENT freed 534K, 6% free 11248K/11911K, paused 15ms+3ms
07-14 12:37:58.027 12865 13047 D GetStringObjTask: retrieving from url = http://www.chess.com/api/get_move_status?id=5HHjW9WUGa%2Bcu1LUwnVJPxTIWxmEve4VdkRnRyg7b5Ch69JH2Z5aB%2B7eGuFw8K2uFx47KFsdE3JRdR3Mzv0PkZOj6eZ8N73BvxmEERrzXjMNRo80rkLyJAUTh0iqof4n
07-14 12:37:58.781 12865 13047 D GetStringObjTask: WebRequest SERVER RESPONSE: Success+0
07-14 12:38:28.312 11692 11705 I PhoneLab-: Service Running
07-14 12:38:28.394 11692 11705 I PhoneLab-LoggerService: app_37    1373  1     1440   988   c00f181c 400107b4 S logcat
07-14 12:38:28.394 11692 11705 I PhoneLab-LoggerService: Logcat pid from database 1373
07-14 12:38:28.394 11692 11705 I PhoneLab-LoggerService: Logcat process found 1373
07-14 12:38:28.394 11692 11705 I PhoneLab-LoggerService: Checking Threshold
07-14 12:38:28.394 11692 11705 I PhoneLab-LoggerService: Starting to rename files
07-14 12:38:28.398 11692 11705 I PhoneLab-LoggerService: Files found .. 2
07-14 12:38:28.398 11692 11705 I PhoneLab-: Service Running
07-14 12:38:28.425 11692 11705 I PhoneLab-LoggerService: app_37    1373  1     1440   988   c00f181c 400107b4 S logcat
07-14 12:38:28.425 11692 11705 I PhoneLab-LoggerService: Logcat pid from database 1373
07-14 12:38:28.425 11692 11705 I PhoneLab-LoggerService: Logcat process found 1373
07-14 12:38:28.425 11692 11705 I PhoneLab-LoggerService: Checking Threshold
07-14 12:38:28.425 11692 11705 I PhoneLab-LoggerService: Starting to rename files
07-14 12:38:28.425 11692 11705 I PhoneLab-LoggerService: Files found .. 2
07-14 12:39:02.089   344   344 D SAN_SERVICE: *******************************************
07-14 12:39:02.089   344   344 D SAN_SERVICE: DM App Phone Service State - 0
07-14 12:39:02.089   344   344 D SAN_SERVICE: *******************************************
07-14 12:39:02.816   344   344 D SAN_SERVICE: *******************************************
07-14 12:39:02.816   344   344 D SAN_SERVICE: DM App Phone Service State - 0
07-14 12:39:02.816   344   344 D SAN_SERVICE: *******************************************
07-14 12:39:23.738 11780 11782 D dalvikvm: GC_CONCURRENT freed 451K, 6% free 10440K/11015K, paused 1ms+2ms
07-14 12:39:25.015 12739 12740 D dalvikvm: GC_CONCURRENT freed 484K, 7% free 9985K/10631K, paused 2ms+2ms
07-14 12:39:25.734 12739 12740 D dalvikvm: GC_CONCURRENT freed 425K, 7% free 9966K/10631K, paused 11ms+4ms
07-14 12:39:57.113   344   344 D SAN_SERVICE: *******************************************
07-14 12:39:57.113   344   344 D SAN_SERVICE: DM App Phone Service State - 0
07-14 12:39:57.113   344   344 D SAN_SERVICE: *******************************************
07-14 12:39:57.363   344   344 D SAN_SERVICE: *******************************************
07-14 12:39:57.363   344   344 D SAN_SERVICE: DM App Phone Service State - 0
07-14 12:39:57.363   344   344 D SAN_SERVICE: *******************************************
07-14 12:40:23.730   344   344 D SAN_SERVICE: *******************************************
07-14 12:40:23.730   344   344 D SAN_SERVICE: DM App Phone Service State - 0
07-14 12:40:23.730   344   344 D SAN_SERVICE: *******************************************
07-14 12:40:24.265   344   344 D SAN_SERVICE: *******************************************
07-14 12:40:24.265   344   344 D SAN_SERVICE: DM App Phone Service State - 0
07-14 12:40:24.265   344   344 D SAN_SERVICE: *******************************************
07-14 12:40:24.402 11780 11782 D dalvikvm: GC_CONCURRENT freed 456K, 6% free 10463K/11015K, paused 1ms+2ms
07-14 12:40:24.457 12739 12740 D dalvikvm: GC_CONCURRENT freed 404K, 6% free 10072K/10631K, paused 2ms+3ms
07-14 12:40:56.007   144   175 I power   : *** set_screen_state 1
07-14 12:40:56.035   144   175 I WindowManager: Lock screen displayed!
07-14 12:40:56.222    78   120 D SurfaceFlinger: Screen about to return, flinger = 0x5b4918
07-14 12:40:56.984   214   214 D PhoneStatusBar: disable: < expand icons alerts ticker system_info BACK HOME recent* CLOCK >
07-14 12:40:57.066   214   214 D PhoneStatusBar: disable: < expand icons alerts ticker system_info back* home* recent clock* >
07-14 12:40:57.078   144   376 W InputManagerService: Window already focused, ignoring focus gain of: com.android.internal.view.IInputMethodClient$Stub$Proxy@418d3d90
07-14 12:40:57.171   320   324 D dalvikvm: GC_CONCURRENT freed 456K, 20% free 10162K/12615K, paused 5ms+4ms
07-14 12:40:57.871 12677 12679 D dalvikvm: GC_CONCURRENT freed 269K, 6% free 9575K/10183K, paused 1ms+3ms
07-14 12:40:58.398   144 30930 D dalvikvm: GC_EXPLICIT freed 1055K, 24% free 18871K/24711K, paused 3ms+10ms
07-14 12:40:58.410  5517  5521 D dalvikvm: GC_CONCURRENT freed 370K, 6% free 10428K/11079K, paused 2ms+50ms
07-14 12:41:01.558 18680 16909 D dalvikvm: GC_FOR_ALLOC freed 984K, 27% free 12098K/16455K, paused 38ms
07-14 12:41:01.668 18680 16909 D dalvikvm: GC_FOR_ALLOC freed 282K, 25% free 12497K/16455K, paused 26ms
07-14 12:41:01.843 18680 16909 D dalvikvm: GC_FOR_ALLOC freed 880K, 26% free 12290K/16455K, paused 28ms
07-14 12:41:01.902 18680 16910 D dalvikvm: GC_FOR_ALLOC freed 2K, 20% free 13193K/16455K, paused 47ms
07-14 12:41:01.902 18680 16910 I dalvikvm-heap: Grow heap (frag case) to 13.835MB for 925072-byte allocation
07-14 12:41:01.961 18680 18680 D dalvikvm: GC_FOR_ALLOC freed 0K, 20% free 14096K/17415K, paused 22ms
07-14 12:41:02.711 18680 16872 D dalvikvm: GC_FOR_ALLOC freed 3403K, 30% free 12231K/17415K, paused 27ms
07-14 12:41:02.785 18680 16872 D dalvikvm: GC_FOR_ALLOC freed 894K, 30% free 12261K/17415K, paused 26ms
07-14 12:41:02.910 18680 18682 D dalvikvm: GC_CONCURRENT freed 8K, 24% free 13279K/17415K, paused 2ms+7ms
07-14 12:41:03.031 18680 18694 D dalvikvm: GC_FOR_ALLOC freed 1949K, 29% free 12538K/17415K, paused 26ms
07-14 12:41:04.492   144   400 I ActivityManager: START {act=android.intent.action.MAIN cat=[android.intent.category.LAUNCHER] flg=0x10200000 cmp=com.google.android.apps.maps/com.google.android.maps.PlacesActivity} from pid 18680
07-14 12:41:04.695   144   424 I ActivityManager: START {act=android.intent.action.MAIN dat=places://places flg=0x800000 cmp=com.google.android.apps.maps/com.google.android.maps.MapsActivity (has extras)} from pid 10918
07-14 12:41:04.808 10918 10918 D Maps    : Build: 6090014
07-14 12:41:04.906 18680 18680 D OpenGLRenderer: Flushing caches (mode 1)
07-14 12:41:04.945 10918 10920 D dalvikvm: GC_CONCURRENT freed 185K, 3% free 11016K/11335K, paused 4ms+2ms
07-14 12:41:05.004 18680 18680 D OpenGLRenderer: Flushing caches (mode 0)
07-14 12:41:05.214 10918 13067 I SqliteDatabaseCpp: sqlite returned: error code = 5, msg = statement aborts at 1: [PRAGMA journal_mode=TRUNCATE] , db=/data/data/com.google.android.apps.maps/databases/LayerInfo
07-14 12:41:05.250   144   160 I Process : Sending signal. PID: 10918 SIG: 3
07-14 12:41:05.250 10918 10922 I dalvikvm: threadid=3: reacting to signal 3
07-14 12:41:05.468 10918 10922 I dalvikvm: Wrote stack traces to '/data/anr/traces.txt'
07-14 12:41:05.601 10918 10920 D dalvikvm: GC_CONCURRENT freed 238K, 3% free 11395K/11719K, paused 2ms+29ms
07-14 12:41:05.640 10918 10927 E SQLiteDatabase: close() was never explicitly called on database '/data/data/com.google.android.apps.maps/databases/webview.db' 
07-14 12:41:05.640 10918 10927 E SQLiteDatabase: android.database.sqlite.DatabaseObjectNotClosedException: Application did not close the cursor or database object that was opened here
07-14 12:41:05.640 10918 10927 E SQLiteDatabase: 	at android.database.sqlite.SQLiteDatabase.<init>(SQLiteDatabase.java:1943)
07-14 12:41:05.640 10918 10927 E SQLiteDatabase: 	at android.database.sqlite.SQLiteDatabase.openDatabase(SQLiteDatabase.java:1007)
07-14 12:41:05.640 10918 10927 E SQLiteDatabase: 	at android.database.sqlite.SQLiteDatabase.openDatabase(SQLiteDatabase.java:986)
07-14 12:41:05.640 10918 10927 E SQLiteDatabase: 	at android.database.sqlite.SQLiteDatabase.openDatabase(SQLiteDatabase.java:962)
07-14 12:41:05.640 10918 10927 E SQLiteDatabase: 	at android.database.sqlite.SQLiteDatabase.openOrCreateDatabase(SQLiteDatabase.java:1043)
07-14 12:41:05.640 10918 10927 E SQLiteDatabase: 	at android.database.sqlite.SQLiteDatabase.openOrCreateDatabase(SQLiteDatabase.java:1036)
07-14 12:41:05.640 10918 10927 E SQLiteDatabase: 	at android.app.ContextImpl.openOrCreateDatabase(ContextImpl.java:761)
07-14 12:41:05.640 10918 10927 E SQLiteDatabase: 	at android.content.ContextWrapper.openOrCreateDatabase(ContextWrapper.java:215)
07-14 12:41:05.640 10918 10927 E SQLiteDatabase: 	at android.webkit.WebViewDatabase.initDatabase(WebViewDatabase.java:223)
07-14 12:41:05.640 10918 10927 E SQLiteDatabase: 	at android.webkit.WebViewDatabase.init(WebViewDatabase.java:209)
07-14 12:41:05.640 10918 10927 E SQLiteDatabase: 	at android.webkit.WebViewDatabase.access$000(WebViewDatabase.java:38)
07-14 12:41:05.640 10918 10927 E SQLiteDatabase: 	at android.webkit.WebViewDatabase$1.run(WebViewDatabase.java:190)
07-14 12:41:05.742   144   160 I Process : Sending signal. PID: 10918 SIG: 3
07-14 12:41:05.742 10918 10922 I dalvikvm: threadid=3: reacting to signal 3
07-14 12:41:05.773 10918 10922 I dalvikvm: Wrote stack traces to '/data/anr/traces.txt'
07-14 12:41:06.078 10918 10920 D dalvikvm: GC_CONCURRENT freed 263K, 3% free 11961K/12295K, paused 39ms+5ms
07-14 12:41:06.242   144   160 I Process : Sending signal. PID: 10918 SIG: 3
07-14 12:41:06.242 10918 10922 I dalvikvm: threadid=3: reacting to signal 3
07-14 12:41:06.269 10918 10922 I dalvikvm: Wrote stack traces to '/data/anr/traces.txt'
07-14 12:41:06.648   214   216 D dalvikvm: GC_CONCURRENT freed 449K, 55% free 10046K/22023K, paused 61ms+5ms
07-14 12:41:06.664 10918 10918 D dalvikvm: GC_FOR_ALLOC freed 404K, 4% free 12425K/12935K, paused 72ms
07-14 12:41:06.671 10918 10918 I dalvikvm-heap: Grow heap (frag case) to 13.044MB for 883216-byte allocation
07-14 12:41:06.742   144   160 I Process : Sending signal. PID: 10918 SIG: 3
07-14 12:41:06.742 10918 10922 I dalvikvm: threadid=3: reacting to signal 3
07-14 12:41:06.750 10918 13071 D dalvikvm: GC_FOR_ALLOC freed 13K, 5% free 13274K/13831K, paused 53ms
07-14 12:41:06.804 10918 10922 I dalvikvm: Wrote stack traces to '/data/anr/traces.txt'
07-14 12:41:06.812   214   214 D dalvikvm: GC_FOR_ALLOC freed 386K, 55% free 10022K/22023K, paused 77ms
07-14 12:41:07.097   214   216 D dalvikvm: GC_CONCURRENT freed 312K, 54% free 10199K/22023K, paused 2ms+10ms
07-14 12:41:07.171   144   156 I ActivityManager: Process com.google.android.apps.docs (pid 12583) has died.
07-14 12:41:07.246   144   160 I Process : Sending signal. PID: 10918 SIG: 3
07-14 12:41:07.246 10918 10922 I dalvikvm: threadid=3: reacting to signal 3
07-14 12:41:07.433 10918 10922 I dalvikvm: Wrote stack traces to '/data/anr/traces.txt'
07-14 12:41:07.746   144   160 I Process : Sending signal. PID: 10918 SIG: 3
07-14 12:41:07.750 10918 10922 I dalvikvm: threadid=3: reacting to signal 3
07-14 12:41:07.808 10918 10922 I dalvikvm: Wrote stack traces to '/data/anr/traces.txt'
07-14 12:41:07.914 10918 13061 D dalvikvm: GC_FOR_ALLOC freed 266K, 3% free 14135K/14535K, paused 70ms
07-14 12:41:08.242   144   160 I Process : Sending signal. PID: 10918 SIG: 3
07-14 12:41:08.242 10918 10922 I dalvikvm: threadid=3: reacting to signal 3
07-14 12:41:08.312 10918 10922 I dalvikvm: Wrote stack traces to '/data/anr/traces.txt'
07-14 12:41:08.480 10918 10918 D libEGL  : loaded /system/lib/egl/libGLES_android.so
07-14 12:41:08.496 10918 10918 D libEGL  : loaded /vendor/lib/egl/libEGL_POWERVR_SGX540_120.so
07-14 12:41:08.593 10918 10918 D libEGL  : loaded /vendor/lib/egl/libGLESv1_CM_POWERVR_SGX540_120.so
07-14 12:41:08.609 10918 10918 D libEGL  : loaded /vendor/lib/egl/libGLESv2_POWERVR_SGX540_120.so
07-14 12:41:08.671  5517  5530 D dalvikvm: GC_EXPLICIT freed 108K, 7% free 10371K/11079K, paused 8ms+10ms
07-14 12:41:08.711 10918 10918 D OpenGLRenderer: Enabling debug mode 0
07-14 12:41:08.742   144   160 I Process : Sending signal. PID: 10918 SIG: 3
07-14 12:41:08.742 10918 10922 I dalvikvm: threadid=3: reacting to signal 3
07-14 12:41:08.789   144   144 W InputManagerService: Starting input on non-focused client com.android.internal.view.IInputMethodClient$Stub$Proxy@415c59a0 (uid=10026 pid=18680)
07-14 12:41:10.933   144   156 I ActivityManager: Process com.google.android.apps.uploader (pid 11842) has died.
07-14 12:41:11.164   144   160 I Process : Sending signal. PID: 10918 SIG: 3
07-14 12:41:11.207 10918 10922 I dalvikvm: Wrote stack traces to '/data/anr/traces.txt'
07-14 12:41:11.207 10918 10922 I dalvikvm: threadid=3: reacting to signal 3
07-14 12:41:11.304 10918 10922 I dalvikvm: Wrote stack traces to '/data/anr/traces.txt'
07-14 12:41:11.476 12739 12740 D dalvikvm: GC_CONCURRENT freed 446K, 6% free 10067K/10695K, paused 39ms+4ms
07-14 12:41:11.632   144   160 I Process : Sending signal. PID: 10918 SIG: 3
07-14 12:41:11.632 10918 10922 I dalvikvm: threadid=3: reacting to signal 3
07-14 12:41:11.718 10918 10922 I dalvikvm: Wrote stack traces to '/data/anr/traces.txt'
07-14 12:41:12.129   144   160 I Process : Sending signal. PID: 10918 SIG: 3
07-14 12:41:12.129 10918 10922 I dalvikvm: threadid=3: reacting to signal 3
07-14 12:41:12.187 10918 10922 I dalvikvm: Wrote stack traces to '/data/anr/traces.txt'
07-14 12:41:12.629   144   160 I Process : Sending signal. PID: 10918 SIG: 3
07-14 12:41:12.632 10918 10922 I dalvikvm: threadid=3: reacting to signal 3
07-14 12:41:12.679 10918 10922 I dalvikvm: Wrote stack traces to '/data/anr/traces.txt'
07-14 12:41:12.683   144   156 I ActivityManager: Process com.google.android.talk (pid 12757) has died.
07-14 12:41:12.722 10918 10920 D dalvikvm: GC_CONCURRENT freed 815K, 6% free 15033K/15943K, paused 119ms+12ms
07-14 12:41:12.906 12739 12740 D dalvikvm: GC_CONCURRENT freed 485K, 6% free 10089K/10695K, paused 2ms+13ms
07-14 12:41:13.000   144   156 I ActivityManager: Process com.android.providers.calendar (pid 12913) has died.
07-14 12:41:13.011 10918 10918 W IInputConnectionWrapper: showStatusIcon on inactive InputConnection
07-14 12:41:13.121   144   174 I ActivityManager: Displayed com.google.android.apps.maps/com.google.android.maps.MapsActivity: +8s381ms (total +8s555ms)
07-14 12:41:13.386   344   344 D SAN_SERVICE: *******************************************
07-14 12:41:13.386   344   344 D SAN_SERVICE: DM App Phone Service State - 0
07-14 12:41:13.386   344   344 D SAN_SERVICE: *******************************************
07-14 12:41:13.625   144   400 I ActivityManager: Process com.android.calendar (pid 12884) has died.
07-14 12:41:13.863 11780 11782 D dalvikvm: GC_CONCURRENT freed 536K, 6% free 10468K/11079K, paused 2ms+2ms
07-14 12:41:13.949 10918 10920 D dalvikvm: GC_CONCURRENT freed 1490K, 10% free 15599K/17159K, paused 2ms+7ms
07-14 12:41:14.007 12739 12740 D dalvikvm: GC_CONCURRENT freed 465K, 6% free 10071K/10695K, paused 2ms+3ms
07-14 12:41:14.578 10918 13075 D dalvikvm: GC_FOR_ALLOC freed 786K, 8% free 15880K/17159K, paused 48ms
07-14 12:41:14.582 10918 13075 I dalvikvm-heap: Grow heap (frag case) to 16.577MB for 1048592-byte allocation
07-14 12:41:14.636 10918 13094 D dalvikvm: GC_FOR_ALLOC freed 98K, 8% free 16805K/18247K, paused 42ms
07-14 12:41:14.816   144   144 I ActivityManager: Process com.facebook.orca (pid 12949) has died.
07-14 12:41:14.863 10918 13075 D dalvikvm: GC_FOR_ALLOC freed 1286K, 12% free 16186K/18247K, paused 37ms
07-14 12:41:15.191 10918 10925 I dalvikvm: Jit: resizing JitTable from 4096 to 8192
07-14 12:41:15.277 12739 12740 D dalvikvm: GC_CONCURRENT freed 528K, 7% free 10053K/10695K, paused 9ms+4ms
07-14 12:41:15.347 10918 13075 D dalvikvm: GC_FOR_ALLOC freed 1669K, 12% free 16222K/18247K, paused 54ms
07-14 12:41:16.379 10918 10920 D dalvikvm: GC_CONCURRENT freed 1795K, 11% free 16532K/18375K, paused 3ms+8ms
07-14 12:41:16.492   320   324 D dalvikvm: GC_CONCURRENT freed 411K, 19% free 10262K/12615K, paused 3ms+3ms
07-14 12:41:16.793   320   320 D dalvikvm: GC_FOR_ALLOC freed 294K, 20% free 10159K/12615K, paused 35ms
07-14 12:41:16.796   320   320 I dalvikvm-heap: Grow heap (frag case) to 10.835MB for 885136-byte allocation
07-14 12:41:16.839   320   324 D dalvikvm: GC_CONCURRENT freed 4K, 13% free 11020K/12615K, paused 2ms+7ms
07-14 12:41:17.035 10918 13075 D dalvikvm: GC_FOR_ALLOC freed 748K, 9% free 16750K/18375K, paused 69ms
07-14 12:41:17.039 10918 13075 I dalvikvm-heap: Grow heap (frag case) to 17.426MB for 1048592-byte allocation
07-14 12:41:17.078   214   216 D dalvikvm: GC_CONCURRENT freed 229K, 53% free 10395K/22023K, paused 2ms+10ms
07-14 12:41:17.109 10918 13075 D dalvikvm: GC_FOR_ALLOC freed 17K, 9% free 17757K/19463K, paused 68ms
07-14 12:41:17.445 10918 13075 D dalvikvm: GC_FOR_ALLOC freed 1626K, 14% free 16861K/19463K, paused 77ms
07-14 12:41:17.718 12739 12740 D dalvikvm: GC_CONCURRENT freed 393K, 7% free 10050K/10695K, paused 2ms+3ms
07-14 12:41:17.898 10918 10920 D dalvikvm: GC_CONCURRENT freed 2048K, 14% free 16860K/19463K, paused 14ms+10ms
07-14 12:41:18.441 12739 13118 D dalvikvm: GC_EXPLICIT freed 46K, 7% free 10004K/10695K, paused 2ms+2ms
07-14 12:41:18.589   344   344 D SAN_SERVICE: *******************************************
07-14 12:41:18.589   344   344 D SAN_SERVICE: DM App Phone Service State - 0
07-14 12:41:18.589   344   344 D SAN_SERVICE: *******************************************
07-14 12:41:19.035 10918 10920 D dalvikvm: GC_CONCURRENT freed 1802K, 13% free 17105K/19463K, paused 12ms+19ms
07-14 12:41:19.187   144   326 I ActivityManager: Process com.google.android.maps.mytracks (pid 12964) has died.
07-14 12:41:19.308   344   344 D SAN_SERVICE: *******************************************
07-14 12:41:19.308   344   344 D SAN_SERVICE: DM App Phone Service State - 0
07-14 12:41:19.308   344   344 D SAN_SERVICE: *******************************************
07-14 12:41:19.445 12739 12740 D dalvikvm: GC_CONCURRENT freed 462K, 7% free 10053K/10695K, paused 24ms+2ms
07-14 12:41:19.750 12739 12740 D dalvikvm: GC_CONCURRENT freed 467K, 6% free 10090K/10695K, paused 1ms+171ms
07-14 12:41:19.808 18680 18680 D OpenGLRenderer: Flushing caches (mode 1)
07-14 12:41:19.941 10918 10920 D dalvikvm: GC_CONCURRENT freed 1633K, 11% free 17506K/19463K, paused 3ms+6ms
07-14 12:41:20.203   214   214 D dalvikvm: GC_FOR_ALLOC freed 512K, 54% free 10227K/22023K, paused 29ms
07-14 12:41:20.394   214   216 D dalvikvm: GC_CONCURRENT freed 323K, 54% free 10311K/22023K, paused 2ms+3ms
07-14 12:41:20.515 10918 10933 D dalvikvm: GC_FOR_ALLOC freed 526K, 11% free 17332K/19463K, paused 56ms
07-14 12:41:20.730   144  9303 I ActivityManager: Process android.process.media (pid 12783) has died.
07-14 12:41:20.773 18680 18680 D OpenGLRenderer: Flushing caches (mode 1)
07-14 12:41:21.019 12739 12740 D dalvikvm: GC_CONCURRENT freed 543K, 6% free 10058K/10695K, paused 6ms+3ms
07-14 12:41:22.023 10918 10918 D dalvikvm: GC_FOR_ALLOC freed 1244K, 9% free 17874K/19463K, paused 68ms
07-14 12:41:22.171 12739 12740 D dalvikvm: GC_CONCURRENT freed 419K, 7% free 10040K/10695K, paused 64ms+16ms
07-14 12:41:23.175 10918 10920 D dalvikvm: GC_CONCURRENT freed 1250K, 7% free 18718K/20039K, paused 11ms+8ms
07-14 12:41:23.683 10918 13075 D dalvikvm: GC_FOR_ALLOC freed 772K, 8% free 18577K/20039K, paused 60ms
07-14 12:41:23.687 10918 13075 I dalvikvm-heap: Grow heap (frag case) to 19.210MB for 1048592-byte allocation
07-14 12:41:23.754 10918 13147 D dalvikvm: GC_FOR_ALLOC freed 35K, 8% free 19566K/21127K, paused 54ms
07-14 12:41:23.754 10918 10918 W IInputConnectionWrapper: finishComposingText on inactive InputConnection
07-14 12:41:23.863   144   155 I ActivityManager: Process com.google.android.apps.plus (pid 12936) has died.
07-14 12:41:23.921 10918 13075 D dalvikvm: GC_FOR_ALLOC freed 1119K, 13% free 18590K/21127K, paused 56ms
07-14 12:41:23.921 10918 10918 W IInputConnectionWrapper: finishComposingText on inactive InputConnection
07-14 12:41:24.254   144   376 D dalvikvm: GC_EXPLICIT freed 2052K, 27% free 18148K/24711K, paused 15ms+11ms
07-14 12:41:24.332 12739 12740 D dalvikvm: GC_CONCURRENT freed 485K, 6% free 10066K/10695K, paused 16ms+2ms
07-14 12:41:24.449 10918 13075 D dalvikvm: GC_FOR_ALLOC freed 1239K, 12% free 18766K/21127K, paused 50ms
07-14 12:41:24.660 10918 13075 D dalvikvm: GC_FOR_ALLOC freed 1231K, 12% free 18763K/21127K, paused 60ms
07-14 12:41:24.738 10918 10933 D dalvikvm: GC_FOR_ALLOC freed 79K, 7% free 19733K/21127K, paused 58ms
07-14 12:41:24.929 10918 13075 D dalvikvm: GC_FOR_ALLOC freed 1194K, 11% free 18852K/21127K, paused 59ms
07-14 12:41:25.062 10918 10933 D dalvikvm: GC_FOR_ALLOC freed 1348K, 12% free 18788K/21127K, paused 59ms
07-14 12:41:25.179 10918 13075 D dalvikvm: GC_FOR_ALLOC freed 1176K, 11% free 18834K/21127K, paused 51ms
07-14 12:41:25.195 12739 12740 D dalvikvm: GC_CONCURRENT freed 518K, 6% free 10060K/10695K, paused 34ms+153ms
07-14 12:41:25.257 10918 10933 D dalvikvm: GC_FOR_ALLOC freed 83K, 7% free 19818K/21127K, paused 60ms
07-14 12:41:25.375 10918 13075 D dalvikvm: GC_FOR_ALLOC freed 1187K, 12% free 18903K/21255K, paused 51ms
07-14 12:41:25.480 10918 10933 D dalvikvm: GC_FOR_ALLOC freed 1246K, 12% free 18856K/21255K, paused 53ms
07-14 12:41:25.586 10918 13075 D dalvikvm: GC_FOR_ALLOC freed 143K, 11% free 18932K/21255K, paused 56ms
07-14 12:41:25.589 10918 13075 I dalvikvm-heap: Grow heap (frag case) to 19.557MB for 1048592-byte allocation
07-14 12:41:25.671 10918 13160 D dalvikvm: GC_FOR_ALLOC freed 119K, 12% free 19836K/22343K, paused 72ms
07-14 12:41:25.824 10918 13075 D dalvikvm: GC_FOR_ALLOC freed 1338K, 16% free 18927K/22343K, paused 53ms
07-14 12:41:26.035 10918 10925 I dalvikvm: Jit: resizing JitTable from 8192 to 16384
07-14 12:41:26.277 10918 10920 D dalvikvm: GC_CONCURRENT freed 1704K, 14% free 19270K/22343K, paused 3ms+11ms
07-14 12:41:26.781 12739 12740 D dalvikvm: GC_CONCURRENT freed 503K, 6% free 10065K/10695K, paused 38ms+4ms
07-14 12:41:27.164 10918 10920 D dalvikvm: GC_CONCURRENT freed 1747K, 13% free 19456K/22343K, paused 2ms+8ms
07-14 12:41:27.726 12739 12740 D dalvikvm: GC_CONCURRENT freed 410K, 6% free 10058K/10695K, paused 3ms+4ms
07-14 12:41:28.086 10918 10920 D dalvikvm: GC_CONCURRENT freed 1681K, 12% free 19715K/22343K, paused 2ms+9ms
07-14 12:41:28.750 10918 10920 D dalvikvm: GC_CONCURRENT freed 1677K, 11% free 19984K/22343K, paused 2ms+9ms
07-14 12:41:29.097 12739 12740 D dalvikvm: GC_CONCURRENT freed 533K, 7% free 10033K/10695K, paused 2ms+2ms
07-14 12:41:29.418 10918 10920 D dalvikvm: GC_CONCURRENT freed 1745K, 10% free 20181K/22343K, paused 3ms+10ms
07-14 12:41:30.082 10918 10920 D dalvikvm: GC_CONCURRENT freed 1752K, 9% free 20398K/22343K, paused 2ms+10ms
07-14 12:41:30.683 10918 10920 D dalvikvm: GC_CONCURRENT freed 1788K, 9% free 20558K/22535K, paused 3ms+15ms
07-14 12:41:30.828 12739 12740 D dalvikvm: GC_CONCURRENT freed 497K, 7% free 10048K/10695K, paused 2ms+3ms
07-14 12:41:31.367 10918 10920 D dalvikvm: GC_CONCURRENT freed 2413K, 12% free 20129K/22663K, paused 3ms+10ms
07-14 12:41:31.761 12739 12740 D dalvikvm: GC_CONCURRENT freed 393K, 7% free 10042K/10695K, paused 2ms+2ms
07-14 12:41:32.070 10918 10920 D dalvikvm: GC_CONCURRENT freed 1485K, 10% free 20588K/22663K, paused 2ms+8ms
07-14 12:41:32.566 10918 10920 D dalvikvm: GC_CONCURRENT freed 1198K, 6% free 21362K/22663K, paused 2ms+6ms
07-14 12:41:33.386 18680 18680 D OpenGLRenderer: Flushing caches (mode 2)
07-14 12:41:33.406 18680 18680 D OpenGLRenderer: Flushing caches (mode 0)
07-14 12:41:33.648 12739 12740 D dalvikvm: GC_CONCURRENT freed 503K, 7% free 10051K/10695K, paused 2ms+2ms
07-14 12:41:34.160 10918 10920 D dalvikvm: GC_CONCURRENT freed 2866K, 13% free 20445K/23431K, paused 12ms+6ms
07-14 12:41:34.246 10918 13061 D dalvikvm: GC_FOR_ALLOC freed 336K, 14% free 20245K/23431K, paused 83ms
07-14 12:41:34.625 10918 13061 D dalvikvm: GC_FOR_ALLOC freed 446K, 14% free 20247K/23431K, paused 94ms
07-14 12:41:34.652 10918 13061 I dalvikvm-heap: Grow heap (frag case) to 20.065MB for 234916-byte allocation
07-14 12:41:34.750 10918 13193 D dalvikvm: GC_FOR_ALLOC freed 21K, 14% free 20455K/23687K, paused 83ms
07-14 12:41:34.816 12739 12740 D dalvikvm: GC_CONCURRENT freed 513K, 7% free 10049K/10695K, paused 2ms+3ms
07-14 12:41:35.754 10918 13199 D dalvikvm: GC_FOR_ALLOC freed 487K, 12% free 21028K/23687K, paused 97ms
07-14 12:41:35.875 10918 13199 D dalvikvm: GC_FOR_ALLOC freed 69K, 12% free 21067K/23687K, paused 91ms
07-14 12:41:35.875 10918 13199 I dalvikvm-heap: Grow heap (frag case) to 20.727MB for 90124-byte allocation
07-14 12:41:35.976 10918 10918 D dalvikvm: GC_FOR_ALLOC freed 36K, 12% free 21118K/23815K, paused 90ms
07-14 12:41:36.695 11780 11782 D dalvikvm: GC_CONCURRENT freed 385K, 6% free 10467K/11079K, paused 7ms+2ms
07-14 12:41:36.871 12739 12740 D dalvikvm: GC_CONCURRENT freed 480K, 6% free 10080K/10695K, paused 3ms+4ms
07-14 12:41:37.824   144   400 D dalvikvm: GC_EXPLICIT freed 1113K, 27% free 18093K/24711K, paused 4ms+14ms
07-14 12:41:38.117 12739 12740 D dalvikvm: GC_CONCURRENT freed 416K, 6% free 10054K/10695K, paused 2ms+13ms
07-14 12:41:39.179 12739 12740 D dalvikvm: GC_CONCURRENT freed 521K, 7% free 10040K/10695K, paused 5ms+3ms
07-14 12:41:40.367   344   344 D SAN_SERVICE: *******************************************
07-14 12:41:40.367   344   344 D SAN_SERVICE: DM App Phone Service State - 0
07-14 12:41:40.367   344   344 D SAN_SERVICE: *******************************************
07-14 12:41:40.746 12739 12739 D dalvikvm: GC_EXPLICIT freed 311K, 7% free 10018K/10695K, paused 18ms+7ms
07-14 12:41:41.765 12739 12740 D dalvikvm: GC_CONCURRENT freed 477K, 7% free 10051K/10695K, paused 1ms+9ms
07-14 12:41:43.125   344   344 D SAN_SERVICE: *******************************************
07-14 12:41:43.125   344   344 D SAN_SERVICE: DM App Phone Service State - 0
07-14 12:41:43.125   344   344 D SAN_SERVICE: *******************************************
07-14 12:41:43.339   344   344 D SAN_SERVICE: *******************************************
07-14 12:41:43.339   344   344 D SAN_SERVICE: DM App Phone Service State - 0
07-14 12:41:43.339   344   344 D SAN_SERVICE: *******************************************
07-14 12:41:43.695 12739 12740 D dalvikvm: GC_CONCURRENT freed 470K, 6% free 10070K/10695K, paused 1ms+2ms
07-14 12:41:44.714 12739 12740 D dalvikvm: GC_CONCURRENT freed 498K, 6% free 10065K/10695K, paused 2ms+3ms
07-14 12:41:45.707 12739 12740 D dalvikvm: GC_CONCURRENT freed 465K, 6% free 10068K/10695K, paused 9ms+3ms
07-14 12:41:46.836   344   344 D SAN_SERVICE: *******************************************
07-14 12:41:46.836   344   344 D SAN_SERVICE: DM App Phone Service State - 0
07-14 12:41:46.836   344   344 D SAN_SERVICE: *******************************************
07-14 12:41:47.398   144 30930 D AlarmManagerService: Kernel timezone updated to 240 minutes west of GMT
07-14 12:41:47.406   344   344 D SAN_SERVICE: *******************************************
07-14 12:41:47.410   344   344 D SAN_SERVICE: DM App Phone Service State - 0
07-14 12:41:47.410   344   344 D SAN_SERVICE: *******************************************
07-14 12:41:47.734 12739 12740 D dalvikvm: GC_CONCURRENT freed 507K, 6% free 10067K/10695K, paused 19ms+3ms
07-14 12:41:48.129   344   344 D SAN_SERVICE: *******************************************
07-14 12:41:48.129   344   344 D SAN_SERVICE: DM App Phone Service State - 0
07-14 12:41:48.129   344   344 D SAN_SERVICE: *******************************************
07-14 12:41:48.324   344   344 D SAN_SERVICE: *******************************************
07-14 12:41:48.324   344   344 D SAN_SERVICE: DM App Phone Service State - 0
07-14 12:41:48.324   344   344 D SAN_SERVICE: *******************************************
07-14 12:41:48.703 12739 12740 D dalvikvm: GC_CONCURRENT freed 432K, 6% free 10061K/10695K, paused 2ms+3ms
07-14 12:41:49.675 12739 12740 D dalvikvm: GC_CONCURRENT freed 469K, 6% free 10101K/10695K, paused 2ms+3ms
07-14 12:41:51.718 12739 12740 D dalvikvm: GC_CONCURRENT freed 509K, 6% free 10104K/10695K, paused 4ms+3ms
07-14 12:41:51.910   344   344 D SAN_SERVICE: *******************************************
07-14 12:41:51.910   344   344 D SAN_SERVICE: DM App Phone Service State - 0
07-14 12:41:51.910   344   344 D SAN_SERVICE: *******************************************
07-14 12:41:52.343   344   344 D SAN_SERVICE: *******************************************
07-14 12:41:52.343   344   344 D SAN_SERVICE: DM App Phone Service State - 0
07-14 12:41:52.343   344   344 D SAN_SERVICE: *******************************************
07-14 12:41:53.691 12739 12740 D dalvikvm: GC_CONCURRENT freed 547K, 6% free 10068K/10695K, paused 3ms+3ms
07-14 12:41:54.714   144   329 D dalvikvm: GC_EXPLICIT freed 971K, 27% free 18121K/24711K, paused 4ms+11ms
07-14 12:41:54.894  5517  5531 D dalvikvm: GC_EXPLICIT freed 168K, 6% free 10431K/11079K, paused 7ms+10ms
07-14 12:41:55.058 12739 12740 D dalvikvm: GC_CONCURRENT freed 500K, 6% free 10079K/10695K, paused 3ms+12ms
07-14 12:41:56.675 12739 12740 D dalvikvm: GC_CONCURRENT freed 530K, 6% free 10061K/10695K, paused 2ms+3ms
07-14 12:41:58.691 12739 12740 D dalvikvm: GC_CONCURRENT freed 514K, 6% free 10058K/10695K, paused 2ms+9ms
07-14 12:41:59.687 12739 12740 D dalvikvm: GC_CONCURRENT freed 493K, 6% free 10076K/10695K, paused 2ms+3ms
07-14 12:42:01.718 12739 12740 D dalvikvm: GC_CONCURRENT freed 513K, 6% free 10074K/10695K, paused 2ms+8ms
07-14 12:42:02.632 12739 13268 D dalvikvm: GC_EXPLICIT freed 116K, 7% free 10005K/10695K, paused 4ms+3ms
07-14 12:42:03.781 12739 12740 D dalvikvm: GC_CONCURRENT freed 450K, 6% free 10064K/10695K, paused 2ms+2ms
07-14 12:42:04.918 12739 12740 D dalvikvm: GC_CONCURRENT freed 467K, 6% free 10076K/10695K, paused 2ms+3ms
07-14 12:42:06.789 10918 13274 D dalvikvm: JIT code cache reset in 5 ms (1048468 bytes 1/0)
07-14 12:42:06.816 10918 13274 D dalvikvm: GC_FOR_ALLOC freed 2026K, 13% free 20952K/23815K, paused 128ms
07-14 12:42:07.285 12739 12740 D dalvikvm: GC_CONCURRENT freed 505K, 6% free 10081K/10695K, paused 22ms+115ms
07-14 12:42:08.250 11692 11705 I PhoneLab-: Service Running
07-14 12:42:08.343 11692 11705 I PhoneLab-LoggerService: app_37    1373  1     1440   988   c00f181c 400107b4 S logcat
07-14 12:42:08.343 11692 11705 I PhoneLab-LoggerService: Logcat pid from database 1373
07-14 12:42:08.343 11692 11705 I PhoneLab-LoggerService: Logcat process found 1373
07-14 12:42:08.343 11692 11705 I PhoneLab-LoggerService: Checking Threshold
07-14 12:42:08.351 11692 11705 I PhoneLab-LoggerService: Starting to rename files
07-14 12:42:08.351 11692 11705 I PhoneLab-LoggerService: Files found .. 2
07-14 12:42:08.371 11692 11705 I PhoneLab-: Service Running
07-14 12:42:08.414 11692 11705 I PhoneLab-LoggerService: app_37    1373  1     1440   988   c00f181c 400107b4 S logcat
07-14 12:42:08.414 11692 11705 I PhoneLab-LoggerService: Logcat pid from database 1373
07-14 12:42:08.414 11692 11705 I PhoneLab-LoggerService: Logcat process found 1373
07-14 12:42:08.414 11692 11705 I PhoneLab-LoggerService: Checking Threshold
07-14 12:42:08.414 11692 11705 I PhoneLab-LoggerService: Starting to rename files
07-14 12:42:08.414 11692 11705 I PhoneLab-LoggerService: Files found .. 2
07-14 12:42:08.746 12739 12740 D dalvikvm: GC_CONCURRENT freed 511K, 6% free 10078K/10695K, paused 2ms+4ms
07-14 12:42:09.714 12739 12740 D dalvikvm: GC_CONCURRENT freed 495K, 6% free 10078K/10695K, paused 2ms+3ms
07-14 12:42:09.894   344   344 D SAN_SERVICE: *******************************************
07-14 12:42:09.894   344   344 D SAN_SERVICE: DM App Phone Service State - 0
07-14 12:42:09.898   344   344 D SAN_SERVICE: *******************************************
07-14 12:42:10.355   344   344 D SAN_SERVICE: *******************************************
07-14 12:42:10.355   344   344 D SAN_SERVICE: DM App Phone Service State - 0
07-14 12:42:10.355   344   344 D SAN_SERVICE: *******************************************
07-14 12:42:11.711 12739 12740 D dalvikvm: GC_CONCURRENT freed 536K, 7% free 10051K/10695K, paused 2ms+2ms
07-14 12:42:13.746   144   329 D dalvikvm: GC_EXPLICIT freed 1058K, 27% free 18126K/24711K, paused 4ms+11ms
07-14 12:42:13.875 12739 12740 D dalvikvm: GC_CONCURRENT freed 500K, 6% free 10060K/10695K, paused 2ms+3ms
07-14 12:42:14.707 12739 12740 D dalvikvm: GC_CONCURRENT freed 478K, 6% free 10077K/10695K, paused 1ms+7ms
07-14 12:42:14.933   344   344 D SAN_SERVICE: *******************************************
07-14 12:42:14.933   344   344 D SAN_SERVICE: DM App Phone Service State - 0
07-14 12:42:14.933   344   344 D SAN_SERVICE: *******************************************
07-14 12:42:15.386   344   344 D SAN_SERVICE: *******************************************
07-14 12:42:15.386   344   344 D SAN_SERVICE: DM App Phone Service State - 0
07-14 12:42:15.386   344   344 D SAN_SERVICE: *******************************************
07-14 12:42:16.894 12739 12740 D dalvikvm: GC_CONCURRENT freed 520K, 6% free 10067K/10695K, paused 2ms+4ms
07-14 12:42:18.777 12739 12740 D dalvikvm: GC_CONCURRENT freed 475K, 6% free 10116K/10695K, paused 1ms+5ms
07-14 12:42:19.699 12739 12740 D dalvikvm: GC_CONCURRENT freed 537K, 6% free 10057K/10695K, paused 2ms+3ms
07-14 12:42:20.148   344   344 D SAN_SERVICE: *******************************************
07-14 12:42:20.148   344   344 D SAN_SERVICE: DM App Phone Service State - 0
07-14 12:42:20.152   344   344 D SAN_SERVICE: *******************************************
07-14 12:42:20.343   344   344 D SAN_SERVICE: *******************************************
07-14 12:42:20.343   344   344 D SAN_SERVICE: DM App Phone Service State - 0
07-14 12:42:20.343   344   344 D SAN_SERVICE: *******************************************
07-14 12:42:21.699 12739 12740 D dalvikvm: GC_CONCURRENT freed 515K, 7% free 10052K/10695K, paused 1ms+11ms
07-14 12:42:22.875 10918 10920 D dalvikvm: GC_CONCURRENT freed 1592K, 11% free 21408K/23815K, paused 21ms+13ms
07-14 12:42:23.832 12739 12740 D dalvikvm: GC_CONCURRENT freed 500K, 6% free 10061K/10695K, paused 2ms+3ms
07-14 12:42:24.683 12739 12739 D dalvikvm: GC_EXPLICIT freed 284K, 7% free 10019K/10695K, paused 2ms+7ms
07-14 12:42:25.109   344   344 D SAN_SERVICE: *******************************************
07-14 12:42:25.109   344   344 D SAN_SERVICE: DM App Phone Service State - 0
07-14 12:42:25.109   344   344 D SAN_SERVICE: *******************************************
07-14 12:42:25.351   344   344 D SAN_SERVICE: *******************************************
07-14 12:42:25.351   344   344 D SAN_SERVICE: DM App Phone Service State - 0
07-14 12:42:25.351   344   344 D SAN_SERVICE: *******************************************
07-14 12:42:25.488 10918 10918 D dalvikvm: GC_FOR_ALLOC freed 533K, 8% free 21943K/23815K, paused 108ms
07-14 12:42:25.972   320   324 D dalvikvm: GC_CONCURRENT freed 1427K, 20% free 10161K/12615K, paused 3ms+16ms
07-14 12:42:26.082 12739 12740 D dalvikvm: GC_CONCURRENT freed 483K, 7% free 10047K/10695K, paused 2ms+3ms
07-14 12:42:27.707 12739 12740 D dalvikvm: GC_CONCURRENT freed 458K, 6% free 10122K/10695K, paused 2ms+4ms
07-14 12:42:29.441   144  7984 D dalvikvm: GC_EXPLICIT freed 913K, 27% free 18129K/24711K, paused 4ms+15ms
07-14 12:42:29.566 12739 12740 D dalvikvm: GC_CONCURRENT freed 551K, 6% free 10055K/10695K, paused 1ms+6ms
07-14 12:42:30.625 10918 10918 D dalvikvm: GC_FOR_ALLOC freed 1091K, 9% free 21972K/24071K, paused 124ms
07-14 12:42:30.890 10918 10918 D dalvikvm: GC_FOR_ALLOC freed 515K, 10% free 21753K/24135K, paused 126ms
07-14 12:42:31.113 10918 10918 I InputQueue-JNI: Sending finished signal for input channel '41d7b130 com.google.android.apps.maps/com.google.android.maps.MapsActivity (client)' since it is being unregistered while an input message is still in progress.
07-14 12:42:31.226 10918 10918 I InputQueue-JNI: Ignoring finish signal on channel that is no longer registered.
07-14 12:42:31.730 12739 12740 D dalvikvm: GC_CONCURRENT freed 508K, 6% free 10059K/10695K, paused 20ms+18ms
07-14 12:42:32.343 10918 13075 D dalvikvm: GC_FOR_ALLOC freed 1198K, 11% free 21633K/24135K, paused 133ms
07-14 12:42:32.671 10918 13075 D dalvikvm: GC_FOR_ALLOC freed 330K, 11% free 21622K/24135K, paused 100ms
07-14 12:42:33.039 10918 13075 D dalvikvm: GC_FOR_ALLOC freed 331K, 11% free 21632K/24135K, paused 101ms
07-14 12:42:33.726 12739 12740 D dalvikvm: GC_CONCURRENT freed 506K, 6% free 10060K/10695K, paused 12ms+4ms
07-14 12:42:34.332 11780 11782 D dalvikvm: GC_CONCURRENT freed 377K, 6% free 10495K/11079K, paused 24ms+12ms
07-14 12:42:34.421 12739 12740 D dalvikvm: GC_CONCURRENT freed 465K, 6% free 10072K/10695K, paused 2ms+3ms
07-14 12:42:34.847 12843 12844 D dalvikvm: GC_CONCURRENT freed 569K, 6% free 11368K/12039K, paused 7ms+4ms
07-14 12:42:34.941 12739 12740 D dalvikvm: GC_CONCURRENT freed 468K, 6% free 10077K/10695K, paused 3ms+5ms
07-14 12:42:35.398   344   344 D SAN_SERVICE: *******************************************
07-14 12:42:35.398   344   344 D SAN_SERVICE: DM App Phone Service State - 0
07-14 12:42:35.398   344   344 D SAN_SERVICE: *******************************************
07-14 12:42:36.687  5517  5625 D dalvikvm: GC_EXPLICIT freed 223K, 6% free 10427K/11079K, paused 7ms+25ms
07-14 12:42:36.863 12739 12740 D dalvikvm: GC_CONCURRENT freed 516K, 6% free 10070K/10695K, paused 2ms+3ms
07-14 12:42:38.726 12739 12740 D dalvikvm: GC_CONCURRENT freed 536K, 7% free 10041K/10695K, paused 2ms+3ms
07-14 12:42:39.535 11780 11782 D dalvikvm: GC_CONCURRENT freed 512K, 6% free 10489K/11079K, paused 2ms+3ms
07-14 12:42:39.839 12739 12740 D dalvikvm: GC_CONCURRENT freed 499K, 7% free 10051K/10695K, paused 8ms+2ms
07-14 12:42:41.714 12739 12740 D dalvikvm: GC_CONCURRENT freed 483K, 6% free 10065K/10695K, paused 1ms+4ms
07-14 12:42:43.734 12739 12740 D dalvikvm: GC_CONCURRENT freed 474K, 6% free 10071K/10695K, paused 3ms+2ms
07-14 12:42:44.718 12739 12740 D dalvikvm: GC_CONCURRENT freed 514K, 7% free 10042K/10695K, paused 6ms+7ms
07-14 12:42:45.839   144   403 D dalvikvm: JIT code cache reset in 6 ms (1048548 bytes 81/0)
07-14 12:42:45.871   144   403 D dalvikvm: GC_EXPLICIT freed 971K, 27% free 18132K/24711K, paused 7ms+18ms
07-14 12:42:46.695 12739 13402 D dalvikvm: GC_EXPLICIT freed 285K, 7% free 10017K/10695K, paused 9ms+3ms
07-14 12:42:47.718 12739 12740 D dalvikvm: GC_CONCURRENT freed 425K, 6% free 10071K/10695K, paused 2ms+3ms
07-14 12:42:49.695 12739 12740 D dalvikvm: GC_CONCURRENT freed 524K, 6% free 10054K/10695K, paused 2ms+3ms
07-14 12:42:49.828 11780 11782 D dalvikvm: GC_CONCURRENT freed 502K, 6% free 10498K/11079K, paused 2ms+3ms
07-14 12:42:50.703 12739 12740 D dalvikvm: GC_CONCURRENT freed 496K, 7% free 10047K/10695K, paused 3ms+4ms
07-14 12:42:52.785 12739 12740 D dalvikvm: GC_CONCURRENT freed 456K, 6% free 10070K/10695K, paused 2ms+2ms
07-14 12:42:54.605 12739 12740 D dalvikvm: GC_CONCURRENT freed 480K, 6% free 10071K/10695K, paused 6ms+3ms
07-14 12:42:55.679 12739 12740 D dalvikvm: GC_CONCURRENT freed 483K, 6% free 10070K/10695K, paused 1ms+3ms
07-14 12:42:57.461   344   344 D SAN_SERVICE: *******************************************
07-14 12:42:57.461   344   344 D SAN_SERVICE: DM App Phone Service State - 0
07-14 12:42:57.461   344   344 D SAN_SERVICE: *******************************************
07-14 12:42:57.699 12739 12740 D dalvikvm: GC_CONCURRENT freed 482K, 6% free 10071K/10695K, paused 2ms+3ms
07-14 12:42:58.058 12865 13429 D GetStringObjTask: retrieving from url = http://www.chess.com/api/get_move_status?id=5HHjW9WUGa%2Bcu1LUwnVJPxTIWxmEve4VdkRnRyg7b5Ch69JH2Z5aB%2B7eGuFw8K2uFx47KFsdE3JRdR3Mzv0PkZOj6eZ8N73BvxmEERrzXjMNRo80rkLyJAUTh0iqof4n
07-14 12:42:58.468   344   344 D SAN_SERVICE: *******************************************
07-14 12:42:58.468   344   344 D SAN_SERVICE: DM App Phone Service State - 0
07-14 12:42:58.472   344   344 D SAN_SERVICE: *******************************************
07-14 12:42:58.902 12865 13429 D GetStringObjTask: WebRequest SERVER RESPONSE: Success+0
07-14 12:42:59.761 12739 12740 D dalvikvm: GC_CONCURRENT freed 503K, 6% free 10075K/10695K, paused 3ms+3ms
07-14 12:43:00.105 11780 11782 D dalvikvm: GC_CONCURRENT freed 564K, 6% free 10501K/11143K, paused 6ms+3ms
07-14 12:43:00.781 12739 12740 D dalvikvm: GC_CONCURRENT freed 540K, 7% free 10044K/10695K, paused 2ms+2ms
07-14 12:43:02.859 12739 12740 D dalvikvm: GC_CONCURRENT freed 481K, 7% free 10049K/10695K, paused 3ms+3ms
07-14 12:43:04.660   144   380 D dalvikvm: GC_EXPLICIT freed 976K, 27% free 18112K/24711K, paused 3ms+10ms
07-14 12:43:04.820 12739 12740 D dalvikvm: GC_CONCURRENT freed 478K, 6% free 10081K/10695K, paused 2ms+3ms
07-14 12:43:06.679 12739 12740 D dalvikvm: GC_CONCURRENT freed 460K, 7% free 10024K/10695K, paused 3ms+3ms
07-14 12:43:07.711 12739 12740 D dalvikvm: GC_CONCURRENT freed 414K, 6% free 10068K/10695K, paused 2ms+3ms
07-14 12:43:08.058 11780 11782 D dalvikvm: GC_CONCURRENT freed 398K, 6% free 10487K/11143K, paused 3ms+3ms
07-14 12:43:09.570 12739 12750 D dalvikvm: GC_EXPLICIT freed 303K, 7% free 10020K/10695K, paused 6ms+3ms
07-14 12:43:09.793 12739 12740 D dalvikvm: GC_CONCURRENT freed 386K, 6% free 10057K/10695K, paused 3ms+3ms
07-14 12:43:11.707 12739 12740 D dalvikvm: GC_CONCURRENT freed 446K, 6% free 10071K/10695K, paused 2ms+3ms
07-14 12:43:13.804 12739 12740 D dalvikvm: GC_CONCURRENT freed 458K, 6% free 10072K/10695K, paused 2ms+3ms
07-14 12:43:14.218 10918 10920 D dalvikvm: GC_CONCURRENT freed 2170K, 12% free 21388K/24135K, paused 3ms+10ms
07-14 12:43:15.015 10918 10933 D dalvikvm: GC_FOR_ALLOC freed 859K, 12% free 21401K/24135K, paused 118ms
07-14 12:43:15.015 10918 10933 I dalvikvm-heap: Grow heap (frag case) to 21.108MB for 146056-byte allocation
07-14 12:43:15.117 10918 13083 D dalvikvm: GC_FOR_ALLOC freed 79K, 12% free 21465K/24327K, paused 92ms
07-14 12:43:16.246 10918 13473 D dalvikvm: GC_FOR_ALLOC freed 1313K, 11% free 21799K/24327K, paused 137ms
07-14 12:43:16.394   344   344 D SAN_SERVICE: *******************************************
07-14 12:43:16.394   344   344 D SAN_SERVICE: DM App Phone Service State - 0
07-14 12:43:16.394   344   344 D SAN_SERVICE: *******************************************
07-14 12:43:16.441 10918 10933 D dalvikvm: GC_FOR_ALLOC freed 263K, 11% free 21716K/24327K, paused 134ms
07-14 12:43:16.875 12739 12740 D dalvikvm: GC_CONCURRENT freed 513K, 6% free 10069K/10695K, paused 3ms+5ms
07-14 12:43:17.222 10918 10933 D dalvikvm: GC_FOR_ALLOC freed 1325K, 11% free 21706K/24327K, paused 109ms
07-14 12:43:17.328 12739 12740 D dalvikvm: GC_CONCURRENT freed 459K, 6% free 10068K/10695K, paused 20ms+3ms
07-14 12:43:18.668  5517  5625 D dalvikvm: GC_EXPLICIT freed 227K, 6% free 10440K/11079K, paused 2ms+7ms
07-14 12:43:18.789 12739 12740 D dalvikvm: GC_CONCURRENT freed 444K, 6% free 10064K/10695K, paused 2ms+3ms
07-14 12:43:19.640 11780 11782 D dalvikvm: GC_CONCURRENT freed 504K, 6% free 10494K/11143K, paused 3ms+3ms
07-14 12:43:20.007 12739 12740 D dalvikvm: GC_CONCURRENT freed 470K, 6% free 10087K/10695K, paused 2ms+2ms
07-14 12:43:21.402   344   344 D SAN_SERVICE: *******************************************
07-14 12:43:21.402   344   344 D SAN_SERVICE: DM App Phone Service State - 0
07-14 12:43:21.402   344   344 D SAN_SERVICE: *******************************************
07-14 12:43:21.511 10918 13475 D dalvikvm: GC_FOR_ALLOC freed 826K, 11% free 21727K/24327K, paused 135ms
07-14 12:43:21.683 12739 12740 D dalvikvm: GC_CONCURRENT freed 501K, 6% free 10068K/10695K, paused 2ms+6ms
07-14 12:43:22.742   144  9084 D dalvikvm: GC_EXPLICIT freed 894K, 27% free 18100K/24711K, paused 4ms+12ms
07-14 12:43:23.734 12739 12740 D dalvikvm: GC_CONCURRENT freed 486K, 6% free 10076K/10695K, paused 2ms+4ms
07-14 12:43:25.039 11780 11782 D dalvikvm: GC_CONCURRENT freed 506K, 6% free 10499K/11143K, paused 2ms+3ms
07-14 12:43:25.203 12739 12740 D dalvikvm: GC_CONCURRENT freed 466K, 6% free 10064K/10695K, paused 2ms+3ms
07-14 12:43:26.703 12739 12740 D dalvikvm: GC_CONCURRENT freed 439K, 6% free 10058K/10695K, paused 2ms+3ms
07-14 12:43:28.699 12739 12740 D dalvikvm: GC_CONCURRENT freed 433K, 6% free 10058K/10695K, paused 3ms+3ms
07-14 12:43:29.707 12739 12740 D dalvikvm: GC_CONCURRENT freed 437K, 6% free 10059K/10695K, paused 1ms+2ms
07-14 12:43:31.707 12739 12740 D dalvikvm: GC_CONCURRENT freed 433K, 6% free 10059K/10695K, paused 2ms+3ms
07-14 12:43:32.726 12739 12739 D dalvikvm: GC_EXPLICIT freed 54K, 7% free 10010K/10695K, paused 3ms+11ms
07-14 12:43:32.781 11780 11782 D dalvikvm: GC_CONCURRENT freed 412K, 6% free 10522K/11143K, paused 2ms+31ms
07-14 12:43:33.695 12739 12740 D dalvikvm: GC_CONCURRENT freed 382K, 6% free 10056K/10695K, paused 2ms+2ms
07-14 12:43:34.164 11780 11800 D dalvikvm: GC_EXPLICIT freed 119K, 7% free 10462K/11143K, paused 13ms+3ms
07-14 12:43:34.976   214   216 D dalvikvm: GC_CONCURRENT freed 206K, 53% free 10499K/22023K, paused 3ms+25ms
07-14 12:43:35.214   214   216 D dalvikvm: GC_CONCURRENT freed 469K, 53% free 10482K/22023K, paused 11ms+4ms
07-14 12:43:35.320 12739 12740 D dalvikvm: GC_CONCURRENT freed 412K, 7% free 10050K/10695K, paused 21ms+3ms
07-14 12:43:36.726 11342 11344 D dalvikvm: GC_CONCURRENT freed 404K, 6% free 9066K/9543K, paused 6ms+16ms
07-14 12:43:36.855 12739 12740 D dalvikvm: GC_CONCURRENT freed 420K, 6% free 10064K/10695K, paused 2ms+3ms
07-14 12:43:38.699 12739 12740 D dalvikvm: GC_CONCURRENT freed 437K, 6% free 10062K/10695K, paused 3ms+3ms
07-14 12:43:39.836 11780 11782 D dalvikvm: GC_CONCURRENT freed 501K, 7% free 10473K/11143K, paused 2ms+3ms
07-14 12:43:40.027   144  7984 D dalvikvm: GC_EXPLICIT freed 900K, 27% free 18096K/24711K, paused 4ms+11ms
07-14 12:43:40.132 12739 12740 D dalvikvm: GC_CONCURRENT freed 435K, 6% free 10065K/10695K, paused 2ms+2ms
07-14 12:43:41.765 12739 12740 D dalvikvm: GC_CONCURRENT freed 438K, 6% free 10060K/10695K, paused 2ms+3ms
07-14 12:43:43.703 12739 12740 D dalvikvm: GC_CONCURRENT freed 433K, 6% free 10061K/10695K, paused 2ms+4ms
07-14 12:43:45.074   214   216 D dalvikvm: GC_CONCURRENT freed 513K, 53% free 10454K/22023K, paused 5ms+17ms
07-14 12:43:45.207 12739 12740 D dalvikvm: GC_CONCURRENT freed 435K, 6% free 10063K/10695K, paused 9ms+3ms
07-14 12:43:46.699 12739 12740 D dalvikvm: GC_CONCURRENT freed 435K, 6% free 10062K/10695K, paused 2ms+2ms
07-14 12:43:48.695 12739 12740 D dalvikvm: GC_CONCURRENT freed 491K, 6% free 10056K/10695K, paused 2ms+4ms
07-14 12:43:49.414   144   402 D AlarmManagerService: Kernel timezone updated to 240 minutes west of GMT
07-14 12:43:49.421   344   344 D SystemClock: Setting time of day to sec=1342284231
07-14 12:43:51.148   144   161 I ActivityManager: Start proc com.android.calendar for broadcast com.android.calendar/.widget.CalendarAppWidgetService$CalendarFactory: pid=13557 uid=10005 gids={3003}
07-14 12:43:51.433 13557 13557 I ActivityThread: Pub com.android.calendar.CalendarRecentSuggestionsProvider: com.android.calendar.CalendarRecentSuggestionsProvider
07-14 12:43:51.839 12900 12926 V AlarmClock: AlarmInitReceiver finished
07-14 12:43:51.851   144 10051 I ActivityManager: Start proc com.android.providers.calendar for content provider com.android.providers.calendar/.CalendarProvider2: pid=13575 uid=10006 gids={3003, 1015}
07-14 12:43:51.995 13575 13575 I ActivityThread: Pub com.android.calendar: com.android.providers.calendar.CalendarProvider2
07-14 12:43:52.394 11780 11782 D dalvikvm: GC_CONCURRENT freed 504K, 6% free 10480K/11143K, paused 19ms+5ms
07-14 12:43:52.585 12739 12740 D dalvikvm: GC_CONCURRENT freed 482K, 6% free 10081K/10695K, paused 2ms+3ms
07-14 12:43:53.163 13575 13575 I CalendarProvider2: Sending notification intent: Intent { act=android.intent.action.PROVIDER_CHANGED dat=content://com.android.calendar }
07-14 12:43:53.171 13575 13575 W ContentResolver: Failed to get type for: content://com.android.calendar (Unknown URL content://com.android.calendar)
07-14 12:43:54.324 12739 12740 D dalvikvm: GC_CONCURRENT freed 534K, 6% free 10057K/10695K, paused 7ms+3ms
07-14 12:43:56.324 12739 12740 D dalvikvm: GC_CONCURRENT freed 482K, 6% free 10079K/10695K, paused 2ms+3ms
07-14 12:43:57.050 11780 11782 D dalvikvm: GC_CONCURRENT freed 419K, 7% free 10475K/11143K, paused 2ms+6ms
07-14 12:43:57.081 12739 12739 D dalvikvm: GC_EXPLICIT freed 89K, 7% free 10015K/10695K, paused 2ms+3ms
07-14 12:43:57.351   144 30930 D dalvikvm: GC_EXPLICIT freed 911K, 27% free 18097K/24711K, paused 4ms+11ms
07-14 12:43:57.472 12739 12740 D dalvikvm: GC_CONCURRENT freed 371K, 7% free 10052K/10695K, paused 2ms+2ms
07-14 12:43:59.160 11692 11705 I PhoneLab-: Service Running
07-14 12:43:59.331 11692 11705 I PhoneLab-LoggerService: app_37    1373  1     1440   988   c00f181c 400107b4 S logcat
07-14 12:43:59.331 11692 11705 I PhoneLab-LoggerService: Logcat pid from database 1373
07-14 12:43:59.331 11692 11705 I PhoneLab-LoggerService: Logcat process found 1373
07-14 12:43:59.331 11692 11705 I PhoneLab-LoggerService: Checking Threshold
07-14 12:43:59.335 11692 11705 I PhoneLab-LoggerService: Starting to rename files
07-14 12:43:59.335 11692 11705 I PhoneLab-LoggerService: Files found .. 2
07-14 12:43:59.355 11692 11694 D dalvikvm: GC_CONCURRENT freed 450K, 6% free 9109K/9671K, paused 2ms+4ms
07-14 12:43:59.437 12739 12740 D dalvikvm: GC_CONCURRENT freed 410K, 7% free 10050K/10695K, paused 3ms+2ms
07-14 12:44:00.312  5517  5625 D dalvikvm: GC_EXPLICIT freed 271K, 6% free 10438K/11079K, paused 3ms+6ms
07-14 12:44:01.351 12739 12740 D dalvikvm: GC_CONCURRENT freed 408K, 7% free 10051K/10695K, paused 3ms+3ms
07-14 12:44:03.249 12739 12740 D dalvikvm: GC_CONCURRENT freed 423K, 7% free 10027K/10695K, paused 2ms+3ms
07-14 12:44:04.339 12739 12740 D dalvikvm: GC_CONCURRENT freed 374K, 7% free 10042K/10695K, paused 2ms+3ms
07-14 12:44:06.331 12739 12740 D dalvikvm: GC_CONCURRENT freed 400K, 7% free 10049K/10695K, paused 2ms+3ms
07-14 12:44:08.359 12739 12740 D dalvikvm: GC_CONCURRENT freed 463K, 6% free 10081K/10695K, paused 14ms+23ms
07-14 12:44:10.308 12739 12740 D dalvikvm: GC_CONCURRENT freed 493K, 6% free 10072K/10695K, paused 2ms+4ms
07-14 12:44:11.785 12739 12740 D dalvikvm: GC_CONCURRENT freed 424K, 7% free 10041K/10695K, paused 2ms+3ms
07-14 12:44:12.546 10918 10920 D dalvikvm: GC_CONCURRENT freed 2027K, 12% free 21625K/24327K, paused 22ms+8ms
07-14 12:44:13.312 12739 12740 D dalvikvm: GC_CONCURRENT freed 401K, 7% free 10048K/10695K, paused 2ms+3ms
07-14 12:44:15.406 12739 12740 D dalvikvm: GC_CONCURRENT freed 407K, 7% free 10048K/10695K, paused 2ms+2ms
07-14 12:44:16.367   144  9084 D dalvikvm: GC_EXPLICIT freed 981K, 27% free 18120K/24711K, paused 4ms+12ms
07-14 12:44:16.648   144   171 I power   : *** set_screen_state 0
07-14 12:44:16.714    78   120 D SurfaceFlinger: About to give-up screen, flinger = 0x5b4918
07-14 12:44:17.273   144   160 W ActivityManager: Activity pause timeout for ActivityRecord{4162b9f0 com.google.android.apps.maps/com.google.android.maps.MapsActivity}
07-14 12:44:17.285   144   160 I Process : Sending signal. PID: 10918 SIG: 3
07-14 12:44:17.285 10918 10922 I dalvikvm: threadid=3: reacting to signal 3
07-14 12:44:17.441 10918 10922 I dalvikvm: Wrote stack traces to '/data/anr/traces.txt'
07-14 12:44:17.519 12739 12740 D dalvikvm: GC_CONCURRENT freed 421K, 6% free 10082K/10695K, paused 2ms+3ms
07-14 12:44:18.058   144   402 W ActivityManager: finishReceiver called but no pending broadcasts
07-14 12:44:18.296 12739 12740 D dalvikvm: GC_CONCURRENT freed 538K, 7% free 10049K/10695K, paused 1ms+2ms
07-14 12:44:21.827 12739 12750 D dalvikvm: GC_EXPLICIT freed 37K, 7% free 10011K/10695K, paused 2ms+8ms
07-14 12:44:21.827   144   175 V TransportControlView: Create TCV com.android.internal.widget.TransportControlView@415fab98
07-14 12:44:21.870   214   214 D PhoneStatusBar: disable: < expand icons alerts ticker system_info back home RECENT* clock >
07-14 12:44:21.921   214   214 D PhoneStatusBar: disable: < expand icons alerts ticker system_info BACK* HOME* RECENT CLOCK* >
07-14 12:45:21.340 12739 12740 D dalvikvm: GC_CONCURRENT freed 423K, 6% free 10099K/10695K, paused 4ms+3ms
07-14 12:45:21.816   144  9084 D AlarmManagerService: Kernel timezone updated to 240 minutes west of GMT
07-14 12:46:21.890   144  7984 D AlarmManagerService: Kernel timezone updated to 240 minutes west of GMT
07-14 12:47:21.109   344   347 D dalvikvm: GC_CONCURRENT freed 922K, 15% free 11982K/14087K, paused 12ms+3ms
07-14 12:47:22.027 12739 12740 D dalvikvm: GC_CONCURRENT freed 511K, 6% free 10099K/10695K, paused 2ms+3ms
07-14 12:47:22.152 11780 11782 D dalvikvm: GC_CONCURRENT freed 402K, 7% free 10470K/11143K, paused 7ms+2ms
07-14 12:47:38.636 12843 12844 D dalvikvm: GC_CONCURRENT freed 664K, 7% free 11401K/12167K, paused 30ms+2ms
07-14 12:47:39.379   144   403 I ActivityManager: Process com.google.android.apps.gesturesearch (pid 12808) has died.
07-14 12:47:39.558   214   214 D dalvikvm: GC_EXPLICIT freed 686K, 55% free 10040K/22023K, paused 3ms+4ms
07-14 12:47:39.590 12865 12867 D dalvikvm: GC_CONCURRENT freed 343K, 5% free 9451K/9927K, paused 21ms+2ms
07-14 12:47:39.644   214   214 D dalvikvm: GC_FOR_ALLOC freed 384K, 55% free 10019K/22023K, paused 17ms
07-14 12:47:39.695   214   216 D dalvikvm: GC_CONCURRENT freed 442K, 55% free 10017K/22023K, paused 2ms+3ms
07-14 12:47:39.800   214   216 D dalvikvm: GC_CONCURRENT freed 407K, 55% free 10033K/22023K, paused 2ms+3ms
07-14 12:47:39.894   144   160 I Process : Sending signal. PID: 10918 SIG: 3
07-14 12:47:39.894 10918 10922 I dalvikvm: threadid=3: reacting to signal 3
07-14 12:47:39.894 10918 10922 D dalvikvm: ExtrMon: insns 0x6 not valid (0x0 - 0x0)
07-14 12:47:39.910 10918 10922 I dalvikvm: Wrote stack traces to '/data/anr/traces.txt'
07-14 12:47:39.914   144   160 I Process : Sending signal. PID: 10918 SIG: 3
07-14 12:47:39.914 10918 10922 I dalvikvm: threadid=3: reacting to signal 3
07-14 12:47:39.914 10918 10922 D dalvikvm: ExtrMon: insns 0x6 not valid (0x0 - 0x0)
07-14 12:47:39.914   144   160 W ActivityManager: Activity pause timeout for ActivityRecord{4162b9f0 com.google.android.apps.maps/com.google.android.maps.MapsActivity}
07-14 12:47:39.929 10918 10922 I dalvikvm: Wrote stack traces to '/data/anr/traces.txt'
07-14 12:47:40.351   214   214 D dalvikvm: GC_FOR_ALLOC freed 389K, 55% free 10016K/22023K, paused 18ms
07-14 12:47:40.406   214   216 D dalvikvm: GC_CONCURRENT freed 445K, 55% free 10015K/22023K, paused 2ms+2ms
07-14 12:47:40.527   214   216 D dalvikvm: GC_CONCURRENT freed 420K, 55% free 10019K/22023K, paused 2ms+3ms
07-14 12:47:40.644 12739 12740 D dalvikvm: GC_CONCURRENT freed 506K, 6% free 10099K/10695K, paused 2ms+3ms
07-14 12:47:50.238   344   344 D SAN_SERVICE: *******************************************
07-14 12:47:50.238   344   344 D SAN_SERVICE: DM App Phone Service State - 0
07-14 12:47:50.238   344   344 D SAN_SERVICE: *******************************************
07-14 12:47:50.976   344   344 D SAN_SERVICE: *******************************************
07-14 12:47:50.976   344   344 D SAN_SERVICE: DM App Phone Service State - 0
07-14 12:47:50.976   344   344 D SAN_SERVICE: *******************************************
07-14 12:48:05.074 12865 13696 D GetStringObjTask: retrieving from url = http://www.chess.com/api/get_move_status?id=5HHjW9WUGa%2Bcu1LUwnVJPxTIWxmEve4VdkRnRyg7b5Ch69JH2Z5aB%2B7eGuFw8K2uFx47KFsdE3JRdR3Mzv0PkZOj6eZ8N73BvxmEERrzXjMNRo80rkLyJAUTh0iqof4n
07-14 12:48:05.488   144   147 D dalvikvm: GC_CONCURRENT freed 1193K, 24% free 18848K/24711K, paused 8ms+7ms
07-14 12:48:06.035 12865 13696 D GetStringObjTask: WebRequest SERVER RESPONSE: Success+0
07-14 12:48:13.011   144   175 I power   : *** set_screen_state 1
07-14 12:48:13.093   144   175 I WindowManager: Lock screen displayed!
07-14 12:48:13.215    78   120 D SurfaceFlinger: Screen about to return, flinger = 0x5b4918
07-14 12:48:13.492   214   216 D dalvikvm: GC_CONCURRENT freed 248K, 54% free 10204K/22023K, paused 1ms+4ms
07-14 12:48:13.574   214   216 D dalvikvm: GC_CONCURRENT freed 491K, 54% free 10141K/22023K, paused 4ms+4ms
07-14 12:48:13.824 12739 12740 D dalvikvm: GC_CONCURRENT freed 477K, 6% free 10074K/10695K, paused 1ms+3ms
07-14 12:48:14.347   214   214 D PhoneStatusBar: disable: < expand icons alerts ticker system_info BACK HOME recent* CLOCK >
07-14 12:48:14.394   144   376 W InputManagerService: Window already focused, ignoring focus gain of: com.android.internal.view.IInputMethodClient$Stub$Proxy@4176c718
07-14 12:48:14.414   214   214 D PhoneStatusBar: disable: < expand icons alerts ticker system_info back* home* recent clock* >
07-14 12:48:14.465   144   161 I ActivityManager: Start proc com.google.android.apps.gesturesearch for broadcast com.google.android.apps.gesturesearch/.motion.ScreenStateReceiver: pid=13707 uid=10088 gids={3003}
07-14 12:48:14.539 13707 13707 I dalvikvm: Turning on JNI app bug workarounds for target SDK version 8...
07-14 12:48:14.691 13707 13707 I ActivityThread: Pub com.google.android.apps.gesturesearch.history: com.google.android.apps.gesturesearch.data.QueryHistoryProvider
07-14 12:48:14.695 13707 13707 I ActivityThread: Pub com.google.android.apps.gesturesearch.index: com.google.android.apps.gesturesearch.data.IndexProvider
07-14 12:48:14.840   144 24503 D dalvikvm: GC_EXPLICIT freed 312K, 24% free 18784K/24711K, paused 4ms+10ms
07-14 12:48:15.129 12677 12679 D dalvikvm: GC_CONCURRENT freed 424K, 7% free 9540K/10183K, paused 2ms+13ms
07-14 12:48:17.304 10918 10918 D dalvikvm: GC_FOR_ALLOC freed 1253K, 10% free 21970K/24327K, paused 161ms
07-14 12:48:17.777   144   155 I ActivityManager: Process com.android.deskclock (pid 12900) has died.
07-14 12:48:17.906 12739 12740 D dalvikvm: GC_CONCURRENT freed 443K, 6% free 10060K/10695K, paused 2ms+4ms
07-14 12:48:18.972 10918 10918 D dalvikvm: GC_FOR_ALLOC freed 666K, 9% free 22146K/24327K, paused 151ms
07-14 12:48:19.675 12739 12740 D dalvikvm: GC_CONCURRENT freed 479K, 6% free 10092K/10695K, paused 62ms+3ms
07-14 12:48:19.820 10918 10918 D dalvikvm: GC_EXPLICIT freed 587K, 7% free 22677K/24327K, paused 27ms+9ms
07-14 12:48:20.050   344   344 D SAN_SERVICE: *******************************************
07-14 12:48:20.050   344   344 D SAN_SERVICE: DM App Phone Service State - 0
07-14 12:48:20.050   344   344 D SAN_SERVICE: *******************************************
07-14 12:48:20.293   344   344 D SAN_SERVICE: *******************************************
07-14 12:48:20.293   344   344 D SAN_SERVICE: DM App Phone Service State - 0
07-14 12:48:20.293   344   344 D SAN_SERVICE: *******************************************
07-14 12:48:20.324   320   324 D dalvikvm: GC_CONCURRENT freed 476K, 20% free 10162K/12615K, paused 1ms+12ms
07-14 12:48:20.711 12739 12740 D dalvikvm: GC_CONCURRENT freed 444K, 7% free 10049K/10695K, paused 2ms+4ms
07-14 12:48:20.808   344   344 D SAN_SERVICE: *******************************************
07-14 12:48:20.808   344   344 D SAN_SERVICE: DM App Phone Service State - 0
07-14 12:48:20.808   344   344 D SAN_SERVICE: *******************************************
07-14 12:48:21.300   344   344 D SAN_SERVICE: *******************************************
07-14 12:48:21.300   344   344 D SAN_SERVICE: DM App Phone Service State - 0
07-14 12:48:21.300   344   344 D SAN_SERVICE: *******************************************
07-14 12:48:21.425 10918 13061 D dalvikvm: GC_FOR_ALLOC freed 1255K, 9% free 22579K/24775K, paused 112ms
07-14 12:48:21.472   144   171 I power   : *** set_screen_state 0
07-14 12:48:21.519    78   120 D SurfaceFlinger: About to give-up screen, flinger = 0x5b4918
07-14 12:48:21.632   144   175 V TransportControlView: Create TCV com.android.internal.widget.TransportControlView@416c7d68
07-14 12:48:21.672   214   214 D PhoneStatusBar: disable: < expand icons alerts ticker system_info back home RECENT* clock >
07-14 12:48:21.781   214   214 D PhoneStatusBar: disable: < expand icons alerts ticker system_info BACK* HOME* RECENT CLOCK* >
07-14 12:48:21.824 10918 13061 D dalvikvm: GC_FOR_ALLOC freed 271K, 9% free 22642K/24775K, paused 267ms
07-14 12:48:21.945  5517  5521 D dalvikvm: GC_CONCURRENT freed 381K, 6% free 10442K/11079K, paused 2ms+9ms
07-14 12:48:22.050 10918 13061 D dalvikvm: GC_FOR_ALLOC freed 385K, 10% free 22536K/24775K, paused 189ms
07-14 12:48:22.199 12739 12740 D dalvikvm: GC_CONCURRENT freed 450K, 6% free 10109K/10695K, paused 24ms+8ms
07-14 12:48:22.312   214   216 D dalvikvm: GC_CONCURRENT freed 456K, 54% free 10194K/22023K, paused 1ms+3ms
07-14 12:48:22.402   214   216 D dalvikvm: GC_CONCURRENT freed 483K, 54% free 10215K/22023K, paused 2ms+4ms
07-14 12:48:38.007   144   175 I power   : *** set_screen_state 1
07-14 12:48:38.078   144   175 I WindowManager: Lock screen displayed!
07-14 12:48:38.082   144   424 D AlarmManagerService: Kernel timezone updated to 240 minutes west of GMT
07-14 12:48:38.238    78   120 D SurfaceFlinger: Screen about to return, flinger = 0x5b4918
07-14 12:48:38.363   214   214 D dalvikvm: GC_FOR_ALLOC freed 554K, 55% free 10028K/22023K, paused 38ms
07-14 12:48:38.523   214   216 D dalvikvm: GC_CONCURRENT freed 346K, 55% free 10104K/22023K, paused 4ms+3ms
07-14 12:48:38.711 12739 12740 D dalvikvm: GC_CONCURRENT freed 487K, 6% free 10073K/10695K, paused 3ms+13ms
07-14 12:48:38.828   214   214 D PhoneStatusBar: disable: < expand icons alerts ticker system_info BACK HOME recent* CLOCK >
07-14 12:48:38.855   144  9084 W InputManagerService: Window already focused, ignoring focus gain of: com.android.internal.view.IInputMethodClient$Stub$Proxy@41752a68
07-14 12:48:38.879   214   214 D PhoneStatusBar: disable: < expand icons alerts ticker system_info back* home* recent clock* >
07-14 12:48:39.738   144   403 D dalvikvm: GC_EXPLICIT freed 969K, 22% free 19312K/24711K, paused 4ms+16ms
07-14 12:48:40.050 12739 12740 D dalvikvm: GC_CONCURRENT freed 465K, 7% free 10053K/10695K, paused 123ms+3ms
07-14 12:48:40.472   320   324 D dalvikvm: GC_CONCURRENT freed 388K, 20% free 10160K/12615K, paused 2ms+19ms
07-14 12:48:40.730 10918 10920 D dalvikvm: GC_CONCURRENT freed 1759K, 9% free 22779K/24775K, paused 21ms+22ms
07-14 12:48:41.609 11780 11782 D dalvikvm: GC_CONCURRENT freed 381K, 7% free 10474K/11143K, paused 10ms+38ms
07-14 12:48:41.718 12739 12740 D dalvikvm: GC_CONCURRENT freed 463K, 6% free 10102K/10695K, paused 7ms+4ms
07-14 12:48:43.625 12739 12740 D dalvikvm: GC_CONCURRENT freed 542K, 6% free 10071K/10695K, paused 2ms+3ms
07-14 12:48:44.070 10918 10918 D dalvikvm: GC_FOR_ALLOC freed 821K, 11% free 22182K/24775K, paused 148ms
07-14 12:48:44.273  5517 12752 D dalvikvm: GC_EXPLICIT freed 114K, 7% free 10367K/11079K, paused 3ms+13ms
07-14 12:48:44.566 12739 12740 D dalvikvm: GC_CONCURRENT freed 515K, 6% free 10067K/10695K, paused 2ms+3ms
07-14 12:48:45.660 12739 12740 D dalvikvm: GC_CONCURRENT freed 506K, 6% free 10072K/10695K, paused 16ms+6ms
07-14 12:48:46.644 12739 12740 D dalvikvm: GC_CONCURRENT freed 439K, 7% free 10049K/10695K, paused 1ms+4ms
07-14 12:48:47.586 12739 12739 D dalvikvm: GC_EXPLICIT freed 42K, 7% free 10013K/10695K, paused 2ms+2ms
07-14 12:48:48.711 12739 12740 D dalvikvm: GC_CONCURRENT freed 420K, 6% free 10104K/10695K, paused 34ms+4ms
07-14 12:48:48.921 10918 10918 D dalvikvm: GC_FOR_ALLOC freed 1672K, 12% free 21942K/24775K, paused 170ms
07-14 12:48:49.015 11780 11782 D dalvikvm: GC_CONCURRENT freed 508K, 6% free 10478K/11143K, paused 2ms+7ms
07-14 12:48:49.761 12739 12740 D dalvikvm: GC_CONCURRENT freed 511K, 6% free 10105K/10695K, paused 3ms+14ms
07-14 12:48:51.589 12739 12740 D dalvikvm: GC_CONCURRENT freed 516K, 6% free 10100K/10695K, paused 2ms+3ms
07-14 12:48:52.058 10918 10920 D dalvikvm: GC_CONCURRENT freed 1888K, 11% free 22102K/24775K, paused 3ms+13ms
07-14 12:48:52.277 10918 13075 D dalvikvm: GC_FOR_ALLOC freed 529K, 13% free 21773K/24775K, paused 105ms
07-14 12:48:53.601 12739 12740 D dalvikvm: GC_CONCURRENT freed 517K, 6% free 10093K/10695K, paused 8ms+4ms
07-14 12:48:55.621 12739 12740 D dalvikvm: GC_CONCURRENT freed 529K, 6% free 10076K/10695K, paused 2ms+6ms
07-14 12:48:56.183 11780 11782 D dalvikvm: GC_CONCURRENT freed 392K, 6% free 10494K/11143K, paused 2ms+9ms
07-14 12:48:56.261 10918 13075 D dalvikvm: GC_FOR_ALLOC freed 692K, 12% free 21966K/24775K, paused 128ms
07-14 12:48:56.515 10918 10933 D dalvikvm: GC_FOR_ALLOC freed 202K, 12% free 21951K/24775K, paused 182ms
07-14 12:48:56.515 10918 10933 I dalvikvm-heap: Grow heap (frag case) to 21.704MB for 206316-byte allocation
07-14 12:48:56.617   144   424 D dalvikvm: GC_EXPLICIT freed 2142K, 27% free 18115K/24711K, paused 4ms+42ms
07-14 12:48:56.703 10918 10918 D dalvikvm: GC_FOR_ALLOC freed 1K, 12% free 22151K/25031K, paused 171ms
07-14 12:48:57.140 10918 13075 D dalvikvm: GC_FOR_ALLOC freed 706K, 13% free 21832K/25031K, paused 170ms
07-14 12:48:57.410 12739 12740 D dalvikvm: GC_CONCURRENT freed 516K, 6% free 10071K/10695K, paused 2ms+6ms
07-14 12:48:58.601 12739 12740 D dalvikvm: GC_CONCURRENT freed 518K, 6% free 10064K/10695K, paused 2ms+2ms
07-14 12:48:59.621 12739 12740 D dalvikvm: GC_CONCURRENT freed 511K, 6% free 10065K/10695K, paused 2ms+3ms
07-14 12:49:01.621 12739 12740 D dalvikvm: GC_CONCURRENT freed 508K, 6% free 10068K/10695K, paused 1ms+2ms
07-14 12:49:03.566 12739 12740 D dalvikvm: GC_CONCURRENT freed 494K, 6% free 10068K/10695K, paused 2ms+3ms
07-14 12:49:04.269 11780 11782 D dalvikvm: GC_CONCURRENT freed 512K, 6% free 10493K/11143K, paused 3ms+3ms
07-14 12:49:04.421 12739 12740 D dalvikvm: GC_CONCURRENT freed 411K, 7% free 10042K/10695K, paused 2ms+2ms
07-14 12:49:04.586   144   173 I ActivityManager: Start proc com.google.android.apps.plus for service com.google.android.apps.plus/.service.EsService: pid=13861 uid=10060 gids={3003, 3002, 1015, 1006}
07-14 12:49:04.632   144   161 I ActivityManager: Start proc com.facebook.orca for broadcast com.facebook.orca/.analytics.HoneyAnalyticsPeriodicReporter$ReporterBroadcastReceiver: pid=13872 uid=10062 gids={3003, 1015, 1006}
07-14 12:49:04.687 13872 13872 I dalvikvm: Turning on JNI app bug workarounds for target SDK version 10...
07-14 12:49:05.199 13872 13872 I ActivityThread: Pub com.facebook.orca.notify.MessengerLoggedInUserProvider: com.facebook.orca.notify.MessengerLoggedInUserProvider
07-14 12:49:05.230 13872 13872 I ActivityThread: Pub com.facebook.orca.notify.MessengerForegroundProvider: com.facebook.orca.notify.MessengerForegroundProvider
07-14 12:49:05.273 13872 13872 V orca:OrcaApplication: Forcing initialization of AsyncTask
07-14 12:49:05.367 13861 13862 D dalvikvm: GC_CONCURRENT freed 167K, 3% free 9369K/9607K, paused 106ms+2ms
07-14 12:49:05.457 13872 13874 D dalvikvm: GC_CONCURRENT freed 229K, 4% free 9306K/9607K, paused 3ms+5ms
07-14 12:49:05.480 13872 13872 I Finalizer: Couldn't access Thread.inheritableThreadLocals. Reference finalizer threads will inherit thread local values.
07-14 12:49:05.660 13861 13861 I ActivityThread: Pub com.google.android.apps.plus.content.ApiProvider: com.google.android.apps.plus.content.EsApiProvider
07-14 12:49:05.687 13861 13861 I ActivityThread: Pub com.google.android.apps.plus.content.EsGooglePhotoProvider: com.google.android.picasasync.PicasaContentProvider
07-14 12:49:05.816 13872 13874 D dalvikvm: GC_CONCURRENT freed 377K, 5% free 9459K/9927K, paused 2ms+9ms
07-14 12:49:05.863 13861 13862 D dalvikvm: GC_CONCURRENT freed 335K, 5% free 9581K/9991K, paused 2ms+5ms
07-14 12:49:05.929 13861 13861 I ActivityThread: Pub com.google.android.apps.plus.content.EsPicasaStoreProvider: com.google.android.picasastore.PicasaPhotoContentProvider
07-14 12:49:06.027 13861 13861 I ActivityThread: Pub com.google.plus.platform: com.google.android.apps.plus.content.AdsProvider
07-14 12:49:06.027 13861 13861 I ActivityThread: Pub com.google.android.apps.plus.iu.EsGoogleIuProvider: com.google.android.apps.plus.iu.InstantUploadProvider
07-14 12:49:06.238 13872 13872 W OrcaGuiceModule: Sig: ijxLJi1yGs1JpL-X1SExmchvork
07-14 12:49:06.332 13861 13862 D dalvikvm: GC_CONCURRENT freed 501K, 6% free 9608K/10183K, paused 9ms+4ms
07-14 12:49:06.339 13861 13861 I ActivityThread: Pub com.google.android.apps.plus.content.EsProvider: com.google.android.apps.plus.content.EsProvider
07-14 12:49:06.449 13872 13874 D dalvikvm: GC_CONCURRENT freed 310K, 4% free 9656K/10055K, paused 27ms+12ms
07-14 12:49:06.453   144   323 I ActivityManager: Start proc android.process.media for content provider com.android.providers.media/.MediaProvider: pid=13894 uid=10012 gids={1015, 1023, 1024, 2001, 3003, 3007}
07-14 12:49:06.488 12739 12740 D dalvikvm: GC_CONCURRENT freed 419K, 6% free 10124K/10695K, paused 123ms+150ms
07-14 12:49:06.593   144   155 I ActivityManager: Process com.twitter.android (pid 12843) has died.
07-14 12:49:06.675 13894 13894 I ActivityThread: Pub downloads: com.android.providers.downloads.DownloadProvider
07-14 12:49:06.816 13894 13894 I ActivityThread: Pub drm: com.android.providers.drm.DrmProvider
07-14 12:49:06.816 13894 13913 I DownloadManager: in removeSpuriousFiles
07-14 12:49:06.836 13861 13862 D dalvikvm: GC_CONCURRENT freed 221K, 5% free 9831K/10247K, paused 47ms+2ms
07-14 12:49:06.988 13861 13862 D dalvikvm: GC_CONCURRENT freed 119K, 3% free 10123K/10375K, paused 2ms+6ms
07-14 12:49:07.132 13894 13913 I DownloadManager: in removeSpuriousFiles, preserving file /data/data/com.android.providers.downloads/cache/metadata.json
07-14 12:49:07.132 13894 13913 I DownloadManager: in removeSpuriousFiles, preserving file /data/data/com.android.providers.downloads/cache/en_general.htm
07-14 12:49:07.132 13894 13913 I DownloadManager: in removeSpuriousFiles, preserving file /mnt/sdcard/Download/img-thing.jpeg
07-14 12:49:07.132 13894 13913 I DownloadManager: in removeSpuriousFiles, preserving file /data/data/com.android.providers.downloads/cache/metadata-1.json
07-14 12:49:07.136 13894 13913 I DownloadManager: in removeSpuriousFiles, preserving file /data/data/com.android.providers.downloads/cache/downloadfile.jpeg
07-14 12:49:07.136 13894 13913 I DownloadManager: in removeSpuriousFiles, preserving file /data/data/com.android.providers.downloads/cache/metadata-2.json
07-14 12:49:07.136 13894 13913 I DownloadManager: in removeSpuriousFiles, preserving file /data/data/com.android.providers.downloads/cache/metadata-3.json
07-14 12:49:07.136 13894 13913 I DownloadManager: in removeSpuriousFiles, preserving file /data/data/com.android.providers.downloads/cache/downloadfile-1.jpeg
07-14 12:49:07.136 13894 13913 I DownloadManager: in removeSpuriousFiles, preserving file /data/data/com.android.providers.downloads/cache/downloadfile-2.jpeg
07-14 12:49:07.136 13894 13913 I DownloadManager: in removeSpuriousFiles, preserving file /data/data/com.android.providers.downloads/cache/metadata-4.json
07-14 12:49:07.136 13894 13913 I DownloadManager: in removeSpuriousFiles, preserving file /data/data/com.android.providers.downloads/cache/metadata-5.json
07-14 12:49:07.136 13894 13913 I DownloadManager: deleting spurious file /cache/backup
07-14 12:49:07.136 13861 13862 D dalvikvm: GC_CONCURRENT freed 233K, 4% free 10329K/10695K, paused 2ms+5ms
07-14 12:49:07.199 13894 13894 I ActivityThread: Pub media: com.android.providers.media.MediaProvider
07-14 12:49:07.336 13861 13908 D dalvikvm: GC_FOR_ALLOC freed 158K, 4% free 10456K/10823K, paused 61ms
07-14 12:49:07.367 13861 13908 D dalvikvm: GC_FOR_ALLOC freed 126K, 5% free 10584K/11079K, paused 25ms
07-14 12:49:07.410 13861 13908 D dalvikvm: GC_FOR_ALLOC freed 311K, 6% free 10577K/11143K, paused 33ms
07-14 12:49:07.441 13861 13908 D dalvikvm: GC_FOR_ALLOC freed 62K, 5% free 10640K/11143K, paused 27ms
07-14 12:49:07.484 13861 13908 D dalvikvm: GC_FOR_ALLOC freed 126K, 4% free 10768K/11143K, paused 40ms
07-14 12:49:07.664   144   402 I ActivityManager: Process com.android.providers.calendar (pid 13575) has died.
07-14 12:49:07.707 13872 13893 W Resources: Converting to string: TypedValue{t=0x10/d=0xffffffff a=-1}
07-14 12:49:07.734 13894 13896 D dalvikvm: GC_CONCURRENT freed 371K, 5% free 9165K/9607K, paused 2ms+3ms
07-14 12:49:07.949 13872 13874 D dalvikvm: GC_CONCURRENT freed 311K, 4% free 9864K/10247K, paused 3ms+4ms
07-14 12:49:08.058 12739 12740 D dalvikvm: GC_CONCURRENT freed 583K, 7% free 10075K/10759K, paused 11ms+4ms
07-14 12:49:08.074 11692 11705 I PhoneLab-: Service Running
07-14 12:49:08.132 13872 13874 D dalvikvm: GC_CONCURRENT freed 270K, 4% free 10060K/10439K, paused 6ms+3ms
07-14 12:49:08.183 13872 13893 D dalvikvm: GC_FOR_ALLOC freed 245K, 6% free 10142K/10695K, paused 29ms
07-14 12:49:08.214   144   380 I ActivityManager: Process com.android.calendar (pid 13557) has died.
07-14 12:49:08.230 13872 13893 D dalvikvm: GC_FOR_ALLOC freed 241K, 5% free 10224K/10759K, paused 35ms
07-14 12:49:08.261 13872 13893 D dalvikvm: GC_FOR_ALLOC freed 65K, 5% free 10290K/10759K, paused 24ms
07-14 12:49:08.312 13872 13872 D ACRA    : Retrieve application default SharedPreferences.
07-14 12:49:08.320 13872 13872 D ACRA    : Set OnSharedPreferenceChangeListener.
07-14 12:49:08.324 13872 13872 D ACRA    : ACRA is enabled for com.facebook.orca, intializing...
07-14 12:49:08.363 13861 13891 D PicasaPhotoCP: set fsid first time:-1
07-14 12:49:08.535 13872 13872 D ACRA    : Looking for error files in /data/data/com.facebook.orca/app_acra-reports
07-14 12:49:08.554 13872 13874 D dalvikvm: GC_CONCURRENT freed 257K, 4% free 10558K/10887K, paused 6ms+3ms
07-14 12:49:08.691 11692 11705 I PhoneLab-LoggerService: app_37    1373  1     1440   988   c00f181c 400107b4 S logcat
07-14 12:49:08.691 11692 11705 I PhoneLab-LoggerService: Logcat pid from database 1373
07-14 12:49:08.691 11692 11705 I PhoneLab-LoggerService: Logcat process found 1373
07-14 12:49:08.691 11692 11705 I PhoneLab-LoggerService: Checking Threshold
07-14 12:49:08.730 11692 11705 I PhoneLab-LoggerService: Starting to rename files
07-14 12:49:08.730 11692 11705 I PhoneLab-LoggerService: Files found .. 2
07-14 12:49:08.738 11692 11705 I PhoneLab-: Service Running
07-14 12:49:08.949 13872 13874 D dalvikvm: GC_CONCURRENT freed 202K, 3% free 10870K/11143K, paused 16ms+12ms
07-14 12:49:08.984 11692 11705 I PhoneLab-LoggerService: app_37    1373  1     1440   988   c00f181c 400107b4 S logcat
07-14 12:49:08.988 11692 11705 I PhoneLab-LoggerService: Logcat pid from database 1373
07-14 12:49:08.988 11692 11705 I PhoneLab-LoggerService: Logcat process found 1373
07-14 12:49:08.988 11692 11705 I PhoneLab-LoggerService: Checking Threshold
07-14 12:49:08.988 11692 11705 I PhoneLab-LoggerService: Starting to rename files
07-14 12:49:08.988 11692 11705 I PhoneLab-LoggerService: Files found .. 2
07-14 12:49:09.293 13872 13874 D dalvikvm: GC_CONCURRENT freed 465K, 5% free 11055K/11591K, paused 3ms+6ms
07-14 12:49:09.453 11780 11782 D dalvikvm: GC_CONCURRENT freed 408K, 6% free 10491K/11143K, paused 2ms+2ms
07-14 12:49:09.621 12739 12740 D dalvikvm: GC_CONCURRENT freed 476K, 7% free 10110K/10759K, paused 3ms+3ms
07-14 12:49:09.718 12739 12751 D dalvikvm: GC_EXPLICIT freed 91K, 7% free 10028K/10759K, paused 4ms+3ms
07-14 12:49:09.847 13861 13908 D dalvikvm: GC_FOR_ALLOC freed 372K, 6% free 10825K/11463K, paused 84ms
07-14 12:49:09.949 13861 13908 D dalvikvm: GC_FOR_ALLOC freed 126K, 5% free 10952K/11463K, paused 56ms
07-14 12:49:09.992   144  7984 D dalvikvm: GC_EXPLICIT freed 1202K, 27% free 18093K/24711K, paused 10ms+13ms
07-14 12:49:10.238 13872 13874 D dalvikvm: GC_CONCURRENT freed 490K, 6% free 11177K/11783K, paused 3ms+2ms
07-14 12:49:10.371 13861 13862 D dalvikvm: GC_CONCURRENT freed 338K, 5% free 11183K/11655K, paused 2ms+2ms
07-14 12:49:10.625 12739 12740 D dalvikvm: GC_CONCURRENT freed 431K, 7% free 10108K/10759K, paused 1ms+3ms
07-14 12:49:10.734 13861 13862 D dalvikvm: GC_CONCURRENT freed 125K, 3% free 11653K/11911K, paused 2ms+3ms
07-14 12:49:10.918 13861 13862 D dalvikvm: GC_CONCURRENT freed 341K, 4% free 12176K/12615K, paused 3ms+3ms
07-14 12:49:11.144 13861 13862 D dalvikvm: GC_CONCURRENT freed 421K, 5% free 12701K/13255K, paused 4ms+3ms
07-14 12:49:11.629 13861 13909 I SqliteDatabaseCpp: sqlite returned: error code = 1, msg = no such column: wipeout_stats, db=/data/data/com.google.android.apps.plus/databases/es0.db
07-14 12:49:11.648   144   156 I ActivityManager: Process com.google.android.apps.gesturesearch (pid 13707) has died.
07-14 12:49:11.652 13861 13909 W System.err: android.database.sqlite.SQLiteException: no such column: wipeout_stats: , while compiling: SELECT wipeout_stats  FROM account_status
07-14 12:49:11.687 13861 13909 W System.err: 	at android.database.sqlite.SQLiteCompiledSql.native_compile(Native Method)
07-14 12:49:11.687 13861 13909 W System.err: 	at android.database.sqlite.SQLiteCompiledSql.<init>(SQLiteCompiledSql.java:68)
07-14 12:49:11.691 13861 13909 W System.err: 	at android.database.sqlite.SQLiteProgram.compileSql(SQLiteProgram.java:143)
07-14 12:49:11.691 13861 13909 W System.err: 	at android.database.sqlite.SQLiteProgram.compileAndbindAllArgs(SQLiteProgram.java:361)
07-14 12:49:11.691 13861 13909 W System.err: 	at android.database.sqlite.SQLiteStatement.acquireAndLock(SQLiteStatement.java:260)
07-14 12:49:11.691 13861 13909 W System.err: 	at android.database.sqlite.SQLiteStatement.simpleQueryForLong(SQLiteStatement.java:137)
07-14 12:49:11.691 13861 13909 W System.err: 	at android.database.DatabaseUtils.longForQuery(DatabaseUtils.java:791)
07-14 12:49:11.691 13861 13909 W System.err: 	at android.database.DatabaseUtils.longForQuery(DatabaseUtils.java:779)
07-14 12:49:11.691 13861 13909 W System.err: 	at com.google.android.apps.plus.content.EsAccountsData.isContactsStatsWipeoutNeeded(EsAccountsData.java:641)
07-14 12:49:11.691 13861 13909 W System.err: 	at com.google.android.apps.plus.service.EsService.processIntent(EsService.java:4246)
07-14 12:49:11.691 13861 13909 W System.err: 	at com.google.android.apps.plus.service.ServiceThread$1.run(ServiceThread.java:50)
07-14 12:49:11.691 13861 13909 W System.err: 	at android.os.Handler.handleCallback(Handler.java:605)
07-14 12:49:11.691 13861 13909 W System.err: 	at android.os.Handler.dispatchMessage(Handler.java:92)
07-14 12:49:11.691 13861 13909 W System.err: 	at android.os.Looper.loop(Looper.java:137)
07-14 12:49:11.691 13861 13909 W System.err: 	at com.google.android.apps.plus.service.ServiceThread.run(ServiceThread.java:122)
07-14 12:49:12.566   144 30930 I ActivityManager: Process com.chess (pid 12865) has died.
07-14 12:49:12.640 12739 12740 D dalvikvm: GC_CONCURRENT freed 515K, 7% free 10105K/10759K, paused 2ms+3ms
07-14 12:49:14.332 12739 12740 D dalvikvm: GC_CONCURRENT freed 510K, 7% free 10107K/10759K, paused 2ms+4ms
07-14 12:49:14.488 13861 13862 D dalvikvm: GC_CONCURRENT freed 1018K, 9% free 12811K/13959K, paused 8ms+3ms
07-14 12:49:15.808 12739 12740 D dalvikvm: GC_CONCURRENT freed 517K, 7% free 10101K/10759K, paused 2ms+4ms
07-14 12:49:16.632 10918 10920 D dalvikvm: JIT code cache reset in 12 ms (1048556 bytes 2/0)
07-14 12:49:16.668 10918 10920 D dalvikvm: GC_CONCURRENT freed 1548K, 11% free 22332K/25031K, paused 81ms+86ms
07-14 12:49:17.621   144   380 I ActivityManager: Process com.facebook.orca (pid 13872) has died.
07-14 12:49:18.062 12739 12740 D dalvikvm: GC_CONCURRENT freed 538K, 7% free 10074K/10759K, paused 6ms+39ms
07-14 12:49:18.164   144   171 I power   : *** set_screen_state 0
07-14 12:49:18.211    78   120 D SurfaceFlinger: About to give-up screen, flinger = 0x5b4918
07-14 12:49:18.488   144   175 V TransportControlView: Create TCV com.android.internal.widget.TransportControlView@41947658
07-14 12:49:18.621   320   324 D dalvikvm: GC_CONCURRENT freed 474K, 20% free 10163K/12615K, paused 1ms+12ms
07-14 12:49:18.734   214   214 D PhoneStatusBar: disable: < expand icons alerts ticker system_info back home RECENT* clock >
07-14 12:49:18.746   144   160 W ActivityManager: Activity pause timeout for ActivityRecord{4162b9f0 com.google.android.apps.maps/com.google.android.maps.MapsActivity}
07-14 12:49:18.789   144   160 I Process : Sending signal. PID: 10918 SIG: 3
07-14 12:49:18.789 10918 10922 I dalvikvm: threadid=3: reacting to signal 3
07-14 12:49:18.808   214   214 D PhoneStatusBar: disable: < expand icons alerts ticker system_info BACK* HOME* RECENT CLOCK* >
07-14 12:49:19.207 10918 10922 I dalvikvm: Wrote stack traces to '/data/anr/traces.txt'
07-14 12:49:19.961   214   216 D dalvikvm: GC_CONCURRENT freed 331K, 54% free 10345K/22023K, paused 1ms+12ms
07-14 12:49:20.136 12739 12740 D dalvikvm: GC_CONCURRENT freed 515K, 7% free 10070K/10759K, paused 2ms+3ms
07-14 12:49:20.343 11780 11782 D dalvikvm: GC_CONCURRENT freed 511K, 6% free 10492K/11143K, paused 2ms+8ms
07-14 12:49:20.656 10918 10920 D dalvikvm: GC_CONCURRENT freed 1616K, 10% free 22642K/25031K, paused 3ms+9ms
07-14 12:49:20.804 10918 13061 D dalvikvm: GC_FOR_ALLOC freed 458K, 10% free 22716K/25031K, paused 95ms
07-14 12:49:20.890 10918 13061 D dalvikvm: GC_FOR_ALLOC freed 385K, 10% free 22607K/25031K, paused 86ms
07-14 12:49:20.941   344   344 D SAN_SERVICE: *******************************************
07-14 12:49:20.941   344   344 D SAN_SERVICE: DM App Phone Service State - 0
07-14 12:49:20.941   344   344 D SAN_SERVICE: *******************************************
07-14 12:49:21.273   144   403 D dalvikvm: GC_EXPLICIT freed 993K, 24% free 18962K/24711K, paused 56ms+10ms
07-14 12:49:23.859 13861 13862 D dalvikvm: GC_CONCURRENT freed 1090K, 9% free 12957K/14151K, paused 18ms+3ms
07-14 12:49:24.699 13861 13943 E dalvikvm: Could not find class 'android.app.Notification$InboxStyle', referenced from method com.google.android.apps.plus.service.AndroidNotification.createDigestNotification
07-14 12:49:24.707 13861 13943 W dalvikvm: VFY: unable to resolve new-instance 41 (Landroid/app/Notification$InboxStyle;) in Lcom/google/android/apps/plus/service/AndroidNotification;
07-14 12:49:24.707 13861 13943 D dalvikvm: VFY: replacing opcode 0x22 at 0x0018
07-14 12:49:24.722 13861 13943 I dalvikvm: Could not find method android.app.Notification$Builder.setPriority, referenced from method com.google.android.apps.plus.service.AndroidNotification.createRichNotification
07-14 12:49:24.722 13861 13943 W dalvikvm: VFY: unable to resolve virtual method 162: Landroid/app/Notification$Builder;.setPriority (I)Landroid/app/Notification$Builder;
07-14 12:49:24.726 13861 13943 D dalvikvm: VFY: replacing opcode 0x6e at 0x00d5
07-14 12:49:24.859 13861 13943 D dalvikvm: DexOpt: unable to opt direct call 0x00a8 at 0x1a in Lcom/google/android/apps/plus/service/AndroidNotification;.createDigestNotification
07-14 12:49:24.859 13861 13943 D dalvikvm: DexOpt: unable to opt direct call 0x0091 at 0xf1 in Lcom/google/android/apps/plus/service/AndroidNotification;.createRichNotification
07-14 12:49:24.863 13861 13943 D dalvikvm: DexOpt: unable to opt direct call 0x0095 at 0x397 in Lcom/google/android/apps/plus/service/AndroidNotification;.createRichNotification
07-14 12:49:25.898   344   344 D SAN_SERVICE: *******************************************
07-14 12:49:25.898   344   344 D SAN_SERVICE: DM App Phone Service State - 0
07-14 12:49:25.898   344   344 D SAN_SERVICE: *******************************************
07-14 12:49:26.105   344   344 D SAN_SERVICE: *******************************************
07-14 12:49:26.105   344   344 D SAN_SERVICE: DM App Phone Service State - 0
07-14 12:49:26.105   344   344 D SAN_SERVICE: *******************************************
07-14 12:49:31.496 13861 13862 D dalvikvm: GC_CONCURRENT freed 1097K, 9% free 13054K/14279K, paused 14ms+3ms
07-14 12:49:32.347 13861 13862 D dalvikvm: GC_CONCURRENT freed 1128K, 9% free 13162K/14407K, paused 2ms+3ms
07-14 12:49:35.129 12677 12679 D dalvikvm: GC_CONCURRENT freed 392K, 7% free 9545K/10183K, paused 7ms+4ms
07-14 12:49:35.316 12677 12726 D dalvikvm: GC_EXPLICIT freed 113K, 8% free 9458K/10183K, paused 4ms+2ms
07-14 12:49:35.617 13861 13862 D dalvikvm: GC_CONCURRENT freed 1182K, 9% free 13308K/14599K, paused 12ms+7ms
07-14 12:49:36.113   344   344 D SAN_SERVICE: *******************************************
07-14 12:49:36.113   344   344 D SAN_SERVICE: DM App Phone Service State - 0
07-14 12:49:36.113   344   344 D SAN_SERVICE: *******************************************
07-14 12:49:36.906 13861 13943 D dalvikvm: GC_FOR_ALLOC freed 754K, 7% free 13605K/14599K, paused 65ms
07-14 12:49:36.949 13861 13943 D dalvikvm: GC_FOR_ALLOC freed 347K, 10% free 13598K/14983K, paused 41ms
07-14 12:49:36.953 13861 13943 I dalvikvm-heap: Grow heap (frag case) to 13.680MB for 349234-byte allocation
07-14 12:49:36.992 13861 13943 D dalvikvm: GC_FOR_ALLOC freed 0K, 10% free 13939K/15367K, paused 39ms
07-14 12:49:37.187 11296 11298 D dalvikvm: GC_CONCURRENT freed 321K, 6% free 10022K/10567K, paused 2ms+84ms
07-14 12:49:37.828 12677 12679 D dalvikvm: GC_CONCURRENT freed 274K, 7% free 9572K/10183K, paused 7ms+2ms
07-14 12:49:38.070 13861 13862 D dalvikvm: GC_CONCURRENT freed 1043K, 8% free 14448K/15623K, paused 2ms+5ms
07-14 12:49:40.171 13861 13862 D dalvikvm: GC_CONCURRENT freed 1758K, 12% free 14439K/16327K, paused 2ms+3ms
07-14 12:49:41.472   344   344 D SAN_SERVICE: *******************************************
07-14 12:49:41.472   344   344 D SAN_SERVICE: DM App Phone Service State - 0
07-14 12:49:41.472   344   344 D SAN_SERVICE: *******************************************
07-14 12:49:42.129   344   344 D SAN_SERVICE: *******************************************
07-14 12:49:42.129   344   344 D SAN_SERVICE: DM App Phone Service State - 0
07-14 12:49:42.129   344   344 D SAN_SERVICE: *******************************************
07-14 12:49:43.117 13861 13943 I SqliteDatabaseCpp: sqlite returned: error code = 1, msg = no such column: last_stats_sync_time, db=/data/data/com.google.android.apps.plus/databases/es0.db
07-14 12:49:43.148 13861 13943 E EsSyncAdapterService: Sync failure
07-14 12:49:43.148 13861 13943 E EsSyncAdapterService: android.database.sqlite.SQLiteException: no such column: last_stats_sync_time: , while compiling: SELECT last_stats_sync_time  FROM account_status
07-14 12:49:43.148 13861 13943 E EsSyncAdapterService: 	at android.database.sqlite.SQLiteCompiledSql.native_compile(Native Method)
07-14 12:49:43.148 13861 13943 E EsSyncAdapterService: 	at android.database.sqlite.SQLiteCompiledSql.<init>(SQLiteCompiledSql.java:68)
07-14 12:49:43.148 13861 13943 E EsSyncAdapterService: 	at android.database.sqlite.SQLiteProgram.compileSql(SQLiteProgram.java:143)
07-14 12:49:43.148 13861 13943 E EsSyncAdapterService: 	at android.database.sqlite.SQLiteProgram.compileAndbindAllArgs(SQLiteProgram.java:361)
07-14 12:49:43.148 13861 13943 E EsSyncAdapterService: 	at android.database.sqlite.SQLiteStatement.acquireAndLock(SQLiteStatement.java:260)
07-14 12:49:43.148 13861 13943 E EsSyncAdapterService: 	at android.database.sqlite.SQLiteStatement.simpleQueryForLong(SQLiteStatement.java:137)
07-14 12:49:43.148 13861 13943 E EsSyncAdapterService: 	at android.database.DatabaseUtils.longForQuery(DatabaseUtils.java:791)
07-14 12:49:43.148 13861 13943 E EsSyncAdapterService: 	at android.database.DatabaseUtils.longForQuery(DatabaseUtils.java:779)
07-14 12:49:43.148 13861 13943 E EsSyncAdapterService: 	at com.google.android.apps.plus.content.EsAccountsData.queryLastStatsSyncTimestamp(EsAccountsData.java:570)
07-14 12:49:43.148 13861 13943 E EsSyncAdapterService: 	at com.google.android.apps.plus.service.EsSyncAdapterService.syncContactsStatsIfNecessary(EsSyncAdapterService.java:670)
07-14 12:49:43.148 13861 13943 E EsSyncAdapterService: 	at com.google.android.apps.plus.service.EsSyncAdapterService.doFullSync(EsSyncAdapterService.java:633)
07-14 12:49:43.148 13861 13943 E EsSyncAdapterService: 	at com.google.android.apps.plus.service.EsSyncAdapterService.doSync(EsSyncAdapterService.java:566)
07-14 12:49:43.148 13861 13943 E EsSyncAdapterService: 	at com.google.android.apps.plus.service.EsSyncAdapterService.access$100(EsSyncAdapterService.java:52)
07-14 12:49:43.148 13861 13943 E EsSyncAdapterService: 	at com.google.android.apps.plus.service.EsSyncAdapterService$SyncAdapterImpl.onPerformSync(EsSyncAdapterService.java:408)
07-14 12:49:43.148 13861 13943 E EsSyncAdapterService: 	at android.content.AbstractThreadedSyncAdapter$SyncThread.run(AbstractThreadedSyncAdapter.java:247)
07-14 12:49:43.171   144   168 D SyncManager: failed sync operation lokeshmandvekar@gmail.com (com.google), com.google.android.apps.plus.content.EsProvider, SERVER, earliestRunTime 433807069, SyncResult: stats [ numParseExceptions: 1]
07-14 12:49:43.171   144   168 D SyncManager: not retrying sync operation because the error is a hard error: lokeshmandvekar@gmail.com (com.google), com.google.android.apps.plus.content.EsProvider, SERVER, earliestRunTime 433838621
07-14 12:49:50.785 13861 13862 D dalvikvm: GC_CONCURRENT freed 2851K, 19% free 13266K/16327K, paused 2ms+3ms
07-14 12:50:09.140 13861 13991 D dalvikvm: GC_EXPLICIT freed 172K, 20% free 13211K/16327K, paused 8ms+3ms
07-14 12:50:09.730 12677 12679 D dalvikvm: GC_CONCURRENT freed 398K, 7% free 9558K/10183K, paused 2ms+8ms
07-14 12:50:09.754 11692 11692 I PhoneLab-Locks: wake lock acquired
07-14 12:50:09.890   144   376 D dalvikvm: GC_EXPLICIT freed 476K, 24% free 18901K/24711K, paused 7ms+8ms
07-14 12:50:09.925 11692 13999 I PhoneLab-PeriodicCheckService: User info is synched
07-14 12:50:10.047 11692 13999 I PhoneLab-PeriodicCheckService: Logger Service is running
07-14 12:50:10.054 11692 11692 I PhoneLab-Locks: wake lock acquired
07-14 12:50:10.058 11692 11692 I PhoneLab-StatusMonitor: Status Monitoring is started
07-14 12:50:10.058 11692 13999 I PhoneLab-Locks: wake lock acquired
07-14 12:50:10.199 11692 13999 I PhoneLab-PeriodicCheckService: Rescheduling periodic checking...
07-14 12:50:10.222 11692 13999 I PhoneLab-Locks: wake lock released
07-14 12:50:10.257 11692 11692 E PhoneLab-PhoneLabManifest: java.io.FileNotFoundException: /data/data/edu.buffalo.cse.phonelab.phonelabservices/files/manifest.xml: open failed: ENOENT (No such file or directory)
07-14 12:50:10.340 11692 11692 I PhoneLab-Locks: wake lock released
07-14 12:50:10.340 11692 11692 I PhoneLab-UploadLogs: Transfering log files now
07-14 12:50:10.636 11692 11694 D dalvikvm: GC_CONCURRENT freed 454K, 6% free 9210K/9735K, paused 3ms+2ms
07-14 12:50:10.664 11692 11692 D dalvikvm: GC_FOR_ALLOC freed 97K, 6% free 9212K/9799K, paused 14ms
07-14 12:50:10.664 11692 11692 I dalvikvm-heap: Grow heap (frag case) to 9.183MB for 123476-byte allocation
07-14 12:50:10.679 11692 11692 D dalvikvm: GC_FOR_ALLOC freed 56K, 7% free 9276K/9927K, paused 13ms
07-14 12:50:10.679 11692 11692 I dalvikvm-heap: Grow heap (frag case) to 9.371MB for 254548-byte allocation
07-14 12:50:10.695 11692 11692 D dalvikvm: GC_FOR_ALLOC freed 120K, 8% free 9404K/10183K, paused 12ms
07-14 12:50:10.699 11692 11692 I dalvikvm-heap: Grow heap (frag case) to 9.746MB for 516692-byte allocation
07-14 12:50:10.738 11692 11694 D dalvikvm: GC_CONCURRENT freed 248K, 10% free 9660K/10695K, paused 6ms+6ms
07-14 12:50:10.742 11692 11692 I PhoneLab-UploadLogs: OnStartCommand
07-14 12:50:11.140 11296 11298 D dalvikvm: GC_CONCURRENT freed 432K, 6% free 10010K/10567K, paused 2ms+4ms
07-14 12:50:11.351 11692 14003 D dalvikvm: GC_FOR_ALLOC freed 383K, 10% free 9644K/10695K, paused 25ms
07-14 12:50:11.379 11692 14003 D dalvikvm: GC_FOR_ALLOC freed 301K, 10% free 9644K/10695K, paused 24ms
07-14 12:50:11.406 11692 14003 D dalvikvm: GC_FOR_ALLOC freed 301K, 10% free 9651K/10695K, paused 19ms
07-14 12:50:12.312   344   344 D SAN_SERVICE: *******************************************
07-14 12:50:12.312   344   344 D SAN_SERVICE: DM App Phone Service State - 0
07-14 12:50:12.312   344   344 D SAN_SERVICE: *******************************************
07-14 12:50:12.746  5517 14005 D dalvikvm: GC_EXPLICIT freed 205K, 6% free 10456K/11079K, paused 8ms+10ms
07-14 12:50:12.781 12677 12688 D dalvikvm: GC_EXPLICIT freed 345K, 7% free 9572K/10183K, paused 2ms+3ms
07-14 12:50:17.593 11692 11705 I PhoneLab-: Service Running
07-14 12:50:17.679 11692 11705 I PhoneLab-LoggerService: app_37    1373  1     1440   988   c00f181c 400107b4 S logcat
07-14 12:50:17.679 11692 11705 I PhoneLab-LoggerService: Logcat pid from database 1373
07-14 12:50:17.679 11692 11705 I PhoneLab-LoggerService: Logcat process found 1373
07-14 12:50:17.679 11692 11705 I PhoneLab-LoggerService: Checking Threshold
07-14 12:50:17.683 11692 11705 I PhoneLab-LoggerService: Starting to rename files
07-14 12:50:17.683 11692 11705 I PhoneLab-LoggerService: Files found .. 2
07-14 12:50:20.554 11780 11782 D dalvikvm: GC_CONCURRENT freed 458K, 6% free 10510K/11143K, paused 2ms+3ms
07-14 12:50:20.593 12739 12740 D dalvikvm: GC_CONCURRENT freed 494K, 7% free 10072K/10759K, paused 1ms+3ms
07-14 12:50:34.922 11692 11692 I PhoneLab-: 1342283580831.log is deleted
07-14 12:50:34.922 11692 11692 I PhoneLab-: Response: {"data": "done", "err": ""}
07-14 12:50:34.929 11692 11692 I PhoneLab-UploadLogs: No log files to transfer
07-14 12:50:34.929 11692 11692 I PhoneLab-Locks: wake lock released
07-14 12:51:12.644 11296 11298 D dalvikvm: GC_CONCURRENT freed 447K, 6% free 10006K/10567K, paused 2ms+9ms
07-14 12:51:19.687 12739 12740 D dalvikvm: GC_CONCURRENT freed 437K, 7% free 10046K/10759K, paused 2ms+2ms
07-14 12:51:41.136   144   155 D AlarmManagerService: Kernel timezone updated to 240 minutes west of GMT
07-14 12:51:50.187   144   326 D AlarmManagerService: Kernel timezone updated to 240 minutes west of GMT
07-14 12:52:19.691 11780 11782 D dalvikvm: GC_CONCURRENT freed 523K, 6% free 10499K/11143K, paused 3ms+8ms
07-14 12:52:39.527   144   173 I ActivityManager: Start proc com.twitter.android for service com.twitter.android/.client.AppService: pid=14017 uid=10064 gids={3003, 1015}
07-14 12:52:39.558    79    79 D dalvikvm: GC_EXPLICIT freed 38K, 4% free 9031K/9347K, paused 1ms+2ms
07-14 12:52:39.590    79    79 D dalvikvm: GC_EXPLICIT freed <1K, 4% free 9031K/9347K, paused 2ms+2ms
07-14 12:52:39.617    79    79 D dalvikvm: GC_EXPLICIT freed <1K, 4% free 9031K/9347K, paused 2ms+3ms
07-14 12:52:39.652 14017 14017 I dalvikvm: Turning on JNI app bug workarounds for target SDK version 11...
07-14 12:52:40.019 14017 14017 I ActivityThread: Pub com.twitter.android.provider.GlobalDatabaseProvider: com.twitter.android.provider.GlobalDatabaseProvider
07-14 12:52:40.035 14017 14017 I ActivityThread: Pub com.twitter.android.provider.TwitterProvider: com.twitter.android.provider.TwitterProvider
07-14 12:53:19.031 14030 14030 D dalvikvm: Late-enabling CheckJNI
07-14 12:53:19.035   144   161 I ActivityManager: Start proc com.chess for broadcast com.chess/.backend.AlarmReceiver: pid=14030 uid=10079 gids={3003, 1015}
07-14 12:53:19.171 14017 14020 D dalvikvm: GC_CONCURRENT freed 202K, 4% free 9306K/9607K, paused 19ms+2ms
07-14 12:53:19.457 14030 14032 D dalvikvm: GC_CONCURRENT freed 152K, 3% free 9384K/9607K, paused 39ms+2ms
07-14 12:53:19.675 14030 14046 D GetStringObjTask: retrieving from url = http://www.chess.com/api/get_move_status?id=5HHjW9WUGa%2Bcu1LUwnVJPxTIWxmEve4VdkRnRyg7b5Ch69JH2Z5aB%2B7eGuFw8K2uFx47KFsdE3JRdR3Mzv0PkZOj6eZ8N73BvxmEERrzXjMNRo80rkLyJAUTh0iqof4n
07-14 12:53:19.754   144 10051 I ActivityManager: Process android.process.media (pid 13894) has died.
07-14 12:53:20.066 14017 14020 D dalvikvm: GC_CONCURRENT freed 219K, 4% free 9515K/9863K, paused 45ms+2ms
07-14 12:53:20.234   214   216 D dalvikvm: GC_CONCURRENT freed 718K, 55% free 10025K/22023K, paused 33ms+37ms
07-14 12:53:20.359   144   160 I Process : Sending signal. PID: 10918 SIG: 3
07-14 12:53:20.359 10918 10922 I dalvikvm: threadid=3: reacting to signal 3
07-14 12:53:20.449   214   216 D dalvikvm: GC_CONCURRENT freed 501K, 55% free 10020K/22023K, paused 2ms+4ms
07-14 12:53:20.515 10918 10922 I dalvikvm: Wrote stack traces to '/data/anr/traces.txt'
07-14 12:53:20.519   144   160 I Process : Sending signal. PID: 10918 SIG: 3
07-14 12:53:20.519   144   160 W ActivityManager: Activity pause timeout for ActivityRecord{4162b9f0 com.google.android.apps.maps/com.google.android.maps.MapsActivity}
07-14 12:53:20.531 10918 10922 I dalvikvm: threadid=3: reacting to signal 3
07-14 12:53:20.574 10918 10922 I dalvikvm: Wrote stack traces to '/data/anr/traces.txt'
07-14 12:53:20.625   214   214 D dalvikvm: GC_FOR_ALLOC freed 383K, 55% free 10016K/22023K, paused 34ms
07-14 12:53:20.703 14017 14020 D dalvikvm: GC_CONCURRENT freed 293K, 5% free 9644K/10055K, paused 2ms+2ms
07-14 12:53:20.843   144   400 D dalvikvm: GC_EXPLICIT freed 885K, 24% free 18833K/24711K, paused 25ms+10ms
07-14 12:53:20.851   144   160 I Process : Sending signal. PID: 10918 SIG: 3
07-14 12:53:20.851 10918 10922 I dalvikvm: threadid=3: reacting to signal 3
07-14 12:53:20.886 10918 10922 I dalvikvm: Wrote stack traces to '/data/anr/traces.txt'
07-14 12:53:21.027 14017 14020 D dalvikvm: GC_CONCURRENT freed 296K, 4% free 9778K/10183K, paused 3ms+2ms
07-14 12:53:21.070 12739 12740 D dalvikvm: GC_CONCURRENT freed 459K, 7% free 10097K/10759K, paused 2ms+3ms
07-14 12:53:21.171   144   424 I ActivityManager: Process com.google.android.apps.plus (pid 13861) has died.
07-14 12:53:21.320 14017 14020 D dalvikvm: GC_CONCURRENT freed 292K, 5% free 9890K/10311K, paused 1ms+2ms
07-14 12:53:21.351   144   160 I Process : Sending signal. PID: 10918 SIG: 3
07-14 12:53:21.351 10918 10922 I dalvikvm: threadid=3: reacting to signal 3
07-14 12:53:21.375 10918 10922 I dalvikvm: Wrote stack traces to '/data/anr/traces.txt'
07-14 12:53:21.386 14030 14046 D GetStringObjTask: WebRequest SERVER RESPONSE: Success+0
07-14 12:53:21.535 14017 14020 D dalvikvm: GC_CONCURRENT freed 297K, 5% free 10020K/10439K, paused 2ms+2ms
07-14 12:53:21.800   214   216 D dalvikvm: GC_CONCURRENT freed 199K, 54% free 10233K/22023K, paused 2ms+3ms
07-14 12:53:21.851   144   160 I Process : Sending signal. PID: 10918 SIG: 3
07-14 12:53:21.851 10918 10922 I dalvikvm: threadid=3: reacting to signal 3
07-14 12:53:21.851   214   216 D dalvikvm: GC_CONCURRENT freed 528K, 54% free 10215K/22023K, paused 5ms+3ms
07-14 12:53:21.918 10918 10922 I dalvikvm: Wrote stack traces to '/data/anr/traces.txt'
07-14 12:53:21.925   214   216 D dalvikvm: GC_CONCURRENT freed 457K, 54% free 10167K/22023K, paused 2ms+15ms
07-14 12:53:22.074   214   216 D dalvikvm: GC_CONCURRENT freed 436K, 54% free 10204K/22023K, paused 2ms+3ms
07-14 12:53:22.222   214   214 D dalvikvm: GC_FOR_ALLOC freed 543K, 55% free 10016K/22023K, paused 18ms
07-14 12:53:22.273   214   216 D dalvikvm: GC_CONCURRENT freed 422K, 55% free 10016K/22023K, paused 1ms+3ms
07-14 12:53:22.308 11780 11782 D dalvikvm: GC_CONCURRENT freed 516K, 6% free 10495K/11143K, paused 1ms+3ms
07-14 12:53:22.496 14017 14020 D dalvikvm: GC_CONCURRENT freed 307K, 4% free 10152K/10567K, paused 3ms+2ms
07-14 12:53:22.632 14017 14020 D dalvikvm: GC_CONCURRENT freed 304K, 4% free 10283K/10695K, paused 2ms+4ms
07-14 12:53:22.906 14017 14020 D dalvikvm: GC_CONCURRENT freed 472K, 6% free 10228K/10823K, paused 1ms+7ms
07-14 12:53:23.156 14017 14020 D dalvikvm: GC_CONCURRENT freed 321K, 5% free 10309K/10823K, paused 31ms+2ms
07-14 12:53:23.187 10918 10920 D dalvikvm: GC_CONCURRENT freed 1938K, 10% free 22615K/25031K, paused 19ms+13ms
07-14 12:53:23.355 14017 14020 D dalvikvm: GC_CONCURRENT freed 375K, 5% free 10404K/10887K, paused 2ms+4ms
07-14 12:53:23.484 14017 14020 D dalvikvm: GC_CONCURRENT freed 343K, 5% free 10500K/10951K, paused 1ms+2ms
07-14 12:53:23.609 14017 14020 D dalvikvm: GC_CONCURRENT freed 379K, 5% free 10594K/11079K, paused 2ms+2ms
07-14 12:53:23.738 14017 14020 D dalvikvm: GC_CONCURRENT freed 366K, 5% free 10666K/11143K, paused 2ms+1ms
07-14 12:53:23.867 14017 14020 D dalvikvm: GC_CONCURRENT freed 404K, 5% free 10760K/11271K, paused 2ms+2ms
07-14 12:53:24.050 14017 14020 D dalvikvm: GC_CONCURRENT freed 398K, 5% free 10901K/11399K, paused 2ms+2ms
07-14 12:53:25.925 14017 14020 D dalvikvm: GC_CONCURRENT freed 355K, 5% free 11121K/11591K, paused 1ms+2ms
07-14 12:53:27.238 12739 12740 D dalvikvm: GC_CONCURRENT freed 542K, 7% free 10067K/10759K, paused 2ms+3ms
07-14 12:53:28.050 14017 14020 D dalvikvm: GC_CONCURRENT freed 499K, 5% free 11263K/11847K, paused 1ms+3ms
07-14 12:54:26.601   214   216 D dalvikvm: GC_CONCURRENT freed 421K, 55% free 9979K/22023K, paused 2ms+2ms
07-14 12:54:27.246 11780 11782 D dalvikvm: GC_CONCURRENT freed 512K, 6% free 10494K/11143K, paused 1ms+2ms
07-14 12:54:27.355 12739 12740 D dalvikvm: GC_CONCURRENT freed 414K, 7% free 10041K/10759K, paused 2ms+2ms
07-14 12:56:14.074   144   200 D ConnectivityService: ConnectivityChange for WIMAX: DISCONNECTED/SCANNING
07-14 12:56:14.074   144   200 D ConnectivityService: Attempting to switch to mobile
07-14 12:56:14.074   144   200 D ConnectivityService: Attempting to switch to WIFI
07-14 12:56:14.078   144   200 D ConnectivityService: Attempting to switch to BLUETOOTH_TETHER
07-14 12:56:14.175   144   196 D NetworkPolicy: applying policy NetworkPolicy[NetworkTemplate: matchRule=MOBILE_ALL, subscriberId=valid]: cycleDay=20, warningBytes=2147483648, limitBytes=-1, lastSnooze=-1 to ifaces [rmnet0]
07-14 12:56:14.234   144   196 D NetworkPolicy: applying policy NetworkPolicy[NetworkTemplate: matchRule=MOBILE_ALL, subscriberId=valid]: cycleDay=20, warningBytes=2147483648, limitBytes=-1, lastSnooze=-1 to ifaces [rmnet0]
07-14 12:56:17.121   144   204 D Tethering: MasterInitialState.processMessage what=3
07-14 12:56:17.179   144   161 I ActivityManager: Start proc android.process.media for broadcast com.android.providers.downloads/.DownloadReceiver: pid=14087 uid=10012 gids={1015, 1023, 1024, 2001, 3003, 3007}
07-14 12:56:17.222   144   204 D Tethering: MasterInitialState.processMessage what=3
07-14 12:56:17.402 14087 14087 I ActivityThread: Pub downloads: com.android.providers.downloads.DownloadProvider
07-14 12:56:17.425 14087 14087 I ActivityThread: Pub drm: com.android.providers.drm.DrmProvider
07-14 12:56:17.429 14087 14101 I DownloadManager: in removeSpuriousFiles
07-14 12:56:17.445 14087 14101 I DownloadManager: in removeSpuriousFiles, preserving file /data/data/com.android.providers.downloads/cache/metadata.json
07-14 12:56:17.445 14087 14101 I DownloadManager: in removeSpuriousFiles, preserving file /data/data/com.android.providers.downloads/cache/en_general.htm
07-14 12:56:17.449 14087 14101 I DownloadManager: in removeSpuriousFiles, preserving file /mnt/sdcard/Download/img-thing.jpeg
07-14 12:56:17.449 14087 14101 I DownloadManager: in removeSpuriousFiles, preserving file /data/data/com.android.providers.downloads/cache/metadata-1.json
07-14 12:56:17.449 14087 14101 I DownloadManager: in removeSpuriousFiles, preserving file /data/data/com.android.providers.downloads/cache/downloadfile.jpeg
07-14 12:56:17.449 14087 14101 I DownloadManager: in removeSpuriousFiles, preserving file /data/data/com.android.providers.downloads/cache/metadata-2.json
07-14 12:56:17.449 14087 14101 I DownloadManager: in removeSpuriousFiles, preserving file /data/data/com.android.providers.downloads/cache/metadata-3.json
07-14 12:56:17.449 14087 14101 I DownloadManager: in removeSpuriousFiles, preserving file /data/data/com.android.providers.downloads/cache/downloadfile-1.jpeg
07-14 12:56:17.449 14087 14101 I DownloadManager: in removeSpuriousFiles, preserving file /data/data/com.android.providers.downloads/cache/downloadfile-2.jpeg
07-14 12:56:17.449 14087 14101 I DownloadManager: in removeSpuriousFiles, preserving file /data/data/com.android.providers.downloads/cache/metadata-4.json
07-14 12:56:17.449 14087 14101 I DownloadManager: in removeSpuriousFiles, preserving file /data/data/com.android.providers.downloads/cache/metadata-5.json
07-14 12:56:17.449 14087 14101 I DownloadManager: deleting spurious file /cache/backup
07-14 12:56:17.461 14087 14087 I ActivityThread: Pub media: com.android.providers.media.MediaProvider
07-14 12:56:17.734   144   200 D ConnectivityService: handleInetConditionHoldEnd: net=0, condition=100, published condition=100
07-14 12:56:17.863 14087 14090 D dalvikvm: GC_CONCURRENT freed 368K, 5% free 9168K/9607K, paused 5ms+2ms
07-14 12:56:17.976   144  9303 I ActivityManager: Start proc com.google.android.apps.uploader for broadcast com.google.android.apps.uploader/.ConnectivityBroadcastReceiver: pid=14105 uid=10030 gids={3003}
07-14 12:56:17.992 14105 14105 I dalvikvm: Turning on JNI app bug workarounds for target SDK version 11...
07-14 12:56:18.070 14105 14105 I ActivityThread: Pub com.google.android.apps.uploader: com.google.android.apps.uploader.UploadsContentProvider
07-14 12:56:18.074 14105 14105 I ActivityThread: Pub com.google.photos.provider.Album: com.google.android.apps.uploader.clients.picasa.AlbumProvider
07-14 12:56:18.078 14105 14105 D MediaUploader: UploaderApplication.onCreate
07-14 12:56:18.129 14105 14105 D MediaUploader: nonWifiLimit=20971520, default=20971520
07-14 12:56:18.133 14105 14105 I MediaUploader: No need to wake up
07-14 12:56:18.160   144   380 I ActivityManager: Start proc com.google.android.apps.plus for broadcast com.google.android.apps.plus/com.google.android.picasasync.ConnectivityReceiver: pid=14121 uid=10060 gids={3003, 3002, 1015, 1006}
07-14 12:56:18.191 11692 11694 D dalvikvm: GC_CONCURRENT freed 893K, 15% free 9144K/10695K, paused 1ms+15ms
07-14 12:56:18.199   144  9303 I ActivityManager: Process com.chess (pid 14030) has died.
07-14 12:56:18.488   214   216 D dalvikvm: GC_CONCURRENT freed 226K, 54% free 10202K/22023K, paused 2ms+9ms
07-14 12:56:18.578 14121 14124 D dalvikvm: GC_CONCURRENT freed 157K, 3% free 9379K/9607K, paused 5ms+3ms
07-14 12:56:18.586   214   216 D dalvikvm: GC_CONCURRENT freed 599K, 55% free 10113K/22023K, paused 2ms+7ms
07-14 12:56:18.699   144   160 I Process : Sending signal. PID: 10918 SIG: 3
07-14 12:56:18.699 10918 10922 I dalvikvm: threadid=3: reacting to signal 3
07-14 12:56:18.769 10918 10922 I dalvikvm: Wrote stack traces to '/data/anr/traces.txt'
07-14 12:56:18.773   144   160 I Process : Sending signal. PID: 10918 SIG: 3
07-14 12:56:18.773 10918 10922 I dalvikvm: threadid=3: reacting to signal 3
07-14 12:56:18.773   144   160 W ActivityManager: Activity pause timeout for ActivityRecord{4162b9f0 com.google.android.apps.maps/com.google.android.maps.MapsActivity}
07-14 12:56:18.808 14121 14121 I ActivityThread: Pub com.google.android.apps.plus.content.ApiProvider: com.google.android.apps.plus.content.EsApiProvider
07-14 12:56:18.808 10918 10922 I dalvikvm: Wrote stack traces to '/data/anr/traces.txt'
07-14 12:56:18.859 14121 14121 I ActivityThread: Pub com.google.android.apps.plus.content.EsGooglePhotoProvider: com.google.android.picasasync.PicasaContentProvider
07-14 12:56:19.058 14121 14124 D dalvikvm: GC_CONCURRENT freed 336K, 5% free 9580K/9991K, paused 10ms+2ms
07-14 12:56:19.136 14121 14121 I ActivityThread: Pub com.google.android.apps.plus.content.EsPicasaStoreProvider: com.google.android.picasastore.PicasaPhotoContentProvider
07-14 12:56:19.164 14121 14121 I ActivityThread: Pub com.google.plus.platform: com.google.android.apps.plus.content.AdsProvider
07-14 12:56:19.164 14121 14121 I ActivityThread: Pub com.google.android.apps.plus.iu.EsGoogleIuProvider: com.google.android.apps.plus.iu.InstantUploadProvider
07-14 12:56:19.285 14121 14124 D dalvikvm: GC_CONCURRENT freed 502K, 6% free 9607K/10183K, paused 2ms+14ms
07-14 12:56:19.300 14121 14121 I ActivityThread: Pub com.google.android.apps.plus.content.EsProvider: com.google.android.apps.plus.content.EsProvider
07-14 12:56:19.332   214   216 D dalvikvm: GC_CONCURRENT freed 386K, 54% free 10192K/22023K, paused 2ms+5ms
07-14 12:56:19.445   214   216 D dalvikvm: GC_CONCURRENT freed 545K, 55% free 10074K/22023K, paused 2ms+3ms
07-14 12:56:19.445 11780 11782 D dalvikvm: GC_CONCURRENT freed 511K, 6% free 10494K/11143K, paused 2ms+2ms
07-14 12:56:19.543 14121 14144 D PicasaPhotoCP: set fsid first time:-1
07-14 12:56:19.582   144   403 I ActivityManager: Start proc com.google.android.youtube for broadcast com.google.android.youtube/.app.prefetch.PrefetchService$DeviceStateReceiver: pid=14151 uid=10057 gids={3003, 1015, 1006}
07-14 12:56:19.808 12739 12740 D dalvikvm: GC_CONCURRENT freed 436K, 7% free 10085K/10759K, paused 1ms+4ms
07-14 12:56:19.828   144   155 I ActivityManager: Process com.twitter.android (pid 14017) has died.
07-14 12:56:20.039 14151 14153 D dalvikvm: GC_CONCURRENT freed 155K, 3% free 9360K/9607K, paused 2ms+15ms
07-14 12:56:20.199 14121 14124 D dalvikvm: GC_CONCURRENT freed 306K, 5% free 9833K/10247K, paused 37ms+85ms
07-14 12:56:20.218 14151 14151 I ActivityThread: Pub com.google.android.youtube.SuggestionProvider: com.google.android.youtube.core.suggest.SuggestionProvider
07-14 12:56:20.281 14121 14165 D PicasaSync: sync account database
07-14 12:56:20.461   144   160 I Process : Sending signal. PID: 10918 SIG: 3
07-14 12:56:20.461 10918 10922 I dalvikvm: threadid=3: reacting to signal 3
07-14 12:56:20.699   144   200 D ConnectivityService: ConnectivityChange for WIMAX: DISCONNECTED/SCANNING
07-14 12:56:20.699   144   200 D ConnectivityService: Attempting to switch to mobile
07-14 12:56:20.699   144   200 D ConnectivityService: Attempting to switch to WIFI
07-14 12:56:20.699   144   200 D ConnectivityService: Attempting to switch to BLUETOOTH_TETHER
07-14 12:56:20.703 10918 10922 I dalvikvm: Wrote stack traces to '/data/anr/traces.txt'
07-14 12:56:20.918   144   400 D dalvikvm: GC_EXPLICIT freed 1993K, 24% free 18881K/24711K, paused 15ms+26ms
07-14 12:56:20.961   144   160 I Process : Sending signal. PID: 10918 SIG: 3
07-14 12:56:20.961 10918 10922 I dalvikvm: threadid=3: reacting to signal 3
07-14 12:56:21.078   214   216 D dalvikvm: GC_CONCURRENT freed 472K, 55% free 10029K/22023K, paused 1ms+3ms
07-14 12:56:21.129   214   216 D dalvikvm: GC_CONCURRENT freed 452K, 55% free 10018K/22023K, paused 2ms+3ms
07-14 12:56:21.191 10918 10922 I dalvikvm: Wrote stack traces to '/data/anr/traces.txt'
07-14 12:56:21.304   214   216 D dalvikvm: GC_CONCURRENT freed 293K, 54% free 10198K/22023K, paused 2ms+7ms
07-14 12:56:21.379   214   216 D dalvikvm: GC_CONCURRENT freed 533K, 54% free 10169K/22023K, paused 1ms+3ms
07-14 12:56:21.414   144   196 D NetworkPolicy: applying policy NetworkPolicy[NetworkTemplate: matchRule=MOBILE_ALL, subscriberId=valid]: cycleDay=20, warningBytes=2147483648, limitBytes=-1, lastSnooze=-1 to ifaces [rmnet0]
07-14 12:56:21.449   144   196 D NetworkPolicy: applying policy NetworkPolicy[NetworkTemplate: matchRule=MOBILE_ALL, subscriberId=valid]: cycleDay=20, warningBytes=2147483648, limitBytes=-1, lastSnooze=-1 to ifaces [rmnet0]
07-14 12:56:21.504   214   216 D dalvikvm: GC_CONCURRENT freed 527K, 55% free 10115K/22023K, paused 2ms+4ms
07-14 12:56:21.699   144   160 I Process : Sending signal. PID: 10918 SIG: 3
07-14 12:56:21.699 10918 10922 I dalvikvm: threadid=3: reacting to signal 3
07-14 12:56:21.758 14151 14153 D dalvikvm: GC_CONCURRENT freed 359K, 5% free 9519K/9991K, paused 214ms+11ms
07-14 12:56:21.758 14151 14160 W CursorWrapperInner: Cursor finalized without prior close()
07-14 12:56:21.758 14151 14160 W CursorWrapperInner: Cursor finalized without prior close()
07-14 12:56:21.804 10918 10922 I dalvikvm: Wrote stack traces to '/data/anr/traces.txt'
07-14 12:56:21.867 14151 14153 D dalvikvm: GC_CONCURRENT freed 283K, 4% free 9765K/10119K, paused 2ms+2ms
07-14 12:56:21.968 14151 14153 D dalvikvm: GC_CONCURRENT freed 386K, 5% free 9918K/10375K, paused 2ms+4ms
07-14 12:56:22.066 14151 14153 D dalvikvm: GC_CONCURRENT freed 417K, 5% free 10015K/10503K, paused 2ms+2ms
07-14 12:56:22.160 14151 14153 D dalvikvm: GC_CONCURRENT freed 343K, 4% free 10216K/10631K, paused 2ms+2ms
07-14 12:56:22.281   144   323 I ActivityManager: Process com.google.android.apps.uploader (pid 14105) has died.
07-14 12:56:22.390 14151 14153 D dalvikvm: GC_CONCURRENT freed 397K, 5% free 10299K/10823K, paused 28ms+21ms
07-14 12:56:22.480   144   402 I ActivityManager: Start proc com.google.android.apps.docs for broadcast com.google.android.apps.docs/.receivers.NetworkChangeReceiver: pid=14214 uid=10077 gids={3003, 1015, 1006}
07-14 12:56:22.601   214   216 D dalvikvm: GC_CONCURRENT freed 328K, 54% free 10202K/22023K, paused 3ms+5ms
07-14 12:56:22.785   144   160 I Process : Sending signal. PID: 10918 SIG: 3
07-14 12:56:22.785 10918 10922 I dalvikvm: threadid=3: reacting to signal 3
07-14 12:56:22.816 14214 14214 I PackageInfoHelper: Provided clientMode=RELEASE, packageInfo=PackageInfo{41352c70 com.google.android.apps.docs}
07-14 12:56:22.816 14214 14214 I ActivityThread: Pub com.google.android.apps.docs.files: com.google.android.apps.docs.sync.filemanager.FileProvider
07-14 12:56:22.816 14214 14214 I ActivityThread: Pub com.google.android.apps.docs.doclist.search_suggest: com.google.android.apps.docs.doclist.DocListGlobalSearchSuggestionProvider
07-14 12:56:22.828 14121 14165 D PicasaSync: accounts in DB=1
07-14 12:56:22.843   214   216 D dalvikvm: GC_CONCURRENT freed 552K, 55% free 10104K/22023K, paused 2ms+103ms
07-14 12:56:22.879 14121 14165 D PicasaSyncManager: active network: NetworkInfo: type: mobile[CDMA - EvDo rev. A], state: CONNECTED/CONNECTED, reason: (unspecified), extra: , roaming: false, failover: false, isAvailable: true
07-14 12:56:22.879 14121 14165 D PicasaSyncManager: background data: true
07-14 12:56:22.925 10918 10922 I dalvikvm: Wrote stack traces to '/data/anr/traces.txt'
07-14 12:56:22.925   144   160 W ActivityManager: Activity pause timeout for ActivityRecord{4162b9f0 com.google.android.apps.maps/com.google.android.maps.MapsActivity}
07-14 12:56:22.929   144   160 I Process : Sending signal. PID: 10918 SIG: 3
07-14 12:56:22.929 10918 10922 I dalvikvm: threadid=3: reacting to signal 3
07-14 12:56:22.945 10918 10922 I dalvikvm: Wrote stack traces to '/data/anr/traces.txt'
07-14 12:56:23.000 14121 14165 D PicasaSyncManager: battery info: false
07-14 12:56:23.023 12677 12679 D dalvikvm: GC_CONCURRENT freed 396K, 7% free 9560K/10183K, paused 2ms+13ms
07-14 12:56:23.086 14214 14216 D dalvikvm: GC_CONCURRENT freed 226K, 4% free 9310K/9607K, paused 4ms+2ms
07-14 12:56:23.187 14214 14216 D dalvikvm: GC_CONCURRENT freed 461K, 6% free 9393K/9927K, paused 2ms+2ms
07-14 12:56:23.277 14214 14216 D dalvikvm: GC_CONCURRENT freed 501K, 6% free 9416K/9991K, paused 2ms+3ms
07-14 12:56:23.285   144   160 I Process : Sending signal. PID: 10918 SIG: 3
07-14 12:56:23.285 10918 10922 I dalvikvm: threadid=3: reacting to signal 3
07-14 12:56:23.316 10918 10922 I dalvikvm: Wrote stack traces to '/data/anr/traces.txt'
07-14 12:56:23.386 14214 14216 D dalvikvm: GC_CONCURRENT freed 531K, 7% free 9450K/10055K, paused 2ms+2ms
07-14 12:56:23.468 14214 14216 D dalvikvm: GC_CONCURRENT freed 484K, 6% free 9477K/10055K, paused 2ms+3ms
07-14 12:56:23.574 14214 14216 D dalvikvm: GC_CONCURRENT freed 519K, 6% free 9525K/10119K, paused 1ms+3ms
07-14 12:56:23.722 14214 14216 D dalvikvm: GC_CONCURRENT freed 353K, 5% free 9639K/10119K, paused 2ms+2ms
07-14 12:56:23.738   144   204 D Tethering: MasterInitialState.processMessage what=3
07-14 12:56:23.789   144   204 D Tethering: MasterInitialState.processMessage what=3
07-14 12:56:23.797   144   160 I Process : Sending signal. PID: 10918 SIG: 3
07-14 12:56:23.797 10918 10922 I dalvikvm: threadid=3: reacting to signal 3
07-14 12:56:23.816 10918 10922 I dalvikvm: Wrote stack traces to '/data/anr/traces.txt'
07-14 12:56:23.906 14214 14214 D ContextScopeImpl: in ContextScope.getContextOrDefault for thread=1
07-14 12:56:23.906 14214 14214 D ContextScopeImpl: returning application context for thread=1
07-14 12:56:23.922 14214 14216 D dalvikvm: GC_CONCURRENT freed 388K, 5% free 9761K/10247K, paused 1ms+4ms
07-14 12:56:23.922 14214 14214 I FeatureCheckerImpl: Configured disabled features: []
07-14 12:56:23.922 14214 14214 D ContextScopeImpl: in ContextScope.getContextOrDefault for thread=1
07-14 12:56:23.922 14214 14214 D ContextScopeImpl: returning application context for thread=1
07-14 12:56:23.941 14214 14214 D ContextScopeImpl: in ContextScope.enter for thread=1
07-14 12:56:23.941 14214 14214 W ContextScopeImpl: thread=1 tried to enter the scope of the application context. Ignored.
07-14 12:56:23.941 14214 14214 D ContextScopeImpl: in ContextScope.getContextOrDefault for thread=1
07-14 12:56:23.941 14214 14214 D ContextScopeImpl: returning application context for thread=1
07-14 12:56:23.941 14214 14214 D DocListDatabase: openHelper points on new database: DocList.db
07-14 12:56:23.941 14214 14214 D DocListDatabase: in openWriteDatabase
07-14 12:56:23.957 14214 14214 I ActivityThread: Pub com.google.android.apps.docs.doclist.account_suggest: com.google.android.apps.docs.doclist.DocListAccountSuggestionProvider
07-14 12:56:23.957 14214 14214 D ContextScopeImpl: in ContextScope.enter for thread=1
07-14 12:56:23.957 14214 14214 W ContextScopeImpl: thread=1 tried to enter the scope of the application context. Ignored.
07-14 12:56:23.957 14214 14214 I ActivityThread: Pub com.google.android.apps.docs: com.google.android.apps.docs.providers.DocListProvider
07-14 12:56:23.957 14214 14214 D ContextScopeImpl: in ContextScope.enter for thread=1
07-14 12:56:23.957 14214 14214 W ContextScopeImpl: thread=1 tried to enter the scope of the application context. Ignored.
07-14 12:56:23.965 14214 14214 W ContextScopeImpl: thread=1 tried to enter the scope of the application context. Ignored.
07-14 12:56:23.972 14214 14230 W ContextScopeImpl: thread=11445 tried to enter the scope of the application context. Ignored.
07-14 12:56:24.019 14214 14214 W ContextScopeImpl: thread=1 tried to enter the scope of the application context. Ignored.
07-14 12:56:24.082 14151 14153 D dalvikvm: GC_CONCURRENT freed 294K, 4% free 10427K/10823K, paused 114ms+26ms
07-14 12:56:24.265 14121 14124 D dalvikvm: GC_CONCURRENT freed 178K, 3% free 10081K/10375K, paused 27ms+44ms
07-14 12:56:24.285   144   200 D ConnectivityService: handleInetConditionHoldEnd: net=0, condition=100, published condition=100
07-14 12:56:24.297   144   160 I Process : Sending signal. PID: 10918 SIG: 3
07-14 12:56:24.297 10918 10922 I dalvikvm: threadid=3: reacting to signal 3
07-14 12:56:24.437 10918 10922 I dalvikvm: Wrote stack traces to '/data/anr/traces.txt'
07-14 12:56:24.508   144 10051 I ActivityManager: Start proc com.google.android.apps.uploader for broadcast com.google.android.apps.uploader/.ConnectivityBroadcastReceiver: pid=14236 uid=10030 gids={3003}
07-14 12:56:24.593 14236 14236 I dalvikvm: Turning on JNI app bug workarounds for target SDK version 11...
07-14 12:56:24.664   144   156 I ActivityManager: Process com.google.android.youtube (pid 14151) has died.
07-14 12:56:24.679 14236 14236 I ActivityThread: Pub com.google.android.apps.uploader: com.google.android.apps.uploader.UploadsContentProvider
07-14 12:56:24.679 14236 14236 I ActivityThread: Pub com.google.photos.provider.Album: com.google.android.apps.uploader.clients.picasa.AlbumProvider
07-14 12:56:24.695 14236 14236 D MediaUploader: UploaderApplication.onCreate
07-14 12:56:24.832 14236 14236 D MediaUploader: nonWifiLimit=20971520, default=20971520
07-14 12:56:24.879  5517  5521 D dalvikvm: GC_CONCURRENT freed 415K, 6% free 10433K/11079K, paused 11ms+11ms
07-14 12:56:24.886 14236 14236 I MediaUploader: No need to wake up
07-14 12:56:24.965   144   400 I ActivityManager: Start proc com.google.android.youtube for broadcast com.google.android.youtube/.app.prefetch.PrefetchService$DeviceStateReceiver: pid=14262 uid=10057 gids={3003, 1015, 1006}
07-14 12:56:25.019 12739 12740 D dalvikvm: GC_CONCURRENT freed 369K, 6% free 10118K/10759K, paused 34ms+160ms
07-14 12:56:25.164   144   160 I Process : Sending signal. PID: 10918 SIG: 3
07-14 12:56:25.164 10918 10922 I dalvikvm: threadid=3: reacting to signal 3
07-14 12:56:25.164 14121 14165 D PicasaSyncManager: active network: NetworkInfo: type: mobile[CDMA - EvDo rev. A], state: CONNECTED/CONNECTED, reason: (unspecified), extra: , roaming: false, failover: false, isAvailable: true
07-14 12:56:25.187 11780 11782 D dalvikvm: GC_CONCURRENT freed 510K, 6% free 10496K/11143K, paused 2ms+5ms
07-14 12:56:25.215 14121 14124 D dalvikvm: GC_CONCURRENT freed 149K, 3% free 10371K/10631K, paused 4ms+4ms
07-14 12:56:25.215 14121 14165 D PicasaSyncManager: background data: true
07-14 12:56:25.258 14262 14262 I ActivityThread: Pub com.google.android.youtube.SuggestionProvider: com.google.android.youtube.core.suggest.SuggestionProvider
07-14 12:56:25.261 14262 14264 D dalvikvm: GC_CONCURRENT freed 167K, 3% free 9366K/9607K, paused 6ms+2ms
07-14 12:56:25.320   344 18302 D dalvikvm: GC_EXPLICIT freed 392K, 15% free 11982K/14087K, paused 45ms+6ms
07-14 12:56:25.371   144   160 W ActivityManager: Activity pause timeout for ActivityRecord{4162b9f0 com.google.android.apps.maps/com.google.android.maps.MapsActivity}
07-14 12:56:25.398 10918 10922 I dalvikvm: Wrote stack traces to '/data/anr/traces.txt'
07-14 12:56:25.422   144   160 I Process : Sending signal. PID: 10918 SIG: 3
07-14 12:56:25.425 10918 10922 I dalvikvm: threadid=3: reacting to signal 3
07-14 12:56:25.457 10918 10922 I dalvikvm: Wrote stack traces to '/data/anr/traces.txt'
07-14 12:56:25.539 14121 14147 D dalvikvm: GC_FOR_ALLOC freed 311K, 5% free 10484K/10951K, paused 47ms
07-14 12:56:25.543 14121 14147 I dalvikvm-heap: Grow heap (frag case) to 10.555MB for 260112-byte allocation
07-14 12:56:25.597 14121 14147 D dalvikvm: GC_FOR_ALLOC freed 126K, 6% free 10612K/11207K, paused 42ms
07-14 12:56:25.601   144  7984 I ActivityManager: Process com.google.android.apps.docs (pid 14214) has died.
07-14 12:56:25.664   144   160 I Process : Sending signal. PID: 10918 SIG: 3
07-14 12:56:25.664 10918 10922 I dalvikvm: threadid=3: reacting to signal 3
07-14 12:56:25.711 14121 14147 D dalvikvm: GC_FOR_ALLOC freed 313K, 6% free 10605K/11207K, paused 32ms
07-14 12:56:25.761 10918 10922 I dalvikvm: Wrote stack traces to '/data/anr/traces.txt'
07-14 12:56:25.781 14121 14147 D dalvikvm: GC_FOR_ALLOC freed 62K, 5% free 10669K/11207K, paused 66ms
07-14 12:56:25.785 14121 14147 I dalvikvm-heap: Grow heap (frag case) to 10.735MB for 260112-byte allocation
07-14 12:56:25.843 14121 14147 D dalvikvm: GC_FOR_ALLOC freed 126K, 6% free 10797K/11463K, paused 49ms
07-14 12:56:25.933 14121 14147 D dalvikvm: GC_FOR_ALLOC freed 369K, 6% free 10852K/11463K, paused 52ms
07-14 12:56:26.008 14121 14147 D dalvikvm: GC_FOR_ALLOC freed 126K, 5% free 10980K/11463K, paused 70ms
07-14 12:56:26.078   144   323 I ActivityManager: Process android.process.media (pid 14087) has died.
07-14 12:56:26.172 14262 14264 D dalvikvm: GC_CONCURRENT freed 379K, 5% free 9541K/9991K, paused 10ms+12ms
07-14 12:56:26.183 14262 14271 W CursorWrapperInner: Cursor finalized without prior close()
07-14 12:56:26.183 14262 14271 W CursorWrapperInner: Cursor finalized without prior close()
07-14 12:56:26.355 14262 14264 D dalvikvm: GC_CONCURRENT freed 328K, 4% free 9784K/10183K, paused 2ms+5ms
07-14 12:56:26.406   144   160 I Process : Sending signal. PID: 10918 SIG: 3
07-14 12:56:26.406 10918 10922 I dalvikvm: threadid=3: reacting to signal 3
07-14 12:56:26.500 14262 14264 D dalvikvm: GC_CONCURRENT freed 359K, 5% free 9944K/10375K, paused 5ms+4ms
07-14 12:56:26.656   344   344 D SAN_SERVICE: *******************************************
07-14 12:56:26.656   344   344 D SAN_SERVICE: DM App Phone Service State - 0
07-14 12:56:26.656   344   344 D SAN_SERVICE: *******************************************
07-14 12:56:26.660   144   160 W ActivityManager: Activity pause timeout for ActivityRecord{4162b9f0 com.google.android.apps.maps/com.google.android.maps.MapsActivity}
07-14 12:56:26.664   144   160 I Process : Sending signal. PID: 10918 SIG: 3
07-14 12:56:26.679   144   147 D dalvikvm: GC_CONCURRENT freed 2028K, 24% free 18846K/24711K, paused 15ms+31ms
07-14 12:56:26.695 14262 14264 D dalvikvm: GC_CONCURRENT freed 412K, 5% free 10083K/10567K, paused 2ms+24ms
07-14 12:56:26.797 14262 14303 D dalvikvm: GC_FOR_ALLOC freed 342K, 4% free 10282K/10695K, paused 31ms
07-14 12:56:26.883   344   344 D SAN_SERVICE: *******************************************
07-14 12:56:26.883   344   344 D SAN_SERVICE: DM App Phone Service State - 0
07-14 12:56:26.883   344   344 D SAN_SERVICE: *******************************************
07-14 12:56:26.914   144   160 I Process : Sending signal. PID: 10918 SIG: 3
07-14 12:56:26.945 10918 10922 I dalvikvm: Wrote stack traces to '/data/anr/traces.txt'
07-14 12:56:26.953   344   344 D SAN_SERVICE: *******************************************
07-14 12:56:26.953   344   344 D SAN_SERVICE: DM App Phone Service State - 0
07-14 12:56:26.953   344   344 D SAN_SERVICE: *******************************************
07-14 12:56:26.957 10918 10922 I dalvikvm: threadid=3: reacting to signal 3
07-14 12:56:27.035 14262 14264 D dalvikvm: GC_CONCURRENT freed 132K, 3% free 10451K/10695K, paused 2ms+50ms
07-14 12:56:27.078 10918 10922 I dalvikvm: Wrote stack traces to '/data/anr/traces.txt'
07-14 12:56:27.117   144   403 I ActivityManager: Process com.google.android.apps.uploader (pid 14236) has died.
07-14 12:56:27.160 12739 12740 D dalvikvm: GC_CONCURRENT freed 183K, 5% free 10329K/10759K, paused 258ms+2ms
07-14 12:56:27.207   344   344 D SAN_SERVICE: *******************************************
07-14 12:56:27.207   344   344 D SAN_SERVICE: DM App Phone Service State - 0
07-14 12:56:27.207   344   344 D SAN_SERVICE: *******************************************
07-14 12:56:27.340   144   400 I ActivityManager: Start proc com.google.android.apps.docs for broadcast com.google.android.apps.docs/.receivers.NetworkChangeReceiver: pid=14317 uid=10077 gids={3003, 1015, 1006}
07-14 12:56:27.410   144   160 I Process : Sending signal. PID: 10918 SIG: 3
07-14 12:56:27.410 10918 10922 I dalvikvm: threadid=3: reacting to signal 3
07-14 12:56:27.410 10918 10922 D dalvikvm: ExtrMon: insns 0x6 not valid (0x0 - 0x0)
07-14 12:56:27.437 10918 10922 I dalvikvm: Wrote stack traces to '/data/anr/traces.txt'
07-14 12:56:27.504   144   424 I ActivityManager: Process com.google.android.apps.plus (pid 14121) has died.
07-14 12:56:27.531 14317 14317 I PackageInfoHelper: Provided clientMode=RELEASE, packageInfo=PackageInfo{41355590 com.google.android.apps.docs}
07-14 12:56:27.531 14317 14317 I ActivityThread: Pub com.google.android.apps.docs.files: com.google.android.apps.docs.sync.filemanager.FileProvider
07-14 12:56:27.535 14317 14317 I ActivityThread: Pub com.google.android.apps.docs.doclist.search_suggest: com.google.android.apps.docs.doclist.DocListGlobalSearchSuggestionProvider
07-14 12:56:27.715 14317 14319 D dalvikvm: GC_CONCURRENT freed 220K, 4% free 9315K/9607K, paused 1ms+5ms
07-14 12:56:27.871 14317 14319 D dalvikvm: GC_CONCURRENT freed 475K, 6% free 9379K/9927K, paused 2ms+2ms
07-14 12:56:27.910   144   160 I Process : Sending signal. PID: 10918 SIG: 3
07-14 12:56:27.910 10918 10922 I dalvikvm: threadid=3: reacting to signal 3
07-14 12:56:28.004 14317 14319 D dalvikvm: GC_CONCURRENT freed 510K, 6% free 9406K/9991K, paused 2ms+6ms
07-14 12:56:28.113   144   160 I Process : Sending signal. PID: 10918 SIG: 3
07-14 12:56:28.113   144   160 W ActivityManager: Activity pause timeout for ActivityRecord{4162b9f0 com.google.android.apps.maps/com.google.android.maps.MapsActivity}
07-14 12:56:28.160 14317 14319 D dalvikvm: GC_CONCURRENT freed 464K, 6% free 9451K/9991K, paused 2ms+10ms
07-14 12:56:28.215 10918 10922 I dalvikvm: Wrote stack traces to '/data/anr/traces.txt'
07-14 12:56:28.226 10918 10922 I dalvikvm: threadid=3: reacting to signal 3
07-14 12:56:28.269 10918 10922 I dalvikvm: Wrote stack traces to '/data/anr/traces.txt'
07-14 12:56:28.340 14317 14319 D dalvikvm: GC_CONCURRENT freed 508K, 6% free 9471K/10055K, paused 2ms+5ms
07-14 12:56:28.410   144   160 I Process : Sending signal. PID: 10918 SIG: 3
07-14 12:56:28.410 10918 10922 I dalvikvm: threadid=3: reacting to signal 3
07-14 12:56:28.472 14317 14319 D dalvikvm: GC_CONCURRENT freed 462K, 6% free 9518K/10055K, paused 1ms+4ms
07-14 12:56:28.519 10918 10922 I dalvikvm: Wrote stack traces to '/data/anr/traces.txt'
07-14 12:56:28.695 14317 14319 D dalvikvm: GC_CONCURRENT freed 398K, 5% free 9621K/10119K, paused 2ms+2ms
07-14 12:56:28.898 14317 14319 D dalvikvm: GC_CONCURRENT freed 415K, 5% free 9759K/10247K, paused 2ms+4ms
07-14 12:56:28.902 14317 14317 D ContextScopeImpl: in ContextScope.getContextOrDefault for thread=1
07-14 12:56:28.902 14317 14317 D ContextScopeImpl: returning application context for thread=1
07-14 12:56:28.910   144   160 I Process : Sending signal. PID: 10918 SIG: 3
07-14 12:56:28.910 10918 10922 I dalvikvm: threadid=3: reacting to signal 3
07-14 12:56:28.925 14317 14317 I FeatureCheckerImpl: Configured disabled features: []
07-14 12:56:28.925 14317 14317 D ContextScopeImpl: in ContextScope.getContextOrDefault for thread=1
07-14 12:56:28.925 14317 14317 D ContextScopeImpl: returning application context for thread=1
07-14 12:56:28.941 14317 14317 D ContextScopeImpl: in ContextScope.enter for thread=1
07-14 12:56:28.941 14317 14317 W ContextScopeImpl: thread=1 tried to enter the scope of the application context. Ignored.
07-14 12:56:28.941 14317 14317 D ContextScopeImpl: in ContextScope.getContextOrDefault for thread=1
07-14 12:56:28.941 14317 14317 D ContextScopeImpl: returning application context for thread=1
07-14 12:56:28.941 14317 14317 D DocListDatabase: openHelper points on new database: DocList.db
07-14 12:56:28.941 14317 14317 D DocListDatabase: in openWriteDatabase
07-14 12:56:28.953 14317 14317 I ActivityThread: Pub com.google.android.apps.docs.doclist.account_suggest: com.google.android.apps.docs.doclist.DocListAccountSuggestionProvider
07-14 12:56:28.961 14317 14317 D ContextScopeImpl: in ContextScope.enter for thread=1
07-14 12:56:28.961 14317 14317 W ContextScopeImpl: thread=1 tried to enter the scope of the application context. Ignored.
07-14 12:56:28.961 14317 14317 I ActivityThread: Pub com.google.android.apps.docs: com.google.android.apps.docs.providers.DocListProvider
07-14 12:56:28.961 14317 14317 D ContextScopeImpl: in ContextScope.enter for thread=1
07-14 12:56:28.961 14317 14317 W ContextScopeImpl: thread=1 tried to enter the scope of the application context. Ignored.
07-14 12:56:29.117 14317 14317 W ContextScopeImpl: thread=1 tried to enter the scope of the application context. Ignored.
07-14 12:56:29.183 14317 14340 W ContextScopeImpl: thread=11454 tried to enter the scope of the application context. Ignored.
07-14 12:56:29.230 14317 14317 W ContextScopeImpl: thread=1 tried to enter the scope of the application context. Ignored.
07-14 12:56:29.304   144   380 I ActivityManager: Start proc android.process.media for broadcast com.android.providers.downloads/.DownloadReceiver: pid=14343 uid=10012 gids={1015, 1023, 1024, 2001, 3003, 3007}
07-14 12:56:29.402 14343 14343 I ActivityThread: Pub downloads: com.android.providers.downloads.DownloadProvider
07-14 12:56:29.410   144   160 I Process : Sending signal. PID: 10918 SIG: 3
07-14 12:56:29.652 14343 14343 I ActivityThread: Pub drm: com.android.providers.drm.DrmProvider
07-14 12:56:29.652 14343 14356 I DownloadManager: in removeSpuriousFiles
07-14 12:56:29.656 14343 14343 I ActivityThread: Pub media: com.android.providers.media.MediaProvider
07-14 12:56:29.675 10918 10922 I dalvikvm: Wrote stack traces to '/data/anr/traces.txt'
07-14 12:56:29.675 10918 10922 I dalvikvm: threadid=3: reacting to signal 3
07-14 12:56:29.840 10918 10922 I dalvikvm: Wrote stack traces to '/data/anr/traces.txt'
07-14 12:56:29.847 14343 14356 I DownloadManager: in removeSpuriousFiles, preserving file /data/data/com.android.providers.downloads/cache/metadata.json
07-14 12:56:29.847 14343 14356 I DownloadManager: in removeSpuriousFiles, preserving file /data/data/com.android.providers.downloads/cache/en_general.htm
07-14 12:56:29.847 14343 14356 I DownloadManager: in removeSpuriousFiles, preserving file /mnt/sdcard/Download/img-thing.jpeg
07-14 12:56:29.847 14343 14356 I DownloadManager: in removeSpuriousFiles, preserving file /data/data/com.android.providers.downloads/cache/metadata-1.json
07-14 12:56:29.847 14343 14356 I DownloadManager: in removeSpuriousFiles, preserving file /data/data/com.android.providers.downloads/cache/downloadfile.jpeg
07-14 12:56:29.847 14343 14356 I DownloadManager: in removeSpuriousFiles, preserving file /data/data/com.android.providers.downloads/cache/metadata-2.json
07-14 12:56:29.847 14343 14356 I DownloadManager: in removeSpuriousFiles, preserving file /data/data/com.android.providers.downloads/cache/metadata-3.json
07-14 12:56:29.847 14343 14356 I DownloadManager: in removeSpuriousFiles, preserving file /data/data/com.android.providers.downloads/cache/downloadfile-1.jpeg
07-14 12:56:29.847 14343 14356 I DownloadManager: in removeSpuriousFiles, preserving file /data/data/com.android.providers.downloads/cache/downloadfile-2.jpeg
07-14 12:56:29.847 14343 14356 I DownloadManager: in removeSpuriousFiles, preserving file /data/data/com.android.providers.downloads/cache/metadata-4.json
07-14 12:56:29.847 14343 14356 I DownloadManager: in removeSpuriousFiles, preserving file /data/data/com.android.providers.downloads/cache/metadata-5.json
07-14 12:56:29.851 14343 14356 I DownloadManager: deleting spurious file /cache/backup
07-14 12:56:29.925   144   160 I Process : Sending signal. PID: 10918 SIG: 3
07-14 12:56:29.925 10918 10922 I dalvikvm: threadid=3: reacting to signal 3
07-14 12:56:30.097 14343 14346 D dalvikvm: GC_CONCURRENT freed 379K, 5% free 9157K/9607K, paused 2ms+4ms
07-14 12:56:30.168   144   156 I ActivityManager: Process com.google.android.youtube (pid 14262) has died.
07-14 12:56:30.328 10918 10922 I dalvikvm: Wrote stack traces to '/data/anr/traces.txt'
07-14 12:56:30.468   144   160 I Process : Sending signal. PID: 10918 SIG: 3
07-14 12:56:30.476 10918 10922 I dalvikvm: threadid=3: reacting to signal 3
07-14 12:56:30.621 10918 10922 I dalvikvm: Wrote stack traces to '/data/anr/traces.txt'
07-14 12:56:30.808   144   155 D dalvikvm: GC_EXPLICIT freed 834K, 24% free 18841K/24711K, paused 25ms+46ms
07-14 12:56:30.972   144   160 I Process : Sending signal. PID: 10918 SIG: 3
07-14 12:56:30.972 10918 10922 I dalvikvm: threadid=3: reacting to signal 3
07-14 12:56:31.222 10918 10922 D dalvikvm: JIT unchain all for threadid=51
07-14 12:56:31.293   144   156 I ActivityManager: Start proc com.google.android.apps.uploader for broadcast com.google.android.apps.uploader/.ConnectivityBroadcastReceiver: pid=14371 uid=10030 gids={3003}
07-14 12:56:31.343    79    79 D dalvikvm: GC_EXPLICIT freed 38K, 4% free 9031K/9347K, paused 1ms+5ms
07-14 12:56:31.347 14371 14371 I dalvikvm: Turning on JNI app bug workarounds for target SDK version 11...
07-14 12:56:31.406    79    79 D dalvikvm: GC_EXPLICIT freed <1K, 4% free 9031K/9347K, paused 8ms+3ms
07-14 12:56:31.461    79    79 D dalvikvm: GC_EXPLICIT freed <1K, 4% free 9031K/9347K, paused 4ms+5ms
07-14 12:56:31.472   144   160 I Process : Sending signal. PID: 10918 SIG: 3
07-14 12:56:31.715 14371 14371 I ActivityThread: Pub com.google.android.apps.uploader: com.google.android.apps.uploader.UploadsContentProvider
07-14 12:56:31.718 14371 14371 I ActivityThread: Pub com.google.photos.provider.Album: com.google.android.apps.uploader.clients.picasa.AlbumProvider
07-14 12:56:31.734 14371 14371 D MediaUploader: UploaderApplication.onCreate
07-14 12:56:31.824   344   344 D SAN_SERVICE: *******************************************
07-14 12:56:31.824   344   344 D SAN_SERVICE: DM App Phone Service State - 0
07-14 12:56:31.824   344   344 D SAN_SERVICE: *******************************************
07-14 12:56:32.043   144   160 I Process : Sending signal. PID: 10918 SIG: 3
07-14 12:56:32.066 10918 10922 I dalvikvm: Wrote stack traces to '/data/anr/traces.txt'
07-14 12:56:32.070   144 14333 I ActivityManager: Applications Memory Usage (kB):
07-14 12:56:32.070   144 14333 I ActivityManager: Uptime: 278771497 Realtime: 434243038
07-14 12:56:32.070   144 14333 I ActivityManager: Total PSS by OOM adjustment:
07-14 12:56:32.070   144 14333 I ActivityManager:     30286 kB: System
07-14 12:56:32.070   144 14333 I ActivityManager:                30286 kB: system (pid 144)
07-14 12:56:32.070   144 14333 I ActivityManager:     29975 kB: Persistent
07-14 12:56:32.070   144 14333 I ActivityManager:                13440 kB: com.android.systemui (pid 214)
07-14 12:56:32.070   144 14333 I ActivityManager:                12548 kB: com.android.phone (pid 344)
07-14 12:56:32.070   144 14333 I ActivityManager:                 3987 kB: com.android.nfc (pid 356)
07-14 12:56:32.070   144 14333 I ActivityManager:     71207 kB: Foreground
07-14 12:56:32.070   144 14333 I ActivityManager:                63353 kB: com.google.android.apps.maps (pid 10918)
07-14 12:56:32.070   144 14333 I ActivityManager:                 7854 kB: android.process.acore (pid 12677)
07-14 12:56:32.070   144 14333 I ActivityManager:     27202 kB: Visible
07-14 12:56:32.070   144 14333 I ActivityManager:                11628 kB: com.google.process.gapps (pid 5517)
07-14 12:56:32.070   144 14333 I ActivityManager:                 7748 kB: com.google.android.apps.maps:NetworkLocationService (pid 11780)
07-14 12:56:32.070   144 14333 I ActivityManager:                 5041 kB: com.google.android.gsf.login (pid 22691)
07-14 12:56:32.070   144 14333 I ActivityManager:                 2785 kB: com.android.smspush (pid 440)
07-14 12:56:32.070   144 14333 I ActivityManager:      7324 kB: Perceptible
07-14 12:56:32.070   144 14333 I ActivityManager:                 7324 kB: com.klye.ime.latin (pid 320)
07-14 12:56:32.070   144 14333 I ActivityManager:     21653 kB: A Services
07-14 12:56:32.070   144 14333 I ActivityManager:                 9160 kB: com.facebook.katana (pid 11427)
07-14 12:56:32.070   144 14333 I ActivityManager:                 8466 kB: com.google.android.apps.maps:LocationFriendService (pid 12739)
07-14 12:56:32.070   144 14333 I ActivityManager:                 4027 kB: edu.buffalo.cse.phonelab.phonelabservices (pid 11692)
07-14 12:56:32.070   144 14333 I ActivityManager:     15038 kB: Home
07-14 12:56:32.070   144 14333 I ActivityManager:                15038 kB: com.android.launcher (pid 18680)
07-14 12:56:32.070   144 14333 I ActivityManager:     13047 kB: B Services
07-14 12:56:32.070   144 14333 I ActivityManager:                 5917 kB: com.whatsapp (pid 11296)
07-14 12:56:32.070   144 14333 I ActivityManager:                 4493 kB: com.google.android.apps.googlevoice (pid 11054)
07-14 12:56:32.070   144 14333 I ActivityManager:                 2637 kB: com.android.sprintmenu (pid 11342)
07-14 12:56:32.070   144 14333 I ActivityManager:     21000 kB: Background
07-14 12:56:32.070   144 14333 I ActivityManager:                11216 kB: com.google.android.youtube (pid 14262)
07-14 12:56:32.070   144 14333 I ActivityManager:                 9784 kB: com.google.android.apps.docs (pid 14317)
07-14 12:56:32.070   144 14333 I ActivityManager: 
07-14 12:56:32.070   144 14333 I ActivityManager: Total PSS: 236732 kB
07-14 12:56:32.070   144 14333 I ActivityManager:   PID      Vss      Rss      Pss      Uss  cmdline
07-14 12:56:32.070   144 14333 I ActivityManager: 10918   88568K   88528K   62074K   54740K  com.google.android.apps.maps
07-14 12:56:32.070   144 14333 I ActivityManager:   144   47832K   47744K   30344K   27616K  system_server
07-14 12:56:32.070   144 14333 I ActivityManager:    78   29628K   26628K   16839K    7820K  /system/bin/surfaceflinger
07-14 12:56:32.070   144 14333 I ActivityManager: 18680   30012K   29932K   15078K   14176K  com.android.launcher
07-14 12:56:32.070   144 14333 I ActivityManager:   214   32184K   32128K   13014K    8892K  com.android.systemui
07-14 12:56:32.070   144 14333 I ActivityManager:   344   27332K   27256K   12461K   11608K  com.android.phone
07-14 12:56:32.070   144 14333 I ActivityManager:  5517   27368K   27316K   11386K   10348K  com.google.process.gapps
07-14 12:56:32.070   144 14333 I ActivityManager: 14317   29324K   29260K    9753K    7884K  com.google.android.apps.docs
07-14 12:56:32.070   144 14333 I ActivityManager: 11427   25172K   25100K    9242K    8224K  com.facebook.katana
07-14 12:56:32.070   144 14333 I ActivityManager: 12739   27316K   27264K    8844K    6976K  com.google.android.apps.maps:LocationFriendService
07-14 12:56:32.070   144 14333 I ActivityManager: 12677   24204K   24136K    7844K    6896K  android.process.acore
07-14 12:56:32.070   144 14333 I ActivityManager: 11780   23952K   23896K    7689K    6604K  com.google.android.apps.maps:NetworkLocationService
07-14 12:56:32.070   144 14333 I ActivityManager:   320   22832K   22776K    7368K    6384K  com.klye.ime.latin
07-14 12:56:32.070   144 14333 I ActivityManager: 11296   22472K   22412K    5961K    4948K  com.whatsapp
07-14 12:56:32.070   144 14333 I ActivityManager: 22691   19656K   19588K    5043K    4284K  com.google.android.gsf.login
07-14 12:56:32.070   144 14333 I ActivityManager: 14343   24324K   24256K    4745K    2960K  android.process.media
07-14 12:56:32.070   144 14333 I ActivityManager: 11054   19532K   19468K    4575K    3728K  com.google.android.apps.googlevoice
07-14 12:56:32.070   144 14333 I ActivityManager: 11692   22072K   22000K    4120K    2728K  edu.buffalo.cse.phonelab.phonelabservices
07-14 12:56:32.070   144 14333 I ActivityManager:   356   18748K   18652K    4066K    3244K  com.android.nfc
07-14 12:56:32.070   144 14333 I ActivityManager:   440   17632K   17520K    2831K    1916K  com.android.smspush
07-14 12:56:32.070   144 14333 I ActivityManager: 11342   18900K   18832K    2733K    1720K  com.android.sprintmenu
07-14 12:56:32.070   144 14333 I ActivityManager:    79   18384K   18256K    2135K    1052K  zygote
07-14 12:56:32.070   144 14333 I ActivityManager:    81    2084K    2084K    1832K    1808K  /system/bin/mediaserver
07-14 12:56:32.070   144 14333 I ActivityManager:    80    1032K    1032K     881K     876K  /system/bin/drmserver
07-14 12:56:32.070   144 14333 I ActivityManager:  1373     992K     988K     855K     848K  logcat
07-14 12:56:32.070   144 14333 I ActivityManager:    77    1028K    1028K     839K     832K  /system/bin/rild
07-14 12:56:32.070   144 14333 I ActivityManager: 14358     792K     784K     664K     660K  procrank
07-14 12:56:32.070   144 14333 I ActivityManager: 24905     808K     808K     645K     632K  /system/bin/netd
07-14 12:56:32.070   144 14333 I ActivityManager:   262     628K     624K     504K     500K  /system/bin/wpa_supplicant
07-14 12:56:32.070   144 14333 I ActivityManager:   296     384K     384K     310K     308K  /system/bin/bluetoothd
07-14 12:56:32.070   144 14333 I ActivityManager:    88     324K     324K     308K     308K  /sbin/adbd
07-14 12:56:32.070   144 14333 I ActivityManager:    86     476K     472K     307K     296K  /system/vendor/bin/gpsd
07-14 12:56:32.070   144 14333 I ActivityManager:    72     376K     372K     279K     272K  /system/bin/vold
07-14 12:56:32.070   144 14333 I ActivityManager:    82     272K     264K     193K     192K  /system/bin/dbus-daemon
07-14 12:56:32.070   144 14333 I ActivityManager:    85     228K     220K     161K     160K  /system/bin/keystore
07-14 12:56:32.070   144 14333 I ActivityManager:     1     204K     204K     142K     104K  /init
07-14 12:56:32.070   144 14333 I ActivityManager:   201     212K     204K     141K     140K  /system/bin/brcm_patchram_plus
07-14 12:56:32.082 10918 10922 I dalvikvm: threadid=3: reacting to signal 3
07-14 12:56:32.125  5517  5530 D dalvikvm: GC_EXPLICIT freed 175K, 7% free 10385K/11079K, paused 120ms+20ms
07-14 12:56:32.136 10918 10922 I dalvikvm: Wrote stack traces to '/data/anr/traces.txt'
07-14 12:56:32.152   344   344 D SAN_SERVICE: *******************************************
07-14 12:56:32.152   344   344 D SAN_SERVICE: DM App Phone Service State - 0
07-14 12:56:32.152   344   344 D SAN_SERVICE: *******************************************
07-14 12:56:32.156 14371 14371 D MediaUploader: nonWifiLimit=20971520, default=20971520
07-14 12:56:32.160 14371 14371 I MediaUploader: No need to wake up
07-14 12:56:32.222   214   216 D dalvikvm: GC_CONCURRENT freed 330K, 54% free 10171K/22023K, paused 5ms+7ms
07-14 12:56:32.242   144 30930 I ActivityManager: Start proc com.google.android.apps.plus for broadcast com.google.android.apps.plus/com.google.android.picasasync.ConnectivityReceiver: pid=14388 uid=10060 gids={3003, 3002, 1015, 1006}
07-14 12:56:32.496   144   160 I Process : Sending signal. PID: 10918 SIG: 3
07-14 12:56:32.496 10918 10922 I dalvikvm: threadid=3: reacting to signal 3
07-14 12:56:32.586   214   216 D dalvikvm: GC_CONCURRENT freed 254K, 54% free 10326K/22023K, paused 2ms+28ms
07-14 12:56:32.652 11780 11782 D dalvikvm: GC_CONCURRENT freed 512K, 6% free 10496K/11143K, paused 1ms+5ms
07-14 12:56:32.746 14388 14390 D dalvikvm: GC_CONCURRENT freed 149K, 3% free 9386K/9607K, paused 6ms+2ms
07-14 12:56:32.769   144   403 I ActivityManager: Process com.google.android.apps.docs (pid 14317) has died.
07-14 12:56:32.961 14388 14388 I ActivityThread: Pub com.google.android.apps.plus.content.ApiProvider: com.google.android.apps.plus.content.EsApiProvider
07-14 12:56:33.000   144   160 I Process : Sending signal. PID: 10918 SIG: 3
07-14 12:56:33.027 14388 14388 I ActivityThread: Pub com.google.android.apps.plus.content.EsGooglePhotoProvider: com.google.android.picasasync.PicasaContentProvider
07-14 12:56:33.078 12739 12740 D dalvikvm: GC_CONCURRENT freed 459K, 5% free 10419K/10951K, paused 158ms+43ms
07-14 12:56:33.093 10918 10922 I dalvikvm: Wrote stack traces to '/data/anr/traces.txt'
07-14 12:56:33.101 10918 10922 I dalvikvm: threadid=3: reacting to signal 3
07-14 12:56:33.175 10918 10922 I dalvikvm: Wrote stack traces to '/data/anr/traces.txt'
07-14 12:56:33.195 14388 14390 D dalvikvm: GC_CONCURRENT freed 336K, 5% free 9580K/9991K, paused 1ms+3ms
07-14 12:56:33.222 14388 14388 I ActivityThread: Pub com.google.android.apps.plus.content.EsPicasaStoreProvider: com.google.android.picasastore.PicasaPhotoContentProvider
07-14 12:56:33.230 14388 14388 I ActivityThread: Pub com.google.plus.platform: com.google.android.apps.plus.content.AdsProvider
07-14 12:56:33.230 14388 14388 I ActivityThread: Pub com.google.android.apps.plus.iu.EsGoogleIuProvider: com.google.android.apps.plus.iu.InstantUploadProvider
07-14 12:56:33.289   144   160 W ActivityManager: Activity pause timeout for ActivityRecord{4162b9f0 com.google.android.apps.maps/com.google.android.maps.MapsActivity}
07-14 12:56:33.293   144   160 I Process : Sending signal. PID: 10918 SIG: 3
07-14 12:56:33.293 10918 10922 I dalvikvm: threadid=3: reacting to signal 3
07-14 12:56:33.375 10918 10922 I dalvikvm: Wrote stack traces to '/data/anr/traces.txt'
07-14 12:56:33.476 14388 14390 D dalvikvm: GC_CONCURRENT freed 452K, 6% free 9665K/10183K, paused 40ms+60ms
07-14 12:56:33.492 14388 14388 I ActivityThread: Pub com.google.android.apps.plus.content.EsProvider: com.google.android.apps.plus.content.EsProvider
07-14 12:56:33.496   144   160 I Process : Sending signal. PID: 10918 SIG: 3
07-14 12:56:33.496 10918 10922 I dalvikvm: threadid=3: reacting to signal 3
07-14 12:56:33.562 12739 12740 D dalvikvm: GC_CONCURRENT freed 525K, 6% free 10414K/11015K, paused 10ms+2ms
07-14 12:56:33.597 10918 10922 I dalvikvm: Wrote stack traces to '/data/anr/traces.txt'
07-14 12:56:33.605   144  9303 I ActivityManager: Process android.process.media (pid 14343) has died.
07-14 12:56:33.605   144  9303 I ActivityManager: Kill com.google.android.apps.plus (pid 14388): provider com.android.providers.media.MediaProvider in dying process android.process.media
07-14 12:56:33.636   144   144 I ActivityManager: Process com.google.android.apps.plus (pid 14388) has died.
07-14 12:56:33.644   144   161 I ActivityManager: Start proc com.google.android.apps.plus for broadcast com.google.android.apps.plus/.iu.ConnectivityReceiver: pid=14404 uid=10060 gids={3003, 3002, 1015, 1006}
07-14 12:56:33.765 14404 14407 D dalvikvm: GC_CONCURRENT freed 152K, 3% free 9384K/9607K, paused 2ms+2ms
07-14 12:56:33.816 14404 14404 I ActivityThread: Pub com.google.android.apps.plus.content.ApiProvider: com.google.android.apps.plus.content.EsApiProvider
07-14 12:56:33.816 14404 14404 I ActivityThread: Pub com.google.android.apps.plus.content.EsGooglePhotoProvider: com.google.android.picasasync.PicasaContentProvider
07-14 12:56:33.898 14404 14407 D dalvikvm: GC_CONCURRENT freed 335K, 5% free 9581K/9991K, paused 2ms+2ms
07-14 12:56:33.949 14404 14404 I ActivityThread: Pub com.google.android.apps.plus.content.EsPicasaStoreProvider: com.google.android.picasastore.PicasaPhotoContentProvider
07-14 12:56:33.996   144   160 I Process : Sending signal. PID: 10918 SIG: 3
07-14 12:56:33.996 10918 10922 I dalvikvm: threadid=3: reacting to signal 3
07-14 12:56:34.019 14404 14404 I ActivityThread: Pub com.google.plus.platform: com.google.android.apps.plus.content.AdsProvider
07-14 12:56:34.019 14404 14404 I ActivityThread: Pub com.google.android.apps.plus.iu.EsGoogleIuProvider: com.google.android.apps.plus.iu.InstantUploadProvider
07-14 12:56:34.078 10918 10922 I dalvikvm: Wrote stack traces to '/data/anr/traces.txt'
07-14 12:56:34.117 14404 14407 D dalvikvm: GC_CONCURRENT freed 501K, 6% free 9608K/10183K, paused 1ms+2ms
07-14 12:56:34.121 14404 14404 I ActivityThread: Pub com.google.android.apps.plus.content.EsProvider: com.google.android.apps.plus.content.EsProvider
07-14 12:56:34.136 10918 10918 D dalvikvm: GC_EXPLICIT freed 1668K, 10% free 22657K/25031K, paused 3ms+11ms
07-14 12:56:34.179   144  9303 I ActivityManager: Start proc android.process.media for content provider com.android.providers.media/.MediaProvider: pid=14420 uid=10012 gids={1015, 1023, 1024, 2001, 3003, 3007}
07-14 12:56:34.261   144   380 I ActivityManager: Start proc com.google.android.youtube for broadcast com.google.android.youtube/.app.prefetch.PrefetchService$DeviceStateReceiver: pid=14438 uid=10057 gids={3003, 1015, 1006}
07-14 12:56:34.269   214   214 D dalvikvm: GC_FOR_ALLOC freed 444K, 54% free 10246K/22023K, paused 83ms
07-14 12:56:34.273 14420 14420 I ActivityThread: Pub downloads: com.android.providers.downloads.DownloadProvider
07-14 12:56:34.496   144   160 I Process : Sending signal. PID: 10918 SIG: 3
07-14 12:56:34.496 10918 10922 I dalvikvm: threadid=3: reacting to signal 3
07-14 12:56:34.527 14438 14444 D dalvikvm: GC_CONCURRENT freed 152K, 3% free 9360K/9607K, paused 3ms+2ms
07-14 12:56:34.550 10918 10922 I dalvikvm: Wrote stack traces to '/data/anr/traces.txt'
07-14 12:56:34.597 14438 14438 I ActivityThread: Pub com.google.android.youtube.SuggestionProvider: com.google.android.youtube.core.suggest.SuggestionProvider
07-14 12:56:34.617 14420 14420 I ActivityThread: Pub drm: com.android.providers.drm.DrmProvider
07-14 12:56:34.625 14420 14455 I DownloadManager: in removeSpuriousFiles
07-14 12:56:34.633 14420 14420 I ActivityThread: Pub media: com.android.providers.media.MediaProvider
07-14 12:56:34.664   214   216 D dalvikvm: GC_CONCURRENT freed 273K, 53% free 10438K/22023K, paused 2ms+4ms
07-14 12:56:34.695   144   160 W ActivityManager: Activity idle timeout for ActivityRecord{4162b9f0 com.google.android.apps.maps/com.google.android.maps.MapsActivity}
07-14 12:56:34.832   144   424 I ActivityManager: Process com.google.android.apps.maps:LocationFriendService (pid 12739) has died.
07-14 12:56:34.883 14420 14455 I DownloadManager: in removeSpuriousFiles, preserving file /data/data/com.android.providers.downloads/cache/metadata.json
07-14 12:56:34.883 14420 14455 I DownloadManager: in removeSpuriousFiles, preserving file /data/data/com.android.providers.downloads/cache/en_general.htm
07-14 12:56:34.883 14420 14455 I DownloadManager: in removeSpuriousFiles, preserving file /mnt/sdcard/Download/img-thing.jpeg
07-14 12:56:34.883 14420 14455 I DownloadManager: in removeSpuriousFiles, preserving file /data/data/com.android.providers.downloads/cache/metadata-1.json
07-14 12:56:34.883 14420 14455 I DownloadManager: in removeSpuriousFiles, preserving file /data/data/com.android.providers.downloads/cache/downloadfile.jpeg
07-14 12:56:34.883 14420 14455 I DownloadManager: in removeSpuriousFiles, preserving file /data/data/com.android.providers.downloads/cache/metadata-2.json
07-14 12:56:34.883 14420 14455 I DownloadManager: in removeSpuriousFiles, preserving file /data/data/com.android.providers.downloads/cache/metadata-3.json
07-14 12:56:34.883 14420 14455 I DownloadManager: in removeSpuriousFiles, preserving file /data/data/com.android.providers.downloads/cache/downloadfile-1.jpeg
07-14 12:56:34.883 14420 14455 I DownloadManager: in removeSpuriousFiles, preserving file /data/data/com.android.providers.downloads/cache/downloadfile-2.jpeg
07-14 12:56:34.883 14420 14455 I DownloadManager: in removeSpuriousFiles, preserving file /data/data/com.android.providers.downloads/cache/metadata-4.json
07-14 12:56:34.883 14420 14455 I DownloadManager: in removeSpuriousFiles, preserving file /data/data/com.android.providers.downloads/cache/metadata-5.json
07-14 12:56:34.886 14420 14455 I DownloadManager: deleting spurious file /cache/backup
07-14 12:56:34.922   214   216 D dalvikvm: GC_CONCURRENT freed 572K, 54% free 10337K/22023K, paused 2ms+115ms
07-14 12:56:34.949 14404 14407 D dalvikvm: GC_CONCURRENT freed 284K, 5% free 9820K/10247K, paused 123ms+23ms
07-14 12:56:35.261 14420 14422 D dalvikvm: GC_CONCURRENT freed 370K, 5% free 9166K/9607K, paused 2ms+4ms
07-14 12:56:35.336   144   160 I Process : Sending signal. PID: 10918 SIG: 3
07-14 12:56:35.336 10918 10922 I dalvikvm: threadid=3: reacting to signal 3
07-14 12:56:35.390 10918 10922 I dalvikvm: Wrote stack traces to '/data/anr/traces.txt'
07-14 12:56:35.476 14404 14419 D PicasaPhotoCP: set fsid first time:-1
07-14 12:56:35.601 14438 14444 D dalvikvm: GC_CONCURRENT freed 341K, 5% free 9579K/9991K, paused 2ms+3ms
07-14 12:56:35.609 14438 14450 W CursorWrapperInner: Cursor finalized without prior close()
07-14 12:56:35.609 14438 14450 W CursorWrapperInner: Cursor finalized without prior close()
07-14 12:56:35.683 14438 14444 D dalvikvm: GC_CONCURRENT freed 327K, 4% free 9785K/10183K, paused 2ms+3ms
07-14 12:56:35.785 14438 14444 D dalvikvm: GC_CONCURRENT freed 371K, 5% free 9933K/10375K, paused 2ms+3ms
07-14 12:56:35.836   144   160 I Process : Sending signal. PID: 10918 SIG: 3
07-14 12:56:35.836 10918 10922 I dalvikvm: threadid=3: reacting to signal 3
07-14 12:56:35.859 10918 10922 I dalvikvm: Wrote stack traces to '/data/anr/traces.txt'
07-14 12:56:35.902 14438 14444 D dalvikvm: GC_CONCURRENT freed 363K, 5% free 10133K/10567K, paused 3ms+2ms
07-14 12:56:36.019 14438 14488 D dalvikvm: GC_FOR_ALLOC freed 431K, 5% free 10256K/10759K, paused 23ms
07-14 12:56:36.336   144   160 I Process : Sending signal. PID: 10918 SIG: 3
07-14 12:56:36.336 10918 10922 I dalvikvm: threadid=3: reacting to signal 3
07-14 12:56:36.363 10918 10922 I dalvikvm: Wrote stack traces to '/data/anr/traces.txt'
07-14 12:56:36.402   144   376 I ActivityManager: Start proc com.google.android.apps.docs for broadcast com.google.android.apps.docs/.receivers.NetworkChangeReceiver: pid=14503 uid=10077 gids={3003, 1015, 1006}
07-14 12:56:36.570 14438 14444 D dalvikvm: GC_CONCURRENT freed 379K, 5% free 10355K/10823K, paused 4ms+2ms
07-14 12:56:36.668   214   216 D dalvikvm: GC_CONCURRENT freed 365K, 53% free 10466K/22023K, paused 1ms+5ms
07-14 12:56:36.679   344   344 D SAN_SERVICE: *******************************************
07-14 12:56:36.679   344   344 D SAN_SERVICE: DM App Phone Service State - 0
07-14 12:56:36.679   344   344 D SAN_SERVICE: *******************************************
07-14 12:56:36.707 14404 14407 D dalvikvm: GC_CONCURRENT freed 175K, 3% free 10081K/10375K, paused 32ms+42ms
07-14 12:56:36.746 14503 14503 I PackageInfoHelper: Provided clientMode=RELEASE, packageInfo=PackageInfo{41351f50 com.google.android.apps.docs}
07-14 12:56:36.746 14503 14503 I ActivityThread: Pub com.google.android.apps.docs.files: com.google.android.apps.docs.sync.filemanager.FileProvider
07-14 12:56:36.750 14503 14503 I ActivityThread: Pub com.google.android.apps.docs.doclist.search_suggest: com.google.android.apps.docs.doclist.DocListGlobalSearchSuggestionProvider
07-14 12:56:36.836   144   160 I Process : Sending signal. PID: 10918 SIG: 3
07-14 12:56:36.836 10918 10922 I dalvikvm: threadid=3: reacting to signal 3
07-14 12:56:36.898 14503 14505 D dalvikvm: GC_CONCURRENT freed 204K, 3% free 9333K/9607K, paused 2ms+2ms
07-14 12:56:36.902   214   214 D dalvikvm: GC_FOR_ALLOC freed 593K, 54% free 10250K/22023K, paused 38ms
07-14 12:56:36.968 10918 10922 I dalvikvm: Wrote stack traces to '/data/anr/traces.txt'
07-14 12:56:37.054 14503 14505 D dalvikvm: GC_CONCURRENT freed 479K, 6% free 9375K/9927K, paused 2ms+3ms
07-14 12:56:37.152   344   344 D SAN_SERVICE: *******************************************
07-14 12:56:37.152   344   344 D SAN_SERVICE: DM App Phone Service State - 0
07-14 12:56:37.152   344   344 D SAN_SERVICE: *******************************************
07-14 12:56:37.160 14503 14505 D dalvikvm: GC_CONCURRENT freed 502K, 6% free 9415K/9991K, paused 2ms+2ms
07-14 12:56:37.246 14503 14505 D dalvikvm: GC_CONCURRENT freed 541K, 7% free 9439K/10055K, paused 2ms+2ms
07-14 12:56:37.332 14503 14505 D dalvikvm: GC_CONCURRENT freed 475K, 6% free 9476K/10055K, paused 2ms+2ms
07-14 12:56:37.340   144   160 I Process : Sending signal. PID: 10918 SIG: 3
07-14 12:56:37.340 10918 10922 I dalvikvm: threadid=3: reacting to signal 3
07-14 12:56:37.457 10918 10922 I dalvikvm: Wrote stack traces to '/data/anr/traces.txt'
07-14 12:56:37.476 14503 14505 D dalvikvm: GC_CONCURRENT freed 515K, 6% free 9529K/10119K, paused 1ms+2ms
07-14 12:56:37.613 14503 14505 D dalvikvm: GC_CONCURRENT freed 359K, 5% free 9640K/10119K, paused 2ms+2ms
07-14 12:56:37.808 14503 14503 D ContextScopeImpl: in ContextScope.getContextOrDefault for thread=1
07-14 12:56:37.808 14503 14503 D ContextScopeImpl: returning application context for thread=1
07-14 12:56:37.820 14503 14505 D dalvikvm: GC_CONCURRENT freed 386K, 5% free 9755K/10247K, paused 2ms+3ms
07-14 12:56:37.836 14503 14503 I FeatureCheckerImpl: Configured disabled features: []
07-14 12:56:37.836 14503 14503 D ContextScopeImpl: in ContextScope.getContextOrDefault for thread=1
07-14 12:56:37.836 14503 14503 D ContextScopeImpl: returning application context for thread=1
07-14 12:56:37.836   144   160 I Process : Sending signal. PID: 10918 SIG: 3
07-14 12:56:37.840 10918 10922 I dalvikvm: threadid=3: reacting to signal 3
07-14 12:56:37.855 14503 14503 D ContextScopeImpl: in ContextScope.enter for thread=1
07-14 12:56:37.855 14503 14503 W ContextScopeImpl: thread=1 tried to enter the scope of the application context. Ignored.
07-14 12:56:37.855 14503 14503 D ContextScopeImpl: in ContextScope.getContextOrDefault for thread=1
07-14 12:56:37.855 14503 14503 D ContextScopeImpl: returning application context for thread=1
07-14 12:56:37.855 14503 14503 D DocListDatabase: openHelper points on new database: DocList.db
07-14 12:56:37.855 14503 14503 D DocListDatabase: in openWriteDatabase
07-14 12:56:37.871 10918 10922 I dalvikvm: Wrote stack traces to '/data/anr/traces.txt'
07-14 12:56:37.883 14503 14503 I ActivityThread: Pub com.google.android.apps.docs.doclist.account_suggest: com.google.android.apps.docs.doclist.DocListAccountSuggestionProvider
07-14 12:56:37.886 14503 14503 D ContextScopeImpl: in ContextScope.enter for thread=1
07-14 12:56:37.886 14503 14503 W ContextScopeImpl: thread=1 tried to enter the scope of the application context. Ignored.
07-14 12:56:37.890 14503 14503 I ActivityThread: Pub com.google.android.apps.docs: com.google.android.apps.docs.providers.DocListProvider
07-14 12:56:37.890 14503 14503 D ContextScopeImpl: in ContextScope.enter for thread=1
07-14 12:56:37.890 14503 14503 W ContextScopeImpl: thread=1 tried to enter the scope of the application context. Ignored.
07-14 12:56:37.894 14503 14503 W ContextScopeImpl: thread=1 tried to enter the scope of the application context. Ignored.
07-14 12:56:37.906 14503 14526 W ContextScopeImpl: thread=11475 tried to enter the scope of the application context. Ignored.
07-14 12:56:37.945 14503 14503 W ContextScopeImpl: thread=1 tried to enter the scope of the application context. Ignored.
07-14 12:56:37.957   144  9084 I ActivityManager: Process com.google.android.apps.plus (pid 14404) has died.
07-14 12:56:38.078 14371 14371 I MediaUploader: No need to wake up
07-14 12:56:38.101   144   403 I ActivityManager: Start proc com.google.android.apps.plus for broadcast com.google.android.apps.plus/com.google.android.picasasync.ConnectivityReceiver: pid=14531 uid=10060 gids={3003, 3002, 1015, 1006}
07-14 12:56:38.226 14531 14533 D dalvikvm: GC_CONCURRENT freed 162K, 3% free 9374K/9607K, paused 2ms+2ms
07-14 12:56:38.273 14531 14531 I ActivityThread: Pub com.google.android.apps.plus.content.ApiProvider: com.google.android.apps.plus.content.EsApiProvider
07-14 12:56:38.297 14531 14531 I ActivityThread: Pub com.google.android.apps.plus.content.EsGooglePhotoProvider: com.google.android.picasasync.PicasaContentProvider
07-14 12:56:38.336   144   160 I Process : Sending signal. PID: 10918 SIG: 3
07-14 12:56:38.336 10918 10922 I dalvikvm: threadid=3: reacting to signal 3
07-14 12:56:38.379 10918 10922 I dalvikvm: Wrote stack traces to '/data/anr/traces.txt'
07-14 12:56:38.398 14531 14533 D dalvikvm: GC_CONCURRENT freed 283K, 5% free 9579K/9991K, paused 2ms+10ms
07-14 12:56:38.500 14531 14531 I ActivityThread: Pub com.google.android.apps.plus.content.EsPicasaStoreProvider: com.google.android.picasastore.PicasaPhotoContentProvider
07-14 12:56:38.523 14531 14531 I ActivityThread: Pub com.google.plus.platform: com.google.android.apps.plus.content.AdsProvider
07-14 12:56:38.523 14531 14531 I ActivityThread: Pub com.google.android.apps.plus.iu.EsGoogleIuProvider: com.google.android.apps.plus.iu.InstantUploadProvider
07-14 12:56:38.535   214   214 D dalvikvm: GC_FOR_ALLOC freed 370K, 54% free 10244K/22023K, paused 37ms
07-14 12:56:38.597 14531 14533 D dalvikvm: GC_CONCURRENT freed 501K, 6% free 9608K/10183K, paused 2ms+10ms
07-14 12:56:38.640 14531 14531 I ActivityThread: Pub com.google.android.apps.plus.content.EsProvider: com.google.android.apps.plus.content.EsProvider
07-14 12:56:38.734   214   216 D dalvikvm: GC_CONCURRENT freed 382K, 54% free 10250K/22023K, paused 1ms+9ms
07-14 12:56:38.804   144   147 D dalvikvm: GC_CONCURRENT freed 1916K, 24% free 18857K/24711K, paused 20ms+9ms
07-14 12:56:38.840   144   160 I Process : Sending signal. PID: 10918 SIG: 3
07-14 12:56:38.840 10918 10922 I dalvikvm: threadid=3: reacting to signal 3
07-14 12:56:38.914   144 10051 D dalvikvm: GC_EXPLICIT freed 62K, 24% free 18799K/24711K, paused 3ms+10ms
07-14 12:56:39.058   144   376 I ActivityManager: Process com.google.android.youtube (pid 14438) has died.
07-14 12:56:39.179 10918 10922 I dalvikvm: Wrote stack traces to '/data/anr/traces.txt'
07-14 12:56:39.343   144   160 I Process : Sending signal. PID: 10918 SIG: 3
07-14 12:56:39.343 10918 10922 I dalvikvm: threadid=3: reacting to signal 3
07-14 12:56:39.359 14531 14552 D PicasaPhotoCP: set fsid first time:-1
07-14 12:56:39.449   214   216 D dalvikvm: GC_CONCURRENT freed 239K, 53% free 10435K/22023K, paused 1ms+13ms
07-14 12:56:39.457 10918 10922 I dalvikvm: Wrote stack traces to '/data/anr/traces.txt'
07-14 12:56:39.527 14531 14533 D dalvikvm: GC_CONCURRENT freed 339K, 5% free 9833K/10247K, paused 2ms+3ms
07-14 12:56:39.539   144   424 I ActivityManager: Start proc com.google.android.youtube for broadcast com.google.android.youtube/.app.prefetch.PrefetchService$DeviceStateReceiver: pid=14559 uid=10057 gids={3003, 1015, 1006}
07-14 12:56:39.672   214   214 D dalvikvm: GC_FOR_ALLOC freed 541K, 54% free 10243K/22023K, paused 31ms
07-14 12:56:39.840   144   160 I Process : Sending signal. PID: 10918 SIG: 3
07-14 12:56:39.843 10918 10922 I dalvikvm: threadid=3: reacting to signal 3
07-14 12:56:39.851 14559 14559 I ActivityThread: Pub com.google.android.youtube.SuggestionProvider: com.google.android.youtube.core.suggest.SuggestionProvider
07-14 12:56:39.871 14559 14561 D dalvikvm: GC_CONCURRENT freed 174K, 3% free 9362K/9607K, paused 2ms+10ms
07-14 12:56:39.886   214   216 D dalvikvm: GC_CONCURRENT freed 196K, 53% free 10471K/22023K, paused 3ms+9ms
07-14 12:56:39.886 14531 14558 D PicasaSync: sync account database
07-14 12:56:39.937 10918 10922 I dalvikvm: Wrote stack traces to '/data/anr/traces.txt'
07-14 12:56:39.976   214   214 D dalvikvm: GC_FOR_ALLOC freed 488K, 53% free 10416K/22023K, paused 53ms
07-14 12:56:40.117   214   216 D dalvikvm: GC_CONCURRENT freed 388K, 53% free 10431K/22023K, paused 3ms+4ms
07-14 12:56:40.152   144   144 I ActivityManager: Process com.google.android.apps.docs (pid 14503) has died.
07-14 12:56:40.269 14531 14558 D PicasaSync: accounts in DB=1
07-14 12:56:40.277 14531 14558 D PicasaSyncManager: active network: NetworkInfo: type: mobile[CDMA - EvDo rev. A], state: CONNECTED/CONNECTED, reason: (unspecified), extra: , roaming: false, failover: false, isAvailable: true
07-14 12:56:40.285 14531 14558 D PicasaSyncManager: background data: true
07-14 12:56:40.437   144   160 I Process : Sending signal. PID: 10918 SIG: 3
07-14 12:56:40.437 10918 10922 I dalvikvm: threadid=3: reacting to signal 3
07-14 12:56:40.457 14559 14561 D dalvikvm: GC_CONCURRENT freed 363K, 5% free 9557K/9991K, paused 3ms+3ms
07-14 12:56:40.461 14559 14570 W CursorWrapperInner: Cursor finalized without prior close()
07-14 12:56:40.465 14559 14570 W CursorWrapperInner: Cursor finalized without prior close()
07-14 12:56:40.539 10918 10922 I dalvikvm: Wrote stack traces to '/data/anr/traces.txt'
07-14 12:56:40.633 14559 14561 D dalvikvm: GC_CONCURRENT freed 334K, 4% free 9777K/10183K, paused 4ms+12ms
07-14 12:56:40.703 14531 14558 D PicasaSyncManager: battery info: false
07-14 12:56:40.754 14559 14561 D dalvikvm: GC_CONCURRENT freed 362K, 5% free 9942K/10375K, paused 2ms+9ms
07-14 12:56:40.836 14531 14533 D dalvikvm: GC_CONCURRENT freed 201K, 3% free 10075K/10375K, paused 56ms+8ms
07-14 12:56:40.840   144   160 I Process : Sending signal. PID: 10918 SIG: 3
07-14 12:56:40.840 10918 10922 I dalvikvm: threadid=3: reacting to signal 3
07-14 12:56:40.883 10918 10922 I dalvikvm: Wrote stack traces to '/data/anr/traces.txt'
07-14 12:56:40.894 14559 14561 D dalvikvm: GC_CONCURRENT freed 431K, 5% free 10061K/10567K, paused 2ms+3ms
07-14 12:56:41.031 14559 14561 D dalvikvm: GC_CONCURRENT freed 355K, 4% free 10269K/10695K, paused 2ms+3ms
07-14 12:56:41.191   214   216 D dalvikvm: GC_CONCURRENT freed 458K, 53% free 10454K/22023K, paused 2ms+11ms
07-14 12:56:41.265   144   403 I ActivityManager: Start proc com.google.android.apps.docs for broadcast com.google.android.apps.docs/.receivers.NetworkChangeReceiver: pid=14616 uid=10077 gids={3003, 1015, 1006}
07-14 12:56:41.340   144   160 I Process : Sending signal. PID: 10918 SIG: 3
07-14 12:56:41.340 10918 10922 I dalvikvm: threadid=3: reacting to signal 3
07-14 12:56:41.394   214   214 D dalvikvm: GC_FOR_ALLOC freed 550K, 54% free 10249K/22023K, paused 46ms
07-14 12:56:41.422 14616 14616 I PackageInfoHelper: Provided clientMode=RELEASE, packageInfo=PackageInfo{41354918 com.google.android.apps.docs}
07-14 12:56:41.422 14616 14616 I ActivityThread: Pub com.google.android.apps.docs.files: com.google.android.apps.docs.sync.filemanager.FileProvider
07-14 12:56:41.422 14616 14616 I ActivityThread: Pub com.google.android.apps.docs.doclist.search_suggest: com.google.android.apps.docs.doclist.DocListGlobalSearchSuggestionProvider
07-14 12:56:41.453 10918 10922 I dalvikvm: Wrote stack traces to '/data/anr/traces.txt'
07-14 12:56:41.523 14616 14618 D dalvikvm: GC_CONCURRENT freed 228K, 4% free 9308K/9607K, paused 2ms+15ms
07-14 12:56:41.593   144   326 I ActivityManager: Process com.google.android.apps.uploader (pid 14371) has died.
07-14 12:56:41.625 14559 14561 D dalvikvm: GC_CONCURRENT freed 404K, 5% free 10373K/10887K, paused 2ms+4ms
07-14 12:56:41.726 14616 14618 D dalvikvm: GC_CONCURRENT freed 466K, 6% free 9388K/9927K, paused 2ms+3ms
07-14 12:56:41.843   144   160 I Process : Sending signal. PID: 10918 SIG: 3
07-14 12:56:41.843 10918 10922 I dalvikvm: threadid=3: reacting to signal 3
07-14 12:56:41.847 14616 14618 D dalvikvm: GC_CONCURRENT freed 501K, 6% free 9415K/9991K, paused 1ms+5ms
07-14 12:56:41.902 10918 10922 I dalvikvm: Wrote stack traces to '/data/anr/traces.txt'
07-14 12:56:41.957 14616 14618 D dalvikvm: GC_CONCURRENT freed 531K, 7% free 9449K/10055K, paused 2ms+2ms
07-14 12:56:42.047 14616 14618 D dalvikvm: GC_CONCURRENT freed 484K, 6% free 9477K/10055K, paused 1ms+3ms
07-14 12:56:42.136   144   160 W ActivityManager: Activity pause timeout for ActivityRecord{4162b9f0 com.google.android.apps.maps/com.google.android.maps.MapsActivity}
07-14 12:56:42.140   144   160 I Process : Sending signal. PID: 10918 SIG: 3
07-14 12:56:42.140 10918 10922 I dalvikvm: threadid=3: reacting to signal 3
07-14 12:56:42.160 14616 14618 D dalvikvm: GC_CONCURRENT freed 517K, 6% free 9526K/10119K, paused 2ms+3ms
07-14 12:56:42.195 10918 10922 I dalvikvm: Wrote stack traces to '/data/anr/traces.txt'
07-14 12:56:42.312 14616 14618 D dalvikvm: GC_CONCURRENT freed 354K, 5% free 9646K/10119K, paused 2ms+2ms
07-14 12:56:42.340   144   160 I Process : Sending signal. PID: 10918 SIG: 3
07-14 12:56:42.340 10918 10922 I dalvikvm: threadid=3: reacting to signal 3
07-14 12:56:42.429 14616 14616 D ContextScopeImpl: in ContextScope.getContextOrDefault for thread=1
07-14 12:56:42.437 14616 14616 D ContextScopeImpl: returning application context for thread=1
07-14 12:56:42.441 10918 10922 I dalvikvm: Wrote stack traces to '/data/anr/traces.txt'
07-14 12:56:42.461 14616 14618 D dalvikvm: GC_CONCURRENT freed 388K, 5% free 9762K/10247K, paused 2ms+3ms
07-14 12:56:42.461 14616 14616 I FeatureCheckerImpl: Configured disabled features: []
07-14 12:56:42.461 14616 14616 D ContextScopeImpl: in ContextScope.getContextOrDefault for thread=1
07-14 12:56:42.461 14616 14616 D ContextScopeImpl: returning application context for thread=1
07-14 12:56:42.465 14616 14616 D ContextScopeImpl: in ContextScope.enter for thread=1
07-14 12:56:42.465 14616 14616 W ContextScopeImpl: thread=1 tried to enter the scope of the application context. Ignored.
07-14 12:56:42.465 14616 14616 D ContextScopeImpl: in ContextScope.getContextOrDefault for thread=1
07-14 12:56:42.465 14616 14616 D ContextScopeImpl: returning application context for thread=1
07-14 12:56:42.472 14616 14616 D DocListDatabase: openHelper points on new database: DocList.db
07-14 12:56:42.472 14616 14616 D DocListDatabase: in openWriteDatabase
07-14 12:56:42.484 14616 14616 I ActivityThread: Pub com.google.android.apps.docs.doclist.account_suggest: com.google.android.apps.docs.doclist.DocListAccountSuggestionProvider
07-14 12:56:42.492 14616 14616 D ContextScopeImpl: in ContextScope.enter for thread=1
07-14 12:56:42.492 14616 14616 W ContextScopeImpl: thread=1 tried to enter the scope of the application context. Ignored.
07-14 12:56:42.492 14616 14616 I ActivityThread: Pub com.google.android.apps.docs: com.google.android.apps.docs.providers.DocListProvider
07-14 12:56:42.492 14616 14616 D ContextScopeImpl: in ContextScope.enter for thread=1
07-14 12:56:42.492 14616 14616 W ContextScopeImpl: thread=1 tried to enter the scope of the application context. Ignored.
07-14 12:56:42.496 14616 14616 W ContextScopeImpl: thread=1 tried to enter the scope of the application context. Ignored.
07-14 12:56:42.504 14616 14633 W ContextScopeImpl: thread=11484 tried to enter the scope of the application context. Ignored.
07-14 12:56:42.535 14616 14616 W ContextScopeImpl: thread=1 tried to enter the scope of the application context. Ignored.
07-14 12:56:42.758 14531 14533 D dalvikvm: GC_CONCURRENT freed 133K, 3% free 10370K/10631K, paused 2ms+60ms
07-14 12:56:42.918   144   160 I Process : Sending signal. PID: 10918 SIG: 3
07-14 12:56:42.918 10918 10922 I dalvikvm: threadid=3: reacting to signal 3
07-14 12:56:43.133 10918 10922 I dalvikvm: Wrote stack traces to '/data/anr/traces.txt'
07-14 12:56:43.172 14531 14554 D dalvikvm: GC_FOR_ALLOC freed 311K, 5% free 10484K/11015K, paused 19ms
07-14 12:56:43.172 14531 14554 I dalvikvm-heap: Grow heap (frag case) to 10.555MB for 260112-byte allocation
07-14 12:56:43.195 14531 14554 D dalvikvm: GC_FOR_ALLOC freed 126K, 6% free 10612K/11271K, paused 18ms
07-14 12:56:43.355   144   160 I Process : Sending signal. PID: 10918 SIG: 3
07-14 12:56:43.359 10918 10922 I dalvikvm: threadid=3: reacting to signal 3
07-14 12:56:43.383   214   214 D dalvikvm: GC_FOR_ALLOC freed 374K, 54% free 10243K/22023K, paused 18ms
07-14 12:56:43.461   214   216 D dalvikvm: GC_CONCURRENT freed 443K, 54% free 10243K/22023K, paused 2ms+11ms
07-14 12:56:43.480 14531 14554 D dalvikvm: GC_FOR_ALLOC freed 311K, 6% free 10605K/11271K, paused 68ms
07-14 12:56:43.519 10918 10922 I dalvikvm: Wrote stack traces to '/data/anr/traces.txt'
07-14 12:56:43.586 14531 14554 D dalvikvm: GC_FOR_ALLOC freed 62K, 6% free 10669K/11271K, paused 47ms
07-14 12:56:43.613 14531 14554 I dalvikvm-heap: Grow heap (frag case) to 10.736MB for 260112-byte allocation
07-14 12:56:43.668   214   216 D dalvikvm: GC_CONCURRENT freed 264K, 53% free 10472K/22023K, paused 2ms+7ms
07-14 12:56:43.672 14531 14554 D dalvikvm: GC_FOR_ALLOC freed 126K, 7% free 10797K/11527K, paused 48ms
07-14 12:56:43.738   214   216 D dalvikvm: GC_CONCURRENT freed 513K, 53% free 10418K/22023K, paused 3ms+3ms
07-14 12:56:43.843   144   160 I Process : Sending signal. PID: 10918 SIG: 3
07-14 12:56:43.843 10918 10922 I dalvikvm: threadid=3: reacting to signal 3
07-14 12:56:43.871 10918 10922 I dalvikvm: Wrote stack traces to '/data/anr/traces.txt'
07-14 12:56:43.945   214   214 D dalvikvm: GC_FOR_ALLOC freed 513K, 54% free 10250K/22023K, paused 59ms
07-14 12:56:43.965 14531 14554 D dalvikvm: GC_FOR_ALLOC freed 369K, 6% free 10852K/11527K, paused 80ms
07-14 12:56:43.992 14531 14554 D dalvikvm: GC_FOR_ALLOC freed 126K, 5% free 10980K/11527K, paused 23ms
07-14 12:56:44.343   144   160 I Process : Sending signal. PID: 10918 SIG: 3
07-14 12:56:44.343 10918 10922 I dalvikvm: threadid=3: reacting to signal 3
07-14 12:56:44.347 10918 10922 D dalvikvm: ExtrMon: insns 0x6 not valid (0x0 - 0x0)
07-14 12:56:44.379 10918 10922 I dalvikvm: Wrote stack traces to '/data/anr/traces.txt'
07-14 12:56:44.386   214   216 D dalvikvm: GC_CONCURRENT freed 205K, 53% free 10461K/22023K, paused 2ms+9ms
07-14 12:56:44.461   214   214 D dalvikvm: GC_FOR_ALLOC freed 502K, 53% free 10417K/22023K, paused 41ms
07-14 12:56:44.562   214   216 D dalvikvm: GC_CONCURRENT freed 532K, 54% free 10328K/22023K, paused 2ms+3ms
07-14 12:56:44.761 10918 10920 D dalvikvm: GC_CONCURRENT freed 2076K, 10% free 22628K/25031K, paused 21ms+19ms
07-14 12:56:44.800   214   216 D dalvikvm: GC_CONCURRENT freed 411K, 53% free 10373K/22023K, paused 2ms+7ms
07-14 12:56:44.867 14531 14533 D dalvikvm: GC_CONCURRENT freed 340K, 5% free 11217K/11719K, paused 31ms+2ms
07-14 12:56:45.047 14531 14533 D dalvikvm: GC_CONCURRENT freed 137K, 3% free 11734K/11975K, paused 1ms+3ms
07-14 12:56:45.297 14531 14533 D dalvikvm: GC_CONCURRENT freed 545K, 6% free 12025K/12679K, paused 1ms+2ms
07-14 12:56:45.457 14559 14561 D dalvikvm: GC_CONCURRENT freed 387K, 5% free 10455K/10951K, paused 2ms+3ms
07-14 12:56:45.777 14531 14533 D dalvikvm: GC_CONCURRENT freed 209K, 3% free 12748K/13063K, paused 99ms+2ms
07-14 12:56:46.363   144   380 I ActivityManager: Process com.google.android.apps.plus (pid 14531) has died.
07-14 12:56:46.562   214   216 D dalvikvm: GC_CONCURRENT freed 388K, 53% free 10438K/22023K, paused 4ms+3ms
07-14 12:56:46.633   214   216 D dalvikvm: GC_CONCURRENT freed 526K, 53% free 10390K/22023K, paused 2ms+6ms
07-14 12:56:46.816   214   216 D dalvikvm: GC_CONCURRENT freed 542K, 54% free 10248K/22023K, paused 2ms+45ms
07-14 12:56:46.894   144   160 I Process : Sending signal. PID: 10918 SIG: 3
07-14 12:56:46.894 10918 10922 I dalvikvm: threadid=3: reacting to signal 3
07-14 12:56:47.011 10918 10922 I dalvikvm: Wrote stack traces to '/data/anr/traces.txt'
07-14 12:56:47.402   214   214 D dalvikvm: GC_FOR_ALLOC freed 368K, 54% free 10244K/22023K, paused 20ms
07-14 12:56:47.468   214   216 D dalvikvm: GC_CONCURRENT freed 308K, 53% free 10373K/22023K, paused 2ms+3ms
07-14 12:56:47.949   144   376 I ActivityManager: Start proc com.google.android.apps.maps:LocationFriendService for service com.google.android.apps.maps/com.google.googlenav.friend.reporting.LocationReceiverService: pid=14667 uid=10056 gids={3003, 1015}
07-14 12:56:48.222 14667 14670 D dalvikvm: GC_CONCURRENT freed 173K, 3% free 9363K/9607K, paused 79ms+2ms
07-14 12:56:48.425   144   155 I ActivityManager: Process com.google.android.youtube (pid 14559) has died.
07-14 12:56:48.519   214   214 D dalvikvm: GC_FOR_ALLOC freed 466K, 54% free 10257K/22023K, paused 18ms
07-14 12:56:48.562   214   214 D dalvikvm: GC_FOR_ALLOC freed 368K, 54% free 10245K/22023K, paused 22ms
07-14 12:56:48.804   214   216 D dalvikvm: GC_CONCURRENT freed 399K, 54% free 10334K/22023K, paused 2ms+141ms
07-14 12:56:48.929   144   160 I Process : Sending signal. PID: 10918 SIG: 3
07-14 12:56:48.929 10918 10922 I dalvikvm: threadid=3: reacting to signal 3
07-14 12:56:48.953 14667 14670 D dalvikvm: GC_CONCURRENT freed 138K, 3% free 9671K/9927K, paused 60ms+1ms
07-14 12:56:49.019 10918 10922 I dalvikvm: Wrote stack traces to '/data/anr/traces.txt'
07-14 12:56:49.195 14667 14693 I SqliteDatabaseCpp: sqlite returned: error code = 5, msg = statement aborts at 1: [PRAGMA journal_mode=TRUNCATE] , db=/data/data/com.google.android.apps.maps/databases/webview.db
07-14 12:56:49.332   214   216 D dalvikvm: GC_CONCURRENT freed 344K, 53% free 10422K/22023K, paused 2ms+3ms
07-14 12:56:49.433   214   216 D dalvikvm: GC_CONCURRENT freed 476K, 53% free 10441K/22023K, paused 1ms+8ms
07-14 12:56:49.508 14667 14670 D dalvikvm: GC_CONCURRENT freed 304K, 4% free 9850K/10247K, paused 2ms+2ms
07-14 12:56:49.590 14667 14676 E SQLiteDatabase: close() was never explicitly called on database '/data/data/com.google.android.apps.maps/databases/webview.db' 
07-14 12:56:49.590 14667 14676 E SQLiteDatabase: android.database.sqlite.DatabaseObjectNotClosedException: Application did not close the cursor or database object that was opened here
07-14 12:56:49.590 14667 14676 E SQLiteDatabase: 	at android.database.sqlite.SQLiteDatabase.<init>(SQLiteDatabase.java:1943)
07-14 12:56:49.590 14667 14676 E SQLiteDatabase: 	at android.database.sqlite.SQLiteDatabase.openDatabase(SQLiteDatabase.java:1007)
07-14 12:56:49.590 14667 14676 E SQLiteDatabase: 	at android.database.sqlite.SQLiteDatabase.openDatabase(SQLiteDatabase.java:986)
07-14 12:56:49.590 14667 14676 E SQLiteDatabase: 	at android.database.sqlite.SQLiteDatabase.openDatabase(SQLiteDatabase.java:962)
07-14 12:56:49.590 14667 14676 E SQLiteDatabase: 	at android.database.sqlite.SQLiteDatabase.openOrCreateDatabase(SQLiteDatabase.java:1043)
07-14 12:56:49.590 14667 14676 E SQLiteDatabase: 	at android.database.sqlite.SQLiteDatabase.openOrCreateDatabase(SQLiteDatabase.java:1036)
07-14 12:56:49.590 14667 14676 E SQLiteDatabase: 	at android.app.ContextImpl.openOrCreateDatabase(ContextImpl.java:761)
07-14 12:56:49.590 14667 14676 E SQLiteDatabase: 	at android.content.ContextWrapper.openOrCreateDatabase(ContextWrapper.java:215)
07-14 12:56:49.590 14667 14676 E SQLiteDatabase: 	at android.webkit.WebViewDatabase.initDatabase(WebViewDatabase.java:223)
07-14 12:56:49.590 14667 14676 E SQLiteDatabase: 	at android.webkit.WebViewDatabase.init(WebViewDatabase.java:209)
07-14 12:56:49.590 14667 14676 E SQLiteDatabase: 	at android.webkit.WebViewDatabase.access$000(WebViewDatabase.java:38)
07-14 12:56:49.590 14667 14676 E SQLiteDatabase: 	at android.webkit.WebViewDatabase$1.run(WebViewDatabase.java:190)
07-14 12:56:49.699 14667 14674 I dalvikvm: Total arena pages for JIT: 11
07-14 12:56:49.703 14667 14674 I dalvikvm: Total arena pages for JIT: 12
07-14 12:56:49.703 14667 14674 I dalvikvm: Total arena pages for JIT: 13
07-14 12:56:49.703 14667 14674 I dalvikvm: Total arena pages for JIT: 14
07-14 12:56:49.707 14667 14674 I dalvikvm: Total arena pages for JIT: 15
07-14 12:56:49.711 14667 14674 I dalvikvm: Total arena pages for JIT: 16
07-14 12:56:49.711 14667 14674 I dalvikvm: Total arena pages for JIT: 17
07-14 12:56:49.718 11780 11782 D dalvikvm: GC_CONCURRENT freed 511K, 6% free 10497K/11143K, paused 3ms+7ms
07-14 12:56:49.898 14667 14670 D dalvikvm: GC_CONCURRENT freed 335K, 5% free 9969K/10439K, paused 30ms+3ms
07-14 12:56:49.957 14667 14674 I dalvikvm: Total arena pages for JIT: 18
07-14 12:56:50.340   144   326 D dalvikvm: GC_EXPLICIT freed 1392K, 24% free 18840K/24711K, paused 3ms+8ms
07-14 12:56:50.722 11692 11705 I PhoneLab-: Service Running
07-14 12:56:50.832 11692 11705 I PhoneLab-LoggerService: app_37    1373  1     1440   988   c00f181c 400107b4 S logcat
07-14 12:56:50.832 11692 11705 I PhoneLab-LoggerService: Logcat pid from database 1373
07-14 12:56:50.832 11692 11705 I PhoneLab-LoggerService: Logcat process found 1373
07-14 12:56:50.832 11692 11705 I PhoneLab-LoggerService: Checking Threshold
07-14 12:56:50.840 11692 11705 I PhoneLab-: Service Running
07-14 12:56:50.867 11692 11705 I PhoneLab-LoggerService: app_37    1373  1     1440   988   c00f181c 400107b4 S logcat
07-14 12:56:50.867 11692 11705 I PhoneLab-LoggerService: Logcat pid from database 1373
07-14 12:56:50.867 11692 11705 I PhoneLab-LoggerService: Logcat process found 1373
07-14 12:56:50.867 11692 11705 I PhoneLab-LoggerService: Checking Threshold
07-14 12:56:50.867 11692 11705 I PhoneLab-: Service Running
07-14 12:56:50.898 11692 11705 I PhoneLab-LoggerService: app_37    1373  1     1440   988   c00f181c 400107b4 S logcat
07-14 12:56:50.898 11692 11705 I PhoneLab-LoggerService: Logcat pid from database 1373
07-14 12:56:50.898 11692 11705 I PhoneLab-LoggerService: Logcat process found 1373
07-14 12:56:50.898 11692 11705 I PhoneLab-LoggerService: Checking Threshold
07-14 12:56:54.883 14667 14670 D dalvikvm: GC_CONCURRENT freed 447K, 6% free 10015K/10567K, paused 3ms+2ms
07-14 12:57:54.910 11780 11782 D dalvikvm: GC_CONCURRENT freed 509K, 6% free 10499K/11143K, paused 1ms+2ms
07-14 12:58:03.035 14710 14710 D dalvikvm: Late-enabling CheckJNI
07-14 12:58:03.035   144   161 I ActivityManager: Start proc com.chess for broadcast com.chess/.backend.AlarmReceiver: pid=14710 uid=10079 gids={3003, 1015}
07-14 12:58:03.211 14710 14712 D dalvikvm: GC_CONCURRENT freed 175K, 3% free 9361K/9607K, paused 1ms+2ms
07-14 12:58:03.414 14710 14724 D GetStringObjTask: retrieving from url = http://www.chess.com/api/get_move_status?id=5HHjW9WUGa%2Bcu1LUwnVJPxTIWxmEve4VdkRnRyg7b5Ch69JH2Z5aB%2B7eGuFw8K2uFx47KFsdE3JRdR3Mzv0PkZOj6eZ8N73BvxmEERrzXjMNRo80rkLyJAUTh0iqof4n
07-14 12:58:07.105 14710 14724 D GetStringObjTask: WebRequest SERVER RESPONSE: Success+0
07-14 12:58:07.660   344   344 D SAN_SERVICE: *******************************************
07-14 12:58:07.660   344   344 D SAN_SERVICE: DM App Phone Service State - 0
07-14 12:58:07.660   344   344 D SAN_SERVICE: *******************************************
07-14 12:58:07.707   344   344 D SAN_SERVICE: *******************************************
07-14 12:58:07.707   344   344 D SAN_SERVICE: DM App Phone Service State - 0
07-14 12:58:07.707   344   344 D SAN_SERVICE: *******************************************
07-14 12:58:07.871   344   344 D SAN_SERVICE: *******************************************
07-14 12:58:07.871   344   344 D SAN_SERVICE: DM App Phone Service State - 0
07-14 12:58:07.871   344   344 D SAN_SERVICE: *******************************************
07-14 12:58:08.144   344   344 D SAN_SERVICE: *******************************************
07-14 12:58:08.144   344   344 D SAN_SERVICE: DM App Phone Service State - 0
07-14 12:58:08.148   344   344 D SAN_SERVICE: *******************************************
07-14 12:58:08.902   344   344 D SAN_SERVICE: *******************************************
07-14 12:58:08.902   344   344 D SAN_SERVICE: DM App Phone Service State - 0
07-14 12:58:08.902   344   344 D SAN_SERVICE: *******************************************
07-14 12:58:09.148   344   344 D SAN_SERVICE: *******************************************
07-14 12:58:09.148   344   344 D SAN_SERVICE: DM App Phone Service State - 0
07-14 12:58:09.148   344   344 D SAN_SERVICE: *******************************************
07-14 12:58:10.156   344   344 D SAN_SERVICE: *******************************************
07-14 12:58:10.156   344   344 D SAN_SERVICE: DM App Phone Service State - 0
07-14 12:58:10.156   344   344 D SAN_SERVICE: *******************************************
07-14 12:58:27.652   144   173 I ActivityManager: Start proc com.twitter.android for service com.twitter.android/.client.AppService: pid=14726 uid=10064 gids={3003, 1015}
07-14 12:58:27.691    79    79 D dalvikvm: GC_EXPLICIT freed 38K, 4% free 9031K/9347K, paused 6ms+2ms
07-14 12:58:27.703 14726 14726 I dalvikvm: Turning on JNI app bug workarounds for target SDK version 11...
07-14 12:58:27.730    79    79 D dalvikvm: GC_EXPLICIT freed <1K, 4% free 9031K/9347K, paused 1ms+2ms
07-14 12:58:27.754    79    79 D dalvikvm: GC_EXPLICIT freed <1K, 4% free 9031K/9347K, paused 1ms+3ms
07-14 12:58:27.824   144   376 I ActivityManager: Process com.google.android.apps.docs (pid 14616) has died.
07-14 12:58:27.836 14726 14726 I ActivityThread: Pub com.twitter.android.provider.GlobalDatabaseProvider: com.twitter.android.provider.GlobalDatabaseProvider
07-14 12:58:27.851 14726 14726 I ActivityThread: Pub com.twitter.android.provider.TwitterProvider: com.twitter.android.provider.TwitterProvider
07-14 12:58:28.000 14726 14728 D dalvikvm: GC_CONCURRENT freed 202K, 4% free 9306K/9607K, paused 12ms+4ms
07-14 12:58:28.090   214   216 D dalvikvm: GC_CONCURRENT freed 689K, 54% free 10258K/22023K, paused 2ms+4ms
07-14 12:58:28.273   214   216 D dalvikvm: GC_CONCURRENT freed 302K, 53% free 10447K/22023K, paused 1ms+112ms
07-14 12:58:28.328   144   160 I Process : Sending signal. PID: 10918 SIG: 3
07-14 12:58:28.328 10918 10922 I dalvikvm: threadid=3: reacting to signal 3
07-14 12:58:28.386 10918 10922 I dalvikvm: Wrote stack traces to '/data/anr/traces.txt'
07-14 12:58:28.695 14667 14670 D dalvikvm: GC_CONCURRENT freed 589K, 7% free 9965K/10631K, paused 2ms+3ms
07-14 12:58:28.812   214   216 D dalvikvm: GC_CONCURRENT freed 640K, 54% free 10243K/22023K, paused 1ms+3ms
07-14 12:58:28.875   214   216 D dalvikvm: GC_CONCURRENT freed 413K, 54% free 10340K/22023K, paused 1ms+4ms
07-14 12:58:29.090 14726 14728 D dalvikvm: GC_CONCURRENT freed 223K, 4% free 9517K/9863K, paused 2ms+1ms
07-14 12:58:29.218 14726 14728 D dalvikvm: GC_CONCURRENT freed 297K, 5% free 9646K/10055K, paused 2ms+2ms
07-14 12:58:29.351 14726 14728 D dalvikvm: GC_CONCURRENT freed 298K, 5% free 9774K/10183K, paused 2ms+2ms
07-14 12:58:29.465 14726 14728 D dalvikvm: GC_CONCURRENT freed 297K, 5% free 9895K/10311K, paused 2ms+2ms
07-14 12:58:29.593 14726 14728 D dalvikvm: GC_CONCURRENT freed 297K, 4% free 10023K/10439K, paused 1ms+2ms
07-14 12:58:29.711 14726 14728 D dalvikvm: GC_CONCURRENT freed 303K, 4% free 10157K/10567K, paused 1ms+2ms
07-14 12:58:29.925 14726 14728 D dalvikvm: GC_CONCURRENT freed 295K, 4% free 10284K/10695K, paused 2ms+2ms
07-14 12:58:29.953 10918 10920 D dalvikvm: GC_CONCURRENT freed 1887K, 10% free 22667K/25031K, paused 3ms+14ms
07-14 12:58:30.129 14726 14728 D dalvikvm: GC_CONCURRENT freed 471K, 6% free 10239K/10823K, paused 6ms+1ms
07-14 12:58:30.246 14726 14728 D dalvikvm: GC_CONCURRENT freed 339K, 5% free 10306K/10823K, paused 2ms+2ms
07-14 12:58:30.382 14726 14728 D dalvikvm: GC_CONCURRENT freed 356K, 5% free 10408K/10887K, paused 2ms+2ms
07-14 12:58:30.511 14726 14728 D dalvikvm: GC_CONCURRENT freed 350K, 5% free 10488K/10951K, paused 1ms+2ms
07-14 12:58:30.625 14726 14728 D dalvikvm: GC_CONCURRENT freed 330K, 5% free 10565K/11015K, paused 1ms+2ms
07-14 12:58:30.750 14726 14728 D dalvikvm: GC_CONCURRENT freed 384K, 5% free 10659K/11143K, paused 2ms+2ms
07-14 12:58:30.879 14726 14728 D dalvikvm: GC_CONCURRENT freed 409K, 5% free 10755K/11271K, paused 2ms+2ms
07-14 12:58:30.980   144   175 I power   : *** set_screen_state 1
07-14 12:58:31.086   144   175 I WindowManager: Lock screen displayed!
07-14 12:58:31.175    78   120 D SurfaceFlinger: Screen about to return, flinger = 0x5b4918
07-14 12:58:31.340 11780 11782 D dalvikvm: GC_CONCURRENT freed 404K, 6% free 10494K/11143K, paused 2ms+10ms
07-14 12:58:31.367   214   214 D dalvikvm: GC_FOR_ALLOC freed 426K, 54% free 10256K/22023K, paused 70ms
07-14 12:58:31.457   214   216 D dalvikvm: GC_CONCURRENT freed 305K, 53% free 10462K/22023K, paused 2ms+4ms
07-14 12:58:31.593   144  7984 I ActivityManager: Process com.chess (pid 14710) has died.
07-14 12:58:31.601 14726 14728 D dalvikvm: GC_CONCURRENT freed 404K, 5% free 10899K/11399K, paused 25ms+3ms
07-14 12:58:32.179   214   214 D PhoneStatusBar: disable: < expand icons alerts ticker system_info BACK HOME recent* CLOCK >
07-14 12:58:32.207   144   161 I ActivityManager: Start proc com.google.android.apps.gesturesearch for broadcast com.google.android.apps.gesturesearch/.motion.ScreenStateReceiver: pid=14769 uid=10088 gids={3003}
07-14 12:58:32.218 14769 14769 I dalvikvm: Turning on JNI app bug workarounds for target SDK version 8...
07-14 12:58:32.261   214   214 D PhoneStatusBar: disable: < expand icons alerts ticker system_info back* home* recent clock* >
07-14 12:58:32.300   144 10051 W InputManagerService: Window already focused, ignoring focus gain of: com.android.internal.view.IInputMethodClient$Stub$Proxy@4150b648
07-14 12:58:32.402 14769 14769 I ActivityThread: Pub com.google.android.apps.gesturesearch.history: com.google.android.apps.gesturesearch.data.QueryHistoryProvider
07-14 12:58:32.406 14769 14769 I ActivityThread: Pub com.google.android.apps.gesturesearch.index: com.google.android.apps.gesturesearch.data.IndexProvider
07-14 12:58:33.453 10918 10918 I InputQueue-JNI: Sending finished signal for input channel '417d6860 Results: thai (client)' since it is being unregistered while an input message is still in progress.
07-14 12:58:33.465 10918 10918 I InputQueue-JNI: Ignoring finish signal on channel that is no longer registered.
07-14 12:58:33.550   320   324 D dalvikvm: GC_CONCURRENT freed 390K, 20% free 10161K/12615K, paused 3ms+2ms
07-14 12:58:34.613   144   160 I Process : Sending signal. PID: 18680 SIG: 3
07-14 12:58:34.613 18680 18684 I dalvikvm: threadid=3: reacting to signal 3
07-14 12:58:34.730 18680 18684 I dalvikvm: Wrote stack traces to '/data/anr/traces.txt'
07-14 12:58:34.765 10918 10918 D OpenGLRenderer: Flushing caches (mode 0)
07-14 12:58:35.433 14726 14728 D dalvikvm: GC_CONCURRENT freed 367K, 5% free 11124K/11591K, paused 14ms+3ms
07-14 12:58:36.086 10918 10918 D OpenGLRenderer: Flushing caches (mode 1)
07-14 12:58:36.324   214   216 D dalvikvm: GC_CONCURRENT freed 686K, 54% free 10243K/22023K, paused 2ms+3ms
07-14 12:58:36.418   214   216 D dalvikvm: GC_CONCURRENT freed 295K, 53% free 10428K/22023K, paused 4ms+5ms
07-14 12:58:36.871 10918 10918 D OpenGLRenderer: Flushing caches (mode 2)
07-14 12:58:36.980 14667 14670 D dalvikvm: GC_CONCURRENT freed 479K, 7% free 9947K/10631K, paused 10ms+7ms
07-14 12:58:36.996 11780 11782 D dalvikvm: GC_CONCURRENT freed 504K, 6% free 10501K/11143K, paused 2ms+22ms
07-14 12:58:38.019 14726 14728 D dalvikvm: GC_CONCURRENT freed 489K, 6% free 11251K/11847K, paused 2ms+5ms
07-14 12:58:39.300   344   344 D SAN_SERVICE: *******************************************
07-14 12:58:39.300   344   344 D SAN_SERVICE: DM App Phone Service State - 0
07-14 12:58:39.300   344   344 D SAN_SERVICE: *******************************************
07-14 12:58:39.336   144 10051 I ActivityManager: START {act=android.intent.action.VIEW dat=latitude://latitude/checkin/11204605656050816780 flg=0x14000000 cmp=com.google.android.apps.maps/com.google.android.maps.MapsActivity bnds=[0,119][480,215] (has extras)} from pid -1
07-14 12:58:39.382   144   156 W KeyguardViewMediator: verifyUnlock called when not externally disabled
07-14 12:58:39.761   344   344 D SAN_SERVICE: *******************************************
07-14 12:58:39.761   344   344 D SAN_SERVICE: DM App Phone Service State - 0
07-14 12:58:39.761   344   344 D SAN_SERVICE: *******************************************
07-14 12:58:39.793   214   216 D dalvikvm: GC_CONCURRENT freed 689K, 54% free 10202K/22023K, paused 2ms+14ms
07-14 12:58:39.871   144   160 I Process : Sending signal. PID: 10918 SIG: 3
07-14 12:58:39.871 10918 10922 I dalvikvm: threadid=3: reacting to signal 3
07-14 12:58:39.902 18680 18680 D OpenGLRenderer: Flushing caches (mode 1)
07-14 12:58:39.957 10918 10922 I dalvikvm: Wrote stack traces to '/data/anr/traces.txt'
07-14 12:58:40.004   144   174 I ActivityManager: Displayed com.google.android.apps.maps/com.google.android.maps.MapsActivity: +637ms
07-14 12:58:40.183   214   216 D dalvikvm: GC_CONCURRENT freed 396K, 54% free 10307K/22023K, paused 6ms+7ms
07-14 12:58:40.191 18680 18680 D OpenGLRenderer: Flushing caches (mode 0)
07-14 12:58:40.328   214   216 D dalvikvm: GC_CONCURRENT freed 501K, 54% free 10207K/22023K, paused 2ms+3ms
07-14 12:58:40.402 10918 10920 D dalvikvm: GC_CONCURRENT freed 2674K, 13% free 21996K/25031K, paused 6ms+26ms
07-14 12:58:40.500 10918 14801 D dalvikvm: GC_FOR_ALLOC freed 188K, 13% free 21959K/25031K, paused 89ms
07-14 12:58:40.703 11780 11782 D dalvikvm: GC_CONCURRENT freed 446K, 6% free 10503K/11143K, paused 2ms+8ms
07-14 12:58:40.734 10918 14801 D dalvikvm: GC_FOR_ALLOC freed 363K, 14% free 21748K/25031K, paused 133ms
07-14 12:58:40.945 10918 14801 D dalvikvm: GC_FOR_ALLOC freed 382K, 13% free 21790K/25031K, paused 127ms
07-14 12:58:40.945 10918 14801 I dalvikvm-heap: Grow heap (frag case) to 21.537MB for 196624-byte allocation
07-14 12:58:41.090   144 24503 D dalvikvm: GC_EXPLICIT freed 1449K, 24% free 18917K/24711K, paused 9ms+24ms
07-14 12:58:41.148 10918 10943 D dalvikvm: GC_FOR_ALLOC freed 8K, 14% free 21974K/25287K, paused 190ms
07-14 12:58:41.156 18680 18680 D OpenGLRenderer: Flushing caches (mode 2)
07-14 12:58:41.183 18680 18680 D OpenGLRenderer: Flushing caches (mode 0)
07-14 12:58:41.500 10918 10933 D dalvikvm: GC_FOR_ALLOC freed 490K, 12% free 22290K/25287K, paused 126ms
07-14 12:58:41.500 10918 10933 I dalvikvm-heap: Grow heap (frag case) to 22.025MB for 195988-byte allocation
07-14 12:58:41.593 10918 10933 D dalvikvm: GC_FOR_ALLOC freed 5K, 12% free 22476K/25479K, paused 89ms
07-14 12:58:41.722 10918 10933 D dalvikvm: GC_FOR_ALLOC freed 402K, 13% free 22210K/25479K, paused 93ms
07-14 12:58:41.836 14667 14670 D dalvikvm: GC_CONCURRENT freed 471K, 7% free 9953K/10631K, paused 4ms+5ms
07-14 12:58:41.933 10918 14801 D dalvikvm: GC_FOR_ALLOC freed 369K, 12% free 22502K/25479K, paused 89ms
07-14 12:58:42.199 10918 10918 D dalvikvm: GC_FOR_ALLOC freed 625K, 13% free 22383K/25479K, paused 104ms
07-14 12:58:43.183  5517  5521 D dalvikvm: GC_CONCURRENT freed 315K, 6% free 10475K/11079K, paused 7ms+6ms
07-14 12:58:43.840 12677 12679 D dalvikvm: GC_CONCURRENT freed 384K, 7% free 9562K/10183K, paused 9ms+11ms
07-14 12:58:44.285   344   344 D SAN_SERVICE: *******************************************
07-14 12:58:44.285   344   344 D SAN_SERVICE: DM App Phone Service State - 0
07-14 12:58:44.285   344   344 D SAN_SERVICE: *******************************************
07-14 12:58:44.840   344   344 D SAN_SERVICE: *******************************************
07-14 12:58:44.840   344   344 D SAN_SERVICE: DM App Phone Service State - 0
07-14 12:58:44.840   344   344 D SAN_SERVICE: *******************************************
07-14 12:58:50.765 11780 11782 D dalvikvm: GC_CONCURRENT freed 513K, 6% free 10502K/11143K, paused 2ms+3ms
07-14 12:58:50.906 14667 14670 D dalvikvm: GC_CONCURRENT freed 472K, 7% free 9993K/10631K, paused 2ms+2ms
07-14 12:58:52.648   320   324 D dalvikvm: GC_CONCURRENT freed 460K, 20% free 10160K/12615K, paused 2ms+3ms
07-14 12:58:53.777   144 10051 D AlarmManagerService: Kernel timezone updated to 240 minutes west of GMT
07-14 12:58:53.781   344   344 D SystemClock: Setting time of day to sec=1342285134
07-14 12:58:54.070   144   161 I ActivityManager: Start proc com.android.calendar for broadcast com.android.calendar/.widget.CalendarAppWidgetService$CalendarFactory: pid=14822 uid=10005 gids={3003}
07-14 12:58:54.188 14822 14822 I ActivityThread: Pub com.android.calendar.CalendarRecentSuggestionsProvider: com.android.calendar.CalendarRecentSuggestionsProvider
07-14 12:58:54.320   144   402 I ActivityManager: Start proc com.android.deskclock for broadcast com.android.deskclock/.AlarmInitReceiver: pid=14838 uid=10011 gids={}
07-14 12:58:54.359   144   400 I ActivityManager: Start proc com.android.providers.calendar for content provider com.android.providers.calendar/.CalendarProvider2: pid=14851 uid=10006 gids={3003, 1015}
07-14 12:58:54.461 14851 14851 I ActivityThread: Pub com.android.calendar: com.android.providers.calendar.CalendarProvider2
07-14 12:58:54.484 14838 14838 I ActivityThread: Pub com.android.deskclock: com.android.deskclock.AlarmProvider
07-14 12:58:54.594 14838 14864 V AlarmClock: AlarmInitReceiver finished
07-14 12:58:54.766   344   344 D SAN_SERVICE: *******************************************
07-14 12:58:54.770   344   344 D SAN_SERVICE: DM App Phone Service State - 0
07-14 12:58:54.770   344   344 D SAN_SERVICE: *******************************************
07-14 12:58:55.039   344   344 D SAN_SERVICE: *******************************************
07-14 12:58:55.039   344   344 D SAN_SERVICE: DM App Phone Service State - 0
07-14 12:58:55.039   344   344 D SAN_SERVICE: *******************************************
07-14 12:58:55.699 14851 14851 I CalendarProvider2: Sending notification intent: Intent { act=android.intent.action.PROVIDER_CHANGED dat=content://com.android.calendar }
07-14 12:58:55.727 14851 14851 W ContentResolver: Failed to get type for: content://com.android.calendar (Unknown URL content://com.android.calendar)
07-14 12:58:56.195  5517  5903 D dalvikvm: GC_EXPLICIT freed 279K, 7% free 10408K/11079K, paused 3ms+4ms
07-14 12:58:56.281 14667 14670 D dalvikvm: GC_CONCURRENT freed 521K, 7% free 9963K/10631K, paused 2ms+2ms
07-14 12:58:56.547   144   156 W InputManagerService: Window already focused, ignoring focus gain of: com.android.internal.view.IInputMethodClient$Stub$Proxy@419de8a8
07-14 12:58:57.211 14667 14670 D dalvikvm: GC_CONCURRENT freed 436K, 7% free 9951K/10631K, paused 6ms+3ms
07-14 12:58:59.223 14667 14670 D dalvikvm: GC_CONCURRENT freed 462K, 6% free 10000K/10631K, paused 3ms+3ms
07-14 12:59:00.051   344   344 D SAN_SERVICE: *******************************************
07-14 12:59:00.051   344   344 D SAN_SERVICE: DM App Phone Service State - 0
07-14 12:59:00.051   344   344 D SAN_SERVICE: *******************************************
07-14 12:59:00.484   144   400 D dalvikvm: GC_EXPLICIT freed 1544K, 27% free 18145K/24711K, paused 9ms+17ms
07-14 12:59:00.582 10918 10920 D dalvikvm: GC_CONCURRENT freed 1184K, 9% free 23247K/25479K, paused 3ms+18ms
07-14 12:59:00.750 10918 10918 D dalvikvm: GC_FOR_ALLOC freed 268K, 10% free 22992K/25479K, paused 107ms
07-14 12:59:00.750 10918 10918 I dalvikvm-heap: Grow heap (frag case) to 22.773MB for 262160-byte allocation
07-14 12:59:00.875 10918 10918 D dalvikvm: GC_FOR_ALLOC freed 61K, 11% free 23186K/25799K, paused 124ms
07-14 12:59:01.145 11780 11782 D dalvikvm: GC_CONCURRENT freed 512K, 6% free 10501K/11143K, paused 2ms+4ms
07-14 12:59:01.156 11780 11787 I dalvikvm: Jit: resizing JitTable from 4096 to 8192
07-14 12:59:01.973 10918 14890 D dalvikvm: GC_EXPLICIT freed 413K, 10% free 23468K/25799K, paused 8ms+14ms
07-14 12:59:02.328 12677 13024 D dalvikvm: GC_EXPLICIT freed 270K, 7% free 9515K/10183K, paused 2ms+3ms
07-14 12:59:02.332 14667 14670 D dalvikvm: GC_CONCURRENT freed 548K, 7% free 9963K/10631K, paused 3ms+3ms
07-14 12:59:02.566 10918 10918 D dalvikvm: GC_FOR_ALLOC freed 718K, 10% free 23430K/25799K, paused 116ms
07-14 12:59:02.899 14667 14670 D dalvikvm: GC_CONCURRENT freed 503K, 7% free 9972K/10631K, paused 2ms+3ms
07-14 12:59:03.082 10918 13061 D dalvikvm: GC_FOR_ALLOC freed 450K, 9% free 23639K/25799K, paused 118ms
07-14 12:59:03.574 10918 13061 D dalvikvm: GC_FOR_ALLOC freed 466K, 9% free 23681K/25799K, paused 116ms
07-14 12:59:03.719 10918 13061 D dalvikvm: GC_FOR_ALLOC freed 343K, 9% free 23698K/25863K, paused 108ms
07-14 12:59:03.875 10918 13061 D dalvikvm: GC_FOR_ALLOC freed 334K, 9% free 23699K/25863K, paused 110ms
07-14 12:59:04.039 10918 13061 D dalvikvm: GC_FOR_ALLOC freed 334K, 9% free 23700K/25863K, paused 115ms
07-14 12:59:04.199 14667 14670 D dalvikvm: GC_CONCURRENT freed 525K, 7% free 9958K/10631K, paused 2ms+4ms
07-14 12:59:04.426 10918 13061 D dalvikvm: GC_FOR_ALLOC freed 456K, 9% free 23682K/25863K, paused 109ms
07-14 12:59:04.621 10918 13061 D dalvikvm: GC_FOR_ALLOC freed 338K, 9% free 23702K/25863K, paused 147ms
07-14 12:59:05.172 10918 10918 D dalvikvm: GC_FOR_ALLOC freed 617K, 7% free 24129K/25863K, paused 131ms
07-14 12:59:05.582 14667 14670 D dalvikvm: GC_CONCURRENT freed 411K, 7% free 9941K/10631K, paused 98ms+4ms
07-14 12:59:05.973 10918 13061 D dalvikvm: GC_FOR_ALLOC freed 1061K, 8% free 24222K/26311K, paused 114ms
07-14 12:59:06.461 14667 14670 D dalvikvm: GC_CONCURRENT freed 453K, 6% free 9999K/10631K, paused 2ms+3ms
07-14 12:59:06.637 10918 13061 D dalvikvm: GC_FOR_ALLOC freed 789K, 9% free 24246K/26375K, paused 113ms
07-14 12:59:06.887 10918 13061 D dalvikvm: GC_FOR_ALLOC freed 724K, 9% free 24248K/26375K, paused 153ms
07-14 12:59:07.106 10918 13061 D dalvikvm: GC_FOR_ALLOC freed 746K, 9% free 24248K/26375K, paused 121ms
07-14 12:59:07.649   144   161 I ActivityManager: Start proc com.google.android.apps.maps:MapsBackgroundService for broadcast com.google.android.apps.maps/com.google.googlenav.networkinitiated.NetworkInitiatedReceiver: pid=14920 uid=10056 gids={3003, 1015}
07-14 12:59:07.941 14920 14922 D dalvikvm: GC_CONCURRENT freed 162K, 3% free 9373K/9607K, paused 7ms+6ms
07-14 12:59:08.188  5517  5517 W GTalkService: [DataMsgMgr] broadcast intent callback: result=CANCELLED forIntent { act=com.google.android.c2dm.intent.RECEIVE cat=[com.google.android.apps.maps] (has extras) }
07-14 12:59:08.395 14920 14922 D dalvikvm: GC_CONCURRENT freed 214K, 4% free 9681K/9991K, paused 2ms+8ms
07-14 12:59:08.406 14667 14667 D dalvikvm: GC_EXPLICIT freed 416K, 7% free 9915K/10631K, paused 32ms+2ms
07-14 12:59:08.785 14920 14938 I SqliteDatabaseCpp: sqlite returned: error code = 5, msg = statement aborts at 1: [PRAGMA journal_mode=TRUNCATE] , db=/data/data/com.google.android.apps.maps/databases/webview.db
07-14 12:59:09.547 14667 14670 D dalvikvm: GC_CONCURRENT freed 436K, 7% free 9991K/10631K, paused 2ms+4ms
07-14 12:59:10.066   344   344 D SAN_SERVICE: *******************************************
07-14 12:59:10.066   344   344 D SAN_SERVICE: DM App Phone Service State - 0
07-14 12:59:10.066   344   344 D SAN_SERVICE: *******************************************
07-14 12:59:10.316   144  9303 D dalvikvm: GC_EXPLICIT freed 662K, 27% free 18109K/24711K, paused 8ms+10ms
07-14 12:59:11.246 11780 11782 D dalvikvm: GC_CONCURRENT freed 507K, 6% free 10506K/11143K, paused 2ms+4ms
07-14 12:59:11.387 14667 14670 D dalvikvm: GC_CONCURRENT freed 543K, 7% free 9960K/10631K, paused 25ms+3ms
07-14 12:59:12.199 14667 14670 D dalvikvm: GC_CONCURRENT freed 516K, 7% free 9954K/10631K, paused 2ms+2ms
07-14 12:59:12.527 11692 11705 I PhoneLab-: Service Running
07-14 12:59:12.602 10918 10920 D dalvikvm: GC_CONCURRENT freed 2034K, 9% free 24145K/26375K, paused 10ms+14ms
07-14 12:59:12.684 11692 11705 I PhoneLab-LoggerService: app_37    1373  1     1440   988   c00f181c 400107b4 S logcat
07-14 12:59:12.684 11692 11705 I PhoneLab-LoggerService: Logcat pid from database 1373
07-14 12:59:12.684 11692 11705 I PhoneLab-LoggerService: Logcat process found 1373
07-14 12:59:12.684 11692 11705 I PhoneLab-LoggerService: Checking Threshold
07-14 12:59:14.113 14667 14670 D dalvikvm: GC_CONCURRENT freed 426K, 7% free 9914K/10631K, paused 3ms+3ms
07-14 12:59:14.242 18680 18682 D dalvikvm: GC_CONCURRENT freed 1516K, 31% free 12067K/17415K, paused 65ms+20ms
07-14 12:59:15.289   344   344 D SAN_SERVICE: *******************************************
07-14 12:59:15.289   344   344 D SAN_SERVICE: DM App Phone Service State - 0
07-14 12:59:15.289   344   344 D SAN_SERVICE: *******************************************
07-14 12:59:15.324 14667 14670 D dalvikvm: GC_CONCURRENT freed 432K, 7% free 9993K/10631K, paused 4ms+4ms
07-14 12:59:16.063   344   344 D SAN_SERVICE: *******************************************
07-14 12:59:16.066   344   344 D SAN_SERVICE: DM App Phone Service State - 0
07-14 12:59:16.066   344   344 D SAN_SERVICE: *******************************************
07-14 12:59:16.500 14667 14670 D dalvikvm: GC_CONCURRENT freed 548K, 7% free 9956K/10631K, paused 44ms+3ms
07-14 12:59:18.199 14667 14670 D dalvikvm: GC_CONCURRENT freed 498K, 7% free 9961K/10631K, paused 10ms+3ms
07-14 12:59:19.410 14667 14670 D dalvikvm: GC_CONCURRENT freed 436K, 7% free 9943K/10631K, paused 3ms+3ms
07-14 12:59:20.293   344   344 D SAN_SERVICE: *******************************************
07-14 12:59:20.293   344   344 D SAN_SERVICE: DM App Phone Service State - 0
07-14 12:59:20.293   344   344 D SAN_SERVICE: *******************************************
07-14 12:59:21.074   344   344 D SAN_SERVICE: *******************************************
07-14 12:59:21.074   344   344 D SAN_SERVICE: DM App Phone Service State - 0
07-14 12:59:21.078   344   344 D SAN_SERVICE: *******************************************
07-14 12:59:21.274 11780 11782 D dalvikvm: GC_CONCURRENT freed 509K, 6% free 10508K/11143K, paused 3ms+2ms
07-14 12:59:21.535 14667 14670 D dalvikvm: GC_CONCURRENT freed 457K, 6% free 9998K/10631K, paused 3ms+13ms
07-14 12:59:22.324 14667 14670 D dalvikvm: GC_CONCURRENT freed 547K, 7% free 9962K/10631K, paused 29ms+3ms
07-14 12:59:23.641 14667 14670 D dalvikvm: GC_CONCURRENT freed 452K, 7% free 9986K/10631K, paused 19ms+6ms
07-14 12:59:24.348 14667 14670 D dalvikvm: GC_CONCURRENT freed 456K, 6% free 10036K/10631K, paused 21ms+3ms
07-14 12:59:25.066 14667 14670 D dalvikvm: GC_CONCURRENT freed 415K, 6% free 10041K/10631K, paused 3ms+4ms
07-14 12:59:25.559   344   344 D SAN_SERVICE: *******************************************
07-14 12:59:25.559   344   344 D SAN_SERVICE: DM App Phone Service State - 0
07-14 12:59:25.559   344   344 D SAN_SERVICE: *******************************************
07-14 12:59:26.059   344   344 D SAN_SERVICE: *******************************************
07-14 12:59:26.059   344   344 D SAN_SERVICE: DM App Phone Service State - 0
07-14 12:59:26.059   344   344 D SAN_SERVICE: *******************************************
07-14 12:59:26.277 14667 14670 D dalvikvm: GC_CONCURRENT freed 476K, 6% free 10076K/10631K, paused 3ms+93ms
07-14 12:59:27.297   144  9303 D dalvikvm: GC_EXPLICIT freed 976K, 27% free 18157K/24711K, paused 12ms+13ms
07-14 12:59:27.391 14667 14670 D dalvikvm: GC_CONCURRENT freed 519K, 6% free 10075K/10695K, paused 2ms+3ms
07-14 12:59:28.406 14667 14670 D dalvikvm: GC_CONCURRENT freed 441K, 6% free 10055K/10695K, paused 2ms+11ms
07-14 12:59:28.930 10918 10920 D dalvikvm: GC_CONCURRENT freed 1764K, 8% free 24344K/26375K, paused 12ms+21ms
07-14 12:59:29.188 10918 10918 D dalvikvm: GC_FOR_ALLOC freed 346K, 8% free 24306K/26375K, paused 152ms
07-14 12:59:29.297 14667 14667 D dalvikvm: GC_EXPLICIT freed 40K, 7% free 10020K/10695K, paused 6ms+5ms
07-14 12:59:30.285 14667 14670 D dalvikvm: GC_CONCURRENT freed 424K, 6% free 10107K/10695K, paused 2ms+4ms
07-14 12:59:30.438 10918 14801 D dalvikvm: GC_FOR_ALLOC freed 863K, 6% free 25057K/26375K, paused 122ms
07-14 12:59:30.449 10918 14801 I dalvikvm-heap: Grow heap (frag case) to 25.543MB for 1048592-byte allocation
07-14 12:59:30.570 10918 10918 D dalvikvm: GC_FOR_ALLOC freed 54K, 6% free 26026K/27463K, paused 114ms
07-14 12:59:30.820 10918 14801 D dalvikvm: GC_FOR_ALLOC freed 1059K, 10% free 24988K/27463K, paused 181ms
07-14 12:59:31.504 10918 10918 I InputQueue-JNI: Sending finished signal for input channel '4135b230 com.google.android.apps.maps/com.google.android.maps.MapsActivity (client)' since it is being unregistered while an input message is still in progress.
07-14 12:59:31.520 11780 11782 D dalvikvm: GC_CONCURRENT freed 509K, 6% free 10511K/11143K, paused 2ms+11ms
07-14 12:59:31.539 10918 10918 I InputQueue-JNI: Ignoring finish signal on channel that is no longer registered.
07-14 12:59:31.801 10918 10933 D dalvikvm: GC_FOR_ALLOC freed 2002K, 10% free 24822K/27463K, paused 150ms
07-14 12:59:32.207 14667 14670 D dalvikvm: GC_CONCURRENT freed 550K, 6% free 10067K/10695K, paused 49ms+35ms
07-14 12:59:32.371 10918 14801 D dalvikvm: GC_FOR_ALLOC freed 1591K, 10% free 24930K/27463K, paused 153ms
07-14 12:59:32.902   144   326 W InputManagerService: Starting input on non-focused client com.android.internal.view.IInputMethodClient$Stub$Proxy@417df1a0 (uid=10056 pid=10918)
07-14 12:59:32.957   320   324 D dalvikvm: GC_CONCURRENT freed 458K, 20% free 10161K/12615K, paused 2ms+5ms
07-14 12:59:33.188 10918 10918 D OpenGLRenderer: Flushing caches (mode 1)
07-14 12:59:33.711 14667 14670 D dalvikvm: GC_CONCURRENT freed 494K, 6% free 10075K/10695K, paused 12ms+7ms
07-14 12:59:33.809   214   216 D dalvikvm: GC_CONCURRENT freed 435K, 54% free 10195K/22023K, paused 3ms+5ms
07-14 12:59:34.899   144   171 I power   : *** set_screen_state 0
07-14 12:59:34.973    78   120 D SurfaceFlinger: About to give-up screen, flinger = 0x5b4918
07-14 12:59:35.086   144   175 V TransportControlView: Create TCV com.android.internal.widget.TransportControlView@416ba778
07-14 12:59:35.238   214   214 D PhoneStatusBar: disable: < expand icons alerts ticker system_info back home RECENT* clock >
07-14 12:59:35.289   214   214 D PhoneStatusBar: disable: < expand icons alerts ticker system_info BACK* HOME* RECENT CLOCK* >
07-14 12:59:35.777   344   344 D SAN_SERVICE: *******************************************
07-14 12:59:35.777   344   344 D SAN_SERVICE: DM App Phone Service State - 0
07-14 12:59:35.777   344   344 D SAN_SERVICE: *******************************************
07-14 12:59:36.039   344   344 D SAN_SERVICE: *******************************************
07-14 12:59:36.039   344   344 D SAN_SERVICE: DM App Phone Service State - 0
07-14 12:59:36.043   344   344 D SAN_SERVICE: *******************************************
07-14 12:59:36.582   144  9084 I ActivityManager: Process com.twitter.android (pid 14726) has died.
07-14 12:59:36.719 14667 14670 D dalvikvm: GC_CONCURRENT freed 454K, 6% free 10096K/10695K, paused 13ms+39ms
07-14 12:59:57.605   344   344 D SAN_SERVICE: *******************************************
07-14 12:59:57.605   344   344 D SAN_SERVICE: DM App Phone Service State - 0
07-14 12:59:57.605   344   344 D SAN_SERVICE: *******************************************
07-14 12:59:57.847   344   344 D SAN_SERVICE: *******************************************
07-14 12:59:57.847   344   344 D SAN_SERVICE: DM App Phone Service State - 0
07-14 12:59:57.847   344   344 D SAN_SERVICE: *******************************************
07-14 13:00:05.476  5517  5517 D dalvikvm: GC_EXPLICIT freed 216K, 6% free 10470K/11079K, paused 35ms+9ms
07-14 13:00:35.156   144   147 D dalvikvm: GC_CONCURRENT freed 1217K, 24% free 18888K/24711K, paused 6ms+10ms
07-14 13:00:35.816   144   402 D AlarmManagerService: Kernel timezone updated to 240 minutes west of GMT
07-14 13:00:35.875 11780 11782 D dalvikvm: GC_CONCURRENT freed 518K, 6% free 10505K/11143K, paused 2ms+3ms
07-14 13:00:37.117   344   344 D SAN_SERVICE: *******************************************
07-14 13:00:37.117   344   344 D SAN_SERVICE: DM App Phone Service State - 0
07-14 13:00:37.117   344   344 D SAN_SERVICE: *******************************************
07-14 13:00:37.851   344   344 D SAN_SERVICE: *******************************************
07-14 13:00:37.851   344   344 D SAN_SERVICE: DM App Phone Service State - 0
07-14 13:00:37.851   344   344 D SAN_SERVICE: *******************************************
07-14 13:00:59.218  5517  5930 I EventLogService: Aggregate from 1342283459064 (log), 1342283459064 (data)
07-14 13:00:59.558 11692 11705 I PhoneLab-: Service Running
07-14 13:00:59.644 11692 11705 I PhoneLab-LoggerService: app_37    1373  1     1440   988   c00f181c 400107b4 S logcat
07-14 13:00:59.644 11692 11705 I PhoneLab-LoggerService: Logcat pid from database 1373
07-14 13:00:59.644 11692 11705 I PhoneLab-LoggerService: Logcat process found 1373
07-14 13:00:59.644 11692 11705 I PhoneLab-LoggerService: Checking Threshold
07-14 13:01:36.554 14667 14670 D dalvikvm: GC_CONCURRENT freed 501K, 6% free 10090K/10695K, paused 2ms+3ms
07-14 13:01:39.965   144   155 D AlarmManagerService: Kernel timezone updated to 240 minutes west of GMT
07-14 13:02:00.007   144   175 I power   : *** set_screen_state 1
07-14 13:02:00.074   144   175 I WindowManager: Lock screen displayed!
07-14 13:02:00.250    78   120 D SurfaceFlinger: Screen about to return, flinger = 0x5b4918
07-14 13:02:00.664   214   214 D PhoneStatusBar: disable: < expand icons alerts ticker system_info BACK HOME recent* CLOCK >
07-14 13:02:00.687   144   376 W InputManagerService: Window already focused, ignoring focus gain of: com.android.internal.view.IInputMethodClient$Stub$Proxy@413465e8
07-14 13:02:00.703   214   214 D PhoneStatusBar: disable: < expand icons alerts ticker system_info back* home* recent clock* >
07-14 13:02:02.183 11780 11782 D dalvikvm: GC_CONCURRENT freed 399K, 6% free 10497K/11143K, paused 11ms+3ms
07-14 13:02:02.250   144   171 I power   : *** set_screen_state 0
07-14 13:02:02.304    78   120 D SurfaceFlinger: About to give-up screen, flinger = 0x5b4918
07-14 13:02:02.363   144   175 V TransportControlView: Create TCV com.android.internal.widget.TransportControlView@419b73f8
07-14 13:02:02.379   214   214 D PhoneStatusBar: disable: < expand icons alerts ticker system_info back home RECENT* clock >
07-14 13:02:02.398   214   214 D PhoneStatusBar: disable: < expand icons alerts ticker system_info BACK* HOME* RECENT CLOCK* >
07-14 13:02:02.433 12677 12679 D dalvikvm: GC_CONCURRENT freed 329K, 6% free 9576K/10183K, paused 3ms+4ms
07-14 13:02:03.250   144  9303 D dalvikvm: GC_EXPLICIT freed 571K, 22% free 19413K/24711K, paused 7ms+14ms
07-14 13:02:03.488   144   175 I power   : *** set_screen_state 1
07-14 13:02:03.570   144   175 I WindowManager: Lock screen displayed!
07-14 13:02:03.679    78   120 D SurfaceFlinger: Screen about to return, flinger = 0x5b4918
07-14 13:02:04.277   144   175 I ActivityManager: START {act=android.media.action.STILL_IMAGE_CAMERA flg=0x10000000 cmp=com.android.camera/.Camera} from pid 144
07-14 13:02:04.382   214   214 D PhoneStatusBar: disable: < expand icons alerts ticker system_info BACK HOME recent* CLOCK >
07-14 13:02:04.402   144   326 I ActivityManager: Start proc com.android.camera for activity com.android.camera/.Camera: pid=15044 uid=10007 gids={1006, 1015}
07-14 13:02:04.437   144   424 W InputManagerService: Window already focused, ignoring focus gain of: com.android.internal.view.IInputMethodClient$Stub$Proxy@41704390
07-14 13:02:04.453   214   214 D PhoneStatusBar: disable: < expand icons alerts ticker system_info back* home* recent clock* >
07-14 13:02:04.593 18680 18680 D OpenGLRenderer: Flushing caches (mode 1)
07-14 13:02:04.640 18680 18680 D OpenGLRenderer: Flushing caches (mode 0)
07-14 13:02:04.656   144   144 W WindowManager: Layout repeat skipped after too many iterations
07-14 13:02:04.656   144   144 W WindowManager: Layout repeat skipped after too many iterations
07-14 13:02:04.656   144   144 W WindowManager: Layout repeat skipped after too many iterations
07-14 13:02:04.656   144   144 W WindowManager: Animation repeat aborted after too many iterations
07-14 13:02:04.980 15044 15059 V CameraHolder: open camera 0
07-14 13:02:04.992    81  1489 I CameraService: Opening camera 0
07-14 13:02:04.992    81  1489 I CameraHardwareSec: int android::HAL_camera_device_open(const hw_module_t*, const char*, hw_device_t**): open camera 0
07-14 13:02:04.992    81  1489 E SecCamera: initCamera: m_cam_fd(28), m_jpeg_fd(0)
07-14 13:02:04.992    81  1489 I SecCamera: Name of input channel[0] is S5K4ECGX
07-14 13:02:05.000    81  1489 E SecCamera: initCamera: m_cam_fd2(29)
07-14 13:02:05.000    81  1489 I SecCamera: Name of input channel[0] is S5K4ECGX
07-14 13:02:05.000    81  1489 I SecCamera: initCamera : initialized
07-14 13:02:05.000    81  1489 I SecCamera: Name of input channel[0] is S5K4ECGX
07-14 13:02:05.004    81  1489 I CameraHardwareSec: int android::HAL_camera_device_open(const hw_module_t*, const char*, hw_device_t**): opened camera 0 (0x84fd60)
07-14 13:02:05.011    81 15063 I CameraHardwareSec: int android::CameraHardwareSec::previewThreadWrapper(): starting
07-14 13:02:05.011    81 15063 I CameraHardwareSec: int android::CameraHardwareSec::previewThreadWrapper(): calling mSecCamera->stopPreview() and waiting
07-14 13:02:05.011    81 15063 W SecCamera: int android::SecCamera::stopPreview(): doing nothing because m_flag_camera_start is zero
07-14 13:02:05.043    81  1489 I AwesomePlayer: setDataSource_l('/system/media/audio/ui/camera_click.ogg')
07-14 13:02:05.144   144   160 I Process : Sending signal. PID: 15044 SIG: 3
07-14 13:02:05.144 15044 15046 I dalvikvm: threadid=3: reacting to signal 3
07-14 13:02:05.152    81  1489 I AwesomePlayer: setDataSource_l('/system/media/audio/ui/VideoRecord.ogg')
07-14 13:02:05.207 15044 15046 I dalvikvm: Wrote stack traces to '/data/anr/traces.txt'
07-14 13:02:05.316 15044 15045 D dalvikvm: GC_CONCURRENT freed 192K, 4% free 9301K/9607K, paused 24ms+3ms
07-14 13:02:05.332 15044 15044 D dalvikvm: GC_FOR_ALLOC freed 6K, 4% free 9295K/9607K, paused 16ms
07-14 13:02:05.332 15044 15044 I dalvikvm-heap: Grow heap (frag case) to 9.501MB for 373696-byte allocation
07-14 13:02:05.363 15044 15044 D dalvikvm: GC_FOR_ALLOC freed <1K, 4% free 9659K/9991K, paused 13ms
07-14 13:02:05.398 15044 15044 D dalvikvm: GC_FOR_ALLOC freed 20K, 3% free 9867K/10119K, paused 15ms
07-14 13:02:05.429 15044 15072 D Camera  : app passed NULL surface
07-14 13:02:05.437 15044 15072 V camera  : Preview size is 640x480
07-14 13:02:05.453 15044 15072 V camera  : startPreview
07-14 13:02:05.453    81    81 E CameraHardwareSec: preview window is NULL!
07-14 13:02:05.453    81    81 I CameraHardwareSec: virtual android::status_t android::CameraHardwareSec::startPreview() : deferring
07-14 13:02:05.535 15044 15045 D dalvikvm: GC_CONCURRENT freed 139K, 3% free 10236K/10503K, paused 2ms+3ms
07-14 13:02:05.543   144   160 I Process : Sending signal. PID: 15044 SIG: 3
07-14 13:02:05.543 15044 15046 I dalvikvm: threadid=3: reacting to signal 3
07-14 13:02:05.554 15044 15046 I dalvikvm: Wrote stack traces to '/data/anr/traces.txt'
07-14 13:02:05.613 15044 15044 D libEGL  : loaded /system/lib/egl/libGLES_android.so
07-14 13:02:05.625 15044 15044 D libEGL  : loaded /vendor/lib/egl/libEGL_POWERVR_SGX540_120.so
07-14 13:02:05.656 15044 15044 D libEGL  : loaded /vendor/lib/egl/libGLESv1_CM_POWERVR_SGX540_120.so
07-14 13:02:05.664 15044 15044 D libEGL  : loaded /vendor/lib/egl/libGLESv2_POWERVR_SGX540_120.so
07-14 13:02:05.734 15044 15044 D OpenGLRenderer: Enabling debug mode 0
07-14 13:02:05.746 15044 15044 V camera  : surfaceChanged. w=480. h=640
07-14 13:02:06.047   144   160 I Process : Sending signal. PID: 15044 SIG: 3
07-14 13:02:06.047 15044 15046 I dalvikvm: threadid=3: reacting to signal 3
07-14 13:02:06.074 15044 15046 I dalvikvm: Wrote stack traces to '/data/anr/traces.txt'
07-14 13:02:06.461    81   125 D CameraHardwareSec: mPreviewHeap(fd(28), size(460800), width(640), height(480))
07-14 13:02:06.461    81 15063 I CameraHardwareSec: int android::CameraHardwareSec::previewThreadWrapper(): return from wait
07-14 13:02:06.547   144   160 I Process : Sending signal. PID: 15044 SIG: 3
07-14 13:02:06.547 15044 15046 I dalvikvm: threadid=3: reacting to signal 3
07-14 13:02:06.550 15044 15046 I dalvikvm: Wrote stack traces to '/data/anr/traces.txt'
07-14 13:02:06.593   144   174 I ActivityManager: Displayed com.android.camera/.Camera: +2s243ms
07-14 13:02:06.644 15044 15044 D CameraStorage: External storage state=mounted
07-14 13:02:06.652   144  9084 I ActivityManager: Process com.google.android.apps.googlevoice (pid 11054) has died.
07-14 13:02:06.652   144  9084 W ActivityManager: Scheduling restart of crashed service com.google.android.apps.googlevoice/.ShadowNumberRefreshService in 5000ms
07-14 13:02:06.652   144  9084 W ActivityManager: Scheduling restart of crashed service com.google.android.apps.googlevoice/.UpdateService in 15000ms
07-14 13:02:06.652   144  9084 W ActivityManager: Scheduling restart of crashed service com.google.android.apps.googlevoice/.CallLogService in 25000ms
07-14 13:02:06.715 15044 15044 D dalvikvm: GC_FOR_ALLOC freed 84K, 2% free 10299K/10503K, paused 32ms
07-14 13:02:06.715 15044 15044 I dalvikvm-heap: Grow heap (frag case) to 11.297MB for 1228816-byte allocation
07-14 13:02:06.742 15044 15073 D dalvikvm: GC_FOR_ALLOC freed <1K, 2% free 11498K/11719K, paused 17ms
07-14 13:02:06.828 15044 15045 D dalvikvm: GC_CONCURRENT freed 78K, 2% free 11548K/11719K, paused 12ms+3ms
07-14 13:02:09.449 15044 15044 V FocusManager: Start autofocus.
07-14 13:02:09.570 15044 15044 V camera  : onShutterButtonClick: mCameraState=2
07-14 13:02:11.386 15044 15044 V camera  : mAutoFocusTime = 1938ms
07-14 13:02:11.465    81 15063 I CameraHardwareSec: int android::CameraHardwareSec::previewThreadWrapper(): calling mSecCamera->stopPreview() and waiting
07-14 13:02:11.531    81 15075 I SecCamera: int android::fimc_v4l2_querybuf(int, android::fimc_buffer*, v4l2_buf_type) :
07-14 13:02:11.535    81 15075 I SecCamera: int android::fimc_v4l2_querybuf(int, android::fimc_buffer*, v4l2_buf_type): buffer->start = 0x439a3000 v4l2_buf.length = 4261248
07-14 13:02:11.789   144   161 I ActivityManager: Start proc com.google.android.apps.googlevoice for service com.google.android.apps.googlevoice/.ShadowNumberRefreshService: pid=15076 uid=10054 gids={3003, 1015}
07-14 13:02:11.804   144   144 I ActivityManager: Process com.android.providers.calendar (pid 14851) has died.
07-14 13:02:11.832 15044 15044 V camera  : mShutterLag = 401ms
07-14 13:02:11.882    81   124 D AudioHardware: AudioHardware pcm playback is exiting standby.
07-14 13:02:11.882    81   124 D AudioHardware: openPcmOut_l() mPcmOpenCnt: 0
07-14 13:02:11.992    81 15075 I CameraHardwareSec: == Camera Sensor Detect S5K4ECGX - Samsung LSI SOC 5M ==
07-14 13:02:12.043   356   356 D dalvikvm: GC_EXPLICIT freed 41K, 6% free 9102K/9607K, paused 2ms+6ms
07-14 13:02:12.168 15076 15079 D dalvikvm: GC_CONCURRENT freed 238K, 4% free 9298K/9607K, paused 1ms+8ms
07-14 13:02:12.320 10918 10918 D OpenGLRenderer: Flushing caches (mode 2)
07-14 13:02:12.343 15044 15044 V camera  : mShutterToRawCallbackTime = 512ms
07-14 13:02:12.363   144  9084 I ActivityManager: Process com.android.deskclock (pid 14838) has died.
07-14 13:02:12.367 18680 18680 D OpenGLRenderer: Flushing caches (mode 1)
07-14 13:02:12.410    81 15075 D JpegEncoder: encode E
07-14 13:02:12.433    81 15075 D JpegEncoder: encode X
07-14 13:02:12.441    81 15075 D SecCamera: Shutter speed=124942 us, iso=200
07-14 13:02:12.441    81 15075 D SecCamera: AV=3, TV=3, SV=6
07-14 13:02:12.441    81 15075 D JpegEncoder: makeExif E
07-14 13:02:12.441    81 15075 D JpegEncoder: makeExif X
07-14 13:02:12.472    81 15075 I SecCamera: int android::SecCamera::endSnapshot() :
07-14 13:02:12.476    81 15075 I SecCamera: munmap():virt. addr 0x439a3000 size = 4261248
07-14 13:02:12.476   144   326 D AlarmManagerService: Kernel timezone updated to 240 minutes west of GMT
07-14 13:02:12.500 15044 15055 D dalvikvm: GC_FOR_ALLOC freed 350K, 4% free 11503K/11975K, paused 19ms
07-14 13:02:12.504 15044 15055 I dalvikvm-heap: Grow heap (frag case) to 12.572MB for 1330776-byte allocation
07-14 13:02:12.543 15044 15045 D dalvikvm: GC_CONCURRENT freed 1K, 4% free 12802K/13319K, paused 1ms+2ms
07-14 13:02:12.543 15044 15044 V camera  : mPictureDisplayedToJpegCallbackTime = 176ms
07-14 13:02:12.543 15044 15044 V camera  : stopPreview
07-14 13:02:12.613 15076 15092 W System.err: com.google.android.apps.googlevoice.net.VoiceServiceException: Voice service failed [INVALID_AUTH_TOKEN]
07-14 13:02:12.613 15076 15092 W System.err: 	at com.google.android.apps.googlevoice.net.masf.MASFVoiceService.checkCredentials(MASFVoiceService.java:107)
07-14 13:02:12.613 15076 15092 W System.err: 	at com.google.android.apps.googlevoice.net.masf.MASFVoiceService.getAuthToken(MASFVoiceService.java:95)
07-14 13:02:12.613 15076 15092 W System.err: 	at com.google.android.apps.googlevoice.net.masf.MASFGetBackendInfoRpc.createRequestPayload(MASFGetBackendInfoRpc.java:34)
07-14 13:02:12.613 15076 15092 W System.err: 	at com.google.android.apps.googlevoice.net.masf.MASFApiRpc.requestSubmit(MASFApiRpc.java:160)
07-14 13:02:12.613 15076 15092 W System.err: 	at com.google.android.apps.googlevoice.net.masf.MASFApiRpc.run(MASFApiRpc.java:141)
07-14 13:02:12.613 15076 15092 W System.err: 	at com.googlex.common.task.AbstractTask.run(Unknown Source)
07-14 13:02:12.613 15076 15092 W System.err: 	at com.googlex.common.task.AbstractTask.runInternal(Unknown Source)
07-14 13:02:12.613 15076 15092 W System.err: 	at com.googlex.common.task.TaskRunner.run(Unknown Source)
07-14 13:02:12.613 15076 15092 W System.err: 	at com.googlex.common.lang.BaseThreadFactory$ThreadImpl.run(Unknown Source)
07-14 13:02:12.625 15076 15092 E GoogleVoice: ShadowNumberRefreshService: Failed to get backend info!
07-14 13:02:12.625 15076 15092 E GoogleVoice: com.google.android.apps.googlevoice.net.VoiceServiceException: Voice service failed [INVALID_AUTH_TOKEN]
07-14 13:02:12.625 15076 15092 E GoogleVoice: 	at com.google.android.apps.googlevoice.net.masf.MASFVoiceService.checkCredentials(MASFVoiceService.java:107)
07-14 13:02:12.625 15076 15092 E GoogleVoice: 	at com.google.android.apps.googlevoice.net.masf.MASFVoiceService.getAuthToken(MASFVoiceService.java:95)
07-14 13:02:12.625 15076 15092 E GoogleVoice: 	at com.google.android.apps.googlevoice.net.masf.MASFGetBackendInfoRpc.createRequestPayload(MASFGetBackendInfoRpc.java:34)
07-14 13:02:12.625 15076 15092 E GoogleVoice: 	at com.google.android.apps.googlevoice.net.masf.MASFApiRpc.requestSubmit(MASFApiRpc.java:160)
07-14 13:02:12.625 15076 15092 E GoogleVoice: 	at com.google.android.apps.googlevoice.net.masf.MASFApiRpc.run(MASFApiRpc.java:141)
07-14 13:02:12.625 15076 15092 E GoogleVoice: 	at com.googlex.common.task.AbstractTask.run(Unknown Source)
07-14 13:02:12.625 15076 15092 E GoogleVoice: 	at com.googlex.common.task.AbstractTask.runInternal(Unknown Source)
07-14 13:02:12.625 15076 15092 E GoogleVoice: 	at com.googlex.common.task.TaskRunner.run(Unknown Source)
07-14 13:02:12.625 15076 15092 E GoogleVoice: 	at com.googlex.common.lang.BaseThreadFactory$ThreadImpl.run(Unknown Source)
07-14 13:02:12.863    81 21772 I CameraHardwareSec: void android::CameraHardwareSec::stopPreviewInternal() : preview not running, doing nothing
07-14 13:02:12.922 15044 15044 V camera  : Preview size is 640x480
07-14 13:02:12.925 15044 15044 V camera  : startPreview
07-14 13:02:13.371    81    81 D CameraHardwareSec: mPreviewHeap(fd(28), size(460800), width(640), height(480))
07-14 13:02:13.382    81 15063 I CameraHardwareSec: int android::CameraHardwareSec::previewThreadWrapper(): return from wait
07-14 13:02:13.429 15044 15044 D CameraStorage: External storage state=mounted
07-14 13:02:13.433 15044 15044 V camera  : mJpegCallbackFinishTime = 911ms
07-14 13:02:14.043 15044 15074 D dalvikvm: GC_FOR_ALLOC freed 35K, 4% free 12810K/13319K, paused 31ms
07-14 13:02:14.047 15044 15074 I dalvikvm-heap: Grow heap (frag case) to 13.750MB for 1228816-byte allocation
07-14 13:02:14.097 15044 15045 D dalvikvm: GC_CONCURRENT freed <1K, 4% free 14009K/14535K, paused 2ms+14ms
07-14 13:02:14.406   144   161 I ActivityManager: Start proc com.google.android.gallery3d for broadcast com.google.android.gallery3d/com.android.gallery3d.app.NewPictureMonitor: pid=15098 uid=10016 gids={3003, 1015}
07-14 13:02:14.554 15098 15098 I ActivityThread: Pub com.google.android.gallery3d.GooglePhotoProvider: com.google.android.picasasync.PicasaContentProvider
07-14 13:02:14.711 15098 15100 D dalvikvm: GC_CONCURRENT freed 419K, 6% free 9117K/9607K, paused 2ms+7ms
07-14 13:02:14.824 15098 15098 I ActivityThread: Pub com.google.android.gallery3d.provider: com.android.gallery3d.provider.GalleryProvider
07-14 13:02:14.867   144   376 D SyncManager: setIsSyncable: Account {name=lokeshmandvekar@gmail.com, type=com.google}, provider com.google.android.gallery3d.GooglePhotoProvider -> 0
07-14 13:02:14.867   144   376 D SyncManager: setIsSyncable: already set to 0, doing nothing
07-14 13:02:14.925 15098 15100 D dalvikvm: GC_CONCURRENT freed 395K, 6% free 9174K/9671K, paused 1ms+10ms
07-14 13:02:15.023   144 30930 I ActivityManager: Start proc com.google.android.apps.plus for content provider com.google.android.apps.plus/com.google.android.picasasync.PicasaContentProvider: pid=15111 uid=10060 gids={3003, 3002, 1015, 1006}
07-14 13:02:15.242   144   144 I ActivityManager: Process com.android.calendar (pid 14822) has died.
07-14 13:02:15.297    81   124 D AudioHardware: AudioHardware pcm playback is going to standby.
07-14 13:02:15.297    81   124 D AudioHardware: closePcmOut_l() mPcmOpenCnt: 1
07-14 13:02:15.519 15044 15044 V camera  : stopPreview
07-14 13:02:15.906    81 15063 I CameraHardwareSec: int android::CameraHardwareSec::previewThreadWrapper(): calling mSecCamera->stopPreview() and waiting
07-14 13:02:15.968    81   125 I CameraHardwareSec: void android::CameraHardwareSec::stopPreviewInternal() : preview not running, doing nothing
07-14 13:02:15.972    81  1489 I CameraHardwareSec: void android::CameraHardwareSec::stopPreviewInternal() : preview not running, doing nothing
07-14 13:02:15.972    81 15063 I CameraHardwareSec: int android::CameraHardwareSec::previewThreadWrapper(): return from wait
07-14 13:02:15.972    81 15063 I CameraHardwareSec: int android::CameraHardwareSec::previewThreadWrapper(): exiting
07-14 13:02:15.972    81 15063 W SecCamera: int android::SecCamera::stopPreview(): doing nothing because m_flag_camera_start is zero
07-14 13:02:15.976    81  1489 W SecCamera: int android::SecCamera::stopRecord(): doing nothing because m_flag_record_start is zero
07-14 13:02:15.976    81  1489 I SecCamera: DeinitCamera: m_cam_fd(28)
07-14 13:02:15.980    81  1489 I SecCamera: DeinitCamera: m_cam_fd2(29)
07-14 13:02:15.984    81  1489 E CameraHardwareSec: preview window is NULL!
07-14 13:02:15.984    81  1489 I CameraService: Destroying camera 0
07-14 13:02:15.984    81  1489 I CameraHardwareSec: int android::HAL_camera_device_close(hw_device_t*)
07-14 13:02:15.984    81  1489 I SecCamera: DeinitCamera : already deinitialized
07-14 13:02:16.004   144   160 W ActivityManager: Activity pause timeout for ActivityRecord{415888a0 com.android.camera/.Camera}
07-14 13:02:16.027 15111 15114 D dalvikvm: GC_CONCURRENT freed 170K, 3% free 9366K/9607K, paused 25ms+2ms
07-14 13:02:16.062    81   125 W AudioFlinger: session id 304 not found for pid 81
07-14 13:02:16.066    81   125 W AudioFlinger: session id 305 not found for pid 81
07-14 13:02:16.074   144   160 I Process : Sending signal. PID: 15044 SIG: 3
07-14 13:02:16.074 15044 15046 I dalvikvm: threadid=3: reacting to signal 3
07-14 13:02:16.078 15044 15046 I dalvikvm: Wrote stack traces to '/data/anr/traces.txt'
07-14 13:02:16.090 18680 18680 D OpenGLRenderer: Flushing caches (mode 2)
07-14 13:02:16.113 18680 18680 D OpenGLRenderer: Flushing caches (mode 0)
07-14 13:02:16.254 15111 15111 I ActivityThread: Pub com.google.android.apps.plus.content.ApiProvider: com.google.android.apps.plus.content.EsApiProvider
07-14 13:02:16.281 15111 15111 I ActivityThread: Pub com.google.android.apps.plus.content.EsGooglePhotoProvider: com.google.android.picasasync.PicasaContentProvider
07-14 13:02:16.457 15111 15114 D dalvikvm: GC_CONCURRENT freed 338K, 5% free 9578K/9991K, paused 1ms+7ms
07-14 13:02:16.515 15111 15111 I ActivityThread: Pub com.google.android.apps.plus.content.EsPicasaStoreProvider: com.google.android.picasastore.PicasaPhotoContentProvider
07-14 13:02:16.558 15111 15111 I ActivityThread: Pub com.google.plus.platform: com.google.android.apps.plus.content.AdsProvider
07-14 13:02:16.558 15111 15111 I ActivityThread: Pub com.google.android.apps.plus.iu.EsGoogleIuProvider: com.google.android.apps.plus.iu.InstantUploadProvider
07-14 13:02:16.590   144   160 I Process : Sending signal. PID: 18680 SIG: 3
07-14 13:02:16.590 18680 18684 I dalvikvm: threadid=3: reacting to signal 3
07-14 13:02:16.640 18680 18684 I dalvikvm: Wrote stack traces to '/data/anr/traces.txt'
07-14 13:02:16.691 15111 15114 D dalvikvm: GC_CONCURRENT freed 504K, 6% free 9605K/10183K, paused 2ms+7ms
07-14 13:02:16.699 15111 15111 I ActivityThread: Pub com.google.android.apps.plus.content.EsProvider: com.google.android.apps.plus.content.EsProvider
07-14 13:02:16.824    78 23217 W SurfaceTexture: [com.android.camera/com.android.camera.Camera] cancelBuffer: SurfaceTexture has been abandoned!
07-14 13:02:17.043   144  9084 I ActivityManager: Start proc com.google.android.apps.unveil for broadcast com.google.android.apps.unveil/.service.LaunchReceiver: pid=15131 uid=10074 gids={1006, 3003, 1015}
07-14 13:02:17.082 15131 15131 I dalvikvm: Turning on JNI app bug workarounds for target SDK version 8...
07-14 13:02:17.125   144   402 I ActivityManager: Process com.google.android.apps.maps (pid 10918) has died.
07-14 13:02:17.320 15044 15044 D OpenGLRenderer: Flushing caches (mode 2)
07-14 13:02:17.347 15131 15131 I ActivityThread: Pub com.google.android.apps.unveil: com.google.android.apps.unveil.env.UnveilContentProvider
07-14 13:02:17.363 15131 15131 I ActivityThread: Pub com.google.android.apps.unveil.history.SuggestionProvider: com.google.android.apps.unveil.history.SuggestionProvider
07-14 13:02:17.429 15044 15044 D OpenGLRenderer: Flushing caches (mode 0)
07-14 13:02:17.531 15131 15133 D dalvikvm: GC_CONCURRENT freed 263K, 4% free 9262K/9607K, paused 19ms+2ms
07-14 13:02:17.562 15131 15131 I goggles : BaseApplication: Frontend URL: http://www.google.com
07-14 13:02:17.750   144   171 I power   : *** set_screen_state 0
07-14 13:02:17.785 15111 15125 D PicasaPhotoCP: set fsid first time:-1
07-14 13:02:17.797    78   120 D SurfaceFlinger: About to give-up screen, flinger = 0x5b4918
07-14 13:02:17.957   144   175 V TransportControlView: Create TCV com.android.internal.widget.TransportControlView@41bb7d58
07-14 13:02:17.996 15111 15114 D dalvikvm: GC_CONCURRENT freed 242K, 4% free 9929K/10247K, paused 317ms+161ms
07-14 13:02:18.050   214   214 D PhoneStatusBar: disable: < expand icons alerts ticker system_info back home RECENT* clock >
07-14 13:02:18.070   214   214 D PhoneStatusBar: disable: < expand icons alerts ticker system_info BACK* HOME* RECENT CLOCK* >
07-14 13:02:18.304 15111 15114 D dalvikvm: GC_CONCURRENT freed 165K, 3% free 10313K/10567K, paused 2ms+7ms
07-14 13:02:18.414 15111 15114 D dalvikvm: GC_CONCURRENT freed 318K, 5% free 10462K/10951K, paused 2ms+2ms
07-14 13:02:18.445 15111 15128 D dalvikvm: GC_FOR_ALLOC freed 0K, 5% free 10462K/10951K, paused 30ms
07-14 13:02:18.445 15111 15128 I dalvikvm-heap: Grow heap (frag case) to 10.533MB for 260112-byte allocation
07-14 13:02:18.484 15111 15128 D dalvikvm: GC_FOR_ALLOC freed 126K, 6% free 10590K/11207K, paused 25ms
07-14 13:02:18.519 15111 15128 D dalvikvm: GC_FOR_ALLOC freed 311K, 6% free 10583K/11207K, paused 22ms
07-14 13:02:18.543 15111 15128 D dalvikvm: GC_FOR_ALLOC freed 62K, 6% free 10646K/11207K, paused 22ms
07-14 13:02:18.547 15111 15128 I dalvikvm-heap: Grow heap (frag case) to 10.713MB for 260112-byte allocation
07-14 13:02:18.613 15111 15128 D dalvikvm: GC_FOR_ALLOC freed 126K, 7% free 10774K/11463K, paused 65ms
07-14 13:02:18.664 15111 15128 D dalvikvm: GC_FOR_ALLOC freed 307K, 7% free 10766K/11463K, paused 47ms
07-14 13:02:18.715 15111 15128 D dalvikvm: GC_FOR_ALLOC freed 62K, 6% free 10830K/11463K, paused 47ms
07-14 13:02:18.715 15111 15128 I dalvikvm-heap: Grow heap (frag case) to 10.892MB for 260112-byte allocation
07-14 13:02:18.765 15111 15128 D dalvikvm: GC_FOR_ALLOC freed 126K, 7% free 10958K/11719K, paused 48ms
07-14 13:02:19.066 15111 15114 D dalvikvm: GC_CONCURRENT freed 353K, 5% free 11249K/11719K, paused 3ms+3ms
07-14 13:02:19.402 15111 15114 D dalvikvm: GC_CONCURRENT freed 159K, 2% free 11865K/12103K, paused 2ms+3ms
07-14 13:02:19.695 15111 15114 D dalvikvm: GC_CONCURRENT freed 589K, 6% free 12275K/12935K, paused 2ms+3ms
07-14 13:02:19.918 15111 15114 D dalvikvm: GC_CONCURRENT freed 246K, 3% free 13117K/13447K, paused 2ms+7ms
07-14 13:02:31.066   344   344 D SAN_SERVICE: *******************************************
07-14 13:02:31.066   344   344 D SAN_SERVICE: DM App Phone Service State - 0
07-14 13:02:31.066   344   344 D SAN_SERVICE: *******************************************
07-14 13:02:31.132 14420 14422 D dalvikvm: GC_CONCURRENT freed 337K, 5% free 9267K/9735K, paused 2ms+4ms
07-14 13:02:32.113   144   156 D CountryDetector: The first listener is added
07-14 13:02:32.195 15076 15079 D dalvikvm: GC_CONCURRENT freed 440K, 6% free 9413K/9927K, paused 4ms+2ms
07-14 13:02:32.195 15076 15085 W CursorWrapperInner: Cursor finalized without prior close()
07-14 13:02:32.195 15076 15085 W CursorWrapperInner: Cursor finalized without prior close()
07-14 13:02:32.195 15076 15085 W CursorWrapperInner: Cursor finalized without prior close()
07-14 13:02:32.363 12677 12679 D dalvikvm: GC_CONCURRENT freed 342K, 5% free 9679K/10183K, paused 2ms+7ms
07-14 13:02:32.546   144   147 D dalvikvm: GC_CONCURRENT freed 1652K, 21% free 19687K/24711K, paused 3ms+27ms
07-14 13:02:32.750 15076 15079 D dalvikvm: GC_CONCURRENT freed 377K, 5% free 9607K/10055K, paused 2ms+3ms
07-14 13:02:32.796 12677 12679 D dalvikvm: GC_CONCURRENT freed 302K, 5% free 9818K/10247K, paused 2ms+3ms
07-14 13:02:32.824 12677 12726 D dalvikvm: GC_EXPLICIT freed 86K, 6% free 9731K/10247K, paused 1ms+3ms
07-14 13:02:32.941   144   424 D dalvikvm: GC_EXPLICIT freed 787K, 24% free 18921K/24711K, paused 3ms+8ms
07-14 13:02:34.554   344   344 D SAN_SERVICE: *******************************************
07-14 13:02:34.558   344   344 D SAN_SERVICE: DM App Phone Service State - 0
07-14 13:02:34.558   344   344 D SAN_SERVICE: *******************************************
07-14 13:02:35.105   344   344 D SAN_SERVICE: *******************************************
07-14 13:02:35.105   344   344 D SAN_SERVICE: DM App Phone Service State - 0
07-14 13:02:35.105   344   344 D SAN_SERVICE: *******************************************
07-14 13:02:35.175 22691 22693 D dalvikvm: GC_CONCURRENT freed 437K, 6% free 9632K/10183K, paused 2ms+3ms
07-14 13:02:36.023 14667 14670 D dalvikvm: GC_CONCURRENT freed 472K, 7% free 10030K/10695K, paused 7ms+2ms
07-14 13:02:41.461 15111 15114 D dalvikvm: GC_CONCURRENT freed 1560K, 12% free 12851K/14535K, paused 4ms+2ms
07-14 13:02:42.308 11780 11780 D dalvikvm: GC_EXPLICIT freed 318K, 6% free 10494K/11143K, paused 22ms+3ms
07-14 13:02:47.558 15111 15114 D dalvikvm: GC_CONCURRENT freed 1197K, 12% free 12810K/14535K, paused 14ms+3ms
07-14 13:02:56.281 15111 15114 D dalvikvm: GC_CONCURRENT freed 1135K, 12% free 12824K/14535K, paused 14ms+3ms
07-14 13:02:57.093   144   160 D dalvikvm: GC_EXPLICIT freed 147K, 24% free 18947K/24711K, paused 4ms+7ms
07-14 13:02:58.086 15163 15163 D dalvikvm: Late-enabling CheckJNI
07-14 13:02:58.093   144   161 I ActivityManager: Start proc com.chess for broadcast com.chess/.backend.AlarmReceiver: pid=15163 uid=10079 gids={3003, 1015}
07-14 13:02:58.113    79    79 D dalvikvm: GC_EXPLICIT freed 37K, 4% free 9031K/9347K, paused 1ms+2ms
07-14 13:02:58.160    79    79 D dalvikvm: GC_EXPLICIT freed <1K, 4% free 9031K/9347K, paused 2ms+1ms
07-14 13:02:58.191    79    79 D dalvikvm: GC_EXPLICIT freed <1K, 4% free 9031K/9347K, paused 3ms+10ms
07-14 13:02:58.269 15163 15165 D dalvikvm: GC_CONCURRENT freed 177K, 3% free 9359K/9607K, paused 2ms+3ms
07-14 13:02:58.539 15163 15177 D GetStringObjTask: retrieving from url = http://www.chess.com/api/get_move_status?id=5HHjW9WUGa%2Bcu1LUwnVJPxTIWxmEve4VdkRnRyg7b5Ch69JH2Z5aB%2B7eGuFw8K2uFx47KFsdE3JRdR3Mzv0PkZOj6eZ8N73BvxmEERrzXjMNRo80rkLyJAUTh0iqof4n
07-14 13:02:59.168 15163 15177 D GetStringObjTask: WebRequest SERVER RESPONSE: Success+0
07-14 13:03:01.386 11692 11705 I PhoneLab-: Service Running
07-14 13:03:01.484 11692 11705 I PhoneLab-LoggerService: app_37    1373  1     1440   988   c00f181c 400107b4 S logcat
07-14 13:03:01.484 11692 11705 I PhoneLab-LoggerService: Logcat pid from database 1373
07-14 13:03:01.488 11692 11705 I PhoneLab-LoggerService: Logcat process found 1373
07-14 13:03:01.488 11692 11705 I PhoneLab-LoggerService: Checking Threshold
07-14 13:03:01.648   144   160 V BackupManagerService: Running a backup pass
07-14 13:03:01.660   144   213 V BackupManagerService: clearing pending backups
07-14 13:03:01.679   144   213 V PerformBackupTask: Beginning backup of 1 targets
07-14 13:03:01.757 15111 15151 D dalvikvm: GC_FOR_ALLOC freed 1094K, 12% free 12854K/14535K, paused 48ms
07-14 13:03:01.879 15111 15151 D dalvikvm: GC_FOR_ALLOC freed 129K, 10% free 13226K/14535K, paused 35ms
07-14 13:03:01.879 15111 15151 I dalvikvm-heap: Grow heap (frag case) to 13.235MB for 262160-byte allocation
07-14 13:03:01.918 15111 15151 D dalvikvm: GC_FOR_ALLOC freed 128K, 11% free 13354K/14855K, paused 36ms
07-14 13:03:01.949   144   213 D PerformBackupTask: processOneBackup doBackup() on @pm@
07-14 13:03:01.953   144   213 V BackupServiceBinder: doBackup() invoked
07-14 13:03:01.961   144   213 I PerformBackupTask: no backup data written; not calling transport
07-14 13:03:01.964   144   213 D PerformBackupTask: starting agent for backup of BackupRequest{pkg=com.android.providers.settings}
07-14 13:03:01.964   144   160 V ActivityThread: handleCreateBackupAgent: CreateBackupAgentData{appInfo=ApplicationInfo{414a36d8 com.android.providers.settings} backupAgent=com.android.providers.settings.SettingsBackupAgent mode=0}
07-14 13:03:01.964   144   160 V ActivityThread: Initializing agent class com.android.providers.settings.SettingsBackupAgent
07-14 13:03:01.964   144   213 D BackupManagerService: awaiting agent for ApplicationInfo{414a36d8 com.android.providers.settings}
07-14 13:03:01.968   144   160 D SettingsBackupAgent: onCreate() invoked
07-14 13:03:01.972   144   213 V BackupServiceBinder: doBackup() invoked
07-14 13:03:01.972   144   160 D BackupManagerService: agentConnected pkg=com.android.providers.settings agent=android.app.backup.BackupAgent$BackupServiceBinder@4162ed78
07-14 13:03:01.972   144   213 D PerformBackupTask: processOneBackup doBackup() on com.android.providers.settings
07-14 13:03:02.019   144   213 V LocalTransport: performBackup() pkg=com.android.providers.settings
07-14 13:03:02.019   144   213 V LocalTransport: Got change set key=system size=1077 key64=c3lzdGVt
07-14 13:03:02.019   144   160 V ActivityThread: handleDestroyBackupAgent: CreateBackupAgentData{appInfo=ApplicationInfo{414a36d8 com.android.providers.settings} backupAgent=com.android.providers.settings.SettingsBackupAgent mode=0}
07-14 13:03:02.027   144   213 V LocalTransport:   data size 1077
07-14 13:03:02.027   144   213 V LocalTransport: finishBackup()
07-14 13:03:02.031   144   213 I PerformBackupTask: Backup pass finished.
07-14 13:03:05.359   344   344 D SAN_SERVICE: *******************************************
07-14 13:03:05.359   344   344 D SAN_SERVICE: DM App Phone Service State - 0
07-14 13:03:05.359   344   344 D SAN_SERVICE: *******************************************
07-14 13:03:06.113   344   344 D SAN_SERVICE: *******************************************
07-14 13:03:06.113   344   344 D SAN_SERVICE: DM App Phone Service State - 0
07-14 13:03:06.113   344   344 D SAN_SERVICE: *******************************************
07-14 13:03:12.761  5517  5517 D dalvikvm: GC_EXPLICIT freed 375K, 7% free 10414K/11079K, paused 25ms+4ms
07-14 13:03:15.632   344   344 D SAN_SERVICE: *******************************************
07-14 13:03:15.632   344   344 D SAN_SERVICE: DM App Phone Service State - 0
07-14 13:03:15.632   344   344 D SAN_SERVICE: *******************************************
07-14 13:03:16.113   344   344 D SAN_SERVICE: *******************************************
07-14 13:03:16.113   344   344 D SAN_SERVICE: DM App Phone Service State - 0
07-14 13:03:16.113   344   344 D SAN_SERVICE: *******************************************
07-14 13:03:20.640   344   344 D SAN_SERVICE: *******************************************
07-14 13:03:20.640   344   344 D SAN_SERVICE: DM App Phone Service State - 0
07-14 13:03:20.640   344   344 D SAN_SERVICE: *******************************************
07-14 13:03:20.687   344   347 D dalvikvm: GC_CONCURRENT freed 870K, 15% free 11984K/14087K, paused 9ms+3ms
07-14 13:03:21.086   344   344 D SAN_SERVICE: *******************************************
07-14 13:03:21.086   344   344 D SAN_SERVICE: DM App Phone Service State - 0
07-14 13:03:21.086   344   344 D SAN_SERVICE: *******************************************
07-14 13:03:25.871   344   344 D SAN_SERVICE: *******************************************
07-14 13:03:25.871   344   344 D SAN_SERVICE: DM App Phone Service State - 0
07-14 13:03:25.871   344   344 D SAN_SERVICE: *******************************************
07-14 13:03:26.125   344   344 D SAN_SERVICE: *******************************************
07-14 13:03:26.125   344   344 D SAN_SERVICE: DM App Phone Service State - 0
07-14 13:03:26.125   344   344 D SAN_SERVICE: *******************************************
07-14 13:03:26.144   214   216 D dalvikvm: GC_CONCURRENT freed 594K, 55% free 9985K/22023K, paused 11ms+3ms
07-14 13:03:30.875   344   344 D SAN_SERVICE: *******************************************
07-14 13:03:30.875   344   344 D SAN_SERVICE: DM App Phone Service State - 0
07-14 13:03:30.875   344   344 D SAN_SERVICE: *******************************************
07-14 13:03:31.109   344   344 D SAN_SERVICE: *******************************************
07-14 13:03:31.109   344   344 D SAN_SERVICE: DM App Phone Service State - 0
07-14 13:03:31.109   344   344 D SAN_SERVICE: *******************************************
07-14 13:03:37.914   144   173 I ActivityManager: Start proc com.twitter.android for service com.twitter.android/.client.AppService: pid=15182 uid=10064 gids={3003, 1015}
07-14 13:03:37.921 15182 15182 I dalvikvm: Turning on JNI app bug workarounds for target SDK version 11...
07-14 13:03:38.043 15182 15182 I ActivityThread: Pub com.twitter.android.provider.GlobalDatabaseProvider: com.twitter.android.provider.GlobalDatabaseProvider
07-14 13:03:38.050 15182 15182 I ActivityThread: Pub com.twitter.android.provider.TwitterProvider: com.twitter.android.provider.TwitterProvider
07-14 13:03:38.129 15182 15184 D dalvikvm: GC_CONCURRENT freed 196K, 4% free 9277K/9607K, paused 4ms+3ms
07-14 13:03:41.007   344   344 D dalvikvm: GC_EXPLICIT freed 88K, 15% free 11976K/14087K, paused 21ms+3ms
07-14 13:03:48.843   440   440 D dalvikvm: GC_EXPLICIT freed 8K, 4% free 9037K/9347K, paused 14ms+2ms
07-14 13:03:52.425 15182 15184 D dalvikvm: GC_CONCURRENT freed 167K, 4% free 9505K/9799K, paused 5ms+2ms
07-14 13:03:52.566 15182 15184 D dalvikvm: GC_CONCURRENT freed 300K, 5% free 9636K/10055K, paused 1ms+2ms
07-14 13:03:52.683 15182 15184 D dalvikvm: GC_CONCURRENT freed 300K, 5% free 9765K/10183K, paused 1ms+2ms
07-14 13:03:52.804 15182 15184 D dalvikvm: GC_CONCURRENT freed 305K, 5% free 9891K/10311K, paused 1ms+3ms
07-14 13:03:52.929 15182 15184 D dalvikvm: GC_CONCURRENT freed 306K, 4% free 10025K/10439K, paused 1ms+2ms
07-14 13:03:53.043 15182 15184 D dalvikvm: GC_CONCURRENT freed 305K, 4% free 10155K/10567K, paused 1ms+2ms
07-14 13:03:53.160 15182 15184 D dalvikvm: GC_CONCURRENT freed 302K, 4% free 10285K/10695K, paused 2ms+2ms
07-14 13:03:53.339 15182 15184 D dalvikvm: GC_CONCURRENT freed 483K, 6% free 10232K/10823K, paused 1ms+2ms
07-14 13:03:53.461 15182 15184 D dalvikvm: GC_CONCURRENT freed 322K, 5% free 10307K/10823K, paused 1ms+1ms
07-14 13:03:53.605 15182 15184 D dalvikvm: GC_CONCURRENT freed 361K, 5% free 10405K/10887K, paused 2ms+2ms
07-14 13:03:53.730 15182 15184 D dalvikvm: GC_CONCURRENT freed 357K, 5% free 10490K/10951K, paused 2ms+1ms
07-14 13:03:53.843 15182 15184 D dalvikvm: GC_CONCURRENT freed 340K, 5% free 10571K/11015K, paused 2ms+2ms
07-14 13:03:53.968 15182 15184 D dalvikvm: GC_CONCURRENT freed 377K, 5% free 10662K/11143K, paused 2ms+2ms
07-14 13:03:54.097 15182 15184 D dalvikvm: GC_CONCURRENT freed 402K, 5% free 10757K/11271K, paused 2ms+2ms
07-14 13:03:54.254 15182 15184 D dalvikvm: GC_CONCURRENT freed 411K, 5% free 10899K/11399K, paused 3ms+3ms
07-14 13:03:55.703 15182 15184 D dalvikvm: GC_CONCURRENT freed 374K, 4% free 11130K/11591K, paused 2ms+2ms
07-14 13:03:55.902 15182 15198 D dalvikvm: GC_FOR_ALLOC freed 157K, 6% free 11258K/11911K, paused 26ms
07-14 13:03:56.281 15182 15184 D dalvikvm: GC_CONCURRENT freed 244K, 4% free 11667K/12103K, paused 1ms+3ms
07-14 13:03:57.504 11692 11705 I PhoneLab-: Service Running
07-14 13:03:57.570 11692 11705 I PhoneLab-LoggerService: app_37    1373  1     1440   988   c00f181c 400107b4 S logcat
07-14 13:03:57.570 11692 11705 I PhoneLab-LoggerService: Logcat pid from database 1373
07-14 13:03:57.570 11692 11705 I PhoneLab-LoggerService: Logcat process found 1373
07-14 13:03:57.570 11692 11705 I PhoneLab-LoggerService: Checking Threshold
07-14 13:03:58.425 15182 15184 D dalvikvm: GC_CONCURRENT freed 1218K, 11% free 11291K/12615K, paused 4ms+3ms
07-14 13:04:04.875   144   161 I ActivityManager: Start proc com.facebook.orca for broadcast com.facebook.orca/.analytics.HoneyAnalyticsPeriodicReporter$ReporterBroadcastReceiver: pid=15206 uid=10062 gids={3003, 1015, 1006}
07-14 13:04:04.886 15206 15206 I dalvikvm: Turning on JNI app bug workarounds for target SDK version 10...
07-14 13:04:05.027 15111 15211 I SqliteDatabaseCpp: sqlite returned: error code = 1, msg = no such column: wipeout_stats, db=/data/data/com.google.android.apps.plus/databases/iu.upload.db
07-14 13:04:05.031 15111 15211 W System.err: android.database.sqlite.SQLiteException: no such column: wipeout_stats: , while compiling: SELECT wipeout_stats  FROM account_status
07-14 13:04:05.117 15206 15206 I ActivityThread: Pub com.facebook.orca.notify.MessengerLoggedInUserProvider: com.facebook.orca.notify.MessengerLoggedInUserProvider
07-14 13:04:05.140 15206 15206 I ActivityThread: Pub com.facebook.orca.notify.MessengerForegroundProvider: com.facebook.orca.notify.MessengerForegroundProvider
07-14 13:04:05.148 15206 15206 V orca:OrcaApplication: Forcing initialization of AsyncTask
07-14 13:04:05.179 15111 15211 W System.err: 	at android.database.sqlite.SQLiteCompiledSql.native_compile(Native Method)
07-14 13:04:05.179 15111 15211 W System.err: 	at android.database.sqlite.SQLiteCompiledSql.<init>(SQLiteCompiledSql.java:68)
07-14 13:04:05.179 15111 15211 W System.err: 	at android.database.sqlite.SQLiteProgram.compileSql(SQLiteProgram.java:143)
07-14 13:04:05.179 15111 15211 W System.err: 	at android.database.sqlite.SQLiteProgram.compileAndbindAllArgs(SQLiteProgram.java:361)
07-14 13:04:05.183 15111 15211 W System.err: 	at android.database.sqlite.SQLiteStatement.acquireAndLock(SQLiteStatement.java:260)
07-14 13:04:05.183 15111 15211 W System.err: 	at android.database.sqlite.SQLiteStatement.simpleQueryForLong(SQLiteStatement.java:137)
07-14 13:04:05.187 15111 15211 W System.err: 	at android.database.DatabaseUtils.longForQuery(DatabaseUtils.java:791)
07-14 13:04:05.203 15111 15211 W System.err: 	at android.database.DatabaseUtils.longForQuery(DatabaseUtils.java:779)
07-14 13:04:05.203 15111 15211 W System.err: 	at com.google.android.apps.plus.content.EsAccountsData.isContactsStatsWipeoutNeeded(EsAccountsData.java:641)
07-14 13:04:05.215 15111 15211 W System.err: 	at com.google.android.apps.plus.service.EsService.processIntent(EsService.java:4246)
07-14 13:04:05.218 15111 15211 W System.err: 	at com.google.android.apps.plus.service.ServiceThread$1.run(ServiceThread.java:50)
07-14 13:04:05.218 15111 15211 W System.err: 	at android.os.Handler.handleCallback(Handler.java:605)
07-14 13:04:05.222 15111 15211 W System.err: 	at android.os.Handler.dispatchMessage(Handler.java:92)
07-14 13:04:05.238 15111 15211 W System.err: 	at android.os.Looper.loop(Looper.java:137)
07-14 13:04:05.238 15111 15211 W System.err: 	at com.google.android.apps.plus.service.ServiceThread.run(ServiceThread.java:122)
07-14 13:04:05.304 15206 15208 D dalvikvm: GC_CONCURRENT freed 222K, 4% free 9313K/9607K, paused 2ms+2ms
07-14 13:04:05.304 15206 15206 I Finalizer: Couldn't access Thread.inheritableThreadLocals. Reference finalizer threads will inherit thread local values.
07-14 13:04:05.445 15206 15208 D dalvikvm: GC_CONCURRENT freed 372K, 5% free 9479K/9927K, paused 2ms+2ms
07-14 13:04:05.582 15206 15206 W OrcaGuiceModule: Sig: ijxLJi1yGs1JpL-X1SExmchvork
07-14 13:04:05.672 15206 15208 D dalvikvm: GC_CONCURRENT freed 320K, 5% free 9651K/10055K, paused 2ms+2ms
07-14 13:04:06.265 15206 15224 W Resources: Converting to string: TypedValue{t=0x10/d=0xffffffff a=-1}
07-14 13:04:06.375 15206 15208 D dalvikvm: GC_CONCURRENT freed 309K, 4% free 9866K/10247K, paused 2ms+3ms
07-14 13:04:06.453 15206 15206 D ACRA    : Retrieve application default SharedPreferences.
07-14 13:04:06.453 15206 15206 D ACRA    : Set OnSharedPreferenceChangeListener.
07-14 13:04:06.457 15206 15206 D ACRA    : ACRA is enabled for com.facebook.orca, intializing...
07-14 13:04:06.496 15206 15206 D ACRA    : Looking for error files in /data/data/com.facebook.orca/app_acra-reports
07-14 13:04:06.679 15206 15208 D dalvikvm: GC_CONCURRENT freed 312K, 4% free 10101K/10503K, paused 2ms+18ms
07-14 13:04:06.699   144   147 D dalvikvm: GC_CONCURRENT freed 1959K, 23% free 19036K/24711K, paused 8ms+9ms
07-14 13:04:06.820 15206 15224 D dalvikvm: GC_FOR_ALLOC freed 63K, 5% free 10164K/10631K, paused 129ms
07-14 13:04:06.914 15206 15224 D dalvikvm: GC_FOR_ALLOC freed 197K, 5% free 10185K/10695K, paused 20ms
07-14 13:04:06.968 15206 15224 D dalvikvm: GC_FOR_ALLOC freed 301K, 6% free 10278K/10823K, paused 20ms
07-14 13:04:07.007 15206 15224 D dalvikvm: GC_FOR_ALLOC freed 82K, 5% free 10348K/10823K, paused 26ms
07-14 13:04:07.168 15206 15208 D dalvikvm: GC_CONCURRENT freed 358K, 4% free 10521K/10951K, paused 2ms+3ms
07-14 13:04:07.316 15206 15208 D dalvikvm: GC_CONCURRENT freed 149K, 2% free 10923K/11143K, paused 2ms+3ms
07-14 13:04:07.453 15206 15208 D dalvikvm: GC_CONCURRENT freed 330K, 4% free 11254K/11655K, paused 3ms+3ms
07-14 13:04:09.683 15111 15114 D dalvikvm: GC_CONCURRENT freed 1617K, 12% free 13138K/14919K, paused 2ms+4ms
07-14 13:04:11.738 15111 15220 E dalvikvm: Could not find class 'android.app.Notification$InboxStyle', referenced from method com.google.android.apps.plus.service.AndroidNotification.createDigestNotification
07-14 13:04:11.738 15111 15220 W dalvikvm: VFY: unable to resolve new-instance 41 (Landroid/app/Notification$InboxStyle;) in Lcom/google/android/apps/plus/service/AndroidNotification;
07-14 13:04:11.738 15111 15220 D dalvikvm: VFY: replacing opcode 0x22 at 0x0018
07-14 13:04:11.738 15111 15220 I dalvikvm: Could not find method android.app.Notification$Builder.setPriority, referenced from method com.google.android.apps.plus.service.AndroidNotification.createRichNotification
07-14 13:04:11.738 15111 15220 W dalvikvm: VFY: unable to resolve virtual method 162: Landroid/app/Notification$Builder;.setPriority (I)Landroid/app/Notification$Builder;
07-14 13:04:11.738 15111 15220 D dalvikvm: VFY: replacing opcode 0x6e at 0x00d5
07-14 13:04:11.757 15111 15220 D dalvikvm: DexOpt: unable to opt direct call 0x00a8 at 0x1a in Lcom/google/android/apps/plus/service/AndroidNotification;.createDigestNotification
07-14 13:04:11.757 15111 15220 D dalvikvm: DexOpt: unable to opt direct call 0x0091 at 0xf1 in Lcom/google/android/apps/plus/service/AndroidNotification;.createRichNotification
07-14 13:04:11.761 15111 15220 D dalvikvm: DexOpt: unable to opt direct call 0x0095 at 0x397 in Lcom/google/android/apps/plus/service/AndroidNotification;.createRichNotification
07-14 13:04:11.933   214   214 D dalvikvm: GC_EXPLICIT freed 23K, 55% free 9976K/22023K, paused 8ms+3ms
07-14 13:04:14.250 15111 15114 D dalvikvm: GC_CONCURRENT freed 1257K, 12% free 13134K/14919K, paused 2ms+3ms
07-14 13:04:16.890 15111 15114 D dalvikvm: GC_CONCURRENT freed 1124K, 12% free 13255K/14919K, paused 2ms+3ms
07-14 13:04:17.132   344   344 D SAN_SERVICE: *******************************************
07-14 13:04:17.136   344   344 D SAN_SERVICE: DM App Phone Service State - 0
07-14 13:04:17.136   344   344 D SAN_SERVICE: *******************************************
07-14 13:04:18.789 15111 15114 D dalvikvm: GC_CONCURRENT freed 1107K, 10% free 13434K/14919K, paused 6ms+3ms
07-14 13:04:20.554   144   402 D dalvikvm: GC_EXPLICIT freed 480K, 24% free 18906K/24711K, paused 3ms+7ms
07-14 13:04:21.297 15111 15236 D dalvikvm: GC_EXPLICIT freed 832K, 9% free 13657K/14919K, paused 3ms+4ms
07-14 13:04:21.343 12677 12679 D dalvikvm: GC_CONCURRENT freed 294K, 5% free 9881K/10311K, paused 2ms+4ms
07-14 13:04:21.711 15111 15220 D dalvikvm: GC_FOR_ALLOC freed 703K, 11% free 13704K/15303K, paused 43ms
07-14 13:04:21.715 15111 15220 I dalvikvm-heap: Grow heap (frag case) to 13.786MB for 349597-byte allocation
07-14 13:04:21.750 15111 15220 D dalvikvm: GC_FOR_ALLOC freed 5K, 11% free 14039K/15687K, paused 37ms
07-14 13:04:22.129   344   344 D SAN_SERVICE: *******************************************
07-14 13:04:22.129   344   344 D SAN_SERVICE: DM App Phone Service State - 0
07-14 13:04:22.129   344   344 D SAN_SERVICE: *******************************************
07-14 13:04:22.871 11296 11298 D dalvikvm: GC_CONCURRENT freed 444K, 6% free 10012K/10567K, paused 2ms+2ms
07-14 13:04:23.054 15111 15114 D dalvikvm: GC_CONCURRENT freed 1059K, 8% free 14558K/15751K, paused 2ms+4ms
07-14 13:04:23.449 15111 15118 I dalvikvm: Jit: resizing JitTable from 4096 to 8192
07-14 13:04:25.554 15111 15114 D dalvikvm: GC_CONCURRENT freed 1776K, 12% free 14543K/16455K, paused 2ms+3ms
07-14 13:04:26.957 12677 12679 D dalvikvm: GC_CONCURRENT freed 432K, 6% free 9871K/10439K, paused 10ms+3ms
07-14 13:04:27.523   320   320 D dalvikvm: GC_EXPLICIT freed 309K, 20% free 10160K/12615K, paused 2ms+2ms
07-14 13:04:28.515 15111 15220 I SqliteDatabaseCpp: sqlite returned: error code = 1, msg = no such column: last_stats_sync_time, db=/data/data/com.google.android.apps.plus/databases/iu.upload.db
07-14 13:04:28.535 15111 15220 E EsSyncAdapterService: Sync failure
07-14 13:04:28.535 15111 15220 E EsSyncAdapterService: android.database.sqlite.SQLiteException: no such column: last_stats_sync_time: , while compiling: SELECT last_stats_sync_time  FROM account_status
07-14 13:04:28.535 15111 15220 E EsSyncAdapterService: 	at android.database.sqlite.SQLiteCompiledSql.native_compile(Native Method)
07-14 13:04:28.535 15111 15220 E EsSyncAdapterService: 	at android.database.sqlite.SQLiteCompiledSql.<init>(SQLiteCompiledSql.java:68)
07-14 13:04:28.535 15111 15220 E EsSyncAdapterService: 	at android.database.sqlite.SQLiteProgram.compileSql(SQLiteProgram.java:143)
07-14 13:04:28.535 15111 15220 E EsSyncAdapterService: 	at android.database.sqlite.SQLiteProgram.compileAndbindAllArgs(SQLiteProgram.java:361)
07-14 13:04:28.535 15111 15220 E EsSyncAdapterService: 	at android.database.sqlite.SQLiteStatement.acquireAndLock(SQLiteStatement.java:260)
07-14 13:04:28.535 15111 15220 E EsSyncAdapterService: 	at android.database.sqlite.SQLiteStatement.simpleQueryForLong(SQLiteStatement.java:137)
07-14 13:04:28.535 15111 15220 E EsSyncAdapterService: 	at android.database.DatabaseUtils.longForQuery(DatabaseUtils.java:791)
07-14 13:04:28.535 15111 15220 E EsSyncAdapterService: 	at android.database.DatabaseUtils.longForQuery(DatabaseUtils.java:779)
07-14 13:04:28.535 15111 15220 E EsSyncAdapterService: 	at com.google.android.apps.plus.content.EsAccountsData.queryLastStatsSyncTimestamp(EsAccountsData.java:570)
07-14 13:04:28.535 15111 15220 E EsSyncAdapterService: 	at com.google.android.apps.plus.service.EsSyncAdapterService.syncContactsStatsIfNecessary(EsSyncAdapterService.java:670)
07-14 13:04:28.535 15111 15220 E EsSyncAdapterService: 	at com.google.android.apps.plus.service.EsSyncAdapterService.doFullSync(EsSyncAdapterService.java:633)
07-14 13:04:28.535 15111 15220 E EsSyncAdapterService: 	at com.google.android.apps.plus.service.EsSyncAdapterService.doSync(EsSyncAdapterService.java:566)
07-14 13:04:28.535 15111 15220 E EsSyncAdapterService: 	at com.google.android.apps.plus.service.EsSyncAdapterService.access$100(EsSyncAdapterService.java:52)
07-14 13:04:28.535 15111 15220 E EsSyncAdapterService: 	at com.google.android.apps.plus.service.EsSyncAdapterService$SyncAdapterImpl.onPerformSync(EsSyncAdapterService.java:408)
07-14 13:04:28.535 15111 15220 E EsSyncAdapterService: 	at android.content.AbstractThreadedSyncAdapter$SyncThread.run(AbstractThreadedSyncAdapter.java:247)
07-14 13:04:28.593   144   168 D SyncManager: failed sync operation lokeshmandvekar@gmail.com (com.google), com.google.android.apps.plus.content.EsProvider, SERVER, earliestRunTime 434700231, SyncResult: stats [ numParseExceptions: 1]
07-14 13:04:28.601   144   168 D SyncManager: not retrying sync operation because the error is a hard error: lokeshmandvekar@gmail.com (com.google), com.google.android.apps.plus.content.EsProvider, SERVER, earliestRunTime 434723808
07-14 13:04:35.656 15111 15114 D dalvikvm: GC_CONCURRENT freed 2961K, 19% free 13361K/16455K, paused 2ms+2ms
07-14 13:04:35.746 12677 12726 D dalvikvm: GC_EXPLICIT freed 202K, 7% free 9748K/10439K, paused 1ms+3ms
07-14 13:04:35.996 11780 11782 D dalvikvm: GC_CONCURRENT freed 494K, 6% free 10511K/11143K, paused 7ms+2ms
07-14 13:04:36.117 14667 14670 D dalvikvm: GC_CONCURRENT freed 466K, 6% free 10069K/10695K, paused 2ms+11ms
07-14 13:04:40.730 12677 12679 D dalvikvm: GC_CONCURRENT freed 291K, 6% free 9843K/10439K, paused 2ms+3ms
07-14 13:04:40.988 11296 11298 D dalvikvm: GC_CONCURRENT freed 430K, 6% free 10011K/10567K, paused 1ms+4ms
07-14 13:05:04.425   144 10051 D dalvikvm: GC_EXPLICIT freed 344K, 24% free 18919K/24711K, paused 17ms+8ms
07-14 13:05:35.410   144   156 D AlarmManagerService: Kernel timezone updated to 240 minutes west of GMT
07-14 13:05:36.109 14667 15249 D dalvikvm: GC_FOR_ALLOC freed 351K, 6% free 10059K/10695K, paused 19ms
07-14 13:06:36.074 11780 11782 D dalvikvm: GC_CONCURRENT freed 403K, 6% free 10493K/11143K, paused 1ms+2ms
07-14 13:06:36.683 11780 11800 D dalvikvm: GC_EXPLICIT freed 238K, 6% free 10492K/11143K, paused 2ms+2ms
07-14 13:06:36.804 14667 14670 D dalvikvm: GC_CONCURRENT freed 443K, 6% free 10060K/10695K, paused 6ms+3ms
07-14 13:06:37.105   144   376 D AlarmManagerService: Kernel timezone updated to 240 minutes west of GMT
07-14 13:07:49.308  5517  5517 W GTalkService: [DataMsgMgr] broadcast intent callback: result=CANCELLED forIntent { act=com.google.android.c2dm.intent.RECEIVE cat=[com.google.android.apps.maps] (has extras) }
07-14 13:07:49.340 14920 14922 D dalvikvm: GC_CONCURRENT freed 270K, 4% free 9877K/10247K, paused 5ms+2ms
07-14 13:07:49.355 14920 14929 E SQLiteDatabase: close() was never explicitly called on database '/data/data/com.google.android.apps.maps/databases/webview.db' 
07-14 13:07:49.355 14920 14929 E SQLiteDatabase: android.database.sqlite.DatabaseObjectNotClosedException: Application did not close the cursor or database object that was opened here
07-14 13:07:49.355 14920 14929 E SQLiteDatabase: 	at android.database.sqlite.SQLiteDatabase.<init>(SQLiteDatabase.java:1943)
07-14 13:07:49.355 14920 14929 E SQLiteDatabase: 	at android.database.sqlite.SQLiteDatabase.openDatabase(SQLiteDatabase.java:1007)
07-14 13:07:49.355 14920 14929 E SQLiteDatabase: 	at android.database.sqlite.SQLiteDatabase.openDatabase(SQLiteDatabase.java:986)
07-14 13:07:49.355 14920 14929 E SQLiteDatabase: 	at android.database.sqlite.SQLiteDatabase.openDatabase(SQLiteDatabase.java:962)
07-14 13:07:49.355 14920 14929 E SQLiteDatabase: 	at android.database.sqlite.SQLiteDatabase.openOrCreateDatabase(SQLiteDatabase.java:1043)
07-14 13:07:49.355 14920 14929 E SQLiteDatabase: 	at android.database.sqlite.SQLiteDatabase.openOrCreateDatabase(SQLiteDatabase.java:1036)
07-14 13:07:49.355 14920 14929 E SQLiteDatabase: 	at android.app.ContextImpl.openOrCreateDatabase(ContextImpl.java:761)
07-14 13:07:49.355 14920 14929 E SQLiteDatabase: 	at android.content.ContextWrapper.openOrCreateDatabase(ContextWrapper.java:215)
07-14 13:07:49.355 14920 14929 E SQLiteDatabase: 	at android.webkit.WebViewDatabase.initDatabase(WebViewDatabase.java:223)
07-14 13:07:49.355 14920 14929 E SQLiteDatabase: 	at android.webkit.WebViewDatabase.init(WebViewDatabase.java:209)
07-14 13:07:49.355 14920 14929 E SQLiteDatabase: 	at android.webkit.WebViewDatabase.access$000(WebViewDatabase.java:38)
07-14 13:07:49.355 14920 14929 E SQLiteDatabase: 	at android.webkit.WebViewDatabase$1.run(WebViewDatabase.java:190)
07-14 13:07:54.402 22691 22691 D dalvikvm: GC_EXPLICIT freed 120K, 6% free 9582K/10183K, paused 14ms+2ms
07-14 13:07:58.097 15163 15255 D GetStringObjTask: retrieving from url = http://www.chess.com/api/get_move_status?id=5HHjW9WUGa%2Bcu1LUwnVJPxTIWxmEve4VdkRnRyg7b5Ch69JH2Z5aB%2B7eGuFw8K2uFx47KFsdE3JRdR3Mzv0PkZOj6eZ8N73BvxmEERrzXjMNRo80rkLyJAUTh0iqof4n
07-14 13:07:58.523 15163 15255 D GetStringObjTask: WebRequest SERVER RESPONSE: Success+0
07-14 13:08:36.191 11780 11782 D dalvikvm: GC_CONCURRENT freed 503K, 6% free 10500K/11143K, paused 2ms+2ms
07-14 13:08:36.293 14667 14670 D dalvikvm: GC_CONCURRENT freed 469K, 6% free 10102K/10695K, paused 2ms+3ms
07-14 13:08:58.586 12677 12677 D dalvikvm: GC_EXPLICIT freed 350K, 6% free 9833K/10439K, paused 8ms+3ms
07-14 13:09:02.066 15182 15259 I DatabaseHelper: Begin cleanup.
07-14 13:09:02.316 15182 15259 I DatabaseHelper: Cleaned up: 0
07-14 13:09:02.535 15182 15184 D dalvikvm: GC_CONCURRENT freed 605K, 11% free 11336K/12615K, paused 3ms+4ms
07-14 13:09:12.609   144   168 I ActivityManager: Start proc com.google.android.apps.currents for service com.google.android.apps.currents/com.google.apps.dots.android.app.service.SyncService: pid=15262 uid=10078 gids={3003, 1015}
07-14 13:09:13.078 15262 15262 I ActivityThread: Pub com.google.apps.dots.android.app.provider.SuggestionProvider: com.google.apps.dots.android.app.provider.SuggestionProvider
07-14 13:09:13.090 15262 15262 I ActivityThread: Pub com.google.android.apps.currents.exported: com.google.apps.dots.android.app.provider.ExportedContentProvider
07-14 13:09:13.152 15262 15265 D dalvikvm: GC_CONCURRENT freed 161K, 3% free 9375K/9607K, paused 3ms+2ms
07-14 13:09:13.207 15262 15265 D dalvikvm: GC_CONCURRENT freed 262K, 5% free 9586K/9991K, paused 2ms+2ms
07-14 13:09:13.328 15262 15265 D dalvikvm: GC_CONCURRENT freed 232K, 4% free 9819K/10183K, paused 1ms+3ms
07-14 13:09:13.488 15262 15265 D dalvikvm: GC_CONCURRENT freed 232K, 4% free 10103K/10439K, paused 2ms+2ms
07-14 13:09:13.527 15262 15262 I DotsContentUris: content://com.google.android.apps.currents
07-14 13:09:13.547 15262 15262 I ActivityThread: Pub com.google.android.apps.currents: com.google.apps.dots.android.app.provider.DotsContentProvider
07-14 13:09:13.562 15262 15262 I DotsApplication: Starting up...
