07-15 18:55:09.304  2643  2656 I PhoneLab-LoggerService: app_37    1395  1     1432   1060  c00f181c 400107b4 S logcat
07-15 18:55:09.304  2643  2656 I PhoneLab-LoggerService: Logcat pid from database 1395
07-15 18:55:09.304  2643  2656 I PhoneLab-LoggerService: Logcat process found 1395
07-15 18:55:09.304  2643  2656 I PhoneLab-LoggerService: Checking Threshold
07-15 18:55:09.328  2643  2656 I PhoneLab-LoggerService: Starting to rename files
07-15 18:55:09.328  2643  2656 I PhoneLab-LoggerService: Files found .. 2
07-15 18:55:09.328  2643  2656 I PhoneLab-LoggerService: File 1 log.out.1
07-15 18:55:09.336  2643  2656 I PhoneLab-LoggerService: Renamed successfully
07-15 18:55:10.664  4639  4641 D dalvikvm: GC_CONCURRENT freed 500K, 6% free 10394K/11015K, paused 1ms+2ms
07-15 18:55:10.789  1351  1353 D dalvikvm: GC_CONCURRENT freed 378K, 8% free 10313K/11207K, paused 3ms+3ms
07-15 18:55:10.886  1351  1353 D dalvikvm: GC_CONCURRENT freed 165K, 7% free 10533K/11207K, paused 2ms+2ms
07-15 18:55:19.203   346   346 D SAN_SERVICE: *******************************************
07-15 18:55:19.203   346   346 D SAN_SERVICE: DM App Phone Service State - 0
07-15 18:55:19.203   346   346 D SAN_SERVICE: *******************************************
07-15 18:55:23.078   346   346 D SAN_SERVICE: *******************************************
07-15 18:55:23.078   346   346 D SAN_SERVICE: DM App Phone Service State - 0
07-15 18:55:23.078   346   346 D SAN_SERVICE: *******************************************
07-15 18:55:23.097   346   348 D dalvikvm: GC_CONCURRENT freed 443K, 6% free 9477K/10055K, paused 19ms+3ms
07-15 18:55:32.269  5094  5096 D dalvikvm: GC_CONCURRENT freed 427K, 6% free 10398K/10951K, paused 2ms+9ms
07-15 18:56:09.445   144   317 D dalvikvm: GC_EXPLICIT freed 1379K, 15% free 14861K/17287K, paused 22ms+7ms
07-15 18:56:10.867  1351  1353 D dalvikvm: GC_CONCURRENT freed 714K, 8% free 10331K/11207K, paused 2ms+7ms
07-15 18:56:17.695   346   346 D SAN_SERVICE: *******************************************
07-15 18:56:17.695   346   346 D SAN_SERVICE: DM App Phone Service State - 0
07-15 18:56:17.695   346   346 D SAN_SERVICE: *******************************************
07-15 18:57:09.168  2643  2656 I PhoneLab-: Service Running
07-15 18:57:09.269  2643  2656 I PhoneLab-LoggerService: app_37    1395  1     1432   1064  c00f181c 400107b4 S logcat
07-15 18:57:09.269  2643  2656 I PhoneLab-LoggerService: Logcat pid from database 1395
07-15 18:57:09.269  2643  2656 I PhoneLab-LoggerService: Logcat process found 1395
07-15 18:57:09.269  2643  2656 I PhoneLab-LoggerService: Checking Threshold
07-15 18:57:09.269  2643  2656 I PhoneLab-LoggerService: Starting to rename files
07-15 18:57:09.269  2643  2656 I PhoneLab-LoggerService: Files found .. 2
07-15 18:57:10.871  4639  4641 D dalvikvm: GC_CONCURRENT freed 511K, 6% free 10394K/11015K, paused 2ms+3ms
07-15 18:57:11.027  1351  1353 D dalvikvm: GC_CONCURRENT freed 538K, 9% free 10302K/11207K, paused 3ms+3ms
07-15 18:57:20.105   291   294 D dalvikvm: GC_CONCURRENT freed 368K, 7% free 10466K/11143K, paused 5ms+4ms
07-15 18:57:21.215  5094  5096 D dalvikvm: GC_CONCURRENT freed 397K, 5% free 10474K/10951K, paused 3ms+5ms
07-15 18:57:21.355   291  4396 D dalvikvm: GC_FOR_ALLOC freed 131K, 7% free 10427K/11143K, paused 24ms
07-15 18:57:21.355   291  4396 I dalvikvm-heap: Grow heap (frag case) to 10.291MB for 36880-byte allocation
07-15 18:57:21.379   291  4396 D dalvikvm: GC_FOR_ALLOC freed 17K, 7% free 10446K/11207K, paused 24ms
07-15 18:57:21.570   215   217 D dalvikvm: GC_CONCURRENT freed 391K, 31% free 9823K/14215K, paused 2ms+3ms
07-15 18:57:21.652   215   217 D dalvikvm: GC_CONCURRENT freed 361K, 31% free 9926K/14215K, paused 2ms+2ms
07-15 18:57:21.863   215   217 D dalvikvm: GC_CONCURRENT freed 356K, 30% free 9972K/14215K, paused 3ms+5ms
07-15 18:57:45.593   346   346 D SAN_SERVICE: *******************************************
07-15 18:57:45.593   346   346 D SAN_SERVICE: DM App Phone Service State - 0
07-15 18:57:45.593   346   346 D SAN_SERVICE: *******************************************
07-15 18:57:51.972  5094  5096 D dalvikvm: GC_CONCURRENT freed 419K, 5% free 10480K/11015K, paused 2ms+5ms
07-15 18:58:10.976  4639  4641 D dalvikvm: GC_CONCURRENT freed 489K, 6% free 10403K/11015K, paused 1ms+3ms
07-15 18:58:11.047  1351  1353 D dalvikvm: GC_CONCURRENT freed 398K, 9% free 10305K/11207K, paused 1ms+2ms
07-15 18:58:12.625   291   294 D dalvikvm: GC_CONCURRENT freed 328K, 7% free 10510K/11207K, paused 10ms+4ms
07-15 18:58:12.867  5094  5096 D dalvikvm: GC_CONCURRENT freed 406K, 6% free 10485K/11079K, paused 8ms+5ms
07-15 18:58:20.031  4840  4842 D dalvikvm: GC_CONCURRENT freed 3527K, 36% free 12948K/20039K, paused 12ms+5ms
07-15 18:58:22.570   144   146 D dalvikvm: GC_CONCURRENT freed 1334K, 14% free 14881K/17287K, paused 3ms+7ms
07-15 18:58:26.222   346   346 D SAN_SERVICE: *******************************************
07-15 18:58:26.222   346   346 D SAN_SERVICE: DM App Phone Service State - 0
07-15 18:58:26.222   346   346 D SAN_SERVICE: *******************************************
07-15 18:58:36.461   346   346 D SAN_SERVICE: *******************************************
07-15 18:58:36.461   346   346 D SAN_SERVICE: DM App Phone Service State - 0
07-15 18:58:36.461   346   346 D SAN_SERVICE: *******************************************
07-15 18:58:37.004   346   346 D SAN_SERVICE: *******************************************
07-15 18:58:37.004   346   346 D SAN_SERVICE: DM App Phone Service State - 0
07-15 18:58:37.004   346   346 D SAN_SERVICE: *******************************************
07-15 18:58:39.754  5094  5096 D dalvikvm: GC_CONCURRENT freed 425K, 6% free 10466K/11079K, paused 2ms+5ms
07-15 18:58:40.351  4616  4618 D dalvikvm: GC_CONCURRENT freed 435K, 6% free 9545K/10119K, paused 2ms+3ms
07-15 18:58:45.812   291   294 D dalvikvm: GC_CONCURRENT freed 384K, 7% free 10515K/11207K, paused 20ms+3ms
07-15 18:58:50.785  5094  5096 D dalvikvm: GC_CONCURRENT freed 436K, 6% free 10468K/11079K, paused 2ms+7ms
07-15 18:59:00.109  5094  5140 D dalvikvm: GC_EXPLICIT freed 173K, 6% free 10415K/11079K, paused 6ms+4ms
07-15 18:59:00.425   346   346 D SAN_SERVICE: *******************************************
07-15 18:59:00.425   346   346 D SAN_SERVICE: DM App Phone Service State - 0
07-15 18:59:00.429   346   346 D SAN_SERVICE: *******************************************
07-15 18:59:01.211   346   346 D SAN_SERVICE: *******************************************
07-15 18:59:01.211   346   346 D SAN_SERVICE: DM App Phone Service State - 0
07-15 18:59:01.211   346   346 D SAN_SERVICE: *******************************************
07-15 18:59:09.168  2643  2656 I PhoneLab-: Service Running
07-15 18:59:09.250  2643  2656 I PhoneLab-LoggerService: app_37    1395  1     1432   1064  c00f181c 400107b4 S logcat
07-15 18:59:09.254  2643  2656 I PhoneLab-LoggerService: Logcat pid from database 1395
07-15 18:59:09.254  2643  2656 I PhoneLab-LoggerService: Logcat process found 1395
07-15 18:59:09.254  2643  2656 I PhoneLab-LoggerService: Checking Threshold
07-15 18:59:09.254  2643  2656 I PhoneLab-LoggerService: Starting to rename files
07-15 18:59:09.254  2643  2656 I PhoneLab-LoggerService: Files found .. 2
07-15 18:59:13.855   144   388 D dalvikvm: GC_EXPLICIT freed 256K, 15% free 14843K/17287K, paused 29ms+5ms
07-15 18:59:24.109   291  4394 D dalvikvm: GC_FOR_ALLOC freed 339K, 7% free 10494K/11207K, paused 104ms
07-15 18:59:24.379   144   169 I ActivityManager: Start proc com.google.android.apps.currents for service com.google.android.apps.currents/com.google.apps.dots.android.app.service.SyncService: pid=5253 uid=10078 gids={3003, 1015}
07-15 18:59:26.859  5253  5253 I ActivityThread: Pub com.google.apps.dots.android.app.provider.SuggestionProvider: com.google.apps.dots.android.app.provider.SuggestionProvider
07-15 18:59:26.882  5253  5253 I ActivityThread: Pub com.google.android.apps.currents.exported: com.google.apps.dots.android.app.provider.ExportedContentProvider
07-15 18:59:27.039  5253  5255 D dalvikvm: GC_CONCURRENT freed 160K, 3% free 9371K/9607K, paused 49ms+2ms
07-15 18:59:27.195  5253  5255 D dalvikvm: GC_CONCURRENT freed 322K, 5% free 9518K/9991K, paused 7ms+3ms
07-15 18:59:27.320  5253  5255 D dalvikvm: GC_CONCURRENT freed 175K, 3% free 9861K/10119K, paused 2ms+2ms
07-15 18:59:27.511  5253  5255 D dalvikvm: GC_CONCURRENT freed 250K, 4% free 10156K/10503K, paused 3ms+3ms
07-15 18:59:27.531  5253  5253 I DotsContentUris: content://com.google.android.apps.currents
07-15 18:59:27.550  5253  5253 I ActivityThread: Pub com.google.android.apps.currents: com.google.apps.dots.android.app.provider.DotsContentProvider
07-15 18:59:27.562  5253  5253 I DotsApplication: Starting up...
07-15 18:59:27.988  5253  5255 D dalvikvm: GC_CONCURRENT freed 434K, 5% free 10164K/10695K, paused 3ms+9ms
07-15 18:59:28.187  5253  5255 D dalvikvm: GC_CONCURRENT freed 270K, 4% free 10318K/10695K, paused 2ms+3ms
07-15 18:59:28.203  5253  5275 I SyncService: Starting sync (18:59:28)
07-15 18:59:30.144  5253  5255 D dalvikvm: GC_CONCURRENT freed 279K, 4% free 10470K/10887K, paused 2ms+2ms
07-15 18:59:30.398  5253  5255 D dalvikvm: GC_CONCURRENT freed 218K, 4% free 10661K/11015K, paused 2ms+6ms
07-15 18:59:30.527  5253  5255 D dalvikvm: GC_CONCURRENT freed 446K, 6% free 10717K/11335K, paused 3ms+2ms
07-15 18:59:30.781  5253  5255 D dalvikvm: GC_CONCURRENT freed 507K, 6% free 10690K/11335K, paused 2ms+3ms
07-15 18:59:30.820   144   156 D SyncManager: setSyncAutomatically: , provider com.google.android.apps.currents -> true
07-15 18:59:30.820   144   156 D SyncManager: setSyncAutomatically: already set to true, doing nothing
07-15 18:59:31.015  5253  5255 D dalvikvm: GC_CONCURRENT freed 251K, 5% free 10876K/11335K, paused 2ms+2ms
07-15 18:59:31.183  5253  5255 D dalvikvm: GC_CONCURRENT freed 256K, 4% free 11134K/11527K, paused 2ms+3ms
07-15 18:59:31.398  5253  5255 D dalvikvm: GC_CONCURRENT freed 266K, 4% free 11506K/11911K, paused 2ms+3ms
07-15 18:59:31.742  5253  5255 D dalvikvm: GC_CONCURRENT freed 1074K, 10% free 11147K/12359K, paused 3ms+4ms
07-15 18:59:31.910   144   144 D dalvikvm: GC_EXPLICIT freed 199K, 15% free 14848K/17287K, paused 3ms+7ms
07-15 18:59:32.304  5253  5255 D dalvikvm: GC_CONCURRENT freed 446K, 9% free 11284K/12359K, paused 2ms+3ms
07-15 18:59:32.578  5253  5255 D dalvikvm: GC_CONCURRENT freed 592K, 9% free 11319K/12359K, paused 4ms+3ms
07-15 18:59:33.332  5253  5255 D dalvikvm: GC_CONCURRENT freed 624K, 9% free 11334K/12359K, paused 2ms+2ms
07-15 18:59:33.496  5253  5255 D dalvikvm: GC_CONCURRENT freed 638K, 9% free 11348K/12359K, paused 3ms+3ms
07-15 18:59:33.875  5253  5255 D dalvikvm: GC_CONCURRENT freed 633K, 9% free 11364K/12359K, paused 4ms+3ms
07-15 18:59:34.933  5253  5255 D dalvikvm: GC_CONCURRENT freed 679K, 9% free 11350K/12359K, paused 2ms+2ms
07-15 18:59:35.097  5253  5255 D dalvikvm: GC_CONCURRENT freed 635K, 9% free 11365K/12359K, paused 2ms+2ms
07-15 18:59:35.261  5253  5255 D dalvikvm: GC_CONCURRENT freed 640K, 8% free 11381K/12359K, paused 3ms+2ms
07-15 18:59:35.750  5253  5255 D dalvikvm: GC_CONCURRENT freed 618K, 8% free 11422K/12359K, paused 1ms+2ms
07-15 18:59:36.976  5253  5255 D dalvikvm: GC_CONCURRENT freed 764K, 9% free 11336K/12359K, paused 2ms+2ms
07-15 18:59:37.656  5253  5255 D dalvikvm: GC_CONCURRENT freed 644K, 9% free 11346K/12359K, paused 2ms+2ms
07-15 18:59:38.312  5253  5255 D dalvikvm: GC_CONCURRENT freed 648K, 9% free 11347K/12359K, paused 2ms+2ms
07-15 18:59:39.718  5253  5255 D dalvikvm: GC_CONCURRENT freed 646K, 9% free 11354K/12359K, paused 2ms+3ms
07-15 18:59:39.875  5253  5255 D dalvikvm: GC_CONCURRENT freed 604K, 8% free 11403K/12359K, paused 2ms+3ms
07-15 18:59:40.582  5253  5255 D dalvikvm: GC_CONCURRENT freed 692K, 8% free 11379K/12359K, paused 2ms+2ms
07-15 18:59:40.707  5253  5255 D dalvikvm: GC_CONCURRENT freed 632K, 8% free 11410K/12359K, paused 2ms+2ms
07-15 18:59:41.246  5253  5255 D dalvikvm: GC_CONCURRENT freed 684K, 8% free 11397K/12359K, paused 2ms+3ms
07-15 18:59:41.410  5253  5255 D dalvikvm: GC_CONCURRENT freed 650K, 8% free 11412K/12359K, paused 2ms+3ms
07-15 18:59:41.570  5253  5255 D dalvikvm: GC_CONCURRENT freed 643K, 8% free 11441K/12359K, paused 2ms+3ms
07-15 18:59:42.422  5253  5255 D dalvikvm: GC_CONCURRENT freed 734K, 8% free 11389K/12359K, paused 1ms+2ms
07-15 18:59:42.726  5253  5255 D dalvikvm: GC_CONCURRENT freed 635K, 8% free 11415K/12359K, paused 2ms+2ms
07-15 18:59:43.547  5253  5255 D dalvikvm: GC_CONCURRENT freed 651K, 8% free 11437K/12359K, paused 2ms+2ms
07-15 18:59:43.707  5253  5255 D dalvikvm: GC_CONCURRENT freed 658K, 8% free 11459K/12359K, paused 2ms+3ms
07-15 18:59:43.867  5253  5255 D dalvikvm: GC_CONCURRENT freed 663K, 8% free 11485K/12359K, paused 2ms+2ms
07-15 18:59:45.472  5253  5255 D dalvikvm: GC_CONCURRENT freed 795K, 8% free 11426K/12359K, paused 2ms+3ms
07-15 18:59:45.808  5253  5255 D dalvikvm: GC_CONCURRENT freed 610K, 8% free 11491K/12359K, paused 2ms+3ms
07-15 18:59:46.722  5253  5255 D dalvikvm: GC_CONCURRENT freed 748K, 8% free 11472K/12359K, paused 2ms+3ms
07-15 18:59:46.882  5253  5255 D dalvikvm: GC_CONCURRENT freed 708K, 7% free 11516K/12359K, paused 2ms+3ms
07-15 18:59:47.140  5253  5277 D dalvikvm: GC_EXPLICIT freed 483K, 7% free 11611K/12359K, paused 6ms+3ms
07-15 18:59:48.535  5253  5255 D dalvikvm: GC_CONCURRENT freed 966K, 9% free 11455K/12551K, paused 1ms+2ms
07-15 18:59:48.824   144   388 D dalvikvm: GC_EXPLICIT freed 562K, 15% free 14846K/17287K, paused 3ms+5ms
07-15 18:59:48.922  5253  5255 D dalvikvm: GC_CONCURRENT freed 624K, 9% free 11517K/12551K, paused 2ms+4ms
07-15 18:59:51.164  5253  5255 D dalvikvm: GC_CONCURRENT freed 753K, 9% free 11473K/12551K, paused 2ms+3ms
07-15 18:59:52.687  5253  5255 D dalvikvm: GC_CONCURRENT freed 729K, 9% free 11435K/12551K, paused 2ms+3ms
07-15 18:59:52.855  5253  5255 D dalvikvm: GC_CONCURRENT freed 590K, 9% free 11530K/12551K, paused 2ms+3ms
07-15 18:59:53.515  5253  5255 D dalvikvm: GC_CONCURRENT freed 849K, 10% free 11392K/12551K, paused 3ms+3ms
07-15 18:59:53.765  5253  5255 D dalvikvm: GC_CONCURRENT freed 663K, 10% free 11394K/12551K, paused 5ms+3ms
07-15 18:59:53.961  5253  5255 D dalvikvm: GC_CONCURRENT freed 561K, 8% free 11556K/12551K, paused 2ms+3ms
07-15 18:59:54.105  5253  5255 D dalvikvm: GC_CONCURRENT freed 516K, 7% free 11759K/12551K, paused 2ms+3ms
07-15 18:59:54.281  5253  5255 D dalvikvm: GC_CONCURRENT freed 773K, 8% free 11832K/12743K, paused 2ms+3ms
07-15 18:59:54.476  5253  5255 D dalvikvm: GC_CONCURRENT freed 1388K, 12% free 11287K/12807K, paused 4ms+3ms
07-15 18:59:54.590  5253  5255 D dalvikvm: GC_CONCURRENT freed 521K, 11% free 11399K/12807K, paused 5ms+3ms
07-15 18:59:55.871  5253  5275 I SyncService: sync service finished (18:59:55)
07-15 18:59:56.429  2643  2643 I PhoneLab-Locks: wake lock acquired
07-15 18:59:56.562  2643  5280 I PhoneLab-PeriodicCheckService: User info is synched
07-15 18:59:56.574  2643  5280 I PhoneLab-PeriodicCheckService: Logger Service is running
07-15 18:59:56.578  2643  5280 I PhoneLab-Locks: wake lock acquired
07-15 18:59:56.582  2643  2643 I PhoneLab-Locks: wake lock acquired
07-15 18:59:56.586  2643  2643 I PhoneLab-StatusMonitor: Status Monitoring is started
07-15 18:59:56.586  2643  5280 I PhoneLab-PeriodicCheckService: Rescheduling periodic checking...
07-15 18:59:56.590  2643  5280 I PhoneLab-Locks: wake lock released
07-15 18:59:56.640  2643  2643 E PhoneLab-PhoneLabManifest: java.io.FileNotFoundException: /data/data/edu.buffalo.cse.phonelab.phonelabservices/files/manifest.xml: open failed: ENOENT (No such file or directory)
07-15 18:59:56.660  2643  2643 I PhoneLab-Locks: wake lock released
07-15 18:59:56.660  2643  2643 I PhoneLab-UploadLogs: Transfering log files now
07-15 18:59:56.824  2643  2645 D dalvikvm: GC_CONCURRENT freed 396K, 14% free 9252K/10695K, paused 2ms+2ms
07-15 18:59:56.855  2643  2643 D dalvikvm: GC_FOR_ALLOC freed 301K, 12% free 9420K/10695K, paused 14ms
07-15 18:59:56.879  2643  2643 I PhoneLab-UploadLogs: OnStartCommand
07-15 18:59:56.898  2643  2645 D dalvikvm: GC_CONCURRENT freed 294K, 10% free 9637K/10695K, paused 2ms+7ms
07-15 18:59:57.175  2643  5282 D dalvikvm: GC_FOR_ALLOC freed 311K, 10% free 9652K/10695K, paused 73ms
07-15 18:59:57.187  2643  5282 D dalvikvm: GC_FOR_ALLOC freed 301K, 10% free 9653K/10695K, paused 13ms
07-15 18:59:57.203  2643  5282 D dalvikvm: GC_FOR_ALLOC freed 301K, 10% free 9654K/10695K, paused 13ms
07-15 18:59:57.898   144   378 I ActivityManager: Process com.google.android.apps.googlevoice (pid 4601) has died.
07-15 18:59:57.910   144   378 W ActivityManager: Scheduling restart of crashed service com.google.android.apps.googlevoice/.CallLogService in 5000ms
07-15 18:59:59.863  2643  2643 I PhoneLab-: 1342392909329.log is deleted
07-15 18:59:59.867  2643  2643 I PhoneLab-: Response: {"data": "done", "err": ""}
07-15 18:59:59.882  2643  2643 I PhoneLab-UploadLogs: No log files to transfer
07-15 18:59:59.882  2643  2643 I PhoneLab-Locks: wake lock released
07-15 19:00:02.093   346   346 D SAN_SERVICE: *******************************************
07-15 19:00:02.093   346   346 D SAN_SERVICE: DM App Phone Service State - 0
07-15 19:00:02.093   346   346 D SAN_SERVICE: *******************************************
07-15 19:00:02.140   346   346 D SAN_SERVICE: *******************************************
07-15 19:00:02.140   346   346 D SAN_SERVICE: DM App Phone Service State - 0
07-15 19:00:02.140   346   346 D SAN_SERVICE: *******************************************
07-15 19:00:03.011   144   161 I ActivityManager: Start proc com.google.android.apps.googlevoice for service com.google.android.apps.googlevoice/.CallLogService: pid=5283 uid=10054 gids={3003, 1015}
07-15 19:00:03.754  5283  5284 D dalvikvm: GC_CONCURRENT freed 272K, 4% free 9259K/9607K, paused 34ms+2ms
07-15 19:00:04.285   291   306 D dalvikvm: GC_EXPLICIT freed 143K, 7% free 10451K/11207K, paused 11ms+3ms
07-15 19:00:11.070  4639  4641 D dalvikvm: GC_CONCURRENT freed 505K, 6% free 10409K/11015K, paused 2ms+3ms
07-15 19:00:11.234  1351  1353 D dalvikvm: GC_CONCURRENT freed 494K, 8% free 10317K/11207K, paused 7ms+3ms
07-15 19:00:38.136  5094  5096 D dalvikvm: GC_CONCURRENT freed 374K, 6% free 10477K/11079K, paused 12ms+5ms
07-15 19:00:58.175   346   346 D SAN_SERVICE: *******************************************
07-15 19:00:58.175   346   346 D SAN_SERVICE: DM App Phone Service State - 0
07-15 19:00:58.175   346   346 D SAN_SERVICE: *******************************************
07-15 19:00:58.734   346   346 D SAN_SERVICE: *******************************************
07-15 19:00:58.734   346   346 D SAN_SERVICE: DM App Phone Service State - 0
07-15 19:00:58.734   346   346 D SAN_SERVICE: *******************************************
07-15 19:00:59.929  5094  5096 D dalvikvm: GC_CONCURRENT freed 408K, 6% free 10474K/11079K, paused 2ms+5ms
07-15 19:01:04.949   346   346 D SAN_SERVICE: *******************************************
07-15 19:01:04.949   346   346 D SAN_SERVICE: DM App Phone Service State - 0
07-15 19:01:04.949   346   346 D SAN_SERVICE: *******************************************
07-15 19:01:09.175  2643  2656 I PhoneLab-: Service Running
07-15 19:01:09.293  2643  2656 I PhoneLab-LoggerService: app_37    1395  1     1432   992   c00f181c 400107b4 S logcat
07-15 19:01:09.293  2643  2656 I PhoneLab-LoggerService: Logcat pid from database 1395
07-15 19:01:09.293  2643  2656 I PhoneLab-LoggerService: Logcat process found 1395
07-15 19:01:09.293  2643  2656 I PhoneLab-LoggerService: Checking Threshold
07-15 19:01:10.859   291  1313 I EventLogService: Aggregate from 1342391470738 (log), 1342391470738 (data)
07-15 19:01:11.195  1351  1351 D dalvikvm: GC_EXPLICIT freed 291K, 9% free 10263K/11207K, paused 2ms+2ms
07-15 19:01:28.465   291   294 D dalvikvm: GC_CONCURRENT freed 336K, 7% free 10499K/11207K, paused 36ms+3ms
07-15 19:02:03.890  5094  5096 D dalvikvm: GC_CONCURRENT freed 412K, 6% free 10475K/11079K, paused 2ms+5ms
07-15 19:02:11.222  4639  4641 D dalvikvm: GC_CONCURRENT freed 510K, 6% free 10411K/11015K, paused 1ms+2ms
07-15 19:02:11.316  1351  1353 D dalvikvm: GC_CONCURRENT freed 456K, 9% free 10305K/11207K, paused 2ms+2ms
07-15 19:02:15.004   291   294 D dalvikvm: GC_CONCURRENT freed 368K, 7% free 10529K/11207K, paused 22ms+7ms
07-15 19:02:15.734  5094  5096 D dalvikvm: GC_CONCURRENT freed 424K, 6% free 10459K/11079K, paused 1ms+4ms
07-15 19:02:19.027   144   388 D dalvikvm: GC_EXPLICIT freed 616K, 14% free 14891K/17287K, paused 20ms+7ms
07-15 19:02:23.203  5094  5096 D dalvikvm: GC_CONCURRENT freed 436K, 6% free 10457K/11079K, paused 2ms+10ms
07-15 19:03:09.168  2643  2656 I PhoneLab-: Service Running
07-15 19:03:09.261  2643  2645 D dalvikvm: GC_CONCURRENT freed 898K, 15% free 9168K/10695K, paused 9ms+1ms
07-15 19:03:09.265  2643  2656 I PhoneLab-LoggerService: app_37    1395  1     1432   992   c00f181c 400107b4 S logcat
07-15 19:03:09.265  2643  2656 I PhoneLab-LoggerService: Logcat pid from database 1395
07-15 19:03:09.265  2643  2656 I PhoneLab-LoggerService: Logcat process found 1395
07-15 19:03:09.265  2643  2656 I PhoneLab-LoggerService: Checking Threshold
07-15 19:03:11.265   291   294 D dalvikvm: GC_CONCURRENT freed 408K, 7% free 10507K/11207K, paused 3ms+4ms
07-15 19:03:11.363  1351  1353 D dalvikvm: GC_CONCURRENT freed 452K, 8% free 10364K/11207K, paused 2ms+3ms
07-15 19:03:11.621  1351  1353 D dalvikvm: GC_CONCURRENT freed 501K, 9% free 10282K/11207K, paused 8ms+9ms
07-15 19:03:24.558  4840  4842 D dalvikvm: GC_CONCURRENT freed 1123K, 35% free 13027K/20039K, paused 10ms+4ms
07-15 19:03:46.226  5094  5096 D dalvikvm: GC_CONCURRENT freed 416K, 6% free 10473K/11079K, paused 2ms+4ms
07-15 19:04:11.371  4639  4641 D dalvikvm: GC_CONCURRENT freed 508K, 6% free 10415K/11015K, paused 2ms+3ms
07-15 19:04:11.484  1351  1353 D dalvikvm: GC_CONCURRENT freed 463K, 8% free 10331K/11207K, paused 2ms+3ms
07-15 19:05:09.168  2643  2656 I PhoneLab-: Service Running
07-15 19:05:09.261  2643  2656 I PhoneLab-LoggerService: app_37    1395  1     1432   992   c00f181c 400107b4 S logcat
07-15 19:05:09.265  2643  2656 I PhoneLab-LoggerService: Logcat pid from database 1395
07-15 19:05:09.265  2643  2656 I PhoneLab-LoggerService: Logcat process found 1395
07-15 19:05:09.265  2643  2656 I PhoneLab-LoggerService: Checking Threshold
07-15 19:05:11.472  1351  1353 D dalvikvm: GC_CONCURRENT freed 483K, 8% free 10319K/11207K, paused 2ms+3ms
07-15 19:05:49.742  5094  5096 D dalvikvm: GC_CONCURRENT freed 408K, 6% free 10474K/11079K, paused 205ms+4ms
07-15 19:06:11.468  4639  4641 D dalvikvm: GC_CONCURRENT freed 476K, 6% free 10450K/11015K, paused 6ms+3ms
07-15 19:07:09.172  2643  2656 I PhoneLab-: Service Running
07-15 19:07:09.246  2643  2656 I PhoneLab-LoggerService: app_37    1395  1     1432   992   c00f181c 400107b4 S logcat
07-15 19:07:09.246  2643  2656 I PhoneLab-LoggerService: Logcat pid from database 1395
07-15 19:07:09.246  2643  2656 I PhoneLab-LoggerService: Logcat process found 1395
07-15 19:07:09.246  2643  2656 I PhoneLab-LoggerService: Checking Threshold
07-15 19:07:11.597  1351  1353 D dalvikvm: GC_CONCURRENT freed 512K, 9% free 10306K/11207K, paused 2ms+8ms
07-15 19:07:11.824  4639  4641 D dalvikvm: GC_CONCURRENT freed 550K, 6% free 10440K/11079K, paused 10ms+7ms
07-15 19:07:34.359   291   294 D dalvikvm: GC_CONCURRENT freed 370K, 7% free 10531K/11207K, paused 6ms+6ms
07-15 19:07:34.406  5094  5094 D vclib:CallStateClient: stopListening
07-15 19:07:34.535  5094  5096 D dalvikvm: GC_CONCURRENT freed 433K, 6% free 10426K/11079K, paused 15ms+4ms
07-15 19:07:36.386   321   322 D dalvikvm: GC_CONCURRENT freed 401K, 16% free 10114K/11911K, paused 2ms+3ms
07-15 19:07:36.410   321   321 D dalvikvm: GC_FOR_ALLOC freed 77K, 16% free 10037K/11911K, paused 24ms
07-15 19:07:36.410   321   321 I dalvikvm-heap: Grow heap (frag case) to 10.715MB for 885136-byte allocation
07-15 19:07:36.437   321   321 D dalvikvm: GC_FOR_ALLOC freed <1K, 9% free 10901K/11911K, paused 24ms
07-15 19:07:36.617   144   390 I ActivityManager: Process com.google.android.apps.maps:NetworkLocationService (pid 4639) has died.
07-15 19:07:36.617   144   390 W ActivityManager: Scheduling restart of crashed service com.google.android.apps.maps/com.google.android.location.internal.server.NetworkLocationService in 5000ms
07-15 19:07:36.687   215   217 D dalvikvm: GC_CONCURRENT freed 397K, 30% free 9972K/14215K, paused 4ms+9ms
07-15 19:07:36.800   215   217 D dalvikvm: GC_CONCURRENT freed 351K, 29% free 10093K/14215K, paused 3ms+3ms
07-15 19:07:37.816   346   346 D SAN_SERVICE: *******************************************
07-15 19:07:37.816   346   346 D SAN_SERVICE: DM App Phone Service State - 0
07-15 19:07:37.816   346   346 D SAN_SERVICE: *******************************************
07-15 19:07:38.015   346   346 D SAN_SERVICE: *******************************************
07-15 19:07:38.015   346   346 D SAN_SERVICE: DM App Phone Service State - 0
07-15 19:07:38.015   346   346 D SAN_SERVICE: *******************************************
07-15 19:07:41.711   144   161 I ActivityManager: Start proc com.google.android.apps.maps:NetworkLocationService for service com.google.android.apps.maps/com.google.android.location.internal.server.NetworkLocationService: pid=5374 uid=10056 gids={3003, 1015}
07-15 19:07:41.769   144   342 I ActivityManager: Process com.android.sprintmenu (pid 4585) has died.
07-15 19:07:41.769   144   342 W ActivityManager: Scheduling restart of crashed service com.android.sprintmenu/.HiddenPhoneService in 5000ms
07-15 19:07:41.933  5374  5377 D dalvikvm: GC_CONCURRENT freed 161K, 3% free 9371K/9607K, paused 6ms+3ms
07-15 19:07:42.531  5374  5377 D dalvikvm: GC_CONCURRENT freed 163K, 3% free 9697K/9991K, paused 3ms+2ms
07-15 19:07:42.570   291   427 D dalvikvm: GC_EXPLICIT freed 94K, 7% free 10452K/11207K, paused 2ms+3ms
07-15 19:07:42.660   144   390 D dalvikvm: GC_EXPLICIT freed 920K, 14% free 14939K/17287K, paused 3ms+7ms
07-15 19:07:42.937  5374  5377 D dalvikvm: GC_CONCURRENT freed 168K, 3% free 10066K/10311K, paused 3ms+3ms
07-15 19:07:43.125  5374  5377 D dalvikvm: GC_CONCURRENT freed 662K, 8% free 9882K/10631K, paused 2ms+2ms
07-15 19:07:43.359  1351  1353 D dalvikvm: GC_CONCURRENT freed 438K, 8% free 10331K/11207K, paused 4ms+14ms
07-15 19:07:43.465  5374  5381 I dalvikvm: Total arena pages for JIT: 11
07-15 19:07:43.465  5374  5381 I dalvikvm: Total arena pages for JIT: 12
07-15 19:07:43.465  5374  5381 I dalvikvm: Total arena pages for JIT: 13
07-15 19:07:43.468  5374  5381 I dalvikvm: Total arena pages for JIT: 14
07-15 19:07:43.468  5374  5381 I dalvikvm: Total arena pages for JIT: 15
07-15 19:07:43.468  5374  5381 I dalvikvm: Total arena pages for JIT: 16
07-15 19:07:43.468  5374  5381 I dalvikvm: Total arena pages for JIT: 17
07-15 19:07:43.617  5374  5377 D dalvikvm: GC_CONCURRENT freed 202K, 5% free 10165K/10631K, paused 2ms+3ms
07-15 19:07:43.656  5374  5381 I dalvikvm: Total arena pages for JIT: 18
07-15 19:07:44.847   144   342 I ActivityManager: Process com.google.android.apps.plus (pid 1203) has died.
07-15 19:07:44.992  5374  5377 D dalvikvm: GC_CONCURRENT freed 387K, 5% free 10207K/10695K, paused 2ms+2ms
07-15 19:07:45.160  1351  1353 D dalvikvm: GC_CONCURRENT freed 414K, 9% free 10307K/11207K, paused 2ms+2ms
07-15 19:07:46.843   144   161 I ActivityManager: Start proc com.android.sprintmenu for service com.android.sprintmenu/.HiddenPhoneService: pid=5397 uid=1001 gids={3002, 3001, 3003, 1015}
07-15 19:07:49.949   144   155 D AlarmManagerService: Kernel timezone updated to 240 minutes west of GMT
07-15 19:07:49.949   346   346 D SystemClock: Setting time of day to sec=1342393670
07-15 19:07:50.086   144   161 I ActivityManager: Start proc com.android.calendar for broadcast com.android.calendar/.widget.CalendarAppWidgetService$CalendarFactory: pid=5413 uid=10005 gids={3003}
07-15 19:07:50.160   215   217 D dalvikvm: GC_CONCURRENT freed 354K, 29% free 10131K/14215K, paused 6ms+6ms
07-15 19:07:50.207  5413  5413 I ActivityThread: Pub com.android.calendar.CalendarRecentSuggestionsProvider: com.android.calendar.CalendarRecentSuggestionsProvider
07-15 19:07:50.317   144   155 I ActivityManager: Start proc com.android.deskclock for broadcast com.android.deskclock/.AlarmInitReceiver: pid=5429 uid=10011 gids={}
07-15 19:07:50.356   144   144 I ActivityManager: Start proc com.android.providers.calendar for content provider com.android.providers.calendar/.CalendarProvider2: pid=5441 uid=10006 gids={3003, 1015}
07-15 19:07:50.399  5429  5429 I ActivityThread: Pub com.android.deskclock: com.android.deskclock.AlarmProvider
07-15 19:07:50.445  5441  5441 I ActivityThread: Pub com.android.calendar: com.android.providers.calendar.CalendarProvider2
07-15 19:07:50.504  5429  5455 V AlarmClock: AlarmInitReceiver finished
07-15 19:07:51.578  5441  5441 I CalendarProvider2: Sending notification intent: Intent { act=android.intent.action.PROVIDER_CHANGED dat=content://com.android.calendar }
07-15 19:07:51.582  5441  5441 W ContentResolver: Failed to get type for: content://com.android.calendar (Unknown URL content://com.android.calendar)
07-15 19:07:53.543   321   321 D dalvikvm: GC_FOR_ALLOC freed 132K, 8% free 10989K/11911K, paused 18ms
07-15 19:07:53.547   321   321 I dalvikvm-heap: Grow heap (frag case) to 11.149MB for 364816-byte allocation
07-15 19:07:53.563   321   321 D dalvikvm: GC_FOR_ALLOC freed 1K, 8% free 11343K/12295K, paused 16ms
07-15 19:07:56.133   321   321 D dalvikvm: GC_FOR_ALLOC freed 361K, 11% free 10984K/12295K, paused 72ms
07-15 19:08:01.723   346   346 D SAN_SERVICE: *******************************************
07-15 19:08:01.723   346   346 D SAN_SERVICE: DM App Phone Service State - 0
07-15 19:08:01.723   346   346 D SAN_SERVICE: *******************************************
07-15 19:08:02.031   346   346 D SAN_SERVICE: *******************************************
07-15 19:08:02.031   346   346 D SAN_SERVICE: DM App Phone Service State - 0
07-15 19:08:02.031   346   346 D SAN_SERVICE: *******************************************
07-15 19:08:06.051  5094  5101 D dalvikvm: null clazz in OP_INSTANCE_OF, single-stepping
07-15 19:08:08.598   346   346 D SAN_SERVICE: *******************************************
07-15 19:08:08.598   346   346 D SAN_SERVICE: DM App Phone Service State - 0
07-15 19:08:08.598   346   346 D SAN_SERVICE: *******************************************
07-15 19:08:08.848   346   346 D SAN_SERVICE: *******************************************
07-15 19:08:08.848   346   346 D SAN_SERVICE: DM App Phone Service State - 0
07-15 19:08:08.852   346   346 D SAN_SERVICE: *******************************************
07-15 19:08:18.738   321   322 D dalvikvm: GC_CONCURRENT freed 508K, 10% free 11094K/12295K, paused 2ms+3ms
07-15 19:08:18.856   346   346 D SAN_SERVICE: *******************************************
07-15 19:08:18.856   346   346 D SAN_SERVICE: DM App Phone Service State - 0
07-15 19:08:18.856   346   346 D SAN_SERVICE: *******************************************
07-15 19:08:19.609   346   346 D SAN_SERVICE: *******************************************
07-15 19:08:19.609   346   346 D SAN_SERVICE: DM App Phone Service State - 0
07-15 19:08:19.609   346   346 D SAN_SERVICE: *******************************************
07-15 19:08:20.133   346   346 D SAN_SERVICE: *******************************************
07-15 19:08:20.133   346   346 D SAN_SERVICE: DM App Phone Service State - 0
07-15 19:08:20.133   346   346 D SAN_SERVICE: *******************************************
07-15 19:08:20.645   346   346 D SAN_SERVICE: *******************************************
07-15 19:08:20.645   346   346 D SAN_SERVICE: DM App Phone Service State - 0
07-15 19:08:20.645   346   346 D SAN_SERVICE: *******************************************
07-15 19:08:20.871   346   346 D SAN_SERVICE: *******************************************
07-15 19:08:20.871   346   346 D SAN_SERVICE: DM App Phone Service State - 0
07-15 19:08:20.871   346   346 D SAN_SERVICE: *******************************************
07-15 19:08:20.926   346   348 D dalvikvm: GC_CONCURRENT freed 456K, 6% free 9460K/10055K, paused 5ms+2ms
07-15 19:08:21.590   346   346 D SAN_SERVICE: *******************************************
07-15 19:08:21.590   346   346 D SAN_SERVICE: DM App Phone Service State - 0
07-15 19:08:21.590   346   346 D SAN_SERVICE: *******************************************
07-15 19:08:24.016   346   346 D SAN_SERVICE: *******************************************
07-15 19:08:24.016   346   346 D SAN_SERVICE: DM App Phone Service State - 0
07-15 19:08:24.016   346   346 D SAN_SERVICE: *******************************************
07-15 19:08:25.277   346   346 D SAN_SERVICE: *******************************************
07-15 19:08:25.277   346   346 D SAN_SERVICE: DM App Phone Service State - 0
07-15 19:08:25.277   346   346 D SAN_SERVICE: *******************************************
07-15 19:08:26.004   346   346 D SAN_SERVICE: *******************************************
07-15 19:08:26.004   346   346 D SAN_SERVICE: DM App Phone Service State - 0
07-15 19:08:26.004   346   346 D SAN_SERVICE: *******************************************
07-15 19:08:26.856  4840  4842 D dalvikvm: GC_CONCURRENT freed 1108K, 35% free 13145K/20039K, paused 16ms+4ms
07-15 19:08:29.984   144   144 D AlarmManagerService: Kernel timezone updated to 240 minutes west of GMT
07-15 19:08:40.051  4616  4618 D dalvikvm: GC_CONCURRENT freed 439K, 6% free 9545K/10119K, paused 2ms+3ms
07-15 19:08:42.910   346   346 D SAN_SERVICE: *******************************************
07-15 19:08:42.910   346   346 D SAN_SERVICE: DM App Phone Service State - 0
07-15 19:08:42.910   346   346 D SAN_SERVICE: *******************************************
07-15 19:08:45.469  5374  5377 D dalvikvm: GC_CONCURRENT freed 514K, 6% free 10205K/10823K, paused 2ms+4ms
07-15 19:08:45.535  1351  1353 D dalvikvm: GC_CONCURRENT freed 388K, 9% free 10310K/11207K, paused 2ms+2ms
07-15 19:08:51.598   346   346 D SAN_SERVICE: *******************************************
07-15 19:08:51.598   346   346 D SAN_SERVICE: DM App Phone Service State - 0
07-15 19:08:51.598   346   346 D SAN_SERVICE: *******************************************
07-15 19:08:51.703   346   346 D SAN_SERVICE: *******************************************
07-15 19:08:51.703   346   346 D SAN_SERVICE: DM App Phone Service State - 0
07-15 19:08:51.703   346   346 D SAN_SERVICE: *******************************************
07-15 19:08:58.008   215   217 D dalvikvm: GC_CONCURRENT freed 419K, 29% free 10115K/14215K, paused 2ms+2ms
07-15 19:08:58.164   215   217 D dalvikvm: GC_CONCURRENT freed 553K, 30% free 9989K/14215K, paused 7ms+4ms
07-15 19:08:59.836   346   346 D SAN_SERVICE: *******************************************
07-15 19:08:59.836   346   346 D SAN_SERVICE: DM App Phone Service State - 0
07-15 19:08:59.836   346   346 D SAN_SERVICE: *******************************************
07-15 19:09:03.004   321   322 D dalvikvm: GC_CONCURRENT freed 1543K, 18% free 10121K/12295K, paused 6ms+6ms
07-15 19:09:03.035  5094  5094 D vclib:CallStateClient: startListening
07-15 19:09:03.113   215   215 D dalvikvm: GC_FOR_ALLOC freed 617K, 32% free 9731K/14215K, paused 16ms
07-15 19:09:03.172   215   217 D dalvikvm: GC_CONCURRENT freed 301K, 31% free 9847K/14215K, paused 1ms+3ms
07-15 19:09:03.848  5094  5094 D vclib:CallStateClient: stopListening
07-15 19:09:03.852  5094  5094 D vclib:CallStateClient: startListening
07-15 19:09:03.926  5094  5101 I dalvikvm: Jit: resizing JitTable from 4096 to 8192
07-15 19:09:04.035  5094  5096 D dalvikvm: GC_CONCURRENT freed 468K, 7% free 10382K/11079K, paused 2ms+5ms
07-15 19:09:09.277  2643  2656 I PhoneLab-: Service Running
07-15 19:09:09.363  2643  2656 I PhoneLab-LoggerService: app_37    1395  1     1432   992   c00f181c 400107b4 S logcat
07-15 19:09:09.363  2643  2656 I PhoneLab-LoggerService: Logcat pid from database 1395
07-15 19:09:09.363  2643  2656 I PhoneLab-LoggerService: Logcat process found 1395
07-15 19:09:09.363  2643  2656 I PhoneLab-LoggerService: Checking Threshold
07-15 19:09:24.121   215   217 D dalvikvm: GC_CONCURRENT freed 570K, 33% free 9660K/14215K, paused 21ms+3ms
07-15 19:09:50.172   291   294 D dalvikvm: GC_CONCURRENT freed 321K, 7% free 10523K/11207K, paused 4ms+8ms
07-15 19:09:50.387  5094  5096 D dalvikvm: GC_CONCURRENT freed 405K, 7% free 10394K/11079K, paused 2ms+4ms
07-15 19:09:50.551   144   156 D dalvikvm: GC_EXPLICIT freed 885K, 14% free 14902K/17287K, paused 3ms+8ms
07-15 19:10:45.551  5374  5377 D dalvikvm: GC_CONCURRENT freed 497K, 6% free 10220K/10823K, paused 1ms+2ms
07-15 19:10:45.641  1351  1353 D dalvikvm: GC_CONCURRENT freed 505K, 9% free 10308K/11207K, paused 4ms+3ms
07-15 19:10:57.332   346   346 D SAN_SERVICE: *******************************************
07-15 19:10:57.332   346   346 D SAN_SERVICE: DM App Phone Service State - 0
07-15 19:10:57.332   346   346 D SAN_SERVICE: *******************************************
07-15 19:10:58.090   346   346 D SAN_SERVICE: *******************************************
07-15 19:10:58.090   346   346 D SAN_SERVICE: DM App Phone Service State - 0
07-15 19:10:58.094   346   346 D SAN_SERVICE: *******************************************
07-15 19:11:07.543   346   346 D SAN_SERVICE: *******************************************
07-15 19:11:07.543   346   346 D SAN_SERVICE: DM App Phone Service State - 0
07-15 19:11:07.543   346   346 D SAN_SERVICE: *******************************************
07-15 19:11:09.164  2643  2656 I PhoneLab-: Service Running
07-15 19:11:09.270  2643  2656 I PhoneLab-LoggerService: app_37    1395  1     1432   992   c00f181c 400107b4 S logcat
07-15 19:11:09.270  2643  2656 I PhoneLab-LoggerService: Logcat pid from database 1395
07-15 19:11:09.270  2643  2656 I PhoneLab-LoggerService: Logcat process found 1395
07-15 19:11:09.270  2643  2656 I PhoneLab-LoggerService: Checking Threshold
07-15 19:11:45.641  1351  1353 D dalvikvm: GC_CONCURRENT freed 454K, 8% free 10364K/11207K, paused 2ms+3ms
07-15 19:12:07.652  4717  4719 D dalvikvm: GC_CONCURRENT freed 381K, 6% free 9940K/10567K, paused 11ms+4ms
07-15 19:12:45.582  5374  5377 D dalvikvm: GC_CONCURRENT freed 510K, 6% free 10222K/10823K, paused 2ms+3ms
07-15 19:12:45.711  1351  1353 D dalvikvm: GC_CONCURRENT freed 558K, 8% free 10313K/11207K, paused 1ms+3ms
07-15 19:13:09.168  2643  2656 I PhoneLab-: Service Running
07-15 19:13:09.238  2643  2656 I PhoneLab-LoggerService: app_37    1395  1     1432   992   c00f181c 400107b4 S logcat
07-15 19:13:09.238  2643  2656 I PhoneLab-LoggerService: Logcat pid from database 1395
07-15 19:13:09.238  2643  2656 I PhoneLab-LoggerService: Logcat process found 1395
07-15 19:13:09.238  2643  2656 I PhoneLab-LoggerService: Checking Threshold
07-15 19:13:27.883  5028  5031 D dalvikvm: GC_CONCURRENT freed 480K, 6% free 10850K/11463K, paused 17ms+4ms
07-15 19:13:45.742  1351  1353 D dalvikvm: GC_CONCURRENT freed 450K, 8% free 10319K/11207K, paused 6ms+2ms
07-15 19:14:45.695  5374  5377 D dalvikvm: GC_CONCURRENT freed 506K, 6% free 10227K/10823K, paused 2ms+3ms
07-15 19:14:45.820  1351  1353 D dalvikvm: GC_CONCURRENT freed 404K, 9% free 10310K/11207K, paused 2ms+2ms
07-15 19:14:54.512  5094  5096 D dalvikvm: GC_CONCURRENT freed 393K, 7% free 10407K/11079K, paused 2ms+5ms
07-15 19:15:09.168  2643  2656 I PhoneLab-: Service Running
07-15 19:15:09.270  2643  2656 I PhoneLab-LoggerService: app_37    1395  1     1432   992   c00f181c 400107b4 S logcat
07-15 19:15:09.270  2643  2656 I PhoneLab-LoggerService: Logcat pid from database 1395
07-15 19:15:09.270  2643  2656 I PhoneLab-LoggerService: Logcat process found 1395
07-15 19:15:09.270  2643  2656 I PhoneLab-LoggerService: Checking Threshold
07-15 19:15:45.781  1351  1353 D dalvikvm: GC_CONCURRENT freed 389K, 9% free 10309K/11207K, paused 2ms+2ms
07-15 19:16:45.750  5374  5377 D dalvikvm: GC_CONCURRENT freed 504K, 6% free 10235K/10823K, paused 2ms+3ms
07-15 19:16:45.918  1351  1353 D dalvikvm: GC_CONCURRENT freed 391K, 8% free 10321K/11207K, paused 2ms+3ms
07-15 19:16:46.035  1351  1353 D dalvikvm: GC_CONCURRENT freed 170K, 6% free 10542K/11207K, paused 2ms+3ms
07-15 19:17:09.168  2643  2656 I PhoneLab-: Service Running
07-15 19:17:09.258  2643  2656 I PhoneLab-LoggerService: app_37    1395  1     1432   992   c00f181c 400107b4 S logcat
07-15 19:17:09.258  2643  2656 I PhoneLab-LoggerService: Logcat pid from database 1395
07-15 19:17:09.262  2643  2656 I PhoneLab-LoggerService: Logcat process found 1395
07-15 19:17:09.262  2643  2656 I PhoneLab-LoggerService: Checking Threshold
07-15 19:17:25.067   291   294 D dalvikvm: GC_CONCURRENT freed 369K, 6% free 10539K/11207K, paused 2ms+4ms
07-15 19:17:45.863  1351  1353 D dalvikvm: GC_CONCURRENT freed 716K, 8% free 10338K/11207K, paused 2ms+2ms
07-15 19:18:00.152   144   146 D dalvikvm: GC_CONCURRENT freed 1341K, 14% free 14912K/17287K, paused 3ms+6ms
07-15 19:18:29.984   144   169 D dalvikvm: GC_EXPLICIT freed 177K, 15% free 14793K/17287K, paused 3ms+6ms
07-15 19:18:31.406  4840  4842 D dalvikvm: GC_CONCURRENT freed 1226K, 35% free 13210K/20039K, paused 2ms+5ms
07-15 19:18:45.879  5374  5377 D dalvikvm: GC_CONCURRENT freed 496K, 6% free 10245K/10823K, paused 2ms+3ms
07-15 19:18:45.996  1351  1353 D dalvikvm: GC_CONCURRENT freed 486K, 8% free 10316K/11207K, paused 2ms+2ms
07-15 19:19:09.164  2643  2656 I PhoneLab-: Service Running
07-15 19:19:09.274  2643  2645 D dalvikvm: GC_CONCURRENT freed 421K, 15% free 9159K/10695K, paused 1ms+5ms
07-15 19:19:09.277  2643  2656 I PhoneLab-LoggerService: app_37    1395  1     1432   992   c00f181c 400107b4 S logcat
07-15 19:19:09.281  2643  2656 I PhoneLab-LoggerService: Logcat pid from database 1395
07-15 19:19:09.281  2643  2656 I PhoneLab-LoggerService: Logcat process found 1395
07-15 19:19:09.281  2643  2656 I PhoneLab-LoggerService: Checking Threshold
07-15 19:19:12.637  4616  4618 D dalvikvm: GC_CONCURRENT freed 435K, 6% free 9547K/10119K, paused 6ms+9ms
07-15 19:19:12.774  5094  5096 D dalvikvm: GC_CONCURRENT freed 402K, 7% free 10409K/11079K, paused 3ms+7ms
07-15 19:19:46.113  1351  1353 D dalvikvm: GC_CONCURRENT freed 478K, 8% free 10350K/11207K, paused 1ms+2ms
07-15 19:19:46.211  1351  1353 D dalvikvm: GC_CONCURRENT freed 211K, 7% free 10524K/11207K, paused 2ms+2ms
07-15 19:20:46.043  5374  5377 D dalvikvm: GC_CONCURRENT freed 564K, 6% free 10241K/10887K, paused 5ms+2ms
07-15 19:20:46.168  1351  1353 D dalvikvm: GC_CONCURRENT freed 682K, 8% free 10350K/11207K, paused 1ms+2ms
07-15 19:21:09.168  2643  2656 I PhoneLab-: Service Running
07-15 19:21:09.238  2643  2656 I PhoneLab-LoggerService: app_37    1395  1     1432   992   c00f181c 400107b4 S logcat
07-15 19:21:09.238  2643  2656 I PhoneLab-LoggerService: Logcat pid from database 1395
07-15 19:21:09.238  2643  2656 I PhoneLab-LoggerService: Logcat process found 1395
07-15 19:21:09.238  2643  2656 I PhoneLab-LoggerService: Checking Threshold
07-15 19:21:25.840  4616  4627 D dalvikvm: GC_EXPLICIT freed 219K, 7% free 9465K/10119K, paused 3ms+3ms
07-15 19:21:31.457   291  4396 D dalvikvm: GC_EXPLICIT freed 321K, 7% free 10529K/11207K, paused 4ms+8ms
07-15 19:21:31.508  4717  5090 D dalvikvm: GC_EXPLICIT freed 100K, 7% free 9914K/10567K, paused 2ms+3ms
07-15 19:21:31.613  5094  5096 D dalvikvm: GC_CONCURRENT freed 418K, 7% free 10392K/11079K, paused 1ms+5ms
07-15 19:21:46.176  1351  1353 D dalvikvm: GC_CONCURRENT freed 472K, 8% free 10329K/11207K, paused 2ms+2ms
07-15 19:22:46.160  5374  5377 D dalvikvm: GC_CONCURRENT freed 513K, 6% free 10239K/10887K, paused 2ms+3ms
07-15 19:22:46.371  1351  1353 D dalvikvm: GC_CONCURRENT freed 405K, 8% free 10312K/11207K, paused 2ms+2ms
07-15 19:22:46.422  5374  5377 D dalvikvm: GC_CONCURRENT freed 331K, 6% free 10323K/10887K, paused 7ms+3ms
07-15 19:23:09.168  2643  2656 I PhoneLab-: Service Running
07-15 19:23:09.266  2643  2656 I PhoneLab-LoggerService: app_37    1395  1     1432   992   c00f181c 400107b4 S logcat
07-15 19:23:09.266  2643  2656 I PhoneLab-LoggerService: Logcat pid from database 1395
07-15 19:23:09.266  2643  2656 I PhoneLab-LoggerService: Logcat process found 1395
07-15 19:23:09.266  2643  2656 I PhoneLab-LoggerService: Checking Threshold
07-15 19:23:35.113  4840  4842 D dalvikvm: GC_CONCURRENT freed 1260K, 34% free 13244K/20039K, paused 5ms+5ms
07-15 19:23:46.250  5374  5377 D dalvikvm: GC_CONCURRENT freed 435K, 6% free 10385K/10951K, paused 1ms+6ms
07-15 19:23:46.313  1351  1353 D dalvikvm: GC_CONCURRENT freed 393K, 8% free 10316K/11207K, paused 2ms+2ms
07-15 19:24:46.305  1351  1351 D dalvikvm: GC_EXPLICIT freed 54K, 9% free 10266K/11207K, paused 7ms+3ms
07-15 19:24:46.410  1351  1353 D dalvikvm: GC_CONCURRENT freed 337K, 8% free 10341K/11207K, paused 2ms+2ms
07-15 19:24:46.535  1351  1353 D dalvikvm: GC_CONCURRENT freed 189K, 6% free 10537K/11207K, paused 8ms+2ms
07-15 19:25:08.973   144   146 D dalvikvm: GC_CONCURRENT freed 1228K, 14% free 14885K/17287K, paused 34ms+6ms
07-15 19:25:09.164  2643  2656 I PhoneLab-: Service Running
07-15 19:25:09.238  2643  2656 I PhoneLab-LoggerService: app_37    1395  1     1432   992   c00f181c 400107b4 S logcat
07-15 19:25:09.238  2643  2656 I PhoneLab-LoggerService: Logcat pid from database 1395
07-15 19:25:09.238  2643  2656 I PhoneLab-LoggerService: Logcat process found 1395
07-15 19:25:09.238  2643  2656 I PhoneLab-LoggerService: Checking Threshold
07-15 19:25:38.070   144   388 D dalvikvm: GC_EXPLICIT freed 141K, 15% free 14778K/17287K, paused 3ms+5ms
07-15 19:25:38.246  5094  5096 D dalvikvm: GC_CONCURRENT freed 432K, 7% free 10391K/11079K, paused 2ms+9ms
07-15 19:25:46.399  5374  5377 D dalvikvm: GC_CONCURRENT freed 534K, 6% free 10392K/11015K, paused 2ms+3ms
07-15 19:25:46.430  1351  1353 D dalvikvm: GC_CONCURRENT freed 678K, 8% free 10370K/11207K, paused 2ms+2ms
07-15 19:26:33.246   291   294 D dalvikvm: GC_CONCURRENT freed 362K, 6% free 10552K/11207K, paused 2ms+5ms
07-15 19:26:46.469  1351  1353 D dalvikvm: GC_CONCURRENT freed 494K, 9% free 10310K/11207K, paused 2ms+2ms
07-15 19:27:06.219   144   174 I ActivityManager: Start proc com.google.android.apps.plus for service com.google.android.apps.plus/.service.EsService: pid=5611 uid=10060 gids={3003, 3002, 1015, 1006}
07-15 19:27:06.461  5611  5613 D dalvikvm: GC_CONCURRENT freed 169K, 3% free 9362K/9607K, paused 2ms+3ms
07-15 19:27:06.649  5611  5611 I ActivityThread: Pub com.google.android.apps.plus.content.ApiProvider: com.google.android.apps.plus.content.EsApiProvider
07-15 19:27:06.692  5611  5611 I ActivityThread: Pub com.google.android.apps.plus.content.EsGooglePhotoProvider: com.google.android.picasasync.PicasaContentProvider
07-15 19:27:06.859  5611  5613 D dalvikvm: GC_CONCURRENT freed 307K, 4% free 9605K/9991K, paused 2ms+2ms
07-15 19:27:06.891  5611  5611 I ActivityThread: Pub com.google.android.apps.plus.content.EsPicasaStoreProvider: com.google.android.picasastore.PicasaPhotoContentProvider
07-15 19:27:06.899  5611  5611 I ActivityThread: Pub com.google.plus.platform: com.google.android.apps.plus.content.AdsProvider
07-15 19:27:06.899  5611  5611 I ActivityThread: Pub com.google.android.apps.plus.iu.EsGoogleIuProvider: com.google.android.apps.plus.iu.InstantUploadProvider
07-15 19:27:06.992  5611  5613 D dalvikvm: GC_CONCURRENT freed 565K, 7% free 9604K/10247K, paused 2ms+3ms
07-15 19:27:06.996  5611  5611 I ActivityThread: Pub com.google.android.apps.plus.content.EsProvider: com.google.android.apps.plus.content.EsProvider
07-15 19:27:07.055  5611  5611 D dalvikvm: GC_FOR_ALLOC freed 103K, 5% free 9760K/10247K, paused 19ms
07-15 19:27:07.070  5611  5625 D PicasaPhotoCP: set fsid first time:-1
07-15 19:27:07.371  5611  5613 D dalvikvm: GC_CONCURRENT freed 162K, 3% free 10014K/10311K, paused 9ms+2ms
07-15 19:27:07.473  5611  5613 D dalvikvm: GC_CONCURRENT freed 124K, 3% free 10311K/10567K, paused 6ms+3ms
07-15 19:27:07.574  5611  5613 D dalvikvm: GC_CONCURRENT freed 315K, 5% free 10457K/10951K, paused 1ms+2ms
07-15 19:27:07.617  5611  5627 D dalvikvm: GC_FOR_ALLOC freed 0K, 5% free 10457K/10951K, paused 22ms
07-15 19:27:07.617  5611  5627 I dalvikvm-heap: Grow heap (frag case) to 10.533MB for 260112-byte allocation
07-15 19:27:07.649  5611  5627 D dalvikvm: GC_FOR_ALLOC freed 126K, 6% free 10585K/11207K, paused 23ms
07-15 19:27:07.676  5611  5627 D dalvikvm: GC_FOR_ALLOC freed 311K, 6% free 10578K/11207K, paused 20ms
07-15 19:27:07.699  5611  5627 D dalvikvm: GC_FOR_ALLOC freed 62K, 6% free 10642K/11207K, paused 20ms
07-15 19:27:07.699  5611  5627 I dalvikvm-heap: Grow heap (frag case) to 10.713MB for 260112-byte allocation
07-15 19:27:07.719  5611  5627 D dalvikvm: GC_FOR_ALLOC freed 126K, 7% free 10770K/11463K, paused 20ms
07-15 19:27:07.750  5611  5627 D dalvikvm: GC_FOR_ALLOC freed 369K, 6% free 10825K/11463K, paused 20ms
07-15 19:27:07.770  5611  5627 D dalvikvm: GC_FOR_ALLOC freed 126K, 5% free 10953K/11463K, paused 20ms
07-15 19:27:07.910  5611  5613 D dalvikvm: GC_CONCURRENT freed 338K, 5% free 11185K/11655K, paused 3ms+2ms
07-15 19:27:08.059  5611  5613 D dalvikvm: GC_CONCURRENT freed 137K, 3% free 11700K/11975K, paused 1ms+2ms
07-15 19:27:08.215  5611  5613 D dalvikvm: GC_CONCURRENT freed 330K, 4% free 12178K/12615K, paused 3ms+2ms
07-15 19:27:08.414  5611  5613 D dalvikvm: GC_CONCURRENT freed 420K, 5% free 12699K/13255K, paused 3ms+2ms
07-15 19:27:08.742  5611  5628 I SqliteDatabaseCpp: sqlite returned: error code = 1, msg = no such column: wipeout_stats, db=/data/data/com.google.android.apps.plus/databases/es0.db
07-15 19:27:08.781  5611  5628 W System.err: android.database.sqlite.SQLiteException: no such column: wipeout_stats: , while compiling: SELECT wipeout_stats  FROM account_status
07-15 19:27:08.785  5611  5628 W System.err: 	at android.database.sqlite.SQLiteCompiledSql.native_compile(Native Method)
07-15 19:27:08.785  5611  5628 W System.err: 	at android.database.sqlite.SQLiteCompiledSql.<init>(SQLiteCompiledSql.java:68)
07-15 19:27:08.785  5611  5628 W System.err: 	at android.database.sqlite.SQLiteProgram.compileSql(SQLiteProgram.java:143)
07-15 19:27:08.785  5611  5628 W System.err: 	at android.database.sqlite.SQLiteProgram.compileAndbindAllArgs(SQLiteProgram.java:361)
07-15 19:27:08.785  5611  5628 W System.err: 	at android.database.sqlite.SQLiteStatement.acquireAndLock(SQLiteStatement.java:260)
07-15 19:27:08.785  5611  5628 W System.err: 	at android.database.sqlite.SQLiteStatement.simpleQueryForLong(SQLiteStatement.java:137)
07-15 19:27:08.785  5611  5628 W System.err: 	at android.database.DatabaseUtils.longForQuery(DatabaseUtils.java:791)
07-15 19:27:08.785  5611  5628 W System.err: 	at android.database.DatabaseUtils.longForQuery(DatabaseUtils.java:779)
07-15 19:27:08.785  5611  5628 W System.err: 	at com.google.android.apps.plus.content.EsAccountsData.isContactsStatsWipeoutNeeded(EsAccountsData.java:641)
07-15 19:27:08.785  5611  5628 W System.err: 	at com.google.android.apps.plus.service.EsService.processIntent(EsService.java:4246)
07-15 19:27:08.785  5611  5628 W System.err: 	at com.google.android.apps.plus.service.ServiceThread$1.run(ServiceThread.java:50)
07-15 19:27:08.785  5611  5628 W System.err: 	at android.os.Handler.handleCallback(Handler.java:605)
07-15 19:27:08.785  5611  5628 W System.err: 	at android.os.Handler.dispatchMessage(Handler.java:92)
07-15 19:27:08.785  5611  5628 W System.err: 	at android.os.Looper.loop(Looper.java:137)
07-15 19:27:08.789  5611  5628 W System.err: 	at com.google.android.apps.plus.service.ServiceThread.run(ServiceThread.java:122)
07-15 19:27:09.168  2643  2656 I PhoneLab-: Service Running
07-15 19:27:09.227  2643  2656 I PhoneLab-LoggerService: app_37    1395  1     1432   992   c00f181c 400107b4 S logcat
07-15 19:27:09.227  2643  2656 I PhoneLab-LoggerService: Logcat pid from database 1395
07-15 19:27:09.227  2643  2656 I PhoneLab-LoggerService: Logcat process found 1395
07-15 19:27:09.227  2643  2656 I PhoneLab-LoggerService: Checking Threshold
07-15 19:27:11.192  5611  5613 D dalvikvm: GC_CONCURRENT freed 1019K, 9% free 12820K/13959K, paused 5ms+4ms
07-15 19:27:11.699   144   342 I ActivityManager: Process com.instagram.android (pid 4917) has died.
07-15 19:27:14.574  5611  5631 E dalvikvm: Could not find class 'android.app.Notification$InboxStyle', referenced from method com.google.android.apps.plus.service.AndroidNotification.createDigestNotification
07-15 19:27:14.574  5611  5631 W dalvikvm: VFY: unable to resolve new-instance 41 (Landroid/app/Notification$InboxStyle;) in Lcom/google/android/apps/plus/service/AndroidNotification;
07-15 19:27:14.574  5611  5631 D dalvikvm: VFY: replacing opcode 0x22 at 0x0018
07-15 19:27:14.574  5611  5631 I dalvikvm: Could not find method android.app.Notification$Builder.setPriority, referenced from method com.google.android.apps.plus.service.AndroidNotification.createRichNotification
07-15 19:27:14.574  5611  5631 W dalvikvm: VFY: unable to resolve virtual method 162: Landroid/app/Notification$Builder;.setPriority (I)Landroid/app/Notification$Builder;
07-15 19:27:14.574  5611  5631 D dalvikvm: VFY: replacing opcode 0x6e at 0x00d5
07-15 19:27:14.598  5611  5631 D dalvikvm: DexOpt: unable to opt direct call 0x00a8 at 0x1a in Lcom/google/android/apps/plus/service/AndroidNotification;.createDigestNotification
07-15 19:27:14.598  5611  5631 D dalvikvm: DexOpt: unable to opt direct call 0x0091 at 0xf1 in Lcom/google/android/apps/plus/service/AndroidNotification;.createRichNotification
07-15 19:27:14.598  5611  5631 D dalvikvm: DexOpt: unable to opt direct call 0x0095 at 0x397 in Lcom/google/android/apps/plus/service/AndroidNotification;.createRichNotification
07-15 19:27:15.246  5611  5613 D dalvikvm: GC_CONCURRENT freed 1090K, 9% free 12938K/14151K, paused 4ms+2ms
07-15 19:27:19.027  5611  5613 D dalvikvm: GC_CONCURRENT freed 1072K, 9% free 13070K/14279K, paused 2ms+3ms
07-15 19:27:19.320  5611  5613 D dalvikvm: GC_CONCURRENT freed 1194K, 10% free 13155K/14471K, paused 2ms+2ms
07-15 19:27:21.817  4616  4618 D dalvikvm: GC_CONCURRENT freed 325K, 6% free 9524K/10119K, paused 2ms+3ms
07-15 19:27:22.106  5611  5613 D dalvikvm: GC_CONCURRENT freed 935K, 8% free 13563K/14599K, paused 2ms+3ms
07-15 19:27:22.176  5611  5631 D dalvikvm: GC_FOR_ALLOC freed 396K, 10% free 13562K/14983K, paused 42ms
07-15 19:27:22.180  5611  5631 I dalvikvm-heap: Grow heap (frag case) to 13.651MB for 349972-byte allocation
07-15 19:27:22.223  5611  5631 D dalvikvm: GC_FOR_ALLOC freed 0K, 10% free 13904K/15367K, paused 42ms
07-15 19:27:22.832  5611  5613 D dalvikvm: GC_CONCURRENT freed 1175K, 9% free 14284K/15559K, paused 2ms+3ms
07-15 19:27:24.477  5611  5613 D dalvikvm: GC_CONCURRENT freed 1490K, 11% free 14448K/16071K, paused 2ms+3ms
07-15 19:27:27.035  5611  5613 D dalvikvm: GC_CONCURRENT freed 2432K, 16% free 13761K/16327K, paused 2ms+4ms
07-15 19:27:27.844   144   155 D dalvikvm: GC_EXPLICIT freed 685K, 15% free 14835K/17287K, paused 4ms+7ms
07-15 19:27:27.945  5611  5631 I SqliteDatabaseCpp: sqlite returned: error code = 1, msg = no such column: last_stats_sync_time, db=/data/data/com.google.android.apps.plus/databases/es0.db
07-15 19:27:27.965  5611  5631 E EsSyncAdapterService: Sync failure
07-15 19:27:27.965  5611  5631 E EsSyncAdapterService: android.database.sqlite.SQLiteException: no such column: last_stats_sync_time: , while compiling: SELECT last_stats_sync_time  FROM account_status
07-15 19:27:27.965  5611  5631 E EsSyncAdapterService: 	at android.database.sqlite.SQLiteCompiledSql.native_compile(Native Method)
07-15 19:27:27.965  5611  5631 E EsSyncAdapterService: 	at android.database.sqlite.SQLiteCompiledSql.<init>(SQLiteCompiledSql.java:68)
07-15 19:27:27.965  5611  5631 E EsSyncAdapterService: 	at android.database.sqlite.SQLiteProgram.compileSql(SQLiteProgram.java:143)
07-15 19:27:27.965  5611  5631 E EsSyncAdapterService: 	at android.database.sqlite.SQLiteProgram.compileAndbindAllArgs(SQLiteProgram.java:361)
07-15 19:27:27.965  5611  5631 E EsSyncAdapterService: 	at android.database.sqlite.SQLiteStatement.acquireAndLock(SQLiteStatement.java:260)
07-15 19:27:27.965  5611  5631 E EsSyncAdapterService: 	at android.database.sqlite.SQLiteStatement.simpleQueryForLong(SQLiteStatement.java:137)
07-15 19:27:27.965  5611  5631 E EsSyncAdapterService: 	at android.database.DatabaseUtils.longForQuery(DatabaseUtils.java:791)
07-15 19:27:27.965  5611  5631 E EsSyncAdapterService: 	at android.database.DatabaseUtils.longForQuery(DatabaseUtils.java:779)
07-15 19:27:27.965  5611  5631 E EsSyncAdapterService: 	at com.google.android.apps.plus.content.EsAccountsData.queryLastStatsSyncTimestamp(EsAccountsData.java:570)
07-15 19:27:27.965  5611  5631 E EsSyncAdapterService: 	at com.google.android.apps.plus.service.EsSyncAdapterService.syncContactsStatsIfNecessary(EsSyncAdapterService.java:670)
07-15 19:27:27.965  5611  5631 E EsSyncAdapterService: 	at com.google.android.apps.plus.service.EsSyncAdapterService.doFullSync(EsSyncAdapterService.java:633)
07-15 19:27:27.965  5611  5631 E EsSyncAdapterService: 	at com.google.android.apps.plus.service.EsSyncAdapterService.doSync(EsSyncAdapterService.java:566)
07-15 19:27:27.965  5611  5631 E EsSyncAdapterService: 	at com.google.android.apps.plus.service.EsSyncAdapterService.access$100(EsSyncAdapterService.java:52)
07-15 19:27:27.965  5611  5631 E EsSyncAdapterService: 	at com.google.android.apps.plus.service.EsSyncAdapterService$SyncAdapterImpl.onPerformSync(EsSyncAdapterService.java:408)
07-15 19:27:27.965  5611  5631 E EsSyncAdapterService: 	at android.content.AbstractThreadedSyncAdapter$SyncThread.run(AbstractThreadedSyncAdapter.java:247)
07-15 19:27:28.004   144   169 D SyncManager: failed sync operation lokeshmandvekar@gmail.com (com.google), com.google.android.apps.plus.content.EsProvider, SERVER, earliestRunTime 11702572, SyncResult: stats [ numParseExceptions: 1]
07-15 19:27:28.024   144   169 D SyncManager: not retrying sync operation because the error is a hard error: lokeshmandvekar@gmail.com (com.google), com.google.android.apps.plus.content.EsProvider, SERVER, earliestRunTime 11721854
07-15 19:27:28.625  4717  4719 D dalvikvm: GC_CONCURRENT freed 357K, 6% free 9942K/10567K, paused 10ms+3ms
07-15 19:27:33.703  5611  5637 D dalvikvm: GC_EXPLICIT freed 1482K, 20% free 13199K/16327K, paused 2ms+4ms
07-15 19:27:33.910  4616  4618 D dalvikvm: GC_CONCURRENT freed 373K, 6% free 9536K/10119K, paused 1ms+3ms
07-15 19:27:34.090  4616  4696 D dalvikvm: GC_EXPLICIT freed 150K, 7% free 9444K/10119K, paused 2ms+3ms
07-15 19:27:35.133  4717  4719 D dalvikvm: GC_CONCURRENT freed 400K, 6% free 9938K/10567K, paused 2ms+2ms
07-15 19:27:36.434  4616  4618 D dalvikvm: GC_CONCURRENT freed 289K, 6% free 9540K/10119K, paused 1ms+3ms
07-15 19:27:46.422  5374  5377 D dalvikvm: GC_CONCURRENT freed 511K, 6% free 10392K/11015K, paused 2ms+3ms
07-15 19:27:46.551  1351  1353 D dalvikvm: GC_CONCURRENT freed 469K, 8% free 10339K/11207K, paused 2ms+2ms
07-15 19:27:54.524   215   217 D dalvikvm: GC_CONCURRENT freed 390K, 33% free 9654K/14215K, paused 17ms+2ms
07-15 19:28:09.774  4717  4719 D dalvikvm: GC_CONCURRENT freed 399K, 7% free 9930K/10567K, paused 2ms+2ms
07-15 19:28:36.582  4840  4842 D dalvikvm: GC_CONCURRENT freed 804K, 32% free 13736K/20039K, paused 2ms+4ms
07-15 19:28:46.547  1351  1353 D dalvikvm: GC_CONCURRENT freed 424K, 8% free 10315K/11207K, paused 2ms+2ms
07-15 19:29:09.168  2643  2656 I PhoneLab-: Service Running
07-15 19:29:09.219  2643  2656 I PhoneLab-LoggerService: app_37    1395  1     1432   992   c00f181c 400107b4 S logcat
07-15 19:29:09.219  2643  2656 I PhoneLab-LoggerService: Logcat pid from database 1395
07-15 19:29:09.219  2643  2656 I PhoneLab-LoggerService: Logcat process found 1395
07-15 19:29:09.219  2643  2656 I PhoneLab-LoggerService: Checking Threshold
07-15 19:29:35.934   144   144 D dalvikvm: GC_EXPLICIT freed 593K, 15% free 14837K/17287K, paused 13ms+6ms
07-15 19:29:36.305  5094  5096 D dalvikvm: GC_CONCURRENT freed 418K, 7% free 10411K/11079K, paused 2ms+6ms
07-15 19:29:46.512  5374  5377 D dalvikvm: GC_CONCURRENT freed 512K, 6% free 10392K/11015K, paused 2ms+2ms
07-15 19:29:46.641  1351  1353 D dalvikvm: GC_CONCURRENT freed 401K, 8% free 10313K/11207K, paused 2ms+2ms
07-15 19:29:56.758  2643  2643 I PhoneLab-Locks: wake lock acquired
07-15 19:29:56.777  2643  5663 I PhoneLab-PeriodicCheckService: User info is synched
07-15 19:29:56.781  2643  5663 I PhoneLab-PeriodicCheckService: Logger Service is running
07-15 19:29:56.785  2643  2643 I PhoneLab-Locks: wake lock acquired
07-15 19:29:56.789  2643  2643 I PhoneLab-StatusMonitor: Status Monitoring is started
07-15 19:29:56.789  2643  5663 I PhoneLab-Locks: wake lock acquired
07-15 19:29:56.793  2643  5663 I PhoneLab-PeriodicCheckService: Rescheduling periodic checking...
07-15 19:29:56.797  2643  5663 I PhoneLab-Locks: wake lock released
07-15 19:29:56.809  2643  2643 E PhoneLab-PhoneLabManifest: java.io.FileNotFoundException: /data/data/edu.buffalo.cse.phonelab.phonelabservices/files/manifest.xml: open failed: ENOENT (No such file or directory)
07-15 19:29:56.824  2643  2643 I PhoneLab-Locks: wake lock released
07-15 19:29:56.824  2643  2643 I PhoneLab-UploadLogs: Transfering log files now
07-15 19:29:56.828  2643  2643 I PhoneLab-UploadLogs: No log files to transfer
07-15 19:29:56.828  2643  2643 I PhoneLab-Locks: wake lock released
07-15 19:29:56.828  2643  2643 I PhoneLab-UploadLogs: OnStartCommand
07-15 19:30:27.320   144   155 D AlarmManagerService: Kernel timezone updated to 240 minutes west of GMT
07-15 19:30:27.324   346   346 D SystemClock: Setting time of day to sec=1342395027
07-15 19:30:27.094   144   161 I ActivityManager: No longer want com.whatsapp (pid 4717): hidden #16
07-15 19:30:27.118   144  1167 W ActivityManager: Scheduling restart of crashed service com.whatsapp/.messaging.MessageService in 5000ms
07-15 19:30:27.164  5429  5455 V AlarmClock: AlarmInitReceiver finished
07-15 19:30:27.168   144   317 I ActivityManager: No longer want com.google.android.maps.mytracks (pid 4820): hidden #16
07-15 19:30:27.258  5441  5443 D dalvikvm: GC_CONCURRENT freed 323K, 5% free 9143K/9543K, paused 4ms+3ms
07-15 19:30:32.145   144   161 I ActivityManager: Start proc com.whatsapp for service com.whatsapp/.messaging.MessageService: pid=5665 uid=10068 gids={1015, 3003}
07-15 19:30:32.164  5665  5665 I dalvikvm: Turning on JNI app bug workarounds for target SDK version 7...
07-15 19:30:32.364  5665  5668 D dalvikvm: GC_CONCURRENT freed 179K, 3% free 9352K/9607K, paused 2ms+3ms
07-15 19:30:32.649  5665  5668 D dalvikvm: GC_CONCURRENT freed 296K, 4% free 9604K/9991K, paused 5ms+5ms
07-15 19:30:32.899  5665  5665 I dalvikvm: Could not find method android.media.MediaMetadataRetriever.captureFrame, referenced from method com.whatsapp.q3.a
07-15 19:30:32.899  5665  5665 W dalvikvm: VFY: unable to resolve virtual method 502: Landroid/media/MediaMetadataRetriever;.captureFrame ()Landroid/graphics/Bitmap;
07-15 19:30:32.899  5665  5665 D dalvikvm: VFY: replacing opcode 0x6e at 0x0134
07-15 19:30:33.082  5665  5668 D dalvikvm: GC_CONCURRENT freed 301K, 4% free 9874K/10247K, paused 2ms+4ms
07-15 19:30:33.289  5665  5668 D dalvikvm: GC_CONCURRENT freed 333K, 5% free 9988K/10439K, paused 2ms+3ms
07-15 19:30:46.434  1351  1353 D dalvikvm: GC_CONCURRENT freed 423K, 8% free 10318K/11207K, paused 2ms+2ms
07-15 19:30:50.403   291   294 D dalvikvm: GC_CONCURRENT freed 395K, 6% free 10541K/11207K, paused 21ms+10ms
07-15 19:30:50.532  4616  4618 D dalvikvm: GC_CONCURRENT freed 421K, 6% free 9562K/10119K, paused 2ms+3ms
07-15 19:31:08.524   144   317 W InputManagerService: Starting input on non-focused client com.android.internal.view.IInputMethodClient$Stub$Proxy@4160bc58 (uid=10045 pid=5094)
07-15 19:31:08.579  5094  5094 D OpenGLRenderer: Flushing caches (mode 0)
07-15 19:31:08.594   371   371 W IInputConnectionWrapper: showStatusIcon on inactive InputConnection
07-15 19:31:08.598   144  1168 I ActivityManager: No longer want com.google.android.talk (pid 5094): hidden #16
07-15 19:31:08.602   144  1168 I ActivityManager: No longer want com.google.android.apps.gesturesearch (pid 2967): hidden #17
07-15 19:31:08.629   144   390 I WindowManager: WIN DEATH: Window{419332e0 com.google.android.talk/com.google.android.talk.SigningInActivity paused=false}
07-15 19:31:09.168  2643  2656 I PhoneLab-: Service Running
07-15 19:31:09.207  2643  2656 I PhoneLab-LoggerService: app_37    1395  1     1432   992   c00f181c 400107b4 S logcat
07-15 19:31:09.211  2643  2656 I PhoneLab-LoggerService: Logcat pid from database 1395
07-15 19:31:09.211  2643  2656 I PhoneLab-LoggerService: Logcat process found 1395
07-15 19:31:09.211  2643  2656 I PhoneLab-LoggerService: Checking Threshold
07-15 19:31:09.223  2643  2645 D dalvikvm: GC_CONCURRENT freed 405K, 15% free 9147K/10695K, paused 2ms+2ms
07-15 19:31:11.176   291  1178 I EventLogService: Aggregate from 1342393270860 (log), 1342393270860 (data)
07-15 19:31:11.735   371   371 D dalvikvm: GC_FOR_ALLOC freed 515K, 10% free 11702K/12871K, paused 46ms
07-15 19:31:11.895   144   155 I ActivityManager: START {act=android.intent.action.MAIN cat=[android.intent.category.LAUNCHER] flg=0x10000000 pkg=com.chess cmp=com.chess/.ui.core.SplashActivity bnds=[360,405][480,555]} from pid 371
07-15 19:31:12.000  5700  5700 D dalvikvm: Late-enabling CheckJNI
07-15 19:31:12.004   144   388 I ActivityManager: Start proc com.chess for activity com.chess/.ui.core.SplashActivity: pid=5700 uid=10079 gids={3003, 1015}
07-15 19:31:12.063    79    79 D dalvikvm: GC_EXPLICIT freed 37K, 4% free 9027K/9347K, paused 6ms+3ms
07-15 19:31:12.118   371   371 D OpenGLRenderer: Flushing caches (mode 1)
07-15 19:31:12.129    79    79 D dalvikvm: GC_EXPLICIT freed <1K, 4% free 9027K/9347K, paused 5ms+7ms
07-15 19:31:12.176    79    79 D dalvikvm: GC_EXPLICIT freed <1K, 4% free 9027K/9347K, paused 1ms+8ms
07-15 19:31:12.192   371   371 D OpenGLRenderer: Flushing caches (mode 0)
07-15 19:31:12.231  5700  5702 D dalvikvm: GC_CONCURRENT freed 177K, 3% free 9355K/9607K, paused 3ms+2ms
07-15 19:31:12.387   144  1167 I ActivityManager: START {cmp=com.chess/.ui.activities.HomeScreenActivity} from pid 5700
07-15 19:31:12.411  5700  5714 D GetStringObjTask: retrieving from url = http://www.chess.com/api/get_move_status?id=5HHjW9WUGa%2Bcu1LUwnVJPxTIWxmEve4VdkRnRyg7b5Ch69JH2Z5aB%2B7eGuFw8K2uFx47KFsdE3JRdR3Mzv0PkZOj6eZ8N73BvxmEERrzXjMNRo80rkLyJAUTh0iqof4n
07-15 19:31:12.438  5700  5700 W System.err: log4j:ERROR Could not parse url [jar:file:/data/app/com.chess-1.apk!/log4j.xml].
07-15 19:31:12.438  5700  5700 W System.err: javax.xml.parsers.ParserConfigurationException: No validating DocumentBuilder implementation available
07-15 19:31:12.454  5700  5700 W System.err: 	at org.apache.harmony.xml.parsers.DocumentBuilderFactoryImpl.newDocumentBuilder(DocumentBuilderFactoryImpl.java:61)
07-15 19:31:12.454  5700  5700 W System.err: 	at org.apache.log4j.xml.DOMConfigurator.doConfigure(DOMConfigurator.java:861)
07-15 19:31:12.454  5700  5700 W System.err: 	at org.apache.log4j.xml.DOMConfigurator.doConfigure(DOMConfigurator.java:773)
07-15 19:31:12.454  5700  5700 W System.err: 	at org.apache.log4j.helpers.OptionConverter.selectAndConfigure(OptionConverter.java:483)
07-15 19:31:12.454  5700  5700 W System.err: 	at org.apache.log4j.LogManager.<clinit>(LogManager.java:127)
07-15 19:31:12.454  5700  5700 W System.err: 	at org.apache.log4j.Logger.getLogger(Logger.java:117)
07-15 19:31:12.454  5700  5700 W System.err: 	at com.chess.live.util.config.b.<clinit>(Config.java:38)
07-15 19:31:12.454  5700  5700 W System.err: 	at com.chess.lcc.android.LccHolder.<clinit>(LccHolder.java:27)
07-15 19:31:12.454  5700  5700 W System.err: 	at com.chess.ui.core.MainApp.getLccHolder(MainApp.java:305)
07-15 19:31:12.454  5700  5700 W System.err: 	at com.chess.ui.core.CoreActivityHome.onCreate(CoreActivityHome.java:93)
07-15 19:31:12.454  5700  5700 W System.err: 	at com.chess.ui.activities.HomeScreenActivity.onCreate(HomeScreenActivity.java:44)
07-15 19:31:12.454  5700  5700 W System.err: 	at android.app.Activity.performCreate(Activity.java:4465)
07-15 19:31:12.454  5700  5700 W System.err: 	at android.app.Instrumentation.callActivityOnCreate(Instrumentation.java:1049)
07-15 19:31:12.457  5700  5700 W System.err: 	at android.app.ActivityThread.performLaunchActivity(ActivityThread.java:1920)
07-15 19:31:12.457  5700  5700 W System.err: 	at android.app.ActivityThread.handleLaunchActivity(ActivityThread.java:1981)
07-15 19:31:12.457  5700  5700 W System.err: 	at android.app.ActivityThread.access$600(ActivityThread.java:123)
07-15 19:31:12.457  5700  5700 W System.err: 	at android.app.ActivityThread$H.handleMessage(ActivityThread.java:1147)
07-15 19:31:12.457  5700  5700 W System.err: 	at android.os.Handler.dispatchMessage(Handler.java:99)
07-15 19:31:12.457  5700  5700 W System.err: 	at android.os.Looper.loop(Looper.java:137)
07-15 19:31:12.457  5700  5700 W System.err: 	at android.app.ActivityThread.main(ActivityThread.java:4424)
07-15 19:31:12.457  5700  5700 W System.err: 	at java.lang.reflect.Method.invokeNative(Native Method)
07-15 19:31:12.457  5700  5700 W System.err: 	at java.lang.reflect.Method.invoke(Method.java:511)
07-15 19:31:12.457  5700  5700 W System.err: 	at com.android.internal.os.ZygoteInit$MethodAndArgsCaller.run(ZygoteInit.java:784)
07-15 19:31:12.457  5700  5700 W System.err: 	at com.android.internal.os.ZygoteInit.main(ZygoteInit.java:551)
07-15 19:31:12.457  5700  5700 W System.err: 	at dalvik.system.NativeStart.main(Native Method)
07-15 19:31:12.461  5700  5700 W System.err: log4j:WARN No appenders could be found for logger (com.chess.live.util.config.b).
07-15 19:31:12.461  5700  5700 W System.err: log4j:WARN Please initialize the log4j system properly.
07-15 19:31:12.461  5700  5700 W System.err: log4j:WARN See http://logging.apache.org/log4j/1.2/faq.html#noconfig for more info.
07-15 19:31:12.543  5700  5702 D dalvikvm: GC_CONCURRENT freed 249K, 4% free 9643K/9991K, paused 4ms+3ms
07-15 19:31:12.645  5700  5702 D dalvikvm: GC_CONCURRENT freed 251K, 4% free 9872K/10247K, paused 2ms+2ms
07-15 19:31:12.668  5700  5700 D dalvikvm: GC_FOR_ALLOC freed 92K, 4% free 9968K/10375K, paused 18ms
07-15 19:31:12.668  5700  5700 I dalvikvm-heap: Grow heap (frag case) to 10.055MB for 260112-byte allocation
07-15 19:31:12.696  5700  5700 D dalvikvm: GC_FOR_ALLOC freed 126K, 6% free 10096K/10631K, paused 19ms
07-15 19:31:12.719  5700  5700 D dalvikvm: GC_FOR_ALLOC freed 311K, 6% free 10035K/10631K, paused 18ms
07-15 19:31:12.739  5700  5700 D dalvikvm: GC_FOR_ALLOC freed 62K, 6% free 10099K/10631K, paused 17ms
07-15 19:31:12.739  5700  5700 I dalvikvm-heap: Grow heap (frag case) to 10.183MB for 260112-byte allocation
07-15 19:31:12.758  5700  5700 D dalvikvm: GC_FOR_ALLOC freed 126K, 7% free 10227K/10887K, paused 18ms
07-15 19:31:12.786  5700  5700 D dalvikvm: GC_FOR_ALLOC freed 369K, 7% free 10228K/10887K, paused 17ms
07-15 19:31:12.844  5700  5702 D dalvikvm: GC_CONCURRENT freed 394K, 6% free 10300K/10887K, paused 2ms+3ms
07-15 19:31:12.903   144   160 I Process : Sending signal. PID: 5700 SIG: 3
07-15 19:31:12.903  5700  5704 I dalvikvm: threadid=3: reacting to signal 3
07-15 19:31:12.930  5700  5704 I dalvikvm: Wrote stack traces to '/data/anr/traces.txt'
07-15 19:31:13.028  5700  5702 D dalvikvm: GC_CONCURRENT freed 101K, 2% free 10698K/10887K, paused 3ms+4ms
07-15 19:31:13.196  5700  5702 D dalvikvm: GC_CONCURRENT freed 117K, 2% free 11124K/11335K, paused 2ms+3ms
07-15 19:31:13.360  5700  5702 D dalvikvm: GC_CONCURRENT freed 408K, 5% free 11386K/11911K, paused 2ms+2ms
07-15 19:31:13.399   144   160 I Process : Sending signal. PID: 5700 SIG: 3
07-15 19:31:13.399  5700  5704 I dalvikvm: threadid=3: reacting to signal 3
07-15 19:31:13.422  5700  5704 I dalvikvm: Wrote stack traces to '/data/anr/traces.txt'
07-15 19:31:13.528  5700  5714 D GetStringObjTask: WebRequest SERVER RESPONSE: Success+0
07-15 19:31:13.532  5700  5700 D Chess.Com: Start Chess.Com LCC mainApp
07-15 19:31:13.571  5700  5700 I dalvikvm: Could not find method org.slf4j.impl.StaticLoggerBinder.getSingleton, referenced from method org.slf4j.LoggerFactory.bind
07-15 19:31:13.571  5700  5700 W dalvikvm: VFY: unable to resolve static method 20576: Lorg/slf4j/impl/StaticLoggerBinder;.getSingleton ()Lorg/slf4j/impl/StaticLoggerBinder;
07-15 19:31:13.571  5700  5700 D dalvikvm: VFY: replacing opcode 0x71 at 0x0000
07-15 19:31:13.575  5700  5700 I dalvikvm: Could not find method org.slf4j.impl.StaticLoggerBinder.getSingleton, referenced from method org.slf4j.LoggerFactory.getILoggerFactory
07-15 19:31:13.575  5700  5700 W dalvikvm: VFY: unable to resolve static method 20576: Lorg/slf4j/impl/StaticLoggerBinder;.getSingleton ()Lorg/slf4j/impl/StaticLoggerBinder;
07-15 19:31:13.575  5700  5700 D dalvikvm: VFY: replacing opcode 0x71 at 0x0017
07-15 19:31:13.579  5700  5700 W dalvikvm: VFY: unable to resolve static field 9710 (REQUESTED_API_VERSION) in Lorg/slf4j/impl/StaticLoggerBinder;
07-15 19:31:13.579  5700  5700 D dalvikvm: VFY: replacing opcode 0x62 at 0x0001
07-15 19:31:13.579  5700  5700 W System.err: SLF4J: Failed to load class "org.slf4j.impl.StaticLoggerBinder".
07-15 19:31:13.579  5700  5700 W System.err: SLF4J: Defaulting to no-operation (NOP) logger implementation
07-15 19:31:13.579  5700  5700 W System.err: SLF4J: See http://www.slf4j.org/codes.html#StaticLoggerBinder for further details.
07-15 19:31:13.610  5700  5702 D dalvikvm: GC_CONCURRENT freed 629K, 6% free 11525K/12231K, paused 2ms+2ms
07-15 19:31:13.899   144   160 I Process : Sending signal. PID: 5700 SIG: 3
07-15 19:31:13.899  5700  5704 I dalvikvm: threadid=3: reacting to signal 3
07-15 19:31:13.922  5700  5704 I dalvikvm: Wrote stack traces to '/data/anr/traces.txt'
07-15 19:31:14.399   144   160 I Process : Sending signal. PID: 5700 SIG: 3
07-15 19:31:14.399  5700  5704 I dalvikvm: threadid=3: reacting to signal 3
07-15 19:31:14.418  5700  5704 I dalvikvm: Wrote stack traces to '/data/anr/traces.txt'
07-15 19:31:14.825  5700  5702 D dalvikvm: GC_CONCURRENT freed 573K, 6% free 11832K/12487K, paused 7ms+4ms
07-15 19:31:14.899   144   160 I Process : Sending signal. PID: 5700 SIG: 3
07-15 19:31:14.899  5700  5704 I dalvikvm: threadid=3: reacting to signal 3
07-15 19:31:14.930  5700  5704 I dalvikvm: Wrote stack traces to '/data/anr/traces.txt'
07-15 19:31:14.977  5700  5700 D FlurryAgent: startSession called
07-15 19:31:14.977  5700  5700 D FlurryAgent: Initializing Flurry session
07-15 19:31:14.981  5700  5700 D FlurryAgent: Starting new session
07-15 19:31:14.981  5700  5700 W Settings: Setting android_id has moved from android.provider.Settings.System to android.provider.Settings.Secure, returning read-only value.
07-15 19:31:15.024  5700  5726 D FlurryAgent: Sending report to: http://data.flurry.com/aap.do
07-15 19:31:15.028   291   536 D androidNetworkLocationListeners: Still have listener com.google.android.location.internal.client.NetworkLocationClient$1@4135cec8
07-15 19:31:15.114   291   536 D androidNetworkLocationListeners: Still have listener com.google.android.location.internal.client.NetworkLocationClient$1@4135cec8
07-15 19:31:15.161  5700  5700 D libEGL  : loaded /system/lib/egl/libGLES_android.so
07-15 19:31:15.180  5700  5700 D libEGL  : loaded /vendor/lib/egl/libEGL_POWERVR_SGX540_120.so
07-15 19:31:15.211  5700  5700 D libEGL  : loaded /vendor/lib/egl/libGLESv1_CM_POWERVR_SGX540_120.so
07-15 19:31:15.219  5700  5700 D libEGL  : loaded /vendor/lib/egl/libGLESv2_POWERVR_SGX540_120.so
07-15 19:31:15.262   291   560 D CellLocator: Primary cell miss in cache. Need server request.
07-15 19:31:15.266   291   560 D NetworkLocator: New location significantly newer than previous. Reporting it.
07-15 19:31:15.274  5700  5700 D OpenGLRenderer: Enabling debug mode 0
07-15 19:31:15.301  5700  5726 D FlurryAgent: Report successful
07-15 19:31:15.305  5700  5726 D FlurryAgent: Processing report response
07-15 19:31:15.305  5700  5726 D FlurryAgent: Done sending initial agent report
07-15 19:31:15.321   144   390 I ActivityManager: START {cmp=com.chess/.ui.activities.GameTacticsScreenActivity (has extras)} from pid 5700
07-15 19:31:15.414   144   390 D dalvikvm: GC_FOR_ALLOC freed 877K, 14% free 15031K/17287K, paused 67ms
07-15 19:31:15.422   144   160 I Process : Sending signal. PID: 5700 SIG: 3
07-15 19:31:15.422  5700  5704 I dalvikvm: threadid=3: reacting to signal 3
07-15 19:31:15.430  5700  5704 I dalvikvm: Wrote stack traces to '/data/anr/traces.txt'
07-15 19:31:15.586   144   175 I ActivityManager: Displayed com.chess/.ui.activities.HomeScreenActivity: +3s186ms (total +3s598ms)
07-15 19:31:15.637   291   538 I System.out: [INFO:11911607]: LogSource: Running flush
07-15 19:31:15.883   291   294 D dalvikvm: GC_CONCURRENT freed 472K, 7% free 10490K/11207K, paused 57ms+78ms
07-15 19:31:15.895  5700  5702 D dalvikvm: GC_CONCURRENT freed 225K, 3% free 12559K/12871K, paused 2ms+8ms
07-15 19:31:15.996  5700  5700 D rnbqkbnr/pppppppp/8/8/8/8/PPPPPPPP/RNBQKBNR: 0 4 7 56 60 63
07-15 19:31:16.028  5700  5700 D FlurryAgent: startSession called
07-15 19:31:16.055   291   539 I System.out: [INFO:11912024]: LogSource: Sending payload [bytes=542]
07-15 19:31:16.114  5700  5700 D TEST    : onCreateOptionsMenu called 
07-15 19:31:16.137   291   536 D androidNetworkLocationListeners: Still have listener com.google.android.location.internal.client.NetworkLocationClient$1@4135cec8
07-15 19:31:16.141   144   160 I Process : Sending signal. PID: 5700 SIG: 3
07-15 19:31:16.141  5700  5704 I dalvikvm: threadid=3: reacting to signal 3
07-15 19:31:16.164  5700  5704 I dalvikvm: Wrote stack traces to '/data/anr/traces.txt'
07-15 19:31:16.246  5700  5700 D OpenGLRenderer: Flushing caches (mode 0)
07-15 19:31:16.407   144   175 I ActivityManager: Displayed com.chess/.ui.activities.GameTacticsScreenActivity: +766ms
07-15 19:31:16.934   291   294 D dalvikvm: GC_CONCURRENT freed 412K, 6% free 10590K/11207K, paused 3ms+4ms
07-15 19:31:16.938   291   560 D CellLocator: Primary cell miss in cache. Need server request.
07-15 19:31:16.985   291   539 I System.out: [INFO:11912952]: LogSource: Response [http=200,length=302]
07-15 19:31:16.985   291   538 I System.out: [INFO:11912953]: LogSource: Read id 1, status code 200
07-15 19:31:17.012   291   560 D WifiLocator: Too many no-location APs. Will not compute a location nor go to the server. hasLocation=0 noLocation=0 cacheMiss=0
07-15 19:31:17.094   144   378 D dalvikvm: GC_EXPLICIT freed 314K, 14% free 14980K/17287K, paused 12ms+7ms
07-15 19:31:17.344   346   346 D SAN_SERVICE: *******************************************
07-15 19:31:17.344   346   346 D SAN_SERVICE: DM App Phone Service State - 0
07-15 19:31:17.344   346   346 D SAN_SERVICE: *******************************************
07-15 19:31:17.836   346   346 D SAN_SERVICE: *******************************************
07-15 19:31:17.836   346   346 D SAN_SERVICE: DM App Phone Service State - 0
07-15 19:31:17.836   346   346 D SAN_SERVICE: *******************************************
07-15 19:31:18.606   144   160 W ActivityManager: Activity destroy timeout for ActivityRecord{4167f280 com.google.android.talk/.SigningInActivity}
07-15 19:31:36.188   346   346 D SAN_SERVICE: *******************************************
07-15 19:31:36.188   346   346 D SAN_SERVICE: DM App Phone Service State - 0
07-15 19:31:36.188   346   346 D SAN_SERVICE: *******************************************
07-15 19:31:45.157  5374  5377 D dalvikvm: GC_CONCURRENT freed 509K, 6% free 10394K/11015K, paused 6ms+3ms
07-15 19:31:45.321  1351  1353 D dalvikvm: GC_CONCURRENT freed 400K, 9% free 10308K/11207K, paused 1ms+18ms
07-15 19:31:45.461  1351  1353 D dalvikvm: GC_CONCURRENT freed 173K, 7% free 10518K/11207K, paused 3ms+3ms
07-15 19:31:45.743   291  4396 W GTalkService: notifyPresenceChanged caught android.os.DeadObjectException, removing listener com.google.android.gtalkservice.IRosterListener$Stub$Proxy@413e8128
07-15 19:31:54.942  5665  5668 D dalvikvm: GC_CONCURRENT freed 551K, 7% free 9877K/10567K, paused 4ms+3ms
07-15 19:32:22.286   346   346 D SAN_SERVICE: *******************************************
07-15 19:32:22.286   346   346 D SAN_SERVICE: DM App Phone Service State - 0
07-15 19:32:22.286   346   346 D SAN_SERVICE: *******************************************
07-15 19:32:25.219  5700  5700 D FlurryAgent: startSession called
07-15 19:32:25.317  5700  5700 D OpenGLRenderer: Flushing caches (mode 0)
07-15 19:32:25.504   144   155 D dalvikvm: GC_FOR_ALLOC freed 346K, 14% free 14980K/17287K, paused 101ms
07-15 19:32:25.739   321   322 D dalvikvm: GC_CONCURRENT freed 464K, 18% free 10117K/12295K, paused 4ms+6ms
07-15 19:32:25.766  5700  5700 D OpenGLRenderer: Flushing caches (mode 0)
07-15 19:32:26.668   144   172 I power   : *** set_screen_state 0
07-15 19:32:26.719    78   123 D SurfaceFlinger: About to give-up screen, flinger = 0x16bd918
07-15 19:32:26.809   144   173 D dalvikvm: GC_FOR_ALLOC freed 187K, 14% free 14998K/17287K, paused 69ms
07-15 19:32:26.875   144   176 D dalvikvm: GC_FOR_ALLOC freed 10K, 13% free 15118K/17287K, paused 52ms
07-15 19:32:26.875   144   176 I dalvikvm-heap: Grow heap (frag case) to 14.942MB for 104992-byte allocation
07-15 19:32:26.950   144   173 D dalvikvm: GC_FOR_ALLOC freed <1K, 13% free 15220K/17415K, paused 60ms
07-15 19:32:27.020   144   176 D dalvikvm: GC_FOR_ALLOC freed <1K, 13% free 15221K/17415K, paused 50ms
07-15 19:32:27.020   144   176 I dalvikvm-heap: Grow heap (frag case) to 15.042MB for 104992-byte allocation
07-15 19:32:27.075   144   176 D dalvikvm: GC_FOR_ALLOC freed <1K, 13% free 15323K/17543K, paused 50ms
07-15 19:32:27.086   144   160 I ActivityManager: No longer want com.google.android.apps.currents (pid 5253): hidden #16
07-15 19:32:27.118  5700  5700 D OpenGLRenderer: Flushing caches (mode 1)
07-15 19:32:27.176   144   176 D dalvikvm: GC_FOR_ALLOC freed 28K, 13% free 15329K/17543K, paused 56ms
07-15 19:32:27.176   144   176 I dalvikvm-heap: Grow heap (frag case) to 15.148MB for 104992-byte allocation
07-15 19:32:27.180  5700  5700 D FlurryAgent: Ending session
07-15 19:32:27.243   144   156 D dalvikvm: GC_FOR_ALLOC freed 1K, 13% free 15430K/17671K, paused 54ms
07-15 19:32:27.309   144   176 D dalvikvm: GC_FOR_ALLOC freed <1K, 13% free 15431K/17671K, paused 54ms
07-15 19:32:27.309   144   176 I dalvikvm-heap: Grow heap (frag case) to 15.248MB for 104992-byte allocation
07-15 19:32:27.371   144   161 D dalvikvm: GC_FOR_ALLOC freed <1K, 13% free 15533K/17799K, paused 50ms
07-15 19:32:27.450   144   176 D dalvikvm: GC_FOR_ALLOC freed 16K, 13% free 15633K/17799K, paused 50ms
07-15 19:32:27.450   144   176 I dalvikvm-heap: Grow heap (frag case) to 15.445MB for 104992-byte allocation
07-15 19:32:27.512   144  1168 D dalvikvm: GC_FOR_ALLOC freed 1K, 13% free 15734K/17927K, paused 51ms
07-15 19:32:27.516   144   176 V TransportControlView: Create TCV com.android.internal.widget.TransportControlView@41336180
07-15 19:32:27.590   144  1168 D dalvikvm: GC_FOR_ALLOC freed 5K, 12% free 15794K/17927K, paused 51ms
07-15 19:32:27.590   144  1168 I dalvikvm-heap: Grow heap (frag case) to 15.625MB for 129616-byte allocation
07-15 19:32:27.653   144   176 D dalvikvm: GC_FOR_ALLOC freed 2K, 12% free 15918K/18055K, paused 50ms
07-15 19:32:27.711   215   215 D PhoneStatusBar: disable: < expand icons alerts ticker system_info back home RECENT* clock >
07-15 19:32:27.762   215   215 D PhoneStatusBar: disable: < expand icons alerts ticker system_info BACK* HOME* RECENT CLOCK* >
07-15 19:32:37.207  5700  5726 D FlurryAgent: Sending report to: http://data.flurry.com/aap.do
07-15 19:32:37.836  5700  5726 D FlurryAgent: Report successful
07-15 19:32:37.836  5700  5726 D FlurryAgent: Processing report response
07-15 19:32:37.840  5700  5726 D FlurryAgent: Done sending agent report
07-15 19:32:44.946  5374  5744 D dalvikvm: GC_FOR_ALLOC freed 160K, 6% free 10389K/11015K, paused 41ms
07-15 19:32:45.059  5374  5744 D dalvikvm: GC_FOR_ALLOC freed 52K, 6% free 10424K/11015K, paused 21ms
07-15 19:32:45.079  5374  5744 D dalvikvm: GC_FOR_ALLOC freed 13K, 6% free 10437K/11015K, paused 18ms
07-15 19:32:45.102  5374  5744 D dalvikvm: GC_FOR_ALLOC freed 26K, 6% free 10464K/11079K, paused 19ms
07-15 19:32:45.102  5374  5744 I dalvikvm-heap: Grow heap (frag case) to 10.324MB for 33945-byte allocation
07-15 19:32:45.121  5374  5744 D dalvikvm: GC_FOR_ALLOC freed 74K, 7% free 10422K/11143K, paused 19ms
07-15 19:32:45.192  5374  5745 D dalvikvm: GC_FOR_ALLOC freed 226K, 6% free 10525K/11143K, paused 19ms
07-15 19:32:45.223  5374  5744 D dalvikvm: GC_FOR_ALLOC freed 134K, 6% free 10529K/11143K, paused 19ms
07-15 19:32:45.258  5374  5745 D dalvikvm: GC_FOR_ALLOC freed 59K, 6% free 10573K/11143K, paused 22ms
07-15 19:32:45.258  5374  5745 I dalvikvm-heap: Grow heap (frag case) to 10.462MB for 67454-byte allocation
07-15 19:32:45.293  5374  5744 D dalvikvm: GC_FOR_ALLOC freed <1K, 6% free 10639K/11271K, paused 23ms
07-15 19:32:45.325  5374  5745 D dalvikvm: GC_FOR_ALLOC freed 177K, 7% free 10559K/11271K, paused 22ms
07-15 19:32:45.364  5374  5745 D dalvikvm: GC_FOR_ALLOC freed 134K, 7% free 10554K/11271K, paused 22ms
07-15 19:32:45.450  5374  5745 D dalvikvm: GC_FOR_ALLOC freed 224K, 6% free 10607K/11271K, paused 22ms
07-15 19:32:45.489  5374  5392 D dalvikvm: GC_FOR_ALLOC freed 180K, 6% free 10621K/11271K, paused 22ms
07-15 19:32:45.528  5374  5745 D dalvikvm: GC_FOR_ALLOC freed 96K, 6% free 10691K/11271K, paused 22ms
07-15 19:32:45.563  5374  5392 D dalvikvm: GC_FOR_ALLOC freed 142K, 6% free 10721K/11335K, paused 22ms
07-15 19:32:45.598  5374  5745 D dalvikvm: GC_FOR_ALLOC freed 178K, 7% free 10606K/11335K, paused 23ms
07-15 19:32:45.661  5374  5744 D dalvikvm: GC_FOR_ALLOC freed 177K, 6% free 10696K/11335K, paused 25ms
07-15 19:32:45.711  5374  5391 D dalvikvm: GC_FOR_ALLOC freed 152K, 6% free 10762K/11335K, paused 24ms
07-15 19:32:45.743  5374  5744 D dalvikvm: GC_FOR_ALLOC freed 203K, 6% free 10778K/11463K, paused 19ms
07-15 19:32:45.789  5374  5744 D dalvikvm: GC_FOR_ALLOC freed 166K, 5% free 10899K/11463K, paused 20ms
07-15 19:32:45.836  5374  5745 D dalvikvm: GC_FOR_ALLOC freed 297K, 6% free 10927K/11591K, paused 20ms
07-15 19:32:45.883  5374  5745 D dalvikvm: GC_FOR_ALLOC freed 215K, 7% free 10853K/11591K, paused 26ms
07-15 19:32:45.973  5374  5744 D dalvikvm: GC_FOR_ALLOC freed 238K, 6% free 10961K/11591K, paused 29ms
07-15 19:32:46.039  5374  5744 D dalvikvm: GC_FOR_ALLOC freed 396K, 6% free 11038K/11719K, paused 21ms
07-15 19:32:46.098  5374  5744 D dalvikvm: GC_FOR_ALLOC freed 423K, 6% free 11149K/11847K, paused 20ms
07-15 19:32:46.184  5374  5377 D dalvikvm: GC_CONCURRENT freed 479K, 5% free 11381K/11975K, paused 2ms+2ms
07-15 19:32:46.332  5374  5377 D dalvikvm: GC_CONCURRENT freed 784K, 8% free 11427K/12295K, paused 2ms+2ms
07-15 19:32:46.481  1351  1353 D dalvikvm: GC_CONCURRENT freed 702K, 8% free 10328K/11207K, paused 2ms+15ms
07-15 19:32:46.539  5374  5377 D dalvikvm: GC_CONCURRENT freed 718K, 7% free 11551K/12359K, paused 2ms+3ms
07-15 19:32:46.629  5374  5377 D dalvikvm: GC_CONCURRENT freed 734K, 8% free 11607K/12487K, paused 2ms+3ms
07-15 19:32:46.743  5374  5377 D dalvikvm: GC_CONCURRENT freed 695K, 7% free 11772K/12551K, paused 2ms+4ms
07-15 19:32:46.871  5374  5377 D dalvikvm: GC_CONCURRENT freed 752K, 7% free 11939K/12807K, paused 1ms+2ms
07-15 19:32:46.977  5374  5377 D dalvikvm: GC_CONCURRENT freed 816K, 8% free 12087K/12999K, paused 2ms+3ms
07-15 19:32:47.305  5374  5377 D dalvikvm: GC_CONCURRENT freed 881K, 8% free 12212K/13191K, paused 6ms+3ms
07-15 19:32:47.840  5374  5377 D dalvikvm: GC_CONCURRENT freed 1050K, 10% free 12156K/13383K, paused 14ms+2ms
07-15 19:32:48.043  5374  5390 D dalvikvm: GC_FOR_ALLOC freed 947K, 10% free 12120K/13383K, paused 48ms
07-15 19:32:48.293  5374  5745 D dalvikvm: GC_FOR_ALLOC freed 849K, 10% free 12116K/13383K, paused 24ms
07-15 19:32:48.719  5374  5377 D dalvikvm: GC_CONCURRENT freed 866K, 9% free 12181K/13383K, paused 2ms+2ms
07-15 19:32:49.000  5374  5745 D dalvikvm: GC_FOR_ALLOC freed 922K, 10% free 12090K/13383K, paused 24ms
07-15 19:32:49.090  5374  5377 D dalvikvm: GC_CONCURRENT freed 893K, 9% free 12208K/13383K, paused 2ms+2ms
07-15 19:32:49.579  5374  5393 D dalvikvm: GC_FOR_ALLOC freed 992K, 10% free 12095K/13383K, paused 24ms
07-15 19:32:49.653  5374  5744 D dalvikvm: GC_FOR_ALLOC freed 912K, 10% free 12076K/13383K, paused 23ms
07-15 19:32:50.110  5374  5377 D dalvikvm: GC_CONCURRENT freed 850K, 9% free 12180K/13383K, paused 2ms+2ms
07-15 19:32:50.204  5374  5744 D dalvikvm: GC_FOR_ALLOC freed 734K, 10% free 12138K/13383K, paused 25ms
07-15 19:32:50.270  5374  5745 D dalvikvm: GC_FOR_ALLOC freed 751K, 10% free 12096K/13383K, paused 23ms
07-15 19:32:50.590  5374  5745 D dalvikvm: GC_FOR_ALLOC freed 763K, 11% free 12024K/13383K, paused 24ms
07-15 19:32:50.883  5374  5744 D dalvikvm: GC_FOR_ALLOC freed 846K, 11% free 12037K/13383K, paused 23ms
07-15 19:32:51.090  5374  5745 D dalvikvm: GC_FOR_ALLOC freed 711K, 10% free 12071K/13383K, paused 28ms
07-15 19:32:51.840  5374  5377 D dalvikvm: GC_CONCURRENT freed 1112K, 12% free 11871K/13383K, paused 2ms+2ms
07-15 19:32:52.555  5374  5377 D dalvikvm: GC_CONCURRENT freed 868K, 11% free 11921K/13383K, paused 1ms+2ms
07-15 19:32:52.809  5374  5745 D dalvikvm: GC_FOR_ALLOC freed 931K, 13% free 11665K/13383K, paused 23ms
07-15 19:32:53.758  5374  5377 D dalvikvm: GC_CONCURRENT freed 913K, 14% free 11578K/13383K, paused 13ms+2ms
07-15 19:32:53.903  5374  5377 D dalvikvm: GC_CONCURRENT freed 893K, 15% free 11502K/13383K, paused 2ms+5ms
07-15 19:32:54.696  5374  5377 D dalvikvm: GC_CONCURRENT freed 1227K, 18% free 11060K/13383K, paused 2ms+5ms
07-15 19:32:54.961  5374  5377 D dalvikvm: GC_CONCURRENT freed 735K, 19% free 10891K/13383K, paused 2ms+6ms
07-15 19:32:55.657  5374  5377 D dalvikvm: GC_CONCURRENT freed 568K, 19% free 10897K/13383K, paused 1ms+2ms
07-15 19:32:55.911  5374  5377 D dalvikvm: GC_CONCURRENT freed 647K, 19% free 10862K/13383K, paused 2ms+2ms
07-15 19:32:56.743  5374  5377 D dalvikvm: GC_CONCURRENT freed 423K, 18% free 11037K/13383K, paused 2ms+3ms
07-15 19:32:57.219  5374  5377 D dalvikvm: GC_CONCURRENT freed 874K, 20% free 10828K/13383K, paused 2ms+3ms
07-15 19:32:57.809   291   291 D dalvikvm: GC_EXPLICIT freed 137K, 6% free 10586K/11207K, paused 20ms+3ms
07-15 19:33:09.168  2643  2656 I PhoneLab-: Service Running
07-15 19:33:09.250  2643  2656 I PhoneLab-LoggerService: app_37    1395  1     1432   992   c00f181c 400107b4 S logcat
07-15 19:33:09.250  2643  2656 I PhoneLab-LoggerService: Logcat pid from database 1395
07-15 19:33:09.250  2643  2656 I PhoneLab-LoggerService: Logcat process found 1395
07-15 19:33:09.250  2643  2656 I PhoneLab-LoggerService: Checking Threshold
07-15 19:33:46.532  1351  1353 D dalvikvm: GC_CONCURRENT freed 462K, 8% free 10375K/11207K, paused 2ms+3ms
07-15 19:34:25.137   346   346 D SAN_SERVICE: *******************************************
07-15 19:34:25.137   346   346 D SAN_SERVICE: DM App Phone Service State - 0
07-15 19:34:25.137   346   346 D SAN_SERVICE: *******************************************
07-15 19:34:25.668   346   346 D SAN_SERVICE: *******************************************
07-15 19:34:25.668   346   346 D SAN_SERVICE: DM App Phone Service State - 0
07-15 19:34:25.668   346   346 D SAN_SERVICE: *******************************************
07-15 19:34:46.485  5374  5377 D dalvikvm: GC_CONCURRENT freed 906K, 22% free 10524K/13383K, paused 1ms+2ms
07-15 19:34:46.598  1351  1353 D dalvikvm: GC_CONCURRENT freed 525K, 8% free 10353K/11207K, paused 2ms+2ms
07-15 19:34:51.032   346   346 D SAN_SERVICE: *******************************************
07-15 19:34:51.032   346   346 D SAN_SERVICE: DM App Phone Service State - 0
07-15 19:34:51.032   346   346 D SAN_SERVICE: *******************************************
07-15 19:34:51.067   346   348 D dalvikvm: GC_CONCURRENT freed 403K, 6% free 9458K/10055K, paused 26ms+2ms
07-15 19:34:51.770   346   346 D SAN_SERVICE: *******************************************
07-15 19:34:51.770   346   346 D SAN_SERVICE: DM App Phone Service State - 0
07-15 19:34:51.770   346   346 D SAN_SERVICE: *******************************************
07-15 19:35:01.223   346   346 D SAN_SERVICE: *******************************************
07-15 19:35:01.223   346   346 D SAN_SERVICE: DM App Phone Service State - 0
07-15 19:35:01.223   346   346 D SAN_SERVICE: *******************************************
07-15 19:35:01.762   346   346 D SAN_SERVICE: *******************************************
07-15 19:35:01.762   346   346 D SAN_SERVICE: DM App Phone Service State - 0
07-15 19:35:01.762   346   346 D SAN_SERVICE: *******************************************
07-15 19:35:09.168  2643  2656 I PhoneLab-: Service Running
07-15 19:35:09.250  2643  2656 I PhoneLab-LoggerService: app_37    1395  1     1432   992   c00f181c 400107b4 S logcat
07-15 19:35:09.250  2643  2656 I PhoneLab-LoggerService: Logcat pid from database 1395
07-15 19:35:09.250  2643  2656 I PhoneLab-LoggerService: Logcat process found 1395
07-15 19:35:09.250  2643  2656 I PhoneLab-LoggerService: Checking Threshold
07-15 19:35:21.700   346   346 D SAN_SERVICE: *******************************************
07-15 19:35:21.700   346   346 D SAN_SERVICE: DM App Phone Service State - 0
07-15 19:35:21.700   346   346 D SAN_SERVICE: *******************************************
07-15 19:35:22.200   346   346 D SAN_SERVICE: *******************************************
07-15 19:35:22.200   346   346 D SAN_SERVICE: DM App Phone Service State - 0
07-15 19:35:22.200   346   346 D SAN_SERVICE: *******************************************
07-15 19:35:22.743   346   346 D SAN_SERVICE: *******************************************
07-15 19:35:22.743   346   346 D SAN_SERVICE: DM App Phone Service State - 0
07-15 19:35:22.743   346   346 D SAN_SERVICE: *******************************************
07-15 19:35:42.180   346   346 D SAN_SERVICE: *******************************************
07-15 19:35:42.180   346   346 D SAN_SERVICE: DM App Phone Service State - 0
07-15 19:35:42.180   346   346 D SAN_SERVICE: *******************************************
07-15 19:35:42.688   346   346 D SAN_SERVICE: *******************************************
07-15 19:35:42.688   346   346 D SAN_SERVICE: DM App Phone Service State - 0
07-15 19:35:42.688   346   346 D SAN_SERVICE: *******************************************
07-15 19:35:46.629  1351  1353 D dalvikvm: GC_CONCURRENT freed 443K, 8% free 10316K/11207K, paused 1ms+2ms
07-15 19:35:52.207   346   346 D SAN_SERVICE: *******************************************
07-15 19:35:52.207   346   346 D SAN_SERVICE: DM App Phone Service State - 0
07-15 19:35:52.207   346   346 D SAN_SERVICE: *******************************************
07-15 19:36:07.786   346   346 D SAN_SERVICE: *******************************************
07-15 19:36:07.786   346   346 D SAN_SERVICE: DM App Phone Service State - 0
07-15 19:36:07.786   346   346 D SAN_SERVICE: *******************************************
07-15 19:36:07.985   346   346 D SAN_SERVICE: *******************************************
07-15 19:36:07.985   346   346 D SAN_SERVICE: DM App Phone Service State - 0
07-15 19:36:07.985   346   346 D SAN_SERVICE: *******************************************
07-15 19:36:12.446  5700  5781 D GetStringObjTask: retrieving from url = http://www.chess.com/api/get_move_status?id=5HHjW9WUGa%2Bcu1LUwnVJPxTIWxmEve4VdkRnRyg7b5Ch69JH2Z5aB%2B7eGuFw8K2uFx47KFsdE3JRdR3Mzv0PkZOj6eZ8N73BvxmEERrzXjMNRo80rkLyJAUTh0iqof4n
07-15 19:36:12.879   346   346 D SAN_SERVICE: *******************************************
07-15 19:36:12.879   346   346 D SAN_SERVICE: DM App Phone Service State - 0
07-15 19:36:12.883   346   346 D SAN_SERVICE: *******************************************
07-15 19:36:13.047  5700  5781 D GetStringObjTask: WebRequest SERVER RESPONSE: Success+0
07-15 19:36:13.110   346   346 D SAN_SERVICE: *******************************************
07-15 19:36:13.110   346   346 D SAN_SERVICE: DM App Phone Service State - 0
07-15 19:36:13.110   346   346 D SAN_SERVICE: *******************************************
07-15 19:36:18.028   346   346 D SAN_SERVICE: *******************************************
07-15 19:36:18.028   346   346 D SAN_SERVICE: DM App Phone Service State - 0
07-15 19:36:18.028   346   346 D SAN_SERVICE: *******************************************
07-15 19:36:37.043   144   388 D AlarmManagerService: Kernel timezone updated to 240 minutes west of GMT
07-15 19:36:39.805   346   346 D SAN_SERVICE: *******************************************
07-15 19:36:39.805   346   346 D SAN_SERVICE: DM App Phone Service State - 0
07-15 19:36:39.805   346   346 D SAN_SERVICE: *******************************************
07-15 19:36:40.079   346   346 D SAN_SERVICE: *******************************************
07-15 19:36:40.079   346   346 D SAN_SERVICE: DM App Phone Service State - 0
07-15 19:36:40.079   346   346 D SAN_SERVICE: *******************************************
07-15 19:36:46.590  5374  5377 D dalvikvm: GC_CONCURRENT freed 515K, 22% free 10521K/13383K, paused 2ms+3ms
07-15 19:36:46.711  1351  1353 D dalvikvm: GC_CONCURRENT freed 395K, 8% free 10318K/11207K, paused 2ms+2ms
07-15 19:36:52.082   144   144 D AlarmManagerService: Kernel timezone updated to 240 minutes west of GMT
07-15 19:36:57.121   346   346 D SAN_SERVICE: *******************************************
07-15 19:36:57.121   346   346 D SAN_SERVICE: DM App Phone Service State - 0
07-15 19:36:57.121   346   346 D SAN_SERVICE: *******************************************
07-15 19:37:06.110   144   144 D AlarmManagerService: Kernel timezone updated to 240 minutes west of GMT
07-15 19:37:09.168  2643  2656 I PhoneLab-: Service Running
07-15 19:37:09.262  2643  2656 I PhoneLab-LoggerService: app_37    1395  1     1432   992   c00f181c 400107b4 S logcat
07-15 19:37:09.262  2643  2656 I PhoneLab-LoggerService: Logcat pid from database 1395
07-15 19:37:09.262  2643  2656 I PhoneLab-LoggerService: Logcat process found 1395
07-15 19:37:09.262  2643  2656 I PhoneLab-LoggerService: Checking Threshold
07-15 19:37:38.172   144  1168 D AlarmManagerService: Kernel timezone updated to 240 minutes west of GMT
07-15 19:37:39.184   144   317 D AlarmManagerService: Kernel timezone updated to 240 minutes west of GMT
07-15 19:37:39.239   346   346 D SAN_SERVICE: *******************************************
07-15 19:37:39.239   346   346 D SAN_SERVICE: DM App Phone Service State - 0
07-15 19:37:39.239   346   346 D SAN_SERVICE: *******************************************
07-15 19:37:40.961   346   346 D SAN_SERVICE: *******************************************
07-15 19:37:40.961   346   346 D SAN_SERVICE: DM App Phone Service State - 0
07-15 19:37:40.961   346   346 D SAN_SERVICE: *******************************************
07-15 19:37:40.977   346   348 D dalvikvm: GC_CONCURRENT freed 392K, 6% free 9462K/10055K, paused 16ms+2ms
07-15 19:37:41.180   144   342 D AlarmManagerService: Kernel timezone updated to 240 minutes west of GMT
07-15 19:37:41.188   346   346 D SAN_SERVICE: *******************************************
07-15 19:37:41.188   346   346 D SAN_SERVICE: DM App Phone Service State - 0
07-15 19:37:41.188   346   346 D SAN_SERVICE: *******************************************
07-15 19:37:42.266   346   346 D SAN_SERVICE: *******************************************
07-15 19:37:42.266   346   346 D SAN_SERVICE: DM App Phone Service State - 0
07-15 19:37:42.266   346   346 D SAN_SERVICE: *******************************************
07-15 19:37:45.313   144   378 I ActivityManager: No longer want com.google.android.apps.googlevoice (pid 5283): hidden #16
07-15 19:37:45.321   144   144 W ActivityManager: Scheduling restart of crashed service com.google.android.apps.googlevoice/.CallLogService in 5000ms
07-15 19:37:45.407   144   144 D dalvikvm: GC_FOR_ALLOC freed 1220K, 13% free 15811K/18055K, paused 58ms
07-15 19:37:46.633  5374  5377 D dalvikvm: GC_CONCURRENT freed 555K, 22% free 10478K/13383K, paused 2ms+3ms
07-15 19:37:46.754   144   310 D dalvikvm: GC_EXPLICIT freed 281K, 14% free 15691K/18055K, paused 2ms+5ms
07-15 19:37:46.789   144   155 I ActivityManager: No longer want com.google.android.apps.maps:NetworkLocationService (pid 5374): hidden #16
07-15 19:37:46.797   144   388 W ActivityManager: Scheduling restart of crashed service com.google.android.apps.maps/com.google.android.location.internal.server.NetworkLocationService in 13521ms
07-15 19:37:48.829   346   346 D SAN_SERVICE: *******************************************
07-15 19:37:48.829   346   346 D SAN_SERVICE: DM App Phone Service State - 0
07-15 19:37:48.829   346   346 D SAN_SERVICE: *******************************************
07-15 19:37:50.329   144   161 I ActivityManager: Start proc com.google.android.apps.googlevoice for service com.google.android.apps.googlevoice/.CallLogService: pid=5788 uid=10054 gids={3003, 1015}
07-15 19:37:50.731  5788  5791 D dalvikvm: GC_CONCURRENT freed 280K, 4% free 9250K/9607K, paused 8ms+2ms
07-15 19:38:00.387   144   161 I ActivityManager: Start proc com.google.android.apps.maps:NetworkLocationService for service com.google.android.apps.maps/com.google.android.location.internal.server.NetworkLocationService: pid=5809 uid=10056 gids={3003, 1015}
07-15 19:38:00.539  5809  5812 D dalvikvm: GC_CONCURRENT freed 156K, 3% free 9376K/9607K, paused 2ms+3ms
07-15 19:38:00.903  5809  5812 D dalvikvm: GC_CONCURRENT freed 182K, 3% free 9706K/9991K, paused 1ms+3ms
07-15 19:38:01.102  5809  5812 D dalvikvm: GC_CONCURRENT freed 149K, 3% free 10083K/10311K, paused 1ms+3ms
07-15 19:38:01.262  5809  5812 D dalvikvm: GC_CONCURRENT freed 660K, 8% free 9882K/10631K, paused 2ms+2ms
07-15 19:38:01.379  1351  1353 D dalvikvm: GC_CONCURRENT freed 492K, 8% free 10319K/11207K, paused 1ms+3ms
07-15 19:38:01.461  5809  5816 I dalvikvm: Total arena pages for JIT: 11
07-15 19:38:01.469  5809  5816 I dalvikvm: Total arena pages for JIT: 12
07-15 19:38:01.469  5809  5816 I dalvikvm: Total arena pages for JIT: 13
07-15 19:38:01.469  5809  5816 I dalvikvm: Total arena pages for JIT: 14
07-15 19:38:01.473  5809  5816 I dalvikvm: Total arena pages for JIT: 15
07-15 19:38:01.473  5809  5816 I dalvikvm: Total arena pages for JIT: 16
07-15 19:38:01.473  5809  5816 I dalvikvm: Total arena pages for JIT: 17
07-15 19:38:01.555  5809  5816 I dalvikvm: Total arena pages for JIT: 18
07-15 19:38:01.688  5809  5812 D dalvikvm: GC_CONCURRENT freed 187K, 5% free 10177K/10631K, paused 2ms+2ms
07-15 19:38:01.762   346   346 D SAN_SERVICE: *******************************************
07-15 19:38:01.762   346   346 D SAN_SERVICE: DM App Phone Service State - 0
07-15 19:38:01.762   346   346 D SAN_SERVICE: *******************************************
07-15 19:38:02.348   346   346 D SAN_SERVICE: *******************************************
07-15 19:38:02.348   346   346 D SAN_SERVICE: DM App Phone Service State - 0
07-15 19:38:02.348   346   346 D SAN_SERVICE: *******************************************
07-15 19:38:06.313   144   310 D AlarmManagerService: Kernel timezone updated to 240 minutes west of GMT
07-15 19:38:11.313   144   378 D AlarmManagerService: Kernel timezone updated to 240 minutes west of GMT
07-15 19:38:18.340   144   388 D AlarmManagerService: Kernel timezone updated to 240 minutes west of GMT
07-15 19:38:26.020   346   346 D SAN_SERVICE: *******************************************
07-15 19:38:26.020   346   346 D SAN_SERVICE: DM App Phone Service State - 0
07-15 19:38:26.020   346   346 D SAN_SERVICE: *******************************************
07-15 19:38:26.286   346   346 D SAN_SERVICE: *******************************************
07-15 19:38:26.286   346   346 D SAN_SERVICE: DM App Phone Service State - 0
07-15 19:38:26.286   346   346 D SAN_SERVICE: *******************************************
07-15 19:38:32.727  5809  5812 D dalvikvm: GC_CONCURRENT freed 419K, 6% free 10202K/10759K, paused 2ms+1ms
07-15 19:38:44.293  4840  4842 D dalvikvm: GC_CONCURRENT freed 1853K, 34% free 13342K/20039K, paused 2ms+5ms
07-15 19:39:02.254  1351  1353 D dalvikvm: GC_CONCURRENT freed 503K, 8% free 10315K/11207K, paused 2ms+3ms
07-15 19:39:09.168  2643  2656 I PhoneLab-: Service Running
07-15 19:39:09.250  2643  2656 I PhoneLab-LoggerService: app_37    1395  1     1432   992   c00f181c 400107b4 S logcat
07-15 19:39:09.250  2643  2656 I PhoneLab-LoggerService: Logcat pid from database 1395
07-15 19:39:09.250  2643  2656 I PhoneLab-LoggerService: Logcat process found 1395
07-15 19:39:09.250  2643  2656 I PhoneLab-LoggerService: Checking Threshold
07-15 19:39:27.321   144   160 V BackupManagerService: Running a backup pass
07-15 19:39:27.332   144   214 V BackupManagerService: Backup requested but nothing pending
07-15 19:39:27.621   346   346 D SAN_SERVICE: *******************************************
07-15 19:39:27.621   346   346 D SAN_SERVICE: DM App Phone Service State - 0
07-15 19:39:27.621   346   346 D SAN_SERVICE: *******************************************
07-15 19:39:27.848   346   346 D SAN_SERVICE: *******************************************
07-15 19:39:27.848   346   346 D SAN_SERVICE: DM App Phone Service State - 0
07-15 19:39:27.848   346   346 D SAN_SERVICE: *******************************************
07-15 19:39:31.860   144  1168 D AlarmManagerService: Kernel timezone updated to 240 minutes west of GMT
07-15 19:39:36.403   346   346 D SAN_SERVICE: *******************************************
07-15 19:39:36.403   346   346 D SAN_SERVICE: DM App Phone Service State - 0
07-15 19:39:36.403   346   346 D SAN_SERVICE: *******************************************
07-15 19:39:36.871   144   144 D AlarmManagerService: Kernel timezone updated to 240 minutes west of GMT
07-15 19:39:36.875   346   346 D SAN_SERVICE: *******************************************
07-15 19:39:36.875   346   346 D SAN_SERVICE: DM App Phone Service State - 0
07-15 19:39:36.875   346   346 D SAN_SERVICE: *******************************************
07-15 19:39:40.883   144   390 D AlarmManagerService: Kernel timezone updated to 240 minutes west of GMT
07-15 19:39:43.887   144   342 D AlarmManagerService: Kernel timezone updated to 240 minutes west of GMT
07-15 19:39:43.965   346   346 D SAN_SERVICE: *******************************************
07-15 19:39:43.965   346   346 D SAN_SERVICE: DM App Phone Service State - 0
07-15 19:39:43.965   346   346 D SAN_SERVICE: *******************************************
07-15 19:39:44.141  5809  5812 D dalvikvm: GC_CONCURRENT freed 407K, 5% free 10334K/10823K, paused 2ms+2ms
07-15 19:39:45.891   144  1168 D AlarmManagerService: Kernel timezone updated to 240 minutes west of GMT
07-15 19:39:51.438   346   346 D SAN_SERVICE: *******************************************
07-15 19:39:51.438   346   346 D SAN_SERVICE: DM App Phone Service State - 0
07-15 19:39:51.438   346   346 D SAN_SERVICE: *******************************************
07-15 19:39:51.907   144   144 D AlarmManagerService: Kernel timezone updated to 240 minutes west of GMT
07-15 19:39:51.911   346   346 D SAN_SERVICE: *******************************************
07-15 19:39:51.911   346   346 D SAN_SERVICE: DM App Phone Service State - 0
07-15 19:39:51.911   346   346 D SAN_SERVICE: *******************************************
07-15 19:39:52.899   144   310 D AlarmManagerService: Kernel timezone updated to 240 minutes west of GMT
07-15 19:39:53.426   346   346 D SAN_SERVICE: *******************************************
07-15 19:39:53.426   346   346 D SAN_SERVICE: DM App Phone Service State - 0
07-15 19:39:53.426   346   346 D SAN_SERVICE: *******************************************
07-15 19:39:53.739   346   346 D SAN_SERVICE: *******************************************
07-15 19:39:53.739   346   346 D SAN_SERVICE: DM App Phone Service State - 0
07-15 19:39:53.739   346   346 D SAN_SERVICE: *******************************************
07-15 19:39:53.770   346   348 D dalvikvm: GC_CONCURRENT freed 379K, 6% free 9468K/10055K, paused 6ms+2ms
07-15 19:40:00.914   144   342 D AlarmManagerService: Kernel timezone updated to 240 minutes west of GMT
07-15 19:40:03.454  5809  5812 D dalvikvm: GC_CONCURRENT freed 503K, 6% free 10372K/10951K, paused 2ms+2ms
07-15 19:40:03.563  1351  1353 D dalvikvm: GC_CONCURRENT freed 463K, 8% free 10363K/11207K, paused 2ms+3ms
07-15 19:40:03.969  1351  1353 D dalvikvm: GC_CONCURRENT freed 568K, 9% free 10305K/11207K, paused 2ms+3ms
07-15 19:40:07.922   144   155 D AlarmManagerService: Kernel timezone updated to 240 minutes west of GMT
07-15 19:40:14.938   144   388 D AlarmManagerService: Kernel timezone updated to 240 minutes west of GMT
07-15 19:40:21.954   144  1167 D AlarmManagerService: Kernel timezone updated to 240 minutes west of GMT
07-15 19:40:27.954   144   310 D AlarmManagerService: Kernel timezone updated to 240 minutes west of GMT
07-15 19:40:27.957   346   346 D SystemClock: Setting time of day to sec=1342395628
07-15 19:40:28.083  5429  5455 V AlarmClock: AlarmInitReceiver finished
07-15 19:40:35.044   144   155 D AlarmManagerService: Kernel timezone updated to 240 minutes west of GMT
07-15 19:40:43.071   144   342 D AlarmManagerService: Kernel timezone updated to 240 minutes west of GMT
07-15 19:40:51.090   144   317 D AlarmManagerService: Kernel timezone updated to 240 minutes west of GMT
07-15 19:40:58.106   144  1167 D AlarmManagerService: Kernel timezone updated to 240 minutes west of GMT
07-15 19:41:03.567  5809  5812 D dalvikvm: GC_CONCURRENT freed 567K, 6% free 10370K/11015K, paused 1ms+2ms
07-15 19:41:03.704  1351  1353 D dalvikvm: GC_CONCURRENT freed 454K, 8% free 10327K/11207K, paused 2ms+2ms
07-15 19:41:08.137   144   156 D AlarmManagerService: Kernel timezone updated to 240 minutes west of GMT
07-15 19:41:09.255  2643  2656 I PhoneLab-: Service Running
07-15 19:41:09.321  2643  2656 I PhoneLab-LoggerService: app_37    1395  1     1432   992   c00f181c 400107b4 S logcat
07-15 19:41:09.321  2643  2656 I PhoneLab-LoggerService: Logcat pid from database 1395
07-15 19:41:09.321  2643  2656 I PhoneLab-LoggerService: Logcat process found 1395
07-15 19:41:09.321  2643  2656 I PhoneLab-LoggerService: Checking Threshold
07-15 19:41:12.430  5700  5714 D GetStringObjTask: retrieving from url = http://www.chess.com/api/get_move_status?id=5HHjW9WUGa%2Bcu1LUwnVJPxTIWxmEve4VdkRnRyg7b5Ch69JH2Z5aB%2B7eGuFw8K2uFx47KFsdE3JRdR3Mzv0PkZOj6eZ8N73BvxmEERrzXjMNRo80rkLyJAUTh0iqof4n
07-15 19:41:13.130  5700  5714 D GetStringObjTask: WebRequest SERVER RESPONSE: Success+0
07-15 19:41:22.145   144   155 D AlarmManagerService: Kernel timezone updated to 240 minutes west of GMT
07-15 19:41:23.176   144   317 D AlarmManagerService: Kernel timezone updated to 240 minutes west of GMT
07-15 19:41:23.184   346   346 D SAN_SERVICE: *******************************************
07-15 19:41:23.184   346   346 D SAN_SERVICE: DM App Phone Service State - 0
07-15 19:41:23.184   346   346 D SAN_SERVICE: *******************************************
07-15 19:41:43.192   144  1167 D AlarmManagerService: Kernel timezone updated to 240 minutes west of GMT
07-15 19:41:43.395   346   346 D SAN_SERVICE: *******************************************
07-15 19:41:43.395   346   346 D SAN_SERVICE: DM App Phone Service State - 0
07-15 19:41:43.395   346   346 D SAN_SERVICE: *******************************************
07-15 19:41:48.512   346   346 D SAN_SERVICE: *******************************************
07-15 19:41:48.512   346   346 D SAN_SERVICE: DM App Phone Service State - 0
07-15 19:41:48.512   346   346 D SAN_SERVICE: *******************************************
07-15 19:41:54.993   144   155 D AlarmManagerService: Kernel timezone updated to 240 minutes west of GMT
07-15 19:42:02.325   144  1168 D dalvikvm: GC_EXPLICIT freed 1047K, 13% free 15830K/18055K, paused 20ms+8ms
07-15 19:42:03.786  1351  1353 D dalvikvm: GC_CONCURRENT freed 422K, 8% free 10355K/11207K, paused 1ms+3ms
07-15 19:42:05.024   144   155 D AlarmManagerService: Kernel timezone updated to 240 minutes west of GMT
07-15 19:42:05.165  1351  1353 D dalvikvm: GC_CONCURRENT freed 257K, 6% free 10561K/11207K, paused 2ms+3ms
07-15 19:42:05.227   346   346 D SAN_SERVICE: *******************************************
07-15 19:42:05.227   346   346 D SAN_SERVICE: DM App Phone Service State - 0
07-15 19:42:05.227   346   346 D SAN_SERVICE: *******************************************
07-15 19:42:06.024   346   346 D SAN_SERVICE: *******************************************
07-15 19:42:06.024   346   346 D SAN_SERVICE: DM App Phone Service State - 0
07-15 19:42:06.024   346   346 D SAN_SERVICE: *******************************************
07-15 19:42:06.036  5611  5854 I SqliteDatabaseCpp: sqlite returned: error code = 1, msg = no such column: wipeout_stats, db=/data/data/com.google.android.apps.plus/databases/es0.db
07-15 19:42:06.036  5611  5854 W System.err: android.database.sqlite.SQLiteException: no such column: wipeout_stats: , while compiling: SELECT wipeout_stats  FROM account_status
07-15 19:42:06.040  5611  5854 W System.err: 	at android.database.sqlite.SQLiteCompiledSql.native_compile(Native Method)
07-15 19:42:06.044  5611  5854 W System.err: 	at android.database.sqlite.SQLiteCompiledSql.<init>(SQLiteCompiledSql.java:68)
07-15 19:42:06.044  5611  5854 W System.err: 	at android.database.sqlite.SQLiteProgram.compileSql(SQLiteProgram.java:143)
07-15 19:42:06.044  5611  5854 W System.err: 	at android.database.sqlite.SQLiteProgram.compileAndbindAllArgs(SQLiteProgram.java:361)
07-15 19:42:06.044  5611  5854 W System.err: 	at android.database.sqlite.SQLiteStatement.acquireAndLock(SQLiteStatement.java:260)
07-15 19:42:06.044  5611  5854 W System.err: 	at android.database.sqlite.SQLiteStatement.simpleQueryForLong(SQLiteStatement.java:137)
07-15 19:42:06.044  5611  5854 W System.err: 	at android.database.DatabaseUtils.longForQuery(DatabaseUtils.java:791)
07-15 19:42:06.044  5611  5854 W System.err: 	at android.database.DatabaseUtils.longForQuery(DatabaseUtils.java:779)
07-15 19:42:06.044  5611  5854 W System.err: 	at com.google.android.apps.plus.content.EsAccountsData.isContactsStatsWipeoutNeeded(EsAccountsData.java:641)
07-15 19:42:06.044  5611  5854 W System.err: 	at com.google.android.apps.plus.service.EsService.processIntent(EsService.java:4246)
07-15 19:42:06.044  5611  5854 W System.err: 	at com.google.android.apps.plus.service.ServiceThread$1.run(ServiceThread.java:50)
07-15 19:42:06.044  5611  5854 W System.err: 	at android.os.Handler.handleCallback(Handler.java:605)
07-15 19:42:06.044  5611  5854 W System.err: 	at android.os.Handler.dispatchMessage(Handler.java:92)
07-15 19:42:06.044  5611  5854 W System.err: 	at android.os.Looper.loop(Looper.java:137)
07-15 19:42:06.044  5611  5854 W System.err: 	at com.google.android.apps.plus.service.ServiceThread.run(ServiceThread.java:122)
07-15 19:42:08.481  5611  5613 D dalvikvm: GC_CONCURRENT freed 1183K, 19% free 13297K/16327K, paused 2ms+3ms
07-15 19:42:10.051   144  1167 D AlarmManagerService: Kernel timezone updated to 240 minutes west of GMT
07-15 19:42:15.208  5611  5613 D dalvikvm: GC_CONCURRENT freed 1304K, 19% free 13306K/16327K, paused 2ms+3ms
07-15 19:42:15.548   346   346 D SAN_SERVICE: *******************************************
07-15 19:42:15.548   346   346 D SAN_SERVICE: DM App Phone Service State - 0
07-15 19:42:15.548   346   346 D SAN_SERVICE: *******************************************
07-15 19:42:16.087   346   346 D SAN_SERVICE: *******************************************
07-15 19:42:16.087   346   346 D SAN_SERVICE: DM App Phone Service State - 0
07-15 19:42:16.087   346   346 D SAN_SERVICE: *******************************************
07-15 19:42:18.044   144   155 D AlarmManagerService: Kernel timezone updated to 240 minutes west of GMT
07-15 19:42:21.739  5611  5613 D dalvikvm: GC_CONCURRENT freed 657K, 15% free 14007K/16327K, paused 2ms+3ms
07-15 19:42:21.774  5611  5855 D dalvikvm: GC_FOR_ALLOC freed 385K, 17% free 13622K/16327K, paused 37ms
07-15 19:42:21.774  5611  5855 I dalvikvm-heap: Grow heap (frag case) to 13.710MB for 349964-byte allocation
07-15 19:42:21.825  5611  5855 D dalvikvm: GC_FOR_ALLOC freed 0K, 17% free 13963K/16711K, paused 36ms
07-15 19:42:22.063  5611  5618 I dalvikvm: Jit: resizing JitTable from 4096 to 8192
07-15 19:42:22.337  5611  5613 D dalvikvm: GC_CONCURRENT freed 993K, 14% free 14535K/16711K, paused 2ms+4ms
07-15 19:42:23.930  5611  5613 D dalvikvm: GC_CONCURRENT freed 1754K, 14% free 14497K/16711K, paused 2ms+3ms
07-15 19:42:26.555  5611  5613 D dalvikvm: GC_CONCURRENT freed 2484K, 18% free 13719K/16711K, paused 24ms+3ms
07-15 19:42:26.997  5611  5855 I SqliteDatabaseCpp: sqlite returned: error code = 1, msg = no such column: last_stats_sync_time, db=/data/data/com.google.android.apps.plus/databases/es0.db
07-15 19:42:27.001  5611  5855 E EsSyncAdapterService: Sync failure
07-15 19:42:27.001  5611  5855 E EsSyncAdapterService: android.database.sqlite.SQLiteException: no such column: last_stats_sync_time: , while compiling: SELECT last_stats_sync_time  FROM account_status
07-15 19:42:27.001  5611  5855 E EsSyncAdapterService: 	at android.database.sqlite.SQLiteCompiledSql.native_compile(Native Method)
07-15 19:42:27.001  5611  5855 E EsSyncAdapterService: 	at android.database.sqlite.SQLiteCompiledSql.<init>(SQLiteCompiledSql.java:68)
07-15 19:42:27.001  5611  5855 E EsSyncAdapterService: 	at android.database.sqlite.SQLiteProgram.compileSql(SQLiteProgram.java:143)
07-15 19:42:27.001  5611  5855 E EsSyncAdapterService: 	at android.database.sqlite.SQLiteProgram.compileAndbindAllArgs(SQLiteProgram.java:361)
07-15 19:42:27.001  5611  5855 E EsSyncAdapterService: 	at android.database.sqlite.SQLiteStatement.acquireAndLock(SQLiteStatement.java:260)
07-15 19:42:27.001  5611  5855 E EsSyncAdapterService: 	at android.database.sqlite.SQLiteStatement.simpleQueryForLong(SQLiteStatement.java:137)
07-15 19:42:27.001  5611  5855 E EsSyncAdapterService: 	at android.database.DatabaseUtils.longForQuery(DatabaseUtils.java:791)
07-15 19:42:27.001  5611  5855 E EsSyncAdapterService: 	at android.database.DatabaseUtils.longForQuery(DatabaseUtils.java:779)
07-15 19:42:27.001  5611  5855 E EsSyncAdapterService: 	at com.google.android.apps.plus.content.EsAccountsData.queryLastStatsSyncTimestamp(EsAccountsData.java:570)
07-15 19:42:27.001  5611  5855 E EsSyncAdapterService: 	at com.google.android.apps.plus.service.EsSyncAdapterService.syncContactsStatsIfNecessary(EsSyncAdapterService.java:670)
07-15 19:42:27.001  5611  5855 E EsSyncAdapterService: 	at com.google.android.apps.plus.service.EsSyncAdapterService.doFullSync(EsSyncAdapterService.java:633)
07-15 19:42:27.001  5611  5855 E EsSyncAdapterService: 	at com.google.android.apps.plus.service.EsSyncAdapterService.doSync(EsSyncAdapterService.java:566)
07-15 19:42:27.001  5611  5855 E EsSyncAdapterService: 	at com.google.android.apps.plus.service.EsSyncAdapterService.access$100(EsSyncAdapterService.java:52)
07-15 19:42:27.001  5611  5855 E EsSyncAdapterService: 	at com.google.android.apps.plus.service.EsSyncAdapterService$SyncAdapterImpl.onPerformSync(EsSyncAdapterService.java:408)
07-15 19:42:27.001  5611  5855 E EsSyncAdapterService: 	at android.content.AbstractThreadedSyncAdapter$SyncThread.run(AbstractThreadedSyncAdapter.java:247)
07-15 19:42:27.020   144   169 D SyncManager: failed sync operation lokeshmandvekar@gmail.com (com.google), com.google.android.apps.plus.content.EsProvider, SERVER, earliestRunTime 12600030, SyncResult: stats [ numParseExceptions: 1]
07-15 19:42:27.024   144   169 D SyncManager: not retrying sync operation because the error is a hard error: lokeshmandvekar@gmail.com (com.google), com.google.android.apps.plus.content.EsProvider, SERVER, earliestRunTime 12621019
07-15 19:42:32.380  4616  4628 D dalvikvm: GC_EXPLICIT freed 358K, 7% free 9502K/10119K, paused 1ms+3ms
07-15 19:42:32.633  5611  5613 D dalvikvm: GC_CONCURRENT freed 1887K, 21% free 13293K/16711K, paused 3ms+4ms
07-15 19:42:33.583  5665  5668 D dalvikvm: GC_CONCURRENT freed 281K, 6% free 9980K/10567K, paused 2ms+2ms
07-15 19:42:34.520  4616  4618 D dalvikvm: GC_CONCURRENT freed 339K, 6% free 9552K/10119K, paused 7ms+4ms
07-15 19:43:02.391   346   346 D SAN_SERVICE: *******************************************
07-15 19:43:02.391   346   346 D SAN_SERVICE: DM App Phone Service State - 0
07-15 19:43:02.391   346   346 D SAN_SERVICE: *******************************************
07-15 19:43:02.606   346   346 D SAN_SERVICE: *******************************************
07-15 19:43:02.606   346   346 D SAN_SERVICE: DM App Phone Service State - 0
07-15 19:43:02.606   346   346 D SAN_SERVICE: *******************************************
07-15 19:43:03.692  5809  5812 D dalvikvm: GC_CONCURRENT freed 502K, 6% free 10379K/11015K, paused 2ms+2ms
07-15 19:43:03.825  1351  1353 D dalvikvm: GC_CONCURRENT freed 737K, 8% free 10337K/11207K, paused 1ms+3ms
07-15 19:43:04.118   346   346 D SAN_SERVICE: *******************************************
07-15 19:43:04.118   346   346 D SAN_SERVICE: DM App Phone Service State - 0
07-15 19:43:04.118   346   346 D SAN_SERVICE: *******************************************
07-15 19:43:04.622   346   346 D SAN_SERVICE: *******************************************
07-15 19:43:04.622   346   346 D SAN_SERVICE: DM App Phone Service State - 0
07-15 19:43:04.622   346   346 D SAN_SERVICE: *******************************************
07-15 19:43:06.864   291   294 D dalvikvm: GC_CONCURRENT freed 339K, 6% free 10642K/11207K, paused 7ms+4ms
07-15 19:43:07.204  5665  5668 D dalvikvm: GC_CONCURRENT freed 358K, 6% free 10005K/10567K, paused 1ms+2ms
07-15 19:43:07.493   346   346 D SAN_SERVICE: *******************************************
07-15 19:43:07.493   346   346 D SAN_SERVICE: DM App Phone Service State - 0
07-15 19:43:07.493   346   346 D SAN_SERVICE: *******************************************
07-15 19:43:07.786   144   317 D dalvikvm: GC_EXPLICIT freed 555K, 13% free 15736K/18055K, paused 24ms+6ms
07-15 19:43:07.833   346   346 D SAN_SERVICE: *******************************************
07-15 19:43:07.833   346   346 D SAN_SERVICE: DM App Phone Service State - 0
07-15 19:43:07.833   346   346 D SAN_SERVICE: *******************************************
07-15 19:43:09.169  2643  2656 I PhoneLab-: Service Running
07-15 19:43:09.262  2643  2656 I PhoneLab-LoggerService: app_37    1395  1     1432   992   c00f181c 400107b4 S logcat
07-15 19:43:09.266  2643  2656 I PhoneLab-LoggerService: Logcat pid from database 1395
07-15 19:43:09.266  2643  2656 I PhoneLab-LoggerService: Logcat process found 1395
07-15 19:43:09.266  2643  2656 I PhoneLab-LoggerService: Checking Threshold
07-15 19:43:17.954   346   346 D SAN_SERVICE: *******************************************
07-15 19:43:17.954   346   346 D SAN_SERVICE: DM App Phone Service State - 0
07-15 19:43:17.954   346   346 D SAN_SERVICE: *******************************************
07-15 19:43:18.700   346   346 D SAN_SERVICE: *******************************************
07-15 19:43:18.700   346   346 D SAN_SERVICE: DM App Phone Service State - 0
07-15 19:43:18.704   346   346 D SAN_SERVICE: *******************************************
07-15 19:43:43.567   346   346 D SAN_SERVICE: *******************************************
07-15 19:43:43.567   346   346 D SAN_SERVICE: DM App Phone Service State - 0
07-15 19:43:43.567   346   346 D SAN_SERVICE: *******************************************
07-15 19:43:43.833   346   346 D SAN_SERVICE: *******************************************
07-15 19:43:43.833   346   346 D SAN_SERVICE: DM App Phone Service State - 0
07-15 19:43:43.833   346   346 D SAN_SERVICE: *******************************************
07-15 19:43:44.587   346   346 D SAN_SERVICE: *******************************************
07-15 19:43:44.587   346   346 D SAN_SERVICE: DM App Phone Service State - 0
07-15 19:43:44.587   346   346 D SAN_SERVICE: *******************************************
07-15 19:43:44.817   346   346 D SAN_SERVICE: *******************************************
07-15 19:43:44.817   346   346 D SAN_SERVICE: DM App Phone Service State - 0
07-15 19:43:44.817   346   346 D SAN_SERVICE: *******************************************
07-15 19:43:45.325   346   346 D SAN_SERVICE: *******************************************
07-15 19:43:45.325   346   346 D SAN_SERVICE: DM App Phone Service State - 0
07-15 19:43:45.325   346   346 D SAN_SERVICE: *******************************************
07-15 19:43:45.641   346   346 D SAN_SERVICE: *******************************************
07-15 19:43:45.641   346   346 D SAN_SERVICE: DM App Phone Service State - 0
07-15 19:43:45.641   346   346 D SAN_SERVICE: *******************************************
07-15 19:43:45.669   346   348 D dalvikvm: GC_CONCURRENT freed 452K, 6% free 9466K/10055K, paused 23ms+2ms
07-15 19:43:45.766   346   346 D SAN_SERVICE: *******************************************
07-15 19:43:45.766   346   346 D SAN_SERVICE: DM App Phone Service State - 0
07-15 19:43:45.766   346   346 D SAN_SERVICE: *******************************************
07-15 19:43:48.114  4840  5868 D dalvikvm: GC_FOR_ALLOC freed 1089K, 33% free 13466K/20039K, paused 139ms
07-15 19:43:48.524  4840  4842 D dalvikvm: GC_CONCURRENT freed 671K, 30% free 14158K/20039K, paused 2ms+5ms
07-15 19:43:50.227  4840  5868 I DatabaseHelper: Begin cleanup.
07-15 19:43:52.278   346   346 D SAN_SERVICE: *******************************************
07-15 19:43:52.278   346   346 D SAN_SERVICE: DM App Phone Service State - 0
07-15 19:43:52.278   346   346 D SAN_SERVICE: *******************************************
07-15 19:43:52.774   144   144 D AlarmManagerService: Kernel timezone updated to 240 minutes west of GMT
07-15 19:43:52.782   346   346 D SAN_SERVICE: *******************************************
07-15 19:43:52.782   346   346 D SAN_SERVICE: DM App Phone Service State - 0
07-15 19:43:52.782   346   346 D SAN_SERVICE: *******************************************
07-15 19:43:54.102  4840  5868 I DatabaseHelper: Cleaned up: 651
07-15 19:43:56.821   144   378 D AlarmManagerService: Kernel timezone updated to 240 minutes west of GMT
07-15 19:43:59.840   144   388 D AlarmManagerService: Kernel timezone updated to 240 minutes west of GMT
07-15 19:43:59.899   346   346 D SAN_SERVICE: *******************************************
07-15 19:43:59.899   346   346 D SAN_SERVICE: DM App Phone Service State - 0
07-15 19:43:59.899   346   346 D SAN_SERVICE: *******************************************
07-15 19:44:01.840   144   388 D AlarmManagerService: Kernel timezone updated to 240 minutes west of GMT
07-15 19:44:03.848  5809  5812 D dalvikvm: GC_CONCURRENT freed 426K, 6% free 10387K/11015K, paused 2ms+11ms
07-15 19:44:03.915  1351  1353 D dalvikvm: GC_CONCURRENT freed 447K, 8% free 10317K/11207K, paused 1ms+3ms
07-15 19:44:05.598  1351  1351 D dalvikvm: GC_EXPLICIT freed 53K, 9% free 10269K/11207K, paused 6ms+3ms
07-15 19:44:05.637  5809  5812 D dalvikvm: GC_CONCURRENT freed 398K, 6% free 10405K/11015K, paused 2ms+10ms
07-15 19:44:06.860   144   317 D AlarmManagerService: Kernel timezone updated to 240 minutes west of GMT
07-15 19:44:06.876   346   346 D SAN_SERVICE: *******************************************
07-15 19:44:06.876   346   346 D SAN_SERVICE: DM App Phone Service State - 0
07-15 19:44:06.876   346   346 D SAN_SERVICE: *******************************************
07-15 19:44:08.864   346   346 D SAN_SERVICE: *******************************************
07-15 19:44:08.864   346   346 D SAN_SERVICE: DM App Phone Service State - 0
07-15 19:44:08.864   346   346 D SAN_SERVICE: *******************************************
07-15 19:44:09.309   346   346 D SAN_SERVICE: *******************************************
07-15 19:44:09.313   346   346 D SAN_SERVICE: DM App Phone Service State - 0
07-15 19:44:09.313   346   346 D SAN_SERVICE: *******************************************
07-15 19:44:09.848   144  1167 D AlarmManagerService: Kernel timezone updated to 240 minutes west of GMT
07-15 19:44:10.356   346   346 D SAN_SERVICE: *******************************************
07-15 19:44:10.356   346   346 D SAN_SERVICE: DM App Phone Service State - 0
07-15 19:44:10.356   346   346 D SAN_SERVICE: *******************************************
07-15 19:44:10.938   144   378 D AlarmManagerService: Kernel timezone updated to 240 minutes west of GMT
07-15 19:44:10.950   346   346 D SAN_SERVICE: *******************************************
07-15 19:44:10.950   346   346 D SAN_SERVICE: DM App Phone Service State - 0
07-15 19:44:10.950   346   346 D SAN_SERVICE: *******************************************
07-15 19:44:17.876   144   155 D AlarmManagerService: Kernel timezone updated to 240 minutes west of GMT
07-15 19:44:24.883   144   342 D AlarmManagerService: Kernel timezone updated to 240 minutes west of GMT
07-15 19:44:31.891   144  1167 D AlarmManagerService: Kernel timezone updated to 240 minutes west of GMT
07-15 19:44:38.903   144   310 D AlarmManagerService: Kernel timezone updated to 240 minutes west of GMT
07-15 19:44:50.934   144   144 D AlarmManagerService: Kernel timezone updated to 240 minutes west of GMT
07-15 19:44:53.700   346   346 D SAN_SERVICE: *******************************************
07-15 19:44:53.700   346   346 D SAN_SERVICE: DM App Phone Service State - 0
07-15 19:44:53.700   346   346 D SAN_SERVICE: *******************************************
07-15 19:44:53.969   144   342 D AlarmManagerService: Kernel timezone updated to 240 minutes west of GMT
07-15 19:44:53.977   346   346 D SAN_SERVICE: *******************************************
07-15 19:44:53.977   346   346 D SAN_SERVICE: DM App Phone Service State - 0
07-15 19:44:53.977   346   346 D SAN_SERVICE: *******************************************
07-15 19:44:56.540   346   346 D SAN_SERVICE: *******************************************
07-15 19:44:56.540   346   346 D SAN_SERVICE: DM App Phone Service State - 0
07-15 19:44:56.540   346   346 D SAN_SERVICE: *******************************************
07-15 19:44:56.590   346   348 D dalvikvm: GC_CONCURRENT freed 387K, 6% free 9471K/10055K, paused 2ms+3ms
07-15 19:45:03.848  1351  1353 D dalvikvm: GC_CONCURRENT freed 456K, 8% free 10311K/11207K, paused 1ms+2ms
07-15 19:45:09.165  2643  2656 I PhoneLab-: Service Running
07-15 19:45:09.243  2643  2656 I PhoneLab-LoggerService: app_37    1395  1     1432   992   c00f181c 400107b4 S logcat
07-15 19:45:09.243  2643  2656 I PhoneLab-LoggerService: Logcat pid from database 1395
07-15 19:45:09.243  2643  2656 I PhoneLab-LoggerService: Logcat process found 1395
07-15 19:45:09.243  2643  2656 I PhoneLab-LoggerService: Checking Threshold
07-15 19:45:20.001   144  1167 D AlarmManagerService: Kernel timezone updated to 240 minutes west of GMT
07-15 19:45:32.016   144   388 D AlarmManagerService: Kernel timezone updated to 240 minutes west of GMT
07-15 19:45:46.044   144  1168 D AlarmManagerService: Kernel timezone updated to 240 minutes west of GMT
07-15 19:46:00.071   144   310 D AlarmManagerService: Kernel timezone updated to 240 minutes west of GMT
07-15 19:46:03.876  5809  5812 D dalvikvm: GC_CONCURRENT freed 510K, 6% free 10406K/11015K, paused 2ms+2ms
07-15 19:46:03.965  1351  1353 D dalvikvm: GC_CONCURRENT freed 474K, 8% free 10349K/11207K, paused 2ms+3ms
07-15 19:46:04.059  1351  1353 D dalvikvm: GC_CONCURRENT freed 302K, 7% free 10438K/11207K, paused 2ms+2ms
07-15 19:46:10.075   144   156 D AlarmManagerService: Kernel timezone updated to 240 minutes west of GMT
07-15 19:46:12.469  5700  5728 D GetStringObjTask: retrieving from url = http://www.chess.com/api/get_move_status?id=5HHjW9WUGa%2Bcu1LUwnVJPxTIWxmEve4VdkRnRyg7b5Ch69JH2Z5aB%2B7eGuFw8K2uFx47KFsdE3JRdR3Mzv0PkZOj6eZ8N73BvxmEERrzXjMNRo80rkLyJAUTh0iqof4n
07-15 19:46:13.383  5700  5702 D dalvikvm: GC_CONCURRENT freed 495K, 5% free 13155K/13767K, paused 15ms+4ms
07-15 19:46:13.751  5700  5728 D GetStringObjTask: WebRequest SERVER RESPONSE: Success+0
07-15 19:46:19.098   144   342 D AlarmManagerService: Kernel timezone updated to 240 minutes west of GMT
07-15 19:46:28.114   144   156 D AlarmManagerService: Kernel timezone updated to 240 minutes west of GMT
07-15 19:46:38.130   144  1168 D AlarmManagerService: Kernel timezone updated to 240 minutes west of GMT
07-15 19:46:47.153   144   388 D AlarmManagerService: Kernel timezone updated to 240 minutes west of GMT
07-15 19:46:58.165   144   155 D AlarmManagerService: Kernel timezone updated to 240 minutes west of GMT
07-15 19:46:59.173   144   390 D AlarmManagerService: Kernel timezone updated to 240 minutes west of GMT
07-15 19:47:03.954  1351  1353 D dalvikvm: GC_CONCURRENT freed 601K, 8% free 10348K/11207K, paused 2ms+2ms
07-15 19:47:09.169  2643  2656 I PhoneLab-: Service Running
07-15 19:47:09.255  2643  2656 I PhoneLab-LoggerService: app_37    1395  1     1432   992   c00f181c 400107b4 S logcat
07-15 19:47:09.255  2643  2656 I PhoneLab-LoggerService: Logcat pid from database 1395
07-15 19:47:09.255  2643  2656 I PhoneLab-LoggerService: Logcat process found 1395
07-15 19:47:09.255  2643  2656 I PhoneLab-LoggerService: Checking Threshold
07-15 19:47:09.266  2643  2645 D dalvikvm: GC_CONCURRENT freed 407K, 15% free 9148K/10695K, paused 2ms+2ms
07-15 19:47:13.200   144  1167 D AlarmManagerService: Kernel timezone updated to 240 minutes west of GMT
07-15 19:47:22.219   144   155 D AlarmManagerService: Kernel timezone updated to 240 minutes west of GMT
07-15 19:47:33.231   144   342 D AlarmManagerService: Kernel timezone updated to 240 minutes west of GMT
07-15 19:47:43.251   144   310 D AlarmManagerService: Kernel timezone updated to 240 minutes west of GMT
07-15 19:47:53.278   144  1168 D AlarmManagerService: Kernel timezone updated to 240 minutes west of GMT
07-15 19:48:03.298   144  1167 D AlarmManagerService: Kernel timezone updated to 240 minutes west of GMT
07-15 19:48:03.958  5809  5812 D dalvikvm: GC_CONCURRENT freed 511K, 6% free 10407K/11015K, paused 2ms+2ms
07-15 19:48:04.071  1351  1353 D dalvikvm: GC_CONCURRENT freed 539K, 8% free 10320K/11207K, paused 2ms+3ms
07-15 19:48:13.340   144   144 D AlarmManagerService: Kernel timezone updated to 240 minutes west of GMT
07-15 19:48:23.333   144   156 D AlarmManagerService: Kernel timezone updated to 240 minutes west of GMT
07-15 19:48:33.352   144   390 D AlarmManagerService: Kernel timezone updated to 240 minutes west of GMT
07-15 19:48:41.360   144   155 D AlarmManagerService: Kernel timezone updated to 240 minutes west of GMT
07-15 19:48:50.380   144   342 D AlarmManagerService: Kernel timezone updated to 240 minutes west of GMT
07-15 19:48:58.227  4840  4842 D dalvikvm: GC_CONCURRENT freed 2407K, 34% free 13378K/20039K, paused 17ms+5ms
07-15 19:49:01.403   144  1168 D AlarmManagerService: Kernel timezone updated to 240 minutes west of GMT
07-15 19:49:04.094  1351  1353 D dalvikvm: GC_CONCURRENT freed 441K, 8% free 10328K/11207K, paused 1ms+3ms
07-15 19:49:09.165  2643  2656 I PhoneLab-: Service Running
07-15 19:49:09.243  2643  2656 I PhoneLab-LoggerService: app_37    1395  1     1432   992   c00f181c 400107b4 S logcat
07-15 19:49:09.243  2643  2656 I PhoneLab-LoggerService: Logcat pid from database 1395
07-15 19:49:09.243  2643  2656 I PhoneLab-LoggerService: Logcat process found 1395
07-15 19:49:09.247  2643  2656 I PhoneLab-LoggerService: Checking Threshold
07-15 19:49:11.419   144   342 D AlarmManagerService: Kernel timezone updated to 240 minutes west of GMT
07-15 19:49:24.446   144   156 D AlarmManagerService: Kernel timezone updated to 240 minutes west of GMT
07-15 19:49:34.465   144   390 D AlarmManagerService: Kernel timezone updated to 240 minutes west of GMT
07-15 19:49:41.782   346   346 D SAN_SERVICE: *******************************************
07-15 19:49:41.782   346   346 D SAN_SERVICE: DM App Phone Service State - 0
07-15 19:49:41.782   346   346 D SAN_SERVICE: *******************************************
07-15 19:49:42.473   346   346 D SAN_SERVICE: *******************************************
07-15 19:49:42.473   346   346 D SAN_SERVICE: DM App Phone Service State - 0
07-15 19:49:42.473   346   346 D SAN_SERVICE: *******************************************
07-15 19:49:44.008   346   346 D SAN_SERVICE: *******************************************
07-15 19:49:44.008   346   346 D SAN_SERVICE: DM App Phone Service State - 0
07-15 19:49:44.008   346   346 D SAN_SERVICE: *******************************************
07-15 19:49:44.532   346   346 D SAN_SERVICE: *******************************************
07-15 19:49:44.532   346   346 D SAN_SERVICE: DM App Phone Service State - 0
07-15 19:49:44.532   346   346 D SAN_SERVICE: *******************************************
07-15 19:50:04.051  5809  5812 D dalvikvm: GC_CONCURRENT freed 506K, 6% free 10413K/11015K, paused 1ms+3ms
07-15 19:50:04.161   144   146 D dalvikvm: GC_CONCURRENT freed 1407K, 12% free 15889K/18055K, paused 2ms+7ms
07-15 19:50:04.258   144   310 D dalvikvm: GC_EXPLICIT freed 214K, 14% free 15684K/18055K, paused 7ms+6ms
07-15 19:50:04.337  1351  1353 D dalvikvm: GC_CONCURRENT freed 403K, 8% free 10321K/11207K, paused 2ms+2ms
07-15 19:50:08.958   275   275 I wpa_supplicant: wlan0: WPA: Group rekeying completed with d0:c2:82:2d:ea:c1 [GTK=TKIP]
07-15 19:50:17.563   144   155 D AlarmManagerService: Kernel timezone updated to 240 minutes west of GMT
07-15 19:51:04.173  1351  1353 D dalvikvm: GC_CONCURRENT freed 415K, 8% free 10358K/11207K, paused 1ms+3ms
07-15 19:51:04.954  1351  1353 D dalvikvm: GC_CONCURRENT freed 248K, 6% free 10562K/11207K, paused 13ms+3ms
07-15 19:51:09.169  2643  2656 I PhoneLab-: Service Running
07-15 19:51:09.251  2643  2656 I PhoneLab-LoggerService: app_37    1395  1     1432   992   c00f181c 400107b4 S logcat
07-15 19:51:09.251  2643  2656 I PhoneLab-LoggerService: Logcat pid from database 1395
07-15 19:51:09.251  2643  2656 I PhoneLab-LoggerService: Logcat process found 1395
07-15 19:51:09.251  2643  2656 I PhoneLab-LoggerService: Checking Threshold
07-15 19:51:12.430  5700  5732 D GetStringObjTask: retrieving from url = http://www.chess.com/api/get_move_status?id=5HHjW9WUGa%2Bcu1LUwnVJPxTIWxmEve4VdkRnRyg7b5Ch69JH2Z5aB%2B7eGuFw8K2uFx47KFsdE3JRdR3Mzv0PkZOj6eZ8N73BvxmEERrzXjMNRo80rkLyJAUTh0iqof4n
07-15 19:51:13.094  5700  5732 D GetStringObjTask: WebRequest SERVER RESPONSE: Success+0
07-15 19:51:19.255   346   346 D SAN_SERVICE: *******************************************
07-15 19:51:19.255   346   346 D SAN_SERVICE: DM App Phone Service State - 0
07-15 19:51:19.255   346   346 D SAN_SERVICE: *******************************************
07-15 19:51:36.016   346   346 D SAN_SERVICE: *******************************************
07-15 19:51:36.016   346   346 D SAN_SERVICE: DM App Phone Service State - 0
07-15 19:51:36.016   346   346 D SAN_SERVICE: *******************************************
07-15 19:51:36.790   346   346 D SAN_SERVICE: *******************************************
07-15 19:51:36.790   346   346 D SAN_SERVICE: DM App Phone Service State - 0
07-15 19:51:36.790   346   346 D SAN_SERVICE: *******************************************
07-15 19:52:04.157  5809  5812 D dalvikvm: GC_CONCURRENT freed 513K, 6% free 10411K/11015K, paused 2ms+2ms
07-15 19:52:04.278  1351  1353 D dalvikvm: GC_CONCURRENT freed 684K, 8% free 10388K/11207K, paused 2ms+3ms
07-15 19:52:25.821   346   346 D SAN_SERVICE: *******************************************
07-15 19:52:25.821   346   346 D SAN_SERVICE: DM App Phone Service State - 0
07-15 19:52:25.825   346   346 D SAN_SERVICE: *******************************************
07-15 19:52:26.325   346   346 D SAN_SERVICE: *******************************************
07-15 19:52:26.325   346   346 D SAN_SERVICE: DM App Phone Service State - 0
07-15 19:52:26.325   346   346 D SAN_SERVICE: *******************************************
07-15 19:52:38.551   144   310 D AlarmManagerService: Kernel timezone updated to 240 minutes west of GMT
07-15 19:52:38.575   346   346 D SystemClock: Setting time of day to sec=1342396359
07-15 19:52:39.106  5429  5455 V AlarmClock: AlarmInitReceiver finished
07-15 19:52:39.621   346   346 D SAN_SERVICE: *******************************************
07-15 19:52:39.621   346   346 D SAN_SERVICE: DM App Phone Service State - 0
07-15 19:52:39.621   346   346 D SAN_SERVICE: *******************************************
07-15 19:52:40.094   346   346 D SAN_SERVICE: *******************************************
07-15 19:52:40.094   346   346 D SAN_SERVICE: DM App Phone Service State - 0
07-15 19:52:40.094   346   346 D SAN_SERVICE: *******************************************
07-15 19:52:45.742   346   346 D SAN_SERVICE: *******************************************
07-15 19:52:45.742   346   346 D SAN_SERVICE: DM App Phone Service State - 0
07-15 19:52:45.742   346   346 D SAN_SERVICE: *******************************************
07-15 19:52:46.242   346   346 D SAN_SERVICE: *******************************************
07-15 19:52:46.242   346   346 D SAN_SERVICE: DM App Phone Service State - 0
07-15 19:52:46.242   346   346 D SAN_SERVICE: *******************************************
07-15 19:52:47.219   144   378 D AlarmManagerService: Kernel timezone updated to 240 minutes west of GMT
07-15 19:52:47.828   346   346 D SAN_SERVICE: *******************************************
07-15 19:52:47.828   346   346 D SAN_SERVICE: DM App Phone Service State - 0
07-15 19:52:47.828   346   346 D SAN_SERVICE: *******************************************
07-15 19:52:48.606   346   346 D SAN_SERVICE: *******************************************
07-15 19:52:48.606   346   346 D SAN_SERVICE: DM App Phone Service State - 0
07-15 19:52:48.606   346   346 D SAN_SERVICE: *******************************************
07-15 19:53:04.762  1351  1353 D dalvikvm: GC_CONCURRENT freed 521K, 8% free 10354K/11207K, paused 2ms+3ms
07-15 19:53:04.860  1351  1353 D dalvikvm: GC_CONCURRENT freed 235K, 6% free 10537K/11207K, paused 1ms+2ms
07-15 19:53:09.656  2643  2656 I PhoneLab-: Service Running
07-15 19:53:09.758  2643  2656 I PhoneLab-LoggerService: app_37    1395  1     1432   992   c00f181c 400107b4 S logcat
07-15 19:53:09.758  2643  2656 I PhoneLab-LoggerService: Logcat pid from database 1395
07-15 19:53:09.758  2643  2656 I PhoneLab-LoggerService: Logcat process found 1395
07-15 19:53:09.758  2643  2656 I PhoneLab-LoggerService: Checking Threshold
07-15 19:54:03.430  5809  5812 D dalvikvm: GC_CONCURRENT freed 400K, 6% free 10400K/11015K, paused 2ms+2ms
07-15 19:54:04.813  1351  1353 D dalvikvm: GC_CONCURRENT freed 698K, 8% free 10346K/11207K, paused 2ms+2ms
07-15 19:54:20.446   144   378 D AlarmManagerService: Kernel timezone updated to 240 minutes west of GMT
07-15 19:55:04.832  5809  5812 D dalvikvm: GC_CONCURRENT freed 502K, 6% free 10410K/11015K, paused 2ms+6ms
07-15 19:55:04.899  1351  1353 D dalvikvm: GC_CONCURRENT freed 441K, 9% free 10308K/11207K, paused 2ms+2ms
07-15 19:55:09.168  2643  2656 I PhoneLab-: Service Running
07-15 19:55:09.262  2643  2656 I PhoneLab-LoggerService: app_37    1395  1     1432   992   c00f181c 400107b4 S logcat
07-15 19:55:09.262  2643  2656 I PhoneLab-LoggerService: Logcat pid from database 1395
07-15 19:55:09.262  2643  2656 I PhoneLab-LoggerService: Logcat process found 1395
07-15 19:55:09.262  2643  2656 I PhoneLab-LoggerService: Checking Threshold
07-15 19:55:45.410   144   160 I power   : *** set_screen_state 1
07-15 19:55:45.422  2643  2643 I PhoneLab-PowerOnReceiver: Power is plugged off!
07-15 19:55:45.453   144   176 I WindowManager: Lock screen displayed!
07-15 19:55:45.528   215   217 D dalvikvm: GC_CONCURRENT freed 379K, 33% free 9663K/14215K, paused 2ms+3ms
07-15 19:55:45.535   144  1168 I ActivityManager: Start proc com.google.android.apps.gesturesearch for broadcast com.google.android.apps.gesturesearch/.search.BatteryReceiver: pid=5960 uid=10088 gids={3003}
07-15 19:55:45.555  5960  5960 I dalvikvm: Turning on JNI app bug workarounds for target SDK version 8...
07-15 19:55:45.610    78   123 D SurfaceFlinger: Screen about to return, flinger = 0x16bd918
07-15 19:55:45.613  5960  5960 I ActivityThread: Pub com.google.android.apps.gesturesearch.history: com.google.android.apps.gesturesearch.data.QueryHistoryProvider
07-15 19:55:45.625  5960  5960 I ActivityThread: Pub com.google.android.apps.gesturesearch.index: com.google.android.apps.gesturesearch.data.IndexProvider
07-15 19:55:45.785  5611  5639 D dalvikvm: GC_EXPLICIT freed 686K, 21% free 13249K/16711K, paused 23ms+3ms
07-15 19:55:46.211   144   172 I power   : *** set_screen_state 0
07-15 19:55:46.258    78   123 D SurfaceFlinger: About to give-up screen, flinger = 0x16bd918
07-15 19:55:46.414   144   176 D dalvikvm: GC_FOR_ALLOC freed 1124K, 12% free 15964K/18055K, paused 62ms
07-15 19:55:46.418   144   176 I dalvikvm-heap: Grow heap (frag case) to 15.768MB for 104992-byte allocation
07-15 19:55:46.481   144  1167 D dalvikvm: GC_FOR_ALLOC freed 89K, 13% free 15977K/18183K, paused 52ms
07-15 19:55:46.793   144   176 D dalvikvm: GC_FOR_ALLOC freed 3K, 13% free 15976K/18183K, paused 296ms
07-15 19:55:46.793   144   176 I dalvikvm-heap: Grow heap (frag case) to 15.780MB for 104992-byte allocation
07-15 19:55:46.856   144  1167 D dalvikvm: GC_FOR_ALLOC freed 1K, 13% free 16077K/18311K, paused 51ms
07-15 19:55:46.863   144   176 V TransportControlView: Create TCV com.android.internal.widget.TransportControlView@41337ed0
07-15 19:56:04.886  1351  1353 D dalvikvm: GC_CONCURRENT freed 388K, 8% free 10362K/11207K, paused 2ms+3ms
07-15 19:56:06.004  1351  1353 D dalvikvm: GC_CONCURRENT freed 240K, 6% free 10546K/11207K, paused 2ms+2ms
07-15 19:56:13.019  5700  5740 D GetStringObjTask: retrieving from url = http://www.chess.com/api/get_move_status?id=5HHjW9WUGa%2Bcu1LUwnVJPxTIWxmEve4VdkRnRyg7b5Ch69JH2Z5aB%2B7eGuFw8K2uFx47KFsdE3JRdR3Mzv0PkZOj6eZ8N73BvxmEERrzXjMNRo80rkLyJAUTh0iqof4n
07-15 19:56:13.640  5700  5740 D GetStringObjTask: WebRequest SERVER RESPONSE: Success+0
07-15 19:57:04.828  5809  5812 D dalvikvm: GC_CONCURRENT freed 509K, 6% free 10413K/11015K, paused 1ms+2ms
07-15 19:57:04.894   291   306 D dalvikvm: GC_EXPLICIT freed 325K, 6% free 10633K/11207K, paused 2ms+4ms
07-15 19:57:04.992  1351  1353 D dalvikvm: GC_CONCURRENT freed 651K, 9% free 10311K/11207K, paused 1ms+2ms
07-15 19:57:06.074   144   174 I ActivityManager: Start proc com.google.android.maps.mytracks for service com.google.android.maps.mytracks/com.google.android.apps.mytracks.services.RemoveTempFilesService: pid=5983 uid=10072 gids={3002, 3001, 3003, 1015}
07-15 19:57:06.238  5983  5983 I ActivityThread: Pub com.google.android.maps.mytracks.search: com.google.android.apps.mytracks.content.SearchEngineProvider
07-15 19:57:06.238  5983  5983 I ActivityThread: Pub com.google.android.maps.mytracks: com.google.android.apps.mytracks.content.MyTracksProvider
07-15 19:57:06.273  5983  5983 D MyTracks: Enabling strict mode
07-15 19:57:06.367  5983  5985 D dalvikvm: GC_CONCURRENT freed 324K, 5% free 9182K/9607K, paused 2ms+2ms
07-15 19:57:06.418  5983  5983 D StrictMode: StrictMode policy violation; ~duration=119 ms: android.os.StrictMode$StrictModeDiskWriteViolation: policy=21 violation=1
07-15 19:57:06.418  5983  5983 D StrictMode: 	at android.os.StrictMode$AndroidBlockGuardPolicy.onWriteToDisk(StrictMode.java:1063)
07-15 19:57:06.418  5983  5983 D StrictMode: 	at android.database.sqlite.SQLiteStatement.acquireAndLock(SQLiteStatement.java:226)
07-15 19:57:06.418  5983  5983 D StrictMode: 	at android.database.sqlite.SQLiteStatement.executeUpdateDelete(SQLiteStatement.java:84)
07-15 19:57:06.418  5983  5983 D StrictMode: 	at android.database.sqlite.SQLiteDatabase.executeSql(SQLiteDatabase.java:1899)
07-15 19:57:06.418  5983  5983 D StrictMode: 	at android.database.sqlite.SQLiteDatabase.execSQL(SQLiteDatabase.java:1839)
07-15 19:57:06.418  5983  5983 D StrictMode: 	at android.database.sqlite.SQLiteDatabase.setPageSize(SQLiteDatabase.java:1297)
07-15 19:57:06.418  5983  5983 D StrictMode: 	at android.database.sqlite.SQLiteDatabase.openDatabase(SQLiteDatabase.java:995)
07-15 19:57:06.418  5983  5983 D StrictMode: 	at android.database.sqlite.SQLiteDatabase.openOrCreateDatabase(SQLiteDatabase.java:1051)
07-15 19:57:06.418  5983  5983 D StrictMode: 	at android.app.ContextImpl.openOrCreateDatabase(ContextImpl.java:770)
07-15 19:57:06.418  5983  5983 D StrictMode: 	at android.content.ContextWrapper.openOrCreateDatabase(ContextWrapper.java:221)
07-15 19:57:06.418  5983  5983 D StrictMode: 	at android.database.sqlite.SQLiteOpenHelper.getWritableDatabase(SQLiteOpenHelper.java:157)
07-15 19:57:06.418  5983  5983 D StrictMode: 	at com.google.android.apps.analytics.v.<init>(Unknown Source)
07-15 19:57:06.418  5983  5983 D StrictMode: 	at com.google.android.apps.analytics.v.<init>(Unknown Source)
07-15 19:57:06.418  5983  5983 D StrictMode: 	at com.google.android.apps.analytics.i.a(Unknown Source)
07-15 19:57:06.418  5983  5983 D StrictMode: 	at com.google.android.apps.mytracks.b.a.a(MT:43)
07-15 19:57:06.418  5983  5983 D StrictMode: 	at com.google.android.apps.mytracks.MyTracksApplication.onCreate(MT:42)
07-15 19:57:06.418  5983  5983 D StrictMode: 	at android.app.Instrumentation.callApplicationOnCreate(Instrumentation.java:969)
07-15 19:57:06.418  5983  5983 D StrictMode: 	at android.app.ActivityThread.handleBindApplication(ActivityThread.java:3954)
07-15 19:57:06.418  5983  5983 D StrictMode: 	at android.app.ActivityThread.access$1300(ActivityThread.java:123)
07-15 19:57:06.418  5983  5983 D StrictMode: 	at android.app.ActivityThread$H.handleMessage(ActivityThread.java:1185)
07-15 19:57:06.418  5983  5983 D StrictMode: 	at android.os.Handler.dispatchMessage(Handler.java:99)
07-15 19:57:06.418  5983  5983 D StrictMode: 	at android.os.Looper.loop(Looper.java:137)
07-15 19:57:06.418  5983  5983 D StrictMode: 	at android.app.ActivityThread.main(ActivityThread.java:4424)
07-15 19:57:06.418  5983  5983 D StrictMode: 	at java.lang.reflect.Method.invokeNative(Native Method)
07-15 19:57:06.418  5983  5983 D StrictMode: 	at java.lang.reflect.Method.invoke(Method.java:511)
07-15 19:57:06.418  5983  5983 D StrictMode: 	at com.android.internal.os.ZygoteInit$MethodAndArgsCaller.run(ZygoteInit.java:784)
07-15 19:57:06.418  5983  5983 D StrictMode: 	at com.android.internal.os.ZygoteInit.main(ZygoteInit.java:551)
07-15 19:57:06.418  5983  5983 D StrictMode: 	at dalvik.system.NativeStart.main(Native Method)
07-15 19:57:06.418  5983  5983 D StrictMode: StrictMode policy violation; ~duration=87 ms: android.os.StrictMode$StrictModeDiskWriteViolation: policy=21 violation=1
07-15 19:57:06.418  5983  5983 D StrictMode: 	at android.os.StrictMode$AndroidBlockGuardPolicy.onWriteToDisk(StrictMode.java:1063)
07-15 19:57:06.418  5983  5983 D StrictMode: 	at android.database.sqlite.SQLiteStatement.acquireAndLock(SQLiteStatement.java:226)
07-15 19:57:06.418  5983  5983 D StrictMode: 	at android.database.sqlite.SQLiteStatement.executeUpdateDelete(SQLiteStatement.java:84)
07-15 19:57:06.418  5983  5983 D StrictMode: 	at android.database.sqlite.SQLiteDatabase.executeSql(SQLiteDatabase.java:1899)
07-15 19:57:06.418  5983  5983 D StrictMode: 	at android.database.sqlite.SQLiteDatabase.execSQL(SQLiteDatabase.java:1839)
07-15 19:57:06.418  5983  5983 D StrictMode: 	at android.database.sqlite.SQLiteDatabase.beginTransaction(SQLiteDatabase.java:659)
07-15 19:57:06.418  5983  5983 D StrictMode: 	at android.database.sqlite.SQLiteDatabase.beginTransaction(SQLiteDatabase.java:552)
07-15 19:57:06.418  5983  5983 D StrictMode: 	at com.google.android.apps.analytics.v.a(Unknown Source)
07-15 19:57:06.418  5983  5983 D StrictMode: 	at com.google.android.apps.analytics.i.a(Unknown Source)
07-15 19:57:06.418  5983  5983 D StrictMode: 	at com.google.android.apps.mytracks.b.a.a(MT:45)
07-15 19:57:06.418  5983  5983 D StrictMode: 	at com.google.android.apps.mytracks.MyTracksApplication.onCreate(MT:42)
07-15 19:57:06.418  5983  5983 D StrictMode: 	at android.app.Instrumentation.callApplicationOnCreate(Instrumentation.java:969)
07-15 19:57:06.418  5983  5983 D StrictMode: 	at android.app.ActivityThread.handleBindApplication(ActivityThread.java:3954)
07-15 19:57:06.418  5983  5983 D StrictMode: 	at android.app.ActivityThread.access$1300(ActivityThread.java:123)
07-15 19:57:06.418  5983  5983 D StrictMode: 	at android.app.ActivityThread$H.handleMessage(ActivityThread.java:1185)
07-15 19:57:06.418  5983  5983 D StrictMode: 	at android.os.Handler.dispatchMessage(Handler.java:99)
07-15 19:57:06.418  5983  5983 D StrictMode: 	at android.os.Looper.loop(Looper.java:137)
07-15 19:57:06.418  5983  5983 D StrictMode: 	at android.app.ActivityThread.main(ActivityThread.java:4424)
07-15 19:57:06.418  5983  5983 D StrictMode: 	at java.lang.reflect.Method.invokeNative(Native Method)
07-15 19:57:06.418  5983  5983 D StrictMode: 	at java.lang.reflect.Method.invoke(Method.java:511)
07-15 19:57:06.418  5983  5983 D StrictMode: 	at com.android.internal.os.ZygoteInit$MethodAndArgsCaller.run(ZygoteInit.java:784)
07-15 19:57:06.418  5983  5983 D StrictMode: 	at com.android.internal.os.ZygoteInit.main(ZygoteInit.java:551)
07-15 19:57:06.418  5983  5983 D StrictMode: 	at dalvik.system.NativeStart.main(Native Method)
07-15 19:57:06.418  5983  5983 D StrictMode: StrictMode policy violation; ~duration=86 ms: android.os.StrictMode$StrictModeDiskWriteViolation: policy=21 violation=1
07-15 19:57:06.418  5983  5983 D StrictMode: 	at android.os.StrictMode$AndroidBlockGuardPolicy.onWriteToDisk(StrictMode.java:1063)
07-15 19:57:06.418  5983  5983 D StrictMode: 	at android.database.sqlite.SQLiteStatement.acquireAndLock(SQLiteStatement.java:226)
07-15 19:57:06.418  5983  5983 D StrictMode: 	at android.database.sqlite.SQLiteStatement.executeUpdateDelete(SQLiteStatement.java:84)
07-15 19:57:06.418  5983  5983 D StrictMode: 	at android.database.sqlite.SQLiteDatabase.delete(SQLiteDatabase.java:1741)
07-15 19:57:06.418  5983  5983 D StrictMode: 	at com.google.android.apps.analytics.v.a(Unknown Source)
07-15 19:57:06.418  5983  5983 D StrictMode: 	at com.google.android.apps.analytics.i.a(Unknown Source)
07-15 19:57:06.418  5983  5983 D StrictMode: 	at com.google.android.apps.mytracks.b.a.a(MT:45)
07-15 19:57:06.418  5983  5983 D StrictMode: 	at com.google.android.apps.mytracks.MyTracksApplication.onCreate(MT:42)
07-15 19:57:06.418  5983  5983 D StrictMode: 	at android.app.Instrumentation.callApplicationOnCreate(Instrumentation.java:969)
07-15 19:57:06.418  5983  5983 D StrictMode: 	at android.app.ActivityThread.handleBindApplication(ActivityThread.java:3954)
07-15 19:57:06.418  5983  5983 D StrictMode: 	at android.app.ActivityThread.access$1300(ActivityThread.java:123)
07-15 19:57:06.418  5983  5983 D StrictMode: 	at android.app.ActivityThread$H.handleMessage(ActivityThread.java:1185)
07-15 19:57:06.418  5983  5983 D StrictMode: 	at android.os.Handler.dispatchMessage(Handler.java:99)
07-15 19:57:06.418  5983  5983 D StrictMode: 	at android.os.Looper.loop(Looper.java:137)
07-15 19:57:06.418  5983  5983 D StrictMode: 	at android.app.ActivityThread.main(ActivityThread.java:4424)
07-15 19:57:06.418  5983  5983 D StrictMode: 	at java.lang.reflect.Method.invokeNative(Native Method)
07-15 19:57:06.418  5983  5983 D StrictMode: 	at java.lang.reflect.Method.invoke(Method.java:511)
07-15 19:57:06.418  5983  5983 D StrictMode: 	at com.android.internal.os.ZygoteInit$MethodAndArgsCaller.run(ZygoteInit.java:784)
07-15 19:57:06.418  5983  5983 D StrictMode: 	at com.android.internal.os.ZygoteInit.main(ZygoteInit.java:551)
07-15 19:57:06.418  5983  5983 D StrictMode: 	at dalvik.system.NativeStart.main(Native Method)
07-15 19:57:06.421  5983  5983 D StrictMode: StrictMode policy violation; ~duration=83 ms: android.os.StrictMode$StrictModeDiskWriteViolation: policy=21 violation=1
07-15 19:57:06.421  5983  5983 D StrictMode: 	at android.os.StrictMode$AndroidBlockGuardPolicy.onWriteToDisk(StrictMode.java:1063)
07-15 19:57:06.421  5983  5983 D StrictMode: 	at android.database.sqlite.SQLiteStatement.acquireAndLock(SQLiteStatement.java:226)
07-15 19:57:06.421  5983  5983 D StrictMode: 	at android.database.sqlite.SQLiteStatement.executeInsert(SQLiteStatement.java:112)
07-15 19:57:06.421  5983  5983 D StrictMode: 	at android.database.sqlite.SQLiteDatabase.insertWithOnConflict(SQLiteDatabase.java:1718)
07-15 19:57:06.421  5983  5983 D StrictMode: 	at android.database.sqlite.SQLiteDatabase.insert(SQLiteDatabase.java:1591)
07-15 19:57:06.421  5983  5983 D StrictMode: 	at com.google.android.apps.analytics.v.a(Unknown Source)
07-15 19:57:06.421  5983  5983 D StrictMode: 	at com.google.android.apps.analytics.i.a(Unknown Source)
07-15 19:57:06.421  5983  5983 D StrictMode: 	at com.google.android.apps.mytracks.b.a.a(MT:45)
07-15 19:57:06.421  5983  5983 D StrictMode: 	at com.google.android.apps.mytracks.MyTracksApplication.onCreate(MT:42)
07-15 19:57:06.421  5983  5983 D StrictMode: 	at android.app.Instrumentation.callApplicationOnCreate(Instrumentation.java:969)
07-15 19:57:06.421  5983  5983 D StrictMode: 	at android.app.ActivityThread.handleBindApplication(ActivityThread.java:3954)
07-15 19:57:06.421  5983  5983 D StrictMode: 	at android.app.ActivityThread.access$1300(ActivityThread.java:123)
07-15 19:57:06.421  5983  5983 D StrictMode: 	at android.app.ActivityThread$H.handleMessage(ActivityThread.java:1185)
07-15 19:57:06.421  5983  5983 D StrictMode: 	at android.os.Handler.dispatchMessage(Handler.java:99)
07-15 19:57:06.421  5983  5983 D StrictMode: 	at android.os.Looper.loop(Looper.java:137)
07-15 19:57:06.421  5983  5983 D StrictMode: 	at android.app.ActivityThread.main(ActivityThread.java:4424)
07-15 19:57:06.421  5983  5983 D StrictMode: 	at java.lang.reflect.Method.invokeNative(Native Method)
07-15 19:57:06.421  5983  5983 D StrictMode: 	at java.lang.reflect.Method.invoke(Method.java:511)
07-15 19:57:06.421  5983  5983 D StrictMode: 	at com.android.internal.os.ZygoteInit$MethodAndArgsCaller.run(ZygoteInit.java:784)
07-15 19:57:06.421  5983  5983 D StrictMode: 	at com.android.internal.os.ZygoteInit.main(ZygoteInit.java:551)
07-15 19:57:06.421  5983  5983 D StrictMode: 	at dalvik.system.NativeStart.main(Native Method)
07-15 19:57:06.421  5983  5983 D StrictMode: StrictMode policy violation; ~duration=62 ms: android.os.StrictMode$StrictModeDiskWriteViolation: policy=21 violation=1
07-15 19:57:06.421  5983  5983 D StrictMode: 	at android.os.StrictMode$AndroidBlockGuardPolicy.onWriteToDisk(StrictMode.java:1063)
07-15 19:57:06.421  5983  5983 D StrictMode: 	at android.database.sqlite.SQLiteStatement.acquireAndLock(SQLiteStatement.java:226)
07-15 19:57:06.421  5983  5983 D StrictMode: 	at android.database.sqlite.SQLiteStatement.executeInsert(SQLiteStatement.java:112)
07-15 19:57:06.421  5983  5983 D StrictMode: 	at android.database.sqlite.SQLiteDatabase.insertWithOnConflict(SQLiteDatabase.java:1718)
07-15 19:57:06.421  5983  5983 D StrictMode: 	at android.database.sqlite.SQLiteDatabase.insert(SQLiteDatabase.java:1591)
07-15 19:57:06.421  5983  5983 D StrictMode: 	at com.google.android.apps.analytics.v.a(Unknown Source)
07-15 19:57:06.421  5983  5983 D StrictMode: 	at com.google.android.apps.analytics.v.a(Unknown Source)
07-15 19:57:06.421  5983  5983 D StrictMode: 	at com.google.android.apps.analytics.v.a(Unknown Source)
07-15 19:57:06.421  5983  5983 D StrictMode: 	at com.google.android.apps.analytics.i.a(Unknown Source)
07-15 19:57:06.421  5983  5983 D StrictMode: 	at com.google.android.apps.mytracks.b.a.a(MT:45)
07-15 19:57:06.421  5983  5983 D StrictMode: 	at com.google.android.apps.mytracks.MyTracksApplication.onCreate(MT:42)
07-15 19:57:06.421  5983  5983 D StrictMode: 	at android.app.Instrumentation.callApplicationOnCreate(Instrumentation.java:969)
07-15 19:57:06.421  5983  5983 D StrictMode: 	at android.app.ActivityThread.handleBindApplication(ActivityThread.java:3954)
07-15 19:57:06.421  5983  5983 D StrictMode: 	at android.app.ActivityThread.access$1300(ActivityThread.java:123)
07-15 19:57:06.421  5983  5983 D StrictMode: 	at android.app.ActivityThread$H.handleMessage(ActivityThread.java:1185)
07-15 19:57:06.421  5983  5983 D StrictMode: 	at android.os.Handler.dispatchMessage(Handler.java:99)
07-15 19:57:06.421  5983  5983 D StrictMode: 	at android.os.Looper.loop(Looper.java:137)
07-15 19:57:06.421  5983  5983 D StrictMode: 	at android.app.ActivityThread.main(ActivityThread.java:4424)
07-15 19:57:06.421  5983  5983 D StrictMode: 	at java.lang.reflect.Method.invokeNative(Native Method)
07-15 19:57:06.421  5983  5983 D StrictMode: 	at java.lang.reflect.Method.invoke(Method.java:511)
07-15 19:57:06.421  5983  5983 D StrictMode: 	at com.android.internal.os.ZygoteInit$MethodAndArgsCaller.run(ZygoteInit.java:784)
07-15 19:57:06.421  5983  5983 D StrictMode: 	at com.android.internal.os.ZygoteInit.main(ZygoteInit.java:551)
07-15 19:57:06.421  5983  5983 D StrictMode: 	at dalvik.system.NativeStart.main(Native Method)
07-15 19:57:06.421  5983  5983 D StrictMode: StrictMode policy violation; ~duration=60 ms: android.os.StrictMode$StrictModeDiskWriteViolation: policy=21 violation=1
07-15 19:57:06.421  5983  5983 D StrictMode: 	at android.os.StrictMode$AndroidBlockGuardPolicy.onWriteToDisk(StrictMode.java:1063)
07-15 19:57:06.421  5983  5983 D StrictMode: 	at android.database.sqlite.SQLiteStatement.acquireAndLock(SQLiteStatement.java:226)
07-15 19:57:06.421  5983  5983 D StrictMode: 	at android.database.sqlite.SQLiteStatement.executeUpdateDelete(SQLiteStatement.java:84)
07-15 19:57:06.421  5983  5983 D StrictMode: 	at android.database.sqlite.SQLiteDatabase.executeSql(SQLiteDatabase.java:1899)
07-15 19:57:06.421  5983  5983 D StrictMode: 	at android.database.sqlite.SQLiteDatabase.execSQL(SQLiteDatabase.java:1839)
07-15 19:57:06.421  5983  5983 D StrictMode: 	at android.database.sqlite.SQLiteDatabase.endTransaction(SQLiteDatabase.java:714)
07-15 19:57:06.421  5983  5983 D StrictMode: 	at com.google.android.apps.analytics.v.d(Unknown Source)
07-15 19:57:06.421  5983  5983 D StrictMode: 	at com.google.android.apps.analytics.v.a(Unknown Source)
07-15 19:57:06.421  5983  5983 D StrictMode: 	at com.google.android.apps.analytics.i.a(Unknown Source)
07-15 19:57:06.421  5983  5983 D StrictMode: 	at com.google.android.apps.mytracks.b.a.a(MT:45)
07-15 19:57:06.421  5983  5983 D StrictMode: 	at com.google.android.apps.mytracks.MyTracksApplication.onCreate(MT:42)
07-15 19:57:06.421  5983  5983 D StrictMode: 	at android.app.Instrumentation.callApplicationOnCreate(Instrumentation.java:969)
07-15 19:57:06.421  5983  5983 D StrictMode: 	at android.app.ActivityThread.handleBindApplication(ActivityThread.java:3954)
07-15 19:57:06.421  5983  5983 D StrictMode: 	at android.app.ActivityThread.access$1300(ActivityThread.java:123)
07-15 19:57:06.421  5983  5983 D StrictMode: 	at android.app.ActivityThread$H.handleMessage(ActivityThread.java:1185)
07-15 19:57:06.421  5983  5983 D StrictMode: 	at android.os.Handler.dispatchMessage(Handler.java:99)
07-15 19:57:06.421  5983  5983 D StrictMode: 	at android.os.Looper.loop(Looper.java:137)
07-15 19:57:06.421  5983  5983 D StrictMode: 	at android.app.ActivityThread.main(ActivityThread.java:4424)
07-15 19:57:06.421  5983  5983 D StrictMode: 	at java.lang.reflect.Method.invokeNative(Native Method)
07-15 19:57:06.421  5983  5983 D StrictMode: 	at java.lang.reflect.Method.invoke(Method.java:511)
07-15 19:57:06.421  5983  5983 D StrictMode: 	at com.android.internal.os.ZygoteInit$MethodAndArgsCaller.run(ZygoteInit.java:784)
07-15 19:57:06.421  5983  5983 D StrictMode: 	at com.android.internal.os.ZygoteInit.main(ZygoteInit.java:551)
07-15 19:57:06.421  5983  5983 D StrictMode: 	at dalvik.system.NativeStart.main(Native Method)
07-15 19:57:06.433   144   388 I ActivityManager: No longer want com.android.sprintmenu (pid 5397): hidden #16
07-15 19:57:06.437   144   390 W ActivityManager: Scheduling restart of crashed service com.android.sprintmenu/.HiddenPhoneService in 5000ms
07-15 19:57:06.539   144   390 D dalvikvm: GC_FOR_ALLOC freed 741K, 14% free 15854K/18311K, paused 64ms
07-15 19:57:09.050   275   275 I wpa_supplicant: wlan0: CTRL-EVENT-DISCONNECTED bssid=d0:c2:82:2d:ea:c1 reason=0
07-15 19:57:09.066    75   117 D CommandListener: Clearing all IP addresses on wlan0
07-15 19:57:09.117   144   201 D ConnectivityService: ConnectivityChange for WIFI: DISCONNECTED/DISCONNECTED
07-15 19:57:09.121   144   201 D ConnectivityService: Attempting to switch to mobile
07-15 19:57:09.164   144   201 D ConnectivityService: Attempting to switch to WIMAX
07-15 19:57:09.164   144   201 D ConnectivityService: Attempting to switch to BLUETOOTH_TETHER
07-15 19:57:09.168   144   201 E ConnectivityService: Exception trying to remove a route: java.lang.IllegalStateException: Unable to communicate with native dameon to add routes - com.android.server.NativeDaemonConnectorException: Cmd {interface route remove wlan0 default 67.20.213.254 32 0.0.0.0} failed with code 400 : {Failed to remove route from default table (No such process)}
07-15 19:57:09.168   144   201 E ConnectivityService: Exception trying to remove a route: java.lang.IllegalStateException: Unable to communicate with native dameon to add routes - com.android.server.NativeDaemonConnectorException: Cmd {interface route remove wlan0 default 0.0.0.0 0 67.20.213.254} failed with code 400 : {Failed to remove route from default table (No such process)}
07-15 19:57:09.168   144   201 D NetUtils: android_net_utils_resetConnections in env=0x1d93420 clazz=0x87500001 iface=wlan0 mask=0x3
07-15 19:57:09.168   144   201 D ConnectivityService: resetConnections(wlan0, 3)
07-15 19:57:09.191   144   201 D ConnectivityService: ConnectivityChange for WIMAX: DISCONNECTED/SCANNING
07-15 19:57:09.226   144   201 D ConnectivityService: Attempting to switch to mobile
07-15 19:57:09.226   144   201 D ConnectivityService: Attempting to switch to WIFI
07-15 19:57:09.226   144   201 D ConnectivityService: Attempting to switch to BLUETOOTH_TETHER
07-15 19:57:09.234   291  4394 W Smack/Packet: notify conn break (IOEx), close connection
07-15 19:57:09.257   346   348 D dalvikvm: GC_CONCURRENT freed 476K, 6% free 9473K/10055K, paused 2ms+2ms
07-15 19:57:09.398   291  4394 I qtaguid : Failed write_ctrl(u 83) res=-1 errno=22
07-15 19:57:09.398   291  4394 I qtaguid : Untagging socket 83 failed errno=-22
07-15 19:57:09.398   291  4394 W NetworkManagementSocketTagger: untagSocket(83) failed with errno -22
07-15 19:57:09.406   144   201 D ConnectivityService: handleInetConditionChange: no active default network - ignore
07-15 19:57:09.429   291   912 W GTalkService: notifyListener caught android.os.DeadObjectException, removing listener com.google.android.gtalkservice.IConnectionStateListener$Stub$Proxy@4144c958
07-15 19:57:09.648   275   275 I wpa_supplicant: wlan0: Trying to associate with d0:c2:82:67:e7:61 (SSID='UB_Secure' freq=2437 MHz)
07-15 19:57:09.816   275   275 I wpa_supplicant: wlan0: Associated with d0:c2:82:67:e7:61
07-15 19:57:09.836   275   275 I wpa_supplicant: wlan0: CTRL-EVENT-EAP-STARTED EAP authentication started
07-15 19:57:09.839   275   275 I wpa_supplicant: wlan0: CTRL-EVENT-EAP-PROPOSED-METHOD vendor=0 method=4 -> NAK
07-15 19:57:09.843   275   275 I wpa_supplicant: wlan0: CTRL-EVENT-EAP-PROPOSED-METHOD vendor=0 method=25
07-15 19:57:09.843   275   275 I wpa_supplicant: wlan0: CTRL-EVENT-EAP-METHOD EAP vendor 0 method 25 (PEAP) selected
07-15 19:57:09.964   275   275 I wpa_supplicant: wlan0: CTRL-EVENT-EAP-PEER-CERT depth=2 subject='/C=US/O=Entrust.net/OU=www.entrust.net/CPS incorp. by ref. (limits liab.)/OU=(c) 1999 Entrust.net Limited/CN=Entrust.net Secure Server Certification Authority'
07-15 19:57:09.968   275   275 I wpa_supplicant: wlan0: CTRL-EVENT-EAP-PEER-CERT depth=2 subject='/C=US/O=Entrust.net/OU=www.entrust.net/CPS incorp. by ref. (limits liab.)/OU=(c) 1999 Entrust.net Limited/CN=Entrust.net Secure Server Certification Authority'
07-15 19:57:09.980   275   275 I wpa_supplicant: wlan0: CTRL-EVENT-EAP-PEER-CERT depth=1 subject='/C=US/ST=UT/L=Salt Lake City/O=The USERTRUST Network/CN=USERTrust Legacy Secure Server CA'
07-15 19:57:10.000   275   275 I wpa_supplicant: wlan0: CTRL-EVENT-EAP-PEER-CERT depth=0 subject='/C=US/postalCode=14260/ST=New York/L=Buffalo/street=305 Computing Center/O=SUNY AT BUFFALO/OU=Office of the President/OU=Issued through UNIVERSITY AT BUFFALO E-PKI Manager/OU=PremiumSSL Legacy/CN=ubsecure.acsu.buffalo.edu'
07-15 19:57:10.191   275   275 I wpa_supplicant: EAP-MSCHAPV2: Authentication succeeded
07-15 19:57:10.195   275   275 I wpa_supplicant: EAP-TLV: TLV Result - Success - EAP-TLV/Phase2 Completed
07-15 19:57:10.203   275   275 I wpa_supplicant: wlan0: CTRL-EVENT-EAP-SUCCESS EAP authentication completed successfully
07-15 19:57:10.273   275   275 I wpa_supplicant: wlan0: WPA: Key negotiation completed with d0:c2:82:67:e7:61 [PTK=CCMP GTK=TKIP]
07-15 19:57:10.273   275   275 I wpa_supplicant: wlan0: CTRL-EVENT-CONNECTED - Connection to d0:c2:82:67:e7:61 completed (reauth) [id=0 id_str=]
07-15 19:57:10.308  2643  2645 D dalvikvm: GC_CONCURRENT freed 414K, 15% free 9119K/10695K, paused 2ms+2ms
07-15 19:57:10.988   144   201 D ConnectivityService: ConnectivityChange for WIFI: CONNECTED/CONNECTED
07-15 19:57:11.043  2643  2643 I PhoneLab-WiFiReceiver: Wi-Fi is connected!
07-15 19:57:11.043  2643  2643 I PhoneLab-WiFiReceiver: SSID: UB_Secure BSSID: d0:c2:82:67:e7:61 RSSI: -200 LinkSpeed: -1
07-15 19:57:11.043  2643  2643 I PhoneLab-Locks: wake lock acquired
07-15 19:57:11.046  2643  2643 I PhoneLab-UploadLogs: Transfering log files now
07-15 19:57:11.046  2643  2643 I PhoneLab-UploadLogs: No log files to transfer
07-15 19:57:11.046  2643  2643 I PhoneLab-Locks: wake lock released
07-15 19:57:11.050  2643  2643 I PhoneLab-UploadLogs: OnStartCommand
07-15 19:57:11.066   144   196 W NetworkStats: dropping UID delta from unknown iface: iface=wlan0 uid=0 set=DEFAULT tag=0x0 rxBytes=0 rxPackets=0 txBytes=136 txPackets=2 operations=0
07-15 19:57:11.183   144   146 D dalvikvm: GC_CONCURRENT freed 1868K, 15% free 15698K/18311K, paused 11ms+5ms
07-15 19:57:11.488   144   161 I ActivityManager: Start proc com.android.sprintmenu for service com.android.sprintmenu/.HiddenPhoneService: pid=6026 uid=1001 gids={3002, 3001, 3003, 1015}
07-15 19:57:11.992   144   201 D ConnectivityService: NetTransition Wakelock for WifiStateMachine released by timeout
07-15 19:57:12.214   144   205 D Tethering: MasterInitialState.processMessage what=3
07-15 19:57:12.261   144   205 D Tethering: MasterInitialState.processMessage what=3
07-15 19:57:12.269   291   291 I GTalkService/c: [AndroidEndpoint@1094321424] connect: acct=1000000, state=CONNECTING
07-15 19:57:12.273   291   291 I GTalkService/c: [GTalkConnection@1094939328] connect: acct=1, state=CONNECTING
07-15 19:57:12.379   144   342 D dalvikvm: GC_EXPLICIT freed 145K, 15% free 15652K/18311K, paused 2ms+6ms
07-15 19:57:12.441   144   390 I ActivityManager: Start proc com.google.android.apps.uploader for broadcast com.google.android.apps.uploader/.ConnectivityBroadcastReceiver: pid=6043 uid=10030 gids={3003}
07-15 19:57:12.453  6043  6043 I dalvikvm: Turning on JNI app bug workarounds for target SDK version 11...
07-15 19:57:12.527  6043  6043 I ActivityThread: Pub com.google.android.apps.uploader: com.google.android.apps.uploader.UploadsContentProvider
07-15 19:57:12.527  6043  6043 I ActivityThread: Pub com.google.photos.provider.Album: com.google.android.apps.uploader.clients.picasa.AlbumProvider
07-15 19:57:12.531  6043  6043 D MediaUploader: UploaderApplication.onCreate
07-15 19:57:12.582  6043  6043 D MediaUploader: nonWifiLimit=20971520, default=20971520
07-15 19:57:12.593  6043  6043 I MediaUploader: No need to wake up
07-15 19:57:12.601  2643  2643 I PhoneLab-WiFiReceiver: Wi-Fi is disconnected!
07-15 19:57:12.714  5611  6061 D PicasaSync: sync account database
07-15 19:57:12.746   144   388 I ActivityManager: Start proc com.google.android.youtube for broadcast com.google.android.youtube/.app.prefetch.PrefetchService$DeviceStateReceiver: pid=6062 uid=10057 gids={3003, 1015, 1006}
07-15 19:57:12.750   144   342 I ActivityManager: No longer want com.facebook.katana (pid 5028): hidden #16
07-15 19:57:12.781   144   310 W ActivityManager: Scheduling restart of crashed service com.facebook.katana/.service.MediaUploadService in 5000ms
07-15 19:57:12.789  5611  6061 D PicasaSync: accounts in DB=1
07-15 19:57:12.793  5611  6061 D PicasaSyncManager: active network: NetworkInfo: type: WIFI[], state: CONNECTED/CONNECTED, reason: (unspecified), extra: (none), roaming: false, failover: false, isAvailable: true
07-15 19:57:12.793  5611  6061 D PicasaSyncManager: background data: true
07-15 19:57:12.957  5611  6061 D PicasaSyncManager: battery info: false
07-15 19:57:13.000  6062  6064 D dalvikvm: GC_CONCURRENT freed 162K, 3% free 9356K/9607K, paused 2ms+2ms
07-15 19:57:13.066  6062  6062 I ActivityThread: Pub com.google.android.youtube.SuggestionProvider: com.google.android.youtube.core.suggest.SuggestionProvider
07-15 19:57:13.593  6062  6064 D dalvikvm: GC_CONCURRENT freed 379K, 5% free 9492K/9991K, paused 3ms+20ms
07-15 19:57:13.593  6062  6071 W CursorWrapperInner: Cursor finalized without prior close()
07-15 19:57:13.593  6062  6071 W CursorWrapperInner: Cursor finalized without prior close()
07-15 19:57:13.683  6062  6064 D dalvikvm: GC_CONCURRENT freed 308K, 4% free 9735K/10119K, paused 2ms+3ms
07-15 19:57:13.777  6062  6064 D dalvikvm: GC_CONCURRENT freed 369K, 5% free 9931K/10375K, paused 2ms+5ms
07-15 19:57:13.879  6062  6064 D dalvikvm: GC_CONCURRENT freed 309K, 4% free 10182K/10567K, paused 2ms+2ms
07-15 19:57:13.988  6062  6093 D dalvikvm: GC_FOR_ALLOC freed 494K, 6% free 10253K/10823K, paused 20ms
07-15 19:57:14.129   144  1168 I ActivityManager: Start proc com.facebook.katana for broadcast com.facebook.katana/.util.logging.MobileEventLogger$NetworkUpdateReceiver: pid=6108 uid=10071 gids={3003, 1006, 1015}
07-15 19:57:14.136   144   205 D Tethering: MasterInitialState.processMessage what=3
07-15 19:57:14.160  6108  6108 I dalvikvm: Turning on JNI app bug workarounds for target SDK version 10...
07-15 19:57:14.218  6062  6064 D dalvikvm: GC_CONCURRENT freed 379K, 5% free 10331K/10823K, paused 2ms+2ms
07-15 19:57:14.410  6108  6110 D dalvikvm: GC_CONCURRENT freed 164K, 3% free 9367K/9607K, paused 2ms+2ms
07-15 19:57:14.554  6108  6110 D dalvikvm: GC_CONCURRENT freed 128K, 3% free 9674K/9927K, paused 2ms+2ms
07-15 19:57:14.593  6108  6108 I ActivityThread: Pub com.facebook.katana.provider.LoggingProvider: com.facebook.katana.provider.LoggingProvider
07-15 19:57:14.675  6108  6108 I ActivityThread: Pub com.facebook.katana.provider.KeyValueProvider: com.facebook.katana.provider.KeyValueProvider
07-15 19:57:14.675  6108  6108 I ActivityThread: Pub com.facebook.katana.provider.CacheProvider: com.facebook.katana.provider.CacheProvider
07-15 19:57:14.675  6108  6108 I ActivityThread: Pub com.facebook.katana.provider.VaultImageProvider: com.facebook.katana.provider.VaultImageProvider
07-15 19:57:14.679  6108  6108 I ActivityThread: Pub com.facebook.katana.provider.MailboxProvider: com.facebook.katana.provider.MailboxProvider
07-15 19:57:14.683  6108  6108 I ActivityThread: Pub com.facebook.katana.provider.UserStatusesProvider: com.facebook.katana.provider.UserStatusesProvider
07-15 19:57:14.687  6108  6108 I ActivityThread: Pub com.facebook.katana.provider.EventsProvider: com.facebook.katana.provider.EventsProvider
07-15 19:57:14.687  6108  6108 I ActivityThread: Pub com.facebook.katana.provider.ObservedContactsProvider: com.facebook.katana.provider.ObservedContactsProvider
07-15 19:57:14.691  6108  6108 I ActivityThread: Pub com.facebook.katana.provider.NotificationsProvider: com.facebook.katana.provider.NotificationsProvider
07-15 19:57:14.691  6108  6108 I ActivityThread: Pub com.facebook.katana.provider.UserValuesProvider: com.facebook.katana.provider.UserValuesProvider
07-15 19:57:14.691  6108  6108 I ActivityThread: Pub com.facebook.katana.provider.PagesProvider: com.facebook.katana.provider.PagesProvider
07-15 19:57:14.691  6108  6108 I ActivityThread: Pub com.facebook.katana.provider.MobileEventLogProvider: com.facebook.katana.provider.MobileEventLogProvider
07-15 19:57:14.695  6108  6108 I ActivityThread: Pub com.facebook.katana.provider.PushNotificationsProvider: com.facebook.katana.provider.PushNotificationsProvider
07-15 19:57:14.695  6108  6108 I ActivityThread: Pub com.facebook.katana.provider.PhotosProvider: com.facebook.katana.provider.PhotosProvider
07-15 19:57:14.695  6108  6108 I ActivityThread: Pub com.facebook.katana.provider.ConnectionsProvider: com.facebook.katana.provider.ConnectionsProvider
07-15 19:57:14.707  6108  6108 I ActivityThread: Pub com.facebook.orca.notify.FbandroidMessagesForegroundProvider: com.facebook.orca.notify.FbandroidMessagesForegroundProvider
07-15 19:57:14.746  6108  6108 D ACRA    : Retrieve application default SharedPreferences.
07-15 19:57:14.746  6108  6108 D ACRA    : Set OnSharedPreferenceChangeListener.
07-15 19:57:14.754  6108  6108 D ACRA    : ACRA is enabled for com.facebook.katana, intializing...
07-15 19:57:14.812  6108  6108 D ACRA    : Looking for error files in /data/data/com.facebook.katana/app_acra-reports
07-15 19:57:14.933  6108  6108 W nalizableReferenceQueue: Could not load Finalizer in its own class loader.Loading Finalizer in the current class loader instead. As a result, you will not be ableto garbage collect this class loader. To support reclaiming this class loader, eitherresolve the underlying issue, or move Google Collections to your system class path.
07-15 19:57:14.933  6108  6108 W nalizableReferenceQueue: java.io.FileNotFoundException: com/google/common/base/internal/Finalizer.class
07-15 19:57:14.933  6108  6108 W nalizableReferenceQueue: 	at com.google.common.base.FinalizableReferenceQueue$DecoupledLoader.getBaseUrl(FinalizableReferenceQueue.java:243)
07-15 19:57:14.933  6108  6108 W nalizableReferenceQueue: 	at com.google.common.base.FinalizableReferenceQueue$DecoupledLoader.loadFinalizer(FinalizableReferenceQueue.java:227)
07-15 19:57:14.933  6108  6108 W nalizableReferenceQueue: 	at com.google.common.base.FinalizableReferenceQueue.loadFinalizer(FinalizableReferenceQueue.java:155)
07-15 19:57:14.933  6108  6108 W nalizableReferenceQueue: 	at com.google.common.base.FinalizableReferenceQueue.<clinit>(FinalizableReferenceQueue.java:84)
07-15 19:57:14.933  6108  6108 W nalizableReferenceQueue: 	at com.google.common.collect.CustomConcurrentHashMap$QueueHolder.<clinit>(CustomConcurrentHashMap.java:650)
07-15 19:57:14.933  6108  6108 W nalizableReferenceQueue: 	at com.google.common.collect.CustomConcurrentHashMap$WeakEntry.<init>(CustomConcurrentHashMap.java:1342)
07-15 19:57:14.933  6108  6108 W nalizableReferenceQueue: 	at com.google.common.collect.CustomConcurrentHashMap$EntryFactory$9.newEntry(CustomConcurrentHashMap.java:453)
07-15 19:57:14.933  6108  6108 W nalizableReferenceQueue: 	at com.google.common.collect.CustomConcurrentHashMap.a(CustomConcurrentHashMap.java:1715)
07-15 19:57:14.933  6108  6108 W nalizableReferenceQueue: 	at com.google.common.collect.ComputingConcurrentHashMap$ComputingSegment.a(ComputingConcurrentHashMap.java:123)
07-15 19:57:14.933  6108  6108 W nalizableReferenceQueue: 	at com.google.common.collect.ComputingConcurrentHashMap.apply(ComputingConcurrentHashMap.java:71)
07-15 19:57:14.933  6108  6108 W nalizableReferenceQueue: 	at com.google.common.collect.MapMaker$ComputingMapAdapter.get(MapMaker.java:848)
07-15 19:57:14.933  6108  6108 W nalizableReferenceQueue: 	at com.google.inject.internal.Annotations$AnnotationChecker.a(Annotations.java:90)
07-15 19:57:14.933  6108  6108 W nalizableReferenceQueue: 	at com.google.inject.internal.Annotations.c(Annotations.java:108)
07-15 19:57:14.933  6108  6108 W nalizableReferenceQueue: 	at com.google.inject.Key.d(Key.java:369)
07-15 19:57:14.933  6108  6108 W nalizableReferenceQueue: 	at com.google.inject.Key.b(Key.java:356)
07-15 19:57:14.933  6108  6108 W nalizableReferenceQueue: 	at com.google.inject.Key.a(Key.java:267)
07-15 19:57:14.933  6108  6108 W nalizableReferenceQueue: 	at com.facebook.orca.inject.binder.AnnotatedBindingBuilderImpl.a(AnnotatedBindingBuilderImpl.java:22)
07-15 19:57:14.933  6108  6108 W nalizableReferenceQueue: 	at com.facebook.orca.app.FbBaseModule.a(FbBaseModule.java:75)
07-15 19:57:14.933  6108  6108 W nalizableReferenceQueue: 	at com.facebook.orca.inject.AbstractModule.a(AbstractModule.java:19)
07-15 19:57:14.933  6108  6108 W nalizableReferenceQueue: 	at com.facebook.orca.inject.FbInjectorImpl.a(FbInjectorImpl.java:63)
07-15 19:57:14.933  6108  6108 W nalizableReferenceQueue: 	at com.facebook.orca.inject.FbInjectorImpl.<init>(FbInjectorImpl.java:41)
07-15 19:57:14.933  6108  6108 W nalizableReferenceQueue: 	at com.facebook.orca.inject.FbInjector.a(FbInjector.java:40)
07-15 19:57:14.933  6108  6108 W nalizableReferenceQueue: 	at com.facebook.katana.FacebookApplication.onCreate(FacebookApplication.java:102)
07-15 19:57:14.933  6108  6108 W nalizableReferenceQueue: 	at android.app.Instrumentation.callApplicationOnCreate(Instrumentation.java:969)
07-15 19:57:14.933  6108  6108 W nalizableReferenceQueue: 	at android.app.ActivityThread.handleBindApplication(ActivityThread.java:3954)
07-15 19:57:14.933  6108  6108 W nalizableReferenceQueue: 	at android.app.ActivityThread.access$1300(ActivityThread.java:123)
07-15 19:57:14.933  6108  6108 W nalizableReferenceQueue: 	at android.app.ActivityThread$H.handleMessage(ActivityThread.java:1185)
07-15 19:57:14.933  6108  6108 W nalizableReferenceQueue: 	at android.os.Handler.dispatchMessage(Handler.java:99)
07-15 19:57:14.933  6108  6108 W nalizableReferenceQueue: 	at android.os.Looper.loop(Looper.java:137)
07-15 19:57:14.933  6108  6108 W nalizableReferenceQueue: 	at android.app.ActivityThread.main(ActivityThread.java:4424)
07-15 19:57:14.933  6108  6108 W nalizableReferenceQueue: 	at java.lang.reflect.Method.invokeNative(Native Method)
07-15 19:57:14.933  6108  6108 W nalizableReferenceQueue: 	at java.lang.reflect.Method.invoke(Method.java:511)
07-15 19:57:14.933  6108  6108 W nalizableReferenceQueue: 	at com.android.internal.os.ZygoteInit$MethodAndArgsCaller.run(ZygoteInit.java:784)
07-15 19:57:14.933  6108  6108 W nalizableReferenceQueue: 	at com.android.internal.os.ZygoteInit.main(ZygoteInit.java:551)
07-15 19:57:14.933  6108  6108 W nalizableReferenceQueue: 	at dalvik.system.NativeStart.main(Native Method)
07-15 19:57:14.933  6108  6108 I Finalizer: Couldn't access Thread.inheritableThreadLocals. Reference finalizer threads will inherit thread local values.
07-15 19:57:14.992  6108  6110 D dalvikvm: GC_CONCURRENT freed 359K, 5% free 9874K/10311K, paused 3ms+2ms
07-15 19:57:15.140  6108  6110 D dalvikvm: GC_CONCURRENT freed 406K, 5% free 9986K/10503K, paused 2ms+3ms
07-15 19:57:15.320  6108  6110 D dalvikvm: GC_CONCURRENT freed 437K, 5% free 10118K/10631K, paused 3ms+2ms
07-15 19:57:15.906  6108  6110 D dalvikvm: GC_CONCURRENT freed 303K, 4% free 10275K/10695K, paused 2ms+7ms
07-15 19:57:15.964   144   390 I ActivityManager: Start proc com.google.android.apps.docs for broadcast com.google.android.apps.docs/.receivers.NetworkChangeReceiver: pid=6131 uid=10077 gids={3003, 1015, 1006}
07-15 19:57:15.976   144   156 I ActivityManager: No longer want com.google.android.apps.maps:FriendService (pid 4660): hidden #16
07-15 19:57:16.101   144   201 D ConnectivityService: handleInetConditionHoldEnd: net=1, condition=100, published condition=0
07-15 19:57:16.140   291   294 D dalvikvm: GC_CONCURRENT freed 435K, 6% free 10633K/11207K, paused 2ms+5ms
07-15 19:57:16.293  6131  6131 I PackageInfoHelper: Provided clientMode=RELEASE, packageInfo=PackageInfo{413645c0 com.google.android.apps.docs}
07-15 19:57:16.293  6131  6131 I ActivityThread: Pub com.google.android.apps.docs.files: com.google.android.apps.docs.sync.filemanager.FileProvider
07-15 19:57:16.296  6131  6131 I ActivityThread: Pub com.google.android.apps.docs.doclist.search_suggest: com.google.android.apps.docs.doclist.DocListGlobalSearchSuggestionProvider
07-15 19:57:16.445  6108  6128 W Resources: Converting to string: TypedValue{t=0x10/d=0xffffffff a=-1}
07-15 19:57:16.511  6131  6133 D dalvikvm: GC_CONCURRENT freed 177K, 3% free 9336K/9607K, paused 3ms+2ms
07-15 19:57:16.629  6131  6133 D dalvikvm: GC_CONCURRENT freed 451K, 6% free 9399K/9927K, paused 1ms+2ms
07-15 19:57:16.722  6131  6133 D dalvikvm: GC_CONCURRENT freed 510K, 6% free 9402K/9991K, paused 2ms+2ms
07-15 19:57:16.804  6131  6133 D dalvikvm: GC_CONCURRENT freed 485K, 6% free 9426K/9991K, paused 2ms+2ms
07-15 19:57:16.988  6131  6133 D dalvikvm: GC_CONCURRENT freed 509K, 6% free 9466K/10055K, paused 1ms+3ms
07-15 19:57:17.078  6131  6133 D dalvikvm: GC_CONCURRENT freed 464K, 6% free 9511K/10055K, paused 2ms+2ms
07-15 19:57:17.187   144  1167 I ActivityManager: No longer want com.android.calendar (pid 5413): hidden #16
07-15 19:57:17.218  6131  6133 D dalvikvm: GC_CONCURRENT freed 420K, 5% free 9621K/10119K, paused 1ms+3ms
07-15 19:57:17.371  6131  6133 D dalvikvm: GC_CONCURRENT freed 421K, 5% free 9749K/10247K, paused 2ms+3ms
07-15 19:57:17.379  6131  6131 D ContextScopeImpl: in ContextScope.getContextOrDefault for thread=1
07-15 19:57:17.379  6131  6131 D ContextScopeImpl: returning application context for thread=1
07-15 19:57:17.398  6131  6131 I FeatureCheckerImpl: Configured disabled features: []
07-15 19:57:17.398  6131  6131 D ContextScopeImpl: in ContextScope.getContextOrDefault for thread=1
07-15 19:57:17.398  6131  6131 D ContextScopeImpl: returning application context for thread=1
07-15 19:57:17.410  6131  6131 D ContextScopeImpl: in ContextScope.enter for thread=1
07-15 19:57:17.410  6131  6131 W ContextScopeImpl: thread=1 tried to enter the scope of the application context. Ignored.
07-15 19:57:17.410  6131  6131 D ContextScopeImpl: in ContextScope.getContextOrDefault for thread=1
07-15 19:57:17.410  6131  6131 D ContextScopeImpl: returning application context for thread=1
07-15 19:57:17.410  6131  6131 D DocListDatabase: openHelper points on new database: DocList.db
07-15 19:57:17.410  6131  6131 D DocListDatabase: in openWriteDatabase
07-15 19:57:17.421  6131  6131 I ActivityThread: Pub com.google.android.apps.docs.doclist.account_suggest: com.google.android.apps.docs.doclist.DocListAccountSuggestionProvider
07-15 19:57:17.425  6131  6131 D ContextScopeImpl: in ContextScope.enter for thread=1
07-15 19:57:17.425  6131  6131 W ContextScopeImpl: thread=1 tried to enter the scope of the application context. Ignored.
07-15 19:57:17.425  6131  6131 I ActivityThread: Pub com.google.android.apps.docs: com.google.android.apps.docs.providers.DocListProvider
07-15 19:57:17.425  6131  6131 D ContextScopeImpl: in ContextScope.enter for thread=1
07-15 19:57:17.425  6131  6131 W ContextScopeImpl: thread=1 tried to enter the scope of the application context. Ignored.
07-15 19:57:17.437  6131  6131 W ContextScopeImpl: thread=1 tried to enter the scope of the application context. Ignored.
07-15 19:57:17.445  6131  6147 W ContextScopeImpl: thread=366 tried to enter the scope of the application context. Ignored.
07-15 19:57:17.484  6131  6131 W ContextScopeImpl: thread=1 tried to enter the scope of the application context. Ignored.
07-15 19:57:17.582  6043  6043 I MediaUploader: No need to wake up
07-15 19:57:17.671  6131  6131 W ContextScopeImpl: thread=1 tried to enter the scope of the application context. Ignored.
07-15 19:57:17.711  6043  6043 I MediaUploader: No need to wake up
07-15 19:57:17.754  5611  6061 D PicasaSyncManager: active network: NetworkInfo: type: WIFI[], state: CONNECTED/CONNECTED, reason: (unspecified), extra: (none), roaming: false, failover: false, isAvailable: true
07-15 19:57:17.765  5611  6061 D PicasaSyncManager: background data: true
07-15 19:57:17.773  5611  6061 D PicasaSyncManager: active network: NetworkInfo: type: WIFI[], state: CONNECTED/CONNECTED, reason: (unspecified), extra: (none), roaming: false, failover: false, isAvailable: true
07-15 19:57:17.773  5611  6061 D PicasaSyncManager: background data: true
07-15 19:57:18.441  6108  6110 D dalvikvm: GC_CONCURRENT freed 360K, 5% free 10429K/10887K, paused 4ms+37ms
07-15 19:57:18.550  6131  6131 W ContextScopeImpl: thread=1 tried to enter the scope of the application context. Ignored.
07-15 19:57:18.625   144   144 I ActivityManager: Start proc com.google.android.talk for broadcast com.google.android.talk/.ConnectionStateOnlineReceiver: pid=6166 uid=10045 gids={3003, 1015, 1006, 3002}
07-15 19:57:18.839  6166  6166 I ActivityThread: Pub com.google.android.talk.SuggestionProvider: com.google.android.talk.SuggestionsProvider
07-15 19:57:19.152  6062  6064 D dalvikvm: GC_CONCURRENT freed 358K, 5% free 10474K/10951K, paused 62ms+3ms
07-15 19:57:19.207  6166  6166 D vclib:CallStateClient: startListening
07-15 19:57:19.234  6166  6168 D dalvikvm: GC_CONCURRENT freed 159K, 3% free 9344K/9607K, paused 3ms+3ms
07-15 19:57:19.339   291   294 D dalvikvm: GC_CONCURRENT freed 413K, 6% free 10662K/11271K, paused 7ms+7ms
07-15 19:57:19.398   144   156 D dalvikvm: GC_EXPLICIT freed 1158K, 15% free 15744K/18311K, paused 6ms+7ms
07-15 19:57:19.410   144   144 I ActivityManager: No longer want com.android.deskclock (pid 5429): hidden #16
07-15 19:57:19.605  6108  6110 D dalvikvm: GC_CONCURRENT freed 422K, 5% free 10526K/11079K, paused 2ms+3ms
07-15 19:57:20.730   144   201 D ConnectivityService: ConnectivityChange for mobile: CONNECTED/CONNECTED
07-15 19:57:20.789   144   201 D NetUtils: android_net_utils_resetConnections in env=0x1d93420 clazz=0xa2b00001 iface=rmnet0 mask=0x3
07-15 19:57:20.789   144   201 D ConnectivityService: ConnectivityChange for mobile: DISCONNECTED/DISCONNECTED
07-15 19:57:20.789   144   201 D ConnectivityService: Attempting to switch to WIFI
07-15 19:57:20.789   144   201 D ConnectivityService: Attempting to switch to WIMAX
07-15 19:57:20.789   144   201 D ConnectivityService: Attempting to switch to BLUETOOTH_TETHER
07-15 19:57:20.789   144   201 D ConnectivityService: resetConnections(rmnet0, 3)
07-15 19:57:21.023   291   302 I dalvikvm: Jit: resizing JitTable from 8192 to 16384
07-15 19:57:21.187   291   294 D dalvikvm: GC_CONCURRENT freed 389K, 5% free 10755K/11271K, paused 2ms+3ms
07-15 19:57:21.363  6108  6110 D dalvikvm: GC_CONCURRENT freed 347K, 5% free 10600K/11079K, paused 3ms+2ms
07-15 19:57:21.640   144   390 D AlarmManagerService: Kernel timezone updated to 240 minutes west of GMT
07-15 19:57:22.461  6108  6110 D dalvikvm: GC_CONCURRENT freed 346K, 5% free 10667K/11143K, paused 15ms+3ms
07-15 19:57:22.945  6108  6110 D dalvikvm: GC_CONCURRENT freed 389K, 5% free 10755K/11271K, paused 2ms+3ms
07-15 19:57:23.234   346   346 D SAN_SERVICE: *******************************************
07-15 19:57:23.234   346   346 D SAN_SERVICE: DM App Phone Service State - 0
07-15 19:57:23.234   346   346 D SAN_SERVICE: *******************************************
07-15 19:57:23.871   144   205 D Tethering: MasterInitialState.processMessage what=3
07-15 19:57:23.957   144   205 D Tethering: MasterInitialState.processMessage what=3
07-15 19:57:24.019  6043  6043 I MediaUploader: No need to wake up
07-15 19:57:24.078  5611  6061 D PicasaSyncManager: active network: NetworkInfo: type: WIFI[], state: CONNECTED/CONNECTED, reason: (unspecified), extra: (none), roaming: false, failover: false, isAvailable: true
07-15 19:57:24.082  5611  6061 D PicasaSyncManager: background data: true
07-15 19:57:24.472   144   201 D ConnectivityService: handleInetConditionHoldEnd: net=1, condition=100, published condition=100
07-15 19:57:24.671  6131  6131 W ContextScopeImpl: thread=1 tried to enter the scope of the application context. Ignored.
07-15 19:57:24.714  6043  6043 I MediaUploader: No need to wake up
07-15 19:57:24.769  5611  6061 D PicasaSyncManager: active network: NetworkInfo: type: WIFI[], state: CONNECTED/CONNECTED, reason: (unspecified), extra: (none), roaming: false, failover: false, isAvailable: true
07-15 19:57:24.769  5611  6061 D PicasaSyncManager: background data: true
07-15 19:57:24.800  6131  6131 W ContextScopeImpl: thread=1 tried to enter the scope of the application context. Ignored.
07-15 19:57:34.125  6108  6110 D dalvikvm: GC_CONCURRENT freed 535K, 6% free 10741K/11399K, paused 2ms+2ms
07-15 19:58:04.515   346   346 D SAN_SERVICE: *******************************************
07-15 19:58:04.515   346   346 D SAN_SERVICE: DM App Phone Service State - 0
07-15 19:58:04.515   346   346 D SAN_SERVICE: *******************************************
07-15 19:58:04.754   346   346 D SAN_SERVICE: *******************************************
07-15 19:58:04.754   346   346 D SAN_SERVICE: DM App Phone Service State - 0
07-15 19:58:04.754   346   346 D SAN_SERVICE: *******************************************
07-15 19:58:30.531   144   169 I ActivityManager: Start proc com.google.android.apps.currents for service com.google.android.apps.currents/com.google.apps.dots.android.app.service.SyncService: pid=6209 uid=10078 gids={3003, 1015}
07-15 19:58:30.554    79    79 D dalvikvm: GC_EXPLICIT freed 38K, 4% free 9027K/9347K, paused 1ms+5ms
07-15 19:58:30.593    79    79 D dalvikvm: GC_EXPLICIT freed <1K, 4% free 9027K/9347K, paused 7ms+2ms
07-15 19:58:30.632    79    79 D dalvikvm: GC_EXPLICIT freed <1K, 4% free 9027K/9347K, paused 1ms+2ms
07-15 19:58:30.890  6209  6209 I ActivityThread: Pub com.google.apps.dots.android.app.provider.SuggestionProvider: com.google.apps.dots.android.app.provider.SuggestionProvider
07-15 19:58:30.902  6209  6209 I ActivityThread: Pub com.google.android.apps.currents.exported: com.google.apps.dots.android.app.provider.ExportedContentProvider
07-15 19:58:31.054  6209  6211 D dalvikvm: GC_CONCURRENT freed 182K, 3% free 9349K/9607K, paused 8ms+2ms
07-15 19:58:31.109  6209  6211 D dalvikvm: GC_CONCURRENT freed 267K, 5% free 9581K/9991K, paused 2ms+2ms
07-15 19:58:31.222  6209  6211 D dalvikvm: GC_CONCURRENT freed 234K, 4% free 9823K/10183K, paused 1ms+2ms
07-15 19:58:31.343  6209  6211 D dalvikvm: GC_CONCURRENT freed 231K, 4% free 10100K/10439K, paused 2ms+1ms
07-15 19:58:31.375  6209  6209 I DotsContentUris: content://com.google.android.apps.currents
07-15 19:58:31.406  6209  6209 I ActivityThread: Pub com.google.android.apps.currents: com.google.apps.dots.android.app.provider.DotsContentProvider
07-15 19:58:31.414  6209  6209 I DotsApplication: Starting up...
07-15 19:58:31.652  6209  6211 D dalvikvm: GC_CONCURRENT freed 420K, 5% free 10129K/10631K, paused 3ms+3ms
07-15 19:58:31.886  6209  6211 D dalvikvm: GC_CONCURRENT freed 305K, 4% free 10336K/10759K, paused 2ms+4ms
07-15 19:58:31.929  6209  6229 I SyncService: Starting sync (19:58:31)
07-15 19:58:34.675  6209  6211 D dalvikvm: GC_CONCURRENT freed 285K, 4% free 10467K/10887K, paused 2ms+2ms
07-15 19:58:35.156  6209  6211 D dalvikvm: GC_CONCURRENT freed 230K, 4% free 10662K/11015K, paused 1ms+2ms
07-15 19:58:35.246  6209  6211 D dalvikvm: GC_CONCURRENT freed 442K, 6% free 10703K/11335K, paused 2ms+2ms
07-15 19:58:35.422  6209  6211 D dalvikvm: GC_CONCURRENT freed 519K, 6% free 10694K/11335K, paused 1ms+3ms
07-15 19:58:36.707   144   146 D dalvikvm: GC_CONCURRENT freed 1513K, 14% free 15797K/18311K, paused 3ms+6ms
07-15 19:58:36.746   144   155 D SyncManager: setSyncAutomatically: , provider com.google.android.apps.currents -> true
07-15 19:58:36.746   144   155 D SyncManager: setSyncAutomatically: already set to true, doing nothing
07-15 19:58:36.988  6209  6211 D dalvikvm: GC_CONCURRENT freed 367K, 5% free 10788K/11335K, paused 5ms+3ms
07-15 19:58:37.211  6209  6232 D dalvikvm: GC_FOR_ALLOC freed 231K, 4% free 11015K/11463K, paused 21ms
07-15 19:58:37.285   144   310 D dalvikvm: GC_EXPLICIT freed 144K, 15% free 15724K/18311K, paused 3ms+5ms
07-15 19:58:37.441  6209  6211 D dalvikvm: GC_CONCURRENT freed 265K, 4% free 11351K/11719K, paused 1ms+3ms
07-15 19:58:37.699  6209  6211 D dalvikvm: GC_CONCURRENT freed 730K, 8% free 11312K/12167K, paused 3ms+3ms
07-15 19:58:38.242  6209  6211 D dalvikvm: GC_CONCURRENT freed 763K, 9% free 11185K/12167K, paused 2ms+3ms
07-15 19:58:38.418  6209  6211 D dalvikvm: GC_CONCURRENT freed 569K, 8% free 11218K/12167K, paused 2ms+3ms
07-15 19:58:39.863  6209  6211 D dalvikvm: GC_CONCURRENT freed 597K, 8% free 11228K/12167K, paused 2ms+3ms
07-15 19:58:41.078  6209  6211 D dalvikvm: GC_CONCURRENT freed 642K, 8% free 11196K/12167K, paused 3ms+3ms
07-15 19:58:41.222  6209  6211 D dalvikvm: GC_CONCURRENT freed 581K, 8% free 11249K/12167K, paused 2ms+2ms
07-15 19:58:41.375  6209  6211 D dalvikvm: GC_CONCURRENT freed 608K, 8% free 11262K/12167K, paused 2ms+3ms
07-15 19:58:41.574  6209  6211 D dalvikvm: GC_CONCURRENT freed 606K, 8% free 11281K/12167K, paused 2ms+3ms
07-15 19:58:42.410  6209  6211 D dalvikvm: GC_CONCURRENT freed 695K, 8% free 11236K/12167K, paused 2ms+3ms
07-15 19:58:42.734  2643  2656 I PhoneLab-: Service Running
07-15 19:58:42.832  2643  2656 I PhoneLab-LoggerService: app_37    1395  1     1432   992   c00f181c 400107b4 S logcat
07-15 19:58:42.836  2643  2656 I PhoneLab-LoggerService: Logcat pid from database 1395
07-15 19:58:42.836  2643  2656 I PhoneLab-LoggerService: Logcat process found 1395
07-15 19:58:42.836  2643  2656 I PhoneLab-LoggerService: Checking Threshold
07-15 19:58:43.152  6209  6211 D dalvikvm: GC_CONCURRENT freed 623K, 8% free 11230K/12167K, paused 2ms+3ms
07-15 19:58:43.648  6209  6211 D dalvikvm: GC_CONCURRENT freed 613K, 8% free 11232K/12167K, paused 2ms+3ms
07-15 19:58:43.793  6209  6211 D dalvikvm: GC_CONCURRENT freed 575K, 8% free 11290K/12167K, paused 2ms+3ms
07-15 19:58:44.851  6209  6211 D dalvikvm: GC_CONCURRENT freed 667K, 8% free 11274K/12167K, paused 2ms+3ms
07-15 19:58:44.980  6209  6211 D dalvikvm: GC_CONCURRENT freed 640K, 8% free 11265K/12167K, paused 3ms+2ms
07-15 19:58:45.660  6209  6211 D dalvikvm: GC_CONCURRENT freed 643K, 8% free 11249K/12167K, paused 2ms+3ms
07-15 19:58:45.804  6209  6211 D dalvikvm: GC_CONCURRENT freed 574K, 8% free 11300K/12167K, paused 2ms+2ms
07-15 19:58:45.941  6209  6211 D dalvikvm: GC_CONCURRENT freed 611K, 7% free 11326K/12167K, paused 2ms+2ms
07-15 19:58:47.144  6209  6211 D dalvikvm: GC_CONCURRENT freed 699K, 7% free 11331K/12167K, paused 46ms+2ms
07-15 19:58:47.222   144   390 D dalvikvm: GC_EXPLICIT freed 264K, 15% free 15734K/18311K, paused 3ms+5ms
07-15 19:58:48.015  6209  6211 D dalvikvm: GC_CONCURRENT freed 754K, 8% free 11279K/12167K, paused 3ms+3ms
07-15 19:58:48.410  6209  6211 D dalvikvm: GC_CONCURRENT freed 618K, 8% free 11293K/12167K, paused 2ms+2ms
07-15 19:58:48.886  6209  6211 D dalvikvm: GC_CONCURRENT freed 651K, 8% free 11295K/12167K, paused 2ms+2ms
07-15 19:58:49.660  6209  6211 D dalvikvm: GC_CONCURRENT freed 652K, 8% free 11294K/12167K, paused 2ms+3ms
07-15 19:58:49.933  6209  6211 D dalvikvm: GC_CONCURRENT freed 618K, 8% free 11311K/12167K, paused 4ms+3ms
07-15 19:58:51.168  6209  6211 D dalvikvm: GC_CONCURRENT freed 645K, 8% free 11305K/12167K, paused 8ms+3ms
07-15 19:58:53.668  6209  6211 D dalvikvm: GC_CONCURRENT freed 597K, 7% free 11347K/12167K, paused 1ms+2ms
07-15 19:58:53.808  6209  6211 D dalvikvm: GC_CONCURRENT freed 650K, 7% free 11382K/12167K, paused 2ms+3ms
07-15 19:58:53.953  6209  6211 D dalvikvm: GC_CONCURRENT freed 692K, 7% free 11432K/12231K, paused 2ms+2ms
07-15 19:58:54.179  6209  6232 D dalvikvm: GC_EXPLICIT freed 459K, 6% free 11499K/12231K, paused 2ms+3ms
07-15 19:58:55.734  6209  6211 D dalvikvm: GC_CONCURRENT freed 885K, 9% free 11337K/12359K, paused 2ms+2ms
07-15 19:58:55.867  6209  6211 D dalvikvm: GC_CONCURRENT freed 636K, 8% free 11371K/12359K, paused 1ms+3ms
07-15 19:58:56.000  6209  6211 D dalvikvm: GC_CONCURRENT freed 649K, 8% free 11395K/12359K, paused 2ms+3ms
07-15 19:58:56.461  6209  6211 D dalvikvm: GC_CONCURRENT freed 643K, 8% free 11418K/12359K, paused 15ms+3ms
07-15 19:58:56.613   144   310 D dalvikvm: GC_EXPLICIT freed 368K, 15% free 15733K/18311K, paused 2ms+6ms
07-15 19:58:56.804  6209  6211 D dalvikvm: GC_CONCURRENT freed 513K, 7% free 11583K/12359K, paused 2ms+3ms
07-15 19:58:58.777  6209  6211 D dalvikvm: GC_CONCURRENT freed 990K, 10% free 11364K/12551K, paused 1ms+2ms
07-15 19:58:59.590  6209  6211 D dalvikvm: GC_CONCURRENT freed 664K, 10% free 11385K/12551K, paused 2ms+2ms
07-15 19:58:59.722  6209  6211 D dalvikvm: GC_CONCURRENT freed 652K, 9% free 11425K/12551K, paused 2ms+3ms
07-15 19:59:00.492  4840  4851 D dalvikvm: GC_EXPLICIT freed 950K, 34% free 13314K/20039K, paused 3ms+6ms
07-15 19:59:00.566  6209  6211 D dalvikvm: GC_CONCURRENT freed 769K, 10% free 11365K/12551K, paused 2ms+2ms
07-15 19:59:00.715  6209  6211 D dalvikvm: GC_CONCURRENT freed 591K, 9% free 11463K/12551K, paused 5ms+3ms
07-15 19:59:00.882  6209  6211 D dalvikvm: GC_CONCURRENT freed 697K, 9% free 11472K/12551K, paused 2ms+3ms
07-15 19:59:01.789  6209  6211 D dalvikvm: GC_CONCURRENT freed 781K, 10% free 11409K/12551K, paused 2ms+2ms
07-15 19:59:02.011  6209  6211 D dalvikvm: GC_CONCURRENT freed 705K, 10% free 11391K/12551K, paused 2ms+3ms
07-15 19:59:02.254  6209  6211 D dalvikvm: GC_CONCURRENT freed 679K, 10% free 11408K/12551K, paused 2ms+3ms
07-15 19:59:02.461  6209  6211 D dalvikvm: GC_CONCURRENT freed 468K, 8% free 11630K/12551K, paused 5ms+5ms
07-15 19:59:02.761  6209  6211 D dalvikvm: GC_CONCURRENT freed 587K, 6% free 11826K/12551K, paused 3ms+2ms
07-15 19:59:02.890  6209  6211 D dalvikvm: GC_CONCURRENT freed 1036K, 9% free 11676K/12807K, paused 2ms+2ms
07-15 19:59:02.996  6209  6211 D dalvikvm: GC_CONCURRENT freed 1155K, 12% free 11304K/12807K, paused 2ms+3ms
07-15 19:59:04.949  5809  5812 D dalvikvm: GC_CONCURRENT freed 506K, 6% free 10418K/11015K, paused 1ms+3ms
07-15 19:59:05.086  1351  1353 D dalvikvm: GC_CONCURRENT freed 471K, 8% free 10344K/11207K, paused 5ms+2ms
07-15 19:59:09.168  2643  2656 I PhoneLab-: Service Running
07-15 19:59:09.238  2643  2656 I PhoneLab-LoggerService: app_37    1395  1     1432   992   c00f181c 400107b4 S logcat
07-15 19:59:09.238  2643  2656 I PhoneLab-LoggerService: Logcat pid from database 1395
07-15 19:59:09.238  2643  2656 I PhoneLab-LoggerService: Logcat process found 1395
07-15 19:59:09.242  2643  2656 I PhoneLab-LoggerService: Checking Threshold
07-15 19:59:25.968   275   275 I wpa_supplicant: wlan0: CTRL-EVENT-DISCONNECTED bssid=d0:c2:82:67:e7:61 reason=0
07-15 19:59:25.988    75   117 D CommandListener: Clearing all IP addresses on wlan0
07-15 19:59:26.050   144   201 D ConnectivityService: ConnectivityChange for WIFI: DISCONNECTED/DISCONNECTED
07-15 19:59:26.054   144   201 D ConnectivityService: Attempting to switch to mobile
07-15 19:59:26.086   144   201 D ConnectivityService: Attempting to switch to WIMAX
07-15 19:59:26.086   144   201 D ConnectivityService: Attempting to switch to BLUETOOTH_TETHER
07-15 19:59:26.121   144   201 D NetUtils: android_net_utils_resetConnections in env=0x1d93420 clazz=0xb3300001 iface=wlan0 mask=0x3
07-15 19:59:26.121   144   201 E ConnectivityService: Exception trying to remove a route: java.lang.IllegalStateException: Unable to communicate with native dameon to add routes - com.android.server.NativeDaemonConnectorException: Cmd {interface route remove wlan0 default 67.20.213.254 32 0.0.0.0} failed with code 400 : {Failed to remove route from default table (No such process)}
07-15 19:59:26.121   144   201 E ConnectivityService: Exception trying to remove a route: java.lang.IllegalStateException: Unable to communicate with native dameon to add routes - com.android.server.NativeDaemonConnectorException: Cmd {interface route remove wlan0 default 0.0.0.0 0 67.20.213.254} failed with code 400 : {Failed to remove route from default table (No such process)}
07-15 19:59:26.121   144   201 D ConnectivityService: resetConnections(wlan0, 3)
07-15 19:59:26.140   144   201 D ConnectivityService: ConnectivityChange for WIMAX: DISCONNECTED/SCANNING
07-15 19:59:26.148   144   201 D ConnectivityService: Attempting to switch to mobile
07-15 19:59:26.148   144   201 D ConnectivityService: Attempting to switch to WIFI
07-15 19:59:26.148   144   201 D ConnectivityService: Attempting to switch to BLUETOOTH_TETHER
07-15 19:59:26.175   291  6103 W Smack/Packet: notify conn break (IOEx), close connection
07-15 19:59:26.285  6209  6232 E AttachmentStore: Error writing file to file: /mnt/sdcard/Android/data/com.google.android.apps.currents/cache/blobs.130.-577763198/CAAiEG3SWtcIpJPj5NQ1cDyBbPgqBggKMIKDLw/att/CAUqSAgCIhBKdCrWBjI4W8aqlulOXSqIKjIIBCIQpGmSIm8ZLEs3acYpAEVdPSocCAAiEG3SWtcIpJPj5NQ1cDyBbPgqBggKMIKDLzDKiu7jCw-2140657268.tmp
07-15 19:59:26.285  6209  6232 E AttachmentStore: javax.net.ssl.SSLException: Read error: ssl=0x1e49648: I/O error during system call, Connection timed out
07-15 19:59:26.285  6209  6232 E AttachmentStore: 	at org.apache.harmony.xnet.provider.jsse.NativeCrypto.SSL_read(Native Method)
07-15 19:59:26.285  6209  6232 E AttachmentStore: 	at org.apache.harmony.xnet.provider.jsse.OpenSSLSocketImpl$SSLInputStream.read(OpenSSLSocketImpl.java:671)
07-15 19:59:26.285  6209  6232 E AttachmentStore: 	at org.apache.http.impl.io.AbstractSessionInputBuffer.fillBuffer(AbstractSessionInputBuffer.java:103)
07-15 19:59:26.285  6209  6232 E AttachmentStore: 	at org.apache.http.impl.io.AbstractSessionInputBuffer.read(AbstractSessionInputBuffer.java:134)
07-15 19:59:26.285  6209  6232 E AttachmentStore: 	at org.apache.http.impl.io.ChunkedInputStream.read(ChunkedInputStream.java:161)
07-15 19:59:26.285  6209  6232 E AttachmentStore: 	at org.apache.http.impl.io.ChunkedInputStream.read(ChunkedInputStream.java:175)
07-15 19:59:26.285  6209  6232 E AttachmentStore: 	at org.apache.http.conn.EofSensorInputStream.read(EofSensorInputStream.java:178)
07-15 19:59:26.285  6209  6232 E AttachmentStore: 	at com.google.apps.dots.android.app.util.LimitedInputStream.read(LimitedInputStream.java:50)
07-15 19:59:26.285  6209  6232 E AttachmentStore: 	at com.google.common.io.ByteStreams.copy(ByteStreams.java:193)
07-15 19:59:26.285  6209  6232 E AttachmentStore: 	at com.google.apps.dots.android.app.util.FileUtil.writeStream(FileUtil.java:94)
07-15 19:59:26.285  6209  6232 E AttachmentStore: 	at com.google.apps.dots.android.app.provider.AttachmentStore.storeAttachment(AttachmentStore.java:118)
07-15 19:59:26.285  6209  6232 E AttachmentStore: 	at com.google.apps.dots.android.app.sync.AttachmentSyncResponseNode.processResponse(AttachmentSyncResponseNode.java:41)
07-15 19:59:26.285  6209  6232 E AttachmentStore: 	at com.google.apps.dots.android.app.sync.SyncResponseNode.syncSelf(SyncResponseNode.java:50)
07-15 19:59:26.285  6209  6232 E AttachmentStore: 	at com.google.apps.dots.android.app.sync.BaseSyncNode.syncSelfInternal(BaseSyncNode.java:122)
07-15 19:59:26.285  6209  6232 E AttachmentStore: 	at com.google.apps.dots.android.app.sync.BaseSyncNode.sync(BaseSyncNode.java:105)
07-15 19:59:26.285  6209  6232 E AttachmentStore: 	at com.google.apps.dots.android.app.sync.BaseSyncNode.syncNextChild(BaseSyncNode.java:202)
07-15 19:59:26.285  6209  6232 E AttachmentStore: 	at com.google.apps.dots.android.app.sync.BaseSyncNode.sync(BaseSyncNode.java:108)
07-15 19:59:26.285  6209  6232 E AttachmentStore: 	at com.google.apps.dots.android.app.sync.BaseSyncNode.syncNextChild(BaseSyncNode.java:202)
07-15 19:59:26.285  6209  6232 E AttachmentStore: 	at com.google.apps.dots.android.app.sync.BaseSyncNode.sync(BaseSyncNode.java:108)
07-15 19:59:26.285  6209  6232 E AttachmentStore: 	at com.google.apps.dots.android.app.sync.BaseSyncNode.syncNextChild(BaseSyncNode.java:202)
07-15 19:59:26.285  6209  6232 E AttachmentStore: 	at com.google.apps.dots.android.app.sync.BaseSyncNode.sync(BaseSyncNode.java:108)
07-15 19:59:26.285  6209  6232 E AttachmentStore: 	at com.google.apps.dots.android.app.sync.BaseSyncNode.syncNextChild(BaseSyncNode.java:202)
07-15 19:59:26.285  6209  6232 E AttachmentStore: 	at com.google.apps.dots.android.app.sync.BaseSyncNode.sync(BaseSyncNode.java:108)
07-15 19:59:26.285  6209  6232 E AttachmentStore: 	at com.google.apps.dots.android.app.sync.BaseSyncNode.syncNextChild(BaseSyncNode.java:202)
07-15 19:59:26.285  6209  6232 E AttachmentStore: 	at com.google.apps.dots.android.app.sync.BaseSyncNode.sync(BaseSyncNode.java:108)
07-15 19:59:26.285  6209  6232 E AttachmentStore: 	at com.google.apps.dots.android.app.sync.BaseSyncNode.syncNextChild(BaseSyncNode.java:202)
07-15 19:59:26.285  6209  6232 E AttachmentStore: 	at com.google.apps.dots.android.app.sync.BaseSyncNode.sync(BaseSyncNode.java:108)
07-15 19:59:26.285  6209  6232 E AttachmentStore: 	at com.google.apps.dots.android.app.sync.BaseSyncNode.syncNextChild(BaseSyncNode.java:202)
07-15 19:59:26.285  6209  6232 E AttachmentStore: 	at com.google.apps.dots.android.app.sync.BaseSyncNode.sync(BaseSyncNode.java:108)
07-15 19:59:26.285  6209  6232 E AttachmentStore: 	at com.google.apps.dots.android.app.sync.BaseSyncNode.syncNextChild(BaseSyncNode.java:202)
07-15 19:59:26.285  6209  6232 E AttachmentStore: 	at com.google.apps.dots.android.app.sync.BaseSyncNode.sync(BaseSyncNode.java:108)
07-15 19:59:26.285  6209  6232 E AttachmentStore: 	at com.google.apps.dots.android.app.sync.SyncNodeProcessor.syncNextNode(SyncNodeProcessor.java:34)
07-15 19:59:26.285  6209  6232 E AttachmentStore: 	at com.google.apps.dots.android.app.sync.SyncProcessorQueue.process(SyncProcessorQueue.java:138)
07-15 19:59:26.285  6209  6232 E AttachmentStore: 	at com.google.apps.dots.android.app.sync.SyncProcessorQueue.process(SyncProcessorQueue.java:118)
07-15 19:59:26.285  6209  6232 E AttachmentStore: 	at com.google.apps.dots.android.app.sync.SyncProcessorQueue.access$200(SyncProcessorQueue.java:35)
07-15 19:59:26.285  6209  6232 E AttachmentStore: 	at com.google.apps.dots.android.app.sync.SyncProcessorQueue$Processor.run(SyncProcessorQueue.java:241)
07-15 19:59:26.285  6209  6232 E AttachmentStore: 	at java.util.concurrent.Executors$RunnableAdapter.call(Executors.java:442)
07-15 19:59:26.285  6209  6232 E AttachmentStore: 	at java.util.concurrent.FutureTask$Sync.innerRun(FutureTask.java:305)
07-15 19:59:26.285  6209  6232 E AttachmentStore: 	at java.util.concurrent.FutureTask.run(FutureTask.java:137)
07-15 19:59:26.285  6209  6232 E AttachmentStore: 	at java.util.concurrent.ThreadPoolExecutor.runWorker(ThreadPoolExecutor.java:1076)
07-15 19:59:26.285  6209  6232 E AttachmentStore: 	at java.util.concurrent.ThreadPoolExecutor$Worker.run(ThreadPoolExecutor.java:569)
07-15 19:59:26.285  6209  6232 E AttachmentStore: 	at java.lang.Thread.run(Th
07-15 19:59:26.285  6209  6232 W FileUtil: Removing file: /mnt/sdcard/Android/data/com.google.android.apps.currents/cache/blobs.130.-577763198/CAAiEG3SWtcIpJPj5NQ1cDyBbPgqBggKMIKDLw/att/CAUqSAgCIhBKdCrWBjI4W8aqlulOXSqIKjIIBCIQpGmSIm8ZLEs3acYpAEVdPSocCAAiEG3SWtcIpJPj5NQ1cDyBbPgqBggKMIKDLzDKiu7jCw-2140657268.tmp
07-15 19:59:26.297  6209  6232 W Closeables: IOException thrown while closing Closeable.
07-15 19:59:26.297  6209  6232 W Closeables: java.io.IOException: Unable to skip, connection probably dead
07-15 19:59:26.297  6209  6232 W Closeables: 	at com.google.apps.dots.android.app.util.LimitedInputStream.close(LimitedInputStream.java:78)
07-15 19:59:26.297  6209  6232 W Closeables: 	at com.google.common.io.Closeables.close(Closeables.java:80)
07-15 19:59:26.297  6209  6232 W Closeables: 	at com.google.common.io.Closeables.closeQuietly(Closeables.java:99)
07-15 19:59:26.297  6209  6232 W Closeables: 	at com.google.apps.dots.android.app.sync.AttachmentSyncResponseNode.processResponse(AttachmentSyncResponseNode.java:43)
07-15 19:59:26.297  6209  6232 W Closeables: 	at com.google.apps.dots.android.app.sync.SyncResponseNode.syncSelf(SyncResponseNode.java:50)
07-15 19:59:26.297  6209  6232 W Closeables: 	at com.google.apps.dots.android.app.sync.BaseSyncNode.syncSelfInternal(BaseSyncNode.java:122)
07-15 19:59:26.297  6209  6232 W Closeables: 	at com.google.apps.dots.android.app.sync.BaseSyncNode.sync(BaseSyncNode.java:105)
07-15 19:59:26.297  6209  6232 W Closeables: 	at com.google.apps.dots.android.app.sync.BaseSyncNode.syncNextChild(BaseSyncNode.java:202)
07-15 19:59:26.297  6209  6232 W Closeables: 	at com.google.apps.dots.android.app.sync.BaseSyncNode.sync(BaseSyncNode.java:108)
07-15 19:59:26.297  6209  6232 W Closeables: 	at com.google.apps.dots.android.app.sync.BaseSyncNode.syncNextChild(BaseSyncNode.java:202)
07-15 19:59:26.297  6209  6232 W Closeables: 	at com.google.apps.dots.android.app.sync.BaseSyncNode.sync(BaseSyncNode.java:108)
07-15 19:59:26.297  6209  6232 W Closeables: 	at com.google.apps.dots.android.app.sync.BaseSyncNode.syncNextChild(BaseSyncNode.java:202)
07-15 19:59:26.297  6209  6232 W Closeables: 	at com.google.apps.dots.android.app.sync.BaseSyncNode.sync(BaseSyncNode.java:108)
07-15 19:59:26.297  6209  6232 W Closeables: 	at com.google.apps.dots.android.app.sync.BaseSyncNode.syncNextChild(BaseSyncNode.java:202)
07-15 19:59:26.297  6209  6232 W Closeables: 	at com.google.apps.dots.android.app.sync.BaseSyncNode.sync(BaseSyncNode.java:108)
07-15 19:59:26.297  6209  6232 W Closeables: 	at com.google.apps.dots.android.app.sync.BaseSyncNode.syncNextChild(BaseSyncNode.java:202)
07-15 19:59:26.297  6209  6232 W Closeables: 	at com.google.apps.dots.android.app.sync.BaseSyncNode.sync(BaseSyncNode.java:108)
07-15 19:59:26.297  6209  6232 W Closeables: 	at com.google.apps.dots.android.app.sync.BaseSyncNode.syncNextChild(BaseSyncNode.java:202)
07-15 19:59:26.297  6209  6232 W Closeables: 	at com.google.apps.dots.android.app.sync.BaseSyncNode.sync(BaseSyncNode.java:108)
07-15 19:59:26.297  6209  6232 W Closeables: 	at com.google.apps.dots.android.app.sync.BaseSyncNode.syncNextChild(BaseSyncNode.java:202)
07-15 19:59:26.297  6209  6232 W Closeables: 	at com.google.apps.dots.android.app.sync.BaseSyncNode.sync(BaseSyncNode.java:108)
07-15 19:59:26.297  6209  6232 W Closeables: 	at com.google.apps.dots.android.app.sync.BaseSyncNode.syncNextChild(BaseSyncNode.java:202)
07-15 19:59:26.297  6209  6232 W Closeables: 	at com.google.apps.dots.android.app.sync.BaseSyncNode.sync(BaseSyncNode.java:108)
07-15 19:59:26.297  6209  6232 W Closeables: 	at com.google.apps.dots.android.app.sync.SyncNodeProcessor.syncNextNode(SyncNodeProcessor.java:34)
07-15 19:59:26.297  6209  6232 W Closeables: 	at com.google.apps.dots.android.app.sync.SyncProcessorQueue.process(SyncProcessorQueue.java:138)
07-15 19:59:26.297  6209  6232 W Closeables: 	at com.google.apps.dots.android.app.sync.SyncProcessorQueue.process(SyncProcessorQueue.java:118)
07-15 19:59:26.297  6209  6232 W Closeables: 	at com.google.apps.dots.android.app.sync.SyncProcessorQueue.access$200(SyncProcessorQueue.java:35)
07-15 19:59:26.297  6209  6232 W Closeables: 	at com.google.apps.dots.android.app.sync.SyncProcessorQueue$Processor.run(SyncProcessorQueue.java:241)
07-15 19:59:26.297  6209  6232 W Closeables: 	at java.util.concurrent.Executors$RunnableAdapter.call(Executors.java:442)
07-15 19:59:26.297  6209  6232 W Closeables: 	at java.util.concurrent.FutureTask$Sync.innerRun(FutureTask.java:305)
07-15 19:59:26.297  6209  6232 W Closeables: 	at java.util.concurrent.FutureTask.run(FutureTask.java:137)
07-15 19:59:26.297  6209  6232 W Closeables: 	at java.util.concurrent.ThreadPoolExecutor.runWorker(ThreadPoolExecutor.java:1076)
07-15 19:59:26.297  6209  6232 W Closeables: 	at java.util.concurrent.ThreadPoolExecutor$Worker.run(ThreadPoolExecutor.java:569)
07-15 19:59:26.297  6209  6232 W Closeables: 	at java.lang.Thread.run(Thread.java:856)
07-15 19:59:26.297  6209  6232 E AttachmentSyncResponseNode: Error processing sync response for context: CAAiEG3SWtcIpJPj5NQ1cDyBbPgqBggKMIKDLw/CAUqSAgCIhBKdCrWBjI4W8aqlulOXSqIKjIIBCIQpGmSIm8ZLEs3acYpAEVdPSocCAAiEG3SWtcIpJPj5NQ1cDyBbPgqBggKMIKDLzDKiu7jCw/nocrop,noupscale,800x800
07-15 19:59:26.304  6209  6232 W SyncProcessorQueue: Caught a fatal sync exception
07-15 19:59:26.304  6209  6232 W SyncProcessorQueue: com.google.apps.dots.android.app.sync.SyncException: javax.net.ssl.SSLException: Read error: ssl=0x1e49648: I/O error during system call, Connection timed out
07-15 19:59:26.304  6209  6232 W SyncProcessorQueue: 	at com.google.apps.dots.android.app.sync.SyncResponseNode.syncSelf(SyncResponseNode.java:55)
07-15 19:59:26.304  6209  6232 W SyncProcessorQueue: 	at com.google.apps.dots.android.app.sync.BaseSyncNode.syncSelfInternal(BaseSyncNode.java:122)
07-15 19:59:26.304  6209  6232 W SyncProcessorQueue: 	at com.google.apps.dots.android.app.sync.BaseSyncNode.sync(BaseSyncNode.java:105)
07-15 19:59:26.304  6209  6232 W SyncProcessorQueue: 	at com.google.apps.dots.android.app.sync.BaseSyncNode.syncNextChild(BaseSyncNode.java:202)
07-15 19:59:26.304  6209  6232 W SyncProcessorQueue: 	at com.google.apps.dots.android.app.sync.BaseSyncNode.sync(BaseSyncNode.java:108)
07-15 19:59:26.304  6209  6232 W SyncProcessorQueue: 	at com.google.apps.dots.android.app.sync.BaseSyncNode.syncNextChild(BaseSyncNode.java:202)
07-15 19:59:26.304  6209  6232 W SyncProcessorQueue: 	at com.google.apps.dots.android.app.sync.BaseSyncNode.sync(BaseSyncNode.java:108)
07-15 19:59:26.304  6209  6232 W SyncProcessorQueue: 	at com.google.apps.dots.android.app.sync.BaseSyncNode.syncNextChild(BaseSyncNode.java:202)
07-15 19:59:26.304  6209  6232 W SyncProcessorQueue: 	at com.google.apps.dots.android.app.sync.BaseSyncNode.sync(BaseSyncNode.java:108)
07-15 19:59:26.304  6209  6232 W SyncProcessorQueue: 	at com.google.apps.dots.android.app.sync.BaseSyncNode.syncNextChild(BaseSyncNode.java:202)
07-15 19:59:26.304  6209  6232 W SyncProcessorQueue: 	at com.google.apps.dots.android.app.sync.BaseSyncNode.sync(BaseSyncNode.java:108)
07-15 19:59:26.304  6209  6232 W SyncProcessorQueue: 	at com.google.apps.dots.android.app.sync.BaseSyncNode.syncNextChild(BaseSyncNode.java:202)
07-15 19:59:26.304  6209  6232 W SyncProcessorQueue: 	at com.google.apps.dots.android.app.sync.BaseSyncNode.sync(BaseSyncNode.java:108)
07-15 19:59:26.304  6209  6232 W SyncProcessorQueue: 	at com.google.apps.dots.android.app.sync.BaseSyncNode.syncNextChild(BaseSyncNode.java:202)
07-15 19:59:26.304  6209  6232 W SyncProcessorQueue: 	at com.google.apps.dots.android.app.sync.BaseSyncNode.sync(BaseSyncNode.java:108)
07-15 19:59:26.304  6209  6232 W SyncProcessorQueue: 	at com.google.apps.dots.android.app.sync.BaseSyncNode.syncNextChild(BaseSyncNode.java:202)
07-15 19:59:26.304  6209  6232 W SyncProcessorQueue: 	at com.google.apps.dots.android.app.sync.BaseSyncNode.sync(BaseSyncNode.java:108)
07-15 19:59:26.304  6209  6232 W SyncProcessorQueue: 	at com.google.apps.dots.android.app.sync.BaseSyncNode.syncNextChild(BaseSyncNode.java:202)
07-15 19:59:26.304  6209  6232 W SyncProcessorQueue: 	at com.google.apps.dots.android.app.sync.BaseSyncNode.sync(BaseSyncNode.java:108)
07-15 19:59:26.304  6209  6232 W SyncProcessorQueue: 	at com.google.apps.dots.android.app.sync.SyncNodeProcessor.syncNextNode(SyncNodeProcessor.java:34)
07-15 19:59:26.304  6209  6232 W SyncProcessorQueue: 	at com.google.apps.dots.android.app.sync.SyncProcessorQueue.process(SyncProcessorQueue.java:138)
07-15 19:59:26.304  6209  6232 W SyncProcessorQueue: 	at com.google.apps.dots.android.app.sync.SyncProcessorQueue.process(SyncProcessorQueue.java:118)
07-15 19:59:26.304  6209  6232 W SyncProcessorQueue: 	at com.google.apps.dots.android.app.sync.SyncProcessorQueue.access$200(SyncProcessorQueue.java:35)
07-15 19:59:26.304  6209  6232 W SyncProcessorQueue: 	at com.google.apps.dots.android.app.sync.SyncProcessorQueue$Processor.run(SyncProcessorQueue.java:241)
07-15 19:59:26.304  6209  6232 W SyncProcessorQueue: 	at java.util.concurrent.Executors$RunnableAdapter.call(Executors.java:442)
07-15 19:59:26.304  6209  6232 W SyncProcessorQueue: 	at java.util.concurrent.FutureTask$Sync.innerRun(FutureTask.java:305)
07-15 19:59:26.304  6209  6232 W SyncProcessorQueue: 	at java.util.concurrent.FutureTask.run(FutureTask.java:137)
07-15 19:59:26.304  6209  6232 W SyncProcessorQueue: 	at java.util.concurrent.ThreadPoolExecutor.runWorker(ThreadPoolExecutor.java:1076)
07-15 19:59:26.304  6209  6232 W SyncProcessorQueue: 	at java.util.concurrent.ThreadPoolExecutor$Worker.run(ThreadPoolExecutor.java:569)
07-15 19:59:26.304  6209  6232 W SyncProcessorQueue: 	at java.lang.Thread.run(Thread.java:856)
07-15 19:59:26.304  6209  6232 W SyncProcessorQueue: Caused by: javax.net.ssl.SSLException: Read error: ssl=0x1e49648: I/O error during system call, Connection timed out
07-15 19:59:26.304  6209  6232 W SyncProcessorQueue: 	at org.apache.harmony.xnet.provider.jsse.NativeCrypto.SSL_read(Native Method)
07-15 19:59:26.304  6209  6232 W SyncProcessorQueue: 	at org.apache.harmony.xnet.provider.jsse.OpenSSLSocketImpl$SSLInputStream.read(OpenSSLSocketImpl.java:671)
07-15 19:59:26.304  6209  6232 W SyncProcessorQueue: 	at org.apache.http.impl.io.AbstractSessionInputBuffer.fillBuffer(AbstractSessionInputBuffer.java:103)
07-15 19:59:26.304  6209  6232 W SyncProcessorQueue: 	at org.apache.http.impl.io.AbstractSessionInputBuffer.read(AbstractSessionInputBuffer.java:134)
07-15 19:59:26.304  6209  6232 W SyncProcessorQueue: 	at org.apache.http.impl.io.ChunkedInputStream.read(ChunkedInputStream.java:161)
07-15 19:59:26.304  6209  6232 W SyncProcessorQueue: 	at org.apache.http.impl.io.ChunkedInputStream.read(ChunkedInputStream.java:175)
07-15 19:59:26.304  6209  6232 W SyncProcessorQueue: 	at org.apache.http.conn.EofSensorInputStream.read(EofSensorInputStream.java:178)
07-15 19:59:26.304  6209  6232 W SyncProcessorQueue: 	at com.google.apps.dots.android.app.util.LimitedInputStream.read(LimitedInputStream.java:50)
07-15 19:59:26.304  6209  6232 W SyncProcessorQueue: 	at com.google.common.io.ByteStreams.copy(ByteStreams.java:193)
07-15 19:59:26.304  6209  6232 W SyncProcessorQueue: 	at com.google.apps.dots.android.app.util.FileUtil.writeStream(FileUtil.java:94)
07-15 19:59:26.304  6209  6232 W SyncProcessorQueue: 	at com.google.apps.dots.android.app.provider.AttachmentStore.storeAttachment(AttachmentStore.java:118)
07-15 19:59:26.304  6209  6232 W SyncProcessorQueue: 	at com.google.apps.dots.android.app.sync.AttachmentSyncResponseNode.processResponse(AttachmentSyncResponseNode.java:41)
07-15 19:59:26.304  6209  6232 W SyncProcessorQueue: 	at com.google.apps.dots.android.app.sync.SyncResponseNode.syncS
07-15 19:59:26.304  6209  6232 W SyncService: sync service error (3)
07-15 19:59:26.312  6209  6229 I SyncService: sync service finished (19:59:26)
07-15 19:59:26.351  6209  6211 D dalvikvm: GC_CONCURRENT freed 564K, 12% free 11375K/12807K, paused 2ms+2ms
07-15 19:59:26.351   291  6103 I qtaguid : Failed write_ctrl(u 83) res=-1 errno=22
07-15 19:59:26.351   291  6103 I qtaguid : Untagging socket 83 failed errno=-22
07-15 19:59:26.351   291  6103 W NetworkManagementSocketTagger: untagSocket(83) failed with errno -22
07-15 19:59:26.355   144   201 D ConnectivityService: handleInetConditionChange: no active default network - ignore
07-15 19:59:26.550   275   275 I wpa_supplicant: wlan0: Trying to associate with d0:c2:82:2d:f2:b1 (SSID='UB_Secure' freq=2437 MHz)
07-15 19:59:26.570   275   275 I wpa_supplicant: wlan0: Associated with d0:c2:82:2d:f2:b1
07-15 19:59:26.574   275   275 I wpa_supplicant: wlan0: CTRL-EVENT-EAP-STARTED EAP authentication started
07-15 19:59:26.578   275   275 I wpa_supplicant: wlan0: CTRL-EVENT-EAP-PROPOSED-METHOD vendor=0 method=4 -> NAK
07-15 19:59:26.578   275   275 I wpa_supplicant: wlan0: CTRL-EVENT-EAP-PROPOSED-METHOD vendor=0 method=25
07-15 19:59:26.582   275   275 I wpa_supplicant: wlan0: CTRL-EVENT-EAP-METHOD EAP vendor 0 method 25 (PEAP) selected
07-15 19:59:26.640   275   275 I wpa_supplicant: wlan0: CTRL-EVENT-EAP-PEER-CERT depth=2 subject='/C=US/O=Entrust.net/OU=www.entrust.net/CPS incorp. by ref. (limits liab.)/OU=(c) 1999 Entrust.net Limited/CN=Entrust.net Secure Server Certification Authority'
07-15 19:59:26.640   275   275 I wpa_supplicant: wlan0: CTRL-EVENT-EAP-PEER-CERT depth=2 subject='/C=US/O=Entrust.net/OU=www.entrust.net/CPS incorp. by ref. (limits liab.)/OU=(c) 1999 Entrust.net Limited/CN=Entrust.net Secure Server Certification Authority'
07-15 19:59:26.644   275   275 I wpa_supplicant: wlan0: CTRL-EVENT-EAP-PEER-CERT depth=1 subject='/C=US/ST=UT/L=Salt Lake City/O=The USERTRUST Network/CN=USERTrust Legacy Secure Server CA'
07-15 19:59:26.648   275   275 I wpa_supplicant: wlan0: CTRL-EVENT-EAP-PEER-CERT depth=0 subject='/C=US/postalCode=14260/ST=New York/L=Buffalo/street=305 Computing Center/O=SUNY AT BUFFALO/OU=Office of the President/OU=Issued through UNIVERSITY AT BUFFALO E-PKI Manager/OU=PremiumSSL Legacy/CN=ubsecure.acsu.buffalo.edu'
07-15 19:59:26.808   275   275 I wpa_supplicant: EAP-MSCHAPV2: Authentication succeeded
07-15 19:59:26.812   275   275 I wpa_supplicant: EAP-TLV: TLV Result - Success - EAP-TLV/Phase2 Completed
07-15 19:59:26.820   275   275 I wpa_supplicant: wlan0: CTRL-EVENT-EAP-SUCCESS EAP authentication completed successfully
07-15 19:59:26.890   275   275 I wpa_supplicant: wlan0: WPA: Key negotiation completed with d0:c2:82:2d:f2:b1 [PTK=CCMP GTK=TKIP]
07-15 19:59:26.890   275   275 I wpa_supplicant: wlan0: CTRL-EVENT-CONNECTED - Connection to d0:c2:82:2d:f2:b1 completed (reauth) [id=0 id_str=]
07-15 19:59:27.601   144   201 D ConnectivityService: ConnectivityChange for WIFI: CONNECTED/CONNECTED
07-15 19:59:27.632  2643  2643 I PhoneLab-WiFiReceiver: Wi-Fi is connected!
07-15 19:59:27.632  2643  2643 I PhoneLab-WiFiReceiver: SSID: UB_Secure BSSID: d0:c2:82:2d:f2:b1 RSSI: -200 LinkSpeed: -1
07-15 19:59:27.632  2643  2643 I PhoneLab-Locks: wake lock acquired
07-15 19:59:27.636  2643  2643 I PhoneLab-UploadLogs: Transfering log files now
07-15 19:59:27.636  2643  2643 I PhoneLab-UploadLogs: No log files to transfer
07-15 19:59:27.636  2643  2643 I PhoneLab-Locks: wake lock released
07-15 19:59:27.640  2643  2643 I PhoneLab-UploadLogs: OnStartCommand
07-15 19:59:27.660   144   196 W NetworkStats: dropping UID delta from unknown iface: iface=wlan0 uid=0 set=DEFAULT tag=0x0 rxBytes=0 rxPackets=0 txBytes=136 txPackets=2 operations=0
07-15 19:59:28.605   144   201 D ConnectivityService: NetTransition Wakelock for WifiStateMachine released by timeout
07-15 19:59:29.191   144   205 D Tethering: MasterInitialState.processMessage what=3
07-15 19:59:29.222   144   205 D Tethering: MasterInitialState.processMessage what=3
07-15 19:59:29.234   291   291 I GTalkService/c: [AndroidEndpoint@1094321424] connect: acct=1000000, state=CONNECTING
07-15 19:59:29.269   291   291 I GTalkService/c: [GTalkConnection@1094939328] connect: acct=1, state=CONNECTING
07-15 19:59:29.465   291   294 D dalvikvm: GC_CONCURRENT freed 680K, 8% free 10593K/11399K, paused 12ms+23ms
07-15 19:59:29.472  6043  6043 I MediaUploader: No need to wake up
07-15 19:59:29.476  2643  2643 I PhoneLab-WiFiReceiver: Wi-Fi is disconnected!
07-15 19:59:29.519  5611  6061 D PicasaSyncManager: active network: NetworkInfo: type: WIFI[], state: CONNECTED/CONNECTED, reason: (unspecified), extra: (none), roaming: false, failover: false, isAvailable: true
07-15 19:59:29.519  5611  6061 D PicasaSyncManager: background data: true
07-15 19:59:29.640  6131  6131 W ContextScopeImpl: thread=1 tried to enter the scope of the application context. Ignored.
07-15 19:59:29.715  6043  6043 I MediaUploader: No need to wake up
07-15 19:59:29.734   144   146 D dalvikvm: GC_CONCURRENT freed 1565K, 14% free 15842K/18311K, paused 3ms+7ms
07-15 19:59:29.781  5611  6061 D PicasaSyncManager: active network: NetworkInfo: type: WIFI[], state: CONNECTED/CONNECTED, reason: (unspecified), extra: (none), roaming: false, failover: false, isAvailable: true
07-15 19:59:29.808  5611  6061 D PicasaSyncManager: background data: true
07-15 19:59:29.820  6131  6131 W ContextScopeImpl: thread=1 tried to enter the scope of the application context. Ignored.
07-15 19:59:30.695   144   205 D Tethering: MasterInitialState.processMessage what=3
07-15 19:59:30.785  6043  6043 I MediaUploader: No need to wake up
07-15 19:59:30.863  6131  6131 W ContextScopeImpl: thread=1 tried to enter the scope of the application context. Ignored.
07-15 19:59:30.879  5611  6061 D PicasaSyncManager: active network: NetworkInfo: type: WIFI[], state: CONNECTED/CONNECTED, reason: (unspecified), extra: (none), roaming: false, failover: false, isAvailable: true
07-15 19:59:30.879  5611  6061 D PicasaSyncManager: background data: true
07-15 19:59:30.980  6131  6133 D dalvikvm: GC_CONCURRENT freed 316K, 5% free 9867K/10311K, paused 50ms+4ms
07-15 19:59:31.007  5116  5118 D dalvikvm: GC_CONCURRENT freed 296K, 5% free 9311K/9735K, paused 15ms+5ms
07-15 19:59:32.718   144   201 D ConnectivityService: ConnectivityChange for mobile: CONNECTED/CONNECTED
07-15 19:59:32.742   144   201 D ConnectivityService: ConnectivityChange for mobile: DISCONNECTED/DISCONNECTED
07-15 19:59:32.746   144   201 D NetUtils: android_net_utils_resetConnections in env=0x1d93420 clazz=0xcd600001 iface=rmnet0 mask=0x3
07-15 19:59:32.746   144   201 D ConnectivityService: Attempting to switch to WIFI
07-15 19:59:32.746   144   201 D ConnectivityService: Attempting to switch to WIMAX
07-15 19:59:32.746   144   201 D ConnectivityService: Attempting to switch to BLUETOOTH_TETHER
07-15 19:59:32.746   144   201 D ConnectivityService: resetConnections(rmnet0, 3)
07-15 19:59:32.851   346   348 D dalvikvm: GC_CONCURRENT freed 446K, 6% free 9490K/10055K, paused 7ms+3ms
07-15 19:59:33.734   144   201 D ConnectivityService: handleInetConditionHoldEnd: net=1, condition=100, published condition=0
07-15 19:59:34.375   144  1168 D dalvikvm: GC_EXPLICIT freed 1169K, 14% free 15787K/18311K, paused 6ms+6ms
07-15 19:59:34.418   291   294 D dalvikvm: GC_CONCURRENT freed 395K, 8% free 10598K/11399K, paused 2ms+3ms
07-15 19:59:34.644   291   912 D dalvikvm: GC_EXPLICIT freed 36K, 8% free 10585K/11399K, paused 19ms+3ms
07-15 19:59:34.718  4616  4618 D dalvikvm: GC_CONCURRENT freed 431K, 6% free 9550K/10119K, paused 2ms+3ms
07-15 19:59:37.199   144   205 D Tethering: MasterInitialState.processMessage what=3
07-15 19:59:37.226   144   205 D Tethering: MasterInitialState.processMessage what=3
07-15 19:59:37.257  6043  6043 I MediaUploader: No need to wake up
07-15 19:59:37.340  6131  6131 W ContextScopeImpl: thread=1 tried to enter the scope of the application context. Ignored.
07-15 19:59:37.379  6043  6043 I MediaUploader: No need to wake up
07-15 19:59:37.394  5611  6061 D PicasaSyncManager: active network: NetworkInfo: type: WIFI[], state: CONNECTED/CONNECTED, reason: (unspecified), extra: (none), roaming: false, failover: false, isAvailable: true
07-15 19:59:37.461  6131  6131 W ContextScopeImpl: thread=1 tried to enter the scope of the application context. Ignored.
07-15 19:59:37.468  5611  6061 D PicasaSyncManager: background data: true
07-15 19:59:37.468  5611  6061 D PicasaSyncManager: active network: NetworkInfo: type: WIFI[], state: CONNECTED/CONNECTED, reason: (unspecified), extra: (none), roaming: false, failover: false, isAvailable: true
07-15 19:59:37.472  5611  6061 D PicasaSyncManager: background data: true
07-15 19:59:37.750   144   201 D ConnectivityService: handleInetConditionHoldEnd: net=1, condition=100, published condition=100
07-15 19:59:42.011   275   275 I wpa_supplicant: wlan0: CTRL-EVENT-DISCONNECTED bssid=d0:c2:82:2d:f2:b1 reason=0
07-15 19:59:42.011    75   117 D CommandListener: Clearing all IP addresses on wlan0
07-15 19:59:42.031   144   201 D ConnectivityService: ConnectivityChange for WIFI: DISCONNECTED/DISCONNECTED
07-15 19:59:42.035   144   201 D ConnectivityService: Attempting to switch to mobile
07-15 19:59:42.035   144   201 D ConnectivityService: Attempting to switch to WIMAX
07-15 19:59:42.035   144   201 D ConnectivityService: Attempting to switch to BLUETOOTH_TETHER
07-15 19:59:42.050   144   201 E ConnectivityService: Exception trying to remove a route: java.lang.IllegalStateException: Unable to communicate with native dameon to add routes - com.android.server.NativeDaemonConnectorException: Cmd {interface route remove wlan0 default 67.20.213.254 32 0.0.0.0} failed with code 400 : {Failed to remove route from default table (No such process)}
07-15 19:59:42.054   144   201 E ConnectivityService: Exception trying to remove a route: java.lang.IllegalStateException: Unable to communicate with native dameon to add routes - com.android.server.NativeDaemonConnectorException: Cmd {interface route remove wlan0 default 0.0.0.0 0 67.20.213.254} failed with code 400 : {Failed to remove route from default table (No such process)}
07-15 19:59:42.062   144   201 D NetUtils: android_net_utils_resetConnections in env=0x1d93420 clazz=0xdd400001 iface=wlan0 mask=0x3
07-15 19:59:42.062   144   201 D ConnectivityService: resetConnections(wlan0, 3)
07-15 19:59:42.086   144   201 D ConnectivityService: ConnectivityChange for WIMAX: DISCONNECTED/SCANNING
07-15 19:59:42.105   144   201 D ConnectivityService: Attempting to switch to mobile
07-15 19:59:42.109   144   201 D ConnectivityService: Attempting to switch to WIFI
07-15 19:59:42.109   144   201 D ConnectivityService: Attempting to switch to BLUETOOTH_TETHER
07-15 19:59:42.191   291  6278 W Smack/Packet: notify conn break (IOEx), close connection
07-15 19:59:42.250  4840  4887 D skia    : --- SkImageDecoder::Factory returned null
07-15 19:59:42.250  4840  4887 D skia    : --- SkImageDecoder::Factory returned null
07-15 19:59:42.347   291  6278 I qtaguid : Failed write_ctrl(u 83) res=-1 errno=22
07-15 19:59:42.347   291  6278 I qtaguid : Untagging socket 83 failed errno=-22
07-15 19:59:42.347   291  6278 W NetworkManagementSocketTagger: untagSocket(83) failed with errno -22
07-15 19:59:42.367   144   201 D ConnectivityService: handleInetConditionChange: no active default network - ignore
07-15 19:59:42.593   275   275 I wpa_supplicant: wlan0: Trying to associate with e8:ba:70:f8:d4:61 (SSID='UB_Secure' freq=2437 MHz)
07-15 19:59:42.613   275   275 I wpa_supplicant: wlan0: Associated with e8:ba:70:f8:d4:61
07-15 19:59:42.613   275   275 I wpa_supplicant: wlan0: CTRL-EVENT-EAP-STARTED EAP authentication started
07-15 19:59:42.617   275   275 I wpa_supplicant: wlan0: CTRL-EVENT-EAP-PROPOSED-METHOD vendor=0 method=4 -> NAK
07-15 19:59:42.621   275   275 I wpa_supplicant: wlan0: CTRL-EVENT-EAP-PROPOSED-METHOD vendor=0 method=25
07-15 19:59:42.621   275   275 I wpa_supplicant: wlan0: CTRL-EVENT-EAP-METHOD EAP vendor 0 method 25 (PEAP) selected
07-15 19:59:42.668   275   275 I wpa_supplicant: wlan0: CTRL-EVENT-EAP-PEER-CERT depth=2 subject='/C=US/O=Entrust.net/OU=www.entrust.net/CPS incorp. by ref. (limits liab.)/OU=(c) 1999 Entrust.net Limited/CN=Entrust.net Secure Server Certification Authority'
07-15 19:59:42.668   275   275 I wpa_supplicant: wlan0: CTRL-EVENT-EAP-PEER-CERT depth=2 subject='/C=US/O=Entrust.net/OU=www.entrust.net/CPS incorp. by ref. (limits liab.)/OU=(c) 1999 Entrust.net Limited/CN=Entrust.net Secure Server Certification Authority'
07-15 19:59:42.668   275   275 I wpa_supplicant: wlan0: CTRL-EVENT-EAP-PEER-CERT depth=1 subject='/C=US/ST=UT/L=Salt Lake City/O=The USERTRUST Network/CN=USERTrust Legacy Secure Server CA'
07-15 19:59:42.668   275   275 I wpa_supplicant: wlan0: CTRL-EVENT-EAP-PEER-CERT depth=0 subject='/C=US/postalCode=14260/ST=New York/L=Buffalo/street=305 Computing Center/O=SUNY AT BUFFALO/OU=Office of the President/OU=Issued through UNIVERSITY AT BUFFALO E-PKI Manager/OU=PremiumSSL Legacy/CN=ubsecure.acsu.buffalo.edu'
07-15 19:59:42.816   275   275 I wpa_supplicant: EAP-MSCHAPV2: Authentication succeeded
07-15 19:59:42.824   275   275 I wpa_supplicant: EAP-TLV: TLV Result - Success - EAP-TLV/Phase2 Completed
07-15 19:59:42.832   275   275 I wpa_supplicant: wlan0: CTRL-EVENT-EAP-SUCCESS EAP authentication completed successfully
07-15 19:59:42.886   275   275 I wpa_supplicant: wlan0: WPA: Key negotiation completed with e8:ba:70:f8:d4:61 [PTK=CCMP GTK=TKIP]
07-15 19:59:42.886   275   275 I wpa_supplicant: wlan0: CTRL-EVENT-CONNECTED - Connection to e8:ba:70:f8:d4:61 completed (reauth) [id=0 id_str=]
07-15 19:59:43.609   144   201 D ConnectivityService: ConnectivityChange for WIFI: CONNECTED/CONNECTED
07-15 19:59:43.644  2643  2643 I PhoneLab-WiFiReceiver: Wi-Fi is connected!
07-15 19:59:43.644  2643  2643 I PhoneLab-WiFiReceiver: SSID: UB_Secure BSSID: e8:ba:70:f8:d4:61 RSSI: -200 LinkSpeed: -1
07-15 19:59:43.644  2643  2643 I PhoneLab-Locks: wake lock acquired
07-15 19:59:43.648  2643  2643 I PhoneLab-UploadLogs: Transfering log files now
07-15 19:59:43.648  2643  2643 I PhoneLab-UploadLogs: No log files to transfer
07-15 19:59:43.648  2643  2643 I PhoneLab-Locks: wake lock released
07-15 19:59:43.648  2643  2643 I PhoneLab-UploadLogs: OnStartCommand
07-15 19:59:43.660   144   196 W NetworkStats: dropping UID delta from unknown iface: iface=wlan0 uid=0 set=DEFAULT tag=0x0 rxBytes=0 rxPackets=0 txBytes=72 txPackets=1 operations=0
07-15 19:59:44.613   144   201 D ConnectivityService: NetTransition Wakelock for WifiStateMachine released by timeout
07-15 19:59:45.105   144   205 D Tethering: MasterInitialState.processMessage what=3
07-15 19:59:45.179   291   291 I GTalkService/c: [AndroidEndpoint@1094321424] connect: acct=1000000, state=CONNECTING
07-15 19:59:45.203   144   205 D Tethering: MasterInitialState.processMessage what=3
07-15 19:59:45.203   291   291 I GTalkService/c: [GTalkConnection@1094939328] connect: acct=1, state=CONNECTING
07-15 19:59:45.246  6043  6043 I MediaUploader: No need to wake up
07-15 19:59:45.254  2643  2643 I PhoneLab-WiFiReceiver: Wi-Fi is disconnected!
07-15 19:59:45.398  6131  6131 W ContextScopeImpl: thread=1 tried to enter the scope of the application context. Ignored.
07-15 19:59:45.414  5611  6061 D PicasaSyncManager: active network: NetworkInfo: type: WIFI[], state: CONNECTED/CONNECTED, reason: (unspecified), extra: (none), roaming: false, failover: false, isAvailable: true
07-15 19:59:45.418   144   146 D dalvikvm: GC_CONCURRENT freed 1625K, 14% free 15811K/18311K, paused 2ms+14ms
07-15 19:59:45.421  5611  6061 D PicasaSyncManager: background data: true
07-15 19:59:45.461  6043  6043 I MediaUploader: No need to wake up
07-15 19:59:45.496  5611  6061 D PicasaSyncManager: active network: NetworkInfo: type: WIFI[], state: CONNECTED/CONNECTED, reason: (unspecified), extra: (none), roaming: false, failover: false, isAvailable: true
07-15 19:59:45.519  5611  6061 D PicasaSyncManager: background data: true
07-15 19:59:45.543  6131  6131 W ContextScopeImpl: thread=1 tried to enter the scope of the application context. Ignored.
07-15 19:59:46.046   291   294 D dalvikvm: GC_CONCURRENT freed 382K, 7% free 10606K/11399K, paused 2ms+3ms
07-15 19:59:46.699   144   205 D Tethering: MasterInitialState.processMessage what=3
07-15 19:59:46.777  6043  6043 I MediaUploader: No need to wake up
07-15 19:59:46.851  6131  6131 W ContextScopeImpl: thread=1 tried to enter the scope of the application context. Ignored.
07-15 19:59:46.859  5611  6061 D PicasaSyncManager: active network: NetworkInfo: type: WIFI[], state: CONNECTED/CONNECTED, reason: (unspecified), extra: (none), roaming: false, failover: false, isAvailable: true
07-15 19:59:46.863  5611  6061 D PicasaSyncManager: background data: true
07-15 19:59:46.914  6062  6064 D dalvikvm: GC_CONCURRENT freed 396K, 5% free 10482K/11015K, paused 13ms+5ms
07-15 19:59:48.043   144   201 D ConnectivityService: handleInetConditionHoldEnd: net=1, condition=100, published condition=0
07-15 19:59:48.457   144   201 D ConnectivityService: ConnectivityChange for mobile: CONNECTED/CONNECTED
07-15 19:59:48.480   144   201 D ConnectivityService: ConnectivityChange for mobile: DISCONNECTED/DISCONNECTED
07-15 19:59:48.480   144   201 D ConnectivityService: Attempting to switch to WIFI
07-15 19:59:48.480   144   201 D ConnectivityService: Attempting to switch to WIMAX
07-15 19:59:48.480   144   201 D ConnectivityService: Attempting to switch to BLUETOOTH_TETHER
07-15 19:59:48.484   144   201 D NetUtils: android_net_utils_resetConnections in env=0x1d93420 clazz=0xf8600001 iface=rmnet0 mask=0x3
07-15 19:59:48.484   144   201 D ConnectivityService: resetConnections(rmnet0, 3)
07-15 19:59:48.754  6209  6211 D dalvikvm: GC_CONCURRENT freed 435K, 10% free 11617K/12807K, paused 2ms+12ms
07-15 19:59:48.882  6209  6232 D dalvikvm: GC_FOR_ALLOC freed 302K, 10% free 11593K/12807K, paused 71ms
07-15 19:59:48.882  6209  6232 I dalvikvm-heap: Grow heap (frag case) to 11.440MB for 46504-byte allocation
07-15 19:59:48.941  6209  6232 D dalvikvm: GC_FOR_ALLOC freed 2K, 10% free 11636K/12871K, paused 31ms
07-15 19:59:48.941  6209  6232 I dalvikvm-heap: Grow heap (frag case) to 11.482MB for 46494-byte allocation
07-15 19:59:48.972  6209  6232 D dalvikvm: GC_FOR_ALLOC freed 68K, 11% free 11614K/12935K, paused 26ms
07-15 19:59:49.101   144   378 D SyncManager: setSyncAutomatically: , provider com.google.android.apps.currents -> true
07-15 19:59:49.101   144   378 D SyncManager: setSyncAutomatically: already set to true, doing nothing
07-15 19:59:49.254  6209  6211 D dalvikvm: GC_CONCURRENT freed 916K, 12% free 11478K/12935K, paused 3ms+3ms
07-15 19:59:49.425  6209  6211 D dalvikvm: GC_CONCURRENT freed 419K, 10% free 11770K/12935K, paused 2ms+2ms
07-15 19:59:49.531   144   388 D dalvikvm: GC_EXPLICIT freed 1180K, 14% free 15804K/18311K, paused 3ms+7ms
07-15 19:59:49.714  6209  6211 D dalvikvm: GC_CONCURRENT freed 734K, 9% free 11827K/12935K, paused 1ms+3ms
07-15 19:59:49.910  6209  6211 D dalvikvm: GC_CONCURRENT freed 1258K, 12% free 11390K/12935K, paused 1ms+3ms
07-15 19:59:54.011   144   205 D Tethering: MasterInitialState.processMessage what=3
07-15 19:59:54.093   144   205 D Tethering: MasterInitialState.processMessage what=3
07-15 19:59:54.156   291   294 D dalvikvm: GC_CONCURRENT freed 422K, 7% free 10620K/11399K, paused 2ms+2ms
07-15 19:59:54.171  6043  6043 I MediaUploader: No need to wake up
07-15 19:59:54.226  5611  6061 D PicasaSyncManager: active network: NetworkInfo: type: WIFI[], state: CONNECTED/CONNECTED, reason: (unspecified), extra: (none), roaming: false, failover: false, isAvailable: true
07-15 19:59:54.234  5611  6061 D PicasaSyncManager: background data: true
07-15 19:59:54.285  6131  6131 W ContextScopeImpl: thread=1 tried to enter the scope of the application context. Ignored.
07-15 19:59:54.320  6043  6043 I MediaUploader: No need to wake up
07-15 19:59:54.429  6131  6131 W ContextScopeImpl: thread=1 tried to enter the scope of the application context. Ignored.
07-15 19:59:54.496  6108  6110 D dalvikvm: GC_CONCURRENT freed 407K, 6% free 10802K/11399K, paused 14ms+60ms
07-15 19:59:54.515  5611  6061 D PicasaSyncManager: active network: NetworkInfo: type: WIFI[], state: CONNECTED/CONNECTED, reason: (unspecified), extra: (none), roaming: false, failover: false, isAvailable: true
07-15 19:59:54.519  5611  6061 D PicasaSyncManager: background data: true
07-15 19:59:54.535  5665  5668 D dalvikvm: GC_CONCURRENT freed 496K, 7% free 9933K/10567K, paused 38ms+11ms
07-15 19:59:54.605   144   201 D ConnectivityService: handleInetConditionHoldEnd: net=1, condition=100, published condition=100
07-15 19:59:56.578  6209  6211 D dalvikvm: GC_CONCURRENT freed 582K, 12% free 11472K/12935K, paused 14ms+2ms
07-15 19:59:57.152  2643  2643 I PhoneLab-Locks: wake lock acquired
07-15 19:59:57.203  2643  6344 I PhoneLab-PeriodicCheckService: User info is synched
07-15 19:59:57.203  2643  6344 I PhoneLab-PeriodicCheckService: Logger Service is running
07-15 19:59:57.211  2643  2643 I PhoneLab-Locks: wake lock acquired
07-15 19:59:57.211  2643  2643 I PhoneLab-StatusMonitor: Status Monitoring is started
07-15 19:59:57.214  2643  6344 I PhoneLab-Locks: wake lock acquired
07-15 19:59:57.222  2643  6344 I PhoneLab-PeriodicCheckService: Rescheduling periodic checking...
07-15 19:59:57.226  2643  6344 I PhoneLab-Locks: wake lock released
07-15 19:59:57.242  2643  2643 E PhoneLab-PhoneLabManifest: java.io.FileNotFoundException: /data/data/edu.buffalo.cse.phonelab.phonelabservices/files/manifest.xml: open failed: ENOENT (No such file or directory)
07-15 19:59:57.261  2643  2643 I PhoneLab-Locks: wake lock released
07-15 19:59:57.265  2643  2643 I PhoneLab-UploadLogs: Transfering log files now
07-15 19:59:57.265  2643  2643 I PhoneLab-UploadLogs: No log files to transfer
07-15 19:59:57.265  2643  2643 I PhoneLab-Locks: wake lock released
07-15 19:59:57.269  2643  2643 I PhoneLab-UploadLogs: OnStartCommand
07-15 20:00:03.082  6209  6211 D dalvikvm: GC_CONCURRENT freed 690K, 12% free 11490K/12935K, paused 3ms+3ms
07-15 20:00:03.242  6209  6211 D dalvikvm: GC_CONCURRENT freed 746K, 12% free 11440K/12935K, paused 3ms+3ms
07-15 20:00:03.390  6209  6211 D dalvikvm: GC_CONCURRENT freed 568K, 11% free 11632K/12935K, paused 2ms+2ms
07-15 20:00:03.496  6209  6211 D dalvikvm: GC_CONCURRENT freed 536K, 9% free 11849K/12935K, paused 1ms+2ms
07-15 20:00:03.691  6209  6211 D dalvikvm: GC_CONCURRENT freed 789K, 8% free 11942K/12935K, paused 2ms+2ms
07-15 20:00:03.789  5809  5812 D dalvikvm: GC_CONCURRENT freed 425K, 6% free 10422K/11015K, paused 6ms+4ms
07-15 20:00:03.843  1351  1353 D dalvikvm: GC_CONCURRENT freed 491K, 8% free 10364K/11207K, paused 2ms+7ms
07-15 20:00:03.957  6209  6211 D dalvikvm: GC_CONCURRENT freed 1474K, 13% free 11375K/12999K, paused 2ms+2ms
07-15 20:00:14.011   275   275 I wpa_supplicant: wlan0: CTRL-EVENT-DISCONNECTED bssid=e8:ba:70:f8:d4:61 reason=0
07-15 20:00:14.011    75   117 D CommandListener: Clearing all IP addresses on wlan0
07-15 20:00:14.031   144   201 D ConnectivityService: ConnectivityChange for WIFI: DISCONNECTED/DISCONNECTED
07-15 20:00:14.035   144   201 D ConnectivityService: Attempting to switch to mobile
07-15 20:00:14.035   144   201 D ConnectivityService: Attempting to switch to WIMAX
07-15 20:00:14.035   144   201 D ConnectivityService: Attempting to switch to BLUETOOTH_TETHER
07-15 20:00:14.039   144   201 E ConnectivityService: Exception trying to remove a route: java.lang.IllegalStateException: Unable to communicate with native dameon to add routes - com.android.server.NativeDaemonConnectorException: Cmd {interface route remove wlan0 default 67.20.213.254 32 0.0.0.0} failed with code 400 : {Failed to remove route from default table (No such process)}
07-15 20:00:14.054   144   201 E ConnectivityService: Exception trying to remove a route: java.lang.IllegalStateException: Unable to communicate with native dameon to add routes - com.android.server.NativeDaemonConnectorException: Cmd {interface route remove wlan0 default 0.0.0.0 0 67.20.213.254} failed with code 400 : {Failed to remove route from default table (No such process)}
07-15 20:00:14.058   144   201 D ConnectivityService: resetConnections(wlan0, 3)
07-15 20:00:14.062   144   201 D NetUtils: android_net_utils_resetConnections in env=0x1d93420 clazz=0x7600001 iface=wlan0 mask=0x3
07-15 20:00:14.101   144   201 D ConnectivityService: ConnectivityChange for WIMAX: DISCONNECTED/SCANNING
07-15 20:00:14.105   144   201 D ConnectivityService: Attempting to switch to mobile
07-15 20:00:14.109   144   201 D ConnectivityService: Attempting to switch to WIFI
07-15 20:00:14.109   144   201 D ConnectivityService: Attempting to switch to BLUETOOTH_TETHER
07-15 20:00:14.195   291  6324 W Smack/Packet: notify conn break (IOEx), close connection
07-15 20:00:14.238  6209  6232 E AttachmentStore: Error writing file to file: /mnt/sdcard/Android/data/com.google.android.apps.currents/cache/blobs.130.-577763198/CAAiEG3SWtcIpJPj5NQ1cDyBbPgqBggKMIKDLw/att/CAUqSAgCIhBKdCrWBjI4W8aqlulOXSqIKjIIBCIQpGmSIm8ZLEs3acYpAEVdPSocCAAiEG3SWtcIpJPj5NQ1cDyBbPgqBggKMIKDLzDKiu7jCw-129992201.tmp
07-15 20:00:14.238  6209  6232 E AttachmentStore: javax.net.ssl.SSLException: Read error: ssl=0x1f1a0e8: I/O error during system call, Connection timed out
07-15 20:00:14.238  6209  6232 E AttachmentStore: 	at org.apache.harmony.xnet.provider.jsse.NativeCrypto.SSL_read(Native Method)
07-15 20:00:14.238  6209  6232 E AttachmentStore: 	at org.apache.harmony.xnet.provider.jsse.OpenSSLSocketImpl$SSLInputStream.read(OpenSSLSocketImpl.java:671)
07-15 20:00:14.238  6209  6232 E AttachmentStore: 	at org.apache.http.impl.io.AbstractSessionInputBuffer.fillBuffer(AbstractSessionInputBuffer.java:103)
07-15 20:00:14.238  6209  6232 E AttachmentStore: 	at org.apache.http.impl.io.AbstractSessionInputBuffer.read(AbstractSessionInputBuffer.java:134)
07-15 20:00:14.238  6209  6232 E AttachmentStore: 	at org.apache.http.impl.io.ChunkedInputStream.read(ChunkedInputStream.java:161)
07-15 20:00:14.238  6209  6232 E AttachmentStore: 	at org.apache.http.impl.io.ChunkedInputStream.read(ChunkedInputStream.java:175)
07-15 20:00:14.238  6209  6232 E AttachmentStore: 	at org.apache.http.conn.EofSensorInputStream.read(EofSensorInputStream.java:178)
07-15 20:00:14.238  6209  6232 E AttachmentStore: 	at com.google.apps.dots.android.app.util.LimitedInputStream.read(LimitedInputStream.java:50)
07-15 20:00:14.238  6209  6232 E AttachmentStore: 	at com.google.common.io.ByteStreams.copy(ByteStreams.java:193)
07-15 20:00:14.238  6209  6232 E AttachmentStore: 	at com.google.apps.dots.android.app.util.FileUtil.writeStream(FileUtil.java:94)
07-15 20:00:14.238  6209  6232 E AttachmentStore: 	at com.google.apps.dots.android.app.provider.AttachmentStore.storeAttachment(AttachmentStore.java:118)
07-15 20:00:14.238  6209  6232 E AttachmentStore: 	at com.google.apps.dots.android.app.sync.AttachmentSyncResponseNode.processResponse(AttachmentSyncResponseNode.java:41)
07-15 20:00:14.238  6209  6232 E AttachmentStore: 	at com.google.apps.dots.android.app.sync.SyncResponseNode.syncSelf(SyncResponseNode.java:50)
07-15 20:00:14.238  6209  6232 E AttachmentStore: 	at com.google.apps.dots.android.app.sync.BaseSyncNode.syncSelfInternal(BaseSyncNode.java:122)
07-15 20:00:14.238  6209  6232 E AttachmentStore: 	at com.google.apps.dots.android.app.sync.BaseSyncNode.sync(BaseSyncNode.java:105)
07-15 20:00:14.238  6209  6232 E AttachmentStore: 	at com.google.apps.dots.android.app.sync.BaseSyncNode.syncNextChild(BaseSyncNode.java:202)
07-15 20:00:14.238  6209  6232 E AttachmentStore: 	at com.google.apps.dots.android.app.sync.BaseSyncNode.sync(BaseSyncNode.java:108)
07-15 20:00:14.238  6209  6232 E AttachmentStore: 	at com.google.apps.dots.android.app.sync.BaseSyncNode.syncNextChild(BaseSyncNode.java:202)
07-15 20:00:14.238  6209  6232 E AttachmentStore: 	at com.google.apps.dots.android.app.sync.BaseSyncNode.sync(BaseSyncNode.java:108)
07-15 20:00:14.238  6209  6232 E AttachmentStore: 	at com.google.apps.dots.android.app.sync.BaseSyncNode.syncNextChild(BaseSyncNode.java:202)
07-15 20:00:14.238  6209  6232 E AttachmentStore: 	at com.google.apps.dots.android.app.sync.BaseSyncNode.sync(BaseSyncNode.java:108)
07-15 20:00:14.238  6209  6232 E AttachmentStore: 	at com.google.apps.dots.android.app.sync.BaseSyncNode.syncNextChild(BaseSyncNode.java:202)
07-15 20:00:14.238  6209  6232 E AttachmentStore: 	at com.google.apps.dots.android.app.sync.BaseSyncNode.sync(BaseSyncNode.java:108)
07-15 20:00:14.238  6209  6232 E AttachmentStore: 	at com.google.apps.dots.android.app.sync.BaseSyncNode.syncNextChild(BaseSyncNode.java:202)
07-15 20:00:14.238  6209  6232 E AttachmentStore: 	at com.google.apps.dots.android.app.sync.BaseSyncNode.sync(BaseSyncNode.java:108)
07-15 20:00:14.238  6209  6232 E AttachmentStore: 	at com.google.apps.dots.android.app.sync.BaseSyncNode.syncNextChild(BaseSyncNode.java:202)
07-15 20:00:14.238  6209  6232 E AttachmentStore: 	at com.google.apps.dots.android.app.sync.BaseSyncNode.sync(BaseSyncNode.java:108)
07-15 20:00:14.238  6209  6232 E AttachmentStore: 	at com.google.apps.dots.android.app.sync.BaseSyncNode.syncNextChild(BaseSyncNode.java:202)
07-15 20:00:14.238  6209  6232 E AttachmentStore: 	at com.google.apps.dots.android.app.sync.BaseSyncNode.sync(BaseSyncNode.java:108)
07-15 20:00:14.238  6209  6232 E AttachmentStore: 	at com.google.apps.dots.android.app.sync.BaseSyncNode.syncNextChild(BaseSyncNode.java:202)
07-15 20:00:14.238  6209  6232 E AttachmentStore: 	at com.google.apps.dots.android.app.sync.BaseSyncNode.sync(BaseSyncNode.java:108)
07-15 20:00:14.238  6209  6232 E AttachmentStore: 	at com.google.apps.dots.android.app.sync.SyncNodeProcessor.syncNextNode(SyncNodeProcessor.java:34)
07-15 20:00:14.238  6209  6232 E AttachmentStore: 	at com.google.apps.dots.android.app.sync.SyncProcessorQueue.process(SyncProcessorQueue.java:138)
07-15 20:00:14.238  6209  6232 E AttachmentStore: 	at com.google.apps.dots.android.app.sync.SyncProcessorQueue.process(SyncProcessorQueue.java:118)
07-15 20:00:14.238  6209  6232 E AttachmentStore: 	at com.google.apps.dots.android.app.sync.SyncProcessorQueue.access$200(SyncProcessorQueue.java:35)
07-15 20:00:14.238  6209  6232 E AttachmentStore: 	at com.google.apps.dots.android.app.sync.SyncProcessorQueue$Processor.run(SyncProcessorQueue.java:241)
07-15 20:00:14.238  6209  6232 E AttachmentStore: 	at java.util.concurrent.Executors$RunnableAdapter.call(Executors.java:442)
07-15 20:00:14.238  6209  6232 E AttachmentStore: 	at java.util.concurrent.FutureTask$Sync.innerRun(FutureTask.java:305)
07-15 20:00:14.238  6209  6232 E AttachmentStore: 	at java.util.concurrent.FutureTask.run(FutureTask.java:137)
07-15 20:00:14.238  6209  6232 E AttachmentStore: 	at java.util.concurrent.ThreadPoolExecutor.runWorker(ThreadPoolExecutor.java:1076)
07-15 20:00:14.238  6209  6232 E AttachmentStore: 	at java.util.concurrent.ThreadPoolExecutor$Worker.run(ThreadPoolExecutor.java:569)
07-15 20:00:14.238  6209  6232 E AttachmentStore: 	at java.lang.Thread.run(Thr
07-15 20:00:14.238  6209  6232 W FileUtil: Removing file: /mnt/sdcard/Android/data/com.google.android.apps.currents/cache/blobs.130.-577763198/CAAiEG3SWtcIpJPj5NQ1cDyBbPgqBggKMIKDLw/att/CAUqSAgCIhBKdCrWBjI4W8aqlulOXSqIKjIIBCIQpGmSIm8ZLEs3acYpAEVdPSocCAAiEG3SWtcIpJPj5NQ1cDyBbPgqBggKMIKDLzDKiu7jCw-129992201.tmp
07-15 20:00:14.390  6209  6232 W Closeables: IOException thrown while closing Closeable.
07-15 20:00:14.390  6209  6232 W Closeables: java.io.IOException: Unable to skip, connection probably dead
07-15 20:00:14.390  6209  6232 W Closeables: 	at com.google.apps.dots.android.app.util.LimitedInputStream.close(LimitedInputStream.java:78)
07-15 20:00:14.390  6209  6232 W Closeables: 	at com.google.common.io.Closeables.close(Closeables.java:80)
07-15 20:00:14.390  6209  6232 W Closeables: 	at com.google.common.io.Closeables.closeQuietly(Closeables.java:99)
07-15 20:00:14.390  6209  6232 W Closeables: 	at com.google.apps.dots.android.app.sync.AttachmentSyncResponseNode.processResponse(AttachmentSyncResponseNode.java:43)
07-15 20:00:14.390  6209  6232 W Closeables: 	at com.google.apps.dots.android.app.sync.SyncResponseNode.syncSelf(SyncResponseNode.java:50)
07-15 20:00:14.390  6209  6232 W Closeables: 	at com.google.apps.dots.android.app.sync.BaseSyncNode.syncSelfInternal(BaseSyncNode.java:122)
07-15 20:00:14.390  6209  6232 W Closeables: 	at com.google.apps.dots.android.app.sync.BaseSyncNode.sync(BaseSyncNode.java:105)
07-15 20:00:14.390  6209  6232 W Closeables: 	at com.google.apps.dots.android.app.sync.BaseSyncNode.syncNextChild(BaseSyncNode.java:202)
07-15 20:00:14.390  6209  6232 W Closeables: 	at com.google.apps.dots.android.app.sync.BaseSyncNode.sync(BaseSyncNode.java:108)
07-15 20:00:14.390  6209  6232 W Closeables: 	at com.google.apps.dots.android.app.sync.BaseSyncNode.syncNextChild(BaseSyncNode.java:202)
07-15 20:00:14.390  6209  6232 W Closeables: 	at com.google.apps.dots.android.app.sync.BaseSyncNode.sync(BaseSyncNode.java:108)
07-15 20:00:14.390  6209  6232 W Closeables: 	at com.google.apps.dots.android.app.sync.BaseSyncNode.syncNextChild(BaseSyncNode.java:202)
07-15 20:00:14.390  6209  6232 W Closeables: 	at com.google.apps.dots.android.app.sync.BaseSyncNode.sync(BaseSyncNode.java:108)
07-15 20:00:14.390  6209  6232 W Closeables: 	at com.google.apps.dots.android.app.sync.BaseSyncNode.syncNextChild(BaseSyncNode.java:202)
07-15 20:00:14.390  6209  6232 W Closeables: 	at com.google.apps.dots.android.app.sync.BaseSyncNode.sync(BaseSyncNode.java:108)
07-15 20:00:14.390  6209  6232 W Closeables: 	at com.google.apps.dots.android.app.sync.BaseSyncNode.syncNextChild(BaseSyncNode.java:202)
07-15 20:00:14.390  6209  6232 W Closeables: 	at com.google.apps.dots.android.app.sync.BaseSyncNode.sync(BaseSyncNode.java:108)
07-15 20:00:14.390  6209  6232 W Closeables: 	at com.google.apps.dots.android.app.sync.BaseSyncNode.syncNextChild(BaseSyncNode.java:202)
07-15 20:00:14.390  6209  6232 W Closeables: 	at com.google.apps.dots.android.app.sync.BaseSyncNode.sync(BaseSyncNode.java:108)
07-15 20:00:14.390  6209  6232 W Closeables: 	at com.google.apps.dots.android.app.sync.BaseSyncNode.syncNextChild(BaseSyncNode.java:202)
07-15 20:00:14.390  6209  6232 W Closeables: 	at com.google.apps.dots.android.app.sync.BaseSyncNode.sync(BaseSyncNode.java:108)
07-15 20:00:14.390  6209  6232 W Closeables: 	at com.google.apps.dots.android.app.sync.BaseSyncNode.syncNextChild(BaseSyncNode.java:202)
07-15 20:00:14.390  6209  6232 W Closeables: 	at com.google.apps.dots.android.app.sync.BaseSyncNode.sync(BaseSyncNode.java:108)
07-15 20:00:14.390  6209  6232 W Closeables: 	at com.google.apps.dots.android.app.sync.SyncNodeProcessor.syncNextNode(SyncNodeProcessor.java:34)
07-15 20:00:14.390  6209  6232 W Closeables: 	at com.google.apps.dots.android.app.sync.SyncProcessorQueue.process(SyncProcessorQueue.java:138)
07-15 20:00:14.390  6209  6232 W Closeables: 	at com.google.apps.dots.android.app.sync.SyncProcessorQueue.process(SyncProcessorQueue.java:118)
07-15 20:00:14.390  6209  6232 W Closeables: 	at com.google.apps.dots.android.app.sync.SyncProcessorQueue.access$200(SyncProcessorQueue.java:35)
07-15 20:00:14.390  6209  6232 W Closeables: 	at com.google.apps.dots.android.app.sync.SyncProcessorQueue$Processor.run(SyncProcessorQueue.java:241)
07-15 20:00:14.390  6209  6232 W Closeables: 	at java.util.concurrent.Executors$RunnableAdapter.call(Executors.java:442)
07-15 20:00:14.390  6209  6232 W Closeables: 	at java.util.concurrent.FutureTask$Sync.innerRun(FutureTask.java:305)
07-15 20:00:14.390  6209  6232 W Closeables: 	at java.util.concurrent.FutureTask.run(FutureTask.java:137)
07-15 20:00:14.390  6209  6232 W Closeables: 	at java.util.concurrent.ThreadPoolExecutor.runWorker(ThreadPoolExecutor.java:1076)
07-15 20:00:14.390  6209  6232 W Closeables: 	at java.util.concurrent.ThreadPoolExecutor$Worker.run(ThreadPoolExecutor.java:569)
07-15 20:00:14.390  6209  6232 W Closeables: 	at java.lang.Thread.run(Thread.java:856)
07-15 20:00:14.402   291  6324 I qtaguid : Failed write_ctrl(u 83) res=-1 errno=22
07-15 20:00:14.402   291  6324 I qtaguid : Untagging socket 83 failed errno=-22
07-15 20:00:14.402   291  6324 W NetworkManagementSocketTagger: untagSocket(83) failed with errno -22
07-15 20:00:14.410   144   201 D ConnectivityService: handleInetConditionChange: no active default network - ignore
07-15 20:00:14.421  6209  6211 D dalvikvm: GC_CONCURRENT freed 564K, 12% free 11490K/12999K, paused 15ms+13ms
07-15 20:00:14.421  6209  6232 E AttachmentSyncResponseNode: Error processing sync response for context: CAAiEG3SWtcIpJPj5NQ1cDyBbPgqBggKMIKDLw/CAUqSAgCIhBKdCrWBjI4W8aqlulOXSqIKjIIBCIQpGmSIm8ZLEs3acYpAEVdPSocCAAiEG3SWtcIpJPj5NQ1cDyBbPgqBggKMIKDLzDKiu7jCw/nocrop,noupscale,800x800
07-15 20:00:14.437  6209  6232 W SyncProcessorQueue: Caught a fatal sync exception
07-15 20:00:14.437  6209  6232 W SyncProcessorQueue: com.google.apps.dots.android.app.sync.SyncException: javax.net.ssl.SSLException: Read error: ssl=0x1f1a0e8: I/O error during system call, Connection timed out
07-15 20:00:14.437  6209  6232 W SyncProcessorQueue: 	at com.google.apps.dots.android.app.sync.SyncResponseNode.syncSelf(SyncResponseNode.java:55)
07-15 20:00:14.437  6209  6232 W SyncProcessorQueue: 	at com.google.apps.dots.android.app.sync.BaseSyncNode.syncSelfInternal(BaseSyncNode.java:122)
07-15 20:00:14.437  6209  6232 W SyncProcessorQueue: 	at com.google.apps.dots.android.app.sync.BaseSyncNode.sync(BaseSyncNode.java:105)
07-15 20:00:14.437  6209  6232 W SyncProcessorQueue: 	at com.google.apps.dots.android.app.sync.BaseSyncNode.syncNextChild(BaseSyncNode.java:202)
07-15 20:00:14.437  6209  6232 W SyncProcessorQueue: 	at com.google.apps.dots.android.app.sync.BaseSyncNode.sync(BaseSyncNode.java:108)
07-15 20:00:14.437  6209  6232 W SyncProcessorQueue: 	at com.google.apps.dots.android.app.sync.BaseSyncNode.syncNextChild(BaseSyncNode.java:202)
07-15 20:00:14.437  6209  6232 W SyncProcessorQueue: 	at com.google.apps.dots.android.app.sync.BaseSyncNode.sync(BaseSyncNode.java:108)
07-15 20:00:14.437  6209  6232 W SyncProcessorQueue: 	at com.google.apps.dots.android.app.sync.BaseSyncNode.syncNextChild(BaseSyncNode.java:202)
07-15 20:00:14.437  6209  6232 W SyncProcessorQueue: 	at com.google.apps.dots.android.app.sync.BaseSyncNode.sync(BaseSyncNode.java:108)
07-15 20:00:14.437  6209  6232 W SyncProcessorQueue: 	at com.google.apps.dots.android.app.sync.BaseSyncNode.syncNextChild(BaseSyncNode.java:202)
07-15 20:00:14.437  6209  6232 W SyncProcessorQueue: 	at com.google.apps.dots.android.app.sync.BaseSyncNode.sync(BaseSyncNode.java:108)
07-15 20:00:14.437  6209  6232 W SyncProcessorQueue: 	at com.google.apps.dots.android.app.sync.BaseSyncNode.syncNextChild(BaseSyncNode.java:202)
07-15 20:00:14.437  6209  6232 W SyncProcessorQueue: 	at com.google.apps.dots.android.app.sync.BaseSyncNode.sync(BaseSyncNode.java:108)
07-15 20:00:14.437  6209  6232 W SyncProcessorQueue: 	at com.google.apps.dots.android.app.sync.BaseSyncNode.syncNextChild(BaseSyncNode.java:202)
07-15 20:00:14.437  6209  6232 W SyncProcessorQueue: 	at com.google.apps.dots.android.app.sync.BaseSyncNode.sync(BaseSyncNode.java:108)
07-15 20:00:14.437  6209  6232 W SyncProcessorQueue: 	at com.google.apps.dots.android.app.sync.BaseSyncNode.syncNextChild(BaseSyncNode.java:202)
07-15 20:00:14.437  6209  6232 W SyncProcessorQueue: 	at com.google.apps.dots.android.app.sync.BaseSyncNode.sync(BaseSyncNode.java:108)
07-15 20:00:14.437  6209  6232 W SyncProcessorQueue: 	at com.google.apps.dots.android.app.sync.BaseSyncNode.syncNextChild(BaseSyncNode.java:202)
07-15 20:00:14.437  6209  6232 W SyncProcessorQueue: 	at com.google.apps.dots.android.app.sync.BaseSyncNode.sync(BaseSyncNode.java:108)
07-15 20:00:14.437  6209  6232 W SyncProcessorQueue: 	at com.google.apps.dots.android.app.sync.SyncNodeProcessor.syncNextNode(SyncNodeProcessor.java:34)
07-15 20:00:14.437  6209  6232 W SyncProcessorQueue: 	at com.google.apps.dots.android.app.sync.SyncProcessorQueue.process(SyncProcessorQueue.java:138)
07-15 20:00:14.437  6209  6232 W SyncProcessorQueue: 	at com.google.apps.dots.android.app.sync.SyncProcessorQueue.process(SyncProcessorQueue.java:118)
07-15 20:00:14.437  6209  6232 W SyncProcessorQueue: 	at com.google.apps.dots.android.app.sync.SyncProcessorQueue.access$200(SyncProcessorQueue.java:35)
07-15 20:00:14.437  6209  6232 W SyncProcessorQueue: 	at com.google.apps.dots.android.app.sync.SyncProcessorQueue$Processor.run(SyncProcessorQueue.java:241)
07-15 20:00:14.437  6209  6232 W SyncProcessorQueue: 	at java.util.concurrent.Executors$RunnableAdapter.call(Executors.java:442)
07-15 20:00:14.437  6209  6232 W SyncProcessorQueue: 	at java.util.concurrent.FutureTask$Sync.innerRun(FutureTask.java:305)
07-15 20:00:14.437  6209  6232 W SyncProcessorQueue: 	at java.util.concurrent.FutureTask.run(FutureTask.java:137)
07-15 20:00:14.437  6209  6232 W SyncProcessorQueue: 	at java.util.concurrent.ThreadPoolExecutor.runWorker(ThreadPoolExecutor.java:1076)
07-15 20:00:14.437  6209  6232 W SyncProcessorQueue: 	at java.util.concurrent.ThreadPoolExecutor$Worker.run(ThreadPoolExecutor.java:569)
07-15 20:00:14.437  6209  6232 W SyncProcessorQueue: 	at java.lang.Thread.run(Thread.java:856)
07-15 20:00:14.437  6209  6232 W SyncProcessorQueue: Caused by: javax.net.ssl.SSLException: Read error: ssl=0x1f1a0e8: I/O error during system call, Connection timed out
07-15 20:00:14.437  6209  6232 W SyncProcessorQueue: 	at org.apache.harmony.xnet.provider.jsse.NativeCrypto.SSL_read(Native Method)
07-15 20:00:14.437  6209  6232 W SyncProcessorQueue: 	at org.apache.harmony.xnet.provider.jsse.OpenSSLSocketImpl$SSLInputStream.read(OpenSSLSocketImpl.java:671)
07-15 20:00:14.437  6209  6232 W SyncProcessorQueue: 	at org.apache.http.impl.io.AbstractSessionInputBuffer.fillBuffer(AbstractSessionInputBuffer.java:103)
07-15 20:00:14.437  6209  6232 W SyncProcessorQueue: 	at org.apache.http.impl.io.AbstractSessionInputBuffer.read(AbstractSessionInputBuffer.java:134)
07-15 20:00:14.437  6209  6232 W SyncProcessorQueue: 	at org.apache.http.impl.io.ChunkedInputStream.read(ChunkedInputStream.java:161)
07-15 20:00:14.437  6209  6232 W SyncProcessorQueue: 	at org.apache.http.impl.io.ChunkedInputStream.read(ChunkedInputStream.java:175)
07-15 20:00:14.437  6209  6232 W SyncProcessorQueue: 	at org.apache.http.conn.EofSensorInputStream.read(EofSensorInputStream.java:178)
07-15 20:00:14.437  6209  6232 W SyncProcessorQueue: 	at com.google.apps.dots.android.app.util.LimitedInputStream.read(LimitedInputStream.java:50)
07-15 20:00:14.437  6209  6232 W SyncProcessorQueue: 	at com.google.common.io.ByteStreams.copy(ByteStreams.java:193)
07-15 20:00:14.437  6209  6232 W SyncProcessorQueue: 	at com.google.apps.dots.android.app.util.FileUtil.writeStream(FileUtil.java:94)
07-15 20:00:14.437  6209  6232 W SyncProcessorQueue: 	at com.google.apps.dots.android.app.provider.AttachmentStore.storeAttachment(AttachmentStore.java:118)
07-15 20:00:14.437  6209  6232 W SyncProcessorQueue: 	at com.google.apps.dots.android.app.sync.AttachmentSyncResponseNode.processResponse(AttachmentSyncResponseNode.java:41)
07-15 20:00:14.437  6209  6232 W SyncProcessorQueue: 	at com.google.apps.dots.android.app.sync.SyncResponseNode.syncS
07-15 20:00:14.609   275   275 I wpa_supplicant: wlan0: Trying to associate with 00:14:a9:c8:31:11 (SSID='UB_Secure' freq=2412 MHz)
07-15 20:00:17.121   144   205 D Tethering: MasterInitialState.processMessage what=3
07-15 20:00:17.175   144   205 D Tethering: MasterInitialState.processMessage what=3
07-15 20:00:17.281   144   378 D dalvikvm: GC_EXPLICIT freed 1305K, 14% free 15799K/18311K, paused 3ms+8ms
07-15 20:00:17.296  6043  6043 I MediaUploader: No need to wake up
07-15 20:00:17.300  2643  2643 I PhoneLab-WiFiReceiver: Wi-Fi is disconnected!
07-15 20:00:17.375  5611  6061 D PicasaSyncManager: active network: null
07-15 20:00:17.390  6043  6043 I MediaUploader: No need to wake up
07-15 20:00:17.402  5611  6061 D PicasaSyncManager: background data: true
07-15 20:00:17.527  5611  6061 D PicasaSyncManager: active network: null
07-15 20:00:17.527  5611  6061 D PicasaSyncManager: background data: true
07-15 20:00:19.289   346   348 D dalvikvm: GC_CONCURRENT freed 433K, 6% free 9490K/10055K, paused 1ms+3ms
07-15 20:00:20.625   144   201 D ConnectivityService: ConnectivityChange for mobile: CONNECTED/CONNECTED
07-15 20:00:20.726   144   197 D NetworkPolicy: applying policy NetworkPolicy[NetworkTemplate: matchRule=MOBILE_ALL, subscriberId=valid]: cycleDay=20, warningBytes=2147483648, limitBytes=-1, lastSnooze=-1 to ifaces [rmnet0]
07-15 20:00:21.629   144   201 D ConnectivityService: NetTransition Wakelock for WifiStateMachine released by timeout
07-15 20:00:49.437   275   275 I wpa_supplicant: wlan0: Authentication with 00:14:a9:c8:31:11 timed out.
07-15 20:00:49.566   144   205 D Tethering: MasterInitialState.processMessage what=3
07-15 20:00:49.640  6043  6043 I MediaUploader: No need to wake up
07-15 20:00:49.718  5611  6061 D PicasaSyncManager: active network: NetworkInfo: type: mobile[CDMA - EvDo rev. A], state: CONNECTED/CONNECTED, reason: (unspecified), extra: , roaming: false, failover: true, isAvailable: true
07-15 20:00:49.726  6131  6131 W ContextScopeImpl: thread=1 tried to enter the scope of the application context. Ignored.
07-15 20:00:49.734  5611  6061 D PicasaSyncManager: background data: true
07-15 20:01:00.921   291   291 I GTalkService/c: [AndroidEndpoint@1094321424] connect: acct=1000000, state=CONNECTING
07-15 20:01:00.929   291   291 I GTalkService/c: [GTalkConnection@1094939328] connect: acct=1, state=CONNECTING
07-15 20:01:01.531   291   294 D dalvikvm: GC_CONCURRENT freed 445K, 7% free 10603K/11399K, paused 25ms+3ms
07-15 20:01:02.781   144   201 D ConnectivityService: handleInetConditionHoldEnd: net=0, condition=100, published condition=0
07-15 20:01:03.175  4616  4627 D dalvikvm: GC_EXPLICIT freed 251K, 7% free 9471K/10119K, paused 2ms+3ms
07-15 20:01:03.449   346   346 D SAN_SERVICE: *******************************************
07-15 20:01:03.449   346   346 D SAN_SERVICE: DM App Phone Service State - 0
07-15 20:01:03.449   346   346 D SAN_SERVICE: *******************************************
07-15 20:01:03.804  1351  1353 D dalvikvm: GC_CONCURRENT freed 520K, 8% free 10353K/11207K, paused 2ms+2ms
07-15 20:01:03.921   346   346 D SAN_SERVICE: *******************************************
07-15 20:01:03.921   346   346 D SAN_SERVICE: DM App Phone Service State - 0
07-15 20:01:03.921   346   346 D SAN_SERVICE: *******************************************
07-15 20:01:04.683  1351  1353 D dalvikvm: GC_CONCURRENT freed 501K, 8% free 10327K/11207K, paused 2ms+3ms
07-15 20:01:07.336   215   217 D dalvikvm: GC_CONCURRENT freed 201K, 30% free 9951K/14215K, paused 6ms+3ms
07-15 20:01:07.476   215   217 D dalvikvm: GC_CONCURRENT freed 572K, 31% free 9858K/14215K, paused 3ms+2ms
07-15 20:01:08.488   346   346 D SAN_SERVICE: *******************************************
07-15 20:01:08.488   346   346 D SAN_SERVICE: DM App Phone Service State - 0
07-15 20:01:08.488   346   346 D SAN_SERVICE: *******************************************
07-15 20:01:08.957   346   346 D SAN_SERVICE: *******************************************
07-15 20:01:08.957   346   346 D SAN_SERVICE: DM App Phone Service State - 0
07-15 20:01:08.957   346   346 D SAN_SERVICE: *******************************************
07-15 20:01:11.269   291  1313 I EventLogService: Aggregate from 1342395071179 (log), 1342395071179 (data)
07-15 20:01:11.359   291   294 D dalvikvm: GC_CONCURRENT freed 450K, 7% free 10610K/11399K, paused 2ms+3ms
07-15 20:01:19.047  5700  5781 D GetStringObjTask: retrieving from url = http://www.chess.com/api/get_move_status?id=5HHjW9WUGa%2Bcu1LUwnVJPxTIWxmEve4VdkRnRyg7b5Ch69JH2Z5aB%2B7eGuFw8K2uFx47KFsdE3JRdR3Mzv0PkZOj6eZ8N73BvxmEERrzXjMNRo80rkLyJAUTh0iqof4n
07-15 20:01:19.902  5700  5781 D GetStringObjTask: WebRequest SERVER RESPONSE: Success+0
07-15 20:01:57.011   275   275 I wpa_supplicant: wlan0: Trying to associate with 00:22:be:93:04:b1 (SSID='UB_Secure' freq=2412 MHz)
07-15 20:01:57.050   275   275 I wpa_supplicant: wlan0: Associated with 00:22:be:93:04:b1
07-15 20:01:57.050   275   275 I wpa_supplicant: wlan0: CTRL-EVENT-EAP-STARTED EAP authentication started
07-15 20:01:57.058   275   275 I wpa_supplicant: wlan0: CTRL-EVENT-EAP-PROPOSED-METHOD vendor=0 method=4 -> NAK
07-15 20:01:57.062   275   275 I wpa_supplicant: wlan0: CTRL-EVENT-EAP-PROPOSED-METHOD vendor=0 method=25
07-15 20:01:57.062   275   275 I wpa_supplicant: wlan0: CTRL-EVENT-EAP-METHOD EAP vendor 0 method 25 (PEAP) selected
07-15 20:01:57.121   275   275 I wpa_supplicant: wlan0: CTRL-EVENT-EAP-PEER-CERT depth=2 subject='/C=US/O=Entrust.net/OU=www.entrust.net/CPS incorp. by ref. (limits liab.)/OU=(c) 1999 Entrust.net Limited/CN=Entrust.net Secure Server Certification Authority'
07-15 20:01:57.121   275   275 I wpa_supplicant: wlan0: CTRL-EVENT-EAP-PEER-CERT depth=2 subject='/C=US/O=Entrust.net/OU=www.entrust.net/CPS incorp. by ref. (limits liab.)/OU=(c) 1999 Entrust.net Limited/CN=Entrust.net Secure Server Certification Authority'
07-15 20:01:57.125   275   275 I wpa_supplicant: wlan0: CTRL-EVENT-EAP-PEER-CERT depth=1 subject='/C=US/ST=UT/L=Salt Lake City/O=The USERTRUST Network/CN=USERTrust Legacy Secure Server CA'
07-15 20:01:57.136   275   275 I wpa_supplicant: wlan0: CTRL-EVENT-EAP-PEER-CERT depth=0 subject='/C=US/postalCode=14260/ST=New York/L=Buffalo/street=305 Computing Center/O=SUNY AT BUFFALO/OU=Office of the President/OU=Issued through UNIVERSITY AT BUFFALO E-PKI Manager/OU=PremiumSSL Legacy/CN=ubsecure.acsu.buffalo.edu'
07-15 20:01:57.320   275   275 I wpa_supplicant: EAP-MSCHAPV2: Authentication succeeded
07-15 20:01:57.324   275   275 I wpa_supplicant: EAP-TLV: TLV Result - Success - EAP-TLV/Phase2 Completed
07-15 20:01:57.328   275   275 I wpa_supplicant: wlan0: CTRL-EVENT-EAP-SUCCESS EAP authentication completed successfully
07-15 20:01:57.379   275   275 I wpa_supplicant: wlan0: WPA: Key negotiation completed with 00:22:be:93:04:b1 [PTK=CCMP GTK=TKIP]
07-15 20:01:57.379   275   275 I wpa_supplicant: wlan0: CTRL-EVENT-CONNECTED - Connection to 00:22:be:93:04:b1 completed (reauth) [id=0 id_str=]
07-15 20:01:58.105   144   201 D ConnectivityService: ConnectivityChange for WIFI: CONNECTED/CONNECTED
07-15 20:01:58.105   144   201 D ConnectivityService: Policy requires mobile teardown
07-15 20:01:58.117  2643  2643 I PhoneLab-WiFiReceiver: Wi-Fi is connected!
07-15 20:01:58.117  2643  2643 I PhoneLab-WiFiReceiver: SSID: UB_Secure BSSID: 00:22:be:93:04:b1 RSSI: -200 LinkSpeed: -1
07-15 20:01:58.117  2643  2643 I PhoneLab-Locks: wake lock acquired
07-15 20:01:58.121  2643  2643 I PhoneLab-UploadLogs: Transfering log files now
07-15 20:01:58.125  2643  2643 I PhoneLab-UploadLogs: No log files to transfer
07-15 20:01:58.125  2643  2643 I PhoneLab-Locks: wake lock released
07-15 20:01:58.132  2643  2643 I PhoneLab-UploadLogs: OnStartCommand
07-15 20:01:58.164   144   201 D ConnectivityService: ConnectivityChange for mobile: DISCONNECTED/DISCONNECTED
07-15 20:01:58.168   144   201 D ConnectivityService: Attempting to switch to WIFI
07-15 20:01:58.191   144   201 D ConnectivityService: Attempting to switch to WIMAX
07-15 20:01:58.191   144   201 D ConnectivityService: Attempting to switch to BLUETOOTH_TETHER
07-15 20:01:58.207   144   201 D NetUtils: android_net_utils_resetConnections in env=0x1d93420 clazz=0x31100001 iface=rmnet0 mask=0x3
07-15 20:01:58.207   144   201 D ConnectivityService: resetConnections(rmnet0, 3)
07-15 20:01:58.222   144   196 W NetworkStats: dropping UID delta from unknown iface: iface=wlan0 uid=0 set=DEFAULT tag=0x0 rxBytes=0 rxPackets=0 txBytes=216 txPackets=3 operations=0
07-15 20:01:58.269   215   217 D dalvikvm: GC_CONCURRENT freed 451K, 31% free 9864K/14215K, paused 2ms+2ms
07-15 20:01:58.320   144   146 D dalvikvm: GC_CONCURRENT freed 1620K, 14% free 15856K/18311K, paused 6ms+7ms
07-15 20:01:58.535   291  6361 W Smack/Packet: notify conn break (IOEx), close connection
07-15 20:01:58.699   291  6361 I qtaguid : Failed write_ctrl(u 83) res=-1 errno=22
07-15 20:01:58.699   291  6361 I qtaguid : Untagging socket 83 failed errno=-22
07-15 20:01:58.699   291  6361 W NetworkManagementSocketTagger: untagSocket(83) failed with errno -22
07-15 20:01:58.707   144   201 D ConnectivityService: handleInetConditionChange: net=0 != default=1 - ignore
07-15 20:02:01.488   144   205 D Tethering: MasterInitialState.processMessage what=3
07-15 20:02:01.531   291   291 I GTalkService/c: [AndroidEndpoint@1094321424] connect: acct=1000000, state=CONNECTING
07-15 20:02:01.539   291   291 I GTalkService/c: [GTalkConnection@1094939328] connect: acct=1, state=CONNECTING
07-15 20:02:01.558   144   205 D Tethering: MasterInitialState.processMessage what=3
07-15 20:02:01.566   144   205 D Tethering: MasterInitialState.processMessage what=3
07-15 20:02:01.613  6043  6043 I MediaUploader: No need to wake up
07-15 20:02:01.695  5611  6061 D PicasaSyncManager: active network: NetworkInfo: type: WIFI[], state: CONNECTED/CONNECTED, reason: (unspecified), extra: (none), roaming: false, failover: false, isAvailable: true
07-15 20:02:01.738  5611  6061 D PicasaSyncManager: background data: true
07-15 20:02:01.757   144   155 D dalvikvm: GC_EXPLICIT freed 998K, 14% free 15781K/18311K, paused 10ms+7ms
07-15 20:02:01.804  6131  6131 W ContextScopeImpl: thread=1 tried to enter the scope of the application context. Ignored.
07-15 20:02:01.843  6043  6043 I MediaUploader: No need to wake up
07-15 20:02:01.918  6131  6131 W ContextScopeImpl: thread=1 tried to enter the scope of the application context. Ignored.
07-15 20:02:01.949  6043  6043 I MediaUploader: No need to wake up
07-15 20:02:02.019  6131  6131 W ContextScopeImpl: thread=1 tried to enter the scope of the application context. Ignored.
07-15 20:02:02.074  5611  6061 D PicasaSyncManager: active network: NetworkInfo: type: WIFI[], state: CONNECTED/CONNECTED, reason: (unspecified), extra: (none), roaming: false, failover: false, isAvailable: true
07-15 20:02:02.074  5611  6061 D PicasaSyncManager: background data: true
07-15 20:02:02.086  5116  5118 D dalvikvm: GC_CONCURRENT freed 384K, 6% free 9351K/9863K, paused 1ms+4ms
07-15 20:02:03.597  6209  6232 D dalvikvm: GC_FOR_ALLOC freed 461K, 12% free 11560K/12999K, paused 32ms
07-15 20:02:03.597  6209  6232 I dalvikvm-heap: Grow heap (frag case) to 11.408MB for 46494-byte allocation
07-15 20:02:03.632  6209  6218 D dalvikvm: GC_FOR_ALLOC freed <1K, 12% free 11605K/13063K, paused 25ms
07-15 20:02:03.726  5809  5812 D dalvikvm: GC_CONCURRENT freed 516K, 6% free 10418K/11015K, paused 1ms+3ms
07-15 20:02:03.890  1351  1353 D dalvikvm: GC_CONCURRENT freed 425K, 8% free 10318K/11207K, paused 6ms+2ms
07-15 20:02:09.961   275   275 I wpa_supplicant: wlan0: CTRL-EVENT-DISCONNECTED bssid=00:22:be:93:04:b1 reason=0
07-15 20:02:09.972    75   117 D CommandListener: Clearing all IP addresses on wlan0
07-15 20:02:10.039   144   201 D ConnectivityService: ConnectivityChange for WIFI: DISCONNECTED/DISCONNECTED
07-15 20:02:10.043   144   201 D ConnectivityService: Attempting to switch to mobile
07-15 20:02:10.043   144   201 D ConnectivityService: Attempting to switch to WIMAX
07-15 20:02:10.043   144   201 D ConnectivityService: Attempting to switch to BLUETOOTH_TETHER
07-15 20:02:10.074   144   201 E ConnectivityService: Exception trying to remove a route: java.lang.IllegalStateException: Unable to communicate with native dameon to add routes - com.android.server.NativeDaemonConnectorException: Cmd {interface route remove wlan0 default 67.20.213.254 32 0.0.0.0} failed with code 400 : {Failed to remove route from default table (No such process)}
07-15 20:02:10.078   144   201 D NetUtils: android_net_utils_resetConnections in env=0x1d93420 clazz=0x40400001 iface=wlan0 mask=0x3
07-15 20:02:10.078   144   201 E ConnectivityService: Exception trying to remove a route: java.lang.IllegalStateException: Unable to communicate with native dameon to add routes - com.android.server.NativeDaemonConnectorException: Cmd {interface route remove wlan0 default 0.0.0.0 0 67.20.213.254} failed with code 400 : {Failed to remove route from default table (No such process)}
07-15 20:02:10.078   144   201 D ConnectivityService: resetConnections(wlan0, 3)
07-15 20:02:10.171   291  6414 W Smack/Packet: notify conn break (IOEx), close connection
07-15 20:02:10.171  6209  6232 W Closeables: IOException thrown while closing Closeable.
07-15 20:02:10.171  6209  6232 W Closeables: java.io.IOException: Unable to skip, connection probably dead
07-15 20:02:10.171  6209  6232 W Closeables: 	at com.google.apps.dots.android.app.util.LimitedInputStream.close(LimitedInputStream.java:78)
07-15 20:02:10.171  6209  6232 W Closeables: 	at java.io.FilterInputStream.close(FilterInputStream.java:64)
07-15 20:02:10.171  6209  6232 W Closeables: 	at java.util.zip.InflaterInputStream.close(InflaterInputStream.java:256)
07-15 20:02:10.171  6209  6232 W Closeables: 	at java.util.zip.GZIPInputStream.close(GZIPInputStream.java:148)
07-15 20:02:10.171  6209  6232 W Closeables: 	at com.google.common.io.Closeables.close(Closeables.java:80)
07-15 20:02:10.171  6209  6232 W Closeables: 	at com.google.common.io.Closeables.closeQuietly(Closeables.java:99)
07-15 20:02:10.171  6209  6232 W Closeables: 	at com.google.apps.dots.android.app.sync.ItemGroupNode$InsertItemNode.syncSelf(ItemGroupNode.java:86)
07-15 20:02:10.171  6209  6232 W Closeables: 	at com.google.apps.dots.android.app.sync.BaseSyncNode.syncSelfInternal(BaseSyncNode.java:122)
07-15 20:02:10.171  6209  6232 W Closeables: 	at com.google.apps.dots.android.app.sync.BaseSyncNode.sync(BaseSyncNode.java:105)
07-15 20:02:10.171  6209  6232 W Closeables: 	at com.google.apps.dots.android.app.sync.BaseSyncNode.syncNextChild(BaseSyncNode.java:202)
07-15 20:02:10.171  6209  6232 W Closeables: 	at com.google.apps.dots.android.app.sync.BaseSyncNode.sync(BaseSyncNode.java:108)
07-15 20:02:10.171  6209  6232 W Closeables: 	at com.google.apps.dots.android.app.sync.BaseSyncNode.syncNextChild(BaseSyncNode.java:202)
07-15 20:02:10.171  6209  6232 W Closeables: 	at com.google.apps.dots.android.app.sync.BaseSyncNode.sync(BaseSyncNode.java:108)
07-15 20:02:10.171  6209  6232 W Closeables: 	at com.google.apps.dots.android.app.sync.BaseSyncNode.syncNextChild(BaseSyncNode.java:202)
07-15 20:02:10.171  6209  6232 W Closeables: 	at com.google.apps.dots.android.app.sync.BaseSyncNode.sync(BaseSyncNode.java:108)
07-15 20:02:10.171  6209  6232 W Closeables: 	at com.google.apps.dots.android.app.sync.BaseSyncNode.syncNextChild(BaseSyncNode.java:202)
07-15 20:02:10.171  6209  6232 W Closeables: 	at com.google.apps.dots.android.app.sync.BaseSyncNode.sync(BaseSyncNode.java:108)
07-15 20:02:10.171  6209  6232 W Closeables: 	at com.google.apps.dots.android.app.sync.BaseSyncNode.syncNextChild(BaseSyncNode.java:202)
07-15 20:02:10.171  6209  6232 W Closeables: 	at com.google.apps.dots.android.app.sync.BaseSyncNode.sync(BaseSyncNode.java:108)
07-15 20:02:10.171  6209  6232 W Closeables: 	at com.google.apps.dots.android.app.sync.BaseSyncNode.syncNextChild(BaseSyncNode.java:202)
07-15 20:02:10.171  6209  6232 W Closeables: 	at com.google.apps.dots.android.app.sync.BaseSyncNode.sync(BaseSyncNode.java:108)
07-15 20:02:10.171  6209  6232 W Closeables: 	at com.google.apps.dots.android.app.sync.BaseSyncNode.syncNextChild(BaseSyncNode.java:202)
07-15 20:02:10.171  6209  6232 W Closeables: 	at com.google.apps.dots.android.app.sync.BaseSyncNode.sync(BaseSyncNode.java:108)
07-15 20:02:10.171  6209  6232 W Closeables: 	at com.google.apps.dots.android.app.sync.BaseSyncNode.syncNextChild(BaseSyncNode.java:202)
07-15 20:02:10.171  6209  6232 W Closeables: 	at com.google.apps.dots.android.app.sync.BaseSyncNode.sync(BaseSyncNode.java:108)
07-15 20:02:10.171  6209  6232 W Closeables: 	at com.google.apps.dots.android.app.sync.BaseSyncNode.syncNextChild(BaseSyncNode.java:202)
07-15 20:02:10.171  6209  6232 W Closeables: 	at com.google.apps.dots.android.app.sync.BaseSyncNode.sync(BaseSyncNode.java:108)
07-15 20:02:10.171  6209  6232 W Closeables: 	at com.google.apps.dots.android.app.sync.SyncNodeProcessor.syncNextNode(SyncNodeProcessor.java:34)
07-15 20:02:10.171  6209  6232 W Closeables: 	at com.google.apps.dots.android.app.sync.SyncProcessorQueue.process(SyncProcessorQueue.java:138)
07-15 20:02:10.171  6209  6232 W Closeables: 	at com.google.apps.dots.android.app.sync.SyncProcessorQueue.process(SyncProcessorQueue.java:118)
07-15 20:02:10.171  6209  6232 W Closeables: 	at com.google.apps.dots.android.app.sync.SyncProcessorQueue.access$200(SyncProcessorQueue.java:35)
07-15 20:02:10.171  6209  6232 W Closeables: 	at com.google.apps.dots.android.app.sync.SyncProcessorQueue$Processor.run(SyncProcessorQueue.java:241)
07-15 20:02:10.171  6209  6232 W Closeables: 	at java.util.concurrent.Executors$RunnableAdapter.call(Executors.java:442)
07-15 20:02:10.171  6209  6232 W Closeables: 	at java.util.concurrent.FutureTask$Sync.innerRun(FutureTask.java:305)
07-15 20:02:10.171  6209  6232 W Closeables: 	at java.util.concurrent.FutureTask.run(FutureTask.java:137)
07-15 20:02:10.171  6209  6232 W Closeables: 	at java.util.concurrent.ThreadPoolExecutor.runWorker(ThreadPoolExecutor.java:1076)
07-15 20:02:10.171  6209  6232 W Closeables: 	at java.util.concurrent.ThreadPoolExecutor$Worker.run(ThreadPoolExecutor.java:569)
07-15 20:02:10.171  6209  6232 W Closeables: 	at java.lang.Thread.run(Thread.java:856)
07-15 20:02:10.324   291  6414 I qtaguid : Failed write_ctrl(u 83) res=-1 errno=22
07-15 20:02:10.324   291  6414 I qtaguid : Untagging socket 83 failed errno=-22
07-15 20:02:10.324   291  6414 W NetworkManagementSocketTagger: untagSocket(83) failed with errno -22
07-15 20:02:13.105   144   205 D Tethering: MasterInitialState.processMessage what=3
07-15 20:02:13.191  6043  6043 I MediaUploader: No need to wake up
07-15 20:02:13.195  2643  2643 I PhoneLab-WiFiReceiver: Wi-Fi is disconnected!
07-15 20:02:13.257  5611  6061 D PicasaSyncManager: active network: null
07-15 20:02:13.257  5611  6061 D PicasaSyncManager: background data: true
07-15 20:02:13.296   291   294 D dalvikvm: GC_CONCURRENT freed 459K, 7% free 10617K/11399K, paused 5ms+4ms
07-15 20:02:16.929   144   201 D ConnectivityService: ConnectivityChange for mobile: CONNECTED/CONNECTED
07-15 20:02:17.027   144   197 D NetworkPolicy: applying policy NetworkPolicy[NetworkTemplate: matchRule=MOBILE_ALL, subscriberId=valid]: cycleDay=20, warningBytes=2147483648, limitBytes=-1, lastSnooze=-1 to ifaces [rmnet0]
07-15 20:02:17.472  5665  5668 D dalvikvm: GC_CONCURRENT freed 405K, 7% free 9930K/10567K, paused 8ms+4ms
07-15 20:02:17.933   144   201 D ConnectivityService: NetTransition Wakelock for WifiStateMachine released by timeout
07-15 20:02:19.992   144   205 D Tethering: MasterInitialState.processMessage what=3
07-15 20:02:20.183   144   146 D dalvikvm: GC_CONCURRENT freed 1525K, 14% free 15855K/18311K, paused 3ms+8ms
07-15 20:02:20.222  6043  6043 I MediaUploader: No need to wake up
07-15 20:02:20.293  6131  6131 W ContextScopeImpl: thread=1 tried to enter the scope of the application context. Ignored.
07-15 20:02:20.300  5611  6061 D PicasaSyncManager: active network: NetworkInfo: type: mobile[CDMA - EvDo rev. A], state: CONNECTED/CONNECTED, reason: (unspecified), extra: , roaming: false, failover: true, isAvailable: true
07-15 20:02:20.300  5611  6061 D PicasaSyncManager: background data: true
07-15 20:02:24.160   291   912 E GTalkService: connectionClosed: no XMPPConnection - That's strange!
07-15 20:02:24.164   291   912 E GTalkService: connectionClosed: no XMPPConnection - That's strange!
07-15 20:02:34.070  5665  5677 D dalvikvm: GC_EXPLICIT freed 151K, 7% free 9910K/10567K, paused 2ms+4ms
07-15 20:02:34.703   291   291 I GTalkService/c: [AndroidEndpoint@1094321424] connect: acct=1000000, state=CONNECTING
07-15 20:02:34.715   291   291 I GTalkService/c: [GTalkConnection@1094939328] connect: acct=1, state=CONNECTING
07-15 20:02:35.535   346   346 D SAN_SERVICE: *******************************************
07-15 20:02:35.535   346   346 D SAN_SERVICE: DM App Phone Service State - 0
07-15 20:02:35.535   346   346 D SAN_SERVICE: *******************************************
07-15 20:02:35.906   144   201 D ConnectivityService: handleInetConditionHoldEnd: net=0, condition=0, published condition=0
07-15 20:02:36.289   346   346 D SAN_SERVICE: *******************************************
07-15 20:02:36.289   346   346 D SAN_SERVICE: DM App Phone Service State - 0
07-15 20:02:36.289   346   346 D SAN_SERVICE: *******************************************
07-15 20:02:37.070   144   201 D ConnectivityService: handleInetConditionHoldEnd: net=0, condition=100, published condition=0
07-15 20:02:37.300   291   294 D dalvikvm: GC_CONCURRENT freed 407K, 7% free 10625K/11399K, paused 15ms+3ms
07-15 20:02:39.054  6166  6168 D dalvikvm: GC_CONCURRENT freed 513K, 7% free 9347K/9991K, paused 142ms+30ms
07-15 20:02:41.582  2643  2656 I PhoneLab-: Service Running
07-15 20:02:41.652  2643  2656 I PhoneLab-LoggerService: app_37    1395  1     1432   992   c00f181c 400107b4 S logcat
07-15 20:02:41.652  2643  2656 I PhoneLab-LoggerService: Logcat pid from database 1395
07-15 20:02:41.652  2643  2656 I PhoneLab-LoggerService: Logcat process found 1395
07-15 20:02:41.652  2643  2656 I PhoneLab-LoggerService: Checking Threshold
07-15 20:02:41.672  2643  2645 D dalvikvm: GC_CONCURRENT freed 385K, 15% free 9118K/10695K, paused 2ms+1ms
07-15 20:03:19.640   144   155 D dalvikvm: GC_EXPLICIT freed 481K, 14% free 15793K/18311K, paused 2ms+5ms
07-15 20:04:03.851  1351  1353 D dalvikvm: GC_CONCURRENT freed 518K, 8% free 10311K/11207K, paused 4ms+3ms
07-15 20:04:20.222   346   348 D dalvikvm: GC_CONCURRENT freed 435K, 6% free 9482K/10055K, paused 14ms+3ms
07-15 20:04:38.269  4840  4842 D dalvikvm: GC_CONCURRENT freed 1246K, 34% free 13398K/20039K, paused 7ms+5ms
07-15 20:05:04.199  1351  1353 D dalvikvm: GC_CONCURRENT freed 457K, 9% free 10304K/11207K, paused 2ms+3ms
07-15 20:05:04.746   215   217 D dalvikvm: GC_CONCURRENT freed 415K, 30% free 9955K/14215K, paused 1ms+3ms
07-15 20:05:04.832   215   217 D dalvikvm: GC_CONCURRENT freed 506K, 30% free 9960K/14215K, paused 2ms+2ms
07-15 20:05:04.863  5809  5812 D dalvikvm: GC_CONCURRENT freed 504K, 6% free 10425K/11015K, paused 2ms+3ms
07-15 20:05:05.046  1351  1353 D dalvikvm: GC_CONCURRENT freed 399K, 8% free 10317K/11207K, paused 2ms+2ms
07-15 20:05:05.472  2643  2656 I PhoneLab-: Service Running
07-15 20:05:05.543  2643  2656 I PhoneLab-LoggerService: app_37    1395  1     1432   992   c00f181c 400107b4 S logcat
07-15 20:05:05.543  2643  2656 I PhoneLab-LoggerService: Logcat pid from database 1395
07-15 20:05:05.543  2643  2656 I PhoneLab-LoggerService: Logcat process found 1395
07-15 20:05:05.543  2643  2656 I PhoneLab-LoggerService: Checking Threshold
07-15 20:05:19.023  2643  2656 I PhoneLab-: Service Running
07-15 20:05:19.058  2643  2656 I PhoneLab-LoggerService: app_37    1395  1     1432   992   c00f181c 400107b4 S logcat
07-15 20:05:19.058  2643  2656 I PhoneLab-LoggerService: Logcat pid from database 1395
07-15 20:05:19.058  2643  2656 I PhoneLab-LoggerService: Logcat process found 1395
07-15 20:05:19.058  2643  2656 I PhoneLab-LoggerService: Checking Threshold
07-15 20:05:53.652   215   215 D dalvikvm: GC_FOR_ALLOC freed 622K, 32% free 9693K/14215K, paused 17ms
07-15 20:05:53.714   215   217 D dalvikvm: GC_CONCURRENT freed 342K, 31% free 9832K/14215K, paused 2ms+2ms
07-15 20:05:53.836   215   217 D dalvikvm: GC_CONCURRENT freed 504K, 32% free 9761K/14215K, paused 1ms+2ms
07-15 20:06:04.351   291  6443 D dalvikvm: GC_EXPLICIT freed 231K, 8% free 10601K/11399K, paused 2ms+3ms
07-15 20:06:19.023  5700  5714 D GetStringObjTask: retrieving from url = http://www.chess.com/api/get_move_status?id=5HHjW9WUGa%2Bcu1LUwnVJPxTIWxmEve4VdkRnRyg7b5Ch69JH2Z5aB%2B7eGuFw8K2uFx47KFsdE3JRdR3Mzv0PkZOj6eZ8N73BvxmEERrzXjMNRo80rkLyJAUTh0iqof4n
07-15 20:06:20.097  5700  5714 D GetStringObjTask: WebRequest SERVER RESPONSE: Success+0
07-15 20:07:04.422  1351  1353 D dalvikvm: GC_CONCURRENT freed 509K, 8% free 10319K/11207K, paused 2ms+2ms
07-15 20:08:05.000  1351  1351 D dalvikvm: GC_EXPLICIT freed 167K, 9% free 10262K/11207K, paused 2ms+2ms
07-15 20:08:06.027  5809  5812 D dalvikvm: GC_CONCURRENT freed 472K, 6% free 10412K/11015K, paused 2ms+2ms
07-15 20:08:06.043  1351  1353 D dalvikvm: GC_CONCURRENT freed 459K, 8% free 10314K/11207K, paused 1ms+13ms
07-15 20:08:19.058   144   201 D ConnectivityService: ConnectivityChange for WIMAX: DISCONNECTED/SCANNING
07-15 20:08:19.058   144   201 D ConnectivityService: Attempting to switch to mobile
07-15 20:08:19.058   144   201 D ConnectivityService: Attempting to switch to WIFI
07-15 20:08:19.058   144   201 D ConnectivityService: Attempting to switch to BLUETOOTH_TETHER
07-15 20:08:19.117   144   197 D NetworkPolicy: applying policy NetworkPolicy[NetworkTemplate: matchRule=MOBILE_ALL, subscriberId=valid]: cycleDay=20, warningBytes=2147483648, limitBytes=-1, lastSnooze=-1 to ifaces [rmnet0]
07-15 20:08:19.175   144   197 D NetworkPolicy: applying policy NetworkPolicy[NetworkTemplate: matchRule=MOBILE_ALL, subscriberId=valid]: cycleDay=20, warningBytes=2147483648, limitBytes=-1, lastSnooze=-1 to ifaces [rmnet0]
07-15 20:08:22.078   144   205 D Tethering: MasterInitialState.processMessage what=3
07-15 20:08:22.129   144   205 D Tethering: MasterInitialState.processMessage what=3
07-15 20:08:22.183  6043  6043 I MediaUploader: No need to wake up
07-15 20:08:22.289   144   146 D dalvikvm: JIT code cache reset in 4 ms (1048540 bytes 4/0)
07-15 20:08:22.293  5611  6061 D PicasaSyncManager: active network: NetworkInfo: type: mobile[CDMA - EvDo rev. A], state: CONNECTED/CONNECTED, reason: (unspecified), extra: , roaming: false, failover: false, isAvailable: true
07-15 20:08:22.300   144   146 D dalvikvm: GC_CONCURRENT freed 1535K, 14% free 15857K/18311K, paused 2ms+11ms
07-15 20:08:22.300  5611  6061 D PicasaSyncManager: background data: true
07-15 20:08:22.425  6131  6131 W ContextScopeImpl: thread=1 tried to enter the scope of the application context. Ignored.
07-15 20:08:22.468  6043  6043 I MediaUploader: No need to wake up
07-15 20:08:22.546  5611  6061 D PicasaSyncManager: active network: NetworkInfo: type: mobile[CDMA - EvDo rev. A], state: CONNECTED/CONNECTED, reason: (unspecified), extra: , roaming: false, failover: false, isAvailable: true
07-15 20:08:22.546  6131  6131 W ContextScopeImpl: thread=1 tried to enter the scope of the application context. Ignored.
07-15 20:08:22.558  5611  6061 D PicasaSyncManager: background data: true
07-15 20:08:22.636   144   201 D ConnectivityService: handleInetConditionHoldEnd: net=0, condition=100, published condition=100
07-15 20:08:25.566   144   201 D ConnectivityService: ConnectivityChange for WIMAX: DISCONNECTED/SCANNING
07-15 20:08:25.566   144   201 D ConnectivityService: Attempting to switch to mobile
07-15 20:08:25.570   144   201 D ConnectivityService: Attempting to switch to WIFI
07-15 20:08:25.570   144   201 D ConnectivityService: Attempting to switch to BLUETOOTH_TETHER
07-15 20:08:25.714   144   197 D NetworkPolicy: applying policy NetworkPolicy[NetworkTemplate: matchRule=MOBILE_ALL, subscriberId=valid]: cycleDay=20, warningBytes=2147483648, limitBytes=-1, lastSnooze=-1 to ifaces [rmnet0]
07-15 20:08:25.777   144   197 D NetworkPolicy: applying policy NetworkPolicy[NetworkTemplate: matchRule=MOBILE_ALL, subscriberId=valid]: cycleDay=20, warningBytes=2147483648, limitBytes=-1, lastSnooze=-1 to ifaces [rmnet0]
07-15 20:08:28.640   144   205 D Tethering: MasterInitialState.processMessage what=3
07-15 20:08:28.687   144   205 D Tethering: MasterInitialState.processMessage what=3
07-15 20:08:28.734  6043  6043 I MediaUploader: No need to wake up
07-15 20:08:28.796  5611  6061 D PicasaSyncManager: active network: NetworkInfo: type: mobile[CDMA - EvDo rev. A], state: CONNECTED/CONNECTED, reason: (unspecified), extra: , roaming: false, failover: false, isAvailable: true
07-15 20:08:28.796  5611  6061 D PicasaSyncManager: background data: true
07-15 20:08:28.855  6131  6131 W ContextScopeImpl: thread=1 tried to enter the scope of the application context. Ignored.
07-15 20:08:28.894  6043  6043 I MediaUploader: No need to wake up
07-15 20:08:28.972  6131  6131 W ContextScopeImpl: thread=1 tried to enter the scope of the application context. Ignored.
07-15 20:08:28.976  5611  6061 D PicasaSyncManager: active network: NetworkInfo: type: mobile[CDMA - EvDo rev. A], state: CONNECTED/CONNECTED, reason: (unspecified), extra: , roaming: false, failover: false, isAvailable: true
07-15 20:08:28.980  5611  6061 D PicasaSyncManager: background data: true
07-15 20:08:29.093   144   528 D dalvikvm: GC_EXPLICIT freed 1151K, 14% free 15788K/18311K, paused 8ms+6ms
07-15 20:08:29.183   144   201 D ConnectivityService: handleInetConditionHoldEnd: net=0, condition=100, published condition=100
07-15 20:09:04.488  5809  5829 I e       : Not returning location as no APs within 75 meters of location.
07-15 20:09:04.605  1351  1353 D dalvikvm: GC_CONCURRENT freed 502K, 8% free 10320K/11207K, paused 1ms+3ms
07-15 20:09:09.031  6209  6216 I dalvikvm: Jit: resizing JitTable from 4096 to 8192
07-15 20:09:40.488   346   346 D SAN_SERVICE: *******************************************
07-15 20:09:40.488   346   346 D SAN_SERVICE: DM App Phone Service State - 0
07-15 20:09:40.488   346   346 D SAN_SERVICE: *******************************************
07-15 20:09:40.640  4840  4842 D dalvikvm: GC_CONCURRENT freed 841K, 31% free 14014K/20039K, paused 5ms+3ms
07-15 20:10:05.195  5809  5812 D dalvikvm: GC_CONCURRENT freed 512K, 6% free 10411K/11015K, paused 2ms+5ms
07-15 20:10:05.254  1351  1353 D dalvikvm: GC_CONCURRENT freed 400K, 9% free 10310K/11207K, paused 2ms+2ms
07-15 20:10:06.230   346   346 D SAN_SERVICE: *******************************************
07-15 20:10:06.230   346   346 D SAN_SERVICE: DM App Phone Service State - 0
07-15 20:10:06.230   346   346 D SAN_SERVICE: *******************************************
07-15 20:10:06.461   346   346 D SAN_SERVICE: *******************************************
07-15 20:10:06.461   346   346 D SAN_SERVICE: DM App Phone Service State - 0
07-15 20:10:06.461   346   346 D SAN_SERVICE: *******************************************
07-15 20:11:19.023  5700  5728 D GetStringObjTask: retrieving from url = http://www.chess.com/api/get_move_status?id=5HHjW9WUGa%2Bcu1LUwnVJPxTIWxmEve4VdkRnRyg7b5Ch69JH2Z5aB%2B7eGuFw8K2uFx47KFsdE3JRdR3Mzv0PkZOj6eZ8N73BvxmEERrzXjMNRo80rkLyJAUTh0iqof4n
07-15 20:11:19.730  5700  5728 D GetStringObjTask: WebRequest SERVER RESPONSE: Success+0
07-15 20:12:06.039  1351  1353 D dalvikvm: GC_CONCURRENT freed 509K, 8% free 10312K/11207K, paused 1ms+3ms
07-15 20:12:06.191  1351  1353 D dalvikvm: GC_CONCURRENT freed 418K, 8% free 10355K/11207K, paused 1ms+10ms
07-15 20:12:07.832  6209  6211 D dalvikvm: GC_CONCURRENT freed 906K, 13% free 11434K/13063K, paused 47ms+33ms
07-15 20:13:01.043  2643  2656 I PhoneLab-: Service Running
07-15 20:13:01.117  2643  2656 I PhoneLab-LoggerService: app_37    1395  1     1432   992   c00f181c 400107b4 S logcat
07-15 20:13:01.117  2643  2656 I PhoneLab-LoggerService: Logcat pid from database 1395
07-15 20:13:01.117  2643  2656 I PhoneLab-LoggerService: Logcat process found 1395
07-15 20:13:01.117  2643  2656 I PhoneLab-LoggerService: Checking Threshold
07-15 20:13:01.117  2643  2656 I PhoneLab-: Service Running
07-15 20:13:01.144  2643  2656 I PhoneLab-LoggerService: app_37    1395  1     1432   992   c00f181c 400107b4 S logcat
07-15 20:13:01.144  2643  2656 I PhoneLab-LoggerService: Logcat pid from database 1395
07-15 20:13:01.144  2643  2656 I PhoneLab-LoggerService: Logcat process found 1395
07-15 20:13:01.144  2643  2656 I PhoneLab-LoggerService: Checking Threshold
07-15 20:13:01.144  2643  2656 I PhoneLab-: Service Running
07-15 20:13:01.175  2643  2656 I PhoneLab-LoggerService: app_37    1395  1     1432   992   c00f181c 400107b4 S logcat
07-15 20:13:01.175  2643  2656 I PhoneLab-LoggerService: Logcat pid from database 1395
07-15 20:13:01.175  2643  2656 I PhoneLab-LoggerService: Logcat process found 1395
07-15 20:13:01.175  2643  2656 I PhoneLab-LoggerService: Checking Threshold
07-15 20:13:06.039  5809  5812 D dalvikvm: GC_CONCURRENT freed 502K, 6% free 10420K/11015K, paused 2ms+2ms
07-15 20:13:06.187  1351  1353 D dalvikvm: GC_CONCURRENT freed 454K, 8% free 10413K/11207K, paused 12ms+4ms
07-15 20:13:06.824   346   346 D SAN_SERVICE: *******************************************
07-15 20:13:06.824   346   346 D SAN_SERVICE: DM App Phone Service State - 0
07-15 20:13:06.824   346   346 D SAN_SERVICE: *******************************************
07-15 20:13:07.125   346   346 D SAN_SERVICE: *******************************************
07-15 20:13:07.125   346   346 D SAN_SERVICE: DM App Phone Service State - 0
07-15 20:13:07.125   346   346 D SAN_SERVICE: *******************************************
07-15 20:13:10.500   346   346 D SAN_SERVICE: *******************************************
07-15 20:13:10.500   346   346 D SAN_SERVICE: DM App Phone Service State - 0
07-15 20:13:10.500   346   346 D SAN_SERVICE: *******************************************
07-15 20:13:19.906  2643  2656 I PhoneLab-: Service Running
07-15 20:13:19.976  2643  2656 I PhoneLab-LoggerService: app_37    1395  1     1432   992   c00f181c 400107b4 S logcat
07-15 20:13:19.976  2643  2656 I PhoneLab-LoggerService: Logcat pid from database 1395
07-15 20:13:19.976  2643  2656 I PhoneLab-LoggerService: Logcat process found 1395
07-15 20:13:19.976  2643  2656 I PhoneLab-LoggerService: Checking Threshold
07-15 20:14:06.859   346   346 D SAN_SERVICE: *******************************************
07-15 20:14:06.859   346   346 D SAN_SERVICE: DM App Phone Service State - 0
07-15 20:14:06.859   346   346 D SAN_SERVICE: *******************************************
07-15 20:14:07.316   346   346 D SAN_SERVICE: *******************************************
07-15 20:14:07.316   346   346 D SAN_SERVICE: DM App Phone Service State - 0
07-15 20:14:07.316   346   346 D SAN_SERVICE: *******************************************
07-15 20:14:08.156  1351  1353 D dalvikvm: GC_CONCURRENT freed 580K, 8% free 10342K/11207K, paused 2ms+3ms
07-15 20:14:35.269   346   346 D SAN_SERVICE: *******************************************
07-15 20:14:35.269   346   346 D SAN_SERVICE: DM App Phone Service State - 0
07-15 20:14:35.269   346   346 D SAN_SERVICE: *******************************************
07-15 20:14:35.554   144   388 D AlarmManagerService: Kernel timezone updated to 240 minutes west of GMT
07-15 20:14:35.554   346   346 D SystemClock: Setting time of day to sec=1342397675
07-15 20:14:35.089   346   346 D SAN_SERVICE: *******************************************
07-15 20:14:35.089   346   346 D SAN_SERVICE: DM App Phone Service State - 0
07-15 20:14:35.089   346   346 D SAN_SERVICE: *******************************************
07-15 20:14:35.089   144   161 I ActivityManager: Start proc com.android.calendar for broadcast com.android.calendar/.widget.CalendarAppWidgetService$CalendarFactory: pid=6507 uid=10005 gids={3003}
07-15 20:14:35.328  6507  6507 I ActivityThread: Pub com.android.calendar.CalendarRecentSuggestionsProvider: com.android.calendar.CalendarRecentSuggestionsProvider
07-15 20:14:35.613   144   378 I ActivityManager: Start proc com.android.deskclock for broadcast com.android.deskclock/.AlarmInitReceiver: pid=6523 uid=10011 gids={}
07-15 20:14:35.617   144   378 I ActivityManager: No longer want com.android.providers.calendar (pid 5441): hidden #16
07-15 20:14:35.648  6507  6518 I ActivityThread: Removing dead content provider: com.android.calendar
07-15 20:14:35.672  6523  6523 I ActivityThread: Pub com.android.deskclock: com.android.deskclock.AlarmProvider
07-15 20:14:35.679   144   156 I ActivityManager: Kill com.android.calendar (pid 6507): provider com.android.providers.calendar.CalendarProvider2 in dying process com.android.providers.calendar
07-15 20:14:35.730   144   390 I ActivityManager: Process com.android.calendar (pid 6507) has died.
07-15 20:14:35.836  6523  6537 V AlarmClock: AlarmInitReceiver finished
07-15 20:14:35.914   291   294 D dalvikvm: GC_CONCURRENT freed 384K, 7% free 10635K/11399K, paused 2ms+3ms
07-15 20:14:37.961   346   346 D SAN_SERVICE: *******************************************
07-15 20:14:37.961   346   346 D SAN_SERVICE: DM App Phone Service State - 0
07-15 20:14:37.961   346   346 D SAN_SERVICE: *******************************************
07-15 20:14:38.000  5809  5812 D dalvikvm: GC_CONCURRENT freed 400K, 6% free 10408K/11015K, paused 11ms+2ms
07-15 20:14:38.207   144  1167 D AlarmManagerService: Kernel timezone updated to 240 minutes west of GMT
07-15 20:14:38.218   346   346 D SAN_SERVICE: *******************************************
07-15 20:14:38.218   346   346 D SAN_SERVICE: DM App Phone Service State - 0
07-15 20:14:38.218   346   346 D SAN_SERVICE: *******************************************
07-15 20:14:40.164   144   161 I ActivityManager: Start proc com.android.providers.calendar for broadcast com.android.providers.calendar/.CalendarProviderBroadcastReceiver: pid=6539 uid=10006 gids={3003, 1015}
07-15 20:14:40.207  6539  6539 I ActivityThread: Pub com.android.calendar: com.android.providers.calendar.CalendarProvider2
07-15 20:14:40.332   144   388 I ActivityManager: No longer want com.google.android.apps.gesturesearch (pid 5960): hidden #16
07-15 20:14:40.363   144  1168 I UsageStats: No package stats for pkg:com.android.launcher
07-15 20:14:40.468   144   146 D dalvikvm: GC_CONCURRENT freed 1573K, 14% free 15899K/18311K, paused 3ms+7ms
07-15 20:14:41.445  6539  6539 I CalendarProvider2: Sending notification intent: Intent { act=android.intent.action.PROVIDER_CHANGED dat=content://com.android.calendar }
07-15 20:14:41.449  6539  6539 W ContentResolver: Failed to get type for: content://com.android.calendar (Unknown URL content://com.android.calendar)
07-15 20:14:41.461   144   161 I ActivityManager: Start proc com.android.calendar for broadcast com.android.calendar/.widget.CalendarAppWidgetService$CalendarFactory: pid=6554 uid=10005 gids={3003}
07-15 20:14:41.496  6554  6554 I ActivityThread: Pub com.android.calendar.CalendarRecentSuggestionsProvider: com.android.calendar.CalendarRecentSuggestionsProvider
07-15 20:14:41.515   144  1167 I ActivityManager: No longer want com.google.android.maps.mytracks (pid 5983): hidden #16
07-15 20:14:43.570   144   156 D dalvikvm: GC_EXPLICIT freed 348K, 14% free 15785K/18311K, paused 3ms+5ms
07-15 20:14:47.007  4840  4842 D dalvikvm: GC_CONCURRENT freed 2111K, 33% free 13478K/20039K, paused 7ms+6ms
07-15 20:14:54.168   346   346 D SAN_SERVICE: *******************************************
07-15 20:14:54.168   346   346 D SAN_SERVICE: DM App Phone Service State - 0
07-15 20:14:54.168   346   346 D SAN_SERVICE: *******************************************
07-15 20:14:54.457   346   346 D SAN_SERVICE: *******************************************
07-15 20:14:54.457   346   346 D SAN_SERVICE: DM App Phone Service State - 0
07-15 20:14:54.457   346   346 D SAN_SERVICE: *******************************************
07-15 20:14:54.472   346   348 D dalvikvm: GC_CONCURRENT freed 461K, 6% free 9467K/10055K, paused 14ms+2ms
07-15 20:14:54.668   346   346 D SAN_SERVICE: *******************************************
07-15 20:14:54.668   346   346 D SAN_SERVICE: DM App Phone Service State - 0
07-15 20:14:54.668   346   346 D SAN_SERVICE: *******************************************
07-15 20:14:54.918   346   346 D SAN_SERVICE: *******************************************
07-15 20:14:54.918   346   346 D SAN_SERVICE: DM App Phone Service State - 0
07-15 20:14:54.918   346   346 D SAN_SERVICE: *******************************************
07-15 20:14:55.164   346   346 D SAN_SERVICE: *******************************************
07-15 20:14:55.164   346   346 D SAN_SERVICE: DM App Phone Service State - 0
07-15 20:14:55.168   346   346 D SAN_SERVICE: *******************************************
07-15 20:14:55.421   346   346 D SAN_SERVICE: *******************************************
