06-26 00:47:08.078   364   364 D wpa_supplicant: wpa_driver_wext_driver_cmd RSSI len = 248
06-26 00:47:08.078   364   364 D wpa_supplicant: wpa_driver_wext_driver_cmd mj rssi -60  len = 12, 12
06-26 00:47:08.078   364   364 D wpa_supplicant: wpa_driver_wext_driver_cmd LINKSPEED len = 248
06-26 00:47:08.078   364   364 D wpa_supplicant: wpa_driver_wext_driver_cmd LinkSpeed 54 len = 12, 12
06-26 00:47:09.336    81   121 D AudioHardware: AudioHardware pcm playback is going to standby.
06-26 00:47:09.336    81   121 D AudioHardware: closePcmOut_l() mPcmOpenCnt: 1
06-26 00:47:11.082   364   364 D wpa_supplicant: wpa_driver_wext_driver_cmd RSSI len = 248
06-26 00:47:11.090   364   364 D wpa_supplicant: wpa_driver_wext_driver_cmd mj rssi -61  len = 12, 12
06-26 00:47:11.090   364   364 D wpa_supplicant: wpa_driver_wext_driver_cmd LINKSPEED len = 248
06-26 00:47:11.093   364   364 D wpa_supplicant: wpa_driver_wext_driver_cmd LinkSpeed 54 len = 12, 12
06-26 00:47:14.109   364   364 D wpa_supplicant: wpa_driver_wext_driver_cmd RSSI len = 248
06-26 00:47:14.121   364   364 D wpa_supplicant: wpa_driver_wext_driver_cmd mj rssi -61  len = 12, 12
06-26 00:47:14.121   364   364 D wpa_supplicant: wpa_driver_wext_driver_cmd LINKSPEED len = 248
06-26 00:47:14.125   364   364 D wpa_supplicant: wpa_driver_wext_driver_cmd LinkSpeed 54 len = 12, 12
06-26 00:47:17.136   364   364 D wpa_supplicant: wpa_driver_wext_driver_cmd RSSI len = 248
06-26 00:47:17.144   364   364 D wpa_supplicant: wpa_driver_wext_driver_cmd mj rssi -60  len = 12, 12
06-26 00:47:17.144   364   364 D wpa_supplicant: wpa_driver_wext_driver_cmd LINKSPEED len = 248
06-26 00:47:17.148   364   364 D wpa_supplicant: wpa_driver_wext_driver_cmd LinkSpeed 54 len = 12, 12
06-26 00:47:20.156   364   364 D wpa_supplicant: wpa_driver_wext_driver_cmd RSSI len = 248
06-26 00:47:20.168   364   364 D wpa_supplicant: wpa_driver_wext_driver_cmd mj rssi -60  len = 12, 12
06-26 00:47:20.168   364   364 D wpa_supplicant: wpa_driver_wext_driver_cmd LINKSPEED len = 248
06-26 00:47:20.172   364   364 D wpa_supplicant: wpa_driver_wext_driver_cmd LinkSpeed 54 len = 12, 12
06-26 00:47:23.175   364   364 D wpa_supplicant: wpa_driver_wext_driver_cmd RSSI len = 248
06-26 00:47:23.187   364   364 D wpa_supplicant: wpa_driver_wext_driver_cmd mj rssi -58  len = 12, 12
06-26 00:47:23.187   364   364 D wpa_supplicant: wpa_driver_wext_driver_cmd LINKSPEED len = 248
06-26 00:47:23.191   364   364 D wpa_supplicant: wpa_driver_wext_driver_cmd LinkSpeed 54 len = 12, 12
06-26 00:47:25.894   151   205 I InputReader: Reconfiguring input devices.  changes=0x00000004
06-26 00:47:25.894   151   205 I InputReader: Device reconfigured: id=7, name='mxt224_ts_input', surface size is now 480x800, mode is 1
06-26 00:47:25.941   151   167 I ActivityManager: Config changed: {1.0 310mcc120mnc en_US layoutdir=0 sw320dp w533dp h294dp nrml long land finger -keyb/v/h -nav/h s.273}
06-26 00:47:26.082   151   200 V TransportControlView: Create TCV com.android.internal.widget.TransportControlView@41500be0
06-26 00:47:26.199   364   364 D wpa_supplicant: wpa_driver_wext_driver_cmd RSSI len = 248
06-26 00:47:26.199   364   364 D wpa_supplicant: wpa_driver_wext_driver_cmd mj rssi -59  len = 12, 12
06-26 00:47:26.199   364   364 D wpa_supplicant: wpa_driver_wext_driver_cmd LINKSPEED len = 248
06-26 00:47:26.199   364   364 D wpa_supplicant: wpa_driver_wext_driver_cmd LinkSpeed 54 len = 12, 12
06-26 00:47:26.285   398   398 D dalvikvm: GC_FOR_ALLOC freed 380K, 60% free 10244K/25287K, paused 67ms
06-26 00:47:26.340   398   398 D dalvikvm: GC_FOR_ALLOC freed 208K, 60% free 10339K/25287K, paused 48ms
06-26 00:47:26.382   398   398 D dalvikvm: GC_FOR_ALLOC freed 182K, 59% free 10460K/25287K, paused 35ms
06-26 00:47:26.929 19216 19218 D dalvikvm: GC_CONCURRENT freed 1927K, 21% free 16152K/20359K, paused 2ms+16ms
06-26 00:47:27.543   151   163 I ActivityManager: Start proc com.google.android.voicesearch for service com.google.android.voicesearch/.ime.VoiceInputMethodService: pid=18463 uid=10050 gids={3002, 3003, 1015}
06-26 00:47:27.746 18463 18463 I ActivityThread: Pub com.google.android.voicesearch: com.google.android.voicesearch.AudioProvider
06-26 00:47:27.863 18463 18463 I VoiceInputMethodService: #onCreate
06-26 00:47:27.922 18463 18463 I VoiceInputMethodService: #showWindow[true]
06-26 00:47:27.980 18463 18463 I VoiceInputMethodService: #onCreateInputView
06-26 00:47:27.988 18463 18465 D dalvikvm: GC_CONCURRENT freed 274K, 5% free 9219K/9607K, paused 2ms+4ms
06-26 00:47:28.011   151   205 I InputReader: Reconfiguring input devices.  changes=0x00000004
06-26 00:47:28.011   151   205 I InputReader: Device reconfigured: id=7, name='mxt224_ts_input', surface size is now 480x800, mode is 1
06-26 00:47:28.047   151   167 I ActivityManager: Config changed: {1.0 310mcc120mnc en_US layoutdir=0 sw320dp w320dp h508dp nrml long port finger -keyb/v/h -nav/h s.274}
06-26 00:47:28.105   151   200 V TransportControlView: Create TCV com.android.internal.widget.TransportControlView@41650b48
06-26 00:47:28.144 18463 18463 D dalvikvm: GC_FOR_ALLOC freed 10K, 4% free 9497K/9863K, paused 48ms
06-26 00:47:28.164 18463 18463 I VoiceInputMethodService: #onStartInputView [false] com.google.android.voicesearch.ime.VoiceInputMethodService@413638b0
06-26 00:47:28.277 18463 18463 I VoiceInputMethodService: #startRecognition en-US
06-26 00:47:28.379 18463 18463 I VoiceRecognitionDelegate: Create new recognition controller
06-26 00:47:28.429   398   400 D dalvikvm: GC_CONCURRENT freed 49K, 58% free 10798K/25287K, paused 2ms+6ms
06-26 00:47:28.437 18463 18465 D dalvikvm: GC_CONCURRENT freed 173K, 3% free 9874K/10119K, paused 2ms+5ms
06-26 00:47:28.547   398   400 D dalvikvm: GC_CONCURRENT freed 944K, 59% free 10399K/25287K, paused 2ms+8ms
06-26 00:47:28.586 18463 18480 I RecognitionControllerImpl: startRecognition(RecognitionParameters{session=null,request=0})
06-26 00:47:28.593 18463 18480 I RecognitionControllerImpl: State change: STARTING -> STARTING
06-26 00:47:28.605 18463 18480 I RecognitionControllerImpl: New mic stream.
06-26 00:47:28.629 18463 18463 I VoiceInputMethodService: #onConfigurationChanged com.google.android.voicesearch.ime.VoiceInputMethodService@413638b0 1
06-26 00:47:28.660   151   669 I AudioService:  AudioFocus  abandonAudioFocus() from android.media.AudioManager@41412280
06-26 00:47:28.660 18463 18463 I RecognitionControllerImpl: State change: STARTING -> CANCELED
06-26 00:47:28.668 18463 18463 I RecognitionControllerImpl: State change: CANCELED -> CANCELED
06-26 00:47:28.675 18463 18463 I VoiceInputMethodService: #showWindow[true]
06-26 00:47:28.679 18463 18463 I VoiceInputMethodService: #onCreateInputView
06-26 00:47:28.789 18463 18465 D dalvikvm: GC_CONCURRENT freed 207K, 3% free 10148K/10439K, paused 2ms+3ms
06-26 00:47:28.797 18463 18463 I VoiceInputMethodService: #onStartInputView [false] com.google.android.voicesearch.ime.VoiceInputMethodService@413638b0
06-26 00:47:28.816 18463 18463 I VoiceInputMethodService: #startRecognition en-US
06-26 00:47:28.832 18463 18480 I MicrophoneInputStream: #new 1
06-26 00:47:28.867 18463 18463 I VoiceRecognitionDelegate: Create new recognition controller
06-26 00:47:28.886   151  3109 I AudioService:  AudioFocus  abandonAudioFocus() from android.media.AudioManager@41412280
06-26 00:47:28.890    81 18481 D AudioHardware: AudioStreamInALSA::setParameters() input_source=6;routing=262144
06-26 00:47:28.894    81 18481 D AudioHardware: AudioHardware pcm capture is exiting standby.
06-26 00:47:29.007 18463 18483 I RecognitionControllerImpl: startRecognition(RecognitionParameters{session=null,request=0})
06-26 00:47:29.007 18463 18483 I RecognitionControllerImpl: State change: STARTING -> STARTING
06-26 00:47:29.007 18463 18483 I RecognitionControllerImpl: New mic stream.
06-26 00:47:29.203   364   364 D wpa_supplicant: wpa_driver_wext_driver_cmd RSSI len = 248
06-26 00:47:29.207 18463 18482 I RecognitionControllerImpl: onReadyForSpeech, noise level:204.38065, snr:1.974658
06-26 00:47:29.211   364   364 D wpa_supplicant: wpa_driver_wext_driver_cmd mj rssi -69  len = 12, 12
06-26 00:47:29.211   364   364 D wpa_supplicant: wpa_driver_wext_driver_cmd LINKSPEED len = 248
06-26 00:47:29.211   364   364 D wpa_supplicant: wpa_driver_wext_driver_cmd LinkSpeed 54 len = 12, 12
06-26 00:47:29.324 18463 18463 D dalvikvm: GC_FOR_ALLOC freed 69K, 3% free 10456K/10695K, paused 92ms
06-26 00:47:29.324 18463 18483 I MicrophoneInputStream: #new 1
06-26 00:47:29.332   151   585 I AudioService:  AudioFocus  requestAudioFocus() from android.media.AudioManager@41412280
06-26 00:47:29.332 18463 18483 I RecognitionControllerImpl: State change: STARTING -> RECOGNIZING
06-26 00:47:29.336 18463 18483 I MediaProxyServerConnection: Starting TCP session, [url=http://www.google.com/m/voice-search]
06-26 00:47:29.336    81  1295 W AudioPolicyManagerBase: startInput() input 1689 failed: other input already started
06-26 00:47:29.336 18463 18486 I MicrophoneInputStream: #close - audio release
06-26 00:47:29.343    81 18481 D AudioHardware: AudioHardware pcm capture is going to standby.
06-26 00:47:29.347    81 18481 D AudioHardware: AudioStreamInALSA::setParameters() routing=0
06-26 00:47:29.351 18463 18482 I MicrophoneInputStream: #close - audio release
06-26 00:47:29.570 18463 18465 D dalvikvm: GC_CONCURRENT freed 100K, 3% free 10828K/11079K, paused 9ms+5ms
06-26 00:47:29.722 18463 18483 I SpeechServiceHttpClient: Closing the HTTP client.
06-26 00:47:29.722 18463 18483 I qtaguid : Failed write_ctrl(u 46) res=-1 errno=22
06-26 00:47:29.722 18463 18483 I qtaguid : Untagging socket 46 failed errno=-22
06-26 00:47:29.722 18463 18483 W NetworkManagementSocketTagger: untagSocket(46) failed with errno -22
06-26 00:47:29.722 18463 18483 I ServerConnectorImpl: Created session c371d67b2e71f0711b8b1a4138345c71
06-26 00:47:29.722 18463 18483 I MediaProxyServerConnection: Creating TCP connection to 74.125.131.126:19294
06-26 00:47:29.726 18463 18483 I qtaguid : Failed write_ctrl(t -1 281479271677952 -1) res=-1 errno=9
06-26 00:47:29.730 18463 18483 I qtaguid : Tagging socket -1 with tag 1000100000000(65537) for uid -1 failed errno=-9
06-26 00:47:29.730 18463 18483 I NetworkManagementSocketTagger: tagSocketFd(-1, 65537, -1) failed with errno-9
06-26 00:47:29.945 18463 18489 I MediaProxyTcpConnectionImpl: Sending STUN packet [nextDelay=100]
06-26 00:47:30.019 18463 18483 I MediaProxyTcpConnectionImpl: #receiveStunResponsePacket
06-26 00:47:30.090 18463 18483 E RecognitionControllerImpl: Audio capture error
06-26 00:47:30.090 18463 18483 E RecognitionControllerImpl: com.google.android.voicesearch.speechservice.AudioBuffer$AudioException: Audio capture threw exception
06-26 00:47:30.090 18463 18483 E RecognitionControllerImpl: 	at com.google.android.voicesearch.speechservice.AudioBuffer.getByteBuffer(AudioBuffer.java:249)
06-26 00:47:30.090 18463 18483 E RecognitionControllerImpl: 	at com.google.android.voicesearch.speechservice.RecognitionControllerImpl.recordAndSend(RecognitionControllerImpl.java:546)
06-26 00:47:30.090 18463 18483 E RecognitionControllerImpl: 	at com.google.android.voicesearch.speechservice.RecognitionControllerImpl.runRecognitionMainLoop(RecognitionControllerImpl.java:705)
06-26 00:47:30.090 18463 18483 E RecognitionControllerImpl: 	at com.google.android.voicesearch.speechservice.RecognitionControllerImpl.startRecognition(RecognitionControllerImpl.java:424)
06-26 00:47:30.090 18463 18483 E RecognitionControllerImpl: 	at com.google.android.voicesearch.speechservice.RecognitionControllerImpl.access$300(RecognitionControllerImpl.java:86)
06-26 00:47:30.090 18463 18483 E RecognitionControllerImpl: 	at com.google.android.voicesearch.speechservice.RecognitionControllerImpl$1.handleMessage(RecognitionControllerImpl.java:263)
06-26 00:47:30.090 18463 18483 E RecognitionControllerImpl: 	at android.os.Handler.dispatchMessage(Handler.java:99)
06-26 00:47:30.090 18463 18483 E RecognitionControllerImpl: 	at android.os.Looper.loop(Looper.java:137)
06-26 00:47:30.090 18463 18483 E RecognitionControllerImpl: 	at android.os.HandlerThread.run(HandlerThread.java:60)
06-26 00:47:30.090 18463 18483 E RecognitionControllerImpl: Caused by: java.io.IOException: couldn't start recording, state is:1
06-26 00:47:30.090 18463 18483 E RecognitionControllerImpl: 	at com.google.android.voicesearch.endpointer.MicrophoneInputStream.ensureStarted(MicrophoneInputStream.java:81)
06-26 00:47:30.090 18463 18483 E RecognitionControllerImpl: 	at com.google.android.voicesearch.endpointer.MicrophoneInputStream.read(MicrophoneInputStream.java:99)
06-26 00:47:30.090 18463 18483 E RecognitionControllerImpl: 	at com.google.android.voicesearch.endpointer.MicrophoneInputStream.read(MicrophoneInputStream.java:94)
06-26 00:47:30.090 18463 18483 E RecognitionControllerImpl: 	at java.io.BufferedInputStream.fillbuf(BufferedInputStream.java:142)
06-26 00:47:30.090 18463 18483 E RecognitionControllerImpl: 	at java.io.BufferedInputStream.read(BufferedInputStream.java:309)
06-26 00:47:30.090 18463 18483 E RecognitionControllerImpl: 	at com.google.android.voicesearch.endpointer.EndpointerInputStream.read(EndpointerInputStream.java:306)
06-26 00:47:30.090 18463 18483 E RecognitionControllerImpl: 	at android.media.AmrInputStream.read(AmrInputStream.java:87)
06-26 00:47:30.090 18463 18483 E RecognitionControllerImpl: 	at com.google.android.voicesearch.speechservice.AudioBuffer.captureLoop(AudioBuffer.java:116)
06-26 00:47:30.090 18463 18483 E RecognitionControllerImpl: 	at com.google.android.voicesearch.speechservice.AudioBuffer.access$000(AudioBuffer.java:34)
06-26 00:47:30.090 18463 18483 E RecognitionControllerImpl: 	at com.google.android.voicesearch.speechservice.AudioBuffer$1.run(AudioBuffer.java:100)
06-26 00:47:30.090 18463 18483 I RecognitionControllerImpl: State change: RECOGNIZING -> ERROR
06-26 00:47:30.090 18463 18483 E RecognitionControllerImpl: ERROR_AUDIO
06-26 00:47:30.090   151  3109 I AudioService:  AudioFocus  abandonAudioFocus() from android.media.AudioManager@41412280
06-26 00:47:30.097 18463 18463 D com.google.android.voicesearch.ime.VoiceInputMethodService@413638b0: onError 3
06-26 00:47:30.132 18463 18483 I RecognitionControllerImpl: State change: ERROR -> CANCELED
06-26 00:47:30.148 18463 18463 I SpeechServiceHttpClient: Closing the HTTP client.
06-26 00:47:30.707   151   199 D dalvikvm: GC_EXPLICIT freed 1228K, 30% free 17094K/24391K, paused 3ms+10ms
06-26 00:47:31.199   151   151 I AudioService:  AudioFocus  abandonAudioFocus() from android.media.AudioManager@41412280
06-26 00:47:31.199 18463 18463 I RecognitionControllerImpl: State change: CANCELED -> CANCELED
06-26 00:47:31.199 18463 18463 I RecognitionControllerImpl: State change: CANCELED -> CANCELED
06-26 00:47:31.363 18463 18463 I VoiceInputMethodService: #onDestroy
06-26 00:47:31.382 18463 18463 I VoiceInputMethodService: #onFinishInputView false com.google.android.voicesearch.ime.VoiceInputMethodService@413638b0
06-26 00:47:32.101 19216 19218 D dalvikvm: GC_CONCURRENT freed 1917K, 21% free 16252K/20359K, paused 2ms+20ms
06-26 00:47:32.215   364   364 D wpa_supplicant: wpa_driver_wext_driver_cmd RSSI len = 248
06-26 00:47:32.222   364   364 D wpa_supplicant: wpa_driver_wext_driver_cmd mj rssi -69  len = 12, 12
06-26 00:47:32.222   364   364 D wpa_supplicant: wpa_driver_wext_driver_cmd LINKSPEED len = 248
06-26 00:47:32.222   364   364 D wpa_supplicant: wpa_driver_wext_driver_cmd LinkSpeed 54 len = 12, 12
06-26 00:47:32.761 19216 19218 D dalvikvm: GC_CONCURRENT freed 758K, 14% free 17542K/20359K, paused 2ms+9ms
06-26 00:47:35.226   364   364 D wpa_supplicant: wpa_driver_wext_driver_cmd RSSI len = 248
06-26 00:47:35.234   364   364 D wpa_supplicant: wpa_driver_wext_driver_cmd mj rssi -69  len = 12, 12
06-26 00:47:35.234   364   364 D wpa_supplicant: wpa_driver_wext_driver_cmd LINKSPEED len = 248
06-26 00:47:35.238   364   364 D wpa_supplicant: wpa_driver_wext_driver_cmd LinkSpeed 54 len = 12, 12
06-26 00:47:38.246   364   364 D wpa_supplicant: wpa_driver_wext_driver_cmd RSSI len = 248
06-26 00:47:38.254   364   364 D wpa_supplicant: wpa_driver_wext_driver_cmd mj rssi -66  len = 12, 12
06-26 00:47:38.254   364   364 D wpa_supplicant: wpa_driver_wext_driver_cmd LINKSPEED len = 248
06-26 00:47:38.257   364   364 D wpa_supplicant: wpa_driver_wext_driver_cmd LinkSpeed 54 len = 12, 12
06-26 00:47:41.261   364   364 D wpa_supplicant: wpa_driver_wext_driver_cmd RSSI len = 248
06-26 00:47:41.269   364   364 D wpa_supplicant: wpa_driver_wext_driver_cmd mj rssi -74  len = 12, 12
06-26 00:47:41.269   364   364 D wpa_supplicant: wpa_driver_wext_driver_cmd LINKSPEED len = 248
06-26 00:47:41.273   364   364 D wpa_supplicant: wpa_driver_wext_driver_cmd LinkSpeed 54 len = 12, 12
06-26 00:47:44.285   364   364 D wpa_supplicant: wpa_driver_wext_driver_cmd RSSI len = 248
06-26 00:47:44.297   364   364 D wpa_supplicant: wpa_driver_wext_driver_cmd mj rssi -62  len = 12, 12
06-26 00:47:44.297   364   364 D wpa_supplicant: wpa_driver_wext_driver_cmd LINKSPEED len = 248
06-26 00:47:44.297   364   364 D wpa_supplicant: wpa_driver_wext_driver_cmd LinkSpeed 54 len = 12, 12
06-26 00:47:47.300   364   364 D wpa_supplicant: wpa_driver_wext_driver_cmd RSSI len = 248
06-26 00:47:47.312   364   364 D wpa_supplicant: wpa_driver_wext_driver_cmd mj rssi -64  len = 12, 12
06-26 00:47:47.312   364   364 D wpa_supplicant: wpa_driver_wext_driver_cmd LINKSPEED len = 248
06-26 00:47:47.312   364   364 D wpa_supplicant: wpa_driver_wext_driver_cmd LinkSpeed 54 len = 12, 12
06-26 00:47:49.550   151   205 I InputReader: Reconfiguring input devices.  changes=0x00000004
06-26 00:47:49.550   151   205 I InputReader: Device reconfigured: id=7, name='mxt224_ts_input', surface size is now 480x800, mode is 1
06-26 00:47:49.586   151   167 I ActivityManager: Config changed: {1.0 310mcc120mnc en_US layoutdir=0 sw320dp w533dp h294dp nrml long land finger -keyb/v/h -nav/h s.275}
06-26 00:47:49.683   151   200 V TransportControlView: Create TCV com.android.internal.widget.TransportControlView@418aed10
06-26 00:47:49.945   398   400 D dalvikvm: GC_CONCURRENT freed 455K, 59% free 10390K/25287K, paused 2ms+4ms
06-26 00:47:49.968   398   398 D dalvikvm: GC_FOR_ALLOC freed 233K, 59% free 10460K/25287K, paused 19ms
06-26 00:47:50.324   364   364 D wpa_supplicant: wpa_driver_wext_driver_cmd RSSI len = 248
06-26 00:47:50.324   364   364 D wpa_supplicant: wpa_driver_wext_driver_cmd mj rssi -70  len = 12, 12
06-26 00:47:50.324   364   364 D wpa_supplicant: wpa_driver_wext_driver_cmd LINKSPEED len = 248
06-26 00:47:50.324   364   364 D wpa_supplicant: wpa_driver_wext_driver_cmd LinkSpeed 54 len = 12, 12
06-26 00:47:50.652 19216 19218 D dalvikvm: GC_CONCURRENT freed 1685K, 13% free 17874K/20359K, paused 2ms+18ms
06-26 00:47:51.004 19216 19216 D dalvikvm: GC_FOR_ALLOC freed 49K, 13% free 17825K/20359K, paused 351ms
06-26 00:47:51.007 19216 19216 I dalvikvm-heap: Grow heap (frag case) to 18.209MB for 768016-byte allocation
06-26 00:47:51.422 19216 19216 D dalvikvm: GC_FOR_ALLOC freed <1K, 13% free 18575K/21127K, paused 337ms
06-26 00:47:51.754   151   153 D dalvikvm: GC_CONCURRENT freed 1916K, 30% free 17077K/24391K, paused 4ms+6ms
06-26 00:47:52.640   151   205 I InputReader: Reconfiguring input devices.  changes=0x00000004
06-26 00:47:52.640   151   205 I InputReader: Device reconfigured: id=7, name='mxt224_ts_input', surface size is now 480x800, mode is 1
06-26 00:47:52.718   151   167 I ActivityManager: Config changed: {1.0 310mcc120mnc en_US layoutdir=0 sw320dp w320dp h508dp nrml long port finger -keyb/v/h -nav/h s.276}
06-26 00:47:52.843   151   200 V TransportControlView: Create TCV com.android.internal.widget.TransportControlView@41359418
06-26 00:47:52.933   398   400 D dalvikvm: GC_CONCURRENT freed 53K, 58% free 10798K/25287K, paused 2ms+4ms
06-26 00:47:53.105   398   400 D dalvikvm: GC_CONCURRENT freed 944K, 59% free 10399K/25287K, paused 9ms+4ms
06-26 00:47:53.328   364   364 D wpa_supplicant: wpa_driver_wext_driver_cmd RSSI len = 248
06-26 00:47:53.336   364   364 D wpa_supplicant: wpa_driver_wext_driver_cmd mj rssi -65  len = 12, 12
06-26 00:47:53.336   364   364 D wpa_supplicant: wpa_driver_wext_driver_cmd LINKSPEED len = 248
06-26 00:47:53.336   364   364 D wpa_supplicant: wpa_driver_wext_driver_cmd LinkSpeed 54 len = 12, 12
06-26 00:47:55.746   151   199 D dalvikvm: GC_EXPLICIT freed 753K, 31% free 17057K/24391K, paused 29ms+7ms
06-26 00:47:55.824   151   199 D dalvikvm: GC_EXPLICIT freed 30K, 31% free 17027K/24391K, paused 3ms+6ms
06-26 00:47:56.340   364   364 D wpa_supplicant: wpa_driver_wext_driver_cmd RSSI len = 248
06-26 00:47:56.351   364   364 D wpa_supplicant: wpa_driver_wext_driver_cmd mj rssi -65  len = 12, 12
06-26 00:47:56.355   364   364 D wpa_supplicant: wpa_driver_wext_driver_cmd LINKSPEED len = 248
06-26 00:47:56.355   364   364 D wpa_supplicant: wpa_driver_wext_driver_cmd LinkSpeed 54 len = 12, 12
06-26 00:47:59.359   364   364 D wpa_supplicant: wpa_driver_wext_driver_cmd RSSI len = 248
06-26 00:47:59.367   364   364 D wpa_supplicant: wpa_driver_wext_driver_cmd mj rssi -60  len = 12, 12
06-26 00:47:59.367   364   364 D wpa_supplicant: wpa_driver_wext_driver_cmd LINKSPEED len = 248
06-26 00:47:59.367   364   364 D wpa_supplicant: wpa_driver_wext_driver_cmd LinkSpeed 54 len = 12, 12
06-26 00:48:02.375   364   364 D wpa_supplicant: wpa_driver_wext_driver_cmd RSSI len = 248
06-26 00:48:02.382   364   364 D wpa_supplicant: wpa_driver_wext_driver_cmd mj rssi -63  len = 12, 12
06-26 00:48:02.382   364   364 D wpa_supplicant: wpa_driver_wext_driver_cmd LINKSPEED len = 248
06-26 00:48:02.382   364   364 D wpa_supplicant: wpa_driver_wext_driver_cmd LinkSpeed 54 len = 12, 12
06-26 00:48:05.390   364   364 D wpa_supplicant: wpa_driver_wext_driver_cmd RSSI len = 248
06-26 00:48:05.398   364   364 D wpa_supplicant: wpa_driver_wext_driver_cmd mj rssi -69  len = 12, 12
06-26 00:48:05.398   364   364 D wpa_supplicant: wpa_driver_wext_driver_cmd LINKSPEED len = 248
06-26 00:48:05.398   364   364 D wpa_supplicant: wpa_driver_wext_driver_cmd LinkSpeed 54 len = 12, 12
06-26 00:48:08.406   364   364 D wpa_supplicant: wpa_driver_wext_driver_cmd RSSI len = 248
06-26 00:48:08.414   364   364 D wpa_supplicant: wpa_driver_wext_driver_cmd mj rssi -63  len = 12, 12
06-26 00:48:08.414   364   364 D wpa_supplicant: wpa_driver_wext_driver_cmd LINKSPEED len = 248
06-26 00:48:08.414   364   364 D wpa_supplicant: wpa_driver_wext_driver_cmd LinkSpeed 54 len = 12, 12
06-26 00:48:11.418   364   364 D wpa_supplicant: wpa_driver_wext_driver_cmd RSSI len = 248
06-26 00:48:11.418   364   364 D wpa_supplicant: wpa_driver_wext_driver_cmd mj rssi -65  len = 12, 12
06-26 00:48:11.418   364   364 D wpa_supplicant: wpa_driver_wext_driver_cmd LINKSPEED len = 248
06-26 00:48:11.422   364   364 D wpa_supplicant: wpa_driver_wext_driver_cmd LinkSpeed 54 len = 12, 12
06-26 00:48:13.425 17261 17274 I PhoneLab-: Service Running
06-26 00:48:13.539 17261 17274 I PhoneLab-LoggerService: app_37    1563  1     1856   1408  c00f181c 400107b4 S logcat
06-26 00:48:13.539 17261 17274 I PhoneLab-LoggerService: Logcat pid from database 1563
06-26 00:48:13.539 17261 17274 I PhoneLab-LoggerService: Logcat process found 1563
06-26 00:48:13.539 17261 17274 I PhoneLab-LoggerService: Checking Threshold
06-26 00:48:13.543 17261 17274 I PhoneLab-LoggerService: Starting to rename files
06-26 00:48:13.543 17261 17274 I PhoneLab-LoggerService: Files found .. 2
06-26 00:48:13.543 17261 17274 I PhoneLab-LoggerService: File 1 log.out.1
06-26 00:48:13.547 17261 17274 I PhoneLab-LoggerService: Renamed successfully
06-26 00:48:13.957   364   364 D wpa_supplicant: RTM_NEWLINK: operstate=1 ifi_flags=0x11043 ([UP][RUNNING][LOWER_UP])
06-26 00:48:13.957   364   364 D wpa_supplicant: RTM_NEWLINK, IFLA_IFNAME: Interface 'wlan0' added
06-26 00:48:13.965   364   364 D wpa_supplicant: Wireless event: cmd=0x8c00 len=20
06-26 00:48:14.425   364   364 D wpa_supplicant: wpa_driver_wext_driver_cmd RSSI len = 248
06-26 00:48:14.437   364   364 D wpa_supplicant: wpa_driver_wext_driver_cmd mj rssi -72  len = 12, 12
06-26 00:48:14.437   364   364 D wpa_supplicant: wpa_driver_wext_driver_cmd LINKSPEED len = 248
06-26 00:48:14.437   364   364 D wpa_supplicant: wpa_driver_wext_driver_cmd LinkSpeed 54 len = 12, 12
06-26 00:48:17.476   364   364 D wpa_supplicant: wpa_driver_wext_driver_cmd RSSI len = 248
06-26 00:48:17.484   364   364 D wpa_supplicant: wpa_driver_wext_driver_cmd mj rssi -75  len = 12, 12
06-26 00:48:17.484   364   364 D wpa_supplicant: wpa_driver_wext_driver_cmd LINKSPEED len = 248
06-26 00:48:17.492   364   364 D wpa_supplicant: wpa_driver_wext_driver_cmd LinkSpeed 54 len = 12, 12
06-26 00:48:19.886   151   205 I InputReader: Reconfiguring input devices.  changes=0x00000004
06-26 00:48:19.886   151   205 I InputReader: Device reconfigured: id=7, name='mxt224_ts_input', surface size is now 480x800, mode is 1
06-26 00:48:19.957   151   167 I ActivityManager: Config changed: {1.0 310mcc120mnc en_US layoutdir=0 sw320dp w533dp h294dp nrml long land finger -keyb/v/h -nav/h s.277}
06-26 00:48:20.047   151   200 V TransportControlView: Create TCV com.android.internal.widget.TransportControlView@41500be0
06-26 00:48:20.300   398   400 D dalvikvm: GC_CONCURRENT freed 435K, 59% free 10378K/25287K, paused 6ms+9ms
06-26 00:48:20.340   398   398 D dalvikvm: GC_FOR_ALLOC freed 221K, 59% free 10460K/25287K, paused 38ms
06-26 00:48:20.500   364   364 D wpa_supplicant: wpa_driver_wext_driver_cmd RSSI len = 248
06-26 00:48:20.500   364   364 D wpa_supplicant: wpa_driver_wext_driver_cmd mj rssi -65  len = 12, 12
06-26 00:48:20.500   364   364 D wpa_supplicant: wpa_driver_wext_driver_cmd LINKSPEED len = 248
06-26 00:48:20.500   364   364 D wpa_supplicant: wpa_driver_wext_driver_cmd LinkSpeed 54 len = 12, 12
06-26 00:48:21.117 19216 19216 D dalvikvm: GC_FOR_ALLOC freed 2516K, 16% free 17883K/21127K, paused 432ms
06-26 00:48:21.453 18123 18125 D dalvikvm: GC_CONCURRENT freed 229K, 4% free 9372K/9735K, paused 283ms+14ms
06-26 00:48:23.504   364   364 D wpa_supplicant: wpa_driver_wext_driver_cmd RSSI len = 248
06-26 00:48:23.504   364   364 D wpa_supplicant: wpa_driver_wext_driver_cmd mj rssi -65  len = 12, 12
06-26 00:48:23.504   364   364 D wpa_supplicant: wpa_driver_wext_driver_cmd LINKSPEED len = 248
06-26 00:48:23.507   364   364 D wpa_supplicant: wpa_driver_wext_driver_cmd LinkSpeed 54 len = 12, 12
06-26 00:48:23.613   151   199 D dalvikvm: GC_EXPLICIT freed 1009K, 31% free 17057K/24391K, paused 14ms+8ms
06-26 00:48:26.511   364   364 D wpa_supplicant: wpa_driver_wext_driver_cmd RSSI len = 248
06-26 00:48:26.519   364   364 D wpa_supplicant: wpa_driver_wext_driver_cmd mj rssi -65  len = 12, 12
06-26 00:48:26.523   364   364 D wpa_supplicant: wpa_driver_wext_driver_cmd LINKSPEED len = 248
06-26 00:48:26.523   364   364 D wpa_supplicant: wpa_driver_wext_driver_cmd LinkSpeed 54 len = 12, 12
06-26 00:48:29.535   364   364 D wpa_supplicant: wpa_driver_wext_driver_cmd RSSI len = 248
06-26 00:48:29.547   364   364 D wpa_supplicant: wpa_driver_wext_driver_cmd mj rssi -63  len = 12, 12
06-26 00:48:29.547   364   364 D wpa_supplicant: wpa_driver_wext_driver_cmd LINKSPEED len = 248
06-26 00:48:29.550   364   364 D wpa_supplicant: wpa_driver_wext_driver_cmd LinkSpeed 54 len = 12, 12
06-26 00:48:32.558   364   364 D wpa_supplicant: wpa_driver_wext_driver_cmd RSSI len = 248
06-26 00:48:32.570   364   364 D wpa_supplicant: wpa_driver_wext_driver_cmd mj rssi -62  len = 12, 12
06-26 00:48:32.570   364   364 D wpa_supplicant: wpa_driver_wext_driver_cmd LINKSPEED len = 248
06-26 00:48:32.574   364   364 D wpa_supplicant: wpa_driver_wext_driver_cmd LinkSpeed 54 len = 12, 12
06-26 00:48:35.582   364   364 D wpa_supplicant: wpa_driver_wext_driver_cmd RSSI len = 248
06-26 00:48:35.593   364   364 D wpa_supplicant: wpa_driver_wext_driver_cmd mj rssi -64  len = 12, 12
06-26 00:48:35.593   364   364 D wpa_supplicant: wpa_driver_wext_driver_cmd LINKSPEED len = 248
06-26 00:48:35.597   364   364 D wpa_supplicant: wpa_driver_wext_driver_cmd LinkSpeed 54 len = 12, 12
06-26 00:48:38.605   364   364 D wpa_supplicant: wpa_driver_wext_driver_cmd RSSI len = 248
06-26 00:48:38.617   364   364 D wpa_supplicant: wpa_driver_wext_driver_cmd mj rssi -62  len = 12, 12
06-26 00:48:38.617   364   364 D wpa_supplicant: wpa_driver_wext_driver_cmd LINKSPEED len = 248
06-26 00:48:38.621   364   364 D wpa_supplicant: wpa_driver_wext_driver_cmd LinkSpeed 54 len = 12, 12
06-26 00:48:41.629   364   364 D wpa_supplicant: wpa_driver_wext_driver_cmd RSSI len = 248
06-26 00:48:41.640   364   364 D wpa_supplicant: wpa_driver_wext_driver_cmd mj rssi -61  len = 12, 12
06-26 00:48:41.640   364   364 D wpa_supplicant: wpa_driver_wext_driver_cmd LINKSPEED len = 248
06-26 00:48:41.644   364   364 D wpa_supplicant: wpa_driver_wext_driver_cmd LinkSpeed 54 len = 12, 12
06-26 00:48:44.648   364   364 D wpa_supplicant: wpa_driver_wext_driver_cmd RSSI len = 248
06-26 00:48:44.652   364   364 D wpa_supplicant: wpa_driver_wext_driver_cmd mj rssi -61  len = 12, 12
06-26 00:48:44.652   364   364 D wpa_supplicant: wpa_driver_wext_driver_cmd LINKSPEED len = 248
06-26 00:48:44.656   364   364 D wpa_supplicant: wpa_driver_wext_driver_cmd LinkSpeed 54 len = 12, 12
06-26 00:48:47.660   364   364 D wpa_supplicant: wpa_driver_wext_driver_cmd RSSI len = 248
06-26 00:48:47.672   364   364 D wpa_supplicant: wpa_driver_wext_driver_cmd mj rssi -62  len = 12, 12
06-26 00:48:47.672   364   364 D wpa_supplicant: wpa_driver_wext_driver_cmd LINKSPEED len = 248
06-26 00:48:47.675   364   364 D wpa_supplicant: wpa_driver_wext_driver_cmd LinkSpeed 54 len = 12, 12
06-26 00:48:50.687   364   364 D wpa_supplicant: wpa_driver_wext_driver_cmd RSSI len = 248
06-26 00:48:50.695   364   364 D wpa_supplicant: wpa_driver_wext_driver_cmd mj rssi -63  len = 12, 12
06-26 00:48:50.695   364   364 D wpa_supplicant: wpa_driver_wext_driver_cmd LINKSPEED len = 248
06-26 00:48:50.699   364   364 D wpa_supplicant: wpa_driver_wext_driver_cmd LinkSpeed 54 len = 12, 12
06-26 00:48:53.707   364   364 D wpa_supplicant: wpa_driver_wext_driver_cmd RSSI len = 248
06-26 00:48:53.715   364   364 D wpa_supplicant: wpa_driver_wext_driver_cmd mj rssi -62  len = 12, 12
06-26 00:48:53.715   364   364 D wpa_supplicant: wpa_driver_wext_driver_cmd LINKSPEED len = 248
06-26 00:48:53.718   364   364 D wpa_supplicant: wpa_driver_wext_driver_cmd LinkSpeed 54 len = 12, 12
06-26 00:48:56.726   364   364 D wpa_supplicant: wpa_driver_wext_driver_cmd RSSI len = 248
06-26 00:48:56.730   364   364 D wpa_supplicant: wpa_driver_wext_driver_cmd mj rssi -63  len = 12, 12
06-26 00:48:56.730   364   364 D wpa_supplicant: wpa_driver_wext_driver_cmd LINKSPEED len = 248
06-26 00:48:56.738   364   364 D wpa_supplicant: wpa_driver_wext_driver_cmd LinkSpeed 54 len = 12, 12
06-26 00:48:59.746   364   364 D wpa_supplicant: wpa_driver_wext_driver_cmd RSSI len = 248
06-26 00:48:59.754   364   364 D wpa_supplicant: wpa_driver_wext_driver_cmd mj rssi -62  len = 12, 12
06-26 00:48:59.754   364   364 D wpa_supplicant: wpa_driver_wext_driver_cmd LINKSPEED len = 248
06-26 00:48:59.757   364   364 D wpa_supplicant: wpa_driver_wext_driver_cmd LinkSpeed 54 len = 12, 12
06-26 00:49:02.765   364   364 D wpa_supplicant: wpa_driver_wext_driver_cmd RSSI len = 248
06-26 00:49:02.773   364   364 D wpa_supplicant: wpa_driver_wext_driver_cmd mj rssi -62  len = 12, 12
06-26 00:49:02.773   364   364 D wpa_supplicant: wpa_driver_wext_driver_cmd LINKSPEED len = 248
06-26 00:49:02.777   364   364 D wpa_supplicant: wpa_driver_wext_driver_cmd LinkSpeed 54 len = 12, 12
06-26 00:49:05.781   364   364 D wpa_supplicant: wpa_driver_wext_driver_cmd RSSI len = 248
06-26 00:49:05.793   364   364 D wpa_supplicant: wpa_driver_wext_driver_cmd mj rssi -60  len = 12, 12
06-26 00:49:05.793   364   364 D wpa_supplicant: wpa_driver_wext_driver_cmd LINKSPEED len = 248
06-26 00:49:05.797   364   364 D wpa_supplicant: wpa_driver_wext_driver_cmd LinkSpeed 54 len = 12, 12
06-26 00:49:08.804   364   364 D wpa_supplicant: wpa_driver_wext_driver_cmd RSSI len = 248
06-26 00:49:08.812   364   364 D wpa_supplicant: wpa_driver_wext_driver_cmd mj rssi -61  len = 12, 12
06-26 00:49:08.812   364   364 D wpa_supplicant: wpa_driver_wext_driver_cmd LINKSPEED len = 248
06-26 00:49:08.816   364   364 D wpa_supplicant: wpa_driver_wext_driver_cmd LinkSpeed 54 len = 12, 12
06-26 00:49:11.824   364   364 D wpa_supplicant: wpa_driver_wext_driver_cmd RSSI len = 248
06-26 00:49:11.832   364   364 D wpa_supplicant: wpa_driver_wext_driver_cmd mj rssi -61  len = 12, 12
06-26 00:49:11.832   364   364 D wpa_supplicant: wpa_driver_wext_driver_cmd LINKSPEED len = 248
06-26 00:49:11.836   364   364 D wpa_supplicant: wpa_driver_wext_driver_cmd LinkSpeed 54 len = 12, 12
06-26 00:49:14.843   364   364 D wpa_supplicant: wpa_driver_wext_driver_cmd RSSI len = 248
06-26 00:49:14.851   364   364 D wpa_supplicant: wpa_driver_wext_driver_cmd mj rssi -62  len = 12, 12
06-26 00:49:14.851   364   364 D wpa_supplicant: wpa_driver_wext_driver_cmd LINKSPEED len = 248
06-26 00:49:14.855   364   364 D wpa_supplicant: wpa_driver_wext_driver_cmd LinkSpeed 54 len = 12, 12
06-26 00:49:17.863   364   364 D wpa_supplicant: wpa_driver_wext_driver_cmd RSSI len = 248
06-26 00:49:17.871   364   364 D wpa_supplicant: wpa_driver_wext_driver_cmd mj rssi -61  len = 12, 12
06-26 00:49:17.871   364   364 D wpa_supplicant: wpa_driver_wext_driver_cmd LINKSPEED len = 248
06-26 00:49:17.875   364   364 D wpa_supplicant: wpa_driver_wext_driver_cmd LinkSpeed 54 len = 12, 12
06-26 00:49:20.879   364   364 D wpa_supplicant: wpa_driver_wext_driver_cmd RSSI len = 248
06-26 00:49:20.886   364   364 D wpa_supplicant: wpa_driver_wext_driver_cmd mj rssi -61  len = 12, 12
06-26 00:49:20.886   364   364 D wpa_supplicant: wpa_driver_wext_driver_cmd LINKSPEED len = 248
06-26 00:49:20.890   364   364 D wpa_supplicant: wpa_driver_wext_driver_cmd LinkSpeed 54 len = 12, 12
06-26 00:49:23.898   364   364 D wpa_supplicant: wpa_driver_wext_driver_cmd RSSI len = 248
06-26 00:49:23.906   364   364 D wpa_supplicant: wpa_driver_wext_driver_cmd mj rssi -62  len = 12, 12
06-26 00:49:23.906   364   364 D wpa_supplicant: wpa_driver_wext_driver_cmd LINKSPEED len = 248
06-26 00:49:23.910   364   364 D wpa_supplicant: wpa_driver_wext_driver_cmd LinkSpeed 54 len = 12, 12
06-26 00:49:26.918   364   364 D wpa_supplicant: wpa_driver_wext_driver_cmd RSSI len = 248
06-26 00:49:26.925   364   364 D wpa_supplicant: wpa_driver_wext_driver_cmd mj rssi -61  len = 12, 12
06-26 00:49:26.925   364   364 D wpa_supplicant: wpa_driver_wext_driver_cmd LINKSPEED len = 248
06-26 00:49:26.929   364   364 D wpa_supplicant: wpa_driver_wext_driver_cmd LinkSpeed 54 len = 12, 12
06-26 00:49:29.933   364   364 D wpa_supplicant: wpa_driver_wext_driver_cmd RSSI len = 248
06-26 00:49:29.941   364   364 D wpa_supplicant: wpa_driver_wext_driver_cmd mj rssi -64  len = 12, 12
06-26 00:49:29.945   364   364 D wpa_supplicant: wpa_driver_wext_driver_cmd LINKSPEED len = 248
06-26 00:49:29.945   364   364 D wpa_supplicant: wpa_driver_wext_driver_cmd LinkSpeed 54 len = 12, 12
06-26 00:49:32.961   364   364 D wpa_supplicant: wpa_driver_wext_driver_cmd RSSI len = 248
06-26 00:49:32.968   364   364 D wpa_supplicant: wpa_driver_wext_driver_cmd mj rssi -63  len = 12, 12
06-26 00:49:32.968   364   364 D wpa_supplicant: wpa_driver_wext_driver_cmd LINKSPEED len = 248
06-26 00:49:32.972   364   364 D wpa_supplicant: wpa_driver_wext_driver_cmd LinkSpeed 54 len = 12, 12
06-26 00:49:35.980   364   364 D wpa_supplicant: wpa_driver_wext_driver_cmd RSSI len = 248
06-26 00:49:35.988   364   364 D wpa_supplicant: wpa_driver_wext_driver_cmd mj rssi -63  len = 12, 12
06-26 00:49:35.988   364   364 D wpa_supplicant: wpa_driver_wext_driver_cmd LINKSPEED len = 248
06-26 00:49:35.992   364   364 D wpa_supplicant: wpa_driver_wext_driver_cmd LinkSpeed 54 len = 12, 12
06-26 00:49:39.000   364   364 D wpa_supplicant: wpa_driver_wext_driver_cmd RSSI len = 248
06-26 00:49:39.011   364   364 D wpa_supplicant: wpa_driver_wext_driver_cmd mj rssi -61  len = 12, 12
06-26 00:49:39.011   364   364 D wpa_supplicant: wpa_driver_wext_driver_cmd LINKSPEED len = 248
06-26 00:49:39.015   364   364 D wpa_supplicant: wpa_driver_wext_driver_cmd LinkSpeed 54 len = 12, 12
06-26 00:49:42.019   364   364 D wpa_supplicant: wpa_driver_wext_driver_cmd RSSI len = 248
06-26 00:49:42.027   364   364 D wpa_supplicant: wpa_driver_wext_driver_cmd mj rssi -62  len = 12, 12
06-26 00:49:42.027   364   364 D wpa_supplicant: wpa_driver_wext_driver_cmd LINKSPEED len = 248
06-26 00:49:42.031   364   364 D wpa_supplicant: wpa_driver_wext_driver_cmd LinkSpeed 54 len = 12, 12
06-26 00:49:45.039   364   364 D wpa_supplicant: wpa_driver_wext_driver_cmd RSSI len = 248
06-26 00:49:45.047   364   364 D wpa_supplicant: wpa_driver_wext_driver_cmd mj rssi -61  len = 12, 12
06-26 00:49:45.047   364   364 D wpa_supplicant: wpa_driver_wext_driver_cmd LINKSPEED len = 248
06-26 00:49:45.050   364   364 D wpa_supplicant: wpa_driver_wext_driver_cmd LinkSpeed 54 len = 12, 12
06-26 00:49:48.054   364   364 D wpa_supplicant: wpa_driver_wext_driver_cmd RSSI len = 248
06-26 00:49:48.062   364   364 D wpa_supplicant: wpa_driver_wext_driver_cmd mj rssi -63  len = 12, 12
06-26 00:49:48.062   364   364 D wpa_supplicant: wpa_driver_wext_driver_cmd LINKSPEED len = 248
06-26 00:49:48.066   364   364 D wpa_supplicant: wpa_driver_wext_driver_cmd LinkSpeed 54 len = 12, 12
06-26 00:49:51.074   364   364 D wpa_supplicant: wpa_driver_wext_driver_cmd RSSI len = 248
06-26 00:49:51.082   364   364 D wpa_supplicant: wpa_driver_wext_driver_cmd mj rssi -64  len = 12, 12
06-26 00:49:51.082   364   364 D wpa_supplicant: wpa_driver_wext_driver_cmd LINKSPEED len = 248
06-26 00:49:51.086   364   364 D wpa_supplicant: wpa_driver_wext_driver_cmd LinkSpeed 54 len = 12, 12
06-26 00:49:54.093   364   364 D wpa_supplicant: wpa_driver_wext_driver_cmd RSSI len = 248
06-26 00:49:54.101   364   364 D wpa_supplicant: wpa_driver_wext_driver_cmd mj rssi -64  len = 12, 12
06-26 00:49:54.101   364   364 D wpa_supplicant: wpa_driver_wext_driver_cmd LINKSPEED len = 248
06-26 00:49:54.105   364   364 D wpa_supplicant: wpa_driver_wext_driver_cmd LinkSpeed 54 len = 12, 12
06-26 00:49:57.113   364   364 D wpa_supplicant: wpa_driver_wext_driver_cmd RSSI len = 248
06-26 00:49:57.121   364   364 D wpa_supplicant: wpa_driver_wext_driver_cmd mj rssi -65  len = 12, 12
06-26 00:49:57.121   364   364 D wpa_supplicant: wpa_driver_wext_driver_cmd LINKSPEED len = 248
06-26 00:49:57.125   364   364 D wpa_supplicant: wpa_driver_wext_driver_cmd LinkSpeed 54 len = 12, 12
06-26 00:50:00.132   364   364 D wpa_supplicant: wpa_driver_wext_driver_cmd RSSI len = 248
06-26 00:50:00.140   364   364 D wpa_supplicant: wpa_driver_wext_driver_cmd mj rssi -62  len = 12, 12
06-26 00:50:00.140   364   364 D wpa_supplicant: wpa_driver_wext_driver_cmd LINKSPEED len = 248
06-26 00:50:00.140   364   364 D wpa_supplicant: wpa_driver_wext_driver_cmd LinkSpeed 54 len = 12, 12
06-26 00:50:00.144   398   400 D dalvikvm: GC_CONCURRENT freed 64K, 58% free 10792K/25287K, paused 2ms+3ms
06-26 00:50:03.144   364   364 D wpa_supplicant: wpa_driver_wext_driver_cmd RSSI len = 248
06-26 00:50:03.152   364   364 D wpa_supplicant: wpa_driver_wext_driver_cmd mj rssi -64  len = 12, 12
06-26 00:50:03.152   364   364 D wpa_supplicant: wpa_driver_wext_driver_cmd LINKSPEED len = 248
06-26 00:50:03.156   364   364 D wpa_supplicant: wpa_driver_wext_driver_cmd LinkSpeed 54 len = 12, 12
06-26 00:50:06.160   364   364 D wpa_supplicant: wpa_driver_wext_driver_cmd RSSI len = 248
06-26 00:50:06.168   364   364 D wpa_supplicant: wpa_driver_wext_driver_cmd mj rssi -62  len = 12, 12
06-26 00:50:06.168   364   364 D wpa_supplicant: wpa_driver_wext_driver_cmd LINKSPEED len = 248
06-26 00:50:06.172   364   364 D wpa_supplicant: wpa_driver_wext_driver_cmd LinkSpeed 54 len = 12, 12
06-26 00:50:06.996 17261 17274 I PhoneLab-: Service Running
06-26 00:50:07.093 17261 17274 I PhoneLab-LoggerService: app_37    1563  1     1856   1408  c00f181c 400107b4 S logcat
06-26 00:50:07.093 17261 17274 I PhoneLab-LoggerService: Logcat pid from database 1563
06-26 00:50:07.093 17261 17274 I PhoneLab-LoggerService: Logcat process found 1563
06-26 00:50:07.093 17261 17274 I PhoneLab-LoggerService: Checking Threshold
06-26 00:50:07.093 17261 17274 I PhoneLab-LoggerService: Starting to rename files
06-26 00:50:07.097 17261 17274 I PhoneLab-LoggerService: Files found .. 2
06-26 00:50:09.179   364   364 D wpa_supplicant: wpa_driver_wext_driver_cmd RSSI len = 248
06-26 00:50:09.187   364   364 D wpa_supplicant: wpa_driver_wext_driver_cmd mj rssi -62  len = 12, 12
06-26 00:50:09.187   364   364 D wpa_supplicant: wpa_driver_wext_driver_cmd LINKSPEED len = 248
06-26 00:50:09.191   364   364 D wpa_supplicant: wpa_driver_wext_driver_cmd LinkSpeed 54 len = 12, 12
06-26 00:50:12.207   364   364 D wpa_supplicant: wpa_driver_wext_driver_cmd RSSI len = 248
06-26 00:50:12.215   364   364 D wpa_supplicant: wpa_driver_wext_driver_cmd mj rssi -61  len = 12, 12
06-26 00:50:12.215   364   364 D wpa_supplicant: wpa_driver_wext_driver_cmd LINKSPEED len = 248
06-26 00:50:12.218   364   364 D wpa_supplicant: wpa_driver_wext_driver_cmd LinkSpeed 54 len = 12, 12
06-26 00:50:13.230   151   196 I power   : *** set_screen_state 0
06-26 00:50:13.289    78   118 D SurfaceFlinger: About to give-up screen, flinger = 0x17fe918
06-26 00:50:13.386   151   200 V TransportControlView: Create TCV com.android.internal.widget.TransportControlView@41650b48
06-26 00:50:28.015   398   400 D dalvikvm: GC_CONCURRENT freed 644K, 58% free 10702K/25287K, paused 2ms+11ms
06-26 00:52:58.015 18123 18162 I Email   : ReconcilePopImapAccountsSync: start
06-26 00:52:58.023 18123 18159 I Email   : ReconcilePopImapAccountsSync: already running
06-26 00:52:58.046 18123 18162 I Email   : ReconcilePopImapAccountsSync: done
06-26 00:53:10.445   151   585 I ActivityManager: START {flg=0x10040000 cmp=com.whatsapp/.PopupNotificationLocked} from pid 17872
06-26 00:53:10.574    81   121 D AudioHardware: AudioHardware pcm playback is exiting standby.
06-26 00:53:10.574    81   121 D AudioHardware: openPcmOut_l() mPcmOpenCnt: 0
06-26 00:53:10.671 17872 17875 D dalvikvm: GC_CONCURRENT freed 932K, 10% free 11825K/12999K, paused 6ms+21ms
06-26 00:53:10.949   151   167 I Process : Sending signal. PID: 17872 SIG: 3
06-26 00:53:10.949 17872 17877 I dalvikvm: threadid=3: reacting to signal 3
06-26 00:53:10.976 17872 17877 I dalvikvm: Wrote stack traces to '/data/anr/traces.txt'
06-26 00:53:11.425   151   499 I power   : *** set_screen_state 1
06-26 00:53:11.441   151   200 W WindowManager: Aborted waiting for drawn: Window{414dc210 Keyguard paused=false}
06-26 00:53:11.441   151   200 I WindowManager: Lock screen displayed!
06-26 00:53:11.457   364   364 D wpa_supplicant: wpa_driver_wext_driver_cmd RSSI len = 248
06-26 00:53:11.468   364   364 D wpa_supplicant: wpa_driver_wext_driver_cmd mj rssi -64  len = 12, 12
06-26 00:53:11.468   364   364 D wpa_supplicant: wpa_driver_wext_driver_cmd LINKSPEED len = 248
06-26 00:53:11.468   364   364 D wpa_supplicant: wpa_driver_wext_driver_cmd LinkSpeed 54 len = 12, 12
06-26 00:53:11.472   364   364 D wpa_supplicant: wpa_driver_wext_driver_cmd SETSUSPENDOPT 0 len = 4096
06-26 00:53:11.472   364   364 D wpa_supplicant: wpa_driver_wext_driver_cmd SETSUSPENDOPT 0 len = 0, 15
06-26 00:53:11.472   364   364 D wpa_supplicant: wpa_driver_wext_driver_cmd POWERMODE 0 len = 4096
06-26 00:53:11.476   364   364 D wpa_supplicant: wpa_driver_wext_driver_cmd OK len = 0, 2
06-26 00:53:11.617    78   118 D SurfaceFlinger: Screen about to return, flinger = 0x17fe918
06-26 00:53:11.746   398   398 D dalvikvm: GC_FOR_ALLOC freed 597K, 59% free 10507K/25287K, paused 42ms
06-26 00:53:11.824   398   400 D dalvikvm: GC_CONCURRENT freed 338K, 58% free 10662K/25287K, paused 2ms+3ms
06-26 00:53:11.988   398   398 D dalvikvm: GC_FOR_ALLOC freed 478K, 59% free 10467K/25287K, paused 42ms
06-26 00:53:13.312   151  3109 I ActivityManager: START {flg=0x10040000 cmp=com.whatsapp/.PopupNotificationLocked} from pid 17872
06-26 00:53:13.472   398   398 D dalvikvm: GC_FOR_ALLOC freed 23K, 58% free 10808K/25287K, paused 38ms
06-26 00:53:13.535   398   398 D dalvikvm: GC_FOR_ALLOC freed 311K, 58% free 10797K/25287K, paused 56ms
06-26 00:53:13.742   398   398 D dalvikvm: GC_FOR_ALLOC freed 629K, 59% free 10593K/25287K, paused 40ms
06-26 00:53:13.789 17872 17872 D dalvikvm: GC_FOR_ALLOC freed 336K, 10% free 11823K/12999K, paused 69ms
06-26 00:53:14.472   364   364 D wpa_supplicant: wpa_driver_wext_driver_cmd RSSI len = 248
06-26 00:53:14.480   364   364 D wpa_supplicant: wpa_driver_wext_driver_cmd mj rssi -64  len = 12, 12
06-26 00:53:14.480   364   364 D wpa_supplicant: wpa_driver_wext_driver_cmd LINKSPEED len = 248
06-26 00:53:14.484   364   364 D wpa_supplicant: wpa_driver_wext_driver_cmd LinkSpeed 54 len = 12, 12
06-26 00:53:17.488   364   364 D wpa_supplicant: wpa_driver_wext_driver_cmd RSSI len = 248
06-26 00:53:17.500   364   364 D wpa_supplicant: wpa_driver_wext_driver_cmd mj rssi -64  len = 12, 12
06-26 00:53:17.500   364   364 D wpa_supplicant: wpa_driver_wext_driver_cmd LINKSPEED len = 248
06-26 00:53:17.504   364   364 D wpa_supplicant: wpa_driver_wext_driver_cmd LinkSpeed 54 len = 12, 12
06-26 00:53:18.054    81   121 D AudioHardware: AudioHardware pcm playback is going to standby.
06-26 00:53:18.054    81   121 D AudioHardware: closePcmOut_l() mPcmOpenCnt: 1
06-26 00:53:19.711   151   196 I power   : *** set_screen_state 0
06-26 00:53:19.765    78   118 D SurfaceFlinger: About to give-up screen, flinger = 0x17fe918
06-26 00:53:19.828   151   200 V TransportControlView: Create TCV com.android.internal.widget.TransportControlView@41868a30
06-26 00:53:19.886   398   398 D dalvikvm: GC_FOR_ALLOC freed 445K, 59% free 10461K/25287K, paused 38ms
06-26 00:53:19.929   398   398 D dalvikvm: GC_FOR_ALLOC freed 300K, 59% free 10457K/25287K, paused 16ms
06-26 00:54:58.054   398   400 D dalvikvm: GC_CONCURRENT freed 374K, 59% free 10574K/25287K, paused 1ms+5ms
06-26 00:55:32.007   151   200 I power   : *** set_screen_state 1
06-26 00:55:32.054   151   200 W WindowManager: Aborted waiting for drawn: Window{414dc210 Keyguard paused=false}
06-26 00:55:32.054   151   200 I WindowManager: Lock screen displayed!
06-26 00:55:32.191   151   153 D dalvikvm: GC_CONCURRENT freed 1858K, 30% free 17090K/24391K, paused 7ms+8ms
06-26 00:55:32.238    78   118 D SurfaceFlinger: Screen about to return, flinger = 0x17fe918
06-26 00:55:32.265   364   364 D wpa_supplicant: wpa_driver_wext_driver_cmd RSSI len = 248
06-26 00:55:32.281   364   364 D wpa_supplicant: wpa_driver_wext_driver_cmd mj rssi -64  len = 12, 12
06-26 00:55:32.285   364   364 D wpa_supplicant: wpa_driver_wext_driver_cmd LINKSPEED len = 248
06-26 00:55:32.285   364   364 D wpa_supplicant: wpa_driver_wext_driver_cmd LinkSpeed 54 len = 12, 12
06-26 00:55:32.285   364   364 D wpa_supplicant: wpa_driver_wext_driver_cmd SETSUSPENDOPT 0 len = 4096
06-26 00:55:32.285   364   364 D wpa_supplicant: wpa_driver_wext_driver_cmd SETSUSPENDOPT 0 len = 0, 15
06-26 00:55:32.285   364   364 D wpa_supplicant: wpa_driver_wext_driver_cmd POWERMODE 0 len = 4096
06-26 00:55:32.285   364   364 D wpa_supplicant: wpa_driver_wext_driver_cmd OK len = 0, 2
06-26 00:55:32.429   398   400 D dalvikvm: GC_CONCURRENT freed 174K, 58% free 10791K/25287K, paused 2ms+4ms
06-26 00:55:32.476   398   398 D dalvikvm: GC_FOR_ALLOC freed 779K, 59% free 10467K/25287K, paused 18ms
06-26 00:55:32.593   398   400 D dalvikvm: GC_CONCURRENT freed 294K, 59% free 10586K/25287K, paused 2ms+11ms
06-26 00:55:32.949   151   205 I InputReader: Reconfiguring input devices.  changes=0x00000004
06-26 00:55:32.949   151   205 I InputReader: Device reconfigured: id=7, name='mxt224_ts_input', surface size is now 480x800, mode is 1
06-26 00:55:32.984   151   167 I ActivityManager: Config changed: {1.0 310mcc120mnc en_US layoutdir=0 sw320dp w320dp h508dp nrml long port finger -keyb/v/h -nav/h s.278}
06-26 00:55:33.125   151   200 D android.widget.GridLayout: horizontal constraints: x1 - x0 > 277, x2 - x1 > 96, x3 - x2 > 300, x3 - x0 < 480 are inconsistent; permanently removing: x3 - x0 < 480. 
06-26 00:55:33.218   151   200 V TransportControlView: Create TCV com.android.internal.widget.TransportControlView@414b9648
06-26 00:55:33.355   398   398 D dalvikvm: GC_FOR_ALLOC freed 458K, 59% free 10482K/25287K, paused 23ms
06-26 00:55:33.461   398   398 D dalvikvm: GC_FOR_ALLOC freed 625K, 60% free 10220K/25287K, paused 94ms
06-26 00:55:35.289   364   364 D wpa_supplicant: wpa_driver_wext_driver_cmd RSSI len = 248
06-26 00:55:35.300   364   364 D wpa_supplicant: wpa_driver_wext_driver_cmd mj rssi -70  len = 12, 12
06-26 00:55:35.300   364   364 D wpa_supplicant: wpa_driver_wext_driver_cmd LINKSPEED len = 248
06-26 00:55:35.300   364   364 D wpa_supplicant: wpa_driver_wext_driver_cmd LinkSpeed 54 len = 12, 12
06-26 00:55:35.875   151   199 D dalvikvm: GC_EXPLICIT freed 1060K, 31% free 17054K/24391K, paused 11ms+7ms
06-26 00:55:38.304   364   364 D wpa_supplicant: wpa_driver_wext_driver_cmd RSSI len = 248
06-26 00:55:38.312   364   364 D wpa_supplicant: wpa_driver_wext_driver_cmd mj rssi -57  len = 12, 12
06-26 00:55:38.312   364   364 D wpa_supplicant: wpa_driver_wext_driver_cmd LINKSPEED len = 248
06-26 00:55:38.312   364   364 D wpa_supplicant: wpa_driver_wext_driver_cmd LinkSpeed 54 len = 12, 12
06-26 00:55:40.800 19216 19218 D dalvikvm: GC_CONCURRENT freed 3257K, 22% free 16550K/21127K, paused 2ms+5ms
06-26 00:55:41.320   364   364 D wpa_supplicant: wpa_driver_wext_driver_cmd RSSI len = 248
06-26 00:55:41.328   364   364 D wpa_supplicant: wpa_driver_wext_driver_cmd mj rssi -56  len = 12, 12
06-26 00:55:41.328   364   364 D wpa_supplicant: wpa_driver_wext_driver_cmd LINKSPEED len = 248
