06-21 19:54:06.039 14408 14410 D dalvikvm: GC_CONCURRENT freed 858K, 22% free 24636K/31367K, paused 2ms+4ms
06-21 19:54:06.172 14408 14838 D skia    : WARNING: One-shot allocator has already allocated (alloc count = 1)
06-21 19:54:06.234 14408 14838 D skia    : WARNING: One-shot allocator has already allocated (alloc count = 1)
06-21 19:54:06.273 14408 14838 D skia    : WARNING: One-shot allocator has already allocated (alloc count = 1)
06-21 19:54:06.308 14408 14838 D dalvikvm: GC_FOR_ALLOC freed 2636K, 24% free 23889K/31367K, paused 31ms
06-21 19:54:06.367 14408 14838 D skia    : WARNING: One-shot allocator has already allocated (alloc count = 1)
06-21 19:54:06.390 14408 14838 D skia    : WARNING: One-shot allocator has already allocated (alloc count = 1)
06-21 19:54:06.433 14408 14410 D dalvikvm: GC_CONCURRENT freed 1468K, 23% free 24357K/31367K, paused 3ms+4ms
06-21 19:54:06.449 14408 14838 D skia    : WARNING: One-shot allocator has already allocated (alloc count = 1)
06-21 19:54:06.468 14408 14838 D skia    : WARNING: One-shot allocator has already allocated (alloc count = 1)
06-21 19:54:06.484 14408 14838 D skia    : WARNING: One-shot allocator has already allocated (alloc count = 1)
06-21 19:54:06.511 14408 14838 D dalvikvm: GC_FOR_ALLOC freed 2312K, 25% free 23835K/31367K, paused 21ms
06-21 19:54:06.523 14408 14838 D skia    : WARNING: One-shot allocator has already allocated (alloc count = 1)
06-21 19:54:06.535 14408 14838 D skia    : WARNING: One-shot allocator has already allocated (alloc count = 1)
06-21 19:54:06.558 14408 14838 D dalvikvm: GC_FOR_ALLOC freed 1556K, 25% free 23835K/31367K, paused 21ms
06-21 19:54:06.570 14408 14838 D skia    : WARNING: One-shot allocator has already allocated (alloc count = 1)
06-21 19:54:06.586 14408 14838 D skia    : WARNING: One-shot allocator has already allocated (alloc count = 1)
06-21 19:54:06.629 14408 14410 D dalvikvm: GC_CONCURRENT freed 1548K, 23% free 24218K/31367K, paused 2ms+4ms
06-21 19:54:06.652 14408 14838 D skia    : WARNING: One-shot allocator has already allocated (alloc count = 1)
06-21 19:54:06.664 14408 14838 D skia    : WARNING: One-shot allocator has already allocated (alloc count = 1)
06-21 19:54:06.679 14408 14838 D skia    : WARNING: One-shot allocator has already allocated (alloc count = 1)
06-21 19:54:06.703 14408 14838 D dalvikvm: GC_FOR_ALLOC freed 2067K, 25% free 23836K/31367K, paused 22ms
06-21 19:54:06.715 14408 14838 D skia    : WARNING: One-shot allocator has already allocated (alloc count = 1)
06-21 19:54:06.738 14408 14838 D skia    : WARNING: One-shot allocator has already allocated (alloc count = 1)
06-21 19:54:06.781 14408 14410 D dalvikvm: GC_CONCURRENT freed 1416K, 23% free 24361K/31367K, paused 2ms+4ms
06-21 19:54:06.797 14408 14838 D skia    : WARNING: One-shot allocator has already allocated (alloc count = 1)
06-21 19:54:06.812 14408 14838 D skia    : WARNING: One-shot allocator has already allocated (alloc count = 1)
06-21 19:54:06.836 14408 14838 D skia    : WARNING: One-shot allocator has already allocated (alloc count = 1)
06-21 19:54:06.851 14408 14838 D skia    : WARNING: One-shot allocator has already allocated (alloc count = 1)
06-21 19:54:06.871 14408 14838 D dalvikvm: GC_FOR_ALLOC freed 1824K, 23% free 24349K/31367K, paused 21ms
06-21 19:54:06.886 14408 14838 D skia    : WARNING: One-shot allocator has already allocated (alloc count = 1)
06-21 19:54:06.906 14408 14838 D skia    : WARNING: One-shot allocator has already allocated (alloc count = 1)
06-21 19:54:06.953 14408 14410 D dalvikvm: GC_CONCURRENT freed 2203K, 24% free 24129K/31367K, paused 2ms+6ms
06-21 19:54:06.980 14408 14838 D skia    : WARNING: One-shot allocator has already allocated (alloc count = 1)
06-21 19:54:06.996 14408 14838 D skia    : WARNING: One-shot allocator has already allocated (alloc count = 1)
06-21 19:54:07.011 14408 14838 D skia    : WARNING: One-shot allocator has already allocated (alloc count = 1)
06-21 19:54:07.058 14408 14410 D dalvikvm: GC_CONCURRENT freed 1527K, 22% free 24610K/31367K, paused 2ms+4ms
06-21 19:54:07.101 14408 14838 D skia    : WARNING: One-shot allocator has already allocated (alloc count = 1)
06-21 19:54:07.195 14408 14838 D skia    : WARNING: One-shot allocator has already allocated (alloc count = 1)
06-21 19:54:07.226 14408 14838 D dalvikvm: GC_FOR_ALLOC freed 2359K, 24% free 23897K/31367K, paused 30ms
06-21 19:54:07.246 14408 14838 D skia    : WARNING: One-shot allocator has already allocated (alloc count = 1)
06-21 19:54:07.277 14408 14838 D skia    : WARNING: One-shot allocator has already allocated (alloc count = 1)
06-21 19:54:07.312 14408 14838 D dalvikvm: GC_FOR_ALLOC freed 1665K, 24% free 23887K/31367K, paused 30ms
06-21 19:54:07.328 14408 14838 D skia    : WARNING: One-shot allocator has already allocated (alloc count = 1)
06-21 19:54:07.347 14408 14838 D skia    : WARNING: One-shot allocator has already allocated (alloc count = 1)
06-21 19:54:07.394 14408 14410 D dalvikvm: GC_CONCURRENT freed 1553K, 23% free 24272K/31367K, paused 2ms+9ms
06-21 19:54:07.433 14408 14838 D skia    : WARNING: One-shot allocator has already allocated (alloc count = 1)
06-21 19:54:07.449 14408 14838 D skia    : WARNING: One-shot allocator has already allocated (alloc count = 1)
06-21 19:54:07.468 14408 14838 D skia    : WARNING: One-shot allocator has already allocated (alloc count = 1)
06-21 19:54:07.496 14408 14838 D dalvikvm: GC_FOR_ALLOC freed 2178K, 24% free 23887K/31367K, paused 22ms
06-21 19:54:07.519 14408 14838 D skia    : WARNING: One-shot allocator has already allocated (alloc count = 1)
06-21 19:54:07.535 14408 14838 D skia    : WARNING: One-shot allocator has already allocated (alloc count = 1)
06-21 19:54:07.574 14408 14410 D dalvikvm: GC_CONCURRENT freed 1407K, 23% free 24409K/31367K, paused 2ms+4ms
06-21 19:54:07.593 14408 14838 D skia    : WARNING: One-shot allocator has already allocated (alloc count = 1)
06-21 19:54:07.613 14408 14838 D skia    : WARNING: One-shot allocator has already allocated (alloc count = 1)
06-21 19:54:07.621 14408 14838 D skia    : WARNING: One-shot allocator has already allocated (alloc count = 1)
06-21 19:54:07.636 14408 14838 D skia    : WARNING: One-shot allocator has already allocated (alloc count = 1)
06-21 19:54:07.660 14408 14838 D dalvikvm: GC_FOR_ALLOC freed 1898K, 23% free 24409K/31367K, paused 24ms
06-21 19:54:07.664 14250 14263 I PhoneLab-: Service Running
06-21 19:54:07.695 14408 14838 D skia    : WARNING: One-shot allocator has already allocated (alloc count = 1)
06-21 19:54:07.722 14250 14263 I PhoneLab-LoggerService: app_37    1563  1     1856   1416  c00f181c 400107b4 S logcat
06-21 19:54:07.726 14250 14263 I PhoneLab-LoggerService: Logcat pid from database 1563
06-21 19:54:07.726 14250 14263 I PhoneLab-LoggerService: Logcat process found 1563
06-21 19:54:07.726 14250 14263 I PhoneLab-LoggerService: Checking Threshold
06-21 19:54:07.734 14408 14838 D skia    : WARNING: One-shot allocator has already allocated (alloc count = 1)
06-21 19:54:07.757 14408 14838 D dalvikvm: GC_FOR_ALLOC freed 2335K, 24% free 23887K/31367K, paused 22ms
06-21 19:54:07.769 14408 14838 D skia    : WARNING: One-shot allocator has already allocated (alloc count = 1)
06-21 19:54:07.785 14408 14838 D skia    : WARNING: One-shot allocator has already allocated (alloc count = 1)
06-21 19:54:07.820 14408 14838 D skia    : WARNING: One-shot allocator has already allocated (alloc count = 1)
06-21 19:54:07.843 14408 14838 D dalvikvm: GC_FOR_ALLOC freed 1532K, 23% free 24269K/31367K, paused 22ms
06-21 19:54:07.859 14408 14838 D skia    : WARNING: One-shot allocator has already allocated (alloc count = 1)
06-21 19:54:07.875 14408 14838 D skia    : WARNING: One-shot allocator has already allocated (alloc count = 1)
06-21 19:54:07.922 14408 14410 D dalvikvm: GC_CONCURRENT freed 1672K, 22% free 24645K/31367K, paused 2ms+4ms
06-21 19:54:07.961 14408 14846 V MenuExecutor: Execute cmd: 2131427394 for /local/image/item/1573
06-21 19:54:07.968 14392 14648 D MediaProvider: object removed 1573
06-21 19:54:08.035 14408 14838 D skia    : WARNING: One-shot allocator has already allocated (alloc count = 1)
06-21 19:54:08.136 14408 14846 V MenuExecutor: It takes 116 ms to execute cmd for /local/image/item/1573
06-21 19:54:08.261 14408 14410 D dalvikvm: GC_CONCURRENT freed 1645K, 21% free 24942K/31367K, paused 5ms+6ms
06-21 19:54:08.300 14408 14838 D skia    : WARNING: One-shot allocator has already allocated (alloc count = 1)
06-21 19:54:08.496   364   364 D wpa_supplicant: wpa_driver_wext_driver_cmd RSSI len = 248
06-21 19:54:08.550   151   163 W InputManagerService: Window already focused, ignoring focus gain of: com.android.internal.view.IInputMethodClient$Stub$Proxy@415113b8
06-21 19:54:08.558   364   364 D wpa_supplicant: wpa_driver_wext_driver_cmd mj rssi -80  len = 12, 12
06-21 19:54:08.558   364   364 D wpa_supplicant: wpa_driver_wext_driver_cmd LINKSPEED len = 248
06-21 19:54:08.558   364   364 D wpa_supplicant: wpa_driver_wext_driver_cmd LinkSpeed 1 len = 11, 11
06-21 19:54:08.593 14408 14410 D dalvikvm: GC_CONCURRENT freed 6723K, 36% free 20276K/31367K, paused 2ms+4ms
06-21 19:54:08.660 14408 14838 D skia    : WARNING: One-shot allocator has already allocated (alloc count = 1)
06-21 19:54:08.715 14408 14410 D dalvikvm: GC_CONCURRENT freed 2207K, 37% free 20065K/31367K, paused 2ms+4ms
06-21 19:54:08.754 14408 14838 D skia    : WARNING: One-shot allocator has already allocated (alloc count = 1)
06-21 19:54:08.781 14408 14838 D skia    : WARNING: One-shot allocator has already allocated (alloc count = 1)
06-21 19:54:08.863 14408 14410 D dalvikvm: GC_CONCURRENT freed 1304K, 35% free 20685K/31367K, paused 2ms+3ms
06-21 19:54:08.890 14408 14838 D skia    : WARNING: One-shot allocator has already allocated (alloc count = 1)
06-21 19:54:08.933 14408 14838 D skia    : WARNING: One-shot allocator has already allocated (alloc count = 1)
06-21 19:54:08.965 14408 14838 D dalvikvm: GC_FOR_ALLOC freed 1482K, 33% free 21080K/31367K, paused 22ms
06-21 19:54:09.148 14408 14838 D skia    : WARNING: One-shot allocator has already allocated (alloc count = 1)
06-21 19:54:09.191 14408 14838 D dalvikvm: GC_FOR_ALLOC freed 794K, 30% free 22017K/31367K, paused 30ms
06-21 19:54:09.238 14408 14838 D skia    : WARNING: One-shot allocator has already allocated (alloc count = 1)
06-21 19:54:09.300 14408 14410 D dalvikvm: GC_CONCURRENT freed 850K, 27% free 23139K/31367K, paused 2ms+3ms
06-21 19:54:09.332 14408 14838 D skia    : WARNING: One-shot allocator has already allocated (alloc count = 1)
06-21 19:54:09.390 14408 14838 D skia    : WARNING: One-shot allocator has already allocated (alloc count = 1)
06-21 19:54:09.437 14408 14410 D dalvikvm: GC_CONCURRENT freed 1208K, 24% free 23978K/31367K, paused 2ms+4ms
06-21 19:54:09.465 14408 14838 D skia    : WARNING: One-shot allocator has already allocated (alloc count = 1)
06-21 19:54:09.476 14408 14838 D skia    : WARNING: One-shot allocator has already allocated (alloc count = 1)
06-21 19:54:09.500 14408 14838 D dalvikvm: GC_FOR_ALLOC freed 2015K, 25% free 23673K/31367K, paused 21ms
06-21 19:54:09.511 14408 14838 D skia    : WARNING: One-shot allocator has already allocated (alloc count = 1)
06-21 19:54:09.527 14408 14838 D skia    : WARNING: One-shot allocator has already allocated (alloc count = 1)
06-21 19:54:09.547 14408 14838 D dalvikvm: GC_FOR_ALLOC freed 1552K, 25% free 23673K/31367K, paused 20ms
06-21 19:54:09.562 14408 14838 D skia    : WARNING: One-shot allocator has already allocated (alloc count = 1)
06-21 19:54:09.582 14408 14838 D skia    : WARNING: One-shot allocator has already allocated (alloc count = 1)
06-21 19:54:09.593 14408 14838 D skia    : WARNING: One-shot allocator has already allocated (alloc count = 1)
06-21 19:54:09.613 14408 14838 D dalvikvm: GC_FOR_ALLOC freed 1799K, 25% free 23684K/31367K, paused 20ms
06-21 19:54:09.625 14408 14838 D skia    : WARNING: One-shot allocator has already allocated (alloc count = 1)
06-21 19:54:09.640 14408 14838 D skia    : WARNING: One-shot allocator has already allocated (alloc count = 1)
06-21 19:54:09.664 14408 14838 D dalvikvm: GC_FOR_ALLOC freed 1820K, 25% free 23673K/31367K, paused 20ms
06-21 19:54:09.687 14408 14838 D skia    : WARNING: One-shot allocator has already allocated (alloc count = 1)
06-21 19:54:09.699 14408 14838 D skia    : WARNING: One-shot allocator has already allocated (alloc count = 1)
06-21 19:54:09.707 14408 14838 D skia    : WARNING: One-shot allocator has already allocated (alloc count = 1)
06-21 19:54:09.734 14408 14838 D dalvikvm: GC_FOR_ALLOC freed 1821K, 25% free 23673K/31367K, paused 22ms
06-21 19:54:09.754 14408 14838 D skia    : WARNING: One-shot allocator has already allocated (alloc count = 1)
06-21 19:54:09.769 14408 14838 D skia    : WARNING: One-shot allocator has already allocated (alloc count = 1)
06-21 19:54:09.808 14408 14410 D dalvikvm: GC_CONCURRENT freed 1415K, 23% free 24195K/31367K, paused 2ms+4ms
06-21 19:54:09.828 14408 14838 D skia    : WARNING: One-shot allocator has already allocated (alloc count = 1)
06-21 19:54:09.843 14408 14838 D skia    : WARNING: One-shot allocator has already allocated (alloc count = 1)
06-21 19:54:09.871 14408 14838 D skia    : WARNING: One-shot allocator has already allocated (alloc count = 1)
06-21 19:54:09.894 14408 14838 D dalvikvm: GC_FOR_ALLOC freed 2182K, 25% free 23673K/31367K, paused 20ms
06-21 19:54:09.906 14408 14838 D skia    : WARNING: One-shot allocator has already allocated (alloc count = 1)
06-21 19:54:09.922 14408 14838 D skia    : WARNING: One-shot allocator has already allocated (alloc count = 1)
06-21 19:54:09.945 14408 14838 D dalvikvm: GC_FOR_ALLOC freed 1552K, 25% free 23673K/31367K, paused 20ms
06-21 19:54:09.957 14408 14838 D skia    : WARNING: One-shot allocator has already allocated (alloc count = 1)
06-21 19:54:09.968 14408 14838 D skia    : WARNING: One-shot allocator has already allocated (alloc count = 1)
06-21 19:54:09.992 14408 14838 D dalvikvm: GC_FOR_ALLOC freed 1552K, 25% free 23673K/31367K, paused 20ms
06-21 19:54:10.047 14408 14838 D skia    : WARNING: One-shot allocator has already allocated (alloc count = 1)
06-21 19:54:10.136   151   588 D dalvikvm: GC_EXPLICIT freed 1282K, 29% free 15274K/21447K, paused 7ms+9ms
06-21 19:54:10.246 14408 14838 D skia    : WARNING: One-shot allocator has already allocated (alloc count = 1)
06-21 19:54:10.277 14408 14838 D dalvikvm: GC_FOR_ALLOC freed 1691K, 25% free 23731K/31367K, paused 27ms
06-21 19:54:10.297 14408 14838 D skia    : WARNING: One-shot allocator has already allocated (alloc count = 1)
06-21 19:54:10.316 14408 14838 D skia    : WARNING: One-shot allocator has already allocated (alloc count = 1)
06-21 19:54:10.363 14408 14410 D dalvikvm: GC_CONCURRENT freed 1561K, 24% free 24108K/31367K, paused 6ms+3ms
06-21 19:54:10.406 14408 14838 D skia    : WARNING: One-shot allocator has already allocated (alloc count = 1)
06-21 19:54:10.425 14408 14838 D skia    : WARNING: One-shot allocator has already allocated (alloc count = 1)
06-21 19:54:10.449 14408 14838 D skia    : WARNING: One-shot allocator has already allocated (alloc count = 1)
06-21 19:54:10.480 14408 14838 D dalvikvm: GC_FOR_ALLOC freed 2178K, 25% free 23723K/31367K, paused 25ms
06-21 19:54:10.507 14408 14838 D skia    : WARNING: One-shot allocator has already allocated (alloc count = 1)
06-21 19:54:10.519 14408 14838 D skia    : WARNING: One-shot allocator has already allocated (alloc count = 1)
06-21 19:54:10.558 14408 14410 D dalvikvm: GC_CONCURRENT freed 1407K, 23% free 24245K/31367K, paused 2ms+3ms
06-21 19:54:10.578 14408 14838 D skia    : WARNING: One-shot allocator has already allocated (alloc count = 1)
06-21 19:54:10.597 14408 14838 D skia    : WARNING: One-shot allocator has already allocated (alloc count = 1)
06-21 19:54:10.605 14408 14838 D skia    : WARNING: One-shot allocator has already allocated (alloc count = 1)
06-21 19:54:10.621 14408 14838 D skia    : WARNING: One-shot allocator has already allocated (alloc count = 1)
06-21 19:54:10.640 14408 14838 D dalvikvm: GC_FOR_ALLOC freed 1898K, 23% free 24245K/31367K, paused 20ms
06-21 19:54:10.656 14408 14838 D skia    : WARNING: One-shot allocator has already allocated (alloc count = 1)
06-21 19:54:10.672 14408 14838 D skia    : WARNING: One-shot allocator has already allocated (alloc count = 1)
06-21 19:54:10.695 14408 14838 D dalvikvm: GC_FOR_ALLOC freed 2335K, 25% free 23723K/31367K, paused 20ms
06-21 19:54:10.707 14408 14838 D skia    : WARNING: One-shot allocator has already allocated (alloc count = 1)
06-21 19:54:10.722 14408 14838 D skia    : WARNING: One-shot allocator has already allocated (alloc count = 1)
06-21 19:54:10.750 14408 14838 D skia    : WARNING: One-shot allocator has already allocated (alloc count = 1)
06-21 19:54:10.769 14408 14838 D dalvikvm: GC_FOR_ALLOC freed 1532K, 24% free 24105K/31367K, paused 21ms
06-21 19:54:10.793 14408 14838 D skia    : WARNING: One-shot allocator has already allocated (alloc count = 1)
06-21 19:54:10.808 14408 14838 D skia    : WARNING: One-shot allocator has already allocated (alloc count = 1)
06-21 19:54:10.843 14408 14410 D dalvikvm: GC_CONCURRENT freed 1672K, 22% free 24481K/31367K, paused 2ms+4ms
06-21 19:54:10.871 14408 14838 D skia    : WARNING: One-shot allocator has already allocated (alloc count = 1)
06-21 19:54:10.910 14408 14838 D skia    : WARNING: One-shot allocator has already allocated (alloc count = 1)
06-21 19:54:10.922 14408 14798 V MenuExecutor: Execute cmd: 2131427394 for /local/image/item/1572
06-21 19:54:10.929 14392 14800 D MediaProvider: object removed 1572
06-21 19:54:11.015 14408 14410 D dalvikvm: GC_CONCURRENT freed 2173K, 23% free 24290K/31367K, paused 1ms+4ms
06-21 19:54:11.047 14408 14838 D skia    : WARNING: One-shot allocator has already allocated (alloc count = 1)
06-21 19:54:11.050 14408 14798 V MenuExecutor: It takes 129 ms to execute cmd for /local/image/item/1572
06-21 19:54:11.097   151   588 W InputManagerService: Window already focused, ignoring focus gain of: com.android.internal.view.IInputMethodClient$Stub$Proxy@417f0978
06-21 19:54:11.191 14408 14838 D skia    : WARNING: One-shot allocator has already allocated (alloc count = 1)
06-21 19:54:11.222 14408 14838 D dalvikvm: GC_FOR_ALLOC freed 907K, 20% free 25249K/31367K, paused 30ms
06-21 19:54:11.347 14408 14838 D dalvikvm: GC_FOR_ALLOC freed 6655K, 36% free 20160K/31367K, paused 31ms
06-21 19:54:11.398 14408 14838 D skia    : WARNING: One-shot allocator has already allocated (alloc count = 1)
06-21 19:54:11.476 14408 14410 D dalvikvm: GC_CONCURRENT freed 1908K, 36% free 20249K/31367K, paused 2ms+4ms
06-21 19:54:11.535 14408 14838 D skia    : WARNING: One-shot allocator has already allocated (alloc count = 1)
06-21 19:54:11.554 14408 14838 D skia    : WARNING: One-shot allocator has already allocated (alloc count = 1)
06-21 19:54:11.562   364   364 D wpa_supplicant: wpa_driver_wext_driver_cmd RSSI len = 248
06-21 19:54:11.570   364   364 D wpa_supplicant: wpa_driver_wext_driver_cmd mj rssi -81  len = 12, 12
06-21 19:54:11.570   364   364 D wpa_supplicant: wpa_driver_wext_driver_cmd LINKSPEED len = 248
06-21 19:54:11.570   364   364 D wpa_supplicant: wpa_driver_wext_driver_cmd LinkSpeed 1 len = 11, 11
06-21 19:54:11.590 14408 14838 D dalvikvm: GC_FOR_ALLOC freed 709K, 33% free 21226K/31367K, paused 26ms
06-21 19:54:11.664 14408 14838 D skia    : WARNING: One-shot allocator has already allocated (alloc count = 1)
06-21 19:54:11.695 14408 14838 D dalvikvm: GC_FOR_ALLOC freed 976K, 31% free 21906K/31367K, paused 22ms
06-21 19:54:11.734 14408 14838 D skia    : WARNING: One-shot allocator has already allocated (alloc count = 1)
06-21 19:54:11.812 14408 14410 D dalvikvm: GC_CONCURRENT freed 858K, 27% free 23095K/31367K, paused 2ms+5ms
06-21 19:54:11.953 14408 14838 D skia    : WARNING: One-shot allocator has already allocated (alloc count = 1)
06-21 19:54:12.004 14408 14838 D skia    : WARNING: One-shot allocator has already allocated (alloc count = 1)
06-21 19:54:12.050 14408 14410 D dalvikvm: GC_CONCURRENT freed 803K, 23% free 24317K/31367K, paused 2ms+4ms
06-21 19:54:12.097 14408 14838 D skia    : WARNING: One-shot allocator has already allocated (alloc count = 1)
06-21 19:54:12.121 14408 14838 D skia    : WARNING: One-shot allocator has already allocated (alloc count = 1)
06-21 19:54:12.148 14408 14838 D dalvikvm: GC_FOR_ALLOC freed 1948K, 23% free 24232K/31367K, paused 25ms
06-21 19:54:12.164 14408 14838 D skia    : WARNING: One-shot allocator has already allocated (alloc count = 1)
06-21 19:54:12.175 14408 14838 D skia    : WARNING: One-shot allocator has already allocated (alloc count = 1)
06-21 19:54:12.199 14408 14838 D dalvikvm: GC_FOR_ALLOC freed 2013K, 24% free 24027K/31367K, paused 20ms
06-21 19:54:12.211 14408 14838 D skia    : WARNING: One-shot allocator has already allocated (alloc count = 1)
06-21 19:54:12.222 14408 14838 D skia    : WARNING: One-shot allocator has already allocated (alloc count = 1)
06-21 19:54:12.246 14408 14838 D dalvikvm: GC_FOR_ALLOC freed 1552K, 24% free 24027K/31367K, paused 20ms
06-21 19:54:12.257 14408 14838 D skia    : WARNING: One-shot allocator has already allocated (alloc count = 1)
06-21 19:54:12.281 14408 14838 D skia    : WARNING: One-shot allocator has already allocated (alloc count = 1)
06-21 19:54:12.293 14408 14838 D skia    : WARNING: One-shot allocator has already allocated (alloc count = 1)
06-21 19:54:12.312 14408 14838 D dalvikvm: GC_FOR_ALLOC freed 1799K, 24% free 24038K/31367K, paused 20ms
06-21 19:54:12.324 14408 14838 D skia    : WARNING: One-shot allocator has already allocated (alloc count = 1)
06-21 19:54:12.340 14408 14838 D skia    : WARNING: One-shot allocator has already allocated (alloc count = 1)
06-21 19:54:12.363 14408 14838 D dalvikvm: GC_FOR_ALLOC freed 1820K, 24% free 24027K/31367K, paused 20ms
06-21 19:54:12.386 14408 14838 D skia    : WARNING: One-shot allocator has already allocated (alloc count = 1)
06-21 19:54:12.402 14408 14838 D skia    : WARNING: One-shot allocator has already allocated (alloc count = 1)
06-21 19:54:12.410 14408 14838 D skia    : WARNING: One-shot allocator has already allocated (alloc count = 1)
06-21 19:54:12.429 14408 14838 D dalvikvm: GC_FOR_ALLOC freed 1821K, 24% free 24027K/31367K, paused 20ms
06-21 19:54:12.453 14408 14838 D skia    : WARNING: One-shot allocator has already allocated (alloc count = 1)
06-21 19:54:12.468 14408 14838 D skia    : WARNING: One-shot allocator has already allocated (alloc count = 1)
06-21 19:54:12.507 14408 14410 D dalvikvm: GC_CONCURRENT freed 1415K, 22% free 24549K/31367K, paused 2ms+4ms
06-21 19:54:12.523 14408 14838 D skia    : WARNING: One-shot allocator has already allocated (alloc count = 1)
06-21 19:54:12.539 14408 14838 D skia    : WARNING: One-shot allocator has already allocated (alloc count = 1)
06-21 19:54:12.562 14408 14838 D skia    : WARNING: One-shot allocator has already allocated (alloc count = 1)
06-21 19:54:12.586 14408 14838 D dalvikvm: GC_FOR_ALLOC freed 2182K, 24% free 24027K/31367K, paused 20ms
06-21 19:54:12.597 14408 14838 D skia    : WARNING: One-shot allocator has already allocated (alloc count = 1)
06-21 19:54:12.613 14408 14838 D skia    : WARNING: One-shot allocator has already allocated (alloc count = 1)
06-21 19:54:12.644 14408 14838 D dalvikvm: GC_FOR_ALLOC freed 1552K, 24% free 24027K/31367K, paused 22ms
06-21 19:54:12.656 14408 14838 D skia    : WARNING: One-shot allocator has already allocated (alloc count = 1)
06-21 19:54:12.672 14408 14838 D skia    : WARNING: One-shot allocator has already allocated (alloc count = 1)
06-21 19:54:12.695 14408 14838 D dalvikvm: GC_FOR_ALLOC freed 1552K, 24% free 24027K/31367K, paused 21ms
06-21 19:54:12.707 14408 14838 D skia    : WARNING: One-shot allocator has already allocated (alloc count = 1)
06-21 19:54:12.730 14408 14838 D skia    : WARNING: One-shot allocator has already allocated (alloc count = 1)
06-21 19:54:12.754 14408 14838 D dalvikvm: GC_FOR_ALLOC freed 1655K, 24% free 24027K/31367K, paused 20ms
06-21 19:54:12.828 14408 14838 D skia    : WARNING: One-shot allocator has already allocated (alloc count = 1)
06-21 19:54:12.879 14408 14838 D skia    : WARNING: One-shot allocator has already allocated (alloc count = 1)
06-21 19:54:12.929 14408 14410 D dalvikvm: GC_CONCURRENT freed 1584K, 22% free 24475K/31367K, paused 2ms+3ms
06-21 19:54:12.965 14408 14838 D skia    : WARNING: One-shot allocator has already allocated (alloc count = 1)
06-21 19:54:12.984 14408 14838 D skia    : WARNING: One-shot allocator has already allocated (alloc count = 1)
06-21 19:54:13.011 14408 14838 D skia    : WARNING: One-shot allocator has already allocated (alloc count = 1)
06-21 19:54:13.047 14408 14838 D dalvikvm: GC_FOR_ALLOC freed 2188K, 24% free 24079K/31367K, paused 31ms
06-21 19:54:13.070 14408 14838 D skia    : WARNING: One-shot allocator has already allocated (alloc count = 1)
06-21 19:54:13.090 14408 14838 D skia    : WARNING: One-shot allocator has already allocated (alloc count = 1)
06-21 19:54:13.136 14408 14410 D dalvikvm: GC_CONCURRENT freed 1407K, 22% free 24600K/31367K, paused 2ms+4ms
06-21 19:54:13.152 14408 14838 D skia    : WARNING: One-shot allocator has already allocated (alloc count = 1)
06-21 19:54:13.172 14408 14838 D skia    : WARNING: One-shot allocator has already allocated (alloc count = 1)
06-21 19:54:13.179 14408 14838 D skia    : WARNING: One-shot allocator has already allocated (alloc count = 1)
06-21 19:54:13.195 14408 14838 D skia    : WARNING: One-shot allocator has already allocated (alloc count = 1)
06-21 19:54:13.218 14408 14838 D dalvikvm: GC_FOR_ALLOC freed 1898K, 22% free 24600K/31367K, paused 21ms
06-21 19:54:13.230 14408 14838 D skia    : WARNING: One-shot allocator has already allocated (alloc count = 1)
06-21 19:54:13.246 14408 14838 D skia    : WARNING: One-shot allocator has already allocated (alloc count = 1)
06-21 19:54:13.269 14408 14838 D dalvikvm: GC_FOR_ALLOC freed 2335K, 24% free 24078K/31367K, paused 20ms
06-21 19:54:13.281 14408 14838 D skia    : WARNING: One-shot allocator has already allocated (alloc count = 1)
06-21 19:54:13.297 14408 14838 D skia    : WARNING: One-shot allocator has already allocated (alloc count = 1)
06-21 19:54:13.324 14408 14838 D skia    : WARNING: One-shot allocator has already allocated (alloc count = 1)
06-21 19:54:13.343 14408 14838 D dalvikvm: GC_FOR_ALLOC freed 1532K, 23% free 24461K/31367K, paused 21ms
06-21 19:54:13.359 14408 14838 D skia    : WARNING: One-shot allocator has already allocated (alloc count = 1)
06-21 19:54:13.375 14408 14838 D skia    : WARNING: One-shot allocator has already allocated (alloc count = 1)
06-21 19:54:13.418 14408 14410 D dalvikvm: GC_CONCURRENT freed 1672K, 21% free 24836K/31367K, paused 2ms+3ms
06-21 19:54:13.445 14408 14838 D skia    : WARNING: One-shot allocator has already allocated (alloc count = 1)
06-21 19:54:13.472 14408 14838 D skia    : WARNING: One-shot allocator has already allocated (alloc count = 1)
06-21 19:54:13.511 14408 14410 D dalvikvm: GC_CONCURRENT freed 2160K, 22% free 24605K/31367K, paused 2ms+4ms
06-21 19:54:13.547 14408 14798 V MenuExecutor: Execute cmd: 2131427394 for /local/image/item/1571
06-21 19:54:13.550 14392 14404 D MediaProvider: object removed 1571
06-21 19:54:13.578 14408 14838 D skia    : WARNING: One-shot allocator has already allocated (alloc count = 1)
06-21 19:54:13.672 14408 14798 V MenuExecutor: It takes 126 ms to execute cmd for /local/image/item/1571
06-21 19:54:13.695 14392 14403 D dalvikvm: GC_EXPLICIT freed 143K, 7% free 9193K/9863K, paused 5ms+4ms
06-21 19:54:13.711   151   163 W InputManagerService: Window already focused, ignoring focus gain of: com.android.internal.view.IInputMethodClient$Stub$Proxy@4167c5f8
06-21 19:54:13.789 14408 14838 D skia    : WARNING: One-shot allocator has already allocated (alloc count = 1)
06-21 19:54:13.871 14408 14410 D dalvikvm: GC_CONCURRENT freed 1425K, 20% free 25201K/31367K, paused 2ms+4ms
06-21 19:54:14.004 14408 14410 D dalvikvm: GC_CONCURRENT freed 6534K, 35% free 20638K/31367K, paused 2ms+4ms
06-21 19:54:14.121 14408 14838 D skia    : WARNING: One-shot allocator has already allocated (alloc count = 1)
06-21 19:54:14.168 14408 14410 D dalvikvm: GC_CONCURRENT freed 1419K, 33% free 21241K/31367K, paused 2ms+4ms
06-21 19:54:14.222 14408 14838 D skia    : WARNING: One-shot allocator has already allocated (alloc count = 1)
06-21 19:54:14.242 14408 14838 D skia    : WARNING: One-shot allocator has already allocated (alloc count = 1)
06-21 19:54:14.289 14408 14410 D dalvikvm: GC_CONCURRENT freed 1750K, 32% free 21503K/31367K, paused 2ms+4ms
06-21 19:54:14.363 14408 14838 D skia    : WARNING: One-shot allocator has already allocated (alloc count = 1)
06-21 19:54:14.453 14408 14410 D dalvikvm: GC_CONCURRENT freed 990K, 29% free 22561K/31367K, paused 2ms+6ms
06-21 19:54:14.457 14408 14838 D skia    : WARNING: One-shot allocator has already allocated (alloc count = 1)
06-21 19:54:14.574   364   364 D wpa_supplicant: wpa_driver_wext_driver_cmd RSSI len = 248
06-21 19:54:14.582   364   364 D wpa_supplicant: wpa_driver_wext_driver_cmd mj rssi -82  len = 12, 12
06-21 19:54:14.582   364   364 D wpa_supplicant: wpa_driver_wext_driver_cmd LINKSPEED len = 248
06-21 19:54:14.582   364   364 D wpa_supplicant: wpa_driver_wext_driver_cmd LinkSpeed 1 len = 11, 11
06-21 19:54:14.625 14408 14798 D dalvikvm: GC_FOR_ALLOC freed 956K, 26% free 23509K/31367K, paused 26ms
06-21 19:54:14.648 14408 14838 D skia    : WARNING: One-shot allocator has already allocated (alloc count = 1)
06-21 19:54:14.668 14408 14838 D skia    : WARNING: One-shot allocator has already allocated (alloc count = 1)
06-21 19:54:14.687 14408 14838 D skia    : WARNING: One-shot allocator has already allocated (alloc count = 1)
06-21 19:54:14.715 14408 14838 D dalvikvm: GC_FOR_ALLOC freed 1457K, 24% free 23921K/31367K, paused 28ms
06-21 19:54:14.738 14408 14838 D skia    : WARNING: One-shot allocator has already allocated (alloc count = 1)
06-21 19:54:14.757 14408 14838 D skia    : WARNING: One-shot allocator has already allocated (alloc count = 1)
06-21 19:54:14.781 14408 14838 D dalvikvm: GC_FOR_ALLOC freed 2349K, 26% free 23362K/31367K, paused 23ms
06-21 19:54:14.793 14408 14838 D skia    : WARNING: One-shot allocator has already allocated (alloc count = 1)
06-21 19:54:14.808 14408 14838 D skia    : WARNING: One-shot allocator has already allocated (alloc count = 1)
06-21 19:54:14.832 14408 14838 D dalvikvm: GC_FOR_ALLOC freed 1562K, 26% free 23356K/31367K, paused 21ms
06-21 19:54:14.843 14408 14838 D skia    : WARNING: One-shot allocator has already allocated (alloc count = 1)
06-21 19:54:14.859 14408 14838 D skia    : WARNING: One-shot allocator has already allocated (alloc count = 1)
06-21 19:54:14.898 14408 14410 D dalvikvm: GC_CONCURRENT freed 1548K, 25% free 23739K/31367K, paused 1ms+3ms
06-21 19:54:14.922 14408 14838 D skia    : WARNING: One-shot allocator has already allocated (alloc count = 1)
06-21 19:54:14.929 14408 14838 D skia    : WARNING: One-shot allocator has already allocated (alloc count = 1)
06-21 19:54:14.945 14408 14838 D skia    : WARNING: One-shot allocator has already allocated (alloc count = 1)
06-21 19:54:14.965 14408 14838 D dalvikvm: GC_FOR_ALLOC freed 2067K, 26% free 23357K/31367K, paused 20ms
06-21 19:54:14.976 14408 14838 D skia    : WARNING: One-shot allocator has already allocated (alloc count = 1)
06-21 19:54:15.004 14408 14838 D skia    : WARNING: One-shot allocator has already allocated (alloc count = 1)
06-21 19:54:15.043 14408 14410 D dalvikvm: GC_CONCURRENT freed 1416K, 24% free 23882K/31367K, paused 3ms+3ms
06-21 19:54:15.058 14408 14838 D skia    : WARNING: One-shot allocator has already allocated (alloc count = 1)
06-21 19:54:15.066 14408 14838 D skia    : WARNING: One-shot allocator has already allocated (alloc count = 1)
06-21 19:54:15.093 14408 14838 D skia    : WARNING: One-shot allocator has already allocated (alloc count = 1)
06-21 19:54:15.105 14408 14838 D skia    : WARNING: One-shot allocator has already allocated (alloc count = 1)
06-21 19:54:15.129 14408 14838 D dalvikvm: GC_FOR_ALLOC freed 1824K, 24% free 23871K/31367K, paused 21ms
06-21 19:54:15.140 14408 14838 D skia    : WARNING: One-shot allocator has already allocated (alloc count = 1)
06-21 19:54:15.164 14408 14838 D skia    : WARNING: One-shot allocator has already allocated (alloc count = 1)
06-21 19:54:15.203 14408 14410 D dalvikvm: GC_CONCURRENT freed 2203K, 25% free 23650K/31367K, paused 1ms+4ms
06-21 19:54:15.226 14408 14838 D skia    : WARNING: One-shot allocator has already allocated (alloc count = 1)
06-21 19:54:15.242 14408 14838 D skia    : WARNING: One-shot allocator has already allocated (alloc count = 1)
06-21 19:54:15.257 14408 14838 D skia    : WARNING: One-shot allocator has already allocated (alloc count = 1)
06-21 19:54:15.308 14408 14410 D dalvikvm: GC_CONCURRENT freed 1530K, 23% free 24168K/31367K, paused 2ms+5ms
06-21 19:54:15.410 14408 14838 D skia    : WARNING: One-shot allocator has already allocated (alloc count = 1)
06-21 19:54:15.429 14408 14838 D skia    : WARNING: One-shot allocator has already allocated (alloc count = 1)
06-21 19:54:15.457 14408 14838 D dalvikvm: GC_FOR_ALLOC freed 2358K, 26% free 23417K/31367K, paused 27ms
06-21 19:54:15.472 14408 14838 D skia    : WARNING: One-shot allocator has already allocated (alloc count = 1)
06-21 19:54:15.504 14408 14838 D skia    : WARNING: One-shot allocator has already allocated (alloc count = 1)
06-21 19:54:15.535 14408 14838 D dalvikvm: GC_FOR_ALLOC freed 1660K, 26% free 23412K/31367K, paused 29ms
06-21 19:54:15.547 14408 14838 D skia    : WARNING: One-shot allocator has already allocated (alloc count = 1)
06-21 19:54:15.570 14408 14838 D skia    : WARNING: One-shot allocator has already allocated (alloc count = 1)
06-21 19:54:15.621 14408 14410 D dalvikvm: GC_CONCURRENT freed 1556K, 25% free 23794K/31367K, paused 8ms+4ms
06-21 19:54:15.656 14408 14838 D skia    : WARNING: One-shot allocator has already allocated (alloc count = 1)
06-21 19:54:15.672 14408 14838 D skia    : WARNING: One-shot allocator has already allocated (alloc count = 1)
06-21 19:54:15.691 14408 14838 D skia    : WARNING: One-shot allocator has already allocated (alloc count = 1)
06-21 19:54:15.715 14408 14838 D dalvikvm: GC_FOR_ALLOC freed 2178K, 26% free 23408K/31367K, paused 21ms
06-21 19:54:15.734 14408 14838 D skia    : WARNING: One-shot allocator has already allocated (alloc count = 1)
06-21 19:54:15.750 14408 14838 D skia    : WARNING: One-shot allocator has already allocated (alloc count = 1)
06-21 19:54:15.789 14408 14410 D dalvikvm: GC_CONCURRENT freed 1407K, 24% free 23929K/31367K, paused 2ms+3ms
06-21 19:54:15.804 14408 14838 D skia    : WARNING: One-shot allocator has already allocated (alloc count = 1)
06-21 19:54:15.824 14408 14838 D skia    : WARNING: One-shot allocator has already allocated (alloc count = 1)
06-21 19:54:15.832 14408 14838 D skia    : WARNING: One-shot allocator has already allocated (alloc count = 1)
06-21 19:54:15.847 14408 14838 D skia    : WARNING: One-shot allocator has already allocated (alloc count = 1)
06-21 19:54:15.867 14408 14838 D dalvikvm: GC_FOR_ALLOC freed 1898K, 24% free 23930K/31367K, paused 21ms
06-21 19:54:15.882 14408 14838 D skia    : WARNING: One-shot allocator has already allocated (alloc count = 1)
06-21 19:54:15.898 14408 14838 D skia    : WARNING: One-shot allocator has already allocated (alloc count = 1)
06-21 19:54:15.922 14408 14838 D dalvikvm: GC_FOR_ALLOC freed 2335K, 26% free 23408K/31367K, paused 21ms
06-21 19:54:15.933 14408 14838 D skia    : WARNING: One-shot allocator has already allocated (alloc count = 1)
06-21 19:54:15.945 14408 14838 D skia    : WARNING: One-shot allocator has already allocated (alloc count = 1)
06-21 19:54:15.976 14408 14838 D skia    : WARNING: One-shot allocator has already allocated (alloc count = 1)
06-21 19:54:15.996 14408 14838 D dalvikvm: GC_FOR_ALLOC freed 1532K, 25% free 23790K/31367K, paused 20ms
06-21 19:54:16.011 14408 14838 D skia    : WARNING: One-shot allocator has already allocated (alloc count = 1)
06-21 19:54:16.027 14408 14838 D skia    : WARNING: One-shot allocator has already allocated (alloc count = 1)
06-21 19:54:16.062 14408 14410 D dalvikvm: GC_CONCURRENT freed 1672K, 23% free 24166K/31367K, paused 2ms+4ms
06-21 19:54:16.105 14408 14842 V MenuExecutor: Execute cmd: 2131427394 for /local/image/item/1570
06-21 19:54:16.109 14392 14648 D MediaProvider: object removed 1570
06-21 19:54:16.121 14408 14838 D skia    : WARNING: One-shot allocator has already allocated (alloc count = 1)
06-21 19:54:16.226 14408 14842 V MenuExecutor: It takes 123 ms to execute cmd for /local/image/item/1570
06-21 19:54:16.332 14408 14410 D dalvikvm: GC_CONCURRENT freed 1622K, 22% free 24467K/31367K, paused 2ms+7ms
06-21 19:54:16.332 14408 14838 D skia    : WARNING: One-shot allocator has already allocated (alloc count = 1)
06-21 19:54:16.433   151   546 W InputManagerService: Window already focused, ignoring focus gain of: com.android.internal.view.IInputMethodClient$Stub$Proxy@413f3ad0
06-21 19:54:16.468 14408 14798 D dalvikvm: GC_FOR_ALLOC freed 6354K, 37% free 20007K/31367K, paused 29ms
06-21 19:54:16.621 14408 14838 D dalvikvm: GC_FOR_ALLOC freed 1436K, 35% free 20463K/31367K, paused 27ms
06-21 19:54:16.679 14408 14838 D skia    : WARNING: One-shot allocator has already allocated (alloc count = 1)
06-21 19:54:16.726 14408 14410 D dalvikvm: GC_CONCURRENT freed 836K, 32% free 21597K/31367K, paused 2ms+5ms
06-21 19:54:16.750 14408 14838 D skia    : WARNING: One-shot allocator has already allocated (alloc count = 1)
06-21 19:54:16.769 14408 14838 D skia    : WARNING: One-shot allocator has already allocated (alloc count = 1)
06-21 19:54:16.847 14408 14842 D dalvikvm: GC_FOR_ALLOC freed 1251K, 30% free 22249K/31367K, paused 22ms
06-21 19:54:16.957 14408 14838 D skia    : WARNING: One-shot allocator has already allocated (alloc count = 1)
06-21 19:54:17.011 14408 14838 D skia    : WARNING: One-shot allocator has already allocated (alloc count = 1)
06-21 19:54:17.078 14408 14410 D dalvikvm: GC_CONCURRENT freed 737K, 26% free 23461K/31367K, paused 2ms+7ms
06-21 19:54:17.152 14408 14838 D skia    : WARNING: One-shot allocator has already allocated (alloc count = 1)
06-21 19:54:17.168 14408 14838 D skia    : WARNING: One-shot allocator has already allocated (alloc count = 1)
06-21 19:54:17.191 14408 14838 D dalvikvm: GC_FOR_ALLOC freed 1538K, 25% free 23757K/31367K, paused 22ms
06-21 19:54:17.203 14408 14838 D skia    : WARNING: One-shot allocator has already allocated (alloc count = 1)
06-21 19:54:17.226 14408 14838 D skia    : WARNING: One-shot allocator has already allocated (alloc count = 1)
06-21 19:54:17.250 14408 14838 D dalvikvm: GC_FOR_ALLOC freed 2304K, 26% free 23243K/31367K, paused 20ms
06-21 19:54:17.261 14408 14838 D skia    : WARNING: One-shot allocator has already allocated (alloc count = 1)
06-21 19:54:17.273 14408 14838 D skia    : WARNING: One-shot allocator has already allocated (alloc count = 1)
06-21 19:54:17.297 14408 14838 D dalvikvm: GC_FOR_ALLOC freed 1552K, 26% free 23243K/31367K, paused 20ms
06-21 19:54:17.308 14408 14838 D skia    : WARNING: One-shot allocator has already allocated (alloc count = 1)
06-21 19:54:17.320 14408 14838 D skia    : WARNING: One-shot allocator has already allocated (alloc count = 1)
06-21 19:54:17.343 14408 14838 D dalvikvm: GC_FOR_ALLOC freed 1589K, 27% free 23206K/31367K, paused 21ms
06-21 19:54:17.355 14408 14838 D skia    : WARNING: One-shot allocator has already allocated (alloc count = 1)
06-21 19:54:17.379 14408 14838 D skia    : WARNING: One-shot allocator has already allocated (alloc count = 1)
06-21 19:54:17.386 14408 14838 D skia    : WARNING: One-shot allocator has already allocated (alloc count = 1)
06-21 19:54:17.410 14408 14838 D dalvikvm: GC_FOR_ALLOC freed 1805K, 27% free 23211K/31367K, paused 20ms
06-21 19:54:17.422 14408 14838 D skia    : WARNING: One-shot allocator has already allocated (alloc count = 1)
06-21 19:54:17.437 14408 14838 D skia    : WARNING: One-shot allocator has already allocated (alloc count = 1)
06-21 19:54:17.457 14408 14838 D dalvikvm: GC_FOR_ALLOC freed 1820K, 27% free 23200K/31367K, paused 20ms
06-21 19:54:17.480 14408 14838 D skia    : WARNING: One-shot allocator has already allocated (alloc count = 1)
06-21 19:54:17.492 14408 14838 D skia    : WARNING: One-shot allocator has already allocated (alloc count = 1)
06-21 19:54:17.500 14408 14838 D skia    : WARNING: One-shot allocator has already allocated (alloc count = 1)
06-21 19:54:17.523 14408 14838 D dalvikvm: GC_FOR_ALLOC freed 1821K, 27% free 23200K/31367K, paused 20ms
06-21 19:54:17.543 14408 14838 D skia    : WARNING: One-shot allocator has already allocated (alloc count = 1)
06-21 19:54:17.558 14408 14838 D skia    : WARNING: One-shot allocator has already allocated (alloc count = 1)
06-21 19:54:17.586   364   364 D wpa_supplicant: wpa_driver_wext_driver_cmd RSSI len = 248
06-21 19:54:17.593   364   364 D wpa_supplicant: wpa_driver_wext_driver_cmd mj rssi -81  len = 12, 12
06-21 19:54:17.593   364   364 D wpa_supplicant: wpa_driver_wext_driver_cmd LINKSPEED len = 248
06-21 19:54:17.593   364   364 D wpa_supplicant: wpa_driver_wext_driver_cmd LinkSpeed 1 len = 11, 11
06-21 19:54:17.601 14408 14410 D dalvikvm: GC_CONCURRENT freed 1415K, 25% free 23722K/31367K, paused 3ms+3ms
06-21 19:54:17.621 14408 14838 D skia    : WARNING: One-shot allocator has already allocated (alloc count = 1)
06-21 19:54:17.636 14408 14838 D skia    : WARNING: One-shot allocator has already allocated (alloc count = 1)
06-21 19:54:17.664 14408 14838 D skia    : WARNING: One-shot allocator has already allocated (alloc count = 1)
06-21 19:54:17.687 14408 14838 D dalvikvm: GC_FOR_ALLOC freed 2182K, 27% free 23200K/31367K, paused 20ms
06-21 19:54:17.699 14408 14838 D skia    : WARNING: One-shot allocator has already allocated (alloc count = 1)
06-21 19:54:17.715 14408 14838 D skia    : WARNING: One-shot allocator has already allocated (alloc count = 1)
06-21 19:54:17.738 14408 14838 D dalvikvm: GC_FOR_ALLOC freed 1552K, 27% free 23200K/31367K, paused 20ms
06-21 19:54:17.746 14408 14838 D skia    : WARNING: One-shot allocator has already allocated (alloc count = 1)
06-21 19:54:17.761 14408 14838 D skia    : WARNING: One-shot allocator has already allocated (alloc count = 1)
06-21 19:54:17.785 14408 14838 D dalvikvm: GC_FOR_ALLOC freed 1552K, 27% free 23200K/31367K, paused 20ms
06-21 19:54:17.871 14408 14838 D skia    : WARNING: One-shot allocator has already allocated (alloc count = 1)
06-21 19:54:17.918 14408 14838 D skia    : WARNING: One-shot allocator has already allocated (alloc count = 1)
06-21 19:54:17.949 14408 14838 D dalvikvm: GC_FOR_ALLOC freed 1688K, 26% free 23262K/31367K, paused 25ms
06-21 19:54:17.965 14408 14838 D skia    : WARNING: One-shot allocator has already allocated (alloc count = 1)
06-21 19:54:17.984 14408 14838 D skia    : WARNING: One-shot allocator has already allocated (alloc count = 1)
06-21 19:54:18.031 14408 14410 D dalvikvm: GC_CONCURRENT freed 1559K, 25% free 23641K/31367K, paused 5ms+5ms
06-21 19:54:18.070 14408 14838 D skia    : WARNING: One-shot allocator has already allocated (alloc count = 1)
06-21 19:54:18.090 14408 14838 D skia    : WARNING: One-shot allocator has already allocated (alloc count = 1)
06-21 19:54:18.113 14408 14838 D skia    : WARNING: One-shot allocator has already allocated (alloc count = 1)
06-21 19:54:18.144 14408 14838 D dalvikvm: GC_FOR_ALLOC freed 2181K, 26% free 23252K/31367K, paused 24ms
06-21 19:54:18.168 14408 14838 D skia    : WARNING: One-shot allocator has already allocated (alloc count = 1)
06-21 19:54:18.183 14408 14838 D skia    : WARNING: One-shot allocator has already allocated (alloc count = 1)
06-21 19:54:18.222 14408 14410 D dalvikvm: GC_CONCURRENT freed 1407K, 25% free 23773K/31367K, paused 2ms+4ms
06-21 19:54:18.238 14408 14838 D skia    : WARNING: One-shot allocator has already allocated (alloc count = 1)
06-21 19:54:18.257 14408 14838 D skia    : WARNING: One-shot allocator has already allocated (alloc count = 1)
06-21 19:54:18.265 14408 14838 D skia    : WARNING: One-shot allocator has already allocated (alloc count = 1)
06-21 19:54:18.281 14408 14838 D skia    : WARNING: One-shot allocator has already allocated (alloc count = 1)
06-21 19:54:18.300 14408 14838 D dalvikvm: GC_FOR_ALLOC freed 1898K, 25% free 23773K/31367K, paused 20ms
06-21 19:54:18.316 14408 14838 D skia    : WARNING: One-shot allocator has already allocated (alloc count = 1)
06-21 19:54:18.332 14408 14838 D skia    : WARNING: One-shot allocator has already allocated (alloc count = 1)
06-21 19:54:18.355 14408 14838 D dalvikvm: GC_FOR_ALLOC freed 2335K, 26% free 23251K/31367K, paused 21ms
06-21 19:54:18.367 14408 14838 D skia    : WARNING: One-shot allocator has already allocated (alloc count = 1)
06-21 19:54:18.382 14408 14838 D skia    : WARNING: One-shot allocator has already allocated (alloc count = 1)
06-21 19:54:18.406 14408 14838 D skia    : WARNING: One-shot allocator has already allocated (alloc count = 1)
06-21 19:54:18.425 14408 14838 D dalvikvm: GC_FOR_ALLOC freed 1532K, 25% free 23634K/31367K, paused 20ms
06-21 19:54:18.441 14408 14838 D skia    : WARNING: One-shot allocator has already allocated (alloc count = 1)
06-21 19:54:18.465 14408 14838 D skia    : WARNING: One-shot allocator has already allocated (alloc count = 1)
06-21 19:54:18.500 14408 14410 D dalvikvm: GC_CONCURRENT freed 1672K, 24% free 24010K/31367K, paused 2ms+4ms
06-21 19:54:18.523 14408 14838 D skia    : WARNING: One-shot allocator has already allocated (alloc count = 1)
06-21 19:54:18.550 14408 14838 D skia    : WARNING: One-shot allocator has already allocated (alloc count = 1)
06-21 19:54:18.632 14408 14846 V MenuExecutor: Execute cmd: 2131427394 for /local/image/item/1569
06-21 19:54:18.632 14408 14410 D dalvikvm: GC_CONCURRENT freed 2167K, 25% free 23821K/31367K, paused 2ms+4ms
06-21 19:54:18.656 14408 14838 D skia    : WARNING: One-shot allocator has already allocated (alloc count = 1)
06-21 19:54:18.656 14392 14648 D MediaProvider: object removed 1569
06-21 19:54:18.757 14408 14846 V MenuExecutor: It takes 126 ms to execute cmd for /local/image/item/1569
06-21 19:54:18.777 14408 14838 D skia    : WARNING: One-shot allocator has already allocated (alloc count = 1)
06-21 19:54:18.863   151   546 W InputManagerService: Window already focused, ignoring focus gain of: com.android.internal.view.IInputMethodClient$Stub$Proxy@41433af8
06-21 19:54:18.968 14408 14410 D dalvikvm: GC_CONCURRENT freed 1569K, 23% free 24228K/31367K, paused 3ms+5ms
06-21 19:54:19.144 14408 14838 D dalvikvm: GC_FOR_ALLOC freed 6864K, 40% free 18896K/31367K, paused 23ms
06-21 19:54:19.187 14408 14838 D skia    : WARNING: One-shot allocator has already allocated (alloc count = 1)
06-21 19:54:19.218 14408 14838 D skia    : WARNING: One-shot allocator has already allocated (alloc count = 1)
06-21 19:54:19.277 14408 14410 D dalvikvm: GC_CONCURRENT freed 982K, 37% free 19950K/31367K, paused 2ms+4ms
06-21 19:54:19.418 14408 14838 D skia    : WARNING: One-shot allocator has already allocated (alloc count = 1)
06-21 19:54:19.476 14408 14846 D dalvikvm: GC_FOR_ALLOC freed 1142K, 34% free 20713K/31367K, paused 30ms
06-21 19:54:19.539 14408 14838 D skia    : WARNING: One-shot allocator has already allocated (alloc count = 1)
06-21 19:54:19.582 14408 14838 D dalvikvm: GC_FOR_ALLOC freed 795K, 32% free 21527K/31367K, paused 29ms
06-21 19:54:19.621 14408 14838 D skia    : WARNING: One-shot allocator has already allocated (alloc count = 1)
06-21 19:54:19.648 14408 14838 D skia    : WARNING: One-shot allocator has already allocated (alloc count = 1)
06-21 19:54:19.668 14408 14838 D dalvikvm: GC_FOR_ALLOC freed 842K, 29% free 22532K/31367K, paused 20ms
06-21 19:54:19.679 14408 14838 D skia    : WARNING: One-shot allocator has already allocated (alloc count = 1)
06-21 19:54:19.695 14408 14838 D skia    : WARNING: One-shot allocator has already allocated (alloc count = 1)
06-21 19:54:19.718 14408 14838 D dalvikvm: GC_FOR_ALLOC freed 2193K, 30% free 22144K/31367K, paused 21ms
06-21 19:54:19.738 14408 14838 D skia    : WARNING: One-shot allocator has already allocated (alloc count = 1)
06-21 19:54:19.750 14408 14838 D skia    : WARNING: One-shot allocator has already allocated (alloc count = 1)
06-21 19:54:19.773 14408 14838 D dalvikvm: GC_FOR_ALLOC freed 1533K, 30% free 22144K/31367K, paused 20ms
06-21 19:54:19.785 14408 14838 D skia    : WARNING: One-shot allocator has already allocated (alloc count = 1)
06-21 19:54:19.797 14408 14838 D skia    : WARNING: One-shot allocator has already allocated (alloc count = 1)
06-21 19:54:19.824 14408 14838 D dalvikvm: GC_FOR_ALLOC freed 1556K, 30% free 22144K/31367K, paused 23ms
06-21 19:54:19.836 14408 14838 D skia    : WARNING: One-shot allocator has already allocated (alloc count = 1)
06-21 19:54:19.851 14408 14838 D skia    : WARNING: One-shot allocator has already allocated (alloc count = 1)
06-21 19:54:19.890 14408 14410 D dalvikvm: GC_CONCURRENT freed 1585K, 29% free 22489K/31367K, paused 2ms+4ms
06-21 19:54:19.918 14408 14838 D skia    : WARNING: One-shot allocator has already allocated (alloc count = 1)
06-21 19:54:19.925 14408 14838 D skia    : WARNING: One-shot allocator has already allocated (alloc count = 1)
06-21 19:54:19.941 14408 14838 D skia    : WARNING: One-shot allocator has already allocated (alloc count = 1)
06-21 19:54:19.965 14408 14838 D dalvikvm: GC_FOR_ALLOC freed 2072K, 30% free 22101K/31367K, paused 21ms
06-21 19:54:19.976 14408 14838 D skia    : WARNING: One-shot allocator has already allocated (alloc count = 1)
06-21 19:54:20.000 14408 14838 D skia    : WARNING: One-shot allocator has already allocated (alloc count = 1)
