06-25 13:59:20.234    78   118 D SurfaceFlinger: Screen about to return, flinger = 0x17fe918
06-25 13:59:20.265   364   364 D wpa_supplicant: wpa_driver_wext_driver_cmd RSSI len = 248
06-25 13:59:20.281   364   364 D wpa_supplicant: wpa_driver_wext_driver_cmd mj rssi -65  len = 12, 12
06-25 13:59:20.281   364   364 D wpa_supplicant: wpa_driver_wext_driver_cmd LINKSPEED len = 248
06-25 13:59:20.281   364   364 D wpa_supplicant: wpa_driver_wext_driver_cmd LinkSpeed 54 len = 12, 12
06-25 13:59:20.281   364   364 D wpa_supplicant: wpa_driver_wext_driver_cmd SETSUSPENDOPT 0 len = 4096
06-25 13:59:20.281   364   364 D wpa_supplicant: wpa_driver_wext_driver_cmd SETSUSPENDOPT 0 len = 0, 15
06-25 13:59:20.281   364   364 D wpa_supplicant: wpa_driver_wext_driver_cmd POWERMODE 0 len = 4096
06-25 13:59:20.281   364   364 D wpa_supplicant: wpa_driver_wext_driver_cmd OK len = 0, 2
06-25 13:59:21.328   151   153 D dalvikvm: GC_CONCURRENT freed 1823K, 29% free 16278K/22919K, paused 3ms+8ms
06-25 13:59:23.281   364   364 D wpa_supplicant: wpa_driver_wext_driver_cmd RSSI len = 248
06-25 13:59:23.289   364   364 D wpa_supplicant: wpa_driver_wext_driver_cmd mj rssi -70  len = 12, 12
06-25 13:59:23.289   364   364 D wpa_supplicant: wpa_driver_wext_driver_cmd LINKSPEED len = 248
06-25 13:59:23.289   364   364 D wpa_supplicant: wpa_driver_wext_driver_cmd LinkSpeed 54 len = 12, 12
06-25 13:59:24.988   398   400 D dalvikvm: GC_CONCURRENT freed 235K, 59% free 10432K/25287K, paused 2ms+6ms
06-25 13:59:26.105   151   205 I InputReader: Reconfiguring input devices.  changes=0x00000004
06-25 13:59:26.105   151   205 I InputReader: Device reconfigured: id=7, name='mxt224_ts_input', surface size is now 480x800, mode is 1
06-25 13:59:26.191   151   167 I ActivityManager: Config changed: {1.0 310mcc120mnc en_US layoutdir=0 sw320dp w533dp h294dp nrml long land finger -keyb/v/h -nav/h s.247}
06-25 13:59:26.296   364   364 D wpa_supplicant: wpa_driver_wext_driver_cmd RSSI len = 248
06-25 13:59:26.304   364   364 D wpa_supplicant: wpa_driver_wext_driver_cmd mj rssi -73  len = 12, 12
06-25 13:59:26.304   364   364 D wpa_supplicant: wpa_driver_wext_driver_cmd LINKSPEED len = 248
06-25 13:59:26.304   364   364 D wpa_supplicant: wpa_driver_wext_driver_cmd LinkSpeed 54 len = 12, 12
06-25 13:59:26.308   398   400 D dalvikvm: GC_CONCURRENT freed 358K, 59% free 10468K/25287K, paused 11ms+14ms
06-25 13:59:26.308   151   200 V TransportControlView: Create TCV com.android.internal.widget.TransportControlView@414466c0
06-25 13:59:26.500   151   205 I InputReader: Reconfiguring input devices.  changes=0x00000004
06-25 13:59:26.500   151   205 I InputReader: Device reconfigured: id=7, name='mxt224_ts_input', surface size is now 480x800, mode is 1
06-25 13:59:26.504   151   167 I ActivityManager: Config changed: {1.0 310mcc120mnc en_US layoutdir=0 sw320dp w320dp h508dp nrml long port finger -keyb/v/h -nav/h s.248}
06-25 13:59:26.558   151   200 V TransportControlView: Create TCV com.android.internal.widget.TransportControlView@4150b398
06-25 13:59:26.683   398   398 D dalvikvm: GC_FOR_ALLOC freed 396K, 59% free 10404K/25287K, paused 88ms
06-25 13:59:26.765   398   398 D dalvikvm: GC_FOR_ALLOC freed 196K, 59% free 10510K/25287K, paused 69ms
06-25 13:59:27.257   398   400 D dalvikvm: GC_CONCURRENT freed 41K, 58% free 10859K/25287K, paused 2ms+4ms
06-25 13:59:27.484   398   400 D dalvikvm: GC_CONCURRENT freed 947K, 59% free 10465K/25287K, paused 2ms+34ms
06-25 13:59:27.964 19216 19216 D dalvikvm: GC_FOR_ALLOC freed 1549K, 21% free 16265K/20359K, paused 424ms
06-25 13:59:29.046 13854 15059 I EventLogService: Aggregate from 1340645368944 (log), 1340645368944 (data)
06-25 13:59:29.308   364   364 D wpa_supplicant: wpa_driver_wext_driver_cmd RSSI len = 248
06-25 13:59:29.316   364   364 D wpa_supplicant: wpa_driver_wext_driver_cmd mj rssi -83  len = 12, 12
06-25 13:59:29.316   364   364 D wpa_supplicant: wpa_driver_wext_driver_cmd LINKSPEED len = 248
06-25 13:59:29.316   364   364 D wpa_supplicant: wpa_driver_wext_driver_cmd LinkSpeed 54 len = 12, 12
06-25 13:59:30.250   151   199 D dalvikvm: GC_EXPLICIT freed 1563K, 30% free 16262K/22919K, paused 14ms+8ms
06-25 13:59:32.324   364   364 D wpa_supplicant: wpa_driver_wext_driver_cmd RSSI len = 248
06-25 13:59:32.336   364   364 D wpa_supplicant: wpa_driver_wext_driver_cmd mj rssi -80  len = 12, 12
06-25 13:59:32.336   364   364 D wpa_supplicant: wpa_driver_wext_driver_cmd LINKSPEED len = 248
06-25 13:59:32.336   364   364 D wpa_supplicant: wpa_driver_wext_driver_cmd LinkSpeed 54 len = 12, 12
06-25 13:59:35.343   364   364 D wpa_supplicant: wpa_driver_wext_driver_cmd RSSI len = 248
06-25 13:59:35.351   364   364 D wpa_supplicant: wpa_driver_wext_driver_cmd mj rssi -65  len = 12, 12
06-25 13:59:35.351   364   364 D wpa_supplicant: wpa_driver_wext_driver_cmd LINKSPEED len = 248
06-25 13:59:35.351   364   364 D wpa_supplicant: wpa_driver_wext_driver_cmd LinkSpeed 54 len = 12, 12
06-25 13:59:38.355   364   364 D wpa_supplicant: wpa_driver_wext_driver_cmd RSSI len = 248
06-25 13:59:38.363   364   364 D wpa_supplicant: wpa_driver_wext_driver_cmd mj rssi -83  len = 12, 12
06-25 13:59:38.363   364   364 D wpa_supplicant: wpa_driver_wext_driver_cmd LINKSPEED len = 248
06-25 13:59:38.363   364   364 D wpa_supplicant: wpa_driver_wext_driver_cmd LinkSpeed 54 len = 12, 12
06-25 13:59:39.695   151   205 I InputReader: Dropping virtual key from device cypress-touchkey because virtual keys are temporarily disabled for the next 247.049ms.  keyCode=82, scanCode=139
06-25 13:59:39.742   151   205 I InputReader: Dropping key up from device cypress-touchkey because the key was not down.  keyCode=82, scanCode=139
06-25 13:59:41.367   364   364 D wpa_supplicant: wpa_driver_wext_driver_cmd RSSI len = 248
06-25 13:59:41.375   364   364 D wpa_supplicant: wpa_driver_wext_driver_cmd mj rssi -77  len = 12, 12
06-25 13:59:41.375   364   364 D wpa_supplicant: wpa_driver_wext_driver_cmd LINKSPEED len = 248
06-25 13:59:41.375   364   364 D wpa_supplicant: wpa_driver_wext_driver_cmd LinkSpeed 54 len = 12, 12
06-25 13:59:44.382   364   364 D wpa_supplicant: wpa_driver_wext_driver_cmd RSSI len = 248
06-25 13:59:44.386   364   364 D wpa_supplicant: wpa_driver_wext_driver_cmd mj rssi -67  len = 12, 12
06-25 13:59:44.386   364   364 D wpa_supplicant: wpa_driver_wext_driver_cmd LINKSPEED len = 248
06-25 13:59:44.386   364   364 D wpa_supplicant: wpa_driver_wext_driver_cmd LinkSpeed 54 len = 12, 12
06-25 13:59:47.421   364   364 D wpa_supplicant: wpa_driver_wext_driver_cmd RSSI len = 248
06-25 13:59:47.429   364   364 D wpa_supplicant: wpa_driver_wext_driver_cmd mj rssi -68  len = 12, 12
06-25 13:59:47.429   364   364 D wpa_supplicant: wpa_driver_wext_driver_cmd LINKSPEED len = 248
06-25 13:59:47.429   364   364 D wpa_supplicant: wpa_driver_wext_driver_cmd LinkSpeed 54 len = 12, 12
06-25 13:59:50.437   364   364 D wpa_supplicant: wpa_driver_wext_driver_cmd RSSI len = 248
06-25 13:59:50.445   364   364 D wpa_supplicant: wpa_driver_wext_driver_cmd mj rssi -66  len = 12, 12
06-25 13:59:50.445   364   364 D wpa_supplicant: wpa_driver_wext_driver_cmd LINKSPEED len = 248
06-25 13:59:50.449   364   364 D wpa_supplicant: wpa_driver_wext_driver_cmd LinkSpeed 54 len = 12, 12
06-25 13:59:53.453   364   364 D wpa_supplicant: wpa_driver_wext_driver_cmd RSSI len = 248
06-25 13:59:53.461   364   364 D wpa_supplicant: wpa_driver_wext_driver_cmd mj rssi -69  len = 12, 12
06-25 13:59:53.461   364   364 D wpa_supplicant: wpa_driver_wext_driver_cmd LINKSPEED len = 248
06-25 13:59:53.461   364   364 D wpa_supplicant: wpa_driver_wext_driver_cmd LinkSpeed 54 len = 12, 12
06-25 13:59:56.464   364   364 D wpa_supplicant: wpa_driver_wext_driver_cmd RSSI len = 248
06-25 13:59:56.464   364   364 D wpa_supplicant: wpa_driver_wext_driver_cmd mj rssi -75  len = 12, 12
06-25 13:59:56.464   364   364 D wpa_supplicant: wpa_driver_wext_driver_cmd LINKSPEED len = 248
06-25 13:59:56.464   364   364 D wpa_supplicant: wpa_driver_wext_driver_cmd LinkSpeed 54 len = 12, 12
06-25 13:59:59.093   398   398 D PhoneStatusBar: disable: < expand icons alerts ticker system_info BACK* HOME* RECENT CLOCK* >
06-25 13:59:59.406   398   400 D dalvikvm: GC_CONCURRENT freed 418K, 59% free 10454K/25287K, paused 2ms+8ms
06-25 13:59:59.468   364   364 D wpa_supplicant: wpa_driver_wext_driver_cmd RSSI len = 248
06-25 13:59:59.476   364   364 D wpa_supplicant: wpa_driver_wext_driver_cmd mj rssi -68  len = 12, 12
06-25 13:59:59.476   364   364 D wpa_supplicant: wpa_driver_wext_driver_cmd LINKSPEED len = 248
06-25 13:59:59.476   364   364 D wpa_supplicant: wpa_driver_wext_driver_cmd LinkSpeed 54 len = 12, 12
06-25 13:59:59.546   398   400 D dalvikvm: GC_CONCURRENT freed 568K, 60% free 10282K/25287K, paused 2ms+3ms
06-25 14:00:02.480   364   364 D wpa_supplicant: wpa_driver_wext_driver_cmd RSSI len = 248
06-25 14:00:02.480   364   364 D wpa_supplicant: wpa_driver_wext_driver_cmd mj rssi -57  len = 12, 12
06-25 14:00:02.480   364   364 D wpa_supplicant: wpa_driver_wext_driver_cmd LINKSPEED len = 248
06-25 14:00:02.480   364   364 D wpa_supplicant: wpa_driver_wext_driver_cmd LinkSpeed 54 len = 12, 12
06-25 14:00:05.484   364   364 D wpa_supplicant: wpa_driver_wext_driver_cmd RSSI len = 248
06-25 14:00:05.492   364   364 D wpa_supplicant: wpa_driver_wext_driver_cmd mj rssi -56  len = 12, 12
06-25 14:00:05.492   364   364 D wpa_supplicant: wpa_driver_wext_driver_cmd LINKSPEED len = 248
06-25 14:00:05.496   364   364 D wpa_supplicant: wpa_driver_wext_driver_cmd LinkSpeed 54 len = 12, 12
06-25 14:00:08.507   364   364 D wpa_supplicant: wpa_driver_wext_driver_cmd RSSI len = 248
06-25 14:00:08.515   364   364 D wpa_supplicant: wpa_driver_wext_driver_cmd mj rssi -60  len = 12, 12
06-25 14:00:08.515   364   364 D wpa_supplicant: wpa_driver_wext_driver_cmd LINKSPEED len = 248
06-25 14:00:08.519   364   364 D wpa_supplicant: wpa_driver_wext_driver_cmd LinkSpeed 54 len = 12, 12
06-25 14:00:09.625   151   196 I power   : *** set_screen_state 0
06-25 14:00:09.675    78   118 D SurfaceFlinger: About to give-up screen, flinger = 0x17fe918
06-25 14:00:09.796   151   200 V TransportControlView: Create TCV com.android.internal.widget.TransportControlView@414c7910
06-25 14:00:14.011   398   400 D dalvikvm: GC_CONCURRENT freed 578K, 60% free 10177K/25287K, paused 2ms+477ms
06-25 14:02:38.074 14440 14459 I Email   : ReconcilePopImapAccountsSync: start
06-25 14:02:38.093 14440 14459 I Email   : ReconcilePopImapAccountsSync: done
06-25 14:02:45.023 13564 13565 D dalvikvm: GC_CONCURRENT freed 387K, 7% free 9598K/10247K, paused 2ms+3ms
06-25 14:06:39.090 14507 15062 W Gmail   : No MailEngine for account: mcmanojster@gmail.com
06-25 14:07:03.320 14839 14842 D dalvikvm: GC_CONCURRENT freed 392K, 5% free 10952K/11463K, paused 6ms+3ms
06-25 14:08:53.230   151   580 I ActivityManager: START {flg=0x10040000 cmp=com.whatsapp/.PopupNotificationLocked} from pid 14936
06-25 14:08:53.234 19608 19608 D OpenGLRenderer: Flushing caches (mode 0)
06-25 14:08:53.296   398   398 D dalvikvm: GC_FOR_ALLOC freed 359K, 60% free 10157K/25287K, paused 49ms
06-25 14:08:53.332    81   121 D AudioHardware: AudioHardware pcm playback is exiting standby.
06-25 14:08:53.332    81   121 D AudioHardware: openPcmOut_l() mPcmOpenCnt: 0
06-25 14:08:53.449   398   398 D PhoneStatusBar: disable: < expand icons alerts ticker system_info back* home* RECENT clock* >
06-25 14:08:53.468   398   398 V PhoneStatusBar: setLightsOn(true)
06-25 14:08:53.570   398   400 D dalvikvm: GC_CONCURRENT freed 425K, 60% free 10159K/25287K, paused 3ms+23ms
06-25 14:08:53.605   151   199 I ActivityManager: Displayed com.whatsapp/.PopupNotificationLocked: +373ms
06-25 14:08:53.605 14936 14936 W IInputConnectionWrapper: getCursorCapsMode on inactive InputConnection
06-25 14:08:53.773   151   153 D dalvikvm: GC_CONCURRENT freed 1714K, 30% free 16261K/22919K, paused 2ms+7ms
06-25 14:08:53.832   398   400 D dalvikvm: GC_CONCURRENT freed 131K, 59% free 10454K/25287K, paused 2ms+5ms
06-25 14:08:53.875 19608 19608 D OpenGLRenderer: Flushing caches (mode 1)
06-25 14:08:53.945   151   580 I power   : *** set_screen_state 1
06-25 14:08:53.964   151   200 W WindowManager: Aborted waiting for drawn: Window{414dc210 Keyguard paused=false}
06-25 14:08:53.968   151   200 I WindowManager: Lock screen displayed!
06-25 14:08:53.980   364   364 D wpa_supplicant: wpa_driver_wext_driver_cmd RSSI len = 248
06-25 14:08:53.988   364   364 D wpa_supplicant: wpa_driver_wext_driver_cmd mj rssi -60  len = 12, 12
06-25 14:08:53.988   364   364 D wpa_supplicant: wpa_driver_wext_driver_cmd LINKSPEED len = 248
06-25 14:08:53.988   364   364 D wpa_supplicant: wpa_driver_wext_driver_cmd LinkSpeed 54 len = 12, 12
06-25 14:08:53.988   364   364 D wpa_supplicant: wpa_driver_wext_driver_cmd SETSUSPENDOPT 0 len = 4096
06-25 14:08:53.988   364   364 D wpa_supplicant: wpa_driver_wext_driver_cmd SETSUSPENDOPT 0 len = 0, 15
06-25 14:08:53.992   364   364 D wpa_supplicant: wpa_driver_wext_driver_cmd POWERMODE 0 len = 4096
06-25 14:08:54.000   364   364 D wpa_supplicant: wpa_driver_wext_driver_cmd OK len = 0, 2
06-25 14:08:54.058   398   400 D dalvikvm: GC_CONCURRENT freed 595K, 60% free 10286K/25287K, paused 2ms+4ms
06-25 14:08:54.093 14936 14938 D dalvikvm: GC_CONCURRENT freed 968K, 26% free 12490K/16839K, paused 2ms+4ms
06-25 14:08:54.136    78   118 D SurfaceFlinger: Screen about to return, flinger = 0x17fe918
06-25 14:08:56.992   364   364 D wpa_supplicant: wpa_driver_wext_driver_cmd RSSI len = 248
06-25 14:08:57.000   364   364 D wpa_supplicant: wpa_driver_wext_driver_cmd mj rssi -63  len = 12, 12
06-25 14:08:57.000   364   364 D wpa_supplicant: wpa_driver_wext_driver_cmd LINKSPEED len = 248
06-25 14:08:57.000   364   364 D wpa_supplicant: wpa_driver_wext_driver_cmd LinkSpeed 54 len = 12, 12
06-25 14:08:57.980    81   121 D AudioHardware: AudioHardware pcm playback is going to standby.
06-25 14:08:57.980    81   121 D AudioHardware: closePcmOut_l() mPcmOpenCnt: 1
06-25 14:08:58.269   151   205 I InputReader: Reconfiguring input devices.  changes=0x00000004
06-25 14:08:58.269   151   205 I InputReader: Device reconfigured: id=7, name='mxt224_ts_input', surface size is now 480x800, mode is 1
06-25 14:08:58.347   151   167 I ActivityManager: Config changed: {1.0 310mcc120mnc en_US layoutdir=0 sw320dp w533dp h294dp nrml long land finger -keyb/v/h -nav/h s.249}
06-25 14:08:58.429   151   200 V TransportControlView: Create TCV com.android.internal.widget.TransportControlView@415b47e8
06-25 14:08:58.613   398   398 D dalvikvm: GC_FOR_ALLOC freed 314K, 60% free 10304K/25287K, paused 25ms
06-25 14:08:58.636   398   398 D dalvikvm: GC_FOR_ALLOC freed 220K, 59% free 10387K/25287K, paused 19ms
06-25 14:08:58.711   398   398 D dalvikvm: GC_FOR_ALLOC freed 182K, 59% free 10509K/25287K, paused 48ms
06-25 14:08:59.046 19216 19218 D dalvikvm: GC_CONCURRENT freed 1977K, 20% free 16335K/20359K, paused 3ms+25ms
06-25 14:08:59.898   151   205 I InputReader: Reconfiguring input devices.  changes=0x00000004
06-25 14:08:59.898   151   205 I InputReader: Device reconfigured: id=7, name='mxt224_ts_input', surface size is now 480x800, mode is 1
06-25 14:08:59.945   151   199 I ActivityManager: Config changed: {1.0 310mcc120mnc en_US layoutdir=0 sw320dp w320dp h508dp nrml long port finger -keyb/v/h -nav/h s.250}
06-25 14:09:00.007   364   364 D wpa_supplicant: wpa_driver_wext_driver_cmd RSSI len = 248
06-25 14:09:00.015   364   364 D wpa_supplicant: wpa_driver_wext_driver_cmd mj rssi -68  len = 12, 12
06-25 14:09:00.015   364   364 D wpa_supplicant: wpa_driver_wext_driver_cmd LINKSPEED len = 248
06-25 14:09:00.015   364   364 D wpa_supplicant: wpa_driver_wext_driver_cmd LinkSpeed 54 len = 12, 12
06-25 14:09:00.046   151   200 D android.widget.GridLayout: horizontal constraints: x1 - x0 > 214, x2 - x1 > 96, x3 - x2 > 300, x3 - x0 < 480 are inconsistent; permanently removing: x3 - x0 < 480. 
06-25 14:09:00.160   151   585 D dalvikvm: GC_EXPLICIT freed 856K, 30% free 16246K/22919K, paused 6ms+7ms
06-25 14:09:00.226   151   200 V TransportControlView: Create TCV com.android.internal.widget.TransportControlView@41873528
06-25 14:09:00.363   398   400 D dalvikvm: GC_CONCURRENT freed 51K, 58% free 10847K/25287K, paused 2ms+5ms
06-25 14:09:00.640   398   400 D dalvikvm: GC_CONCURRENT freed 948K, 59% free 10455K/25287K, paused 2ms+4ms
06-25 14:09:02.343 19216 19216 W Suggest : String pool got too big: 19
06-25 14:09:03.015 19216 19216 W Suggest : String pool got too big: 19
06-25 14:09:03.019   364   364 D wpa_supplicant: wpa_driver_wext_driver_cmd RSSI len = 248
06-25 14:09:03.027   364   364 D wpa_supplicant: wpa_driver_wext_driver_cmd mj rssi -77  len = 12, 12
06-25 14:09:03.027   364   364 D wpa_supplicant: wpa_driver_wext_driver_cmd LINKSPEED len = 248
06-25 14:09:03.027   364   364 D wpa_supplicant: wpa_driver_wext_driver_cmd LinkSpeed 54 len = 12, 12
06-25 14:09:03.086   151   199 D dalvikvm: GC_EXPLICIT freed 965K, 30% free 16230K/22919K, paused 3ms+11ms
06-25 14:09:04.492 19216 19218 D dalvikvm: GC_CONCURRENT freed 1667K, 18% free 16696K/20359K, paused 2ms+8ms
06-25 14:09:05.578 13338 13351 I PhoneLab-: Service Running
06-25 14:09:05.664 13338 13341 D dalvikvm: GC_CONCURRENT freed 374K, 18% free 9125K/11079K, paused 2ms+2ms
06-25 14:09:05.671 13338 13351 I PhoneLab-LoggerService: app_37    1563  1     1856   1408  c00f181c 400107b4 S logcat
06-25 14:09:05.671 13338 13351 I PhoneLab-LoggerService: Logcat pid from database 1563
06-25 14:09:05.679 13338 13351 I PhoneLab-LoggerService: Logcat process found 1563
06-25 14:09:05.679 13338 13351 I PhoneLab-LoggerService: Checking Threshold
06-25 14:09:05.679 13338 13351 I PhoneLab-LoggerService: Starting to rename files
06-25 14:09:05.679 13338 13351 I PhoneLab-LoggerService: Files found .. 2
06-25 14:09:05.679 13338 13351 I PhoneLab-LoggerService: File 1 log.out.1
06-25 14:09:05.683 13338 13351 I PhoneLab-LoggerService: Renamed successfully
06-25 14:09:05.687 13338 13351 I PhoneLab-: Service Running
06-25 14:09:05.796 13338 13351 I PhoneLab-LoggerService: app_37    1563  1     1856   1408  c00f181c 400107b4 S logcat
06-25 14:09:05.796 13338 13351 I PhoneLab-LoggerService: Logcat pid from database 1563
06-25 14:09:05.796 13338 13351 I PhoneLab-LoggerService: Logcat process found 1563
06-25 14:09:05.800 13338 13351 I PhoneLab-LoggerService: Checking Threshold
06-25 14:09:05.800 13338 13351 I PhoneLab-LoggerService: Starting to rename files
06-25 14:09:05.800 13338 13351 I PhoneLab-LoggerService: Files found .. 2
06-25 14:09:05.800 13338 13351 I PhoneLab-: Service Running
06-25 14:09:05.851 13338 13351 I PhoneLab-LoggerService: app_37    1563  1     1856   1408  c00f181c 400107b4 S logcat
06-25 14:09:05.851 13338 13351 I PhoneLab-LoggerService: Logcat pid from database 1563
06-25 14:09:05.851 13338 13351 I PhoneLab-LoggerService: Logcat process found 1563
06-25 14:09:05.851 13338 13351 I PhoneLab-LoggerService: Checking Threshold
06-25 14:09:05.851 13338 13351 I PhoneLab-LoggerService: Starting to rename files
06-25 14:09:05.851 13338 13351 I PhoneLab-LoggerService: Files found .. 2
06-25 14:09:05.851 13338 13351 I PhoneLab-: Service Running
06-25 14:09:05.879 13338 13351 I PhoneLab-LoggerService: app_37    1563  1     1856   1408  c00f181c 400107b4 S logcat
06-25 14:09:05.882 13338 13351 I PhoneLab-LoggerService: Logcat pid from database 1563
06-25 14:09:05.882 13338 13351 I PhoneLab-LoggerService: Logcat process found 1563
06-25 14:09:05.882 13338 13351 I PhoneLab-LoggerService: Checking Threshold
06-25 14:09:05.882 13338 13351 I PhoneLab-LoggerService: Starting to rename files
06-25 14:09:05.882 13338 13351 I PhoneLab-LoggerService: Files found .. 2
06-25 14:09:05.882 13338 13351 I PhoneLab-: Service Running
06-25 14:09:05.914 13338 13351 I PhoneLab-LoggerService: app_37    1563  1     1856   1408  c00f181c 400107b4 S logcat
06-25 14:09:05.914 13338 13351 I PhoneLab-LoggerService: Logcat pid from database 1563
06-25 14:09:05.914 13338 13351 I PhoneLab-LoggerService: Logcat process found 1563
06-25 14:09:05.914 13338 13351 I PhoneLab-LoggerService: Checking Threshold
06-25 14:09:05.914 13338 13351 I PhoneLab-LoggerService: Starting to rename files
06-25 14:09:05.914 13338 13351 I PhoneLab-LoggerService: Files found .. 2
06-25 14:09:05.914 13338 13351 I PhoneLab-: Service Running
06-25 14:09:05.941 13338 13351 I PhoneLab-LoggerService: app_37    1563  1     1856   1408  c00f181c 400107b4 S logcat
06-25 14:09:05.945 13338 13351 I PhoneLab-LoggerService: Logcat pid from database 1563
06-25 14:09:05.945 13338 13351 I PhoneLab-LoggerService: Logcat process found 1563
06-25 14:09:05.945 13338 13351 I PhoneLab-LoggerService: Checking Threshold
06-25 14:09:05.945 13338 13351 I PhoneLab-LoggerService: Starting to rename files
06-25 14:09:05.945 13338 13351 I PhoneLab-LoggerService: Files found .. 2
06-25 14:09:05.945 13338 13351 I PhoneLab-: Service Running
06-25 14:09:05.972 13338 13351 I PhoneLab-LoggerService: app_37    1563  1     1856   1408  c00f181c 400107b4 S logcat
06-25 14:09:05.976 13338 13351 I PhoneLab-LoggerService: Logcat pid from database 1563
06-25 14:09:05.976 13338 13351 I PhoneLab-LoggerService: Logcat process found 1563
06-25 14:09:05.976 13338 13351 I PhoneLab-LoggerService: Checking Threshold
06-25 14:09:05.976 13338 13351 I PhoneLab-LoggerService: Starting to rename files
06-25 14:09:05.976 13338 13351 I PhoneLab-LoggerService: Files found .. 2
06-25 14:09:06.031   364   364 D wpa_supplicant: wpa_driver_wext_driver_cmd RSSI len = 248
06-25 14:09:06.039   364   364 D wpa_supplicant: wpa_driver_wext_driver_cmd mj rssi -79  len = 12, 12
06-25 14:09:06.039   364   364 D wpa_supplicant: wpa_driver_wext_driver_cmd LINKSPEED len = 248
06-25 14:09:06.039   364   364 D wpa_supplicant: wpa_driver_wext_driver_cmd LinkSpeed 54 len = 12, 12
06-25 14:09:07.558   398   398 D PhoneStatusBar: disable: < expand icons alerts ticker system_info BACK* HOME* RECENT CLOCK* >
06-25 14:09:07.902   398   400 D dalvikvm: GC_CONCURRENT freed 546K, 59% free 10413K/25287K, paused 2ms+3ms
06-25 14:09:08.402   398   398 D PhoneStatusBar: disable: < expand icons alerts ticker system_info BACK HOME recent* CLOCK >
06-25 14:09:08.433   398   398 D PhoneStatusBar: disable: < expand icons alerts ticker system_info back* home* recent clock* >
06-25 14:09:08.558 14416 14528 D NfcService: NFC-C ON
06-25 14:09:08.597 14936 14936 W IInputConnectionWrapper: showStatusIcon on inactive InputConnection
06-25 14:09:08.617   398   400 D dalvikvm: GC_CONCURRENT freed 659K, 60% free 10219K/25287K, paused 3ms+14ms
06-25 14:09:09.043   364   364 D wpa_supplicant: wpa_driver_wext_driver_cmd RSSI len = 248
06-25 14:09:09.050   364   364 D wpa_supplicant: wpa_driver_wext_driver_cmd mj rssi -79  len = 12, 12
06-25 14:09:09.050   364   364 D wpa_supplicant: wpa_driver_wext_driver_cmd LINKSPEED len = 248
06-25 14:09:09.050   364   364 D wpa_supplicant: wpa_driver_wext_driver_cmd LinkSpeed 54 len = 12, 12
06-25 14:09:09.254   364   364 D wpa_supplicant: RTM_NEWLINK: operstate=1 ifi_flags=0x11043 ([UP][RUNNING][LOWER_UP])
06-25 14:09:09.254   364   364 D wpa_supplicant: RTM_NEWLINK, IFLA_IFNAME: Interface 'wlan0' added
06-25 14:09:09.254   364   364 D wpa_supplicant: Wireless event: cmd=0x8c00 len=20
06-25 14:09:09.757   151  3109 I ActivityManager: START {act=android.intent.action.MAIN cat=[android.intent.category.LAUNCHER] flg=0x10200000 cmp=com.whatsapp/.Main bnds=[0,103][120,253]} from pid 19608
06-25 14:09:09.886 19608 19608 D OpenGLRenderer: Flushing caches (mode 0)
06-25 14:09:09.890   398   398 V PhoneStatusBar: setLightsOn(true)
06-25 14:09:09.992 19608 19608 D OpenGLRenderer: Flushing caches (mode 1)
06-25 14:09:12.054   364   364 D wpa_supplicant: wpa_driver_wext_driver_cmd RSSI len = 248
06-25 14:09:12.062   364   364 D wpa_supplicant: wpa_driver_wext_driver_cmd mj rssi -73  len = 12, 12
06-25 14:09:12.062   364   364 D wpa_supplicant: wpa_driver_wext_driver_cmd LINKSPEED len = 248
06-25 14:09:12.062   364   364 D wpa_supplicant: wpa_driver_wext_driver_cmd LinkSpeed 54 len = 12, 12
06-25 14:09:13.000   398   398 V PhoneStatusBar: setLightsOn(true)
06-25 14:09:13.238 14031 14033 D dalvikvm: GC_CONCURRENT freed 354K, 6% free 9480K/10055K, paused 1ms+4ms
06-25 14:09:13.359 14031 14048 D dalvikvm: GC_EXPLICIT freed 136K, 7% free 9373K/10055K, paused 3ms+3ms
06-25 14:09:14.421   151  3109 I ActivityManager: START {flg=0x14000000 cmp=com.whatsapp/.Conversation (has extras)} from pid 14936
06-25 14:09:14.652 14936 14938 D dalvikvm: GC_CONCURRENT freed 1306K, 28% free 12286K/16839K, paused 2ms+15ms
06-25 14:09:14.730   398   398 V PhoneStatusBar: setLightsOn(true)
06-25 14:09:14.910   151   199 I ActivityManager: Displayed com.whatsapp/.Conversation: +428ms
06-25 14:09:15.066   364   364 D wpa_supplicant: wpa_driver_wext_driver_cmd RSSI len = 248
06-25 14:09:15.074   364   364 D wpa_supplicant: wpa_driver_wext_driver_cmd mj rssi -80  len = 12, 12
06-25 14:09:15.074   364   364 D wpa_supplicant: wpa_driver_wext_driver_cmd LINKSPEED len = 248
06-25 14:09:15.078   364   364 D wpa_supplicant: wpa_driver_wext_driver_cmd LinkSpeed 54 len = 12, 12
06-25 14:09:18.082   364   364 D wpa_supplicant: wpa_driver_wext_driver_cmd RSSI len = 248
06-25 14:09:18.089   364   364 D wpa_supplicant: wpa_driver_wext_driver_cmd mj rssi -69  len = 12, 12
06-25 14:09:18.089   364   364 D wpa_supplicant: wpa_driver_wext_driver_cmd LINKSPEED len = 248
06-25 14:09:18.089   364   364 D wpa_supplicant: wpa_driver_wext_driver_cmd LinkSpeed 54 len = 12, 12
06-25 14:09:21.093   364   364 D wpa_supplicant: wpa_driver_wext_driver_cmd RSSI len = 248
06-25 14:09:21.101   364   364 D wpa_supplicant: wpa_driver_wext_driver_cmd mj rssi -72  len = 12, 12
06-25 14:09:21.101   364   364 D wpa_supplicant: wpa_driver_wext_driver_cmd LINKSPEED len = 248
06-25 14:09:21.105   364   364 D wpa_supplicant: wpa_driver_wext_driver_cmd LinkSpeed 54 len = 12, 12
06-25 14:09:21.644   151   204 I ActivityManager: START {act=android.intent.action.MAIN cat=[android.intent.category.HOME] flg=0x10200000 cmp=com.android.launcher/com.android.launcher2.Launcher} from pid 151
06-25 14:09:21.757 19608 19615 I dalvikvm: Jit: resizing JitTable from 8192 to 16384
06-25 14:09:21.769 14936 14936 W IInputConnectionWrapper: showStatusIcon on inactive InputConnection
06-25 14:09:21.769   151   497 W InputManagerService: Starting input on non-focused client com.android.internal.view.IInputMethodClient$Stub$Proxy@41836f80 (uid=10053 pid=14936)
06-25 14:09:24.132   364   364 D wpa_supplicant: wpa_driver_wext_driver_cmd RSSI len = 248
06-25 14:09:24.140   364   364 D wpa_supplicant: wpa_driver_wext_driver_cmd mj rssi -64  len = 12, 12
06-25 14:09:24.140   364   364 D wpa_supplicant: wpa_driver_wext_driver_cmd LINKSPEED len = 248
06-25 14:09:24.140   364   364 D wpa_supplicant: wpa_driver_wext_driver_cmd LinkSpeed 54 len = 12, 12
06-25 14:09:24.464   151   196 I power   : *** set_screen_state 0
06-25 14:09:24.523    78   118 D SurfaceFlinger: About to give-up screen, flinger = 0x17fe918
06-25 14:09:24.621   151   200 V TransportControlView: Create TCV com.android.internal.widget.TransportControlView@418af250
06-25 14:09:24.640 14416 14552 D NfcService: NFC-C OFF, disconnect
06-25 14:09:24.656   398   398 D PhoneStatusBar: disable: < expand icons alerts ticker system_info back home RECENT* clock >
06-25 14:09:24.679   398   398 D PhoneStatusBar: disable: < expand icons alerts ticker system_info BACK* HOME* RECENT CLOCK* >
06-25 14:09:36.125   151   153 D dalvikvm: GC_CONCURRENT freed 1162K, 27% free 16872K/22919K, paused 2ms+13ms
06-25 14:09:42.090 19608 19608 D OpenGLRenderer: Flushing caches (mode 0)
06-25 14:09:42.090   151   585 I ActivityManager: START {flg=0x10040000 cmp=com.whatsapp/.PopupNotificationLocked} from pid 14936
06-25 14:09:42.222   398   400 D dalvikvm: GC_CONCURRENT freed 487K, 60% free 10133K/25287K, paused 1ms+11ms
06-25 14:09:42.297 14936 15090 D dalvikvm: GC_EXPLICIT freed 701K, 28% free 12147K/16839K, paused 2ms+14ms
06-25 14:09:42.367    81   121 D AudioHardware: AudioHardware pcm playback is exiting standby.
06-25 14:09:42.367    81   121 D AudioHardware: openPcmOut_l() mPcmOpenCnt: 0
06-25 14:09:42.476   398   398 D dalvikvm: GC_FOR_ALLOC freed 368K, 61% free 10113K/25287K, paused 75ms
06-25 14:09:42.484   398   398 D PhoneStatusBar: disable: < expand icons alerts ticker system_info back* home* RECENT clock* >
06-25 14:09:42.500   398   398 V PhoneStatusBar: setLightsOn(true)
06-25 14:09:42.582   151   199 I ActivityManager: Displayed com.whatsapp/.PopupNotificationLocked: +494ms
06-25 14:09:42.597 14936 14936 W IInputConnectionWrapper: showStatusIcon on inactive InputConnection
06-25 14:09:42.617 19608 19608 D OpenGLRenderer: Flushing caches (mode 1)
06-25 14:09:43.023   151   590 I power   : *** set_screen_state 1
06-25 14:09:43.047   151   200 W WindowManager: Aborted waiting for drawn: Window{414dc210 Keyguard paused=false}
06-25 14:09:43.047   151   200 I WindowManager: Lock screen displayed!
06-25 14:09:43.058   364   364 D wpa_supplicant: wpa_driver_wext_driver_cmd RSSI len = 248
06-25 14:09:43.062   364   364 D wpa_supplicant: wpa_driver_wext_driver_cmd mj rssi -57  len = 12, 12
06-25 14:09:43.062   364   364 D wpa_supplicant: wpa_driver_wext_driver_cmd LINKSPEED len = 248
06-25 14:09:43.062   364   364 D wpa_supplicant: wpa_driver_wext_driver_cmd LinkSpeed 54 len = 12, 12
06-25 14:09:43.062   364   364 D wpa_supplicant: wpa_driver_wext_driver_cmd SETSUSPENDOPT 0 len = 4096
06-25 14:09:43.062   364   364 D wpa_supplicant: wpa_driver_wext_driver_cmd SETSUSPENDOPT 0 len = 0, 15
06-25 14:09:43.062   364   364 D wpa_supplicant: wpa_driver_wext_driver_cmd POWERMODE 0 len = 4096
06-25 14:09:43.082   364   364 D wpa_supplicant: wpa_driver_wext_driver_cmd OK len = 0, 2
06-25 14:09:43.254    78   118 D SurfaceFlinger: Screen about to return, flinger = 0x17fe918
06-25 14:09:46.066   364   364 D wpa_supplicant: wpa_driver_wext_driver_cmd RSSI len = 248
06-25 14:09:46.078   364   364 D wpa_supplicant: wpa_driver_wext_driver_cmd mj rssi -60  len = 12, 12
06-25 14:09:46.078   364   364 D wpa_supplicant: wpa_driver_wext_driver_cmd LINKSPEED len = 248
06-25 14:09:46.086   364   364 D wpa_supplicant: wpa_driver_wext_driver_cmd LinkSpeed 54 len = 12, 12
06-25 14:09:47.011    81   121 D AudioHardware: AudioHardware pcm playback is going to standby.
06-25 14:09:47.011    81   121 D AudioHardware: closePcmOut_l() mPcmOpenCnt: 1
06-25 14:09:48.507   151   669 I ActivityManager: START {flg=0x10040000 cmp=com.whatsapp/.PopupNotificationLocked} from pid 14936
06-25 14:09:48.629   151   196 I power   : *** set_screen_state 0
06-25 14:09:48.629    81   121 D AudioHardware: AudioHardware pcm playback is exiting standby.
06-25 14:09:48.629    81   121 D AudioHardware: openPcmOut_l() mPcmOpenCnt: 0
06-25 14:09:48.675    78   118 D SurfaceFlinger: About to give-up screen, flinger = 0x17fe918
06-25 14:09:48.804   151   200 V TransportControlView: Create TCV com.android.internal.widget.TransportControlView@4193f9f8
06-25 14:09:49.375   151   580 I power   : *** set_screen_state 1
06-25 14:09:49.429   364   364 D wpa_supplicant: wpa_driver_wext_driver_cmd RSSI len = 248
06-25 14:09:49.437   364   364 D wpa_supplicant: wpa_driver_wext_driver_cmd mj rssi -58  len = 12, 12
06-25 14:09:49.437   364   364 D wpa_supplicant: wpa_driver_wext_driver_cmd LINKSPEED len = 248
06-25 14:09:49.437   364   364 D wpa_supplicant: wpa_driver_wext_driver_cmd LinkSpeed 54 len = 12, 12
06-25 14:09:49.441   364   364 D wpa_supplicant: wpa_driver_wext_driver_cmd SETSUSPENDOPT 0 len = 4096
06-25 14:09:49.441   364   364 D wpa_supplicant: wpa_driver_wext_driver_cmd SETSUSPENDOPT 0 len = 0, 15
06-25 14:09:49.445   364   364 D wpa_supplicant: wpa_driver_wext_driver_cmd POWERMODE 0 len = 4096
06-25 14:09:49.449   364   364 D wpa_supplicant: wpa_driver_wext_driver_cmd OK len = 0, 2
06-25 14:09:49.461   151   200 W WindowManager: Aborted waiting for drawn: Window{414dc210 Keyguard paused=false}
06-25 14:09:49.461   151   200 I WindowManager: Lock screen displayed!
06-25 14:09:49.582    78   118 D SurfaceFlinger: Screen about to return, flinger = 0x17fe918
06-25 14:09:52.441   364   364 D wpa_supplicant: wpa_driver_wext_driver_cmd RSSI len = 248
06-25 14:09:52.453   364   364 D wpa_supplicant: wpa_driver_wext_driver_cmd mj rssi -59  len = 12, 12
06-25 14:09:52.453   364   364 D wpa_supplicant: wpa_driver_wext_driver_cmd LINKSPEED len = 248
06-25 14:09:52.461   364   364 D wpa_supplicant: wpa_driver_wext_driver_cmd LinkSpeed 54 len = 12, 12
06-25 14:09:53.273    81   121 D AudioHardware: AudioHardware pcm playback is going to standby.
06-25 14:09:53.273    81   121 D AudioHardware: closePcmOut_l() mPcmOpenCnt: 1
06-25 14:09:54.980   151   196 I power   : *** set_screen_state 0
06-25 14:09:55.047    78   118 D SurfaceFlinger: About to give-up screen, flinger = 0x17fe918
06-25 14:09:55.117   151   200 V TransportControlView: Create TCV com.android.internal.widget.TransportControlView@41502ad0
06-25 14:09:59.066   151   499 I ActivityManager: START {flg=0x10040000 cmp=com.whatsapp/.PopupNotificationLocked} from pid 14936
06-25 14:09:59.171    81   121 D AudioHardware: AudioHardware pcm playback is exiting standby.
06-25 14:09:59.171    81   121 D AudioHardware: openPcmOut_l() mPcmOpenCnt: 0
06-25 14:09:59.855   151  3110 I power   : *** set_screen_state 1
06-25 14:09:59.918   151   200 W WindowManager: Aborted waiting for drawn: Window{414dc210 Keyguard paused=false}
06-25 14:09:59.918   151   200 I WindowManager: Lock screen displayed!
06-25 14:09:59.921   364   364 D wpa_supplicant: wpa_driver_wext_driver_cmd RSSI len = 248
06-25 14:09:59.933   364   364 D wpa_supplicant: wpa_driver_wext_driver_cmd mj rssi -59  len = 12, 12
06-25 14:09:59.933   364   364 D wpa_supplicant: wpa_driver_wext_driver_cmd LINKSPEED len = 248
06-25 14:09:59.933   364   364 D wpa_supplicant: wpa_driver_wext_driver_cmd LinkSpeed 54 len = 12, 12
06-25 14:09:59.933   364   364 D wpa_supplicant: wpa_driver_wext_driver_cmd SETSUSPENDOPT 0 len = 4096
06-25 14:09:59.933   364   364 D wpa_supplicant: wpa_driver_wext_driver_cmd SETSUSPENDOPT 0 len = 0, 15
06-25 14:09:59.933   364   364 D wpa_supplicant: wpa_driver_wext_driver_cmd POWERMODE 0 len = 4096
06-25 14:09:59.937   364   364 D wpa_supplicant: wpa_driver_wext_driver_cmd OK len = 0, 2
06-25 14:10:00.062    78   118 D SurfaceFlinger: Screen about to return, flinger = 0x17fe918
06-25 14:10:02.933   364   364 D wpa_supplicant: wpa_driver_wext_driver_cmd RSSI len = 248
06-25 14:10:02.949   364   364 D wpa_supplicant: wpa_driver_wext_driver_cmd mj rssi -60  len = 12, 12
06-25 14:10:02.949   364   364 D wpa_supplicant: wpa_driver_wext_driver_cmd LINKSPEED len = 248
06-25 14:10:02.953   364   364 D wpa_supplicant: wpa_driver_wext_driver_cmd LinkSpeed 54 len = 12, 12
06-25 14:10:03.816    81   121 D AudioHardware: AudioHardware pcm playback is going to standby.
06-25 14:10:03.816    81   121 D AudioHardware: closePcmOut_l() mPcmOpenCnt: 1
06-25 14:10:05.445   151   196 I power   : *** set_screen_state 0
06-25 14:10:05.504    78   118 D SurfaceFlinger: About to give-up screen, flinger = 0x17fe918
06-25 14:10:05.660   151   153 D dalvikvm: GC_CONCURRENT freed 2424K, 29% free 16414K/22919K, paused 3ms+8ms
06-25 14:10:05.664   151   200 V TransportControlView: Create TCV com.android.internal.widget.TransportControlView@4133c970
06-25 14:10:14.015   151   200 I power   : *** set_screen_state 1
06-25 14:10:14.039   364   364 D wpa_supplicant: wpa_driver_wext_driver_cmd RSSI len = 248
06-25 14:10:14.050   364   364 D wpa_supplicant: wpa_driver_wext_driver_cmd mj rssi -63  len = 12, 12
06-25 14:10:14.050   364   364 D wpa_supplicant: wpa_driver_wext_driver_cmd LINKSPEED len = 248
06-25 14:10:14.050   364   364 D wpa_supplicant: wpa_driver_wext_driver_cmd LinkSpeed 54 len = 12, 12
06-25 14:10:14.050   364   364 D wpa_supplicant: wpa_driver_wext_driver_cmd SETSUSPENDOPT 0 len = 4096
06-25 14:10:14.050   364   364 D wpa_supplicant: wpa_driver_wext_driver_cmd SETSUSPENDOPT 0 len = 0, 15
06-25 14:10:14.050   364   364 D wpa_supplicant: wpa_driver_wext_driver_cmd POWERMODE 0 len = 4096
06-25 14:10:14.058   364   364 D wpa_supplicant: wpa_driver_wext_driver_cmd OK len = 0, 2
06-25 14:10:14.089   151   200 W WindowManager: Aborted waiting for drawn: Window{414dc210 Keyguard paused=false}
06-25 14:10:14.089   151   200 I WindowManager: Lock screen displayed!
06-25 14:10:14.238    78   118 D SurfaceFlinger: Screen about to return, flinger = 0x17fe918
06-25 14:10:14.566   151   205 I InputReader: Reconfiguring input devices.  changes=0x00000004
06-25 14:10:14.566   151   205 I InputReader: Device reconfigured: id=7, name='mxt224_ts_input', surface size is now 480x800, mode is 1
06-25 14:10:14.640   151   167 I ActivityManager: Config changed: {1.0 310mcc120mnc en_US layoutdir=0 sw320dp w533dp h294dp nrml long land finger -keyb/v/h -nav/h s.251}
06-25 14:10:14.718   151   200 D android.widget.GridLayout: vertical constraints: y4 - y0 > 0, y1 - y0 > 133, y2 - y1 > 29, y3 - y2 > 29, y4 - y3 > 0, y5 - y4 > 0, y6 - y5 > 453, y7 - y6 > 0, y7 - y0 < 442 are inconsistent; permanently removing: y7 - y0 < 442. 
06-25 14:10:14.789   151   200 V TransportControlView: Create TCV com.android.internal.widget.TransportControlView@41500be0
06-25 14:10:14.921   398   398 D dalvikvm: GC_FOR_ALLOC freed 402K, 61% free 10084K/25287K, paused 20ms
06-25 14:10:14.945   398   398 D dalvikvm: GC_FOR_ALLOC freed 224K, 60% free 10163K/25287K, paused 18ms
06-25 14:10:16.457   151   205 I InputReader: Reconfiguring input devices.  changes=0x00000004
06-25 14:10:16.457   151   205 I InputReader: Device reconfigured: id=7, name='mxt224_ts_input', surface size is now 480x800, mode is 1
06-25 14:10:16.496   151   167 I ActivityManager: Config changed: {1.0 310mcc120mnc en_US layoutdir=0 sw320dp w320dp h508dp nrml long port finger -keyb/v/h -nav/h s.252}
06-25 14:10:16.558   151   200 D android.widget.GridLayout: horizontal constraints: x1 - x0 > 214, x2 - x1 > 96, x3 - x2 > 300, x3 - x0 < 480 are inconsistent; permanently removing: x3 - x0 < 480. 
06-25 14:10:16.593   151   200 V TransportControlView: Create TCV com.android.internal.widget.TransportControlView@415448d0
06-25 14:10:16.757   398   398 D dalvikvm: GC_FOR_ALLOC freed 339K, 60% free 10183K/25287K, paused 48ms
06-25 14:10:17.054   364   364 D wpa_supplicant: wpa_driver_wext_driver_cmd RSSI len = 248
06-25 14:10:17.062   364   364 D wpa_supplicant: wpa_driver_wext_driver_cmd mj rssi -74  len = 12, 12
06-25 14:10:17.062   364   364 D wpa_supplicant: wpa_driver_wext_driver_cmd LINKSPEED len = 248
06-25 14:10:17.062   364   364 D wpa_supplicant: wpa_driver_wext_driver_cmd LinkSpeed 54 len = 12, 12
06-25 14:10:18.968   151   199 D dalvikvm: GC_EXPLICIT freed 1181K, 30% free 16271K/22919K, paused 7ms+7ms
06-25 14:10:19.109   398   400 D dalvikvm: GC_CONCURRENT freed 332K, 60% free 10235K/25287K, paused 8ms+3ms
06-25 14:10:20.074   364   364 D wpa_supplicant: wpa_driver_wext_driver_cmd RSSI len = 248
06-25 14:10:20.082   364   364 D wpa_supplicant: wpa_driver_wext_driver_cmd mj rssi -77  len = 12, 12
06-25 14:10:20.082   364   364 D wpa_supplicant: wpa_driver_wext_driver_cmd LINKSPEED len = 248
06-25 14:10:20.082   364   364 D wpa_supplicant: wpa_driver_wext_driver_cmd LinkSpeed 54 len = 12, 12
06-25 14:10:23.086   364   364 D wpa_supplicant: wpa_driver_wext_driver_cmd RSSI len = 248
06-25 14:10:23.093   364   364 D wpa_supplicant: wpa_driver_wext_driver_cmd mj rssi -76  len = 12, 12
06-25 14:10:23.093   364   364 D wpa_supplicant: wpa_driver_wext_driver_cmd LINKSPEED len = 248
06-25 14:10:23.097   364   364 D wpa_supplicant: wpa_driver_wext_driver_cmd LinkSpeed 54 len = 12, 12
06-25 14:10:26.105   364   364 D wpa_supplicant: wpa_driver_wext_driver_cmd RSSI len = 248
06-25 14:10:26.113   364   364 D wpa_supplicant: wpa_driver_wext_driver_cmd mj rssi -75  len = 12, 12
06-25 14:10:26.113   364   364 D wpa_supplicant: wpa_driver_wext_driver_cmd LINKSPEED len = 248
06-25 14:10:26.113   364   364 D wpa_supplicant: wpa_driver_wext_driver_cmd LinkSpeed 54 len = 12, 12
06-25 14:10:29.117   364   364 D wpa_supplicant: wpa_driver_wext_driver_cmd RSSI len = 248
06-25 14:10:29.125   364   364 D wpa_supplicant: wpa_driver_wext_driver_cmd mj rssi -77  len = 12, 12
06-25 14:10:29.125   364   364 D wpa_supplicant: wpa_driver_wext_driver_cmd LINKSPEED len = 248
06-25 14:10:29.125   364   364 D wpa_supplicant: wpa_driver_wext_driver_cmd LinkSpeed 54 len = 12, 12
06-25 14:10:32.129   364   364 D wpa_supplicant: wpa_driver_wext_driver_cmd RSSI len = 248
06-25 14:10:32.136   364   364 D wpa_supplicant: wpa_driver_wext_driver_cmd mj rssi -78  len = 12, 12
06-25 14:10:32.136   364   364 D wpa_supplicant: wpa_driver_wext_driver_cmd LINKSPEED len = 248
06-25 14:10:32.136   364   364 D wpa_supplicant: wpa_driver_wext_driver_cmd LinkSpeed 54 len = 12, 12
06-25 14:10:32.707   398   400 D dalvikvm: GC_CONCURRENT freed 328K, 59% free 10372K/25287K, paused 2ms+6ms
06-25 14:10:35.140   364   364 D wpa_supplicant: wpa_driver_wext_driver_cmd RSSI len = 248
06-25 14:10:35.148   364   364 D wpa_supplicant: wpa_driver_wext_driver_cmd mj rssi -73  len = 12, 12
06-25 14:10:35.148   364   364 D wpa_supplicant: wpa_driver_wext_driver_cmd LINKSPEED len = 248
06-25 14:10:35.152   364   364 D wpa_supplicant: wpa_driver_wext_driver_cmd LinkSpeed 54 len = 12, 12
06-25 14:10:38.160   364   364 D wpa_supplicant: wpa_driver_wext_driver_cmd RSSI len = 248
06-25 14:10:38.160   364   364 D wpa_supplicant: wpa_driver_wext_driver_cmd mj rssi -67  len = 12, 12
06-25 14:10:38.160   364   364 D wpa_supplicant: wpa_driver_wext_driver_cmd LINKSPEED len = 248
06-25 14:10:38.160   364   364 D wpa_supplicant: wpa_driver_wext_driver_cmd LinkSpeed 54 len = 12, 12
06-25 14:10:41.164   364   364 D wpa_supplicant: wpa_driver_wext_driver_cmd RSSI len = 248
06-25 14:10:41.171   364   364 D wpa_supplicant: wpa_driver_wext_driver_cmd mj rssi -68  len = 12, 12
06-25 14:10:41.171   364   364 D wpa_supplicant: wpa_driver_wext_driver_cmd LINKSPEED len = 248
06-25 14:10:41.171   364   364 D wpa_supplicant: wpa_driver_wext_driver_cmd LinkSpeed 54 len = 12, 12
06-25 14:10:44.179   364   364 D wpa_supplicant: wpa_driver_wext_driver_cmd RSSI len = 248
06-25 14:10:44.187   364   364 D wpa_supplicant: wpa_driver_wext_driver_cmd mj rssi -75  len = 12, 12
06-25 14:10:44.187   364   364 D wpa_supplicant: wpa_driver_wext_driver_cmd LINKSPEED len = 248
06-25 14:10:44.187   364   364 D wpa_supplicant: wpa_driver_wext_driver_cmd LinkSpeed 54 len = 12, 12
06-25 14:10:47.203   364   364 D wpa_supplicant: wpa_driver_wext_driver_cmd RSSI len = 248
06-25 14:10:47.211   364   364 D wpa_supplicant: wpa_driver_wext_driver_cmd mj rssi -78  len = 12, 12
06-25 14:10:47.211   364   364 D wpa_supplicant: wpa_driver_wext_driver_cmd LINKSPEED len = 248
06-25 14:10:47.214   364   364 D wpa_supplicant: wpa_driver_wext_driver_cmd LinkSpeed 54 len = 12, 12
06-25 14:10:50.218   364   364 D wpa_supplicant: wpa_driver_wext_driver_cmd RSSI len = 248
06-25 14:10:50.226   364   364 D wpa_supplicant: wpa_driver_wext_driver_cmd mj rssi -76  len = 12, 12
06-25 14:10:50.226   364   364 D wpa_supplicant: wpa_driver_wext_driver_cmd LINKSPEED len = 248
06-25 14:10:50.230   364   364 D wpa_supplicant: wpa_driver_wext_driver_cmd LinkSpeed 54 len = 12, 12
06-25 14:10:53.238   364   364 D wpa_supplicant: wpa_driver_wext_driver_cmd RSSI len = 248
06-25 14:10:53.238   364   364 D wpa_supplicant: wpa_driver_wext_driver_cmd mj rssi -70  len = 12, 12
06-25 14:10:53.238   364   364 D wpa_supplicant: wpa_driver_wext_driver_cmd LINKSPEED len = 248
06-25 14:10:53.238   364   364 D wpa_supplicant: wpa_driver_wext_driver_cmd LinkSpeed 54 len = 12, 12
06-25 14:10:56.222 14936 14938 D dalvikvm: GC_CONCURRENT freed 867K, 28% free 12198K/16839K, paused 5ms+5ms
06-25 14:10:56.242   364   364 D wpa_supplicant: wpa_driver_wext_driver_cmd RSSI len = 248
06-25 14:10:56.250   364   364 D wpa_supplicant: wpa_driver_wext_driver_cmd mj rssi -74  len = 12, 12
06-25 14:10:56.250   364   364 D wpa_supplicant: wpa_driver_wext_driver_cmd LINKSPEED len = 248
06-25 14:10:56.250   364   364 D wpa_supplicant: wpa_driver_wext_driver_cmd LinkSpeed 54 len = 12, 12
06-25 14:10:59.254   364   364 D wpa_supplicant: wpa_driver_wext_driver_cmd RSSI len = 248
06-25 14:10:59.261   364   364 D wpa_supplicant: wpa_driver_wext_driver_cmd mj rssi -75  len = 12, 12
06-25 14:10:59.261   364   364 D wpa_supplicant: wpa_driver_wext_driver_cmd LINKSPEED len = 248
06-25 14:10:59.261   364   364 D wpa_supplicant: wpa_driver_wext_driver_cmd LinkSpeed 54 len = 12, 12
06-25 14:11:02.269   364   364 D wpa_supplicant: wpa_driver_wext_driver_cmd RSSI len = 248
06-25 14:11:02.269   364   364 D wpa_supplicant: wpa_driver_wext_driver_cmd mj rssi -78  len = 12, 12
06-25 14:11:02.269   364   364 D wpa_supplicant: wpa_driver_wext_driver_cmd LINKSPEED len = 248
06-25 14:11:02.273   364   364 D wpa_supplicant: wpa_driver_wext_driver_cmd LinkSpeed 54 len = 12, 12
06-25 14:11:05.277   364   364 D wpa_supplicant: wpa_driver_wext_driver_cmd RSSI len = 248
06-25 14:11:05.277   364   364 D wpa_supplicant: wpa_driver_wext_driver_cmd mj rssi -64  len = 12, 12
06-25 14:11:05.277   364   364 D wpa_supplicant: wpa_driver_wext_driver_cmd LINKSPEED len = 248
06-25 14:11:05.277   364   364 D wpa_supplicant: wpa_driver_wext_driver_cmd LinkSpeed 54 len = 12, 12
06-25 14:11:08.281   364   364 D wpa_supplicant: wpa_driver_wext_driver_cmd RSSI len = 248
06-25 14:11:08.289   364   364 D wpa_supplicant: wpa_driver_wext_driver_cmd mj rssi -69  len = 12, 12
06-25 14:11:08.289   364   364 D wpa_supplicant: wpa_driver_wext_driver_cmd LINKSPEED len = 248
06-25 14:11:08.289   364   364 D wpa_supplicant: wpa_driver_wext_driver_cmd LinkSpeed 54 len = 12, 12
06-25 14:11:08.754 14936 14943 I dalvikvm: Jit: resizing JitTable from 8192 to 16384
06-25 14:11:11.296   364   364 D wpa_supplicant: wpa_driver_wext_driver_cmd RSSI len = 248
06-25 14:11:11.312   364   364 D wpa_supplicant: wpa_driver_wext_driver_cmd mj rssi -68  len = 12, 12
06-25 14:11:11.312   364   364 D wpa_supplicant: wpa_driver_wext_driver_cmd LINKSPEED len = 248
06-25 14:11:11.312   364   364 D wpa_supplicant: wpa_driver_wext_driver_cmd LinkSpeed 54 len = 12, 12
06-25 14:11:14.320   364   364 D wpa_supplicant: wpa_driver_wext_driver_cmd RSSI len = 248
06-25 14:11:14.332   364   364 D wpa_supplicant: wpa_driver_wext_driver_cmd mj rssi -63  len = 12, 12
06-25 14:11:14.332   364   364 D wpa_supplicant: wpa_driver_wext_driver_cmd LINKSPEED len = 248
06-25 14:11:14.332   364   364 D wpa_supplicant: wpa_driver_wext_driver_cmd LinkSpeed 54 len = 12, 12
06-25 14:11:17.339   364   364 D wpa_supplicant: wpa_driver_wext_driver_cmd RSSI len = 248
06-25 14:11:17.355   364   364 D wpa_supplicant: wpa_driver_wext_driver_cmd mj rssi -66  len = 12, 12
06-25 14:11:17.355   364   364 D wpa_supplicant: wpa_driver_wext_driver_cmd LINKSPEED len = 248
06-25 14:11:17.355   364   364 D wpa_supplicant: wpa_driver_wext_driver_cmd LinkSpeed 54 len = 12, 12
06-25 14:11:17.988 13338 13351 I PhoneLab-: Service Running
06-25 14:11:18.070 13338 13351 I PhoneLab-LoggerService: app_37    1563  1     1856   1408  c00f181c 400107b4 S logcat
06-25 14:11:18.070 13338 13351 I PhoneLab-LoggerService: Logcat pid from database 1563
06-25 14:11:18.070 13338 13351 I PhoneLab-LoggerService: Logcat process found 1563
06-25 14:11:18.074 13338 13351 I PhoneLab-LoggerService: Checking Threshold
06-25 14:11:18.074 13338 13351 I PhoneLab-LoggerService: Starting to rename files
06-25 14:11:18.074 13338 13351 I PhoneLab-LoggerService: Files found .. 2
06-25 14:11:18.086 13338 13341 D dalvikvm: GC_CONCURRENT freed 394K, 18% free 9125K/11079K, paused 2ms+2ms
06-25 14:11:20.363   364   364 D wpa_supplicant: wpa_driver_wext_driver_cmd RSSI len = 248
06-25 14:11:20.371   364   364 D wpa_supplicant: wpa_driver_wext_driver_cmd mj rssi -64  len = 12, 12
06-25 14:11:20.371   364   364 D wpa_supplicant: wpa_driver_wext_driver_cmd LINKSPEED len = 248
06-25 14:11:20.371   364   364 D wpa_supplicant: wpa_driver_wext_driver_cmd LinkSpeed 54 len = 12, 12
06-25 14:11:23.375   364   364 D wpa_supplicant: wpa_driver_wext_driver_cmd RSSI len = 248
06-25 14:11:23.386   364   364 D wpa_supplicant: wpa_driver_wext_driver_cmd mj rssi -68  len = 12, 12
06-25 14:11:23.386   364   364 D wpa_supplicant: wpa_driver_wext_driver_cmd LINKSPEED len = 248
06-25 14:11:23.386   364   364 D wpa_supplicant: wpa_driver_wext_driver_cmd LinkSpeed 54 len = 12, 12
06-25 14:11:26.394   364   364 D wpa_supplicant: wpa_driver_wext_driver_cmd RSSI len = 248
06-25 14:11:26.402   364   364 D wpa_supplicant: wpa_driver_wext_driver_cmd mj rssi -69  len = 12, 12
06-25 14:11:26.402   364   364 D wpa_supplicant: wpa_driver_wext_driver_cmd LINKSPEED len = 248
06-25 14:11:26.402   364   364 D wpa_supplicant: wpa_driver_wext_driver_cmd LinkSpeed 54 len = 12, 12
06-25 14:11:29.406   364   364 D wpa_supplicant: wpa_driver_wext_driver_cmd RSSI len = 248
06-25 14:11:29.414   364   364 D wpa_supplicant: wpa_driver_wext_driver_cmd mj rssi -63  len = 12, 12
06-25 14:11:29.414   364   364 D wpa_supplicant: wpa_driver_wext_driver_cmd LINKSPEED len = 248
06-25 14:11:29.414   364   364 D wpa_supplicant: wpa_driver_wext_driver_cmd LinkSpeed 54 len = 12, 12
06-25 14:11:31.691 14779 14781 D dalvikvm: GC_CONCURRENT freed 641K, 14% free 9447K/10951K, paused 5ms+2ms
06-25 14:11:32.421   364   364 D wpa_supplicant: wpa_driver_wext_driver_cmd RSSI len = 248
06-25 14:11:32.429   364   364 D wpa_supplicant: wpa_driver_wext_driver_cmd mj rssi -63  len = 12, 12
06-25 14:11:32.429   364   364 D wpa_supplicant: wpa_driver_wext_driver_cmd LINKSPEED len = 248
06-25 14:11:32.429   364   364 D wpa_supplicant: wpa_driver_wext_driver_cmd LinkSpeed 54 len = 12, 12
06-25 14:11:32.929 14779 14781 D dalvikvm: GC_CONCURRENT freed 264K, 13% free 9589K/10951K, paused 1ms+2ms
