06-25 22:08:26.882   364   364 D wpa_supplicant: wpa_driver_wext_driver_cmd LINKSPEED len = 248
06-25 22:08:26.882   364   364 D wpa_supplicant: wpa_driver_wext_driver_cmd LinkSpeed 54 len = 12, 12
06-25 22:08:29.890   364   364 D wpa_supplicant: wpa_driver_wext_driver_cmd RSSI len = 248
06-25 22:08:29.898   364   364 D wpa_supplicant: wpa_driver_wext_driver_cmd mj rssi -53  len = 12, 12
06-25 22:08:29.898   364   364 D wpa_supplicant: wpa_driver_wext_driver_cmd LINKSPEED len = 248
06-25 22:08:29.898   364   364 D wpa_supplicant: wpa_driver_wext_driver_cmd LinkSpeed 54 len = 12, 12
06-25 22:08:32.910   364   364 D wpa_supplicant: wpa_driver_wext_driver_cmd RSSI len = 248
06-25 22:08:32.918   364   364 D wpa_supplicant: wpa_driver_wext_driver_cmd mj rssi -57  len = 12, 12
06-25 22:08:32.918   364   364 D wpa_supplicant: wpa_driver_wext_driver_cmd LINKSPEED len = 248
06-25 22:08:32.918   364   364 D wpa_supplicant: wpa_driver_wext_driver_cmd LinkSpeed 54 len = 12, 12
06-25 22:08:35.941   364   364 D wpa_supplicant: wpa_driver_wext_driver_cmd RSSI len = 248
06-25 22:08:35.941   364   364 D wpa_supplicant: wpa_driver_wext_driver_cmd mj rssi -57  len = 12, 12
06-25 22:08:35.941   364   364 D wpa_supplicant: wpa_driver_wext_driver_cmd LINKSPEED len = 248
06-25 22:08:35.945   364   364 D wpa_supplicant: wpa_driver_wext_driver_cmd LinkSpeed 54 len = 12, 12
06-25 22:08:38.949   364   364 D wpa_supplicant: wpa_driver_wext_driver_cmd RSSI len = 248
06-25 22:08:38.957   364   364 D wpa_supplicant: wpa_driver_wext_driver_cmd mj rssi -56  len = 12, 12
06-25 22:08:38.957   364   364 D wpa_supplicant: wpa_driver_wext_driver_cmd LINKSPEED len = 248
06-25 22:08:38.957   364   364 D wpa_supplicant: wpa_driver_wext_driver_cmd LinkSpeed 54 len = 12, 12
06-25 22:08:41.964   364   364 D wpa_supplicant: wpa_driver_wext_driver_cmd RSSI len = 248
06-25 22:08:41.972   364   364 D wpa_supplicant: wpa_driver_wext_driver_cmd mj rssi -58  len = 12, 12
06-25 22:08:41.972   364   364 D wpa_supplicant: wpa_driver_wext_driver_cmd LINKSPEED len = 248
06-25 22:08:41.972   364   364 D wpa_supplicant: wpa_driver_wext_driver_cmd LinkSpeed 54 len = 12, 12
06-25 22:08:42.988 17261 17274 I PhoneLab-: Service Running
06-25 22:08:43.101 17261 17274 I PhoneLab-LoggerService: app_37    1563  1     1856   1404  c00f181c 400107b4 S logcat
06-25 22:08:43.101 17261 17274 I PhoneLab-LoggerService: Logcat pid from database 1563
06-25 22:08:43.101 17261 17274 I PhoneLab-LoggerService: Logcat process found 1563
06-25 22:08:43.101 17261 17274 I PhoneLab-LoggerService: Checking Threshold
06-25 22:08:44.980   364   364 D wpa_supplicant: wpa_driver_wext_driver_cmd RSSI len = 248
06-25 22:08:44.988   364   364 D wpa_supplicant: wpa_driver_wext_driver_cmd mj rssi -57  len = 12, 12
06-25 22:08:44.988   364   364 D wpa_supplicant: wpa_driver_wext_driver_cmd LINKSPEED len = 248
06-25 22:08:44.988   364   364 D wpa_supplicant: wpa_driver_wext_driver_cmd LinkSpeed 54 len = 12, 12
06-25 22:08:47.996   364   364 D wpa_supplicant: wpa_driver_wext_driver_cmd RSSI len = 248
06-25 22:08:48.004   364   364 D wpa_supplicant: wpa_driver_wext_driver_cmd mj rssi -57  len = 12, 12
06-25 22:08:48.004   364   364 D wpa_supplicant: wpa_driver_wext_driver_cmd LINKSPEED len = 248
06-25 22:08:48.004   364   364 D wpa_supplicant: wpa_driver_wext_driver_cmd LinkSpeed 54 len = 12, 12
06-25 22:08:51.011   364   364 D wpa_supplicant: wpa_driver_wext_driver_cmd RSSI len = 248
06-25 22:08:51.019   364   364 D wpa_supplicant: wpa_driver_wext_driver_cmd mj rssi -56  len = 12, 12
06-25 22:08:51.019   364   364 D wpa_supplicant: wpa_driver_wext_driver_cmd LINKSPEED len = 248
06-25 22:08:51.019   364   364 D wpa_supplicant: wpa_driver_wext_driver_cmd LinkSpeed 54 len = 12, 12
06-25 22:08:54.027   364   364 D wpa_supplicant: wpa_driver_wext_driver_cmd RSSI len = 248
06-25 22:08:54.035   364   364 D wpa_supplicant: wpa_driver_wext_driver_cmd mj rssi -56  len = 12, 12
06-25 22:08:54.035   364   364 D wpa_supplicant: wpa_driver_wext_driver_cmd LINKSPEED len = 248
06-25 22:08:54.039   364   364 D wpa_supplicant: wpa_driver_wext_driver_cmd LinkSpeed 54 len = 12, 12
06-25 22:08:57.046   364   364 D wpa_supplicant: wpa_driver_wext_driver_cmd RSSI len = 248
06-25 22:08:57.054   364   364 D wpa_supplicant: wpa_driver_wext_driver_cmd mj rssi -56  len = 12, 12
06-25 22:08:57.054   364   364 D wpa_supplicant: wpa_driver_wext_driver_cmd LINKSPEED len = 248
06-25 22:08:57.054   364   364 D wpa_supplicant: wpa_driver_wext_driver_cmd LinkSpeed 54 len = 12, 12
06-25 22:09:00.062   364   364 D wpa_supplicant: wpa_driver_wext_driver_cmd RSSI len = 248
06-25 22:09:00.070   364   364 D wpa_supplicant: wpa_driver_wext_driver_cmd mj rssi -56  len = 12, 12
06-25 22:09:00.070   364   364 D wpa_supplicant: wpa_driver_wext_driver_cmd LINKSPEED len = 248
06-25 22:09:00.070   364   364 D wpa_supplicant: wpa_driver_wext_driver_cmd LinkSpeed 54 len = 12, 12
06-25 22:09:03.074   364   364 D wpa_supplicant: wpa_driver_wext_driver_cmd RSSI len = 248
06-25 22:09:03.082   364   364 D wpa_supplicant: wpa_driver_wext_driver_cmd mj rssi -56  len = 12, 12
06-25 22:09:03.082   364   364 D wpa_supplicant: wpa_driver_wext_driver_cmd LINKSPEED len = 248
06-25 22:09:03.082   364   364 D wpa_supplicant: wpa_driver_wext_driver_cmd LinkSpeed 54 len = 12, 12
06-25 22:09:06.089   364   364 D wpa_supplicant: wpa_driver_wext_driver_cmd RSSI len = 248
06-25 22:09:06.097   364   364 D wpa_supplicant: wpa_driver_wext_driver_cmd mj rssi -57  len = 12, 12
06-25 22:09:06.097   364   364 D wpa_supplicant: wpa_driver_wext_driver_cmd LINKSPEED len = 248
06-25 22:09:06.097   364   364 D wpa_supplicant: wpa_driver_wext_driver_cmd LinkSpeed 54 len = 12, 12
06-25 22:09:09.105   364   364 D wpa_supplicant: wpa_driver_wext_driver_cmd RSSI len = 248
06-25 22:09:09.113   364   364 D wpa_supplicant: wpa_driver_wext_driver_cmd mj rssi -57  len = 12, 12
06-25 22:09:09.113   364   364 D wpa_supplicant: wpa_driver_wext_driver_cmd LINKSPEED len = 248
06-25 22:09:09.113   364   364 D wpa_supplicant: wpa_driver_wext_driver_cmd LinkSpeed 54 len = 12, 12
06-25 22:09:12.121   364   364 D wpa_supplicant: wpa_driver_wext_driver_cmd RSSI len = 248
06-25 22:09:12.129   364   364 D wpa_supplicant: wpa_driver_wext_driver_cmd mj rssi -56  len = 12, 12
06-25 22:09:12.129   364   364 D wpa_supplicant: wpa_driver_wext_driver_cmd LINKSPEED len = 248
06-25 22:09:12.129   364   364 D wpa_supplicant: wpa_driver_wext_driver_cmd LinkSpeed 54 len = 12, 12
06-25 22:09:15.136   364   364 D wpa_supplicant: wpa_driver_wext_driver_cmd RSSI len = 248
06-25 22:09:15.144   364   364 D wpa_supplicant: wpa_driver_wext_driver_cmd mj rssi -57  len = 12, 12
06-25 22:09:15.144   364   364 D wpa_supplicant: wpa_driver_wext_driver_cmd LINKSPEED len = 248
06-25 22:09:15.144   364   364 D wpa_supplicant: wpa_driver_wext_driver_cmd LinkSpeed 54 len = 12, 12
06-25 22:09:18.152   364   364 D wpa_supplicant: wpa_driver_wext_driver_cmd RSSI len = 248
06-25 22:09:18.160   364   364 D wpa_supplicant: wpa_driver_wext_driver_cmd mj rssi -57  len = 12, 12
06-25 22:09:18.160   364   364 D wpa_supplicant: wpa_driver_wext_driver_cmd LINKSPEED len = 248
06-25 22:09:18.160   364   364 D wpa_supplicant: wpa_driver_wext_driver_cmd LinkSpeed 54 len = 12, 12
06-25 22:09:21.164   364   364 D wpa_supplicant: wpa_driver_wext_driver_cmd RSSI len = 248
06-25 22:09:21.175   364   364 D wpa_supplicant: wpa_driver_wext_driver_cmd mj rssi -57  len = 12, 12
06-25 22:09:21.175   364   364 D wpa_supplicant: wpa_driver_wext_driver_cmd LINKSPEED len = 248
06-25 22:09:21.175   364   364 D wpa_supplicant: wpa_driver_wext_driver_cmd LinkSpeed 54 len = 12, 12
06-25 22:09:24.183   364   364 D wpa_supplicant: wpa_driver_wext_driver_cmd RSSI len = 248
06-25 22:09:24.191   364   364 D wpa_supplicant: wpa_driver_wext_driver_cmd mj rssi -57  len = 12, 12
06-25 22:09:24.191   364   364 D wpa_supplicant: wpa_driver_wext_driver_cmd LINKSPEED len = 248
06-25 22:09:24.195   364   364 D wpa_supplicant: wpa_driver_wext_driver_cmd LinkSpeed 54 len = 12, 12
06-25 22:09:27.199   364   364 D wpa_supplicant: wpa_driver_wext_driver_cmd RSSI len = 248
06-25 22:09:27.207   364   364 D wpa_supplicant: wpa_driver_wext_driver_cmd mj rssi -57  len = 12, 12
06-25 22:09:27.207   364   364 D wpa_supplicant: wpa_driver_wext_driver_cmd LINKSPEED len = 248
06-25 22:09:27.207   364   364 D wpa_supplicant: wpa_driver_wext_driver_cmd LinkSpeed 54 len = 12, 12
06-25 22:09:30.214   364   364 D wpa_supplicant: wpa_driver_wext_driver_cmd RSSI len = 248
06-25 22:09:30.214   364   364 D wpa_supplicant: wpa_driver_wext_driver_cmd mj rssi -58  len = 12, 12
06-25 22:09:30.214   364   364 D wpa_supplicant: wpa_driver_wext_driver_cmd LINKSPEED len = 248
06-25 22:09:30.218   364   364 D wpa_supplicant: wpa_driver_wext_driver_cmd LinkSpeed 54 len = 12, 12
06-25 22:09:33.222   364   364 D wpa_supplicant: wpa_driver_wext_driver_cmd RSSI len = 248
06-25 22:09:33.230   364   364 D wpa_supplicant: wpa_driver_wext_driver_cmd mj rssi -58  len = 12, 12
06-25 22:09:33.230   364   364 D wpa_supplicant: wpa_driver_wext_driver_cmd LINKSPEED len = 248
06-25 22:09:33.230   364   364 D wpa_supplicant: wpa_driver_wext_driver_cmd LinkSpeed 54 len = 12, 12
06-25 22:09:36.238   364   364 D wpa_supplicant: wpa_driver_wext_driver_cmd RSSI len = 248
06-25 22:09:36.246   364   364 D wpa_supplicant: wpa_driver_wext_driver_cmd mj rssi -58  len = 12, 12
06-25 22:09:36.246   364   364 D wpa_supplicant: wpa_driver_wext_driver_cmd LINKSPEED len = 248
06-25 22:09:36.246   364   364 D wpa_supplicant: wpa_driver_wext_driver_cmd LinkSpeed 54 len = 12, 12
06-25 22:09:39.257   364   364 D wpa_supplicant: wpa_driver_wext_driver_cmd RSSI len = 248
06-25 22:09:39.265   364   364 D wpa_supplicant: wpa_driver_wext_driver_cmd mj rssi -59  len = 12, 12
06-25 22:09:39.265   364   364 D wpa_supplicant: wpa_driver_wext_driver_cmd LINKSPEED len = 248
06-25 22:09:39.269   364   364 D wpa_supplicant: wpa_driver_wext_driver_cmd LinkSpeed 54 len = 12, 12
06-25 22:09:39.285   151   196 I power   : *** set_screen_state 0
06-25 22:09:39.336    78   118 D SurfaceFlinger: About to give-up screen, flinger = 0x17fe918
06-25 22:09:39.461   151   200 V TransportControlView: Create TCV com.android.internal.widget.TransportControlView@4132d1c8
06-25 22:09:39.589   151   151 I ActivityManager: Process com.facebook.katana (pid 16466) has died.
06-25 22:09:39.589   151   151 W ActivityManager: Scheduling restart of crashed service com.facebook.katana/.service.MediaUploadService in 5000ms
06-25 22:09:39.589   151   151 W ActivityManager: Scheduling restart of crashed service com.facebook.katana/.service.BackgroundDetectionService in 15000ms
06-25 22:09:39.593   398   400 D dalvikvm: GC_CONCURRENT freed 460K, 59% free 10395K/25287K, paused 2ms+3ms
06-25 22:09:39.593   151   163 I WindowManager: WIN DEATH: Window{41600a08 com.facebook.katana/com.facebook.katana.activity.FbFragmentChromeActivity paused=false}
06-25 22:09:40.241   151   200 I power   : *** set_screen_state 1
06-25 22:09:40.284   364   364 D wpa_supplicant: wpa_driver_wext_driver_cmd RSSI len = 248
06-25 22:09:40.284   364   364 D wpa_supplicant: wpa_driver_wext_driver_cmd mj rssi -62  len = 12, 12
06-25 22:09:40.284   364   364 D wpa_supplicant: wpa_driver_wext_driver_cmd LINKSPEED len = 248
06-25 22:09:40.284   364   364 D wpa_supplicant: wpa_driver_wext_driver_cmd LinkSpeed 54 len = 12, 12
06-25 22:09:40.287   364   364 D wpa_supplicant: wpa_driver_wext_driver_cmd SETSUSPENDOPT 0 len = 4096
06-25 22:09:40.287   364   364 D wpa_supplicant: wpa_driver_wext_driver_cmd SETSUSPENDOPT 0 len = 0, 15
06-25 22:09:40.287   364   364 D wpa_supplicant: wpa_driver_wext_driver_cmd POWERMODE 0 len = 4096
06-25 22:09:40.291   364   364 D wpa_supplicant: wpa_driver_wext_driver_cmd OK len = 0, 2
06-25 22:09:40.307   151   200 W WindowManager: Aborted waiting for drawn: Window{414dc210 Keyguard paused=false}
06-25 22:09:40.307   151   200 I WindowManager: Lock screen displayed!
06-25 22:09:40.483    78   118 D SurfaceFlinger: Screen about to return, flinger = 0x17fe918
06-25 22:09:40.639   398   400 D dalvikvm: GC_CONCURRENT freed 471K, 59% free 10380K/25287K, paused 2ms+5ms
06-25 22:09:40.862   398   400 D dalvikvm: GC_CONCURRENT freed 470K, 59% free 10412K/25287K, paused 2ms+10ms
06-25 22:09:43.287   364   364 D wpa_supplicant: wpa_driver_wext_driver_cmd RSSI len = 248
06-25 22:09:43.315   364   364 D wpa_supplicant: wpa_driver_wext_driver_cmd mj rssi -66  len = 12, 12
06-25 22:09:43.315   364   364 D wpa_supplicant: wpa_driver_wext_driver_cmd LINKSPEED len = 248
06-25 22:09:43.315   364   364 D wpa_supplicant: wpa_driver_wext_driver_cmd LinkSpeed 54 len = 12, 12
06-25 22:09:44.565 19216 19216 W Suggest : String pool got too big: 19
06-25 22:09:44.623   151   168 I ActivityManager: Start proc com.facebook.katana for service com.facebook.katana/.service.MediaUploadService: pid=17325 uid=10054 gids={3003, 1006, 1015}
06-25 22:09:44.643 17325 17325 I dalvikvm: Turning on JNI app bug workarounds for target SDK version 7...
06-25 22:09:44.846 17325 17327 D dalvikvm: GC_CONCURRENT freed 148K, 3% free 9387K/9607K, paused 8ms+2ms
06-25 22:09:45.065 17325 17325 I ActivityThread: Pub com.facebook.katana.provider.LoggingProvider: com.facebook.katana.provider.LoggingProvider
06-25 22:09:45.092 17325 17325 I ActivityThread: Pub com.facebook.katana.provider.NotificationsProvider: com.facebook.katana.provider.NotificationsProvider
06-25 22:09:45.096 17325 17325 I ActivityThread: Pub com.facebook.katana.provider.KeyValueProvider: com.facebook.katana.provider.KeyValueProvider
06-25 22:09:45.096 17325 17325 I ActivityThread: Pub com.facebook.katana.provider.CacheProvider: com.facebook.katana.provider.CacheProvider
06-25 22:09:45.100 17325 17325 I ActivityThread: Pub com.facebook.katana.provider.UserValuesProvider: com.facebook.katana.provider.UserValuesProvider
06-25 22:09:45.104 17325 17325 I ActivityThread: Pub com.facebook.katana.provider.PagesProvider: com.facebook.katana.provider.PagesProvider
06-25 22:09:45.104 17325 17325 I ActivityThread: Pub com.facebook.katana.provider.MailboxProvider: com.facebook.katana.provider.MailboxProvider
06-25 22:09:45.120 17325 17325 I ActivityThread: Pub com.facebook.katana.provider.MobileEventLogProvider: com.facebook.katana.provider.MobileEventLogProvider
06-25 22:09:45.123 17325 17325 I ActivityThread: Pub com.facebook.katana.provider.PushNotificationsProvider: com.facebook.katana.provider.PushNotificationsProvider
06-25 22:09:45.131 17325 17325 I ActivityThread: Pub com.facebook.katana.provider.UserStatusesProvider: com.facebook.katana.provider.UserStatusesProvider
06-25 22:09:45.131 17325 17325 I ActivityThread: Pub com.facebook.katana.provider.PhotosProvider: com.facebook.katana.provider.PhotosProvider
06-25 22:09:45.135 17325 17325 I ActivityThread: Pub com.facebook.katana.provider.EventsProvider: com.facebook.katana.provider.EventsProvider
06-25 22:09:45.139 17325 17325 I ActivityThread: Pub com.facebook.katana.provider.ConnectionsProvider: com.facebook.katana.provider.ConnectionsProvider
06-25 22:09:45.159 17325 17327 D dalvikvm: GC_CONCURRENT freed 160K, 3% free 9724K/9991K, paused 2ms+2ms
06-25 22:09:45.162 17325 17325 I ActivityThread: Pub com.facebook.orca.notify.FbandroidMessagesForegroundProvider: com.facebook.orca.notify.FbandroidMessagesForegroundProvider
06-25 22:09:45.237 17325 17325 D ACRA    : Retrieve application default SharedPreferences.
06-25 22:09:45.245 17325 17325 D ACRA    : Set OnSharedPreferenceChangeListener.
06-25 22:09:45.256 17325 17325 D ACRA    : ACRA is enabled for com.facebook.katana, intializing...
06-25 22:09:45.295 17325 17325 D ACRA    : Looking for error files in /data/data/com.facebook.katana/app_acra-reports
06-25 22:09:45.373 17325 17325 W nalizableReferenceQueue: Could not load Finalizer in its own class loader.Loading Finalizer in the current class loader instead. As a result, you will not be ableto garbage collect this class loader. To support reclaiming this class loader, eitherresolve the underlying issue, or move Google Collections to your system class path.
06-25 22:09:45.373 17325 17325 W nalizableReferenceQueue: java.io.FileNotFoundException: com/google/common/base/internal/Finalizer.class
06-25 22:09:45.373 17325 17325 W nalizableReferenceQueue: 	at com.google.common.base.FinalizableReferenceQueue$DecoupledLoader.getBaseUrl(FinalizableReferenceQueue.java:243)
06-25 22:09:45.373 17325 17325 W nalizableReferenceQueue: 	at com.google.common.base.FinalizableReferenceQueue$DecoupledLoader.loadFinalizer(FinalizableReferenceQueue.java:227)
06-25 22:09:45.373 17325 17325 W nalizableReferenceQueue: 	at com.google.common.base.FinalizableReferenceQueue.loadFinalizer(FinalizableReferenceQueue.java:155)
06-25 22:09:45.373 17325 17325 W nalizableReferenceQueue: 	at com.google.common.base.FinalizableReferenceQueue.<clinit>(FinalizableReferenceQueue.java:84)
06-25 22:09:45.373 17325 17325 W nalizableReferenceQueue: 	at com.google.common.collect.CustomConcurrentHashMap$QueueHolder.<clinit>(CustomConcurrentHashMap.java:650)
06-25 22:09:45.373 17325 17325 W nalizableReferenceQueue: 	at com.google.common.collect.CustomConcurrentHashMap$WeakEntry.<init>(CustomConcurrentHashMap.java:1342)
06-25 22:09:45.373 17325 17325 W nalizableReferenceQueue: 	at com.google.common.collect.CustomConcurrentHashMap$EntryFactory$9.newEntry(CustomConcurrentHashMap.java:453)
06-25 22:09:45.373 17325 17325 W nalizableReferenceQueue: 	at com.google.common.collect.CustomConcurrentHashMap.a(CustomConcurrentHashMap.java:1715)
06-25 22:09:45.373 17325 17325 W nalizableReferenceQueue: 	at com.google.common.collect.ComputingConcurrentHashMap$ComputingSegment.a(ComputingConcurrentHashMap.java:123)
06-25 22:09:45.373 17325 17325 W nalizableReferenceQueue: 	at com.google.common.collect.ComputingConcurrentHashMap.apply(ComputingConcurrentHashMap.java:71)
06-25 22:09:45.373 17325 17325 W nalizableReferenceQueue: 	at com.google.common.collect.MapMaker$ComputingMapAdapter.get(MapMaker.java:848)
06-25 22:09:45.373 17325 17325 W nalizableReferenceQueue: 	at com.google.inject.internal.Annotations$AnnotationChecker.a(Annotations.java:94)
06-25 22:09:45.373 17325 17325 W nalizableReferenceQueue: 	at com.google.inject.internal.Annotations.c(Annotations.java:112)
06-25 22:09:45.373 17325 17325 W nalizableReferenceQueue: 	at com.google.inject.Key.d(Key.java:369)
06-25 22:09:45.373 17325 17325 W nalizableReferenceQueue: 	at com.google.inject.Key.b(Key.java:356)
06-25 22:09:45.373 17325 17325 W nalizableReferenceQueue: 	at com.google.inject.Key.a(Key.java:267)
06-25 22:09:45.373 17325 17325 W nalizableReferenceQueue: 	at com.facebook.orca.inject.binder.AnnotatedBindingBuilderImpl.a(AnnotatedBindingBuilderImpl.java:22)
06-25 22:09:45.373 17325 17325 W nalizableReferenceQueue: 	at com.facebook.orca.app.FbBaseModule.a(FbBaseModule.java:74)
06-25 22:09:45.373 17325 17325 W nalizableReferenceQueue: 	at com.facebook.orca.inject.AbstractModule.a(AbstractModule.java:19)
06-25 22:09:45.373 17325 17325 W nalizableReferenceQueue: 	at com.facebook.orca.inject.FbInjectorImpl.a(FbInjectorImpl.java:61)
06-25 22:09:45.373 17325 17325 W nalizableReferenceQueue: 	at com.facebook.orca.inject.FbInjectorImpl.<init>(FbInjectorImpl.java:41)
06-25 22:09:45.373 17325 17325 W nalizableReferenceQueue: 	at com.facebook.orca.inject.FbInjector.a(FbInjector.java:40)
06-25 22:09:45.373 17325 17325 W nalizableReferenceQueue: 	at com.facebook.katana.FacebookApplication.onCreate(FacebookApplication.java:86)
06-25 22:09:45.373 17325 17325 W nalizableReferenceQueue: 	at android.app.Instrumentation.callApplicationOnCreate(Instrumentation.java:969)
06-25 22:09:45.373 17325 17325 W nalizableReferenceQueue: 	at android.app.ActivityThread.handleBindApplication(ActivityThread.java:3954)
06-25 22:09:45.373 17325 17325 W nalizableReferenceQueue: 	at android.app.ActivityThread.access$1300(ActivityThread.java:123)
06-25 22:09:45.373 17325 17325 W nalizableReferenceQueue: 	at android.app.ActivityThread$H.handleMessage(ActivityThread.java:1185)
06-25 22:09:45.373 17325 17325 W nalizableReferenceQueue: 	at android.os.Handler.dispatchMessage(Handler.java:99)
06-25 22:09:45.373 17325 17325 W nalizableReferenceQueue: 	at android.os.Looper.loop(Looper.java:137)
06-25 22:09:45.373 17325 17325 W nalizableReferenceQueue: 	at android.app.ActivityThread.main(ActivityThread.java:4424)
06-25 22:09:45.373 17325 17325 W nalizableReferenceQueue: 	at java.lang.reflect.Method.invokeNative(Native Method)
06-25 22:09:45.373 17325 17325 W nalizableReferenceQueue: 	at java.lang.reflect.Method.invoke(Method.java:511)
06-25 22:09:45.373 17325 17325 W nalizableReferenceQueue: 	at com.android.internal.os.ZygoteInit$MethodAndArgsCaller.run(ZygoteInit.java:784)
06-25 22:09:45.373 17325 17325 W nalizableReferenceQueue: 	at com.android.internal.os.ZygoteInit.main(ZygoteInit.java:551)
06-25 22:09:45.373 17325 17325 W nalizableReferenceQueue: 	at dalvik.system.NativeStart.main(Native Method)
06-25 22:09:45.373 17325 17325 I Finalizer: Couldn't access Thread.inheritableThreadLocals. Reference finalizer threads will inherit thread local values.
06-25 22:09:45.467 17325 17327 D dalvikvm: GC_CONCURRENT freed 365K, 5% free 9874K/10311K, paused 1ms+3ms
06-25 22:09:45.659 17325 17327 D dalvikvm: GC_CONCURRENT freed 394K, 5% free 10014K/10503K, paused 1ms+2ms
06-25 22:09:46.022 17325 17341 W Resources: Converting to string: TypedValue{t=0x10/d=0xffffffff a=-1}
06-25 22:09:46.080 17325 17327 D dalvikvm: GC_CONCURRENT freed 381K, 5% free 10176K/10631K, paused 2ms+4ms
06-25 22:09:46.323   364   364 D wpa_supplicant: wpa_driver_wext_driver_cmd RSSI len = 248
06-25 22:09:46.330   364   364 D wpa_supplicant: wpa_driver_wext_driver_cmd mj rssi -70  len = 12, 12
06-25 22:09:46.330   364   364 D wpa_supplicant: wpa_driver_wext_driver_cmd LINKSPEED len = 248
06-25 22:09:46.330   364   364 D wpa_supplicant: wpa_driver_wext_driver_cmd LinkSpeed 54 len = 12, 12
06-25 22:09:46.440   151   153 D dalvikvm: GC_CONCURRENT freed 1926K, 33% free 16388K/24391K, paused 3ms+10ms
06-25 22:09:46.510 17325 17327 D dalvikvm: GC_CONCURRENT freed 312K, 5% free 10323K/10759K, paused 2ms+24ms
06-25 22:09:46.631   151   448 D dalvikvm: GC_EXPLICIT freed 71K, 34% free 16318K/24391K, paused 3ms+16ms
06-25 22:09:46.920 17325 17327 D dalvikvm: GC_CONCURRENT freed 317K, 5% free 10436K/10887K, paused 2ms+4ms
06-25 22:09:47.643 17325 17327 D dalvikvm: GC_CONCURRENT freed 352K, 5% free 10530K/11015K, paused 21ms+2ms
06-25 22:09:49.334   364   364 D wpa_supplicant: wpa_driver_wext_driver_cmd RSSI len = 248
06-25 22:09:49.342   364   364 D wpa_supplicant: wpa_driver_wext_driver_cmd mj rssi -67  len = 12, 12
06-25 22:09:49.342   364   364 D wpa_supplicant: wpa_driver_wext_driver_cmd LINKSPEED len = 248
06-25 22:09:49.342   364   364 D wpa_supplicant: wpa_driver_wext_driver_cmd LinkSpeed 54 len = 12, 12
06-25 22:09:50.580   398   398 D PhoneStatusBar: disable: < expand icons alerts ticker system_info BACK* HOME* RECENT CLOCK* >
06-25 22:09:50.963    81   121 D AudioHardware: AudioHardware pcm playback is exiting standby.
06-25 22:09:50.963    81   121 D AudioHardware: openPcmOut_l() mPcmOpenCnt: 0
06-25 22:09:51.139   398   400 D dalvikvm: GC_CONCURRENT freed 529K, 59% free 10379K/25287K, paused 1ms+4ms
06-25 22:09:51.260   398   400 D dalvikvm: GC_CONCURRENT freed 532K, 60% free 10254K/25287K, paused 2ms+4ms
06-25 22:09:52.346   364   364 D wpa_supplicant: wpa_driver_wext_driver_cmd RSSI len = 248
06-25 22:09:52.354   364   364 D wpa_supplicant: wpa_driver_wext_driver_cmd mj rssi -70  len = 12, 12
06-25 22:09:52.354   364   364 D wpa_supplicant: wpa_driver_wext_driver_cmd LINKSPEED len = 248
06-25 22:09:52.354   364   364 D wpa_supplicant: wpa_driver_wext_driver_cmd LinkSpeed 48 len = 12, 12
06-25 22:09:54.307    81   121 D AudioHardware: AudioHardware pcm playback is going to standby.
06-25 22:09:54.307    81   121 D AudioHardware: closePcmOut_l() mPcmOpenCnt: 1
06-25 22:09:54.327   151   205 I InputReader: Dropping virtual key from device cypress-touchkey because virtual keys are temporarily disabled for the next 195.336ms.  keyCode=3, scanCode=102
06-25 22:09:55.362   364   364 D wpa_supplicant: wpa_driver_wext_driver_cmd RSSI len = 248
06-25 22:09:55.370   364   364 D wpa_supplicant: wpa_driver_wext_driver_cmd mj rssi -71  len = 12, 12
06-25 22:09:55.370   364   364 D wpa_supplicant: wpa_driver_wext_driver_cmd LINKSPEED len = 248
06-25 22:09:55.370   364   364 D wpa_supplicant: wpa_driver_wext_driver_cmd LinkSpeed 48 len = 12, 12
06-25 22:09:57.377   151   205 I InputReader: Dropping key up from device cypress-touchkey because the key was not down.  keyCode=3, scanCode=102
06-25 22:09:58.373   364   364 D wpa_supplicant: wpa_driver_wext_driver_cmd RSSI len = 248
06-25 22:09:58.385   364   364 D wpa_supplicant: wpa_driver_wext_driver_cmd mj rssi -74  len = 12, 12
06-25 22:09:58.385   364   364 D wpa_supplicant: wpa_driver_wext_driver_cmd LINKSPEED len = 248
06-25 22:09:58.397   364   364 D wpa_supplicant: wpa_driver_wext_driver_cmd LinkSpeed 48 len = 12, 12
06-25 22:10:01.405   364   364 D wpa_supplicant: wpa_driver_wext_driver_cmd RSSI len = 248
06-25 22:10:01.412   364   364 D wpa_supplicant: wpa_driver_wext_driver_cmd mj rssi -57  len = 12, 12
06-25 22:10:01.412   364   364 D wpa_supplicant: wpa_driver_wext_driver_cmd LINKSPEED len = 248
06-25 22:10:01.412   364   364 D wpa_supplicant: wpa_driver_wext_driver_cmd LinkSpeed 48 len = 12, 12
06-25 22:10:04.428   364   364 D wpa_supplicant: wpa_driver_wext_driver_cmd RSSI len = 248
06-25 22:10:04.436   364   364 D wpa_supplicant: wpa_driver_wext_driver_cmd mj rssi -56  len = 12, 12
06-25 22:10:04.436   364   364 D wpa_supplicant: wpa_driver_wext_driver_cmd LINKSPEED len = 248
06-25 22:10:04.436   364   364 D wpa_supplicant: wpa_driver_wext_driver_cmd LinkSpeed 48 len = 12, 12
06-25 22:10:05.346    81   121 D AudioHardware: AudioHardware pcm playback is exiting standby.
06-25 22:10:05.346    81   121 D AudioHardware: openPcmOut_l() mPcmOpenCnt: 0
06-25 22:10:06.995 17261 17274 I PhoneLab-: Service Running
06-25 22:10:07.077 17261 17274 I PhoneLab-LoggerService: app_37    1563  1     1856   1404  c00f181c 400107b4 S logcat
06-25 22:10:07.077 17261 17274 I PhoneLab-LoggerService: Logcat pid from database 1563
06-25 22:10:07.077 17261 17274 I PhoneLab-LoggerService: Logcat process found 1563
06-25 22:10:07.077 17261 17274 I PhoneLab-LoggerService: Checking Threshold
06-25 22:10:07.440   364   364 D wpa_supplicant: wpa_driver_wext_driver_cmd RSSI len = 248
06-25 22:10:07.448   364   364 D wpa_supplicant: wpa_driver_wext_driver_cmd mj rssi -55  len = 12, 12
06-25 22:10:07.452   364   364 D wpa_supplicant: wpa_driver_wext_driver_cmd LINKSPEED len = 248
06-25 22:10:07.452   364   364 D wpa_supplicant: wpa_driver_wext_driver_cmd LinkSpeed 48 len = 12, 12
06-25 22:10:08.928   151   196 I power   : *** set_screen_state 0
06-25 22:10:08.983    78   118 D SurfaceFlinger: About to give-up screen, flinger = 0x17fe918
06-25 22:10:09.100   151   200 V TransportControlView: Create TCV com.android.internal.widget.TransportControlView@415b47e8
06-25 22:10:09.170   398   400 D dalvikvm: GC_CONCURRENT freed 604K, 60% free 10151K/25287K, paused 2ms+3ms
06-25 22:10:10.807    81   121 D AudioHardware: AudioHardware pcm playback is going to standby.
06-25 22:10:10.807    81   121 D AudioHardware: closePcmOut_l() mPcmOpenCnt: 1
06-25 22:13:10.004   151   200 I power   : *** set_screen_state 1
06-25 22:13:10.066   151   200 I WindowManager: Lock screen displayed!
06-25 22:13:10.078   364   364 D wpa_supplicant: wpa_driver_wext_driver_cmd RSSI len = 248
06-25 22:13:10.086   364   364 D wpa_supplicant: wpa_driver_wext_driver_cmd mj rssi -57  len = 12, 12
06-25 22:13:10.086   364   364 D wpa_supplicant: wpa_driver_wext_driver_cmd LINKSPEED len = 248
06-25 22:13:10.086   364   364 D wpa_supplicant: wpa_driver_wext_driver_cmd LinkSpeed 48 len = 12, 12
06-25 22:13:10.090   364   364 D wpa_supplicant: wpa_driver_wext_driver_cmd SETSUSPENDOPT 0 len = 4096
06-25 22:13:10.090   364   364 D wpa_supplicant: wpa_driver_wext_driver_cmd SETSUSPENDOPT 0 len = 0, 15
06-25 22:13:10.093   364   364 D wpa_supplicant: wpa_driver_wext_driver_cmd POWERMODE 0 len = 4096
06-25 22:13:10.105   364   364 D wpa_supplicant: wpa_driver_wext_driver_cmd OK len = 0, 2
06-25 22:13:10.250    78   118 D SurfaceFlinger: Screen about to return, flinger = 0x17fe918
06-25 22:13:10.277   398   400 D dalvikvm: GC_CONCURRENT freed 541K, 61% free 10037K/25287K, paused 2ms+8ms
06-25 22:13:10.386   398   398 D dalvikvm: GC_FOR_ALLOC freed 383K, 61% free 10014K/25287K, paused 30ms
06-25 22:13:10.449   398   400 D dalvikvm: GC_CONCURRENT freed 297K, 60% free 10209K/25287K, paused 1ms+4ms
06-25 22:13:10.679   398   400 D dalvikvm: GC_CONCURRENT freed 465K, 60% free 10189K/25287K, paused 2ms+16ms
06-25 22:13:11.664   398   398 D PhoneStatusBar: disable: < expand icons alerts ticker system_info BACK HOME recent* CLOCK >
06-25 22:13:11.695   398   398 D PhoneStatusBar: disable: < expand icons alerts ticker system_info back* home* recent clock* >
06-25 22:13:11.699   398   398 V PhoneStatusBar: setLightsOn(true)
06-25 22:13:11.734 14416 14528 D NfcService: NFC-C ON
06-25 22:13:12.281 14031 14047 D dalvikvm: GC_EXPLICIT freed 255K, 7% free 9765K/10439K, paused 4ms+9ms
06-25 22:13:12.347 16231 16233 D dalvikvm: GC_CONCURRENT freed 393K, 7% free 9610K/10247K, paused 7ms+2ms
06-25 22:13:12.402 13854 16910 D dalvikvm: GC_EXPLICIT freed 413K, 9% free 10188K/11143K, paused 38ms+4ms
06-25 22:13:13.093   364   364 D wpa_supplicant: wpa_driver_wext_driver_cmd RSSI len = 248
06-25 22:13:13.101   364   364 D wpa_supplicant: wpa_driver_wext_driver_cmd mj rssi -61  len = 12, 12
06-25 22:13:13.101   364   364 D wpa_supplicant: wpa_driver_wext_driver_cmd LINKSPEED len = 248
06-25 22:13:13.109   364   364 D wpa_supplicant: wpa_driver_wext_driver_cmd LinkSpeed 48 len = 12, 12
06-25 22:13:14.605   151   205 I InputReader: Reconfiguring input devices.  changes=0x00000004
06-25 22:13:14.605   151   205 I InputReader: Device reconfigured: id=7, name='mxt224_ts_input', surface size is now 480x800, mode is 1
06-25 22:13:14.679   151   167 I ActivityManager: Config changed: {1.0 310mcc120mnc en_US layoutdir=0 sw320dp w533dp h294dp nrml long land finger -keyb/v/h -nav/h s.265}
06-25 22:13:15.000   398   398 D dalvikvm: GC_FOR_ALLOC freed 409K, 60% free 10149K/25287K, paused 51ms
06-25 22:13:16.113   364   364 D wpa_supplicant: wpa_driver_wext_driver_cmd RSSI len = 248
06-25 22:13:16.121   364   364 D wpa_supplicant: wpa_driver_wext_driver_cmd mj rssi -80  len = 12, 12
06-25 22:13:16.121   364   364 D wpa_supplicant: wpa_driver_wext_driver_cmd LINKSPEED len = 248
06-25 22:13:16.121   364   364 D wpa_supplicant: wpa_driver_wext_driver_cmd LinkSpeed 48 len = 12, 12
06-25 22:13:16.484   151   153 D dalvikvm: GC_CONCURRENT freed 1663K, 33% free 16382K/24391K, paused 6ms+8ms
06-25 22:13:16.992   151   205 I InputReader: Reconfiguring input devices.  changes=0x00000004
06-25 22:13:16.992   151   205 I InputReader: Device reconfigured: id=7, name='mxt224_ts_input', surface size is now 480x800, mode is 1
06-25 22:13:17.066   151   167 I ActivityManager: Config changed: {1.0 310mcc120mnc en_US layoutdir=0 sw320dp w320dp h508dp nrml long port finger -keyb/v/h -nav/h s.266}
06-25 22:13:17.304   398   398 D dalvikvm: GC_FOR_ALLOC freed 378K, 60% free 10150K/25287K, paused 38ms
06-25 22:13:17.562   398   400 D dalvikvm: GC_CONCURRENT freed 340K, 60% free 10194K/25287K, paused 2ms+4ms
06-25 22:13:17.605 16497 16500 D dalvikvm: GC_CONCURRENT freed 898K, 8% free 12051K/13063K, paused 2ms+16ms
06-25 22:13:17.847 19216 19216 D dalvikvm: GC_FOR_ALLOC freed 2331K, 21% free 16172K/20359K, paused 156ms
06-25 22:13:19.125   364   364 D wpa_supplicant: wpa_driver_wext_driver_cmd RSSI len = 248
06-25 22:13:19.136   364   364 D wpa_supplicant: wpa_driver_wext_driver_cmd mj rssi -73  len = 12, 12
06-25 22:13:19.136   364   364 D wpa_supplicant: wpa_driver_wext_driver_cmd LINKSPEED len = 248
06-25 22:13:19.140   364   364 D wpa_supplicant: wpa_driver_wext_driver_cmd LinkSpeed 48 len = 12, 12
06-25 22:13:20.074   151   199 D dalvikvm: GC_EXPLICIT freed 1017K, 37% free 15572K/24391K, paused 14ms+6ms
06-25 22:13:22.148   364   364 D wpa_supplicant: wpa_driver_wext_driver_cmd RSSI len = 248
06-25 22:13:22.156   364   364 D wpa_supplicant: wpa_driver_wext_driver_cmd mj rssi -71  len = 12, 12
06-25 22:13:22.160   364   364 D wpa_supplicant: wpa_driver_wext_driver_cmd LINKSPEED len = 248
06-25 22:13:22.172   364   364 D wpa_supplicant: wpa_driver_wext_driver_cmd LinkSpeed 48 len = 12, 12
06-25 22:13:25.175   364   364 D wpa_supplicant: wpa_driver_wext_driver_cmd RSSI len = 248
06-25 22:13:25.183   364   364 D wpa_supplicant: wpa_driver_wext_driver_cmd mj rssi -71  len = 12, 12
06-25 22:13:25.183   364   364 D wpa_supplicant: wpa_driver_wext_driver_cmd LINKSPEED len = 248
06-25 22:13:25.187   364   364 D wpa_supplicant: wpa_driver_wext_driver_cmd LinkSpeed 48 len = 12, 12
06-25 22:13:28.195   364   364 D wpa_supplicant: wpa_driver_wext_driver_cmd RSSI len = 248
06-25 22:13:28.203   364   364 D wpa_supplicant: wpa_driver_wext_driver_cmd mj rssi -71  len = 12, 12
06-25 22:13:28.203   364   364 D wpa_supplicant: wpa_driver_wext_driver_cmd LINKSPEED len = 248
06-25 22:13:28.207   364   364 D wpa_supplicant: wpa_driver_wext_driver_cmd LinkSpeed 48 len = 12, 12
06-25 22:13:31.215   364   364 D wpa_supplicant: wpa_driver_wext_driver_cmd RSSI len = 248
06-25 22:13:31.222   364   364 D wpa_supplicant: wpa_driver_wext_driver_cmd mj rssi -72  len = 12, 12
06-25 22:13:31.222   364   364 D wpa_supplicant: wpa_driver_wext_driver_cmd LINKSPEED len = 248
06-25 22:13:31.230   364   364 D wpa_supplicant: wpa_driver_wext_driver_cmd LinkSpeed 48 len = 12, 12
06-25 22:13:34.234   364   364 D wpa_supplicant: wpa_driver_wext_driver_cmd RSSI len = 248
06-25 22:13:34.242   364   364 D wpa_supplicant: wpa_driver_wext_driver_cmd mj rssi -71  len = 12, 12
06-25 22:13:34.242   364   364 D wpa_supplicant: wpa_driver_wext_driver_cmd LINKSPEED len = 248
06-25 22:13:34.246   364   364 D wpa_supplicant: wpa_driver_wext_driver_cmd LinkSpeed 48 len = 12, 12
06-25 22:13:37.254   364   364 D wpa_supplicant: wpa_driver_wext_driver_cmd RSSI len = 248
06-25 22:13:37.261   364   364 D wpa_supplicant: wpa_driver_wext_driver_cmd mj rssi -72  len = 12, 12
06-25 22:13:37.261   364   364 D wpa_supplicant: wpa_driver_wext_driver_cmd LINKSPEED len = 248
06-25 22:13:37.265   364   364 D wpa_supplicant: wpa_driver_wext_driver_cmd LinkSpeed 48 len = 12, 12
06-25 22:13:40.273   364   364 D wpa_supplicant: wpa_driver_wext_driver_cmd RSSI len = 248
06-25 22:13:40.289   364   364 D wpa_supplicant: wpa_driver_wext_driver_cmd mj rssi -77  len = 12, 12
06-25 22:13:40.289   364   364 D wpa_supplicant: wpa_driver_wext_driver_cmd LINKSPEED len = 248
06-25 22:13:40.289   364   364 D wpa_supplicant: wpa_driver_wext_driver_cmd LinkSpeed 48 len = 12, 12
06-25 22:13:40.433   151   205 I InputReader: Dropping virtual key from device cypress-touchkey because virtual keys are temporarily disabled for the next 222.043ms.  keyCode=4, scanCode=158
06-25 22:13:40.500   151   205 I InputReader: Dropping key up from device cypress-touchkey because the key was not down.  keyCode=4, scanCode=158
06-25 22:13:41.953    81   121 D AudioHardware: AudioHardware pcm playback is exiting standby.
06-25 22:13:41.953    81   121 D AudioHardware: openPcmOut_l() mPcmOpenCnt: 0
06-25 22:13:43.293   364   364 D wpa_supplicant: wpa_driver_wext_driver_cmd RSSI len = 248
06-25 22:13:43.300   364   364 D wpa_supplicant: wpa_driver_wext_driver_cmd mj rssi -79  len = 12, 12
06-25 22:13:43.300   364   364 D wpa_supplicant: wpa_driver_wext_driver_cmd LINKSPEED len = 248
06-25 22:13:43.304   364   364 D wpa_supplicant: wpa_driver_wext_driver_cmd LinkSpeed 48 len = 12, 12
06-25 22:13:44.945   398   400 D dalvikvm: GC_CONCURRENT freed 538K, 60% free 10115K/25287K, paused 3ms+12ms
06-25 22:13:45.297    81   121 D AudioHardware: AudioHardware pcm playback is going to standby.
06-25 22:13:45.300    81   121 D AudioHardware: closePcmOut_l() mPcmOpenCnt: 1
06-25 22:13:45.351   151   204 I ActivityManager: START {act=android.intent.action.MAIN cat=[android.intent.category.HOME] flg=0x10200000 cmp=com.android.launcher/com.android.launcher2.Launcher} from pid 151
06-25 22:13:45.511 16497 16497 W IInputConnectionWrapper: showStatusIcon on inactive InputConnection
06-25 22:13:46.308   364   364 D wpa_supplicant: wpa_driver_wext_driver_cmd RSSI len = 248
06-25 22:13:46.316   364   364 D wpa_supplicant: wpa_driver_wext_driver_cmd mj rssi -73  len = 12, 12
06-25 22:13:46.316   364   364 D wpa_supplicant: wpa_driver_wext_driver_cmd LINKSPEED len = 248
06-25 22:13:46.316   364   364 D wpa_supplicant: wpa_driver_wext_driver_cmd LinkSpeed 48 len = 12, 12
06-25 22:13:47.601   151   196 I power   : *** set_screen_state 0
06-25 22:13:47.648    78   118 D SurfaceFlinger: About to give-up screen, flinger = 0x17fe918
06-25 22:13:47.718 14416 14552 D NfcService: NFC-C OFF, disconnect
06-25 22:13:47.726   151   200 V TransportControlView: Create TCV com.android.internal.widget.TransportControlView@4132d1c8
06-25 22:13:47.757   398   398 D PhoneStatusBar: disable: < expand icons alerts ticker system_info back home RECENT* clock >
06-25 22:13:47.781   398   398 D PhoneStatusBar: disable: < expand icons alerts ticker system_info BACK* HOME* RECENT CLOCK* >
06-25 22:14:24.644 17261 17261 I PhoneLab-Locks: wake lock acquired
06-25 22:14:24.668 17261 17379 I PhoneLab-PeriodicCheckService: User info is synched
06-25 22:14:24.668 17261 17379 I PhoneLab-PeriodicCheckService: Logger Service is running
06-25 22:14:24.675 17261 17261 I PhoneLab-Locks: wake lock acquired
06-25 22:14:24.675 17261 17261 I PhoneLab-StatusMonitor: Status Monitoring is started
06-25 22:14:24.687 17261 17379 I PhoneLab-Locks: wake lock acquired
06-25 22:14:24.695 17261 17261 E PhoneLab-PhoneLabManifest: java.io.FileNotFoundException: /data/data/edu.buffalo.cse.phonelab.phonelabservices/files/manifest.xml: open failed: ENOENT (No such file or directory)
06-25 22:14:24.695 17261 17379 I PhoneLab-PeriodicCheckService: Rescheduling periodic checking...
06-25 22:14:24.699 17261 17379 I PhoneLab-Locks: wake lock released
06-25 22:14:24.718 17261 17261 I PhoneLab-Locks: wake lock released
06-25 22:14:24.722 17261 17261 I PhoneLab-UploadLogs: Transfering log files now
06-25 22:14:24.722 17261 17261 I PhoneLab-UploadLogs: No log files to transfer
06-25 22:14:24.722 17261 17261 I PhoneLab-Locks: wake lock released
06-25 22:14:24.722 17261 17261 I PhoneLab-UploadLogs: OnStartCommand
06-25 22:16:00.472 14440 14458 I Email   : ReconcilePopImapAccountsSync: start
06-25 22:16:00.562   151   153 D dalvikvm: GC_CONCURRENT freed 604K, 33% free 16482K/24391K, paused 2ms+7ms
06-25 22:16:00.566 14440 14456 I Email   : ReconcilePopImapAccountsSync: already running
06-25 22:16:00.632 14440 14458 I Email   : ReconcilePopImapAccountsSync: done
06-25 22:21:22.070 17325 17327 D dalvikvm: GC_CONCURRENT freed 402K, 5% free 10565K/11079K, paused 2ms+2ms
06-25 22:21:22.242 17325 17327 D dalvikvm: GC_CONCURRENT freed 336K, 4% free 10702K/11143K, paused 2ms+3ms
06-25 22:21:28.281 17325 17327 D dalvikvm: GC_CONCURRENT freed 329K, 5% free 10810K/11271K, paused 2ms+6ms
06-25 22:24:34.011   151   167 V BackupManagerService: Running a backup pass
06-25 22:24:34.070   151   339 V BackupManagerService: Backup requested but nothing pending
06-25 22:29:32.226 13854 14877 I EventLogService: Aggregate from 1340675972061 (log), 1340675972061 (data)
06-25 22:31:18.007 14440 14459 I Email   : ReconcilePopImapAccountsSync: start
06-25 22:31:18.023 14440 14489 I Email   : ReconcilePopImapAccountsSync: already running
06-25 22:31:18.043 14440 14459 I Email   : ReconcilePopImapAccountsSync: done
06-25 22:33:29.754 17261 17274 I PhoneLab-: Service Running
06-25 22:33:29.824 17261 17274 I PhoneLab-LoggerService: app_37    1563  1     1856   1404  c00f181c 400107b4 S logcat
06-25 22:33:29.824 17261 17274 I PhoneLab-LoggerService: Logcat pid from database 1563
06-25 22:33:29.828 17261 17274 I PhoneLab-LoggerService: Logcat process found 1563
06-25 22:33:29.828 17261 17274 I PhoneLab-LoggerService: Checking Threshold
06-25 22:33:29.828 17261 17274 I PhoneLab-: Service Running
06-25 22:33:29.851 17261 17264 D dalvikvm: GC_CONCURRENT freed 383K, 6% free 9102K/9607K, paused 2ms+13ms
06-25 22:33:29.886 17261 17274 I PhoneLab-LoggerService: app_37    1563  1     1856   1404  c00f181c 400107b4 S logcat
06-25 22:33:29.886 17261 17274 I PhoneLab-LoggerService: Logcat pid from database 1563
06-25 22:33:29.886 17261 17274 I PhoneLab-LoggerService: Logcat process found 1563
06-25 22:33:29.886 17261 17274 I PhoneLab-LoggerService: Checking Threshold
06-25 22:33:29.886 17261 17274 I PhoneLab-: Service Running
06-25 22:33:29.922 17261 17274 I PhoneLab-LoggerService: app_37    1563  1     1856   1404  c00f181c 400107b4 S logcat
06-25 22:33:29.922 17261 17274 I PhoneLab-LoggerService: Logcat pid from database 1563
06-25 22:33:29.922 17261 17274 I PhoneLab-LoggerService: Logcat process found 1563
06-25 22:33:29.925 17261 17274 I PhoneLab-LoggerService: Checking Threshold
06-25 22:33:29.925 17261 17274 I PhoneLab-: Service Running
06-25 22:33:29.949 17261 17274 I PhoneLab-LoggerService: app_37    1563  1     1856   1404  c00f181c 400107b4 S logcat
06-25 22:33:29.949 17261 17274 I PhoneLab-LoggerService: Logcat pid from database 1563
06-25 22:33:29.949 17261 17274 I PhoneLab-LoggerService: Logcat process found 1563
06-25 22:33:29.949 17261 17274 I PhoneLab-LoggerService: Checking Threshold
06-25 22:33:29.949 17261 17274 I PhoneLab-: Service Running
06-25 22:33:29.976 17261 17274 I PhoneLab-LoggerService: app_37    1563  1     1856   1404  c00f181c 400107b4 S logcat
06-25 22:33:29.976 17261 17274 I PhoneLab-LoggerService: Logcat pid from database 1563
06-25 22:33:29.976 17261 17274 I PhoneLab-LoggerService: Logcat process found 1563
06-25 22:33:29.976 17261 17274 I PhoneLab-LoggerService: Checking Threshold
06-25 22:33:29.976 17261 17274 I PhoneLab-: Service Running
06-25 22:33:30.004 17261 17274 I PhoneLab-LoggerService: app_37    1563  1     1856   1404  c00f181c 400107b4 S logcat
06-25 22:33:30.004 17261 17274 I PhoneLab-LoggerService: Logcat pid from database 1563
06-25 22:33:30.004 17261 17274 I PhoneLab-LoggerService: Logcat process found 1563
06-25 22:33:30.004 17261 17274 I PhoneLab-LoggerService: Checking Threshold
06-25 22:33:30.004 17261 17274 I PhoneLab-: Service Running
06-25 22:33:30.031 17261 17274 I PhoneLab-LoggerService: app_37    1563  1     1856   1404  c00f181c 400107b4 S logcat
06-25 22:33:30.031 17261 17274 I PhoneLab-LoggerService: Logcat pid from database 1563
06-25 22:33:30.031 17261 17274 I PhoneLab-LoggerService: Logcat process found 1563
06-25 22:33:30.031 17261 17274 I PhoneLab-LoggerService: Checking Threshold
06-25 22:33:30.031 17261 17274 I PhoneLab-: Service Running
06-25 22:33:30.054 17261 17274 I PhoneLab-LoggerService: app_37    1563  1     1856   1404  c00f181c 400107b4 S logcat
06-25 22:33:30.054 17261 17274 I PhoneLab-LoggerService: Logcat pid from database 1563
06-25 22:33:30.058 17261 17274 I PhoneLab-LoggerService: Logcat process found 1563
06-25 22:33:30.058 17261 17274 I PhoneLab-LoggerService: Checking Threshold
06-25 22:33:30.058 17261 17274 I PhoneLab-: Service Running
06-25 22:33:30.082 17261 17274 I PhoneLab-LoggerService: app_37    1563  1     1856   1404  c00f181c 400107b4 S logcat
06-25 22:33:30.082 17261 17274 I PhoneLab-LoggerService: Logcat pid from database 1563
06-25 22:33:30.082 17261 17274 I PhoneLab-LoggerService: Logcat process found 1563
06-25 22:33:30.082 17261 17274 I PhoneLab-LoggerService: Checking Threshold
06-25 22:33:30.082 17261 17274 I PhoneLab-: Service Running
06-25 22:33:30.121 17261 17274 I PhoneLab-LoggerService: app_37    1563  1     1856   1404  c00f181c 400107b4 S logcat
06-25 22:33:30.125 17261 17274 I PhoneLab-LoggerService: Logcat pid from database 1563
06-25 22:33:30.125 17261 17274 I PhoneLab-LoggerService: Logcat process found 1563
06-25 22:33:30.125 17261 17274 I PhoneLab-LoggerService: Checking Threshold
06-25 22:33:30.125 17261 17274 I PhoneLab-: Service Running
06-25 22:33:30.132 17261 17264 D dalvikvm: GC_CONCURRENT freed 432K, 6% free 9119K/9671K, paused 2ms+4ms
06-25 22:33:30.172 17261 17274 I PhoneLab-LoggerService: app_37    1563  1     1856   1404  c00f181c 400107b4 S logcat
06-25 22:33:30.172 17261 17274 I PhoneLab-LoggerService: Logcat pid from database 1563
06-25 22:33:30.172 17261 17274 I PhoneLab-LoggerService: Logcat process found 1563
06-25 22:33:30.172 17261 17274 I PhoneLab-LoggerService: Checking Threshold
06-25 22:37:31.097   398   400 D dalvikvm: GC_CONCURRENT freed 463K, 61% free 10047K/25287K, paused 3ms+4ms
06-25 22:37:31.101 17244 17400 W Gmail   : No MailEngine for account: mcmanojster@gmail.com
06-25 22:38:52.398   398   398 D dalvikvm: GC_FOR_ALLOC freed 307K, 61% free 10086K/25287K, paused 20ms
06-25 22:38:52.472   398   400 D dalvikvm: GC_CONCURRENT freed 335K, 60% free 10205K/25287K, paused 2ms+4ms
06-25 22:38:52.531 17325 17327 D dalvikvm: GC_CONCURRENT freed 447K, 6% free 10883K/11463K, paused 11ms+4ms
06-25 22:38:52.660   398   400 D dalvikvm: GC_CONCURRENT freed 354K, 60% free 10252K/25287K, paused 2ms+5ms
06-25 22:38:53.593 17325 17327 D dalvikvm: GC_CONCURRENT freed 458K, 6% free 10947K/11527K, paused 2ms+3ms
06-25 22:43:50.461 17261 17274 I PhoneLab-: Service Running
06-25 22:43:50.531 17261 17274 I PhoneLab-LoggerService: app_37    1563  1     1856   1404  c00f181c 400107b4 S logcat
06-25 22:43:50.531 17261 17274 I PhoneLab-LoggerService: Logcat pid from database 1563
06-25 22:43:50.531 17261 17274 I PhoneLab-LoggerService: Logcat process found 1563
06-25 22:43:50.531 17261 17274 I PhoneLab-LoggerService: Checking Threshold
06-25 22:43:50.531 17261 17274 I PhoneLab-: Service Running
06-25 22:43:50.558 17261 17274 I PhoneLab-LoggerService: app_37    1563  1     1856   1404  c00f181c 400107b4 S logcat
06-25 22:43:50.558 17261 17274 I PhoneLab-LoggerService: Logcat pid from database 1563
06-25 22:43:50.558 17261 17274 I PhoneLab-LoggerService: Logcat process found 1563
06-25 22:43:50.558 17261 17274 I PhoneLab-LoggerService: Checking Threshold
06-25 22:43:50.558 17261 17274 I PhoneLab-: Service Running
06-25 22:43:50.586 17261 17274 I PhoneLab-LoggerService: app_37    1563  1     1856   1404  c00f181c 400107b4 S logcat
06-25 22:43:50.586 17261 17274 I PhoneLab-LoggerService: Logcat pid from database 1563
06-25 22:43:50.586 17261 17274 I PhoneLab-LoggerService: Logcat process found 1563
06-25 22:43:50.586 17261 17274 I PhoneLab-LoggerService: Checking Threshold
06-25 22:43:50.586 17261 17274 I PhoneLab-: Service Running
06-25 22:43:50.609 17261 17274 I PhoneLab-LoggerService: app_37    1563  1     1856   1404  c00f181c 400107b4 S logcat
06-25 22:43:50.613 17261 17274 I PhoneLab-LoggerService: Logcat pid from database 1563
06-25 22:43:50.613 17261 17274 I PhoneLab-LoggerService: Logcat process found 1563
06-25 22:43:50.613 17261 17274 I PhoneLab-LoggerService: Checking Threshold
06-25 22:43:50.613 17261 17274 I PhoneLab-: Service Running
06-25 22:43:50.640 17261 17274 I PhoneLab-LoggerService: app_37    1563  1     1856   1404  c00f181c 400107b4 S logcat
06-25 22:43:50.640 17261 17274 I PhoneLab-LoggerService: Logcat pid from database 1563
06-25 22:43:50.640 17261 17274 I PhoneLab-LoggerService: Logcat process found 1563
06-25 22:43:50.640 17261 17274 I PhoneLab-LoggerService: Checking Threshold
06-25 22:44:25.007 17261 17261 I PhoneLab-Locks: wake lock acquired
06-25 22:44:25.066 17261 17413 I PhoneLab-PeriodicCheckService: User info is synched
06-25 22:44:25.070 17261 17413 I PhoneLab-PeriodicCheckService: Logger Service is running
06-25 22:44:25.070 17261 17413 I PhoneLab-Locks: wake lock acquired
06-25 22:44:25.074 17261 17261 I PhoneLab-UploadLogs: Transfering log files now
06-25 22:44:25.074 17261 17261 I PhoneLab-UploadLogs: No log files to transfer
06-25 22:44:25.074 17261 17261 I PhoneLab-Locks: wake lock released
06-25 22:44:25.078 17261 17261 I PhoneLab-UploadLogs: OnStartCommand
06-25 22:44:25.078 17261 17413 I PhoneLab-PeriodicCheckService: Rescheduling periodic checking...
06-25 22:44:25.078 17261 17413 I PhoneLab-Locks: wake lock released
06-25 22:44:47.273 17325 17327 D dalvikvm: GC_CONCURRENT freed 536K, 6% free 11017K/11655K, paused 2ms+4ms
06-25 22:44:48.015   151   585 D dalvikvm: GC_EXPLICIT freed 1323K, 33% free 16547K/24391K, paused 3ms+8ms
06-25 22:46:18.050 14440 14458 I Email   : ReconcilePopImapAccountsSync: start
06-25 22:47:42.086 14440 14456 I Email   : ReconcilePopImapAccountsSync: already running
06-25 22:47:42.105 14440 14458 I Email   : ReconcilePopImapAccountsSync: done
06-25 22:52:49.019 17261 17274 I PhoneLab-: Service Running
06-25 22:52:49.050 17261 17274 I PhoneLab-LoggerService: app_37    1563  1     1856   1404  c00f181c 400107b4 S logcat
06-25 22:52:49.054 17261 17274 I PhoneLab-LoggerService: Logcat pid from database 1563
06-25 22:52:49.054 17261 17274 I PhoneLab-LoggerService: Logcat process found 1563
06-25 22:52:49.054 17261 17274 I PhoneLab-LoggerService: Checking Threshold
06-25 22:52:49.054 17261 17274 I PhoneLab-: Service Running
06-25 22:52:49.093 17261 17274 I PhoneLab-LoggerService: app_37    1563  1     1856   1404  c00f181c 400107b4 S logcat
06-25 22:52:49.093 17261 17274 I PhoneLab-LoggerService: Logcat pid from database 1563
06-25 22:52:49.093 17261 17274 I PhoneLab-LoggerService: Logcat process found 1563
06-25 22:52:49.093 17261 17274 I PhoneLab-LoggerService: Checking Threshold
06-25 22:52:49.097 17261 17274 I PhoneLab-: Service Running
06-25 22:52:49.121 17261 17264 D dalvikvm: GC_CONCURRENT freed 438K, 6% free 9106K/9671K, paused 2ms+6ms
