06-25 23:12:50.375 17261 17274 I PhoneLab-LoggerService: Logcat pid from database 1563
06-25 23:12:50.375 17261 17274 I PhoneLab-LoggerService: Logcat process found 1563
06-25 23:12:50.375 17261 17274 I PhoneLab-LoggerService: Checking Threshold
06-25 23:12:50.375 17261 17274 I PhoneLab-: Service Running
06-25 23:12:50.386 17261 17264 D dalvikvm: GC_CONCURRENT freed 439K, 6% free 9119K/9671K, paused 1ms+4ms
06-25 23:12:50.414 17261 17274 I PhoneLab-LoggerService: app_37    1563  1     1856   1408  c00f181c 400107b4 S logcat
06-25 23:12:50.418 17261 17274 I PhoneLab-LoggerService: Logcat pid from database 1563
06-25 23:12:50.418 17261 17274 I PhoneLab-LoggerService: Logcat process found 1563
06-25 23:12:50.418 17261 17274 I PhoneLab-LoggerService: Checking Threshold
06-25 23:12:50.418 17261 17274 I PhoneLab-LoggerService: Starting to rename files
06-25 23:12:50.418 17261 17274 I PhoneLab-LoggerService: Files found .. 2
06-25 23:12:50.418 17261 17274 I PhoneLab-LoggerService: File 1 log.out.1
06-25 23:12:50.422 17261 17274 I PhoneLab-LoggerService: Renamed successfully
06-25 23:12:50.425 17261 17274 I PhoneLab-: Service Running
06-25 23:12:50.449 17261 17274 I PhoneLab-LoggerService: app_37    1563  1     1856   1408  c00f181c 400107b4 S logcat
06-25 23:12:50.449 17261 17274 I PhoneLab-LoggerService: Logcat pid from database 1563
06-25 23:12:50.449 17261 17274 I PhoneLab-LoggerService: Logcat process found 1563
06-25 23:12:50.449 17261 17274 I PhoneLab-LoggerService: Checking Threshold
06-25 23:12:50.449 17261 17274 I PhoneLab-LoggerService: Starting to rename files
06-25 23:12:50.453 17261 17274 I PhoneLab-LoggerService: Files found .. 2
06-25 23:12:50.453 17261 17274 I PhoneLab-: Service Running
06-25 23:12:50.476 17261 17274 I PhoneLab-LoggerService: app_37    1563  1     1856   1408  c00f181c 400107b4 S logcat
06-25 23:12:50.480 17261 17274 I PhoneLab-LoggerService: Logcat pid from database 1563
06-25 23:12:50.480 17261 17274 I PhoneLab-LoggerService: Logcat process found 1563
06-25 23:12:50.480 17261 17274 I PhoneLab-LoggerService: Checking Threshold
06-25 23:12:50.480 17261 17274 I PhoneLab-LoggerService: Starting to rename files
06-25 23:12:50.480 17261 17274 I PhoneLab-LoggerService: Files found .. 2
06-25 23:12:50.480 17261 17274 I PhoneLab-: Service Running
06-25 23:12:50.507 17261 17274 I PhoneLab-LoggerService: app_37    1563  1     1856   1408  c00f181c 400107b4 S logcat
06-25 23:12:50.507 17261 17274 I PhoneLab-LoggerService: Logcat pid from database 1563
06-25 23:12:50.507 17261 17274 I PhoneLab-LoggerService: Logcat process found 1563
06-25 23:12:50.507 17261 17274 I PhoneLab-LoggerService: Checking Threshold
06-25 23:12:50.507 17261 17274 I PhoneLab-LoggerService: Starting to rename files
06-25 23:12:50.507 17261 17274 I PhoneLab-LoggerService: Files found .. 2
06-25 23:14:25.101 17261 17261 I PhoneLab-Locks: wake lock acquired
06-25 23:14:25.129 17261 17446 I PhoneLab-PeriodicCheckService: User info is synched
06-25 23:14:25.132 17261 17446 I PhoneLab-PeriodicCheckService: Logger Service is running
06-25 23:14:25.136 17261 17261 I PhoneLab-Locks: wake lock acquired
06-25 23:14:25.140 17261 17261 I PhoneLab-StatusMonitor: Status Monitoring is started
06-25 23:14:25.140 17261 17261 E PhoneLab-PhoneLabManifest: java.io.FileNotFoundException: /data/data/edu.buffalo.cse.phonelab.phonelabservices/files/manifest.xml: open failed: ENOENT (No such file or directory)
06-25 23:14:25.144 17261 17261 I PhoneLab-Locks: wake lock released
06-25 23:14:25.148 17261 17446 I PhoneLab-Locks: wake lock acquired
06-25 23:14:25.152 17261 17261 I PhoneLab-UploadLogs: Transfering log files now
06-25 23:14:25.156 17261 17446 I PhoneLab-PeriodicCheckService: Rescheduling periodic checking...
06-25 23:14:25.156 17261 17446 I PhoneLab-Locks: wake lock released
06-25 23:14:25.226 17261 17264 D dalvikvm: GC_CONCURRENT freed 466K, 6% free 9198K/9735K, paused 2ms+2ms
06-25 23:14:25.273 17261 17261 D dalvikvm: GC_FOR_ALLOC freed 233K, 7% free 9200K/9799K, paused 13ms
06-25 23:14:25.273 17261 17261 I dalvikvm-heap: Grow heap (frag case) to 9.171MB for 123476-byte allocation
06-25 23:14:25.285 17261 17261 D dalvikvm: GC_FOR_ALLOC freed 56K, 7% free 9264K/9927K, paused 12ms
06-25 23:14:25.285 17261 17261 I dalvikvm-heap: Grow heap (frag case) to 9.359MB for 254548-byte allocation
06-25 23:14:25.300 17261 17261 D dalvikvm: GC_FOR_ALLOC freed 120K, 8% free 9392K/10183K, paused 12ms
06-25 23:14:25.300 17261 17261 I dalvikvm-heap: Grow heap (frag case) to 9.734MB for 516692-byte allocation
06-25 23:14:25.328 17261 17264 D dalvikvm: GC_CONCURRENT freed 248K, 10% free 9648K/10695K, paused 2ms+2ms
06-25 23:14:25.332 17261 17261 I PhoneLab-UploadLogs: OnStartCommand
06-25 23:14:25.652 17261 17448 D dalvikvm: GC_FOR_ALLOC freed 383K, 10% free 9632K/10695K, paused 27ms
06-25 23:14:25.668 17261 17448 D dalvikvm: GC_FOR_ALLOC freed 301K, 10% free 9632K/10695K, paused 12ms
06-25 23:14:25.683 17261 17448 D dalvikvm: GC_FOR_ALLOC freed 301K, 10% free 9638K/10695K, paused 12ms
06-25 23:14:29.027 17261 17261 I PhoneLab-: 1340680370420.log is deleted
06-25 23:14:29.027 17261 17261 I PhoneLab-: Response: {"data": "done", "err": ""}
06-25 23:14:29.031 17261 17261 I PhoneLab-UploadLogs: No log files to transfer
06-25 23:14:29.031 17261 17261 I PhoneLab-Locks: wake lock released
06-25 23:17:47.007   151   200 I power   : *** set_screen_state 1
06-25 23:17:47.023   151   200 W WindowManager: Aborted waiting for drawn: Window{414dc210 Keyguard paused=false}
06-25 23:17:47.023   151   200 I WindowManager: Lock screen displayed!
06-25 23:17:47.035   364   364 D wpa_supplicant: wpa_driver_wext_driver_cmd RSSI len = 248
06-25 23:17:47.043   364   364 D wpa_supplicant: wpa_driver_wext_driver_cmd mj rssi -65  len = 12, 12
06-25 23:17:47.043   364   364 D wpa_supplicant: wpa_driver_wext_driver_cmd LINKSPEED len = 248
06-25 23:17:47.043   364   364 D wpa_supplicant: wpa_driver_wext_driver_cmd LinkSpeed 54 len = 12, 12
06-25 23:17:47.043   364   364 D wpa_supplicant: wpa_driver_wext_driver_cmd SETSUSPENDOPT 0 len = 4096
06-25 23:17:47.043   364   364 D wpa_supplicant: wpa_driver_wext_driver_cmd SETSUSPENDOPT 0 len = 0, 15
06-25 23:17:47.043   364   364 D wpa_supplicant: wpa_driver_wext_driver_cmd POWERMODE 0 len = 4096
06-25 23:17:47.066   364   364 D wpa_supplicant: wpa_driver_wext_driver_cmd OK len = 0, 2
06-25 23:17:47.250    78   118 D SurfaceFlinger: Screen about to return, flinger = 0x17fe918
06-25 23:17:49.062 14440 14458 I Email   : ReconcilePopImapAccountsSync: start
06-25 23:17:49.070 14440 14456 I Email   : ReconcilePopImapAccountsSync: already running
06-25 23:17:49.089 14440 14458 I Email   : ReconcilePopImapAccountsSync: done
06-25 23:17:49.312   398   398 D PhoneStatusBar: disable: < expand icons alerts ticker system_info BACK* HOME* RECENT CLOCK* >
06-25 23:17:49.597   398   400 D dalvikvm: GC_CONCURRENT freed 520K, 59% free 10426K/25287K, paused 2ms+4ms
06-25 23:17:49.687   398   400 D dalvikvm: GC_CONCURRENT freed 556K, 60% free 10352K/25287K, paused 1ms+3ms
06-25 23:17:50.046   364   364 D wpa_supplicant: wpa_driver_wext_driver_cmd RSSI len = 248
06-25 23:17:50.054   364   364 D wpa_supplicant: wpa_driver_wext_driver_cmd mj rssi -74  len = 12, 12
06-25 23:17:50.054   364   364 D wpa_supplicant: wpa_driver_wext_driver_cmd LINKSPEED len = 248
06-25 23:17:50.054   364   364 D wpa_supplicant: wpa_driver_wext_driver_cmd LinkSpeed 54 len = 12, 12
06-25 23:17:50.343   398   398 D PhoneStatusBar: disable: < expand icons alerts ticker system_info BACK HOME recent* CLOCK >
06-25 23:17:50.371   398   398 D PhoneStatusBar: disable: < expand icons alerts ticker system_info back* home* recent clock* >
06-25 23:17:50.379 14416 14528 D NfcService: NFC-C ON
06-25 23:17:50.379 16497 16497 W IInputConnectionWrapper: showStatusIcon on inactive InputConnection
06-25 23:17:51.390 13854 13856 D dalvikvm: GC_CONCURRENT freed 366K, 9% free 10207K/11143K, paused 2ms+4ms
06-25 23:17:53.058   364   364 D wpa_supplicant: wpa_driver_wext_driver_cmd RSSI len = 248
06-25 23:17:53.066   364   364 D wpa_supplicant: wpa_driver_wext_driver_cmd mj rssi -65  len = 12, 12
06-25 23:17:53.066   364   364 D wpa_supplicant: wpa_driver_wext_driver_cmd LINKSPEED len = 248
06-25 23:17:53.066   364   364 D wpa_supplicant: wpa_driver_wext_driver_cmd LinkSpeed 54 len = 12, 12
06-25 23:17:54.394   151  3109 I ActivityManager: START {act=android.intent.action.MAIN cat=[android.intent.category.LAUNCHER] flg=0x10200000 cmp=com.android.settings/.Settings bnds=[240,556][360,706]} from pid 19608
06-25 23:17:54.586   151  5885 I ActivityManager: Start proc com.android.settings for activity com.android.settings/.Settings: pid=17452 uid=1000 gids={1015, 3002, 3001, 3003, 3007}
06-25 23:17:54.664 19608 19608 D OpenGLRenderer: Flushing caches (mode 1)
06-25 23:17:54.703 19608 19608 D OpenGLRenderer: Flushing caches (mode 0)
06-25 23:17:54.875 17452 17452 W System.err: Removed 2131231170
06-25 23:17:54.879 17452 17452 W System.err: Removed 2131231177
06-25 23:17:54.949 17452 17452 D LocalBluetoothProfileManager: LocalBluetoothProfileManager construction complete
06-25 23:17:55.007 17452 17454 D dalvikvm: GC_CONCURRENT freed 129K, 3% free 9371K/9607K, paused 3ms+4ms
06-25 23:17:55.054 17452 17452 D libEGL  : loaded /system/lib/egl/libGLES_android.so
06-25 23:17:55.066 17452 17452 D libEGL  : loaded /vendor/lib/egl/libEGL_POWERVR_SGX540_120.so
06-25 23:17:55.101 17452 17452 D libEGL  : loaded /vendor/lib/egl/libGLESv1_CM_POWERVR_SGX540_120.so
06-25 23:17:55.109 17452 17452 D libEGL  : loaded /vendor/lib/egl/libGLESv2_POWERVR_SGX540_120.so
06-25 23:17:55.129   151   167 I Process : Sending signal. PID: 17452 SIG: 3
06-25 23:17:55.129 17452 17457 I dalvikvm: threadid=3: reacting to signal 3
06-25 23:17:55.144 17452 17457 I dalvikvm: Wrote stack traces to '/data/anr/traces.txt'
06-25 23:17:55.211 17452 17452 D OpenGLRenderer: Enabling debug mode 0
06-25 23:17:55.500   151   199 I ActivityManager: Displayed com.android.settings/.Settings: +930ms
06-25 23:17:56.070   364   364 D wpa_supplicant: wpa_driver_wext_driver_cmd RSSI len = 248
06-25 23:17:56.078   364   364 D wpa_supplicant: wpa_driver_wext_driver_cmd mj rssi -69  len = 12, 12
06-25 23:17:56.078   364   364 D wpa_supplicant: wpa_driver_wext_driver_cmd LINKSPEED len = 248
06-25 23:17:56.082   364   364 D wpa_supplicant: wpa_driver_wext_driver_cmd LinkSpeed 54 len = 12, 12
06-25 23:17:56.679   151   213 D BluetoothAdapterStateMachine: HotOff process message: 1
06-25 23:17:56.679   151   213 D BluetoothAdapterStateMachine: Bluetooth state 10 -> 11
06-25 23:17:56.738 17452 17452 V BluetoothEventManager: Received android.bluetooth.adapter.action.STATE_CHANGED
06-25 23:17:56.757   151   168 I ActivityManager: Start proc com.android.bluetooth for broadcast com.android.bluetooth/.pbap.BluetoothPbapReceiver: pid=17468 uid=10002 gids={3003, 3002, 3001, 1015}
06-25 23:17:56.902   151   233 D BluetoothEventLoop: Property Changed: Powered : true
06-25 23:17:56.902   151   233 D BluetoothEventLoop: Property Changed: Pairable : true
06-25 23:17:56.906   151   213 D BluetoothAdapterStateMachine: Switching process message: 54
06-25 23:17:56.929   151   233 D BluetoothEventLoop: Property Changed: Class : 5898764
06-25 23:17:56.933   151   233 D BluetoothEventLoop: Property Changed: Pairable : true
06-25 23:17:56.937   151   233 D BluetoothEventLoop: Property Changed: Discoverable : true
06-25 23:17:56.937   151   213 D BluetoothAdapterStateMachine: Switching process message: 53
06-25 23:17:56.937   151   213 D BluetoothBondState: found 2 bonded devices
06-25 23:17:56.961   151   213 I BluetoothDeviceProfileState: Entering ACL Connected state with: -2
06-25 23:17:56.964   151   213 I BluetoothDeviceProfileState: Entering ACL Connected state with: -2
06-25 23:17:56.968   151   213 D BluetoothAdapterStateMachine: Bluetooth state 11 -> 12
06-25 23:17:56.976 17452 17452 V BluetoothEventManager: Received android.bluetooth.adapter.action.STATE_CHANGED
06-25 23:17:56.984   151   167 D BluetoothService: updateDeviceServiceChannelCache(00:C6:10:80:AE:85)
06-25 23:17:56.984 17452 17452 D LocalBluetoothProfileManager: Adding local A2DP profile
06-25 23:17:56.988 17452 17452 D LocalBluetoothProfileManager: Adding local HEADSET profile
06-25 23:17:57.004 17452 17452 D LocalBluetoothProfileManager: Adding local OPP profile
06-25 23:17:57.007   151   167 D BluetoothService: updateDeviceServiceChannelCache(C8:97:9F:ED:BF:19)
06-25 23:17:57.019 17468 17468 I ActivityThread: Pub com.android.bluetooth.opp: com.android.bluetooth.opp.BluetoothOppProvider
06-25 23:17:57.027   151   167 D BluetoothService: 	uuid(system): 00001105-0000-1000-8000-00805f9b34fb 5
06-25 23:17:57.211 17452 17452 D DockEventReceiver: finishStartingService: stopping service
06-25 23:17:57.347 17468 17496 I BtOppRfcommListener: Accept thread started on channel 12
06-25 23:17:57.398   151   233 D BluetoothEventLoop: Property Changed: UUIDs : 11
06-25 23:17:57.398   151   448 D BluetoothService: new handle 10008
06-25 23:17:57.410   151   213 D BluetoothAdapterStateMachine: BluetoothOn process message: 51
06-25 23:17:57.531   151   669 D dalvikvm: GC_EXPLICIT freed 1565K, 32% free 16632K/24391K, paused 4ms+9ms
06-25 23:17:57.546   151  5885 D BluetoothService: new handle 10009
06-25 23:17:57.546   151   233 D BluetoothEventLoop: Property Changed: UUIDs : 12
06-25 23:17:57.550   151   213 D BluetoothAdapterStateMachine: BluetoothOn process message: 51
06-25 23:17:57.574 17219 17222 D dalvikvm: GC_CONCURRENT freed 220K, 4% free 9270K/9607K, paused 3ms+5ms
06-25 23:17:59.089   364   364 D wpa_supplicant: wpa_driver_wext_driver_cmd RSSI len = 248
06-25 23:17:59.097   364   364 D wpa_supplicant: wpa_driver_wext_driver_cmd mj rssi -72  len = 12, 12
06-25 23:17:59.097   364   364 D wpa_supplicant: wpa_driver_wext_driver_cmd LINKSPEED len = 248
06-25 23:17:59.105   364   364 D wpa_supplicant: wpa_driver_wext_driver_cmd LinkSpeed 54 len = 12, 12
06-25 23:18:02.136   364   364 D wpa_supplicant: wpa_driver_wext_driver_cmd RSSI len = 248
06-25 23:18:02.144   364   364 D wpa_supplicant: wpa_driver_wext_driver_cmd mj rssi -72  len = 12, 12
06-25 23:18:02.144   364   364 D wpa_supplicant: wpa_driver_wext_driver_cmd LINKSPEED len = 248
06-25 23:18:02.148   364   364 D wpa_supplicant: wpa_driver_wext_driver_cmd LinkSpeed 54 len = 12, 12
06-25 23:18:05.156   364   364 D wpa_supplicant: wpa_driver_wext_driver_cmd RSSI len = 248
06-25 23:18:05.168   364   364 D wpa_supplicant: wpa_driver_wext_driver_cmd mj rssi -64  len = 12, 12
06-25 23:18:05.168   364   364 D wpa_supplicant: wpa_driver_wext_driver_cmd LINKSPEED len = 248
06-25 23:18:05.168   364   364 D wpa_supplicant: wpa_driver_wext_driver_cmd LinkSpeed 54 len = 12, 12
06-25 23:18:08.175   364   364 D wpa_supplicant: wpa_driver_wext_driver_cmd RSSI len = 248
06-25 23:18:08.175   364   364 D wpa_supplicant: wpa_driver_wext_driver_cmd mj rssi -65  len = 12, 12
06-25 23:18:08.175   364   364 D wpa_supplicant: wpa_driver_wext_driver_cmd LINKSPEED len = 248
06-25 23:18:08.179   364   364 D wpa_supplicant: wpa_driver_wext_driver_cmd LinkSpeed 54 len = 12, 12
06-25 23:18:11.183   364   364 D wpa_supplicant: wpa_driver_wext_driver_cmd RSSI len = 248
06-25 23:18:11.191   364   364 D wpa_supplicant: wpa_driver_wext_driver_cmd mj rssi -59  len = 12, 12
06-25 23:18:11.191   364   364 D wpa_supplicant: wpa_driver_wext_driver_cmd LINKSPEED len = 248
06-25 23:18:11.195   364   364 D wpa_supplicant: wpa_driver_wext_driver_cmd LinkSpeed 54 len = 12, 12
06-25 23:18:12.644   151   233 D BluetoothService: updateDeviceServiceChannelCache(28:98:7B:CE:AA:55)
06-25 23:18:12.644 17452 17452 V BluetoothEventManager: Received android.bluetooth.device.action.FOUND
06-25 23:18:12.648 17452 17452 D BluetoothEventManager: DeviceFoundHandler created new CachedBluetoothDevice: 28:98:7B:CE:AA:55
06-25 23:18:12.648   151   233 D BluetoothEventLoop: Property Changed: Devices : 3
06-25 23:18:12.648   151   233 D BluetoothEventLoop: Device property changed: 28:98:7B:CE:AA:55 property: Connected value: true
06-25 23:18:12.671   151   233 D BluetoothEventLoop: Device property changed: 28:98:7B:CE:AA:55 property: Name value: GT-I9300
06-25 23:18:12.671 17452 17452 V BluetoothEventManager: Received android.bluetooth.device.action.NAME_CHANGED
06-25 23:18:12.675   151   233 D BluetoothEventLoop: Device property changed: 28:98:7B:CE:AA:55 property: Alias value: GT-I9300
06-25 23:18:13.785   151   233 D BluetoothEventLoop: Device property changed: 28:98:7B:CE:AA:55 property: Paired value: true
06-25 23:18:13.785   151   233 D BluetoothBondState: setBondState address 12reason: 0
06-25 23:18:13.812   151   233 I BluetoothDeviceProfileState: Entering ACL Connected state with: -2
06-25 23:18:13.843 17468 17496 I BtOppRfcommListener: Accepted connectoin from 28:98:7B:CE:AA:55
06-25 23:18:13.843 17468 17468 I BtOpp Service: Start Obex Server
06-25 23:18:13.910   151   233 W BackupManagerService: dataChanged but no participant pkg='com.android.providers.settings' uid=1001
06-25 23:18:13.914   466 10044 D Bluetooth HSHFP: Saved priority 28:98:7B:CE:AA:55 = 100
06-25 23:18:13.914   151   233 D BluetoothBondState: 28:98:7B:CE:AA:55 bond state 10 -> 12 (0)
06-25 23:18:13.914 17452 17452 V BluetoothEventManager: Received android.bluetooth.device.action.BOND_STATE_CHANGED
06-25 23:18:13.949 17452 17454 D dalvikvm: GC_CONCURRENT freed 215K, 4% free 9578K/9927K, paused 2ms+3ms
06-25 23:18:14.199   364   364 D wpa_supplicant: wpa_driver_wext_driver_cmd RSSI len = 248
06-25 23:18:14.207   364   364 D wpa_supplicant: wpa_driver_wext_driver_cmd mj rssi -64  len = 12, 12
06-25 23:18:14.207   364   364 D wpa_supplicant: wpa_driver_wext_driver_cmd LINKSPEED len = 248
06-25 23:18:14.226   364   364 D wpa_supplicant: wpa_driver_wext_driver_cmd LinkSpeed 54 len = 12, 12
06-25 23:18:14.593 17468 17471 D dalvikvm: GC_CONCURRENT freed 241K, 4% free 9259K/9607K, paused 9ms+2ms
06-25 23:18:14.859   151 17511 I AudioService:  AudioFocus  requestAudioFocus() from android.media.AudioManager@4144bb20
06-25 23:18:14.894    81   121 D AudioHardware: AudioHardware pcm playback is exiting standby.
06-25 23:18:14.894    81   121 D AudioHardware: openPcmOut_l() mPcmOpenCnt: 0
06-25 23:18:15.031   398   400 D dalvikvm: GC_CONCURRENT freed 289K, 59% free 10506K/25287K, paused 2ms+9ms
06-25 23:18:15.718   151 17511 I AudioService:  AudioFocus  abandonAudioFocus() from android.media.AudioManager@4144bb20
06-25 23:18:15.898   398   400 D dalvikvm: GC_CONCURRENT freed 481K, 59% free 10419K/25287K, paused 2ms+3ms
06-25 23:18:16.390   151   233 D BluetoothEventLoop: Device property changed: 28:98:7B:CE:AA:55 property: UUIDs value: 9
06-25 23:18:16.390   151   233 D BluetoothService: updateDeviceServiceChannelCache(28:98:7B:CE:AA:55)
06-25 23:18:16.394   151   233 D BluetoothService: 	uuid(system): 00001105-0000-1000-8000-00805f9b34fb 12
06-25 23:18:16.398 17452 17452 V BluetoothEventManager: Received android.bluetooth.device.action.UUID
06-25 23:18:17.242   364   364 D wpa_supplicant: wpa_driver_wext_driver_cmd RSSI len = 248
06-25 23:18:17.242   364   364 D wpa_supplicant: wpa_driver_wext_driver_cmd mj rssi -70  len = 12, 12
06-25 23:18:17.242   364   364 D wpa_supplicant: wpa_driver_wext_driver_cmd LINKSPEED len = 248
06-25 23:18:17.246   364   364 D wpa_supplicant: wpa_driver_wext_driver_cmd LinkSpeed 54 len = 12, 12
06-25 23:18:18.800    81   121 D AudioHardware: AudioHardware pcm playback is going to standby.
06-25 23:18:18.800    81   121 D AudioHardware: closePcmOut_l() mPcmOpenCnt: 1
06-25 23:18:19.597   151 17517 I AudioService:  AudioFocus  abandonAudioFocus() from android.media.AudioManager@4144bb20
06-25 23:18:20.250   364   364 D wpa_supplicant: wpa_driver_wext_driver_cmd RSSI len = 248
06-25 23:18:20.257   364   364 D wpa_supplicant: wpa_driver_wext_driver_cmd mj rssi -74  len = 12, 12
06-25 23:18:20.257   364   364 D wpa_supplicant: wpa_driver_wext_driver_cmd LINKSPEED len = 248
06-25 23:18:20.261   364   364 D wpa_supplicant: wpa_driver_wext_driver_cmd LinkSpeed 54 len = 12, 12
06-25 23:18:21.328   151   151 I ActivityManager: START {dat=content://com.android.bluetooth.opp/btopp/2 flg=0x10000000 cmp=com.android.bluetooth/.opp.BluetoothOppIncomingFileConfirmActivity} from pid 17468
06-25 23:18:21.332   151   669 W KeyguardViewMediator: verifyUnlock called when not externally disabled
06-25 23:18:21.511 17468 17471 D dalvikvm: GC_CONCURRENT freed 415K, 6% free 9309K/9799K, paused 8ms+7ms
06-25 23:18:21.644 17468 17468 D libEGL  : loaded /system/lib/egl/libGLES_android.so
06-25 23:18:21.652 17468 17468 D libEGL  : loaded /vendor/lib/egl/libEGL_POWERVR_SGX540_120.so
06-25 23:18:21.668 17468 17468 D libEGL  : loaded /vendor/lib/egl/libGLESv1_CM_POWERVR_SGX540_120.so
06-25 23:18:21.675 17468 17468 D libEGL  : loaded /vendor/lib/egl/libGLESv2_POWERVR_SGX540_120.so
06-25 23:18:21.683   398   400 D dalvikvm: GC_CONCURRENT freed 529K, 60% free 10293K/25287K, paused 1ms+9ms
06-25 23:18:21.730 17468 17468 D OpenGLRenderer: Enabling debug mode 0
06-25 23:18:21.785   151   199 I ActivityManager: Displayed com.android.bluetooth/.opp.BluetoothOppIncomingFileConfirmActivity: +427ms
06-25 23:18:23.285   364   364 D wpa_supplicant: wpa_driver_wext_driver_cmd RSSI len = 248
06-25 23:18:23.285   364   364 D wpa_supplicant: wpa_driver_wext_driver_cmd mj rssi -78  len = 12, 12
06-25 23:18:23.285   364   364 D wpa_supplicant: wpa_driver_wext_driver_cmd LINKSPEED len = 248
06-25 23:18:23.289   364   364 D wpa_supplicant: wpa_driver_wext_driver_cmd LinkSpeed 54 len = 12, 12
06-25 23:18:23.496   151   546 W InputManagerService: Window already focused, ignoring focus gain of: com.android.internal.view.IInputMethodClient$Stub$Proxy@415134f8
06-25 23:18:23.562 17468 17468 D OpenGLRenderer: Flushing caches (mode 0)
06-25 23:18:23.820   398   400 D dalvikvm: GC_CONCURRENT freed 471K, 60% free 10277K/25287K, paused 3ms+4ms
06-25 23:18:24.054 17468 17504 D dalvikvm: GC_FOR_ALLOC freed 208K, 4% free 9542K/9927K, paused 47ms
06-25 23:18:24.058   398   400 D dalvikvm: GC_CONCURRENT freed 292K, 59% free 10443K/25287K, paused 3ms+8ms
06-25 23:18:24.105 17468 17471 D dalvikvm: GC_CONCURRENT freed 82K, 5% free 9591K/10055K, paused 3ms+3ms
06-25 23:18:24.785 17468 17504 D dalvikvm: GC_FOR_ALLOC freed 456K, 8% free 9410K/10183K, paused 25ms
06-25 23:18:25.562 17468 17471 D dalvikvm: GC_CONCURRENT freed 273K, 6% free 9589K/10183K, paused 2ms+3ms
06-25 23:18:26.007 17468 17504 D dalvikvm: GC_FOR_ALLOC freed 385K, 7% free 9473K/10183K, paused 41ms
06-25 23:18:26.293   364   364 D wpa_supplicant: wpa_driver_wext_driver_cmd RSSI len = 248
06-25 23:18:26.296   364   364 D wpa_supplicant: wpa_driver_wext_driver_cmd mj rssi -74  len = 12, 12
06-25 23:18:26.300   364   364 D wpa_supplicant: wpa_driver_wext_driver_cmd LINKSPEED len = 248
06-25 23:18:26.304   364   364 D wpa_supplicant: wpa_driver_wext_driver_cmd LinkSpeed 54 len = 12, 12
06-25 23:18:26.855 17468 17504 D dalvikvm: GC_FOR_ALLOC freed 458K, 9% free 9345K/10183K, paused 305ms
06-25 23:18:27.379 17468 17504 D dalvikvm: GC_FOR_ALLOC freed 333K, 7% free 9473K/10183K, paused 56ms
06-25 23:18:27.406 17468 17471 D dalvikvm: GC_CONCURRENT freed 197K, 9% free 9341K/10183K, paused 1ms+2ms
06-25 23:18:28.254 17468 17471 D dalvikvm: GC_CONCURRENT freed 269K, 7% free 9539K/10183K, paused 9ms+2ms
06-25 23:18:28.722 17468 17504 D dalvikvm: GC_FOR_ALLOC freed 330K, 8% free 9469K/10183K, paused 61ms
06-25 23:18:29.312   364   364 D wpa_supplicant: wpa_driver_wext_driver_cmd RSSI len = 248
06-25 23:18:29.316   364   364 D wpa_supplicant: wpa_driver_wext_driver_cmd mj rssi -76  len = 12, 12
06-25 23:18:29.320   364   364 D wpa_supplicant: wpa_driver_wext_driver_cmd LINKSPEED len = 248
06-25 23:18:29.355   364   364 D wpa_supplicant: wpa_driver_wext_driver_cmd LinkSpeed 54 len = 12, 12
06-25 23:18:29.441 17468 17504 D dalvikvm: GC_FOR_ALLOC freed 461K, 9% free 9351K/10183K, paused 89ms
06-25 23:18:30.195 17468 17504 D dalvikvm: GC_FOR_ALLOC freed 338K, 7% free 9474K/10183K, paused 30ms
06-25 23:18:30.250 17468 17471 D dalvikvm: GC_CONCURRENT freed 197K, 9% free 9342K/10183K, paused 4ms+5ms
06-25 23:18:32.418   364   364 D wpa_supplicant: wpa_driver_wext_driver_cmd RSSI len = 248
06-25 23:18:32.429   364   364 D wpa_supplicant: wpa_driver_wext_driver_cmd mj rssi -70  len = 12, 12
06-25 23:18:32.429   364   364 D wpa_supplicant: wpa_driver_wext_driver_cmd LINKSPEED len = 248
06-25 23:18:32.468   364   364 D wpa_supplicant: wpa_driver_wext_driver_cmd LinkSpeed 54 len = 12, 12
06-25 23:18:32.582 17468 17471 D dalvikvm: GC_CONCURRENT freed 278K, 7% free 9545K/10183K, paused 24ms+4ms
06-25 23:18:33.058 17468 17504 D dalvikvm: GC_FOR_ALLOC freed 273K, 7% free 9471K/10183K, paused 57ms
06-25 23:18:33.566 17468 17504 D dalvikvm: GC_FOR_ALLOC freed 329K, 7% free 9475K/10183K, paused 52ms
06-25 23:18:34.132 17468 17504 D dalvikvm: GC_FOR_ALLOC freed 462K, 9% free 9352K/10183K, paused 39ms
06-25 23:18:35.273 17468 17504 D dalvikvm: GC_FOR_ALLOC freed 340K, 7% free 9478K/10183K, paused 44ms
06-25 23:18:35.304 17468 17471 D dalvikvm: GC_CONCURRENT freed 199K, 9% free 9343K/10183K, paused 2ms+3ms
06-25 23:18:35.496   364   364 D wpa_supplicant: wpa_driver_wext_driver_cmd RSSI len = 248
06-25 23:18:35.504   364   364 D wpa_supplicant: wpa_driver_wext_driver_cmd mj rssi -74  len = 12, 12
06-25 23:18:35.504   364   364 D wpa_supplicant: wpa_driver_wext_driver_cmd LINKSPEED len = 248
06-25 23:18:35.504   364   364 D wpa_supplicant: wpa_driver_wext_driver_cmd LinkSpeed 54 len = 12, 12
06-25 23:18:36.101 17468 17504 D dalvikvm: GC_FOR_ALLOC freed 332K, 7% free 9479K/10183K, paused 14ms
06-25 23:18:36.132 17468 17471 D dalvikvm: GC_CONCURRENT freed 199K, 9% free 9343K/10183K, paused 2ms+2ms
06-25 23:18:36.937 17468 17504 D dalvikvm: GC_FOR_ALLOC freed 324K, 7% free 9474K/10183K, paused 16ms
06-25 23:18:36.972 17468 17471 D dalvikvm: GC_CONCURRENT freed 194K, 9% free 9344K/10183K, paused 2ms+3ms
06-25 23:18:38.082 17468 17471 D dalvikvm: GC_CONCURRENT freed 274K, 7% free 9549K/10183K, paused 7ms+6ms
06-25 23:18:38.507   364   364 D wpa_supplicant: wpa_driver_wext_driver_cmd RSSI len = 248
06-25 23:18:38.511   364   364 D wpa_supplicant: wpa_driver_wext_driver_cmd mj rssi -79  len = 12, 12
06-25 23:18:38.511   364   364 D wpa_supplicant: wpa_driver_wext_driver_cmd LINKSPEED len = 248
06-25 23:18:38.515   364   364 D wpa_supplicant: wpa_driver_wext_driver_cmd LinkSpeed 54 len = 12, 12
06-25 23:18:38.546 17468 17504 D dalvikvm: GC_FOR_ALLOC freed 336K, 7% free 9474K/10183K, paused 50ms
06-25 23:18:38.679   151   580 D dalvikvm: GC_EXPLICIT freed 1565K, 35% free 16015K/24391K, paused 4ms+11ms
06-25 23:18:39.089 17468 17504 D dalvikvm: GC_FOR_ALLOC freed 460K, 9% free 9354K/10183K, paused 31ms
06-25 23:18:40.058 17468 17471 D dalvikvm: GC_CONCURRENT freed 275K, 7% free 9531K/10183K, paused 18ms+5ms
06-25 23:18:40.539 17468 17504 D dalvikvm: GC_FOR_ALLOC freed 333K, 7% free 9471K/10183K, paused 35ms
06-25 23:18:41.078 17261 17274 I PhoneLab-: Service Running
06-25 23:18:41.086 17468 17504 D dalvikvm: GC_FOR_ALLOC freed 458K, 9% free 9343K/10183K, paused 78ms
06-25 23:18:41.203 17261 17274 I PhoneLab-LoggerService: app_37    1563  1     1856   1408  c00f181c 400107b4 S logcat
06-25 23:18:41.203 17261 17274 I PhoneLab-LoggerService: Logcat pid from database 1563
06-25 23:18:41.203 17261 17274 I PhoneLab-LoggerService: Logcat process found 1563
06-25 23:18:41.203 17261 17274 I PhoneLab-LoggerService: Checking Threshold
06-25 23:18:41.203 17261 17274 I PhoneLab-: Service Running
06-25 23:18:41.257 17261 17274 I PhoneLab-LoggerService: app_37    1563  1     1856   1408  c00f181c 400107b4 S logcat
06-25 23:18:41.257 17261 17274 I PhoneLab-LoggerService: Logcat pid from database 1563
06-25 23:18:41.257 17261 17274 I PhoneLab-LoggerService: Logcat process found 1563
06-25 23:18:41.257 17261 17274 I PhoneLab-LoggerService: Checking Threshold
06-25 23:18:41.257 17261 17274 I PhoneLab-: Service Running
06-25 23:18:41.277 17261 17264 D dalvikvm: GC_CONCURRENT freed 912K, 15% free 9156K/10695K, paused 4ms+3ms
06-25 23:18:41.328 17261 17274 I PhoneLab-LoggerService: app_37    1563  1     1856   1408  c00f181c 400107b4 S logcat
06-25 23:18:41.328 17261 17274 I PhoneLab-LoggerService: Logcat pid from database 1563
06-25 23:18:41.332 17261 17274 I PhoneLab-LoggerService: Logcat process found 1563
06-25 23:18:41.332 17261 17274 I PhoneLab-LoggerService: Checking Threshold
06-25 23:18:41.519   364   364 D wpa_supplicant: wpa_driver_wext_driver_cmd RSSI len = 248
06-25 23:18:41.527   364   364 D wpa_supplicant: wpa_driver_wext_driver_cmd mj rssi -67  len = 12, 12
06-25 23:18:41.527   364   364 D wpa_supplicant: wpa_driver_wext_driver_cmd LINKSPEED len = 248
06-25 23:18:41.531   364   364 D wpa_supplicant: wpa_driver_wext_driver_cmd LinkSpeed 54 len = 12, 12
06-25 23:18:41.695 17468 17471 D dalvikvm: GC_CONCURRENT freed 270K, 7% free 9483K/10183K, paused 7ms+2ms
06-25 23:18:41.961   398   398 D dalvikvm: GC_FOR_ALLOC freed 453K, 60% free 10363K/25287K, paused 42ms
06-25 23:18:42.070   398   400 D dalvikvm: GC_CONCURRENT freed 506K, 60% free 10325K/25287K, paused 2ms+3ms
06-25 23:18:42.328   398   400 D dalvikvm: GC_CONCURRENT freed 372K, 59% free 10422K/25287K, paused 2ms+3ms
06-25 23:18:42.449   398   400 D dalvikvm: GC_CONCURRENT freed 577K, 60% free 10284K/25287K, paused 2ms+4ms
06-25 23:18:44.117   151   233 D BluetoothEventLoop: Device property changed: 28:98:7B:CE:AA:55 property: Paired value: false
06-25 23:18:44.121   151   233 D BluetoothBondState: setBondState address 10reason: 0
06-25 23:18:44.429   151   233 D BluetoothBondState: 28:98:7B:CE:AA:55 bond state 12 -> 10 (0)
06-25 23:18:44.429   151   233 W BluetoothBondState: setBondState() called to unbond device, but reason code is invalid. Overriding reason code with BOND_RESULT_REMOVED
06-25 23:18:44.437 17452 17452 V BluetoothEventManager: Received android.bluetooth.device.action.BOND_STATE_CHANGED
06-25 23:18:44.449 17452 17452 W BluetoothEventManager: showUnbondMessage: Not displaying any message for reason: 9
06-25 23:18:44.461   151   233 D BluetoothEventLoop: Device property changed: 28:98:7B:CE:AA:55 property: Connected value: false
06-25 23:18:44.476   151   233 D BluetoothEventLoop: Property Changed: Devices : 2
06-25 23:18:44.484   151   233 D BluetoothBondState: setBondState address 10reason: 9
06-25 23:18:44.550   364   364 D wpa_supplicant: wpa_driver_wext_driver_cmd RSSI len = 248
06-25 23:18:44.558   364   364 D wpa_supplicant: wpa_driver_wext_driver_cmd mj rssi -72  len = 12, 12
06-25 23:18:44.558   364   364 D wpa_supplicant: wpa_driver_wext_driver_cmd LINKSPEED len = 248
06-25 23:18:44.562   364   364 D wpa_supplicant: wpa_driver_wext_driver_cmd LinkSpeed 54 len = 12, 12
06-25 23:18:45.476   151   448 I ActivityManager: START {flg=0x14000000 cmp=com.android.bluetooth/.opp.BluetoothOppTransferHistory (has extras)} from pid 17468
06-25 23:18:45.523   151   585 W KeyguardViewMediator: verifyUnlock called when not externally disabled
06-25 23:18:45.539 17452 17452 D OpenGLRenderer: Flushing caches (mode 1)
06-25 23:18:45.675 17468 17471 D dalvikvm: GC_CONCURRENT freed 673K, 10% free 9264K/10183K, paused 12ms+11ms
06-25 23:18:45.722 17452 17452 D OpenGLRenderer: Flushing caches (mode 0)
06-25 23:18:45.879   151  3110 W InputManagerService: Starting input on non-focused client com.android.internal.view.IInputMethodClient$Stub$Proxy@41824590 (uid=1000 pid=17452)
06-25 23:18:45.972   151   199 I ActivityManager: Displayed com.android.bluetooth/.opp.BluetoothOppTransferHistory: +466ms
06-25 23:18:47.578   364   364 D wpa_supplicant: wpa_driver_wext_driver_cmd RSSI len = 248
06-25 23:18:47.578   364   364 D wpa_supplicant: wpa_driver_wext_driver_cmd mj rssi -72  len = 12, 12
06-25 23:18:47.578   364   364 D wpa_supplicant: wpa_driver_wext_driver_cmd LINKSPEED len = 248
06-25 23:18:47.582   364   364 D wpa_supplicant: wpa_driver_wext_driver_cmd LinkSpeed 54 len = 12, 12
06-25 23:18:47.660   151   590 I ActivityManager: START {act=android.intent.action.VIEW dat=file:///mnt/sdcard/bluetooth/20120625_231632.jpg typ=image/jpeg flg=0x10000000 cmp=com.android.gallery3d/.app.Gallery} from pid 17468
06-25 23:18:47.769   151   580 I ActivityManager: Start proc com.android.gallery3d for activity com.android.gallery3d/.app.Gallery: pid=17594 uid=10015 gids={3003, 1015}
06-25 23:18:47.820 17468 17468 D OpenGLRenderer: Flushing caches (mode 0)
06-25 23:18:47.953 17594 17594 I ActivityThread: Pub com.google.android.gallery3d.GooglePhotoProvider: com.google.android.picasasync.PicasaContentProvider
06-25 23:18:48.011   398   400 D dalvikvm: GC_CONCURRENT freed 261K, 59% free 10421K/25287K, paused 2ms+12ms
06-25 23:18:48.136 17594 17597 D dalvikvm: GC_CONCURRENT freed 418K, 6% free 9118K/9607K, paused 2ms+14ms
06-25 23:18:48.211 17594 17594 I ActivityThread: Pub com.google.android.gallery3d.provider: com.android.gallery3d.provider.GalleryProvider
06-25 23:18:48.308   151   167 I Process : Sending signal. PID: 17594 SIG: 3
06-25 23:18:48.308 17594 17599 I dalvikvm: threadid=3: reacting to signal 3
06-25 23:18:48.328 17594 17599 I dalvikvm: Wrote stack traces to '/data/anr/traces.txt'
06-25 23:18:48.363 17594 17597 D dalvikvm: GC_CONCURRENT freed 401K, 5% free 9195K/9671K, paused 2ms+6ms
06-25 23:18:48.421 17594 17594 V StateManager: startState class com.android.gallery3d.app.PhotoPage
06-25 23:18:48.496 17594 17610 D dalvikvm: GC_FOR_ALLOC freed 119K, 4% free 9427K/9799K, paused 16ms
06-25 23:18:48.640 17594 17594 D libEGL  : loaded /system/lib/egl/libGLES_android.so
06-25 23:18:48.648 17594 17594 D libEGL  : loaded /vendor/lib/egl/libEGL_POWERVR_SGX540_120.so
06-25 23:18:48.656 17594 17594 D libEGL  : loaded /vendor/lib/egl/libGLESv1_CM_POWERVR_SGX540_120.so
06-25 23:18:48.660 17594 17594 D libEGL  : loaded /vendor/lib/egl/libGLESv2_POWERVR_SGX540_120.so
06-25 23:18:48.671 17594 17597 D dalvikvm: GC_CONCURRENT freed 363K, 5% free 9509K/9991K, paused 2ms+3ms
06-25 23:18:48.730 17594 17594 D OpenGLRenderer: Enabling debug mode 0
06-25 23:18:48.742 17594 17608 I GalleryEGLConfigChooser: Config chosen: R5 G6 B5 A0 D24 S8 ID7 CAVEAT12344 
06-25 23:18:48.808   151   167 I Process : Sending signal. PID: 17594 SIG: 3
06-25 23:18:48.808 17594 17599 I dalvikvm: threadid=3: reacting to signal 3
06-25 23:18:48.847 17594 17599 I dalvikvm: Wrote stack traces to '/data/anr/traces.txt'
06-25 23:18:48.855 17594 17608 I GLRootView: onSurfaceChanged: 480x800, gl10: com.google.android.gles_jni.GLImpl@4131e4a8
06-25 23:18:48.855 17594 17608 I GLRootView: layout content pane 480x800
06-25 23:18:48.890   151   199 I ActivityManager: Displayed com.android.gallery3d/.app.Gallery: +1s136ms
06-25 23:18:48.894 17594 17608 D dalvikvm: GC_FOR_ALLOC freed 36K, 5% free 9550K/9991K, paused 20ms
06-25 23:18:48.898 17594 17608 I dalvikvm-heap: Grow heap (frag case) to 10.000MB for 635812-byte allocation
06-25 23:18:48.941 17594 17594 D dalvikvm: GC_FOR_ALLOC freed <1K, 5% free 10170K/10631K, paused 31ms
06-25 23:18:49.027 17594 17597 D dalvikvm: GC_CONCURRENT freed <1K, 4% free 10227K/10631K, paused 5ms+3ms
06-25 23:18:49.054 17594 17608 D dalvikvm: GC_FOR_ALLOC freed <1K, 4% free 10226K/10631K, paused 27ms
06-25 23:18:49.058 17594 17608 I dalvikvm-heap: Grow heap (frag case) to 10.662MB for 635812-byte allocation
06-25 23:18:49.105 17594 17594 D dalvikvm: GC_FOR_ALLOC freed <1K, 4% free 10847K/11271K, paused 26ms
06-25 23:18:49.136 17594 17608 D dalvikvm: GC_FOR_ALLOC freed <1K, 4% free 10903K/11335K, paused 18ms
06-25 23:18:49.140 17594 17608 I dalvikvm-heap: Grow heap (frag case) to 11.322MB for 635812-byte allocation
06-25 23:18:49.171 17594 17594 D dalvikvm: GC_FOR_ALLOC freed <1K, 4% free 11523K/11975K, paused 16ms
06-25 23:18:49.211 17594 17597 D dalvikvm: GC_CONCURRENT freed <1K, 4% free 11579K/11975K, paused 2ms+4ms
06-25 23:18:49.226 17594 17608 D dalvikvm: GC_FOR_ALLOC freed <1K, 4% free 11579K/11975K, paused 16ms
06-25 23:18:49.226 17594 17608 I dalvikvm-heap: Grow heap (frag case) to 11.982MB for 635812-byte allocation
06-25 23:18:49.254 17594 17608 D dalvikvm: GC_FOR_ALLOC freed <1K, 4% free 12200K/12615K, paused 15ms
06-25 23:18:49.425 17594 17612 D dalvikvm: GC_FOR_ALLOC freed <1K, 4% free 12200K/12615K, paused 16ms
06-25 23:18:49.433 17594 17612 I dalvikvm-heap: Grow heap (frag case) to 13.888MB for 1997584-byte allocation
06-25 23:18:49.464 17594 17597 D dalvikvm: GC_CONCURRENT freed <1K, 4% free 14151K/14599K, paused 3ms+2ms
06-25 23:18:49.968 17594 17609 D skia    : WARNING: One-shot allocator has already allocated (alloc count = 1)
06-25 23:18:49.996 17594 17609 D skia    : WARNING: One-shot allocator has already allocated (alloc count = 1)
06-25 23:18:50.011 17594 17609 D dalvikvm: GC_FOR_ALLOC freed 781K, 9% free 14555K/15879K, paused 17ms
06-25 23:18:50.035 17594 17609 D skia    : WARNING: One-shot allocator has already allocated (alloc count = 1)
06-25 23:18:50.054 17594 17609 D dalvikvm: GC_FOR_ALLOC freed 1275K, 13% free 14178K/16199K, paused 16ms
06-25 23:18:50.070 17594 17609 D skia    : WARNING: One-shot allocator has already allocated (alloc count = 1)
06-25 23:18:50.082 17594 17609 D skia    : WARNING: One-shot allocator has already allocated (alloc count = 1)
06-25 23:18:50.101 17594 17609 D dalvikvm: GC_FOR_ALLOC freed 1374K, 13% free 14178K/16199K, paused 16ms
06-25 23:18:50.121 17594 17609 D skia    : WARNING: One-shot allocator has already allocated (alloc count = 1)
06-25 23:18:50.136 17594 17609 D skia    : WARNING: One-shot allocator has already allocated (alloc count = 1)
06-25 23:18:50.171 17594 17597 D dalvikvm: GC_CONCURRENT freed 1415K, 12% free 14390K/16199K, paused 2ms+4ms
06-25 23:18:50.191 17594 17609 D skia    : WARNING: One-shot allocator has already allocated (alloc count = 1)
06-25 23:18:50.214 17594 17609 D skia    : WARNING: One-shot allocator has already allocated (alloc count = 1)
06-25 23:18:50.238 17594 17609 D dalvikvm: GC_FOR_ALLOC freed 1453K, 13% free 14178K/16199K, paused 16ms
06-25 23:18:50.250 17594 17609 D skia    : WARNING: One-shot allocator has already allocated (alloc count = 1)
06-25 23:18:50.273 17594 17609 D skia    : WARNING: One-shot allocator has already allocated (alloc count = 1)
06-25 23:18:50.296 17594 17609 D dalvikvm: GC_FOR_ALLOC freed 1420K, 13% free 14178K/16199K, paused 16ms
06-25 23:18:50.308 17594 17609 D skia    : WARNING: One-shot allocator has already allocated (alloc count = 1)
06-25 23:18:50.324 17594 17609 D skia    : WARNING: One-shot allocator has already allocated (alloc count = 1)
06-25 23:18:50.343 17594 17609 D dalvikvm: GC_FOR_ALLOC freed 1532K, 13% free 14178K/16199K, paused 17ms
06-25 23:18:50.355 17594 17609 D skia    : WARNING: One-shot allocator has already allocated (alloc count = 1)
06-25 23:18:50.371 17594 17609 D skia    : WARNING: One-shot allocator has already allocated (alloc count = 1)
06-25 23:18:50.390 17594 17609 D dalvikvm: GC_FOR_ALLOC freed 1552K, 13% free 14178K/16199K, paused 18ms
06-25 23:18:50.402 17594 17609 D skia    : WARNING: One-shot allocator has already allocated (alloc count = 1)
06-25 23:18:50.425 17594 17609 D skia    : WARNING: One-shot allocator has already allocated (alloc count = 1)
06-25 23:18:50.449 17594 17609 D dalvikvm: GC_FOR_ALLOC freed 1160K, 11% free 14433K/16199K, paused 20ms
06-25 23:18:50.461 17594 17609 D skia    : WARNING: One-shot allocator has already allocated (alloc count = 1)
06-25 23:18:50.488 17594 17609 D dalvikvm: GC_FOR_ALLOC freed 1285K, 13% free 14178K/16199K, paused 20ms
06-25 23:18:50.507 17594 17609 D skia    : WARNING: One-shot allocator has already allocated (alloc count = 1)
06-25 23:18:50.523 17594 17609 D skia    : WARNING: One-shot allocator has already allocated (alloc count = 1)
06-25 23:18:50.539 17594 17609 D dalvikvm: GC_FOR_ALLOC freed 886K, 10% free 14696K/16199K, paused 16ms
06-25 23:18:50.554 17594 17609 D skia    : WARNING: One-shot allocator has already allocated (alloc count = 1)
06-25 23:18:50.578 17594 17609 D skia    : WARNING: One-shot allocator has already allocated (alloc count = 1)
06-25 23:18:50.586   364   364 D wpa_supplicant: wpa_driver_wext_driver_cmd RSSI len = 248
06-25 23:18:50.593   364   364 D wpa_supplicant: wpa_driver_wext_driver_cmd mj rssi -71  len = 12, 12
06-25 23:18:50.593   364   364 D wpa_supplicant: wpa_driver_wext_driver_cmd LINKSPEED len = 248
06-25 23:18:50.593   364   364 D wpa_supplicant: wpa_driver_wext_driver_cmd LinkSpeed 54 len = 12, 12
06-25 23:18:50.605 17594 17609 D dalvikvm: GC_FOR_ALLOC freed 2006K, 15% free 14179K/16647K, paused 20ms
06-25 23:18:50.625 17594 17609 D skia    : WARNING: One-shot allocator has already allocated (alloc count = 1)
06-25 23:18:50.648 17594 17609 D skia    : WARNING: One-shot allocator has already allocated (alloc count = 1)
06-25 23:18:50.671 17594 17609 D dalvikvm: GC_FOR_ALLOC freed 1281K, 15% free 14178K/16647K, paused 17ms
06-25 23:18:50.683 17594 17609 D skia    : WARNING: One-shot allocator has already allocated (alloc count = 1)
06-25 23:18:50.707 17594 17609 D skia    : WARNING: One-shot allocator has already allocated (alloc count = 1)
06-25 23:18:50.726 17594 17609 D dalvikvm: GC_FOR_ALLOC freed 1537K, 15% free 14179K/16647K, paused 17ms
06-25 23:18:50.738 17594 17609 D skia    : WARNING: One-shot allocator has already allocated (alloc count = 1)
06-25 23:18:50.754   151   497 I ActivityManager: Process com.swype.android.inputmethod:SwypeConnect (pid 16704) has died.
06-25 23:18:50.754   151   497 W ActivityManager: Scheduling restart of crashed service com.swype.android.inputmethod/com.swype.android.connect.ConnectClient in 5000ms
06-25 23:18:50.773 17594 17609 D skia    : WARNING: One-shot allocator has already allocated (alloc count = 1)
06-25 23:18:50.793 17594 17609 D dalvikvm: GC_FOR_ALLOC freed 1546K, 15% free 14179K/16647K, paused 16ms
06-25 23:18:50.816 17594 17609 D skia    : WARNING: One-shot allocator has already allocated (alloc count = 1)
06-25 23:18:50.832 17594 17609 D skia    : WARNING: One-shot allocator has already allocated (alloc count = 1)
06-25 23:18:50.851 17594 17609 D dalvikvm: GC_FOR_ALLOC freed 1392K, 15% free 14179K/16647K, paused 16ms
06-25 23:18:50.863 17594 17609 D skia    : WARNING: One-shot allocator has already allocated (alloc count = 1)
06-25 23:18:50.875 17594 17609 D skia    : WARNING: One-shot allocator has already allocated (alloc count = 1)
06-25 23:18:50.894 17594 17609 D dalvikvm: GC_FOR_ALLOC freed 1540K, 15% free 14179K/16647K, paused 16ms
06-25 23:18:50.906 17594 17609 D skia    : WARNING: One-shot allocator has already allocated (alloc count = 1)
06-25 23:18:50.925 17594 17609 D skia    : WARNING: One-shot allocator has already allocated (alloc count = 1)
06-25 23:18:50.968 17594 17597 D dalvikvm: GC_CONCURRENT freed 1399K, 14% free 14435K/16647K, paused 2ms+2ms
06-25 23:18:50.992 17594 17609 D skia    : WARNING: One-shot allocator has already allocated (alloc count = 1)
06-25 23:18:51.011 17594 17609 D skia    : WARNING: One-shot allocator has already allocated (alloc count = 1)
06-25 23:18:51.035 17594 17609 D dalvikvm: GC_FOR_ALLOC freed 1618K, 15% free 14179K/16647K, paused 16ms
06-25 23:18:51.046 17594 17609 D skia    : WARNING: One-shot allocator has already allocated (alloc count = 1)
06-25 23:18:51.074 17594 17609 D skia    : WARNING: One-shot allocator has already allocated (alloc count = 1)
06-25 23:18:51.093 17594 17609 D dalvikvm: GC_FOR_ALLOC freed 1416K, 15% free 14179K/16647K, paused 17ms
06-25 23:18:51.105 17594 17609 D skia    : WARNING: One-shot allocator has already allocated (alloc count = 1)
06-25 23:18:51.125 17594 17609 D skia    : WARNING: One-shot allocator has already allocated (alloc count = 1)
06-25 23:18:51.144 17594 17609 D dalvikvm: GC_FOR_ALLOC freed 1536K, 15% free 14179K/16647K, paused 16ms
06-25 23:18:51.164 17594 17609 D skia    : WARNING: One-shot allocator has already allocated (alloc count = 1)
06-25 23:18:51.179 17594 17609 D skia    : WARNING: One-shot allocator has already allocated (alloc count = 1)
06-25 23:18:51.199 17594 17609 D dalvikvm: GC_FOR_ALLOC freed 1407K, 15% free 14179K/16647K, paused 16ms
06-25 23:18:51.218 17594 17609 D skia    : WARNING: One-shot allocator has already allocated (alloc count = 1)
06-25 23:18:51.230 17594 17609 D skia    : WARNING: One-shot allocator has already allocated (alloc count = 1)
06-25 23:18:51.261 17594 17609 D dalvikvm: GC_FOR_ALLOC freed 1314K, 15% free 14179K/16647K, paused 23ms
06-25 23:18:51.265   151   570 I ActivityManager: Process com.spotify.mobile.android.service (pid 17291) has died.
06-25 23:18:51.265   151   570 W ActivityManager: Scheduling restart of crashed service com.spotify.mobile.android.ui/com.spotify.mobile.android.service.SpotifyService in 14490ms
06-25 23:18:51.277 17594 17609 D skia    : WARNING: One-shot allocator has already allocated (alloc count = 1)
06-25 23:18:51.300 17594 17609 D skia    : WARNING: One-shot allocator has already allocated (alloc count = 1)
06-25 23:18:51.320 17594 17609 D dalvikvm: GC_FOR_ALLOC freed 1404K, 15% free 14179K/16647K, paused 16ms
06-25 23:18:51.343 17594 17609 D skia    : WARNING: One-shot allocator has already allocated (alloc count = 1)
06-25 23:18:51.359 17594 17609 D skia    : WARNING: One-shot allocator has already allocated (alloc count = 1)
06-25 23:18:51.379 17594 17609 D dalvikvm: GC_FOR_ALLOC freed 1408K, 15% free 14179K/16647K, paused 16ms
06-25 23:18:51.390 17594 17609 D skia    : WARNING: One-shot allocator has already allocated (alloc count = 1)
06-25 23:18:51.406 17594 17609 D skia    : WARNING: One-shot allocator has already allocated (alloc count = 1)
06-25 23:18:51.425 17594 17609 D dalvikvm: GC_FOR_ALLOC freed 1536K, 15% free 14179K/16647K, paused 16ms
06-25 23:18:51.441 17594 17609 D skia    : WARNING: One-shot allocator has already allocated (alloc count = 1)
06-25 23:18:51.457 17594 17609 D skia    : WARNING: One-shot allocator has already allocated (alloc count = 1)
06-25 23:18:51.488 17594 17597 D dalvikvm: GC_CONCURRENT freed 1140K, 12% free 14691K/16647K, paused 2ms+3ms
06-25 23:18:51.511 17594 17609 D skia    : WARNING: One-shot allocator has already allocated (alloc count = 1)
06-25 23:18:51.531 17594 17609 D skia    : WARNING: One-shot allocator has already allocated (alloc count = 1)
06-25 23:18:51.550 17594 17609 D dalvikvm: GC_FOR_ALLOC freed 1526K, 14% free 14435K/16647K, paused 17ms
06-25 23:18:51.574 17594 17609 D skia    : WARNING: One-shot allocator has already allocated (alloc count = 1)
06-25 23:18:51.589 17594 17609 D skia    : WARNING: One-shot allocator has already allocated (alloc count = 1)
06-25 23:18:51.605 17594 17609 D dalvikvm: GC_FOR_ALLOC freed 1145K, 12% free 14706K/16647K, paused 17ms
06-25 23:18:51.629 17594 17609 D skia    : WARNING: One-shot allocator has already allocated (alloc count = 1)
06-25 23:18:51.648 17594 17609 D dalvikvm: GC_FOR_ALLOC freed 1427K, 15% free 14180K/16647K, paused 16ms
06-25 23:18:51.660 17594 17609 D skia    : WARNING: One-shot allocator has already allocated (alloc count = 1)
06-25 23:18:51.679 17594 17609 D skia    : WARNING: One-shot allocator has already allocated (alloc count = 1)
06-25 23:18:51.699 17594 17609 D dalvikvm: GC_FOR_ALLOC freed 1553K, 15% free 14180K/16647K, paused 16ms
06-25 23:18:51.711 17594 17609 D skia    : WARNING: One-shot allocator has already allocated (alloc count = 1)
06-25 23:18:51.734 17594 17609 D skia    : WARNING: One-shot allocator has already allocated (alloc count = 1)
06-25 23:18:51.754 17594 17609 D dalvikvm: GC_FOR_ALLOC freed 1420K, 15% free 14180K/16647K, paused 16ms
06-25 23:18:51.765 17594 17609 D skia    : WARNING: One-shot allocator has already allocated (alloc count = 1)
06-25 23:18:51.781 17594 17609 D skia    : WARNING: One-shot allocator has already allocated (alloc count = 1)
06-25 23:18:51.800 17594 17609 D dalvikvm: GC_FOR_ALLOC freed 1364K, 15% free 14180K/16647K, paused 17ms
06-25 23:18:51.812 17594 17609 D skia    : WARNING: One-shot allocator has already allocated (alloc count = 1)
06-25 23:18:51.828 17594 17609 D skia    : WARNING: One-shot allocator has already allocated (alloc count = 1)
06-25 23:18:51.847 17594 17609 D dalvikvm: GC_FOR_ALLOC freed 1556K, 15% free 14180K/16647K, paused 16ms
06-25 23:18:51.859 17594 17609 D skia    : WARNING: One-shot allocator has already allocated (alloc count = 1)
06-25 23:18:51.875 17594 17609 D skia    : WARNING: One-shot allocator has already allocated (alloc count = 1)
06-25 23:18:51.902 17594 17609 D dalvikvm: GC_FOR_ALLOC freed 1548K, 15% free 14180K/16647K, paused 18ms
06-25 23:18:51.910   151   499 I ActivityManager: Process com.google.android.voicesearch (pid 17169) has died.
06-25 23:18:51.925 17594 17609 D skia    : WARNING: One-shot allocator has already allocated (alloc count = 1)
06-25 23:18:51.945 17594 17609 D skia    : WARNING: One-shot allocator has already allocated (alloc count = 1)
06-25 23:18:51.980 17594 17597 D dalvikvm: GC_CONCURRENT freed 1140K, 12% free 14691K/16647K, paused 2ms+3ms
06-25 23:18:52.000 17594 17609 D skia    : WARNING: One-shot allocator has already allocated (alloc count = 1)
06-25 23:18:53.597   364   364 D wpa_supplicant: wpa_driver_wext_driver_cmd RSSI len = 248
06-25 23:18:53.609   364   364 D wpa_supplicant: wpa_driver_wext_driver_cmd mj rssi -72  len = 12, 12
06-25 23:18:53.609   364   364 D wpa_supplicant: wpa_driver_wext_driver_cmd LINKSPEED len = 248
06-25 23:18:53.609   364   364 D wpa_supplicant: wpa_driver_wext_driver_cmd LinkSpeed 54 len = 12, 12
06-25 23:18:55.816   151   168 I ActivityManager: Start proc com.swype.android.inputmethod:SwypeConnect for service com.swype.android.inputmethod/com.swype.android.connect.ConnectClient: pid=17613 uid=10074 gids={1015, 3003}
06-25 23:18:55.828 17613 17613 I dalvikvm: Turning on JNI app bug workarounds for target SDK version 13...
