06-30 02:19:17.534   364   364 D wpa_supplicant: wpa_driver_wext_driver_cmd LINKSPEED len = 248
06-30 02:19:17.538   364   364 D wpa_supplicant: wpa_driver_wext_driver_cmd LinkSpeed 5 len = 11, 11
06-30 02:19:18.667    81   121 D AudioHardware: AudioHardware pcm playback is going to standby.
06-30 02:19:18.667    81   121 D AudioHardware: closePcmOut_l() mPcmOpenCnt: 1
06-30 02:19:19.331   364   364 D wpa_supplicant: RTM_NEWLINK: operstate=1 ifi_flags=0x11043 ([UP][RUNNING][LOWER_UP])
06-30 02:19:19.331   364   364 D wpa_supplicant: RTM_NEWLINK, IFLA_IFNAME: Interface 'wlan0' added
06-30 02:19:19.331   364   364 D wpa_supplicant: Wireless event: cmd=0x8c00 len=20
06-30 02:19:19.374   364   364 D wpa_supplicant: RTM_NEWLINK: operstate=1 ifi_flags=0x11043 ([UP][RUNNING][LOWER_UP])
06-30 02:19:19.374   364   364 D wpa_supplicant: RTM_NEWLINK, IFLA_IFNAME: Interface 'wlan0' added
06-30 02:19:19.374   364   364 D wpa_supplicant: Wireless event: cmd=0x8c00 len=20
06-30 02:19:20.585   364   364 D wpa_supplicant: wpa_driver_wext_driver_cmd RSSI len = 248
06-30 02:19:20.589   364   364 D wpa_supplicant: wpa_driver_wext_driver_cmd mj rssi -86  len = 12, 12
06-30 02:19:20.589   364   364 D wpa_supplicant: wpa_driver_wext_driver_cmd LINKSPEED len = 248
06-30 02:19:20.589   364   364 D wpa_supplicant: wpa_driver_wext_driver_cmd LinkSpeed 5 len = 11, 11
06-30 02:19:23.608   364   364 D wpa_supplicant: wpa_driver_wext_driver_cmd RSSI len = 248
06-30 02:19:23.624   364   364 D wpa_supplicant: wpa_driver_wext_driver_cmd mj rssi -87  len = 12, 12
06-30 02:19:23.624   364   364 D wpa_supplicant: wpa_driver_wext_driver_cmd LINKSPEED len = 248
06-30 02:19:23.624   364   364 D wpa_supplicant: wpa_driver_wext_driver_cmd LinkSpeed 5 len = 11, 11
06-30 02:19:26.636   364   364 D wpa_supplicant: wpa_driver_wext_driver_cmd RSSI len = 248
06-30 02:19:26.639   364   364 D wpa_supplicant: wpa_driver_wext_driver_cmd mj rssi -87  len = 12, 12
06-30 02:19:26.639   364   364 D wpa_supplicant: wpa_driver_wext_driver_cmd LINKSPEED len = 248
06-30 02:19:26.639   364   364 D wpa_supplicant: wpa_driver_wext_driver_cmd LinkSpeed 5 len = 11, 11
06-30 02:19:29.647   364   364 D wpa_supplicant: wpa_driver_wext_driver_cmd RSSI len = 248
06-30 02:19:29.655   364   364 D wpa_supplicant: wpa_driver_wext_driver_cmd mj rssi -87  len = 12, 12
06-30 02:19:29.655   364   364 D wpa_supplicant: wpa_driver_wext_driver_cmd LINKSPEED len = 248
06-30 02:19:29.655   364   364 D wpa_supplicant: wpa_driver_wext_driver_cmd LinkSpeed 5 len = 11, 11
06-30 02:19:32.663   364   364 D wpa_supplicant: wpa_driver_wext_driver_cmd RSSI len = 248
06-30 02:19:32.671   364   364 D wpa_supplicant: wpa_driver_wext_driver_cmd mj rssi -88  len = 12, 12
06-30 02:19:32.671   364   364 D wpa_supplicant: wpa_driver_wext_driver_cmd LINKSPEED len = 248
06-30 02:19:32.671   364   364 D wpa_supplicant: wpa_driver_wext_driver_cmd LinkSpeed 5 len = 11, 11
06-30 02:19:33.546   398   400 D dalvikvm: GC_CONCURRENT freed 579K, 61% free 10091K/25287K, paused 2ms+19ms
06-30 02:19:35.679   364   364 D wpa_supplicant: wpa_driver_wext_driver_cmd RSSI len = 248
06-30 02:19:35.686   364   364 D wpa_supplicant: wpa_driver_wext_driver_cmd mj rssi -88  len = 12, 12
06-30 02:19:35.686   364   364 D wpa_supplicant: wpa_driver_wext_driver_cmd LINKSPEED len = 248
06-30 02:19:35.690   364   364 D wpa_supplicant: wpa_driver_wext_driver_cmd LinkSpeed 5 len = 11, 11
06-30 02:19:38.069   398   400 D dalvikvm: GC_CONCURRENT freed 443K, 61% free 10063K/25287K, paused 8ms+4ms
06-30 02:19:38.233   398   398 D dalvikvm: GC_FOR_ALLOC freed 365K, 61% free 10059K/25287K, paused 65ms
06-30 02:19:38.370   398   400 D dalvikvm: GC_CONCURRENT freed 386K, 61% free 10058K/25287K, paused 2ms+4ms
06-30 02:19:38.698   364   364 D wpa_supplicant: wpa_driver_wext_driver_cmd RSSI len = 248
06-30 02:19:38.721   364   364 D wpa_supplicant: wpa_driver_wext_driver_cmd mj rssi -91  len = 12, 12
06-30 02:19:38.721   364   364 D wpa_supplicant: wpa_driver_wext_driver_cmd LINKSPEED len = 248
06-30 02:19:38.721   364   364 D wpa_supplicant: wpa_driver_wext_driver_cmd LinkSpeed 5 len = 11, 11
06-30 02:19:41.725   364   364 D wpa_supplicant: wpa_driver_wext_driver_cmd RSSI len = 248
06-30 02:19:41.733   364   364 D wpa_supplicant: wpa_driver_wext_driver_cmd mj rssi -90  len = 12, 12
06-30 02:19:41.733   364   364 D wpa_supplicant: wpa_driver_wext_driver_cmd LINKSPEED len = 248
06-30 02:19:41.733   364   364 D wpa_supplicant: wpa_driver_wext_driver_cmd LinkSpeed 5 len = 11, 11
06-30 02:19:42.448 12918 12931 I PhoneLab-: Service Running
06-30 02:19:42.538 12918 12931 I PhoneLab-LoggerService: app_37    1563  1     1856   1404  c00f181c 400107b4 S logcat
06-30 02:19:42.546 12918 12931 I PhoneLab-LoggerService: Logcat pid from database 1563
06-30 02:19:42.546 12918 12931 I PhoneLab-LoggerService: Logcat process found 1563
06-30 02:19:42.546 12918 12931 I PhoneLab-LoggerService: Checking Threshold
06-30 02:19:42.565 12918 12920 D dalvikvm: GC_CONCURRENT freed 897K, 18% free 9144K/11143K, paused 7ms+3ms
06-30 02:19:44.737   364   364 D wpa_supplicant: wpa_driver_wext_driver_cmd RSSI len = 248
06-30 02:19:44.745   364   364 D wpa_supplicant: wpa_driver_wext_driver_cmd mj rssi -91  len = 12, 12
06-30 02:19:44.745   364   364 D wpa_supplicant: wpa_driver_wext_driver_cmd LINKSPEED len = 248
06-30 02:19:44.745   364   364 D wpa_supplicant: wpa_driver_wext_driver_cmd LinkSpeed 5 len = 11, 11
06-30 02:19:47.749   364   364 D wpa_supplicant: wpa_driver_wext_driver_cmd RSSI len = 248
06-30 02:19:47.757   364   364 D wpa_supplicant: wpa_driver_wext_driver_cmd mj rssi -90  len = 12, 12
06-30 02:19:47.757   364   364 D wpa_supplicant: wpa_driver_wext_driver_cmd LINKSPEED len = 248
06-30 02:19:47.757   364   364 D wpa_supplicant: wpa_driver_wext_driver_cmd LinkSpeed 5 len = 11, 11
06-30 02:19:48.897  7711  7713 D dalvikvm: GC_CONCURRENT freed 385K, 7% free 9555K/10183K, paused 6ms+5ms
06-30 02:19:50.761   364   364 D wpa_supplicant: wpa_driver_wext_driver_cmd RSSI len = 248
06-30 02:19:50.776   364   364 D wpa_supplicant: wpa_driver_wext_driver_cmd mj rssi -89  len = 12, 12
06-30 02:19:50.776   364   364 D wpa_supplicant: wpa_driver_wext_driver_cmd LINKSPEED len = 248
06-30 02:19:50.776   364   364 D wpa_supplicant: wpa_driver_wext_driver_cmd LinkSpeed 5 len = 11, 11
06-30 02:19:53.784   364   364 D wpa_supplicant: wpa_driver_wext_driver_cmd RSSI len = 248
06-30 02:19:53.796   364   364 D wpa_supplicant: wpa_driver_wext_driver_cmd mj rssi -91  len = 12, 12
06-30 02:19:53.796   364   364 D wpa_supplicant: wpa_driver_wext_driver_cmd LINKSPEED len = 248
06-30 02:19:53.800   364   364 D wpa_supplicant: wpa_driver_wext_driver_cmd LinkSpeed 5 len = 11, 11
06-30 02:19:54.124  9813  9817 D dalvikvm: GC_CONCURRENT freed 2024K, 41% free 17616K/29575K, paused 5ms+8ms
06-30 02:19:54.846   398   398 V PhoneStatusBar: setLightsOn(true)
06-30 02:19:54.878   151   585 W InputManagerService: Window already focused, ignoring focus gain of: com.android.internal.view.IInputMethodClient$Stub$Proxy@416af9e0
06-30 02:19:56.811   364   364 D wpa_supplicant: wpa_driver_wext_driver_cmd RSSI len = 248
06-30 02:19:56.819   364   364 D wpa_supplicant: wpa_driver_wext_driver_cmd mj rssi -92  len = 12, 12
06-30 02:19:56.819   364   364 D wpa_supplicant: wpa_driver_wext_driver_cmd LINKSPEED len = 248
06-30 02:19:56.823   364   364 D wpa_supplicant: wpa_driver_wext_driver_cmd LinkSpeed 5 len = 11, 11
06-30 02:19:59.835   364   364 D wpa_supplicant: wpa_driver_wext_driver_cmd RSSI len = 248
06-30 02:19:59.846   364   364 D wpa_supplicant: wpa_driver_wext_driver_cmd mj rssi -92  len = 12, 12
06-30 02:19:59.846   364   364 D wpa_supplicant: wpa_driver_wext_driver_cmd LINKSPEED len = 248
06-30 02:19:59.850   364   364 D wpa_supplicant: wpa_driver_wext_driver_cmd LinkSpeed 5 len = 11, 11
06-30 02:20:00.182    81   121 D AudioHardware: AudioHardware pcm playback is exiting standby.
06-30 02:20:00.182    81   121 D AudioHardware: openPcmOut_l() mPcmOpenCnt: 0
06-30 02:20:02.854   364   364 D wpa_supplicant: wpa_driver_wext_driver_cmd RSSI len = 248
06-30 02:20:02.866   364   364 D wpa_supplicant: wpa_driver_wext_driver_cmd mj rssi -91  len = 12, 12
06-30 02:20:02.866   364   364 D wpa_supplicant: wpa_driver_wext_driver_cmd LINKSPEED len = 248
06-30 02:20:02.870   364   364 D wpa_supplicant: wpa_driver_wext_driver_cmd LinkSpeed 5 len = 11, 11
06-30 02:20:05.886   364   364 D wpa_supplicant: wpa_driver_wext_driver_cmd RSSI len = 248
06-30 02:20:05.893   364   364 D wpa_supplicant: wpa_driver_wext_driver_cmd mj rssi -84  len = 12, 12
06-30 02:20:05.893   364   364 D wpa_supplicant: wpa_driver_wext_driver_cmd LINKSPEED len = 248
06-30 02:20:05.897   364   364 D wpa_supplicant: wpa_driver_wext_driver_cmd LinkSpeed 5 len = 11, 11
06-30 02:20:06.014    81   121 D AudioHardware: AudioHardware pcm playback is going to standby.
06-30 02:20:06.014    81   121 D AudioHardware: closePcmOut_l() mPcmOpenCnt: 1
06-30 02:20:06.741   364   364 D wpa_supplicant: RTM_NEWLINK: operstate=1 ifi_flags=0x11043 ([UP][RUNNING][LOWER_UP])
06-30 02:20:06.741   364   364 D wpa_supplicant: RTM_NEWLINK, IFLA_IFNAME: Interface 'wlan0' added
06-30 02:20:06.741   364   364 D wpa_supplicant: Wireless event: cmd=0x8c00 len=20
06-30 02:20:06.968   364   364 D wpa_supplicant: RTM_NEWLINK: operstate=1 ifi_flags=0x11043 ([UP][RUNNING][LOWER_UP])
06-30 02:20:06.968   364   364 D wpa_supplicant: RTM_NEWLINK, IFLA_IFNAME: Interface 'wlan0' added
06-30 02:20:06.968   364   364 D wpa_supplicant: Wireless event: cmd=0x8c00 len=20
06-30 02:20:08.913   364   364 D wpa_supplicant: wpa_driver_wext_driver_cmd RSSI len = 248
06-30 02:20:08.921   364   364 D wpa_supplicant: wpa_driver_wext_driver_cmd mj rssi -88  len = 12, 12
06-30 02:20:08.921   364   364 D wpa_supplicant: wpa_driver_wext_driver_cmd LINKSPEED len = 248
06-30 02:20:08.925   364   364 D wpa_supplicant: wpa_driver_wext_driver_cmd LinkSpeed 5 len = 11, 11
06-30 02:20:11.936   364   364 D wpa_supplicant: wpa_driver_wext_driver_cmd RSSI len = 248
06-30 02:20:11.944   364   364 D wpa_supplicant: wpa_driver_wext_driver_cmd mj rssi -85  len = 12, 12
06-30 02:20:11.944   364   364 D wpa_supplicant: wpa_driver_wext_driver_cmd LINKSPEED len = 248
06-30 02:20:11.944   364   364 D wpa_supplicant: wpa_driver_wext_driver_cmd LinkSpeed 5 len = 11, 11
06-30 02:20:12.362   364   364 D wpa_supplicant: RTM_NEWLINK: operstate=1 ifi_flags=0x11043 ([UP][RUNNING][LOWER_UP])
06-30 02:20:12.362   364   364 D wpa_supplicant: RTM_NEWLINK, IFLA_IFNAME: Interface 'wlan0' added
06-30 02:20:12.362   364   364 D wpa_supplicant: Wireless event: cmd=0x8c00 len=20
06-30 02:20:14.960   364   364 D wpa_supplicant: wpa_driver_wext_driver_cmd RSSI len = 248
06-30 02:20:14.968   364   364 D wpa_supplicant: wpa_driver_wext_driver_cmd mj rssi -86  len = 12, 12
06-30 02:20:14.968   364   364 D wpa_supplicant: wpa_driver_wext_driver_cmd LINKSPEED len = 248
06-30 02:20:14.968   364   364 D wpa_supplicant: wpa_driver_wext_driver_cmd LinkSpeed 5 len = 11, 11
06-30 02:20:17.983   364   364 D wpa_supplicant: wpa_driver_wext_driver_cmd RSSI len = 248
06-30 02:20:17.991   364   364 D wpa_supplicant: wpa_driver_wext_driver_cmd mj rssi -85  len = 12, 12
06-30 02:20:17.991   364   364 D wpa_supplicant: wpa_driver_wext_driver_cmd LINKSPEED len = 248
06-30 02:20:17.995   364   364 D wpa_supplicant: wpa_driver_wext_driver_cmd LinkSpeed 5 len = 11, 11
06-30 02:20:21.007   364   364 D wpa_supplicant: wpa_driver_wext_driver_cmd RSSI len = 248
06-30 02:20:21.007   364   364 D wpa_supplicant: wpa_driver_wext_driver_cmd mj rssi -86  len = 12, 12
06-30 02:20:21.007   364   364 D wpa_supplicant: wpa_driver_wext_driver_cmd LINKSPEED len = 248
06-30 02:20:21.011   364   364 D wpa_supplicant: wpa_driver_wext_driver_cmd LinkSpeed 5 len = 11, 11
06-30 02:20:24.022   364   364 D wpa_supplicant: wpa_driver_wext_driver_cmd RSSI len = 248
06-30 02:20:24.030   364   364 D wpa_supplicant: wpa_driver_wext_driver_cmd mj rssi -86  len = 12, 12
06-30 02:20:24.030   364   364 D wpa_supplicant: wpa_driver_wext_driver_cmd LINKSPEED len = 248
06-30 02:20:24.034   364   364 D wpa_supplicant: wpa_driver_wext_driver_cmd LinkSpeed 5 len = 11, 11
06-30 02:20:25.749 15967 15967 D dalvikvm: Late-enabling CheckJNI
06-30 02:20:25.753   151   590 I ActivityManager: Start proc com.viber.voip:keepAliveReceiver for broadcast com.viber.voip/com.viber.service.KeepAliveReceiver: pid=15967 uid=10059 gids={3003, 1015, 3002, 3001, 1007, 1006}
06-30 02:20:25.784 15967 15967 I dalvikvm: Turning on JNI app bug workarounds for target SDK version 5...
06-30 02:20:25.792    79    79 D dalvikvm: GC_EXPLICIT freed 37K, 4% free 9031K/9347K, paused 3ms+8ms
06-30 02:20:25.835    79    79 D dalvikvm: GC_EXPLICIT freed <1K, 4% free 9031K/9347K, paused 10ms+2ms
06-30 02:20:25.878    79    79 D dalvikvm: GC_EXPLICIT freed <1K, 4% free 9031K/9347K, paused 2ms+5ms
06-30 02:20:25.956 15967 15967 D ACRA    : Retrieve application default SharedPreferences.
06-30 02:20:25.968 15967 15967 D ACRA    : Set OnSharedPreferenceChangeListener.
06-30 02:20:25.975 15967 15967 D ACRA    : ACRA is enabled for com.viber.voip, intializing...
06-30 02:20:26.042 15967 15967 D ACRA    : Looking for error files in /data/data/com.viber.voip/files
06-30 02:20:26.065 15967 15969 D dalvikvm: GC_CONCURRENT freed 249K, 4% free 9267K/9607K, paused 3ms+2ms
06-30 02:20:26.237 15967 15967 E ServiceLocator: ServiceLocator$VoipServiceConnection.onServiceConnected ext: android.os.BinderProxy@4136a388
06-30 02:20:27.038   364   364 D wpa_supplicant: wpa_driver_wext_driver_cmd RSSI len = 248
06-30 02:20:27.046   364   364 D wpa_supplicant: wpa_driver_wext_driver_cmd mj rssi -86  len = 12, 12
06-30 02:20:27.046   364   364 D wpa_supplicant: wpa_driver_wext_driver_cmd LINKSPEED len = 248
06-30 02:20:27.046   364   364 D wpa_supplicant: wpa_driver_wext_driver_cmd LinkSpeed 5 len = 11, 11
06-30 02:20:30.054   364   364 D wpa_supplicant: wpa_driver_wext_driver_cmd RSSI len = 248
06-30 02:20:30.061   364   364 D wpa_supplicant: wpa_driver_wext_driver_cmd mj rssi -86  len = 12, 12
06-30 02:20:30.061   364   364 D wpa_supplicant: wpa_driver_wext_driver_cmd LINKSPEED len = 248
06-30 02:20:30.061   364   364 D wpa_supplicant: wpa_driver_wext_driver_cmd LinkSpeed 5 len = 11, 11
06-30 02:20:33.069   364   364 D wpa_supplicant: wpa_driver_wext_driver_cmd RSSI len = 248
06-30 02:20:33.077   364   364 D wpa_supplicant: wpa_driver_wext_driver_cmd mj rssi -86  len = 12, 12
06-30 02:20:33.077   364   364 D wpa_supplicant: wpa_driver_wext_driver_cmd LINKSPEED len = 248
06-30 02:20:33.077   364   364 D wpa_supplicant: wpa_driver_wext_driver_cmd LinkSpeed 5 len = 11, 11
06-30 02:20:36.085   364   364 D wpa_supplicant: wpa_driver_wext_driver_cmd RSSI len = 248
06-30 02:20:36.093   364   364 D wpa_supplicant: wpa_driver_wext_driver_cmd mj rssi -85  len = 12, 12
06-30 02:20:36.093   364   364 D wpa_supplicant: wpa_driver_wext_driver_cmd LINKSPEED len = 248
06-30 02:20:36.093   364   364 D wpa_supplicant: wpa_driver_wext_driver_cmd LinkSpeed 5 len = 11, 11
06-30 02:20:38.014    81   121 D AudioHardware: AudioHardware pcm playback is exiting standby.
06-30 02:20:38.014    81   121 D AudioHardware: openPcmOut_l() mPcmOpenCnt: 0
06-30 02:20:39.116   364   364 D wpa_supplicant: wpa_driver_wext_driver_cmd RSSI len = 248
06-30 02:20:39.124   364   364 D wpa_supplicant: wpa_driver_wext_driver_cmd mj rssi -86  len = 12, 12
06-30 02:20:39.124   364   364 D wpa_supplicant: wpa_driver_wext_driver_cmd LINKSPEED len = 248
06-30 02:20:39.124   364   364 D wpa_supplicant: wpa_driver_wext_driver_cmd LinkSpeed 5 len = 11, 11
06-30 02:20:42.139   364   364 D wpa_supplicant: wpa_driver_wext_driver_cmd RSSI len = 248
06-30 02:20:42.147   364   364 D wpa_supplicant: wpa_driver_wext_driver_cmd mj rssi -86  len = 12, 12
06-30 02:20:42.147   364   364 D wpa_supplicant: wpa_driver_wext_driver_cmd LINKSPEED len = 248
06-30 02:20:42.147   364   364 D wpa_supplicant: wpa_driver_wext_driver_cmd LinkSpeed 5 len = 11, 11
06-30 02:20:43.475    81   121 D AudioHardware: AudioHardware pcm playback is going to standby.
06-30 02:20:43.475    81   121 D AudioHardware: closePcmOut_l() mPcmOpenCnt: 1
06-30 02:20:45.155   364   364 D wpa_supplicant: wpa_driver_wext_driver_cmd RSSI len = 248
06-30 02:20:45.163   364   364 D wpa_supplicant: wpa_driver_wext_driver_cmd mj rssi -88  len = 12, 12
06-30 02:20:45.163   364   364 D wpa_supplicant: wpa_driver_wext_driver_cmd LINKSPEED len = 248
06-30 02:20:45.163   364   364 D wpa_supplicant: wpa_driver_wext_driver_cmd LinkSpeed 5 len = 11, 11
06-30 02:20:48.171   364   364 D wpa_supplicant: wpa_driver_wext_driver_cmd RSSI len = 248
06-30 02:20:48.179   364   364 D wpa_supplicant: wpa_driver_wext_driver_cmd mj rssi -84  len = 12, 12
06-30 02:20:48.179   364   364 D wpa_supplicant: wpa_driver_wext_driver_cmd LINKSPEED len = 248
06-30 02:20:48.179   364   364 D wpa_supplicant: wpa_driver_wext_driver_cmd LinkSpeed 5 len = 11, 11
06-30 02:20:51.194   364   364 D wpa_supplicant: wpa_driver_wext_driver_cmd RSSI len = 248
06-30 02:20:51.202   364   364 D wpa_supplicant: wpa_driver_wext_driver_cmd mj rssi -84  len = 12, 12
06-30 02:20:51.202   364   364 D wpa_supplicant: wpa_driver_wext_driver_cmd LINKSPEED len = 248
06-30 02:20:51.202   364   364 D wpa_supplicant: wpa_driver_wext_driver_cmd LinkSpeed 5 len = 11, 11
06-30 02:20:54.210   364   364 D wpa_supplicant: wpa_driver_wext_driver_cmd RSSI len = 248
06-30 02:20:54.218   364   364 D wpa_supplicant: wpa_driver_wext_driver_cmd mj rssi -88  len = 12, 12
06-30 02:20:54.218   364   364 D wpa_supplicant: wpa_driver_wext_driver_cmd LINKSPEED len = 248
06-30 02:20:54.218   364   364 D wpa_supplicant: wpa_driver_wext_driver_cmd LinkSpeed 5 len = 11, 11
06-30 02:20:57.233   364   364 D wpa_supplicant: wpa_driver_wext_driver_cmd RSSI len = 248
06-30 02:20:57.241   364   364 D wpa_supplicant: wpa_driver_wext_driver_cmd mj rssi -93  len = 12, 12
06-30 02:20:57.241   364   364 D wpa_supplicant: wpa_driver_wext_driver_cmd LINKSPEED len = 248
06-30 02:20:57.241   364   364 D wpa_supplicant: wpa_driver_wext_driver_cmd LinkSpeed 5 len = 11, 11
06-30 02:20:59.370 22305 22308 D dalvikvm: GC_CONCURRENT freed 2014K, 18% free 15936K/19335K, paused 3ms+6ms
06-30 02:21:00.249   364   364 D wpa_supplicant: wpa_driver_wext_driver_cmd RSSI len = 248
06-30 02:21:00.257   364   364 D wpa_supplicant: wpa_driver_wext_driver_cmd mj rssi -91  len = 12, 12
06-30 02:21:00.257   364   364 D wpa_supplicant: wpa_driver_wext_driver_cmd LINKSPEED len = 248
06-30 02:21:00.257   364   364 D wpa_supplicant: wpa_driver_wext_driver_cmd LinkSpeed 5 len = 11, 11
06-30 02:21:03.261   364   364 D wpa_supplicant: wpa_driver_wext_driver_cmd RSSI len = 248
06-30 02:21:03.268   364   364 D wpa_supplicant: wpa_driver_wext_driver_cmd mj rssi -92  len = 12, 12
06-30 02:21:03.268   364   364 D wpa_supplicant: wpa_driver_wext_driver_cmd LINKSPEED len = 248
06-30 02:21:03.268   364   364 D wpa_supplicant: wpa_driver_wext_driver_cmd LinkSpeed 5 len = 11, 11
06-30 02:21:06.276   364   364 D wpa_supplicant: wpa_driver_wext_driver_cmd RSSI len = 248
06-30 02:21:06.284   364   364 D wpa_supplicant: wpa_driver_wext_driver_cmd mj rssi -92  len = 12, 12
06-30 02:21:06.284   364   364 D wpa_supplicant: wpa_driver_wext_driver_cmd LINKSPEED len = 248
06-30 02:21:06.284   364   364 D wpa_supplicant: wpa_driver_wext_driver_cmd LinkSpeed 5 len = 11, 11
06-30 02:21:09.288   364   364 D wpa_supplicant: wpa_driver_wext_driver_cmd RSSI len = 248
06-30 02:21:09.296   364   364 D wpa_supplicant: wpa_driver_wext_driver_cmd mj rssi -91  len = 12, 12
06-30 02:21:09.296   364   364 D wpa_supplicant: wpa_driver_wext_driver_cmd LINKSPEED len = 248
06-30 02:21:09.296   364   364 D wpa_supplicant: wpa_driver_wext_driver_cmd LinkSpeed 5 len = 11, 11
06-30 02:21:12.300   364   364 D wpa_supplicant: wpa_driver_wext_driver_cmd RSSI len = 248
06-30 02:21:12.307   364   364 D wpa_supplicant: wpa_driver_wext_driver_cmd mj rssi -93  len = 12, 12
06-30 02:21:12.307   364   364 D wpa_supplicant: wpa_driver_wext_driver_cmd LINKSPEED len = 248
06-30 02:21:12.307   364   364 D wpa_supplicant: wpa_driver_wext_driver_cmd LinkSpeed 5 len = 11, 11
06-30 02:21:15.311   364   364 D wpa_supplicant: wpa_driver_wext_driver_cmd RSSI len = 248
06-30 02:21:15.311   364   364 D wpa_supplicant: wpa_driver_wext_driver_cmd mj rssi -92  len = 12, 12
06-30 02:21:15.311   364   364 D wpa_supplicant: wpa_driver_wext_driver_cmd LINKSPEED len = 248
06-30 02:21:15.311   364   364 D wpa_supplicant: wpa_driver_wext_driver_cmd LinkSpeed 5 len = 11, 11
06-30 02:21:16.819    81   121 D AudioHardware: AudioHardware pcm playback is exiting standby.
06-30 02:21:16.819    81   121 D AudioHardware: openPcmOut_l() mPcmOpenCnt: 0
06-30 02:21:18.315   364   364 D wpa_supplicant: wpa_driver_wext_driver_cmd RSSI len = 248
06-30 02:21:18.319   364   364 D wpa_supplicant: wpa_driver_wext_driver_cmd mj rssi -93  len = 12, 12
06-30 02:21:18.319   364   364 D wpa_supplicant: wpa_driver_wext_driver_cmd LINKSPEED len = 248
06-30 02:21:18.319   364   364 D wpa_supplicant: wpa_driver_wext_driver_cmd LinkSpeed 5 len = 11, 11
06-30 02:21:18.636   364   364 D wpa_supplicant: RTM_NEWLINK: operstate=1 ifi_flags=0x11043 ([UP][RUNNING][LOWER_UP])
06-30 02:21:18.636   364   364 D wpa_supplicant: RTM_NEWLINK, IFLA_IFNAME: Interface 'wlan0' added
06-30 02:21:18.636   364   364 D wpa_supplicant: Wireless event: cmd=0x8c00 len=20
06-30 02:21:18.636   364   364 D wpa_supplicant: RTM_NEWLINK: operstate=1 ifi_flags=0x11043 ([UP][RUNNING][LOWER_UP])
06-30 02:21:18.636   364   364 D wpa_supplicant: RTM_NEWLINK, IFLA_IFNAME: Interface 'wlan0' added
06-30 02:21:18.636   364   364 D wpa_supplicant: Wireless event: cmd=0x8c00 len=20
06-30 02:21:18.757   364   364 D wpa_supplicant: RTM_NEWLINK: operstate=1 ifi_flags=0x11043 ([UP][RUNNING][LOWER_UP])
06-30 02:21:18.757   364   364 D wpa_supplicant: RTM_NEWLINK, IFLA_IFNAME: Interface 'wlan0' added
06-30 02:21:18.757   364   364 D wpa_supplicant: Wireless event: cmd=0x8c00 len=20
06-30 02:21:18.807   364   364 D wpa_supplicant: RTM_NEWLINK: operstate=1 ifi_flags=0x11043 ([UP][RUNNING][LOWER_UP])
06-30 02:21:18.807   364   364 D wpa_supplicant: RTM_NEWLINK, IFLA_IFNAME: Interface 'wlan0' added
06-30 02:21:18.807   364   364 D wpa_supplicant: Wireless event: cmd=0x8c00 len=20
06-30 02:21:18.917   364   364 D wpa_supplicant: RTM_NEWLINK: operstate=1 ifi_flags=0x11043 ([UP][RUNNING][LOWER_UP])
06-30 02:21:18.917   364   364 D wpa_supplicant: RTM_NEWLINK, IFLA_IFNAME: Interface 'wlan0' added
06-30 02:21:18.917   364   364 D wpa_supplicant: Wireless event: cmd=0x8c00 len=20
06-30 02:21:18.952   364   364 D wpa_supplicant: RTM_NEWLINK: operstate=1 ifi_flags=0x11043 ([UP][RUNNING][LOWER_UP])
06-30 02:21:18.952   364   364 D wpa_supplicant: RTM_NEWLINK, IFLA_IFNAME: Interface 'wlan0' added
06-30 02:21:18.952   364   364 D wpa_supplicant: Wireless event: cmd=0x8c00 len=20
06-30 02:21:19.085   364   364 D wpa_supplicant: RTM_NEWLINK: operstate=1 ifi_flags=0x11043 ([UP][RUNNING][LOWER_UP])
06-30 02:21:19.085   364   364 D wpa_supplicant: RTM_NEWLINK, IFLA_IFNAME: Interface 'wlan0' added
06-30 02:21:19.085   364   364 D wpa_supplicant: Wireless event: cmd=0x8c00 len=20
06-30 02:21:19.124   364   364 D wpa_supplicant: RTM_NEWLINK: operstate=1 ifi_flags=0x11043 ([UP][RUNNING][LOWER_UP])
06-30 02:21:19.124   364   364 D wpa_supplicant: RTM_NEWLINK, IFLA_IFNAME: Interface 'wlan0' added
06-30 02:21:19.124   364   364 D wpa_supplicant: Wireless event: cmd=0x8c00 len=20
06-30 02:21:19.249   364   364 D wpa_supplicant: RTM_NEWLINK: operstate=1 ifi_flags=0x11043 ([UP][RUNNING][LOWER_UP])
06-30 02:21:19.249   364   364 D wpa_supplicant: RTM_NEWLINK, IFLA_IFNAME: Interface 'wlan0' added
06-30 02:21:19.249   364   364 D wpa_supplicant: Wireless event: cmd=0x8c00 len=20
06-30 02:21:19.307   364   364 D wpa_supplicant: RTM_NEWLINK: operstate=1 ifi_flags=0x11043 ([UP][RUNNING][LOWER_UP])
06-30 02:21:19.307   364   364 D wpa_supplicant: RTM_NEWLINK, IFLA_IFNAME: Interface 'wlan0' added
06-30 02:21:19.307   364   364 D wpa_supplicant: Wireless event: cmd=0x8c00 len=20
06-30 02:21:19.432   364   364 D wpa_supplicant: RTM_NEWLINK: operstate=1 ifi_flags=0x11043 ([UP][RUNNING][LOWER_UP])
06-30 02:21:19.436   364   364 D wpa_supplicant: RTM_NEWLINK, IFLA_IFNAME: Interface 'wlan0' added
06-30 02:21:19.436   364   364 D wpa_supplicant: Wireless event: cmd=0x8c00 len=20
06-30 02:21:19.483   364   364 D wpa_supplicant: RTM_NEWLINK: operstate=1 ifi_flags=0x11043 ([UP][RUNNING][LOWER_UP])
06-30 02:21:19.483   364   364 D wpa_supplicant: RTM_NEWLINK, IFLA_IFNAME: Interface 'wlan0' added
06-30 02:21:19.483   364   364 D wpa_supplicant: Wireless event: cmd=0x8c00 len=20
06-30 02:21:19.561   364   364 D wpa_supplicant: RTM_NEWLINK: operstate=1 ifi_flags=0x11043 ([UP][RUNNING][LOWER_UP])
06-30 02:21:19.561   364   364 D wpa_supplicant: RTM_NEWLINK, IFLA_IFNAME: Interface 'wlan0' added
06-30 02:21:19.561   364   364 D wpa_supplicant: Wireless event: cmd=0x8c00 len=20
06-30 02:21:19.596   364   364 D wpa_supplicant: RTM_NEWLINK: operstate=1 ifi_flags=0x11043 ([UP][RUNNING][LOWER_UP])
06-30 02:21:19.596   364   364 D wpa_supplicant: RTM_NEWLINK, IFLA_IFNAME: Interface 'wlan0' added
06-30 02:21:19.596   364   364 D wpa_supplicant: Wireless event: cmd=0x8c00 len=20
06-30 02:21:19.632   364   364 D wpa_supplicant: RTM_NEWLINK: operstate=1 ifi_flags=0x11043 ([UP][RUNNING][LOWER_UP])
06-30 02:21:19.632   364   364 D wpa_supplicant: RTM_NEWLINK, IFLA_IFNAME: Interface 'wlan0' added
06-30 02:21:19.632   364   364 D wpa_supplicant: Wireless event: cmd=0x8c00 len=20
06-30 02:21:19.737   364   364 D wpa_supplicant: RTM_NEWLINK: operstate=1 ifi_flags=0x11043 ([UP][RUNNING][LOWER_UP])
06-30 02:21:19.737   364   364 D wpa_supplicant: RTM_NEWLINK, IFLA_IFNAME: Interface 'wlan0' added
06-30 02:21:19.737   364   364 D wpa_supplicant: Wireless event: cmd=0x8c00 len=20
06-30 02:21:20.171    81   121 D AudioHardware: AudioHardware pcm playback is going to standby.
06-30 02:21:20.171    81   121 D AudioHardware: closePcmOut_l() mPcmOpenCnt: 1
06-30 02:21:20.749   364   364 D wpa_supplicant: RTM_NEWLINK: operstate=1 ifi_flags=0x11043 ([UP][RUNNING][LOWER_UP])
06-30 02:21:20.749   364   364 D wpa_supplicant: RTM_NEWLINK, IFLA_IFNAME: Interface 'wlan0' added
06-30 02:21:20.749   364   364 D wpa_supplicant: Wireless event: cmd=0x8c00 len=20
06-30 02:21:20.784   364   364 D wpa_supplicant: RTM_NEWLINK: operstate=1 ifi_flags=0x11043 ([UP][RUNNING][LOWER_UP])
06-30 02:21:20.784   364   364 D wpa_supplicant: RTM_NEWLINK, IFLA_IFNAME: Interface 'wlan0' added
06-30 02:21:20.784   364   364 D wpa_supplicant: Wireless event: cmd=0x8c00 len=20
06-30 02:21:20.843   364   364 D wpa_supplicant: RTM_NEWLINK: operstate=1 ifi_flags=0x11043 ([UP][RUNNING][LOWER_UP])
06-30 02:21:20.843   364   364 D wpa_supplicant: RTM_NEWLINK, IFLA_IFNAME: Interface 'wlan0' added
06-30 02:21:20.843   364   364 D wpa_supplicant: Wireless event: cmd=0x8c00 len=20
06-30 02:21:20.975   364   364 D wpa_supplicant: RTM_NEWLINK: operstate=1 ifi_flags=0x11043 ([UP][RUNNING][LOWER_UP])
06-30 02:21:20.975   364   364 D wpa_supplicant: RTM_NEWLINK, IFLA_IFNAME: Interface 'wlan0' added
06-30 02:21:20.975   364   364 D wpa_supplicant: Wireless event: cmd=0x8c00 len=20
06-30 02:21:21.327   364   364 D wpa_supplicant: wpa_driver_wext_driver_cmd RSSI len = 248
06-30 02:21:21.331   364   364 D wpa_supplicant: wpa_driver_wext_driver_cmd mj rssi -96  len = 12, 12
06-30 02:21:21.331   364   364 D wpa_supplicant: wpa_driver_wext_driver_cmd LINKSPEED len = 248
06-30 02:21:21.331   364   364 D wpa_supplicant: wpa_driver_wext_driver_cmd LinkSpeed 5 len = 11, 11
06-30 02:21:21.628   364   364 D wpa_supplicant: RTM_NEWLINK: operstate=1 ifi_flags=0x11043 ([UP][RUNNING][LOWER_UP])
06-30 02:21:21.628   364   364 D wpa_supplicant: RTM_NEWLINK, IFLA_IFNAME: Interface 'wlan0' added
06-30 02:21:21.628   364   364 D wpa_supplicant: Wireless event: cmd=0x8c00 len=20
06-30 02:21:21.714   364   364 D wpa_supplicant: RTM_NEWLINK: operstate=1 ifi_flags=0x11043 ([UP][RUNNING][LOWER_UP])
06-30 02:21:21.714   364   364 D wpa_supplicant: RTM_NEWLINK, IFLA_IFNAME: Interface 'wlan0' added
06-30 02:21:21.714   364   364 D wpa_supplicant: Wireless event: cmd=0x8c00 len=20
06-30 02:21:21.835   364   364 D wpa_supplicant: RTM_NEWLINK: operstate=1 ifi_flags=0x11043 ([UP][RUNNING][LOWER_UP])
06-30 02:21:21.835   364   364 D wpa_supplicant: RTM_NEWLINK, IFLA_IFNAME: Interface 'wlan0' added
06-30 02:21:21.835   364   364 D wpa_supplicant: Wireless event: cmd=0x8c00 len=20
06-30 02:21:21.995   364   364 D wpa_supplicant: RTM_NEWLINK: operstate=1 ifi_flags=0x11043 ([UP][RUNNING][LOWER_UP])
06-30 02:21:21.995   364   364 D wpa_supplicant: RTM_NEWLINK, IFLA_IFNAME: Interface 'wlan0' added
06-30 02:21:21.995   364   364 D wpa_supplicant: Wireless event: cmd=0x8c00 len=20
06-30 02:21:23.003   364   364 D wpa_supplicant: RTM_NEWLINK: operstate=1 ifi_flags=0x11043 ([UP][RUNNING][LOWER_UP])
06-30 02:21:23.003   364   364 D wpa_supplicant: RTM_NEWLINK, IFLA_IFNAME: Interface 'wlan0' added
06-30 02:21:23.003   364   364 D wpa_supplicant: Wireless event: cmd=0x8c00 len=20
06-30 02:21:23.218   364   364 D wpa_supplicant: RTM_NEWLINK: operstate=1 ifi_flags=0x11043 ([UP][RUNNING][LOWER_UP])
06-30 02:21:23.218   364   364 D wpa_supplicant: RTM_NEWLINK, IFLA_IFNAME: Interface 'wlan0' added
06-30 02:21:23.218   364   364 D wpa_supplicant: Wireless event: cmd=0x8c00 len=20
06-30 02:21:23.350   364   364 D wpa_supplicant: RTM_NEWLINK: operstate=1 ifi_flags=0x11043 ([UP][RUNNING][LOWER_UP])
06-30 02:21:23.350   364   364 D wpa_supplicant: RTM_NEWLINK, IFLA_IFNAME: Interface 'wlan0' added
06-30 02:21:23.350   364   364 D wpa_supplicant: Wireless event: cmd=0x8c00 len=20
06-30 02:21:23.397   364   364 D wpa_supplicant: RTM_NEWLINK: operstate=1 ifi_flags=0x11043 ([UP][RUNNING][LOWER_UP])
06-30 02:21:23.397   364   364 D wpa_supplicant: RTM_NEWLINK, IFLA_IFNAME: Interface 'wlan0' added
06-30 02:21:23.397   364   364 D wpa_supplicant: Wireless event: cmd=0x8c00 len=20
06-30 02:21:23.514   364   364 D wpa_supplicant: RTM_NEWLINK: operstate=1 ifi_flags=0x11043 ([UP][RUNNING][LOWER_UP])
06-30 02:21:23.514   364   364 D wpa_supplicant: RTM_NEWLINK, IFLA_IFNAME: Interface 'wlan0' added
06-30 02:21:23.514   364   364 D wpa_supplicant: Wireless event: cmd=0x8c00 len=20
06-30 02:21:23.557   364   364 D wpa_supplicant: RTM_NEWLINK: operstate=1 ifi_flags=0x11043 ([UP][RUNNING][LOWER_UP])
06-30 02:21:23.557   364   364 D wpa_supplicant: RTM_NEWLINK, IFLA_IFNAME: Interface 'wlan0' added
06-30 02:21:23.557   364   364 D wpa_supplicant: Wireless event: cmd=0x8c00 len=20
06-30 02:21:23.686   364   364 D wpa_supplicant: RTM_NEWLINK: operstate=1 ifi_flags=0x11043 ([UP][RUNNING][LOWER_UP])
06-30 02:21:23.686   364   364 D wpa_supplicant: RTM_NEWLINK, IFLA_IFNAME: Interface 'wlan0' added
06-30 02:21:23.686   364   364 D wpa_supplicant: Wireless event: cmd=0x8c00 len=20
06-30 02:21:23.729   364   364 D wpa_supplicant: RTM_NEWLINK: operstate=1 ifi_flags=0x11043 ([UP][RUNNING][LOWER_UP])
06-30 02:21:23.729   364   364 D wpa_supplicant: RTM_NEWLINK, IFLA_IFNAME: Interface 'wlan0' added
06-30 02:21:23.729   364   364 D wpa_supplicant: Wireless event: cmd=0x8c00 len=20
06-30 02:21:23.878   364   364 D wpa_supplicant: RTM_NEWLINK: operstate=1 ifi_flags=0x11043 ([UP][RUNNING][LOWER_UP])
06-30 02:21:23.878   364   364 D wpa_supplicant: RTM_NEWLINK, IFLA_IFNAME: Interface 'wlan0' added
06-30 02:21:23.878   364   364 D wpa_supplicant: Wireless event: cmd=0x8c00 len=20
06-30 02:21:24.003   364   364 D wpa_supplicant: RTM_NEWLINK: operstate=1 ifi_flags=0x11043 ([UP][RUNNING][LOWER_UP])
06-30 02:21:24.003   364   364 D wpa_supplicant: RTM_NEWLINK, IFLA_IFNAME: Interface 'wlan0' added
06-30 02:21:24.003   364   364 D wpa_supplicant: Wireless event: cmd=0x8c00 len=20
06-30 02:21:24.034   364   364 D wpa_supplicant: RTM_NEWLINK: operstate=1 ifi_flags=0x11043 ([UP][RUNNING][LOWER_UP])
06-30 02:21:24.034   364   364 D wpa_supplicant: RTM_NEWLINK, IFLA_IFNAME: Interface 'wlan0' added
06-30 02:21:24.034   364   364 D wpa_supplicant: Wireless event: cmd=0x8c00 len=20
06-30 02:21:24.120   364   364 D wpa_supplicant: RTM_NEWLINK: operstate=1 ifi_flags=0x11043 ([UP][RUNNING][LOWER_UP])
06-30 02:21:24.120   364   364 D wpa_supplicant: RTM_NEWLINK, IFLA_IFNAME: Interface 'wlan0' added
06-30 02:21:24.120   364   364 D wpa_supplicant: Wireless event: cmd=0x8c00 len=20
06-30 02:21:24.257   364   364 D wpa_supplicant: RTM_NEWLINK: operstate=1 ifi_flags=0x11043 ([UP][RUNNING][LOWER_UP])
06-30 02:21:24.257   364   364 D wpa_supplicant: RTM_NEWLINK, IFLA_IFNAME: Interface 'wlan0' added
06-30 02:21:24.261   364   364 D wpa_supplicant: Wireless event: cmd=0x8c00 len=20
06-30 02:21:24.339   364   364 D wpa_supplicant: wpa_driver_wext_driver_cmd RSSI len = 248
06-30 02:21:24.346   364   364 D wpa_supplicant: wpa_driver_wext_driver_cmd mj rssi -96  len = 12, 12
06-30 02:21:24.346   364   364 D wpa_supplicant: wpa_driver_wext_driver_cmd LINKSPEED len = 248
06-30 02:21:24.346   364   364 D wpa_supplicant: wpa_driver_wext_driver_cmd LinkSpeed 1 len = 11, 11
06-30 02:21:24.389   364   364 D wpa_supplicant: RTM_NEWLINK: operstate=1 ifi_flags=0x11043 ([UP][RUNNING][LOWER_UP])
06-30 02:21:24.389   364   364 D wpa_supplicant: RTM_NEWLINK, IFLA_IFNAME: Interface 'wlan0' added
06-30 02:21:24.389   364   364 D wpa_supplicant: Wireless event: cmd=0x8c00 len=20
06-30 02:21:24.436   364   364 D wpa_supplicant: RTM_NEWLINK: operstate=1 ifi_flags=0x11043 ([UP][RUNNING][LOWER_UP])
06-30 02:21:24.436   364   364 D wpa_supplicant: RTM_NEWLINK, IFLA_IFNAME: Interface 'wlan0' added
06-30 02:21:24.436   364   364 D wpa_supplicant: Wireless event: cmd=0x8c00 len=20
06-30 02:21:24.569   364   364 D wpa_supplicant: RTM_NEWLINK: operstate=1 ifi_flags=0x11043 ([UP][RUNNING][LOWER_UP])
06-30 02:21:24.569   364   364 D wpa_supplicant: RTM_NEWLINK, IFLA_IFNAME: Interface 'wlan0' added
06-30 02:21:24.569   364   364 D wpa_supplicant: Wireless event: cmd=0x8c00 len=20
06-30 02:21:24.616   364   364 D wpa_supplicant: RTM_NEWLINK: operstate=1 ifi_flags=0x11043 ([UP][RUNNING][LOWER_UP])
06-30 02:21:24.616   364   364 D wpa_supplicant: RTM_NEWLINK, IFLA_IFNAME: Interface 'wlan0' added
06-30 02:21:24.616   364   364 D wpa_supplicant: Wireless event: cmd=0x8c00 len=20
06-30 02:21:24.749   364   364 D wpa_supplicant: RTM_NEWLINK: operstate=1 ifi_flags=0x11043 ([UP][RUNNING][LOWER_UP])
06-30 02:21:24.749   364   364 D wpa_supplicant: RTM_NEWLINK, IFLA_IFNAME: Interface 'wlan0' added
06-30 02:21:24.749   364   364 D wpa_supplicant: Wireless event: cmd=0x8c00 len=20
06-30 02:21:24.776   364   364 D wpa_supplicant: RTM_NEWLINK: operstate=1 ifi_flags=0x11043 ([UP][RUNNING][LOWER_UP])
06-30 02:21:24.776   364   364 D wpa_supplicant: RTM_NEWLINK, IFLA_IFNAME: Interface 'wlan0' added
06-30 02:21:24.776   364   364 D wpa_supplicant: Wireless event: cmd=0x8c00 len=20
06-30 02:21:24.893   364   364 D wpa_supplicant: RTM_NEWLINK: operstate=1 ifi_flags=0x11043 ([UP][RUNNING][LOWER_UP])
06-30 02:21:24.893   364   364 D wpa_supplicant: RTM_NEWLINK, IFLA_IFNAME: Interface 'wlan0' added
06-30 02:21:24.893   364   364 D wpa_supplicant: Wireless event: cmd=0x8c00 len=20
06-30 02:21:24.975   364   364 D wpa_supplicant: RTM_NEWLINK: operstate=1 ifi_flags=0x11043 ([UP][RUNNING][LOWER_UP])
06-30 02:21:24.975   364   364 D wpa_supplicant: RTM_NEWLINK, IFLA_IFNAME: Interface 'wlan0' added
06-30 02:21:24.975   364   364 D wpa_supplicant: Wireless event: cmd=0x8c00 len=20
06-30 02:21:25.046   364   364 D wpa_supplicant: RTM_NEWLINK: operstate=1 ifi_flags=0x11043 ([UP][RUNNING][LOWER_UP])
06-30 02:21:25.046   364   364 D wpa_supplicant: RTM_NEWLINK, IFLA_IFNAME: Interface 'wlan0' added
06-30 02:21:25.046   364   364 D wpa_supplicant: Wireless event: cmd=0x8c00 len=20
06-30 02:21:25.089   364   364 D wpa_supplicant: RTM_NEWLINK: operstate=1 ifi_flags=0x11043 ([UP][RUNNING][LOWER_UP])
06-30 02:21:25.089   364   364 D wpa_supplicant: RTM_NEWLINK, IFLA_IFNAME: Interface 'wlan0' added
06-30 02:21:25.089   364   364 D wpa_supplicant: Wireless event: cmd=0x8c00 len=20
06-30 02:21:25.139   364   364 D wpa_supplicant: RTM_NEWLINK: operstate=1 ifi_flags=0x11043 ([UP][RUNNING][LOWER_UP])
06-30 02:21:25.139   364   364 D wpa_supplicant: RTM_NEWLINK, IFLA_IFNAME: Interface 'wlan0' added
06-30 02:21:25.139   364   364 D wpa_supplicant: Wireless event: cmd=0x8c00 len=20
06-30 02:21:25.167   364   364 D wpa_supplicant: RTM_NEWLINK: operstate=1 ifi_flags=0x11043 ([UP][RUNNING][LOWER_UP])
06-30 02:21:25.167   364   364 D wpa_supplicant: RTM_NEWLINK, IFLA_IFNAME: Interface 'wlan0' added
06-30 02:21:25.167   364   364 D wpa_supplicant: Wireless event: cmd=0x8c00 len=20
06-30 02:21:25.190   364   364 D wpa_supplicant: RTM_NEWLINK: operstate=1 ifi_flags=0x11043 ([UP][RUNNING][LOWER_UP])
06-30 02:21:25.190   364   364 D wpa_supplicant: RTM_NEWLINK, IFLA_IFNAME: Interface 'wlan0' added
06-30 02:21:25.190   364   364 D wpa_supplicant: Wireless event: cmd=0x8c00 len=20
06-30 02:21:25.253   364   364 D wpa_supplicant: RTM_NEWLINK: operstate=1 ifi_flags=0x11043 ([UP][RUNNING][LOWER_UP])
06-30 02:21:25.253   364   364 D wpa_supplicant: RTM_NEWLINK, IFLA_IFNAME: Interface 'wlan0' added
06-30 02:21:25.253   364   364 D wpa_supplicant: Wireless event: cmd=0x8c00 len=20
06-30 02:21:25.374   364   364 D wpa_supplicant: RTM_NEWLINK: operstate=1 ifi_flags=0x11043 ([UP][RUNNING][LOWER_UP])
06-30 02:21:25.374   364   364 D wpa_supplicant: RTM_NEWLINK, IFLA_IFNAME: Interface 'wlan0' added
06-30 02:21:25.374   364   364 D wpa_supplicant: Wireless event: cmd=0x8c00 len=20
06-30 02:21:25.405   364   364 D wpa_supplicant: RTM_NEWLINK: operstate=1 ifi_flags=0x11043 ([UP][RUNNING][LOWER_UP])
06-30 02:21:25.405   364   364 D wpa_supplicant: RTM_NEWLINK, IFLA_IFNAME: Interface 'wlan0' added
06-30 02:21:25.405   364   364 D wpa_supplicant: Wireless event: cmd=0x8c00 len=20
06-30 02:21:25.534   364   364 D wpa_supplicant: RTM_NEWLINK: operstate=1 ifi_flags=0x11043 ([UP][RUNNING][LOWER_UP])
06-30 02:21:25.534   364   364 D wpa_supplicant: RTM_NEWLINK, IFLA_IFNAME: Interface 'wlan0' added
06-30 02:21:25.534   364   364 D wpa_supplicant: Wireless event: cmd=0x8c00 len=20
06-30 02:21:25.573   364   364 D wpa_supplicant: RTM_NEWLINK: operstate=1 ifi_flags=0x11043 ([UP][RUNNING][LOWER_UP])
06-30 02:21:25.573   364   364 D wpa_supplicant: RTM_NEWLINK, IFLA_IFNAME: Interface 'wlan0' added
06-30 02:21:25.573   364   364 D wpa_supplicant: Wireless event: cmd=0x8c00 len=20
06-30 02:21:25.710   364   364 D wpa_supplicant: RTM_NEWLINK: operstate=1 ifi_flags=0x11043 ([UP][RUNNING][LOWER_UP])
06-30 02:21:25.710   364   364 D wpa_supplicant: RTM_NEWLINK, IFLA_IFNAME: Interface 'wlan0' added
06-30 02:21:25.710   364   364 D wpa_supplicant: Wireless event: cmd=0x8c00 len=20
06-30 02:21:25.858   364   364 D wpa_supplicant: RTM_NEWLINK: operstate=1 ifi_flags=0x11043 ([UP][RUNNING][LOWER_UP])
06-30 02:21:25.858   364   364 D wpa_supplicant: RTM_NEWLINK, IFLA_IFNAME: Interface 'wlan0' added
06-30 02:21:25.858   364   364 D wpa_supplicant: Wireless event: cmd=0x8c00 len=20
06-30 02:21:25.987   364   364 D wpa_supplicant: RTM_NEWLINK: operstate=1 ifi_flags=0x11043 ([UP][RUNNING][LOWER_UP])
06-30 02:21:25.987   364   364 D wpa_supplicant: RTM_NEWLINK, IFLA_IFNAME: Interface 'wlan0' added
06-30 02:21:25.987   364   364 D wpa_supplicant: Wireless event: cmd=0x8c00 len=20
06-30 02:21:26.057   364   364 D wpa_supplicant: RTM_NEWLINK: operstate=1 ifi_flags=0x11043 ([UP][RUNNING][LOWER_UP])
06-30 02:21:26.057   364   364 D wpa_supplicant: RTM_NEWLINK, IFLA_IFNAME: Interface 'wlan0' added
06-30 02:21:26.057   364   364 D wpa_supplicant: Wireless event: cmd=0x8c00 len=20
06-30 02:21:26.167   364   364 D wpa_supplicant: RTM_NEWLINK: operstate=1 ifi_flags=0x11043 ([UP][RUNNING][LOWER_UP])
06-30 02:21:26.167   364   364 D wpa_supplicant: RTM_NEWLINK, IFLA_IFNAME: Interface 'wlan0' added
06-30 02:21:26.167   364   364 D wpa_supplicant: Wireless event: cmd=0x8c00 len=20
06-30 02:21:26.225   364   364 D wpa_supplicant: RTM_NEWLINK: operstate=1 ifi_flags=0x11043 ([UP][RUNNING][LOWER_UP])
06-30 02:21:26.225   364   364 D wpa_supplicant: RTM_NEWLINK, IFLA_IFNAME: Interface 'wlan0' added
06-30 02:21:26.225   364   364 D wpa_supplicant: Wireless event: cmd=0x8c00 len=20
06-30 02:21:26.280   364   364 D wpa_supplicant: RTM_NEWLINK: operstate=1 ifi_flags=0x11043 ([UP][RUNNING][LOWER_UP])
06-30 02:21:26.280   364   364 D wpa_supplicant: RTM_NEWLINK, IFLA_IFNAME: Interface 'wlan0' added
06-30 02:21:26.280   364   364 D wpa_supplicant: Wireless event: cmd=0x8c00 len=20
06-30 02:21:26.350   364   364 D wpa_supplicant: RTM_NEWLINK: operstate=1 ifi_flags=0x11043 ([UP][RUNNING][LOWER_UP])
06-30 02:21:26.350   364   364 D wpa_supplicant: RTM_NEWLINK, IFLA_IFNAME: Interface 'wlan0' added
06-30 02:21:26.350   364   364 D wpa_supplicant: Wireless event: cmd=0x8b15 len=20
06-30 02:21:26.350   364   364 D wpa_supplicant: Wireless event: new AP: 00:00:00:00:00:00
06-30 02:21:26.374   364   364 D wpa_supplicant: Added BSSID 98:fc:11:c3:3f:e6 into blacklist
06-30 02:21:26.386   364   364 I wpa_supplicant: wlan0: CTRL-EVENT-DISCONNECTED bssid=98:fc:11:c3:3f:e6 reason=0
06-30 02:21:26.386   364   364 D wpa_supplicant: wpa_driver_wext_set_key: alg=0 key_idx=0 set_tx=0 seq_len=0 key_len=0
06-30 02:21:26.401   364   364 D wpa_supplicant: wpa_driver_wext_set_key: alg=0 key_idx=1 set_tx=0 seq_len=0 key_len=0
06-30 02:21:26.405   364   364 D wpa_supplicant: wpa_driver_wext_set_key: alg=0 key_idx=2 set_tx=0 seq_len=0 key_len=0
06-30 02:21:26.417  6305  6322 D CommandListener: Clearing all IP addresses on wlan0
06-30 02:21:26.429   364   364 D wpa_supplicant: wpa_driver_wext_set_key: alg=0 key_idx=3 set_tx=0 seq_len=0 key_len=0
06-30 02:21:26.440   151   327 D ConnectivityService: ConnectivityChange for WIFI: DISCONNECTED/DISCONNECTED
06-30 02:21:26.448   151   327 D ConnectivityService: Attempting to switch to mobile
06-30 02:21:26.464   364   364 D wpa_supplicant: wpa_driver_wext_set_key: alg=0 key_idx=0 set_tx=0 seq_len=0 key_len=0
06-30 02:21:26.468   364   364 D wpa_supplicant: wpa_driver_wext_set_operstate: operstate 1->0 (DORMANT)
06-30 02:21:26.468   364   364 D wpa_supplicant: netlink: Operstate: linkmode=-1, operstate=5
06-30 02:21:26.468   364   364 D wpa_supplicant: EAPOL: External notification - portEnabled=0
06-30 02:21:26.471   364   364 D wpa_supplicant: EAPOL: SUPP_PAE entering state DISCONNECTED
06-30 02:21:26.471   364   364 D wpa_supplicant: EAPOL: Supplicant port status: Unauthorized
06-30 02:21:26.471   364   364 D wpa_supplicant: EAPOL: SUPP_BE entering state INITIALIZE
06-30 02:21:26.471   364   364 D wpa_supplicant: EAPOL: Supplicant port status: Unauthorized
06-30 02:21:26.471   364   364 D wpa_supplicant: EAPOL: External notification - portValid=0
06-30 02:21:26.471   364   364 D wpa_supplicant: EAPOL: Supplicant port status: Unauthorized
06-30 02:21:26.471   364   364 D wpa_supplicant: EAPOL: External notification - EAP success=0
06-30 02:21:26.471   364   364 D wpa_supplicant: EAPOL: Supplicant port status: Unauthorized
06-30 02:21:26.471   364   364 D wpa_supplicant: RTM_NEWLINK: operstate=0 ifi_flags=0x11003 ([UP][LOWER_UP])
06-30 02:21:26.471   364   364 D wpa_supplicant: RTM_NEWLINK, IFLA_IFNAME: Interface 'wlan0' added
06-30 02:21:26.475   364   364 D wpa_supplicant: WPS: Building WPS IE for Probe Request
06-30 02:21:26.475   364   364 D wpa_supplicant: WPS:  * Version (hardcoded 0x10)
06-30 02:21:26.475   364   364 D wpa_supplicant: WPS:  * Request Type
06-30 02:21:26.475   364   364 D wpa_supplicant: WPS:  * Config Methods (2388)
06-30 02:21:26.475   364   364 D wpa_supplicant: WPS:  * UUID-E
06-30 02:21:26.475   364   364 D wpa_supplicant: WPS:  * Primary Device Type
06-30 02:21:26.475   364   364 D wpa_supplicant: WPS:  * RF Bands (3)
06-30 02:21:26.475   364   364 D wpa_supplicant: WPS:  * Association State
06-30 02:21:26.475   364   364 D wpa_supplicant: WPS:  * Configuration Error (0)
06-30 02:21:26.475   364   364 D wpa_supplicant: WPS:  * Device Password ID (0)
06-30 02:21:26.475   364   364 D wpa_supplicant: WPS:  * Manufacturer
06-30 02:21:26.475   364   364 D wpa_supplicant: WPS:  * Model Name
06-30 02:21:26.475   364   364 D wpa_supplicant: WPS:  * Model Number
06-30 02:21:26.475   364   364 D wpa_supplicant: WPS:  * Device Name
06-30 02:21:26.475   364   364 D wpa_supplicant: WPS:  * Version2 (0x20)
06-30 02:21:26.475   364   364 D wpa_supplicant: wpa_driver_wext_combo_scan: Start
06-30 02:21:26.475   364   364 D wpa_supplicant: For Scan: (null)
06-30 02:21:26.483   364   364 D wpa_supplicant: Scan requested (ret=0) - scan timeout 30 seconds
06-30 02:21:26.483   364   364 D wpa_supplicant: RTM_NEWLINK: operstate=0 ifi_flags=0x11003 ([UP][LOWER_UP])
06-30 02:21:26.483   364   364 D wpa_supplicant: RTM_NEWLINK, IFLA_IFNAME: Interface 'wlan0' added
06-30 02:21:26.483   364   364 D wpa_supplicant: Wireless event: cmd=0x8c00 len=20
06-30 02:21:26.511   151   327 D ConnectivityService: Attempting to switch to WIMAX
06-30 02:21:26.514   151   327 D ConnectivityService: Attempting to switch to BLUETOOTH_TETHER
06-30 02:21:26.522   151   327 E ConnectivityService: Exception trying to remove a route: java.lang.IllegalStateException: Unable to communicate with native dameon to add routes - com.android.server.NativeDaemonConnectorException: Cmd {interface route remove wlan0 default 192.168.1.1 32 0.0.0.0} failed with code 400 : {Failed to remove route from default table (No such process)}
06-30 02:21:26.526   151   327 E ConnectivityService: Exception trying to remove a route: java.lang.IllegalStateException: Unable to communicate with native dameon to add routes - com.android.server.NativeDaemonConnectorException: Cmd {interface route remove wlan0 default 0.0.0.0 0 192.168.1.1} failed with code 400 : {Failed to remove route from default table (No such process)}
06-30 02:21:26.526   151   327 D NetUtils: android_net_utils_resetConnections in env=0x93ed58 clazz=0xff200001 iface=wlan0 mask=0x3
06-30 02:21:26.526   151   327 D ConnectivityService: resetConnections(wlan0, 3)
06-30 02:21:26.600   364   364 D wpa_supplicant: RTM_NEWLINK: operstate=0 ifi_flags=0x11003 ([UP][LOWER_UP])
06-30 02:21:26.600   364   364 D wpa_supplicant: RTM_NEWLINK, IFLA_IFNAME: Interface 'wlan0' added
06-30 02:21:26.600   364   364 D wpa_supplicant: Wireless event: cmd=0x8c00 len=20
06-30 02:21:26.636   364   364 D wpa_supplicant: RTM_NEWLINK: operstate=0 ifi_flags=0x11003 ([UP][LOWER_UP])
06-30 02:21:26.636   364   364 D wpa_supplicant: RTM_NEWLINK, IFLA_IFNAME: Interface 'wlan0' added
06-30 02:21:26.636   364   364 D wpa_supplicant: Wireless event: cmd=0x8c00 len=20
06-30 02:21:26.651 25448 15885 W Smack/Packet: notify conn break (IOEx), close connection
06-30 02:21:26.772 15888 15891 D dalvikvm: GC_CONCURRENT freed 847K, 13% free 9402K/10759K, paused 2ms+3ms
06-30 02:21:26.811 15888 15911 E HttpConnection: javax.net.ssl.SSLPeerUnverifiedException: No peer certificate
06-30 02:21:26.811 25448 15885 I qtaguid : Failed write_ctrl(u 58) res=-1 errno=22
06-30 02:21:26.811 25448 15885 I qtaguid : Untagging socket 58 failed errno=-22
06-30 02:21:26.811 25448 15885 W NetworkManagementSocketTagger: untagSocket(58) failed with errno -22
06-30 02:21:26.815   151   327 D ConnectivityService: handleInetConditionChange: no active default network - ignore
06-30 02:21:26.862 25448 25450 D dalvikvm: GC_CONCURRENT freed 365K, 6% free 10340K/10951K, paused 2ms+4ms
06-30 02:21:27.011 13824 13827 D dalvikvm: GC_CONCURRENT freed 419K, 7% free 9631K/10311K, paused 2ms+3ms
06-30 02:21:27.651   364   364 D wpa_supplicant: RTM_NEWLINK: operstate=0 ifi_flags=0x11003 ([UP][LOWER_UP])
06-30 02:21:27.651   364   364 D wpa_supplicant: RTM_NEWLINK, IFLA_IFNAME: Interface 'wlan0' added
06-30 02:21:27.651   364   364 D wpa_supplicant: Wireless event: cmd=0x8b19 len=8
06-30 02:21:27.655   364   364 D wpa_supplicant: Received 734 bytes of scan results (3 BSSes)
06-30 02:21:27.671   364   364 D wpa_supplicant: Removed BSSID 98:fc:11:c3:3f:e6 from blacklist (clear)
06-30 02:21:29.581   151   330 D Tethering: MasterInitialState.processMessage what=3
06-30 02:21:29.706 15506 15506 I MediaUploader: No need to wake up
06-30 02:21:29.710 12918 12918 I PhoneLab-WiFiReceiver: Wi-Fi is disconnected!
06-30 02:21:29.729 15726 15740 D PicasaSyncManager: active network: null
06-30 02:21:29.729 15726 15740 D PicasaSyncManager: background data: true
06-30 02:21:33.100   364   364 D wpa_supplicant: Ignore event for foreign ifindex 2
06-30 02:21:33.186   151   327 D ConnectivityService: ConnectivityChange for mobile: CONNECTED/CONNECTED
06-30 02:21:33.276   151   323 D NetworkPolicy: applying policy NetworkPolicy[NetworkTemplate: matchRule=MOBILE_ALL, subscriberId=valid]: cycleDay=5, warningBytes=2147483648, limitBytes=-1, lastSnooze=-1 to ifaces [rmnet0]
06-30 02:21:34.186   151   327 D ConnectivityService: NetTransition Wakelock for WifiStateMachine released by timeout
06-30 02:21:36.085   151   153 D dalvikvm: GC_CONCURRENT freed 1700K, 33% free 16371K/24391K, paused 7ms+9ms
06-30 02:21:36.245   151   330 D Tethering: MasterInitialState.processMessage what=3
06-30 02:21:36.327 25448 25448 I GTalkService/c: [AndroidEndpoint@1093792408] connect: acct=1000000, state=CONNECTING
06-30 02:21:36.331 25448 25448 I GTalkService/c: [GTalkConnection@1094179248] connect: acct=1, state=CONNECTING
06-30 02:21:36.374 15506 15506 I MediaUploader: No need to wake up
06-30 02:21:36.386 15726 15740 D PicasaSyncManager: active network: NetworkInfo: type: mobile[CDMA - EvDo rev. A], state: CONNECTED/CONNECTED, reason: (unspecified), extra: , roaming: false, failover: true, isAvailable: true
06-30 02:21:36.389 15726 15740 D PicasaSyncManager: background data: true
