07-04 13:47:51.839   393   395 D dalvikvm: GC_CONCURRENT freed 723K, 63% free 10496K/28231K, paused 2ms+4ms
07-04 13:48:10.464   158 13021 I ActivityManager: START {flg=0x10040000 cmp=com.whatsapp/.PopupNotificationLocked} from pid 14078
07-04 13:48:10.468  1548  1548 D OpenGLRenderer: Flushing caches (mode 0)
07-04 13:48:10.570    82   131 D AudioHardware: AudioHardware pcm playback is exiting standby.
07-04 13:48:10.570    82   131 D AudioHardware: openPcmOut_l() mPcmOpenCnt: 0
07-04 13:48:10.668 14078 14082 D dalvikvm: GC_CONCURRENT freed 432K, 6% free 10370K/11015K, paused 2ms+11ms
07-04 13:48:10.839   393   395 D dalvikvm: GC_CONCURRENT freed 348K, 63% free 10575K/28231K, paused 2ms+15ms
07-04 13:48:10.867   393   393 V PhoneStatusBar: setLightsOn(true)
07-04 13:48:10.867   393   393 D PhoneStatusBar: disable: < expand icons alerts ticker system_info back* home* RECENT clock* >
07-04 13:48:10.890   158   207 I ActivityManager: Displayed com.whatsapp/.PopupNotificationLocked: +427ms
07-04 13:48:10.894 14078 14078 W IInputConnectionWrapper: getCursorCapsMode on inactive InputConnection
07-04 13:48:11.031   393   395 D dalvikvm: GC_CONCURRENT freed 132K, 62% free 10883K/28231K, paused 1ms+3ms
07-04 13:48:11.062  1548  1548 D OpenGLRenderer: Flushing caches (mode 1)
07-04 13:48:11.195   158  5941 I power   : *** set_screen_state 1
07-04 13:48:11.211   158   208 W WindowManager: Aborted waiting for drawn: Window{413ab530 Keyguard paused=false}
07-04 13:48:11.211   158   208 I WindowManager: Lock screen displayed!
07-04 13:48:11.218   393   395 D dalvikvm: GC_CONCURRENT freed 722K, 63% free 10699K/28231K, paused 2ms+4ms
07-04 13:48:11.386    79   123 D SurfaceFlinger: Screen about to return, flinger = 0x1e7d918
07-04 13:48:14.187   158   158 I ActivityManager: START {flg=0x10040000 cmp=com.whatsapp/.PopupNotificationLocked} from pid 14078
07-04 13:48:14.410   393   395 D dalvikvm: GC_CONCURRENT freed 363K, 62% free 10859K/28231K, paused 2ms+9ms
07-04 13:48:18.234    82   131 D AudioHardware: AudioHardware pcm playback is going to standby.
07-04 13:48:18.234    82   131 D AudioHardware: closePcmOut_l() mPcmOpenCnt: 1
07-04 13:48:19.906   158   213 I InputReader: Reconfiguring input devices.  changes=0x00000004
07-04 13:48:19.906   158   213 I InputReader: Device reconfigured: id=7, name='mxt224_ts_input', surface size is now 480x800, mode is 1
07-04 13:48:19.996   158   174 I ActivityManager: Config changed: {1.0 310mcc120mnc en_US layoutdir=0 sw320dp w533dp h294dp nrml long land finger -keyb/v/h -nav/h s.68}
07-04 13:48:20.062   158   208 V TransportControlView: Create TCV com.android.internal.widget.TransportControlView@41559e90
07-04 13:48:20.511   393   393 D dalvikvm: GC_FOR_ALLOC freed 637K, 63% free 10657K/28231K, paused 68ms
07-04 13:48:20.621   393   393 D dalvikvm: GC_FOR_ALLOC freed 215K, 62% free 10746K/28231K, paused 96ms
07-04 13:48:20.722   457   457 D dalvikvm: GC_FOR_ALLOC freed 1458K, 22% free 10801K/13831K, paused 173ms
07-04 13:48:20.730   393   393 D dalvikvm: GC_FOR_ALLOC freed 182K, 62% free 10868K/28231K, paused 90ms
07-04 13:48:20.738   457   457 I dalvikvm-heap: Grow heap (frag case) to 11.350MB for 768016-byte allocation
07-04 13:48:20.816   393   395 D dalvikvm: GC_CONCURRENT freed 182K, 61% free 11292K/28231K, paused 2ms+6ms
07-04 13:48:20.832   457   460 D dalvikvm: GC_CONCURRENT freed 46K, 17% free 11504K/13831K, paused 2ms+10ms
07-04 13:48:23.390   158   207 D dalvikvm: GC_EXPLICIT freed 1557K, 27% free 15403K/20871K, paused 3ms+7ms
07-04 13:48:24.261   158   213 I InputReader: Reconfiguring input devices.  changes=0x00000004
07-04 13:48:24.261   158   213 I InputReader: Device reconfigured: id=7, name='mxt224_ts_input', surface size is now 480x800, mode is 1
07-04 13:48:25.644   158   213 I InputReader: Reconfiguring input devices.  changes=0x00000004
07-04 13:48:25.648   158   213 I InputReader: Device reconfigured: id=7, name='mxt224_ts_input', surface size is now 480x800, mode is 1
07-04 13:48:25.746   158   174 I ActivityManager: Config changed: {1.0 310mcc120mnc en_US layoutdir=0 sw320dp w320dp h508dp nrml long port finger -keyb/v/h -nav/h s.69}
07-04 13:48:25.886   158   208 V TransportControlView: Create TCV com.android.internal.widget.TransportControlView@41449cc8
07-04 13:48:26.285   393   395 D dalvikvm: GC_CONCURRENT freed 1281K, 63% free 10674K/28231K, paused 2ms+12ms
07-04 13:48:26.355   457   457 D dalvikvm: GC_FOR_ALLOC freed 1073K, 23% free 10771K/13831K, paused 147ms
07-04 13:48:26.550   457   460 D dalvikvm: GC_CONCURRENT freed 27K, 19% free 11311K/13831K, paused 1ms+3ms
07-04 13:48:28.906   158   207 D dalvikvm: GC_EXPLICIT freed 946K, 27% free 15362K/20871K, paused 28ms+7ms
07-04 13:48:29.070   158   562 I ActivityManager: START {flg=0x14000000 cmp=com.whatsapp/.Conversation bnds=[0,119][480,215] (has extras)} from pid -1
07-04 13:48:29.125   158  5941 W KeyguardViewMediator: verifyUnlock called when not externally disabled
07-04 13:48:29.402   393   393 D PhoneStatusBar: disable: < expand icons alerts ticker system_info BACK* HOME* RECENT CLOCK* >
07-04 13:48:29.461 14078 14082 D dalvikvm: GC_CONCURRENT freed 336K, 5% free 10510K/11015K, paused 5ms+5ms
07-04 13:48:29.558 14078 14078 D dalvikvm: GC_FOR_ALLOC freed 99K, 5% free 10618K/11079K, paused 34ms
07-04 13:48:29.601 14078 14078 D dalvikvm: GC_FOR_ALLOC freed 3K, 5% free 10798K/11271K, paused 39ms
07-04 13:48:29.617   158   174 I Process : Sending signal. PID: 14078 SIG: 3
07-04 13:48:29.617 14078 14083 I dalvikvm: threadid=3: reacting to signal 3
07-04 13:48:29.652 14078 14083 I dalvikvm: Wrote stack traces to '/data/anr/traces.txt'
07-04 13:48:29.711 14078 14078 D dalvikvm: GC_FOR_ALLOC freed 9K, 4% free 10967K/11399K, paused 25ms
07-04 13:48:29.718 14078 14078 I dalvikvm-heap: Grow heap (frag case) to 14.299MB for 3686416-byte allocation
07-04 13:48:29.761 14078 14087 D dalvikvm: GC_FOR_ALLOC freed <1K, 4% free 14566K/15047K, paused 25ms
07-04 13:48:29.820 14078 14082 D dalvikvm: GC_CONCURRENT freed 2K, 4% free 14564K/15047K, paused 3ms+6ms
07-04 13:48:29.879 14078 14078 D dalvikvm: GC_FOR_ALLOC freed <1K, 4% free 14565K/15047K, paused 21ms
07-04 13:48:29.882 14078 14078 I dalvikvm-heap: Grow heap (frag case) to 15.860MB for 1637776-byte allocation
07-04 13:48:29.906 14078 14078 D dalvikvm: GC_FOR_ALLOC freed <1K, 3% free 16164K/16647K, paused 22ms
07-04 13:48:30.097   393   393 D dalvikvm: GC_FOR_ALLOC freed 440K, 63% free 10645K/28231K, paused 40ms
07-04 13:48:30.117   158   174 I Process : Sending signal. PID: 14078 SIG: 3
07-04 13:48:30.117 14078 14083 I dalvikvm: threadid=3: reacting to signal 3
07-04 13:48:30.136 14078 14083 I dalvikvm: Wrote stack traces to '/data/anr/traces.txt'
07-04 13:48:30.562   393   393 D PhoneStatusBar: disable: < expand icons alerts ticker system_info BACK HOME recent* CLOCK >
07-04 13:48:30.574   393   393 D PhoneStatusBar: disable: < expand icons alerts ticker system_info back* home* recent clock* >
07-04 13:48:30.582   393   393 V PhoneStatusBar: setLightsOn(true)
07-04 13:48:30.617   158   174 I Process : Sending signal. PID: 14078 SIG: 3
07-04 13:48:30.617 14078 14083 I dalvikvm: threadid=3: reacting to signal 3
07-04 13:48:30.629   491  1546 D NfcService: NFC-C ON
07-04 13:48:30.679 14078 14083 I dalvikvm: Wrote stack traces to '/data/anr/traces.txt'
07-04 13:48:30.730   158   207 I ActivityManager: Displayed com.whatsapp/.Conversation: +1s616ms
07-04 13:48:31.296 14358 14370 D dalvikvm: GC_EXPLICIT freed 369K, 5% free 9510K/9991K, paused 16ms+11ms
07-04 13:48:31.504 13929 13930 D dalvikvm: GC_CONCURRENT freed 435K, 6% free 9624K/10183K, paused 16ms+9ms
07-04 13:48:37.839   457   457 W Suggest : String pool got too big: 19
07-04 13:48:40.578   457   460 D dalvikvm: GC_CONCURRENT freed 482K, 17% free 11591K/13831K, paused 5ms+4ms
07-04 13:48:42.238 14078 14082 D dalvikvm: GC_CONCURRENT freed 5693K, 32% free 12457K/18247K, paused 10ms+7ms
07-04 13:48:42.957    82   131 D AudioHardware: AudioHardware pcm playback is exiting standby.
07-04 13:48:42.957    82   131 D AudioHardware: openPcmOut_l() mPcmOpenCnt: 0
07-04 13:48:46.308    82   131 D AudioHardware: AudioHardware pcm playback is going to standby.
07-04 13:48:46.308    82   131 D AudioHardware: closePcmOut_l() mPcmOpenCnt: 1
07-04 13:48:48.043 14139 14152 I PhoneLab-: Service Running
07-04 13:48:48.121 14139 14152 I PhoneLab-LoggerService: app_36    1325  1     1828   1388  c00f181c 400107b4 S logcat
07-04 13:48:48.125 14139 14152 I PhoneLab-LoggerService: Logcat pid from database 1325
07-04 13:48:48.125 14139 14152 I PhoneLab-LoggerService: Logcat process found 1325
07-04 13:48:48.125 14139 14152 I PhoneLab-LoggerService: Checking Threshold
07-04 13:48:52.546  9622 10245 I EventLogService: Aggregate from 1341422332422 (log), 1341422332422 (data)
07-04 13:49:34.820   393   395 D dalvikvm: GC_CONCURRENT freed 456K, 63% free 10605K/28231K, paused 51ms+4ms
07-04 13:49:42.191   158   204 I power   : *** set_screen_state 0
07-04 13:49:42.246    79   123 D SurfaceFlinger: About to give-up screen, flinger = 0x1e7d918
07-04 13:49:42.418   491  1636 D NfcService: NFC-C OFF, disconnect
07-04 13:49:42.535   393   395 D dalvikvm: GC_CONCURRENT freed 532K, 63% free 10562K/28231K, paused 2ms+8ms
07-04 13:49:47.273   158   208 V TransportControlView: Create TCV com.android.internal.widget.TransportControlView@419070d0
07-04 13:49:47.316   393   393 D PhoneStatusBar: disable: < expand icons alerts ticker system_info back home RECENT* clock >
07-04 13:49:47.339   393   393 D PhoneStatusBar: disable: < expand icons alerts ticker system_info BACK* HOME* RECENT CLOCK* >
07-04 13:49:47.429   158   174 D dalvikvm: GC_EXPLICIT freed 766K, 24% free 15975K/20871K, paused 3ms+8ms
07-04 13:50:48.043 14139 14152 I PhoneLab-: Service Running
07-04 13:50:48.136 14139 14152 I PhoneLab-LoggerService: app_36    1325  1     1828   1388  c00f181c 400107b4 S logcat
07-04 13:50:48.136 14139 14152 I PhoneLab-LoggerService: Logcat pid from database 1325
07-04 13:50:48.136 14139 14152 I PhoneLab-LoggerService: Logcat process found 1325
07-04 13:50:48.136 14139 14152 I PhoneLab-LoggerService: Checking Threshold
07-04 13:52:48.043 14139 14152 I PhoneLab-: Service Running
07-04 13:52:48.109 14139 14152 I PhoneLab-LoggerService: app_36    1325  1     1828   1388  c00f181c 400107b4 S logcat
07-04 13:52:48.113 14139 14152 I PhoneLab-LoggerService: Logcat pid from database 1325
07-04 13:52:48.113 14139 14152 I PhoneLab-LoggerService: Logcat process found 1325
07-04 13:52:48.113 14139 14152 I PhoneLab-LoggerService: Checking Threshold
07-04 13:53:42.187  7745  7745 I wpa_supplicant: wlan0: CTRL-EVENT-DISCONNECTED bssid=98:fc:11:c3:3f:e6 reason=0
07-04 13:53:42.203    76   118 D CommandListener: Clearing all IP addresses on wlan0
07-04 13:53:42.261   158   318 D ConnectivityService: ConnectivityChange for WIFI: DISCONNECTED/DISCONNECTED
07-04 13:53:42.265   158   318 D ConnectivityService: Attempting to switch to mobile
07-04 13:53:42.320   158   318 D ConnectivityService: Attempting to switch to WIMAX
07-04 13:53:42.339   158   318 D ConnectivityService: Attempting to switch to BLUETOOTH_TETHER
07-04 13:53:42.347   158   318 E ConnectivityService: Exception trying to remove a route: java.lang.IllegalStateException: Unable to communicate with native dameon to add routes - com.android.server.NativeDaemonConnectorException: Cmd {interface route remove wlan0 default 192.168.1.1 32 0.0.0.0} failed with code 400 : {Failed to remove route from default table (No such process)}
07-04 13:53:42.351   158   318 E ConnectivityService: Exception trying to remove a route: java.lang.IllegalStateException: Unable to communicate with native dameon to add routes - com.android.server.NativeDaemonConnectorException: Cmd {interface route remove wlan0 default 0.0.0.0 0 192.168.1.1} failed with code 400 : {Failed to remove route from default table (No such process)}
07-04 13:53:42.351   158   318 D NetUtils: android_net_utils_resetConnections in env=0x25aa18 clazz=0x86a00001 iface=wlan0 mask=0x3
07-04 13:53:42.351   158   318 D ConnectivityService: resetConnections(wlan0, 3)
07-04 13:53:42.445  9622 12471 W Smack/Packet: notify conn break (IOEx), close connection
07-04 13:53:42.625  9622 12471 I qtaguid : Failed write_ctrl(u 72) res=-1 errno=22
07-04 13:53:42.625  9622 12471 I qtaguid : Untagging socket 72 failed errno=-22
07-04 13:53:42.629  9622 12471 W NetworkManagementSocketTagger: untagSocket(72) failed with errno -22
07-04 13:53:42.675   158   318 D ConnectivityService: handleInetConditionChange: no active default network - ignore
07-04 13:53:42.765  7745  7745 I wpa_supplicant: wlan0: Trying to associate with 98:fc:11:c3:3f:e6 (SSID='mj' freq=2437 MHz)
07-04 13:53:42.800  7745  7745 I wpa_supplicant: wlan0: Associated with 98:fc:11:c3:3f:e6
07-04 13:53:42.851  7745  7745 I wpa_supplicant: wlan0: WPA: Key negotiation completed with 98:fc:11:c3:3f:e6 [PTK=CCMP GTK=TKIP]
07-04 13:53:42.851  7745  7745 I wpa_supplicant: wlan0: CTRL-EVENT-CONNECTED - Connection to 98:fc:11:c3:3f:e6 completed (reauth) [id=1 id_str=]
07-04 13:53:42.964   393   395 D dalvikvm: GC_CONCURRENT freed 364K, 63% free 10614K/28231K, paused 2ms+3ms
07-04 13:53:43.031   393   395 D dalvikvm: GC_CONCURRENT freed 545K, 63% free 10548K/28231K, paused 1ms+4ms
07-04 13:53:43.168   393   395 D dalvikvm: GC_CONCURRENT freed 508K, 63% free 10453K/28231K, paused 2ms+8ms
07-04 13:53:45.429   158   321 D Tethering: MasterInitialState.processMessage what=3
07-04 13:53:45.515   158   477 I ActivityManager: Start proc com.google.android.gallery3d for broadcast com.google.android.gallery3d/com.google.android.picasasync.ConnectivityReceiver: pid=14957 uid=10016 gids={3003, 1015}
07-04 13:53:45.711 14957 14957 I ActivityThread: Pub com.google.android.gallery3d.GooglePhotoProvider: com.google.android.picasasync.PicasaContentProvider
07-04 13:53:45.839 14957 14960 D dalvikvm: GC_CONCURRENT freed 418K, 6% free 9118K/9607K, paused 4ms+4ms
07-04 13:53:45.882 14957 14957 I ActivityThread: Pub com.google.android.gallery3d.provider: com.android.gallery3d.provider.GalleryProvider
07-04 13:53:45.968 14957 14960 D dalvikvm: GC_CONCURRENT freed 392K, 5% free 9196K/9671K, paused 1ms+5ms
07-04 13:53:45.992 14957 14957 D UploadsManager: load newPhotoTracker: null
07-04 13:53:45.992 14957 14957 D UploadsManager: load all accounts: null
07-04 13:53:45.992 14957 14957 D UploadsManager: load all account-album pairs: null
07-04 13:53:45.996 14957 14957 V PicasaContentProvider: querySettings: defaults: {sync_on_wifi_only=1, auto_upload_account_type=null, sync_on_battery=1, sync_picasa_on_wifi_only=1, auto_upload_enabled=0, video_upload_wifi_only=1, sync_on_roaming=0, auto_upload_account_name=null}
07-04 13:53:46.004 14957 14957 D UploadsManager:    settings not changed
07-04 13:53:46.007 14957 14970 D PicasaSync: sync account database
07-04 13:53:46.011   158   481 I ActivityManager: No longer want com.android.sprintmenu (pid 14156): hidden #16
07-04 13:53:46.062   158   562 I ActivityManager: Start proc com.google.android.apps.uploader for broadcast com.google.android.apps.uploader/.ConnectivityBroadcastReceiver: pid=14972 uid=10029 gids={3003}
07-04 13:53:46.062   158   169 W ActivityManager: Scheduling restart of crashed service com.android.sprintmenu/.HiddenPhoneService in 5000ms
07-04 13:53:46.097 14972 14972 I dalvikvm: Turning on JNI app bug workarounds for target SDK version 11...
07-04 13:53:46.183 14972 14972 I ActivityThread: Pub com.google.android.apps.uploader: com.google.android.apps.uploader.UploadsContentProvider
07-04 13:53:46.183 14972 14972 I ActivityThread: Pub com.google.photos.provider.Album: com.google.android.apps.uploader.clients.picasa.AlbumProvider
07-04 13:53:46.191 14972 14972 D MediaUploader: UploaderApplication.onCreate
07-04 13:53:46.261 14972 14972 D MediaUploader: nonWifiLimit=20971520, default=20971520
07-04 13:53:46.273 14972 14972 I MediaUploader: No need to wake up
07-04 13:53:46.273 14139 14139 I PhoneLab-WiFiReceiver: Wi-Fi is disconnected!
07-04 13:53:46.332 14957 14970 D PicasaSync: accounts in DB=1
07-04 13:53:46.332 14957 14970 V PicasaContentProvider: querySettings: defaults: {sync_on_wifi_only=1, auto_upload_account_type=null, sync_on_battery=1, sync_picasa_on_wifi_only=1, auto_upload_enabled=0, video_upload_wifi_only=1, sync_on_roaming=0, auto_upload_account_name=null}
07-04 13:53:46.332 14957 14970 D PicasaSyncManager: active network: null
07-04 13:53:46.332 14957 14970 D PicasaSyncManager: background data: true
07-04 13:53:46.371   158   170 I ActivityManager: No longer want com.android.chrome (pid 14376): hidden #16
07-04 13:53:46.418 14957 14970 D PicasaSyncManager: battery info: true
07-04 13:53:50.601   158   318 D ConnectivityService: ConnectivityChange for mobile: CONNECTED/CONNECTED
07-04 13:53:50.660   158   312 W NetworkStats: dropping UID delta from unknown iface: iface=wlan0 uid=0 set=DEFAULT tag=0x0 rxBytes=0 rxPackets=0 txBytes=328 txPackets=5 operations=0
07-04 13:53:50.679   158   313 D NetworkPolicy: applying policy NetworkPolicy[NetworkTemplate: matchRule=MOBILE_ALL, subscriberId=valid]: cycleDay=3, warningBytes=2147483648, limitBytes=-1, lastSnooze=-1 to ifaces [rmnet0]
07-04 13:53:50.961   158   161 D dalvikvm: GC_CONCURRENT freed 2161K, 27% free 15429K/20871K, paused 24ms+6ms
07-04 13:53:51.082   158   175 I ActivityManager: Start proc com.android.sprintmenu for service com.android.sprintmenu/.HiddenPhoneService: pid=14989 uid=1001 gids={3002, 3001, 3003, 1015}
07-04 13:53:51.601   158   318 D ConnectivityService: NetTransition Wakelock for WifiStateMachine released by timeout
07-04 13:53:53.671   158   321 D Tethering: MasterInitialState.processMessage what=3
07-04 13:53:53.734  9622  9622 I GTalkService/c: [AndroidEndpoint@1093929776] connect: acct=1000000, state=CONNECTING
07-04 13:53:53.738  9622  9622 I GTalkService/c: [GTalkConnection@1094956680] connect: acct=1, state=CONNECTING
07-04 13:53:53.765 14957 14970 D PicasaSyncManager: active network: NetworkInfo: type: mobile[CDMA - EvDo rev. A], state: CONNECTED/CONNECTED, reason: (unspecified), extra: , roaming: false, failover: true, isAvailable: true
07-04 13:53:53.781 14972 14972 I MediaUploader: No need to wake up
07-04 13:53:53.824 14957 14970 D PicasaSyncManager: background data: true
07-04 13:53:53.894  9622  9624 D dalvikvm: GC_CONCURRENT freed 429K, 6% free 10125K/10759K, paused 3ms+3ms
07-04 13:53:55.277 13929 13944 D dalvikvm: GC_EXPLICIT freed 168K, 6% free 9614K/10183K, paused 2ms+12ms
07-04 13:53:58.800   158   318 D ConnectivityService: handleInetConditionHoldEnd: net=0, condition=100, published condition=0
07-04 13:53:59.293   158   175 I ActivityManager: Start proc com.google.android.talk for broadcast com.google.android.talk/.ConnectionStateOnlineReceiver: pid=15013 uid=10044 gids={3003, 1015, 1006, 3002}
07-04 13:53:59.461 15013 15013 I ActivityThread: Pub com.google.android.talk.SuggestionProvider: com.google.android.talk.SuggestionsProvider
07-04 13:53:59.586 15013 15013 D vclib:CallStateClient: startListening
07-04 13:53:59.683 15013 15016 D dalvikvm: GC_CONCURRENT freed 176K, 3% free 9360K/9607K, paused 10ms+53ms
07-04 13:53:59.820   158   578 I ActivityManager: No longer want com.google.android.apps.maps (pid 14106): hidden #16
07-04 13:53:59.828   158  5941 W ActivityManager: Scheduling restart of crashed service com.google.android.apps.maps/com.google.googlenav.prefetch.android.PrefetcherService in 5000ms
07-04 13:54:01.472  9622  9624 D dalvikvm: GC_CONCURRENT freed 360K, 6% free 10185K/10759K, paused 4ms+4ms
07-04 13:54:04.882   158   175 I ActivityManager: Start proc com.google.android.apps.maps for service com.google.android.apps.maps/com.google.googlenav.prefetch.android.PrefetcherService: pid=15036 uid=10054 gids={3003, 1015}
07-04 13:54:05.035 15036 15038 D dalvikvm: GC_CONCURRENT freed 159K, 3% free 9377K/9607K, paused 2ms+2ms
07-04 13:54:05.125 15036 15036 I ActivityThread: Pub com.google.android.maps.LayerInfoProvider: com.google.googlenav.layer.LayerInfoProvider
07-04 13:54:05.148 15036 15036 I ActivityThread: Pub com.google.android.maps.TrafficAppWidgetProvider: com.google.googlenav.appwidget.traffic.TrafficAppWidgetProvider
07-04 13:54:05.156 15036 15036 I ActivityThread: Pub com.google.android.maps.LocalActivePlacesProvider: com.google.googlenav.provider.LocalActivePlacesProvider
07-04 13:54:05.160 15036 15036 I ActivityThread: Pub com.google.android.maps.StarredItemProvider: com.google.googlenav.provider.StarredItemProvider
07-04 13:54:05.304 15036 15038 D dalvikvm: GC_CONCURRENT freed 167K, 3% free 9676K/9927K, paused 3ms+4ms
07-04 13:54:05.390 15036 15036 I ActivityThread: Pub com.google.android.maps.LocalSuggestionProvider: com.google.googlenav.provider.LocalSuggestionProvider
07-04 13:54:05.390 15036 15036 I ActivityThread: Pub com.google.android.maps.SearchHistoryProvider: com.google.googlenav.provider.SearchHistoryProvider
07-04 13:54:05.390 15036 15036 I ActivityThread: Pub com.google.android.maps.NavigationAvailabilityProvider: com.google.googlenav.provider.NavigationAvailabilityProvider
07-04 13:54:05.394 15036 15036 I ActivityThread: Pub com.google.android.maps.SuggestionProvider: com.google.googlenav.suggest.android.SuggestContentProvider
07-04 13:54:05.519 15036 15038 D dalvikvm: GC_CONCURRENT freed 230K, 3% free 9946K/10247K, paused 6ms+3ms
07-04 13:54:05.539 15036 15052 D dalvikvm: GC_FOR_ALLOC freed 14K, 4% free 10132K/10503K, paused 21ms
07-04 13:54:05.671 15036 15038 D dalvikvm: GC_CONCURRENT freed 151K, 3% free 10486K/10759K, paused 2ms+3ms
07-04 13:54:05.707 15036 15062 D dalvikvm: GC_FOR_ALLOC freed 51K, 4% free 10679K/11015K, paused 23ms
07-04 13:54:13.296   158 14949 E DhcpStateMachine: DHCP failed on wlan0: Timed out waiting for DHCP to finish
07-04 13:54:13.515   158   315 E WifiStateMachine: IP configuration failed
07-04 13:54:13.589  7745  7745 I wpa_supplicant: wlan0: CTRL-EVENT-DISCONNECTED bssid=00:00:00:00:00:00 reason=0
07-04 13:54:13.597    76   118 D CommandListener: Clearing all IP addresses on wlan0
07-04 13:54:13.609   158   318 D ConnectivityService: ConnectivityChange for WIFI: DISCONNECTED/DISCONNECTED
07-04 13:54:13.609   158   318 D ConnectivityService: Attempting to switch to mobile
07-04 13:54:13.609   158   318 D ConnectivityService: Attempting to switch to WIMAX
07-04 13:54:13.609   158   318 D ConnectivityService: Attempting to switch to BLUETOOTH_TETHER
07-04 13:54:13.629   158   312 W NetworkStats: dropping UID delta from unknown iface: iface=wlan0 uid=0 set=DEFAULT tag=0x0 rxBytes=1072 rxPackets=6 txBytes=56 txPackets=1 operations=0
07-04 13:54:13.652   158   313 D NetworkPolicy: applying policy NetworkPolicy[NetworkTemplate: matchRule=MOBILE_ALL, subscriberId=valid]: cycleDay=3, warningBytes=2147483648, limitBytes=-1, lastSnooze=-1 to ifaces [rmnet0]
07-04 13:54:13.660   158   313 D NetworkPolicy: applying policy NetworkPolicy[NetworkTemplate: matchRule=MOBILE_ALL, subscriberId=valid]: cycleDay=3, warningBytes=2147483648, limitBytes=-1, lastSnooze=-1 to ifaces [rmnet0]
07-04 13:54:14.125  7745  7745 I wpa_supplicant: wlan0: Trying to associate with 98:fc:11:c3:3f:e6 (SSID='mj' freq=2437 MHz)
07-04 13:54:14.191  7745  7745 I wpa_supplicant: wlan0: Associated with 98:fc:11:c3:3f:e6
07-04 13:54:14.238  7745  7745 I wpa_supplicant: wlan0: WPA: Key negotiation completed with 98:fc:11:c3:3f:e6 [PTK=CCMP GTK=TKIP]
07-04 13:54:14.238  7745  7745 I wpa_supplicant: wlan0: CTRL-EVENT-CONNECTED - Connection to 98:fc:11:c3:3f:e6 completed (reauth) [id=1 id_str=]
07-04 13:54:16.175   158   318 D ConnectivityService: ConnectivityChange for WIFI: CONNECTED/CONNECTED
07-04 13:54:16.175   158   318 D ConnectivityService: Policy requires mobile teardown
07-04 13:54:16.207 14139 14139 I PhoneLab-WiFiReceiver: Wi-Fi is connected!
07-04 13:54:16.218 14139 14139 I PhoneLab-WiFiReceiver: SSID: mj BSSID: 98:fc:11:c3:3f:e6 RSSI: -200 LinkSpeed: -1
07-04 13:54:16.218 14139 14139 I PhoneLab-Locks: wake lock acquired
07-04 13:54:16.230 14139 14139 I PhoneLab-UploadLogs: Transfering log files now
07-04 13:54:16.234 14139 14139 I PhoneLab-UploadLogs: No log files to transfer
07-04 13:54:16.234 14139 14139 I PhoneLab-Locks: wake lock released
07-04 13:54:16.238 14139 14139 I PhoneLab-UploadLogs: OnStartCommand
07-04 13:54:16.261   158   318 D ConnectivityService: ConnectivityChange for mobile: DISCONNECTED/DISCONNECTED
07-04 13:54:16.269   158   318 D ConnectivityService: Attempting to switch to WIFI
07-04 13:54:16.269   158   318 D ConnectivityService: Attempting to switch to WIMAX
07-04 13:54:16.273   158   318 D ConnectivityService: Attempting to switch to BLUETOOTH_TETHER
07-04 13:54:16.277   158   318 D NetUtils: android_net_utils_resetConnections in env=0x25aa18 clazz=0xb0800001 iface=rmnet0 mask=0x3
07-04 13:54:16.277   158   318 D ConnectivityService: resetConnections(rmnet0, 3)
07-04 13:54:16.293   158   312 W NetworkStats: dropping UID delta from unknown iface: iface=wlan0 uid=0 set=DEFAULT tag=0x0 rxBytes=328 rxPackets=1 txBytes=196 txPackets=3 operations=0
07-04 13:54:16.433   158   161 D dalvikvm: GC_CONCURRENT freed 1566K, 26% free 15468K/20871K, paused 3ms+7ms
07-04 13:54:16.523  9622 15010 W Smack/Packet: notify conn break (IOEx), close connection
07-04 13:54:16.679   158   321 D Tethering: MasterInitialState.processMessage what=3
07-04 13:54:16.695   158   321 D Tethering: MasterInitialState.processMessage what=3
07-04 13:54:16.726 14957 14970 D PicasaSyncManager: active network: NetworkInfo: type: WIFI[], state: CONNECTED/CONNECTED, reason: (unspecified), extra: (none), roaming: false, failover: false, isAvailable: true
07-04 13:54:16.726 14957 14970 D PicasaSyncManager: background data: true
07-04 13:54:16.734  9622 15010 I qtaguid : Failed write_ctrl(u 72) res=-1 errno=22
07-04 13:54:16.734  9622  9622 I GTalkService/c: [AndroidEndpoint@1093929776] connect: acct=1000000, state=CONNECTING
07-04 13:54:16.738  9622  9622 I GTalkService/c: [GTalkConnection@1094956680] connect: acct=1, state=CONNECTING
07-04 13:54:16.742  9622 15010 I qtaguid : Untagging socket 72 failed errno=-22
07-04 13:54:16.746  9622 15010 W NetworkManagementSocketTagger: untagSocket(72) failed with errno -22
07-04 13:54:16.828   158   509 D dalvikvm: GC_EXPLICIT freed 385K, 27% free 15355K/20871K, paused 2ms+5ms
07-04 13:54:16.859 14972 14972 I MediaUploader: No need to wake up
07-04 13:54:16.863 14139 14139 I PhoneLab-WiFiReceiver: Wi-Fi is disconnected!
07-04 13:54:16.925 14972 14972 I MediaUploader: No need to wake up
07-04 13:54:16.996 14957 14970 D PicasaSyncManager: active network: NetworkInfo: type: WIFI[], state: CONNECTED/CONNECTED, reason: (unspecified), extra: (none), roaming: false, failover: false, isAvailable: true
07-04 13:54:16.996 14957 14970 D PicasaSyncManager: background data: true
07-04 13:54:19.281   158   321 D Tethering: MasterInitialState.processMessage what=3
07-04 13:54:19.371   158   321 D Tethering: MasterInitialState.processMessage what=3
07-04 13:54:19.375   158   321 D Tethering: MasterInitialState.processMessage what=3
07-04 13:54:19.402 14972 14972 I MediaUploader: No need to wake up
07-04 13:54:19.476 14972 14972 I MediaUploader: No need to wake up
07-04 13:54:19.543 14957 14970 D PicasaSyncManager: active network: NetworkInfo: type: WIFI[], state: CONNECTED/CONNECTED, reason: (unspecified), extra: (none), roaming: false, failover: false, isAvailable: true
07-04 13:54:19.543 14957 14970 D PicasaSyncManager: background data: true
07-04 13:54:19.566 14957 14970 D PicasaSyncManager: active network: NetworkInfo: type: WIFI[], state: CONNECTED/CONNECTED, reason: (unspecified), extra: (none), roaming: false, failover: false, isAvailable: true
07-04 13:54:19.570 14957 14970 D PicasaSyncManager: background data: true
07-04 13:54:19.574 14972 14972 I MediaUploader: No need to wake up
07-04 13:54:19.722   158   318 D ConnectivityService: handleInetConditionHoldEnd: net=1, condition=0, published condition=0
07-04 13:54:27.535  9622  9624 D dalvikvm: GC_CONCURRENT freed 479K, 6% free 10163K/10759K, paused 4ms+3ms
07-04 13:54:28.714 13929 13930 D dalvikvm: GC_CONCURRENT freed 487K, 6% free 9608K/10183K, paused 3ms+4ms
07-04 13:54:28.839   158   318 D ConnectivityService: handleInetConditionHoldEnd: net=1, condition=100, published condition=0
07-04 13:54:33.257   158   576 D AlarmManagerService: Kernel timezone updated to 240 minutes west of GMT
07-04 13:54:33.257   475   475 D SystemClock: Setting time of day to sec=1341424473
07-04 13:54:33.160   158   175 I ActivityManager: Start proc com.android.calendar for broadcast com.android.calendar/.widget.CalendarAppWidgetService$CalendarFactory: pid=15105 uid=10005 gids={3003}
07-04 13:54:33.250 15105 15105 I ActivityThread: Pub com.android.calendar.CalendarRecentSuggestionsProvider: com.android.calendar.CalendarRecentSuggestionsProvider
07-04 13:54:33.351   158   158 I ActivityManager: Start proc com.android.deskclock for broadcast com.android.deskclock/.AlarmInitReceiver: pid=15121 uid=10011 gids={}
07-04 13:54:33.351   158   158 I ActivityManager: No longer want com.facebook.orca (pid 14843): hidden #16
07-04 13:54:33.379   158   170 I ActivityManager: Start proc com.android.providers.calendar for content provider com.android.providers.calendar/.CalendarProvider2: pid=15133 uid=10006 gids={3003, 1015}
07-04 13:54:33.410   158   169 I ActivityManager: No longer want com.google.android.apps.maps:FriendService (pid 14889): hidden #16
07-04 13:54:33.421 15121 15121 I ActivityThread: Pub com.android.deskclock: com.android.deskclock.AlarmProvider
07-04 13:54:33.476 15133 15133 I ActivityThread: Pub com.android.calendar: com.android.providers.calendar.CalendarProvider2
07-04 13:54:33.496 15121 15147 V AlarmClock: AlarmInitReceiver finished
07-04 13:54:33.500   158   508 I ActivityManager: No longer want com.google.android.apps.maps:LocationFriendService (pid 14172): hidden #16
07-04 13:54:33.652 14078 14082 D dalvikvm: GC_CONCURRENT freed 1048K, 32% free 12445K/18247K, paused 8ms+5ms
07-04 13:54:33.816   158  5989 W ActivityManager: Scheduling restart of crashed service com.google.android.apps.maps/com.google.googlenav.appwidget.friends.FriendsAppWidgetUpdateService in 5000ms
07-04 13:54:34.004   158   161 D dalvikvm: GC_CONCURRENT freed 1443K, 27% free 15435K/20871K, paused 2ms+7ms
07-04 13:54:34.933 15133 15133 I CalendarProvider2: Sending notification intent: Intent { act=android.intent.action.PROVIDER_CHANGED dat=content://com.android.calendar }
07-04 13:54:34.933 15133 15133 W ContentResolver: Failed to get type for: content://com.android.calendar (Unknown URL content://com.android.calendar)
07-04 13:54:35.007 14358 14359 D dalvikvm: GC_CONCURRENT freed 435K, 6% free 9512K/10055K, paused 2ms+8ms
07-04 13:54:35.023 13929 13944 D dalvikvm: GC_EXPLICIT freed 347K, 6% free 9611K/10183K, paused 2ms+9ms
07-04 13:54:38.875   158   175 I ActivityManager: Start proc com.google.android.apps.maps:LocationFriendService for service com.google.android.apps.maps/com.google.googlenav.appwidget.friends.FriendsAppWidgetUpdateService: pid=15156 uid=10054 gids={3003, 1015}
07-04 13:54:38.988 15156 15158 D dalvikvm: GC_CONCURRENT freed 171K, 3% free 9365K/9607K, paused 4ms+2ms
07-04 13:54:39.148 15156 15158 D dalvikvm: GC_CONCURRENT freed 191K, 4% free 9680K/9991K, paused 2ms+4ms
07-04 13:54:44.093 14190 14192 D dalvikvm: GC_CONCURRENT freed 497K, 7% free 9318K/9927K, paused 20ms+2ms
07-04 13:54:44.687 14190 14205 V GoogleLoginService: Returning error intent with: ComponentInfo{com.google.android.gsf.login/com.google.android.gsf.login.LoginActivity}
07-04 13:54:45.082 14190 14205 V GoogleLoginService: Returning error intent with: ComponentInfo{com.google.android.gsf.login/com.google.android.gsf.login.LoginActivity}
07-04 13:54:45.363 14190 14201 V GoogleLoginService: Returning error intent with: ComponentInfo{com.google.android.gsf.login/com.google.android.gsf.login.LoginActivity}
07-04 13:54:48.043 14139 14152 I PhoneLab-: Service Running
07-04 13:54:48.129 14139 14141 D dalvikvm: GC_CONCURRENT freed 404K, 15% free 9148K/10695K, paused 5ms+6ms
07-04 13:54:48.132 14139 14152 I PhoneLab-LoggerService: app_36    1325  1     1828   1384  c00f181c 400107b4 S logcat
07-04 13:54:48.132 14139 14152 I PhoneLab-LoggerService: Logcat pid from database 1325
07-04 13:54:48.132 14139 14152 I PhoneLab-LoggerService: Logcat process found 1325
07-04 13:54:48.132 14139 14152 I PhoneLab-LoggerService: Checking Threshold
07-04 13:54:53.242    87   767 E GPSD    : ril_gps_wait_for_ril: Response already received.
07-04 13:54:54.195   393   395 D dalvikvm: GC_CONCURRENT freed 345K, 63% free 10586K/28231K, paused 2ms+3ms
07-04 13:54:54.300   393   395 D dalvikvm: GC_CONCURRENT freed 548K, 63% free 10462K/28231K, paused 1ms+5ms
07-04 13:55:46.261  7745  7745 I wpa_supplicant: wlan0: CTRL-EVENT-DISCONNECTED bssid=98:fc:11:c3:3f:e6 reason=0
07-04 13:55:46.281    76   118 D CommandListener: Clearing all IP addresses on wlan0
07-04 13:55:46.316   158   318 D ConnectivityService: ConnectivityChange for WIFI: DISCONNECTED/DISCONNECTED
07-04 13:55:46.324   158   318 D ConnectivityService: Attempting to switch to mobile
07-04 13:55:46.324   158   318 D ConnectivityService: Attempting to switch to WIMAX
07-04 13:55:46.324   158   318 D ConnectivityService: Attempting to switch to BLUETOOTH_TETHER
07-04 13:55:46.351   158   318 E ConnectivityService: Exception trying to remove a route: java.lang.IllegalStateException: Unable to communicate with native dameon to add routes - com.android.server.NativeDaemonConnectorException: Cmd {interface route remove wlan0 default 192.168.1.1 32 0.0.0.0} failed with code 400 : {Failed to remove route from default table (No such process)}
07-04 13:55:46.351   158   318 E ConnectivityService: Exception trying to remove a route: java.lang.IllegalStateException: Unable to communicate with native dameon to add routes - com.android.server.NativeDaemonConnectorException: Cmd {interface route remove wlan0 default 0.0.0.0 0 192.168.1.1} failed with code 400 : {Failed to remove route from default table (No such process)}
07-04 13:55:46.355   158   318 D NetUtils: android_net_utils_resetConnections in env=0x25aa18 clazz=0xc3a00001 iface=wlan0 mask=0x3
07-04 13:55:46.355   158   318 D ConnectivityService: resetConnections(wlan0, 3)
07-04 13:55:46.441  9622 15101 W Smack/Packet: notify conn break (IOEx), close connection
07-04 13:55:46.605  9622 15101 I qtaguid : Failed write_ctrl(u 72) res=-1 errno=22
07-04 13:55:46.605  9622 15101 I qtaguid : Untagging socket 72 failed errno=-22
07-04 13:55:46.605  9622 15101 W NetworkManagementSocketTagger: untagSocket(72) failed with errno -22
07-04 13:55:46.629   158   318 D ConnectivityService: handleInetConditionChange: no active default network - ignore
07-04 13:55:46.851  7745  7745 I wpa_supplicant: wlan0: Trying to associate with 98:fc:11:c3:3f:e6 (SSID='mj' freq=2437 MHz)
07-04 13:55:46.886  7745  7745 I wpa_supplicant: wlan0: Associated with 98:fc:11:c3:3f:e6
07-04 13:55:46.918 14868 14871 D dalvikvm: GC_CONCURRENT freed 501K, 8% free 10235K/11015K, paused 1ms+2ms
07-04 13:55:46.933  7745  7745 I wpa_supplicant: wlan0: WPA: Key negotiation completed with 98:fc:11:c3:3f:e6 [PTK=CCMP GTK=TKIP]
07-04 13:55:46.933  7745  7745 I wpa_supplicant: wlan0: CTRL-EVENT-CONNECTED - Connection to 98:fc:11:c3:3f:e6 completed (reauth) [id=1 id_str=]
07-04 13:55:48.523   158   318 D ConnectivityService: ConnectivityChange for WIFI: CONNECTED/CONNECTED
07-04 13:55:48.543 14139 14139 I PhoneLab-WiFiReceiver: Wi-Fi is connected!
07-04 13:55:48.546 14139 14139 I PhoneLab-WiFiReceiver: SSID: mj BSSID: 98:fc:11:c3:3f:e6 RSSI: -200 LinkSpeed: -1
07-04 13:55:48.550 14139 14139 I PhoneLab-Locks: wake lock acquired
07-04 13:55:48.558 14139 14139 I PhoneLab-UploadLogs: Transfering log files now
07-04 13:55:48.558 14139 14139 I PhoneLab-UploadLogs: No log files to transfer
07-04 13:55:48.558 14139 14139 I PhoneLab-Locks: wake lock released
07-04 13:55:48.562 14139 14139 I PhoneLab-UploadLogs: OnStartCommand
07-04 13:55:48.582   158   312 W NetworkStats: dropping UID delta from unknown iface: iface=wlan0 uid=0 set=DEFAULT tag=0x0 rxBytes=328 rxPackets=1 txBytes=140 txPackets=2 operations=0
07-04 13:55:49.402   158   321 D Tethering: MasterInitialState.processMessage what=3
07-04 13:55:49.468  9622  9622 I GTalkService/c: [AndroidEndpoint@1093929776] connect: acct=1000000, state=CONNECTING
07-04 13:55:49.472  9622  9622 I GTalkService/c: [GTalkConnection@1094956680] connect: acct=1, state=CONNECTING
07-04 13:55:49.484 14957 14970 D PicasaSyncManager: active network: NetworkInfo: type: WIFI[], state: CONNECTED/CONNECTED, reason: (unspecified), extra: (none), roaming: false, failover: false, isAvailable: true
07-04 13:55:49.484 14957 14970 D PicasaSyncManager: background data: true
07-04 13:55:49.582   158  5941 D dalvikvm: GC_EXPLICIT freed 1008K, 26% free 15446K/20871K, paused 2ms+8ms
07-04 13:55:49.582   158   318 D ConnectivityService: NetTransition Wakelock for WifiStateMachine released by timeout
07-04 13:55:49.609 14972 14972 I MediaUploader: No need to wake up
07-04 13:55:49.613 14139 14139 I PhoneLab-WiFiReceiver: Wi-Fi is disconnected!
07-04 13:55:49.675  9622  9624 D dalvikvm: GC_CONCURRENT freed 436K, 6% free 10144K/10759K, paused 4ms+3ms
07-04 13:55:51.593   158   321 D Tethering: MasterInitialState.processMessage what=3
07-04 13:55:51.668 14957 14970 D PicasaSyncManager: active network: NetworkInfo: type: WIFI[], state: CONNECTED/CONNECTED, reason: (unspecified), extra: (none), roaming: false, failover: false, isAvailable: true
07-04 13:55:51.695 14957 14970 D PicasaSyncManager: background data: true
07-04 13:55:51.703 14972 14972 I MediaUploader: No need to wake up
07-04 13:55:53.086 13929 13944 D dalvikvm: GC_EXPLICIT freed 201K, 6% free 9610K/10183K, paused 2ms+3ms
07-04 13:55:54.023   158   318 D ConnectivityService: ConnectivityChange for mobile: CONNECTED/CONNECTED
07-04 13:55:54.054   158   318 D NetUtils: android_net_utils_resetConnections in env=0x25aa18 clazz=0xd8200001 iface=rmnet0 mask=0x3
07-04 13:55:54.054   158   318 D ConnectivityService: ConnectivityChange for mobile: DISCONNECTED/DISCONNECTED
07-04 13:55:54.054   158   318 D ConnectivityService: Attempting to switch to WIFI
07-04 13:55:54.054   158   318 D ConnectivityService: Attempting to switch to WIMAX
07-04 13:55:54.054   158   318 D ConnectivityService: Attempting to switch to BLUETOOTH_TETHER
07-04 13:55:54.054   158   318 D ConnectivityService: resetConnections(rmnet0, 3)
07-04 13:55:54.445   158   318 D ConnectivityService: handleInetConditionHoldEnd: net=1, condition=100, published condition=0
07-04 13:55:55.086   158   601 D AlarmManagerService: Kernel timezone updated to 240 minutes west of GMT
07-04 13:55:56.757 14078 14708 D dalvikvm: GC_EXPLICIT freed 247K, 32% free 12424K/18247K, paused 14ms+5ms
07-04 13:55:57.027  9622  9719 D dalvikvm: GC_EXPLICIT freed 318K, 6% free 10177K/10759K, paused 17ms+3ms
07-04 13:55:57.101   158   321 D Tethering: MasterInitialState.processMessage what=3
07-04 13:55:57.171   158   321 D Tethering: MasterInitialState.processMessage what=3
07-04 13:55:57.226 14972 14972 I MediaUploader: No need to wake up
07-04 13:55:57.238 14957 14970 D PicasaSyncManager: active network: NetworkInfo: type: WIFI[], state: CONNECTED/CONNECTED, reason: (unspecified), extra: (none), roaming: false, failover: false, isAvailable: true
07-04 13:55:57.238 14957 14970 D PicasaSyncManager: background data: true
07-04 13:55:57.343 14972 14972 I MediaUploader: No need to wake up
07-04 13:55:57.355 14957 14970 D PicasaSyncManager: active network: NetworkInfo: type: WIFI[], state: CONNECTED/CONNECTED, reason: (unspecified), extra: (none), roaming: false, failover: false, isAvailable: true
07-04 13:55:57.359 14957 14970 D PicasaSyncManager: background data: true
07-04 13:55:57.468   475  1038 D dalvikvm: GC_EXPLICIT freed 769K, 11% free 12178K/13639K, paused 96ms+5ms
07-04 13:55:57.691   158   318 D ConnectivityService: handleInetConditionHoldEnd: net=1, condition=100, published condition=100
07-04 13:56:48.043 14139 14152 I PhoneLab-: Service Running
07-04 13:56:48.109 14139 14152 I PhoneLab-LoggerService: app_36    1325  1     1828   1384  c00f181c 400107b4 S logcat
07-04 13:56:48.109 14139 14152 I PhoneLab-LoggerService: Logcat pid from database 1325
07-04 13:56:48.109 14139 14152 I PhoneLab-LoggerService: Logcat process found 1325
07-04 13:56:48.109 14139 14152 I PhoneLab-LoggerService: Checking Threshold
07-04 13:58:48.043 14139 14152 I PhoneLab-: Service Running
07-04 13:58:48.113 14139 14152 I PhoneLab-LoggerService: app_36    1325  1     1828   1384  c00f181c 400107b4 S logcat
07-04 13:58:48.113 14139 14152 I PhoneLab-LoggerService: Logcat pid from database 1325
07-04 13:58:48.113 14139 14152 I PhoneLab-LoggerService: Logcat process found 1325
07-04 13:58:48.113 14139 14152 I PhoneLab-LoggerService: Checking Threshold
07-04 14:00:48.043 14139 14152 I PhoneLab-: Service Running
07-04 14:00:48.121 14139 14152 I PhoneLab-LoggerService: app_36    1325  1     1828   1384  c00f181c 400107b4 S logcat
07-04 14:00:48.121 14139 14152 I PhoneLab-LoggerService: Logcat pid from database 1325
07-04 14:00:48.121 14139 14152 I PhoneLab-LoggerService: Logcat process found 1325
07-04 14:00:48.121 14139 14152 I PhoneLab-LoggerService: Checking Threshold
07-04 14:01:00.199   158   161 D dalvikvm: JIT code cache reset in 4 ms (1048560 bytes 15/0)
07-04 14:01:00.211   158   161 D dalvikvm: GC_CONCURRENT freed 1517K, 27% free 15443K/20871K, paused 29ms+11ms
07-04 14:02:11.961   158   175 I ActivityManager: Start proc com.facebook.orca for broadcast com.facebook.orca/.analytics.HoneyAnalyticsPeriodicReporter$ReporterBroadcastReceiver: pid=15216 uid=10057 gids={3003, 1015, 1006}
07-04 14:02:11.976 15216 15216 I dalvikvm: Turning on JNI app bug workarounds for target SDK version 10...
07-04 14:02:12.132 15216 15216 I ActivityThread: Pub com.facebook.orca.notify.MessengerForegroundProvider: com.facebook.orca.notify.MessengerForegroundProvider
07-04 14:02:12.156 15216 15216 I ActivityThread: Pub com.facebook.orca.notify.MessengerLoggedInUserProvider: com.facebook.orca.notify.MessengerLoggedInUserProvider
07-04 14:02:12.171 15216 15216 V orca:OrcaApplication: Forcing initialization of AsyncTask
07-04 14:02:12.339 15216 15218 D dalvikvm: GC_CONCURRENT freed 229K, 4% free 9307K/9607K, paused 7ms+2ms
07-04 14:02:12.351 15216 15216 I Finalizer: Couldn't access Thread.inheritableThreadLocals. Reference finalizer threads will inherit thread local values.
07-04 14:02:12.472 15216 15218 D dalvikvm: GC_CONCURRENT freed 357K, 5% free 9455K/9927K, paused 1ms+3ms
07-04 14:02:12.558 15216 15216 W OrcaGuiceModule: Sig: ijxLJi1yGs1JpL-X1SExmchvork
07-04 14:02:12.636 15216 15218 D dalvikvm: GC_CONCURRENT freed 331K, 5% free 9653K/10055K, paused 2ms+3ms
07-04 14:02:12.898 15216 15231 W Resources: Converting to string: TypedValue{t=0x10/d=0xffffffff a=-1}
07-04 14:02:13.007 15216 15218 D dalvikvm: GC_CONCURRENT freed 330K, 4% free 9845K/10247K, paused 4ms+3ms
07-04 14:02:13.097 15216 15216 D ACRA    : Retrieve application default SharedPreferences.
07-04 14:02:13.101 15216 15216 D ACRA    : Set OnSharedPreferenceChangeListener.
07-04 14:02:13.105 15216 15216 D ACRA    : ACRA is enabled for com.facebook.orca, intializing...
07-04 14:02:13.152 15216 15216 D ACRA    : Looking for error files in /data/data/com.facebook.orca/app_acra-reports
07-04 14:02:13.175   158   481 I ActivityManager: No longer want com.google.android.inputmethod.latin.dictionarypack (pid 14459): hidden #16
07-04 14:02:13.449 15216 15218 D dalvikvm: GC_CONCURRENT freed 293K, 4% free 10078K/10439K, paused 4ms+17ms
07-04 14:02:13.480 15216 15231 D dalvikvm: GC_FOR_ALLOC freed 102K, 5% free 10163K/10631K, paused 17ms
07-04 14:02:13.535 15216 15231 D dalvikvm: GC_FOR_ALLOC freed 234K, 6% free 10192K/10759K, paused 18ms
07-04 14:02:13.593 15216 15231 D dalvikvm: GC_FOR_ALLOC freed 84K, 5% free 10262K/10759K, paused 27ms
07-04 14:02:13.629 15216 15231 D dalvikvm: GC_FOR_ALLOC freed 192K, 6% free 10283K/10887K, paused 21ms
07-04 14:02:13.773 15216 15218 D dalvikvm: GC_CONCURRENT freed 362K, 5% free 10433K/10887K, paused 5ms+3ms
07-04 14:02:13.925 15216 15218 D dalvikvm: GC_CONCURRENT freed 180K, 3% free 10828K/11079K, paused 3ms+3ms
07-04 14:02:14.054 15216 15218 D dalvikvm: GC_CONCURRENT freed 322K, 4% free 11134K/11527K, paused 1ms+3ms
07-04 14:02:15.222 15216 15218 D dalvikvm: GC_CONCURRENT freed 585K, 6% free 11229K/11911K, paused 1ms+3ms
07-04 14:02:48.043 14139 14152 I PhoneLab-: Service Running
07-04 14:02:48.125 14139 14152 I PhoneLab-LoggerService: app_36    1325  1     1828   1384  c00f181c 400107b4 S logcat
07-04 14:02:48.125 14139 14152 I PhoneLab-LoggerService: Logcat pid from database 1325
07-04 14:02:48.125 14139 14152 I PhoneLab-LoggerService: Logcat process found 1325
07-04 14:02:48.125 14139 14152 I PhoneLab-LoggerService: Checking Threshold
07-04 14:04:48.043 14139 14152 I PhoneLab-: Service Running
07-04 14:04:48.109 14139 14152 I PhoneLab-LoggerService: app_36    1325  1     1828   1384  c00f181c 400107b4 S logcat
07-04 14:04:48.109 14139 14152 I PhoneLab-LoggerService: Logcat pid from database 1325
07-04 14:04:48.113 14139 14152 I PhoneLab-LoggerService: Logcat process found 1325
07-04 14:04:48.113 14139 14152 I PhoneLab-LoggerService: Checking Threshold
07-04 14:06:13.054  7745  7745 I wpa_supplicant: wlan0: CTRL-EVENT-DISCONNECTED bssid=98:fc:11:c3:3f:e6 reason=0
07-04 14:06:13.086    76   118 D CommandListener: Clearing all IP addresses on wlan0
07-04 14:06:13.117   158   318 D ConnectivityService: ConnectivityChange for WIFI: DISCONNECTED/DISCONNECTED
07-04 14:06:13.125   158   318 D ConnectivityService: Attempting to switch to mobile
07-04 14:06:13.125   158   318 D ConnectivityService: Attempting to switch to WIMAX
07-04 14:06:13.125   158   318 D ConnectivityService: Attempting to switch to BLUETOOTH_TETHER
07-04 14:06:13.136   158   318 E ConnectivityService: Exception trying to remove a route: java.lang.IllegalStateException: Unable to communicate with native dameon to add routes - com.android.server.NativeDaemonConnectorException: Cmd {interface route remove wlan0 default 192.168.1.1 32 0.0.0.0} failed with code 400 : {Failed to remove route from default table (No such process)}
07-04 14:06:13.136   158   318 E ConnectivityService: Exception trying to remove a route: java.lang.IllegalStateException: Unable to communicate with native dameon to add routes - com.android.server.NativeDaemonConnectorException: Cmd {interface route remove wlan0 default 0.0.0.0 0 192.168.1.1} failed with code 400 : {Failed to remove route from default table (No such process)}
07-04 14:06:13.136   158   318 D NetUtils: android_net_utils_resetConnections in env=0x25aa18 clazz=0xe6d00001 iface=wlan0 mask=0x3
07-04 14:06:13.136   158   318 D ConnectivityService: resetConnections(wlan0, 3)
07-04 14:06:13.218  9622 15207 W Smack/Packet: notify conn break (IOEx), close connection
07-04 14:06:13.386  9622 15207 I qtaguid : Failed write_ctrl(u 72) res=-1 errno=22
07-04 14:06:13.390  9622 15207 I qtaguid : Untagging socket 72 failed errno=-22
07-04 14:06:13.390  9622 15207 W NetworkManagementSocketTagger: untagSocket(72) failed with errno -22
07-04 14:06:13.414   158   318 D ConnectivityService: handleInetConditionChange: no active default network - ignore
07-04 14:06:13.574 13929 13947 D dalvikvm: GC_EXPLICIT freed 431K, 6% free 9600K/10183K, paused 15ms+3ms
07-04 14:06:13.652  7745  7745 I wpa_supplicant: wlan0: Trying to associate with 98:fc:11:c3:3f:e6 (SSID='mj' freq=2437 MHz)
07-04 14:06:13.746  7745  7745 I wpa_supplicant: wlan0: Associated with 98:fc:11:c3:3f:e6
07-04 14:06:13.796  7745  7745 I wpa_supplicant: wlan0: WPA: Key negotiation completed with 98:fc:11:c3:3f:e6 [PTK=CCMP GTK=TKIP]
07-04 14:06:13.796  7745  7745 I wpa_supplicant: wlan0: CTRL-EVENT-CONNECTED - Connection to 98:fc:11:c3:3f:e6 completed (reauth) [id=1 id_str=]
07-04 14:06:13.847   393   395 D dalvikvm: GC_CONCURRENT freed 323K, 63% free 10650K/28231K, paused 3ms+5ms
07-04 14:06:13.961   393   395 D dalvikvm: GC_CONCURRENT freed 600K, 63% free 10532K/28231K, paused 2ms+5ms
07-04 14:06:15.386   158   318 D ConnectivityService: ConnectivityChange for WIFI: CONNECTED/CONNECTED
07-04 14:06:15.410 14139 14139 I PhoneLab-WiFiReceiver: Wi-Fi is connected!
07-04 14:06:15.418 14139 14139 I PhoneLab-WiFiReceiver: SSID: mj BSSID: 98:fc:11:c3:3f:e6 RSSI: -200 LinkSpeed: -1
07-04 14:06:15.418 14139 14139 I PhoneLab-Locks: wake lock acquired
07-04 14:06:15.433 14139 14139 I PhoneLab-UploadLogs: Transfering log files now
07-04 14:06:15.433 14139 14139 I PhoneLab-UploadLogs: No log files to transfer
07-04 14:06:15.433 14139 14139 I PhoneLab-Locks: wake lock released
07-04 14:06:15.441 14139 14139 I PhoneLab-UploadLogs: OnStartCommand
07-04 14:06:15.468   158   312 W NetworkStats: dropping UID delta from unknown iface: iface=wlan0 uid=0 set=DEFAULT tag=0x0 rxBytes=328 rxPackets=1 txBytes=272 txPackets=4 operations=0
07-04 14:06:16.207   158   321 D Tethering: MasterInitialState.processMessage what=3
07-04 14:06:16.257  9622  9622 I GTalkService/c: [AndroidEndpoint@1093929776] connect: acct=1000000, state=CONNECTING
07-04 14:06:16.261  9622  9622 I GTalkService/c: [GTalkConnection@1094956680] connect: acct=1, state=CONNECTING
07-04 14:06:16.300 14972 14972 I MediaUploader: No need to wake up
07-04 14:06:16.308 14139 14139 I PhoneLab-WiFiReceiver: Wi-Fi is disconnected!
07-04 14:06:16.351 14957 14970 D PicasaSyncManager: active network: NetworkInfo: type: WIFI[], state: CONNECTED/CONNECTED, reason: (unspecified), extra: (none), roaming: false, failover: false, isAvailable: true
07-04 14:06:16.355 14957 14970 D PicasaSyncManager: background data: true
07-04 14:06:16.386   158   318 D ConnectivityService: NetTransition Wakelock for WifiStateMachine released by timeout
