07-01 01:32:40.840    81   121 D AudioHardware: AudioHardware pcm playback is going to standby.
07-01 01:32:40.840    81   121 D AudioHardware: closePcmOut_l() mPcmOpenCnt: 1
07-01 01:32:55.027   364   364 D wpa_supplicant: wpa_driver_wext_set_key: alg=2 key_idx=2 set_tx=0 seq_len=6 key_len=32
07-01 01:32:55.039   364   364 I wpa_supplicant: wlan0: WPA: Group rekeying completed with 98:fc:11:c3:3f:e6 [GTK=TKIP]
07-01 01:33:46.011   364   364 D wpa_supplicant: wpa_driver_wext_set_key: alg=2 key_idx=3 set_tx=0 seq_len=6 key_len=32
07-01 01:33:46.011   364   364 I wpa_supplicant: wlan0: WPA: Group rekeying completed with 98:fc:11:c3:3f:e6 [GTK=TKIP]
07-01 01:33:47.535   151   499 I ActivityManager: START {flg=0x10040000 cmp=com.whatsapp/.PopupNotificationLocked} from pid 31875
07-01 01:33:47.625    81   121 D AudioHardware: AudioHardware pcm playback is exiting standby.
07-01 01:33:47.625    81   121 D AudioHardware: openPcmOut_l() mPcmOpenCnt: 0
07-01 01:33:52.269    81   121 D AudioHardware: AudioHardware pcm playback is going to standby.
07-01 01:33:52.269    81   121 D AudioHardware: closePcmOut_l() mPcmOpenCnt: 1
07-01 01:35:57.101   151   153 D dalvikvm: GC_CONCURRENT freed 1854K, 31% free 17014K/24391K, paused 4ms+7ms
07-01 01:35:58.113   151   167 V BackupManagerService: Running a backup pass
07-01 01:35:58.121   151   339 V BackupManagerService: Backup requested but nothing pending
07-01 01:37:13.066   151   198 I ActivityManager: Start proc com.google.android.gm for service com.google.android.gm/.provider.MailIndexerService: pid=32581 uid=10017 gids={3003, 1015}
07-01 01:37:13.257 32581 32581 I ActivityThread: Pub gmail-ls: com.google.android.gm.provider.MailProvider
07-01 01:37:13.332 32581 32581 I ActivityThread: Pub com.google.android.gmail.SuggestionProvider: com.google.android.gm.SuggestionsProvider
07-01 01:37:13.343 32581 32581 I ActivityThread: Pub com.google.android.gm: com.google.android.gm.provider.PublicContentProvider
07-01 01:37:13.433 32581 32596 W Gmail   : No MailEngine for account: mcmanojster@gmail.com
07-01 01:37:13.922   398   398 D dalvikvm: GC_FOR_ALLOC freed 207K, 59% free 10407K/25287K, paused 17ms
07-01 01:37:13.965   398   398 D dalvikvm: GC_FOR_ALLOC freed 408K, 60% free 10348K/25287K, paused 16ms
07-01 01:37:14.043   398   400 D dalvikvm: GC_CONCURRENT freed 300K, 59% free 10558K/25287K, paused 2ms+5ms
07-01 01:38:47.011   151   200 I power   : *** set_screen_state 1
07-01 01:38:47.086   151   200 W WindowManager: Aborted waiting for drawn: Window{414dc210 Keyguard paused=false}
07-01 01:38:47.086   151   200 I WindowManager: Lock screen displayed!
07-01 01:38:47.242    78   118 D SurfaceFlinger: Screen about to return, flinger = 0x17fe918
07-01 01:38:47.273   364   364 D wpa_supplicant: wpa_driver_wext_driver_cmd RSSI len = 248
07-01 01:38:47.289   364   364 D wpa_supplicant: wpa_driver_wext_driver_cmd mj rssi -50  len = 12, 12
07-01 01:38:47.289   364   364 D wpa_supplicant: wpa_driver_wext_driver_cmd LINKSPEED len = 248
07-01 01:38:47.289   364   364 D wpa_supplicant: wpa_driver_wext_driver_cmd LinkSpeed 24 len = 12, 12
07-01 01:38:47.293   364   364 D wpa_supplicant: wpa_driver_wext_driver_cmd SETSUSPENDOPT 0 len = 4096
07-01 01:38:47.293   364   364 D wpa_supplicant: wpa_driver_wext_driver_cmd SETSUSPENDOPT 0 len = 0, 15
07-01 01:38:47.293   364   364 D wpa_supplicant: wpa_driver_wext_driver_cmd POWERMODE 0 len = 4096
07-01 01:38:47.293   364   364 D wpa_supplicant: wpa_driver_wext_driver_cmd OK len = 0, 2
07-01 01:38:47.828 31739 31752 I PhoneLab-: Service Running
07-01 01:38:47.906 31739 31752 I PhoneLab-LoggerService: app_37    1563  1     1856   1404  c00f181c 400107b4 S logcat
07-01 01:38:47.906 31739 31752 I PhoneLab-LoggerService: Logcat pid from database 1563
07-01 01:38:47.906 31739 31752 I PhoneLab-LoggerService: Logcat process found 1563
07-01 01:38:47.906 31739 31752 I PhoneLab-LoggerService: Checking Threshold
07-01 01:38:47.906 31739 31752 I PhoneLab-: Service Running
07-01 01:38:47.937 31739 31752 I PhoneLab-LoggerService: app_37    1563  1     1856   1404  c00f181c 400107b4 S logcat
07-01 01:38:47.937 31739 31752 I PhoneLab-LoggerService: Logcat pid from database 1563
07-01 01:38:47.937 31739 31752 I PhoneLab-LoggerService: Logcat process found 1563
07-01 01:38:47.937 31739 31752 I PhoneLab-LoggerService: Checking Threshold
07-01 01:38:47.937 31739 31752 I PhoneLab-: Service Running
07-01 01:38:47.968 31739 31752 I PhoneLab-LoggerService: app_37    1563  1     1856   1404  c00f181c 400107b4 S logcat
07-01 01:38:47.968 31739 31752 I PhoneLab-LoggerService: Logcat pid from database 1563
07-01 01:38:47.968 31739 31752 I PhoneLab-LoggerService: Logcat process found 1563
07-01 01:38:47.968 31739 31752 I PhoneLab-LoggerService: Checking Threshold
07-01 01:38:47.968 31739 31752 I PhoneLab-: Service Running
07-01 01:38:47.996 31739 31752 I PhoneLab-LoggerService: app_37    1563  1     1856   1404  c00f181c 400107b4 S logcat
07-01 01:38:47.996 31739 31752 I PhoneLab-LoggerService: Logcat pid from database 1563
07-01 01:38:47.996 31739 31752 I PhoneLab-LoggerService: Logcat process found 1563
07-01 01:38:47.996 31739 31752 I PhoneLab-LoggerService: Checking Threshold
07-01 01:38:47.996 31739 31752 I PhoneLab-: Service Running
07-01 01:38:48.027 31739 31752 I PhoneLab-LoggerService: app_37    1563  1     1856   1404  c00f181c 400107b4 S logcat
07-01 01:38:48.031 31739 31752 I PhoneLab-LoggerService: Logcat pid from database 1563
07-01 01:38:48.031 31739 31752 I PhoneLab-LoggerService: Logcat process found 1563
07-01 01:38:48.031 31739 31752 I PhoneLab-LoggerService: Checking Threshold
07-01 01:38:50.296   364   364 D wpa_supplicant: wpa_driver_wext_driver_cmd RSSI len = 248
07-01 01:38:50.304   364   364 D wpa_supplicant: wpa_driver_wext_driver_cmd mj rssi -65  len = 12, 12
07-01 01:38:50.304   364   364 D wpa_supplicant: wpa_driver_wext_driver_cmd LINKSPEED len = 248
07-01 01:38:50.308   364   364 D wpa_supplicant: wpa_driver_wext_driver_cmd LinkSpeed 24 len = 12, 12
07-01 01:38:53.343   364   364 D wpa_supplicant: wpa_driver_wext_driver_cmd RSSI len = 248
07-01 01:38:53.351   364   364 D wpa_supplicant: wpa_driver_wext_driver_cmd mj rssi -50  len = 12, 12
07-01 01:38:53.351   364   364 D wpa_supplicant: wpa_driver_wext_driver_cmd LINKSPEED len = 248
07-01 01:38:53.351   364   364 D wpa_supplicant: wpa_driver_wext_driver_cmd LinkSpeed 36 len = 12, 12
07-01 01:38:56.367   364   364 D wpa_supplicant: wpa_driver_wext_driver_cmd RSSI len = 248
07-01 01:38:56.375   364   364 D wpa_supplicant: wpa_driver_wext_driver_cmd mj rssi -64  len = 12, 12
07-01 01:38:56.375   364   364 D wpa_supplicant: wpa_driver_wext_driver_cmd LINKSPEED len = 248
07-01 01:38:56.379   364   364 D wpa_supplicant: wpa_driver_wext_driver_cmd LinkSpeed 36 len = 12, 12
07-01 01:38:59.414   364   364 D wpa_supplicant: wpa_driver_wext_driver_cmd RSSI len = 248
07-01 01:38:59.421   364   364 D wpa_supplicant: wpa_driver_wext_driver_cmd mj rssi -58  len = 12, 12
07-01 01:38:59.421   364   364 D wpa_supplicant: wpa_driver_wext_driver_cmd LINKSPEED len = 248
07-01 01:38:59.425   364   364 D wpa_supplicant: wpa_driver_wext_driver_cmd LinkSpeed 36 len = 12, 12
07-01 01:39:02.429   364   364 D wpa_supplicant: wpa_driver_wext_driver_cmd RSSI len = 248
07-01 01:39:02.445   364   364 D wpa_supplicant: wpa_driver_wext_driver_cmd mj rssi -67  len = 12, 12
07-01 01:39:02.445   364   364 D wpa_supplicant: wpa_driver_wext_driver_cmd LINKSPEED len = 248
07-01 01:39:02.445   364   364 D wpa_supplicant: wpa_driver_wext_driver_cmd LinkSpeed 36 len = 12, 12
07-01 01:39:05.449   364   364 D wpa_supplicant: wpa_driver_wext_driver_cmd RSSI len = 248
07-01 01:39:05.457   364   364 D wpa_supplicant: wpa_driver_wext_driver_cmd mj rssi -61  len = 12, 12
07-01 01:39:05.457   364   364 D wpa_supplicant: wpa_driver_wext_driver_cmd LINKSPEED len = 248
07-01 01:39:05.461   364   364 D wpa_supplicant: wpa_driver_wext_driver_cmd LinkSpeed 36 len = 12, 12
07-01 01:39:08.464   364   364 D wpa_supplicant: wpa_driver_wext_driver_cmd RSSI len = 248
07-01 01:39:08.472   364   364 D wpa_supplicant: wpa_driver_wext_driver_cmd mj rssi -64  len = 12, 12
07-01 01:39:08.472   364   364 D wpa_supplicant: wpa_driver_wext_driver_cmd LINKSPEED len = 248
07-01 01:39:08.476   364   364 D wpa_supplicant: wpa_driver_wext_driver_cmd LinkSpeed 36 len = 12, 12
07-01 01:39:08.738  7711  7713 D dalvikvm: GC_CONCURRENT freed 1054K, 20% free 12503K/15559K, paused 7ms+5ms
07-01 01:39:08.918   398   400 D dalvikvm: GC_CONCURRENT freed 403K, 59% free 10589K/25287K, paused 2ms+4ms
07-01 01:39:09.125   398   400 D dalvikvm: GC_CONCURRENT freed 336K, 58% free 10749K/25287K, paused 3ms+7ms
07-01 01:39:10.578  7711  7711 W Suggest : String pool got too big: 19
07-01 01:39:11.480   364   364 D wpa_supplicant: wpa_driver_wext_driver_cmd RSSI len = 248
07-01 01:39:11.496   364   364 D wpa_supplicant: wpa_driver_wext_driver_cmd mj rssi -62  len = 12, 12
07-01 01:39:11.496   364   364 D wpa_supplicant: wpa_driver_wext_driver_cmd LINKSPEED len = 248
07-01 01:39:11.496   364   364 D wpa_supplicant: wpa_driver_wext_driver_cmd LinkSpeed 36 len = 12, 12
07-01 01:39:14.504   364   364 D wpa_supplicant: wpa_driver_wext_driver_cmd RSSI len = 248
07-01 01:39:14.511   364   364 D wpa_supplicant: wpa_driver_wext_driver_cmd mj rssi -57  len = 12, 12
07-01 01:39:14.511   364   364 D wpa_supplicant: wpa_driver_wext_driver_cmd LINKSPEED len = 248
07-01 01:39:14.511   364   364 D wpa_supplicant: wpa_driver_wext_driver_cmd LinkSpeed 36 len = 12, 12
07-01 01:39:17.515   364   364 D wpa_supplicant: wpa_driver_wext_driver_cmd RSSI len = 248
07-01 01:39:17.523   364   364 D wpa_supplicant: wpa_driver_wext_driver_cmd mj rssi -57  len = 12, 12
07-01 01:39:17.523   364   364 D wpa_supplicant: wpa_driver_wext_driver_cmd LINKSPEED len = 248
07-01 01:39:17.523   364   364 D wpa_supplicant: wpa_driver_wext_driver_cmd LinkSpeed 36 len = 12, 12
07-01 01:39:20.527   364   364 D wpa_supplicant: wpa_driver_wext_driver_cmd RSSI len = 248
07-01 01:39:20.535   364   364 D wpa_supplicant: wpa_driver_wext_driver_cmd mj rssi -75  len = 12, 12
07-01 01:39:20.535   364   364 D wpa_supplicant: wpa_driver_wext_driver_cmd LINKSPEED len = 248
07-01 01:39:20.539   364   364 D wpa_supplicant: wpa_driver_wext_driver_cmd LinkSpeed 36 len = 12, 12
07-01 01:39:23.570   364   364 D wpa_supplicant: wpa_driver_wext_driver_cmd RSSI len = 248
07-01 01:39:23.582   364   364 D wpa_supplicant: wpa_driver_wext_driver_cmd mj rssi -74  len = 12, 12
07-01 01:39:23.582   364   364 D wpa_supplicant: wpa_driver_wext_driver_cmd LINKSPEED len = 248
07-01 01:39:23.582   364   364 D wpa_supplicant: wpa_driver_wext_driver_cmd LinkSpeed 36 len = 12, 12
07-01 01:39:26.589   364   364 D wpa_supplicant: wpa_driver_wext_driver_cmd RSSI len = 248
07-01 01:39:26.597   364   364 D wpa_supplicant: wpa_driver_wext_driver_cmd mj rssi -69  len = 12, 12
07-01 01:39:26.597   364   364 D wpa_supplicant: wpa_driver_wext_driver_cmd LINKSPEED len = 248
07-01 01:39:26.601   364   364 D wpa_supplicant: wpa_driver_wext_driver_cmd LinkSpeed 36 len = 12, 12
07-01 01:39:27.734   398   398 V PhoneStatusBar: setLightsOn(true)
07-01 01:39:27.785   151  3109 W InputManagerService: Window already focused, ignoring focus gain of: com.android.internal.view.IInputMethodClient$Stub$Proxy@41655d88
07-01 01:39:29.484 31875 31878 D dalvikvm: GC_CONCURRENT freed 1526K, 33% free 13900K/20743K, paused 2ms+13ms
07-01 01:39:29.625   364   364 D wpa_supplicant: wpa_driver_wext_driver_cmd RSSI len = 248
07-01 01:39:29.632   364   364 D wpa_supplicant: wpa_driver_wext_driver_cmd mj rssi -76  len = 12, 12
07-01 01:39:29.632   364   364 D wpa_supplicant: wpa_driver_wext_driver_cmd LINKSPEED len = 248
07-01 01:39:29.632   364   364 D wpa_supplicant: wpa_driver_wext_driver_cmd LinkSpeed 36 len = 12, 12
07-01 01:39:32.636   364   364 D wpa_supplicant: wpa_driver_wext_driver_cmd RSSI len = 248
07-01 01:39:32.644   364   364 D wpa_supplicant: wpa_driver_wext_driver_cmd mj rssi -70  len = 12, 12
07-01 01:39:32.644   364   364 D wpa_supplicant: wpa_driver_wext_driver_cmd LINKSPEED len = 248
07-01 01:39:32.648   364   364 D wpa_supplicant: wpa_driver_wext_driver_cmd LinkSpeed 36 len = 12, 12
07-01 01:39:33.527  7711  7713 D dalvikvm: GC_CONCURRENT freed 699K, 18% free 12837K/15559K, paused 2ms+4ms
07-01 01:39:33.730  7711  7711 W Suggest : String pool got too big: 19
07-01 01:39:33.863  7711  7711 W Suggest : String pool got too big: 19
07-01 01:39:35.675   364   364 D wpa_supplicant: wpa_driver_wext_driver_cmd RSSI len = 248
07-01 01:39:35.683   364   364 D wpa_supplicant: wpa_driver_wext_driver_cmd mj rssi -77  len = 12, 12
07-01 01:39:35.683   364   364 D wpa_supplicant: wpa_driver_wext_driver_cmd LINKSPEED len = 248
07-01 01:39:35.683   364   364 D wpa_supplicant: wpa_driver_wext_driver_cmd LinkSpeed 36 len = 12, 12
07-01 01:39:38.687   364   364 D wpa_supplicant: wpa_driver_wext_driver_cmd RSSI len = 248
07-01 01:39:38.695   364   364 D wpa_supplicant: wpa_driver_wext_driver_cmd mj rssi -79  len = 12, 12
07-01 01:39:38.695   364   364 D wpa_supplicant: wpa_driver_wext_driver_cmd LINKSPEED len = 248
07-01 01:39:38.695   364   364 D wpa_supplicant: wpa_driver_wext_driver_cmd LinkSpeed 36 len = 12, 12
07-01 01:39:40.925  7711  7711 W Suggest : String pool got too big: 19
07-01 01:39:41.699   364   364 D wpa_supplicant: wpa_driver_wext_driver_cmd RSSI len = 248
07-01 01:39:41.707   364   364 D wpa_supplicant: wpa_driver_wext_driver_cmd mj rssi -77  len = 12, 12
07-01 01:39:41.707   364   364 D wpa_supplicant: wpa_driver_wext_driver_cmd LINKSPEED len = 248
07-01 01:39:41.707   364   364 D wpa_supplicant: wpa_driver_wext_driver_cmd LinkSpeed 36 len = 12, 12
07-01 01:39:44.707   151   205 I InputReader: Reconfiguring input devices.  changes=0x00000004
07-01 01:39:44.707   151   205 I InputReader: Device reconfigured: id=7, name='mxt224_ts_input', surface size is now 480x800, mode is 1
07-01 01:39:44.711   364   364 D wpa_supplicant: wpa_driver_wext_driver_cmd RSSI len = 248
07-01 01:39:44.714   364   364 D wpa_supplicant: wpa_driver_wext_driver_cmd mj rssi -57  len = 12, 12
07-01 01:39:44.714   364   364 D wpa_supplicant: wpa_driver_wext_driver_cmd LINKSPEED len = 248
07-01 01:39:44.714   364   364 D wpa_supplicant: wpa_driver_wext_driver_cmd LinkSpeed 36 len = 12, 12
07-01 01:39:44.777   151   167 I ActivityManager: Config changed: {1.0 310mcc120mnc en_US layoutdir=0 sw320dp w533dp h294dp nrml long land finger -keyb/v/h -nav/h s.489}
07-01 01:39:44.836   151   200 D UnlockScreen: landscape mode
07-01 01:39:44.879   151   200 V TransportControlView: Create TCV com.android.internal.widget.TransportControlView@41591770
07-01 01:39:45.125   398   398 D dalvikvm: GC_FOR_ALLOC freed 484K, 59% free 10612K/25287K, paused 47ms
07-01 01:39:45.171   398   398 D dalvikvm: GC_FOR_ALLOC freed 222K, 58% free 10693K/25287K, paused 36ms
07-01 01:39:45.199   398   398 D dalvikvm: GC_FOR_ALLOC freed 182K, 58% free 10814K/25287K, paused 20ms
07-01 01:39:45.222   398   398 D dalvikvm: GC_FOR_ALLOC freed 182K, 57% free 10935K/25287K, paused 20ms
07-01 01:39:45.597  7711  7711 D dalvikvm: GC_FOR_ALLOC freed 1143K, 21% free 12384K/15559K, paused 96ms
07-01 01:39:47.746   364   364 D wpa_supplicant: wpa_driver_wext_driver_cmd RSSI len = 248
07-01 01:39:47.757   364   364 D wpa_supplicant: wpa_driver_wext_driver_cmd mj rssi -56  len = 12, 12
07-01 01:39:47.757   364   364 D wpa_supplicant: wpa_driver_wext_driver_cmd LINKSPEED len = 248
07-01 01:39:47.757   364   364 D wpa_supplicant: wpa_driver_wext_driver_cmd LinkSpeed 36 len = 12, 12
07-01 01:39:47.867   151   199 D dalvikvm: GC_EXPLICIT freed 1248K, 31% free 17032K/24391K, paused 14ms+9ms
07-01 01:39:50.765   364   364 D wpa_supplicant: wpa_driver_wext_driver_cmd RSSI len = 248
07-01 01:39:50.765   364   364 D wpa_supplicant: wpa_driver_wext_driver_cmd mj rssi -65  len = 12, 12
07-01 01:39:50.765   364   364 D wpa_supplicant: wpa_driver_wext_driver_cmd LINKSPEED len = 248
07-01 01:39:50.769   364   364 D wpa_supplicant: wpa_driver_wext_driver_cmd LinkSpeed 36 len = 12, 12
07-01 01:39:51.457   151   205 I InputReader: Reconfiguring input devices.  changes=0x00000004
07-01 01:39:51.457   151   205 I InputReader: Device reconfigured: id=7, name='mxt224_ts_input', surface size is now 480x800, mode is 1
07-01 01:39:51.531   151   167 I ActivityManager: Config changed: {1.0 310mcc120mnc en_US layoutdir=0 sw320dp w320dp h508dp nrml long port finger -keyb/v/h -nav/h s.490}
07-01 01:39:51.621   151   200 D UnlockScreen: portrait mode
07-01 01:39:51.656   151   200 V TransportControlView: Create TCV com.android.internal.widget.TransportControlView@4159f948
07-01 01:39:51.867  7711  7713 D dalvikvm: GC_CONCURRENT freed 905K, 20% free 12502K/15559K, paused 2ms+11ms
07-01 01:39:52.082   398   400 D dalvikvm: GC_CONCURRENT freed 668K, 58% free 10853K/25287K, paused 2ms+19ms
07-01 01:39:52.214   398   400 D dalvikvm: GC_CONCURRENT freed 649K, 58% free 10757K/25287K, paused 8ms+17ms
07-01 01:39:53.773   364   364 D wpa_supplicant: wpa_driver_wext_driver_cmd RSSI len = 248
07-01 01:39:53.781   364   364 D wpa_supplicant: wpa_driver_wext_driver_cmd mj rssi -69  len = 12, 12
07-01 01:39:53.781   364   364 D wpa_supplicant: wpa_driver_wext_driver_cmd LINKSPEED len = 248
07-01 01:39:53.781   364   364 D wpa_supplicant: wpa_driver_wext_driver_cmd LinkSpeed 36 len = 12, 12
07-01 01:39:54.437   151   199 D dalvikvm: GC_EXPLICIT freed 675K, 31% free 16986K/24391K, paused 14ms+7ms
07-01 01:39:56.789   364   364 D wpa_supplicant: wpa_driver_wext_driver_cmd RSSI len = 248
07-01 01:39:56.796   364   364 D wpa_supplicant: wpa_driver_wext_driver_cmd mj rssi -74  len = 12, 12
07-01 01:39:56.796   364   364 D wpa_supplicant: wpa_driver_wext_driver_cmd LINKSPEED len = 248
07-01 01:39:56.796   364   364 D wpa_supplicant: wpa_driver_wext_driver_cmd LinkSpeed 36 len = 12, 12
07-01 01:39:59.824   364   364 D wpa_supplicant: wpa_driver_wext_driver_cmd RSSI len = 248
07-01 01:39:59.832   364   364 D wpa_supplicant: wpa_driver_wext_driver_cmd mj rssi -84  len = 12, 12
07-01 01:39:59.832   364   364 D wpa_supplicant: wpa_driver_wext_driver_cmd LINKSPEED len = 248
07-01 01:39:59.832   364   364 D wpa_supplicant: wpa_driver_wext_driver_cmd LinkSpeed 36 len = 12, 12
07-01 01:40:02.839   364   364 D wpa_supplicant: wpa_driver_wext_driver_cmd RSSI len = 248
07-01 01:40:02.847   364   364 D wpa_supplicant: wpa_driver_wext_driver_cmd mj rssi -81  len = 12, 12
07-01 01:40:02.847   364   364 D wpa_supplicant: wpa_driver_wext_driver_cmd LINKSPEED len = 248
07-01 01:40:02.851   364   364 D wpa_supplicant: wpa_driver_wext_driver_cmd LinkSpeed 36 len = 12, 12
07-01 01:40:03.582   364   364 D wpa_supplicant: RTM_NEWLINK: operstate=1 ifi_flags=0x11043 ([UP][RUNNING][LOWER_UP])
07-01 01:40:03.582   364   364 D wpa_supplicant: RTM_NEWLINK, IFLA_IFNAME: Interface 'wlan0' added
07-01 01:40:03.582   364   364 D wpa_supplicant: Wireless event: cmd=0x8c00 len=20
07-01 01:40:05.855   364   364 D wpa_supplicant: wpa_driver_wext_driver_cmd RSSI len = 248
07-01 01:40:05.863   364   364 D wpa_supplicant: wpa_driver_wext_driver_cmd mj rssi -80  len = 12, 12
07-01 01:40:05.863   364   364 D wpa_supplicant: wpa_driver_wext_driver_cmd LINKSPEED len = 248
07-01 01:40:05.863   364   364 D wpa_supplicant: wpa_driver_wext_driver_cmd LinkSpeed 36 len = 12, 12
07-01 01:40:06.562   364   364 D wpa_supplicant: RTM_NEWLINK: operstate=1 ifi_flags=0x11043 ([UP][RUNNING][LOWER_UP])
07-01 01:40:06.562   364   364 D wpa_supplicant: RTM_NEWLINK, IFLA_IFNAME: Interface 'wlan0' added
07-01 01:40:06.562   364   364 D wpa_supplicant: Wireless event: cmd=0x8c00 len=20
07-01 01:40:06.621   364   364 D wpa_supplicant: RTM_NEWLINK: operstate=1 ifi_flags=0x11043 ([UP][RUNNING][LOWER_UP])
07-01 01:40:06.621   364   364 D wpa_supplicant: RTM_NEWLINK, IFLA_IFNAME: Interface 'wlan0' added
07-01 01:40:06.621   364   364 D wpa_supplicant: Wireless event: cmd=0x8c00 len=20
07-01 01:40:06.679   151   546 I ActivityManager: START {flg=0x10040000 cmp=com.whatsapp/.PopupNotificationLocked} from pid 31875
07-01 01:40:06.757    81   121 D AudioHardware: AudioHardware pcm playback is exiting standby.
07-01 01:40:06.757    81   121 D AudioHardware: openPcmOut_l() mPcmOpenCnt: 0
07-01 01:40:06.933   398   400 D dalvikvm: GC_CONCURRENT freed 278K, 57% free 10955K/25287K, paused 1ms+7ms
07-01 01:40:08.871   364   364 D wpa_supplicant: wpa_driver_wext_driver_cmd RSSI len = 248
07-01 01:40:08.879   364   364 D wpa_supplicant: wpa_driver_wext_driver_cmd mj rssi -83  len = 12, 12
07-01 01:40:08.879   364   364 D wpa_supplicant: wpa_driver_wext_driver_cmd LINKSPEED len = 248
07-01 01:40:08.882   364   364 D wpa_supplicant: wpa_driver_wext_driver_cmd LinkSpeed 36 len = 12, 12
07-01 01:40:10.675   151   582 I ActivityManager: START {flg=0x14000000 cmp=com.whatsapp/.Conversation (has extras)} from pid 31875
07-01 01:40:10.742   398   398 D PhoneStatusBar: disable: < EXPAND icons alerts TICKER system_info BACK* HOME* RECENT CLOCK* >
07-01 01:40:11.089   398   400 D dalvikvm: GC_CONCURRENT freed 823K, 58% free 10665K/25287K, paused 2ms+8ms
07-01 01:40:11.234   151   167 I Process : Sending signal. PID: 31875 SIG: 3
07-01 01:40:11.234 31875 31880 I dalvikvm: threadid=3: reacting to signal 3
07-01 01:40:11.257 31875 31880 I dalvikvm: Wrote stack traces to '/data/anr/traces.txt'
07-01 01:40:11.336   151   199 I ActivityManager: Displayed com.whatsapp/.Conversation: +604ms
07-01 01:40:11.402    81   121 D AudioHardware: AudioHardware pcm playback is going to standby.
07-01 01:40:11.402    81   121 D AudioHardware: closePcmOut_l() mPcmOpenCnt: 1
07-01 01:40:11.890   364   364 D wpa_supplicant: wpa_driver_wext_driver_cmd RSSI len = 248
07-01 01:40:11.898   364   364 D wpa_supplicant: wpa_driver_wext_driver_cmd mj rssi -89  len = 12, 12
07-01 01:40:11.898   364   364 D wpa_supplicant: wpa_driver_wext_driver_cmd LINKSPEED len = 248
07-01 01:40:11.898   364   364 D wpa_supplicant: wpa_driver_wext_driver_cmd LinkSpeed 36 len = 12, 12
07-01 01:40:12.675    84    84 I keystore: uid: 1000 action: p -> 1 state: 1 -> 1 retry: 4
07-01 01:40:12.695   398   398 D PhoneStatusBar: disable: < expand* icons alerts ticker* system_info BACK HOME recent* CLOCK >
07-01 01:40:12.722   398   398 D PhoneStatusBar: disable: < expand icons alerts ticker system_info back* home* recent clock* >
07-01 01:40:12.726   398   398 V PhoneStatusBar: setLightsOn(true)
07-01 01:40:13.004   364   364 D wpa_supplicant: RTM_NEWLINK: operstate=1 ifi_flags=0x11043 ([UP][RUNNING][LOWER_UP])
07-01 01:40:13.004   364   364 D wpa_supplicant: RTM_NEWLINK, IFLA_IFNAME: Interface 'wlan0' added
07-01 01:40:13.004   364   364 D wpa_supplicant: Wireless event: cmd=0x8c00 len=20
07-01 01:40:13.632   364   364 D wpa_supplicant: RTM_NEWLINK: operstate=1 ifi_flags=0x11043 ([UP][RUNNING][LOWER_UP])
07-01 01:40:13.632   364   364 D wpa_supplicant: RTM_NEWLINK, IFLA_IFNAME: Interface 'wlan0' added
07-01 01:40:13.632   364   364 D wpa_supplicant: Wireless event: cmd=0x8c00 len=20
07-01 01:40:14.859   364   364 D wpa_supplicant: RTM_NEWLINK: operstate=1 ifi_flags=0x11043 ([UP][RUNNING][LOWER_UP])
07-01 01:40:14.859   364   364 D wpa_supplicant: RTM_NEWLINK, IFLA_IFNAME: Interface 'wlan0' added
07-01 01:40:14.859   364   364 D wpa_supplicant: Wireless event: cmd=0x8c00 len=20
07-01 01:40:14.910   364   364 D wpa_supplicant: wpa_driver_wext_driver_cmd RSSI len = 248
07-01 01:40:14.918   364   364 D wpa_supplicant: wpa_driver_wext_driver_cmd mj rssi -92  len = 12, 12
07-01 01:40:14.918   364   364 D wpa_supplicant: wpa_driver_wext_driver_cmd LINKSPEED len = 248
07-01 01:40:14.918   364   364 D wpa_supplicant: wpa_driver_wext_driver_cmd LinkSpeed 36 len = 12, 12
07-01 01:40:15.058   364   364 D wpa_supplicant: RTM_NEWLINK: operstate=1 ifi_flags=0x11043 ([UP][RUNNING][LOWER_UP])
07-01 01:40:15.058   364   364 D wpa_supplicant: RTM_NEWLINK, IFLA_IFNAME: Interface 'wlan0' added
07-01 01:40:15.058   364   364 D wpa_supplicant: Wireless event: cmd=0x8c00 len=20
07-01 01:40:15.558   364   364 D wpa_supplicant: RTM_NEWLINK: operstate=1 ifi_flags=0x11043 ([UP][RUNNING][LOWER_UP])
07-01 01:40:15.558   364   364 D wpa_supplicant: RTM_NEWLINK, IFLA_IFNAME: Interface 'wlan0' added
07-01 01:40:15.558   364   364 D wpa_supplicant: Wireless event: cmd=0x8c00 len=20
07-01 01:40:15.992   364   364 D wpa_supplicant: RTM_NEWLINK: operstate=1 ifi_flags=0x11043 ([UP][RUNNING][LOWER_UP])
07-01 01:40:15.992   364   364 D wpa_supplicant: RTM_NEWLINK, IFLA_IFNAME: Interface 'wlan0' added
07-01 01:40:15.992   364   364 D wpa_supplicant: Wireless event: cmd=0x8c00 len=20
07-01 01:40:16.910   364   364 D wpa_supplicant: RTM_NEWLINK: operstate=1 ifi_flags=0x11043 ([UP][RUNNING][LOWER_UP])
07-01 01:40:16.910   364   364 D wpa_supplicant: RTM_NEWLINK, IFLA_IFNAME: Interface 'wlan0' added
07-01 01:40:16.910   364   364 D wpa_supplicant: Wireless event: cmd=0x8c00 len=20
07-01 01:40:17.035   364   364 D wpa_supplicant: RTM_NEWLINK: operstate=1 ifi_flags=0x11043 ([UP][RUNNING][LOWER_UP])
07-01 01:40:17.035   364   364 D wpa_supplicant: RTM_NEWLINK, IFLA_IFNAME: Interface 'wlan0' added
07-01 01:40:17.035   364   364 D wpa_supplicant: Wireless event: cmd=0x8c00 len=20
07-01 01:40:17.070   364   364 D wpa_supplicant: RTM_NEWLINK: operstate=1 ifi_flags=0x11043 ([UP][RUNNING][LOWER_UP])
07-01 01:40:17.070   364   364 D wpa_supplicant: RTM_NEWLINK, IFLA_IFNAME: Interface 'wlan0' added
07-01 01:40:17.070   364   364 D wpa_supplicant: Wireless event: cmd=0x8c00 len=20
07-01 01:40:17.132 31875 31878 D dalvikvm: GC_CONCURRENT freed 1464K, 33% free 13942K/20743K, paused 8ms+26ms
07-01 01:40:17.347   364   364 D wpa_supplicant: RTM_NEWLINK: operstate=1 ifi_flags=0x11043 ([UP][RUNNING][LOWER_UP])
07-01 01:40:17.347   364   364 D wpa_supplicant: RTM_NEWLINK, IFLA_IFNAME: Interface 'wlan0' added
07-01 01:40:17.347   364   364 D wpa_supplicant: Wireless event: cmd=0x8c00 len=20
07-01 01:40:17.925   364   364 D wpa_supplicant: wpa_driver_wext_driver_cmd RSSI len = 248
07-01 01:40:17.933   364   364 D wpa_supplicant: wpa_driver_wext_driver_cmd mj rssi -93  len = 12, 12
07-01 01:40:17.933   364   364 D wpa_supplicant: wpa_driver_wext_driver_cmd LINKSPEED len = 248
07-01 01:40:17.933   364   364 D wpa_supplicant: wpa_driver_wext_driver_cmd LinkSpeed 48 len = 12, 12
07-01 01:40:18.148  7711  7713 D dalvikvm: GC_CONCURRENT freed 578K, 17% free 12962K/15559K, paused 2ms+3ms
07-01 01:40:18.464   364   364 D wpa_supplicant: RTM_NEWLINK: operstate=1 ifi_flags=0x11043 ([UP][RUNNING][LOWER_UP])
07-01 01:40:18.464   364   364 D wpa_supplicant: RTM_NEWLINK, IFLA_IFNAME: Interface 'wlan0' added
07-01 01:40:18.464   364   364 D wpa_supplicant: Wireless event: cmd=0x8c00 len=20
07-01 01:40:18.644    81   121 D AudioHardware: AudioHardware pcm playback is exiting standby.
07-01 01:40:18.644    81   121 D AudioHardware: openPcmOut_l() mPcmOpenCnt: 0
07-01 01:40:18.730   364   364 D wpa_supplicant: RTM_NEWLINK: operstate=1 ifi_flags=0x11043 ([UP][RUNNING][LOWER_UP])
07-01 01:40:18.730   364   364 D wpa_supplicant: RTM_NEWLINK, IFLA_IFNAME: Interface 'wlan0' added
07-01 01:40:18.730   364   364 D wpa_supplicant: Wireless event: cmd=0x8c00 len=20
07-01 01:40:18.820   398   400 D dalvikvm: GC_CONCURRENT freed 515K, 58% free 10625K/25287K, paused 1ms+17ms
07-01 01:40:20.933   364   364 D wpa_supplicant: wpa_driver_wext_driver_cmd RSSI len = 248
07-01 01:40:20.949   364   364 D wpa_supplicant: wpa_driver_wext_driver_cmd mj rssi -94  len = 12, 12
07-01 01:40:20.949   364   364 D wpa_supplicant: wpa_driver_wext_driver_cmd LINKSPEED len = 248
07-01 01:40:20.949   364   364 D wpa_supplicant: wpa_driver_wext_driver_cmd LinkSpeed 48 len = 12, 12
07-01 01:40:21.761   398   400 D dalvikvm: GC_CONCURRENT freed 281K, 58% free 10782K/25287K, paused 10ms+3ms
07-01 01:40:22.320   364   364 D wpa_supplicant: RTM_NEWLINK: operstate=1 ifi_flags=0x11043 ([UP][RUNNING][LOWER_UP])
07-01 01:40:22.320   364   364 D wpa_supplicant: RTM_NEWLINK, IFLA_IFNAME: Interface 'wlan0' added
07-01 01:40:22.320   364   364 D wpa_supplicant: Wireless event: cmd=0x8c00 len=20
07-01 01:40:22.336   364   364 D wpa_supplicant: RTM_NEWLINK: operstate=1 ifi_flags=0x11043 ([UP][RUNNING][LOWER_UP])
07-01 01:40:22.336   364   364 D wpa_supplicant: RTM_NEWLINK, IFLA_IFNAME: Interface 'wlan0' added
07-01 01:40:22.336   364   364 D wpa_supplicant: Wireless event: cmd=0x8c00 len=20
07-01 01:40:22.546   364   364 D wpa_supplicant: RTM_NEWLINK: operstate=1 ifi_flags=0x11043 ([UP][RUNNING][LOWER_UP])
07-01 01:40:22.546   364   364 D wpa_supplicant: RTM_NEWLINK, IFLA_IFNAME: Interface 'wlan0' added
07-01 01:40:22.546   364   364 D wpa_supplicant: Wireless event: cmd=0x8c00 len=20
07-01 01:40:22.980   364   364 D wpa_supplicant: RTM_NEWLINK: operstate=1 ifi_flags=0x11043 ([UP][RUNNING][LOWER_UP])
07-01 01:40:22.980   364   364 D wpa_supplicant: RTM_NEWLINK, IFLA_IFNAME: Interface 'wlan0' added
07-01 01:40:22.980   364   364 D wpa_supplicant: Wireless event: cmd=0x8c00 len=20
07-01 01:40:23.296    81   121 D AudioHardware: AudioHardware pcm playback is going to standby.
07-01 01:40:23.296    81   121 D AudioHardware: closePcmOut_l() mPcmOpenCnt: 1
07-01 01:40:23.820   364   364 D wpa_supplicant: RTM_NEWLINK: operstate=1 ifi_flags=0x11043 ([UP][RUNNING][LOWER_UP])
07-01 01:40:23.820   364   364 D wpa_supplicant: RTM_NEWLINK, IFLA_IFNAME: Interface 'wlan0' added
07-01 01:40:23.820   364   364 D wpa_supplicant: Wireless event: cmd=0x8c00 len=20
07-01 01:40:23.855   364   364 D wpa_supplicant: RTM_NEWLINK: operstate=1 ifi_flags=0x11043 ([UP][RUNNING][LOWER_UP])
07-01 01:40:23.855   364   364 D wpa_supplicant: RTM_NEWLINK, IFLA_IFNAME: Interface 'wlan0' added
07-01 01:40:23.855   364   364 D wpa_supplicant: Wireless event: cmd=0x8c00 len=20
07-01 01:40:23.953   364   364 D wpa_supplicant: wpa_driver_wext_driver_cmd RSSI len = 248
07-01 01:40:23.961   364   364 D wpa_supplicant: wpa_driver_wext_driver_cmd mj rssi -91  len = 12, 12
07-01 01:40:23.961   364   364 D wpa_supplicant: wpa_driver_wext_driver_cmd LINKSPEED len = 248
07-01 01:40:23.961   364   364 D wpa_supplicant: wpa_driver_wext_driver_cmd LinkSpeed 48 len = 12, 12
07-01 01:40:26.937   398   400 D dalvikvm: GC_CONCURRENT freed 714K, 58% free 10647K/25287K, paused 5ms+12ms
07-01 01:40:26.964   364   364 D wpa_supplicant: wpa_driver_wext_driver_cmd RSSI len = 248
07-01 01:40:26.972   364   364 D wpa_supplicant: wpa_driver_wext_driver_cmd mj rssi -92  len = 12, 12
07-01 01:40:26.972   364   364 D wpa_supplicant: wpa_driver_wext_driver_cmd LINKSPEED len = 248
07-01 01:40:26.972   364   364 D wpa_supplicant: wpa_driver_wext_driver_cmd LinkSpeed 48 len = 12, 12
07-01 01:40:27.765   364   364 D wpa_supplicant: RTM_NEWLINK: operstate=1 ifi_flags=0x11043 ([UP][RUNNING][LOWER_UP])
07-01 01:40:27.773   364   364 D wpa_supplicant: RTM_NEWLINK, IFLA_IFNAME: Interface 'wlan0' added
07-01 01:40:27.773   364   364 D wpa_supplicant: Wireless event: cmd=0x8c00 len=20
07-01 01:40:27.855   364   364 D wpa_supplicant: RTM_NEWLINK: operstate=1 ifi_flags=0x11043 ([UP][RUNNING][LOWER_UP])
07-01 01:40:27.855   364   364 D wpa_supplicant: RTM_NEWLINK, IFLA_IFNAME: Interface 'wlan0' added
07-01 01:40:27.855   364   364 D wpa_supplicant: Wireless event: cmd=0x8c00 len=20
07-01 01:40:27.961   364   364 D wpa_supplicant: RTM_NEWLINK: operstate=1 ifi_flags=0x11043 ([UP][RUNNING][LOWER_UP])
07-01 01:40:27.961   364   364 D wpa_supplicant: RTM_NEWLINK, IFLA_IFNAME: Interface 'wlan0' added
07-01 01:40:27.961   364   364 D wpa_supplicant: Wireless event: cmd=0x8c00 len=20
07-01 01:40:28.066   364   364 D wpa_supplicant: RTM_NEWLINK: operstate=1 ifi_flags=0x11043 ([UP][RUNNING][LOWER_UP])
07-01 01:40:28.066   364   364 D wpa_supplicant: RTM_NEWLINK, IFLA_IFNAME: Interface 'wlan0' added
07-01 01:40:28.066   364   364 D wpa_supplicant: Wireless event: cmd=0x8c00 len=20
07-01 01:40:28.336   398   398 V PhoneStatusBar: setLightsOn(true)
07-01 01:40:28.632 32273 32418 D dalvikvm: GC_EXPLICIT freed 377K, 5% free 9444K/9927K, paused 2ms+4ms
07-01 01:40:28.781   151  3110 D dalvikvm: JIT code cache reset in 5 ms (1048528 bytes 95/0)
07-01 01:40:28.804   151  3110 D dalvikvm: GC_EXPLICIT freed 886K, 31% free 17066K/24391K, paused 3ms+14ms
07-01 01:40:28.937 31875 32116 D dalvikvm: GC_EXPLICIT freed 1493K, 37% free 13089K/20743K, paused 5ms+7ms
07-01 01:40:29.586   151   546 I ActivityManager: START {flg=0x14000000 cmp=com.whatsapp/.Conversation (has extras)} from pid 31875
07-01 01:40:29.675 31739 31752 I PhoneLab-: Service Running
07-01 01:40:29.914   398   400 D dalvikvm: GC_CONCURRENT freed 700K, 59% free 10464K/25287K, paused 2ms+4ms
07-01 01:40:29.976   364   364 D wpa_supplicant: wpa_driver_wext_driver_cmd RSSI len = 248
07-01 01:40:29.976   364   364 D wpa_supplicant: wpa_driver_wext_driver_cmd mj rssi -92  len = 12, 12
07-01 01:40:29.976   364   364 D wpa_supplicant: wpa_driver_wext_driver_cmd LINKSPEED len = 248
07-01 01:40:29.976   364   364 D wpa_supplicant: wpa_driver_wext_driver_cmd LinkSpeed 48 len = 12, 12
07-01 01:40:29.984   364   364 D wpa_supplicant: RTM_NEWLINK: operstate=1 ifi_flags=0x11043 ([UP][RUNNING][LOWER_UP])
07-01 01:40:29.984   364   364 D wpa_supplicant: RTM_NEWLINK, IFLA_IFNAME: Interface 'wlan0' added
07-01 01:40:29.984   364   364 D wpa_supplicant: Wireless event: cmd=0x8c00 len=20
07-01 01:40:30.054   398   398 V PhoneStatusBar: setLightsOn(true)
07-01 01:40:30.117   364   364 D wpa_supplicant: RTM_NEWLINK: operstate=1 ifi_flags=0x11043 ([UP][RUNNING][LOWER_UP])
07-01 01:40:30.117   364   364 D wpa_supplicant: RTM_NEWLINK, IFLA_IFNAME: Interface 'wlan0' added
07-01 01:40:30.117   364   364 D wpa_supplicant: Wireless event: cmd=0x8c00 len=20
07-01 01:40:30.152   151   167 I Process : Sending signal. PID: 31875 SIG: 3
07-01 01:40:30.152 31875 31880 I dalvikvm: threadid=3: reacting to signal 3
07-01 01:40:30.160 31875 31880 I dalvikvm: Wrote stack traces to '/data/anr/traces.txt'
07-01 01:40:30.211   364   364 D wpa_supplicant: RTM_NEWLINK: operstate=1 ifi_flags=0x11043 ([UP][RUNNING][LOWER_UP])
07-01 01:40:30.211   364   364 D wpa_supplicant: RTM_NEWLINK, IFLA_IFNAME: Interface 'wlan0' added
07-01 01:40:30.211   364   364 D wpa_supplicant: Wireless event: cmd=0x8c00 len=20
07-01 01:40:30.277   151   199 I ActivityManager: Displayed com.whatsapp/.Conversation: +626ms
07-01 01:40:30.281   364   364 D wpa_supplicant: RTM_NEWLINK: operstate=1 ifi_flags=0x11043 ([UP][RUNNING][LOWER_UP])
07-01 01:40:30.281   364   364 D wpa_supplicant: RTM_NEWLINK, IFLA_IFNAME: Interface 'wlan0' added
07-01 01:40:30.281   364   364 D wpa_supplicant: Wireless event: cmd=0x8c00 len=20
07-01 01:40:30.296   398   398 V PhoneStatusBar: setLightsOn(true)
07-01 01:40:30.312   364   364 D wpa_supplicant: RTM_NEWLINK: operstate=1 ifi_flags=0x11043 ([UP][RUNNING][LOWER_UP])
07-01 01:40:30.312   364   364 D wpa_supplicant: RTM_NEWLINK, IFLA_IFNAME: Interface 'wlan0' added
07-01 01:40:30.312   364   364 D wpa_supplicant: Wireless event: cmd=0x8c00 len=20
07-01 01:40:30.390 31739 31741 D dalvikvm: GC_CONCURRENT freed 437K, 15% free 9136K/10631K, paused 24ms+2ms
07-01 01:40:30.398 31739 31752 I PhoneLab-LoggerService: app_37    1563  1     1856   1404  c00f181c 400107b4 S logcat
07-01 01:40:30.406 31739 31752 I PhoneLab-LoggerService: Logcat pid from database 1563
07-01 01:40:30.406 31739 31752 I PhoneLab-LoggerService: Logcat process found 1563
07-01 01:40:30.406 31739 31752 I PhoneLab-LoggerService: Checking Threshold
07-01 01:40:30.418   364   364 D wpa_supplicant: RTM_NEWLINK: operstate=1 ifi_flags=0x11043 ([UP][RUNNING][LOWER_UP])
07-01 01:40:30.418   364   364 D wpa_supplicant: RTM_NEWLINK, IFLA_IFNAME: Interface 'wlan0' added
07-01 01:40:30.418   364   364 D wpa_supplicant: Wireless event: cmd=0x8c00 len=20
07-01 01:40:30.523   364   364 D wpa_supplicant: RTM_NEWLINK: operstate=1 ifi_flags=0x11043 ([UP][RUNNING][LOWER_UP])
07-01 01:40:30.523   364   364 D wpa_supplicant: RTM_NEWLINK, IFLA_IFNAME: Interface 'wlan0' added
07-01 01:40:30.523   364   364 D wpa_supplicant: Wireless event: cmd=0x8c00 len=20
07-01 01:40:30.625   364   364 D wpa_supplicant: RTM_NEWLINK: operstate=1 ifi_flags=0x11043 ([UP][RUNNING][LOWER_UP])
07-01 01:40:30.625   364   364 D wpa_supplicant: RTM_NEWLINK, IFLA_IFNAME: Interface 'wlan0' added
07-01 01:40:30.625   364   364 D wpa_supplicant: Wireless event: cmd=0x8c00 len=20
07-01 01:40:30.781   364   364 D wpa_supplicant: RTM_NEWLINK: operstate=1 ifi_flags=0x11043 ([UP][RUNNING][LOWER_UP])
07-01 01:40:30.781   364   364 D wpa_supplicant: RTM_NEWLINK, IFLA_IFNAME: Interface 'wlan0' added
07-01 01:40:30.781   364   364 D wpa_supplicant: Wireless event: cmd=0x8c00 len=20
07-01 01:40:30.882   364   364 D wpa_supplicant: RTM_NEWLINK: operstate=1 ifi_flags=0x11043 ([UP][RUNNING][LOWER_UP])
07-01 01:40:30.882   364   364 D wpa_supplicant: RTM_NEWLINK, IFLA_IFNAME: Interface 'wlan0' added
07-01 01:40:30.882   364   364 D wpa_supplicant: Wireless event: cmd=0x8c00 len=20
07-01 01:40:31.004   151   570 I ActivityManager: START {flg=0x14000000 cmp=com.whatsapp/.Conversation (has extras)} from pid 31875
07-01 01:40:31.211 31875 31878 D dalvikvm: GC_CONCURRENT freed 1097K, 37% free 13245K/20743K, paused 2ms+13ms
07-01 01:40:31.242   364   364 D wpa_supplicant: RTM_NEWLINK: operstate=1 ifi_flags=0x11043 ([UP][RUNNING][LOWER_UP])
07-01 01:40:31.242   364   364 D wpa_supplicant: RTM_NEWLINK, IFLA_IFNAME: Interface 'wlan0' added
07-01 01:40:31.242   364   364 D wpa_supplicant: Wireless event: cmd=0x8c00 len=20
07-01 01:40:31.312   398   398 V PhoneStatusBar: setLightsOn(true)
07-01 01:40:31.347   364   364 D wpa_supplicant: RTM_NEWLINK: operstate=1 ifi_flags=0x11043 ([UP][RUNNING][LOWER_UP])
07-01 01:40:31.347   364   364 D wpa_supplicant: RTM_NEWLINK, IFLA_IFNAME: Interface 'wlan0' added
07-01 01:40:31.347   364   364 D wpa_supplicant: Wireless event: cmd=0x8c00 len=20
07-01 01:40:31.480   151   199 I ActivityManager: Displayed com.whatsapp/.Conversation: +427ms
07-01 01:40:32.543   398   398 D dalvikvm: GC_FOR_ALLOC freed 520K, 60% free 10293K/25287K, paused 86ms
07-01 01:40:32.730   398   400 D dalvikvm: GC_CONCURRENT freed 244K, 59% free 10452K/25287K, paused 4ms+9ms
07-01 01:40:32.863   364   364 D wpa_supplicant: RTM_NEWLINK: operstate=1 ifi_flags=0x11043 ([UP][RUNNING][LOWER_UP])
07-01 01:40:32.863   364   364 D wpa_supplicant: RTM_NEWLINK, IFLA_IFNAME: Interface 'wlan0' added
07-01 01:40:32.863   364   364 D wpa_supplicant: Wireless event: cmd=0x8c00 len=20
07-01 01:40:32.980   364   364 D wpa_supplicant: wpa_driver_wext_driver_cmd RSSI len = 248
07-01 01:40:32.988   364   364 D wpa_supplicant: wpa_driver_wext_driver_cmd mj rssi -94  len = 12, 12
07-01 01:40:32.988   364   364 D wpa_supplicant: wpa_driver_wext_driver_cmd LINKSPEED len = 248
07-01 01:40:32.988   364   364 D wpa_supplicant: wpa_driver_wext_driver_cmd LinkSpeed 48 len = 12, 12
07-01 01:40:33.527   364   364 D wpa_supplicant: RTM_NEWLINK: operstate=1 ifi_flags=0x11043 ([UP][RUNNING][LOWER_UP])
07-01 01:40:33.527   364   364 D wpa_supplicant: RTM_NEWLINK, IFLA_IFNAME: Interface 'wlan0' added
07-01 01:40:33.527   364   364 D wpa_supplicant: Wireless event: cmd=0x8c00 len=20
07-01 01:40:34.867   364   364 D wpa_supplicant: RTM_NEWLINK: operstate=1 ifi_flags=0x11043 ([UP][RUNNING][LOWER_UP])
07-01 01:40:34.867   364   364 D wpa_supplicant: RTM_NEWLINK, IFLA_IFNAME: Interface 'wlan0' added
07-01 01:40:34.867   364   364 D wpa_supplicant: Wireless event: cmd=0x8c00 len=20
07-01 01:40:35.992   364   364 D wpa_supplicant: wpa_driver_wext_driver_cmd RSSI len = 248
07-01 01:40:36.000   364   364 D wpa_supplicant: wpa_driver_wext_driver_cmd mj rssi -92  len = 12, 12
07-01 01:40:36.000   364   364 D wpa_supplicant: wpa_driver_wext_driver_cmd LINKSPEED len = 248
07-01 01:40:36.000   364   364 D wpa_supplicant: wpa_driver_wext_driver_cmd LinkSpeed 48 len = 12, 12
07-01 01:40:37.382   364   364 D wpa_supplicant: RTM_NEWLINK: operstate=1 ifi_flags=0x11043 ([UP][RUNNING][LOWER_UP])
07-01 01:40:37.382   364   364 D wpa_supplicant: RTM_NEWLINK, IFLA_IFNAME: Interface 'wlan0' added
07-01 01:40:37.382   364   364 D wpa_supplicant: Wireless event: cmd=0x8c00 len=20
07-01 01:40:37.613    81   121 D AudioHardware: AudioHardware pcm playback is exiting standby.
07-01 01:40:37.613    81   121 D AudioHardware: openPcmOut_l() mPcmOpenCnt: 0
07-01 01:40:37.664   364   364 D wpa_supplicant: RTM_NEWLINK: operstate=1 ifi_flags=0x11043 ([UP][RUNNING][LOWER_UP])
07-01 01:40:37.664   364   364 D wpa_supplicant: RTM_NEWLINK, IFLA_IFNAME: Interface 'wlan0' added
07-01 01:40:37.664   364   364 D wpa_supplicant: Wireless event: cmd=0x8c00 len=20
07-01 01:40:37.839   364   364 D wpa_supplicant: RTM_NEWLINK: operstate=1 ifi_flags=0x11043 ([UP][RUNNING][LOWER_UP])
07-01 01:40:37.839   364   364 D wpa_supplicant: RTM_NEWLINK, IFLA_IFNAME: Interface 'wlan0' added
07-01 01:40:37.839   364   364 D wpa_supplicant: Wireless event: cmd=0x8c00 len=20
07-01 01:40:37.894   364   364 D wpa_supplicant: RTM_NEWLINK: operstate=1 ifi_flags=0x11043 ([UP][RUNNING][LOWER_UP])
07-01 01:40:37.894   364   364 D wpa_supplicant: RTM_NEWLINK, IFLA_IFNAME: Interface 'wlan0' added
07-01 01:40:37.894   364   364 D wpa_supplicant: Wireless event: cmd=0x8c00 len=20
07-01 01:40:37.914   398   400 D dalvikvm: GC_CONCURRENT freed 188K, 58% free 10707K/25287K, paused 1ms+5ms
07-01 01:40:38.046   364   364 D wpa_supplicant: RTM_NEWLINK: operstate=1 ifi_flags=0x11043 ([UP][RUNNING][LOWER_UP])
07-01 01:40:38.046   364   364 D wpa_supplicant: RTM_NEWLINK, IFLA_IFNAME: Interface 'wlan0' added
07-01 01:40:38.046   364   364 D wpa_supplicant: Wireless event: cmd=0x8c00 len=20
07-01 01:40:39.004   364   364 D wpa_supplicant: wpa_driver_wext_driver_cmd RSSI len = 248
07-01 01:40:39.004   364   364 D wpa_supplicant: wpa_driver_wext_driver_cmd mj rssi -93  len = 12, 12
07-01 01:40:39.004   364   364 D wpa_supplicant: wpa_driver_wext_driver_cmd LINKSPEED len = 248
07-01 01:40:39.004   364   364 D wpa_supplicant: wpa_driver_wext_driver_cmd LinkSpeed 48 len = 12, 12
07-01 01:40:39.242   364   364 D wpa_supplicant: RTM_NEWLINK: operstate=1 ifi_flags=0x11043 ([UP][RUNNING][LOWER_UP])
07-01 01:40:39.242   364   364 D wpa_supplicant: RTM_NEWLINK, IFLA_IFNAME: Interface 'wlan0' added
07-01 01:40:39.242   364   364 D wpa_supplicant: Wireless event: cmd=0x8c00 len=20
07-01 01:40:41.632   364   364 D wpa_supplicant: RTM_NEWLINK: operstate=1 ifi_flags=0x11043 ([UP][RUNNING][LOWER_UP])
07-01 01:40:41.632   364   364 D wpa_supplicant: RTM_NEWLINK, IFLA_IFNAME: Interface 'wlan0' added
07-01 01:40:41.632   364   364 D wpa_supplicant: Wireless event: cmd=0x8c00 len=20
07-01 01:40:42.007   364   364 D wpa_supplicant: wpa_driver_wext_driver_cmd RSSI len = 248
07-01 01:40:42.015   364   364 D wpa_supplicant: wpa_driver_wext_driver_cmd mj rssi -94  len = 12, 12
07-01 01:40:42.015   364   364 D wpa_supplicant: wpa_driver_wext_driver_cmd LINKSPEED len = 248
07-01 01:40:42.015   364   364 D wpa_supplicant: wpa_driver_wext_driver_cmd LinkSpeed 48 len = 12, 12
07-01 01:40:42.257    81   121 D AudioHardware: AudioHardware pcm playback is going to standby.
07-01 01:40:42.257    81   121 D AudioHardware: closePcmOut_l() mPcmOpenCnt: 1
07-01 01:40:44.875   398   400 D dalvikvm: GC_CONCURRENT freed 486K, 58% free 10781K/25287K, paused 4ms+8ms
07-01 01:40:45.019   364   364 D wpa_supplicant: wpa_driver_wext_driver_cmd RSSI len = 248
07-01 01:40:45.027   364   364 D wpa_supplicant: wpa_driver_wext_driver_cmd mj rssi -90  len = 12, 12
07-01 01:40:45.027   364   364 D wpa_supplicant: wpa_driver_wext_driver_cmd LINKSPEED len = 248
07-01 01:40:45.027   364   364 D wpa_supplicant: wpa_driver_wext_driver_cmd LinkSpeed 48 len = 12, 12
07-01 01:40:45.718   398   398 V PhoneStatusBar: setLightsOn(true)
07-01 01:40:46.148 31875 31878 D dalvikvm: GC_CONCURRENT freed 1161K, 36% free 13375K/20743K, paused 2ms+8ms
07-01 01:40:46.863   151   669 I ActivityManager: START {flg=0x14000000 cmp=com.whatsapp/.Conversation (has extras)} from pid 31875
07-01 01:40:47.195   398   398 D dalvikvm: GC_FOR_ALLOC freed 940K, 60% free 10275K/25287K, paused 37ms
07-01 01:40:47.320   398   400 D dalvikvm: GC_CONCURRENT freed 335K, 60% free 10325K/25287K, paused 2ms+6ms
07-01 01:40:47.410   398   398 V PhoneStatusBar: setLightsOn(true)
07-01 01:40:47.476   151   167 I Process : Sending signal. PID: 31875 SIG: 3
07-01 01:40:47.476 31875 31880 I dalvikvm: threadid=3: reacting to signal 3
07-01 01:40:47.504 31875 31880 I dalvikvm: Wrote stack traces to '/data/anr/traces.txt'
07-01 01:40:47.629   151   199 I ActivityManager: Displayed com.whatsapp/.Conversation: +656ms
07-01 01:40:48.031   364   364 D wpa_supplicant: wpa_driver_wext_driver_cmd RSSI len = 248
07-01 01:40:48.039   364   364 D wpa_supplicant: wpa_driver_wext_driver_cmd mj rssi -89  len = 12, 12
07-01 01:40:48.039   364   364 D wpa_supplicant: wpa_driver_wext_driver_cmd LINKSPEED len = 248
07-01 01:40:48.043   364   364 D wpa_supplicant: wpa_driver_wext_driver_cmd LinkSpeed 48 len = 12, 12
07-01 01:40:48.414   364   364 D wpa_supplicant: RTM_NEWLINK: operstate=1 ifi_flags=0x11043 ([UP][RUNNING][LOWER_UP])
07-01 01:40:48.414   364   364 D wpa_supplicant: RTM_NEWLINK, IFLA_IFNAME: Interface 'wlan0' added
07-01 01:40:48.414   364   364 D wpa_supplicant: Wireless event: cmd=0x8c00 len=20
07-01 01:40:48.539   364   364 D wpa_supplicant: RTM_NEWLINK: operstate=1 ifi_flags=0x11043 ([UP][RUNNING][LOWER_UP])
07-01 01:40:48.539   364   364 D wpa_supplicant: RTM_NEWLINK, IFLA_IFNAME: Interface 'wlan0' added
07-01 01:40:48.539   364   364 D wpa_supplicant: Wireless event: cmd=0x8c00 len=20
07-01 01:40:48.796   398   400 D dalvikvm: GC_CONCURRENT freed 402K, 60% free 10365K/25287K, paused 5ms+17ms
07-01 01:40:48.902    81   121 D AudioHardware: AudioHardware pcm playback is exiting standby.
07-01 01:40:48.902    81   121 D AudioHardware: openPcmOut_l() mPcmOpenCnt: 0
07-01 01:40:51.062   364   364 D wpa_supplicant: wpa_driver_wext_driver_cmd RSSI len = 248
07-01 01:40:51.070   364   364 D wpa_supplicant: wpa_driver_wext_driver_cmd mj rssi -92  len = 12, 12
07-01 01:40:51.070   364   364 D wpa_supplicant: wpa_driver_wext_driver_cmd LINKSPEED len = 248
07-01 01:40:51.074   364   364 D wpa_supplicant: wpa_driver_wext_driver_cmd LinkSpeed 48 len = 12, 12
07-01 01:40:51.504   364   364 D wpa_supplicant: RTM_NEWLINK: operstate=1 ifi_flags=0x11043 ([UP][RUNNING][LOWER_UP])
07-01 01:40:51.504   364   364 D wpa_supplicant: RTM_NEWLINK, IFLA_IFNAME: Interface 'wlan0' added
07-01 01:40:51.504   364   364 D wpa_supplicant: Wireless event: cmd=0x8c00 len=20
07-01 01:40:52.566   364   364 D wpa_supplicant: RTM_NEWLINK: operstate=1 ifi_flags=0x11043 ([UP][RUNNING][LOWER_UP])
07-01 01:40:52.566   364   364 D wpa_supplicant: RTM_NEWLINK, IFLA_IFNAME: Interface 'wlan0' added
07-01 01:40:52.566   364   364 D wpa_supplicant: Wireless event: cmd=0x8c00 len=20
07-01 01:40:54.082   364   364 D wpa_supplicant: wpa_driver_wext_driver_cmd RSSI len = 248
07-01 01:40:54.089   364   364 D wpa_supplicant: wpa_driver_wext_driver_cmd mj rssi -92  len = 12, 12
07-01 01:40:54.089   364   364 D wpa_supplicant: wpa_driver_wext_driver_cmd LINKSPEED len = 248
07-01 01:40:54.089   364   364 D wpa_supplicant: wpa_driver_wext_driver_cmd LinkSpeed 48 len = 12, 12
07-01 01:40:54.359    81   121 D AudioHardware: AudioHardware pcm playback is going to standby.
07-01 01:40:54.359    81   121 D AudioHardware: closePcmOut_l() mPcmOpenCnt: 1
07-01 01:40:54.636   364   364 D wpa_supplicant: RTM_NEWLINK: operstate=1 ifi_flags=0x11043 ([UP][RUNNING][LOWER_UP])
07-01 01:40:54.636   364   364 D wpa_supplicant: RTM_NEWLINK, IFLA_IFNAME: Interface 'wlan0' added
07-01 01:40:54.636   364   364 D wpa_supplicant: Wireless event: cmd=0x8c00 len=20
07-01 01:40:57.093   364   364 D wpa_supplicant: wpa_driver_wext_driver_cmd RSSI len = 248
07-01 01:40:57.101   364   364 D wpa_supplicant: wpa_driver_wext_driver_cmd mj rssi -92  len = 12, 12
07-01 01:40:57.101   364   364 D wpa_supplicant: wpa_driver_wext_driver_cmd LINKSPEED len = 248
07-01 01:40:57.101   364   364 D wpa_supplicant: wpa_driver_wext_driver_cmd LinkSpeed 5 len = 11, 11
07-01 01:41:00.105   364   364 D wpa_supplicant: wpa_driver_wext_driver_cmd RSSI len = 248
07-01 01:41:00.113   364   364 D wpa_supplicant: wpa_driver_wext_driver_cmd mj rssi -94  len = 12, 12
07-01 01:41:00.113   364   364 D wpa_supplicant: wpa_driver_wext_driver_cmd LINKSPEED len = 248
07-01 01:41:00.113   364   364 D wpa_supplicant: wpa_driver_wext_driver_cmd LinkSpeed 5 len = 11, 11
07-01 01:41:01.461 31875 31878 D dalvikvm: GC_CONCURRENT freed 1102K, 34% free 13753K/20743K, paused 2ms+10ms
07-01 01:41:02.289  7711  7713 D dalvikvm: GC_CONCURRENT freed 1355K, 17% free 12921K/15559K, paused 2ms+13ms
07-01 01:41:03.062   364   364 D wpa_supplicant: RTM_NEWLINK: operstate=1 ifi_flags=0x11043 ([UP][RUNNING][LOWER_UP])
07-01 01:41:03.062   364   364 D wpa_supplicant: RTM_NEWLINK, IFLA_IFNAME: Interface 'wlan0' added
07-01 01:41:03.062   364   364 D wpa_supplicant: Wireless event: cmd=0x8c00 len=20
07-01 01:41:03.117   364   364 D wpa_supplicant: wpa_driver_wext_driver_cmd RSSI len = 248
07-01 01:41:03.125   364   364 D wpa_supplicant: wpa_driver_wext_driver_cmd mj rssi -94  len = 12, 12
07-01 01:41:03.125   364   364 D wpa_supplicant: wpa_driver_wext_driver_cmd LINKSPEED len = 248
07-01 01:41:03.129   364   364 D wpa_supplicant: wpa_driver_wext_driver_cmd LinkSpeed 5 len = 11, 11
07-01 01:41:03.195   364   364 D wpa_supplicant: RTM_NEWLINK: operstate=1 ifi_flags=0x11043 ([UP][RUNNING][LOWER_UP])
07-01 01:41:03.195   364   364 D wpa_supplicant: RTM_NEWLINK, IFLA_IFNAME: Interface 'wlan0' added
07-01 01:41:03.195   364   364 D wpa_supplicant: Wireless event: cmd=0x8c00 len=20
07-01 01:41:03.289   364   364 D wpa_supplicant: RTM_NEWLINK: operstate=1 ifi_flags=0x11043 ([UP][RUNNING][LOWER_UP])
