07-06 22:29:52.672 17791 17794 D dalvikvm: GC_CONCURRENT freed 610K, 7% free 10841K/11591K, paused 50ms+9ms
07-06 22:29:55.168    82   131 D AudioHardware: AudioHardware pcm playback is going to standby.
07-06 22:29:55.168    82   131 D AudioHardware: closePcmOut_l() mPcmOpenCnt: 1
07-06 22:29:56.925 17791 17805 D Email   : *** synchronizeMailboxGeneric ***
07-06 22:30:00.230   158  5941 D dalvikvm: GC_EXPLICIT freed 613K, 24% free 17981K/23431K, paused 3ms+7ms
07-06 22:30:00.351   158 22173 I AudioService:  AudioFocus  requestAudioFocus() from android.media.AudioManager@416fafe0
07-06 22:30:00.386    82   131 D AudioHardware: AudioHardware pcm playback is exiting standby.
07-06 22:30:00.386    82   131 D AudioHardware: openPcmOut_l() mPcmOpenCnt: 0
07-06 22:30:00.398   393   395 D dalvikvm: GC_CONCURRENT freed 34K, 64% free 10395K/28231K, paused 1ms+4ms
07-06 22:30:00.507   393   395 D dalvikvm: GC_CONCURRENT freed 651K, 64% free 10238K/28231K, paused 2ms+4ms
07-06 22:30:01.273   158 22173 I AudioService:  AudioFocus  abandonAudioFocus() from android.media.AudioManager@416fafe0
07-06 22:30:02.211   457   460 D dalvikvm: GC_CONCURRENT freed 833K, 18% free 12043K/14599K, paused 13ms+3ms
07-06 22:30:02.691 17791 17805 D dalvikvm: GC_FOR_ALLOC freed 424K, 7% free 10861K/11591K, paused 65ms
07-06 22:30:02.906 17791 17805 D dalvikvm: GC_FOR_ALLOC freed <1K, 6% free 10898K/11591K, paused 209ms
07-06 22:30:03.007 17791 17805 D dalvikvm: GC_FOR_ALLOC freed 335K, 8% free 10789K/11655K, paused 28ms
07-06 22:30:03.523 17791 17818 I Email   : ReconcilePopImapAccountsSync: start
07-06 22:30:03.632 17791 17818 I Email   : ReconcilePopImapAccountsSync: done
07-06 22:30:03.797 17791 17857 D dalvikvm: GC_EXPLICIT freed 186K, 8% free 10727K/11655K, paused 5ms+5ms
07-06 22:30:04.359    82   131 D AudioHardware: AudioHardware pcm playback is going to standby.
07-06 22:30:04.359    82   131 D AudioHardware: closePcmOut_l() mPcmOpenCnt: 1
07-06 22:30:05.027 17791 17805 D Email   : *** synchronizeMailboxGeneric ***
07-06 22:30:37.148   158 13021 I ActivityManager: START {flg=0x10040000 cmp=com.whatsapp/.PopupNotificationLocked} from pid 20706
07-06 22:30:37.246    82   131 D AudioHardware: AudioHardware pcm playback is exiting standby.
07-06 22:30:37.246    82   131 D AudioHardware: openPcmOut_l() mPcmOpenCnt: 0
07-06 22:30:37.359   393   395 D dalvikvm: GC_CONCURRENT freed 278K, 64% free 10424K/28231K, paused 2ms+8ms
07-06 22:30:37.597 20706 20709 D dalvikvm: GC_CONCURRENT freed 1847K, 28% free 13826K/19079K, paused 2ms+6ms
07-06 22:30:37.648   158   174 I Process : Sending signal. PID: 20706 SIG: 3
07-06 22:30:37.648 20706 20711 I dalvikvm: threadid=3: reacting to signal 3
07-06 22:30:37.671 20706 20711 I dalvikvm: Wrote stack traces to '/data/anr/traces.txt'
07-06 22:30:41.218    82   131 D AudioHardware: AudioHardware pcm playback is going to standby.
07-06 22:30:41.218    82   131 D AudioHardware: closePcmOut_l() mPcmOpenCnt: 1
07-06 22:30:43.007   158   208 I power   : *** set_screen_state 1
07-06 22:30:43.082   158   208 W WindowManager: Aborted waiting for drawn: Window{413ab530 Keyguard paused=false}
07-06 22:30:43.082   158   208 I WindowManager: Lock screen displayed!
07-06 22:30:43.234    79   123 D SurfaceFlinger: Screen about to return, flinger = 0x1e7d918
07-06 22:30:43.265   158   213 I InputReader: Reconfiguring input devices.  changes=0x00000004
07-06 22:30:43.265   158   213 I InputReader: Device reconfigured: id=7, name='mxt224_ts_input', surface size is now 480x800, mode is 1
07-06 22:30:43.308   158   174 I ActivityManager: Config changed: {1.0 310mcc120mnc en_US layoutdir=0 sw320dp w533dp h294dp nrml long land finger -keyb/v/h -nav/h s.162}
07-06 22:30:43.394   393   395 D dalvikvm: GC_CONCURRENT freed 405K, 64% free 10409K/28231K, paused 9ms+7ms
07-06 22:30:43.429   158   208 D UnlockScreen: landscape mode
07-06 22:30:43.480   158   208 V TransportControlView: Create TCV com.android.internal.widget.TransportControlView@41404ae8
07-06 22:30:43.687   393   393 D dalvikvm: GC_FOR_ALLOC freed 408K, 64% free 10340K/28231K, paused 25ms
07-06 22:30:43.711   393   393 D dalvikvm: GC_FOR_ALLOC freed 196K, 63% free 10447K/28231K, paused 20ms
07-06 22:30:44.656   158   213 I InputReader: Reconfiguring input devices.  changes=0x00000004
07-06 22:30:44.656   158   213 I InputReader: Device reconfigured: id=7, name='mxt224_ts_input', surface size is now 480x800, mode is 1
07-06 22:30:44.687   158   174 I ActivityManager: Config changed: {1.0 310mcc120mnc en_US layoutdir=0 sw320dp w320dp h508dp nrml long port finger -keyb/v/h -nav/h s.163}
07-06 22:30:44.738   158   208 D UnlockScreen: portrait mode
07-06 22:30:44.773   158   208 V TransportControlView: Create TCV com.android.internal.widget.TransportControlView@41420948
07-06 22:30:44.929   393   393 D dalvikvm: GC_FOR_ALLOC freed 350K, 63% free 10474K/28231K, paused 20ms
07-06 22:30:44.957   393   393 D dalvikvm: GC_FOR_ALLOC freed 633K, 64% free 10204K/28231K, paused 18ms
07-06 22:30:47.340   158   207 D dalvikvm: GC_EXPLICIT freed 1328K, 24% free 18025K/23431K, paused 39ms+21ms
07-06 22:30:54.922   158   213 I InputReader: Reconfiguring input devices.  changes=0x00000004
07-06 22:30:54.922   158   213 I InputReader: Device reconfigured: id=7, name='mxt224_ts_input', surface size is now 480x800, mode is 1
07-06 22:30:54.988   158   174 I ActivityManager: Config changed: {1.0 310mcc120mnc en_US layoutdir=0 sw320dp w533dp h294dp nrml long land finger -keyb/v/h -nav/h s.164}
07-06 22:30:55.027   158   208 D UnlockScreen: landscape mode
07-06 22:30:55.066   158   208 V TransportControlView: Create TCV com.android.internal.widget.TransportControlView@41443190
07-06 22:30:55.261   393   393 D dalvikvm: GC_FOR_ALLOC freed 233K, 64% free 10228K/28231K, paused 19ms
07-06 22:30:55.281   393   393 D dalvikvm: GC_FOR_ALLOC freed 209K, 64% free 10322K/28231K, paused 17ms
07-06 22:30:55.304   393   393 D dalvikvm: GC_FOR_ALLOC freed 182K, 64% free 10443K/28231K, paused 17ms
07-06 22:30:55.886   158   213 I InputReader: Reconfiguring input devices.  changes=0x00000004
07-06 22:30:55.886   158   213 I InputReader: Device reconfigured: id=7, name='mxt224_ts_input', surface size is now 480x800, mode is 1
07-06 22:30:55.910   158   207 I ActivityManager: Config changed: {1.0 310mcc120mnc en_US layoutdir=0 sw320dp w320dp h508dp nrml long port finger -keyb/v/h -nav/h s.165}
07-06 22:30:55.965   158   208 D UnlockScreen: portrait mode
07-06 22:30:56.000   158   208 V TransportControlView: Create TCV com.android.internal.widget.TransportControlView@41446ad8
07-06 22:30:56.152   393   393 D dalvikvm: GC_FOR_ALLOC freed 346K, 63% free 10474K/28231K, paused 39ms
07-06 22:30:56.179   393   393 D dalvikvm: GC_FOR_ALLOC freed 633K, 64% free 10204K/28231K, paused 18ms
07-06 22:30:57.617   158   174 D dalvikvm: GC_EXPLICIT freed 917K, 24% free 18000K/23431K, paused 22ms+7ms
07-06 22:30:57.875   457   457 D dalvikvm: GC_FOR_ALLOC freed 1175K, 21% free 11551K/14599K, paused 133ms
07-06 22:30:57.902   393   395 D dalvikvm: GC_CONCURRENT freed 27K, 63% free 10625K/28231K, paused 3ms+10ms
07-06 22:30:58.082   393   395 D dalvikvm: GC_CONCURRENT freed 430K, 63% free 10609K/28231K, paused 2ms+6ms
07-06 22:30:58.418   158   207 D dalvikvm: GC_EXPLICIT freed 170K, 24% free 17952K/23431K, paused 31ms+5ms
07-06 22:31:00.511   457   460 D dalvikvm: GC_CONCURRENT freed 265K, 18% free 12073K/14599K, paused 2ms+6ms
07-06 22:31:14.609   457   460 D dalvikvm: GC_CONCURRENT freed 991K, 18% free 11991K/14599K, paused 2ms+3ms
07-06 22:31:16.718   393   393 D PhoneStatusBar: disable: < EXPAND icons alerts TICKER system_info BACK* HOME* RECENT CLOCK* >
07-06 22:31:17.058 20706 20709 D dalvikvm: GC_CONCURRENT freed 633K, 24% free 14668K/19079K, paused 2ms+6ms
07-06 22:31:17.156    82   131 D AudioHardware: AudioHardware pcm playback is exiting standby.
07-06 22:31:17.156    82   131 D AudioHardware: openPcmOut_l() mPcmOpenCnt: 0
07-06 22:31:17.336   393   395 D dalvikvm: GC_CONCURRENT freed 529K, 63% free 10567K/28231K, paused 2ms+3ms
07-06 22:31:18.437    86    86 I keystore: uid: 1000 action: p -> 1 state: 1 -> 1 retry: 4
07-06 22:31:18.453   393   393 D PhoneStatusBar: disable: < expand* icons alerts ticker* system_info BACK HOME recent* CLOCK >
07-06 22:31:18.457 30836 30852 D NfcService: NFC-C ON
07-06 22:31:18.488   393   393 V PhoneStatusBar: setLightsOn(true)
07-06 22:31:18.488   393   393 D PhoneStatusBar: disable: < expand icons alerts ticker system_info back* home* recent clock* >
07-06 22:31:19.289   158 22197 I AudioService:  AudioFocus  abandonAudioFocus() from android.media.AudioManager@416fafe0
07-06 22:31:20.500    82   131 D AudioHardware: AudioHardware pcm playback is going to standby.
07-06 22:31:20.504    82   131 D AudioHardware: closePcmOut_l() mPcmOpenCnt: 1
07-06 22:31:22.125   393   393 D dalvikvm: GC_FOR_ALLOC freed 728K, 64% free 10220K/28231K, paused 44ms
07-06 22:31:22.226   393   393 D dalvikvm: GC_FOR_ALLOC freed 386K, 64% free 10198K/28231K, paused 23ms
07-06 22:31:22.316   393   395 D dalvikvm: GC_CONCURRENT freed 289K, 64% free 10380K/28231K, paused 2ms+5ms
07-06 22:31:22.836   158   481 W InputManagerService: Window already focused, ignoring focus gain of: com.android.internal.view.IInputMethodClient$Stub$Proxy@41436240
07-06 22:31:22.840   393   393 V PhoneStatusBar: setLightsOn(true)
07-06 22:31:23.164 12149 12164 I PhoneLab-: Service Running
07-06 22:31:23.289 12149 12164 I PhoneLab-LoggerService: app_36    1325  1     1828   1376  c00f181c 400107b4 S logcat
07-06 22:31:23.289 12149 12164 I PhoneLab-LoggerService: Logcat pid from database 1325
07-06 22:31:23.289 12149 12164 I PhoneLab-LoggerService: Logcat process found 1325
07-06 22:31:23.289 12149 12164 I PhoneLab-LoggerService: Checking Threshold
07-06 22:31:24.113   158   212 I ActivityManager: START {act=android.intent.action.MAIN cat=[android.intent.category.HOME] flg=0x10200000 cmp=com.android.launcher/com.android.launcher2.Launcher} from pid 158
07-06 22:31:24.496   393   395 D dalvikvm: GC_CONCURRENT freed 747K, 65% free 10145K/28231K, paused 3ms+5ms
07-06 22:31:24.535 20706 20706 W IInputConnectionWrapper: showStatusIcon on inactive InputConnection
07-06 22:31:24.535 20706 20706 W IInputConnectionWrapper: showStatusIcon on inactive InputConnection
07-06 22:31:36.605   158 13021 I ActivityManager: START {flg=0x10040000 cmp=com.whatsapp/.PopupNotification} from pid 20706
07-06 22:31:36.738    82   131 D AudioHardware: AudioHardware pcm playback is exiting standby.
07-06 22:31:36.738    82   131 D AudioHardware: openPcmOut_l() mPcmOpenCnt: 0
07-06 22:31:36.879   393   395 D dalvikvm: GC_CONCURRENT freed 396K, 64% free 10199K/28231K, paused 1ms+6ms
07-06 22:31:37.027   393   393 V PhoneStatusBar: setLightsOn(true)
07-06 22:31:37.129   158   207 I ActivityManager: Displayed com.whatsapp/.PopupNotification: +476ms
07-06 22:31:40.711    82   131 D AudioHardware: AudioHardware pcm playback is going to standby.
07-06 22:31:40.711    82   131 D AudioHardware: closePcmOut_l() mPcmOpenCnt: 1
07-06 22:31:44.679   158   602 I ActivityManager: START {flg=0x14000000 cmp=com.whatsapp/.Conversation (has extras)} from pid 20706
07-06 22:31:44.742  1548  1548 D OpenGLRenderer: Flushing caches (mode 0)
07-06 22:31:44.984   393   395 D dalvikvm: GC_CONCURRENT freed 453K, 64% free 10198K/28231K, paused 2ms+6ms
07-06 22:31:45.222 20706 20748 D dalvikvm: GC_EXPLICIT freed 2426K, 28% free 13771K/19079K, paused 10ms+12ms
07-06 22:31:45.238   158   174 I Process : Sending signal. PID: 20706 SIG: 3
07-06 22:31:45.238 20706 20711 I dalvikvm: threadid=3: reacting to signal 3
07-06 22:31:45.261  1548  1548 D OpenGLRenderer: Flushing caches (mode 1)
07-06 22:31:45.300 20706 20711 I dalvikvm: Wrote stack traces to '/data/anr/traces.txt'
07-06 22:31:45.457   158   207 I ActivityManager: Displayed com.whatsapp/.Conversation: +720ms
07-06 22:31:45.461   393   393 V PhoneStatusBar: setLightsOn(true)
07-06 22:31:53.472 12149 12164 I PhoneLab-: Service Running
07-06 22:31:53.586 12149 12164 I PhoneLab-LoggerService: app_36    1325  1     1828   1376  c00f181c 400107b4 S logcat
07-06 22:31:53.590 12149 12164 I PhoneLab-LoggerService: Logcat pid from database 1325
07-06 22:31:53.590 12149 12164 I PhoneLab-LoggerService: Logcat process found 1325
07-06 22:31:53.590 12149 12164 I PhoneLab-LoggerService: Checking Threshold
07-06 22:31:53.605 12149 12150 D dalvikvm: GC_CONCURRENT freed 402K, 18% free 9143K/11079K, paused 3ms+3ms
07-06 22:32:15.718   158   213 I InputReader: Reconfiguring input devices.  changes=0x00000004
07-06 22:32:15.718   158   213 I InputReader: Device reconfigured: id=7, name='mxt224_ts_input', surface size is now 480x800, mode is 1
07-06 22:32:15.773   158   174 I ActivityManager: Config changed: {1.0 310mcc120mnc en_US layoutdir=0 sw320dp w533dp h294dp nrml long land finger -keyb/v/h -nav/h s.166}
07-06 22:32:15.859   393   395 D dalvikvm: GC_CONCURRENT freed 603K, 65% free 9998K/28231K, paused 2ms+4ms
07-06 22:32:17.129   158   213 I InputReader: Reconfiguring input devices.  changes=0x00000004
07-06 22:32:17.129   158   213 I InputReader: Device reconfigured: id=7, name='mxt224_ts_input', surface size is now 480x800, mode is 1
07-06 22:32:17.191   158   174 I ActivityManager: Config changed: {1.0 310mcc120mnc en_US layoutdir=0 sw320dp w320dp h508dp nrml long port finger -keyb/v/h -nav/h s.167}
07-06 22:32:17.355   393   393 D dalvikvm: GC_FOR_ALLOC freed 558K, 66% free 9805K/28231K, paused 34ms
07-06 22:32:19.644   158   207 D dalvikvm: GC_EXPLICIT freed 1735K, 23% free 18063K/23431K, paused 40ms+14ms
07-06 22:32:19.906   457   457 D dalvikvm: GC_FOR_ALLOC freed 954K, 22% free 11487K/14599K, paused 112ms
07-06 22:32:19.937   393   395 D dalvikvm: GC_CONCURRENT freed 38K, 64% free 10206K/28231K, paused 2ms+7ms
07-06 22:32:20.105   393   393 D dalvikvm: GC_FOR_ALLOC freed 536K, 65% free 10013K/28231K, paused 25ms
07-06 22:32:24.730   457   460 D dalvikvm: GC_CONCURRENT freed 144K, 18% free 12039K/14599K, paused 3ms+6ms
07-06 22:32:25.386   457   457 W Suggest : String pool got too big: 19
07-06 22:32:26.402    82   131 D AudioHardware: AudioHardware pcm playback is exiting standby.
07-06 22:32:26.402    82   131 D AudioHardware: openPcmOut_l() mPcmOpenCnt: 0
07-06 22:32:29.750    82   131 D AudioHardware: AudioHardware pcm playback is going to standby.
07-06 22:32:29.750    82   131 D AudioHardware: closePcmOut_l() mPcmOpenCnt: 1
07-06 22:32:31.648   158   213 I InputReader: Reconfiguring input devices.  changes=0x00000004
07-06 22:32:31.648   158   213 I InputReader: Device reconfigured: id=7, name='mxt224_ts_input', surface size is now 480x800, mode is 1
07-06 22:32:31.734   158   174 I ActivityManager: Config changed: {1.0 310mcc120mnc en_US layoutdir=0 sw320dp w533dp h294dp nrml long land finger -keyb/v/h -nav/h s.168}
07-06 22:32:31.933   393   393 D dalvikvm: GC_FOR_ALLOC freed 233K, 65% free 10026K/28231K, paused 43ms
07-06 22:32:31.976   393   393 D dalvikvm: GC_FOR_ALLOC freed 197K, 65% free 10131K/28231K, paused 36ms
07-06 22:32:32.332   457   457 D dalvikvm: GC_FOR_ALLOC freed 766K, 21% free 11598K/14599K, paused 74ms
07-06 22:32:32.437   457   460 D dalvikvm: GC_CONCURRENT freed 13K, 16% free 12337K/14599K, paused 3ms+5ms
07-06 22:32:33.789   158   213 I InputReader: Reconfiguring input devices.  changes=0x00000004
07-06 22:32:33.789   158   213 I InputReader: Device reconfigured: id=7, name='mxt224_ts_input', surface size is now 480x800, mode is 1
07-06 22:32:33.867   158   174 I ActivityManager: Config changed: {1.0 310mcc120mnc en_US layoutdir=0 sw320dp w320dp h508dp nrml long port finger -keyb/v/h -nav/h s.169}
07-06 22:32:34.090   393   393 D dalvikvm: GC_FOR_ALLOC freed 347K, 65% free 10162K/28231K, paused 25ms
07-06 22:32:34.429   393   395 D dalvikvm: GC_CONCURRENT freed 341K, 64% free 10211K/28231K, paused 1ms+13ms
07-06 22:32:35.636   457   460 D dalvikvm: GC_CONCURRENT freed 1119K, 17% free 12201K/14599K, paused 2ms+5ms
07-06 22:32:36.711   158   207 D dalvikvm: GC_EXPLICIT freed 1070K, 26% free 17534K/23431K, paused 14ms+8ms
07-06 22:32:56.640   158   212 I ActivityManager: START {act=android.intent.action.MAIN cat=[android.intent.category.HOME] flg=0x10200000 cmp=com.android.launcher/com.android.launcher2.Launcher} from pid 158
07-06 22:32:56.988   393   395 D dalvikvm: GC_CONCURRENT freed 591K, 65% free 10070K/28231K, paused 3ms+5ms
07-06 22:32:57.066 20706 20706 W IInputConnectionWrapper: showStatusIcon on inactive InputConnection
07-06 22:32:57.066   158  5989 W InputManagerService: Starting input on non-focused client com.android.internal.view.IInputMethodClient$Stub$Proxy@418e3fd0 (uid=10053 pid=20706)
07-06 22:33:53.472 12149 12164 I PhoneLab-: Service Running
07-06 22:33:53.543 12149 12164 I PhoneLab-LoggerService: app_36    1325  1     1828   1376  c00f181c 400107b4 S logcat
07-06 22:33:53.543 12149 12164 I PhoneLab-LoggerService: Logcat pid from database 1325
07-06 22:33:53.543 12149 12164 I PhoneLab-LoggerService: Logcat process found 1325
07-06 22:33:53.543 12149 12164 I PhoneLab-LoggerService: Checking Threshold
07-06 22:33:57.078   158   204 I power   : *** set_screen_state 0
07-06 22:33:57.136    79   123 D SurfaceFlinger: About to give-up screen, flinger = 0x1e7d918
07-06 22:33:57.285 30836 30896 D NfcService: NFC-C OFF, disconnect
07-06 22:34:02.121   158   208 D UnlockScreen: portrait mode
07-06 22:34:02.168   158   208 V TransportControlView: Create TCV com.android.internal.widget.TransportControlView@413b6338
07-06 22:34:02.187   393   393 D PhoneStatusBar: disable: < EXPAND* icons alerts TICKER* system_info back home RECENT* clock >
07-06 22:34:11.031   393   393 D PhoneStatusBar: disable: < EXPAND icons alerts TICKER system_info BACK* HOME* RECENT CLOCK* >
07-06 22:34:43.007   158   208 I power   : *** set_screen_state 1
07-06 22:34:43.089   158   208 I WindowManager: Lock screen displayed!
07-06 22:34:43.250    79   123 D SurfaceFlinger: Screen about to return, flinger = 0x1e7d918
07-06 22:34:45.293    86    86 I keystore: uid: 1000 action: p -> 1 state: 1 -> 1 retry: 4
07-06 22:34:45.312   393   393 D PhoneStatusBar: disable: < expand* icons alerts ticker* system_info BACK HOME recent* CLOCK >
07-06 22:34:45.316 30836 30899 D NfcService: NFC-C ON
07-06 22:34:45.328   158  5941 W InputManagerService: Window already focused, ignoring focus gain of: com.android.internal.view.IInputMethodClient$Stub$Proxy@417fbae0
07-06 22:34:45.339   393   393 D PhoneStatusBar: disable: < expand icons alerts ticker system_info back* home* recent clock* >
07-06 22:34:47.211   158   578 I ActivityManager: START {act=android.intent.action.MAIN cat=[android.intent.category.LAUNCHER] flg=0x10200000 cmp=com.android.contacts/.activities.PeopleActivity bnds=[96,706][192,802]} from pid 1548
07-06 22:34:47.437  1548  1548 D OpenGLRenderer: Flushing caches (mode 0)
07-06 22:34:47.566  1548  1548 D OpenGLRenderer: Flushing caches (mode 1)
07-06 22:34:47.593 21021 21023 D dalvikvm: GC_CONCURRENT freed 371K, 5% free 9805K/10311K, paused 9ms+5ms
07-06 22:34:47.714 21570 21596 D dalvikvm: GC_EXPLICIT freed 249K, 10% free 12720K/14023K, paused 16ms+5ms
07-06 22:34:51.863   158   509 I ActivityManager: START {act=android.intent.action.VIEW dat=content://com.android.contacts/contacts/lookup/664i66a162be0e642c84.844r239-3F37353749/230 cmp=com.android.contacts/.activities.ContactDetailActivity} from pid 21570
07-06 22:34:52.093 21570 21570 I ContactDetailActivity: content://com.android.contacts/contacts/lookup/664i66a162be0e642c84.844r239-3F37353749/230
07-06 22:34:52.246   158   207 I ActivityManager: Displayed com.android.contacts/.activities.ContactDetailActivity: +266ms
07-06 22:34:52.250 21570 21570 D OpenGLRenderer: Flushing caches (mode 0)
07-06 22:34:52.332 21021 21595 D dalvikvm: GC_EXPLICIT freed 161K, 6% free 9726K/10311K, paused 2ms+3ms
07-06 22:34:52.371 21570 21570 I ContactLoader: Registering content observer for content://com.android.contacts/contacts/lookup/664i66a162be0e642c84.844r239-3F37353749/230
07-06 22:34:52.402 21570 21570 W AccountTypeManager: Unknown type=com.google, mime=vnd.com.google.cursor.item/contact_misc
07-06 22:34:52.461 21570 21570 D dalvikvm: GC_FOR_ALLOC freed 536K, 8% free 12927K/14023K, paused 33ms
07-06 22:34:57.035 21570 21570 D OpenGLRenderer: Flushing caches (mode 0)
07-06 22:35:00.234   158   161 D dalvikvm: GC_CONCURRENT freed 1449K, 24% free 18021K/23431K, paused 3ms+28ms
07-06 22:35:17.691   158   212 I ActivityManager: START {act=android.intent.action.MAIN cat=[android.intent.category.HOME] flg=0x10200000 cmp=com.android.launcher/com.android.launcher2.Launcher} from pid 158
07-06 22:35:17.816 21570 21570 D OpenGLRenderer: Flushing caches (mode 0)
07-06 22:35:17.839   158   575 W InputManagerService: Starting input on non-focused client com.android.internal.view.IInputMethodClient$Stub$Proxy@418a9ca0 (uid=10000 pid=21570)
07-06 22:35:17.843 21570 21570 D OpenGLRenderer: Flushing caches (mode 1)
07-06 22:35:19.293   158  5989 I ActivityManager: START {act=android.intent.action.MAIN cat=[android.intent.category.LAUNCHER] flg=0x10200000 cmp=com.android.contacts/.activities.DialtactsActivity bnds=[0,706][96,802]} from pid 1548
07-06 22:35:19.449 21570 22242 E DefaultVoicemailNotifier: No voicemails to notify about: clear the notification.
07-06 22:35:19.507  1548  1548 D OpenGLRenderer: Flushing caches (mode 1)
07-06 22:35:19.586  1548  1548 D OpenGLRenderer: Flushing caches (mode 0)
07-06 22:36:14.418   158   578 I ActivityManager: START {act=android.intent.action.CALL_PRIVILEGED dat=tel:xxxxxxxxx-xxxx flg=0x10000000 cmp=android/com.android.internal.app.ResolverActivity (has extras)} from pid 21570
07-06 22:36:14.711   158   207 I ActivityManager: Displayed android/com.android.internal.app.ResolverActivity: +244ms
07-06 22:36:14.722 21570 21570 D OpenGLRenderer: Flushing caches (mode 0)
07-06 22:36:15.316 21570 21570 D OpenGLRenderer: Flushing caches (mode 1)
07-06 22:36:15.343 21570 22250 E DefaultVoicemailNotifier: No voicemails to notify about: clear the notification.
07-06 22:36:16.242   158   174 I ActivityManager: START {act=android.intent.action.CALL_PRIVILEGED dat=tel:xxxxxxxxx-xxxx flg=0x13000000 cmp=com.android.phone/.PrivilegedOutgoingCallBroadcaster (has extras)} from pid 158
07-06 22:36:16.523   475   479 D dalvikvm: GC_CONCURRENT freed 757K, 9% free 12496K/13703K, paused 9ms+9ms
07-06 22:36:16.652   475   475 D PhoneUtils: checkAndCopyPhoneProviderExtras: some or all extras are missing.
07-06 22:36:16.675   475   475 D PhoneUtils: checkAndCopyPhoneProviderExtras: some or all extras are missing.
07-06 22:36:16.675   158   509 I ActivityManager: START {act=com.android.phone.SIP_SELECT_PHONE dat=tel:xxxxxxxxx-xxxx flg=0x10000000 cmp=com.android.phone/.SipCallOptionHandler (has extras)} from pid 475
07-06 22:36:16.691  1548  1548 D OpenGLRenderer: Flushing caches (mode 0)
07-06 22:36:16.703  1548  1548 D OpenGLRenderer: Flushing caches (mode 1)
07-06 22:36:16.707   475   475 D CallController: placeCall()...  intent = Intent { act=android.intent.action.CALL dat=tel:xxxxxxxxx-xxxx (has extras) }
07-06 22:36:16.707   475   475 D OtaUtils: isOtaspCallIntent(Intent { act=android.intent.action.CALL dat=tel:xxxxxxxxx-xxxx (has extras) })...
07-06 22:36:16.843   158 13021 D dalvikvm: GC_EXPLICIT freed 1128K, 24% free 17932K/23431K, paused 3ms+8ms
07-06 22:36:16.847    82   132 D AudioHardwareInterface: setMode(IN_CALL)
07-06 22:36:16.851    82   132 D AudioHardware: openPcmOut_l() mPcmOpenCnt: 0
07-06 22:36:16.875   158   175 I ActivityManager: Start proc com.android.music for broadcast com.android.music/.MediaButtonIntentReceiver: pid=22252 uid=10031 gids={3003, 1015}
07-06 22:36:16.914    82   132 D AudioHardware: ### setVoiceVolume_l
07-06 22:36:16.914    82   132 D AudioHardware: ### route(2) call volume(1.000000)
07-06 22:36:16.914    82   132 D AudioHardware: ### speaker call volume
07-06 22:36:16.918    82   131 D AudioHardware: AudioStreamOutALSA::setParameters() routing=1
07-06 22:36:16.918    82   131 D AudioHardware: ### incall mode route (1)
07-06 22:36:16.918    82   131 D AudioHardware: ### incall mode earpiece route
07-06 22:36:16.937 22252 22252 I dalvikvm: Turning on JNI app bug workarounds for target SDK version 9...
07-06 22:36:16.996   158 13021 I AudioService:  AudioFocus  requestAudioFocus() from AudioFocus_For_Phone_Ring_And_Calls
07-06 22:36:17.000   158   575 I ActivityManager: START {act=android.intent.action.MAIN flg=0x10840000 cmp=com.android.phone/.InCallScreen} from pid 475
07-06 22:36:17.004   475   475 D SAN_SERVICE: *******************************************
07-06 22:36:17.004   475   475 D SAN_SERVICE: DM App Phone Call State - 2
07-06 22:36:17.004   475   475 D SAN_SERVICE: *******************************************
07-06 22:36:17.019   475   475 D Bluetooth HS/HF: CDMA call state: SINGLE_ACTIVE prev state:IDLE
07-06 22:36:17.019   475   475 D AccelerometerListener: enable(true)
07-06 22:36:17.019   393   393 D PhoneStatusBar: disable: < expand icons ALERTS* ticker system_info back home recent clock >
07-06 22:36:17.035   475   475 D Bluetooth HS/HF: CDMA call state: SINGLE_ACTIVE prev state:IDLE
07-06 22:36:17.050   475   475 D InCallScreen: onNewIntent: intent = Intent { act=android.intent.action.MAIN flg=0x10c40000 cmp=com.android.phone/.InCallScreen }, phone state = OFFHOOK
07-06 22:36:17.054   393   393 D PhoneStatusBar: disable: < EXPAND* icons ALERTS ticker system_info back home recent clock >
07-06 22:36:17.082   158   509 I AudioService:   Remote Control   registerMediaButtonIntent() for PendingIntent{41ad1cf0: PendingIntentRecord{4183cce0 com.android.music broadcastIntent}}
07-06 22:36:17.105   158 13021 I power   : *** set_screen_state 1
07-06 22:36:17.238   475   475 D Bluetooth HS/HF: CDMA call state: SINGLE_ACTIVE prev state:IDLE
07-06 22:36:17.320   475   475 D Bluetooth HS/HF: CDMA call state: SINGLE_ACTIVE prev state:IDLE
07-06 22:36:17.363 21570 21570 W IInputConnectionWrapper: showStatusIcon on inactive InputConnection
07-06 22:36:17.382 21021 21023 D dalvikvm: GC_CONCURRENT freed 324K, 5% free 9876K/10311K, paused 11ms+12ms
07-06 22:36:17.648   475   475 D AccelerometerListener: orientation: horizontal
07-06 22:36:18.515   475   475 D Bluetooth HS/HF: CDMA call state: SINGLE_ACTIVE prev state:IDLE
07-06 22:36:18.539   475 22267 D CallNotifier: SignalInfoTonePlayer.run(toneId = 98)...
07-06 22:36:18.566    82   131 D AudioHardware: AudioHardware pcm playback is exiting standby.
07-06 22:36:18.566    82   131 D AudioHardware: openPcmOut_l() mPcmOpenCnt: 1
07-06 22:36:19.593   475   475 D InCallScreen: internalHangup()...  phone state = OFFHOOK
07-06 22:36:19.593   475   475 D PhoneUtils: hangup(): hanging up foreground call
07-06 22:36:19.593   475   475 D PhoneUtils: - hangup(Call): regular hangup()...
07-06 22:36:19.621   475   475 D Bluetooth HS/HF: CDMA call state: SINGLE_ACTIVE prev state:IDLE
07-06 22:36:19.691   475   475 D SAN_SERVICE: *******************************************
07-06 22:36:19.691   475   475 D SAN_SERVICE: DM App Phone Call State - 0
07-06 22:36:19.691   475   475 D SAN_SERVICE: *******************************************
07-06 22:36:19.726   475   475 D CallNotifier: onDisconnect: cause = LOCAL, incoming = false, date = 1341628576730
07-06 22:36:19.730   158   575 I PowerManagerService: clearUserActivity for 10000ms from now
07-06 22:36:19.734   475 22269 D CallNotifier: SignalInfoTonePlayer.run(toneId = 98)...
07-06 22:36:19.761   475 22272 D CallNotifier: InCallTonePlayer.run(toneId = 5)...
07-06 22:36:19.976   475   475 D InCallScreen: delayedCleanupAfterDisconnect()...  Phone state = IDLE
07-06 22:36:19.992   158   578 I ActivityManager: START {flg=0x10000 cmp=com.android.contacts/.activities.DialtactsActivity} from pid 475
07-06 22:36:20.074    82  4914 D AudioHardwareInterface: setMode(NORMAL)
07-06 22:36:20.089   475   475 D InCallScreen: endInCallScreenSession(false)...  phone state = IDLE
07-06 22:36:20.089   158  5989 I ActivityManager: moveTaskToBack: 38
07-06 22:36:20.089   393   393 D PhoneStatusBar: disable: < expand* icons ALERTS ticker system_info back home recent clock >
07-06 22:36:20.136   475   475 D Bluetooth HS/HF: CDMA call state: IDLE prev state:IDLE
07-06 22:36:20.140   475   475 D AccelerometerListener: enable(false)
07-06 22:36:20.140   393   393 D PhoneStatusBar: disable: < expand icons alerts* ticker system_info back home recent clock >
07-06 22:36:20.183    82  4914 D AudioHardware: closePcmOut_l() mPcmOpenCnt: 2
07-06 22:36:20.191    82  4914 D AudioHardware: AudioHardware pcm playback is going to standby.
07-06 22:36:20.191    82  4914 D AudioHardware: closePcmOut_l() mPcmOpenCnt: 1
07-06 22:36:20.195    82   131 D AudioHardware: AudioHardware pcm playback is exiting standby.
07-06 22:36:20.195    82   131 D AudioHardware: openPcmOut_l() mPcmOpenCnt: 0
07-06 22:36:20.277    82   131 D AudioHardware: AudioStreamOutALSA::setParameters() routing=1
07-06 22:36:20.277   158 13021 I AudioService:  AudioFocus  abandonAudioFocus() from AudioFocus_For_Phone_Ring_And_Calls
07-06 22:36:20.308   158   578 D AlarmManagerService: Kernel timezone updated to 240 minutes west of GMT
07-06 22:36:20.312   475   475 D SystemClock: Setting time of day to sec=1341628580
07-06 22:36:20.207 21635 21648 V AlarmClock: AlarmInitReceiver finished
07-06 22:36:20.320   158   174 I Process : Sending signal. PID: 21570 SIG: 3
07-06 22:36:20.320 21570 21574 I dalvikvm: threadid=3: reacting to signal 3
07-06 22:36:20.343 21570 21574 I dalvikvm: Wrote stack traces to '/data/anr/traces.txt'
07-06 22:36:20.375 21570 22276 E DefaultVoicemailNotifier: No voicemails to notify about: clear the notification.
07-06 22:36:20.472 21570 21572 D dalvikvm: GC_CONCURRENT freed 618K, 6% free 13558K/14343K, paused 18ms+12ms
07-06 22:36:20.640   475   479 D dalvikvm: GC_CONCURRENT freed 1049K, 9% free 12519K/13703K, paused 2ms+8ms
07-06 22:36:20.703   158   207 I ActivityManager: Displayed com.android.contacts/.activities.DialtactsActivity: +883ms (total +4s635ms)
07-06 22:36:20.718   158   481 I ActivityManager: moveTaskToBack: 38
07-06 22:36:22.750    82   131 D AudioHardware: AudioHardware pcm playback is going to standby.
07-06 22:36:22.750    82   131 D AudioHardware: closePcmOut_l() mPcmOpenCnt: 1
07-06 22:36:24.273 21570 22278 E DefaultVoicemailNotifier: No voicemails to notify about: clear the notification.
07-06 22:36:24.343 21021 21023 D dalvikvm: GC_CONCURRENT freed 384K, 5% free 9929K/10439K, paused 3ms+6ms
07-06 22:36:31.746 12149 12164 I PhoneLab-: Service Running
07-06 22:36:31.859 12149 12164 I PhoneLab-LoggerService: app_36    1325  1     1828   1376  c00f181c 400107b4 S logcat
07-06 22:36:31.859 12149 12164 I PhoneLab-LoggerService: Logcat pid from database 1325
07-06 22:36:31.859 12149 12164 I PhoneLab-LoggerService: Logcat process found 1325
07-06 22:36:31.859 12149 12164 I PhoneLab-LoggerService: Checking Threshold
07-06 22:36:52.949 21091 21093 D dalvikvm: GC_CONCURRENT freed 466K, 6% free 9598K/10183K, paused 21ms+3ms
07-06 22:36:52.976 21021 21594 D dalvikvm: GC_EXPLICIT freed 236K, 6% free 9851K/10439K, paused 8ms+3ms
07-06 22:37:17.054   158   158 I AudioService:  AudioFocus  abandonAudioFocus() from android.media.AudioManager@4134ca30com.android.music.MediaPlaybackService$3@4134b9d0
07-06 22:37:17.058 21653 21653 V MusicFXControlPanelReceiver: onReceive
07-06 22:37:17.058 21653 21653 V MusicFXControlPanelReceiver: Action: android.media.action.CLOSE_AUDIO_EFFECT_CONTROL_SESSION
07-06 22:37:17.058 21653 21653 V MusicFXControlPanelReceiver: Package name: com.android.music
07-06 22:37:17.058 21653 21653 V MusicFXControlPanelReceiver: Audio session: 1245
07-06 22:37:17.058 21653 21653 V MusicFXControlPanelEffect: closeSession(android.app.ReceiverRestrictedContext@4133bac8, com.android.music, 1245)
07-06 22:37:23.894   158   204 I power   : *** set_screen_state 0
07-06 22:37:23.949    79   123 D SurfaceFlinger: About to give-up screen, flinger = 0x1e7d918
07-06 22:37:24.168   158   161 D dalvikvm: GC_CONCURRENT freed 2020K, 24% free 17959K/23431K, paused 15ms+8ms
07-06 22:37:24.203 21570 22287 E DefaultVoicemailNotifier: No voicemails to notify about: clear the notification.
07-06 22:37:24.230 30836 30895 D NfcService: NFC-C OFF, disconnect
07-06 22:37:25.062   158   213 I power   : *** set_screen_state 1
07-06 22:37:25.078   158   208 I WindowManager: No lock screen!
07-06 22:37:25.207 30836 30852 D NfcService: NFC-C ON
07-06 22:37:25.261 21570 22288 E DefaultVoicemailNotifier: No voicemails to notify about: clear the notification.
07-06 22:37:25.293    79   123 D SurfaceFlinger: Screen about to return, flinger = 0x1e7d918
07-06 22:37:31.820   158   170 D dalvikvm: GC_EXPLICIT freed 503K, 25% free 17660K/23431K, paused 18ms+7ms
07-06 22:37:31.882 21570 21577 I dalvikvm: Jit: resizing JitTable from 4096 to 8192
07-06 22:37:53.468 12149 12164 I PhoneLab-: Service Running
07-06 22:37:53.543 12149 12164 I PhoneLab-LoggerService: app_36    1325  1     1828   1376  c00f181c 400107b4 S logcat
07-06 22:37:53.546 12149 12164 I PhoneLab-LoggerService: Logcat pid from database 1325
07-06 22:37:53.546 12149 12164 I PhoneLab-LoggerService: Logcat process found 1325
07-06 22:37:53.546 12149 12164 I PhoneLab-LoggerService: Checking Threshold
07-06 22:38:01.070 20887 20887 I wpa_supplicant: wlan0: CTRL-EVENT-DISCONNECTED bssid=98:fc:11:c3:3f:e6 reason=0
07-06 22:38:01.101    76   118 D CommandListener: Clearing all IP addresses on wlan0
07-06 22:38:01.179   158   318 D ConnectivityService: ConnectivityChange for WIFI: DISCONNECTED/SCANNING
07-06 22:38:01.183   158   318 D ConnectivityService: Attempting to switch to mobile
07-06 22:38:01.242   158   318 D ConnectivityService: Attempting to switch to WIMAX
07-06 22:38:01.242   158   318 D ConnectivityService: Attempting to switch to BLUETOOTH_TETHER
07-06 22:38:01.250   158   318 E ConnectivityService: Exception trying to remove a route: java.lang.IllegalStateException: Unable to communicate with native dameon to add routes - com.android.server.NativeDaemonConnectorException: Cmd {interface route remove wlan0 default 192.168.1.1 32 0.0.0.0} failed with code 400 : {Failed to remove route from default table (No such process)}
07-06 22:38:01.253   158   318 E ConnectivityService: Exception trying to remove a route: java.lang.IllegalStateException: Unable to communicate with native dameon to add routes - com.android.server.NativeDaemonConnectorException: Cmd {interface route remove wlan0 default 0.0.0.0 0 192.168.1.1} failed with code 400 : {Failed to remove route from default table (No such process)}
07-06 22:38:01.253   158   318 D ConnectivityService: resetConnections(wlan0, 3)
07-06 22:38:01.257   158   318 D NetUtils: android_net_utils_resetConnections in env=0x25aa18 clazz=0xfc600001 iface=wlan0 mask=0x3
07-06 22:38:01.382  2749 21235 W Smack/Packet: notify conn break (IOEx), close connection
07-06 22:38:01.539  2749 21235 I qtaguid : Failed write_ctrl(u 75) res=-1 errno=22
07-06 22:38:01.539  2749 21235 I qtaguid : Untagging socket 75 failed errno=-22
07-06 22:38:01.539  2749 21235 W NetworkManagementSocketTagger: untagSocket(75) failed with errno -22
07-06 22:38:01.597   158   318 D ConnectivityService: handleInetConditionChange: no active default network - ignore
07-06 22:38:01.753  2749  2750 D dalvikvm: GC_CONCURRENT freed 509K, 6% free 10693K/11335K, paused 8ms+4ms
07-06 22:38:04.351   158   321 D Tethering: MasterInitialState.processMessage what=3
07-06 22:38:04.578   158   602 I ActivityManager: Start proc com.google.android.gallery3d for broadcast com.google.android.gallery3d/com.google.android.picasasync.ConnectivityReceiver: pid=22294 uid=10016 gids={3003, 1015}
07-06 22:38:04.695 22294 22294 I ActivityThread: Pub com.google.android.gallery3d.GooglePhotoProvider: com.google.android.picasasync.PicasaContentProvider
07-06 22:38:04.855 22294 22297 D dalvikvm: GC_CONCURRENT freed 417K, 6% free 9118K/9607K, paused 11ms+4ms
07-06 22:38:04.906 22294 22294 I ActivityThread: Pub com.google.android.gallery3d.provider: com.android.gallery3d.provider.GalleryProvider
07-06 22:38:04.968 22294 22297 D dalvikvm: GC_CONCURRENT freed 395K, 6% free 9158K/9671K, paused 2ms+3ms
07-06 22:38:05.035 22294 22294 D UploadsManager: load newPhotoTracker: null
07-06 22:38:05.035 22294 22294 D UploadsManager: load all accounts: null
07-06 22:38:05.035 22294 22294 D UploadsManager: load all account-album pairs: null
07-06 22:38:05.039 22294 22294 V PicasaContentProvider: querySettings: defaults: {sync_on_wifi_only=1, auto_upload_account_type=null, sync_on_battery=1, sync_picasa_on_wifi_only=1, auto_upload_enabled=0, video_upload_wifi_only=1, sync_on_roaming=0, auto_upload_account_name=null}
07-06 22:38:05.050 22294 22294 D UploadsManager:    settings not changed
07-06 22:38:05.058 22294 22307 D PicasaSync: sync account database
07-06 22:38:05.140   158   575 I ActivityManager: Start proc com.google.android.apps.uploader for broadcast com.google.android.apps.uploader/.ConnectivityBroadcastReceiver: pid=22309 uid=10029 gids={3003}
07-06 22:38:05.171 22309 22309 I dalvikvm: Turning on JNI app bug workarounds for target SDK version 11...
07-06 22:38:05.179    80    80 D dalvikvm: GC_EXPLICIT freed 37K, 4% free 9031K/9347K, paused 3ms+6ms
07-06 22:38:05.230    80    80 D dalvikvm: GC_EXPLICIT freed <1K, 4% free 9031K/9347K, paused 3ms+5ms
07-06 22:38:05.246 22309 22309 I ActivityThread: Pub com.google.android.apps.uploader: com.google.android.apps.uploader.UploadsContentProvider
07-06 22:38:05.246 22309 22309 I ActivityThread: Pub com.google.photos.provider.Album: com.google.android.apps.uploader.clients.picasa.AlbumProvider
07-06 22:38:05.253 22309 22309 D MediaUploader: UploaderApplication.onCreate
07-06 22:38:05.265    80    80 D dalvikvm: GC_EXPLICIT freed <1K, 4% free 9031K/9347K, paused 2ms+3ms
07-06 22:38:05.359 22294 22307 D PicasaSync: accounts in DB=1
07-06 22:38:05.359 22294 22307 V PicasaContentProvider: querySettings: defaults: {sync_on_wifi_only=1, auto_upload_account_type=null, sync_on_battery=1, sync_picasa_on_wifi_only=1, auto_upload_enabled=0, video_upload_wifi_only=1, sync_on_roaming=0, auto_upload_account_name=null}
07-06 22:38:05.363 22294 22307 D PicasaSyncManager: active network: null
07-06 22:38:05.363 22294 22307 D PicasaSyncManager: background data: true
07-06 22:38:05.378 22309 22309 D MediaUploader: nonWifiLimit=20971520, default=20971520
07-06 22:38:05.425 22309 22309 I MediaUploader: No need to wake up
07-06 22:38:05.429 12149 12149 I PhoneLab-WiFiReceiver: Wi-Fi is disconnected!
07-06 22:38:05.449 22294 22307 D PicasaSyncManager: battery info: false
07-06 22:38:05.523   158  7192 I ActivityManager: Start proc com.google.android.youtube for broadcast com.google.android.youtube/.app.prefetch.PrefetchService$DeviceStateReceiver: pid=22325 uid=10058 gids={3003, 1015, 1006}
07-06 22:38:05.527   158  7192 I ActivityManager: No longer want com.pandora.android (pid 21796): hidden #16
07-06 22:38:05.554   158   575 W ActivityManager: Scheduling restart of crashed service com.pandora.android/.PandoraService in 5000ms
07-06 22:38:05.785 22325 22327 D dalvikvm: GC_CONCURRENT freed 141K, 3% free 9360K/9607K, paused 12ms+3ms
07-06 22:38:05.851 22325 22325 I ActivityThread: Pub com.google.android.youtube.SuggestionProvider: com.google.android.youtube.core.suggest.SuggestionProvider
07-06 22:38:05.882 20887 20887 I wpa_supplicant: wlan0: Associated with 98:fc:11:c3:3f:e6
07-06 22:38:06.128  2749  2760 D dalvikvm: GC_EXPLICIT freed 176K, 7% free 10644K/11335K, paused 4ms+4ms
07-06 22:38:06.429 22325 22327 D dalvikvm: GC_CONCURRENT freed 365K, 5% free 9555K/9991K, paused 7ms+4ms
07-06 22:38:06.437 22325 22334 W CursorWrapperInner: Cursor finalized without prior close()
07-06 22:38:06.437 22325 22334 W CursorWrapperInner: Cursor finalized without prior close()
07-06 22:38:06.500   158   578 I ActivityManager: Process com.viber.voip (pid 21091) has died.
07-06 22:38:06.500   158   578 W ActivityManager: Scheduling restart of crashed service com.viber.voip/com.viber.service.VoipConnectorService in 14054ms
07-06 22:38:06.539 22325 22327 D dalvikvm: GC_CONCURRENT freed 384K, 5% free 9728K/10183K, paused 3ms+3ms
07-06 22:38:06.668 22325 22327 D dalvikvm: GC_CONCURRENT freed 311K, 4% free 9928K/10311K, paused 8ms+3ms
07-06 22:38:08.687 21021 21023 D dalvikvm: GC_CONCURRENT freed 315K, 5% free 9922K/10439K, paused 4ms+4ms
07-06 22:38:09.410   158   318 D ConnectivityService: ConnectivityChange for mobile: CONNECTED/CONNECTED
07-06 22:38:09.531   158   313 D NetworkPolicy: applying policy NetworkPolicy[NetworkTemplate: matchRule=MOBILE_ALL, subscriberId=valid]: cycleDay=3, warningBytes=2147483648, limitBytes=-1, lastSnooze=-1 to ifaces [rmnet0]
07-06 22:38:10.414   158   318 D ConnectivityService: NetTransition Wakelock for WifiStateMachine released by timeout
07-06 22:38:10.628   158   175 I ActivityManager: Start proc com.pandora.android for service com.pandora.android/.PandoraService: pid=22365 uid=10060 gids={3003, 3002, 3001, 1015}
07-06 22:38:10.636 22365 22365 I dalvikvm: Turning on JNI app bug workarounds for target SDK version 10...
07-06 22:38:10.769 22365 22365 I ActivityThread: Pub com.pandora.provider: com.pandora.android.provider.StationProvider
07-06 22:38:10.906   158   509 I ActivityManager: No longer want com.android.exchange (pid 21833): hidden #16
07-06 22:38:11.191   158   212 I ActivityManager: START {act=android.intent.action.MAIN cat=[android.intent.category.HOME] flg=0x10200000 cmp=com.android.launcher/com.android.launcher2.Launcher} from pid 158
07-06 22:38:11.398 21570 21570 D OpenGLRenderer: Flushing caches (mode 0)
07-06 22:38:11.421   158   562 W InputManagerService: Starting input on non-focused client com.android.internal.view.IInputMethodClient$Stub$Proxy@418a9ca0 (uid=10000 pid=21570)
07-06 22:38:11.425 21570 21570 D OpenGLRenderer: Flushing caches (mode 1)
07-06 22:38:11.996 21570 22382 E DefaultVoicemailNotifier: No voicemails to notify about: clear the notification.
07-06 22:38:12.496   158   321 D Tethering: MasterInitialState.processMessage what=3
07-06 22:38:12.562  2749  2749 I GTalkService/c: [AndroidEndpoint@1094384056] connect: acct=1000000, state=CONNECTING
07-06 22:38:12.570  2749  2749 I GTalkService/c: [GTalkConnection@1094967696] connect: acct=1, state=CONNECTING
07-06 22:38:12.605 22294 22307 D PicasaSyncManager: active network: NetworkInfo: type: mobile[CDMA - EvDo rev. A], state: CONNECTED/CONNECTED, reason: (unspecified), extra: , roaming: false, failover: true, isAvailable: true
07-06 22:38:12.636 22309 22309 I MediaUploader: No need to wake up
07-06 22:38:12.730 22294 22307 D PicasaSyncManager: background data: true
07-06 22:38:12.843 21344 21346 D dalvikvm: GC_CONCURRENT freed 410K, 5% free 10727K/11271K, paused 3ms+26ms
07-06 22:38:15.699   158   318 D ConnectivityService: handleInetConditionHoldEnd: net=0, condition=100, published condition=0
07-06 22:38:15.890 20887 20887 I wpa_supplicant: wlan0: Authentication with 98:fc:11:c3:3f:e6 timed out.
07-06 22:38:15.902 20887 20887 I wpa_supplicant: wlan0: CTRL-EVENT-DISCONNECTED bssid=00:00:00:00:00:00 reason=0
07-06 22:38:16.066   158   175 I ActivityManager: Start proc com.google.android.talk for broadcast com.google.android.talk/.ConnectionStateOnlineReceiver: pid=22391 uid=10044 gids={3003, 1015, 1006, 3002}
07-06 22:38:16.156  2749  2750 D dalvikvm: GC_CONCURRENT freed 370K, 6% free 10693K/11335K, paused 9ms+23ms
07-06 22:38:16.527 22391 22391 I ActivityThread: Pub com.google.android.talk.SuggestionProvider: com.google.android.talk.SuggestionsProvider
07-06 22:38:16.664 22391 22391 D vclib:CallStateClient: startListening
07-06 22:38:16.757 22391 22394 D dalvikvm: GC_CONCURRENT freed 166K, 3% free 9370K/9607K, paused 29ms+2ms
07-06 22:38:20.628 22414 22414 D dalvikvm: Late-enabling CheckJNI
07-06 22:38:20.632   158   175 I ActivityManager: Start proc com.viber.voip for service com.viber.voip/com.viber.service.VoipConnectorService: pid=22414 uid=10063 gids={3003, 1015, 3002, 3001, 1007, 1006}
07-06 22:38:20.640 22414 22414 I dalvikvm: Turning on JNI app bug workarounds for target SDK version 5...
07-06 22:38:20.800 22414 22414 I ActivityThread: Pub com.viber.provider.vibercontacts: com.viber.voip.contacts.ViberContactsProvider
07-06 22:38:20.863 22414 22414 I ActivityThread: Pub com.viber.provider.vibermessages: com.viber.voip.messages.ViberMessagesProvider
07-06 22:38:20.902 22414 22414 I ActivityThread: Pub com.viber.provider.vibercontactshash: com.viber.voip.contacts.sync_ng.ViberHashesProvider
07-06 22:38:20.949 22414 22414 D ACRA    : Retrieve application default SharedPreferences.
07-06 22:38:20.953 22414 22414 D ACRA    : Set OnSharedPreferenceChangeListener.
07-06 22:38:20.960 22414 22414 D ACRA    : ACRA is enabled for com.viber.voip, intializing...
07-06 22:38:21.054 22414 22414 D ACRA    : Looking for error files in /data/data/com.viber.voip/files
07-06 22:38:21.062 22414 22416 D dalvikvm: GC_CONCURRENT freed 239K, 4% free 9290K/9607K, paused 5ms+3ms
07-06 22:38:21.113 22414 22414 D Logger  : creating log dir /mnt/sdcard/viber/.logs/trace/
07-06 22:38:21.121 22414 22414 D Logger  : Console_4 deleted=false
07-06 22:38:21.121 22414 22414 D Logger  : Console_3 renamedTo=false Console_4
07-06 22:38:21.121 22414 22414 D Logger  : Console_2 renamedTo=false Console_3
07-06 22:38:21.121 22414 22414 D Logger  : Console_1 renamedTo=false Console_2
07-06 22:38:21.121 22414 22414 D Logger  : Console renamedTo=false Console_1
07-06 22:38:21.246 22414 22414 D dalvikvm: Trying to load lib /data/data/com.viber.voip/lib/libVoipEngineNative.so 0x41337b70
07-06 22:38:21.359 22414 22414 D dalvikvm: Added shared lib /data/data/com.viber.voip/lib/libVoipEngineNative.so 0x41337b70
07-06 22:38:21.507 22414 22414 W System.err: java.lang.ArrayIndexOutOfBoundsException: length=0; index=0
07-06 22:38:21.515 22414 22414 W System.err: 	at com.viber.voip.sound.BTControl.<init>(BTControl.java:89)
07-06 22:38:21.515 22414 22414 W System.err: 	at com.viber.voip.sound.CommonAbstractSoundService.<init>(CommonAbstractSoundService.java:386)
07-06 22:38:21.515 22414 22414 W System.err: 	at com.viber.voip.sound.GenericSoundService.<init>(GenericSoundService.java:9)
07-06 22:38:21.515 22414 22414 W System.err: 	at com.viber.voip.sound.SoundFactory.chooseSoundServiceModelImplInternal(SoundFactory.java:154)
07-06 22:38:21.515 22414 22414 W System.err: 	at com.viber.voip.sound.SoundFactory.getSoundServiceForModel(SoundFactory.java:176)
07-06 22:38:21.515 22414 22414 W System.err: 	at com.viber.voip.sound.SoundFactory.getSoundService(SoundFactory.java:190)
07-06 22:38:21.515 22414 22414 W System.err: 	at com.viber.voip.ViberApplication.getSoundService(ViberApplication.java:888)
07-06 22:38:21.515 22414 22414 W System.err: 	at com.viber.voip.sound.ToneGeneratorFactory.<clinit>(ToneGeneratorFactory.java:32)
07-06 22:38:21.515 22414 22414 W System.err: 	at com.viber.voip.sound.SoundFactory.<clinit>(SoundFactory.java:136)
07-06 22:38:21.515 22414 22414 W System.err: 	at com.viber.jni.PhoneControllerHelper.<clinit>(PhoneControllerHelper.java:31)
07-06 22:38:21.515 22414 22414 W System.err: 	at com.viber.service.VoipConnectorService$VoipServiceImpl.init(VoipConnectorService.java:461)
07-06 22:38:21.515 22414 22414 W System.err: 	at com.viber.service.VoipConnectorService$VoipServiceImpl.access$13(VoipConnectorService.java:456)
07-06 22:38:21.515 22414 22414 W System.err: 	at com.viber.service.VoipConnectorService$3.onAppReady(VoipConnectorService.java:154)
07-06 22:38:21.515 22414 22414 W System.err: 	at com.viber.voip.ViberApplication.getViberApp(ViberApplication.java:600)
07-06 22:38:21.515 22414 22414 W System.err: 	at com.viber.service.VoipConnectorService.onCreate(VoipConnectorService.java:146)
07-06 22:38:21.515 22414 22414 W System.err: 	at android.app.ActivityThread.handleCreateService(ActivityThread.java:2253)
07-06 22:38:21.515 22414 22414 W System.err: 	at android.app.ActivityThread.access$1600(ActivityThread.java:123)
07-06 22:38:21.515 22414 22414 W System.err: 	at android.app.ActivityThread$H.handleMessage(ActivityThread.java:1201)
07-06 22:38:21.515 22414 22414 W System.err: 	at android.os.Handler.dispatchMessage(Handler.java:99)
07-06 22:38:21.515 22414 22414 W System.err: 	at android.os.Looper.loop(Looper.java:137)
07-06 22:38:21.515 22414 22414 W System.err: 	at android.app.ActivityThread.main(ActivityThread.java:4424)
07-06 22:38:21.515 22414 22414 W System.err: 	at java.lang.reflect.Method.invokeNative(Native Method)
07-06 22:38:21.515 22414 22414 W System.err: 	at java.lang.reflect.Method.invoke(Method.java:511)
07-06 22:38:21.515 22414 22414 W System.err: 	at com.android.internal.os.ZygoteInit$MethodAndArgsCaller.run(ZygoteInit.java:784)
07-06 22:38:21.515 22414 22414 W System.err: 	at com.android.internal.os.ZygoteInit.main(ZygoteInit.java:551)
07-06 22:38:21.515 22414 22414 W System.err: 	at dalvik.system.NativeStart.main(Native Method)
07-06 22:38:21.937 22414 22416 D dalvikvm: GC_CONCURRENT freed 321K, 4% free 9530K/9927K, paused 2ms+15ms
07-06 22:38:22.011 22414 22414 W dalvikvm: trying to work around app JNI bugs, but didn't find 0x4133f540 in table!
07-06 22:38:22.011 22414 22414 W dalvikvm: JNI WARNING: DeleteLocalRef(0x4133f540) failed to find entry
07-06 22:38:22.269   158   509 D dalvikvm: GC_EXPLICIT freed 1598K, 25% free 17798K/23431K, paused 2ms+9ms
07-06 22:38:22.371 21431 21431 E ServiceLocator: ServiceLocator$VoipServiceConnection.onServiceConnected ext: android.os.BinderProxy@41349450
07-06 22:38:22.390   158  5989 I ActivityManager: Process com.android.calendar (pid 21323) has died.
07-06 22:38:22.468 22414 22414 E ServiceLocator: ServiceLocator$VoipServiceConnection.onServiceConnected loc:com.viber.service.VoipConnectorService$LocalBinder@4132d498
