07-04 02:27:17.445 10925 10938 I PhoneLab-LoggerService: app_36    1325  1     1828   1388  c00f181c 400107b4 S logcat
07-04 02:27:17.445 10925 10938 I PhoneLab-LoggerService: Logcat pid from database 1325
07-04 02:27:17.445 10925 10938 I PhoneLab-LoggerService: Logcat process found 1325
07-04 02:27:17.445 10925 10938 I PhoneLab-LoggerService: Checking Threshold
07-04 02:27:17.449 10925 10938 I PhoneLab-LoggerService: Starting to rename files
07-04 02:27:17.449 10925 10938 I PhoneLab-LoggerService: Files found .. 2
07-04 02:27:17.453 10925 10938 I PhoneLab-LoggerService: File 1 log.out.1
07-04 02:27:17.461 10925 10938 I PhoneLab-LoggerService: Renamed successfully
07-04 02:27:26.359   457   460 D dalvikvm: GC_CONCURRENT freed 776K, 18% free 11363K/13831K, paused 2ms+6ms
07-04 02:27:29.847 11083 11085 D dalvikvm: GC_CONCURRENT freed 768K, 10% free 11388K/12551K, paused 8ms+12ms
07-04 02:27:30.054 11083 12163 I OrcaHttpClientImpl$2: I/O exception (com.facebook.apache.http.NoHttpResponseException) caught when processing request: The target server failed to respond
07-04 02:27:30.058 11083 12163 I OrcaHttpClientImpl$2: Retrying request
07-04 02:27:30.090 11083 11085 D dalvikvm: GC_CONCURRENT freed 808K, 10% free 11317K/12551K, paused 7ms+5ms
07-04 02:27:31.261 11820 11823 D dalvikvm: GC_CONCURRENT freed 1958K, 14% free 16021K/18503K, paused 3ms+7ms
07-04 02:27:31.597 11083 11085 D dalvikvm: GC_CONCURRENT freed 686K, 10% free 11396K/12551K, paused 2ms+5ms
07-04 02:27:31.816 11083 11085 D dalvikvm: GC_CONCURRENT freed 759K, 10% free 11320K/12551K, paused 4ms+30ms
07-04 02:27:31.953 11083 12165 W orca:OrcaServiceQueue: Exception during service
07-04 02:27:31.953 11083 12165 W orca:OrcaServiceQueue: com.facebook.apache.http.NoHttpResponseException: The target server failed to respond
07-04 02:27:31.953 11083 12165 W orca:OrcaServiceQueue: 	at com.facebook.apache.http.impl.conn.DefaultResponseParser.a(DefaultResponseParser.java:101)
07-04 02:27:31.953 11083 12165 W orca:OrcaServiceQueue: 	at com.facebook.apache.http.impl.io.AbstractMessageParser.a(AbstractMessageParser.java:252)
07-04 02:27:31.953 11083 12165 W orca:OrcaServiceQueue: 	at com.facebook.apache.http.impl.AbstractHttpClientConnection.a(AbstractHttpClientConnection.java:283)
07-04 02:27:31.953 11083 12165 W orca:OrcaServiceQueue: 	at com.facebook.apache.http.impl.conn.DefaultClientConnection.a(DefaultClientConnection.java:247)
07-04 02:27:31.953 11083 12165 W orca:OrcaServiceQueue: 	at com.facebook.apache.http.impl.conn.AbstractClientConnAdapter.a(AbstractClientConnAdapter.java:216)
07-04 02:27:31.953 11083 12165 W orca:OrcaServiceQueue: 	at com.facebook.apache.http.protocol.HttpRequestExecutor.c(HttpRequestExecutor.java:298)
07-04 02:27:31.953 11083 12165 W orca:OrcaServiceQueue: 	at com.facebook.apache.http.protocol.HttpRequestExecutor.a(HttpRequestExecutor.java:125)
07-04 02:27:31.953 11083 12165 W orca:OrcaServiceQueue: 	at com.facebook.apache.http.impl.client.DefaultRequestDirector.b(DefaultRequestDirector.java:658)
07-04 02:27:31.953 11083 12165 W orca:OrcaServiceQueue: 	at com.facebook.apache.http.impl.client.DefaultRequestDirector.a(DefaultRequestDirector.java:475)
07-04 02:27:31.953 11083 12165 W orca:OrcaServiceQueue: 	at com.facebook.apache.http.impl.client.AbstractHttpClient.a(AbstractHttpClient.java:816)
07-04 02:27:31.953 11083 12165 W orca:OrcaServiceQueue: 	at com.facebook.orca.common.http.OrcaHttpClientImpl.a(OrcaHttpClientImpl.java:233)
07-04 02:27:31.953 11083 12165 W orca:OrcaServiceQueue: 	at com.facebook.orca.common.http.OrcaHttpRequestProcessor.a(OrcaHttpRequestProcessor.java:98)
07-04 02:27:31.953 11083 12165 W orca:OrcaServiceQueue: 	at com.facebook.orca.protocol.base.RealBatchRunner.b(RealBatchRunner.java:157)
07-04 02:27:31.953 11083 12165 W orca:OrcaServiceQueue: 	at com.facebook.orca.protocol.WebServiceHandler.c(WebServiceHandler.java:290)
07-04 02:27:31.953 11083 12165 W orca:OrcaServiceQueue: 	at com.facebook.orca.server.AbstractOrcaServiceHandlerFilter.E(AbstractOrcaServiceHandlerFilter.java:36)
07-04 02:27:31.953 11083 12165 W orca:OrcaServiceQueue: 	at com.facebook.orca.server.FilterChainLink.a(FilterChainLink.java:17)
07-04 02:27:31.953 11083 12165 W orca:OrcaServiceQueue: 	at com.facebook.orca.database.DbServiceHandler.b(DbServiceHandler.java:597)
07-04 02:27:31.953 11083 12165 W orca:OrcaServiceQueue: 	at com.facebook.orca.database.DbServiceHandler.a(DbServiceHandler.java:547)
07-04 02:27:31.953 11083 12165 W orca:OrcaServiceQueue: 	at com.facebook.orca.database.DbServiceHandler.c(DbServiceHandler.java:301)
07-04 02:27:31.953 11083 12165 W orca:OrcaServiceQueue: 	at com.facebook.orca.server.AbstractOrcaServiceHandlerFilter.E(AbstractOrcaServiceHandlerFilter.java:36)
07-04 02:27:31.953 11083 12165 W orca:OrcaServiceQueue: 	at com.facebook.orca.server.FilterChainLink.a(FilterChainLink.java:17)
07-04 02:27:31.953 11083 12165 W orca:OrcaServiceQueue: 	at com.facebook.orca.cache.CacheServiceHandler.c(CacheServiceHandler.java:242)
07-04 02:27:31.953 11083 12165 W orca:OrcaServiceQueue: 	at com.facebook.orca.server.AbstractOrcaServiceHandlerFilter.E(AbstractOrcaServiceHandlerFilter.java:36)
07-04 02:27:31.953 11083 12165 W orca:OrcaServiceQueue: 	at com.facebook.orca.server.FilterChainLink.a(FilterChainLink.java:17)
07-04 02:27:31.953 11083 12165 W orca:OrcaServiceQueue: 	at com.facebook.orca.server.PreProcessingServiceHandler.E(PreProcessingServiceHandler.java:32)
07-04 02:27:31.953 11083 12165 W orca:OrcaServiceQueue: 	at com.facebook.orca.server.FilterChainLink.a(FilterChainLink.java:17)
07-04 02:27:31.953 11083 12165 W orca:OrcaServiceQueue: 	at com.facebook.orca.server.OrcaServiceQueue.d(OrcaServiceQueue.java:202)
07-04 02:27:31.953 11083 12165 W orca:OrcaServiceQueue: 	at com.facebook.orca.server.OrcaServiceQueue.d(OrcaServiceQueue.java:33)
07-04 02:27:31.953 11083 12165 W orca:OrcaServiceQueue: 	at com.facebook.orca.server.OrcaServiceQueue$3.run(OrcaServiceQueue.java:162)
07-04 02:27:31.953 11083 12165 W orca:OrcaServiceQueue: 	at android.os.Handler.handleCallback(Handler.java:605)
07-04 02:27:31.953 11083 12165 W orca:OrcaServiceQueue: 	at android.os.Handler.dispatchMessage(Handler.java:92)
07-04 02:27:31.953 11083 12165 W orca:OrcaServiceQueue: 	at android.os.Looper.loop(Looper.java:137)
07-04 02:27:31.953 11083 12165 W orca:OrcaServiceQueue: 	at android.os.HandlerThread.run(HandlerThread.java:60)
07-04 02:27:32.652 11820 11823 D dalvikvm: GC_CONCURRENT freed 2036K, 14% free 16032K/18503K, paused 3ms+9ms
07-04 02:27:37.457 10947 10950 D dalvikvm: GC_CONCURRENT freed 495K, 6% free 9601K/10183K, paused 5ms+3ms
07-04 02:27:38.363 11820 11823 D dalvikvm: GC_CONCURRENT freed 1936K, 14% free 16021K/18503K, paused 2ms+5ms
07-04 02:27:44.988   457   457 W Suggest : String pool got too big: 19
07-04 02:27:52.488   457   460 D dalvikvm: GC_CONCURRENT freed 670K, 18% free 11347K/13831K, paused 2ms+4ms
07-04 02:27:56.254  9622  9645 D androidNetworkLocationListeners: Still have listener com.google.android.location.internal.client.NetworkLocationClient$1@413a1350
07-04 02:27:56.316  9622  9645 D androidNetworkLocationListeners: Still have listener com.google.android.location.internal.client.NetworkLocationClient$1@413a1350
07-04 02:27:56.527   393   395 D dalvikvm: GC_CONCURRENT freed 364K, 64% free 10369K/28231K, paused 2ms+6ms
07-04 02:27:56.683   393   393 D dalvikvm: GC_FOR_ALLOC freed 559K, 64% free 10173K/28231K, paused 17ms
07-04 02:27:57.625  9622  9645 D androidNetworkLocationListeners: Still have listener com.google.android.location.internal.client.NetworkLocationClient$1@413a1350
07-04 02:27:57.882   393   393 D dalvikvm: GC_FOR_ALLOC freed 364K, 64% free 10173K/28231K, paused 16ms
07-04 02:27:57.941   393   395 D dalvikvm: GC_CONCURRENT freed 329K, 64% free 10321K/28231K, paused 2ms+4ms
07-04 02:27:58.039   393   395 D dalvikvm: GC_CONCURRENT freed 513K, 64% free 10275K/28231K, paused 2ms+5ms
07-04 02:27:58.929  9622  9624 D dalvikvm: GC_CONCURRENT freed 499K, 7% free 9976K/10695K, paused 1ms+3ms
07-04 02:28:02.140 11083 11085 D dalvikvm: GC_CONCURRENT freed 729K, 10% free 11357K/12551K, paused 2ms+5ms
07-04 02:28:03.840 11083 11085 D dalvikvm: GC_CONCURRENT freed 626K, 9% free 11424K/12551K, paused 2ms+5ms
07-04 02:28:14.152 11820 11823 D dalvikvm: GC_CONCURRENT freed 2047K, 14% free 16022K/18503K, paused 26ms+10ms
07-04 02:28:38.746   457   460 D dalvikvm: GC_CONCURRENT freed 652K, 18% free 11343K/13831K, paused 2ms+4ms
07-04 02:28:41.312 11820 11823 D dalvikvm: GC_CONCURRENT freed 1951K, 13% free 16119K/18503K, paused 2ms+11ms
07-04 02:28:43.125   158   161 D dalvikvm: JIT code cache reset in 12 ms (1048464 bytes 11/0)
07-04 02:28:43.152   158   161 D dalvikvm: GC_CONCURRENT freed 1520K, 27% free 15322K/20743K, paused 3ms+25ms
07-04 02:28:45.605 11820 11823 D dalvikvm: GC_CONCURRENT freed 1919K, 13% free 16180K/18503K, paused 7ms+8ms
07-04 02:28:46.113  9622  9645 D androidNetworkLocationListeners: Still have listener com.google.android.location.internal.client.NetworkLocationClient$1@413a1350
07-04 02:28:46.144  9622  9645 D androidNetworkLocationListeners: Still have listener com.google.android.location.internal.client.NetworkLocationClient$1@413a1350
07-04 02:28:46.363   393   395 D dalvikvm: GC_CONCURRENT freed 576K, 64% free 10203K/28231K, paused 2ms+12ms
07-04 02:28:46.527   393   395 D dalvikvm: GC_CONCURRENT freed 399K, 64% free 10191K/28231K, paused 2ms+3ms
07-04 02:28:47.554 10421 10424 D dalvikvm: GC_CONCURRENT freed 426K, 6% free 10266K/10823K, paused 18ms+8ms
07-04 02:28:47.570  9622  9645 D androidNetworkLocationListeners: Still have listener com.google.android.location.internal.client.NetworkLocationClient$1@413a1350
07-04 02:28:47.781   393   393 D dalvikvm: GC_FOR_ALLOC freed 381K, 64% free 10176K/28231K, paused 16ms
07-04 02:28:47.843   393   395 D dalvikvm: GC_CONCURRENT freed 331K, 64% free 10322K/28231K, paused 1ms+3ms
07-04 02:28:47.949   393   395 D dalvikvm: GC_CONCURRENT freed 496K, 64% free 10272K/28231K, paused 1ms+4ms
07-04 02:28:48.882  9622  9624 D dalvikvm: GC_CONCURRENT freed 515K, 7% free 9969K/10695K, paused 2ms+3ms
07-04 02:28:50.054 11820 11823 D dalvikvm: GC_CONCURRENT freed 1988K, 13% free 16274K/18503K, paused 2ms+10ms
07-04 02:28:54.218 11820 11823 D dalvikvm: GC_CONCURRENT freed 2145K, 14% free 16088K/18503K, paused 2ms+9ms
07-04 02:28:58.980 11083 11085 D dalvikvm: GC_CONCURRENT freed 752K, 10% free 11364K/12551K, paused 3ms+4ms
07-04 02:29:01.148 11820 11823 D dalvikvm: GC_CONCURRENT freed 1937K, 13% free 16199K/18503K, paused 3ms+11ms
07-04 02:29:07.316 11820 11823 D dalvikvm: GC_CONCURRENT freed 2042K, 13% free 16205K/18503K, paused 3ms+9ms
07-04 02:29:07.406  9622  9645 D androidNetworkLocationListeners: Still have listener com.google.android.location.internal.client.NetworkLocationClient$1@413a1350
07-04 02:29:07.547  9622  9645 D androidNetworkLocationListeners: Still have listener com.google.android.location.internal.client.NetworkLocationClient$1@413a1350
07-04 02:29:07.797   393   395 D dalvikvm: GC_CONCURRENT freed 359K, 64% free 10380K/28231K, paused 2ms+5ms
07-04 02:29:07.894   393   395 D dalvikvm: GC_CONCURRENT freed 502K, 64% free 10387K/28231K, paused 5ms+6ms
07-04 02:29:08.957  9622  9645 D androidNetworkLocationListeners: Still have listener com.google.android.location.internal.client.NetworkLocationClient$1@413a1350
07-04 02:29:09.257   393   395 D dalvikvm: GC_CONCURRENT freed 530K, 64% free 10353K/28231K, paused 2ms+4ms
07-04 02:29:09.332   393   395 D dalvikvm: GC_CONCURRENT freed 470K, 64% free 10383K/28231K, paused 2ms+4ms
07-04 02:29:10.277 11820 11823 D dalvikvm: GC_CONCURRENT freed 1913K, 12% free 16339K/18503K, paused 3ms+12ms
07-04 02:29:10.445  9622  9624 D dalvikvm: GC_CONCURRENT freed 475K, 7% free 9964K/10695K, paused 2ms+5ms
07-04 02:29:17.375 10925 10938 I PhoneLab-: Service Running
07-04 02:29:17.465 10925 10938 I PhoneLab-LoggerService: app_36    1325  1     1828   1388  c00f181c 400107b4 S logcat
07-04 02:29:17.468 10925 10938 I PhoneLab-LoggerService: Logcat pid from database 1325
07-04 02:29:17.468 10925 10938 I PhoneLab-LoggerService: Logcat process found 1325
07-04 02:29:17.468 10925 10938 I PhoneLab-LoggerService: Checking Threshold
07-04 02:29:17.468 10925 10938 I PhoneLab-LoggerService: Starting to rename files
07-04 02:29:17.468 10925 10938 I PhoneLab-LoggerService: Files found .. 2
07-04 02:29:18.746 11820 11823 D dalvikvm: GC_CONCURRENT freed 1993K, 12% free 16285K/18503K, paused 28ms+9ms
07-04 02:29:25.043 11820 11823 D dalvikvm: GC_CONCURRENT freed 1948K, 12% free 16383K/18503K, paused 3ms+10ms
07-04 02:29:37.031 11820 11823 D dalvikvm: GC_CONCURRENT freed 2179K, 13% free 16184K/18503K, paused 11ms+10ms
07-04 02:29:48.234   457   460 D dalvikvm: GC_CONCURRENT freed 621K, 18% free 11369K/13831K, paused 2ms+5ms
07-04 02:29:57.269   457   460 D dalvikvm: GC_CONCURRENT freed 689K, 18% free 11380K/13831K, paused 3ms+4ms
07-04 02:30:33.179   457   460 D dalvikvm: GC_CONCURRENT freed 791K, 18% free 11375K/13831K, paused 3ms+4ms
07-04 02:30:33.433  9622  9645 D androidNetworkLocationListeners: Still have listener com.google.android.location.internal.client.NetworkLocationClient$1@413a1350
07-04 02:30:33.465  9622  9645 D androidNetworkLocationListeners: Still have listener com.google.android.location.internal.client.NetworkLocationClient$1@413a1350
07-04 02:30:33.648   393   395 D dalvikvm: GC_CONCURRENT freed 569K, 64% free 10199K/28231K, paused 2ms+10ms
07-04 02:30:33.738   393   395 D dalvikvm: GC_CONCURRENT freed 469K, 64% free 10178K/28231K, paused 3ms+3ms
07-04 02:30:33.890   393   395 D dalvikvm: GC_CONCURRENT freed 268K, 64% free 10359K/28231K, paused 3ms+5ms
07-04 02:30:34.761  9622  9645 D androidNetworkLocationListeners: Still have listener com.google.android.location.internal.client.NetworkLocationClient$1@413a1350
07-04 02:30:35.031   393   393 D dalvikvm: GC_FOR_ALLOC freed 545K, 64% free 10177K/28231K, paused 16ms
07-04 02:30:35.097   393   395 D dalvikvm: GC_CONCURRENT freed 318K, 64% free 10317K/28231K, paused 4ms+3ms
07-04 02:30:35.226   393   395 D dalvikvm: GC_CONCURRENT freed 506K, 64% free 10209K/28231K, paused 2ms+4ms
07-04 02:30:36.090  9622  9624 D dalvikvm: GC_CONCURRENT freed 467K, 7% free 9965K/10695K, paused 2ms+4ms
07-04 02:30:37.164 11820 11823 D dalvikvm: GC_CONCURRENT freed 2114K, 13% free 16118K/18503K, paused 3ms+8ms
07-04 02:30:39.308 11820 11823 D dalvikvm: GC_CONCURRENT freed 2126K, 14% free 16039K/18503K, paused 3ms+8ms
07-04 02:30:53.789   158   576 D dalvikvm: GC_EXPLICIT freed 1119K, 27% free 15329K/20743K, paused 5ms+7ms
07-04 02:30:54.812 11820 11823 D dalvikvm: GC_CONCURRENT freed 1989K, 14% free 16098K/18503K, paused 3ms+12ms
07-04 02:30:57.746 11820 11823 D dalvikvm: GC_CONCURRENT freed 2087K, 14% free 16058K/18503K, paused 2ms+6ms
07-04 02:31:17.375 10925 10938 I PhoneLab-: Service Running
07-04 02:31:17.484 10925 10927 D dalvikvm: GC_CONCURRENT freed 402K, 15% free 9147K/10695K, paused 9ms+4ms
07-04 02:31:17.492 10925 10938 I PhoneLab-LoggerService: app_36    1325  1     1828   1388  c00f181c 400107b4 S logcat
07-04 02:31:17.492 10925 10938 I PhoneLab-LoggerService: Logcat pid from database 1325
07-04 02:31:17.492 10925 10938 I PhoneLab-LoggerService: Logcat process found 1325
07-04 02:31:17.492 10925 10938 I PhoneLab-LoggerService: Checking Threshold
07-04 02:31:17.492 10925 10938 I PhoneLab-LoggerService: Starting to rename files
07-04 02:31:17.492 10925 10938 I PhoneLab-LoggerService: Files found .. 2
07-04 02:31:33.488   158   204 I power   : *** set_screen_state 0
07-04 02:31:33.539    79   123 D SurfaceFlinger: About to give-up screen, flinger = 0x1e7d918
07-04 02:31:33.632   491   588 D NfcService: NFC-C OFF, disconnect
07-04 02:31:33.910   393   395 D dalvikvm: GC_CONCURRENT freed 606K, 65% free 10087K/28231K, paused 3ms+4ms
07-04 02:31:38.597   158   208 V TransportControlView: Create TCV com.android.internal.widget.TransportControlView@41559e90
07-04 02:31:38.632   393   393 D PhoneStatusBar: disable: < expand icons alerts ticker system_info back home RECENT* clock >
07-04 02:31:40.023   158   208 I power   : *** set_screen_state 1
07-04 02:31:40.039   393   393 D PhoneStatusBar: disable: < expand icons alerts ticker system_info BACK* HOME* RECENT CLOCK* >
07-04 02:31:40.207   158   208 I WindowManager: Lock screen displayed!
07-04 02:31:40.242    79   123 D SurfaceFlinger: Screen about to return, flinger = 0x1e7d918
07-04 02:31:40.523   393   395 D dalvikvm: GC_CONCURRENT freed 474K, 65% free 10041K/28231K, paused 2ms+15ms
07-04 02:31:40.531   158   174 I Process : Sending signal. PID: 11820 SIG: 3
07-04 02:31:40.531 11820 11825 I dalvikvm: threadid=3: reacting to signal 3
07-04 02:31:40.558 11820 11825 I dalvikvm: Wrote stack traces to '/data/anr/traces.txt'
07-04 02:31:40.648  9622  9645 D androidNetworkLocationListeners: Still have listener com.google.android.location.internal.client.NetworkLocationClient$1@413a1350
07-04 02:31:40.656  9622  9645 D androidNetworkLocationListeners: Still have listener com.google.android.location.internal.client.NetworkLocationClient$1@413a1350
07-04 02:31:40.828   393   395 D dalvikvm: GC_CONCURRENT freed 109K, 64% free 10360K/28231K, paused 2ms+11ms
07-04 02:31:40.972   393   395 D dalvikvm: GC_CONCURRENT freed 496K, 64% free 10311K/28231K, paused 2ms+12ms
07-04 02:31:41.957  9622  9645 D androidNetworkLocationListeners: Still have listener com.google.android.location.internal.client.NetworkLocationClient$1@413a1350
07-04 02:31:42.234   393   393 D dalvikvm: GC_FOR_ALLOC freed 510K, 64% free 10176K/28231K, paused 16ms
07-04 02:31:42.304   393   395 D dalvikvm: GC_CONCURRENT freed 328K, 64% free 10323K/28231K, paused 2ms+3ms
07-04 02:31:42.414   393   395 D dalvikvm: GC_CONCURRENT freed 514K, 64% free 10236K/28231K, paused 3ms+4ms
07-04 02:31:43.273  9622  9624 D dalvikvm: GC_CONCURRENT freed 476K, 7% free 9969K/10695K, paused 3ms+5ms
07-04 02:31:48.086   393   393 D PhoneStatusBar: disable: < expand icons alerts ticker system_info BACK HOME recent* CLOCK >
07-04 02:31:48.097   491  1636 D NfcService: NFC-C ON
07-04 02:31:48.117   393   393 D PhoneStatusBar: disable: < expand icons alerts ticker system_info back* home* recent clock* >
07-04 02:31:48.125   158   578 W InputManagerService: Window already focused, ignoring focus gain of: com.android.internal.view.IInputMethodClient$Stub$Proxy@414599b0
07-04 02:31:48.140   393   393 V PhoneStatusBar: setLightsOn(true)
07-04 02:31:57.824   158   161 D dalvikvm: GC_CONCURRENT freed 734K, 23% free 16047K/20743K, paused 6ms+13ms
07-04 02:32:03.144   457   460 D dalvikvm: GC_CONCURRENT freed 656K, 17% free 11503K/13831K, paused 2ms+4ms
07-04 02:32:18.574   457   460 D dalvikvm: GC_CONCURRENT freed 905K, 18% free 11372K/13831K, paused 4ms+3ms
07-04 02:32:22.535   158   602 I ActivityManager: START {act=com.android.settings.USER_DICTIONARY_INSERT flg=0x10000000 cmp=com.android.settings/.Settings$UserDictionarySettingsActivity (has extras)} from pid 11820
07-04 02:32:22.894   158   169 I ActivityManager: Start proc com.android.settings for activity com.android.settings/.Settings$UserDictionarySettingsActivity: pid=12189 uid=1000 gids={1015, 3002, 3001, 3003, 3007}
07-04 02:32:22.914   393   393 V PhoneStatusBar: setLightsOn(true)
07-04 02:32:23.011   158   508 W InputManagerService: Focus gain on non-focused client com.android.internal.view.IInputMethodClient$Stub$Proxy@41be0190 (uid=10057 pid=11820)
07-04 02:32:23.039 11820 11820 D OpenGLRenderer: Flushing caches (mode 1)
07-04 02:32:23.097 11820 11820 D OpenGLRenderer: Flushing caches (mode 0)
07-04 02:32:23.457   158   174 I Process : Sending signal. PID: 12189 SIG: 3
07-04 02:32:23.457 12189 12193 I dalvikvm: threadid=3: reacting to signal 3
07-04 02:32:23.543 12189 12193 I dalvikvm: Wrote stack traces to '/data/anr/traces.txt'
07-04 02:32:23.566 12189 12190 D dalvikvm: GC_CONCURRENT freed 177K, 4% free 9300K/9607K, paused 12ms+6ms
07-04 02:32:23.695 12189 12189 D libEGL  : loaded /system/lib/egl/libGLES_android.so
07-04 02:32:23.703 12189 12189 D libEGL  : loaded /vendor/lib/egl/libEGL_POWERVR_SGX540_120.so
07-04 02:32:23.718 12189 12189 D libEGL  : loaded /vendor/lib/egl/libGLESv1_CM_POWERVR_SGX540_120.so
07-04 02:32:23.722 12189 12189 D libEGL  : loaded /vendor/lib/egl/libGLESv2_POWERVR_SGX540_120.so
07-04 02:32:23.800 12189 12189 D OpenGLRenderer: Enabling debug mode 0
07-04 02:32:23.875   158   508 W InputManagerService: Starting input on non-focused client com.android.internal.view.IInputMethodClient$Stub$Proxy@41be0190 (uid=10057 pid=11820)
07-04 02:32:23.933 11820 11820 W IInputConnectionWrapper: showStatusIcon on inactive InputConnection
07-04 02:32:23.957   158   174 I Process : Sending signal. PID: 12189 SIG: 3
07-04 02:32:23.957 12189 12193 I dalvikvm: threadid=3: reacting to signal 3
07-04 02:32:23.976 12189 12193 I dalvikvm: Wrote stack traces to '/data/anr/traces.txt'
07-04 02:32:24.211   158   207 I ActivityManager: Displayed com.android.settings/.Settings$UserDictionarySettingsActivity: +1s390ms
07-04 02:32:25.152 11877 11879 D dalvikvm: GC_CONCURRENT freed 478K, 6% free 9469K/10055K, paused 6ms+4ms
07-04 02:32:25.500 11820 11820 D dalvikvm: GC_EXPLICIT freed 1692K, 13% free 16113K/18503K, paused 19ms+18ms
07-04 02:32:25.543   393   393 V PhoneStatusBar: setLightsOn(true)
07-04 02:32:25.582 12189 12189 W IInputConnectionWrapper: showStatusIcon on inactive InputConnection
07-04 02:32:25.621  9622  9645 D androidNetworkLocationListeners: Still have listener com.google.android.location.internal.client.NetworkLocationClient$1@413a1350
07-04 02:32:25.711 12189 12189 D OpenGLRenderer: Flushing caches (mode 0)
07-04 02:32:25.828  9622  9645 D androidNetworkLocationListeners: Still have listener com.google.android.location.internal.client.NetworkLocationClient$1@413a1350
07-04 02:32:26.007   393   395 D dalvikvm: GC_CONCURRENT freed 360K, 64% free 10347K/28231K, paused 3ms+11ms
07-04 02:32:26.300 12189 12189 D OpenGLRenderer: Flushing caches (mode 1)
07-04 02:32:27.136  9622  9645 D androidNetworkLocationListeners: Still have listener com.google.android.location.internal.client.NetworkLocationClient$1@413a1350
07-04 02:32:27.339 11820 12206 W Caught throwable: com.facebook.orca.mqtt.MqttException: Failed to connect
07-04 02:32:27.339 11820 12206 W Caught throwable: 	at com.facebook.orca.mqtt.MqttClient.f(MqttClient.java:237)
07-04 02:32:27.339 11820 12206 W Caught throwable: 	at com.facebook.orca.mqtt.MqttClient.e(MqttClient.java:142)
07-04 02:32:27.339 11820 12206 W Caught throwable: 	at com.facebook.orca.mqtt.MqttClient.a(MqttClient.java:32)
07-04 02:32:27.339 11820 12206 W Caught throwable: 	at com.facebook.orca.mqtt.MqttClient$1.run(MqttClient.java:76)
07-04 02:32:27.339 11820 12206 W Caught throwable: 	at java.lang.Thread.run(Thread.java:856)
07-04 02:32:27.339 11820 12206 W Caught throwable: Caused by: javax.net.ssl.SSLException: Read error: ssl=0x6ed3a8: I/O error during system call, Connection reset by peer
07-04 02:32:27.339 11820 12206 W Caught throwable: 	at org.apache.harmony.xnet.provider.jsse.NativeCrypto.SSL_read(Native Method)
07-04 02:32:27.339 11820 12206 W Caught throwable: 	at org.apache.harmony.xnet.provider.jsse.OpenSSLSocketImpl$SSLInputStream.read(OpenSSLSocketImpl.java:671)
07-04 02:32:27.339 11820 12206 W Caught throwable: 	at libcore.io.Streams.readSingleByte(Streams.java:41)
07-04 02:32:27.339 11820 12206 W Caught throwable: 	at org.apache.harmony.xnet.provider.jsse.OpenSSLSocketImpl$SSLInputStream.read(OpenSSLSocketImpl.java:655)
07-04 02:32:27.339 11820 12206 W Caught throwable: 	at java.io.DataInputStream.readUnsignedByte(DataInputStream.java:174)
07-04 02:32:27.339 11820 12206 W Caught throwable: 	at com.facebook.orca.mqtt.serialization.MessageDecoder.b(MessageDecoder.java:54)
07-04 02:32:27.339 11820 12206 W Caught throwable: 	at com.facebook.orca.mqtt.serialization.MessageDecoder.a(MessageDecoder.java:34)
07-04 02:32:27.339 11820 12206 W Caught throwable: 	at com.facebook.orca.mqtt.MqttClient.f(MqttClient.java:212)
07-04 02:32:27.339 11820 12206 W Caught throwable: 	... 4 more
07-04 02:32:27.414   393   393 D dalvikvm: GC_FOR_ALLOC freed 538K, 64% free 10178K/28231K, paused 18ms
07-04 02:32:27.476   393   395 D dalvikvm: GC_CONCURRENT freed 317K, 64% free 10313K/28231K, paused 2ms+3ms
07-04 02:32:27.679   393   395 D dalvikvm: GC_CONCURRENT freed 523K, 64% free 10184K/28231K, paused 2ms+4ms
07-04 02:32:28.468  9622  9624 D dalvikvm: GC_CONCURRENT freed 462K, 7% free 9963K/10695K, paused 2ms+3ms
07-04 02:32:29.339   457   457 I LatinIME: InputType.TYPE_NULL is specified
07-04 02:32:29.339   457   457 W LatinIME: Unexpected input class: inputType=0x00000000 imeOptions=0x00000000
07-04 02:32:29.605   457   460 D dalvikvm: GC_CONCURRENT freed 671K, 18% free 11419K/13831K, paused 3ms+6ms
07-04 02:32:29.796   393   395 D dalvikvm: GC_CONCURRENT freed 577K, 65% free 10092K/28231K, paused 2ms+8ms
07-04 02:32:31.949 11820 11820 D dalvikvm: GC_FOR_ALLOC freed 718K, 14% free 16063K/18503K, paused 63ms
07-04 02:32:31.949 11820 11820 I dalvikvm-heap: Grow heap (frag case) to 15.816MB for 57616-byte allocation
07-04 02:32:32.031 11820 11848 D dalvikvm: GC_FOR_ALLOC freed 15K, 14% free 16104K/18567K, paused 70ms
07-04 02:32:32.168  9622  9645 D androidNetworkLocationListeners: Still have listener com.google.android.location.internal.client.NetworkLocationClient$1@413a1350
07-04 02:32:32.277  9622  9645 D androidNetworkLocationListeners: Still have listener com.google.android.location.internal.client.NetworkLocationClient$1@413a1350
07-04 02:32:32.695   393   393 D dalvikvm: GC_FOR_ALLOC freed 501K, 65% free 9963K/28231K, paused 35ms
07-04 02:32:32.769   393   395 D dalvikvm: GC_CONCURRENT freed 404K, 65% free 10065K/28231K, paused 1ms+3ms
07-04 02:32:32.906   393   395 D dalvikvm: GC_CONCURRENT freed 375K, 65% free 10131K/28231K, paused 2ms+3ms
07-04 02:32:32.968 11083 11085 D dalvikvm: GC_CONCURRENT freed 747K, 10% free 11397K/12551K, paused 2ms+4ms
07-04 02:32:33.117 11083 12210 I OrcaHttpClientImpl$2: I/O exception (com.facebook.apache.http.NoHttpResponseException) caught when processing request: The target server failed to respond
07-04 02:32:33.121 11083 12210 I OrcaHttpClientImpl$2: Retrying request
07-04 02:32:33.148 11083 11085 D dalvikvm: GC_CONCURRENT freed 780K, 10% free 11334K/12551K, paused 2ms+4ms
07-04 02:32:33.562  9622  9645 D androidNetworkLocationListeners: Still have listener com.google.android.location.internal.client.NetworkLocationClient$1@413a1350
07-04 02:32:33.906   393   395 D dalvikvm: GC_CONCURRENT freed 512K, 65% free 10084K/28231K, paused 2ms+4ms
07-04 02:32:33.980 11820 11823 D dalvikvm: GC_CONCURRENT freed 1909K, 13% free 16242K/18567K, paused 2ms+16ms
07-04 02:32:34.488 11083 11085 D dalvikvm: GC_CONCURRENT freed 704K, 10% free 11400K/12551K, paused 7ms+4ms
07-04 02:32:34.879  9622  9624 D dalvikvm: GC_CONCURRENT freed 462K, 7% free 9964K/10695K, paused 2ms+4ms
07-04 02:32:34.949 11083 11085 D dalvikvm: GC_CONCURRENT freed 834K, 10% free 11354K/12551K, paused 2ms+4ms
07-04 02:32:34.976 11083 12211 W orca:OrcaServiceQueue: Exception during service
07-04 02:32:34.976 11083 12211 W orca:OrcaServiceQueue: com.facebook.apache.http.NoHttpResponseException: The target server failed to respond
07-04 02:32:34.976 11083 12211 W orca:OrcaServiceQueue: 	at com.facebook.apache.http.impl.conn.DefaultResponseParser.a(DefaultResponseParser.java:101)
07-04 02:32:34.976 11083 12211 W orca:OrcaServiceQueue: 	at com.facebook.apache.http.impl.io.AbstractMessageParser.a(AbstractMessageParser.java:252)
07-04 02:32:34.976 11083 12211 W orca:OrcaServiceQueue: 	at com.facebook.apache.http.impl.AbstractHttpClientConnection.a(AbstractHttpClientConnection.java:283)
07-04 02:32:34.976 11083 12211 W orca:OrcaServiceQueue: 	at com.facebook.apache.http.impl.conn.DefaultClientConnection.a(DefaultClientConnection.java:247)
07-04 02:32:34.976 11083 12211 W orca:OrcaServiceQueue: 	at com.facebook.apache.http.impl.conn.AbstractClientConnAdapter.a(AbstractClientConnAdapter.java:216)
07-04 02:32:34.976 11083 12211 W orca:OrcaServiceQueue: 	at com.facebook.apache.http.protocol.HttpRequestExecutor.c(HttpRequestExecutor.java:298)
07-04 02:32:34.976 11083 12211 W orca:OrcaServiceQueue: 	at com.facebook.apache.http.protocol.HttpRequestExecutor.a(HttpRequestExecutor.java:125)
07-04 02:32:34.976 11083 12211 W orca:OrcaServiceQueue: 	at com.facebook.apache.http.impl.client.DefaultRequestDirector.b(DefaultRequestDirector.java:658)
07-04 02:32:34.976 11083 12211 W orca:OrcaServiceQueue: 	at com.facebook.apache.http.impl.client.DefaultRequestDirector.a(DefaultRequestDirector.java:475)
07-04 02:32:34.976 11083 12211 W orca:OrcaServiceQueue: 	at com.facebook.apache.http.impl.client.AbstractHttpClient.a(AbstractHttpClient.java:816)
07-04 02:32:34.976 11083 12211 W orca:OrcaServiceQueue: 	at com.facebook.orca.common.http.OrcaHttpClientImpl.a(OrcaHttpClientImpl.java:233)
07-04 02:32:34.976 11083 12211 W orca:OrcaServiceQueue: 	at com.facebook.orca.common.http.OrcaHttpRequestProcessor.a(OrcaHttpRequestProcessor.java:98)
07-04 02:32:34.976 11083 12211 W orca:OrcaServiceQueue: 	at com.facebook.orca.protocol.base.RealBatchRunner.b(RealBatchRunner.java:157)
07-04 02:32:34.976 11083 12211 W orca:OrcaServiceQueue: 	at com.facebook.orca.protocol.WebServiceHandler.c(WebServiceHandler.java:290)
07-04 02:32:34.976 11083 12211 W orca:OrcaServiceQueue: 	at com.facebook.orca.server.AbstractOrcaServiceHandlerFilter.E(AbstractOrcaServiceHandlerFilter.java:36)
07-04 02:32:34.976 11083 12211 W orca:OrcaServiceQueue: 	at com.facebook.orca.server.FilterChainLink.a(FilterChainLink.java:17)
07-04 02:32:34.976 11083 12211 W orca:OrcaServiceQueue: 	at com.facebook.orca.database.DbServiceHandler.b(DbServiceHandler.java:597)
07-04 02:32:34.976 11083 12211 W orca:OrcaServiceQueue: 	at com.facebook.orca.database.DbServiceHandler.a(DbServiceHandler.java:547)
07-04 02:32:34.976 11083 12211 W orca:OrcaServiceQueue: 	at com.facebook.orca.database.DbServiceHandler.c(DbServiceHandler.java:301)
07-04 02:32:34.976 11083 12211 W orca:OrcaServiceQueue: 	at com.facebook.orca.server.AbstractOrcaServiceHandlerFilter.E(AbstractOrcaServiceHandlerFilter.java:36)
07-04 02:32:34.976 11083 12211 W orca:OrcaServiceQueue: 	at com.facebook.orca.server.FilterChainLink.a(FilterChainLink.java:17)
07-04 02:32:34.976 11083 12211 W orca:OrcaServiceQueue: 	at com.facebook.orca.cache.CacheServiceHandler.c(CacheServiceHandler.java:242)
07-04 02:32:34.976 11083 12211 W orca:OrcaServiceQueue: 	at com.facebook.orca.server.AbstractOrcaServiceHandlerFilter.E(AbstractOrcaServiceHandlerFilter.java:36)
07-04 02:32:34.976 11083 12211 W orca:OrcaServiceQueue: 	at com.facebook.orca.server.FilterChainLink.a(FilterChainLink.java:17)
07-04 02:32:34.976 11083 12211 W orca:OrcaServiceQueue: 	at com.facebook.orca.server.PreProcessingServiceHandler.E(PreProcessingServiceHandler.java:32)
07-04 02:32:34.976 11083 12211 W orca:OrcaServiceQueue: 	at com.facebook.orca.server.FilterChainLink.a(FilterChainLink.java:17)
07-04 02:32:34.976 11083 12211 W orca:OrcaServiceQueue: 	at com.facebook.orca.server.OrcaServiceQueue.d(OrcaServiceQueue.java:202)
07-04 02:32:34.976 11083 12211 W orca:OrcaServiceQueue: 	at com.facebook.orca.server.OrcaServiceQueue.d(OrcaServiceQueue.java:33)
07-04 02:32:34.976 11083 12211 W orca:OrcaServiceQueue: 	at com.facebook.orca.server.OrcaServiceQueue$3.run(OrcaServiceQueue.java:162)
07-04 02:32:34.976 11083 12211 W orca:OrcaServiceQueue: 	at android.os.Handler.handleCallback(Handler.java:605)
07-04 02:32:34.976 11083 12211 W orca:OrcaServiceQueue: 	at android.os.Handler.dispatchMessage(Handler.java:92)
07-04 02:32:34.976 11083 12211 W orca:OrcaServiceQueue: 	at android.os.Looper.loop(Looper.java:137)
07-04 02:32:34.976 11083 12211 W orca:OrcaServiceQueue: 	at android.os.HandlerThread.run(HandlerThread.java:60)
07-04 02:32:49.011 11820 11823 D dalvikvm: GC_CONCURRENT freed 2055K, 13% free 16235K/18567K, paused 9ms+21ms
07-04 02:33:07.800 11083 11085 D dalvikvm: GC_CONCURRENT freed 682K, 10% free 11410K/12551K, paused 25ms+4ms
07-04 02:33:09.543 11083 11085 D dalvikvm: GC_CONCURRENT freed 763K, 10% free 11387K/12551K, paused 3ms+3ms
07-04 02:33:20.175 10925 10938 I PhoneLab-: Service Running
07-04 02:33:20.257 10925 10938 I PhoneLab-LoggerService: app_36    1325  1     1828   1388  c00f181c 400107b4 S logcat
07-04 02:33:20.257 10925 10938 I PhoneLab-LoggerService: Logcat pid from database 1325
07-04 02:33:20.257 10925 10938 I PhoneLab-LoggerService: Logcat process found 1325
07-04 02:33:20.257 10925 10938 I PhoneLab-LoggerService: Checking Threshold
07-04 02:33:20.257 10925 10938 I PhoneLab-LoggerService: Starting to rename files
07-04 02:33:20.257 10925 10938 I PhoneLab-LoggerService: Files found .. 2
07-04 02:33:25.707 11820 11823 D dalvikvm: JIT code cache reset in 6 ms (1048540 bytes 2/0)
07-04 02:33:25.722 11820 11823 D dalvikvm: GC_CONCURRENT freed 1988K, 13% free 16188K/18567K, paused 42ms+17ms
07-04 02:33:31.847   158   161 D dalvikvm: GC_CONCURRENT freed 2292K, 26% free 15386K/20743K, paused 34ms+7ms
07-04 02:34:12.961   158   204 I power   : *** set_screen_state 0
07-04 02:34:13.023    79   123 D SurfaceFlinger: About to give-up screen, flinger = 0x1e7d918
07-04 02:34:13.109   491  1665 D NfcService: NFC-C OFF, disconnect
07-04 02:34:18.058   158   208 V TransportControlView: Create TCV com.android.internal.widget.TransportControlView@41559e90
07-04 02:34:18.093   393   393 D PhoneStatusBar: disable: < expand icons alerts ticker system_info back home RECENT* clock >
07-04 02:34:18.289   393   393 D PhoneStatusBar: disable: < expand icons alerts ticker system_info BACK* HOME* RECENT CLOCK* >
07-04 02:34:18.691 10925 10925 I PhoneLab-Locks: wake lock acquired
07-04 02:34:18.726 10925 12218 I PhoneLab-PeriodicCheckService: User info is synched
07-04 02:34:18.730 10925 12218 I PhoneLab-PeriodicCheckService: Logger Service is running
07-04 02:34:18.738 10925 10925 I PhoneLab-Locks: wake lock acquired
07-04 02:34:18.742 10925 10925 I PhoneLab-StatusMonitor: Status Monitoring is started
07-04 02:34:18.746 10925 12218 I PhoneLab-Locks: wake lock acquired
07-04 02:34:18.750 10925 12218 I PhoneLab-PeriodicCheckService: Rescheduling periodic checking...
07-04 02:34:18.757 10925 10925 E PhoneLab-PhoneLabManifest: java.io.FileNotFoundException: /data/data/edu.buffalo.cse.phonelab.phonelabservices/files/manifest.xml: open failed: ENOENT (No such file or directory)
07-04 02:34:18.757 10925 12218 I PhoneLab-Locks: wake lock released
07-04 02:34:18.769 10925 10925 I PhoneLab-Locks: wake lock released
07-04 02:34:18.773 10925 10925 I PhoneLab-UploadLogs: Transfering log files now
07-04 02:34:18.832 10925 10927 D dalvikvm: GC_CONCURRENT freed 404K, 14% free 9202K/10695K, paused 2ms+2ms
07-04 02:34:18.878 10925 10925 D dalvikvm: GC_FOR_ALLOC freed 241K, 12% free 9420K/10695K, paused 17ms
07-04 02:34:18.910 10925 10927 D dalvikvm: GC_CONCURRENT freed 249K, 10% free 9677K/10695K, paused 1ms+2ms
07-04 02:34:18.914 10925 10925 I PhoneLab-UploadLogs: OnStartCommand
07-04 02:34:19.304 10925 12220 D dalvikvm: GC_FOR_ALLOC freed 357K, 10% free 9653K/10695K, paused 64ms
07-04 02:34:19.320 10925 12220 D dalvikvm: GC_FOR_ALLOC freed 301K, 10% free 9653K/10695K, paused 17ms
07-04 02:34:19.347 10925 12220 D dalvikvm: GC_FOR_ALLOC freed 301K, 10% free 9654K/10695K, paused 24ms
07-04 02:34:22.703 10925 10925 I PhoneLab-: 1341383237459.log is deleted
07-04 02:34:22.703 10925 10925 I PhoneLab-: Response: {"data": "done", "err": ""}
07-04 02:34:22.707 10925 10925 I PhoneLab-UploadLogs: No log files to transfer
07-04 02:34:22.707 10925 10925 I PhoneLab-Locks: wake lock released
07-04 02:34:37.285   393   395 D dalvikvm: GC_CONCURRENT freed 521K, 65% free 9996K/28231K, paused 6ms+4ms
07-04 02:34:37.398   393   395 D dalvikvm: GC_CONCURRENT freed 203K, 64% free 10220K/28231K, paused 2ms+8ms
07-04 02:34:37.554   393   395 D dalvikvm: GC_CONCURRENT freed 522K, 65% free 10101K/28231K, paused 2ms+18ms
07-04 02:34:39.066 11820 11823 D dalvikvm: GC_CONCURRENT freed 1849K, 12% free 16386K/18567K, paused 3ms+12ms
07-04 02:34:39.683   158   602 D dalvikvm: GC_EXPLICIT freed 480K, 22% free 16239K/20743K, paused 3ms+27ms
07-04 02:34:39.843   393   395 D dalvikvm: GC_CONCURRENT freed 253K, 64% free 10275K/28231K, paused 1ms+9ms
07-04 02:34:40.500 11820 11823 D dalvikvm: GC_CONCURRENT freed 2078K, 12% free 16356K/18567K, paused 2ms+14ms
07-04 02:34:40.664   158   208 I power   : *** set_screen_state 1
07-04 02:34:40.679   158   208 I WindowManager: Lock screen displayed!
07-04 02:34:40.863    79   123 D SurfaceFlinger: Screen about to return, flinger = 0x1e7d918
07-04 02:34:41.941   393   395 D dalvikvm: GC_CONCURRENT freed 616K, 65% free 10056K/28231K, paused 2ms+18ms
07-04 02:34:42.218   393   395 D dalvikvm: GC_CONCURRENT freed 310K, 64% free 10228K/28231K, paused 2ms+12ms
07-04 02:34:42.457 11820 11823 D dalvikvm: GC_CONCURRENT freed 2134K, 13% free 16295K/18567K, paused 3ms+21ms
07-04 02:34:43.695   393   393 D PhoneStatusBar: disable: < expand icons alerts ticker system_info BACK HOME recent* CLOCK >
07-04 02:34:43.699   491   588 D NfcService: NFC-C ON
07-04 02:34:43.714   158   578 W InputManagerService: Window already focused, ignoring focus gain of: com.android.internal.view.IInputMethodClient$Stub$Proxy@4172c510
07-04 02:34:43.742   393   393 D PhoneStatusBar: disable: < expand icons alerts ticker system_info back* home* recent clock* >
07-04 02:34:43.746   393   393 V PhoneStatusBar: setLightsOn(true)
07-04 02:34:44.664 11820 11823 D dalvikvm: GC_CONCURRENT freed 2022K, 13% free 16321K/18567K, paused 3ms+10ms
07-04 02:34:48.336 11820 11823 D dalvikvm: GC_CONCURRENT freed 1906K, 12% free 16353K/18567K, paused 35ms+6ms
07-04 02:34:50.332  9622  9645 D androidNetworkLocationListeners: Still have listener com.google.android.location.internal.client.NetworkLocationClient$1@413a1350
07-04 02:34:50.394   393   395 D dalvikvm: GC_CONCURRENT freed 582K, 65% free 10111K/28231K, paused 3ms+9ms
07-04 02:34:50.535  9622  9645 D androidNetworkLocationListeners: Still have listener com.google.android.location.internal.client.NetworkLocationClient$1@413a1350
07-04 02:34:50.894   393   395 D dalvikvm: GC_CONCURRENT freed 425K, 65% free 10111K/28231K, paused 2ms+5ms
07-04 02:34:51.050   393   393 D dalvikvm: GC_FOR_ALLOC freed 294K, 64% free 10189K/28231K, paused 38ms
07-04 02:34:51.164   393   395 D dalvikvm: GC_CONCURRENT freed 344K, 64% free 10278K/28231K, paused 2ms+7ms
07-04 02:34:51.777  9622  9645 D androidNetworkLocationListeners: Still have listener com.google.android.location.internal.client.NetworkLocationClient$1@413a1350
07-04 02:34:51.800  9622  9624 D dalvikvm: GC_CONCURRENT freed 400K, 7% free 9991K/10695K, paused 2ms+3ms
07-04 02:34:52.058   393   393 D dalvikvm: GC_FOR_ALLOC freed 460K, 64% free 10177K/28231K, paused 19ms
07-04 02:34:52.121   393   395 D dalvikvm: GC_CONCURRENT freed 306K, 64% free 10308K/28231K, paused 1ms+4ms
07-04 02:34:52.269   393   395 D dalvikvm: GC_CONCURRENT freed 516K, 64% free 10183K/28231K, paused 2ms+4ms
07-04 02:35:13.105   457   457 W Suggest : String pool got too big: 19
07-04 02:35:14.074   457   460 D dalvikvm: GC_CONCURRENT freed 701K, 18% free 11393K/13831K, paused 2ms+4ms
07-04 02:35:21.648   457   460 D dalvikvm: GC_CONCURRENT freed 734K, 18% free 11415K/13831K, paused 2ms+10ms
07-04 02:35:21.746  9622  9645 D androidNetworkLocationListeners: Still have listener com.google.android.location.internal.client.NetworkLocationClient$1@413a1350
07-04 02:35:21.996  9622  9645 D androidNetworkLocationListeners: Still have listener com.google.android.location.internal.client.NetworkLocationClient$1@413a1350
07-04 02:35:22.265   393   395 D dalvikvm: GC_CONCURRENT freed 281K, 64% free 10375K/28231K, paused 2ms+9ms
07-04 02:35:22.300 11820 11823 D dalvikvm: GC_CONCURRENT freed 2112K, 13% free 16288K/18567K, paused 3ms+21ms
07-04 02:35:22.394   393   395 D dalvikvm: GC_CONCURRENT freed 589K, 64% free 10245K/28231K, paused 1ms+4ms
07-04 02:35:23.269  9622  9645 D androidNetworkLocationListeners: Still have listener com.google.android.location.internal.client.NetworkLocationClient$1@413a1350
07-04 02:35:23.304  9622  9629 I dalvikvm: Total arena pages for JIT: 11
07-04 02:35:23.304  9622  9629 I dalvikvm: Total arena pages for JIT: 12
07-04 02:35:23.304  9622  9629 I dalvikvm: Total arena pages for JIT: 13
07-04 02:35:23.308  9622  9629 I dalvikvm: Total arena pages for JIT: 14
07-04 02:35:23.312  9622  9629 I dalvikvm: Total arena pages for JIT: 15
07-04 02:35:23.312  9622  9629 I dalvikvm: Total arena pages for JIT: 16
07-04 02:35:23.316  9622  9629 I dalvikvm: Total arena pages for JIT: 17
07-04 02:35:23.320  9622  9624 D dalvikvm: GC_CONCURRENT freed 487K, 7% free 9980K/10695K, paused 3ms+6ms
07-04 02:35:23.484   393   393 D dalvikvm: GC_FOR_ALLOC freed 444K, 64% free 10177K/28231K, paused 20ms
07-04 02:35:23.554   393   395 D dalvikvm: GC_CONCURRENT freed 318K, 64% free 10312K/28231K, paused 2ms+4ms
07-04 02:35:26.070 11820 11823 D dalvikvm: GC_CONCURRENT freed 2050K, 13% free 16286K/18567K, paused 2ms+10ms
07-04 02:35:30.207 10925 10938 I PhoneLab-: Service Running
07-04 02:35:30.285 10925 10938 I PhoneLab-LoggerService: app_36    1325  1     1828   1388  c00f181c 400107b4 S logcat
07-04 02:35:30.285 10925 10938 I PhoneLab-LoggerService: Logcat pid from database 1325
07-04 02:35:30.285 10925 10938 I PhoneLab-LoggerService: Logcat process found 1325
07-04 02:35:30.285 10925 10938 I PhoneLab-LoggerService: Checking Threshold
07-04 02:35:51.589 11820 11823 D dalvikvm: GC_CONCURRENT freed 1958K, 12% free 16376K/18567K, paused 2ms+8ms
07-04 02:35:51.711   393   395 D dalvikvm: GC_CONCURRENT freed 506K, 64% free 10214K/28231K, paused 2ms+6ms
07-04 02:35:51.882   393   395 D dalvikvm: GC_CONCURRENT freed 194K, 63% free 10445K/28231K, paused 2ms+13ms
07-04 02:35:56.961 11820 11823 D dalvikvm: GC_CONCURRENT freed 2084K, 12% free 16340K/18567K, paused 3ms+10ms
07-04 02:35:57.789   393   395 D dalvikvm: GC_CONCURRENT freed 438K, 63% free 10457K/28231K, paused 8ms+4ms
07-04 02:36:00.433 11820 11823 D dalvikvm: GC_CONCURRENT freed 1969K, 12% free 16419K/18567K, paused 3ms+12ms
07-04 02:36:04.187 11820 11823 D dalvikvm: GC_CONCURRENT freed 2140K, 13% free 16326K/18567K, paused 2ms+7ms
07-04 02:36:04.386 11083 11529 D dalvikvm: GC_EXPLICIT freed 402K, 10% free 11366K/12551K, paused 3ms+6ms
07-04 02:36:09.273 11820 11823 D dalvikvm: GC_CONCURRENT freed 2022K, 12% free 16352K/18567K, paused 3ms+6ms
07-04 02:36:16.875   457   457 W Suggest : String pool got too big: 19
07-04 02:36:17.160   457   457 W Suggest : String pool got too big: 19
07-04 02:36:17.273 11820 11823 D dalvikvm: GC_CONCURRENT freed 1979K, 12% free 16420K/18567K, paused 3ms+7ms
07-04 02:36:26.816   393   393 D dalvikvm: GC_FOR_ALLOC freed 590K, 64% free 10219K/28231K, paused 24ms
07-04 02:36:26.890   393   395 D dalvikvm: GC_CONCURRENT freed 354K, 64% free 10334K/28231K, paused 1ms+3ms
07-04 02:36:27.019   393   395 D dalvikvm: GC_CONCURRENT freed 516K, 64% free 10208K/28231K, paused 2ms+4ms
07-04 02:36:35.582   158   161 D dalvikvm: GC_CONCURRENT freed 1798K, 23% free 16127K/20743K, paused 4ms+18ms
07-04 02:36:40.976   457   460 D dalvikvm: GC_CONCURRENT freed 613K, 18% free 11477K/13831K, paused 2ms+4ms
07-04 02:36:45.375   158  5941 I ActivityManager: START {act=com.android.settings.USER_DICTIONARY_INSERT flg=0x10000000 cmp=com.android.settings/.Settings$UserDictionarySettingsActivity (has extras)} from pid 11820
07-04 02:36:45.640 12189 12190 D dalvikvm: GC_CONCURRENT freed 340K, 5% free 9450K/9863K, paused 30ms+4ms
07-04 02:36:45.761 11820 11820 D OpenGLRenderer: Flushing caches (mode 1)
07-04 02:36:45.961   158   174 I Process : Sending signal. PID: 12189 SIG: 3
07-04 02:36:45.961 12189 12193 I dalvikvm: threadid=3: reacting to signal 3
07-04 02:36:45.964 12189 12193 I dalvikvm: Wrote stack traces to '/data/anr/traces.txt'
07-04 02:36:46.082 11820 11820 D OpenGLRenderer: Flushing caches (mode 0)
07-04 02:36:46.117   158   207 I ActivityManager: Displayed com.android.settings/.Settings$UserDictionarySettingsActivity: +658ms
07-04 02:36:46.320   158   169 I ActivityManager: Process com.google.android.apps.maps:NetworkLocationService (pid 10421) has died.
07-04 02:36:46.320   158   169 W ActivityManager: Scheduling restart of crashed service com.google.android.apps.maps/com.google.android.location.internal.server.NetworkLocationService in 5000ms
07-04 02:36:46.343 11820 11820 W IInputConnectionWrapper: showStatusIcon on inactive InputConnection
07-04 02:36:46.343   158   562 W InputManagerService: Starting input on non-focused client com.android.internal.view.IInputMethodClient$Stub$Proxy@41be0190 (uid=10057 pid=11820)
07-04 02:36:46.824 11877 11879 D dalvikvm: GC_CONCURRENT freed 442K, 6% free 9454K/10055K, paused 2ms+4ms
07-04 02:36:46.921   393   393 V PhoneStatusBar: setLightsOn(true)
07-04 02:36:46.988 12189 12189 W IInputConnectionWrapper: showStatusIcon on inactive InputConnection
07-04 02:36:47.136 12189 12190 D dalvikvm: GC_CONCURRENT freed 345K, 5% free 9512K/9991K, paused 9ms+16ms
07-04 02:36:47.250 12189 12189 D OpenGLRenderer: Flushing caches (mode 0)
07-04 02:36:47.320  9622  9645 D androidNetworkLocationListeners: Still have listener com.google.android.location.internal.client.NetworkLocationClient$1@413a1350
07-04 02:36:47.507  9622  9645 D androidNetworkLocationListeners: Still have listener com.google.android.location.internal.client.NetworkLocationClient$1@413a1350
07-04 02:36:47.675   393   395 D dalvikvm: GC_CONCURRENT freed 305K, 64% free 10387K/28231K, paused 2ms+8ms
07-04 02:36:47.761 12189 12189 D OpenGLRenderer: Flushing caches (mode 1)
07-04 02:36:47.824   393   395 D dalvikvm: GC_CONCURRENT freed 572K, 64% free 10219K/28231K, paused 2ms+4ms
07-04 02:36:48.793  9622  9624 D dalvikvm: GC_CONCURRENT freed 515K, 7% free 9976K/10695K, paused 1ms+2ms
07-04 02:36:48.808  9622  9645 D androidNetworkLocationListeners: Still have listener com.google.android.location.internal.client.NetworkLocationClient$1@413a1350
07-04 02:36:49.046   393   393 D dalvikvm: GC_FOR_ALLOC freed 423K, 64% free 10177K/28231K, paused 17ms
07-04 02:36:49.109   393   395 D dalvikvm: GC_CONCURRENT freed 343K, 64% free 10321K/28231K, paused 1ms+4ms
07-04 02:36:49.218   393   395 D dalvikvm: GC_CONCURRENT freed 530K, 64% free 10277K/28231K, paused 2ms+4ms
07-04 02:36:49.402   158   601 I ActivityManager: START {act=com.android.settings.USER_DICTIONARY_INSERT flg=0x10000000 cmp=com.android.settings/.Settings$UserDictionarySettingsActivity (has extras)} from pid 11820
07-04 02:36:49.726 11820 11820 D OpenGLRenderer: Flushing caches (mode 1)
07-04 02:36:49.867 11820 11820 D OpenGLRenderer: Flushing caches (mode 0)
07-04 02:36:49.972   457   460 D dalvikvm: GC_CONCURRENT freed 783K, 18% free 11420K/13831K, paused 3ms+10ms
07-04 02:36:49.996   158   174 I Process : Sending signal. PID: 12189 SIG: 3
07-04 02:36:49.996 12189 12193 I dalvikvm: threadid=3: reacting to signal 3
07-04 02:36:50.004 12189 12193 I dalvikvm: Wrote stack traces to '/data/anr/traces.txt'
07-04 02:36:50.062   158   207 I ActivityManager: Displayed com.android.settings/.Settings$UserDictionarySettingsActivity: +571ms
07-04 02:36:50.293   158   576 I ActivityManager: Process com.svox.pico (pid 11684) has died.
07-04 02:36:50.324 11820 11820 W IInputConnectionWrapper: showStatusIcon on inactive InputConnection
07-04 02:36:50.324   158   509 W InputManagerService: Starting input on non-focused client com.android.internal.view.IInputMethodClient$Stub$Proxy@41be0190 (uid=10057 pid=11820)
07-04 02:36:50.863 12189 12190 D dalvikvm: GC_CONCURRENT freed 363K, 5% free 9559K/10055K, paused 7ms+5ms
07-04 02:36:51.035   393   393 V PhoneStatusBar: setLightsOn(true)
07-04 02:36:51.109  9622  9645 D androidNetworkLocationListeners: Still have listener com.google.android.location.internal.client.NetworkLocationClient$1@413a1350
07-04 02:36:51.121 12189 12189 W IInputConnectionWrapper: showStatusIcon on inactive InputConnection
07-04 02:36:51.222  9622  9645 D androidNetworkLocationListeners: Still have listener com.google.android.location.internal.client.NetworkLocationClient$1@413a1350
07-04 02:36:51.246 12189 12189 D OpenGLRenderer: Flushing caches (mode 0)
07-04 02:36:51.390   158   602 D dalvikvm: GC_EXPLICIT freed 2283K, 26% free 15388K/20743K, paused 10ms+15ms
07-04 02:36:51.738   393   395 D dalvikvm: GC_CONCURRENT freed 365K, 64% free 10333K/28231K, paused 2ms+17ms
07-04 02:36:51.781   158   175 I ActivityManager: Start proc com.google.android.apps.maps:NetworkLocationService for service com.google.android.apps.maps/com.google.android.location.internal.server.NetworkLocationService: pid=12250 uid=10054 gids={3003, 1015}
07-04 02:36:51.789 12189 12189 D OpenGLRenderer: Flushing caches (mode 1)
07-04 02:36:51.824   158   601 I ActivityManager: Process com.android.voicedialer (pid 11698) has died.
07-04 02:36:52.007 12250 12251 D dalvikvm: GC_CONCURRENT freed 171K, 3% free 9365K/9607K, paused 2ms+2ms
07-04 02:36:52.613 12250 12251 D dalvikvm: GC_CONCURRENT freed 159K, 3% free 9677K/9927K, paused 2ms+3ms
07-04 02:36:53.089  9622  9645 D androidNetworkLocationListeners: Still have listener com.google.android.location.internal.client.NetworkLocationClient$1@413a1350
07-04 02:36:53.152  9622  9624 D dalvikvm: GC_CONCURRENT freed 495K, 7% free 9968K/10695K, paused 2ms+14ms
07-04 02:36:53.261 12250 12251 D dalvikvm: GC_CONCURRENT freed 177K, 3% free 10062K/10311K, paused 5ms+3ms
07-04 02:36:53.308   393   395 D dalvikvm: GC_CONCURRENT freed 537K, 64% free 10180K/28231K, paused 2ms+3ms
07-04 02:36:53.398   393   395 D dalvikvm: GC_CONCURRENT freed 324K, 64% free 10293K/28231K, paused 2ms+8ms
07-04 02:36:53.640 12250 12251 D dalvikvm: GC_CONCURRENT freed 662K, 8% free 9886K/10631K, paused 2ms+2ms
07-04 02:36:53.722   158   175 I ActivityManager: Start proc com.google.android.apps.maps:FriendService for broadcast com.google.android.apps.maps/com.google.googlenav.friend.android.ServiceReceiver: pid=12273 uid=10054 gids={3003, 1015}
07-04 02:36:53.855 12273 12275 D dalvikvm: GC_CONCURRENT freed 173K, 3% free 9362K/9607K, paused 3ms+3ms
07-04 02:36:53.964   158   508 I ActivityManager: START {act=com.android.settings.USER_DICTIONARY_INSERT flg=0x10000000 cmp=com.android.settings/.Settings$UserDictionarySettingsActivity (has extras)} from pid 11820
07-04 02:36:54.132 12273 12275 D dalvikvm: GC_CONCURRENT freed 191K, 3% free 9727K/9991K, paused 4ms+10ms
07-04 02:36:54.355  1548  1548 D OpenGLRenderer: Flushing caches (mode 2)
07-04 02:36:54.371  1548  1548 D OpenGLRenderer: Flushing caches (mode 0)
07-04 02:36:54.531   158   174 I Process : Sending signal. PID: 12189 SIG: 3
07-04 02:36:54.531 12189 12193 I dalvikvm: threadid=3: reacting to signal 3
07-04 02:36:54.554 12189 12193 I dalvikvm: Wrote stack traces to '/data/anr/traces.txt'
07-04 02:36:54.789   158   207 I ActivityManager: Displayed com.android.settings/.Settings$UserDictionarySettingsActivity: +761ms
07-04 02:36:54.964 11820 11820 D OpenGLRenderer: Flushing caches (mode 1)
07-04 02:36:54.992   158   602 W InputManagerService: Starting input on non-focused client com.android.internal.view.IInputMethodClient$Stub$Proxy@41be0190 (uid=10057 pid=11820)
07-04 02:36:55.004 11820 11820 W IInputConnectionWrapper: showStatusIcon on inactive InputConnection
07-04 02:36:55.046 11820 11820 D OpenGLRenderer: Flushing caches (mode 0)
07-04 02:36:55.101 12250 12256 I dalvikvm: Total arena pages for JIT: 11
07-04 02:36:55.105 12250 12256 I dalvikvm: Total arena pages for JIT: 12
07-04 02:36:55.105 12250 12256 I dalvikvm: Total arena pages for JIT: 13
07-04 02:36:55.109 12250 12256 I dalvikvm: Total arena pages for JIT: 14
07-04 02:36:55.109 12250 12256 I dalvikvm: Total arena pages for JIT: 15
07-04 02:36:55.113 12250 12256 I dalvikvm: Total arena pages for JIT: 16
07-04 02:36:55.117 12250 12256 I dalvikvm: Total arena pages for JIT: 17
07-04 02:36:55.144 12250 12272 D dalvikvm: GC_FOR_ALLOC freed 194K, 6% free 10033K/10631K, paused 42ms
07-04 02:36:55.461 12189 12190 D dalvikvm: GC_CONCURRENT freed 453K, 6% free 9606K/10183K, paused 2ms+18ms
07-04 02:36:55.496 11877 11879 D dalvikvm: GC_CONCURRENT freed 508K, 7% free 9398K/10055K, paused 1ms+3ms
07-04 02:36:55.617   393   393 V PhoneStatusBar: setLightsOn(true)
07-04 02:36:55.714 12189 12189 W IInputConnectionWrapper: showStatusIcon on inactive InputConnection
07-04 02:36:55.718  9622  9645 D androidNetworkLocationListeners: Still have listener com.google.android.location.internal.client.NetworkLocationClient$1@413a1350
07-04 02:36:55.726  9622  9645 D androidNetworkLocationListeners: Still have listener com.google.android.location.internal.client.NetworkLocationClient$1@413a1350
07-04 02:36:55.804 12189 12189 D OpenGLRenderer: Flushing caches (mode 0)
07-04 02:36:56.035   393   395 D dalvikvm: GC_CONCURRENT freed 395K, 64% free 10376K/28231K, paused 2ms+9ms
07-04 02:36:56.293   393   395 D dalvikvm: GC_CONCURRENT freed 584K, 64% free 10197K/28231K, paused 2ms+9ms
07-04 02:36:56.578 11820 11823 D dalvikvm: GC_CONCURRENT freed 2029K, 13% free 16320K/18567K, paused 3ms+11ms
07-04 02:36:56.796 12189 12189 D OpenGLRenderer: Flushing caches (mode 1)
07-04 02:36:56.902  9622  9645 D androidNetworkLocationListeners: Still have listener com.google.android.location.internal.client.NetworkLocationClient$1@413a1350
07-04 02:36:56.976  9622  9624 D dalvikvm: GC_CONCURRENT freed 464K, 7% free 9964K/10695K, paused 2ms+4ms
07-04 02:36:57.129   393   393 D dalvikvm: GC_FOR_ALLOC freed 394K, 64% free 10177K/28231K, paused 20ms
07-04 02:36:57.211   393   395 D dalvikvm: GC_CONCURRENT freed 305K, 64% free 10366K/28231K, paused 1ms+4ms
07-04 02:36:58.218 12250 12251 D dalvikvm: GC_CONCURRENT freed 356K, 6% free 10061K/10631K, paused 2ms+2ms
07-04 02:36:59.214  9622  9645 D androidNetworkLocationListeners: Still have listener com.google.android.location.internal.client.NetworkLocationClient$1@413a1350
07-04 02:36:59.234  9622  9645 D androidNetworkLocationListeners: Still have listener com.google.android.location.internal.client.NetworkLocationClient$1@413a1350
07-04 02:36:59.414   393   395 D dalvikvm: GC_CONCURRENT freed 427K, 64% free 10376K/28231K, paused 2ms+9ms
07-04 02:36:59.523   393   395 D dalvikvm: GC_CONCURRENT freed 587K, 64% free 10260K/28231K, paused 2ms+4ms
07-04 02:37:00.632 11820 11823 D dalvikvm: GC_CONCURRENT freed 2080K, 13% free 16224K/18567K, paused 2ms+7ms
07-04 02:37:00.734  9622  9645 D androidNetworkLocationListeners: Still have listener com.google.android.location.internal.client.NetworkLocationClient$1@413a1350
07-04 02:37:00.754  9622  9624 D dalvikvm: GC_CONCURRENT freed 459K, 7% free 9963K/10695K, paused 2ms+4ms
07-04 02:37:01.019   393   395 D dalvikvm: GC_CONCURRENT freed 329K, 64% free 10357K/28231K, paused 2ms+3ms
07-04 02:37:01.086   393   395 D dalvikvm: GC_CONCURRENT freed 492K, 64% free 10305K/28231K, paused 2ms+4ms
07-04 02:37:01.222   393   395 D dalvikvm: GC_CONCURRENT freed 518K, 64% free 10181K/28231K, paused 2ms+3ms
07-04 02:37:04.316   457   460 D dalvikvm: GC_CONCURRENT freed 743K, 18% free 11353K/13831K, paused 2ms+5ms
07-04 02:37:17.375 10925 10938 I PhoneLab-: Service Running
07-04 02:37:17.453 10925 10927 D dalvikvm: GC_CONCURRENT freed 887K, 15% free 9179K/10695K, paused 2ms+6ms
07-04 02:37:17.457 10925 10938 I PhoneLab-LoggerService: app_36    1325  1     1828   1384  c00f181c 400107b4 S logcat
07-04 02:37:17.457 10925 10938 I PhoneLab-LoggerService: Logcat pid from database 1325
07-04 02:37:17.464 10925 10938 I PhoneLab-LoggerService: Logcat process found 1325
07-04 02:37:17.464 10925 10938 I PhoneLab-LoggerService: Checking Threshold
07-04 02:37:18.687   457   460 D dalvikvm: GC_CONCURRENT freed 634K, 18% free 11379K/13831K, paused 2ms+9ms
07-04 02:37:27.625   457   457 W Suggest : String pool got too big: 19
07-04 02:37:37.054   158   161 D dalvikvm: GC_CONCURRENT freed 1467K, 26% free 15390K/20743K, paused 6ms+22ms
07-04 02:37:41.031   457   460 D dalvikvm: GC_CONCURRENT freed 693K, 18% free 11428K/13831K, paused 2ms+3ms
07-04 02:37:42.675 11877 11890 D dalvikvm: GC_EXPLICIT freed 68K, 7% free 9385K/10055K, paused 2ms+3ms
07-04 02:37:54.824   393   393 D dalvikvm: GC_FOR_ALLOC freed 263K, 64% free 10282K/28231K, paused 37ms
07-04 02:37:54.996   393   395 D dalvikvm: GC_CONCURRENT freed 324K, 64% free 10436K/28231K, paused 2ms+18ms
07-04 02:37:55.156 11820 11823 D dalvikvm: GC_CONCURRENT freed 1982K, 13% free 16289K/18567K, paused 8ms+8ms
07-04 02:37:55.679 11083 11085 D dalvikvm: GC_CONCURRENT freed 773K, 10% free 11376K/12551K, paused 7ms+4ms
07-04 02:37:55.781 11083 12305 I OrcaHttpClientImpl$2: I/O exception (com.facebook.apache.http.NoHttpResponseException) caught when processing request: The target server failed to respond
07-04 02:37:55.785 11083 12305 I OrcaHttpClientImpl$2: Retrying request
07-04 02:37:56.257   393   395 D dalvikvm: GC_CONCURRENT freed 589K, 64% free 10324K/28231K, paused 2ms+14ms
07-04 02:37:56.492  9622  9645 D androidNetworkLocationListeners: Still have listener com.google.android.location.internal.client.NetworkLocationClient$1@413a1350
07-04 02:37:56.558  9622  9645 D androidNetworkLocationListeners: Still have listener com.google.android.location.internal.client.NetworkLocationClient$1@413a1350
07-04 02:37:56.734   393   393 D dalvikvm: GC_FOR_ALLOC freed 500K, 64% free 10199K/28231K, paused 42ms
07-04 02:37:56.820   393   395 D dalvikvm: GC_CONCURRENT freed 310K, 64% free 10398K/28231K, paused 1ms+5ms
07-04 02:37:57.070 11083 11085 D dalvikvm: GC_CONCURRENT freed 683K, 10% free 11362K/12551K, paused 2ms+4ms
07-04 02:37:58.203  9622  9645 D androidNetworkLocationListeners: Still have listener com.google.android.location.internal.client.NetworkLocationClient$1@413a1350
07-04 02:37:58.254  9622  9624 D dalvikvm: GC_CONCURRENT freed 470K, 7% free 9966K/10695K, paused 4ms+6ms
07-04 02:37:58.418   393   393 D dalvikvm: GC_FOR_ALLOC freed 581K, 64% free 10182K/28231K, paused 18ms
07-04 02:37:58.480   393   395 D dalvikvm: GC_CONCURRENT freed 343K, 64% free 10330K/28231K, paused 1ms+4ms
07-04 02:37:58.574   393   395 D dalvikvm: GC_CONCURRENT freed 598K, 64% free 10222K/28231K, paused 2ms+4ms
07-04 02:37:58.703 11083 11085 D dalvikvm: GC_CONCURRENT freed 729K, 10% free 11414K/12551K, paused 68ms+4ms
07-04 02:37:59.054 11083 11085 D dalvikvm: GC_CONCURRENT freed 836K, 10% free 11377K/12551K, paused 2ms+4ms
07-04 02:37:59.082 11083 12307 W orca:OrcaServiceQueue: Exception during service
07-04 02:37:59.082 11083 12307 W orca:OrcaServiceQueue: com.facebook.apache.http.NoHttpResponseException: The target server failed to respond
07-04 02:37:59.082 11083 12307 W orca:OrcaServiceQueue: 	at com.facebook.apache.http.impl.conn.DefaultResponseParser.a(DefaultResponseParser.java:101)
07-04 02:37:59.082 11083 12307 W orca:OrcaServiceQueue: 	at com.facebook.apache.http.impl.io.AbstractMessageParser.a(AbstractMessageParser.java:252)
07-04 02:37:59.082 11083 12307 W orca:OrcaServiceQueue: 	at com.facebook.apache.http.impl.AbstractHttpClientConnection.a(AbstractHttpClientConnection.java:283)
07-04 02:37:59.082 11083 12307 W orca:OrcaServiceQueue: 	at com.facebook.apache.http.impl.conn.DefaultClientConnection.a(DefaultClientConnection.java:247)
07-04 02:37:59.082 11083 12307 W orca:OrcaServiceQueue: 	at com.facebook.apache.http.impl.conn.AbstractClientConnAdapter.a(AbstractClientConnAdapter.java:216)
07-04 02:37:59.082 11083 12307 W orca:OrcaServiceQueue: 	at com.facebook.apache.http.protocol.HttpRequestExecutor.c(HttpRequestExecutor.java:298)
07-04 02:37:59.082 11083 12307 W orca:OrcaServiceQueue: 	at com.facebook.apache.http.protocol.HttpRequestExecutor.a(HttpRequestExecutor.java:125)
07-04 02:37:59.082 11083 12307 W orca:OrcaServiceQueue: 	at com.facebook.apache.http.impl.client.DefaultRequestDirector.b(DefaultRequestDirector.java:658)
07-04 02:37:59.082 11083 12307 W orca:OrcaServiceQueue: 	at com.facebook.apache.http.impl.client.DefaultRequestDirector.a(DefaultRequestDirector.java:475)
07-04 02:37:59.082 11083 12307 W orca:OrcaServiceQueue: 	at com.facebook.apache.http.impl.client.AbstractHttpClient.a(AbstractHttpClient.java:816)
07-04 02:37:59.082 11083 12307 W orca:OrcaServiceQueue: 	at com.facebook.orca.common.http.OrcaHttpClientImpl.a(OrcaHttpClientImpl.java:233)
07-04 02:37:59.082 11083 12307 W orca:OrcaServiceQueue: 	at com.facebook.orca.common.http.OrcaHttpRequestProcessor.a(OrcaHttpRequestProcessor.java:98)
07-04 02:37:59.082 11083 12307 W orca:OrcaServiceQueue: 	at com.facebook.orca.protocol.base.RealBatchRunner.b(RealBatchRunner.java:157)
07-04 02:37:59.082 11083 12307 W orca:OrcaServiceQueue: 	at com.facebook.orca.protocol.WebServiceHandler.c(WebServiceHandler.java:290)
07-04 02:37:59.082 11083 12307 W orca:OrcaServiceQueue: 	at com.facebook.orca.server.AbstractOrcaServiceHandlerFilter.E(AbstractOrcaServiceHandlerFilter.java:36)
07-04 02:37:59.082 11083 12307 W orca:OrcaServiceQueue: 	at com.facebook.orca.server.FilterChainLink.a(FilterChainLink.java:17)
07-04 02:37:59.082 11083 12307 W orca:OrcaServiceQueue: 	at com.facebook.orca.database.DbServiceHandler.b(DbServiceHandler.java:597)
07-04 02:37:59.082 11083 12307 W orca:OrcaServiceQueue: 	at com.facebook.orca.database.DbServiceHandler.a(DbServiceHandler.java:547)
07-04 02:37:59.082 11083 12307 W orca:OrcaServiceQueue: 	at com.facebook.orca.database.DbServiceHandler.c(DbServiceHandler.java:301)
07-04 02:37:59.082 11083 12307 W orca:OrcaServiceQueue: 	at com.facebook.orca.server.AbstractOrcaServiceHandlerFilter.E(AbstractOrcaServiceHandlerFilter.java:36)
07-04 02:37:59.082 11083 12307 W orca:OrcaServiceQueue: 	at com.facebook.orca.server.FilterChainLink.a(FilterChainLink.java:17)
07-04 02:37:59.082 11083 12307 W orca:OrcaServiceQueue: 	at com.facebook.orca.cache.CacheServiceHandler.c(CacheServiceHandler.java:242)
07-04 02:37:59.082 11083 12307 W orca:OrcaServiceQueue: 	at com.facebook.orca.server.AbstractOrcaServiceHandlerFilter.E(AbstractOrcaServiceHandlerFilter.java:36)
07-04 02:37:59.082 11083 12307 W orca:OrcaServiceQueue: 	at com.facebook.orca.server.FilterChainLink.a(FilterChainLink.java:17)
07-04 02:37:59.082 11083 12307 W orca:OrcaServiceQueue: 	at com.facebook.orca.server.PreProcessingServiceHandler.E(PreProcessingServiceHandler.java:32)
07-04 02:37:59.082 11083 12307 W orca:OrcaServiceQueue: 	at com.facebook.orca.server.FilterChainLink.a(FilterChainLink.java:17)
07-04 02:37:59.082 11083 12307 W orca:OrcaServiceQueue: 	at com.facebook.orca.server.OrcaServiceQueue.d(OrcaServiceQueue.java:202)
07-04 02:37:59.082 11083 12307 W orca:OrcaServiceQueue: 	at com.facebook.orca.server.OrcaServiceQueue.d(OrcaServiceQueue.java:33)
07-04 02:37:59.082 11083 12307 W orca:OrcaServiceQueue: 	at com.facebook.orca.server.OrcaServiceQueue$3.run(OrcaServiceQueue.java:162)
07-04 02:37:59.082 11083 12307 W orca:OrcaServiceQueue: 	at android.os.Handler.handleCallback(Handler.java:605)
07-04 02:37:59.082 11083 12307 W orca:OrcaServiceQueue: 	at android.os.Handler.dispatchMessage(Handler.java:92)
07-04 02:37:59.082 11083 12307 W orca:OrcaServiceQueue: 	at android.os.Looper.loop(Looper.java:137)
07-04 02:37:59.082 11083 12307 W orca:OrcaServiceQueue: 	at android.os.HandlerThread.run(HandlerThread.java:60)
07-04 02:37:59.406 11820 11823 D dalvikvm: GC_CONCURRENT freed 2003K, 13% free 16334K/18567K, paused 2ms+8ms
07-04 02:38:01.660 11820 11823 D dalvikvm: GC_CONCURRENT freed 2069K, 13% free 16313K/18567K, paused 2ms+7ms
07-04 02:38:05.265 11820 12308 W Caught throwable: com.facebook.orca.mqtt.MqttException: Failed to connect
07-04 02:38:05.265 11820 12308 W Caught throwable: 	at com.facebook.orca.mqtt.MqttClient.f(MqttClient.java:237)
07-04 02:38:05.265 11820 12308 W Caught throwable: 	at com.facebook.orca.mqtt.MqttClient.e(MqttClient.java:142)
07-04 02:38:05.265 11820 12308 W Caught throwable: 	at com.facebook.orca.mqtt.MqttClient.a(MqttClient.java:32)
07-04 02:38:05.265 11820 12308 W Caught throwable: 	at com.facebook.orca.mqtt.MqttClient$1.run(MqttClient.java:76)
07-04 02:38:05.265 11820 12308 W Caught throwable: 	at java.lang.Thread.run(Thread.java:856)
07-04 02:38:05.265 11820 12308 W Caught throwable: Caused by: javax.net.ssl.SSLException: Read error: ssl=0x70f408: I/O error during system call, Connection reset by peer
07-04 02:38:05.265 11820 12308 W Caught throwable: 	at org.apache.harmony.xnet.provider.jsse.NativeCrypto.SSL_read(Native Method)
07-04 02:38:05.265 11820 12308 W Caught throwable: 	at org.apache.harmony.xnet.provider.jsse.OpenSSLSocketImpl$SSLInputStream.read(OpenSSLSocketImpl.java:671)
07-04 02:38:05.265 11820 12308 W Caught throwable: 	at libcore.io.Streams.readSingleByte(Streams.java:41)
07-04 02:38:05.265 11820 12308 W Caught throwable: 	at org.apache.harmony.xnet.provider.jsse.OpenSSLSocketImpl$SSLInputStream.read(OpenSSLSocketImpl.java:655)
07-04 02:38:05.265 11820 12308 W Caught throwable: 	at java.io.DataInputStream.readUnsignedByte(DataInputStream.java:174)
07-04 02:38:05.265 11820 12308 W Caught throwable: 	at com.facebook.orca.mqtt.serialization.MessageDecoder.b(MessageDecoder.java:54)
07-04 02:38:05.265 11820 12308 W Caught throwable: 	at com.facebook.orca.mqtt.serialization.MessageDecoder.a(MessageDecoder.java:34)
07-04 02:38:05.265 11820 12308 W Caught throwable: 	at com.facebook.orca.mqtt.MqttClient.f(MqttClient.java:212)
07-04 02:38:05.265 11820 12308 W Caught throwable: 	... 4 more
07-04 02:38:05.359 11820 11823 D dalvikvm: GC_CONCURRENT freed 2025K, 13% free 16335K/18567K, paused 4ms+7ms
07-04 02:38:07.511 11820 11823 D dalvikvm: GC_CONCURRENT freed 2048K, 13% free 16335K/18567K, paused 3ms+7ms
07-04 02:38:09.226   457   460 D dalvikvm: GC_CONCURRENT freed 739K, 18% free 11365K/13831K, paused 5ms+5ms
07-04 02:38:12.148  9622  9645 D androidNetworkLocationListeners: Still have listener com.google.android.location.internal.client.NetworkLocationClient$1@413a1350
07-04 02:38:12.199  9622  9645 D androidNetworkLocationListeners: Still have listener com.google.android.location.internal.client.NetworkLocationClient$1@413a1350
07-04 02:38:12.355   393   395 D dalvikvm: GC_CONCURRENT freed 350K, 64% free 10373K/28231K, paused 2ms+12ms
07-04 02:38:12.484   393   395 D dalvikvm: GC_CONCURRENT freed 536K, 64% free 10290K/28231K, paused 3ms+8ms
07-04 02:38:13.218   158   481 D dalvikvm: GC_EXPLICIT freed 754K, 27% free 15335K/20743K, paused 4ms+7ms
07-04 02:38:13.238 10947 10965 D dalvikvm: GC_EXPLICIT freed 323K, 6% free 9585K/10183K, paused 6ms+4ms
07-04 02:38:13.507  9622  9624 D dalvikvm: GC_CONCURRENT freed 501K, 7% free 9977K/10695K, paused 2ms+3ms
07-04 02:38:13.531  9622  9645 D androidNetworkLocationListeners: Still have listener com.google.android.location.internal.client.NetworkLocationClient$1@413a1350
07-04 02:38:13.785   393   393 D dalvikvm: GC_FOR_ALLOC freed 489K, 64% free 10177K/28231K, paused 22ms
07-04 02:38:13.847   393   395 D dalvikvm: GC_CONCURRENT freed 316K, 64% free 10312K/28231K, paused 2ms+3ms
07-04 02:38:13.964   393   395 D dalvikvm: GC_CONCURRENT freed 518K, 64% free 10211K/28231K, paused 2ms+5ms
07-04 02:38:15.269 11820 11823 D dalvikvm: GC_CONCURRENT freed 1917K, 12% free 16465K/18567K, paused 2ms+8ms
07-04 02:38:30.531 11083 11085 D dalvikvm: GC_CONCURRENT freed 632K, 9% free 11532K/12551K, paused 5ms+6ms
07-04 02:38:30.937 11083 11085 D dalvikvm: GC_CONCURRENT freed 896K, 10% free 11405K/12551K, paused 2ms+3ms
07-04 02:39:06.558  7745  7745 I wpa_supplicant: wlan0: WPA: Group rekeying completed with 98:fc:11:c3:3f:e6 [GTK=TKIP]
07-04 02:39:12.406   158   204 I power   : *** set_screen_state 0
07-04 02:39:12.457    79   123 D SurfaceFlinger: About to give-up screen, flinger = 0x1e7d918
07-04 02:39:12.586   491  1546 D NfcService: NFC-C OFF, disconnect
07-04 02:39:12.863   393   395 D dalvikvm: GC_CONCURRENT freed 744K, 65% free 9951K/28231K, paused 2ms+4ms
07-04 02:39:17.504   158   208 V TransportControlView: Create TCV com.android.internal.widget.TransportControlView@41559e90
07-04 02:39:17.535   393   393 D PhoneStatusBar: disable: < expand icons alerts ticker system_info back home RECENT* clock >
07-04 02:39:42.019   393   393 D PhoneStatusBar: disable: < expand icons alerts ticker system_info BACK* HOME* RECENT CLOCK* >
07-04 02:39:43.254 10925 10938 I PhoneLab-: Service Running
07-04 02:39:43.312 10925 10938 I PhoneLab-LoggerService: app_36    1325  1     1828   1384  c00f181c 400107b4 S logcat
07-04 02:39:43.312 10925 10938 I PhoneLab-LoggerService: Logcat pid from database 1325
07-04 02:39:43.316 10925 10938 I PhoneLab-LoggerService: Logcat process found 1325
07-04 02:39:43.316 10925 10938 I PhoneLab-LoggerService: Checking Threshold
07-04 02:40:26.007   158   208 I power   : *** set_screen_state 1
07-04 02:40:26.046   158   208 I WindowManager: Lock screen displayed!
07-04 02:40:26.222 11820 11823 D dalvikvm: GC_CONCURRENT freed 2131K, 13% free 16311K/18567K, paused 7ms+15ms
07-04 02:40:26.226    79   123 D SurfaceFlinger: Screen about to return, flinger = 0x1e7d918
07-04 02:40:26.437  9622  9645 D androidNetworkLocationListeners: Still have listener com.google.android.location.internal.client.NetworkLocationClient$1@413a1350
07-04 02:40:26.461  9622  9645 D androidNetworkLocationListeners: Still have listener com.google.android.location.internal.client.NetworkLocationClient$1@413a1350
07-04 02:40:26.492   393   395 D dalvikvm: GC_CONCURRENT freed 245K, 65% free 10130K/28231K, paused 2ms+5ms
07-04 02:40:26.656   393   395 D dalvikvm: GC_CONCURRENT freed 545K, 65% free 10066K/28231K, paused 1ms+4ms
07-04 02:40:26.789   393   395 D dalvikvm: GC_CONCURRENT freed 281K, 64% free 10183K/28231K, paused 2ms+4ms
07-04 02:40:26.984   393   395 D dalvikvm: GC_CONCURRENT freed 380K, 64% free 10432K/28231K, paused 2ms+14ms
07-04 02:40:27.808  9622  9645 D androidNetworkLocationListeners: Still have listener com.google.android.location.internal.client.NetworkLocationClient$1@413a1350
07-04 02:40:27.824  9622  9624 D dalvikvm: GC_CONCURRENT freed 482K, 7% free 9967K/10695K, paused 2ms+5ms
07-04 02:40:28.066   393   393 D dalvikvm: GC_FOR_ALLOC freed 612K, 64% free 10173K/28231K, paused 17ms
07-04 02:40:28.125   393   395 D dalvikvm: GC_CONCURRENT freed 312K, 64% free 10307K/28231K, paused 2ms+3ms
07-04 02:40:28.238   393   395 D dalvikvm: GC_CONCURRENT freed 486K, 64% free 10231K/28231K, paused 2ms+4ms
07-04 02:40:29.625   393   393 D PhoneStatusBar: disable: < expand icons alerts ticker system_info BACK HOME recent* CLOCK >
07-04 02:40:29.656   158   578 W InputManagerService: Window already focused, ignoring focus gain of: com.android.internal.view.IInputMethodClient$Stub$Proxy@41545638
07-04 02:40:29.675   393   393 D PhoneStatusBar: disable: < expand icons alerts ticker system_info back* home* recent clock* >
07-04 02:40:29.683   393   393 V PhoneStatusBar: setLightsOn(true)
07-04 02:40:29.820   491  1665 D NfcService: NFC-C ON
07-04 02:40:29.976   158   161 D dalvikvm: GC_CONCURRENT freed 695K, 23% free 16101K/20743K, paused 9ms+7ms
07-04 02:40:32.203   158   212 I ActivityManager: START {act=android.intent.action.MAIN cat=[android.intent.category.HOME] flg=0x10200000 cmp=com.android.launcher/com.android.launcher2.Launcher} from pid 158
07-04 02:40:32.773   393   395 D dalvikvm: GC_CONCURRENT freed 498K, 65% free 10128K/28231K, paused 1ms+10ms
07-04 02:40:32.929   393   395 D dalvikvm: GC_CONCURRENT freed 574K, 65% free 9952K/28231K, paused 1ms+11ms
07-04 02:40:33.004 11820 11820 D OpenGLRenderer: Flushing caches (mode 0)
07-04 02:40:33.070 11820 11820 W IInputConnectionWrapper: showStatusIcon on inactive InputConnection
07-04 02:40:33.070 11820 11820 D OpenGLRenderer: Flushing caches (mode 1)
07-04 02:40:33.074 11820 11820 W IInputConnectionWrapper: showStatusIcon on inactive InputConnection
07-04 02:40:37.707   158   204 I power   : *** set_screen_state 0
07-04 02:40:37.769    79   123 D SurfaceFlinger: About to give-up screen, flinger = 0x1e7d918
07-04 02:40:37.855   158   208 V TransportControlView: Create TCV com.android.internal.widget.TransportControlView@417a19e0
07-04 02:40:37.879   393   393 D PhoneStatusBar: disable: < expand icons alerts ticker system_info back home RECENT* clock >
07-04 02:40:37.898   393   393 D PhoneStatusBar: disable: < expand icons alerts ticker system_info BACK* HOME* RECENT CLOCK* >
07-04 02:40:37.921   491  1667 D NfcService: NFC-C OFF, disconnect
07-04 02:40:54.246   393   393 D dalvikvm: GC_FOR_ALLOC freed 243K, 65% free 10056K/28231K, paused 17ms
07-04 02:40:54.332   393   395 D dalvikvm: GC_CONCURRENT freed 347K, 64% free 10176K/28231K, paused 2ms+3ms
07-04 02:40:54.539   393   395 D dalvikvm: GC_CONCURRENT freed 369K, 64% free 10225K/28231K, paused 4ms+3ms
07-04 02:40:56.894 11820 11823 D dalvikvm: GC_CONCURRENT freed 2071K, 13% free 16287K/18567K, paused 4ms+6ms
07-04 02:40:56.918   158   208 I power   : *** set_screen_state 1
07-04 02:40:56.937   158   208 I WindowManager: Lock screen displayed!
07-04 02:40:57.113    79   123 D SurfaceFlinger: Screen about to return, flinger = 0x1e7d918
07-04 02:40:58.234   393   393 D PhoneStatusBar: disable: < expand icons alerts ticker system_info BACK HOME recent* CLOCK >
07-04 02:40:58.250   158   602 W InputManagerService: Window already focused, ignoring focus gain of: com.android.internal.view.IInputMethodClient$Stub$Proxy@41894158
07-04 02:40:58.261   393   393 D PhoneStatusBar: disable: < expand icons alerts ticker system_info back* home* recent clock* >
07-04 02:40:58.273   491  1546 D NfcService: NFC-C ON
07-04 02:40:58.273 11820 11820 W IInputConnectionWrapper: showStatusIcon on inactive InputConnection
07-04 02:40:58.273   158  7192 W InputManagerService: Starting input on non-focused client com.android.internal.view.IInputMethodClient$Stub$Proxy@41be0190 (uid=10057 pid=11820)
07-04 02:40:58.859 11820 11823 D dalvikvm: GC_CONCURRENT freed 1971K, 13% free 16264K/18567K, paused 2ms+7ms
07-04 02:41:00.507   158  5941 I ActivityManager: START {act=android.intent.action.MAIN cat=[android.intent.category.LAUNCHER] flg=0x10000000 pkg=com.facebook.orca cmp=com.facebook.orca/.auth.StartScreenActivity bnds=[0,254][120,404]} from pid 1548
07-04 02:41:00.656   158  5941 D dalvikvm: GC_FOR_ALLOC freed 723K, 21% free 16576K/20743K, paused 103ms
07-04 02:41:00.836   393   395 D dalvikvm: GC_CONCURRENT freed 521K, 65% free 10140K/28231K, paused 2ms+5ms
07-04 02:41:00.902  9622  9645 D androidNetworkLocationListeners: Still have listener com.google.android.location.internal.client.NetworkLocationClient$1@413a1350
07-04 02:41:00.972  1548  1548 D OpenGLRenderer: Flushing caches (mode 0)
07-04 02:41:01.011   393   393 V PhoneStatusBar: setLightsOn(true)
07-04 02:41:01.031  9622  9645 D androidNetworkLocationListeners: Still have listener com.google.android.location.internal.client.NetworkLocationClient$1@413a1350
07-04 02:41:01.211   393   393 D dalvikvm: GC_FOR_ALLOC freed 557K, 65% free 9964K/28231K, paused 42ms
07-04 02:41:01.308   393   395 D dalvikvm: GC_CONCURRENT freed 343K, 65% free 10082K/28231K, paused 2ms+10ms
07-04 02:41:01.570  1548  1548 D OpenGLRenderer: Flushing caches (mode 1)
07-04 02:41:02.043   393   395 D dalvikvm: GC_CONCURRENT freed 334K, 65% free 10135K/28231K, paused 1ms+5ms
07-04 02:41:02.351  9622  9645 D androidNetworkLocationListeners: Still have listener com.google.android.location.internal.client.NetworkLocationClient$1@413a1350
07-04 02:41:02.410  9622  9624 D dalvikvm: GC_CONCURRENT freed 504K, 7% free 9974K/10695K, paused 1ms+5ms
07-04 02:41:02.613   393   395 D dalvikvm: GC_CONCURRENT freed 532K, 65% free 10114K/28231K, paused 2ms+3ms
07-04 02:41:02.687   393   395 D dalvikvm: GC_CONCURRENT freed 518K, 65% free 10102K/28231K, paused 2ms+4ms
07-04 02:41:09.871   393   395 D dalvikvm: GC_CONCURRENT freed 354K, 65% free 10144K/28231K, paused 2ms+12ms
07-04 02:41:10.039   393   395 D dalvikvm: GC_CONCURRENT freed 412K, 65% free 10130K/28231K, paused 2ms+5ms
07-04 02:41:19.398   457   460 D dalvikvm: GC_CONCURRENT freed 668K, 18% free 11352K/13831K, paused 2ms+7ms
07-04 02:41:24.273 11820 11820 D dalvikvm: GC_EXPLICIT freed 974K, 13% free 16281K/18567K, paused 17ms+11ms
07-04 02:41:24.515  9622  9645 D androidNetworkLocationListeners: Still have listener com.google.android.location.internal.client.NetworkLocationClient$1@413a1350
07-04 02:41:24.574  9622  9645 D androidNetworkLocationListeners: Still have listener com.google.android.location.internal.client.NetworkLocationClient$1@413a1350
07-04 02:41:24.824   393   395 D dalvikvm: GC_CONCURRENT freed 227K, 64% free 10348K/28231K, paused 2ms+7ms
07-04 02:41:25.035   393   395 D dalvikvm: GC_CONCURRENT freed 437K, 64% free 10355K/28231K, paused 8ms+5ms
07-04 02:41:25.992  9622  9645 D androidNetworkLocationListeners: Still have listener com.google.android.location.internal.client.NetworkLocationClient$1@413a1350
07-04 02:41:26.101  9622  9624 D dalvikvm: GC_CONCURRENT freed 468K, 7% free 9967K/10695K, paused 23ms+4ms
07-04 02:41:26.359   393   395 D dalvikvm: GC_CONCURRENT freed 525K, 64% free 10301K/28231K, paused 2ms+8ms
07-04 02:41:27.086   457   460 D dalvikvm: GC_CONCURRENT freed 637K, 18% free 11366K/13831K, paused 3ms+5ms
07-04 02:41:28.843  9622  9645 D androidNetworkLocationListeners: Still have listener com.google.android.location.internal.client.NetworkLocationClient$1@413a1350
07-04 02:41:28.879  9622  9645 D androidNetworkLocationListeners: Still have listener com.google.android.location.internal.client.NetworkLocationClient$1@413a1350
07-04 02:41:29.090   393   395 D dalvikvm: GC_CONCURRENT freed 330K, 64% free 10379K/28231K, paused 2ms+13ms
07-04 02:41:29.277   393   393 D dalvikvm: GC_FOR_ALLOC freed 560K, 64% free 10178K/28231K, paused 38ms
07-04 02:41:30.183  9622  9645 D androidNetworkLocationListeners: Still have listener com.google.android.location.internal.client.NetworkLocationClient$1@413a1350
07-04 02:41:30.203  9622  9624 D dalvikvm: GC_CONCURRENT freed 459K, 7% free 9966K/10695K, paused 2ms+5ms
07-04 02:41:30.433   393   393 D dalvikvm: GC_FOR_ALLOC freed 368K, 64% free 10177K/28231K, paused 35ms
07-04 02:41:30.593   393   395 D dalvikvm: GC_CONCURRENT freed 367K, 64% free 10264K/28231K, paused 2ms+5ms
07-04 02:41:33.168   457   457 W Suggest : String pool got too big: 19
07-04 02:41:34.535  9622  9645 D androidNetworkLocationListeners: Still have listener com.google.android.location.internal.client.NetworkLocationClient$1@413a1350
07-04 02:41:34.597  9622  9645 D androidNetworkLocationListeners: Still have listener com.google.android.location.internal.client.NetworkLocationClient$1@413a1350
07-04 02:41:34.804   393   395 D dalvikvm: GC_CONCURRENT freed 510K, 64% free 10195K/28231K, paused 2ms+5ms
07-04 02:41:34.937   393   395 D dalvikvm: GC_CONCURRENT freed 434K, 64% free 10197K/28231K, paused 1ms+4ms
07-04 02:41:36.078  9622  9645 D androidNetworkLocationListeners: Still have listener com.google.android.location.internal.client.NetworkLocationClient$1@413a1350
07-04 02:41:36.117  9622  9624 D dalvikvm: GC_CONCURRENT freed 458K, 7% free 9965K/10695K, paused 6ms+4ms
07-04 02:41:36.328   393   393 D dalvikvm: GC_FOR_ALLOC freed 396K, 64% free 10177K/28231K, paused 36ms
07-04 02:41:36.488   393   395 D dalvikvm: GC_CONCURRENT freed 383K, 64% free 10235K/28231K, paused 2ms+5ms
07-04 02:41:36.785  9622  9645 D androidNetworkLocationListeners: Still have listener com.google.android.location.internal.client.NetworkLocationClient$1@413a1350
07-04 02:41:36.929  9622  9645 D androidNetworkLocationListeners: Still have listener com.google.android.location.internal.client.NetworkLocationClient$1@413a1350
07-04 02:41:37.132   393   395 D dalvikvm: GC_CONCURRENT freed 303K, 64% free 10369K/28231K, paused 2ms+4ms
07-04 02:41:37.218   393   395 D dalvikvm: GC_CONCURRENT freed 484K, 64% free 10367K/28231K, paused 2ms+4ms
07-04 02:41:37.371  9622  9645 D androidNetworkLocationListeners: Still have listener com.google.android.location.internal.client.NetworkLocationClient$1@413a1350
07-04 02:41:37.629   393   393 D dalvikvm: GC_FOR_ALLOC freed 554K, 64% free 10174K/28231K, paused 18ms
07-04 02:41:37.711   393   395 D dalvikvm: GC_CONCURRENT freed 337K, 64% free 10322K/28231K, paused 2ms+10ms
07-04 02:41:38.687  9622  9624 D dalvikvm: GC_CONCURRENT freed 460K, 7% free 9962K/10695K, paused 2ms+5ms
07-04 02:42:00.136   393   395 D dalvikvm: GC_CONCURRENT freed 568K, 65% free 10146K/28231K, paused 2ms+3ms
07-04 02:42:10.722 10925 10938 I PhoneLab-: Service Running
07-04 02:42:10.785 10925 10938 I PhoneLab-LoggerService: app_36    1325  1     1828   1384  c00f181c 400107b4 S logcat
07-04 02:42:10.785 10925 10938 I PhoneLab-LoggerService: Logcat pid from database 1325
07-04 02:42:10.785 10925 10938 I PhoneLab-LoggerService: Logcat process found 1325
07-04 02:42:10.789 10925 10938 I PhoneLab-LoggerService: Checking Threshold
07-04 02:42:15.636 11820 12225 W orca:OrcaServiceQueue: Exception during service
07-04 02:42:15.636 11820 12225 W orca:OrcaServiceQueue: com.facebook.orca.database.DbServiceHandler$SendMessageException: org.apache.http.client.HttpResponseException: Error parsing server response
07-04 02:42:15.636 11820 12225 W orca:OrcaServiceQueue: Got EOF while waiting for outstanding responses
07-04 02:42:15.636 11820 12225 W orca:OrcaServiceQueue: 	at com.facebook.orca.database.DbServiceHandler.f(DbServiceHandler.java:168)
07-04 02:42:15.636 11820 12225 W orca:OrcaServiceQueue: 	at com.facebook.orca.server.AbstractOrcaServiceHandlerFilter.F(AbstractOrcaServiceHandlerFilter.java:40)
07-04 02:42:15.636 11820 12225 W orca:OrcaServiceQueue: 	at com.facebook.orca.server.FilterChainLink.a(FilterChainLink.java:17)
07-04 02:42:15.636 11820 12225 W orca:OrcaServiceQueue: 	at com.facebook.orca.cache.CacheServiceHandler.f(CacheServiceHandler.java:317)
07-04 02:42:15.636 11820 12225 W orca:OrcaServiceQueue: 	at com.facebook.orca.server.AbstractOrcaServiceHandlerFilter.F(AbstractOrcaServiceHandlerFilter.java:40)
07-04 02:42:15.636 11820 12225 W orca:OrcaServiceQueue: 	at com.facebook.orca.server.FilterChainLink.a(FilterChainLink.java:17)
07-04 02:42:15.636 11820 12225 W orca:OrcaServiceQueue: 	at com.facebook.orca.server.PreProcessingServiceHandler.F(PreProcessingServiceHandler.java:32)
07-04 02:42:15.636 11820 12225 W orca:OrcaServiceQueue: 	at com.facebook.orca.server.FilterChainLink.a(FilterChainLink.java:17)
07-04 02:42:15.636 11820 12225 W orca:OrcaServiceQueue: 	at com.facebook.orca.server.OrcaServiceQueue.d(OrcaServiceQueue.java:202)
07-04 02:42:15.636 11820 12225 W orca:OrcaServiceQueue: 	at com.facebook.orca.server.OrcaServiceQueue.d(OrcaServiceQueue.java:33)
07-04 02:42:15.636 11820 12225 W orca:OrcaServiceQueue: 	at com.facebook.orca.server.OrcaServiceQueue$3.run(OrcaServiceQueue.java:162)
07-04 02:42:15.636 11820 12225 W orca:OrcaServiceQueue: 	at android.os.Handler.handleCallback(Handler.java:605)
07-04 02:42:15.636 11820 12225 W orca:OrcaServiceQueue: 	at android.os.Handler.dispatchMessage(Handler.java:92)
07-04 02:42:15.636 11820 12225 W orca:OrcaServiceQueue: 	at android.os.Looper.loop(Looper.java:137)
07-04 02:42:15.636 11820 12225 W orca:OrcaServiceQueue: 	at android.os.HandlerThread.run(HandlerThread.java:60)
07-04 02:42:15.636 11820 12225 W orca:OrcaServiceQueue: Caused by: org.apache.http.client.HttpResponseException: Error parsing server response
07-04 02:42:15.636 11820 12225 W orca:OrcaServiceQueue: Got EOF while waiting for outstanding responses
07-04 02:42:15.636 11820 12225 W orca:OrcaServiceQueue: 	at com.facebook.orca.protocol.base.JsonResponseHandler.a(JsonResponseHandler.java:40)
07-04 02:42:15.636 11820 12225 W orca:OrcaServiceQueue: 	at com.facebook.orca.protocol.base.JsonResponseHandler.handleResponse(JsonResponseHandler.java:21)
07-04 02:42:15.636 11820 12225 W orca:OrcaServiceQueue: 	at com.facebook.orca.common.http.OrcaHttpRequestProcessor.a(OrcaHttpRequestProcessor.java:182)
07-04 02:42:15.636 11820 12225 W orca:OrcaServiceQueue: 	at com.facebook.orca.common.http.OrcaHttpRequestProcessor.a(OrcaHttpRequestProcessor.java:101)
07-04 02:42:15.636 11820 12225 W orca:OrcaServiceQueue: 	at com.facebook.orca.protocol.base.RealBatchRunner.b(RealBatchRunner.java:157)
07-04 02:42:15.636 11820 12225 W orca:OrcaServiceQueue: 	at com.facebook.orca.protocol.WebServiceHandler.a(WebServiceHandler.java:508)
07-04 02:42:15.636 11820 12225 W orca:OrcaServiceQueue: 	at com.facebook.orca.protocol.WebServiceHandler.f(WebServiceHandler.java:458)
07-04 02:42:15.636 11820 12225 W orca:OrcaServiceQueue: 	at com.facebook.orca.server.AbstractOrcaServiceHandlerFilter.F(AbstractOrcaServiceHandlerFilter.java:40)
07-04 02:42:15.636 11820 12225 W orca:OrcaServiceQueue: 	at com.facebook.orca.server.FilterChainLink.a(FilterChainLink.java:17)
07-04 02:42:15.636 11820 12225 W orca:OrcaServiceQueue: 	at com.facebook.orca.database.DbServiceHandler.f(DbServiceHandler.java:164)
07-04 02:42:15.636 11820 12225 W orca:OrcaServiceQueue: 	... 14 more
07-04 02:42:15.859 11820 11823 D dalvikvm: GC_CONCURRENT freed 1983K, 12% free 16346K/18567K, paused 3ms+7ms
07-04 02:42:16.547 11820 11823 D dalvikvm: GC_CONCURRENT freed 2077K, 13% free 16316K/18567K, paused 3ms+6ms
07-04 02:42:19.218   393   395 D dalvikvm: GC_CONCURRENT freed 556K, 65% free 10081K/28231K, paused 2ms+6ms
07-04 02:42:21.468   158   508 I ActivityManager: START {cmp=com.facebook.orca/.mutators.ResendMessageActivity (has extras)} from pid 11820
07-04 02:42:21.617   393   393 V PhoneStatusBar: setLightsOn(true)
07-04 02:42:21.683   158   207 I ActivityManager: Displayed com.facebook.orca/.mutators.ResendMessageActivity: +180ms
07-04 02:42:22.929   158   509 D dalvikvm: GC_FOR_ALLOC freed 2690K, 26% free 15394K/20743K, paused 66ms
07-04 02:42:22.968   393   393 V PhoneStatusBar: setLightsOn(true)
07-04 02:42:23.093   158   170 W InputManagerService: Window already focused, ignoring focus gain of: com.android.internal.view.IInputMethodClient$Stub$Proxy@4191e2e0
07-04 02:42:23.312 11820 11820 D OpenGLRenderer: Flushing caches (mode 0)
07-04 02:42:23.316  9622  9645 D androidNetworkLocationListeners: Still have listener com.google.android.location.internal.client.NetworkLocationClient$1@413a1350
07-04 02:42:23.386  9622  9645 D androidNetworkLocationListeners: Still have listener com.google.android.location.internal.client.NetworkLocationClient$1@413a1350
07-04 02:42:23.461   158   174 I Process : Sending signal. PID: 11820 SIG: 3
07-04 02:42:23.461 11820 11825 I dalvikvm: threadid=3: reacting to signal 3
07-04 02:42:23.504 11820 11825 I dalvikvm: Wrote stack traces to '/data/anr/traces.txt'
07-04 02:42:23.660   393   395 D dalvikvm: GC_CONCURRENT freed 362K, 65% free 10147K/28231K, paused 3ms+8ms
07-04 02:42:23.757   393   395 D dalvikvm: GC_CONCURRENT freed 500K, 65% free 10131K/28231K, paused 2ms+6ms
07-04 02:42:24.340 11820 11823 D dalvikvm: GC_CONCURRENT freed 1826K, 11% free 16535K/18567K, paused 9ms+8ms
07-04 02:42:24.679  9622  9645 D androidNetworkLocationListeners: Still have listener com.google.android.location.internal.client.NetworkLocationClient$1@413a1350
07-04 02:42:24.793   158   562 D dalvikvm: GC_EXPLICIT freed 268K, 27% free 15314K/20743K, paused 14ms+10ms
07-04 02:42:24.933   393   395 D dalvikvm: GC_CONCURRENT freed 480K, 65% free 10129K/28231K, paused 3ms+4ms
07-04 02:42:25.004   393   395 D dalvikvm: GC_CONCURRENT freed 477K, 65% free 10076K/28231K, paused 2ms+4ms
07-04 02:42:26.250  9622  9624 D dalvikvm: GC_CONCURRENT freed 457K, 7% free 9962K/10695K, paused 2ms+27ms
07-04 02:42:26.668 11083 11085 D dalvikvm: GC_CONCURRENT freed 660K, 9% free 11430K/12551K, paused 115ms+5ms
07-04 02:42:28.601   158   602 I ActivityManager: START {cmp=com.facebook.orca/.mutators.ResendMessageActivity (has extras)} from pid 11820
07-04 02:42:28.718   393   393 V PhoneStatusBar: setLightsOn(true)
07-04 02:42:28.761   158   207 I ActivityManager: Displayed com.facebook.orca/.mutators.ResendMessageActivity: +128ms
07-04 02:42:28.843 11820 11823 D dalvikvm: GC_CONCURRENT freed 1933K, 11% free 16588K/18631K, paused 3ms+10ms
07-04 02:42:29.750   393   393 V PhoneStatusBar: setLightsOn(true)
07-04 02:42:29.836   158   509 W InputManagerService: Window already focused, ignoring focus gain of: com.android.internal.view.IInputMethodClient$Stub$Proxy@41550af0
07-04 02:42:30.031 11820 11820 D OpenGLRenderer: Flushing caches (mode 0)
07-04 02:42:30.031  9622  9645 D androidNetworkLocationListeners: Still have listener com.google.android.location.internal.client.NetworkLocationClient$1@413a1350
07-04 02:42:30.105  9622  9645 D androidNetworkLocationListeners: Still have listener com.google.android.location.internal.client.NetworkLocationClient$1@413a1350
07-04 02:42:30.242   158   174 I Process : Sending signal. PID: 11820 SIG: 3
07-04 02:42:30.242 11820 11825 I dalvikvm: threadid=3: reacting to signal 3
07-04 02:42:30.265 11820 11825 I dalvikvm: Wrote stack traces to '/data/anr/traces.txt'
07-04 02:42:30.289   393   395 D dalvikvm: GC_CONCURRENT freed 512K, 65% free 9968K/28231K, paused 22ms+20ms
07-04 02:42:30.398   393   395 D dalvikvm: GC_CONCURRENT freed 347K, 65% free 10096K/28231K, paused 2ms+10ms
07-04 02:42:30.547   393   395 D dalvikvm: GC_CONCURRENT freed 389K, 65% free 10135K/28231K, paused 2ms+3ms
07-04 02:42:31.304  9622  9645 D androidNetworkLocationListeners: Still have listener com.google.android.location.internal.client.NetworkLocationClient$1@413a1350
07-04 02:42:31.566   393   393 D dalvikvm: GC_FOR_ALLOC freed 539K, 65% free 9953K/28231K, paused 16ms
07-04 02:42:31.621   393   395 D dalvikvm: GC_CONCURRENT freed 319K, 65% free 10095K/28231K, paused 1ms+3ms
07-04 02:42:31.722   393   395 D dalvikvm: GC_CONCURRENT freed 510K, 65% free 10030K/28231K, paused 3ms+4ms
07-04 02:42:32.207   158   158 I ActivityManager: START {cmp=com.facebook.orca/.mutators.ResendMessageActivity (has extras)} from pid 11820
07-04 02:42:32.340   393   393 V PhoneStatusBar: setLightsOn(true)
07-04 02:42:32.386   158   207 I ActivityManager: Displayed com.facebook.orca/.mutators.ResendMessageActivity: +115ms
07-04 02:42:32.925 11820 11823 D dalvikvm: GC_CONCURRENT freed 1955K, 11% free 16714K/18759K, paused 3ms+12ms
07-04 02:42:33.097  9622  9624 D dalvikvm: GC_CONCURRENT freed 459K, 7% free 9962K/10695K, paused 84ms+4ms
07-04 02:42:33.297   393   393 V PhoneStatusBar: setLightsOn(true)
07-04 02:42:33.382   158  5989 W InputManagerService: Window already focused, ignoring focus gain of: com.android.internal.view.IInputMethodClient$Stub$Proxy@4156ff70
07-04 02:42:33.507 11820 11820 D OpenGLRenderer: Flushing caches (mode 0)
07-04 02:42:33.511  9622  9645 D androidNetworkLocationListeners: Still have listener com.google.android.location.internal.client.NetworkLocationClient$1@413a1350
07-04 02:42:33.515  9622  9645 D androidNetworkLocationListeners: Still have listener com.google.android.location.internal.client.NetworkLocationClient$1@413a1350
07-04 02:42:33.785   158   174 I Process : Sending signal. PID: 11820 SIG: 3
07-04 02:42:33.785 11820 11825 I dalvikvm: threadid=3: reacting to signal 3
07-04 02:42:33.800 11820 11825 I dalvikvm: Wrote stack traces to '/data/anr/traces.txt'
07-04 02:42:33.816   393   395 D dalvikvm: GC_CONCURRENT freed 486K, 65% free 9966K/28231K, paused 2ms+14ms
07-04 02:42:33.937   393   395 D dalvikvm: GC_CONCURRENT freed 392K, 65% free 10010K/28231K, paused 2ms+8ms
07-04 02:42:34.804  9622  9645 D androidNetworkLocationListeners: Still have listener com.google.android.location.internal.client.NetworkLocationClient$1@413a1350
07-04 02:42:35.054   393   393 D dalvikvm: GC_FOR_ALLOC freed 421K, 65% free 9953K/28231K, paused 18ms
07-04 02:42:35.113   393   395 D dalvikvm: GC_CONCURRENT freed 321K, 65% free 10093K/28231K, paused 2ms+3ms
07-04 02:42:35.222   393   395 D dalvikvm: GC_CONCURRENT freed 523K, 65% free 10024K/28231K, paused 1ms+4ms
07-04 02:42:35.777   158   509 I ActivityManager: START {cmp=com.facebook.orca/.mutators.ResendMessageActivity (has extras)} from pid 11820
07-04 02:42:35.851   393   393 V PhoneStatusBar: setLightsOn(true)
07-04 02:42:35.882   158   207 I ActivityManager: Displayed com.facebook.orca/.mutators.ResendMessageActivity: +77ms
07-04 02:42:36.148  9622  9624 D dalvikvm: GC_CONCURRENT freed 459K, 7% free 9962K/10695K, paused 3ms+4ms
07-04 02:42:36.570   393   393 V PhoneStatusBar: setLightsOn(true)
07-04 02:42:36.648 11820 11823 D dalvikvm: GC_CONCURRENT freed 2032K, 12% free 16777K/18887K, paused 3ms+26ms
07-04 02:42:36.797   158   509 W InputManagerService: Window already focused, ignoring focus gain of: com.android.internal.view.IInputMethodClient$Stub$Proxy@4157cb20
07-04 02:42:37.058 11820 11820 D OpenGLRenderer: Flushing caches (mode 0)
07-04 02:42:37.062   158   174 I Process : Sending signal. PID: 11820 SIG: 3
07-04 02:42:37.062 11820 11825 I dalvikvm: threadid=3: reacting to signal 3
07-04 02:42:37.062  9622  9645 D androidNetworkLocationListeners: Still have listener com.google.android.location.internal.client.NetworkLocationClient$1@413a1350
07-04 02:42:37.070  9622  9645 D androidNetworkLocationListeners: Still have listener com.google.android.location.internal.client.NetworkLocationClient$1@413a1350
07-04 02:42:37.093 11820 11825 I dalvikvm: Wrote stack traces to '/data/anr/traces.txt'
07-04 02:42:37.433   393   395 D dalvikvm: GC_CONCURRENT freed 304K, 65% free 10138K/28231K, paused 2ms+8ms
07-04 02:42:37.562   158   174 I Process : Sending signal. PID: 11820 SIG: 3
07-04 02:42:37.562 11820 11825 I dalvikvm: threadid=3: reacting to signal 3
07-04 02:42:37.562   393   395 D dalvikvm: GC_CONCURRENT freed 552K, 65% free 10049K/28231K, paused 6ms+3ms
07-04 02:42:37.605 11820 11825 I dalvikvm: Wrote stack traces to '/data/anr/traces.txt'
07-04 02:42:38.332  9622  9645 D androidNetworkLocationListeners: Still have listener com.google.android.location.internal.client.NetworkLocationClient$1@413a1350
07-04 02:42:38.609   393   393 D dalvikvm: GC_FOR_ALLOC freed 460K, 65% free 9953K/28231K, paused 16ms
07-04 02:42:38.679   393   395 D dalvikvm: GC_CONCURRENT freed 334K, 65% free 10105K/28231K, paused 3ms+4ms
07-04 02:42:38.777   393   395 D dalvikvm: GC_CONCURRENT freed 489K, 65% free 10053K/28231K, paused 2ms+4ms
07-04 02:42:39.328 11820 11823 D dalvikvm: GC_CONCURRENT freed 2103K, 12% free 16770K/18951K, paused 3ms+8ms
07-04 02:42:39.769  9622  9624 D dalvikvm: GC_CONCURRENT freed 459K, 7% free 9962K/10695K, paused 2ms+4ms
07-04 02:42:42.664   457   460 D dalvikvm: GC_CONCURRENT freed 759K, 18% free 11368K/13831K, paused 2ms+14ms
07-04 02:42:42.691   393  8024 D dalvikvm: GC_EXPLICIT freed 141K, 65% free 9916K/28231K, paused 2ms+13ms
07-04 02:42:42.965   393   395 D dalvikvm: GC_CONCURRENT freed 202K, 64% free 10204K/28231K, paused 2ms+12ms
07-04 02:42:43.023 11820 12225 D dalvikvm: GC_FOR_ALLOC freed 1752K, 12% free 16742K/18951K, paused 265ms
07-04 02:42:51.812   457   457 W Suggest : String pool got too big: 19
07-04 02:43:01.781   158   161 D dalvikvm: GC_CONCURRENT freed 1370K, 26% free 15397K/20743K, paused 12ms+15ms
07-04 02:43:07.144   457   457 W Suggest : String pool got too big: 19
07-04 02:43:12.961   457   460 D dalvikvm: GC_CONCURRENT freed 676K, 18% free 11360K/13831K, paused 2ms+3ms
07-04 02:43:17.379 10925 10938 I PhoneLab-: Service Running
07-04 02:43:17.453 10925 10938 I PhoneLab-LoggerService: app_36    1325  1     1828   1384  c00f181c 400107b4 S logcat
07-04 02:43:17.453 10925 10938 I PhoneLab-LoggerService: Logcat pid from database 1325
07-04 02:43:17.453 10925 10938 I PhoneLab-LoggerService: Logcat process found 1325
07-04 02:43:17.453 10925 10938 I PhoneLab-LoggerService: Checking Threshold
07-04 02:43:17.679   457 12332 D dalvikvm: GC_EXPLICIT freed 448K, 18% free 11431K/13831K, paused 4ms+5ms
07-04 02:43:27.660   457   460 D dalvikvm: GC_CONCURRENT freed 677K, 18% free 11435K/13831K, paused 2ms+4ms
07-04 02:43:28.433  9622  9645 D androidNetworkLocationListeners: Still have listener com.google.android.location.internal.client.NetworkLocationClient$1@413a1350
07-04 02:43:28.504  9622  9645 D androidNetworkLocationListeners: Still have listener com.google.android.location.internal.client.NetworkLocationClient$1@413a1350
07-04 02:43:28.632   393   395 D dalvikvm: GC_CONCURRENT freed 451K, 64% free 10196K/28231K, paused 12ms+8ms
07-04 02:43:28.746   393   393 D dalvikvm: GC_FOR_ALLOC freed 380K, 64% free 10177K/28231K, paused 37ms
07-04 02:43:28.824   393   395 D dalvikvm: GC_CONCURRENT freed 363K, 64% free 10276K/28231K, paused 2ms+3ms
07-04 02:43:29.019 11083 11085 D dalvikvm: GC_CONCURRENT freed 785K, 9% free 11448K/12551K, paused 2ms+4ms
07-04 02:43:29.113 11083 12336 I OrcaHttpClientImpl$2: I/O exception (com.facebook.apache.http.NoHttpResponseException) caught when processing request: The target server failed to respond
07-04 02:43:29.117 11083 12336 I OrcaHttpClientImpl$2: Retrying request
07-04 02:43:29.488   393   393 D dalvikvm: GC_FOR_ALLOC freed 459K, 64% free 10168K/28231K, paused 66ms
07-04 02:43:29.668   393   395 D dalvikvm: GC_CONCURRENT freed 416K, 64% free 10175K/28231K, paused 2ms+10ms
07-04 02:43:29.855  9622  9645 D androidNetworkLocationListeners: Still have listener com.google.android.location.internal.client.NetworkLocationClient$1@413a1350
07-04 02:43:30.101   393   393 D dalvikvm: GC_FOR_ALLOC freed 568K, 65% free 9960K/28231K, paused 16ms
07-04 02:43:30.160   393   395 D dalvikvm: GC_CONCURRENT freed 321K, 65% free 10089K/28231K, paused 2ms+3ms
07-04 02:43:30.273   393   395 D dalvikvm: GC_CONCURRENT freed 510K, 65% free 10016K/28231K, paused 2ms+7ms
07-04 02:43:30.394 11083 11085 D dalvikvm: GC_CONCURRENT freed 796K, 9% free 11480K/12551K, paused 2ms+6ms
07-04 02:43:30.652 11083 11085 D dalvikvm: GC_CONCURRENT freed 829K, 9% free 11471K/12551K, paused 3ms+4ms
07-04 02:43:30.988 11083 12338 W orca:OrcaServiceQueue: Exception during service
07-04 02:43:30.988 11083 12338 W orca:OrcaServiceQueue: com.facebook.apache.http.NoHttpResponseException: The target server failed to respond
07-04 02:43:30.988 11083 12338 W orca:OrcaServiceQueue: 	at com.facebook.apache.http.impl.conn.DefaultResponseParser.a(DefaultResponseParser.java:101)
07-04 02:43:30.988 11083 12338 W orca:OrcaServiceQueue: 	at com.facebook.apache.http.impl.io.AbstractMessageParser.a(AbstractMessageParser.java:252)
07-04 02:43:30.988 11083 12338 W orca:OrcaServiceQueue: 	at com.facebook.apache.http.impl.AbstractHttpClientConnection.a(AbstractHttpClientConnection.java:283)
07-04 02:43:30.988 11083 12338 W orca:OrcaServiceQueue: 	at com.facebook.apache.http.impl.conn.DefaultClientConnection.a(DefaultClientConnection.java:247)
07-04 02:43:30.988 11083 12338 W orca:OrcaServiceQueue: 	at com.facebook.apache.http.impl.conn.AbstractClientConnAdapter.a(AbstractClientConnAdapter.java:216)
07-04 02:43:30.988 11083 12338 W orca:OrcaServiceQueue: 	at com.facebook.apache.http.protocol.HttpRequestExecutor.c(HttpRequestExecutor.java:298)
07-04 02:43:30.988 11083 12338 W orca:OrcaServiceQueue: 	at com.facebook.apache.http.protocol.HttpRequestExecutor.a(HttpRequestExecutor.java:125)
07-04 02:43:30.988 11083 12338 W orca:OrcaServiceQueue: 	at com.facebook.apache.http.impl.client.DefaultRequestDirector.b(DefaultRequestDirector.java:658)
07-04 02:43:30.988 11083 12338 W orca:OrcaServiceQueue: 	at com.facebook.apache.http.impl.client.DefaultRequestDirector.a(DefaultRequestDirector.java:475)
07-04 02:43:30.988 11083 12338 W orca:OrcaServiceQueue: 	at com.facebook.apache.http.impl.client.AbstractHttpClient.a(AbstractHttpClient.java:816)
07-04 02:43:30.988 11083 12338 W orca:OrcaServiceQueue: 	at com.facebook.orca.common.http.OrcaHttpClientImpl.a(OrcaHttpClientImpl.java:233)
07-04 02:43:30.988 11083 12338 W orca:OrcaServiceQueue: 	at com.facebook.orca.common.http.OrcaHttpRequestProcessor.a(OrcaHttpRequestProcessor.java:98)
07-04 02:43:30.988 11083 12338 W orca:OrcaServiceQueue: 	at com.facebook.orca.protocol.base.RealBatchRunner.b(RealBatchRunner.java:157)
07-04 02:43:30.988 11083 12338 W orca:OrcaServiceQueue: 	at com.facebook.orca.protocol.WebServiceHandler.c(WebServiceHandler.java:290)
07-04 02:43:30.988 11083 12338 W orca:OrcaServiceQueue: 	at com.facebook.orca.server.AbstractOrcaServiceHandlerFilter.E(AbstractOrcaServiceHandlerFilter.java:36)
07-04 02:43:30.988 11083 12338 W orca:OrcaServiceQueue: 	at com.facebook.orca.server.FilterChainLink.a(FilterChainLink.java:17)
07-04 02:43:30.988 11083 12338 W orca:OrcaServiceQueue: 	at com.facebook.orca.database.DbServiceHandler.b(DbServiceHandler.java:597)
07-04 02:43:30.988 11083 12338 W orca:OrcaServiceQueue: 	at com.facebook.orca.database.DbServiceHandler.a(DbServiceHandler.java:547)
07-04 02:43:30.988 11083 12338 W orca:OrcaServiceQueue: 	at com.facebook.orca.database.DbServiceHandler.c(DbServiceHandler.java:301)
07-04 02:43:30.988 11083 12338 W orca:OrcaServiceQueue: 	at com.facebook.orca.server.AbstractOrcaServiceHandlerFilter.E(AbstractOrcaServiceHandlerFilter.java:36)
07-04 02:43:30.988 11083 12338 W orca:OrcaServiceQueue: 	at com.facebook.orca.server.FilterChainLink.a(FilterChainLink.java:17)
07-04 02:43:30.988 11083 12338 W orca:OrcaServiceQueue: 	at com.facebook.orca.cache.CacheServiceHandler.c(CacheServiceHandler.java:242)
07-04 02:43:30.988 11083 12338 W orca:OrcaServiceQueue: 	at com.facebook.orca.server.AbstractOrcaServiceHandlerFilter.E(AbstractOrcaServiceHandlerFilter.java:36)
07-04 02:43:30.988 11083 12338 W orca:OrcaServiceQueue: 	at com.facebook.orca.server.FilterChainLink.a(FilterChainLink.java:17)
07-04 02:43:30.988 11083 12338 W orca:OrcaServiceQueue: 	at com.facebook.orca.server.PreProcessingServiceHandler.E(PreProcessingServiceHandler.java:32)
07-04 02:43:30.988 11083 12338 W orca:OrcaServiceQueue: 	at com.facebook.orca.server.FilterChainLink.a(FilterChainLink.java:17)
07-04 02:43:30.988 11083 12338 W orca:OrcaServiceQueue: 	at com.facebook.orca.server.OrcaServiceQueue.d(OrcaServiceQueue.java:202)
07-04 02:43:30.988 11083 12338 W orca:OrcaServiceQueue: 	at com.facebook.orca.server.OrcaServiceQueue.d(OrcaServiceQueue.java:33)
07-04 02:43:30.988 11083 12338 W orca:OrcaServiceQueue: 	at com.facebook.orca.server.OrcaServiceQueue$3.run(OrcaServiceQueue.java:162)
07-04 02:43:30.988 11083 12338 W orca:OrcaServiceQueue: 	at android.os.Handler.handleCallback(Handler.java:605)
07-04 02:43:30.988 11083 12338 W orca:OrcaServiceQueue: 	at android.os.Handler.dispatchMessage(Handler.java:92)
07-04 02:43:30.988 11083 12338 W orca:OrcaServiceQueue: 	at android.os.Looper.loop(Looper.java:137)
07-04 02:43:30.988 11083 12338 W orca:OrcaServiceQueue: 	at android.os.HandlerThread.run(HandlerThread.java:60)
07-04 02:43:31.148  9622  9624 D dalvikvm: GC_CONCURRENT freed 458K, 7% free 9962K/10695K, paused 2ms+3ms
07-04 02:43:33.644 11820 12225 W orca:OrcaServiceQueue: Exception during service
07-04 02:43:33.644 11820 12225 W orca:OrcaServiceQueue: com.facebook.orca.database.DbServiceHandler$SendMessageException: org.apache.http.client.HttpResponseException: Error parsing server response
07-04 02:43:33.644 11820 12225 W orca:OrcaServiceQueue: Got EOF while waiting for outstanding responses
07-04 02:43:33.644 11820 12225 W orca:OrcaServiceQueue: 	at com.facebook.orca.database.DbServiceHandler.f(DbServiceHandler.java:168)
07-04 02:43:33.644 11820 12225 W orca:OrcaServiceQueue: 	at com.facebook.orca.server.AbstractOrcaServiceHandlerFilter.F(AbstractOrcaServiceHandlerFilter.java:40)
07-04 02:43:33.644 11820 12225 W orca:OrcaServiceQueue: 	at com.facebook.orca.server.FilterChainLink.a(FilterChainLink.java:17)
07-04 02:43:33.644 11820 12225 W orca:OrcaServiceQueue: 	at com.facebook.orca.cache.CacheServiceHandler.f(CacheServiceHandler.java:317)
07-04 02:43:33.644 11820 12225 W orca:OrcaServiceQueue: 	at com.facebook.orca.server.AbstractOrcaServiceHandlerFilter.F(AbstractOrcaServiceHandlerFilter.java:40)
07-04 02:43:33.644 11820 12225 W orca:OrcaServiceQueue: 	at com.facebook.orca.server.FilterChainLink.a(FilterChainLink.java:17)
07-04 02:43:33.644 11820 12225 W orca:OrcaServiceQueue: 	at com.facebook.orca.server.PreProcessingServiceHandler.F(PreProcessingServiceHandler.java:32)
07-04 02:43:33.644 11820 12225 W orca:OrcaServiceQueue: 	at com.facebook.orca.server.FilterChainLink.a(FilterChainLink.java:17)
07-04 02:43:33.644 11820 12225 W orca:OrcaServiceQueue: 	at com.facebook.orca.server.OrcaServiceQueue.d(OrcaServiceQueue.java:202)
07-04 02:43:33.644 11820 12225 W orca:OrcaServiceQueue: 	at com.facebook.orca.server.OrcaServiceQueue.d(OrcaServiceQueue.java:33)
07-04 02:43:33.644 11820 12225 W orca:OrcaServiceQueue: 	at com.facebook.orca.server.OrcaServiceQueue$3.run(OrcaServiceQueue.java:162)
07-04 02:43:33.644 11820 12225 W orca:OrcaServiceQueue: 	at android.os.Handler.handleCallback(Handler.java:605)
07-04 02:43:33.644 11820 12225 W orca:OrcaServiceQueue: 	at android.os.Handler.dispatchMessage(Handler.java:92)
07-04 02:43:33.644 11820 12225 W orca:OrcaServiceQueue: 	at android.os.Looper.loop(Looper.java:137)
07-04 02:43:33.644 11820 12225 W orca:OrcaServiceQueue: 	at android.os.HandlerThread.run(HandlerThread.java:60)
07-04 02:43:33.644 11820 12225 W orca:OrcaServiceQueue: Caused by: org.apache.http.client.HttpResponseException: Error parsing server response
07-04 02:43:33.644 11820 12225 W orca:OrcaServiceQueue: Got EOF while waiting for outstanding responses
07-04 02:43:33.644 11820 12225 W orca:OrcaServiceQueue: 	at com.facebook.orca.protocol.base.JsonResponseHandler.a(JsonResponseHandler.java:40)
07-04 02:43:33.644 11820 12225 W orca:OrcaServiceQueue: 	at com.facebook.orca.protocol.base.JsonResponseHandler.handleResponse(JsonResponseHandler.java:21)
07-04 02:43:33.644 11820 12225 W orca:OrcaServiceQueue: 	at com.facebook.orca.common.http.OrcaHttpRequestProcessor.a(OrcaHttpRequestProcessor.java:182)
07-04 02:43:33.644 11820 12225 W orca:OrcaServiceQueue: 	at com.facebook.orca.common.http.OrcaHttpRequestProcessor.a(OrcaHttpRequestProcessor.java:101)
07-04 02:43:33.644 11820 12225 W orca:OrcaServiceQueue: 	at com.facebook.orca.protocol.base.RealBatchRunner.b(RealBatchRunner.java:157)
07-04 02:43:33.644 11820 12225 W orca:OrcaServiceQueue: 	at com.facebook.orca.protocol.WebServiceHandler.a(WebServiceHandler.java:508)
07-04 02:43:33.644 11820 12225 W orca:OrcaServiceQueue: 	at com.facebook.orca.protocol.WebServiceHandler.f(WebServiceHandler.java:458)
07-04 02:43:33.644 11820 12225 W orca:OrcaServiceQueue: 	at com.facebook.orca.server.AbstractOrcaServiceHandlerFilter.F(AbstractOrcaServiceHandlerFilter.java:40)
07-04 02:43:33.644 11820 12225 W orca:OrcaServiceQueue: 	at com.facebook.orca.server.FilterChainLink.a(FilterChainLink.java:17)
07-04 02:43:33.644 11820 12225 W orca:OrcaServiceQueue: 	at com.facebook.orca.database.DbServiceHandler.f(DbServiceHandler.java:164)
07-04 02:43:33.644 11820 12225 W orca:OrcaServiceQueue: 	... 14 more
07-04 02:43:34.715 11820 11823 D dalvikvm: JIT code cache reset in 4 ms (1048572 bytes 3/0)
07-04 02:43:34.734 11820 11823 D dalvikvm: GC_CONCURRENT freed 2003K, 12% free 16735K/18951K, paused 2ms+15ms
07-04 02:43:36.754 11820 11823 D dalvikvm: GC_CONCURRENT freed 2402K, 14% free 16380K/18951K, paused 2ms+8ms
07-04 02:43:37.422 11820 11823 D dalvikvm: GC_CONCURRENT freed 1839K, 13% free 16520K/18951K, paused 2ms+7ms
07-04 02:43:38.718   158   578 I ActivityManager: START {cmp=com.facebook.orca/.mutators.ResendMessageActivity (has extras)} from pid 11820
07-04 02:43:38.816   393   393 V PhoneStatusBar: setLightsOn(true)
07-04 02:43:38.859   158   207 I ActivityManager: Displayed com.facebook.orca/.mutators.ResendMessageActivity: +106ms
07-04 02:43:40.617   393   393 V PhoneStatusBar: setLightsOn(true)
07-04 02:43:40.785   158   169 W InputManagerService: Window already focused, ignoring focus gain of: com.android.internal.view.IInputMethodClient$Stub$Proxy@4169fe20
07-04 02:43:40.984 11820 11820 D OpenGLRenderer: Flushing caches (mode 0)
07-04 02:43:41.039  9622  9645 D androidNetworkLocationListeners: Still have listener com.google.android.location.internal.client.NetworkLocationClient$1@413a1350
07-04 02:43:41.113   158   174 I Process : Sending signal. PID: 11820 SIG: 3
07-04 02:43:41.113 11820 11825 I dalvikvm: threadid=3: reacting to signal 3
07-04 02:43:41.121  9622  9645 D androidNetworkLocationListeners: Still have listener com.google.android.location.internal.client.NetworkLocationClient$1@413a1350
07-04 02:43:41.148 11820 11825 I dalvikvm: Wrote stack traces to '/data/anr/traces.txt'
07-04 02:43:41.457   393   395 D dalvikvm: GC_CONCURRENT freed 310K, 65% free 10129K/28231K, paused 2ms+16ms
07-04 02:43:41.613   158   174 I Process : Sending signal. PID: 11820 SIG: 3
07-04 02:43:41.613 11820 11825 I dalvikvm: threadid=3: reacting to signal 3
07-04 02:43:41.640 11820 11825 I dalvikvm: Wrote stack traces to '/data/anr/traces.txt'
07-04 02:43:41.699   393   395 D dalvikvm: GC_CONCURRENT freed 472K, 65% free 10132K/28231K, paused 3ms+11ms
07-04 02:43:41.797 11820 11823 D dalvikvm: GC_CONCURRENT freed 1819K, 12% free 16729K/18951K, paused 3ms+8ms
07-04 02:43:42.355   158   170 I ActivityManager: START {cmp=com.facebook.orca/.mutators.ResendMessageActivity (has extras)} from pid 11820
07-04 02:43:42.437  9622  9645 D androidNetworkLocationListeners: Still have listener com.google.android.location.internal.client.NetworkLocationClient$1@413a1350
07-04 02:43:42.449   393   393 V PhoneStatusBar: setLightsOn(true)
07-04 02:43:42.488   158   207 I ActivityManager: Displayed com.facebook.orca/.mutators.ResendMessageActivity: +93ms
07-04 02:43:42.754   393   393 D dalvikvm: GC_FOR_ALLOC freed 538K, 65% free 9953K/28231K, paused 34ms
07-04 02:43:42.843   393   395 D dalvikvm: GC_CONCURRENT freed 280K, 64% free 10176K/28231K, paused 3ms+4ms
07-04 02:43:43.797  9622  9624 D dalvikvm: GC_CONCURRENT freed 457K, 7% free 9962K/10695K, paused 3ms+3ms
07-04 02:43:43.867   393   393 V PhoneStatusBar: setLightsOn(true)
07-04 02:43:43.976   158   576 W InputManagerService: Window already focused, ignoring focus gain of: com.android.internal.view.IInputMethodClient$Stub$Proxy@41544b68
07-04 02:43:44.136 11820 11820 D OpenGLRenderer: Flushing caches (mode 0)
07-04 02:43:44.136  9622  9645 D androidNetworkLocationListeners: Still have listener com.google.android.location.internal.client.NetworkLocationClient$1@413a1350
07-04 02:43:44.191  9622  9645 D androidNetworkLocationListeners: Still have listener com.google.android.location.internal.client.NetworkLocationClient$1@413a1350
07-04 02:43:44.363   158   174 I Process : Sending signal. PID: 11820 SIG: 3
07-04 02:43:44.363 11820 11825 I dalvikvm: threadid=3: reacting to signal 3
07-04 02:43:44.406 11820 11825 I dalvikvm: Wrote stack traces to '/data/anr/traces.txt'
07-04 02:43:44.472   393   395 D dalvikvm: GC_CONCURRENT freed 495K, 65% free 10142K/28231K, paused 2ms+8ms
07-04 02:43:44.582   393   395 D dalvikvm: GC_CONCURRENT freed 594K, 65% free 10058K/28231K, paused 2ms+9ms
07-04 02:43:45.297 11820 11823 D dalvikvm: GC_CONCURRENT freed 1899K, 11% free 16878K/18951K, paused 4ms+11ms
07-04 02:43:45.777  9622  9645 D androidNetworkLocationListeners: Still have listener com.google.android.location.internal.client.NetworkLocationClient$1@413a1350
07-04 02:43:46.027   393   395 D dalvikvm: GC_CONCURRENT freed 316K, 65% free 10128K/28231K, paused 1ms+3ms
07-04 02:43:46.090   393   395 D dalvikvm: GC_CONCURRENT freed 475K, 65% free 10081K/28231K, paused 2ms+3ms
07-04 02:43:47.097  9622  9624 D dalvikvm: GC_CONCURRENT freed 457K, 7% free 9961K/10695K, paused 2ms+5ms
07-04 02:43:47.672 11820 11823 D dalvikvm: GC_CONCURRENT freed 2069K, 12% free 16863K/19015K, paused 3ms+8ms
07-04 02:43:50.277 11820 11823 D dalvikvm: GC_CONCURRENT freed 1916K, 12% free 16921K/19015K, paused 3ms+11ms
07-04 02:43:53.726 11083 11085 D dalvikvm: GC_CONCURRENT freed 798K, 10% free 11364K/12551K, paused 4ms+4ms
07-04 02:43:55.800   393   395 D dalvikvm: GC_CONCURRENT freed 504K, 65% free 9968K/28231K, paused 2ms+34ms
07-04 02:43:56.058   393   395 D dalvikvm: GC_CONCURRENT freed 341K, 65% free 10134K/28231K, paused 2ms+11ms
07-04 02:43:56.152   158   161 D dalvikvm: GC_CONCURRENT freed 1471K, 26% free 15395K/20743K, paused 6ms+29ms
07-04 02:43:56.390 11820 11823 D dalvikvm: GC_CONCURRENT freed 2038K, 12% free 16963K/19079K, paused 3ms+10ms
07-04 02:44:02.656 11083 11085 D dalvikvm: GC_CONCURRENT freed 646K, 9% free 11496K/12551K, paused 8ms+19ms
07-04 02:44:06.164  9622  9645 D androidNetworkLocationListeners: Still have listener com.google.android.location.internal.client.NetworkLocationClient$1@413a1350
07-04 02:44:06.246  9622  9645 D androidNetworkLocationListeners: Still have listener com.google.android.location.internal.client.NetworkLocationClient$1@413a1350
07-04 02:44:06.273   158   575 D dalvikvm: GC_EXPLICIT freed 325K, 27% free 15312K/20743K, paused 4ms+6ms
07-04 02:44:06.457   393   395 D dalvikvm: GC_CONCURRENT freed 223K, 64% free 10371K/28231K, paused 3ms+16ms
07-04 02:44:06.668   393   393 D dalvikvm: GC_FOR_ALLOC freed 548K, 64% free 10174K/28231K, paused 63ms
07-04 02:44:06.773 11820 11823 D dalvikvm: GC_CONCURRENT freed 2121K, 12% free 16944K/19143K, paused 3ms+8ms
07-04 02:44:07.117 11820 12122 D dalvikvm: GC_FOR_ALLOC freed 681K, 12% free 16903K/19143K, paused 147ms
07-04 02:44:07.117 11820 12122 I dalvikvm-heap: Grow heap (frag case) to 16.597MB for 16400-byte allocation
07-04 02:44:07.195 11820 12122 D dalvikvm: GC_FOR_ALLOC freed 22K, 13% free 16897K/19207K, paused 77ms
07-04 02:44:07.601  9622  9645 D androidNetworkLocationListeners: Still have listener com.google.android.location.internal.client.NetworkLocationClient$1@413a1350
07-04 02:44:07.859   393   393 D dalvikvm: GC_FOR_ALLOC freed 361K, 64% free 10177K/28231K, paused 16ms
07-04 02:44:07.918   393   395 D dalvikvm: GC_CONCURRENT freed 318K, 64% free 10317K/28231K, paused 2ms+3ms
07-04 02:44:08.031   393   395 D dalvikvm: GC_CONCURRENT freed 512K, 64% free 10239K/28231K, paused 2ms+12ms
07-04 02:44:08.976  9622  9624 D dalvikvm: GC_CONCURRENT freed 498K, 7% free 9975K/10695K, paused 2ms+3ms
07-04 02:44:10.304 11820 11823 D dalvikvm: GC_CONCURRENT freed 1857K, 12% free 17088K/19207K, paused 9ms+8ms
07-04 02:44:37.601   158   170 D AlarmManagerService: Kernel timezone updated to 240 minutes west of GMT
07-04 02:44:37.605   475   475 D SystemClock: Setting time of day to sec=1341384278
07-04 02:44:38.108   158   175 I ActivityManager: Start proc com.android.calendar for broadcast com.android.calendar/.widget.CalendarAppWidgetService$CalendarFactory: pid=12344 uid=10005 gids={3003}
07-04 02:44:38.236 12344 12344 I ActivityThread: Pub com.android.calendar.CalendarRecentSuggestionsProvider: com.android.calendar.CalendarRecentSuggestionsProvider
07-04 02:44:38.529   158  5941 I ActivityManager: Start proc com.android.deskclock for broadcast com.android.deskclock/.AlarmInitReceiver: pid=12361 uid=10011 gids={}
07-04 02:44:38.569    80    80 D dalvikvm: GC_EXPLICIT freed 37K, 4% free 9031K/9347K, paused 5ms+3ms
07-04 02:44:38.592    80    80 D dalvikvm: GC_EXPLICIT freed <1K, 4% free 9031K/9347K, paused 2ms+2ms
07-04 02:44:38.615    80    80 D dalvikvm: GC_EXPLICIT freed <1K, 4% free 9031K/9347K, paused 2ms+2ms
07-04 02:44:38.631   158   562 I ActivityManager: Start proc com.android.providers.calendar for content provider com.android.providers.calendar/.CalendarProvider2: pid=12374 uid=10006 gids={3003, 1015}
07-04 02:44:38.682 12361 12361 I ActivityThread: Pub com.android.deskclock: com.android.deskclock.AlarmProvider
07-04 02:44:38.721   158   169 I ActivityManager: Process com.android.defcontainer (pid 11627) has died.
07-04 02:44:38.783 12374 12374 I ActivityThread: Pub com.android.calendar: com.android.providers.calendar.CalendarProvider2
07-04 02:44:38.830 12361 12386 V AlarmClock: AlarmInitReceiver finished
07-04 02:44:39.569   158   576 I ActivityManager: Process com.android.sprintmenu (pid 10593) has died.
07-04 02:44:39.569   158   576 W ActivityManager: Scheduling restart of crashed service com.android.sprintmenu/.HiddenPhoneService in 5000ms
07-04 02:44:39.967 12374 12374 I CalendarProvider2: Sending notification intent: Intent { act=android.intent.action.PROVIDER_CHANGED dat=content://com.android.calendar }
07-04 02:44:39.971 12374 12374 W ContentResolver: Failed to get type for: content://com.android.calendar (Unknown URL content://com.android.calendar)
07-04 02:44:44.580   158   175 I ActivityManager: Start proc com.android.sprintmenu for service com.android.sprintmenu/.HiddenPhoneService: pid=12394 uid=1001 gids={3002, 3001, 3003, 1015}
07-04 02:44:45.084   158   509 I ActivityManager: Process com.android.wallpaper (pid 445) has died.
07-04 02:45:02.959   158   212 I ActivityManager: START {act=android.intent.action.MAIN cat=[android.intent.category.HOME] flg=0x10200000 cmp=com.android.launcher/com.android.launcher2.Launcher} from pid 158
07-04 02:45:03.162 11820 11820 D OpenGLRenderer: Flushing caches (mode 0)
07-04 02:45:03.205 11820 11820 W IInputConnectionWrapper: showStatusIcon on inactive InputConnection
07-04 02:45:03.209 11820 11820 D OpenGLRenderer: Flushing caches (mode 1)
07-04 02:45:03.225   393   395 D dalvikvm: GC_CONCURRENT freed 510K, 65% free 10117K/28231K, paused 2ms+13ms
07-04 02:45:06.545   158   204 I power   : *** set_screen_state 0
07-04 02:45:06.611    79   123 D SurfaceFlinger: About to give-up screen, flinger = 0x1e7d918
07-04 02:45:06.694   491  1636 D NfcService: NFC-C OFF, disconnect
07-04 02:45:06.721   158   208 V TransportControlView: Create TCV com.android.internal.widget.TransportControlView@41b01860
07-04 02:45:06.748   393   393 D PhoneStatusBar: disable: < expand icons alerts ticker system_info back home RECENT* clock >
07-04 02:45:06.779   393   393 D PhoneStatusBar: disable: < expand icons alerts ticker system_info BACK* HOME* RECENT CLOCK* >
07-04 02:45:07.830   158   161 D dalvikvm: GC_CONCURRENT freed 535K, 22% free 16227K/20743K, paused 7ms+10ms
07-04 02:45:37.961 10925 10938 I PhoneLab-: Service Running
07-04 02:46:03.109 10925 10938 I PhoneLab-LoggerService: app_36    1325  1     1828   1384  c00f181c 400107b4 S logcat
07-04 02:46:03.109 10925 10938 I PhoneLab-LoggerService: Logcat pid from database 1325
07-04 02:46:03.109 10925 10938 I PhoneLab-LoggerService: Logcat process found 1325
07-04 02:46:03.113 10925 10938 I PhoneLab-LoggerService: Checking Threshold
07-04 02:47:11.324 11820 12421 W Caught throwable: com.facebook.orca.mqtt.MqttException: Failed to connect
07-04 02:47:11.324 11820 12421 W Caught throwable: 	at com.facebook.orca.mqtt.MqttClient.f(MqttClient.java:237)
07-04 02:47:11.324 11820 12421 W Caught throwable: 	at com.facebook.orca.mqtt.MqttClient.e(MqttClient.java:142)
07-04 02:47:11.324 11820 12421 W Caught throwable: 	at com.facebook.orca.mqtt.MqttClient.a(MqttClient.java:32)
07-04 02:47:11.324 11820 12421 W Caught throwable: 	at com.facebook.orca.mqtt.MqttClient$1.run(MqttClient.java:76)
07-04 02:47:11.324 11820 12421 W Caught throwable: 	at java.lang.Thread.run(Thread.java:856)
07-04 02:47:11.324 11820 12421 W Caught throwable: Caused by: javax.net.ssl.SSLException: Read error: ssl=0x7a9758: I/O error during system call, Connection reset by peer
07-04 02:47:11.324 11820 12421 W Caught throwable: 	at org.apache.harmony.xnet.provider.jsse.NativeCrypto.SSL_read(Native Method)
07-04 02:47:11.324 11820 12421 W Caught throwable: 	at org.apache.harmony.xnet.provider.jsse.OpenSSLSocketImpl$SSLInputStream.read(OpenSSLSocketImpl.java:671)
07-04 02:47:11.324 11820 12421 W Caught throwable: 	at libcore.io.Streams.readSingleByte(Streams.java:41)
07-04 02:47:11.324 11820 12421 W Caught throwable: 	at org.apache.harmony.xnet.provider.jsse.OpenSSLSocketImpl$SSLInputStream.read(OpenSSLSocketImpl.java:655)
07-04 02:47:11.324 11820 12421 W Caught throwable: 	at java.io.DataInputStream.readUnsignedByte(DataInputStream.java:174)
07-04 02:47:11.324 11820 12421 W Caught throwable: 	at com.facebook.orca.mqtt.serialization.MessageDecoder.b(MessageDecoder.java:54)
07-04 02:47:11.324 11820 12421 W Caught throwable: 	at com.facebook.orca.mqtt.serialization.MessageDecoder.a(MessageDecoder.java:34)
07-04 02:47:11.324 11820 12421 W Caught throwable: 	at com.facebook.orca.mqtt.MqttClient.f(MqttClient.java:212)
07-04 02:47:11.324 11820 12421 W Caught throwable: 	... 4 more
07-04 02:48:45.121 12250 12251 D dalvikvm: GC_CONCURRENT freed 376K, 5% free 10123K/10631K, paused 6ms+2ms
07-04 02:48:46.468  9622 10522 I EventLogService: Aggregate from 1341382726100 (log), 1341382726100 (data)
07-04 02:52:10.890 12250 12251 D dalvikvm: GC_CONCURRENT freed 340K, 5% free 10230K/10695K, paused 10ms+3ms
07-04 02:55:28.699 11820 11823 D dalvikvm: GC_CONCURRENT freed 2707K, 15% free 16476K/19271K, paused 9ms+12ms
07-04 03:00:02.257 12250 12251 D dalvikvm: GC_CONCURRENT freed 122K, 3% free 10536K/10759K, paused 7ms+4ms
07-04 03:00:03.074 12250 12251 D dalvikvm: GC_CONCURRENT freed 237K, 4% free 10767K/11143K, paused 3ms+3ms
07-04 03:00:03.918 12250 12251 D dalvikvm: GC_CONCURRENT freed 778K, 8% free 10514K/11399K, paused 6ms+3ms
07-04 03:00:05.218 12250 12251 D dalvikvm: GC_CONCURRENT freed 108K, 6% free 10807K/11399K, paused 3ms+3ms
07-04 03:00:07.129 12250 12251 D dalvikvm: GC_CONCURRENT freed 125K, 3% free 11232K/11463K, paused 7ms+3ms
07-04 03:00:07.871   158   508 D AlarmManagerService: Kernel timezone updated to 240 minutes west of GMT
07-04 03:00:07.875   475   475 D SystemClock: Setting time of day to sec=1341385208
07-04 03:00:08.105 12361 12386 V AlarmClock: AlarmInitReceiver finished
07-04 03:00:09.738 12250 12251 D dalvikvm: GC_CONCURRENT freed 169K, 3% free 11774K/12039K, paused 6ms+4ms
07-04 03:00:12.769 12250 12251 D dalvikvm: GC_CONCURRENT freed 227K, 3% free 12449K/12807K, paused 2ms+3ms
07-04 03:00:13.339 12374 12377 D dalvikvm: GC_CONCURRENT freed 322K, 5% free 9165K/9607K, paused 4ms+3ms
07-04 03:00:14.484   158   601 I WindowManager: WIN DEATH: Window{417a30c0 com.srsdev.wallpapers/com.srsdev.wallpapers.Wallpapers paused=false}
07-04 03:00:14.488   158   576 I ActivityManager: Process com.srsdev.wallpapers (pid 11741) has died.
07-04 03:00:14.492   158   602 I WindowManager: WIN DEATH: Window{418b9e70 com.srsdev.wallpapers/com.srsdev.wallpapers.Wallpapers paused=false}
07-04 03:00:15.765   158  5989 W ActivityManager: finishReceiver called but no pending broadcasts
07-04 03:00:15.906 12250 12251 D dalvikvm: GC_CONCURRENT freed 330K, 3% free 13299K/13703K, paused 1ms+9ms
07-04 03:00:27.414 12250 12251 D dalvikvm: GC_CONCURRENT freed 4025K, 28% free 10786K/14855K, paused 2ms+3ms
07-04 03:00:31.148   158   575 W ActivityManager: finishReceiver called but no pending broadcasts
07-04 03:00:31.234 12250 12251 D dalvikvm: GC_CONCURRENT freed 849K, 30% free 10525K/14855K, paused 2ms+4ms
07-04 03:00:31.351 12250 12251 D dalvikvm: GC_CONCURRENT freed 151K, 27% free 10885K/14855K, paused 2ms+3ms
07-04 03:04:19.429 10925 10925 I PhoneLab-Locks: wake lock acquired
07-04 03:04:19.476 10925 12438 I PhoneLab-PeriodicCheckService: User info is synched
07-04 03:04:19.488 10925 12438 I PhoneLab-PeriodicCheckService: Logger Service is running
07-04 03:04:19.492 10925 10925 I PhoneLab-Locks: wake lock acquired
07-04 03:04:19.496 10925 10925 I PhoneLab-StatusMonitor: Status Monitoring is started
07-04 03:04:19.500 10925 12438 I PhoneLab-Locks: wake lock acquired
07-04 03:04:19.503 10925 12438 I PhoneLab-PeriodicCheckService: Rescheduling periodic checking...
07-04 03:04:19.503 10925 12438 I PhoneLab-Locks: wake lock released
07-04 03:04:19.515 10925 10925 E PhoneLab-PhoneLabManifest: java.io.FileNotFoundException: /data/data/edu.buffalo.cse.phonelab.phonelabservices/files/manifest.xml: open failed: ENOENT (No such file or directory)
07-04 03:04:19.531 10925 10925 I PhoneLab-Locks: wake lock released
07-04 03:04:19.531 10925 10925 I PhoneLab-UploadLogs: Transfering log files now
07-04 03:04:19.531 10925 10925 I PhoneLab-UploadLogs: No log files to transfer
07-04 03:04:19.531 10925 10925 I PhoneLab-Locks: wake lock released
07-04 03:04:19.535 10925 10925 I PhoneLab-UploadLogs: OnStartCommand
07-04 03:05:29.121   393   395 D dalvikvm: GC_CONCURRENT freed 534K, 65% free 9976K/28231K, paused 1ms+4ms
07-04 03:15:30.504 10925 10938 I PhoneLab-: Service Running
07-04 03:15:30.586 10925 10938 I PhoneLab-LoggerService: app_36    1325  1     1828   1384  c00f181c 400107b4 S logcat
07-04 03:15:30.586 10925 10938 I PhoneLab-LoggerService: Logcat pid from database 1325
07-04 03:15:30.586 10925 10938 I PhoneLab-LoggerService: Logcat process found 1325
07-04 03:15:30.586 10925 10938 I PhoneLab-LoggerService: Checking Threshold
07-04 03:15:30.586 10925 10938 I PhoneLab-: Service Running
07-04 03:15:30.621 10925 10938 I PhoneLab-LoggerService: app_36    1325  1     1828   1384  c00f181c 400107b4 S logcat
07-04 03:15:30.621 10925 10938 I PhoneLab-LoggerService: Logcat pid from database 1325
07-04 03:15:30.621 10925 10938 I PhoneLab-LoggerService: Logcat process found 1325
07-04 03:15:30.621 10925 10938 I PhoneLab-LoggerService: Checking Threshold
07-04 03:15:30.621 10925 10938 I PhoneLab-: Service Running
07-04 03:15:30.644 10925 10927 D dalvikvm: GC_CONCURRENT freed 419K, 15% free 9172K/10695K, paused 1ms+2ms
07-04 03:15:30.664 10925 10938 I PhoneLab-LoggerService: app_36    1325  1     1828   1384  c00f181c 400107b4 S logcat
07-04 03:15:30.664 10925 10938 I PhoneLab-LoggerService: Logcat pid from database 1325
07-04 03:15:30.664 10925 10938 I PhoneLab-LoggerService: Logcat process found 1325
07-04 03:15:30.664 10925 10938 I PhoneLab-LoggerService: Checking Threshold
07-04 03:15:30.668 10925 10938 I PhoneLab-: Service Running
07-04 03:15:30.691 10925 10938 I PhoneLab-LoggerService: app_36    1325  1     1828   1384  c00f181c 400107b4 S logcat
07-04 03:15:30.691 10925 10938 I PhoneLab-LoggerService: Logcat pid from database 1325
07-04 03:15:30.691 10925 10938 I PhoneLab-LoggerService: Logcat process found 1325
07-04 03:15:30.691 10925 10938 I PhoneLab-LoggerService: Checking Threshold
07-04 03:15:30.695 10925 10938 I PhoneLab-: Service Running
07-04 03:15:30.718 10925 10938 I PhoneLab-LoggerService: app_36    1325  1     1828   1384  c00f181c 400107b4 S logcat
07-04 03:15:30.722 10925 10938 I PhoneLab-LoggerService: Logcat pid from database 1325
07-04 03:15:30.722 10925 10938 I PhoneLab-LoggerService: Logcat process found 1325
07-04 03:15:30.722 10925 10938 I PhoneLab-LoggerService: Checking Threshold
07-04 03:15:30.722 10925 10938 I PhoneLab-: Service Running
07-04 03:15:30.750 10925 10938 I PhoneLab-LoggerService: app_36    1325  1     1828   1384  c00f181c 400107b4 S logcat
07-04 03:15:30.750 10925 10938 I PhoneLab-LoggerService: Logcat pid from database 1325
07-04 03:15:30.750 10925 10938 I PhoneLab-LoggerService: Logcat process found 1325
07-04 03:15:30.750 10925 10938 I PhoneLab-LoggerService: Checking Threshold
07-04 03:15:30.750 10925 10938 I PhoneLab-: Service Running
07-04 03:15:30.777 10925 10938 I PhoneLab-LoggerService: app_36    1325  1     1828   1384  c00f181c 400107b4 S logcat
07-04 03:15:30.777 10925 10938 I PhoneLab-LoggerService: Logcat pid from database 1325
07-04 03:15:30.777 10925 10938 I PhoneLab-LoggerService: Logcat process found 1325
07-04 03:15:30.777 10925 10938 I PhoneLab-LoggerService: Checking Threshold
07-04 03:15:30.777 10925 10938 I PhoneLab-: Service Running
07-04 03:15:30.804 10925 10938 I PhoneLab-LoggerService: app_36    1325  1     1828   1384  c00f181c 400107b4 S logcat
07-04 03:15:30.804 10925 10938 I PhoneLab-LoggerService: Logcat pid from database 1325
07-04 03:15:30.804 10925 10938 I PhoneLab-LoggerService: Logcat process found 1325
07-04 03:15:30.804 10925 10938 I PhoneLab-LoggerService: Checking Threshold
07-04 03:15:30.804 10925 10938 I PhoneLab-: Service Running
07-04 03:15:30.832 10925 10938 I PhoneLab-LoggerService: app_36    1325  1     1828   1384  c00f181c 400107b4 S logcat
07-04 03:15:30.832 10925 10938 I PhoneLab-LoggerService: Logcat pid from database 1325
07-04 03:15:30.832 10925 10938 I PhoneLab-LoggerService: Logcat process found 1325
07-04 03:15:30.832 10925 10938 I PhoneLab-LoggerService: Checking Threshold
07-04 03:15:30.832 10925 10938 I PhoneLab-: Service Running
07-04 03:15:30.859 10925 10938 I PhoneLab-LoggerService: app_36    1325  1     1828   1384  c00f181c 400107b4 S logcat
07-04 03:15:30.859 10925 10938 I PhoneLab-LoggerService: Logcat pid from database 1325
07-04 03:15:30.859 10925 10938 I PhoneLab-LoggerService: Logcat process found 1325
07-04 03:15:30.859 10925 10938 I PhoneLab-LoggerService: Checking Threshold
07-04 03:15:30.859 10925 10938 I PhoneLab-: Service Running
07-04 03:15:30.898 10925 10927 D dalvikvm: GC_CONCURRENT freed 429K, 15% free 9160K/10695K, paused 2ms+2ms
07-04 03:15:30.906 10925 10938 I PhoneLab-LoggerService: app_36    1325  1     1828   1384  c00f181c 400107b4 S logcat
07-04 03:15:30.906 10925 10938 I PhoneLab-LoggerService: Logcat pid from database 1325
07-04 03:15:30.910 10925 10938 I PhoneLab-LoggerService: Logcat process found 1325
07-04 03:15:30.910 10925 10938 I PhoneLab-LoggerService: Checking Threshold
07-04 03:15:30.910 10925 10938 I PhoneLab-: Service Running
07-04 03:15:30.937 10925 10938 I PhoneLab-LoggerService: app_36    1325  1     1828   1384  c00f181c 400107b4 S logcat
07-04 03:15:30.937 10925 10938 I PhoneLab-LoggerService: Logcat pid from database 1325
07-04 03:15:30.937 10925 10938 I PhoneLab-LoggerService: Logcat process found 1325
07-04 03:15:30.937 10925 10938 I PhoneLab-LoggerService: Checking Threshold
07-04 03:15:30.937 10925 10938 I PhoneLab-: Service Running
07-04 03:15:30.964 10925 10938 I PhoneLab-LoggerService: app_36    1325  1     1828   1384  c00f181c 400107b4 S logcat
07-04 03:15:30.964 10925 10938 I PhoneLab-LoggerService: Logcat pid from database 1325
07-04 03:15:30.964 10925 10938 I PhoneLab-LoggerService: Logcat process found 1325
07-04 03:15:30.964 10925 10938 I PhoneLab-LoggerService: Checking Threshold
07-04 03:15:30.964 10925 10938 I PhoneLab-: Service Running
07-04 03:15:30.992 10925 10938 I PhoneLab-LoggerService: app_36    1325  1     1828   1384  c00f181c 400107b4 S logcat
07-04 03:15:30.992 10925 10938 I PhoneLab-LoggerService: Logcat pid from database 1325
07-04 03:15:30.992 10925 10938 I PhoneLab-LoggerService: Logcat process found 1325
07-04 03:15:30.992 10925 10938 I PhoneLab-LoggerService: Checking Threshold
07-04 03:15:30.992 10925 10938 I PhoneLab-: Service Running
07-04 03:15:31.019 10925 10938 I PhoneLab-LoggerService: app_36    1325  1     1828   1384  c00f181c 400107b4 S logcat
07-04 03:15:31.023 10925 10938 I PhoneLab-LoggerService: Logcat pid from database 1325
07-04 03:15:31.023 10925 10938 I PhoneLab-LoggerService: Logcat process found 1325
07-04 03:15:31.023 10925 10938 I PhoneLab-LoggerService: Checking Threshold
07-04 03:17:11.148   158   161 D dalvikvm: GC_CONCURRENT freed 1757K, 23% free 16151K/20743K, paused 4ms+7ms
07-04 03:18:46.601  9622  9622 D dalvikvm: GC_EXPLICIT freed 241K, 7% free 9975K/10695K, paused 8ms+6ms
07-04 03:18:46.707  9622 10245 I EventLogService: Aggregate from 1341384526471 (log), 1341384526471 (data)
07-04 03:34:19.117 11851 11854 D dalvikvm: GC_CONCURRENT freed 369K, 7% free 9904K/10567K, paused 27ms+3ms
07-04 03:34:19.523 10925 10925 I PhoneLab-Locks: wake lock acquired
07-04 03:34:19.531 10925 12459 I PhoneLab-PeriodicCheckService: User info is synched
07-04 03:34:19.550 10925 12459 I PhoneLab-PeriodicCheckService: Logger Service is running
07-04 03:34:19.554 10925 10925 I PhoneLab-Locks: wake lock acquired
07-04 03:34:19.558 10925 10925 I PhoneLab-StatusMonitor: Status Monitoring is started
07-04 03:34:19.558 10925 10925 E PhoneLab-PhoneLabManifest: java.io.FileNotFoundException: /data/data/edu.buffalo.cse.phonelab.phonelabservices/files/manifest.xml: open failed: ENOENT (No such file or directory)
07-04 03:34:19.562 10925 10925 I PhoneLab-Locks: wake lock released
07-04 03:34:19.566 10925 12459 I PhoneLab-Locks: wake lock acquired
07-04 03:34:19.566 10925 10925 I PhoneLab-UploadLogs: Transfering log files now
07-04 03:34:19.570 10925 10925 I PhoneLab-UploadLogs: No log files to transfer
07-04 03:34:19.570 10925 10925 I PhoneLab-Locks: wake lock released
07-04 03:34:19.570 10925 10925 I PhoneLab-UploadLogs: OnStartCommand
07-04 03:34:19.570 10925 12459 I PhoneLab-PeriodicCheckService: Rescheduling periodic checking...
07-04 03:34:19.574 10925 12459 I PhoneLab-Locks: wake lock released
07-04 03:34:29.004   158   208 I power   : *** set_screen_state 1
07-04 03:34:29.023   158   208 I WindowManager: Lock screen displayed!
07-04 03:34:29.242    79   123 D SurfaceFlinger: Screen about to return, flinger = 0x1e7d918
07-04 03:34:39.574   158   204 I power   : *** set_screen_state 0
07-04 03:34:39.640    79   123 D SurfaceFlinger: About to give-up screen, flinger = 0x1e7d918
07-04 03:34:39.707   158   208 V TransportControlView: Create TCV com.android.internal.widget.TransportControlView@41559e90
07-04 03:39:13.074  7745  7745 I wpa_supplicant: wlan0: WPA: Group rekeying completed with 98:fc:11:c3:3f:e6 [GTK=TKIP]
07-04 03:41:28.203 11083 11085 D dalvikvm: GC_CONCURRENT freed 781K, 9% free 11436K/12551K, paused 40ms+4ms
07-04 03:42:10.375   158   161 D dalvikvm: GC_CONCURRENT freed 1564K, 22% free 16244K/20743K, paused 31ms+6ms
07-04 03:45:09.117   158   508 W ActivityManager: finishReceiver called but no pending broadcasts
07-04 03:45:09.121  9622 12466 W Smack/Packet: notify conn break (IOEx), close connection
07-04 03:45:09.375   158   575 D dalvikvm: GC_EXPLICIT freed 162K, 23% free 16179K/20743K, paused 13ms+6ms
07-04 03:45:21.023  9622  9622 I GTalkService/c: [AndroidEndpoint@1093929776] connect: acct=1000000, state=CONNECTING
07-04 03:45:21.023  9622  9622 I GTalkService/c: [GTalkConnection@1094956680] connect: acct=1, state=CONNECTING
07-04 03:45:23.347   158   318 D ConnectivityService: handleInetConditionHoldEnd: net=1, condition=0, published condition=100
07-04 03:45:43.461  9622  9629 I dalvikvm: Jit: resizing JitTable from 4096 to 8192
07-04 03:45:43.957   158   318 D ConnectivityService: handleInetConditionHoldEnd: net=1, condition=100, published condition=0
07-04 03:45:44.425 10947 10950 D dalvikvm: GC_CONCURRENT freed 371K, 6% free 9601K/10183K, paused 7ms+2ms
07-04 03:45:44.425  9622  9624 D dalvikvm: GC_CONCURRENT freed 353K, 7% free 10010K/10695K, paused 2ms+3ms
07-04 03:45:44.457   158   175 I ActivityManager: Start proc com.google.android.talk for broadcast com.google.android.talk/.ConnectionStateOnlineReceiver: pid=12474 uid=10044 gids={3003, 1015, 1006, 3002}
07-04 03:45:44.601 12474 12474 I ActivityThread: Pub com.google.android.talk.SuggestionProvider: com.google.android.talk.SuggestionsProvider
07-04 03:45:44.695 12474 12474 D vclib:CallStateClient: startListening
07-04 03:45:44.800 12474 12477 D dalvikvm: GC_CONCURRENT freed 146K, 3% free 9402K/9607K, paused 17ms+3ms
07-04 03:46:54.011   158   208 I power   : *** set_screen_state 1
07-04 03:46:54.066   158   208 I WindowManager: Lock screen displayed!
07-04 03:46:54.191   393   395 D dalvikvm: GC_CONCURRENT freed 353K, 65% free 10008K/28231K, paused 2ms+5ms
07-04 03:46:54.242    79   123 D SurfaceFlinger: Screen about to return, flinger = 0x1e7d918
07-04 03:47:04.535   158   204 I power   : *** set_screen_state 0
07-04 03:47:04.582    79   123 D SurfaceFlinger: About to give-up screen, flinger = 0x1e7d918
07-04 03:47:04.726   158   208 D dalvikvm: GC_FOR_ALLOC freed 571K, 20% free 16636K/20743K, paused 60ms
07-04 03:47:04.961   158   208 D dalvikvm: GC_FOR_ALLOC freed 29K, 20% free 16713K/20743K, paused 228ms
07-04 03:47:04.961   158   208 I dalvikvm-heap: Grow heap (frag case) to 16.496MB for 104992-byte allocation
07-04 03:47:05.027   158   203 D dalvikvm: GC_FOR_ALLOC freed <1K, 20% free 16815K/20871K, paused 51ms
07-04 03:47:05.031   158   208 V TransportControlView: Create TCV com.android.internal.widget.TransportControlView@41840750
07-04 03:48:47.097  9622 10310 I EventLogService: Aggregate from 1341386326713 (log), 1341386326713 (data)
07-04 04:00:00.289 11851 12499 D dalvikvm: GC_FOR_ALLOC freed 92K, 7% free 9900K/10567K, paused 20ms
07-04 04:00:00.289 11851 12499 I dalvikvm-heap: Grow heap (frag case) to 9.862MB for 131088-byte allocation
07-04 04:00:00.308 11851 12499 D dalvikvm: GC_FOR_ALLOC freed 2K, 7% free 10025K/10759K, paused 19ms
07-04 04:00:00.363 11851 12499 D dalvikvm: GC_FOR_ALLOC freed 5K, 7% free 10042K/10759K, paused 19ms
07-04 04:00:00.363 11851 12499 I dalvikvm-heap: Grow heap (frag case) to 10.000MB for 131072-byte allocation
07-04 04:00:00.379 11851 11858 I dalvikvm: Total arena pages for JIT: 11
07-04 04:00:00.379 11851 11858 I dalvikvm: Total arena pages for JIT: 12
07-04 04:00:00.379 11851 11858 I dalvikvm: Total arena pages for JIT: 13
07-04 04:00:00.379 11851 11858 I dalvikvm: Total arena pages for JIT: 14
07-04 04:00:00.379 11851 11858 I dalvikvm: Total arena pages for JIT: 15
07-04 04:00:00.379 11851 11858 I dalvikvm: Total arena pages for JIT: 16
07-04 04:00:00.379 11851 11858 I dalvikvm: Total arena pages for JIT: 17
07-04 04:00:00.402 11851 11858 I dalvikvm: Total arena pages for JIT: 18
07-04 04:00:00.484 11851 12499 D dalvikvm: GC_FOR_ALLOC freed 128K, 9% free 10042K/10951K, paused 17ms
07-04 04:00:00.578 11851 12499 D dalvikvm: GC_FOR_ALLOC freed 256K, 9% free 10042K/10951K, paused 17ms
07-04 04:00:00.672 11851 12499 D dalvikvm: GC_FOR_ALLOC freed 256K, 9% free 10042K/10951K, paused 17ms
07-04 04:00:00.765 11851 12499 D dalvikvm: GC_FOR_ALLOC freed 256K, 9% free 10042K/10951K, paused 16ms
07-04 04:00:00.859 11851 12499 D dalvikvm: GC_FOR_ALLOC freed 256K, 9% free 10042K/10951K, paused 17ms
07-04 04:00:00.949 11851 12499 D dalvikvm: GC_FOR_ALLOC freed 256K, 9% free 10042K/10951K, paused 16ms
07-04 04:01:41.050  7745  7745 I wpa_supplicant: wlan0: WPA: Group rekeying completed with 98:fc:11:c3:3f:e6 [GTK=TKIP]
07-04 04:01:41.281 10925 10938 I PhoneLab-: Service Running
07-04 04:01:41.371 10925 10938 I PhoneLab-LoggerService: app_36    1325  1     1828   1384  c00f181c 400107b4 S logcat
07-04 04:01:41.371 10925 10938 I PhoneLab-LoggerService: Logcat pid from database 1325
07-04 04:01:41.371 10925 10938 I PhoneLab-LoggerService: Logcat process found 1325
07-04 04:01:41.371 10925 10938 I PhoneLab-LoggerService: Checking Threshold
07-04 04:01:41.371 10925 10938 I PhoneLab-: Service Running
07-04 04:01:41.406 10925 10938 I PhoneLab-LoggerService: app_36    1325  1     1828   1384  c00f181c 400107b4 S logcat
07-04 04:01:41.406 10925 10938 I PhoneLab-LoggerService: Logcat pid from database 1325
07-04 04:01:41.406 10925 10938 I PhoneLab-LoggerService: Logcat process found 1325
07-04 04:01:41.406 10925 10938 I PhoneLab-LoggerService: Checking Threshold
07-04 04:01:41.406 10925 10938 I PhoneLab-: Service Running
07-04 04:01:41.433 10925 10927 D dalvikvm: GC_CONCURRENT freed 403K, 15% free 9147K/10695K, paused 1ms+6ms
07-04 04:01:41.453 10925 10938 I PhoneLab-LoggerService: app_36    1325  1     1828   1384  c00f181c 400107b4 S logcat
07-04 04:01:41.453 10925 10938 I PhoneLab-LoggerService: Logcat pid from database 1325
07-04 04:01:41.453 10925 10938 I PhoneLab-LoggerService: Logcat process found 1325
07-04 04:01:41.453 10925 10938 I PhoneLab-LoggerService: Checking Threshold
07-04 04:01:41.453 10925 10938 I PhoneLab-: Service Running
07-04 04:01:41.480 10925 10938 I PhoneLab-LoggerService: app_36    1325  1     1828   1384  c00f181c 400107b4 S logcat
07-04 04:01:41.480 10925 10938 I PhoneLab-LoggerService: Logcat pid from database 1325
07-04 04:01:41.480 10925 10938 I PhoneLab-LoggerService: Logcat process found 1325
07-04 04:01:41.480 10925 10938 I PhoneLab-LoggerService: Checking Threshold
07-04 04:01:41.484 10925 10938 I PhoneLab-: Service Running
07-04 04:01:41.507 10925 10938 I PhoneLab-LoggerService: app_36    1325  1     1828   1384  c00f181c 400107b4 S logcat
07-04 04:01:41.507 10925 10938 I PhoneLab-LoggerService: Logcat pid from database 1325
07-04 04:01:41.507 10925 10938 I PhoneLab-LoggerService: Logcat process found 1325
07-04 04:01:41.507 10925 10938 I PhoneLab-LoggerService: Checking Threshold
07-04 04:01:41.511 10925 10938 I PhoneLab-: Service Running
07-04 04:01:41.535 10925 10938 I PhoneLab-LoggerService: app_36    1325  1     1828   1384  c00f181c 400107b4 S logcat
07-04 04:01:41.535 10925 10938 I PhoneLab-LoggerService: Logcat pid from database 1325
07-04 04:01:41.539 10925 10938 I PhoneLab-LoggerService: Logcat process found 1325
07-04 04:01:41.539 10925 10938 I PhoneLab-LoggerService: Checking Threshold
07-04 04:01:41.539 10925 10938 I PhoneLab-: Service Running
07-04 04:01:41.562 10925 10938 I PhoneLab-LoggerService: app_36    1325  1     1828   1384  c00f181c 400107b4 S logcat
07-04 04:01:41.562 10925 10938 I PhoneLab-LoggerService: Logcat pid from database 1325
07-04 04:01:41.566 10925 10938 I PhoneLab-LoggerService: Logcat process found 1325
07-04 04:01:41.566 10925 10938 I PhoneLab-LoggerService: Checking Threshold
07-04 04:01:41.566 10925 10938 I PhoneLab-: Service Running
07-04 04:01:41.589 10925 10938 I PhoneLab-LoggerService: app_36    1325  1     1828   1384  c00f181c 400107b4 S logcat
07-04 04:01:41.593 10925 10938 I PhoneLab-LoggerService: Logcat pid from database 1325
07-04 04:01:41.593 10925 10938 I PhoneLab-LoggerService: Logcat process found 1325
07-04 04:01:41.593 10925 10938 I PhoneLab-LoggerService: Checking Threshold
07-04 04:01:41.593 10925 10938 I PhoneLab-: Service Running
07-04 04:01:41.621 10925 10938 I PhoneLab-LoggerService: app_36    1325  1     1828   1384  c00f181c 400107b4 S logcat
07-04 04:01:41.621 10925 10938 I PhoneLab-LoggerService: Logcat pid from database 1325
07-04 04:01:41.621 10925 10938 I PhoneLab-LoggerService: Logcat process found 1325
07-04 04:01:41.621 10925 10938 I PhoneLab-LoggerService: Checking Threshold
07-04 04:01:41.621 10925 10938 I PhoneLab-: Service Running
07-04 04:01:41.660 10925 10938 I PhoneLab-LoggerService: app_36    1325  1     1828   1384  c00f181c 400107b4 S logcat
07-04 04:01:41.660 10925 10938 I PhoneLab-LoggerService: Logcat pid from database 1325
07-04 04:01:41.660 10925 10938 I PhoneLab-LoggerService: Logcat process found 1325
07-04 04:01:41.660 10925 10938 I PhoneLab-LoggerService: Checking Threshold
07-04 04:01:41.660 10925 10938 I PhoneLab-: Service Running
07-04 04:01:41.671 10925 10927 D dalvikvm: GC_CONCURRENT freed 406K, 15% free 9148K/10695K, paused 2ms+2ms
07-04 04:01:41.734 10925 10938 I PhoneLab-LoggerService: app_36    1325  1     1828   1384  c00f181c 400107b4 S logcat
07-04 04:01:41.734 10925 10938 I PhoneLab-LoggerService: Logcat pid from database 1325
07-04 04:01:41.734 10925 10938 I PhoneLab-LoggerService: Logcat process found 1325
07-04 04:01:41.734 10925 10938 I PhoneLab-LoggerService: Checking Threshold
07-04 04:01:41.734 10925 10938 I PhoneLab-: Service Running
07-04 04:01:41.761 10925 10938 I PhoneLab-LoggerService: app_36    1325  1     1828   1384  c00f181c 400107b4 S logcat
07-04 04:01:41.761 10925 10938 I PhoneLab-LoggerService: Logcat pid from database 1325
07-04 04:01:41.761 10925 10938 I PhoneLab-LoggerService: Logcat process found 1325
07-04 04:01:41.761 10925 10938 I PhoneLab-LoggerService: Checking Threshold
07-04 04:01:41.761 10925 10938 I PhoneLab-: Service Running
07-04 04:01:41.789 10925 10938 I PhoneLab-LoggerService: app_36    1325  1     1828   1384  c00f181c 400107b4 S logcat
07-04 04:01:41.789 10925 10938 I PhoneLab-LoggerService: Logcat pid from database 1325
07-04 04:01:41.789 10925 10938 I PhoneLab-LoggerService: Logcat process found 1325
07-04 04:01:41.789 10925 10938 I PhoneLab-LoggerService: Checking Threshold
07-04 04:01:41.789 10925 10938 I PhoneLab-: Service Running
07-04 04:01:41.816 10925 10938 I PhoneLab-LoggerService: app_36    1325  1     1828   1384  c00f181c 400107b4 S logcat
07-04 04:01:41.816 10925 10938 I PhoneLab-LoggerService: Logcat pid from database 1325
07-04 04:01:41.816 10925 10938 I PhoneLab-LoggerService: Logcat process found 1325
07-04 04:01:41.816 10925 10938 I PhoneLab-LoggerService: Checking Threshold
07-04 04:01:41.816 10925 10938 I PhoneLab-: Service Running
07-04 04:01:41.843 10925 10938 I PhoneLab-LoggerService: app_36    1325  1     1828   1384  c00f181c 400107b4 S logcat
07-04 04:01:41.843 10925 10938 I PhoneLab-LoggerService: Logcat pid from database 1325
07-04 04:01:41.843 10925 10938 I PhoneLab-LoggerService: Logcat process found 1325
07-04 04:01:41.843 10925 10938 I PhoneLab-LoggerService: Checking Threshold
07-04 04:01:41.843 10925 10938 I PhoneLab-: Service Running
07-04 04:01:41.871 10925 10938 I PhoneLab-LoggerService: app_36    1325  1     1828   1384  c00f181c 400107b4 S logcat
07-04 04:01:41.871 10925 10938 I PhoneLab-LoggerService: Logcat pid from database 1325
07-04 04:01:41.871 10925 10938 I PhoneLab-LoggerService: Logcat process found 1325
07-04 04:01:41.871 10925 10938 I PhoneLab-LoggerService: Checking Threshold
07-04 04:01:41.871 10925 10938 I PhoneLab-: Service Running
07-04 04:01:41.898 10925 10938 I PhoneLab-LoggerService: app_36    1325  1     1828   1384  c00f181c 400107b4 S logcat
07-04 04:01:41.898 10925 10938 I PhoneLab-LoggerService: Logcat pid from database 1325
07-04 04:01:41.898 10925 10938 I PhoneLab-LoggerService: Logcat process found 1325
07-04 04:01:41.898 10925 10938 I PhoneLab-LoggerService: Checking Threshold
07-04 04:01:41.902 10925 10938 I PhoneLab-: Service Running
07-04 04:01:41.941 10925 10938 I PhoneLab-LoggerService: app_36    1325  1     1828   1384  c00f181c 400107b4 S logcat
07-04 04:01:41.941 10925 10938 I PhoneLab-LoggerService: Logcat pid from database 1325
07-04 04:01:41.941 10925 10938 I PhoneLab-LoggerService: Logcat process found 1325
07-04 04:01:41.941 10925 10938 I PhoneLab-LoggerService: Checking Threshold
07-04 04:01:41.941 10925 10938 I PhoneLab-: Service Running
07-04 04:01:41.957 10925 10927 D dalvikvm: GC_CONCURRENT freed 407K, 15% free 9149K/10695K, paused 1ms+2ms
07-04 04:01:41.980 10925 10938 I PhoneLab-LoggerService: app_36    1325  1     1828   1384  c00f181c 400107b4 S logcat
07-04 04:01:41.980 10925 10938 I PhoneLab-LoggerService: Logcat pid from database 1325
07-04 04:01:41.980 10925 10938 I PhoneLab-LoggerService: Logcat process found 1325
07-04 04:01:41.980 10925 10938 I PhoneLab-LoggerService: Checking Threshold
07-04 04:01:41.980 10925 10938 I PhoneLab-: Service Running
07-04 04:01:42.007 10925 10938 I PhoneLab-LoggerService: app_36    1325  1     1828   1384  c00f181c 400107b4 S logcat
07-04 04:01:42.007 10925 10938 I PhoneLab-LoggerService: Logcat pid from database 1325
07-04 04:01:42.007 10925 10938 I PhoneLab-LoggerService: Logcat process found 1325
07-04 04:01:42.007 10925 10938 I PhoneLab-LoggerService: Checking Threshold
07-04 04:01:42.007 10925 10938 I PhoneLab-: Service Running
07-04 04:01:42.035 10925 10938 I PhoneLab-LoggerService: app_36    1325  1     1828   1384  c00f181c 400107b4 S logcat
07-04 04:01:42.035 10925 10938 I PhoneLab-LoggerService: Logcat pid from database 1325
07-04 04:01:42.035 10925 10938 I PhoneLab-LoggerService: Logcat process found 1325
07-04 04:01:42.035 10925 10938 I PhoneLab-LoggerService: Checking Threshold
07-04 04:01:42.039 10925 10938 I PhoneLab-: Service Running
07-04 04:02:10.086 10925 10938 I PhoneLab-LoggerService: app_36    1325  1     1828   1384  c00f181c 400107b4 S logcat
07-04 04:02:10.086 10925 10938 I PhoneLab-LoggerService: Logcat pid from database 1325
07-04 04:02:10.086 10925 10938 I PhoneLab-LoggerService: Logcat process found 1325
07-04 04:02:10.086 10925 10938 I PhoneLab-LoggerService: Checking Threshold
07-04 04:02:10.086 10925 10938 I PhoneLab-: Service Running
07-04 04:02:10.113 10925 10938 I PhoneLab-LoggerService: app_36    1325  1     1828   1384  c00f181c 400107b4 S logcat
07-04 04:02:10.113 10925 10938 I PhoneLab-LoggerService: Logcat pid from database 1325
07-04 04:02:10.113 10925 10938 I PhoneLab-LoggerService: Logcat process found 1325
07-04 04:02:10.113 10925 10938 I PhoneLab-LoggerService: Checking Threshold
07-04 04:04:19.593 10925 10925 I PhoneLab-Locks: wake lock acquired
07-04 04:04:19.621 10925 12525 I PhoneLab-PeriodicCheckService: User info is synched
07-04 04:04:19.625 10925 12525 I PhoneLab-PeriodicCheckService: Logger Service is running
07-04 04:04:19.625 10925 12525 I PhoneLab-Locks: wake lock acquired
07-04 04:04:19.628 10925 10925 I PhoneLab-UploadLogs: Transfering log files now
07-04 04:04:19.628 10925 10925 I PhoneLab-UploadLogs: No log files to transfer
07-04 04:04:19.628 10925 10925 I PhoneLab-Locks: wake lock released
07-04 04:04:19.632 10925 10925 I PhoneLab-UploadLogs: OnStartCommand
07-04 04:04:19.632 10925 12525 I PhoneLab-PeriodicCheckService: Rescheduling periodic checking...
07-04 04:04:19.632 10925 12525 I PhoneLab-Locks: wake lock released
07-04 04:15:29.074   393   395 D dalvikvm: GC_CONCURRENT freed 383K, 65% free 10010K/28231K, paused 2ms+6ms
07-04 04:18:47.429  9622  9909 I EventLogService: Aggregate from 1341388127100 (log), 1341388127100 (data)
07-04 04:23:31.043  7745  7745 I wpa_supplicant: wlan0: WPA: Group rekeying completed with 98:fc:11:c3:3f:e6 [GTK=TKIP]
07-04 04:28:23.152   158   161 D dalvikvm: GC_CONCURRENT freed 2371K, 22% free 16289K/20871K, paused 3ms+7ms
07-04 04:29:07.035  7745  7745 I wpa_supplicant: wlan0: WPA: Group rekeying completed with 98:fc:11:c3:3f:e6 [GTK=TKIP]
07-04 04:34:19.652 10925 10925 I PhoneLab-Locks: wake lock acquired
07-04 04:34:19.683 10925 12532 I PhoneLab-PeriodicCheckService: User info is synched
07-04 04:34:19.687 10925 12532 I PhoneLab-PeriodicCheckService: Logger Service is running
07-04 04:34:19.687 10925 12532 I PhoneLab-Locks: wake lock acquired
07-04 04:34:19.691 10925 10925 I PhoneLab-UploadLogs: Transfering log files now
07-04 04:34:19.691 10925 10925 I PhoneLab-UploadLogs: No log files to transfer
07-04 04:34:19.691 10925 10925 I PhoneLab-Locks: wake lock released
07-04 04:34:19.691 10925 10925 I PhoneLab-UploadLogs: OnStartCommand
07-04 04:34:19.695 10925 12532 I PhoneLab-PeriodicCheckService: Rescheduling periodic checking...
07-04 04:34:19.695 10925 12532 I PhoneLab-Locks: wake lock released
07-04 04:41:33.261 10925 10938 I PhoneLab-: Service Running
07-04 04:41:33.332 10925 10938 I PhoneLab-LoggerService: app_36    1325  1     1828   1384  c00f181c 400107b4 S logcat
07-04 04:41:33.332 10925 10938 I PhoneLab-LoggerService: Logcat pid from database 1325
07-04 04:41:33.332 10925 10938 I PhoneLab-LoggerService: Logcat process found 1325
07-04 04:41:33.332 10925 10938 I PhoneLab-LoggerService: Checking Threshold
07-04 04:41:33.332 10925 10938 I PhoneLab-: Service Running
07-04 04:41:33.371 10925 10938 I PhoneLab-LoggerService: app_36    1325  1     1828   1384  c00f181c 400107b4 S logcat
07-04 04:41:33.371 10925 10938 I PhoneLab-LoggerService: Logcat pid from database 1325
07-04 04:41:33.371 10925 10938 I PhoneLab-LoggerService: Logcat process found 1325
07-04 04:41:33.371 10925 10938 I PhoneLab-LoggerService: Checking Threshold
07-04 04:41:33.371 10925 10938 I PhoneLab-: Service Running
07-04 04:41:33.386 10925 10927 D dalvikvm: GC_CONCURRENT freed 407K, 15% free 9148K/10695K, paused 1ms+3ms
07-04 04:41:33.410 10925 10938 I PhoneLab-LoggerService: app_36    1325  1     1828   1384  c00f181c 400107b4 S logcat
07-04 04:41:33.410 10925 10938 I PhoneLab-LoggerService: Logcat pid from database 1325
07-04 04:41:33.410 10925 10938 I PhoneLab-LoggerService: Logcat process found 1325
07-04 04:41:33.414 10925 10938 I PhoneLab-LoggerService: Checking Threshold
07-04 04:41:33.414 10925 10938 I PhoneLab-: Service Running
07-04 04:41:33.437 10925 10938 I PhoneLab-LoggerService: app_36    1325  1     1828   1384  c00f181c 400107b4 S logcat
07-04 04:41:33.441 10925 10938 I PhoneLab-LoggerService: Logcat pid from database 1325
07-04 04:41:33.441 10925 10938 I PhoneLab-LoggerService: Logcat process found 1325
07-04 04:41:33.441 10925 10938 I PhoneLab-LoggerService: Checking Threshold
07-04 04:41:33.441 10925 10938 I PhoneLab-: Service Running
07-04 04:41:33.468 10925 10938 I PhoneLab-LoggerService: app_36    1325  1     1828   1384  c00f181c 400107b4 S logcat
07-04 04:41:33.468 10925 10938 I PhoneLab-LoggerService: Logcat pid from database 1325
07-04 04:41:33.468 10925 10938 I PhoneLab-LoggerService: Logcat process found 1325
07-04 04:41:33.468 10925 10938 I PhoneLab-LoggerService: Checking Threshold
07-04 04:41:33.468 10925 10938 I PhoneLab-: Service Running
07-04 04:41:33.496 10925 10938 I PhoneLab-LoggerService: app_36    1325  1     1828   1384  c00f181c 400107b4 S logcat
07-04 04:41:33.496 10925 10938 I PhoneLab-LoggerService: Logcat pid from database 1325
07-04 04:41:33.496 10925 10938 I PhoneLab-LoggerService: Logcat process found 1325
07-04 04:41:33.496 10925 10938 I PhoneLab-LoggerService: Checking Threshold
07-04 04:41:33.496 10925 10938 I PhoneLab-: Service Running
07-04 04:41:33.523 10925 10938 I PhoneLab-LoggerService: app_36    1325  1     1828   1384  c00f181c 400107b4 S logcat
07-04 04:41:33.523 10925 10938 I PhoneLab-LoggerService: Logcat pid from database 1325
07-04 04:41:33.523 10925 10938 I PhoneLab-LoggerService: Logcat process found 1325
07-04 04:41:33.523 10925 10938 I PhoneLab-LoggerService: Checking Threshold
07-04 04:41:33.527 10925 10938 I PhoneLab-: Service Running
07-04 04:41:33.550 10925 10938 I PhoneLab-LoggerService: app_36    1325  1     1828   1384  c00f181c 400107b4 S logcat
07-04 04:41:33.550 10925 10938 I PhoneLab-LoggerService: Logcat pid from database 1325
07-04 04:41:33.554 10925 10938 I PhoneLab-LoggerService: Logcat process found 1325
07-04 04:41:33.554 10925 10938 I PhoneLab-LoggerService: Checking Threshold
07-04 04:41:33.554 10925 10938 I PhoneLab-: Service Running
07-04 04:41:33.578 10925 10938 I PhoneLab-LoggerService: app_36    1325  1     1828   1384  c00f181c 400107b4 S logcat
07-04 04:41:33.582 10925 10938 I PhoneLab-LoggerService: Logcat pid from database 1325
07-04 04:41:33.582 10925 10938 I PhoneLab-LoggerService: Logcat process found 1325
07-04 04:41:33.582 10925 10938 I PhoneLab-LoggerService: Checking Threshold
07-04 04:41:33.582 10925 10938 I PhoneLab-: Service Running
07-04 04:41:33.625 10925 10938 I PhoneLab-LoggerService: app_36    1325  1     1828   1384  c00f181c 400107b4 S logcat
07-04 04:41:33.625 10925 10938 I PhoneLab-LoggerService: Logcat pid from database 1325
07-04 04:41:33.625 10925 10938 I PhoneLab-LoggerService: Logcat process found 1325
07-04 04:41:33.625 10925 10938 I PhoneLab-LoggerService: Checking Threshold
07-04 04:41:33.625 10925 10938 I PhoneLab-: Service Running
07-04 04:41:33.632 10925 10927 D dalvikvm: GC_CONCURRENT freed 404K, 15% free 9151K/10695K, paused 2ms+2ms
07-04 04:41:33.660 10925 10938 I PhoneLab-LoggerService: app_36    1325  1     1828   1384  c00f181c 400107b4 S logcat
07-04 04:41:33.664 10925 10938 I PhoneLab-LoggerService: Logcat pid from database 1325
07-04 04:41:33.664 10925 10938 I PhoneLab-LoggerService: Logcat process found 1325
07-04 04:41:33.664 10925 10938 I PhoneLab-LoggerService: Checking Threshold
07-04 04:41:33.664 10925 10938 I PhoneLab-: Service Running
07-04 04:41:33.687 10925 10938 I PhoneLab-LoggerService: app_36    1325  1     1828   1384  c00f181c 400107b4 S logcat
07-04 04:41:33.691 10925 10938 I PhoneLab-LoggerService: Logcat pid from database 1325
07-04 04:41:33.691 10925 10938 I PhoneLab-LoggerService: Logcat process found 1325
07-04 04:41:33.691 10925 10938 I PhoneLab-LoggerService: Checking Threshold
07-04 04:41:33.691 10925 10938 I PhoneLab-: Service Running
07-04 04:41:33.718 10925 10938 I PhoneLab-LoggerService: app_36    1325  1     1828   1384  c00f181c 400107b4 S logcat
07-04 04:41:33.718 10925 10938 I PhoneLab-LoggerService: Logcat pid from database 1325
07-04 04:41:33.718 10925 10938 I PhoneLab-LoggerService: Logcat process found 1325
07-04 04:41:33.718 10925 10938 I PhoneLab-LoggerService: Checking Threshold
07-04 04:41:33.718 10925 10938 I PhoneLab-: Service Running
07-04 04:41:33.746 10925 10938 I PhoneLab-LoggerService: app_36    1325  1     1828   1384  c00f181c 400107b4 S logcat
07-04 04:41:33.746 10925 10938 I PhoneLab-LoggerService: Logcat pid from database 1325
07-04 04:41:33.746 10925 10938 I PhoneLab-LoggerService: Logcat process found 1325
07-04 04:41:33.746 10925 10938 I PhoneLab-LoggerService: Checking Threshold
07-04 04:41:33.746 10925 10938 I PhoneLab-: Service Running
07-04 04:41:33.773 10925 10938 I PhoneLab-LoggerService: app_36    1325  1     1828   1384  c00f181c 400107b4 S logcat
07-04 04:41:33.773 10925 10938 I PhoneLab-LoggerService: Logcat pid from database 1325
07-04 04:41:33.773 10925 10938 I PhoneLab-LoggerService: Logcat process found 1325
07-04 04:41:33.773 10925 10938 I PhoneLab-LoggerService: Checking Threshold
07-04 04:41:33.773 10925 10938 I PhoneLab-: Service Running
07-04 04:41:33.800 10925 10938 I PhoneLab-LoggerService: app_36    1325  1     1828   1384  c00f181c 400107b4 S logcat
07-04 04:41:33.800 10925 10938 I PhoneLab-LoggerService: Logcat pid from database 1325
07-04 04:41:33.800 10925 10938 I PhoneLab-LoggerService: Logcat process found 1325
07-04 04:41:33.800 10925 10938 I PhoneLab-LoggerService: Checking Threshold
07-04 04:41:33.800 10925 10938 I PhoneLab-: Service Running
07-04 04:41:33.828 10925 10938 I PhoneLab-LoggerService: app_36    1325  1     1828   1384  c00f181c 400107b4 S logcat
07-04 04:41:33.828 10925 10938 I PhoneLab-LoggerService: Logcat pid from database 1325
07-04 04:41:33.828 10925 10938 I PhoneLab-LoggerService: Logcat process found 1325
07-04 04:41:33.828 10925 10938 I PhoneLab-LoggerService: Checking Threshold
07-04 04:41:33.828 10925 10938 I PhoneLab-: Service Running
07-04 04:41:33.871 10925 10938 I PhoneLab-LoggerService: app_36    1325  1     1828   1384  c00f181c 400107b4 S logcat
07-04 04:41:33.871 10925 10938 I PhoneLab-LoggerService: Logcat pid from database 1325
07-04 04:41:33.871 10925 10938 I PhoneLab-LoggerService: Logcat process found 1325
07-04 04:41:33.871 10925 10938 I PhoneLab-LoggerService: Checking Threshold
07-04 04:41:33.871 10925 10938 I PhoneLab-: Service Running
07-04 04:41:33.878 10925 10927 D dalvikvm: GC_CONCURRENT freed 407K, 15% free 9152K/10695K, paused 2ms+1ms
07-04 04:41:33.910 10925 10938 I PhoneLab-LoggerService: app_36    1325  1     1828   1384  c00f181c 400107b4 S logcat
07-04 04:41:33.910 10925 10938 I PhoneLab-LoggerService: Logcat pid from database 1325
07-04 04:41:33.910 10925 10938 I PhoneLab-LoggerService: Logcat process found 1325
07-04 04:41:33.910 10925 10938 I PhoneLab-LoggerService: Checking Threshold
07-04 04:41:33.910 10925 10938 I PhoneLab-: Service Running
07-04 04:41:33.937 10925 10938 I PhoneLab-LoggerService: app_36    1325  1     1828   1384  c00f181c 400107b4 S logcat
07-04 04:41:33.937 10925 10938 I PhoneLab-LoggerService: Logcat pid from database 1325
07-04 04:41:33.937 10925 10938 I PhoneLab-LoggerService: Logcat process found 1325
07-04 04:41:33.937 10925 10938 I PhoneLab-LoggerService: Checking Threshold
07-04 04:45:29.113   393   395 D dalvikvm: GC_CONCURRENT freed 393K, 65% free 10017K/28231K, paused 2ms+5ms
07-04 04:48:47.976  9622 10522 I EventLogService: Aggregate from 1341389927434 (log), 1341389927434 (data)
07-04 04:48:48.050  9622  9624 D dalvikvm: GC_CONCURRENT freed 440K, 7% free 9998K/10695K, paused 2ms+3ms
07-04 04:50:30.113 12250 12251 D dalvikvm: GC_CONCURRENT freed 1145K, 32% free 10233K/14855K, paused 2ms+3ms
07-04 04:54:44.296 12250 12251 D dalvikvm: GC_CONCURRENT freed 291K, 31% free 10394K/14855K, paused 2ms+3ms
07-04 05:02:11.433   158   161 D dalvikvm: GC_CONCURRENT freed 1764K, 23% free 16275K/20871K, paused 3ms+7ms
07-04 05:04:19.718 10925 10925 I PhoneLab-Locks: wake lock acquired
07-04 05:04:19.750 10925 12563 I PhoneLab-PeriodicCheckService: User info is synched
07-04 05:04:19.750 10925 12563 I PhoneLab-PeriodicCheckService: Logger Service is running
07-04 05:04:19.757 10925 10925 I PhoneLab-Locks: wake lock acquired
07-04 05:04:19.757 10925 10925 I PhoneLab-StatusMonitor: Status Monitoring is started
07-04 05:04:19.761 10925 10925 E PhoneLab-PhoneLabManifest: java.io.FileNotFoundException: /data/data/edu.buffalo.cse.phonelab.phonelabservices/files/manifest.xml: open failed: ENOENT (No such file or directory)
07-04 05:04:19.761 10925 10925 I PhoneLab-Locks: wake lock released
07-04 05:04:19.765 10925 12563 I PhoneLab-Locks: wake lock acquired
07-04 05:04:19.769 10925 10925 I PhoneLab-UploadLogs: Transfering log files now
07-04 05:04:19.769 10925 10925 I PhoneLab-UploadLogs: No log files to transfer
07-04 05:04:19.769 10925 10925 I PhoneLab-Locks: wake lock released
07-04 05:04:19.769 10925 10925 I PhoneLab-UploadLogs: OnStartCommand
07-04 05:04:19.773 10925 12563 I PhoneLab-PeriodicCheckService: Rescheduling periodic checking...
07-04 05:04:19.773 10925 12563 I PhoneLab-Locks: wake lock released
07-04 05:17:10.109   393   395 D dalvikvm: GC_CONCURRENT freed 399K, 65% free 10009K/28231K, paused 2ms+4ms
07-04 05:18:48.250  9622  9988 I EventLogService: Aggregate from 1341391727979 (log), 1341391727979 (data)
07-04 05:21:53.945   158   174 V BackupManagerService: Running a backup pass
07-04 05:21:53.964   158   329 V BackupManagerService: clearing pending backups
07-04 05:21:53.988   158   329 V PerformBackupTask: Beginning backup of 10 targets
07-04 05:21:54.007   158   329 I PerformBackupTask: Initializing (wiping) backup state and transport storage
07-04 05:21:54.183   158   329 V LocalTransport: wiping all data
07-04 05:21:54.324   158   329 D PerformBackupTask: processOneBackup doBackup() on @pm@
07-04 05:21:54.328   158   329 V BackupServiceBinder: doBackup() invoked
07-04 05:21:54.328   158   329 I PMBA    : Previous metadata null mismatch vs eng.ans25.20120628.181608 - rewriting
07-04 05:21:54.336   158   329 V LocalTransport: performBackup() pkg=@pm@
07-04 05:21:54.339   158   329 V LocalTransport: Got change set key=@meta@ size=31 key64=QG1ldGFA
07-04 05:21:54.339   158   329 V LocalTransport:   data size 31
07-04 05:21:54.343   158   329 V LocalTransport: Got change set key=android size=1208 key64=YW5kcm9pZA==
07-04 05:21:54.343   158   329 V LocalTransport:   data size 1208
07-04 05:21:54.347   158   329 V LocalTransport: Got change set key=com.android.browser size=1208 key64=Y29tLmFuZHJvaWQuYnJvd3Nlcg==
07-04 05:21:54.347   158   329 V LocalTransport:   data size 1208
07-04 05:21:54.351   158   329 V LocalTransport: Got change set key=com.android.calendar size=1208 key64=Y29tLmFuZHJvaWQuY2FsZW5kYXI=
07-04 05:21:54.351   158   329 V LocalTransport:   data size 1208
07-04 05:21:54.355   158   329 V LocalTransport: Got change set key=com.android.inputmethod.latin size=1208 key64=Y29tLmFuZHJvaWQuaW5wdXRtZXRob2QubGF0aW4=
07-04 05:21:54.355   158   329 V LocalTransport:   data size 1208
07-04 05:21:54.355   158   329 V LocalTransport: Got change set key=com.android.nfc size=1208 key64=Y29tLmFuZHJvaWQubmZj
07-04 05:21:54.359   158   329 V LocalTransport:   data size 1208
07-04 05:21:54.359   158   329 V LocalTransport: Got change set key=com.android.providers.settings size=1208 key64=Y29tLmFuZHJvaWQucHJvdmlkZXJzLnNldHRpbmdz
07-04 05:21:54.359   158   329 V LocalTransport:   data size 1208
07-04 05:21:54.363   158   329 V LocalTransport: Got change set key=com.android.providers.userdictionary size=1208 key64=Y29tLmFuZHJvaWQucHJvdmlkZXJzLnVzZXJkaWN0aW9uYXJ5
07-04 05:21:54.363   158   329 V LocalTransport:   data size 1208
07-04 05:21:54.367   158   329 V LocalTransport: Got change set key=com.android.sharedstoragebackup size=1208 key64=Y29tLmFuZHJvaWQuc2hhcmVkc3RvcmFnZWJhY2t1cA==
07-04 05:21:54.367   158   329 V LocalTransport:   data size 1208
07-04 05:21:54.371   158   329 V LocalTransport: Got change set key=com.android.vending size=1208 key64=Y29tLmFuZHJvaWQudmVuZGluZw==
07-04 05:21:54.371   158   329 V LocalTransport:   data size 1208
07-04 05:21:54.375   158   329 V LocalTransport: Got change set key=com.google.android.gm size=1107 key64=Y29tLmdvb2dsZS5hbmRyb2lkLmdt
07-04 05:21:54.375   158   329 V LocalTransport:   data size 1107
07-04 05:21:54.375   158   329 V LocalTransport: finishBackup()
07-04 05:21:54.378   158   329 D PerformBackupTask: starting agent for backup of BackupRequest{pkg=com.android.calendar}
07-04 05:21:54.382 12344 12344 V ActivityThread: handleCreateBackupAgent: CreateBackupAgentData{appInfo=ApplicationInfo{4138d820 com.android.calendar} backupAgent=com.android.calendar.CalendarBackupAgent mode=0}
07-04 05:21:54.382   158   329 D BackupManagerService: awaiting agent for ApplicationInfo{416e3d90 com.android.calendar}
07-04 05:21:54.382 12344 12344 V ActivityThread: Initializing agent class com.android.calendar.CalendarBackupAgent
07-04 05:21:54.386   158   158 D BackupManagerService: agentConnected pkg=com.android.calendar agent=android.os.BinderProxy@41abc288
07-04 05:21:54.386   158   329 D PerformBackupTask: processOneBackup doBackup() on com.android.calendar
07-04 05:21:54.394 12344 12356 V BackupServiceBinder: doBackup() invoked
07-04 05:21:54.394 12344 12356 D BackupHelperDispatcher: handling new helper 'shared_pref'
07-04 05:21:54.402   158   329 V LocalTransport: performBackup() pkg=com.android.calendar
07-04 05:21:54.402   158   329 V LocalTransport: Got change set key=shared_pref:com.android.calendar_preferences size=527 key64=c2hhcmVkX3ByZWY6Y29tLmFuZHJvaWQuY2FsZW5kYXJfcHJlZmVyZW5jZXM=
07-04 05:21:54.402 12344 12344 V ActivityThread: handleDestroyBackupAgent: CreateBackupAgentData{appInfo=ApplicationInfo{41390688 com.android.calendar} backupAgent=com.android.calendar.CalendarBackupAgent mode=0}
07-04 05:21:54.406   158   329 V LocalTransport:   data size 527
07-04 05:21:54.406   158   329 V LocalTransport: finishBackup()
07-04 05:21:54.418   158   329 D PerformBackupTask: starting agent for backup of BackupRequest{pkg=com.android.browser}
07-04 05:21:54.429   158   329 I ActivityManager: Start proc com.android.browser for backup com.android.browser/.BrowserBackupAgent: pid=12568 uid=10003 gids={3003, 1015}
07-04 05:21:54.429   158   329 D BackupManagerService: awaiting agent for ApplicationInfo{414baf78 com.android.browser}
07-04 05:21:54.519 12568 12568 I ActivityThread: Pub com.android.browser;browser: com.android.browser.provider.BrowserProvider2
07-04 05:21:54.531 12568 12568 I ActivityThread: Pub com.android.browser.home: com.android.browser.homepages.HomeProvider
07-04 05:21:54.531 12568 12568 I ActivityThread: Pub com.android.browser.snapshots: com.android.browser.provider.SnapshotProvider
07-04 05:21:54.636 12568 12568 V ActivityThread: handleCreateBackupAgent: CreateBackupAgentData{appInfo=ApplicationInfo{41336118 com.android.browser} backupAgent=com.android.browser.BrowserBackupAgent mode=0}
07-04 05:21:54.636 12568 12568 V ActivityThread: Initializing agent class com.android.browser.BrowserBackupAgent
07-04 05:21:54.636   158   576 D BackupManagerService: agentConnected pkg=com.android.browser agent=android.os.BinderProxy@41583ee8
07-04 05:21:54.636   158   329 D PerformBackupTask: processOneBackup doBackup() on com.android.browser
07-04 05:21:54.648 12568 12579 V BackupServiceBinder: doBackup() invoked
07-04 05:21:54.648 12568 12568 V ActivityThread: handleDestroyBackupAgent: CreateBackupAgentData{appInfo=ApplicationInfo{4136e5b8 com.android.browser} backupAgent=com.android.browser.BrowserBackupAgent mode=0}
07-04 05:21:54.648   158   329 I PerformBackupTask: no backup data written; not calling transport
07-04 05:21:54.714   158   329 D PerformBackupTask: starting agent for backup of BackupRequest{pkg=com.android.vending}
07-04 05:21:54.746   158   329 I ActivityManager: Start proc com.android.vending for backup com.android.vending/.VendingBackupAgent: pid=12588 uid=10045 gids={3003, 1015}
07-04 05:21:54.746   158   329 D BackupManagerService: awaiting agent for ApplicationInfo{415ace00 com.android.vending}
07-04 05:21:54.945 12588 12588 I ActivityThread: Pub com.google.android.finsky.QSBSuggestionsProvider: com.google.android.finsky.providers.QSBSuggestionsProvider
07-04 05:21:54.968 12588 12588 I ActivityThread: Pub com.google.android.finsky.AppIconProvider: com.google.android.finsky.providers.AppIconProvider
07-04 05:21:54.972 12588 12588 I ActivityThread: Pub com.google.android.finsky.RecentSuggestionsProvider: com.google.android.finsky.providers.RecentSuggestionsProvider
07-04 05:21:55.214 12588 12590 D dalvikvm: GC_CONCURRENT freed 250K, 4% free 9286K/9607K, paused 3ms+7ms
07-04 05:21:55.425 12588 12588 D Finsky  : [1] DailyHygiene.goMakeHygieneIfDirty: No need to run daily hygiene.
07-04 05:21:55.484 12588 12590 D dalvikvm: GC_CONCURRENT freed 373K, 6% free 9430K/9927K, paused 2ms+11ms
07-04 05:21:55.554 12588 12588 V ActivityThread: handleCreateBackupAgent: CreateBackupAgentData{appInfo=ApplicationInfo{41336bf8 com.android.vending} backupAgent=com.android.vending.VendingBackupAgent mode=0}
07-04 05:21:55.554 12588 12588 V ActivityThread: Initializing agent class com.android.vending.VendingBackupAgent
07-04 05:21:55.554   158   509 D BackupManagerService: agentConnected pkg=com.android.vending agent=android.os.BinderProxy@413dea08
07-04 05:21:55.562 12588 12588 D Finsky  : [1] 2.run: Loaded library for account: [nMsz4jzFJ0ZQWRnRG8-9sBpeQIs]
07-04 05:21:55.562 12588 12588 D Finsky  : [1] 2.run: Finished loading 1 libraries.
07-04 05:21:55.562   158   329 D PerformBackupTask: processOneBackup doBackup() on com.android.vending
07-04 05:21:55.617 12588 12600 V BackupServiceBinder: doBackup() invoked
07-04 05:21:55.617 12588 12600 D Finsky  : [881] VendingBackupAgent.onBackup: Backing up aid: [jhbtGzZskPpRXztH0sswi9kLCJE]
07-04 05:21:55.636   158   329 I ActivityManager: No longer want com.whatsapp (pid 11851): hidden #16
07-04 05:21:55.644 10925 10938 I PhoneLab-: Service Running
07-04 05:21:55.656 12588 12590 D dalvikvm: GC_CONCURRENT freed 471K, 6% free 9478K/10055K, paused 2ms+3ms
07-04 05:21:55.675   158   601 W ActivityManager: Scheduling restart of crashed service com.whatsapp/.messaging.MessageService in 5000ms
07-04 05:21:55.691   158   329 V LocalTransport: performBackup() pkg=com.android.vending
07-04 05:21:55.695   158   329 V LocalTransport: Got change set key=vending size=8 key64=dmVuZGluZw==
07-04 05:21:55.711 12588 12588 V ActivityThread: handleDestroyBackupAgent: CreateBackupAgentData{appInfo=ApplicationInfo{41401b48 com.android.vending} backupAgent=com.android.vending.VendingBackupAgent mode=0}
07-04 05:21:55.718   158   329 V LocalTransport:   data size 8
07-04 05:21:55.726   158   329 V LocalTransport: finishBackup()
07-04 05:21:55.734 12588 12588 D Finsky  : [1] 1.onPostExecute: Attempt recovery of content://downloads/my_downloads/17 200
07-04 05:21:55.734 12588 12588 D Finsky  : [1] 1.onPostExecute: Releasing content://downloads/my_downloads/17 200
07-04 05:21:55.742   158   329 D PerformBackupTask: starting agent for backup of BackupRequest{pkg=android}
07-04 05:21:55.742   158   174 V ActivityThread: handleCreateBackupAgent: CreateBackupAgentData{appInfo=ApplicationInfo{4135bda8 android} backupAgent=com.android.server.SystemBackupAgent mode=0}
07-04 05:21:55.742   158   174 V ActivityThread: Initializing agent class com.android.server.SystemBackupAgent
07-04 05:21:55.746   158   329 D BackupManagerService: awaiting agent for ApplicationInfo{4135bda8 android}
07-04 05:21:55.746   158   174 D BackupManagerService: agentConnected pkg=android agent=android.app.backup.BackupAgent$BackupServiceBinder@41432d50
07-04 05:21:55.746   158   329 V BackupServiceBinder: doBackup() invoked
07-04 05:21:55.746   158   329 D PerformBackupTask: processOneBackup doBackup() on android
07-04 05:21:55.753   158   329 D BackupHelperDispatcher: handling new helper 'wallpaper'
07-04 05:21:55.832 10925 10938 I PhoneLab-LoggerService: app_36    1325  1     1828   1384  c00f181c 400107b4 S logcat
07-04 05:21:55.832 10925 10938 I PhoneLab-LoggerService: Logcat pid from database 1325
07-04 05:21:55.832 10925 10938 I PhoneLab-LoggerService: Logcat process found 1325
07-04 05:21:55.832 10925 10938 I PhoneLab-LoggerService: Checking Threshold
07-04 05:21:55.832 10925 10938 I PhoneLab-: Service Running
07-04 05:21:55.867 10925 10938 I PhoneLab-LoggerService: app_36    1325  1     1828   1384  c00f181c 400107b4 S logcat
07-04 05:21:55.867 10925 10938 I PhoneLab-LoggerService: Logcat pid from database 1325
07-04 05:21:55.867 10925 10938 I PhoneLab-LoggerService: Logcat process found 1325
07-04 05:21:55.867 10925 10938 I PhoneLab-LoggerService: Checking Threshold
07-04 05:21:55.867 10925 10938 I PhoneLab-: Service Running
07-04 05:21:55.867   158   174 V ActivityThread: handleDestroyBackupAgent: CreateBackupAgentData{appInfo=ApplicationInfo{4135bda8 android} backupAgent=com.android.server.SystemBackupAgent mode=0}
07-04 05:21:55.882   158   329 V LocalTransport: performBackup() pkg=android
07-04 05:21:55.882   158   329 V LocalTransport: Got change set key=wallpaper:/data/data/com.android.settings/files/wallpaper size=105909 key64=d2FsbHBhcGVyOi9kYXRhL2RhdGEvY29tLmFuZHJvaWQuc2V0dGluZ3MvZmlsZXMvd2FsbHBhcGVy
07-04 05:21:55.898   158   329 V LocalTransport:   data size 105909
07-04 05:21:55.898 10925 10938 I PhoneLab-LoggerService: app_36    1325  1     1828   1384  c00f181c 400107b4 S logcat
07-04 05:21:55.898 10925 10938 I PhoneLab-LoggerService: Logcat pid from database 1325
07-04 05:21:55.898 10925 10938 I PhoneLab-LoggerService: Logcat process found 1325
07-04 05:21:55.898 10925 10938 I PhoneLab-LoggerService: Checking Threshold
07-04 05:21:55.898 10925 10938 I PhoneLab-: Service Running
07-04 05:21:55.929 10925 10938 I PhoneLab-LoggerService: app_36    1325  1     1828   1384  c00f181c 400107b4 S logcat
07-04 05:21:55.929 10925 10938 I PhoneLab-LoggerService: Logcat pid from database 1325
07-04 05:21:55.933 10925 10938 I PhoneLab-LoggerService: Logcat process found 1325
07-04 05:21:55.933 10925 10938 I PhoneLab-LoggerService: Checking Threshold
07-04 05:21:55.933 10925 10938 I PhoneLab-: Service Running
07-04 05:21:55.972 10925 10927 D dalvikvm: GC_CONCURRENT freed 406K, 15% free 9148K/10695K, paused 2ms+2ms
07-04 05:21:55.976 10925 10938 I PhoneLab-LoggerService: app_36    1325  1     1828   1384  c00f181c 400107b4 S logcat
07-04 05:21:55.976 10925 10938 I PhoneLab-LoggerService: Logcat pid from database 1325
07-04 05:21:55.976 10925 10938 I PhoneLab-LoggerService: Logcat process found 1325
07-04 05:21:55.976 10925 10938 I PhoneLab-LoggerService: Checking Threshold
07-04 05:21:55.980 10925 10938 I PhoneLab-: Service Running
07-04 05:21:56.015 10925 10938 I PhoneLab-LoggerService: app_36    1325  1     1828   1384  c00f181c 400107b4 S logcat
07-04 05:21:56.015 10925 10938 I PhoneLab-LoggerService: Logcat pid from database 1325
07-04 05:21:56.015 10925 10938 I PhoneLab-LoggerService: Logcat process found 1325
07-04 05:21:56.015 10925 10938 I PhoneLab-LoggerService: Checking Threshold
07-04 05:21:56.015 10925 10938 I PhoneLab-: Service Running
07-04 05:21:56.046 10925 10938 I PhoneLab-LoggerService: app_36    1325  1     1828   1384  c00f181c 400107b4 S logcat
07-04 05:21:56.046 10925 10938 I PhoneLab-LoggerService: Logcat pid from database 1325
07-04 05:21:56.046 10925 10938 I PhoneLab-LoggerService: Logcat process found 1325
07-04 05:21:56.046 10925 10938 I PhoneLab-LoggerService: Checking Threshold
07-04 05:21:56.046 10925 10938 I PhoneLab-: Service Running
07-04 05:21:56.078 10925 10938 I PhoneLab-LoggerService: app_36    1325  1     1828   1384  c00f181c 400107b4 S logcat
07-04 05:21:56.078 10925 10938 I PhoneLab-LoggerService: Logcat pid from database 1325
07-04 05:21:56.078 10925 10938 I PhoneLab-LoggerService: Logcat process found 1325
07-04 05:21:56.078 10925 10938 I PhoneLab-LoggerService: Checking Threshold
07-04 05:21:56.078 10925 10938 I PhoneLab-: Service Running
07-04 05:21:56.109 10925 10938 I PhoneLab-LoggerService: app_36    1325  1     1828   1384  c00f181c 400107b4 S logcat
07-04 05:21:56.109 10925 10938 I PhoneLab-LoggerService: Logcat pid from database 1325
07-04 05:21:56.109 10925 10938 I PhoneLab-LoggerService: Logcat process found 1325
07-04 05:21:56.109 10925 10938 I PhoneLab-LoggerService: Checking Threshold
07-04 05:21:56.109 10925 10938 I PhoneLab-: Service Running
07-04 05:21:56.136 10925 10938 I PhoneLab-LoggerService: app_36    1325  1     1828   1384  c00f181c 400107b4 S logcat
07-04 05:21:56.136 10925 10938 I PhoneLab-LoggerService: Logcat pid from database 1325
07-04 05:21:56.136 10925 10938 I PhoneLab-LoggerService: Logcat process found 1325
07-04 05:21:56.136 10925 10938 I PhoneLab-LoggerService: Checking Threshold
07-04 05:21:56.136 10925 10938 I PhoneLab-: Service Running
07-04 05:21:56.144   158   329 V LocalTransport: Got change set key=wallpaper:/data/system/wallpaper_info.xml size=113 key64=d2FsbHBhcGVyOi9kYXRhL3N5c3RlbS93YWxscGFwZXJfaW5mby54bWw=
07-04 05:21:56.160   158   329 V LocalTransport:   data size 113
07-04 05:21:56.168 10925 10938 I PhoneLab-LoggerService: app_36    1325  1     1828   1384  c00f181c 400107b4 S logcat
07-04 05:21:56.168 10925 10938 I PhoneLab-LoggerService: Logcat pid from database 1325
07-04 05:21:56.168 10925 10938 I PhoneLab-LoggerService: Logcat process found 1325
07-04 05:21:56.168 10925 10938 I PhoneLab-LoggerService: Checking Threshold
07-04 05:21:56.168 10925 10938 I PhoneLab-: Service Running
07-04 05:21:56.187   158   329 V LocalTransport: finishBackup()
07-04 05:21:56.199 10925 10938 I PhoneLab-LoggerService: app_36    1325  1     1828   1384  c00f181c 400107b4 S logcat
07-04 05:21:56.199 10925 10938 I PhoneLab-LoggerService: Logcat pid from database 1325
07-04 05:21:56.199 10925 10938 I PhoneLab-LoggerService: Logcat process found 1325
07-04 05:21:56.199 10925 10938 I PhoneLab-LoggerService: Checking Threshold
07-04 05:21:56.199 10925 10938 I PhoneLab-: Service Running
07-04 05:21:56.234 10925 10927 D dalvikvm: GC_CONCURRENT freed 408K, 15% free 9124K/10695K, paused 1ms+4ms
07-04 05:21:56.253 10925 10938 I PhoneLab-LoggerService: app_36    1325  1     1828   1384  c00f181c 400107b4 S logcat
07-04 05:21:56.253 10925 10938 I PhoneLab-LoggerService: Logcat pid from database 1325
07-04 05:21:56.253 10925 10938 I PhoneLab-LoggerService: Logcat process found 1325
07-04 05:21:56.253 10925 10938 I PhoneLab-LoggerService: Checking Threshold
07-04 05:21:56.253 10925 10938 I PhoneLab-: Service Running
07-04 05:21:56.269   158   329 D PerformBackupTask: starting agent for backup of BackupRequest{pkg=com.android.nfc}
07-04 05:21:56.285   491   491 V ActivityThread: handleCreateBackupAgent: CreateBackupAgentData{appInfo=ApplicationInfo{413558b0 com.android.nfc} backupAgent=com.android.nfc.NfcBackupAgent mode=0}
07-04 05:21:56.285   491   491 V ActivityThread: Initializing agent class com.android.nfc.NfcBackupAgent
07-04 05:21:56.285 10925 10938 I PhoneLab-LoggerService: app_36    1325  1     1828   1384  c00f181c 400107b4 S logcat
07-04 05:21:56.285 10925 10938 I PhoneLab-LoggerService: Logcat pid from database 1325
07-04 05:21:56.285 10925 10938 I PhoneLab-LoggerService: Logcat process found 1325
07-04 05:21:56.285 10925 10938 I PhoneLab-LoggerService: Checking Threshold
07-04 05:21:56.285 10925 10938 I PhoneLab-: Service Running
07-04 05:21:56.285   158   329 D BackupManagerService: awaiting agent for ApplicationInfo{416a8470 com.android.nfc}
07-04 05:21:56.293   158  5941 D BackupManagerService: agentConnected pkg=com.android.nfc agent=android.os.BinderProxy@41aedf88
07-04 05:21:56.293   158   329 D PerformBackupTask: processOneBackup doBackup() on com.android.nfc
07-04 05:21:56.308   491   510 V BackupServiceBinder: doBackup() invoked
07-04 05:21:56.308   491   510 D BackupHelperDispatcher: handling new helper 'shared_prefs'
07-04 05:21:56.316   158   329 V LocalTransport: performBackup() pkg=com.android.nfc
07-04 05:21:56.316   491   491 V ActivityThread: handleDestroyBackupAgent: CreateBackupAgentData{appInfo=ApplicationInfo{41390c18 com.android.nfc} backupAgent=com.android.nfc.NfcBackupAgent mode=0}
07-04 05:21:56.328 10925 10938 I PhoneLab-LoggerService: app_36    1325  1     1828   1384  c00f181c 400107b4 S logcat
07-04 05:21:56.328 10925 10938 I PhoneLab-LoggerService: Logcat pid from database 1325
07-04 05:21:56.328 10925 10938 I PhoneLab-LoggerService: Logcat process found 1325
07-04 05:21:56.328 10925 10938 I PhoneLab-LoggerService: Checking Threshold
07-04 05:21:56.328 10925 10938 I PhoneLab-: Service Running
07-04 05:21:56.339   158   329 V LocalTransport: Got change set key=shared_prefs:NfcServicePrefs size=130 key64=c2hhcmVkX3ByZWZzOk5mY1NlcnZpY2VQcmVmcw==
07-04 05:21:56.339   158   329 V LocalTransport:   data size 130
07-04 05:21:56.355 10925 10938 I PhoneLab-LoggerService: app_36    1325  1     1828   1384  c00f181c 400107b4 S logcat
07-04 05:21:56.359 10925 10938 I PhoneLab-LoggerService: Logcat pid from database 1325
07-04 05:21:56.359 10925 10938 I PhoneLab-LoggerService: Logcat process found 1325
07-04 05:21:56.359 10925 10938 I PhoneLab-LoggerService: Checking Threshold
07-04 05:21:56.359 10925 10938 I PhoneLab-: Service Running
07-04 05:21:56.371   158   329 V LocalTransport: finishBackup()
07-04 05:21:56.390 10925 10938 I PhoneLab-LoggerService: app_36    1325  1     1828   1384  c00f181c 400107b4 S logcat
07-04 05:21:56.390 10925 10938 I PhoneLab-LoggerService: Logcat pid from database 1325
07-04 05:21:56.390 10925 10938 I PhoneLab-LoggerService: Logcat process found 1325
07-04 05:21:56.390 10925 10938 I PhoneLab-LoggerService: Checking Threshold
07-04 05:21:56.390 10925 10938 I PhoneLab-: Service Running
07-04 05:21:56.418 10925 10938 I PhoneLab-LoggerService: app_36    1325  1     1828   1384  c00f181c 400107b4 S logcat
07-04 05:21:56.418 10925 10938 I PhoneLab-LoggerService: Logcat pid from database 1325
07-04 05:21:56.418 10925 10938 I PhoneLab-LoggerService: Logcat process found 1325
07-04 05:21:56.418 10925 10938 I PhoneLab-LoggerService: Checking Threshold
07-04 05:21:56.418 10925 10938 I PhoneLab-: Service Running
07-04 05:21:56.445 10925 10938 I PhoneLab-LoggerService: app_36    1325  1     1828   1384  c00f181c 400107b4 S logcat
07-04 05:21:56.445 10925 10938 I PhoneLab-LoggerService: Logcat pid from database 1325
07-04 05:21:56.445 10925 10938 I PhoneLab-LoggerService: Logcat process found 1325
07-04 05:21:56.445 10925 10938 I PhoneLab-LoggerService: Checking Threshold
07-04 05:21:56.445 10925 10938 I PhoneLab-: Service Running
07-04 05:21:56.488 10925 10938 I PhoneLab-LoggerService: app_36    1325  1     1828   1384  c00f181c 400107b4 S logcat
07-04 05:21:56.488 10925 10938 I PhoneLab-LoggerService: Logcat pid from database 1325
07-04 05:21:56.488 10925 10938 I PhoneLab-LoggerService: Logcat process found 1325
07-04 05:21:56.488 10925 10938 I PhoneLab-LoggerService: Checking Threshold
07-04 05:21:56.492 10925 10927 D dalvikvm: GC_CONCURRENT freed 371K, 15% free 9161K/10695K, paused 2ms+5ms
07-04 05:21:57.101   158   329 D PerformBackupTask: starting agent for backup of BackupRequest{pkg=com.android.providers.userdictionary}
07-04 05:21:57.121 11877 11877 V ActivityThread: handleCreateBackupAgent: CreateBackupAgentData{appInfo=ApplicationInfo{41392cb0 com.android.providers.userdictionary} backupAgent=com.android.providers.userdictionary.DictionaryBackupAgent mode=0}
07-04 05:21:57.125 11877 11877 V ActivityThread: Initializing agent class com.android.providers.userdictionary.DictionaryBackupAgent
07-04 05:21:57.128   158   329 D BackupManagerService: awaiting agent for ApplicationInfo{41393280 com.android.providers.userdictionary}
07-04 05:21:57.144   158   158 D BackupManagerService: agentConnected pkg=com.android.providers.userdictionary agent=android.os.BinderProxy@41aefc00
07-04 05:21:57.144   158   329 D PerformBackupTask: processOneBackup doBackup() on com.android.providers.userdictionary
07-04 05:21:57.152 11877 11890 V BackupServiceBinder: doBackup() invoked
07-04 05:21:57.168 11877 11877 V ActivityThread: handleDestroyBackupAgent: CreateBackupAgentData{appInfo=ApplicationInfo{413ee0a8 com.android.providers.userdictionary} backupAgent=com.android.providers.userdictionary.DictionaryBackupAgent mode=0}
07-04 05:21:57.171   158   329 V LocalTransport: performBackup() pkg=com.android.providers.userdictionary
07-04 05:21:57.171   158   329 V LocalTransport: Got change set key=userdictionary size=308 key64=dXNlcmRpY3Rpb25hcnk=
07-04 05:21:57.171   158   329 V LocalTransport:   data size 308
07-04 05:21:57.175   158   329 V LocalTransport: finishBackup()
07-04 05:21:57.191   158   329 D PerformBackupTask: starting agent for backup of BackupRequest{pkg=com.android.inputmethod.latin}
07-04 05:21:57.195   457   457 V ActivityThread: handleCreateBackupAgent: CreateBackupAgentData{appInfo=ApplicationInfo{414c9f48 com.android.inputmethod.latin} backupAgent=com.android.inputmethod.latin.BackupAgent mode=0}
07-04 05:21:57.195   457   457 V ActivityThread: Initializing agent class com.android.inputmethod.latin.BackupAgent
07-04 05:21:57.195   158   329 D BackupManagerService: awaiting agent for ApplicationInfo{413e56f0 com.android.inputmethod.latin}
07-04 05:21:57.207   158   477 D BackupManagerService: agentConnected pkg=com.android.inputmethod.latin agent=android.os.BinderProxy@4193b888
07-04 05:21:57.207   158   329 D PerformBackupTask: processOneBackup doBackup() on com.android.inputmethod.latin
07-04 05:21:57.211   457   478 V BackupServiceBinder: doBackup() invoked
07-04 05:21:57.211   457   478 D BackupHelperDispatcher: handling new helper 'shared_pref'
07-04 05:21:57.246   158   329 I PerformBackupTask: no backup data written; not calling transport
07-04 05:21:57.246   457   457 V ActivityThread: handleDestroyBackupAgent: CreateBackupAgentData{appInfo=ApplicationInfo{414ba550 com.android.inputmethod.latin} backupAgent=com.android.inputmethod.latin.BackupAgent mode=0}
07-04 05:21:57.253   457   460 D dalvikvm: GC_CONCURRENT freed 709K, 18% free 11407K/13831K, paused 2ms+4ms
07-04 05:21:57.269   158   329 D PerformBackupTask: starting agent for backup of BackupRequest{pkg=com.google.android.gm}
07-04 05:21:57.281   158   329 I ActivityManager: Start proc com.google.android.gm for backup com.google.android.gm/.persistence.GmailBackupAgent: pid=12641 uid=10059 gids={3003, 1015}
07-04 05:21:57.293   158   329 D BackupManagerService: awaiting agent for ApplicationInfo{415674d0 com.google.android.gm}
07-04 05:21:57.453 12641 12641 I ActivityThread: Pub gmail-ls: com.google.android.gm.provider.MailProvider
07-04 05:21:57.488 12641 12641 I ActivityThread: Pub com.google.android.gmail.SuggestionProvider: com.google.android.gm.SuggestionsProvider
07-04 05:21:57.496 12641 12641 I ActivityThread: Pub com.google.android.gm: com.google.android.gm.provider.PublicContentProvider
07-04 05:21:57.586 12641 12641 V ActivityThread: handleCreateBackupAgent: CreateBackupAgentData{appInfo=ApplicationInfo{413377c8 com.google.android.gm} backupAgent=com.google.android.gm.persistence.GmailBackupAgent mode=0}
07-04 05:21:57.586 12641 12641 V ActivityThread: Initializing agent class com.google.android.gm.persistence.GmailBackupAgent
07-04 05:21:57.593   158   576 D BackupManagerService: agentConnected pkg=com.google.android.gm agent=android.os.BinderProxy@41c61c10
07-04 05:21:57.601   158   329 D PerformBackupTask: processOneBackup doBackup() on com.google.android.gm
07-04 05:21:57.648 12641 12653 V BackupServiceBinder: doBackup() invoked
07-04 05:21:57.664 12641 12653 W GmailBackupAgent: Failed to read old backup state
07-04 05:21:57.722   158   161 D dalvikvm: GC_CONCURRENT freed 1806K, 23% free 16167K/20871K, paused 6ms+7ms
07-04 05:21:57.730   158   329 V LocalTransport: performBackup() pkg=com.google.android.gm
07-04 05:21:57.730   158   329 V LocalTransport: Got change set key=backup_data_v2 size=44 key64=YmFja3VwX2RhdGFfdjI=
07-04 05:21:57.730   158   329 V LocalTransport:   data size 44
07-04 05:21:57.750   158   329 V LocalTransport: finishBackup()
07-04 05:21:57.753 12641 12641 V ActivityThread: handleDestroyBackupAgent: CreateBackupAgentData{appInfo=ApplicationInfo{4139d470 com.google.android.gm} backupAgent=com.google.android.gm.persistence.GmailBackupAgent mode=0}
07-04 05:21:57.757   158   575 I ActivityManager: No longer want com.google.android.apps.maps:FriendService (pid 12273): hidden #16
07-04 05:21:57.765 12641 12643 D dalvikvm: GC_CONCURRENT freed 218K, 4% free 9278K/9607K, paused 2ms+2ms
07-04 05:21:57.800   158   329 D PerformBackupTask: starting agent for backup of BackupRequest{pkg=com.android.sharedstoragebackup}
07-04 05:21:57.812   158   329 I ActivityManager: Start proc com.android.sharedstoragebackup for backup com.android.sharedstoragebackup/.SharedStorageAgent: pid=12661 uid=10041 gids={1015, 1023}
07-04 05:21:57.812   158   329 D BackupManagerService: awaiting agent for ApplicationInfo{4170dee0 com.android.sharedstoragebackup}
07-04 05:21:57.839 12661 12661 V ActivityThread: handleCreateBackupAgent: CreateBackupAgentData{appInfo=ApplicationInfo{413373f0 com.android.sharedstoragebackup} backupAgent=com.android.sharedstoragebackup.SharedStorageAgent mode=0}
07-04 05:21:57.839 12661 12661 V ActivityThread: Initializing agent class com.android.sharedstoragebackup.SharedStorageAgent
07-04 05:21:57.847   158  7192 D BackupManagerService: agentConnected pkg=com.android.sharedstoragebackup agent=android.os.BinderProxy@418dd770
07-04 05:21:57.847 12661 12672 V BackupServiceBinder: doBackup() invoked
07-04 05:21:57.847   158   329 D PerformBackupTask: processOneBackup doBackup() on com.android.sharedstoragebackup
07-04 05:21:57.847   158   329 I ActivityManager: No longer want com.android.settings (pid 12189): hidden #16
07-04 05:21:57.859 12661 12661 V ActivityThread: handleDestroyBackupAgent: CreateBackupAgentData{appInfo=ApplicationInfo{4133ef58 com.android.sharedstoragebackup} backupAgent=com.android.sharedstoragebackup.SharedStorageAgent mode=0}
07-04 05:21:57.867   158   329 I PerformBackupTask: no backup data written; not calling transport
07-04 05:21:57.882   158   329 D PerformBackupTask: starting agent for backup of BackupRequest{pkg=com.android.providers.settings}
07-04 05:21:57.898   158   174 V ActivityThread: handleCreateBackupAgent: CreateBackupAgentData{appInfo=ApplicationInfo{414b9f20 com.android.providers.settings} backupAgent=com.android.providers.settings.SettingsBackupAgent mode=0}
07-04 05:21:57.898   158   174 V ActivityThread: Initializing agent class com.android.providers.settings.SettingsBackupAgent
07-04 05:21:57.898   158   329 D BackupManagerService: awaiting agent for ApplicationInfo{414b9f20 com.android.providers.settings}
07-04 05:21:57.902   158   174 D SettingsBackupAgent: onCreate() invoked
07-04 05:21:57.906   158   329 V BackupServiceBinder: doBackup() invoked
07-04 05:21:57.906   158   174 D BackupManagerService: agentConnected pkg=com.android.providers.settings agent=android.app.backup.BackupAgent$BackupServiceBinder@41673ac0
07-04 05:21:57.906   158   329 D PerformBackupTask: processOneBackup doBackup() on com.android.providers.settings
07-04 05:21:57.941   158   329 V LocalTransport: performBackup() pkg=com.android.providers.settings
07-04 05:21:57.941   158   329 V LocalTransport: Got change set key=system size=983 key64=c3lzdGVt
07-04 05:21:57.941   158   174 V ActivityThread: handleDestroyBackupAgent: CreateBackupAgentData{appInfo=ApplicationInfo{414b9f20 com.android.providers.settings} backupAgent=com.android.providers.settings.SettingsBackupAgent mode=0}
07-04 05:21:57.945   158   329 V LocalTransport:   data size 983
07-04 05:21:57.949   158   329 V LocalTransport: Got change set key=secure size=332 key64=c2VjdXJl
07-04 05:21:57.949   158   329 V LocalTransport:   data size 332
07-04 05:21:57.949   158   329 V LocalTransport: Got change set key=locale size=5 key64=bG9jYWxl
07-04 05:21:57.953   158   329 V LocalTransport:   data size 5
07-04 05:21:57.953   158   329 V LocalTransport: Got change set key=WIFI size=200 key64=77+tV0lGSQ==
07-04 05:21:57.957   158   329 V LocalTransport:   data size 200
07-04 05:21:57.957   158   329 V LocalTransport: Got change set key=CONFIG_WIFI size=112 key64=77+tQ09ORklHX1dJRkk=
07-04 05:21:57.961   158   329 V LocalTransport:   data size 112
07-04 05:21:57.961   158   329 V LocalTransport: finishBackup()
07-04 05:21:57.984   158   329 I PerformBackupTask: Backup pass finished.
07-04 05:23:51.718   158   175 I ActivityManager: Start proc com.whatsapp for service com.whatsapp/.messaging.MessageService: pid=12674 uid=10053 gids={1015, 3003}
07-04 05:23:51.726 12674 12674 I dalvikvm: Turning on JNI app bug workarounds for target SDK version 7...
07-04 05:23:51.800   158   477 D dalvikvm: GC_EXPLICIT freed 592K, 23% free 16086K/20871K, paused 3ms+6ms
07-04 05:23:51.976 12674 12677 D dalvikvm: GC_CONCURRENT freed 171K, 3% free 9362K/9607K, paused 3ms+2ms
07-04 05:25:30.203 12674 12677 D dalvikvm: GC_CONCURRENT freed 299K, 5% free 9591K/9991K, paused 2ms+3ms
07-04 05:25:30.488 12674 12674 I dalvikvm: Could not find method android.media.MediaMetadataRetriever.captureFrame, referenced from method com.whatsapp.q3.a
07-04 05:25:30.488 12674 12674 W dalvikvm: VFY: unable to resolve virtual method 502: Landroid/media/MediaMetadataRetriever;.captureFrame ()Landroid/graphics/Bitmap;
07-04 05:25:30.488 12674 12674 D dalvikvm: VFY: replacing opcode 0x6e at 0x0134
07-04 05:25:30.539 12674 12677 D dalvikvm: GC_CONCURRENT freed 298K, 4% free 9730K/10119K, paused 2ms+3ms
07-04 05:25:30.703 12674 12677 D dalvikvm: GC_CONCURRENT freed 340K, 5% free 9955K/10375K, paused 2ms+3ms
07-04 05:25:33.422 12674 12677 D dalvikvm: GC_CONCURRENT freed 305K, 5% free 10140K/10567K, paused 2ms+5ms
07-04 05:29:10.039  7745  7745 I wpa_supplicant: wlan0: WPA: Group rekeying completed with 98:fc:11:c3:3f:e6 [GTK=TKIP]
07-04 05:29:35.011  7745  7745 I wpa_supplicant: wlan0: WPA: Group rekeying completed with 98:fc:11:c3:3f:e6 [GTK=TKIP]
07-04 05:29:38.011  7745  7745 I wpa_supplicant: wlan0: WPA: Group rekeying completed with 98:fc:11:c3:3f:e6 [GTK=TKIP]
07-04 05:34:19.797 10925 10925 I PhoneLab-Locks: wake lock acquired
07-04 05:34:19.840 10925 12706 I PhoneLab-PeriodicCheckService: User info is synched
07-04 05:34:19.847 10925 12706 I PhoneLab-PeriodicCheckService: Logger Service is running
07-04 05:34:19.851 10925 10925 I PhoneLab-Locks: wake lock acquired
07-04 05:34:19.855 10925 10925 I PhoneLab-StatusMonitor: Status Monitoring is started
07-04 05:34:19.859 10925 12706 I PhoneLab-Locks: wake lock acquired
07-04 05:34:19.863 10925 12706 I PhoneLab-PeriodicCheckService: Rescheduling periodic checking...
07-04 05:34:19.863 10925 10925 E PhoneLab-PhoneLabManifest: java.io.FileNotFoundException: /data/data/edu.buffalo.cse.phonelab.phonelabservices/files/manifest.xml: open failed: ENOENT (No such file or directory)
07-04 05:34:19.867 10925 12706 I PhoneLab-Locks: wake lock released
07-04 05:34:19.867 10925 10925 I PhoneLab-Locks: wake lock released
07-04 05:34:19.871 10925 10925 I PhoneLab-UploadLogs: Transfering log files now
07-04 05:34:19.871 10925 10925 I PhoneLab-UploadLogs: No log files to transfer
07-04 05:34:19.871 10925 10925 I PhoneLab-Locks: wake lock released
07-04 05:34:19.871 10925 10925 I PhoneLab-UploadLogs: OnStartCommand
07-04 05:40:31.011   158   175 I ActivityManager: No longer want com.google.android.apps.maps:LocationFriendService (pid 10708): hidden #16
07-04 05:40:31.090   158   481 W ActivityManager: Scheduling restart of crashed service com.google.android.apps.maps/com.google.googlenav.appwidget.friends.FriendsAppWidgetUpdateService in 5000ms
07-04 05:42:05.605   158   175 I ActivityManager: Start proc com.google.android.apps.maps:LocationFriendService for service com.google.android.apps.maps/com.google.googlenav.appwidget.friends.FriendsAppWidgetUpdateService: pid=12708 uid=10054 gids={3003, 1015}
07-04 05:42:05.773 12708 12710 D dalvikvm: GC_CONCURRENT freed 173K, 3% free 9363K/9607K, paused 2ms+3ms
07-04 05:42:06.086 12708 12710 D dalvikvm: GC_CONCURRENT freed 189K, 3% free 9665K/9927K, paused 2ms+4ms
07-04 05:42:07.976 11282 11283 D dalvikvm: GC_CONCURRENT freed 382K, 6% free 9296K/9799K, paused 18ms+2ms
07-04 05:42:08.339 11282 11296 V GoogleLoginService: Returning error intent with: ComponentInfo{com.google.android.gsf.login/com.google.android.gsf.login.LoginActivity}
07-04 05:42:08.711 11282 11296 V GoogleLoginService: Returning error intent with: ComponentInfo{com.google.android.gsf.login/com.google.android.gsf.login.LoginActivity}
07-04 05:42:08.996 11282 11294 V GoogleLoginService: Returning error intent with: ComponentInfo{com.google.android.gsf.login/com.google.android.gsf.login.LoginActivity}
07-04 05:45:31.101   158   161 D dalvikvm: JIT code cache reset in 4 ms (1048412 bytes 12/0)
07-04 05:45:31.117   158   161 D dalvikvm: GC_CONCURRENT freed 1596K, 23% free 16170K/20871K, paused 3ms+10ms
07-04 05:47:11.129   393   395 D dalvikvm: GC_CONCURRENT freed 381K, 65% free 10013K/28231K, paused 2ms+5ms
07-04 05:48:48.847  9622 10245 I EventLogService: Aggregate from 1341393528254 (log), 1341393528254 (data)
07-04 06:03:51.609 10925 10938 I PhoneLab-: Service Running
07-04 06:03:51.714 10925 10938 I PhoneLab-LoggerService: app_36    1325  1     1828   1384  c00f181c 400107b4 S logcat
07-04 06:03:51.714 10925 10938 I PhoneLab-LoggerService: Logcat pid from database 1325
07-04 06:03:51.714 10925 10938 I PhoneLab-LoggerService: Logcat process found 1325
07-04 06:03:51.714 10925 10938 I PhoneLab-LoggerService: Checking Threshold
07-04 06:03:51.714 10925 10938 I PhoneLab-: Service Running
07-04 06:03:51.742 10925 10938 I PhoneLab-LoggerService: app_36    1325  1     1828   1384  c00f181c 400107b4 S logcat
07-04 06:03:51.742 10925 10938 I PhoneLab-LoggerService: Logcat pid from database 1325
07-04 06:03:51.742 10925 10938 I PhoneLab-LoggerService: Logcat process found 1325
07-04 06:03:51.742 10925 10938 I PhoneLab-LoggerService: Checking Threshold
07-04 06:03:51.742 10925 10938 I PhoneLab-: Service Running
07-04 06:03:51.769 10925 10938 I PhoneLab-LoggerService: app_36    1325  1     1828   1384  c00f181c 400107b4 S logcat
07-04 06:03:51.769 10925 10938 I PhoneLab-LoggerService: Logcat pid from database 1325
07-04 06:03:51.769 10925 10938 I PhoneLab-LoggerService: Logcat process found 1325
07-04 06:03:51.769 10925 10938 I PhoneLab-LoggerService: Checking Threshold
07-04 06:03:51.769 10925 10938 I PhoneLab-: Service Running
07-04 06:03:51.796 10925 10938 I PhoneLab-LoggerService: app_36    1325  1     1828   1384  c00f181c 400107b4 S logcat
07-04 06:03:51.796 10925 10938 I PhoneLab-LoggerService: Logcat pid from database 1325
07-04 06:03:51.796 10925 10938 I PhoneLab-LoggerService: Logcat process found 1325
07-04 06:03:51.796 10925 10938 I PhoneLab-LoggerService: Checking Threshold
07-04 06:03:51.800 10925 10938 I PhoneLab-: Service Running
07-04 06:03:51.824 10925 10938 I PhoneLab-LoggerService: app_36    1325  1     1828   1384  c00f181c 400107b4 S logcat
07-04 06:03:51.824 10925 10938 I PhoneLab-LoggerService: Logcat pid from database 1325
07-04 06:03:51.828 10925 10938 I PhoneLab-LoggerService: Logcat process found 1325
07-04 06:03:51.828 10925 10938 I PhoneLab-LoggerService: Checking Threshold
07-04 06:03:51.828 10925 10938 I PhoneLab-: Service Running
07-04 06:03:51.855 10925 10938 I PhoneLab-LoggerService: app_36    1325  1     1828   1384  c00f181c 400107b4 S logcat
07-04 06:03:51.855 10925 10938 I PhoneLab-LoggerService: Logcat pid from database 1325
07-04 06:03:51.855 10925 10938 I PhoneLab-LoggerService: Logcat process found 1325
07-04 06:03:51.855 10925 10938 I PhoneLab-LoggerService: Checking Threshold
07-04 06:03:51.855 10925 10938 I PhoneLab-: Service Running
07-04 06:03:51.894 10925 10927 D dalvikvm: GC_CONCURRENT freed 417K, 15% free 9148K/10695K, paused 1ms+1ms
07-04 06:03:51.898 10925 10938 I PhoneLab-LoggerService: app_36    1325  1     1828   1384  c00f181c 400107b4 S logcat
07-04 06:03:51.898 10925 10938 I PhoneLab-LoggerService: Logcat pid from database 1325
07-04 06:03:51.898 10925 10938 I PhoneLab-LoggerService: Logcat process found 1325
07-04 06:03:51.898 10925 10938 I PhoneLab-LoggerService: Checking Threshold
07-04 06:03:51.902 10925 10938 I PhoneLab-: Service Running
07-04 06:03:51.933 10925 10938 I PhoneLab-LoggerService: app_36    1325  1     1828   1384  c00f181c 400107b4 S logcat
07-04 06:03:51.933 10925 10938 I PhoneLab-LoggerService: Logcat pid from database 1325
07-04 06:03:51.933 10925 10938 I PhoneLab-LoggerService: Logcat process found 1325
07-04 06:03:51.933 10925 10938 I PhoneLab-LoggerService: Checking Threshold
07-04 06:03:51.933 10925 10938 I PhoneLab-: Service Running
07-04 06:03:51.961 10925 10938 I PhoneLab-LoggerService: app_36    1325  1     1828   1384  c00f181c 400107b4 S logcat
07-04 06:03:51.961 10925 10938 I PhoneLab-LoggerService: Logcat pid from database 1325
07-04 06:03:51.961 10925 10938 I PhoneLab-LoggerService: Logcat process found 1325
07-04 06:03:51.961 10925 10938 I PhoneLab-LoggerService: Checking Threshold
07-04 06:03:51.961 10925 10938 I PhoneLab-: Service Running
07-04 06:03:51.988 10925 10938 I PhoneLab-LoggerService: app_36    1325  1     1828   1384  c00f181c 400107b4 S logcat
07-04 06:03:51.988 10925 10938 I PhoneLab-LoggerService: Logcat pid from database 1325
07-04 06:03:51.988 10925 10938 I PhoneLab-LoggerService: Logcat process found 1325
07-04 06:03:51.988 10925 10938 I PhoneLab-LoggerService: Checking Threshold
07-04 06:03:51.988 10925 10938 I PhoneLab-: Service Running
07-04 06:03:52.015 10925 10938 I PhoneLab-LoggerService: app_36    1325  1     1828   1384  c00f181c 400107b4 S logcat
07-04 06:03:52.015 10925 10938 I PhoneLab-LoggerService: Logcat pid from database 1325
07-04 06:03:52.015 10925 10938 I PhoneLab-LoggerService: Logcat process found 1325
07-04 06:03:52.019 10925 10938 I PhoneLab-LoggerService: Checking Threshold
07-04 06:03:52.019 10925 10938 I PhoneLab-: Service Running
07-04 06:04:19.257 10925 10938 I PhoneLab-LoggerService: app_36    1325  1     1828   1384  c00f181c 400107b4 S logcat
07-04 06:04:19.257 10925 10938 I PhoneLab-LoggerService: Logcat pid from database 1325
07-04 06:04:19.257 10925 10938 I PhoneLab-LoggerService: Logcat process found 1325
07-04 06:04:19.257 10925 10938 I PhoneLab-LoggerService: Checking Threshold
07-04 06:04:19.257 10925 10938 I PhoneLab-: Service Running
07-04 06:04:19.285 10925 10938 I PhoneLab-LoggerService: app_36    1325  1     1828   1384  c00f181c 400107b4 S logcat
07-04 06:04:19.285 10925 10938 I PhoneLab-LoggerService: Logcat pid from database 1325
07-04 06:04:19.285 10925 10938 I PhoneLab-LoggerService: Logcat process found 1325
07-04 06:04:19.285 10925 10938 I PhoneLab-LoggerService: Checking Threshold
07-04 06:04:19.285 10925 10938 I PhoneLab-: Service Running
07-04 06:04:19.312 10925 10938 I PhoneLab-LoggerService: app_36    1325  1     1828   1384  c00f181c 400107b4 S logcat
07-04 06:04:19.312 10925 10938 I PhoneLab-LoggerService: Logcat pid from database 1325
07-04 06:04:19.320 10925 10938 I PhoneLab-LoggerService: Logcat process found 1325
07-04 06:04:19.320 10925 10938 I PhoneLab-LoggerService: Checking Threshold
07-04 06:04:19.320 10925 10938 I PhoneLab-: Service Running
07-04 06:04:19.343 10925 10927 D dalvikvm: GC_CONCURRENT freed 409K, 15% free 9149K/10695K, paused 2ms+2ms
07-04 06:04:19.363 10925 10938 I PhoneLab-LoggerService: app_36    1325  1     1828   1384  c00f181c 400107b4 S logcat
07-04 06:04:19.363 10925 10938 I PhoneLab-LoggerService: Logcat pid from database 1325
07-04 06:04:19.363 10925 10938 I PhoneLab-LoggerService: Logcat process found 1325
07-04 06:04:19.363 10925 10938 I PhoneLab-LoggerService: Checking Threshold
07-04 06:04:19.363 10925 10938 I PhoneLab-: Service Running
07-04 06:04:19.390 10925 10938 I PhoneLab-LoggerService: app_36    1325  1     1828   1384  c00f181c 400107b4 S logcat
07-04 06:04:19.394 10925 10938 I PhoneLab-LoggerService: Logcat pid from database 1325
07-04 06:04:19.394 10925 10938 I PhoneLab-LoggerService: Logcat process found 1325
07-04 06:04:19.394 10925 10938 I PhoneLab-LoggerService: Checking Threshold
07-04 06:04:19.394 10925 10938 I PhoneLab-: Service Running
07-04 06:04:19.422 10925 10938 I PhoneLab-LoggerService: app_36    1325  1     1828   1384  c00f181c 400107b4 S logcat
07-04 06:04:19.422 10925 10938 I PhoneLab-LoggerService: Logcat pid from database 1325
07-04 06:04:19.422 10925 10938 I PhoneLab-LoggerService: Logcat process found 1325
07-04 06:04:19.422 10925 10938 I PhoneLab-LoggerService: Checking Threshold
07-04 06:04:19.422 10925 10938 I PhoneLab-: Service Running
07-04 06:04:19.449 10925 10938 I PhoneLab-LoggerService: app_36    1325  1     1828   1384  c00f181c 400107b4 S logcat
07-04 06:04:19.449 10925 10938 I PhoneLab-LoggerService: Logcat pid from database 1325
07-04 06:04:19.449 10925 10938 I PhoneLab-LoggerService: Logcat process found 1325
07-04 06:04:19.449 10925 10938 I PhoneLab-LoggerService: Checking Threshold
07-04 06:04:19.449 10925 10938 I PhoneLab-: Service Running
07-04 06:04:19.476 10925 10938 I PhoneLab-LoggerService: app_36    1325  1     1828   1384  c00f181c 400107b4 S logcat
07-04 06:04:19.476 10925 10938 I PhoneLab-LoggerService: Logcat pid from database 1325
07-04 06:04:19.476 10925 10938 I PhoneLab-LoggerService: Logcat process found 1325
07-04 06:04:19.476 10925 10938 I PhoneLab-LoggerService: Checking Threshold
07-04 06:04:19.476 10925 10938 I PhoneLab-: Service Running
07-04 06:04:19.504 10925 10938 I PhoneLab-LoggerService: app_36    1325  1     1828   1384  c00f181c 400107b4 S logcat
07-04 06:04:19.507 10925 10938 I PhoneLab-LoggerService: Logcat pid from database 1325
07-04 06:04:19.507 10925 10938 I PhoneLab-LoggerService: Logcat process found 1325
07-04 06:04:19.507 10925 10938 I PhoneLab-LoggerService: Checking Threshold
07-04 06:04:19.507 10925 10938 I PhoneLab-: Service Running
07-04 06:04:19.535 10925 10938 I PhoneLab-LoggerService: app_36    1325  1     1828   1384  c00f181c 400107b4 S logcat
07-04 06:04:19.535 10925 10938 I PhoneLab-LoggerService: Logcat pid from database 1325
07-04 06:04:19.535 10925 10938 I PhoneLab-LoggerService: Logcat process found 1325
07-04 06:04:19.535 10925 10938 I PhoneLab-LoggerService: Checking Threshold
07-04 06:04:19.886 10925 10925 I PhoneLab-Locks: wake lock acquired
07-04 06:04:19.914 10925 12753 I PhoneLab-PeriodicCheckService: User info is synched
07-04 06:04:19.918 10925 12753 I PhoneLab-PeriodicCheckService: Logger Service is running
07-04 06:04:19.922 10925 12753 I PhoneLab-Locks: wake lock acquired
07-04 06:04:19.925 10925 10925 I PhoneLab-UploadLogs: Transfering log files now
07-04 06:04:19.925 10925 10925 I PhoneLab-UploadLogs: No log files to transfer
07-04 06:04:19.925 10925 10925 I PhoneLab-Locks: wake lock released
07-04 06:04:19.925 10925 10925 I PhoneLab-UploadLogs: OnStartCommand
07-04 06:04:19.925 10925 12753 I PhoneLab-PeriodicCheckService: Rescheduling periodic checking...
07-04 06:04:19.925 10925 12753 I PhoneLab-Locks: wake lock released
07-04 06:17:14.097 12674 12677 D dalvikvm: GC_CONCURRENT freed 555K, 7% free 10006K/10695K, paused 6ms+3ms
07-04 06:17:16.004 12674 12677 D dalvikvm: GC_CONCURRENT freed 340K, 6% free 10057K/10695K, paused 2ms+4ms
07-04 06:18:49.101  9622 10310 I EventLogService: Aggregate from 1341395328853 (log), 1341395328853 (data)
07-04 06:18:49.125  9622  9624 D dalvikvm: GC_CONCURRENT freed 364K, 7% free 10019K/10695K, paused 2ms+3ms
07-04 06:20:31.113   393   395 D dalvikvm: GC_CONCURRENT freed 394K, 65% free 10009K/28231K, paused 2ms+4ms
07-04 06:23:38.406   158   174 V BackupManagerService: Running a backup pass
07-04 06:23:38.445   158   329 V BackupManagerService: clearing pending backups
07-04 06:23:38.472   158   329 V PerformBackupTask: Beginning backup of 10 targets
07-04 06:23:38.574   158   161 D dalvikvm: GC_CONCURRENT freed 1667K, 23% free 16176K/20871K, paused 19ms+11ms
07-04 06:23:38.668   158   329 D PerformBackupTask: processOneBackup doBackup() on @pm@
07-04 06:23:38.672   158   329 V BackupServiceBinder: doBackup() invoked
07-04 06:23:38.687   158   329 I PerformBackupTask: no backup data written; not calling transport
07-04 06:23:38.691   158   329 D PerformBackupTask: starting agent for backup of BackupRequest{pkg=com.android.calendar}
07-04 06:23:38.691 12344 12344 V ActivityThread: handleCreateBackupAgent: CreateBackupAgentData{appInfo=ApplicationInfo{41391428 com.android.calendar} backupAgent=com.android.calendar.CalendarBackupAgent mode=0}
07-04 06:23:38.691 12344 12344 V ActivityThread: Initializing agent class com.android.calendar.CalendarBackupAgent
07-04 06:23:38.691   158   329 D BackupManagerService: awaiting agent for ApplicationInfo{416e3d90 com.android.calendar}
07-04 06:23:38.691   158   481 D BackupManagerService: agentConnected pkg=com.android.calendar agent=android.os.BinderProxy@41449a90
07-04 06:23:38.695 12344 12356 V BackupServiceBinder: doBackup() invoked
07-04 06:23:38.695   158   329 D PerformBackupTask: processOneBackup doBackup() on com.android.calendar
07-04 06:23:38.699 12344 12356 D BackupHelperDispatcher: handling existing helper 'shared_pref' android.app.backup.SharedPreferencesBackupHelper@41392408
07-04 06:23:38.703   158   329 V LocalTransport: performBackup() pkg=com.android.calendar
07-04 06:23:38.703 12344 12344 V ActivityThread: handleDestroyBackupAgent: CreateBackupAgentData{appInfo=ApplicationInfo{41393228 com.android.calendar} backupAgent=com.android.calendar.CalendarBackupAgent mode=0}
07-04 06:23:38.707   158   329 V LocalTransport: Got change set key=shared_pref:com.android.calendar_preferences size=527 key64=c2hhcmVkX3ByZWY6Y29tLmFuZHJvaWQuY2FsZW5kYXJfcHJlZmVyZW5jZXM=
07-04 06:23:38.711   158   329 V LocalTransport:   data size 527
07-04 06:23:38.711   158   329 V LocalTransport: finishBackup()
07-04 06:23:38.714   158   329 D PerformBackupTask: starting agent for backup of BackupRequest{pkg=com.android.browser}
07-04 06:23:38.714 12568 12568 V ActivityThread: handleCreateBackupAgent: CreateBackupAgentData{appInfo=ApplicationInfo{413764e0 com.android.browser} backupAgent=com.android.browser.BrowserBackupAgent mode=0}
07-04 06:23:38.714 12568 12568 V ActivityThread: Initializing agent class com.android.browser.BrowserBackupAgent
07-04 06:23:38.714   158   329 D BackupManagerService: awaiting agent for ApplicationInfo{414baf78 com.android.browser}
07-04 06:23:38.718 12568 12580 V BackupServiceBinder: doBackup() invoked
07-04 06:23:38.718   158   509 D BackupManagerService: agentConnected pkg=com.android.browser agent=android.os.BinderProxy@413e34c0
07-04 06:23:38.718   158   329 D PerformBackupTask: processOneBackup doBackup() on com.android.browser
07-04 06:23:38.722 12568 12568 V ActivityThread: handleDestroyBackupAgent: CreateBackupAgentData{appInfo=ApplicationInfo{41377780 com.android.browser} backupAgent=com.android.browser.BrowserBackupAgent mode=0}
07-04 06:23:38.722   158   329 I PerformBackupTask: no backup data written; not calling transport
07-04 06:23:38.722   158   329 D PerformBackupTask: starting agent for backup of BackupRequest{pkg=com.android.vending}
07-04 06:23:38.722 12588 12588 V ActivityThread: handleCreateBackupAgent: CreateBackupAgentData{appInfo=ApplicationInfo{413d1150 com.android.vending} backupAgent=com.android.vending.VendingBackupAgent mode=0}
07-04 06:23:38.722 12588 12588 V ActivityThread: Initializing agent class com.android.vending.VendingBackupAgent
07-04 06:23:38.726 12588 12599 V BackupServiceBinder: doBackup() invoked
07-04 06:23:38.726 12588 12599 D Finsky  : [880] VendingBackupAgent.onBackup: Backing up aid: [jhbtGzZskPpRXztH0sswi9kLCJE]
07-04 06:23:38.726   158   329 D BackupManagerService: awaiting agent for ApplicationInfo{415ace00 com.android.vending}
07-04 06:23:38.726   158   575 D BackupManagerService: agentConnected pkg=com.android.vending agent=android.os.BinderProxy@413d9a58
07-04 06:23:38.726   158   329 D PerformBackupTask: processOneBackup doBackup() on com.android.vending
07-04 06:23:38.730 12588 12588 V ActivityThread: handleDestroyBackupAgent: CreateBackupAgentData{appInfo=ApplicationInfo{413ccf08 com.android.vending} backupAgent=com.android.vending.VendingBackupAgent mode=0}
07-04 06:23:38.734   158   329 V LocalTransport: performBackup() pkg=com.android.vending
07-04 06:23:38.734   158   329 V LocalTransport: Got change set key=vending size=8 key64=dmVuZGluZw==
07-04 06:23:38.738   158   329 V LocalTransport:   data size 8
07-04 06:23:38.738   158   329 V LocalTransport: finishBackup()
07-04 06:23:38.742   158   329 V BackupServiceBinder: doBackup() invoked
07-04 06:23:38.742   158   329 D PerformBackupTask: starting agent for backup of BackupRequest{pkg=android}
07-04 06:23:38.742   158   174 V ActivityThread: handleCreateBackupAgent: CreateBackupAgentData{appInfo=ApplicationInfo{4135bda8 android} backupAgent=com.android.server.SystemBackupAgent mode=0}
07-04 06:23:38.742   158   174 V ActivityThread: Initializing agent class com.android.server.SystemBackupAgent
07-04 06:23:38.742   158   329 D BackupManagerService: awaiting agent for ApplicationInfo{4135bda8 android}
07-04 06:23:38.742   158   174 D BackupManagerService: agentConnected pkg=android agent=android.app.backup.BackupAgent$BackupServiceBinder@4134fa10
07-04 06:23:38.742   158   329 D PerformBackupTask: processOneBackup doBackup() on android
07-04 06:23:38.746   158   329 D BackupHelperDispatcher: handling existing helper 'wallpaper' android.app.backup.WallpaperBackupHelper@4172b148
07-04 06:23:38.765   158   329 V LocalTransport: performBackup() pkg=android
07-04 06:23:38.765   158   329 V LocalTransport: Got change set key=wallpaper:/data/data/com.android.settings/files/wallpaper size=105909 key64=d2FsbHBhcGVyOi9kYXRhL2RhdGEvY29tLmFuZHJvaWQuc2V0dGluZ3MvZmlsZXMvd2FsbHBhcGVy
07-04 06:23:38.765   158   174 V ActivityThread: handleDestroyBackupAgent: CreateBackupAgentData{appInfo=ApplicationInfo{4135bda8 android} backupAgent=com.android.server.SystemBackupAgent mode=0}
07-04 06:23:38.769   158   329 V LocalTransport:   data size 105909
07-04 06:23:38.789   158   329 V LocalTransport: Got change set key=wallpaper:/data/system/wallpaper_info.xml size=113 key64=d2FsbHBhcGVyOi9kYXRhL3N5c3RlbS93YWxscGFwZXJfaW5mby54bWw=
07-04 06:23:38.793   158   329 V LocalTransport:   data size 113
07-04 06:23:38.793   158   329 V LocalTransport: finishBackup()
07-04 06:23:38.797   158   329 D PerformBackupTask: starting agent for backup of BackupRequest{pkg=com.android.nfc}
07-04 06:23:38.797   491   491 V ActivityThread: handleCreateBackupAgent: CreateBackupAgentData{appInfo=ApplicationInfo{413525e0 com.android.nfc} backupAgent=com.android.nfc.NfcBackupAgent mode=0}
07-04 06:23:38.797   491   491 V ActivityThread: Initializing agent class com.android.nfc.NfcBackupAgent
07-04 06:23:38.797   158   329 D BackupManagerService: awaiting agent for ApplicationInfo{416a8470 com.android.nfc}
07-04 06:23:38.797   158   578 D BackupManagerService: agentConnected pkg=com.android.nfc agent=android.os.BinderProxy@417aff70
07-04 06:23:38.797   158   329 D PerformBackupTask: processOneBackup doBackup() on com.android.nfc
07-04 06:23:38.800   491   510 V BackupServiceBinder: doBackup() invoked
07-04 06:23:38.800   491   510 D BackupHelperDispatcher: handling existing helper 'shared_prefs' android.app.backup.SharedPreferencesBackupHelper@413560f8
07-04 06:23:38.804   158   329 V LocalTransport: performBackup() pkg=com.android.nfc
07-04 06:23:38.804   158   329 V LocalTransport: Got change set key=shared_prefs:NfcServicePrefs size=130 key64=c2hhcmVkX3ByZWZzOk5mY1NlcnZpY2VQcmVmcw==
07-04 06:23:38.804   491   491 V ActivityThread: handleDestroyBackupAgent: CreateBackupAgentData{appInfo=ApplicationInfo{41356d40 com.android.nfc} backupAgent=com.android.nfc.NfcBackupAgent mode=0}
07-04 06:23:38.808   158   329 V LocalTransport:   data size 130
07-04 06:23:38.812   158   329 V LocalTransport: finishBackup()
07-04 06:23:38.812   158   329 D PerformBackupTask: starting agent for backup of BackupRequest{pkg=com.android.providers.userdictionary}
07-04 06:23:38.816 11877 12093 V BackupServiceBinder: doBackup() invoked
07-04 06:23:38.816 11877 11877 V ActivityThread: handleCreateBackupAgent: CreateBackupAgentData{appInfo=ApplicationInfo{41394a18 com.android.providers.userdictionary} backupAgent=com.android.providers.userdictionary.DictionaryBackupAgent mode=0}
07-04 06:23:38.816 11877 11877 V ActivityThread: Initializing agent class com.android.providers.userdictionary.DictionaryBackupAgent
07-04 06:23:38.816   158   329 D BackupManagerService: awaiting agent for ApplicationInfo{41393280 com.android.providers.userdictionary}
07-04 06:23:38.816   158   602 D BackupManagerService: agentConnected pkg=com.android.providers.userdictionary agent=android.os.BinderProxy@4158a290
07-04 06:23:38.816   158   329 D PerformBackupTask: processOneBackup doBackup() on com.android.providers.userdictionary
07-04 06:23:38.836 11877 11877 V ActivityThread: handleDestroyBackupAgent: CreateBackupAgentData{appInfo=ApplicationInfo{413fc1e0 com.android.providers.userdictionary} backupAgent=com.android.providers.userdictionary.DictionaryBackupAgent mode=0}
07-04 06:23:38.836   158   329 I PerformBackupTask: no backup data written; not calling transport
07-04 06:23:38.836   158   329 D PerformBackupTask: starting agent for backup of BackupRequest{pkg=com.android.inputmethod.latin}
07-04 06:23:38.836   457   457 V ActivityThread: handleCreateBackupAgent: CreateBackupAgentData{appInfo=ApplicationInfo{416548f8 com.android.inputmethod.latin} backupAgent=com.android.inputmethod.latin.BackupAgent mode=0}
07-04 06:23:38.836   457   457 V ActivityThread: Initializing agent class com.android.inputmethod.latin.BackupAgent
07-04 06:23:38.839   158   329 D BackupManagerService: awaiting agent for ApplicationInfo{413e56f0 com.android.inputmethod.latin}
07-04 06:23:38.839   158   158 D BackupManagerService: agentConnected pkg=com.android.inputmethod.latin agent=android.os.BinderProxy@41438f20
07-04 06:23:38.839   457   478 V BackupServiceBinder: doBackup() invoked
07-04 06:23:38.839   457   478 D BackupHelperDispatcher: handling existing helper 'shared_pref' android.app.backup.SharedPreferencesBackupHelper@41641410
07-04 06:23:38.839   158   329 D PerformBackupTask: processOneBackup doBackup() on com.android.inputmethod.latin
07-04 06:23:38.843   457   457 V ActivityThread: handleDestroyBackupAgent: CreateBackupAgentData{appInfo=ApplicationInfo{416517f0 com.android.inputmethod.latin} backupAgent=com.android.inputmethod.latin.BackupAgent mode=0}
07-04 06:23:38.843   158   329 I PerformBackupTask: no backup data written; not calling transport
07-04 06:23:38.843   158   329 D PerformBackupTask: starting agent for backup of BackupRequest{pkg=com.google.android.gm}
07-04 06:23:38.847 12641 12641 V ActivityThread: handleCreateBackupAgent: CreateBackupAgentData{appInfo=ApplicationInfo{41387100 com.google.android.gm} backupAgent=com.google.android.gm.persistence.GmailBackupAgent mode=0}
07-04 06:23:38.847 12641 12641 V ActivityThread: Initializing agent class com.google.android.gm.persistence.GmailBackupAgent
07-04 06:23:38.847   158   329 D BackupManagerService: awaiting agent for ApplicationInfo{415674d0 com.google.android.gm}
07-04 06:23:38.847   158   170 D BackupManagerService: agentConnected pkg=com.google.android.gm agent=android.os.BinderProxy@41517c48
07-04 06:23:38.847   158   329 D PerformBackupTask: processOneBackup doBackup() on com.google.android.gm
07-04 06:23:38.851 12641 12653 V BackupServiceBinder: doBackup() invoked
07-04 06:23:38.851 12641 12641 V ActivityThread: handleDestroyBackupAgent: CreateBackupAgentData{appInfo=ApplicationInfo{41385e88 com.google.android.gm} backupAgent=com.google.android.gm.persistence.GmailBackupAgent mode=0}
07-04 06:23:38.851   158   329 I PerformBackupTask: no backup data written; not calling transport
07-04 06:23:38.855   158   329 D PerformBackupTask: starting agent for backup of BackupRequest{pkg=com.android.sharedstoragebackup}
07-04 06:23:38.855 12661 12661 V ActivityThread: handleCreateBackupAgent: CreateBackupAgentData{appInfo=ApplicationInfo{4133fe78 com.android.sharedstoragebackup} backupAgent=com.android.sharedstoragebackup.SharedStorageAgent mode=0}
07-04 06:23:38.855 12661 12661 V ActivityThread: Initializing agent class com.android.sharedstoragebackup.SharedStorageAgent
07-04 06:23:38.859 12661 12673 V BackupServiceBinder: doBackup() invoked
07-04 06:23:38.859   158   329 D BackupManagerService: awaiting agent for ApplicationInfo{4170dee0 com.android.sharedstoragebackup}
07-04 06:23:38.859   158   509 D BackupManagerService: agentConnected pkg=com.android.sharedstoragebackup agent=android.os.BinderProxy@417f56a8
07-04 06:23:38.859   158   329 D PerformBackupTask: processOneBackup doBackup() on com.android.sharedstoragebackup
07-04 06:23:38.863   158   174 D SettingsBackupAgent: onCreate() invoked
07-04 06:23:38.863 12661 12661 V ActivityThread: handleDestroyBackupAgent: CreateBackupAgentData{appInfo=ApplicationInfo{41341550 com.android.sharedstoragebackup} backupAgent=com.android.sharedstoragebackup.SharedStorageAgent mode=0}
07-04 06:23:38.863   158   329 I PerformBackupTask: no backup data written; not calling transport
07-04 06:23:38.863   158   329 D PerformBackupTask: starting agent for backup of BackupRequest{pkg=com.android.providers.settings}
07-04 06:23:38.863   158   174 V ActivityThread: handleCreateBackupAgent: CreateBackupAgentData{appInfo=ApplicationInfo{414b9f20 com.android.providers.settings} backupAgent=com.android.providers.settings.SettingsBackupAgent mode=0}
07-04 06:23:38.863   158   174 V ActivityThread: Initializing agent class com.android.providers.settings.SettingsBackupAgent
07-04 06:23:38.867   158   329 V BackupServiceBinder: doBackup() invoked
07-04 06:23:38.867   158   329 D BackupManagerService: awaiting agent for ApplicationInfo{414b9f20 com.android.providers.settings}
07-04 06:23:38.867   158   174 D BackupManagerService: agentConnected pkg=com.android.providers.settings agent=android.app.backup.BackupAgent$BackupServiceBinder@41646d88
07-04 06:23:38.867   158   329 D PerformBackupTask: processOneBackup doBackup() on com.android.providers.settings
07-04 06:23:38.890   158   174 V ActivityThread: handleDestroyBackupAgent: CreateBackupAgentData{appInfo=ApplicationInfo{414b9f20 com.android.providers.settings} backupAgent=com.android.providers.settings.SettingsBackupAgent mode=0}
07-04 06:23:38.890   158   329 I PerformBackupTask: no backup data written; not calling transport
07-04 06:23:38.894   158   329 I PerformBackupTask: Backup pass finished.
07-04 06:29:41.043  7745  7745 I wpa_supplicant: wlan0: WPA: Group rekeying completed with 98:fc:11:c3:3f:e6 [GTK=TKIP]
07-04 06:34:20.011 10925 10925 I PhoneLab-Locks: wake lock acquired
07-04 06:34:20.097 10925 12762 I PhoneLab-PeriodicCheckService: User info is synched
07-04 06:34:20.101 10925 12762 I PhoneLab-PeriodicCheckService: Logger Service is running
07-04 06:34:20.101 10925 12762 I PhoneLab-Locks: wake lock acquired
07-04 06:34:20.105 10925 10925 I PhoneLab-UploadLogs: Transfering log files now
07-04 06:34:20.105 10925 10925 I PhoneLab-UploadLogs: No log files to transfer
07-04 06:34:20.105 10925 10925 I PhoneLab-Locks: wake lock released
07-04 06:34:20.105 10925 10925 I PhoneLab-UploadLogs: OnStartCommand
07-04 06:34:20.109 10925 12762 I PhoneLab-PeriodicCheckService: Rescheduling periodic checking...
07-04 06:34:20.129 10925 12762 I PhoneLab-Locks: wake lock released
07-04 06:34:20.140 10925 10927 D dalvikvm: GC_CONCURRENT freed 408K, 15% free 9125K/10695K, paused 2ms+2ms
07-04 06:40:31.113 12250 12251 D dalvikvm: GC_CONCURRENT freed 523K, 31% free 10259K/14855K, paused 2ms+2ms
07-04 06:40:31.648 10925 10938 I PhoneLab-: Service Running
07-04 06:40:31.718 10925 10938 I PhoneLab-LoggerService: app_36    1325  1     1828   1384  c00f181c 400107b4 S logcat
07-04 06:40:31.718 10925 10938 I PhoneLab-LoggerService: Logcat pid from database 1325
07-04 06:40:31.718 10925 10938 I PhoneLab-LoggerService: Logcat process found 1325
07-04 06:40:31.718 10925 10938 I PhoneLab-LoggerService: Checking Threshold
07-04 06:40:31.718 10925 10938 I PhoneLab-: Service Running
07-04 06:40:31.746 10925 10938 I PhoneLab-LoggerService: app_36    1325  1     1828   1384  c00f181c 400107b4 S logcat
07-04 06:40:31.746 10925 10938 I PhoneLab-LoggerService: Logcat pid from database 1325
07-04 06:40:31.746 10925 10938 I PhoneLab-LoggerService: Logcat process found 1325
07-04 06:40:31.746 10925 10938 I PhoneLab-LoggerService: Checking Threshold
07-04 06:40:31.746 10925 10938 I PhoneLab-: Service Running
07-04 06:40:31.773 10925 10938 I PhoneLab-LoggerService: app_36    1325  1     1828   1384  c00f181c 400107b4 S logcat
07-04 06:40:31.773 10925 10938 I PhoneLab-LoggerService: Logcat pid from database 1325
07-04 06:40:31.773 10925 10938 I PhoneLab-LoggerService: Logcat process found 1325
07-04 06:40:31.773 10925 10938 I PhoneLab-LoggerService: Checking Threshold
07-04 06:40:31.773 10925 10938 I PhoneLab-: Service Running
07-04 06:40:31.800 10925 10938 I PhoneLab-LoggerService: app_36    1325  1     1828   1384  c00f181c 400107b4 S logcat
07-04 06:40:31.800 10925 10938 I PhoneLab-LoggerService: Logcat pid from database 1325
07-04 06:40:31.800 10925 10938 I PhoneLab-LoggerService: Logcat process found 1325
07-04 06:40:31.800 10925 10938 I PhoneLab-LoggerService: Checking Threshold
07-04 06:40:31.804 10925 10938 I PhoneLab-: Service Running
07-04 06:40:31.828 10925 10938 I PhoneLab-LoggerService: app_36    1325  1     1828   1384  c00f181c 400107b4 S logcat
07-04 06:40:31.828 10925 10938 I PhoneLab-LoggerService: Logcat pid from database 1325
07-04 06:40:31.832 10925 10938 I PhoneLab-LoggerService: Logcat process found 1325
07-04 06:40:31.832 10925 10938 I PhoneLab-LoggerService: Checking Threshold
07-04 06:40:31.832 10925 10938 I PhoneLab-: Service Running
07-04 06:40:31.859 10925 10938 I PhoneLab-LoggerService: app_36    1325  1     1828   1384  c00f181c 400107b4 S logcat
07-04 06:40:31.859 10925 10938 I PhoneLab-LoggerService: Logcat pid from database 1325
07-04 06:40:31.859 10925 10938 I PhoneLab-LoggerService: Logcat process found 1325
07-04 06:40:31.859 10925 10938 I PhoneLab-LoggerService: Checking Threshold
07-04 06:40:31.859 10925 10938 I PhoneLab-: Service Running
07-04 06:40:31.886 10925 10938 I PhoneLab-LoggerService: app_36    1325  1     1828   1384  c00f181c 400107b4 S logcat
07-04 06:40:31.886 10925 10938 I PhoneLab-LoggerService: Logcat pid from database 1325
07-04 06:40:31.886 10925 10938 I PhoneLab-LoggerService: Logcat process found 1325
07-04 06:40:31.886 10925 10938 I PhoneLab-LoggerService: Checking Threshold
07-04 06:40:31.886 10925 10938 I PhoneLab-: Service Running
07-04 06:40:31.925 10925 10927 D dalvikvm: GC_CONCURRENT freed 362K, 15% free 9159K/10695K, paused 1ms+2ms
07-04 06:40:31.929 10925 10938 I PhoneLab-LoggerService: app_36    1325  1     1828   1384  c00f181c 400107b4 S logcat
07-04 06:40:31.929 10925 10938 I PhoneLab-LoggerService: Logcat pid from database 1325
07-04 06:40:31.929 10925 10938 I PhoneLab-LoggerService: Logcat process found 1325
07-04 06:40:31.933 10925 10938 I PhoneLab-LoggerService: Checking Threshold
07-04 06:40:31.933 10925 10938 I PhoneLab-: Service Running
07-04 06:40:31.964 10925 10938 I PhoneLab-LoggerService: app_36    1325  1     1828   1384  c00f181c 400107b4 S logcat
07-04 06:40:31.964 10925 10938 I PhoneLab-LoggerService: Logcat pid from database 1325
07-04 06:40:31.964 10925 10938 I PhoneLab-LoggerService: Logcat process found 1325
07-04 06:40:31.964 10925 10938 I PhoneLab-LoggerService: Checking Threshold
07-04 06:40:31.964 10925 10938 I PhoneLab-: Service Running
07-04 06:40:31.992 10925 10938 I PhoneLab-LoggerService: app_36    1325  1     1828   1384  c00f181c 400107b4 S logcat
07-04 06:40:31.992 10925 10938 I PhoneLab-LoggerService: Logcat pid from database 1325
07-04 06:40:31.992 10925 10938 I PhoneLab-LoggerService: Logcat process found 1325
07-04 06:40:31.992 10925 10938 I PhoneLab-LoggerService: Checking Threshold
07-04 06:40:31.992 10925 10938 I PhoneLab-: Service Running
07-04 06:40:32.019 10925 10938 I PhoneLab-LoggerService: app_36    1325  1     1828   1384  c00f181c 400107b4 S logcat
07-04 06:40:32.019 10925 10938 I PhoneLab-LoggerService: Logcat pid from database 1325
07-04 06:40:32.019 10925 10938 I PhoneLab-LoggerService: Logcat process found 1325
07-04 06:40:32.019 10925 10938 I PhoneLab-LoggerService: Checking Threshold
07-04 06:40:32.019 10925 10938 I PhoneLab-: Service Running
07-04 06:40:35.023 10925 10938 I PhoneLab-LoggerService: app_36    1325  1     1828   1384  c00f181c 400107b4 S logcat
07-04 06:40:35.023 10925 10938 I PhoneLab-LoggerService: Logcat pid from database 1325
07-04 06:40:35.023 10925 10938 I PhoneLab-LoggerService: Logcat process found 1325
07-04 06:40:35.023 10925 10938 I PhoneLab-LoggerService: Checking Threshold
07-04 06:40:35.023 10925 10938 I PhoneLab-: Service Running
07-04 06:40:35.054 10925 10938 I PhoneLab-LoggerService: app_36    1325  1     1828   1384  c00f181c 400107b4 S logcat
07-04 06:40:35.054 10925 10938 I PhoneLab-LoggerService: Logcat pid from database 1325
07-04 06:40:35.054 10925 10938 I PhoneLab-LoggerService: Logcat process found 1325
07-04 06:40:35.054 10925 10938 I PhoneLab-LoggerService: Checking Threshold
07-04 06:40:35.058 10925 10938 I PhoneLab-: Service Running
07-04 06:40:35.086 10925 10938 I PhoneLab-LoggerService: app_36    1325  1     1828   1384  c00f181c 400107b4 S logcat
07-04 06:40:35.086 10925 10938 I PhoneLab-LoggerService: Logcat pid from database 1325
07-04 06:40:35.090 10925 10938 I PhoneLab-LoggerService: Logcat process found 1325
07-04 06:40:35.090 10925 10938 I PhoneLab-LoggerService: Checking Threshold
07-04 06:40:35.090 10925 10938 I PhoneLab-: Service Running
07-04 06:40:35.113 10925 10938 I PhoneLab-LoggerService: app_36    1325  1     1828   1384  c00f181c 400107b4 S logcat
07-04 06:40:35.117 10925 10938 I PhoneLab-LoggerService: Logcat pid from database 1325
07-04 06:40:35.117 10925 10938 I PhoneLab-LoggerService: Logcat process found 1325
07-04 06:40:35.117 10925 10938 I PhoneLab-LoggerService: Checking Threshold
07-04 06:40:35.117 10925 10938 I PhoneLab-: Service Running
07-04 06:40:35.156 10925 10927 D dalvikvm: GC_CONCURRENT freed 409K, 15% free 9148K/10695K, paused 2ms+2ms
07-04 06:40:35.160 10925 10938 I PhoneLab-LoggerService: app_36    1325  1     1828   1384  c00f181c 400107b4 S logcat
07-04 06:40:35.160 10925 10938 I PhoneLab-LoggerService: Logcat pid from database 1325
07-04 06:40:35.160 10925 10938 I PhoneLab-LoggerService: Logcat process found 1325
07-04 06:40:35.160 10925 10938 I PhoneLab-LoggerService: Checking Threshold
07-04 06:40:35.160 10925 10938 I PhoneLab-: Service Running
07-04 06:40:35.195 10925 10938 I PhoneLab-LoggerService: app_36    1325  1     1828   1384  c00f181c 400107b4 S logcat
07-04 06:40:35.195 10925 10938 I PhoneLab-LoggerService: Logcat pid from database 1325
07-04 06:40:35.195 10925 10938 I PhoneLab-LoggerService: Logcat process found 1325
07-04 06:40:35.195 10925 10938 I PhoneLab-LoggerService: Checking Threshold
07-04 06:40:35.195 10925 10938 I PhoneLab-: Service Running
07-04 06:40:35.222 10925 10938 I PhoneLab-LoggerService: app_36    1325  1     1828   1384  c00f181c 400107b4 S logcat
07-04 06:40:35.222 10925 10938 I PhoneLab-LoggerService: Logcat pid from database 1325
07-04 06:40:35.222 10925 10938 I PhoneLab-LoggerService: Logcat process found 1325
07-04 06:40:35.222 10925 10938 I PhoneLab-LoggerService: Checking Threshold
07-04 06:45:32.074   158   161 D dalvikvm: GC_CONCURRENT freed 1715K, 23% free 16176K/20871K, paused 3ms+7ms
07-04 06:46:48.238   393   395 D dalvikvm: GC_CONCURRENT freed 358K, 65% free 10050K/28231K, paused 2ms+7ms
07-04 06:46:48.324   393   393 D dalvikvm: GC_FOR_ALLOC freed 459K, 65% free 9952K/28231K, paused 19ms
07-04 06:46:48.390   393   395 D dalvikvm: GC_CONCURRENT freed 311K, 65% free 10080K/28231K, paused 2ms+4ms
07-04 06:46:48.593   393   395 D dalvikvm: GC_CONCURRENT freed 431K, 65% free 10131K/28231K, paused 4ms+8ms
07-04 06:46:56.437 12250 12251 D dalvikvm: GC_CONCURRENT freed 172K, 30% free 10474K/14855K, paused 15ms+2ms
07-04 06:46:58.152   158   158 W ActivityManager: finishReceiver called but no pending broadcasts
07-04 06:47:10.289 12250 12251 D dalvikvm: GC_CONCURRENT freed 319K, 29% free 10667K/14855K, paused 11ms+4ms
07-04 06:48:49.218  9622  9909 I EventLogService: Aggregate from 1341397129104 (log), 1341397129104 (data)
07-04 06:51:39.117 12250 12251 D dalvikvm: GC_CONCURRENT freed 451K, 29% free 10640K/14855K, paused 2ms+2ms
07-04 06:53:03.168   393   395 D dalvikvm: GC_CONCURRENT freed 462K, 64% free 10164K/28231K, paused 2ms+3ms
07-04 06:53:03.214   393   395 D dalvikvm: GC_CONCURRENT freed 550K, 65% free 10103K/28231K, paused 2ms+3ms
07-04 06:53:03.316   393   395 D dalvikvm: GC_CONCURRENT freed 487K, 65% free 10102K/28231K, paused 2ms+4ms
07-04 06:53:04.046   158  5941 D dalvikvm: GC_EXPLICIT freed 460K, 23% free 16121K/20871K, paused 25ms+6ms
07-04 06:53:09.449 10925 10938 I PhoneLab-: Service Running
07-04 06:53:09.554 10925 10938 I PhoneLab-LoggerService: app_36    1325  1     1828   1384  c00f181c 400107b4 S logcat
07-04 06:53:09.554 10925 10938 I PhoneLab-LoggerService: Logcat pid from database 1325
07-04 06:53:09.554 10925 10938 I PhoneLab-LoggerService: Logcat process found 1325
07-04 06:53:09.554 10925 10938 I PhoneLab-LoggerService: Checking Threshold
07-04 06:53:09.554 10925 10938 I PhoneLab-: Service Running
07-04 06:53:09.586 10925 10938 I PhoneLab-LoggerService: app_36    1325  1     1828   1384  c00f181c 400107b4 S logcat
07-04 06:53:09.586 10925 10938 I PhoneLab-LoggerService: Logcat pid from database 1325
07-04 06:53:09.586 10925 10938 I PhoneLab-LoggerService: Logcat process found 1325
07-04 06:53:09.586 10925 10938 I PhoneLab-LoggerService: Checking Threshold
07-04 06:53:09.586 10925 10938 I PhoneLab-: Service Running
07-04 06:53:09.617 10925 10938 I PhoneLab-LoggerService: app_36    1325  1     1828   1384  c00f181c 400107b4 S logcat
07-04 06:53:09.617 10925 10938 I PhoneLab-LoggerService: Logcat pid from database 1325
07-04 06:53:09.617 10925 10938 I PhoneLab-LoggerService: Logcat process found 1325
07-04 06:53:09.617 10925 10938 I PhoneLab-LoggerService: Checking Threshold
07-04 06:53:09.617 10925 10938 I PhoneLab-: Service Running
07-04 06:53:09.648 10925 10938 I PhoneLab-LoggerService: app_36    1325  1     1828   1384  c00f181c 400107b4 S logcat
07-04 06:53:09.648 10925 10938 I PhoneLab-LoggerService: Logcat pid from database 1325
07-04 06:53:09.648 10925 10938 I PhoneLab-LoggerService: Logcat process found 1325
07-04 06:53:09.648 10925 10938 I PhoneLab-LoggerService: Checking Threshold
07-04 06:53:09.648 10925 10938 I PhoneLab-: Service Running
07-04 06:53:09.675 10925 10938 I PhoneLab-LoggerService: app_36    1325  1     1828   1384  c00f181c 400107b4 S logcat
07-04 06:53:09.679 10925 10938 I PhoneLab-LoggerService: Logcat pid from database 1325
07-04 06:53:09.679 10925 10938 I PhoneLab-LoggerService: Logcat process found 1325
07-04 06:53:09.679 10925 10938 I PhoneLab-LoggerService: Checking Threshold
07-04 06:53:09.683 10925 10938 I PhoneLab-: Service Running
07-04 06:53:09.711 10925 10927 D dalvikvm: GC_CONCURRENT freed 410K, 15% free 9124K/10695K, paused 1ms+2ms
07-04 06:53:09.738 10925 10938 I PhoneLab-LoggerService: app_36    1325  1     1828   1384  c00f181c 400107b4 S logcat
07-04 06:53:09.738 10925 10938 I PhoneLab-LoggerService: Logcat pid from database 1325
07-04 06:53:09.738 10925 10938 I PhoneLab-LoggerService: Logcat process found 1325
07-04 06:53:09.738 10925 10938 I PhoneLab-LoggerService: Checking Threshold
07-04 06:53:12.105 12250 12251 D dalvikvm: GC_CONCURRENT freed 177K, 27% free 10877K/14855K, paused 15ms+5ms
07-04 06:53:13.199   158   169 W ActivityManager: finishReceiver called but no pending broadcasts
07-04 06:53:52.086   393   395 D dalvikvm: GC_CONCURRENT freed 554K, 65% free 9950K/28231K, paused 2ms+3ms
07-04 06:53:52.140   393   395 D dalvikvm: GC_CONCURRENT freed 447K, 65% free 9949K/28231K, paused 1ms+3ms
07-04 06:53:52.226   393   395 D dalvikvm: GC_CONCURRENT freed 413K, 65% free 9983K/28231K, paused 1ms+3ms
07-04 06:53:52.254 12250 12251 D dalvikvm: GC_CONCURRENT freed 1030K, 30% free 10465K/14855K, paused 1ms+15ms
07-04 06:55:32.011 10925 10938 I PhoneLab-: Service Running
07-04 06:55:32.066 10925 10938 I PhoneLab-LoggerService: app_36    1325  1     1828   1384  c00f181c 400107b4 S logcat
07-04 06:55:32.066 10925 10938 I PhoneLab-LoggerService: Logcat pid from database 1325
07-04 06:55:32.066 10925 10938 I PhoneLab-LoggerService: Logcat process found 1325
07-04 06:55:32.066 10925 10938 I PhoneLab-LoggerService: Checking Threshold
07-04 06:55:32.066 10925 10938 I PhoneLab-: Service Running
07-04 06:55:32.097 10925 10938 I PhoneLab-LoggerService: app_36    1325  1     1828   1384  c00f181c 400107b4 S logcat
07-04 06:55:32.101 10925 10938 I PhoneLab-LoggerService: Logcat pid from database 1325
07-04 06:55:32.101 10925 10938 I PhoneLab-LoggerService: Logcat process found 1325
07-04 06:55:32.101 10925 10938 I PhoneLab-LoggerService: Checking Threshold
07-04 07:04:20.148 10925 10925 I PhoneLab-Locks: wake lock acquired
07-04 07:04:20.187 10925 12799 I PhoneLab-PeriodicCheckService: User info is synched
07-04 07:04:20.191 10925 12799 I PhoneLab-PeriodicCheckService: Logger Service is running
07-04 07:04:20.195 10925 10925 I PhoneLab-Locks: wake lock acquired
07-04 07:04:20.199 10925 10925 I PhoneLab-StatusMonitor: Status Monitoring is started
07-04 07:04:20.199 10925 10925 E PhoneLab-PhoneLabManifest: java.io.FileNotFoundException: /data/data/edu.buffalo.cse.phonelab.phonelabservices/files/manifest.xml: open failed: ENOENT (No such file or directory)
07-04 07:04:20.199 10925 10925 I PhoneLab-Locks: wake lock released
07-04 07:04:20.207 10925 12799 I PhoneLab-Locks: wake lock acquired
07-04 07:04:20.207 10925 10925 I PhoneLab-UploadLogs: Transfering log files now
07-04 07:04:20.207 10925 10925 I PhoneLab-UploadLogs: No log files to transfer
07-04 07:04:20.207 10925 10925 I PhoneLab-Locks: wake lock released
07-04 07:04:20.211 10925 10925 I PhoneLab-UploadLogs: OnStartCommand
07-04 07:04:20.211 10925 12799 I PhoneLab-PeriodicCheckService: Rescheduling periodic checking...
07-04 07:04:20.211 10925 12799 I PhoneLab-Locks: wake lock released
07-04 07:18:49.320  9622 10522 I EventLogService: Aggregate from 1341398929220 (log), 1341398929220 (data)
07-04 07:18:49.363 12250 12251 D dalvikvm: GC_CONCURRENT freed 200K, 29% free 10649K/14855K, paused 2ms+2ms
07-04 07:23:52.129   393   395 D dalvikvm: GC_CONCURRENT freed 366K, 65% free 10005K/28231K, paused 8ms+5ms
07-04 07:25:22.871   158   174 V BackupManagerService: Running a backup pass
07-04 07:25:22.882   158   329 V BackupManagerService: Backup requested but nothing pending
07-04 07:27:43.191 12674 12677 D dalvikvm: GC_CONCURRENT freed 425K, 6% free 10060K/10695K, paused 4ms+3ms
07-04 07:27:43.293 11877 11879 D dalvikvm: GC_CONCURRENT freed 302K, 6% free 9471K/10055K, paused 1ms+11ms
07-04 07:27:43.449   158   161 D dalvikvm: GC_CONCURRENT freed 1584K, 23% free 16190K/20871K, paused 2ms+7ms
07-04 07:27:43.582   158   575 I ActivityManager: START {flg=0x10040000 cmp=com.whatsapp/.PopupNotificationLocked} from pid 12674
07-04 07:27:43.636   393   393 D dalvikvm: GC_FOR_ALLOC freed 329K, 65% free 10042K/28231K, paused 44ms
07-04 07:27:43.683  1548  1548 D OpenGLRenderer: Flushing caches (mode 1)
07-04 07:27:43.769   393   395 D dalvikvm: GC_CONCURRENT freed 314K, 65% free 10160K/28231K, paused 2ms+13ms
07-04 07:27:43.793  1548  1548 D OpenGLRenderer: Flushing caches (mode 0)
07-04 07:27:43.828    82   131 D AudioHardware: AudioHardware pcm playback is exiting standby.
07-04 07:27:43.828    82   131 D AudioHardware: openPcmOut_l() mPcmOpenCnt: 0
07-04 07:27:43.871 12674 12674 D dalvikvm: GC_FOR_ALLOC freed 184K, 6% free 10113K/10695K, paused 29ms
07-04 07:27:43.937 12674 12674 D dalvikvm: GC_FOR_ALLOC freed 30K, 6% free 10168K/10759K, paused 56ms
07-04 07:27:43.937 12674 12674 I dalvikvm-heap: Grow heap (frag case) to 10.018MB for 20416-byte allocation
07-04 07:27:43.961 12674 12674 D dalvikvm: GC_FOR_ALLOC freed <1K, 6% free 10187K/10823K, paused 22ms
07-04 07:27:44.101   158   174 I Process : Sending signal. PID: 12674 SIG: 3
07-04 07:27:44.101 12674 12679 I dalvikvm: threadid=3: reacting to signal 3
07-04 07:27:44.136 12674 12679 I dalvikvm: Wrote stack traces to '/data/anr/traces.txt'
07-04 07:27:44.293   393   393 D PhoneStatusBar: disable: < expand icons alerts ticker system_info back* home* RECENT clock* >
07-04 07:27:44.308   393   393 V PhoneStatusBar: setLightsOn(true)
07-04 07:27:44.324 11820 11820 W IInputConnectionWrapper: showStatusIcon on inactive InputConnection
07-04 07:27:44.375   158   207 I ActivityManager: Displayed com.whatsapp/.PopupNotificationLocked: +781ms
07-04 07:27:47.800    82   131 D AudioHardware: AudioHardware pcm playback is going to standby.
07-04 07:27:47.800    82   131 D AudioHardware: closePcmOut_l() mPcmOpenCnt: 1
07-04 07:28:01.136   158   481 I ActivityManager: START {flg=0x10040000 cmp=com.whatsapp/.PopupNotificationLocked} from pid 12674
07-04 07:28:01.234    82   131 D AudioHardware: AudioHardware pcm playback is exiting standby.
07-04 07:28:01.234    82   131 D AudioHardware: openPcmOut_l() mPcmOpenCnt: 0
07-04 07:28:01.375 12674 12674 D dalvikvm: GC_FOR_ALLOC freed 201K, 5% free 10298K/10823K, paused 20ms
07-04 07:28:05.207    82   131 D AudioHardware: AudioHardware pcm playback is going to standby.
07-04 07:28:05.207    82   131 D AudioHardware: closePcmOut_l() mPcmOpenCnt: 1
07-04 07:29:47.035  7745  7745 I wpa_supplicant: wlan0: WPA: Group rekeying completed with 98:fc:11:c3:3f:e6 [GTK=TKIP]
07-04 07:34:20.230 10925 10925 I PhoneLab-Locks: wake lock acquired
07-04 07:34:20.281 10925 12824 I PhoneLab-PeriodicCheckService: User info is synched
07-04 07:34:20.293 10925 12824 I PhoneLab-PeriodicCheckService: Logger Service is running
07-04 07:34:20.296 10925 12824 I PhoneLab-Locks: wake lock acquired
07-04 07:34:20.296 10925 10925 I PhoneLab-UploadLogs: Transfering log files now
07-04 07:34:20.296 10925 10925 I PhoneLab-UploadLogs: No log files to transfer
07-04 07:34:20.296 10925 10925 I PhoneLab-Locks: wake lock released
07-04 07:34:20.300 10925 10925 I PhoneLab-UploadLogs: OnStartCommand
07-04 07:34:20.300 10925 12824 I PhoneLab-PeriodicCheckService: Rescheduling periodic checking...
07-04 07:34:20.300 10925 12824 I PhoneLab-Locks: wake lock released
07-04 07:35:30.113   393   395 D dalvikvm: GC_CONCURRENT freed 377K, 64% free 10177K/28231K, paused 7ms+5ms
07-04 07:42:09.617 11083 11085 D dalvikvm: GC_CONCURRENT freed 697K, 9% free 11430K/12551K, paused 34ms+4ms
07-04 07:44:39.984 11083 11085 D dalvikvm: GC_CONCURRENT freed 614K, 9% free 11513K/12551K, paused 17ms+3ms
07-04 07:47:12.015 10925 10938 I PhoneLab-: Service Running
07-04 07:47:12.082 10925 10938 I PhoneLab-LoggerService: app_36    1325  1     1828   1384  c00f181c 400107b4 S logcat
07-04 07:47:12.082 10925 10938 I PhoneLab-LoggerService: Logcat pid from database 1325
07-04 07:47:12.082 10925 10938 I PhoneLab-LoggerService: Logcat process found 1325
07-04 07:47:12.082 10925 10938 I PhoneLab-LoggerService: Checking Threshold
07-04 07:47:12.082 10925 10938 I PhoneLab-: Service Running
07-04 07:47:12.109 10925 10938 I PhoneLab-LoggerService: app_36    1325  1     1828   1384  c00f181c 400107b4 S logcat
07-04 07:47:12.109 10925 10938 I PhoneLab-LoggerService: Logcat pid from database 1325
07-04 07:47:12.109 10925 10938 I PhoneLab-LoggerService: Logcat process found 1325
07-04 07:47:12.109 10925 10938 I PhoneLab-LoggerService: Checking Threshold
07-04 07:47:12.109 10925 10938 I PhoneLab-: Service Running
07-04 07:47:12.152 10925 10938 I PhoneLab-LoggerService: app_36    1325  1     1828   1384  c00f181c 400107b4 S logcat
07-04 07:47:12.152 10925 10938 I PhoneLab-LoggerService: Logcat pid from database 1325
07-04 07:47:12.152 10925 10938 I PhoneLab-LoggerService: Logcat process found 1325
07-04 07:47:12.152 10925 10938 I PhoneLab-LoggerService: Checking Threshold
07-04 07:47:12.152 10925 10938 I PhoneLab-: Service Running
07-04 07:47:12.164 10925 10927 D dalvikvm: GC_CONCURRENT freed 367K, 15% free 9161K/10695K, paused 1ms+2ms
07-04 07:47:12.203 10925 10938 I PhoneLab-LoggerService: app_36    1325  1     1828   1384  c00f181c 400107b4 S logcat
07-04 07:47:12.203 10925 10938 I PhoneLab-LoggerService: Logcat pid from database 1325
07-04 07:47:12.203 10925 10938 I PhoneLab-LoggerService: Logcat process found 1325
07-04 07:47:12.203 10925 10938 I PhoneLab-LoggerService: Checking Threshold
07-04 07:47:12.203 10925 10938 I PhoneLab-: Service Running
07-04 07:47:12.230 10925 10938 I PhoneLab-LoggerService: app_36    1325  1     1828   1384  c00f181c 400107b4 S logcat
07-04 07:47:12.230 10925 10938 I PhoneLab-LoggerService: Logcat pid from database 1325
07-04 07:47:12.230 10925 10938 I PhoneLab-LoggerService: Logcat process found 1325
07-04 07:47:12.230 10925 10938 I PhoneLab-LoggerService: Checking Threshold
07-04 07:47:12.230 10925 10938 I PhoneLab-: Service Running
07-04 07:47:12.257 10925 10938 I PhoneLab-LoggerService: app_36    1325  1     1828   1384  c00f181c 400107b4 S logcat
07-04 07:47:12.257 10925 10938 I PhoneLab-LoggerService: Logcat pid from database 1325
07-04 07:47:12.257 10925 10938 I PhoneLab-LoggerService: Logcat process found 1325
07-04 07:47:12.257 10925 10938 I PhoneLab-LoggerService: Checking Threshold
07-04 07:47:12.257 10925 10938 I PhoneLab-: Service Running
07-04 07:47:12.285 10925 10938 I PhoneLab-LoggerService: app_36    1325  1     1828   1384  c00f181c 400107b4 S logcat
07-04 07:47:12.285 10925 10938 I PhoneLab-LoggerService: Logcat pid from database 1325
07-04 07:47:12.285 10925 10938 I PhoneLab-LoggerService: Logcat process found 1325
07-04 07:47:12.285 10925 10938 I PhoneLab-LoggerService: Checking Threshold
07-04 07:47:12.285 10925 10938 I PhoneLab-: Service Running
07-04 07:47:12.312 10925 10938 I PhoneLab-LoggerService: app_36    1325  1     1828   1384  c00f181c 400107b4 S logcat
07-04 07:47:12.312 10925 10938 I PhoneLab-LoggerService: Logcat pid from database 1325
07-04 07:47:12.312 10925 10938 I PhoneLab-LoggerService: Logcat process found 1325
07-04 07:47:12.312 10925 10938 I PhoneLab-LoggerService: Checking Threshold
07-04 07:47:12.312 10925 10938 I PhoneLab-: Service Running
07-04 07:47:12.339 10925 10938 I PhoneLab-LoggerService: app_36    1325  1     1828   1384  c00f181c 400107b4 S logcat
07-04 07:47:12.339 10925 10938 I PhoneLab-LoggerService: Logcat pid from database 1325
07-04 07:47:12.339 10925 10938 I PhoneLab-LoggerService: Logcat process found 1325
07-04 07:47:12.339 10925 10938 I PhoneLab-LoggerService: Checking Threshold
07-04 07:47:12.343 10925 10938 I PhoneLab-: Service Running
07-04 07:47:12.367 10925 10938 I PhoneLab-LoggerService: app_36    1325  1     1828   1384  c00f181c 400107b4 S logcat
07-04 07:47:12.371 10925 10938 I PhoneLab-LoggerService: Logcat pid from database 1325
07-04 07:47:12.371 10925 10938 I PhoneLab-LoggerService: Logcat process found 1325
07-04 07:47:12.371 10925 10938 I PhoneLab-LoggerService: Checking Threshold
07-04 07:47:12.371 10925 10938 I PhoneLab-: Service Running
07-04 07:47:12.410 10925 10938 I PhoneLab-LoggerService: app_36    1325  1     1828   1384  c00f181c 400107b4 S logcat
07-04 07:47:12.410 10925 10938 I PhoneLab-LoggerService: Logcat pid from database 1325
07-04 07:47:12.410 10925 10938 I PhoneLab-LoggerService: Logcat process found 1325
07-04 07:47:12.410 10925 10938 I PhoneLab-LoggerService: Checking Threshold
07-04 07:47:12.410 10925 10938 I PhoneLab-: Service Running
07-04 07:47:12.425 10925 10927 D dalvikvm: GC_CONCURRENT freed 421K, 15% free 9149K/10695K, paused 2ms+2ms
07-04 07:47:12.449 10925 10938 I PhoneLab-LoggerService: app_36    1325  1     1828   1384  c00f181c 400107b4 S logcat
07-04 07:47:12.449 10925 10938 I PhoneLab-LoggerService: Logcat pid from database 1325
07-04 07:47:12.449 10925 10938 I PhoneLab-LoggerService: Logcat process found 1325
07-04 07:47:12.449 10925 10938 I PhoneLab-LoggerService: Checking Threshold
07-04 07:47:12.449 10925 10938 I PhoneLab-: Service Running
07-04 07:47:12.476 10925 10938 I PhoneLab-LoggerService: app_36    1325  1     1828   1384  c00f181c 400107b4 S logcat
07-04 07:47:12.476 10925 10938 I PhoneLab-LoggerService: Logcat pid from database 1325
07-04 07:47:12.476 10925 10938 I PhoneLab-LoggerService: Logcat process found 1325
07-04 07:47:12.476 10925 10938 I PhoneLab-LoggerService: Checking Threshold
07-04 07:47:12.480 10925 10938 I PhoneLab-: Service Running
07-04 07:47:12.507 10925 10938 I PhoneLab-LoggerService: app_36    1325  1     1828   1384  c00f181c 400107b4 S logcat
07-04 07:47:12.507 10925 10938 I PhoneLab-LoggerService: Logcat pid from database 1325
07-04 07:47:12.507 10925 10938 I PhoneLab-LoggerService: Logcat process found 1325
07-04 07:47:12.507 10925 10938 I PhoneLab-LoggerService: Checking Threshold
07-04 07:47:12.507 10925 10938 I PhoneLab-: Service Running
07-04 07:47:12.539 10925 10938 I PhoneLab-LoggerService: app_36    1325  1     1828   1384  c00f181c 400107b4 S logcat
07-04 07:47:12.539 10925 10938 I PhoneLab-LoggerService: Logcat pid from database 1325
07-04 07:47:12.539 10925 10938 I PhoneLab-LoggerService: Logcat process found 1325
07-04 07:47:12.539 10925 10938 I PhoneLab-LoggerService: Checking Threshold
07-04 07:47:12.539 10925 10938 I PhoneLab-: Service Running
07-04 07:47:12.566 10925 10938 I PhoneLab-LoggerService: app_36    1325  1     1828   1384  c00f181c 400107b4 S logcat
07-04 07:47:12.566 10925 10938 I PhoneLab-LoggerService: Logcat pid from database 1325
07-04 07:47:12.566 10925 10938 I PhoneLab-LoggerService: Logcat process found 1325
07-04 07:47:12.566 10925 10938 I PhoneLab-LoggerService: Checking Threshold
07-04 07:47:12.566 10925 10938 I PhoneLab-: Service Running
07-04 07:47:12.593 10925 10938 I PhoneLab-LoggerService: app_36    1325  1     1828   1384  c00f181c 400107b4 S logcat
07-04 07:47:12.593 10925 10938 I PhoneLab-LoggerService: Logcat pid from database 1325
07-04 07:47:12.593 10925 10938 I PhoneLab-LoggerService: Logcat process found 1325
07-04 07:47:12.593 10925 10938 I PhoneLab-LoggerService: Checking Threshold
07-04 07:47:12.593 10925 10938 I PhoneLab-: Service Running
07-04 07:47:12.621 10925 10938 I PhoneLab-LoggerService: app_36    1325  1     1828   1384  c00f181c 400107b4 S logcat
07-04 07:47:12.621 10925 10938 I PhoneLab-LoggerService: Logcat pid from database 1325
07-04 07:47:12.621 10925 10938 I PhoneLab-LoggerService: Logcat process found 1325
07-04 07:47:12.621 10925 10938 I PhoneLab-LoggerService: Checking Threshold
07-04 07:47:12.621 10925 10938 I PhoneLab-: Service Running
07-04 07:47:12.664 10925 10927 D dalvikvm: GC_CONCURRENT freed 386K, 15% free 9148K/10695K, paused 2ms+6ms
07-04 07:47:12.668 10925 10938 I PhoneLab-LoggerService: app_36    1325  1     1828   1384  c00f181c 400107b4 S logcat
07-04 07:47:12.668 10925 10938 I PhoneLab-LoggerService: Logcat pid from database 1325
07-04 07:47:12.668 10925 10938 I PhoneLab-LoggerService: Logcat process found 1325
07-04 07:47:12.668 10925 10938 I PhoneLab-LoggerService: Checking Threshold
07-04 07:47:12.668 10925 10938 I PhoneLab-: Service Running
07-04 07:47:12.699 10925 10938 I PhoneLab-LoggerService: app_36    1325  1     1828   1384  c00f181c 400107b4 S logcat
07-04 07:47:12.699 10925 10938 I PhoneLab-LoggerService: Logcat pid from database 1325
07-04 07:47:12.699 10925 10938 I PhoneLab-LoggerService: Logcat process found 1325
07-04 07:47:12.703 10925 10938 I PhoneLab-LoggerService: Checking Threshold
07-04 07:47:12.703 10925 10938 I PhoneLab-: Service Running
07-04 07:47:12.726 10925 10938 I PhoneLab-LoggerService: app_36    1325  1     1828   1384  c00f181c 400107b4 S logcat
07-04 07:47:12.730 10925 10938 I PhoneLab-LoggerService: Logcat pid from database 1325
07-04 07:47:12.738 10925 10938 I PhoneLab-LoggerService: Logcat process found 1325
07-04 07:47:12.742 10925 10938 I PhoneLab-LoggerService: Checking Threshold
07-04 07:47:12.742 10925 10938 I PhoneLab-: Service Running
07-04 07:47:12.769 10925 10938 I PhoneLab-LoggerService: app_36    1325  1     1828   1384  c00f181c 400107b4 S logcat
07-04 07:47:12.769 10925 10938 I PhoneLab-LoggerService: Logcat pid from database 1325
07-04 07:47:12.769 10925 10938 I PhoneLab-LoggerService: Logcat process found 1325
07-04 07:47:12.769 10925 10938 I PhoneLab-LoggerService: Checking Threshold
07-04 07:47:12.769 10925 10938 I PhoneLab-: Service Running
07-04 07:47:12.796 10925 10938 I PhoneLab-LoggerService: app_36    1325  1     1828   1384  c00f181c 400107b4 S logcat
07-04 07:47:12.796 10925 10938 I PhoneLab-LoggerService: Logcat pid from database 1325
07-04 07:47:12.796 10925 10938 I PhoneLab-LoggerService: Logcat process found 1325
07-04 07:47:12.796 10925 10938 I PhoneLab-LoggerService: Checking Threshold
07-04 07:47:12.796 10925 10938 I PhoneLab-: Service Running
07-04 07:47:12.824 10925 10938 I PhoneLab-LoggerService: app_36    1325  1     1828   1384  c00f181c 400107b4 S logcat
07-04 07:47:12.824 10925 10938 I PhoneLab-LoggerService: Logcat pid from database 1325
07-04 07:47:12.824 10925 10938 I PhoneLab-LoggerService: Logcat process found 1325
07-04 07:47:12.824 10925 10938 I PhoneLab-LoggerService: Checking Threshold
07-04 07:47:12.824 10925 10938 I PhoneLab-: Service Running
07-04 07:47:12.851 10925 10938 I PhoneLab-LoggerService: app_36    1325  1     1828   1384  c00f181c 400107b4 S logcat
07-04 07:47:12.851 10925 10938 I PhoneLab-LoggerService: Logcat pid from database 1325
07-04 07:47:12.851 10925 10938 I PhoneLab-LoggerService: Logcat process found 1325
07-04 07:47:12.851 10925 10938 I PhoneLab-LoggerService: Checking Threshold
07-04 07:48:49.453  9622  9988 I EventLogService: Aggregate from 1341400729324 (log), 1341400729324 (data)
07-04 07:52:12.054 10925 10938 I PhoneLab-: Service Running
07-04 07:52:12.113 10925 10938 I PhoneLab-LoggerService: app_36    1325  1     1828   1384  c00f181c 400107b4 S logcat
07-04 07:52:12.113 10925 10938 I PhoneLab-LoggerService: Logcat pid from database 1325
07-04 07:52:12.117 10925 10938 I PhoneLab-LoggerService: Logcat process found 1325
07-04 07:52:12.117 10925 10938 I PhoneLab-LoggerService: Checking Threshold
07-04 07:52:12.117 10925 10938 I PhoneLab-: Service Running
07-04 07:52:12.148 10925 10927 D dalvikvm: GC_CONCURRENT freed 409K, 15% free 9124K/10695K, paused 2ms+6ms
07-04 07:52:12.168 10925 10938 I PhoneLab-LoggerService: app_36    1325  1     1828   1384  c00f181c 400107b4 S logcat
07-04 07:52:12.168 10925 10938 I PhoneLab-LoggerService: Logcat pid from database 1325
07-04 07:52:12.168 10925 10938 I PhoneLab-LoggerService: Logcat process found 1325
07-04 07:52:12.168 10925 10938 I PhoneLab-LoggerService: Checking Threshold
07-04 07:52:12.168 10925 10938 I PhoneLab-: Service Running
07-04 07:52:12.195 10925 10938 I PhoneLab-LoggerService: app_36    1325  1     1828   1384  c00f181c 400107b4 S logcat
07-04 07:52:12.195 10925 10938 I PhoneLab-LoggerService: Logcat pid from database 1325
07-04 07:52:12.195 10925 10938 I PhoneLab-LoggerService: Logcat process found 1325
07-04 07:52:12.195 10925 10938 I PhoneLab-LoggerService: Checking Threshold
07-04 07:56:58.175   158   161 D dalvikvm: GC_CONCURRENT freed 1839K, 24% free 16059K/20871K, paused 8ms+6ms
07-04 08:00:14.011   158   174 D AlarmManagerService: Kernel timezone updated to 240 minutes west of GMT
07-04 08:00:14.035   158   158 I ActivityManager: Start proc com.google.android.inputmethod.latin.dictionarypack for broadcast com.google.android.inputmethod.latin.dictionarypack/.UpdateHandler: pid=12865 uid=10024 gids={3003, 1015}
07-04 08:00:14.093 12865 12865 I ActivityThread: Pub com.android.inputmethod.latin.dictionarypack: com.google.android.inputmethod.latin.dictionarypack.DictionaryProvider
07-04 08:00:14.113   158  7192 I ActivityManager: No longer want com.android.deskclock (pid 12361): hidden #16
07-04 08:00:15.253   393   395 D dalvikvm: GC_CONCURRENT freed 292K, 64% free 10270K/28231K, paused 2ms+4ms
07-04 08:00:15.296   393   393 D dalvikvm: GC_FOR_ALLOC freed 446K, 64% free 10179K/28231K, paused 17ms
07-04 08:00:15.363   393   395 D dalvikvm: GC_CONCURRENT freed 310K, 64% free 10312K/28231K, paused 2ms+3ms
07-04 08:00:15.550   393   395 D dalvikvm: GC_CONCURRENT freed 409K, 64% free 10360K/28231K, paused 4ms+8ms
07-04 08:00:16.132   158   477 D AlarmManagerService: Kernel timezone updated to 240 minutes west of GMT
07-04 08:00:16.132   475   475 D SystemClock: Setting time of day to sec=1341403217
07-04 08:00:17.076   158   170 I ActivityManager: Start proc com.android.deskclock for broadcast com.android.deskclock/.AlarmInitReceiver: pid=12882 uid=10011 gids={}
07-04 08:00:17.119    80    80 D dalvikvm: GC_EXPLICIT freed 37K, 4% free 9031K/9347K, paused 2ms+2ms
07-04 08:00:17.139    80    80 D dalvikvm: GC_EXPLICIT freed <1K, 4% free 9031K/9347K, paused 1ms+1ms
07-04 08:00:17.186    80    80 D dalvikvm: GC_EXPLICIT freed <1K, 4% free 9031K/9347K, paused 1ms+2ms
07-04 08:00:17.213 12882 12882 I ActivityThread: Pub com.android.deskclock: com.android.deskclock.AlarmProvider
07-04 08:00:17.283   158   158 I ActivityManager: No longer want com.android.providers.calendar (pid 12374): hidden #16
07-04 08:00:17.326 12882 12895 V AlarmClock: AlarmInitReceiver finished
07-04 08:00:17.401 12344 12346 D dalvikvm: GC_CONCURRENT freed 320K, 5% free 9150K/9543K, paused 38ms+2ms
07-04 08:00:17.424  9622  9624 D dalvikvm: GC_CONCURRENT freed 408K, 7% free 9996K/10695K, paused 8ms+2ms
07-04 08:00:22.268   158   175 I ActivityManager: Start proc com.android.providers.calendar for broadcast com.android.providers.calendar/.CalendarProviderBroadcastReceiver: pid=12897 uid=10006 gids={3003, 1015}
07-04 08:00:22.311 12897 12897 I ActivityThread: Pub com.android.calendar: com.android.providers.calendar.CalendarProvider2
07-04 08:00:22.447   158   575 D dalvikvm: GC_EXPLICIT freed 705K, 24% free 16008K/20871K, paused 4ms+8ms
07-04 08:00:22.498   158   509 I ActivityManager: No longer want com.google.android.talk (pid 12474): hidden #16
07-04 08:00:22.838 12250 12251 D dalvikvm: GC_CONCURRENT freed 243K, 28% free 10823K/14855K, paused 15ms+6ms
07-04 08:00:23.557 12897 12897 I CalendarProvider2: Sending notification intent: Intent { act=android.intent.action.PROVIDER_CHANGED dat=content://com.android.calendar }
07-04 08:00:23.576 12897 12897 W ContentResolver: Failed to get type for: content://com.android.calendar (Unknown URL content://com.android.calendar)
07-04 08:00:26.127   158   169 W ActivityManager: finishReceiver called but no pending broadcasts
07-04 08:00:33.078 12250 12251 D dalvikvm: GC_CONCURRENT freed 761K, 29% free 10661K/14855K, paused 2ms+4ms
07-04 08:02:11.070   393   395 D dalvikvm: GC_CONCURRENT freed 599K, 65% free 10151K/28231K, paused 3ms+4ms
07-04 08:04:21.214 10925 10925 I PhoneLab-Locks: wake lock acquired
07-04 08:04:21.246 10925 12913 I PhoneLab-PeriodicCheckService: User info is synched
07-04 08:04:21.250 10925 12913 I PhoneLab-PeriodicCheckService: Logger Service is running
07-04 08:04:21.253 10925 10925 I PhoneLab-Locks: wake lock acquired
07-04 08:04:21.257 10925 10925 I PhoneLab-StatusMonitor: Status Monitoring is started
07-04 08:04:21.261 10925 12913 I PhoneLab-Locks: wake lock acquired
07-04 08:04:21.265 10925 12913 I PhoneLab-PeriodicCheckService: Rescheduling periodic checking...
07-04 08:04:21.265 10925 10925 E PhoneLab-PhoneLabManifest: java.io.FileNotFoundException: /data/data/edu.buffalo.cse.phonelab.phonelabservices/files/manifest.xml: open failed: ENOENT (No such file or directory)
07-04 08:04:21.265 10925 10925 I PhoneLab-Locks: wake lock released
07-04 08:04:21.269 10925 10925 I PhoneLab-UploadLogs: Transfering log files now
07-04 08:04:21.269 10925 10925 I PhoneLab-UploadLogs: No log files to transfer
07-04 08:04:21.269 10925 10925 I PhoneLab-Locks: wake lock released
07-04 08:04:21.269 10925 10925 I PhoneLab-UploadLogs: OnStartCommand
07-04 08:04:21.273 10925 12913 I PhoneLab-Locks: wake lock released
07-04 08:05:32.023 10947 10950 D dalvikvm: GC_CONCURRENT freed 411K, 6% free 9635K/10183K, paused 7ms+3ms
07-04 08:18:49.379 12250 12251 D dalvikvm: GC_CONCURRENT freed 444K, 29% free 10641K/14855K, paused 2ms+2ms
07-04 08:18:49.543  9622 10310 I EventLogService: Aggregate from 1341402529454 (log), 1341402529454 (data)
07-04 08:27:06.050 10925 10938 I PhoneLab-: Service Running
07-04 08:27:06.113 10925 10938 I PhoneLab-LoggerService: app_36    1325  1     1828   1384  c00f181c 400107b4 S logcat
07-04 08:27:06.117 10925 10938 I PhoneLab-LoggerService: Logcat pid from database 1325
07-04 08:27:06.117 10925 10938 I PhoneLab-LoggerService: Logcat process found 1325
07-04 08:27:06.117 10925 10938 I PhoneLab-LoggerService: Checking Threshold
07-04 08:27:06.117 10925 10938 I PhoneLab-: Service Running
07-04 08:27:06.144 10925 10938 I PhoneLab-LoggerService: app_36    1325  1     1828   1384  c00f181c 400107b4 S logcat
07-04 08:27:06.152 10925 10938 I PhoneLab-LoggerService: Logcat pid from database 1325
07-04 08:27:06.156 10925 10938 I PhoneLab-LoggerService: Logcat process found 1325
07-04 08:27:06.156 10925 10938 I PhoneLab-LoggerService: Checking Threshold
07-04 08:27:06.156 10925 10938 I PhoneLab-: Service Running
07-04 08:27:06.183 10925 10938 I PhoneLab-LoggerService: app_36    1325  1     1828   1384  c00f181c 400107b4 S logcat
07-04 08:27:06.183 10925 10938 I PhoneLab-LoggerService: Logcat pid from database 1325
07-04 08:27:06.183 10925 10938 I PhoneLab-LoggerService: Logcat process found 1325
07-04 08:27:06.183 10925 10938 I PhoneLab-LoggerService: Checking Threshold
07-04 08:27:06.183 10925 10938 I PhoneLab-: Service Running
07-04 08:27:06.211 10925 10938 I PhoneLab-LoggerService: app_36    1325  1     1828   1384  c00f181c 400107b4 S logcat
07-04 08:27:06.211 10925 10938 I PhoneLab-LoggerService: Logcat pid from database 1325
07-04 08:27:06.211 10925 10938 I PhoneLab-LoggerService: Logcat process found 1325
07-04 08:27:06.211 10925 10938 I PhoneLab-LoggerService: Checking Threshold
07-04 08:27:06.211 10925 10938 I PhoneLab-: Service Running
07-04 08:27:06.250 10925 10927 D dalvikvm: GC_CONCURRENT freed 381K, 15% free 9158K/10695K, paused 1ms+2ms
07-04 08:27:06.257 10925 10938 I PhoneLab-LoggerService: app_36    1325  1     1828   1384  c00f181c 400107b4 S logcat
07-04 08:27:06.257 10925 10938 I PhoneLab-LoggerService: Logcat pid from database 1325
07-04 08:27:06.261 10925 10938 I PhoneLab-LoggerService: Logcat process found 1325
07-04 08:27:06.261 10925 10938 I PhoneLab-LoggerService: Checking Threshold
07-04 08:27:06.261 10925 10938 I PhoneLab-: Service Running
07-04 08:27:06.289 10925 10938 I PhoneLab-LoggerService: app_36    1325  1     1828   1384  c00f181c 400107b4 S logcat
07-04 08:27:06.289 10925 10938 I PhoneLab-LoggerService: Logcat pid from database 1325
07-04 08:27:06.289 10925 10938 I PhoneLab-LoggerService: Logcat process found 1325
07-04 08:27:06.289 10925 10938 I PhoneLab-LoggerService: Checking Threshold
07-04 08:27:06.289 10925 10938 I PhoneLab-: Service Running
07-04 08:27:06.316 10925 10938 I PhoneLab-LoggerService: app_36    1325  1     1828   1384  c00f181c 400107b4 S logcat
07-04 08:27:06.316 10925 10938 I PhoneLab-LoggerService: Logcat pid from database 1325
07-04 08:27:06.316 10925 10938 I PhoneLab-LoggerService: Logcat process found 1325
07-04 08:27:06.316 10925 10938 I PhoneLab-LoggerService: Checking Threshold
07-04 08:27:06.320 10925 10938 I PhoneLab-: Service Running
07-04 08:27:06.343 10925 10938 I PhoneLab-LoggerService: app_36    1325  1     1828   1384  c00f181c 400107b4 S logcat
07-04 08:27:06.343 10925 10938 I PhoneLab-LoggerService: Logcat pid from database 1325
07-04 08:27:06.347 10925 10938 I PhoneLab-LoggerService: Logcat process found 1325
07-04 08:27:06.347 10925 10938 I PhoneLab-LoggerService: Checking Threshold
07-04 08:27:06.347 10925 10938 I PhoneLab-: Service Running
07-04 08:27:06.371 10925 10938 I PhoneLab-LoggerService: app_36    1325  1     1828   1384  c00f181c 400107b4 S logcat
07-04 08:27:06.375 10925 10938 I PhoneLab-LoggerService: Logcat pid from database 1325
07-04 08:27:06.375 10925 10938 I PhoneLab-LoggerService: Logcat process found 1325
07-04 08:27:06.375 10925 10938 I PhoneLab-LoggerService: Checking Threshold
07-04 08:27:06.375 10925 10938 I PhoneLab-: Service Running
07-04 08:27:06.402 10925 10938 I PhoneLab-LoggerService: app_36    1325  1     1828   1384  c00f181c 400107b4 S logcat
07-04 08:27:06.402 10925 10938 I PhoneLab-LoggerService: Logcat pid from database 1325
07-04 08:27:06.402 10925 10938 I PhoneLab-LoggerService: Logcat process found 1325
07-04 08:27:06.402 10925 10938 I PhoneLab-LoggerService: Checking Threshold
07-04 08:27:06.402 10925 10938 I PhoneLab-: Service Running
07-04 08:27:06.429 10925 10938 I PhoneLab-LoggerService: app_36    1325  1     1828   1384  c00f181c 400107b4 S logcat
07-04 08:27:06.429 10925 10938 I PhoneLab-LoggerService: Logcat pid from database 1325
07-04 08:27:06.429 10925 10938 I PhoneLab-LoggerService: Logcat process found 1325
07-04 08:27:06.429 10925 10938 I PhoneLab-LoggerService: Checking Threshold
07-04 08:27:06.429 10925 10938 I PhoneLab-: Service Running
07-04 08:27:06.457 10925 10938 I PhoneLab-LoggerService: app_36    1325  1     1828   1384  c00f181c 400107b4 S logcat
07-04 08:27:06.457 10925 10938 I PhoneLab-LoggerService: Logcat pid from database 1325
07-04 08:27:06.457 10925 10938 I PhoneLab-LoggerService: Logcat process found 1325
07-04 08:27:06.457 10925 10938 I PhoneLab-LoggerService: Checking Threshold
07-04 08:27:06.457 10925 10938 I PhoneLab-: Service Running
07-04 08:27:06.496 10925 10927 D dalvikvm: GC_CONCURRENT freed 409K, 15% free 9160K/10695K, paused 1ms+1ms
07-04 08:27:06.504 10925 10938 I PhoneLab-LoggerService: app_36    1325  1     1828   1384  c00f181c 400107b4 S logcat
07-04 08:27:06.691 10925 10938 I PhoneLab-LoggerService: Logcat pid from database 1325
07-04 08:27:06.691 10925 10938 I PhoneLab-LoggerService: Logcat process found 1325
07-04 08:27:06.691 10925 10938 I PhoneLab-LoggerService: Checking Threshold
07-04 08:27:06.691 10925 10938 I PhoneLab-: Service Running
07-04 08:27:06.722 10925 10938 I PhoneLab-LoggerService: app_36    1325  1     1828   1384  c00f181c 400107b4 S logcat
07-04 08:27:06.726 10925 10938 I PhoneLab-LoggerService: Logcat pid from database 1325
07-04 08:27:06.726 10925 10938 I PhoneLab-LoggerService: Logcat process found 1325
07-04 08:27:06.726 10925 10938 I PhoneLab-LoggerService: Checking Threshold
07-04 08:27:06.726 10925 10938 I PhoneLab-: Service Running
07-04 08:27:06.754 10925 10938 I PhoneLab-LoggerService: app_36    1325  1     1828   1384  c00f181c 400107b4 S logcat
07-04 08:27:06.754 10925 10938 I PhoneLab-LoggerService: Logcat pid from database 1325
07-04 08:27:06.754 10925 10938 I PhoneLab-LoggerService: Logcat process found 1325
07-04 08:27:06.754 10925 10938 I PhoneLab-LoggerService: Checking Threshold
07-04 08:27:06.754 10925 10938 I PhoneLab-: Service Running
07-04 08:27:06.781 10925 10938 I PhoneLab-LoggerService: app_36    1325  1     1828   1384  c00f181c 400107b4 S logcat
07-04 08:27:06.781 10925 10938 I PhoneLab-LoggerService: Logcat pid from database 1325
07-04 08:27:06.781 10925 10938 I PhoneLab-LoggerService: Logcat process found 1325
07-04 08:27:06.781 10925 10938 I PhoneLab-LoggerService: Checking Threshold
07-04 08:27:06.781 10925 10938 I PhoneLab-: Service Running
07-04 08:27:06.808 10925 10938 I PhoneLab-LoggerService: app_36    1325  1     1828   1384  c00f181c 400107b4 S logcat
07-04 08:27:06.808 10925 10938 I PhoneLab-LoggerService: Logcat pid from database 1325
07-04 08:27:06.808 10925 10938 I PhoneLab-LoggerService: Logcat process found 1325
07-04 08:27:06.808 10925 10938 I PhoneLab-LoggerService: Checking Threshold
07-04 08:27:07.332   158   174 V BackupManagerService: Running a backup pass
07-04 08:27:07.351   158   329 V BackupManagerService: Backup requested but nothing pending
07-04 08:29:52.050  7745  7745 I wpa_supplicant: wlan0: WPA: Group rekeying completed with 98:fc:11:c3:3f:e6 [GTK=TKIP]
07-04 08:29:55.187   158   158 D AlarmManagerService: Kernel timezone updated to 240 minutes west of GMT
07-04 08:29:55.195   475   475 D SystemClock: Setting time of day to sec=1341404995
07-04 08:29:55.052 12882 12895 V AlarmClock: AlarmInitReceiver finished
07-04 08:29:55.184   158   161 D dalvikvm: GC_CONCURRENT freed 1578K, 24% free 16055K/20871K, paused 3ms+7ms
07-04 08:29:59.183 10925 10938 I PhoneLab-: Service Running
07-04 08:29:59.218 10925 10938 I PhoneLab-LoggerService: app_36    1325  1     1828   1384  c00f181c 400107b4 S logcat
07-04 08:29:59.218 10925 10938 I PhoneLab-LoggerService: Logcat pid from database 1325
07-04 08:29:59.218 10925 10938 I PhoneLab-LoggerService: Logcat process found 1325
07-04 08:29:59.218 10925 10938 I PhoneLab-LoggerService: Checking Threshold
07-04 08:29:59.218 10925 10938 I PhoneLab-: Service Running
07-04 08:29:59.246 10925 10938 I PhoneLab-LoggerService: app_36    1325  1     1828   1384  c00f181c 400107b4 S logcat
07-04 08:29:59.246 10925 10938 I PhoneLab-LoggerService: Logcat pid from database 1325
07-04 08:29:59.246 10925 10938 I PhoneLab-LoggerService: Logcat process found 1325
07-04 08:29:59.246 10925 10938 I PhoneLab-LoggerService: Checking Threshold
07-04 08:30:33.027 12897 12899 D dalvikvm: GC_CONCURRENT freed 336K, 5% free 9157K/9607K, paused 2ms+3ms
07-04 08:33:52.082   393   395 D dalvikvm: GC_CONCURRENT freed 296K, 64% free 10241K/28231K, paused 2ms+5ms
07-04 08:34:21.316 10925 10925 I PhoneLab-Locks: wake lock acquired
07-04 08:34:21.332 10925 12939 I PhoneLab-PeriodicCheckService: User info is synched
07-04 08:34:21.336 10925 12939 I PhoneLab-PeriodicCheckService: Logger Service is running
07-04 08:34:21.339 10925 10925 I PhoneLab-Locks: wake lock acquired
07-04 08:34:21.347 10925 10925 I PhoneLab-StatusMonitor: Status Monitoring is started
07-04 08:34:21.367 10925 10925 E PhoneLab-PhoneLabManifest: java.io.FileNotFoundException: /data/data/edu.buffalo.cse.phonelab.phonelabservices/files/manifest.xml: open failed: ENOENT (No such file or directory)
07-04 08:34:21.367 10925 10925 I PhoneLab-Locks: wake lock released
07-04 08:34:21.371 10925 12939 I PhoneLab-Locks: wake lock acquired
07-04 08:34:21.375 10925 10925 I PhoneLab-UploadLogs: Transfering log files now
07-04 08:34:21.375 10925 10925 I PhoneLab-UploadLogs: No log files to transfer
07-04 08:34:21.375 10925 12939 I PhoneLab-PeriodicCheckService: Rescheduling periodic checking...
07-04 08:34:21.375 10925 10925 I PhoneLab-Locks: wake lock released
07-04 08:34:21.382 10925 10925 I PhoneLab-UploadLogs: OnStartCommand
07-04 08:34:21.382 10925 12939 I PhoneLab-Locks: wake lock released
07-04 08:35:31.093 10925 10927 D dalvikvm: GC_CONCURRENT freed 426K, 15% free 9127K/10695K, paused 2ms+2ms
07-04 08:45:33.047 11979 11980 D dalvikvm: GC_CONCURRENT freed 391K, 6% free 9340K/9863K, paused 2ms+2ms
07-04 08:47:36.910   393   395 D dalvikvm: GC_CONCURRENT freed 269K, 64% free 10420K/28231K, paused 2ms+4ms
07-04 08:47:36.961   393   395 D dalvikvm: GC_CONCURRENT freed 721K, 64% free 10179K/28231K, paused 1ms+3ms
07-04 08:47:37.050   393   395 D dalvikvm: GC_CONCURRENT freed 330K, 64% free 10303K/28231K, paused 1ms+4ms
07-04 08:47:44.023 12250 12251 D dalvikvm: GC_CONCURRENT freed 220K, 28% free 10840K/14855K, paused 17ms+6ms
07-04 08:47:46.914   158   578 W ActivityManager: finishReceiver called but no pending broadcasts
07-04 08:48:18.129   393   395 D dalvikvm: GC_CONCURRENT freed 372K, 64% free 10361K/28231K, paused 2ms+4ms
07-04 08:48:18.214   393   395 D dalvikvm: GC_CONCURRENT freed 624K, 64% free 10234K/28231K, paused 1ms+4ms
07-04 08:48:18.273 12250 12251 D dalvikvm: GC_CONCURRENT freed 1016K, 30% free 10429K/14855K, paused 17ms+3ms
07-04 08:48:50.031  9622 10522 I EventLogService: Aggregate from 1341404329547 (log), 1341404329547 (data)
07-04 09:00:57.152   158   161 D dalvikvm: GC_CONCURRENT freed 1640K, 23% free 16080K/20871K, paused 3ms+7ms
07-04 09:02:11.816 10925 10938 I PhoneLab-: Service Running
07-04 09:02:11.882 10925 10938 I PhoneLab-LoggerService: app_36    1325  1     1828   1384  c00f181c 400107b4 S logcat
07-04 09:02:11.882 10925 10938 I PhoneLab-LoggerService: Logcat pid from database 1325
07-04 09:02:11.882 10925 10938 I PhoneLab-LoggerService: Logcat process found 1325
07-04 09:02:11.882 10925 10938 I PhoneLab-LoggerService: Checking Threshold
07-04 09:02:11.882 10925 10938 I PhoneLab-: Service Running
07-04 09:02:11.910 10925 10938 I PhoneLab-LoggerService: app_36    1325  1     1828   1384  c00f181c 400107b4 S logcat
07-04 09:02:11.910 10925 10938 I PhoneLab-LoggerService: Logcat pid from database 1325
07-04 09:02:11.910 10925 10938 I PhoneLab-LoggerService: Logcat process found 1325
07-04 09:02:11.910 10925 10938 I PhoneLab-LoggerService: Checking Threshold
07-04 09:02:11.910 10925 10938 I PhoneLab-: Service Running
07-04 09:02:11.937 10925 10938 I PhoneLab-LoggerService: app_36    1325  1     1828   1384  c00f181c 400107b4 S logcat
07-04 09:02:11.937 10925 10938 I PhoneLab-LoggerService: Logcat pid from database 1325
07-04 09:02:11.937 10925 10938 I PhoneLab-LoggerService: Logcat process found 1325
07-04 09:02:11.937 10925 10938 I PhoneLab-LoggerService: Checking Threshold
07-04 09:02:11.937 10925 10938 I PhoneLab-: Service Running
07-04 09:02:11.964 10925 10938 I PhoneLab-LoggerService: app_36    1325  1     1828   1384  c00f181c 400107b4 S logcat
07-04 09:02:11.964 10925 10938 I PhoneLab-LoggerService: Logcat pid from database 1325
07-04 09:02:11.964 10925 10938 I PhoneLab-LoggerService: Logcat process found 1325
07-04 09:02:11.964 10925 10938 I PhoneLab-LoggerService: Checking Threshold
07-04 09:02:11.968 10925 10938 I PhoneLab-: Service Running
07-04 09:02:43.027 10925 10938 I PhoneLab-LoggerService: app_36    1325  1     1828   1384  c00f181c 400107b4 S logcat
07-04 09:02:43.027 10925 10938 I PhoneLab-LoggerService: Logcat pid from database 1325
07-04 09:02:43.027 10925 10938 I PhoneLab-LoggerService: Logcat process found 1325
07-04 09:02:43.027 10925 10938 I PhoneLab-LoggerService: Checking Threshold
07-04 09:02:43.027 10925 10938 I PhoneLab-: Service Running
07-04 09:02:43.058 10925 10938 I PhoneLab-LoggerService: app_36    1325  1     1828   1384  c00f181c 400107b4 S logcat
07-04 09:02:43.062 10925 10938 I PhoneLab-LoggerService: Logcat pid from database 1325
07-04 09:02:43.062 10925 10938 I PhoneLab-LoggerService: Logcat process found 1325
07-04 09:02:43.062 10925 10938 I PhoneLab-LoggerService: Checking Threshold
07-04 09:02:43.062 10925 10938 I PhoneLab-: Service Running
07-04 09:02:43.089 10925 10938 I PhoneLab-LoggerService: app_36    1325  1     1828   1384  c00f181c 400107b4 S logcat
07-04 09:02:43.093 10925 10938 I PhoneLab-LoggerService: Logcat pid from database 1325
07-04 09:02:43.093 10925 10938 I PhoneLab-LoggerService: Logcat process found 1325
07-04 09:02:43.093 10925 10938 I PhoneLab-LoggerService: Checking Threshold
07-04 09:02:43.093 10925 10938 I PhoneLab-: Service Running
07-04 09:02:43.132 10925 10927 D dalvikvm: GC_CONCURRENT freed 364K, 15% free 9148K/10695K, paused 2ms+2ms
07-04 09:02:43.136 10925 10938 I PhoneLab-LoggerService: app_36    1325  1     1828   1384  c00f181c 400107b4 S logcat
07-04 09:02:43.136 10925 10938 I PhoneLab-LoggerService: Logcat pid from database 1325
07-04 09:02:43.136 10925 10938 I PhoneLab-LoggerService: Logcat process found 1325
07-04 09:02:43.136 10925 10938 I PhoneLab-LoggerService: Checking Threshold
07-04 09:02:43.136 10925 10938 I PhoneLab-: Service Running
07-04 09:02:43.171 10925 10938 I PhoneLab-LoggerService: app_36    1325  1     1828   1384  c00f181c 400107b4 S logcat
07-04 09:02:43.171 10925 10938 I PhoneLab-LoggerService: Logcat pid from database 1325
07-04 09:02:43.171 10925 10938 I PhoneLab-LoggerService: Logcat process found 1325
07-04 09:02:43.171 10925 10938 I PhoneLab-LoggerService: Checking Threshold
07-04 09:02:43.171 10925 10938 I PhoneLab-: Service Running
07-04 09:02:43.199 10925 10938 I PhoneLab-LoggerService: app_36    1325  1     1828   1384  c00f181c 400107b4 S logcat
07-04 09:02:43.199 10925 10938 I PhoneLab-LoggerService: Logcat pid from database 1325
07-04 09:02:43.199 10925 10938 I PhoneLab-LoggerService: Logcat process found 1325
07-04 09:02:43.199 10925 10938 I PhoneLab-LoggerService: Checking Threshold
07-04 09:02:43.199 10925 10938 I PhoneLab-: Service Running
07-04 09:02:43.226 10925 10938 I PhoneLab-LoggerService: app_36    1325  1     1828   1384  c00f181c 400107b4 S logcat
07-04 09:02:43.226 10925 10938 I PhoneLab-LoggerService: Logcat pid from database 1325
07-04 09:02:43.226 10925 10938 I PhoneLab-LoggerService: Logcat process found 1325
07-04 09:02:43.226 10925 10938 I PhoneLab-LoggerService: Checking Threshold
07-04 09:02:43.226 10925 10938 I PhoneLab-: Service Running
07-04 09:02:43.254 10925 10938 I PhoneLab-LoggerService: app_36    1325  1     1828   1384  c00f181c 400107b4 S logcat
07-04 09:02:43.254 10925 10938 I PhoneLab-LoggerService: Logcat pid from database 1325
07-04 09:02:43.254 10925 10938 I PhoneLab-LoggerService: Logcat process found 1325
07-04 09:02:43.254 10925 10938 I PhoneLab-LoggerService: Checking Threshold
07-04 09:02:43.254 10925 10938 I PhoneLab-: Service Running
07-04 09:02:43.281 10925 10938 I PhoneLab-LoggerService: app_36    1325  1     1828   1384  c00f181c 400107b4 S logcat
07-04 09:02:43.281 10925 10938 I PhoneLab-LoggerService: Logcat pid from database 1325
07-04 09:02:43.281 10925 10938 I PhoneLab-LoggerService: Logcat process found 1325
07-04 09:02:43.281 10925 10938 I PhoneLab-LoggerService: Checking Threshold
07-04 09:02:43.281 10925 10938 I PhoneLab-: Service Running
07-04 09:02:43.308 10925 10938 I PhoneLab-LoggerService: app_36    1325  1     1828   1384  c00f181c 400107b4 S logcat
07-04 09:02:43.308 10925 10938 I PhoneLab-LoggerService: Logcat pid from database 1325
07-04 09:02:43.308 10925 10938 I PhoneLab-LoggerService: Logcat process found 1325
07-04 09:02:43.308 10925 10938 I PhoneLab-LoggerService: Checking Threshold
07-04 09:02:43.308 10925 10938 I PhoneLab-: Service Running
07-04 09:02:43.336 10925 10938 I PhoneLab-LoggerService: app_36    1325  1     1828   1384  c00f181c 400107b4 S logcat
07-04 09:02:43.336 10925 10938 I PhoneLab-LoggerService: Logcat pid from database 1325
07-04 09:02:43.343 10925 10938 I PhoneLab-LoggerService: Logcat process found 1325
07-04 09:02:43.343 10925 10938 I PhoneLab-LoggerService: Checking Threshold
07-04 09:02:43.343 10925 10938 I PhoneLab-: Service Running
07-04 09:02:43.371 10925 10927 D dalvikvm: GC_CONCURRENT freed 409K, 15% free 9124K/10695K, paused 2ms+3ms
07-04 09:02:43.386 10925 10938 I PhoneLab-LoggerService: app_36    1325  1     1828   1384  c00f181c 400107b4 S logcat
07-04 09:02:43.386 10925 10938 I PhoneLab-LoggerService: Logcat pid from database 1325
07-04 09:02:43.390 10925 10938 I PhoneLab-LoggerService: Logcat process found 1325
07-04 09:02:43.390 10925 10938 I PhoneLab-LoggerService: Checking Threshold
07-04 09:03:58.121 12250 12251 D dalvikvm: GC_CONCURRENT freed 177K, 29% free 10640K/14855K, paused 4ms+5ms
07-04 09:04:21.402 10925 10925 I PhoneLab-Locks: wake lock acquired
07-04 09:04:21.433 10925 12963 I PhoneLab-PeriodicCheckService: User info is synched
07-04 09:04:21.437 10925 12963 I PhoneLab-PeriodicCheckService: Logger Service is running
07-04 09:04:21.441 10925 12963 I PhoneLab-Locks: wake lock acquired
07-04 09:04:21.441 10925 10925 I PhoneLab-UploadLogs: Transfering log files now
07-04 09:04:21.445 10925 10925 I PhoneLab-UploadLogs: No log files to transfer
07-04 09:04:21.445 10925 10925 I PhoneLab-Locks: wake lock released
07-04 09:04:21.445 10925 10925 I PhoneLab-UploadLogs: OnStartCommand
07-04 09:04:21.445 10925 12963 I PhoneLab-PeriodicCheckService: Rescheduling periodic checking...
07-04 09:04:21.449 10925 12963 I PhoneLab-Locks: wake lock released
07-04 09:04:23.730   158   158 D AlarmManagerService: Kernel timezone updated to 240 minutes west of GMT
07-04 09:04:23.730   475   475 D SystemClock: Setting time of day to sec=1341407064
07-04 09:04:24.092 12882 12895 V AlarmClock: AlarmInitReceiver finished
07-04 09:07:13.129   393   395 D dalvikvm: GC_CONCURRENT freed 399K, 64% free 10220K/28231K, paused 2ms+4ms
07-04 09:18:50.328  9622 10245 I EventLogService: Aggregate from 1341406130035 (log), 1341406130035 (data)
07-04 09:22:13.211 10925 10938 I PhoneLab-: Service Running
07-04 09:22:13.277 10925 10938 I PhoneLab-LoggerService: app_36    1325  1     1828   1384  c00f181c 400107b4 S logcat
07-04 09:22:13.277 10925 10938 I PhoneLab-LoggerService: Logcat pid from database 1325
07-04 09:22:13.277 10925 10938 I PhoneLab-LoggerService: Logcat process found 1325
07-04 09:22:13.277 10925 10938 I PhoneLab-LoggerService: Checking Threshold
07-04 09:22:13.277 10925 10938 I PhoneLab-: Service Running
07-04 09:22:13.304 10925 10938 I PhoneLab-LoggerService: app_36    1325  1     1828   1384  c00f181c 400107b4 S logcat
07-04 09:22:13.304 10925 10938 I PhoneLab-LoggerService: Logcat pid from database 1325
07-04 09:22:13.304 10925 10938 I PhoneLab-LoggerService: Logcat process found 1325
07-04 09:22:13.304 10925 10938 I PhoneLab-LoggerService: Checking Threshold
07-04 09:22:13.304 10925 10938 I PhoneLab-: Service Running
07-04 09:22:13.332 10925 10938 I PhoneLab-LoggerService: app_36    1325  1     1828   1384  c00f181c 400107b4 S logcat
07-04 09:22:13.332 10925 10938 I PhoneLab-LoggerService: Logcat pid from database 1325
07-04 09:22:13.332 10925 10938 I PhoneLab-LoggerService: Logcat process found 1325
07-04 09:22:13.332 10925 10938 I PhoneLab-LoggerService: Checking Threshold
07-04 09:22:13.332 10925 10938 I PhoneLab-: Service Running
07-04 09:22:13.359 10925 10938 I PhoneLab-LoggerService: app_36    1325  1     1828   1384  c00f181c 400107b4 S logcat
07-04 09:22:13.359 10925 10938 I PhoneLab-LoggerService: Logcat pid from database 1325
07-04 09:22:13.359 10925 10938 I PhoneLab-LoggerService: Logcat process found 1325
07-04 09:22:13.359 10925 10938 I PhoneLab-LoggerService: Checking Threshold
07-04 09:22:13.363 10925 10938 I PhoneLab-: Service Running
07-04 09:22:13.386 10925 10938 I PhoneLab-LoggerService: app_36    1325  1     1828   1384  c00f181c 400107b4 S logcat
07-04 09:22:13.386 10925 10938 I PhoneLab-LoggerService: Logcat pid from database 1325
07-04 09:22:13.390 10925 10938 I PhoneLab-LoggerService: Logcat process found 1325
07-04 09:22:13.390 10925 10938 I PhoneLab-LoggerService: Checking Threshold
07-04 09:22:13.390 10925 10938 I PhoneLab-: Service Running
07-04 09:22:13.414 10925 10938 I PhoneLab-LoggerService: app_36    1325  1     1828   1384  c00f181c 400107b4 S logcat
07-04 09:22:13.418 10925 10938 I PhoneLab-LoggerService: Logcat pid from database 1325
07-04 09:22:13.418 10925 10938 I PhoneLab-LoggerService: Logcat process found 1325
07-04 09:22:13.421 10925 10938 I PhoneLab-LoggerService: Checking Threshold
07-04 09:22:13.421 10925 10938 I PhoneLab-: Service Running
07-04 09:22:13.449 10925 10927 D dalvikvm: GC_CONCURRENT freed 386K, 15% free 9123K/10695K, paused 1ms+2ms
07-04 09:22:13.468 10925 10938 I PhoneLab-LoggerService: app_36    1325  1     1828   1384  c00f181c 400107b4 S logcat
07-04 09:22:13.468 10925 10938 I PhoneLab-LoggerService: Logcat pid from database 1325
07-04 09:22:13.468 10925 10938 I PhoneLab-LoggerService: Logcat process found 1325
07-04 09:22:13.468 10925 10938 I PhoneLab-LoggerService: Checking Threshold
07-04 09:22:13.468 10925 10938 I PhoneLab-: Service Running
07-04 09:22:13.496 10925 10938 I PhoneLab-LoggerService: app_36    1325  1     1828   1384  c00f181c 400107b4 S logcat
07-04 09:22:13.496 10925 10938 I PhoneLab-LoggerService: Logcat pid from database 1325
07-04 09:22:13.496 10925 10938 I PhoneLab-LoggerService: Logcat process found 1325
07-04 09:22:13.496 10925 10938 I PhoneLab-LoggerService: Checking Threshold
07-04 09:22:13.496 10925 10938 I PhoneLab-: Service Running
07-04 09:22:13.523 10925 10938 I PhoneLab-LoggerService: app_36    1325  1     1828   1384  c00f181c 400107b4 S logcat
07-04 09:22:13.527 10925 10938 I PhoneLab-LoggerService: Logcat pid from database 1325
07-04 09:22:13.527 10925 10938 I PhoneLab-LoggerService: Logcat process found 1325
07-04 09:22:13.527 10925 10938 I PhoneLab-LoggerService: Checking Threshold
07-04 09:22:13.527 10925 10938 I PhoneLab-: Service Running
07-04 09:22:13.554 10925 10938 I PhoneLab-LoggerService: app_36    1325  1     1828   1384  c00f181c 400107b4 S logcat
07-04 09:22:13.554 10925 10938 I PhoneLab-LoggerService: Logcat pid from database 1325
07-04 09:22:13.554 10925 10938 I PhoneLab-LoggerService: Logcat process found 1325
07-04 09:22:13.554 10925 10938 I PhoneLab-LoggerService: Checking Threshold
07-04 09:24:36.007   158   208 I power   : *** set_screen_state 1
07-04 09:24:36.023   158   208 W WindowManager: Aborted waiting for drawn: Window{413ab530 Keyguard paused=false}
07-04 09:24:36.023   158   208 I WindowManager: Lock screen displayed!
07-04 09:24:36.246    79   123 D SurfaceFlinger: Screen about to return, flinger = 0x1e7d918
07-04 09:24:41.726   393   393 D PhoneStatusBar: disable: < expand icons alerts ticker system_info BACK* HOME* RECENT CLOCK* >
07-04 09:24:41.890   158   477 I ActivityManager: No longer want com.android.browser (pid 12568): hidden #16
07-04 09:24:42.027   393   395 D dalvikvm: GC_CONCURRENT freed 460K, 64% free 10187K/28231K, paused 2ms+4ms
07-04 09:24:42.117   393   395 D dalvikvm: GC_CONCURRENT freed 520K, 65% free 10133K/28231K, paused 2ms+3ms
07-04 09:24:46.847   158   161 D dalvikvm: GC_CONCURRENT freed 1530K, 23% free 16190K/20871K, paused 4ms+7ms
07-04 09:24:49.804   158   213 I InputReader: Dropping virtual key from device cypress-touchkey because virtual keys are temporarily disabled for the next 234.386ms.  keyCode=3, scanCode=102
07-04 09:24:49.996   158   213 I InputReader: Dropping key up from device cypress-touchkey because the key was not down.  keyCode=3, scanCode=102
07-04 09:24:50.093   158   213 I InputReader: Dropping virtual key from device cypress-touchkey because virtual keys are temporarily disabled for the next 246.311ms.  keyCode=3, scanCode=102
07-04 09:24:50.144   158   213 I InputReader: Dropping key up from device cypress-touchkey because the key was not down.  keyCode=3, scanCode=102
07-04 09:24:59.664   158   204 I power   : *** set_screen_state 0
07-04 09:24:59.734    79   123 D SurfaceFlinger: About to give-up screen, flinger = 0x1e7d918
07-04 09:24:59.839   158   208 V TransportControlView: Create TCV com.android.internal.widget.TransportControlView@41559e90
07-04 09:24:59.894 12674 12677 D dalvikvm: GC_CONCURRENT freed 407K, 6% free 10282K/10887K, paused 25ms+2ms
07-04 09:28:51.793   158   174 V BackupManagerService: Running a backup pass
07-04 09:28:51.804   158   329 V BackupManagerService: Backup requested but nothing pending
07-04 09:30:01.019  7745  7745 I wpa_supplicant: wlan0: WPA: Group rekeying completed with 98:fc:11:c3:3f:e6 [GTK=TKIP]
07-04 09:34:22.007 10925 10925 I PhoneLab-Locks: wake lock acquired
07-04 09:34:22.050 10925 12983 I PhoneLab-PeriodicCheckService: User info is synched
07-04 09:34:22.070 10925 12983 I PhoneLab-PeriodicCheckService: Logger Service is running
07-04 09:34:22.078 10925 10925 I PhoneLab-Locks: wake lock acquired
07-04 09:34:22.082 10925 10925 I PhoneLab-StatusMonitor: Status Monitoring is started
07-04 09:34:22.086 10925 12983 I PhoneLab-Locks: wake lock acquired
07-04 09:34:22.086 10925 10925 E PhoneLab-PhoneLabManifest: java.io.FileNotFoundException: /data/data/edu.buffalo.cse.phonelab.phonelabservices/files/manifest.xml: open failed: ENOENT (No such file or directory)
07-04 09:34:22.089 10925 12983 I PhoneLab-PeriodicCheckService: Rescheduling periodic checking...
07-04 09:34:22.089 10925 12983 I PhoneLab-Locks: wake lock released
07-04 09:34:22.093 10925 10925 I PhoneLab-Locks: wake lock released
07-04 09:34:22.093 10925 10925 I PhoneLab-UploadLogs: Transfering log files now
07-04 09:34:22.093 10925 10925 I PhoneLab-UploadLogs: No log files to transfer
07-04 09:34:22.093 10925 10925 I PhoneLab-Locks: wake lock released
07-04 09:34:22.097 10925 10925 I PhoneLab-UploadLogs: OnStartCommand
07-04 09:39:58.156   158   161 D dalvikvm: GC_CONCURRENT freed 1605K, 23% free 16278K/20871K, paused 2ms+7ms
07-04 09:44:59.672   158   578 D dalvikvm: GC_EXPLICIT freed 228K, 23% free 16230K/20871K, paused 22ms+5ms
07-04 09:44:59.793 10925 10938 I PhoneLab-: Service Running
07-04 09:44:59.859 10925 10938 I PhoneLab-LoggerService: app_36    1325  1     1828   1384  c00f181c 400107b4 S logcat
07-04 09:44:59.859 10925 10938 I PhoneLab-LoggerService: Logcat pid from database 1325
07-04 09:44:59.859 10925 10938 I PhoneLab-LoggerService: Logcat process found 1325
07-04 09:44:59.863 10925 10938 I PhoneLab-LoggerService: Checking Threshold
07-04 09:44:59.863 10925 10938 I PhoneLab-: Service Running
07-04 09:44:59.886 10925 10938 I PhoneLab-LoggerService: app_36    1325  1     1828   1384  c00f181c 400107b4 S logcat
07-04 09:44:59.890 10925 10938 I PhoneLab-LoggerService: Logcat pid from database 1325
07-04 09:44:59.890 10925 10938 I PhoneLab-LoggerService: Logcat process found 1325
07-04 09:44:59.890 10925 10938 I PhoneLab-LoggerService: Checking Threshold
07-04 09:44:59.890 10925 10938 I PhoneLab-: Service Running
07-04 09:44:59.929 10925 10927 D dalvikvm: GC_CONCURRENT freed 380K, 15% free 9147K/10695K, paused 1ms+2ms
07-04 09:44:59.933 10925 10938 I PhoneLab-LoggerService: app_36    1325  1     1828   1384  c00f181c 400107b4 S logcat
07-04 09:44:59.933 10925 10938 I PhoneLab-LoggerService: Logcat pid from database 1325
07-04 09:44:59.933 10925 10938 I PhoneLab-LoggerService: Logcat process found 1325
07-04 09:44:59.933 10925 10938 I PhoneLab-LoggerService: Checking Threshold
07-04 09:44:59.933 10925 10938 I PhoneLab-: Service Running
07-04 09:44:59.968 10925 10938 I PhoneLab-LoggerService: app_36    1325  1     1828   1384  c00f181c 400107b4 S logcat
07-04 09:44:59.968 10925 10938 I PhoneLab-LoggerService: Logcat pid from database 1325
07-04 09:44:59.968 10925 10938 I PhoneLab-LoggerService: Logcat process found 1325
07-04 09:44:59.968 10925 10938 I PhoneLab-LoggerService: Checking Threshold
07-04 09:44:59.968 10925 10938 I PhoneLab-: Service Running
07-04 09:44:59.996 10925 10938 I PhoneLab-LoggerService: app_36    1325  1     1828   1384  c00f181c 400107b4 S logcat
07-04 09:44:59.996 10925 10938 I PhoneLab-LoggerService: Logcat pid from database 1325
07-04 09:44:59.996 10925 10938 I PhoneLab-LoggerService: Logcat process found 1325
07-04 09:44:59.996 10925 10938 I PhoneLab-LoggerService: Checking Threshold
07-04 09:44:59.996 10925 10938 I PhoneLab-: Service Running
07-04 09:45:00.082   393   395 D dalvikvm: GC_CONCURRENT freed 520K, 65% free 9999K/28231K, paused 2ms+3ms
07-04 09:45:00.101 10925 10938 I PhoneLab-LoggerService: app_36    1325  1     1828   1384  c00f181c 400107b4 S logcat
07-04 09:45:00.101 10925 10938 I PhoneLab-LoggerService: Logcat pid from database 1325
07-04 09:45:00.101 10925 10938 I PhoneLab-LoggerService: Logcat process found 1325
07-04 09:45:00.101 10925 10938 I PhoneLab-LoggerService: Checking Threshold
07-04 09:45:00.101 10925 10938 I PhoneLab-: Service Running
07-04 09:45:00.129 10925 10938 I PhoneLab-LoggerService: app_36    1325  1     1828   1384  c00f181c 400107b4 S logcat
07-04 09:45:00.129 10925 10938 I PhoneLab-LoggerService: Logcat pid from database 1325
07-04 09:45:00.129 10925 10938 I PhoneLab-LoggerService: Logcat process found 1325
07-04 09:45:00.129 10925 10938 I PhoneLab-LoggerService: Checking Threshold
07-04 09:45:00.129 10925 10938 I PhoneLab-: Service Running
07-04 09:45:00.156 10925 10938 I PhoneLab-LoggerService: app_36    1325  1     1828   1384  c00f181c 400107b4 S logcat
07-04 09:45:00.156 10925 10938 I PhoneLab-LoggerService: Logcat pid from database 1325
07-04 09:45:00.156 10925 10938 I PhoneLab-LoggerService: Logcat process found 1325
07-04 09:45:00.156 10925 10938 I PhoneLab-LoggerService: Checking Threshold
07-04 09:45:00.156 10925 10938 I PhoneLab-: Service Running
07-04 09:45:00.183 10925 10938 I PhoneLab-LoggerService: app_36    1325  1     1828   1384  c00f181c 400107b4 S logcat
07-04 09:45:00.183 10925 10938 I PhoneLab-LoggerService: Logcat pid from database 1325
07-04 09:45:00.183 10925 10938 I PhoneLab-LoggerService: Logcat process found 1325
07-04 09:45:00.183 10925 10938 I PhoneLab-LoggerService: Checking Threshold
07-04 09:45:00.183 10925 10938 I PhoneLab-: Service Running
07-04 09:45:00.211 10925 10938 I PhoneLab-LoggerService: app_36    1325  1     1828   1384  c00f181c 400107b4 S logcat
07-04 09:45:00.211 10925 10938 I PhoneLab-LoggerService: Logcat pid from database 1325
07-04 09:45:00.211 10925 10938 I PhoneLab-LoggerService: Logcat process found 1325
07-04 09:45:00.211 10925 10938 I PhoneLab-LoggerService: Checking Threshold
07-04 09:45:00.214 10925 10938 I PhoneLab-: Service Running
07-04 09:45:00.246 10925 10927 D dalvikvm: GC_CONCURRENT freed 407K, 15% free 9148K/10695K, paused 2ms+6ms
07-04 09:45:00.261 10925 10938 I PhoneLab-LoggerService: app_36    1325  1     1828   1384  c00f181c 400107b4 S logcat
07-04 09:45:00.261 10925 10938 I PhoneLab-LoggerService: Logcat pid from database 1325
07-04 09:45:00.261 10925 10938 I PhoneLab-LoggerService: Logcat process found 1325
07-04 09:45:00.261 10925 10938 I PhoneLab-LoggerService: Checking Threshold
07-04 09:47:24.097   393   395 D dalvikvm: GC_CONCURRENT freed 313K, 65% free 10146K/28231K, paused 2ms+4ms
07-04 09:47:24.168   393   395 D dalvikvm: GC_CONCURRENT freed 484K, 65% free 10160K/28231K, paused 2ms+4ms
07-04 09:47:24.359   393   395 D dalvikvm: GC_CONCURRENT freed 418K, 65% free 10134K/28231K, paused 3ms+7ms
07-04 09:47:29.074 12250 12251 D dalvikvm: GC_CONCURRENT freed 660K, 31% free 10393K/14855K, paused 2ms+2ms
07-04 09:47:33.011 10925 10938 I PhoneLab-: Service Running
07-04 09:47:33.113 10925 10938 I PhoneLab-LoggerService: app_36    1325  1     1828   1384  c00f181c 400107b4 S logcat
07-04 09:47:33.117 10925 10938 I PhoneLab-LoggerService: Logcat pid from database 1325
07-04 09:47:33.117 10925 10938 I PhoneLab-LoggerService: Logcat process found 1325
07-04 09:47:33.117 10925 10938 I PhoneLab-LoggerService: Checking Threshold
07-04 09:47:33.117 10925 10938 I PhoneLab-: Service Running
07-04 09:47:33.144 10925 10938 I PhoneLab-LoggerService: app_36    1325  1     1828   1384  c00f181c 400107b4 S logcat
07-04 09:47:33.144 10925 10938 I PhoneLab-LoggerService: Logcat pid from database 1325
07-04 09:47:33.144 10925 10938 I PhoneLab-LoggerService: Logcat process found 1325
07-04 09:47:33.144 10925 10938 I PhoneLab-LoggerService: Checking Threshold
07-04 09:47:34.074   158   576 W ActivityManager: finishReceiver called but no pending broadcasts
07-04 09:47:34.183 12250 12251 D dalvikvm: GC_CONCURRENT freed 287K, 29% free 10601K/14855K, paused 1ms+2ms
07-04 09:48:50.128   393   393 D dalvikvm: GC_FOR_ALLOC freed 550K, 65% free 9956K/28231K, paused 16ms
07-04 09:48:50.191   393   395 D dalvikvm: GC_CONCURRENT freed 397K, 65% free 10037K/28231K, paused 2ms+4ms
07-04 09:48:50.289 12250 12251 D dalvikvm: GC_CONCURRENT freed 483K, 29% free 10644K/14855K, paused 2ms+3ms
07-04 09:48:50.328 12250 12256 I dalvikvm: Total arena pages for JIT: 18
07-04 09:48:51.257  9622 10310 I EventLogService: Aggregate from 1341407930425 (log), 1341407930425 (data)
07-04 09:48:51.312  9622  9624 D dalvikvm: GC_CONCURRENT freed 382K, 7% free 9999K/10695K, paused 2ms+3ms
07-04 10:01:00.117   393   395 D dalvikvm: GC_CONCURRENT freed 475K, 65% free 9954K/28231K, paused 2ms+4ms
07-04 10:02:12.125   475   479 D dalvikvm: GC_CONCURRENT freed 918K, 11% free 12141K/13639K, paused 3ms+3ms
07-04 10:04:22.113 10925 10925 I PhoneLab-Locks: wake lock acquired
07-04 10:04:22.140 10925 13003 I PhoneLab-PeriodicCheckService: User info is synched
07-04 10:04:22.144 10925 13003 I PhoneLab-PeriodicCheckService: Logger Service is running
07-04 10:04:22.144 10925 13003 I PhoneLab-Locks: wake lock acquired
07-04 10:04:22.148 10925 10925 I PhoneLab-UploadLogs: Transfering log files now
07-04 10:04:22.148 10925 10925 I PhoneLab-UploadLogs: No log files to transfer
07-04 10:04:22.148 10925 10925 I PhoneLab-Locks: wake lock released
07-04 10:04:22.148 10925 10925 I PhoneLab-UploadLogs: OnStartCommand
07-04 10:04:22.152 10925 13003 I PhoneLab-PeriodicCheckService: Rescheduling periodic checking...
07-04 10:04:22.152 10925 13003 I PhoneLab-Locks: wake lock released
07-04 10:15:00.308   158  5989 D AlarmManagerService: Kernel timezone updated to 240 minutes west of GMT
07-04 10:15:00.328   475   475 D SystemClock: Setting time of day to sec=1341411300
07-04 10:15:00.103 12882 12895 V AlarmClock: AlarmInitReceiver finished
07-04 10:17:11.144   158   161 D dalvikvm: GC_CONCURRENT freed 1582K, 22% free 16344K/20871K, paused 3ms+7ms
07-04 10:18:51.375  9622 10522 I EventLogService: Aggregate from 1341409731260 (log), 1341409731260 (data)
07-04 10:23:53.109  1548  1550 D dalvikvm: GC_CONCURRENT freed 1132K, 39% free 12199K/19783K, paused 2ms+4ms
07-04 10:29:56.269 11877 12091 D dalvikvm: GC_EXPLICIT freed 225K, 7% free 9420K/10055K, paused 2ms+3ms
07-04 10:29:56.297   158   169 I ActivityManager: START {flg=0x10040000 cmp=com.whatsapp/.PopupNotificationLocked} from pid 12674
07-04 10:29:56.300  1548  1548 D OpenGLRenderer: Flushing caches (mode 0)
07-04 10:29:56.386   393   395 D dalvikvm: GC_CONCURRENT freed 308K, 65% free 10062K/28231K, paused 2ms+27ms
07-04 10:29:56.445    82   131 D AudioHardware: AudioHardware pcm playback is exiting standby.
07-04 10:29:56.445    82   131 D AudioHardware: openPcmOut_l() mPcmOpenCnt: 0
07-04 10:29:56.547 12674 12677 D dalvikvm: GC_CONCURRENT freed 355K, 5% free 10370K/10887K, paused 3ms+36ms
07-04 10:29:56.609   393   395 D dalvikvm: GC_CONCURRENT freed 285K, 64% free 10189K/28231K, paused 2ms+10ms
07-04 10:29:56.675   393   393 D PhoneStatusBar: disable: < expand icons alerts ticker system_info back* home* RECENT clock* >
07-04 10:29:56.683   393   393 V PhoneStatusBar: setLightsOn(true)
07-04 10:29:56.707   158   207 I ActivityManager: Displayed com.whatsapp/.PopupNotificationLocked: +410ms
07-04 10:29:56.785  1548  1548 D OpenGLRenderer: Flushing caches (mode 1)
07-04 10:29:57.050   158   509 I power   : *** set_screen_state 1
07-04 10:29:57.066   158   208 W WindowManager: Aborted waiting for drawn: Window{413ab530 Keyguard paused=false}
07-04 10:29:57.066   158   208 I WindowManager: Lock screen displayed!
07-04 10:29:57.242    79   123 D SurfaceFlinger: Screen about to return, flinger = 0x1e7d918
07-04 10:30:00.418    82   131 D AudioHardware: AudioHardware pcm playback is going to standby.
07-04 10:30:00.418    82   131 D AudioHardware: closePcmOut_l() mPcmOpenCnt: 1
07-04 10:30:02.613   158   204 I power   : *** set_screen_state 0
07-04 10:30:02.664    79   123 D SurfaceFlinger: About to give-up screen, flinger = 0x1e7d918
07-04 10:30:02.754   158   208 V TransportControlView: Create TCV com.android.internal.widget.TransportControlView@417a19e0
07-04 10:30:10.019  7745  7745 I wpa_supplicant: wlan0: WPA: Group rekeying completed with 98:fc:11:c3:3f:e6 [GTK=TKIP]
07-04 10:30:37.007   158   174 V BackupManagerService: Running a backup pass
07-04 10:30:37.011  7745  7745 I wpa_supplicant: wlan0: WPA: Group rekeying completed with 98:fc:11:c3:3f:e6 [GTK=TKIP]
07-04 10:30:37.019   158   329 V BackupManagerService: Backup requested but nothing pending
07-04 10:31:18.043  7745  7745 I wpa_supplicant: wlan0: WPA: Group rekeying completed with 98:fc:11:c3:3f:e6 [GTK=TKIP]
07-04 10:32:12.285   158   161 D dalvikvm: GC_CONCURRENT freed 1877K, 22% free 16300K/20871K, paused 31ms+6ms
07-04 10:34:13.113   393   395 D dalvikvm: GC_CONCURRENT freed 424K, 65% free 10159K/28231K, paused 2ms+14ms
07-04 10:34:21.914 10925 10925 I PhoneLab-Locks: wake lock acquired
07-04 10:34:21.941 10925 13020 I PhoneLab-PeriodicCheckService: User info is synched
07-04 10:34:21.945 10925 13020 I PhoneLab-PeriodicCheckService: Logger Service is running
07-04 10:34:21.949 10925 13020 I PhoneLab-Locks: wake lock acquired
07-04 10:34:21.949 10925 10925 I PhoneLab-UploadLogs: Transfering log files now
07-04 10:34:21.949 10925 10925 I PhoneLab-UploadLogs: No log files to transfer
07-04 10:34:21.949 10925 10925 I PhoneLab-Locks: wake lock released
07-04 10:34:21.953 10925 10925 I PhoneLab-UploadLogs: OnStartCommand
07-04 10:34:21.953 10925 13020 I PhoneLab-PeriodicCheckService: Rescheduling periodic checking...
07-04 10:34:21.953 10925 13020 I PhoneLab-Locks: wake lock released
07-04 10:45:00.836 10925 10938 I PhoneLab-: Service Running
07-04 10:45:00.933 10925 10938 I PhoneLab-LoggerService: app_36    1325  1     1828   1384  c00f181c 400107b4 S logcat
07-04 10:45:00.933 10925 10938 I PhoneLab-LoggerService: Logcat pid from database 1325
07-04 10:45:00.933 10925 10938 I PhoneLab-LoggerService: Logcat process found 1325
07-04 10:45:00.933 10925 10938 I PhoneLab-LoggerService: Checking Threshold
07-04 10:45:00.933 10925 10938 I PhoneLab-: Service Running
07-04 10:45:00.961 10925 10938 I PhoneLab-LoggerService: app_36    1325  1     1828   1384  c00f181c 400107b4 S logcat
07-04 10:45:00.961 10925 10938 I PhoneLab-LoggerService: Logcat pid from database 1325
07-04 10:45:00.961 10925 10938 I PhoneLab-LoggerService: Logcat process found 1325
07-04 10:45:00.961 10925 10938 I PhoneLab-LoggerService: Checking Threshold
07-04 10:45:00.961 10925 10938 I PhoneLab-: Service Running
07-04 10:45:00.988 10925 10938 I PhoneLab-LoggerService: app_36    1325  1     1828   1384  c00f181c 400107b4 S logcat
07-04 10:45:00.988 10925 10938 I PhoneLab-LoggerService: Logcat pid from database 1325
07-04 10:45:00.988 10925 10938 I PhoneLab-LoggerService: Logcat process found 1325
07-04 10:45:00.988 10925 10938 I PhoneLab-LoggerService: Checking Threshold
07-04 10:45:00.988 10925 10938 I PhoneLab-: Service Running
07-04 10:45:01.015 10925 10938 I PhoneLab-LoggerService: app_36    1325  1     1828   1384  c00f181c 400107b4 S logcat
07-04 10:45:01.015 10925 10938 I PhoneLab-LoggerService: Logcat pid from database 1325
07-04 10:45:01.015 10925 10938 I PhoneLab-LoggerService: Logcat process found 1325
07-04 10:45:01.015 10925 10938 I PhoneLab-LoggerService: Checking Threshold
07-04 10:45:01.015 10925 10938 I PhoneLab-: Service Running
07-04 10:45:01.058 10925 10927 D dalvikvm: GC_CONCURRENT freed 409K, 15% free 9159K/10695K, paused 1ms+2ms
07-04 10:45:01.066 10925 10938 I PhoneLab-LoggerService: app_36    1325  1     1828   1384  c00f181c 400107b4 S logcat
07-04 10:45:01.066 10925 10938 I PhoneLab-LoggerService: Logcat pid from database 1325
07-04 10:45:01.066 10925 10938 I PhoneLab-LoggerService: Logcat process found 1325
07-04 10:45:01.066 10925 10938 I PhoneLab-LoggerService: Checking Threshold
07-04 10:45:01.066 10925 10938 I PhoneLab-: Service Running
07-04 10:45:01.097 10925 10938 I PhoneLab-LoggerService: app_36    1325  1     1828   1384  c00f181c 400107b4 S logcat
07-04 10:45:01.097 10925 10938 I PhoneLab-LoggerService: Logcat pid from database 1325
07-04 10:45:01.097 10925 10938 I PhoneLab-LoggerService: Logcat process found 1325
07-04 10:45:01.097 10925 10938 I PhoneLab-LoggerService: Checking Threshold
07-04 10:45:01.097 10925 10938 I PhoneLab-: Service Running
07-04 10:45:01.125 10925 10938 I PhoneLab-LoggerService: app_36    1325  1     1828   1384  c00f181c 400107b4 S logcat
07-04 10:45:01.125 10925 10938 I PhoneLab-LoggerService: Logcat pid from database 1325
07-04 10:45:01.125 10925 10938 I PhoneLab-LoggerService: Logcat process found 1325
07-04 10:45:01.125 10925 10938 I PhoneLab-LoggerService: Checking Threshold
07-04 10:45:01.125 10925 10938 I PhoneLab-: Service Running
07-04 10:45:01.152 10925 10938 I PhoneLab-LoggerService: app_36    1325  1     1828   1384  c00f181c 400107b4 S logcat
07-04 10:45:01.152 10925 10938 I PhoneLab-LoggerService: Logcat pid from database 1325
07-04 10:45:01.152 10925 10938 I PhoneLab-LoggerService: Logcat process found 1325
07-04 10:45:01.152 10925 10938 I PhoneLab-LoggerService: Checking Threshold
07-04 10:45:01.156 10925 10938 I PhoneLab-: Service Running
07-04 10:45:01.179 10925 10938 I PhoneLab-LoggerService: app_36    1325  1     1828   1384  c00f181c 400107b4 S logcat
07-04 10:45:01.179 10925 10938 I PhoneLab-LoggerService: Logcat pid from database 1325
07-04 10:45:01.183 10925 10938 I PhoneLab-LoggerService: Logcat process found 1325
07-04 10:45:01.183 10925 10938 I PhoneLab-LoggerService: Checking Threshold
07-04 10:45:01.183 10925 10938 I PhoneLab-: Service Running
07-04 10:45:01.207 10925 10938 I PhoneLab-LoggerService: app_36    1325  1     1828   1384  c00f181c 400107b4 S logcat
07-04 10:45:01.211 10925 10938 I PhoneLab-LoggerService: Logcat pid from database 1325
07-04 10:45:01.211 10925 10938 I PhoneLab-LoggerService: Logcat process found 1325
07-04 10:45:01.211 10925 10938 I PhoneLab-LoggerService: Checking Threshold
07-04 10:45:01.211 10925 10938 I PhoneLab-: Service Running
07-04 10:45:01.238 10925 10938 I PhoneLab-LoggerService: app_36    1325  1     1828   1384  c00f181c 400107b4 S logcat
07-04 10:45:01.238 10925 10938 I PhoneLab-LoggerService: Logcat pid from database 1325
07-04 10:45:01.238 10925 10938 I PhoneLab-LoggerService: Logcat process found 1325
07-04 10:45:01.238 10925 10938 I PhoneLab-LoggerService: Checking Threshold
07-04 10:45:01.238 10925 10938 I PhoneLab-: Service Running
07-04 10:45:01.265 10925 10938 I PhoneLab-LoggerService: app_36    1325  1     1828   1384  c00f181c 400107b4 S logcat
07-04 10:45:01.265 10925 10938 I PhoneLab-LoggerService: Logcat pid from database 1325
07-04 10:45:01.265 10925 10938 I PhoneLab-LoggerService: Logcat process found 1325
07-04 10:45:01.265 10925 10938 I PhoneLab-LoggerService: Checking Threshold
07-04 10:45:01.265 10925 10938 I PhoneLab-: Service Running
07-04 10:45:34.023 10925 10927 D dalvikvm: GC_CONCURRENT freed 409K, 15% free 9159K/10695K, paused 2ms+502ms
07-04 10:45:34.031 10925 10938 I PhoneLab-LoggerService: app_36    1325  1     1828   1384  c00f181c 400107b4 S logcat
07-04 10:45:34.039 10925 10938 I PhoneLab-LoggerService: Logcat pid from database 1325
07-04 10:45:34.039 10925 10938 I PhoneLab-LoggerService: Logcat process found 1325
07-04 10:45:34.039 10925 10938 I PhoneLab-LoggerService: Checking Threshold
07-04 10:45:34.039 10925 10938 I PhoneLab-: Service Running
07-04 10:45:34.070 10925 10938 I PhoneLab-LoggerService: app_36    1325  1     1828   1384  c00f181c 400107b4 S logcat
07-04 10:45:34.070 10925 10938 I PhoneLab-LoggerService: Logcat pid from database 1325
07-04 10:45:34.070 10925 10938 I PhoneLab-LoggerService: Logcat process found 1325
07-04 10:45:34.070 10925 10938 I PhoneLab-LoggerService: Checking Threshold
07-04 10:45:34.070 10925 10938 I PhoneLab-: Service Running
07-04 10:45:34.097 10925 10938 I PhoneLab-LoggerService: app_36    1325  1     1828   1384  c00f181c 400107b4 S logcat
07-04 10:45:34.101 10925 10938 I PhoneLab-LoggerService: Logcat pid from database 1325
07-04 10:45:34.101 10925 10938 I PhoneLab-LoggerService: Logcat process found 1325
07-04 10:45:34.101 10925 10938 I PhoneLab-LoggerService: Checking Threshold
