06-16 19:43:33.687   560   562 D dalvikvm: GC_CONCURRENT freed 334K, 6% free 10350K/10951K, paused 3ms+7ms
06-16 19:43:33.917  3002  3023 D Volley  : [218] BasicNetwork.logSlowRequests: HTTP response for request=<[ ] http://bks4.books.google.com/books?id=Zpolu-tElyQC&printsec=frontcover&img=1&zoom=1&source=ge-market LOW 61> [lifetime=11672], [size=14370], [rc=200], [retryCount=1]
06-16 19:43:33.929  3002  3002 D Volley  : [1] Request.finish: 12473 ms: [ ] http://bks4.books.google.com/books?id=Zpolu-tElyQC&printsec=frontcover&img=1&zoom=1&source=ge-market LOW 61
06-16 19:43:33.964   560   562 D dalvikvm: GC_CONCURRENT freed 342K, 6% free 10396K/10951K, paused 2ms+3ms
06-16 19:43:34.003  3002  3026 D Volley  : [221] BasicNetwork.logSlowRequests: HTTP response for request=<[ ] http://i.ytimg.com/vi/zXre001KhW8/movieposter.jpg LOW 60> [lifetime=11825], [size=21293], [rc=200], [retryCount=1]
06-16 19:43:34.011  3002  3002 D Volley  : [1] Request.finish: 12599 ms: [ ] http://i.ytimg.com/vi/zXre001KhW8/movieposter.jpg LOW 60
06-16 19:43:34.167  3002  3024 D Volley  : [219] BasicNetwork.logSlowRequests: HTTP response for request=<[ ] http://i.ytimg.com/vi/G-QQF_HrIbM/movieposter.jpg LOW 59> [lifetime=12758], [size=31161], [rc=200], [retryCount=2]
06-16 19:43:34.183  3002  3002 D Volley  : [1] Request.finish: 12773 ms: [ ] http://i.ytimg.com/vi/G-QQF_HrIbM/movieposter.jpg LOW 59
06-16 19:43:35.015   560   562 D dalvikvm: GC_CONCURRENT freed 764K, 9% free 10066K/10951K, paused 2ms+5ms
06-16 19:43:35.226   560   562 D dalvikvm: GC_CONCURRENT freed 205K, 7% free 10247K/10951K, paused 2ms+3ms
06-16 19:43:35.421   560   562 D dalvikvm: GC_CONCURRENT freed 306K, 6% free 10332K/10951K, paused 2ms+3ms
06-16 19:43:35.503  3002  3004 D dalvikvm: GC_CONCURRENT freed 1576K, 10% free 15459K/17159K, paused 2ms+7ms
06-16 19:43:35.738   560   562 D dalvikvm: GC_CONCURRENT freed 319K, 5% free 10405K/10951K, paused 3ms+3ms
06-16 19:43:35.913  3002  3020 D Volley  : [215] BasicNetwork.logSlowRequests: HTTP response for request=<[ ] https://android.clients.google.com/fdfe/details?doc=com.google.android.apps.googlevoice NORMAL 69> [lifetime=10096], [size=33009], [rc=200], [retryCount=0]
06-16 19:43:36.066   560   562 D dalvikvm: GC_CONCURRENT freed 385K, 5% free 10431K/10951K, paused 3ms+3ms
06-16 19:43:36.234  3002  3002 D Volley  : [1] Request.finish: 10417 ms: [ ] https://android.clients.google.com/fdfe/details?doc=com.google.android.apps.googlevoice NORMAL 69
06-16 19:43:36.406   560   575 D dalvikvm: GC_EXPLICIT freed 122K, 6% free 10351K/10951K, paused 4ms+18ms
06-16 19:43:36.663   560   575 D dalvikvm: GC_FOR_ALLOC freed 241K, 5% free 10457K/10951K, paused 37ms
06-16 19:43:36.867   560   562 D dalvikvm: GC_CONCURRENT freed 367K, 5% free 10522K/11015K, paused 2ms+3ms
06-16 19:43:37.171  3002  3019 D Volley  : [214] BasicNetwork.logSlowRequests: HTTP response for request=<[ ] https://android.clients.google.com/fdfe/details?doc=com.google.android.apps.googlevoice NORMAL 63> [lifetime=13223], [size=32885], [rc=200], [retryCount=1]
06-16 19:43:37.226  3002  3002 D Volley  : [1] Request.finish: 13277 ms: [ ] https://android.clients.google.com/fdfe/details?doc=com.google.android.apps.googlevoice NORMAL 63
06-16 19:43:37.331    82   122 D AudioHardware: AudioHardware pcm playback is exiting standby.
06-16 19:43:37.331    82   122 D AudioHardware: openPcmOut_l() mPcmOpenCnt: 0
06-16 19:43:37.413  3002  3002 D Finsky  : [1] InstallerImpl.requestInstall: Request install of com.google.android.apps.googlevoice v=40254
06-16 19:43:37.456  3002  3002 D Finsky  : [1] InstallerImpl.kick: Installer kick com.google.android.apps.googlevoice - starting com.google.android.apps.googlevoice
06-16 19:43:37.484  1380  1380 D OpenGLRenderer: Flushing caches (mode 1)
06-16 19:43:37.671  3002  3002 D Finsky  : [1] DetailsDataBasedFragment.rebindViews: Page [class=DetailsFragment] loaded in [13753 ms] (partial? false)
06-16 19:43:38.027   152   168 I Process : Sending signal. PID: 3002 SIG: 3
06-16 19:43:38.085  3002  3006 I dalvikvm: threadid=3: reacting to signal 3
06-16 19:43:38.429  3002  3006 E dalvikvm: Unable to open stack trace file '/data/anr/traces.txt': Is a directory
06-16 19:43:38.515   152   168 I Process : Sending signal. PID: 3002 SIG: 3
06-16 19:43:38.515  3002  3006 I dalvikvm: threadid=3: reacting to signal 3
06-16 19:43:38.542  3002  3006 I dalvikvm: Wrote stack traces to '/data/anr/traces.txt'
06-16 19:43:38.617  1380  1380 D OpenGLRenderer: Flushing caches (mode 1)
06-16 19:43:38.722  3002  3004 D dalvikvm: GC_CONCURRENT freed 1487K, 9% free 16047K/17607K, paused 2ms+11ms
06-16 19:43:38.777  3002  3002 D Finsky  : [1] DetailsDataBasedFragment.rebindViews: Page [class=DetailsFragment] loaded in [14858 ms] (partial? true)
06-16 19:43:38.878   724   728 D dalvikvm: GC_CONCURRENT freed 505K, 7% free 11307K/12103K, paused 57ms+3ms
06-16 19:43:39.015   152   168 I Process : Sending signal. PID: 3002 SIG: 3
06-16 19:43:39.015  3002  3006 I dalvikvm: threadid=3: reacting to signal 3
06-16 19:43:39.050  3002  3006 I dalvikvm: Wrote stack traces to '/data/anr/traces.txt'
06-16 19:43:39.406  3002  3002 D OpenGLRenderer: Flushing caches (mode 0)
06-16 19:43:39.648   560   562 D dalvikvm: GC_CONCURRENT freed 758K, 8% free 10195K/11079K, paused 3ms+4ms
06-16 19:43:39.995   560   562 D dalvikvm: GC_CONCURRENT freed 277K, 8% free 10303K/11079K, paused 2ms+9ms
06-16 19:43:40.288   560   562 D dalvikvm: GC_CONCURRENT freed 335K, 7% free 10356K/11079K, paused 2ms+2ms
06-16 19:43:40.456    82   122 D AudioHardware: AudioHardware pcm playback is going to standby.
06-16 19:43:40.456    82   122 D AudioHardware: closePcmOut_l() mPcmOpenCnt: 1
06-16 19:43:40.511  1380  1380 D OpenGLRenderer: Flushing caches (mode 1)
06-16 19:43:40.558  3002  3026 D dalvikvm: GC_FOR_ALLOC freed 1177K, 8% free 16738K/18183K, paused 58ms
06-16 19:43:40.570  3002  3002 D Finsky  : [1] DownloadImpl.setState: com.google.android.apps.googlevoice from null to UNQUEUED.
06-16 19:43:40.570  3002  3002 D Finsky  : [1] DownloadQueueImpl.add: Download com.google.android.apps.googlevoice added to DownloadQueue
06-16 19:43:40.574  3002  3002 D Finsky  : [1] DownloadImpl.setState: com.google.android.apps.googlevoice from UNQUEUED to QUEUED.
06-16 19:43:40.574  3002  3002 D Volley  : [1] Request.finish: 3117 ms: [ ] https://android.clients.google.com/fdfe/delivery?doc=com.google.android.apps.googlevoice&ot=1&st=&vc=40254 NORMAL 72
06-16 19:43:40.843   560   562 D dalvikvm: GC_CONCURRENT freed 364K, 7% free 10376K/11079K, paused 13ms+3ms
06-16 19:43:41.417   560   562 D dalvikvm: GC_CONCURRENT freed 331K, 6% free 10433K/11079K, paused 2ms+3ms
06-16 19:43:41.824  3002  3019 D Volley  : [214] BasicNetwork.logSlowRequests: HTTP response for request=<[ ] https://android.clients.google.com/fdfe/rec?c=3&rt=4&doc=com.google.android.apps.googlevoice NORMAL 75> [lifetime=3239], [size=24684], [rc=200], [retryCount=0]
06-16 19:43:41.894  3002  3002 D Volley  : [1] Request.finish: 3311 ms: [ ] https://android.clients.google.com/fdfe/rec?c=3&rt=4&doc=com.google.android.apps.googlevoice NORMAL 75
06-16 19:43:42.007  3002  3002 D Volley  : [1] Request.finish: 3006 ms: [ ] http://lh4.ggpht.com/9GN0zSdPNgSeW3AGpmF-5w9ktT_8Az__VfMTQ1uqlHucJwuhizv7LG7GvGVOzmgKJa4=w60 LOW 90
06-16 19:43:42.859  3002  3002 D Volley  : [1] Request.finish: 3849 ms: [ ] http://lh4.ggpht.com/_qpNk4bX0_q6oZAMRW-3IPn_Yho-8g1NcjSKlH6pEqKIDITgbjFYnQhCvdVKcz0u5w=w60 LOW 91
06-16 19:43:44.437   724   728 D dalvikvm: GC_CONCURRENT freed 846K, 8% free 11157K/12103K, paused 2ms+3ms
06-16 19:43:44.589   560   562 D dalvikvm: GC_CONCURRENT freed 747K, 10% free 10078K/11079K, paused 2ms+3ms
06-16 19:43:44.785   560   562 D dalvikvm: GC_CONCURRENT freed 162K, 8% free 10301K/11079K, paused 2ms+3ms
06-16 19:43:44.995   560   562 D dalvikvm: GC_CONCURRENT freed 313K, 7% free 10381K/11079K, paused 3ms+3ms
06-16 19:43:45.249   560   562 D dalvikvm: GC_CONCURRENT freed 383K, 7% free 10385K/11079K, paused 2ms+3ms
06-16 19:43:45.398   152   558 D dalvikvm: GC_EXPLICIT freed 473K, 21% free 13407K/16839K, paused 3ms+6ms
06-16 19:43:45.636   560   562 D dalvikvm: GC_CONCURRENT freed 353K, 6% free 10423K/11079K, paused 2ms+4ms
06-16 19:43:45.937   560   562 D dalvikvm: GC_CONCURRENT freed 344K, 6% free 10471K/11079K, paused 2ms+6ms
06-16 19:43:45.999  3002  3002 D Finsky  : [1] DownloadQueueImpl.notifyProgress: self-update-download: onProgress 4000309/4000309 Status: 200.
06-16 19:43:46.011  3002  3002 D Finsky  : [1] DownloadBroadcastReceiver.onReceive: Intent received at DownloadBroadcastReceiver
06-16 19:43:46.038  3002  3002 D Finsky  : [1] DownloadImpl.setState: self-update-download from DOWNLOADING to SUCCESS.
06-16 19:43:46.038  3002  3002 D Finsky  : [1] DownloadQueueImpl.onComplete: self-update-download: onComplete
06-16 19:43:46.038  3002  3002 D Finsky  : [1] DownloadQueueImpl.remove: Download self-update-download removed from DownloadQueue
06-16 19:43:46.042  3002  3002 D Finsky  : [1] SelfUpdateScheduler.onComplete: Self-update ready to be installed, waiting for market to close.
06-16 19:43:46.054    84    84 I installd: free_cache(4748100) avail 972386304
06-16 19:43:46.058  3002  3002 D Finsky  : [1] DownloadQueueImpl.startDownload: Download com.google.android.apps.googlevoice starting
06-16 19:43:46.081  3319  3547 D dalvikvm: GC_EXPLICIT freed 291K, 7% free 9281K/9927K, paused 2ms+11ms
06-16 19:43:46.105  3002  3002 D Finsky  : [1] DownloadImpl.setState: com.google.android.apps.googlevoice from QUEUED to DOWNLOADING.
06-16 19:43:46.105  3002  3002 D Finsky  : [1] DownloadQueueImpl.onStart: com.google.android.apps.googlevoice: onStart
06-16 19:43:46.167  3002  3002 D Finsky  : [1] DownloadQueueImpl.notifyProgress: com.google.android.apps.googlevoice: onProgress 0/-1 Status: 190.
06-16 19:43:46.206  3002  3004 D dalvikvm: GC_CONCURRENT freed 1517K, 9% free 17204K/18823K, paused 3ms+7ms
06-16 19:43:46.288  3002  3002 D Finsky  : [1] DownloadQueueImpl.notifyProgress: com.google.android.apps.googlevoice: onProgress 0/-1 Status: 192.
06-16 19:43:46.335  3319  3550 I DownloadManager: Initiating request for download 2
06-16 19:43:46.472   389   391 D dalvikvm: GC_CONCURRENT freed 241K, 10% free 9861K/10887K, paused 2ms+4ms
06-16 19:43:46.531   389   391 D dalvikvm: GC_CONCURRENT freed 664K, 12% free 9681K/10887K, paused 2ms+3ms
06-16 19:43:46.679   389   391 D dalvikvm: GC_CONCURRENT freed 270K, 10% free 9862K/10887K, paused 2ms+2ms
06-16 19:43:48.730   724   728 D dalvikvm: GC_CONCURRENT freed 547K, 8% free 11211K/12103K, paused 2ms+3ms
06-16 19:43:48.765  3319  3550 I DownloadManager: Initiating request for download 2
06-16 19:43:48.878   560   562 D dalvikvm: GC_CONCURRENT freed 793K, 10% free 10075K/11079K, paused 2ms+3ms
06-16 19:43:49.070   560   562 D dalvikvm: GC_CONCURRENT freed 170K, 8% free 10292K/11079K, paused 2ms+3ms
06-16 19:43:49.327   560   562 D dalvikvm: GC_CONCURRENT freed 298K, 7% free 10383K/11079K, paused 2ms+3ms
06-16 19:43:49.581   560   562 D dalvikvm: GC_CONCURRENT freed 372K, 7% free 10405K/11079K, paused 2ms+3ms
06-16 19:43:49.859   560   562 D dalvikvm: GC_CONCURRENT freed 369K, 6% free 10429K/11079K, paused 2ms+3ms
06-16 19:43:50.304   560   562 D dalvikvm: GC_CONCURRENT freed 344K, 6% free 10479K/11079K, paused 7ms+4ms
06-16 19:43:52.546   560   562 D dalvikvm: GC_CONCURRENT freed 805K, 10% free 10060K/11079K, paused 3ms+4ms
06-16 19:43:52.702   560   562 D dalvikvm: GC_CONCURRENT freed 189K, 8% free 10270K/11079K, paused 2ms+2ms
06-16 19:43:52.941   560   562 D dalvikvm: GC_CONCURRENT freed 273K, 7% free 10387K/11079K, paused 2ms+3ms
06-16 19:43:53.132   560   562 D dalvikvm: GC_CONCURRENT freed 381K, 7% free 10398K/11079K, paused 2ms+4ms
06-16 19:43:53.452   560   562 D dalvikvm: GC_CONCURRENT freed 368K, 6% free 10422K/11079K, paused 1ms+3ms
06-16 19:43:53.718   560   562 D dalvikvm: GC_CONCURRENT freed 335K, 6% free 10473K/11079K, paused 2ms+3ms
06-16 19:43:56.027   724   728 D dalvikvm: GC_CONCURRENT freed 508K, 7% free 11325K/12103K, paused 2ms+3ms
06-16 19:43:56.124   560   562 D dalvikvm: GC_CONCURRENT freed 808K, 10% free 10052K/11079K, paused 2ms+3ms
06-16 19:43:56.304   560   562 D dalvikvm: GC_CONCURRENT freed 186K, 8% free 10267K/11079K, paused 1ms+4ms
06-16 19:43:56.535   560   562 D dalvikvm: GC_CONCURRENT freed 261K, 7% free 10398K/11079K, paused 2ms+3ms
06-16 19:43:56.730   560   562 D dalvikvm: GC_CONCURRENT freed 357K, 6% free 10432K/11079K, paused 2ms+3ms
06-16 19:43:56.925   560   562 D dalvikvm: GC_CONCURRENT freed 366K, 6% free 10461K/11079K, paused 2ms+3ms
06-16 19:43:57.218   560   562 D dalvikvm: GC_CONCURRENT freed 331K, 6% free 10517K/11079K, paused 2ms+4ms
06-16 19:43:58.230   724   728 D dalvikvm: GC_CONCURRENT freed 864K, 9% free 11119K/12103K, paused 2ms+3ms
06-16 19:43:58.351   724  3467 D dalvikvm: GC_EXPLICIT freed 119K, 8% free 11204K/12103K, paused 3ms+8ms
06-16 19:43:58.460   560   562 D dalvikvm: GC_CONCURRENT freed 886K, 9% free 10089K/11079K, paused 1ms+4ms
06-16 19:43:58.632   560   562 D dalvikvm: GC_CONCURRENT freed 178K, 8% free 10301K/11079K, paused 2ms+3ms
06-16 19:43:58.831   560   562 D dalvikvm: GC_CONCURRENT freed 309K, 7% free 10380K/11079K, paused 2ms+3ms
06-16 19:43:59.011   152   558 D dalvikvm: GC_EXPLICIT freed 418K, 21% free 13414K/16839K, paused 2ms+4ms
06-16 19:43:59.093   560   562 D dalvikvm: GC_CONCURRENT freed 369K, 7% free 10398K/11079K, paused 1ms+3ms
06-16 19:43:59.320   560   562 D dalvikvm: GC_CONCURRENT freed 365K, 6% free 10428K/11079K, paused 2ms+3ms
06-16 19:43:59.605   560   562 D dalvikvm: GC_CONCURRENT freed 338K, 6% free 10481K/11079K, paused 2ms+3ms
06-16 19:44:01.171  1380  1380 D OpenGLRenderer: Flushing caches (mode 1)
06-16 19:44:02.777   560   562 D dalvikvm: GC_CONCURRENT freed 738K, 9% free 10147K/11079K, paused 3ms+3ms
06-16 19:44:02.984   560   562 D dalvikvm: GC_CONCURRENT freed 209K, 7% free 10327K/11079K, paused 1ms+2ms
06-16 19:44:03.171   560   562 D dalvikvm: GC_CONCURRENT freed 332K, 7% free 10382K/11079K, paused 2ms+2ms
06-16 19:44:03.355   560   562 D dalvikvm: GC_CONCURRENT freed 374K, 7% free 10400K/11079K, paused 2ms+3ms
06-16 19:44:03.617   560   562 D dalvikvm: GC_CONCURRENT freed 336K, 6% free 10458K/11079K, paused 2ms+3ms
06-16 19:44:04.156   560   562 D dalvikvm: GC_CONCURRENT freed 377K, 6% free 10470K/11079K, paused 2ms+3ms
06-16 19:44:04.695   724   728 D dalvikvm: GC_CONCURRENT freed 829K, 10% free 10992K/12103K, paused 2ms+4ms
06-16 19:44:04.816   560   576 D dalvikvm: GC_EXPLICIT freed 608K, 11% free 9906K/11079K, paused 4ms+7ms
06-16 19:44:04.910   560   562 D dalvikvm: GC_CONCURRENT freed 38K, 8% free 10267K/11079K, paused 2ms+2ms
06-16 19:44:05.163   560   562 D dalvikvm: GC_CONCURRENT freed 284K, 7% free 10372K/11079K, paused 1ms+2ms
06-16 19:44:05.359   560   562 D dalvikvm: GC_CONCURRENT freed 373K, 7% free 10395K/11079K, paused 2ms+3ms
06-16 19:44:05.402   152   206 I ActivityManager: START {act=android.intent.action.MAIN cat=[android.intent.category.HOME] flg=0x10200000 cmp=com.android.launcher/com.android.launcher2.Launcher} from pid 152
06-16 19:44:05.554  3002  3002 D OpenGLRenderer: Flushing caches (mode 0)
06-16 19:44:05.601  3002  3002 D OpenGLRenderer: Flushing caches (mode 1)
06-16 19:44:05.925   560   562 D dalvikvm: GC_CONCURRENT freed 358K, 6% free 10425K/11079K, paused 2ms+2ms
06-16 19:44:06.062  3002  3031 D Finsky  : [226] OnCompleteListenerNotifier.doInBackground: Signature check not required.
06-16 19:44:06.324   152   172 I ActivityManager: Start proc com.android.defcontainer for service com.android.defcontainer/.DefaultContainerService: pid=3567 uid=10010 gids={1015, 2001}
06-16 19:44:06.374    80    80 D dalvikvm: GC_EXPLICIT freed 37K, 4% free 9031K/9347K, paused 2ms+3ms
06-16 19:44:06.472    80    80 D dalvikvm: GC_EXPLICIT freed <1K, 4% free 9031K/9347K, paused 5ms+3ms
06-16 19:44:06.503    80    80 D dalvikvm: GC_EXPLICIT freed <1K, 4% free 9031K/9347K, paused 3ms+3ms
06-16 19:44:06.554   152   164 I ActivityManager: START {act=android.intent.action.MAIN cat=[android.intent.category.LAUNCHER] flg=0x10200000 cmp=com.android.browser/.BrowserActivity bnds=[384,706][480,802]} from pid 1553
06-16 19:44:06.566    82   122 D AudioHardware: AudioHardware pcm playback is exiting standby.
06-16 19:44:06.566    82   122 D AudioHardware: openPcmOut_l() mPcmOpenCnt: 0
06-16 19:44:06.660  2954  2954 D WebViewTimersControl: onBrowserActivityResume
06-16 19:44:06.660  2954  2954 D WebViewTimersControl: Resuming webview timers, view=com.android.browser.BrowserWebView@4136f490
06-16 19:44:06.663  2954  2954 W BaseUi  : mMainView is already attached to wrapper in attachTabToContentView!
06-16 19:44:06.663  2954  2954 W BaseUi  : mContainer is already attached to content in attachTabToContentView!
06-16 19:44:06.765   724   777 D androidNetworkLocationListeners: Still have listener com.google.android.location.internal.client.NetworkLocationClient$1@4137adc8
06-16 19:44:06.769   724   777 D androidNetworkLocationListeners: Still have listener com.google.android.location.internal.client.NetworkLocationClient$1@4137adc8
06-16 19:44:06.827   724  1515 D WifiLocator: Too many no-location APs. Will not compute a location nor go to the server. hasLocation=0 noLocation=0 cacheMiss=0
06-16 19:44:06.933  1553  1553 D OpenGLRenderer: Flushing caches (mode 0)
06-16 19:44:07.199  1553  1553 D OpenGLRenderer: Flushing caches (mode 1)
06-16 19:44:07.343   152   172 W ActivityManager: No content provider found for permission revoke: file:///data/data/com.android.providers.downloads/cache/downloadfile.apk
06-16 19:44:07.507  2954  2956 D dalvikvm: GC_CONCURRENT freed 621K, 7% free 10677K/11463K, paused 53ms+10ms
06-16 19:44:07.609   724   777 D androidNetworkLocationListeners: Still have listener com.google.android.location.internal.client.NetworkLocationClient$1@4137adc8
06-16 19:44:07.617   724  1515 D WifiLocator: Too many no-location APs. Will not compute a location nor go to the server. hasLocation=0 noLocation=0 cacheMiss=0
06-16 19:44:08.081   152   172 W ActivityManager: No content provider found for permission revoke: file:///data/data/com.android.providers.downloads/cache/downloadfile.apk
06-16 19:44:08.484   152   155 D dalvikvm: GC_CONCURRENT freed 712K, 19% free 13728K/16839K, paused 8ms+5ms
06-16 19:44:08.644   560   562 D dalvikvm: GC_CONCURRENT freed 339K, 6% free 10472K/11079K, paused 18ms+21ms
06-16 19:44:09.488   389   391 D dalvikvm: GC_CONCURRENT freed 128K, 6% free 10239K/10887K, paused 4ms+10ms
06-16 19:44:09.585   389   389 D dalvikvm: GC_FOR_ALLOC freed 391K, 10% free 9905K/10887K, paused 42ms
06-16 19:44:09.660    82   122 D AudioHardware: AudioHardware pcm playback is going to standby.
06-16 19:44:09.660    82   122 D AudioHardware: closePcmOut_l() mPcmOpenCnt: 1
06-16 19:44:09.769   152   155 D dalvikvm: GC_CONCURRENT freed 615K, 16% free 14174K/16839K, paused 3ms+5ms
06-16 19:44:10.253   389   389 D dalvikvm: GC_FOR_ALLOC freed 19K, 8% free 10119K/10887K, paused 17ms
06-16 19:44:10.257   389   389 I dalvikvm-heap: Grow heap (frag case) to 10.125MB for 186256-byte allocation
06-16 19:44:10.273   389   389 D dalvikvm: GC_FOR_ALLOC freed 2K, 8% free 10298K/11079K, paused 17ms
06-16 19:44:11.347   152   155 D dalvikvm: GC_CONCURRENT freed 926K, 15% free 14425K/16839K, paused 3ms+365ms
06-16 19:44:11.519   152   155 D dalvikvm: GC_CONCURRENT freed 1252K, 15% free 14432K/16839K, paused 3ms+5ms
06-16 19:44:12.308  3319  3321 D dalvikvm: GC_CONCURRENT freed 328K, 6% free 9342K/9927K, paused 8ms+5ms
06-16 19:44:12.800   152   155 D dalvikvm: GC_CONCURRENT freed 1245K, 15% free 14449K/16839K, paused 4ms+5ms
06-16 19:44:12.886   724   728 D dalvikvm: GC_CONCURRENT freed 577K, 10% free 10990K/12103K, paused 5ms+3ms
06-16 19:44:13.171   152   489 I ActivityManager: Process com.google.android.apps.uploader (pid 3392) has died.
06-16 19:44:13.300   152   155 D dalvikvm: GC_CONCURRENT freed 1231K, 15% free 14451K/16839K, paused 2ms+5ms
06-16 19:44:13.519   560   562 D dalvikvm: GC_CONCURRENT freed 719K, 9% free 10151K/11079K, paused 28ms+27ms
06-16 19:44:13.933   152   155 D dalvikvm: GC_CONCURRENT freed 1242K, 14% free 14484K/16839K, paused 3ms+5ms
06-16 19:44:14.132   560   562 D dalvikvm: GC_CONCURRENT freed 179K, 7% free 10360K/11079K, paused 2ms+2ms
06-16 19:44:14.363   152   155 D dalvikvm: GC_CONCURRENT freed 1259K, 15% free 14479K/16839K, paused 6ms+5ms
06-16 19:44:14.695   152   172 D dalvikvm: GC_EXPLICIT freed 77K, 15% free 14410K/16839K, paused 5ms+20ms
06-16 19:44:14.738  3002  3013 D Finsky  : [208] 1.packageInstalled: Package install status for "com.android.vending" is -104
06-16 19:44:14.738  3002  3013 W Finsky  : [208] 1.packageInstalled: Package name mismatsch: ours:  package manager's: com.android.vending
06-16 19:44:14.788   560   562 D dalvikvm: GC_CONCURRENT freed 343K, 7% free 10414K/11079K, paused 1ms+3ms
06-16 19:44:15.136   152  1042 D dalvikvm: GC_EXPLICIT freed 989K, 21% free 13424K/16839K, paused 11ms+9ms
06-16 19:44:15.269   152  1032 I ActivityManager: Process com.google.android.syncadapters.calendar (pid 2926) has died.
06-16 19:44:15.433   560   562 D dalvikvm: GC_CONCURRENT freed 366K, 6% free 10437K/11079K, paused 2ms+3ms
06-16 19:44:16.382   560   562 D dalvikvm: GC_CONCURRENT freed 343K, 6% free 10481K/11079K, paused 7ms+4ms
06-16 19:44:16.792   560   562 D dalvikvm: GC_CONCURRENT freed 340K, 5% free 10530K/11079K, paused 2ms+34ms
06-16 19:44:18.644   560   562 D dalvikvm: GC_CONCURRENT freed 724K, 8% free 10235K/11079K, paused 36ms+2ms
06-16 19:44:18.929   560   562 D dalvikvm: GC_CONCURRENT freed 227K, 7% free 10395K/11079K, paused 2ms+3ms
06-16 19:44:19.175   560   562 D dalvikvm: GC_CONCURRENT freed 350K, 6% free 10433K/11079K, paused 2ms+3ms
06-16 19:44:19.398   560   562 D dalvikvm: GC_CONCURRENT freed 350K, 6% free 10476K/11079K, paused 1ms+8ms
06-16 19:44:19.695   560   562 D dalvikvm: GC_CONCURRENT freed 364K, 6% free 10503K/11079K, paused 2ms+3ms
06-16 19:44:19.972   560   562 D dalvikvm: GC_CONCURRENT freed 375K, 5% free 10573K/11079K, paused 2ms+3ms
06-16 19:44:22.285   724   728 D dalvikvm: GC_CONCURRENT freed 556K, 10% free 10985K/12103K, paused 7ms+3ms
06-16 19:44:22.437   560   562 D dalvikvm: GC_CONCURRENT freed 831K, 9% free 10190K/11143K, paused 2ms+4ms
06-16 19:44:22.695   560   562 D dalvikvm: GC_CONCURRENT freed 227K, 8% free 10356K/11143K, paused 2ms+3ms
06-16 19:44:22.898   560   562 D dalvikvm: GC_CONCURRENT freed 312K, 7% free 10433K/11143K, paused 1ms+3ms
06-16 19:44:23.202   560   562 D dalvikvm: GC_CONCURRENT freed 379K, 7% free 10451K/11143K, paused 3ms+3ms
06-16 19:44:23.398   560   562 D dalvikvm: GC_CONCURRENT freed 363K, 7% free 10473K/11143K, paused 2ms+3ms
06-16 19:44:23.695   560   562 D dalvikvm: GC_CONCURRENT freed 353K, 6% free 10506K/11143K, paused 2ms+3ms
06-16 19:44:23.859   560   562 D dalvikvm: GC_CONCURRENT freed 340K, 6% free 10552K/11143K, paused 1ms+4ms
06-16 19:44:27.128   724   728 D dalvikvm: GC_CONCURRENT freed 814K, 12% free 10741K/12103K, paused 3ms+16ms
06-16 19:44:27.300   560   562 D dalvikvm: GC_CONCURRENT freed 767K, 9% free 10203K/11143K, paused 2ms+4ms
06-16 19:44:28.894   560   562 D dalvikvm: GC_CONCURRENT freed 361K, 9% free 10231K/11143K, paused 2ms+7ms
06-16 19:44:29.238   560   562 D dalvikvm: GC_CONCURRENT freed 367K, 9% free 10251K/11143K, paused 2ms+4ms
06-16 19:44:29.702   560   562 D dalvikvm: GC_CONCURRENT freed 333K, 8% free 10305K/11143K, paused 2ms+3ms
06-16 19:44:29.874  1553  1553 D OpenGLRenderer: Flushing caches (mode 1)
06-16 19:44:29.886  1380  1380 D OpenGLRenderer: Flushing caches (mode 1)
06-16 19:44:29.898  1708  1708 D OpenGLRenderer: Flushing caches (mode 2)
06-16 19:44:29.898  3002  3002 D OpenGLRenderer: Flushing caches (mode 2)
06-16 19:44:29.902  2903  2903 D OpenGLRenderer: Flushing caches (mode 2)
06-16 19:44:30.113  3002  3002 D OpenGLRenderer: Flushing caches (mode 0)
06-16 19:44:43.492    82   122 D AudioHardware: AudioHardware pcm playback is exiting standby.
06-16 19:44:43.492    82   122 D AudioHardware: openPcmOut_l() mPcmOpenCnt: 0
06-16 19:44:43.620   389   389 D dalvikvm: GC_FOR_ALLOC freed 543K, 11% free 9940K/11079K, paused 115ms
06-16 19:44:43.855   152  1041 I ActivityManager: Start proc com.google.android.partnersetup for content provider com.google.android.partnersetup/.RlzAppProvider: pid=3605 uid=10021 gids={3003}
06-16 19:44:43.995  3605  3605 I ActivityThread: Pub com.google.android.partnersetup.rlzprovider: com.google.android.partnersetup.RlzProvider
06-16 19:44:44.011  3605  3605 I ActivityThread: Pub com.google.android.partnersetup.rlzappprovider: com.google.android.partnersetup.RlzAppProvider
06-16 19:44:44.054  1553  1553 D OpenGLRenderer: Flushing caches (mode 1)
06-16 19:44:44.054  1380  1380 D OpenGLRenderer: Flushing caches (mode 1)
06-16 19:44:46.585    82   122 D AudioHardware: AudioHardware pcm playback is going to standby.
06-16 19:44:46.585    82   122 D AudioHardware: closePcmOut_l() mPcmOpenCnt: 1
06-16 19:44:53.202  2954  2956 D dalvikvm: GC_CONCURRENT freed 463K, 8% free 10656K/11463K, paused 2ms+3ms
06-16 19:44:54.902   560   575 D dalvikvm: GC_FOR_ALLOC freed 605K, 11% free 9937K/11143K, paused 27ms
06-16 19:44:57.515  3342  3355 I PhoneLab-: Service Running
06-16 19:44:57.585  3342  3355 I PhoneLab-LoggerService: app_37    1263  1     1764   1320  c00f181c 400107b4 S logcat
06-16 19:44:57.585  3342  3355 I PhoneLab-LoggerService: Logcat pid from database 1263
06-16 19:44:57.585  3342  3355 I PhoneLab-LoggerService: Logcat process found 1263
06-16 19:44:57.585  3342  3355 I PhoneLab-LoggerService: Checking Threshold
06-16 19:44:57.589  3342  3355 I PhoneLab-LoggerService: Starting to rename files
06-16 19:44:57.589  3342  3355 I PhoneLab-LoggerService: Files found .. 2
06-16 19:44:57.589  3342  3355 I PhoneLab-LoggerService: File 1 log.out.1
06-16 19:44:57.702  3342  3355 I PhoneLab-LoggerService: Renamed successfully
06-16 19:45:04.960  3319  3321 D dalvikvm: GC_CONCURRENT freed 375K, 6% free 9355K/9927K, paused 3ms+10ms
06-16 19:45:05.859    82   122 D AudioHardware: AudioHardware pcm playback is exiting standby.
06-16 19:45:05.859    82   122 D AudioHardware: openPcmOut_l() mPcmOpenCnt: 0
06-16 19:45:05.968  2954  2954 D dalvikvm: GC_FOR_ALLOC freed 137K, 7% free 10723K/11463K, paused 64ms
06-16 19:45:05.968  2954  2954 I dalvikvm-heap: Grow heap (frag case) to 10.707MB for 172816-byte allocation
06-16 19:45:05.992  2954  2954 D dalvikvm: GC_FOR_ALLOC freed 9K, 7% free 10882K/11655K, paused 18ms
06-16 19:45:06.015  2954  3108 I SqliteDatabaseCpp: sqlite returned: error code = 1, msg = no such table: Permissions, db=/data/data/com.android.browser/databases/webview.db
06-16 19:45:06.038  2954  3125 D dalvikvm: GC_FOR_ALLOC freed <1K, 7% free 10885K/11655K, paused 23ms
06-16 19:45:06.042  2954  3125 I dalvikvm-heap: Grow heap (frag case) to 10.865MB for 172816-byte allocation
06-16 19:45:06.070  2954  2954 D dalvikvm: GC_FOR_ALLOC freed <1K, 7% free 11053K/11847K, paused 18ms
06-16 19:45:06.144   152   489 W InputManagerService: Window already focused, ignoring focus gain of: com.android.internal.view.IInputMethodClient$Stub$Proxy@4140c420
06-16 19:45:06.581   152   506 D dalvikvm: GC_EXPLICIT freed 556K, 21% free 13459K/16839K, paused 3ms+6ms
06-16 19:45:06.636  2954  2954 W Tab     : Failed to save back/forward list for http://www.cigaradvisor.com/suggestion-guide
06-16 19:45:09.331  2954  3108 I SqliteDatabaseCpp: sqlite returned: error code = 1, msg = no such table: Permissions, db=/data/data/com.android.browser/databases/webview.db
06-16 19:45:12.202  2954  3125 D dalvikvm: GC_EXPLICIT freed 208K, 7% free 11118K/11847K, paused 2ms+4ms
06-16 19:45:12.394    82   122 D AudioHardware: AudioHardware pcm playback is going to standby.
06-16 19:45:12.394    82   122 D AudioHardware: closePcmOut_l() mPcmOpenCnt: 1
06-16 19:45:12.808    82   122 D AudioHardware: AudioHardware pcm playback is exiting standby.
06-16 19:45:12.808    82   122 D AudioHardware: openPcmOut_l() mPcmOpenCnt: 0
06-16 19:45:12.863  2954  2954 D dalvikvm: GC_FOR_ALLOC freed 76K, 7% free 11086K/11847K, paused 19ms
06-16 19:45:12.863  2954  2954 I dalvikvm-heap: Grow heap (frag case) to 11.061MB for 172816-byte allocation
06-16 19:45:12.913  2954  3108 D dalvikvm: GC_FOR_ALLOC freed 4K, 7% free 11250K/12039K, paused 39ms
06-16 19:45:12.929  2954  3108 I SqliteDatabaseCpp: sqlite returned: error code = 1, msg = no such table: Permissions, db=/data/data/com.android.browser/databases/webview.db
06-16 19:45:12.999   152   489 W InputManagerService: Window already focused, ignoring focus gain of: com.android.internal.view.IInputMethodClient$Stub$Proxy@41507958
06-16 19:45:13.492  2954  2954 W Tab     : Failed to save back/forward list for http://www.cigar.com/cigars/suggestions.asp
06-16 19:45:14.558  2954  2954 W Tab     : Failed to save back/forward list for http://www.cigar.com/cigars/suggestions.asp
06-16 19:45:15.019   724   728 D dalvikvm: GC_CONCURRENT freed 528K, 12% free 10662K/12103K, paused 7ms+7ms
06-16 19:45:15.054   560   576 D dalvikvm: GC_FOR_ALLOC freed 251K, 11% free 9921K/11143K, paused 24ms
06-16 19:45:15.413  2954  2954 W Tab     : Failed to save back/forward list for http://www.cigar.com/cigars/suggestions.asp
06-16 19:45:15.980  2954  2954 W Tab     : Failed to save back/forward list for http://www.cigar.com/cigars/suggestions.asp
06-16 19:45:16.652  2954  2954 W Tab     : Failed to save back/forward list for http://www.cigar.com/cigars/suggestions.asp
06-16 19:45:17.460    82   122 D AudioHardware: AudioHardware pcm playback is going to standby.
06-16 19:45:17.460    82   122 D AudioHardware: closePcmOut_l() mPcmOpenCnt: 1
06-16 19:45:17.566  2954  2954 W Tab     : Failed to save back/forward list for http://www.cigar.com/cigars/suggestions.asp
06-16 19:45:17.624  2954  3108 I SqliteDatabaseCpp: sqlite returned: error code = 1, msg = no such table: Permissions, db=/data/data/com.android.browser/databases/webview.db
06-16 19:45:17.632    82   122 D AudioHardware: AudioHardware pcm playback is exiting standby.
06-16 19:45:17.632    82   122 D AudioHardware: openPcmOut_l() mPcmOpenCnt: 0
06-16 19:45:18.343  2954  2954 W Tab     : Failed to save back/forward list for http://www.cigar.com/cigars/suggestions.asp
06-16 19:45:19.019  2954  2954 W Tab     : Failed to save back/forward list for http://www.cigar.com/cigars/suggestions.asp
06-16 19:45:19.738  2954  2954 W Tab     : Failed to save back/forward list for http://www.cigar.com/cigars/suggestions.asp
06-16 19:45:20.726    82   122 D AudioHardware: AudioHardware pcm playback is going to standby.
06-16 19:45:20.726    82   122 D AudioHardware: closePcmOut_l() mPcmOpenCnt: 1
06-16 19:45:22.187  2954  2954 W Tab     : Failed to save back/forward list for http://www.cigar.com/setSrc.asp?sourceKey=CGWB01&destURL=%2Fcigars%2Fsuggestions%2Easp&globalt=1
06-16 19:45:23.398  2954  2954 W Tab     : Failed to save back/forward list for http://www.cigar.com/cigars/suggestions.asp
06-16 19:45:23.984  2954  2954 W Tab     : Failed to save back/forward list for http://www.cigar.com/cigars/suggestions.asp
06-16 19:45:25.863  2954  2954 E browser : Console: Uncaught SyntaxError: Unexpected token < http://www.cigaradvisor.com/suggestion-guide:240
06-16 19:45:28.347  2954  2956 D dalvikvm: GC_CONCURRENT freed 674K, 7% free 11236K/12039K, paused 3ms+6ms
06-16 19:45:29.070  2954  2954 D dalvikvm: GC_FOR_ALLOC freed 70K, 8% free 11193K/12039K, paused 25ms
06-16 19:45:29.070  2954  2954 I dalvikvm-heap: Grow heap (frag case) to 11.125MB for 129616-byte allocation
06-16 19:45:29.101  2954  2954 D dalvikvm: GC_FOR_ALLOC freed 3K, 7% free 11316K/12167K, paused 30ms
06-16 19:45:30.558   152   489 I ActivityManager: Process com.google.android.gallery3d (pid 1123) has died.
06-16 19:45:31.136    82   122 D AudioHardware: AudioHardware pcm playback is exiting standby.
06-16 19:45:31.136    82   122 D AudioHardware: openPcmOut_l() mPcmOpenCnt: 0
06-16 19:45:32.890   152   164 I ActivityManager: Process com.android.calendar (pid 1708) has died.
06-16 19:45:33.148   389   391 D dalvikvm: GC_CONCURRENT freed 428K, 11% free 9896K/11079K, paused 2ms+7ms
06-16 19:45:34.882  2954  3108 I SqliteDatabaseCpp: sqlite returned: error code = 1, msg = no such table: Permissions, db=/data/data/com.android.browser/databases/webview.db
06-16 19:45:36.390    82   122 D AudioHardware: AudioHardware pcm playback is going to standby.
06-16 19:45:36.390    82   122 D AudioHardware: closePcmOut_l() mPcmOpenCnt: 1
06-16 19:45:41.038  2954  2961 I dalvikvm: Jit: resizing JitTable from 4096 to 8192
06-16 19:45:42.718   152  1042 I ActivityManager: Process com.android.providers.calendar (pid 1638) has died.
06-16 19:45:42.878  2954  2956 D dalvikvm: GC_CONCURRENT freed 567K, 7% free 11388K/12167K, paused 7ms+6ms
06-16 19:45:46.488   152   558 I ActivityManager: Process com.google.android.gm (pid 2903) has died.
06-16 19:45:46.663   560   636 D dalvikvm: GC_FOR_ALLOC freed 345K, 11% free 9927K/11143K, paused 21ms
06-16 19:45:58.734   724   906 I EventLogService: Aggregate from 1339890028903 (log), 1339888558622 (data)
06-16 19:45:58.742  1553  1553 D OpenGLRenderer: Flushing caches (mode 2)
06-16 19:45:58.757  1380  1380 D OpenGLRenderer: Flushing caches (mode 2)
06-16 19:45:58.773  1553  1553 D OpenGLRenderer: Flushing caches (mode 0)
06-16 19:45:59.140   560   636 D dalvikvm: GC_FOR_ALLOC freed 336K, 11% free 9927K/11143K, paused 23ms
06-16 19:46:04.261   724   728 D dalvikvm: GC_CONCURRENT freed 414K, 12% free 10668K/12103K, paused 22ms+4ms
06-16 19:46:19.706   560   562 D dalvikvm: GC_CONCURRENT freed 381K, 11% free 9934K/11143K, paused 5ms+2ms
06-16 19:46:20.136  3319  3321 D dalvikvm: GC_CONCURRENT freed 421K, 6% free 9375K/9927K, paused 2ms+5ms
06-16 19:46:24.706   560  3584 D dalvikvm: GC_FOR_ALLOC freed 309K, 11% free 9924K/11143K, paused 20ms
06-16 19:46:36.097  2954  3108 I SqliteDatabaseCpp: sqlite returned: error code = 1, msg = no such table: Permissions, db=/data/data/com.android.browser/databases/webview.db
06-16 19:46:36.117  2954  2954 D webviewglue: nativeDestroy view: 0x141e690
06-16 19:46:37.519    82   122 D AudioHardware: AudioHardware pcm playback is exiting standby.
06-16 19:46:37.519    82   122 D AudioHardware: openPcmOut_l() mPcmOpenCnt: 0
06-16 19:46:38.609   724   728 D dalvikvm: GC_CONCURRENT freed 431K, 12% free 10664K/12103K, paused 3ms+4ms
06-16 19:46:38.663   560   683 D dalvikvm: GC_FOR_ALLOC freed 334K, 11% free 9923K/11143K, paused 41ms
06-16 19:46:39.214  2954  2956 D dalvikvm: GC_CONCURRENT freed 696K, 7% free 11408K/12231K, paused 15ms+5ms
06-16 19:46:39.718  2954  3108 I SqliteDatabaseCpp: sqlite returned: error code = 1, msg = no such table: Permissions, db=/data/data/com.android.browser/databases/webview.db
06-16 19:46:41.175   389   391 D dalvikvm: GC_CONCURRENT freed 349K, 11% free 9936K/11079K, paused 9ms+4ms
06-16 19:46:42.769    82   122 D AudioHardware: AudioHardware pcm playback is going to standby.
06-16 19:46:42.769    82   122 D AudioHardware: closePcmOut_l() mPcmOpenCnt: 1
06-16 19:46:45.687   560   575 D dalvikvm: GC_FOR_ALLOC freed 243K, 11% free 9919K/11143K, paused 33ms
06-16 19:46:48.882   560   690 D dalvikvm: GC_FOR_ALLOC freed 268K, 11% free 9924K/11143K, paused 37ms
06-16 19:46:51.843   560   576 D dalvikvm: GC_FOR_ALLOC freed 271K, 11% free 9924K/11143K, paused 41ms
06-16 19:46:53.003   152   489 D dalvikvm: GC_EXPLICIT freed 737K, 21% free 13449K/16839K, paused 3ms+10ms
06-16 19:46:53.331   724   728 D dalvikvm: GC_CONCURRENT freed 425K, 12% free 10660K/12103K, paused 2ms+3ms
06-16 19:46:55.628    82   122 D AudioHardware: AudioHardware pcm playback is exiting standby.
06-16 19:46:55.628    82   122 D AudioHardware: openPcmOut_l() mPcmOpenCnt: 0
06-16 19:46:56.484   152   194 I ActivityManager: Start proc com.google.android.gm for service com.google.android.gm/.provider.MailSyncAdapterService: pid=3706 uid=10018 gids={3003, 1015}
06-16 19:46:56.605  3706  3706 I ActivityThread: Pub gmail-ls: com.google.android.gm.provider.MailProvider
06-16 19:46:56.640  3706  3706 I ActivityThread: Pub com.google.android.gmail.SuggestionProvider: com.google.android.gm.SuggestionsProvider
06-16 19:46:56.644  3706  3706 I ActivityThread: Pub com.google.android.gm: com.google.android.gm.provider.PublicContentProvider
06-16 19:46:57.452  3342  3355 I PhoneLab-: Service Running
06-16 19:46:57.952  3706  3709 D dalvikvm: GC_CONCURRENT freed 229K, 4% free 9254K/9607K, paused 9ms+3ms
06-16 19:46:57.952  3706  3724 I Gmail   : calculateUnknownSyncRationalesAndPurgeInBackground: exiting (labelMap not synced
06-16 19:46:58.058  3342  3355 I PhoneLab-LoggerService: app_37    1263  1     1764   1320  c00f181c 400107b4 S logcat
06-16 19:46:58.058  3342  3355 I PhoneLab-LoggerService: Logcat pid from database 1263
06-16 19:46:58.058  3342  3355 I PhoneLab-LoggerService: Logcat process found 1263
06-16 19:46:58.058  3342  3355 I PhoneLab-LoggerService: Checking Threshold
06-16 19:46:58.058  3342  3355 I PhoneLab-LoggerService: Starting to rename files
06-16 19:46:58.058  3342  3355 I PhoneLab-LoggerService: Files found .. 2
06-16 19:46:58.120  3342  3345 D dalvikvm: GC_CONCURRENT freed 388K, 6% free 9103K/9607K, paused 12ms+6ms
06-16 19:46:58.191  3706  3724 I Gmail   : calculateUnknownSyncRationalesAndPurgeInBackground: exiting (labelMap not synced
06-16 19:46:58.718    82   122 D AudioHardware: AudioHardware pcm playback is going to standby.
06-16 19:46:58.718    82   122 D AudioHardware: closePcmOut_l() mPcmOpenCnt: 1
06-16 19:47:00.542  3319  3321 D dalvikvm: GC_CONCURRENT freed 427K, 6% free 9366K/9927K, paused 2ms+3ms
06-16 19:47:04.226  3706  3709 D dalvikvm: GC_CONCURRENT freed 301K, 5% free 9376K/9799K, paused 35ms+3ms
06-16 19:47:07.585  3706  3721 D dalvikvm: GC_EXPLICIT freed 108K, 5% free 9390K/9799K, paused 5ms+130ms
06-16 19:47:07.609  3706  3721 I Gmail   : getStartSyncRequest: handledServerOpId: 0, upperFetchedConvoId: 0, lowerFetchedConvoId: 0, ackedClientOp: 0
06-16 19:47:09.214  3706  3709 D dalvikvm: GC_CONCURRENT freed 350K, 5% free 9445K/9927K, paused 2ms+3ms
06-16 19:47:09.519  3706  3709 D dalvikvm: GC_CONCURRENT freed 419K, 6% free 9440K/9991K, paused 2ms+2ms
06-16 19:47:09.788  3706  3709 D dalvikvm: GC_CONCURRENT freed 403K, 6% free 9459K/9991K, paused 2ms+3ms
06-16 19:47:10.109  3706  3709 D dalvikvm: GC_CONCURRENT freed 406K, 6% free 9458K/9991K, paused 3ms+3ms
06-16 19:47:10.468  3706  3709 D dalvikvm: GC_CONCURRENT freed 370K, 6% free 9490K/9991K, paused 2ms+3ms
06-16 19:47:10.675  3706  3709 D dalvikvm: GC_CONCURRENT freed 430K, 6% free 9494K/10055K, paused 2ms+2ms
06-16 19:47:10.882  3706  3709 D dalvikvm: GC_CONCURRENT freed 440K, 6% free 9488K/10055K, paused 3ms+8ms
06-16 19:47:11.152  3706  3709 D dalvikvm: GC_CONCURRENT freed 456K, 6% free 9469K/10055K, paused 3ms+2ms
06-16 19:47:11.327  3706  3709 D dalvikvm: GC_CONCURRENT freed 366K, 6% free 9493K/10055K, paused 3ms+2ms
06-16 19:47:11.472  3706  3709 D dalvikvm: GC_CONCURRENT freed 430K, 6% free 9506K/10055K, paused 2ms+2ms
06-16 19:47:11.917  3319  3744 D dalvikvm: GC_EXPLICIT freed 205K, 7% free 9266K/9927K, paused 14ms+13ms
06-16 19:47:12.046  3706  3709 D dalvikvm: GC_CONCURRENT freed 442K, 6% free 9492K/10055K, paused 8ms+3ms
06-16 19:47:12.238  3706  3709 D dalvikvm: GC_CONCURRENT freed 454K, 6% free 9471K/10055K, paused 2ms+2ms
06-16 19:47:12.367  3706  3709 D dalvikvm: GC_CONCURRENT freed 353K, 6% free 9505K/10055K, paused 2ms+2ms
06-16 19:47:12.656  3706  3709 D dalvikvm: GC_CONCURRENT freed 420K, 6% free 9511K/10055K, paused 2ms+2ms
06-16 19:47:12.870  3706  3721 I Gmail   : checkLabelsSets changed the label sets to: included([^^out, ^r]), partial([^i, ^f, ^iim]), all([userlabel:100023093, userlabel:97716, userlabel:1940515987, userlabel:-1431539954, userlabel:109776329, userlabel:98323, userlabel:-995364504, userlabel:2914456, ^io_im, userlabel:-65150307, userlabel:3554063, userlabel:937207075, userlabel:-352013224, userlabel:94101, userlabel:1987365622, userlabel:93982, userlabel:112903375, userlabel:3169049, userlabel:1064538598, userlabel:-903566220, userlabel:-1492276990, userlabel:-1492276991, userlabel:726267298, userlabel:-1492276992, userlabel:46145881, userlabel:3619905, userlabel:-456110118, ^imi, userlabel:114869750, userlabel:98235639, ^iim, userlabel:-444334895, ^all, userlabel:2896756, ^imn, userlabel:-1492276993, userlabel:-1492276994, userlabel:546997401, userlabel:3480, userlabel:-1435862505, userlabel:1266154575, userlabel:1943966589, ^i, userlabel:-1549068606, ^g, ^f, userlabel:-1508083783, ^k, userlabel:3512742, userlabel:-995205389, userlabel:93692, userlabel:-1280096929, ^b, userlabel:107142, userlabel:-1414779652, userlabel:3026, userlabel:470072541, userlabel:3025, userlabel:-197423724, userlabel:105008833, ^t, ^u, userlabel:843908213, userlabel:-1023621503, ^r, userlabel:-1492383895, userlabel:1895331871, ^s])
06-16 19:47:12.941  3706  3721 I Gmail   : calculateUnknownSyncRationalesAndPurgeInBackground: queueing
06-16 19:47:12.941  3706  3724 I Gmail   : calculateUnknownSyncRationalesAndPurgeInBackground: running
06-16 19:47:13.054  3706  3721 D dalvikvm: GC_EXPLICIT freed 366K, 6% free 9485K/10055K, paused 2ms+3ms
06-16 19:47:13.081  3706  3721 I Gmail   : MainSyncRequestProto: lowestBkwdConvoId: 1404976946210668545, highestHandledServerOp: 2628997, normalSync: true
06-16 19:47:14.214  3319  3550 I qtaguid : Failed write_ctrl(u 58) res=-1 errno=22
06-16 19:47:14.214  3319  3550 I qtaguid : Untagging socket 58 failed errno=-22
06-16 19:47:14.214  3319  3550 W NetworkManagementSocketTagger: untagSocket(58) failed with errno -22
06-16 19:47:14.620  2954  2956 D dalvikvm: GC_CONCURRENT freed 689K, 7% free 11408K/12231K, paused 2ms+3ms
06-16 19:47:15.738  3002  3002 D Finsky  : [1] DownloadQueueImpl.notifyProgress: com.google.android.apps.googlevoice: onProgress 4748100/4748100 Status: 200.
06-16 19:47:15.839  3002  3002 D Finsky  : [1] DownloadBroadcastReceiver.onReceive: Intent received at DownloadBroadcastReceiver
06-16 19:47:15.898  3002  3002 D Finsky  : [1] DownloadImpl.setState: com.google.android.apps.googlevoice from DOWNLOADING to SUCCESS.
06-16 19:47:15.898  3002  3002 D Finsky  : [1] DownloadQueueImpl.onComplete: com.google.android.apps.googlevoice: onComplete
06-16 19:47:15.902  3002  3002 D Finsky  : [1] DownloadQueueImpl.remove: Download com.google.android.apps.googlevoice removed from DownloadQueue
06-16 19:47:15.941   389   391 D dalvikvm: GC_CONCURRENT freed 450K, 11% free 9897K/11079K, paused 2ms+3ms
06-16 19:47:15.964    84    84 I installd: free_cache(0) avail 960921600
06-16 19:47:16.074   389   391 D dalvikvm: GC_CONCURRENT freed 528K, 12% free 9805K/11079K, paused 2ms+20ms
06-16 19:47:16.199  3002  3002 D Finsky  : [1] SelfUpdateScheduler.onComplete: Self-update ignoring completed download com.google.android.apps.googlevoice
06-16 19:47:17.835   389   391 D dalvikvm: GC_CONCURRENT freed 304K, 10% free 9983K/11079K, paused 2ms+3ms
06-16 19:47:17.902   152   172 W ActivityManager: No content provider found for permission revoke: file:///data/data/com.android.providers.downloads/cache/downloadfile-1.apk
06-16 19:47:18.105   389   391 D dalvikvm: GC_CONCURRENT freed 523K, 11% free 9964K/11079K, paused 1ms+2ms
06-16 19:47:18.265   152   172 W ActivityManager: No content provider found for permission revoke: file:///data/data/com.android.providers.downloads/cache/downloadfile-1.apk
06-16 19:47:18.468   152   155 D dalvikvm: GC_CONCURRENT freed 802K, 19% free 13754K/16839K, paused 3ms+5ms
06-16 19:47:18.675   152   155 D dalvikvm: GC_CONCURRENT freed 630K, 16% free 14188K/16839K, paused 4ms+4ms
06-16 19:47:18.867   152   155 D dalvikvm: GC_CONCURRENT freed 1169K, 16% free 14192K/16839K, paused 3ms+5ms
06-16 19:47:19.046   152   155 D dalvikvm: GC_CONCURRENT freed 1169K, 16% free 14215K/16839K, paused 3ms+5ms
06-16 19:47:19.331   152   155 D dalvikvm: GC_CONCURRENT freed 1211K, 16% free 14207K/16839K, paused 3ms+4ms
06-16 19:47:19.460  2954  3108 I SqliteDatabaseCpp: sqlite returned: error code = 1, msg = no such table: Permissions, db=/data/data/com.android.browser/databases/webview.db
06-16 19:47:19.484  2954  2954 D webviewglue: nativeDestroy view: 0xf63388
06-16 19:47:19.765   152   155 D dalvikvm: GC_CONCURRENT freed 1186K, 16% free 14215K/16839K, paused 2ms+6ms
06-16 19:47:20.019   152   172 I PackageManager: Running dexopt on: com.google.android.apps.googlevoice
06-16 19:47:23.023   453   455 D dalvikvm: GC_CONCURRENT freed 527K, 6% free 10568K/11207K, paused 13ms+18ms
06-16 19:47:23.468   389   391 D dalvikvm: GC_CONCURRENT freed 346K, 10% free 10031K/11079K, paused 2ms+18ms
06-16 19:47:25.628  3706  3709 D dalvikvm: GC_CONCURRENT freed 387K, 6% free 9533K/10055K, paused 147ms+253ms
06-16 19:47:25.738  3753  3753 D dalvikvm: DexOpt: load 236ms, verify+opt 4062ms
06-16 19:47:26.277   152   169 I ActivityManager: Force stopping package com.google.android.apps.googlevoice uid=10054
06-16 19:47:27.402   152   172 D PackageManager: New package installed in /data/app/com.google.android.apps.googlevoice-1.apk
06-16 19:47:27.503   152   172 W PackageManager: Unknown permission com.android.vending.permission.UPDATE_MARKET_FAILURE in package com.android.vending.updater
06-16 19:47:27.507   152   172 W PackageManager: Unknown permission android.permission.ADD_SYSTEM_SERVICE in package com.android.phone
06-16 19:47:27.538   152   172 W PackageManager: Unknown permission com.android.vending.billing.IBillingAccountService.BIND2 in package com.google.android.gsf.login
06-16 19:47:27.538   152   172 W PackageManager: Not granting permission android.permission.SEND_DOWNLOAD_COMPLETED_INTENTS to package com.android.browser (protectionLevel=2 flags=0x9be45)
06-16 19:47:27.550   152   172 W PackageManager: Unknown permission android.permission.READ_OWNER_DATA in package com.google.android.setupwizard
06-16 19:47:27.550   152   172 W PackageManager: Unknown permission android.permission.WRITE_OWNER_DATA in package com.google.android.setupwizard
06-16 19:47:27.554   152   172 W PackageManager: Unknown permission android.permission.WRITE_CDMA_CARRIER_SETTINGS in package com.android.sprintmenu
06-16 19:47:27.554   152   172 W PackageManager: Unknown permission android.permission.CHANGE_DUN_STATE in package com.android.sprintmenu
06-16 19:47:27.554   152   172 W PackageManager: Unknown permission android.permission.READ_EXTERNAL_STORAGE in package com.android.videoeditor
06-16 19:47:27.562   152   172 W PackageManager: Unknown permission android.permission.READ_EXTERNAL_STORAGE in package com.android.vending
06-16 19:47:27.574   152   172 W PackageManager: Unknown permission com.sprint.internal.permission.CONNECTIONMANAGER in package com.samsung.update
06-16 19:47:27.574   152   172 W PackageManager: Unknown permission com.sprint.internal.permission.SYSTEMPROPERTIES in package com.samsung.update
06-16 19:47:27.574   152   172 W PackageManager: Unknown permission com.sprint.internal.permission.SYSTEMPROPERTIES_WRITE in package com.samsung.update
06-16 19:47:27.577   152   172 W PackageManager: Not granting permission android.permission.DEVICE_POWER to package com.android.deskclock (protectionLevel=2 flags=0x8be45)
06-16 19:47:27.581   152   172 W PackageManager: Unknown permission android.permission.FLAG_RECEIVER_REGISTERED_ONLY_BEFORE_BOOT in package com.samsung.wimax
06-16 19:47:27.581   152   172 W PackageManager: Not granting permission android.permission.ACCESS_CHECKIN_PROPERTIES to package com.google.android.apps.googlevoice (protectionLevel=3 flags=0x8be44)
06-16 19:47:27.581   152   172 W PackageManager: Unknown permission com.google.android.apps.googlevoice.REMOTE_INTENT in package com.google.android.apps.googlevoice
06-16 19:47:27.581   152   172 W PackageManager: Unknown permission com.google.android.permission.RECEIVE_DATA_MESSAGE in package com.google.android.apps.googlevoice
06-16 19:47:27.581   152   172 W PackageManager: Unknown permission com.google.android.permission.SEND_DATA_MESSAGE in package com.google.android.apps.googlevoice
06-16 19:47:27.585   152   172 W PackageManager: Unknown permission com.android.providers.voicemail.permission.READ_WRITE_ALL_VOICEMAIL in package com.google.android.apps.googlevoice
06-16 19:47:27.585   152   172 W PackageManager: Unknown permission com.android.providers.voicemail.permission.READ_WRITE_OWN_VOICEMAIL in package com.google.android.apps.googlevoice
06-16 19:47:27.929  1553  1553 I Launcher: setLoadOnResume
06-16 19:47:27.964   152   168 D PackageManager: generateServicesMap(android.accounts.AccountAuthenticator): 3 services unchanged
06-16 19:47:28.019   486   486 I RegisteredComponentCache: ComponentInfo: ResolveInfo{41358bf0 com.android.apps.tag.TagViewer p=0 o=0 m=0x108000}, techs: android.nfc.tech.Ndef, 
06-16 19:47:28.101   152   559 I ActivityManager: Start proc com.google.android.gallery3d for broadcast com.google.android.gallery3d/com.android.gallery3d.app.PackagesMonitor: pid=3754 uid=10016 gids={3003, 1015}
06-16 19:47:28.140   152   168 D PackageManager: generateServicesMap(android.content.SyncAdapter): 10 services unchanged
06-16 19:47:28.245  3754  3754 I ActivityThread: Pub com.google.android.gallery3d.GooglePhotoProvider: com.google.android.picasasync.PicasaContentProvider
06-16 19:47:28.273   152   168 W ResourceType: Failure getting entry for 0x7f060000 (t=5 e=0) in package 0 (error -75)
06-16 19:47:28.351  3754  3756 D dalvikvm: GC_CONCURRENT freed 417K, 6% free 9119K/9607K, paused 16ms+2ms
06-16 19:47:28.390  3754  3754 I ActivityThread: Pub com.google.android.gallery3d.provider: com.android.gallery3d.provider.GalleryProvider
06-16 19:47:28.632   152   168 D BackupManagerService: Received broadcast Intent { act=android.intent.action.PACKAGE_ADDED dat=package:com.google.android.apps.googlevoice flg=0x10000010 (has extras) }
06-16 19:47:28.730  3754  3756 D dalvikvm: GC_CONCURRENT freed 377K, 6% free 9161K/9671K, paused 3ms+3ms
06-16 19:47:29.527   152   172 D dalvikvm: GC_EXPLICIT freed 1127K, 15% free 14390K/16839K, paused 8ms+290ms
06-16 19:47:29.691  3754  3754 D UploadsManager: load newPhotoTracker: null
06-16 19:47:29.691  3754  3754 D UploadsManager: load all accounts: null
06-16 19:47:29.691  3754  3754 D UploadsManager: load all account-album pairs: null
06-16 19:47:29.691  3754  3754 V PicasaContentProvider: querySettings: defaults: {sync_on_wifi_only=1, auto_upload_account_type=null, sync_on_battery=1, sync_picasa_on_wifi_only=1, auto_upload_enabled=0, video_upload_wifi_only=1, sync_on_roaming=0, auto_upload_account_name=null}
06-16 19:47:29.695   152   168 V BackupManagerService: addPackageParticipantsLocked: #1
06-16 19:47:29.702  3754  3754 D UploadsManager:    settings not changed
06-16 19:47:30.093  3754  3769 D PicasaSync: sync account database
06-16 19:47:30.120   152  1757 I ActivityManager: Start proc com.android.musicfx for broadcast com.android.musicfx/.Compatibility$Receiver: pid=3770 uid=10033 gids={3003, 3002}
06-16 19:47:30.171  3002  3014 D Finsky  : [209] 1.packageInstalled: Package install status for "com.google.android.apps.googlevoice" is 1
06-16 19:47:30.355   152   164 I ActivityManager: Start proc com.svox.pico for broadcast com.svox.pico/.VoiceDataInstallerReceiver: pid=3785 uid=10038 gids={1015}
06-16 19:47:30.398  3785  3785 I ActivityThread: Pub com.svox.pico.providers.SettingsProvider: com.svox.pico.providers.SettingsProvider
06-16 19:47:30.460  1553  1555 D dalvikvm: GC_CONCURRENT freed 1939K, 41% free 11862K/19783K, paused 16ms+225ms
06-16 19:47:30.542   560   562 D dalvikvm: GC_CONCURRENT freed 340K, 11% free 9979K/11143K, paused 2ms+8ms
06-16 19:47:30.972   389   389 D dalvikvm: GC_FOR_ALLOC freed 135K, 8% free 10233K/11079K, paused 35ms
06-16 19:47:31.027  3002  3009 I dalvikvm: Jit: resizing JitTable from 8192 to 16384
06-16 19:47:31.027   389   389 D dalvikvm: GC_FOR_ALLOC freed 183K, 8% free 10216K/11079K, paused 40ms
06-16 19:47:31.449  3754  3769 D PicasaSync: accounts in DB=2
06-16 19:47:31.542  3002  3002 D Finsky  : [1] DetailsDataBasedFragment.rebindViews: Page [class=DetailsFragment] loaded in [247607 ms] (partial? false)
06-16 19:47:31.597   152   559 I ActivityManager: Start proc com.android.voicedialer for broadcast com.android.voicedialer/.VoiceDialerReceiver: pid=3799 uid=10050 gids={3002}
06-16 19:47:31.687    82   122 D AudioHardware: AudioHardware pcm playback is exiting standby.
06-16 19:47:31.687    82   122 D AudioHardware: openPcmOut_l() mPcmOpenCnt: 0
06-16 19:47:31.882   152  2845 I ActivityManager: Start proc com.google.android.googlequicksearchbox for broadcast com.google.android.googlequicksearchbox/.SourceUpdateReceiver: pid=3814 uid=10022 gids={3003}
06-16 19:47:31.960   389   389 D dalvikvm: GC_FOR_ALLOC freed 639K, 11% free 9932K/11079K, paused 103ms
06-16 19:47:32.093  3814  3814 I ActivityThread: Pub com.google.android.googlequicksearchbox.shortcuts: com.google.android.googlequicksearchbox.WebHistoryProvider
06-16 19:47:32.101  3814  3814 I ActivityThread: Pub com.google.android.googlequicksearchbox.google: com.google.android.googlequicksearchbox.google.GoogleSuggestionProvider
06-16 19:47:32.179   152  1042 I ActivityManager: Start proc com.android.quicksearchbox for broadcast com.android.quicksearchbox/.CorporaUpdateReceiver: pid=3828 uid=10041 gids={3003}
06-16 19:47:32.265  3828  3828 I ActivityThread: Pub com.android.quicksearchbox.google: com.android.quicksearchbox.google.GoogleSuggestionProvider
06-16 19:47:32.331  3828  3828 I ActivityThread: Pub com.android.quicksearchbox.shortcuts: com.android.quicksearchbox.ShortcutsProvider
06-16 19:47:32.593  3754  3769 V PicasaContentProvider: querySettings: defaults: {sync_on_wifi_only=1, auto_upload_account_type=null, sync_on_battery=1, sync_picasa_on_wifi_only=1, auto_upload_enabled=0, video_upload_wifi_only=1, sync_on_roaming=0, auto_upload_account_name=null}
06-16 19:47:32.808  1553  1553 I Launcher: setLoadOnResume
06-16 19:47:32.820  1553  1553 I Launcher: setLoadOnResume
06-16 19:47:32.824  1553  1553 I Launcher: setLoadOnResume
06-16 19:47:32.824  1553  1553 I Launcher: setLoadOnResume
06-16 19:47:32.988  3754  3769 D PicasaSyncManager: active network: NetworkInfo: type: mobile[CDMA - EvDo rev. A], state: CONNECTED/CONNECTED, reason: 2GVoiceCallEnded, extra: , roaming: false, failover: false, isAvailable: true
06-16 19:47:33.003  3754  3769 D PicasaSyncManager: background data: true
06-16 19:47:33.167  1553  1553 I Launcher: setLoadOnResume
06-16 19:47:33.191  1553  1553 I Launcher: setLoadOnResume
06-16 19:47:33.503  3754  3769 V PicasaContentProvider: querySettings: defaults: {sync_on_wifi_only=1, auto_upload_account_type=null, sync_on_battery=1, sync_picasa_on_wifi_only=1, auto_upload_enabled=0, video_upload_wifi_only=1, sync_on_roaming=0, auto_upload_account_name=null}
06-16 19:47:33.507  3754  3769 D PicasaSyncManager: reject MetadataSyncTask (ubphlab@gmail.com) for wifi connection
06-16 19:47:33.519  3754  3769 D PicasaSyncManager: battery info: false
06-16 19:47:33.941  3002  3004 D dalvikvm: GC_CONCURRENT freed 1576K, 9% free 17686K/19335K, paused 13ms+20ms
06-16 19:47:34.671  3002  3002 D Finsky  : [1] DetailsDataBasedFragment.rebindViews: Page [class=DetailsFragment] loaded in [250629 ms] (partial? true)
06-16 19:47:34.671  3002  3002 D Volley  : [1] Request.finish: 4061 ms: [ ] https://android.clients.google.com/fdfe/details?doc=com.google.android.apps.googlevoice NORMAL 98
06-16 19:47:34.683  3002  3002 D Volley  : [1] Request.finish: 3212 ms: [ ] https://android.clients.google.com/fdfe/rec?c=3&doc=com.google.android.apps.googlevoice&rt=2 NORMAL 99
06-16 19:47:34.781    82   122 D AudioHardware: AudioHardware pcm playback is going to standby.
06-16 19:47:34.781    82   122 D AudioHardware: closePcmOut_l() mPcmOpenCnt: 1
06-16 19:47:37.808   152   152 I ActivityManager: START {act=android.intent.action.MAIN cat=[android.intent.category.LAUNCHER] flg=0x10000000 pkg=com.google.android.apps.googlevoice cmp=com.google.android.apps.googlevoice/.SplashActivity bnds=[0,119][480,215]} from pid -1
06-16 19:47:37.816    82   122 D AudioHardware: AudioHardware pcm playback is exiting standby.
06-16 19:47:37.816    82   122 D AudioHardware: openPcmOut_l() mPcmOpenCnt: 0
06-16 19:47:37.851   152   163 W KeyguardViewMediator: verifyUnlock called when not externally disabled
06-16 19:47:38.050   152  2845 I ActivityManager: Start proc com.google.android.apps.googlevoice for activity com.google.android.apps.googlevoice/.SplashActivity: pid=3844 uid=10054 gids={3003, 1015}
06-16 19:47:38.077   389   391 D dalvikvm: GC_CONCURRENT freed 504K, 11% free 9882K/11079K, paused 2ms+7ms
06-16 19:47:38.124   152  1032 W InputManagerService: Window already focused, ignoring focus gain of: com.android.internal.view.IInputMethodClient$Stub$Proxy@419879e0
06-16 19:47:38.183  2954  3108 I SqliteDatabaseCpp: sqlite returned: error code = 1, msg = no such table: Permissions, db=/data/data/com.android.browser/databases/webview.db
06-16 19:47:38.468  3844  3846 D dalvikvm: GC_CONCURRENT freed 255K, 4% free 9234K/9607K, paused 13ms+9ms
06-16 19:47:38.648   152   168 I Process : Sending signal. PID: 3844 SIG: 3
06-16 19:47:38.648  3844  3848 I dalvikvm: threadid=3: reacting to signal 3
06-16 19:47:38.788  3844  3848 I dalvikvm: Wrote stack traces to '/data/anr/traces.txt'
06-16 19:47:39.156  3706  3709 D dalvikvm: GC_CONCURRENT freed 403K, 6% free 9519K/10055K, paused 34ms+2ms
06-16 19:47:39.163   152   168 I Process : Sending signal. PID: 3844 SIG: 3
06-16 19:47:39.163  3844  3848 I dalvikvm: threadid=3: reacting to signal 3
06-16 19:47:39.230  3844  3848 I dalvikvm: Wrote stack traces to '/data/anr/traces.txt'
06-16 19:47:39.421   152   155 D dalvikvm: GC_CONCURRENT freed 1968K, 19% free 13753K/16839K, paused 10ms+16ms
06-16 19:47:39.566   152   152 D dalvikvm: GC_EXPLICIT freed 105K, 19% free 13647K/16839K, paused 12ms+11ms
06-16 19:47:39.636   152  1032 W InputManagerService: Starting input on non-focused client com.android.internal.view.IInputMethodClient$Stub$Proxy@413b3838 (uid=10003 pid=2954)
06-16 19:47:39.660   152   168 I Process : Sending signal. PID: 3844 SIG: 3
06-16 19:47:39.660  3844  3848 I dalvikvm: threadid=3: reacting to signal 3
06-16 19:47:39.663  3844  3848 I dalvikvm: Wrote stack traces to '/data/anr/traces.txt'
06-16 19:47:39.667   152   201 I ActivityManager: Displayed com.google.android.apps.googlevoice/.SplashActivity: +1s734ms
06-16 19:47:39.667   152  1042 I ActivityManager: START {cmp=com.google.android.apps.googlevoice/.activity.setup.SetupStartActivity (has extras)} from pid 3844
06-16 19:47:39.894   152   164 I ActivityManager: START {cmp=com.google.android.apps.googlevoice/.activity.setup.CarrierProvisionWelcomeActivity} from pid 3844
06-16 19:47:39.917  2954  2954 D OpenGLRenderer: Flushing caches (mode 1)
06-16 19:47:40.214   152   201 I ActivityManager: Displayed com.google.android.apps.googlevoice/.activity.setup.SetupStartActivity: +528ms
06-16 19:47:40.296  3844  3844 W webcore : java.lang.Throwable: EventHub.removeMessages(int what = 107) is not supported before the WebViewCore is set up.
06-16 19:47:40.296  3844  3844 W webcore : 	at android.webkit.WebViewCore$EventHub.removeMessages(WebViewCore.java:1683)
06-16 19:47:40.296  3844  3844 W webcore : 	at android.webkit.WebViewCore$EventHub.access$7900(WebViewCore.java:926)
06-16 19:47:40.296  3844  3844 W webcore : 	at android.webkit.WebViewCore.removeMessages(WebViewCore.java:1795)
06-16 19:47:40.296  3844  3844 W webcore : 	at android.webkit.WebView.sendOurVisibleRect(WebView.java:2917)
06-16 19:47:40.296  3844  3844 W webcore : 	at android.webkit.ZoomManager.setZoomScale(ZoomManager.java:593)
06-16 19:47:40.296  3844  3844 W webcore : 	at android.webkit.ZoomManager.access$1700(ZoomManager.java:49)
06-16 19:47:40.296  3844  3844 W webcore : 	at android.webkit.ZoomManager$PostScale.run(ZoomManager.java:984)
06-16 19:47:40.296  3844  3844 W webcore : 	at android.os.Handler.handleCallback(Handler.java:605)
06-16 19:47:40.296  3844  3844 W webcore : 	at android.os.Handler.dispatchMessage(Handler.java:92)
06-16 19:47:40.296  3844  3844 W webcore : 	at android.os.Looper.loop(Looper.java:137)
06-16 19:47:40.296  3844  3844 W webcore : 	at android.app.ActivityThread.main(ActivityThread.java:4424)
06-16 19:47:40.296  3844  3844 W webcore : 	at java.lang.reflect.Method.invokeNative(Native Method)
06-16 19:47:40.296  3844  3844 W webcore : 	at java.lang.reflect.Method.invoke(Method.java:511)
06-16 19:47:40.296  3844  3844 W webcore : 	at com.android.internal.os.ZygoteInit$MethodAndArgsCaller.run(ZygoteInit.java:784)
06-16 19:47:40.296  3844  3844 W webcore : 	at com.android.internal.os.ZygoteInit.main(ZygoteInit.java:551)
06-16 19:47:40.296  3844  3844 W webcore : 	at dalvik.system.NativeStart.main(Native Method)
06-16 19:47:40.374  3844  3846 D dalvikvm: GC_CONCURRENT freed 219K, 4% free 9464K/9799K, paused 4ms+3ms
06-16 19:47:40.374  3844  3853 W CursorWrapperInner: Cursor finalized without prior close()
06-16 19:47:40.374  3844  3853 W CursorWrapperInner: Cursor finalized without prior close()
06-16 19:47:40.374  3844  3853 W CursorWrapperInner: Cursor finalized without prior close()
06-16 19:47:40.406   152   201 I ActivityManager: Displayed com.google.android.apps.googlevoice/.activity.setup.CarrierProvisionWelcomeActivity: +506ms
06-16 19:47:40.480  2954  2954 D OpenGLRenderer: Flushing caches (mode 0)
06-16 19:47:40.851   486   486 I RegisteredComponentCache: ComponentInfo: ResolveInfo{41359e40 com.android.apps.tag.TagViewer p=0 o=0 m=0x108000}, techs: android.nfc.tech.Ndef, 
06-16 19:47:40.878   486   486 I RegisteredComponentCache: ComponentInfo: ResolveInfo{4131c188 com.android.apps.tag.TagViewer p=0 o=0 m=0x108000}, techs: android.nfc.tech.Ndef, 
06-16 19:47:40.890  1553  1553 I Launcher: setLoadOnResume
06-16 19:47:40.906    82   122 D AudioHardware: AudioHardware pcm playback is going to standby.
06-16 19:47:40.906    82   122 D AudioHardware: closePcmOut_l() mPcmOpenCnt: 1
06-16 19:47:40.913   152   168 D PackageManager: generateServicesMap(android.accounts.AccountAuthenticator): 3 services unchanged
06-16 19:47:40.999   152   168 D PackageManager: generateServicesMap(android.content.SyncAdapter): 10 services unchanged
06-16 19:47:41.187   152   168 D PackageManager: generateServicesMap(android.accounts.AccountAuthenticator): 3 services unchanged
06-16 19:47:41.195   152   168 D PackageManager: generateServicesMap(android.content.SyncAdapter): 10 services unchanged
06-16 19:47:41.253  3754  3756 D dalvikvm: GC_CONCURRENT freed 458K, 6% free 9270K/9799K, paused 153ms+2ms
06-16 19:47:41.648  1553  1555 D dalvikvm: GC_CONCURRENT freed 895K, 40% free 11876K/19783K, paused 2ms+24ms
06-16 19:47:41.757  3754  3769 V PicasaContentProvider: querySettings: defaults: {sync_on_wifi_only=1, auto_upload_account_type=null, sync_on_battery=1, sync_picasa_on_wifi_only=1, auto_upload_enabled=0, video_upload_wifi_only=1, sync_on_roaming=0, auto_upload_account_name=null}
06-16 19:47:41.757  3754  3769 D PicasaSyncManager: reject MetadataSyncTask (ubphlab@gmail.com) for wifi connection
06-16 19:47:42.070  3754  3769 V PicasaContentProvider: querySettings: defaults: {sync_on_wifi_only=1, auto_upload_account_type=null, sync_on_battery=1, sync_picasa_on_wifi_only=1, auto_upload_enabled=0, video_upload_wifi_only=1, sync_on_roaming=0, auto_upload_account_name=null}
06-16 19:47:42.081  3754  3769 D PicasaSyncManager: reject MetadataSyncTask (ubphlab@gmail.com) for wifi connection
06-16 19:47:42.726  3706  3721 D dalvikvm: GC_EXPLICIT freed 139K, 6% free 9499K/10055K, paused 4ms+35ms
06-16 19:47:42.870  3706  3721 I Gmail   : MainSyncRequestProto: lowestBkwdConvoId: 1403241126207612722, highestHandledServerOp: 2628998, normalSync: true
06-16 19:47:43.773  2954  2956 D dalvikvm: GC_CONCURRENT freed 794K, 8% free 11303K/12231K, paused 6ms+4ms
06-16 19:47:44.163    82   122 D AudioHardware: AudioHardware pcm playback is exiting standby.
06-16 19:47:44.163    82   122 D AudioHardware: openPcmOut_l() mPcmOpenCnt: 0
06-16 19:47:44.202   152   163 I ActivityManager: START {cmp=com.google.android.apps.googlevoice/.activity.setup.SignInActivity} from pid 3844
06-16 19:47:44.413   152   201 I ActivityManager: Displayed com.google.android.apps.googlevoice/.activity.setup.SignInActivity: +162ms
06-16 19:47:45.480   152   155 D dalvikvm: GC_CONCURRENT freed 998K, 19% free 13696K/16839K, paused 25ms+5ms
06-16 19:47:45.855  3844  3846 D dalvikvm: GC_CONCURRENT freed 250K, 4% free 9684K/10055K, paused 2ms+3ms
06-16 19:47:46.816  1380  1380 D dalvikvm: GC_EXPLICIT freed 216K, 10% free 9725K/10695K, paused 3ms+3ms
06-16 19:47:47.038   152   164 I ActivityManager: START {cmp=com.google.android.apps.googlevoice/.LoginActivity (has extras)} from pid 3844
06-16 19:47:47.472   152   201 I ActivityManager: Displayed com.google.android.apps.googlevoice/.LoginActivity: +379ms
06-16 19:47:48.066  3002  3002 D Finsky  : [1] 5.onFinished: Installation state replication succeeded.
06-16 19:47:50.089    82   122 D AudioHardware: AudioHardware pcm playback is going to standby.
06-16 19:47:50.089    82   122 D AudioHardware: closePcmOut_l() mPcmOpenCnt: 1
06-16 19:47:51.144  1380  1391 V GoogleLoginService: Returning error intent with: ComponentInfo{com.google.android.gsf.login/com.google.android.gsf.login.LoginActivity}
06-16 19:47:51.148  3844  3844 E GoogleVoice: Failed to obtain auth token: no authtoken.
06-16 19:47:51.265  3706  3709 D dalvikvm: GC_CONCURRENT freed 395K, 6% free 9527K/10055K, paused 2ms+3ms
06-16 19:47:51.870  1380  1391 V GoogleLoginService: Returning error intent with: ComponentInfo{com.google.android.gsf.login/com.google.android.gsf.login.LoginActivity}
06-16 19:47:51.878   152  1033 I ActivityManager: START {flg=0x10000000 cmp=com.google.android.gsf.login/.LoginActivity (has extras)} from pid 3844
06-16 19:47:51.952   152   152 I ActivityManager: START {cmp=com.google.android.gsf.login/com.google.android.gsf.loginservice.GrantCredentialsPermissionActivity (has extras)} from pid 1380
06-16 19:47:51.972  1380  1382 D dalvikvm: GC_CONCURRENT freed 350K, 9% free 9808K/10695K, paused 4ms+4ms
06-16 19:47:52.460   152   168 I Process : Sending signal. PID: 1380 SIG: 3
06-16 19:47:52.460  1380  1384 I dalvikvm: threadid=3: reacting to signal 3
06-16 19:47:52.956   152   168 I Process : Sending signal. PID: 1380 SIG: 3
06-16 19:47:52.960  1380  1384 I dalvikvm: Wrote stack traces to '/data/anr/traces.txt'
06-16 19:47:52.968  1380  1384 I dalvikvm: threadid=3: reacting to signal 3
06-16 19:47:52.976  1380  1384 E dalvikvm: Unable to open stack trace file '/data/anr/traces.txt': Is a directory
06-16 19:47:53.456   152   168 I Process : Sending signal. PID: 1380 SIG: 3
06-16 19:47:53.456  1380  1384 I dalvikvm: threadid=3: reacting to signal 3
06-16 19:47:53.460  1380  1384 I dalvikvm: Wrote stack traces to '/data/anr/traces.txt'
06-16 19:47:53.484   152   201 I ActivityManager: Displayed com.google.android.gsf.login/com.google.android.gsf.loginservice.GrantCredentialsPermissionActivity: +1s530ms (total +1s551ms)
06-16 19:47:54.773  3706  3709 D dalvikvm: GC_CONCURRENT freed 386K, 5% free 9562K/10055K, paused 8ms+3ms
06-16 19:47:55.089  3706  3709 D dalvikvm: GC_CONCURRENT freed 414K, 6% free 9572K/10119K, paused 2ms+7ms
06-16 19:47:55.234  3706  3721 D dalvikvm: GC_FOR_ALLOC freed 262K, 6% free 9591K/10183K, paused 19ms
06-16 19:47:55.269  3706  3721 D dalvikvm: GC_FOR_ALLOC freed 63K, 6% free 9654K/10183K, paused 16ms
06-16 19:47:55.269  3706  3721 I dalvikvm-heap: Grow heap (frag case) to 9.578MB for 84208-byte allocation
06-16 19:47:55.285  3706  3721 D dalvikvm: GC_FOR_ALLOC freed 41K, 6% free 9695K/10311K, paused 16ms
06-16 19:47:55.460  3706  3721 D dalvikvm: GC_FOR_ALLOC freed 452K, 8% free 9582K/10311K, paused 19ms
06-16 19:47:55.718  3706  3709 D dalvikvm: GC_CONCURRENT freed 377K, 7% free 9609K/10311K, paused 2ms+3ms
06-16 19:47:55.913  3706  3709 D dalvikvm: GC_CONCURRENT freed 429K, 8% free 9578K/10311K, paused 2ms+3ms
06-16 19:47:56.175  3706  3709 D dalvikvm: GC_CONCURRENT freed 409K, 8% free 9567K/10311K, paused 2ms+3ms
06-16 19:47:56.452  3706  3709 D dalvikvm: GC_CONCURRENT freed 361K, 7% free 9594K/10311K, paused 2ms+3ms
06-16 19:47:57.761  3706  3709 D dalvikvm: GC_CONCURRENT freed 384K, 7% free 9602K/10311K, paused 2ms+2ms
06-16 19:47:57.992  3706  3709 D dalvikvm: GC_CONCURRENT freed 403K, 8% free 9586K/10311K, paused 2ms+3ms
06-16 19:47:58.265  3706  3709 D dalvikvm: GC_CONCURRENT freed 388K, 8% free 9586K/10311K, paused 3ms+3ms
06-16 19:47:58.542  3706  3709 D dalvikvm: GC_CONCURRENT freed 341K, 7% free 9646K/10311K, paused 3ms+6ms
06-16 19:47:59.730  3706  3721 D dalvikvm: GC_FOR_ALLOC freed 284K, 6% free 9710K/10311K, paused 20ms
06-16 19:47:59.749  3706  3721 D dalvikvm: GC_FOR_ALLOC freed 72K, 6% free 9737K/10311K, paused 19ms
06-16 19:47:59.906  3706  3721 D dalvikvm: GC_FOR_ALLOC freed 461K, 8% free 9594K/10375K, paused 21ms
06-16 19:48:00.249  3706  3709 D dalvikvm: GC_CONCURRENT freed 391K, 8% free 9593K/10375K, paused 4ms+5ms
06-16 19:48:00.484  3706  3709 D dalvikvm: GC_CONCURRENT freed 407K, 8% free 9574K/10375K, paused 4ms+5ms
06-16 19:48:00.679  3706  3709 D dalvikvm: GC_CONCURRENT freed 402K, 8% free 9559K/10375K, paused 2ms+4ms
06-16 19:48:00.863  3706  3709 D dalvikvm: GC_CONCURRENT freed 366K, 8% free 9644K/10375K, paused 2ms+3ms
06-16 19:48:01.031  3706  3709 D dalvikvm: GC_CONCURRENT freed 464K, 8% free 9566K/10375K, paused 2ms+3ms
06-16 19:48:01.550  3706  3709 D dalvikvm: GC_CONCURRENT freed 377K, 8% free 9574K/10375K, paused 2ms+2ms
06-16 19:48:01.749  3706  3721 D dalvikvm: GC_EXPLICIT freed 173K, 8% free 9552K/10375K, paused 5ms+2ms
06-16 19:48:01.765  3706  3721 I Gmail   : MainSyncRequestProto: lowestBkwdConvoId: 0, highestHandledServerOp: 2628999, normalSync: true
06-16 19:48:03.304    82   122 D AudioHardware: AudioHardware pcm playback is exiting standby.
06-16 19:48:03.304    82   122 D AudioHardware: openPcmOut_l() mPcmOpenCnt: 0
06-16 19:48:03.609  1380  1380 D OpenGLRenderer: Flushing caches (mode 0)
06-16 19:48:03.765   152   155 D dalvikvm: GC_CONCURRENT freed 1033K, 19% free 13707K/16839K, paused 8ms+8ms
06-16 19:48:04.230  1380  1380 D OpenGLRenderer: Flushing caches (mode 1)
06-16 19:48:04.304  3844  3861 I System.out: [INFO:25469]: LogSource: Running flush
06-16 19:48:04.367  3844  3862 I System.out: [INFO:25532]: LogSource: Sending payload [bytes=398]
06-16 19:48:04.456  3844  3846 D dalvikvm: GC_CONCURRENT freed 385K, 6% free 9794K/10311K, paused 7ms+7ms
06-16 19:48:06.316  3706  3709 D dalvikvm: GC_CONCURRENT freed 356K, 8% free 9581K/10375K, paused 2ms+3ms
06-16 19:48:06.402    82   122 D AudioHardware: AudioHardware pcm playback is going to standby.
06-16 19:48:06.402    82   122 D AudioHardware: closePcmOut_l() mPcmOpenCnt: 1
06-16 19:48:06.773  3706  3709 D dalvikvm: GC_CONCURRENT freed 368K, 8% free 9603K/10375K, paused 2ms+3ms
06-16 19:48:07.128  3706  3709 D dalvikvm: GC_CONCURRENT freed 338K, 7% free 9703K/10375K, paused 2ms+2ms
06-16 19:48:07.265  3706  3721 D dalvikvm: GC_FOR_ALLOC freed 397K, 8% free 9587K/10375K, paused 25ms
06-16 19:48:07.499  3706  3709 D dalvikvm: GC_CONCURRENT freed 405K, 8% free 9571K/10375K, paused 3ms+3ms
06-16 19:48:07.753  3706  3709 D dalvikvm: GC_CONCURRENT freed 388K, 8% free 9572K/10375K, paused 3ms+3ms
06-16 19:48:08.011  3706  3709 D dalvikvm: GC_CONCURRENT freed 289K, 7% free 9709K/10375K, paused 2ms+3ms
06-16 19:48:09.367  3844  3861 I System.out: [INFO:30532]: LogSource: Running delayed flush
06-16 19:48:09.378  3844  3861 I System.out: [INFO:30543]: LogSource: Running flush
06-16 19:48:09.402  3844  3863 I System.out: [INFO:30564]: LogSource: Sending payload [bytes=418]
06-16 19:48:09.910  3844  3862 I System.out: [INFO:31075]: LogSource: Response [http=200,length=46]
06-16 19:48:09.913  3844  3861 I System.out: [INFO:31077]: LogSource: Read id 1, status code 200
06-16 19:48:10.148  3706  3709 D dalvikvm: GC_CONCURRENT freed 518K, 8% free 9579K/10375K, paused 2ms+4ms
06-16 19:48:11.413  3844  3861 I System.out: [INFO:32578]: LogSource: Running flush
06-16 19:48:11.425  3844  3864 I System.out: [INFO:32587]: LogSource: Sending payload [bytes=386]
06-16 19:48:11.902  3706  3709 D dalvikvm: GC_CONCURRENT freed 394K, 8% free 9570K/10375K, paused 3ms+2ms
06-16 19:48:11.906  3844  3864 I System.out: [INFO:33070]: LogSource: Response [http=200,length=317]
06-16 19:48:11.906  3844  3861 I System.out: [INFO:33070]: LogSource: Read id 3, status code 200
06-16 19:48:12.074  3844  3861 I System.out: [INFO:33237]: LogSource: Running flush
06-16 19:48:12.074  3844  3862 I System.out: [INFO:33239]: LogSource: Sending payload [bytes=387]
06-16 19:48:12.109  3844  3846 D dalvikvm: GC_CONCURRENT freed 391K, 5% free 9869K/10375K, paused 2ms+3ms
06-16 19:48:12.433  3706  3709 D dalvikvm: GC_CONCURRENT freed 381K, 8% free 9601K/10375K, paused 2ms+4ms
06-16 19:48:12.718  3706  3709 D dalvikvm: GC_CONCURRENT freed 418K, 8% free 9569K/10375K, paused 2ms+3ms
06-16 19:48:12.929  3706  3709 D dalvikvm: GC_CONCURRENT freed 361K, 8% free 9616K/10375K, paused 1ms+2ms
06-16 19:48:13.179  3844  3862 I System.out: [INFO:34343]: LogSource: Response [http=200,length=224]
06-16 19:48:13.179  3844  3861 I System.out: [INFO:34343]: LogSource: Read id 4, status code 200
06-16 19:48:13.238   152  1040 I ActivityManager: START {cmp=com.google.android.apps.googlevoice/.activity.setup.MessageActivity} from pid 3844
06-16 19:48:13.335  3844  3863 I System.out: [INFO:34498]: LogSource: Response [http=200,length=70]
06-16 19:48:13.335  3844  3861 I System.out: [INFO:34499]: LogSource: Read id 2, status code 200
06-16 19:48:13.335  3844  3861 I System.out: [INFO:34500]: LogSource: Read id 1, status code 200
06-16 19:48:13.488   152   201 I ActivityManager: Displayed com.google.android.apps.googlevoice/.activity.setup.MessageActivity: +195ms
06-16 19:48:13.695  3706  3709 D dalvikvm: GC_CONCURRENT freed 424K, 8% free 9577K/10375K, paused 8ms+8ms
06-16 19:48:13.870  3706  3709 D dalvikvm: GC_CONCURRENT freed 284K, 7% free 9697K/10375K, paused 2ms+3ms
06-16 19:48:14.406  3706  3709 D dalvikvm: GC_CONCURRENT freed 510K, 8% free 9599K/10375K, paused 1ms+2ms
06-16 19:48:14.788  3706  3709 D dalvikvm: GC_CONCURRENT freed 411K, 8% free 9589K/10375K, paused 3ms+10ms
06-16 19:48:15.144  3706  3709 D dalvikvm: GC_CONCURRENT freed 396K, 8% free 9579K/10375K, paused 2ms+3ms
06-16 19:48:15.808  3706  3709 D dalvikvm: GC_CONCURRENT freed 382K, 8% free 9582K/10375K, paused 2ms+2ms
06-16 19:48:16.163  3706  3709 D dalvikvm: GC_CONCURRENT freed 341K, 8% free 9631K/10375K, paused 2ms+3ms
06-16 19:48:16.367  3706  3709 D dalvikvm: GC_CONCURRENT freed 438K, 8% free 9579K/10375K, paused 1ms+2ms
06-16 19:48:16.413   152   510 I ActivityManager: START {cmp=com.google.android.apps.googlevoice/.activity.setup.MakingCallsActivity} from pid 3844
06-16 19:48:16.417    82   122 D AudioHardware: AudioHardware pcm playback is exiting standby.
06-16 19:48:16.417    82   122 D AudioHardware: openPcmOut_l() mPcmOpenCnt: 0
06-16 19:48:16.640  3844  3846 D dalvikvm: GC_CONCURRENT freed 251K, 4% free 10079K/10439K, paused 9ms+6ms
06-16 19:48:16.699   152   201 I ActivityManager: Displayed com.google.android.apps.googlevoice/.activity.setup.MakingCallsActivity: +263ms
06-16 19:48:16.878  3706  3721 D dalvikvm: GC_EXPLICIT freed 144K, 8% free 9559K/10375K, paused 2ms+6ms
06-16 19:48:16.894  3706  3721 I Gmail   : MainSyncRequestProto: lowestBkwdConvoId: 0, highestHandledServerOp: 2628999, normalSync: true
06-16 19:48:16.952  1380  1380 D OpenGLRenderer: Flushing caches (mode 1)
06-16 19:48:19.507    82   122 D AudioHardware: AudioHardware pcm playback is going to standby.
06-16 19:48:19.507    82   122 D AudioHardware: closePcmOut_l() mPcmOpenCnt: 1
06-16 19:48:20.503  3706  3709 D dalvikvm: GC_CONCURRENT freed 333K, 8% free 9623K/10375K, paused 1ms+3ms
06-16 19:48:20.906  3706  3709 D dalvikvm: GC_CONCURRENT freed 423K, 8% free 9589K/10375K, paused 5ms+5ms
06-16 19:48:21.292  3706  3709 D dalvikvm: GC_CONCURRENT freed 340K, 8% free 9639K/10375K, paused 2ms+3ms
06-16 19:48:21.499  3706  3709 D dalvikvm: GC_CONCURRENT freed 466K, 8% free 9562K/10375K, paused 2ms+2ms
06-16 19:48:21.956  3706  3709 D dalvikvm: GC_CONCURRENT freed 366K, 8% free 9585K/10375K, paused 8ms+2ms
06-16 19:48:22.054   486   486 I RegisteredComponentCache: ComponentInfo: ResolveInfo{4131d1b0 com.android.apps.tag.TagViewer p=0 o=0 m=0x108000}, techs: android.nfc.tech.Ndef, 
06-16 19:48:22.077   152   168 D PackageManager: generateServicesMap(android.accounts.AccountAuthenticator): 3 services unchanged
06-16 19:48:22.206   152   168 D PackageManager: generateServicesMap(android.content.SyncAdapter): 10 services unchanged
06-16 19:48:22.292   152   155 D dalvikvm: GC_CONCURRENT freed 1147K, 19% free 13725K/16839K, paused 3ms+7ms
06-16 19:48:22.296  1553  1553 I Launcher: setLoadOnResume
06-16 19:48:22.417  3754  3756 D dalvikvm: GC_CONCURRENT freed 450K, 6% free 9308K/9863K, paused 2ms+20ms
06-16 19:48:22.488  3754  3769 V PicasaContentProvider: querySettings: defaults: {sync_on_wifi_only=1, auto_upload_account_type=null, sync_on_battery=1, sync_picasa_on_wifi_only=1, auto_upload_enabled=0, video_upload_wifi_only=1, sync_on_roaming=0, auto_upload_account_name=null}
06-16 19:48:22.495  3754  3769 D PicasaSyncManager: reject MetadataSyncTask (ubphlab@gmail.com) for wifi connection
06-16 19:48:22.542  3706  3709 D dalvikvm: GC_CONCURRENT freed 149K, 6% free 9844K/10375K, paused 1ms+2ms
06-16 19:48:22.937  3706  3709 D dalvikvm: GC_CONCURRENT freed 661K, 8% free 9591K/10375K, paused 2ms+3ms
06-16 19:48:23.077  1553  1555 D dalvikvm: GC_CONCURRENT freed 841K, 40% free 11931K/19783K, paused 2ms+6ms
06-16 19:48:23.343  3706  3709 D dalvikvm: GC_CONCURRENT freed 398K, 8% free 9579K/10375K, paused 2ms+3ms
06-16 19:48:23.827  3706  3709 D dalvikvm: GC_CONCURRENT freed 366K, 8% free 9598K/10375K, paused 2ms+3ms
06-16 19:48:24.230  3706  3709 D dalvikvm: GC_CONCURRENT freed 341K, 7% free 9704K/10375K, paused 2ms+3ms
06-16 19:48:24.511  3706  3709 D dalvikvm: GC_CONCURRENT freed 509K, 8% free 9582K/10375K, paused 4ms+6ms
06-16 19:48:24.792  3706  3709 D dalvikvm: GC_CONCURRENT freed 411K, 8% free 9557K/10375K, paused 3ms+5ms
06-16 19:48:25.015  3706  3709 D dalvikvm: GC_CONCURRENT freed 350K, 8% free 9604K/10375K, paused 2ms+2ms
06-16 19:48:25.480  3706  3709 D dalvikvm: GC_CONCURRENT freed 333K, 7% free 9670K/10375K, paused 2ms+3ms
06-16 19:48:25.816  3706  3709 D dalvikvm: GC_CONCURRENT freed 463K, 8% free 9608K/10375K, paused 2ms+2ms
06-16 19:48:26.257  3706  3709 D dalvikvm: GC_CONCURRENT freed 406K, 8% free 9592K/10375K, paused 10ms+5ms
06-16 19:48:26.949  3706  3709 D dalvikvm: GC_CONCURRENT freed 385K, 8% free 9595K/10375K, paused 2ms+3ms
06-16 19:48:27.210  3706  3709 D dalvikvm: GC_CONCURRENT freed 393K, 8% free 9597K/10375K, paused 2ms+3ms
06-16 19:48:27.574  3706  3709 D dalvikvm: GC_CONCURRENT freed 406K, 8% free 9575K/10375K, paused 1ms+2ms
06-16 19:48:27.913  3706  3721 D dalvikvm: GC_EXPLICIT freed 209K, 8% free 9564K/10375K, paused 3ms+3ms
06-16 19:48:27.929  3706  3721 I Gmail   : MainSyncRequestProto: lowestBkwdConvoId: 0, highestHandledServerOp: 2628999, normalSync: true
06-16 19:48:27.972  1380  1380 D OpenGLRenderer: Flushing caches (mode 1)
06-16 19:48:28.992    82   122 D AudioHardware: AudioHardware pcm playback is exiting standby.
06-16 19:48:28.992    82   122 D AudioHardware: openPcmOut_l() mPcmOpenCnt: 0
06-16 19:48:30.152   152  1040 I ActivityManager: START {cmp=com.google.android.apps.googlevoice/.activity.setup.PreConfigureVoicemailActivity} from pid 3844
06-16 19:48:30.288   152   201 I ActivityManager: Displayed com.google.android.apps.googlevoice/.activity.setup.PreConfigureVoicemailActivity: +98ms
06-16 19:48:31.406  3844  3861 I System.out: [INFO:52568]: LogSource: Running flush
06-16 19:48:31.413  3844  3864 I System.out: [INFO:52575]: LogSource: Sending payload [bytes=408]
06-16 19:48:32.202  3706  3709 D dalvikvm: GC_CONCURRENT freed 181K, 6% free 9776K/10375K, paused 2ms+3ms
06-16 19:48:32.222  3706  3721 D dalvikvm: GC_FOR_ALLOC freed 7K, 6% free 9769K/10375K, paused 18ms
06-16 19:48:32.222  3706  3721 I dalvikvm-heap: Grow heap (frag case) to 9.760MB for 157812-byte allocation
06-16 19:48:32.245  3706  3721 D dalvikvm: GC_FOR_ALLOC freed 77K, 7% free 9846K/10567K, paused 16ms
06-16 19:48:32.581  3844  3864 I System.out: [INFO:53746]: LogSource: Response [http=200,length=69]
06-16 19:48:32.581  3844  3861 I System.out: [INFO:53746]: LogSource: Read id 5, status code 200
06-16 19:48:32.589   152  2845 I ActivityManager: START {cmp=com.google.android.apps.googlevoice/.activity.setup.ConfigureVoicemailActivity} from pid 3844
06-16 19:48:32.765   152   201 I ActivityManager: Displayed com.google.android.apps.googlevoice/.activity.setup.ConfigureVoicemailActivity: +131ms
06-16 19:48:33.085  3706  3721 D dalvikvm: GC_FOR_ALLOC freed 617K, 10% free 9583K/10567K, paused 37ms
06-16 19:48:34.433    82   122 D AudioHardware: AudioHardware pcm playback is going to standby.
06-16 19:48:34.433    82   122 D AudioHardware: closePcmOut_l() mPcmOpenCnt: 1
06-16 19:48:34.960  3706  3709 D dalvikvm: GC_CONCURRENT freed 292K, 8% free 9801K/10567K, paused 2ms+2ms
06-16 19:48:35.089  3706  3721 D dalvikvm: GC_FOR_ALLOC freed 374K, 9% free 9628K/10567K, paused 33ms
06-16 19:48:35.140  3706  3709 D dalvikvm: GC_CONCURRENT freed 92K, 7% free 9925K/10567K, paused 2ms+1ms
06-16 19:48:35.456  3706  3709 D dalvikvm: GC_CONCURRENT freed 731K, 10% free 9585K/10567K, paused 2ms+9ms
06-16 19:48:35.777  3706  3709 D dalvikvm: GC_CONCURRENT freed 404K, 10% free 9573K/10567K, paused 2ms+3ms
06-16 19:48:36.117  3706  3709 D dalvikvm: GC_CONCURRENT freed 389K, 10% free 9570K/10567K, paused 2ms+2ms
06-16 19:48:36.370  3706  3709 D dalvikvm: GC_CONCURRENT freed 382K, 10% free 9579K/10567K, paused 2ms+2ms
06-16 19:48:36.710  3706  3709 D dalvikvm: GC_CONCURRENT freed 352K, 9% free 9635K/10567K, paused 3ms+5ms
06-16 19:48:36.870  3706  3721 D dalvikvm: GC_FOR_ALLOC freed 220K, 8% free 9760K/10567K, paused 16ms
06-16 19:48:37.031  3706  3709 D dalvikvm: GC_CONCURRENT freed 578K, 10% free 9566K/10567K, paused 3ms+3ms
06-16 19:48:37.359  3706  3709 D dalvikvm: GC_CONCURRENT freed 371K, 10% free 9594K/10567K, paused 2ms+3ms
06-16 19:48:37.472  3706  3709 D dalvikvm: GC_CONCURRENT freed 428K, 10% free 9555K/10567K, paused 2ms+2ms
06-16 19:48:37.585   152   207 I InputReader: Reconfiguring input devices.  changes=0x00000004
06-16 19:48:37.585   152   207 I InputReader: Device reconfigured: id=7, name='mxt224_ts_input', surface size is now 480x800, mode is 1
06-16 19:48:37.605   152   168 I ActivityManager: Config changed: {1.0 310mcc120mnc en_US layoutdir=0 sw320dp w533dp h294dp nrml long land finger -keyb/v/h -nav/h s.12}
06-16 19:48:37.917  3706  3709 D dalvikvm: GC_CONCURRENT freed 247K, 9% free 9709K/10567K, paused 2ms+3ms
06-16 19:48:38.347  3706  3709 D dalvikvm: GC_CONCURRENT freed 514K, 10% free 9582K/10567K, paused 1ms+4ms
06-16 19:48:38.910  3706  3709 D dalvikvm: GC_CONCURRENT freed 364K, 10% free 9606K/10567K, paused 2ms+3ms
06-16 19:48:39.054   152   207 I InputReader: Reconfiguring input devices.  changes=0x00000004
06-16 19:48:39.054   152   207 I InputReader: Device reconfigured: id=7, name='mxt224_ts_input', surface size is now 480x800, mode is 1
06-16 19:48:39.081   152   168 I ActivityManager: Config changed: {1.0 310mcc120mnc en_US layoutdir=0 sw320dp w320dp h508dp nrml long port finger -keyb/v/h -nav/h s.13}
06-16 19:48:39.257  3706  3709 D dalvikvm: GC_CONCURRENT freed 386K, 10% free 9607K/10567K, paused 2ms+3ms
06-16 19:48:39.370  3706  3709 D dalvikvm: GC_CONCURRENT freed 366K, 9% free 9665K/10567K, paused 1ms+2ms
06-16 19:48:39.503  3706  3709 D dalvikvm: GC_CONCURRENT freed 460K, 10% free 9591K/10567K, paused 2ms+2ms
06-16 19:48:39.605  3706  3709 D dalvikvm: GC_CONCURRENT freed 390K, 10% free 9611K/10567K, paused 2ms+3ms
06-16 19:48:39.941  3706  3709 D dalvikvm: GC_CONCURRENT freed 423K, 10% free 9597K/10567K, paused 2ms+3ms
06-16 19:48:40.292  3706  3709 D dalvikvm: GC_CONCURRENT freed 401K, 9% free 9617K/10567K, paused 2ms+3ms
06-16 19:48:40.550  3706  3709 D dalvikvm: GC_CONCURRENT freed 412K, 10% free 9606K/10567K, paused 2ms+2ms
06-16 19:48:41.113  3706  3709 D dalvikvm: GC_CONCURRENT freed 428K, 10% free 9565K/10567K, paused 2ms+3ms
06-16 19:48:41.245   152   207 I InputReader: Reconfiguring input devices.  changes=0x00000004
06-16 19:48:41.245   152   207 I InputReader: Device reconfigured: id=7, name='mxt224_ts_input', surface size is now 480x800, mode is 1
06-16 19:48:41.273   152   168 I ActivityManager: Config changed: {1.0 310mcc120mnc en_US layoutdir=0 sw320dp w533dp h294dp nrml long land finger -keyb/v/h -nav/h s.14}
06-16 19:48:42.699   152   207 I InputReader: Reconfiguring input devices.  changes=0x00000004
06-16 19:48:42.702   152   207 I InputReader: Device reconfigured: id=7, name='mxt224_ts_input', surface size is now 480x800, mode is 1
06-16 19:48:42.742   152   168 I ActivityManager: Config changed: {1.0 310mcc120mnc en_US layoutdir=0 sw320dp w320dp h508dp nrml long port finger -keyb/v/h -nav/h s.15}
06-16 19:48:43.132  3706  3709 D dalvikvm: GC_CONCURRENT freed 371K, 10% free 9589K/10567K, paused 3ms+3ms
06-16 19:48:43.527  3706  3709 D dalvikvm: GC_CONCURRENT freed 372K, 9% free 9645K/10567K, paused 3ms+5ms
06-16 19:48:43.968  3706  3709 D dalvikvm: GC_CONCURRENT freed 455K, 10% free 9594K/10567K, paused 8ms+2ms
06-16 19:48:44.163  3706  3709 D dalvikvm: GC_CONCURRENT freed 423K, 10% free 9561K/10567K, paused 2ms+3ms
06-16 19:48:44.351  3706  3721 D dalvikvm: GC_EXPLICIT freed 159K, 10% free 9552K/10567K, paused 5ms+3ms
06-16 19:48:44.363  3706  3721 I Gmail   : MainSyncRequestProto: lowestBkwdConvoId: 0, highestHandledServerOp: 2628999, normalSync: true
06-16 19:48:44.406  1380  1380 D OpenGLRenderer: Flushing caches (mode 1)
06-16 19:48:45.042   152   201 D dalvikvm: GC_EXPLICIT freed 672K, 19% free 13692K/16839K, paused 25ms+5ms
06-16 19:48:48.609  3706  3709 D dalvikvm: GC_CONCURRENT freed 365K, 10% free 9577K/10567K, paused 2ms+4ms
06-16 19:48:49.046  3706  3709 D dalvikvm: GC_CONCURRENT freed 365K, 10% free 9596K/10567K, paused 7ms+3ms
06-16 19:48:50.167  3706  3709 D dalvikvm: GC_CONCURRENT freed 408K, 10% free 9581K/10567K, paused 1ms+3ms
06-16 19:48:50.535  3706  3709 D dalvikvm: GC_CONCURRENT freed 369K, 10% free 9614K/10567K, paused 3ms+5ms
06-16 19:48:50.691    82   122 D AudioHardware: AudioHardware pcm playback is exiting standby.
06-16 19:48:50.691    82   122 D AudioHardware: openPcmOut_l() mPcmOpenCnt: 0
06-16 19:48:50.691   152   558 I ActivityManager: START {cmp=com.google.android.apps.googlevoice/.activity.setup.MessageActivity} from pid 3844
06-16 19:48:50.851   152   559 I ActivityManager: START {act=com.google.android.apps.googlevoice.push.REGISTER cmp=com.google.android.apps.googlevoice/.PushNotificationSettingActivity} from pid 3844
06-16 19:48:50.859  3844  3846 D dalvikvm: GC_CONCURRENT freed 293K, 4% free 10252K/10631K, paused 40ms+5ms
06-16 19:48:51.038  3844  3861 I System.out: [INFO:72201]: LogSource: Running flush
06-16 19:48:51.038  3844  3862 I System.out: [INFO:72202]: LogSource: Sending payload [bytes=505]
06-16 19:48:51.046   152   201 I ActivityManager: Displayed com.google.android.apps.googlevoice/.activity.setup.MessageActivity: +329ms
06-16 19:48:51.050   152   201 I ActivityManager: Displayed com.google.android.apps.googlevoice/.PushNotificationSettingActivity: +161ms
06-16 19:48:51.105  3706  3709 D dalvikvm: GC_CONCURRENT freed 419K, 10% free 9590K/10567K, paused 3ms+14ms
06-16 19:48:51.495  3706  3709 D dalvikvm: GC_CONCURRENT freed 403K, 10% free 9578K/10567K, paused 2ms+3ms
06-16 19:48:51.812  3706  3709 D dalvikvm: GC_CONCURRENT freed 306K, 8% free 9770K/10567K, paused 2ms+3ms
06-16 19:48:51.945  3844  3862 I System.out: [INFO:73110]: LogSource: Response [http=200,length=22]
06-16 19:48:51.945  3844  3861 I System.out: [INFO:73110]: LogSource: Read id 6, status code 200
06-16 19:48:52.031  3844  3861 I System.out: [INFO:73193]: LogSource: Running flush
06-16 19:48:52.031  3844  3863 I System.out: [INFO:73196]: LogSource: Sending payload [bytes=387]
06-16 19:48:52.347  3706  3709 D dalvikvm: GC_CONCURRENT freed 484K, 8% free 9746K/10567K, paused 3ms+4ms
06-16 19:48:52.792  3844  3863 I System.out: [INFO:73955]: LogSource: Response [http=200,length=224]
06-16 19:48:52.792  3844  3861 I System.out: [INFO:73956]: LogSource: Read id 7, status code 200
06-16 19:48:52.910  3706  3709 D dalvikvm: GC_CONCURRENT freed 543K, 10% free 9587K/10567K, paused 1ms+3ms
06-16 19:48:53.226  3706  3709 D dalvikvm: GC_CONCURRENT freed 367K, 10% free 9609K/10567K, paused 3ms+3ms
06-16 19:48:53.402  3706  3709 D dalvikvm: GC_CONCURRENT freed 432K, 10% free 9563K/10567K, paused 2ms+3ms
06-16 19:48:53.542  3706  3709 D dalvikvm: GC_CONCURRENT freed 402K, 10% free 9549K/10567K, paused 2ms+3ms
06-16 19:48:53.781    82   122 D AudioHardware: AudioHardware pcm playback is going to standby.
06-16 19:48:53.781    82   122 D AudioHardware: closePcmOut_l() mPcmOpenCnt: 1
06-16 19:48:53.941  3706  3709 D dalvikvm: GC_CONCURRENT freed 344K, 10% free 9606K/10567K, paused 2ms+4ms
06-16 19:48:54.308  3706  3709 D dalvikvm: GC_CONCURRENT freed 406K, 10% free 9585K/10567K, paused 2ms+3ms
06-16 19:48:54.949  3706  3709 D dalvikvm: GC_CONCURRENT freed 371K, 10% free 9604K/10567K, paused 2ms+3ms
06-16 19:48:55.140  3706  3709 D dalvikvm: GC_CONCURRENT freed 437K, 10% free 9552K/10567K, paused 1ms+2ms
06-16 19:48:55.605  3706  3709 D dalvikvm: GC_CONCURRENT freed 352K, 10% free 9585K/10567K, paused 2ms+3ms
06-16 19:48:55.788  3706  3709 D dalvikvm: GC_CONCURRENT freed 419K, 10% free 9558K/10567K, paused 2ms+2ms
06-16 19:48:56.285  3706  3709 D dalvikvm: GC_CONCURRENT freed 364K, 10% free 9580K/10567K, paused 2ms+2ms
06-16 19:48:56.660  3706  3709 D dalvikvm: GC_CONCURRENT freed 322K, 9% free 9661K/10567K, paused 4ms+6ms
06-16 19:48:56.902  3706  3709 D dalvikvm: GC_CONCURRENT freed 473K, 10% free 9576K/10567K, paused 2ms+3ms
06-16 19:48:57.152  3706  3721 D dalvikvm: GC_EXPLICIT freed 349K, 10% free 9556K/10567K, paused 5ms+2ms
06-16 19:48:57.160  3706  3721 I Gmail   : MainSyncRequestProto: lowestBkwdConvoId: 0, highestHandledServerOp: 2628999, normalSync: true
06-16 19:48:57.202  1380  1380 D OpenGLRenderer: Flushing caches (mode 1)
06-16 19:48:57.238  1380  1382 D dalvikvm: GC_CONCURRENT freed 301K, 8% free 9891K/10695K, paused 2ms+10ms
06-16 19:48:57.370    82   122 D AudioHardware: AudioHardware pcm playback is exiting standby.
06-16 19:48:57.370    82   122 D AudioHardware: openPcmOut_l() mPcmOpenCnt: 0
06-16 19:48:57.476  3342  3355 I PhoneLab-: Service Running
06-16 19:48:57.538  3342  3355 I PhoneLab-LoggerService: app_37    1263  1     1764   1320  c00f181c 400107b4 S logcat
06-16 19:48:57.538  3342  3355 I PhoneLab-LoggerService: Logcat pid from database 1263
06-16 19:48:57.538  3342  3355 I PhoneLab-LoggerService: Logcat process found 1263
06-16 19:48:57.538  3342  3355 I PhoneLab-LoggerService: Checking Threshold
06-16 19:48:57.542  3342  3355 I PhoneLab-LoggerService: Starting to rename files
06-16 19:48:57.542  3342  3355 I PhoneLab-LoggerService: Files found .. 2
06-16 19:48:57.745   152  1040 I ActivityManager: START {cmp=com.google.android.apps.googlevoice/.activity.conversationlist.ConversationListActivity (has extras)} from pid 3844
06-16 19:48:57.824  3844  3861 I System.out: [INFO:78988]: LogSource: Running flush
06-16 19:48:57.824  3844  3864 I System.out: [INFO:78989]: LogSource: Sending payload [bytes=387]
06-16 19:48:58.191   152   168 I Process : Sending signal. PID: 3844 SIG: 3
06-16 19:48:58.191  3844  3848 I dalvikvm: threadid=3: reacting to signal 3
06-16 19:48:58.691   152   168 W ActivityManager: Activity pause timeout for ActivityRecord{418cf450 com.google.android.apps.googlevoice/.SplashActivity}
06-16 19:48:58.722   152   168 I Process : Sending signal. PID: 3844 SIG: 3
06-16 19:48:59.452  2954  2954 D OpenGLRenderer: Flushing caches (mode 0)
06-16 19:48:59.464  3844  3864 I System.out: [INFO:80627]: LogSource: Response [http=200,length=224]
06-16 19:48:59.464  3844  3861 I System.out: [INFO:80627]: LogSource: Read id 8, status code 200
06-16 19:48:59.468  3844  3848 E dalvikvm: Unable to open stack trace file '/data/anr/traces.txt': Is a directory
06-16 19:48:59.468  3844  3848 I dalvikvm: threadid=3: reacting to signal 3
06-16 19:48:59.488  3844  3848 E dalvikvm: Unable to open stack trace file '/data/anr/traces.txt': Is a directory
06-16 19:48:59.492  2954  2954 D OpenGLRenderer: Flushing caches (mode 1)
06-16 19:48:59.964  3844  3861 I System.out: [INFO:81130]: LogSource: Running flush
06-16 19:48:59.968  3844  3862 I System.out: [INFO:81132]: LogSource: Sending payload [bytes=386]
06-16 19:49:00.011  3844  3846 D dalvikvm: GC_CONCURRENT freed 467K, 6% free 10319K/10887K, paused 5ms+4ms
06-16 19:49:00.015  3844  3853 W CursorWrapperInner: Cursor finalized without prior close()
06-16 19:49:00.128  3844  3861 I System.out: [INFO:81293]: LogSource: Running flush
06-16 19:49:00.132  3844  3863 I System.out: [INFO:81296]: LogSource: Sending payload [bytes=425]
06-16 19:49:00.402  3844  3861 I System.out: [INFO:81564]: LogSource: Running flush
06-16 19:49:00.410  3844  3864 I System.out: [INFO:81575]: LogSource: Sending payload [bytes=438]
06-16 19:49:00.460    82   122 D AudioHardware: AudioHardware pcm playback is going to standby.
06-16 19:49:00.460    82   122 D AudioHardware: closePcmOut_l() mPcmOpenCnt: 1
06-16 19:49:00.550  3844  3862 I System.out: [INFO:81716]: LogSource: Response [http=200,length=317]
06-16 19:49:00.554  3844  3861 I System.out: [INFO:81717]: LogSource: Read id 9, status code 200
06-16 19:49:00.581  3844  3846 D dalvikvm: GC_CONCURRENT freed 194K, 3% free 10618K/10887K, paused 7ms+4ms
06-16 19:49:00.585  3844  3861 I System.out: [INFO:81748]: LogSource: Running flush
06-16 19:49:00.601  3844  3861 I System.out: [INFO:81766]: LogSource: Running flush
06-16 19:49:00.609  3844  3862 I System.out: [INFO:81774]: LogSource: Sending payload [bytes=3038]
06-16 19:49:00.617   152   201 I ActivityManager: Displayed com.google.android.apps.googlevoice/.activity.conversationlist.ConversationListActivity: +1s192ms
06-16 19:49:00.660  3844  3863 I System.out: [INFO:81823]: LogSource: Response [http=200,length=241]
06-16 19:49:00.660  3844  3861 I System.out: [INFO:81823]: LogSource: Read id 11, status code 200
06-16 19:49:00.675  3844  3861 I System.out: [INFO:81839]: LogSource: Read id 10, status code 200
06-16 19:49:01.542  3844  3864 I System.out: [INFO:82705]: LogSource: Response [http=200,length=1142]
06-16 19:49:01.546  3844  3861 I System.out: [INFO:82708]: LogSource: Read id 13, status code 200
06-16 19:49:02.671  3844  3862 I System.out: [INFO:83835]: LogSource: Response [http=200,length=14025]
06-16 19:49:04.671  3844  3861 I System.out: [INFO:85837]: LogSource: Read id 12, status code 200
06-16 19:49:04.706  3844  3861 I System.out: [INFO:85870]: LogSource: Read id 14, status code 200
06-16 19:49:04.726  3844  3861 I System.out: [INFO:85890]: LogSource: Read id 15, status code 200
06-16 19:49:04.781  3844  3861 I System.out: [INFO:85945]: LogSource: Read id 16, status code 200
06-16 19:49:04.827  3844  3861 I System.out: [INFO:85991]: LogSource: Read id 17, status code 200
06-16 19:49:04.851  3844  3861 I System.out: [INFO:86016]: LogSource: Read id 18, status code 200
06-16 19:49:04.917  3844  3861 I System.out: [INFO:86082]: LogSource: Read id 19, status code 200
06-16 19:49:04.964   560   562 D dalvikvm: GC_CONCURRENT freed 405K, 11% free 10003K/11143K, paused 2ms+8ms
06-16 19:49:04.999  3844  3861 I System.out: [INFO:86162]: LogSource: Read id 20, status code 200
06-16 19:49:05.050  3844  3846 D dalvikvm: GC_CONCURRENT freed 627K, 7% free 10573K/11271K, paused 2ms+17ms
06-16 19:49:05.054  3844  3861 I System.out: [INFO:86217]: LogSource: Read id 21, status code 200
06-16 19:49:05.062  3844  3844 D webviewglue: nativeDestroy view: 0xace420
06-16 19:49:05.062  3844  3844 D webviewglue: nativeDestroy view: 0xbcb3c0
06-16 19:49:05.070  3844  3844 D webviewglue: nativeDestroy view: 0xb31fd8
06-16 19:49:05.074  3844  3844 D webviewglue: nativeDestroy view: 0xc207c8
06-16 19:49:05.085   560   576 D dalvikvm: GC_EXPLICIT freed 70K, 11% free 9933K/11143K, paused 7ms+33ms
06-16 19:49:05.120  3844  3844 D webviewglue: nativeDestroy view: 0xc46c20
06-16 19:49:05.124  3844  3844 D webviewglue: nativeDestroy view: 0xc4eaa8
06-16 19:49:05.124  3844  3844 D webviewglue: nativeDestroy view: 0xc871f8
06-16 19:49:05.124  3844  3861 I System.out: [INFO:86289]: LogSource: Read id 22, status code 200
06-16 19:49:05.452   152   163 D dalvikvm: GC_EXPLICIT freed 1025K, 19% free 13652K/16839K, paused 3ms+13ms
06-16 19:49:05.527  3844  3846 D dalvikvm: GC_CONCURRENT freed 908K, 10% free 10181K/11271K, paused 2ms+8ms
06-16 19:49:05.777  3844  3861 I System.out: [INFO:86940]: LogSource: Running flush
06-16 19:49:05.781  3844  3863 I System.out: [INFO:86944]: LogSource: Sending payload [bytes=738]
06-16 19:49:05.812  3844  3861 I System.out: [INFO:86974]: LogSource: Running flush
06-16 19:49:05.820  3844  3864 I System.out: [INFO:86985]: LogSource: Sending payload [bytes=386]
06-16 19:49:05.902   560   562 D dalvikvm: GC_CONCURRENT freed 245K, 10% free 10121K/11143K, paused 2ms+5ms
06-16 19:49:06.062  3844  3846 D dalvikvm: GC_CONCURRENT freed 343K, 9% free 10321K/11271K, paused 7ms+3ms
06-16 19:49:06.296  3844  3844 D dalvikvm: GC_EXPLICIT freed 254K, 8% free 10372K/11271K, paused 2ms+4ms
06-16 19:49:06.324  3844  3861 I System.out: [INFO:87489]: LogSource: Running flush
06-16 19:49:06.327  3844  3862 I System.out: [INFO:87490]: LogSource: Sending payload [bytes=429]
06-16 19:49:06.464  3844  3844 D GoogleVoice: com.google.android.apps.googlevoice.vvm.service.GvVvmService$Handler Handling message 1001
06-16 19:49:06.484  3844  3844 D GoogleVoice: com.google.android.apps.googlevoice.vvm.service.GvVvmService$Handler Handling message 1011
06-16 19:49:06.499  3844  3918 I GoogleVoice: Deleting all voicemails
06-16 19:49:06.499   152  1042 W AppWidgetService: updateAppWidgetProvider: provider doesn't exist: ComponentInfo{com.google.android.apps.googlevoice/com.google.android.apps.googlevoice.widget.WidgetSettingsProvider}
06-16 19:49:06.581   152  2845 W AppWidgetService: updateAppWidgetProvider: provider doesn't exist: ComponentInfo{com.google.android.apps.googlevoice/com.google.android.apps.googlevoice.widget.WidgetInboxProvider}
06-16 19:49:06.702  3844  3863 I System.out: [INFO:87868]: LogSource: Response [http=200,length=377]
06-16 19:49:06.706  3844  3918 D GoogleVoice: Create database.
06-16 19:49:06.706  3844  3861 I System.out: [INFO:87870]: LogSource: Read id 32, status code 200
06-16 19:49:06.706  3844  3861 I System.out: [INFO:87872]: LogSource: Read id 31, status code 200
06-16 19:49:06.726  3844  3861 I System.out: [INFO:87888]: LogSource: Read id 23, status code 200
06-16 19:49:06.726  3844  3861 I System.out: [INFO:87890]: LogSource: Read id 24, status code 200
06-16 19:49:06.726  3844  3861 I System.out: [INFO:87891]: LogSource: Read id 30, status code 200
06-16 19:49:06.730  3844  3861 I System.out: [INFO:87894]: LogSource: Read id 29, status code 200
06-16 19:49:06.730  3844  3861 I System.out: [INFO:87894]: LogSource: Read id 27, status code 200
06-16 19:49:06.730  3844  3861 I System.out: [INFO:87894]: LogSource: Read id 28, status code 200
06-16 19:49:06.730  3844  3861 I System.out: [INFO:87896]: LogSource: Read id 26, status code 200
06-16 19:49:06.734  3844  3861 I System.out: [INFO:87897]: LogSource: Read id 25, status code 200
06-16 19:49:06.827  3706  3709 D dalvikvm: GC_CONCURRENT freed 410K, 10% free 9545K/10567K, paused 2ms+2ms
06-16 19:49:07.285  3844  3864 I System.out: [INFO:88450]: LogSource: Response [http=200,length=317]
06-16 19:49:07.288  3844  3861 I System.out: [INFO:88451]: LogSource: Read id 33, status code 200
06-16 19:49:07.308  3844  3844 D GoogleVoice: com.google.android.apps.googlevoice.vvm.service.GvVvmService$Handler Handling message 1001
06-16 19:49:07.308  3844  3844 D GoogleVoice: com.google.android.apps.googlevoice.vvm.service.GvVvmService$Handler Handling message 1011
06-16 19:49:07.312  3844  3920 I GoogleVoice: Deleting all voicemails
06-16 19:49:07.363   152  1033 W AppWidgetService: updateAppWidgetProvider: provider doesn't exist: ComponentInfo{com.google.android.apps.googlevoice/com.google.android.apps.googlevoice.widget.WidgetSettingsProvider}
06-16 19:49:07.386   152  1041 W AppWidgetService: updateAppWidgetProvider: provider doesn't exist: ComponentInfo{com.google.android.apps.googlevoice/com.google.android.apps.googlevoice.widget.WidgetInboxProvider}
06-16 19:49:07.449   560   562 D dalvikvm: GC_CONCURRENT freed 385K, 9% free 10206K/11143K, paused 3ms+40ms
06-16 19:49:07.472  3844  3851 I dalvikvm: Jit: resizing JitTable from 4096 to 8192
06-16 19:49:07.519  3844  3846 D dalvikvm: GC_CONCURRENT freed 373K, 8% free 10412K/11271K, paused 2ms+3ms
06-16 19:49:07.574   560   690 D dalvikvm: GC_EXPLICIT freed 226K, 11% free 10002K/11143K, paused 3ms+7ms
06-16 19:49:07.609   152   558 W AppWidgetService: updateAppWidgetProvider: provider doesn't exist: ComponentInfo{com.google.android.apps.googlevoice/com.google.android.apps.googlevoice.widget.WidgetSettingsProvider}
06-16 19:49:07.613   152   491 W AppWidgetService: updateAppWidgetProvider: provider doesn't exist: ComponentInfo{com.google.android.apps.googlevoice/com.google.android.apps.googlevoice.widget.WidgetInboxProvider}
06-16 19:49:07.679  3706  3709 D dalvikvm: GC_CONCURRENT freed 331K, 10% free 9607K/10567K, paused 2ms+3ms
06-16 19:49:07.812  3706  3709 D dalvikvm: GC_CONCURRENT freed 440K, 10% free 9551K/10567K, paused 1ms+2ms
06-16 19:49:07.921  3706  3709 D dalvikvm: GC_CONCURRENT freed 346K, 10% free 9597K/10567K, paused 2ms+2ms
06-16 19:49:08.011  3706  3709 D dalvikvm: GC_CONCURRENT freed 431K, 9% free 9644K/10567K, paused 2ms+2ms
06-16 19:49:08.105  3706  3709 D dalvikvm: GC_CONCURRENT freed 456K, 10% free 9575K/10567K, paused 2ms+2ms
06-16 19:49:08.144  3844  3862 I System.out: [INFO:89307]: LogSource: Response [http=200,length=6610]
06-16 19:49:08.144  3844  3861 I System.out: [INFO:89308]: LogSource: Read id 34, status code 200
06-16 19:49:08.202  3844  3861 I System.out: [INFO:89366]: LogSource: Running flush
06-16 19:49:08.202  3844  3863 I System.out: [INFO:89368]: LogSource: Sending payload [bytes=469]
06-16 19:49:08.238  3706  3709 D dalvikvm: GC_CONCURRENT freed 378K, 10% free 9585K/10567K, paused 1ms+3ms
06-16 19:49:08.347  3706  3709 D dalvikvm: GC_CONCURRENT freed 399K, 10% free 9586K/10567K, paused 2ms+2ms
06-16 19:49:08.449  3706  3709 D dalvikvm: GC_CONCURRENT freed 399K, 10% free 9610K/10567K, paused 2ms+2ms
06-16 19:49:08.542  3706  3709 D dalvikvm: GC_CONCURRENT freed 426K, 10% free 9579K/10567K, paused 2ms+2ms
06-16 19:49:08.952  3706  3709 D dalvikvm: GC_CONCURRENT freed 388K, 10% free 9578K/10567K, paused 2ms+2ms
06-16 19:49:09.156  3844  3863 I System.out: [INFO:90321]: LogSource: Response [http=200,length=16749]
06-16 19:49:09.160  3844  3861 I System.out: [INFO:90323]: LogSource: Read id 36, status code 200
06-16 19:49:09.374  3706  3709 D dalvikvm: GC_CONCURRENT freed 370K, 10% free 9595K/10567K, paused 2ms+2ms
06-16 19:49:09.519  3706  3709 D dalvikvm: GC_CONCURRENT freed 410K, 10% free 9570K/10567K, paused 1ms+2ms
06-16 19:49:09.753  3706  3709 D dalvikvm: GC_CONCURRENT freed 326K, 9% free 9647K/10567K, paused 2ms+2ms
06-16 19:49:10.144  3706  3709 D dalvikvm: GC_CONCURRENT freed 435K, 10% free 9609K/10567K, paused 2ms+3ms
06-16 19:49:10.249  3706  3709 D dalvikvm: GC_CONCURRENT freed 404K, 9% free 9667K/10567K, paused 2ms+3ms
06-16 19:49:10.351  3706  3709 D dalvikvm: GC_CONCURRENT freed 438K, 9% free 9672K/10567K, paused 2ms+3ms
06-16 19:49:10.468  3844  3861 I System.out: [INFO:91633]: LogSource: Read id 35, status code 200
06-16 19:49:10.472  3706  3709 D dalvikvm: GC_CONCURRENT freed 443K, 9% free 9657K/10567K, paused 1ms+4ms
06-16 19:49:10.484  3844  3861 I System.out: [INFO:91646]: LogSource: Running flush
06-16 19:49:10.484  3844  3864 I System.out: [INFO:91648]: LogSource: Sending payload [bytes=470]
06-16 19:49:10.558  3706  3709 D dalvikvm: GC_CONCURRENT freed 350K, 8% free 9771K/10567K, paused 2ms+3ms
06-16 19:49:10.652  3706  3709 D dalvikvm: GC_CONCURRENT freed 576K, 10% free 9580K/10567K, paused 2ms+2ms
06-16 19:49:10.738  3706  3709 D dalvikvm: GC_CONCURRENT freed 341K, 9% free 9651K/10567K, paused 1ms+2ms
06-16 19:49:10.835  3706  3709 D dalvikvm: GC_CONCURRENT freed 486K, 10% free 9604K/10567K, paused 2ms+2ms
06-16 19:49:10.929  3706  3709 D dalvikvm: GC_CONCURRENT freed 361K, 9% free 9631K/10567K, paused 2ms+2ms
06-16 19:49:11.015  3706  3709 D dalvikvm: GC_CONCURRENT freed 410K, 10% free 9608K/10567K, paused 1ms+2ms
06-16 19:49:11.144  3706  3709 D dalvikvm: GC_CONCURRENT freed 434K, 10% free 9561K/10567K, paused 1ms+2ms
06-16 19:49:12.109  3844  3864 I System.out: [INFO:93272]: LogSource: Response [http=200,length=-1]
06-16 19:49:12.109  3844  3861 I System.out: [INFO:93273]: LogSource: Read id 38, status code 200
06-16 19:49:12.218  3706  3709 D dalvikvm: GC_CONCURRENT freed 330K, 9% free 9617K/10567K, paused 2ms+3ms
06-16 19:49:12.902  3706  3709 D dalvikvm: GC_CONCURRENT freed 384K, 9% free 9621K/10567K, paused 3ms+4ms
06-16 19:49:15.202  3706  3709 D dalvikvm: GC_CONCURRENT freed 382K, 9% free 9626K/10567K, paused 2ms+3ms
06-16 19:49:15.952  3706  3709 D dalvikvm: GC_CONCURRENT freed 392K, 9% free 9620K/10567K, paused 2ms+3ms
06-16 19:49:16.593  3706  3709 D dalvikvm: GC_CONCURRENT freed 391K, 9% free 9627K/10567K, paused 2ms+3ms
06-16 19:49:16.964  3706  3721 D dalvikvm: GC_EXPLICIT freed 191K, 10% free 9563K/10567K, paused 21ms+3ms
06-16 19:49:16.972  3706  3721 I Gmail   : MainSyncRequestProto: lowestBkwdConvoId: 0, highestHandledServerOp: 2628999, normalSync: true
06-16 19:49:17.011  1380  1380 D OpenGLRenderer: Flushing caches (mode 1)
06-16 19:49:19.117  3844  3846 D dalvikvm: GC_CONCURRENT freed 341K, 8% free 10461K/11271K, paused 22ms+3ms
06-16 19:49:23.347  3706  3709 D dalvikvm: GC_CONCURRENT freed 339K, 10% free 9610K/10567K, paused 2ms+3ms
06-16 19:49:23.878  2954  2954 D WebViewTimersControl: onBrowserActivityResume
06-16 19:49:23.878  2954  2954 D WebViewTimersControl: Resuming webview timers, view=com.android.browser.BrowserWebView@4136f490
06-16 19:49:23.878  2954  2954 W BaseUi  : mMainView is already attached to wrapper in attachTabToContentView!
06-16 19:49:23.878  2954  2954 W BaseUi  : mContainer is already attached to content in attachTabToContentView!
06-16 19:49:23.882   152  1041 W InputManagerService: Starting input on non-focused client com.android.internal.view.IInputMethodClient$Stub$Proxy@4193a758 (uid=10054 pid=3844)
06-16 19:49:24.792  3706  3709 D dalvikvm: GC_CONCURRENT freed 380K, 9% free 9618K/10567K, paused 2ms+5ms
06-16 19:49:25.956  3706  3709 D dalvikvm: GC_CONCURRENT freed 397K, 10% free 9614K/10567K, paused 2ms+4ms
06-16 19:49:26.921  3844  3861 D dalvikvm: GC_FOR_ALLOC freed 39K, 6% free 10645K/11271K, paused 253ms
06-16 19:49:26.921  3844  3861 I dalvikvm-heap: Grow heap (frag case) to 10.473MB for 4112-byte allocation
06-16 19:49:27.831  3844  3853 D dalvikvm: GC_FOR_ALLOC freed 1K, 7% free 10648K/11335K, paused 820ms
06-16 19:49:29.160  3844  3861 D dalvikvm: GC_FOR_ALLOC freed 4K, 6% free 10707K/11335K, paused 574ms
06-16 19:49:29.425  3844  3861 D dalvikvm: GC_FOR_ALLOC freed <1K, 6% free 10719K/11399K, paused 251ms
06-16 19:49:29.429  3844  3861 I dalvikvm-heap: Grow heap (frag case) to 10.885MB for 360297-byte allocation
06-16 19:49:29.468   724   777 D androidNetworkLocationListeners: Still have listener com.google.android.location.internal.client.NetworkLocationClient$1@4137adc8
06-16 19:49:29.538   724   777 D androidNetworkLocationListeners: Still have listener com.google.android.location.internal.client.NetworkLocationClient$1@4137adc8
06-16 19:49:29.628  3844  3861 D dalvikvm: GC_FOR_ALLOC freed 0K, 7% free 11071K/11783K, paused 198ms
06-16 19:49:29.636   724  1515 D WifiLocator: Too many no-location APs. Will not compute a location nor go to the server. hasLocation=0 noLocation=0 cacheMiss=0
06-16 19:49:29.726  3844  3861 D dalvikvm: GC_FOR_ALLOC freed 353K, 10% free 10717K/11783K, paused 92ms
06-16 19:49:29.730  3844  3861 I dalvikvm-heap: Grow heap (frag case) to 10.883MB for 360297-byte allocation
06-16 19:49:29.765  3844  3861 D dalvikvm: GC_FOR_ALLOC freed 0K, 10% free 11069K/12167K, paused 34ms
06-16 19:49:29.765  3844  3861 I System.out: [INFO:110931]: LogSource: Read id 37, status code 200
06-16 19:49:29.851  3844  3860 D dalvikvm: GC_FOR_ALLOC freed 362K, 12% free 10712K/12167K, paused 74ms
06-16 19:49:29.851  3844  3861 I System.out: [INFO:111017]: LogSource: Running flush
06-16 19:49:29.855  3844  3862 I System.out: [INFO:111020]: LogSource: Sending payload [bytes=1869]
06-16 19:49:29.937  3844  3860 D dalvikvm: GC_FOR_ALLOC freed 383K, 12% free 10715K/12167K, paused 77ms
06-16 19:49:29.964  3844  3860 D dalvikvm: GC_FOR_ALLOC freed 351K, 12% free 10715K/12167K, paused 26ms
06-16 19:49:31.281  3706  3709 D dalvikvm: GC_CONCURRENT freed 386K, 10% free 9614K/10567K, paused 2ms+3ms
06-16 19:49:31.308  2954  2956 D dalvikvm: GC_CONCURRENT freed 488K, 7% free 11448K/12231K, paused 25ms+4ms
06-16 19:49:31.753  3706  3709 D dalvikvm: GC_CONCURRENT freed 333K, 9% free 9694K/10567K, paused 2ms+3ms
06-16 19:49:32.202  3706  3709 D dalvikvm: GC_CONCURRENT freed 480K, 10% free 9601K/10567K, paused 2ms+3ms
06-16 19:49:32.859  3844  3862 I System.out: [INFO:114021]: LogSource: Response [http=200,length=-1]
06-16 19:49:32.859  3844  3861 I System.out: [INFO:114024]: LogSource: Read id 39, status code 200
06-16 19:49:32.913  3706  3709 D dalvikvm: GC_CONCURRENT freed 366K, 9% free 9621K/10567K, paused 2ms+2ms
06-16 19:49:33.445  3706  3709 D dalvikvm: GC_CONCURRENT freed 354K, 9% free 9670K/10567K, paused 2ms+3ms
06-16 19:49:33.980  3706  3721 D dalvikvm: GC_EXPLICIT freed 445K, 10% free 9607K/10567K, paused 2ms+4ms
06-16 19:49:33.988  3706  3721 I Gmail   : MainSyncRequestProto: lowestBkwdConvoId: 0, highestHandledServerOp: 2628999, normalSync: true
06-16 19:49:34.019  1380  1380 D OpenGLRenderer: Flushing caches (mode 1)
06-16 19:49:35.288  3844  3861 I System.out: [INFO:116453]: LogSource: Read id 40, status code 200
06-16 19:49:35.308  3844  3861 I System.out: [INFO:116473]: LogSource: Read id 41, status code 200
06-16 19:49:35.327  3844  3846 D dalvikvm: GC_CONCURRENT freed 782K, 14% free 10499K/12167K, paused 20ms+4ms
06-16 19:49:35.972  2954  3108 I SqliteDatabaseCpp: sqlite returned: error code = 1, msg = no such table: Permissions, db=/data/data/com.android.browser/databases/webview.db
06-16 19:49:35.980   724   777 D androidNetworkLocationListeners: Still have listener com.google.android.location.internal.client.NetworkLocationClient$1@4137adc8
06-16 19:49:35.988   724  1515 D WifiLocator: Too many no-location APs. Will not compute a location nor go to the server. hasLocation=0 noLocation=0 cacheMiss=0
06-16 19:49:35.995  2954  2954 D webviewglue: nativeDestroy view: 0xded660
06-16 19:49:36.023   152   152 I ActivityManager: moveTaskToBack: 15
06-16 19:49:36.406  2954  2954 D OpenGLRenderer: Flushing caches (mode 0)
06-16 19:49:36.898   152   491 I ActivityManager: Process com.android.musicfx (pid 3770) has died.
06-16 19:49:36.921  2954  2954 D OpenGLRenderer: Flushing caches (mode 1)
06-16 19:49:37.593  3706  3709 D dalvikvm: GC_CONCURRENT freed 375K, 9% free 9616K/10567K, paused 2ms+5ms
06-16 19:49:37.796  3706  3721 D dalvikvm: GC_EXPLICIT freed 147K, 10% free 9552K/10567K, paused 3ms+5ms
06-16 19:49:37.804  3706  3721 I Gmail   : MainSyncRequestProto: lowestBkwdConvoId: 0, highestHandledServerOp: 2628999, normalSync: true
06-16 19:49:38.011  3706  3721 W Gmail   : Scheduling index for 300000 ms from now
06-16 19:49:38.109  3706  3721 I Gmail   : Sending notification intent: Intent { act=android.intent.action.PROVIDER_CHANGED dat=content://gmail-ls/unread/^i (has extras) }
06-16 19:49:38.179  3706  3721 I Gmail   : Sending notification intent: Intent { act=android.intent.action.PROVIDER_CHANGED dat=content://gmail-ls/unread/^iim (has extras) }
06-16 19:49:38.351  3706  3932 W Gmail   : Showing notification with unreadCount of 6 and unseenCount of 6
06-16 19:49:38.398  1380  1380 D OpenGLRenderer: Flushing caches (mode 1)
06-16 19:49:38.488   389   402 D dalvikvm: GC_EXPLICIT freed 530K, 13% free 9686K/11079K, paused 10ms+6ms
06-16 19:49:39.906  3844  3861 I System.out: [INFO:121069]: LogSource: Read id 42, status code 200
06-16 19:49:39.999  3844  3846 D dalvikvm: GC_CONCURRENT freed 471K, 14% free 10505K/12167K, paused 163ms+18ms
06-16 19:49:40.195   152  3935 I AudioService:  AudioFocus  requestAudioFocus() from android.media.AudioManager@41436be0
06-16 19:49:40.218   152  3934 W NotificationService: Notification sound delayed by 1724msecs
06-16 19:49:40.222    82   122 D AudioHardware: AudioHardware pcm playback is exiting standby.
06-16 19:49:40.222    82   122 D AudioHardware: openPcmOut_l() mPcmOpenCnt: 0
06-16 19:49:40.324   389   391 D dalvikvm: GC_CONCURRENT freed 270K, 11% free 9914K/11079K, paused 12ms+3ms
06-16 19:49:40.538  3319  3943 I DownloadManager: Initiating request for download 3
06-16 19:49:40.765   152   164 D dalvikvm: GC_EXPLICIT freed 976K, 20% free 13555K/16839K, paused 3ms+5ms
06-16 19:49:40.804  1380  1380 D OpenGLRenderer: Flushing caches (mode 1)
06-16 19:49:42.113   152  3935 I AudioService:  AudioFocus  abandonAudioFocus() from android.media.AudioManager@41436be0
06-16 19:49:42.636  3844  3861 I System.out: [INFO:123801]: LogSource: Read id 43, status code 200
06-16 19:49:42.675  3844  3846 D dalvikvm: GC_CONCURRENT freed 271K, 13% free 10701K/12167K, paused 2ms+3ms
06-16 19:49:42.722   152  3947 I AudioService:  AudioFocus  abandonAudioFocus() from android.media.AudioManager@41436be0
06-16 19:49:42.800  3844  3860 D dalvikvm: GC_FOR_ALLOC freed 490K, 14% free 10533K/12167K, paused 124ms
06-16 19:49:43.195   389   391 D dalvikvm: GC_CONCURRENT freed 412K, 11% free 9929K/11079K, paused 10ms+9ms
06-16 19:49:43.671   152   164 I ActivityManager: START {act=android.intent.action.VIEW dat=content://gmail-ls/account/anandatirtha@gmail.com/label/^i typ=application/gmail-ls flg=0x10008000 cmp=com.google.android.gm/.ConversationListActivityGmail bnds=[96,119][480,215] (has extras)} from pid -1
06-16 19:49:43.753   152   559 W KeyguardViewMediator: verifyUnlock called when not externally disabled
06-16 19:49:43.894   152   374 I ActivityManager: START {act=android.intent.action.VIEW dat=content://gmail-ls/account/anandatirtha@gmail.com/label/^i typ=application/gmail-ls flg=0x6000000 cmp=com.google.android.gm/.GmailActivity bnds=[96,119][480,215] (has extras)} from pid 3706
06-16 19:49:44.066   152   489 I ActivityManager: Process com.android.defcontainer (pid 3567) has died.
06-16 19:49:44.132  3706  3709 D dalvikvm: GC_CONCURRENT freed 269K, 9% free 9686K/10567K, paused 41ms+6ms
06-16 19:49:44.214  1553  1553 D OpenGLRenderer: Flushing caches (mode 1)
06-16 19:49:44.234  1553  1553 D OpenGLRenderer: Flushing caches (mode 0)
06-16 19:49:44.437   152   168 I Process : Sending signal. PID: 3706 SIG: 3
06-16 19:49:44.437  3706  3711 I dalvikvm: threadid=3: reacting to signal 3
06-16 19:49:44.480  3706  3711 I dalvikvm: Wrote stack traces to '/data/anr/traces.txt'
06-16 19:49:44.601  3706  3709 D dalvikvm: GC_CONCURRENT freed 173K, 6% free 9974K/10567K, paused 2ms+4ms
06-16 19:49:44.663  1380  1380 D OpenGLRenderer: Flushing caches (mode 1)
06-16 19:49:44.714  3706  3953 I Gmail   : calculateUnknownSyncRationalesAndPurgeInBackground: queueing
06-16 19:49:44.726  3706  3706 D libEGL  : loaded /system/lib/egl/libGLES_android.so
06-16 19:49:44.738  3706  3706 D libEGL  : loaded /vendor/lib/egl/libEGL_POWERVR_SGX540_120.so
06-16 19:49:44.769  3706  3706 D libEGL  : loaded /vendor/lib/egl/libGLESv1_CM_POWERVR_SGX540_120.so
06-16 19:49:44.773  3706  3706 D libEGL  : loaded /vendor/lib/egl/libGLESv2_POWERVR_SGX540_120.so
06-16 19:49:44.831  3706  3706 D OpenGLRenderer: Enabling debug mode 0
06-16 19:49:44.882  3706  3953 I Gmail   : calculateUnknownSyncRationalesAndPurgeInBackground: queueing
06-16 19:49:44.933   152   168 I Process : Sending signal. PID: 3706 SIG: 3
06-16 19:49:44.933  3706  3711 I dalvikvm: threadid=3: reacting to signal 3
06-16 19:49:44.988  3706  3711 I dalvikvm: Wrote stack traces to '/data/anr/traces.txt'
06-16 19:49:44.992   152   201 I ActivityManager: Displayed com.google.android.gm/.GmailActivity: +1s60ms (total +1s218ms)
06-16 19:49:44.999   152  1042 I ActivityManager: Process com.google.android.partnersetup (pid 3605) has died.
06-16 19:49:45.058  3706  3953 I Gmail   : calculateUnknownSyncRationalesAndPurgeInBackground: running
06-16 19:49:45.066  3706  3953 I Gmail   : calculateUnknownSyncRationalesAndPurgeInBackground: running
06-16 19:49:45.171  3706  3960 I Gmail   : MainSyncRequestProto: lowestBkwdConvoId: 0, highestHandledServerOp: 2628999, normalSync: true
06-16 19:49:45.335  3706  3709 D dalvikvm: GC_CONCURRENT freed 257K, 4% free 10155K/10567K, paused 17ms+22ms
06-16 19:49:45.402  1380  1380 D OpenGLRenderer: Flushing caches (mode 1)
06-16 19:49:45.765   152  1032 I ActivityManager: Process com.svox.pico (pid 3785) has died.
06-16 19:49:45.937   152   164 I ActivityManager: Process com.android.vending (pid 3002) has died.
06-16 19:49:45.937   152   164 W ActivityManager: Scheduling restart of crashed service com.android.vending/com.google.android.finsky.services.DailyHygiene in 5000ms
06-16 19:49:45.937   152   164 I WindowManager: WIN DEATH: Window{417ff728 com.android.vending/com.android.vending.AssetBrowserActivity paused=false}
06-16 19:49:46.050  3706  3957 I Gmail   : Sending notification intent: Intent { act=android.intent.action.PROVIDER_CHANGED dat=content://gmail-ls/unread/^i (has extras) }
06-16 19:49:46.249  3706  3709 D dalvikvm: GC_CONCURRENT freed 363K, 5% free 10225K/10695K, paused 2ms+10ms
06-16 19:49:46.273   389   389 D dalvikvm: GC_FOR_ALLOC freed 439K, 13% free 9674K/11079K, paused 27ms
06-16 19:49:46.331   389   391 D dalvikvm: GC_CONCURRENT freed 300K, 11% free 9879K/11079K, paused 2ms+2ms
06-16 19:49:46.460  3706  3960 D dalvikvm: GC_EXPLICIT freed 67K, 5% free 10192K/10695K, paused 7ms+3ms
06-16 19:49:46.484  3706  3960 I Gmail   : MainSyncRequestProto: lowestBkwdConvoId: 0, highestHandledServerOp: 2628999, normalSync: true
06-16 19:49:46.503  3706  3960 W Gmail   : Scheduling index for 300000 ms from now
06-16 19:49:46.507  1553  1553 D OpenGLRenderer: Flushing caches (mode 1)
06-16 19:49:46.507  1380  1380 D OpenGLRenderer: Flushing caches (mode 1)
06-16 19:49:46.507  2954  2954 D OpenGLRenderer: Flushing caches (mode 1)
06-16 19:49:46.687   724   728 D dalvikvm: GC_CONCURRENT freed 348K, 12% free 10747K/12103K, paused 6ms+4ms
06-16 19:49:46.753    82   122 D AudioHardware: AudioHardware pcm playback is going to standby.
06-16 19:49:46.753    82   122 D AudioHardware: closePcmOut_l() mPcmOpenCnt: 1
06-16 19:49:48.218  3706  3713 I dalvikvm: Jit: resizing JitTable from 4096 to 8192
06-16 19:49:48.464   152   163 W InputManagerService: Starting input on non-focused client com.android.internal.view.IInputMethodClient$Stub$Proxy@4153cda8 (uid=10018 pid=3706)
06-16 19:49:48.507  3706  3706 D OpenGLRenderer: Flushing caches (mode 0)
06-16 19:49:49.050  3706  3706 D OpenGLRenderer: Flushing caches (mode 1)
06-16 19:49:50.648   152   198 I power   : *** set_screen_state 0
06-16 19:49:50.683    79   119 D SurfaceFlinger: About to give-up screen, flinger = 0x1a25918
06-16 19:49:50.820   486  1357 D NfcService: NFC-C OFF, disconnect
06-16 19:49:50.917   152   155 D dalvikvm: GC_CONCURRENT freed 594K, 17% free 14037K/16839K, paused 3ms+18ms
06-16 19:49:50.952   152   202 V TransportControlView: Create TCV com.android.internal.widget.TransportControlView@414c2460
06-16 19:49:50.988   389   389 D PhoneStatusBar: disable: < expand icons alerts ticker system_info back home RECENT* clock >
06-16 19:49:51.003    82   122 D AudioHardware: AudioHardware pcm playback is exiting standby.
06-16 19:49:51.003    82   122 D AudioHardware: openPcmOut_l() mPcmOpenCnt: 0
06-16 19:49:51.007  1380  1380 D OpenGLRenderer: Flushing caches (mode 1)
06-16 19:49:51.023   389   389 D PhoneStatusBar: disable: < expand icons alerts ticker system_info BACK* HOME* RECENT CLOCK* >
06-16 19:49:53.120  3319  3321 D dalvikvm: GC_CONCURRENT freed 336K, 7% free 9318K/9927K, paused 17ms+2ms
06-16 19:49:53.671  1380  1380 D OpenGLRenderer: Flushing caches (mode 1)
06-16 19:49:53.691  3319  3974 I DownloadManager: deleting /data/data/com.android.providers.downloads/cache/downloadfile.jpeg
06-16 19:49:53.878  3844  3846 D dalvikvm: GC_CONCURRENT freed 568K, 15% free 10459K/12167K, paused 7ms+3ms
06-16 19:49:53.945  3319  3977 I DownloadManager: Initiating request for download 4
06-16 19:49:54.160    82   122 D AudioHardware: AudioHardware pcm playback is going to standby.
06-16 19:49:54.160    82   122 D AudioHardware: closePcmOut_l() mPcmOpenCnt: 1
06-16 19:49:56.148  3319  3321 D dalvikvm: GC_CONCURRENT freed 359K, 6% free 9348K/9927K, paused 18ms+3ms
06-16 19:49:56.351   560   562 D dalvikvm: GC_CONCURRENT freed 336K, 10% free 10069K/11143K, paused 2ms+22ms
06-16 19:49:56.370  1380  1380 D OpenGLRenderer: Flushing caches (mode 1)
06-16 19:49:56.398  3319  3983 I DownloadManager: deleting /data/data/com.android.providers.downloads/cache/downloadfile.jpeg
06-16 19:49:56.640  3319  3985 I DownloadManager: Initiating request for download 5
06-16 19:50:00.468   152   168 D dalvikvm: GC_EXPLICIT freed 399K, 15% free 14409K/16839K, paused 3ms+5ms
06-16 19:50:00.476  1380  1380 D OpenGLRenderer: Flushing caches (mode 1)
06-16 19:50:00.535  3319  3321 D dalvikvm: GC_CONCURRENT freed 443K, 6% free 9353K/9927K, paused 7ms+3ms
06-16 19:50:00.601  3319  3990 I DownloadManager: deleting /data/data/com.android.providers.downloads/cache/downloadfile.jpeg
06-16 19:50:00.960  3319  3992 I DownloadManager: Initiating request for download 6
06-16 19:50:01.519   560  3584 D dalvikvm: GC_FOR_ALLOC freed 429K, 11% free 9974K/11143K, paused 18ms
06-16 19:50:04.273  1380  1380 D OpenGLRenderer: Flushing caches (mode 1)
06-16 19:50:04.480  3319  3998 I DownloadManager: deleting /data/data/com.android.providers.downloads/cache/downloadfile.jpeg
06-16 19:50:04.492  3319  3999 I DownloadManager: Initiating request for download 7
06-16 19:50:04.648   724   728 D dalvikvm: GC_CONCURRENT freed 525K, 12% free 10672K/12103K, paused 4ms+6ms
06-16 19:50:04.683   560  3584 D dalvikvm: GC_FOR_ALLOC freed 323K, 11% free 9965K/11143K, paused 19ms
06-16 19:50:05.183  3319  3321 D dalvikvm: GC_CONCURRENT freed 483K, 7% free 9330K/9927K, paused 1ms+3ms
06-16 19:50:07.105  1380  1380 D OpenGLRenderer: Flushing caches (mode 1)
06-16 19:50:07.109  3706  3709 D dalvikvm: GC_CONCURRENT freed 410K, 6% free 10220K/10759K, paused 13ms+8ms
06-16 19:50:07.187  3319  4005 I DownloadManager: deleting /data/data/com.android.providers.downloads/cache/downloadfile.jpeg
06-16 19:50:07.308  3319  4007 I DownloadManager: Initiating request for download 8
06-16 19:50:08.413  3319  3321 D dalvikvm: GC_CONCURRENT freed 395K, 7% free 9326K/9927K, paused 2ms+13ms
06-16 19:50:09.605   560  3584 D dalvikvm: GC_FOR_ALLOC freed 284K, 11% free 9967K/11143K, paused 32ms
06-16 19:50:10.410  1380  1380 D OpenGLRenderer: Flushing caches (mode 1)
06-16 19:50:10.456  3319  4012 I DownloadManager: deleting /data/data/com.android.providers.downloads/cache/downloadfile.jpeg
06-16 19:50:10.601  3319  4014 I DownloadManager: Initiating request for download 9
06-16 19:50:11.574  3319  3321 D dalvikvm: GC_CONCURRENT freed 380K, 6% free 9340K/9927K, paused 6ms+5ms
06-16 19:50:13.214  1380  1380 D OpenGLRenderer: Flushing caches (mode 1)
06-16 19:50:14.894  3319  4020 I DownloadManager: deleting /data/data/com.android.providers.downloads/cache/downloadfile.jpeg
06-16 19:50:15.070  3319  4022 I DownloadManager: Initiating request for download 10
06-16 19:50:15.808  3319  3321 D dalvikvm: GC_CONCURRENT freed 379K, 6% free 9355K/9927K, paused 2ms+2ms
06-16 19:50:16.070   560   575 D dalvikvm: GC_FOR_ALLOC freed 267K, 11% free 9963K/11143K, paused 18ms
06-16 19:50:17.144   152   510 D dalvikvm: GC_EXPLICIT freed 442K, 15% free 14418K/16839K, paused 3ms+5ms
06-16 19:50:17.577  1380  1380 D OpenGLRenderer: Flushing caches (mode 1)
06-16 19:50:17.601  3319  4028 I DownloadManager: deleting /data/data/com.android.providers.downloads/cache/downloadfile.jpeg
06-16 19:50:17.757  3319  4030 I DownloadManager: Initiating request for download 11
06-16 19:50:19.046  3319  3321 D dalvikvm: GC_CONCURRENT freed 437K, 6% free 9390K/9927K, paused 1ms+3ms
06-16 19:50:20.191   724   728 D dalvikvm: GC_CONCURRENT freed 434K, 12% free 10666K/12103K, paused 5ms+3ms
06-16 19:50:20.265  3706  3717 D dalvikvm: GC_EXPLICIT freed 241K, 6% free 10169K/10759K, paused 3ms+4ms
06-16 19:50:20.304  3319  3335 D dalvikvm: GC_EXPLICIT freed 197K, 7% free 9263K/9927K, paused 1ms+3ms
06-16 19:50:20.363  1380  1380 D OpenGLRenderer: Flushing caches (mode 1)
06-16 19:50:20.433  3319  4035 I DownloadManager: deleting /data/data/com.android.providers.downloads/cache/downloadfile.jpeg
06-16 19:50:20.574  3319  4037 I DownloadManager: Initiating request for download 12
06-16 19:50:21.968   560   690 D dalvikvm: GC_FOR_ALLOC freed 338K, 11% free 9972K/11143K, paused 17ms
06-16 19:50:23.152  1380  1380 D OpenGLRenderer: Flushing caches (mode 1)
06-16 19:50:23.206  3319  3321 D dalvikvm: GC_CONCURRENT freed 341K, 7% free 9310K/9927K, paused 2ms+3ms
06-16 19:50:23.507  3319  4042 I DownloadManager: deleting /data/data/com.android.providers.downloads/cache/downloadfile.jpeg
06-16 19:50:23.523  3319  4043 I DownloadManager: Initiating request for download 13
06-16 19:50:25.031   560   690 D dalvikvm: GC_FOR_ALLOC freed 285K, 11% free 9966K/11143K, paused 20ms
06-16 19:50:27.812  1380  1380 D OpenGLRenderer: Flushing caches (mode 1)
06-16 19:50:28.085  3319  3321 D dalvikvm: GC_CONCURRENT freed 389K, 7% free 9315K/9927K, paused 8ms+3ms
06-16 19:50:28.140  3319  4050 I DownloadManager: deleting /data/data/com.android.providers.downloads/cache/downloadfile.jpeg
06-16 19:50:28.148  3319  4051 I DownloadManager: Initiating request for download 14
06-16 19:50:32.003   560   575 D dalvikvm: GC_FOR_ALLOC freed 333K, 11% free 9977K/11143K, paused 17ms
06-16 19:50:35.195   152  1032 D dalvikvm: GC_EXPLICIT freed 458K, 15% free 14431K/16839K, paused 3ms+5ms
06-16 19:50:35.222  1380  1380 D OpenGLRenderer: Flushing caches (mode 1)
06-16 19:50:35.242  3319  4057 I DownloadManager: deleting /data/data/com.android.providers.downloads/cache/downloadfile.jpeg
06-16 19:50:35.429  3319  3321 D dalvikvm: GC_CONCURRENT freed 370K, 7% free 9330K/9927K, paused 7ms+3ms
06-16 19:50:35.484   724   728 D dalvikvm: GC_CONCURRENT freed 420K, 12% free 10698K/12103K, paused 2ms+3ms
06-16 19:50:35.523  3319  4059 I DownloadManager: Initiating request for download 15
06-16 19:50:35.523   560   576 D dalvikvm: GC_FOR_ALLOC freed 276K, 11% free 9975K/11143K, paused 20ms
06-16 19:50:37.870  1380  1380 D OpenGLRenderer: Flushing caches (mode 1)
06-16 19:50:37.945  3319  4065 I DownloadManager: deleting /data/data/com.android.providers.downloads/cache/downloadfile.jpeg
06-16 19:50:38.195  3319  4067 I DownloadManager: Initiating request for download 16
06-16 19:50:38.210  3319  3321 D dalvikvm: GC_CONCURRENT freed 420K, 7% free 9300K/9927K, paused 2ms+5ms
06-16 19:50:38.867   560   575 D dalvikvm: GC_FOR_ALLOC freed 286K, 11% free 9965K/11143K, paused 17ms
06-16 19:50:40.847  1380  1380 D OpenGLRenderer: Flushing caches (mode 1)
06-16 19:50:40.972  3319  4073 I DownloadManager: deleting /data/data/com.android.providers.downloads/cache/downloadfile.jpeg
06-16 19:50:40.980  3319  4074 I DownloadManager: Initiating request for download 17
06-16 19:50:41.792  3319  3321 D dalvikvm: GC_CONCURRENT freed 389K, 7% free 9330K/9927K, paused 12ms+2ms
06-16 19:50:41.796   560   575 D dalvikvm: GC_FOR_ALLOC freed 295K, 11% free 9967K/11143K, paused 22ms
06-16 19:50:44.226  3319  4081 I DownloadManager: deleting /data/data/com.android.providers.downloads/cache/downloadfile.jpeg
06-16 19:50:44.234  3706  3709 D dalvikvm: GC_CONCURRENT freed 358K, 6% free 10201K/10759K, paused 8ms+3ms
06-16 19:50:44.265  1380  1380 D OpenGLRenderer: Flushing caches (mode 1)
06-16 19:50:44.445  3319  4083 I DownloadManager: Initiating request for download 18
06-16 19:50:45.609  3319  3321 D dalvikvm: GC_CONCURRENT freed 388K, 6% free 9349K/9927K, paused 1ms+2ms
06-16 19:50:47.007  1380  1380 D OpenGLRenderer: Flushing caches (mode 1)
06-16 19:50:47.074  3319  4088 I DownloadManager: deleting /data/data/com.android.providers.downloads/cache/downloadfile.jpeg
06-16 19:50:47.210  3319  4090 I DownloadManager: Initiating request for download 19
06-16 19:50:47.449   152  2845 D dalvikvm: GC_EXPLICIT freed 592K, 15% free 14445K/16839K, paused 2ms+5ms
06-16 19:50:48.316  3319  3321 D dalvikvm: GC_CONCURRENT freed 453K, 6% free 9379K/9927K, paused 1ms+3ms
06-16 19:50:49.507   560   636 D dalvikvm: GC_FOR_ALLOC freed 299K, 11% free 9966K/11143K, paused 18ms
06-16 19:50:49.542  1380  1380 D OpenGLRenderer: Flushing caches (mode 1)
06-16 19:50:49.855  3319  4096 I DownloadManager: deleting /data/data/com.android.providers.downloads/cache/downloadfile.jpeg
06-16 19:50:49.870  3319  4097 I DownloadManager: Initiating request for download 20
06-16 19:50:50.499   724   728 D dalvikvm: GC_CONCURRENT freed 449K, 12% free 10700K/12103K, paused 15ms+2ms
06-16 19:50:52.527   560   636 D dalvikvm: GC_FOR_ALLOC freed 288K, 11% free 9966K/11143K, paused 20ms
06-16 19:50:52.605  3319  3321 D dalvikvm: GC_CONCURRENT freed 483K, 7% free 9331K/9927K, paused 2ms+3ms
06-16 19:50:52.648  1380  1380 D OpenGLRenderer: Flushing caches (mode 1)
06-16 19:50:52.812  3319  4104 I DownloadManager: deleting /data/data/com.android.providers.downloads/cache/downloadfile.jpeg
06-16 19:50:52.820  3319  4105 I DownloadManager: Initiating request for download 21
06-16 19:50:55.644  3319  4109 D dalvikvm: GC_EXPLICIT freed 345K, 7% free 9315K/9927K, paused 2ms+4ms
06-16 19:50:55.777  1380  1380 D OpenGLRenderer: Flushing caches (mode 1)
06-16 19:50:55.925  3319  4111 I DownloadManager: deleting /data/data/com.android.providers.downloads/cache/downloadfile.jpeg
06-16 19:50:56.128  3319  4113 I DownloadManager: Initiating request for download 22
06-16 19:50:57.038   560  3584 D dalvikvm: GC_FOR_ALLOC freed 252K, 11% free 9972K/11143K, paused 30ms
06-16 19:50:57.456  3342  3355 I PhoneLab-: Service Running
06-16 19:50:57.652  3342  3355 I PhoneLab-LoggerService: app_37    1263  1     1764   1320  c00f181c 400107b4 S logcat
06-16 19:50:57.652  3342  3355 I PhoneLab-LoggerService: Logcat pid from database 1263
06-16 19:50:57.652  3342  3355 I PhoneLab-LoggerService: Logcat process found 1263
06-16 19:50:57.652  3342  3355 I PhoneLab-LoggerService: Checking Threshold
06-16 19:50:57.652  3342  3355 I PhoneLab-LoggerService: Starting to rename files
06-16 19:50:57.656  3342  3355 I PhoneLab-LoggerService: Files found .. 2
06-16 19:50:58.456  3319  3321 D dalvikvm: GC_CONCURRENT freed 363K, 6% free 9351K/9927K, paused 5ms+6ms
06-16 19:50:58.507  1380  1380 D OpenGLRenderer: Flushing caches (mode 1)
06-16 19:50:58.609  3319  4120 I DownloadManager: deleting /data/data/com.android.providers.downloads/cache/downloadfile.jpeg
06-16 19:50:58.734  3319  4122 I DownloadManager: Initiating request for download 23
06-16 19:51:00.429   560  3584 D dalvikvm: GC_FOR_ALLOC freed 321K, 11% free 9967K/11143K, paused 17ms
06-16 19:51:01.296  1380  1380 D OpenGLRenderer: Flushing caches (mode 1)
06-16 19:51:01.370   152   152 D dalvikvm: GC_EXPLICIT freed 502K, 15% free 14452K/16839K, paused 4ms+6ms
06-16 19:51:01.515  3319  4128 I DownloadManager: deleting /data/data/com.android.providers.downloads/cache/downloadfile.jpeg
06-16 19:51:01.538  3319  4129 I DownloadManager: Initiating request for download 24
06-16 19:51:01.558  3319  3321 D dalvikvm: GC_CONCURRENT freed 444K, 6% free 9354K/9927K, paused 1ms+3ms
06-16 19:51:02.476   724   728 D dalvikvm: GC_CONCURRENT freed 467K, 12% free 10667K/12103K, paused 3ms+3ms
06-16 19:51:03.956  1380  1380 D OpenGLRenderer: Flushing caches (mode 1)
06-16 19:51:03.980  3706  3709 D dalvikvm: GC_CONCURRENT freed 409K, 5% free 10223K/10759K, paused 15ms+3ms
06-16 19:51:04.003  3319  4136 I DownloadManager: deleting /data/data/com.android.providers.downloads/cache/downloadfile.jpeg
06-16 19:51:04.222  3319  4138 I DownloadManager: Initiating request for download 25
06-16 19:51:05.187  3319  3321 D dalvikvm: GC_CONCURRENT freed 473K, 6% free 9340K/9927K, paused 2ms+3ms
06-16 19:51:06.331   560   636 D dalvikvm: GC_FOR_ALLOC freed 327K, 11% free 9970K/11143K, paused 18ms
06-16 19:51:07.870  1380  1380 D OpenGLRenderer: Flushing caches (mode 1)
06-16 19:51:10.214  3319  4143 I DownloadManager: deleting /data/data/com.android.providers.downloads/cache/downloadfile.jpeg
06-16 19:51:10.218  3319  4144 I DownloadManager: Initiating request for download 26
06-16 19:51:10.995   560   690 D dalvikvm: GC_FOR_ALLOC freed 285K, 11% free 9968K/11143K, paused 43ms
06-16 19:51:11.515  3319  3321 D dalvikvm: GC_CONCURRENT freed 388K, 6% free 9342K/9927K, paused 1ms+3ms
06-16 19:51:13.472  1380  1380 D OpenGLRenderer: Flushing caches (mode 1)
06-16 19:51:13.523  3319  4151 I DownloadManager: deleting /data/data/com.android.providers.downloads/cache/downloadfile.jpeg
06-16 19:51:13.656  3319  4153 I DownloadManager: Initiating request for download 27
06-16 19:51:14.070   560   690 D dalvikvm: GC_FOR_ALLOC freed 323K, 11% free 9968K/11143K, paused 18ms
06-16 19:51:15.312  3319  3321 D dalvikvm: GC_CONCURRENT freed 417K, 6% free 9343K/9927K, paused 24ms+3ms
06-16 19:51:16.480  1380  1380 D OpenGLRenderer: Flushing caches (mode 1)
06-16 19:51:16.656  3319  4159 I DownloadManager: deleting /data/data/com.android.providers.downloads/cache/downloadfile.jpeg
06-16 19:51:16.839  3319  4161 I DownloadManager: Initiating request for download 28
06-16 19:51:16.937   152  1032 D dalvikvm: GC_EXPLICIT freed 447K, 15% free 14461K/16839K, paused 3ms+6ms
06-16 19:51:16.956   560  3584 D dalvikvm: GC_FOR_ALLOC freed 301K, 11% free 9968K/11143K, paused 18ms
06-16 19:51:17.531   724   728 D dalvikvm: GC_CONCURRENT freed 416K, 12% free 10675K/12103K, paused 16ms+3ms
06-16 19:51:17.925  3319  3321 D dalvikvm: GC_CONCURRENT freed 383K, 6% free 9383K/9927K, paused 2ms+3ms
06-16 19:51:19.273  1380  1380 D OpenGLRenderer: Flushing caches (mode 1)
06-16 19:51:19.406  3319  4166 I DownloadManager: deleting /data/data/com.android.providers.downloads/cache/downloadfile.jpeg
06-16 19:51:19.421  3319  4167 I DownloadManager: Initiating request for download 29
06-16 19:51:22.136  3319  3321 D dalvikvm: GC_CONCURRENT freed 468K, 7% free 9325K/9927K, paused 3ms+2ms
06-16 19:51:24.031  1380  1380 D OpenGLRenderer: Flushing caches (mode 1)
06-16 19:51:24.206  3319  4173 I DownloadManager: deleting /data/data/com.android.providers.downloads/cache/downloadfile.jpeg
06-16 19:51:24.230  3319  4174 I DownloadManager: Initiating request for download 30
06-16 19:51:24.827   560   575 D dalvikvm: GC_FOR_ALLOC freed 340K, 11% free 9971K/11143K, paused 19ms
06-16 19:51:26.984  3319  3321 D dalvikvm: GC_CONCURRENT freed 401K, 7% free 9311K/9927K, paused 1ms+5ms
06-16 19:51:27.038  1380  1380 D OpenGLRenderer: Flushing caches (mode 1)
06-16 19:51:27.093  3319  4181 I DownloadManager: deleting /data/data/com.android.providers.downloads/cache/downloadfile.jpeg
06-16 19:51:27.339  3319  4183 D dalvikvm: GC_EXPLICIT freed 130K, 7% free 9266K/9927K, paused 4ms+6ms
06-16 19:51:27.343  3319  4183 I DownloadManager: Initiating request for download 31
06-16 19:51:29.320   560  3584 D dalvikvm: GC_FOR_ALLOC freed 323K, 11% free 9971K/11143K, paused 17ms
06-16 19:51:29.882  1380  1380 D OpenGLRenderer: Flushing caches (mode 1)
06-16 19:51:29.898  3706  3709 D dalvikvm: GC_CONCURRENT freed 416K, 6% free 10217K/10759K, paused 12ms+5ms
06-16 19:51:29.980  3319  4189 I DownloadManager: deleting /data/data/com.android.providers.downloads/cache/downloadfile.jpeg
06-16 19:51:30.152  3319  4191 I DownloadManager: Initiating request for download 32
06-16 19:51:30.195  3319  3321 D dalvikvm: GC_CONCURRENT freed 318K, 6% free 9334K/9927K, paused 2ms+8ms
06-16 19:51:32.870   560  3584 D dalvikvm: GC_FOR_ALLOC freed 283K, 11% free 9967K/11143K, paused 19ms
06-16 19:51:33.206   152   168 D dalvikvm: GC_EXPLICIT freed 492K, 15% free 14472K/16839K, paused 3ms+6ms
06-16 19:51:33.226  1380  1380 D OpenGLRenderer: Flushing caches (mode 1)
06-16 19:51:33.288  3319  4196 I DownloadManager: deleting /data/data/com.android.providers.downloads/cache/downloadfile.jpeg
06-16 19:51:33.445  3319  4198 I DownloadManager: Initiating request for download 33
06-16 19:51:36.492   560  3584 D dalvikvm: GC_FOR_ALLOC freed 274K, 11% free 9968K/11143K, paused 21ms
06-16 19:51:36.519  3319  3321 D dalvikvm: GC_CONCURRENT freed 371K, 6% free 9375K/9927K, paused 1ms+3ms
06-16 19:51:37.046   724   728 D dalvikvm: GC_CONCURRENT freed 430K, 12% free 10678K/12103K, paused 2ms+3ms
06-16 19:51:38.722  1380  1380 D OpenGLRenderer: Flushing caches (mode 1)
06-16 19:51:38.925  3319  4203 I DownloadManager: deleting /data/data/com.android.providers.downloads/cache/downloadfile.jpeg
06-16 19:51:38.941  3319  4204 I DownloadManager: Initiating request for download 34
06-16 19:51:39.671  3319  3321 D dalvikvm: GC_CONCURRENT freed 492K, 7% free 9304K/9927K, paused 1ms+3ms
06-16 19:51:41.113  1380  1380 D OpenGLRenderer: Flushing caches (mode 1)
06-16 19:51:41.163  3319  4210 I DownloadManager: deleting /data/data/com.android.providers.downloads/cache/downloadfile.jpeg
06-16 19:51:41.324  3319  4212 I DownloadManager: Initiating request for download 35
06-16 19:51:41.734   560  3584 D dalvikvm: GC_FOR_ALLOC freed 308K, 11% free 9967K/11143K, paused 18ms
06-16 19:51:42.331  3319  3321 D dalvikvm: GC_CONCURRENT freed 378K, 6% free 9337K/9927K, paused 2ms+3ms
06-16 19:51:44.566  1380  1380 D OpenGLRenderer: Flushing caches (mode 1)
06-16 19:51:44.777  3319  4218 I DownloadManager: deleting /data/data/com.android.providers.downloads/cache/downloadfile.jpeg
06-16 19:51:44.792  3319  4219 I DownloadManager: Initiating request for download 36
06-16 19:51:44.827   560  3584 D dalvikvm: GC_FOR_ALLOC freed 310K, 11% free 9966K/11143K, paused 20ms
06-16 19:51:46.976  3319  3321 D dalvikvm: GC_CONCURRENT freed 385K, 6% free 9365K/9927K, paused 2ms+2ms
06-16 19:51:48.046  1380  1380 D OpenGLRenderer: Flushing caches (mode 1)
06-16 19:51:48.097  3319  4225 I DownloadManager: deleting /data/data/com.android.providers.downloads/cache/downloadfile.jpeg
06-16 19:51:48.238  3319  4227 I DownloadManager: Initiating request for download 37
06-16 19:51:50.070   152  1033 D dalvikvm: GC_EXPLICIT freed 459K, 15% free 14473K/16839K, paused 8ms+6ms
06-16 19:51:50.257  3319  3321 D dalvikvm: GC_CONCURRENT freed 429K, 6% free 9369K/9927K, paused 3ms+7ms
06-16 19:51:50.390  1380  1380 D OpenGLRenderer: Flushing caches (mode 1)
06-16 19:51:50.581   560   690 D dalvikvm: GC_FOR_ALLOC freed 289K, 11% free 9968K/11143K, paused 19ms
06-16 19:51:50.605  3319  4232 I DownloadManager: deleting /data/data/com.android.providers.downloads/cache/downloadfile.jpeg
06-16 19:51:50.609  3319  4233 I DownloadManager: Initiating request for download 38
06-16 19:51:52.523   724   728 D dalvikvm: GC_CONCURRENT freed 432K, 12% free 10674K/12103K, paused 18ms+2ms
06-16 19:51:52.898   560   690 D dalvikvm: GC_FOR_ALLOC freed 292K, 11% free 9964K/11143K, paused 20ms
06-16 19:51:53.163  1380  1380 D OpenGLRenderer: Flushing caches (mode 1)
06-16 19:51:53.171  3706  3709 D dalvikvm: GC_CONCURRENT freed 410K, 5% free 10224K/10759K, paused 2ms+25ms
06-16 19:51:53.245  3319  3321 D dalvikvm: GC_CONCURRENT freed 472K, 7% free 9325K/9927K, paused 2ms+4ms
06-16 19:51:53.265  3319  4239 I DownloadManager: deleting /data/data/com.android.providers.downloads/cache/downloadfile.jpeg
06-16 19:51:53.398  3319  4241 I DownloadManager: Initiating request for download 39
06-16 19:51:56.324  1380  1380 D OpenGLRenderer: Flushing caches (mode 1)
06-16 19:51:56.359  1380  1382 D dalvikvm: GC_CONCURRENT freed 537K, 9% free 9745K/10695K, paused 3ms+3ms
06-16 19:51:56.429  3319  4247 I DownloadManager: deleting /data/data/com.android.providers.downloads/cache/downloadfile.jpeg
06-16 19:51:56.620  3319  3321 D dalvikvm: GC_CONCURRENT freed 391K, 7% free 9318K/9927K, paused 7ms+10ms
06-16 19:51:56.695  3319  4249 I DownloadManager: Initiating request for download 40
06-16 19:51:57.523   560   690 D dalvikvm: GC_FOR_ALLOC freed 264K, 11% free 9985K/11143K, paused 21ms
06-16 19:51:59.058  1380  1380 D OpenGLRenderer: Flushing caches (mode 1)
06-16 19:51:59.120  3319  3319 D dalvikvm: GC_EXPLICIT freed 335K, 7% free 9317K/9927K, paused 3ms+4ms
06-16 19:51:59.347  3319  4254 I DownloadManager: deleting /data/data/com.android.providers.downloads/cache/downloadfile.jpeg
06-16 19:51:59.374  3319  4255 I DownloadManager: Initiating request for download 41
06-16 19:51:59.988   560   690 D dalvikvm: GC_FOR_ALLOC freed 292K, 11% free 9967K/11143K, paused 19ms
06-16 19:52:01.558   152   168 D dalvikvm: GC_EXPLICIT freed 502K, 14% free 14492K/16839K, paused 3ms+7ms
06-16 19:52:01.574  1380  1380 D OpenGLRenderer: Flushing caches (mode 1)
06-16 19:52:01.609  3319  4262 I DownloadManager: deleting /data/data/com.android.providers.downloads/cache/downloadfile.jpeg
06-16 19:52:01.632  3319  3321 D dalvikvm: GC_CONCURRENT freed 365K, 6% free 9341K/9927K, paused 2ms+4ms
06-16 19:52:01.765  3319  4264 I DownloadManager: Initiating request for download 42
06-16 19:52:03.019   560   562 D dalvikvm: GC_CONCURRENT freed 368K, 11% free 9987K/11143K, paused 2ms+3ms
06-16 19:52:03.120  1380  1380 D OpenGLRenderer: Flushing caches (mode 1)
06-16 19:52:03.167   724   728 D dalvikvm: GC_CONCURRENT freed 434K, 12% free 10668K/12103K, paused 2ms+3ms
06-16 19:52:03.210  1380  1380 D OpenGLRenderer: Flushing caches (mode 1)
06-16 19:52:04.011  1380  1380 D OpenGLRenderer: Flushing caches (mode 1)
06-16 19:52:04.124  3319  4272 I DownloadManager: deleting /data/data/com.android.providers.downloads/cache/downloadfile.jpeg
06-16 19:52:04.257  3319  3321 D dalvikvm: GC_CONCURRENT freed 422K, 7% free 9311K/9927K, paused 3ms+6ms
06-16 19:52:04.308  3319  4274 I DownloadManager: Initiating request for download 43
06-16 19:52:05.202   724   728 D dalvikvm: GC_CONCURRENT freed 353K, 12% free 10738K/12103K, paused 3ms+4ms
06-16 19:52:07.202   152   194 I ActivityManager: Start proc com.google.android.syncadapters.calendar for service com.google.android.syncadapters.calendar/.CalendarSyncAdapterService: pid=4278 uid=10019 gids={3003}
06-16 19:52:07.507   152   491 I ActivityManager: Start proc com.android.providers.calendar for content provider com.android.providers.calendar/.CalendarProvider2: pid=4297 uid=10006 gids={3003, 1015}
06-16 19:52:07.542    80    80 D dalvikvm: GC_EXPLICIT freed 37K, 4% free 9031K/9347K, paused 3ms+2ms
06-16 19:52:07.585    80    80 D dalvikvm: GC_EXPLICIT freed <1K, 4% free 9031K/9347K, paused 2ms+2ms
06-16 19:52:07.613    80    80 D dalvikvm: GC_EXPLICIT freed <1K, 4% free 9031K/9347K, paused 1ms+2ms
06-16 19:52:07.652  4297  4297 I ActivityThread: Pub com.android.calendar: com.android.providers.calendar.CalendarProvider2
06-16 19:52:07.687  1380  1380 D OpenGLRenderer: Flushing caches (mode 1)
06-16 19:52:07.699  3319  4310 I DownloadManager: deleting /data/data/com.android.providers.downloads/cache/downloadfile.jpeg
06-16 19:52:07.804  1380  1380 D OpenGLRenderer: Flushing caches (mode 1)
06-16 19:52:07.976  4297  4299 D dalvikvm: GC_CONCURRENT freed 323K, 5% free 9146K/9543K, paused 11ms+4ms
06-16 19:52:08.070  3319  3321 D dalvikvm: GC_CONCURRENT freed 384K, 7% free 9320K/9927K, paused 2ms+2ms
06-16 19:52:08.085  3319  4318 I DownloadManager: Initiating request for download 44
06-16 19:52:08.183  1380  1380 D OpenGLRenderer: Flushing caches (mode 1)
06-16 19:52:08.722  4278  4281 D dalvikvm: GC_CONCURRENT freed 300K, 4% free 9169K/9543K, paused 19ms+2ms
06-16 19:52:08.785  4297  4297 I CalendarProvider2: Sending notification intent: Intent { act=android.intent.action.PROVIDER_CHANGED dat=content://com.android.calendar }
06-16 19:52:08.785  4297  4297 W ContentResolver: Failed to get type for: content://com.android.calendar (Unknown URL content://com.android.calendar)
06-16 19:52:08.800   152   169 I ActivityManager: Start proc com.android.calendar for broadcast com.android.calendar/.widget.CalendarAppWidgetService$CalendarFactory: pid=4324 uid=10005 gids={3003}
06-16 19:52:08.882  4324  4324 I ActivityThread: Pub com.android.calendar.CalendarRecentSuggestionsProvider: com.android.calendar.CalendarRecentSuggestionsProvider
06-16 19:52:08.976   152  1040 D dalvikvm: GC_EXPLICIT freed 572K, 15% free 14456K/16839K, paused 3ms+5ms
06-16 19:52:10.167  1380  1380 D OpenGLRenderer: Flushing caches (mode 1)
06-16 19:52:10.195  3319  4346 I DownloadManager: deleting /data/data/com.android.providers.downloads/cache/downloadfile.jpeg
06-16 19:52:10.202   724  1895 D dalvikvm: GC_EXPLICIT freed 270K, 12% free 10754K/12103K, paused 2ms+16ms
06-16 19:52:10.402  3319  4348 I DownloadManager: Initiating request for download 45
06-16 19:52:10.441  3319  3321 D dalvikvm: GC_CONCURRENT freed 376K, 7% free 9332K/9927K, paused 2ms+6ms
06-16 19:52:10.495  1380  1380 D OpenGLRenderer: Flushing caches (mode 1)
06-16 19:52:11.234  4278  4281 D dalvikvm: GC_CONCURRENT freed 342K, 5% free 9263K/9735K, paused 3ms+2ms
06-16 19:52:11.847  1380  1380 D OpenGLRenderer: Flushing caches (mode 1)
06-16 19:52:12.585  1380  1380 D OpenGLRenderer: Flushing caches (mode 1)
06-16 19:52:13.335  3706  3709 D dalvikvm: GC_CONCURRENT freed 419K, 6% free 10213K/10759K, paused 2ms+5ms
06-16 19:52:13.398  1380  1380 D OpenGLRenderer: Flushing caches (mode 1)
06-16 19:52:13.413  3319  4361 I DownloadManager: deleting /data/data/com.android.providers.downloads/cache/downloadfile.jpeg
06-16 19:52:13.445  4297  4315 D dalvikvm: GC_EXPLICIT freed 261K, 4% free 9252K/9607K, paused 5ms+4ms
06-16 19:52:13.527  4278  4363 D dalvikvm: GC_EXPLICIT freed 306K, 6% free 9227K/9735K, paused 2ms+3ms
06-16 19:52:13.574  1380  1391 D dalvikvm: GC_EXPLICIT freed 148K, 10% free 9717K/10695K, paused 2ms+3ms
06-16 19:52:13.585  1380  1380 D OpenGLRenderer: Flushing caches (mode 1)
06-16 19:52:15.120  3706  4366 I Gmail   : MainSyncRequestProto: lowestBkwdConvoId: 0, highestHandledServerOp: 2628999, normalSync: true
06-16 19:52:15.132  3319  4367 I DownloadManager: Initiating request for download 46
06-16 19:52:15.167  1380  1380 D OpenGLRenderer: Flushing caches (mode 1)
06-16 19:52:15.839  3319  3321 D dalvikvm: GC_CONCURRENT freed 406K, 6% free 9358K/9927K, paused 2ms+7ms
06-16 19:52:15.898  3706  4366 D dalvikvm: GC_EXPLICIT freed 150K, 6% free 10149K/10759K, paused 2ms+7ms
06-16 19:52:15.902  3706  4366 I Gmail   : MainSyncRequestProto: lowestBkwdConvoId: 0, highestHandledServerOp: 2628999, normalSync: true
06-16 19:52:15.937  3706  4366 D dalvikvm: GC_EXPLICIT freed 32K, 6% free 10134K/10759K, paused 2ms+3ms
06-16 19:52:15.945  3706  4366 W Gmail   : Scheduling index for 300000 ms from now
06-16 19:52:16.070   152   194 D dalvikvm: GC_EXPLICIT freed 565K, 15% free 14473K/16839K, paused 3ms+6ms
06-16 19:52:16.132   152   559 I ActivityManager: Process com.google.android.gallery3d (pid 3754) has died.
06-16 19:52:16.406  1380  1380 D OpenGLRenderer: Flushing caches (mode 1)
06-16 19:52:16.468   560   575 D dalvikvm: GC_EXPLICIT freed 113K, 11% free 9987K/11143K, paused 2ms+3ms
06-16 19:52:16.800  1380  1380 D OpenGLRenderer: Flushing caches (mode 1)
06-16 19:52:16.921  1380  1380 D OpenGLRenderer: Flushing caches (mode 1)
06-16 19:52:17.312  1380  1380 D OpenGLRenderer: Flushing caches (mode 1)
06-16 19:52:17.472  1380  1380 D OpenGLRenderer: Flushing caches (mode 1)
06-16 19:52:17.499  3319  4378 I DownloadManager: deleting /data/data/com.android.providers.downloads/cache/downloadfile.jpeg
06-16 19:52:17.507  3319  4382 I DownloadManager: Initiating request for download 47
06-16 19:52:18.210  1380  1380 D OpenGLRenderer: Flushing caches (mode 1)
06-16 19:52:18.800  3319  3321 D dalvikvm: GC_CONCURRENT freed 465K, 6% free 9360K/9927K, paused 2ms+3ms
06-16 19:52:21.042  1380  1380 D OpenGLRenderer: Flushing caches (mode 1)
06-16 19:52:21.124  3319  4392 I DownloadManager: deleting /data/data/com.android.providers.downloads/cache/downloadfile.jpeg
06-16 19:52:21.242  3319  4394 I DownloadManager: Initiating request for download 48
06-16 19:52:21.253  3319  4394 W DownloadManager: Aborting request for download 48: download was requested to not use the current network type
06-16 19:53:52.011   152   202 I power   : *** set_screen_state 1
06-16 19:53:52.062   152   202 I WindowManager: Lock screen displayed!
06-16 19:53:52.211    79   119 D SurfaceFlinger: Screen about to return, flinger = 0x1a25918
06-16 19:53:53.289   389   389 D PhoneStatusBar: disable: < expand icons alerts ticker system_info BACK HOME recent* CLOCK >
06-16 19:53:53.296   486  1523 D NfcService: NFC-C ON
06-16 19:53:53.300    82   122 D AudioHardware: AudioHardware pcm playback is exiting standby.
06-16 19:53:53.300    82   122 D AudioHardware: openPcmOut_l() mPcmOpenCnt: 0
06-16 19:53:53.398   389   389 D PhoneStatusBar: disable: < expand icons alerts ticker system_info back* home* recent clock* >
06-16 19:53:53.406   152   489 W InputManagerService: Window already focused, ignoring focus gain of: com.android.internal.view.IInputMethodClient$Stub$Proxy@41363158
06-16 19:53:54.765   152   489 D dalvikvm: JIT code cache reset in 5 ms (1048448 bytes 3/0)
06-16 19:53:54.785   152   489 D dalvikvm: GC_EXPLICIT freed 908K, 15% free 14322K/16839K, paused 4ms+11ms
06-16 19:53:55.273  1553  1555 D dalvikvm: GC_CONCURRENT freed 615K, 38% free 12267K/19783K, paused 19ms+8ms
06-16 19:53:55.484  1553  1555 D dalvikvm: GC_CONCURRENT freed 353K, 35% free 12955K/19783K, paused 2ms+12ms
06-16 19:53:55.617  1553  1560 I dalvikvm: Jit: resizing JitTable from 4096 to 8192
06-16 19:53:55.617  1553  3139 D dalvikvm: GC_FOR_ALLOC freed 1044K, 37% free 12521K/19783K, paused 30ms
06-16 19:53:55.617  1553  3139 I dalvikvm-heap: Grow heap (frag case) to 13.523MB for 1286224-byte allocation
06-16 19:53:55.664  1553  1578 D dalvikvm: GC_FOR_ALLOC freed 1K, 31% free 13776K/19783K, paused 29ms
06-16 19:53:55.754  1553  1555 D dalvikvm: GC_CONCURRENT freed 1K, 30% free 14018K/19783K, paused 8ms+3ms
06-16 19:53:55.898  1553  3139 D dalvikvm: GC_FOR_ALLOC freed 2054K, 37% free 12519K/19783K, paused 23ms
06-16 19:53:55.898  1553  3139 I dalvikvm-heap: Grow heap (frag case) to 13.520MB for 1286224-byte allocation
06-16 19:53:55.945  1553  1579 D dalvikvm: GC_FOR_ALLOC freed 1K, 31% free 13773K/19783K, paused 41ms
06-16 19:53:56.015  1553  1555 D dalvikvm: GC_CONCURRENT freed <1K, 30% free 13937K/19783K, paused 4ms+5ms
06-16 19:53:56.199  1553  1579 D dalvikvm: GC_FOR_ALLOC freed 2242K, 38% free 12335K/19783K, paused 28ms
06-16 19:53:56.203  1553  1579 I dalvikvm-heap: Grow heap (frag case) to 13.380MB for 1327120-byte allocation
06-16 19:53:56.234  1553  1553 D dalvikvm: GC_FOR_ALLOC freed 2K, 32% free 13629K/19783K, paused 21ms
06-16 19:53:56.312  1553  1555 D dalvikvm: GC_CONCURRENT freed <1K, 32% free 13629K/19783K, paused 2ms+9ms
06-16 19:53:56.695  1553  1555 D dalvikvm: GC_CONCURRENT freed 2546K, 37% free 12602K/19783K, paused 4ms+8ms
06-16 19:53:56.859  1553  1555 D dalvikvm: GC_CONCURRENT freed 295K, 32% free 13486K/19783K, paused 2ms+4ms
06-16 19:53:56.961  1553  1577 D dalvikvm: GC_FOR_ALLOC freed 1105K, 32% free 13496K/19783K, paused 33ms
06-16 19:53:57.050  1553  1578 D dalvikvm: GC_FOR_ALLOC freed 838K, 30% free 14009K/19783K, paused 64ms
06-16 19:53:57.152  1553  1578 D dalvikvm: GC_FOR_ALLOC freed 5K, 26% free 14694K/19783K, paused 29ms
06-16 19:53:57.289  1553  1577 D dalvikvm: GC_FOR_ALLOC freed 3135K, 35% free 12997K/19783K, paused 24ms
06-16 19:53:57.300   152  1033 I ActivityManager: Process com.google.android.googlequicksearchbox (pid 3814) has died.
06-16 19:53:57.363  1553  1555 D dalvikvm: GC_CONCURRENT freed 25K, 28% free 14296K/19783K, paused 2ms+7ms
06-16 19:53:57.683   152   198 I power   : *** set_screen_state 0
06-16 19:53:57.726    79   119 D SurfaceFlinger: About to give-up screen, flinger = 0x1a25918
06-16 19:53:57.812   486  1609 D NfcService: NFC-C OFF, disconnect
06-16 19:53:57.933   152   202 D dalvikvm: GC_FOR_ALLOC freed 833K, 17% free 14047K/16839K, paused 62ms
06-16 19:53:57.984   152   202 V TransportControlView: Create TCV com.android.internal.widget.TransportControlView@41422418
06-16 19:53:58.046   389   389 D PhoneStatusBar: disable: < expand icons alerts ticker system_info back home RECENT* clock >
06-16 19:53:58.062  1380  1380 D OpenGLRenderer: Flushing caches (mode 1)
06-16 19:53:58.082   389   389 D PhoneStatusBar: disable: < expand icons alerts ticker system_info BACK* HOME* RECENT CLOCK* >
06-16 19:54:01.226    82   122 D AudioHardware: AudioHardware pcm playback is going to standby.
06-16 19:54:01.226    82   122 D AudioHardware: closePcmOut_l() mPcmOpenCnt: 1
06-16 19:54:25.390  1380  1380 D OpenGLRenderer: Flushing caches (mode 1)
06-16 19:54:25.828  1380  1380 D OpenGLRenderer: Flushing caches (mode 1)
06-16 19:54:25.875   560   562 D dalvikvm: GC_CONCURRENT freed 321K, 10% free 10056K/11143K, paused 1ms+2ms
06-16 19:54:26.207   152   202 I power   : *** set_screen_state 1
06-16 19:54:26.238   152   202 I WindowManager: Lock screen displayed!
06-16 19:54:26.406    79   119 D SurfaceFlinger: Screen about to return, flinger = 0x1a25918
06-16 19:54:26.660   152  1033 D AlarmManagerService: Kernel timezone updated to 240 minutes west of GMT
06-16 19:54:26.668   470   470 D SystemClock: Setting time of day to sec=1339890866
06-16 19:54:26.183   152  2845 I ActivityManager: Start proc com.android.deskclock for broadcast com.android.deskclock/.AlarmInitReceiver: pid=4405 uid=10011 gids={}
06-16 19:54:26.472  4405  4405 I ActivityThread: Pub com.android.deskclock: com.android.deskclock.AlarmProvider
06-16 19:54:26.690  4405  4418 V AlarmClock: AlarmInitReceiver finished
06-16 19:54:26.913   389   389 D PhoneStatusBar: disable: < expand icons alerts ticker system_info BACK HOME recent* CLOCK >
06-16 19:54:26.917   486  1357 D NfcService: NFC-C ON
06-16 19:54:26.921    82   122 D AudioHardware: AudioHardware pcm playback is exiting standby.
06-16 19:54:26.921    82   122 D AudioHardware: openPcmOut_l() mPcmOpenCnt: 0
06-16 19:54:26.936   389   389 D PhoneStatusBar: disable: < expand icons alerts ticker system_info back* home* recent clock* >
06-16 19:54:26.944   152   374 W InputManagerService: Window already focused, ignoring focus gain of: com.android.internal.view.IInputMethodClient$Stub$Proxy@414cc0c8
06-16 19:54:32.616    82   122 D AudioHardware: AudioHardware pcm playback is going to standby.
06-16 19:54:32.620    82   122 D AudioHardware: closePcmOut_l() mPcmOpenCnt: 1
06-16 19:54:33.702   152  1757 I ActivityManager: Process com.android.quicksearchbox (pid 3828) has died.
06-16 19:54:36.858  3342  3355 I PhoneLab-: Service Running
06-16 19:54:36.995  3342  3355 I PhoneLab-LoggerService: app_37    1263  1     1764   1320  c00f181c 400107b4 S logcat
06-16 19:54:36.999  3342  3355 I PhoneLab-LoggerService: Logcat pid from database 1263
06-16 19:54:36.999  3342  3355 I PhoneLab-LoggerService: Logcat process found 1263
06-16 19:54:36.999  3342  3355 I PhoneLab-LoggerService: Checking Threshold
06-16 19:54:36.999  3342  3355 I PhoneLab-LoggerService: Starting to rename files
06-16 19:54:36.999  3342  3355 I PhoneLab-LoggerService: Files found .. 2
06-16 19:54:38.382   152   559 I ActivityManager: Process com.android.voicedialer (pid 3799) has died.
06-16 19:54:38.843   152   198 I power   : *** set_screen_state 0
06-16 19:54:38.878    79   119 D SurfaceFlinger: About to give-up screen, flinger = 0x1a25918
06-16 19:54:38.933   152   202 V TransportControlView: Create TCV com.android.internal.widget.TransportControlView@41954478
06-16 19:54:38.972   389   389 D PhoneStatusBar: disable: < expand icons alerts ticker system_info back home RECENT* clock >
06-16 19:54:38.975  1380  1380 D OpenGLRenderer: Flushing caches (mode 1)
06-16 19:54:38.991    82   122 D AudioHardware: AudioHardware pcm playback is exiting standby.
06-16 19:54:38.991    82   122 D AudioHardware: openPcmOut_l() mPcmOpenCnt: 0
06-16 19:54:38.995   486  1361 D NfcService: NFC-C OFF, disconnect
06-16 19:54:39.007   389   389 D PhoneStatusBar: disable: < expand icons alerts ticker system_info BACK* HOME* RECENT CLOCK* >
06-16 19:54:42.155    82   122 D AudioHardware: AudioHardware pcm playback is going to standby.
06-16 19:54:42.155    82   122 D AudioHardware: closePcmOut_l() mPcmOpenCnt: 1
06-16 19:55:43.121   152   155 D dalvikvm: GC_CONCURRENT freed 656K, 14% free 14538K/16839K, paused 17ms+5ms
06-16 19:55:43.144   724  2863 W GTalkService: onGotBatchPresence but idle, screenIsOn false
06-16 19:55:43.336   724   728 D dalvikvm: GC_CONCURRENT freed 467K, 12% free 10736K/12103K, paused 43ms+5ms
06-16 19:56:13.449   152   374 I ActivityManager: Process com.android.browser (pid 2954) has died.
06-16 19:56:13.875  1380  1380 D OpenGLRenderer: Flushing caches (mode 1)
06-16 19:56:14.312  1380  1380 D OpenGLRenderer: Flushing caches (mode 1)
06-16 19:56:20.129  3342  3355 I PhoneLab-: Service Running
06-16 19:56:20.230  3342  3355 I PhoneLab-LoggerService: app_37    1263  1     1764   1320  c00f181c 400107b4 S logcat
06-16 19:56:20.230  3342  3355 I PhoneLab-LoggerService: Logcat pid from database 1263
06-16 19:56:20.230  3342  3355 I PhoneLab-LoggerService: Logcat process found 1263
06-16 19:56:20.230  3342  3355 I PhoneLab-LoggerService: Checking Threshold
06-16 19:56:20.230  3342  3355 I PhoneLab-LoggerService: Starting to rename files
06-16 19:56:20.230  3342  3355 I PhoneLab-LoggerService: Files found .. 2
06-16 20:01:45.018   152   202 I power   : *** set_screen_state 1
06-16 20:01:45.045   152   202 I WindowManager: Lock screen displayed!
06-16 20:01:45.123  3706  3709 D dalvikvm: GC_CONCURRENT freed 283K, 5% free 10262K/10759K, paused 12ms+4ms
06-16 20:01:45.260    79   119 D SurfaceFlinger: Screen about to return, flinger = 0x1a25918
06-16 20:01:45.412  3706  3709 D dalvikvm: GC_CONCURRENT freed 431K, 6% free 10277K/10823K, paused 2ms+7ms
06-16 20:01:46.006  3706  3709 D dalvikvm: GC_CONCURRENT freed 401K, 5% free 10285K/10823K, paused 6ms+3ms
06-16 20:01:46.389  3706  4430 D dalvikvm: GC_FOR_ALLOC freed 354K, 7% free 10226K/10887K, paused 42ms
06-16 20:01:46.737  3706  3709 D dalvikvm: GC_CONCURRENT freed 391K, 7% free 10222K/10887K, paused 2ms+2ms
06-16 20:01:46.928  3706  3709 D dalvikvm: GC_CONCURRENT freed 379K, 7% free 10231K/10887K, paused 3ms+3ms
06-16 20:01:47.205  3706  3709 D dalvikvm: GC_CONCURRENT freed 419K, 7% free 10202K/10887K, paused 2ms+3ms
06-16 20:01:47.291  3706  4430 D dalvikvm: GC_FOR_ALLOC freed 262K, 7% free 10217K/10887K, paused 23ms
06-16 20:01:47.315  3706  4430 D dalvikvm: GC_FOR_ALLOC freed 3K, 6% free 10285K/10887K, paused 21ms
06-16 20:01:47.315  3706  4430 I dalvikvm-heap: Grow heap (frag case) to 10.188MB for 73392-byte allocation
06-16 20:01:47.338  3706  4430 D dalvikvm: GC_FOR_ALLOC freed 111K, 7% free 10245K/11015K, paused 21ms
06-16 20:01:47.651  3706  3709 D dalvikvm: GC_CONCURRENT freed 447K, 8% free 10196K/11015K, paused 2ms+3ms
06-16 20:01:47.842  3706  3709 D dalvikvm: GC_CONCURRENT freed 361K, 8% free 10221K/11015K, paused 3ms+3ms
06-16 20:01:48.018  3706  3709 D dalvikvm: GC_CONCURRENT freed 354K, 7% free 10253K/11015K, paused 2ms+3ms
06-16 20:01:48.283  3706  3709 D dalvikvm: GC_CONCURRENT freed 418K, 7% free 10324K/11015K, paused 2ms+4ms
06-16 20:01:48.549  3706  3709 D dalvikvm: GC_CONCURRENT freed 448K, 7% free 10262K/11015K, paused 4ms+3ms
06-16 20:01:48.717  3706  3709 D dalvikvm: GC_CONCURRENT freed 421K, 7% free 10288K/11015K, paused 2ms+4ms
06-16 20:01:48.963  3706  3709 D dalvikvm: GC_CONCURRENT freed 426K, 7% free 10248K/11015K, paused 3ms+2ms
06-16 20:01:49.158  3706  3709 D dalvikvm: GC_CONCURRENT freed 438K, 8% free 10204K/11015K, paused 3ms+2ms
06-16 20:01:49.362  3706  3709 D dalvikvm: GC_CONCURRENT freed 389K, 8% free 10205K/11015K, paused 2ms+3ms
06-16 20:01:49.573  3706  3709 D dalvikvm: GC_CONCURRENT freed 420K, 8% free 10234K/11015K, paused 2ms+3ms
06-16 20:01:49.768  3706  3709 D dalvikvm: GC_CONCURRENT freed 418K, 8% free 10201K/11015K, paused 2ms+3ms
06-16 20:01:49.940  3706  3709 D dalvikvm: GC_CONCURRENT freed 423K, 7% free 10288K/11015K, paused 2ms+4ms
06-16 20:01:50.194  3706  3709 D dalvikvm: GC_CONCURRENT freed 405K, 7% free 10268K/11015K, paused 2ms+4ms
06-16 20:01:50.362  3706  3709 D dalvikvm: GC_CONCURRENT freed 433K, 8% free 10222K/11015K, paused 2ms+2ms
06-16 20:01:50.565  3706  3709 D dalvikvm: GC_CONCURRENT freed 412K, 8% free 10197K/11015K, paused 3ms+3ms
06-16 20:01:50.740  3706  3709 D dalvikvm: GC_CONCURRENT freed 346K, 8% free 10239K/11015K, paused 2ms+3ms
06-16 20:01:50.924  3706  3709 D dalvikvm: GC_CONCURRENT freed 430K, 8% free 10200K/11015K, paused 2ms+4ms
06-16 20:01:51.096  3706  3709 D dalvikvm: GC_CONCURRENT freed 362K, 8% free 10226K/11015K, paused 2ms+4ms
06-16 20:01:51.283  3706  3709 D dalvikvm: GC_CONCURRENT freed 409K, 8% free 10204K/11015K, paused 2ms+4ms
06-16 20:01:51.432  3706  3709 D dalvikvm: GC_CONCURRENT freed 331K, 7% free 10260K/11015K, paused 2ms+4ms
06-16 20:01:51.737  3706  3709 D dalvikvm: GC_CONCURRENT freed 469K, 8% free 10206K/11015K, paused 2ms+4ms
06-16 20:01:51.897  3706  3709 D dalvikvm: GC_CONCURRENT freed 347K, 7% free 10247K/11015K, paused 2ms+2ms
06-16 20:01:52.112  3706  3709 D dalvikvm: GC_CONCURRENT freed 377K, 7% free 10265K/11015K, paused 3ms+2ms
06-16 20:01:52.295  3706  3709 D dalvikvm: GC_CONCURRENT freed 476K, 8% free 10195K/11015K, paused 2ms+2ms
06-16 20:01:52.358  3706  4430 D dalvikvm: GC_FOR_ALLOC freed 189K, 6% free 10361K/11015K, paused 20ms
06-16 20:01:52.358  3706  4430 I dalvikvm-heap: Grow heap (frag case) to 10.307MB for 120838-byte allocation
06-16 20:01:52.377  3706  4430 D dalvikvm: GC_FOR_ALLOC freed 186K, 8% free 10292K/11143K, paused 21ms
06-16 20:01:52.635  3706  3709 D dalvikvm: GC_CONCURRENT freed 340K, 8% free 10338K/11143K, paused 1ms+5ms
06-16 20:01:52.936  3706  3709 D dalvikvm: GC_CONCURRENT freed 355K, 7% free 10371K/11143K, paused 2ms+4ms
06-16 20:01:53.166  3706  3709 D dalvikvm: GC_CONCURRENT freed 521K, 9% free 10237K/11143K, paused 2ms+3ms
06-16 20:01:53.373  3706  3709 D dalvikvm: GC_CONCURRENT freed 435K, 9% free 10199K/11143K, paused 2ms+3ms
06-16 20:01:53.537  3706  3709 D dalvikvm: GC_CONCURRENT freed 339K, 9% free 10246K/11143K, paused 3ms+3ms
06-16 20:01:53.780  3706  3709 D dalvikvm: GC_CONCURRENT freed 440K, 9% free 10197K/11143K, paused 2ms+3ms
06-16 20:01:53.862  3706  3709 D dalvikvm: GC_CONCURRENT freed 312K, 8% free 10278K/11143K, paused 2ms+2ms
06-16 20:01:54.123  3706  3709 D dalvikvm: GC_CONCURRENT freed 345K, 8% free 10317K/11143K, paused 2ms+3ms
06-16 20:01:54.369  3706  3709 D dalvikvm: GC_CONCURRENT freed 517K, 9% free 10187K/11143K, paused 2ms+3ms
06-16 20:01:54.514  3706  3709 D dalvikvm: GC_CONCURRENT freed 319K, 8% free 10257K/11143K, paused 2ms+3ms
06-16 20:01:54.764  3706  3709 D dalvikvm: GC_CONCURRENT freed 364K, 8% free 10280K/11143K, paused 2ms+4ms
06-16 20:01:54.893  3706  3709 D dalvikvm: GC_CONCURRENT freed 428K, 9% free 10237K/11143K, paused 2ms+2ms
06-16 20:01:55.143  3706  3709 D dalvikvm: GC_CONCURRENT freed 497K, 9% free 10251K/11143K, paused 2ms+3ms
06-16 20:01:55.354  3706  3709 D dalvikvm: GC_CONCURRENT freed 438K, 9% free 10199K/11143K, paused 2ms+3ms
06-16 20:01:55.494   152   198 I power   : *** set_screen_state 0
06-16 20:01:55.530    79   119 D SurfaceFlinger: About to give-up screen, flinger = 0x1a25918
06-16 20:01:55.651   152   202 D dalvikvm: GC_FOR_ALLOC freed 931K, 14% free 14582K/16839K, paused 55ms
06-16 20:01:55.713   152   202 D dalvikvm: GC_FOR_ALLOC freed 59K, 13% free 14765K/16839K, paused 45ms
06-16 20:01:55.713   152   202 I dalvikvm-heap: Grow heap (frag case) to 14.593MB for 104992-byte allocation
06-16 20:01:55.717  3706  3709 D dalvikvm: GC_CONCURRENT freed 358K, 9% free 10227K/11143K, paused 2ms+2ms
06-16 20:01:55.768   152  4433 D dalvikvm: GC_FOR_ALLOC freed 1K, 13% free 14866K/16967K, paused 43ms
06-16 20:03:02.082   152   202 D dalvikvm: GC_FOR_ALLOC freed 5K, 13% free 14872K/16967K, paused 63ms
06-16 20:03:02.082   152   202 I dalvikvm-heap: Grow heap (frag case) to 14.697MB for 104992-byte allocation
06-16 20:03:02.148   152   169 D dalvikvm: GC_FOR_ALLOC freed 26K, 13% free 14948K/17095K, paused 54ms
06-16 20:03:02.214   152   202 D dalvikvm: GC_FOR_ALLOC freed 1K, 13% free 14948K/17095K, paused 53ms
06-16 20:03:02.214   152   202 I dalvikvm-heap: Grow heap (frag case) to 14.772MB for 104992-byte allocation
06-16 20:03:02.281   152   169 D dalvikvm: GC_FOR_ALLOC freed <1K, 13% free 15051K/17223K, paused 53ms
06-16 20:03:02.285   152   202 V TransportControlView: Create TCV com.android.internal.widget.TransportControlView@413a26c8
06-16 20:03:02.336   152   202 I power   : *** set_screen_state 1
06-16 20:03:02.402   152   202 I WindowManager: Lock screen displayed!
06-16 20:03:02.468  3706  3709 D dalvikvm: GC_CONCURRENT freed 352K, 8% free 10265K/11143K, paused 5ms+3ms
06-16 20:03:02.531    79   119 D SurfaceFlinger: Screen about to return, flinger = 0x1a25918
06-16 20:03:02.925  3706  3709 D dalvikvm: GC_CONCURRENT freed 367K, 8% free 10285K/11143K, paused 2ms+16ms
06-16 20:03:03.269   389   389 D PhoneStatusBar: disable: < expand icons alerts ticker system_info BACK HOME recent* CLOCK >
06-16 20:03:03.285   152   152 W InputManagerService: Window already focused, ignoring focus gain of: com.android.internal.view.IInputMethodClient$Stub$Proxy@4156e598
06-16 20:03:03.293    82   122 D AudioHardware: AudioHardware pcm playback is exiting standby.
06-16 20:03:03.293    82   122 D AudioHardware: openPcmOut_l() mPcmOpenCnt: 0
06-16 20:03:03.296   389   389 D PhoneStatusBar: disable: < expand icons alerts ticker system_info back* home* recent clock* >
06-16 20:03:03.304   486  1357 D NfcService: NFC-C ON
06-16 20:03:03.425  3706  3709 D dalvikvm: GC_CONCURRENT freed 484K, 8% free 10286K/11143K, paused 11ms+3ms
06-16 20:03:03.785  3706  3709 D dalvikvm: GC_CONCURRENT freed 409K, 8% free 10262K/11143K, paused 4ms+4ms
06-16 20:03:03.937  3706  3709 D dalvikvm: GC_CONCURRENT freed 400K, 9% free 10252K/11143K, paused 2ms+3ms
06-16 20:03:04.214  3706  3709 D dalvikvm: GC_CONCURRENT freed 437K, 9% free 10215K/11143K, paused 4ms+2ms
06-16 20:03:04.355  3706  3709 D dalvikvm: GC_CONCURRENT freed 325K, 8% free 10303K/11143K, paused 2ms+3ms
06-16 20:03:04.625  3706  3709 D dalvikvm: GC_CONCURRENT freed 405K, 8% free 10286K/11143K, paused 4ms+3ms
06-16 20:03:04.910   560   562 D dalvikvm: GC_CONCURRENT freed 382K, 10% free 10058K/11143K, paused 6ms+7ms
06-16 20:03:04.976  3706  3709 D dalvikvm: GC_CONCURRENT freed 502K, 8% free 10267K/11143K, paused 2ms+4ms
06-16 20:03:05.203  3706  3709 D dalvikvm: GC_CONCURRENT freed 409K, 9% free 10244K/11143K, paused 2ms+4ms
06-16 20:03:05.406  3706  3709 D dalvikvm: GC_CONCURRENT freed 437K, 9% free 10200K/11143K, paused 2ms+3ms
06-16 20:03:05.656  3706  3709 D dalvikvm: GC_CONCURRENT freed 381K, 9% free 10205K/11143K, paused 3ms+3ms
06-16 20:03:05.945  3706  3709 D dalvikvm: GC_CONCURRENT freed 393K, 9% free 10200K/11143K, paused 5ms+6ms
06-16 20:03:06.246  3706  3709 D dalvikvm: GC_CONCURRENT freed 358K, 9% free 10235K/11143K, paused 2ms+4ms
06-16 20:03:06.457    82   122 D AudioHardware: AudioHardware pcm playback is going to standby.
06-16 20:03:06.457    82   122 D AudioHardware: closePcmOut_l() mPcmOpenCnt: 1
06-16 20:03:06.531  3706  3709 D dalvikvm: GC_CONCURRENT freed 400K, 9% free 10220K/11143K, paused 2ms+2ms
06-16 20:03:06.789  3706  3709 D dalvikvm: GC_CONCURRENT freed 405K, 9% free 10201K/11143K, paused 3ms+3ms
06-16 20:03:06.968  3706  3709 D dalvikvm: GC_CONCURRENT freed 429K, 9% free 10249K/11143K, paused 2ms+3ms
06-16 20:03:07.125  3706  3709 D dalvikvm: GC_CONCURRENT freed 346K, 8% free 10292K/11143K, paused 2ms+4ms
06-16 20:03:07.320   152   489 I ActivityManager: START {act=android.intent.action.MAIN cat=[android.intent.category.LAUNCHER] flg=0x10200000 cmp=com.android.browser/.BrowserActivity bnds=[384,706][480,802]} from pid 1553
06-16 20:03:07.379   152   558 D dalvikvm: GC_EXPLICIT freed 953K, 17% free 14310K/17223K, paused 2ms+6ms
06-16 20:03:07.382    82   122 D AudioHardware: AudioHardware pcm playback is exiting standby.
06-16 20:03:07.382    82   122 D AudioHardware: openPcmOut_l() mPcmOpenCnt: 0
06-16 20:03:07.500   152   559 I ActivityManager: Start proc com.android.browser for activity com.android.browser/.BrowserActivity: pid=4437 uid=10003 gids={3003, 1015}
06-16 20:03:07.550  1553  1553 D OpenGLRenderer: Flushing caches (mode 1)
06-16 20:03:07.589  4437  4437 I ActivityThread: Pub com.android.browser;browser: com.android.browser.provider.BrowserProvider2
06-16 20:03:07.601  4437  4437 I ActivityThread: Pub com.android.browser.home: com.android.browser.homepages.HomeProvider
06-16 20:03:07.601  4437  4437 I ActivityThread: Pub com.android.browser.snapshots: com.android.browser.provider.SnapshotProvider
06-16 20:03:07.660  1553  1553 D OpenGLRenderer: Flushing caches (mode 0)
06-16 20:03:07.828  3706  3709 D dalvikvm: GC_CONCURRENT freed 362K, 8% free 10317K/11143K, paused 11ms+5ms
06-16 20:03:07.914  4437  4439 D dalvikvm: GC_CONCURRENT freed 230K, 4% free 9305K/9607K, paused 7ms+5ms
06-16 20:03:08.031   152   168 I Process : Sending signal. PID: 4437 SIG: 3
06-16 20:03:08.031  4437  4441 I dalvikvm: threadid=3: reacting to signal 3
06-16 20:03:08.089  4437  4441 I dalvikvm: Wrote stack traces to '/data/anr/traces.txt'
06-16 20:03:08.257  4437  4437 E libEGL  : call to OpenGL ES API with no current context (logged once per thread)
06-16 20:03:08.257  4437  4437 D ShaderProgram: couldn't load the vertex shader!
06-16 20:03:08.257  4437  4437 E libEGL  : call to OpenGL ES API with no current context (logged once per thread)
06-16 20:03:08.257  4437  4437 D ShaderProgram: couldn't load the vertex shader!
06-16 20:03:08.257  4437  4437 E libEGL  : call to OpenGL ES API with no current context (logged once per thread)
06-16 20:03:08.257  4437  4437 D ShaderProgram: couldn't load the vertex shader!
06-16 20:03:08.257  4437  4437 E libEGL  : call to OpenGL ES API with no current context (logged once per thread)
06-16 20:03:08.257  4437  4437 D ShaderProgram: couldn't load the vertex shader!
06-16 20:03:08.257  4437  4437 E libEGL  : call to OpenGL ES API with no current context (logged once per thread)
06-16 20:03:08.257  4437  4437 D ShaderProgram: couldn't load the vertex shader!
06-16 20:03:08.285  3706  3709 D dalvikvm: GC_CONCURRENT freed 507K, 9% free 10212K/11143K, paused 3ms+5ms
06-16 20:03:08.328  4437  4437 D WebViewTimersControl: onBrowserActivityResume
06-16 20:03:08.328  4437  4437 D WebViewTimersControl: Resuming webview timers, view=com.android.browser.BrowserWebView@41382718
06-16 20:03:08.328  4437  4437 W BaseUi  : mMainView is already attached to wrapper in attachTabToContentView!
06-16 20:03:08.328  4437  4437 W BaseUi  : mContainer is already attached to content in attachTabToContentView!
06-16 20:03:08.496  4437  4437 D libEGL  : loaded /system/lib/egl/libGLES_android.so
06-16 20:03:08.523   152   168 I Process : Sending signal. PID: 4437 SIG: 3
06-16 20:03:08.523  4437  4441 I dalvikvm: threadid=3: reacting to signal 3
06-16 20:03:08.562  4437  4441 I dalvikvm: Wrote stack traces to '/data/anr/traces.txt'
06-16 20:03:08.601  4437  4437 D libEGL  : loaded /vendor/lib/egl/libEGL_POWERVR_SGX540_120.so
06-16 20:03:08.617  3706  3709 D dalvikvm: GC_CONCURRENT freed 369K, 9% free 10237K/11143K, paused 3ms+2ms
06-16 20:03:08.644  4437  4439 D dalvikvm: GC_CONCURRENT freed 130K, 3% free 9644K/9863K, paused 16ms+4ms
06-16 20:03:08.656  4437  4437 D libEGL  : loaded /vendor/lib/egl/libGLESv1_CM_POWERVR_SGX540_120.so
06-16 20:03:08.660  4437  4437 D libEGL  : loaded /vendor/lib/egl/libGLESv2_POWERVR_SGX540_120.so
06-16 20:03:08.859  4437  4437 D OpenGLRenderer: Enabling debug mode 0
06-16 20:03:09.007   152   201 I ActivityManager: Displayed com.android.browser/.BrowserActivity: +1s539ms
06-16 20:03:09.191  3706  3709 D dalvikvm: GC_CONCURRENT freed 421K, 8% free 10284K/11143K, paused 117ms+3ms
06-16 20:03:09.250  4437  4437 D dalvikvm: GC_FOR_ALLOC freed 39K, 3% free 9825K/10055K, paused 16ms
06-16 20:03:09.250  4437  4437 I dalvikvm-heap: Grow heap (frag case) to 10.290MB for 656656-byte allocation
06-16 20:03:09.277  4437  4460 D dalvikvm: GC_FOR_ALLOC freed 5K, 3% free 10461K/10759K, paused 16ms
06-16 20:03:09.347  4437  4439 D dalvikvm: GC_CONCURRENT freed 3K, 3% free 10470K/10759K, paused 2ms+2ms
06-16 20:03:10.472    82   122 D AudioHardware: AudioHardware pcm playback is going to standby.
06-16 20:03:10.472    82   122 D AudioHardware: closePcmOut_l() mPcmOpenCnt: 1
06-16 20:03:11.910    82   122 D AudioHardware: AudioHardware pcm playback is exiting standby.
06-16 20:03:11.910    82   122 D AudioHardware: openPcmOut_l() mPcmOpenCnt: 0
06-16 20:03:12.453   724   777 D androidNetworkLocationListeners: Still have listener com.google.android.location.internal.client.NetworkLocationClient$1@4137adc8
06-16 20:03:12.613   724   777 D androidNetworkLocationListeners: Still have listener com.google.android.location.internal.client.NetworkLocationClient$1@4137adc8
06-16 20:03:12.660   724  1515 D dalvikvm: GC_EXPLICIT freed 266K, 12% free 10705K/12103K, paused 66ms+4ms
06-16 20:03:12.668   724  1515 D WifiLocator: Too many no-location APs. Will not compute a location nor go to the server. hasLocation=0 noLocation=0 cacheMiss=0
06-16 20:03:12.796  3706  3709 D dalvikvm: GC_CONCURRENT freed 418K, 8% free 10254K/11143K, paused 2ms+4ms
06-16 20:03:12.972  4437  4463 D dalvikvm: GC_FOR_ALLOC freed 298K, 4% free 10580K/10951K, paused 19ms
06-16 20:03:13.027  3706  3709 D dalvikvm: GC_CONCURRENT freed 404K, 9% free 10242K/11143K, paused 3ms+3ms
06-16 20:03:13.191  3706  3709 D dalvikvm: GC_CONCURRENT freed 393K, 9% free 10236K/11143K, paused 2ms+3ms
06-16 20:03:13.398  3706  3709 D dalvikvm: GC_CONCURRENT freed 444K, 9% free 10190K/11143K, paused 2ms+4ms
06-16 20:03:13.574  3706  3709 D dalvikvm: GC_CONCURRENT freed 368K, 9% free 10207K/11143K, paused 2ms+3ms
06-16 20:03:13.765  3706  3709 D dalvikvm: GC_CONCURRENT freed 419K, 9% free 10204K/11143K, paused 21ms+3ms
06-16 20:03:13.925  3706  3709 D dalvikvm: GC_CONCURRENT freed 384K, 9% free 10209K/11143K, paused 1ms+3ms
06-16 20:03:14.086  3706  3709 D dalvikvm: GC_CONCURRENT freed 366K, 9% free 10229K/11143K, paused 2ms+8ms
06-16 20:03:14.668  3706  3709 D dalvikvm: GC_CONCURRENT freed 385K, 9% free 10230K/11143K, paused 2ms+3ms
06-16 20:03:15.027  3706  3709 D dalvikvm: GC_CONCURRENT freed 401K, 9% free 10216K/11143K, paused 2ms+2ms
06-16 20:03:15.285  3706  3709 D dalvikvm: GC_CONCURRENT freed 383K, 9% free 10219K/11143K, paused 2ms+4ms
06-16 20:03:15.316  4437  4437 D dalvikvm: GC_FOR_ALLOC freed 203K, 4% free 10769K/11143K, paused 21ms
06-16 20:03:15.421  3706  3709 D dalvikvm: GC_CONCURRENT freed 362K, 8% free 10307K/11143K, paused 2ms+3ms
06-16 20:03:15.781  3706  3709 D dalvikvm: GC_CONCURRENT freed 399K, 8% free 10297K/11143K, paused 2ms+7ms
06-16 20:03:15.984  3706  3709 D dalvikvm: GC_CONCURRENT freed 468K, 9% free 10215K/11143K, paused 2ms+3ms
06-16 20:03:16.109  3706  3709 D dalvikvm: GC_CONCURRENT freed 280K, 7% free 10429K/11143K, paused 2ms+2ms
06-16 20:03:16.347  3706  3709 D dalvikvm: GC_CONCURRENT freed 491K, 8% free 10323K/11143K, paused 2ms+3ms
06-16 20:03:16.867  3706  3709 D dalvikvm: GC_CONCURRENT freed 350K, 8% free 10360K/11143K, paused 2ms+3ms
06-16 20:03:17.101  3706  3709 D dalvikvm: GC_CONCURRENT freed 537K, 9% free 10208K/11143K, paused 2ms+3ms
06-16 20:03:17.281  3706  3709 D dalvikvm: GC_CONCURRENT freed 413K, 9% free 10197K/11143K, paused 2ms+3ms
06-16 20:03:17.437  3706  3709 D dalvikvm: GC_CONCURRENT freed 377K, 8% free 10291K/11143K, paused 2ms+6ms
06-16 20:03:17.640  3706  3709 D dalvikvm: GC_CONCURRENT freed 419K, 8% free 10262K/11143K, paused 2ms+2ms
06-16 20:03:17.828  3706  3709 D dalvikvm: GC_CONCURRENT freed 428K, 9% free 10220K/11143K, paused 2ms+3ms
06-16 20:03:17.921  3706  3709 D dalvikvm: GC_CONCURRENT freed 340K, 8% free 10267K/11143K, paused 2ms+3ms
06-16 20:03:18.199  3706  3709 D dalvikvm: GC_CONCURRENT freed 370K, 8% free 10283K/11143K, paused 2ms+3ms
06-16 20:03:18.367  3706  3709 D dalvikvm: GC_CONCURRENT freed 463K, 9% free 10207K/11143K, paused 2ms+3ms
06-16 20:03:18.535  3706  3709 D dalvikvm: GC_CONCURRENT freed 380K, 9% free 10214K/11143K, paused 2ms+3ms
06-16 20:03:18.711  3706  3709 D dalvikvm: GC_CONCURRENT freed 362K, 9% free 10239K/11143K, paused 2ms+2ms
06-16 20:03:18.875  3706  3709 D dalvikvm: GC_CONCURRENT freed 388K, 8% free 10285K/11143K, paused 2ms+3ms
06-16 20:03:19.148  3706  3709 D dalvikvm: GC_CONCURRENT freed 392K, 8% free 10279K/11143K, paused 2ms+3ms
06-16 20:03:19.285  3706  3709 D dalvikvm: GC_CONCURRENT freed 419K, 9% free 10247K/11143K, paused 3ms+4ms
06-16 20:03:19.433    82   122 D AudioHardware: AudioHardware pcm playback is going to standby.
06-16 20:03:19.433    82   122 D AudioHardware: closePcmOut_l() mPcmOpenCnt: 1
06-16 20:03:19.507  3706  3709 D dalvikvm: GC_CONCURRENT freed 362K, 8% free 10274K/11143K, paused 2ms+3ms
06-16 20:03:19.675  3706  3709 D dalvikvm: GC_CONCURRENT freed 443K, 9% free 10219K/11143K, paused 2ms+3ms
06-16 20:03:19.847  3706  3709 D dalvikvm: GC_CONCURRENT freed 386K, 9% free 10220K/11143K, paused 2ms+3ms
06-16 20:03:19.996  3706  3709 D dalvikvm: GC_CONCURRENT freed 348K, 8% free 10335K/11143K, paused 1ms+3ms
06-16 20:03:20.254  3706  3709 D dalvikvm: GC_CONCURRENT freed 450K, 8% free 10276K/11143K, paused 2ms+2ms
06-16 20:03:20.511  3706  3709 D dalvikvm: GC_CONCURRENT freed 385K, 8% free 10277K/11143K, paused 1ms+3ms
06-16 20:03:20.629  3706  3709 D dalvikvm: GC_CONCURRENT freed 422K, 9% free 10239K/11143K, paused 2ms+2ms
06-16 20:03:20.812  3706  3709 D dalvikvm: GC_CONCURRENT freed 466K, 9% free 10248K/11143K, paused 3ms+3ms
06-16 20:03:20.839  3706  4430 D dalvikvm: GC_FOR_ALLOC freed 192K, 7% free 10390K/11143K, paused 20ms
06-16 20:03:21.011  3706  3709 D dalvikvm: GC_CONCURRENT freed 413K, 7% free 10364K/11143K, paused 2ms+3ms
06-16 20:03:21.269  3706  3709 D dalvikvm: GC_CONCURRENT freed 369K, 7% free 10384K/11143K, paused 2ms+3ms
06-16 20:03:21.535  3706  3709 D dalvikvm: GC_CONCURRENT freed 362K, 7% free 10411K/11143K, paused 2ms+3ms
06-16 20:03:21.722  3706  3709 D dalvikvm: GC_CONCURRENT freed 580K, 9% free 10229K/11143K, paused 2ms+3ms
06-16 20:03:21.886  3706  3709 D dalvikvm: GC_CONCURRENT freed 418K, 9% free 10210K/11143K, paused 2ms+3ms
06-16 20:03:22.058  3706  3709 D dalvikvm: GC_CONCURRENT freed 403K, 9% free 10215K/11143K, paused 2ms+2ms
06-16 20:03:22.191  3706  3709 D dalvikvm: GC_CONCURRENT freed 359K, 9% free 10241K/11143K, paused 2ms+3ms
06-16 20:03:22.418  3706  3709 D dalvikvm: GC_CONCURRENT freed 353K, 8% free 10278K/11143K, paused 2ms+2ms
06-16 20:03:22.570  3706  3709 D dalvikvm: GC_CONCURRENT freed 444K, 9% free 10223K/11143K, paused 2ms+3ms
06-16 20:03:22.722  3706  3709 D dalvikvm: GC_CONCURRENT freed 367K, 8% free 10254K/11143K, paused 2ms+2ms
06-16 20:03:22.925  3706  3709 D dalvikvm: GC_CONCURRENT freed 446K, 9% free 10206K/11143K, paused 2ms+3ms
06-16 20:03:23.066  3706  3709 D dalvikvm: GC_CONCURRENT freed 332K, 8% free 10262K/11143K, paused 2ms+3ms
06-16 20:03:23.257  3706  3709 D dalvikvm: GC_CONCURRENT freed 444K, 9% free 10243K/11143K, paused 2ms+3ms
06-16 20:03:23.441  3706  3709 D dalvikvm: GC_CONCURRENT freed 389K, 8% free 10301K/11143K, paused 2ms+4ms
06-16 20:03:23.636  3706  3709 D dalvikvm: GC_CONCURRENT freed 408K, 8% free 10280K/11143K, paused 3ms+2ms
06-16 20:03:23.808  3706  3709 D dalvikvm: GC_CONCURRENT freed 421K, 8% free 10295K/11143K, paused 2ms+3ms
06-16 20:03:24.011  3706  3709 D dalvikvm: GC_CONCURRENT freed 421K, 8% free 10261K/11143K, paused 2ms+3ms
06-16 20:03:24.144  3706  3709 D dalvikvm: GC_CONCURRENT freed 415K, 9% free 10232K/11143K, paused 6ms+3ms
06-16 20:03:24.375  3706  3709 D dalvikvm: GC_CONCURRENT freed 457K, 9% free 10219K/11143K, paused 2ms+3ms
06-16 20:03:24.570  3706  3709 D dalvikvm: GC_CONCURRENT freed 419K, 9% free 10233K/11143K, paused 2ms+3ms
06-16 20:03:24.605  3342  3355 I PhoneLab-: Service Running
06-16 20:03:24.691  3342  3355 I PhoneLab-LoggerService: app_37    1263  1     1764   1320  c00f181c 400107b4 S logcat
06-16 20:03:24.691  3342  3355 I PhoneLab-LoggerService: Logcat pid from database 1263
06-16 20:03:24.691  3342  3355 I PhoneLab-LoggerService: Logcat process found 1263
06-16 20:03:24.691  3342  3355 I PhoneLab-LoggerService: Checking Threshold
06-16 20:03:24.691  3342  3355 I PhoneLab-LoggerService: Starting to rename files
06-16 20:03:24.695  3342  3355 I PhoneLab-LoggerService: Files found .. 2
06-16 20:03:24.695  3342  3355 I PhoneLab-: Service Running
06-16 20:03:24.726  3342  3355 I PhoneLab-LoggerService: app_37    1263  1     1764   1320  c00f181c 400107b4 S logcat
06-16 20:03:24.726  3342  3355 I PhoneLab-LoggerService: Logcat pid from database 1263
06-16 20:03:24.726  3342  3355 I PhoneLab-LoggerService: Logcat process found 1263
06-16 20:03:24.726  3342  3355 I PhoneLab-LoggerService: Checking Threshold
06-16 20:03:24.726  3342  3355 I PhoneLab-LoggerService: Starting to rename files
06-16 20:03:24.726  3342  3355 I PhoneLab-LoggerService: Files found .. 2
06-16 20:03:24.730  3342  3355 I PhoneLab-: Service Running
06-16 20:03:24.757  3342  3355 I PhoneLab-LoggerService: app_37    1263  1     1764   1320  c00f181c 400107b4 S logcat
06-16 20:03:24.757  3342  3355 I PhoneLab-LoggerService: Logcat pid from database 1263
06-16 20:03:24.757  3342  3355 I PhoneLab-LoggerService: Logcat process found 1263
06-16 20:03:24.757  3342  3355 I PhoneLab-LoggerService: Checking Threshold
06-16 20:03:24.757  3342  3355 I PhoneLab-LoggerService: Starting to rename files
06-16 20:03:24.761  3342  3355 I PhoneLab-LoggerService: Files found .. 2
06-16 20:03:24.761  3342  3355 I PhoneLab-: Service Running
06-16 20:03:24.793  3342  3355 I PhoneLab-LoggerService: app_37    1263  1     1764   1320  c00f181c 400107b4 S logcat
06-16 20:03:24.793  3342  3355 I PhoneLab-LoggerService: Logcat pid from database 1263
06-16 20:03:24.793  3342  3355 I PhoneLab-LoggerService: Logcat process found 1263
06-16 20:03:24.793  3342  3355 I PhoneLab-LoggerService: Checking Threshold
06-16 20:03:24.793  3342  3355 I PhoneLab-LoggerService: Starting to rename files
06-16 20:03:24.793  3342  3355 I PhoneLab-LoggerService: Files found .. 2
06-16 20:03:24.918  3706  3709 D dalvikvm: GC_CONCURRENT freed 388K, 9% free 10232K/11143K, paused 2ms+6ms
06-16 20:03:25.148  3706  3709 D dalvikvm: GC_CONCURRENT freed 428K, 9% free 10192K/11143K, paused 2ms+3ms
06-16 20:03:25.304  3706  3709 D dalvikvm: GC_CONCURRENT freed 369K, 8% free 10282K/11143K, paused 2ms+2ms
06-16 20:03:25.519  3706  3709 D dalvikvm: GC_CONCURRENT freed 434K, 8% free 10253K/11143K, paused 2ms+3ms
06-16 20:03:25.652  3706  3709 D dalvikvm: GC_CONCURRENT freed 398K, 9% free 10244K/11143K, paused 1ms+2ms
06-16 20:03:25.820  3706  3709 D dalvikvm: GC_CONCURRENT freed 416K, 8% free 10260K/11143K, paused 1ms+3ms
06-16 20:03:26.043  3706  3709 D dalvikvm: GC_CONCURRENT freed 392K, 8% free 10268K/11143K, paused 2ms+3ms
06-16 20:03:26.093   152   206 I ActivityManager: START {act=android.intent.action.MAIN cat=[android.intent.category.HOME] flg=0x10200000 cmp=com.android.launcher/com.android.launcher2.Launcher} from pid 152
06-16 20:03:26.125  4437  4437 D WebViewTimersControl: onBrowserActivityPause
06-16 20:03:26.125  4437  4437 D WebViewTimersControl: Pausing webview timers, view=com.android.browser.BrowserWebView@41382718
06-16 20:03:26.203  4437  4437 D OpenGLRenderer: Flushing caches (mode 0)
06-16 20:03:26.234   724   777 D androidNetworkLocationListeners: Still have listener com.google.android.location.internal.client.NetworkLocationClient$1@4137adc8
06-16 20:03:26.242   724  1515 D WifiLocator: Too many no-location APs. Will not compute a location nor go to the server. hasLocation=0 noLocation=0 cacheMiss=0
06-16 20:03:26.254   152  1041 W InputManagerService: Starting input on non-focused client com.android.internal.view.IInputMethodClient$Stub$Proxy@4155a0f8 (uid=10003 pid=4437)
06-16 20:03:26.261  4437  4437 D OpenGLRenderer: Flushing caches (mode 1)
06-16 20:03:26.453  3706  3709 D dalvikvm: GC_CONCURRENT freed 475K, 9% free 10206K/11143K, paused 2ms+3ms
06-16 20:03:26.644  3706  3709 D dalvikvm: GC_CONCURRENT freed 347K, 9% free 10246K/11143K, paused 2ms+4ms
06-16 20:03:27.058  3706  3709 D dalvikvm: GC_CONCURRENT freed 441K, 9% free 10191K/11143K, paused 3ms+4ms
06-16 20:03:27.289  3706  3709 D dalvikvm: GC_CONCURRENT freed 332K, 9% free 10246K/11143K, paused 5ms+4ms
06-16 20:03:27.480    82   122 D AudioHardware: AudioHardware pcm playback is exiting standby.
06-16 20:03:27.480    82   122 D AudioHardware: openPcmOut_l() mPcmOpenCnt: 0
06-16 20:03:27.609  1553  1555 D dalvikvm: GC_CONCURRENT freed 4045K, 40% free 11945K/19783K, paused 2ms+9ms
06-16 20:03:27.750  1553  3139 D dalvikvm: GC_FOR_ALLOC freed 500K, 40% free 12000K/19783K, paused 31ms
06-16 20:03:27.871  1553  1555 D dalvikvm: GC_CONCURRENT freed 26K, 35% free 12905K/19783K, paused 3ms+12ms
06-16 20:03:28.000  1553  1555 D dalvikvm: GC_CONCURRENT freed 2K, 29% free 14160K/19783K, paused 6ms+8ms
06-16 20:03:28.148  1553  1579 D dalvikvm: GC_FOR_ALLOC freed 2308K, 37% free 12612K/19783K, paused 23ms
06-16 20:03:28.148  1553  1579 I dalvikvm-heap: Grow heap (frag case) to 13.611MB for 1286224-byte allocation
06-16 20:03:28.187  1553  3139 D dalvikvm: GC_FOR_ALLOC freed 2K, 30% free 13865K/19783K, paused 23ms
06-16 20:03:28.285  3706  3709 D dalvikvm: GC_CONCURRENT freed 399K, 8% free 10265K/11143K, paused 35ms+120ms
06-16 20:03:28.316  1553  1555 D dalvikvm: GC_CONCURRENT freed 505K, 32% free 13630K/19783K, paused 3ms+5ms
06-16 20:03:28.562  1553  1577 D dalvikvm: GC_FOR_ALLOC freed 1895K, 38% free 12374K/19783K, paused 26ms
06-16 20:03:28.726  1553  1555 D dalvikvm: GC_CONCURRENT freed 63K, 33% free 13417K/19783K, paused 3ms+6ms
06-16 20:03:28.816  1553  1578 D dalvikvm: GC_FOR_ALLOC freed 1066K, 34% free 13161K/19783K, paused 25ms
06-16 20:03:28.910  1553  1555 D dalvikvm: GC_CONCURRENT freed 186K, 28% free 14272K/19783K, paused 2ms+11ms
06-16 20:03:29.039  1553  3139 D dalvikvm: GC_FOR_ALLOC freed 250K, 25% free 14936K/19783K, paused 25ms
06-16 20:03:29.175  1553  1578 D dalvikvm: GC_FOR_ALLOC freed 3161K, 33% free 13391K/19783K, paused 27ms
06-16 20:03:29.218  1553  3139 D dalvikvm: GC_FOR_ALLOC freed 26K, 27% free 14626K/19783K, paused 21ms
06-16 20:03:29.363  1553  1567 D dalvikvm: GC_FOR_ALLOC freed 2578K, 33% free 13438K/19783K, paused 21ms
06-16 20:03:29.429  1553  1555 D dalvikvm: GC_CONCURRENT freed 584K, 28% free 14303K/19783K, paused 1ms+4ms
06-16 20:03:29.605  3706  3709 D dalvikvm: GC_CONCURRENT freed 376K, 8% free 10276K/11143K, paused 2ms+2ms
06-16 20:03:29.769  3706  3709 D dalvikvm: GC_CONCURRENT freed 461K, 9% free 10237K/11143K, paused 2ms+3ms
06-16 20:03:29.918  3706  3709 D dalvikvm: GC_CONCURRENT freed 384K, 8% free 10266K/11143K, paused 1ms+4ms
06-16 20:03:30.152  3706  3709 D dalvikvm: GC_CONCURRENT freed 374K, 8% free 10278K/11143K, paused 2ms+3ms
06-16 20:03:30.336  3706  3709 D dalvikvm: GC_CONCURRENT freed 456K, 9% free 10221K/11143K, paused 2ms+3ms
06-16 20:03:30.492  3706  3709 D dalvikvm: GC_CONCURRENT freed 367K, 9% free 10244K/11143K, paused 2ms+3ms
06-16 20:03:30.570    82   122 D AudioHardware: AudioHardware pcm playback is going to standby.
06-16 20:03:30.570    82   122 D AudioHardware: closePcmOut_l() mPcmOpenCnt: 1
06-16 20:03:30.668  3706  3709 D dalvikvm: GC_CONCURRENT freed 434K, 9% free 10196K/11143K, paused 1ms+2ms
06-16 20:03:30.816  3706  3709 D dalvikvm: GC_CONCURRENT freed 332K, 9% free 10249K/11143K, paused 2ms+2ms
06-16 20:03:30.988  3706  3709 D dalvikvm: GC_CONCURRENT freed 471K, 8% free 10278K/11143K, paused 2ms+2ms
06-16 20:03:31.156  3706  3709 D dalvikvm: GC_CONCURRENT freed 380K, 8% free 10284K/11143K, paused 2ms+2ms
06-16 20:03:31.367   152   163 I ActivityManager: START {act=android.intent.action.MAIN cat=[android.intent.category.APP_MARKET] flg=0x10000000 cmp=com.android.vending/.AssetBrowserActivity} from pid 1553
06-16 20:03:31.379  3706  3709 D dalvikvm: GC_CONCURRENT freed 484K, 9% free 10192K/11143K, paused 2ms+3ms
06-16 20:03:31.382    82   122 D AudioHardware: AudioHardware pcm playback is exiting standby.
06-16 20:03:31.382    82   122 D AudioHardware: openPcmOut_l() mPcmOpenCnt: 0
06-16 20:03:31.543   152   489 I ActivityManager: Start proc com.android.vending for activity com.android.vending/.AssetBrowserActivity: pid=4491 uid=10047 gids={3003, 1015}
06-16 20:03:31.652  1553  1553 D OpenGLRenderer: Flushing caches (mode 1)
06-16 20:03:31.699  1553  1553 D OpenGLRenderer: Flushing caches (mode 0)
06-16 20:03:31.730  4491  4491 I ActivityThread: Pub com.google.android.finsky.QSBSuggestionsProvider: com.google.android.finsky.providers.QSBSuggestionsProvider
06-16 20:03:31.750  4491  4491 I ActivityThread: Pub com.google.android.finsky.AppIconProvider: com.google.android.finsky.providers.AppIconProvider
06-16 20:03:31.754  4491  4491 I ActivityThread: Pub com.google.android.finsky.RecentSuggestionsProvider: com.google.android.finsky.providers.RecentSuggestionsProvider
06-16 20:03:31.925  4491  4493 D dalvikvm: GC_CONCURRENT freed 240K, 4% free 9291K/9607K, paused 2ms+4ms
06-16 20:03:32.043  4491  4491 D Finsky  : [1] DailyHygiene.goMakeHygieneIfDirty: No need to run daily hygiene.
06-16 20:03:32.070   152   168 I Process : Sending signal. PID: 4491 SIG: 3
06-16 20:03:32.070  4491  4496 I dalvikvm: threadid=3: reacting to signal 3
06-16 20:03:32.121  4491  4496 I dalvikvm: Wrote stack traces to '/data/anr/traces.txt'
06-16 20:03:32.140  4491  4493 D dalvikvm: GC_CONCURRENT freed 375K, 5% free 9410K/9863K, paused 2ms+2ms
06-16 20:03:32.355  4491  4493 D dalvikvm: GC_CONCURRENT freed 397K, 5% free 9590K/10055K, paused 3ms+3ms
06-16 20:03:32.402  3706  3709 D dalvikvm: GC_CONCURRENT freed 334K, 9% free 10248K/11143K, paused 30ms+80ms
06-16 20:03:32.504  4491  4493 D dalvikvm: GC_CONCURRENT freed 251K, 4% free 9828K/10183K, paused 3ms+4ms
06-16 20:03:32.570   152   168 I Process : Sending signal. PID: 4491 SIG: 3
06-16 20:03:32.570  4491  4496 I dalvikvm: threadid=3: reacting to signal 3
06-16 20:03:32.597  4491  4496 I dalvikvm: Wrote stack traces to '/data/anr/traces.txt'
06-16 20:03:32.687  4491  4493 D dalvikvm: GC_CONCURRENT freed 126K, 3% free 10211K/10439K, paused 3ms+3ms
06-16 20:03:32.738  4491  4491 D Finsky  : [1] DetailsDataBasedFragment.rebindViews: Page [class=DetailsFragment] loaded in [484 ms] (partial? false)
06-16 20:03:32.882  4491  4493 D dalvikvm: GC_CONCURRENT freed 358K, 4% free 10394K/10823K, paused 2ms+5ms
06-16 20:03:32.988  3706  3706 D OpenGLRenderer: Flushing caches (mode 1)
06-16 20:03:33.000  4437  4437 D OpenGLRenderer: Flushing caches (mode 1)
06-16 20:03:33.070   152   168 I Process : Sending signal. PID: 4491 SIG: 3
06-16 20:03:33.070  4491  4496 I dalvikvm: threadid=3: reacting to signal 3
06-16 20:03:33.074  1380  1380 D OpenGLRenderer: Flushing caches (mode 1)
06-16 20:03:33.089  4491  4496 I dalvikvm: Wrote stack traces to '/data/anr/traces.txt'
06-16 20:03:33.109  4491  4493 D dalvikvm: GC_CONCURRENT freed 309K, 4% free 10634K/11015K, paused 2ms+4ms
06-16 20:03:33.191  4491  4491 D Finsky  : [1] DetailsDataBasedFragment.rebindViews: Page [class=DetailsFragment] loaded in [937 ms] (partial? true)
06-16 20:03:33.242  4437  4437 D OpenGLRenderer: Flushing caches (mode 1)
06-16 20:03:33.242  3706  3706 D OpenGLRenderer: Flushing caches (mode 1)
06-16 20:03:33.257  4491  4493 D dalvikvm: GC_CONCURRENT freed 354K, 4% free 10846K/11271K, paused 1ms+4ms
06-16 20:03:33.265  4491  4491 D Finsky  : [1] 1.onPostExecute: Attempt recovery of content://downloads/my_downloads/1 200
06-16 20:03:33.265  4491  4491 D Finsky  : [1] 1.onPostExecute: Releasing content://downloads/my_downloads/1 200
06-16 20:03:33.293  1380  1380 D OpenGLRenderer: Flushing caches (mode 1)
06-16 20:03:33.332  4491  4511 D dalvikvm: GC_FOR_ALLOC freed 134K, 4% free 11062K/11463K, paused 28ms
06-16 20:03:33.398  4491  4511 D dalvikvm: GC_FOR_ALLOC freed 57K, 4% free 11406K/11847K, paused 25ms
06-16 20:03:33.488  4491  4491 D libEGL  : loaded /system/lib/egl/libGLES_android.so
06-16 20:03:33.492  4491  4491 D libEGL  : loaded /vendor/lib/egl/libEGL_POWERVR_SGX540_120.so
06-16 20:03:33.496  4491  4491 D libEGL  : loaded /vendor/lib/egl/libGLESv1_CM_POWERVR_SGX540_120.so
06-16 20:03:33.500  4491  4491 D libEGL  : loaded /vendor/lib/egl/libGLESv2_POWERVR_SGX540_120.so
06-16 20:03:33.546  4491  4491 D OpenGLRenderer: Enabling debug mode 0
06-16 20:03:33.562  4491  4491 D Finsky  : [1] DownloadImpl.setState: self-update-download from null to UNQUEUED.
06-16 20:03:33.562  4491  4491 D Finsky  : [1] DownloadQueueImpl.add: Download self-update-download added to DownloadQueue
06-16 20:03:33.562  4491  4491 D Finsky  : [1] DownloadImpl.setState: self-update-download from UNQUEUED to QUEUED.
06-16 20:03:33.570   152   168 I Process : Sending signal. PID: 4491 SIG: 3
06-16 20:03:33.570  4491  4496 I dalvikvm: threadid=3: reacting to signal 3
06-16 20:03:33.574    84    84 I installd: free_cache(0) avail 957145088
06-16 20:03:33.601  4491  4496 I dalvikvm: Wrote stack traces to '/data/anr/traces.txt'
06-16 20:03:33.703  4491  4493 D dalvikvm: GC_CONCURRENT freed 227K, 3% free 11966K/12295K, paused 2ms+4ms
06-16 20:03:33.793  4491  4491 D Finsky  : [1] 2.run: Loaded library for account: [IbGkTYR9rtNnJO6ZCz6nt8keDY8]
06-16 20:03:33.804  4491  4491 D Finsky  : [1] 2.run: Loaded library for account: [S-B5rchX7JuujL15dbfR13irF50]
06-16 20:03:33.804  4491  4491 D Finsky  : [1] 2.run: Finished loading 2 libraries.
06-16 20:03:33.836   152  1040 W InputManagerService: Starting input on non-focused client com.android.internal.view.IInputMethodClient$Stub$Proxy@41577e98 (uid=10026 pid=1553)
06-16 20:03:34.062   152   201 I ActivityManager: Displayed com.android.vending/.AssetBrowserActivity: +2s635ms
06-16 20:03:34.074  4491  4491 D Finsky  : [1] DownloadQueueImpl.startDownload: Download self-update-download starting
06-16 20:03:34.375  4491  4493 D dalvikvm: GC_CONCURRENT freed 564K, 5% free 12428K/13063K, paused 11ms+5ms
06-16 20:03:34.433  3706  3709 D dalvikvm: GC_CONCURRENT freed 444K, 9% free 10210K/11143K, paused 4ms+17ms
06-16 20:03:34.476    82   122 D AudioHardware: AudioHardware pcm playback is going to standby.
06-16 20:03:34.476    82   122 D AudioHardware: closePcmOut_l() mPcmOpenCnt: 1
06-16 20:03:34.496  4491  4491 D Finsky  : [1] DownloadImpl.setState: self-update-download from QUEUED to DOWNLOADING.
06-16 20:03:34.500  4491  4491 D Finsky  : [1] DownloadQueueImpl.notifyProgress: self-update-download: onProgress 0/-1 Status: 190.
06-16 20:03:34.543  4491  4491 D Finsky  : [1] DownloadQueueImpl.notifyProgress: self-update-download: onProgress 0/-1 Status: 192.
06-16 20:03:34.632  4491  4491 D Finsky  : [1] DownloadQueueImpl.onStart: self-update-download: onStart
06-16 20:03:34.648  4491  4491 D Finsky  : [1] MainActivity.initializeBilling: Optimistically initializing billing parameters.
06-16 20:03:34.687  3319  4531 I DownloadManager: Initiating request for download 49
06-16 20:03:34.957  3706  3709 D dalvikvm: GC_CONCURRENT freed 372K, 9% free 10222K/11143K, paused 2ms+3ms
06-16 20:03:35.125  3706  3709 D dalvikvm: GC_CONCURRENT freed 410K, 9% free 10202K/11143K, paused 2ms+3ms
06-16 20:03:35.293  3706  3709 D dalvikvm: GC_CONCURRENT freed 366K, 9% free 10224K/11143K, paused 2ms+3ms
06-16 20:03:35.437  3706  3709 D dalvikvm: GC_CONCURRENT freed 355K, 8% free 10256K/11143K, paused 2ms+3ms
06-16 20:03:35.625  3706  3709 D dalvikvm: GC_CONCURRENT freed 440K, 8% free 10284K/11143K, paused 2ms+3ms
06-16 20:03:35.836  3706  3709 D dalvikvm: GC_CONCURRENT freed 406K, 8% free 10267K/11143K, paused 1ms+2ms
06-16 20:03:36.046  3706  3709 D dalvikvm: GC_CONCURRENT freed 446K, 9% free 10212K/11143K, paused 2ms+3ms
06-16 20:03:36.250  3706  3709 D dalvikvm: GC_CONCURRENT freed 417K, 9% free 10188K/11143K, paused 2ms+2ms
06-16 20:03:36.336  3319  3321 D dalvikvm: GC_CONCURRENT freed 424K, 6% free 9370K/9927K, paused 2ms+3ms
06-16 20:03:36.468  3706  3709 D dalvikvm: GC_CONCURRENT freed 351K, 9% free 10231K/11143K, paused 1ms+2ms
06-16 20:03:36.625  3706  3709 D dalvikvm: GC_CONCURRENT freed 454K, 8% free 10262K/11143K, paused 2ms+3ms
06-16 20:03:36.886  3706  3709 D dalvikvm: GC_CONCURRENT freed 469K, 9% free 10199K/11143K, paused 3ms+3ms
06-16 20:03:37.066  3706  3709 D dalvikvm: GC_CONCURRENT freed 360K, 9% free 10226K/11143K, paused 2ms+3ms
06-16 20:03:37.250  3706  3709 D dalvikvm: GC_CONCURRENT freed 424K, 9% free 10212K/11143K, paused 2ms+3ms
06-16 20:03:37.433  3706  3709 D dalvikvm: GC_CONCURRENT freed 417K, 9% free 10202K/11143K, paused 2ms+3ms
06-16 20:03:37.609  3706  3709 D dalvikvm: GC_CONCURRENT freed 356K, 9% free 10234K/11143K, paused 2ms+4ms
06-16 20:03:37.800  3706  3709 D dalvikvm: GC_CONCURRENT freed 446K, 9% free 10196K/11143K, paused 2ms+3ms
06-16 20:03:37.980  3706  3709 D dalvikvm: GC_CONCURRENT freed 351K, 9% free 10230K/11143K, paused 2ms+2ms
06-16 20:03:38.140  3706  3709 D dalvikvm: GC_CONCURRENT freed 416K, 8% free 10259K/11143K, paused 2ms+3ms
06-16 20:03:38.351  3706  3709 D dalvikvm: GC_CONCURRENT freed 407K, 8% free 10302K/11143K, paused 2ms+4ms
06-16 20:03:38.535  3706  3709 D dalvikvm: GC_CONCURRENT freed 511K, 9% free 10223K/11143K, paused 3ms+3ms
06-16 20:03:38.718  3706  3709 D dalvikvm: GC_CONCURRENT freed 383K, 9% free 10226K/11143K, paused 1ms+2ms
06-16 20:03:38.937  3706  3709 D dalvikvm: GC_CONCURRENT freed 424K, 9% free 10192K/11143K, paused 2ms+4ms
06-16 20:03:39.105  3706  3709 D dalvikvm: GC_CONCURRENT freed 312K, 7% free 10379K/11143K, paused 2ms+3ms
06-16 20:03:39.300  3706  3709 D dalvikvm: GC_CONCURRENT freed 473K, 8% free 10293K/11143K, paused 2ms+2ms
06-16 20:03:39.539  3706  3709 D dalvikvm: GC_CONCURRENT freed 354K, 8% free 10331K/11143K, paused 4ms+3ms
06-16 20:03:39.691  3706  3709 D dalvikvm: GC_CONCURRENT freed 468K, 9% free 10249K/11143K, paused 1ms+2ms
06-16 20:03:39.879  3706  3709 D dalvikvm: GC_CONCURRENT freed 415K, 9% free 10229K/11143K, paused 1ms+3ms
06-16 20:03:40.046  3706  3709 D dalvikvm: GC_CONCURRENT freed 406K, 9% free 10210K/11143K, paused 2ms+3ms
06-16 20:03:40.218  3706  3709 D dalvikvm: GC_CONCURRENT freed 410K, 8% free 10286K/11143K, paused 2ms+3ms
06-16 20:03:40.425  3706  3709 D dalvikvm: GC_CONCURRENT freed 417K, 8% free 10258K/11143K, paused 1ms+2ms
06-16 20:03:40.621  3706  3709 D dalvikvm: GC_CONCURRENT freed 419K, 9% free 10229K/11143K, paused 2ms+4ms
06-16 20:03:40.769  3706  3709 D dalvikvm: GC_CONCURRENT freed 365K, 9% free 10249K/11143K, paused 2ms+2ms
06-16 20:03:41.062  3706  3709 D dalvikvm: GC_CONCURRENT freed 380K, 8% free 10326K/11143K, paused 2ms+3ms
06-16 20:03:41.160  3706  3709 D dalvikvm: GC_CONCURRENT freed 430K, 8% free 10284K/11143K, paused 2ms+3ms
06-16 20:03:41.254    82   122 D AudioHardware: AudioHardware pcm playback is exiting standby.
06-16 20:03:41.254    82   122 D AudioHardware: openPcmOut_l() mPcmOpenCnt: 0
06-16 20:03:41.785   453   455 D dalvikvm: GC_CONCURRENT freed 889K, 10% free 10100K/11207K, paused 52ms+27ms
06-16 20:03:41.855   389   391 D dalvikvm: GC_CONCURRENT freed 608K, 13% free 9693K/11079K, paused 6ms+12ms
06-16 20:03:41.875   453   453 D dalvikvm: GC_FOR_ALLOC freed 77K, 11% free 10023K/11207K, paused 89ms
06-16 20:03:41.875   453   453 I dalvikvm-heap: Grow heap (frag case) to 10.404MB for 577936-byte allocation
06-16 20:03:41.964   453   453 D dalvikvm: GC_FOR_ALLOC freed <1K, 6% free 10587K/11207K, paused 74ms
06-16 20:03:42.066   389   391 D dalvikvm: GC_CONCURRENT freed 352K, 12% free 9806K/11079K, paused 1ms+9ms
06-16 20:03:42.332  4491  4493 D dalvikvm: GC_CONCURRENT freed 728K, 6% free 12767K/13575K, paused 3ms+15ms
06-16 20:03:42.511  3706  3709 D dalvikvm: GC_CONCURRENT freed 349K, 8% free 10321K/11143K, paused 2ms+4ms
06-16 20:03:42.722  3706  3709 D dalvikvm: GC_CONCURRENT freed 513K, 9% free 10193K/11143K, paused 2ms+2ms
06-16 20:03:43.035   152   155 D dalvikvm: GC_CONCURRENT freed 1870K, 21% free 13656K/17223K, paused 3ms+9ms
06-16 20:03:43.089  3706  3709 D dalvikvm: GC_CONCURRENT freed 334K, 9% free 10248K/11143K, paused 3ms+2ms
06-16 20:03:43.273  3706  3709 D dalvikvm: GC_CONCURRENT freed 386K, 8% free 10283K/11143K, paused 2ms+3ms
06-16 20:03:43.539  3706  3709 D dalvikvm: GC_CONCURRENT freed 418K, 8% free 10295K/11143K, paused 22ms+10ms
06-16 20:03:43.707  3706  3709 D dalvikvm: GC_CONCURRENT freed 473K, 8% free 10304K/11143K, paused 2ms+3ms
06-16 20:03:43.867  3706  3709 D dalvikvm: GC_CONCURRENT freed 395K, 8% free 10294K/11143K, paused 2ms+4ms
06-16 20:03:44.218  3706  3709 D dalvikvm: GC_CONCURRENT freed 369K, 8% free 10312K/11143K, paused 2ms+5ms
06-16 20:03:44.347    82   122 D AudioHardware: AudioHardware pcm playback is going to standby.
06-16 20:03:44.347    82   122 D AudioHardware: closePcmOut_l() mPcmOpenCnt: 1
06-16 20:03:44.375  3706  3709 D dalvikvm: GC_CONCURRENT freed 456K, 9% free 10241K/11143K, paused 1ms+2ms
06-16 20:03:44.550  3706  3709 D dalvikvm: GC_CONCURRENT freed 416K, 9% free 10210K/11143K, paused 2ms+2ms
06-16 20:03:44.765  4491  4491 D Finsky  : [1] CarrierProvisioningAction.run: No need to fetch provisioning from carrier.
06-16 20:03:44.793  3706  3709 D dalvikvm: GC_CONCURRENT freed 397K, 9% free 10200K/11143K, paused 2ms+2ms
06-16 20:03:44.992  3706  3709 D dalvikvm: GC_CONCURRENT freed 388K, 8% free 10301K/11143K, paused 2ms+3ms
06-16 20:03:45.211  3706  3709 D dalvikvm: GC_CONCURRENT freed 421K, 8% free 10266K/11143K, paused 2ms+3ms
06-16 20:03:45.480  3706  3709 D dalvikvm: GC_CONCURRENT freed 461K, 9% free 10195K/11143K, paused 2ms+2ms
06-16 20:03:45.652  3706  3709 D dalvikvm: GC_CONCURRENT freed 352K, 9% free 10229K/11143K, paused 1ms+3ms
06-16 20:03:45.773  3706  3709 D dalvikvm: GC_CONCURRENT freed 355K, 8% free 10290K/11143K, paused 2ms+2ms
06-16 20:03:45.918  4491  4508 D Volley  : [289] BasicNetwork.logSlowRequests: HTTP response for request=<[ ] https://android.clients.google.com/fdfe/details?doc=com.google.android.apps.googlevoice NORMAL 2> [lifetime=12727], [size=32893], [rc=200], [retryCount=0]
06-16 20:03:45.976  4491  4491 D DfeApi  : [1] DfeRequest.deliverResponse: Not delivering second response for request=[[ ] https://android.clients.google.com/fdfe/details?doc=com.google.android.apps.googlevoice NORMAL 2]
06-16 20:03:45.984  4491  4491 D Volley  : [1] Request.finish: 13538 ms: [ ] https://android.clients.google.com/fdfe/details?doc=com.google.android.apps.googlevoice NORMAL 2
06-16 20:03:45.988  4491  4491 D Volley  : [1] Request.finish: 11905 ms: [ ] https://android.clients.google.com/fdfe/details?doc=com.google.android.apps.googlevoice NORMAL 26
06-16 20:03:46.050  1380  1380 D OpenGLRenderer: Flushing caches (mode 1)
06-16 20:03:46.402  4491  4493 D dalvikvm: GC_CONCURRENT freed 1339K, 11% free 12677K/14087K, paused 4ms+8ms
06-16 20:03:46.445  4491  4491 D Finsky  : [1] DetailsDataBasedFragment.rebindViews: Page [class=DetailsFragment] loaded in [14189 ms] (partial? true)
06-16 20:03:46.449  4491  4491 D Volley  : [1] Request.finish: 12360 ms: [ ] https://android.clients.google.com/fdfe/details?doc=com.google.android.apps.googlevoice NORMAL 27
06-16 20:03:46.859   152   152 I ActivityManager: START {act=android.intent.action.SEARCH flg=0x10000000 cmp=com.android.vending/.AssetBrowserActivity (has extras)} from pid 4491
06-16 20:03:46.988   389   391 D dalvikvm: GC_CONCURRENT freed 530K, 13% free 9662K/11079K, paused 2ms+17ms
06-16 20:03:47.125   389   391 D dalvikvm: GC_CONCURRENT freed 492K, 13% free 9661K/11079K, paused 7ms+8ms
06-16 20:03:47.257  3706  3709 D dalvikvm: GC_CONCURRENT freed 400K, 8% free 10277K/11143K, paused 146ms+51ms
06-16 20:03:47.546  3706  3709 D dalvikvm: GC_CONCURRENT freed 386K, 8% free 10281K/11143K, paused 2ms+3ms
06-16 20:03:47.765  3706  3709 D dalvikvm: GC_CONCURRENT freed 511K, 8% free 10263K/11143K, paused 25ms+3ms
06-16 20:03:48.082  3706  3709 D dalvikvm: GC_CONCURRENT freed 473K, 9% free 10200K/11143K, paused 3ms+4ms
06-16 20:03:48.250  4491  4509 D Volley  : [290] BasicNetwork.logSlowRequests: HTTP response for request=<[ ] https://market.android.com/suggest/SuggRequest?query=m&json=1&blob=1&blob_sz=72&hl=en&gl=US NORMAL 30> [lifetime=4732], [size=2], [rc=200], [retryCount=0]
06-16 20:03:48.261  4491  4491 D Volley  : [1] Request.finish: 4743 ms: [ ] https://market.android.com/suggest/SuggRequest?query=m&json=1&blob=1&blob_sz=72&hl=en&gl=US NORMAL 30
06-16 20:03:48.320  1380  1380 D OpenGLRenderer: Flushing caches (mode 1)
06-16 20:03:48.351  4491  4493 D dalvikvm: GC_CONCURRENT freed 845K, 9% free 12932K/14087K, paused 2ms+6ms
06-16 20:03:48.390  3706  3709 D dalvikvm: GC_CONCURRENT freed 362K, 9% free 10246K/11143K, paused 6ms+4ms
06-16 20:03:48.609  3706  3709 D dalvikvm: GC_CONCURRENT freed 453K, 9% free 10208K/11143K, paused 2ms+2ms
06-16 20:03:48.812  3706  3709 D dalvikvm: GC_CONCURRENT freed 363K, 9% free 10236K/11143K, paused 4ms+6ms
06-16 20:03:49.015  3706  3709 D dalvikvm: GC_CONCURRENT freed 415K, 9% free 10208K/11143K, paused 2ms+7ms
06-16 20:03:49.164  3706  3709 D dalvikvm: GC_CONCURRENT freed 382K, 8% free 10320K/11143K, paused 2ms+3ms
06-16 20:03:49.195  3706  4430 D dalvikvm: GC_FOR_ALLOC freed 137K, 7% free 10414K/11143K, paused 25ms
06-16 20:03:49.195  3706  4430 I dalvikvm-heap: Grow heap (frag case) to 10.395MB for 158122-byte allocation
06-16 20:03:49.234  3706  4430 D dalvikvm: GC_FOR_ALLOC freed 239K, 9% free 10329K/11335K, paused 29ms
06-16 20:03:49.511  3706  3709 D dalvikvm: GC_CONCURRENT freed 340K, 9% free 10377K/11335K, paused 2ms+6ms
06-16 20:03:49.804  3706  3709 D dalvikvm: GC_CONCURRENT freed 344K, 9% free 10419K/11335K, paused 2ms+2ms
06-16 20:03:50.082  3706  3709 D dalvikvm: GC_CONCURRENT freed 361K, 8% free 10446K/11335K, paused 1ms+4ms
06-16 20:03:50.148  4491  4508 D Volley  : [289] BasicNetwork.logSlowRequests: HTTP response for request=<[ ] https://android.clients.google.com/vending/api/ApiRequest NORMAL 31 PurchaseMetadataRequestProto> [lifetime=4166], [size=1363], [rc=200], [retryCount=0]
06-16 20:03:50.183  4491  4491 D Finsky  : [1] 1.onResponse: Received and stored 133 billing countries.
06-16 20:03:50.183  4491  4491 D Volley  : [1] Request.finish: 5413 ms: [ ] https://android.clients.google.com/vending/api/ApiRequest NORMAL 31 PurchaseMetadataRequestProto
06-16 20:03:50.293  3706  3709 D dalvikvm: GC_CONCURRENT freed 616K, 10% free 10217K/11335K, paused 3ms+3ms
06-16 20:03:50.472  3706  3709 D dalvikvm: GC_CONCURRENT freed 387K, 10% free 10285K/11335K, paused 2ms+2ms
06-16 20:03:50.722  3706  3709 D dalvikvm: GC_CONCURRENT freed 436K, 10% free 10242K/11335K, paused 3ms+3ms
06-16 20:03:50.851  3706  3709 D dalvikvm: GC_CONCURRENT freed 269K, 9% free 10396K/11335K, paused 2ms+2ms
06-16 20:03:50.894  3706  4430 D dalvikvm: GC_FOR_ALLOC freed 137K, 9% free 10413K/11335K, paused 23ms
06-16 20:03:51.086  3706  3709 D dalvikvm: GC_CONCURRENT freed 432K, 9% free 10369K/11335K, paused 1ms+2ms
06-16 20:03:51.394  3706  3709 D dalvikvm: GC_CONCURRENT freed 348K, 9% free 10405K/11335K, paused 2ms+2ms
06-16 20:03:51.769  3706  3709 D dalvikvm: GC_CONCURRENT freed 341K, 8% free 10450K/11335K, paused 3ms+6ms
06-16 20:03:51.976  3706  3709 D dalvikvm: GC_CONCURRENT freed 651K, 11% free 10190K/11335K, paused 1ms+3ms
06-16 20:03:52.187  3706  3709 D dalvikvm: GC_CONCURRENT freed 375K, 10% free 10202K/11335K, paused 2ms+4ms
06-16 20:03:52.367  3706  3709 D dalvikvm: GC_CONCURRENT freed 361K, 10% free 10250K/11335K, paused 2ms+3ms
06-16 20:03:52.566  3706  3709 D dalvikvm: GC_CONCURRENT freed 363K, 10% free 10287K/11335K, paused 3ms+2ms
06-16 20:03:52.722  3706  3709 D dalvikvm: GC_CONCURRENT freed 428K, 10% free 10247K/11335K, paused 2ms+3ms
06-16 20:03:52.980  3706  3709 D dalvikvm: GC_CONCURRENT freed 473K, 10% free 10224K/11335K, paused 2ms+3ms
06-16 20:03:53.148  3706  3709 D dalvikvm: GC_CONCURRENT freed 370K, 10% free 10291K/11335K, paused 3ms+3ms
06-16 20:03:53.379  3706  3709 D dalvikvm: GC_CONCURRENT freed 418K, 10% free 10262K/11335K, paused 2ms+3ms
06-16 20:03:53.566  3706  3709 D dalvikvm: GC_CONCURRENT freed 484K, 11% free 10194K/11335K, paused 2ms+3ms
06-16 20:03:53.750  3706  3709 D dalvikvm: GC_CONCURRENT freed 345K, 10% free 10238K/11335K, paused 2ms+3ms
06-16 20:03:53.941  3706  3709 D dalvikvm: GC_CONCURRENT freed 433K, 10% free 10291K/11335K, paused 3ms+5ms
06-16 20:03:54.214  3706  3709 D dalvikvm: GC_CONCURRENT freed 419K, 10% free 10259K/11335K, paused 3ms+4ms
06-16 20:03:54.449  3706  3709 D dalvikvm: GC_CONCURRENT freed 448K, 10% free 10206K/11335K, paused 2ms+4ms
06-16 20:03:54.679  3706  3709 D dalvikvm: GC_CONCURRENT freed 365K, 10% free 10240K/11335K, paused 1ms+5ms
06-16 20:03:54.863  3706  3709 D dalvikvm: GC_CONCURRENT freed 412K, 10% free 10216K/11335K, paused 2ms+2ms
06-16 20:03:55.054  3706  3709 D dalvikvm: GC_CONCURRENT freed 399K, 10% free 10205K/11335K, paused 2ms+4ms
06-16 20:03:55.230  3706  3709 D dalvikvm: GC_CONCURRENT freed 367K, 10% free 10292K/11335K, paused 2ms+4ms
06-16 20:03:55.429  3706  3709 D dalvikvm: GC_CONCURRENT freed 494K, 11% free 10185K/11335K, paused 2ms+3ms
06-16 20:03:55.500  3706  3709 D dalvikvm: GC_CONCURRENT freed 287K, 10% free 10285K/11335K, paused 3ms+4ms
06-16 20:03:55.695  4491  4509 D Volley  : [290] BasicNetwork.logSlowRequests: HTTP response for request=<[ ] https://android.clients.google.com/fdfe/search?c=3&q=maps NORMAL 37> [lifetime=7427], [size=15319], [rc=200], [retryCount=0]
06-16 20:03:55.761  4491  4491 D Volley  : [1] Request.finish: 8613 ms: [ ] https://android.clients.google.com/fdfe/search?c=3&q=maps NORMAL 37
06-16 20:03:56.066  3319  4554 D dalvikvm: GC_EXPLICIT freed 305K, 6% free 9350K/9927K, paused 18ms+93ms
06-16 20:03:56.117  3706  3709 D dalvikvm: GC_CONCURRENT freed 350K, 9% free 10324K/11335K, paused 2ms+3ms
06-16 20:03:56.265  4491  4493 D dalvikvm: GC_CONCURRENT freed 855K, 7% free 13316K/14279K, paused 2ms+7ms
06-16 20:03:56.441  3706  3709 D dalvikvm: GC_CONCURRENT freed 354K, 9% free 10357K/11335K, paused 2ms+3ms
06-16 20:03:56.582  3706  3709 D dalvikvm: GC_CONCURRENT freed 505K, 10% free 10238K/11335K, paused 2ms+3ms
06-16 20:03:56.773  3706  3709 D dalvikvm: GC_CONCURRENT freed 420K, 10% free 10206K/11335K, paused 2ms+4ms
06-16 20:03:56.957  3706  3709 D dalvikvm: GC_CONCURRENT freed 389K, 10% free 10204K/11335K, paused 2ms+3ms
06-16 20:03:57.074  4491  4508 D Volley  : [289] BasicNetwork.logSlowRequests: HTTP response for request=<[ ] https://market.android.com/suggest/SuggRequest?query=maps&json=1&blob=1&blob_sz=72&hl=en&gl=US NORMAL 38> [lifetime=6899], [size=147], [rc=200], [retryCount=1]
06-16 20:03:57.121  4491  4491 D Volley  : [1] Request.finish: 8707 ms: [ ] https://market.android.com/suggest/SuggRequest?query=maps&json=1&blob=1&blob_sz=72&hl=en&gl=US NORMAL 38
06-16 20:03:57.281  3706  3709 D dalvikvm: GC_CONCURRENT freed 409K, 11% free 10185K/11335K, paused 2ms+3ms
06-16 20:03:57.472  3706  3709 D dalvikvm: GC_CONCURRENT freed 379K, 11% free 10194K/11335K, paused 2ms+3ms
06-16 20:03:57.640  3706  3709 D dalvikvm: GC_CONCURRENT freed 380K, 10% free 10216K/11335K, paused 2ms+3ms
06-16 20:03:57.722  3706  3709 D dalvikvm: GC_CONCURRENT freed 324K, 10% free 10278K/11335K, paused 1ms+2ms
06-16 20:03:58.004  3706  3709 D dalvikvm: GC_CONCURRENT freed 359K, 10% free 10304K/11335K, paused 1ms+3ms
06-16 20:03:58.183  3706  3709 D dalvikvm: GC_CONCURRENT freed 471K, 10% free 10219K/11335K, paused 2ms+2ms
06-16 20:03:58.359  3706  3709 D dalvikvm: GC_CONCURRENT freed 384K, 10% free 10227K/11335K, paused 2ms+3ms
06-16 20:03:58.507  3706  3709 D dalvikvm: GC_CONCURRENT freed 314K, 9% free 10398K/11335K, paused 2ms+2ms
06-16 20:03:58.691  3706  3709 D dalvikvm: GC_CONCURRENT freed 466K, 9% free 10318K/11335K, paused 2ms+3ms
06-16 20:03:58.976  3706  3709 D dalvikvm: GC_CONCURRENT freed 351K, 9% free 10353K/11335K, paused 1ms+2ms
06-16 20:03:59.222  3706  3709 D dalvikvm: GC_CONCURRENT freed 528K, 10% free 10211K/11335K, paused 2ms+3ms
06-16 20:03:59.461  3706  3709 D dalvikvm: GC_CONCURRENT freed 432K, 10% free 10224K/11335K, paused 2ms+3ms
06-16 20:03:59.632  3706  3709 D dalvikvm: GC_CONCURRENT freed 390K, 10% free 10224K/11335K, paused 2ms+3ms
06-16 20:03:59.804  3706  3709 D dalvikvm: GC_CONCURRENT freed 382K, 10% free 10231K/11335K, paused 3ms+2ms
06-16 20:03:59.984  3706  3709 D dalvikvm: GC_CONCURRENT freed 431K, 10% free 10280K/11335K, paused 2ms+3ms
06-16 20:04:00.191  3706  3709 D dalvikvm: GC_CONCURRENT freed 413K, 10% free 10255K/11335K, paused 2ms+2ms
06-16 20:04:00.359  3706  3709 D dalvikvm: GC_CONCURRENT freed 440K, 11% free 10201K/11335K, paused 2ms+3ms
06-16 20:04:00.492  3706  3709 D dalvikvm: GC_CONCURRENT freed 353K, 10% free 10236K/11335K, paused 2ms+3ms
06-16 20:04:00.683  3706  3709 D dalvikvm: GC_CONCURRENT freed 425K, 11% free 10197K/11335K, paused 2ms+3ms
06-16 20:04:00.847  3706  3709 D dalvikvm: GC_CONCURRENT freed 366K, 10% free 10254K/11335K, paused 2ms+3ms
06-16 20:04:01.027  4491  4512 D Volley  : [293] BasicNetwork.logSlowRequests: HTTP response for request=<[ ] http://lh5.ggpht.com/qfNcle-ZUknhjFjBf7W8bly6vMcny1nrkhylWrdKNM33FhB_FiXnK3aTntkA3OJxOA=w60 LOW 39> [lifetime=5191], [size=2555], [rc=200], [retryCount=1]
06-16 20:04:01.039  4491  4491 D Volley  : [1] Request.finish: 5199 ms: [ ] http://lh5.ggpht.com/qfNcle-ZUknhjFjBf7W8bly6vMcny1nrkhylWrdKNM33FhB_FiXnK3aTntkA3OJxOA=w60 LOW 39
06-16 20:04:01.043  3706  3709 D dalvikvm: GC_CONCURRENT freed 430K, 10% free 10211K/11335K, paused 2ms+18ms
06-16 20:04:01.254  3706  3709 D dalvikvm: GC_CONCURRENT freed 410K, 11% free 10201K/11335K, paused 2ms+3ms
06-16 20:04:01.464  3706  3709 D dalvikvm: GC_CONCURRENT freed 405K, 11% free 10200K/11335K, paused 3ms+2ms
06-16 20:04:01.472  4491  4515 D Volley  : [296] BasicNetwork.logSlowRequests: HTTP response for request=<[ ] http://lh6.ggpht.com/md-be7olTXvvuNBRlb6kpe978WRvKnlB66qkrrBm0djRVLS-SCyRWAbN4evHum0BN2A=w60 LOW 42> [lifetime=5538], [size=6715], [rc=200], [retryCount=1]
06-16 20:04:01.480  4491  4491 D Volley  : [1] Request.finish: 5547 ms: [ ] http://lh6.ggpht.com/md-be7olTXvvuNBRlb6kpe978WRvKnlB66qkrrBm0djRVLS-SCyRWAbN4evHum0BN2A=w60 LOW 42
06-16 20:04:01.562  4491  4514 D Volley  : [295] BasicNetwork.logSlowRequests: HTTP response for request=<[ ] http://lh3.ggpht.com/xU2GqoAlq7zvrXFyuxhsH0fnjj8VGZIsfvoTCJj5iqsWsO2nhBCX2ooRR5QfaHVB2g=w60 LOW 41> [lifetime=5688], [size=5925], [rc=200], [retryCount=1]
06-16 20:04:01.574  4491  4491 D Volley  : [1] Request.finish: 5699 ms: [ ] http://lh3.ggpht.com/xU2GqoAlq7zvrXFyuxhsH0fnjj8VGZIsfvoTCJj5iqsWsO2nhBCX2ooRR5QfaHVB2g=w60 LOW 41
06-16 20:04:01.738  3706  3709 D dalvikvm: GC_CONCURRENT freed 361K, 10% free 10226K/11335K, paused 6ms+2ms
06-16 20:04:01.929  3706  3709 D dalvikvm: GC_CONCURRENT freed 358K, 10% free 10258K/11335K, paused 2ms+2ms
06-16 20:04:02.140  3706  3709 D dalvikvm: GC_CONCURRENT freed 429K, 10% free 10222K/11335K, paused 2ms+3ms
06-16 20:04:02.285  3706  3709 D dalvikvm: GC_CONCURRENT freed 384K, 10% free 10225K/11335K, paused 2ms+3ms
06-16 20:04:02.476  3706  3709 D dalvikvm: GC_CONCURRENT freed 423K, 11% free 10193K/11335K, paused 2ms+3ms
06-16 20:04:02.656  3706  3709 D dalvikvm: GC_CONCURRENT freed 333K, 10% free 10248K/11335K, paused 2ms+3ms
06-16 20:04:02.832  3706  3709 D dalvikvm: GC_CONCURRENT freed 411K, 10% free 10225K/11335K, paused 2ms+3ms
06-16 20:04:02.996  3706  3709 D dalvikvm: GC_CONCURRENT freed 394K, 10% free 10217K/11335K, paused 2ms+3ms
06-16 20:04:03.179  3706  3709 D dalvikvm: GC_CONCURRENT freed 430K, 10% free 10233K/11335K, paused 2ms+4ms
06-16 20:04:03.351  3706  3709 D dalvikvm: GC_CONCURRENT freed 429K, 11% free 10192K/11335K, paused 2ms+3ms
06-16 20:04:03.496  3706  3709 D dalvikvm: GC_CONCURRENT freed 350K, 10% free 10228K/11335K, paused 2ms+2ms
06-16 20:04:03.648  3706  3709 D dalvikvm: GC_CONCURRENT freed 379K, 10% free 10266K/11335K, paused 2ms+4ms
06-16 20:04:03.906  3706  3709 D dalvikvm: GC_CONCURRENT freed 404K, 10% free 10260K/11335K, paused 2ms+3ms
06-16 20:04:04.027  3706  3709 D dalvikvm: GC_CONCURRENT freed 419K, 10% free 10290K/11335K, paused 2ms+2ms
06-16 20:04:04.254  3706  3709 D dalvikvm: GC_CONCURRENT freed 389K, 10% free 10285K/11335K, paused 2ms+3ms
06-16 20:04:04.433  3706  3709 D dalvikvm: GC_CONCURRENT freed 447K, 10% free 10228K/11335K, paused 2ms+3ms
06-16 20:04:04.586  3706  3709 D dalvikvm: GC_CONCURRENT freed 378K, 10% free 10236K/11335K, paused 2ms+4ms
06-16 20:04:04.761  4491  4512 D Volley  : [293] BasicNetwork.logSlowRequests: HTTP response for request=<[ ] http://lh6.ggpht.com/LInka-TQdpzVvPNGzVkhelGPOjsmCtPOX7XEl-MgrfWkwZaLGacMo1Q0Lde69FIyJA=w60 LOW 44> [lifetime=3725], [size=5725], [rc=200], [retryCount=0]
06-16 20:04:04.769  4491  4491 D Volley  : [1] Request.finish: 8801 ms: [ ] http://lh6.ggpht.com/LInka-TQdpzVvPNGzVkhelGPOjsmCtPOX7XEl-MgrfWkwZaLGacMo1Q0Lde69FIyJA=w60 LOW 44
06-16 20:04:04.804  3706  3709 D dalvikvm: GC_CONCURRENT freed 435K, 11% free 10198K/11335K, paused 3ms+3ms
06-16 20:04:05.050  3706  3709 D dalvikvm: GC_CONCURRENT freed 353K, 10% free 10233K/11335K, paused 6ms+3ms
06-16 20:04:05.246  3706  3709 D dalvikvm: GC_CONCURRENT freed 401K, 10% free 10218K/11335K, paused 2ms+3ms
06-16 20:04:05.414  3706  3709 D dalvikvm: GC_CONCURRENT freed 367K, 10% free 10306K/11335K, paused 5ms+2ms
06-16 20:04:05.468    82   122 D AudioHardware: AudioHardware pcm playback is exiting standby.
06-16 20:04:05.468    82   122 D AudioHardware: openPcmOut_l() mPcmOpenCnt: 0
06-16 20:04:05.644   152   168 D dalvikvm: GC_EXPLICIT freed 238K, 22% free 13598K/17223K, paused 3ms+12ms
06-16 20:04:05.664  1380  1380 D OpenGLRenderer: Flushing caches (mode 1)
06-16 20:04:05.781  4491  4491 D Finsky  : [1] DetailsDataBasedFragment.rebindViews: Page [class=DetailsFragment] loaded in [304 ms] (partial? false)
06-16 20:04:05.902  4491  4493 D dalvikvm: GC_CONCURRENT freed 710K, 6% free 13972K/14791K, paused 2ms+9ms
06-16 20:04:06.199  3706  3709 D dalvikvm: GC_CONCURRENT freed 415K, 10% free 10281K/11335K, paused 2ms+3ms
06-16 20:04:06.433  3706  3709 D dalvikvm: GC_CONCURRENT freed 496K, 10% free 10209K/11335K, paused 2ms+4ms
06-16 20:04:06.617  3706  3709 D dalvikvm: GC_CONCURRENT freed 371K, 10% free 10227K/11335K, paused 1ms+3ms
06-16 20:04:06.812  3706  3709 D dalvikvm: GC_CONCURRENT freed 389K, 10% free 10250K/11335K, paused 2ms+4ms
06-16 20:04:07.089  3706  3709 D dalvikvm: GC_CONCURRENT freed 439K, 10% free 10287K/11335K, paused 2ms+7ms
06-16 20:04:07.347  3706  3709 D dalvikvm: GC_CONCURRENT freed 427K, 10% free 10248K/11335K, paused 1ms+3ms
06-16 20:04:07.484  4491  4513 D Volley  : [294] BasicNetwork.logSlowRequests: HTTP response for request=<[ ] http://lh3.ggpht.com/zzzt_J0fe4rYobKaINx4_Wbc8Jn0LGKGGYsr2wHbJS0ywOjUvYyzO-5xfUNx83Wk2A=w60 LOW 43> [lifetime=8662], [size=8498], [rc=200], [retryCount=1]
06-16 20:04:07.496  4491  4491 D Volley  : [1] Request.finish: 11543 ms: [ ] http://lh3.ggpht.com/zzzt_J0fe4rYobKaINx4_Wbc8Jn0LGKGGYsr2wHbJS0ywOjUvYyzO-5xfUNx83Wk2A=w60 LOW 43
06-16 20:04:07.523  3706  3709 D dalvikvm: GC_CONCURRENT freed 390K, 10% free 10248K/11335K, paused 2ms+3ms
06-16 20:04:07.757  3706  3709 D dalvikvm: GC_CONCURRENT freed 380K, 10% free 10270K/11335K, paused 3ms+4ms
06-16 20:04:07.961  3706  3709 D dalvikvm: GC_CONCURRENT freed 421K, 10% free 10293K/11335K, paused 5ms+4ms
06-16 20:04:08.160  3706  3709 D dalvikvm: GC_CONCURRENT freed 488K, 10% free 10244K/11335K, paused 2ms+6ms
06-16 20:04:08.367  3706  3709 D dalvikvm: GC_CONCURRENT freed 438K, 11% free 10193K/11335K, paused 3ms+3ms
06-16 20:04:08.453  3706  3709 D dalvikvm: GC_CONCURRENT freed 270K, 9% free 10330K/11335K, paused 2ms+2ms
06-16 20:04:08.558    82   122 D AudioHardware: AudioHardware pcm playback is going to standby.
06-16 20:04:08.558    82   122 D AudioHardware: closePcmOut_l() mPcmOpenCnt: 1
06-16 20:04:08.734  3706  3709 D dalvikvm: GC_CONCURRENT freed 396K, 9% free 10323K/11335K, paused 3ms+4ms
06-16 20:04:08.980  3706  3709 D dalvikvm: GC_CONCURRENT freed 528K, 11% free 10180K/11335K, paused 2ms+3ms
06-16 20:04:09.195  3706  3709 D dalvikvm: GC_CONCURRENT freed 352K, 10% free 10215K/11335K, paused 2ms+3ms
06-16 20:04:09.371  4491  4515 D Volley  : [296] BasicNetwork.logSlowRequests: HTTP response for request=<[ ] http://lh5.ggpht.com/qf_2JiKDB-Vlu_o7HK1JCPq48Z58HDe-Z1_CpsYBeV9zvzVZN42lpWydZGQRfQmz8Qo=w72 LOW 47> [lifetime=3746], [size=8910], [rc=200], [retryCount=1]
06-16 20:04:09.379  4491  4491 D Volley  : [1] Request.finish: 3758 ms: [ ] http://lh5.ggpht.com/qf_2JiKDB-Vlu_o7HK1JCPq48Z58HDe-Z1_CpsYBeV9zvzVZN42lpWydZGQRfQmz8Qo=w72 LOW 47
06-16 20:04:09.461  3706  3709 D dalvikvm: GC_CONCURRENT freed 369K, 10% free 10231K/11335K, paused 2ms+3ms
06-16 20:04:09.664  3706  3709 D dalvikvm: GC_CONCURRENT freed 371K, 10% free 10246K/11335K, paused 7ms+3ms
06-16 20:04:09.828  4491  4498 I dalvikvm: Jit: resizing JitTable from 4096 to 8192
06-16 20:04:09.890  3706  3709 D dalvikvm: GC_CONCURRENT freed 384K, 10% free 10296K/11335K, paused 2ms+4ms
06-16 20:04:10.171  3706  3709 D dalvikvm: GC_CONCURRENT freed 418K, 10% free 10265K/11335K, paused 2ms+8ms
06-16 20:04:10.281  3706  3709 D dalvikvm: GC_CONCURRENT freed 341K, 10% free 10315K/11335K, paused 1ms+2ms
06-16 20:04:10.535  3706  3709 D dalvikvm: GC_CONCURRENT freed 402K, 10% free 10300K/11335K, paused 2ms+4ms
06-16 20:04:10.789  1380  1380 D OpenGLRenderer: Flushing caches (mode 1)
06-16 20:04:10.820  3706  3709 D dalvikvm: GC_CONCURRENT freed 487K, 11% free 10198K/11335K, paused 2ms+3ms
06-16 20:04:11.058  3706  3709 D dalvikvm: GC_CONCURRENT freed 415K, 10% free 10228K/11335K, paused 2ms+3ms
06-16 20:04:11.234  3706  3709 D dalvikvm: GC_CONCURRENT freed 394K, 10% free 10307K/11335K, paused 2ms+3ms
06-16 20:04:11.476  3706  3709 D dalvikvm: GC_CONCURRENT freed 431K, 10% free 10261K/11335K, paused 2ms+4ms
06-16 20:04:11.652  3706  3709 D dalvikvm: GC_CONCURRENT freed 430K, 10% free 10224K/11335K, paused 3ms+3ms
06-16 20:04:11.843  3706  3709 D dalvikvm: GC_CONCURRENT freed 359K, 10% free 10252K/11335K, paused 2ms+7ms
06-16 20:04:12.011  3706  3709 D dalvikvm: GC_CONCURRENT freed 401K, 10% free 10238K/11335K, paused 5ms+3ms
06-16 20:04:12.101  1380  1380 D OpenGLRenderer: Flushing caches (mode 1)
06-16 20:04:12.183  3706  3709 D dalvikvm: GC_CONCURRENT freed 334K, 10% free 10302K/11335K, paused 3ms+3ms
06-16 20:04:12.433  3706  3709 D dalvikvm: GC_CONCURRENT freed 399K, 10% free 10289K/11335K, paused 2ms+3ms
06-16 20:04:12.660  3706  3709 D dalvikvm: GC_CONCURRENT freed 499K, 11% free 10186K/11335K, paused 2ms+3ms
06-16 20:04:12.816  1380  1380 D OpenGLRenderer: Flushing caches (mode 1)
06-16 20:04:12.824  3706  3709 D dalvikvm: GC_CONCURRENT freed 316K, 10% free 10271K/11335K, paused 3ms+12ms
06-16 20:04:13.086  3706  3709 D dalvikvm: GC_CONCURRENT freed 389K, 10% free 10269K/11335K, paused 2ms+4ms
06-16 20:04:13.293  3706  3709 D dalvikvm: GC_CONCURRENT freed 488K, 10% free 10211K/11335K, paused 3ms+3ms
06-16 20:04:13.531  3706  3709 D dalvikvm: GC_CONCURRENT freed 397K, 11% free 10200K/11335K, paused 6ms+4ms
06-16 20:04:13.683  3706  3709 D dalvikvm: GC_CONCURRENT freed 347K, 10% free 10260K/11335K, paused 2ms+3ms
06-16 20:04:16.234  3706  3709 D dalvikvm: GC_CONCURRENT freed 468K, 11% free 10189K/11335K, paused 10ms+4ms
06-16 20:04:16.429  3706  3709 D dalvikvm: GC_CONCURRENT freed 193K, 9% free 10383K/11335K, paused 3ms+3ms
06-16 20:04:16.765  3706  3709 D dalvikvm: GC_CONCURRENT freed 390K, 9% free 10381K/11335K, paused 2ms+4ms
06-16 20:04:17.027  3706  3709 D dalvikvm: GC_CONCURRENT freed 386K, 9% free 10380K/11335K, paused 3ms+3ms
06-16 20:04:17.300  3706  4430 W Gmail   : Successful index run, cancel next scheduled index run
06-16 20:04:17.453    82   122 D AudioHardware: AudioHardware pcm playback is exiting standby.
06-16 20:04:17.453    82   122 D AudioHardware: openPcmOut_l() mPcmOpenCnt: 0
06-16 20:04:17.464   152   152 I ActivityManager: START {flg=0x20010000 cmp=com.android.vending/com.google.android.finsky.activities.PurchaseDialog (has extras)} from pid 4491
06-16 20:04:17.691  4491  4491 D Finsky  : [1] SelfUpdateScheduler.checkForSelfUpdate: Skipping self-update check as there is an update already queued.
06-16 20:04:17.785   152   201 I ActivityManager: Displayed com.android.vending/com.google.android.finsky.activities.PurchaseDialog: +198ms
06-16 20:04:17.871  4491  4491 D OpenGLRenderer: Flushing caches (mode 0)
06-16 20:04:18.894  4491  4491 D Volley  : [1] Request.finish: 13408 ms: [ ] https://android.clients.google.com/fdfe/details?doc=com.google.android.apps.maps NORMAL 46
06-16 20:04:18.914  1380  1380 D OpenGLRenderer: Flushing caches (mode 1)
06-16 20:04:20.582    82   122 D AudioHardware: AudioHardware pcm playback is going to standby.
06-16 20:04:20.582    82   122 D AudioHardware: closePcmOut_l() mPcmOpenCnt: 1
06-16 20:04:21.632  4491  4491 E Finsky  : [1] 2.onErrorResponse: Failed to send 7 events because of [com.android.volley.TimeoutError]
06-16 20:04:21.636  4491  4491 D Volley  : [1] Request.finish: 10870 ms: [ ] https://android.clients.google.com/fdfe/log NORMAL 49
06-16 20:04:31.464  1380  1380 D OpenGLRenderer: Flushing caches (mode 1)
06-16 20:04:36.496  4491  4508 D Volley  : [289] BasicNetwork.logSlowRequests: HTTP response for request=<[ ] https://android.clients.google.com/fdfe/details?doc=com.google.android.apps.maps NORMAL 53> [lifetime=17612], [size=36294], [rc=200], [retryCount=1]
06-16 20:04:36.636  4491  4493 D dalvikvm: GC_CONCURRENT freed 1417K, 10% free 14252K/15751K, paused 10ms+8ms
06-16 20:04:36.972  4491  4491 D Volley  : [1] Request.finish: 19109 ms: [ ] https://android.clients.google.com/fdfe/details?doc=com.google.android.apps.maps NORMAL 53
06-16 20:04:51.734  1380  1380 D OpenGLRenderer: Flushing caches (mode 1)
06-16 20:04:57.472  3342  3355 I PhoneLab-: Service Running
06-16 20:04:57.605  3342  3355 I PhoneLab-LoggerService: app_37    1263  1     1764   1320  c00f181c 400107b4 S logcat
06-16 20:04:57.605  3342  3355 I PhoneLab-LoggerService: Logcat pid from database 1263
06-16 20:04:57.605  3342  3355 I PhoneLab-LoggerService: Logcat process found 1263
06-16 20:04:57.605  3342  3355 I PhoneLab-LoggerService: Checking Threshold
06-16 20:04:57.605  3342  3355 I PhoneLab-LoggerService: Starting to rename files
06-16 20:04:57.605  3342  3355 I PhoneLab-LoggerService: Files found .. 2
06-16 20:04:57.632  3342  3345 D dalvikvm: GC_CONCURRENT freed 472K, 6% free 9106K/9671K, paused 2ms+2ms
06-16 20:04:58.004  3319  3321 D dalvikvm: GC_CONCURRENT freed 361K, 5% free 9431K/9927K, paused 2ms+9ms
06-16 20:05:17.839   152   198 I power   : *** set_screen_state 0
06-16 20:05:17.879    79   119 D SurfaceFlinger: About to give-up screen, flinger = 0x1a25918
06-16 20:05:18.004   486  1361 D NfcService: NFC-C OFF, disconnect
06-16 20:05:23.050   152   155 D dalvikvm: GC_CONCURRENT freed 615K, 19% free 14110K/17223K, paused 5ms+4ms
06-16 20:05:23.066   152   202 V TransportControlView: Create TCV com.android.internal.widget.TransportControlView@413a26c8
06-16 20:05:23.105   389   389 D PhoneStatusBar: disable: < expand icons alerts ticker system_info back home RECENT* clock >
06-16 20:05:23.136   389   389 D PhoneStatusBar: disable: < expand icons alerts ticker system_info BACK* HOME* RECENT CLOCK* >
06-16 20:05:23.160  1380  1380 D OpenGLRenderer: Flushing caches (mode 1)
06-16 20:05:54.168  3319  3321 D dalvikvm: GC_CONCURRENT freed 434K, 6% free 9423K/9991K, paused 12ms+3ms
06-16 20:06:36.738   152   163 D dalvikvm: GC_EXPLICIT freed 380K, 16% free 14487K/17223K, paused 2ms+4ms
06-16 20:06:36.773  3319  3321 D dalvikvm: GC_CONCURRENT freed 429K, 6% free 9426K/9991K, paused 1ms+4ms
06-16 20:06:57.449  3342  3355 I PhoneLab-: Service Running
06-16 20:06:57.515  3342  3355 I PhoneLab-LoggerService: app_37    1263  1     1764   1320  c00f181c 400107b4 S logcat
06-16 20:06:57.515  3342  3355 I PhoneLab-LoggerService: Logcat pid from database 1263
06-16 20:06:57.515  3342  3355 I PhoneLab-LoggerService: Logcat process found 1263
06-16 20:06:57.515  3342  3355 I PhoneLab-LoggerService: Checking Threshold
06-16 20:06:57.515  3342  3355 I PhoneLab-LoggerService: Starting to rename files
06-16 20:06:57.515  3342  3355 I PhoneLab-LoggerService: Files found .. 2
06-16 20:07:05.941  4491  4491 D Finsky  : [1] DownloadQueueImpl.notifyProgress: self-update-download: onProgress 4000309/4000309 Status: 200.
06-16 20:07:05.953  4491  4491 D Finsky  : [1] DownloadBroadcastReceiver.onReceive: Intent received at DownloadBroadcastReceiver
06-16 20:07:05.968  4491  4491 D Finsky  : [1] DownloadImpl.setState: self-update-download from DOWNLOADING to SUCCESS.
06-16 20:07:05.968  4491  4491 D Finsky  : [1] DownloadQueueImpl.onComplete: self-update-download: onComplete
06-16 20:07:05.968  4491  4491 D Finsky  : [1] DownloadQueueImpl.remove: Download self-update-download removed from DownloadQueue
06-16 20:07:05.972  4491  4491 D Finsky  : [1] SelfUpdateScheduler.onComplete: Self-update ready to be installed, waiting for market to close.
06-16 20:07:05.976    84    84 I installd: free_cache(0) avail 945229824
06-16 20:07:43.207   152   163 D AlarmManagerService: Kernel timezone updated to 240 minutes west of GMT
06-16 20:07:43.211   470   470 D SystemClock: Setting time of day to sec=1339891664
06-16 20:07:44.084  4405  4418 V AlarmClock: AlarmInitReceiver finished
06-16 20:10:00.535   152   168 V BackupManagerService: Running a backup pass
06-16 20:10:00.539   152   324 V BackupManagerService: Backup requested but nothing pending
06-16 20:13:12.363  3342  3342 I PhoneLab-Locks: wake lock acquired
06-16 20:13:12.406  3342  4665 I PhoneLab-PeriodicCheckService: User info is synched
06-16 20:13:12.406  3342  4665 I PhoneLab-PeriodicCheckService: Logger Service is running
06-16 20:13:12.410  3342  3342 I PhoneLab-Locks: wake lock acquired
06-16 20:13:12.414  3342  3342 I PhoneLab-StatusMonitor: Status Monitoring is started
06-16 20:13:12.414  3342  4665 I PhoneLab-Locks: wake lock acquired
06-16 20:13:12.418  3342  4665 I PhoneLab-PeriodicCheckService: Rescheduling periodic checking...
06-16 20:13:12.418  3342  4665 I PhoneLab-Locks: wake lock released
06-16 20:13:12.441  3342  3342 E PhoneLab-PhoneLabManifest: java.io.FileNotFoundException: /data/data/edu.buffalo.cse.phonelab.phonelabservices/files/manifest.xml: open failed: ENOENT (No such file or directory)
06-16 20:13:12.461  3342  3342 I PhoneLab-Locks: wake lock released
06-16 20:13:12.461  3342  3342 I PhoneLab-UploadLogs: Transfering log files now
06-16 20:13:12.687  3342  3345 D dalvikvm: GC_CONCURRENT freed 450K, 6% free 9214K/9735K, paused 8ms+2ms
06-16 20:13:12.703  3342  3342 D dalvikvm: GC_FOR_ALLOC freed 39K, 6% free 9199K/9735K, paused 13ms
06-16 20:13:12.703  3342  3342 I dalvikvm-heap: Grow heap (frag case) to 9.170MB for 123476-byte allocation
06-16 20:13:12.722  3342  3342 D dalvikvm: GC_FOR_ALLOC freed 56K, 7% free 9263K/9863K, paused 12ms
06-16 20:13:12.722  3342  3342 I dalvikvm-heap: Grow heap (frag case) to 9.358MB for 254548-byte allocation
06-16 20:13:12.734  3342  3342 D dalvikvm: GC_FOR_ALLOC freed 120K, 8% free 9391K/10119K, paused 12ms
06-16 20:13:12.738  3342  3342 I dalvikvm-heap: Grow heap (frag case) to 9.733MB for 516692-byte allocation
06-16 20:13:12.765  3342  3345 D dalvikvm: GC_CONCURRENT freed 248K, 10% free 9647K/10631K, paused 2ms+1ms
06-16 20:13:12.765  3342  3342 I PhoneLab-UploadLogs: OnStartCommand
06-16 20:13:12.816   152  1041 D AlarmManagerService: Kernel timezone updated to 240 minutes west of GMT
06-16 20:13:13.843  3342  4667 D dalvikvm: GC_FOR_ALLOC freed 383K, 10% free 9631K/10631K, paused 37ms
06-16 20:13:13.855  3342  4667 D dalvikvm: GC_FOR_ALLOC freed 301K, 10% free 9632K/10631K, paused 13ms
06-16 20:13:13.875  3342  4667 D dalvikvm: GC_FOR_ALLOC freed 301K, 10% free 9638K/10631K, paused 12ms
06-16 20:13:15.187  1380  1380 D OpenGLRenderer: Flushing caches (mode 1)
06-16 20:13:15.207  4491  4508 I ElegantRequestDirector: I/O exception (org.apache.http.NoHttpResponseException) caught when processing request: The target server failed to respond
06-16 20:13:15.207  4491  4508 I ElegantRequestDirector: Retrying request
06-16 20:13:29.507  1380  1380 D OpenGLRenderer: Flushing caches (mode 1)
06-16 20:13:40.945  4491  4508 D Volley  : [289] BasicNetwork.logSlowRequests: HTTP response for request=<[ ] https://android.clients.google.com/fdfe/log NORMAL 55> [lifetime=25805], [size=4], [rc=200], [retryCount=1]
06-16 20:13:40.968  4491  4491 D Volley  : [1] Request.finish: 25836 ms: [ ] https://android.clients.google.com/fdfe/log NORMAL 55
06-16 20:13:55.683  3342  4667 W System.err: java.net.SocketTimeoutException
06-16 20:13:55.699  3342  4667 W System.err: 	at java.net.PlainSocketImpl.read(PlainSocketImpl.java:491)
06-16 20:13:55.699  3342  4667 W System.err: 	at java.net.PlainSocketImpl.access$000(PlainSocketImpl.java:46)
06-16 20:13:55.703  3342  4667 W System.err: 	at java.net.PlainSocketImpl$PlainSocketInputStream.read(PlainSocketImpl.java:240)
06-16 20:13:55.707  3342  4667 W System.err: 	at org.apache.http.impl.io.AbstractSessionInputBuffer.fillBuffer(AbstractSessionInputBuffer.java:103)
06-16 20:13:55.711  3342  4667 W System.err: 	at org.apache.http.impl.io.AbstractSessionInputBuffer.readLine(AbstractSessionInputBuffer.java:191)
06-16 20:13:55.711  3342  4667 W System.err: 	at org.apache.http.impl.conn.DefaultResponseParser.parseHead(DefaultResponseParser.java:82)
06-16 20:13:55.714  3342  4667 W System.err: 	at org.apache.http.impl.io.AbstractMessageParser.parse(AbstractMessageParser.java:174)
06-16 20:13:55.718  3342  4667 W System.err: 	at org.apache.http.impl.AbstractHttpClientConnection.receiveResponseHeader(AbstractHttpClientConnection.java:180)
06-16 20:13:55.722  3342  4667 W System.err: 	at org.apache.http.impl.conn.DefaultClientConnection.receiveResponseHeader(DefaultClientConnection.java:235)
06-16 20:13:55.722  3342  4667 W System.err: 	at org.apache.http.impl.conn.AbstractClientConnAdapter.receiveResponseHeader(AbstractClientConnAdapter.java:259)
06-16 20:13:55.726  3342  4667 W System.err: 	at org.apache.http.protocol.HttpRequestExecutor.doReceiveResponse(HttpRequestExecutor.java:279)
06-16 20:13:55.730  3342  4667 W System.err: 	at org.apache.http.protocol.HttpRequestExecutor.execute(HttpRequestExecutor.java:121)
06-16 20:13:55.730  3342  4667 W System.err: 	at org.apache.http.impl.client.DefaultRequestDirector.execute(DefaultRequestDirector.java:428)
06-16 20:13:55.734  3342  4667 W System.err: 	at org.apache.http.impl.client.AbstractHttpClient.execute(AbstractHttpClient.java:555)
06-16 20:13:55.734  3342  4667 W System.err: 	at org.apache.http.impl.client.AbstractHttpClient.execute(AbstractHttpClient.java:487)
06-16 20:13:55.742  3342  4667 W System.err: 	at com.loopj.android.http.AsyncHttpRequest.makeRequest(Unknown Source)
06-16 20:13:55.742  3342  4667 W System.err: 	at com.loopj.android.http.AsyncHttpRequest.makeRequestWithRetries(Unknown Source)
06-16 20:13:55.746  3342  4667 W System.err: 	at com.loopj.android.http.AsyncHttpRequest.run(Unknown Source)
06-16 20:13:55.750  3342  4667 W System.err: 	at java.util.concurrent.Executors$RunnableAdapter.call(Executors.java:442)
06-16 20:13:55.754  3342  4667 W System.err: 	at java.util.concurrent.FutureTask$Sync.innerRun(FutureTask.java:305)
06-16 20:13:55.754  3342  4667 W System.err: 	at java.util.concurrent.FutureTask.run(FutureTask.java:137)
06-16 20:13:55.757  3342  4667 W System.err: 	at java.util.concurrent.ThreadPoolExecutor.runWorker(ThreadPoolExecutor.java:1076)
06-16 20:13:55.757  3342  4667 W System.err: 	at java.util.concurrent.ThreadPoolExecutor$Worker.run(ThreadPoolExecutor.java:569)
06-16 20:13:55.757  3342  4667 W System.err: 	at java.lang.Thread.run(Thread.java:856)
06-16 20:13:55.757  3342  4667 W System.err: java.net.SocketTimeoutException
06-16 20:13:55.757  3342  4667 W System.err: 	at java.net.PlainSocketImpl.read(PlainSocketImpl.java:491)
06-16 20:13:55.757  3342  4667 W System.err: 	at java.net.PlainSocketImpl.access$000(PlainSocketImpl.java:46)
06-16 20:13:55.757  3342  4667 W System.err: 	at java.net.PlainSocketImpl$PlainSocketInputStream.read(PlainSocketImpl.java:240)
06-16 20:13:55.757  3342  4667 W System.err: 	at org.apache.http.impl.io.AbstractSessionInputBuffer.fillBuffer(AbstractSessionInputBuffer.java:103)
06-16 20:13:55.761  3342  4667 W System.err: 	at org.apache.http.impl.io.AbstractSessionInputBuffer.readLine(AbstractSessionInputBuffer.java:191)
06-16 20:13:55.761  3342  4667 W System.err: 	at org.apache.http.impl.conn.DefaultResponseParser.parseHead(DefaultResponseParser.java:82)
06-16 20:13:55.761  3342  4667 W System.err: 	at org.apache.http.impl.io.AbstractMessageParser.parse(AbstractMessageParser.java:174)
06-16 20:13:55.761  3342  4667 W System.err: 	at org.apache.http.impl.AbstractHttpClientConnection.receiveResponseHeader(AbstractHttpClientConnection.java:180)
06-16 20:13:55.761  3342  4667 W System.err: 	at org.apache.http.impl.conn.DefaultClientConnection.receiveResponseHeader(DefaultClientConnection.java:235)
06-16 20:13:55.761  3342  4667 W System.err: 	at org.apache.http.impl.conn.AbstractClientConnAdapter.receiveResponseHeader(AbstractClientConnAdapter.java:259)
06-16 20:13:55.761  3342  4667 W System.err: 	at org.apache.http.protocol.HttpRequestExecutor.doReceiveResponse(HttpRequestExecutor.java:279)
06-16 20:13:55.761  3342  4667 W System.err: 	at org.apache.http.protocol.HttpRequestExecutor.execute(HttpRequestExecutor.java:121)
06-16 20:13:55.761  3342  4667 W System.err: 	at org.apache.http.impl.client.DefaultRequestDirector.execute(DefaultRequestDirector.java:428)
06-16 20:13:55.761  3342  4667 W System.err: 	at org.apache.http.impl.client.AbstractHttpClient.execute(AbstractHttpClient.java:555)
06-16 20:13:55.765  3342  4667 W System.err: 	at org.apache.http.impl.client.AbstractHttpClient.execute(AbstractHttpClient.java:487)
06-16 20:13:55.765  3342  4667 W System.err: 	at com.loopj.android.http.AsyncHttpRequest.makeRequest(Unknown Source)
06-16 20:13:55.765  3342  4667 W System.err: 	at com.loopj.android.http.AsyncHttpRequest.makeRequestWithRetries(Unknown Source)
06-16 20:13:55.765  3342  4667 W System.err: 	at com.loopj.android.http.AsyncHttpRequest.run(Unknown Source)
06-16 20:13:55.765  3342  4667 W System.err: 	at java.util.concurrent.Executors$RunnableAdapter.call(Executors.java:442)
06-16 20:13:55.765  3342  4667 W System.err: 	at java.util.concurrent.FutureTask$Sync.innerRun(FutureTask.java:305)
06-16 20:13:55.765  3342  4667 W System.err: 	at java.util.concurrent.FutureTask.run(FutureTask.java:137)
06-16 20:13:55.765  3342  4667 W System.err: 	at java.util.concurrent.ThreadPoolExecutor.runWorker(ThreadPoolExecutor.java:1076)
06-16 20:13:55.765  3342  4667 W System.err: 	at java.util.concurrent.ThreadPoolExecutor$Worker.run(ThreadPoolExecutor.java:569)
06-16 20:13:55.765  3342  4667 W System.err: 	at java.lang.Thread.run(Thread.java:856)
06-16 20:13:55.765  3342  3342 E PhoneLab-: Transfering 1339890297591.log failed
06-16 20:13:55.765  3342  3342 I PhoneLab-Locks: wake lock released
06-16 20:14:44.265   152   152 D AlarmManagerService: Kernel timezone updated to 240 minutes west of GMT
06-16 20:15:59.027   724  1479 I EventLogService: Aggregate from 1339890358746 (log), 1339890358746 (data)
06-16 20:18:55.093   724   728 D dalvikvm: GC_CONCURRENT freed 438K, 12% free 10710K/12103K, paused 42ms+4ms
06-16 20:43:13.015  3342  3342 I PhoneLab-Locks: wake lock acquired
06-16 20:43:13.047  3342  4673 I PhoneLab-PeriodicCheckService: User info is synched
06-16 20:43:13.066  3342  4673 I PhoneLab-PeriodicCheckService: Logger Service is running
06-16 20:43:13.066  3342  4673 I PhoneLab-Locks: wake lock acquired
06-16 20:43:13.070  3342  3342 I PhoneLab-UploadLogs: Transfering log files now
06-16 20:43:13.070  3342  4673 I PhoneLab-PeriodicCheckService: Rescheduling periodic checking...
06-16 20:43:13.074  3342  4673 I PhoneLab-Locks: wake lock released
06-16 20:43:13.109  3342  3345 D dalvikvm: GC_CONCURRENT freed 989K, 14% free 9160K/10631K, paused 2ms+2ms
06-16 20:43:13.156  3342  3345 D dalvikvm: GC_CONCURRENT freed 289K, 13% free 9280K/10631K, paused 2ms+1ms
06-16 20:43:13.172  3342  3342 D dalvikvm: GC_FOR_ALLOC freed 120K, 12% free 9408K/10631K, paused 12ms
06-16 20:43:13.199  3342  3342 I PhoneLab-UploadLogs: OnStartCommand
06-16 20:43:13.261   152   155 D dalvikvm: GC_CONCURRENT freed 1180K, 16% free 14549K/17223K, paused 2ms+5ms
06-16 20:43:13.281  3342  3345 D dalvikvm: GC_CONCURRENT freed 299K, 10% free 9621K/10631K, paused 2ms+2ms
06-16 20:43:14.621  3342  4676 D dalvikvm: GC_FOR_ALLOC freed 307K, 10% free 9640K/10631K, paused 43ms
06-16 20:43:14.636  3342  4676 D dalvikvm: GC_FOR_ALLOC freed 301K, 10% free 9640K/10631K, paused 12ms
06-16 20:43:14.648  3342  4676 D dalvikvm: GC_FOR_ALLOC freed 301K, 10% free 9641K/10631K, paused 12ms
06-16 20:43:37.047  3342  3342 I PhoneLab-: 1339890297591.log is deleted
06-16 20:43:37.047  3342  3342 I PhoneLab-: Response: {"data": "done", "err": ""}
06-16 20:43:37.050  3342  3342 I PhoneLab-UploadLogs: No log files to transfer
06-16 20:43:37.050  3342  3342 I PhoneLab-Locks: wake lock released
06-16 20:45:59.027   152   152 D AlarmManagerService: Kernel timezone updated to 240 minutes west of GMT
06-16 20:45:59.031   470   470 D SystemClock: Setting time of day to sec=1339893959
06-16 20:45:59.098   724   906 I EventLogService: Aggregate from 1339892159030 (log), 1339892159030 (data)
06-16 20:45:59.101  4405  4418 V AlarmClock: AlarmInitReceiver finished
06-16 20:45:59.219  4324  4327 D dalvikvm: GC_CONCURRENT freed 309K, 5% free 9170K/9607K, paused 14ms+2ms
06-16 20:48:57.058  3342  3355 I PhoneLab-: Service Running
06-16 20:48:57.074  4297  4299 D dalvikvm: GC_CONCURRENT freed 410K, 6% free 9287K/9799K, paused 12ms+4ms
06-16 20:48:57.109  3342  3355 I PhoneLab-LoggerService: app_37    1263  1     1764   1320  c00f181c 400107b4 S logcat
06-16 20:48:57.109  3342  3355 I PhoneLab-LoggerService: Logcat pid from database 1263
06-16 20:48:57.109  3342  3355 I PhoneLab-LoggerService: Logcat process found 1263
06-16 20:48:57.109  3342  3355 I PhoneLab-LoggerService: Checking Threshold
06-16 20:48:57.109  3342  3355 I PhoneLab-: Service Running
06-16 20:48:57.148  3342  3355 I PhoneLab-LoggerService: app_37    1263  1     1764   1320  c00f181c 400107b4 S logcat
06-16 20:48:57.148  3342  3355 I PhoneLab-LoggerService: Logcat pid from database 1263
06-16 20:48:57.148  3342  3355 I PhoneLab-LoggerService: Logcat process found 1263
06-16 20:48:57.148  3342  3355 I PhoneLab-LoggerService: Checking Threshold
06-16 20:48:57.148  3342  3355 I PhoneLab-: Service Running
06-16 20:48:57.168  3342  3345 D dalvikvm: GC_CONCURRENT freed 907K, 14% free 9159K/10631K, paused 2ms+1ms
06-16 20:48:57.187  3342  3355 I PhoneLab-LoggerService: app_37    1263  1     1764   1320  c00f181c 400107b4 S logcat
06-16 20:48:57.187  3342  3355 I PhoneLab-LoggerService: Logcat pid from database 1263
06-16 20:48:57.187  3342  3355 I PhoneLab-LoggerService: Logcat process found 1263
06-16 20:48:57.187  3342  3355 I PhoneLab-LoggerService: Checking Threshold
06-16 20:48:57.187  3342  3355 I PhoneLab-: Service Running
06-16 20:48:57.215  3342  3355 I PhoneLab-LoggerService: app_37    1263  1     1764   1320  c00f181c 400107b4 S logcat
06-16 20:48:57.215  3342  3355 I PhoneLab-LoggerService: Logcat pid from database 1263
06-16 20:48:57.215  3342  3355 I PhoneLab-LoggerService: Logcat process found 1263
06-16 20:48:57.215  3342  3355 I PhoneLab-LoggerService: Checking Threshold
06-16 20:48:57.215  3342  3355 I PhoneLab-: Service Running
06-16 20:48:57.242  3342  3355 I PhoneLab-LoggerService: app_37    1263  1     1764   1320  c00f181c 400107b4 S logcat
06-16 20:48:57.242  3342  3355 I PhoneLab-LoggerService: Logcat pid from database 1263
06-16 20:48:57.242  3342  3355 I PhoneLab-LoggerService: Logcat process found 1263
06-16 20:48:57.242  3342  3355 I PhoneLab-LoggerService: Checking Threshold
06-16 20:48:57.242  3342  3355 I PhoneLab-: Service Running
06-16 20:48:57.269  3342  3355 I PhoneLab-LoggerService: app_37    1263  1     1764   1320  c00f181c 400107b4 S logcat
06-16 20:48:57.269  3342  3355 I PhoneLab-LoggerService: Logcat pid from database 1263
06-16 20:48:57.269  3342  3355 I PhoneLab-LoggerService: Logcat process found 1263
06-16 20:48:57.269  3342  3355 I PhoneLab-LoggerService: Checking Threshold
06-16 20:48:57.269  3342  3355 I PhoneLab-: Service Running
06-16 20:48:57.297  3342  3355 I PhoneLab-LoggerService: app_37    1263  1     1764   1320  c00f181c 400107b4 S logcat
06-16 20:48:57.297  3342  3355 I PhoneLab-LoggerService: Logcat pid from database 1263
06-16 20:48:57.297  3342  3355 I PhoneLab-LoggerService: Logcat process found 1263
06-16 20:48:57.297  3342  3355 I PhoneLab-LoggerService: Checking Threshold
06-16 20:48:57.297  3342  3355 I PhoneLab-: Service Running
06-16 20:48:57.320  3342  3355 I PhoneLab-LoggerService: app_37    1263  1     1764   1320  c00f181c 400107b4 S logcat
06-16 20:48:57.324  3342  3355 I PhoneLab-LoggerService: Logcat pid from database 1263
06-16 20:48:57.324  3342  3355 I PhoneLab-LoggerService: Logcat process found 1263
06-16 20:48:57.324  3342  3355 I PhoneLab-LoggerService: Checking Threshold
06-16 20:48:57.324  3342  3355 I PhoneLab-: Service Running
06-16 20:48:57.351  3342  3355 I PhoneLab-LoggerService: app_37    1263  1     1764   1320  c00f181c 400107b4 S logcat
06-16 20:48:57.355  3342  3355 I PhoneLab-LoggerService: Logcat pid from database 1263
06-16 20:48:57.355  3342  3355 I PhoneLab-LoggerService: Logcat process found 1263
06-16 20:48:57.355  3342  3355 I PhoneLab-LoggerService: Checking Threshold
06-16 20:48:57.355  3342  3355 I PhoneLab-: Service Running
06-16 20:48:57.386  3342  3355 I PhoneLab-LoggerService: app_37    1263  1     1764   1320  c00f181c 400107b4 S logcat
06-16 20:48:57.386  3342  3355 I PhoneLab-LoggerService: Logcat pid from database 1263
06-16 20:48:57.386  3342  3355 I PhoneLab-LoggerService: Logcat process found 1263
06-16 20:48:57.386  3342  3355 I PhoneLab-LoggerService: Checking Threshold
06-16 20:48:57.386  3342  3355 I PhoneLab-: Service Running
06-16 20:48:57.414  3342  3345 D dalvikvm: GC_CONCURRENT freed 407K, 14% free 9164K/10631K, paused 1ms+6ms
06-16 20:48:57.429  3342  3355 I PhoneLab-LoggerService: app_37    1263  1     1764   1320  c00f181c 400107b4 S logcat
06-16 20:48:57.429  3342  3355 I PhoneLab-LoggerService: Logcat pid from database 1263
06-16 20:48:57.429  3342  3355 I PhoneLab-LoggerService: Logcat process found 1263
06-16 20:48:57.429  3342  3355 I PhoneLab-LoggerService: Checking Threshold
06-16 20:48:57.433  3342  3355 I PhoneLab-: Service Running
06-16 20:48:57.457  3342  3355 I PhoneLab-LoggerService: app_37    1263  1     1764   1320  c00f181c 400107b4 S logcat
06-16 20:48:57.457  3342  3355 I PhoneLab-LoggerService: Logcat pid from database 1263
06-16 20:48:57.457  3342  3355 I PhoneLab-LoggerService: Logcat process found 1263
06-16 20:48:57.457  3342  3355 I PhoneLab-LoggerService: Checking Threshold
06-16 20:48:57.461  3342  3355 I PhoneLab-: Service Running
06-16 20:48:57.484  3342  3355 I PhoneLab-LoggerService: app_37    1263  1     1764   1320  c00f181c 400107b4 S logcat
06-16 20:48:57.484  3342  3355 I PhoneLab-LoggerService: Logcat pid from database 1263
06-16 20:48:57.484  3342  3355 I PhoneLab-LoggerService: Logcat process found 1263
06-16 20:48:57.484  3342  3355 I PhoneLab-LoggerService: Checking Threshold
06-16 20:48:57.484  3342  3355 I PhoneLab-: Service Running
06-16 20:48:57.511  3342  3355 I PhoneLab-LoggerService: app_37    1263  1     1764   1320  c00f181c 400107b4 S logcat
06-16 20:48:57.511  3342  3355 I PhoneLab-LoggerService: Logcat pid from database 1263
06-16 20:48:57.511  3342  3355 I PhoneLab-LoggerService: Logcat process found 1263
06-16 20:48:57.511  3342  3355 I PhoneLab-LoggerService: Checking Threshold
06-16 20:48:57.511  3342  3355 I PhoneLab-: Service Running
06-16 20:48:57.539  3342  3355 I PhoneLab-LoggerService: app_37    1263  1     1764   1320  c00f181c 400107b4 S logcat
06-16 20:48:57.539  3342  3355 I PhoneLab-LoggerService: Logcat pid from database 1263
06-16 20:48:57.539  3342  3355 I PhoneLab-LoggerService: Logcat process found 1263
06-16 20:48:57.539  3342  3355 I PhoneLab-LoggerService: Checking Threshold
06-16 20:48:57.539  3342  3355 I PhoneLab-: Service Running
06-16 20:48:57.566  3342  3355 I PhoneLab-LoggerService: app_37    1263  1     1764   1320  c00f181c 400107b4 S logcat
06-16 20:48:57.566  3342  3355 I PhoneLab-LoggerService: Logcat pid from database 1263
06-16 20:48:57.570  3342  3355 I PhoneLab-LoggerService: Logcat process found 1263
06-16 20:48:57.570  3342  3355 I PhoneLab-LoggerService: Checking Threshold
06-16 20:48:57.570  3342  3355 I PhoneLab-: Service Running
06-16 20:48:57.593  3342  3355 I PhoneLab-LoggerService: app_37    1263  1     1764   1320  c00f181c 400107b4 S logcat
06-16 20:48:57.593  3342  3355 I PhoneLab-LoggerService: Logcat pid from database 1263
06-16 20:48:57.593  3342  3355 I PhoneLab-LoggerService: Logcat process found 1263
06-16 20:48:57.593  3342  3355 I PhoneLab-LoggerService: Checking Threshold
06-16 20:48:57.597  3342  3355 I PhoneLab-: Service Running
06-16 20:48:57.621  3342  3355 I PhoneLab-LoggerService: app_37    1263  1     1764   1320  c00f181c 400107b4 S logcat
06-16 20:48:57.621  3342  3355 I PhoneLab-LoggerService: Logcat pid from database 1263
06-16 20:48:57.621  3342  3355 I PhoneLab-LoggerService: Logcat process found 1263
06-16 20:48:57.621  3342  3355 I PhoneLab-LoggerService: Checking Threshold
06-16 20:48:57.621  3342  3355 I PhoneLab-: Service Running
06-16 20:48:57.664  3342  3345 D dalvikvm: GC_CONCURRENT freed 414K, 15% free 9140K/10631K, paused 1ms+6ms
06-16 20:48:57.664  3342  3355 I PhoneLab-LoggerService: app_37    1263  1     1764   1320  c00f181c 400107b4 S logcat
06-16 20:48:57.664  3342  3355 I PhoneLab-LoggerService: Logcat pid from database 1263
06-16 20:48:57.664  3342  3355 I PhoneLab-LoggerService: Logcat process found 1263
06-16 20:48:57.664  3342  3355 I PhoneLab-LoggerService: Checking Threshold
06-16 20:48:57.664  3342  3355 I PhoneLab-: Service Running
06-16 20:48:57.699  3342  3355 I PhoneLab-LoggerService: app_37    1263  1     1764   1320  c00f181c 400107b4 S logcat
06-16 20:48:57.699  3342  3355 I PhoneLab-LoggerService: Logcat pid from database 1263
06-16 20:48:57.699  3342  3355 I PhoneLab-LoggerService: Logcat process found 1263
06-16 20:48:57.699  3342  3355 I PhoneLab-LoggerService: Checking Threshold
06-16 20:48:57.699  3342  3355 I PhoneLab-: Service Running
06-16 20:48:57.726  3342  3355 I PhoneLab-LoggerService: app_37    1263  1     1764   1320  c00f181c 400107b4 S logcat
06-16 20:48:57.726  3342  3355 I PhoneLab-LoggerService: Logcat pid from database 1263
06-16 20:48:57.726  3342  3355 I PhoneLab-LoggerService: Logcat process found 1263
06-16 20:48:57.726  3342  3355 I PhoneLab-LoggerService: Checking Threshold
06-16 21:08:02.015   152   202 I power   : *** set_screen_state 1
06-16 21:08:02.089   152   202 I WindowManager: Lock screen displayed!
06-16 21:08:02.214    79   119 D SurfaceFlinger: Screen about to return, flinger = 0x1a25918
06-16 21:08:12.566   152   198 I power   : *** set_screen_state 0
06-16 21:08:12.605    79   119 D SurfaceFlinger: About to give-up screen, flinger = 0x1a25918
06-16 21:11:07.054   152   155 D dalvikvm: GC_CONCURRENT freed 1006K, 14% free 14893K/17223K, paused 9ms+504ms
06-16 21:11:07.082   152   202 V TransportControlView: Create TCV com.android.internal.widget.TransportControlView@417cd5a8
06-16 21:11:07.679   152   168 V BackupManagerService: Running a backup pass
06-16 21:11:07.687   152   324 V BackupManagerService: Backup requested but nothing pending
06-16 21:13:13.058  3342  3342 I PhoneLab-Locks: wake lock acquired
06-16 21:13:13.066  3342  4708 I PhoneLab-PeriodicCheckService: User info is synched
06-16 21:13:13.066  3342  4708 I PhoneLab-PeriodicCheckService: Logger Service is running
06-16 21:13:13.070  3342  3342 I PhoneLab-Locks: wake lock acquired
06-16 21:13:13.074  3342  3342 I PhoneLab-StatusMonitor: Status Monitoring is started
06-16 21:13:13.074  3342  3342 E PhoneLab-PhoneLabManifest: java.io.FileNotFoundException: /data/data/edu.buffalo.cse.phonelab.phonelabservices/files/manifest.xml: open failed: ENOENT (No such file or directory)
06-16 21:13:13.074  3342  3342 I PhoneLab-Locks: wake lock released
06-16 21:13:13.082  3342  4708 I PhoneLab-Locks: wake lock acquired
06-16 21:13:13.082  3342  3342 I PhoneLab-UploadLogs: Transfering log files now
06-16 21:13:13.082  3342  3342 I PhoneLab-UploadLogs: No log files to transfer
06-16 21:13:13.082  3342  3342 I PhoneLab-Locks: wake lock released
06-16 21:13:13.086  3342  3342 I PhoneLab-UploadLogs: OnStartCommand
06-16 21:13:13.086  3342  4708 I PhoneLab-PeriodicCheckService: Rescheduling periodic checking...
06-16 21:13:13.086  3342  4708 I PhoneLab-Locks: wake lock released
06-16 21:15:59.238   724  1106 I EventLogService: Aggregate from 1339893959103 (log), 1339893959103 (data)
06-16 21:21:20.062   152   313 D ConnectivityService: Attempting to switch to wifi
06-16 21:21:20.062   152   313 D ConnectivityService: Attempting to switch to WIMAX
06-16 21:21:20.062   152   313 D ConnectivityService: Attempting to switch to BLUETOOTH_TETHER
06-16 21:21:20.074   152   313 D NetUtils: android_net_utils_resetConnections in env=0xb2a078 clazz=0x9f100001 iface=rmnet0 mask=0x3
06-16 21:21:20.074   152   313 D ConnectivityService: resetConnections(rmnet0, 3)
06-16 21:21:20.144   470   470 D SAN_SERVICE: *******************************************
06-16 21:21:20.144   470   470 D SAN_SERVICE: DM App Phone Call State - 1
06-16 21:21:20.144   470   470 D SAN_SERVICE: *******************************************
06-16 21:21:20.144   470   470 D CallNotifier: RINGING... (new)
06-16 21:21:20.144   470   470 D CallNotifier: onNewRingingConnection(): state = RINGING, conn = {  incoming: true state: INCOMING post dial state: NOT_STARTED }
06-16 21:21:20.148   470  4709 D CallNotifier: SignalInfoTonePlayer.run(toneId = 98)...
06-16 21:21:20.152   724  2861 W Smack/Packet: notify conn break (IOEx), close connection
06-16 21:21:20.191    82   122 D AudioHardware: AudioStreamOutALSA::setParameters() routing=1
06-16 21:21:20.203    82   122 D AudioHardware: AudioHardware pcm playback is exiting standby.
06-16 21:21:20.203    82   122 D AudioHardware: openPcmOut_l() mPcmOpenCnt: 0
06-16 21:21:20.226   470   470 D Bluetooth HS/HF: CDMA call state: IDLE prev state:IDLE
06-16 21:21:20.230   389   389 D PhoneStatusBar: disable: < expand icons ALERTS* ticker system_info BACK HOME RECENT CLOCK >
06-16 21:21:20.234   470   470 D AccelerometerListener: enable(false)
06-16 21:21:20.296   470   470 D CallNotifier: showIncomingCall()...  phone state = RINGING
06-16 21:21:20.300   152  2845 I power   : *** set_screen_state 0
06-16 21:21:20.312   152   202 I WindowManager: Lock screen displayed!
06-16 21:21:20.461   724  2861 I qtaguid : Failed write_ctrl(u 70) res=-1 errno=22
06-16 21:21:20.461   724  2861 I qtaguid : Untagging socket 70 failed errno=-22
06-16 21:21:20.461   724  2861 W NetworkManagementSocketTagger: untagSocket(70) failed with errno -22
06-16 21:21:20.492    82    82 D AudioHardwareInterface: setMode(RINGTONE)
06-16 21:21:20.496   152   506 I AudioService:  AudioFocus  requestAudioFocus() from AudioFocus_For_Phone_Ring_And_Calls
06-16 21:21:20.523    82   122 D AudioHardware: AudioStreamOutALSA::setParameters() routing=2
06-16 21:21:20.527    82   122 D AudioHardware: AudioHardware pcm playback is going to standby.
06-16 21:21:20.527    82   122 D AudioHardware: closePcmOut_l() mPcmOpenCnt: 1
06-16 21:21:20.527    82   122 D AudioHardware: AudioHardware pcm playback is exiting standby.
06-16 21:21:20.527    82   122 D AudioHardware: openPcmOut_l() mPcmOpenCnt: 0
06-16 21:21:20.531   389   391 D dalvikvm: GC_CONCURRENT freed 395K, 13% free 9667K/11079K, paused 5ms+43ms
06-16 21:21:20.562   389   389 D PhoneStatusBar: Notification has fullScreenIntent; sending fullScreenIntent
06-16 21:21:20.566   152  1041 I ActivityManager: START {act=android.intent.action.MAIN flg=0x10840000 cmp=com.android.phone/.InCallScreen} from pid -1
06-16 21:21:20.574   152   313 D ConnectivityService: handleInetConditionChange: no active default network - ignore
06-16 21:21:20.629   470   470 D InCallScreen: onNewIntent: intent = Intent { act=android.intent.action.MAIN flg=0x10c40000 cmp=com.android.phone/.InCallScreen }, phone state = RINGING
06-16 21:21:20.671   389   389 D PhoneStatusBar: disable: < EXPAND* icons ALERTS ticker system_info BACK HOME RECENT CLOCK >
06-16 21:21:20.726   470   473 D dalvikvm: GC_CONCURRENT freed 797K, 10% free 12131K/13447K, paused 2ms+8ms
06-16 21:21:20.820   470   470 D dalvikvm: GC_FOR_ALLOC freed 55K, 8% free 12388K/13447K, paused 58ms
06-16 21:21:20.839   389   391 D dalvikvm: GC_CONCURRENT freed 363K, 12% free 9787K/11079K, paused 5ms+9ms
06-16 21:21:20.875   470   470 D dalvikvm: GC_FOR_ALLOC freed 1K, 8% free 12490K/13575K, paused 47ms
06-16 21:21:20.957  4491  4491 D OpenGLRenderer: Flushing caches (mode 1)
06-16 21:21:20.976   152   163 I power   : *** set_screen_state 1
06-16 21:21:21.046   470   470 D Bluetooth HS/HF: CDMA call state: IDLE prev state:IDLE
06-16 21:21:21.113  4491  4491 D OpenGLRenderer: Flushing caches (mode 0)
06-16 21:21:21.179    79   119 D SurfaceFlinger: Screen about to return, flinger = 0x1a25918
06-16 21:21:21.277   389   389 D PhoneStatusBar: disable: < EXPAND icons ALERTS ticker system_info BACK HOME RECENT clock* >
06-16 21:21:23.129   152   316 D Tethering: MasterInitialState.processMessage what=3
06-16 21:21:23.207   152   510 I ActivityManager: Start proc com.google.android.gallery3d for broadcast com.google.android.gallery3d/com.google.android.picasasync.ConnectivityReceiver: pid=4716 uid=10016 gids={3003, 1015}
06-16 21:21:23.406  4716  4716 I ActivityThread: Pub com.google.android.gallery3d.GooglePhotoProvider: com.google.android.picasasync.PicasaContentProvider
06-16 21:21:23.535  4716  4717 D dalvikvm: GC_CONCURRENT freed 417K, 6% free 9118K/9607K, paused 6ms+9ms
06-16 21:21:23.629  4716  4716 I ActivityThread: Pub com.google.android.gallery3d.provider: com.android.gallery3d.provider.GalleryProvider
06-16 21:21:23.730  4716  4717 D dalvikvm: GC_CONCURRENT freed 382K, 6% free 9160K/9671K, paused 1ms+6ms
06-16 21:21:23.851   152   506 D dalvikvm: GC_EXPLICIT freed 1399K, 17% free 14432K/17223K, paused 3ms+12ms
06-16 21:21:23.918  4716  4716 D UploadsManager: load newPhotoTracker: null
06-16 21:21:23.918  4716  4716 D UploadsManager: load all accounts: null
06-16 21:21:23.918  4716  4716 D UploadsManager: load all account-album pairs: null
06-16 21:21:23.918  4716  4716 V PicasaContentProvider: querySettings: defaults: {sync_on_wifi_only=1, auto_upload_account_type=null, sync_on_battery=1, sync_picasa_on_wifi_only=1, auto_upload_enabled=0, video_upload_wifi_only=1, sync_on_roaming=0, auto_upload_account_name=null}
06-16 21:21:23.921  4716  4716 D UploadsManager:    settings not changed
06-16 21:21:23.992   152   152 I ActivityManager: Start proc com.google.android.apps.uploader for broadcast com.google.android.apps.uploader/.ConnectivityBroadcastReceiver: pid=4732 uid=10030 gids={3003}
06-16 21:21:23.996  4716  4730 D PicasaSync: sync account database
06-16 21:21:24.019  4732  4732 I dalvikvm: Turning on JNI app bug workarounds for target SDK version 11...
06-16 21:21:24.113  4732  4732 I ActivityThread: Pub com.google.android.apps.uploader: com.google.android.apps.uploader.UploadsContentProvider
06-16 21:21:24.113  4732  4732 I ActivityThread: Pub com.google.photos.provider.Album: com.google.android.apps.uploader.clients.picasa.AlbumProvider
06-16 21:21:24.144  4732  4732 D MediaUploader: UploaderApplication.onCreate
06-16 21:21:24.304  4732  4732 D MediaUploader: nonWifiLimit=20971520, default=20971520
06-16 21:21:24.316  4732  4732 I MediaUploader: No need to wake up
06-16 21:21:24.668  4716  4730 D PicasaSync: accounts in DB=2
06-16 21:21:24.695  4716  4730 V PicasaContentProvider: querySettings: defaults: {sync_on_wifi_only=1, auto_upload_account_type=null, sync_on_battery=1, sync_picasa_on_wifi_only=1, auto_upload_enabled=0, video_upload_wifi_only=1, sync_on_roaming=0, auto_upload_account_name=null}
06-16 21:21:24.734  4716  4730 D PicasaSyncManager: active network: null
06-16 21:21:24.738  4716  4730 D PicasaSyncManager: background data: true
06-16 21:21:25.171  4716  4730 V PicasaContentProvider: querySettings: defaults: {sync_on_wifi_only=1, auto_upload_account_type=null, sync_on_battery=1, sync_picasa_on_wifi_only=1, auto_upload_enabled=0, video_upload_wifi_only=1, sync_on_roaming=0, auto_upload_account_name=null}
06-16 21:21:25.218  4716  4730 D PicasaSyncManager: reject MetadataSyncTask (ubphlab@gmail.com) for wifi connection
06-16 21:21:25.629  4716  4730 D PicasaSyncManager: battery info: false
06-16 21:21:29.660   389   391 D dalvikvm: GC_CONCURRENT freed 277K, 11% free 9898K/11079K, paused 1ms+4ms
06-16 21:21:30.117  4491  4748 D Finsky  : [316] OnCompleteListenerNotifier.doInBackground: Signature check not required.
06-16 21:21:30.445   152   172 I ActivityManager: Start proc com.android.defcontainer for service com.android.defcontainer/.DefaultContainerService: pid=4749 uid=10010 gids={1015, 2001}
06-16 21:21:31.070   152   559 I ActivityManager: Process com.google.android.gm (pid 3706) has died.
06-16 21:21:31.144   152   172 W ActivityManager: No content provider found for permission revoke: file:///data/data/com.android.providers.downloads/cache/downloadfile.apk
06-16 21:21:32.691   152   172 W ActivityManager: No content provider found for permission revoke: file:///data/data/com.android.providers.downloads/cache/downloadfile.apk
06-16 21:21:37.910   152   155 D dalvikvm: GC_CONCURRENT freed 705K, 14% free 14976K/17223K, paused 8ms+5ms
06-16 21:21:40.082   152   313 D ConnectivityService: ConnectivityChange for mobile: CONNECTED/CONNECTED
06-16 21:21:40.168   470   470 D SAN_SERVICE: *******************************************
06-16 21:21:40.168   470   470 D SAN_SERVICE: DM App Phone Call State - 0
06-16 21:21:40.168   470   470 D SAN_SERVICE: *******************************************
06-16 21:21:40.171   152   308 D NetworkPolicy: applying policy NetworkPolicy[NetworkTemplate: matchRule=MOBILE_ALL, subscriberId=valid]: cycleDay=15, warningBytes=2147483648, limitBytes=-1, lastSnooze=-1 to ifaces [rmnet0]
06-16 21:21:40.195   470   470 D CallNotifier: onDisconnect: cause = INCOMING_MISSED, incoming = true, date = 1339896080033
06-16 21:21:40.195   470  4763 D CallNotifier: SignalInfoTonePlayer.run(toneId = 98)...
06-16 21:21:40.211    82   651 D AudioHardwareInterface: setMode(NORMAL)
06-16 21:21:40.211    82   122 D AudioHardware: AudioStreamOutALSA::setParameters() routing=1
06-16 21:21:40.211    82   122 D AudioHardware: AudioHardware pcm playback is going to standby.
06-16 21:21:40.211    82   122 D AudioHardware: closePcmOut_l() mPcmOpenCnt: 1
06-16 21:21:40.211    82   122 D AudioHardware: AudioHardware pcm playback is exiting standby.
06-16 21:21:40.211    82   122 D AudioHardware: openPcmOut_l() mPcmOpenCnt: 0
06-16 21:21:40.214   152   163 I AudioService:  AudioFocus  abandonAudioFocus() from AudioFocus_For_Phone_Ring_And_Calls
06-16 21:21:40.226   152  1033 I PowerManagerService: clearUserActivity for 10000ms from now
06-16 21:21:40.250   470   470 D InCallScreen: delayedCleanupAfterDisconnect()...  Phone state = IDLE
06-16 21:21:40.250   470   470 D InCallScreen: endInCallScreenSession(false)...  phone state = IDLE
06-16 21:21:40.250   152   489 I ActivityManager: moveTaskToBack: 13
06-16 21:21:40.480   389   389 D PhoneStatusBar: disable: < expand* icons ALERTS ticker system_info BACK HOME RECENT CLOCK* >
06-16 21:21:40.504   470   470 D Bluetooth HS/HF: CDMA call state: IDLE prev state:IDLE
06-16 21:21:40.511   470   470 D AccelerometerListener: enable(false)
06-16 21:21:40.582   389   391 D dalvikvm: GC_CONCURRENT freed 316K, 10% free 9998K/11079K, paused 4ms+3ms
06-16 21:21:40.586   389   389 D PhoneStatusBar: disable: < expand icons alerts* ticker system_info BACK HOME RECENT CLOCK >
06-16 21:21:40.617   152  1032 I ActivityManager: moveTaskToBack: 13
06-16 21:21:40.754   470   470 D InCallTouchUi: - triggerPing: InCallScreen no longer in foreground; ignoring...
06-16 21:21:40.910   152   155 D dalvikvm: GC_CONCURRENT freed 957K, 11% free 15389K/17223K, paused 3ms+5ms
06-16 21:21:41.312   152   155 D dalvikvm: GC_CONCURRENT freed 1504K, 11% free 15398K/17223K, paused 4ms+6ms
06-16 21:21:41.496   152   155 D dalvikvm: GC_CONCURRENT freed 1488K, 11% free 15404K/17223K, paused 2ms+6ms
06-16 21:21:41.839   152   155 D dalvikvm: GC_CONCURRENT freed 1515K, 11% free 15443K/17223K, paused 3ms+6ms
06-16 21:21:41.918   152  2845 D AlarmManagerService: Kernel timezone updated to 240 minutes west of GMT
06-16 21:21:41.050  4405  4418 V AlarmClock: AlarmInitReceiver finished
06-16 21:21:41.921   470   470 D SystemClock: Setting time of day to sec=1339896101
06-16 21:21:41.168   724   728 D dalvikvm: GC_CONCURRENT freed 508K, 12% free 10673K/12103K, paused 3ms+4ms
06-16 21:21:41.340   152   155 D dalvikvm: GC_CONCURRENT freed 1514K, 11% free 15435K/17223K, paused 3ms+6ms
06-16 21:21:41.543   152   172 D dalvikvm: GC_EXPLICIT freed 735K, 11% free 15374K/17223K, paused 7ms+21ms
06-16 21:21:41.547  4491  4502 D Finsky  : [283] 1.packageInstalled: Package install status for "com.android.vending" is -104
06-16 21:21:41.550  4491  4502 W Finsky  : [283] 1.packageInstalled: Package name mismatsch: ours:  package manager's: com.android.vending
06-16 21:21:42.207   152   316 D Tethering: MasterInitialState.processMessage what=3
06-16 21:21:42.281  4732  4732 I MediaUploader: No need to wake up
06-16 21:21:42.293  4716  4730 D PicasaSyncManager: active network: NetworkInfo: type: mobile[CDMA - EvDo rev. A], state: CONNECTED/CONNECTED, reason: 2GVoiceCallEnded, extra: , roaming: false, failover: false, isAvailable: true
06-16 21:21:42.297  4716  4730 D PicasaSyncManager: background data: true
06-16 21:21:42.383    82   122 D AudioHardware: AudioHardware pcm playback is going to standby.
06-16 21:21:42.383    82   122 D AudioHardware: closePcmOut_l() mPcmOpenCnt: 1
06-16 21:21:42.605   389   391 D dalvikvm: GC_CONCURRENT freed 512K, 11% free 9930K/11079K, paused 7ms+3ms
06-16 21:21:49.929   152   198 I power   : *** set_screen_state 0
06-16 21:21:49.957   724   724 I GTalkService/c: [AndroidEndpoint@1094621160] connect: acct=1000000, state=CONNECTING
06-16 21:21:49.968    79   119 D SurfaceFlinger: About to give-up screen, flinger = 0x1a25918
06-16 21:21:49.984   724   724 I GTalkService/c: [GTalkConnection@1095022504] connect: acct=1, state=CONNECTING
06-16 21:21:49.988   724   724 I GTalkService/c: [GTalkConnection@1095243752] connect: acct=2, state=CONNECTING
06-16 21:21:50.082   152   202 V TransportControlView: Create TCV com.android.internal.widget.TransportControlView@417d2780
06-16 21:21:52.863   152   313 D ConnectivityService: handleInetConditionHoldEnd: net=0, condition=100, published condition=0
06-16 21:21:52.953   152   169 I ActivityManager: Start proc com.google.android.talk for broadcast com.google.android.talk/.ConnectionStateOnlineReceiver: pid=4773 uid=10046 gids={3003, 1015, 1006, 3002}
06-16 21:21:53.086  4773  4773 I ActivityThread: Pub com.google.android.talk.SuggestionProvider: com.google.android.talk.SuggestionsProvider
06-16 21:21:53.277  4773  4773 D vclib:CallStateClient: startListening
06-16 21:21:53.300  4773  4776 D dalvikvm: GC_CONCURRENT freed 204K, 3% free 9323K/9607K, paused 2ms+3ms
06-16 21:21:53.406   724   728 D dalvikvm: GC_CONCURRENT freed 400K, 12% free 10722K/12103K, paused 2ms+5ms
06-16 21:21:56.613  1380  1380 D OpenGLRenderer: Flushing caches (mode 1)
06-16 21:31:28.129   152   155 D dalvikvm: GC_CONCURRENT freed 2306K, 16% free 14549K/17223K, paused 8ms+5ms
06-16 21:43:12.172  3342  3342 I PhoneLab-Locks: wake lock acquired
06-16 21:43:12.179  3342  4798 I PhoneLab-PeriodicCheckService: User info is synched
06-16 21:43:12.179  3342  4798 I PhoneLab-PeriodicCheckService: Logger Service is running
06-16 21:43:12.179  3342  4798 I PhoneLab-Locks: wake lock acquired
06-16 21:43:12.183  3342  3342 I PhoneLab-UploadLogs: Transfering log files now
06-16 21:43:12.183  3342  3342 I PhoneLab-UploadLogs: No log files to transfer
06-16 21:43:12.183  3342  3342 I PhoneLab-Locks: wake lock released
06-16 21:43:12.183  3342  3342 I PhoneLab-UploadLogs: OnStartCommand
06-16 21:43:12.183  3342  4798 I PhoneLab-PeriodicCheckService: Rescheduling periodic checking...
06-16 21:43:12.187  3342  4798 I PhoneLab-Locks: wake lock released
06-16 21:45:59.324   724   906 I EventLogService: Aggregate from 1339895759239 (log), 1339895759239 (data)
06-16 21:49:00.429   152   510 D AlarmManagerService: Kernel timezone updated to 240 minutes west of GMT
06-16 21:49:00.433   470   470 D SystemClock: Setting time of day to sec=1339897741
06-16 21:49:01.152   152  1042 D dalvikvm: GC_EXPLICIT freed 356K, 16% free 14523K/17223K, paused 3ms+4ms
06-16 21:49:01.160  4405  4418 V AlarmClock: AlarmInitReceiver finished
06-16 21:49:01.234   724   728 D dalvikvm: GC_CONCURRENT freed 453K, 12% free 10739K/12103K, paused 2ms+3ms
06-16 21:49:01.273   724  1106 D dalvikvm: GC_EXPLICIT freed 36K, 12% free 10703K/12103K, paused 2ms+3ms
06-16 22:01:04.027   152   313 D NetUtils: android_net_utils_resetConnections in env=0xb2a078 clazz=0xb9800001 iface=rmnet0 mask=0x3
06-16 22:01:04.027   152   313 D ConnectivityService: Attempting to switch to wifi
06-16 22:01:04.027   152   313 D ConnectivityService: Attempting to switch to WIMAX
06-16 22:01:04.027   152   313 D ConnectivityService: Attempting to switch to BLUETOOTH_TETHER
06-16 22:01:04.027   152   313 D ConnectivityService: resetConnections(rmnet0, 3)
06-16 22:01:04.101   470   470 D SAN_SERVICE: *******************************************
06-16 22:01:04.101   470   470 D SAN_SERVICE: DM App Phone Call State - 1
06-16 22:01:04.101   470   470 D SAN_SERVICE: *******************************************
06-16 22:01:04.101   470   470 D CallNotifier: RINGING... (new)
06-16 22:01:04.105   470   470 D CallNotifier: onNewRingingConnection(): state = RINGING, conn = {  incoming: true state: INCOMING post dial state: NOT_STARTED }
06-16 22:01:04.121   470  4800 D CallNotifier: SignalInfoTonePlayer.run(toneId = 98)...
06-16 22:01:04.129   470   470 D Bluetooth HS/HF: CDMA call state: IDLE prev state:IDLE
06-16 22:01:04.132   470   470 D AccelerometerListener: enable(false)
06-16 22:01:04.132   389   389 D PhoneStatusBar: disable: < expand icons ALERTS* ticker system_info BACK HOME RECENT CLOCK >
06-16 22:01:04.148    82   122 D AudioHardware: AudioHardware pcm playback is exiting standby.
06-16 22:01:04.148    82   122 D AudioHardware: openPcmOut_l() mPcmOpenCnt: 0
06-16 22:01:04.164   724  4770 W Smack/Packet: notify conn break (IOEx), close connection
06-16 22:01:04.195   560   683 D dalvikvm: GC_EXPLICIT freed 270K, 11% free 10002K/11143K, paused 5ms+4ms
06-16 22:01:04.234   470   470 D CallNotifier: showIncomingCall()...  phone state = RINGING
06-16 22:01:04.238   152  1042 I power   : *** set_screen_state 0
06-16 22:01:04.250   152   202 I WindowManager: Lock screen displayed!
06-16 22:01:04.320   389   389 D PhoneStatusBar: Notification has fullScreenIntent; sending fullScreenIntent
06-16 22:01:04.320   152   163 I ActivityManager: START {act=android.intent.action.MAIN flg=0x10840000 cmp=com.android.phone/.InCallScreen} from pid -1
06-16 22:01:04.340    82    82 D AudioHardwareInterface: setMode(RINGTONE)
06-16 22:01:04.343   152   374 I AudioService:  AudioFocus  requestAudioFocus() from AudioFocus_For_Phone_Ring_And_Calls
06-16 22:01:04.363    82   122 D AudioHardware: AudioStreamOutALSA::setParameters() routing=2
06-16 22:01:04.363    82   122 D AudioHardware: AudioHardware pcm playback is going to standby.
06-16 22:01:04.363    82   122 D AudioHardware: closePcmOut_l() mPcmOpenCnt: 1
06-16 22:01:04.375   470   470 D InCallScreen: onNewIntent: intent = Intent { act=android.intent.action.MAIN flg=0x10c40000 cmp=com.android.phone/.InCallScreen }, phone state = RINGING
06-16 22:01:04.379    82   122 D AudioHardware: AudioHardware pcm playback is exiting standby.
06-16 22:01:04.379    82   122 D AudioHardware: openPcmOut_l() mPcmOpenCnt: 0
06-16 22:01:04.418  4491  4491 D OpenGLRenderer: Flushing caches (mode 1)
06-16 22:01:04.429   389   389 D PhoneStatusBar: disable: < EXPAND* icons ALERTS ticker system_info BACK HOME RECENT CLOCK >
06-16 22:01:04.504   152  1040 I power   : *** set_screen_state 1
06-16 22:01:04.562   389   391 D dalvikvm: GC_CONCURRENT freed 236K, 10% free 10081K/11079K, paused 1ms+15ms
06-16 22:01:04.625   470   473 D dalvikvm: GC_CONCURRENT freed 1568K, 13% free 11999K/13703K, paused 13ms+17ms
06-16 22:01:04.656   470   470 D Bluetooth HS/HF: CDMA call state: IDLE prev state:IDLE
06-16 22:01:04.699    79   119 D SurfaceFlinger: Screen about to return, flinger = 0x1a25918
06-16 22:01:04.781  4491  4491 D OpenGLRenderer: Flushing caches (mode 0)
06-16 22:01:04.855   152   491 W InputManagerService: Window already focused, ignoring focus gain of: com.android.internal.view.IInputMethodClient$Stub$Proxy@4146cbb0
06-16 22:01:04.875   389   389 D PhoneStatusBar: disable: < EXPAND icons ALERTS ticker system_info BACK HOME RECENT clock* >
06-16 22:01:04.918   724  4770 I qtaguid : Failed write_ctrl(u 70) res=-1 errno=22
06-16 22:01:04.925   724  4770 I qtaguid : Untagging socket 70 failed errno=-22
06-16 22:01:04.925   724  4770 W NetworkManagementSocketTagger: untagSocket(70) failed with errno -22
06-16 22:01:04.937   152   313 D ConnectivityService: handleInetConditionChange: no active default network - ignore
06-16 22:01:07.078   152   316 D Tethering: MasterInitialState.processMessage what=3
06-16 22:01:07.152  4732  4732 I MediaUploader: No need to wake up
06-16 22:01:07.156  4716  4730 D PicasaSyncManager: active network: null
06-16 22:01:07.172  4716  4730 D PicasaSyncManager: background data: true
06-16 22:01:10.562   470   473 D dalvikvm: GC_CONCURRENT freed 886K, 13% free 11977K/13703K, paused 8ms+4ms
06-16 22:01:11.414   389   391 D dalvikvm: GC_CONCURRENT freed 366K, 9% free 10100K/11079K, paused 2ms+8ms
06-16 22:01:24.543  3342  3355 I PhoneLab-: Service Running
06-16 22:01:25.406  3342  3355 I PhoneLab-LoggerService: app_37    1263  1     1764   1320  c00f181c 400107b4 S logcat
06-16 22:01:25.406  3342  3355 I PhoneLab-LoggerService: Logcat pid from database 1263
06-16 22:01:25.429  3342  3355 I PhoneLab-LoggerService: Logcat process found 1263
06-16 22:01:25.429  3342  3355 I PhoneLab-LoggerService: Checking Threshold
06-16 22:01:25.429  3342  3355 I PhoneLab-: Service Running
06-16 22:01:26.269  3342  3355 I PhoneLab-LoggerService: app_37    1263  1     1764   1320  c00f181c 400107b4 S logcat
06-16 22:01:26.269  3342  3355 I PhoneLab-LoggerService: Logcat pid from database 1263
06-16 22:01:26.269  3342  3355 I PhoneLab-LoggerService: Logcat process found 1263
06-16 22:01:26.269  3342  3355 I PhoneLab-LoggerService: Checking Threshold
06-16 22:01:26.269  3342  3355 I PhoneLab-: Service Running
06-16 22:01:27.101  3342  3355 I PhoneLab-LoggerService: app_37    1263  1     1764   1320  c00f181c 400107b4 S logcat
06-16 22:01:27.101  3342  3355 I PhoneLab-LoggerService: Logcat pid from database 1263
06-16 22:01:27.101  3342  3355 I PhoneLab-LoggerService: Logcat process found 1263
06-16 22:01:27.101  3342  3355 I PhoneLab-LoggerService: Checking Threshold
06-16 22:01:27.101  3342  3355 I PhoneLab-: Service Running
06-16 22:01:28.257  3342  3345 D dalvikvm: GC_CONCURRENT freed 396K, 15% free 9137K/10631K, paused 2ms+107ms
06-16 22:01:28.914  3342  3355 I PhoneLab-LoggerService: app_37    1263  1     1764   1320  c00f181c 400107b4 S logcat
06-16 22:01:28.925  3342  3355 I PhoneLab-LoggerService: Logcat pid from database 1263
06-16 22:01:28.925  3342  3355 I PhoneLab-LoggerService: Logcat process found 1263
06-16 22:01:28.925  3342  3355 I PhoneLab-LoggerService: Checking Threshold
06-16 22:01:28.961  3342  3355 I PhoneLab-: Service Running
06-16 22:01:29.004   152   313 D ConnectivityService: ConnectivityChange for mobile: CONNECTED/CONNECTED
06-16 22:01:29.058   152   308 D NetworkPolicy: applying policy NetworkPolicy[NetworkTemplate: matchRule=MOBILE_ALL, subscriberId=valid]: cycleDay=15, warningBytes=2147483648, limitBytes=-1, lastSnooze=-1 to ifaces [rmnet0]
06-16 22:01:29.093   470   470 D SAN_SERVICE: *******************************************
06-16 22:01:29.093   470   470 D SAN_SERVICE: DM App Phone Call State - 0
06-16 22:01:29.093   470   470 D SAN_SERVICE: *******************************************
06-16 22:01:29.113   470   470 D CallNotifier: onDisconnect: cause = INCOMING_MISSED, incoming = true, date = 1339898464017
06-16 22:01:29.117   470  4812 D CallNotifier: SignalInfoTonePlayer.run(toneId = 98)...
06-16 22:01:29.125    82   650 D AudioHardwareInterface: setMode(NORMAL)
06-16 22:01:29.125    82   122 D AudioHardware: AudioStreamOutALSA::setParameters() routing=1
06-16 22:01:29.125    82   122 D AudioHardware: AudioHardware pcm playback is going to standby.
06-16 22:01:29.125    82   122 D AudioHardware: closePcmOut_l() mPcmOpenCnt: 1
06-16 22:01:29.125   152   510 I AudioService:  AudioFocus  abandonAudioFocus() from AudioFocus_For_Phone_Ring_And_Calls
06-16 22:01:29.136    82   122 D AudioHardware: AudioHardware pcm playback is exiting standby.
06-16 22:01:29.136    82   122 D AudioHardware: openPcmOut_l() mPcmOpenCnt: 0
06-16 22:01:29.136   152   374 I PowerManagerService: clearUserActivity for 10000ms from now
06-16 22:01:29.160   470   470 D InCallScreen: delayedCleanupAfterDisconnect()...  Phone state = IDLE
06-16 22:01:29.160   470   470 D InCallScreen: endInCallScreenSession(false)...  phone state = IDLE
06-16 22:01:29.160   152   559 I ActivityManager: moveTaskToBack: 13
06-16 22:01:29.453   389   389 D PhoneStatusBar: disable: < expand* icons ALERTS ticker system_info BACK HOME RECENT CLOCK* >
06-16 22:01:29.461   470   470 D Bluetooth HS/HF: CDMA call state: IDLE prev state:IDLE
06-16 22:01:29.472   470   470 D AccelerometerListener: enable(false)
06-16 22:01:29.480   470   470 D InCallTouchUi: - triggerPing: InCallScreen no longer in foreground; ignoring...
06-16 22:01:29.496  4491  4493 D dalvikvm: GC_CONCURRENT freed 1361K, 10% free 14514K/16007K, paused 9ms+45ms
06-16 22:01:29.511   152   155 D dalvikvm: GC_CONCURRENT freed 1401K, 17% free 14467K/17223K, paused 2ms+26ms
06-16 22:01:29.605   152   164 I ActivityManager: moveTaskToBack: 13
06-16 22:01:29.632   389   391 D dalvikvm: GC_CONCURRENT freed 516K, 10% free 10015K/11079K, paused 2ms+6ms
06-16 22:01:29.652   389   389 D PhoneStatusBar: disable: < expand icons alerts* ticker system_info BACK HOME RECENT CLOCK >
06-16 22:01:29.738  3342  3355 I PhoneLab-LoggerService: app_37    1263  1     1764   1320  c00f181c 400107b4 S logcat
06-16 22:01:29.738  3342  3355 I PhoneLab-LoggerService: Logcat pid from database 1263
06-16 22:01:29.738  3342  3355 I PhoneLab-LoggerService: Logcat process found 1263
06-16 22:01:29.738  3342  3355 I PhoneLab-LoggerService: Checking Threshold
06-16 22:01:29.738  3342  3355 I PhoneLab-: Service Running
06-16 22:01:29.773  3342  3355 I PhoneLab-LoggerService: app_37    1263  1     1764   1320  c00f181c 400107b4 S logcat
06-16 22:01:29.773  3342  3355 I PhoneLab-LoggerService: Logcat pid from database 1263
06-16 22:01:29.773  3342  3355 I PhoneLab-LoggerService: Logcat process found 1263
06-16 22:01:29.773  3342  3355 I PhoneLab-LoggerService: Checking Threshold
06-16 22:01:29.777  3342  3355 I PhoneLab-: Service Running
06-16 22:01:29.808  3342  3355 I PhoneLab-LoggerService: app_37    1263  1     1764   1320  c00f181c 400107b4 S logcat
06-16 22:01:29.808  3342  3355 I PhoneLab-LoggerService: Logcat pid from database 1263
06-16 22:01:29.808  3342  3355 I PhoneLab-LoggerService: Logcat process found 1263
06-16 22:01:29.808  3342  3355 I PhoneLab-LoggerService: Checking Threshold
06-16 22:01:29.808  3342  3355 I PhoneLab-: Service Running
06-16 22:01:29.847  3342  3355 I PhoneLab-LoggerService: app_37    1263  1     1764   1320  c00f181c 400107b4 S logcat
06-16 22:01:29.847  3342  3355 I PhoneLab-LoggerService: Logcat pid from database 1263
06-16 22:01:29.847  3342  3355 I PhoneLab-LoggerService: Logcat process found 1263
06-16 22:01:29.847  3342  3355 I PhoneLab-LoggerService: Checking Threshold
06-16 22:01:29.847  3342  3355 I PhoneLab-: Service Running
06-16 22:01:29.890  3342  3355 I PhoneLab-LoggerService: app_37    1263  1     1764   1320  c00f181c 400107b4 S logcat
06-16 22:01:29.890  3342  3355 I PhoneLab-LoggerService: Logcat pid from database 1263
06-16 22:01:29.890  3342  3355 I PhoneLab-LoggerService: Logcat process found 1263
06-16 22:01:29.890  3342  3355 I PhoneLab-LoggerService: Checking Threshold
06-16 22:01:29.890  3342  3355 I PhoneLab-: Service Running
06-16 22:01:29.925  3342  3355 I PhoneLab-LoggerService: app_37    1263  1     1764   1320  c00f181c 400107b4 S logcat
06-16 22:01:29.925  3342  3355 I PhoneLab-LoggerService: Logcat pid from database 1263
06-16 22:01:29.925  3342  3355 I PhoneLab-LoggerService: Logcat process found 1263
06-16 22:01:29.925  3342  3355 I PhoneLab-LoggerService: Checking Threshold
06-16 22:01:29.925  3342  3355 I PhoneLab-: Service Running
06-16 22:01:29.961  3342  3355 I PhoneLab-LoggerService: app_37    1263  1     1764   1320  c00f181c 400107b4 S logcat
06-16 22:01:29.961  3342  3355 I PhoneLab-LoggerService: Logcat pid from database 1263
06-16 22:01:29.965  3342  3355 I PhoneLab-LoggerService: Logcat process found 1263
06-16 22:01:29.965  3342  3355 I PhoneLab-LoggerService: Checking Threshold
06-16 22:01:29.965  3342  3355 I PhoneLab-: Service Running
06-16 22:01:30.011  3342  3345 D dalvikvm: GC_CONCURRENT freed 392K, 14% free 9148K/10631K, paused 2ms+3ms
06-16 22:01:30.019  3342  3355 I PhoneLab-LoggerService: app_37    1263  1     1764   1320  c00f181c 400107b4 S logcat
06-16 22:01:30.019  3342  3355 I PhoneLab-LoggerService: Logcat pid from database 1263
06-16 22:01:30.019  3342  3355 I PhoneLab-LoggerService: Logcat process found 1263
06-16 22:01:30.019  3342  3355 I PhoneLab-LoggerService: Checking Threshold
06-16 22:01:30.019  3342  3355 I PhoneLab-: Service Running
06-16 22:01:30.054  3342  3355 I PhoneLab-LoggerService: app_37    1263  1     1764   1320  c00f181c 400107b4 S logcat
06-16 22:01:30.054  3342  3355 I PhoneLab-LoggerService: Logcat pid from database 1263
06-16 22:01:30.054  3342  3355 I PhoneLab-LoggerService: Logcat process found 1263
06-16 22:01:30.054  3342  3355 I PhoneLab-LoggerService: Checking Threshold
06-16 22:01:30.058  3342  3355 I PhoneLab-: Service Running
06-16 22:01:30.086  3342  3355 I PhoneLab-LoggerService: app_37    1263  1     1764   1320  c00f181c 400107b4 S logcat
06-16 22:01:30.086  3342  3355 I PhoneLab-LoggerService: Logcat pid from database 1263
06-16 22:01:30.086  3342  3355 I PhoneLab-LoggerService: Logcat process found 1263
06-16 22:01:30.086  3342  3355 I PhoneLab-LoggerService: Checking Threshold
06-16 22:01:30.090  3342  3355 I PhoneLab-: Service Running
06-16 22:01:30.121  3342  3355 I PhoneLab-LoggerService: app_37    1263  1     1764   1320  c00f181c 400107b4 S logcat
06-16 22:01:30.121  3342  3355 I PhoneLab-LoggerService: Logcat pid from database 1263
06-16 22:01:30.121  3342  3355 I PhoneLab-LoggerService: Logcat process found 1263
06-16 22:01:30.121  3342  3355 I PhoneLab-LoggerService: Checking Threshold
06-16 22:01:30.121  3342  3355 I PhoneLab-: Service Running
06-16 22:01:30.152   152   164 D AlarmManagerService: Kernel timezone updated to 240 minutes west of GMT
06-16 22:01:30.156   470   470 D SystemClock: Setting time of day to sec=1339898491
06-16 22:01:31.039  4405  4418 V AlarmClock: AlarmInitReceiver finished
06-16 22:01:31.113  3342  3355 I PhoneLab-LoggerService: app_37    1263  1     1764   1320  c00f181c 400107b4 S logcat
06-16 22:01:31.113  3342  3355 I PhoneLab-LoggerService: Logcat pid from database 1263
06-16 22:01:31.113  3342  3355 I PhoneLab-LoggerService: Logcat process found 1263
06-16 22:01:31.113  3342  3355 I PhoneLab-LoggerService: Checking Threshold
06-16 22:01:31.113  3342  3355 I PhoneLab-: Service Running
06-16 22:01:31.160  3342  3355 I PhoneLab-LoggerService: app_37    1263  1     1764   1320  c00f181c 400107b4 S logcat
06-16 22:01:31.160  3342  3355 I PhoneLab-LoggerService: Logcat pid from database 1263
06-16 22:01:31.160  3342  3355 I PhoneLab-LoggerService: Logcat process found 1263
06-16 22:01:31.160  3342  3355 I PhoneLab-LoggerService: Checking Threshold
06-16 22:01:31.160  3342  3355 I PhoneLab-: Service Running
06-16 22:01:31.199  3342  3355 I PhoneLab-LoggerService: app_37    1263  1     1764   1320  c00f181c 400107b4 S logcat
06-16 22:01:31.199  3342  3355 I PhoneLab-LoggerService: Logcat pid from database 1263
06-16 22:01:31.199  3342  3355 I PhoneLab-LoggerService: Logcat process found 1263
06-16 22:01:31.199  3342  3355 I PhoneLab-LoggerService: Checking Threshold
06-16 22:01:31.199  3342  3355 I PhoneLab-: Service Running
06-16 22:01:31.250  3342  3355 I PhoneLab-LoggerService: app_37    1263  1     1764   1320  c00f181c 400107b4 S logcat
06-16 22:01:31.250  3342  3355 I PhoneLab-LoggerService: Logcat pid from database 1263
06-16 22:01:31.250  3342  3355 I PhoneLab-LoggerService: Logcat process found 1263
06-16 22:01:31.250  3342  3355 I PhoneLab-LoggerService: Checking Threshold
06-16 22:01:31.250  3342  3355 I PhoneLab-: Service Running
06-16 22:01:31.285  3342  3355 I PhoneLab-LoggerService: app_37    1263  1     1764   1320  c00f181c 400107b4 S logcat
06-16 22:01:31.285  3342  3355 I PhoneLab-LoggerService: Logcat pid from database 1263
06-16 22:01:31.285  3342  3355 I PhoneLab-LoggerService: Logcat process found 1263
06-16 22:01:31.289  3342  3355 I PhoneLab-LoggerService: Checking Threshold
06-16 22:01:31.289  3342  3355 I PhoneLab-: Service Running
06-16 22:01:31.355  3342  3345 D dalvikvm: GC_CONCURRENT freed 416K, 14% free 9163K/10631K, paused 3ms+5ms
06-16 22:01:31.418  3342  3355 I PhoneLab-LoggerService: app_37    1263  1     1764   1320  c00f181c 400107b4 S logcat
06-16 22:01:31.418  3342  3355 I PhoneLab-LoggerService: Logcat pid from database 1263
06-16 22:01:31.418  3342  3355 I PhoneLab-LoggerService: Logcat process found 1263
06-16 22:01:31.418  3342  3355 I PhoneLab-LoggerService: Checking Threshold
06-16 22:01:31.418  3342  3355 I PhoneLab-: Service Running
06-16 22:01:31.492  3342  3355 I PhoneLab-LoggerService: app_37    1263  1     1764   1320  c00f181c 400107b4 S logcat
06-16 22:01:31.492  3342  3355 I PhoneLab-LoggerService: Logcat pid from database 1263
06-16 22:01:31.500  3342  3355 I PhoneLab-LoggerService: Logcat process found 1263
06-16 22:01:31.500  3342  3355 I PhoneLab-LoggerService: Checking Threshold
06-16 22:01:31.500  3342  3355 I PhoneLab-: Service Running
06-16 22:01:31.566  3342  3355 I PhoneLab-LoggerService: app_37    1263  1     1764   1320  c00f181c 400107b4 S logcat
06-16 22:01:31.570  3342  3355 I PhoneLab-LoggerService: Logcat pid from database 1263
06-16 22:01:31.570  3342  3355 I PhoneLab-LoggerService: Logcat process found 1263
06-16 22:01:31.570  3342  3355 I PhoneLab-LoggerService: Checking Threshold
06-16 22:01:31.570  3342  3355 I PhoneLab-: Service Running
06-16 22:01:31.601  3342  3355 I PhoneLab-LoggerService: app_37    1263  1     1764   1320  c00f181c 400107b4 S logcat
06-16 22:01:31.601  3342  3355 I PhoneLab-LoggerService: Logcat pid from database 1263
06-16 22:01:31.601  3342  3355 I PhoneLab-LoggerService: Logcat process found 1263
06-16 22:01:31.601  3342  3355 I PhoneLab-LoggerService: Checking Threshold
06-16 22:01:31.601  3342  3355 I PhoneLab-: Service Running
06-16 22:01:31.636  3342  3355 I PhoneLab-LoggerService: app_37    1263  1     1764   1320  c00f181c 400107b4 S logcat
06-16 22:01:31.636  3342  3355 I PhoneLab-LoggerService: Logcat pid from database 1263
06-16 22:01:31.636  3342  3355 I PhoneLab-LoggerService: Logcat process found 1263
06-16 22:01:31.636  3342  3355 I PhoneLab-LoggerService: Checking Threshold
06-16 22:01:31.636  3342  3355 I PhoneLab-: Service Running
06-16 22:01:31.672  3342  3355 I PhoneLab-LoggerService: app_37    1263  1     1764   1320  c00f181c 400107b4 S logcat
06-16 22:01:31.672  3342  3355 I PhoneLab-LoggerService: Logcat pid from database 1263
06-16 22:01:31.672  3342  3355 I PhoneLab-LoggerService: Logcat process found 1263
06-16 22:01:31.672  3342  3355 I PhoneLab-LoggerService: Checking Threshold
06-16 22:01:31.672  3342  3355 I PhoneLab-: Service Running
06-16 22:01:31.699  3342  3355 I PhoneLab-LoggerService: app_37    1263  1     1764   1320  c00f181c 400107b4 S logcat
06-16 22:01:31.703  3342  3355 I PhoneLab-LoggerService: Logcat pid from database 1263
06-16 22:01:31.703  3342  3355 I PhoneLab-LoggerService: Logcat process found 1263
06-16 22:01:31.703  3342  3355 I PhoneLab-LoggerService: Checking Threshold
06-16 22:01:31.703  3342  3355 I PhoneLab-: Service Running
06-16 22:01:31.738  3342  3355 I PhoneLab-LoggerService: app_37    1263  1     1764   1320  c00f181c 400107b4 S logcat
06-16 22:01:31.738  3342  3355 I PhoneLab-LoggerService: Logcat pid from database 1263
06-16 22:01:31.738  3342  3355 I PhoneLab-LoggerService: Logcat process found 1263
06-16 22:01:31.738  3342  3355 I PhoneLab-LoggerService: Checking Threshold
06-16 22:01:31.738  3342  3355 I PhoneLab-: Service Running
06-16 22:01:31.785  3342  3345 D dalvikvm: GC_CONCURRENT freed 419K, 14% free 9149K/10631K, paused 1ms+5ms
06-16 22:01:31.793  3342  3355 I PhoneLab-LoggerService: app_37    1263  1     1764   1320  c00f181c 400107b4 S logcat
06-16 22:01:31.793  3342  3355 I PhoneLab-LoggerService: Logcat pid from database 1263
06-16 22:01:31.793  3342  3355 I PhoneLab-LoggerService: Logcat process found 1263
06-16 22:01:31.793  3342  3355 I PhoneLab-LoggerService: Checking Threshold
06-16 22:01:31.793  3342  3355 I PhoneLab-: Service Running
06-16 22:01:31.836  3342  3355 I PhoneLab-LoggerService: app_37    1263  1     1764   1320  c00f181c 400107b4 S logcat
06-16 22:01:31.836  3342  3355 I PhoneLab-LoggerService: Logcat pid from database 1263
06-16 22:01:31.836  3342  3355 I PhoneLab-LoggerService: Logcat process found 1263
06-16 22:01:31.836  3342  3355 I PhoneLab-LoggerService: Checking Threshold
06-16 22:01:31.836  3342  3355 I PhoneLab-: Service Running
06-16 22:01:31.867  3342  3355 I PhoneLab-LoggerService: app_37    1263  1     1764   1320  c00f181c 400107b4 S logcat
06-16 22:01:31.867  3342  3355 I PhoneLab-LoggerService: Logcat pid from database 1263
06-16 22:01:31.867  3342  3355 I PhoneLab-LoggerService: Logcat process found 1263
06-16 22:01:31.867  3342  3355 I PhoneLab-LoggerService: Checking Threshold
06-16 22:01:31.867  3342  3355 I PhoneLab-: Service Running
06-16 22:01:31.902  3342  3355 I PhoneLab-LoggerService: app_37    1263  1     1764   1320  c00f181c 400107b4 S logcat
06-16 22:01:31.902  3342  3355 I PhoneLab-LoggerService: Logcat pid from database 1263
06-16 22:01:31.902  3342  3355 I PhoneLab-LoggerService: Logcat process found 1263
06-16 22:01:31.902  3342  3355 I PhoneLab-LoggerService: Checking Threshold
06-16 22:01:31.902  3342  3355 I PhoneLab-: Service Running
06-16 22:01:31.937  3342  3355 I PhoneLab-LoggerService: app_37    1263  1     1764   1320  c00f181c 400107b4 S logcat
06-16 22:01:31.937  3342  3355 I PhoneLab-LoggerService: Logcat pid from database 1263
06-16 22:01:31.937  3342  3355 I PhoneLab-LoggerService: Logcat process found 1263
06-16 22:01:31.937  3342  3355 I PhoneLab-LoggerService: Checking Threshold
06-16 22:01:31.937  3342  3355 I PhoneLab-: Service Running
06-16 22:01:31.965  3342  3355 I PhoneLab-LoggerService: app_37    1263  1     1764   1320  c00f181c 400107b4 S logcat
06-16 22:01:31.965  3342  3355 I PhoneLab-LoggerService: Logcat pid from database 1263
06-16 22:01:31.965  3342  3355 I PhoneLab-LoggerService: Logcat process found 1263
06-16 22:01:31.965  3342  3355 I PhoneLab-LoggerService: Checking Threshold
06-16 22:01:31.968  3342  3355 I PhoneLab-: Service Running
06-16 22:01:32.004  3342  3355 I PhoneLab-LoggerService: app_37    1263  1     1764   1320  c00f181c 400107b4 S logcat
06-16 22:01:32.004  3342  3355 I PhoneLab-LoggerService: Logcat pid from database 1263
06-16 22:01:32.004  3342  3355 I PhoneLab-LoggerService: Logcat process found 1263
06-16 22:01:32.004  3342  3355 I PhoneLab-LoggerService: Checking Threshold
06-16 22:01:32.004  3342  3355 I PhoneLab-: Service Running
06-16 22:01:32.035  3342  3355 I PhoneLab-LoggerService: app_37    1263  1     1764   1320  c00f181c 400107b4 S logcat
06-16 22:01:32.039  3342  3355 I PhoneLab-LoggerService: Logcat pid from database 1263
06-16 22:01:32.039  3342  3355 I PhoneLab-LoggerService: Logcat process found 1263
06-16 22:01:32.039  3342  3355 I PhoneLab-LoggerService: Checking Threshold
06-16 22:01:32.890   152   316 D Tethering: MasterInitialState.processMessage what=3
06-16 22:01:32.968  4732  4732 I MediaUploader: No need to wake up
06-16 22:01:32.980  4716  4730 D PicasaSyncManager: active network: NetworkInfo: type: mobile[CDMA - EvDo rev. A], state: CONNECTED/CONNECTED, reason: 2GVoiceCallEnded, extra: , roaming: false, failover: false, isAvailable: true
06-16 22:01:32.980  4716  4730 D PicasaSyncManager: background data: true
06-16 22:01:33.039  3319  4847 D dalvikvm: GC_EXPLICIT freed 414K, 7% free 9361K/9991K, paused 13ms+6ms
06-16 22:01:33.070    82   122 D AudioHardware: AudioHardware pcm playback is going to standby.
06-16 22:01:33.070    82   122 D AudioHardware: closePcmOut_l() mPcmOpenCnt: 1
06-16 22:01:40.601   152   198 I power   : *** set_screen_state 0
06-16 22:01:40.644    79   119 D SurfaceFlinger: About to give-up screen, flinger = 0x1a25918
06-16 22:01:40.742   152   202 V TransportControlView: Create TCV com.android.internal.widget.TransportControlView@4150ceb8
06-16 22:01:45.668   724   724 I GTalkService/c: [AndroidEndpoint@1094621160] connect: acct=1000000, state=CONNECTING
06-16 22:01:45.679   724   724 I GTalkService/c: [GTalkConnection@1095022504] connect: acct=1, state=CONNECTING
06-16 22:01:45.679   724   724 I GTalkService/c: [GTalkConnection@1095243752] connect: acct=2, state=CONNECTING
06-16 22:01:46.519   389   391 D dalvikvm: GC_CONCURRENT freed 542K, 11% free 9861K/11079K, paused 33ms+2ms
06-16 22:01:46.988   724   728 D dalvikvm: GC_CONCURRENT freed 420K, 12% free 10727K/12103K, paused 7ms+4ms
06-16 22:01:48.671   152   313 D ConnectivityService: handleInetConditionHoldEnd: net=0, condition=100, published condition=0
06-16 22:01:50.242  4773  4776 D dalvikvm: GC_CONCURRENT freed 406K, 6% free 9351K/9863K, paused 2ms+2ms
06-16 22:01:51.312   724   728 D dalvikvm: GC_CONCURRENT freed 442K, 12% free 10740K/12103K, paused 14ms+3ms
06-16 22:12:14.836   152   168 V BackupManagerService: Running a backup pass
06-16 22:12:14.855   152   324 V BackupManagerService: Backup requested but nothing pending
06-16 22:13:13.687  3342  3342 I PhoneLab-Locks: wake lock acquired
06-16 22:13:13.746  3342  4853 I PhoneLab-PeriodicCheckService: User info is synched
06-16 22:13:13.746  3342  4853 I PhoneLab-PeriodicCheckService: Logger Service is running
06-16 22:13:13.750  3342  3342 I PhoneLab-Locks: wake lock acquired
06-16 22:13:13.754  3342  3342 I PhoneLab-StatusMonitor: Status Monitoring is started
06-16 22:13:13.773  3342  3342 E PhoneLab-PhoneLabManifest: java.io.FileNotFoundException: /data/data/edu.buffalo.cse.phonelab.phonelabservices/files/manifest.xml: open failed: ENOENT (No such file or directory)
06-16 22:13:13.773  3342  3342 I PhoneLab-Locks: wake lock released
06-16 22:13:13.773  3342  4853 I PhoneLab-Locks: wake lock acquired
06-16 22:13:13.777  3342  4853 I PhoneLab-PeriodicCheckService: Rescheduling periodic checking...
06-16 22:13:13.777  3342  4853 I PhoneLab-Locks: wake lock released
06-16 22:13:13.777  3342  3342 I PhoneLab-UploadLogs: Transfering log files now
06-16 22:13:13.781  3342  3342 I PhoneLab-UploadLogs: No log files to transfer
06-16 22:13:13.781  3342  3342 I PhoneLab-Locks: wake lock released
06-16 22:13:13.781  3342  3342 I PhoneLab-UploadLogs: OnStartCommand
06-16 22:13:13.793  3342  3345 D dalvikvm: GC_CONCURRENT freed 446K, 15% free 9129K/10631K, paused 2ms+1ms
06-16 22:15:59.480   724   906 I EventLogService: Aggregate from 1339897559326 (log), 1339897559326 (data)
06-16 22:15:59.531   152   155 D dalvikvm: GC_CONCURRENT freed 1152K, 16% free 14563K/17223K, paused 18ms+5ms
06-16 22:16:52.090   152   506 D dalvikvm: GC_EXPLICIT freed 117K, 16% free 14505K/17223K, paused 3ms+5ms
06-16 22:19:04.296   152  1033 D AlarmManagerService: Kernel timezone updated to 240 minutes west of GMT
06-16 22:19:04.296   470   470 D SystemClock: Setting time of day to sec=1339899545
06-16 22:19:05.082  4405  4418 V AlarmClock: AlarmInitReceiver finished
06-16 22:23:12.011   152   202 I power   : *** set_screen_state 1
06-16 22:23:12.039   152   202 I WindowManager: Lock screen displayed!
06-16 22:23:12.277    79   119 D SurfaceFlinger: Screen about to return, flinger = 0x1a25918
06-16 22:23:13.535    82   122 D AudioHardware: AudioStreamOutALSA::setParameters() routing=2
06-16 22:23:13.539   389   389 D PhoneStatusBar: disable: < expand icons alerts ticker system_info BACK HOME recent* CLOCK >
06-16 22:23:13.543   486   579 D NfcService: NFC-C ON
06-16 22:23:13.558    82   122 D AudioHardware: AudioHardware pcm playback is exiting standby.
06-16 22:23:13.558    82   122 D AudioHardware: openPcmOut_l() mPcmOpenCnt: 0
06-16 22:23:13.574   389   389 D PhoneStatusBar: disable: < expand icons alerts ticker system_info back* home* recent clock* >
06-16 22:23:15.750   724   728 D dalvikvm: GC_CONCURRENT freed 363K, 11% free 10830K/12103K, paused 3ms+3ms
06-16 22:23:16.035   560   562 D dalvikvm: GC_CONCURRENT freed 323K, 10% free 10069K/11143K, paused 2ms+4ms
06-16 22:23:16.722    82   122 D AudioHardware: AudioHardware pcm playback is going to standby.
06-16 22:23:16.722    82   122 D AudioHardware: closePcmOut_l() mPcmOpenCnt: 1
06-16 22:23:17.445    82   122 D AudioHardware: AudioHardware pcm playback is exiting standby.
06-16 22:23:17.445    82   122 D AudioHardware: openPcmOut_l() mPcmOpenCnt: 0
06-16 22:23:17.461  4491  4491 D Finsky  : [1] InstallerImpl.requestInstall: Request install of com.google.android.apps.maps v=608010102
06-16 22:23:17.461  4491  4491 D Finsky  : [1] InstallerImpl.kick: Installer kick com.google.android.apps.maps - starting com.google.android.apps.maps
06-16 22:23:17.539  1380  1380 D OpenGLRenderer: Flushing caches (mode 1)
06-16 22:23:17.570  4491  4508 I ElegantRequestDirector: I/O exception (javax.net.ssl.SSLException) caught when processing request: Write error: ssl=0xdac068: I/O error during system call, Broken pipe
06-16 22:23:17.570  4491  4508 I ElegantRequestDirector: Retrying request
06-16 22:23:17.765  4491  4491 D Finsky  : [1] DetailsDataBasedFragment.rebindViews: Page [class=DetailsFragment] loaded in [8352303 ms] (partial? false)
06-16 22:23:17.996  1380  1380 D OpenGLRenderer: Flushing caches (mode 1)
06-16 22:23:18.039  4491  4491 D Finsky  : [1] DetailsDataBasedFragment.rebindViews: Page [class=DetailsFragment] loaded in [8352578 ms] (partial? true)
06-16 22:23:18.066   152   168 I Process : Sending signal. PID: 4491 SIG: 3
06-16 22:23:18.066  4491  4496 I dalvikvm: threadid=3: reacting to signal 3
06-16 22:23:18.316  4491  4496 E dalvikvm: Unable to open stack trace file '/data/anr/traces.txt': Is a directory
06-16 22:23:18.566   152   168 I Process : Sending signal. PID: 4491 SIG: 3
06-16 22:23:18.566  4491  4496 I dalvikvm: threadid=3: reacting to signal 3
06-16 22:23:18.601  4491  4496 I dalvikvm: Wrote stack traces to '/data/anr/traces.txt'
06-16 22:23:19.011  4491  4493 D dalvikvm: GC_CONCURRENT freed 1177K, 8% free 15142K/16391K, paused 3ms+15ms
06-16 22:23:19.066   152   168 I Process : Sending signal. PID: 4491 SIG: 3
06-16 22:23:19.066  4491  4496 I dalvikvm: threadid=3: reacting to signal 3
06-16 22:23:19.086  4491  4496 I dalvikvm: Wrote stack traces to '/data/anr/traces.txt'
06-16 22:23:19.183  4491  4491 D OpenGLRenderer: Flushing caches (mode 0)
06-16 22:23:20.535    82   122 D AudioHardware: AudioHardware pcm playback is going to standby.
06-16 22:23:20.535    82   122 D AudioHardware: closePcmOut_l() mPcmOpenCnt: 1
06-16 22:23:20.699  4491  4508 D Volley  : [289] BasicNetwork.logSlowRequests: HTTP response for request=<[ ] https://android.clients.google.com/fdfe/delivery?doc=com.google.android.apps.maps&ot=1&st=&vc=608010102 NORMAL 57> [lifetime=3233], [size=328], [rc=200], [retryCount=0]
06-16 22:23:20.730  1380  1380 D OpenGLRenderer: Flushing caches (mode 1)
06-16 22:23:20.738  4491  4491 D Finsky  : [1] DownloadImpl.setState: com.google.android.apps.maps from null to UNQUEUED.
06-16 22:23:20.738  4491  4491 D Finsky  : [1] DownloadQueueImpl.add: Download com.google.android.apps.maps added to DownloadQueue
06-16 22:23:20.750  4491  4491 D Finsky  : [1] DownloadImpl.setState: com.google.android.apps.maps from UNQUEUED to QUEUED.
06-16 22:23:20.754  4491  4491 D Volley  : [1] Request.finish: 3287 ms: [ ] https://android.clients.google.com/fdfe/delivery?doc=com.google.android.apps.maps&ot=1&st=&vc=608010102 NORMAL 57
06-16 22:23:20.757    84    84 I installd: free_cache(7106565) avail 941027328
06-16 22:23:20.761  4491  4491 D Finsky  : [1] DownloadQueueImpl.startDownload: Download com.google.android.apps.maps starting
06-16 22:23:20.832  4491  4491 D Finsky  : [1] DownloadImpl.setState: com.google.android.apps.maps from QUEUED to DOWNLOADING.
06-16 22:23:20.832  4491  4491 D Finsky  : [1] DownloadQueueImpl.onStart: com.google.android.apps.maps: onStart
06-16 22:23:20.949  4491  4491 D Finsky  : [1] DownloadQueueImpl.notifyProgress: com.google.android.apps.maps: onProgress 0/-1 Status: 192.
06-16 22:23:21.097  4491  4509 D Volley  : [290] BasicNetwork.logSlowRequests: HTTP response for request=<[ ] https://android.clients.google.com/fdfe/rec?c=3&rt=4&doc=com.google.android.apps.maps NORMAL 59> [lifetime=3136], [size=24378], [rc=200], [retryCount=0]
06-16 22:23:21.199   389   389 D dalvikvm: GC_FOR_ALLOC freed 298K, 11% free 9908K/11079K, paused 68ms
06-16 22:23:21.222  1380  1380 D OpenGLRenderer: Flushing caches (mode 1)
06-16 22:23:21.297  3319  4860 I DownloadManager: Initiating request for download 50
06-16 22:23:21.304   389   391 D dalvikvm: GC_CONCURRENT freed 382K, 10% free 9982K/11079K, paused 2ms+8ms
06-16 22:23:21.351  4491  4514 D dalvikvm: GC_FOR_ALLOC freed 1106K, 9% free 15860K/17287K, paused 122ms
06-16 22:23:21.355  4491  4491 D Volley  : [1] Request.finish: 3394 ms: [ ] https://android.clients.google.com/fdfe/rec?c=3&rt=4&doc=com.google.android.apps.maps NORMAL 59
06-16 22:23:21.433  4491  4491 D Volley  : [1] Request.finish: 3399 ms: [ ] http://lh4.ggpht.com/WA77cXL8RbmiFIZBTC7wL89kcAgGjWg8Y1N65mwTQNNmYgzG0whp4Rsxl3LJe6hgZ2M=h270 LOW 68
06-16 22:23:21.437  4491  4491 D Volley  : [1] Request.finish: 3400 ms: [ ] http://lh6.ggpht.com/iKqohIlLIipWCyjySpIELqO_a1hhAmhwM4M_grUmHTAKgSsyliK3FeiZUGkmD-SCCbI=h270 LOW 67
06-16 22:23:21.769  1380  1380 D OpenGLRenderer: Flushing caches (mode 1)
06-16 22:23:21.847  4491  4491 D Volley  : [1] Request.finish: 3830 ms: [ ] https://android.clients.google.com/fdfe/rev?doc=com.google.android.apps.maps&sort=2 NORMAL 60
06-16 22:23:21.847  4491  4491 D Volley  : [1] Request.finish: 3303 ms: [ ] http://lh4.ggpht.com/fgFDYrJEf2ifGl_qaMG--Dpu6Gt6Xx-cUUcQ77UDOZC2YmXe7MbDyEgM4_AH6Nix0A=w60 LOW 71
06-16 22:23:21.902  4491  4491 D Volley  : [1] Request.finish: 3343 ms: [ ] http://lh6.ggpht.com/EBI6GbiQvZInU2g8wzsWy2f6sfcETXaK9VdI-Lec6a_aF5RxfdTIAKesS9Me5eyahfT9=w60 LOW 73
06-16 22:23:22.273  4491  4491 D Volley  : [1] Request.finish: 4234 ms: [ ] http://lh6.ggpht.com/DbkP6fVZBbnoxWSGqcHF5MFLWYG2UzVqbiCw8eMgeDINkPZMUpMZ-v8E0RCWch-YIv5o=h270 LOW 69
06-16 22:23:22.273  4491  4491 D Volley  : [1] Request.finish: 3722 ms: [ ] http://lh5.ggpht.com/pwXo2Emqf2JIdxZXZIB9qVB6VP4uhFGTICyxdQHDq7bZ0D6YCerc3Nd4FVZ2VKurO8NL=w60 LOW 72
06-16 22:23:22.281  4491  4491 D DfeApi  : [1] DfeRequest.deliverResponse: Not delivering second response for request=[[ ] https://android.clients.google.com/fdfe/details?doc=com.google.android.apps.maps NORMAL 58]
06-16 22:23:22.281  4491  4491 D Volley  : [1] Request.finish: 4705 ms: [ ] https://android.clients.google.com/fdfe/details?doc=com.google.android.apps.maps NORMAL 58
06-16 22:23:22.308  1380  1380 D OpenGLRenderer: Flushing caches (mode 1)
06-16 22:23:22.324  4491  4491 D Volley  : [1] Request.finish: 3726 ms: [ ] http://lh3.ggpht.com/jhKdKKOB2_3Y18AHyLDUECkNHvlrkcRbyUkzjWLHISLQHYq_kEzZyvJHOVbdhTQB94k=w60 LOW 74
06-16 22:23:22.429  4491  4491 D Volley  : [1] Request.finish: 3816 ms: [ ] http://lh6.ggpht.com/svhGNzqVpWTkk18QG3qS4TP4JOk6SO_goy3RRg5OEv7A-VcmbyJ3RQXBGu-U3Jmysg=w60 LOW 75
06-16 22:23:22.707  4491  4491 D DfeApi  : [1] DfeRequest.deliverResponse: Not delivering second response for request=[[ ] https://android.clients.google.com/fdfe/rec?c=3&doc=com.google.android.apps.maps&rt=1 NORMAL 61]
06-16 22:23:22.711  4491  4491 D Volley  : [1] Request.finish: 4689 ms: [ ] https://android.clients.google.com/fdfe/rec?c=3&doc=com.google.android.apps.maps&rt=1 NORMAL 61
06-16 22:23:22.715  3319  4860 I DownloadManager: Initiating request for download 50
06-16 22:23:22.742  4491  4491 D Volley  : [1] Request.finish: 4118 ms: [ ] http://lh3.ggpht.com/ztHz8opUtAoKZceWF5O7DNXY6AaS9Cai-mCRw6ij3MgSJTiBYzJgpT2WkvvpRnclkS4=w60 LOW 76
