06-17 21:11:34.925    82   122 D AudioHardware: AudioHardware pcm playback is going to standby.
06-17 21:11:34.925    82   122 D AudioHardware: closePcmOut_l() mPcmOpenCnt: 1
06-17 21:11:51.070   152  1757 I ActivityManager: Process com.google.android.gm (pid 5099) has died.
06-17 21:11:53.664   152  2845 I ActivityManager: START {flg=0x24000000 cmp=com.yelp.android/.ui.activities.search.SearchOverlay (has extras)} from pid 6595
06-17 21:11:53.671    82   122 D AudioHardware: AudioHardware pcm playback is exiting standby.
06-17 21:11:53.671    82   122 D AudioHardware: openPcmOut_l() mPcmOpenCnt: 0
06-17 21:11:53.769  6595  6595 I CollectingExceptionHandler: Registering default exceptions handler
06-17 21:11:53.886   389   389 V PhoneStatusBar: setLightsOn(true)
06-17 21:11:54.050   152   201 I ActivityManager: Displayed com.yelp.android/.ui.activities.search.SearchOverlay: +344ms
06-17 21:11:54.375   152   155 D dalvikvm: GC_CONCURRENT freed 1189K, 35% free 14214K/21703K, paused 7ms+28ms
06-17 21:11:54.472   389   389 D dalvikvm: GC_FOR_ALLOC freed 327K, 11% free 10157K/11335K, paused 76ms
06-17 21:11:54.652   389   391 D dalvikvm: GC_CONCURRENT freed 294K, 9% free 10323K/11335K, paused 2ms+2ms
06-17 21:11:55.621  6595  6597 D dalvikvm: GC_CONCURRENT freed 477K, 13% free 11859K/13575K, paused 11ms+3ms
06-17 21:11:55.980   724  1515 D WifiLocator: Too many no-location APs. Will not compute a location nor go to the server. hasLocation=0 noLocation=0 cacheMiss=0
06-17 21:11:56.011   453   475 E ActivityThread: Failed to find provider info for com.android.inputmethod.latin.dictionarypack
06-17 21:11:56.019   453   475 E BinaryDictionaryGetter: Could not find a dictionary pack
06-17 21:11:56.023  6595  6602 I dalvikvm: Jit: resizing JitTable from 4096 to 8192
06-17 21:11:56.097   453   455 D dalvikvm: GC_CONCURRENT freed 299K, 4% free 10977K/11399K, paused 6ms+3ms
06-17 21:11:56.273   453   455 D dalvikvm: GC_CONCURRENT freed 236K, 3% free 11407K/11719K, paused 3ms+5ms
06-17 21:11:56.761    82   122 D AudioHardware: AudioHardware pcm playback is going to standby.
06-17 21:11:56.761    82   122 D AudioHardware: closePcmOut_l() mPcmOpenCnt: 1
06-17 21:11:59.714  6595  6597 D dalvikvm: GC_CONCURRENT freed 778K, 13% free 11938K/13575K, paused 2ms+4ms
06-17 21:12:00.871  6595  6597 D dalvikvm: GC_CONCURRENT freed 781K, 12% free 12007K/13575K, paused 2ms+5ms
06-17 21:12:01.929    82   122 D AudioHardware: AudioHardware pcm playback is exiting standby.
06-17 21:12:01.929    82   122 D AudioHardware: openPcmOut_l() mPcmOpenCnt: 0
06-17 21:12:02.043   389   389 V PhoneStatusBar: setLightsOn(true)
06-17 21:12:02.089  6595  6595 D LOCDEBUG: init accuracy:MEDIUM_KM recentness:MINUTE
06-17 21:12:02.140   152   152 I ActivityManager: START {act=android.intent.action.SEARCH flg=0x24000000 cmp=com.yelp.android/.ui.activities.search.SearchBusinessesByList (has extras)} from pid 6595
06-17 21:12:02.179  6595  6595 D OpenGLRenderer: Flushing caches (mode 0)
06-17 21:12:02.230  6595  6595 D LOCDEBUG: init accuracy:MEDIUM_KM recentness:MINUTE
06-17 21:12:02.293  6595  6597 D dalvikvm: GC_CONCURRENT freed 966K, 12% free 12036K/13575K, paused 7ms+12ms
06-17 21:12:02.371  6595  6595 W IInputConnectionWrapper: finishComposingText on inactive InputConnection
06-17 21:12:02.371  6595  6595 W IInputConnectionWrapper: finishComposingText on inactive InputConnection
06-17 21:12:02.382   389   389 D dalvikvm: GC_FOR_ALLOC freed 518K, 11% free 10152K/11335K, paused 56ms
06-17 21:12:02.535   152   168 I Process : Sending signal. PID: 6595 SIG: 3
06-17 21:12:02.535  6595  6599 I dalvikvm: threadid=3: reacting to signal 3
06-17 21:12:02.566  6595  6599 I dalvikvm: Wrote stack traces to '/data/anr/traces.txt'
06-17 21:12:03.832  6595  6595 D LOCDEBUG: init accuracy:MEDIUM_KM recentness:MINUTE
06-17 21:12:04.570  6595  6597 D dalvikvm: GC_CONCURRENT freed 754K, 11% free 12163K/13575K, paused 2ms+5ms
06-17 21:12:05.035    82   122 D AudioHardware: AudioHardware pcm playback is going to standby.
06-17 21:12:05.035    82   122 D AudioHardware: closePcmOut_l() mPcmOpenCnt: 1
06-17 21:12:24.246   389   389 V PhoneStatusBar: setLightsOn(true)
06-17 21:12:24.402  6595  6595 D OpenGLRenderer: Flushing caches (mode 0)
06-17 21:12:25.855  6333  6335 D dalvikvm: GC_CONCURRENT freed 1515K, 14% free 13441K/15623K, paused 3ms+6ms
06-17 21:12:25.984  6333  6333 D Finsky  : [1] DetailsDataBasedFragment.rebindViews: Page [class=DetailsFragment] loaded in [185827 ms] (partial? false)
06-17 21:12:26.058   152   168 I Process : Sending signal. PID: 6333 SIG: 3
06-17 21:12:26.058  6333  6337 I dalvikvm: threadid=3: reacting to signal 3
06-17 21:12:26.101  6333  6337 I dalvikvm: Wrote stack traces to '/data/anr/traces.txt'
06-17 21:12:26.277  6333  6333 D Finsky  : [1] DetailsDataBasedFragment.rebindViews: Page [class=DetailsFragment] loaded in [186121 ms] (partial? true)
06-17 21:12:26.496  6333  6335 D dalvikvm: GC_CONCURRENT freed 1459K, 15% free 13417K/15623K, paused 2ms+8ms
06-17 21:12:26.550  6595  6595 D ActivityStateManager: backgrounding.
06-17 21:12:26.554  6595  6595 W StateBroadcastReceiver: Backgrounding com.yelp.android.appdata.LocationService
06-17 21:12:26.554  6595  6595 W StateBroadcastReceiver: Backgrounding com.yelp.android.appdata.webrequests.MetricsManager
06-17 21:12:26.554  6595  6595 W StateBroadcastReceiver: Backgrounding com.yelp.android.appdata.LocationService
06-17 21:12:26.558  6595  6595 W StateBroadcastReceiver: Backgrounding com.yelp.android.appdata.AppData
06-17 21:12:26.558   152   168 I Process : Sending signal. PID: 6333 SIG: 3
06-17 21:12:26.558  6333  6337 I dalvikvm: threadid=3: reacting to signal 3
06-17 21:12:26.597  6333  6337 I dalvikvm: Wrote stack traces to '/data/anr/traces.txt'
06-17 21:12:26.691  6595  6595 D OpenGLRenderer: Flushing caches (mode 0)
06-17 21:12:27.277  6595  6595 D OpenGLRenderer: Flushing caches (mode 1)
06-17 21:12:27.566   724   777 D androidNetworkLocationListeners: Still have listener com.google.android.location.internal.client.NetworkLocationClient$1@4137adc8
06-17 21:12:27.601   724  1515 D WifiLocator: Too many no-location APs. Will not compute a location nor go to the server. hasLocation=0 noLocation=0 cacheMiss=0
06-17 21:12:27.640   724   777 D androidNetworkLocationListeners: Still have listener com.google.android.location.internal.client.NetworkLocationClient$1@4137adc8
06-17 21:12:27.648   724  1515 D WifiLocator: Too many no-location APs. Will not compute a location nor go to the server. hasLocation=0 noLocation=0 cacheMiss=0
06-17 21:12:27.906   389   391 D dalvikvm: GC_CONCURRENT freed 506K, 11% free 10099K/11335K, paused 1ms+2ms
06-17 21:12:27.949   389   389 D dalvikvm: GC_FOR_ALLOC freed 479K, 13% free 9916K/11335K, paused 16ms
06-17 21:12:28.019   389   391 D dalvikvm: GC_CONCURRENT freed 309K, 12% free 10034K/11335K, paused 2ms+3ms
06-17 21:12:29.109  6333  6333 D dalvikvm: GC_FOR_ALLOC freed 629K, 13% free 13743K/15623K, paused 54ms
06-17 21:12:30.750  6333  6350 D dalvikvm: GC_FOR_ALLOC freed 82K, 12% free 13771K/15623K, paused 41ms
06-17 21:12:30.750  6333  6350 I dalvikvm-heap: Grow heap (frag case) to 13.551MB for 30654-byte allocation
06-17 21:12:30.796  6333  6333 D dalvikvm: GC_FOR_ALLOC freed 17K, 13% free 13783K/15687K, paused 39ms
06-17 21:12:30.824  1380  1380 D OpenGLRenderer: Flushing caches (mode 1)
06-17 21:12:32.867  6333  6356 I ElegantRequestDirector: I/O exception (org.apache.http.NoHttpResponseException) caught when processing request: The target server failed to respond
06-17 21:12:32.867  6333  6356 I ElegantRequestDirector: Retrying request
06-17 21:12:33.461  6333  6355 D dalvikvm: GC_FOR_ALLOC freed 397K, 10% free 14143K/15687K, paused 86ms
06-17 21:12:34.105  6333  6333 D Finsky  : [1] DetailsDataBasedFragment.rebindViews: Page [class=DetailsFragment] loaded in [193947 ms] (partial? false)
06-17 21:12:34.261  1380  1380 D OpenGLRenderer: Flushing caches (mode 1)
06-17 21:12:34.300  6333  6333 D Finsky  : [1] DetailsDataBasedFragment.rebindViews: Page [class=DetailsFragment] loaded in [194144 ms] (partial? true)
06-17 21:12:34.488  1380  1391 D dalvikvm: GC_EXPLICIT freed 236K, 10% free 9728K/10695K, paused 2ms+8ms
06-17 21:12:34.500  1380  1380 D OpenGLRenderer: Flushing caches (mode 1)
06-17 21:12:34.714  6333  6335 D dalvikvm: GC_CONCURRENT freed 2262K, 16% free 13513K/15943K, paused 44ms+11ms
06-17 21:12:35.910  6333  6350 D dalvikvm: GC_FOR_ALLOC freed 519K, 17% free 13321K/15943K, paused 31ms
06-17 21:12:35.910  6333  6350 I dalvikvm-heap: Grow heap (frag case) to 13.142MB for 61874-byte allocation
06-17 21:12:35.949  6333  6333 D dalvikvm: GC_FOR_ALLOC freed 13K, 17% free 13368K/16007K, paused 28ms
06-17 21:12:36.289  1380  1380 D OpenGLRenderer: Flushing caches (mode 1)
06-17 21:12:39.652  6333  6333 D OpenGLRenderer: Flushing caches (mode 0)
06-17 21:12:40.668  6333  6357 D Volley  : [346] BasicNetwork.logSlowRequests: HTTP response for request=<[ ] http://lh3.ggpht.com/zzzt_J0fe4rYobKaINx4_Wbc8Jn0LGKGGYsr2wHbJS0ywOjUvYyzO-5xfUNx83Wk2A=w60 LOW 142> [lifetime=7121], [size=8498], [rc=200], [retryCount=1]
06-17 21:12:40.718  6333  6333 D Volley  : [1] Request.finish: 7715 ms: [ ] http://lh3.ggpht.com/zzzt_J0fe4rYobKaINx4_Wbc8Jn0LGKGGYsr2wHbJS0ywOjUvYyzO-5xfUNx83Wk2A=w60 LOW 142
06-17 21:12:41.761   152   198 I power   : *** set_screen_state 0
06-17 21:12:41.796    79   119 D SurfaceFlinger: About to give-up screen, flinger = 0x1a25918
06-17 21:12:41.855  6333  6333 D OpenGLRenderer: Flushing caches (mode 1)
06-17 21:12:41.918   152   155 D dalvikvm: GC_CONCURRENT freed 925K, 33% free 14589K/21703K, paused 2ms+6ms
06-17 21:12:41.980   152   202 V TransportControlView: Create TCV com.android.internal.widget.TransportControlView@41a3e160
06-17 21:12:42.039   389   389 D PhoneStatusBar: disable: < expand icons alerts ticker system_info back home RECENT* clock >
06-17 21:12:42.046   486   579 D NfcService: NFC-C OFF, disconnect
06-17 21:12:42.058    82   122 D AudioHardware: AudioHardware pcm playback is exiting standby.
06-17 21:12:42.058    82   122 D AudioHardware: openPcmOut_l() mPcmOpenCnt: 0
06-17 21:12:42.082   389   389 D PhoneStatusBar: disable: < expand icons alerts ticker system_info BACK* HOME* RECENT CLOCK* >
06-17 21:12:42.086  1380  1380 D OpenGLRenderer: Flushing caches (mode 1)
06-17 21:12:42.300  6333  6355 D Volley  : [344] BasicNetwork.logSlowRequests: HTTP response for request=<[ ] http://lh6.ggpht.com/md-be7olTXvvuNBRlb6kpe978WRvKnlB66qkrrBm0djRVLS-SCyRWAbN4evHum0BN2A=w60 LOW 141> [lifetime=8824], [size=6715], [rc=200], [retryCount=1]
06-17 21:12:42.375  6333  6333 D Volley  : [1] Request.finish: 9403 ms: [ ] http://lh6.ggpht.com/md-be7olTXvvuNBRlb6kpe978WRvKnlB66qkrrBm0djRVLS-SCyRWAbN4evHum0BN2A=w60 LOW 141
06-17 21:12:42.375  6333  6355 D Volley  : [344] Request.finish: 8081 ms: [X] http://lh3.ggpht.com/G-Q9rQqHSluHDxVD79O7kZMAotsGH1qCw3fsKNEgUW0HYDSU6u1qqg2nvsyJaAivLXU=w84 LOW 150
06-17 21:12:42.379  6333  6355 D Volley  : [344] Request.finish: 8081 ms: [X] http://lh3.ggpht.com/ULfKfnYsoa50EPo0goDLbavs2p9zCVDdVQubryN9chx9OmLi2klVZuvdwnlP--va_g=h270 LOW 151
06-17 21:12:42.379  6333  6355 D Volley  : [344] Request.finish: 8083 ms: [X] http://lh6.ggpht.com/HV9QSOch4QJ51x9FXSruo3yB2drvlz1BPK7c2FTfio-Bg9lCUnsujD1NTwHoTVDIVA=h270 LOW 152
06-17 21:12:42.382  6333  6355 D Volley  : [344] Request.finish: 8084 ms: [X] http://lh6.ggpht.com/L8DGIpU4cWwJ2xb_YefPconjXN1ua_j-FM4JEMsJPw1MiV9VsMPzOOWU7scdXBPvipo=h270 LOW 153
06-17 21:12:42.382  6333  6355 D Volley  : [344] Request.finish: 8084 ms: [X] http://lh5.ggpht.com/mC2orFXfpUXrUreIJmcSD6RnheUAgT9HPh7kMhWg2SqMuZLb6aCuURVz5SSf5qjLt-_0=h270 LOW 154
06-17 21:12:42.382  6333  6355 D Volley  : [344] Request.finish: 8085 ms: [X] http://lh6.ggpht.com/eFZz8waHQ4JtXQf4G5yoW-e0jU3Ffii-_QsXX2zRyVhKsgsf3Bd-X5eptkWD3zCvi3o=h270 LOW 155
06-17 21:12:43.109  6333  6358 D Volley  : [347] BasicNetwork.logSlowRequests: HTTP response for request=<[ ] http://lh6.ggpht.com/LInka-TQdpzVvPNGzVkhelGPOjsmCtPOX7XEl-MgrfWkwZaLGacMo1Q0Lde69FIyJA=w60 LOW 143> [lifetime=9258], [size=5725], [rc=200], [retryCount=1]
06-17 21:12:43.160  6333  6333 D Volley  : [1] Request.finish: 10126 ms: [ ] http://lh6.ggpht.com/LInka-TQdpzVvPNGzVkhelGPOjsmCtPOX7XEl-MgrfWkwZaLGacMo1Q0Lde69FIyJA=w60 LOW 143
06-17 21:12:44.320  6333  6356 D Volley  : [345] BasicNetwork.logSlowRequests: HTTP response for request=<[ ] http://lh4.ggpht.com/4VGiZutofCjs_wEC3BOuFPXysyF-ClYDTa40F3qK-GhKcISkWFFpRiBFmD8HPDTrElQ=w60 LOW 139> [lifetime=11449], [size=8959], [rc=200], [retryCount=1]
06-17 21:12:44.347  6333  6333 D Volley  : [1] Request.finish: 11507 ms: [ ] http://lh4.ggpht.com/4VGiZutofCjs_wEC3BOuFPXysyF-ClYDTa40F3qK-GhKcISkWFFpRiBFmD8HPDTrElQ=w60 LOW 139
06-17 21:12:45.218    82   122 D AudioHardware: AudioHardware pcm playback is going to standby.
06-17 21:12:45.218    82   122 D AudioHardware: closePcmOut_l() mPcmOpenCnt: 1
06-17 21:12:45.242  1380  1380 D OpenGLRenderer: Flushing caches (mode 1)
06-17 21:12:48.937  6333  6357 D Volley  : [346] BasicNetwork.logSlowRequests: HTTP response for request=<[ ] http://lh3.ggpht.com/G-Q9rQqHSluHDxVD79O7kZMAotsGH1qCw3fsKNEgUW0HYDSU6u1qqg2nvsyJaAivLXU=w72 LOW 145> [lifetime=8212], [size=6257], [rc=200], [retryCount=1]
06-17 21:12:48.980  6333  6333 D Volley  : [1] Request.finish: 14979 ms: [ ] http://lh3.ggpht.com/G-Q9rQqHSluHDxVD79O7kZMAotsGH1qCw3fsKNEgUW0HYDSU6u1qqg2nvsyJaAivLXU=w72 LOW 145
06-17 21:12:50.929  6333  6351 D dalvikvm: GC_FOR_ALLOC freed 1571K, 19% free 13021K/16007K, paused 40ms
06-17 21:12:50.937  6333  6351 D Volley  : [340] BasicNetwork.logSlowRequests: HTTP response for request=<[ ] https://android.clients.google.com/fdfe/rec?c=3&rt=4&doc=com.google.android.apps.googlevoice NORMAL 146> [lifetime=16689], [size=24684], [rc=200], [retryCount=1]
06-17 21:12:50.964  6333  6333 D Volley  : [1] Request.finish: 16723 ms: [ ] https://android.clients.google.com/fdfe/rec?c=3&rt=4&doc=com.google.android.apps.googlevoice NORMAL 146
06-17 21:12:50.964  6333  6351 D Volley  : [340] Request.finish: 16681 ms: [X] https://android.clients.google.com/fdfe/rev?doc=com.google.android.apps.googlevoice&sort=2 NORMAL 147
06-17 21:12:50.964  6333  6351 D Volley  : [340] Request.finish: 16676 ms: [X] https://android.clients.google.com/fdfe/rec?c=3&doc=com.google.android.apps.googlevoice&rt=1 NORMAL 148
06-17 21:12:50.964  6333  6351 D Volley  : [340] Request.finish: 16677 ms: [X] https://android.clients.google.com/fdfe/rec?c=3&doc=com.google.android.apps.googlevoice&rt=2 NORMAL 149
06-17 21:12:50.968  6333  6351 D Volley  : [340] Request.finish: 15106 ms: [X] https://android.clients.google.com/fdfe/search?c=0&q=voice NORMAL 156
06-17 21:12:50.968  6333  6351 D Volley  : [340] Request.finish: 12631 ms: [X] https://android.clients.google.com/fdfe/browse?c=0 NORMAL 157
06-17 21:12:50.984  1380  1380 D OpenGLRenderer: Flushing caches (mode 1)
06-17 21:12:53.398  6333  6352 D Volley  : [341] BasicNetwork.logSlowRequests: HTTP response for request=<[ ] https://android.clients.google.com/fdfe/details?doc=com.google.android.apps.googlevoice NORMAL 144> [lifetime=19089], [size=32627], [rc=200], [retryCount=1]
06-17 21:12:53.441  6333  6333 D Volley  : [1] Request.finish: 19481 ms: [ ] https://android.clients.google.com/fdfe/details?doc=com.google.android.apps.googlevoice NORMAL 144
06-17 21:14:45.050   152   200 I ActivityManager: Start proc com.google.android.gm for service com.google.android.gm/.provider.MailIndexerService: pid=6756 uid=10018 gids={3003, 1015}
06-17 21:14:45.156    80    80 D dalvikvm: GC_EXPLICIT freed 37K, 4% free 9031K/9347K, paused 4ms+13ms
06-17 21:14:45.191    80    80 D dalvikvm: GC_EXPLICIT freed <1K, 4% free 9031K/9347K, paused 1ms+2ms
06-17 21:14:45.230    80    80 D dalvikvm: GC_EXPLICIT freed <1K, 4% free 9031K/9347K, paused 2ms+2ms
06-17 21:14:45.254   724  5851 W GTalkService: onGotBatchPresence but idle, screenIsOn false
06-17 21:14:45.277  6756  6756 I ActivityThread: Pub gmail-ls: com.google.android.gm.provider.MailProvider
06-17 21:14:45.304  6756  6756 I ActivityThread: Pub com.google.android.gmail.SuggestionProvider: com.google.android.gm.SuggestionsProvider
06-17 21:14:45.312  6756  6756 I ActivityThread: Pub com.google.android.gm: com.google.android.gm.provider.PublicContentProvider
06-17 21:14:45.441  6756  6771 W Gmail   : No MailEngine for account: anandatirtha@gmail.com
06-17 21:14:45.449   152   510 I ActivityManager: No longer want com.android.contacts (pid 6381): hidden #16
06-17 21:14:45.461   152   558 I WindowManager: WIN DEATH: Window{41423f68 com.android.contacts/com.android.contacts.activities.DialtactsActivity paused=false}
06-17 21:14:45.597  3342  3355 I PhoneLab-: Service Running
06-17 21:14:45.750  3342  3355 I PhoneLab-LoggerService: app_37    1263  1     1764   1324  c00f181c 400107b4 S logcat
06-17 21:14:45.754  3342  3355 I PhoneLab-LoggerService: Logcat pid from database 1263
06-17 21:14:45.754  3342  3355 I PhoneLab-LoggerService: Logcat process found 1263
06-17 21:14:45.754  3342  3355 I PhoneLab-LoggerService: Checking Threshold
06-17 21:14:45.754  3342  3355 I PhoneLab-LoggerService: Starting to rename files
06-17 21:14:45.754  3342  3355 I PhoneLab-LoggerService: Files found .. 2
06-17 21:14:45.754  3342  3355 I PhoneLab-LoggerService: File 1 log.out.1
06-17 21:14:45.773  3342  3355 I PhoneLab-LoggerService: Renamed successfully
06-17 21:16:11.539   724   900 I EventLogService: Aggregate from 1339980371409 (log), 1339980371409 (data)
06-17 21:16:12.441   152  2845 D AlarmManagerService: Kernel timezone updated to 240 minutes west of GMT
06-17 21:16:12.456   152   169 I ActivityManager: Start proc com.android.calendar for broadcast com.android.calendar/.widget.CalendarAppWidgetService$CalendarFactory: pid=6774 uid=10005 gids={3003}
06-17 21:16:12.492   470   470 D SystemClock: Setting time of day to sec=1339982172
06-17 21:16:12.542   724   728 D dalvikvm: GC_CONCURRENT freed 542K, 10% free 10938K/12103K, paused 99ms+21ms
06-17 21:16:12.562  6774  6774 I ActivityThread: Pub com.android.calendar.CalendarRecentSuggestionsProvider: com.android.calendar.CalendarRecentSuggestionsProvider
06-17 21:16:12.605   152   491 I ActivityManager: Start proc com.android.deskclock for broadcast com.android.deskclock/.AlarmInitReceiver: pid=6790 uid=10011 gids={}
06-17 21:16:12.605   152   491 I ActivityManager: No longer want edu.buffalo.cse.phonelab.phonelabservices (pid 3342): hidden #16
06-17 21:16:12.632   152  1041 I ActivityManager: Start proc com.android.providers.calendar for content provider com.android.providers.calendar/.CalendarProvider2: pid=6803 uid=10006 gids={3003, 1015}
06-17 21:16:12.656   152   558 I ActivityManager: No longer want com.google.android.gallery3d (pid 4716): hidden #16
06-17 21:16:12.671   152  2845 W ActivityManager: Scheduling restart of crashed service edu.buffalo.cse.phonelab.phonelabservices/edu.buffalo.cse.phonelab.datalogger.LoggerService in 5000ms
06-17 21:16:12.695  6790  6790 I ActivityThread: Pub com.android.deskclock: com.android.deskclock.AlarmProvider
06-17 21:16:12.718  6803  6803 I ActivityThread: Pub com.android.calendar: com.android.providers.calendar.CalendarProvider2
06-17 21:16:12.788  6790  6817 V AlarmClock: AlarmInitReceiver finished
06-17 21:16:12.886   152  1040 D dalvikvm: GC_EXPLICIT freed 958K, 32% free 14889K/21703K, paused 2ms+6ms
06-17 21:16:12.902   152   152 I ActivityManager: No longer want com.google.android.partnersetup (pid 6554): hidden #16
06-17 21:17:03.488  6803  6803 I CalendarProvider2: Sending notification intent: Intent { act=android.intent.action.PROVIDER_CHANGED dat=content://com.android.calendar }
06-17 21:17:03.488  6803  6803 W ContentResolver: Failed to get type for: content://com.android.calendar (Unknown URL content://com.android.calendar)
06-17 21:19:30.019   152   169 I ActivityManager: Start proc edu.buffalo.cse.phonelab.phonelabservices for service edu.buffalo.cse.phonelab.phonelabservices/edu.buffalo.cse.phonelab.datalogger.LoggerService: pid=6824 uid=10037 gids={3003, 1015, 1007, 2001}
06-17 21:20:11.074  6824  6824 I PhoneLab-LoggerService: Start Logger Service
06-17 21:20:11.086  6824  6837 I PhoneLab-: Service Running
06-17 21:20:11.125  6824  6837 I PhoneLab-LoggerService: app_37    1263  1     1764   1324  c00f181c 400107b4 S logcat
06-17 21:20:11.125  6824  6837 I PhoneLab-LoggerService: Logcat pid from database 1263
06-17 21:20:11.125  6824  6837 I PhoneLab-LoggerService: Logcat process found 1263
06-17 21:20:11.125  6824  6837 I PhoneLab-LoggerService: Checking Threshold
06-17 21:20:11.125  6824  6837 I PhoneLab-LoggerService: Starting to rename files
06-17 21:20:11.125  6824  6837 I PhoneLab-LoggerService: Files found .. 2
06-17 21:25:13.011   152   202 I power   : *** set_screen_state 1
06-17 21:25:13.066   152   202 I WindowManager: Lock screen displayed!
06-17 21:25:13.273    79   119 D SurfaceFlinger: Screen about to return, flinger = 0x1a25918
06-17 21:25:23.550   152   198 I power   : *** set_screen_state 0
06-17 21:25:23.590    79   119 D SurfaceFlinger: About to give-up screen, flinger = 0x1a25918
06-17 21:25:23.691   152   202 V TransportControlView: Create TCV com.android.internal.widget.TransportControlView@417c8ec8
06-17 21:25:24.019   152   202 I power   : *** set_screen_state 1
06-17 21:25:24.062   152   202 I WindowManager: Lock screen displayed!
06-17 21:25:24.168   152   155 D dalvikvm: GC_CONCURRENT freed 1381K, 32% free 14877K/21703K, paused 3ms+12ms
06-17 21:25:24.226    79   119 D SurfaceFlinger: Screen about to return, flinger = 0x1a25918
06-17 21:25:34.523   152   198 I power   : *** set_screen_state 0
06-17 21:25:34.562    79   119 D SurfaceFlinger: About to give-up screen, flinger = 0x1a25918
06-17 21:25:34.660   152   202 V TransportControlView: Create TCV com.android.internal.widget.TransportControlView@41a3e160
06-17 21:37:59.429   152   168 V BackupManagerService: Running a backup pass
06-17 21:37:59.437   152   324 V BackupManagerService: Backup requested but nothing pending
06-17 21:38:38.234  6824  6824 I PhoneLab-Locks: wake lock acquired
06-17 21:38:38.273  6824  6842 I PhoneLab-PeriodicCheckService: User info is synched
06-17 21:38:38.312  6824  6842 I PhoneLab-PeriodicCheckService: Logger Service is running
06-17 21:38:38.316   152   155 D dalvikvm: GC_CONCURRENT freed 1233K, 31% free 14997K/21703K, paused 19ms+5ms
06-17 21:38:38.320  6824  6824 I PhoneLab-Locks: wake lock acquired
06-17 21:38:38.332  6824  6842 I PhoneLab-Locks: wake lock acquired
06-17 21:38:38.339  6824  6824 I PhoneLab-StatusMonitor: Status Monitoring is started
06-17 21:38:38.343  6824  6842 I PhoneLab-PeriodicCheckService: Rescheduling periodic checking...
06-17 21:38:38.343  6824  6842 I PhoneLab-Locks: wake lock released
06-17 21:38:38.351  6824  6824 E PhoneLab-PhoneLabManifest: java.io.FileNotFoundException: /data/data/edu.buffalo.cse.phonelab.phonelabservices/files/manifest.xml: open failed: ENOENT (No such file or directory)
06-17 21:38:38.390  6824  6824 I PhoneLab-Locks: wake lock released
06-17 21:38:38.394  6824  6824 I PhoneLab-UploadLogs: Transfering log files now
06-17 21:38:38.480  6824  6826 D dalvikvm: GC_CONCURRENT freed 385K, 5% free 9139K/9607K, paused 3ms+2ms
06-17 21:38:38.531  6824  6824 D dalvikvm: GC_FOR_ALLOC freed 189K, 5% free 9198K/9671K, paused 15ms
06-17 21:38:38.543  6824  6824 D dalvikvm: GC_FOR_ALLOC freed 56K, 6% free 9262K/9799K, paused 12ms
06-17 21:38:38.543  6824  6824 I dalvikvm-heap: Grow heap (frag case) to 9.356MB for 254548-byte allocation
06-17 21:38:38.558  6824  6824 D dalvikvm: GC_FOR_ALLOC freed 120K, 7% free 9390K/10055K, paused 11ms
06-17 21:38:38.558  6824  6824 I dalvikvm-heap: Grow heap (frag case) to 9.731MB for 516692-byte allocation
06-17 21:38:38.586  6824  6826 D dalvikvm: GC_CONCURRENT freed 248K, 9% free 9646K/10567K, paused 1ms+1ms
06-17 21:38:38.586  6824  6824 I PhoneLab-UploadLogs: OnStartCommand
06-17 21:38:40.113  6824  6844 D dalvikvm: GC_FOR_ALLOC freed 383K, 9% free 9630K/10567K, paused 36ms
06-17 21:38:40.125  6824  6844 D dalvikvm: GC_FOR_ALLOC freed 301K, 9% free 9630K/10567K, paused 12ms
06-17 21:38:40.144  6824  6844 D dalvikvm: GC_FOR_ALLOC freed 301K, 9% free 9637K/10567K, paused 12ms
06-17 21:40:06.047  6824  6837 I PhoneLab-: Service Running
06-17 21:40:06.117  6824  6837 I PhoneLab-LoggerService: app_37    1263  1     1764   1324  c00f181c 400107b4 S logcat
06-17 21:40:06.117  6824  6837 I PhoneLab-LoggerService: Logcat pid from database 1263
06-17 21:40:06.117  6824  6837 I PhoneLab-LoggerService: Logcat process found 1263
06-17 21:40:06.117  6824  6837 I PhoneLab-LoggerService: Checking Threshold
06-17 21:40:06.121  6824  6837 I PhoneLab-LoggerService: Starting to rename files
06-17 21:40:06.121  6824  6837 I PhoneLab-LoggerService: Files found .. 2
06-17 21:40:06.121  6824  6837 I PhoneLab-: Service Running
06-17 21:40:06.160  6824  6837 I PhoneLab-LoggerService: app_37    1263  1     1764   1324  c00f181c 400107b4 S logcat
06-17 21:40:06.160  6824  6837 I PhoneLab-LoggerService: Logcat pid from database 1263
06-17 21:40:06.160  6824  6837 I PhoneLab-LoggerService: Logcat process found 1263
06-17 21:40:06.160  6824  6837 I PhoneLab-LoggerService: Checking Threshold
06-17 21:40:06.160  6824  6837 I PhoneLab-LoggerService: Starting to rename files
06-17 21:40:06.160  6824  6837 I PhoneLab-LoggerService: Files found .. 2
06-17 21:40:06.164  6824  6837 I PhoneLab-: Service Running
06-17 21:40:06.179  6824  6826 D dalvikvm: GC_CONCURRENT freed 79K, 6% free 9964K/10567K, paused 1ms+2ms
06-17 21:40:06.199  6824  6837 I PhoneLab-LoggerService: app_37    1263  1     1764   1324  c00f181c 400107b4 S logcat
06-17 21:40:06.199  6824  6837 I PhoneLab-LoggerService: Logcat pid from database 1263
06-17 21:40:06.199  6824  6837 I PhoneLab-LoggerService: Logcat process found 1263
06-17 21:40:06.199  6824  6837 I PhoneLab-LoggerService: Checking Threshold
06-17 21:40:06.199  6824  6837 I PhoneLab-LoggerService: Starting to rename files
06-17 21:40:06.203  6824  6837 I PhoneLab-LoggerService: Files found .. 2
06-17 21:40:06.203  6824  6837 I PhoneLab-: Service Running
06-17 21:40:06.230  6824  6837 I PhoneLab-LoggerService: app_37    1263  1     1764   1324  c00f181c 400107b4 S logcat
06-17 21:40:06.230  6824  6837 I PhoneLab-LoggerService: Logcat pid from database 1263
06-17 21:40:06.230  6824  6837 I PhoneLab-LoggerService: Logcat process found 1263
06-17 21:40:06.230  6824  6837 I PhoneLab-LoggerService: Checking Threshold
06-17 21:40:06.230  6824  6837 I PhoneLab-LoggerService: Starting to rename files
06-17 21:40:06.230  6824  6837 I PhoneLab-LoggerService: Files found .. 2
06-17 21:40:06.234  6824  6837 I PhoneLab-: Service Running
06-17 21:40:06.257  6824  6837 I PhoneLab-LoggerService: app_37    1263  1     1764   1324  c00f181c 400107b4 S logcat
06-17 21:40:06.257  6824  6837 I PhoneLab-LoggerService: Logcat pid from database 1263
06-17 21:40:06.257  6824  6837 I PhoneLab-LoggerService: Logcat process found 1263
06-17 21:40:06.257  6824  6837 I PhoneLab-LoggerService: Checking Threshold
06-17 21:40:06.257  6824  6837 I PhoneLab-LoggerService: Starting to rename files
06-17 21:40:06.257  6824  6837 I PhoneLab-LoggerService: Files found .. 2
06-17 21:40:06.261  6824  6837 I PhoneLab-: Service Running
06-17 21:40:06.289  6824  6837 I PhoneLab-LoggerService: app_37    1263  1     1764   1324  c00f181c 400107b4 S logcat
06-17 21:40:06.289  6824  6837 I PhoneLab-LoggerService: Logcat pid from database 1263
06-17 21:40:06.289  6824  6837 I PhoneLab-LoggerService: Logcat process found 1263
06-17 21:40:06.289  6824  6837 I PhoneLab-LoggerService: Checking Threshold
06-17 21:40:06.289  6824  6837 I PhoneLab-LoggerService: Starting to rename files
06-17 21:40:06.289  6824  6837 I PhoneLab-LoggerService: Files found .. 2
06-17 21:40:06.293  6824  6837 I PhoneLab-: Service Running
06-17 21:40:06.316  6824  6837 I PhoneLab-LoggerService: app_37    1263  1     1764   1324  c00f181c 400107b4 S logcat
06-17 21:40:06.316  6824  6837 I PhoneLab-LoggerService: Logcat pid from database 1263
06-17 21:40:06.316  6824  6837 I PhoneLab-LoggerService: Logcat process found 1263
06-17 21:40:06.316  6824  6837 I PhoneLab-LoggerService: Checking Threshold
06-17 21:40:06.320  6824  6837 I PhoneLab-LoggerService: Starting to rename files
06-17 21:40:06.320  6824  6837 I PhoneLab-LoggerService: Files found .. 2
06-17 21:40:06.320  6824  6837 I PhoneLab-: Service Running
06-17 21:40:06.347  6824  6837 I PhoneLab-LoggerService: app_37    1263  1     1764   1324  c00f181c 400107b4 S logcat
06-17 21:40:06.347  6824  6837 I PhoneLab-LoggerService: Logcat pid from database 1263
06-17 21:40:06.347  6824  6837 I PhoneLab-LoggerService: Logcat process found 1263
06-17 21:40:06.347  6824  6837 I PhoneLab-LoggerService: Checking Threshold
06-17 21:40:06.347  6824  6837 I PhoneLab-LoggerService: Starting to rename files
06-17 21:40:06.347  6824  6837 I PhoneLab-LoggerService: Files found .. 2
06-17 21:40:06.351  6824  6837 I PhoneLab-: Service Running
06-17 21:40:06.375  6824  6837 I PhoneLab-LoggerService: app_37    1263  1     1764   1324  c00f181c 400107b4 S logcat
06-17 21:40:06.375  6824  6837 I PhoneLab-LoggerService: Logcat pid from database 1263
06-17 21:40:06.375  6824  6837 I PhoneLab-LoggerService: Logcat process found 1263
06-17 21:40:06.375  6824  6837 I PhoneLab-LoggerService: Checking Threshold
06-17 21:40:06.375  6824  6837 I PhoneLab-LoggerService: Starting to rename files
06-17 21:40:06.379  6824  6837 I PhoneLab-LoggerService: Files found .. 2
06-17 21:40:11.086  6824  6837 I PhoneLab-: Service Running
06-17 21:40:11.187  6824  6826 D dalvikvm: GC_CONCURRENT freed 690K, 9% free 9682K/10567K, paused 2ms+6ms
06-17 21:40:11.195  6824  6837 I PhoneLab-LoggerService: app_37    1263  1     1764   1324  c00f181c 400107b4 S logcat
06-17 21:40:11.195  6824  6837 I PhoneLab-LoggerService: Logcat pid from database 1263
06-17 21:40:11.195  6824  6837 I PhoneLab-LoggerService: Logcat process found 1263
06-17 21:40:11.195  6824  6837 I PhoneLab-LoggerService: Checking Threshold
06-17 21:40:11.195  6824  6837 I PhoneLab-LoggerService: Starting to rename files
06-17 21:40:11.195  6824  6837 I PhoneLab-LoggerService: Files found .. 2
06-17 21:40:20.617  6824  6844 W System.err: java.net.SocketTimeoutException
06-17 21:40:20.625  6824  6844 W System.err: 	at java.net.PlainSocketImpl.read(PlainSocketImpl.java:491)
06-17 21:40:20.629  6824  6844 W System.err: 	at java.net.PlainSocketImpl.access$000(PlainSocketImpl.java:46)
06-17 21:40:20.629  6824  6844 W System.err: 	at java.net.PlainSocketImpl$PlainSocketInputStream.read(PlainSocketImpl.java:240)
06-17 21:40:20.629  6824  6844 W System.err: 	at org.apache.http.impl.io.AbstractSessionInputBuffer.fillBuffer(AbstractSessionInputBuffer.java:103)
06-17 21:40:20.632  6824  6844 W System.err: 	at org.apache.http.impl.io.AbstractSessionInputBuffer.readLine(AbstractSessionInputBuffer.java:191)
06-17 21:40:20.632  6824  6844 W System.err: 	at org.apache.http.impl.conn.DefaultResponseParser.parseHead(DefaultResponseParser.java:82)
06-17 21:40:20.636  6824  6844 W System.err: 	at org.apache.http.impl.io.AbstractMessageParser.parse(AbstractMessageParser.java:174)
06-17 21:40:20.640  6824  6844 W System.err: 	at org.apache.http.impl.AbstractHttpClientConnection.receiveResponseHeader(AbstractHttpClientConnection.java:180)
06-17 21:40:20.640  6824  6844 W System.err: 	at org.apache.http.impl.conn.DefaultClientConnection.receiveResponseHeader(DefaultClientConnection.java:235)
06-17 21:40:20.644  6824  6844 W System.err: 	at org.apache.http.impl.conn.AbstractClientConnAdapter.receiveResponseHeader(AbstractClientConnAdapter.java:259)
06-17 21:40:20.648  6824  6844 W System.err: 	at org.apache.http.protocol.HttpRequestExecutor.doReceiveResponse(HttpRequestExecutor.java:279)
06-17 21:40:20.652  6824  6844 W System.err: 	at org.apache.http.protocol.HttpRequestExecutor.execute(HttpRequestExecutor.java:121)
06-17 21:40:20.652  6824  6844 W System.err: 	at org.apache.http.impl.client.DefaultRequestDirector.execute(DefaultRequestDirector.java:428)
06-17 21:40:20.652  6824  6844 W System.err: 	at org.apache.http.impl.client.AbstractHttpClient.execute(AbstractHttpClient.java:555)
06-17 21:40:20.656  6824  6844 W System.err: 	at org.apache.http.impl.client.AbstractHttpClient.execute(AbstractHttpClient.java:487)
06-17 21:40:20.656  6824  6844 W System.err: 	at com.loopj.android.http.AsyncHttpRequest.makeRequest(Unknown Source)
06-17 21:40:20.656  6824  6844 W System.err: 	at com.loopj.android.http.AsyncHttpRequest.makeRequestWithRetries(Unknown Source)
06-17 21:40:20.656  6824  6844 W System.err: 	at com.loopj.android.http.AsyncHttpRequest.run(Unknown Source)
06-17 21:40:20.656  6824  6844 W System.err: 	at java.util.concurrent.Executors$RunnableAdapter.call(Executors.java:442)
06-17 21:40:20.656  6824  6844 W System.err: 	at java.util.concurrent.FutureTask$Sync.innerRun(FutureTask.java:305)
06-17 21:40:20.656  6824  6844 W System.err: 	at java.util.concurrent.FutureTask.run(FutureTask.java:137)
06-17 21:40:20.656  6824  6844 W System.err: 	at java.util.concurrent.ThreadPoolExecutor.runWorker(ThreadPoolExecutor.java:1076)
06-17 21:40:20.656  6824  6844 W System.err: 	at java.util.concurrent.ThreadPoolExecutor$Worker.run(ThreadPoolExecutor.java:569)
06-17 21:40:20.660  6824  6844 W System.err: 	at java.lang.Thread.run(Thread.java:856)
06-17 21:40:20.660  6824  6844 W System.err: java.net.SocketTimeoutException
06-17 21:40:20.660  6824  6844 W System.err: 	at java.net.PlainSocketImpl.read(PlainSocketImpl.java:491)
06-17 21:40:20.660  6824  6844 W System.err: 	at java.net.PlainSocketImpl.access$000(PlainSocketImpl.java:46)
06-17 21:40:20.660  6824  6844 W System.err: 	at java.net.PlainSocketImpl$PlainSocketInputStream.read(PlainSocketImpl.java:240)
06-17 21:40:20.660  6824  6844 W System.err: 	at org.apache.http.impl.io.AbstractSessionInputBuffer.fillBuffer(AbstractSessionInputBuffer.java:103)
06-17 21:40:20.664  6824  6844 W System.err: 	at org.apache.http.impl.io.AbstractSessionInputBuffer.readLine(AbstractSessionInputBuffer.java:191)
06-17 21:40:20.664  6824  6844 W System.err: 	at org.apache.http.impl.conn.DefaultResponseParser.parseHead(DefaultResponseParser.java:82)
06-17 21:40:20.664  6824  6844 W System.err: 	at org.apache.http.impl.io.AbstractMessageParser.parse(AbstractMessageParser.java:174)
06-17 21:40:20.664  6824  6844 W System.err: 	at org.apache.http.impl.AbstractHttpClientConnection.receiveResponseHeader(AbstractHttpClientConnection.java:180)
06-17 21:40:20.664  6824  6844 W System.err: 	at org.apache.http.impl.conn.DefaultClientConnection.receiveResponseHeader(DefaultClientConnection.java:235)
06-17 21:40:20.664  6824  6844 W System.err: 	at org.apache.http.impl.conn.AbstractClientConnAdapter.receiveResponseHeader(AbstractClientConnAdapter.java:259)
06-17 21:40:20.664  6824  6844 W System.err: 	at org.apache.http.protocol.HttpRequestExecutor.doReceiveResponse(HttpRequestExecutor.java:279)
06-17 21:40:20.664  6824  6844 W System.err: 	at org.apache.http.protocol.HttpRequestExecutor.execute(HttpRequestExecutor.java:121)
06-17 21:40:20.664  6824  6844 W System.err: 	at org.apache.http.impl.client.DefaultRequestDirector.execute(DefaultRequestDirector.java:428)
06-17 21:40:20.664  6824  6844 W System.err: 	at org.apache.http.impl.client.AbstractHttpClient.execute(AbstractHttpClient.java:555)
06-17 21:40:20.664  6824  6844 W System.err: 	at org.apache.http.impl.client.AbstractHttpClient.execute(AbstractHttpClient.java:487)
06-17 21:40:20.664  6824  6844 W System.err: 	at com.loopj.android.http.AsyncHttpRequest.makeRequest(Unknown Source)
06-17 21:40:20.664  6824  6844 W System.err: 	at com.loopj.android.http.AsyncHttpRequest.makeRequestWithRetries(Unknown Source)
06-17 21:40:20.668  6824  6844 W System.err: 	at com.loopj.android.http.AsyncHttpRequest.run(Unknown Source)
06-17 21:40:20.668  6824  6844 W System.err: 	at java.util.concurrent.Executors$RunnableAdapter.call(Executors.java:442)
06-17 21:40:20.668  6824  6844 W System.err: 	at java.util.concurrent.FutureTask$Sync.innerRun(FutureTask.java:305)
06-17 21:40:20.668  6824  6844 W System.err: 	at java.util.concurrent.FutureTask.run(FutureTask.java:137)
06-17 21:40:20.668  6824  6844 W System.err: 	at java.util.concurrent.ThreadPoolExecutor.runWorker(ThreadPoolExecutor.java:1076)
06-17 21:40:20.668  6824  6844 W System.err: 	at java.util.concurrent.ThreadPoolExecutor$Worker.run(ThreadPoolExecutor.java:569)
06-17 21:40:20.668  6824  6844 W System.err: 	at java.lang.Thread.run(Thread.java:856)
06-17 21:40:20.668  6824  6824 E PhoneLab-: Transfering 1339982085755.log failed
06-17 21:40:20.668  6824  6824 I PhoneLab-Locks: wake lock released
06-17 21:40:51.050   152  1041 D AlarmManagerService: Kernel timezone updated to 240 minutes west of GMT
06-17 21:40:51.054   470   470 D SystemClock: Setting time of day to sec=1339983651
06-17 21:40:51.081  6790  6817 V AlarmClock: AlarmInitReceiver finished
06-17 21:40:51.128   389   391 D dalvikvm: GC_CONCURRENT freed 469K, 13% free 9961K/11335K, paused 2ms+3ms
06-17 21:41:20.082  6803  6806 D dalvikvm: GC_CONCURRENT freed 335K, 5% free 9160K/9607K, paused 2ms+2ms
06-17 21:41:20.168   152  1032 D AlarmManagerService: Kernel timezone updated to 240 minutes west of GMT
06-17 21:45:19.074  6756  6862 W Gmail   : No MailEngine for account: anandatirtha@gmail.com
06-17 21:45:19.769  6756  6757 D dalvikvm: GC_CONCURRENT freed 252K, 4% free 9219K/9543K, paused 14ms+2ms
06-17 21:45:19.992  6756  6865 I Gmail   : calculateUnknownSyncRationalesAndPurgeInBackground: queueing
06-17 21:45:20.070  6756  6865 I Gmail   : calculateUnknownSyncRationalesAndPurgeInBackground: queueing
06-17 21:45:20.086  6756  6864 I Gmail   : MainSyncRequestProto: lowestBkwdConvoId: 0, highestHandledServerOp: 2631006, normalSync: true
06-17 21:45:20.296  1380  1380 D OpenGLRenderer: Flushing caches (mode 1)
06-17 21:45:20.336  6756  6865 I Gmail   : calculateUnknownSyncRationalesAndPurgeInBackground: running
06-17 21:45:20.343  6756  6865 I Gmail   : calculateUnknownSyncRationalesAndPurgeInBackground: running
06-17 21:45:20.394  6756  6757 D dalvikvm: GC_CONCURRENT freed 250K, 4% free 9418K/9799K, paused 2ms+4ms
06-17 21:45:22.086  6756  6757 D dalvikvm: GC_CONCURRENT freed 376K, 6% free 9487K/9991K, paused 3ms+4ms
06-17 21:45:22.250  6756  6864 D dalvikvm: GC_EXPLICIT freed 308K, 6% free 9482K/9991K, paused 2ms+2ms
06-17 21:45:22.257  6756  6864 I Gmail   : MainSyncRequestProto: lowestBkwdConvoId: 0, highestHandledServerOp: 2631053, normalSync: true
06-17 21:45:22.296  1380  1380 D OpenGLRenderer: Flushing caches (mode 1)
06-17 21:45:23.152  6756  6864 D dalvikvm: GC_EXPLICIT freed 212K, 5% free 9537K/9991K, paused 4ms+5ms
06-17 21:45:23.160  6756  6864 I Gmail   : MainSyncRequestProto: lowestBkwdConvoId: 0, highestHandledServerOp: 2631053, normalSync: true
06-17 21:45:23.191  6756  6864 W Gmail   : Scheduling index for 300000 ms from now
06-17 21:45:23.222  6756  6864 I Gmail   : Sending notification intent: Intent { act=android.intent.action.PROVIDER_CHANGED dat=content://gmail-ls/unread/^i (has extras) }
06-17 21:45:23.289  6756  6871 W Gmail   : Showing notification with unreadCount of 8 and unseenCount of 1
06-17 21:45:23.543   389   391 D dalvikvm: GC_CONCURRENT freed 218K, 9% free 10340K/11335K, paused 1ms+3ms
06-17 21:45:23.593   152  6874 I AudioService:  AudioFocus  requestAudioFocus() from android.media.AudioManager@41436be0
06-17 21:45:23.625    82   122 D AudioHardware: AudioHardware pcm playback is exiting standby.
06-17 21:45:23.625    82   122 D AudioHardware: openPcmOut_l() mPcmOpenCnt: 0
06-17 21:45:25.515   152  6874 I AudioService:  AudioFocus  abandonAudioFocus() from android.media.AudioManager@41436be0
06-17 21:45:26.507   389   391 D dalvikvm: GC_CONCURRENT freed 589K, 11% free 10185K/11335K, paused 13ms+2ms
06-17 21:45:28.390   152   558 D AlarmManagerService: Kernel timezone updated to 240 minutes west of GMT
06-17 21:45:28.597    82   122 D AudioHardware: AudioHardware pcm playback is going to standby.
06-17 21:45:28.597    82   122 D AudioHardware: closePcmOut_l() mPcmOpenCnt: 1
06-17 21:46:12.082   724  1345 I EventLogService: Aggregate from 1339982171541 (log), 1339982171541 (data)
06-17 21:53:27.004   152   202 I power   : *** set_screen_state 1
06-17 21:53:27.019   152   202 I WindowManager: Lock screen displayed!
06-17 21:53:27.230    79   119 D SurfaceFlinger: Screen about to return, flinger = 0x1a25918
06-17 21:53:27.765   389   389 D PhoneStatusBar: disable: < expand icons alerts ticker system_info back* home* RECENT clock* >
06-17 21:53:27.789   389   389 D PhoneStatusBar: disable: < EXPAND* icons alerts ticker system_info back home RECENT clock >
06-17 21:53:29.808   389   389 D PhoneStatusBar: disable: < expand* icons alerts ticker system_info BACK* HOME* RECENT CLOCK* >
06-17 21:53:30.789   389   389 D PhoneStatusBar: disable: < expand icons alerts ticker system_info BACK HOME recent* CLOCK >
06-17 21:53:30.800    82   122 D AudioHardware: AudioHardware pcm playback is exiting standby.
06-17 21:53:30.800    82   122 D AudioHardware: openPcmOut_l() mPcmOpenCnt: 0
06-17 21:53:30.804   152   163 W InputManagerService: Window already focused, ignoring focus gain of: com.android.internal.view.IInputMethodClient$Stub$Proxy@41436ef0
06-17 21:53:30.820   389   389 D PhoneStatusBar: disable: < expand icons alerts ticker system_info back* home* recent clock* >
06-17 21:53:30.840   486  1357 D NfcService: NFC-C ON
06-17 21:53:32.465   724   728 D dalvikvm: JIT code cache reset in 4 ms (1048512 bytes 1/0)
06-17 21:53:32.480   724   728 D dalvikvm: GC_CONCURRENT freed 479K, 10% free 10977K/12103K, paused 3ms+8ms
06-17 21:53:32.746   560   562 D dalvikvm: GC_CONCURRENT freed 284K, 10% free 10137K/11143K, paused 2ms+8ms
06-17 21:53:32.886  1553  1555 D dalvikvm: GC_CONCURRENT freed 853K, 39% free 12198K/19783K, paused 6ms+4ms
06-17 21:53:32.949   152   558 I ActivityManager: START {act=android.intent.action.MAIN cat=[android.intent.category.LAUNCHER] flg=0x10000000 pkg=com.yelp.android cmp=com.yelp.android/.ui.activities.RootActivity bnds=[0,254][120,404]} from pid 1553
06-17 21:53:33.082   152   155 D dalvikvm: GC_CONCURRENT freed 1247K, 31% free 15125K/21703K, paused 5ms+9ms
06-17 21:53:33.140  6595  6595 I CollectingExceptionHandler: Registering default exceptions handler
06-17 21:53:33.156   152  1033 I ActivityManager: START {flg=0x4010000 cmp=com.yelp.android/.ui.activities.ActivityHome (has extras)} from pid 6595
06-17 21:53:33.175  6595  6595 I CollectingExceptionHandler: Registering default exceptions handler
06-17 21:53:33.230  1553  1553 D OpenGLRenderer: Flushing caches (mode 1)
06-17 21:53:33.281  6595  6595 D dalvikvm: GC_FOR_ALLOC freed 785K, 12% free 12080K/13575K, paused 41ms
06-17 21:53:33.320  6595  6595 W StateBroadcastReceiver: Waking up com.yelp.android.appdata.LocationService
06-17 21:53:33.320  6595  6595 I LocationService: Registering Backgrounder
06-17 21:53:33.324  6595  6595 W StateBroadcastReceiver: Waking up com.yelp.android.appdata.webrequests.MetricsManager
06-17 21:53:33.324  6595  6595 W StateBroadcastReceiver: Waking up com.yelp.android.appdata.LocationService
06-17 21:53:33.328  6595  6595 I LocationService: Registering Backgrounder
06-17 21:53:33.332  6595  6595 W StateBroadcastReceiver: Waking up com.yelp.android.appdata.AppData
06-17 21:53:33.351   724   777 D androidNetworkLocationListeners: Still have listener com.google.android.location.internal.client.NetworkLocationClient$1@4137adc8
06-17 21:53:33.382   389   389 V PhoneStatusBar: setLightsOn(true)
06-17 21:53:33.441   724   777 D androidNetworkLocationListeners: Still have listener com.google.android.location.internal.client.NetworkLocationClient$1@4137adc8
06-17 21:53:33.461   724   777 D androidNetworkLocationListeners: Still have listener com.google.android.location.internal.client.NetworkLocationClient$1@4137adc8
06-17 21:53:33.492   152   201 I ActivityManager: Displayed com.yelp.android/.ui.activities.ActivityHome: +331ms (total +403ms)
06-17 21:53:33.535   724  1515 D WifiLocator: Too many no-location APs. Will not compute a location nor go to the server. hasLocation=0 noLocation=0 cacheMiss=0
06-17 21:53:33.562   724   777 D androidNetworkLocationListeners: Still have listener com.google.android.location.internal.client.NetworkLocationClient$1@4137adc8
06-17 21:53:33.601   389   389 D dalvikvm: GC_FOR_ALLOC freed 353K, 11% free 10190K/11335K, paused 25ms
06-17 21:53:33.625   724  1515 D WifiLocator: Too many no-location APs. Will not compute a location nor go to the server. hasLocation=0 noLocation=0 cacheMiss=0
06-17 21:53:33.672   389   389 D dalvikvm: GC_FOR_ALLOC freed 349K, 11% free 10158K/11335K, paused 26ms
06-17 21:53:33.754  1553  1553 D OpenGLRenderer: Flushing caches (mode 0)
06-17 21:53:33.757  6595  6595 W StatefulLocationListener[network]: Updating update frequency from 0 to 10
06-17 21:53:33.777  6595  6595 W StatefulLocationListener[network]: Updating update frequency from 0 to 10
06-17 21:53:33.781   724   777 D androidNetworkLocationListeners: Still have listener com.google.android.location.internal.client.NetworkLocationClient$1@4137adc8
06-17 21:53:33.797   724  1515 D WifiLocator: Too many no-location APs. Will not compute a location nor go to the server. hasLocation=0 noLocation=0 cacheMiss=0
06-17 21:53:33.797   724   777 D androidNetworkLocationListeners: Still have listener com.google.android.location.internal.client.NetworkLocationClient$1@4137adc8
06-17 21:53:33.797   724   777 D androidNetworkLocationListeners: Still have listener com.google.android.location.internal.client.NetworkLocationClient$1@4137adc8
06-17 21:53:33.804   724   777 D androidNetworkLocationListeners: Still have listener com.google.android.location.internal.client.NetworkLocationClient$1@4137adc8
06-17 21:53:33.804   724   777 D androidNetworkLocationListeners: Still have listener com.google.android.location.internal.client.NetworkLocationClient$1@4137adc8
06-17 21:53:33.804   724   777 D androidNetworkLocationListeners: Still have listener com.google.android.location.internal.client.NetworkLocationClient$1@4137adc8
06-17 21:53:33.816   724  1515 D WifiLocator: Too many no-location APs. Will not compute a location nor go to the server. hasLocation=0 noLocation=0 cacheMiss=0
06-17 21:53:33.847   389   391 D dalvikvm: GC_CONCURRENT freed 283K, 9% free 10339K/11335K, paused 3ms+2ms
06-17 21:53:33.929   152  1041 D dalvikvm: GC_EXPLICIT freed 1052K, 35% free 14296K/21703K, paused 3ms+7ms
06-17 21:53:33.941   724  1515 D WifiLocator: Too many no-location APs. Will not compute a location nor go to the server. hasLocation=0 noLocation=0 cacheMiss=0
06-17 21:53:33.961  6595  6595 W StatefulLocationListener[network]: Updating update frequency from 10 to 8
06-17 21:53:33.965  6595  6595 W StatefulLocationListener[network]: Updating update frequency from 10 to 8
06-17 21:53:33.972   724   777 D androidNetworkLocationListeners: Still have listener com.google.android.location.internal.client.NetworkLocationClient$1@4137adc8
06-17 21:53:33.976   724   777 D androidNetworkLocationListeners: Still have listener com.google.android.location.internal.client.NetworkLocationClient$1@4137adc8
06-17 21:53:33.980   724  1515 D WifiLocator: Too many no-location APs. Will not compute a location nor go to the server. hasLocation=0 noLocation=0 cacheMiss=0
06-17 21:53:33.980   724   777 D androidNetworkLocationListeners: Still have listener com.google.android.location.internal.client.NetworkLocationClient$1@4137adc8
06-17 21:53:33.988   724   777 D androidNetworkLocationListeners: Still have listener com.google.android.location.internal.client.NetworkLocationClient$1@4137adc8
06-17 21:53:33.988   724   777 D androidNetworkLocationListeners: Still have listener com.google.android.location.internal.client.NetworkLocationClient$1@4137adc8
06-17 21:53:33.996   724   777 D androidNetworkLocationListeners: Still have listener com.google.android.location.internal.client.NetworkLocationClient$1@4137adc8
06-17 21:53:34.004   724  1515 D WifiLocator: Too many no-location APs. Will not compute a location nor go to the server. hasLocation=0 noLocation=0 cacheMiss=0
06-17 21:53:34.011   724  1515 D WifiLocator: Too many no-location APs. Will not compute a location nor go to the server. hasLocation=0 noLocation=0 cacheMiss=0
06-17 21:53:34.031   724  1515 D WifiLocator: Too many no-location APs. Will not compute a location nor go to the server. hasLocation=0 noLocation=0 cacheMiss=0
06-17 21:53:34.043  6595  6595 W StatefulLocationListener[network]: Updating update frequency from 8 to 6
06-17 21:53:34.047  6595  6595 W StatefulLocationListener[network]: Updating update frequency from 8 to 6
06-17 21:53:34.050   724   777 D androidNetworkLocationListeners: Still have listener com.google.android.location.internal.client.NetworkLocationClient$1@4137adc8
06-17 21:53:34.054   724   777 D androidNetworkLocationListeners: Still have listener com.google.android.location.internal.client.NetworkLocationClient$1@4137adc8
06-17 21:53:34.058   724   777 D androidNetworkLocationListeners: Still have listener com.google.android.location.internal.client.NetworkLocationClient$1@4137adc8
06-17 21:53:34.058   724  1515 D WifiLocator: Too many no-location APs. Will not compute a location nor go to the server. hasLocation=0 noLocation=0 cacheMiss=0
06-17 21:53:34.062   724   777 D androidNetworkLocationListeners: Still have listener com.google.android.location.internal.client.NetworkLocationClient$1@4137adc8
06-17 21:53:34.070   724  1515 D WifiLocator: Too many no-location APs. Will not compute a location nor go to the server. hasLocation=0 noLocation=0 cacheMiss=0
06-17 21:53:34.093  6595  6595 W StatefulLocationListener[network]: Updating update frequency from 6 to 4
