06-16 20:48:57.539  3342  3355 I PhoneLab-LoggerService: Checking Threshold
06-16 20:48:57.539  3342  3355 I PhoneLab-: Service Running
06-16 20:48:57.566  3342  3355 I PhoneLab-LoggerService: app_37    1263  1     1764   1320  c00f181c 400107b4 S logcat
06-16 20:48:57.566  3342  3355 I PhoneLab-LoggerService: Logcat pid from database 1263
06-16 20:48:57.570  3342  3355 I PhoneLab-LoggerService: Logcat process found 1263
06-16 20:48:57.570  3342  3355 I PhoneLab-LoggerService: Checking Threshold
06-16 20:48:57.570  3342  3355 I PhoneLab-: Service Running
06-16 20:48:57.593  3342  3355 I PhoneLab-LoggerService: app_37    1263  1     1764   1320  c00f181c 400107b4 S logcat
06-16 20:48:57.593  3342  3355 I PhoneLab-LoggerService: Logcat pid from database 1263
06-16 20:48:57.593  3342  3355 I PhoneLab-LoggerService: Logcat process found 1263
06-16 20:48:57.593  3342  3355 I PhoneLab-LoggerService: Checking Threshold
06-16 20:48:57.597  3342  3355 I PhoneLab-: Service Running
06-16 20:48:57.621  3342  3355 I PhoneLab-LoggerService: app_37    1263  1     1764   1320  c00f181c 400107b4 S logcat
06-16 20:48:57.621  3342  3355 I PhoneLab-LoggerService: Logcat pid from database 1263
06-16 20:48:57.621  3342  3355 I PhoneLab-LoggerService: Logcat process found 1263
06-16 20:48:57.621  3342  3355 I PhoneLab-LoggerService: Checking Threshold
06-16 20:48:57.621  3342  3355 I PhoneLab-: Service Running
06-16 20:48:57.664  3342  3345 D dalvikvm: GC_CONCURRENT freed 414K, 15% free 9140K/10631K, paused 1ms+6ms
06-16 20:48:57.664  3342  3355 I PhoneLab-LoggerService: app_37    1263  1     1764   1320  c00f181c 400107b4 S logcat
06-16 20:48:57.664  3342  3355 I PhoneLab-LoggerService: Logcat pid from database 1263
06-16 20:48:57.664  3342  3355 I PhoneLab-LoggerService: Logcat process found 1263
06-16 20:48:57.664  3342  3355 I PhoneLab-LoggerService: Checking Threshold
06-16 20:48:57.664  3342  3355 I PhoneLab-: Service Running
06-16 20:48:57.699  3342  3355 I PhoneLab-LoggerService: app_37    1263  1     1764   1320  c00f181c 400107b4 S logcat
06-16 20:48:57.699  3342  3355 I PhoneLab-LoggerService: Logcat pid from database 1263
06-16 20:48:57.699  3342  3355 I PhoneLab-LoggerService: Logcat process found 1263
06-16 20:48:57.699  3342  3355 I PhoneLab-LoggerService: Checking Threshold
06-16 20:48:57.699  3342  3355 I PhoneLab-: Service Running
06-16 20:48:57.726  3342  3355 I PhoneLab-LoggerService: app_37    1263  1     1764   1320  c00f181c 400107b4 S logcat
06-16 20:48:57.726  3342  3355 I PhoneLab-LoggerService: Logcat pid from database 1263
06-16 20:48:57.726  3342  3355 I PhoneLab-LoggerService: Logcat process found 1263
06-16 20:48:57.726  3342  3355 I PhoneLab-LoggerService: Checking Threshold
06-16 21:08:02.015   152   202 I power   : *** set_screen_state 1
06-16 21:08:02.089   152   202 I WindowManager: Lock screen displayed!
06-16 21:08:02.214    79   119 D SurfaceFlinger: Screen about to return, flinger = 0x1a25918
06-16 21:08:12.566   152   198 I power   : *** set_screen_state 0
06-16 21:08:12.605    79   119 D SurfaceFlinger: About to give-up screen, flinger = 0x1a25918
06-16 21:11:07.054   152   155 D dalvikvm: GC_CONCURRENT freed 1006K, 14% free 14893K/17223K, paused 9ms+504ms
06-16 21:11:07.082   152   202 V TransportControlView: Create TCV com.android.internal.widget.TransportControlView@417cd5a8
06-16 21:11:07.679   152   168 V BackupManagerService: Running a backup pass
06-16 21:11:07.687   152   324 V BackupManagerService: Backup requested but nothing pending
06-16 21:13:13.058  3342  3342 I PhoneLab-Locks: wake lock acquired
06-16 21:13:13.066  3342  4708 I PhoneLab-PeriodicCheckService: User info is synched
06-16 21:13:13.066  3342  4708 I PhoneLab-PeriodicCheckService: Logger Service is running
06-16 21:13:13.070  3342  3342 I PhoneLab-Locks: wake lock acquired
06-16 21:13:13.074  3342  3342 I PhoneLab-StatusMonitor: Status Monitoring is started
06-16 21:13:13.074  3342  3342 E PhoneLab-PhoneLabManifest: java.io.FileNotFoundException: /data/data/edu.buffalo.cse.phonelab.phonelabservices/files/manifest.xml: open failed: ENOENT (No such file or directory)
06-16 21:13:13.074  3342  3342 I PhoneLab-Locks: wake lock released
06-16 21:13:13.082  3342  4708 I PhoneLab-Locks: wake lock acquired
06-16 21:13:13.082  3342  3342 I PhoneLab-UploadLogs: Transfering log files now
06-16 21:13:13.082  3342  3342 I PhoneLab-UploadLogs: No log files to transfer
06-16 21:13:13.082  3342  3342 I PhoneLab-Locks: wake lock released
06-16 21:13:13.086  3342  3342 I PhoneLab-UploadLogs: OnStartCommand
06-16 21:13:13.086  3342  4708 I PhoneLab-PeriodicCheckService: Rescheduling periodic checking...
06-16 21:13:13.086  3342  4708 I PhoneLab-Locks: wake lock released
06-16 21:15:59.238   724  1106 I EventLogService: Aggregate from 1339893959103 (log), 1339893959103 (data)
06-16 21:21:20.062   152   313 D ConnectivityService: Attempting to switch to wifi
06-16 21:21:20.062   152   313 D ConnectivityService: Attempting to switch to WIMAX
06-16 21:21:20.062   152   313 D ConnectivityService: Attempting to switch to BLUETOOTH_TETHER
06-16 21:21:20.074   152   313 D NetUtils: android_net_utils_resetConnections in env=0xb2a078 clazz=0x9f100001 iface=rmnet0 mask=0x3
06-16 21:21:20.074   152   313 D ConnectivityService: resetConnections(rmnet0, 3)
06-16 21:21:20.144   470   470 D SAN_SERVICE: *******************************************
06-16 21:21:20.144   470   470 D SAN_SERVICE: DM App Phone Call State - 1
06-16 21:21:20.144   470   470 D SAN_SERVICE: *******************************************
06-16 21:21:20.144   470   470 D CallNotifier: RINGING... (new)
06-16 21:21:20.144   470   470 D CallNotifier: onNewRingingConnection(): state = RINGING, conn = {  incoming: true state: INCOMING post dial state: NOT_STARTED }
06-16 21:21:20.148   470  4709 D CallNotifier: SignalInfoTonePlayer.run(toneId = 98)...
06-16 21:21:20.152   724  2861 W Smack/Packet: notify conn break (IOEx), close connection
06-16 21:21:20.191    82   122 D AudioHardware: AudioStreamOutALSA::setParameters() routing=1
06-16 21:21:20.203    82   122 D AudioHardware: AudioHardware pcm playback is exiting standby.
06-16 21:21:20.203    82   122 D AudioHardware: openPcmOut_l() mPcmOpenCnt: 0
06-16 21:21:20.226   470   470 D Bluetooth HS/HF: CDMA call state: IDLE prev state:IDLE
06-16 21:21:20.230   389   389 D PhoneStatusBar: disable: < expand icons ALERTS* ticker system_info BACK HOME RECENT CLOCK >
06-16 21:21:20.234   470   470 D AccelerometerListener: enable(false)
06-16 21:21:20.296   470   470 D CallNotifier: showIncomingCall()...  phone state = RINGING
06-16 21:21:20.300   152  2845 I power   : *** set_screen_state 0
06-16 21:21:20.312   152   202 I WindowManager: Lock screen displayed!
06-16 21:21:20.461   724  2861 I qtaguid : Failed write_ctrl(u 70) res=-1 errno=22
06-16 21:21:20.461   724  2861 I qtaguid : Untagging socket 70 failed errno=-22
06-16 21:21:20.461   724  2861 W NetworkManagementSocketTagger: untagSocket(70) failed with errno -22
06-16 21:21:20.492    82    82 D AudioHardwareInterface: setMode(RINGTONE)
06-16 21:21:20.496   152   506 I AudioService:  AudioFocus  requestAudioFocus() from AudioFocus_For_Phone_Ring_And_Calls
06-16 21:21:20.523    82   122 D AudioHardware: AudioStreamOutALSA::setParameters() routing=2
06-16 21:21:20.527    82   122 D AudioHardware: AudioHardware pcm playback is going to standby.
06-16 21:21:20.527    82   122 D AudioHardware: closePcmOut_l() mPcmOpenCnt: 1
06-16 21:21:20.527    82   122 D AudioHardware: AudioHardware pcm playback is exiting standby.
06-16 21:21:20.527    82   122 D AudioHardware: openPcmOut_l() mPcmOpenCnt: 0
06-16 21:21:20.531   389   391 D dalvikvm: GC_CONCURRENT freed 395K, 13% free 9667K/11079K, paused 5ms+43ms
06-16 21:21:20.562   389   389 D PhoneStatusBar: Notification has fullScreenIntent; sending fullScreenIntent
06-16 21:21:20.566   152  1041 I ActivityManager: START {act=android.intent.action.MAIN flg=0x10840000 cmp=com.android.phone/.InCallScreen} from pid -1
06-16 21:21:20.574   152   313 D ConnectivityService: handleInetConditionChange: no active default network - ignore
06-16 21:21:20.629   470   470 D InCallScreen: onNewIntent: intent = Intent { act=android.intent.action.MAIN flg=0x10c40000 cmp=com.android.phone/.InCallScreen }, phone state = RINGING
06-16 21:21:20.671   389   389 D PhoneStatusBar: disable: < EXPAND* icons ALERTS ticker system_info BACK HOME RECENT CLOCK >
06-16 21:21:20.726   470   473 D dalvikvm: GC_CONCURRENT freed 797K, 10% free 12131K/13447K, paused 2ms+8ms
06-16 21:21:20.820   470   470 D dalvikvm: GC_FOR_ALLOC freed 55K, 8% free 12388K/13447K, paused 58ms
06-16 21:21:20.839   389   391 D dalvikvm: GC_CONCURRENT freed 363K, 12% free 9787K/11079K, paused 5ms+9ms
06-16 21:21:20.875   470   470 D dalvikvm: GC_FOR_ALLOC freed 1K, 8% free 12490K/13575K, paused 47ms
06-16 21:21:20.957  4491  4491 D OpenGLRenderer: Flushing caches (mode 1)
06-16 21:21:20.976   152   163 I power   : *** set_screen_state 1
06-16 21:21:21.046   470   470 D Bluetooth HS/HF: CDMA call state: IDLE prev state:IDLE
06-16 21:21:21.113  4491  4491 D OpenGLRenderer: Flushing caches (mode 0)
06-16 21:21:21.179    79   119 D SurfaceFlinger: Screen about to return, flinger = 0x1a25918
06-16 21:21:21.277   389   389 D PhoneStatusBar: disable: < EXPAND icons ALERTS ticker system_info BACK HOME RECENT clock* >
06-16 21:21:23.129   152   316 D Tethering: MasterInitialState.processMessage what=3
06-16 21:21:23.207   152   510 I ActivityManager: Start proc com.google.android.gallery3d for broadcast com.google.android.gallery3d/com.google.android.picasasync.ConnectivityReceiver: pid=4716 uid=10016 gids={3003, 1015}
06-16 21:21:23.406  4716  4716 I ActivityThread: Pub com.google.android.gallery3d.GooglePhotoProvider: com.google.android.picasasync.PicasaContentProvider
06-16 21:21:23.535  4716  4717 D dalvikvm: GC_CONCURRENT freed 417K, 6% free 9118K/9607K, paused 6ms+9ms
06-16 21:21:23.629  4716  4716 I ActivityThread: Pub com.google.android.gallery3d.provider: com.android.gallery3d.provider.GalleryProvider
06-16 21:21:23.730  4716  4717 D dalvikvm: GC_CONCURRENT freed 382K, 6% free 9160K/9671K, paused 1ms+6ms
06-16 21:21:23.851   152   506 D dalvikvm: GC_EXPLICIT freed 1399K, 17% free 14432K/17223K, paused 3ms+12ms
06-16 21:21:23.918  4716  4716 D UploadsManager: load newPhotoTracker: null
06-16 21:21:23.918  4716  4716 D UploadsManager: load all accounts: null
06-16 21:21:23.918  4716  4716 D UploadsManager: load all account-album pairs: null
06-16 21:21:23.918  4716  4716 V PicasaContentProvider: querySettings: defaults: {sync_on_wifi_only=1, auto_upload_account_type=null, sync_on_battery=1, sync_picasa_on_wifi_only=1, auto_upload_enabled=0, video_upload_wifi_only=1, sync_on_roaming=0, auto_upload_account_name=null}
06-16 21:21:23.921  4716  4716 D UploadsManager:    settings not changed
06-16 21:21:23.992   152   152 I ActivityManager: Start proc com.google.android.apps.uploader for broadcast com.google.android.apps.uploader/.ConnectivityBroadcastReceiver: pid=4732 uid=10030 gids={3003}
06-16 21:21:23.996  4716  4730 D PicasaSync: sync account database
06-16 21:21:24.019  4732  4732 I dalvikvm: Turning on JNI app bug workarounds for target SDK version 11...
06-16 21:21:24.113  4732  4732 I ActivityThread: Pub com.google.android.apps.uploader: com.google.android.apps.uploader.UploadsContentProvider
06-16 21:21:24.113  4732  4732 I ActivityThread: Pub com.google.photos.provider.Album: com.google.android.apps.uploader.clients.picasa.AlbumProvider
06-16 21:21:24.144  4732  4732 D MediaUploader: UploaderApplication.onCreate
06-16 21:21:24.304  4732  4732 D MediaUploader: nonWifiLimit=20971520, default=20971520
06-16 21:21:24.316  4732  4732 I MediaUploader: No need to wake up
06-16 21:21:24.668  4716  4730 D PicasaSync: accounts in DB=2
06-16 21:21:24.695  4716  4730 V PicasaContentProvider: querySettings: defaults: {sync_on_wifi_only=1, auto_upload_account_type=null, sync_on_battery=1, sync_picasa_on_wifi_only=1, auto_upload_enabled=0, video_upload_wifi_only=1, sync_on_roaming=0, auto_upload_account_name=null}
06-16 21:21:24.734  4716  4730 D PicasaSyncManager: active network: null
06-16 21:21:24.738  4716  4730 D PicasaSyncManager: background data: true
06-16 21:21:25.171  4716  4730 V PicasaContentProvider: querySettings: defaults: {sync_on_wifi_only=1, auto_upload_account_type=null, sync_on_battery=1, sync_picasa_on_wifi_only=1, auto_upload_enabled=0, video_upload_wifi_only=1, sync_on_roaming=0, auto_upload_account_name=null}
06-16 21:21:25.218  4716  4730 D PicasaSyncManager: reject MetadataSyncTask (ubphlab@gmail.com) for wifi connection
06-16 21:21:25.629  4716  4730 D PicasaSyncManager: battery info: false
06-16 21:21:29.660   389   391 D dalvikvm: GC_CONCURRENT freed 277K, 11% free 9898K/11079K, paused 1ms+4ms
06-16 21:21:30.117  4491  4748 D Finsky  : [316] OnCompleteListenerNotifier.doInBackground: Signature check not required.
06-16 21:21:30.445   152   172 I ActivityManager: Start proc com.android.defcontainer for service com.android.defcontainer/.DefaultContainerService: pid=4749 uid=10010 gids={1015, 2001}
06-16 21:21:31.070   152   559 I ActivityManager: Process com.google.android.gm (pid 3706) has died.
06-16 21:21:31.144   152   172 W ActivityManager: No content provider found for permission revoke: file:///data/data/com.android.providers.downloads/cache/downloadfile.apk
06-16 21:21:32.691   152   172 W ActivityManager: No content provider found for permission revoke: file:///data/data/com.android.providers.downloads/cache/downloadfile.apk
06-16 21:21:37.910   152   155 D dalvikvm: GC_CONCURRENT freed 705K, 14% free 14976K/17223K, paused 8ms+5ms
06-16 21:21:40.082   152   313 D ConnectivityService: ConnectivityChange for mobile: CONNECTED/CONNECTED
06-16 21:21:40.168   470   470 D SAN_SERVICE: *******************************************
06-16 21:21:40.168   470   470 D SAN_SERVICE: DM App Phone Call State - 0
06-16 21:21:40.168   470   470 D SAN_SERVICE: *******************************************
06-16 21:21:40.171   152   308 D NetworkPolicy: applying policy NetworkPolicy[NetworkTemplate: matchRule=MOBILE_ALL, subscriberId=valid]: cycleDay=15, warningBytes=2147483648, limitBytes=-1, lastSnooze=-1 to ifaces [rmnet0]
06-16 21:21:40.195   470   470 D CallNotifier: onDisconnect: cause = INCOMING_MISSED, incoming = true, date = 1339896080033
06-16 21:21:40.195   470  4763 D CallNotifier: SignalInfoTonePlayer.run(toneId = 98)...
06-16 21:21:40.211    82   651 D AudioHardwareInterface: setMode(NORMAL)
06-16 21:21:40.211    82   122 D AudioHardware: AudioStreamOutALSA::setParameters() routing=1
06-16 21:21:40.211    82   122 D AudioHardware: AudioHardware pcm playback is going to standby.
06-16 21:21:40.211    82   122 D AudioHardware: closePcmOut_l() mPcmOpenCnt: 1
06-16 21:21:40.211    82   122 D AudioHardware: AudioHardware pcm playback is exiting standby.
06-16 21:21:40.211    82   122 D AudioHardware: openPcmOut_l() mPcmOpenCnt: 0
06-16 21:21:40.214   152   163 I AudioService:  AudioFocus  abandonAudioFocus() from AudioFocus_For_Phone_Ring_And_Calls
06-16 21:21:40.226   152  1033 I PowerManagerService: clearUserActivity for 10000ms from now
06-16 21:21:40.250   470   470 D InCallScreen: delayedCleanupAfterDisconnect()...  Phone state = IDLE
06-16 21:21:40.250   470   470 D InCallScreen: endInCallScreenSession(false)...  phone state = IDLE
06-16 21:21:40.250   152   489 I ActivityManager: moveTaskToBack: 13
06-16 21:21:40.480   389   389 D PhoneStatusBar: disable: < expand* icons ALERTS ticker system_info BACK HOME RECENT CLOCK* >
06-16 21:21:40.504   470   470 D Bluetooth HS/HF: CDMA call state: IDLE prev state:IDLE
06-16 21:21:40.511   470   470 D AccelerometerListener: enable(false)
06-16 21:21:40.582   389   391 D dalvikvm: GC_CONCURRENT freed 316K, 10% free 9998K/11079K, paused 4ms+3ms
06-16 21:21:40.586   389   389 D PhoneStatusBar: disable: < expand icons alerts* ticker system_info BACK HOME RECENT CLOCK >
06-16 21:21:40.617   152  1032 I ActivityManager: moveTaskToBack: 13
06-16 21:21:40.754   470   470 D InCallTouchUi: - triggerPing: InCallScreen no longer in foreground; ignoring...
06-16 21:21:40.910   152   155 D dalvikvm: GC_CONCURRENT freed 957K, 11% free 15389K/17223K, paused 3ms+5ms
06-16 21:21:41.312   152   155 D dalvikvm: GC_CONCURRENT freed 1504K, 11% free 15398K/17223K, paused 4ms+6ms
06-16 21:21:41.496   152   155 D dalvikvm: GC_CONCURRENT freed 1488K, 11% free 15404K/17223K, paused 2ms+6ms
06-16 21:21:41.839   152   155 D dalvikvm: GC_CONCURRENT freed 1515K, 11% free 15443K/17223K, paused 3ms+6ms
06-16 21:21:41.918   152  2845 D AlarmManagerService: Kernel timezone updated to 240 minutes west of GMT
06-16 21:21:41.050  4405  4418 V AlarmClock: AlarmInitReceiver finished
06-16 21:21:41.921   470   470 D SystemClock: Setting time of day to sec=1339896101
06-16 21:21:41.168   724   728 D dalvikvm: GC_CONCURRENT freed 508K, 12% free 10673K/12103K, paused 3ms+4ms
06-16 21:21:41.340   152   155 D dalvikvm: GC_CONCURRENT freed 1514K, 11% free 15435K/17223K, paused 3ms+6ms
06-16 21:21:41.543   152   172 D dalvikvm: GC_EXPLICIT freed 735K, 11% free 15374K/17223K, paused 7ms+21ms
06-16 21:21:41.547  4491  4502 D Finsky  : [283] 1.packageInstalled: Package install status for "com.android.vending" is -104
06-16 21:21:41.550  4491  4502 W Finsky  : [283] 1.packageInstalled: Package name mismatsch: ours:  package manager's: com.android.vending
06-16 21:21:42.207   152   316 D Tethering: MasterInitialState.processMessage what=3
06-16 21:21:42.281  4732  4732 I MediaUploader: No need to wake up
06-16 21:21:42.293  4716  4730 D PicasaSyncManager: active network: NetworkInfo: type: mobile[CDMA - EvDo rev. A], state: CONNECTED/CONNECTED, reason: 2GVoiceCallEnded, extra: , roaming: false, failover: false, isAvailable: true
06-16 21:21:42.297  4716  4730 D PicasaSyncManager: background data: true
06-16 21:21:42.383    82   122 D AudioHardware: AudioHardware pcm playback is going to standby.
06-16 21:21:42.383    82   122 D AudioHardware: closePcmOut_l() mPcmOpenCnt: 1
06-16 21:21:42.605   389   391 D dalvikvm: GC_CONCURRENT freed 512K, 11% free 9930K/11079K, paused 7ms+3ms
06-16 21:21:49.929   152   198 I power   : *** set_screen_state 0
06-16 21:21:49.957   724   724 I GTalkService/c: [AndroidEndpoint@1094621160] connect: acct=1000000, state=CONNECTING
06-16 21:21:49.968    79   119 D SurfaceFlinger: About to give-up screen, flinger = 0x1a25918
06-16 21:21:49.984   724   724 I GTalkService/c: [GTalkConnection@1095022504] connect: acct=1, state=CONNECTING
06-16 21:21:49.988   724   724 I GTalkService/c: [GTalkConnection@1095243752] connect: acct=2, state=CONNECTING
06-16 21:21:50.082   152   202 V TransportControlView: Create TCV com.android.internal.widget.TransportControlView@417d2780
06-16 21:21:52.863   152   313 D ConnectivityService: handleInetConditionHoldEnd: net=0, condition=100, published condition=0
06-16 21:21:52.953   152   169 I ActivityManager: Start proc com.google.android.talk for broadcast com.google.android.talk/.ConnectionStateOnlineReceiver: pid=4773 uid=10046 gids={3003, 1015, 1006, 3002}
06-16 21:21:53.086  4773  4773 I ActivityThread: Pub com.google.android.talk.SuggestionProvider: com.google.android.talk.SuggestionsProvider
06-16 21:21:53.277  4773  4773 D vclib:CallStateClient: startListening
06-16 21:21:53.300  4773  4776 D dalvikvm: GC_CONCURRENT freed 204K, 3% free 9323K/9607K, paused 2ms+3ms
06-16 21:21:53.406   724   728 D dalvikvm: GC_CONCURRENT freed 400K, 12% free 10722K/12103K, paused 2ms+5ms
06-16 21:21:56.613  1380  1380 D OpenGLRenderer: Flushing caches (mode 1)
06-16 21:31:28.129   152   155 D dalvikvm: GC_CONCURRENT freed 2306K, 16% free 14549K/17223K, paused 8ms+5ms
06-16 21:43:12.172  3342  3342 I PhoneLab-Locks: wake lock acquired
06-16 21:43:12.179  3342  4798 I PhoneLab-PeriodicCheckService: User info is synched
06-16 21:43:12.179  3342  4798 I PhoneLab-PeriodicCheckService: Logger Service is running
06-16 21:43:12.179  3342  4798 I PhoneLab-Locks: wake lock acquired
06-16 21:43:12.183  3342  3342 I PhoneLab-UploadLogs: Transfering log files now
06-16 21:43:12.183  3342  3342 I PhoneLab-UploadLogs: No log files to transfer
06-16 21:43:12.183  3342  3342 I PhoneLab-Locks: wake lock released
06-16 21:43:12.183  3342  3342 I PhoneLab-UploadLogs: OnStartCommand
06-16 21:43:12.183  3342  4798 I PhoneLab-PeriodicCheckService: Rescheduling periodic checking...
06-16 21:43:12.187  3342  4798 I PhoneLab-Locks: wake lock released
06-16 21:45:59.324   724   906 I EventLogService: Aggregate from 1339895759239 (log), 1339895759239 (data)
06-16 21:49:00.429   152   510 D AlarmManagerService: Kernel timezone updated to 240 minutes west of GMT
06-16 21:49:00.433   470   470 D SystemClock: Setting time of day to sec=1339897741
06-16 21:49:01.152   152  1042 D dalvikvm: GC_EXPLICIT freed 356K, 16% free 14523K/17223K, paused 3ms+4ms
06-16 21:49:01.160  4405  4418 V AlarmClock: AlarmInitReceiver finished
06-16 21:49:01.234   724   728 D dalvikvm: GC_CONCURRENT freed 453K, 12% free 10739K/12103K, paused 2ms+3ms
06-16 21:49:01.273   724  1106 D dalvikvm: GC_EXPLICIT freed 36K, 12% free 10703K/12103K, paused 2ms+3ms
06-16 22:01:04.027   152   313 D NetUtils: android_net_utils_resetConnections in env=0xb2a078 clazz=0xb9800001 iface=rmnet0 mask=0x3
06-16 22:01:04.027   152   313 D ConnectivityService: Attempting to switch to wifi
06-16 22:01:04.027   152   313 D ConnectivityService: Attempting to switch to WIMAX
06-16 22:01:04.027   152   313 D ConnectivityService: Attempting to switch to BLUETOOTH_TETHER
06-16 22:01:04.027   152   313 D ConnectivityService: resetConnections(rmnet0, 3)
06-16 22:01:04.101   470   470 D SAN_SERVICE: *******************************************
06-16 22:01:04.101   470   470 D SAN_SERVICE: DM App Phone Call State - 1
06-16 22:01:04.101   470   470 D SAN_SERVICE: *******************************************
06-16 22:01:04.101   470   470 D CallNotifier: RINGING... (new)
06-16 22:01:04.105   470   470 D CallNotifier: onNewRingingConnection(): state = RINGING, conn = {  incoming: true state: INCOMING post dial state: NOT_STARTED }
06-16 22:01:04.121   470  4800 D CallNotifier: SignalInfoTonePlayer.run(toneId = 98)...
06-16 22:01:04.129   470   470 D Bluetooth HS/HF: CDMA call state: IDLE prev state:IDLE
06-16 22:01:04.132   470   470 D AccelerometerListener: enable(false)
06-16 22:01:04.132   389   389 D PhoneStatusBar: disable: < expand icons ALERTS* ticker system_info BACK HOME RECENT CLOCK >
06-16 22:01:04.148    82   122 D AudioHardware: AudioHardware pcm playback is exiting standby.
06-16 22:01:04.148    82   122 D AudioHardware: openPcmOut_l() mPcmOpenCnt: 0
06-16 22:01:04.164   724  4770 W Smack/Packet: notify conn break (IOEx), close connection
06-16 22:01:04.195   560   683 D dalvikvm: GC_EXPLICIT freed 270K, 11% free 10002K/11143K, paused 5ms+4ms
06-16 22:01:04.234   470   470 D CallNotifier: showIncomingCall()...  phone state = RINGING
06-16 22:01:04.238   152  1042 I power   : *** set_screen_state 0
06-16 22:01:04.250   152   202 I WindowManager: Lock screen displayed!
06-16 22:01:04.320   389   389 D PhoneStatusBar: Notification has fullScreenIntent; sending fullScreenIntent
06-16 22:01:04.320   152   163 I ActivityManager: START {act=android.intent.action.MAIN flg=0x10840000 cmp=com.android.phone/.InCallScreen} from pid -1
06-16 22:01:04.340    82    82 D AudioHardwareInterface: setMode(RINGTONE)
06-16 22:01:04.343   152   374 I AudioService:  AudioFocus  requestAudioFocus() from AudioFocus_For_Phone_Ring_And_Calls
06-16 22:01:04.363    82   122 D AudioHardware: AudioStreamOutALSA::setParameters() routing=2
06-16 22:01:04.363    82   122 D AudioHardware: AudioHardware pcm playback is going to standby.
06-16 22:01:04.363    82   122 D AudioHardware: closePcmOut_l() mPcmOpenCnt: 1
06-16 22:01:04.375   470   470 D InCallScreen: onNewIntent: intent = Intent { act=android.intent.action.MAIN flg=0x10c40000 cmp=com.android.phone/.InCallScreen }, phone state = RINGING
06-16 22:01:04.379    82   122 D AudioHardware: AudioHardware pcm playback is exiting standby.
06-16 22:01:04.379    82   122 D AudioHardware: openPcmOut_l() mPcmOpenCnt: 0
06-16 22:01:04.418  4491  4491 D OpenGLRenderer: Flushing caches (mode 1)
06-16 22:01:04.429   389   389 D PhoneStatusBar: disable: < EXPAND* icons ALERTS ticker system_info BACK HOME RECENT CLOCK >
06-16 22:01:04.504   152  1040 I power   : *** set_screen_state 1
06-16 22:01:04.562   389   391 D dalvikvm: GC_CONCURRENT freed 236K, 10% free 10081K/11079K, paused 1ms+15ms
06-16 22:01:04.625   470   473 D dalvikvm: GC_CONCURRENT freed 1568K, 13% free 11999K/13703K, paused 13ms+17ms
06-16 22:01:04.656   470   470 D Bluetooth HS/HF: CDMA call state: IDLE prev state:IDLE
06-16 22:01:04.699    79   119 D SurfaceFlinger: Screen about to return, flinger = 0x1a25918
06-16 22:01:04.781  4491  4491 D OpenGLRenderer: Flushing caches (mode 0)
06-16 22:01:04.855   152   491 W InputManagerService: Window already focused, ignoring focus gain of: com.android.internal.view.IInputMethodClient$Stub$Proxy@4146cbb0
06-16 22:01:04.875   389   389 D PhoneStatusBar: disable: < EXPAND icons ALERTS ticker system_info BACK HOME RECENT clock* >
06-16 22:01:04.918   724  4770 I qtaguid : Failed write_ctrl(u 70) res=-1 errno=22
06-16 22:01:04.925   724  4770 I qtaguid : Untagging socket 70 failed errno=-22
06-16 22:01:04.925   724  4770 W NetworkManagementSocketTagger: untagSocket(70) failed with errno -22
06-16 22:01:04.937   152   313 D ConnectivityService: handleInetConditionChange: no active default network - ignore
06-16 22:01:07.078   152   316 D Tethering: MasterInitialState.processMessage what=3
06-16 22:01:07.152  4732  4732 I MediaUploader: No need to wake up
06-16 22:01:07.156  4716  4730 D PicasaSyncManager: active network: null
06-16 22:01:07.172  4716  4730 D PicasaSyncManager: background data: true
06-16 22:01:10.562   470   473 D dalvikvm: GC_CONCURRENT freed 886K, 13% free 11977K/13703K, paused 8ms+4ms
06-16 22:01:11.414   389   391 D dalvikvm: GC_CONCURRENT freed 366K, 9% free 10100K/11079K, paused 2ms+8ms
06-16 22:01:24.543  3342  3355 I PhoneLab-: Service Running
06-16 22:01:25.406  3342  3355 I PhoneLab-LoggerService: app_37    1263  1     1764   1320  c00f181c 400107b4 S logcat
06-16 22:01:25.406  3342  3355 I PhoneLab-LoggerService: Logcat pid from database 1263
06-16 22:01:25.429  3342  3355 I PhoneLab-LoggerService: Logcat process found 1263
06-16 22:01:25.429  3342  3355 I PhoneLab-LoggerService: Checking Threshold
06-16 22:01:25.429  3342  3355 I PhoneLab-: Service Running
06-16 22:01:26.269  3342  3355 I PhoneLab-LoggerService: app_37    1263  1     1764   1320  c00f181c 400107b4 S logcat
06-16 22:01:26.269  3342  3355 I PhoneLab-LoggerService: Logcat pid from database 1263
06-16 22:01:26.269  3342  3355 I PhoneLab-LoggerService: Logcat process found 1263
06-16 22:01:26.269  3342  3355 I PhoneLab-LoggerService: Checking Threshold
06-16 22:01:26.269  3342  3355 I PhoneLab-: Service Running
06-16 22:01:27.101  3342  3355 I PhoneLab-LoggerService: app_37    1263  1     1764   1320  c00f181c 400107b4 S logcat
06-16 22:01:27.101  3342  3355 I PhoneLab-LoggerService: Logcat pid from database 1263
06-16 22:01:27.101  3342  3355 I PhoneLab-LoggerService: Logcat process found 1263
06-16 22:01:27.101  3342  3355 I PhoneLab-LoggerService: Checking Threshold
06-16 22:01:27.101  3342  3355 I PhoneLab-: Service Running
06-16 22:01:28.257  3342  3345 D dalvikvm: GC_CONCURRENT freed 396K, 15% free 9137K/10631K, paused 2ms+107ms
06-16 22:01:28.914  3342  3355 I PhoneLab-LoggerService: app_37    1263  1     1764   1320  c00f181c 400107b4 S logcat
06-16 22:01:28.925  3342  3355 I PhoneLab-LoggerService: Logcat pid from database 1263
06-16 22:01:28.925  3342  3355 I PhoneLab-LoggerService: Logcat process found 1263
06-16 22:01:28.925  3342  3355 I PhoneLab-LoggerService: Checking Threshold
06-16 22:01:28.961  3342  3355 I PhoneLab-: Service Running
06-16 22:01:29.004   152   313 D ConnectivityService: ConnectivityChange for mobile: CONNECTED/CONNECTED
06-16 22:01:29.058   152   308 D NetworkPolicy: applying policy NetworkPolicy[NetworkTemplate: matchRule=MOBILE_ALL, subscriberId=valid]: cycleDay=15, warningBytes=2147483648, limitBytes=-1, lastSnooze=-1 to ifaces [rmnet0]
06-16 22:01:29.093   470   470 D SAN_SERVICE: *******************************************
06-16 22:01:29.093   470   470 D SAN_SERVICE: DM App Phone Call State - 0
06-16 22:01:29.093   470   470 D SAN_SERVICE: *******************************************
06-16 22:01:29.113   470   470 D CallNotifier: onDisconnect: cause = INCOMING_MISSED, incoming = true, date = 1339898464017
06-16 22:01:29.117   470  4812 D CallNotifier: SignalInfoTonePlayer.run(toneId = 98)...
06-16 22:01:29.125    82   650 D AudioHardwareInterface: setMode(NORMAL)
06-16 22:01:29.125    82   122 D AudioHardware: AudioStreamOutALSA::setParameters() routing=1
06-16 22:01:29.125    82   122 D AudioHardware: AudioHardware pcm playback is going to standby.
06-16 22:01:29.125    82   122 D AudioHardware: closePcmOut_l() mPcmOpenCnt: 1
06-16 22:01:29.125   152   510 I AudioService:  AudioFocus  abandonAudioFocus() from AudioFocus_For_Phone_Ring_And_Calls
06-16 22:01:29.136    82   122 D AudioHardware: AudioHardware pcm playback is exiting standby.
06-16 22:01:29.136    82   122 D AudioHardware: openPcmOut_l() mPcmOpenCnt: 0
06-16 22:01:29.136   152   374 I PowerManagerService: clearUserActivity for 10000ms from now
06-16 22:01:29.160   470   470 D InCallScreen: delayedCleanupAfterDisconnect()...  Phone state = IDLE
06-16 22:01:29.160   470   470 D InCallScreen: endInCallScreenSession(false)...  phone state = IDLE
06-16 22:01:29.160   152   559 I ActivityManager: moveTaskToBack: 13
06-16 22:01:29.453   389   389 D PhoneStatusBar: disable: < expand* icons ALERTS ticker system_info BACK HOME RECENT CLOCK* >
06-16 22:01:29.461   470   470 D Bluetooth HS/HF: CDMA call state: IDLE prev state:IDLE
06-16 22:01:29.472   470   470 D AccelerometerListener: enable(false)
06-16 22:01:29.480   470   470 D InCallTouchUi: - triggerPing: InCallScreen no longer in foreground; ignoring...
06-16 22:01:29.496  4491  4493 D dalvikvm: GC_CONCURRENT freed 1361K, 10% free 14514K/16007K, paused 9ms+45ms
06-16 22:01:29.511   152   155 D dalvikvm: GC_CONCURRENT freed 1401K, 17% free 14467K/17223K, paused 2ms+26ms
06-16 22:01:29.605   152   164 I ActivityManager: moveTaskToBack: 13
06-16 22:01:29.632   389   391 D dalvikvm: GC_CONCURRENT freed 516K, 10% free 10015K/11079K, paused 2ms+6ms
06-16 22:01:29.652   389   389 D PhoneStatusBar: disable: < expand icons alerts* ticker system_info BACK HOME RECENT CLOCK >
06-16 22:01:29.738  3342  3355 I PhoneLab-LoggerService: app_37    1263  1     1764   1320  c00f181c 400107b4 S logcat
06-16 22:01:29.738  3342  3355 I PhoneLab-LoggerService: Logcat pid from database 1263
06-16 22:01:29.738  3342  3355 I PhoneLab-LoggerService: Logcat process found 1263
06-16 22:01:29.738  3342  3355 I PhoneLab-LoggerService: Checking Threshold
06-16 22:01:29.738  3342  3355 I PhoneLab-: Service Running
06-16 22:01:29.773  3342  3355 I PhoneLab-LoggerService: app_37    1263  1     1764   1320  c00f181c 400107b4 S logcat
06-16 22:01:29.773  3342  3355 I PhoneLab-LoggerService: Logcat pid from database 1263
06-16 22:01:29.773  3342  3355 I PhoneLab-LoggerService: Logcat process found 1263
06-16 22:01:29.773  3342  3355 I PhoneLab-LoggerService: Checking Threshold
06-16 22:01:29.777  3342  3355 I PhoneLab-: Service Running
06-16 22:01:29.808  3342  3355 I PhoneLab-LoggerService: app_37    1263  1     1764   1320  c00f181c 400107b4 S logcat
06-16 22:01:29.808  3342  3355 I PhoneLab-LoggerService: Logcat pid from database 1263
06-16 22:01:29.808  3342  3355 I PhoneLab-LoggerService: Logcat process found 1263
06-16 22:01:29.808  3342  3355 I PhoneLab-LoggerService: Checking Threshold
06-16 22:01:29.808  3342  3355 I PhoneLab-: Service Running
06-16 22:01:29.847  3342  3355 I PhoneLab-LoggerService: app_37    1263  1     1764   1320  c00f181c 400107b4 S logcat
06-16 22:01:29.847  3342  3355 I PhoneLab-LoggerService: Logcat pid from database 1263
06-16 22:01:29.847  3342  3355 I PhoneLab-LoggerService: Logcat process found 1263
06-16 22:01:29.847  3342  3355 I PhoneLab-LoggerService: Checking Threshold
06-16 22:01:29.847  3342  3355 I PhoneLab-: Service Running
06-16 22:01:29.890  3342  3355 I PhoneLab-LoggerService: app_37    1263  1     1764   1320  c00f181c 400107b4 S logcat
06-16 22:01:29.890  3342  3355 I PhoneLab-LoggerService: Logcat pid from database 1263
06-16 22:01:29.890  3342  3355 I PhoneLab-LoggerService: Logcat process found 1263
06-16 22:01:29.890  3342  3355 I PhoneLab-LoggerService: Checking Threshold
06-16 22:01:29.890  3342  3355 I PhoneLab-: Service Running
06-16 22:01:29.925  3342  3355 I PhoneLab-LoggerService: app_37    1263  1     1764   1320  c00f181c 400107b4 S logcat
06-16 22:01:29.925  3342  3355 I PhoneLab-LoggerService: Logcat pid from database 1263
06-16 22:01:29.925  3342  3355 I PhoneLab-LoggerService: Logcat process found 1263
06-16 22:01:29.925  3342  3355 I PhoneLab-LoggerService: Checking Threshold
06-16 22:01:29.925  3342  3355 I PhoneLab-: Service Running
06-16 22:01:29.961  3342  3355 I PhoneLab-LoggerService: app_37    1263  1     1764   1320  c00f181c 400107b4 S logcat
06-16 22:01:29.961  3342  3355 I PhoneLab-LoggerService: Logcat pid from database 1263
06-16 22:01:29.965  3342  3355 I PhoneLab-LoggerService: Logcat process found 1263
06-16 22:01:29.965  3342  3355 I PhoneLab-LoggerService: Checking Threshold
06-16 22:01:29.965  3342  3355 I PhoneLab-: Service Running
06-16 22:01:30.011  3342  3345 D dalvikvm: GC_CONCURRENT freed 392K, 14% free 9148K/10631K, paused 2ms+3ms
06-16 22:01:30.019  3342  3355 I PhoneLab-LoggerService: app_37    1263  1     1764   1320  c00f181c 400107b4 S logcat
06-16 22:01:30.019  3342  3355 I PhoneLab-LoggerService: Logcat pid from database 1263
06-16 22:01:30.019  3342  3355 I PhoneLab-LoggerService: Logcat process found 1263
06-16 22:01:30.019  3342  3355 I PhoneLab-LoggerService: Checking Threshold
06-16 22:01:30.019  3342  3355 I PhoneLab-: Service Running
06-16 22:01:30.054  3342  3355 I PhoneLab-LoggerService: app_37    1263  1     1764   1320  c00f181c 400107b4 S logcat
06-16 22:01:30.054  3342  3355 I PhoneLab-LoggerService: Logcat pid from database 1263
06-16 22:01:30.054  3342  3355 I PhoneLab-LoggerService: Logcat process found 1263
06-16 22:01:30.054  3342  3355 I PhoneLab-LoggerService: Checking Threshold
06-16 22:01:30.058  3342  3355 I PhoneLab-: Service Running
06-16 22:01:30.086  3342  3355 I PhoneLab-LoggerService: app_37    1263  1     1764   1320  c00f181c 400107b4 S logcat
06-16 22:01:30.086  3342  3355 I PhoneLab-LoggerService: Logcat pid from database 1263
06-16 22:01:30.086  3342  3355 I PhoneLab-LoggerService: Logcat process found 1263
06-16 22:01:30.086  3342  3355 I PhoneLab-LoggerService: Checking Threshold
06-16 22:01:30.090  3342  3355 I PhoneLab-: Service Running
06-16 22:01:30.121  3342  3355 I PhoneLab-LoggerService: app_37    1263  1     1764   1320  c00f181c 400107b4 S logcat
06-16 22:01:30.121  3342  3355 I PhoneLab-LoggerService: Logcat pid from database 1263
06-16 22:01:30.121  3342  3355 I PhoneLab-LoggerService: Logcat process found 1263
06-16 22:01:30.121  3342  3355 I PhoneLab-LoggerService: Checking Threshold
06-16 22:01:30.121  3342  3355 I PhoneLab-: Service Running
06-16 22:01:30.152   152   164 D AlarmManagerService: Kernel timezone updated to 240 minutes west of GMT
06-16 22:01:30.156   470   470 D SystemClock: Setting time of day to sec=1339898491
06-16 22:01:31.039  4405  4418 V AlarmClock: AlarmInitReceiver finished
06-16 22:01:31.113  3342  3355 I PhoneLab-LoggerService: app_37    1263  1     1764   1320  c00f181c 400107b4 S logcat
06-16 22:01:31.113  3342  3355 I PhoneLab-LoggerService: Logcat pid from database 1263
06-16 22:01:31.113  3342  3355 I PhoneLab-LoggerService: Logcat process found 1263
06-16 22:01:31.113  3342  3355 I PhoneLab-LoggerService: Checking Threshold
06-16 22:01:31.113  3342  3355 I PhoneLab-: Service Running
06-16 22:01:31.160  3342  3355 I PhoneLab-LoggerService: app_37    1263  1     1764   1320  c00f181c 400107b4 S logcat
06-16 22:01:31.160  3342  3355 I PhoneLab-LoggerService: Logcat pid from database 1263
06-16 22:01:31.160  3342  3355 I PhoneLab-LoggerService: Logcat process found 1263
06-16 22:01:31.160  3342  3355 I PhoneLab-LoggerService: Checking Threshold
06-16 22:01:31.160  3342  3355 I PhoneLab-: Service Running
06-16 22:01:31.199  3342  3355 I PhoneLab-LoggerService: app_37    1263  1     1764   1320  c00f181c 400107b4 S logcat
06-16 22:01:31.199  3342  3355 I PhoneLab-LoggerService: Logcat pid from database 1263
06-16 22:01:31.199  3342  3355 I PhoneLab-LoggerService: Logcat process found 1263
06-16 22:01:31.199  3342  3355 I PhoneLab-LoggerService: Checking Threshold
06-16 22:01:31.199  3342  3355 I PhoneLab-: Service Running
06-16 22:01:31.250  3342  3355 I PhoneLab-LoggerService: app_37    1263  1     1764   1320  c00f181c 400107b4 S logcat
06-16 22:01:31.250  3342  3355 I PhoneLab-LoggerService: Logcat pid from database 1263
06-16 22:01:31.250  3342  3355 I PhoneLab-LoggerService: Logcat process found 1263
06-16 22:01:31.250  3342  3355 I PhoneLab-LoggerService: Checking Threshold
06-16 22:01:31.250  3342  3355 I PhoneLab-: Service Running
06-16 22:01:31.285  3342  3355 I PhoneLab-LoggerService: app_37    1263  1     1764   1320  c00f181c 400107b4 S logcat
06-16 22:01:31.285  3342  3355 I PhoneLab-LoggerService: Logcat pid from database 1263
06-16 22:01:31.285  3342  3355 I PhoneLab-LoggerService: Logcat process found 1263
06-16 22:01:31.289  3342  3355 I PhoneLab-LoggerService: Checking Threshold
06-16 22:01:31.289  3342  3355 I PhoneLab-: Service Running
06-16 22:01:31.355  3342  3345 D dalvikvm: GC_CONCURRENT freed 416K, 14% free 9163K/10631K, paused 3ms+5ms
06-16 22:01:31.418  3342  3355 I PhoneLab-LoggerService: app_37    1263  1     1764   1320  c00f181c 400107b4 S logcat
06-16 22:01:31.418  3342  3355 I PhoneLab-LoggerService: Logcat pid from database 1263
06-16 22:01:31.418  3342  3355 I PhoneLab-LoggerService: Logcat process found 1263
06-16 22:01:31.418  3342  3355 I PhoneLab-LoggerService: Checking Threshold
06-16 22:01:31.418  3342  3355 I PhoneLab-: Service Running
06-16 22:01:31.492  3342  3355 I PhoneLab-LoggerService: app_37    1263  1     1764   1320  c00f181c 400107b4 S logcat
06-16 22:01:31.492  3342  3355 I PhoneLab-LoggerService: Logcat pid from database 1263
06-16 22:01:31.500  3342  3355 I PhoneLab-LoggerService: Logcat process found 1263
06-16 22:01:31.500  3342  3355 I PhoneLab-LoggerService: Checking Threshold
06-16 22:01:31.500  3342  3355 I PhoneLab-: Service Running
06-16 22:01:31.566  3342  3355 I PhoneLab-LoggerService: app_37    1263  1     1764   1320  c00f181c 400107b4 S logcat
06-16 22:01:31.570  3342  3355 I PhoneLab-LoggerService: Logcat pid from database 1263
06-16 22:01:31.570  3342  3355 I PhoneLab-LoggerService: Logcat process found 1263
06-16 22:01:31.570  3342  3355 I PhoneLab-LoggerService: Checking Threshold
06-16 22:01:31.570  3342  3355 I PhoneLab-: Service Running
06-16 22:01:31.601  3342  3355 I PhoneLab-LoggerService: app_37    1263  1     1764   1320  c00f181c 400107b4 S logcat
06-16 22:01:31.601  3342  3355 I PhoneLab-LoggerService: Logcat pid from database 1263
06-16 22:01:31.601  3342  3355 I PhoneLab-LoggerService: Logcat process found 1263
06-16 22:01:31.601  3342  3355 I PhoneLab-LoggerService: Checking Threshold
06-16 22:01:31.601  3342  3355 I PhoneLab-: Service Running
06-16 22:01:31.636  3342  3355 I PhoneLab-LoggerService: app_37    1263  1     1764   1320  c00f181c 400107b4 S logcat
06-16 22:01:31.636  3342  3355 I PhoneLab-LoggerService: Logcat pid from database 1263
06-16 22:01:31.636  3342  3355 I PhoneLab-LoggerService: Logcat process found 1263
06-16 22:01:31.636  3342  3355 I PhoneLab-LoggerService: Checking Threshold
06-16 22:01:31.636  3342  3355 I PhoneLab-: Service Running
06-16 22:01:31.672  3342  3355 I PhoneLab-LoggerService: app_37    1263  1     1764   1320  c00f181c 400107b4 S logcat
06-16 22:01:31.672  3342  3355 I PhoneLab-LoggerService: Logcat pid from database 1263
06-16 22:01:31.672  3342  3355 I PhoneLab-LoggerService: Logcat process found 1263
06-16 22:01:31.672  3342  3355 I PhoneLab-LoggerService: Checking Threshold
06-16 22:01:31.672  3342  3355 I PhoneLab-: Service Running
06-16 22:01:31.699  3342  3355 I PhoneLab-LoggerService: app_37    1263  1     1764   1320  c00f181c 400107b4 S logcat
06-16 22:01:31.703  3342  3355 I PhoneLab-LoggerService: Logcat pid from database 1263
06-16 22:01:31.703  3342  3355 I PhoneLab-LoggerService: Logcat process found 1263
06-16 22:01:31.703  3342  3355 I PhoneLab-LoggerService: Checking Threshold
06-16 22:01:31.703  3342  3355 I PhoneLab-: Service Running
06-16 22:01:31.738  3342  3355 I PhoneLab-LoggerService: app_37    1263  1     1764   1320  c00f181c 400107b4 S logcat
06-16 22:01:31.738  3342  3355 I PhoneLab-LoggerService: Logcat pid from database 1263
06-16 22:01:31.738  3342  3355 I PhoneLab-LoggerService: Logcat process found 1263
06-16 22:01:31.738  3342  3355 I PhoneLab-LoggerService: Checking Threshold
06-16 22:01:31.738  3342  3355 I PhoneLab-: Service Running
06-16 22:01:31.785  3342  3345 D dalvikvm: GC_CONCURRENT freed 419K, 14% free 9149K/10631K, paused 1ms+5ms
06-16 22:01:31.793  3342  3355 I PhoneLab-LoggerService: app_37    1263  1     1764   1320  c00f181c 400107b4 S logcat
06-16 22:01:31.793  3342  3355 I PhoneLab-LoggerService: Logcat pid from database 1263
06-16 22:01:31.793  3342  3355 I PhoneLab-LoggerService: Logcat process found 1263
06-16 22:01:31.793  3342  3355 I PhoneLab-LoggerService: Checking Threshold
06-16 22:01:31.793  3342  3355 I PhoneLab-: Service Running
06-16 22:01:31.836  3342  3355 I PhoneLab-LoggerService: app_37    1263  1     1764   1320  c00f181c 400107b4 S logcat
06-16 22:01:31.836  3342  3355 I PhoneLab-LoggerService: Logcat pid from database 1263
06-16 22:01:31.836  3342  3355 I PhoneLab-LoggerService: Logcat process found 1263
06-16 22:01:31.836  3342  3355 I PhoneLab-LoggerService: Checking Threshold
06-16 22:01:31.836  3342  3355 I PhoneLab-: Service Running
06-16 22:01:31.867  3342  3355 I PhoneLab-LoggerService: app_37    1263  1     1764   1320  c00f181c 400107b4 S logcat
06-16 22:01:31.867  3342  3355 I PhoneLab-LoggerService: Logcat pid from database 1263
06-16 22:01:31.867  3342  3355 I PhoneLab-LoggerService: Logcat process found 1263
06-16 22:01:31.867  3342  3355 I PhoneLab-LoggerService: Checking Threshold
06-16 22:01:31.867  3342  3355 I PhoneLab-: Service Running
06-16 22:01:31.902  3342  3355 I PhoneLab-LoggerService: app_37    1263  1     1764   1320  c00f181c 400107b4 S logcat
06-16 22:01:31.902  3342  3355 I PhoneLab-LoggerService: Logcat pid from database 1263
06-16 22:01:31.902  3342  3355 I PhoneLab-LoggerService: Logcat process found 1263
06-16 22:01:31.902  3342  3355 I PhoneLab-LoggerService: Checking Threshold
06-16 22:01:31.902  3342  3355 I PhoneLab-: Service Running
06-16 22:01:31.937  3342  3355 I PhoneLab-LoggerService: app_37    1263  1     1764   1320  c00f181c 400107b4 S logcat
06-16 22:01:31.937  3342  3355 I PhoneLab-LoggerService: Logcat pid from database 1263
06-16 22:01:31.937  3342  3355 I PhoneLab-LoggerService: Logcat process found 1263
06-16 22:01:31.937  3342  3355 I PhoneLab-LoggerService: Checking Threshold
06-16 22:01:31.937  3342  3355 I PhoneLab-: Service Running
06-16 22:01:31.965  3342  3355 I PhoneLab-LoggerService: app_37    1263  1     1764   1320  c00f181c 400107b4 S logcat
06-16 22:01:31.965  3342  3355 I PhoneLab-LoggerService: Logcat pid from database 1263
06-16 22:01:31.965  3342  3355 I PhoneLab-LoggerService: Logcat process found 1263
06-16 22:01:31.965  3342  3355 I PhoneLab-LoggerService: Checking Threshold
06-16 22:01:31.968  3342  3355 I PhoneLab-: Service Running
06-16 22:01:32.004  3342  3355 I PhoneLab-LoggerService: app_37    1263  1     1764   1320  c00f181c 400107b4 S logcat
06-16 22:01:32.004  3342  3355 I PhoneLab-LoggerService: Logcat pid from database 1263
06-16 22:01:32.004  3342  3355 I PhoneLab-LoggerService: Logcat process found 1263
06-16 22:01:32.004  3342  3355 I PhoneLab-LoggerService: Checking Threshold
06-16 22:01:32.004  3342  3355 I PhoneLab-: Service Running
06-16 22:01:32.035  3342  3355 I PhoneLab-LoggerService: app_37    1263  1     1764   1320  c00f181c 400107b4 S logcat
06-16 22:01:32.039  3342  3355 I PhoneLab-LoggerService: Logcat pid from database 1263
06-16 22:01:32.039  3342  3355 I PhoneLab-LoggerService: Logcat process found 1263
06-16 22:01:32.039  3342  3355 I PhoneLab-LoggerService: Checking Threshold
06-16 22:01:32.890   152   316 D Tethering: MasterInitialState.processMessage what=3
06-16 22:01:32.968  4732  4732 I MediaUploader: No need to wake up
06-16 22:01:32.980  4716  4730 D PicasaSyncManager: active network: NetworkInfo: type: mobile[CDMA - EvDo rev. A], state: CONNECTED/CONNECTED, reason: 2GVoiceCallEnded, extra: , roaming: false, failover: false, isAvailable: true
06-16 22:01:32.980  4716  4730 D PicasaSyncManager: background data: true
06-16 22:01:33.039  3319  4847 D dalvikvm: GC_EXPLICIT freed 414K, 7% free 9361K/9991K, paused 13ms+6ms
06-16 22:01:33.070    82   122 D AudioHardware: AudioHardware pcm playback is going to standby.
06-16 22:01:33.070    82   122 D AudioHardware: closePcmOut_l() mPcmOpenCnt: 1
06-16 22:01:40.601   152   198 I power   : *** set_screen_state 0
06-16 22:01:40.644    79   119 D SurfaceFlinger: About to give-up screen, flinger = 0x1a25918
06-16 22:01:40.742   152   202 V TransportControlView: Create TCV com.android.internal.widget.TransportControlView@4150ceb8
06-16 22:01:45.668   724   724 I GTalkService/c: [AndroidEndpoint@1094621160] connect: acct=1000000, state=CONNECTING
06-16 22:01:45.679   724   724 I GTalkService/c: [GTalkConnection@1095022504] connect: acct=1, state=CONNECTING
06-16 22:01:45.679   724   724 I GTalkService/c: [GTalkConnection@1095243752] connect: acct=2, state=CONNECTING
06-16 22:01:46.519   389   391 D dalvikvm: GC_CONCURRENT freed 542K, 11% free 9861K/11079K, paused 33ms+2ms
06-16 22:01:46.988   724   728 D dalvikvm: GC_CONCURRENT freed 420K, 12% free 10727K/12103K, paused 7ms+4ms
06-16 22:01:48.671   152   313 D ConnectivityService: handleInetConditionHoldEnd: net=0, condition=100, published condition=0
06-16 22:01:50.242  4773  4776 D dalvikvm: GC_CONCURRENT freed 406K, 6% free 9351K/9863K, paused 2ms+2ms
06-16 22:01:51.312   724   728 D dalvikvm: GC_CONCURRENT freed 442K, 12% free 10740K/12103K, paused 14ms+3ms
06-16 22:12:14.836   152   168 V BackupManagerService: Running a backup pass
06-16 22:12:14.855   152   324 V BackupManagerService: Backup requested but nothing pending
06-16 22:13:13.687  3342  3342 I PhoneLab-Locks: wake lock acquired
06-16 22:13:13.746  3342  4853 I PhoneLab-PeriodicCheckService: User info is synched
06-16 22:13:13.746  3342  4853 I PhoneLab-PeriodicCheckService: Logger Service is running
06-16 22:13:13.750  3342  3342 I PhoneLab-Locks: wake lock acquired
06-16 22:13:13.754  3342  3342 I PhoneLab-StatusMonitor: Status Monitoring is started
06-16 22:13:13.773  3342  3342 E PhoneLab-PhoneLabManifest: java.io.FileNotFoundException: /data/data/edu.buffalo.cse.phonelab.phonelabservices/files/manifest.xml: open failed: ENOENT (No such file or directory)
06-16 22:13:13.773  3342  3342 I PhoneLab-Locks: wake lock released
06-16 22:13:13.773  3342  4853 I PhoneLab-Locks: wake lock acquired
06-16 22:13:13.777  3342  4853 I PhoneLab-PeriodicCheckService: Rescheduling periodic checking...
06-16 22:13:13.777  3342  4853 I PhoneLab-Locks: wake lock released
06-16 22:13:13.777  3342  3342 I PhoneLab-UploadLogs: Transfering log files now
06-16 22:13:13.781  3342  3342 I PhoneLab-UploadLogs: No log files to transfer
06-16 22:13:13.781  3342  3342 I PhoneLab-Locks: wake lock released
06-16 22:13:13.781  3342  3342 I PhoneLab-UploadLogs: OnStartCommand
06-16 22:13:13.793  3342  3345 D dalvikvm: GC_CONCURRENT freed 446K, 15% free 9129K/10631K, paused 2ms+1ms
06-16 22:15:59.480   724   906 I EventLogService: Aggregate from 1339897559326 (log), 1339897559326 (data)
06-16 22:15:59.531   152   155 D dalvikvm: GC_CONCURRENT freed 1152K, 16% free 14563K/17223K, paused 18ms+5ms
06-16 22:16:52.090   152   506 D dalvikvm: GC_EXPLICIT freed 117K, 16% free 14505K/17223K, paused 3ms+5ms
06-16 22:19:04.296   152  1033 D AlarmManagerService: Kernel timezone updated to 240 minutes west of GMT
06-16 22:19:04.296   470   470 D SystemClock: Setting time of day to sec=1339899545
06-16 22:19:05.082  4405  4418 V AlarmClock: AlarmInitReceiver finished
06-16 22:23:12.011   152   202 I power   : *** set_screen_state 1
06-16 22:23:12.039   152   202 I WindowManager: Lock screen displayed!
06-16 22:23:12.277    79   119 D SurfaceFlinger: Screen about to return, flinger = 0x1a25918
06-16 22:23:13.535    82   122 D AudioHardware: AudioStreamOutALSA::setParameters() routing=2
06-16 22:23:13.539   389   389 D PhoneStatusBar: disable: < expand icons alerts ticker system_info BACK HOME recent* CLOCK >
06-16 22:23:13.543   486   579 D NfcService: NFC-C ON
06-16 22:23:13.558    82   122 D AudioHardware: AudioHardware pcm playback is exiting standby.
06-16 22:23:13.558    82   122 D AudioHardware: openPcmOut_l() mPcmOpenCnt: 0
06-16 22:23:13.574   389   389 D PhoneStatusBar: disable: < expand icons alerts ticker system_info back* home* recent clock* >
06-16 22:23:15.750   724   728 D dalvikvm: GC_CONCURRENT freed 363K, 11% free 10830K/12103K, paused 3ms+3ms
06-16 22:23:16.035   560   562 D dalvikvm: GC_CONCURRENT freed 323K, 10% free 10069K/11143K, paused 2ms+4ms
