06-23 14:03:11.849 26662 26662 D wpa_supplicant: WPS:  * Version (hardcoded 0x10)
06-23 14:03:11.849 26662 26662 D wpa_supplicant: WPS:  * Request Type
06-23 14:03:11.849 26662 26662 D wpa_supplicant: WPS:  * Config Methods (2388)
06-23 14:03:11.849 26662 26662 D wpa_supplicant: WPS:  * UUID-E
06-23 14:03:11.849 26662 26662 D wpa_supplicant: WPS:  * Primary Device Type
06-23 14:03:11.849 26662 26662 D wpa_supplicant: WPS:  * RF Bands (3)
06-23 14:03:11.849 26662 26662 D wpa_supplicant: WPS:  * Association State
06-23 14:03:11.849 26662 26662 D wpa_supplicant: WPS:  * Configuration Error (0)
06-23 14:03:11.849 26662 26662 D wpa_supplicant: WPS:  * Device Password ID (0)
06-23 14:03:11.849 26662 26662 D wpa_supplicant: WPS:  * Manufacturer
06-23 14:03:11.849 26662 26662 D wpa_supplicant: WPS:  * Model Name
06-23 14:03:11.849 26662 26662 D wpa_supplicant: WPS:  * Model Number
06-23 14:03:11.849 26662 26662 D wpa_supplicant: WPS:  * Device Name
06-23 14:03:11.849 26662 26662 D wpa_supplicant: WPS:  * Version2 (0x20)
06-23 14:03:11.849 26662 26662 D wpa_supplicant: wpa_driver_wext_combo_scan: Start
06-23 14:03:11.849 26662 26662 D wpa_supplicant: For Scan: (null)
06-23 14:03:11.908 26662 26662 D wpa_supplicant: Scan requested (ret=0) - scan timeout 30 seconds
06-23 14:03:12.384 26662 26662 D wpa_supplicant: RTM_NEWLINK: operstate=0 ifi_flags=0x11003 ([UP][LOWER_UP])
06-23 14:03:12.384 26662 26662 D wpa_supplicant: RTM_NEWLINK, IFLA_IFNAME: Interface 'wlan0' added
06-23 14:03:12.384 26662 26662 D wpa_supplicant: Wireless event: cmd=0x8b19 len=8
06-23 14:03:12.384 26662 26662 D wpa_supplicant: Received 661 bytes of scan results (3 BSSes)
06-23 14:03:12.384 26662 26662 D wpa_supplicant: wlan0: Request association: reassociate: 1  selected: 00:23:69:fc:ab:f1  bssid: 00:00:00:00:00:00  pending: 00:00:00:00:00:00  wpa_state: SCANNING
06-23 14:03:12.384 26662 26662 I wpa_supplicant: wlan0: Trying to associate with 00:23:69:fc:ab:f1 (SSID='H2G2' freq=2437 MHz)
06-23 14:03:12.384 26662 26662 D wpa_supplicant: wpa_driver_wext_set_operstate: operstate 0->0 (DORMANT)
06-23 14:03:12.384 26662 26662 D wpa_supplicant: netlink: Operstate: linkmode=-1, operstate=5
06-23 14:03:12.384 26662 26662 D wpa_supplicant: wpa_driver_wext_associate
06-23 14:03:12.384 26662 26662 D wpa_supplicant: wpa_driver_wext_set_drop_unencrypted
06-23 14:03:12.392 26662 26662 D wpa_supplicant: wpa_driver_wext_set_psk
06-23 14:03:12.392 26662 26662 D wpa_supplicant: EAPOL: External notification - EAP success=0
06-23 14:03:12.392 26662 26662 D wpa_supplicant: EAPOL: Supplicant port status: Unauthorized
06-23 14:03:12.392 26662 26662 D wpa_supplicant: EAPOL: External notification - EAP fail=0
06-23 14:03:12.392 26662 26662 D wpa_supplicant: EAPOL: Supplicant port status: Unauthorized
06-23 14:03:12.392 26662 26662 D wpa_supplicant: EAPOL: External notification - portControl=Auto
06-23 14:03:12.392 26662 26662 D wpa_supplicant: EAPOL: Supplicant port status: Unauthorized
06-23 14:03:12.392 26662 26662 D wpa_supplicant: RSN: Ignored PMKID candidate without preauth flag
06-23 14:03:12.396 26662 26662 D wpa_supplicant: RTM_NEWLINK: operstate=0 ifi_flags=0x11003 ([UP][LOWER_UP])
06-23 14:03:12.396 26662 26662 D wpa_supplicant: RTM_NEWLINK, IFLA_IFNAME: Interface 'wlan0' added
06-23 14:03:12.396 26662 26662 D wpa_supplicant: Wireless event: cmd=0x8b06 len=8
06-23 14:03:12.396 26662 26662 D wpa_supplicant: RTM_NEWLINK: operstate=0 ifi_flags=0x11003 ([UP][LOWER_UP])
06-23 14:03:12.396 26662 26662 D wpa_supplicant: RTM_NEWLINK, IFLA_IFNAME: Interface 'wlan0' added
06-23 14:03:12.396 26662 26662 D wpa_supplicant: Wireless event: cmd=0x8b04 len=12
06-23 14:03:12.396 26662 26662 D wpa_supplicant: RTM_NEWLINK: operstate=0 ifi_flags=0x11003 ([UP][LOWER_UP])
06-23 14:03:12.396 26662 26662 D wpa_supplicant: RTM_NEWLINK, IFLA_IFNAME: Interface 'wlan0' added
06-23 14:03:12.396 26662 26662 D wpa_supplicant: Wireless event: cmd=0x8b1a len=12
06-23 14:03:12.666 26946 26948 D dalvikvm: GC_CONCURRENT freed 1276K, 11% free 12983K/14471K, paused 2ms+7ms
06-23 14:03:12.712 26662 26662 D wpa_supplicant: RTM_NEWLINK: operstate=0 ifi_flags=0x11003 ([UP][LOWER_UP])
06-23 14:03:12.712 26662 26662 D wpa_supplicant: RTM_NEWLINK, IFLA_IFNAME: Interface 'wlan0' added
06-23 14:03:12.712 26662 26662 D wpa_supplicant: Wireless event: cmd=0x8c02 len=30
06-23 14:03:12.712 26662 26662 D wpa_supplicant: RTM_NEWLINK: operstate=0 ifi_flags=0x11003 ([UP][LOWER_UP])
06-23 14:03:12.712 26662 26662 D wpa_supplicant: RTM_NEWLINK, IFLA_IFNAME: Interface 'wlan0' added
06-23 14:03:12.712 26662 26662 D wpa_supplicant: Wireless event: cmd=0x8c02 len=33
06-23 14:03:12.712    75   112 D NetlinkEvent: Unexpected netlink message. type=0xf
06-23 14:03:14.056 26946 26948 D dalvikvm: GC_CONCURRENT freed 1232K, 11% free 13001K/14471K, paused 2ms+4ms
06-23 14:03:15.435 26946 26948 D dalvikvm: GC_CONCURRENT freed 1258K, 11% free 12992K/14471K, paused 3ms+5ms
06-23 14:03:16.822 26946 26948 D dalvikvm: GC_CONCURRENT freed 1258K, 11% free 12983K/14471K, paused 3ms+4ms
06-23 14:03:18.181 26946 26948 D dalvikvm: GC_CONCURRENT freed 1223K, 11% free 13009K/14471K, paused 3ms+4ms
06-23 14:03:19.564 26946 26948 D dalvikvm: GC_CONCURRENT freed 1267K, 11% free 12992K/14471K, paused 3ms+5ms
06-23 14:03:20.939 26946 26948 D dalvikvm: GC_CONCURRENT freed 1250K, 11% free 12992K/14471K, paused 2ms+6ms
06-23 14:03:22.361 26946 26948 D dalvikvm: GC_CONCURRENT freed 1250K, 11% free 13009K/14471K, paused 3ms+3ms
06-23 14:03:22.396 26662 26662 I wpa_supplicant: wlan0: Authentication with 00:23:69:fc:ab:f1 timed out.
06-23 14:03:22.396 26662 26662 D wpa_supplicant: BSSID 00:23:69:fc:ab:f1 blacklist count incremented to 2
06-23 14:03:22.396 26662 26662 D wpa_supplicant: wpa_driver_wext_set_operstate: operstate 0->0 (DORMANT)
06-23 14:03:22.396 26662 26662 D wpa_supplicant: netlink: Operstate: linkmode=-1, operstate=5
06-23 14:03:22.396 26662 26662 D wpa_supplicant: EAPOL: External notification - portEnabled=0
06-23 14:03:22.396 26662 26662 D wpa_supplicant: EAPOL: Supplicant port status: Unauthorized
06-23 14:03:22.396 26662 26662 D wpa_supplicant: EAPOL: External notification - portValid=0
06-23 14:03:22.396 26662 26662 D wpa_supplicant: EAPOL: Supplicant port status: Unauthorized
06-23 14:03:22.396 26662 26662 D wpa_supplicant: EAPOL: External notification - EAP success=0
06-23 14:03:22.396 26662 26662 D wpa_supplicant: EAPOL: Supplicant port status: Unauthorized
06-23 14:03:23.396 26662 26662 D wpa_supplicant: WPS: Building WPS IE for Probe Request
06-23 14:03:23.396 26662 26662 D wpa_supplicant: WPS:  * Version (hardcoded 0x10)
06-23 14:03:23.396 26662 26662 D wpa_supplicant: WPS:  * Request Type
06-23 14:03:23.396 26662 26662 D wpa_supplicant: WPS:  * Config Methods (2388)
06-23 14:03:23.396 26662 26662 D wpa_supplicant: WPS:  * UUID-E
06-23 14:03:23.396 26662 26662 D wpa_supplicant: WPS:  * Primary Device Type
06-23 14:03:23.396 26662 26662 D wpa_supplicant: WPS:  * RF Bands (3)
06-23 14:03:23.396 26662 26662 D wpa_supplicant: WPS:  * Association State
06-23 14:03:23.396 26662 26662 D wpa_supplicant: WPS:  * Configuration Error (0)
06-23 14:03:23.396 26662 26662 D wpa_supplicant: WPS:  * Device Password ID (0)
06-23 14:03:23.396 26662 26662 D wpa_supplicant: WPS:  * Manufacturer
06-23 14:03:23.396 26662 26662 D wpa_supplicant: WPS:  * Model Name
06-23 14:03:23.396 26662 26662 D wpa_supplicant: WPS:  * Model Number
06-23 14:03:23.396 26662 26662 D wpa_supplicant: WPS:  * Device Name
06-23 14:03:23.396 26662 26662 D wpa_supplicant: WPS:  * Version2 (0x20)
06-23 14:03:23.396 26662 26662 D wpa_supplicant: wpa_driver_wext_combo_scan: Start
06-23 14:03:23.396 26662 26662 D wpa_supplicant: For Scan: (null)
06-23 14:03:23.451 26662 26662 D wpa_supplicant: Scan requested (ret=0) - scan timeout 30 seconds
06-23 14:03:23.732 26946 26948 D dalvikvm: GC_CONCURRENT freed 1267K, 11% free 13009K/14471K, paused 2ms+4ms
06-23 14:03:23.931 26662 26662 D wpa_supplicant: RTM_NEWLINK: operstate=0 ifi_flags=0x11003 ([UP][LOWER_UP])
06-23 14:03:23.931 26662 26662 D wpa_supplicant: RTM_NEWLINK, IFLA_IFNAME: Interface 'wlan0' added
06-23 14:03:23.931 26662 26662 D wpa_supplicant: Wireless event: cmd=0x8b19 len=8
06-23 14:03:23.931 26662 26662 D wpa_supplicant: Received 324 bytes of scan results (1 BSSes)
06-23 14:03:23.931 26662 26662 D wpa_supplicant: Removed BSSID 00:23:69:fc:ab:f1 from blacklist (clear)
06-23 14:03:23.931 26662 26662 D wpa_supplicant: wlan0: Request association: reassociate: 1  selected: 00:23:69:fc:ab:f1  bssid: 00:00:00:00:00:00  pending: 00:00:00:00:00:00  wpa_state: SCANNING
06-23 14:03:23.931 26662 26662 I wpa_supplicant: wlan0: Trying to associate with 00:23:69:fc:ab:f1 (SSID='H2G2' freq=2437 MHz)
06-23 14:03:23.931 26662 26662 D wpa_supplicant: wpa_driver_wext_set_operstate: operstate 0->0 (DORMANT)
06-23 14:03:23.931 26662 26662 D wpa_supplicant: netlink: Operstate: linkmode=-1, operstate=5
06-23 14:03:23.931 26662 26662 D wpa_supplicant: wpa_driver_wext_associate
06-23 14:03:23.931 26662 26662 D wpa_supplicant: wpa_driver_wext_set_drop_unencrypted
06-23 14:03:23.939 26662 26662 D wpa_supplicant: wpa_driver_wext_set_psk
06-23 14:03:23.943 26662 26662 D wpa_supplicant: EAPOL: External notification - EAP success=0
06-23 14:03:23.943 26662 26662 D wpa_supplicant: EAPOL: Supplicant port status: Unauthorized
06-23 14:03:23.943 26662 26662 D wpa_supplicant: EAPOL: External notification - EAP fail=0
06-23 14:03:23.943 26662 26662 D wpa_supplicant: EAPOL: Supplicant port status: Unauthorized
06-23 14:03:23.943 26662 26662 D wpa_supplicant: EAPOL: External notification - portControl=Auto
06-23 14:03:23.943 26662 26662 D wpa_supplicant: EAPOL: Supplicant port status: Unauthorized
06-23 14:03:23.943 26662 26662 D wpa_supplicant: RSN: Ignored PMKID candidate without preauth flag
06-23 14:03:23.947 26662 26662 D wpa_supplicant: RTM_NEWLINK: operstate=0 ifi_flags=0x11003 ([UP][LOWER_UP])
06-23 14:03:23.947 26662 26662 D wpa_supplicant: RTM_NEWLINK, IFLA_IFNAME: Interface 'wlan0' added
06-23 14:03:23.947 26662 26662 D wpa_supplicant: Wireless event: cmd=0x8b06 len=8
06-23 14:03:23.947 26662 26662 D wpa_supplicant: RTM_NEWLINK: operstate=0 ifi_flags=0x11003 ([UP][LOWER_UP])
06-23 14:03:23.947 26662 26662 D wpa_supplicant: RTM_NEWLINK, IFLA_IFNAME: Interface 'wlan0' added
06-23 14:03:23.947 26662 26662 D wpa_supplicant: Wireless event: cmd=0x8b04 len=12
06-23 14:03:23.947 26662 26662 D wpa_supplicant: RTM_NEWLINK: operstate=0 ifi_flags=0x11003 ([UP][LOWER_UP])
06-23 14:03:23.947 26662 26662 D wpa_supplicant: RTM_NEWLINK, IFLA_IFNAME: Interface 'wlan0' added
06-23 14:03:23.947 26662 26662 D wpa_supplicant: Wireless event: cmd=0x8b1a len=12
06-23 14:03:24.263 26662 26662 D wpa_supplicant: RTM_NEWLINK: operstate=0 ifi_flags=0x11003 ([UP][LOWER_UP])
06-23 14:03:24.263 26662 26662 D wpa_supplicant: RTM_NEWLINK, IFLA_IFNAME: Interface 'wlan0' added
06-23 14:03:24.263 26662 26662 D wpa_supplicant: Wireless event: cmd=0x8c02 len=30
06-23 14:03:24.263 26662 26662 D wpa_supplicant: RTM_NEWLINK: operstate=0 ifi_flags=0x11003 ([UP][LOWER_UP])
06-23 14:03:24.263 26662 26662 D wpa_supplicant: RTM_NEWLINK, IFLA_IFNAME: Interface 'wlan0' added
06-23 14:03:24.263 26662 26662 D wpa_supplicant: Wireless event: cmd=0x8c02 len=33
06-23 14:03:24.263    75   112 D NetlinkEvent: Unexpected netlink message. type=0xf
06-23 14:03:25.134 26946 26948 D dalvikvm: GC_CONCURRENT freed 1294K, 11% free 12992K/14471K, paused 3ms+8ms
06-23 14:03:26.541 26946 26948 D dalvikvm: GC_CONCURRENT freed 1250K, 11% free 13010K/14471K, paused 4ms+5ms
06-23 14:03:27.912 26946 26948 D dalvikvm: GC_CONCURRENT freed 1276K, 11% free 12974K/14471K, paused 3ms+3ms
06-23 14:03:29.283 26946 26948 D dalvikvm: GC_CONCURRENT freed 1241K, 11% free 12991K/14471K, paused 3ms+6ms
06-23 14:03:30.681 26946 26948 D dalvikvm: GC_CONCURRENT freed 1276K, 11% free 12975K/14471K, paused 2ms+4ms
06-23 14:03:32.041 26946 26948 D dalvikvm: GC_CONCURRENT freed 1215K, 11% free 12991K/14471K, paused 3ms+4ms
06-23 14:03:33.419 26946 26948 D dalvikvm: GC_CONCURRENT freed 1258K, 11% free 13001K/14471K, paused 3ms+5ms
06-23 14:03:33.947 26662 26662 I wpa_supplicant: wlan0: Authentication with 00:23:69:fc:ab:f1 timed out.
06-23 14:03:33.947 26662 26662 D wpa_supplicant: Added BSSID 00:23:69:fc:ab:f1 into blacklist
06-23 14:03:33.947 26662 26662 D wpa_supplicant: wpa_driver_wext_set_operstate: operstate 0->0 (DORMANT)
06-23 14:03:33.947 26662 26662 D wpa_supplicant: netlink: Operstate: linkmode=-1, operstate=5
06-23 14:03:33.947 26662 26662 D wpa_supplicant: EAPOL: External notification - portEnabled=0
06-23 14:03:33.947 26662 26662 D wpa_supplicant: EAPOL: Supplicant port status: Unauthorized
06-23 14:03:33.947 26662 26662 D wpa_supplicant: EAPOL: External notification - portValid=0
06-23 14:03:33.947 26662 26662 D wpa_supplicant: EAPOL: Supplicant port status: Unauthorized
06-23 14:03:33.947 26662 26662 D wpa_supplicant: EAPOL: External notification - EAP success=0
06-23 14:03:33.947 26662 26662 D wpa_supplicant: EAPOL: Supplicant port status: Unauthorized
06-23 14:03:34.833 26946 26948 D dalvikvm: GC_CONCURRENT freed 1267K, 11% free 13001K/14471K, paused 5ms+3ms
06-23 14:03:34.947 26662 26662 D wpa_supplicant: WPS: Building WPS IE for Probe Request
06-23 14:03:34.947 26662 26662 D wpa_supplicant: WPS:  * Version (hardcoded 0x10)
06-23 14:03:34.947 26662 26662 D wpa_supplicant: WPS:  * Request Type
06-23 14:03:34.947 26662 26662 D wpa_supplicant: WPS:  * Config Methods (2388)
06-23 14:03:34.947 26662 26662 D wpa_supplicant: WPS:  * UUID-E
06-23 14:03:34.947 26662 26662 D wpa_supplicant: WPS:  * Primary Device Type
06-23 14:03:34.947 26662 26662 D wpa_supplicant: WPS:  * RF Bands (3)
06-23 14:03:34.947 26662 26662 D wpa_supplicant: WPS:  * Association State
06-23 14:03:34.947 26662 26662 D wpa_supplicant: WPS:  * Configuration Error (0)
06-23 14:03:34.947 26662 26662 D wpa_supplicant: WPS:  * Device Password ID (0)
06-23 14:03:34.947 26662 26662 D wpa_supplicant: WPS:  * Manufacturer
06-23 14:03:34.947 26662 26662 D wpa_supplicant: WPS:  * Model Name
06-23 14:03:34.947 26662 26662 D wpa_supplicant: WPS:  * Model Number
06-23 14:03:34.947 26662 26662 D wpa_supplicant: WPS:  * Device Name
06-23 14:03:34.947 26662 26662 D wpa_supplicant: WPS:  * Version2 (0x20)
06-23 14:03:34.947 26662 26662 D wpa_supplicant: wpa_driver_wext_combo_scan: Start
06-23 14:03:34.947 26662 26662 D wpa_supplicant: For Scan: (null)
06-23 14:03:35.001 26662 26662 D wpa_supplicant: Scan requested (ret=0) - scan timeout 30 seconds
06-23 14:03:35.482 26662 26662 D wpa_supplicant: RTM_NEWLINK: operstate=0 ifi_flags=0x11003 ([UP][LOWER_UP])
06-23 14:03:35.482 26662 26662 D wpa_supplicant: RTM_NEWLINK, IFLA_IFNAME: Interface 'wlan0' added
06-23 14:03:35.482 26662 26662 D wpa_supplicant: Wireless event: cmd=0x8b19 len=8
06-23 14:03:35.482 26662 26662 D wpa_supplicant: Received 324 bytes of scan results (1 BSSes)
06-23 14:03:35.482 26662 26662 D wpa_supplicant: wlan0: Request association: reassociate: 1  selected: 00:23:69:fc:ab:f1  bssid: 00:00:00:00:00:00  pending: 00:00:00:00:00:00  wpa_state: SCANNING
06-23 14:03:35.486 26662 26662 I wpa_supplicant: wlan0: Trying to associate with 00:23:69:fc:ab:f1 (SSID='H2G2' freq=2437 MHz)
06-23 14:03:35.486 26662 26662 D wpa_supplicant: wpa_driver_wext_set_operstate: operstate 0->0 (DORMANT)
06-23 14:03:35.486 26662 26662 D wpa_supplicant: netlink: Operstate: linkmode=-1, operstate=5
06-23 14:03:35.486 26662 26662 D wpa_supplicant: wpa_driver_wext_associate
06-23 14:03:35.486 26662 26662 D wpa_supplicant: wpa_driver_wext_set_drop_unencrypted
06-23 14:03:35.490 26662 26662 D wpa_supplicant: wpa_driver_wext_set_psk
06-23 14:03:35.490 26662 26662 D wpa_supplicant: EAPOL: External notification - EAP success=0
06-23 14:03:35.490 26662 26662 D wpa_supplicant: EAPOL: Supplicant port status: Unauthorized
06-23 14:03:35.490 26662 26662 D wpa_supplicant: EAPOL: External notification - EAP fail=0
06-23 14:03:35.490 26662 26662 D wpa_supplicant: EAPOL: Supplicant port status: Unauthorized
06-23 14:03:35.490 26662 26662 D wpa_supplicant: EAPOL: External notification - portControl=Auto
06-23 14:03:35.490 26662 26662 D wpa_supplicant: EAPOL: Supplicant port status: Unauthorized
06-23 14:03:35.490 26662 26662 D wpa_supplicant: RSN: Ignored PMKID candidate without preauth flag
06-23 14:03:35.494 26662 26662 D wpa_supplicant: RTM_NEWLINK: operstate=0 ifi_flags=0x11003 ([UP][LOWER_UP])
06-23 14:03:35.494 26662 26662 D wpa_supplicant: RTM_NEWLINK, IFLA_IFNAME: Interface 'wlan0' added
06-23 14:03:35.494 26662 26662 D wpa_supplicant: Wireless event: cmd=0x8b06 len=8
06-23 14:03:35.494 26662 26662 D wpa_supplicant: RTM_NEWLINK: operstate=0 ifi_flags=0x11003 ([UP][LOWER_UP])
06-23 14:03:35.494 26662 26662 D wpa_supplicant: RTM_NEWLINK, IFLA_IFNAME: Interface 'wlan0' added
06-23 14:03:35.494 26662 26662 D wpa_supplicant: Wireless event: cmd=0x8b04 len=12
06-23 14:03:35.494 26662 26662 D wpa_supplicant: RTM_NEWLINK: operstate=0 ifi_flags=0x11003 ([UP][LOWER_UP])
06-23 14:03:35.494 26662 26662 D wpa_supplicant: RTM_NEWLINK, IFLA_IFNAME: Interface 'wlan0' added
06-23 14:03:35.494 26662 26662 D wpa_supplicant: Wireless event: cmd=0x8b1a len=12
06-23 14:03:35.810 26662 26662 D wpa_supplicant: RTM_NEWLINK: operstate=0 ifi_flags=0x11003 ([UP][LOWER_UP])
06-23 14:03:35.810 26662 26662 D wpa_supplicant: RTM_NEWLINK, IFLA_IFNAME: Interface 'wlan0' added
06-23 14:03:35.810 26662 26662 D wpa_supplicant: Wireless event: cmd=0x8c02 len=30
06-23 14:03:35.810 26662 26662 D wpa_supplicant: RTM_NEWLINK: operstate=0 ifi_flags=0x11003 ([UP][LOWER_UP])
06-23 14:03:35.810 26662 26662 D wpa_supplicant: RTM_NEWLINK, IFLA_IFNAME: Interface 'wlan0' added
06-23 14:03:35.810 26662 26662 D wpa_supplicant: Wireless event: cmd=0x8c02 len=33
06-23 14:03:35.810    75   112 D NetlinkEvent: Unexpected netlink message. type=0xf
06-23 14:03:36.208 26946 26948 D dalvikvm: GC_CONCURRENT freed 1267K, 11% free 12983K/14471K, paused 3ms+5ms
06-23 14:03:37.568 26946 26948 D dalvikvm: GC_CONCURRENT freed 1232K, 11% free 12982K/14471K, paused 3ms+4ms
06-23 14:03:38.951 26946 26948 D dalvikvm: GC_CONCURRENT freed 1223K, 11% free 13009K/14471K, paused 2ms+3ms
06-23 14:03:40.337 26946 26948 D dalvikvm: GC_CONCURRENT freed 1267K, 11% free 13010K/14471K, paused 3ms+5ms
06-23 14:03:41.748 26946 26948 D dalvikvm: GC_CONCURRENT freed 1267K, 11% free 13010K/14471K, paused 3ms+3ms
06-23 14:03:43.119 26946 26948 D dalvikvm: GC_CONCURRENT freed 1276K, 11% free 12983K/14471K, paused 2ms+5ms
06-23 14:03:44.494 26946 26948 D dalvikvm: GC_CONCURRENT freed 1250K, 11% free 12983K/14471K, paused 3ms+5ms
06-23 14:03:45.494 26662 26662 I wpa_supplicant: wlan0: Authentication with 00:23:69:fc:ab:f1 timed out.
06-23 14:03:45.494 26662 26662 D wpa_supplicant: BSSID 00:23:69:fc:ab:f1 blacklist count incremented to 2
06-23 14:03:45.494 26662 26662 D wpa_supplicant: wpa_driver_wext_set_operstate: operstate 0->0 (DORMANT)
06-23 14:03:45.494 26662 26662 D wpa_supplicant: netlink: Operstate: linkmode=-1, operstate=5
06-23 14:03:45.494 26662 26662 D wpa_supplicant: EAPOL: External notification - portEnabled=0
06-23 14:03:45.494 26662 26662 D wpa_supplicant: EAPOL: Supplicant port status: Unauthorized
06-23 14:03:45.494 26662 26662 D wpa_supplicant: EAPOL: External notification - portValid=0
06-23 14:03:45.494 26662 26662 D wpa_supplicant: EAPOL: Supplicant port status: Unauthorized
06-23 14:03:45.494 26662 26662 D wpa_supplicant: EAPOL: External notification - EAP success=0
06-23 14:03:45.494 26662 26662 D wpa_supplicant: EAPOL: Supplicant port status: Unauthorized
06-23 14:03:45.873 26946 26948 D dalvikvm: GC_CONCURRENT freed 1232K, 11% free 13000K/14471K, paused 2ms+5ms
06-23 14:03:46.494 26662 26662 D wpa_supplicant: WPS: Building WPS IE for Probe Request
06-23 14:03:46.494 26662 26662 D wpa_supplicant: WPS:  * Version (hardcoded 0x10)
06-23 14:03:46.494 26662 26662 D wpa_supplicant: WPS:  * Request Type
06-23 14:03:46.494 26662 26662 D wpa_supplicant: WPS:  * Config Methods (2388)
06-23 14:03:46.494 26662 26662 D wpa_supplicant: WPS:  * UUID-E
06-23 14:03:46.494 26662 26662 D wpa_supplicant: WPS:  * Primary Device Type
06-23 14:03:46.494 26662 26662 D wpa_supplicant: WPS:  * RF Bands (3)
06-23 14:03:46.494 26662 26662 D wpa_supplicant: WPS:  * Association State
06-23 14:03:46.494 26662 26662 D wpa_supplicant: WPS:  * Configuration Error (0)
06-23 14:03:46.494 26662 26662 D wpa_supplicant: WPS:  * Device Password ID (0)
06-23 14:03:46.494 26662 26662 D wpa_supplicant: WPS:  * Manufacturer
06-23 14:03:46.494 26662 26662 D wpa_supplicant: WPS:  * Model Name
06-23 14:03:46.494 26662 26662 D wpa_supplicant: WPS:  * Model Number
06-23 14:03:46.494 26662 26662 D wpa_supplicant: WPS:  * Device Name
06-23 14:03:46.494 26662 26662 D wpa_supplicant: WPS:  * Version2 (0x20)
06-23 14:03:46.494 26662 26662 D wpa_supplicant: wpa_driver_wext_combo_scan: Start
06-23 14:03:46.494 26662 26662 D wpa_supplicant: For Scan: (null)
06-23 14:03:46.552 26662 26662 D wpa_supplicant: Scan requested (ret=0) - scan timeout 30 seconds
06-23 14:03:47.029 26662 26662 D wpa_supplicant: RTM_NEWLINK: operstate=0 ifi_flags=0x11003 ([UP][LOWER_UP])
06-23 14:03:47.029 26662 26662 D wpa_supplicant: RTM_NEWLINK, IFLA_IFNAME: Interface 'wlan0' added
06-23 14:03:47.029 26662 26662 D wpa_supplicant: Wireless event: cmd=0x8b19 len=8
06-23 14:03:47.029 26662 26662 D wpa_supplicant: Received 494 bytes of scan results (2 BSSes)
06-23 14:03:47.029 26662 26662 D wpa_supplicant: Removed BSSID 00:23:69:fc:ab:f1 from blacklist (clear)
06-23 14:03:47.029 26662 26662 D wpa_supplicant: wlan0: Request association: reassociate: 1  selected: 00:23:69:fc:ab:f1  bssid: 00:00:00:00:00:00  pending: 00:00:00:00:00:00  wpa_state: SCANNING
06-23 14:03:47.029 26662 26662 I wpa_supplicant: wlan0: Trying to associate with 00:23:69:fc:ab:f1 (SSID='H2G2' freq=2437 MHz)
06-23 14:03:47.029 26662 26662 D wpa_supplicant: wpa_driver_wext_set_operstate: operstate 0->0 (DORMANT)
06-23 14:03:47.029 26662 26662 D wpa_supplicant: netlink: Operstate: linkmode=-1, operstate=5
06-23 14:03:47.029 26662 26662 D wpa_supplicant: wpa_driver_wext_associate
06-23 14:03:47.029 26662 26662 D wpa_supplicant: wpa_driver_wext_set_drop_unencrypted
06-23 14:03:47.041 26662 26662 D wpa_supplicant: wpa_driver_wext_set_psk
06-23 14:03:47.041 26662 26662 D wpa_supplicant: EAPOL: External notification - EAP success=0
06-23 14:03:47.041 26662 26662 D wpa_supplicant: EAPOL: Supplicant port status: Unauthorized
06-23 14:03:47.041 26662 26662 D wpa_supplicant: EAPOL: External notification - EAP fail=0
06-23 14:03:47.041 26662 26662 D wpa_supplicant: EAPOL: Supplicant port status: Unauthorized
06-23 14:03:47.041 26662 26662 D wpa_supplicant: EAPOL: External notification - portControl=Auto
06-23 14:03:47.041 26662 26662 D wpa_supplicant: EAPOL: Supplicant port status: Unauthorized
06-23 14:03:47.041 26662 26662 D wpa_supplicant: RSN: Ignored PMKID candidate without preauth flag
06-23 14:03:47.044 26662 26662 D wpa_supplicant: RTM_NEWLINK: operstate=0 ifi_flags=0x11003 ([UP][LOWER_UP])
06-23 14:03:47.044 26662 26662 D wpa_supplicant: RTM_NEWLINK, IFLA_IFNAME: Interface 'wlan0' added
06-23 14:03:47.044 26662 26662 D wpa_supplicant: Wireless event: cmd=0x8b06 len=8
06-23 14:03:47.044 26662 26662 D wpa_supplicant: RTM_NEWLINK: operstate=0 ifi_flags=0x11003 ([UP][LOWER_UP])
06-23 14:03:47.044 26662 26662 D wpa_supplicant: RTM_NEWLINK, IFLA_IFNAME: Interface 'wlan0' added
06-23 14:03:47.044 26662 26662 D wpa_supplicant: Wireless event: cmd=0x8b04 len=12
06-23 14:03:47.044 26662 26662 D wpa_supplicant: RTM_NEWLINK: operstate=0 ifi_flags=0x11003 ([UP][LOWER_UP])
06-23 14:03:47.044 26662 26662 D wpa_supplicant: RTM_NEWLINK, IFLA_IFNAME: Interface 'wlan0' added
06-23 14:03:47.044 26662 26662 D wpa_supplicant: Wireless event: cmd=0x8b1a len=12
06-23 14:03:47.287 26946 26948 D dalvikvm: GC_CONCURRENT freed 1258K, 10% free 13028K/14471K, paused 4ms+7ms
06-23 14:03:47.361 26662 26662 D wpa_supplicant: RTM_NEWLINK: operstate=0 ifi_flags=0x11003 ([UP][LOWER_UP])
06-23 14:03:47.361 26662 26662 D wpa_supplicant: RTM_NEWLINK, IFLA_IFNAME: Interface 'wlan0' added
06-23 14:03:47.361 26662 26662 D wpa_supplicant: Wireless event: cmd=0x8c02 len=30
06-23 14:03:47.361 26662 26662 D wpa_supplicant: RTM_NEWLINK: operstate=0 ifi_flags=0x11003 ([UP][LOWER_UP])
06-23 14:03:47.361 26662 26662 D wpa_supplicant: RTM_NEWLINK, IFLA_IFNAME: Interface 'wlan0' added
06-23 14:03:47.361 26662 26662 D wpa_supplicant: Wireless event: cmd=0x8c02 len=33
06-23 14:03:47.361    75   112 D NetlinkEvent: Unexpected netlink message. type=0xf
06-23 14:03:48.669 26946 26948 D dalvikvm: GC_CONCURRENT freed 1285K, 11% free 12983K/14471K, paused 3ms+4ms
06-23 14:03:50.064 26946 26948 D dalvikvm: GC_CONCURRENT freed 1259K, 11% free 13001K/14471K, paused 4ms+5ms
06-23 14:03:51.455 26946 26948 D dalvikvm: GC_CONCURRENT freed 1258K, 11% free 12992K/14471K, paused 3ms+4ms
06-23 14:03:52.845 26946 26948 D dalvikvm: GC_CONCURRENT freed 1250K, 11% free 13010K/14471K, paused 4ms+3ms
06-23 14:03:54.224 26946 26948 D dalvikvm: GC_CONCURRENT freed 1267K, 11% free 13010K/14471K, paused 2ms+5ms
06-23 14:03:55.638 26946 26948 D dalvikvm: GC_CONCURRENT freed 1268K, 11% free 13019K/14471K, paused 2ms+4ms
06-23 14:03:57.037 26946 26948 D dalvikvm: GC_CONCURRENT freed 1285K, 11% free 12992K/14471K, paused 3ms+5ms
06-23 14:03:57.052 26662 26662 I wpa_supplicant: wlan0: Authentication with 00:23:69:fc:ab:f1 timed out.
06-23 14:03:57.052 26662 26662 D wpa_supplicant: Added BSSID 00:23:69:fc:ab:f1 into blacklist
06-23 14:03:57.052 26662 26662 D wpa_supplicant: wpa_driver_wext_set_operstate: operstate 0->0 (DORMANT)
06-23 14:03:57.052 26662 26662 D wpa_supplicant: netlink: Operstate: linkmode=-1, operstate=5
06-23 14:03:57.052 26662 26662 D wpa_supplicant: EAPOL: External notification - portEnabled=0
06-23 14:03:57.052 26662 26662 D wpa_supplicant: EAPOL: Supplicant port status: Unauthorized
06-23 14:03:57.052 26662 26662 D wpa_supplicant: EAPOL: External notification - portValid=0
06-23 14:03:57.052 26662 26662 D wpa_supplicant: EAPOL: Supplicant port status: Unauthorized
06-23 14:03:57.052 26662 26662 D wpa_supplicant: EAPOL: External notification - EAP success=0
06-23 14:03:57.052 26662 26662 D wpa_supplicant: EAPOL: Supplicant port status: Unauthorized
06-23 14:03:58.056 26662 26662 D wpa_supplicant: WPS: Building WPS IE for Probe Request
06-23 14:03:58.056 26662 26662 D wpa_supplicant: WPS:  * Version (hardcoded 0x10)
06-23 14:03:58.056 26662 26662 D wpa_supplicant: WPS:  * Request Type
06-23 14:03:58.056 26662 26662 D wpa_supplicant: WPS:  * Config Methods (2388)
06-23 14:03:58.056 26662 26662 D wpa_supplicant: WPS:  * UUID-E
06-23 14:03:58.056 26662 26662 D wpa_supplicant: WPS:  * Primary Device Type
06-23 14:03:58.056 26662 26662 D wpa_supplicant: WPS:  * RF Bands (3)
06-23 14:03:58.056 26662 26662 D wpa_supplicant: WPS:  * Association State
06-23 14:03:58.056 26662 26662 D wpa_supplicant: WPS:  * Configuration Error (0)
06-23 14:03:58.056 26662 26662 D wpa_supplicant: WPS:  * Device Password ID (0)
06-23 14:03:58.056 26662 26662 D wpa_supplicant: WPS:  * Manufacturer
06-23 14:03:58.056 26662 26662 D wpa_supplicant: WPS:  * Model Name
06-23 14:03:58.056 26662 26662 D wpa_supplicant: WPS:  * Model Number
06-23 14:03:58.056 26662 26662 D wpa_supplicant: WPS:  * Device Name
06-23 14:03:58.056 26662 26662 D wpa_supplicant: WPS:  * Version2 (0x20)
06-23 14:03:58.056 26662 26662 D wpa_supplicant: wpa_driver_wext_combo_scan: Start
06-23 14:03:58.056 26662 26662 D wpa_supplicant: For Scan: (null)
06-23 14:03:58.111 26662 26662 D wpa_supplicant: Scan requested (ret=0) - scan timeout 30 seconds
06-23 14:03:58.443 26946 26948 D dalvikvm: GC_CONCURRENT freed 1259K, 11% free 13010K/14471K, paused 5ms+6ms
06-23 14:03:58.587 26662 26662 D wpa_supplicant: RTM_NEWLINK: operstate=0 ifi_flags=0x11003 ([UP][LOWER_UP])
06-23 14:03:58.587 26662 26662 D wpa_supplicant: RTM_NEWLINK, IFLA_IFNAME: Interface 'wlan0' added
06-23 14:03:58.587 26662 26662 D wpa_supplicant: Wireless event: cmd=0x8b19 len=8
06-23 14:03:58.587 26662 26662 D wpa_supplicant: Received 324 bytes of scan results (1 BSSes)
06-23 14:03:58.587 26662 26662 D wpa_supplicant: wlan0: Request association: reassociate: 1  selected: 00:23:69:fc:ab:f1  bssid: 00:00:00:00:00:00  pending: 00:00:00:00:00:00  wpa_state: SCANNING
06-23 14:03:58.587 26662 26662 I wpa_supplicant: wlan0: Trying to associate with 00:23:69:fc:ab:f1 (SSID='H2G2' freq=2437 MHz)
06-23 14:03:58.587 26662 26662 D wpa_supplicant: wpa_driver_wext_set_operstate: operstate 0->0 (DORMANT)
06-23 14:03:58.587 26662 26662 D wpa_supplicant: netlink: Operstate: linkmode=-1, operstate=5
06-23 14:03:58.587 26662 26662 D wpa_supplicant: wpa_driver_wext_associate
06-23 14:03:58.587 26662 26662 D wpa_supplicant: wpa_driver_wext_set_drop_unencrypted
06-23 14:03:58.595 26662 26662 D wpa_supplicant: wpa_driver_wext_set_psk
06-23 14:03:58.599 26662 26662 D wpa_supplicant: EAPOL: External notification - EAP success=0
06-23 14:03:58.599 26662 26662 D wpa_supplicant: EAPOL: Supplicant port status: Unauthorized
06-23 14:03:58.599 26662 26662 D wpa_supplicant: EAPOL: External notification - EAP fail=0
06-23 14:03:58.599 26662 26662 D wpa_supplicant: EAPOL: Supplicant port status: Unauthorized
06-23 14:03:58.599 26662 26662 D wpa_supplicant: EAPOL: External notification - portControl=Auto
06-23 14:03:58.599 26662 26662 D wpa_supplicant: EAPOL: Supplicant port status: Unauthorized
06-23 14:03:58.599 26662 26662 D wpa_supplicant: RSN: Ignored PMKID candidate without preauth flag
06-23 14:03:58.603 26662 26662 D wpa_supplicant: RTM_NEWLINK: operstate=0 ifi_flags=0x11003 ([UP][LOWER_UP])
06-23 14:03:58.603 26662 26662 D wpa_supplicant: RTM_NEWLINK, IFLA_IFNAME: Interface 'wlan0' added
06-23 14:03:58.603 26662 26662 D wpa_supplicant: Wireless event: cmd=0x8b06 len=8
06-23 14:03:58.603 26662 26662 D wpa_supplicant: RTM_NEWLINK: operstate=0 ifi_flags=0x11003 ([UP][LOWER_UP])
06-23 14:03:58.603 26662 26662 D wpa_supplicant: RTM_NEWLINK, IFLA_IFNAME: Interface 'wlan0' added
06-23 14:03:58.603 26662 26662 D wpa_supplicant: Wireless event: cmd=0x8b04 len=12
06-23 14:03:58.603 26662 26662 D wpa_supplicant: RTM_NEWLINK: operstate=0 ifi_flags=0x11003 ([UP][LOWER_UP])
06-23 14:03:58.603 26662 26662 D wpa_supplicant: RTM_NEWLINK, IFLA_IFNAME: Interface 'wlan0' added
06-23 14:03:58.603 26662 26662 D wpa_supplicant: Wireless event: cmd=0x8b1a len=12
06-23 14:03:58.919 26662 26662 D wpa_supplicant: RTM_NEWLINK: operstate=0 ifi_flags=0x11003 ([UP][LOWER_UP])
06-23 14:03:58.919 26662 26662 D wpa_supplicant: RTM_NEWLINK, IFLA_IFNAME: Interface 'wlan0' added
06-23 14:03:58.919 26662 26662 D wpa_supplicant: Wireless event: cmd=0x8c02 len=30
06-23 14:03:58.919 26662 26662 D wpa_supplicant: RTM_NEWLINK: operstate=0 ifi_flags=0x11003 ([UP][LOWER_UP])
06-23 14:03:58.919 26662 26662 D wpa_supplicant: RTM_NEWLINK, IFLA_IFNAME: Interface 'wlan0' added
06-23 14:03:58.919 26662 26662 D wpa_supplicant: Wireless event: cmd=0x8c02 len=33
06-23 14:03:58.919    75   112 D NetlinkEvent: Unexpected netlink message. type=0xf
06-23 14:03:59.837 26946 26948 D dalvikvm: GC_CONCURRENT freed 1268K, 11% free 13000K/14471K, paused 5ms+3ms
06-23 14:04:01.236 26946 26948 D dalvikvm: GC_CONCURRENT freed 1276K, 11% free 12992K/14471K, paused 4ms+7ms
06-23 14:04:02.642 26946 26948 D dalvikvm: GC_CONCURRENT freed 1276K, 11% free 12983K/14471K, paused 5ms+5ms
06-23 14:04:03.994 26946 26948 D dalvikvm: GC_CONCURRENT freed 1224K, 11% free 12991K/14471K, paused 3ms+4ms
06-23 14:04:05.365 26946 26948 D dalvikvm: GC_CONCURRENT freed 1248K, 11% free 12992K/14471K, paused 2ms+5ms
06-23 14:04:06.787 26946 26948 D dalvikvm: GC_CONCURRENT freed 1276K, 11% free 12983K/14471K, paused 4ms+7ms
06-23 14:04:08.138 26946 26948 D dalvikvm: GC_CONCURRENT freed 1250K, 11% free 12983K/14471K, paused 2ms+5ms
06-23 14:04:08.599 26662 26662 I wpa_supplicant: wlan0: Authentication with 00:23:69:fc:ab:f1 timed out.
06-23 14:04:08.599 26662 26662 D wpa_supplicant: BSSID 00:23:69:fc:ab:f1 blacklist count incremented to 2
06-23 14:04:08.599 26662 26662 D wpa_supplicant: wpa_driver_wext_set_operstate: operstate 0->0 (DORMANT)
06-23 14:04:08.599 26662 26662 D wpa_supplicant: netlink: Operstate: linkmode=-1, operstate=5
06-23 14:04:08.599 26662 26662 D wpa_supplicant: EAPOL: External notification - portEnabled=0
06-23 14:04:08.599 26662 26662 D wpa_supplicant: EAPOL: Supplicant port status: Unauthorized
06-23 14:04:08.599 26662 26662 D wpa_supplicant: EAPOL: External notification - portValid=0
06-23 14:04:08.599 26662 26662 D wpa_supplicant: EAPOL: Supplicant port status: Unauthorized
06-23 14:04:08.599 26662 26662 D wpa_supplicant: EAPOL: External notification - EAP success=0
06-23 14:04:08.599 26662 26662 D wpa_supplicant: EAPOL: Supplicant port status: Unauthorized
06-23 14:04:09.498 26946 26948 D dalvikvm: GC_CONCURRENT freed 1232K, 11% free 12982K/14471K, paused 3ms+5ms
06-23 14:04:09.599 26662 26662 D wpa_supplicant: WPS: Building WPS IE for Probe Request
06-23 14:04:09.599 26662 26662 D wpa_supplicant: WPS:  * Version (hardcoded 0x10)
06-23 14:04:09.599 26662 26662 D wpa_supplicant: WPS:  * Request Type
06-23 14:04:09.599 26662 26662 D wpa_supplicant: WPS:  * Config Methods (2388)
06-23 14:04:09.599 26662 26662 D wpa_supplicant: WPS:  * UUID-E
06-23 14:04:09.599 26662 26662 D wpa_supplicant: WPS:  * Primary Device Type
06-23 14:04:09.599 26662 26662 D wpa_supplicant: WPS:  * RF Bands (3)
06-23 14:04:09.599 26662 26662 D wpa_supplicant: WPS:  * Association State
06-23 14:04:09.599 26662 26662 D wpa_supplicant: WPS:  * Configuration Error (0)
06-23 14:04:09.599 26662 26662 D wpa_supplicant: WPS:  * Device Password ID (0)
06-23 14:04:09.599 26662 26662 D wpa_supplicant: WPS:  * Manufacturer
06-23 14:04:09.599 26662 26662 D wpa_supplicant: WPS:  * Model Name
06-23 14:04:09.599 26662 26662 D wpa_supplicant: WPS:  * Model Number
06-23 14:04:09.599 26662 26662 D wpa_supplicant: WPS:  * Device Name
06-23 14:04:09.599 26662 26662 D wpa_supplicant: WPS:  * Version2 (0x20)
06-23 14:04:09.599 26662 26662 D wpa_supplicant: wpa_driver_wext_combo_scan: Start
06-23 14:04:09.599 26662 26662 D wpa_supplicant: For Scan: (null)
06-23 14:04:09.654 26662 26662 D wpa_supplicant: Scan requested (ret=0) - scan timeout 30 seconds
06-23 14:04:10.134 26662 26662 D wpa_supplicant: RTM_NEWLINK: operstate=0 ifi_flags=0x11003 ([UP][LOWER_UP])
06-23 14:04:10.134 26662 26662 D wpa_supplicant: RTM_NEWLINK, IFLA_IFNAME: Interface 'wlan0' added
06-23 14:04:10.134 26662 26662 D wpa_supplicant: Wireless event: cmd=0x8b19 len=8
06-23 14:04:10.134 26662 26662 D wpa_supplicant: Received 324 bytes of scan results (1 BSSes)
06-23 14:04:10.134 26662 26662 D wpa_supplicant: Removed BSSID 00:23:69:fc:ab:f1 from blacklist (clear)
06-23 14:04:10.134 26662 26662 D wpa_supplicant: wlan0: Request association: reassociate: 1  selected: 00:23:69:fc:ab:f1  bssid: 00:00:00:00:00:00  pending: 00:00:00:00:00:00  wpa_state: SCANNING
06-23 14:04:10.134 26662 26662 I wpa_supplicant: wlan0: Trying to associate with 00:23:69:fc:ab:f1 (SSID='H2G2' freq=2437 MHz)
06-23 14:04:10.134 26662 26662 D wpa_supplicant: wpa_driver_wext_set_operstate: operstate 0->0 (DORMANT)
06-23 14:04:10.134 26662 26662 D wpa_supplicant: netlink: Operstate: linkmode=-1, operstate=5
06-23 14:04:10.134 26662 26662 D wpa_supplicant: wpa_driver_wext_associate
06-23 14:04:10.134 26662 26662 D wpa_supplicant: wpa_driver_wext_set_drop_unencrypted
06-23 14:04:10.138 26662 26662 D wpa_supplicant: wpa_driver_wext_set_psk
06-23 14:04:10.146 26662 26662 D wpa_supplicant: EAPOL: External notification - EAP success=0
06-23 14:04:10.146 26662 26662 D wpa_supplicant: EAPOL: Supplicant port status: Unauthorized
06-23 14:04:10.146 26662 26662 D wpa_supplicant: EAPOL: External notification - EAP fail=0
06-23 14:04:10.146 26662 26662 D wpa_supplicant: EAPOL: Supplicant port status: Unauthorized
06-23 14:04:10.146 26662 26662 D wpa_supplicant: EAPOL: External notification - portControl=Auto
06-23 14:04:10.146 26662 26662 D wpa_supplicant: EAPOL: Supplicant port status: Unauthorized
06-23 14:04:10.146 26662 26662 D wpa_supplicant: RSN: Ignored PMKID candidate without preauth flag
06-23 14:04:10.150 26662 26662 D wpa_supplicant: RTM_NEWLINK: operstate=0 ifi_flags=0x11003 ([UP][LOWER_UP])
06-23 14:04:10.150 26662 26662 D wpa_supplicant: RTM_NEWLINK, IFLA_IFNAME: Interface 'wlan0' added
06-23 14:04:10.150 26662 26662 D wpa_supplicant: Wireless event: cmd=0x8b06 len=8
06-23 14:04:10.150 26662 26662 D wpa_supplicant: RTM_NEWLINK: operstate=0 ifi_flags=0x11003 ([UP][LOWER_UP])
06-23 14:04:10.150 26662 26662 D wpa_supplicant: RTM_NEWLINK, IFLA_IFNAME: Interface 'wlan0' added
06-23 14:04:10.150 26662 26662 D wpa_supplicant: Wireless event: cmd=0x8b04 len=12
06-23 14:04:10.150 26662 26662 D wpa_supplicant: RTM_NEWLINK: operstate=0 ifi_flags=0x11003 ([UP][LOWER_UP])
06-23 14:04:10.150 26662 26662 D wpa_supplicant: RTM_NEWLINK, IFLA_IFNAME: Interface 'wlan0' added
06-23 14:04:10.150 26662 26662 D wpa_supplicant: Wireless event: cmd=0x8b1a len=12
06-23 14:04:10.462 26662 26662 D wpa_supplicant: RTM_NEWLINK: operstate=0 ifi_flags=0x11003 ([UP][LOWER_UP])
06-23 14:04:10.462 26662 26662 D wpa_supplicant: RTM_NEWLINK, IFLA_IFNAME: Interface 'wlan0' added
06-23 14:04:10.462 26662 26662 D wpa_supplicant: Wireless event: cmd=0x8c02 len=30
06-23 14:04:10.462 26662 26662 D wpa_supplicant: RTM_NEWLINK: operstate=0 ifi_flags=0x11003 ([UP][LOWER_UP])
06-23 14:04:10.462 26662 26662 D wpa_supplicant: RTM_NEWLINK, IFLA_IFNAME: Interface 'wlan0' added
06-23 14:04:10.462 26662 26662 D wpa_supplicant: Wireless event: cmd=0x8c02 len=33
06-23 14:04:10.462    75   112 D NetlinkEvent: Unexpected netlink message. type=0xf
06-23 14:04:10.873 26946 26948 D dalvikvm: GC_CONCURRENT freed 1231K, 11% free 13000K/14471K, paused 2ms+3ms
06-23 14:04:12.271 26946 26948 D dalvikvm: GC_CONCURRENT freed 1284K, 11% free 12984K/14471K, paused 2ms+6ms
06-23 14:04:13.642 26946 26948 D dalvikvm: GC_CONCURRENT freed 1233K, 11% free 12982K/14471K, paused 2ms+4ms
06-23 14:04:15.017 26946 26948 D dalvikvm: GC_CONCURRENT freed 1249K, 11% free 12991K/14471K, paused 5ms+4ms
06-23 14:04:16.408 26946 26948 D dalvikvm: GC_CONCURRENT freed 1275K, 11% free 12975K/14471K, paused 2ms+5ms
06-23 14:04:17.787 26946 26948 D dalvikvm: GC_CONCURRENT freed 1215K, 11% free 13009K/14471K, paused 2ms+4ms
06-23 14:04:19.185 26946 26948 D dalvikvm: GC_CONCURRENT freed 1293K, 11% free 12984K/14471K, paused 3ms+8ms
06-23 14:04:20.150 26662 26662 I wpa_supplicant: wlan0: Authentication with 00:23:69:fc:ab:f1 timed out.
06-23 14:04:20.150 26662 26662 D wpa_supplicant: Added BSSID 00:23:69:fc:ab:f1 into blacklist
06-23 14:04:20.150 26662 26662 D wpa_supplicant: wpa_driver_wext_set_operstate: operstate 0->0 (DORMANT)
06-23 14:04:20.150 26662 26662 D wpa_supplicant: netlink: Operstate: linkmode=-1, operstate=5
06-23 14:04:20.150 26662 26662 D wpa_supplicant: EAPOL: External notification - portEnabled=0
06-23 14:04:20.150 26662 26662 D wpa_supplicant: EAPOL: Supplicant port status: Unauthorized
06-23 14:04:20.150 26662 26662 D wpa_supplicant: EAPOL: External notification - portValid=0
06-23 14:04:20.150 26662 26662 D wpa_supplicant: EAPOL: Supplicant port status: Unauthorized
06-23 14:04:20.150 26662 26662 D wpa_supplicant: EAPOL: External notification - EAP success=0
06-23 14:04:20.150 26662 26662 D wpa_supplicant: EAPOL: Supplicant port status: Unauthorized
06-23 14:04:20.548 26946 26948 D dalvikvm: GC_CONCURRENT freed 1233K, 11% free 12982K/14471K, paused 2ms+8ms
06-23 14:04:21.150 26662 26662 D wpa_supplicant: WPS: Building WPS IE for Probe Request
06-23 14:04:21.150 26662 26662 D wpa_supplicant: WPS:  * Version (hardcoded 0x10)
06-23 14:04:21.150 26662 26662 D wpa_supplicant: WPS:  * Request Type
06-23 14:04:21.150 26662 26662 D wpa_supplicant: WPS:  * Config Methods (2388)
06-23 14:04:21.150 26662 26662 D wpa_supplicant: WPS:  * UUID-E
06-23 14:04:21.150 26662 26662 D wpa_supplicant: WPS:  * Primary Device Type
06-23 14:04:21.150 26662 26662 D wpa_supplicant: WPS:  * RF Bands (3)
06-23 14:04:21.150 26662 26662 D wpa_supplicant: WPS:  * Association State
06-23 14:04:21.150 26662 26662 D wpa_supplicant: WPS:  * Configuration Error (0)
06-23 14:04:21.150 26662 26662 D wpa_supplicant: WPS:  * Device Password ID (0)
06-23 14:04:21.150 26662 26662 D wpa_supplicant: WPS:  * Manufacturer
06-23 14:04:21.150 26662 26662 D wpa_supplicant: WPS:  * Model Name
06-23 14:04:21.150 26662 26662 D wpa_supplicant: WPS:  * Model Number
06-23 14:04:21.150 26662 26662 D wpa_supplicant: WPS:  * Device Name
06-23 14:04:21.150 26662 26662 D wpa_supplicant: WPS:  * Version2 (0x20)
06-23 14:04:21.150 26662 26662 D wpa_supplicant: wpa_driver_wext_combo_scan: Start
06-23 14:04:21.150 26662 26662 D wpa_supplicant: For Scan: (null)
06-23 14:04:21.205 26662 26662 D wpa_supplicant: Scan requested (ret=0) - scan timeout 30 seconds
06-23 14:04:21.685 26662 26662 D wpa_supplicant: RTM_NEWLINK: operstate=0 ifi_flags=0x11003 ([UP][LOWER_UP])
06-23 14:04:21.685 26662 26662 D wpa_supplicant: RTM_NEWLINK, IFLA_IFNAME: Interface 'wlan0' added
06-23 14:04:21.685 26662 26662 D wpa_supplicant: Wireless event: cmd=0x8b19 len=8
06-23 14:04:21.685 26662 26662 D wpa_supplicant: Received 324 bytes of scan results (1 BSSes)
06-23 14:04:21.685 26662 26662 D wpa_supplicant: wlan0: Request association: reassociate: 1  selected: 00:23:69:fc:ab:f1  bssid: 00:00:00:00:00:00  pending: 00:00:00:00:00:00  wpa_state: SCANNING
06-23 14:04:21.685 26662 26662 I wpa_supplicant: wlan0: Trying to associate with 00:23:69:fc:ab:f1 (SSID='H2G2' freq=2437 MHz)
06-23 14:04:21.685 26662 26662 D wpa_supplicant: wpa_driver_wext_set_operstate: operstate 0->0 (DORMANT)
06-23 14:04:21.685 26662 26662 D wpa_supplicant: netlink: Operstate: linkmode=-1, operstate=5
06-23 14:04:21.685 26662 26662 D wpa_supplicant: wpa_driver_wext_associate
06-23 14:04:21.685 26662 26662 D wpa_supplicant: wpa_driver_wext_set_drop_unencrypted
06-23 14:04:21.697 26662 26662 D wpa_supplicant: wpa_driver_wext_set_psk
06-23 14:04:21.701 26662 26662 D wpa_supplicant: EAPOL: External notification - EAP success=0
06-23 14:04:21.701 26662 26662 D wpa_supplicant: EAPOL: Supplicant port status: Unauthorized
06-23 14:04:21.705 26662 26662 D wpa_supplicant: EAPOL: External notification - EAP fail=0
06-23 14:04:21.705 26662 26662 D wpa_supplicant: EAPOL: Supplicant port status: Unauthorized
06-23 14:04:21.705 26662 26662 D wpa_supplicant: EAPOL: External notification - portControl=Auto
06-23 14:04:21.705 26662 26662 D wpa_supplicant: EAPOL: Supplicant port status: Unauthorized
06-23 14:04:21.705 26662 26662 D wpa_supplicant: RSN: Ignored PMKID candidate without preauth flag
06-23 14:04:21.705 26662 26662 D wpa_supplicant: RTM_NEWLINK: operstate=0 ifi_flags=0x11003 ([UP][LOWER_UP])
06-23 14:04:21.705 26662 26662 D wpa_supplicant: RTM_NEWLINK, IFLA_IFNAME: Interface 'wlan0' added
06-23 14:04:21.705 26662 26662 D wpa_supplicant: Wireless event: cmd=0x8b06 len=8
06-23 14:04:21.705 26662 26662 D wpa_supplicant: RTM_NEWLINK: operstate=0 ifi_flags=0x11003 ([UP][LOWER_UP])
06-23 14:04:21.705 26662 26662 D wpa_supplicant: RTM_NEWLINK, IFLA_IFNAME: Interface 'wlan0' added
06-23 14:04:21.705 26662 26662 D wpa_supplicant: Wireless event: cmd=0x8b04 len=12
06-23 14:04:21.705 26662 26662 D wpa_supplicant: RTM_NEWLINK: operstate=0 ifi_flags=0x11003 ([UP][LOWER_UP])
06-23 14:04:21.705 26662 26662 D wpa_supplicant: RTM_NEWLINK, IFLA_IFNAME: Interface 'wlan0' added
06-23 14:04:21.705 26662 26662 D wpa_supplicant: Wireless event: cmd=0x8b1a len=12
06-23 14:04:21.916 26946 26948 D dalvikvm: GC_CONCURRENT freed 1240K, 11% free 12973K/14471K, paused 2ms+3ms
06-23 14:04:22.017 26662 26662 D wpa_supplicant: RTM_NEWLINK: operstate=0 ifi_flags=0x11003 ([UP][LOWER_UP])
06-23 14:04:22.017 26662 26662 D wpa_supplicant: RTM_NEWLINK, IFLA_IFNAME: Interface 'wlan0' added
06-23 14:04:22.017 26662 26662 D wpa_supplicant: Wireless event: cmd=0x8c02 len=30
06-23 14:04:22.017 26662 26662 D wpa_supplicant: RTM_NEWLINK: operstate=0 ifi_flags=0x11003 ([UP][LOWER_UP])
06-23 14:04:22.017 26662 26662 D wpa_supplicant: RTM_NEWLINK, IFLA_IFNAME: Interface 'wlan0' added
06-23 14:04:22.017 26662 26662 D wpa_supplicant: Wireless event: cmd=0x8c02 len=33
06-23 14:04:22.017    75   112 D NetlinkEvent: Unexpected netlink message. type=0xf
06-23 14:04:23.291 26946 26948 D dalvikvm: GC_CONCURRENT freed 1240K, 11% free 12983K/14471K, paused 3ms+5ms
06-23 14:04:23.623    81   122 D AudioHardware: AudioHardware pcm playback is exiting standby.
06-23 14:04:23.623    81   122 D AudioHardware: openPcmOut_l() mPcmOpenCnt: 0
06-23 14:04:24.662 26946 26948 D dalvikvm: GC_CONCURRENT freed 1232K, 11% free 12983K/14471K, paused 2ms+4ms
06-23 14:04:26.048 26946 26948 D dalvikvm: GC_CONCURRENT freed 1240K, 11% free 12992K/14471K, paused 4ms+3ms
06-23 14:04:27.408 26946 26948 D dalvikvm: GC_CONCURRENT freed 1258K, 11% free 12983K/14471K, paused 3ms+6ms
06-23 14:04:28.779 26946 26948 D dalvikvm: GC_CONCURRENT freed 1232K, 11% free 12982K/14471K, paused 2ms+4ms
06-23 14:04:30.138 26946 26948 D dalvikvm: GC_CONCURRENT freed 1232K, 11% free 12982K/14471K, paused 2ms+3ms
06-23 14:04:31.490 26946 26948 D dalvikvm: GC_CONCURRENT freed 1222K, 11% free 12991K/14471K, paused 2ms+5ms
06-23 14:04:31.705 26662 26662 I wpa_supplicant: wlan0: Authentication with 00:23:69:fc:ab:f1 timed out.
06-23 14:04:31.705 26662 26662 D wpa_supplicant: BSSID 00:23:69:fc:ab:f1 blacklist count incremented to 2
06-23 14:04:31.705 26662 26662 D wpa_supplicant: wpa_driver_wext_set_operstate: operstate 0->0 (DORMANT)
06-23 14:04:31.705 26662 26662 D wpa_supplicant: netlink: Operstate: linkmode=-1, operstate=5
06-23 14:04:31.705 26662 26662 D wpa_supplicant: EAPOL: External notification - portEnabled=0
06-23 14:04:31.705 26662 26662 D wpa_supplicant: EAPOL: Supplicant port status: Unauthorized
06-23 14:04:31.705 26662 26662 D wpa_supplicant: EAPOL: External notification - portValid=0
06-23 14:04:31.705 26662 26662 D wpa_supplicant: EAPOL: Supplicant port status: Unauthorized
06-23 14:04:31.705 26662 26662 D wpa_supplicant: EAPOL: External notification - EAP success=0
06-23 14:04:31.705 26662 26662 D wpa_supplicant: EAPOL: Supplicant port status: Unauthorized
06-23 14:04:32.705 26662 26662 D wpa_supplicant: WPS: Building WPS IE for Probe Request
06-23 14:04:32.705 26662 26662 D wpa_supplicant: WPS:  * Version (hardcoded 0x10)
06-23 14:04:32.705 26662 26662 D wpa_supplicant: WPS:  * Request Type
06-23 14:04:32.705 26662 26662 D wpa_supplicant: WPS:  * Config Methods (2388)
06-23 14:04:32.705 26662 26662 D wpa_supplicant: WPS:  * UUID-E
06-23 14:04:32.705 26662 26662 D wpa_supplicant: WPS:  * Primary Device Type
06-23 14:04:32.705 26662 26662 D wpa_supplicant: WPS:  * RF Bands (3)
06-23 14:04:32.705 26662 26662 D wpa_supplicant: WPS:  * Association State
06-23 14:04:32.705 26662 26662 D wpa_supplicant: WPS:  * Configuration Error (0)
06-23 14:04:32.705 26662 26662 D wpa_supplicant: WPS:  * Device Password ID (0)
06-23 14:04:32.705 26662 26662 D wpa_supplicant: WPS:  * Manufacturer
06-23 14:04:32.705 26662 26662 D wpa_supplicant: WPS:  * Model Name
06-23 14:04:32.705 26662 26662 D wpa_supplicant: WPS:  * Model Number
06-23 14:04:32.705 26662 26662 D wpa_supplicant: WPS:  * Device Name
06-23 14:04:32.705 26662 26662 D wpa_supplicant: WPS:  * Version2 (0x20)
06-23 14:04:32.705 26662 26662 D wpa_supplicant: wpa_driver_wext_combo_scan: Start
06-23 14:04:32.705 26662 26662 D wpa_supplicant: For Scan: (null)
06-23 14:04:32.759 26662 26662 D wpa_supplicant: Scan requested (ret=0) - scan timeout 30 seconds
06-23 14:04:32.880 26946 26948 D dalvikvm: GC_CONCURRENT freed 1248K, 11% free 13001K/14471K, paused 2ms+4ms
06-23 14:04:33.240 26662 26662 D wpa_supplicant: RTM_NEWLINK: operstate=0 ifi_flags=0x11003 ([UP][LOWER_UP])
06-23 14:04:33.240 26662 26662 D wpa_supplicant: RTM_NEWLINK, IFLA_IFNAME: Interface 'wlan0' added
06-23 14:04:33.240 26662 26662 D wpa_supplicant: Wireless event: cmd=0x8b19 len=8
06-23 14:04:33.240 26662 26662 D wpa_supplicant: Received 494 bytes of scan results (2 BSSes)
06-23 14:04:33.240 26662 26662 D wpa_supplicant: Removed BSSID 00:23:69:fc:ab:f1 from blacklist (clear)
06-23 14:04:33.240 26662 26662 D wpa_supplicant: wlan0: Request association: reassociate: 1  selected: 00:23:69:fc:ab:f1  bssid: 00:00:00:00:00:00  pending: 00:00:00:00:00:00  wpa_state: SCANNING
06-23 14:04:33.240 26662 26662 I wpa_supplicant: wlan0: Trying to associate with 00:23:69:fc:ab:f1 (SSID='H2G2' freq=2437 MHz)
06-23 14:04:33.240 26662 26662 D wpa_supplicant: wpa_driver_wext_set_operstate: operstate 0->0 (DORMANT)
06-23 14:04:33.240 26662 26662 D wpa_supplicant: netlink: Operstate: linkmode=-1, operstate=5
06-23 14:04:33.240 26662 26662 D wpa_supplicant: wpa_driver_wext_associate
06-23 14:04:33.240 26662 26662 D wpa_supplicant: wpa_driver_wext_set_drop_unencrypted
06-23 14:04:33.248 26662 26662 D wpa_supplicant: wpa_driver_wext_set_psk
06-23 14:04:33.251 26662 26662 D wpa_supplicant: EAPOL: External notification - EAP success=0
06-23 14:04:33.251 26662 26662 D wpa_supplicant: EAPOL: Supplicant port status: Unauthorized
06-23 14:04:33.251 26662 26662 D wpa_supplicant: EAPOL: External notification - EAP fail=0
06-23 14:04:33.251 26662 26662 D wpa_supplicant: EAPOL: Supplicant port status: Unauthorized
06-23 14:04:33.251 26662 26662 D wpa_supplicant: EAPOL: External notification - portControl=Auto
06-23 14:04:33.251 26662 26662 D wpa_supplicant: EAPOL: Supplicant port status: Unauthorized
06-23 14:04:33.251 26662 26662 D wpa_supplicant: RSN: Ignored PMKID candidate without preauth flag
06-23 14:04:33.251 26662 26662 D wpa_supplicant: RTM_NEWLINK: operstate=0 ifi_flags=0x11003 ([UP][LOWER_UP])
06-23 14:04:33.251 26662 26662 D wpa_supplicant: RTM_NEWLINK, IFLA_IFNAME: Interface 'wlan0' added
