06-20 14:08:44.146  1165  1167 D dalvikvm: GC_CONCURRENT freed 4507K, 22% free 20083K/25735K, paused 3ms+8ms
06-20 14:08:44.763  1457  1457 D wpa_supplicant: wpa_driver_wext_driver_cmd RSSI len = 248
06-20 14:08:44.763  1457  1457 D wpa_supplicant: wpa_driver_wext_driver_cmd UB_Secure rssi -90  len = 19, 19
06-20 14:08:44.763  1457  1457 D wpa_supplicant: wpa_driver_wext_driver_cmd LINKSPEED len = 248
06-20 14:08:44.763  1457  1457 D wpa_supplicant: wpa_driver_wext_driver_cmd LinkSpeed 19 len = 12, 12
06-20 14:08:46.614    82   123 D AudioHardware: AudioHardware pcm playback is exiting standby.
06-20 14:08:46.614    82   123 D AudioHardware: openPcmOut_l() mPcmOpenCnt: 0
06-20 14:08:46.735   618   637 D dalvikvm: GC_EXPLICIT freed 236K, 9% free 9776K/10631K, paused 2ms+5ms
06-20 14:08:46.759   618   618 D OpenGLRenderer: Flushing caches (mode 1)
06-20 14:08:46.888  1165  1165 D Finsky  : [1] DetailsDataBasedFragment.rebindViews: Page [class=DetailsFragment] loaded in [274 ms] (partial? false)
06-20 14:08:47.263   618   618 D OpenGLRenderer: Flushing caches (mode 1)
06-20 14:08:47.317   618   618 D OpenGLRenderer: Flushing caches (mode 1)
06-20 14:08:47.368  1165  1165 D Finsky  : [1] DetailsDataBasedFragment.rebindViews: Page [class=DetailsFragment] loaded in [752 ms] (partial? true)
06-20 14:08:47.579  1165  1167 D dalvikvm: GC_CONCURRENT freed 2902K, 26% free 19228K/25735K, paused 4ms+13ms
06-20 14:08:47.771  1457  1457 D wpa_supplicant: wpa_driver_wext_driver_cmd RSSI len = 248
06-20 14:08:47.771  1457  1457 D wpa_supplicant: wpa_driver_wext_driver_cmd UB_Secure rssi -84  len = 19, 19
06-20 14:08:47.771  1457  1457 D wpa_supplicant: wpa_driver_wext_driver_cmd LINKSPEED len = 248
06-20 14:08:47.771  1457  1457 D wpa_supplicant: wpa_driver_wext_driver_cmd LinkSpeed 19 len = 12, 12
06-20 14:08:48.067  1165  1167 D dalvikvm: GC_CONCURRENT freed 1737K, 25% free 19514K/25735K, paused 3ms+7ms
06-20 14:08:48.317   152   484 I ActivityManager: START {flg=0x20010000 cmp=com.android.vending/com.google.android.finsky.activities.PurchaseDialog (has extras)} from pid 1165
06-20 14:08:48.501  1165  1165 D Finsky  : [1] SelfUpdateScheduler.checkForSelfUpdate: Skipping self-update check as there is an update already queued.
06-20 14:08:48.583   152   201 I ActivityManager: Displayed com.android.vending/com.google.android.finsky.activities.PurchaseDialog: +208ms
06-20 14:08:48.634  1165  1165 D OpenGLRenderer: Flushing caches (mode 0)
06-20 14:08:49.829   618   618 D OpenGLRenderer: Flushing caches (mode 1)
06-20 14:08:50.013  1165  1165 D Finsky  : [1] DetailsDataBasedFragment.rebindViews: Page [class=DetailsFragment] loaded in [3399 ms] (partial? false)
06-20 14:08:50.310  1165  1167 D dalvikvm: GC_CONCURRENT freed 1936K, 24% free 19625K/25735K, paused 2ms+10ms
06-20 14:08:50.349   152   168 I Process : Sending signal. PID: 1165 SIG: 3
06-20 14:08:50.349  1165  1170 I dalvikvm: threadid=3: reacting to signal 3
06-20 14:08:50.368  1165  1165 D Finsky  : [1] DetailsDataBasedFragment.rebindViews: Page [class=DetailsFragment] loaded in [3731 ms] (partial? true)
06-20 14:08:50.392  1165  1170 I dalvikvm: Wrote stack traces to '/data/anr/traces.txt'
06-20 14:08:50.458  1165  1165 D Finsky  : [1] InstallerImpl.requestInstall: Request install of com.groupon v=2249
06-20 14:08:50.458  1165  1165 D Finsky  : [1] InstallerImpl.kick: Installer kick com.groupon - starting com.groupon
06-20 14:08:50.462  1165  1165 D Finsky  : [1] DownloadImpl.setState: com.groupon from null to UNQUEUED.
06-20 14:08:50.462  1165  1165 D Finsky  : [1] DownloadQueueImpl.add: Download com.groupon added to DownloadQueue
06-20 14:08:50.462  1165  1165 D Finsky  : [1] DownloadImpl.setState: com.groupon from UNQUEUED to QUEUED.
06-20 14:08:50.493    84    84 I installd: free_cache(8620417) avail 873881600
06-20 14:08:50.743  1165  1165 D Finsky  : [1] 4.run: Applying library update: account=[IbGkTYR9rtNnJO6ZCz6nt8keDY8], corpus=3, numMutations=1
06-20 14:08:50.747  1165  1165 D Finsky  : [1] DownloadQueueImpl.startDownload: Download com.groupon starting
06-20 14:08:50.775  1457  1457 D wpa_supplicant: wpa_driver_wext_driver_cmd RSSI len = 248
06-20 14:08:50.778  1457  1457 D wpa_supplicant: wpa_driver_wext_driver_cmd UB_Secure rssi -88  len = 19, 19
06-20 14:08:50.778  1457  1457 D wpa_supplicant: wpa_driver_wext_driver_cmd LINKSPEED len = 248
06-20 14:08:50.778  1457  1457 D wpa_supplicant: wpa_driver_wext_driver_cmd LinkSpeed 26 len = 12, 12
06-20 14:08:50.860  1165  1165 D OpenGLRenderer: Flushing caches (mode 0)
06-20 14:08:50.880  1165  1165 D Finsky  : [1] DownloadImpl.setState: com.groupon from QUEUED to DOWNLOADING.
06-20 14:08:50.900  1165  1165 D Finsky  : [1] DownloadQueueImpl.onStart: com.groupon: onStart
06-20 14:08:50.950  1165  1165 D Finsky  : [1] 3.onMutationsApplied: App library has changed, requesting content sync.
06-20 14:08:50.954  1165  1165 D Finsky  : [1] DownloadQueueImpl.notifyProgress: com.groupon: onProgress 0/-1 Status: 192.
06-20 14:08:51.251   389   389 D dalvikvm: GC_FOR_ALLOC freed 339K, 6% free 11532K/12231K, paused 42ms
06-20 14:08:51.400   569  3460 I DownloadManager: Initiating request for download 91
06-20 14:08:51.501   389   389 D dalvikvm: GC_FOR_ALLOC freed 552K, 8% free 11500K/12423K, paused 42ms
06-20 14:08:51.607  1165  1165 D Finsky  : [1] DetailsDataBasedFragment.rebindViews: Page [class=DetailsFragment] loaded in [4985 ms] (partial? true)
06-20 14:08:51.673  1165  1167 D dalvikvm: GC_CONCURRENT freed 2046K, 24% free 19627K/25735K, paused 4ms+12ms
06-20 14:08:51.837   569  3460 I DownloadManager: Initiating request for download 91
06-20 14:08:52.372   152   621 D dalvikvm: GC_EXPLICIT freed 561K, 26% free 13180K/17735K, paused 21ms+8ms
06-20 14:08:52.884    82   123 D AudioHardware: AudioHardware pcm playback is going to standby.
06-20 14:08:52.884    82   123 D AudioHardware: closePcmOut_l() mPcmOpenCnt: 1
06-20 14:08:53.017    82   123 D AudioHardware: AudioHardware pcm playback is exiting standby.
06-20 14:08:53.017    82   123 D AudioHardware: openPcmOut_l() mPcmOpenCnt: 0
06-20 14:08:53.306  1165  1167 D dalvikvm: GC_CONCURRENT freed 693K, 19% free 20981K/25735K, paused 2ms+13ms
06-20 14:08:53.782  1457  1457 D wpa_supplicant: wpa_driver_wext_driver_cmd RSSI len = 248
06-20 14:08:53.782  1457  1457 D wpa_supplicant: wpa_driver_wext_driver_cmd UB_Secure rssi -90  len = 19, 19
06-20 14:08:53.782  1457  1457 D wpa_supplicant: wpa_driver_wext_driver_cmd LINKSPEED len = 248
06-20 14:08:53.782  1457  1457 D wpa_supplicant: wpa_driver_wext_driver_cmd LinkSpeed 19 len = 12, 12
06-20 14:08:53.915  1165  1167 D dalvikvm: GC_CONCURRENT freed 2365K, 20% free 20787K/25735K, paused 6ms+14ms
06-20 14:08:56.786  1457  1457 D wpa_supplicant: wpa_driver_wext_driver_cmd RSSI len = 248
06-20 14:08:56.884  1457  1457 D wpa_supplicant: wpa_driver_wext_driver_cmd UB_Secure rssi -85  len = 19, 19
06-20 14:08:56.884  1457  1457 D wpa_supplicant: wpa_driver_wext_driver_cmd LINKSPEED len = 248
06-20 14:08:56.892  1457  1457 D wpa_supplicant: wpa_driver_wext_driver_cmd LinkSpeed 19 len = 12, 12
06-20 14:08:57.142   569   570 D dalvikvm: GC_CONCURRENT freed 378K, 7% free 9535K/10183K, paused 3ms+4ms
06-20 14:08:58.032    82   123 D AudioHardware: AudioHardware pcm playback is going to standby.
06-20 14:08:58.032    82   123 D AudioHardware: closePcmOut_l() mPcmOpenCnt: 1
06-20 14:08:58.669  1165  1167 D dalvikvm: GC_CONCURRENT freed 2638K, 22% free 20128K/25735K, paused 3ms+27ms
06-20 14:08:59.446  1457  1457 D wpa_supplicant: RTM_NEWLINK: operstate=1 ifi_flags=0x11043 ([UP][RUNNING][LOWER_UP])
06-20 14:08:59.446  1457  1457 D wpa_supplicant: RTM_NEWLINK, IFLA_IFNAME: Interface 'wlan0' added
06-20 14:08:59.446  1457  1457 D wpa_supplicant: Wireless event: cmd=0x8c09 len=32
06-20 14:08:59.446  1457  1457 D wpa_supplicant: PMKID candidate wireless event: flags=0x0 index=0 bssid=d0:c2:82:2d:e5:b0
06-20 14:08:59.446  1457  1457 D wpa_supplicant: RSN: Ignored PMKID candidate without preauth flag
06-20 14:08:59.446  1457  1457 D wpa_supplicant: RTM_NEWLINK: operstate=1 ifi_flags=0x11043 ([UP][RUNNING][LOWER_UP])
06-20 14:08:59.446  1457  1457 D wpa_supplicant: RTM_NEWLINK, IFLA_IFNAME: Interface 'wlan0' added
06-20 14:08:59.446  1457  1457 D wpa_supplicant: Wireless event: cmd=0x8c09 len=32
06-20 14:08:59.446  1457  1457 D wpa_supplicant: PMKID candidate wireless event: flags=0x0 index=0 bssid=d0:c2:82:67:e7:60
06-20 14:08:59.446  1457  1457 D wpa_supplicant: RSN: Ignored PMKID candidate without preauth flag
06-20 14:08:59.900  1457  1457 D wpa_supplicant: wpa_driver_wext_driver_cmd RSSI len = 248
06-20 14:08:59.911  1457  1457 D wpa_supplicant: wpa_driver_wext_driver_cmd UB_Secure rssi -90  len = 19, 19
06-20 14:08:59.911  1457  1457 D wpa_supplicant: wpa_driver_wext_driver_cmd LINKSPEED len = 248
06-20 14:08:59.915  1457  1457 D wpa_supplicant: wpa_driver_wext_driver_cmd LinkSpeed 19 len = 12, 12
06-20 14:09:02.919  1457  1457 D wpa_supplicant: wpa_driver_wext_driver_cmd RSSI len = 248
06-20 14:09:02.919  1457  1457 D wpa_supplicant: wpa_driver_wext_driver_cmd UB_Secure rssi -86  len = 19, 19
06-20 14:09:02.919  1457  1457 D wpa_supplicant: wpa_driver_wext_driver_cmd LINKSPEED len = 248
06-20 14:09:02.919  1457  1457 D wpa_supplicant: wpa_driver_wext_driver_cmd LinkSpeed 13 len = 12, 12
06-20 14:09:05.571  1457  1457 D wpa_supplicant: RTM_NEWLINK: operstate=1 ifi_flags=0x11043 ([UP][RUNNING][LOWER_UP])
06-20 14:09:05.571  1457  1457 D wpa_supplicant: RTM_NEWLINK, IFLA_IFNAME: Interface 'wlan0' added
06-20 14:09:05.571  1457  1457 D wpa_supplicant: Wireless event: cmd=0x8c00 len=20
06-20 14:09:05.669  1457  1457 D wpa_supplicant: RTM_NEWLINK: operstate=1 ifi_flags=0x11043 ([UP][RUNNING][LOWER_UP])
06-20 14:09:05.669  1457  1457 D wpa_supplicant: RTM_NEWLINK, IFLA_IFNAME: Interface 'wlan0' added
06-20 14:09:05.669  1457  1457 D wpa_supplicant: Wireless event: cmd=0x8c00 len=20
06-20 14:09:05.923  1457  1457 D wpa_supplicant: wpa_driver_wext_driver_cmd RSSI len = 248
06-20 14:09:06.013  1457  1457 D wpa_supplicant: wpa_driver_wext_driver_cmd UB_Secure rssi -86  len = 19, 19
06-20 14:09:06.013  1457  1457 D wpa_supplicant: wpa_driver_wext_driver_cmd LINKSPEED len = 248
06-20 14:09:06.333  1457  1457 D wpa_supplicant: wpa_driver_wext_driver_cmd LinkSpeed 19 len = 12, 12
06-20 14:09:06.845  1165  1167 D dalvikvm: GC_CONCURRENT freed 1791K, 22% free 20321K/25735K, paused 2ms+16ms
06-20 14:09:07.017   618   618 D OpenGLRenderer: Flushing caches (mode 1)
06-20 14:09:07.107  1457  1457 D wpa_supplicant: RTM_NEWLINK: operstate=1 ifi_flags=0x11043 ([UP][RUNNING][LOWER_UP])
06-20 14:09:07.107  1457  1457 D wpa_supplicant: RTM_NEWLINK, IFLA_IFNAME: Interface 'wlan0' added
06-20 14:09:07.107  1457  1457 D wpa_supplicant: Wireless event: cmd=0x8c00 len=20
06-20 14:09:07.485  1457  1457 D wpa_supplicant: RTM_NEWLINK: operstate=1 ifi_flags=0x11043 ([UP][RUNNING][LOWER_UP])
06-20 14:09:07.485  1457  1457 D wpa_supplicant: RTM_NEWLINK, IFLA_IFNAME: Interface 'wlan0' added
06-20 14:09:07.485  1457  1457 D wpa_supplicant: Wireless event: cmd=0x8c00 len=20
06-20 14:09:08.485   618   618 D OpenGLRenderer: Flushing caches (mode 1)
06-20 14:09:08.591   152   155 D dalvikvm: GC_CONCURRENT freed 1002K, 26% free 13144K/17735K, paused 4ms+12ms
06-20 14:09:08.880  1457  1457 D wpa_supplicant: RTM_NEWLINK: operstate=1 ifi_flags=0x11043 ([UP][RUNNING][LOWER_UP])
06-20 14:09:08.880  1457  1457 D wpa_supplicant: RTM_NEWLINK, IFLA_IFNAME: Interface 'wlan0' added
06-20 14:09:08.880  1457  1457 D wpa_supplicant: Wireless event: cmd=0x8c00 len=20
06-20 14:09:08.954  1165  1165 D Finsky  : [1] 5.onFinished: Installation state replication succeeded.
06-20 14:09:09.204   569  3460 I qtaguid : Failed write_ctrl(u 80) res=-1 errno=22
06-20 14:09:09.204   569  3460 I qtaguid : Untagging socket 80 failed errno=-22
06-20 14:09:09.204   569  3460 W NetworkManagementSocketTagger: untagSocket(80) failed with errno -22
06-20 14:09:09.325  1165  1165 D Finsky  : [1] DownloadQueueImpl.notifyProgress: com.groupon: onProgress 8620417/8620417 Status: 200.
06-20 14:09:09.341  1457  1457 D wpa_supplicant: wpa_driver_wext_driver_cmd RSSI len = 248
06-20 14:09:09.345  1457  1457 D wpa_supplicant: wpa_driver_wext_driver_cmd UB_Secure rssi -89  len = 19, 19
06-20 14:09:09.345  1457  1457 D wpa_supplicant: wpa_driver_wext_driver_cmd LINKSPEED len = 248
06-20 14:09:09.345  1457  1457 D wpa_supplicant: wpa_driver_wext_driver_cmd LinkSpeed 5 len = 11, 11
06-20 14:09:09.353  1165  1165 D Finsky  : [1] DownloadBroadcastReceiver.onReceive: Intent received at DownloadBroadcastReceiver
06-20 14:09:09.376  1165  1165 D Finsky  : [1] DownloadImpl.setState: com.groupon from DOWNLOADING to SUCCESS.
06-20 14:09:09.376  1165  1165 D Finsky  : [1] DownloadQueueImpl.onComplete: com.groupon: onComplete
06-20 14:09:09.380  1165  1165 D Finsky  : [1] DownloadQueueImpl.remove: Download com.groupon removed from DownloadQueue
06-20 14:09:09.384  1165  1165 D Finsky  : [1] SelfUpdateScheduler.onComplete: Self-update ignoring completed download com.groupon
06-20 14:09:09.384    84    84 I installd: free_cache(0) avail 865349632
06-20 14:09:09.642   389   389 D dalvikvm: GC_FOR_ALLOC freed 334K, 8% free 11530K/12423K, paused 50ms
06-20 14:09:11.017   389   389 D dalvikvm: GC_EXPLICIT freed 467K, 8% free 11522K/12423K, paused 15ms+7ms
06-20 14:09:11.396   389   389 D dalvikvm: GC_FOR_ALLOC freed 485K, 7% free 11562K/12423K, paused 48ms
06-20 14:09:11.485   152   172 W ActivityManager: No content provider found for permission revoke: file:///data/data/com.android.providers.downloads/cache/downloadfile-6.apk
06-20 14:09:11.896   152   172 W ActivityManager: No content provider found for permission revoke: file:///data/data/com.android.providers.downloads/cache/downloadfile-6.apk
06-20 14:09:12.349  1457  1457 D wpa_supplicant: wpa_driver_wext_driver_cmd RSSI len = 248
06-20 14:09:12.349  1457  1457 D wpa_supplicant: wpa_driver_wext_driver_cmd UB_Secure rssi -89  len = 19, 19
06-20 14:09:12.349  1457  1457 D wpa_supplicant: wpa_driver_wext_driver_cmd LINKSPEED len = 248
06-20 14:09:12.349  1457  1457 D wpa_supplicant: wpa_driver_wext_driver_cmd LinkSpeed 5 len = 11, 11
06-20 14:09:12.380   152   155 D dalvikvm: GC_CONCURRENT freed 475K, 23% free 13701K/17735K, paused 3ms+14ms
06-20 14:09:12.845   152   155 D dalvikvm: GC_CONCURRENT freed 701K, 21% free 14071K/17735K, paused 3ms+6ms
06-20 14:09:13.212   152   155 D dalvikvm: GC_CONCURRENT freed 460K, 17% free 14784K/17735K, paused 3ms+6ms
06-20 14:09:13.403   152   155 D dalvikvm: GC_CONCURRENT freed 1405K, 17% free 14742K/17735K, paused 2ms+5ms
06-20 14:09:13.575   152   155 D dalvikvm: GC_CONCURRENT freed 1344K, 17% free 14756K/17735K, paused 2ms+6ms
06-20 14:09:13.763   152   155 D dalvikvm: GC_CONCURRENT freed 1352K, 17% free 14786K/17735K, paused 3ms+6ms
06-20 14:09:13.978   152   155 D dalvikvm: GC_CONCURRENT freed 1366K, 17% free 14778K/17735K, paused 2ms+6ms
06-20 14:09:14.192   152   155 D dalvikvm: GC_CONCURRENT freed 1373K, 17% free 14772K/17735K, paused 3ms+12ms
06-20 14:09:14.423   152   155 D dalvikvm: GC_CONCURRENT freed 1345K, 17% free 14782K/17735K, paused 3ms+6ms
06-20 14:09:14.626   152   155 D dalvikvm: GC_CONCURRENT freed 1341K, 17% free 14799K/17735K, paused 3ms+5ms
06-20 14:09:14.798   152   155 D dalvikvm: GC_CONCURRENT freed 1359K, 17% free 14818K/17735K, paused 3ms+6ms
06-20 14:09:15.103   152   172 I PackageManager: Running dexopt on: com.groupon
06-20 14:09:15.384  1457  1457 D wpa_supplicant: wpa_driver_wext_driver_cmd RSSI len = 248
06-20 14:09:15.388  1457  1457 D wpa_supplicant: wpa_driver_wext_driver_cmd UB_Secure rssi -91  len = 19, 19
06-20 14:09:15.388  1457  1457 D wpa_supplicant: wpa_driver_wext_driver_cmd LINKSPEED len = 248
06-20 14:09:15.388  1457  1457 D wpa_supplicant: wpa_driver_wext_driver_cmd LinkSpeed 5 len = 11, 11
06-20 14:09:16.607    82   123 D AudioHardware: AudioHardware pcm playback is exiting standby.
06-20 14:09:16.607    82   123 D AudioHardware: openPcmOut_l() mPcmOpenCnt: 0
06-20 14:09:16.759  1165  1186 D dalvikvm: JIT code cache reset in 6 ms (1048372 bytes 2/0)
06-20 14:09:16.782  1165  1186 D dalvikvm: GC_FOR_ALLOC freed 2309K, 24% free 19769K/25735K, paused 107ms
06-20 14:09:18.392  1457  1457 D wpa_supplicant: wpa_driver_wext_driver_cmd RSSI len = 248
06-20 14:09:18.392  1457  1457 D wpa_supplicant: wpa_driver_wext_driver_cmd UB_Secure rssi -90  len = 19, 19
06-20 14:09:18.392  1457  1457 D wpa_supplicant: wpa_driver_wext_driver_cmd LINKSPEED len = 248
06-20 14:09:18.392  1457  1457 D wpa_supplicant: wpa_driver_wext_driver_cmd LinkSpeed 5 len = 11, 11
06-20 14:09:19.107  1165  1186 D dalvikvm: GC_FOR_ALLOC freed 4821K, 35% free 16824K/25735K, paused 110ms
06-20 14:09:19.450  1165  1186 D dalvikvm: GC_FOR_ALLOC freed 603K, 30% free 18067K/25735K, paused 90ms
06-20 14:09:19.751  1165  1186 D dalvikvm: GC_FOR_ALLOC freed 897K, 27% free 18800K/25735K, paused 86ms
06-20 14:09:20.075  1165  1167 D dalvikvm: GC_CONCURRENT freed 210K, 20% free 20635K/25735K, paused 2ms+11ms
06-20 14:09:20.130  1165  1186 D dalvikvm: GC_FOR_ALLOC freed 75K, 21% free 20560K/25735K, paused 55ms
06-20 14:09:20.130  1165  1186 I dalvikvm-heap: Grow heap (frag case) to 20.650MB for 522256-byte allocation
06-20 14:09:20.228  1165  1165 D dalvikvm: GC_FOR_ALLOC freed <1K, 20% free 21070K/26247K, paused 80ms
06-20 14:09:21.396  1457  1457 D wpa_supplicant: wpa_driver_wext_driver_cmd RSSI len = 248
06-20 14:09:21.396  1457  1457 D wpa_supplicant: wpa_driver_wext_driver_cmd UB_Secure rssi -90  len = 19, 19
06-20 14:09:21.396  1457  1457 D wpa_supplicant: wpa_driver_wext_driver_cmd LINKSPEED len = 248
06-20 14:09:21.396  1457  1457 D wpa_supplicant: wpa_driver_wext_driver_cmd LinkSpeed 5 len = 11, 11
06-20 14:09:21.915   152   168 I Process : Sending signal. PID: 1676 SIG: 3
06-20 14:09:21.919  1676  1681 I dalvikvm: threadid=3: reacting to signal 3
06-20 14:09:21.970  3481  3481 D dalvikvm: DexOpt: load 1686ms, verify+opt 4575ms
06-20 14:09:21.978    82   123 D AudioHardware: AudioHardware pcm playback is going to standby.
06-20 14:09:21.978    82   123 D AudioHardware: closePcmOut_l() mPcmOpenCnt: 1
06-20 14:09:22.001  1676  1681 I dalvikvm: Wrote stack traces to '/data/anr/traces.txt'
06-20 14:09:22.040  1676  1678 D dalvikvm: GC_CONCURRENT freed 822K, 40% free 12400K/20487K, paused 4ms+4ms
06-20 14:09:22.189   152   169 I ActivityManager: Force stopping package com.groupon uid=10061
06-20 14:09:22.368  1165  1165 D OpenGLRenderer: Flushing caches (mode 0)
06-20 14:09:22.716   152   172 D PackageManager: New package installed in /data/app/com.groupon-1.apk
06-20 14:09:22.720   152   172 W PackageManager: Unknown permission com.android.vending.permission.UPDATE_MARKET_FAILURE in package com.android.vending.updater
06-20 14:09:22.720   152   172 W PackageManager: Unknown permission android.permission.ADD_SYSTEM_SERVICE in package com.android.phone
06-20 14:09:22.724   152   172 W PackageManager: Unknown permission com.google.android.apps.googlevoice.permission.AUTO_SEND in package com.google.android.voicesearch
06-20 14:09:22.724   152   172 W PackageManager: Unknown permission com.android.vending.billing.IBillingAccountService.BIND2 in package com.google.android.gsf.login
06-20 14:09:22.724   152   172 W PackageManager: Not granting permission android.permission.SEND_DOWNLOAD_COMPLETED_INTENTS to package com.android.browser (protectionLevel=2 flags=0x9be45)
06-20 14:09:22.735   152   172 W PackageManager: Unknown permission android.permission.READ_OWNER_DATA in package com.google.android.setupwizard
06-20 14:09:22.735   152   172 W PackageManager: Unknown permission android.permission.WRITE_OWNER_DATA in package com.google.android.setupwizard
06-20 14:09:22.739   152   172 W PackageManager: Unknown permission android.permission.WRITE_CDMA_CARRIER_SETTINGS in package com.android.sprintmenu
06-20 14:09:22.739   152   172 W PackageManager: Unknown permission android.permission.CHANGE_DUN_STATE in package com.android.sprintmenu
06-20 14:09:22.739   152   172 W PackageManager: Unknown permission android.permission.READ_EXTERNAL_STORAGE in package com.android.videoeditor
06-20 14:09:22.743   152   172 W PackageManager: Unknown permission android.permission.READ_EXTERNAL_STORAGE in package com.android.vending
06-20 14:09:22.743   152   172 W PackageManager: Not granting permission android.permission.ACCOUNT_MANAGER to package com.google.android.music (protectionLevel=2 flags=0x8be64)
06-20 14:09:22.755   152   172 W PackageManager: Unknown permission com.sprint.internal.permission.CONNECTIONMANAGER in package com.samsung.update
06-20 14:09:22.755   152   172 W PackageManager: Unknown permission com.sprint.internal.permission.SYSTEMPROPERTIES in package com.samsung.update
06-20 14:09:22.786   152   172 W PackageManager: Unknown permission com.sprint.internal.permission.SYSTEMPROPERTIES_WRITE in package com.samsung.update
06-20 14:09:22.786   152   172 W PackageManager: Not granting permission android.permission.GLOBAL_SEARCH to package com.mint (protectionLevel=3 flags=0x20be46)
06-20 14:09:22.810  1676  1678 D dalvikvm: GC_CONCURRENT freed 636K, 38% free 12780K/20487K, paused 7ms+8ms
06-20 14:09:22.817   152   172 W PackageManager: Not granting permission android.permission.DEVICE_POWER to package com.android.deskclock (protectionLevel=2 flags=0x8be45)
06-20 14:09:22.821   152   172 W PackageManager: Unknown permission android.permission.FLAG_RECEIVER_REGISTERED_ONLY_BEFORE_BOOT in package com.samsung.wimax
06-20 14:09:22.864  1676  1707 D dalvikvm: GC_FOR_ALLOC freed 27K, 34% free 13657K/20487K, paused 31ms
06-20 14:09:22.927  1165  1165 D OpenGLRenderer: Flushing caches (mode 1)
06-20 14:09:23.028  1676  1678 D dalvikvm: GC_CONCURRENT freed 908K, 31% free 14226K/20487K, paused 2ms+4ms
06-20 14:09:23.185   152   155 D dalvikvm: GC_CONCURRENT freed 1305K, 17% free 14859K/17735K, paused 3ms+21ms
06-20 14:09:23.298   486   486 I RegisteredComponentCache: ComponentInfo: ResolveInfo{41338cd0 com.android.apps.tag.TagViewer p=0 o=0 m=0x108000}, techs: android.nfc.tech.Ndef, 
06-20 14:09:23.325   152   168 D PackageManager: generateServicesMap(android.accounts.AccountAuthenticator): 3 services unchanged
06-20 14:09:23.474  1141  1144 D dalvikvm: GC_CONCURRENT freed 455K, 7% free 9414K/10119K, paused 23ms+4ms
06-20 14:09:23.505   152   168 D PackageManager: generateServicesMap(android.content.SyncAdapter): 11 services unchanged
06-20 14:09:23.521   152   168 W ResourceType: Failure getting entry for 0x7f060000 (t=5 e=0) in package 0 (error -75)
06-20 14:09:23.610   152   168 D BackupManagerService: Received broadcast Intent { act=android.intent.action.PACKAGE_ADDED dat=package:com.groupon flg=0x10000010 (has extras) }
06-20 14:09:23.786   152   168 V BackupManagerService: addPackageParticipantsLocked: #1
06-20 14:09:24.005   152   172 D dalvikvm: GC_EXPLICIT freed 2293K, 26% free 13251K/17735K, paused 16ms+10ms
06-20 14:09:24.048  1165  1560 D Finsky  : [145] 1.packageInstalled: Package install status for "com.groupon" is 1
06-20 14:09:24.255  1676  1683 I dalvikvm: Jit: resizing JitTable from 4096 to 8192
06-20 14:09:24.400  1457  1457 D wpa_supplicant: wpa_driver_wext_driver_cmd RSSI len = 248
06-20 14:09:24.400  1457  1457 D wpa_supplicant: wpa_driver_wext_driver_cmd UB_Secure rssi -92  len = 19, 19
06-20 14:09:24.400  1457  1457 D wpa_supplicant: wpa_driver_wext_driver_cmd LINKSPEED len = 248
06-20 14:09:24.400  1457  1457 D wpa_supplicant: wpa_driver_wext_driver_cmd LinkSpeed 5 len = 11, 11
06-20 14:09:24.419  1676  1690 D dalvikvm: GC_FOR_ALLOC freed 2750K, 38% free 12899K/20487K, paused 78ms
06-20 14:09:24.650  1676  1732 D dalvikvm: GC_FOR_ALLOC freed 281K, 33% free 13730K/20487K, paused 36ms
06-20 14:09:24.763  1676  1732 D dalvikvm: GC_FOR_ALLOC freed 1247K, 36% free 13113K/20487K, paused 38ms
06-20 14:09:24.833  1676  1678 D dalvikvm: GC_CONCURRENT freed 4K, 30% free 14369K/20487K, paused 3ms+5ms
06-20 14:09:25.208   601   605 D dalvikvm: GC_CONCURRENT freed 406K, 11% free 9887K/11015K, paused 7ms+10ms
06-20 14:09:26.392  1079  1337 I PhoneLab-: Service Running
06-20 14:09:26.509  1079  1337 I PhoneLab-LoggerService: app_37    1341  1079  1816   1372  c00f181c 400107b4 S logcat
06-20 14:09:26.513  1079  1337 I PhoneLab-LoggerService: Logcat pid from database 1341
06-20 14:09:26.513  1079  1337 I PhoneLab-LoggerService: Logcat process found 1341
06-20 14:09:26.513  1079  1337 I PhoneLab-LoggerService: Checking Threshold
06-20 14:09:27.403  1457  1457 D wpa_supplicant: wpa_driver_wext_driver_cmd RSSI len = 248
06-20 14:09:27.403  1457  1457 D wpa_supplicant: wpa_driver_wext_driver_cmd UB_Secure rssi -88  len = 19, 19
06-20 14:09:27.403  1457  1457 D wpa_supplicant: wpa_driver_wext_driver_cmd LINKSPEED len = 248
06-20 14:09:27.403  1457  1457 D wpa_supplicant: wpa_driver_wext_driver_cmd LinkSpeed 5 len = 11, 11
06-20 14:09:29.767  1457  1457 D wpa_supplicant: RTM_NEWLINK: operstate=1 ifi_flags=0x11043 ([UP][RUNNING][LOWER_UP])
06-20 14:09:29.767  1457  1457 D wpa_supplicant: RTM_NEWLINK, IFLA_IFNAME: Interface 'wlan0' added
06-20 14:09:29.767  1457  1457 D wpa_supplicant: Wireless event: cmd=0x8c09 len=32
06-20 14:09:29.767  1457  1457 D wpa_supplicant: PMKID candidate wireless event: flags=0x0 index=0 bssid=d0:c2:82:2d:e5:b0
06-20 14:09:29.786  1457  1457 D wpa_supplicant: RSN: Ignored PMKID candidate without preauth flag
06-20 14:09:29.790  1457  1457 D wpa_supplicant: RTM_NEWLINK: operstate=1 ifi_flags=0x11043 ([UP][RUNNING][LOWER_UP])
06-20 14:09:29.790  1457  1457 D wpa_supplicant: RTM_NEWLINK, IFLA_IFNAME: Interface 'wlan0' added
06-20 14:09:29.790  1457  1457 D wpa_supplicant: Wireless event: cmd=0x8c09 len=32
06-20 14:09:29.790  1457  1457 D wpa_supplicant: PMKID candidate wireless event: flags=0x0 index=0 bssid=d0:c2:82:67:e7:60
06-20 14:09:29.790  1457  1457 D wpa_supplicant: RSN: Ignored PMKID candidate without preauth flag
06-20 14:09:29.892   152   617 I ActivityManager: START {act=android.intent.action.MAIN cat=[android.intent.category.LAUNCHER] flg=0x10000000 pkg=com.google.android.music cmp=com.google.android.music/com.android.music.activitymanagement.TopLevelActivity bnds=[360,103][480,253]} from pid 1676
06-20 14:09:29.915    82   123 D AudioHardware: AudioHardware pcm playback is exiting standby.
06-20 14:09:29.915    82   123 D AudioHardware: openPcmOut_l() mPcmOpenCnt: 0
06-20 14:09:30.110   152   489 I ActivityManager: Start proc com.google.android.music:ui for activity com.google.android.music/com.android.music.activitymanagement.TopLevelActivity: pid=3492 uid=10055 gids={3003, 1015}
06-20 14:09:30.239  1676  1676 D OpenGLRenderer: Flushing caches (mode 1)
06-20 14:09:30.407  1457  1457 D wpa_supplicant: wpa_driver_wext_driver_cmd RSSI len = 248
06-20 14:09:30.407  1457  1457 D wpa_supplicant: wpa_driver_wext_driver_cmd UB_Secure rssi -88  len = 19, 19
06-20 14:09:30.407  1457  1457 D wpa_supplicant: wpa_driver_wext_driver_cmd LINKSPEED len = 248
06-20 14:09:30.407  1457  1457 D wpa_supplicant: wpa_driver_wext_driver_cmd LinkSpeed 5 len = 11, 11
06-20 14:09:30.462  3492  3493 D dalvikvm: GC_CONCURRENT freed 166K, 3% free 9370K/9607K, paused 31ms+3ms
06-20 14:09:30.505   389   397 I dalvikvm: Jit: resizing JitTable from 4096 to 8192
06-20 14:09:30.544  1676  1676 D OpenGLRenderer: Flushing caches (mode 0)
06-20 14:09:30.692  3492  3492 I AsyncCursor1:1: Initialized for content://com.google.android.music.MusicContent/playlists, proj:_id#name, sel: 'null', args: null, order: null
06-20 14:09:30.708   152   168 I Process : Sending signal. PID: 3492 SIG: 3
06-20 14:09:30.708  3492  3497 I dalvikvm: threadid=3: reacting to signal 3
06-20 14:09:30.755  3492  3497 I dalvikvm: Wrote stack traces to '/data/anr/traces.txt'
06-20 14:09:30.806   152   608 I ActivityManager: Start proc com.google.android.music:main for content provider com.google.android.music/.store.MusicContentProvider: pid=3509 uid=10055 gids={3003, 1015}
06-20 14:09:30.817  3492  3492 I TopLevelActivity: Restoring savedState: null
06-20 14:09:31.040  3492  3493 D dalvikvm: GC_CONCURRENT freed 141K, 3% free 9749K/9991K, paused 3ms+7ms
06-20 14:09:31.079  3509  3511 D dalvikvm: GC_CONCURRENT freed 169K, 3% free 9368K/9607K, paused 3ms+3ms
06-20 14:09:31.150  3509  3509 I ActivityThread: Pub com.google.android.music.MusicContent: com.google.android.music.store.MusicContentProvider
06-20 14:09:31.208   152   168 I Process : Sending signal. PID: 3492 SIG: 3
06-20 14:09:31.208  3492  3497 I dalvikvm: threadid=3: reacting to signal 3
06-20 14:09:31.216  3509  3509 I MusicStore: Database version: 37
06-20 14:09:31.232  3492  3497 I dalvikvm: Wrote stack traces to '/data/anr/traces.txt'
06-20 14:09:31.259  3509  3509 I AsyncCursor1:1: Initialized for content://com.google.android.music.MusicContent/playlists, proj:_id#name, sel: 'null', args: null, order: null
06-20 14:09:31.345  3492  3493 D dalvikvm: GC_CONCURRENT freed 61K, 2% free 10196K/10375K, paused 12ms+3ms
06-20 14:09:31.364  3509  3511 D dalvikvm: GC_CONCURRENT freed 189K, 3% free 9657K/9927K, paused 2ms+5ms
06-20 14:09:31.446  3492  3492 D TopLevelActivity: Using 3D on phone in landscape...
06-20 14:09:31.446  3492  3492 D TopLevelActivity: initialize Intent { act=android.intent.action.MAIN cat=[android.intent.category.LAUNCHER] flg=0x10000000 pkg=com.google.android.music cmp=com.google.android.music/com.android.music.activitymanagement.TopLevelActivity bnds=[360,103][480,253] } allowPlayback: true orientationChange: false
06-20 14:09:31.446  3492  3492 D MusicStateStack: New MusicStateStack
06-20 14:09:31.454  3492  3492 D TopLevelActivity: action android.intent.action.MAIN
06-20 14:09:31.497  3492  3492 D MusicStateStack: Pushed new state MusicState { intent=Intent { flg=0x4000000 cmp=com.google.android.music/.TabbedLists } clear_top=true single_top=false }
06-20 14:09:31.497  3492  3492 D MusicStateStack:   0:MusicState { intent=Intent { flg=0x4000000 cmp=com.google.android.music/.TabbedLists } clear_top=true single_top=false }
06-20 14:09:31.521  3492  3492 D TabbedLists: onCreate()...
06-20 14:09:31.571  3509  3526 D MusicStore: Disabled WAL
06-20 14:09:31.571  3509  3526 D MusicStore: Database opened
06-20 14:09:31.599  3492  3492 W MusicState: Unknown intent: Intent {  }
06-20 14:09:31.603   152   593 D SyncManager: setSyncAutomatically: , provider com.google.android.music.MusicContent -> false
06-20 14:09:31.603   152   593 D SyncManager: setSyncAutomatically: already set to false, doing nothing
06-20 14:09:31.603   152   152 D SyncManager: setIsSyncable: Account {name=ubphlab@gmail.com, type=com.google}, provider com.google.android.music.MusicContent -> 0
06-20 14:09:31.603   152   152 D SyncManager: setIsSyncable: already set to 0, doing nothing
06-20 14:09:31.603   152   374 D SyncManager: setSyncAutomatically: , provider com.google.android.music.MusicContent -> false
06-20 14:09:31.603   152   374 D SyncManager: setSyncAutomatically: already set to false, doing nothing
06-20 14:09:31.603   152   621 D SyncManager: setIsSyncable: Account {name=anandatirtha@gmail.com, type=com.google}, provider com.google.android.music.MusicContent -> 0
06-20 14:09:31.603   152   621 D SyncManager: setIsSyncable: already set to 0, doing nothing
06-20 14:09:31.689  3492  3493 D dalvikvm: GC_CONCURRENT freed 75K, 2% free 10625K/10823K, paused 4ms+9ms
06-20 14:09:31.708   152   168 I Process : Sending signal. PID: 3492 SIG: 3
06-20 14:09:31.708  3492  3497 I dalvikvm: threadid=3: reacting to signal 3
06-20 14:09:31.728  3492  3497 I dalvikvm: Wrote stack traces to '/data/anr/traces.txt'
06-20 14:09:31.735  3492  3492 I AsyncCursor2:1: Initialized for content://com.google.android.music.MusicContent/Recent, proj:_id#RecentAlbumId#album_name#album_artist_id#album_artist#RecentListId#list_name#ListType#hasLocal#hasRemote#KeepOnId, sel: 'null', args: null, order: null
06-20 14:09:31.767  3509  3509 I MusicDL : DownloadManager binded via: Intent { cmp=com.google.android.music/.dl.DownloadManager$DownloadManagerService }
06-20 14:09:31.771  3492  3492 D ArtistAlbumBrowser: onCreate: intent = Intent {  }
06-20 14:09:31.771  3492  3492 D ArtistAlbumBrowser:   - extras: null
06-20 14:09:31.771  3492  3492 D ArtistAlbumBrowser: Got artist / album from launchIntent: -1 / -1
06-20 14:09:31.782  3492  3492 I AsyncCursor3:1: Initialized for content://com.google.android.music.MusicContent/artists, proj:_id#artist#KeepOnId#hasLocal#hasRemote, sel: 'null', args: null, order: null
06-20 14:09:31.790  3492  3492 D AlbumBrowser: onCreate: intent = Intent {  }
06-20 14:09:31.790  3492  3492 D AlbumBrowser:   - extras: null
06-20 14:09:31.790  3492  3492 D AlbumBrowser: Got artist / album from launch intent: -1 / -1
06-20 14:09:31.798  3492  3492 I AsyncCursor4:1: Initialized for content://com.google.android.music.MusicContent/album, proj:_id#album#artist#artist_id#KeepOnId#hasLocal#hasRemote, sel: 'null', args: null, order: null
06-20 14:09:31.802  3492  3492 D TrackBrowser: onCreate()...
06-20 14:09:31.806  3492  3492 D TrackBrowser: initializeState()...MusicState { intent=Intent {  } clear_top=false single_top=false }
06-20 14:09:31.817  3492  3492 I AsyncCursor5:1: Initialized for content://com.google.android.music.MusicContent/audio, proj:_id#title#album#artist#AlbumArtistId#duration#album_id#hasRemote#hasLocal#year#Genre#StoreId, sel: 'null', args: null, order: null
06-20 14:09:31.821  3492  3492 D TrackBrowser: init()...
06-20 14:09:31.841  3509  3509 I NetworkMonitor: Network Type: 1 isConnected: true
06-20 14:09:31.841  3492  3492 I AsyncCursor6:1: Initialized for content://com.google.android.music.MusicContent/genres, proj:_id#name#hasLocal#hasRemote, sel: 'null', args: null, order: null
06-20 14:09:31.845  3492  3492 D GenreAlbumBrowser: Got Genre / album from launchIntent: -1
06-20 14:09:31.872  3509  3509 I NetworkMonitor: Network changed: type(1) name(WIFI) isConnected : true noData: false bitrate:512
06-20 14:09:31.896  3492  3492 D TopLevelActivity: onResume
06-20 14:09:31.896  3492  3492 D TabbedLists: onResume()...
06-20 14:09:31.896  3492  3492 D TrackBrowser: onResume()...
06-20 14:09:31.896  3492  3492 D TrackBrowser: - onResume: refreshed mIsNowPlaying: false
06-20 14:09:31.946   152   484 D SyncManager: setSyncAutomatically: , provider com.google.android.music.MusicContent -> false
06-20 14:09:31.946   152   484 D SyncManager: setSyncAutomatically: already set to false, doing nothing
06-20 14:09:31.946   152   593 D SyncManager: setIsSyncable: Account {name=ubphlab@gmail.com, type=com.google}, provider com.google.android.music.MusicContent -> 0
06-20 14:09:31.946   152   593 D SyncManager: setIsSyncable: already set to 0, doing nothing
06-20 14:09:31.950   152   597 D SyncManager: setSyncAutomatically: , provider com.google.android.music.MusicContent -> false
06-20 14:09:31.950   152   597 D SyncManager: setSyncAutomatically: already set to false, doing nothing
06-20 14:09:31.950   152   374 D SyncManager: setIsSyncable: Account {name=anandatirtha@gmail.com, type=com.google}, provider com.google.android.music.MusicContent -> 0
06-20 14:09:31.950   152   374 D SyncManager: setIsSyncable: already set to 0, doing nothing
06-20 14:09:31.962  3509  3509 D MediaStoreImportService: onBind
06-20 14:09:31.974  3492  3541 I CheckMusicStoreAvail: Starting account signup check
06-20 14:09:31.974  3492  3492 D TopLevelActivity: onServiceConnected: ComponentInfo{com.google.android.music/com.google.android.music.MusicPlaybackService}
06-20 14:09:31.978  3509  3509 D MediaStoreImportService: Handle action: MediaStoreImportService.status
06-20 14:09:31.985   152   597 I AudioService:   Remote Control   registerMediaButtonIntent() for PendingIntent{418df0e0: PendingIntentRecord{418e3478 com.google.android.music broadcastIntent}}
06-20 14:09:31.993  3492  3492 D TrackBrowser: onServiceConnected()... name = ComponentInfo{com.google.android.music/com.google.android.music.MusicPlaybackService}
06-20 14:09:32.067  3492  3493 D dalvikvm: GC_CONCURRENT freed 131K, 3% free 10953K/11207K, paused 2ms+4ms
06-20 14:09:32.067  3509  3534 I MusicCache: Cached file or directory "/mnt/sdcard/Android/data/com.google.android.music/cache/music" does not exist.
06-20 14:09:32.087  3509  3534 I MusicCache: Cached file or directory "/data/data/com.google.android.music/cache/music" does not exist.
06-20 14:09:32.146  3492  3507 D MusicPreferences: New Active account: null
06-20 14:09:32.157  3492  3492 D libEGL  : loaded /system/lib/egl/libGLES_android.so
06-20 14:09:32.173  3492  3492 D libEGL  : loaded /vendor/lib/egl/libEGL_POWERVR_SGX540_120.so
06-20 14:09:32.200  3492  3492 D libEGL  : loaded /vendor/lib/egl/libGLESv1_CM_POWERVR_SGX540_120.so
06-20 14:09:32.204  3492  3492 D libEGL  : loaded /vendor/lib/egl/libGLESv2_POWERVR_SGX540_120.so
06-20 14:09:32.208   152   168 I Process : Sending signal. PID: 3492 SIG: 3
06-20 14:09:32.208  3492  3497 I dalvikvm: threadid=3: reacting to signal 3
06-20 14:09:32.224  3492  3497 I dalvikvm: Wrote stack traces to '/data/anr/traces.txt'
06-20 14:09:32.275  3509  3525 D MusicPreferences: New Active account: null
06-20 14:09:32.325  3492  3506 I AsyncCursor7:226: Initialized for content://com.google.android.music.MusicContent/playlists, proj:_id#name#ListType#KeepOnId#hasRemote#hasLocal, sel: '', args: null, order: null
06-20 14:09:32.388  3492  3492 D OpenGLRenderer: Enabling debug mode 0
06-20 14:09:32.704   152   201 I ActivityManager: Displayed com.google.android.music/com.android.music.activitymanagement.TopLevelActivity: +2s749ms
06-20 14:09:32.771  3509  3547 I MusicCache: Cached file or directory "/mnt/sdcard/Android/data/com.google.android.music/cache/music" does not exist.
06-20 14:09:32.771  3509  3547 I MusicCache: Cached file or directory "/data/data/com.google.android.music/cache/music" does not exist.
06-20 14:09:32.790  3509  3525 I NetworkMonitor: Connectivity status changed to (CONNTECTED) wifi: true mobile: falseethernet: false
06-20 14:09:32.821  3509  3525 I KeepOnScheduler: Predictive scheduler turned on
06-20 14:09:32.993  3509  3511 D dalvikvm: GC_CONCURRENT freed 299K, 5% free 9750K/10183K, paused 19ms+3ms
06-20 14:09:32.997  3509  3525 I MusicDL : Creating a new DownloadExecutor (was originally null)
06-20 14:09:33.005    82   123 D AudioHardware: AudioHardware pcm playback is going to standby.
06-20 14:09:33.005    82   123 D AudioHardware: closePcmOut_l() mPcmOpenCnt: 1
06-20 14:09:33.130   152   489 D dalvikvm: GC_EXPLICIT freed 385K, 25% free 13368K/17735K, paused 3ms+6ms
06-20 14:09:33.357  3509  3552 I MusicCache: Cached file or directory "/mnt/sdcard/Android/data/com.google.android.music/cache/music" does not exist.
06-20 14:09:33.360  3509  3525 I MusicDL : The download queue is empty.
06-20 14:09:33.360  3509  3552 I MusicCache: Cached file or directory "/data/data/com.google.android.music/cache/music" does not exist.
06-20 14:09:33.411  1457  1457 D wpa_supplicant: wpa_driver_wext_driver_cmd RSSI len = 248
06-20 14:09:33.411  1457  1457 D wpa_supplicant: wpa_driver_wext_driver_cmd UB_Secure rssi -88  len = 19, 19
06-20 14:09:33.411  1457  1457 D wpa_supplicant: wpa_driver_wext_driver_cmd LINKSPEED len = 248
06-20 14:09:33.411  1457  1457 D wpa_supplicant: wpa_driver_wext_driver_cmd LinkSpeed 5 len = 11, 11
06-20 14:09:33.415  3509  3525 I MusicDL : The download queue is empty.
06-20 14:09:33.771  3509  3540 I MediaStoreImporter: Update: full Added music: 0 Updated music: 0 Deleted music: 0 Created playlists: 0 Updated playlists: 0 Deleted playlists: 0 Inserted playlist items: 0 Deleted playlist items: 0 Removed orphaned playlist items: 0
06-20 14:09:36.415  1457  1457 D wpa_supplicant: wpa_driver_wext_driver_cmd RSSI len = 248
06-20 14:09:36.419  1457  1457 D wpa_supplicant: wpa_driver_wext_driver_cmd UB_Secure rssi -88  len = 19, 19
06-20 14:09:36.419  1457  1457 D wpa_supplicant: wpa_driver_wext_driver_cmd LINKSPEED len = 248
06-20 14:09:36.423  1457  1457 D wpa_supplicant: wpa_driver_wext_driver_cmd LinkSpeed 5 len = 11, 11
06-20 14:09:39.122   618   618 D OpenGLRenderer: Flushing caches (mode 1)
06-20 14:09:39.177   618   618 D OpenGLRenderer: Flushing caches (mode 1)
06-20 14:09:39.435  1457  1457 D wpa_supplicant: wpa_driver_wext_driver_cmd RSSI len = 248
06-20 14:09:39.435  1457  1457 D wpa_supplicant: wpa_driver_wext_driver_cmd UB_Secure rssi -88  len = 19, 19
06-20 14:09:39.439  1457  1457 D wpa_supplicant: wpa_driver_wext_driver_cmd LINKSPEED len = 248
06-20 14:09:39.439  1457  1457 D wpa_supplicant: wpa_driver_wext_driver_cmd LinkSpeed 5 len = 11, 11
06-20 14:09:39.888  1165  1165 D Finsky  : [1] 5.onFinished: Installation state replication succeeded.
06-20 14:09:42.130  3492  3541 I CheckMusicStoreAvail: store availability: true
06-20 14:09:42.142  1165  1165 D OpenGLRenderer: Flushing caches (mode 1)
06-20 14:09:42.157   152   487 I ActivityManager: START {flg=0x10000000 cmp=com.google.android.music/.tutorial.TutorialWelcomeActivity} from pid 3492
06-20 14:09:42.275  3492  3554 I CheckMusicStoreAvail: Starting account signup check
06-20 14:09:42.298  3509  3511 D dalvikvm: GC_CONCURRENT freed 243K, 4% free 9973K/10375K, paused 6ms+6ms
06-20 14:09:42.376  3509  3509 D libEGL  : loaded /system/lib/egl/libGLES_android.so
06-20 14:09:42.380  3509  3509 D libEGL  : loaded /vendor/lib/egl/libEGL_POWERVR_SGX540_120.so
06-20 14:09:42.384  3509  3509 D libEGL  : loaded /vendor/lib/egl/libGLESv1_CM_POWERVR_SGX540_120.so
06-20 14:09:42.388  3509  3509 D libEGL  : loaded /vendor/lib/egl/libGLESv2_POWERVR_SGX540_120.so
06-20 14:09:42.446  1457  1457 D wpa_supplicant: wpa_driver_wext_driver_cmd RSSI len = 248
06-20 14:09:42.446  1457  1457 D wpa_supplicant: wpa_driver_wext_driver_cmd UB_Secure rssi -89  len = 19, 19
06-20 14:09:42.446  1457  1457 D wpa_supplicant: wpa_driver_wext_driver_cmd LINKSPEED len = 248
06-20 14:09:42.446  1457  1457 D wpa_supplicant: wpa_driver_wext_driver_cmd LinkSpeed 5 len = 11, 11
06-20 14:09:42.446  3509  3509 D OpenGLRenderer: Enabling debug mode 0
06-20 14:09:42.552   152   201 I ActivityManager: Displayed com.google.android.music/.tutorial.TutorialWelcomeActivity: +356ms
06-20 14:09:42.560  3492  3492 D OpenGLRenderer: Flushing caches (mode 0)
06-20 14:09:42.579  3492  3492 D OpenGLRenderer: Flushing caches (mode 1)
06-20 14:09:45.450  1457  1457 D wpa_supplicant: wpa_driver_wext_driver_cmd RSSI len = 248
06-20 14:09:45.454  1457  1457 D wpa_supplicant: wpa_driver_wext_driver_cmd UB_Secure rssi -90  len = 19, 19
06-20 14:09:45.454  1457  1457 D wpa_supplicant: wpa_driver_wext_driver_cmd LINKSPEED len = 248
06-20 14:09:45.458  1457  1457 D wpa_supplicant: wpa_driver_wext_driver_cmd LinkSpeed 5 len = 11, 11
06-20 14:09:45.814    82   123 D AudioHardware: AudioHardware pcm playback is exiting standby.
06-20 14:09:45.814    82   123 D AudioHardware: openPcmOut_l() mPcmOpenCnt: 0
06-20 14:09:45.849   152   597 I ActivityManager: START {flg=0x4000000 cmp=com.google.android.music/.tutorial.TutorialSelectAccountActivity} from pid 3509
06-20 14:09:45.864   152   621 W ActivityManager: Duplicate finish request for ActivityRecord{4141c620 com.google.android.music/.tutorial.TutorialWelcomeActivity}
06-20 14:09:46.083   152   201 I ActivityManager: Displayed com.google.android.music/.tutorial.TutorialSelectAccountActivity: +145ms
06-20 14:09:46.107  3509  3509 D OpenGLRenderer: Flushing caches (mode 0)
06-20 14:09:46.357  3509  3509 W MusicPreferences: Could not find reference holding on to MusicPreferences: com.google.android.music.tutorial.TutorialWelcomeActivity@413d5538
06-20 14:09:46.357  3509  3509 W MusicPreferences: java.lang.Throwable
06-20 14:09:46.357  3509  3509 W MusicPreferences: 	at com.google.android.music.jumper.MusicPreferences.releaseMusicPreferences(MusicPreferences.java:962)
06-20 14:09:46.357  3509  3509 W MusicPreferences: 	at com.google.android.music.tutorial.TutorialWelcomeActivity.onDestroy(TutorialWelcomeActivity.java:49)
06-20 14:09:46.357  3509  3509 W MusicPreferences: 	at android.app.Activity.performDestroy(Activity.java:4629)
06-20 14:09:46.357  3509  3509 W MusicPreferences: 	at android.app.Instrumentation.callActivityOnDestroy(Instrumentation.java:1079)
06-20 14:09:46.357  3509  3509 W MusicPreferences: 	at android.app.ActivityThread.performDestroyActivity(ActivityThread.java:3099)
06-20 14:09:46.357  3509  3509 W MusicPreferences: 	at android.app.ActivityThread.handleDestroyActivity(ActivityThread.java:3130)
06-20 14:09:46.357  3509  3509 W MusicPreferences: 	at android.app.ActivityThread.access$1200(ActivityThread.java:123)
06-20 14:09:46.357  3509  3509 W MusicPreferences: 	at android.app.ActivityThread$H.handleMessage(ActivityThread.java:1180)
06-20 14:09:46.357  3509  3509 W MusicPreferences: 	at android.os.Handler.dispatchMessage(Handler.java:99)
06-20 14:09:46.357  3509  3509 W MusicPreferences: 	at android.os.Looper.loop(Looper.java:137)
06-20 14:09:46.357  3509  3509 W MusicPreferences: 	at android.app.ActivityThread.main(ActivityThread.java:4424)
06-20 14:09:46.357  3509  3509 W MusicPreferences: 	at java.lang.reflect.Method.invokeNative(Native Method)
06-20 14:09:46.357  3509  3509 W MusicPreferences: 	at java.lang.reflect.Method.invoke(Method.java:511)
06-20 14:09:46.357  3509  3509 W MusicPreferences: 	at com.android.internal.os.ZygoteInit$MethodAndArgsCaller.run(ZygoteInit.java:784)
06-20 14:09:46.357  3509  3509 W MusicPreferences: 	at com.android.internal.os.ZygoteInit.main(ZygoteInit.java:551)
06-20 14:09:46.357  3509  3509 W MusicPreferences: 	at dalvik.system.NativeStart.main(Native Method)
06-20 14:09:46.896   152   194 I ActivityManager: Start proc com.google.android.gm for service com.google.android.gm/.provider.MailSyncAdapterService: pid=3560 uid=10018 gids={3003, 1015}
06-20 14:09:47.017  3560  3560 I ActivityThread: Pub gmail-ls: com.google.android.gm.provider.MailProvider
06-20 14:09:47.040  3560  3560 I ActivityThread: Pub com.google.android.gmail.SuggestionProvider: com.google.android.gm.SuggestionsProvider
06-20 14:09:47.044  3560  3560 I ActivityThread: Pub com.google.android.gm: com.google.android.gm.provider.PublicContentProvider
06-20 14:09:47.571  3560  3563 D dalvikvm: GC_CONCURRENT freed 241K, 4% free 9233K/9607K, paused 2ms+2ms
06-20 14:09:47.962  3560  3577 I Gmail   : calculateUnknownSyncRationalesAndPurgeInBackground: queueing
06-20 14:09:48.048   618   640 V GoogleLoginService: Returning error intent with: ComponentInfo{com.google.android.gsf.login/com.google.android.gsf.login.LoginActivity}
06-20 14:09:48.052   152   593 I ActivityManager: START {flg=0x10000000 cmp=com.google.android.gsf.login/.LoginActivity (has extras)} from pid 3509
06-20 14:09:48.130   152   164 I ActivityManager: START {cmp=com.google.android.gsf.login/com.google.android.gsf.loginservice.GrantCredentialsPermissionActivity (has extras)} from pid 618
06-20 14:09:48.153  3509  3509 D OpenGLRenderer: Flushing caches (mode 1)
06-20 14:09:48.200  3560  3577 I Gmail   : calculateUnknownSyncRationalesAndPurgeInBackground: queueing
06-20 14:09:48.204   618   623 D dalvikvm: GC_CONCURRENT freed 346K, 8% free 9824K/10631K, paused 3ms+3ms
06-20 14:09:48.239  3560  3576 I Gmail   : MainSyncRequestProto: lowestBkwdConvoId: 0, highestHandledServerOp: 2645130, normalSync: true
06-20 14:09:48.470  1457  1457 D wpa_supplicant: wpa_driver_wext_driver_cmd RSSI len = 248
06-20 14:09:48.470  1457  1457 D wpa_supplicant: wpa_driver_wext_driver_cmd UB_Secure rssi -87  len = 19, 19
06-20 14:09:48.470  1457  1457 D wpa_supplicant: wpa_driver_wext_driver_cmd LINKSPEED len = 248
06-20 14:09:48.470  1457  1457 D wpa_supplicant: wpa_driver_wext_driver_cmd LinkSpeed 5 len = 11, 11
06-20 14:09:48.482   152   201 I ActivityManager: Displayed com.google.android.gsf.login/com.google.android.gsf.loginservice.GrantCredentialsPermissionActivity: +344ms (total +391ms)
06-20 14:09:48.489  3509  3509 D OpenGLRenderer: Flushing caches (mode 0)
06-20 14:09:48.521  3560  3577 I Gmail   : calculateUnknownSyncRationalesAndPurgeInBackground: running
06-20 14:09:48.532  3560  3577 I Gmail   : calculateUnknownSyncRationalesAndPurgeInBackground: running
06-20 14:09:48.610  3560  3563 D dalvikvm: GC_CONCURRENT freed 268K, 5% free 9401K/9799K, paused 2ms+2ms
06-20 14:09:49.235  3560  3563 D dalvikvm: GC_CONCURRENT freed 303K, 5% free 9492K/9927K, paused 2ms+3ms
06-20 14:09:49.610  3560  3576 D dalvikvm: GC_EXPLICIT freed 242K, 5% free 9481K/9927K, paused 4ms+2ms
06-20 14:09:49.626  3560  3576 I Gmail   : MainSyncRequestProto: lowestBkwdConvoId: 0, highestHandledServerOp: 2645162, normalSync: true
06-20 14:09:50.181  3560  3576 D dalvikvm: GC_EXPLICIT freed 230K, 4% free 9533K/9927K, paused 5ms+3ms
06-20 14:09:50.189  3560  3576 I Gmail   : MainSyncRequestProto: lowestBkwdConvoId: 0, highestHandledServerOp: 2645162, normalSync: true
06-20 14:09:50.228  3560  3576 W Gmail   : Scheduling index for 300000 ms from now
06-20 14:09:50.321  3560  3576 I Gmail   : Sending notification intent: Intent { act=android.intent.action.PROVIDER_CHANGED dat=content://gmail-ls/unread/^i (has extras) }
06-20 14:09:50.403  3560  3588 W Gmail   : Showing notification with unreadCount of 13 and unseenCount of 2
06-20 14:09:50.462   152   155 D dalvikvm: GC_CONCURRENT freed 793K, 24% free 13537K/17735K, paused 3ms+6ms
06-20 14:09:50.642   389   389 D dalvikvm: GC_FOR_ALLOC freed 381K, 6% free 11785K/12423K, paused 20ms
06-20 14:09:50.696    82   123 D AudioHardware: AudioHardware pcm playback is going to standby.
06-20 14:09:50.696    82   123 D AudioHardware: closePcmOut_l() mPcmOpenCnt: 1
06-20 14:09:51.474  1457  1457 D wpa_supplicant: wpa_driver_wext_driver_cmd RSSI len = 248
06-20 14:09:51.474  1457  1457 D wpa_supplicant: wpa_driver_wext_driver_cmd UB_Secure rssi -88  len = 19, 19
06-20 14:09:51.478  1457  1457 D wpa_supplicant: wpa_driver_wext_driver_cmd LINKSPEED len = 248
