06-26 14:22:28.218   277   277 D wpa_supplicant: TLS: tls_verify_cb - preverify_ok=1 err=19 (self signed certificate in certificate chain) ca_cert_verify=0 depth=2 buf='/C=US/O=Entrust.net/OU=www.entrust.net/CPS incorp. by ref. (limits liab.)/OU=(c) 1999 Entrust.net Limited/CN=Entrust.net Secure Server Certification Authority'
06-26 14:22:28.218   277   277 I wpa_supplicant: wlan0: CTRL-EVENT-EAP-PEER-CERT depth=2 subject='/C=US/O=Entrust.net/OU=www.entrust.net/CPS incorp. by ref. (limits liab.)/OU=(c) 1999 Entrust.net Limited/CN=Entrust.net Secure Server Certification Authority'
06-26 14:22:28.222   277   277 D wpa_supplicant: TLS: tls_verify_cb - preverify_ok=1 err=19 (self signed certificate in certificate chain) ca_cert_verify=0 depth=1 buf='/C=US/ST=UT/L=Salt Lake City/O=The USERTRUST Network/CN=USERTrust Legacy Secure Server CA'
06-26 14:22:28.222   277   277 I wpa_supplicant: wlan0: CTRL-EVENT-EAP-PEER-CERT depth=1 subject='/C=US/ST=UT/L=Salt Lake City/O=The USERTRUST Network/CN=USERTrust Legacy Secure Server CA'
06-26 14:22:28.226   277   277 D wpa_supplicant: TLS: tls_verify_cb - preverify_ok=1 err=19 (self signed certificate in certificate chain) ca_cert_verify=0 depth=0 buf='/C=US/postalCode=14260/ST=New York/L=Buffalo/street=305 Computing Center/O=SUNY AT BUFFALO/OU=Issued through UNIVERSITY AT BUFFALO E-PKI Manager/OU=Comodo PremiumSSL Legacy/CN=radius1.cit.buffalo.edu'
06-26 14:22:28.226   277   277 I wpa_supplicant: wlan0: CTRL-EVENT-EAP-PEER-CERT depth=0 subject='/C=US/postalCode=14260/ST=New York/L=Buffalo/street=305 Computing Center/O=SUNY AT BUFFALO/OU=Issued through UNIVERSITY AT BUFFALO E-PKI Manager/OU=Comodo PremiumSSL Legacy/CN=radius1.cit.buffalo.edu'
06-26 14:22:28.230   277   277 D wpa_supplicant: SSL: (where=0x1001 ret=0x1)
06-26 14:22:28.230   277   277 D wpa_supplicant: SSL: SSL_connect:SSLv3 read server certificate A
06-26 14:22:28.230   277   277 D wpa_supplicant: SSL: (where=0x1001 ret=0x1)
06-26 14:22:28.230   277   277 D wpa_supplicant: SSL: SSL_connect:SSLv3 read server key exchange A
06-26 14:22:28.230   277   277 D wpa_supplicant: SSL: (where=0x1001 ret=0x1)
06-26 14:22:28.230   277   277 D wpa_supplicant: SSL: SSL_connect:SSLv3 read server done A
06-26 14:22:28.250   277   277 D wpa_supplicant: SSL: (where=0x1001 ret=0x1)
06-26 14:22:28.250   277   277 D wpa_supplicant: SSL: SSL_connect:SSLv3 write client key exchange A
06-26 14:22:28.250   277   277 D wpa_supplicant: SSL: (where=0x1001 ret=0x1)
06-26 14:22:28.250   277   277 D wpa_supplicant: SSL: SSL_connect:SSLv3 write change cipher spec A
06-26 14:22:28.250   277   277 D wpa_supplicant: SSL: (where=0x1001 ret=0x1)
06-26 14:22:28.250   277   277 D wpa_supplicant: SSL: SSL_connect:SSLv3 write finished A
06-26 14:22:28.250   277   277 D wpa_supplicant: SSL: (where=0x1001 ret=0x1)
06-26 14:22:28.250   277   277 D wpa_supplicant: SSL: SSL_connect:SSLv3 flush data
06-26 14:22:28.250   277   277 D wpa_supplicant: SSL: (where=0x1002 ret=0xffffffff)
06-26 14:22:28.250   277   277 D wpa_supplicant: SSL: SSL_connect:error in SSLv3 read server session ticket A
06-26 14:22:28.250   277   277 D wpa_supplicant: SSL: SSL_connect - want more data
06-26 14:22:28.250   277   277 D wpa_supplicant: SSL: 134 bytes pending from ssl_out
06-26 14:22:28.250   277   277 D wpa_supplicant: SSL: 134 bytes left to be sent out (of total 134 bytes)
06-26 14:22:28.250   277   277 D wpa_supplicant: EAP: method process -> ignore=FALSE methodState=MAY_CONT decision=FAIL
06-26 14:22:28.250   277   277 D wpa_supplicant: EAP: EAP entering state SEND_RESPONSE
06-26 14:22:28.250   277   277 D wpa_supplicant: EAP: EAP entering state IDLE
06-26 14:22:28.250   277   277 D wpa_supplicant: EAPOL: SUPP_BE entering state RESPONSE
06-26 14:22:28.250   277   277 D wpa_supplicant: EAPOL: txSuppRsp
06-26 14:22:28.250   277   277 D wpa_supplicant: TX EAPOL: dst=d0:c2:82:67:e7:60
06-26 14:22:28.250   277   277 D wpa_supplicant: EAPOL: SUPP_BE entering state RECEIVE
06-26 14:22:28.257   277   277 D wpa_supplicant: EAPOL: Received EAP-Packet frame
06-26 14:22:28.257   277   277 D wpa_supplicant: EAPOL: SUPP_BE entering state REQUEST
06-26 14:22:28.257   277   277 D wpa_supplicant: EAPOL: getSuppRsp
06-26 14:22:28.257   277   277 D wpa_supplicant: EAP: EAP entering state RECEIVED
06-26 14:22:28.257   277   277 D wpa_supplicant: EAP: Received EAP-Request id=9 method=25 vendor=0 vendorMethod=0
06-26 14:22:28.257   277   277 D wpa_supplicant: EAP: EAP entering state METHOD
06-26 14:22:28.257   277   277 D wpa_supplicant: SSL: Received packet(len=240) - Flags 0x00
06-26 14:22:28.261   277   277 D wpa_supplicant: SSL: (where=0x1001 ret=0x1)
06-26 14:22:28.261   277   277 D wpa_supplicant: SSL: SSL_connect:SSLv3 read server session ticket A
06-26 14:22:28.261   277   277 D wpa_supplicant: SSL: (where=0x1001 ret=0x1)
06-26 14:22:28.261   277   277 D wpa_supplicant: SSL: SSL_connect:SSLv3 read finished A
06-26 14:22:28.261   277   277 D wpa_supplicant: SSL: (where=0x20 ret=0x1)
06-26 14:22:28.261   277   277 D wpa_supplicant: SSL: (where=0x1002 ret=0x1)
06-26 14:22:28.261   277   277 D wpa_supplicant: SSL: 0 bytes pending from ssl_out
06-26 14:22:28.261   277   277 D wpa_supplicant: SSL: No Application Data included
06-26 14:22:28.261   277   277 D wpa_supplicant: SSL: No data to be sent out
06-26 14:22:28.261   277   277 D wpa_supplicant: EAP-PEAP: TLS done, proceed to Phase 2
06-26 14:22:28.261   277   277 D wpa_supplicant: EAP-PEAP: using label 'client EAP encryption' in key derivation
06-26 14:22:28.261   277   277 D wpa_supplicant: SSL: Building ACK (type=25 id=9 ver=0)
06-26 14:22:28.261   277   277 D wpa_supplicant: EAP: method process -> ignore=FALSE methodState=MAY_CONT decision=FAIL
06-26 14:22:28.261   277   277 D wpa_supplicant: EAP: EAP entering state SEND_RESPONSE
06-26 14:22:28.261   277   277 D wpa_supplicant: EAP: EAP entering state IDLE
06-26 14:22:28.261   277   277 D wpa_supplicant: EAPOL: SUPP_BE entering state RESPONSE
06-26 14:22:28.261   277   277 D wpa_supplicant: EAPOL: txSuppRsp
06-26 14:22:28.261   277   277 D wpa_supplicant: TX EAPOL: dst=d0:c2:82:67:e7:60
06-26 14:22:28.261   277   277 D wpa_supplicant: EAPOL: SUPP_BE entering state RECEIVE
06-26 14:22:28.261   277   277 D wpa_supplicant: EAPOL: Received EAP-Packet frame
06-26 14:22:28.261   277   277 D wpa_supplicant: EAPOL: SUPP_BE entering state REQUEST
06-26 14:22:28.261   277   277 D wpa_supplicant: EAPOL: getSuppRsp
06-26 14:22:28.261   277   277 D wpa_supplicant: EAP: EAP entering state RECEIVED
06-26 14:22:28.261   277   277 D wpa_supplicant: EAP: Received EAP-Request id=10 method=25 vendor=0 vendorMethod=0
06-26 14:22:28.261   277   277 D wpa_supplicant: EAP: EAP entering state METHOD
06-26 14:22:28.261   277   277 D wpa_supplicant: SSL: Received packet(len=43) - Flags 0x00
06-26 14:22:28.261   277   277 D wpa_supplicant: EAP-PEAP: received 37 bytes encrypted data for Phase 2
06-26 14:22:28.261   277   277 D wpa_supplicant: EAP-PEAP: received Phase 2: code=1 identifier=10 length=5
06-26 14:22:28.261   277   277 D wpa_supplicant: EAP-PEAP: Phase 2 Request: type=1
06-26 14:22:28.261   277   277 D wpa_supplicant: SSL: 74 bytes left to be sent out (of total 74 bytes)
06-26 14:22:28.261   277   277 D wpa_supplicant: EAP: method process -> ignore=FALSE methodState=MAY_CONT decision=FAIL
06-26 14:22:28.261   277   277 D wpa_supplicant: EAP: EAP entering state SEND_RESPONSE
06-26 14:22:28.261   277   277 D wpa_supplicant: EAP: EAP entering state IDLE
06-26 14:22:28.261   277   277 D wpa_supplicant: EAPOL: SUPP_BE entering state RESPONSE
06-26 14:22:28.261   277   277 D wpa_supplicant: EAPOL: txSuppRsp
06-26 14:22:28.261   277   277 D wpa_supplicant: TX EAPOL: dst=d0:c2:82:67:e7:60
06-26 14:22:28.265   277   277 D wpa_supplicant: EAPOL: SUPP_BE entering state RECEIVE
06-26 14:22:28.269   277   277 D wpa_supplicant: EAPOL: Received EAP-Packet frame
06-26 14:22:28.269   277   277 D wpa_supplicant: EAPOL: SUPP_BE entering state REQUEST
06-26 14:22:28.269   277   277 D wpa_supplicant: EAPOL: getSuppRsp
06-26 14:22:28.269   277   277 D wpa_supplicant: EAP: EAP entering state RECEIVED
06-26 14:22:28.269   277   277 D wpa_supplicant: EAP: Received EAP-Request id=11 method=25 vendor=0 vendorMethod=0
06-26 14:22:28.269   277   277 D wpa_supplicant: EAP: EAP entering state METHOD
06-26 14:22:28.269   277   277 D wpa_supplicant: SSL: Received packet(len=59) - Flags 0x00
06-26 14:22:28.269   277   277 D wpa_supplicant: EAP-PEAP: received 53 bytes encrypted data for Phase 2
06-26 14:22:28.269   277   277 D wpa_supplicant: EAP-PEAP: received Phase 2: code=1 identifier=11 length=31
06-26 14:22:28.269   277   277 D wpa_supplicant: EAP-PEAP: Phase 2 Request: type=26
06-26 14:22:28.269   277   277 D wpa_supplicant: EAP-PEAP: Selected Phase 2 EAP vendor 0 method 26
06-26 14:22:28.269   277   277 D wpa_supplicant: EAP-MSCHAPV2: RX identifier 11 mschapv2_id 11
06-26 14:22:28.269   277   277 D wpa_supplicant: EAP-MSCHAPV2: Received challenge
06-26 14:22:28.269   277   277 D wpa_supplicant: EAP-MSCHAPV2: Generating Challenge Response
06-26 14:22:28.273   277   277 D wpa_supplicant: EAP-MSCHAPV2: TX identifier 11 mschapv2_id 11 (response)
06-26 14:22:28.273   277   277 D wpa_supplicant: SSL: 138 bytes left to be sent out (of total 138 bytes)
06-26 14:22:28.273   277   277 D wpa_supplicant: EAP: method process -> ignore=FALSE methodState=MAY_CONT decision=FAIL
06-26 14:22:28.273   277   277 D wpa_supplicant: EAP: EAP entering state SEND_RESPONSE
06-26 14:22:28.273   277   277 D wpa_supplicant: EAP: EAP entering state IDLE
06-26 14:22:28.273   277   277 D wpa_supplicant: EAPOL: SUPP_BE entering state RESPONSE
06-26 14:22:28.273   277   277 D wpa_supplicant: EAPOL: txSuppRsp
06-26 14:22:28.273   277   277 D wpa_supplicant: TX EAPOL: dst=d0:c2:82:67:e7:60
06-26 14:22:28.273   277   277 D wpa_supplicant: EAPOL: SUPP_BE entering state RECEIVE
06-26 14:22:28.398   277   277 D wpa_supplicant: EAPOL: Received EAP-Packet frame
06-26 14:22:28.398   277   277 D wpa_supplicant: EAPOL: SUPP_BE entering state REQUEST
06-26 14:22:28.398   277   277 D wpa_supplicant: EAPOL: getSuppRsp
06-26 14:22:28.398   277   277 D wpa_supplicant: EAP: EAP entering state RECEIVED
06-26 14:22:28.398   277   277 D wpa_supplicant: EAP: Received EAP-Request id=12 method=25 vendor=0 vendorMethod=0
06-26 14:22:28.398   277   277 D wpa_supplicant: EAP: EAP entering state METHOD
06-26 14:22:28.398   277   277 D wpa_supplicant: SSL: Received packet(len=91) - Flags 0x00
06-26 14:22:28.398   277   277 D wpa_supplicant: EAP-PEAP: received 85 bytes encrypted data for Phase 2
06-26 14:22:28.398   277   277 D wpa_supplicant: EAP-PEAP: received Phase 2: code=1 identifier=12 length=51
06-26 14:22:28.398   277   277 D wpa_supplicant: EAP-PEAP: Phase 2 Request: type=26
06-26 14:22:28.398   277   277 D wpa_supplicant: EAP-MSCHAPV2: RX identifier 12 mschapv2_id 11
06-26 14:22:28.398   277   277 D wpa_supplicant: EAP-MSCHAPV2: Received success
06-26 14:22:28.398   277   277 I wpa_supplicant: EAP-MSCHAPV2: Authentication succeeded
06-26 14:22:28.402   277   277 D wpa_supplicant: SSL: 74 bytes left to be sent out (of total 74 bytes)
06-26 14:22:28.402   277   277 D wpa_supplicant: EAP: method process -> ignore=FALSE methodState=MAY_CONT decision=FAIL
06-26 14:22:28.402   277   277 D wpa_supplicant: EAP: EAP entering state SEND_RESPONSE
06-26 14:22:28.402   277   277 D wpa_supplicant: EAP: EAP entering state IDLE
06-26 14:22:28.402   277   277 D wpa_supplicant: EAPOL: SUPP_BE entering state RESPONSE
06-26 14:22:28.402   277   277 D wpa_supplicant: EAPOL: txSuppRsp
06-26 14:22:28.402   277   277 D wpa_supplicant: TX EAPOL: dst=d0:c2:82:67:e7:60
06-26 14:22:28.402   277   277 D wpa_supplicant: EAPOL: SUPP_BE entering state RECEIVE
06-26 14:22:28.406   277   277 D wpa_supplicant: EAPOL: Received EAP-Packet frame
06-26 14:22:28.406   277   277 D wpa_supplicant: EAPOL: SUPP_BE entering state REQUEST
06-26 14:22:28.406   277   277 D wpa_supplicant: EAPOL: getSuppRsp
06-26 14:22:28.406   277   277 D wpa_supplicant: EAP: EAP entering state RECEIVED
06-26 14:22:28.406   277   277 D wpa_supplicant: EAP: Received EAP-Request id=13 method=25 vendor=0 vendorMethod=0
06-26 14:22:28.406   277   277 D wpa_supplicant: EAP: EAP entering state METHOD
06-26 14:22:28.406   277   277 D wpa_supplicant: SSL: Received packet(len=43) - Flags 0x00
06-26 14:22:28.406   277   277 D wpa_supplicant: EAP-PEAP: received 37 bytes encrypted data for Phase 2
06-26 14:22:28.406   277   277 D wpa_supplicant: EAP-PEAP: received Phase 2: code=1 identifier=13 length=11
06-26 14:22:28.406   277   277 D wpa_supplicant: EAP-PEAP: Phase 2 Request: type=33
06-26 14:22:28.406   277   277 I wpa_supplicant: EAP-TLV: TLV Result - Success - EAP-TLV/Phase2 Completed
06-26 14:22:28.406   277   277 D wpa_supplicant: SSL: 74 bytes left to be sent out (of total 74 bytes)
06-26 14:22:28.406   277   277 D wpa_supplicant: EAP: method process -> ignore=FALSE methodState=DONE decision=UNCOND_SUCC
06-26 14:22:28.406   277   277 D wpa_supplicant: EAP: EAP entering state SEND_RESPONSE
06-26 14:22:28.406   277   277 D wpa_supplicant: EAP: EAP entering state IDLE
06-26 14:22:28.410   277   277 D wpa_supplicant: EAPOL: SUPP_BE entering state RESPONSE
06-26 14:22:28.410   277   277 D wpa_supplicant: EAPOL: txSuppRsp
06-26 14:22:28.410   277   277 D wpa_supplicant: TX EAPOL: dst=d0:c2:82:67:e7:60
06-26 14:22:28.410   277   277 D wpa_supplicant: EAPOL: SUPP_BE entering state RECEIVE
06-26 14:22:28.414   277   277 D wpa_supplicant: EAPOL: Received EAP-Packet frame
06-26 14:22:28.414   277   277 D wpa_supplicant: EAPOL: SUPP_BE entering state REQUEST
06-26 14:22:28.414   277   277 D wpa_supplicant: EAPOL: getSuppRsp
06-26 14:22:28.414   277   277 D wpa_supplicant: EAP: EAP entering state RECEIVED
06-26 14:22:28.414   277   277 D wpa_supplicant: EAP: Received EAP-Success
06-26 14:22:28.414   277   277 D wpa_supplicant: EAP: EAP entering state SUCCESS
06-26 14:22:28.414   277   277 I wpa_supplicant: wlan0: CTRL-EVENT-EAP-SUCCESS EAP authentication completed successfully
06-26 14:22:28.414   277   277 D wpa_supplicant: EAPOL: SUPP_BE entering state RECEIVE
06-26 14:22:28.414   277   277 D wpa_supplicant: EAPOL: SUPP_BE entering state SUCCESS
06-26 14:22:28.414   277   277 D wpa_supplicant: EAPOL: SUPP_BE entering state IDLE
06-26 14:22:28.414   277   277 D wpa_supplicant: EAPOL: Ignoring WPA EAPOL-Key frame in EAPOL state machines
06-26 14:22:28.418   277   277 D wpa_supplicant: EAPOL: Successfully fetched key (len=32)
06-26 14:22:28.418   277   277 D wpa_supplicant: RSN: Replace PMKSA entry for the current AP
06-26 14:22:28.418   277   277 D wpa_supplicant: RSN: added PMKSA cache entry for d0:c2:82:67:e7:60
06-26 14:22:28.441   277   277 D wpa_supplicant: WPA: PTK derivation - A1=78:d6:f0:49:8a:04 A2=d0:c2:82:67:e7:60
06-26 14:22:28.445   277   277 D wpa_supplicant: EAPOL: Ignoring WPA EAPOL-Key frame in EAPOL state machines
06-26 14:22:28.445   277   277 D wpa_supplicant: wpa_driver_wext_set_key: alg=3 key_idx=0 set_tx=1 seq_len=6 key_len=16
06-26 14:22:28.445   277   277 D wpa_supplicant: EAPOL: External notification - portValid=1
06-26 14:22:28.445   277   277 D wpa_supplicant: EAPOL: SUPP_PAE entering state AUTHENTICATED
06-26 14:22:28.445   277   277 D wpa_supplicant: EAPOL: Supplicant port status: Authorized
06-26 14:22:28.445   277   277 D wpa_supplicant: EAPOL authentication completed successfully
06-26 14:22:28.445   277   277 D wpa_supplicant: wpa_driver_wext_set_key: alg=2 key_idx=1 set_tx=0 seq_len=6 key_len=32
06-26 14:22:28.445   277   277 I wpa_supplicant: wlan0: WPA: Key negotiation completed with d0:c2:82:67:e7:60 [PTK=CCMP GTK=TKIP]
06-26 14:22:28.445   277   277 D wpa_supplicant: Removed BSSID d0:c2:82:67:e7:60 from blacklist
06-26 14:22:28.445   277   277 I wpa_supplicant: wlan0: CTRL-EVENT-CONNECTED - Connection to d0:c2:82:67:e7:60 completed (reauth) [id=0 id_str=]
06-26 14:22:28.445   277   277 D wpa_supplicant: wpa_driver_wext_set_operstate: operstate 0->1 (UP)
06-26 14:22:28.445   277   277 D wpa_supplicant: netlink: Operstate: linkmode=-1, operstate=6
06-26 14:22:28.445   277   277 D wpa_supplicant: EAPOL: External notification - portValid=1
06-26 14:22:28.445   277   277 D wpa_supplicant: RTM_NEWLINK: operstate=1 ifi_flags=0x11043 ([UP][RUNNING][LOWER_UP])
06-26 14:22:28.453   277   277 D wpa_supplicant: RTM_NEWLINK, IFLA_IFNAME: Interface 'wlan0' added
06-26 14:22:28.453   277   277 D wpa_supplicant: RTM_NEWLINK: operstate=1 ifi_flags=0x11003 ([UP][LOWER_UP])
06-26 14:22:28.453   277   277 D wpa_supplicant: netlink: Operstate: linkmode=-1, operstate=6
06-26 14:22:28.453   277   277 D wpa_supplicant: RTM_NEWLINK, IFLA_IFNAME: Interface 'wlan0' added
06-26 14:22:28.453   277   277 D wpa_supplicant: Wireless event: cmd=0x8c09 len=32
06-26 14:22:28.453   277   277 D wpa_supplicant: PMKID candidate wireless event: flags=0x0 index=0 bssid=d0:c2:82:2d:f2:b0
06-26 14:22:28.453   277   277 D wpa_supplicant: RSN: Ignored PMKID candidate without preauth flag
06-26 14:22:28.453   277   277 D wpa_supplicant: RTM_NEWLINK: operstate=1 ifi_flags=0x11003 ([UP][LOWER_UP])
06-26 14:22:28.453   277   277 D wpa_supplicant: netlink: Operstate: linkmode=-1, operstate=6
06-26 14:22:28.453   277   277 D wpa_supplicant: RTM_NEWLINK, IFLA_IFNAME: Interface 'wlan0' added
06-26 14:22:28.453   277   277 D wpa_supplicant: Wireless event: cmd=0x8c09 len=32
06-26 14:22:28.453   277   277 D wpa_supplicant: PMKID candidate wireless event: flags=0x0 index=0 bssid=d0:c2:82:66:6f:40
06-26 14:22:28.453   277   277 D wpa_supplicant: RSN: Ignored PMKID candidate without preauth flag
06-26 14:22:28.453   277   277 D wpa_supplicant: RTM_NEWLINK: operstate=1 ifi_flags=0x11003 ([UP][LOWER_UP])
06-26 14:22:28.453   277   277 D wpa_supplicant: netlink: Operstate: linkmode=-1, operstate=6
06-26 14:22:28.453   277   277 D wpa_supplicant: RTM_NEWLINK, IFLA_IFNAME: Interface 'wlan0' added
06-26 14:22:28.453   277   277 D wpa_supplicant: Wireless event: cmd=0x8c09 len=32
06-26 14:22:28.453   277   277 D wpa_supplicant: PMKID candidate wireless event: flags=0x0 index=0 bssid=d0:c2:82:7e:31:50
06-26 14:22:28.453   277   277 D wpa_supplicant: RSN: Ignored PMKID candidate without preauth flag
06-26 14:22:28.453   277   277 D wpa_supplicant: RTM_NEWLINK: operstate=1 ifi_flags=0x11003 ([UP][LOWER_UP])
06-26 14:22:28.453   277   277 D wpa_supplicant: netlink: Operstate: linkmode=-1, operstate=6
06-26 14:22:28.453   277   277 D wpa_supplicant: RTM_NEWLINK, IFLA_IFNAME: Interface 'wlan0' added
06-26 14:22:28.453   277   277 D wpa_supplicant: Wireless event: cmd=0x8c09 len=32
06-26 14:22:28.453   277   277 D wpa_supplicant: PMKID candidate wireless event: flags=0x0 index=0 bssid=d0:c2:82:66:5b:70
06-26 14:22:28.453   277   277 D wpa_supplicant: RSN: Ignored PMKID candidate without preauth flag
06-26 14:22:28.453   277   277 D wpa_supplicant: RTM_NEWLINK: operstate=1 ifi_flags=0x11003 ([UP][LOWER_UP])
06-26 14:22:28.453   277   277 D wpa_supplicant: netlink: Operstate: linkmode=-1, operstate=6
06-26 14:22:28.453   277   277 D wpa_supplicant: RTM_NEWLINK, IFLA_IFNAME: Interface 'wlan0' added
06-26 14:22:28.453   277   277 D wpa_supplicant: Wireless event: cmd=0x8c09 len=32
06-26 14:22:28.453   277   277 D wpa_supplicant: PMKID candidate wireless event: flags=0x0 index=0 bssid=d0:c2:82:2d:ea:c0
06-26 14:22:28.453   277   277 D wpa_supplicant: RSN: Ignored PMKID candidate without preauth flag
06-26 14:22:28.453   277   277 D wpa_supplicant: RTM_NEWLINK: operstate=1 ifi_flags=0x11003 ([UP][LOWER_UP])
06-26 14:22:28.453   277   277 D wpa_supplicant: netlink: Operstate: linkmode=-1, operstate=6
06-26 14:22:28.453   277   277 D wpa_supplicant: RTM_NEWLINK, IFLA_IFNAME: Interface 'wlan0' added
06-26 14:22:28.453   277   277 D wpa_supplicant: Wireless event: cmd=0x8c09 len=32
06-26 14:22:28.453   277   277 D wpa_supplicant: PMKID candidate wireless event: flags=0x0 index=0 bssid=d0:c2:82:67:e7:60
06-26 14:22:28.453   277   277 D wpa_supplicant: RSN: Ignored PMKID candidate without preauth flag
06-26 14:22:28.453   277   277 D wpa_supplicant: RTM_NEWLINK: operstate=1 ifi_flags=0x11003 ([UP][LOWER_UP])
06-26 14:22:28.453   277   277 D wpa_supplicant: netlink: Operstate: linkmode=-1, operstate=6
06-26 14:22:28.453   277   277 D wpa_supplicant: RTM_NEWLINK, IFLA_IFNAME: Interface 'wlan0' added
06-26 14:22:28.453   277   277 D wpa_supplicant: Wireless event: cmd=0x8c09 len=32
06-26 14:22:28.453   277   277 D wpa_supplicant: PMKID candidate wireless event: flags=0x0 index=0 bssid=d0:c2:82:66:69:20
06-26 14:22:28.453   277   277 D wpa_supplicant: RSN: Ignored PMKID candidate without preauth flag
06-26 14:22:28.480   277   277 D wpa_supplicant: wpa_driver_wext_driver_cmd RSSI len = 248
06-26 14:22:28.488   277   277 D wpa_supplicant: wpa_driver_wext_driver_cmd UB_Secure rssi -57  len = 19, 19
06-26 14:22:28.488   277   277 D wpa_supplicant: wpa_driver_wext_driver_cmd LINKSPEED len = 248
06-26 14:22:28.488   277   277 D wpa_supplicant: wpa_driver_wext_driver_cmd LinkSpeed 65 len = 12, 12
06-26 14:22:31.492   277   277 D wpa_supplicant: wpa_driver_wext_driver_cmd RSSI len = 248
06-26 14:22:31.500   277   277 D wpa_supplicant: wpa_driver_wext_driver_cmd UB_Secure rssi -63  len = 19, 19
06-26 14:22:31.500   277   277 D wpa_supplicant: wpa_driver_wext_driver_cmd LINKSPEED len = 248
06-26 14:22:31.500   277   277 D wpa_supplicant: wpa_driver_wext_driver_cmd LinkSpeed 65 len = 12, 12
06-26 14:22:34.336    81   125 D AudioHardware: AudioHardware pcm playback is exiting standby.
06-26 14:22:34.336    81   125 D AudioHardware: openPcmOut_l() mPcmOpenCnt: 0
06-26 14:22:34.507   277   277 D wpa_supplicant: wpa_driver_wext_driver_cmd RSSI len = 248
06-26 14:22:34.515   277   277 D wpa_supplicant: wpa_driver_wext_driver_cmd UB_Secure rssi -82  len = 19, 19
06-26 14:22:34.515   277   277 D wpa_supplicant: wpa_driver_wext_driver_cmd LINKSPEED len = 248
06-26 14:22:34.515   277   277 D wpa_supplicant: wpa_driver_wext_driver_cmd LinkSpeed 65 len = 12, 12
06-26 14:22:35.820  6643  6658 I PhoneLab-: Service Running
06-26 14:22:35.972  6643  6658 I PhoneLab-LoggerService: app_37    1286  1     1652   1208  c00f181c 400107b4 S logcat
06-26 14:22:35.972  6643  6658 I PhoneLab-LoggerService: Logcat pid from database 1286
06-26 14:22:35.972  6643  6658 I PhoneLab-LoggerService: Logcat process found 1286
06-26 14:22:35.976  6643  6658 I PhoneLab-LoggerService: Checking Threshold
06-26 14:22:35.976  6643  6658 I PhoneLab-LoggerService: Starting to rename files
06-26 14:22:35.976  6643  6658 I PhoneLab-LoggerService: Files found .. 2
06-26 14:22:37.429    81   125 D AudioHardware: AudioHardware pcm playback is going to standby.
06-26 14:22:37.429    81   125 D AudioHardware: closePcmOut_l() mPcmOpenCnt: 1
06-26 14:22:37.519   277   277 D wpa_supplicant: wpa_driver_wext_driver_cmd RSSI len = 248
06-26 14:22:37.527   277   277 D wpa_supplicant: wpa_driver_wext_driver_cmd UB_Secure rssi -72  len = 19, 19
06-26 14:22:37.527   277   277 D wpa_supplicant: wpa_driver_wext_driver_cmd LINKSPEED len = 248
06-26 14:22:37.527   277   277 D wpa_supplicant: wpa_driver_wext_driver_cmd LinkSpeed 65 len = 12, 12
06-26 14:22:40.535   277   277 D wpa_supplicant: wpa_driver_wext_driver_cmd RSSI len = 248
06-26 14:22:40.543   277   277 D wpa_supplicant: wpa_driver_wext_driver_cmd UB_Secure rssi -74  len = 19, 19
06-26 14:22:40.543   277   277 D wpa_supplicant: wpa_driver_wext_driver_cmd LINKSPEED len = 248
06-26 14:22:40.546   277   277 D wpa_supplicant: wpa_driver_wext_driver_cmd LinkSpeed 65 len = 12, 12
06-26 14:22:43.550   277   277 D wpa_supplicant: wpa_driver_wext_driver_cmd RSSI len = 248
06-26 14:22:43.558   277   277 D wpa_supplicant: wpa_driver_wext_driver_cmd UB_Secure rssi -84  len = 19, 19
06-26 14:22:43.558   277   277 D wpa_supplicant: wpa_driver_wext_driver_cmd LINKSPEED len = 248
06-26 14:22:43.558   277   277 D wpa_supplicant: wpa_driver_wext_driver_cmd LinkSpeed 65 len = 12, 12
06-26 14:22:44.476   277   277 D wpa_supplicant: RTM_NEWLINK: operstate=1 ifi_flags=0x11043 ([UP][RUNNING][LOWER_UP])
06-26 14:22:44.476   277   277 D wpa_supplicant: RTM_NEWLINK, IFLA_IFNAME: Interface 'wlan0' added
06-26 14:22:44.476   277   277 D wpa_supplicant: Wireless event: cmd=0x8c09 len=32
06-26 14:22:44.476   277   277 D wpa_supplicant: PMKID candidate wireless event: flags=0x0 index=0 bssid=d0:c2:82:2d:f2:b0
06-26 14:22:44.476   277   277 D wpa_supplicant: RSN: Ignored PMKID candidate without preauth flag
06-26 14:22:44.476   277   277 D wpa_supplicant: RTM_NEWLINK: operstate=1 ifi_flags=0x11043 ([UP][RUNNING][LOWER_UP])
06-26 14:22:44.476   277   277 D wpa_supplicant: RTM_NEWLINK, IFLA_IFNAME: Interface 'wlan0' added
06-26 14:22:44.476   277   277 D wpa_supplicant: Wireless event: cmd=0x8c09 len=32
06-26 14:22:44.476   277   277 D wpa_supplicant: PMKID candidate wireless event: flags=0x0 index=0 bssid=d0:c2:82:66:6f:40
06-26 14:22:44.476   277   277 D wpa_supplicant: RSN: Ignored PMKID candidate without preauth flag
06-26 14:22:44.476   277   277 D wpa_supplicant: RTM_NEWLINK: operstate=1 ifi_flags=0x11043 ([UP][RUNNING][LOWER_UP])
06-26 14:22:44.476   277   277 D wpa_supplicant: RTM_NEWLINK, IFLA_IFNAME: Interface 'wlan0' added
06-26 14:22:44.476   277   277 D wpa_supplicant: Wireless event: cmd=0x8c09 len=32
06-26 14:22:44.476   277   277 D wpa_supplicant: PMKID candidate wireless event: flags=0x0 index=0 bssid=d0:c2:82:7e:31:50
06-26 14:22:44.476   277   277 D wpa_supplicant: RSN: Ignored PMKID candidate without preauth flag
06-26 14:22:44.476   277   277 D wpa_supplicant: RTM_NEWLINK: operstate=1 ifi_flags=0x11043 ([UP][RUNNING][LOWER_UP])
06-26 14:22:44.476   277   277 D wpa_supplicant: RTM_NEWLINK, IFLA_IFNAME: Interface 'wlan0' added
06-26 14:22:44.476   277   277 D wpa_supplicant: Wireless event: cmd=0x8c09 len=32
06-26 14:22:44.476   277   277 D wpa_supplicant: PMKID candidate wireless event: flags=0x0 index=0 bssid=d0:c2:82:66:5b:70
06-26 14:22:44.476   277   277 D wpa_supplicant: RSN: Ignored PMKID candidate without preauth flag
06-26 14:22:44.476   277   277 D wpa_supplicant: RTM_NEWLINK: operstate=1 ifi_flags=0x11043 ([UP][RUNNING][LOWER_UP])
06-26 14:22:44.476   277   277 D wpa_supplicant: RTM_NEWLINK, IFLA_IFNAME: Interface 'wlan0' added
06-26 14:22:44.476   277   277 D wpa_supplicant: Wireless event: cmd=0x8c09 len=32
06-26 14:22:44.476   277   277 D wpa_supplicant: PMKID candidate wireless event: flags=0x0 index=0 bssid=d0:c2:82:2d:ea:c0
06-26 14:22:44.476   277   277 D wpa_supplicant: RSN: Ignored PMKID candidate without preauth flag
06-26 14:22:44.476   277   277 D wpa_supplicant: RTM_NEWLINK: operstate=1 ifi_flags=0x11043 ([UP][RUNNING][LOWER_UP])
06-26 14:22:44.476   277   277 D wpa_supplicant: RTM_NEWLINK, IFLA_IFNAME: Interface 'wlan0' added
06-26 14:22:44.492   277   277 D wpa_supplicant: Wireless event: cmd=0x8c09 len=32
06-26 14:22:44.492   277   277 D wpa_supplicant: PMKID candidate wireless event: flags=0x0 index=0 bssid=d0:c2:82:66:69:20
06-26 14:22:44.492   277   277 D wpa_supplicant: RSN: Ignored PMKID candidate without preauth flag
06-26 14:22:44.492   277   277 D wpa_supplicant: RTM_NEWLINK: operstate=1 ifi_flags=0x11043 ([UP][RUNNING][LOWER_UP])
06-26 14:22:44.492   277   277 D wpa_supplicant: RTM_NEWLINK, IFLA_IFNAME: Interface 'wlan0' added
06-26 14:22:44.492   277   277 D wpa_supplicant: Wireless event: cmd=0x8c09 len=32
06-26 14:22:44.492   277   277 D wpa_supplicant: PMKID candidate wireless event: flags=0x0 index=0 bssid=d0:c2:82:67:e7:60
06-26 14:22:44.492   277   277 D wpa_supplicant: RSN: Ignored PMKID candidate without preauth flag
06-26 14:22:44.492   277   277 D wpa_supplicant: RTM_NEWLINK: operstate=1 ifi_flags=0x11043 ([UP][RUNNING][LOWER_UP])
06-26 14:22:44.492   277   277 D wpa_supplicant: RTM_NEWLINK, IFLA_IFNAME: Interface 'wlan0' added
06-26 14:22:44.492   277   277 D wpa_supplicant: Wireless event: cmd=0x8c09 len=32
06-26 14:22:44.492   277   277 D wpa_supplicant: PMKID candidate wireless event: flags=0x0 index=0 bssid=d0:c2:82:2d:e5:b0
06-26 14:22:44.492   277   277 D wpa_supplicant: RSN: Ignored PMKID candidate without preauth flag
06-26 14:22:46.566   277   277 D wpa_supplicant: wpa_driver_wext_driver_cmd RSSI len = 248
06-26 14:22:46.574   277   277 D wpa_supplicant: wpa_driver_wext_driver_cmd UB_Secure rssi -83  len = 19, 19
06-26 14:22:46.574   277   277 D wpa_supplicant: wpa_driver_wext_driver_cmd LINKSPEED len = 248
06-26 14:22:46.574   277   277 D wpa_supplicant: wpa_driver_wext_driver_cmd LinkSpeed 65 len = 12, 12
06-26 14:22:49.582   277   277 D wpa_supplicant: wpa_driver_wext_driver_cmd RSSI len = 248
06-26 14:22:49.589   277   277 D wpa_supplicant: wpa_driver_wext_driver_cmd UB_Secure rssi -67  len = 19, 19
06-26 14:22:49.589   277   277 D wpa_supplicant: wpa_driver_wext_driver_cmd LINKSPEED len = 248
06-26 14:22:49.589   277   277 D wpa_supplicant: wpa_driver_wext_driver_cmd LinkSpeed 65 len = 12, 12
06-26 14:22:51.988   141   177 I ActivityManager: START {act=android.intent.action.MAIN cat=[android.intent.category.HOME] flg=0x10200000 cmp=com.android.launcher/com.android.launcher2.Launcher} from pid 141
06-26 14:22:52.152   212   212 D dalvikvm: GC_FOR_ALLOC freed 560K, 56% free 9688K/21639K, paused 36ms
06-26 14:22:52.191  7444  7444 D OpenGLRenderer: Flushing caches (mode 0)
06-26 14:22:52.242  7444  7444 W IInputConnectionWrapper: beginBatchEdit on inactive InputConnection
06-26 14:22:52.254  7444  7444 W IInputConnectionWrapper: endBatchEdit on inactive InputConnection
06-26 14:22:52.254  7444  7444 W IInputConnectionWrapper: beginBatchEdit on inactive InputConnection
06-26 14:22:52.254  7444  7444 W IInputConnectionWrapper: endBatchEdit on inactive InputConnection
06-26 14:22:52.254  7444  7444 W IInputConnectionWrapper: beginBatchEdit on inactive InputConnection
06-26 14:22:52.254  7444  7444 W IInputConnectionWrapper: endBatchEdit on inactive InputConnection
06-26 14:22:52.265  7444  7444 D OpenGLRenderer: Flushing caches (mode 1)
06-26 14:22:52.613   277   277 D wpa_supplicant: wpa_driver_wext_driver_cmd RSSI len = 248
06-26 14:22:52.621   277   277 D wpa_supplicant: wpa_driver_wext_driver_cmd UB_Secure rssi -71  len = 19, 19
06-26 14:22:52.621   277   277 D wpa_supplicant: wpa_driver_wext_driver_cmd LINKSPEED len = 248
06-26 14:22:52.621   277   277 D wpa_supplicant: wpa_driver_wext_driver_cmd LinkSpeed 65 len = 12, 12
06-26 14:22:52.847  7444  7444 D vclib:CallStateClient: stopListening
06-26 14:22:55.550   141   169 I power   : *** set_screen_state 0
06-26 14:22:55.601    78   118 D SurfaceFlinger: About to give-up screen, flinger = 0x512918
06-26 14:22:55.656   277   277 D wpa_supplicant: wpa_driver_wext_driver_cmd RSSI len = 248
06-26 14:22:55.660   141   173 V TransportControlView: Create TCV com.android.internal.widget.TransportControlView@417ead50
06-26 14:22:55.664   277   277 D wpa_supplicant: wpa_driver_wext_driver_cmd UB_Secure rssi -83  len = 19, 19
06-26 14:22:55.664   277   277 D wpa_supplicant: wpa_driver_wext_driver_cmd LINKSPEED len = 248
06-26 14:22:55.664   277   277 D wpa_supplicant: wpa_driver_wext_driver_cmd LinkSpeed 65 len = 12, 12
06-26 14:22:55.703   212   212 D PhoneStatusBar: disable: < expand icons alerts ticker system_info back home RECENT* clock >
06-26 14:22:55.761    81   125 D AudioHardware: AudioHardware pcm playback is exiting standby.
06-26 14:22:55.761    81   125 D AudioHardware: openPcmOut_l() mPcmOpenCnt: 0
06-26 14:22:55.769  7444  7444 W IInputConnectionWrapper: beginBatchEdit on inactive InputConnection
06-26 14:22:55.769  7444  7444 W IInputConnectionWrapper: endBatchEdit on inactive InputConnection
06-26 14:22:55.851   141   143 D dalvikvm: GC_CONCURRENT freed 1132K, 20% free 17210K/21511K, paused 3ms+10ms
06-26 14:22:55.863   212   212 D PhoneStatusBar: disable: < expand icons alerts ticker system_info BACK* HOME* RECENT CLOCK* >
06-26 14:22:55.879   373  1811 D NfcService: NFC-C OFF, disconnect
06-26 14:22:58.214   277   277 D wpa_supplicant: EAPOL: authWhile --> 0
06-26 14:22:58.918    81   125 D AudioHardware: AudioHardware pcm playback is going to standby.
06-26 14:22:58.921    81   125 D AudioHardware: closePcmOut_l() mPcmOpenCnt: 1
06-26 14:23:25.812   277   277 D wpa_supplicant: RTM_NEWLINK: operstate=1 ifi_flags=0x11043 ([UP][RUNNING][LOWER_UP])
06-26 14:23:25.812   277   277 D wpa_supplicant: RTM_NEWLINK, IFLA_IFNAME: Interface 'wlan0' added
06-26 14:23:25.812   277   277 D wpa_supplicant: Wireless event: cmd=0x8c00 len=20
06-26 14:23:25.816   277   277 D wpa_supplicant: RTM_NEWLINK: operstate=1 ifi_flags=0x11043 ([UP][RUNNING][LOWER_UP])
06-26 14:23:25.816   277   277 D wpa_supplicant: RTM_NEWLINK, IFLA_IFNAME: Interface 'wlan0' added
06-26 14:23:25.816   277   277 D wpa_supplicant: Wireless event: cmd=0x8c00 len=20
06-26 14:23:25.824   277   277 D wpa_supplicant: RTM_NEWLINK: operstate=1 ifi_flags=0x11043 ([UP][RUNNING][LOWER_UP])
06-26 14:23:25.824   277   277 D wpa_supplicant: RTM_NEWLINK, IFLA_IFNAME: Interface 'wlan0' added
06-26 14:23:25.824   277   277 D wpa_supplicant: Wireless event: cmd=0x8c00 len=20
06-26 14:23:25.828   277   277 D wpa_supplicant: RTM_NEWLINK: operstate=1 ifi_flags=0x11043 ([UP][RUNNING][LOWER_UP])
06-26 14:23:25.828   277   277 D wpa_supplicant: RTM_NEWLINK, IFLA_IFNAME: Interface 'wlan0' added
06-26 14:23:25.828   277   277 D wpa_supplicant: Wireless event: cmd=0x8c00 len=20
06-26 14:23:25.832   277   277 D wpa_supplicant: RTM_NEWLINK: operstate=1 ifi_flags=0x11043 ([UP][RUNNING][LOWER_UP])
06-26 14:23:25.832   277   277 D wpa_supplicant: RTM_NEWLINK, IFLA_IFNAME: Interface 'wlan0' added
06-26 14:23:25.832   277   277 D wpa_supplicant: Wireless event: cmd=0x8c00 len=20
06-26 14:23:25.836   277   277 D wpa_supplicant: RTM_NEWLINK: operstate=1 ifi_flags=0x11043 ([UP][RUNNING][LOWER_UP])
06-26 14:23:25.836   277   277 D wpa_supplicant: RTM_NEWLINK, IFLA_IFNAME: Interface 'wlan0' added
06-26 14:23:25.836   277   277 D wpa_supplicant: Wireless event: cmd=0x8c00 len=20
06-26 14:23:25.839   277   277 D wpa_supplicant: RTM_NEWLINK: operstate=1 ifi_flags=0x11043 ([UP][RUNNING][LOWER_UP])
06-26 14:23:25.839   277   277 D wpa_supplicant: RTM_NEWLINK, IFLA_IFNAME: Interface 'wlan0' added
06-26 14:23:25.839   277   277 D wpa_supplicant: Wireless event: cmd=0x8c00 len=20
06-26 14:23:25.843   277   277 D wpa_supplicant: RTM_NEWLINK: operstate=1 ifi_flags=0x11043 ([UP][RUNNING][LOWER_UP])
06-26 14:23:25.843   277   277 D wpa_supplicant: RTM_NEWLINK, IFLA_IFNAME: Interface 'wlan0' added
06-26 14:23:25.843   277   277 D wpa_supplicant: Wireless event: cmd=0x8c00 len=20
06-26 14:23:25.847   277   277 D wpa_supplicant: RTM_NEWLINK: operstate=1 ifi_flags=0x11043 ([UP][RUNNING][LOWER_UP])
06-26 14:23:25.847   277   277 D wpa_supplicant: RTM_NEWLINK, IFLA_IFNAME: Interface 'wlan0' added
06-26 14:23:25.847   277   277 D wpa_supplicant: Wireless event: cmd=0x8c00 len=20
06-26 14:23:25.851   277   277 D wpa_supplicant: RTM_NEWLINK: operstate=1 ifi_flags=0x11043 ([UP][RUNNING][LOWER_UP])
06-26 14:23:25.851   277   277 D wpa_supplicant: RTM_NEWLINK, IFLA_IFNAME: Interface 'wlan0' added
06-26 14:23:25.851   277   277 D wpa_supplicant: Wireless event: cmd=0x8c00 len=20
06-26 14:23:25.855   277   277 D wpa_supplicant: RTM_NEWLINK: operstate=1 ifi_flags=0x11043 ([UP][RUNNING][LOWER_UP])
06-26 14:23:25.855   277   277 D wpa_supplicant: RTM_NEWLINK, IFLA_IFNAME: Interface 'wlan0' added
06-26 14:23:25.855   277   277 D wpa_supplicant: Wireless event: cmd=0x8c00 len=20
06-26 14:23:25.863   277   277 D wpa_supplicant: RTM_NEWLINK: operstate=1 ifi_flags=0x11043 ([UP][RUNNING][LOWER_UP])
06-26 14:23:25.863   277   277 D wpa_supplicant: RTM_NEWLINK, IFLA_IFNAME: Interface 'wlan0' added
06-26 14:23:25.863   277   277 D wpa_supplicant: Wireless event: cmd=0x8c00 len=20
06-26 14:23:25.867   277   277 D wpa_supplicant: RTM_NEWLINK: operstate=1 ifi_flags=0x11043 ([UP][RUNNING][LOWER_UP])
06-26 14:23:25.867   277   277 D wpa_supplicant: RTM_NEWLINK, IFLA_IFNAME: Interface 'wlan0' added
06-26 14:23:25.867   277   277 D wpa_supplicant: Wireless event: cmd=0x8c00 len=20
06-26 14:23:25.871   277   277 D wpa_supplicant: RTM_NEWLINK: operstate=1 ifi_flags=0x11043 ([UP][RUNNING][LOWER_UP])
06-26 14:23:25.871   277   277 D wpa_supplicant: RTM_NEWLINK, IFLA_IFNAME: Interface 'wlan0' added
06-26 14:23:25.871   277   277 D wpa_supplicant: Wireless event: cmd=0x8c00 len=20
06-26 14:23:25.875   277   277 D wpa_supplicant: RTM_NEWLINK: operstate=1 ifi_flags=0x11043 ([UP][RUNNING][LOWER_UP])
06-26 14:23:25.875   277   277 D wpa_supplicant: RTM_NEWLINK, IFLA_IFNAME: Interface 'wlan0' added
06-26 14:23:25.875   277   277 D wpa_supplicant: Wireless event: cmd=0x8c00 len=20
06-26 14:23:25.878   277   277 D wpa_supplicant: RTM_NEWLINK: operstate=1 ifi_flags=0x11043 ([UP][RUNNING][LOWER_UP])
06-26 14:23:25.878   277   277 D wpa_supplicant: RTM_NEWLINK, IFLA_IFNAME: Interface 'wlan0' added
06-26 14:23:25.878   277   277 D wpa_supplicant: Wireless event: cmd=0x8c00 len=20
06-26 14:23:25.886   277   277 D wpa_supplicant: RTM_NEWLINK: operstate=1 ifi_flags=0x11043 ([UP][RUNNING][LOWER_UP])
06-26 14:23:25.886   277   277 D wpa_supplicant: RTM_NEWLINK, IFLA_IFNAME: Interface 'wlan0' added
06-26 14:23:25.886   277   277 D wpa_supplicant: Wireless event: cmd=0x8c00 len=20
06-26 14:23:25.890   277   277 D wpa_supplicant: RTM_NEWLINK: operstate=1 ifi_flags=0x11043 ([UP][RUNNING][LOWER_UP])
06-26 14:23:25.890   277   277 D wpa_supplicant: RTM_NEWLINK, IFLA_IFNAME: Interface 'wlan0' added
06-26 14:23:25.890   277   277 D wpa_supplicant: Wireless event: cmd=0x8c00 len=20
06-26 14:23:25.894   277   277 D wpa_supplicant: RTM_NEWLINK: operstate=1 ifi_flags=0x11043 ([UP][RUNNING][LOWER_UP])
06-26 14:23:25.894   277   277 D wpa_supplicant: RTM_NEWLINK, IFLA_IFNAME: Interface 'wlan0' added
06-26 14:23:25.894   277   277 D wpa_supplicant: Wireless event: cmd=0x8c00 len=20
06-26 14:23:25.898   277   277 D wpa_supplicant: RTM_NEWLINK: operstate=1 ifi_flags=0x11043 ([UP][RUNNING][LOWER_UP])
06-26 14:23:25.898   277   277 D wpa_supplicant: RTM_NEWLINK, IFLA_IFNAME: Interface 'wlan0' added
06-26 14:23:25.898   277   277 D wpa_supplicant: Wireless event: cmd=0x8c00 len=20
06-26 14:23:25.902   277   277 D wpa_supplicant: RTM_NEWLINK: operstate=1 ifi_flags=0x11043 ([UP][RUNNING][LOWER_UP])
06-26 14:23:25.902   277   277 D wpa_supplicant: RTM_NEWLINK, IFLA_IFNAME: Interface 'wlan0' added
06-26 14:23:25.902   277   277 D wpa_supplicant: Wireless event: cmd=0x8c00 len=20
06-26 14:23:25.906   277   277 D wpa_supplicant: RTM_NEWLINK: operstate=1 ifi_flags=0x11043 ([UP][RUNNING][LOWER_UP])
06-26 14:23:25.906   277   277 D wpa_supplicant: RTM_NEWLINK, IFLA_IFNAME: Interface 'wlan0' added
06-26 14:23:25.906   277   277 D wpa_supplicant: Wireless event: cmd=0x8c00 len=20
06-26 14:23:25.910   277   277 D wpa_supplicant: RTM_NEWLINK: operstate=1 ifi_flags=0x11043 ([UP][RUNNING][LOWER_UP])
06-26 14:23:25.910   277   277 D wpa_supplicant: RTM_NEWLINK, IFLA_IFNAME: Interface 'wlan0' added
06-26 14:23:25.910   277   277 D wpa_supplicant: Wireless event: cmd=0x8c00 len=20
06-26 14:23:25.918   277   277 D wpa_supplicant: RTM_NEWLINK: operstate=1 ifi_flags=0x11043 ([UP][RUNNING][LOWER_UP])
06-26 14:23:25.918   277   277 D wpa_supplicant: RTM_NEWLINK, IFLA_IFNAME: Interface 'wlan0' added
06-26 14:23:25.918   277   277 D wpa_supplicant: Wireless event: cmd=0x8c00 len=20
06-26 14:23:25.929   277   277 D wpa_supplicant: RTM_NEWLINK: operstate=1 ifi_flags=0x11043 ([UP][RUNNING][LOWER_UP])
06-26 14:23:25.929   277   277 D wpa_supplicant: RTM_NEWLINK, IFLA_IFNAME: Interface 'wlan0' added
06-26 14:23:25.929   277   277 D wpa_supplicant: Wireless event: cmd=0x8c00 len=20
06-26 14:23:26.222   277   277 D wpa_supplicant: RTM_NEWLINK: operstate=1 ifi_flags=0x11043 ([UP][RUNNING][LOWER_UP])
06-26 14:23:26.222   277   277 D wpa_supplicant: RTM_NEWLINK, IFLA_IFNAME: Interface 'wlan0' added
06-26 14:23:26.222   277   277 D wpa_supplicant: Wireless event: cmd=0x8c00 len=20
06-26 14:23:26.230   277   277 D wpa_supplicant: RTM_NEWLINK: operstate=1 ifi_flags=0x11043 ([UP][RUNNING][LOWER_UP])
06-26 14:23:26.230   277   277 D wpa_supplicant: RTM_NEWLINK, IFLA_IFNAME: Interface 'wlan0' added
06-26 14:23:26.230   277   277 D wpa_supplicant: Wireless event: cmd=0x8c00 len=20
06-26 14:23:26.234   277   277 D wpa_supplicant: RTM_NEWLINK: operstate=1 ifi_flags=0x11043 ([UP][RUNNING][LOWER_UP])
06-26 14:23:26.234   277   277 D wpa_supplicant: RTM_NEWLINK, IFLA_IFNAME: Interface 'wlan0' added
06-26 14:23:26.234   277   277 D wpa_supplicant: Wireless event: cmd=0x8c00 len=20
06-26 14:23:26.238   277   277 D wpa_supplicant: RTM_NEWLINK: operstate=1 ifi_flags=0x11043 ([UP][RUNNING][LOWER_UP])
06-26 14:23:26.238   277   277 D wpa_supplicant: RTM_NEWLINK, IFLA_IFNAME: Interface 'wlan0' added
06-26 14:23:26.238   277   277 D wpa_supplicant: Wireless event: cmd=0x8c00 len=20
06-26 14:23:26.242   277   277 D wpa_supplicant: RTM_NEWLINK: operstate=1 ifi_flags=0x11043 ([UP][RUNNING][LOWER_UP])
06-26 14:23:26.242   277   277 D wpa_supplicant: RTM_NEWLINK, IFLA_IFNAME: Interface 'wlan0' added
06-26 14:23:26.242   277   277 D wpa_supplicant: Wireless event: cmd=0x8c00 len=20
06-26 14:23:26.250   277   277 D wpa_supplicant: RTM_NEWLINK: operstate=1 ifi_flags=0x11043 ([UP][RUNNING][LOWER_UP])
06-26 14:23:26.250   277   277 D wpa_supplicant: RTM_NEWLINK, IFLA_IFNAME: Interface 'wlan0' added
06-26 14:23:26.250   277   277 D wpa_supplicant: Wireless event: cmd=0x8c00 len=20
06-26 14:23:26.250   277   277 D wpa_supplicant: RTM_NEWLINK: operstate=1 ifi_flags=0x11043 ([UP][RUNNING][LOWER_UP])
06-26 14:23:26.250   277   277 D wpa_supplicant: RTM_NEWLINK, IFLA_IFNAME: Interface 'wlan0' added
06-26 14:23:26.250   277   277 D wpa_supplicant: Wireless event: cmd=0x8c00 len=20
06-26 14:23:26.253   277   277 D wpa_supplicant: RTM_NEWLINK: operstate=1 ifi_flags=0x11043 ([UP][RUNNING][LOWER_UP])
06-26 14:23:26.253   277   277 D wpa_supplicant: RTM_NEWLINK, IFLA_IFNAME: Interface 'wlan0' added
06-26 14:23:26.253   277   277 D wpa_supplicant: Wireless event: cmd=0x8c00 len=20
06-26 14:23:26.257   277   277 D wpa_supplicant: RTM_NEWLINK: operstate=1 ifi_flags=0x11043 ([UP][RUNNING][LOWER_UP])
06-26 14:23:26.257   277   277 D wpa_supplicant: RTM_NEWLINK, IFLA_IFNAME: Interface 'wlan0' added
06-26 14:23:26.257   277   277 D wpa_supplicant: Wireless event: cmd=0x8c00 len=20
06-26 14:23:26.261   277   277 D wpa_supplicant: RTM_NEWLINK: operstate=1 ifi_flags=0x11043 ([UP][RUNNING][LOWER_UP])
06-26 14:23:26.261   277   277 D wpa_supplicant: RTM_NEWLINK, IFLA_IFNAME: Interface 'wlan0' added
06-26 14:23:26.261   277   277 D wpa_supplicant: Wireless event: cmd=0x8c00 len=20
06-26 14:23:26.265   277   277 D wpa_supplicant: RTM_NEWLINK: operstate=1 ifi_flags=0x11043 ([UP][RUNNING][LOWER_UP])
06-26 14:23:26.265   277   277 D wpa_supplicant: RTM_NEWLINK, IFLA_IFNAME: Interface 'wlan0' added
06-26 14:23:26.265   277   277 D wpa_supplicant: Wireless event: cmd=0x8c00 len=20
06-26 14:23:26.273   277   277 D wpa_supplicant: RTM_NEWLINK: operstate=1 ifi_flags=0x11043 ([UP][RUNNING][LOWER_UP])
06-26 14:23:26.273   277   277 D wpa_supplicant: RTM_NEWLINK, IFLA_IFNAME: Interface 'wlan0' added
06-26 14:23:26.273   277   277 D wpa_supplicant: Wireless event: cmd=0x8c00 len=20
06-26 14:23:26.273   277   277 D wpa_supplicant: RTM_NEWLINK: operstate=1 ifi_flags=0x11043 ([UP][RUNNING][LOWER_UP])
06-26 14:23:26.273   277   277 D wpa_supplicant: RTM_NEWLINK, IFLA_IFNAME: Interface 'wlan0' added
06-26 14:23:26.273   277   277 D wpa_supplicant: Wireless event: cmd=0x8c00 len=20
06-26 14:23:26.277   277   277 D wpa_supplicant: RTM_NEWLINK: operstate=1 ifi_flags=0x11043 ([UP][RUNNING][LOWER_UP])
06-26 14:23:26.277   277   277 D wpa_supplicant: RTM_NEWLINK, IFLA_IFNAME: Interface 'wlan0' added
06-26 14:23:26.277   277   277 D wpa_supplicant: Wireless event: cmd=0x8c00 len=20
06-26 14:23:26.281   277   277 D wpa_supplicant: RTM_NEWLINK: operstate=1 ifi_flags=0x11043 ([UP][RUNNING][LOWER_UP])
06-26 14:23:26.281   277   277 D wpa_supplicant: RTM_NEWLINK, IFLA_IFNAME: Interface 'wlan0' added
06-26 14:23:26.281   277   277 D wpa_supplicant: Wireless event: cmd=0x8c00 len=20
06-26 14:23:26.289   277   277 D wpa_supplicant: RTM_NEWLINK: operstate=1 ifi_flags=0x11043 ([UP][RUNNING][LOWER_UP])
06-26 14:23:26.289   277   277 D wpa_supplicant: RTM_NEWLINK, IFLA_IFNAME: Interface 'wlan0' added
06-26 14:23:26.289   277   277 D wpa_supplicant: Wireless event: cmd=0x8c00 len=20
06-26 14:23:26.293   277   277 D wpa_supplicant: RTM_NEWLINK: operstate=1 ifi_flags=0x11043 ([UP][RUNNING][LOWER_UP])
06-26 14:23:26.293   277   277 D wpa_supplicant: RTM_NEWLINK, IFLA_IFNAME: Interface 'wlan0' added
06-26 14:23:26.293   277   277 D wpa_supplicant: Wireless event: cmd=0x8c00 len=20
06-26 14:23:26.296   277   277 D wpa_supplicant: RTM_NEWLINK: operstate=1 ifi_flags=0x11043 ([UP][RUNNING][LOWER_UP])
06-26 14:23:26.296   277   277 D wpa_supplicant: RTM_NEWLINK, IFLA_IFNAME: Interface 'wlan0' added
06-26 14:23:26.296   277   277 D wpa_supplicant: Wireless event: cmd=0x8c00 len=20
06-26 14:23:26.300   277   277 D wpa_supplicant: RTM_NEWLINK: operstate=1 ifi_flags=0x11043 ([UP][RUNNING][LOWER_UP])
06-26 14:23:26.300   277   277 D wpa_supplicant: RTM_NEWLINK, IFLA_IFNAME: Interface 'wlan0' added
06-26 14:23:26.300   277   277 D wpa_supplicant: Wireless event: cmd=0x8c00 len=20
06-26 14:23:26.304   277   277 D wpa_supplicant: RTM_NEWLINK: operstate=1 ifi_flags=0x11043 ([UP][RUNNING][LOWER_UP])
06-26 14:23:26.304   277   277 D wpa_supplicant: RTM_NEWLINK, IFLA_IFNAME: Interface 'wlan0' added
06-26 14:23:26.304   277   277 D wpa_supplicant: Wireless event: cmd=0x8c00 len=20
06-26 14:23:26.308   277   277 D wpa_supplicant: RTM_NEWLINK: operstate=1 ifi_flags=0x11043 ([UP][RUNNING][LOWER_UP])
06-26 14:23:26.308   277   277 D wpa_supplicant: RTM_NEWLINK, IFLA_IFNAME: Interface 'wlan0' added
06-26 14:23:26.308   277   277 D wpa_supplicant: Wireless event: cmd=0x8c00 len=20
06-26 14:23:26.312   277   277 D wpa_supplicant: RTM_NEWLINK: operstate=1 ifi_flags=0x11043 ([UP][RUNNING][LOWER_UP])
06-26 14:23:26.312   277   277 D wpa_supplicant: RTM_NEWLINK, IFLA_IFNAME: Interface 'wlan0' added
06-26 14:23:26.312   277   277 D wpa_supplicant: Wireless event: cmd=0x8c00 len=20
06-26 14:23:26.316   277   277 D wpa_supplicant: RTM_NEWLINK: operstate=1 ifi_flags=0x11043 ([UP][RUNNING][LOWER_UP])
06-26 14:23:26.316   277   277 D wpa_supplicant: RTM_NEWLINK, IFLA_IFNAME: Interface 'wlan0' added
06-26 14:23:26.316   277   277 D wpa_supplicant: Wireless event: cmd=0x8c00 len=20
06-26 14:23:26.324   277   277 D wpa_supplicant: RTM_NEWLINK: operstate=1 ifi_flags=0x11043 ([UP][RUNNING][LOWER_UP])
06-26 14:23:26.324   277   277 D wpa_supplicant: RTM_NEWLINK, IFLA_IFNAME: Interface 'wlan0' added
06-26 14:23:26.324   277   277 D wpa_supplicant: Wireless event: cmd=0x8c00 len=20
06-26 14:23:27.273   277   277 D wpa_supplicant: RTM_NEWLINK: operstate=1 ifi_flags=0x11043 ([UP][RUNNING][LOWER_UP])
06-26 14:23:27.273   277   277 D wpa_supplicant: RTM_NEWLINK, IFLA_IFNAME: Interface 'wlan0' added
06-26 14:23:27.273   277   277 D wpa_supplicant: Wireless event: cmd=0x8c00 len=20
06-26 14:23:27.312   277   277 D wpa_supplicant: RTM_NEWLINK: operstate=1 ifi_flags=0x11043 ([UP][RUNNING][LOWER_UP])
06-26 14:23:27.312   277   277 D wpa_supplicant: RTM_NEWLINK, IFLA_IFNAME: Interface 'wlan0' added
06-26 14:23:27.312   277   277 D wpa_supplicant: Wireless event: cmd=0x8c00 len=20
06-26 14:23:27.894   277   277 D wpa_supplicant: RTM_NEWLINK: operstate=1 ifi_flags=0x11043 ([UP][RUNNING][LOWER_UP])
06-26 14:23:27.894   277   277 D wpa_supplicant: RTM_NEWLINK, IFLA_IFNAME: Interface 'wlan0' added
06-26 14:23:27.894   277   277 D wpa_supplicant: Wireless event: cmd=0x8c00 len=20
06-26 14:23:28.519   277   277 D wpa_supplicant: RTM_NEWLINK: operstate=1 ifi_flags=0x11043 ([UP][RUNNING][LOWER_UP])
06-26 14:23:28.519   277   277 D wpa_supplicant: RTM_NEWLINK, IFLA_IFNAME: Interface 'wlan0' added
06-26 14:23:28.519   277   277 D wpa_supplicant: Wireless event: cmd=0x8b15 len=20
06-26 14:23:28.519   277   277 D wpa_supplicant: Wireless event: new AP: 00:00:00:00:00:00
06-26 14:23:28.519   277   277 D wpa_supplicant: Added BSSID d0:c2:82:67:e7:60 into blacklist
06-26 14:23:28.519   277   277 I wpa_supplicant: wlan0: CTRL-EVENT-DISCONNECTED bssid=d0:c2:82:67:e7:60 reason=0
06-26 14:23:28.519   277   277 D wpa_supplicant: wpa_driver_wext_set_key: alg=0 key_idx=0 set_tx=0 seq_len=0 key_len=0
06-26 14:23:28.531   277   277 D wpa_supplicant: wpa_driver_wext_set_key: alg=0 key_idx=1 set_tx=0 seq_len=0 key_len=0
06-26 14:23:28.539   277   277 D wpa_supplicant: wpa_driver_wext_set_key: alg=0 key_idx=2 set_tx=0 seq_len=0 key_len=0
06-26 14:23:28.558    75   115 D CommandListener: Clearing all IP addresses on wlan0
06-26 14:23:28.566   277   277 D wpa_supplicant: wpa_driver_wext_set_key: alg=0 key_idx=3 set_tx=0 seq_len=0 key_len=0
06-26 14:23:28.578   141   198 D ConnectivityService: ConnectivityChange for WIFI: DISCONNECTED/DISCONNECTED
06-26 14:23:28.582   277   277 D wpa_supplicant: wpa_driver_wext_set_key: alg=0 key_idx=0 set_tx=0 seq_len=0 key_len=0
06-26 14:23:28.582   277   277 D wpa_supplicant: wpa_driver_wext_set_operstate: operstate 1->0 (DORMANT)
06-26 14:23:28.582   277   277 D wpa_supplicant: netlink: Operstate: linkmode=-1, operstate=5
06-26 14:23:28.582   277   277 D wpa_supplicant: EAPOL: External notification - portEnabled=0
06-26 14:23:28.582   277   277 D wpa_supplicant: EAPOL: SUPP_PAE entering state DISCONNECTED
06-26 14:23:28.582   277   277 D wpa_supplicant: EAPOL: Supplicant port status: Unauthorized
06-26 14:23:28.582   277   277 D wpa_supplicant: EAPOL: SUPP_BE entering state INITIALIZE
06-26 14:23:28.582   277   277 D wpa_supplicant: EAP: EAP entering state DISABLED
06-26 14:23:28.582   277   277 D wpa_supplicant: EAPOL: Supplicant port status: Unauthorized
