06-21 14:47:37.804   279   279 D wpa_supplicant: EAP-PEAP: Phase 2 Request: type=1
06-21 14:47:37.804   279   279 D wpa_supplicant: SSL: 74 bytes left to be sent out (of total 74 bytes)
06-21 14:47:37.804   279   279 D wpa_supplicant: EAP: method process -> ignore=FALSE methodState=MAY_CONT decision=FAIL
06-21 14:47:37.804   279   279 D wpa_supplicant: EAP: EAP entering state SEND_RESPONSE
06-21 14:47:37.804   279   279 D wpa_supplicant: EAP: EAP entering state IDLE
06-21 14:47:37.804   279   279 D wpa_supplicant: EAPOL: SUPP_BE entering state RESPONSE
06-21 14:47:37.804   279   279 D wpa_supplicant: EAPOL: txSuppRsp
06-21 14:47:37.804   279   279 D wpa_supplicant: TX EAPOL: dst=d0:c2:82:7e:30:a0
06-21 14:47:37.804   279   279 D wpa_supplicant: EAPOL: SUPP_BE entering state RECEIVE
06-21 14:47:37.804   279   279 D wpa_supplicant: EAPOL: Received EAP-Packet frame
06-21 14:47:37.804   279   279 D wpa_supplicant: EAPOL: SUPP_BE entering state REQUEST
06-21 14:47:37.804   279   279 D wpa_supplicant: EAPOL: getSuppRsp
06-21 14:47:37.804   279   279 D wpa_supplicant: EAP: EAP entering state RECEIVED
06-21 14:47:37.804   279   279 D wpa_supplicant: EAP: Received EAP-Request id=11 method=25 vendor=0 vendorMethod=0
06-21 14:47:37.804   279   279 D wpa_supplicant: EAP: EAP entering state METHOD
06-21 14:47:37.804   279   279 D wpa_supplicant: SSL: Received packet(len=59) - Flags 0x00
06-21 14:47:37.804   279   279 D wpa_supplicant: EAP-PEAP: received 53 bytes encrypted data for Phase 2
06-21 14:47:37.804   279   279 D wpa_supplicant: EAP-PEAP: received Phase 2: code=1 identifier=11 length=31
06-21 14:47:37.804   279   279 D wpa_supplicant: EAP-PEAP: Phase 2 Request: type=26
06-21 14:47:37.804   279   279 D wpa_supplicant: EAP-PEAP: Selected Phase 2 EAP vendor 0 method 26
06-21 14:47:37.804   279   279 D wpa_supplicant: EAP-MSCHAPV2: RX identifier 11 mschapv2_id 11
06-21 14:47:37.804   279   279 D wpa_supplicant: EAP-MSCHAPV2: Received challenge
06-21 14:47:37.804   279   279 D wpa_supplicant: EAP-MSCHAPV2: Generating Challenge Response
06-21 14:47:37.808   279   279 D wpa_supplicant: EAP-MSCHAPV2: TX identifier 11 mschapv2_id 11 (response)
06-21 14:47:37.808   279   279 D wpa_supplicant: SSL: 138 bytes left to be sent out (of total 138 bytes)
06-21 14:47:37.808   279   279 D wpa_supplicant: EAP: method process -> ignore=FALSE methodState=MAY_CONT decision=FAIL
06-21 14:47:37.808   279   279 D wpa_supplicant: EAP: EAP entering state SEND_RESPONSE
06-21 14:47:37.808   279   279 D wpa_supplicant: EAP: EAP entering state IDLE
06-21 14:47:37.808   279   279 D wpa_supplicant: EAPOL: SUPP_BE entering state RESPONSE
06-21 14:47:37.808   279   279 D wpa_supplicant: EAPOL: txSuppRsp
06-21 14:47:37.808   279   279 D wpa_supplicant: TX EAPOL: dst=d0:c2:82:7e:30:a0
06-21 14:47:37.808   279   279 D wpa_supplicant: EAPOL: SUPP_BE entering state RECEIVE
06-21 14:47:37.894   142   145 D dalvikvm: GC_CONCURRENT freed 1615K, 14% free 15346K/17735K, paused 3ms+7ms
06-21 14:47:37.933   279   279 D wpa_supplicant: EAPOL: Received EAP-Packet frame
06-21 14:47:37.933   279   279 D wpa_supplicant: EAPOL: SUPP_BE entering state REQUEST
06-21 14:47:37.933   279   279 D wpa_supplicant: EAPOL: getSuppRsp
06-21 14:47:37.933   279   279 D wpa_supplicant: EAP: EAP entering state RECEIVED
06-21 14:47:37.933   279   279 D wpa_supplicant: EAP: Received EAP-Request id=12 method=25 vendor=0 vendorMethod=0
06-21 14:47:37.933   279   279 D wpa_supplicant: EAP: EAP entering state METHOD
06-21 14:47:37.933   279   279 D wpa_supplicant: SSL: Received packet(len=91) - Flags 0x00
06-21 14:47:37.933   279   279 D wpa_supplicant: EAP-PEAP: received 85 bytes encrypted data for Phase 2
06-21 14:47:37.933   279   279 D wpa_supplicant: EAP-PEAP: received Phase 2: code=1 identifier=12 length=51
06-21 14:47:37.933   279   279 D wpa_supplicant: EAP-PEAP: Phase 2 Request: type=26
06-21 14:47:37.933   279   279 D wpa_supplicant: EAP-MSCHAPV2: RX identifier 12 mschapv2_id 11
06-21 14:47:37.933   279   279 D wpa_supplicant: EAP-MSCHAPV2: Received success
06-21 14:47:37.933   279   279 I wpa_supplicant: EAP-MSCHAPV2: Authentication succeeded
06-21 14:47:37.933   279   279 D wpa_supplicant: SSL: 74 bytes left to be sent out (of total 74 bytes)
06-21 14:47:37.933   279   279 D wpa_supplicant: EAP: method process -> ignore=FALSE methodState=MAY_CONT decision=FAIL
06-21 14:47:37.933   279   279 D wpa_supplicant: EAP: EAP entering state SEND_RESPONSE
06-21 14:47:37.933   279   279 D wpa_supplicant: EAP: EAP entering state IDLE
06-21 14:47:37.933   279   279 D wpa_supplicant: EAPOL: SUPP_BE entering state RESPONSE
06-21 14:47:37.933   279   279 D wpa_supplicant: EAPOL: txSuppRsp
06-21 14:47:37.933   279   279 D wpa_supplicant: TX EAPOL: dst=d0:c2:82:7e:30:a0
06-21 14:47:37.933   279   279 D wpa_supplicant: EAPOL: SUPP_BE entering state RECEIVE
06-21 14:47:37.937   279   279 D wpa_supplicant: EAPOL: Received EAP-Packet frame
06-21 14:47:37.937   279   279 D wpa_supplicant: EAPOL: SUPP_BE entering state REQUEST
06-21 14:47:37.937   279   279 D wpa_supplicant: EAPOL: getSuppRsp
06-21 14:47:37.937   279   279 D wpa_supplicant: EAP: EAP entering state RECEIVED
06-21 14:47:37.937   279   279 D wpa_supplicant: EAP: Received EAP-Request id=13 method=25 vendor=0 vendorMethod=0
06-21 14:47:37.937   279   279 D wpa_supplicant: EAP: EAP entering state METHOD
06-21 14:47:37.937   279   279 D wpa_supplicant: SSL: Received packet(len=43) - Flags 0x00
06-21 14:47:37.937   279   279 D wpa_supplicant: EAP-PEAP: received 37 bytes encrypted data for Phase 2
06-21 14:47:37.937   279   279 D wpa_supplicant: EAP-PEAP: received Phase 2: code=1 identifier=13 length=11
06-21 14:47:37.937   279   279 D wpa_supplicant: EAP-PEAP: Phase 2 Request: type=33
06-21 14:47:37.937   279   279 I wpa_supplicant: EAP-TLV: TLV Result - Success - EAP-TLV/Phase2 Completed
06-21 14:47:37.937   279   279 D wpa_supplicant: SSL: 74 bytes left to be sent out (of total 74 bytes)
06-21 14:47:37.937   279   279 D wpa_supplicant: EAP: method process -> ignore=FALSE methodState=DONE decision=UNCOND_SUCC
06-21 14:47:37.937   279   279 D wpa_supplicant: EAP: EAP entering state SEND_RESPONSE
06-21 14:47:37.937   279   279 D wpa_supplicant: EAP: EAP entering state IDLE
06-21 14:47:37.937   279   279 D wpa_supplicant: EAPOL: SUPP_BE entering state RESPONSE
06-21 14:47:37.937   279   279 D wpa_supplicant: EAPOL: txSuppRsp
06-21 14:47:37.937   279   279 D wpa_supplicant: TX EAPOL: dst=d0:c2:82:7e:30:a0
06-21 14:47:37.941   279   279 D wpa_supplicant: EAPOL: SUPP_BE entering state RECEIVE
06-21 14:47:37.941   279   279 D wpa_supplicant: EAPOL: Received EAP-Packet frame
06-21 14:47:37.941   279   279 D wpa_supplicant: EAPOL: SUPP_BE entering state REQUEST
06-21 14:47:37.941   279   279 D wpa_supplicant: EAPOL: getSuppRsp
06-21 14:47:37.941   279   279 D wpa_supplicant: EAP: EAP entering state RECEIVED
06-21 14:47:37.941   279   279 D wpa_supplicant: EAP: Received EAP-Success
06-21 14:47:37.941   279   279 D wpa_supplicant: EAP: EAP entering state SUCCESS
06-21 14:47:37.941   279   279 I wpa_supplicant: wlan0: CTRL-EVENT-EAP-SUCCESS EAP authentication completed successfully
06-21 14:47:37.941   279   279 D wpa_supplicant: EAPOL: SUPP_BE entering state RECEIVE
06-21 14:47:37.941   279   279 D wpa_supplicant: EAPOL: SUPP_BE entering state SUCCESS
06-21 14:47:37.941   279   279 D wpa_supplicant: EAPOL: SUPP_BE entering state IDLE
06-21 14:47:37.941   279   279 D wpa_supplicant: EAPOL: Ignoring WPA EAPOL-Key frame in EAPOL state machines
06-21 14:47:37.945   279   279 D wpa_supplicant: EAPOL: Successfully fetched key (len=32)
06-21 14:47:37.945   279   279 D wpa_supplicant: RSN: added PMKSA cache entry for d0:c2:82:7e:30:a0
06-21 14:47:37.949   279   279 D wpa_supplicant: WPA: PTK derivation - A1=78:d6:f0:49:8a:04 A2=d0:c2:82:7e:30:a0
06-21 14:47:37.953   279   279 D wpa_supplicant: EAPOL: Ignoring WPA EAPOL-Key frame in EAPOL state machines
06-21 14:47:37.953   279   279 D wpa_supplicant: wpa_driver_wext_set_key: alg=3 key_idx=0 set_tx=1 seq_len=6 key_len=16
06-21 14:47:37.953   279   279 D wpa_supplicant: EAPOL: External notification - portValid=1
06-21 14:47:37.953   279   279 D wpa_supplicant: EAPOL: SUPP_PAE entering state AUTHENTICATED
06-21 14:47:37.953   279   279 D wpa_supplicant: EAPOL: Supplicant port status: Authorized
06-21 14:47:37.953   279   279 D wpa_supplicant: EAPOL authentication completed successfully
06-21 14:47:37.953   279   279 D wpa_supplicant: wpa_driver_wext_set_key: alg=2 key_idx=1 set_tx=0 seq_len=6 key_len=32
06-21 14:47:37.953   279   279 I wpa_supplicant: wlan0: WPA: Key negotiation completed with d0:c2:82:7e:30:a0 [PTK=CCMP GTK=TKIP]
06-21 14:47:37.953   279   279 I wpa_supplicant: wlan0: CTRL-EVENT-CONNECTED - Connection to d0:c2:82:7e:30:a0 completed (reauth) [id=0 id_str=]
06-21 14:47:37.953   279   279 D wpa_supplicant: wpa_driver_wext_set_operstate: operstate 0->1 (UP)
06-21 14:47:37.953   279   279 D wpa_supplicant: netlink: Operstate: linkmode=-1, operstate=6
06-21 14:47:37.957   279   279 D wpa_supplicant: EAPOL: External notification - portValid=1
06-21 14:47:37.957   279   279 D wpa_supplicant: RTM_NEWLINK: operstate=1 ifi_flags=0x11043 ([UP][RUNNING][LOWER_UP])
06-21 14:47:37.957   279   279 D wpa_supplicant: RTM_NEWLINK, IFLA_IFNAME: Interface 'wlan0' added
06-21 14:47:37.961   279   279 D wpa_supplicant: RTM_NEWLINK: operstate=1 ifi_flags=0x11003 ([UP][LOWER_UP])
06-21 14:47:37.961   279   279 D wpa_supplicant: netlink: Operstate: linkmode=-1, operstate=6
06-21 14:47:37.961   279   279 D wpa_supplicant: RTM_NEWLINK, IFLA_IFNAME: Interface 'wlan0' added
06-21 14:47:37.961   279   279 D wpa_supplicant: Wireless event: cmd=0x8c09 len=32
06-21 14:47:37.961   279   279 D wpa_supplicant: PMKID candidate wireless event: flags=0x0 index=0 bssid=d0:c2:82:7e:30:a0
06-21 14:47:37.961   279   279 D wpa_supplicant: RSN: Ignored PMKID candidate without preauth flag
06-21 14:47:37.976   279   279 D wpa_supplicant: wpa_driver_wext_driver_cmd BTCOEXMODE 1 len = 4096
06-21 14:47:38.199   279   279 D wpa_supplicant: wpa_driver_wext_driver_cmd OK len = 0, 2
06-21 14:47:38.199   279   279 D wpa_supplicant: EAPOL: startWhen --> 0
06-21 14:47:38.199   279   279 D wpa_supplicant: wpa_driver_wext_driver_cmd GETPOWER len = 4096
06-21 14:47:38.211   279   279 D wpa_supplicant: wpa_driver_wext_driver_cmd powermode = 0 len = 13, 13
06-21 14:47:38.211   279   279 D wpa_supplicant: wpa_driver_wext_driver_cmd POWERMODE 1 len = 4096
06-21 14:47:38.211   279   279 D wpa_supplicant: wpa_driver_wext_driver_cmd OK len = 0, 2
06-21 14:47:38.613   279   279 D wpa_supplicant: wpa_driver_wext_driver_cmd POWERMODE 0 len = 4096
06-21 14:47:38.613   279   279 D wpa_supplicant: wpa_driver_wext_driver_cmd OK len = 0, 2
06-21 14:47:38.613   279   279 D wpa_supplicant: wpa_driver_wext_driver_cmd BTCOEXMODE 2 len = 4096
06-21 14:47:38.613   279   279 D wpa_supplicant: wpa_driver_wext_driver_cmd OK len = 0, 2
06-21 14:47:38.625   142   198 D ConnectivityService: ConnectivityChange for WIFI: CONNECTED/CONNECTED
06-21 14:47:38.632   279   279 D wpa_supplicant: wpa_driver_wext_driver_cmd RSSI len = 248
06-21 14:47:38.636  3697  3697 I PhoneLab-WiFiReceiver: Wi-Fi is connected!
06-21 14:47:38.644  3697  3697 I PhoneLab-WiFiReceiver: SSID: UB_Secure BSSID: d0:c2:82:7e:30:a0 RSSI: -200 LinkSpeed: -1
06-21 14:47:38.644  3697  3697 I PhoneLab-Locks: wake lock acquired
06-21 14:47:38.648  3697  3697 I PhoneLab-UploadLogs: Transfering log files now
06-21 14:47:38.648  3697  3697 I PhoneLab-UploadLogs: No log files to transfer
06-21 14:47:38.648  3697  3697 I PhoneLab-Locks: wake lock released
06-21 14:47:38.648   279   279 D wpa_supplicant: wpa_driver_wext_driver_cmd UB_Secure rssi -75  len = 19, 19
06-21 14:47:38.648   279   279 D wpa_supplicant: wpa_driver_wext_driver_cmd LINKSPEED len = 248
06-21 14:47:38.648   279   279 D wpa_supplicant: wpa_driver_wext_driver_cmd LinkSpeed 65 len = 12, 12
06-21 14:47:38.664  3697  3697 I PhoneLab-UploadLogs: OnStartCommand
06-21 14:47:38.679   142   193 W NetworkStats: dropping UID delta from unknown iface: iface=wlan0 uid=0 set=DEFAULT tag=0x0 rxBytes=0 rxPackets=0 txBytes=140 txPackets=2 operations=0
06-21 14:47:39.625   142   198 D ConnectivityService: NetTransition Wakelock for WifiStateMachine released by timeout
06-21 14:47:40.175   142   202 D Tethering: MasterInitialState.processMessage what=3
06-21 14:47:40.234   298   298 I GTalkService/c: [AndroidEndpoint@1095005424] connect: acct=1000000, state=CONNECTING
06-21 14:47:40.242   298   298 I GTalkService/c: [GTalkConnection@1094869072] connect: acct=1, state=CONNECTING
06-21 14:47:40.261   298   298 I GTalkService/c: [GTalkConnection@1094868384] connect: acct=2, state=CONNECTING
06-21 14:47:40.277  5454  5467 D PicasaSyncManager: active network: NetworkInfo: type: WIFI[], state: CONNECTED/CONNECTED, reason: (unspecified), extra: (none), roaming: false, failover: false, isAvailable: true
06-21 14:47:40.277  5454  5467 D PicasaSyncManager: background data: true
06-21 14:47:40.332   298   298 D dalvikvm: GC_EXPLICIT freed 443K, 8% free 10811K/11655K, paused 2ms+5ms
06-21 14:47:40.433   142   538 D dalvikvm: GC_EXPLICIT freed 447K, 14% free 15270K/17735K, paused 25ms+12ms
06-21 14:47:40.449  5420  5420 I MediaUploader: No need to wake up
06-21 14:47:40.449  3697  3697 I PhoneLab-WiFiReceiver: Wi-Fi is disconnected!
06-21 14:47:40.769   212   212 D PhoneStatusBar: disable: < expand icons alerts ticker system_info BACK HOME recent* CLOCK >
06-21 14:47:40.773   366  1566 D NfcService: NFC-C ON
06-21 14:47:40.785   142  2599 W InputManagerService: Window already focused, ignoring focus gain of: com.android.internal.view.IInputMethodClient$Stub$Proxy@417a0a60
06-21 14:47:40.793   212   212 D PhoneStatusBar: disable: < expand icons alerts ticker system_info back* home* recent clock* >
06-21 14:47:41.664   279   279 D wpa_supplicant: wpa_driver_wext_driver_cmd RSSI len = 248
06-21 14:47:41.664   279   279 D wpa_supplicant: wpa_driver_wext_driver_cmd UB_Secure rssi -90  len = 19, 19
06-21 14:47:41.664   279   279 D wpa_supplicant: wpa_driver_wext_driver_cmd LINKSPEED len = 248
06-21 14:47:41.664   279   279 D wpa_supplicant: wpa_driver_wext_driver_cmd LinkSpeed 65 len = 12, 12
06-21 14:47:41.679   142   202 D Tethering: MasterInitialState.processMessage what=3
06-21 14:47:41.726  5454  5467 D PicasaSyncManager: active network: NetworkInfo: type: WIFI[], state: CONNECTED/CONNECTED, reason: (unspecified), extra: (none), roaming: false, failover: false, isAvailable: true
06-21 14:47:41.726  5454  5467 D PicasaSyncManager: background data: true
06-21 14:47:41.761  5420  5420 I MediaUploader: No need to wake up
06-21 14:47:41.882  1937  1939 D dalvikvm: GC_CONCURRENT freed 241K, 9% free 9390K/10247K, paused 2ms+3ms
06-21 14:47:42.621    81   122 D AudioHardware: AudioHardware pcm playback is exiting standby.
06-21 14:47:42.621    81   122 D AudioHardware: openPcmOut_l() mPcmOpenCnt: 0
06-21 14:47:42.734   212   214 D dalvikvm: GC_CONCURRENT freed 463K, 15% free 10275K/12039K, paused 2ms+3ms
06-21 14:47:42.875   212   214 D dalvikvm: GC_CONCURRENT freed 498K, 15% free 10279K/12039K, paused 3ms+3ms
06-21 14:47:42.918   142   360 W InputManagerService: Window already focused, ignoring focus gain of: com.android.internal.view.IInputMethodClient$Stub$Proxy@415c38a0
06-21 14:47:43.457   279   279 D wpa_supplicant: RTM_NEWLINK: operstate=1 ifi_flags=0x11043 ([UP][RUNNING][LOWER_UP])
06-21 14:47:43.457   279   279 D wpa_supplicant: RTM_NEWLINK, IFLA_IFNAME: Interface 'wlan0' added
06-21 14:47:43.457   279   279 D wpa_supplicant: Wireless event: cmd=0x8c09 len=32
06-21 14:47:43.457   279   279 D wpa_supplicant: PMKID candidate wireless event: flags=0x0 index=0 bssid=d0:c2:82:7e:30:a0
06-21 14:47:43.457   279   279 D wpa_supplicant: RSN: Ignored PMKID candidate without preauth flag
06-21 14:47:43.457   279   279 D wpa_supplicant: RTM_NEWLINK: operstate=1 ifi_flags=0x11043 ([UP][RUNNING][LOWER_UP])
06-21 14:47:43.457   279   279 D wpa_supplicant: RTM_NEWLINK, IFLA_IFNAME: Interface 'wlan0' added
06-21 14:47:43.457   279   279 D wpa_supplicant: Wireless event: cmd=0x8c09 len=32
06-21 14:47:43.457   279   279 D wpa_supplicant: PMKID candidate wireless event: flags=0x0 index=0 bssid=58:35:d9:38:be:50
06-21 14:47:43.457   279   279 D wpa_supplicant: RSN: Ignored PMKID candidate without preauth flag
06-21 14:47:43.457   279   279 D wpa_supplicant: RTM_NEWLINK: operstate=1 ifi_flags=0x11043 ([UP][RUNNING][LOWER_UP])
06-21 14:47:43.457   279   279 D wpa_supplicant: RTM_NEWLINK, IFLA_IFNAME: Interface 'wlan0' added
06-21 14:47:43.457   279   279 D wpa_supplicant: Wireless event: cmd=0x8c09 len=32
06-21 14:47:43.457   279   279 D wpa_supplicant: PMKID candidate wireless event: flags=0x0 index=0 bssid=00:21:56:ce:40:90
06-21 14:47:43.457   279   279 D wpa_supplicant: RSN: Ignored PMKID candidate without preauth flag
06-21 14:47:44.414   142   198 D ConnectivityService: handleInetConditionHoldEnd: net=1, condition=100, published condition=0
06-21 14:47:44.668   279   279 D wpa_supplicant: wpa_driver_wext_driver_cmd RSSI len = 248
06-21 14:47:44.668   279   279 D wpa_supplicant: wpa_driver_wext_driver_cmd UB_Secure rssi -86  len = 19, 19
06-21 14:47:44.668   279   279 D wpa_supplicant: wpa_driver_wext_driver_cmd LINKSPEED len = 248
06-21 14:47:44.668   279   279 D wpa_supplicant: wpa_driver_wext_driver_cmd LinkSpeed 65 len = 12, 12
06-21 14:47:44.863   279   279 D wpa_supplicant: Ignore event for foreign ifindex 2
06-21 14:47:44.929   142   198 D ConnectivityService: ConnectivityChange for mobile: CONNECTED/CONNECTED
06-21 14:47:44.961   142   198 D ConnectivityService: ConnectivityChange for mobile: DISCONNECTED/DISCONNECTED
06-21 14:47:44.961   142   198 D ConnectivityService: Attempting to switch to WIFI
06-21 14:47:44.965   142   198 D NetUtils: android_net_utils_resetConnections in env=0x1fa9a70 clazz=0x3c400001 iface=rmnet0 mask=0x3
06-21 14:47:44.965   142   198 D ConnectivityService: Attempting to switch to WIMAX
06-21 14:47:44.965   142   198 D ConnectivityService: Attempting to switch to BLUETOOTH_TETHER
06-21 14:47:44.965   142   198 D ConnectivityService: resetConnections(rmnet0, 3)
06-21 14:47:45.445   298   302 D dalvikvm: GC_CONCURRENT freed 437K, 7% free 10845K/11655K, paused 13ms+4ms
06-21 14:47:45.711    81   122 D AudioHardware: AudioHardware pcm playback is going to standby.
06-21 14:47:45.711    81   122 D AudioHardware: closePcmOut_l() mPcmOpenCnt: 1
06-21 14:47:46.136  5368  5369 D dalvikvm: GC_CONCURRENT freed 468K, 7% free 9451K/10055K, paused 2ms+3ms
06-21 14:47:46.140   279   279 D wpa_supplicant: Ignore event for foreign ifindex 2
06-21 14:47:47.593  5555  5557 D dalvikvm: GC_CONCURRENT freed 461K, 6% free 10289K/10887K, paused 12ms+2ms
06-21 14:47:47.672   279   279 D wpa_supplicant: wpa_driver_wext_driver_cmd RSSI len = 248
06-21 14:47:47.675   279   279 D wpa_supplicant: wpa_driver_wext_driver_cmd UB_Secure rssi -92  len = 19, 19
06-21 14:47:47.675   279   279 D wpa_supplicant: wpa_driver_wext_driver_cmd LINKSPEED len = 248
06-21 14:47:47.675   279   279 D wpa_supplicant: wpa_driver_wext_driver_cmd LinkSpeed 5 len = 11, 11
06-21 14:47:48.004   142   202 D Tethering: MasterInitialState.processMessage what=3
06-21 14:47:48.058   142   202 D Tethering: MasterInitialState.processMessage what=3
06-21 14:47:48.078  5454  5467 D PicasaSyncManager: active network: NetworkInfo: type: WIFI[], state: CONNECTED/CONNECTED, reason: (unspecified), extra: (none), roaming: false, failover: false, isAvailable: true
06-21 14:47:48.078  5454  5467 D PicasaSyncManager: background data: true
06-21 14:47:48.086   279   279 D wpa_supplicant: RTM_NEWLINK: operstate=1 ifi_flags=0x11043 ([UP][RUNNING][LOWER_UP])
06-21 14:47:48.086   279   279 D wpa_supplicant: RTM_NEWLINK, IFLA_IFNAME: Interface 'wlan0' added
06-21 14:47:48.086   279   279 D wpa_supplicant: Wireless event: cmd=0x8c00 len=20
06-21 14:47:48.101  5420  5420 I MediaUploader: No need to wake up
06-21 14:47:48.117   279   279 D wpa_supplicant: RTM_NEWLINK: operstate=1 ifi_flags=0x11043 ([UP][RUNNING][LOWER_UP])
06-21 14:47:48.117   279   279 D wpa_supplicant: RTM_NEWLINK, IFLA_IFNAME: Interface 'wlan0' added
06-21 14:47:48.117   279   279 D wpa_supplicant: Wireless event: cmd=0x8c00 len=20
06-21 14:47:48.152   279   279 D wpa_supplicant: RTM_NEWLINK: operstate=1 ifi_flags=0x11043 ([UP][RUNNING][LOWER_UP])
06-21 14:47:48.152   279   279 D wpa_supplicant: RTM_NEWLINK, IFLA_IFNAME: Interface 'wlan0' added
06-21 14:47:48.152   279   279 D wpa_supplicant: Wireless event: cmd=0x8c00 len=20
06-21 14:47:48.172  5420  5420 I MediaUploader: No need to wake up
06-21 14:47:48.191  5454  5467 D PicasaSyncManager: active network: NetworkInfo: type: WIFI[], state: CONNECTED/CONNECTED, reason: (unspecified), extra: (none), roaming: false, failover: false, isAvailable: true
06-21 14:47:48.191  5454  5467 D PicasaSyncManager: background data: true
06-21 14:47:48.199   279   279 D wpa_supplicant: RTM_NEWLINK: operstate=1 ifi_flags=0x11043 ([UP][RUNNING][LOWER_UP])
06-21 14:47:48.199   279   279 D wpa_supplicant: RTM_NEWLINK, IFLA_IFNAME: Interface 'wlan0' added
06-21 14:47:48.199   279   279 D wpa_supplicant: Wireless event: cmd=0x8c00 len=20
06-21 14:47:48.242   279   279 D wpa_supplicant: RTM_NEWLINK: operstate=1 ifi_flags=0x11043 ([UP][RUNNING][LOWER_UP])
06-21 14:47:48.242   279   279 D wpa_supplicant: RTM_NEWLINK, IFLA_IFNAME: Interface 'wlan0' added
06-21 14:47:48.242   279   279 D wpa_supplicant: Wireless event: cmd=0x8c00 len=20
06-21 14:47:48.550   142   198 D ConnectivityService: handleInetConditionHoldEnd: net=1, condition=100, published condition=100
06-21 14:47:50.679   279   279 D wpa_supplicant: wpa_driver_wext_driver_cmd RSSI len = 248
06-21 14:47:50.679   279   279 D wpa_supplicant: wpa_driver_wext_driver_cmd UB_Secure rssi -92  len = 19, 19
06-21 14:47:50.679   279   279 D wpa_supplicant: wpa_driver_wext_driver_cmd LINKSPEED len = 248
06-21 14:47:50.683   279   279 D wpa_supplicant: wpa_driver_wext_driver_cmd LinkSpeed 5 len = 11, 11
06-21 14:47:50.734   279   279 D wpa_supplicant: RTM_NEWLINK: operstate=1 ifi_flags=0x11043 ([UP][RUNNING][LOWER_UP])
06-21 14:47:50.734   279   279 D wpa_supplicant: RTM_NEWLINK, IFLA_IFNAME: Interface 'wlan0' added
06-21 14:47:50.734   279   279 D wpa_supplicant: Wireless event: cmd=0x8c00 len=20
06-21 14:47:50.781   279   279 D wpa_supplicant: RTM_NEWLINK: operstate=1 ifi_flags=0x11043 ([UP][RUNNING][LOWER_UP])
06-21 14:47:50.781   279   279 D wpa_supplicant: RTM_NEWLINK, IFLA_IFNAME: Interface 'wlan0' added
06-21 14:47:50.781   279   279 D wpa_supplicant: Wireless event: cmd=0x8c00 len=20
06-21 14:47:50.820   279   279 D wpa_supplicant: RTM_NEWLINK: operstate=1 ifi_flags=0x11043 ([UP][RUNNING][LOWER_UP])
06-21 14:47:50.820   279   279 D wpa_supplicant: RTM_NEWLINK, IFLA_IFNAME: Interface 'wlan0' added
06-21 14:47:50.820   279   279 D wpa_supplicant: Wireless event: cmd=0x8c00 len=20
06-21 14:47:50.855   279   279 D wpa_supplicant: RTM_NEWLINK: operstate=1 ifi_flags=0x11043 ([UP][RUNNING][LOWER_UP])
06-21 14:47:50.855   279   279 D wpa_supplicant: RTM_NEWLINK, IFLA_IFNAME: Interface 'wlan0' added
06-21 14:47:50.855   279   279 D wpa_supplicant: Wireless event: cmd=0x8c00 len=20
06-21 14:47:50.890   279   279 D wpa_supplicant: RTM_NEWLINK: operstate=1 ifi_flags=0x11043 ([UP][RUNNING][LOWER_UP])
06-21 14:47:50.890   279   279 D wpa_supplicant: RTM_NEWLINK, IFLA_IFNAME: Interface 'wlan0' added
06-21 14:47:50.890   279   279 D wpa_supplicant: Wireless event: cmd=0x8c00 len=20
06-21 14:47:50.914   279   279 D wpa_supplicant: RTM_NEWLINK: operstate=1 ifi_flags=0x11043 ([UP][RUNNING][LOWER_UP])
06-21 14:47:50.922   279   279 D wpa_supplicant: RTM_NEWLINK, IFLA_IFNAME: Interface 'wlan0' added
06-21 14:47:50.922   279   279 D wpa_supplicant: Wireless event: cmd=0x8c00 len=20
06-21 14:47:50.953   279   279 D wpa_supplicant: RTM_NEWLINK: operstate=1 ifi_flags=0x11043 ([UP][RUNNING][LOWER_UP])
06-21 14:47:50.953   279   279 D wpa_supplicant: RTM_NEWLINK, IFLA_IFNAME: Interface 'wlan0' added
06-21 14:47:50.953   279   279 D wpa_supplicant: Wireless event: cmd=0x8c00 len=20
06-21 14:47:50.992   279   279 D wpa_supplicant: RTM_NEWLINK: operstate=1 ifi_flags=0x11043 ([UP][RUNNING][LOWER_UP])
06-21 14:47:50.992   279   279 D wpa_supplicant: RTM_NEWLINK, IFLA_IFNAME: Interface 'wlan0' added
06-21 14:47:50.992   279   279 D wpa_supplicant: Wireless event: cmd=0x8c00 len=20
06-21 14:47:51.027   279   279 D wpa_supplicant: RTM_NEWLINK: operstate=1 ifi_flags=0x11043 ([UP][RUNNING][LOWER_UP])
06-21 14:47:51.027   279   279 D wpa_supplicant: RTM_NEWLINK, IFLA_IFNAME: Interface 'wlan0' added
06-21 14:47:51.027   279   279 D wpa_supplicant: Wireless event: cmd=0x8c00 len=20
06-21 14:47:51.054   279   279 D wpa_supplicant: RTM_NEWLINK: operstate=1 ifi_flags=0x11043 ([UP][RUNNING][LOWER_UP])
06-21 14:47:51.054   279   279 D wpa_supplicant: RTM_NEWLINK, IFLA_IFNAME: Interface 'wlan0' added
06-21 14:47:51.054   279   279 D wpa_supplicant: Wireless event: cmd=0x8c00 len=20
06-21 14:47:51.105   279   279 D wpa_supplicant: RTM_NEWLINK: operstate=1 ifi_flags=0x11043 ([UP][RUNNING][LOWER_UP])
06-21 14:47:51.105   279   279 D wpa_supplicant: RTM_NEWLINK, IFLA_IFNAME: Interface 'wlan0' added
06-21 14:47:51.105   279   279 D wpa_supplicant: Wireless event: cmd=0x8c00 len=20
06-21 14:47:51.125   279   279 D wpa_supplicant: RTM_NEWLINK: operstate=1 ifi_flags=0x11043 ([UP][RUNNING][LOWER_UP])
06-21 14:47:51.125   279   279 D wpa_supplicant: RTM_NEWLINK, IFLA_IFNAME: Interface 'wlan0' added
06-21 14:47:51.125   279   279 D wpa_supplicant: Wireless event: cmd=0x8c00 len=20
06-21 14:47:51.164   279   279 D wpa_supplicant: RTM_NEWLINK: operstate=1 ifi_flags=0x11043 ([UP][RUNNING][LOWER_UP])
06-21 14:47:51.164   279   279 D wpa_supplicant: RTM_NEWLINK, IFLA_IFNAME: Interface 'wlan0' added
06-21 14:47:51.164   279   279 D wpa_supplicant: Wireless event: cmd=0x8c00 len=20
06-21 14:47:51.199   279   279 D wpa_supplicant: RTM_NEWLINK: operstate=1 ifi_flags=0x11043 ([UP][RUNNING][LOWER_UP])
06-21 14:47:51.199   279   279 D wpa_supplicant: RTM_NEWLINK, IFLA_IFNAME: Interface 'wlan0' added
06-21 14:47:51.199   279   279 D wpa_supplicant: Wireless event: cmd=0x8c00 len=20
06-21 14:47:51.254   279   279 D wpa_supplicant: RTM_NEWLINK: operstate=1 ifi_flags=0x11043 ([UP][RUNNING][LOWER_UP])
06-21 14:47:51.254   279   279 D wpa_supplicant: RTM_NEWLINK, IFLA_IFNAME: Interface 'wlan0' added
06-21 14:47:51.254   279   279 D wpa_supplicant: Wireless event: cmd=0x8c00 len=20
06-21 14:47:51.285   279   279 D wpa_supplicant: RTM_NEWLINK: operstate=1 ifi_flags=0x11043 ([UP][RUNNING][LOWER_UP])
06-21 14:47:51.285   279   279 D wpa_supplicant: RTM_NEWLINK, IFLA_IFNAME: Interface 'wlan0' added
06-21 14:47:51.285   279   279 D wpa_supplicant: Wireless event: cmd=0x8c00 len=20
06-21 14:47:51.406   279   279 D wpa_supplicant: RTM_NEWLINK: operstate=1 ifi_flags=0x11043 ([UP][RUNNING][LOWER_UP])
06-21 14:47:51.406   279   279 D wpa_supplicant: RTM_NEWLINK, IFLA_IFNAME: Interface 'wlan0' added
06-21 14:47:51.406   279   279 D wpa_supplicant: Wireless event: cmd=0x8c00 len=20
06-21 14:47:51.535   279   279 D wpa_supplicant: RTM_NEWLINK: operstate=1 ifi_flags=0x11043 ([UP][RUNNING][LOWER_UP])
06-21 14:47:51.535   279   279 D wpa_supplicant: RTM_NEWLINK, IFLA_IFNAME: Interface 'wlan0' added
06-21 14:47:51.535   279   279 D wpa_supplicant: Wireless event: cmd=0x8c00 len=20
06-21 14:47:51.672   279   279 D wpa_supplicant: RTM_NEWLINK: operstate=1 ifi_flags=0x11043 ([UP][RUNNING][LOWER_UP])
06-21 14:47:51.672   279   279 D wpa_supplicant: RTM_NEWLINK, IFLA_IFNAME: Interface 'wlan0' added
06-21 14:47:51.672   279   279 D wpa_supplicant: Wireless event: cmd=0x8c00 len=20
06-21 14:47:51.800   279   279 D wpa_supplicant: RTM_NEWLINK: operstate=1 ifi_flags=0x11043 ([UP][RUNNING][LOWER_UP])
06-21 14:47:51.800   279   279 D wpa_supplicant: RTM_NEWLINK, IFLA_IFNAME: Interface 'wlan0' added
06-21 14:47:51.808   279   279 D wpa_supplicant: Wireless event: cmd=0x8c00 len=20
06-21 14:47:51.836   279   279 D wpa_supplicant: RTM_NEWLINK: operstate=1 ifi_flags=0x11043 ([UP][RUNNING][LOWER_UP])
06-21 14:47:51.836   279   279 D wpa_supplicant: RTM_NEWLINK, IFLA_IFNAME: Interface 'wlan0' added
06-21 14:47:51.836   279   279 D wpa_supplicant: Wireless event: cmd=0x8c00 len=20
06-21 14:47:51.945   279   279 D wpa_supplicant: RTM_NEWLINK: operstate=1 ifi_flags=0x11043 ([UP][RUNNING][LOWER_UP])
06-21 14:47:51.945   279   279 D wpa_supplicant: RTM_NEWLINK, IFLA_IFNAME: Interface 'wlan0' added
06-21 14:47:51.945   279   279 D wpa_supplicant: Wireless event: cmd=0x8c00 len=20
06-21 14:47:52.023   279   279 D wpa_supplicant: RTM_NEWLINK: operstate=1 ifi_flags=0x11043 ([UP][RUNNING][LOWER_UP])
06-21 14:47:52.023   279   279 D wpa_supplicant: RTM_NEWLINK, IFLA_IFNAME: Interface 'wlan0' added
06-21 14:47:52.023   279   279 D wpa_supplicant: Wireless event: cmd=0x8c09 len=32
06-21 14:47:52.023   279   279 D wpa_supplicant: PMKID candidate wireless event: flags=0x0 index=0 bssid=d0:c2:82:7e:30:a0
06-21 14:47:52.023   279   279 D wpa_supplicant: RSN: Ignored PMKID candidate without preauth flag
06-21 14:47:52.023   279   279 D wpa_supplicant: RTM_NEWLINK: operstate=1 ifi_flags=0x11043 ([UP][RUNNING][LOWER_UP])
06-21 14:47:52.023   279   279 D wpa_supplicant: RTM_NEWLINK, IFLA_IFNAME: Interface 'wlan0' added
06-21 14:47:52.023   279   279 D wpa_supplicant: Wireless event: cmd=0x8c09 len=32
06-21 14:47:52.023   279   279 D wpa_supplicant: PMKID candidate wireless event: flags=0x0 index=0 bssid=58:35:d9:38:be:50
06-21 14:47:52.023   279   279 D wpa_supplicant: RSN: Ignored PMKID candidate without preauth flag
06-21 14:47:52.023   279   279 D wpa_supplicant: RTM_NEWLINK: operstate=1 ifi_flags=0x11043 ([UP][RUNNING][LOWER_UP])
06-21 14:47:52.023   279   279 D wpa_supplicant: RTM_NEWLINK, IFLA_IFNAME: Interface 'wlan0' added
06-21 14:47:52.023   279   279 D wpa_supplicant: Wireless event: cmd=0x8c09 len=32
06-21 14:47:52.023   279   279 D wpa_supplicant: PMKID candidate wireless event: flags=0x0 index=0 bssid=00:21:56:ce:40:90
06-21 14:47:52.023   279   279 D wpa_supplicant: RSN: Ignored PMKID candidate without preauth flag
06-21 14:47:52.023   279   279 D wpa_supplicant: RTM_NEWLINK: operstate=1 ifi_flags=0x11043 ([UP][RUNNING][LOWER_UP])
06-21 14:47:52.023   279   279 D wpa_supplicant: RTM_NEWLINK, IFLA_IFNAME: Interface 'wlan0' added
06-21 14:47:52.023   279   279 D wpa_supplicant: Wireless event: cmd=0x8c09 len=32
06-21 14:47:52.023   279   279 D wpa_supplicant: PMKID candidate wireless event: flags=0x0 index=0 bssid=00:1a:30:e6:07:80
06-21 14:47:52.023   279   279 D wpa_supplicant: RSN: Ignored PMKID candidate without preauth flag
06-21 14:47:52.023   279   279 D wpa_supplicant: RTM_NEWLINK: operstate=1 ifi_flags=0x11043 ([UP][RUNNING][LOWER_UP])
06-21 14:47:52.023   279   279 D wpa_supplicant: RTM_NEWLINK, IFLA_IFNAME: Interface 'wlan0' added
06-21 14:47:52.023   279   279 D wpa_supplicant: Wireless event: cmd=0x8c09 len=32
06-21 14:47:52.023   279   279 D wpa_supplicant: PMKID candidate wireless event: flags=0x0 index=0 bssid=88:43:e1:fa:de:f0
06-21 14:47:52.023   279   279 D wpa_supplicant: RSN: Ignored PMKID candidate without preauth flag
06-21 14:47:52.109   279   279 D wpa_supplicant: RTM_NEWLINK: operstate=1 ifi_flags=0x11043 ([UP][RUNNING][LOWER_UP])
06-21 14:47:52.109   279   279 D wpa_supplicant: RTM_NEWLINK, IFLA_IFNAME: Interface 'wlan0' added
06-21 14:47:52.109   279   279 D wpa_supplicant: Wireless event: cmd=0x8c00 len=20
06-21 14:47:52.113   279   279 D wpa_supplicant: EAPOL: Received EAP-Packet frame
06-21 14:47:52.113   279   279 D wpa_supplicant: EAPOL: SUPP_PAE entering state RESTART
06-21 14:47:52.113   279   279 D wpa_supplicant: EAP: EAP entering state INITIALIZE
06-21 14:47:52.113   279   279 D wpa_supplicant: EAP: deinitialize previously used EAP method (25, PEAP) at INITIALIZE
06-21 14:47:52.113   279   279 D wpa_supplicant: EAP: EAP entering state IDLE
06-21 14:47:52.113   279   279 D wpa_supplicant: EAPOL: SUPP_PAE entering state AUTHENTICATING
06-21 14:47:52.113   279   279 D wpa_supplicant: EAPOL: SUPP_BE entering state REQUEST
06-21 14:47:52.113   279   279 D wpa_supplicant: EAPOL: getSuppRsp
06-21 14:47:52.113   279   279 D wpa_supplicant: EAP: EAP entering state RECEIVED
06-21 14:47:52.113   279   279 D wpa_supplicant: EAP: Received EAP-Request id=1 method=1 vendor=0 vendorMethod=0
06-21 14:47:52.113   279   279 D wpa_supplicant: EAP: EAP entering state IDENTITY
06-21 14:47:52.113   279   279 I wpa_supplicant: wlan0: CTRL-EVENT-EAP-STARTED EAP authentication started
06-21 14:47:52.113   279   279 D wpa_supplicant: EAP: EAP entering state SEND_RESPONSE
06-21 14:47:52.113   279   279 D wpa_supplicant: EAP: EAP entering state IDLE
06-21 14:47:52.113   279   279 D wpa_supplicant: EAPOL: SUPP_BE entering state RESPONSE
06-21 14:47:52.113   279   279 D wpa_supplicant: EAPOL: txSuppRsp
06-21 14:47:52.113   279   279 D wpa_supplicant: TX EAPOL: dst=d0:c2:82:7e:30:a0
06-21 14:47:52.117   279   279 D wpa_supplicant: EAPOL: SUPP_BE entering state RECEIVE
06-21 14:47:52.117   279   279 D wpa_supplicant: RTM_NEWLINK: operstate=1 ifi_flags=0x11043 ([UP][RUNNING][LOWER_UP])
06-21 14:47:52.117   279   279 D wpa_supplicant: RTM_NEWLINK, IFLA_IFNAME: Interface 'wlan0' added
06-21 14:47:52.117   279   279 D wpa_supplicant: Wireless event: cmd=0x8b15 len=20
06-21 14:47:52.117   279   279 D wpa_supplicant: Wireless event: new AP: 58:35:d9:38:be:50
06-21 14:47:52.117   279   279 D wpa_supplicant: wpa_driver_wext_set_operstate: operstate 1->0 (DORMANT)
06-21 14:47:52.117   279   279 D wpa_supplicant: netlink: Operstate: linkmode=-1, operstate=5
06-21 14:47:52.125   279   279 D wpa_supplicant: wpa_driver_wext_set_key: alg=0 key_idx=0 set_tx=0 seq_len=0 key_len=0
06-21 14:47:52.129   279   279 D wpa_supplicant: wpa_driver_wext_set_key: alg=0 key_idx=1 set_tx=0 seq_len=0 key_len=0
06-21 14:47:52.129   279   279 D wpa_supplicant: wpa_driver_wext_set_key: alg=0 key_idx=2 set_tx=0 seq_len=0 key_len=0
06-21 14:47:52.129   279   279 D wpa_supplicant: wpa_driver_wext_set_key: alg=0 key_idx=3 set_tx=0 seq_len=0 key_len=0
06-21 14:47:52.129   279   279 D wpa_supplicant: wpa_driver_wext_set_key: alg=0 key_idx=0 set_tx=0 seq_len=0 key_len=0
06-21 14:47:52.129   279   279 I wpa_supplicant: wlan0: Associated with 58:35:d9:38:be:50
06-21 14:47:52.129   279   279 D wpa_supplicant: EAPOL: External notification - portEnabled=0
06-21 14:47:52.129   279   279 D wpa_supplicant: EAPOL: SUPP_PAE entering state DISCONNECTED
06-21 14:47:52.129   279   279 D wpa_supplicant: EAPOL: Supplicant port status: Unauthorized
06-21 14:47:52.129   279   279 D wpa_supplicant: EAPOL: SUPP_BE entering state INITIALIZE
06-21 14:47:52.129   279   279 D wpa_supplicant: EAP: EAP entering state DISABLED
06-21 14:47:52.129   279   279 D wpa_supplicant: EAPOL: Supplicant port status: Unauthorized
06-21 14:47:52.129   279   279 D wpa_supplicant: EAPOL: External notification - portValid=0
06-21 14:47:52.132   279   279 D wpa_supplicant: EAPOL: Supplicant port status: Unauthorized
06-21 14:47:52.132   279   279 D wpa_supplicant: EAPOL: External notification - portEnabled=1
06-21 14:47:52.132   279   279 D wpa_supplicant: EAPOL: SUPP_PAE entering state CONNECTING
06-21 14:47:52.132   279   279 D wpa_supplicant: EAPOL: SUPP_BE entering state IDLE
06-21 14:47:52.132   279   279 D wpa_supplicant: EAP: EAP entering state INITIALIZE
06-21 14:47:52.132   279   279 D wpa_supplicant: EAP: EAP entering state IDLE
06-21 14:47:52.132   279   279 D wpa_supplicant: RTM_NEWLINK: operstate=0 ifi_flags=0x11003 ([UP][LOWER_UP])
06-21 14:47:52.132   279   279 D wpa_supplicant: RTM_NEWLINK, IFLA_IFNAME: Interface 'wlan0' added
06-21 14:47:52.132   279   279 D wpa_supplicant: RTM_NEWLINK: operstate=0 ifi_flags=0x11003 ([UP][LOWER_UP])
06-21 14:47:52.132   279   279 D wpa_supplicant: RTM_NEWLINK, IFLA_IFNAME: Interface 'wlan0' added
06-21 14:47:52.132   279   279 D wpa_supplicant: Wireless event: cmd=0x8c00 len=20
06-21 14:47:52.168   279   279 D wpa_supplicant: RTM_NEWLINK: operstate=0 ifi_flags=0x11003 ([UP][LOWER_UP])
06-21 14:47:52.168   279   279 D wpa_supplicant: RTM_NEWLINK, IFLA_IFNAME: Interface 'wlan0' added
06-21 14:47:52.168   279   279 D wpa_supplicant: Wireless event: cmd=0x8c00 len=20
06-21 14:47:52.199   279   279 D wpa_supplicant: RTM_NEWLINK: operstate=0 ifi_flags=0x11003 ([UP][LOWER_UP])
06-21 14:47:52.199   279   279 D wpa_supplicant: RTM_NEWLINK, IFLA_IFNAME: Interface 'wlan0' added
06-21 14:47:52.199   279   279 D wpa_supplicant: Wireless event: cmd=0x8c03 len=20
06-21 14:47:52.207   279   279 D wpa_supplicant: EAPOL: startWhen --> 0
06-21 14:47:52.207   279   279 D wpa_supplicant: EAPOL: SUPP_PAE entering state CONNECTING
06-21 14:47:52.207   279   279 D wpa_supplicant: EAPOL: txStart
06-21 14:47:52.207   279   279 D wpa_supplicant: TX EAPOL: dst=58:35:d9:38:be:50
06-21 14:47:52.211   279   279 D wpa_supplicant: EAPOL: Received EAP-Packet frame
06-21 14:47:52.211   279   279 D wpa_supplicant: EAPOL: SUPP_PAE entering state RESTART
06-21 14:47:52.211   279   279 D wpa_supplicant: EAP: EAP entering state INITIALIZE
06-21 14:47:52.211   279   279 D wpa_supplicant: EAP: EAP entering state IDLE
06-21 14:47:52.211   279   279 D wpa_supplicant: EAPOL: SUPP_PAE entering state AUTHENTICATING
06-21 14:47:52.211   279   279 D wpa_supplicant: EAPOL: SUPP_BE entering state REQUEST
06-21 14:47:52.211   279   279 D wpa_supplicant: EAPOL: getSuppRsp
06-21 14:47:52.211   279   279 D wpa_supplicant: EAP: EAP entering state RECEIVED
06-21 14:47:52.211   279   279 D wpa_supplicant: EAP: Received EAP-Request id=2 method=1 vendor=0 vendorMethod=0
06-21 14:47:52.211   279   279 D wpa_supplicant: EAP: EAP entering state IDENTITY
06-21 14:47:52.211   279   279 I wpa_supplicant: wlan0: CTRL-EVENT-EAP-STARTED EAP authentication started
06-21 14:47:52.211   279   279 D wpa_supplicant: EAP: EAP entering state SEND_RESPONSE
06-21 14:47:52.211   279   279 D wpa_supplicant: EAP: EAP entering state IDLE
06-21 14:47:52.211   279   279 D wpa_supplicant: EAPOL: SUPP_BE entering state RESPONSE
06-21 14:47:52.211   279   279 D wpa_supplicant: EAPOL: txSuppRsp
06-21 14:47:52.211   279   279 D wpa_supplicant: TX EAPOL: dst=58:35:d9:38:be:50
06-21 14:47:52.211   279   279 D wpa_supplicant: EAPOL: SUPP_BE entering state RECEIVE
06-21 14:47:52.215   279   279 D wpa_supplicant: EAPOL: Received EAP-Packet frame
06-21 14:47:52.215   279   279 D wpa_supplicant: EAPOL: SUPP_BE entering state REQUEST
06-21 14:47:52.215   279   279 D wpa_supplicant: EAPOL: getSuppRsp
06-21 14:47:52.215   279   279 D wpa_supplicant: EAP: EAP entering state RECEIVED
06-21 14:47:52.215   279   279 D wpa_supplicant: EAP: Received EAP-Request id=3 method=4 vendor=0 vendorMethod=0
06-21 14:47:52.215   279   279 D wpa_supplicant: EAP: EAP entering state GET_METHOD
06-21 14:47:52.215   279   279 D wpa_supplicant: EAP: configuration does not allow: vendor 0 method 4
06-21 14:47:52.215   279   279 D wpa_supplicant: EAP: vendor 0 method 4 not allowed
06-21 14:47:52.215   279   279 I wpa_supplicant: wlan0: CTRL-EVENT-EAP-PROPOSED-METHOD vendor=0 method=4 -> NAK
06-21 14:47:52.215   279   279 D wpa_supplicant: EAP: Building EAP-Nak (requested type 4 vendor=0 method=0 not allowed)
06-21 14:47:52.215   279   279 D wpa_supplicant: EAP: EAP entering state SEND_RESPONSE
06-21 14:47:52.215   279   279 D wpa_supplicant: EAP: EAP entering state IDLE
06-21 14:47:52.215   279   279 D wpa_supplicant: EAPOL: SUPP_BE entering state RESPONSE
06-21 14:47:52.215   279   279 D wpa_supplicant: EAPOL: txSuppRsp
06-21 14:47:52.215   279   279 D wpa_supplicant: TX EAPOL: dst=58:35:d9:38:be:50
06-21 14:47:52.215   279   279 D wpa_supplicant: EAPOL: SUPP_BE entering state RECEIVE
06-21 14:47:52.218   279   279 D wpa_supplicant: EAPOL: Received EAP-Packet frame
06-21 14:47:52.218   279   279 D wpa_supplicant: EAPOL: SUPP_BE entering state REQUEST
06-21 14:47:52.218   279   279 D wpa_supplicant: EAPOL: getSuppRsp
06-21 14:47:52.218   279   279 D wpa_supplicant: EAP: EAP entering state RECEIVED
06-21 14:47:52.218   279   279 D wpa_supplicant: EAP: Received EAP-Request id=4 method=25 vendor=0 vendorMethod=0
06-21 14:47:52.218   279   279 D wpa_supplicant: EAP: EAP entering state GET_METHOD
06-21 14:47:52.218   279   279 I wpa_supplicant: wlan0: CTRL-EVENT-EAP-PROPOSED-METHOD vendor=0 method=25
06-21 14:47:52.218   279   279 D wpa_supplicant: EAP: Initialize selected EAP method: vendor 0 method 25 (PEAP)
06-21 14:47:52.218   279   279 D wpa_supplicant: TLS: using phase1 config options
06-21 14:47:52.218   279   279 I wpa_supplicant: wlan0: CTRL-EVENT-EAP-METHOD EAP vendor 0 method 25 (PEAP) selected
06-21 14:47:52.218   279   279 D wpa_supplicant: EAP: EAP entering state METHOD
06-21 14:47:52.218   279   279 D wpa_supplicant: SSL: Received packet(len=6) - Flags 0x20
06-21 14:47:52.218   279   279 D wpa_supplicant: EAP-PEAP: Start (server ver=0, own ver=1)
06-21 14:47:52.218   279   279 D wpa_supplicant: EAP-PEAP: Using PEAP version 0
06-21 14:47:52.218   279   279 D wpa_supplicant: SSL: (where=0x10 ret=0x1)
06-21 14:47:52.218   279   279 D wpa_supplicant: SSL: (where=0x1001 ret=0x1)
06-21 14:47:52.218   279   279 D wpa_supplicant: SSL: SSL_connect:before/connect initialization
06-21 14:47:52.218   279   279 D wpa_supplicant: SSL: (where=0x1001 ret=0x1)
06-21 14:47:52.218   279   279 D wpa_supplicant: SSL: SSL_connect:SSLv3 write client hello A
06-21 14:47:52.218   279   279 D wpa_supplicant: SSL: (where=0x1002 ret=0xffffffff)
06-21 14:47:52.218   279   279 D wpa_supplicant: SSL: SSL_connect:error in SSLv3 read server hello A
06-21 14:47:52.218   279   279 D wpa_supplicant: SSL: SSL_connect - want more data
06-21 14:47:52.218   279   279 D wpa_supplicant: SSL: 190 bytes pending from ssl_out
06-21 14:47:52.218   279   279 D wpa_supplicant: SSL: 190 bytes left to be sent out (of total 190 bytes)
06-21 14:47:52.218   279   279 D wpa_supplicant: EAP: method process -> ignore=FALSE methodState=MAY_CONT decision=FAIL
06-21 14:47:52.218   279   279 D wpa_supplicant: EAP: EAP entering state SEND_RESPONSE
06-21 14:47:52.218   279   279 D wpa_supplicant: EAP: EAP entering state IDLE
06-21 14:47:52.218   279   279 D wpa_supplicant: EAPOL: SUPP_BE entering state RESPONSE
06-21 14:47:52.218   279   279 D wpa_supplicant: EAPOL: txSuppRsp
06-21 14:47:52.218   279   279 D wpa_supplicant: TX EAPOL: dst=58:35:d9:38:be:50
06-21 14:47:52.218   279   279 D wpa_supplicant: EAPOL: SUPP_BE entering state RECEIVE
06-21 14:47:52.250   279   279 D wpa_supplicant: EAPOL: Received EAP-Packet frame
06-21 14:47:52.250   279   279 D wpa_supplicant: EAPOL: SUPP_BE entering state REQUEST
06-21 14:47:52.250   279   279 D wpa_supplicant: EAPOL: getSuppRsp
06-21 14:47:52.250   279   279 D wpa_supplicant: EAP: EAP entering state RECEIVED
06-21 14:47:52.250   279   279 D wpa_supplicant: EAP: Received EAP-Request id=5 method=25 vendor=0 vendorMethod=0
06-21 14:47:52.250   279   279 D wpa_supplicant: EAP: EAP entering state METHOD
06-21 14:47:52.250   279   279 D wpa_supplicant: SSL: Received packet(len=1024) - Flags 0xc0
06-21 14:47:52.250   279   279 D wpa_supplicant: SSL: TLS Message Length: 4310
06-21 14:47:52.250   279   279 D wpa_supplicant: SSL: Need 3296 bytes more input data
06-21 14:47:52.250   279   279 D wpa_supplicant: SSL: Building ACK (type=25 id=5 ver=0)
06-21 14:47:52.250   279   279 D wpa_supplicant: EAP: method process -> ignore=FALSE methodState=MAY_CONT decision=FAIL
06-21 14:47:52.250   279   279 D wpa_supplicant: EAP: EAP entering state SEND_RESPONSE
06-21 14:47:52.250   279   279 D wpa_supplicant: EAP: EAP entering state IDLE
06-21 14:47:52.250   279   279 D wpa_supplicant: EAPOL: SUPP_BE entering state RESPONSE
06-21 14:47:52.250   279   279 D wpa_supplicant: EAPOL: txSuppRsp
06-21 14:47:52.250   279   279 D wpa_supplicant: TX EAPOL: dst=58:35:d9:38:be:50
06-21 14:47:52.254   279   279 D wpa_supplicant: EAPOL: SUPP_BE entering state RECEIVE
06-21 14:47:52.257   279   279 D wpa_supplicant: EAPOL: Received EAP-Packet frame
06-21 14:47:52.257   279   279 D wpa_supplicant: EAPOL: SUPP_BE entering state REQUEST
06-21 14:47:52.257   279   279 D wpa_supplicant: EAPOL: getSuppRsp
06-21 14:47:52.257   279   279 D wpa_supplicant: EAP: EAP entering state RECEIVED
06-21 14:47:52.257   279   279 D wpa_supplicant: EAP: Received EAP-Request id=6 method=25 vendor=0 vendorMethod=0
06-21 14:47:52.257   279   279 D wpa_supplicant: EAP: EAP entering state METHOD
06-21 14:47:52.257   279   279 D wpa_supplicant: SSL: Received packet(len=1020) - Flags 0x40
06-21 14:47:52.257   279   279 D wpa_supplicant: SSL: Need 2282 bytes more input data
06-21 14:47:52.257   279   279 D wpa_supplicant: SSL: Building ACK (type=25 id=6 ver=0)
06-21 14:47:52.257   279   279 D wpa_supplicant: EAP: method process -> ignore=FALSE methodState=MAY_CONT decision=FAIL
06-21 14:47:52.257   279   279 D wpa_supplicant: EAP: EAP entering state SEND_RESPONSE
06-21 14:47:52.257   279   279 D wpa_supplicant: EAP: EAP entering state IDLE
06-21 14:47:52.257   279   279 D wpa_supplicant: EAPOL: SUPP_BE entering state RESPONSE
06-21 14:47:52.257   279   279 D wpa_supplicant: EAPOL: txSuppRsp
06-21 14:47:52.257   279   279 D wpa_supplicant: TX EAPOL: dst=58:35:d9:38:be:50
06-21 14:47:52.257   279   279 D wpa_supplicant: EAPOL: SUPP_BE entering state RECEIVE
06-21 14:47:52.261   279   279 D wpa_supplicant: EAPOL: Received EAP-Packet frame
06-21 14:47:52.261   279   279 D wpa_supplicant: EAPOL: SUPP_BE entering state REQUEST
06-21 14:47:52.261   279   279 D wpa_supplicant: EAPOL: getSuppRsp
06-21 14:47:52.261   279   279 D wpa_supplicant: EAP: EAP entering state RECEIVED
06-21 14:47:52.261   279   279 D wpa_supplicant: EAP: Received EAP-Request id=7 method=25 vendor=0 vendorMethod=0
06-21 14:47:52.261   279   279 D wpa_supplicant: EAP: EAP entering state METHOD
06-21 14:47:52.261   279   279 D wpa_supplicant: SSL: Received packet(len=1020) - Flags 0x40
06-21 14:47:52.261   279   279 D wpa_supplicant: SSL: Need 1268 bytes more input data
06-21 14:47:52.261   279   279 D wpa_supplicant: SSL: Building ACK (type=25 id=7 ver=0)
06-21 14:47:52.261   279   279 D wpa_supplicant: EAP: method process -> ignore=FALSE methodState=MAY_CONT decision=FAIL
06-21 14:47:52.261   279   279 D wpa_supplicant: EAP: EAP entering state SEND_RESPONSE
06-21 14:47:52.261   279   279 D wpa_supplicant: EAP: EAP entering state IDLE
06-21 14:47:52.261   279   279 D wpa_supplicant: EAPOL: SUPP_BE entering state RESPONSE
06-21 14:47:52.261   279   279 D wpa_supplicant: EAPOL: txSuppRsp
06-21 14:47:52.261   279   279 D wpa_supplicant: TX EAPOL: dst=58:35:d9:38:be:50
06-21 14:47:52.261   279   279 D wpa_supplicant: EAPOL: SUPP_BE entering state RECEIVE
06-21 14:47:52.265   279   279 D wpa_supplicant: EAPOL: Received EAP-Packet frame
06-21 14:47:52.265   279   279 D wpa_supplicant: EAPOL: SUPP_BE entering state REQUEST
06-21 14:47:52.265   279   279 D wpa_supplicant: EAPOL: getSuppRsp
06-21 14:47:52.265   279   279 D wpa_supplicant: EAP: EAP entering state RECEIVED
06-21 14:47:52.265   279   279 D wpa_supplicant: EAP: Received EAP-Request id=8 method=25 vendor=0 vendorMethod=0
06-21 14:47:52.265   279   279 D wpa_supplicant: EAP: EAP entering state METHOD
06-21 14:47:52.265   279   279 D wpa_supplicant: SSL: Received packet(len=1020) - Flags 0x40
06-21 14:47:52.265   279   279 D wpa_supplicant: SSL: Need 254 bytes more input data
06-21 14:47:52.265   279   279 D wpa_supplicant: SSL: Building ACK (type=25 id=8 ver=0)
06-21 14:47:52.265   279   279 D wpa_supplicant: EAP: method process -> ignore=FALSE methodState=MAY_CONT decision=FAIL
06-21 14:47:52.265   279   279 D wpa_supplicant: EAP: EAP entering state SEND_RESPONSE
06-21 14:47:52.265   279   279 D wpa_supplicant: EAP: EAP entering state IDLE
06-21 14:47:52.265   279   279 D wpa_supplicant: EAPOL: SUPP_BE entering state RESPONSE
06-21 14:47:52.265   279   279 D wpa_supplicant: EAPOL: txSuppRsp
06-21 14:47:52.265   279   279 D wpa_supplicant: TX EAPOL: dst=58:35:d9:38:be:50
06-21 14:47:52.265   279   279 D wpa_supplicant: EAPOL: SUPP_BE entering state RECEIVE
06-21 14:47:52.269   279   279 D wpa_supplicant: EAPOL: Received EAP-Packet frame
06-21 14:47:52.269   279   279 D wpa_supplicant: EAPOL: SUPP_BE entering state REQUEST
06-21 14:47:52.269   279   279 D wpa_supplicant: EAPOL: getSuppRsp
06-21 14:47:52.269   279   279 D wpa_supplicant: EAP: EAP entering state RECEIVED
06-21 14:47:52.269   279   279 D wpa_supplicant: EAP: Received EAP-Request id=9 method=25 vendor=0 vendorMethod=0
06-21 14:47:52.269   279   279 D wpa_supplicant: EAP: EAP entering state METHOD
06-21 14:47:52.269   279   279 D wpa_supplicant: SSL: Received packet(len=260) - Flags 0x00
06-21 14:47:52.269   279   279 D wpa_supplicant: SSL: (where=0x1001 ret=0x1)
06-21 14:47:52.269   279   279 D wpa_supplicant: SSL: SSL_connect:SSLv3 read server hello A
06-21 14:47:52.273   279   279 D wpa_supplicant: TLS: tls_verify_cb - preverify_ok=1 err=19 (self signed certificate in certificate chain) ca_cert_verify=0 depth=2 buf='/C=US/O=Entrust.net/OU=www.entrust.net/CPS incorp. by ref. (limits liab.)/OU=(c) 1999 Entrust.net Limited/CN=Entrust.net Secure Server Certification Authority'
06-21 14:47:52.273   279   279 I wpa_supplicant: wlan0: CTRL-EVENT-EAP-PEER-CERT depth=2 subject='/C=US/O=Entrust.net/OU=www.entrust.net/CPS incorp. by ref. (limits liab.)/OU=(c) 1999 Entrust.net Limited/CN=Entrust.net Secure Server Certification Authority'
06-21 14:47:52.277   279   279 D wpa_supplicant: TLS: tls_verify_cb - preverify_ok=1 err=19 (self signed certificate in certificate chain) ca_cert_verify=0 depth=2 buf='/C=US/O=Entrust.net/OU=www.entrust.net/CPS incorp. by ref. (limits liab.)/OU=(c) 1999 Entrust.net Limited/CN=Entrust.net Secure Server Certification Authority'
