06-20 11:10:22.494  1838  1838 D wpa_supplicant: WPS:  * Request Type
06-20 11:10:22.494  1838  1838 D wpa_supplicant: WPS:  * Config Methods (2388)
06-20 11:10:22.494  1838  1838 D wpa_supplicant: WPS:  * UUID-E
06-20 11:10:22.494  1838  1838 D wpa_supplicant: WPS:  * Primary Device Type
06-20 11:10:22.494  1838  1838 D wpa_supplicant: WPS:  * RF Bands (3)
06-20 11:10:22.494  1838  1838 D wpa_supplicant: WPS:  * Association State
06-20 11:10:22.494  1838  1838 D wpa_supplicant: WPS:  * Configuration Error (0)
06-20 11:10:22.494  1838  1838 D wpa_supplicant: WPS:  * Device Password ID (0)
06-20 11:10:22.494  1838  1838 D wpa_supplicant: WPS:  * Manufacturer
06-20 11:10:22.494  1838  1838 D wpa_supplicant: WPS:  * Model Name
06-20 11:10:22.494  1838  1838 D wpa_supplicant: WPS:  * Model Number
06-20 11:10:22.494  1838  1838 D wpa_supplicant: WPS:  * Device Name
06-20 11:10:22.494  1838  1838 D wpa_supplicant: WPS:  * Version2 (0x20)
06-20 11:10:22.494  1838  1838 D wpa_supplicant: wpa_driver_wext_combo_scan: Start
06-20 11:10:22.494  1838  1838 D wpa_supplicant: For Scan: (null)
06-20 11:10:22.548  1838  1838 D wpa_supplicant: Scan requested (ret=0) - scan timeout 30 seconds
06-20 11:10:22.568  2890  2893 D dalvikvm: GC_CONCURRENT freed 222K, 7% free 9790K/10503K, paused 2ms+4ms
06-20 11:10:22.908  2890  2893 D dalvikvm: GC_CONCURRENT freed 338K, 7% free 9842K/10503K, paused 3ms+7ms
06-20 11:10:23.025  1838  1838 D wpa_supplicant: RTM_NEWLINK: operstate=0 ifi_flags=0x11003 ([UP][LOWER_UP])
06-20 11:10:23.025  1838  1838 D wpa_supplicant: RTM_NEWLINK, IFLA_IFNAME: Interface 'wlan0' added
06-20 11:10:23.025  1838  1838 D wpa_supplicant: Wireless event: cmd=0x8b19 len=8
06-20 11:10:23.025  1838  1838 D wpa_supplicant: Received 0 bytes of scan results (0 BSSes)
06-20 11:10:23.306  2890  2893 D dalvikvm: GC_CONCURRENT freed 354K, 6% free 9875K/10503K, paused 4ms+8ms
06-20 11:10:23.326  1792  1792 I CalendarProvider2: Sending notification intent: Intent { act=android.intent.action.PROVIDER_CHANGED dat=content://com.android.calendar }
06-20 11:10:23.326  1792  1792 W ContentResolver: Failed to get type for: content://com.android.calendar (Unknown URL content://com.android.calendar)
06-20 11:10:23.736  2890  2893 D dalvikvm: GC_CONCURRENT freed 346K, 6% free 9921K/10503K, paused 3ms+4ms
06-20 11:10:26.087  2988  2991 D dalvikvm: GC_CONCURRENT freed 519K, 6% free 10891K/11527K, paused 3ms+5ms
06-20 11:10:26.220   713   716 D dalvikvm: GC_CONCURRENT freed 478K, 6% free 11188K/11847K, paused 2ms+8ms
06-20 11:10:26.615  2890  2893 D dalvikvm: GC_CONCURRENT freed 621K, 8% free 9765K/10503K, paused 2ms+5ms
06-20 11:10:27.041  2890  2893 D dalvikvm: GC_CONCURRENT freed 319K, 7% free 9838K/10503K, paused 2ms+2ms
06-20 11:10:27.185   152   613 D dalvikvm: GC_EXPLICIT freed 293K, 18% free 13362K/16263K, paused 3ms+5ms
06-20 11:10:27.341  2890  2893 D dalvikvm: GC_CONCURRENT freed 368K, 7% free 9860K/10503K, paused 3ms+4ms
06-20 11:10:27.896  2890  2893 D dalvikvm: GC_CONCURRENT freed 351K, 6% free 9905K/10503K, paused 2ms+3ms
06-20 11:10:29.322   713   716 D dalvikvm: GC_CONCURRENT freed 763K, 8% free 11094K/11975K, paused 8ms+3ms
06-20 11:10:29.337   713   720 I dalvikvm: Jit: resizing JitTable from 8192 to 16384
06-20 11:10:29.427  2890  2893 D dalvikvm: GC_CONCURRENT freed 757K, 10% free 9535K/10503K, paused 3ms+3ms
06-20 11:10:29.607  2890  2893 D dalvikvm: GC_CONCURRENT freed 164K, 8% free 9759K/10503K, paused 2ms+2ms
06-20 11:10:30.001  2890  2893 D dalvikvm: GC_CONCURRENT freed 310K, 7% free 9839K/10503K, paused 3ms+10ms
06-20 11:10:30.376  2890  2893 D dalvikvm: GC_CONCURRENT freed 361K, 7% free 9865K/10503K, paused 2ms+8ms
06-20 11:10:30.705  2988  2991 D dalvikvm: GC_CONCURRENT freed 575K, 7% free 10895K/11591K, paused 3ms+5ms
06-20 11:10:30.806  2890  2893 D dalvikvm: GC_CONCURRENT freed 340K, 6% free 9919K/10503K, paused 2ms+3ms
06-20 11:10:30.994   152   506 D AlarmManagerService: Kernel timezone updated to 240 minutes west of GMT
06-20 11:10:32.001  2988  3493 D dalvikvm: GC_EXPLICIT freed 591K, 7% free 10869K/11591K, paused 2ms+5ms
06-20 11:10:32.005  2988  3493 I Gmail   : MainSyncRequestProto: lowestBkwdConvoId: 1403410064715282194, highestHandledServerOp: 2643775, normalSync: true
06-20 11:10:32.107  3194  3194 D OpenGLRenderer: Flushing caches (mode 1)
06-20 11:10:32.275  2890  3488 D dalvikvm: GC_EXPLICIT freed 702K, 10% free 9503K/10503K, paused 8ms+4ms
06-20 11:10:32.447  2890  2893 D dalvikvm: GC_CONCURRENT freed 124K, 8% free 9763K/10503K, paused 4ms+2ms
06-20 11:10:32.982  2890  2893 D dalvikvm: GC_CONCURRENT freed 306K, 7% free 9844K/10503K, paused 6ms+3ms
06-20 11:10:33.560  2890  2893 D dalvikvm: GC_CONCURRENT freed 375K, 7% free 9856K/10503K, paused 2ms+3ms
06-20 11:10:33.873  2988  2991 D dalvikvm: GC_CONCURRENT freed 420K, 6% free 10979K/11591K, paused 3ms+4ms
06-20 11:10:34.341  2988  3503 I Gmail   : All messages received for conversation.
06-20 11:10:34.501  2988  2991 D dalvikvm: GC_CONCURRENT freed 640K, 7% free 11000K/11719K, paused 2ms+5ms
06-20 11:10:34.583  2890  2893 D dalvikvm: GC_CONCURRENT freed 338K, 6% free 9907K/10503K, paused 33ms+2ms
06-20 11:10:34.619  2988  2988 D dalvikvm: GC_FOR_ALLOC freed 196K, 7% free 11024K/11783K, paused 60ms
06-20 11:10:34.681  2988  2988 D dalvikvm: GC_FOR_ALLOC freed 66K, 7% free 11020K/11783K, paused 42ms
06-20 11:10:34.681  2988  2988 I dalvikvm-heap: Grow heap (frag case) to 10.859MB for 24052-byte allocation
06-20 11:10:34.728  2988  2988 D dalvikvm: GC_FOR_ALLOC freed 15K, 7% free 11028K/11847K, paused 47ms
06-20 11:10:34.912  2988  3495 E Gmail   : Attachment is not requested conversationId = 1405283613730815210, messageId = 1405283613730815210, partId = 0.1, rendition = SIMPLE, saveToSd = false
06-20 11:10:34.927  2988  3495 E Gmail   : Attachment is not requested conversationId = 1405283613730815210, messageId = 1405283613730815210, partId = 0.2, rendition = SIMPLE, saveToSd = false
06-20 11:10:34.994  2988  3504 D dalvikvm: GC_FOR_ALLOC freed 152K, 7% free 11039K/11847K, paused 32ms
06-20 11:10:35.333  2988  3504 D dalvikvm: GC_FOR_ALLOC freed 27K, 7% free 11083K/11847K, paused 77ms
06-20 11:10:35.751  2890  2893 D dalvikvm: GC_CONCURRENT freed 368K, 6% free 9924K/10503K, paused 2ms+8ms
06-20 11:10:36.177   713   716 D dalvikvm: GC_CONCURRENT freed 513K, 7% free 11184K/11975K, paused 5ms+4ms
06-20 11:10:36.455  2988  3508 I Gmail   : MainSyncRequestProto: lowestBkwdConvoId: 1403410064715282194, highestHandledServerOp: 2643792, normalSync: true
06-20 11:10:36.541  3194  3194 D OpenGLRenderer: Flushing caches (mode 1)
06-20 11:10:36.693  2890  2893 D dalvikvm: GC_CONCURRENT freed 571K, 7% free 9798K/10503K, paused 6ms+3ms
06-20 11:10:36.900   152   697 D dalvikvm: GC_EXPLICIT freed 321K, 18% free 13381K/16263K, paused 2ms+6ms
06-20 11:10:36.978  2890  2893 D dalvikvm: GC_CONCURRENT freed 336K, 7% free 9855K/10503K, paused 2ms+3ms
06-20 11:10:37.177  2890  2893 D dalvikvm: GC_CONCURRENT freed 367K, 7% free 9873K/10503K, paused 1ms+3ms
06-20 11:10:37.306  2988  2991 D dalvikvm: GC_CONCURRENT freed 470K, 6% free 11265K/11911K, paused 2ms+4ms
06-20 11:10:37.583  2890  2893 D dalvikvm: GC_CONCURRENT freed 353K, 6% free 9904K/10503K, paused 2ms+4ms
06-20 11:10:37.822  2890  2901 D dalvikvm: GC_FOR_ALLOC freed 290K, 6% free 9940K/10503K, paused 29ms
06-20 11:10:38.029  1838  1838 D wpa_supplicant: WPS: Building WPS IE for Probe Request
06-20 11:10:38.029  1838  1838 D wpa_supplicant: WPS:  * Version (hardcoded 0x10)
06-20 11:10:38.029  1838  1838 D wpa_supplicant: WPS:  * Request Type
06-20 11:10:38.029  1838  1838 D wpa_supplicant: WPS:  * Config Methods (2388)
06-20 11:10:38.029  1838  1838 D wpa_supplicant: WPS:  * UUID-E
06-20 11:10:38.029  1838  1838 D wpa_supplicant: WPS:  * Primary Device Type
06-20 11:10:38.029  1838  1838 D wpa_supplicant: WPS:  * RF Bands (3)
06-20 11:10:38.029  1838  1838 D wpa_supplicant: WPS:  * Association State
06-20 11:10:38.029  1838  1838 D wpa_supplicant: WPS:  * Configuration Error (0)
06-20 11:10:38.029  1838  1838 D wpa_supplicant: WPS:  * Device Password ID (0)
06-20 11:10:38.029  1838  1838 D wpa_supplicant: WPS:  * Manufacturer
06-20 11:10:38.029  1838  1838 D wpa_supplicant: WPS:  * Model Name
06-20 11:10:38.029  1838  1838 D wpa_supplicant: WPS:  * Model Number
06-20 11:10:38.029  1838  1838 D wpa_supplicant: WPS:  * Device Name
06-20 11:10:38.029  1838  1838 D wpa_supplicant: WPS:  * Version2 (0x20)
06-20 11:10:38.029  1838  1838 D wpa_supplicant: wpa_driver_wext_combo_scan: Start
06-20 11:10:38.029  1838  1838 D wpa_supplicant: For Scan: (null)
06-20 11:10:38.080  1838  1838 D wpa_supplicant: Scan requested (ret=0) - scan timeout 30 seconds
06-20 11:10:38.564  1838  1838 D wpa_supplicant: RTM_NEWLINK: operstate=0 ifi_flags=0x11003 ([UP][LOWER_UP])
06-20 11:10:38.564  1838  1838 D wpa_supplicant: RTM_NEWLINK, IFLA_IFNAME: Interface 'wlan0' added
06-20 11:10:38.564  1838  1838 D wpa_supplicant: Wireless event: cmd=0x8b19 len=8
06-20 11:10:38.568  1838  1838 D wpa_supplicant: Received 0 bytes of scan results (0 BSSes)
06-20 11:10:40.044   713   716 D dalvikvm: GC_CONCURRENT freed 779K, 8% free 11088K/11975K, paused 3ms+5ms
06-20 11:10:40.263  2890  2893 D dalvikvm: GC_CONCURRENT freed 706K, 8% free 9680K/10503K, paused 4ms+3ms
06-20 11:10:40.642  2890  2893 D dalvikvm: GC_CONCURRENT freed 238K, 7% free 9831K/10503K, paused 4ms+3ms
06-20 11:10:40.845  2890  2893 D dalvikvm: GC_CONCURRENT freed 344K, 6% free 9876K/10503K, paused 2ms+3ms
06-20 11:10:42.521  2890  2893 D dalvikvm: GC_CONCURRENT freed 369K, 6% free 9894K/10503K, paused 3ms+4ms
06-20 11:10:42.779  2988  2991 D dalvikvm: GC_CONCURRENT freed 693K, 7% free 11219K/12039K, paused 2ms+5ms
06-20 11:10:42.904  2890  2893 D dalvikvm: GC_CONCURRENT freed 328K, 6% free 9953K/10503K, paused 2ms+3ms
06-20 11:10:43.326  2988  3508 D dalvikvm: GC_EXPLICIT freed 469K, 8% free 11161K/12039K, paused 3ms+4ms
06-20 11:10:43.333  2988  3508 I Gmail   : MainSyncRequestProto: lowestBkwdConvoId: 0, highestHandledServerOp: 2643809, normalSync: true
06-20 11:10:43.443  3194  3194 D OpenGLRenderer: Flushing caches (mode 1)
06-20 11:10:44.310  2988  2991 D dalvikvm: GC_CONCURRENT freed 495K, 7% free 11260K/12039K, paused 2ms+4ms
06-20 11:10:44.380  2890  2893 D dalvikvm: GC_CONCURRENT freed 757K, 9% free 9633K/10503K, paused 12ms+3ms
06-20 11:10:44.490   713   716 D dalvikvm: GC_CONCURRENT freed 592K, 8% free 11096K/11975K, paused 2ms+4ms
06-20 11:10:44.720  2988  3509 I Gmail   : MainSyncRequestProto: lowestBkwdConvoId: 0, highestHandledServerOp: 2643809, normalSync: true
06-20 11:10:44.779  3194  3194 D OpenGLRenderer: Flushing caches (mode 1)
06-20 11:10:44.888  2890  2893 D dalvikvm: GC_CONCURRENT freed 213K, 7% free 9806K/10503K, paused 2ms+2ms
06-20 11:10:45.072  2890  2893 D dalvikvm: GC_CONCURRENT freed 326K, 7% free 9867K/10503K, paused 2ms+2ms
06-20 11:10:45.306  2890  2893 D dalvikvm: GC_CONCURRENT freed 376K, 6% free 9878K/10503K, paused 2ms+3ms
06-20 11:10:45.587  2890  2893 D dalvikvm: GC_CONCURRENT freed 330K, 6% free 9943K/10503K, paused 2ms+3ms
06-20 11:10:46.158  2890  2893 D dalvikvm: GC_CONCURRENT freed 799K, 9% free 9597K/10503K, paused 2ms+3ms
06-20 11:10:46.322  2890  2893 D dalvikvm: GC_CONCURRENT freed 192K, 7% free 9793K/10503K, paused 2ms+3ms
06-20 11:10:46.513  2890  2893 D dalvikvm: GC_CONCURRENT freed 320K, 7% free 9861K/10503K, paused 1ms+2ms
06-20 11:10:46.611   152   163 D dalvikvm: GC_EXPLICIT freed 304K, 18% free 13373K/16263K, paused 2ms+5ms
06-20 11:10:46.798  2890  2893 D dalvikvm: GC_CONCURRENT freed 367K, 6% free 9885K/10503K, paused 2ms+15ms
06-20 11:10:47.232  2988  2991 D dalvikvm: GC_CONCURRENT freed 621K, 7% free 11298K/12039K, paused 2ms+8ms
06-20 11:10:47.623  2988  3509 D dalvikvm: GC_EXPLICIT freed 219K, 8% free 11154K/12039K, paused 3ms+4ms
06-20 11:10:47.701  2988  3510 I Gmail   : MainSyncRequestProto: lowestBkwdConvoId: 0, highestHandledServerOp: 2643809, normalSync: true
06-20 11:10:47.736  3194  3194 D OpenGLRenderer: Flushing caches (mode 1)
06-20 11:10:47.814  2890  2893 D dalvikvm: GC_CONCURRENT freed 343K, 6% free 9930K/10503K, paused 2ms+2ms
06-20 11:10:47.990  2988  2988 D webviewglue: nativeDestroy view: 0xeea170
06-20 11:10:48.541  2988  2991 D dalvikvm: GC_CONCURRENT freed 441K, 6% free 11332K/12039K, paused 2ms+4ms
06-20 11:10:50.298   713   716 D dalvikvm: GC_CONCURRENT freed 463K, 7% free 11219K/11975K, paused 2ms+3ms
06-20 11:10:50.501  2890  2893 D dalvikvm: GC_CONCURRENT freed 797K, 9% free 9598K/10503K, paused 2ms+3ms
06-20 11:10:50.548  2988  3512 I Gmail   : MainSyncRequestProto: lowestBkwdConvoId: 0, highestHandledServerOp: 2643809, normalSync: true
06-20 11:10:50.591  3194  3194 D OpenGLRenderer: Flushing caches (mode 1)
06-20 11:10:50.755  2890  2893 D dalvikvm: GC_CONCURRENT freed 193K, 7% free 9792K/10503K, paused 1ms+2ms
06-20 11:10:51.044  2890  2893 D dalvikvm: GC_CONCURRENT freed 318K, 7% free 9860K/10503K, paused 10ms+3ms
06-20 11:10:51.322  2988  2991 D dalvikvm: GC_CONCURRENT freed 824K, 8% free 11272K/12167K, paused 3ms+4ms
06-20 11:10:52.298  2890  2893 D dalvikvm: GC_CONCURRENT freed 365K, 6% free 9884K/10503K, paused 2ms+2ms
06-20 11:10:52.537  2890  2893 D dalvikvm: GC_CONCURRENT freed 343K, 6% free 9927K/10503K, paused 5ms+5ms
06-20 11:10:52.662  2988  3513 I Gmail   : MainSyncRequestProto: lowestBkwdConvoId: 0, highestHandledServerOp: 2643809, normalSync: true
06-20 11:10:52.732  3194  3206 D dalvikvm: GC_EXPLICIT freed 276K, 7% free 9611K/10311K, paused 3ms+3ms
06-20 11:10:52.755  3194  3194 D OpenGLRenderer: Flushing caches (mode 1)
06-20 11:10:53.177  2988  2991 D dalvikvm: GC_CONCURRENT freed 631K, 8% free 11303K/12167K, paused 2ms+5ms
06-20 11:10:53.572  1838  1838 D wpa_supplicant: WPS: Building WPS IE for Probe Request
06-20 11:10:53.572  1838  1838 D wpa_supplicant: WPS:  * Version (hardcoded 0x10)
06-20 11:10:53.572  1838  1838 D wpa_supplicant: WPS:  * Request Type
06-20 11:10:53.572  1838  1838 D wpa_supplicant: WPS:  * Config Methods (2388)
06-20 11:10:53.572  1838  1838 D wpa_supplicant: WPS:  * UUID-E
06-20 11:10:53.572  1838  1838 D wpa_supplicant: WPS:  * Primary Device Type
06-20 11:10:53.572  1838  1838 D wpa_supplicant: WPS:  * RF Bands (3)
06-20 11:10:53.572  1838  1838 D wpa_supplicant: WPS:  * Association State
06-20 11:10:53.572  1838  1838 D wpa_supplicant: WPS:  * Configuration Error (0)
06-20 11:10:53.572  1838  1838 D wpa_supplicant: WPS:  * Device Password ID (0)
06-20 11:10:53.572  1838  1838 D wpa_supplicant: WPS:  * Manufacturer
06-20 11:10:53.572  1838  1838 D wpa_supplicant: WPS:  * Model Name
06-20 11:10:53.572  1838  1838 D wpa_supplicant: WPS:  * Model Number
06-20 11:10:53.572  1838  1838 D wpa_supplicant: WPS:  * Device Name
06-20 11:10:53.572  1838  1838 D wpa_supplicant: WPS:  * Version2 (0x20)
06-20 11:10:53.572  1838  1838 D wpa_supplicant: wpa_driver_wext_combo_scan: Start
06-20 11:10:53.572  1838  1838 D wpa_supplicant: For Scan: (null)
06-20 11:10:53.630  1838  1838 D wpa_supplicant: Scan requested (ret=0) - scan timeout 30 seconds
06-20 11:10:54.111  1838  1838 D wpa_supplicant: RTM_NEWLINK: operstate=0 ifi_flags=0x11003 ([UP][LOWER_UP])
06-20 11:10:54.111  1838  1838 D wpa_supplicant: RTM_NEWLINK, IFLA_IFNAME: Interface 'wlan0' added
06-20 11:10:54.111  1838  1838 D wpa_supplicant: Wireless event: cmd=0x8b19 len=8
06-20 11:10:54.111  1838  1838 D wpa_supplicant: Received 0 bytes of scan results (0 BSSes)
06-20 11:10:54.779  2988  2991 D dalvikvm: GC_CONCURRENT freed 606K, 7% free 11355K/12167K, paused 2ms+5ms
06-20 11:10:55.130   713   716 D dalvikvm: GC_CONCURRENT freed 807K, 8% free 11072K/11975K, paused 2ms+4ms
06-20 11:10:55.255  2890  2893 D dalvikvm: GC_CONCURRENT freed 800K, 9% free 9591K/10503K, paused 1ms+3ms
06-20 11:10:55.451  2890  2893 D dalvikvm: GC_CONCURRENT freed 187K, 7% free 9791K/10503K, paused 1ms+2ms
06-20 11:10:55.708  2890  2893 D dalvikvm: GC_CONCURRENT freed 327K, 7% free 9854K/10503K, paused 1ms+3ms
06-20 11:10:55.900  2890  2893 D dalvikvm: GC_CONCURRENT freed 362K, 6% free 9879K/10503K, paused 1ms+3ms
06-20 11:10:55.970  3391  3404 I PhoneLab-: Service Running
06-20 11:10:56.025  3391  3404 I PhoneLab-LoggerService: app_38    1266  1     1744   1372  c00f181c 400107b4 S logcat
06-20 11:10:56.025  3391  3404 I PhoneLab-LoggerService: Logcat pid from database 1266
06-20 11:10:56.025  3391  3404 I PhoneLab-LoggerService: Logcat process found 1266
06-20 11:10:56.025  3391  3404 I PhoneLab-LoggerService: Checking Threshold
06-20 11:10:56.029  3391  3404 I PhoneLab-LoggerService: Starting to rename files
06-20 11:10:56.029  3391  3404 I PhoneLab-LoggerService: Files found .. 2
06-20 11:10:56.029  3391  3404 I PhoneLab-LoggerService: File 1 log.out.1
06-20 11:10:56.037  3391  3404 I PhoneLab-LoggerService: Renamed successfully
06-20 11:10:56.166  2890  2893 D dalvikvm: GC_CONCURRENT freed 336K, 6% free 9929K/10503K, paused 1ms+3ms
06-20 11:10:56.728  2890  3488 D dalvikvm: GC_EXPLICIT freed 765K, 10% free 9535K/10503K, paused 2ms+8ms
06-20 11:10:56.849  2890  2893 D dalvikvm: GC_CONCURRENT freed 141K, 7% free 9783K/10503K, paused 2ms+2ms
06-20 11:10:56.994   152   613 D dalvikvm: GC_EXPLICIT freed 276K, 18% free 13377K/16263K, paused 2ms+4ms
06-20 11:10:57.115  2890  2893 D dalvikvm: GC_CONCURRENT freed 304K, 7% free 9865K/10503K, paused 2ms+3ms
06-20 11:10:57.291  2890  2893 D dalvikvm: GC_CONCURRENT freed 377K, 7% free 9873K/10503K, paused 2ms+3ms
06-20 11:10:57.505  2890  2893 D dalvikvm: GC_CONCURRENT freed 345K, 6% free 9916K/10503K, paused 2ms+2ms
06-20 11:10:57.751  2890  2893 D dalvikvm: GC_CONCURRENT freed 345K, 6% free 9959K/10503K, paused 1ms+3ms
06-20 11:10:58.099   713   716 D dalvikvm: GC_CONCURRENT freed 500K, 7% free 11160K/11975K, paused 11ms+3ms
06-20 11:10:58.302  2890  2893 D dalvikvm: GC_CONCURRENT freed 659K, 8% free 9716K/10503K, paused 2ms+2ms
06-20 11:10:58.509  2890  2893 D dalvikvm: GC_CONCURRENT freed 255K, 7% free 9845K/10503K, paused 2ms+2ms
06-20 11:10:58.685  2890  2893 D dalvikvm: GC_CONCURRENT freed 360K, 6% free 9875K/10503K, paused 1ms+3ms
06-20 11:10:58.822  2988  2995 I dalvikvm: Jit: resizing JitTable from 8192 to 16384
06-20 11:10:59.013  2890  2893 D dalvikvm: GC_CONCURRENT freed 352K, 6% free 9910K/10503K, paused 5ms+6ms
06-20 11:10:59.478  2890  3488 D dalvikvm: GC_FOR_ALLOC freed 317K, 6% free 9947K/10503K, paused 51ms
06-20 11:11:00.142   713   716 D dalvikvm: GC_CONCURRENT freed 740K, 8% free 11048K/11975K, paused 4ms+3ms
06-20 11:11:00.298  2890  2893 D dalvikvm: GC_CONCURRENT freed 682K, 8% free 9690K/10503K, paused 2ms+2ms
06-20 11:11:00.501  2890  2893 D dalvikvm: GC_CONCURRENT freed 248K, 7% free 9830K/10503K, paused 2ms+2ms
06-20 11:11:00.685  2890  2893 D dalvikvm: GC_CONCURRENT freed 350K, 7% free 9867K/10503K, paused 2ms+2ms
06-20 11:11:00.880  2890  2893 D dalvikvm: GC_CONCURRENT freed 373K, 6% free 9882K/10503K, paused 1ms+2ms
06-20 11:11:01.111  2890  2893 D dalvikvm: GC_CONCURRENT freed 320K, 6% free 9949K/10503K, paused 2ms+3ms
06-20 11:11:01.681   713   716 D dalvikvm: GC_CONCURRENT freed 516K, 8% free 11113K/11975K, paused 2ms+3ms
06-20 11:11:01.794  2890  2893 D dalvikvm: GC_CONCURRENT freed 745K, 9% free 9633K/10503K, paused 2ms+2ms
06-20 11:11:01.970  2890  2893 D dalvikvm: GC_CONCURRENT freed 206K, 7% free 9812K/10503K, paused 2ms+2ms
06-20 11:11:02.150  2890  2893 D dalvikvm: GC_CONCURRENT freed 333K, 7% free 9864K/10503K, paused 2ms+3ms
06-20 11:11:02.349  2890  2893 D dalvikvm: GC_CONCURRENT freed 375K, 6% free 9881K/10503K, paused 2ms+3ms
06-20 11:11:02.560  2890  2893 D dalvikvm: GC_CONCURRENT freed 332K, 6% free 9933K/10503K, paused 2ms+3ms
06-20 11:11:03.185  2890  2893 D dalvikvm: GC_CONCURRENT freed 795K, 9% free 9583K/10503K, paused 2ms+2ms
06-20 11:11:03.330  2890  2893 D dalvikvm: GC_CONCURRENT freed 171K, 7% free 9798K/10503K, paused 2ms+2ms
06-20 11:11:03.607   152   375 W InputManagerService: Starting input on non-focused client com.android.internal.view.IInputMethodClient$Stub$Proxy@4180be18 (uid=10018 pid=2988)
06-20 11:11:03.748  1566  1568 D dalvikvm: GC_CONCURRENT freed 3526K, 32% free 12803K/18567K, paused 3ms+12ms
06-20 11:11:03.912  1566  2173 D dalvikvm: GC_FOR_ALLOC freed 1404K, 35% free 12119K/18567K, paused 31ms
06-20 11:11:03.927  1566  2173 I dalvikvm-heap: Grow heap (frag case) to 13.130MB for 1286224-byte allocation
06-20 11:11:03.931   152   168 I Process : Sending signal. PID: 1566 SIG: 3
06-20 11:11:03.931  1566  1570 I dalvikvm: threadid=3: reacting to signal 3
06-20 11:11:03.974  1566  1570 I dalvikvm: Wrote stack traces to '/data/anr/traces.txt'
06-20 11:11:04.052  2988  2988 D OpenGLRenderer: Flushing caches (mode 0)
06-20 11:11:04.056  1566  1580 D dalvikvm: GC_FOR_ALLOC freed 4K, 28% free 13371K/18567K, paused 47ms
06-20 11:11:04.126  1566  1568 D dalvikvm: GC_CONCURRENT freed 2K, 28% free 13490K/18567K, paused 2ms+6ms
06-20 11:11:04.318  1566  1568 D dalvikvm: GC_CONCURRENT freed 1284K, 27% free 13624K/18567K, paused 6ms+5ms
06-20 11:11:04.462  2890  2893 D dalvikvm: GC_CONCURRENT freed 337K, 7% free 9852K/10503K, paused 3ms+2ms
06-20 11:11:04.615  1566  1568 D dalvikvm: GC_CONCURRENT freed 2415K, 32% free 12741K/18567K, paused 2ms+4ms
06-20 11:11:04.775   152   493 D dalvikvm: GC_EXPLICIT freed 383K, 18% free 13372K/16263K, paused 3ms+5ms
06-20 11:11:04.861  2890  2893 D dalvikvm: GC_CONCURRENT freed 356K, 6% free 9883K/10503K, paused 2ms+2ms
06-20 11:11:05.087  2890  2893 D dalvikvm: GC_CONCURRENT freed 348K, 6% free 9937K/10503K, paused 2ms+2ms
06-20 11:11:05.232   152   168 V BackupManagerService: Running a backup pass
06-20 11:11:05.236   152   325 V BackupManagerService: clearing pending backups
06-20 11:11:05.240   152   325 V PerformBackupTask: Beginning backup of 1 targets
06-20 11:11:05.388   152   325 V BackupServiceBinder: doBackup() invoked
06-20 11:11:05.388   152   325 D PerformBackupTask: processOneBackup doBackup() on @pm@
06-20 11:11:05.400   152   325 I PerformBackupTask: no backup data written; not calling transport
06-20 11:11:05.408   152   325 D PerformBackupTask: starting agent for backup of BackupRequest{pkg=com.google.android.gm}
06-20 11:11:05.412  2988  2988 V ActivityThread: handleCreateBackupAgent: CreateBackupAgentData{appInfo=ApplicationInfo{413c4568 com.google.android.gm} backupAgent=com.google.android.gm.persistence.GmailBackupAgent mode=0}
06-20 11:11:05.412  2988  2988 V ActivityThread: Initializing agent class com.google.android.gm.persistence.GmailBackupAgent
06-20 11:11:05.412   152   325 D BackupManagerService: awaiting agent for ApplicationInfo{416e8000 com.google.android.gm}
06-20 11:11:05.412   152   375 D BackupManagerService: agentConnected pkg=com.google.android.gm agent=android.os.BinderProxy@4145d570
06-20 11:11:05.412   152   325 D PerformBackupTask: processOneBackup doBackup() on com.google.android.gm
06-20 11:11:05.416  2988  3378 V BackupServiceBinder: doBackup() invoked
06-20 11:11:05.435   152   325 V LocalTransport: performBackup() pkg=com.google.android.gm
06-20 11:11:05.435  2988  2988 V ActivityThread: handleDestroyBackupAgent: CreateBackupAgentData{appInfo=ApplicationInfo{4156d618 com.google.android.gm} backupAgent=com.google.android.gm.persistence.GmailBackupAgent mode=0}
06-20 11:11:05.439   152   325 V LocalTransport: Got change set key=backup_data_v2 size=377 key64=YmFja3VwX2RhdGFfdjI=
06-20 11:11:05.447   152   325 V LocalTransport:   data size 377
06-20 11:11:05.455   152   325 V LocalTransport: finishBackup()
06-20 11:11:05.458   152   325 I PerformBackupTask: Backup pass finished.
06-20 11:11:05.806   713   716 D dalvikvm: GC_CONCURRENT freed 469K, 7% free 11235K/11975K, paused 2ms+3ms
06-20 11:11:05.955  2890  2893 D dalvikvm: GC_CONCURRENT freed 812K, 9% free 9558K/10503K, paused 2ms+3ms
06-20 11:11:06.103  2890  2893 D dalvikvm: GC_CONCURRENT freed 164K, 7% free 9780K/10503K, paused 1ms+2ms
06-20 11:11:06.279  2890  2893 D dalvikvm: GC_CONCURRENT freed 306K, 7% free 9859K/10503K, paused 2ms+3ms
06-20 11:11:06.455  2890  2893 D dalvikvm: GC_CONCURRENT freed 371K, 6% free 9874K/10503K, paused 1ms+3ms
06-20 11:11:06.666  2890  2893 D dalvikvm: GC_CONCURRENT freed 337K, 6% free 9922K/10503K, paused 1ms+2ms
06-20 11:11:07.310  2890  2893 D dalvikvm: GC_CONCURRENT freed 810K, 10% free 9557K/10503K, paused 2ms+5ms
06-20 11:11:07.357   713   716 D dalvikvm: GC_CONCURRENT freed 825K, 8% free 11111K/12039K, paused 3ms+4ms
06-20 11:11:07.517  2890  2893 D dalvikvm: GC_CONCURRENT freed 159K, 7% free 9786K/10503K, paused 2ms+3ms
06-20 11:11:07.697  2890  2893 D dalvikvm: GC_CONCURRENT freed 309K, 7% free 9867K/10503K, paused 2ms+3ms
06-20 11:11:07.888  2890  2893 D dalvikvm: GC_CONCURRENT freed 380K, 6% free 9875K/10503K, paused 2ms+3ms
06-20 11:11:08.103  2890  2893 D dalvikvm: GC_CONCURRENT freed 357K, 6% free 9908K/10503K, paused 1ms+3ms
06-20 11:11:08.337  2890  2893 D dalvikvm: GC_CONCURRENT freed 342K, 6% free 9956K/10503K, paused 2ms+3ms
06-20 11:11:08.892  2890  2893 D dalvikvm: GC_CONCURRENT freed 644K, 8% free 9736K/10503K, paused 2ms+3ms
06-20 11:11:09.013  2890  3489 D dalvikvm: GC_EXPLICIT freed 84K, 7% free 9794K/10503K, paused 1ms+2ms
06-20 11:11:09.115  1838  1838 D wpa_supplicant: WPS: Building WPS IE for Probe Request
06-20 11:11:09.115  1838  1838 D wpa_supplicant: WPS:  * Version (hardcoded 0x10)
06-20 11:11:09.115  1838  1838 D wpa_supplicant: WPS:  * Request Type
06-20 11:11:09.115  1838  1838 D wpa_supplicant: WPS:  * Config Methods (2388)
06-20 11:11:09.115  1838  1838 D wpa_supplicant: WPS:  * UUID-E
06-20 11:11:09.115  1838  1838 D wpa_supplicant: WPS:  * Primary Device Type
06-20 11:11:09.115  1838  1838 D wpa_supplicant: WPS:  * RF Bands (3)
06-20 11:11:09.115  1838  1838 D wpa_supplicant: WPS:  * Association State
06-20 11:11:09.115  1838  1838 D wpa_supplicant: WPS:  * Configuration Error (0)
06-20 11:11:09.115  1838  1838 D wpa_supplicant: WPS:  * Device Password ID (0)
06-20 11:11:09.115  1838  1838 D wpa_supplicant: WPS:  * Manufacturer
06-20 11:11:09.115  1838  1838 D wpa_supplicant: WPS:  * Model Name
06-20 11:11:09.115  1838  1838 D wpa_supplicant: WPS:  * Model Number
06-20 11:11:09.115  1838  1838 D wpa_supplicant: WPS:  * Device Name
06-20 11:11:09.115  1838  1838 D wpa_supplicant: WPS:  * Version2 (0x20)
06-20 11:11:09.115  1838  1838 D wpa_supplicant: wpa_driver_wext_combo_scan: Start
06-20 11:11:09.115  1838  1838 D wpa_supplicant: For Scan: (null)
06-20 11:11:09.169  1838  1838 D wpa_supplicant: Scan requested (ret=0) - scan timeout 30 seconds
06-20 11:11:09.388  2890  2893 D dalvikvm: GC_CONCURRENT freed 322K, 7% free 9857K/10503K, paused 2ms+3ms
06-20 11:11:09.646  1838  1838 D wpa_supplicant: RTM_NEWLINK: operstate=0 ifi_flags=0x11003 ([UP][LOWER_UP])
06-20 11:11:09.646  1838  1838 D wpa_supplicant: RTM_NEWLINK, IFLA_IFNAME: Interface 'wlan0' added
06-20 11:11:09.646  1838  1838 D wpa_supplicant: Wireless event: cmd=0x8b19 len=8
06-20 11:11:09.646  1838  1838 D wpa_supplicant: Received 0 bytes of scan results (0 BSSes)
06-20 11:11:09.712  2890  2893 D dalvikvm: GC_CONCURRENT freed 363K, 6% free 9883K/10503K, paused 3ms+8ms
06-20 11:11:10.056  2890  2893 D dalvikvm: GC_CONCURRENT freed 340K, 6% free 9929K/10503K, paused 2ms+2ms
06-20 11:11:11.052   713   716 D dalvikvm: GC_CONCURRENT freed 464K, 7% free 11246K/12039K, paused 2ms+3ms
06-20 11:11:11.197  2890  2893 D dalvikvm: GC_CONCURRENT freed 810K, 10% free 9560K/10567K, paused 2ms+3ms
06-20 11:11:11.384  2890  2893 D dalvikvm: GC_CONCURRENT freed 155K, 8% free 9789K/10567K, paused 2ms+2ms
06-20 11:11:11.599  2890  2893 D dalvikvm: GC_CONCURRENT freed 320K, 7% free 9858K/10567K, paused 1ms+2ms
06-20 11:11:11.818  2890  2893 D dalvikvm: GC_CONCURRENT freed 361K, 7% free 9882K/10567K, paused 2ms+5ms
06-20 11:11:12.052  2890  2893 D dalvikvm: GC_CONCURRENT freed 350K, 7% free 9919K/10567K, paused 3ms+2ms
06-20 11:11:12.345  2890  2893 D dalvikvm: GC_CONCURRENT freed 343K, 6% free 9963K/10567K, paused 2ms+2ms
06-20 11:11:12.888   713   716 D dalvikvm: GC_CONCURRENT freed 813K, 8% free 11104K/12039K, paused 3ms+3ms
06-20 11:11:13.044  2890  2893 D dalvikvm: GC_CONCURRENT freed 649K, 9% free 9710K/10567K, paused 1ms+2ms
06-20 11:11:13.271   152   506 D dalvikvm: GC_EXPLICIT freed 492K, 18% free 13395K/16263K, paused 2ms+5ms
06-20 11:11:13.373  2890  2893 D dalvikvm: GC_CONCURRENT freed 248K, 7% free 9850K/10567K, paused 3ms+5ms
06-20 11:11:13.595  2890  2893 D dalvikvm: GC_CONCURRENT freed 366K, 7% free 9870K/10567K, paused 2ms+3ms
06-20 11:11:13.806  2890  2893 D dalvikvm: GC_CONCURRENT freed 360K, 7% free 9895K/10567K, paused 1ms+2ms
06-20 11:11:14.072  2890  2893 D dalvikvm: GC_CONCURRENT freed 327K, 6% free 9956K/10567K, paused 2ms+3ms
06-20 11:11:14.724   152   697 I ActivityManager: START {act=android.intent.action.MAIN cat=[android.intent.category.LAUNCHER] flg=0x10200000 cmp=com.android.browser/.BrowserActivity bnds=[384,706][480,802]} from pid 1566
06-20 11:11:14.841    82   125 D AudioHardware: AudioHardware pcm playback is exiting standby.
06-20 11:11:14.841    82   125 D AudioHardware: openPcmOut_l() mPcmOpenCnt: 0
06-20 11:11:14.962  1566  1566 D OpenGLRenderer: Flushing caches (mode 1)
06-20 11:11:15.005  1566  1566 D OpenGLRenderer: Flushing caches (mode 0)
06-20 11:11:15.365   152   168 I Process : Sending signal. PID: 2967 SIG: 3
06-20 11:11:15.365  2967  2972 I dalvikvm: threadid=3: reacting to signal 3
06-20 11:11:15.580  2967  2972 E dalvikvm: Unable to open stack trace file '/data/anr/traces.txt': Is a directory
06-20 11:11:15.830  2967  2967 D dalvikvm: GC_FOR_ALLOC freed 415K, 7% free 9287K/9927K, paused 20ms
06-20 11:11:15.830  2967  2967 I dalvikvm-heap: Grow heap (frag case) to 9.192MB for 55312-byte allocation
06-20 11:11:15.845  2967  2967 D dalvikvm: GC_FOR_ALLOC freed 52K, 8% free 9288K/9991K, paused 13ms
06-20 11:11:15.865   152   168 I Process : Sending signal. PID: 2967 SIG: 3
06-20 11:11:15.865  2967  2972 I dalvikvm: threadid=3: reacting to signal 3
06-20 11:11:15.880  2967  2972 I dalvikvm: Wrote stack traces to '/data/anr/traces.txt'
06-20 11:11:15.966  2967  2967 E libEGL  : call to OpenGL ES API with no current context (logged once per thread)
06-20 11:11:15.966  2967  2967 D ShaderProgram: couldn't load the vertex shader!
06-20 11:11:15.966  2967  2967 E libEGL  : call to OpenGL ES API with no current context (logged once per thread)
06-20 11:11:15.966  2967  2967 D ShaderProgram: couldn't load the vertex shader!
06-20 11:11:15.966  2967  2967 E libEGL  : call to OpenGL ES API with no current context (logged once per thread)
06-20 11:11:15.966  2967  2967 D ShaderProgram: couldn't load the vertex shader!
06-20 11:11:15.966  2967  2967 E libEGL  : call to OpenGL ES API with no current context (logged once per thread)
06-20 11:11:15.966  2967  2967 D ShaderProgram: couldn't load the vertex shader!
06-20 11:11:15.966  2967  2967 E libEGL  : call to OpenGL ES API with no current context (logged once per thread)
06-20 11:11:15.966  2967  2967 D ShaderProgram: couldn't load the vertex shader!
06-20 11:11:16.037  2967  2967 D dalvikvm: GC_FOR_ALLOC freed 40K, 6% free 9453K/9991K, paused 23ms
06-20 11:11:16.037  2967  2967 I dalvikvm-heap: Grow heap (frag case) to 9.466MB for 172816-byte allocation
06-20 11:11:16.068  2967  2967 D dalvikvm: GC_FOR_ALLOC freed 1K, 6% free 9620K/10183K, paused 15ms
06-20 11:11:16.091  2967  2967 D WebViewTimersControl: onBrowserActivityResume
06-20 11:11:16.091  2967  2967 D WebViewTimersControl: Resuming webview timers, view=com.android.browser.BrowserWebView@41308490
06-20 11:11:16.099  2967  2967 W BaseUi  : mMainView is already attached to wrapper in attachTabToContentView!
06-20 11:11:16.099  2967  2967 W BaseUi  : mContainer is already attached to content in attachTabToContentView!
06-20 11:11:16.240  2967  2967 D libEGL  : loaded /system/lib/egl/libGLES_android.so
06-20 11:11:16.255  2967  2967 D libEGL  : loaded /vendor/lib/egl/libEGL_POWERVR_SGX540_120.so
06-20 11:11:16.271  2967  2967 D libEGL  : loaded /vendor/lib/egl/libGLESv1_CM_POWERVR_SGX540_120.so
06-20 11:11:16.275  2967  2967 D libEGL  : loaded /vendor/lib/egl/libGLESv2_POWERVR_SGX540_120.so
06-20 11:11:16.326  2967  2967 D OpenGLRenderer: Enabling debug mode 0
06-20 11:11:16.365   152   168 I Process : Sending signal. PID: 2967 SIG: 3
06-20 11:11:16.365  2967  2972 I dalvikvm: threadid=3: reacting to signal 3
06-20 11:11:16.380  2967  2972 I dalvikvm: Wrote stack traces to '/data/anr/traces.txt'
06-20 11:11:16.404   152   201 I ActivityManager: Displayed com.android.browser/.BrowserActivity: +1s541ms (total +1m40s183ms)
06-20 11:11:16.423  2988  2988 D OpenGLRenderer: Flushing caches (mode 1)
06-20 11:11:16.521  2890  2893 D dalvikvm: GC_CONCURRENT freed 731K, 9% free 9629K/10567K, paused 2ms+4ms
06-20 11:11:16.646  2967  2967 W Tab     : Failed to save back/forward list for http://www.google.com/webhp?client=ms-unknown&source=android-home
06-20 11:11:16.791  2890  2893 D dalvikvm: GC_CONCURRENT freed 198K, 8% free 9817K/10567K, paused 2ms+2ms
06-20 11:11:16.986  2890  2893 D dalvikvm: GC_CONCURRENT freed 337K, 7% free 9870K/10567K, paused 2ms+4ms
06-20 11:11:17.212  2967  2967 D dalvikvm: GC_FOR_ALLOC freed 154K, 4% free 9795K/10183K, paused 16ms
06-20 11:11:17.232  2967  2967 D dalvikvm: GC_FOR_ALLOC freed 11K, 5% free 9858K/10311K, paused 16ms
06-20 11:11:17.240  2967  2967 I dalvikvm-heap: Grow heap (frag case) to 10.323MB for 656656-byte allocation
06-20 11:11:17.271  2967  2970 D dalvikvm: GC_CONCURRENT freed <1K, 5% free 10499K/11015K, paused 2ms+2ms
06-20 11:11:17.404  2890  2893 D dalvikvm: GC_CONCURRENT freed 364K, 7% free 9892K/10567K, paused 2ms+8ms
06-20 11:11:17.755  2890  2893 D dalvikvm: GC_CONCURRENT freed 332K, 6% free 9944K/10567K, paused 1ms+2ms
06-20 11:11:17.939    82   125 D AudioHardware: AudioHardware pcm playback is going to standby.
06-20 11:11:17.939    82   125 D AudioHardware: closePcmOut_l() mPcmOpenCnt: 1
06-20 11:11:18.388   713   716 D dalvikvm: GC_CONCURRENT freed 502K, 8% free 11192K/12039K, paused 2ms+3ms
06-20 11:11:18.599  2890  2893 D dalvikvm: GC_CONCURRENT freed 772K, 10% free 9576K/10567K, paused 3ms+5ms
06-20 11:11:18.755  2890  2893 D dalvikvm: GC_CONCURRENT freed 169K, 8% free 9794K/10567K, paused 3ms+2ms
06-20 11:11:18.955  2890  2893 D dalvikvm: GC_CONCURRENT freed 323K, 7% free 9857K/10567K, paused 2ms+2ms
06-20 11:11:19.197  2890  2893 D dalvikvm: GC_CONCURRENT freed 375K, 7% free 9875K/10567K, paused 2ms+6ms
06-20 11:11:19.470  2890  2893 D dalvikvm: GC_CONCURRENT freed 334K, 7% free 9928K/10567K, paused 2ms+3ms
06-20 11:11:20.185   713   716 D dalvikvm: GC_CONCURRENT freed 752K, 9% free 11072K/12039K, paused 2ms+6ms
06-20 11:11:20.208  2890  2893 D dalvikvm: GC_CONCURRENT freed 778K, 10% free 9544K/10567K, paused 2ms+5ms
06-20 11:11:20.427  2890  2893 D dalvikvm: GC_CONCURRENT freed 141K, 8% free 9789K/10567K, paused 2ms+2ms
06-20 11:11:21.322  2890  2893 D dalvikvm: GC_CONCURRENT freed 311K, 7% free 9869K/10567K, paused 12ms+2ms
06-20 11:11:21.529  2890  2893 D dalvikvm: GC_CONCURRENT freed 375K, 7% free 9883K/10567K, paused 2ms+2ms
06-20 11:11:21.759  2890  2893 D dalvikvm: GC_CONCURRENT freed 351K, 7% free 9928K/10567K, paused 1ms+3ms
06-20 11:11:22.072  2890  2893 D dalvikvm: GC_CONCURRENT freed 358K, 6% free 9955K/10567K, paused 2ms+3ms
06-20 11:11:23.837   713   716 D dalvikvm: GC_CONCURRENT freed 519K, 8% free 11140K/12039K, paused 4ms+4ms
06-20 11:11:23.978  2890  2893 D dalvikvm: GC_CONCURRENT freed 607K, 8% free 9756K/10567K, paused 1ms+3ms
06-20 11:11:24.146   152   587 D dalvikvm: GC_EXPLICIT freed 430K, 18% free 13382K/16263K, paused 3ms+6ms
06-20 11:11:24.314  2890  2893 D dalvikvm: GC_CONCURRENT freed 277K, 7% free 9868K/10567K, paused 1ms+3ms
06-20 11:11:24.537  2890  2893 D dalvikvm: GC_CONCURRENT freed 374K, 7% free 9885K/10567K, paused 2ms+3ms
06-20 11:11:24.646  1838  1838 D wpa_supplicant: WPS: Building WPS IE for Probe Request
06-20 11:11:24.646  1838  1838 D wpa_supplicant: WPS:  * Version (hardcoded 0x10)
06-20 11:11:24.646  1838  1838 D wpa_supplicant: WPS:  * Request Type
06-20 11:11:24.646  1838  1838 D wpa_supplicant: WPS:  * Config Methods (2388)
06-20 11:11:24.646  1838  1838 D wpa_supplicant: WPS:  * UUID-E
06-20 11:11:24.646  1838  1838 D wpa_supplicant: WPS:  * Primary Device Type
06-20 11:11:24.646  1838  1838 D wpa_supplicant: WPS:  * RF Bands (3)
06-20 11:11:24.646  1838  1838 D wpa_supplicant: WPS:  * Association State
06-20 11:11:24.646  1838  1838 D wpa_supplicant: WPS:  * Configuration Error (0)
06-20 11:11:24.646  1838  1838 D wpa_supplicant: WPS:  * Device Password ID (0)
06-20 11:11:24.646  1838  1838 D wpa_supplicant: WPS:  * Manufacturer
06-20 11:11:24.646  1838  1838 D wpa_supplicant: WPS:  * Model Name
06-20 11:11:24.646  1838  1838 D wpa_supplicant: WPS:  * Model Number
06-20 11:11:24.646  1838  1838 D wpa_supplicant: WPS:  * Device Name
06-20 11:11:24.646  1838  1838 D wpa_supplicant: WPS:  * Version2 (0x20)
06-20 11:11:24.646  1838  1838 D wpa_supplicant: wpa_driver_wext_combo_scan: Start
06-20 11:11:24.646  1838  1838 D wpa_supplicant: For Scan: (null)
06-20 11:11:24.701  1838  1838 D wpa_supplicant: Scan requested (ret=0) - scan timeout 30 seconds
06-20 11:11:24.794  2890  2893 D dalvikvm: GC_CONCURRENT freed 353K, 7% free 9923K/10567K, paused 2ms+3ms
06-20 11:11:25.060  2890  2893 D dalvikvm: GC_CONCURRENT freed 340K, 6% free 9976K/10567K, paused 2ms+2ms
06-20 11:11:25.181  1838  1838 D wpa_supplicant: RTM_NEWLINK: operstate=0 ifi_flags=0x11003 ([UP][LOWER_UP])
06-20 11:11:25.181  1838  1838 D wpa_supplicant: RTM_NEWLINK, IFLA_IFNAME: Interface 'wlan0' added
06-20 11:11:25.181  1838  1838 D wpa_supplicant: Wireless event: cmd=0x8b19 len=8
06-20 11:11:25.181  1838  1838 D wpa_supplicant: Received 0 bytes of scan results (0 BSSes)
06-20 11:11:25.896  2890  2893 D dalvikvm: GC_CONCURRENT freed 716K, 9% free 9660K/10567K, paused 2ms+3ms
06-20 11:11:26.232  2890  2893 D dalvikvm: GC_CONCURRENT freed 222K, 8% free 9826K/10567K, paused 3ms+2ms
06-20 11:11:26.337  2890  2902 D dalvikvm: GC_EXPLICIT freed 139K, 8% free 9819K/10567K, paused 2ms+4ms
06-20 11:11:26.564  2890  2893 D dalvikvm: GC_CONCURRENT freed 327K, 7% free 9880K/10567K, paused 3ms+3ms
06-20 11:11:26.814  2890  2893 D dalvikvm: GC_CONCURRENT freed 360K, 7% free 9905K/10567K, paused 2ms+3ms
06-20 11:11:27.115  2890  2893 D dalvikvm: GC_CONCURRENT freed 333K, 6% free 9969K/10567K, paused 2ms+3ms
06-20 11:11:27.728   713   716 D dalvikvm: GC_CONCURRENT freed 485K, 7% free 11262K/12039K, paused 2ms+3ms
06-20 11:11:27.931  2890  2893 D dalvikvm: GC_CONCURRENT freed 731K, 9% free 9637K/10567K, paused 2ms+4ms
06-20 11:11:28.119  2890  2893 D dalvikvm: GC_CONCURRENT freed 189K, 7% free 9834K/10567K, paused 2ms+3ms
06-20 11:11:28.294  2890  2893 D dalvikvm: GC_CONCURRENT freed 329K, 7% free 9892K/10567K, paused 1ms+2ms
06-20 11:11:28.478  2890  2893 D dalvikvm: GC_CONCURRENT freed 372K, 7% free 9906K/10567K, paused 2ms+3ms
06-20 11:11:28.736  2890  2893 D dalvikvm: GC_CONCURRENT freed 329K, 6% free 9962K/10567K, paused 2ms+2ms
06-20 11:11:31.080   713  3487 D dalvikvm: GC_EXPLICIT freed 884K, 8% free 11138K/12103K, paused 2ms+154ms
06-20 11:11:31.431  2890  2893 D dalvikvm: GC_CONCURRENT freed 808K, 10% free 9546K/10567K, paused 12ms+3ms
06-20 11:11:31.490   713   768 D androidNetworkLocationListeners: Still have listener com.google.android.location.internal.client.NetworkLocationClient$1@413542d0
06-20 11:11:31.533   713   768 D androidNetworkLocationListeners: Still have listener com.google.android.location.internal.client.NetworkLocationClient$1@413542d0
06-20 11:11:31.548  1838  1838 D wpa_supplicant: wpa_driver_wext_driver_cmd SETSUSPENDOPT 0 len = 4096
06-20 11:11:31.548  1838  1838 D wpa_supplicant: wpa_driver_wext_driver_cmd SETSUSPENDOPT 0 len = 0, 15
06-20 11:11:31.560  1838  1838 D wpa_supplicant: wpa_driver_wext_driver_cmd POWERMODE 0 len = 4096
06-20 11:11:31.568  1838  1838 D wpa_supplicant: wpa_driver_wext_driver_cmd OK len = 0, 2
06-20 11:11:31.716   713  1527 D WifiLocator: Too many no-location APs. Will not compute a location nor go to the server. hasLocation=0 noLocation=0 cacheMiss=0
06-20 11:11:31.740   713  1527 D CellLocator: Primary cell miss in cache. Need server request.
06-20 11:11:31.912   713   789 I System.out: [INFO:62338293]: LogSource: Running flush
06-20 11:11:31.970   713   791 I System.out: [INFO:62338357]: LogSource: Sending payload [bytes=341]
06-20 11:11:32.212  2890  2893 D dalvikvm: GC_CONCURRENT freed 127K, 8% free 9802K/10567K, paused 2ms+3ms
06-20 11:11:32.611   713   791 D dalvikvm: GC_FOR_ALLOC freed 163K, 8% free 11197K/12103K, paused 57ms
06-20 11:11:32.611   713   791 I dalvikvm-heap: Grow heap (frag case) to 11.012MB for 8208-byte allocation
06-20 11:11:32.658   713   722 D dalvikvm: GC_FOR_ALLOC freed <1K, 8% free 11204K/12167K, paused 37ms
06-20 11:11:32.712  2967  2970 D dalvikvm: GC_CONCURRENT freed 369K, 5% free 10574K/11079K, paused 7ms+2ms
06-20 11:11:32.744  2890  2893 D dalvikvm: GC_CONCURRENT freed 295K, 7% free 9895K/10567K, paused 4ms+3ms
06-20 11:11:32.818   713   791 I System.out: [INFO:62339205]: LogSource: Response [http=200,length=125]
06-20 11:11:32.818   713   789 I System.out: [INFO:62339206]: LogSource: Read id 5, status code 200
06-20 11:11:32.830   713  1527 D WifiLocator: Too many no-location APs. Will not compute a location nor go to the server. hasLocation=0 noLocation=0 cacheMiss=0
06-20 11:11:32.845  1838  1838 D wpa_supplicant: wpa_driver_wext_driver_cmd SETSUSPENDOPT 0 len = 4096
06-20 11:11:32.845  1838  1838 D wpa_supplicant: wpa_driver_wext_driver_cmd SETSUSPENDOPT 0 len = 0, 15
06-20 11:11:32.845  1838  1838 D wpa_supplicant: wpa_driver_wext_driver_cmd POWERMODE 0 len = 4096
06-20 11:11:32.861  1838  1838 D wpa_supplicant: wpa_driver_wext_driver_cmd OK len = 0, 2
06-20 11:11:33.220  2890  2893 D dalvikvm: GC_CONCURRENT freed 393K, 7% free 9889K/10567K, paused 1ms+2ms
06-20 11:11:33.564  2890  2893 D dalvikvm: GC_CONCURRENT freed 349K, 7% free 9924K/10567K, paused 3ms+13ms
06-20 11:11:34.072  2890  2893 D dalvikvm: GC_CONCURRENT freed 328K, 6% free 9986K/10567K, paused 2ms+4ms
06-20 11:11:34.447    82   125 D AudioHardware: AudioHardware pcm playback is exiting standby.
06-20 11:11:34.447    82   125 D AudioHardware: openPcmOut_l() mPcmOpenCnt: 0
06-20 11:11:37.326  2890  2893 D dalvikvm: GC_CONCURRENT freed 761K, 9% free 9709K/10567K, paused 2ms+4ms
06-20 11:11:37.525  2890  2893 D dalvikvm: GC_CONCURRENT freed 245K, 7% free 9850K/10567K, paused 2ms+2ms
06-20 11:11:37.537    82   125 D AudioHardware: AudioHardware pcm playback is going to standby.
06-20 11:11:37.541    82   125 D AudioHardware: closePcmOut_l() mPcmOpenCnt: 1
06-20 11:11:37.716   152   163 D dalvikvm: GC_EXPLICIT freed 230K, 18% free 13376K/16263K, paused 3ms+5ms
06-20 11:11:37.837  2890  2893 D dalvikvm: GC_CONCURRENT freed 337K, 7% free 9902K/10567K, paused 1ms+4ms
06-20 11:11:38.025  2890  2893 D dalvikvm: GC_CONCURRENT freed 375K, 7% free 9916K/10567K, paused 2ms+2ms
06-20 11:11:38.357  2890  2893 D dalvikvm: GC_CONCURRENT freed 337K, 6% free 9975K/10567K, paused 6ms+3ms
06-20 11:11:40.115   713   716 D dalvikvm: GC_CONCURRENT freed 542K, 8% free 11288K/12167K, paused 2ms+4ms
06-20 11:11:40.189  1838  1838 D wpa_supplicant: WPS: Building WPS IE for Probe Request
06-20 11:11:40.189  1838  1838 D wpa_supplicant: WPS:  * Version (hardcoded 0x10)
06-20 11:11:40.189  1838  1838 D wpa_supplicant: WPS:  * Request Type
06-20 11:11:40.189  1838  1838 D wpa_supplicant: WPS:  * Config Methods (2388)
06-20 11:11:40.189  1838  1838 D wpa_supplicant: WPS:  * UUID-E
06-20 11:11:40.189  1838  1838 D wpa_supplicant: WPS:  * Primary Device Type
06-20 11:11:40.189  1838  1838 D wpa_supplicant: WPS:  * RF Bands (3)
06-20 11:11:40.189  1838  1838 D wpa_supplicant: WPS:  * Association State
06-20 11:11:40.189  1838  1838 D wpa_supplicant: WPS:  * Configuration Error (0)
06-20 11:11:40.189  1838  1838 D wpa_supplicant: WPS:  * Device Password ID (0)
06-20 11:11:40.189  1838  1838 D wpa_supplicant: WPS:  * Manufacturer
06-20 11:11:40.189  1838  1838 D wpa_supplicant: WPS:  * Model Name
06-20 11:11:40.189  1838  1838 D wpa_supplicant: WPS:  * Model Number
06-20 11:11:40.189  1838  1838 D wpa_supplicant: WPS:  * Device Name
06-20 11:11:40.189  1838  1838 D wpa_supplicant: WPS:  * Version2 (0x20)
06-20 11:11:40.189  1838  1838 D wpa_supplicant: wpa_driver_wext_combo_scan: Start
06-20 11:11:40.189  1838  1838 D wpa_supplicant: For Scan: (null)
06-20 11:11:40.240  1838  1838 D wpa_supplicant: Scan requested (ret=0) - scan timeout 30 seconds
06-20 11:11:40.302  2890  2893 D dalvikvm: GC_CONCURRENT freed 796K, 10% free 9571K/10567K, paused 1ms+4ms
06-20 11:11:40.451  2890  2893 D dalvikvm: GC_CONCURRENT freed 161K, 8% free 9801K/10567K, paused 2ms+2ms
06-20 11:11:40.654  2890  2893 D dalvikvm: GC_CONCURRENT freed 315K, 7% free 9874K/10567K, paused 2ms+2ms
06-20 11:11:40.720  1838  1838 D wpa_supplicant: RTM_NEWLINK: operstate=0 ifi_flags=0x11003 ([UP][LOWER_UP])
06-20 11:11:40.720  1838  1838 D wpa_supplicant: RTM_NEWLINK, IFLA_IFNAME: Interface 'wlan0' added
06-20 11:11:40.720  1838  1838 D wpa_supplicant: Wireless event: cmd=0x8b19 len=8
06-20 11:11:40.720  1838  1838 D wpa_supplicant: Received 169 bytes of scan results (1 BSSes)
06-20 11:11:40.857  2890  2893 D dalvikvm: GC_CONCURRENT freed 361K, 7% free 9899K/10567K, paused 2ms+2ms
06-20 11:11:41.130  2890  2893 D dalvikvm: GC_CONCURRENT freed 344K, 6% free 9943K/10567K, paused 2ms+3ms
06-20 11:11:41.318    82   125 D AudioHardware: AudioHardware pcm playback is exiting standby.
06-20 11:11:41.318    82   125 D AudioHardware: openPcmOut_l() mPcmOpenCnt: 0
06-20 11:11:41.669  2890  2893 D dalvikvm: GC_CONCURRENT freed 380K, 6% free 9947K/10567K, paused 2ms+3ms
06-20 11:11:42.876   713   716 D dalvikvm: GC_CONCURRENT freed 828K, 9% free 11129K/12167K, paused 50ms+3ms
06-20 11:11:43.033  2890  2893 D dalvikvm: GC_CONCURRENT freed 555K, 8% free 9799K/10567K, paused 1ms+2ms
06-20 11:11:43.380  2890  2893 D dalvikvm: GC_CONCURRENT freed 305K, 7% free 9879K/10567K, paused 2ms+10ms
06-20 11:11:43.591  2890  2893 D dalvikvm: GC_CONCURRENT freed 368K, 7% free 9897K/10567K, paused 2ms+3ms
06-20 11:11:43.833  2890  2893 D dalvikvm: GC_CONCURRENT freed 353K, 6% free 9938K/10567K, paused 2ms+3ms
06-20 11:11:44.103  2890  2893 D dalvikvm: GC_CONCURRENT freed 342K, 6% free 9983K/10567K, paused 2ms+3ms
06-20 11:11:44.408    82   125 D AudioHardware: AudioHardware pcm playback is going to standby.
06-20 11:11:44.408    82   125 D AudioHardware: closePcmOut_l() mPcmOpenCnt: 1
06-20 11:11:44.833   713   716 D dalvikvm: GC_CONCURRENT freed 537K, 9% free 11176K/12167K, paused 3ms+3ms
06-20 11:11:44.927  2890  2893 D dalvikvm: GC_CONCURRENT freed 667K, 9% free 9717K/10567K, paused 2ms+2ms
06-20 11:11:45.146  2890  2893 D dalvikvm: GC_CONCURRENT freed 249K, 7% free 9855K/10567K, paused 2ms+4ms
06-20 11:11:45.345  2890  2893 D dalvikvm: GC_CONCURRENT freed 364K, 7% free 9883K/10567K, paused 1ms+3ms
06-20 11:11:45.458    82   125 D AudioHardware: AudioHardware pcm playback is exiting standby.
06-20 11:11:45.458    82   125 D AudioHardware: openPcmOut_l() mPcmOpenCnt: 0
06-20 11:11:45.638  2890  2893 D dalvikvm: GC_CONCURRENT freed 347K, 7% free 9923K/10567K, paused 2ms+2ms
06-20 11:11:45.974  2890  2893 D dalvikvm: GC_CONCURRENT freed 353K, 6% free 9958K/10567K, paused 2ms+3ms
06-20 11:11:48.244  2890  2893 D dalvikvm: GC_CONCURRENT freed 627K, 8% free 9725K/10567K, paused 2ms+20ms
06-20 11:11:48.548    82   125 D AudioHardware: AudioHardware pcm playback is going to standby.
06-20 11:11:48.548    82   125 D AudioHardware: closePcmOut_l() mPcmOpenCnt: 1
06-20 11:11:48.599    82   125 D AudioHardware: AudioHardware pcm playback is exiting standby.
06-20 11:11:48.599    82   125 D AudioHardware: openPcmOut_l() mPcmOpenCnt: 0
06-20 11:11:48.728  2890  2893 D dalvikvm: GC_CONCURRENT freed 241K, 7% free 9872K/10567K, paused 27ms+3ms
06-20 11:11:48.763  2967  2970 D dalvikvm: GC_CONCURRENT freed 270K, 5% free 10747K/11207K, paused 13ms+10ms
06-20 11:11:49.048  2890  3488 D dalvikvm: GC_EXPLICIT freed 301K, 7% free 9895K/10567K, paused 2ms+3ms
06-20 11:11:49.228   152   614 D dalvikvm: GC_EXPLICIT freed 244K, 18% free 13377K/16263K, paused 3ms+5ms
06-20 11:11:49.353  2890  2893 D dalvikvm: GC_CONCURRENT freed 354K, 7% free 9928K/10567K, paused 2ms+2ms
06-20 11:11:49.705  2890  2893 D dalvikvm: GC_CONCURRENT freed 340K, 6% free 9985K/10567K, paused 2ms+3ms
06-20 11:11:50.419   713   716 D dalvikvm: GC_CONCURRENT freed 535K, 8% free 11284K/12167K, paused 2ms+3ms
06-20 11:11:50.599  2890  2893 D dalvikvm: GC_CONCURRENT freed 833K, 10% free 9613K/10567K, paused 2ms+2ms
06-20 11:11:50.751  2890  2893 D dalvikvm: GC_CONCURRENT freed 156K, 7% free 9845K/10567K, paused 2ms+3ms
06-20 11:11:50.986  2890  2893 D dalvikvm: GC_CONCURRENT freed 316K, 7% free 9917K/10567K, paused 2ms+3ms
06-20 11:11:51.181  2890  2893 D dalvikvm: GC_CONCURRENT freed 365K, 6% free 9943K/10567K, paused 2ms+3ms
06-20 11:11:51.294   713   768 D androidNetworkLocationListeners: Still have listener com.google.android.location.internal.client.NetworkLocationClient$1@413542d0
06-20 11:11:51.298  1838  1838 D wpa_supplicant: wpa_driver_wext_driver_cmd SETSUSPENDOPT 0 len = 4096
06-20 11:11:51.298  1838  1838 D wpa_supplicant: wpa_driver_wext_driver_cmd SETSUSPENDOPT 0 len = 0, 15
06-20 11:11:51.298  1838  1838 D wpa_supplicant: wpa_driver_wext_driver_cmd POWERMODE 0 len = 4096
06-20 11:11:51.306  1838  1838 D wpa_supplicant: wpa_driver_wext_driver_cmd OK len = 0, 2
06-20 11:11:51.306   713  1527 D WifiLocator: Too many cache  misses. Need server request. hasLocation=0 noLocation=0 cacheMiss=1
06-20 11:11:51.326   713   789 I System.out: [INFO:62357713]: LogSource: Running flush
06-20 11:11:51.333   713   790 I System.out: [INFO:62357719]: LogSource: Sending payload [bytes=389]
06-20 11:11:51.603  2890  2893 D dalvikvm: GC_CONCURRENT freed 355K, 6% free 9990K/10567K, paused 2ms+2ms
06-20 11:11:51.689    82   125 D AudioHardware: AudioHardware pcm playback is going to standby.
06-20 11:11:51.689    82   125 D AudioHardware: closePcmOut_l() mPcmOpenCnt: 1
06-20 11:11:52.248  2890  2893 D dalvikvm: GC_CONCURRENT freed 403K, 6% free 10029K/10567K, paused 2ms+2ms
06-20 11:11:53.236   713   790 I System.out: [INFO:62359621]: LogSource: Response [http=200,length=133]
06-20 11:11:53.236   713   789 I System.out: [INFO:62359622]: LogSource: Read id 6, status code 200
06-20 11:11:53.240   713  1527 D WifiLocator: Too many no-location APs. Will not compute a location nor go to the server. hasLocation=0 noLocation=0 cacheMiss=0
06-20 11:11:53.244  1838  1838 D wpa_supplicant: wpa_driver_wext_driver_cmd SETSUSPENDOPT 0 len = 4096
06-20 11:11:53.244  1838  1838 D wpa_supplicant: wpa_driver_wext_driver_cmd SETSUSPENDOPT 0 len = 0, 15
06-20 11:11:53.244  1838  1838 D wpa_supplicant: wpa_driver_wext_driver_cmd POWERMODE 0 len = 4096
06-20 11:11:53.251  1838  1838 D wpa_supplicant: wpa_driver_wext_driver_cmd OK len = 0, 2
06-20 11:11:54.462   713   716 D dalvikvm: GC_CONCURRENT freed 860K, 10% free 11062K/12167K, paused 3ms+3ms
06-20 11:11:54.662  2890  2893 D dalvikvm: GC_CONCURRENT freed 649K, 8% free 9792K/10567K, paused 2ms+3ms
06-20 11:11:54.908  2890  2893 D dalvikvm: GC_CONCURRENT freed 284K, 7% free 9893K/10567K, paused 2ms+3ms
06-20 11:11:55.103  2890  2893 D dalvikvm: GC_CONCURRENT freed 359K, 7% free 9925K/10567K, paused 3ms+2ms
06-20 11:11:55.333  2890  2893 D dalvikvm: GC_CONCURRENT freed 351K, 6% free 9959K/10567K, paused 2ms+4ms
06-20 11:11:55.611  2890  2893 D dalvikvm: GC_CONCURRENT freed 337K, 6% free 10007K/10567K, paused 3ms+3ms
06-20 11:11:55.724  1838  1838 D wpa_supplicant: WPS: Building WPS IE for Probe Request
06-20 11:11:55.724  1838  1838 D wpa_supplicant: WPS:  * Version (hardcoded 0x10)
06-20 11:11:55.724  1838  1838 D wpa_supplicant: WPS:  * Request Type
06-20 11:11:55.724  1838  1838 D wpa_supplicant: WPS:  * Config Methods (2388)
06-20 11:11:55.724  1838  1838 D wpa_supplicant: WPS:  * UUID-E
06-20 11:11:55.724  1838  1838 D wpa_supplicant: WPS:  * Primary Device Type
06-20 11:11:55.724  1838  1838 D wpa_supplicant: WPS:  * RF Bands (3)
06-20 11:11:55.724  1838  1838 D wpa_supplicant: WPS:  * Association State
06-20 11:11:55.724  1838  1838 D wpa_supplicant: WPS:  * Configuration Error (0)
06-20 11:11:55.724  1838  1838 D wpa_supplicant: WPS:  * Device Password ID (0)
06-20 11:11:55.724  1838  1838 D wpa_supplicant: WPS:  * Manufacturer
06-20 11:11:55.724  1838  1838 D wpa_supplicant: WPS:  * Model Name
06-20 11:11:55.724  1838  1838 D wpa_supplicant: WPS:  * Model Number
06-20 11:11:55.724  1838  1838 D wpa_supplicant: WPS:  * Device Name
06-20 11:11:55.724  1838  1838 D wpa_supplicant: WPS:  * Version2 (0x20)
06-20 11:11:55.724  1838  1838 D wpa_supplicant: wpa_driver_wext_combo_scan: Start
06-20 11:11:55.724  1838  1838 D wpa_supplicant: For Scan: (null)
06-20 11:11:55.775  1838  1838 D wpa_supplicant: Scan requested (ret=0) - scan timeout 30 seconds
06-20 11:11:56.259  1838  1838 D wpa_supplicant: RTM_NEWLINK: operstate=0 ifi_flags=0x11003 ([UP][LOWER_UP])
06-20 11:11:56.259  1838  1838 D wpa_supplicant: RTM_NEWLINK, IFLA_IFNAME: Interface 'wlan0' added
06-20 11:11:56.259  1838  1838 D wpa_supplicant: Wireless event: cmd=0x8b19 len=8
06-20 11:11:56.259  1838  1838 D wpa_supplicant: Received 0 bytes of scan results (0 BSSes)
06-20 11:11:56.458  2967  3118 V chromium: external/chromium/net/base/bandwidth_metrics.h:96: [0620/111156:INFO:bandwidth_metrics.h(96)] Bandwidth: 168.921Kbps (avg 168.921Kbps)
06-20 11:11:57.791  2967  2970 D dalvikvm: GC_CONCURRENT freed 416K, 5% free 10783K/11335K, paused 2ms+8ms
06-20 11:11:58.447   713   716 D dalvikvm: GC_CONCURRENT freed 535K, 9% free 11132K/12167K, paused 10ms+4ms
06-20 11:11:58.615  2890  2893 D dalvikvm: GC_CONCURRENT freed 681K, 8% free 9779K/10567K, paused 1ms+3ms
06-20 11:11:58.744   713   768 D androidNetworkLocationListeners: Still have listener com.google.android.location.internal.client.NetworkLocationClient$1@413542d0
06-20 11:11:58.759  1838  1838 D wpa_supplicant: wpa_driver_wext_driver_cmd SETSUSPENDOPT 0 len = 4096
06-20 11:11:58.759  1838  1838 D wpa_supplicant: wpa_driver_wext_driver_cmd SETSUSPENDOPT 0 len = 0, 15
06-20 11:11:58.759  1838  1838 D wpa_supplicant: wpa_driver_wext_driver_cmd POWERMODE 0 len = 4096
06-20 11:11:58.767  1838  1838 D wpa_supplicant: wpa_driver_wext_driver_cmd OK len = 0, 2
06-20 11:11:58.806   713   768 D androidNetworkLocationListeners: Still have listener com.google.android.location.internal.client.NetworkLocationClient$1@413542d0
06-20 11:11:59.333  1838  1838 D wpa_supplicant: wpa_driver_wext_driver_cmd SETSUSPENDOPT 0 len = 4096
06-20 11:11:59.333  1838  1838 D wpa_supplicant: wpa_driver_wext_driver_cmd SETSUSPENDOPT 0 len = 0, 15
06-20 11:11:59.333  1838  1838 D wpa_supplicant: wpa_driver_wext_driver_cmd POWERMODE 0 len = 4096
06-20 11:11:59.341  1838  1838 D wpa_supplicant: wpa_driver_wext_driver_cmd OK len = 0, 2
06-20 11:11:59.341  1838  1838 D wpa_supplicant: wpa_driver_wext_driver_cmd SETSUSPENDOPT 0 len = 4096
06-20 11:11:59.341  1838  1838 D wpa_supplicant: wpa_driver_wext_driver_cmd SETSUSPENDOPT 0 len = 0, 15
06-20 11:11:59.341  1838  1838 D wpa_supplicant: wpa_driver_wext_driver_cmd POWERMODE 0 len = 4096
06-20 11:11:59.341  1838  1838 D wpa_supplicant: wpa_driver_wext_driver_cmd OK len = 0, 2
06-20 11:11:59.341  1838  1838 D wpa_supplicant: WPS: Building WPS IE for Probe Request
06-20 11:11:59.341  1838  1838 D wpa_supplicant: WPS:  * Version (hardcoded 0x10)
06-20 11:11:59.341  1838  1838 D wpa_supplicant: WPS:  * Request Type
06-20 11:11:59.341  1838  1838 D wpa_supplicant: WPS:  * Config Methods (2388)
06-20 11:11:59.341  1838  1838 D wpa_supplicant: WPS:  * UUID-E
06-20 11:11:59.341  1838  1838 D wpa_supplicant: WPS:  * Primary Device Type
06-20 11:11:59.341  1838  1838 D wpa_supplicant: WPS:  * RF Bands (3)
06-20 11:11:59.341  1838  1838 D wpa_supplicant: WPS:  * Association State
06-20 11:11:59.341  1838  1838 D wpa_supplicant: WPS:  * Configuration Error (0)
06-20 11:11:59.341  1838  1838 D wpa_supplicant: WPS:  * Device Password ID (0)
06-20 11:11:59.341  1838  1838 D wpa_supplicant: WPS:  * Manufacturer
06-20 11:11:59.341  1838  1838 D wpa_supplicant: WPS:  * Model Name
06-20 11:11:59.341  1838  1838 D wpa_supplicant: WPS:  * Model Number
06-20 11:11:59.341  1838  1838 D wpa_supplicant: WPS:  * Device Name
06-20 11:11:59.341  1838  1838 D wpa_supplicant: WPS:  * Version2 (0x20)
06-20 11:11:59.341  1838  1838 D wpa_supplicant: wpa_driver_wext_combo_scan: Start
06-20 11:11:59.341  1838  1838 D wpa_supplicant: For Scan: (null)
06-20 11:11:59.388  1838  1838 D wpa_supplicant: Scan requested (ret=0) - scan timeout 30 seconds
06-20 11:11:59.869  1838  1838 D wpa_supplicant: RTM_NEWLINK: operstate=0 ifi_flags=0x11003 ([UP][LOWER_UP])
06-20 11:11:59.869  1838  1838 D wpa_supplicant: RTM_NEWLINK, IFLA_IFNAME: Interface 'wlan0' added
06-20 11:11:59.869  1838  1838 D wpa_supplicant: Wireless event: cmd=0x8b19 len=8
06-20 11:11:59.869  1838  1838 D wpa_supplicant: Received 0 bytes of scan results (0 BSSes)
06-20 11:11:59.876   713  1527 D WifiLocator: Too many no-location APs. Will not compute a location nor go to the server. hasLocation=0 noLocation=0 cacheMiss=0
06-20 11:11:59.876  1838  1838 D wpa_supplicant: wpa_driver_wext_driver_cmd SETSUSPENDOPT 0 len = 4096
06-20 11:11:59.876  1838  1838 D wpa_supplicant: wpa_driver_wext_driver_cmd SETSUSPENDOPT 0 len = 0, 15
06-20 11:11:59.876  1838  1838 D wpa_supplicant: wpa_driver_wext_driver_cmd POWERMODE 0 len = 4096
06-20 11:11:59.876  1838  1838 D wpa_supplicant: wpa_driver_wext_driver_cmd OK len = 0, 2
06-20 11:12:00.052  2890  2893 D dalvikvm: GC_CONCURRENT freed 296K, 7% free 9869K/10567K, paused 1ms+3ms
06-20 11:12:00.306  2890  2893 D dalvikvm: GC_CONCURRENT freed 358K, 7% free 9897K/10567K, paused 2ms+2ms
06-20 11:12:00.603  2890  2893 D dalvikvm: GC_CONCURRENT freed 343K, 6% free 9939K/10567K, paused 2ms+2ms
06-20 11:12:00.947    82   125 D AudioHardware: AudioHardware pcm playback is exiting standby.
06-20 11:12:00.947    82   125 D AudioHardware: openPcmOut_l() mPcmOpenCnt: 0
06-20 11:12:01.048   713   768 D androidNetworkLocationListeners: Still have listener com.google.android.location.internal.client.NetworkLocationClient$1@413542d0
06-20 11:12:01.076  1838  1838 D wpa_supplicant: wpa_driver_wext_driver_cmd SETSUSPENDOPT 0 len = 4096
06-20 11:12:01.076  1838  1838 D wpa_supplicant: wpa_driver_wext_driver_cmd SETSUSPENDOPT 0 len = 0, 15
06-20 11:12:01.080  1838  1838 D wpa_supplicant: wpa_driver_wext_driver_cmd POWERMODE 0 len = 4096
06-20 11:12:01.080  1838  1838 D wpa_supplicant: wpa_driver_wext_driver_cmd OK len = 0, 2
06-20 11:12:01.080  1838  1838 D wpa_supplicant: WPS: Building WPS IE for Probe Request
06-20 11:12:01.080  1838  1838 D wpa_supplicant: WPS:  * Version (hardcoded 0x10)
06-20 11:12:01.080  1838  1838 D wpa_supplicant: WPS:  * Request Type
06-20 11:12:01.083  1838  1838 D wpa_supplicant: WPS:  * Config Methods (2388)
06-20 11:12:01.083  1838  1838 D wpa_supplicant: WPS:  * UUID-E
06-20 11:12:01.083  1838  1838 D wpa_supplicant: WPS:  * Primary Device Type
06-20 11:12:01.083  1838  1838 D wpa_supplicant: WPS:  * RF Bands (3)
06-20 11:12:01.083  1838  1838 D wpa_supplicant: WPS:  * Association State
06-20 11:12:01.083  1838  1838 D wpa_supplicant: WPS:  * Configuration Error (0)
06-20 11:12:01.083  1838  1838 D wpa_supplicant: WPS:  * Device Password ID (0)
06-20 11:12:01.083  1838  1838 D wpa_supplicant: WPS:  * Manufacturer
06-20 11:12:01.083  1838  1838 D wpa_supplicant: WPS:  * Model Name
06-20 11:12:01.083  1838  1838 D wpa_supplicant: WPS:  * Model Number
06-20 11:12:01.083  1838  1838 D wpa_supplicant: WPS:  * Device Name
06-20 11:12:01.083  1838  1838 D wpa_supplicant: WPS:  * Version2 (0x20)
06-20 11:12:01.083  1838  1838 D wpa_supplicant: wpa_driver_wext_combo_scan: Start
06-20 11:12:01.083  1838  1838 D wpa_supplicant: For Scan: (null)
06-20 11:12:01.091  1838  1838 D wpa_supplicant: Scan requested (ret=0) - scan timeout 30 seconds
06-20 11:12:01.568  1838  1838 D wpa_supplicant: RTM_NEWLINK: operstate=0 ifi_flags=0x11003 ([UP][LOWER_UP])
06-20 11:12:01.568  1838  1838 D wpa_supplicant: RTM_NEWLINK, IFLA_IFNAME: Interface 'wlan0' added
06-20 11:12:01.568  1838  1838 D wpa_supplicant: Wireless event: cmd=0x8b19 len=8
06-20 11:12:01.568  1838  1838 D wpa_supplicant: Received 0 bytes of scan results (0 BSSes)
06-20 11:12:01.572   713  1527 D WifiLocator: Too many no-location APs. Will not compute a location nor go to the server. hasLocation=0 noLocation=0 cacheMiss=0
06-20 11:12:01.576  1838  1838 D wpa_supplicant: wpa_driver_wext_driver_cmd SETSUSPENDOPT 0 len = 4096
06-20 11:12:01.576  1838  1838 D wpa_supplicant: wpa_driver_wext_driver_cmd SETSUSPENDOPT 0 len = 0, 15
06-20 11:12:01.576  1838  1838 D wpa_supplicant: wpa_driver_wext_driver_cmd POWERMODE 0 len = 4096
06-20 11:12:01.576  1838  1838 D wpa_supplicant: wpa_driver_wext_driver_cmd OK len = 0, 2
06-20 11:12:01.736  2890  2893 D dalvikvm: GC_CONCURRENT freed 371K, 6% free 9953K/10567K, paused 2ms+8ms
06-20 11:12:02.197   713   716 D dalvikvm: GC_CONCURRENT freed 643K, 9% free 11112K/12167K, paused 6ms+4ms
06-20 11:12:02.404  2890  2893 D dalvikvm: GC_CONCURRENT freed 541K, 8% free 9811K/10567K, paused 6ms+3ms
06-20 11:12:02.689  2967  3118 V chromium: external/chromium/net/base/bandwidth_metrics.h:96: [0620/111202:INFO:bandwidth_metrics.h(96)] Bandwidth: 317.713Kbps (avg 243.317Kbps)
06-20 11:12:02.697  2890  2893 D dalvikvm: GC_CONCURRENT freed 289K, 7% free 9909K/10567K, paused 2ms+4ms
06-20 11:12:03.423   152   506 D dalvikvm: GC_EXPLICIT freed 271K, 18% free 13382K/16263K, paused 3ms+6ms
06-20 11:12:03.544  2890  2893 D dalvikvm: GC_CONCURRENT freed 367K, 6% free 9934K/10567K, paused 3ms+3ms
06-20 11:12:03.798  2890  2893 D dalvikvm: GC_CONCURRENT freed 359K, 6% free 9959K/10567K, paused 4ms+3ms
06-20 11:12:04.037    82   125 D AudioHardware: AudioHardware pcm playback is going to standby.
06-20 11:12:04.037    82   125 D AudioHardware: closePcmOut_l() mPcmOpenCnt: 1
06-20 11:12:04.259  2967  2967 W webview : Miss a drag as we are waiting for WebCore's response for touch down.
06-20 11:12:05.169  2890  2893 D dalvikvm: GC_CONCURRENT freed 336K, 6% free 10010K/10567K, paused 2ms+4ms
06-20 11:12:05.205  2967  3118 V chromium: external/chromium/net/base/bandwidth_metrics.h:96: [0620/111205:INFO:bandwidth_metrics.h(96)] Bandwidth: 1240.19Kbps (avg 575.609Kbps)
06-20 11:12:05.720  2967  2970 D dalvikvm: GC_CONCURRENT freed 463K, 6% free 10822K/11399K, paused 4ms+3ms
06-20 11:12:07.666   713   716 D dalvikvm: GC_CONCURRENT freed 538K, 9% free 11154K/12167K, paused 2ms+9ms
06-20 11:12:07.861  2890  2893 D dalvikvm: GC_CONCURRENT freed 706K, 8% free 9738K/10567K, paused 3ms+4ms
06-20 11:12:08.107  2890  2893 D dalvikvm: GC_CONCURRENT freed 221K, 7% free 9902K/10567K, paused 2ms+3ms
06-20 11:12:08.376  2890  2893 D dalvikvm: GC_CONCURRENT freed 352K, 6% free 9937K/10567K, paused 2ms+3ms
06-20 11:12:08.583   152   585 D CountryDetector: The first listener is added
06-20 11:12:08.814  2890  2893 D dalvikvm: GC_CONCURRENT freed 325K, 6% free 10014K/10567K, paused 7ms+3ms
06-20 11:12:09.154  2890  2893 D dalvikvm: GC_CONCURRENT freed 308K, 5% free 10127K/10567K, paused 9ms+2ms
06-20 11:12:09.677  2890  2893 D dalvikvm: GC_CONCURRENT freed 334K, 5% free 10231K/10759K, paused 7ms+3ms
06-20 11:12:11.970  2890  2893 D dalvikvm: GC_CONCURRENT freed 797K, 9% free 9854K/10759K, paused 7ms+3ms
06-20 11:12:12.185  2890  2893 D dalvikvm: GC_CONCURRENT freed 195K, 7% free 10045K/10759K, paused 2ms+2ms
06-20 11:12:12.380  2890  2893 D dalvikvm: GC_CONCURRENT freed 329K, 7% free 10104K/10759K, paused 2ms+2ms
06-20 11:12:12.591  2890  2893 D dalvikvm: GC_CONCURRENT freed 374K, 6% free 10121K/10759K, paused 1ms+3ms
06-20 11:12:13.009  2890  2893 D dalvikvm: GC_CONCURRENT freed 333K, 6% free 10176K/10759K, paused 8ms+11ms
06-20 11:12:13.490  2890  2893 D dalvikvm: GC_CONCURRENT freed 388K, 5% free 10237K/10759K, paused 2ms+3ms
06-20 11:12:16.533   152  2465 I ActivityManager: Process com.google.android.talk (pid 2245) has died.
06-20 11:12:16.572  1838  1838 D wpa_supplicant: WPS: Building WPS IE for Probe Request
06-20 11:12:16.572  1838  1838 D wpa_supplicant: WPS:  * Version (hardcoded 0x10)
06-20 11:12:16.572  1838  1838 D wpa_supplicant: WPS:  * Request Type
06-20 11:12:16.572  1838  1838 D wpa_supplicant: WPS:  * Config Methods (2388)
06-20 11:12:16.572  1838  1838 D wpa_supplicant: WPS:  * UUID-E
06-20 11:12:16.572  1838  1838 D wpa_supplicant: WPS:  * Primary Device Type
06-20 11:12:16.572  1838  1838 D wpa_supplicant: WPS:  * RF Bands (3)
06-20 11:12:16.572  1838  1838 D wpa_supplicant: WPS:  * Association State
06-20 11:12:16.572  1838  1838 D wpa_supplicant: WPS:  * Configuration Error (0)
06-20 11:12:16.572  1838  1838 D wpa_supplicant: WPS:  * Device Password ID (0)
06-20 11:12:16.572  1838  1838 D wpa_supplicant: WPS:  * Manufacturer
06-20 11:12:16.572  1838  1838 D wpa_supplicant: WPS:  * Model Name
06-20 11:12:16.572  1838  1838 D wpa_supplicant: WPS:  * Model Number
06-20 11:12:16.572  1838  1838 D wpa_supplicant: WPS:  * Device Name
06-20 11:12:16.572  1838  1838 D wpa_supplicant: WPS:  * Version2 (0x20)
06-20 11:12:16.572  1838  1838 D wpa_supplicant: wpa_driver_wext_combo_scan: Start
06-20 11:12:16.572  1838  1838 D wpa_supplicant: For Scan: (null)
06-20 11:12:16.623  1838  1838 D wpa_supplicant: Scan requested (ret=0) - scan timeout 30 seconds
06-20 11:12:16.904   713   768 D androidNetworkLocationListeners: Still have listener com.google.android.location.internal.client.NetworkLocationClient$1@413542d0
06-20 11:12:16.943  1838  1838 D wpa_supplicant: wpa_driver_wext_driver_cmd SETSUSPENDOPT 0 len = 4096
06-20 11:12:16.943  1838  1838 D wpa_supplicant: wpa_driver_wext_driver_cmd SETSUSPENDOPT 0 len = 0, 15
06-20 11:12:16.947  1838  1838 D wpa_supplicant: wpa_driver_wext_driver_cmd POWERMODE 0 len = 4096
06-20 11:12:16.947  1838  1838 D wpa_supplicant: wpa_driver_wext_driver_cmd OK len = 0, 2
06-20 11:12:16.955  1838  1838 D wpa_supplicant: Ongoing scan action - reject new request
06-20 11:12:17.029   713   768 D androidNetworkLocationListeners: Still have listener com.google.android.location.internal.client.NetworkLocationClient$1@413542d0
06-20 11:12:17.029  1838  1838 D wpa_supplicant: Ongoing scan action - reject new request
06-20 11:12:17.103  1838  1838 D wpa_supplicant: RTM_NEWLINK: operstate=0 ifi_flags=0x11003 ([UP][LOWER_UP])
06-20 11:12:17.103  1838  1838 D wpa_supplicant: RTM_NEWLINK, IFLA_IFNAME: Interface 'wlan0' added
06-20 11:12:17.103  1838  1838 D wpa_supplicant: Wireless event: cmd=0x8b19 len=8
06-20 11:12:17.103  1838  1838 D wpa_supplicant: Received 912 bytes of scan results (3 BSSes)
06-20 11:12:17.115   713  1527 D WifiLocator: Too many cache  misses. Need server request. hasLocation=0 noLocation=0 cacheMiss=3
06-20 11:12:17.134   713   716 D dalvikvm: GC_CONCURRENT freed 536K, 8% free 11255K/12167K, paused 57ms+248ms
06-20 11:12:17.166   713   789 I System.out: [INFO:62383552]: LogSource: Running flush
06-20 11:12:17.169   713   792 I System.out: [INFO:62383555]: LogSource: Sending payload [bytes=471]
06-20 11:12:17.240  2967  2967 D webviewglue: nativeDestroy view: 0xc91900
06-20 11:12:17.259   152   697 I ActivityManager: moveTaskToBack: 19
06-20 11:12:17.369   713   792 I System.out: [INFO:62383756]: LogSource: Response [http=200,length=196]
06-20 11:12:17.369   713   789 I System.out: [INFO:62383757]: LogSource: Read id 7, status code 200
06-20 11:12:17.412   713  1527 D WifiLocator: Too many no-location APs. Will not compute a location nor go to the server. hasLocation=0 noLocation=0 cacheMiss=0
06-20 11:12:17.412   713   789 I System.out: [INFO:62383799]: LogSource: Running flush
06-20 11:12:17.416   713   790 I System.out: [INFO:62383800]: LogSource: Sending payload [bytes=265]
06-20 11:12:17.451  1838  1838 D wpa_supplicant: wpa_driver_wext_driver_cmd SETSUSPENDOPT 0 len = 4096
06-20 11:12:17.451  1838  1838 D wpa_supplicant: wpa_driver_wext_driver_cmd SETSUSPENDOPT 0 len = 0, 15
06-20 11:12:17.455  1838  1838 D wpa_supplicant: wpa_driver_wext_driver_cmd POWERMODE 0 len = 4096
06-20 11:12:17.455  1838  1838 D wpa_supplicant: wpa_driver_wext_driver_cmd OK len = 0, 2
06-20 11:12:17.470  2967  2967 D OpenGLRenderer: Flushing caches (mode 0)
06-20 11:12:17.529   713   768 D androidNetworkLocationListeners: Still have listener com.google.android.location.internal.client.NetworkLocationClient$1@413542d0
06-20 11:12:17.541  1838  1838 D wpa_supplicant: wpa_driver_wext_driver_cmd SETSUSPENDOPT 0 len = 4096
06-20 11:12:17.541  1838  1838 D wpa_supplicant: wpa_driver_wext_driver_cmd SETSUSPENDOPT 0 len = 0, 15
06-20 11:12:17.541  1838  1838 D wpa_supplicant: wpa_driver_wext_driver_cmd POWERMODE 0 len = 4096
06-20 11:12:17.541  1838  1838 D wpa_supplicant: wpa_driver_wext_driver_cmd OK len = 0, 2
06-20 11:12:17.646  1838  1838 D wpa_supplicant: wpa_driver_wext_driver_cmd SETSUSPENDOPT 0 len = 4096
06-20 11:12:17.646  1838  1838 D wpa_supplicant: wpa_driver_wext_driver_cmd SETSUSPENDOPT 0 len = 0, 15
06-20 11:12:17.650  1838  1838 D wpa_supplicant: wpa_driver_wext_driver_cmd POWERMODE 0 len = 4096
06-20 11:12:17.650  1838  1838 D wpa_supplicant: wpa_driver_wext_driver_cmd OK len = 0, 2
06-20 11:12:17.708   713   716 D dalvikvm: GC_CONCURRENT freed 767K, 8% free 11194K/12167K, paused 3ms+7ms
06-20 11:12:17.876  2890  2893 D dalvikvm: GC_CONCURRENT freed 727K, 8% free 9930K/10759K, paused 4ms+4ms
06-20 11:12:18.017   713   790 I System.out: [INFO:62384404]: LogSource: Response [http=200,length=207]
06-20 11:12:18.021   713   789 I System.out: [INFO:62384405]: LogSource: Read id 8, status code 200
06-20 11:12:18.064  2967  2967 D OpenGLRenderer: Flushing caches (mode 1)
06-20 11:12:18.115   152   587 I ActivityManager: Process com.android.email (pid 3249) has died.
06-20 11:12:18.806  2890  2893 D dalvikvm: GC_CONCURRENT freed 246K, 7% free 10081K/10759K, paused 2ms+19ms
06-20 11:12:18.810  2967  3527 D dalvikvm: GC_FOR_ALLOC freed 592K, 7% free 10674K/11463K, paused 20ms
06-20 11:12:18.822  2967  3527 I dalvikvm-heap: Grow heap (frag case) to 10.658MB for 172816-byte allocation
06-20 11:12:18.857  2967  3527 D dalvikvm: GC_FOR_ALLOC freed 45K, 8% free 10797K/11655K, paused 20ms
06-20 11:12:19.087  2890  2893 D dalvikvm: GC_CONCURRENT freed 355K, 6% free 10114K/10759K, paused 2ms+3ms
06-20 11:12:19.177  2890  2902 D dalvikvm: GC_EXPLICIT freed 144K, 7% free 10059K/10759K, paused 2ms+4ms
06-20 11:12:19.384  2890  2893 D dalvikvm: GC_CONCURRENT freed 287K, 6% free 10159K/10759K, paused 1ms+3ms
06-20 11:12:19.673  2890  2893 D dalvikvm: GC_CONCURRENT freed 353K, 6% free 10198K/10759K, paused 2ms+3ms
06-20 11:12:20.728    82   125 D AudioHardware: AudioHardware pcm playback is exiting standby.
06-20 11:12:20.728    82   125 D AudioHardware: openPcmOut_l() mPcmOpenCnt: 0
06-20 11:12:22.353  1566  1568 D dalvikvm: GC_CONCURRENT freed 1958K, 36% free 11987K/18567K, paused 3ms+15ms
06-20 11:12:22.392  1566  2126 D dalvikvm: GC_FOR_ALLOC freed 22K, 35% free 12114K/18567K, paused 24ms
06-20 11:12:22.396  1566  2126 I dalvikvm-heap: Grow heap (frag case) to 13.125MB for 1286224-byte allocation
06-20 11:12:22.447  1566  2127 D dalvikvm: GC_FOR_ALLOC freed 282K, 30% free 13088K/18567K, paused 27ms
06-20 11:12:22.697  1566  1568 D dalvikvm: GC_CONCURRENT freed 1295K, 30% free 13098K/18567K, paused 1ms+17ms
06-20 11:12:22.822  1566  1568 D dalvikvm: GC_CONCURRENT freed 919K, 28% free 13494K/18567K, paused 13ms+9ms
06-20 11:12:23.150  1566  2173 D dalvikvm: GC_FOR_ALLOC freed 2016K, 32% free 12734K/18567K, paused 26ms
06-20 11:12:23.251  1566  1580 D dalvikvm: GC_FOR_ALLOC freed 79K, 27% free 13690K/18567K, paused 22ms
06-20 11:12:23.384  1566  1568 D dalvikvm: GC_CONCURRENT freed 915K, 23% free 14328K/18567K, paused 7ms+8ms
06-20 11:12:23.541  1566  1580 D dalvikvm: GC_FOR_ALLOC freed 2140K, 32% free 12787K/18567K, paused 32ms
06-20 11:12:23.544  1566  1580 I dalvikvm-heap: Grow heap (frag case) to 13.783MB for 1286224-byte allocation
06-20 11:12:23.591  1566  1566 D dalvikvm: GC_FOR_ALLOC freed 3K, 25% free 14040K/18567K, paused 32ms
06-20 11:12:23.603   152   614 I ActivityManager: START {act=android.intent.action.MAIN cat=[android.intent.category.LAUNCHER] flg=0x10200000 cmp=com.google.android.gm/.ConversationListActivityGmail} from pid 1566
06-20 11:12:23.708  1566  1566 D OpenGLRenderer: Flushing caches (mode 1)
06-20 11:12:23.720   152   506 I ActivityManager: START {act=android.intent.action.MAIN cat=[android.intent.category.LAUNCHER] flg=0x6000000 cmp=com.google.android.gm/.GmailActivity} from pid 2988
06-20 11:12:23.845  2890  2893 D dalvikvm: GC_CONCURRENT freed 798K, 9% free 9847K/10759K, paused 2ms+7ms
06-20 11:12:23.900  1566  1568 D dalvikvm: GC_CONCURRENT freed <1K, 25% free 14041K/18567K, paused 2ms+19ms
06-20 11:12:23.982  1566  1566 D OpenGLRenderer: Flushing caches (mode 0)
06-20 11:12:23.982   152   613 I ActivityManager: Process com.android.vending (pid 2858) has died.
06-20 11:12:24.064  3194  3194 D OpenGLRenderer: Flushing caches (mode 1)
06-20 11:12:24.248   152   168 I Process : Sending signal. PID: 2988 SIG: 3
06-20 11:12:24.248  2988  2993 I dalvikvm: threadid=3: reacting to signal 3
06-20 11:12:24.283   152   163 D dalvikvm: GC_EXPLICIT freed 590K, 18% free 13413K/16263K, paused 3ms+9ms
06-20 11:12:24.337  2988  2993 I dalvikvm: Wrote stack traces to '/data/anr/traces.txt'
06-20 11:12:24.369   152  2465 W InputManagerService: Starting input on non-focused client com.android.internal.view.IInputMethodClient$Stub$Proxy@414124d0 (uid=10027 pid=1566)
06-20 11:12:24.396   152   201 I ActivityManager: Displayed com.google.android.gm/.GmailActivity: +667ms (total +735ms)
06-20 11:12:24.599  2890  2893 D dalvikvm: GC_CONCURRENT freed 192K, 7% free 10042K/10759K, paused 3ms+9ms
06-20 11:12:24.837  2988  2991 D dalvikvm: GC_CONCURRENT freed 551K, 6% free 11480K/12167K, paused 6ms+5ms
06-20 11:12:24.986  2890  2893 D dalvikvm: GC_CONCURRENT freed 291K, 6% free 10149K/10759K, paused 6ms+3ms
06-20 11:12:25.322  2890  2893 D dalvikvm: GC_CONCURRENT freed 335K, 6% free 10206K/10759K, paused 2ms+25ms
06-20 11:12:25.642  2890  2893 D dalvikvm: GC_CONCURRENT freed 384K, 5% free 10241K/10759K, paused 1ms+7ms
06-20 11:12:25.884  2890  2893 D dalvikvm: GC_CONCURRENT freed 404K, 5% free 10286K/10823K, paused 2ms+4ms
06-20 11:12:26.103  2890  2893 D dalvikvm: GC_CONCURRENT freed 361K, 5% free 10332K/10823K, paused 7ms+3ms
06-20 11:12:26.509    82   125 D AudioHardware: AudioHardware pcm playback is going to standby.
06-20 11:12:26.509    82   125 D AudioHardware: closePcmOut_l() mPcmOpenCnt: 1
06-20 11:12:27.521    82   125 D AudioHardware: AudioHardware pcm playback is exiting standby.
06-20 11:12:27.521    82   125 D AudioHardware: openPcmOut_l() mPcmOpenCnt: 0
06-20 11:12:28.388   713   716 D dalvikvm: GC_CONCURRENT freed 535K, 8% free 11291K/12167K, paused 2ms+3ms
06-20 11:12:28.587  2890  2893 D dalvikvm: GC_CONCURRENT freed 776K, 9% free 9993K/10887K, paused 1ms+4ms
06-20 11:12:28.826  2890  2893 D dalvikvm: GC_CONCURRENT freed 269K, 8% free 10111K/10887K, paused 2ms+3ms
06-20 11:12:29.111  2890  2893 D dalvikvm: GC_CONCURRENT freed 329K, 7% free 10169K/10887K, paused 1ms+2ms
06-20 11:12:29.310  2890  2893 D dalvikvm: GC_CONCURRENT freed 372K, 7% free 10184K/10887K, paused 1ms+3ms
06-20 11:12:29.595  2890  2893 D dalvikvm: GC_CONCURRENT freed 327K, 6% free 10244K/10887K, paused 1ms+2ms
06-20 11:12:30.376   713   716 D dalvikvm: GC_CONCURRENT freed 844K, 9% free 11104K/12167K, paused 2ms+3ms
06-20 11:12:30.517  2890  2893 D dalvikvm: GC_CONCURRENT freed 768K, 10% free 9874K/10887K, paused 2ms+2ms
06-20 11:12:30.615    82   125 D AudioHardware: AudioHardware pcm playback is going to standby.
06-20 11:12:30.619    82   125 D AudioHardware: closePcmOut_l() mPcmOpenCnt: 1
06-20 11:12:30.685  2890  2893 D dalvikvm: GC_CONCURRENT freed 159K, 8% free 10108K/10887K, paused 2ms+3ms
06-20 11:12:30.876  2890  2893 D dalvikvm: GC_CONCURRENT freed 300K, 7% free 10195K/10887K, paused 2ms+3ms
06-20 11:12:31.068  2890  2893 D dalvikvm: GC_CONCURRENT freed 392K, 7% free 10193K/10887K, paused 2ms+3ms
06-20 11:12:31.267  2890  2893 D dalvikvm: GC_CONCURRENT freed 343K, 6% free 10240K/10887K, paused 1ms+3ms
06-20 11:12:31.525  2890  2893 D dalvikvm: GC_CONCURRENT freed 349K, 6% free 10281K/10887K, paused 2ms+2ms
06-20 11:12:32.107  1838  1838 D wpa_supplicant: WPS: Building WPS IE for Probe Request
06-20 11:12:32.107  1838  1838 D wpa_supplicant: WPS:  * Version (hardcoded 0x10)
06-20 11:12:32.107  1838  1838 D wpa_supplicant: WPS:  * Request Type
06-20 11:12:32.107  1838  1838 D wpa_supplicant: WPS:  * Config Methods (2388)
06-20 11:12:32.107  1838  1838 D wpa_supplicant: WPS:  * UUID-E
06-20 11:12:32.107  1838  1838 D wpa_supplicant: WPS:  * Primary Device Type
06-20 11:12:32.107  1838  1838 D wpa_supplicant: WPS:  * RF Bands (3)
06-20 11:12:32.107  1838  1838 D wpa_supplicant: WPS:  * Association State
06-20 11:12:32.107  1838  1838 D wpa_supplicant: WPS:  * Configuration Error (0)
06-20 11:12:32.107  1838  1838 D wpa_supplicant: WPS:  * Device Password ID (0)
06-20 11:12:32.107  1838  1838 D wpa_supplicant: WPS:  * Manufacturer
06-20 11:12:32.107  1838  1838 D wpa_supplicant: WPS:  * Model Name
06-20 11:12:32.107  1838  1838 D wpa_supplicant: WPS:  * Model Number
06-20 11:12:32.107  1838  1838 D wpa_supplicant: WPS:  * Device Name
06-20 11:12:32.107  1838  1838 D wpa_supplicant: WPS:  * Version2 (0x20)
06-20 11:12:32.107  1838  1838 D wpa_supplicant: wpa_driver_wext_combo_scan: Start
06-20 11:12:32.107  1838  1838 D wpa_supplicant: For Scan: (null)
06-20 11:12:32.166  1838  1838 D wpa_supplicant: Scan requested (ret=0) - scan timeout 30 seconds
06-20 11:12:32.650  1838  1838 D wpa_supplicant: RTM_NEWLINK: operstate=0 ifi_flags=0x11003 ([UP][LOWER_UP])
06-20 11:12:32.650  1838  1838 D wpa_supplicant: RTM_NEWLINK, IFLA_IFNAME: Interface 'wlan0' added
06-20 11:12:32.650  1838  1838 D wpa_supplicant: Wireless event: cmd=0x8b19 len=8
06-20 11:12:32.650  1838  1838 D wpa_supplicant: Received 550 bytes of scan results (2 BSSes)
06-20 11:12:33.494    82   125 D AudioHardware: AudioHardware pcm playback is exiting standby.
06-20 11:12:33.494    82   125 D AudioHardware: openPcmOut_l() mPcmOpenCnt: 0
06-20 11:12:33.689   152   375 I ActivityManager: START {cmp=com.google.android.gm/.ComposeActivity (has extras)} from pid 2988
06-20 11:12:34.228   152   168 I Process : Sending signal. PID: 2988 SIG: 3
06-20 11:12:34.228  2988  2993 I dalvikvm: threadid=3: reacting to signal 3
06-20 11:12:34.248  2988  2993 I dalvikvm: Wrote stack traces to '/data/anr/traces.txt'
06-20 11:12:34.271  3194  3194 D OpenGLRenderer: Flushing caches (mode 1)
06-20 11:12:34.509   152   201 I ActivityManager: Displayed com.google.android.gm/.ComposeActivity: +787ms
06-20 11:12:34.521  2988  2988 D OpenGLRenderer: Flushing caches (mode 0)
06-20 11:12:34.552   713   716 D dalvikvm: GC_CONCURRENT freed 539K, 9% free 11160K/12167K, paused 3ms+95ms
06-20 11:12:34.669   452   455 D dalvikvm: GC_CONCURRENT freed 549K, 7% free 10848K/11591K, paused 7ms+6ms
06-20 11:12:34.853   152   506 D AlarmManagerService: Kernel timezone updated to 240 minutes west of GMT
06-20 11:12:34.912   390   392 D dalvikvm: GC_CONCURRENT freed 573K, 12% free 9717K/10951K, paused 5ms+11ms
06-20 11:12:35.044   390   392 D dalvikvm: GC_CONCURRENT freed 461K, 12% free 9700K/10951K, paused 6ms+9ms
06-20 11:12:35.169  2890  2893 D dalvikvm: GC_CONCURRENT freed 794K, 10% free 9880K/10887K, paused 19ms+4ms
06-20 11:12:35.337  2890  2893 D dalvikvm: GC_CONCURRENT freed 177K, 8% free 10096K/10887K, paused 1ms+3ms
06-20 11:12:35.673   152   614 D dalvikvm: GC_EXPLICIT freed 634K, 18% free 13413K/16263K, paused 4ms+10ms
06-20 11:12:35.748  2890  2893 D dalvikvm: GC_CONCURRENT freed 285K, 7% free 10198K/10887K, paused 1ms+7ms
06-20 11:12:35.951  2890  2893 D dalvikvm: GC_CONCURRENT freed 376K, 7% free 10210K/10887K, paused 2ms+4ms
06-20 11:12:36.146  2890  2893 D dalvikvm: GC_CONCURRENT freed 363K, 7% free 10232K/10887K, paused 2ms+3ms
06-20 11:12:36.408  2890  2893 D dalvikvm: GC_CONCURRENT freed 337K, 6% free 10291K/10887K, paused 3ms+4ms
06-20 11:12:36.615    82   125 D AudioHardware: AudioHardware pcm playback is going to standby.
06-20 11:12:36.615    82   125 D AudioHardware: closePcmOut_l() mPcmOpenCnt: 1
06-20 11:12:36.775  2890  2893 D dalvikvm: GC_CONCURRENT freed 354K, 6% free 10322K/10887K, paused 2ms+3ms
06-20 11:12:37.693   713   716 D dalvikvm: GC_CONCURRENT freed 553K, 8% free 11208K/12167K, paused 2ms+3ms
06-20 11:12:37.794  2890  2893 D dalvikvm: GC_CONCURRENT freed 690K, 8% free 10076K/10887K, paused 2ms+3ms
06-20 11:12:38.076  2890  2893 D dalvikvm: GC_CONCURRENT freed 278K, 7% free 10191K/10887K, paused 1ms+3ms
06-20 11:12:40.419   452   455 D dalvikvm: GC_CONCURRENT freed 457K, 6% free 10999K/11591K, paused 2ms+5ms
06-20 11:12:41.318  2890  2893 D dalvikvm: GC_CONCURRENT freed 323K, 6% free 10254K/10887K, paused 4ms+8ms
06-20 11:12:41.544  2890  2893 D dalvikvm: GC_CONCURRENT freed 436K, 7% free 10209K/10887K, paused 2ms+14ms
06-20 11:12:41.744  2890  2893 D dalvikvm: GC_CONCURRENT freed 365K, 7% free 10233K/10887K, paused 2ms+3ms
06-20 11:12:41.935  2890  2902 D dalvikvm: GC_FOR_ALLOC freed 255K, 6% free 10246K/10887K, paused 22ms
06-20 11:12:42.529   152   613 I ActivityManager: Start proc com.google.android.inputmethod.latin.dictionarypack for content provider com.google.android.inputmethod.latin.dictionarypack/.DictionaryProvider: pid=3578 uid=10026 gids={3003, 1015}
06-20 11:12:42.626  3578  3578 I ActivityThread: Pub com.android.inputmethod.latin.dictionarypack: com.google.android.inputmethod.latin.dictionarypack.DictionaryProvider
06-20 11:12:42.904  2890  2893 D dalvikvm: GC_CONCURRENT freed 683K, 9% free 9959K/10887K, paused 2ms+3ms
06-20 11:12:42.990   452   455 D dalvikvm: GC_CONCURRENT freed 295K, 4% free 11417K/11783K, paused 1ms+4ms
06-20 11:12:43.208  2890  2893 D dalvikvm: GC_CONCURRENT freed 176K, 7% free 10167K/10887K, paused 2ms+3ms
06-20 11:12:43.392  2890  2893 D dalvikvm: GC_CONCURRENT freed 326K, 7% free 10228K/10887K, paused 2ms+3ms
06-20 11:12:43.595  2890  2893 D dalvikvm: GC_CONCURRENT freed 360K, 6% free 10261K/10887K, paused 2ms+3ms
06-20 11:12:43.833  2890  2893 D dalvikvm: GC_CONCURRENT freed 357K, 6% free 10292K/10887K, paused 2ms+4ms
06-20 11:12:44.142  2890  2893 D dalvikvm: GC_CONCURRENT freed 337K, 6% free 10342K/10887K, paused 2ms+3ms
06-20 11:12:44.275   390   390 D dalvikvm: GC_FOR_ALLOC freed 362K, 12% free 9705K/10951K, paused 68ms
06-20 11:12:44.412   390   392 D dalvikvm: GC_CONCURRENT freed 487K, 12% free 9703K/10951K, paused 5ms+3ms
06-20 11:12:46.466   713   716 D dalvikvm: GC_CONCURRENT freed 515K, 7% free 11328K/12167K, paused 3ms+5ms
06-20 11:12:46.673  2890  2893 D dalvikvm: GC_CONCURRENT freed 779K, 9% free 9991K/10887K, paused 1ms+3ms
06-20 11:12:46.884  2890  2893 D dalvikvm: GC_CONCURRENT freed 225K, 7% free 10153K/10887K, paused 2ms+4ms
06-20 11:12:46.990  2890  3488 D dalvikvm: GC_EXPLICIT freed 170K, 7% free 10144K/10887K, paused 2ms+3ms
06-20 11:12:47.041  1838  1838 D wpa_supplicant: WPS: Building WPS IE for Probe Request
06-20 11:12:47.041  1838  1838 D wpa_supplicant: WPS:  * Version (hardcoded 0x10)
06-20 11:12:47.041  1838  1838 D wpa_supplicant: WPS:  * Request Type
06-20 11:12:47.041  1838  1838 D wpa_supplicant: WPS:  * Config Methods (2388)
06-20 11:12:47.041  1838  1838 D wpa_supplicant: WPS:  * UUID-E
06-20 11:12:47.041  1838  1838 D wpa_supplicant: WPS:  * Primary Device Type
06-20 11:12:47.041  1838  1838 D wpa_supplicant: WPS:  * RF Bands (3)
06-20 11:12:47.041  1838  1838 D wpa_supplicant: WPS:  * Association State
06-20 11:12:47.041  1838  1838 D wpa_supplicant: WPS:  * Configuration Error (0)
06-20 11:12:47.041  1838  1838 D wpa_supplicant: WPS:  * Device Password ID (0)
06-20 11:12:47.041  1838  1838 D wpa_supplicant: WPS:  * Manufacturer
06-20 11:12:47.041  1838  1838 D wpa_supplicant: WPS:  * Model Name
06-20 11:12:47.041  1838  1838 D wpa_supplicant: WPS:  * Model Number
06-20 11:12:47.041  1838  1838 D wpa_supplicant: WPS:  * Device Name
06-20 11:12:47.041  1838  1838 D wpa_supplicant: WPS:  * Version2 (0x20)
06-20 11:12:47.041  1838  1838 D wpa_supplicant: wpa_driver_wext_combo_scan: Start
06-20 11:12:47.041  1838  1838 D wpa_supplicant: For Scan: (null)
06-20 11:12:47.091  1838  1838 D wpa_supplicant: Scan requested (ret=0) - scan timeout 30 seconds
06-20 11:12:47.177  2890  2893 D dalvikvm: GC_CONCURRENT freed 319K, 7% free 10212K/10887K, paused 2ms+3ms
06-20 11:12:47.396  2890  2893 D dalvikvm: GC_CONCURRENT freed 372K, 7% free 10232K/10887K, paused 2ms+2ms
06-20 11:12:47.572  1838  1838 D wpa_supplicant: RTM_NEWLINK: operstate=0 ifi_flags=0x11003 ([UP][LOWER_UP])
06-20 11:12:47.572  1838  1838 D wpa_supplicant: RTM_NEWLINK, IFLA_IFNAME: Interface 'wlan0' added
06-20 11:12:47.572  1838  1838 D wpa_supplicant: Wireless event: cmd=0x8b19 len=8
06-20 11:12:47.572  1838  1838 D wpa_supplicant: Received 551 bytes of scan results (2 BSSes)
06-20 11:12:47.681  2890  2893 D dalvikvm: GC_CONCURRENT freed 329K, 6% free 10291K/10887K, paused 1ms+3ms
06-20 11:12:48.443  2988  2991 D dalvikvm: GC_CONCURRENT freed 413K, 5% free 11821K/12359K, paused 95ms+6ms
06-20 11:12:48.560  3194  3194 D OpenGLRenderer: Flushing caches (mode 1)
06-20 11:12:48.822  2988  2988 D OpenGLRenderer: Flushing caches (mode 0)
06-20 11:12:48.845   713   716 D dalvikvm: GC_CONCURRENT freed 907K, 9% free 11138K/12167K, paused 2ms+7ms
06-20 11:12:48.857   152   506 D dalvikvm: GC_EXPLICIT freed 601K, 18% free 13395K/16263K, paused 3ms+21ms
06-20 11:12:49.041  2988  2988 D webviewglue: nativeDestroy view: 0x103e110
06-20 11:12:49.205  2890  2893 D dalvikvm: GC_CONCURRENT freed 767K, 9% free 9946K/10887K, paused 2ms+3ms
06-20 11:12:49.416  2890  2893 D dalvikvm: GC_CONCURRENT freed 205K, 7% free 10130K/10887K, paused 2ms+2ms
06-20 11:12:49.638  2890  2893 D dalvikvm: GC_CONCURRENT freed 326K, 7% free 10193K/10887K, paused 2ms+3ms
06-20 11:12:49.998  2890  2893 D dalvikvm: GC_CONCURRENT freed 377K, 7% free 10211K/10887K, paused 2ms+3ms
06-20 11:12:50.220   452   452 D OpenGLRenderer: Flushing caches (mode 1)
06-20 11:12:50.408   152   493 W InputManagerService: Starting input on non-focused client com.android.internal.view.IInputMethodClient$Stub$Proxy@4180be18 (uid=10018 pid=2988)
06-20 11:12:50.517   452   470 D dalvikvm: GC_EXPLICIT freed 627K, 7% free 11081K/11847K, paused 9ms+9ms
06-20 11:12:50.533  1566  2127 D dalvikvm: GC_FOR_ALLOC freed 3409K, 36% free 11894K/18567K, paused 48ms
06-20 11:12:50.626  1566  1568 D dalvikvm: GC_CONCURRENT freed 50K, 32% free 12748K/18567K, paused 2ms+14ms
06-20 11:12:50.716  1566  2173 D dalvikvm: GC_FOR_ALLOC freed 65K, 31% free 12814K/18567K, paused 37ms
06-20 11:12:50.720   152   168 I Process : Sending signal. PID: 1566 SIG: 3
06-20 11:12:50.720  1566  1570 I dalvikvm: threadid=3: reacting to signal 3
06-20 11:12:50.759  2890  2893 D dalvikvm: GC_CONCURRENT freed 338K, 6% free 10266K/10887K, paused 4ms+3ms
06-20 11:12:50.791  1566  2127 D dalvikvm: GC_FOR_ALLOC freed 4K, 25% free 14067K/18567K, paused 21ms
06-20 11:12:50.798  1566  1570 I dalvikvm: Wrote stack traces to '/data/anr/traces.txt'
06-20 11:12:50.916   152   152 I ActivityManager: Process com.android.exchange (pid 3267) has died.
06-20 11:12:50.935  1566  1568 D dalvikvm: GC_CONCURRENT freed 137K, 22% free 14577K/18567K, paused 9ms+3ms
06-20 11:12:50.982  2988  2988 D OpenGLRenderer: Flushing caches (mode 0)
06-20 11:12:51.322  1566  1580 D dalvikvm: GC_FOR_ALLOC freed 3693K, 33% free 12546K/18567K, paused 27ms
06-20 11:12:51.341  2890  2897 I dalvikvm: Jit: resizing JitTable from 4096 to 8192
06-20 11:12:51.521  1566  1568 D dalvikvm: GC_CONCURRENT freed 966K, 32% free 12693K/18567K, paused 3ms+6ms
06-20 11:12:51.525  2988  2988 D OpenGLRenderer: Flushing caches (mode 1)
06-20 11:12:51.646  2988  2988 D dalvikvm: GC_EXPLICIT freed 665K, 7% free 11542K/12359K, paused 8ms+9ms
06-20 11:12:51.869  2890  2893 D dalvikvm: GC_CONCURRENT freed 359K, 6% free 10298K/10887K, paused 2ms+3ms
06-20 11:12:53.095    82   125 D AudioHardware: AudioHardware pcm playback is exiting standby.
06-20 11:12:53.095    82   125 D AudioHardware: openPcmOut_l() mPcmOpenCnt: 0
06-20 11:12:54.025  2890  2893 D dalvikvm: GC_CONCURRENT freed 694K, 9% free 10013K/10887K, paused 3ms+4ms
06-20 11:12:54.279  2890  2893 D dalvikvm: GC_CONCURRENT freed 236K, 7% free 10162K/10887K, paused 1ms+3ms
06-20 11:12:54.576  2890  2893 D dalvikvm: GC_CONCURRENT freed 357K, 7% free 10194K/10887K, paused 7ms+3ms
06-20 11:12:54.669   152   163 I ActivityManager: START {act=android.settings.SETTINGS flg=0x10200000 cmp=com.android.settings/.Settings} from pid 1566
06-20 11:12:54.736   152   587 I ActivityManager: Start proc com.android.settings for activity com.android.settings/.Settings: pid=3609 uid=1000 gids={1015, 3002, 3001, 3003, 3007}
06-20 11:12:54.763  1566  1566 D OpenGLRenderer: Flushing caches (mode 1)
06-20 11:12:54.931  1566  1566 D OpenGLRenderer: Flushing caches (mode 0)
06-20 11:12:55.154  3609  3609 D LocalBluetoothProfileManager: LocalBluetoothProfileManager construction complete
06-20 11:12:55.193  3609  3610 D dalvikvm: GC_CONCURRENT freed 131K, 3% free 9359K/9607K, paused 4ms+8ms
06-20 11:12:55.259   152   168 I Process : Sending signal. PID: 3609 SIG: 3
06-20 11:12:55.259  3609  3613 I dalvikvm: threadid=3: reacting to signal 3
06-20 11:12:55.271  3609  3613 I dalvikvm: Wrote stack traces to '/data/anr/traces.txt'
06-20 11:12:55.298  3609  3609 D libEGL  : loaded /system/lib/egl/libGLES_android.so
06-20 11:12:55.310  3609  3609 D libEGL  : loaded /vendor/lib/egl/libEGL_POWERVR_SGX540_120.so
06-20 11:12:55.322  3609  3609 D libEGL  : loaded /vendor/lib/egl/libGLESv1_CM_POWERVR_SGX540_120.so
06-20 11:12:55.322  3609  3609 D libEGL  : loaded /vendor/lib/egl/libGLESv2_POWERVR_SGX540_120.so
06-20 11:12:55.392  3609  3609 D OpenGLRenderer: Enabling debug mode 0
06-20 11:12:55.544  2890  2893 D dalvikvm: GC_CONCURRENT freed 362K, 7% free 10219K/10887K, paused 26ms+6ms
06-20 11:12:55.658   152   201 I ActivityManager: Displayed com.android.settings/.Settings: +952ms
06-20 11:12:55.666   152   506 I ActivityManager: Process com.google.android.gallery3d (pid 1153) has died.
06-20 11:12:55.982  3391  3404 I PhoneLab-: Service Running
06-20 11:12:56.033  2890  2893 D dalvikvm: GC_CONCURRENT freed 333K, 6% free 10282K/10887K, paused 2ms+4ms
06-20 11:12:56.064  3391  3404 I PhoneLab-LoggerService: app_38    1266  1     1744   1368  c00f181c 400107b4 S logcat
06-20 11:12:56.068  3391  3404 I PhoneLab-LoggerService: Logcat pid from database 1266
06-20 11:12:56.068  3391  3404 I PhoneLab-LoggerService: Logcat process found 1266
06-20 11:12:56.068  3391  3404 I PhoneLab-LoggerService: Checking Threshold
06-20 11:12:56.068  3391  3404 I PhoneLab-LoggerService: Starting to rename files
06-20 11:12:56.068  3391  3404 I PhoneLab-LoggerService: Files found .. 2
06-20 11:12:57.751    82   125 D AudioHardware: AudioHardware pcm playback is going to standby.
06-20 11:12:57.751    82   125 D AudioHardware: closePcmOut_l() mPcmOpenCnt: 1
06-20 11:12:58.208    82   125 D AudioHardware: AudioHardware pcm playback is exiting standby.
06-20 11:12:58.208    82   125 D AudioHardware: openPcmOut_l() mPcmOpenCnt: 0
06-20 11:12:58.310   152   163 I ActivityManager: START {act=android.intent.action.MAIN cmp=com.android.settings/.SubSettings (has extras)} from pid 3609
06-20 11:12:58.501   713   716 D dalvikvm: GC_CONCURRENT freed 577K, 9% free 11173K/12167K, paused 3ms+5ms
06-20 11:12:58.611  3609  3610 D dalvikvm: GC_CONCURRENT freed 137K, 3% free 9718K/9927K, paused 5ms+3ms
06-20 11:12:58.841   152   168 I Process : Sending signal. PID: 3609 SIG: 3
06-20 11:12:58.841  3609  3613 I dalvikvm: threadid=3: reacting to signal 3
06-20 11:12:58.888  3609  3613 I dalvikvm: Wrote stack traces to '/data/anr/traces.txt'
06-20 11:12:58.904  3609  3610 D dalvikvm: GC_CONCURRENT freed 373K, 5% free 9753K/10247K, paused 1ms+2ms
06-20 11:12:58.916   152   154 D dalvikvm: GC_CONCURRENT freed 1023K, 18% free 13429K/16263K, paused 3ms+7ms
06-20 11:12:59.134  3609  3610 D dalvikvm: GC_CONCURRENT freed 446K, 6% free 9795K/10375K, paused 2ms+7ms
06-20 11:12:59.162  2890  2893 D dalvikvm: GC_CONCURRENT freed 786K, 10% free 9884K/10887K, paused 1ms+3ms
06-20 11:12:59.322  3609  3610 D dalvikvm: GC_CONCURRENT freed 524K, 6% free 9843K/10439K, paused 2ms+3ms
06-20 11:12:59.345   152   168 I Process : Sending signal. PID: 3609 SIG: 3
06-20 11:12:59.345  3609  3613 I dalvikvm: threadid=3: reacting to signal 3
06-20 11:12:59.357  3609  3613 I dalvikvm: Wrote stack traces to '/data/anr/traces.txt'
06-20 11:12:59.662  3609  3610 D dalvikvm: GC_CONCURRENT freed 410K, 6% free 9827K/10439K, paused 6ms+6ms
06-20 11:12:59.744   152   201 I ActivityManager: Displayed com.android.settings/.SubSettings: +1s405ms
06-20 11:12:59.783  3609  3609 D OpenGLRenderer: Flushing caches (mode 0)
06-20 11:12:59.884  2890  2893 D dalvikvm: GC_CONCURRENT freed 121K, 7% free 10148K/10887K, paused 2ms+5ms
06-20 11:13:00.146  2890  2893 D dalvikvm: GC_CONCURRENT freed 313K, 7% free 10225K/10887K, paused 2ms+3ms
06-20 11:13:00.341  2890  2893 D dalvikvm: GC_CONCURRENT freed 366K, 6% free 10243K/10887K, paused 2ms+3ms
06-20 11:13:00.548  2890  2893 D dalvikvm: GC_CONCURRENT freed 359K, 6% free 10275K/10887K, paused 2ms+3ms
06-20 11:13:00.970  2890  2893 D dalvikvm: GC_CONCURRENT freed 324K, 6% free 10340K/10887K, paused 2ms+3ms
06-20 11:13:01.306    82   125 D AudioHardware: AudioHardware pcm playback is going to standby.
06-20 11:13:01.306    82   125 D AudioHardware: closePcmOut_l() mPcmOpenCnt: 1
06-20 11:13:01.935   713   716 D dalvikvm: GC_CONCURRENT freed 889K, 11% free 10895K/12167K, paused 3ms+3ms
06-20 11:13:02.064  2890  2893 D dalvikvm: GC_CONCURRENT freed 791K, 9% free 9965K/10887K, paused 2ms+3ms
06-20 11:13:02.255  2890  2893 D dalvikvm: GC_CONCURRENT freed 169K, 7% free 10183K/10887K, paused 2ms+2ms
06-20 11:13:02.455  2890  2893 D dalvikvm: GC_CONCURRENT freed 332K, 6% free 10236K/10887K, paused 2ms+3ms
06-20 11:13:02.572  1838  1838 D wpa_supplicant: WPS: Building WPS IE for Probe Request
06-20 11:13:02.572  1838  1838 D wpa_supplicant: WPS:  * Version (hardcoded 0x10)
06-20 11:13:02.572  1838  1838 D wpa_supplicant: WPS:  * Request Type
06-20 11:13:02.572  1838  1838 D wpa_supplicant: WPS:  * Config Methods (2388)
06-20 11:13:02.572  1838  1838 D wpa_supplicant: WPS:  * UUID-E
06-20 11:13:02.572  1838  1838 D wpa_supplicant: WPS:  * Primary Device Type
06-20 11:13:02.572  1838  1838 D wpa_supplicant: WPS:  * RF Bands (3)
06-20 11:13:02.572  1838  1838 D wpa_supplicant: WPS:  * Association State
06-20 11:13:02.572  1838  1838 D wpa_supplicant: WPS:  * Configuration Error (0)
06-20 11:13:02.572  1838  1838 D wpa_supplicant: WPS:  * Device Password ID (0)
06-20 11:13:02.572  1838  1838 D wpa_supplicant: WPS:  * Manufacturer
06-20 11:13:02.572  1838  1838 D wpa_supplicant: WPS:  * Model Name
06-20 11:13:02.572  1838  1838 D wpa_supplicant: WPS:  * Model Number
06-20 11:13:02.572  1838  1838 D wpa_supplicant: WPS:  * Device Name
06-20 11:13:02.572  1838  1838 D wpa_supplicant: WPS:  * Version2 (0x20)
06-20 11:13:02.572  1838  1838 D wpa_supplicant: wpa_driver_wext_combo_scan: Start
06-20 11:13:02.572  1838  1838 D wpa_supplicant: For Scan: (null)
06-20 11:13:02.623  1838  1838 D wpa_supplicant: Scan requested (ret=0) - scan timeout 30 seconds
06-20 11:13:02.685   152   587 D dalvikvm: GC_EXPLICIT freed 1000K, 18% free 13350K/16263K, paused 5ms+5ms
06-20 11:13:02.748   152   614 I ActivityManager: START {act=android.intent.action.MAIN cmp=com.android.settings/.Settings$SpellCheckersSettingsActivity} from pid 3609
06-20 11:13:02.755    82   125 D AudioHardware: AudioHardware pcm playback is exiting standby.
06-20 11:13:02.755    82   125 D AudioHardware: openPcmOut_l() mPcmOpenCnt: 0
06-20 11:13:02.791  2890  2893 D dalvikvm: GC_CONCURRENT freed 341K, 6% free 10281K/10887K, paused 1ms+3ms
06-20 11:13:03.103  1838  1838 D wpa_supplicant: RTM_NEWLINK: operstate=0 ifi_flags=0x11003 ([UP][LOWER_UP])
06-20 11:13:03.103  1838  1838 D wpa_supplicant: RTM_NEWLINK, IFLA_IFNAME: Interface 'wlan0' added
06-20 11:13:03.103  1838  1838 D wpa_supplicant: Wireless event: cmd=0x8b19 len=8
06-20 11:13:03.103  1838  1838 D wpa_supplicant: Received 0 bytes of scan results (0 BSSes)
06-20 11:13:03.103  3609  3610 D dalvikvm: GC_CONCURRENT freed 219K, 5% free 9997K/10439K, paused 2ms+4ms
06-20 11:13:03.123   152   201 I ActivityManager: Displayed com.android.settings/.Settings$SpellCheckersSettingsActivity: +274ms
06-20 11:13:03.146  3609  3609 D OpenGLRenderer: Flushing caches (mode 0)
06-20 11:13:03.396  2890  2893 D dalvikvm: GC_CONCURRENT freed 369K, 6% free 10298K/10887K, paused 2ms+3ms
06-20 11:13:03.623  2890  3488 D dalvikvm: GC_FOR_ALLOC freed 312K, 5% free 10344K/10887K, paused 23ms
06-20 11:13:03.923  2890  2893 D dalvikvm: GC_CONCURRENT freed 356K, 5% free 10397K/10887K, paused 7ms+4ms
06-20 11:13:06.271   713   716 D dalvikvm: GC_CONCURRENT freed 553K, 11% free 10845K/12167K, paused 2ms+3ms
06-20 11:13:06.404  2890  2893 D dalvikvm: GC_CONCURRENT freed 788K, 9% free 10043K/10951K, paused 2ms+4ms
06-20 11:13:06.615  2890  2893 D dalvikvm: GC_CONCURRENT freed 235K, 7% free 10193K/10951K, paused 2ms+3ms
06-20 11:13:06.798  2890  2893 D dalvikvm: GC_CONCURRENT freed 334K, 7% free 10243K/10951K, paused 2ms+3ms
06-20 11:13:07.083  2890  2893 D dalvikvm: GC_CONCURRENT freed 365K, 7% free 10267K/10951K, paused 5ms+3ms
06-20 11:13:07.294  2890  2893 D dalvikvm: GC_CONCURRENT freed 370K, 7% free 10283K/10951K, paused 2ms+4ms
06-20 11:13:07.525  2890  2893 D dalvikvm: GC_CONCURRENT freed 337K, 6% free 10331K/10951K, paused 2ms+2ms
06-20 11:13:07.728    82   125 D AudioHardware: AudioHardware pcm playback is going to standby.
06-20 11:13:07.728    82   125 D AudioHardware: closePcmOut_l() mPcmOpenCnt: 1
06-20 11:13:07.833  2890  2893 D dalvikvm: GC_CONCURRENT freed 341K, 6% free 10374K/10951K, paused 3ms+4ms
06-20 11:13:08.166    82   125 D AudioHardware: AudioHardware pcm playback is exiting standby.
06-20 11:13:08.166    82   125 D AudioHardware: openPcmOut_l() mPcmOpenCnt: 0
06-20 11:13:08.259   152   587 W InputManagerService: Window already focused, ignoring focus gain of: com.android.internal.view.IInputMethodClient$Stub$Proxy@414d9110
06-20 11:13:08.478   152   506 D AlarmManagerService: Kernel timezone updated to 240 minutes west of GMT
06-20 11:13:10.126  2890  2893 D dalvikvm: GC_CONCURRENT freed 727K, 8% free 10091K/10951K, paused 2ms+4ms
06-20 11:13:10.369  2890  2893 D dalvikvm: GC_CONCURRENT freed 359K, 8% free 10117K/10951K, paused 2ms+3ms
06-20 11:13:10.576  2890  2893 D dalvikvm: GC_CONCURRENT freed 374K, 8% free 10130K/10951K, paused 2ms+3ms
06-20 11:13:10.876  2890  2893 D dalvikvm: GC_CONCURRENT freed 334K, 8% free 10182K/10951K, paused 2ms+3ms
06-20 11:13:12.978  3609  3610 D dalvikvm: GC_CONCURRENT freed 426K, 5% free 10120K/10631K, paused 1ms+6ms
06-20 11:13:13.220  3609  3610 D dalvikvm: GC_CONCURRENT freed 587K, 7% free 10099K/10759K, paused 2ms+7ms
06-20 11:13:13.259   152   154 D dalvikvm: GC_CONCURRENT freed 1055K, 18% free 13379K/16263K, paused 3ms+6ms
06-20 11:13:13.333   152   168 I Process : Sending signal. PID: 3609 SIG: 3
06-20 11:13:13.333  3609  3613 I dalvikvm: threadid=3: reacting to signal 3
06-20 11:13:13.337  3609  3613 I dalvikvm: Wrote stack traces to '/data/anr/traces.txt'
06-20 11:13:13.365  3609  3609 D OpenGLRenderer: Flushing caches (mode 0)
06-20 11:13:13.466   152   164 D AlarmManagerService: Kernel timezone updated to 240 minutes west of GMT
06-20 11:13:14.697    82   125 D AudioHardware: AudioHardware pcm playback is going to standby.
06-20 11:13:14.697    82   125 D AudioHardware: closePcmOut_l() mPcmOpenCnt: 1
06-20 11:13:15.068  2890  2901 D dalvikvm: GC_FOR_ALLOC freed 651K, 11% free 9809K/10951K, paused 25ms
06-20 11:13:15.142   152   375 I ActivityManager: START {act=android.intent.action.MAIN cmp=com.android.inputmethod.latin/.Settings} from pid 3609
06-20 11:13:15.154    82   125 D AudioHardware: AudioHardware pcm playback is exiting standby.
06-20 11:13:15.154    82   125 D AudioHardware: openPcmOut_l() mPcmOpenCnt: 0
06-20 11:13:15.482   152   201 I ActivityManager: Displayed com.android.inputmethod.latin/.Settings: +232ms
06-20 11:13:15.486  3609  3609 D OpenGLRenderer: Flushing caches (mode 1)
06-20 11:13:15.509   152   613 W InputManagerService: Starting input on non-focused client com.android.internal.view.IInputMethodClient$Stub$Proxy@4163dd00 (uid=1000 pid=3609)
06-20 11:13:15.552   713   716 D dalvikvm: GC_CONCURRENT freed 696K, 13% free 10631K/12167K, paused 27ms+9ms
06-20 11:13:15.615  3609  3609 D OpenGLRenderer: Flushing caches (mode 0)
06-20 11:13:18.107  1838  1838 D wpa_supplicant: WPS: Building WPS IE for Probe Request
06-20 11:13:18.107  1838  1838 D wpa_supplicant: WPS:  * Version (hardcoded 0x10)
06-20 11:13:18.107  1838  1838 D wpa_supplicant: WPS:  * Request Type
06-20 11:13:18.107  1838  1838 D wpa_supplicant: WPS:  * Config Methods (2388)
06-20 11:13:18.107  1838  1838 D wpa_supplicant: WPS:  * UUID-E
06-20 11:13:18.107  1838  1838 D wpa_supplicant: WPS:  * Primary Device Type
06-20 11:13:18.107  1838  1838 D wpa_supplicant: WPS:  * RF Bands (3)
06-20 11:13:18.107  1838  1838 D wpa_supplicant: WPS:  * Association State
06-20 11:13:18.107  1838  1838 D wpa_supplicant: WPS:  * Configuration Error (0)
06-20 11:13:18.107  1838  1838 D wpa_supplicant: WPS:  * Device Password ID (0)
06-20 11:13:18.107  1838  1838 D wpa_supplicant: WPS:  * Manufacturer
06-20 11:13:18.107  1838  1838 D wpa_supplicant: WPS:  * Model Name
06-20 11:13:18.107  1838  1838 D wpa_supplicant: WPS:  * Model Number
06-20 11:13:18.107  1838  1838 D wpa_supplicant: WPS:  * Device Name
06-20 11:13:18.107  1838  1838 D wpa_supplicant: WPS:  * Version2 (0x20)
06-20 11:13:18.107  1838  1838 D wpa_supplicant: wpa_driver_wext_combo_scan: Start
06-20 11:13:18.107  1838  1838 D wpa_supplicant: For Scan: (null)
06-20 11:13:18.173  1838  1838 D wpa_supplicant: Scan requested (ret=0) - scan timeout 30 seconds
06-20 11:13:18.248    82   125 D AudioHardware: AudioHardware pcm playback is going to standby.
06-20 11:13:18.248    82   125 D AudioHardware: closePcmOut_l() mPcmOpenCnt: 1
06-20 11:13:18.330   152  2465 I ActivityManager: START {act=android.intent.action.MAIN cmp=com.google.android.inputmethod.latin.dictionarypack/.DictionarySettingsActivity} from pid 452
06-20 11:13:18.361    82   125 D AudioHardware: AudioHardware pcm playback is exiting standby.
06-20 11:13:18.361    82   125 D AudioHardware: openPcmOut_l() mPcmOpenCnt: 0
06-20 11:13:18.650  1838  1838 D wpa_supplicant: RTM_NEWLINK: operstate=0 ifi_flags=0x11003 ([UP][LOWER_UP])
06-20 11:13:18.650  1838  1838 D wpa_supplicant: RTM_NEWLINK, IFLA_IFNAME: Interface 'wlan0' added
06-20 11:13:18.650  1838  1838 D wpa_supplicant: Wireless event: cmd=0x8b19 len=8
06-20 11:13:18.650  1838  1838 D wpa_supplicant: Received 171 bytes of scan results (1 BSSes)
06-20 11:13:18.712  3578  3579 D dalvikvm: GC_CONCURRENT freed 240K, 4% free 9246K/9607K, paused 3ms+10ms
06-20 11:13:18.763  3578  3587 W CursorWrapperInner: Cursor finalized without prior close()
06-20 11:13:18.802  3578  3578 D libEGL  : loaded /system/lib/egl/libGLES_android.so
06-20 11:13:18.810  3578  3578 D libEGL  : loaded /vendor/lib/egl/libEGL_POWERVR_SGX540_120.so
06-20 11:13:18.818  3578  3578 D libEGL  : loaded /vendor/lib/egl/libGLESv1_CM_POWERVR_SGX540_120.so
06-20 11:13:18.833  3578  3578 D libEGL  : loaded /vendor/lib/egl/libGLESv2_POWERVR_SGX540_120.so
06-20 11:13:18.943   390   392 D dalvikvm: GC_CONCURRENT freed 264K, 10% free 9938K/10951K, paused 2ms+10ms
06-20 11:13:18.966   152   168 I Process : Sending signal. PID: 3578 SIG: 3
06-20 11:13:18.966  3578  3581 I dalvikvm: threadid=3: reacting to signal 3
06-20 11:13:18.970  3578  3581 I dalvikvm: Wrote stack traces to '/data/anr/traces.txt'
06-20 11:13:18.998  3578  3578 D OpenGLRenderer: Enabling debug mode 0
06-20 11:13:19.138   152   697 W InputManagerService: Starting input on non-focused client com.android.internal.view.IInputMethodClient$Stub$Proxy@41668d58 (uid=10025 pid=452)
06-20 11:13:19.318   152   201 I ActivityManager: Displayed com.google.android.inputmethod.latin.dictionarypack/.DictionarySettingsActivity: +854ms
06-20 11:13:19.322   452   452 D OpenGLRenderer: Flushing caches (mode 0)
06-20 11:13:19.345   152   375 I ActivityManager: Process com.google.android.voicesearch (pid 3443) has died.
06-20 11:13:19.599   452   452 D OpenGLRenderer: Flushing caches (mode 1)
06-20 11:13:21.466    82   125 D AudioHardware: AudioHardware pcm playback is going to standby.
06-20 11:13:21.470    82   125 D AudioHardware: closePcmOut_l() mPcmOpenCnt: 1
06-20 11:13:21.912   390   392 D dalvikvm: GC_CONCURRENT freed 380K, 10% free 9947K/10951K, paused 18ms+2ms
06-20 11:13:22.458    82   125 D AudioHardware: AudioHardware pcm playback is exiting standby.
06-20 11:13:22.458    82   125 D AudioHardware: openPcmOut_l() mPcmOpenCnt: 0
06-20 11:13:24.736  3578  3579 D dalvikvm: GC_CONCURRENT freed 321K, 5% free 9461K/9863K, paused 15ms+4ms
06-20 11:13:24.908   152   585 W InputManagerService: Window already focused, ignoring focus gain of: com.android.internal.view.IInputMethodClient$Stub$Proxy@4146dd28
06-20 11:13:27.330  3578  3578 E DictionaryProvider:UpdateHandler: Deleting en
06-20 11:13:27.388  3578  3578 E DictionaryProvider:DisableAction: Unexpected state of the word list 'en' : 4 for a disable action. Fall back to marking as available.
06-20 11:13:27.443  3578  3579 D dalvikvm: GC_CONCURRENT freed 432K, 6% free 9437K/9991K, paused 2ms+3ms
06-20 11:13:27.564  3578  3578 E DictionaryProvider:StartDeleteAction: Unexpected status for deleting a word list info : 1
06-20 11:13:27.576  3457  3666 I DownloadManager: deleting /data/data/com.android.providers.downloads/cache/en_general.htm
06-20 11:13:27.736  3578  3589 E DictionaryProvider:UpdateHandler: Deleted en
06-20 11:13:27.802  3578  3579 D dalvikvm: GC_CONCURRENT freed 455K, 6% free 9497K/10055K, paused 20ms+3ms
06-20 11:13:27.982   152   154 D dalvikvm: GC_CONCURRENT freed 954K, 18% free 13482K/16263K, paused 3ms+6ms
06-20 11:13:27.990   152   506 W InputManagerService: Window already focused, ignoring focus gain of: com.android.internal.view.IInputMethodClient$Stub$Proxy@416f1268
06-20 11:13:31.326  3578  3578 E DictionaryProvider:EnableAction: Unexpected state of the word list 'en : 1 for an enable action. Cancelling
06-20 11:13:31.427   152   163 W InputManagerService: Window already focused, ignoring focus gain of: com.android.internal.view.IInputMethodClient$Stub$Proxy@4151eab8
06-20 11:13:33.654  1838  1838 D wpa_supplicant: WPS: Building WPS IE for Probe Request
06-20 11:13:33.654  1838  1838 D wpa_supplicant: WPS:  * Version (hardcoded 0x10)
06-20 11:13:33.654  1838  1838 D wpa_supplicant: WPS:  * Request Type
06-20 11:13:33.654  1838  1838 D wpa_supplicant: WPS:  * Config Methods (2388)
06-20 11:13:33.654  1838  1838 D wpa_supplicant: WPS:  * UUID-E
06-20 11:13:33.654  1838  1838 D wpa_supplicant: WPS:  * Primary Device Type
06-20 11:13:33.654  1838  1838 D wpa_supplicant: WPS:  * RF Bands (3)
06-20 11:13:33.654  1838  1838 D wpa_supplicant: WPS:  * Association State
06-20 11:13:33.654  1838  1838 D wpa_supplicant: WPS:  * Configuration Error (0)
06-20 11:13:33.654  1838  1838 D wpa_supplicant: WPS:  * Device Password ID (0)
06-20 11:13:33.654  1838  1838 D wpa_supplicant: WPS:  * Manufacturer
06-20 11:13:33.654  1838  1838 D wpa_supplicant: WPS:  * Model Name
06-20 11:13:33.654  1838  1838 D wpa_supplicant: WPS:  * Model Number
06-20 11:13:33.654  1838  1838 D wpa_supplicant: WPS:  * Device Name
06-20 11:13:33.654  1838  1838 D wpa_supplicant: WPS:  * Version2 (0x20)
06-20 11:13:33.654  1838  1838 D wpa_supplicant: wpa_driver_wext_combo_scan: Start
06-20 11:13:33.654  1838  1838 D wpa_supplicant: For Scan: (null)
06-20 11:13:33.712  1838  1838 D wpa_supplicant: Scan requested (ret=0) - scan timeout 30 seconds
06-20 11:13:34.193  1838  1838 D wpa_supplicant: RTM_NEWLINK: operstate=0 ifi_flags=0x11003 ([UP][LOWER_UP])
06-20 11:13:34.193  1838  1838 D wpa_supplicant: RTM_NEWLINK, IFLA_IFNAME: Interface 'wlan0' added
06-20 11:13:34.193  1838  1838 D wpa_supplicant: Wireless event: cmd=0x8b19 len=8
06-20 11:13:34.193  1838  1838 D wpa_supplicant: Received 341 bytes of scan results (2 BSSes)
06-20 11:13:34.373    82   125 D AudioHardware: AudioHardware pcm playback is going to standby.
06-20 11:13:34.373    82   125 D AudioHardware: closePcmOut_l() mPcmOpenCnt: 1
06-20 11:13:36.333  2890  2902 D dalvikvm: GC_FOR_ALLOC freed 221K, 12% free 9738K/10951K, paused 36ms
06-20 11:13:37.388    82   125 D AudioHardware: AudioHardware pcm playback is exiting standby.
06-20 11:13:37.388    82   125 D AudioHardware: openPcmOut_l() mPcmOpenCnt: 0
06-20 11:13:37.548  3578  3579 D dalvikvm: GC_CONCURRENT freed 499K, 7% free 9426K/10119K, paused 2ms+2ms
06-20 11:13:37.681  3457  3680 I DownloadManager: Initiating request for download 6
06-20 11:13:37.830   390   390 D dalvikvm: GC_FOR_ALLOC freed 277K, 10% free 9934K/10951K, paused 23ms
06-20 11:13:37.873   390   390 D dalvikvm: GC_FOR_ALLOC freed 340K, 10% free 9926K/10951K, paused 23ms
06-20 11:13:37.927   390   390 D dalvikvm: GC_FOR_ALLOC freed 356K, 10% free 9926K/10951K, paused 17ms
06-20 11:13:38.091   390   392 D dalvikvm: GC_CONCURRENT freed 276K, 8% free 10107K/10951K, paused 2ms+2ms
06-20 11:13:39.736  3457  3459 D dalvikvm: GC_CONCURRENT freed 271K, 5% free 9267K/9671K, paused 3ms+7ms
06-20 11:13:40.283   390   390 D dalvikvm: GC_FOR_ALLOC freed 386K, 10% free 9925K/10951K, paused 39ms
06-20 11:13:40.478    82   125 D AudioHardware: AudioHardware pcm playback is going to standby.
06-20 11:13:40.482    82   125 D AudioHardware: closePcmOut_l() mPcmOpenCnt: 1
06-20 11:13:40.560   152   613 I ActivityManager: Process com.google.android.syncadapters.calendar (pid 3324) has died.
06-20 11:13:40.650  3578  3579 D dalvikvm: GC_CONCURRENT freed 409K, 7% free 9428K/10119K, paused 2ms+3ms
06-20 11:13:40.677  3578  3587 W CursorWrapperInner: Cursor finalized without prior close()
06-20 11:13:40.689  3578  3587 W CursorWrapperInner: Cursor finalized without prior close()
06-20 11:13:43.244  2890  3488 D dalvikvm: GC_FOR_ALLOC freed 150K, 11% free 9753K/10951K, paused 18ms
06-20 11:13:44.634  2890  2901 D dalvikvm: GC_FOR_ALLOC freed 155K, 12% free 9737K/10951K, paused 35ms
06-20 11:13:44.759   152   164 W InputManagerService: Window already focused, ignoring focus gain of: com.android.internal.view.IInputMethodClient$Stub$Proxy@413c3998
06-20 11:13:45.283   152   375 D dalvikvm: GC_EXPLICIT freed 620K, 18% free 13386K/16263K, paused 7ms+5ms
06-20 11:13:46.103   713  3483 D dalvikvm: GC_FOR_ALLOC freed 357K, 13% free 10649K/12167K, paused 97ms
06-20 11:13:46.193  2890  3488 D dalvikvm: GC_FOR_ALLOC freed 191K, 11% free 9761K/10951K, paused 39ms
06-20 11:13:48.240  2890  3488 D dalvikvm: GC_FOR_ALLOC freed 221K, 12% free 9738K/10951K, paused 32ms
06-20 11:13:49.208  1838  1838 D wpa_supplicant: WPS: Building WPS IE for Probe Request
06-20 11:13:49.208  1838  1838 D wpa_supplicant: WPS:  * Version (hardcoded 0x10)
06-20 11:13:49.208  1838  1838 D wpa_supplicant: WPS:  * Request Type
06-20 11:13:49.208  1838  1838 D wpa_supplicant: WPS:  * Config Methods (2388)
06-20 11:13:49.208  1838  1838 D wpa_supplicant: WPS:  * UUID-E
06-20 11:13:49.208  1838  1838 D wpa_supplicant: WPS:  * Primary Device Type
06-20 11:13:49.208  1838  1838 D wpa_supplicant: WPS:  * RF Bands (3)
06-20 11:13:49.208  1838  1838 D wpa_supplicant: WPS:  * Association State
06-20 11:13:49.208  1838  1838 D wpa_supplicant: WPS:  * Configuration Error (0)
06-20 11:13:49.208  1838  1838 D wpa_supplicant: WPS:  * Device Password ID (0)
06-20 11:13:49.208  1838  1838 D wpa_supplicant: WPS:  * Manufacturer
06-20 11:13:49.208  1838  1838 D wpa_supplicant: WPS:  * Model Name
06-20 11:13:49.208  1838  1838 D wpa_supplicant: WPS:  * Model Number
06-20 11:13:49.208  1838  1838 D wpa_supplicant: WPS:  * Device Name
06-20 11:13:49.208  1838  1838 D wpa_supplicant: WPS:  * Version2 (0x20)
06-20 11:13:49.208  1838  1838 D wpa_supplicant: wpa_driver_wext_combo_scan: Start
06-20 11:13:49.208  1838  1838 D wpa_supplicant: For Scan: (null)
06-20 11:13:49.271  1838  1838 D wpa_supplicant: Scan requested (ret=0) - scan timeout 30 seconds
06-20 11:13:49.748  1838  1838 D wpa_supplicant: RTM_NEWLINK: operstate=0 ifi_flags=0x11003 ([UP][LOWER_UP])
06-20 11:13:49.748  1838  1838 D wpa_supplicant: RTM_NEWLINK, IFLA_IFNAME: Interface 'wlan0' added
06-20 11:13:49.748  1838  1838 D wpa_supplicant: Wireless event: cmd=0x8b19 len=8
06-20 11:13:49.748  1838  1838 D wpa_supplicant: Received 170 bytes of scan results (1 BSSes)
06-20 11:13:51.591  2890  2902 D dalvikvm: GC_FOR_ALLOC freed 139K, 12% free 9735K/10951K, paused 26ms
06-20 11:13:52.576    82   125 D AudioHardware: AudioHardware pcm playback is exiting standby.
06-20 11:13:52.576    82   125 D AudioHardware: openPcmOut_l() mPcmOpenCnt: 0
06-20 11:13:54.041  2890  2902 D dalvikvm: GC_FOR_ALLOC freed 180K, 12% free 9741K/10951K, paused 33ms
06-20 11:13:54.083  3578  3579 D dalvikvm: GC_CONCURRENT freed 458K, 7% free 9482K/10119K, paused 2ms+3ms
06-20 11:13:54.251   152   375 W InputManagerService: Window already focused, ignoring focus gain of: com.android.internal.view.IInputMethodClient$Stub$Proxy@415293c8
06-20 11:13:54.259  3457  3702 I DownloadManager: Initiating request for download 7
06-20 11:13:56.990    82   125 D AudioHardware: AudioHardware pcm playback is going to standby.
06-20 11:13:56.990    82   125 D AudioHardware: closePcmOut_l() mPcmOpenCnt: 1
06-20 11:14:04.763  1838  1838 D wpa_supplicant: WPS: Building WPS IE for Probe Request
06-20 11:14:04.763  1838  1838 D wpa_supplicant: WPS:  * Version (hardcoded 0x10)
06-20 11:14:04.763  1838  1838 D wpa_supplicant: WPS:  * Request Type
06-20 11:14:04.763  1838  1838 D wpa_supplicant: WPS:  * Config Methods (2388)
06-20 11:14:04.763  1838  1838 D wpa_supplicant: WPS:  * UUID-E
06-20 11:14:04.763  1838  1838 D wpa_supplicant: WPS:  * Primary Device Type
06-20 11:14:04.763  1838  1838 D wpa_supplicant: WPS:  * RF Bands (3)
06-20 11:14:04.763  1838  1838 D wpa_supplicant: WPS:  * Association State
06-20 11:14:04.763  1838  1838 D wpa_supplicant: WPS:  * Configuration Error (0)
06-20 11:14:04.763  1838  1838 D wpa_supplicant: WPS:  * Device Password ID (0)
06-20 11:14:04.763  1838  1838 D wpa_supplicant: WPS:  * Manufacturer
06-20 11:14:04.763  1838  1838 D wpa_supplicant: WPS:  * Model Name
06-20 11:14:04.763  1838  1838 D wpa_supplicant: WPS:  * Model Number
06-20 11:14:04.763  1838  1838 D wpa_supplicant: WPS:  * Device Name
06-20 11:14:04.763  1838  1838 D wpa_supplicant: WPS:  * Version2 (0x20)
06-20 11:14:04.763  1838  1838 D wpa_supplicant: wpa_driver_wext_combo_scan: Start
06-20 11:14:04.763  1838  1838 D wpa_supplicant: For Scan: (null)
06-20 11:14:04.818  1838  1838 D wpa_supplicant: Scan requested (ret=0) - scan timeout 30 seconds
06-20 11:14:05.298  1838  1838 D wpa_supplicant: RTM_NEWLINK: operstate=0 ifi_flags=0x11003 ([UP][LOWER_UP])
06-20 11:14:05.298  1838  1838 D wpa_supplicant: RTM_NEWLINK, IFLA_IFNAME: Interface 'wlan0' added
06-20 11:14:05.306  1838  1838 D wpa_supplicant: Wireless event: cmd=0x8b19 len=8
06-20 11:14:05.306  1838  1838 D wpa_supplicant: Received 140 bytes of scan results (1 BSSes)
06-20 11:14:07.087  2890  3488 D dalvikvm: GC_FOR_ALLOC freed 244K, 12% free 9744K/10951K, paused 17ms
06-20 11:14:12.349  3457  3459 D dalvikvm: GC_CONCURRENT freed 360K, 6% free 9308K/9799K, paused 20ms+8ms
06-20 11:14:14.279   713   716 D dalvikvm: GC_CONCURRENT freed 424K, 13% free 10644K/12167K, paused 23ms+3ms
06-20 11:14:14.306  2890  2902 D dalvikvm: GC_FOR_ALLOC freed 148K, 12% free 9737K/10951K, paused 19ms
06-20 11:14:16.583  2890  2901 D dalvikvm: GC_FOR_ALLOC freed 157K, 12% free 9736K/10951K, paused 20ms
06-20 11:14:20.322  1838  1838 D wpa_supplicant: WPS: Building WPS IE for Probe Request
06-20 11:14:20.322  1838  1838 D wpa_supplicant: WPS:  * Version (hardcoded 0x10)
06-20 11:14:20.322  1838  1838 D wpa_supplicant: WPS:  * Request Type
06-20 11:14:20.322  1838  1838 D wpa_supplicant: WPS:  * Config Methods (2388)
06-20 11:14:20.322  1838  1838 D wpa_supplicant: WPS:  * UUID-E
06-20 11:14:20.322  1838  1838 D wpa_supplicant: WPS:  * Primary Device Type
06-20 11:14:20.322  1838  1838 D wpa_supplicant: WPS:  * RF Bands (3)
06-20 11:14:20.322  1838  1838 D wpa_supplicant: WPS:  * Association State
06-20 11:14:20.322  1838  1838 D wpa_supplicant: WPS:  * Configuration Error (0)
06-20 11:14:20.322  1838  1838 D wpa_supplicant: WPS:  * Device Password ID (0)
06-20 11:14:20.322  1838  1838 D wpa_supplicant: WPS:  * Manufacturer
06-20 11:14:20.322  1838  1838 D wpa_supplicant: WPS:  * Model Name
06-20 11:14:20.322  1838  1838 D wpa_supplicant: WPS:  * Model Number
06-20 11:14:20.322  1838  1838 D wpa_supplicant: WPS:  * Device Name
06-20 11:14:20.322  1838  1838 D wpa_supplicant: WPS:  * Version2 (0x20)
06-20 11:14:20.322  1838  1838 D wpa_supplicant: wpa_driver_wext_combo_scan: Start
06-20 11:14:20.322  1838  1838 D wpa_supplicant: For Scan: (null)
06-20 11:14:20.384  1838  1838 D wpa_supplicant: Scan requested (ret=0) - scan timeout 30 seconds
06-20 11:14:20.865  1838  1838 D wpa_supplicant: RTM_NEWLINK: operstate=0 ifi_flags=0x11003 ([UP][LOWER_UP])
06-20 11:14:20.865  1838  1838 D wpa_supplicant: RTM_NEWLINK, IFLA_IFNAME: Interface 'wlan0' added
06-20 11:14:20.865  1838  1838 D wpa_supplicant: Wireless event: cmd=0x8b19 len=8
06-20 11:14:20.865  1838  1838 D wpa_supplicant: Received 0 bytes of scan results (0 BSSes)
06-20 11:14:25.830  2890  2901 D dalvikvm: GC_FOR_ALLOC freed 163K, 11% free 9753K/10951K, paused 18ms
06-20 11:14:29.068  2890  3488 D dalvikvm: GC_FOR_ALLOC freed 153K, 12% free 9747K/10951K, paused 17ms
06-20 11:14:31.423   452  3724 E BinaryDictionaryFileDumper: Could not copy a word list. Will not be able to use it.
06-20 11:14:31.505   452   455 D dalvikvm: GC_CONCURRENT freed 364K, 5% free 11325K/11847K, paused 5ms+19ms
06-20 11:14:31.521  3578  3579 D dalvikvm: GC_CONCURRENT freed 435K, 7% free 9471K/10119K, paused 2ms+18ms
06-20 11:14:31.572  3578  3587 W CursorWrapperInner: Cursor finalized without prior close()
06-20 11:14:31.576  3578  3587 W CursorWrapperInner: Cursor finalized without prior close()
06-20 11:14:33.779   713  3483 D dalvikvm: GC_FOR_ALLOC freed 319K, 13% free 10654K/12167K, paused 65ms
06-20 11:14:33.779   713  3483 I dalvikvm-heap: Grow heap (frag case) to 10.515MB for 43024-byte allocation
06-20 11:14:33.818   713  3483 D dalvikvm: GC_FOR_ALLOC freed 25K, 13% free 10670K/12231K, paused 38ms
06-20 11:14:33.857  2890  2902 D dalvikvm: GC_FOR_ALLOC freed 165K, 11% free 9755K/10951K, paused 25ms
06-20 11:14:35.650  2890  2901 D dalvikvm: GC_FOR_ALLOC freed 170K, 12% free 9736K/10951K, paused 17ms
06-20 11:14:35.869  1838  1838 D wpa_supplicant: WPS: Building WPS IE for Probe Request
06-20 11:14:35.869  1838  1838 D wpa_supplicant: WPS:  * Version (hardcoded 0x10)
06-20 11:14:35.869  1838  1838 D wpa_supplicant: WPS:  * Request Type
06-20 11:14:35.869  1838  1838 D wpa_supplicant: WPS:  * Config Methods (2388)
06-20 11:14:35.869  1838  1838 D wpa_supplicant: WPS:  * UUID-E
06-20 11:14:35.869  1838  1838 D wpa_supplicant: WPS:  * Primary Device Type
06-20 11:14:35.869  1838  1838 D wpa_supplicant: WPS:  * RF Bands (3)
06-20 11:14:35.869  1838  1838 D wpa_supplicant: WPS:  * Association State
06-20 11:14:35.869  1838  1838 D wpa_supplicant: WPS:  * Configuration Error (0)
06-20 11:14:35.869  1838  1838 D wpa_supplicant: WPS:  * Device Password ID (0)
06-20 11:14:35.869  1838  1838 D wpa_supplicant: WPS:  * Manufacturer
06-20 11:14:35.869  1838  1838 D wpa_supplicant: WPS:  * Model Name
06-20 11:14:35.869  1838  1838 D wpa_supplicant: WPS:  * Model Number
06-20 11:14:35.869  1838  1838 D wpa_supplicant: WPS:  * Device Name
06-20 11:14:35.869  1838  1838 D wpa_supplicant: WPS:  * Version2 (0x20)
06-20 11:14:35.869  1838  1838 D wpa_supplicant: wpa_driver_wext_combo_scan: Start
06-20 11:14:35.869  1838  1838 D wpa_supplicant: For Scan: (null)
06-20 11:14:35.931  1838  1838 D wpa_supplicant: Scan requested (ret=0) - scan timeout 30 seconds
06-20 11:14:36.197    82   125 D AudioHardware: AudioHardware pcm playback is exiting standby.
06-20 11:14:36.197    82   125 D AudioHardware: openPcmOut_l() mPcmOpenCnt: 0
06-20 11:14:36.404  1838  1838 D wpa_supplicant: RTM_NEWLINK: operstate=0 ifi_flags=0x11003 ([UP][LOWER_UP])
06-20 11:14:36.404  1838  1838 D wpa_supplicant: RTM_NEWLINK, IFLA_IFNAME: Interface 'wlan0' added
06-20 11:14:36.404  1838  1838 D wpa_supplicant: Wireless event: cmd=0x8b19 len=8
06-20 11:14:36.404  1838  1838 D wpa_supplicant: Received 0 bytes of scan results (0 BSSes)
06-20 11:14:36.486   390   390 D dalvikvm: GC_FOR_ALLOC freed 343K, 10% free 9934K/10951K, paused 24ms
06-20 11:14:36.537  3457  3744 I DownloadManager: Initiating request for download 8
06-20 11:14:36.689   390   392 D dalvikvm: GC_CONCURRENT freed 559K, 11% free 9817K/10951K, paused 2ms+7ms
06-20 11:14:37.615  3457  3459 D dalvikvm: GC_CONCURRENT freed 418K, 6% free 9311K/9863K, paused 13ms+10ms
06-20 11:14:37.634  3578  3579 D dalvikvm: GC_CONCURRENT freed 525K, 7% free 9424K/10119K, paused 2ms+5ms
06-20 11:14:37.755   390   392 D dalvikvm: GC_CONCURRENT freed 314K, 10% free 9892K/10951K, paused 2ms+2ms
06-20 11:14:37.888   390   392 D dalvikvm: GC_CONCURRENT freed 554K, 11% free 9834K/10951K, paused 2ms+4ms
06-20 11:14:38.478  2890  2902 D dalvikvm: GC_EXPLICIT freed 71K, 12% free 9733K/10951K, paused 2ms+3ms
06-20 11:14:39.291    82   125 D AudioHardware: AudioHardware pcm playback is going to standby.
06-20 11:14:39.291    82   125 D AudioHardware: closePcmOut_l() mPcmOpenCnt: 1
06-20 11:14:39.775  2890  2901 D dalvikvm: GC_FOR_ALLOC freed 135K, 12% free 9736K/10951K, paused 18ms
06-20 11:14:40.123   152   154 D dalvikvm: GC_CONCURRENT freed 963K, 17% free 13516K/16263K, paused 2ms+6ms
06-20 11:14:40.205   152   697 W InputManagerService: Starting input on non-focused client com.android.internal.view.IInputMethodClient$Stub$Proxy@414960d8 (uid=10026 pid=3578)
06-20 11:14:40.267  3578  3578 D OpenGLRenderer: Flushing caches (mode 0)
06-20 11:14:40.279   452   452 W IInputConnectionWrapper: showStatusIcon on inactive InputConnection
06-20 11:14:40.279   152  2465 I ActivityManager: Process com.google.android.partnersetup (pid 3305) has died.
06-20 11:14:40.544  3578  3578 D OpenGLRenderer: Flushing caches (mode 1)
06-20 11:14:41.611  3609  3610 D dalvikvm: GC_CONCURRENT freed 511K, 7% free 10090K/10759K, paused 2ms+4ms
06-20 11:14:41.802   152   168 I Process : Sending signal. PID: 3609 SIG: 3
06-20 11:14:41.802  3609  3613 I dalvikvm: threadid=3: reacting to signal 3
06-20 11:14:41.822  3609  3613 I dalvikvm: Wrote stack traces to '/data/anr/traces.txt'
06-20 11:14:41.841  3609  3610 D dalvikvm: GC_CONCURRENT freed 510K, 7% free 10092K/10759K, paused 7ms+4ms
06-20 11:14:41.919   152   164 W InputManagerService: Starting input on non-focused client com.android.internal.view.IInputMethodClient$Stub$Proxy@41668d58 (uid=10025 pid=452)
06-20 11:14:41.939   452   452 D OpenGLRenderer: Flushing caches (mode 0)
06-20 11:14:42.185   452   452 D OpenGLRenderer: Flushing caches (mode 1)
06-20 11:14:42.994   152   154 D dalvikvm: GC_CONCURRENT freed 1111K, 17% free 13530K/16263K, paused 3ms+6ms
06-20 11:14:43.103  3609  3609 D OpenGLRenderer: Flushing caches (mode 0)
06-20 11:14:43.603  2890  3488 D dalvikvm: GC_FOR_ALLOC freed 212K, 12% free 9744K/10951K, paused 18ms
06-20 11:14:44.037   152   507 W InputManagerService: Starting input on non-focused client com.android.internal.view.IInputMethodClient$Stub$Proxy@4163dd00 (uid=1000 pid=3609)
06-20 11:14:44.068  3609  3609 D OpenGLRenderer: Flushing caches (mode 0)
06-20 11:14:44.599  3609  3609 D OpenGLRenderer: Flushing caches (mode 1)
06-20 11:14:45.357   152   493 I ActivityManager: START {act=android.intent.action.MAIN cat=[android.intent.category.LAUNCHER] flg=0x10200000 cmp=com.android.browser/.BrowserActivity bnds=[384,706][480,802]} from pid 1566
06-20 11:14:45.369    82   125 D AudioHardware: AudioHardware pcm playback is exiting standby.
06-20 11:14:45.369    82   125 D AudioHardware: openPcmOut_l() mPcmOpenCnt: 0
06-20 11:14:45.521  1566  1566 D OpenGLRenderer: Flushing caches (mode 1)
06-20 11:14:45.529  1566  1566 D OpenGLRenderer: Flushing caches (mode 0)
06-20 11:14:45.646  2967  2967 D dalvikvm: GC_FOR_ALLOC freed 20K, 7% free 10859K/11655K, paused 31ms
06-20 11:14:45.646  2967  2967 I dalvikvm-heap: Grow heap (frag case) to 10.839MB for 172816-byte allocation
06-20 11:14:45.685  2967  3523 D dalvikvm: GC_FOR_ALLOC freed 3K, 7% free 11024K/11847K, paused 30ms
06-20 11:14:45.697  2967  2967 D WebViewTimersControl: onBrowserActivityResume
06-20 11:14:45.697  2967  2967 D WebViewTimersControl: Resuming webview timers, view=com.android.browser.BrowserWebView@4136f190
06-20 11:14:45.697  2967  2967 W BaseUi  : mMainView is already attached to wrapper in attachTabToContentView!
06-20 11:14:45.697  2967  2967 W BaseUi  : mContainer is already attached to content in attachTabToContentView!
06-20 11:14:45.892   152   168 I Process : Sending signal. PID: 2967 SIG: 3
06-20 11:14:45.896  2967  2972 I dalvikvm: threadid=3: reacting to signal 3
06-20 11:14:45.927  2967  2972 I dalvikvm: Wrote stack traces to '/data/anr/traces.txt'
06-20 11:14:46.052   152   201 I ActivityManager: Displayed com.android.browser/.BrowserActivity: +661ms
06-20 11:14:46.150  2967  2967 D dalvikvm: GC_FOR_ALLOC freed 47K, 6% free 11152K/11847K, paused 55ms
06-20 11:14:46.150  2967  2967 I dalvikvm-heap: Grow heap (frag case) to 11.586MB for 656656-byte allocation
06-20 11:14:46.197  2967  2967 D dalvikvm: GC_FOR_ALLOC freed 0K, 7% free 11793K/12551K, paused 46ms
06-20 11:14:46.314  2967  2970 D dalvikvm: GC_CONCURRENT freed 16K, 7% free 11787K/12551K, paused 9ms+3ms
06-20 11:14:46.349  2890  2901 D dalvikvm: GC_FOR_ALLOC freed 150K, 12% free 9733K/10951K, paused 53ms
06-20 11:14:47.287   713   768 D androidNetworkLocationListeners: Still have listener com.google.android.location.internal.client.NetworkLocationClient$1@413542d0
06-20 11:14:47.314  1838  1838 D wpa_supplicant: wpa_driver_wext_driver_cmd SETSUSPENDOPT 0 len = 4096
06-20 11:14:47.314  1838  1838 D wpa_supplicant: wpa_driver_wext_driver_cmd SETSUSPENDOPT 0 len = 0, 15
06-20 11:14:47.314  1838  1838 D wpa_supplicant: wpa_driver_wext_driver_cmd POWERMODE 0 len = 4096
06-20 11:14:47.322  1838  1838 D wpa_supplicant: wpa_driver_wext_driver_cmd OK len = 0, 2
06-20 11:14:47.330   713   768 D androidNetworkLocationListeners: Still have listener com.google.android.location.internal.client.NetworkLocationClient$1@413542d0
06-20 11:14:47.392   713  1527 D WifiLocator: Too many no-location APs. Will not compute a location nor go to the server. hasLocation=0 noLocation=0 cacheMiss=0
06-20 11:14:47.435  1838  1838 D wpa_supplicant: wpa_driver_wext_driver_cmd SETSUSPENDOPT 0 len = 4096
06-20 11:14:47.435  1838  1838 D wpa_supplicant: wpa_driver_wext_driver_cmd SETSUSPENDOPT 0 len = 0, 15
06-20 11:14:47.435  1838  1838 D wpa_supplicant: wpa_driver_wext_driver_cmd POWERMODE 0 len = 4096
06-20 11:14:47.451  1838  1838 D wpa_supplicant: wpa_driver_wext_driver_cmd OK len = 0, 2
06-20 11:14:47.548   152   375 D dalvikvm: GC_EXPLICIT freed 538K, 18% free 13409K/16263K, paused 9ms+10ms
06-20 11:14:47.572  1838  1838 D wpa_supplicant: wpa_driver_wext_driver_cmd SETSUSPENDOPT 0 len = 4096
06-20 11:14:47.572  1838  1838 D wpa_supplicant: wpa_driver_wext_driver_cmd SETSUSPENDOPT 0 len = 0, 15
06-20 11:14:47.572  1838  1838 D wpa_supplicant: wpa_driver_wext_driver_cmd POWERMODE 0 len = 4096
06-20 11:14:47.580  1838  1838 D wpa_supplicant: wpa_driver_wext_driver_cmd OK len = 0, 2
06-20 11:14:47.580  1838  1838 D wpa_supplicant: WPS: Building WPS IE for Probe Request
06-20 11:14:47.580  1838  1838 D wpa_supplicant: WPS:  * Version (hardcoded 0x10)
06-20 11:14:47.580  1838  1838 D wpa_supplicant: WPS:  * Request Type
06-20 11:14:47.580  1838  1838 D wpa_supplicant: WPS:  * Config Methods (2388)
06-20 11:14:47.580  1838  1838 D wpa_supplicant: WPS:  * UUID-E
06-20 11:14:47.580  1838  1838 D wpa_supplicant: WPS:  * Primary Device Type
06-20 11:14:47.580  1838  1838 D wpa_supplicant: WPS:  * RF Bands (3)
06-20 11:14:47.580  1838  1838 D wpa_supplicant: WPS:  * Association State
06-20 11:14:47.580  1838  1838 D wpa_supplicant: WPS:  * Configuration Error (0)
06-20 11:14:47.580  1838  1838 D wpa_supplicant: WPS:  * Device Password ID (0)
06-20 11:14:47.580  1838  1838 D wpa_supplicant: WPS:  * Manufacturer
06-20 11:14:47.580  1838  1838 D wpa_supplicant: WPS:  * Model Name
06-20 11:14:47.580  1838  1838 D wpa_supplicant: WPS:  * Model Number
06-20 11:14:47.580  1838  1838 D wpa_supplicant: WPS:  * Device Name
06-20 11:14:47.580  1838  1838 D wpa_supplicant: WPS:  * Version2 (0x20)
06-20 11:14:47.580  1838  1838 D wpa_supplicant: wpa_driver_wext_combo_scan: Start
06-20 11:14:47.580  1838  1838 D wpa_supplicant: For Scan: (null)
06-20 11:14:47.626  1838  1838 D wpa_supplicant: Scan requested (ret=0) - scan timeout 30 seconds
06-20 11:14:48.064   152   507 I ActivityManager: Process com.android.providers.calendar (pid 1792) has died.
06-20 11:14:48.107  1838  1838 D wpa_supplicant: RTM_NEWLINK: operstate=0 ifi_flags=0x11003 ([UP][LOWER_UP])
06-20 11:14:48.107  1838  1838 D wpa_supplicant: RTM_NEWLINK, IFLA_IFNAME: Interface 'wlan0' added
06-20 11:14:48.107  1838  1838 D wpa_supplicant: Wireless event: cmd=0x8b19 len=8
06-20 11:14:48.107  1838  1838 D wpa_supplicant: Received 0 bytes of scan results (0 BSSes)
06-20 11:14:48.123   713  1527 D WifiLocator: Too many no-location APs. Will not compute a location nor go to the server. hasLocation=0 noLocation=0 cacheMiss=0
06-20 11:14:48.130   152   152 I ActivityManager: moveTaskToBack: 21
06-20 11:14:48.197  1838  1838 D wpa_supplicant: wpa_driver_wext_driver_cmd SETSUSPENDOPT 0 len = 4096
06-20 11:14:48.197  1838  1838 D wpa_supplicant: wpa_driver_wext_driver_cmd SETSUSPENDOPT 0 len = 0, 15
06-20 11:14:48.197  1838  1838 D wpa_supplicant: wpa_driver_wext_driver_cmd POWERMODE 0 len = 4096
06-20 11:14:48.197  1838  1838 D wpa_supplicant: wpa_driver_wext_driver_cmd OK len = 0, 2
06-20 11:14:48.302  2967  2967 D OpenGLRenderer: Flushing caches (mode 0)
06-20 11:14:48.330   152   506 W InputManagerService: Starting input on non-focused client com.android.internal.view.IInputMethodClient$Stub$Proxy@4155a140 (uid=10003 pid=2967)
06-20 11:14:48.337  2967  2967 D OpenGLRenderer: Flushing caches (mode 1)
06-20 11:14:48.369   152   613 I ActivityManager: Process com.google.android.gsf.login (pid 3194) has died.
06-20 11:14:48.458    82   125 D AudioHardware: AudioHardware pcm playback is going to standby.
06-20 11:14:48.458    82   125 D AudioHardware: closePcmOut_l() mPcmOpenCnt: 1
06-20 11:14:48.673   713   768 D androidNetworkLocationListeners: Still have listener com.google.android.location.internal.client.NetworkLocationClient$1@413542d0
06-20 11:14:48.677  1838  1838 D wpa_supplicant: wpa_driver_wext_driver_cmd SETSUSPENDOPT 0 len = 4096
06-20 11:14:48.677  1838  1838 D wpa_supplicant: wpa_driver_wext_driver_cmd SETSUSPENDOPT 0 len = 0, 15
06-20 11:14:48.677  1838  1838 D wpa_supplicant: wpa_driver_wext_driver_cmd POWERMODE 0 len = 4096
06-20 11:14:48.677  1838  1838 D wpa_supplicant: wpa_driver_wext_driver_cmd OK len = 0, 2
06-20 11:14:48.677  1838  1838 D wpa_supplicant: WPS: Building WPS IE for Probe Request
06-20 11:14:48.677  1838  1838 D wpa_supplicant: WPS:  * Version (hardcoded 0x10)
06-20 11:14:48.677  1838  1838 D wpa_supplicant: WPS:  * Request Type
06-20 11:14:48.677  1838  1838 D wpa_supplicant: WPS:  * Config Methods (2388)
06-20 11:14:48.677  1838  1838 D wpa_supplicant: WPS:  * UUID-E
06-20 11:14:48.677  1838  1838 D wpa_supplicant: WPS:  * Primary Device Type
06-20 11:14:48.677  1838  1838 D wpa_supplicant: WPS:  * RF Bands (3)
06-20 11:14:48.677  1838  1838 D wpa_supplicant: WPS:  * Association State
06-20 11:14:48.677  1838  1838 D wpa_supplicant: WPS:  * Configuration Error (0)
06-20 11:14:48.677  1838  1838 D wpa_supplicant: WPS:  * Device Password ID (0)
06-20 11:14:48.677  1838  1838 D wpa_supplicant: WPS:  * Manufacturer
06-20 11:14:48.677  1838  1838 D wpa_supplicant: WPS:  * Model Name
06-20 11:14:48.677  1838  1838 D wpa_supplicant: WPS:  * Model Number
06-20 11:14:48.677  1838  1838 D wpa_supplicant: WPS:  * Device Name
06-20 11:14:48.677  1838  1838 D wpa_supplicant: WPS:  * Version2 (0x20)
06-20 11:14:48.677  1838  1838 D wpa_supplicant: wpa_driver_wext_combo_scan: Start
06-20 11:14:48.677  1838  1838 D wpa_supplicant: For Scan: (null)
06-20 11:14:48.681  1838  1838 D wpa_supplicant: Scan requested (ret=0) - scan timeout 30 seconds
06-20 11:14:48.861  2988  2988 D OpenGLRenderer: Flushing caches (mode 2)
06-20 11:14:48.884  2988  2988 W ManagedEGLContext: doTerminate failed: EGL count is 2 but managed count is 1
06-20 11:14:49.162  1838  1838 D wpa_supplicant: RTM_NEWLINK: operstate=0 ifi_flags=0x11003 ([UP][LOWER_UP])
06-20 11:14:49.162  1838  1838 D wpa_supplicant: RTM_NEWLINK, IFLA_IFNAME: Interface 'wlan0' added
06-20 11:14:49.162  1838  1838 D wpa_supplicant: Wireless event: cmd=0x8b19 len=8
06-20 11:14:49.162  1838  1838 D wpa_supplicant: Received 0 bytes of scan results (0 BSSes)
06-20 11:14:49.197   713  1527 D WifiLocator: Too many no-location APs. Will not compute a location nor go to the server. hasLocation=0 noLocation=0 cacheMiss=0
06-20 11:14:49.208  1838  1838 D wpa_supplicant: wpa_driver_wext_driver_cmd SETSUSPENDOPT 0 len = 4096
06-20 11:14:49.208  1838  1838 D wpa_supplicant: wpa_driver_wext_driver_cmd SETSUSPENDOPT 0 len = 0, 15
06-20 11:14:49.208  1838  1838 D wpa_supplicant: wpa_driver_wext_driver_cmd POWERMODE 0 len = 4096
06-20 11:14:49.208  1838  1838 D wpa_supplicant: wpa_driver_wext_driver_cmd OK len = 0, 2
06-20 11:14:49.333    82   125 D AudioHardware: AudioHardware pcm playback is exiting standby.
06-20 11:14:49.333    82   125 D AudioHardware: openPcmOut_l() mPcmOpenCnt: 0
06-20 11:14:49.388  3578  3578 D OpenGLRenderer: Flushing caches (mode 2)
06-20 11:14:49.435  3609  3609 D OpenGLRenderer: Flushing caches (mode 2)
06-20 11:14:50.822  1566  1568 D dalvikvm: GC_CONCURRENT freed 2051K, 37% free 11767K/18567K, paused 28ms+5ms
06-20 11:14:50.994  1566  2128 D dalvikvm: GC_FOR_ALLOC freed 413K, 37% free 11841K/18567K, paused 29ms
06-20 11:14:51.005  2967  2967 D OpenGLRenderer: Flushing caches (mode 1)
06-20 11:14:51.166  1566  1568 D dalvikvm: GC_CONCURRENT freed 22K, 32% free 12745K/18567K, paused 3ms+25ms
06-20 11:14:51.349  1566  2126 D dalvikvm: GC_FOR_ALLOC freed 1835K, 38% free 11649K/18567K, paused 26ms
06-20 11:14:51.349  1566  2126 I dalvikvm-heap: Grow heap (frag case) to 12.671MB for 1286224-byte allocation
06-20 11:14:51.388  1566  1566 D dalvikvm: GC_FOR_ALLOC freed 4K, 31% free 12901K/18567K, paused 25ms
06-20 11:14:51.474  1566  1568 D dalvikvm: GC_CONCURRENT freed <1K, 31% free 12901K/18567K, paused 5ms+8ms
06-20 11:14:51.615  1566  2126 D dalvikvm: GC_FOR_ALLOC freed 1270K, 37% free 11824K/18567K, paused 23ms
06-20 11:14:51.615  1566  2126 I dalvikvm-heap: Grow heap (frag case) to 12.842MB for 1286224-byte allocation
06-20 11:14:51.669  1566  1566 D dalvikvm: GC_FOR_ALLOC freed 3K, 30% free 13077K/18567K, paused 39ms
06-20 11:14:51.748  1566  1568 D dalvikvm: GC_CONCURRENT freed 8K, 30% free 13116K/18567K, paused 1ms+10ms
06-20 11:14:51.935  1566  2173 D dalvikvm: GC_FOR_ALLOC freed 1636K, 34% free 12415K/18567K, paused 27ms
06-20 11:14:52.095  1566  1568 D dalvikvm: GC_CONCURRENT freed 39K, 28% free 13501K/18567K, paused 2ms+5ms
06-20 11:14:52.158  2890  3320 D dalvikvm: GC_FOR_ALLOC freed 220K, 12% free 9738K/10951K, paused 83ms
06-20 11:14:52.189  1566  2173 D dalvikvm: GC_FOR_ALLOC freed 1084K, 26% free 13876K/18567K, paused 23ms
06-20 11:14:52.283  1566  1568 D dalvikvm: GC_CONCURRENT freed 3K, 24% free 14175K/18567K, paused 2ms+7ms
06-20 11:14:52.369   152   613 I ActivityManager: START {act=android.intent.action.MAIN cat=[android.intent.category.LAUNCHER] flg=0x10200000 cmp=com.google.android.gm/.ConversationListActivityGmail} from pid 1566
06-20 11:14:52.455  2967  2967 D OpenGLRenderer: Flushing caches (mode 2)
06-20 11:14:52.458   152   164 I ActivityManager: START {act=android.intent.action.MAIN cat=[android.intent.category.LAUNCHER] flg=0x6000000 cmp=com.google.android.gm/.GmailActivity} from pid 2988
06-20 11:14:52.490  1566  1566 D OpenGLRenderer: Flushing caches (mode 1)
06-20 11:14:52.630  2967  2967 D OpenGLRenderer: Flushing caches (mode 0)
06-20 11:14:52.634  2967  2967 W ManagedEGLContext: doTerminate failed: EGL count is 2 but managed count is 1
06-20 11:14:52.650  1566  1566 D OpenGLRenderer: Flushing caches (mode 0)
06-20 11:14:52.650   152   164 I ActivityManager: Start proc com.google.android.gsf.login for service com.google.android.gsf.login/com.google.android.gsf.loginservice.GoogleLoginService: pid=3779 uid=10009 gids={3003, 1015, 1007, 2001, 3006}
06-20 11:14:52.923   152   201 I ActivityManager: Displayed com.google.android.gm/.GmailActivity: +449ms (total +495ms)
06-20 11:14:52.951   152   614 W InputManagerService: Starting input on non-focused client com.android.internal.view.IInputMethodClient$Stub$Proxy@414124d0 (uid=10027 pid=1566)
06-20 11:14:53.076  1566  1566 D OpenGLRenderer: Flushing caches (mode 1)
06-20 11:14:53.134  1566  2127 D dalvikvm: GC_FOR_ALLOC freed 3881K, 37% free 11790K/18567K, paused 35ms
06-20 11:14:53.224   713   716 D dalvikvm: GC_CONCURRENT freed 453K, 14% free 10639K/12231K, paused 7ms+3ms
06-20 11:14:53.716  2988  3794 I Gmail   : MainSyncRequestProto: lowestBkwdConvoId: 0, highestHandledServerOp: 2643809, normalSync: true
06-20 11:14:54.689   152   490 I ActivityManager: START {cmp=com.google.android.gm/.ComposeActivity (has extras)} from pid 2988
06-20 11:14:54.873  2988  2991 D dalvikvm: GC_CONCURRENT freed 470K, 5% free 11919K/12487K, paused 5ms+15ms
06-20 11:14:55.134   152   201 I ActivityManager: Displayed com.google.android.gm/.ComposeActivity: +412ms
06-20 11:14:55.142  2988  2988 D OpenGLRenderer: Flushing caches (mode 0)
06-20 11:14:55.513   390   392 D dalvikvm: GC_CONCURRENT freed 358K, 10% free 9883K/10951K, paused 9ms+3ms
06-20 11:14:55.693   390   392 D dalvikvm: GC_CONCURRENT freed 484K, 10% free 9881K/10951K, paused 3ms+3ms
06-20 11:14:55.994  3391  3404 I PhoneLab-: Service Running
06-20 11:14:56.126  3391  3404 I PhoneLab-LoggerService: app_38    1266  1     1744   1368  c00f181c 400107b4 S logcat
06-20 11:14:56.126  3391  3404 I PhoneLab-LoggerService: Logcat pid from database 1266
06-20 11:14:56.126  3391  3404 I PhoneLab-LoggerService: Logcat process found 1266
06-20 11:14:56.126  3391  3404 I PhoneLab-LoggerService: Checking Threshold
06-20 11:14:56.126  3391  3404 I PhoneLab-LoggerService: Starting to rename files
06-20 11:14:56.126  3391  3404 I PhoneLab-LoggerService: Files found .. 2
06-20 11:14:57.779    82   125 D AudioHardware: AudioHardware pcm playback is going to standby.
06-20 11:14:57.783    82   125 D AudioHardware: closePcmOut_l() mPcmOpenCnt: 1
06-20 11:14:58.517   152   154 D dalvikvm: GC_CONCURRENT freed 1019K, 18% free 13430K/16263K, paused 7ms+28ms
06-20 11:14:59.767  2988  2991 D dalvikvm: GC_CONCURRENT freed 1210K, 11% free 11595K/12935K, paused 3ms+13ms
06-20 11:14:59.884  2988  3794 D dalvikvm: GC_FOR_ALLOC freed 120K, 11% free 11611K/12935K, paused 29ms
06-20 11:15:00.033  1566  1566 D OpenGLRenderer: Flushing caches (mode 1)
06-20 11:15:00.345  2988  2991 D dalvikvm: GC_CONCURRENT freed 818K, 11% free 11533K/12935K, paused 3ms+7ms
06-20 11:15:00.767  2988  2991 D dalvikvm: GC_CONCURRENT freed 715K, 11% free 11538K/12935K, paused 7ms+4ms
06-20 11:15:00.947  2988  2991 D dalvikvm: GC_CONCURRENT freed 745K, 11% free 11525K/12935K, paused 2ms+3ms
06-20 11:15:01.111  2988  2991 D dalvikvm: GC_CONCURRENT freed 706K, 11% free 11534K/12935K, paused 2ms+8ms
06-20 11:15:01.306  2988  2991 D dalvikvm: GC_CONCURRENT freed 741K, 11% free 11552K/12935K, paused 2ms+6ms
06-20 11:15:01.423  2988  3794 D dalvikvm: GC_FOR_ALLOC freed 505K, 11% free 11574K/12935K, paused 29ms
06-20 11:15:01.611  2988  2991 D dalvikvm: GC_CONCURRENT freed 793K, 11% free 11513K/12935K, paused 3ms+3ms
06-20 11:15:01.927  2988  3794 D dalvikvm: GC_FOR_ALLOC freed 154K, 10% free 11659K/12935K, paused 28ms
06-20 11:15:01.927  2988  3794 I dalvikvm-heap: Grow heap (frag case) to 11.567MB for 111642-byte allocation
06-20 11:15:01.955  2988  3794 D dalvikvm: GC_FOR_ALLOC freed 54K, 11% free 11714K/13063K, paused 28ms
06-20 11:15:02.376  2988  2991 D dalvikvm: GC_CONCURRENT freed 939K, 12% free 11546K/13063K, paused 2ms+3ms
06-20 11:15:02.595  2967  2967 D OpenGLRenderer: Flushing caches (mode 2)
06-20 11:15:02.599  1566  1566 D OpenGLRenderer: Flushing caches (mode 2)
06-20 11:15:02.599  2967  2967 D OpenGLRenderer: Flushing caches (mode 0)
06-20 11:15:02.599  2967  2967 W ManagedEGLContext: doTerminate failed: EGL count is 2 but managed count is 1
06-20 11:15:02.611  1566  1566 D OpenGLRenderer: Flushing caches (mode 0)
06-20 11:15:02.697   452   455 D dalvikvm: GC_CONCURRENT freed 858K, 9% free 11110K/12103K, paused 2ms+3ms
06-20 11:15:02.919   452   455 D dalvikvm: GC_CONCURRENT freed 289K, 5% free 11517K/12103K, paused 2ms+5ms
06-20 11:15:03.501  2988  2991 D dalvikvm: GC_CONCURRENT freed 682K, 12% free 11584K/13063K, paused 4ms+11ms
06-20 11:15:04.162  1838  1838 D wpa_supplicant: WPS: Building WPS IE for Probe Request
06-20 11:15:04.162  1838  1838 D wpa_supplicant: WPS:  * Version (hardcoded 0x10)
06-20 11:15:04.162  1838  1838 D wpa_supplicant: WPS:  * Request Type
06-20 11:15:04.162  1838  1838 D wpa_supplicant: WPS:  * Config Methods (2388)
06-20 11:15:04.162  1838  1838 D wpa_supplicant: WPS:  * UUID-E
06-20 11:15:04.166  1838  1838 D wpa_supplicant: WPS:  * Primary Device Type
06-20 11:15:04.166  1838  1838 D wpa_supplicant: WPS:  * RF Bands (3)
06-20 11:15:04.166  1838  1838 D wpa_supplicant: WPS:  * Association State
06-20 11:15:04.166  1838  1838 D wpa_supplicant: WPS:  * Configuration Error (0)
06-20 11:15:04.166  1838  1838 D wpa_supplicant: WPS:  * Device Password ID (0)
06-20 11:15:04.166  1838  1838 D wpa_supplicant: WPS:  * Manufacturer
06-20 11:15:04.166  1838  1838 D wpa_supplicant: WPS:  * Model Name
06-20 11:15:04.166  1838  1838 D wpa_supplicant: WPS:  * Model Number
06-20 11:15:04.166  1838  1838 D wpa_supplicant: WPS:  * Device Name
06-20 11:15:04.166  1838  1838 D wpa_supplicant: WPS:  * Version2 (0x20)
06-20 11:15:04.166  1838  1838 D wpa_supplicant: wpa_driver_wext_combo_scan: Start
06-20 11:15:04.166  1838  1838 D wpa_supplicant: For Scan: (null)
06-20 11:15:04.216  1838  1838 D wpa_supplicant: Scan requested (ret=0) - scan timeout 30 seconds
06-20 11:15:04.333  2988  2991 D dalvikvm: GC_CONCURRENT freed 716K, 12% free 11609K/13063K, paused 2ms+4ms
06-20 11:15:04.697  2988  2991 D dalvikvm: GC_CONCURRENT freed 808K, 12% free 11538K/13063K, paused 2ms+4ms
06-20 11:15:04.697  1838  1838 D wpa_supplicant: RTM_NEWLINK: operstate=0 ifi_flags=0x11003 ([UP][LOWER_UP])
06-20 11:15:04.697  1838  1838 D wpa_supplicant: RTM_NEWLINK, IFLA_IFNAME: Interface 'wlan0' added
06-20 11:15:04.697  1838  1838 D wpa_supplicant: Wireless event: cmd=0x8b19 len=8
06-20 11:15:04.697  1838  1838 D wpa_supplicant: Received 0 bytes of scan results (0 BSSes)
06-20 11:15:05.509  2988  2991 D dalvikvm: GC_CONCURRENT freed 649K, 11% free 11631K/13063K, paused 2ms+5ms
06-20 11:15:06.318  2988  2991 D dalvikvm: GC_CONCURRENT freed 705K, 11% free 11670K/13063K, paused 2ms+5ms
06-20 11:15:07.005  2988  2991 D dalvikvm: GC_CONCURRENT freed 857K, 12% free 11577K/13063K, paused 2ms+4ms
06-20 11:15:07.537  2988  2991 D dalvikvm: GC_CONCURRENT freed 570K, 11% free 11740K/13063K, paused 2ms+3ms
06-20 11:15:08.404   452   463 I dalvikvm: Jit: resizing JitTable from 4096 to 8192
06-20 11:15:08.591  2988  2991 D dalvikvm: GC_CONCURRENT freed 940K, 12% free 11595K/13063K, paused 2ms+4ms
06-20 11:15:09.388  2988  2991 D dalvikvm: GC_CONCURRENT freed 757K, 12% free 11570K/13063K, paused 2ms+4ms
06-20 11:15:10.076  2988  3794 D dalvikvm: GC_EXPLICIT freed 554K, 12% free 11520K/13063K, paused 3ms+5ms
06-20 11:15:10.111  2988  3794 I Gmail   : MainSyncRequestProto: lowestBkwdConvoId: 0, highestHandledServerOp: 2643906, normalSync: true
06-20 11:15:13.283  2988  2991 D dalvikvm: GC_CONCURRENT freed 659K, 12% free 11570K/13063K, paused 9ms+4ms
06-20 11:15:14.197    82   125 D AudioHardware: AudioHardware pcm playback is exiting standby.
06-20 11:15:14.197    82   125 D AudioHardware: openPcmOut_l() mPcmOpenCnt: 0
06-20 11:15:14.705  2988  2991 D dalvikvm: GC_CONCURRENT freed 695K, 12% free 11599K/13063K, paused 5ms+22ms
06-20 11:15:15.568  2988  2991 D dalvikvm: GC_CONCURRENT freed 708K, 11% free 11635K/13063K, paused 5ms+11ms
06-20 11:15:16.111  2988  2991 D dalvikvm: GC_CONCURRENT freed 643K, 10% free 11785K/13063K, paused 2ms+5ms
06-20 11:15:16.974  2988  2991 D dalvikvm: GC_CONCURRENT freed 1000K, 12% free 11582K/13063K, paused 2ms+4ms
06-20 11:15:17.287    82   125 D AudioHardware: AudioHardware pcm playback is going to standby.
06-20 11:15:17.287    82   125 D AudioHardware: closePcmOut_l() mPcmOpenCnt: 1
06-20 11:15:17.615  2988  2991 D dalvikvm: GC_CONCURRENT freed 741K, 12% free 11582K/13063K, paused 3ms+4ms
06-20 11:15:18.357  2988  2991 D dalvikvm: GC_CONCURRENT freed 706K, 12% free 11620K/13063K, paused 3ms+4ms
06-20 11:15:18.841  2988  2991 D dalvikvm: GC_CONCURRENT freed 817K, 12% free 11543K/13063K, paused 3ms+4ms
06-20 11:15:19.478  2988  2991 D dalvikvm: GC_CONCURRENT freed 712K, 12% free 11546K/13063K, paused 2ms+4ms
06-20 11:15:19.705  1838  1838 D wpa_supplicant: WPS: Building WPS IE for Probe Request
06-20 11:15:19.705  1838  1838 D wpa_supplicant: WPS:  * Version (hardcoded 0x10)
06-20 11:15:19.705  1838  1838 D wpa_supplicant: WPS:  * Request Type
06-20 11:15:19.705  1838  1838 D wpa_supplicant: WPS:  * Config Methods (2388)
06-20 11:15:19.705  1838  1838 D wpa_supplicant: WPS:  * UUID-E
06-20 11:15:19.705  1838  1838 D wpa_supplicant: WPS:  * Primary Device Type
06-20 11:15:19.705  1838  1838 D wpa_supplicant: WPS:  * RF Bands (3)
06-20 11:15:19.705  1838  1838 D wpa_supplicant: WPS:  * Association State
06-20 11:15:19.705  1838  1838 D wpa_supplicant: WPS:  * Configuration Error (0)
06-20 11:15:19.705  1838  1838 D wpa_supplicant: WPS:  * Device Password ID (0)
06-20 11:15:19.705  1838  1838 D wpa_supplicant: WPS:  * Manufacturer
06-20 11:15:19.705  1838  1838 D wpa_supplicant: WPS:  * Model Name
06-20 11:15:19.705  1838  1838 D wpa_supplicant: WPS:  * Model Number
06-20 11:15:19.705  1838  1838 D wpa_supplicant: WPS:  * Device Name
06-20 11:15:19.705  1838  1838 D wpa_supplicant: WPS:  * Version2 (0x20)
06-20 11:15:19.705  1838  1838 D wpa_supplicant: wpa_driver_wext_combo_scan: Start
06-20 11:15:19.705  1838  1838 D wpa_supplicant: For Scan: (null)
06-20 11:15:19.755  1838  1838 D wpa_supplicant: Scan requested (ret=0) - scan timeout 30 seconds
06-20 11:15:20.236  1838  1838 D wpa_supplicant: RTM_NEWLINK: operstate=0 ifi_flags=0x11003 ([UP][LOWER_UP])
06-20 11:15:20.236  1838  1838 D wpa_supplicant: RTM_NEWLINK, IFLA_IFNAME: Interface 'wlan0' added
06-20 11:15:20.236  1838  1838 D wpa_supplicant: Wireless event: cmd=0x8b19 len=8
06-20 11:15:20.236  1838  1838 D wpa_supplicant: Received 0 bytes of scan results (0 BSSes)
06-20 11:15:20.384  2988  2991 D dalvikvm: GC_CONCURRENT freed 642K, 11% free 11635K/13063K, paused 3ms+4ms
06-20 11:15:22.275  2988  2991 D dalvikvm: GC_CONCURRENT freed 820K, 12% free 11568K/13063K, paused 2ms+5ms
06-20 11:15:23.220  2988  2991 D dalvikvm: GC_CONCURRENT freed 689K, 12% free 11610K/13063K, paused 5ms+10ms
06-20 11:15:24.021  2988  3794 D dalvikvm: GC_EXPLICIT freed 763K, 12% free 11550K/13063K, paused 12ms+4ms
06-20 11:15:24.041  2988  3794 I Gmail   : MainSyncRequestProto: lowestBkwdConvoId: 0, highestHandledServerOp: 2643906, normalSync: true
06-20 11:15:27.583  2988  2991 D dalvikvm: GC_CONCURRENT freed 709K, 12% free 11573K/13063K, paused 3ms+6ms
06-20 11:15:28.126  2988  2991 D dalvikvm: GC_CONCURRENT freed 692K, 12% free 11620K/13063K, paused 2ms+5ms
06-20 11:15:28.419   390   392 D dalvikvm: GC_CONCURRENT freed 555K, 12% free 9710K/10951K, paused 2ms+9ms
06-20 11:15:29.158  2988  2991 D dalvikvm: GC_CONCURRENT freed 785K, 12% free 11575K/13063K, paused 3ms+4ms
06-20 11:15:29.994  2988  2991 D dalvikvm: GC_CONCURRENT freed 735K, 12% free 11574K/13063K, paused 7ms+10ms
06-20 11:15:30.259  2988  2988 D OpenGLRenderer: Flushing caches (mode 0)
06-20 11:15:30.435  2988  2988 D webviewglue: nativeDestroy view: 0xb72ce0
06-20 11:15:30.583   452   452 D OpenGLRenderer: Flushing caches (mode 1)
06-20 11:15:30.892  2988  2991 D dalvikvm: GC_CONCURRENT freed 705K, 12% free 11596K/13063K, paused 2ms+5ms
06-20 11:15:31.576  2988  3213 I Gmail   : Sending notification intent: Intent { act=android.intent.action.PROVIDER_CHANGED dat=content://gmail-ls/unread/^iim (has extras) }
06-20 11:15:31.716  2988  3211 D dalvikvm: GC_EXPLICIT freed 437K, 12% free 11582K/13063K, paused 3ms+10ms
06-20 11:15:32.361  2988  2991 D dalvikvm: GC_CONCURRENT freed 718K, 12% free 11593K/13063K, paused 3ms+6ms
06-20 11:15:33.357  2988  2991 D dalvikvm: GC_CONCURRENT freed 1029K, 14% free 11342K/13063K, paused 2ms+5ms
06-20 11:15:34.560  2988  2991 D dalvikvm: GC_CONCURRENT freed 708K, 14% free 11287K/13063K, paused 9ms+5ms
06-20 11:15:35.240  1838  1838 D wpa_supplicant: WPS: Building WPS IE for Probe Request
06-20 11:15:35.240  1838  1838 D wpa_supplicant: WPS:  * Version (hardcoded 0x10)
06-20 11:15:35.240  1838  1838 D wpa_supplicant: WPS:  * Request Type
06-20 11:15:35.240  1838  1838 D wpa_supplicant: WPS:  * Config Methods (2388)
06-20 11:15:35.240  1838  1838 D wpa_supplicant: WPS:  * UUID-E
06-20 11:15:35.240  1838  1838 D wpa_supplicant: WPS:  * Primary Device Type
06-20 11:15:35.240  1838  1838 D wpa_supplicant: WPS:  * RF Bands (3)
06-20 11:15:35.240  1838  1838 D wpa_supplicant: WPS:  * Association State
06-20 11:15:35.240  1838  1838 D wpa_supplicant: WPS:  * Configuration Error (0)
06-20 11:15:35.240  1838  1838 D wpa_supplicant: WPS:  * Device Password ID (0)
06-20 11:15:35.240  1838  1838 D wpa_supplicant: WPS:  * Manufacturer
06-20 11:15:35.240  1838  1838 D wpa_supplicant: WPS:  * Model Name
06-20 11:15:35.240  1838  1838 D wpa_supplicant: WPS:  * Model Number
06-20 11:15:35.240  1838  1838 D wpa_supplicant: WPS:  * Device Name
06-20 11:15:35.240  1838  1838 D wpa_supplicant: WPS:  * Version2 (0x20)
06-20 11:15:35.244  1838  1838 D wpa_supplicant: wpa_driver_wext_combo_scan: Start
06-20 11:15:35.244  1838  1838 D wpa_supplicant: For Scan: (null)
06-20 11:15:35.298  1838  1838 D wpa_supplicant: Scan requested (ret=0) - scan timeout 30 seconds
06-20 11:15:35.775  1838  1838 D wpa_supplicant: RTM_NEWLINK: operstate=0 ifi_flags=0x11003 ([UP][LOWER_UP])
06-20 11:15:35.775  1838  1838 D wpa_supplicant: RTM_NEWLINK, IFLA_IFNAME: Interface 'wlan0' added
06-20 11:15:35.775  1838  1838 D wpa_supplicant: Wireless event: cmd=0x8b19 len=8
06-20 11:15:35.775  1838  1838 D wpa_supplicant: Received 0 bytes of scan results (0 BSSes)
06-20 11:15:36.501  2988  2991 D dalvikvm: GC_CONCURRENT freed 870K, 15% free 11113K/13063K, paused 3ms+4ms
06-20 11:15:37.119  2988  2991 D dalvikvm: GC_CONCURRENT freed 621K, 16% free 11079K/13063K, paused 3ms+4ms
06-20 11:15:37.748  2988  2991 D dalvikvm: GC_CONCURRENT freed 486K, 15% free 11169K/13063K, paused 4ms+4ms
06-20 11:15:37.888  2988  2991 D dalvikvm: GC_CONCURRENT freed 727K, 16% free 11101K/13063K, paused 2ms+3ms
06-20 11:15:38.021  2988  2991 D dalvikvm: GC_CONCURRENT freed 604K, 16% free 11067K/13063K, paused 2ms+3ms
06-20 11:15:38.201  2988  2991 D dalvikvm: GC_CONCURRENT freed 561K, 16% free 11067K/13063K, paused 3ms+3ms
06-20 11:15:39.021  2988  2991 D dalvikvm: GC_CONCURRENT freed 527K, 16% free 11096K/13063K, paused 2ms+4ms
06-20 11:15:40.130  2988  2991 D dalvikvm: GC_CONCURRENT freed 605K, 16% free 11060K/13063K, paused 4ms+9ms
06-20 11:15:40.177  2988  3200 I Gmail   : Sending notification intent: Intent { act=android.intent.action.PROVIDER_CHANGED dat=content://gmail-ls/unread/^iim (has extras) }
06-20 11:15:40.654  2988  2991 D dalvikvm: GC_CONCURRENT freed 426K, 14% free 11242K/13063K, paused 2ms+3ms
06-20 11:15:40.939  2988  3794 D dalvikvm: GC_EXPLICIT freed 534K, 16% free 11046K/13063K, paused 2ms+9ms
06-20 11:15:41.119  2988  3794 I Gmail   : MainSyncRequestProto: lowestBkwdConvoId: 0, highestHandledServerOp: 2643914, normalSync: true
06-20 11:15:41.228   152   587 D dalvikvm: GC_EXPLICIT freed 550K, 18% free 13358K/16263K, paused 3ms+5ms
06-20 11:15:44.330    82   125 D AudioHardware: AudioHardware pcm playback is exiting standby.
06-20 11:15:44.330    82   125 D AudioHardware: openPcmOut_l() mPcmOpenCnt: 0
06-20 11:15:44.650  2988  2991 D dalvikvm: GC_CONCURRENT freed 466K, 15% free 11128K/13063K, paused 3ms+5ms
06-20 11:15:45.587  2988  2991 D dalvikvm: GC_CONCURRENT freed 602K, 15% free 11139K/13063K, paused 2ms+5ms
06-20 11:15:46.455  2988  2991 D dalvikvm: GC_CONCURRENT freed 624K, 16% free 11096K/13063K, paused 3ms+5ms
06-20 11:15:47.173  2988  2991 D dalvikvm: GC_CONCURRENT freed 576K, 16% free 11087K/13063K, paused 2ms+4ms
06-20 11:15:47.552  2988  2991 D dalvikvm: GC_CONCURRENT freed 401K, 13% free 11374K/13063K, paused 3ms+3ms
06-20 11:15:47.654  2988  2991 D dalvikvm: GC_CONCURRENT freed 583K, 12% free 11571K/13063K, paused 2ms+4ms
06-20 11:15:47.751  2988  2988 D dalvikvm: JIT code cache reset in 4 ms (1048544 bytes 1/0)
06-20 11:15:47.755  2988  2988 D dalvikvm: GC_FOR_ALLOC freed 687K, 12% free 11553K/13063K, paused 47ms
06-20 11:15:47.833  2988  2988 D dalvikvm: GC_FOR_ALLOC freed 625K, 12% free 11560K/13063K, paused 42ms
06-20 11:15:47.912  2988  2988 D dalvikvm: GC_FOR_ALLOC freed 685K, 12% free 11543K/13063K, paused 41ms
06-20 11:15:48.615  2988  2991 D dalvikvm: GC_CONCURRENT freed 738K, 12% free 11547K/13063K, paused 3ms+4ms
06-20 11:15:49.572  2988  2991 D dalvikvm: GC_CONCURRENT freed 685K, 12% free 11579K/13063K, paused 2ms+4ms
06-20 11:15:49.962  2988  3491 I Gmail   : Sending notification intent: Intent { act=android.intent.action.PROVIDER_CHANGED dat=content://gmail-ls/unread/^i (has extras) }
06-20 11:15:50.044  2988  2991 D dalvikvm: GC_CONCURRENT freed 435K, 10% free 11885K/13063K, paused 2ms+4ms
06-20 11:15:50.224  2988  3491 I Gmail   : Sending notification intent: Intent { act=android.intent.action.PROVIDER_CHANGED dat=content://gmail-ls/unread/^iim (has extras) }
06-20 11:15:50.271  2988  3814 W Gmail   : Showing notification with unreadCount of 14 and unseenCount of 1
06-20 11:15:50.279    82   125 D AudioHardware: AudioHardware pcm playback is going to standby.
06-20 11:15:50.279    82   125 D AudioHardware: closePcmOut_l() mPcmOpenCnt: 1
06-20 11:15:50.783  1838  1838 D wpa_supplicant: WPS: Building WPS IE for Probe Request
06-20 11:15:50.783  1838  1838 D wpa_supplicant: WPS:  * Version (hardcoded 0x10)
06-20 11:15:50.783  1838  1838 D wpa_supplicant: WPS:  * Request Type
06-20 11:15:50.783  1838  1838 D wpa_supplicant: WPS:  * Config Methods (2388)
06-20 11:15:50.783  1838  1838 D wpa_supplicant: WPS:  * UUID-E
06-20 11:15:50.783  1838  1838 D wpa_supplicant: WPS:  * Primary Device Type
06-20 11:15:50.783  1838  1838 D wpa_supplicant: WPS:  * RF Bands (3)
06-20 11:15:50.783  1838  1838 D wpa_supplicant: WPS:  * Association State
06-20 11:15:50.783  1838  1838 D wpa_supplicant: WPS:  * Configuration Error (0)
06-20 11:15:50.783  1838  1838 D wpa_supplicant: WPS:  * Device Password ID (0)
06-20 11:15:50.783  1838  1838 D wpa_supplicant: WPS:  * Manufacturer
06-20 11:15:50.783  1838  1838 D wpa_supplicant: WPS:  * Model Name
06-20 11:15:50.783  1838  1838 D wpa_supplicant: WPS:  * Model Number
06-20 11:15:50.783  1838  1838 D wpa_supplicant: WPS:  * Device Name
06-20 11:15:50.783  1838  1838 D wpa_supplicant: WPS:  * Version2 (0x20)
06-20 11:15:50.783  1838  1838 D wpa_supplicant: wpa_driver_wext_combo_scan: Start
06-20 11:15:50.783  1838  1838 D wpa_supplicant: For Scan: (null)
06-20 11:15:50.783  2988  2991 D dalvikvm: GC_CONCURRENT freed 702K, 9% free 12012K/13063K, paused 4ms+5ms
06-20 11:15:50.837  1838  1838 D wpa_supplicant: Scan requested (ret=0) - scan timeout 30 seconds
06-20 11:15:50.998  2988  2988 D dalvikvm: GC_FOR_ALLOC freed 522K, 9% free 11998K/13063K, paused 48ms
06-20 11:15:50.998  2988  2988 I dalvikvm-heap: Grow heap (frag case) to 11.897MB for 111642-byte allocation
06-20 11:15:51.033  2988  2988 D dalvikvm: GC_FOR_ALLOC freed 193K, 10% free 11913K/13191K, paused 34ms
06-20 11:15:51.205   390   392 D dalvikvm: GC_CONCURRENT freed 368K, 11% free 9758K/10951K, paused 2ms+2ms
06-20 11:15:51.318  1838  1838 D wpa_supplicant: RTM_NEWLINK: operstate=0 ifi_flags=0x11003 ([UP][LOWER_UP])
06-20 11:15:51.318  1838  1838 D wpa_supplicant: RTM_NEWLINK, IFLA_IFNAME: Interface 'wlan0' added
06-20 11:15:51.318  1838  1838 D wpa_supplicant: Wireless event: cmd=0x8b19 len=8
06-20 11:15:51.318  1838  1838 D wpa_supplicant: Received 0 bytes of scan results (0 BSSes)
06-20 11:15:51.400  2988  2988 D dalvikvm: GC_FOR_ALLOC freed 378K, 8% free 12153K/13191K, paused 165ms
06-20 11:15:51.416   152  3816 I AudioService:  AudioFocus  requestAudioFocus() from android.media.AudioManager@4164ab28
06-20 11:15:51.447    82   125 D AudioHardware: AudioHardware pcm playback is exiting standby.
06-20 11:15:51.447    82   125 D AudioHardware: openPcmOut_l() mPcmOpenCnt: 0
06-20 11:15:51.583  2988  2988 D dalvikvm: GC_FOR_ALLOC freed 499K, 10% free 11990K/13319K, paused 163ms
06-20 11:15:51.591   390   392 D dalvikvm: GC_CONCURRENT freed 306K, 10% free 9866K/10951K, paused 2ms+10ms
06-20 11:15:52.072  2988  2991 D dalvikvm: GC_CONCURRENT freed 838K, 10% free 12062K/13319K, paused 6ms+6ms
06-20 11:15:53.330   152  3816 I AudioService:  AudioFocus  abandonAudioFocus() from android.media.AudioManager@4164ab28
06-20 11:15:53.388  2988  2991 D dalvikvm: GC_CONCURRENT freed 828K, 9% free 12128K/13319K, paused 2ms+7ms
06-20 11:15:54.712  2988  2991 D dalvikvm: GC_CONCURRENT freed 976K, 10% free 12073K/13319K, paused 6ms+7ms
06-20 11:15:55.849  2988  2991 D dalvikvm: GC_CONCURRENT freed 978K, 10% free 12006K/13319K, paused 3ms+8ms
06-20 11:15:56.419    82   125 D AudioHardware: AudioHardware pcm playback is going to standby.
06-20 11:15:56.419    82   125 D AudioHardware: closePcmOut_l() mPcmOpenCnt: 1
06-20 11:15:57.779  2988  2991 D dalvikvm: GC_CONCURRENT freed 692K, 9% free 12184K/13319K, paused 3ms+6ms
06-20 11:15:58.779  2988  2991 D dalvikvm: GC_CONCURRENT freed 1124K, 10% free 12007K/13319K, paused 5ms+6ms
06-20 11:15:59.138  2988  3794 D dalvikvm: GC_FOR_ALLOC freed 262K, 10% free 12033K/13319K, paused 34ms
06-20 11:15:59.138  2988  3794 I dalvikvm-heap: Grow heap (frag case) to 11.976MB for 157820-byte allocation
06-20 11:15:59.208  2988  3794 D dalvikvm: GC_FOR_ALLOC freed 45K, 11% free 12142K/13511K, paused 32ms
06-20 11:15:59.283  2988  3794 D dalvikvm: GC_FOR_ALLOC freed 192K, 10% free 12229K/13511K, paused 42ms
06-20 11:16:00.271  2988  2991 D dalvikvm: GC_CONCURRENT freed 1026K, 11% free 12152K/13511K, paused 2ms+6ms
06-20 11:16:00.689  2988  3794 D dalvikvm: GC_FOR_ALLOC freed 859K, 12% free 12005K/13511K, paused 50ms
06-20 11:16:00.744  2988  3794 D dalvikvm: GC_FOR_ALLOC freed 120K, 11% free 12119K/13511K, paused 30ms
06-20 11:16:01.337  2988  3794 D dalvikvm: GC_FOR_ALLOC freed 891K, 11% free 12054K/13511K, paused 36ms
06-20 11:16:01.888  2988  2991 D dalvikvm: GC_CONCURRENT freed 703K, 10% free 12252K/13511K, paused 2ms+5ms
06-20 11:16:02.458  2988  2991 D dalvikvm: GC_CONCURRENT freed 971K, 10% free 12244K/13511K, paused 2ms+6ms
06-20 11:16:03.224  2988  2991 D dalvikvm: GC_CONCURRENT freed 880K, 9% free 12316K/13511K, paused 2ms+5ms
06-20 11:16:03.423  2988  3794 D dalvikvm: GC_EXPLICIT freed 554K, 12% free 11937K/13511K, paused 4ms+14ms
06-20 11:16:03.751  2988  3794 I Gmail   : MainSyncRequestProto: lowestBkwdConvoId: 0, highestHandledServerOp: 2643927, normalSync: true
06-20 11:16:03.763   152   152 D dalvikvm: GC_EXPLICIT freed 379K, 18% free 13405K/16263K, paused 3ms+5ms
06-20 11:16:03.923  2988  3794 W Gmail   : Scheduling index for 300000 ms from now
06-20 11:16:03.931  2988  3811 I Gmail   : getStartSyncRequest: handledServerOpId: 2643927, upperFetchedConvoId: 1405306714955186176, lowerFetchedConvoId: 0, ackedClientOp: 54
06-20 11:16:04.162  2988  3794 I Gmail   : Sending notification intent: Intent { act=android.intent.action.PROVIDER_CHANGED dat=content://gmail-ls/unread/^i (has extras) }
06-20 11:16:04.193  2988  3821 W Gmail   : Showing notification with unreadCount of 14 and unseenCount of 3
06-20 11:16:04.318   390   392 D dalvikvm: GC_CONCURRENT freed 244K, 9% free 10024K/10951K, paused 2ms+7ms
06-20 11:16:04.404  2988  2991 D dalvikvm: GC_CONCURRENT freed 417K, 9% free 12384K/13511K, paused 3ms+12ms
06-20 11:16:04.966  2988  2991 D dalvikvm: GC_CONCURRENT freed 1488K, 12% free 12074K/13639K, paused 3ms+9ms
06-20 11:16:05.267  2988  2991 D dalvikvm: GC_CONCURRENT freed 1055K, 12% free 12038K/13639K, paused 3ms+6ms
06-20 11:16:05.568  2988  2991 D dalvikvm: GC_CONCURRENT freed 880K, 11% free 12145K/13639K, paused 2ms+6ms
06-20 11:16:05.857  2988  2991 D dalvikvm: GC_CONCURRENT freed 964K, 11% free 12223K/13639K, paused 2ms+8ms
06-20 11:16:06.220  2988  3811 I Gmail   : checkLabelsSets changed the label sets to: included([^^out, ^r]), partial([^i, ^f, ^iim]), all([userlabel:100023093, userlabel:97716, userlabel:1940515987, userlabel:-1431539954, userlabel:109776329, userlabel:98323, userlabel:-995364504, userlabel:2914456, ^io_im, userlabel:-65150307, userlabel:3554063, userlabel:937207075, userlabel:-352013224, userlabel:94101, userlabel:1987365622, userlabel:93982, userlabel:112903375, userlabel:3169049, userlabel:1064538598, userlabel:-903566220, userlabel:-1492276990, userlabel:-1492276991, userlabel:726267298, userlabel:-1492276992, userlabel:46145881, userlabel:3619905, userlabel:-456110118, ^imi, userlabel:114869750, userlabel:98235639, ^iim, userlabel:-444334895, ^all, userlabel:2896756, ^imn, userlabel:-1492276993, userlabel:-1492276994, userlabel:546997401, userlabel:3480, userlabel:-1435862505, userlabel:1266154575, userlabel:1943966589, ^i, userlabel:-1549068606, ^g, ^f, userlabel:-1508083783, ^k, userlabel:3512742, userlabel:-995205389, userlabel:93692, userlabel:-1280096929, ^b, userlabel:107142, userlabel:-1414779652, userlabel:3026, userlabel:470072541, userlabel:3025, userlabel:-197423724, userlabel:105008833, ^t, ^u, userlabel:843908213, userlabel:-1023621503, ^r, userlabel:-1492383895, userlabel:1895331871, ^s])
06-20 11:16:06.298  2988  2991 D dalvikvm: GC_CONCURRENT freed 1094K, 11% free 12156K/13639K, paused 2ms+7ms
06-20 11:16:06.322  1838  1838 D wpa_supplicant: WPS: Building WPS IE for Probe Request
06-20 11:16:06.322  1838  1838 D wpa_supplicant: WPS:  * Version (hardcoded 0x10)
06-20 11:16:06.322  1838  1838 D wpa_supplicant: WPS:  * Request Type
06-20 11:16:06.322  1838  1838 D wpa_supplicant: WPS:  * Config Methods (2388)
06-20 11:16:06.322  1838  1838 D wpa_supplicant: WPS:  * UUID-E
06-20 11:16:06.322  1838  1838 D wpa_supplicant: WPS:  * Primary Device Type
06-20 11:16:06.322  1838  1838 D wpa_supplicant: WPS:  * RF Bands (3)
06-20 11:16:06.322  1838  1838 D wpa_supplicant: WPS:  * Association State
06-20 11:16:06.322  1838  1838 D wpa_supplicant: WPS:  * Configuration Error (0)
06-20 11:16:06.322  1838  1838 D wpa_supplicant: WPS:  * Device Password ID (0)
06-20 11:16:06.322  1838  1838 D wpa_supplicant: WPS:  * Manufacturer
06-20 11:16:06.322  1838  1838 D wpa_supplicant: WPS:  * Model Name
06-20 11:16:06.322  1838  1838 D wpa_supplicant: WPS:  * Model Number
06-20 11:16:06.322  1838  1838 D wpa_supplicant: WPS:  * Device Name
06-20 11:16:06.322  1838  1838 D wpa_supplicant: WPS:  * Version2 (0x20)
06-20 11:16:06.322  1838  1838 D wpa_supplicant: wpa_driver_wext_combo_scan: Start
06-20 11:16:06.322  1838  1838 D wpa_supplicant: For Scan: (null)
06-20 11:16:06.353  2988  3811 D dalvikvm: GC_EXPLICIT freed 242K, 13% free 11914K/13639K, paused 3ms+5ms
06-20 11:16:06.373  1838  1838 D wpa_supplicant: Scan requested (ret=0) - scan timeout 30 seconds
06-20 11:16:06.853  1838  1838 D wpa_supplicant: RTM_NEWLINK: operstate=0 ifi_flags=0x11003 ([UP][LOWER_UP])
06-20 11:16:06.853  1838  1838 D wpa_supplicant: RTM_NEWLINK, IFLA_IFNAME: Interface 'wlan0' added
06-20 11:16:06.853  1838  1838 D wpa_supplicant: Wireless event: cmd=0x8b19 len=8
06-20 11:16:06.853  1838  1838 D wpa_supplicant: Received 644 bytes of scan results (2 BSSes)
06-20 11:16:06.873  2988  3811 I Gmail   : MainSyncRequestProto: lowestBkwdConvoId: 0, highestHandledServerOp: 2643927, normalSync: true
06-20 11:16:07.291  3457  3827 I DownloadManager: Initiating request for download 9
06-20 11:16:07.810  2988  2991 D dalvikvm: GC_CONCURRENT freed 364K, 9% free 12421K/13639K, paused 2ms+12ms
06-20 11:16:08.123  2988  3811 D dalvikvm: GC_EXPLICIT freed 1017K, 13% free 11908K/13639K, paused 3ms+6ms
06-20 11:16:08.353  2988  3811 I Gmail   : MainSyncRequestProto: lowestBkwdConvoId: 0, highestHandledServerOp: 2643980, normalSync: true
06-20 11:16:08.498  2988  3811 D dalvikvm: GC_EXPLICIT freed 137K, 12% free 12053K/13639K, paused 3ms+6ms
06-20 11:16:08.501  2988  3811 W Gmail   : Scheduling index for 300000 ms from now
06-20 11:16:09.162  3457  3459 D dalvikvm: GC_CONCURRENT freed 414K, 6% free 9315K/9863K, paused 6ms+3ms
06-20 11:16:09.373  2988  2991 D dalvikvm: GC_CONCURRENT freed 410K, 8% free 12578K/13639K, paused 2ms+5ms
06-20 11:16:09.673  2988  2988 D webviewglue: nativeDestroy view: 0x1265f50
06-20 11:16:09.689  2988  2988 D webviewglue: nativeDestroy view: 0x12cb580
06-20 11:16:09.705  2988  2988 D webviewglue: nativeDestroy view: 0x13080e0
06-20 11:16:10.232  2890  2902 D dalvikvm: GC_FOR_ALLOC freed 326K, 11% free 9775K/10951K, paused 37ms
06-20 11:16:13.013   152   198 I power   : *** set_screen_state 0
06-20 11:16:13.060    79   119 D SurfaceFlinger: About to give-up screen, flinger = 0x4ce918
06-20 11:16:13.107   488   567 D NfcService: NFC-C OFF, disconnect
06-20 11:16:13.326   152   154 D dalvikvm: GC_CONCURRENT freed 417K, 14% free 14021K/16263K, paused 11ms+6ms
06-20 11:16:13.357   152   202 V TransportControlView: Create TCV com.android.internal.widget.TransportControlView@4141bb68
06-20 11:16:13.376   713   716 D dalvikvm: GC_CONCURRENT freed 423K, 13% free 10650K/12231K, paused 14ms+118ms
06-20 11:16:13.427   390   390 D PhoneStatusBar: disable: < expand icons alerts ticker system_info back home RECENT* clock >
06-20 11:16:13.451    82   125 D AudioHardware: AudioHardware pcm playback is exiting standby.
06-20 11:16:13.451    82   125 D AudioHardware: openPcmOut_l() mPcmOpenCnt: 0
06-20 11:16:13.470   390   390 D PhoneStatusBar: disable: < expand icons alerts ticker system_info BACK* HOME* RECENT CLOCK* >
06-20 11:16:13.568  2988  2991 D dalvikvm: GC_CONCURRENT freed 1711K, 14% free 11982K/13831K, paused 10ms+9ms
06-20 11:16:13.603  3779  3782 D dalvikvm: GC_CONCURRENT freed 302K, 5% free 9174K/9607K, paused 15ms+5ms
06-20 11:16:13.650  3457  3834 I DownloadManager: deleting /data/data/com.android.providers.downloads/cache/downloadfile.jpeg
06-20 11:16:13.779   152   152 D dalvikvm: GC_EXPLICIT freed 84K, 13% free 14276K/16263K, paused 3ms+4ms
06-20 11:16:14.072  3457  3841 I DownloadManager: Initiating request for download 10
06-20 11:16:15.169  3457  3459 D dalvikvm: GC_CONCURRENT freed 401K, 6% free 9342K/9863K, paused 1ms+3ms
06-20 11:16:16.072  3457  3846 I DownloadManager: deleting /data/data/com.android.providers.downloads/cache/downloadfile.jpeg
06-20 11:16:16.201  2890  2902 D dalvikvm: GC_FOR_ALLOC freed 329K, 12% free 9746K/10951K, paused 37ms
06-20 11:16:16.244  3457  3848 I DownloadManager: Initiating request for download 11
06-20 11:16:16.611    82   125 D AudioHardware: AudioHardware pcm playback is going to standby.
06-20 11:16:16.611    82   125 D AudioHardware: closePcmOut_l() mPcmOpenCnt: 1
06-20 11:16:17.435  3457  3459 D dalvikvm: GC_CONCURRENT freed 393K, 6% free 9367K/9863K, paused 2ms+2ms
06-20 11:16:18.111  2890  2902 D dalvikvm: GC_FOR_ALLOC freed 217K, 12% free 9737K/10951K, paused 34ms
06-20 11:16:18.955  3457  3852 I DownloadManager: deleting /data/data/com.android.providers.downloads/cache/downloadfile.jpeg
06-20 11:16:18.994  3457  3457 D dalvikvm: GC_EXPLICIT freed 247K, 6% free 9292K/9863K, paused 7ms+5ms
06-20 11:16:19.001  3457  3853 I DownloadManager: Initiating request for download 12
06-20 11:16:19.958  2890  2902 D dalvikvm: GC_FOR_ALLOC freed 246K, 12% free 9735K/10951K, paused 18ms
06-20 11:16:20.896  3457  3858 I DownloadManager: deleting /data/data/com.android.providers.downloads/cache/downloadfile.jpeg
06-20 11:16:20.919  3457  3859 I DownloadManager: Initiating request for download 13
06-20 11:16:21.001  3457  3459 D dalvikvm: GC_CONCURRENT freed 393K, 6% free 9336K/9863K, paused 8ms+3ms
06-20 11:16:21.451  2890  2902 D dalvikvm: GC_FOR_ALLOC freed 216K, 12% free 9737K/10951K, paused 18ms
06-20 11:16:21.861  1838  1838 D wpa_supplicant: WPS: Building WPS IE for Probe Request
06-20 11:16:21.861  1838  1838 D wpa_supplicant: WPS:  * Version (hardcoded 0x10)
06-20 11:16:21.861  1838  1838 D wpa_supplicant: WPS:  * Request Type
06-20 11:16:21.861  1838  1838 D wpa_supplicant: WPS:  * Config Methods (2388)
06-20 11:16:21.861  1838  1838 D wpa_supplicant: WPS:  * UUID-E
06-20 11:16:21.861  1838  1838 D wpa_supplicant: WPS:  * Primary Device Type
06-20 11:16:21.861  1838  1838 D wpa_supplicant: WPS:  * RF Bands (3)
06-20 11:16:21.861  1838  1838 D wpa_supplicant: WPS:  * Association State
06-20 11:16:21.861  1838  1838 D wpa_supplicant: WPS:  * Configuration Error (0)
06-20 11:16:21.861  1838  1838 D wpa_supplicant: WPS:  * Device Password ID (0)
06-20 11:16:21.861  1838  1838 D wpa_supplicant: WPS:  * Manufacturer
06-20 11:16:21.861  1838  1838 D wpa_supplicant: WPS:  * Model Name
06-20 11:16:21.861  1838  1838 D wpa_supplicant: WPS:  * Model Number
06-20 11:16:21.861  1838  1838 D wpa_supplicant: WPS:  * Device Name
06-20 11:16:21.861  1838  1838 D wpa_supplicant: WPS:  * Version2 (0x20)
06-20 11:16:21.861  1838  1838 D wpa_supplicant: wpa_driver_wext_combo_scan: Start
06-20 11:16:21.861  1838  1838 D wpa_supplicant: For Scan: (null)
06-20 11:16:21.916  1838  1838 D wpa_supplicant: Scan requested (ret=0) - scan timeout 30 seconds
06-20 11:16:22.392  1838  1838 D wpa_supplicant: RTM_NEWLINK: operstate=0 ifi_flags=0x11003 ([UP][LOWER_UP])
06-20 11:16:22.392  1838  1838 D wpa_supplicant: RTM_NEWLINK, IFLA_IFNAME: Interface 'wlan0' added
06-20 11:16:22.392  1838  1838 D wpa_supplicant: Wireless event: cmd=0x8b19 len=8
06-20 11:16:22.392  1838  1838 D wpa_supplicant: Received 0 bytes of scan results (0 BSSes)
06-20 11:16:22.740   713   716 D dalvikvm: GC_CONCURRENT freed 433K, 13% free 10670K/12231K, paused 19ms+4ms
06-20 11:16:22.861  3457  3866 I DownloadManager: deleting /data/data/com.android.providers.downloads/cache/downloadfile.jpeg
06-20 11:16:23.029  3457  3459 D dalvikvm: GC_CONCURRENT freed 398K, 6% free 9334K/9863K, paused 2ms+3ms
06-20 11:16:23.044  3457  3868 I DownloadManager: Initiating request for download 14
06-20 11:16:28.998   152   375 D dalvikvm: GC_EXPLICIT freed 436K, 13% free 14303K/16263K, paused 3ms+5ms
06-20 11:16:29.212  3457  3874 I DownloadManager: deleting /data/data/com.android.providers.downloads/cache/downloadfile.jpeg
06-20 11:16:29.251  3457  3459 D dalvikvm: GC_CONCURRENT freed 388K, 6% free 9348K/9863K, paused 3ms+3ms
06-20 11:16:29.251  3457  3875 I DownloadManager: Initiating request for download 15
06-20 11:16:30.326  2890  3320 D dalvikvm: GC_FOR_ALLOC freed 252K, 11% free 9749K/10951K, paused 21ms
06-20 11:16:33.572  3457  3882 I DownloadManager: deleting /data/data/com.android.providers.downloads/cache/downloadfile.jpeg
06-20 11:16:33.587  3457  3883 I DownloadManager: Initiating request for download 16
06-20 11:16:34.818  3457  3459 D dalvikvm: GC_CONCURRENT freed 478K, 7% free 9316K/9927K, paused 13ms+2ms
06-20 11:16:36.333  3457  3890 I DownloadManager: deleting /data/data/com.android.providers.downloads/cache/downloadfile.jpeg
06-20 11:16:36.474  3457  3892 I DownloadManager: Initiating request for download 17
06-20 11:16:36.509  3457  3459 D dalvikvm: GC_CONCURRENT freed 400K, 7% free 9312K/9927K, paused 3ms+8ms
06-20 11:16:37.349  2890  3488 D dalvikvm: GC_FOR_ALLOC freed 265K, 12% free 9741K/10951K, paused 30ms
06-20 11:16:37.396  1838  1838 D wpa_supplicant: WPS: Building WPS IE for Probe Request
06-20 11:16:37.396  1838  1838 D wpa_supplicant: WPS:  * Version (hardcoded 0x10)
06-20 11:16:37.396  1838  1838 D wpa_supplicant: WPS:  * Request Type
06-20 11:16:37.396  1838  1838 D wpa_supplicant: WPS:  * Config Methods (2388)
06-20 11:16:37.396  1838  1838 D wpa_supplicant: WPS:  * UUID-E
06-20 11:16:37.396  1838  1838 D wpa_supplicant: WPS:  * Primary Device Type
06-20 11:16:37.396  1838  1838 D wpa_supplicant: WPS:  * RF Bands (3)
06-20 11:16:37.396  1838  1838 D wpa_supplicant: WPS:  * Association State
06-20 11:16:37.396  1838  1838 D wpa_supplicant: WPS:  * Configuration Error (0)
06-20 11:16:37.396  1838  1838 D wpa_supplicant: WPS:  * Device Password ID (0)
06-20 11:16:37.396  1838  1838 D wpa_supplicant: WPS:  * Manufacturer
06-20 11:16:37.396  1838  1838 D wpa_supplicant: WPS:  * Model Name
06-20 11:16:37.396  1838  1838 D wpa_supplicant: WPS:  * Model Number
06-20 11:16:37.396  1838  1838 D wpa_supplicant: WPS:  * Device Name
06-20 11:16:37.396  1838  1838 D wpa_supplicant: WPS:  * Version2 (0x20)
06-20 11:16:37.396  1838  1838 D wpa_supplicant: wpa_driver_wext_combo_scan: Start
06-20 11:16:37.396  1838  1838 D wpa_supplicant: For Scan: (null)
06-20 11:16:37.451  1838  1838 D wpa_supplicant: Scan requested (ret=0) - scan timeout 30 seconds
06-20 11:16:37.927  1838  1838 D wpa_supplicant: RTM_NEWLINK: operstate=0 ifi_flags=0x11003 ([UP][LOWER_UP])
06-20 11:16:37.927  1838  1838 D wpa_supplicant: RTM_NEWLINK, IFLA_IFNAME: Interface 'wlan0' added
06-20 11:16:37.927  1838  1838 D wpa_supplicant: Wireless event: cmd=0x8b19 len=8
06-20 11:16:37.935  1838  1838 D wpa_supplicant: Received 159 bytes of scan results (1 BSSes)
06-20 11:16:39.810  2890  3488 D dalvikvm: GC_FOR_ALLOC freed 232K, 12% free 9736K/10951K, paused 35ms
06-20 11:16:43.095  3457  3899 I DownloadManager: deleting /data/data/com.android.providers.downloads/cache/downloadfile.jpeg
06-20 11:16:43.119  3457  3900 I DownloadManager: Initiating request for download 18
06-20 11:16:43.126  3457  3459 D dalvikvm: GC_CONCURRENT freed 382K, 7% free 9318K/9927K, paused 2ms+2ms
06-20 11:16:45.708  3457  3905 I DownloadManager: deleting /data/data/com.android.providers.downloads/cache/downloadfile.jpeg
06-20 11:16:45.744  3457  3459 D dalvikvm: GC_CONCURRENT freed 374K, 6% free 9333K/9927K, paused 2ms+3ms
06-20 11:16:45.845  2890  3489 D dalvikvm: GC_FOR_ALLOC freed 209K, 12% free 9737K/10951K, paused 27ms
06-20 11:16:45.939  3457  3907 I DownloadManager: Initiating request for download 19
06-20 11:16:45.986   152   587 D dalvikvm: GC_EXPLICIT freed 413K, 12% free 14327K/16263K, paused 3ms+6ms
06-20 11:16:46.806   713   716 D dalvikvm: GC_CONCURRENT freed 453K, 14% free 10638K/12231K, paused 18ms+3ms
06-20 11:16:49.740  3457  3459 D dalvikvm: GC_CONCURRENT freed 386K, 6% free 9342K/9927K, paused 1ms+4ms
06-20 11:16:49.802  3457  3913 I DownloadManager: deleting /data/data/com.android.providers.downloads/cache/downloadfile.jpeg
06-20 11:16:49.810  3457  3914 I DownloadManager: Initiating request for download 20
06-20 11:16:51.287  2890  3489 D dalvikvm: GC_FOR_ALLOC freed 220K, 12% free 9737K/10951K, paused 19ms
06-20 11:16:52.177  3457  3459 D dalvikvm: GC_CONCURRENT freed 434K, 7% free 9301K/9927K, paused 2ms+5ms
06-20 11:16:52.236  3457  3919 I DownloadManager: deleting /data/data/com.android.providers.downloads/cache/downloadfile.jpeg
06-20 11:16:52.365  3457  3921 I DownloadManager: Initiating request for download 21
06-20 11:16:52.939  1838  1838 D wpa_supplicant: WPS: Building WPS IE for Probe Request
06-20 11:16:52.939  1838  1838 D wpa_supplicant: WPS:  * Version (hardcoded 0x10)
06-20 11:16:52.939  1838  1838 D wpa_supplicant: WPS:  * Request Type
06-20 11:16:52.939  1838  1838 D wpa_supplicant: WPS:  * Config Methods (2388)
06-20 11:16:52.939  1838  1838 D wpa_supplicant: WPS:  * UUID-E
06-20 11:16:52.939  1838  1838 D wpa_supplicant: WPS:  * Primary Device Type
06-20 11:16:52.939  1838  1838 D wpa_supplicant: WPS:  * RF Bands (3)
06-20 11:16:52.939  1838  1838 D wpa_supplicant: WPS:  * Association State
06-20 11:16:52.939  1838  1838 D wpa_supplicant: WPS:  * Configuration Error (0)
06-20 11:16:52.939  1838  1838 D wpa_supplicant: WPS:  * Device Password ID (0)
06-20 11:16:52.939  1838  1838 D wpa_supplicant: WPS:  * Manufacturer
06-20 11:16:52.939  1838  1838 D wpa_supplicant: WPS:  * Model Name
06-20 11:16:52.939  1838  1838 D wpa_supplicant: WPS:  * Model Number
06-20 11:16:52.939  1838  1838 D wpa_supplicant: WPS:  * Device Name
06-20 11:16:52.939  1838  1838 D wpa_supplicant: WPS:  * Version2 (0x20)
06-20 11:16:52.939  1838  1838 D wpa_supplicant: wpa_driver_wext_combo_scan: Start
06-20 11:16:52.939  1838  1838 D wpa_supplicant: For Scan: (null)
06-20 11:16:52.998  1838  1838 D wpa_supplicant: Scan requested (ret=0) - scan timeout 30 seconds
06-20 11:16:53.478  1838  1838 D wpa_supplicant: RTM_NEWLINK: operstate=0 ifi_flags=0x11003 ([UP][LOWER_UP])
06-20 11:16:53.478  1838  1838 D wpa_supplicant: RTM_NEWLINK, IFLA_IFNAME: Interface 'wlan0' added
06-20 11:16:53.478  1838  1838 D wpa_supplicant: Wireless event: cmd=0x8b19 len=8
06-20 11:16:53.478  1838  1838 D wpa_supplicant: Received 0 bytes of scan results (0 BSSes)
06-20 11:16:55.123  2890  3320 D dalvikvm: GC_FOR_ALLOC freed 312K, 12% free 9745K/10951K, paused 35ms
06-20 11:16:55.970  3391  3404 I PhoneLab-: Service Running
06-20 11:16:56.009  3391  3404 I PhoneLab-LoggerService: app_38    1266  1     1744   1368  c00f181c 400107b4 S logcat
06-20 11:16:56.009  3391  3404 I PhoneLab-LoggerService: Logcat pid from database 1266
06-20 11:16:56.009  3391  3404 I PhoneLab-LoggerService: Logcat process found 1266
06-20 11:16:56.009  3391  3404 I PhoneLab-LoggerService: Checking Threshold
06-20 11:16:56.009  3391  3404 I PhoneLab-LoggerService: Starting to rename files
06-20 11:16:56.009  3391  3404 I PhoneLab-LoggerService: Files found .. 2
06-20 11:16:56.181  3457  3459 D dalvikvm: GC_CONCURRENT freed 375K, 7% free 9315K/9927K, paused 2ms+3ms
06-20 11:16:56.345  3457  3929 I DownloadManager: Initiating request for download 22
06-20 11:16:56.392  3457  3928 D dalvikvm: GC_EXPLICIT freed 130K, 7% free 9267K/9927K, paused 3ms+6ms
06-20 11:16:56.404  3457  3928 I DownloadManager: deleting /data/data/com.android.providers.downloads/cache/downloadfile.jpeg
06-20 11:16:59.599   152   202 I power   : *** set_screen_state 1
06-20 11:16:59.689   152   202 I WindowManager: Lock screen displayed!
06-20 11:16:59.794    79   119 D SurfaceFlinger: Screen about to return, flinger = 0x4ce918
06-20 11:16:59.884  1838  1838 D wpa_supplicant: wpa_driver_wext_driver_cmd SETSUSPENDOPT 0 len = 4096
06-20 11:16:59.884  1838  1838 D wpa_supplicant: wpa_driver_wext_driver_cmd SETSUSPENDOPT 0 len = 0, 15
06-20 11:16:59.884  1838  1838 D wpa_supplicant: wpa_driver_wext_driver_cmd POWERMODE 0 len = 4096
06-20 11:16:59.884  1838  1838 D wpa_supplicant: wpa_driver_wext_driver_cmd OK len = 0, 2
06-20 11:16:59.962  2988  2991 D dalvikvm: GC_CONCURRENT freed 1267K, 17% free 11576K/13831K, paused 19ms+5ms
06-20 11:17:03.369  2890  2901 D dalvikvm: GC_FOR_ALLOC freed 223K, 12% free 9736K/10951K, paused 47ms
06-20 11:17:04.259  3457  3934 I DownloadManager: deleting /data/data/com.android.providers.downloads/cache/downloadfile.jpeg
06-20 11:17:04.556   152   585 D dalvikvm: GC_EXPLICIT freed 781K, 12% free 14372K/16263K, paused 3ms+8ms
06-20 11:17:04.603  3457  3937 I DownloadManager: Initiating request for download 23
06-20 11:17:04.626  3457  3459 D dalvikvm: GC_CONCURRENT freed 329K, 6% free 9334K/9927K, paused 2ms+3ms
06-20 11:17:04.951   152   198 I power   : *** set_screen_state 0
06-20 11:17:05.013    79   119 D SurfaceFlinger: About to give-up screen, flinger = 0x4ce918
06-20 11:17:05.056   152   202 V TransportControlView: Create TCV com.android.internal.widget.TransportControlView@41604d48
06-20 11:17:05.134   713   716 D dalvikvm: GC_CONCURRENT freed 405K, 13% free 10652K/12231K, paused 2ms+3ms
06-20 11:17:05.162  2890  2901 D dalvikvm: GC_FOR_ALLOC freed 207K, 12% free 9739K/10951K, paused 18ms
06-20 11:17:07.298  3457  3942 I DownloadManager: deleting /data/data/com.android.providers.downloads/cache/downloadfile.jpeg
06-20 11:17:07.322  3457  3943 I DownloadManager: Initiating request for download 24
06-20 11:17:07.345  3457  3459 D dalvikvm: GC_CONCURRENT freed 426K, 7% free 9302K/9927K, paused 2ms+6ms
06-20 11:17:07.728  2890  2901 D dalvikvm: GC_FOR_ALLOC freed 229K, 12% free 9737K/10951K, paused 17ms
06-20 11:17:08.486  1838  1838 D wpa_supplicant: WPS: Building WPS IE for Probe Request
06-20 11:17:08.486  1838  1838 D wpa_supplicant: WPS:  * Version (hardcoded 0x10)
06-20 11:17:08.486  1838  1838 D wpa_supplicant: WPS:  * Request Type
06-20 11:17:08.486  1838  1838 D wpa_supplicant: WPS:  * Config Methods (2388)
06-20 11:17:08.486  1838  1838 D wpa_supplicant: WPS:  * UUID-E
06-20 11:17:08.486  1838  1838 D wpa_supplicant: WPS:  * Primary Device Type
06-20 11:17:08.486  1838  1838 D wpa_supplicant: WPS:  * RF Bands (3)
06-20 11:17:08.486  1838  1838 D wpa_supplicant: WPS:  * Association State
06-20 11:17:08.486  1838  1838 D wpa_supplicant: WPS:  * Configuration Error (0)
06-20 11:17:08.486  1838  1838 D wpa_supplicant: WPS:  * Device Password ID (0)
06-20 11:17:08.486  1838  1838 D wpa_supplicant: WPS:  * Manufacturer
06-20 11:17:08.486  1838  1838 D wpa_supplicant: WPS:  * Model Name
06-20 11:17:08.486  1838  1838 D wpa_supplicant: WPS:  * Model Number
06-20 11:17:08.486  1838  1838 D wpa_supplicant: WPS:  * Device Name
06-20 11:17:08.486  1838  1838 D wpa_supplicant: WPS:  * Version2 (0x20)
06-20 11:17:08.486  1838  1838 D wpa_supplicant: wpa_driver_wext_combo_scan: Start
06-20 11:17:08.486  1838  1838 D wpa_supplicant: For Scan: (null)
06-20 11:17:08.541  1838  1838 D wpa_supplicant: Scan requested (ret=0) - scan timeout 30 seconds
06-20 11:17:08.556  3457  3946 I DownloadManager: deleting /data/data/com.android.providers.downloads/cache/downloadfile.jpeg
06-20 11:17:08.830  3457  3949 I DownloadManager: Initiating request for download 25
06-20 11:17:08.853  3457  3949 W DownloadManager: Aborting request for download 25: download was requested to not use the current network type
06-20 11:17:08.888  3457  3459 D dalvikvm: GC_CONCURRENT freed 387K, 7% free 9300K/9927K, paused 2ms+3ms
06-20 11:17:09.017  1838  1838 D wpa_supplicant: RTM_NEWLINK: operstate=0 ifi_flags=0x11003 ([UP][LOWER_UP])
06-20 11:17:09.017  1838  1838 D wpa_supplicant: RTM_NEWLINK, IFLA_IFNAME: Interface 'wlan0' added
06-20 11:17:09.017  1838  1838 D wpa_supplicant: Wireless event: cmd=0x8b19 len=8
06-20 11:17:09.017  1838  1838 D wpa_supplicant: Received 0 bytes of scan results (0 BSSes)
06-20 11:17:09.388  2890  2901 D dalvikvm: GC_FOR_ALLOC freed 208K, 11% free 9757K/10951K, paused 16ms
06-20 11:17:12.275  2890  2901 D dalvikvm: GC_FOR_ALLOC freed 238K, 12% free 9737K/10951K, paused 17ms
06-20 11:17:13.693   713   716 D dalvikvm: GC_CONCURRENT freed 430K, 14% free 10641K/12231K, paused 17ms+2ms
06-20 11:17:14.314  2890  2901 D dalvikvm: GC_FOR_ALLOC freed 207K, 12% free 9737K/10951K, paused 24ms
06-20 11:17:16.314  2890  2901 D dalvikvm: GC_FOR_ALLOC freed 239K, 12% free 9739K/10951K, paused 42ms
06-20 11:17:19.228  2890  2902 D dalvikvm: GC_FOR_ALLOC freed 275K, 12% free 9741K/10951K, paused 45ms
06-20 11:17:20.787  2890  2902 D dalvikvm: GC_FOR_ALLOC freed 213K, 12% free 9737K/10951K, paused 17ms
06-20 11:17:22.650  2890  2902 D dalvikvm: GC_FOR_ALLOC freed 209K, 12% free 9739K/10951K, paused 16ms
06-20 11:17:23.416   713   716 D dalvikvm: GC_CONCURRENT freed 407K, 13% free 10650K/12231K, paused 16ms+6ms
06-20 11:17:24.021  1838  1838 D wpa_supplicant: WPS: Building WPS IE for Probe Request
06-20 11:17:24.021  1838  1838 D wpa_supplicant: WPS:  * Version (hardcoded 0x10)
06-20 11:17:24.021  1838  1838 D wpa_supplicant: WPS:  * Request Type
06-20 11:17:24.021  1838  1838 D wpa_supplicant: WPS:  * Config Methods (2388)
06-20 11:17:24.021  1838  1838 D wpa_supplicant: WPS:  * UUID-E
06-20 11:17:24.021  1838  1838 D wpa_supplicant: WPS:  * Primary Device Type
06-20 11:17:24.021  1838  1838 D wpa_supplicant: WPS:  * RF Bands (3)
06-20 11:17:24.021  1838  1838 D wpa_supplicant: WPS:  * Association State
06-20 11:17:24.021  1838  1838 D wpa_supplicant: WPS:  * Configuration Error (0)
06-20 11:17:24.021  1838  1838 D wpa_supplicant: WPS:  * Device Password ID (0)
06-20 11:17:24.021  1838  1838 D wpa_supplicant: WPS:  * Manufacturer
06-20 11:17:24.021  1838  1838 D wpa_supplicant: WPS:  * Model Name
06-20 11:17:24.021  1838  1838 D wpa_supplicant: WPS:  * Model Number
06-20 11:17:24.021  1838  1838 D wpa_supplicant: WPS:  * Device Name
06-20 11:17:24.021  1838  1838 D wpa_supplicant: WPS:  * Version2 (0x20)
06-20 11:17:24.021  1838  1838 D wpa_supplicant: wpa_driver_wext_combo_scan: Start
06-20 11:17:24.021  1838  1838 D wpa_supplicant: For Scan: (null)
06-20 11:17:24.076  1838  1838 D wpa_supplicant: Scan requested (ret=0) - scan timeout 30 seconds
06-20 11:17:24.560  1838  1838 D wpa_supplicant: RTM_NEWLINK: operstate=0 ifi_flags=0x11003 ([UP][LOWER_UP])
06-20 11:17:24.560  1838  1838 D wpa_supplicant: RTM_NEWLINK, IFLA_IFNAME: Interface 'wlan0' added
06-20 11:17:24.560  1838  1838 D wpa_supplicant: Wireless event: cmd=0x8b19 len=8
06-20 11:17:24.560  1838  1838 D wpa_supplicant: Received 1604 bytes of scan results (9 BSSes)
06-20 11:17:24.642  2890  2902 D dalvikvm: GC_FOR_ALLOC freed 241K, 12% free 9739K/10951K, paused 16ms
06-20 11:17:26.115  2890  2902 D dalvikvm: GC_FOR_ALLOC freed 240K, 12% free 9738K/10951K, paused 17ms
06-20 11:17:27.423  2890  2902 D dalvikvm: GC_FOR_ALLOC freed 214K, 12% free 9740K/10951K, paused 25ms
06-20 11:17:29.408  2890  3489 D dalvikvm: GC_FOR_ALLOC freed 269K, 12% free 9743K/10951K, paused 17ms
06-20 11:17:31.177  2890  3489 D dalvikvm: GC_FOR_ALLOC freed 215K, 12% free 9739K/10951K, paused 17ms
06-20 11:17:31.755   713   716 D dalvikvm: GC_CONCURRENT freed 424K, 13% free 10645K/12231K, paused 8ms+3ms
06-20 11:17:33.462  2890  2901 D dalvikvm: GC_FOR_ALLOC freed 247K, 12% free 9744K/10951K, paused 16ms
06-20 11:17:35.041  2890  2901 D dalvikvm: GC_FOR_ALLOC freed 213K, 12% free 9739K/10951K, paused 16ms
06-20 11:17:37.052  2890  2901 D dalvikvm: GC_FOR_ALLOC freed 205K, 12% free 9740K/10951K, paused 16ms
06-20 11:17:38.416  2890  2901 D dalvikvm: GC_FOR_ALLOC freed 211K, 12% free 9741K/10951K, paused 17ms
06-20 11:17:39.595  1838  1838 D wpa_supplicant: WPS: Building WPS IE for Probe Request
06-20 11:17:39.595  1838  1838 D wpa_supplicant: WPS:  * Version (hardcoded 0x10)
06-20 11:17:39.595  1838  1838 D wpa_supplicant: WPS:  * Request Type
06-20 11:17:39.595  1838  1838 D wpa_supplicant: WPS:  * Config Methods (2388)
06-20 11:17:39.595  1838  1838 D wpa_supplicant: WPS:  * UUID-E
06-20 11:17:39.595  1838  1838 D wpa_supplicant: WPS:  * Primary Device Type
06-20 11:17:39.595  1838  1838 D wpa_supplicant: WPS:  * RF Bands (3)
06-20 11:17:39.595  1838  1838 D wpa_supplicant: WPS:  * Association State
06-20 11:17:39.595  1838  1838 D wpa_supplicant: WPS:  * Configuration Error (0)
06-20 11:17:39.595  1838  1838 D wpa_supplicant: WPS:  * Device Password ID (0)
06-20 11:17:39.595  1838  1838 D wpa_supplicant: WPS:  * Manufacturer
06-20 11:17:39.595  1838  1838 D wpa_supplicant: WPS:  * Model Name
06-20 11:17:39.595  1838  1838 D wpa_supplicant: WPS:  * Model Number
06-20 11:17:39.595  1838  1838 D wpa_supplicant: WPS:  * Device Name
06-20 11:17:39.595  1838  1838 D wpa_supplicant: WPS:  * Version2 (0x20)
06-20 11:17:39.595  1838  1838 D wpa_supplicant: wpa_driver_wext_combo_scan: Start
06-20 11:17:39.595  1838  1838 D wpa_supplicant: For Scan: (null)
06-20 11:17:39.654  1838  1838 D wpa_supplicant: Scan requested (ret=0) - scan timeout 30 seconds
06-20 11:17:39.705  2890  2901 D dalvikvm: GC_FOR_ALLOC freed 235K, 12% free 9741K/10951K, paused 17ms
06-20 11:17:39.880   713   716 D dalvikvm: GC_CONCURRENT freed 418K, 14% free 10641K/12231K, paused 8ms+3ms
06-20 11:17:40.134  1838  1838 D wpa_supplicant: RTM_NEWLINK: operstate=0 ifi_flags=0x11003 ([UP][LOWER_UP])
06-20 11:17:40.134  1838  1838 D wpa_supplicant: RTM_NEWLINK, IFLA_IFNAME: Interface 'wlan0' added
06-20 11:17:40.134  1838  1838 D wpa_supplicant: Wireless event: cmd=0x8b19 len=8
06-20 11:17:40.142  1838  1838 D wpa_supplicant: Received 1123 bytes of scan results (7 BSSes)
06-20 11:17:41.119   152   697 D dalvikvm: GC_EXPLICIT freed 845K, 12% free 14467K/16263K, paused 2ms+6ms
06-20 11:17:41.517  2890  3488 D dalvikvm: GC_FOR_ALLOC freed 239K, 12% free 9740K/10951K, paused 16ms
06-20 11:17:44.076  2890  3320 D dalvikvm: GC_FOR_ALLOC freed 275K, 12% free 9741K/10951K, paused 16ms
06-20 11:17:47.048  1838  1838 D wpa_supplicant: WPS: Building WPS IE for Probe Request
06-20 11:17:47.048  1838  1838 D wpa_supplicant: WPS:  * Version (hardcoded 0x10)
06-20 11:17:47.048  1838  1838 D wpa_supplicant: WPS:  * Request Type
06-20 11:17:47.048  1838  1838 D wpa_supplicant: WPS:  * Config Methods (2388)
06-20 11:17:47.048  1838  1838 D wpa_supplicant: WPS:  * UUID-E
06-20 11:17:47.048  1838  1838 D wpa_supplicant: WPS:  * Primary Device Type
06-20 11:17:47.048  1838  1838 D wpa_supplicant: WPS:  * RF Bands (3)
06-20 11:17:47.048  1838  1838 D wpa_supplicant: WPS:  * Association State
06-20 11:17:47.048  1838  1838 D wpa_supplicant: WPS:  * Configuration Error (0)
06-20 11:17:47.048  1838  1838 D wpa_supplicant: WPS:  * Device Password ID (0)
06-20 11:17:47.048  1838  1838 D wpa_supplicant: WPS:  * Manufacturer
06-20 11:17:47.048  1838  1838 D wpa_supplicant: WPS:  * Model Name
06-20 11:17:47.048  1838  1838 D wpa_supplicant: WPS:  * Model Number
06-20 11:17:47.048  1838  1838 D wpa_supplicant: WPS:  * Device Name
06-20 11:17:47.048  1838  1838 D wpa_supplicant: WPS:  * Version2 (0x20)
06-20 11:17:47.048  1838  1838 D wpa_supplicant: wpa_driver_wext_combo_scan: Start
06-20 11:17:47.048  1838  1838 D wpa_supplicant: For Scan: (null)
06-20 11:17:47.115  1838  1838 D wpa_supplicant: Scan requested (ret=0) - scan timeout 30 seconds
06-20 11:17:47.595  1838  1838 D wpa_supplicant: RTM_NEWLINK: operstate=0 ifi_flags=0x11003 ([UP][LOWER_UP])
06-20 11:17:47.595  1838  1838 D wpa_supplicant: RTM_NEWLINK, IFLA_IFNAME: Interface 'wlan0' added
06-20 11:17:47.595  1838  1838 D wpa_supplicant: Wireless event: cmd=0x8b19 len=8
06-20 11:17:47.595  1838  1838 D wpa_supplicant: Received 1060 bytes of scan results (6 BSSes)
06-20 11:17:49.091  2890  3320 D dalvikvm: GC_FOR_ALLOC freed 227K, 12% free 9736K/10951K, paused 30ms
06-20 11:17:50.384  2890  3320 D dalvikvm: GC_FOR_ALLOC freed 193K, 12% free 9737K/10951K, paused 16ms
06-20 11:17:52.525   713   716 D dalvikvm: GC_CONCURRENT freed 400K, 13% free 10659K/12231K, paused 16ms+3ms
06-20 11:17:54.447  2890  3320 D dalvikvm: GC_FOR_ALLOC freed 227K, 12% free 9736K/10951K, paused 16ms
06-20 11:17:59.552  2890  3320 D dalvikvm: GC_FOR_ALLOC freed 203K, 12% free 9738K/10951K, paused 16ms
06-20 11:18:02.619  1838  1838 D wpa_supplicant: WPS: Building WPS IE for Probe Request
06-20 11:18:02.619  1838  1838 D wpa_supplicant: WPS:  * Version (hardcoded 0x10)
06-20 11:18:02.619  1838  1838 D wpa_supplicant: WPS:  * Request Type
06-20 11:18:02.619  1838  1838 D wpa_supplicant: WPS:  * Config Methods (2388)
06-20 11:18:02.619  1838  1838 D wpa_supplicant: WPS:  * UUID-E
06-20 11:18:02.619  1838  1838 D wpa_supplicant: WPS:  * Primary Device Type
06-20 11:18:02.619  1838  1838 D wpa_supplicant: WPS:  * RF Bands (3)
06-20 11:18:02.619  1838  1838 D wpa_supplicant: WPS:  * Association State
06-20 11:18:02.619  1838  1838 D wpa_supplicant: WPS:  * Configuration Error (0)
06-20 11:18:02.619  1838  1838 D wpa_supplicant: WPS:  * Device Password ID (0)
06-20 11:18:02.619  1838  1838 D wpa_supplicant: WPS:  * Manufacturer
06-20 11:18:02.619  1838  1838 D wpa_supplicant: WPS:  * Model Name
06-20 11:18:02.619  1838  1838 D wpa_supplicant: WPS:  * Model Number
06-20 11:18:02.619  1838  1838 D wpa_supplicant: WPS:  * Device Name
06-20 11:18:02.619  1838  1838 D wpa_supplicant: WPS:  * Version2 (0x20)
06-20 11:18:02.619  1838  1838 D wpa_supplicant: wpa_driver_wext_combo_scan: Start
06-20 11:18:02.619  1838  1838 D wpa_supplicant: For Scan: (null)
06-20 11:18:02.677  1838  1838 D wpa_supplicant: Scan requested (ret=0) - scan timeout 30 seconds
06-20 11:18:03.165  1838  1838 D wpa_supplicant: RTM_NEWLINK: operstate=0 ifi_flags=0x11003 ([UP][LOWER_UP])
06-20 11:18:03.165  1838  1838 D wpa_supplicant: RTM_NEWLINK, IFLA_IFNAME: Interface 'wlan0' added
06-20 11:18:03.165  1838  1838 D wpa_supplicant: Wireless event: cmd=0x8b19 len=8
06-20 11:18:03.173  1838  1838 D wpa_supplicant: Received 2695 bytes of scan results (15 BSSes)
06-20 11:18:06.333  2890  3320 D dalvikvm: GC_FOR_ALLOC freed 255K, 12% free 9739K/10951K, paused 26ms
06-20 11:18:09.748  2890  3320 D dalvikvm: GC_EXPLICIT freed 214K, 12% free 9746K/10951K, paused 2ms+3ms
06-20 11:18:09.802   713   716 D dalvikvm: GC_CONCURRENT freed 432K, 13% free 10648K/12231K, paused 2ms+3ms
06-20 11:18:09.876   152   194 I ActivityManager: Start proc com.google.android.gallery3d for service com.google.android.gallery3d/com.google.android.picasasync.PicasaSyncService: pid=3952 uid=10016 gids={3003, 1015}
06-20 11:18:09.986  3952  3952 I ActivityThread: Pub com.google.android.gallery3d.GooglePhotoProvider: com.google.android.picasasync.PicasaContentProvider
06-20 11:18:10.099  3952  3955 D dalvikvm: GC_CONCURRENT freed 418K, 6% free 9118K/9607K, paused 8ms+2ms
06-20 11:18:10.138  3952  3952 I ActivityThread: Pub com.google.android.gallery3d.provider: com.android.gallery3d.provider.GalleryProvider
06-20 11:18:10.205  3952  3955 D dalvikvm: GC_CONCURRENT freed 381K, 6% free 9158K/9671K, paused 1ms+2ms
06-20 11:18:10.291  3952  3952 D UploadsManager: load newPhotoTracker: null
06-20 11:18:10.291  3952  3952 D UploadsManager: load all accounts: null
06-20 11:18:10.291  3952  3952 D UploadsManager: load all account-album pairs: null
06-20 11:18:10.294  3952  3952 V PicasaContentProvider: querySettings: defaults: {sync_on_wifi_only=1, auto_upload_account_type=null, sync_on_battery=1, sync_picasa_on_wifi_only=1, auto_upload_enabled=0, video_upload_wifi_only=1, sync_on_roaming=0, auto_upload_account_name=null}
06-20 11:18:10.298  3952  3952 D UploadsManager:    settings not changed
06-20 11:18:10.302  3952  3965 D PicasaSync: sync account database
06-20 11:18:10.330  3952  3965 D PicasaSync: accounts in DB=2
06-20 11:18:10.330  3952  3965 V PicasaContentProvider: querySettings: defaults: {sync_on_wifi_only=1, auto_upload_account_type=null, sync_on_battery=1, sync_picasa_on_wifi_only=1, auto_upload_enabled=0, video_upload_wifi_only=1, sync_on_roaming=0, auto_upload_account_name=null}
06-20 11:18:10.333  3952  3965 D PicasaSyncManager: active network: NetworkInfo: type: mobile[CDMA - EvDo rev. A], state: CONNECTED/CONNECTED, reason: (unspecified), extra: , roaming: false, failover: false, isAvailable: true
06-20 11:18:10.333  3952  3965 D PicasaSyncManager: background data: true
06-20 11:18:10.369  3952  3965 V PicasaContentProvider: querySettings: defaults: {sync_on_wifi_only=1, auto_upload_account_type=null, sync_on_battery=1, sync_picasa_on_wifi_only=1, auto_upload_enabled=0, video_upload_wifi_only=1, sync_on_roaming=0, auto_upload_account_name=null}
06-20 11:18:10.373  3952  3965 D PicasaSyncManager: reject MetadataSyncTask (ubphlab@gmail.com) for wifi connection
06-20 11:18:10.408  3952  3967 D PicasaSyncService: start to perform sync on anandatirtha@gmail.com
06-20 11:18:10.419  3952  3965 D PicasaSyncManager: battery info: false
06-20 11:18:10.427  3952  3965 V PicasaContentProvider: querySettings: defaults: {sync_on_wifi_only=1, auto_upload_account_type=null, sync_on_battery=1, sync_picasa_on_wifi_only=1, auto_upload_enabled=0, video_upload_wifi_only=1, sync_on_roaming=0, auto_upload_account_name=null}
06-20 11:18:10.427  3952  3965 D PicasaSyncManager: reject MetadataSyncTask (ubphlab@gmail.com) for wifi connection
06-20 11:18:10.427  3952  3965 V PicasaContentProvider: querySettings: defaults: {sync_on_wifi_only=1, auto_upload_account_type=null, sync_on_battery=1, sync_picasa_on_wifi_only=1, auto_upload_enabled=0, video_upload_wifi_only=1, sync_on_roaming=0, auto_upload_account_name=null}
06-20 11:18:10.431  3952  3965 D PicasaSyncManager: reject MetadataSyncTask (anandatirtha@gmail.com) for wifi connection
06-20 11:18:10.439  3952  3967 D PicasaSyncService: sync finished - false
06-20 11:18:10.462  3952  3965 V PicasaContentProvider: querySettings: defaults: {sync_on_wifi_only=1, auto_upload_account_type=null, sync_on_battery=1, sync_picasa_on_wifi_only=1, auto_upload_enabled=0, video_upload_wifi_only=1, sync_on_roaming=0, auto_upload_account_name=null}
06-20 11:18:10.466  3952  3965 D PicasaSyncManager: reject MetadataSyncTask (ubphlab@gmail.com) for wifi connection
06-20 11:18:10.470  3952  3965 V PicasaContentProvider: querySettings: defaults: {sync_on_wifi_only=1, auto_upload_account_type=null, sync_on_battery=1, sync_picasa_on_wifi_only=1, auto_upload_enabled=0, video_upload_wifi_only=1, sync_on_roaming=0, auto_upload_account_name=null}
06-20 11:18:10.470  3952  3965 D PicasaSyncManager: reject MetadataSyncTask (anandatirtha@gmail.com) for wifi connection
06-20 11:18:12.087   713   716 D dalvikvm: GC_CONCURRENT freed 357K, 13% free 10711K/12231K, paused 7ms+4ms
06-20 11:18:15.978   152   194 I ActivityManager: Start proc com.google.android.syncadapters.calendar for service com.google.android.syncadapters.calendar/.CalendarSyncAdapterService: pid=3970 uid=10019 gids={3003}
06-20 11:18:16.072   152   697 I ActivityManager: Start proc com.android.providers.calendar for content provider com.android.providers.calendar/.CalendarProvider2: pid=3986 uid=10006 gids={3003, 1015}
06-20 11:18:16.119  3986  3986 I ActivityThread: Pub com.android.calendar: com.android.providers.calendar.CalendarProvider2
06-20 11:18:16.419   713   716 D dalvikvm: GC_CONCURRENT freed 387K, 13% free 10762K/12231K, paused 3ms+5ms
06-20 11:18:16.455  2967  2967 D OpenGLRenderer: Flushing caches (mode 2)
06-20 11:18:16.462  2967  2967 D OpenGLRenderer: Flushing caches (mode 0)
06-20 11:18:16.462  2967  2967 W ManagedEGLContext: doTerminate failed: EGL count is 2 but managed count is 1
06-20 11:18:16.501  3986  3987 D dalvikvm: GC_CONCURRENT freed 320K, 5% free 9149K/9543K, paused 2ms+3ms
06-20 11:18:16.556  2967  2967 D OpenGLRenderer: Flushing caches (mode 2)
06-20 11:18:16.556  2967  2967 D OpenGLRenderer: Flushing caches (mode 0)
06-20 11:18:16.556  2967  2967 W ManagedEGLContext: doTerminate failed: EGL count is 2 but managed count is 1
06-20 11:18:16.623   713  3481 D dalvikvm: GC_EXPLICIT freed 113K, 13% free 10657K/12231K, paused 2ms+4ms
06-20 11:18:17.220  3986  3986 I CalendarProvider2: Sending notification intent: Intent { act=android.intent.action.PROVIDER_CHANGED dat=content://com.android.calendar }
06-20 11:18:17.232  3986  3986 W ContentResolver: Failed to get type for: content://com.android.calendar (Unknown URL content://com.android.calendar)
06-20 11:18:17.892  3970  3973 D dalvikvm: GC_CONCURRENT freed 291K, 5% free 9184K/9607K, paused 14ms+3ms
06-20 11:18:18.197  1838  1838 D wpa_supplicant: WPS: Building WPS IE for Probe Request
06-20 11:18:18.197  1838  1838 D wpa_supplicant: WPS:  * Version (hardcoded 0x10)
06-20 11:18:18.197  1838  1838 D wpa_supplicant: WPS:  * Request Type
06-20 11:18:18.197  1838  1838 D wpa_supplicant: WPS:  * Config Methods (2388)
06-20 11:18:18.197  1838  1838 D wpa_supplicant: WPS:  * UUID-E
06-20 11:18:18.197  1838  1838 D wpa_supplicant: WPS:  * Primary Device Type
06-20 11:18:18.197  1838  1838 D wpa_supplicant: WPS:  * RF Bands (3)
06-20 11:18:18.197  1838  1838 D wpa_supplicant: WPS:  * Association State
06-20 11:18:18.197  1838  1838 D wpa_supplicant: WPS:  * Configuration Error (0)
06-20 11:18:18.197  1838  1838 D wpa_supplicant: WPS:  * Device Password ID (0)
06-20 11:18:18.197  1838  1838 D wpa_supplicant: WPS:  * Manufacturer
06-20 11:18:18.197  1838  1838 D wpa_supplicant: WPS:  * Model Name
06-20 11:18:18.197  1838  1838 D wpa_supplicant: WPS:  * Model Number
06-20 11:18:18.197  1838  1838 D wpa_supplicant: WPS:  * Device Name
06-20 11:18:18.197  1838  1838 D wpa_supplicant: WPS:  * Version2 (0x20)
06-20 11:18:18.197  1838  1838 D wpa_supplicant: wpa_driver_wext_combo_scan: Start
06-20 11:18:18.197  1838  1838 D wpa_supplicant: For Scan: (null)
06-20 11:18:18.259  1838  1838 D wpa_supplicant: Scan requested (ret=0) - scan timeout 30 seconds
06-20 11:18:18.751  1838  1838 D wpa_supplicant: RTM_NEWLINK: operstate=0 ifi_flags=0x11003 ([UP][LOWER_UP])
06-20 11:18:18.751  1838  1838 D wpa_supplicant: RTM_NEWLINK, IFLA_IFNAME: Interface 'wlan0' added
06-20 11:18:18.751  1838  1838 D wpa_supplicant: Wireless event: cmd=0x8b19 len=8
06-20 11:18:18.751  1838  1838 D wpa_supplicant: Received 2332 bytes of scan results (13 BSSes)
06-20 11:18:19.787  2988  4008 I Gmail   : MainSyncRequestProto: lowestBkwdConvoId: 0, highestHandledServerOp: 2684, normalSync: true
06-20 11:18:19.810  2967  2967 D OpenGLRenderer: Flushing caches (mode 2)
06-20 11:18:19.810  2967  2967 D OpenGLRenderer: Flushing caches (mode 0)
06-20 11:18:19.814  2967  2967 W ManagedEGLContext: doTerminate failed: EGL count is 2 but managed count is 1
06-20 11:18:19.888  2988  4009 I Gmail   : MainSyncRequestProto: lowestBkwdConvoId: 0, highestHandledServerOp: 2643980, normalSync: true
06-20 11:18:19.958  2967  2967 D OpenGLRenderer: Flushing caches (mode 2)
06-20 11:18:19.958  2967  2967 D OpenGLRenderer: Flushing caches (mode 0)
06-20 11:18:19.958  2967  2967 W ManagedEGLContext: doTerminate failed: EGL count is 2 but managed count is 1
06-20 11:18:22.541  2988  2991 D dalvikvm: GC_CONCURRENT freed 736K, 17% free 11594K/13831K, paused 10ms+8ms
06-20 11:18:25.892  2988  4009 D dalvikvm: GC_FOR_ALLOC freed 193K, 17% free 11618K/13831K, paused 25ms
06-20 11:18:25.896  2988  4009 I dalvikvm-heap: Grow heap (frag case) to 11.556MB for 142722-byte allocation
06-20 11:18:25.919  2988  4009 D dalvikvm: GC_FOR_ALLOC freed 69K, 17% free 11688K/14023K, paused 25ms
06-20 11:18:29.720  2988  2991 D dalvikvm: GC_CONCURRENT freed 954K, 18% free 11504K/14023K, paused 2ms+4ms
06-20 11:18:31.427  2988  2991 D dalvikvm: GC_CONCURRENT freed 557K, 17% free 11680K/14023K, paused 2ms+4ms
06-20 11:18:33.779  1838  1838 D wpa_supplicant: WPS: Building WPS IE for Probe Request
06-20 11:18:33.779  1838  1838 D wpa_supplicant: WPS:  * Version (hardcoded 0x10)
06-20 11:18:33.779  1838  1838 D wpa_supplicant: WPS:  * Request Type
06-20 11:18:33.779  1838  1838 D wpa_supplicant: WPS:  * Config Methods (2388)
06-20 11:18:33.779  1838  1838 D wpa_supplicant: WPS:  * UUID-E
06-20 11:18:33.779  1838  1838 D wpa_supplicant: WPS:  * Primary Device Type
06-20 11:18:33.779  1838  1838 D wpa_supplicant: WPS:  * RF Bands (3)
06-20 11:18:33.779  1838  1838 D wpa_supplicant: WPS:  * Association State
06-20 11:18:33.779  1838  1838 D wpa_supplicant: WPS:  * Configuration Error (0)
06-20 11:18:33.779  1838  1838 D wpa_supplicant: WPS:  * Device Password ID (0)
06-20 11:18:33.779  1838  1838 D wpa_supplicant: WPS:  * Manufacturer
06-20 11:18:33.779  1838  1838 D wpa_supplicant: WPS:  * Model Name
06-20 11:18:33.779  1838  1838 D wpa_supplicant: WPS:  * Model Number
06-20 11:18:33.779  1838  1838 D wpa_supplicant: WPS:  * Device Name
06-20 11:18:33.779  1838  1838 D wpa_supplicant: WPS:  * Version2 (0x20)
06-20 11:18:33.779  1838  1838 D wpa_supplicant: wpa_driver_wext_combo_scan: Start
06-20 11:18:33.779  1838  1838 D wpa_supplicant: For Scan: (null)
06-20 11:18:33.833  1838  1838 D wpa_supplicant: Scan requested (ret=0) - scan timeout 30 seconds
06-20 11:18:33.978  2988  2991 D dalvikvm: GC_CONCURRENT freed 930K, 18% free 11511K/14023K, paused 2ms+4ms
06-20 11:18:34.314  1838  1838 D wpa_supplicant: RTM_NEWLINK: operstate=0 ifi_flags=0x11003 ([UP][LOWER_UP])
06-20 11:18:34.314  1838  1838 D wpa_supplicant: RTM_NEWLINK, IFLA_IFNAME: Interface 'wlan0' added
06-20 11:18:34.314  1838  1838 D wpa_supplicant: Wireless event: cmd=0x8b19 len=8
06-20 11:18:34.314  1838  1838 D wpa_supplicant: Received 1139 bytes of scan results (7 BSSes)
06-20 11:18:35.345  2988  2991 D dalvikvm: GC_CONCURRENT freed 686K, 18% free 11559K/14023K, paused 2ms+5ms
06-20 11:18:36.767  2988  2991 D dalvikvm: GC_CONCURRENT freed 806K, 18% free 11501K/14023K, paused 3ms+4ms
06-20 11:18:38.525  2988  2991 D dalvikvm: GC_CONCURRENT freed 642K, 18% free 11594K/14023K, paused 2ms+4ms
06-20 11:18:39.228  2988  2991 D dalvikvm: GC_CONCURRENT freed 845K, 19% free 11487K/14023K, paused 2ms+4ms
06-20 11:18:40.419  2988  2991 D dalvikvm: GC_CONCURRENT freed 720K, 19% free 11469K/14023K, paused 2ms+4ms
06-20 11:18:41.388  2988  2991 D dalvikvm: GC_CONCURRENT freed 658K, 18% free 11504K/14023K, paused 2ms+5ms
06-20 11:18:43.181  2988  2991 D dalvikvm: GC_CONCURRENT freed 726K, 19% free 11480K/14023K, paused 2ms+4ms
06-20 11:18:44.720  2988  2991 D dalvikvm: GC_CONCURRENT freed 652K, 18% free 11573K/14023K, paused 9ms+4ms
06-20 11:18:45.400  2988  2991 D dalvikvm: GC_CONCURRENT freed 694K, 17% free 11730K/14023K, paused 2ms+3ms
06-20 11:18:45.736  2988  4009 D dalvikvm: GC_EXPLICIT freed 673K, 19% free 11422K/14023K, paused 2ms+4ms
06-20 11:18:45.755  2988  4009 I Gmail   : MainSyncRequestProto: lowestBkwdConvoId: 0, highestHandledServerOp: 2644007, normalSync: true
06-20 11:18:45.849   152   152 D dalvikvm: GC_EXPLICIT freed 676K, 11% free 14510K/16263K, paused 3ms+7ms
06-20 11:18:45.869  2967  2967 D OpenGLRenderer: Flushing caches (mode 2)
06-20 11:18:45.873  2967  2967 D OpenGLRenderer: Flushing caches (mode 0)
06-20 11:18:45.873  2967  2967 W ManagedEGLContext: doTerminate failed: EGL count is 2 but managed count is 1
06-20 11:18:49.169  2988  2991 D dalvikvm: GC_CONCURRENT freed 511K, 18% free 11613K/14023K, paused 4ms+3ms
06-20 11:18:49.318  1838  1838 D wpa_supplicant: WPS: Building WPS IE for Probe Request
06-20 11:18:49.318  1838  1838 D wpa_supplicant: WPS:  * Version (hardcoded 0x10)
06-20 11:18:49.318  1838  1838 D wpa_supplicant: WPS:  * Request Type
06-20 11:18:49.318  1838  1838 D wpa_supplicant: WPS:  * Config Methods (2388)
06-20 11:18:49.318  1838  1838 D wpa_supplicant: WPS:  * UUID-E
06-20 11:18:49.318  1838  1838 D wpa_supplicant: WPS:  * Primary Device Type
06-20 11:18:49.318  1838  1838 D wpa_supplicant: WPS:  * RF Bands (3)
06-20 11:18:49.318  1838  1838 D wpa_supplicant: WPS:  * Association State
06-20 11:18:49.318  1838  1838 D wpa_supplicant: WPS:  * Configuration Error (0)
06-20 11:18:49.318  1838  1838 D wpa_supplicant: WPS:  * Device Password ID (0)
06-20 11:18:49.318  1838  1838 D wpa_supplicant: WPS:  * Manufacturer
06-20 11:18:49.318  1838  1838 D wpa_supplicant: WPS:  * Model Name
06-20 11:18:49.318  1838  1838 D wpa_supplicant: WPS:  * Model Number
06-20 11:18:49.318  1838  1838 D wpa_supplicant: WPS:  * Device Name
06-20 11:18:49.318  1838  1838 D wpa_supplicant: WPS:  * Version2 (0x20)
06-20 11:18:49.318  1838  1838 D wpa_supplicant: wpa_driver_wext_combo_scan: Start
06-20 11:18:49.318  1838  1838 D wpa_supplicant: For Scan: (null)
06-20 11:18:49.373  1838  1838 D wpa_supplicant: Scan requested (ret=0) - scan timeout 30 seconds
06-20 11:18:49.607  3986  3986 I CalendarProvider2: Sending notification intent: Intent { act=android.intent.action.PROVIDER_CHANGED dat=content://com.android.calendar }
06-20 11:18:49.607  3986  3986 W ContentResolver: Failed to get type for: content://com.android.calendar (Unknown URL content://com.android.calendar)
06-20 11:18:49.650  2967  2967 D OpenGLRenderer: Flushing caches (mode 2)
06-20 11:18:49.650  2967  2967 D OpenGLRenderer: Flushing caches (mode 0)
06-20 11:18:49.650  2967  2967 W ManagedEGLContext: doTerminate failed: EGL count is 2 but managed count is 1
06-20 11:18:49.857  1838  1838 D wpa_supplicant: RTM_NEWLINK: operstate=0 ifi_flags=0x11003 ([UP][LOWER_UP])
06-20 11:18:49.857  1838  1838 D wpa_supplicant: RTM_NEWLINK, IFLA_IFNAME: Interface 'wlan0' added
06-20 11:18:49.857  1838  1838 D wpa_supplicant: Wireless event: cmd=0x8b19 len=8
06-20 11:18:49.857  1838  1838 D wpa_supplicant: Received 2766 bytes of scan results (16 BSSes)
06-20 11:18:50.291  2988  2991 D dalvikvm: GC_CONCURRENT freed 837K, 18% free 11570K/14023K, paused 4ms+8ms
06-20 11:18:50.849  2988  2991 D dalvikvm: GC_CONCURRENT freed 728K, 18% free 11603K/14023K, paused 2ms+3ms
06-20 11:18:51.572  2988  2991 D dalvikvm: GC_CONCURRENT freed 856K, 19% free 11487K/14023K, paused 2ms+4ms
06-20 11:18:52.435  2988  2991 D dalvikvm: GC_CONCURRENT freed 689K, 18% free 11499K/14023K, paused 2ms+3ms
06-20 11:18:53.224  2988  2991 D dalvikvm: GC_CONCURRENT freed 717K, 19% free 11483K/14023K, paused 7ms+5ms
06-20 11:18:54.490  2988  2991 D dalvikvm: GC_CONCURRENT freed 619K, 18% free 11567K/14023K, paused 2ms+5ms
06-20 11:18:56.029  3391  3404 I PhoneLab-: Service Running
06-20 11:18:56.388  3391  3393 D dalvikvm: GC_CONCURRENT freed 394K, 6% free 9092K/9607K, paused 237ms+1ms
06-20 11:18:56.587  3391  3404 I PhoneLab-LoggerService: app_38    1266  1     1744   1368  c00f181c 400107b4 S logcat
06-20 11:18:56.587  3391  3404 I PhoneLab-LoggerService: Logcat pid from database 1266
06-20 11:18:56.587  3391  3404 I PhoneLab-LoggerService: Logcat process found 1266
06-20 11:18:56.587  3391  3404 I PhoneLab-LoggerService: Checking Threshold
06-20 11:18:56.591  3391  3404 I PhoneLab-LoggerService: Starting to rename files
06-20 11:18:56.591  3391  3404 I PhoneLab-LoggerService: Files found .. 2
06-20 11:18:57.201  2988  4009 D dalvikvm: GC_EXPLICIT freed 638K, 18% free 11541K/14023K, paused 2ms+5ms
06-20 11:18:57.216  2988  4009 I Gmail   : MainSyncRequestProto: lowestBkwdConvoId: 0, highestHandledServerOp: 2644007, normalSync: true
06-20 11:19:01.642  2988  2991 D dalvikvm: GC_CONCURRENT freed 706K, 18% free 11552K/14023K, paused 2ms+5ms
06-20 11:19:02.923  2988  2991 D dalvikvm: GC_CONCURRENT freed 721K, 18% free 11562K/14023K, paused 2ms+5ms
06-20 11:19:04.267  2988  2991 D dalvikvm: GC_CONCURRENT freed 754K, 18% free 11555K/14023K, paused 10ms+10ms
06-20 11:19:04.880  1838  1838 D wpa_supplicant: WPS: Building WPS IE for Probe Request
06-20 11:19:04.880  1838  1838 D wpa_supplicant: WPS:  * Version (hardcoded 0x10)
06-20 11:19:04.880  1838  1838 D wpa_supplicant: WPS:  * Request Type
06-20 11:19:04.880  1838  1838 D wpa_supplicant: WPS:  * Config Methods (2388)
06-20 11:19:04.880  1838  1838 D wpa_supplicant: WPS:  * UUID-E
06-20 11:19:04.880  1838  1838 D wpa_supplicant: WPS:  * Primary Device Type
06-20 11:19:04.880  1838  1838 D wpa_supplicant: WPS:  * RF Bands (3)
06-20 11:19:04.880  1838  1838 D wpa_supplicant: WPS:  * Association State
06-20 11:19:04.880  1838  1838 D wpa_supplicant: WPS:  * Configuration Error (0)
06-20 11:19:04.880  1838  1838 D wpa_supplicant: WPS:  * Device Password ID (0)
06-20 11:19:04.880  1838  1838 D wpa_supplicant: WPS:  * Manufacturer
06-20 11:19:04.880  1838  1838 D wpa_supplicant: WPS:  * Model Name
06-20 11:19:04.880  1838  1838 D wpa_supplicant: WPS:  * Model Number
06-20 11:19:04.880  1838  1838 D wpa_supplicant: WPS:  * Device Name
06-20 11:19:04.880  1838  1838 D wpa_supplicant: WPS:  * Version2 (0x20)
06-20 11:19:04.880  1838  1838 D wpa_supplicant: wpa_driver_wext_combo_scan: Start
06-20 11:19:04.880  1838  1838 D wpa_supplicant: For Scan: (null)
06-20 11:19:04.935  1838  1838 D wpa_supplicant: Scan requested (ret=0) - scan timeout 30 seconds
06-20 11:19:05.103  2988  2991 D dalvikvm: GC_CONCURRENT freed 779K, 19% free 11498K/14023K, paused 8ms+4ms
06-20 11:19:05.416  1838  1838 D wpa_supplicant: RTM_NEWLINK: operstate=0 ifi_flags=0x11003 ([UP][LOWER_UP])
06-20 11:19:05.416  1838  1838 D wpa_supplicant: RTM_NEWLINK, IFLA_IFNAME: Interface 'wlan0' added
06-20 11:19:05.416  1838  1838 D wpa_supplicant: Wireless event: cmd=0x8b19 len=8
06-20 11:19:05.416  1838  1838 D wpa_supplicant: Received 1898 bytes of scan results (11 BSSes)
06-20 11:19:06.041  2988  4009 D dalvikvm: GC_EXPLICIT freed 503K, 18% free 11515K/14023K, paused 3ms+5ms
06-20 11:19:06.056  2988  4009 I Gmail   : MainSyncRequestProto: lowestBkwdConvoId: 0, highestHandledServerOp: 2644007, normalSync: true
06-20 11:19:08.513  2988  2991 D dalvikvm: GC_CONCURRENT freed 681K, 18% free 11545K/14023K, paused 2ms+5ms
06-20 11:19:09.623  2988  4009 D dalvikvm: GC_EXPLICIT freed 640K, 18% free 11533K/14023K, paused 5ms+5ms
06-20 11:19:09.634  2988  4009 I Gmail   : MainSyncRequestProto: lowestBkwdConvoId: 0, highestHandledServerOp: 2644007, normalSync: true
06-20 11:19:09.646  2988  4009 W Gmail   : Scheduling index for 300000 ms from now
06-20 11:19:09.677  2988  4009 I Gmail   : Sending notification intent: Intent { act=android.intent.action.PROVIDER_CHANGED dat=content://gmail-ls/unread/^i (has extras) }
06-20 11:19:09.740  2988  4009 I Gmail   : Sending notification intent: Intent { act=android.intent.action.PROVIDER_CHANGED dat=content://gmail-ls/unread/^iim (has extras) }
06-20 11:19:09.744  2988  4012 W Gmail   : Showing notification with unreadCount of 16 and unseenCount of 4
06-20 11:19:09.998  2988  4013 I Gmail   : MainSyncRequestProto: lowestBkwdConvoId: 0, highestHandledServerOp: 2644007, normalSync: true
06-20 11:19:10.142  3457  4015 I DownloadManager: Initiating request for download 26
06-20 11:19:10.400  2988  4013 D dalvikvm: GC_EXPLICIT freed 366K, 19% free 11453K/14023K, paused 3ms+6ms
06-20 11:19:10.416  2988  4013 I Gmail   : MainSyncRequestProto: lowestBkwdConvoId: 0, highestHandledServerOp: 2644007, normalSync: true
06-20 11:19:10.427  2988  4013 W Gmail   : Scheduling index for 300000 ms from now
06-20 11:19:11.603  3457  3459 D dalvikvm: GC_CONCURRENT freed 390K, 7% free 9316K/9927K, paused 13ms+3ms
06-20 11:19:11.638  3457  4019 I DownloadManager: deleting /data/data/com.android.providers.downloads/cache/downloadfile.jpeg
06-20 11:19:11.888  3457  4022 I DownloadManager: Initiating request for download 27
06-20 11:19:12.982  3457  3459 D dalvikvm: GC_CONCURRENT freed 407K, 7% free 9300K/9927K, paused 2ms+10ms
06-20 11:19:13.076  3457  4026 I DownloadManager: deleting /data/data/com.android.providers.downloads/cache/downloadfile.jpeg
06-20 11:19:13.341  3457  4029 I DownloadManager: Initiating request for download 28
06-20 11:19:14.447  3457  3459 D dalvikvm: GC_CONCURRENT freed 390K, 7% free 9306K/9927K, paused 2ms+3ms
06-20 11:19:14.509  3457  4032 I DownloadManager: deleting /data/data/com.android.providers.downloads/cache/downloadfile.jpeg
06-20 11:19:14.771  3457  4035 I DownloadManager: Initiating request for download 29
06-20 11:19:15.990  3457  3459 D dalvikvm: GC_CONCURRENT freed 392K, 7% free 9308K/9927K, paused 1ms+2ms
06-20 11:19:16.072  3457  4041 I DownloadManager: deleting /data/data/com.android.providers.downloads/cache/downloadfile.jpeg
06-20 11:19:16.115  2988  3376 D dalvikvm: GC_EXPLICIT freed 334K, 19% free 11471K/14023K, paused 7ms+4ms
06-20 11:19:16.306   152   168 D dalvikvm: GC_EXPLICIT freed 626K, 11% free 14511K/16263K, paused 8ms+6ms
06-20 11:19:16.451  3457  4044 I DownloadManager: Initiating request for download 30
06-20 11:19:17.501  3457  3459 D dalvikvm: GC_CONCURRENT freed 389K, 7% free 9306K/9927K, paused 3ms+6ms
06-20 11:19:17.689  3457  4048 D dalvikvm: GC_EXPLICIT freed 142K, 7% free 9252K/9927K, paused 2ms+3ms
06-20 11:19:17.794  3457  4048 I DownloadManager: deleting /data/data/com.android.providers.downloads/cache/downloadfile.jpeg
06-20 11:19:17.810  3457  4049 I DownloadManager: Initiating request for download 31
06-20 11:19:18.919  3457  3459 D dalvikvm: GC_CONCURRENT freed 339K, 7% free 9300K/9927K, paused 1ms+2ms
06-20 11:19:18.943  3457  4054 I DownloadManager: deleting /data/data/com.android.providers.downloads/cache/downloadfile.jpeg
06-20 11:19:19.146  3457  4056 I DownloadManager: Initiating request for download 32
06-20 11:19:20.427  1838  1838 D wpa_supplicant: WPS: Building WPS IE for Probe Request
06-20 11:19:20.427  1838  1838 D wpa_supplicant: WPS:  * Version (hardcoded 0x10)
06-20 11:19:20.427  1838  1838 D wpa_supplicant: WPS:  * Request Type
06-20 11:19:20.427  1838  1838 D wpa_supplicant: WPS:  * Config Methods (2388)
06-20 11:19:20.427  1838  1838 D wpa_supplicant: WPS:  * UUID-E
06-20 11:19:20.427  1838  1838 D wpa_supplicant: WPS:  * Primary Device Type
06-20 11:19:20.427  1838  1838 D wpa_supplicant: WPS:  * RF Bands (3)
06-20 11:19:20.427  1838  1838 D wpa_supplicant: WPS:  * Association State
06-20 11:19:20.427  1838  1838 D wpa_supplicant: WPS:  * Configuration Error (0)
06-20 11:19:20.427  1838  1838 D wpa_supplicant: WPS:  * Device Password ID (0)
06-20 11:19:20.427  1838  1838 D wpa_supplicant: WPS:  * Manufacturer
06-20 11:19:20.427  1838  1838 D wpa_supplicant: WPS:  * Model Name
06-20 11:19:20.427  1838  1838 D wpa_supplicant: WPS:  * Model Number
06-20 11:19:20.427  1838  1838 D wpa_supplicant: WPS:  * Device Name
06-20 11:19:20.427  1838  1838 D wpa_supplicant: WPS:  * Version2 (0x20)
06-20 11:19:20.427  1838  1838 D wpa_supplicant: wpa_driver_wext_combo_scan: Start
06-20 11:19:20.427  1838  1838 D wpa_supplicant: For Scan: (null)
06-20 11:19:20.486  1838  1838 D wpa_supplicant: Scan requested (ret=0) - scan timeout 30 seconds
06-20 11:19:20.970  1838  1838 D wpa_supplicant: RTM_NEWLINK: operstate=0 ifi_flags=0x11003 ([UP][LOWER_UP])
06-20 11:19:20.970  1838  1838 D wpa_supplicant: RTM_NEWLINK, IFLA_IFNAME: Interface 'wlan0' added
06-20 11:19:20.970  1838  1838 D wpa_supplicant: Wireless event: cmd=0x8b19 len=8
06-20 11:19:20.978  1838  1838 D wpa_supplicant: Received 2314 bytes of scan results (12 BSSes)
06-20 11:19:21.228  3457  3459 D dalvikvm: GC_CONCURRENT freed 385K, 7% free 9300K/9927K, paused 3ms+5ms
06-20 11:19:21.275  3457  4061 I DownloadManager: deleting /data/data/com.android.providers.downloads/cache/downloadfile.jpeg
06-20 11:19:21.505  3457  4063 I DownloadManager: Initiating request for download 33
06-20 11:19:22.994  3457  3459 D dalvikvm: GC_CONCURRENT freed 382K, 7% free 9308K/9927K, paused 1ms+3ms
06-20 11:19:23.068  3457  4066 I DownloadManager: deleting /data/data/com.android.providers.downloads/cache/downloadfile.jpeg
06-20 11:19:23.298  3457  4069 I DownloadManager: Initiating request for download 34
06-20 11:19:24.369  3457  3459 D dalvikvm: GC_CONCURRENT freed 381K, 7% free 9315K/9927K, paused 3ms+3ms
06-20 11:19:24.431  3457  4071 I DownloadManager: deleting /data/data/com.android.providers.downloads/cache/downloadfile.jpeg
06-20 11:19:26.037   152   507 D dalvikvm: GC_EXPLICIT freed 477K, 11% free 14496K/16263K, paused 11ms+6ms
06-20 11:19:26.044  3457  4074 I DownloadManager: Initiating request for download 35
06-20 11:19:27.126  3457  3459 D dalvikvm: GC_CONCURRENT freed 388K, 7% free 9326K/9927K, paused 2ms+4ms
06-20 11:19:27.189  3457  4078 I DownloadManager: deleting /data/data/com.android.providers.downloads/cache/downloadfile.jpeg
06-20 11:19:27.412  3457  4081 I DownloadManager: Initiating request for download 36
06-20 11:19:28.908  3457  3459 D dalvikvm: GC_CONCURRENT freed 415K, 7% free 9295K/9927K, paused 2ms+2ms
06-20 11:19:28.974  3457  4083 I DownloadManager: deleting /data/data/com.android.providers.downloads/cache/downloadfile.jpeg
06-20 11:19:29.189  3457  4086 I DownloadManager: Initiating request for download 37
06-20 11:19:30.267  3457  3459 D dalvikvm: GC_CONCURRENT freed 377K, 7% free 9310K/9927K, paused 2ms+3ms
06-20 11:19:30.376  3457  4092 I DownloadManager: deleting /data/data/com.android.providers.downloads/cache/downloadfile.jpeg
06-20 11:19:30.583  3457  4094 I DownloadManager: Initiating request for download 38
06-20 11:19:31.572  3457  4096 D dalvikvm: GC_EXPLICIT freed 330K, 6% free 9336K/9927K, paused 5ms+4ms
06-20 11:19:33.033  3457  4099 I DownloadManager: deleting /data/data/com.android.providers.downloads/cache/downloadfile.jpeg
06-20 11:19:33.314  3457  4101 I DownloadManager: Initiating request for download 39
06-20 11:19:33.814  3457  3459 D dalvikvm: GC_CONCURRENT freed 350K, 6% free 9369K/9927K, paused 4ms+5ms
06-20 11:19:34.423  2988  2991 D dalvikvm: GC_CONCURRENT freed 618K, 18% free 11550K/14023K, paused 5ms+4ms
06-20 11:19:34.470  3457  4103 I DownloadManager: deleting /data/data/com.android.providers.downloads/cache/downloadfile.jpeg
06-20 11:19:34.666  3457  4106 I DownloadManager: Initiating request for download 40
06-20 11:19:35.603   152   163 D dalvikvm: GC_EXPLICIT freed 550K, 11% free 14513K/16263K, paused 3ms+5ms
06-20 11:19:35.638  3457  3459 D dalvikvm: GC_CONCURRENT freed 449K, 6% free 9348K/9927K, paused 1ms+2ms
06-20 11:19:35.787  3457  4110 I DownloadManager: deleting /data/data/com.android.providers.downloads/cache/downloadfile.jpeg
06-20 11:19:35.986  1838  1838 D wpa_supplicant: WPS: Building WPS IE for Probe Request
06-20 11:19:35.986  1838  1838 D wpa_supplicant: WPS:  * Version (hardcoded 0x10)
06-20 11:19:35.986  1838  1838 D wpa_supplicant: WPS:  * Request Type
06-20 11:19:35.986  1838  1838 D wpa_supplicant: WPS:  * Config Methods (2388)
06-20 11:19:35.986  1838  1838 D wpa_supplicant: WPS:  * UUID-E
06-20 11:19:35.986  1838  1838 D wpa_supplicant: WPS:  * Primary Device Type
06-20 11:19:35.986  1838  1838 D wpa_supplicant: WPS:  * RF Bands (3)
06-20 11:19:35.986  1838  1838 D wpa_supplicant: WPS:  * Association State
06-20 11:19:35.986  1838  1838 D wpa_supplicant: WPS:  * Configuration Error (0)
06-20 11:19:35.986  1838  1838 D wpa_supplicant: WPS:  * Device Password ID (0)
06-20 11:19:35.986  1838  1838 D wpa_supplicant: WPS:  * Manufacturer
06-20 11:19:35.986  1838  1838 D wpa_supplicant: WPS:  * Model Name
06-20 11:19:35.986  1838  1838 D wpa_supplicant: WPS:  * Model Number
06-20 11:19:35.986  1838  1838 D wpa_supplicant: WPS:  * Device Name
06-20 11:19:35.986  1838  1838 D wpa_supplicant: WPS:  * Version2 (0x20)
06-20 11:19:35.986  1838  1838 D wpa_supplicant: wpa_driver_wext_combo_scan: Start
06-20 11:19:35.986  1838  1838 D wpa_supplicant: For Scan: (null)
06-20 11:19:36.013  3457  4112 I DownloadManager: Initiating request for download 41
06-20 11:19:36.037  1838  1838 D wpa_supplicant: Scan requested (ret=0) - scan timeout 30 seconds
06-20 11:19:36.525  1838  1838 D wpa_supplicant: RTM_NEWLINK: operstate=0 ifi_flags=0x11003 ([UP][LOWER_UP])
06-20 11:19:36.525  1838  1838 D wpa_supplicant: RTM_NEWLINK, IFLA_IFNAME: Interface 'wlan0' added
06-20 11:19:36.525  1838  1838 D wpa_supplicant: Wireless event: cmd=0x8b19 len=8
06-20 11:19:36.533  1838  1838 D wpa_supplicant: Received 1900 bytes of scan results (11 BSSes)
06-20 11:19:37.388  3457  3459 D dalvikvm: GC_CONCURRENT freed 453K, 6% free 9347K/9927K, paused 2ms+4ms
06-20 11:19:37.443  3457  4114 I DownloadManager: deleting /data/data/com.android.providers.downloads/cache/downloadfile.jpeg
06-20 11:19:38.384  3457  4118 I DownloadManager: Initiating request for download 42
06-20 11:19:39.755  3457  3459 D dalvikvm: GC_CONCURRENT freed 467K, 7% free 9326K/9927K, paused 1ms+3ms
06-20 11:19:39.783  3457  4122 I DownloadManager: deleting /data/data/com.android.providers.downloads/cache/downloadfile.jpeg
06-20 11:19:40.103  3457  4124 I DownloadManager: Initiating request for download 43
06-20 11:19:41.259  3457  3459 D dalvikvm: GC_CONCURRENT freed 401K, 7% free 9309K/9927K, paused 2ms+3ms
06-20 11:19:41.306  3457  4128 I DownloadManager: deleting /data/data/com.android.providers.downloads/cache/downloadfile.jpeg
06-20 11:19:41.501  3457  4130 I DownloadManager: Initiating request for download 44
06-20 11:19:42.900  3457  3459 D dalvikvm: GC_CONCURRENT freed 382K, 7% free 9314K/9927K, paused 2ms+3ms
06-20 11:19:42.962  3457  4134 I DownloadManager: deleting /data/data/com.android.providers.downloads/cache/downloadfile.jpeg
06-20 11:21:21.511  3391  3391 I PhoneLab-Locks: wake lock acquired
06-20 11:21:21.535  3391  4137 I PhoneLab-PeriodicCheckService: User info is synched
06-20 11:21:21.539  3391  4137 I PhoneLab-PeriodicCheckService: Logger Service is running
06-20 11:21:21.543  3391  3391 I PhoneLab-Locks: wake lock acquired
06-20 11:21:21.547  3391  3391 I PhoneLab-StatusMonitor: Status Monitoring is started
06-20 11:21:21.547  3391  4137 I PhoneLab-Locks: wake lock acquired
06-20 11:21:21.550  3391  4137 I PhoneLab-PeriodicCheckService: Rescheduling periodic checking...
06-20 11:21:21.558  3391  4137 I PhoneLab-Locks: wake lock released
06-20 11:21:21.589  3391  3391 E PhoneLab-PhoneLabManifest: java.io.FileNotFoundException: /data/data/edu.buffalo.cse.phonelab.phonelabservices/files/manifest.xml: open failed: ENOENT (No such file or directory)
06-20 11:21:21.636  3391  3391 I PhoneLab-Locks: wake lock released
06-20 11:21:21.640  3391  3391 I PhoneLab-UploadLogs: Transfering log files now
06-20 11:21:21.902  3391  3393 D dalvikvm: GC_CONCURRENT freed 455K, 6% free 9208K/9735K, paused 4ms+2ms
06-20 11:21:21.925  3391  3391 D dalvikvm: GC_FOR_ALLOC freed 7K, 6% free 9201K/9735K, paused 24ms
06-20 11:21:21.925  3391  3391 I dalvikvm-heap: Grow heap (frag case) to 9.172MB for 123476-byte allocation
06-20 11:21:21.949  3391  3400 D dalvikvm: GC_FOR_ALLOC freed 56K, 7% free 9265K/9863K, paused 12ms
06-20 11:21:21.988  3391  3391 D dalvikvm: GC_FOR_ALLOC freed 0K, 7% free 9265K/9863K, paused 23ms
06-20 11:21:21.988  3391  3391 I dalvikvm-heap: Grow heap (frag case) to 9.360MB for 254548-byte allocation
06-20 11:21:22.011  3391  3400 D dalvikvm: GC_FOR_ALLOC freed 120K, 8% free 9393K/10119K, paused 12ms
06-20 11:21:22.050  3391  3391 D dalvikvm: GC_FOR_ALLOC freed 0K, 8% free 9393K/10119K, paused 28ms
06-20 11:21:22.050  3391  3391 I dalvikvm-heap: Grow heap (frag case) to 9.735MB for 516692-byte allocation
06-20 11:21:22.078  3391  3400 D dalvikvm: GC_FOR_ALLOC freed 248K, 10% free 9649K/10631K, paused 14ms
06-20 11:21:22.101  3391  3391 I PhoneLab-UploadLogs: OnStartCommand
06-20 11:21:22.164  3391  3393 D dalvikvm: GC_CONCURRENT freed 51K, 10% free 9635K/10631K, paused 2ms+3ms
06-20 11:21:23.691  1838  1838 D wpa_supplicant: WPS: Building WPS IE for Probe Request
06-20 11:21:23.691  1838  1838 D wpa_supplicant: WPS:  * Version (hardcoded 0x10)
06-20 11:21:23.691  1838  1838 D wpa_supplicant: WPS:  * Request Type
06-20 11:21:23.691  1838  1838 D wpa_supplicant: WPS:  * Config Methods (2388)
06-20 11:21:23.691  1838  1838 D wpa_supplicant: WPS:  * UUID-E
06-20 11:21:23.691  1838  1838 D wpa_supplicant: WPS:  * Primary Device Type
06-20 11:21:23.691  1838  1838 D wpa_supplicant: WPS:  * RF Bands (3)
06-20 11:21:23.691  1838  1838 D wpa_supplicant: WPS:  * Association State
06-20 11:21:23.691  1838  1838 D wpa_supplicant: WPS:  * Configuration Error (0)
06-20 11:21:23.691  1838  1838 D wpa_supplicant: WPS:  * Device Password ID (0)
06-20 11:21:23.691  1838  1838 D wpa_supplicant: WPS:  * Manufacturer
06-20 11:21:23.691  1838  1838 D wpa_supplicant: WPS:  * Model Name
06-20 11:21:23.691  1838  1838 D wpa_supplicant: WPS:  * Model Number
06-20 11:21:23.691  1838  1838 D wpa_supplicant: WPS:  * Device Name
06-20 11:21:23.691  1838  1838 D wpa_supplicant: WPS:  * Version2 (0x20)
06-20 11:21:23.691  1838  1838 D wpa_supplicant: wpa_driver_wext_combo_scan: Start
06-20 11:21:23.691  1838  1838 D wpa_supplicant: For Scan: (null)
06-20 11:21:23.773  1838  1838 D wpa_supplicant: Scan requested (ret=0) - scan timeout 30 seconds
06-20 11:21:24.203  3391  4139 D dalvikvm: GC_FOR_ALLOC freed 334K, 10% free 9631K/10631K, paused 66ms
06-20 11:21:24.214  3391  4139 D dalvikvm: GC_FOR_ALLOC freed 301K, 10% free 9631K/10631K, paused 12ms
06-20 11:21:24.230  3391  4139 D dalvikvm: GC_FOR_ALLOC freed 301K, 10% free 9638K/10631K, paused 12ms
06-20 11:21:24.250  1838  1838 D wpa_supplicant: RTM_NEWLINK: operstate=0 ifi_flags=0x11003 ([UP][LOWER_UP])
06-20 11:21:24.250  1838  1838 D wpa_supplicant: RTM_NEWLINK, IFLA_IFNAME: Interface 'wlan0' added
06-20 11:21:24.250  1838  1838 D wpa_supplicant: Wireless event: cmd=0x8b19 len=8
06-20 11:21:24.250  1838  1838 D wpa_supplicant: Received 929 bytes of scan results (5 BSSes)
06-20 11:21:39.261  1838  1838 D wpa_supplicant: WPS: Building WPS IE for Probe Request
06-20 11:21:39.261  1838  1838 D wpa_supplicant: WPS:  * Version (hardcoded 0x10)
06-20 11:21:39.261  1838  1838 D wpa_supplicant: WPS:  * Request Type
06-20 11:21:39.261  1838  1838 D wpa_supplicant: WPS:  * Config Methods (2388)
06-20 11:21:39.261  1838  1838 D wpa_supplicant: WPS:  * UUID-E
06-20 11:21:39.261  1838  1838 D wpa_supplicant: WPS:  * Primary Device Type
06-20 11:21:39.261  1838  1838 D wpa_supplicant: WPS:  * RF Bands (3)
06-20 11:21:39.261  1838  1838 D wpa_supplicant: WPS:  * Association State
06-20 11:21:39.261  1838  1838 D wpa_supplicant: WPS:  * Configuration Error (0)
06-20 11:21:39.261  1838  1838 D wpa_supplicant: WPS:  * Device Password ID (0)
06-20 11:21:39.261  1838  1838 D wpa_supplicant: WPS:  * Manufacturer
06-20 11:21:39.261  1838  1838 D wpa_supplicant: WPS:  * Model Name
06-20 11:21:39.261  1838  1838 D wpa_supplicant: WPS:  * Model Number
06-20 11:21:39.261  1838  1838 D wpa_supplicant: WPS:  * Device Name
06-20 11:21:39.261  1838  1838 D wpa_supplicant: WPS:  * Version2 (0x20)
06-20 11:21:39.261  1838  1838 D wpa_supplicant: wpa_driver_wext_combo_scan: Start
06-20 11:21:39.261  1838  1838 D wpa_supplicant: For Scan: (null)
06-20 11:21:39.316  1838  1838 D wpa_supplicant: Scan requested (ret=0) - scan timeout 30 seconds
06-20 11:21:39.832  1838  1838 D wpa_supplicant: RTM_NEWLINK: operstate=0 ifi_flags=0x11003 ([UP][LOWER_UP])
06-20 11:21:39.832  1838  1838 D wpa_supplicant: RTM_NEWLINK, IFLA_IFNAME: Interface 'wlan0' added
06-20 11:21:39.832  1838  1838 D wpa_supplicant: Wireless event: cmd=0x8b19 len=8
06-20 11:21:39.832  1838  1838 D wpa_supplicant: Received 2981 bytes of scan results (17 BSSes)
06-20 11:21:54.855  1838  1838 D wpa_supplicant: WPS: Building WPS IE for Probe Request
06-20 11:21:54.855  1838  1838 D wpa_supplicant: WPS:  * Version (hardcoded 0x10)
06-20 11:21:54.855  1838  1838 D wpa_supplicant: WPS:  * Request Type
06-20 11:21:54.855  1838  1838 D wpa_supplicant: WPS:  * Config Methods (2388)
06-20 11:21:54.855  1838  1838 D wpa_supplicant: WPS:  * UUID-E
06-20 11:21:54.855  1838  1838 D wpa_supplicant: WPS:  * Primary Device Type
06-20 11:21:54.855  1838  1838 D wpa_supplicant: WPS:  * RF Bands (3)
06-20 11:21:54.855  1838  1838 D wpa_supplicant: WPS:  * Association State
06-20 11:21:54.855  1838  1838 D wpa_supplicant: WPS:  * Configuration Error (0)
06-20 11:21:54.855  1838  1838 D wpa_supplicant: WPS:  * Device Password ID (0)
06-20 11:21:54.855  1838  1838 D wpa_supplicant: WPS:  * Manufacturer
06-20 11:21:54.855  1838  1838 D wpa_supplicant: WPS:  * Model Name
06-20 11:21:54.855  1838  1838 D wpa_supplicant: WPS:  * Model Number
06-20 11:21:54.855  1838  1838 D wpa_supplicant: WPS:  * Device Name
06-20 11:21:54.855  1838  1838 D wpa_supplicant: WPS:  * Version2 (0x20)
06-20 11:21:54.855  1838  1838 D wpa_supplicant: wpa_driver_wext_combo_scan: Start
06-20 11:21:54.855  1838  1838 D wpa_supplicant: For Scan: (null)
06-20 11:21:54.918  1838  1838 D wpa_supplicant: Scan requested (ret=0) - scan timeout 30 seconds
06-20 11:21:55.398  1838  1838 D wpa_supplicant: RTM_NEWLINK: operstate=0 ifi_flags=0x11003 ([UP][LOWER_UP])
06-20 11:21:55.398  1838  1838 D wpa_supplicant: RTM_NEWLINK, IFLA_IFNAME: Interface 'wlan0' added
06-20 11:21:55.398  1838  1838 D wpa_supplicant: Wireless event: cmd=0x8b19 len=8
06-20 11:21:55.398  1838  1838 D wpa_supplicant: Received 156 bytes of scan results (1 BSSes)
06-20 11:22:01.097   152   585 D AlarmManagerService: Kernel timezone updated to 240 minutes west of GMT
06-20 11:22:01.101   473   473 D SystemClock: Setting time of day to sec=1340205721
06-20 11:22:01.074   152  2465 I ActivityManager: Start proc com.android.deskclock for broadcast com.android.deskclock/.AlarmInitReceiver: pid=4140 uid=10011 gids={}
06-20 11:22:01.246  4140  4140 I ActivityThread: Pub com.android.deskclock: com.android.deskclock.AlarmProvider
06-20 11:22:01.374   152   585 D dalvikvm: GC_EXPLICIT freed 628K, 11% free 14555K/16263K, paused 6ms+6ms
06-20 11:22:01.398  4140  4153 V AlarmClock: AlarmInitReceiver finished
06-20 11:22:02.746   152   507 I ActivityManager: Process com.android.settings (pid 3609) has died.
06-20 11:22:02.886  3779  3779 D dalvikvm: GC_EXPLICIT freed 347K, 5% free 9240K/9671K, paused 4ms+7ms
06-20 11:22:06.214  3986  3987 D dalvikvm: GC_CONCURRENT freed 291K, 5% free 9263K/9671K, paused 5ms+3ms
06-20 11:22:07.269   152   152 D AlarmManagerService: Kernel timezone updated to 240 minutes west of GMT
06-20 11:22:10.406  1838  1838 D wpa_supplicant: WPS: Building WPS IE for Probe Request
06-20 11:22:10.406  1838  1838 D wpa_supplicant: WPS:  * Version (hardcoded 0x10)
06-20 11:22:10.406  1838  1838 D wpa_supplicant: WPS:  * Request Type
06-20 11:22:10.406  1838  1838 D wpa_supplicant: WPS:  * Config Methods (2388)
06-20 11:22:10.406  1838  1838 D wpa_supplicant: WPS:  * UUID-E
06-20 11:22:10.406  1838  1838 D wpa_supplicant: WPS:  * Primary Device Type
06-20 11:22:10.406  1838  1838 D wpa_supplicant: WPS:  * RF Bands (3)
06-20 11:22:10.406  1838  1838 D wpa_supplicant: WPS:  * Association State
06-20 11:22:10.406  1838  1838 D wpa_supplicant: WPS:  * Configuration Error (0)
06-20 11:22:10.406  1838  1838 D wpa_supplicant: WPS:  * Device Password ID (0)
06-20 11:22:10.406  1838  1838 D wpa_supplicant: WPS:  * Manufacturer
06-20 11:22:10.406  1838  1838 D wpa_supplicant: WPS:  * Model Name
06-20 11:22:10.406  1838  1838 D wpa_supplicant: WPS:  * Model Number
06-20 11:22:10.406  1838  1838 D wpa_supplicant: WPS:  * Device Name
06-20 11:22:10.406  1838  1838 D wpa_supplicant: WPS:  * Version2 (0x20)
06-20 11:22:10.406  1838  1838 D wpa_supplicant: wpa_driver_wext_combo_scan: Start
06-20 11:22:10.406  1838  1838 D wpa_supplicant: For Scan: (null)
06-20 11:22:10.460  1838  1838 D wpa_supplicant: Scan requested (ret=0) - scan timeout 30 seconds
06-20 11:22:10.941  1838  1838 D wpa_supplicant: RTM_NEWLINK: operstate=0 ifi_flags=0x11003 ([UP][LOWER_UP])
06-20 11:22:10.941  1838  1838 D wpa_supplicant: RTM_NEWLINK, IFLA_IFNAME: Interface 'wlan0' added
06-20 11:22:10.941  1838  1838 D wpa_supplicant: Wireless event: cmd=0x8b19 len=8
06-20 11:22:10.941  1838  1838 D wpa_supplicant: Received 229 bytes of scan results (1 BSSes)
06-20 11:22:11.566   390   392 D dalvikvm: GC_CONCURRENT freed 442K, 9% free 9969K/10951K, paused 1ms+2ms
06-20 11:22:24.773   152   375 D AlarmManagerService: Kernel timezone updated to 240 minutes west of GMT
06-20 11:22:25.628  3391  3404 I PhoneLab-: Service Running
06-20 11:22:25.706  3391  3404 I PhoneLab-LoggerService: app_38    1266  1     1744   1368  c00f181c 400107b4 S logcat
06-20 11:22:25.706  3391  3404 I PhoneLab-LoggerService: Logcat pid from database 1266
06-20 11:22:25.706  3391  3404 I PhoneLab-LoggerService: Logcat process found 1266
06-20 11:22:25.706  3391  3404 I PhoneLab-LoggerService: Checking Threshold
06-20 11:22:25.706  3391  3404 I PhoneLab-LoggerService: Starting to rename files
06-20 11:22:25.710  3391  3404 I PhoneLab-LoggerService: Files found .. 2
06-20 11:22:25.964  1838  1838 D wpa_supplicant: WPS: Building WPS IE for Probe Request
06-20 11:22:25.964  1838  1838 D wpa_supplicant: WPS:  * Version (hardcoded 0x10)
06-20 11:22:25.964  1838  1838 D wpa_supplicant: WPS:  * Request Type
06-20 11:22:25.964  1838  1838 D wpa_supplicant: WPS:  * Config Methods (2388)
06-20 11:22:25.964  1838  1838 D wpa_supplicant: WPS:  * UUID-E
06-20 11:22:25.964  1838  1838 D wpa_supplicant: WPS:  * Primary Device Type
06-20 11:22:25.964  1838  1838 D wpa_supplicant: WPS:  * RF Bands (3)
06-20 11:22:25.964  1838  1838 D wpa_supplicant: WPS:  * Association State
06-20 11:22:25.964  1838  1838 D wpa_supplicant: WPS:  * Configuration Error (0)
06-20 11:22:25.964  1838  1838 D wpa_supplicant: WPS:  * Device Password ID (0)
06-20 11:22:25.964  1838  1838 D wpa_supplicant: WPS:  * Manufacturer
06-20 11:22:25.964  1838  1838 D wpa_supplicant: WPS:  * Model Name
06-20 11:22:25.964  1838  1838 D wpa_supplicant: WPS:  * Model Number
06-20 11:22:25.964  1838  1838 D wpa_supplicant: WPS:  * Device Name
06-20 11:22:25.964  1838  1838 D wpa_supplicant: WPS:  * Version2 (0x20)
06-20 11:22:25.964  1838  1838 D wpa_supplicant: wpa_driver_wext_combo_scan: Start
06-20 11:22:25.964  1838  1838 D wpa_supplicant: For Scan: (null)
06-20 11:22:26.023  1838  1838 D wpa_supplicant: Scan requested (ret=0) - scan timeout 30 seconds
06-20 11:22:26.511  1838  1838 D wpa_supplicant: RTM_NEWLINK: operstate=0 ifi_flags=0x11003 ([UP][LOWER_UP])
06-20 11:22:26.511  1838  1838 D wpa_supplicant: RTM_NEWLINK, IFLA_IFNAME: Interface 'wlan0' added
06-20 11:22:26.511  1838  1838 D wpa_supplicant: Wireless event: cmd=0x8b19 len=8
06-20 11:22:26.511  1838  1838 D wpa_supplicant: Received 2132 bytes of scan results (10 BSSes)
06-20 11:22:26.550  1838  1838 D wpa_supplicant: wlan0: Request association: reassociate: 0  selected: 00:86:11:15:d0:e1  bssid: 00:00:00:00:00:00  pending: 00:00:00:00:00:00  wpa_state: SCANNING
06-20 11:22:26.550  1838  1838 I wpa_supplicant: wlan0: Trying to associate with 00:86:11:15:d0:e1 (SSID='konoha' freq=2437 MHz)
06-20 11:22:26.566  1838  1838 D wpa_supplicant: wpa_driver_wext_set_operstate: operstate 0->0 (DORMANT)
06-20 11:22:26.566  1838  1838 D wpa_supplicant: netlink: Operstate: linkmode=-1, operstate=5
06-20 11:22:26.570  1838  1838 D wpa_supplicant: wpa_driver_wext_associate
06-20 11:22:26.570  1838  1838 D wpa_supplicant: wpa_driver_wext_set_drop_unencrypted
06-20 11:22:26.605  1838  1838 D wpa_supplicant: wpa_driver_wext_set_psk
06-20 11:22:26.632  1838  1838 D wpa_supplicant: EAPOL: External notification - EAP success=0
06-20 11:22:26.632  1838  1838 D wpa_supplicant: EAPOL: Supplicant port status: Unauthorized
06-20 11:22:26.632  1838  1838 D wpa_supplicant: EAPOL: External notification - EAP fail=0
06-20 11:22:26.636  1838  1838 D wpa_supplicant: EAPOL: Supplicant port status: Unauthorized
06-20 11:22:26.636  1838  1838 D wpa_supplicant: EAPOL: External notification - portControl=Auto
06-20 11:22:26.636  1838  1838 D wpa_supplicant: EAPOL: Supplicant port status: Unauthorized
06-20 11:22:26.636  1838  1838 D wpa_supplicant: RTM_NEWLINK: operstate=0 ifi_flags=0x11003 ([UP][LOWER_UP])
06-20 11:22:26.636  1838  1838 D wpa_supplicant: RTM_NEWLINK, IFLA_IFNAME: Interface 'wlan0' added
06-20 11:22:26.636  1838  1838 D wpa_supplicant: Wireless event: cmd=0x8b06 len=8
06-20 11:22:26.640  1838  1838 D wpa_supplicant: RTM_NEWLINK: operstate=0 ifi_flags=0x11003 ([UP][LOWER_UP])
06-20 11:22:26.640  1838  1838 D wpa_supplicant: RTM_NEWLINK, IFLA_IFNAME: Interface 'wlan0' added
06-20 11:22:26.640  1838  1838 D wpa_supplicant: Wireless event: cmd=0x8b04 len=12
06-20 11:22:26.640  1838  1838 D wpa_supplicant: RTM_NEWLINK: operstate=0 ifi_flags=0x11003 ([UP][LOWER_UP])
06-20 11:22:26.644  1838  1838 D wpa_supplicant: RTM_NEWLINK, IFLA_IFNAME: Interface 'wlan0' added
06-20 11:22:26.644  1838  1838 D wpa_supplicant: Wireless event: cmd=0x8b1a len=14
06-20 11:22:26.710  1838  1838 D wpa_supplicant: RTM_NEWLINK: operstate=0 ifi_flags=0x11003 ([UP][LOWER_UP])
06-20 11:22:26.710  1838  1838 D wpa_supplicant: RTM_NEWLINK, IFLA_IFNAME: Interface 'wlan0' added
06-20 11:22:26.710  1838  1838 D wpa_supplicant: Wireless event: cmd=0x8b15 len=20
06-20 11:22:26.710  1838  1838 D wpa_supplicant: Wireless event: new AP: 00:86:11:15:d0:e1
06-20 11:22:26.710  1838  1838 D wpa_supplicant: wpa_driver_wext_set_operstate: operstate 0->0 (DORMANT)
06-20 11:22:26.710  1838  1838 D wpa_supplicant: netlink: Operstate: linkmode=-1, operstate=5
06-20 11:22:26.718  1838  1838 I wpa_supplicant: wlan0: Associated with 00:86:11:15:d0:e1
06-20 11:22:26.718  1838  1838 D wpa_supplicant: EAPOL: External notification - portEnabled=0
06-20 11:22:26.718  1838  1838 D wpa_supplicant: EAPOL: Supplicant port status: Unauthorized
06-20 11:22:26.718  1838  1838 D wpa_supplicant: EAPOL: External notification - portValid=0
06-20 11:22:26.718  1838  1838 D wpa_supplicant: EAPOL: Supplicant port status: Unauthorized
06-20 11:22:26.718  1838  1838 D wpa_supplicant: EAPOL: External notification - EAP success=0
06-20 11:22:26.718  1838  1838 D wpa_supplicant: EAPOL: Supplicant port status: Unauthorized
06-20 11:22:26.718  1838  1838 D wpa_supplicant: EAPOL: External notification - portEnabled=1
06-20 11:22:26.718  1838  1838 D wpa_supplicant: EAPOL: SUPP_PAE entering state CONNECTING
06-20 11:22:26.718  1838  1838 D wpa_supplicant: EAPOL: enable timer tick
06-20 11:22:26.718  1838  1838 D wpa_supplicant: EAPOL: SUPP_BE entering state IDLE
06-20 11:22:26.730  1838  1838 D wpa_supplicant: WPA: PTK derivation - A1=78:d6:f0:49:8a:04 A2=00:86:11:15:d0:e1
06-20 11:22:26.738  1838  1838 D wpa_supplicant: RTM_NEWLINK: operstate=0 ifi_flags=0x11003 ([UP][LOWER_UP])
06-20 11:22:26.738  1838  1838 D wpa_supplicant: RTM_NEWLINK, IFLA_IFNAME: Interface 'wlan0' added
06-20 11:22:26.738  1838  1838 D wpa_supplicant: Wireless event: cmd=0x8c03 len=20
06-20 11:22:26.738  1838  1838 D wpa_supplicant: RTM_NEWLINK: operstate=0 ifi_flags=0x11003 ([UP][LOWER_UP])
06-20 11:22:26.738  1838  1838 D wpa_supplicant: RTM_NEWLINK, IFLA_IFNAME: Interface 'wlan0' added
06-20 11:22:26.738  1838  1838 D wpa_supplicant: Wireless event: cmd=0x8c02 len=26
06-20 11:22:26.738  1838  1838 D wpa_supplicant: wpa_driver_wext_set_key: alg=3 key_idx=0 set_tx=1 seq_len=6 key_len=16
06-20 11:22:26.738  1838  1838 D wpa_supplicant: EAPOL: External notification - portValid=1
06-20 11:22:26.742  1838  1838 D wpa_supplicant: wpa_driver_wext_set_key: alg=3 key_idx=1 set_tx=0 seq_len=6 key_len=16
06-20 11:22:26.742  1838  1838 I wpa_supplicant: wlan0: WPA: Key negotiation completed with 00:86:11:15:d0:e1 [PTK=CCMP GTK=CCMP]
06-20 11:22:26.742  1838  1838 I wpa_supplicant: wlan0: CTRL-EVENT-CONNECTED - Connection to 00:86:11:15:d0:e1 completed (reauth) [id=0 id_str=]
06-20 11:22:26.746  1838  1838 D wpa_supplicant: wpa_driver_wext_set_operstate: operstate 0->1 (UP)
06-20 11:22:26.746  1838  1838 D wpa_supplicant: netlink: Operstate: linkmode=-1, operstate=6
06-20 11:22:26.749  1838  1838 D wpa_supplicant: EAPOL: External notification - portValid=1
06-20 11:22:26.749  1838  1838 D wpa_supplicant: EAPOL: External notification - EAP success=1
06-20 11:22:26.749  1838  1838 D wpa_supplicant: EAPOL: SUPP_PAE entering state AUTHENTICATING
06-20 11:22:26.749  1838  1838 D wpa_supplicant: EAPOL: SUPP_BE entering state SUCCESS
06-20 11:22:26.749  1838  1838 D wpa_supplicant: EAP: EAP entering state DISABLED
06-20 11:22:26.749  1838  1838 D wpa_supplicant: EAPOL: SUPP_PAE entering state AUTHENTICATED
06-20 11:22:26.749  1838  1838 D wpa_supplicant: EAPOL: Supplicant port status: Authorized
06-20 11:22:26.749  1838  1838 D wpa_supplicant: EAPOL: SUPP_BE entering state IDLE
06-20 11:22:26.749  1838  1838 D wpa_supplicant: EAPOL authentication completed successfully
06-20 11:22:26.753  1838  1838 D wpa_supplicant: RTM_NEWLINK: operstate=1 ifi_flags=0x11043 ([UP][RUNNING][LOWER_UP])
06-20 11:22:26.753  1838  1838 D wpa_supplicant: RTM_NEWLINK, IFLA_IFNAME: Interface 'wlan0' added
06-20 11:22:26.785  1838  1838 D wpa_supplicant: wpa_driver_wext_driver_cmd BTCOEXMODE 1 len = 4096
06-20 11:22:26.929  1838  1838 D wpa_supplicant: wpa_driver_wext_driver_cmd OK len = 0, 2
06-20 11:22:26.929  1838  1838 D wpa_supplicant: wpa_driver_wext_driver_cmd GETPOWER len = 4096
06-20 11:22:26.933  1838  1838 D wpa_supplicant: wpa_driver_wext_driver_cmd powermode = 0 len = 13, 13
06-20 11:22:26.933  1838  1838 D wpa_supplicant: wpa_driver_wext_driver_cmd POWERMODE 1 len = 4096
06-20 11:22:26.945  1838  1838 D wpa_supplicant: wpa_driver_wext_driver_cmd OK len = 0, 2
06-20 11:22:27.363  1838  1838 D wpa_supplicant: wpa_driver_wext_driver_cmd POWERMODE 0 len = 4096
06-20 11:22:27.363  1838  1838 D wpa_supplicant: wpa_driver_wext_driver_cmd OK len = 0, 2
06-20 11:22:27.363  1838  1838 D wpa_supplicant: wpa_driver_wext_driver_cmd BTCOEXMODE 2 len = 4096
06-20 11:22:27.363  1838  1838 D wpa_supplicant: wpa_driver_wext_driver_cmd OK len = 0, 2
06-20 11:22:27.371   152   314 D ConnectivityService: ConnectivityChange for WIFI: CONNECTED/CONNECTED
06-20 11:22:27.371   152   314 D ConnectivityService: Policy requires mobile teardown
06-20 11:22:27.456  3391  3391 I PhoneLab-WiFiReceiver: Wi-Fi is connected!
06-20 11:22:27.488   152   314 D ConnectivityService: ConnectivityChange for mobile: DISCONNECTED/DISCONNECTED
06-20 11:22:27.488   152   314 D ConnectivityService: Attempting to switch to WIFI
06-20 11:22:27.492   152   314 D ConnectivityService: Attempting to switch to WIMAX
06-20 11:22:27.492   152   314 D ConnectivityService: Attempting to switch to BLUETOOTH_TETHER
06-20 11:22:27.499  3391  3391 I PhoneLab-WiFiReceiver: SSID: konoha BSSID: 00:86:11:15:d0:e1 RSSI: -200 LinkSpeed: -1
06-20 11:22:27.499  3391  3391 I PhoneLab-Locks: wake lock acquired
06-20 11:22:27.503   152   314 D NetUtils: android_net_utils_resetConnections in env=0xb71b78 clazz=0x2a600001 iface=rmnet0 mask=0x3
06-20 11:22:27.503   152   314 D ConnectivityService: resetConnections(rmnet0, 3)
06-20 11:22:27.511   152   308 W NetworkStats: dropping UID delta from unknown iface: iface=wlan0 uid=0 set=DEFAULT tag=0x0 rxBytes=0 rxPackets=0 txBytes=140 txPackets=2 operations=0
06-20 11:22:27.535  3391  3391 I PhoneLab-UploadLogs: OnStartCommand
06-20 11:22:27.574   713  2379 W Smack/Packet: notify conn break (IOEx), close connection
06-20 11:22:27.718  1838  1838 D wpa_supplicant: EAPOL: startWhen --> 0
06-20 11:22:27.718  1838  1838 D wpa_supplicant: EAPOL: disable timer tick
06-20 11:22:27.746   713  2379 I qtaguid : Failed write_ctrl(u 79) res=-1 errno=22
06-20 11:22:27.746   713  2379 I qtaguid : Untagging socket 79 failed errno=-22
06-20 11:22:27.746   713  2379 W NetworkManagementSocketTagger: untagSocket(79) failed with errno -22
06-20 11:22:27.753   152   314 D ConnectivityService: handleInetConditionChange: net=0 != default=1 - ignore
06-20 11:22:29.105  3391  3393 D dalvikvm: GC_CONCURRENT freed 369K, 10% free 9653K/10631K, paused 13ms+2ms
06-20 11:22:29.359  1838  1838 D wpa_supplicant: Ignore event for foreign ifindex 2
06-20 11:22:30.515   152   317 D Tethering: MasterInitialState.processMessage what=3
06-20 11:22:30.570   713   713 I GTalkService/c: [AndroidEndpoint@1093885120] connect: acct=1000001, state=CONNECTING
06-20 11:22:30.574   713   713 I GTalkService/c: [GTalkConnection@1094310024] connect: acct=1, state=CONNECTING
06-20 11:22:30.578   713   713 I GTalkService/c: [GTalkConnection@1095493584] connect: acct=2, state=CONNECTING
06-20 11:22:30.601   152   317 D Tethering: MasterInitialState.processMessage what=3
06-20 11:22:30.605   152   317 D Tethering: MasterInitialState.processMessage what=3
06-20 11:22:30.648  3952  3965 D PicasaSyncManager: active network: NetworkInfo: type: WIFI[], state: CONNECTED/CONNECTED, reason: (unspecified), extra: (none), roaming: false, failover: false, isAvailable: true
06-20 11:22:30.648  3952  3965 D PicasaSyncManager: background data: true
06-20 11:22:30.691   152  2465 I ActivityManager: Start proc com.google.android.apps.uploader for broadcast com.google.android.apps.uploader/.ConnectivityBroadcastReceiver: pid=4187 uid=10031 gids={3003}
06-20 11:22:30.699  4187  4187 I dalvikvm: Turning on JNI app bug workarounds for target SDK version 11...
06-20 11:22:30.757  3952  3965 V PicasaContentProvider: querySettings: defaults: {sync_on_wifi_only=1, auto_upload_account_type=null, sync_on_battery=1, sync_picasa_on_wifi_only=1, auto_upload_enabled=0, video_upload_wifi_only=1, sync_on_roaming=0, auto_upload_account_name=null}
06-20 11:22:30.765   713   716 D dalvikvm: GC_CONCURRENT freed 334K, 13% free 10755K/12231K, paused 2ms+6ms
06-20 11:22:30.777  3952  3965 V PicasaContentProvider: querySettings: defaults: {sync_on_wifi_only=1, auto_upload_account_type=null, sync_on_battery=1, sync_picasa_on_wifi_only=1, auto_upload_enabled=0, video_upload_wifi_only=1, sync_on_roaming=0, auto_upload_account_name=null}
06-20 11:22:30.792  4187  4187 I ActivityThread: Pub com.google.android.apps.uploader: com.google.android.apps.uploader.UploadsContentProvider
06-20 11:22:30.796  4187  4187 I ActivityThread: Pub com.google.photos.provider.Album: com.google.android.apps.uploader.clients.picasa.AlbumProvider
06-20 11:22:30.804  4187  4187 D MediaUploader: UploaderApplication.onCreate
06-20 11:22:30.816  3457  4200 I DownloadManager: Initiating request for download 25
06-20 11:22:30.831  3952  3965 D PicasaSyncManager: request sync for MetadataSyncTask (ubphlab@gmail.com)
06-20 11:22:30.839  4187  4187 D MediaUploader: nonWifiLimit=20971520, default=20971520
06-20 11:22:30.843  4187  4187 I MediaUploader: No need to wake up
06-20 11:22:30.871  1838  1838 D wpa_supplicant: RTM_NEWLINK: operstate=1 ifi_flags=0x11043 ([UP][RUNNING][LOWER_UP])
06-20 11:22:30.871  1838  1838 D wpa_supplicant: RTM_NEWLINK, IFLA_IFNAME: Interface 'wlan0' added
06-20 11:22:30.871  1838  1838 D wpa_supplicant: Wireless event: cmd=0x8c00 len=20
06-20 11:22:30.902  4187  4187 I MediaUploader: No need to wake up
06-20 11:22:30.937  3952  3965 D PicasaSyncManager: active network: NetworkInfo: type: WIFI[], state: CONNECTED/CONNECTED, reason: (unspecified), extra: (none), roaming: false, failover: false, isAvailable: true
06-20 11:22:30.945  4187  4187 I MediaUploader: No need to wake up
06-20 11:22:30.949  3952  3965 D PicasaSyncManager: background data: true
06-20 11:22:30.984  3952  4206 D PicasaSyncService: start to perform sync on ubphlab@gmail.com
06-20 11:22:31.019  3952  3955 D dalvikvm: GC_CONCURRENT freed 287K, 5% free 9324K/9735K, paused 2ms+5ms
06-20 11:22:31.035  3952  3965 V PicasaContentProvider: querySettings: defaults: {sync_on_wifi_only=1, auto_upload_account_type=null, sync_on_battery=1, sync_picasa_on_wifi_only=1, auto_upload_enabled=0, video_upload_wifi_only=1, sync_on_roaming=0, auto_upload_account_name=null}
06-20 11:22:31.038  3952  3965 V PicasaContentProvider: querySettings: defaults: {sync_on_wifi_only=1, auto_upload_account_type=null, sync_on_battery=1, sync_picasa_on_wifi_only=1, auto_upload_enabled=0, video_upload_wifi_only=1, sync_on_roaming=0, auto_upload_account_name=null}
06-20 11:22:31.038  3952  4206 D PicasaSyncManager: perform sync task: MetadataSyncTask (ubphlab@gmail.com)
06-20 11:22:31.121  3952  4206 D PicasaAPI: getAlbums for ubphlab@gmail.com, etag = W/"A0cDRnw6eSp7ImA9WhVaEE4."
06-20 11:22:31.871  1838  1838 D wpa_supplicant: RTM_NEWLINK: operstate=1 ifi_flags=0x11043 ([UP][RUNNING][LOWER_UP])
06-20 11:22:31.871  1838  1838 D wpa_supplicant: RTM_NEWLINK, IFLA_IFNAME: Interface 'wlan0' added
06-20 11:22:31.871  1838  1838 D wpa_supplicant: Wireless event: cmd=0x8c00 len=20
06-20 11:22:32.089  1838  1838 D wpa_supplicant: RTM_NEWLINK: operstate=1 ifi_flags=0x11043 ([UP][RUNNING][LOWER_UP])
06-20 11:22:32.089  1838  1838 D wpa_supplicant: RTM_NEWLINK, IFLA_IFNAME: Interface 'wlan0' added
06-20 11:22:32.089  1838  1838 D wpa_supplicant: Wireless event: cmd=0x8c00 len=20
06-20 11:22:32.144  1838  1838 D wpa_supplicant: RTM_NEWLINK: operstate=1 ifi_flags=0x11043 ([UP][RUNNING][LOWER_UP])
06-20 11:22:32.144  1838  1838 D wpa_supplicant: RTM_NEWLINK, IFLA_IFNAME: Interface 'wlan0' added
06-20 11:22:32.144  1838  1838 D wpa_supplicant: Wireless event: cmd=0x8c00 len=20
06-20 11:22:32.195  1838  1838 D wpa_supplicant: RTM_NEWLINK: operstate=1 ifi_flags=0x11043 ([UP][RUNNING][LOWER_UP])
06-20 11:22:32.195  1838  1838 D wpa_supplicant: RTM_NEWLINK, IFLA_IFNAME: Interface 'wlan0' added
06-20 11:22:32.195  1838  1838 D wpa_supplicant: Wireless event: cmd=0x8c00 len=20
06-20 11:22:32.249  1838  1838 D wpa_supplicant: RTM_NEWLINK: operstate=1 ifi_flags=0x11043 ([UP][RUNNING][LOWER_UP])
06-20 11:22:32.249  1838  1838 D wpa_supplicant: RTM_NEWLINK, IFLA_IFNAME: Interface 'wlan0' added
06-20 11:22:32.249  1838  1838 D wpa_supplicant: Wireless event: cmd=0x8c00 len=20
06-20 11:22:32.835  3391  4139 D dalvikvm: GC_FOR_ALLOC freed 367K, 10% free 9653K/10631K, paused 40ms
06-20 11:22:32.851  3391  4139 D dalvikvm: GC_FOR_ALLOC freed 301K, 10% free 9653K/10631K, paused 15ms
06-20 11:22:32.855  1838  1838 D wpa_supplicant: RTM_NEWLINK: operstate=1 ifi_flags=0x11043 ([UP][RUNNING][LOWER_UP])
06-20 11:22:32.855  1838  1838 D wpa_supplicant: RTM_NEWLINK, IFLA_IFNAME: Interface 'wlan0' added
06-20 11:22:32.855  1838  1838 D wpa_supplicant: Wireless event: cmd=0x8c00 len=20
06-20 11:22:32.871  3391  4139 D dalvikvm: GC_FOR_ALLOC freed 302K, 10% free 9652K/10631K, paused 17ms
06-20 11:22:32.902  1838  1838 D wpa_supplicant: RTM_NEWLINK: operstate=1 ifi_flags=0x11043 ([UP][RUNNING][LOWER_UP])
06-20 11:22:32.902  1838  1838 D wpa_supplicant: RTM_NEWLINK, IFLA_IFNAME: Interface 'wlan0' added
06-20 11:22:32.902  1838  1838 D wpa_supplicant: Wireless event: cmd=0x8c00 len=20
06-20 11:22:32.925  1838  1838 D wpa_supplicant: RTM_NEWLINK: operstate=1 ifi_flags=0x11043 ([UP][RUNNING][LOWER_UP])
06-20 11:22:32.925  1838  1838 D wpa_supplicant: RTM_NEWLINK, IFLA_IFNAME: Interface 'wlan0' added
06-20 11:22:32.925  1838  1838 D wpa_supplicant: Wireless event: cmd=0x8c00 len=20
06-20 11:22:32.964  1838  1838 D wpa_supplicant: RTM_NEWLINK: operstate=1 ifi_flags=0x11043 ([UP][RUNNING][LOWER_UP])
06-20 11:22:32.964  1838  1838 D wpa_supplicant: RTM_NEWLINK, IFLA_IFNAME: Interface 'wlan0' added
06-20 11:22:32.964  1838  1838 D wpa_supplicant: Wireless event: cmd=0x8c00 len=20
06-20 11:22:33.015  1838  1838 D wpa_supplicant: RTM_NEWLINK: operstate=1 ifi_flags=0x11043 ([UP][RUNNING][LOWER_UP])
06-20 11:22:33.015  1838  1838 D wpa_supplicant: RTM_NEWLINK, IFLA_IFNAME: Interface 'wlan0' added
06-20 11:22:33.015  1838  1838 D wpa_supplicant: Wireless event: cmd=0x8c00 len=20
06-20 11:22:33.124  1838  1838 D wpa_supplicant: RTM_NEWLINK: operstate=1 ifi_flags=0x11043 ([UP][RUNNING][LOWER_UP])
06-20 11:22:33.124  1838  1838 D wpa_supplicant: RTM_NEWLINK, IFLA_IFNAME: Interface 'wlan0' added
06-20 11:22:33.124  1838  1838 D wpa_supplicant: Wireless event: cmd=0x8c00 len=20
06-20 11:22:33.246  1838  1838 D wpa_supplicant: RTM_NEWLINK: operstate=1 ifi_flags=0x11043 ([UP][RUNNING][LOWER_UP])
06-20 11:22:33.246  1838  1838 D wpa_supplicant: RTM_NEWLINK, IFLA_IFNAME: Interface 'wlan0' added
06-20 11:22:33.246  1838  1838 D wpa_supplicant: Wireless event: cmd=0x8c00 len=20
06-20 11:22:33.277  1838  1838 D wpa_supplicant: RTM_NEWLINK: operstate=1 ifi_flags=0x11043 ([UP][RUNNING][LOWER_UP])
06-20 11:22:33.277  1838  1838 D wpa_supplicant: RTM_NEWLINK, IFLA_IFNAME: Interface 'wlan0' added
06-20 11:22:33.277  1838  1838 D wpa_supplicant: Wireless event: cmd=0x8c00 len=20
06-20 11:22:33.324  1838  1838 D wpa_supplicant: RTM_NEWLINK: operstate=1 ifi_flags=0x11043 ([UP][RUNNING][LOWER_UP])
06-20 11:22:33.324  1838  1838 D wpa_supplicant: RTM_NEWLINK, IFLA_IFNAME: Interface 'wlan0' added
06-20 11:22:33.324  1838  1838 D wpa_supplicant: Wireless event: cmd=0x8c00 len=20
06-20 11:22:33.429  1838  1838 D wpa_supplicant: RTM_NEWLINK: operstate=1 ifi_flags=0x11043 ([UP][RUNNING][LOWER_UP])
06-20 11:22:33.429  1838  1838 D wpa_supplicant: RTM_NEWLINK, IFLA_IFNAME: Interface 'wlan0' added
06-20 11:22:33.429  1838  1838 D wpa_supplicant: Wireless event: cmd=0x8c00 len=20
06-20 11:22:33.515  1838  1838 D wpa_supplicant: RTM_NEWLINK: operstate=1 ifi_flags=0x11043 ([UP][RUNNING][LOWER_UP])
06-20 11:22:33.515  1838  1838 D wpa_supplicant: RTM_NEWLINK, IFLA_IFNAME: Interface 'wlan0' added
06-20 11:22:33.515  1838  1838 D wpa_supplicant: Wireless event: cmd=0x8c00 len=20
06-20 11:22:33.628  1838  1838 D wpa_supplicant: RTM_NEWLINK: operstate=1 ifi_flags=0x11043 ([UP][RUNNING][LOWER_UP])
06-20 11:22:33.628  1838  1838 D wpa_supplicant: RTM_NEWLINK, IFLA_IFNAME: Interface 'wlan0' added
06-20 11:22:33.628  1838  1838 D wpa_supplicant: Wireless event: cmd=0x8c00 len=20
06-20 11:22:34.038  1838  1838 D wpa_supplicant: RTM_NEWLINK: operstate=1 ifi_flags=0x11043 ([UP][RUNNING][LOWER_UP])
06-20 11:22:34.038  1838  1838 D wpa_supplicant: RTM_NEWLINK, IFLA_IFNAME: Interface 'wlan0' added
06-20 11:22:34.038  1838  1838 D wpa_supplicant: Wireless event: cmd=0x8c00 len=20
06-20 11:22:34.226  1838  1838 D wpa_supplicant: RTM_NEWLINK: operstate=1 ifi_flags=0x11043 ([UP][RUNNING][LOWER_UP])
06-20 11:22:34.226  1838  1838 D wpa_supplicant: RTM_NEWLINK, IFLA_IFNAME: Interface 'wlan0' added
06-20 11:22:34.226  1838  1838 D wpa_supplicant: Wireless event: cmd=0x8c00 len=20
06-20 11:22:34.285  1838  1838 D wpa_supplicant: RTM_NEWLINK: operstate=1 ifi_flags=0x11043 ([UP][RUNNING][LOWER_UP])
06-20 11:22:34.285  1838  1838 D wpa_supplicant: RTM_NEWLINK, IFLA_IFNAME: Interface 'wlan0' added
06-20 11:22:34.285  1838  1838 D wpa_supplicant: Wireless event: cmd=0x8c00 len=20
06-20 11:22:34.316  1838  1838 D wpa_supplicant: RTM_NEWLINK: operstate=1 ifi_flags=0x11043 ([UP][RUNNING][LOWER_UP])
06-20 11:22:34.316  1838  1838 D wpa_supplicant: RTM_NEWLINK, IFLA_IFNAME: Interface 'wlan0' added
06-20 11:22:34.316  1838  1838 D wpa_supplicant: Wireless event: cmd=0x8c00 len=20
06-20 11:22:34.351  1838  1838 D wpa_supplicant: RTM_NEWLINK: operstate=1 ifi_flags=0x11043 ([UP][RUNNING][LOWER_UP])
06-20 11:22:34.351  1838  1838 D wpa_supplicant: RTM_NEWLINK, IFLA_IFNAME: Interface 'wlan0' added
06-20 11:22:34.351  1838  1838 D wpa_supplicant: Wireless event: cmd=0x8c00 len=20
06-20 11:22:34.394  1838  1838 D wpa_supplicant: RTM_NEWLINK: operstate=1 ifi_flags=0x11043 ([UP][RUNNING][LOWER_UP])
06-20 11:22:34.394  1838  1838 D wpa_supplicant: RTM_NEWLINK, IFLA_IFNAME: Interface 'wlan0' added
06-20 11:22:34.394  1838  1838 D wpa_supplicant: Wireless event: cmd=0x8c00 len=20
06-20 11:22:34.441  1838  1838 D wpa_supplicant: RTM_NEWLINK: operstate=1 ifi_flags=0x11043 ([UP][RUNNING][LOWER_UP])
06-20 11:22:34.441  1838  1838 D wpa_supplicant: RTM_NEWLINK, IFLA_IFNAME: Interface 'wlan0' added
06-20 11:22:34.441  1838  1838 D wpa_supplicant: Wireless event: cmd=0x8c00 len=20
06-20 11:22:34.488  1838  1838 D wpa_supplicant: RTM_NEWLINK: operstate=1 ifi_flags=0x11043 ([UP][RUNNING][LOWER_UP])
06-20 11:22:34.492  1838  1838 D wpa_supplicant: RTM_NEWLINK, IFLA_IFNAME: Interface 'wlan0' added
06-20 11:22:34.496  1838  1838 D wpa_supplicant: Wireless event: cmd=0x8c00 len=20
06-20 11:22:34.519  1838  1838 D wpa_supplicant: RTM_NEWLINK: operstate=1 ifi_flags=0x11043 ([UP][RUNNING][LOWER_UP])
06-20 11:22:34.519  1838  1838 D wpa_supplicant: RTM_NEWLINK, IFLA_IFNAME: Interface 'wlan0' added
06-20 11:22:34.519  1838  1838 D wpa_supplicant: Wireless event: cmd=0x8c00 len=20
06-20 11:22:34.613   473   475 D dalvikvm: GC_CONCURRENT freed 380K, 6% free 9546K/10119K, paused 1ms+2ms
06-20 11:22:34.652   152   154 D dalvikvm: GC_CONCURRENT freed 1336K, 11% free 14482K/16263K, paused 3ms+6ms
06-20 11:22:34.663  1838  1838 D wpa_supplicant: RTM_NEWLINK: operstate=1 ifi_flags=0x11043 ([UP][RUNNING][LOWER_UP])
06-20 11:22:34.663  1838  1838 D wpa_supplicant: RTM_NEWLINK, IFLA_IFNAME: Interface 'wlan0' added
06-20 11:22:34.663  1838  1838 D wpa_supplicant: Wireless event: cmd=0x8c00 len=20
06-20 11:22:35.433  1838  1838 D wpa_supplicant: RTM_NEWLINK: operstate=1 ifi_flags=0x11043 ([UP][RUNNING][LOWER_UP])
06-20 11:22:35.433  1838  1838 D wpa_supplicant: RTM_NEWLINK, IFLA_IFNAME: Interface 'wlan0' added
06-20 11:22:35.433  1838  1838 D wpa_supplicant: Wireless event: cmd=0x8c00 len=20
06-20 11:22:36.015  1838  1838 D wpa_supplicant: RTM_NEWLINK: operstate=1 ifi_flags=0x11043 ([UP][RUNNING][LOWER_UP])
06-20 11:22:36.019  1838  1838 D wpa_supplicant: RTM_NEWLINK, IFLA_IFNAME: Interface 'wlan0' added
06-20 11:22:36.019  1838  1838 D wpa_supplicant: Wireless event: cmd=0x8c00 len=20
06-20 11:22:36.417  1838  1838 D wpa_supplicant: RTM_NEWLINK: operstate=1 ifi_flags=0x11043 ([UP][RUNNING][LOWER_UP])
06-20 11:22:36.417  1838  1838 D wpa_supplicant: RTM_NEWLINK, IFLA_IFNAME: Interface 'wlan0' added
06-20 11:22:36.417  1838  1838 D wpa_supplicant: Wireless event: cmd=0x8c00 len=20
06-20 11:22:36.507  1838  1838 D wpa_supplicant: RTM_NEWLINK: operstate=1 ifi_flags=0x11043 ([UP][RUNNING][LOWER_UP])
06-20 11:22:36.507  1838  1838 D wpa_supplicant: RTM_NEWLINK, IFLA_IFNAME: Interface 'wlan0' added
06-20 11:22:36.507  1838  1838 D wpa_supplicant: Wireless event: cmd=0x8c00 len=20
06-20 11:22:37.187   152   314 D ConnectivityService: handleInetConditionHoldEnd: net=1, condition=100, published condition=0
06-20 11:22:38.019   152   169 I ActivityManager: Start proc com.google.android.talk for broadcast com.google.android.talk/.ConnectionStateOnlineReceiver: pid=4214 uid=10047 gids={3003, 1015, 1006, 3002}
06-20 11:22:38.148  4214  4214 I ActivityThread: Pub com.google.android.talk.SuggestionProvider: com.google.android.talk.SuggestionsProvider
06-20 11:22:38.269  2967  2967 D OpenGLRenderer: Flushing caches (mode 2)
06-20 11:22:38.316  2967  2967 D OpenGLRenderer: Flushing caches (mode 0)
06-20 11:22:38.316  2967  2967 W ManagedEGLContext: doTerminate failed: EGL count is 2 but managed count is 1
06-20 11:22:38.359  4214  4214 D vclib:CallStateClient: startListening
06-20 11:22:38.382   152   375 I ActivityManager: Process com.google.android.inputmethod.latin.dictionarypack (pid 3578) has died.
06-20 11:22:38.394  4214  4217 D dalvikvm: GC_CONCURRENT freed 149K, 3% free 9346K/9607K, paused 17ms+6ms
06-20 11:22:38.484  3457  3459 D dalvikvm: GC_CONCURRENT freed 381K, 7% free 9322K/9927K, paused 3ms+28ms
06-20 11:22:38.492  1838  1838 D wpa_supplicant: RTM_NEWLINK: operstate=1 ifi_flags=0x11043 ([UP][RUNNING][LOWER_UP])
06-20 11:22:38.492  1838  1838 D wpa_supplicant: RTM_NEWLINK, IFLA_IFNAME: Interface 'wlan0' added
06-20 11:22:38.492  1838  1838 D wpa_supplicant: Wireless event: cmd=0x8c00 len=20
06-20 11:22:38.652  3952  4206 E PicasaAPI:     getAlbums fail - uri: https://picasaweb.google.com/data/feed/api/user/ubphlab?max-results=1000&imgmax=d&thumbsize=640u&visibility=visible&v=4&alt=json&fd=shapes&kind=album, status code: 403
06-20 11:22:38.663  3952  4206 V PicasaAPI:    done
06-20 11:22:38.663  3952  4206 D MetricsUtils: [PicasaApi.getAlbums in:486 out:606 time:7544]
06-20 11:22:38.671   713   716 D dalvikvm: GC_CONCURRENT freed 515K, 13% free 10717K/12231K, paused 2ms+15ms
06-20 11:22:38.788  3457  4235 D dalvikvm: GC_EXPLICIT freed 99K, 7% free 9255K/9927K, paused 2ms+2ms
06-20 11:22:38.874   152   164 D dalvikvm: GC_EXPLICIT freed 423K, 12% free 14374K/16263K, paused 2ms+8ms
06-20 11:22:38.929  2967  2967 D OpenGLRenderer: Flushing caches (mode 2)
06-20 11:22:38.929  2967  2967 D OpenGLRenderer: Flushing caches (mode 0)
06-20 11:22:38.929  2967  2967 W ManagedEGLContext: doTerminate failed: EGL count is 2 but managed count is 1
06-20 11:22:38.933  2967  2967 D OpenGLRenderer: Flushing caches (mode 2)
06-20 11:22:38.933  2967  2967 D OpenGLRenderer: Flushing caches (mode 0)
06-20 11:22:38.933  2967  2967 W ManagedEGLContext: doTerminate failed: EGL count is 2 but managed count is 1
06-20 11:22:39.089  2988  2991 D dalvikvm: GC_CONCURRENT freed 689K, 18% free 11578K/14023K, paused 4ms+13ms
06-20 11:22:39.121  2967  2967 D OpenGLRenderer: Flushing caches (mode 2)
06-20 11:22:39.124  2967  2967 D OpenGLRenderer: Flushing caches (mode 0)
06-20 11:22:39.124  2967  2967 W ManagedEGLContext: doTerminate failed: EGL count is 2 but managed count is 1
06-20 11:22:39.128  2967  2967 D OpenGLRenderer: Flushing caches (mode 2)
06-20 11:22:39.128  2967  2967 D OpenGLRenderer: Flushing caches (mode 0)
06-20 11:22:39.128  2967  2967 W ManagedEGLContext: doTerminate failed: EGL count is 2 but managed count is 1
06-20 11:22:39.171  3457  4237 I DownloadManager: deleting /data/data/com.android.providers.downloads/cache/downloadfile.png
06-20 11:22:40.933  1838  1838 D wpa_supplicant: RTM_NEWLINK: operstate=1 ifi_flags=0x11043 ([UP][RUNNING][LOWER_UP])
06-20 11:22:40.933  1838  1838 D wpa_supplicant: RTM_NEWLINK, IFLA_IFNAME: Interface 'wlan0' added
06-20 11:22:40.933  1838  1838 D wpa_supplicant: Wireless event: cmd=0x8c00 len=20
06-20 11:22:40.956  3779  3782 D dalvikvm: GC_CONCURRENT freed 371K, 5% free 9316K/9799K, paused 1ms+13ms
06-20 11:22:41.039  2967  2967 D OpenGLRenderer: Flushing caches (mode 2)
06-20 11:22:41.042  2967  2967 D OpenGLRenderer: Flushing caches (mode 0)
06-20 11:22:41.042  2967  2967 W ManagedEGLContext: doTerminate failed: EGL count is 2 but managed count is 1
06-20 11:22:41.581  1838  1838 D wpa_supplicant: RTM_NEWLINK: operstate=1 ifi_flags=0x11043 ([UP][RUNNING][LOWER_UP])
06-20 11:22:41.581  1838  1838 D wpa_supplicant: RTM_NEWLINK, IFLA_IFNAME: Interface 'wlan0' added
06-20 11:22:41.581  1838  1838 D wpa_supplicant: Wireless event: cmd=0x8c00 len=20
06-20 11:22:41.792  3952  4206 D PicasaAPI: getAlbums for ubphlab@gmail.com, etag = W/"A0cDRnw6eSp7ImA9WhVaEE4."
06-20 11:22:41.843  2967  2967 D OpenGLRenderer: Flushing caches (mode 2)
06-20 11:22:41.843  2967  2967 D OpenGLRenderer: Flushing caches (mode 0)
06-20 11:22:41.843  2967  2967 W ManagedEGLContext: doTerminate failed: EGL count is 2 but managed count is 1
06-20 11:22:41.874  3970  3973 D dalvikvm: GC_CONCURRENT freed 367K, 6% free 9235K/9735K, paused 7ms+2ms
06-20 11:22:42.195  3457  4243 I DownloadManager: Initiating request for download 45
06-20 11:22:42.402  2967  2967 D OpenGLRenderer: Flushing caches (mode 2)
06-20 11:22:42.402  2967  2967 D OpenGLRenderer: Flushing caches (mode 0)
06-20 11:22:42.402  2967  2967 W ManagedEGLContext: doTerminate failed: EGL count is 2 but managed count is 1
06-20 11:22:42.499  3952  4206 V PicasaAPI:    done
06-20 11:22:42.499  3952  4206 D MetricsUtils: [PicasaApi.getAlbums in:265 out:673 time:707]
06-20 11:22:42.507  3952  4206 D MetricsUtils: [PicasaSyncHelper.syncAlbums ubphlab@gmail.com time:11389]
06-20 11:22:42.535  3952  3955 D dalvikvm: GC_CONCURRENT freed 377K, 6% free 9356K/9863K, paused 4ms+6ms
06-20 11:22:42.617  3952  4206 D PicasaSyncManager: sync complete: SyncResult: stats []
06-20 11:22:42.632  1838  1838 D wpa_supplicant: RTM_NEWLINK: operstate=1 ifi_flags=0x11043 ([UP][RUNNING][LOWER_UP])
06-20 11:22:42.632  1838  1838 D wpa_supplicant: RTM_NEWLINK, IFLA_IFNAME: Interface 'wlan0' added
06-20 11:22:42.632  1838  1838 D wpa_supplicant: Wireless event: cmd=0x8c00 len=20
06-20 11:22:42.867  3952  3965 V PicasaContentProvider: querySettings: defaults: {sync_on_wifi_only=1, auto_upload_account_type=null, sync_on_battery=1, sync_picasa_on_wifi_only=1, auto_upload_enabled=0, video_upload_wifi_only=1, sync_on_roaming=0, auto_upload_account_name=null}
06-20 11:22:42.871  3952  4206 D MetricsUtils: [PicasaSyncManager.getNextSyncTask time:252]
06-20 11:22:42.871  3952  4206 D PicasaSyncService: sync finished - false
06-20 11:22:42.894  3952  3965 V PicasaContentProvider: querySettings: defaults: {sync_on_wifi_only=1, auto_upload_account_type=null, sync_on_battery=1, sync_picasa_on_wifi_only=1, auto_upload_enabled=0, video_upload_wifi_only=1, sync_on_roaming=0, auto_upload_account_name=null}
06-20 11:22:42.894  3952  3965 D PicasaSyncManager: request sync for MetadataSyncTask (anandatirtha@gmail.com)
06-20 11:22:42.910  3952  4245 D PicasaSyncService: start to perform sync on anandatirtha@gmail.com
06-20 11:22:42.914  3952  3965 V PicasaContentProvider: querySettings: defaults: {sync_on_wifi_only=1, auto_upload_account_type=null, sync_on_battery=1, sync_picasa_on_wifi_only=1, auto_upload_enabled=0, video_upload_wifi_only=1, sync_on_roaming=0, auto_upload_account_name=null}
06-20 11:22:42.917  3952  4245 D PicasaSyncManager: perform sync task: MetadataSyncTask (anandatirtha@gmail.com)
06-20 11:22:43.042  3391  4139 W System.err: java.net.SocketTimeoutException
06-20 11:22:43.089  3391  4139 W System.err: 	at java.net.PlainSocketImpl.read(PlainSocketImpl.java:491)
06-20 11:22:43.093  3391  4139 W System.err: 	at java.net.PlainSocketImpl.access$000(PlainSocketImpl.java:46)
06-20 11:22:43.093  3391  4139 W System.err: 	at java.net.PlainSocketImpl$PlainSocketInputStream.read(PlainSocketImpl.java:240)
06-20 11:22:43.097  3391  4139 W System.err: 	at org.apache.http.impl.io.AbstractSessionInputBuffer.fillBuffer(AbstractSessionInputBuffer.java:103)
06-20 11:22:43.105  3391  4139 W System.err: 	at org.apache.http.impl.io.AbstractSessionInputBuffer.readLine(AbstractSessionInputBuffer.java:191)
06-20 11:22:43.105  3391  4139 W System.err: 	at org.apache.http.impl.conn.DefaultResponseParser.parseHead(DefaultResponseParser.java:82)
06-20 11:22:43.109  3391  4139 W System.err: 	at org.apache.http.impl.io.AbstractMessageParser.parse(AbstractMessageParser.java:174)
06-20 11:22:43.113  3391  4139 W System.err: 	at org.apache.http.impl.AbstractHttpClientConnection.receiveResponseHeader(AbstractHttpClientConnection.java:180)
06-20 11:22:43.113  3391  4139 W System.err: 	at org.apache.http.impl.conn.DefaultClientConnection.receiveResponseHeader(DefaultClientConnection.java:235)
06-20 11:22:43.121  3391  4139 W System.err: 	at org.apache.http.impl.conn.AbstractClientConnAdapter.receiveResponseHeader(AbstractClientConnAdapter.java:259)
06-20 11:22:43.124  3391  4139 W System.err: 	at org.apache.http.protocol.HttpRequestExecutor.doReceiveResponse(HttpRequestExecutor.java:279)
06-20 11:22:43.128  3391  4139 W System.err: 	at org.apache.http.protocol.HttpRequestExecutor.execute(HttpRequestExecutor.java:121)
06-20 11:22:43.128  3391  4139 W System.err: 	at org.apache.http.impl.client.DefaultRequestDirector.execute(DefaultRequestDirector.java:428)
06-20 11:22:43.128  3391  4139 W System.err: 	at org.apache.http.impl.client.AbstractHttpClient.execute(AbstractHttpClient.java:555)
06-20 11:22:43.128  3391  4139 W System.err: 	at org.apache.http.impl.client.AbstractHttpClient.execute(AbstractHttpClient.java:487)
06-20 11:22:43.128  3391  4139 W System.err: 	at com.loopj.android.http.AsyncHttpRequest.makeRequest(Unknown Source)
06-20 11:22:43.128  3391  4139 W System.err: 	at com.loopj.android.http.AsyncHttpRequest.makeRequestWithRetries(Unknown Source)
06-20 11:22:43.128  3391  4139 W System.err: 	at com.loopj.android.http.AsyncHttpRequest.run(Unknown Source)
06-20 11:22:43.128  3391  4139 W System.err: 	at java.util.concurrent.Executors$RunnableAdapter.call(Executors.java:442)
06-20 11:22:43.128  3391  4139 W System.err: 	at java.util.concurrent.FutureTask$Sync.innerRun(FutureTask.java:305)
06-20 11:22:43.128  3391  4139 W System.err: 	at java.util.concurrent.FutureTask.run(FutureTask.java:137)
06-20 11:22:43.128  3391  4139 W System.err: 	at java.util.concurrent.ThreadPoolExecutor.runWorker(ThreadPoolExecutor.java:1076)
06-20 11:22:43.132  3391  4139 W System.err: 	at java.util.concurrent.ThreadPoolExecutor$Worker.run(ThreadPoolExecutor.java:569)
06-20 11:22:43.132  3391  4139 W System.err: 	at java.lang.Thread.run(Thread.java:856)
06-20 11:22:43.132  3391  4139 W System.err: java.net.SocketTimeoutException
06-20 11:22:43.132  3391  4139 W System.err: 	at java.net.PlainSocketImpl.read(PlainSocketImpl.java:491)
06-20 11:22:43.132  3391  4139 W System.err: 	at java.net.PlainSocketImpl.access$000(PlainSocketImpl.java:46)
06-20 11:22:43.132  3391  4139 W System.err: 	at java.net.PlainSocketImpl$PlainSocketInputStream.read(PlainSocketImpl.java:240)
06-20 11:22:43.132  3391  4139 W System.err: 	at org.apache.http.impl.io.AbstractSessionInputBuffer.fillBuffer(AbstractSessionInputBuffer.java:103)
06-20 11:22:43.132  3391  4139 W System.err: 	at org.apache.http.impl.io.AbstractSessionInputBuffer.readLine(AbstractSessionInputBuffer.java:191)
06-20 11:22:43.132  3391  4139 W System.err: 	at org.apache.http.impl.conn.DefaultResponseParser.parseHead(DefaultResponseParser.java:82)
06-20 11:22:43.132  3391  4139 W System.err: 	at org.apache.http.impl.io.AbstractMessageParser.parse(AbstractMessageParser.java:174)
06-20 11:22:43.132  3391  4139 W System.err: 	at org.apache.http.impl.AbstractHttpClientConnection.receiveResponseHeader(AbstractHttpClientConnection.java:180)
06-20 11:22:43.136  3391  4139 W System.err: 	at org.apache.http.impl.conn.DefaultClientConnection.receiveResponseHeader(DefaultClientConnection.java:235)
06-20 11:22:43.136  3391  4139 W System.err: 	at org.apache.http.impl.conn.AbstractClientConnAdapter.receiveResponseHeader(AbstractClientConnAdapter.java:259)
06-20 11:22:43.136  3391  4139 W System.err: 	at org.apache.http.protocol.HttpRequestExecutor.doReceiveResponse(HttpRequestExecutor.java:279)
06-20 11:22:43.136  3391  4139 W System.err: 	at org.apache.http.protocol.HttpRequestExecutor.execute(HttpRequestExecutor.java:121)
06-20 11:22:43.136  3391  4139 W System.err: 	at org.apache.http.impl.client.DefaultRequestDirector.execute(DefaultRequestDirector.java:428)
06-20 11:22:43.136  3391  4139 W System.err: 	at org.apache.http.impl.client.AbstractHttpClient.execute(AbstractHttpClient.java:555)
06-20 11:22:43.136  3391  4139 W System.err: 	at org.apache.http.impl.client.AbstractHttpClient.execute(AbstractHttpClient.java:487)
06-20 11:22:43.140  3391  4139 W System.err: 	at com.loopj.android.http.AsyncHttpRequest.makeRequest(Unknown Source)
06-20 11:22:43.140  3391  4139 W System.err: 	at com.loopj.android.http.AsyncHttpRequest.makeRequestWithRetries(Unknown Source)
06-20 11:22:43.140  3391  4139 W System.err: 	at com.loopj.android.http.AsyncHttpRequest.run(Unknown Source)
06-20 11:22:43.140  3391  4139 W System.err: 	at java.util.concurrent.Executors$RunnableAdapter.call(Executors.java:442)
06-20 11:22:43.140  3391  4139 W System.err: 	at java.util.concurrent.FutureTask$Sync.innerRun(FutureTask.java:305)
06-20 11:22:43.140  3391  4139 W System.err: 	at java.util.concurrent.FutureTask.run(FutureTask.java:137)
06-20 11:22:43.140  3391  4139 W System.err: 	at java.util.concurrent.ThreadPoolExecutor.runWorker(ThreadPoolExecutor.java:1076)
06-20 11:22:43.140  3391  4139 W System.err: 	at java.util.concurrent.ThreadPoolExecutor$Worker.run(ThreadPoolExecutor.java:569)
06-20 11:22:43.140  3391  4139 W System.err: 	at java.lang.Thread.run(Thread.java:856)
06-20 11:22:43.140  3391  3391 E PhoneLab-: Transfering 1340205056031.log failed
06-20 11:22:43.140  3391  3391 I PhoneLab-Locks: wake lock released
06-20 11:22:43.562  3457  3459 D dalvikvm: GC_CONCURRENT freed 302K, 6% free 9352K/9927K, paused 2ms+4ms
06-20 11:22:43.769  3952  4245 D PicasaAPI: getAlbums for anandatirtha@gmail.com, etag = null
06-20 11:22:44.312  1838  1838 D wpa_supplicant: RTM_NEWLINK: operstate=1 ifi_flags=0x11043 ([UP][RUNNING][LOWER_UP])
06-20 11:22:44.312  1838  1838 D wpa_supplicant: RTM_NEWLINK, IFLA_IFNAME: Interface 'wlan0' added
06-20 11:22:44.312  1838  1838 D wpa_supplicant: Wireless event: cmd=0x8c00 len=20
06-20 11:22:45.804  3952  4245 V PicasaAPI:    etag: --> W/"C04NSHw9cSp7ImA9WhJTEU8.",entryCount=11
06-20 11:22:45.808  3952  4245 V PicasaAPI:    done
06-20 11:22:45.808  3952  4245 D MetricsUtils: [PicasaApi.getAlbums in:4019 out:587 time:2037]
06-20 11:22:45.835  3952  4245 D MetricsUtils: [PicasaSyncHelper.syncAlbums anandatirtha@gmail.com time:2067]
06-20 11:22:45.847  3952  4245 D PicasaAPI: getAlbumPhotos for 106394366639728237077 / 5371152945058099857, etag: null
06-20 11:22:46.148  3457  4251 I DownloadManager: deleting /data/data/com.android.providers.downloads/cache/downloadfile.png
06-20 11:22:46.167  2988  3376 D dalvikvm: GC_EXPLICIT freed 201K, 19% free 11453K/14023K, paused 8ms+5ms
06-20 11:22:46.363  3457  4253 I DownloadManager: Initiating request for download 46
06-20 11:22:46.831  3952  3955 D dalvikvm: GC_CONCURRENT freed 376K, 6% free 9420K/9927K, paused 3ms+5ms
06-20 11:22:47.406   713  1150 I EventLogService: Aggregate from 1340204959167 (log), 1340203967337 (data)
06-20 11:22:47.429   713  1150 W EventLogAggregator: Unknown tag: facelock_activated
06-20 11:22:47.433  3457  3459 D dalvikvm: GC_CONCURRENT freed 420K, 6% free 9372K/9927K, paused 4ms+4ms
06-20 11:22:47.433   713  1150 W EventLogAggregator: Unknown tag: facelock_fail
06-20 11:22:47.437   713  1150 W EventLogAggregator: Unknown tag: facelock_success
06-20 11:22:48.039  3952  3955 D dalvikvm: GC_CONCURRENT freed 488K, 7% free 9377K/9991K, paused 1ms+2ms
06-20 11:22:48.570  1838  1838 D wpa_supplicant: RTM_NEWLINK: operstate=1 ifi_flags=0x11043 ([UP][RUNNING][LOWER_UP])
06-20 11:22:48.570  1838  1838 D wpa_supplicant: RTM_NEWLINK, IFLA_IFNAME: Interface 'wlan0' added
06-20 11:22:48.570  1838  1838 D wpa_supplicant: Wireless event: cmd=0x8c00 len=20
06-20 11:22:48.777  1838  1838 D wpa_supplicant: RTM_NEWLINK: operstate=1 ifi_flags=0x11043 ([UP][RUNNING][LOWER_UP])
06-20 11:22:48.777  1838  1838 D wpa_supplicant: RTM_NEWLINK, IFLA_IFNAME: Interface 'wlan0' added
06-20 11:22:48.777  1838  1838 D wpa_supplicant: Wireless event: cmd=0x8c00 len=20
06-20 11:22:49.523  3457  4260 I DownloadManager: deleting /data/data/com.android.providers.downloads/cache/downloadfile.png
06-20 11:22:49.527  3457  4261 I DownloadManager: Initiating request for download 47
06-20 11:22:50.144  3952  3955 D dalvikvm: GC_CONCURRENT freed 386K, 7% free 9378K/9991K, paused 7ms+4ms
06-20 11:22:51.550  3457  3459 D dalvikvm: GC_CONCURRENT freed 418K, 6% free 9378K/9927K, paused 2ms+2ms
06-20 11:22:51.710  3952  4245 V PicasaAPI:    etag: --> W/"DE8ERnY-eCp7ImA9WhVbEkQ.",entryCount=54
06-20 11:22:51.710  3952  4245 D PicasaAPI:    done
06-20 11:22:51.710  3952  4245 D MetricsUtils: [PicasaApi.getAlbumPhotos in:18337 out:711 time:5866]
06-20 11:22:51.738  3952  4245 D MetricsUtils: [PicasaSyncHelper.syncPhotos 5371152945058099857 time:5898]
06-20 11:22:51.742  3952  4245 D PicasaAPI: getAlbumPhotos for 106394366639728237077 / 5452246469924635937, etag: null
06-20 11:22:52.468  1838  1838 D wpa_supplicant: RTM_NEWLINK: operstate=1 ifi_flags=0x11043 ([UP][RUNNING][LOWER_UP])
06-20 11:22:52.468  1838  1838 D wpa_supplicant: RTM_NEWLINK, IFLA_IFNAME: Interface 'wlan0' added
06-20 11:22:52.468  1838  1838 D wpa_supplicant: Wireless event: cmd=0x8c00 len=20
06-20 11:22:52.507  1838  1838 D wpa_supplicant: RTM_NEWLINK: operstate=1 ifi_flags=0x11043 ([UP][RUNNING][LOWER_UP])
06-20 11:22:52.507  1838  1838 D wpa_supplicant: RTM_NEWLINK, IFLA_IFNAME: Interface 'wlan0' added
06-20 11:22:52.507  1838  1838 D wpa_supplicant: Wireless event: cmd=0x8c00 len=20
06-20 11:22:52.703  3952  4245 V PicasaAPI:    etag: --> W/"CUQNQXg9fip7ImA9Wx5WE0s.",entryCount=1
06-20 11:22:52.703  3952  4245 D PicasaAPI:    done
06-20 11:22:52.703  3952  4245 D MetricsUtils: [PicasaApi.getAlbumPhotos in:2251 out:711 time:960]
06-20 11:22:52.722  3952  4245 D MetricsUtils: [PicasaSyncHelper.syncPhotos 5452246469924635937 time:983]
06-20 11:22:52.726  3952  4245 D PicasaAPI: getAlbumPhotos for 106394366639728237077 / 5488023970839936289, etag: null
06-20 11:22:52.753  1838  1838 D wpa_supplicant: RTM_NEWLINK: operstate=1 ifi_flags=0x11043 ([UP][RUNNING][LOWER_UP])
06-20 11:22:52.753  1838  1838 D wpa_supplicant: RTM_NEWLINK, IFLA_IFNAME: Interface 'wlan0' added
06-20 11:22:52.753  1838  1838 D wpa_supplicant: Wireless event: cmd=0x8c00 len=20
06-20 11:22:52.956  1838  1838 D wpa_supplicant: RTM_NEWLINK: operstate=1 ifi_flags=0x11043 ([UP][RUNNING][LOWER_UP])
06-20 11:22:52.956  1838  1838 D wpa_supplicant: RTM_NEWLINK, IFLA_IFNAME: Interface 'wlan0' added
06-20 11:22:52.956  1838  1838 D wpa_supplicant: Wireless event: cmd=0x8c00 len=20
06-20 11:22:53.085  1838  1838 D wpa_supplicant: RTM_NEWLINK: operstate=1 ifi_flags=0x11043 ([UP][RUNNING][LOWER_UP])
06-20 11:22:53.085  1838  1838 D wpa_supplicant: RTM_NEWLINK, IFLA_IFNAME: Interface 'wlan0' added
06-20 11:22:53.085  1838  1838 D wpa_supplicant: Wireless event: cmd=0x8c00 len=20
06-20 11:22:53.132  1838  1838 D wpa_supplicant: RTM_NEWLINK: operstate=1 ifi_flags=0x11043 ([UP][RUNNING][LOWER_UP])
06-20 11:22:53.132  1838  1838 D wpa_supplicant: RTM_NEWLINK, IFLA_IFNAME: Interface 'wlan0' added
06-20 11:22:53.132  1838  1838 D wpa_supplicant: Wireless event: cmd=0x8c00 len=20
06-20 11:22:53.699  3952  4245 V PicasaAPI:    etag: --> W/"DkcDRHozfCp7ImA9Wx5bEE4.",entryCount=2
06-20 11:22:53.703  3952  4245 D PicasaAPI:    done
06-20 11:22:53.703  3952  4245 D MetricsUtils: [PicasaApi.getAlbumPhotos in:2671 out:711 time:976]
06-20 11:22:53.722  3952  4245 D MetricsUtils: [PicasaSyncHelper.syncPhotos 5488023970839936289 time:1001]
06-20 11:22:53.734  3952  4245 D PicasaAPI: getAlbumPhotos for 106394366639728237077 / 5488386475147347393, etag: null
06-20 11:22:55.257  1838  1838 D wpa_supplicant: RTM_NEWLINK: operstate=1 ifi_flags=0x11043 ([UP][RUNNING][LOWER_UP])
06-20 11:22:55.257  1838  1838 D wpa_supplicant: RTM_NEWLINK, IFLA_IFNAME: Interface 'wlan0' added
06-20 11:22:55.257  1838  1838 D wpa_supplicant: Wireless event: cmd=0x8c00 len=20
06-20 11:22:55.300  1838  1838 D wpa_supplicant: RTM_NEWLINK: operstate=1 ifi_flags=0x11043 ([UP][RUNNING][LOWER_UP])
06-20 11:22:55.300  1838  1838 D wpa_supplicant: RTM_NEWLINK, IFLA_IFNAME: Interface 'wlan0' added
06-20 11:22:55.300  1838  1838 D wpa_supplicant: Wireless event: cmd=0x8c00 len=20
06-20 11:22:55.437  3952  3955 D dalvikvm: GC_CONCURRENT freed 383K, 7% free 9380K/9991K, paused 7ms+1ms
06-20 11:22:55.496  3952  4245 V PicasaAPI:    etag: --> W/"CEcMR384eip7ImA9Wx5SEU8.",entryCount=7
06-20 11:22:55.496  3952  4245 D PicasaAPI:    done
06-20 11:22:55.496  3952  4245 D MetricsUtils: [PicasaApi.getAlbumPhotos in:3694 out:711 time:1764]
06-20 11:22:55.527  1838  1838 D wpa_supplicant: RTM_NEWLINK: operstate=1 ifi_flags=0x11043 ([UP][RUNNING][LOWER_UP])
06-20 11:22:55.527  1838  1838 D wpa_supplicant: RTM_NEWLINK, IFLA_IFNAME: Interface 'wlan0' added
06-20 11:22:55.527  1838  1838 D wpa_supplicant: Wireless event: cmd=0x8c00 len=20
06-20 11:22:55.578  3952  4245 D MetricsUtils: [PicasaSyncHelper.syncPhotos 5488386475147347393 time:1852]
06-20 11:22:55.589  3952  4245 D PicasaAPI: getAlbumPhotos for 106394366639728237077 / 5520593453810457361, etag: null
06-20 11:22:55.800  1838  1838 D wpa_supplicant: RTM_NEWLINK: operstate=1 ifi_flags=0x11043 ([UP][RUNNING][LOWER_UP])
06-20 11:22:55.800  1838  1838 D wpa_supplicant: RTM_NEWLINK, IFLA_IFNAME: Interface 'wlan0' added
06-20 11:22:55.800  1838  1838 D wpa_supplicant: Wireless event: cmd=0x8c00 len=20
06-20 11:22:55.972  3391  3404 I PhoneLab-: Service Running
06-20 11:22:56.042  3391  3404 I PhoneLab-LoggerService: app_38    1266  1     1744   1368  c00f181c 400107b4 S logcat
06-20 11:22:56.042  3391  3404 I PhoneLab-LoggerService: Logcat pid from database 1266
06-20 11:22:56.042  3391  3404 I PhoneLab-LoggerService: Logcat process found 1266
06-20 11:22:56.042  3391  3404 I PhoneLab-LoggerService: Checking Threshold
06-20 11:22:56.042  3391  3404 I PhoneLab-LoggerService: Starting to rename files
06-20 11:22:56.046  3391  3404 I PhoneLab-LoggerService: Files found .. 2
06-20 11:22:56.062  3391  3393 D dalvikvm: GC_CONCURRENT freed 904K, 15% free 9142K/10631K, paused 2ms+2ms
06-20 11:22:56.195  3952  4245 V PicasaAPI:    etag: --> W/"A0EBRXg_cSp7ImA9Wx5bEEg.",entryCount=2
06-20 11:22:56.199  3952  4245 D PicasaAPI:    done
06-20 11:22:56.199  3952  4245 D MetricsUtils: [PicasaApi.getAlbumPhotos in:2649 out:711 time:610]
06-20 11:22:56.234  3952  4245 D MetricsUtils: [PicasaSyncHelper.syncPhotos 5520593453810457361 time:646]
06-20 11:22:56.238  3952  4245 D PicasaAPI: getAlbumPhotos for 106394366639728237077 / 5593331148777382961, etag: null
06-20 11:22:56.925  3952  4245 V PicasaAPI:    etag: --> W/"DUMBQXozfCp7ImA9WhRUFk4.",entryCount=2
06-20 11:22:56.929  3952  4245 D PicasaAPI:    done
06-20 11:22:56.929  3952  4245 D MetricsUtils: [PicasaApi.getAlbumPhotos in:2645 out:711 time:692]
06-20 11:22:56.972  3952  4245 D MetricsUtils: [PicasaSyncHelper.syncPhotos 5593331148777382961 time:738]
06-20 11:22:56.980  3952  4245 D PicasaAPI: getAlbumPhotos for 106394366639728237077 / 5637981120063328481, etag: null
06-20 11:22:57.210  1838  1838 D wpa_supplicant: RTM_NEWLINK: operstate=1 ifi_flags=0x11043 ([UP][RUNNING][LOWER_UP])
06-20 11:22:57.210  1838  1838 D wpa_supplicant: RTM_NEWLINK, IFLA_IFNAME: Interface 'wlan0' added
06-20 11:22:57.210  1838  1838 D wpa_supplicant: Wireless event: cmd=0x8c00 len=20
06-20 11:22:57.581  3952  4245 V PicasaAPI:    etag: --> W/"DkADQn09fCp7ImA9WhdRFkQ.",entryCount=0
06-20 11:22:57.581  3952  4245 D PicasaAPI:    done
06-20 11:22:57.581  3952  4245 D MetricsUtils: [PicasaApi.getAlbumPhotos in:1614 out:711 time:602]
06-20 11:22:57.609  3952  4245 D MetricsUtils: [PicasaSyncHelper.syncPhotos 5637981120063328481 time:635]
06-20 11:22:57.613  3952  4245 D PicasaAPI: getAlbumPhotos for 106394366639728237077 / 5640833494300192097, etag: null
06-20 11:22:58.628  3952  4245 V PicasaAPI:    etag: --> W/"CkcHQX0zcCp7ImA9WhdQE0o.",entryCount=7
06-20 11:22:58.632  3952  4245 D PicasaAPI:    done
06-20 11:22:58.632  3952  4245 D MetricsUtils: [PicasaApi.getAlbumPhotos in:3877 out:711 time:1021]
06-20 11:22:58.679  3952  4245 D MetricsUtils: [PicasaSyncHelper.syncPhotos 5640833494300192097 time:1071]
06-20 11:22:58.710  3952  4245 D PicasaAPI: getAlbumPhotos for 106394366639728237077 / 5695748648634073377, etag: null
06-20 11:22:58.761  3952  3955 D dalvikvm: GC_CONCURRENT freed 392K, 7% free 9377K/9991K, paused 3ms+6ms
06-20 11:22:58.914  1838  1838 D wpa_supplicant: RTM_NEWLINK: operstate=1 ifi_flags=0x11043 ([UP][RUNNING][LOWER_UP])
06-20 11:22:58.914  1838  1838 D wpa_supplicant: RTM_NEWLINK, IFLA_IFNAME: Interface 'wlan0' added
06-20 11:22:58.914  1838  1838 D wpa_supplicant: Wireless event: cmd=0x8c00 len=20
06-20 11:22:59.117  1838  1838 D wpa_supplicant: RTM_NEWLINK: operstate=1 ifi_flags=0x11043 ([UP][RUNNING][LOWER_UP])
06-20 11:22:59.117  1838  1838 D wpa_supplicant: RTM_NEWLINK, IFLA_IFNAME: Interface 'wlan0' added
06-20 11:22:59.117  1838  1838 D wpa_supplicant: Wireless event: cmd=0x8c00 len=20
06-20 11:22:59.484  1838  1838 D wpa_supplicant: RTM_NEWLINK: operstate=1 ifi_flags=0x11043 ([UP][RUNNING][LOWER_UP])
06-20 11:22:59.484  1838  1838 D wpa_supplicant: RTM_NEWLINK, IFLA_IFNAME: Interface 'wlan0' added
06-20 11:22:59.484  1838  1838 D wpa_supplicant: Wireless event: cmd=0x8c00 len=20
06-20 11:22:59.496  3952  4245 V PicasaAPI:    etag: --> W/"C0QDRn88eip7ImA9WhRVEUg.",entryCount=0
06-20 11:22:59.496  3952  4245 D PicasaAPI:    done
06-20 11:22:59.496  3952  4245 D MetricsUtils: [PicasaApi.getAlbumPhotos in:1650 out:711 time:790]
06-20 11:22:59.570  3952  4245 D MetricsUtils: [PicasaSyncHelper.syncPhotos 5695748648634073377 time:883]
06-20 11:22:59.570  3952  4245 D PicasaAPI: getAlbumPhotos for 106394366639728237077 / 5715016373333697489, etag: null
06-20 11:23:00.605  3952  4245 V PicasaAPI:    etag: --> W/"Ck4BRnY9eip7ImA9WhVTFk4.",entryCount=1
06-20 11:23:00.605  3952  4245 D PicasaAPI:    done
06-20 11:23:00.609  3952  4245 D MetricsUtils: [PicasaApi.getAlbumPhotos in:2386 out:711 time:1037]
06-20 11:23:00.664  3952  4245 D MetricsUtils: [PicasaSyncHelper.syncPhotos 5715016373333697489 time:1095]
06-20 11:23:00.679  3952  4245 D PicasaAPI: getAlbumPhotos for 106394366639728237077 / 5733608468567724897, etag: null
06-20 11:23:00.742  3457  4274 I DownloadManager: deleting /data/data/com.android.providers.downloads/cache/downloadfile.apk
06-20 11:23:00.828   152   507 D dalvikvm: GC_EXPLICIT freed 818K, 12% free 14436K/16263K, paused 3ms+5ms
06-20 11:23:00.831  3457  4275 I DownloadManager: Initiating request for download 48
06-20 11:23:01.226  3952  4245 V PicasaAPI:    etag: --> W/"Ck8GSHg9fyp7ImA9WhVWGEQ.",entryCount=1
06-20 11:23:01.226  3952  4245 D PicasaAPI:    done
06-20 11:23:01.230  3952  4245 D MetricsUtils: [PicasaApi.getAlbumPhotos in:2412 out:711 time:551]
06-20 11:23:01.253  3952  4245 D MetricsUtils: [PicasaSyncHelper.syncPhotos 5733608468567724897 time:586]
06-20 11:23:01.277  3952  4245 D PicasaSyncManager: sync complete: SyncResult: stats [ numUpdates: 88]
06-20 11:23:01.308  3952  3965 V PicasaContentProvider: querySettings: defaults: {sync_on_wifi_only=1, auto_upload_account_type=null, sync_on_battery=1, sync_picasa_on_wifi_only=1, auto_upload_enabled=0, video_upload_wifi_only=1, sync_on_roaming=0, auto_upload_account_name=null}
06-20 11:23:01.312  3952  3965 V PicasaContentProvider: querySettings: defaults: {sync_on_wifi_only=1, auto_upload_account_type=null, sync_on_battery=1, sync_picasa_on_wifi_only=1, auto_upload_enabled=0, video_upload_wifi_only=1, sync_on_roaming=0, auto_upload_account_name=null}
06-20 11:23:01.312  3952  4245 D PicasaSyncManager: perform sync task: PrefetchFullImage (anandatirtha@gmail.com)
06-20 11:23:01.456  3952  3955 D dalvikvm: GC_CONCURRENT freed 351K, 6% free 9414K/9991K, paused 4ms+4ms
06-20 11:23:01.523  3952  4245 D MetricsUtils: [PrefetchHelper.cleanCache time:177]
06-20 11:23:01.558  3952  4245 D PicasaSyncManager: sync complete: SyncResult: stats [ numUpdates: 88]
06-20 11:23:01.585  3952  3965 V PicasaContentProvider: querySettings: defaults: {sync_on_wifi_only=1, auto_upload_account_type=null, sync_on_battery=1, sync_picasa_on_wifi_only=1, auto_upload_enabled=0, video_upload_wifi_only=1, sync_on_roaming=0, auto_upload_account_name=null}
06-20 11:23:01.585  3952  4245 D PicasaSyncService: sync finished - false
06-20 11:23:01.601  3457  3459 D dalvikvm: GC_CONCURRENT freed 413K, 6% free 9388K/9927K, paused 76ms+4ms
06-20 11:23:01.632  3952  3965 V PicasaContentProvider: querySettings: defaults: {sync_on_wifi_only=1, auto_upload_account_type=null, sync_on_battery=1, sync_picasa_on_wifi_only=1, auto_upload_enabled=0, video_upload_wifi_only=1, sync_on_roaming=0, auto_upload_account_name=null}
06-20 11:23:01.640  3952  3965 D PicasaSyncManager: request sync for PrefetchFullImage (ubphlab@gmail.com)
06-20 11:23:01.667  3952  4278 D PicasaSyncService: start to perform sync on ubphlab@gmail.com
06-20 11:23:01.679  3952  3965 V PicasaContentProvider: querySettings: defaults: {sync_on_wifi_only=1, auto_upload_account_type=null, sync_on_battery=1, sync_picasa_on_wifi_only=1, auto_upload_enabled=0, video_upload_wifi_only=1, sync_on_roaming=0, auto_upload_account_name=null}
06-20 11:23:01.679  3952  4278 D PicasaSyncManager: perform sync task: PrefetchFullImage (ubphlab@gmail.com)
06-20 11:23:01.722  3952  4278 D PicasaSyncManager: sync complete: SyncResult: stats []
06-20 11:23:01.742  3952  3965 V PicasaContentProvider: querySettings: defaults: {sync_on_wifi_only=1, auto_upload_account_type=null, sync_on_battery=1, sync_picasa_on_wifi_only=1, auto_upload_enabled=0, video_upload_wifi_only=1, sync_on_roaming=0, auto_upload_account_name=null}
06-20 11:23:01.742  3952  3965 V PicasaContentProvider: querySettings: defaults: {sync_on_wifi_only=1, auto_upload_account_type=null, sync_on_battery=1, sync_picasa_on_wifi_only=1, auto_upload_enabled=0, video_upload_wifi_only=1, sync_on_roaming=0, auto_upload_account_name=null}
06-20 11:23:01.742  3952  4278 D PicasaSyncManager: perform sync task: PrefetchAlbumCover (ubphlab@gmail.com)
06-20 11:23:01.785  3952  4278 D PicasaSyncManager: sync complete: SyncResult: stats []
06-20 11:23:01.800  3952  3965 V PicasaContentProvider: querySettings: defaults: {sync_on_wifi_only=1, auto_upload_account_type=null, sync_on_battery=1, sync_picasa_on_wifi_only=1, auto_upload_enabled=0, video_upload_wifi_only=1, sync_on_roaming=0, auto_upload_account_name=null}
06-20 11:23:01.800  3952  4278 D PicasaSyncService: sync finished - false
06-20 11:23:01.820  3952  3965 V PicasaContentProvider: querySettings: defaults: {sync_on_wifi_only=1, auto_upload_account_type=null, sync_on_battery=1, sync_picasa_on_wifi_only=1, auto_upload_enabled=0, video_upload_wifi_only=1, sync_on_roaming=0, auto_upload_account_name=null}
06-20 11:23:01.824  3952  3965 D PicasaSyncManager: request sync for PrefetchAlbumCover (anandatirtha@gmail.com)
06-20 11:23:01.843  3952  4279 D PicasaSyncService: start to perform sync on anandatirtha@gmail.com
06-20 11:23:01.855  3952  3965 V PicasaContentProvider: querySettings: defaults: {sync_on_wifi_only=1, auto_upload_account_type=null, sync_on_battery=1, sync_picasa_on_wifi_only=1, auto_upload_enabled=0, video_upload_wifi_only=1, sync_on_roaming=0, auto_upload_account_name=null}
06-20 11:23:01.855  3952  4279 D PicasaSyncManager: perform sync task: PrefetchAlbumCover (anandatirtha@gmail.com)
06-20 11:23:04.132  3952  3955 D dalvikvm: GC_CONCURRENT freed 352K, 5% free 9516K/9991K, paused 11ms+5ms
06-20 11:23:08.769  3952  3955 D dalvikvm: GC_CONCURRENT freed 460K, 6% free 9469K/10055K, paused 2ms+2ms
06-20 11:23:09.187  3457  3459 D dalvikvm: GC_CONCURRENT freed 502K, 7% free 9294K/9927K, paused 8ms+2ms
06-20 11:23:09.312  3457  4290 I DownloadManager: deleting /data/data/com.android.providers.downloads/cache/downloadfile.jpeg
06-20 11:23:10.292  3457  4293 I DownloadManager: Initiating request for download 49
06-20 11:23:11.898  3457  3459 D dalvikvm: GC_CONCURRENT freed 387K, 7% free 9311K/9927K, paused 3ms+3ms
06-20 11:23:12.054  3457  4295 I DownloadManager: deleting /data/data/com.android.providers.downloads/cache/downloadfile.png
06-20 11:23:12.062  3457  4297 I DownloadManager: Initiating request for download 50
06-20 11:23:12.339   152   490 D AlarmManagerService: Kernel timezone updated to 240 minutes west of GMT
06-20 11:23:13.789  3457  3459 D dalvikvm: GC_CONCURRENT freed 384K, 7% free 9314K/9927K, paused 1ms+2ms
06-20 11:23:14.062  3952  3955 D dalvikvm: GC_CONCURRENT freed 321K, 6% free 9535K/10055K, paused 5ms+2ms
06-20 11:23:14.175  3457  4303 I DownloadManager: deleting /data/data/com.android.providers.downloads/cache/downloadfile.png
06-20 11:23:14.187  3457  4304 I DownloadManager: Initiating request for download 51
06-20 11:23:14.539  3952  4279 D PicasaSyncManager: sync complete: SyncResult: stats []
06-20 11:23:14.554  3952  3965 V PicasaContentProvider: querySettings: defaults: {sync_on_wifi_only=1, auto_upload_account_type=null, sync_on_battery=1, sync_picasa_on_wifi_only=1, auto_upload_enabled=0, video_upload_wifi_only=1, sync_on_roaming=0, auto_upload_account_name=null}
06-20 11:23:14.554  3952  3965 V PicasaContentProvider: querySettings: defaults: {sync_on_wifi_only=1, auto_upload_account_type=null, sync_on_battery=1, sync_picasa_on_wifi_only=1, auto_upload_enabled=0, video_upload_wifi_only=1, sync_on_roaming=0, auto_upload_account_name=null}
06-20 11:23:14.562  3952  4279 D PicasaSyncManager: perform sync task: PrefetchScreenNail (anandatirtha@gmail.com)
06-20 11:23:16.320  3457  3459 D dalvikvm: GC_CONCURRENT freed 349K, 6% free 9355K/9927K, paused 2ms+2ms
06-20 11:23:17.382  3457  4310 I DownloadManager: deleting /data/data/com.android.providers.downloads/cache/downloadfile.png
06-20 11:23:17.398  3457  4311 I DownloadManager: Initiating request for download 52
06-20 11:23:18.769  3457  3459 D dalvikvm: GC_CONCURRENT freed 419K, 6% free 9384K/9927K, paused 3ms+7ms
06-20 11:23:18.851  3457  4316 I DownloadManager: deleting /data/data/com.android.providers.downloads/cache/downloadfile.png
06-20 11:23:18.941   152   507 D dalvikvm: GC_EXPLICIT freed 712K, 12% free 14403K/16263K, paused 2ms+6ms
06-20 11:23:19.136  3457  4319 I DownloadManager: Initiating request for download 53
06-20 11:23:21.292  3457  3459 D dalvikvm: GC_CONCURRENT freed 446K, 6% free 9354K/9927K, paused 2ms+4ms
06-20 11:23:21.324  3457  4326 D dalvikvm: GC_EXPLICIT freed 129K, 8% free 9228K/9927K, paused 2ms+2ms
06-20 11:23:21.433  3457  4326 I DownloadManager: deleting /data/data/com.android.providers.downloads/cache/downloadfile.jpeg
06-20 11:23:21.460  3457  4327 I DownloadManager: Initiating request for download 54
06-20 11:23:22.996  1838  1838 D wpa_supplicant: RTM_NEWLINK: operstate=1 ifi_flags=0x11043 ([UP][RUNNING][LOWER_UP])
06-20 11:23:22.996  1838  1838 D wpa_supplicant: RTM_NEWLINK, IFLA_IFNAME: Interface 'wlan0' added
06-20 11:23:22.996  1838  1838 D wpa_supplicant: Wireless event: cmd=0x8c00 len=20
06-20 11:23:23.749  3457  3459 D dalvikvm: GC_CONCURRENT freed 310K, 7% free 9303K/9927K, paused 3ms+6ms
06-20 11:23:24.156  3457  4335 I DownloadManager: deleting /data/data/com.android.providers.downloads/cache/downloadfile.jpeg
06-20 11:23:24.167  3457  4336 I DownloadManager: Initiating request for download 55
06-20 11:23:24.593   152   202 I power   : *** set_screen_state 1
06-20 11:23:24.710   152   202 I WindowManager: Lock screen displayed!
06-20 11:23:24.792    79   119 D SurfaceFlinger: Screen about to return, flinger = 0x4ce918
06-20 11:23:24.941   390   405 D dalvikvm: GC_EXPLICIT freed 93K, 10% free 9920K/10951K, paused 106ms+22ms
06-20 11:23:24.953  1838  1838 D wpa_supplicant: wpa_driver_wext_driver_cmd RSSI len = 248
06-20 11:23:24.953  1838  1838 D wpa_supplicant: wpa_driver_wext_driver_cmd konoha rssi -63  len = 16, 16
06-20 11:23:24.953  1838  1838 D wpa_supplicant: wpa_driver_wext_driver_cmd LINKSPEED len = 248
06-20 11:23:24.953  1838  1838 D wpa_supplicant: wpa_driver_wext_driver_cmd LinkSpeed 26 len = 12, 12
06-20 11:23:24.960  1838  1838 D wpa_supplicant: wpa_driver_wext_driver_cmd SETSUSPENDOPT 0 len = 4096
06-20 11:23:24.960  1838  1838 D wpa_supplicant: wpa_driver_wext_driver_cmd SETSUSPENDOPT 0 len = 0, 15
06-20 11:23:24.964  1838  1838 D wpa_supplicant: wpa_driver_wext_driver_cmd POWERMODE 0 len = 4096
06-20 11:23:24.964  1838  1838 D wpa_supplicant: wpa_driver_wext_driver_cmd OK len = 0, 2
06-20 11:23:25.117  3952  3955 D dalvikvm: GC_CONCURRENT freed 334K, 5% free 9589K/10055K, paused 2ms+3ms
06-20 11:23:25.757  3457  3459 D dalvikvm: GC_CONCURRENT freed 339K, 6% free 9356K/9927K, paused 3ms+2ms
06-20 11:23:26.070  2988  2991 D dalvikvm: GC_CONCURRENT freed 549K, 18% free 11588K/14023K, paused 5ms+28ms
06-20 11:23:27.304   390   390 D PhoneStatusBar: disable: < expand icons alerts ticker system_info BACK HOME recent* CLOCK >
06-20 11:23:27.308   488  2209 D NfcService: NFC-C ON
06-20 11:23:27.312    82   125 D AudioHardware: AudioHardware pcm playback is exiting standby.
06-20 11:23:27.312    82   125 D AudioHardware: openPcmOut_l() mPcmOpenCnt: 0
06-20 11:23:27.414   390   390 D PhoneStatusBar: disable: < expand icons alerts ticker system_info back* home* recent clock* >
06-20 11:23:27.429   152  2465 W InputManagerService: Window already focused, ignoring focus gain of: com.android.internal.view.IInputMethodClient$Stub$Proxy@41519418
06-20 11:23:27.460  3457  4344 I DownloadManager: deleting /data/data/com.android.providers.downloads/cache/downloadfile.txt
06-20 11:23:27.890   713   716 D dalvikvm: GC_CONCURRENT freed 449K, 12% free 10775K/12231K, paused 14ms+3ms
06-20 11:23:27.964  1838  1838 D wpa_supplicant: wpa_driver_wext_driver_cmd RSSI len = 248
06-20 11:23:27.972  1838  1838 D wpa_supplicant: wpa_driver_wext_driver_cmd konoha rssi -64  len = 16, 16
06-20 11:23:27.972  1838  1838 D wpa_supplicant: wpa_driver_wext_driver_cmd LINKSPEED len = 248
06-20 11:23:27.972  1838  1838 D wpa_supplicant: wpa_driver_wext_driver_cmd LinkSpeed 13 len = 12, 12
06-20 11:23:28.648  2988  3193 I Gmail   : Sending notification intent: Intent { act=android.intent.action.PROVIDER_CHANGED dat=content://gmail-ls/unread/^i (has extras) }
06-20 11:23:28.773   390   390 D dalvikvm: GC_FOR_ALLOC freed 584K, 12% free 9698K/10951K, paused 28ms
06-20 11:23:28.831   390   392 D dalvikvm: GC_CONCURRENT freed 301K, 11% free 9821K/10951K, paused 2ms+2ms
06-20 11:23:28.945   390   392 D dalvikvm: GC_CONCURRENT freed 507K, 12% free 9715K/10951K, paused 2ms+2ms
06-20 11:23:28.953  3457  4349 I DownloadManager: Initiating request for download 56
06-20 11:23:29.054  2890  2893 D dalvikvm: GC_CONCURRENT freed 284K, 11% free 9852K/10951K, paused 7ms+3ms
06-20 11:23:29.472  2890  2893 D dalvikvm: GC_CONCURRENT freed 382K, 10% free 9861K/10951K, paused 2ms+4ms
06-20 11:23:29.679   152   585 D dalvikvm: GC_EXPLICIT freed 564K, 12% free 14411K/16263K, paused 3ms+7ms
06-20 11:23:29.777  3457  3459 D dalvikvm: GC_CONCURRENT freed 382K, 6% free 9416K/9927K, paused 2ms+3ms
06-20 11:23:30.484    82   125 D AudioHardware: AudioHardware pcm playback is going to standby.
06-20 11:23:30.484    82   125 D AudioHardware: closePcmOut_l() mPcmOpenCnt: 1
06-20 11:23:30.640  2988  2991 D dalvikvm: GC_CONCURRENT freed 787K, 18% free 11532K/14023K, paused 4ms+5ms
06-20 11:23:30.699   713   716 D dalvikvm: GC_CONCURRENT freed 448K, 12% free 10784K/12231K, paused 2ms+5ms
06-20 11:23:30.976  1838  1838 D wpa_supplicant: wpa_driver_wext_driver_cmd RSSI len = 248
06-20 11:23:30.984  1838  1838 D wpa_supplicant: wpa_driver_wext_driver_cmd konoha rssi -60  len = 16, 16
06-20 11:23:30.984  1838  1838 D wpa_supplicant: wpa_driver_wext_driver_cmd LINKSPEED len = 248
06-20 11:23:30.984  1838  1838 D wpa_supplicant: wpa_driver_wext_driver_cmd LinkSpeed 26 len = 12, 12
06-20 11:23:31.007   152   493 D AlarmManagerService: Kernel timezone updated to 240 minutes west of GMT
06-20 11:23:31.144  3457  4355 I DownloadManager: deleting /data/data/com.android.providers.downloads/cache/downloadfile.jpeg
06-20 11:23:31.331  3457  4357 I DownloadManager: Initiating request for download 57
06-20 11:23:31.992  3457  3459 D dalvikvm: GC_CONCURRENT freed 486K, 7% free 9373K/9991K, paused 2ms+4ms
06-20 11:23:32.273    82   125 D AudioHardware: AudioHardware pcm playback is exiting standby.
06-20 11:23:32.273    82   125 D AudioHardware: openPcmOut_l() mPcmOpenCnt: 0
06-20 11:23:33.988  1838  1838 D wpa_supplicant: wpa_driver_wext_driver_cmd RSSI len = 248
06-20 11:23:33.988  1838  1838 D wpa_supplicant: wpa_driver_wext_driver_cmd konoha rssi -61  len = 16, 16
06-20 11:23:33.988  1838  1838 D wpa_supplicant: wpa_driver_wext_driver_cmd LINKSPEED len = 248
06-20 11:23:33.988  1838  1838 D wpa_supplicant: wpa_driver_wext_driver_cmd LinkSpeed 19 len = 12, 12
06-20 11:23:34.304  2967  2967 D OpenGLRenderer: Flushing caches (mode 2)
06-20 11:23:34.320  2967  2967 D OpenGLRenderer: Flushing caches (mode 0)
06-20 11:23:34.320  2967  2967 W ManagedEGLContext: doTerminate failed: EGL count is 2 but managed count is 1
06-20 11:23:34.574  2988  2991 D dalvikvm: GC_CONCURRENT freed 635K, 18% free 11629K/14023K, paused 13ms+7ms
06-20 11:23:35.203  3457  4365 I DownloadManager: deleting /data/data/com.android.providers.downloads/cache/downloadfile.jpeg
06-20 11:23:35.257  3457  4366 I DownloadManager: Initiating request for download 58
06-20 11:23:35.371    82   125 D AudioHardware: AudioHardware pcm playback is going to standby.
06-20 11:23:35.371    82   125 D AudioHardware: closePcmOut_l() mPcmOpenCnt: 1
06-20 11:23:35.953  2988  2991 D dalvikvm: GC_CONCURRENT freed 806K, 17% free 11644K/14023K, paused 10ms+17ms
06-20 11:23:36.117   152   168 D dalvikvm: GC_EXPLICIT freed 1265K, 16% free 13663K/16263K, paused 3ms+6ms
06-20 11:23:36.199  3457  3459 D dalvikvm: GC_CONCURRENT freed 404K, 7% free 9363K/9991K, paused 84ms+4ms
06-20 11:23:36.574  2988  2991 D dalvikvm: GC_CONCURRENT freed 727K, 17% free 11678K/14023K, paused 6ms+4ms
06-20 11:23:36.992  1838  1838 D wpa_supplicant: wpa_driver_wext_driver_cmd RSSI len = 248
06-20 11:23:36.992  1838  1838 D wpa_supplicant: wpa_driver_wext_driver_cmd konoha rssi -56  len = 16, 16
06-20 11:23:36.992  1838  1838 D wpa_supplicant: wpa_driver_wext_driver_cmd LINKSPEED len = 248
06-20 11:23:36.992  1838  1838 D wpa_supplicant: wpa_driver_wext_driver_cmd LinkSpeed 52 len = 12, 12
06-20 11:23:37.242  2988  2991 D dalvikvm: GC_CONCURRENT freed 584K, 16% free 11911K/14023K, paused 3ms+5ms
06-20 11:23:37.304  2988  2988 D dalvikvm: GC_FOR_ALLOC freed 583K, 16% free 11833K/14023K, paused 46ms
06-20 11:23:38.214  3457  4373 I DownloadManager: deleting /data/data/com.android.providers.downloads/cache/downloadfile.jpeg
06-20 11:23:38.226  3457  4374 I DownloadManager: Initiating request for download 59
06-20 11:23:38.648  3952  3955 D dalvikvm: GC_CONCURRENT freed 425K, 6% free 9561K/10119K, paused 2ms+3ms
06-20 11:23:38.785  3457  3459 D dalvikvm: GC_CONCURRENT freed 395K, 7% free 9361K/9991K, paused 3ms+8ms
06-20 11:23:39.996  1838  1838 D wpa_supplicant: wpa_driver_wext_driver_cmd RSSI len = 248
06-20 11:23:39.999  1838  1838 D wpa_supplicant: wpa_driver_wext_driver_cmd konoha rssi -58  len = 16, 16
06-20 11:23:39.999  1838  1838 D wpa_supplicant: wpa_driver_wext_driver_cmd LINKSPEED len = 248
06-20 11:23:39.999  1838  1838 D wpa_supplicant: wpa_driver_wext_driver_cmd LinkSpeed 52 len = 12, 12
06-20 11:23:40.316  3457  4381 I DownloadManager: deleting /data/data/com.android.providers.downloads/cache/downloadfile.jpeg
06-20 11:23:40.328  3457  4382 I DownloadManager: Initiating request for download 60
06-20 11:23:41.011  3457  3459 D dalvikvm: GC_CONCURRENT freed 393K, 7% free 9365K/9991K, paused 11ms+4ms
06-20 11:23:41.191  1838  1838 D wpa_supplicant: RTM_NEWLINK: operstate=1 ifi_flags=0x11043 ([UP][RUNNING][LOWER_UP])
06-20 11:23:41.191  1838  1838 D wpa_supplicant: RTM_NEWLINK, IFLA_IFNAME: Interface 'wlan0' added
06-20 11:23:41.191  1838  1838 D wpa_supplicant: Wireless event: cmd=0x8c00 len=20
06-20 11:23:41.386  2988  2991 D dalvikvm: GC_CONCURRENT freed 793K, 16% free 11893K/14023K, paused 2ms+5ms
06-20 11:23:42.214  1838  1838 D wpa_supplicant: RTM_NEWLINK: operstate=1 ifi_flags=0x11043 ([UP][RUNNING][LOWER_UP])
06-20 11:23:42.214  1838  1838 D wpa_supplicant: RTM_NEWLINK, IFLA_IFNAME: Interface 'wlan0' added
06-20 11:23:42.214  1838  1838 D wpa_supplicant: Wireless event: cmd=0x8c00 len=20
06-20 11:23:43.003  1838  1838 D wpa_supplicant: wpa_driver_wext_driver_cmd RSSI len = 248
06-20 11:23:43.015  1838  1838 D wpa_supplicant: wpa_driver_wext_driver_cmd konoha rssi -62  len = 16, 16
06-20 11:23:43.015  1838  1838 D wpa_supplicant: wpa_driver_wext_driver_cmd LINKSPEED len = 248
06-20 11:23:43.019  1838  1838 D wpa_supplicant: wpa_driver_wext_driver_cmd LinkSpeed 26 len = 12, 12
06-20 11:23:43.460  2988  2988 D webviewglue: nativeDestroy view: 0x150fb58
06-20 11:23:43.468  2988  2988 D webviewglue: nativeDestroy view: 0x12cb580
06-20 11:23:43.480  2988  2988 D webviewglue: nativeDestroy view: 0x14f79c8
06-20 11:23:44.374  3457  4391 I DownloadManager: deleting /data/data/com.android.providers.downloads/cache/downloadfile.jpeg
