06-18 13:48:37.460    81   121 D AudioHardware: AudioHardware pcm playback is exiting standby.
06-18 13:48:37.460    81   121 D AudioHardware: openPcmOut_l() mPcmOpenCnt: 0
06-18 13:48:37.663  1186  1189 D dalvikvm: GC_CONCURRENT freed 1021K, 8% free 14487K/15623K, paused 2ms+5ms
06-18 13:48:37.858  1186  1186 D Finsky  : [1] DetailsDataBasedFragment.rebindViews: Page [class=DetailsFragment] loaded in [391 ms] (partial? false)
06-18 13:48:38.717   350   350 D wpa_supplicant: RTM_NEWLINK: operstate=1 ifi_flags=0x11043 ([UP][RUNNING][LOWER_UP])
06-18 13:48:38.717   350   350 D wpa_supplicant: RTM_NEWLINK, IFLA_IFNAME: Interface 'wlan0' added
06-18 13:48:38.741   350   350 D wpa_supplicant: Wireless event: cmd=0x8c00 len=20
06-18 13:48:38.764   386   386 D SAN_SERVICE: *******************************************
06-18 13:48:38.764   386   386 D SAN_SERVICE: DM App Phone Service State - 0
06-18 13:48:38.764   386   386 D SAN_SERVICE: *******************************************
06-18 13:48:38.768  1186  1189 D dalvikvm: GC_CONCURRENT freed 1083K, 8% free 15237K/16391K, paused 3ms+12ms
06-18 13:48:38.803  1186  1186 D Finsky  : [1] DetailsDataBasedFragment.rebindViews: Page [class=DetailsFragment] loaded in [1328 ms] (partial? true)
06-18 13:48:38.975   350   350 D wpa_supplicant: RTM_NEWLINK: operstate=1 ifi_flags=0x11043 ([UP][RUNNING][LOWER_UP])
06-18 13:48:38.975   350   350 D wpa_supplicant: RTM_NEWLINK, IFLA_IFNAME: Interface 'wlan0' added
06-18 13:48:38.975   350   350 D wpa_supplicant: Wireless event: cmd=0x8c00 len=20
06-18 13:48:39.018   350   350 D wpa_supplicant: RTM_NEWLINK: operstate=1 ifi_flags=0x11043 ([UP][RUNNING][LOWER_UP])
06-18 13:48:39.018   350   350 D wpa_supplicant: RTM_NEWLINK, IFLA_IFNAME: Interface 'wlan0' added
06-18 13:48:39.018   350   350 D wpa_supplicant: Wireless event: cmd=0x8c00 len=20
06-18 13:48:39.050  1186  1193 I dalvikvm: Jit: resizing JitTable from 4096 to 8192
06-18 13:48:39.155  1186  1214 D dalvikvm: GC_FOR_ALLOC freed 852K, 8% free 16133K/17351K, paused 38ms
06-18 13:48:39.471   350   350 D wpa_supplicant: RTM_NEWLINK: operstate=1 ifi_flags=0x11043 ([UP][RUNNING][LOWER_UP])
06-18 13:48:39.471   350   350 D wpa_supplicant: RTM_NEWLINK, IFLA_IFNAME: Interface 'wlan0' added
06-18 13:48:39.471   350   350 D wpa_supplicant: Wireless event: cmd=0x8c00 len=20
06-18 13:48:39.690   149   388 I ActivityManager: START {flg=0x20010000 cmp=com.android.vending/com.google.android.finsky.activities.PurchaseDialog (has extras)} from pid 1186
06-18 13:48:40.018   559   562 D dalvikvm: GC_CONCURRENT freed 422K, 10% free 10045K/11079K, paused 2ms+23ms
06-18 13:48:40.100  1186  1189 D dalvikvm: GC_CONCURRENT freed 973K, 6% free 17184K/18247K, paused 2ms+10ms
06-18 13:48:40.159  1186  1186 D Finsky  : [1] SelfUpdateScheduler.checkForSelfUpdate: Skipping self-update check as there is an update already queued.
06-18 13:48:40.217   149   194 I ActivityManager: Displayed com.android.vending/com.google.android.finsky.activities.PurchaseDialog: +370ms
06-18 13:48:40.288  1186  1186 D OpenGLRenderer: Flushing caches (mode 0)
06-18 13:48:40.405   350   350 D wpa_supplicant: wpa_driver_wext_driver_cmd RSSI len = 248
06-18 13:48:40.413   350   350 D wpa_supplicant: wpa_driver_wext_driver_cmd konoha rssi -62  len = 16, 16
06-18 13:48:40.413   350   350 D wpa_supplicant: wpa_driver_wext_driver_cmd LINKSPEED len = 248
06-18 13:48:40.413   350   350 D wpa_supplicant: wpa_driver_wext_driver_cmd LinkSpeed 5 len = 11, 11
06-18 13:48:41.389  1186  1186 D Finsky  : [1] InstallerImpl.requestInstall: Request install of com.estrongs.android.pop v=94
06-18 13:48:41.389  1186  1186 D Finsky  : [1] InstallerImpl.kick: Installer kick com.estrongs.android.pop - starting com.estrongs.android.pop
06-18 13:48:41.659  1186  1186 D Finsky  : [1] DetailsDataBasedFragment.rebindViews: Page [class=DetailsFragment] loaded in [4194 ms] (partial? false)
06-18 13:48:41.936   149   165 I Process : Sending signal. PID: 1186 SIG: 3
06-18 13:48:41.936  1186  1191 I dalvikvm: threadid=3: reacting to signal 3
06-18 13:48:41.975  1186  1191 I dalvikvm: Wrote stack traces to '/data/anr/traces.txt'
06-18 13:48:42.018  1186  1186 D Finsky  : [1] DetailsDataBasedFragment.rebindViews: Page [class=DetailsFragment] loaded in [4550 ms] (partial? true)
06-18 13:48:42.026  1186  1186 D Finsky  : [1] DownloadImpl.setState: com.estrongs.android.pop from null to UNQUEUED.
06-18 13:48:42.030  1186  1186 D Finsky  : [1] DownloadQueueImpl.add: Download com.estrongs.android.pop added to DownloadQueue
06-18 13:48:42.038  1186  1186 D Finsky  : [1] DownloadImpl.setState: com.estrongs.android.pop from UNQUEUED to QUEUED.
06-18 13:48:42.081    83    83 I installd: free_cache(2516122) avail 915660800
06-18 13:48:42.116  1186  1189 D dalvikvm: GC_CONCURRENT freed 1565K, 9% free 17699K/19335K, paused 7ms+12ms
06-18 13:48:42.378  1186  1186 D Finsky  : [1] DownloadQueueImpl.startDownload: Download com.estrongs.android.pop starting
06-18 13:48:42.432   149   165 I Process : Sending signal. PID: 1186 SIG: 3
06-18 13:48:42.432  1186  1191 I dalvikvm: threadid=3: reacting to signal 3
06-18 13:48:42.483  1186  1191 I dalvikvm: Wrote stack traces to '/data/anr/traces.txt'
06-18 13:48:42.635  1186  1186 D Finsky  : [1] DownloadImpl.setState: com.estrongs.android.pop from QUEUED to DOWNLOADING.
06-18 13:48:42.635  1186  1186 D Finsky  : [1] DownloadQueueImpl.notifyProgress: com.estrongs.android.pop: onProgress 0/-1 Status: 190.
06-18 13:48:42.690  1186  1186 D Finsky  : [1] DownloadQueueImpl.onStart: com.estrongs.android.pop: onStart
06-18 13:48:42.729  1186  1186 D OpenGLRenderer: Flushing caches (mode 0)
06-18 13:48:42.815   526  1427 I DownloadManager: Initiating request for download 105
06-18 13:48:42.819  1186  1186 D Finsky  : [1] DownloadQueueImpl.notifyProgress: com.estrongs.android.pop: onProgress 0/-1 Status: 192.
06-18 13:48:42.971   386   386 D SAN_SERVICE: *******************************************
06-18 13:48:42.971   386   386 D SAN_SERVICE: DM App Phone Service State - 0
06-18 13:48:42.971   386   386 D SAN_SERVICE: *******************************************
06-18 13:48:43.065   386   392 D dalvikvm: GC_CONCURRENT freed 414K, 6% free 9507K/10055K, paused 3ms+6ms
06-18 13:48:43.096   300   302 D dalvikvm: GC_CONCURRENT freed 414K, 9% free 9871K/10759K, paused 2ms+9ms
06-18 13:48:43.225   300   302 D dalvikvm: GC_CONCURRENT freed 537K, 10% free 9749K/10759K, paused 5ms+7ms
06-18 13:48:43.233   350   350 D wpa_supplicant: RTM_NEWLINK: operstate=1 ifi_flags=0x11043 ([UP][RUNNING][LOWER_UP])
06-18 13:48:43.233   350   350 D wpa_supplicant: RTM_NEWLINK, IFLA_IFNAME: Interface 'wlan0' added
06-18 13:48:43.233   350   350 D wpa_supplicant: Wireless event: cmd=0x8c00 len=20
06-18 13:48:43.257   526  1427 I DownloadManager: Initiating request for download 105
06-18 13:48:43.417   350   350 D wpa_supplicant: wpa_driver_wext_driver_cmd RSSI len = 248
06-18 13:48:43.421   350   350 D wpa_supplicant: wpa_driver_wext_driver_cmd konoha rssi -62  len = 16, 16
06-18 13:48:43.421   350   350 D wpa_supplicant: wpa_driver_wext_driver_cmd LINKSPEED len = 248
06-18 13:48:43.421   350   350 D wpa_supplicant: wpa_driver_wext_driver_cmd LinkSpeed 5 len = 11, 11
06-18 13:48:43.725   350   350 D wpa_supplicant: RTM_NEWLINK: operstate=1 ifi_flags=0x11043 ([UP][RUNNING][LOWER_UP])
06-18 13:48:43.725   350   350 D wpa_supplicant: RTM_NEWLINK, IFLA_IFNAME: Interface 'wlan0' added
06-18 13:48:43.725   350   350 D wpa_supplicant: Wireless event: cmd=0x8c00 len=20
06-18 13:48:43.788   350   350 D wpa_supplicant: RTM_NEWLINK: operstate=1 ifi_flags=0x11043 ([UP][RUNNING][LOWER_UP])
06-18 13:48:43.788   350   350 D wpa_supplicant: RTM_NEWLINK, IFLA_IFNAME: Interface 'wlan0' added
06-18 13:48:43.788   350   350 D wpa_supplicant: Wireless event: cmd=0x8c00 len=20
06-18 13:48:43.874   350   350 D wpa_supplicant: RTM_NEWLINK: operstate=1 ifi_flags=0x11043 ([UP][RUNNING][LOWER_UP])
06-18 13:48:43.874   350   350 D wpa_supplicant: RTM_NEWLINK, IFLA_IFNAME: Interface 'wlan0' added
06-18 13:48:43.874   350   350 D wpa_supplicant: Wireless event: cmd=0x8c00 len=20
06-18 13:48:44.198   350   350 D wpa_supplicant: RTM_NEWLINK: operstate=1 ifi_flags=0x11043 ([UP][RUNNING][LOWER_UP])
06-18 13:48:44.198   350   350 D wpa_supplicant: RTM_NEWLINK, IFLA_IFNAME: Interface 'wlan0' added
06-18 13:48:44.198   350   350 D wpa_supplicant: Wireless event: cmd=0x8c00 len=20
06-18 13:48:44.288   350   350 D wpa_supplicant: RTM_NEWLINK: operstate=1 ifi_flags=0x11043 ([UP][RUNNING][LOWER_UP])
06-18 13:48:44.288   350   350 D wpa_supplicant: RTM_NEWLINK, IFLA_IFNAME: Interface 'wlan0' added
06-18 13:48:44.288   350   350 D wpa_supplicant: Wireless event: cmd=0x8c00 len=20
06-18 13:48:44.444   350   350 D wpa_supplicant: RTM_NEWLINK: operstate=1 ifi_flags=0x11043 ([UP][RUNNING][LOWER_UP])
06-18 13:48:44.444   350   350 D wpa_supplicant: RTM_NEWLINK, IFLA_IFNAME: Interface 'wlan0' added
06-18 13:48:44.444   350   350 D wpa_supplicant: Wireless event: cmd=0x8c00 len=20
06-18 13:48:44.452    81   121 D AudioHardware: AudioHardware pcm playback is going to standby.
06-18 13:48:44.452    81   121 D AudioHardware: closePcmOut_l() mPcmOpenCnt: 1
06-18 13:48:44.639   350   350 D wpa_supplicant: RTM_NEWLINK: operstate=1 ifi_flags=0x11043 ([UP][RUNNING][LOWER_UP])
06-18 13:48:44.639   350   350 D wpa_supplicant: RTM_NEWLINK, IFLA_IFNAME: Interface 'wlan0' added
06-18 13:48:44.639   350   350 D wpa_supplicant: Wireless event: cmd=0x8c00 len=20
06-18 13:48:45.214   350   350 D wpa_supplicant: RTM_NEWLINK: operstate=1 ifi_flags=0x11043 ([UP][RUNNING][LOWER_UP])
06-18 13:48:45.214   350   350 D wpa_supplicant: RTM_NEWLINK, IFLA_IFNAME: Interface 'wlan0' added
06-18 13:48:45.214   350   350 D wpa_supplicant: Wireless event: cmd=0x8c00 len=20
06-18 13:48:45.561   350   350 D wpa_supplicant: RTM_NEWLINK: operstate=1 ifi_flags=0x11043 ([UP][RUNNING][LOWER_UP])
06-18 13:48:45.561   350   350 D wpa_supplicant: RTM_NEWLINK, IFLA_IFNAME: Interface 'wlan0' added
06-18 13:48:45.561   350   350 D wpa_supplicant: Wireless event: cmd=0x8c00 len=20
06-18 13:48:45.608   350   350 D wpa_supplicant: RTM_NEWLINK: operstate=1 ifi_flags=0x11043 ([UP][RUNNING][LOWER_UP])
06-18 13:48:45.608   350   350 D wpa_supplicant: RTM_NEWLINK, IFLA_IFNAME: Interface 'wlan0' added
06-18 13:48:45.608   350   350 D wpa_supplicant: Wireless event: cmd=0x8c00 len=20
06-18 13:48:46.425   350   350 D wpa_supplicant: wpa_driver_wext_driver_cmd RSSI len = 248
06-18 13:48:46.428   350   350 D wpa_supplicant: wpa_driver_wext_driver_cmd konoha rssi -62  len = 16, 16
06-18 13:48:46.428   350   350 D wpa_supplicant: wpa_driver_wext_driver_cmd LINKSPEED len = 248
06-18 13:48:46.432   350   350 D wpa_supplicant: wpa_driver_wext_driver_cmd LinkSpeed 5 len = 11, 11
06-18 13:48:49.401   350   350 D wpa_supplicant: RTM_NEWLINK: operstate=1 ifi_flags=0x11043 ([UP][RUNNING][LOWER_UP])
06-18 13:48:49.401   350   350 D wpa_supplicant: RTM_NEWLINK, IFLA_IFNAME: Interface 'wlan0' added
06-18 13:48:49.401   350   350 D wpa_supplicant: Wireless event: cmd=0x8c00 len=20
06-18 13:48:49.436   350   350 D wpa_supplicant: wpa_driver_wext_driver_cmd RSSI len = 248
06-18 13:48:49.440   350   350 D wpa_supplicant: wpa_driver_wext_driver_cmd konoha rssi -61  len = 16, 16
06-18 13:48:49.440   350   350 D wpa_supplicant: wpa_driver_wext_driver_cmd LINKSPEED len = 248
06-18 13:48:49.440   350   350 D wpa_supplicant: wpa_driver_wext_driver_cmd LinkSpeed 5 len = 11, 11
06-18 13:48:49.456   350   350 D wpa_supplicant: RTM_NEWLINK: operstate=1 ifi_flags=0x11043 ([UP][RUNNING][LOWER_UP])
06-18 13:48:49.456   350   350 D wpa_supplicant: RTM_NEWLINK, IFLA_IFNAME: Interface 'wlan0' added
06-18 13:48:49.456   350   350 D wpa_supplicant: Wireless event: cmd=0x8c00 len=20
06-18 13:48:50.214   350   350 D wpa_supplicant: RTM_NEWLINK: operstate=1 ifi_flags=0x11043 ([UP][RUNNING][LOWER_UP])
06-18 13:48:50.214   350   350 D wpa_supplicant: RTM_NEWLINK, IFLA_IFNAME: Interface 'wlan0' added
06-18 13:48:50.214   350   350 D wpa_supplicant: Wireless event: cmd=0x8c00 len=20
06-18 13:48:50.546   350   350 D wpa_supplicant: RTM_NEWLINK: operstate=1 ifi_flags=0x11043 ([UP][RUNNING][LOWER_UP])
06-18 13:48:50.550   350   350 D wpa_supplicant: RTM_NEWLINK, IFLA_IFNAME: Interface 'wlan0' added
06-18 13:48:50.550   350   350 D wpa_supplicant: Wireless event: cmd=0x8c00 len=20
06-18 13:48:50.932   350   350 D wpa_supplicant: RTM_NEWLINK: operstate=1 ifi_flags=0x11043 ([UP][RUNNING][LOWER_UP])
06-18 13:48:50.932   350   350 D wpa_supplicant: RTM_NEWLINK, IFLA_IFNAME: Interface 'wlan0' added
06-18 13:48:50.932   350   350 D wpa_supplicant: Wireless event: cmd=0x8c00 len=20
06-18 13:48:51.350   350   350 D wpa_supplicant: RTM_NEWLINK: operstate=1 ifi_flags=0x11043 ([UP][RUNNING][LOWER_UP])
06-18 13:48:51.350   350   350 D wpa_supplicant: RTM_NEWLINK, IFLA_IFNAME: Interface 'wlan0' added
06-18 13:48:51.350   350   350 D wpa_supplicant: Wireless event: cmd=0x8c00 len=20
06-18 13:48:51.440   350   350 D wpa_supplicant: RTM_NEWLINK: operstate=1 ifi_flags=0x11043 ([UP][RUNNING][LOWER_UP])
06-18 13:48:51.440   350   350 D wpa_supplicant: RTM_NEWLINK, IFLA_IFNAME: Interface 'wlan0' added
06-18 13:48:51.440   350   350 D wpa_supplicant: Wireless event: cmd=0x8c00 len=20
06-18 13:48:52.460   350   350 D wpa_supplicant: wpa_driver_wext_driver_cmd RSSI len = 248
06-18 13:48:52.464   350   350 D wpa_supplicant: wpa_driver_wext_driver_cmd konoha rssi -50  len = 16, 16
06-18 13:48:52.464   350   350 D wpa_supplicant: wpa_driver_wext_driver_cmd LINKSPEED len = 248
06-18 13:48:52.464   350   350 D wpa_supplicant: wpa_driver_wext_driver_cmd LinkSpeed 2 len = 11, 11
06-18 13:48:52.577   526   528 D dalvikvm: GC_CONCURRENT freed 301K, 7% free 9409K/10055K, paused 1ms+7ms
06-18 13:48:52.827   149   151 D dalvikvm: GC_CONCURRENT freed 896K, 11% free 13210K/14727K, paused 5ms+5ms
06-18 13:48:52.882   799  1439 I Gmail   : MainSyncRequestProto: lowestBkwdConvoId: 0, highestHandledServerOp: 2503, normalSync: true
06-18 13:48:52.952   799  1439 D dalvikvm: GC_EXPLICIT freed 281K, 5% free 10517K/11015K, paused 13ms+7ms
06-18 13:48:55.065   894  1139 I PhoneLab-: Service Running
06-18 13:48:55.202   894   896 D dalvikvm: GC_CONCURRENT freed 375K, 6% free 9115K/9607K, paused 18ms+3ms
06-18 13:48:55.221   894  1139 I PhoneLab-LoggerService: app_37    1143  894   1720   1348  c00f181c 400107b4 S logcat
06-18 13:48:55.221   894  1139 I PhoneLab-LoggerService: Logcat pid from database 1143
06-18 13:48:55.221   894  1139 I PhoneLab-LoggerService: Logcat process found 1143
06-18 13:48:55.221   894  1139 I PhoneLab-LoggerService: Checking Threshold
06-18 13:48:55.225   894  1139 I PhoneLab-LoggerService: Starting to rename files
06-18 13:48:55.225   894  1139 I PhoneLab-LoggerService: Files found .. 2
06-18 13:48:55.225   894  1139 I PhoneLab-LoggerService: File 1 log.out.1
06-18 13:48:55.233   894  1139 I PhoneLab-LoggerService: Renamed successfully
06-18 13:48:55.487   350   350 D wpa_supplicant: wpa_driver_wext_driver_cmd RSSI len = 248
06-18 13:48:55.491   350   350 D wpa_supplicant: wpa_driver_wext_driver_cmd konoha rssi -46  len = 16, 16
06-18 13:48:55.491   350   350 D wpa_supplicant: wpa_driver_wext_driver_cmd LINKSPEED len = 248
06-18 13:48:55.491   350   350 D wpa_supplicant: wpa_driver_wext_driver_cmd LinkSpeed 2 len = 11, 11
06-18 13:48:57.585   526  1427 I qtaguid : Failed write_ctrl(u 66) res=-1 errno=22
06-18 13:48:57.585   526  1427 I qtaguid : Untagging socket 66 failed errno=-22
06-18 13:48:57.589   526  1427 W NetworkManagementSocketTagger: untagSocket(66) failed with errno -22
06-18 13:48:57.854   350   350 D wpa_supplicant: RTM_NEWLINK: operstate=1 ifi_flags=0x11043 ([UP][RUNNING][LOWER_UP])
06-18 13:48:57.854   350   350 D wpa_supplicant: RTM_NEWLINK, IFLA_IFNAME: Interface 'wlan0' added
06-18 13:48:57.854   350   350 D wpa_supplicant: Wireless event: cmd=0x8c00 len=20
06-18 13:48:57.921  1186  1186 D Finsky  : [1] DownloadQueueImpl.notifyProgress: com.estrongs.android.pop: onProgress 2516122/2516122 Status: 200.
06-18 13:48:57.948  1186  1186 D Finsky  : [1] DownloadBroadcastReceiver.onReceive: Intent received at DownloadBroadcastReceiver
06-18 13:48:57.964  1186  1186 D Finsky  : [1] DownloadImpl.setState: com.estrongs.android.pop from DOWNLOADING to SUCCESS.
06-18 13:48:57.967  1186  1186 D Finsky  : [1] DownloadQueueImpl.onComplete: com.estrongs.android.pop: onComplete
06-18 13:48:57.967  1186  1186 D Finsky  : [1] DownloadQueueImpl.remove: Download com.estrongs.android.pop removed from DownloadQueue
06-18 13:48:57.967  1186  1186 D Finsky  : [1] SelfUpdateScheduler.onComplete: Self-update ignoring completed download com.estrongs.android.pop
06-18 13:48:57.987    83    83 I installd: free_cache(0) avail 913129472
06-18 13:48:58.065   300   300 D dalvikvm: GC_FOR_ALLOC freed 394K, 10% free 9698K/10759K, paused 25ms
06-18 13:48:58.120   300   302 D dalvikvm: GC_CONCURRENT freed 506K, 11% free 9676K/10759K, paused 2ms+3ms
06-18 13:48:58.206   300   302 D dalvikvm: GC_CONCURRENT freed 372K, 9% free 9813K/10759K, paused 2ms+2ms
06-18 13:48:58.366   149   169 I ActivityManager: Start proc com.android.defcontainer for service com.android.defcontainer/.DefaultContainerService: pid=1447 uid=10010 gids={1015, 2001}
06-18 13:48:58.499   350   350 D wpa_supplicant: wpa_driver_wext_driver_cmd RSSI len = 248
06-18 13:48:58.507   350   350 D wpa_supplicant: wpa_driver_wext_driver_cmd konoha rssi -51  len = 16, 16
06-18 13:48:58.507   350   350 D wpa_supplicant: wpa_driver_wext_driver_cmd LINKSPEED len = 248
06-18 13:48:58.507   350   350 D wpa_supplicant: wpa_driver_wext_driver_cmd LinkSpeed 5 len = 11, 11
06-18 13:48:58.542   300   302 D dalvikvm: GC_CONCURRENT freed 232K, 8% free 9983K/10759K, paused 2ms+3ms
06-18 13:48:58.616   149   169 W ActivityManager: No content provider found for permission revoke: file:///data/data/com.android.providers.downloads/cache/downloadfile.apk
06-18 13:48:58.667   300   302 D dalvikvm: GC_CONCURRENT freed 531K, 9% free 9882K/10759K, paused 2ms+5ms
06-18 13:48:58.757   149   169 W ActivityManager: No content provider found for permission revoke: file:///data/data/com.android.providers.downloads/cache/downloadfile.apk
06-18 13:48:59.050   149   151 D dalvikvm: GC_CONCURRENT freed 637K, 9% free 13499K/14727K, paused 7ms+4ms
06-18 13:48:59.081   149   156 I dalvikvm: Jit: resizing JitTable from 8192 to 16384
06-18 13:48:59.428   149   151 D dalvikvm: GC_CONCURRENT freed 651K, 6% free 13872K/14727K, paused 2ms+5ms
06-18 13:48:59.589   149   151 D dalvikvm: GC_CONCURRENT freed 1106K, 9% free 13892K/15175K, paused 3ms+5ms
06-18 13:48:59.760   149   151 D dalvikvm: GC_CONCURRENT freed 1167K, 9% free 13901K/15239K, paused 3ms+4ms
06-18 13:48:59.925   149   151 D dalvikvm: GC_CONCURRENT freed 1093K, 9% free 13938K/15239K, paused 3ms+5ms
06-18 13:49:00.089   149   169 I PackageManager: Running dexopt on: com.estrongs.android.pop
06-18 13:49:00.643  1461  1461 D dalvikvm: DexOpt: 'Landroid/net/http/SslError;' has an earlier definition; blocking out
06-18 13:49:00.651  1461  1461 D dalvikvm: DexOpt: 'Landroid/webkit/WebViewClient;' has an earlier definition; blocking out
06-18 13:49:00.866  1461  1461 D dalvikvm: DexOpt: 'Lorg/apache/commons/logging/LogFactory;' has an earlier definition; blocking out
06-18 13:49:00.948  1461  1461 D dalvikvm: DexOpt: not verifying/optimizing 'Landroid/net/http/SslError;': multiple definitions
06-18 13:49:00.948  1461  1461 D dalvikvm: DexOpt: not verifying/optimizing 'Landroid/webkit/WebViewClient;': multiple definitions
06-18 13:49:01.510   350   350 D wpa_supplicant: wpa_driver_wext_driver_cmd RSSI len = 248
06-18 13:49:01.522   350   350 D wpa_supplicant: wpa_driver_wext_driver_cmd konoha rssi -49  len = 16, 16
06-18 13:49:01.522   350   350 D wpa_supplicant: wpa_driver_wext_driver_cmd LINKSPEED len = 248
06-18 13:49:01.522   350   350 D wpa_supplicant: wpa_driver_wext_driver_cmd LinkSpeed 5 len = 11, 11
06-18 13:49:02.139  1461  1461 I dalvikvm: DexOpt: not resolving ambiguous class 'Landroid/webkit/WebViewClient;'
06-18 13:49:02.210  1461  1461 I dalvikvm: DexOpt: not resolving ambiguous class 'Landroid/webkit/WebViewClient;'
06-18 13:49:02.444  1461  1461 I dalvikvm: DexOpt: not resolving ambiguous class 'Lorg/apache/commons/logging/LogFactory;'
06-18 13:49:02.444  1461  1461 I dalvikvm: DexOpt: not resolving ambiguous class 'Lorg/apache/commons/logging/LogFactory;'
06-18 13:49:02.444  1461  1461 I dalvikvm: DexOpt: not resolving ambiguous class 'Lorg/apache/commons/logging/LogFactory;'
06-18 13:49:02.444  1461  1461 I dalvikvm: DexOpt: not resolving ambiguous class 'Lorg/apache/commons/logging/LogFactory;'
06-18 13:49:02.444  1461  1461 I dalvikvm: DexOpt: not resolving ambiguous class 'Lorg/apache/commons/logging/LogFactory;'
06-18 13:49:02.448  1461  1461 I dalvikvm: DexOpt: not resolving ambiguous class 'Lorg/apache/commons/logging/LogFactory;'
06-18 13:49:02.448  1461  1461 I dalvikvm: DexOpt: not resolving ambiguous class 'Lorg/apache/commons/logging/LogFactory;'
06-18 13:49:02.448  1461  1461 I dalvikvm: DexOpt: not resolving ambiguous class 'Lorg/apache/commons/logging/LogFactory;'
06-18 13:49:02.448  1461  1461 I dalvikvm: DexOpt: not resolving ambiguous class 'Lorg/apache/commons/logging/LogFactory;'
06-18 13:49:02.448  1461  1461 I dalvikvm: DexOpt: not resolving ambiguous class 'Lorg/apache/commons/logging/LogFactory;'
06-18 13:49:02.499  1461  1461 I dalvikvm: DexOpt: not resolving ambiguous class 'Landroid/webkit/WebViewClient;'
06-18 13:49:02.624  1461  1461 D dalvikvm: DexOpt: not verifying/optimizing 'Lorg/apache/commons/logging/LogFactory;': multiple definitions
06-18 13:49:02.678  1461  1461 I dalvikvm: DexOpt: not resolving ambiguous class 'Lorg/apache/commons/logging/LogFactory;'
06-18 13:49:02.678  1461  1461 I dalvikvm: DexOpt: not resolving ambiguous class 'Lorg/apache/commons/logging/LogFactory;'
06-18 13:49:02.682  1461  1461 I dalvikvm: DexOpt: not resolving ambiguous class 'Lorg/apache/commons/logging/LogFactory;'
06-18 13:49:02.682  1461  1461 I dalvikvm: DexOpt: not resolving ambiguous class 'Lorg/apache/commons/logging/LogFactory;'
06-18 13:49:02.686  1461  1461 I dalvikvm: DexOpt: not resolving ambiguous class 'Lorg/apache/commons/logging/LogFactory;'
06-18 13:49:02.686  1461  1461 I dalvikvm: DexOpt: not resolving ambiguous class 'Lorg/apache/commons/logging/LogFactory;'
06-18 13:49:02.686  1461  1461 I dalvikvm: DexOpt: not resolving ambiguous class 'Lorg/apache/commons/logging/LogFactory;'
06-18 13:49:02.686  1461  1461 I dalvikvm: DexOpt: not resolving ambiguous class 'Lorg/apache/commons/logging/LogFactory;'
06-18 13:49:02.690  1461  1461 I dalvikvm: DexOpt: not resolving ambiguous class 'Lorg/apache/commons/logging/LogFactory;'
06-18 13:49:02.690  1461  1461 I dalvikvm: DexOpt: not resolving ambiguous class 'Lorg/apache/commons/logging/LogFactory;'
06-18 13:49:02.780  1461  1461 I dalvikvm: DexOpt: not resolving ambiguous class 'Lorg/apache/commons/logging/LogFactory;'
06-18 13:49:02.784  1461  1461 I dalvikvm: DexOpt: not resolving ambiguous class 'Lorg/apache/commons/logging/LogFactory;'
06-18 13:49:02.788  1461  1461 I dalvikvm: DexOpt: not resolving ambiguous class 'Lorg/apache/commons/logging/LogFactory;'
06-18 13:49:02.792  1461  1461 I dalvikvm: DexOpt: not resolving ambiguous class 'Lorg/apache/commons/logging/LogFactory;'
06-18 13:49:02.796  1461  1461 I dalvikvm: DexOpt: not resolving ambiguous class 'Lorg/apache/commons/logging/LogFactory;'
06-18 13:49:02.921  1461  1461 D dalvikvm: DexOpt: load 322ms, verify+opt 1979ms
06-18 13:49:03.280   149   166 I ActivityManager: Force stopping package com.estrongs.android.pop uid=10057
06-18 13:49:03.397   149   151 D dalvikvm: GC_CONCURRENT freed 1158K, 9% free 13968K/15239K, paused 3ms+11ms
06-18 13:49:03.479   149   169 D PackageManager: New package installed in /data/app/com.estrongs.android.pop-1.apk
06-18 13:49:03.483   149   169 W PackageManager: Unknown permission com.estrongs.android.pop.PERMISSION in package com.estrongs.android.pop
06-18 13:49:03.917   404   404 I RegisteredComponentCache: ComponentInfo: ResolveInfo{41345ea8 com.android.apps.tag.TagViewer p=0 o=0 m=0x108000}, techs: android.nfc.tech.Ndef, 
06-18 13:49:04.065   149   165 D PackageManager: generateServicesMap(android.accounts.AccountAuthenticator): 3 services unchanged
06-18 13:49:04.073   149   169 D dalvikvm: GC_EXPLICIT freed 1054K, 14% free 13222K/15239K, paused 27ms+6ms
06-18 13:49:04.116  1186  1201 D Finsky  : [131] 1.packageInstalled: Package install status for "com.estrongs.android.pop" is 1
06-18 13:49:04.163   149   165 D PackageManager: generateServicesMap(android.content.SyncAdapter): 10 services unchanged
06-18 13:49:04.237  1044  1046 D dalvikvm: GC_CONCURRENT freed 477K, 6% free 9315K/9863K, paused 74ms+7ms
06-18 13:49:04.280   149   165 W ResourceType: Failure getting entry for 0x7f060000 (t=5 e=0) in package 0 (error -75)
06-18 13:49:04.499   419   419 I Launcher: setLoadOnResume
06-18 13:49:04.741   350   350 D wpa_supplicant: wpa_driver_wext_driver_cmd RSSI len = 248
06-18 13:49:04.741   149   429 I ActivityManager: Start proc com.google.android.partnersetup for broadcast com.google.android.partnersetup/.RlzPingBroadcastReceiver: pid=1462 uid=10021 gids={3003}
06-18 13:49:04.753   350   350 D wpa_supplicant: wpa_driver_wext_driver_cmd konoha rssi -49  len = 16, 16
06-18 13:49:04.753   350   350 D wpa_supplicant: wpa_driver_wext_driver_cmd LINKSPEED len = 248
06-18 13:49:04.753   350   350 D wpa_supplicant: wpa_driver_wext_driver_cmd LinkSpeed 5 len = 11, 11
06-18 13:49:04.784   149   165 D BackupManagerService: Received broadcast Intent { act=android.intent.action.PACKAGE_ADDED dat=package:com.estrongs.android.pop flg=0x10000010 (has extras) }
06-18 13:49:04.874  1462  1462 I ActivityThread: Pub com.google.android.partnersetup.rlzprovider: com.google.android.partnersetup.RlzProvider
06-18 13:49:04.882  1462  1462 I ActivityThread: Pub com.google.android.partnersetup.rlzappprovider: com.google.android.partnersetup.RlzAppProvider
06-18 13:49:04.991   149   165 V BackupManagerService: addPackageParticipantsLocked: #1
06-18 13:49:04.995   149   487 I ActivityManager: Start proc com.android.musicfx for broadcast com.android.musicfx/.Compatibility$Receiver: pid=1476 uid=10033 gids={3003, 3002}
06-18 13:49:05.135   386   386 D SAN_SERVICE: *******************************************
06-18 13:49:05.135   386   386 D SAN_SERVICE: DM App Phone Service State - 0
06-18 13:49:05.135   386   386 D SAN_SERVICE: *******************************************
06-18 13:49:05.268   149   402 I ActivityManager: Start proc com.svox.pico for broadcast com.svox.pico/.VoiceDataInstallerReceiver: pid=1490 uid=10038 gids={1015}
06-18 13:49:05.331  1044  1057 V PicasaContentProvider: querySettings: defaults: {sync_on_wifi_only=1, auto_upload_account_type=null, sync_on_battery=1, sync_picasa_on_wifi_only=1, auto_upload_enabled=0, video_upload_wifi_only=1, sync_on_roaming=0, auto_upload_account_name=null}
06-18 13:49:05.335  1044  1057 D PicasaSyncManager: reject PrefetchAlbumCover (anandatirtha@gmail.com) because auto sync is off
06-18 13:49:05.339  1044  1057 V PicasaContentProvider: querySettings: defaults: {sync_on_wifi_only=1, auto_upload_account_type=null, sync_on_battery=1, sync_picasa_on_wifi_only=1, auto_upload_enabled=0, video_upload_wifi_only=1, sync_on_roaming=0, auto_upload_account_name=null}
06-18 13:49:05.342  1044  1057 D PicasaSyncManager: reject PrefetchScreenNail (anandatirtha@gmail.com) because auto sync is off
06-18 13:49:05.479  1490  1490 I ActivityThread: Pub com.svox.pico.providers.SettingsProvider: com.svox.pico.providers.SettingsProvider
06-18 13:49:05.510   149   491 I ActivityManager: No longer want com.android.voicedialer (pid 934): hidden #16
06-18 13:49:05.772   149   491 I ActivityManager: No longer want com.google.android.googlequicksearchbox (pid 1223): hidden #16
06-18 13:49:05.885  1186  1186 D Finsky  : [1] DetailsDataBasedFragment.rebindViews: Page [class=DetailsFragment] loaded in [28404 ms] (partial? false)
06-18 13:49:05.944   149   388 I ActivityManager: Start proc com.android.voicedialer for broadcast com.android.voicedialer/.VoiceDialerReceiver: pid=1504 uid=10050 gids={3002}
06-18 13:49:06.030   149   491 I ActivityManager: No longer want com.android.quicksearchbox (pid 1237): hidden #16
06-18 13:49:06.577  1186  1189 D dalvikvm: GC_CONCURRENT freed 1671K, 9% free 18083K/19847K, paused 4ms+79ms
06-18 13:49:06.596   149   390 I ActivityManager: Start proc com.google.android.googlequicksearchbox for broadcast com.google.android.googlequicksearchbox/.SourceUpdateReceiver: pid=1517 uid=10022 gids={3003}
06-18 13:49:06.757   419   419 I Launcher: setLoadOnResume
06-18 13:49:06.815  1186  1186 D Finsky  : [1] DetailsDataBasedFragment.rebindViews: Page [class=DetailsFragment] loaded in [29349 ms] (partial? true)
06-18 13:49:06.819  1517  1517 I ActivityThread: Pub com.google.android.googlequicksearchbox.shortcuts: com.google.android.googlequicksearchbox.WebHistoryProvider
06-18 13:49:06.823  1517  1517 I ActivityThread: Pub com.google.android.googlequicksearchbox.google: com.google.android.googlequicksearchbox.google.GoogleSuggestionProvider
06-18 13:49:06.925   419   419 I Launcher: setLoadOnResume
06-18 13:49:06.956   149   487 I ActivityManager: Start proc com.android.quicksearchbox for broadcast com.android.quicksearchbox/.CorporaUpdateReceiver: pid=1531 uid=10041 gids={3003}
06-18 13:49:06.956   149   487 I ActivityManager: No longer want com.google.android.talk (pid 911): hidden #16
06-18 13:49:07.128  1531  1531 I ActivityThread: Pub com.android.quicksearchbox.google: com.android.quicksearchbox.google.GoogleSuggestionProvider
06-18 13:49:07.167  1531  1531 I ActivityThread: Pub com.android.quicksearchbox.shortcuts: com.android.quicksearchbox.ShortcutsProvider
06-18 13:49:07.194   149   487 I ActivityManager: No longer want com.android.mms (pid 1269): hidden #16
06-18 13:49:07.292   300   302 D dalvikvm: GC_CONCURRENT freed 351K, 8% free 9987K/10759K, paused 1ms+9ms
06-18 13:49:07.682   149   151 D dalvikvm: GC_CONCURRENT freed 845K, 13% free 13301K/15239K, paused 3ms+18ms
06-18 13:49:07.757   350   350 D wpa_supplicant: wpa_driver_wext_driver_cmd RSSI len = 248
06-18 13:49:07.764   350   350 D wpa_supplicant: wpa_driver_wext_driver_cmd konoha rssi -50  len = 16, 16
06-18 13:49:07.764   350   350 D wpa_supplicant: wpa_driver_wext_driver_cmd LINKSPEED len = 248
06-18 13:49:07.764   350   350 D wpa_supplicant: wpa_driver_wext_driver_cmd LinkSpeed 5 len = 11, 11
06-18 13:49:07.780   419   419 I Launcher: setLoadOnResume
06-18 13:49:07.784   419   419 I Launcher: setLoadOnResume
06-18 13:49:07.788   149   161 D CountryDetector: No listener is left
06-18 13:49:07.807   419   419 I Launcher: setLoadOnResume
06-18 13:49:07.831   419   419 I Launcher: setLoadOnResume
06-18 13:49:08.147   799  1546 I Gmail   : MainSyncRequestProto: lowestBkwdConvoId: 0, highestHandledServerOp: 2634413, normalSync: true
06-18 13:49:08.671   473   475 D dalvikvm: GC_CONCURRENT freed 384K, 6% free 9539K/10055K, paused 9ms+8ms
06-18 13:49:08.788   149   491 I ActivityManager: No longer want com.google.android.syncadapters.calendar (pid 1348): hidden #16
06-18 13:49:09.464   386   386 D SAN_SERVICE: *******************************************
06-18 13:49:09.464   386   386 D SAN_SERVICE: DM App Phone Service State - 0
06-18 13:49:09.464   386   386 D SAN_SERVICE: *******************************************
06-18 13:49:10.573   149   390 D dalvikvm: GC_EXPLICIT freed 316K, 14% free 13210K/15239K, paused 4ms+6ms
06-18 13:49:10.768   350   350 D wpa_supplicant: wpa_driver_wext_driver_cmd RSSI len = 248
06-18 13:49:10.772   350   350 D wpa_supplicant: wpa_driver_wext_driver_cmd konoha rssi -59  len = 16, 16
06-18 13:49:10.772   350   350 D wpa_supplicant: wpa_driver_wext_driver_cmd LINKSPEED len = 248
06-18 13:49:10.772   350   350 D wpa_supplicant: wpa_driver_wext_driver_cmd LinkSpeed 5 len = 11, 11
06-18 13:49:11.214   149   200 I InputReader: Reconfiguring input devices.  changes=0x00000004
06-18 13:49:11.214   149   200 I InputReader: Device reconfigured: id=7, name='mxt224_ts_input', surface size is now 480x800, mode is 1
06-18 13:49:11.233   149   165 I ActivityManager: Config changed: {1.0 310mcc120mnc en_US layoutdir=0 sw320dp w533dp h294dp nrml long land finger -keyb/v/h -nav/h s.5}
06-18 13:49:11.249  1186  1186 D OpenGLRenderer: Flushing caches (mode 0)
06-18 13:49:11.510   300   300 D dalvikvm: GC_FOR_ALLOC freed 324K, 10% free 9721K/10759K, paused 36ms
06-18 13:49:11.659  1186  1186 D Finsky  : [1] DetailsDataBasedFragment.rebindViews: Page [class=DetailsFragment] loaded in [283 ms] (partial? false)
06-18 13:49:11.698  1186  1186 D Finsky  : [1] SelfUpdateScheduler.checkForSelfUpdate: Skipping self-update check as there is an update already queued.
06-18 13:49:11.764   149   200 I InputReader: Reconfiguring input devices.  changes=0x00000004
06-18 13:49:11.764   149   200 I InputReader: Device reconfigured: id=7, name='mxt224_ts_input', surface size is now 480x800, mode is 1
06-18 13:49:11.768   149   165 I ActivityManager: Config changed: {1.0 310mcc120mnc en_US layoutdir=0 sw320dp w320dp h508dp nrml long port finger -keyb/v/h -nav/h s.6}
06-18 13:49:11.901   300   300 D dalvikvm: GC_FOR_ALLOC freed 349K, 10% free 9718K/10759K, paused 32ms
06-18 13:49:12.014  1186  1189 D dalvikvm: GC_CONCURRENT freed 2056K, 11% free 18104K/20231K, paused 3ms+12ms
06-18 13:49:12.171  1186  1186 D Finsky  : [1] DetailsDataBasedFragment.rebindViews: Page [class=DetailsFragment] loaded in [794 ms] (partial? true)
06-18 13:49:12.370  1186  1186 D OpenGLRenderer: Flushing caches (mode 0)
06-18 13:49:12.452  1186  1186 D dalvikvm: GC_EXPLICIT freed 651K, 11% free 18080K/20231K, paused 2ms+9ms
06-18 13:49:12.682  1186  1186 D Finsky  : [1] DetailsDataBasedFragment.rebindViews: Page [class=DetailsFragment] loaded in [183 ms] (partial? false)
06-18 13:49:12.714  1186  1186 D Finsky  : [1] 3.run: onSaveInstanceState() called, not firing onReady().
06-18 13:49:12.721  1186  1186 D Finsky  : [1] SelfUpdateScheduler.checkForSelfUpdate: Skipping self-update check as there is an update already queued.
06-18 13:49:12.960  1186  1186 D Finsky  : [1] DetailsDataBasedFragment.rebindViews: Page [class=DetailsFragment] loaded in [462 ms] (partial? true)
06-18 13:49:13.245   799  1546 D dalvikvm: GC_EXPLICIT freed 692K, 8% free 10239K/11015K, paused 43ms+4ms
06-18 13:49:13.264  1186  1189 D dalvikvm: GC_CONCURRENT freed 1221K, 7% free 18906K/20231K, paused 2ms+15ms
06-18 13:49:13.491   799  1546 I Gmail   : MainSyncRequestProto: lowestBkwdConvoId: 0, highestHandledServerOp: 2634425, normalSync: true
06-18 13:49:13.624   149   489 I ActivityManager: START {act=android.intent.action.MAIN cat=[android.intent.category.LAUNCHER] flg=0x10000000 pkg=com.estrongs.android.pop cmp=com.estrongs.android.pop/.view.FileExplorerActivity} from pid 1186
06-18 13:49:13.655    81   121 D AudioHardware: AudioHardware pcm playback is exiting standby.
06-18 13:49:13.655    81   121 D AudioHardware: openPcmOut_l() mPcmOpenCnt: 0
06-18 13:49:13.819   149   161 I ActivityManager: Start proc com.estrongs.android.pop for activity com.estrongs.android.pop/.view.FileExplorerActivity: pid=1553 uid=10057 gids={3003, 3002, 3001, 1015}
06-18 13:49:13.823   350   350 D wpa_supplicant: wpa_driver_wext_driver_cmd RSSI len = 248
06-18 13:49:13.823   350   350 D wpa_supplicant: wpa_driver_wext_driver_cmd konoha rssi -60  len = 16, 16
06-18 13:49:13.823   350   350 D wpa_supplicant: wpa_driver_wext_driver_cmd LINKSPEED len = 248
06-18 13:49:13.823   350   350 D wpa_supplicant: wpa_driver_wext_driver_cmd LinkSpeed 5 len = 11, 11
06-18 13:49:13.835   300   302 D dalvikvm: GC_CONCURRENT freed 381K, 9% free 9815K/10759K, paused 1ms+3ms
06-18 13:49:13.866  1553  1553 I dalvikvm: Turning on JNI app bug workarounds for target SDK version 4...
06-18 13:49:13.952  1553  1553 I ActivityThread: Pub com.estrongs.android.provider.fex: com.estrongs.android.pop.FexProvider
06-18 13:49:13.956  1553  1553 I ActivityThread: Pub com.estrongs.files: com.estrongs.android.pop.app.FileContentProvider
06-18 13:49:13.971  1186  1186 D OpenGLRenderer: Flushing caches (mode 1)
06-18 13:49:13.983  1553  1553 E ObjectHelper: Can't find method:setCompatibilityInfo
06-18 13:49:14.010  1186  1186 D OpenGLRenderer: Flushing caches (mode 0)
06-18 13:49:14.034  1553  1553 D dalvikvm: GC_FOR_ALLOC freed 129K, 3% free 9214K/9415K, paused 36ms
06-18 13:49:14.053  1553  1553 D dalvikvm: GC_FOR_ALLOC freed 203K, 5% free 9216K/9671K, paused 18ms
06-18 13:49:14.147  1553  1553 D dalvikvm: GC_FOR_ALLOC freed 59K, 3% free 9398K/9671K, paused 22ms
06-18 13:49:14.167   300   300 V PhoneStatusBar: setLightsOn(true)
06-18 13:49:14.206  1553  1569 I GlobalLogger: RequestEventHandler:0 is waiting to pop request...
06-18 13:49:14.206  1553  1570 I GlobalLogger: RequestEventHandler:1 is waiting to pop request...
06-18 13:49:14.206  1553  1571 I GlobalLogger: RequestEventHandler:2 is waiting to pop request...
06-18 13:49:14.210  1553  1572 I GlobalLogger: RequestEventHandler:3 is waiting to pop request...
06-18 13:49:14.374   149   165 I Process : Sending signal. PID: 1553 SIG: 3
06-18 13:49:14.374  1553  1558 I dalvikvm: threadid=3: reacting to signal 3
06-18 13:49:14.592  1553  1556 D dalvikvm: GC_CONCURRENT freed 88K, 3% free 9716K/9927K, paused 31ms+6ms
06-18 13:49:14.671  1553  1558 I dalvikvm: Wrote stack traces to '/data/anr/traces.txt'
06-18 13:49:14.874   149   165 I Process : Sending signal. PID: 1553 SIG: 3
06-18 13:49:14.874  1553  1558 I dalvikvm: threadid=3: reacting to signal 3
06-18 13:49:14.909  1553  1558 I dalvikvm: Wrote stack traces to '/data/anr/traces.txt'
06-18 13:49:15.159  1553  1556 D dalvikvm: GC_CONCURRENT freed 26K, 2% free 10204K/10311K, paused 15ms+3ms
06-18 13:49:15.346  1553  1556 D dalvikvm: GC_CONCURRENT freed 112K, 2% free 10615K/10823K, paused 2ms+3ms
06-18 13:49:15.374   149   165 I Process : Sending signal. PID: 1553 SIG: 3
06-18 13:49:15.374  1553  1558 I dalvikvm: threadid=3: reacting to signal 3
06-18 13:49:15.382  1553  1558 I dalvikvm: Wrote stack traces to '/data/anr/traces.txt'
06-18 13:49:15.467   799  1546 D dalvikvm: GC_EXPLICIT freed 140K, 8% free 10219K/11015K, paused 8ms+4ms
06-18 13:49:15.483   799  1546 I Gmail   : MainSyncRequestProto: lowestBkwdConvoId: 0, highestHandledServerOp: 2634436, normalSync: true
06-18 13:49:15.632   149   194 D dalvikvm: GC_EXPLICIT freed 297K, 13% free 13373K/15239K, paused 3ms+6ms
06-18 13:49:15.643   799  1546 W Gmail   : Scheduling index for 300000 ms from now
06-18 13:49:15.889   149   165 I Process : Sending signal. PID: 1553 SIG: 3
06-18 13:49:15.889  1553  1558 I dalvikvm: threadid=3: reacting to signal 3
06-18 13:49:15.967  1553  1558 I dalvikvm: Wrote stack traces to '/data/anr/traces.txt'
06-18 13:49:16.233  1553  1556 D dalvikvm: GC_CONCURRENT freed 305K, 4% free 10769K/11207K, paused 9ms+3ms
06-18 13:49:16.522  1553  1553 D webviewglue: nativeDestroy view: 0x5fd530
06-18 13:49:16.745    81   121 D AudioHardware: AudioHardware pcm playback is going to standby.
06-18 13:49:16.745    81   121 D AudioHardware: closePcmOut_l() mPcmOpenCnt: 1
06-18 13:49:16.768   149   165 I Process : Sending signal. PID: 1553 SIG: 3
06-18 13:49:16.768  1553  1558 I dalvikvm: threadid=3: reacting to signal 3
06-18 13:49:16.772  1553  1558 I dalvikvm: Wrote stack traces to '/data/anr/traces.txt'
06-18 13:49:16.819  1186  1186 D Finsky  : [1] 1.run: Referrer for com.estrongs.android.pop cleared
06-18 13:49:16.827   350   350 D wpa_supplicant: wpa_driver_wext_driver_cmd RSSI len = 248
06-18 13:49:16.835   350   350 D wpa_supplicant: wpa_driver_wext_driver_cmd konoha rssi -64  len = 16, 16
06-18 13:49:16.835   350   350 D wpa_supplicant: wpa_driver_wext_driver_cmd LINKSPEED len = 248
06-18 13:49:16.835   350   350 D wpa_supplicant: wpa_driver_wext_driver_cmd LinkSpeed 5 len = 11, 11
06-18 13:49:16.913   149   194 I ActivityManager: Displayed com.estrongs.android.pop/.view.FileExplorerActivity: +3s129ms
06-18 13:49:17.010   149   161 I ActivityManager: No longer want com.android.browser (pid 1150): hidden #16
06-18 13:49:17.034   149   402 I WindowManager: WIN DEATH: Window{41791f00 com.android.browser/com.android.browser.BrowserActivity paused=false}
06-18 13:49:17.057   799  1593 I Gmail   : MainSyncRequestProto: lowestBkwdConvoId: 0, highestHandledServerOp: 2634436, normalSync: true
06-18 13:49:17.155  1121  1123 D dalvikvm: GC_CONCURRENT freed 311K, 5% free 9161K/9607K, paused 10ms+3ms
06-18 13:49:17.878   799  1593 D dalvikvm: GC_EXPLICIT freed 149K, 8% free 10223K/11015K, paused 2ms+5ms
06-18 13:49:17.885   799  1593 I Gmail   : MainSyncRequestProto: lowestBkwdConvoId: 0, highestHandledServerOp: 2634439, normalSync: true
06-18 13:49:17.897   799  1593 W Gmail   : Scheduling index for 300000 ms from now
06-18 13:49:18.116    81   121 D AudioHardware: AudioHardware pcm playback is exiting standby.
06-18 13:49:18.116    81   121 D AudioHardware: openPcmOut_l() mPcmOpenCnt: 0
06-18 13:49:18.159   149   489 I ActivityManager: START {cmp=com.estrongs.android.pop/.view.GuideActivity (has extras)} from pid 1553
06-18 13:49:18.296  1553  1553 D dalvikvm: GC_FOR_ALLOC freed 100K, 5% free 10940K/11399K, paused 27ms
06-18 13:49:18.296  1553  1553 I dalvikvm-heap: Grow heap (frag case) to 11.097MB for 362716-byte allocation
06-18 13:49:18.319  1553  1553 D dalvikvm: GC_FOR_ALLOC freed 3K, 5% free 11291K/11783K, paused 22ms
06-18 13:49:18.346   300   300 V PhoneStatusBar: setLightsOn(true)
06-18 13:49:18.405   149   194 I ActivityManager: Displayed com.estrongs.android.pop/.view.GuideActivity: +165ms
06-18 13:49:19.780   300   300 V PhoneStatusBar: setLightsOn(true)
06-18 13:49:19.839   350   350 D wpa_supplicant: wpa_driver_wext_driver_cmd RSSI len = 248
06-18 13:49:19.846   350   350 D wpa_supplicant: wpa_driver_wext_driver_cmd konoha rssi -63  len = 16, 16
06-18 13:49:19.846   350   350 D wpa_supplicant: wpa_driver_wext_driver_cmd LINKSPEED len = 248
06-18 13:49:19.846   350   350 D wpa_supplicant: wpa_driver_wext_driver_cmd LinkSpeed 5 len = 11, 11
06-18 13:49:22.850   350   350 D wpa_supplicant: wpa_driver_wext_driver_cmd RSSI len = 248
06-18 13:49:22.858   350   350 D wpa_supplicant: wpa_driver_wext_driver_cmd konoha rssi -60  len = 16, 16
06-18 13:49:22.858   350   350 D wpa_supplicant: wpa_driver_wext_driver_cmd LINKSPEED len = 248
06-18 13:49:22.862   350   350 D wpa_supplicant: wpa_driver_wext_driver_cmd LinkSpeed 5 len = 11, 11
06-18 13:49:24.171  1186  1186 D Finsky  : [1] DetailsDataBasedFragment.rebindViews: Page [class=DetailsFragment] loaded in [11672 ms] (partial? false)
06-18 13:49:24.307  1121  1123 D dalvikvm: GC_CONCURRENT freed 333K, 5% free 9300K/9735K, paused 2ms+3ms
06-18 13:49:24.323   149   165 I Process : Sending signal. PID: 1186 SIG: 3
06-18 13:49:24.327  1186  1191 I dalvikvm: threadid=3: reacting to signal 3
06-18 13:49:24.358  1186  1191 I dalvikvm: Wrote stack traces to '/data/anr/traces.txt'
06-18 13:49:24.749  1186  1189 D dalvikvm: GC_CONCURRENT freed 2241K, 12% free 18745K/21063K, paused 8ms+27ms
06-18 13:49:24.757  1186  1186 D Finsky  : [1] DetailsDataBasedFragment.rebindViews: Page [class=DetailsFragment] loaded in [12258 ms] (partial? true)
06-18 13:49:24.807   149   161 W InputManagerService: Starting input on non-focused client com.android.internal.view.IInputMethodClient$Stub$Proxy@41383f98 (uid=10057 pid=1553)
06-18 13:49:24.823   149   165 I Process : Sending signal. PID: 1186 SIG: 3
06-18 13:49:24.823  1186  1191 I dalvikvm: threadid=3: reacting to signal 3
06-18 13:49:24.866  1186  1210 D Volley  : [137] BasicNetwork.logSlowRequests: HTTP response for request=<[ ] https://android.clients.google.com/vending/api/ApiRequest NORMAL 82 ContentSyncRequestProto> [lifetime=3697], [size=36], [rc=200], [retryCount=0]
06-18 13:49:24.870  1186  1191 I dalvikvm: Wrote stack traces to '/data/anr/traces.txt'
06-18 13:49:24.885   350   350 D wpa_supplicant: RTM_NEWLINK: operstate=1 ifi_flags=0x11043 ([UP][RUNNING][LOWER_UP])
06-18 13:49:24.885   350   350 D wpa_supplicant: RTM_NEWLINK, IFLA_IFNAME: Interface 'wlan0' added
06-18 13:49:24.885   350   350 D wpa_supplicant: Wireless event: cmd=0x8c00 len=20
06-18 13:49:25.057  1186  1186 D Volley  : [1] Request.finish: 3889 ms: [ ] https://android.clients.google.com/vending/api/ApiRequest NORMAL 82 ContentSyncRequestProto
06-18 13:49:25.092   350   350 D wpa_supplicant: RTM_NEWLINK: operstate=1 ifi_flags=0x11043 ([UP][RUNNING][LOWER_UP])
06-18 13:49:25.092   350   350 D wpa_supplicant: RTM_NEWLINK, IFLA_IFNAME: Interface 'wlan0' added
06-18 13:49:25.092   350   350 D wpa_supplicant: Wireless event: cmd=0x8c00 len=20
06-18 13:49:25.217  1186  1186 D Finsky  : [1] 5.onFinished: Installation state replication succeeded.
06-18 13:49:25.753   149   165 I ActivityManager: No longer want com.android.providers.calendar (pid 1079): hidden #16
06-18 13:49:25.866   350   350 D wpa_supplicant: wpa_driver_wext_driver_cmd RSSI len = 248
06-18 13:49:25.874   350   350 D wpa_supplicant: wpa_driver_wext_driver_cmd konoha rssi -59  len = 16, 16
06-18 13:49:25.874   350   350 D wpa_supplicant: wpa_driver_wext_driver_cmd LINKSPEED len = 248
06-18 13:49:25.874   350   350 D wpa_supplicant: wpa_driver_wext_driver_cmd LinkSpeed 1 len = 11, 11
06-18 13:49:26.850    81   121 D AudioHardware: AudioHardware pcm playback is going to standby.
06-18 13:49:26.850    81   121 D AudioHardware: closePcmOut_l() mPcmOpenCnt: 1
06-18 13:49:27.300   149   429 I ActivityManager: START {act=android.intent.action.MAIN cat=[android.intent.category.LAUNCHER] flg=0x10000000 pkg=com.estrongs.android.pop cmp=com.estrongs.android.pop/.view.FileExplorerActivity} from pid 1186
06-18 13:49:27.303    81   121 D AudioHardware: AudioHardware pcm playback is exiting standby.
06-18 13:49:27.303    81   121 D AudioHardware: openPcmOut_l() mPcmOpenCnt: 0
06-18 13:49:27.428   149   429 D dalvikvm: GC_FOR_ALLOC freed 917K, 13% free 13358K/15239K, paused 96ms
06-18 13:49:27.581  1186  1186 D OpenGLRenderer: Flushing caches (mode 1)
06-18 13:49:27.823  1553  1556 D dalvikvm: GC_CONCURRENT freed 746K, 7% free 11350K/12167K, paused 2ms+8ms
06-18 13:49:27.897   300   300 V PhoneStatusBar: setLightsOn(true)
06-18 13:49:27.901  1186  1186 D OpenGLRenderer: Flushing caches (mode 0)
06-18 13:49:27.960   149   165 I Process : Sending signal. PID: 1553 SIG: 3
06-18 13:49:27.960  1553  1558 I dalvikvm: threadid=3: reacting to signal 3
06-18 13:49:27.987  1553  1558 I dalvikvm: Wrote stack traces to '/data/anr/traces.txt'
06-18 13:49:28.135   149   194 I ActivityManager: Displayed com.estrongs.android.pop/.view.FileExplorerActivity: +678ms
06-18 13:49:28.882   350   350 D wpa_supplicant: wpa_driver_wext_driver_cmd RSSI len = 248
06-18 13:49:28.889   350   350 D wpa_supplicant: wpa_driver_wext_driver_cmd konoha rssi -67  len = 16, 16
06-18 13:49:28.889   350   350 D wpa_supplicant: wpa_driver_wext_driver_cmd LINKSPEED len = 248
06-18 13:49:28.893   350   350 D wpa_supplicant: wpa_driver_wext_driver_cmd LinkSpeed 2 len = 11, 11
06-18 13:49:30.385   149   161 I ActivityManager: START {cmp=com.estrongs.android.pop/.view.PopPreferenceActivity} from pid 1553
06-18 13:49:30.471  1553  1553 W Resources: Converting to string: TypedValue{t=0x10/d=0xfffffffe a=-1}
06-18 13:49:30.471  1186  1186 D Finsky  : [1] 1.run: Referrer for com.estrongs.android.pop cleared
06-18 13:49:30.479  1553  1553 W Resources: Converting to string: TypedValue{t=0x10/d=0x0 a=-1}
06-18 13:49:30.487  1553  1553 W Resources: Converting to string: TypedValue{t=0x10/d=0xffffffff a=-1}
06-18 13:49:30.487  1553  1553 W Resources: Converting to string: TypedValue{t=0x10/d=0xffffffff a=-1}
06-18 13:49:30.491  1553  1553 W Resources: Converting to string: TypedValue{t=0x10/d=0x2 a=-1}
06-18 13:49:30.491  1553  1553 W Resources: Converting to string: TypedValue{t=0x10/d=0x2 a=-1}
06-18 13:49:30.495  1553  1553 W Resources: Converting to string: TypedValue{t=0x10/d=0xffffffff a=-1}
06-18 13:49:30.503  1553  1553 W Resources: Converting to string: TypedValue{t=0x10/d=0x0 a=-1}
06-18 13:49:30.503  1553  1553 W Resources: Converting to string: TypedValue{t=0x10/d=0x0 a=-1}
06-18 13:49:30.581   300   300 V PhoneStatusBar: setLightsOn(true)
06-18 13:49:30.733  1553  1556 D dalvikvm: GC_CONCURRENT freed 832K, 8% free 11221K/12167K, paused 3ms+4ms
06-18 13:49:30.780   149   194 I ActivityManager: Displayed com.estrongs.android.pop/.view.PopPreferenceActivity: +364ms
06-18 13:49:31.901   350   350 D wpa_supplicant: wpa_driver_wext_driver_cmd RSSI len = 248
06-18 13:49:31.909   350   350 D wpa_supplicant: wpa_driver_wext_driver_cmd konoha rssi -63  len = 16, 16
06-18 13:49:31.909   350   350 D wpa_supplicant: wpa_driver_wext_driver_cmd LINKSPEED len = 248
06-18 13:49:31.909   350   350 D wpa_supplicant: wpa_driver_wext_driver_cmd LinkSpeed 2 len = 11, 11
06-18 13:49:32.940  1553  1553 D dalvikvm: GC_FOR_ALLOC freed 28K, 5% free 11571K/12167K, paused 23ms
06-18 13:49:32.971  1553  1553 D dalvikvm: GC_FOR_ALLOC freed 3K, 5% free 11997K/12551K, paused 22ms
06-18 13:49:32.999  1553  1553 D dalvikvm: GC_FOR_ALLOC freed <1K, 5% free 12463K/12999K, paused 22ms
06-18 13:49:33.147  1553  1553 D dalvikvm: GC_FOR_ALLOC freed 2K, 5% free 13061K/13639K, paused 22ms
06-18 13:49:33.510    81   121 D AudioHardware: AudioHardware pcm playback is going to standby.
06-18 13:49:33.510    81   121 D AudioHardware: closePcmOut_l() mPcmOpenCnt: 1
06-18 13:49:34.901    81   121 D AudioHardware: AudioHardware pcm playback is exiting standby.
06-18 13:49:34.901    81   121 D AudioHardware: openPcmOut_l() mPcmOpenCnt: 0
06-18 13:49:34.913   350   350 D wpa_supplicant: wpa_driver_wext_driver_cmd RSSI len = 248
