06-19 16:36:55.470  1380  1419 W System.err: 	at java.net.PlainSocketImpl.read(PlainSocketImpl.java:491)
06-19 16:36:55.470  1380  1419 W System.err: 	at java.net.PlainSocketImpl.access$000(PlainSocketImpl.java:46)
06-19 16:36:55.474  1380  1419 W System.err: 	at java.net.PlainSocketImpl$PlainSocketInputStream.read(PlainSocketImpl.java:240)
06-19 16:36:55.474  1380  1419 W System.err: 	at org.apache.http.impl.io.AbstractSessionInputBuffer.fillBuffer(AbstractSessionInputBuffer.java:103)
06-19 16:36:55.477  1380  1419 W System.err: 	at org.apache.http.impl.io.AbstractSessionInputBuffer.readLine(AbstractSessionInputBuffer.java:191)
06-19 16:36:55.477  1380  1419 W System.err: 	at org.apache.http.impl.conn.DefaultResponseParser.parseHead(DefaultResponseParser.java:82)
06-19 16:36:55.481  1380  1419 W System.err: 	at org.apache.http.impl.io.AbstractMessageParser.parse(AbstractMessageParser.java:174)
06-19 16:36:55.485  1380  1419 W System.err: 	at org.apache.http.impl.AbstractHttpClientConnection.receiveResponseHeader(AbstractHttpClientConnection.java:180)
06-19 16:36:55.485  1380  1419 W System.err: 	at org.apache.http.impl.conn.DefaultClientConnection.receiveResponseHeader(DefaultClientConnection.java:235)
06-19 16:36:55.489  1380  1419 W System.err: 	at org.apache.http.impl.conn.AbstractClientConnAdapter.receiveResponseHeader(AbstractClientConnAdapter.java:259)
06-19 16:36:55.493  1380  1419 W System.err: 	at org.apache.http.protocol.HttpRequestExecutor.doReceiveResponse(HttpRequestExecutor.java:279)
06-19 16:36:55.497  1380  1419 W System.err: 	at org.apache.http.protocol.HttpRequestExecutor.execute(HttpRequestExecutor.java:121)
06-19 16:36:55.501  1380  1419 W System.err: 	at org.apache.http.impl.client.DefaultRequestDirector.execute(DefaultRequestDirector.java:428)
06-19 16:36:55.505  1380  1419 W System.err: 	at org.apache.http.impl.client.AbstractHttpClient.execute(AbstractHttpClient.java:555)
06-19 16:36:55.509  1380  1419 W System.err: 	at org.apache.http.impl.client.AbstractHttpClient.execute(AbstractHttpClient.java:487)
06-19 16:36:55.513  1380  1419 W System.err: 	at com.loopj.android.http.AsyncHttpRequest.makeRequest(Unknown Source)
06-19 16:36:55.524  1380  1419 W System.err: 	at com.loopj.android.http.AsyncHttpRequest.makeRequestWithRetries(Unknown Source)
06-19 16:36:55.524  1380  1419 W System.err: 	at com.loopj.android.http.AsyncHttpRequest.run(Unknown Source)
06-19 16:36:55.524  1380  1419 W System.err: 	at java.util.concurrent.Executors$RunnableAdapter.call(Executors.java:442)
06-19 16:36:55.528  1380  1419 W System.err: 	at java.util.concurrent.FutureTask$Sync.innerRun(FutureTask.java:305)
06-19 16:36:55.528  1380  1419 W System.err: 	at java.util.concurrent.FutureTask.run(FutureTask.java:137)
06-19 16:36:55.528  1380  1419 W System.err: 	at java.util.concurrent.ThreadPoolExecutor.runWorker(ThreadPoolExecutor.java:1076)
06-19 16:36:55.528  1380  1419 W System.err: 	at java.util.concurrent.ThreadPoolExecutor$Worker.run(ThreadPoolExecutor.java:569)
06-19 16:36:55.528  1380  1419 W System.err: 	at java.lang.Thread.run(Thread.java:856)
06-19 16:36:55.528  1380  1419 W System.err: java.net.SocketTimeoutException
06-19 16:36:55.528  1380  1419 W System.err: 	at java.net.PlainSocketImpl.read(PlainSocketImpl.java:491)
06-19 16:36:55.528  1380  1419 W System.err: 	at java.net.PlainSocketImpl.access$000(PlainSocketImpl.java:46)
06-19 16:36:55.528  1380  1419 W System.err: 	at java.net.PlainSocketImpl$PlainSocketInputStream.read(PlainSocketImpl.java:240)
06-19 16:36:55.528  1380  1419 W System.err: 	at org.apache.http.impl.io.AbstractSessionInputBuffer.fillBuffer(AbstractSessionInputBuffer.java:103)
06-19 16:36:55.528  1380  1419 W System.err: 	at org.apache.http.impl.io.AbstractSessionInputBuffer.readLine(AbstractSessionInputBuffer.java:191)
06-19 16:36:55.528  1380  1419 W System.err: 	at org.apache.http.impl.conn.DefaultResponseParser.parseHead(DefaultResponseParser.java:82)
06-19 16:36:55.528  1380  1419 W System.err: 	at org.apache.http.impl.io.AbstractMessageParser.parse(AbstractMessageParser.java:174)
06-19 16:36:55.528  1380  1419 W System.err: 	at org.apache.http.impl.AbstractHttpClientConnection.receiveResponseHeader(AbstractHttpClientConnection.java:180)
06-19 16:36:55.528  1380  1419 W System.err: 	at org.apache.http.impl.conn.DefaultClientConnection.receiveResponseHeader(DefaultClientConnection.java:235)
06-19 16:36:55.528  1380  1419 W System.err: 	at org.apache.http.impl.conn.AbstractClientConnAdapter.receiveResponseHeader(AbstractClientConnAdapter.java:259)
06-19 16:36:55.528  1380  1419 W System.err: 	at org.apache.http.protocol.HttpRequestExecutor.doReceiveResponse(HttpRequestExecutor.java:279)
06-19 16:36:55.528  1380  1419 W System.err: 	at org.apache.http.protocol.HttpRequestExecutor.execute(HttpRequestExecutor.java:121)
06-19 16:36:55.528  1380  1419 W System.err: 	at org.apache.http.impl.client.DefaultRequestDirector.execute(DefaultRequestDirector.java:428)
06-19 16:36:55.528  1380  1419 W System.err: 	at org.apache.http.impl.client.AbstractHttpClient.execute(AbstractHttpClient.java:555)
06-19 16:36:55.528  1380  1419 W System.err: 	at org.apache.http.impl.client.AbstractHttpClient.execute(AbstractHttpClient.java:487)
06-19 16:36:55.528  1380  1419 W System.err: 	at com.loopj.android.http.AsyncHttpRequest.makeRequest(Unknown Source)
06-19 16:36:55.532  1380  1419 W System.err: 	at com.loopj.android.http.AsyncHttpRequest.makeRequestWithRetries(Unknown Source)
06-19 16:36:55.532  1380  1419 W System.err: 	at com.loopj.android.http.AsyncHttpRequest.run(Unknown Source)
06-19 16:36:55.532  1380  1419 W System.err: 	at java.util.concurrent.Executors$RunnableAdapter.call(Executors.java:442)
06-19 16:36:55.532  1380  1419 W System.err: 	at java.util.concurrent.FutureTask$Sync.innerRun(FutureTask.java:305)
06-19 16:36:55.532  1380  1419 W System.err: 	at java.util.concurrent.FutureTask.run(FutureTask.java:137)
06-19 16:36:55.532  1380  1419 W System.err: 	at java.util.concurrent.ThreadPoolExecutor.runWorker(ThreadPoolExecutor.java:1076)
06-19 16:36:55.532  1380  1419 W System.err: 	at java.util.concurrent.ThreadPoolExecutor$Worker.run(ThreadPoolExecutor.java:569)
06-19 16:36:55.536  1380  1419 W System.err: 	at java.lang.Thread.run(Thread.java:856)
06-19 16:36:55.536  1380  1380 E PhoneLab-: Transfering 1340130277781.log failed
06-19 16:36:55.536  1380  1380 I PhoneLab-Locks: wake lock released
06-19 16:36:57.501   151   196 I power   : *** set_screen_state 1
06-19 16:36:57.579   151   196 I WindowManager: Lock screen displayed!
06-19 16:36:57.696    78   118 D SurfaceFlinger: Screen about to return, flinger = 0xad0918
06-19 16:36:57.778   359   359 D wpa_supplicant: wpa_driver_wext_driver_cmd SETSUSPENDOPT 0 len = 4096
06-19 16:36:57.778   359   359 D wpa_supplicant: wpa_driver_wext_driver_cmd SETSUSPENDOPT 0 len = 0, 15
06-19 16:36:57.778   359   359 D wpa_supplicant: wpa_driver_wext_driver_cmd POWERMODE 0 len = 4096
06-19 16:36:57.778   359   359 D wpa_supplicant: wpa_driver_wext_driver_cmd OK len = 0, 2
06-19 16:37:03.602   359   359 D wpa_supplicant: RTM_NEWLINK: operstate=0 ifi_flags=0x11003 ([UP][LOWER_UP])
06-19 16:37:03.602   359   359 D wpa_supplicant: RTM_NEWLINK, IFLA_IFNAME: Interface 'wlan0' added
06-19 16:37:03.602   359   359 D wpa_supplicant: Wireless event: cmd=0x8c00 len=20
06-19 16:37:03.630   359   359 D wpa_supplicant: RTM_NEWLINK: operstate=0 ifi_flags=0x11003 ([UP][LOWER_UP])
06-19 16:37:03.630   359   359 D wpa_supplicant: RTM_NEWLINK, IFLA_IFNAME: Interface 'wlan0' added
06-19 16:37:03.630   359   359 D wpa_supplicant: Wireless event: cmd=0x8c00 len=20
06-19 16:37:03.669  1380  1380 I PhoneLab-PowerOnReceiver: Power is plugged in!
06-19 16:37:03.669  1380  1380 I PhoneLab-PowerOnReceiver: Rescheduling periodic checking...
06-19 16:37:03.692   309   309 W PowerUI : unknown intent: Intent { act=android.intent.action.ACTION_POWER_CONNECTED flg=0x10000010 }
06-19 16:37:03.708  1380  1382 D dalvikvm: GC_CONCURRENT freed 973K, 14% free 9149K/10567K, paused 3ms+2ms
06-19 16:37:03.716  1380  1380 I PhoneLab-Locks: wake lock acquired
06-19 16:37:03.739   151   431 I ActivityManager: Start proc com.google.android.apps.maps for broadcast com.google.android.apps.maps/com.google.googlenav.android.MapServiceReceiver: pid=1427 uid=10055 gids={3003, 1015}
06-19 16:37:03.751  1380  1380 I PhoneLab-UploadLogs: Transfering log files now
06-19 16:37:03.755   359   359 D wpa_supplicant: RTM_NEWLINK: operstate=0 ifi_flags=0x11003 ([UP][LOWER_UP])
06-19 16:37:03.755   359   359 D wpa_supplicant: RTM_NEWLINK, IFLA_IFNAME: Interface 'wlan0' added
06-19 16:37:03.755   359   359 D wpa_supplicant: Wireless event: cmd=0x8c00 len=20
06-19 16:37:03.833  1380  1382 D dalvikvm: GC_CONCURRENT freed 408K, 13% free 9222K/10567K, paused 2ms+4ms
06-19 16:37:03.841   359   359 D wpa_supplicant: RTM_NEWLINK: operstate=0 ifi_flags=0x11003 ([UP][LOWER_UP])
06-19 16:37:03.841   359   359 D wpa_supplicant: RTM_NEWLINK, IFLA_IFNAME: Interface 'wlan0' added
06-19 16:37:03.841   359   359 D wpa_supplicant: Wireless event: cmd=0x8c00 len=20
06-19 16:37:03.864  1380  1380 D dalvikvm: GC_FOR_ALLOC freed 177K, 11% free 9414K/10567K, paused 27ms
06-19 16:37:03.868  1380  1380 I dalvikvm-heap: Grow heap (frag case) to 9.754MB for 516692-byte allocation
06-19 16:37:03.899  1380  1380 D dalvikvm: GC_FOR_ALLOC freed 252K, 13% free 9665K/11079K, paused 24ms
06-19 16:37:03.927  1380  1380 I PhoneLab-UploadLogs: OnStartCommand
06-19 16:37:03.981  1427  1429 D dalvikvm: GC_CONCURRENT freed 167K, 3% free 9369K/9607K, paused 2ms+4ms
06-19 16:37:04.036   309   311 D dalvikvm: GC_CONCURRENT freed 302K, 8% free 9890K/10695K, paused 2ms+11ms
06-19 16:37:04.114   309   358 I StorageNotification: UMS connection changed to true (media state mounted)
06-19 16:37:04.153  1427  1427 I ActivityThread: Pub com.google.android.maps.LayerInfoProvider: com.google.googlenav.layer.LayerInfoProvider
06-19 16:37:04.200  1427  1427 I ActivityThread: Pub com.google.android.maps.TrafficAppWidgetProvider: com.google.googlenav.appwidget.traffic.TrafficAppWidgetProvider
06-19 16:37:04.208  1427  1427 I ActivityThread: Pub com.google.android.maps.LocalActivePlacesProvider: com.google.googlenav.provider.LocalActivePlacesProvider
06-19 16:37:04.212  1427  1427 I ActivityThread: Pub com.google.android.maps.StarredItemProvider: com.google.googlenav.provider.StarredItemProvider
06-19 16:37:04.231   359   359 D wpa_supplicant: RTM_NEWLINK: operstate=0 ifi_flags=0x11003 ([UP][LOWER_UP])
06-19 16:37:04.231   359   359 D wpa_supplicant: RTM_NEWLINK, IFLA_IFNAME: Interface 'wlan0' added
06-19 16:37:04.231   359   359 D wpa_supplicant: Wireless event: cmd=0x8c00 len=20
06-19 16:37:04.298   406   471 D NfcService: NFC-C ON
06-19 16:37:04.306   309   358 I StorageNotification: UMS connection changed to true (media state mounted)
06-19 16:37:04.329    81   121 D AudioHardware: AudioHardware pcm playback is exiting standby.
06-19 16:37:04.329    81   121 D AudioHardware: openPcmOut_l() mPcmOpenCnt: 0
06-19 16:37:04.333   151   431 W InputManagerService: Window already focused, ignoring focus gain of: com.android.internal.view.IInputMethodClient$Stub$Proxy@413f6600
06-19 16:37:04.446  1427  1429 D dalvikvm: GC_CONCURRENT freed 183K, 3% free 9669K/9927K, paused 3ms+36ms
06-19 16:37:04.552   309   311 D dalvikvm: GC_CONCURRENT freed 217K, 6% free 10082K/10695K, paused 2ms+5ms
06-19 16:37:04.595   309   309 D PhoneStatusBar: disable: < expand icons alerts ticker system_info back* home* recent* clock* >
06-19 16:37:04.681  1427  1427 I ActivityThread: Pub com.google.android.maps.LocalSuggestionProvider: com.google.googlenav.provider.LocalSuggestionProvider
06-19 16:37:04.681  1427  1427 I ActivityThread: Pub com.google.android.maps.SearchHistoryProvider: com.google.googlenav.provider.SearchHistoryProvider
06-19 16:37:04.685  1427  1427 I ActivityThread: Pub com.google.android.maps.NavigationAvailabilityProvider: com.google.googlenav.provider.NavigationAvailabilityProvider
06-19 16:37:04.692  1427  1427 I ActivityThread: Pub com.google.android.maps.SuggestionProvider: com.google.googlenav.suggest.android.SuggestContentProvider
06-19 16:37:04.724   151   578 I ActivityManager: No longer want com.android.settings.wimax (pid 1090): hidden #16
06-19 16:37:04.763   309   309 D dalvikvm: GC_FOR_ALLOC freed 350K, 6% free 10112K/10695K, paused 21ms
06-19 16:37:04.872   309   309 D dalvikvm: GC_FOR_ALLOC freed 197K, 6% free 10098K/10695K, paused 16ms
06-19 16:37:04.872   309   309 I dalvikvm-heap: Grow heap (frag case) to 10.104MB for 186256-byte allocation
06-19 16:37:04.892   309   309 D dalvikvm: GC_FOR_ALLOC freed <1K, 6% free 10280K/10887K, paused 18ms
06-19 16:37:07.497    81   121 D AudioHardware: AudioHardware pcm playback is going to standby.
06-19 16:37:07.501    81   121 D AudioHardware: closePcmOut_l() mPcmOpenCnt: 1
06-19 16:37:10.181   359   359 D wpa_supplicant: RTM_NEWLINK: operstate=0 ifi_flags=0x11003 ([UP][LOWER_UP])
06-19 16:37:10.181   359   359 D wpa_supplicant: RTM_NEWLINK, IFLA_IFNAME: Interface 'wlan0' added
06-19 16:37:10.181   359   359 D wpa_supplicant: Wireless event: cmd=0x8c00 len=20
06-19 16:37:11.618   359   359 D wpa_supplicant: RTM_NEWLINK: operstate=0 ifi_flags=0x11003 ([UP][LOWER_UP])
06-19 16:37:11.618   359   359 D wpa_supplicant: RTM_NEWLINK, IFLA_IFNAME: Interface 'wlan0' added
06-19 16:37:11.618   359   359 D wpa_supplicant: Wireless event: cmd=0x8c00 len=20
06-19 16:37:12.020   359   359 D wpa_supplicant: RTM_NEWLINK: operstate=0 ifi_flags=0x11003 ([UP][LOWER_UP])
06-19 16:37:12.020   359   359 D wpa_supplicant: RTM_NEWLINK, IFLA_IFNAME: Interface 'wlan0' added
06-19 16:37:12.020   359   359 D wpa_supplicant: Wireless event: cmd=0x8c00 len=20
06-19 16:37:12.653    81   121 D AudioHardware: AudioHardware pcm playback is exiting standby.
06-19 16:37:12.653    81   121 D AudioHardware: openPcmOut_l() mPcmOpenCnt: 0
06-19 16:37:13.677   151   163 I ActivityManager: START {act=android.settings.SETTINGS flg=0x10200000 cmp=com.android.settings/.Settings} from pid 421
06-19 16:37:13.747  1380  1380 I PhoneLab-Locks: wake lock acquired
06-19 16:37:13.782  1380  1449 I PhoneLab-PeriodicCheckService: User info is synched
06-19 16:37:13.907  1380  1449 I PhoneLab-PeriodicCheckService: Logger Service is running
06-19 16:37:13.923  1380  1380 I PhoneLab-Locks: wake lock acquired
06-19 16:37:13.931  1380  1380 I PhoneLab-StatusMonitor: Status Monitoring is started
06-19 16:37:13.935  1380  1380 E PhoneLab-PhoneLabManifest: java.io.FileNotFoundException: /data/data/edu.buffalo.cse.phonelab.phonelabservices/files/manifest.xml: open failed: ENOENT (No such file or directory)
06-19 16:37:13.935  1380  1380 I PhoneLab-Locks: wake lock released
06-19 16:37:13.946  1380  1449 I PhoneLab-Locks: wake lock acquired
06-19 16:37:13.950  1380  1380 I PhoneLab-UploadLogs: OnStartCommand
06-19 16:37:13.966  1380  1449 I PhoneLab-PeriodicCheckService: Rescheduling periodic checking...
06-19 16:37:14.032  1056  1056 W System.err: Removed 2131231170
06-19 16:37:14.032  1056  1056 W System.err: Removed 2131231177
06-19 16:37:14.036  1380  1449 I PhoneLab-Locks: wake lock released
06-19 16:37:14.149  1056  1058 D dalvikvm: GC_CONCURRENT freed 156K, 3% free 9373K/9607K, paused 2ms+3ms
06-19 16:37:14.153   421   421 D OpenGLRenderer: Flushing caches (mode 1)
06-19 16:37:14.173  1056  1056 D libEGL  : loaded /system/lib/egl/libGLES_android.so
06-19 16:37:14.188  1056  1056 D libEGL  : loaded /vendor/lib/egl/libEGL_POWERVR_SGX540_120.so
06-19 16:37:14.208   151   153 D dalvikvm: GC_CONCURRENT freed 1003K, 8% free 14045K/15175K, paused 5ms+28ms
06-19 16:37:14.208  1056  1056 D libEGL  : loaded /vendor/lib/egl/libGLESv1_CM_POWERVR_SGX540_120.so
06-19 16:37:14.235  1056  1056 D libEGL  : loaded /vendor/lib/egl/libGLESv2_POWERVR_SGX540_120.so
06-19 16:37:14.274   151   167 I Process : Sending signal. PID: 1056 SIG: 3
06-19 16:37:14.274  1056  1060 I dalvikvm: threadid=3: reacting to signal 3
06-19 16:37:14.282   359   359 D wpa_supplicant: RTM_NEWLINK: operstate=0 ifi_flags=0x11003 ([UP][LOWER_UP])
06-19 16:37:14.282   359   359 D wpa_supplicant: RTM_NEWLINK, IFLA_IFNAME: Interface 'wlan0' added
06-19 16:37:14.282   359   359 D wpa_supplicant: Wireless event: cmd=0x8c00 len=20
06-19 16:37:14.290  1056  1060 I dalvikvm: Wrote stack traces to '/data/anr/traces.txt'
06-19 16:37:14.341  1056  1056 D OpenGLRenderer: Enabling debug mode 0
06-19 16:37:14.638   151   195 I ActivityManager: Displayed com.android.settings/.Settings: +883ms (total +1m52s891ms)
06-19 16:37:14.653   421   421 D OpenGLRenderer: Flushing caches (mode 0)
06-19 16:37:14.673   359   359 D wpa_supplicant: EAPOL: heldWhile --> 0
06-19 16:37:16.130   359   359 D wpa_supplicant: RTM_NEWLINK: operstate=0 ifi_flags=0x11003 ([UP][LOWER_UP])
06-19 16:37:16.130   359   359 D wpa_supplicant: RTM_NEWLINK, IFLA_IFNAME: Interface 'wlan0' added
06-19 16:37:16.130   359   359 D wpa_supplicant: Wireless event: cmd=0x8c00 len=20
06-19 16:37:16.368   151   163 I ActivityManager: START {act=android.intent.action.MAIN cmp=com.android.settings/.SubSettings (has extras)} from pid 1056
06-19 16:37:16.575  1056  1058 D dalvikvm: GC_CONCURRENT freed 79K, 3% free 9779K/9991K, paused 2ms+6ms
06-19 16:37:16.642   359   359 D wpa_supplicant: wpa_driver_wext_driver_cmd SCAN-ACTIVE len = 4096
06-19 16:37:16.642   359   359 D wpa_supplicant: wpa_driver_wext_driver_cmd SCAN-ACTIVE len = 0, 11
06-19 16:37:16.642   359   359 D wpa_supplicant: Ongoing scan action - reject new request
06-19 16:37:16.642   359   359 D wpa_supplicant: wpa_driver_wext_driver_cmd SCAN-PASSIVE len = 4096
06-19 16:37:16.642   359   359 D wpa_supplicant: wpa_driver_wext_driver_cmd SCAN-PASSIVE len = 0, 12
06-19 16:37:16.735   151   195 I ActivityManager: Displayed com.android.settings/.SubSettings: +326ms
06-19 16:37:16.767  1056  1056 D OpenGLRenderer: Flushing caches (mode 0)
06-19 16:37:17.763   359   359 D wpa_supplicant: RTM_NEWLINK: operstate=0 ifi_flags=0x11003 ([UP][LOWER_UP])
06-19 16:37:17.763   359   359 D wpa_supplicant: RTM_NEWLINK, IFLA_IFNAME: Interface 'wlan0' added
06-19 16:37:17.763   359   359 D wpa_supplicant: Wireless event: cmd=0x8c00 len=20
06-19 16:37:18.790   359   359 D wpa_supplicant: RTM_NEWLINK: operstate=0 ifi_flags=0x11003 ([UP][LOWER_UP])
06-19 16:37:18.790   359   359 D wpa_supplicant: RTM_NEWLINK, IFLA_IFNAME: Interface 'wlan0' added
06-19 16:37:18.790   359   359 D wpa_supplicant: Wireless event: cmd=0x8c00 len=20
06-19 16:37:18.868  1056  1056 W ResourceType: getEntry failing because entryIndex 129 is beyond type entryCount 3
06-19 16:37:19.481  1380  1382 D dalvikvm: GC_CONCURRENT freed 415K, 13% free 9647K/11079K, paused 8ms+2ms
06-19 16:37:19.497  1380  1442 D dalvikvm: GC_FOR_ALLOC freed 301K, 13% free 9647K/11079K, paused 14ms
06-19 16:37:19.520  1380  1442 D dalvikvm: GC_FOR_ALLOC freed 301K, 13% free 9648K/11079K, paused 14ms
06-19 16:37:19.774   359   359 D wpa_supplicant: CTRL_IFACE: SET_NETWORK id=0 name='priority'
06-19 16:37:19.774   359   359 D wpa_supplicant: CTRL_IFACE: GET_NETWORK id=0 name='ssid'
06-19 16:37:19.774   359   359 D wpa_supplicant: CTRL_IFACE: GET_NETWORK id=0 name='bssid'
06-19 16:37:19.774   359   359 D wpa_supplicant: CTRL_IFACE: Failed to get network variable 'bssid'
06-19 16:37:19.778   359   359 D wpa_supplicant: CTRL_IFACE: GET_NETWORK id=0 name='priority'
06-19 16:37:19.778   359   359 D wpa_supplicant: CTRL_IFACE: GET_NETWORK id=0 name='scan_ssid'
06-19 16:37:19.778   359   359 D wpa_supplicant: CTRL_IFACE: GET_NETWORK id=0 name='wep_tx_keyidx'
06-19 16:37:19.778   359   359 D wpa_supplicant: CTRL_IFACE: GET_NETWORK id=0 name='wep_key0'
06-19 16:37:19.778   359   359 D wpa_supplicant: CTRL_IFACE: Failed to get network variable 'wep_key0'
06-19 16:37:19.778   359   359 D wpa_supplicant: CTRL_IFACE: GET_NETWORK id=0 name='wep_key1'
06-19 16:37:19.778   359   359 D wpa_supplicant: CTRL_IFACE: Failed to get network variable 'wep_key1'
06-19 16:37:19.778   359   359 D wpa_supplicant: CTRL_IFACE: GET_NETWORK id=0 name='wep_key2'
06-19 16:37:19.778   359   359 D wpa_supplicant: CTRL_IFACE: Failed to get network variable 'wep_key2'
06-19 16:37:19.778   359   359 D wpa_supplicant: CTRL_IFACE: GET_NETWORK id=0 name='wep_key3'
06-19 16:37:19.778   359   359 D wpa_supplicant: CTRL_IFACE: Failed to get network variable 'wep_key3'
06-19 16:37:19.778   359   359 D wpa_supplicant: CTRL_IFACE: GET_NETWORK id=0 name='psk'
06-19 16:37:19.778   359   359 D wpa_supplicant: Do not allow key_data field to be exposed
06-19 16:37:19.778   359   359 D wpa_supplicant: CTRL_IFACE: GET_NETWORK id=0 name='proto'
06-19 16:37:19.778   359   359 D wpa_supplicant: CTRL_IFACE: GET_NETWORK id=0 name='key_mgmt'
06-19 16:37:19.778   359   359 D wpa_supplicant: CTRL_IFACE: GET_NETWORK id=0 name='auth_alg'
06-19 16:37:19.778   359   359 D wpa_supplicant: CTRL_IFACE: GET_NETWORK id=0 name='pairwise'
06-19 16:37:19.778   359   359 D wpa_supplicant: CTRL_IFACE: GET_NETWORK id=0 name='group'
06-19 16:37:19.778   359   359 D wpa_supplicant: CTRL_IFACE: GET_NETWORK id=0 name='eap'
06-19 16:37:19.778   359   359 D wpa_supplicant: CTRL_IFACE: Failed to get network variable 'eap'
06-19 16:37:19.778   359   359 D wpa_supplicant: CTRL_IFACE: GET_NETWORK id=0 name='phase2'
06-19 16:37:19.778   359   359 D wpa_supplicant: CTRL_IFACE: Failed to get network variable 'phase2'
06-19 16:37:19.778   359   359 D wpa_supplicant: CTRL_IFACE: GET_NETWORK id=0 name='identity'
06-19 16:37:19.778   359   359 D wpa_supplicant: CTRL_IFACE: Failed to get network variable 'identity'
06-19 16:37:19.778   359   359 D wpa_supplicant: CTRL_IFACE: GET_NETWORK id=0 name='anonymous_identity'
06-19 16:37:19.778   359   359 D wpa_supplicant: CTRL_IFACE: Failed to get network variable 'anonymous_identity'
06-19 16:37:19.778   359   359 D wpa_supplicant: CTRL_IFACE: GET_NETWORK id=0 name='password'
06-19 16:37:19.778   359   359 D wpa_supplicant: CTRL_IFACE: Failed to get network variable 'password'
06-19 16:37:19.782   359   359 D wpa_supplicant: CTRL_IFACE: GET_NETWORK id=0 name='client_cert'
06-19 16:37:19.782   359   359 D wpa_supplicant: CTRL_IFACE: Failed to get network variable 'client_cert'
06-19 16:37:19.782   359   359 D wpa_supplicant: CTRL_IFACE: GET_NETWORK id=0 name='private_key'
06-19 16:37:19.782   359   359 D wpa_supplicant: CTRL_IFACE: Failed to get network variable 'private_key'
06-19 16:37:19.782   359   359 D wpa_supplicant: CTRL_IFACE: GET_NETWORK id=0 name='ca_cert'
06-19 16:37:19.782   359   359 D wpa_supplicant: CTRL_IFACE: Failed to get network variable 'ca_cert'
06-19 16:37:19.782   359   359 D wpa_supplicant: Writing configuration file '/data/misc/wifi/wpa_supplicant.conf'
06-19 16:37:19.782   359   359 D wpa_supplicant: Configuration file '/data/misc/wifi/wpa_supplicant.conf' written successfully
06-19 16:37:19.782   359   359 D wpa_supplicant: CTRL_IFACE: SAVE_CONFIG - Configuration updated
06-19 16:37:19.782   359   359 D wpa_supplicant: CTRL_IFACE: SELECT_NETWORK id=0
06-19 16:37:19.782   359   359 D wpa_supplicant: wpa_driver_wext_disassociate
06-19 16:37:19.790   359   359 D wpa_supplicant: wpa_driver_wext_set_operstate: operstate 0->0 (DORMANT)
06-19 16:37:19.790   359   359 D wpa_supplicant: netlink: Operstate: linkmode=-1, operstate=5
06-19 16:37:19.790   359   359 D wpa_supplicant: EAPOL: External notification - portEnabled=0
06-19 16:37:19.790   359   359 D wpa_supplicant: EAPOL: SUPP_PAE entering state DISCONNECTED
06-19 16:37:19.790   359   359 D wpa_supplicant: EAPOL: Supplicant port status: Unauthorized
06-19 16:37:19.790   359   359 D wpa_supplicant: EAPOL: SUPP_BE entering state INITIALIZE
06-19 16:37:19.790   359   359 D wpa_supplicant: EAP: EAP entering state DISABLED
06-19 16:37:19.790   359   359 D wpa_supplicant: EAPOL: Supplicant port status: Unauthorized
06-19 16:37:19.790   359   359 D wpa_supplicant: EAPOL: External notification - portValid=0
06-19 16:37:19.790   359   359 D wpa_supplicant: EAPOL: Supplicant port status: Unauthorized
06-19 16:37:19.790   359   359 D wpa_supplicant: WPS: Building WPS IE for Probe Request
06-19 16:37:19.790   359   359 D wpa_supplicant: WPS:  * Version (hardcoded 0x10)
06-19 16:37:19.790   359   359 D wpa_supplicant: WPS:  * Request Type
06-19 16:37:19.790   359   359 D wpa_supplicant: WPS:  * Config Methods (2388)
06-19 16:37:19.790   359   359 D wpa_supplicant: WPS:  * UUID-E
06-19 16:37:19.790   359   359 D wpa_supplicant: WPS:  * Primary Device Type
06-19 16:37:19.790   359   359 D wpa_supplicant: WPS:  * RF Bands (3)
06-19 16:37:19.790   359   359 D wpa_supplicant: WPS:  * Association State
06-19 16:37:19.790   359   359 D wpa_supplicant: WPS:  * Configuration Error (0)
06-19 16:37:19.790   359   359 D wpa_supplicant: WPS:  * Device Password ID (0)
06-19 16:37:19.790   359   359 D wpa_supplicant: WPS:  * Manufacturer
06-19 16:37:19.790   359   359 D wpa_supplicant: WPS:  * Model Name
06-19 16:37:19.790   359   359 D wpa_supplicant: WPS:  * Model Number
06-19 16:37:19.790   359   359 D wpa_supplicant: WPS:  * Device Name
06-19 16:37:19.790   359   359 D wpa_supplicant: WPS:  * Version2 (0x20)
06-19 16:37:19.790   359   359 D wpa_supplicant: wpa_driver_wext_combo_scan: Start
06-19 16:37:19.790   359   359 D wpa_supplicant: For Scan: (null)
06-19 16:37:19.794   359   359 D wpa_supplicant: Scan requested (ret=0) - scan timeout 30 seconds
06-19 16:37:19.794   359   359 D wpa_supplicant: RTM_NEWLINK: operstate=0 ifi_flags=0x11003 ([UP][LOWER_UP])
06-19 16:37:19.794   359   359 D wpa_supplicant: RTM_NEWLINK, IFLA_IFNAME: Interface 'wlan0' added
06-19 16:37:19.794   359   359 D wpa_supplicant: Wireless event: cmd=0x8c02 len=27
06-19 16:37:19.794   359   359 D wpa_supplicant: RTM_NEWLINK: operstate=0 ifi_flags=0x11003 ([UP][LOWER_UP])
06-19 16:37:19.794   359   359 D wpa_supplicant: RTM_NEWLINK, IFLA_IFNAME: Interface 'wlan0' added
06-19 16:37:19.794   359   359 D wpa_supplicant: Wireless event: cmd=0x8b15 len=20
06-19 16:37:19.794   359   359 D wpa_supplicant: Wireless event: new AP: 00:00:00:00:00:00
06-19 16:37:19.794   359   359 D wpa_supplicant: BSSID 00:00:00:00:00:00 blacklist count incremented to 2
06-19 16:37:19.794   359   359 I wpa_supplicant: wlan0: CTRL-EVENT-DISCONNECTED bssid=00:00:00:00:00:00 reason=0
06-19 16:37:19.798   359   359 D wpa_supplicant: wpa_driver_wext_set_key: alg=0 key_idx=0 set_tx=0 seq_len=0 key_len=0
06-19 16:37:19.798   359   359 D wpa_supplicant: wpa_driver_wext_set_key: alg=0 key_idx=1 set_tx=0 seq_len=0 key_len=0
06-19 16:37:19.798   359   359 D wpa_supplicant: wpa_driver_wext_set_key: alg=0 key_idx=2 set_tx=0 seq_len=0 key_len=0
06-19 16:37:19.798   359   359 D wpa_supplicant: wpa_driver_wext_set_key: alg=0 key_idx=3 set_tx=0 seq_len=0 key_len=0
06-19 16:37:19.798   359   359 D wpa_supplicant: wpa_driver_wext_set_key: alg=0 key_idx=0 set_tx=0 seq_len=0 key_len=0
06-19 16:37:19.798   359   359 D wpa_supplicant: wpa_driver_wext_set_operstate: operstate 0->0 (DORMANT)
06-19 16:37:19.798   359   359 D wpa_supplicant: netlink: Operstate: linkmode=-1, operstate=5
06-19 16:37:19.798   359   359 D wpa_supplicant: EAPOL: External notification - portEnabled=0
06-19 16:37:19.798   359   359 D wpa_supplicant: EAPOL: Supplicant port status: Unauthorized
06-19 16:37:19.798   359   359 D wpa_supplicant: EAPOL: External notification - portValid=0
06-19 16:37:19.798   359   359 D wpa_supplicant: EAPOL: Supplicant port status: Unauthorized
06-19 16:37:19.802    75   115 D CommandListener: Clearing all IP addresses on wlan0
06-19 16:37:19.810   151   242 D ConnectivityService: ConnectivityChange for WIFI: DISCONNECTED/DISCONNECTED
06-19 16:37:19.810   151   242 D ConnectivityService: Attempting to switch to mobile
06-19 16:37:19.810   151   242 D ConnectivityService: Attempting to switch to WIMAX
06-19 16:37:19.810   151   242 D ConnectivityService: Attempting to switch to BLUETOOTH_TETHER
06-19 16:37:19.938   151   238 D NetworkPolicy: applying policy NetworkPolicy[NetworkTemplate: matchRule=MOBILE_ALL, subscriberId=valid]: cycleDay=15, warningBytes=2147483648, limitBytes=-1, lastSnooze=-1 to ifaces [rmnet0]
06-19 16:37:19.950   151   238 D NetworkPolicy: applying policy NetworkPolicy[NetworkTemplate: matchRule=MOBILE_ALL, subscriberId=valid]: cycleDay=15, warningBytes=2147483648, limitBytes=-1, lastSnooze=-1 to ifaces [rmnet0]
06-19 16:37:20.040  1056  1058 D dalvikvm: GC_CONCURRENT freed 150K, 3% free 10051K/10311K, paused 2ms+4ms
06-19 16:37:20.274   359   359 D wpa_supplicant: RTM_NEWLINK: operstate=0 ifi_flags=0x11003 ([UP][LOWER_UP])
06-19 16:37:20.274   359   359 D wpa_supplicant: RTM_NEWLINK, IFLA_IFNAME: Interface 'wlan0' added
06-19 16:37:20.274   359   359 D wpa_supplicant: Wireless event: cmd=0x8b19 len=8
06-19 16:37:20.282   359   359 D wpa_supplicant: Received 1141 bytes of scan results (5 BSSes)
06-19 16:37:20.294   359   359 D wpa_supplicant: wlan0: Request association: reassociate: 1  selected: 00:86:11:15:d0:e1  bssid: 00:00:00:00:00:00  pending: 00:00:00:00:00:00  wpa_state: DISCONNECTED
06-19 16:37:20.294   359   359 I wpa_supplicant: wlan0: Trying to associate with 00:86:11:15:d0:e1 (SSID='konoha' freq=2437 MHz)
06-19 16:37:20.294   359   359 D wpa_supplicant: wpa_driver_wext_set_operstate: operstate 0->0 (DORMANT)
06-19 16:37:20.294   359   359 D wpa_supplicant: netlink: Operstate: linkmode=-1, operstate=5
06-19 16:37:20.294   359   359 D wpa_supplicant: wpa_driver_wext_associate
06-19 16:37:20.294   359   359 D wpa_supplicant: wpa_driver_wext_set_drop_unencrypted
06-19 16:37:20.313   359   359 D wpa_supplicant: wpa_driver_wext_set_psk
06-19 16:37:20.435   359   359 D wpa_supplicant: EAPOL: External notification - EAP success=0
06-19 16:37:20.435   359   359 D wpa_supplicant: EAPOL: Supplicant port status: Unauthorized
06-19 16:37:20.438   359   359 D wpa_supplicant: EAPOL: External notification - EAP fail=0
06-19 16:37:20.438   359   359 D wpa_supplicant: EAPOL: Supplicant port status: Unauthorized
06-19 16:37:20.442   359   359 D wpa_supplicant: EAPOL: External notification - portControl=Auto
06-19 16:37:20.442   359   359 D wpa_supplicant: EAPOL: Supplicant port status: Unauthorized
06-19 16:37:20.442   359   359 D wpa_supplicant: RSN: Ignored PMKID candidate without preauth flag
06-19 16:37:20.442   359   359 D wpa_supplicant: RTM_NEWLINK: operstate=0 ifi_flags=0x11003 ([UP][LOWER_UP])
06-19 16:37:20.454   359   359 D wpa_supplicant: RTM_NEWLINK, IFLA_IFNAME: Interface 'wlan0' added
06-19 16:37:20.454   359   359 D wpa_supplicant: Wireless event: cmd=0x8b06 len=8
06-19 16:37:20.454   359   359 D wpa_supplicant: RTM_NEWLINK: operstate=0 ifi_flags=0x11003 ([UP][LOWER_UP])
06-19 16:37:20.454   359   359 D wpa_supplicant: RTM_NEWLINK, IFLA_IFNAME: Interface 'wlan0' added
06-19 16:37:20.454   359   359 D wpa_supplicant: Wireless event: cmd=0x8b04 len=12
06-19 16:37:20.454   359   359 D wpa_supplicant: RTM_NEWLINK: operstate=0 ifi_flags=0x11003 ([UP][LOWER_UP])
06-19 16:37:20.454   359   359 D wpa_supplicant: RTM_NEWLINK, IFLA_IFNAME: Interface 'wlan0' added
06-19 16:37:20.454   359   359 D wpa_supplicant: Wireless event: cmd=0x8b1a len=14
06-19 16:37:20.454   359   359 D wpa_supplicant: RTM_NEWLINK: operstate=0 ifi_flags=0x11003 ([UP][LOWER_UP])
06-19 16:37:20.454   359   359 D wpa_supplicant: RTM_NEWLINK, IFLA_IFNAME: Interface 'wlan0' added
06-19 16:37:20.454   359   359 D wpa_supplicant: Wireless event: cmd=0x8b15 len=20
06-19 16:37:20.454   359   359 D wpa_supplicant: Wireless event: new AP: 00:86:11:15:d0:e1
06-19 16:37:20.454   359   359 D wpa_supplicant: wpa_driver_wext_set_operstate: operstate 0->0 (DORMANT)
06-19 16:37:20.454   359   359 D wpa_supplicant: netlink: Operstate: linkmode=-1, operstate=5
06-19 16:37:20.454   359   359 I wpa_supplicant: wlan0: Associated with 00:86:11:15:d0:e1
06-19 16:37:20.454   359   359 D wpa_supplicant: EAPOL: External notification - portEnabled=0
06-19 16:37:20.454   359   359 D wpa_supplicant: EAPOL: Supplicant port status: Unauthorized
06-19 16:37:20.454   359   359 D wpa_supplicant: EAPOL: External notification - portValid=0
06-19 16:37:20.454   359   359 D wpa_supplicant: EAPOL: Supplicant port status: Unauthorized
06-19 16:37:20.454   359   359 D wpa_supplicant: EAPOL: External notification - EAP success=0
06-19 16:37:20.454   359   359 D wpa_supplicant: EAPOL: Supplicant port status: Unauthorized
06-19 16:37:20.454   359   359 D wpa_supplicant: EAPOL: External notification - portEnabled=1
06-19 16:37:20.454   359   359 D wpa_supplicant: EAPOL: SUPP_PAE entering state CONNECTING
06-19 16:37:20.454   359   359 D wpa_supplicant: EAPOL: SUPP_BE entering state IDLE
06-19 16:37:20.462   359   359 D wpa_supplicant: WPA: PTK derivation - A1=78:d6:f0:49:8a:04 A2=00:86:11:15:d0:e1
06-19 16:37:20.462   359   359 D wpa_supplicant: RTM_NEWLINK: operstate=0 ifi_flags=0x11003 ([UP][LOWER_UP])
06-19 16:37:20.462   359   359 D wpa_supplicant: RTM_NEWLINK, IFLA_IFNAME: Interface 'wlan0' added
06-19 16:37:20.462   359   359 D wpa_supplicant: Wireless event: cmd=0x8c03 len=20
06-19 16:37:20.462   359   359 D wpa_supplicant: RTM_NEWLINK: operstate=0 ifi_flags=0x11003 ([UP][LOWER_UP])
06-19 16:37:20.462   359   359 D wpa_supplicant: RTM_NEWLINK, IFLA_IFNAME: Interface 'wlan0' added
06-19 16:37:20.462   359   359 D wpa_supplicant: Wireless event: cmd=0x8c02 len=26
06-19 16:37:20.477   359   359 D wpa_supplicant: wpa_driver_wext_set_key: alg=3 key_idx=0 set_tx=1 seq_len=6 key_len=16
06-19 16:37:20.485   359   359 D wpa_supplicant: EAPOL: External notification - portValid=1
06-19 16:37:20.489   359   359 D wpa_supplicant: wpa_driver_wext_set_key: alg=3 key_idx=1 set_tx=0 seq_len=6 key_len=16
06-19 16:37:20.489   359   359 I wpa_supplicant: wlan0: WPA: Key negotiation completed with 00:86:11:15:d0:e1 [PTK=CCMP GTK=CCMP]
06-19 16:37:20.489   359   359 I wpa_supplicant: wlan0: CTRL-EVENT-CONNECTED - Connection to 00:86:11:15:d0:e1 completed (auth) [id=0 id_str=]
06-19 16:37:20.489   359   359 D wpa_supplicant: wpa_driver_wext_set_operstate: operstate 0->1 (UP)
06-19 16:37:20.489   359   359 D wpa_supplicant: netlink: Operstate: linkmode=-1, operstate=6
06-19 16:37:20.493   359   359 D wpa_supplicant: EAPOL: External notification - portValid=1
06-19 16:37:20.493   359   359 D wpa_supplicant: EAPOL: External notification - EAP success=1
06-19 16:37:20.493   359   359 D wpa_supplicant: EAPOL: SUPP_PAE entering state AUTHENTICATING
06-19 16:37:20.493   359   359 D wpa_supplicant: EAPOL: SUPP_BE entering state SUCCESS
06-19 16:37:20.493   359   359 D wpa_supplicant: EAP: EAP entering state DISABLED
06-19 16:37:20.493   359   359 D wpa_supplicant: EAPOL: SUPP_PAE entering state AUTHENTICATED
06-19 16:37:20.493   359   359 D wpa_supplicant: EAPOL: Supplicant port status: Authorized
06-19 16:37:20.493   359   359 D wpa_supplicant: EAPOL: SUPP_BE entering state IDLE
06-19 16:37:20.493   359   359 D wpa_supplicant: EAPOL authentication completed successfully
06-19 16:37:20.493   359   359 D wpa_supplicant: RTM_NEWLINK: operstate=1 ifi_flags=0x11043 ([UP][RUNNING][LOWER_UP])
06-19 16:37:20.493   359   359 D wpa_supplicant: RTM_NEWLINK, IFLA_IFNAME: Interface 'wlan0' added
06-19 16:37:20.517   359   359 D wpa_supplicant: CTRL_IFACE: ENABLE_NETWORK id=1
06-19 16:37:20.517   359   359 D wpa_supplicant: Writing configuration file '/data/misc/wifi/wpa_supplicant.conf'
06-19 16:37:20.520   359   359 D wpa_supplicant: Configuration file '/data/misc/wifi/wpa_supplicant.conf' written successfully
06-19 16:37:20.520   359   359 D wpa_supplicant: CTRL_IFACE: SAVE_CONFIG - Configuration updated
06-19 16:37:20.520   359   359 D wpa_supplicant: wpa_driver_wext_driver_cmd BTCOEXMODE 1 len = 4096
06-19 16:37:20.665   359   359 D wpa_supplicant: wpa_driver_wext_driver_cmd OK len = 0, 2
06-19 16:37:20.665   359   359 D wpa_supplicant: wpa_driver_wext_driver_cmd GETPOWER len = 4096
06-19 16:37:20.665   359   359 D wpa_supplicant: wpa_driver_wext_driver_cmd powermode = 0 len = 13, 13
06-19 16:37:20.665   359   359 D wpa_supplicant: wpa_driver_wext_driver_cmd POWERMODE 1 len = 4096
06-19 16:37:20.665   359   359 D wpa_supplicant: wpa_driver_wext_driver_cmd OK len = 0, 2
06-19 16:37:20.677   359   359 D wpa_supplicant: EAPOL: startWhen --> 0
06-19 16:37:21.079   359   359 D wpa_supplicant: wpa_driver_wext_driver_cmd POWERMODE 0 len = 4096
06-19 16:37:21.083   359   359 D wpa_supplicant: wpa_driver_wext_driver_cmd OK len = 0, 2
06-19 16:37:21.087   359   359 D wpa_supplicant: wpa_driver_wext_driver_cmd BTCOEXMODE 2 len = 4096
06-19 16:37:21.091   359   359 D wpa_supplicant: wpa_driver_wext_driver_cmd OK len = 0, 2
06-19 16:37:21.134   151   242 D ConnectivityService: ConnectivityChange for WIFI: CONNECTED/CONNECTED
06-19 16:37:21.134   151   242 D ConnectivityService: Policy requires mobile teardown
06-19 16:37:21.169   359   359 D wpa_supplicant: wpa_driver_wext_driver_cmd RSSI len = 248
06-19 16:37:21.169   359   359 D wpa_supplicant: wpa_driver_wext_driver_cmd konoha rssi -65  len = 16, 16
06-19 16:37:21.169   359   359 D wpa_supplicant: wpa_driver_wext_driver_cmd LINKSPEED len = 248
06-19 16:37:21.169   359   359 D wpa_supplicant: wpa_driver_wext_driver_cmd LinkSpeed 65 len = 12, 12
06-19 16:37:21.196   359   359 D wpa_supplicant: wpa_driver_wext_driver_cmd SCAN-ACTIVE len = 4096
06-19 16:37:21.196   359   359 D wpa_supplicant: wpa_driver_wext_driver_cmd SCAN-ACTIVE len = 0, 11
06-19 16:37:21.204   359   359 D wpa_supplicant: WPS: Building WPS IE for Probe Request
06-19 16:37:21.204   359   359 D wpa_supplicant: WPS:  * Version (hardcoded 0x10)
06-19 16:37:21.204   359   359 D wpa_supplicant: WPS:  * Request Type
06-19 16:37:21.204   359   359 D wpa_supplicant: WPS:  * Config Methods (2388)
06-19 16:37:21.204   359   359 D wpa_supplicant: WPS:  * UUID-E
06-19 16:37:21.204   359   359 D wpa_supplicant: WPS:  * Primary Device Type
06-19 16:37:21.204   359   359 D wpa_supplicant: WPS:  * RF Bands (3)
06-19 16:37:21.204   359   359 D wpa_supplicant: WPS:  * Association State
06-19 16:37:21.204   359   359 D wpa_supplicant: WPS:  * Configuration Error (0)
06-19 16:37:21.204   359   359 D wpa_supplicant: WPS:  * Device Password ID (0)
06-19 16:37:21.204   359   359 D wpa_supplicant: WPS:  * Manufacturer
06-19 16:37:21.204   359   359 D wpa_supplicant: WPS:  * Model Name
06-19 16:37:21.204   359   359 D wpa_supplicant: WPS:  * Model Number
06-19 16:37:21.204   359   359 D wpa_supplicant: WPS:  * Device Name
06-19 16:37:21.204   359   359 D wpa_supplicant: WPS:  * Version2 (0x20)
06-19 16:37:21.204   359   359 D wpa_supplicant: wpa_driver_wext_combo_scan: Start
06-19 16:37:21.204   359   359 D wpa_supplicant: For Scan: (null)
06-19 16:37:21.212  1380  1380 I PhoneLab-WiFiReceiver: Wi-Fi is connected!
06-19 16:37:21.212   359   359 D wpa_supplicant: Scan requested (ret=0) - scan timeout 30 seconds
06-19 16:37:21.212   359   359 D wpa_supplicant: wpa_driver_wext_driver_cmd SCAN-PASSIVE len = 4096
06-19 16:37:21.212   359   359 D wpa_supplicant: wpa_driver_wext_driver_cmd SCAN-PASSIVE len = 0, 12
06-19 16:37:21.224  1380  1380 I PhoneLab-WiFiReceiver: SSID: konoha BSSID: 00:86:11:15:d0:e1 RSSI: -65 LinkSpeed: 65
06-19 16:37:21.224  1380  1380 I PhoneLab-Locks: wake lock acquired
06-19 16:37:21.247  1380  1380 I PhoneLab-UploadLogs: OnStartCommand
06-19 16:37:21.290   151   242 D ConnectivityService: ConnectivityChange for mobile: DISCONNECTED/DISCONNECTED
06-19 16:37:21.290   151   242 D ConnectivityService: Attempting to switch to WIFI
06-19 16:37:21.290   151   242 D ConnectivityService: Attempting to switch to WIMAX
06-19 16:37:21.290   151   242 D ConnectivityService: Attempting to switch to BLUETOOTH_TETHER
06-19 16:37:21.302   151   242 D NetUtils: android_net_utils_resetConnections in env=0x1c667b0 clazz=0x81900001 iface=rmnet0 mask=0x3
06-19 16:37:21.302   151   242 D ConnectivityService: resetConnections(rmnet0, 3)
06-19 16:37:21.384  1056  1058 D dalvikvm: GC_CONCURRENT freed 433K, 5% free 10119K/10631K, paused 2ms+9ms
06-19 16:37:21.442   359   359 D wpa_supplicant: RTM_NEWLINK: operstate=1 ifi_flags=0x11043 ([UP][RUNNING][LOWER_UP])
06-19 16:37:21.442   359   359 D wpa_supplicant: RTM_NEWLINK, IFLA_IFNAME: Interface 'wlan0' added
06-19 16:37:21.442   359   359 D wpa_supplicant: Wireless event: cmd=0x8c00 len=20
06-19 16:37:21.477   151   547 D dalvikvm: GC_EXPLICIT freed 1542K, 13% free 13259K/15175K, paused 3ms+10ms
06-19 16:37:21.485   151   237 W NetworkStats: dropping UID delta from unknown iface: iface=wlan0 uid=0 set=DEFAULT tag=0x0 rxBytes=0 rxPackets=0 txBytes=140 txPackets=2 operations=0
06-19 16:37:21.560   359   359 D wpa_supplicant: RTM_NEWLINK: operstate=1 ifi_flags=0x11043 ([UP][RUNNING][LOWER_UP])
06-19 16:37:21.560   359   359 D wpa_supplicant: RTM_NEWLINK, IFLA_IFNAME: Interface 'wlan0' added
06-19 16:37:21.560   359   359 D wpa_supplicant: Wireless event: cmd=0x8c00 len=20
06-19 16:37:21.583   651  1415 W Smack/Packet: notify conn break (IOEx), close connection
06-19 16:37:21.587   651  1424 W GDataClient: Unable to execute HTTP request.javax.net.ssl.SSLException: SSL handshake aborted: ssl=0x1ced510: I/O error during system call, Connection timed out
06-19 16:37:21.587   651   898 E CheckinTask: SSL error, attempting time correction: javax.net.ssl.SSLException: Read error: ssl=0x1cd62a8: I/O error during system call, Connection timed out
06-19 16:37:21.591   651  1424 D ContactsSyncAdapter: IO error, ignoring rest of feed
06-19 16:37:21.591   651  1424 D ContactsSyncAdapter: javax.net.ssl.SSLException: SSL handshake aborted: ssl=0x1ced510: I/O error during system call, Connection timed out
06-19 16:37:21.591   651  1424 D ContactsSyncAdapter: 	at org.apache.harmony.xnet.provider.jsse.NativeCrypto.SSL_do_handshake(Native Method)
06-19 16:37:21.591   651  1424 D ContactsSyncAdapter: 	at org.apache.harmony.xnet.provider.jsse.OpenSSLSocketImpl.startHandshake(OpenSSLSocketImpl.java:410)
06-19 16:37:21.591   651  1424 D ContactsSyncAdapter: 	at org.apache.harmony.xnet.provider.jsse.OpenSSLSocketImpl.startHandshake(OpenSSLSocketImpl.java:257)
06-19 16:37:21.591   651  1424 D ContactsSyncAdapter: 	at android.net.SSLCertificateSocketFactory.verifyHostname(SSLCertificateSocketFactory.java:191)
06-19 16:37:21.591   651  1424 D ContactsSyncAdapter: 	at android.net.SSLCertificateSocketFactory.createSocket(SSLCertificateSocketFactory.java:276)
06-19 16:37:21.591   651  1424 D ContactsSyncAdapter: 	at org.apache.http.conn.ssl.SSLSocketFactory.createSocket(SSLSocketFactory.java:375)
06-19 16:37:21.591   651  1424 D ContactsSyncAdapter: 	at com.google.android.common.http.GoogleHttpClient$WrappedLayeredSocketFactory.createSocket(GoogleHttpClient.java:159)
06-19 16:37:21.591   651  1424 D ContactsSyncAdapter: 	at org.apache.http.impl.conn.DefaultClientConnectionOperator.openConnection(DefaultClientConnectionOperator.java:165)
06-19 16:37:21.591   651  1424 D ContactsSyncAdapter: 	at org.apache.http.impl.conn.AbstractPoolEntry.open(AbstractPoolEntry.java:164)
06-19 16:37:21.591   651  1424 D ContactsSyncAdapter: 	at org.apache.http.impl.conn.AbstractPooledConnAdapter.open(AbstractPooledConnAdapter.java:119)
06-19 16:37:21.591   651  1424 D ContactsSyncAdapter: 	at org.apache.http.impl.client.DefaultRequestDirector.execute(DefaultRequestDirector.java:360)
06-19 16:37:21.591   651  1424 D ContactsSyncAdapter: 	at org.apache.http.impl.client.AbstractHttpClient.execute(AbstractHttpClient.java:555)
06-19 16:37:21.591   651  1424 D ContactsSyncAdapter: 	at org.apache.http.impl.client.AbstractHttpClient.execute(AbstractHttpClient.java:487)
06-19 16:37:21.591   651  1424 D ContactsSyncAdapter: 	at android.net.http.AndroidHttpClient.execute(AndroidHttpClient.java:257)
06-19 16:37:21.591   651  1424 D ContactsSyncAdapter: 	at com.google.android.common.http.GoogleHttpClient.executeWithoutRewriting(GoogleHttpClient.java:202)
06-19 16:37:21.591   651  1424 D ContactsSyncAdapter: 	at com.google.android.common.http.GoogleHttpClient.execute(GoogleHttpClient.java:259)
06-19 16:37:21.591   651  1424 D ContactsSyncAdapter: 	at com.google.android.common.http.GoogleHttpClient.execute(GoogleHttpClient.java:312)
06-19 16:37:21.591   651  1424 D ContactsSyncAdapter: 	at com.google.android.common.gdata2.AndroidGDataClient.createAndExecuteMethod(AndroidGDataClient.java:281)
06-19 16:37:21.591   651  1424 D ContactsSyncAdapter: 	at com.google.android.syncadapters.HttpsOnlyAndroidGDataClient.createAndExecuteMethod(HttpsOnlyAndroidGDataClient.java:32)
06-19 16:37:21.591   651  1424 D ContactsSyncAdapter: 	at com.google.android.common.gdata2.AndroidGDataClient.getFeedAsStream(AndroidGDataClient.java:415)
06-19 16:37:21.591   651  1424 D ContactsSyncAdapter: 	at com.google.wireless.gdata2.client.GDataServiceClient.getParserForFeed(GDataServiceClient.java:108)
06-19 16:37:21.591   651  1424 D ContactsSyncAdapter: 	at com.google.android.syncadapters.GDataFeedFetcher.fetchFeed(GDataFeedFetcher.java:184)
06-19 16:37:21.591   651  1424 D ContactsSyncAdapter: 	at com.google.android.syncadapters.GDataFeedFetcher.run(GDataFeedFetcher.java:98)
06-19 16:37:21.591   651  1424 D ContactsSyncAdapter: 	at com.google.android.syncadapters.contacts.ContactsSyncAdapter$ContactsGDataFeedFetcher.run(ContactsSyncAdapter.java:1405)
06-19 16:37:21.591   651  1424 D ContactsSyncAdapter: 	at java.lang.Thread.run(Thread.java:856)
06-19 16:37:21.595   651  1423 D ContactsSyncAdapter: getServerDiffs failed due to an IOException
06-19 16:37:21.595   651  1423 D ContactsSyncAdapter: FAILURE: processed 0 records in 28778 ms from feed http://www.google.com/m8/feeds/contacts/anandatirtha@gmail.com/base2_property-android_linksto-gprofiles, updated time is 2012-06-18T23:41:33.650Z
06-19 16:37:21.606   151   189 D SyncManager: failed sync operation anandatirtha@gmail.com (com.google), com.android.contacts, SERVER, earliestRunTime 258167, SyncResult: stats [ numIoExceptions: 2]
06-19 16:37:21.743   651  1415 I qtaguid : Failed write_ctrl(u 84) res=-1 errno=22
06-19 16:37:21.743   651  1415 I qtaguid : Untagging socket 84 failed errno=-22
06-19 16:37:21.747   651  1415 W NetworkManagementSocketTagger: untagSocket(84) failed with errno -22
06-19 16:37:21.767   151   242 D ConnectivityService: handleInetConditionChange: net=0 != default=1 - ignore
06-19 16:37:21.798   359   359 D wpa_supplicant: RTM_NEWLINK: operstate=1 ifi_flags=0x11043 ([UP][RUNNING][LOWER_UP])
06-19 16:37:21.798   359   359 D wpa_supplicant: RTM_NEWLINK, IFLA_IFNAME: Interface 'wlan0' added
06-19 16:37:21.798   359   359 D wpa_supplicant: Wireless event: cmd=0x8c00 len=20
06-19 16:37:21.868   359   359 D wpa_supplicant: RTM_NEWLINK: operstate=1 ifi_flags=0x11043 ([UP][RUNNING][LOWER_UP])
06-19 16:37:21.868   359   359 D wpa_supplicant: RTM_NEWLINK, IFLA_IFNAME: Interface 'wlan0' added
06-19 16:37:21.868   359   359 D wpa_supplicant: Wireless event: cmd=0x8c00 len=20
06-19 16:37:22.060   359   359 D wpa_supplicant: RTM_NEWLINK: operstate=1 ifi_flags=0x11043 ([UP][RUNNING][LOWER_UP])
06-19 16:37:22.060   359   359 D wpa_supplicant: RTM_NEWLINK, IFLA_IFNAME: Interface 'wlan0' added
06-19 16:37:22.063   359   359 D wpa_supplicant: Wireless event: cmd=0x8c00 len=20
06-19 16:37:22.247   359   359 D wpa_supplicant: RTM_NEWLINK: operstate=1 ifi_flags=0x11043 ([UP][RUNNING][LOWER_UP])
06-19 16:37:22.247   359   359 D wpa_supplicant: RTM_NEWLINK, IFLA_IFNAME: Interface 'wlan0' added
06-19 16:37:22.247   359   359 D wpa_supplicant: Wireless event: cmd=0x8c00 len=20
06-19 16:37:22.290   359   359 D wpa_supplicant: RTM_NEWLINK: operstate=1 ifi_flags=0x11043 ([UP][RUNNING][LOWER_UP])
06-19 16:37:22.290   359   359 D wpa_supplicant: RTM_NEWLINK, IFLA_IFNAME: Interface 'wlan0' added
06-19 16:37:22.290   359   359 D wpa_supplicant: Wireless event: cmd=0x8c00 len=20
06-19 16:37:22.388   359   359 D wpa_supplicant: RTM_NEWLINK: operstate=1 ifi_flags=0x11043 ([UP][RUNNING][LOWER_UP])
06-19 16:37:22.388   359   359 D wpa_supplicant: RTM_NEWLINK, IFLA_IFNAME: Interface 'wlan0' added
06-19 16:37:22.388   359   359 D wpa_supplicant: Wireless event: cmd=0x8c00 len=20
06-19 16:37:22.442   359   359 D wpa_supplicant: RTM_NEWLINK: operstate=1 ifi_flags=0x11043 ([UP][RUNNING][LOWER_UP])
06-19 16:37:22.442   359   359 D wpa_supplicant: RTM_NEWLINK, IFLA_IFNAME: Interface 'wlan0' added
06-19 16:37:22.442   359   359 D wpa_supplicant: Wireless event: cmd=0x8b19 len=8
06-19 16:37:22.450   359   359 D wpa_supplicant: Received 1456 bytes of scan results (7 BSSes)
06-19 16:37:22.481   359   359 D wpa_supplicant: RTM_NEWLINK: operstate=1 ifi_flags=0x11043 ([UP][RUNNING][LOWER_UP])
06-19 16:37:22.481   359   359 D wpa_supplicant: RTM_NEWLINK, IFLA_IFNAME: Interface 'wlan0' added
06-19 16:37:22.481   359   359 D wpa_supplicant: Wireless event: cmd=0x8c00 len=20
06-19 16:37:22.599   651   653 D dalvikvm: GC_CONCURRENT freed 464K, 6% free 10351K/10951K, paused 4ms+3ms
06-19 16:37:22.864   151   245 D Tethering: MasterInitialState.processMessage what=3
06-19 16:37:22.895    81   121 D AudioHardware: AudioHardware pcm playback is going to standby.
06-19 16:37:22.895    81   121 D AudioHardware: closePcmOut_l() mPcmOpenCnt: 1
06-19 16:37:22.919   151   245 D Tethering: MasterInitialState.processMessage what=3
06-19 16:37:22.935   651   651 I GTalkService/c: [AndroidEndpoint@1094220192] connect: acct=1000000, state=CONNECTING
06-19 16:37:22.938   651   651 I GTalkService/c: [GTalkConnection@1094034152] connect: acct=1, state=CONNECTING
06-19 16:37:22.938   651   651 I GTalkService/c: [GTalkConnection@1094219560] connect: acct=2, state=CONNECTING
06-19 16:37:22.962  1159  1159 I MediaUploader: No need to wake up
06-19 16:37:22.970  1380  1380 I PhoneLab-WiFiReceiver: Wi-Fi is disconnected!
06-19 16:37:23.013  1159  1159 I MediaUploader: No need to wake up
