06-18 13:46:31.250   350   350 D wpa_supplicant: Scan requested (ret=0) - scan timeout 10 seconds
06-18 13:46:31.250   350   350 D wpa_supplicant: Writing configuration file '/data/misc/wifi/wpa_supplicant.conf'
06-18 13:46:31.250   350   350 D wpa_supplicant: Configuration file '/data/misc/wifi/wpa_supplicant.conf' written successfully
06-18 13:46:31.250   350   350 D wpa_supplicant: CTRL_IFACE: SAVE_CONFIG - Configuration updated
06-18 13:46:31.250   350   350 D wpa_supplicant: wpa_driver_wext_driver_cmd BTCOEXSCAN-STOP len = 4096
06-18 13:46:31.250   350   350 D wpa_supplicant: wpa_driver_wext_driver_cmd OK len = 0, 2
06-18 13:46:31.250   350   350 D wpa_supplicant: wpa_driver_wext_driver_cmd RXFILTER-ADD 3 len = 4096
06-18 13:46:31.250   350   350 D wpa_supplicant: wpa_driver_wext_driver_cmd RXFILTER-ADD 3 len = 0, 14
06-18 13:46:31.250   350   350 D wpa_supplicant: wpa_driver_wext_driver_cmd RXFILTER-START len = 4096
06-18 13:46:31.250   350   350 D wpa_supplicant: wpa_driver_wext_driver_cmd RXFILTER-START len = 0, 14
06-18 13:46:31.250   350   350 D wpa_supplicant: wpa_driver_wext_driver_cmd RXFILTER-STOP len = 4096
06-18 13:46:31.250   350   350 D wpa_supplicant: wpa_driver_wext_driver_cmd RXFILTER-STOP len = 0, 13
06-18 13:46:31.250   350   350 D wpa_supplicant: wpa_driver_wext_driver_cmd RXFILTER-REMOVE 2 len = 4096
06-18 13:46:31.250   350   350 D wpa_supplicant: wpa_driver_wext_driver_cmd RXFILTER-REMOVE 2 len = 0, 17
06-18 13:46:31.250   350   350 D wpa_supplicant: wpa_driver_wext_driver_cmd RXFILTER-START len = 4096
06-18 13:46:31.250   350   350 D wpa_supplicant: wpa_driver_wext_driver_cmd RXFILTER-START len = 0, 14
06-18 13:46:31.253   350   350 D wpa_supplicant: wpa_driver_wext_driver_cmd COUNTRY US len = 4096
06-18 13:46:31.253   149   166 D NetworkManagementService: Registering observer
06-18 13:46:31.257   350   350 D wpa_supplicant: wpa_driver_wext_driver_cmd OK len = 0, 2
06-18 13:46:31.257   350   350 D wpa_supplicant: wpa_driver_wext_driver_cmd SETBAND 0 len = 4096
06-18 13:46:31.261   350   350 D wpa_supplicant: wpa_driver_wext_driver_cmd OK len = 0, 2
06-18 13:46:31.261   350   350 D wpa_supplicant: wpa_driver_wext_driver_cmd SCAN-ACTIVE len = 4096
06-18 13:46:31.261   350   350 D wpa_supplicant: wpa_driver_wext_driver_cmd SCAN-ACTIVE len = 0, 11
06-18 13:46:31.261   350   350 D wpa_supplicant: Ongoing scan action - reject new request
06-18 13:46:31.261   350   350 D wpa_supplicant: wpa_driver_wext_driver_cmd SCAN-PASSIVE len = 4096
06-18 13:46:31.261   350   350 D wpa_supplicant: wpa_driver_wext_driver_cmd SCAN-PASSIVE len = 0, 12
06-18 13:46:31.316   149   378 W ThrottleService: unable to find stats for iface rmnet0
06-18 13:46:31.320   149   166 I ActivityManager: Start proc com.android.phone for added application com.android.phone: pid=386 uid=1001 gids={3002, 3001, 3003, 1015}
06-18 13:46:31.371   149   166 I ActivityManager: Start proc com.android.nfc for added application com.android.nfc: pid=404 uid=1027 gids={3002, 3001}
06-18 13:46:31.382   149   166 I ActivityManager: START {act=android.intent.action.MAIN cat=[android.intent.category.HOME] flg=0x10000000 cmp=com.android.launcher/com.android.launcher2.Launcher} from pid 0
06-18 13:46:31.421   149   166 I ActivityManager: Start proc com.android.launcher for activity com.android.launcher/com.android.launcher2.Launcher: pid=419 uid=10026 gids={}
06-18 13:46:31.515   352   352 V RenderScript: rsContextCreateGL dev=0x52b948
06-18 13:46:31.523   352   432 V RenderScript: 0x507728 Launching thread(s), CPUs 1
06-18 13:46:31.523   352   432 V RenderScript: 0x507728 initEGL start
06-18 13:46:31.527   352   432 D libEGL  : loaded /system/lib/egl/libGLES_android.so
06-18 13:46:31.554   352   432 D libEGL  : loaded /vendor/lib/egl/libEGL_POWERVR_SGX540_120.so
06-18 13:46:31.578   352   432 D libEGL  : loaded /vendor/lib/egl/libGLESv1_CM_POWERVR_SGX540_120.so
06-18 13:46:31.601   352   432 D libEGL  : loaded /vendor/lib/egl/libGLESv2_POWERVR_SGX540_120.so
06-18 13:46:31.617   350   350 D wpa_supplicant: random: Got 4/4 bytes from /dev/random
06-18 13:46:31.675   404   404 I NfcService: Starting NFC service
06-18 13:46:31.726   350   350 D wpa_supplicant: RTM_NEWLINK: operstate=0 ifi_flags=0x11003 ([UP][LOWER_UP])
06-18 13:46:31.726   350   350 D wpa_supplicant: RTM_NEWLINK, IFLA_IFNAME: Interface 'wlan0' added
06-18 13:46:31.726   350   350 D wpa_supplicant: Wireless event: cmd=0x8b19 len=8
06-18 13:46:31.726   350   350 D wpa_supplicant: Received 1362 bytes of scan results (6 BSSes)
06-18 13:46:31.730   350   350 D wpa_supplicant: wlan0: Request association: reassociate: 1  selected: 00:86:11:15:d0:e1  bssid: 00:00:00:00:00:00  pending: 00:00:00:00:00:00  wpa_state: SCANNING
06-18 13:46:31.730   350   350 I wpa_supplicant: wlan0: Trying to associate with 00:86:11:15:d0:e1 (SSID='konoha' freq=2437 MHz)
06-18 13:46:31.730   350   350 D wpa_supplicant: wpa_driver_wext_set_operstate: operstate 0->0 (DORMANT)
06-18 13:46:31.730   350   350 D wpa_supplicant: netlink: Operstate: linkmode=-1, operstate=5
06-18 13:46:31.730   350   350 D wpa_supplicant: wpa_driver_wext_associate
06-18 13:46:31.730   350   350 D wpa_supplicant: wpa_driver_wext_set_drop_unencrypted
06-18 13:46:31.734   350   350 D wpa_supplicant: wpa_driver_wext_set_psk
06-18 13:46:31.746   404   404 D NFC JNI : NFC Service : loading JNI
06-18 13:46:31.777    79    79 D dalvikvm: GC_EXPLICIT freed 34K, 4% free 9031K/9347K, paused 3ms+53ms
06-18 13:46:31.781   386   386 I ActivityThread: Pub telephony: com.android.providers.telephony.TelephonyProvider
06-18 13:46:31.804   352   432 V RenderScript: 0x507728 initGLThread end
06-18 13:46:31.820   352   352 V RenderScript: 0x507728 rsContextCreateGL ret
06-18 13:46:31.859   350   350 D wpa_supplicant: EAPOL: External notification - EAP success=0
06-18 13:46:31.859   350   350 D wpa_supplicant: EAPOL: Supplicant port status: Unauthorized
06-18 13:46:31.859   350   350 D wpa_supplicant: EAPOL: External notification - EAP fail=0
06-18 13:46:31.859   350   350 D wpa_supplicant: EAPOL: Supplicant port status: Unauthorized
06-18 13:46:31.859   350   350 D wpa_supplicant: EAPOL: External notification - portControl=Auto
06-18 13:46:31.859   350   350 D wpa_supplicant: EAPOL: Supplicant port status: Unauthorized
06-18 13:46:31.859   350   350 D wpa_supplicant: RSN: Ignored PMKID candidate without preauth flag
06-18 13:46:31.859   350   350 D wpa_supplicant: RTM_NEWLINK: operstate=0 ifi_flags=0x11003 ([UP][LOWER_UP])
06-18 13:46:31.859   350   350 D wpa_supplicant: RTM_NEWLINK, IFLA_IFNAME: Interface 'wlan0' added
06-18 13:46:31.859   350   350 D wpa_supplicant: Wireless event: cmd=0x8b06 len=8
06-18 13:46:31.859   350   350 D wpa_supplicant: RTM_NEWLINK: operstate=0 ifi_flags=0x11003 ([UP][LOWER_UP])
06-18 13:46:31.859   350   350 D wpa_supplicant: RTM_NEWLINK, IFLA_IFNAME: Interface 'wlan0' added
06-18 13:46:31.859   350   350 D wpa_supplicant: Wireless event: cmd=0x8b04 len=12
06-18 13:46:31.859   350   350 D wpa_supplicant: RTM_NEWLINK: operstate=0 ifi_flags=0x11003 ([UP][LOWER_UP])
06-18 13:46:31.859   350   350 D wpa_supplicant: RTM_NEWLINK, IFLA_IFNAME: Interface 'wlan0' added
06-18 13:46:31.859   350   350 D wpa_supplicant: Wireless event: cmd=0x8b1a len=14
06-18 13:46:31.878   386   386 W TelephonyProvider: onCreate: confFile=/system/etc/apns-conf.xml oldCheckSum=-1
06-18 13:46:31.921   350   350 D wpa_supplicant: RTM_NEWLINK: operstate=0 ifi_flags=0x11003 ([UP][LOWER_UP])
06-18 13:46:31.921   350   350 D wpa_supplicant: RTM_NEWLINK, IFLA_IFNAME: Interface 'wlan0' added
06-18 13:46:31.921   350   350 D wpa_supplicant: Wireless event: cmd=0x8c02 len=29
06-18 13:46:31.933   419   419 I ActivityThread: Pub com.android.launcher2.settings: com.android.launcher2.LauncherProvider
06-18 13:46:31.953   386   386 I ActivityThread: Pub icc: com.android.phone.IccProvider
06-18 13:46:31.953   386   386 I ActivityThread: Pub mms: com.android.providers.telephony.MmsProvider
06-18 13:46:31.996    79    79 D dalvikvm: GC_EXPLICIT freed <1K, 4% free 9031K/9347K, paused 12ms+44ms
06-18 13:46:32.011   386   386 I ActivityThread: Pub sms: com.android.providers.telephony.SmsProvider
06-18 13:46:32.011   386   386 I ActivityThread: Pub mms-sms: com.android.providers.telephony.MmsSmsProvider
06-18 13:46:32.066   404   404 I RegisteredComponentCache: ComponentInfo: ResolveInfo{413697a8 com.android.apps.tag.TagViewer p=0 o=0 m=0x108000}, techs: android.nfc.tech.Ndef, 
06-18 13:46:32.214   350   350 D wpa_supplicant: EAPOL: disable timer tick
06-18 13:46:32.214   350   350 D wpa_supplicant: EAPOL: Supplicant port status: Unauthorized
06-18 13:46:32.308   149   165 I Process : Sending signal. PID: 419 SIG: 3
06-18 13:46:32.312   419   423 I dalvikvm: threadid=3: reacting to signal 3
06-18 13:46:32.320    79    79 D dalvikvm: GC_EXPLICIT freed <1K, 4% free 9031K/9347K, paused 14ms+73ms
06-18 13:46:32.339   404   404 I NfceeAccess: read 3 signature(s) for NFCEE access
06-18 13:46:32.433   404   407 D dalvikvm: GC_CONCURRENT freed 320K, 5% free 9167K/9607K, paused 5ms+30ms
06-18 13:46:32.441   368   370 D dalvikvm: GC_CONCURRENT freed 220K, 4% free 9243K/9543K, paused 2ms+13ms
06-18 13:46:32.464   419   423 I dalvikvm: Wrote stack traces to '/data/anr/traces.txt'
06-18 13:46:32.496   419   421 D dalvikvm: GC_CONCURRENT freed 254K, 4% free 9183K/9543K, paused 2ms+2ms
06-18 13:46:32.539   300   302 D dalvikvm: GC_CONCURRENT freed 120K, 3% free 9631K/9863K, paused 2ms+47ms
06-18 13:46:32.566   386   392 D dalvikvm: GC_CONCURRENT freed 285K, 5% free 9197K/9607K, paused 2ms+24ms
06-18 13:46:32.582   149   166 I ActivityManager: Start proc com.android.settings for broadcast com.android.settings/.widget.SettingsAppWidgetProvider: pid=459 uid=1000 gids={1015, 3002, 3001, 3003, 3007}
06-18 13:46:32.609   368   456 E ActivityThread: Failed to find provider info for com.android.inputmethod.latin.dictionarypack
06-18 13:46:32.613   368   456 E BinaryDictionaryGetter: Could not find a dictionary pack
06-18 13:46:32.640   149   375 D libsecgps: gps_get_gps_interface:
06-18 13:46:32.640   149   375 E libsecgps: gps_get_extension: gps-debug is not implemented
06-18 13:46:32.664   149   388 I ActivityManager: Start proc android.process.acore for content provider com.android.providers.userdictionary/.UserDictionaryProvider: pid=473 uid=10000 gids={3003, 1015}
06-18 13:46:32.667   404   470 D NfcService: checking on firmware download
06-18 13:46:32.687   404   470 D NfcService: NFC is on. Doing normal stuff
06-18 13:46:32.687   404   470 I NfcService: Enabling NFC
06-18 13:46:32.703   404   470 D NFC JNI : Start Initialization
06-18 13:46:32.765   473   473 I ActivityThread: Pub com.android.voicemail: com.android.providers.contacts.VoicemailContentProvider
06-18 13:46:32.804   149   160 I ActivityManager: Start proc com.android.smspush for service com.android.smspush/.WapPushManager: pid=493 uid=10052 gids={}
06-18 13:46:32.824   149   165 I Process : Sending signal. PID: 419 SIG: 3
06-18 13:46:32.824   419   423 I dalvikvm: threadid=3: reacting to signal 3
06-18 13:46:32.847   473   473 I ActivityThread: Pub user_dictionary: com.android.providers.userdictionary.UserDictionaryProvider
06-18 13:46:32.855   473   473 I ActivityThread: Pub com.android.social: com.android.providers.contacts.SocialProvider
06-18 13:46:32.855   473   473 I ActivityThread: Pub applications: com.android.providers.applications.ApplicationsProvider
06-18 13:46:32.902   419   423 I dalvikvm: Wrote stack traces to '/data/anr/traces.txt'
06-18 13:46:32.941   404   470 D NFC JNI : NFC capabilities: HAL = 8150100, FW = a76d0c, HW = 620003, Model = 0, HCI = 1, Full_FW = 109, Rev = 12, FW Update Info = 0
06-18 13:46:33.039   386   386 D CAT     : CatService: Running CAT service. STK app installed:false
06-18 13:46:33.039   386   386 D CAT     : CatService: NEW sInstance
06-18 13:46:33.078   404   470 D NFC JNI : phLibNfc_SE_GetSecureElementList()
06-18 13:46:33.078   404   470 D NFC JNI : 
06-18 13:46:33.078   404   470 D NFC JNI : > Number of Secure Element(s) : 1
06-18 13:46:33.078   404   470 D NFC JNI : phLibNfc_SE_GetSecureElementList(): SMX detected, handle=0xabcdef
06-18 13:46:33.078   404   470 D NFC JNI : phLibNfc_SE_SetMode() returned 0x000d[NFCSTATUS_PENDING]
06-18 13:46:33.089   404   470 I NFC JNI : NFC Initialized
06-18 13:46:33.109   473   473 I ActivityThread: Pub contacts;com.android.contacts: com.android.providers.contacts.ContactsProvider2
06-18 13:46:33.109   404   470 D NdefPushServer: start, thread = null
06-18 13:46:33.109   404   470 D NdefPushServer: starting new server thread
06-18 13:46:33.117   404   518 D NdefPushServer: about create LLCP service socket
06-18 13:46:33.117   404   518 D NdefPushServer: created LLCP service socket
06-18 13:46:33.117   404   518 D NdefPushServer: about to accept
06-18 13:46:33.152   404   470 D NfcService: NFC-EE OFF
06-18 13:46:33.160   404   470 D NfcService: NFC-C OFF
06-18 13:46:33.160   459   459 D LocalBluetoothProfileManager: LocalBluetoothProfileManager construction complete
06-18 13:46:33.218   473   475 D dalvikvm: GC_CONCURRENT freed 348K, 5% free 9187K/9607K, paused 2ms+18ms
06-18 13:46:33.273   386   386 D MccTable: updateMccMncConfiguration: mcc=310, mnc=120
06-18 13:46:33.273   386   386 D MccTable: locale set to en_us
06-18 13:46:33.273   386   386 D MccTable: WIFI_COUNTRY_CODE set to us
06-18 13:46:33.277   386   392 D dalvikvm: GC_CONCURRENT freed 293K, 5% free 9341K/9735K, paused 2ms+21ms
06-18 13:46:33.300   350   350 D wpa_supplicant: wpa_driver_wext_driver_cmd COUNTRY US len = 4096
06-18 13:46:33.300   149   491 I WifiService: WifiService trying to set country code to us with persist set to true
06-18 13:46:33.312   350   350 D wpa_supplicant: wpa_driver_wext_driver_cmd OK len = 0, 2
06-18 13:46:33.359   149   390 I ActivityManager: Start proc android.process.media for broadcast com.android.providers.media/.UsbReceiver: pid=526 uid=10012 gids={1015, 1023, 1024, 2001, 3003, 3007}
06-18 13:46:33.363   149   165 I Process : Sending signal. PID: 419 SIG: 3
06-18 13:46:33.363   419   423 I dalvikvm: threadid=3: reacting to signal 3
06-18 13:46:33.367   419   423 I dalvikvm: Wrote stack traces to '/data/anr/traces.txt'
06-18 13:46:33.371   149   402 I ActivityManager: Config changed: {1.0 310mcc120mnc en_US layoutdir=0 sw320dp w320dp h508dp nrml long port finger -keyb/v/h -nav/h s.4}
06-18 13:46:33.375   473   473 I ActivityThread: Pub call_log: com.android.providers.contacts.CallLogProvider
06-18 13:46:33.476   419   421 D dalvikvm: GC_CONCURRENT freed 102K, 2% free 9555K/9735K, paused 2ms+4ms
06-18 13:46:33.648   419   421 D dalvikvm: GC_CONCURRENT freed 276K, 4% free 9773K/10119K, paused 2ms+3ms
06-18 13:46:33.722   386   386 D CallManager: registerPhone(CDMA Handler (com.android.internal.telephony.PhoneProxy) {41387088})
06-18 13:46:33.757   149   491 I SearchManagerService: Building list of searchable activities
06-18 13:46:33.789   526   526 I ActivityThread: Pub media: com.android.providers.media.MediaProvider
06-18 13:46:33.812   386   386 D Bluetooth HS/HF: CDMA call state: IDLE prev state:IDLE
06-18 13:46:33.832   352   352 E RenderScript: RS watchdog timeout: 0  eglMakeCurrent  line 408 frameworks/base/libs/rs/driver/rsdGL.cpp
06-18 13:46:34.007   300   344 I StorageNotification: UMS connection changed to true (media state unmounted)
06-18 13:46:34.054   352   352 V ScriptC : Create script for resource = nexus
06-18 13:46:34.070   149   151 D dalvikvm: GC_CONCURRENT freed 738K, 8% free 12927K/13959K, paused 2ms+5ms
06-18 13:46:34.085   352   432 I bcc     : LIBBCC build time: 2012/06/18 12:47:04
06-18 13:46:34.085   352   432 I bcc     : LIBBCC build revision: 31e50d678d2a8aa28c6f38cccebfa3da2f78df4a (git)
06-18 13:46:34.167   149   149 D dalvikvm: GC_EXPLICIT freed 63K, 8% free 12875K/13959K, paused 3ms+4ms
06-18 13:46:34.218   526   526 I ActivityThread: Pub downloads: com.android.providers.downloads.DownloadProvider
06-18 13:46:34.417   559   559 I dalvikvm: Turning on JNI app bug workarounds for target SDK version 12...
06-18 13:46:34.421   149   375 I ActivityManager: Start proc com.google.process.gapps for service com.google.android.location/.NetworkLocationService: pid=559 uid=10009 gids={3003, 1015, 1007, 2001, 3006}
06-18 13:46:34.425   149   487 W ActivityManager: Unable to start service Intent { act=com.android.ussd.IExtendedNetworkService }: not found
06-18 13:46:34.488   526   526 I ActivityThread: Pub drm: com.android.providers.drm.DrmProvider
06-18 13:46:34.492   526   572 I DownloadManager: in removeSpuriousFiles
06-18 13:46:34.515   386   386 D OtaUtils: CdmaOtaConfigData constructor!
06-18 13:46:34.515   386   386 D OtaUtils: CdmaOtaInCallScreenState: constructor init to UNDEFINED
06-18 13:46:34.550   419   445 W Launcher.Model: LoaderTask running with no launcher (loadAllAppsByBatch)
06-18 13:46:34.554   526   572 I DownloadManager: in removeSpuriousFiles, preserving file /data/data/com.android.providers.downloads/cache/downloadfile.gif
06-18 13:46:34.554   526   572 I DownloadManager: in removeSpuriousFiles, preserving file /data/data/com.android.providers.downloads/cache/downloadfile-1.gif
06-18 13:46:34.554   526   572 I DownloadManager: in removeSpuriousFiles, preserving file /data/data/com.android.providers.downloads/cache/downloadfile-2.gif
06-18 13:46:34.554   526   572 I DownloadManager: in removeSpuriousFiles, preserving file /data/data/com.android.providers.downloads/cache/downloadfile-3.gif
06-18 13:46:34.609   526   572 I DownloadManager: deleting spurious file /cache/wimax_service.dex
06-18 13:46:34.613   526   572 I DownloadManager: deleting spurious file /cache/backup
06-18 13:46:34.613   526   572 I DownloadManager: deleting spurious file /data/data/com.android.providers.downloads/cache/downloadfile-1.apk
06-18 13:46:34.617   559   559 I ActivityThread: Pub com.google.settings: com.google.android.gsf.settings.GoogleSettingsProvider
06-18 13:46:34.679   352   432 D StopWatch: StopWatch calcFileSHA1 time (us): 574032 
06-18 13:46:34.707   149   165 I Process : Sending signal. PID: 419 SIG: 3
06-18 13:46:34.707   419   423 I dalvikvm: threadid=3: reacting to signal 3
06-18 13:46:34.710   419   423 I dalvikvm: Wrote stack traces to '/data/anr/traces.txt'
06-18 13:46:34.835   559   559 I ActivityThread: Pub subscribedfeeds: com.google.android.gsf.subscribedfeeds.SubscribedFeedsProvider
06-18 13:46:34.847   300   302 D dalvikvm: GC_CONCURRENT freed 103K, 3% free 9957K/10183K, paused 2ms+5ms
06-18 13:46:34.871   419   421 D dalvikvm: GC_CONCURRENT freed 434K, 6% free 9751K/10311K, paused 2ms+29ms
06-18 13:46:34.953   149   149 D dalvikvm: GC_FOR_ALLOC freed 330K, 7% free 12984K/13959K, paused 161ms
06-18 13:46:34.957   149   149 I dalvikvm-heap: Grow heap (frag case) to 12.918MB for 172514-byte allocation
06-18 13:46:35.015   149   388 D dalvikvm: GC_FOR_ALLOC freed 151K, 9% free 13001K/14151K, paused 44ms
06-18 13:46:35.101   149   278 D dalvikvm: GC_FOR_ALLOC freed 6K, 9% free 13002K/14151K, paused 69ms
06-18 13:46:35.101   149   278 I dalvikvm-heap: Grow heap (frag case) to 12.881MB for 116012-byte allocation
06-18 13:46:35.152   149   198 D dalvikvm: GC_FOR_ALLOC freed 0K, 9% free 13115K/14279K, paused 41ms
06-18 13:46:35.250   149   388 I ActivityManager: Start proc com.android.deskclock for broadcast com.android.deskclock/com.android.alarmclock.AnalogAppWidgetProvider: pid=581 uid=10011 gids={}
06-18 13:46:35.253   149   165 I Process : Sending signal. PID: 419 SIG: 3
06-18 13:46:35.253   419   423 I dalvikvm: threadid=3: reacting to signal 3
06-18 13:46:35.257   559   559 I ActivityThread: Pub com.google.contacts.gal.provider: com.google.android.syncadapters.contacts.GalProvider
06-18 13:46:35.269   419   423 I dalvikvm: Wrote stack traces to '/data/anr/traces.txt'
06-18 13:46:35.292   419   419 D Launcher.Model: Reload apps on config change. curr_mcc:310 prevmcc:0
06-18 13:46:35.363   559   559 I ActivityThread: Pub com.google.android.gsf.gservices: com.google.android.gsf.gservices.GservicesProvider
06-18 13:46:35.375   559   559 I GservicesProvider: Gservices pushing to system: true; secure: true
06-18 13:46:35.375   559   559 I ActivityThread: Pub com.google.android.providers.talk: com.google.android.gsf.talk.TalkProvider
06-18 13:46:35.382   419   419 D libEGL  : loaded /system/lib/egl/libGLES_android.so
06-18 13:46:35.402   419   419 D libEGL  : loaded /vendor/lib/egl/libEGL_POWERVR_SGX540_120.so
06-18 13:46:35.414   419   419 D libEGL  : loaded /vendor/lib/egl/libGLESv1_CM_POWERVR_SGX540_120.so
06-18 13:46:35.421   419   419 D libEGL  : loaded /vendor/lib/egl/libGLESv2_POWERVR_SGX540_120.so
06-18 13:46:35.433   352   432 D StopWatch: StopWatch calcFileSHA1 time (us): 328919 
06-18 13:46:35.441   559   559 D NetworkLocationService: onCreate com.google.android.location.NetworkLocationService@41399c38
06-18 13:46:35.449   581   581 I ActivityThread: Pub com.android.deskclock: com.android.deskclock.AlarmProvider
06-18 13:46:35.484   352   432 E bcc     : Cache dependency /system/lib/libbcc.so.sha1 sha1 mismatch:
06-18 13:46:35.484   352   432 E bcc     :   given:  b252f9e0262c2b07b88cb2b09e28bb2d883a91ca
06-18 13:46:35.484   352   432 E bcc     :   cached: c90b819256034e2d48d74324e88817aebb44beab
06-18 13:46:35.550   559   562 D dalvikvm: GC_CONCURRENT freed 298K, 5% free 9206K/9607K, paused 2ms+2ms
06-18 13:46:35.558   559   559 D NetworkLocationClient: ANDROID minProtocolVersion 1 maxProtocolVersion 1 releaseVersion -1
06-18 13:46:35.558   559   559 D NetworkLocationClient: binding to Intent { act=com.google.android.location.internal.ANDROID_NLP }
06-18 13:46:35.625   419   419 D OpenGLRenderer: Enabling debug mode 0
06-18 13:46:35.746   559   559 D NetworkLocationService: onBind com.google.android.location.NetworkLocationProvidercom.google.android.location.NetworkLocationService@41399c38
06-18 13:46:35.753   149   165 I Process : Sending signal. PID: 419 SIG: 3
06-18 13:46:35.753   419   423 I dalvikvm: threadid=3: reacting to signal 3
06-18 13:46:35.757   419   423 I dalvikvm: Wrote stack traces to '/data/anr/traces.txt'
06-18 13:46:35.761   559   559 D NetworkLocationService: onBind com.google.android.location.GeocodeProvidercom.google.android.location.NetworkLocationService@41399c38
06-18 13:46:35.871   149   491 D dalvikvm: GC_FOR_ALLOC freed 709K, 10% free 12978K/14279K, paused 65ms
06-18 13:46:36.031   149   166 I ActivityManager: Start proc com.google.android.partnersetup for broadcast com.google.android.partnersetup/.PhoneStateReceiver: pid=605 uid=10021 gids={3003}
06-18 13:46:36.054   352   352 E RenderScript: RS watchdog timeout: 0
06-18 13:46:36.078   559   562 D dalvikvm: GC_CONCURRENT freed 480K, 6% free 9247K/9799K, paused 5ms+2ms
06-18 13:46:36.113   149   549 D libsecgps: gps_init
06-18 13:46:36.125    85    85 D GPSD    : send_ril_gps_request: Connecting to RIL...
06-18 13:46:36.125   149   489 D SyncManager: setSyncAutomatically: , provider subscribedfeeds -> true
06-18 13:46:36.125   149   489 D SyncManager: setSyncAutomatically: already set to true, doing nothing
06-18 13:46:36.128   149   160 D SyncManager: setSyncAutomatically: , provider subscribedfeeds -> true
06-18 13:46:36.128   149   160 D SyncManager: setSyncAutomatically: already set to true, doing nothing
06-18 13:46:36.187   559   559 D androidInternalNlpService: onCreate com.google.android.location.internal.server.NetworkLocationService@4134f0e8
06-18 13:46:36.203   559   618 D NetworkLocationRealOs: NLPv2 file already exists; ignoring any NLPv1 files
06-18 13:46:36.214   559   559 D androidNlpServiceThread: ANDROID minProtocolVersion 1 maxProtocolVersion 1 releaseVersion -1
06-18 13:46:36.257   605   605 I ActivityThread: Pub com.google.android.partnersetup.rlzprovider: com.google.android.partnersetup.RlzProvider
06-18 13:46:36.261   149   491 I ActivityManager: Start proc com.google.android.gsf.login for on-hold: pid=622 uid=10009 gids={3003, 1015, 1007, 2001, 3006}
06-18 13:46:36.265   605   605 I ActivityThread: Pub com.google.android.partnersetup.rlzappprovider: com.google.android.partnersetup.RlzAppProvider
06-18 13:46:36.324   300   300 D PhoneStatusBar: disable: < expand icons alerts ticker system_info BACK* HOME* RECENT CLOCK* >
06-18 13:46:36.355   149   149 I ActivityManager: Start proc com.android.contacts for broadcast com.android.contacts/.calllog.CallLogReceiver: pid=633 uid=10000 gids={3003, 1015}
06-18 13:46:36.402   149   549 D GpsLocationProvider: set_capabilities_callback: 1
06-18 13:46:36.402   559   559 D NetworkLocationClient: onServiceConnected to ComponentInfo{com.google.android.location/com.google.android.location.internal.server.NetworkLocationService}
06-18 13:46:36.467   149   402 I ActivityManager: Start proc com.android.sprintmenu for service com.android.sprintmenu/.HiddenPhoneService: pid=657 uid=1001 gids={3002, 3001, 3003, 1015}
06-18 13:46:36.699   559   562 D dalvikvm: GC_CONCURRENT freed 317K, 5% free 9437K/9863K, paused 2ms+3ms
06-18 13:46:36.937   386   386 D Bluetooth HSHFP: Starting BluetoothHeadsetService
06-18 13:46:36.960   386   386 D CAT     : CatService: SIM ready. Reporting STK service running now...
06-18 13:46:36.980   149   165 D PowerManagerService: bootCompleted
06-18 13:46:36.980   149   165 V DevicePolicyManagerService: Sending password expiration notifications for action android.intent.action.BOOT_COMPLETED
06-18 13:46:36.996   419   421 D dalvikvm: GC_CONCURRENT freed 339K, 5% free 9846K/10311K, paused 2ms+3ms
06-18 13:46:37.109   386   392 D dalvikvm: GC_CONCURRENT freed 337K, 5% free 9401K/9863K, paused 2ms+3ms
06-18 13:46:37.148   386   386 V OtaStartupReceiver: onReceive: intent action=android.intent.action.BOOT_COMPLETED  mOtaspMode=-1
06-18 13:46:37.148   386   386 D OtaStartupReceiver: Register our PhoneStateListener
06-18 13:46:37.152   386   386 V OtaStartupReceiver: resolvInfo = null, provisioned = true, runningSetupWizard = true
06-18 13:46:37.152   386   386 W OtaStartupReceiver: Network is not ready. Registering to receive notification.
06-18 13:46:36.401   386   386 V OtaStartupReceiver: onOtaspChanged: mOtaspMode=1
06-18 13:46:36.425   386   386 I SprintMenu: Boot completed intent received
06-18 13:46:36.428   633   650 D AccountTypeManager: Registering 1 extension packages
06-18 13:46:36.467   386   386 I SprintMenu: getoemdata()
06-18 13:46:36.479   386   386 V OtaStartupReceiver: onOtaspChanged: mOtaspMode=3
06-18 13:46:36.499   149   429 D AlarmManagerService: Kernel timezone updated to 240 minutes west of GMT
06-18 13:46:36.526   386   386 I SprintMenu: Inside Handlemessage
06-18 13:46:36.526   386   386 I SprintMenu: Verify response incoming!!,Get data Done
06-18 13:46:36.526   386   386 I SprintMenu: : Mode_Off
06-18 13:46:36.526   386   386 I SprintMenu: Inside Hiddenmenu handlemsg ,selectedmode = -1
06-18 13:46:36.526   386   386 I SprintMenu: Inside Hiddenmenu handlemsg, sysprop = -1
06-18 13:46:36.534   386   386 D SynmlBootReceiver: SynmlBootReceiver  onReceive = Intent { act=android.intent.action.BOOT_COMPLETED flg=0x10 cmp=com.samsung.update/.SyncmlBootReceiver }
06-18 13:46:36.534   386   386 D SynmlBootReceiver: SynmlBootReceiver  onReceive action = android.intent.action.BOOT_COMPLETED
06-18 13:46:36.534   386   386 D SynmlBootReceiver: BOOT_COMPLETED 
06-18 13:46:36.534   386   386 I SynmlBootReceiver:  san_service()starting ...
06-18 13:46:36.550   386   386 D SynmlBootReceiver: onReceive  End
06-18 13:46:36.557   386   386 D OtaStartupReceiver: onServiceStateChanged()...  new state = 0 home Sprint US 310120  1xRTT:6 CSS not supported 2 4107 RoamInd=1 DefRoamInd=0 EmergOnly=false
06-18 13:46:36.557   386   386 D OtaStartupReceiver: call OtaUtils.maybeDoOtaCall after network is available
06-18 13:46:36.557   386   386 D OtaUtils: phoneNeedsActivation is set to false
06-18 13:46:36.557   386   386 D OtaUtils: otaShowActivationScreen: 1
06-18 13:46:36.561   386   386 D OtaUtils: maybeDoOtaCall: voice capable; activation NOT started.
06-18 13:46:36.624   386   386 I SAN_SERVICE: onCreate
06-18 13:46:36.624   386   386 V SANService: onStart(): intent_action = com.samsung.update.SAN_SERVICE
06-18 13:46:36.624   386   386 V SANService: In on Start: started = false
06-18 13:46:36.624   386   386 V SANService: Starting thread
06-18 13:46:36.628   386   386 D SAN_SERVICE: *******************************************
06-18 13:46:36.628   386   386 D SAN_SERVICE: DM App Phone Service State - 0
06-18 13:46:36.628   386   386 D SAN_SERVICE: *******************************************
06-18 13:46:36.628   386   386 D SAN_SERVICE: *******************************************
06-18 13:46:36.628   386   386 D SAN_SERVICE: DM App Phone Call State - 0
06-18 13:46:36.628   386   386 D SAN_SERVICE: *******************************************
06-18 13:46:36.632   386   386 I SAN_SERVICE: onDestroy
06-18 13:46:36.632   386   672 V SAN_SERVICE: Background Thread has stopped san_empty false
06-18 13:46:36.647   633   650 I AccountTypeManager: Loaded meta-data for 2 account types, 2 accounts in 942ms(wall) 15ms(cpu)
06-18 13:46:36.714   559   562 D dalvikvm: GC_CONCURRENT freed 165K, 3% free 9816K/10055K, paused 14ms+8ms
06-18 13:46:37.003   559   599 D androidNetworkLocationListeners: Still have listener com.google.android.location.internal.client.NetworkLocationClient$1@413a7040
06-18 13:46:37.022   419   421 D dalvikvm: GC_CONCURRENT freed 326K, 5% free 9923K/10439K, paused 1ms+2ms
06-18 13:46:37.050   559   599 D androidNetworkLocationListeners: Still have listener com.google.android.location.internal.client.NetworkLocationClient$1@413a7040
06-18 13:46:37.081   149   194 D dalvikvm: GC_EXPLICIT freed 469K, 8% free 13240K/14279K, paused 3ms+4ms
06-18 13:46:37.081   559   599 D androidNetworkLocationListeners: Still have listener com.google.android.location.internal.client.NetworkLocationClient$1@413a7040
06-18 13:46:37.081   559   599 D androidNetworkLocationListeners: Still have listener com.google.android.location.internal.client.NetworkLocationClient$1@413a7040
06-18 13:46:37.116   350   350 D wpa_supplicant: wpa_driver_wext_driver_cmd SETSUSPENDOPT 0 len = 4096
06-18 13:46:37.116   350   350 D wpa_supplicant: wpa_driver_wext_driver_cmd SETSUSPENDOPT 0 len = 0, 15
06-18 13:46:37.116   350   350 D wpa_supplicant: wpa_driver_wext_driver_cmd POWERMODE 0 len = 4096
06-18 13:46:37.124   350   350 D wpa_supplicant: wpa_driver_wext_driver_cmd OK len = 0, 2
06-18 13:46:37.124   350   350 D wpa_supplicant: Ongoing scan action - reject new request
06-18 13:46:37.160   386   386 D SystemClock: Setting time of day to sec=1340041596
06-18 13:46:37.190   352   352 E RenderScript: RS watchdog timeout: 0
06-18 13:46:37.194   419   419 D dalvikvm: GC_FOR_ALLOC freed 16K, 5% free 9961K/10439K, paused 16ms
06-18 13:46:37.194   419   419 I dalvikvm-heap: Grow heap (frag case) to 10.123MB for 345760-byte allocation
06-18 13:46:37.214   419   419 D dalvikvm: GC_FOR_ALLOC freed 6K, 5% free 10293K/10823K, paused 17ms
06-18 13:46:37.233   419   419 D dalvikvm: GC_FOR_ALLOC freed <1K, 5% free 10294K/10823K, paused 18ms
06-18 13:46:37.233   419   419 I dalvikvm-heap: Grow heap (frag case) to 10.448MB for 345760-byte allocation
06-18 13:46:37.249   419   419 D dalvikvm: GC_FOR_ALLOC freed <1K, 6% free 10631K/11207K, paused 16ms
06-18 13:46:37.253   350   350 D wpa_supplicant: Ongoing scan action - reject new request
06-18 13:46:37.268   419   419 D dalvikvm: GC_FOR_ALLOC freed <1K, 6% free 10632K/11207K, paused 18ms
06-18 13:46:37.268   419   419 I dalvikvm-heap: Grow heap (frag case) to 10.778MB for 345760-byte allocation
06-18 13:46:37.288   350   350 D wpa_supplicant: Ongoing scan action - reject new request
06-18 13:46:37.292   419   419 D dalvikvm: GC_FOR_ALLOC freed <1K, 6% free 10969K/11591K, paused 18ms
06-18 13:46:37.307   350   350 D wpa_supplicant: Ongoing scan action - reject new request
06-18 13:46:37.417   350   350 D wpa_supplicant: Ongoing scan action - reject new request
06-18 13:46:37.425   350   350 D wpa_supplicant: Ongoing scan action - reject new request
06-18 13:46:37.542   559   599 D androidNetworkLocationListeners: Still have listener com.google.android.location.internal.client.NetworkLocationClient$1@413a7040
06-18 13:46:37.546   350   350 D wpa_supplicant: Ongoing scan action - reject new request
06-18 13:46:37.710   300   302 D dalvikvm: GC_CONCURRENT freed 299K, 5% free 10121K/10567K, paused 2ms+5ms
06-18 13:46:37.811   352   432 D StopWatch: StopWatch bcc: PrepareExecutable time (us): 3239032 
06-18 13:46:37.811   352   432 E bcc     : Symbol not found: init
06-18 13:46:37.854   352   352 D dalvikvm: GC_FOR_ALLOC freed 87K, 3% free 9098K/9347K, paused 27ms
06-18 13:46:37.858   352   352 I dalvikvm-heap: Grow heap (frag case) to 11.879MB for 3072016-byte allocation
06-18 13:46:37.913   352   354 D dalvikvm: GC_CONCURRENT freed 2K, 3% free 12096K/12359K, paused 2ms+5ms
06-18 13:46:38.108   633   651 E DefaultVoicemailNotifier: No voicemails to notify about: clear the notification.
06-18 13:46:38.210   473   475 D dalvikvm: GC_CONCURRENT freed 193K, 4% free 9408K/9735K, paused 2ms+2ms
06-18 13:46:38.686   386   386 D SAN_SERVICE: *******************************************
06-18 13:46:38.686   386   386 D SAN_SERVICE: DM App Phone Service State - 0
06-18 13:46:38.686   386   386 D SAN_SERVICE: *******************************************
06-18 13:46:38.714   368   370 D dalvikvm: GC_CONCURRENT freed 192K, 3% free 9603K/9863K, paused 2ms+3ms
06-18 13:46:38.858   419   421 D dalvikvm: GC_CONCURRENT freed 208K, 3% free 11333K/11655K, paused 1ms+4ms
06-18 13:46:39.132   350   350 D wpa_supplicant: Ignore event for foreign ifindex 8
06-18 13:46:39.542   419   421 D dalvikvm: GC_CONCURRENT freed 548K, 6% free 11607K/12231K, paused 4ms+5ms
06-18 13:46:41.432    72    96 D VoldCmdListener: volume mount /mnt/sdcard
06-18 13:46:41.432    72    96 I Vold    : /dev/block/vold/179:3 being considered for volume sdcard
06-18 13:46:41.432    72    96 D Vold    : Volume sdcard state changing 1 (Idle-Unmounted) -> 3 (Checking)
06-18 13:46:41.436   149   241 D MountService: volume state changed for /mnt/sdcard (unmounted -> checking)
06-18 13:46:41.448   300   344 I StorageNotification: Media {/mnt/sdcard} state changed from {unmounted} -> {checking}
06-18 13:46:41.456   149   241 D MountService: sendStorageIntent Intent { act=android.intent.action.MEDIA_CHECKING dat=file:///mnt/sdcard (has extras) }
06-18 13:46:41.487   149   165 V WiredAccessoryObserver: init()
06-18 13:46:41.518   149   165 W WiredAccessoryObserver: This kernel does not have wired headset support
06-18 13:46:41.522   149   165 W WiredAccessoryObserver: This kernel does not have wired headset support
06-18 13:46:41.733   149   699 I RecoverySystem: No recovery log file
06-18 13:46:41.764    72    96 I /system/bin/fsck_msdos: ** /dev/block/vold/179:3
06-18 13:46:41.788   149   165 I ActivityManager: Start proc com.android.providers.calendar for broadcast com.android.providers.calendar/.CalendarReceiver: pid=702 uid=10006 gids={3003, 1015}
06-18 13:46:41.858   350   350 I wpa_supplicant: wlan0: Authentication with 00:86:11:15:d0:e1 timed out.
06-18 13:46:41.858   350   350 D wpa_supplicant: Added BSSID 00:86:11:15:d0:e1 into blacklist
06-18 13:46:41.858   350   350 D wpa_supplicant: wpa_driver_wext_set_operstate: operstate 0->0 (DORMANT)
06-18 13:46:41.858   350   350 D wpa_supplicant: netlink: Operstate: linkmode=-1, operstate=5
06-18 13:46:41.858   350   350 D wpa_supplicant: EAPOL: External notification - portEnabled=0
06-18 13:46:41.858   350   350 D wpa_supplicant: EAPOL: Supplicant port status: Unauthorized
06-18 13:46:41.858   350   350 D wpa_supplicant: EAPOL: External notification - portValid=0
06-18 13:46:41.858   350   350 D wpa_supplicant: EAPOL: Supplicant port status: Unauthorized
06-18 13:46:41.858   350   350 D wpa_supplicant: EAPOL: External notification - EAP success=0
06-18 13:46:41.858   350   350 D wpa_supplicant: EAPOL: Supplicant port status: Unauthorized
06-18 13:46:41.932    79    79 D dalvikvm: GC_EXPLICIT freed 37K, 4% free 9031K/9347K, paused 1ms+6ms
06-18 13:46:41.932   702   702 I ActivityThread: Pub com.android.calendar: com.android.providers.calendar.CalendarProvider2
06-18 13:46:42.007   300   300 D dalvikvm: GC_FOR_ALLOC freed 289K, 6% free 10159K/10759K, paused 81ms
06-18 13:46:42.038    79    79 D dalvikvm: GC_EXPLICIT freed <1K, 4% free 9031K/9347K, paused 1ms+10ms
06-18 13:46:42.108    79    79 D dalvikvm: GC_EXPLICIT freed <1K, 4% free 9031K/9347K, paused 7ms+5ms
06-18 13:46:42.233   149   160 I ActivityManager: Start proc com.android.email for broadcast com.android.email/.service.EmailBroadcastReceiver: pid=738 uid=10013 gids={3003, 1015}
06-18 13:46:42.296   300   300 D dalvikvm: GC_FOR_ALLOC freed 396K, 8% free 9943K/10759K, paused 40ms
06-18 13:46:42.323   581   734 V AlarmClock: AlarmInitReceiver finished
06-18 13:46:42.323    72    96 I /system/bin/fsck_msdos: ** Phase 1 - Read FAT (compare skipped)
06-18 13:46:42.323    72    96 I /system/bin/fsck_msdos: Attempting to allocate 13624 KB for FAT
06-18 13:46:42.350   738   738 I ActivityThread: Pub com.android.email.provider;com.android.email.notifier: com.android.email.provider.EmailProvider
06-18 13:46:42.374   738   738 I ActivityThread: Pub com.android.email.attachmentprovider: com.android.email.provider.AttachmentProvider
06-18 13:46:42.417   149   487 I ActivityManager: Start proc com.android.exchange for service com.android.exchange/.ExchangeService: pid=754 uid=10014 gids={3003, 1015}
06-18 13:46:42.499   754   754 I ActivityThread: Pub com.android.exchange.directory.provider: com.android.exchange.provider.ExchangeDirectoryProvider
06-18 13:46:42.561   149   161 I ActivityManager: Start proc com.google.android.apps.genie.geniewidget for broadcast com.google.android.apps.genie.geniewidget/.miniwidget.MiniWidgetProvider: pid=773 uid=10017 gids={3003, 1015}
06-18 13:46:42.569   754   768 D Eas Debug: Logging: 
06-18 13:46:42.573   754   754 D ExchangeService: !!! EAS ExchangeService, onStartCommand, startingUp = false, running = false
06-18 13:46:42.577   773   773 I dalvikvm: Turning on JNI app bug workarounds for target SDK version 11...
06-18 13:46:42.632   773   773 I ActivityThread: Pub com.google.android.apps.genie.geniewidget.weather: com.google.android.apps.genie.geniewidget.providers.WeatherProvider
06-18 13:46:42.643   773   773 I ActivityThread: Pub com.google.android.apps.genie.geniewidget.newsimage: com.google.android.apps.genie.geniewidget.providers.NewsImageProvider
06-18 13:46:42.667   149   233 D ConnectivityService: ConnectivityChange for WIMAX: DISCONNECTED/SCANNING
06-18 13:46:42.667   149   233 D ConnectivityService: Attempting to switch to mobile
06-18 13:46:42.667   149   233 D ConnectivityService: Attempting to switch to wifi
06-18 13:46:42.667   149   233 D ConnectivityService: Attempting to switch to BLUETOOTH_TETHER
06-18 13:46:42.772   773   773 W Genie   : Cache file not found: java.io.FileNotFoundException: /data/data/com.google.android.apps.genie.geniewidget/cache/genie_masfcache: open failed: ENOENT (No such file or directory)
06-18 13:46:42.776   773   773 W Genie   : Cache file not found: java.io.FileNotFoundException: /data/data/com.google.android.apps.genie.geniewidget/cache/genie_iconcache: open failed: ENOENT (No such file or directory)
06-18 13:46:42.788   149   228 W NetworkStats: dropping UID delta from unknown iface: iface=wlan0 uid=0 set=DEFAULT tag=0x0 rxBytes=0 rxPackets=0 txBytes=384 txPackets=6 operations=0
06-18 13:46:42.835   773   775 D dalvikvm: GC_CONCURRENT freed 348K, 5% free 9188K/9607K, paused 2ms+11ms
06-18 13:46:42.854   773   782 W CursorWrapperInner: Cursor finalized without prior close()
06-18 13:46:42.862   350   350 D wpa_supplicant: WPS: Building WPS IE for Probe Request
06-18 13:46:42.862   350   350 D wpa_supplicant: WPS:  * Version (hardcoded 0x10)
06-18 13:46:42.862   350   350 D wpa_supplicant: WPS:  * Request Type
06-18 13:46:42.862   350   350 D wpa_supplicant: WPS:  * Config Methods (2388)
06-18 13:46:42.862   350   350 D wpa_supplicant: WPS:  * UUID-E
06-18 13:46:42.862   350   350 D wpa_supplicant: WPS:  * Primary Device Type
06-18 13:46:42.862   350   350 D wpa_supplicant: WPS:  * RF Bands (3)
06-18 13:46:42.862   350   350 D wpa_supplicant: WPS:  * Association State
06-18 13:46:42.862   350   350 D wpa_supplicant: WPS:  * Configuration Error (0)
06-18 13:46:42.862   350   350 D wpa_supplicant: WPS:  * Device Password ID (0)
06-18 13:46:42.862   350   350 D wpa_supplicant: WPS:  * Manufacturer
06-18 13:46:42.862   350   350 D wpa_supplicant: WPS:  * Model Name
06-18 13:46:42.862   350   350 D wpa_supplicant: WPS:  * Model Number
06-18 13:46:42.862   350   350 D wpa_supplicant: WPS:  * Device Name
06-18 13:46:42.862   350   350 D wpa_supplicant: WPS:  * Version2 (0x20)
06-18 13:46:42.862   350   350 D wpa_supplicant: wpa_driver_wext_combo_scan: Start
06-18 13:46:42.862   350   350 D wpa_supplicant: For Scan: (null)
06-18 13:46:42.878   773   782 W CursorWrapperInner: Cursor finalized without prior close()
06-18 13:46:42.909   149   151 D dalvikvm: GC_CONCURRENT freed 1201K, 9% free 13130K/14407K, paused 3ms+5ms
06-18 13:46:42.913   350   350 D wpa_supplicant: Scan requested (ret=0) - scan timeout 30 seconds
06-18 13:46:42.960   149   149 I ActivityManager: Start proc com.google.android.gm for broadcast com.google.android.gm/.MailIntentReceiver: pid=799 uid=10018 gids={3003, 1015}
06-18 13:46:43.096   754   754 D ExchangeService: !!! EAS ExchangeService, onStartCommand, startingUp = true, running = false
06-18 13:46:43.100   754   768 D Eas Debug: Logging: 
06-18 13:46:43.108   754   784 D ExchangeService: Received deviceId from Email app: androidc965998870
06-18 13:46:43.108   754   784 D ExchangeService: Reconciling accounts...
06-18 13:46:43.155   799   799 I ActivityThread: Pub gmail-ls: com.google.android.gm.provider.MailProvider
06-18 13:46:43.194   149   489 D dalvikvm: GC_EXPLICIT freed 291K, 9% free 13153K/14407K, paused 5ms+6ms
06-18 13:46:43.198   799   799 I ActivityThread: Pub com.google.android.gmail.SuggestionProvider: com.google.android.gm.SuggestionsProvider
06-18 13:46:43.202   799   799 I ActivityThread: Pub com.google.android.gm: com.google.android.gm.provider.PublicContentProvider
06-18 13:46:43.393   350   350 D wpa_supplicant: RTM_NEWLINK: operstate=0 ifi_flags=0x11003 ([UP][LOWER_UP])
06-18 13:46:43.393   350   350 D wpa_supplicant: RTM_NEWLINK, IFLA_IFNAME: Interface 'wlan0' added
06-18 13:46:43.393   350   350 D wpa_supplicant: Wireless event: cmd=0x8b19 len=8
06-18 13:46:43.393   350   350 D wpa_supplicant: Received 2518 bytes of scan results (13 BSSes)
06-18 13:46:43.393   350   350 D wpa_supplicant: Removed BSSID 00:86:11:15:d0:e1 from blacklist (clear)
06-18 13:46:43.393   350   350 D wpa_supplicant: wlan0: Request association: reassociate: 1  selected: 00:86:11:15:d0:e1  bssid: 00:00:00:00:00:00  pending: 00:00:00:00:00:00  wpa_state: SCANNING
06-18 13:46:43.393   350   350 I wpa_supplicant: wlan0: Trying to associate with 00:86:11:15:d0:e1 (SSID='konoha' freq=2437 MHz)
06-18 13:46:43.393   350   350 D wpa_supplicant: wpa_driver_wext_set_operstate: operstate 0->0 (DORMANT)
06-18 13:46:43.393   350   350 D wpa_supplicant: netlink: Operstate: linkmode=-1, operstate=5
06-18 13:46:43.393   350   350 D wpa_supplicant: wpa_driver_wext_associate
06-18 13:46:43.393   350   350 D wpa_supplicant: wpa_driver_wext_set_drop_unencrypted
06-18 13:46:43.413   350   350 D wpa_supplicant: wpa_driver_wext_set_psk
06-18 13:46:43.417   350   350 D wpa_supplicant: EAPOL: External notification - EAP success=0
06-18 13:46:43.417   350   350 D wpa_supplicant: EAPOL: Supplicant port status: Unauthorized
06-18 13:46:43.417   350   350 D wpa_supplicant: EAPOL: External notification - EAP fail=0
06-18 13:46:43.417   350   350 D wpa_supplicant: EAPOL: Supplicant port status: Unauthorized
06-18 13:46:43.417   350   350 D wpa_supplicant: EAPOL: External notification - portControl=Auto
06-18 13:46:43.417   350   350 D wpa_supplicant: EAPOL: Supplicant port status: Unauthorized
06-18 13:46:43.417   350   350 D wpa_supplicant: RSN: Ignored PMKID candidate without preauth flag
06-18 13:46:43.421   350   350 D wpa_supplicant: RTM_NEWLINK: operstate=0 ifi_flags=0x11003 ([UP][LOWER_UP])
06-18 13:46:43.421   350   350 D wpa_supplicant: RTM_NEWLINK, IFLA_IFNAME: Interface 'wlan0' added
06-18 13:46:43.421   350   350 D wpa_supplicant: Wireless event: cmd=0x8b06 len=8
06-18 13:46:43.421   350   350 D wpa_supplicant: RTM_NEWLINK: operstate=0 ifi_flags=0x11003 ([UP][LOWER_UP])
06-18 13:46:43.421   350   350 D wpa_supplicant: RTM_NEWLINK, IFLA_IFNAME: Interface 'wlan0' added
06-18 13:46:43.421   350   350 D wpa_supplicant: Wireless event: cmd=0x8b04 len=12
06-18 13:46:43.421   350   350 D wpa_supplicant: RTM_NEWLINK: operstate=0 ifi_flags=0x11003 ([UP][LOWER_UP])
06-18 13:46:43.421   350   350 D wpa_supplicant: RTM_NEWLINK, IFLA_IFNAME: Interface 'wlan0' added
06-18 13:46:43.421   350   350 D wpa_supplicant: Wireless event: cmd=0x8b1a len=14
06-18 13:46:43.456   350   350 D wpa_supplicant: RTM_NEWLINK: operstate=0 ifi_flags=0x11003 ([UP][LOWER_UP])
06-18 13:46:43.456   350   350 D wpa_supplicant: RTM_NEWLINK, IFLA_IFNAME: Interface 'wlan0' added
06-18 13:46:43.456   350   350 D wpa_supplicant: Wireless event: cmd=0x8b15 len=20
06-18 13:46:43.456   350   350 D wpa_supplicant: Wireless event: new AP: 00:86:11:15:d0:e1
06-18 13:46:43.456   350   350 D wpa_supplicant: wpa_driver_wext_set_operstate: operstate 0->0 (DORMANT)
06-18 13:46:43.456   350   350 D wpa_supplicant: netlink: Operstate: linkmode=-1, operstate=5
06-18 13:46:43.460   350   350 I wpa_supplicant: wlan0: Associated with 00:86:11:15:d0:e1
06-18 13:46:43.460   350   350 D wpa_supplicant: EAPOL: External notification - portEnabled=0
06-18 13:46:43.460   350   350 D wpa_supplicant: EAPOL: Supplicant port status: Unauthorized
06-18 13:46:43.460   350   350 D wpa_supplicant: EAPOL: External notification - portValid=0
06-18 13:46:43.460   350   350 D wpa_supplicant: EAPOL: Supplicant port status: Unauthorized
06-18 13:46:43.460   350   350 D wpa_supplicant: EAPOL: External notification - EAP success=0
06-18 13:46:43.460   350   350 D wpa_supplicant: EAPOL: Supplicant port status: Unauthorized
06-18 13:46:43.460   350   350 D wpa_supplicant: EAPOL: External notification - portEnabled=1
06-18 13:46:43.460   350   350 D wpa_supplicant: EAPOL: SUPP_PAE entering state CONNECTING
06-18 13:46:43.460   350   350 D wpa_supplicant: EAPOL: enable timer tick
06-18 13:46:43.460   350   350 D wpa_supplicant: EAPOL: SUPP_BE entering state IDLE
06-18 13:46:43.464   559   674 D WifiLocator: Too many cache  misses. Need server request. hasLocation=0 noLocation=0 cacheMiss=14
06-18 13:46:43.464   559   674 D CellLocator: Primary cell miss in cache. Need server request.
06-18 13:46:43.514   350   350 D wpa_supplicant: WPA: PTK derivation - A1=78:d6:f0:49:8a:04 A2=00:86:11:15:d0:e1
06-18 13:46:43.518   350   350 D wpa_supplicant: RTM_NEWLINK: operstate=0 ifi_flags=0x11003 ([UP][LOWER_UP])
06-18 13:46:43.518   350   350 D wpa_supplicant: RTM_NEWLINK, IFLA_IFNAME: Interface 'wlan0' added
06-18 13:46:43.518   350   350 D wpa_supplicant: Wireless event: cmd=0x8c03 len=20
06-18 13:46:43.518   350   350 D wpa_supplicant: RTM_NEWLINK: operstate=0 ifi_flags=0x11003 ([UP][LOWER_UP])
06-18 13:46:43.518   350   350 D wpa_supplicant: RTM_NEWLINK, IFLA_IFNAME: Interface 'wlan0' added
06-18 13:46:43.518   350   350 D wpa_supplicant: Wireless event: cmd=0x8c02 len=26
06-18 13:46:43.526   350   350 D wpa_supplicant: wpa_driver_wext_set_key: alg=3 key_idx=0 set_tx=1 seq_len=6 key_len=16
06-18 13:46:43.530   350   350 D wpa_supplicant: EAPOL: External notification - portValid=1
06-18 13:46:43.530   350   350 D wpa_supplicant: wpa_driver_wext_set_key: alg=3 key_idx=1 set_tx=0 seq_len=6 key_len=16
06-18 13:46:43.530   350   350 I wpa_supplicant: wlan0: WPA: Key negotiation completed with 00:86:11:15:d0:e1 [PTK=CCMP GTK=CCMP]
06-18 13:46:43.534   350   350 I wpa_supplicant: wlan0: CTRL-EVENT-CONNECTED - Connection to 00:86:11:15:d0:e1 completed (auth) [id=0 id_str=]
06-18 13:46:43.534   350   350 D wpa_supplicant: wpa_driver_wext_set_operstate: operstate 0->1 (UP)
06-18 13:46:43.534   350   350 D wpa_supplicant: netlink: Operstate: linkmode=-1, operstate=6
06-18 13:46:43.534   350   350 D wpa_supplicant: EAPOL: External notification - portValid=1
06-18 13:46:43.534   350   350 D wpa_supplicant: EAPOL: External notification - EAP success=1
06-18 13:46:43.534   350   350 D wpa_supplicant: EAPOL: SUPP_PAE entering state AUTHENTICATING
06-18 13:46:43.534   350   350 D wpa_supplicant: EAPOL: SUPP_BE entering state SUCCESS
06-18 13:46:43.534   350   350 D wpa_supplicant: EAP: EAP entering state DISABLED
06-18 13:46:43.534   350   350 D wpa_supplicant: EAPOL: SUPP_PAE entering state AUTHENTICATED
06-18 13:46:43.534   350   350 D wpa_supplicant: EAPOL: Supplicant port status: Authorized
06-18 13:46:43.534   350   350 D wpa_supplicant: EAPOL: SUPP_BE entering state IDLE
06-18 13:46:43.534   350   350 D wpa_supplicant: EAPOL authentication completed successfully
06-18 13:46:43.534   350   350 D wpa_supplicant: RTM_NEWLINK: operstate=1 ifi_flags=0x11043 ([UP][RUNNING][LOWER_UP])
06-18 13:46:43.534   350   350 D wpa_supplicant: RTM_NEWLINK, IFLA_IFNAME: Interface 'wlan0' added
06-18 13:46:43.569   350   350 D wpa_supplicant: wpa_driver_wext_driver_cmd BTCOEXMODE 1 len = 4096
06-18 13:46:43.589   559   601 I System.out: [INFO:8017]: LogSource: Running flush
06-18 13:46:43.624   149   156 I dalvikvm: Jit: resizing JitTable from 4096 to 8192
06-18 13:46:43.667   702   702 I CalendarProvider2: Sending notification intent: Intent { act=android.intent.action.PROVIDER_CHANGED dat=content://com.android.calendar }
