06-22 17:52:46.781   279   279 D wpa_supplicant: SSL: 74 bytes left to be sent out (of total 74 bytes)
06-22 17:52:46.781   279   279 D wpa_supplicant: EAP: method process -> ignore=FALSE methodState=DONE decision=UNCOND_SUCC
06-22 17:52:46.781   279   279 D wpa_supplicant: EAP: EAP entering state SEND_RESPONSE
06-22 17:52:46.781   279   279 D wpa_supplicant: EAP: EAP entering state IDLE
06-22 17:52:46.781   279   279 D wpa_supplicant: EAPOL: SUPP_BE entering state RESPONSE
06-22 17:52:46.781   279   279 D wpa_supplicant: EAPOL: txSuppRsp
06-22 17:52:46.781   279   279 D wpa_supplicant: TX EAPOL: dst=d0:c2:82:2d:da:c0
06-22 17:52:46.785   279   279 D wpa_supplicant: EAPOL: SUPP_BE entering state RECEIVE
06-22 17:52:46.785   279   279 D wpa_supplicant: EAPOL: Received EAP-Packet frame
06-22 17:52:46.785   279   279 D wpa_supplicant: EAPOL: SUPP_BE entering state REQUEST
06-22 17:52:46.785   279   279 D wpa_supplicant: EAPOL: getSuppRsp
06-22 17:52:46.785   279   279 D wpa_supplicant: EAP: EAP entering state RECEIVED
06-22 17:52:46.785   279   279 D wpa_supplicant: EAP: Received EAP-Success
06-22 17:52:46.785   279   279 D wpa_supplicant: EAP: EAP entering state SUCCESS
06-22 17:52:46.785   279   279 I wpa_supplicant: wlan0: CTRL-EVENT-EAP-SUCCESS EAP authentication completed successfully
06-22 17:52:46.785   279   279 D wpa_supplicant: EAPOL: SUPP_BE entering state RECEIVE
06-22 17:52:46.785   279   279 D wpa_supplicant: EAPOL: SUPP_BE entering state SUCCESS
06-22 17:52:46.785   279   279 D wpa_supplicant: EAPOL: SUPP_BE entering state IDLE
06-22 17:52:46.789   279   279 D wpa_supplicant: EAPOL: Ignoring WPA EAPOL-Key frame in EAPOL state machines
06-22 17:52:46.789   279   279 D wpa_supplicant: EAPOL: Successfully fetched key (len=32)
06-22 17:52:46.789   279   279 D wpa_supplicant: RSN: added PMKSA cache entry for d0:c2:82:2d:da:c0
06-22 17:52:46.797   279   279 D wpa_supplicant: WPA: PTK derivation - A1=78:d6:f0:49:8a:04 A2=d0:c2:82:2d:da:c0
06-22 17:52:46.800   279   279 D wpa_supplicant: EAPOL: Ignoring WPA EAPOL-Key frame in EAPOL state machines
06-22 17:52:46.800   279   279 D wpa_supplicant: wpa_driver_wext_set_key: alg=3 key_idx=0 set_tx=1 seq_len=6 key_len=16
06-22 17:52:46.800   279   279 D wpa_supplicant: EAPOL: External notification - portValid=1
06-22 17:52:46.800   279   279 D wpa_supplicant: EAPOL: SUPP_PAE entering state AUTHENTICATED
06-22 17:52:46.800   279   279 D wpa_supplicant: EAPOL: Supplicant port status: Authorized
06-22 17:52:46.800   279   279 D wpa_supplicant: EAPOL authentication completed successfully
06-22 17:52:46.804   279   279 D wpa_supplicant: wpa_driver_wext_set_key: alg=2 key_idx=1 set_tx=0 seq_len=6 key_len=32
06-22 17:52:46.804   279   279 I wpa_supplicant: wlan0: WPA: Key negotiation completed with d0:c2:82:2d:da:c0 [PTK=CCMP GTK=TKIP]
06-22 17:52:46.804   279   279 I wpa_supplicant: wlan0: CTRL-EVENT-CONNECTED - Connection to d0:c2:82:2d:da:c0 completed (reauth) [id=0 id_str=]
06-22 17:52:46.804   279   279 D wpa_supplicant: wpa_driver_wext_set_operstate: operstate 0->1 (UP)
06-22 17:52:46.804   279   279 D wpa_supplicant: netlink: Operstate: linkmode=-1, operstate=6
06-22 17:52:46.808   279   279 D wpa_supplicant: EAPOL: External notification - portValid=1
06-22 17:52:46.808   279   279 D wpa_supplicant: RTM_NEWLINK: operstate=1 ifi_flags=0x11043 ([UP][RUNNING][LOWER_UP])
06-22 17:52:46.808   279   279 D wpa_supplicant: RTM_NEWLINK, IFLA_IFNAME: Interface 'wlan0' added
06-22 17:52:46.859   279   279 D wpa_supplicant: RTM_NEWLINK: operstate=1 ifi_flags=0x11003 ([UP][LOWER_UP])
06-22 17:52:46.859   279   279 D wpa_supplicant: netlink: Operstate: linkmode=-1, operstate=6
06-22 17:52:46.859   279   279 D wpa_supplicant: RTM_NEWLINK, IFLA_IFNAME: Interface 'wlan0' added
06-22 17:52:46.859   279   279 D wpa_supplicant: Wireless event: cmd=0x8c09 len=32
06-22 17:52:46.859   279   279 D wpa_supplicant: PMKID candidate wireless event: flags=0x0 index=0 bssid=d0:c2:82:66:66:f0
06-22 17:52:46.859   279   279 D wpa_supplicant: RSN: Ignored PMKID candidate without preauth flag
06-22 17:52:46.859   279   279 D wpa_supplicant: RTM_NEWLINK: operstate=1 ifi_flags=0x11003 ([UP][LOWER_UP])
06-22 17:52:46.859   279   279 D wpa_supplicant: netlink: Operstate: linkmode=-1, operstate=6
06-22 17:52:46.859   279   279 D wpa_supplicant: RTM_NEWLINK, IFLA_IFNAME: Interface 'wlan0' added
06-22 17:52:46.859   279   279 D wpa_supplicant: Wireless event: cmd=0x8c09 len=32
06-22 17:52:46.859   279   279 D wpa_supplicant: PMKID candidate wireless event: flags=0x0 index=0 bssid=d0:c2:82:67:fa:70
06-22 17:52:46.859   279   279 D wpa_supplicant: RSN: Ignored PMKID candidate without preauth flag
06-22 17:52:46.859   279   279 D wpa_supplicant: RTM_NEWLINK: operstate=1 ifi_flags=0x11003 ([UP][LOWER_UP])
06-22 17:52:46.859   279   279 D wpa_supplicant: netlink: Operstate: linkmode=-1, operstate=6
06-22 17:52:46.859   279   279 D wpa_supplicant: RTM_NEWLINK, IFLA_IFNAME: Interface 'wlan0' added
06-22 17:52:46.859   279   279 D wpa_supplicant: Wireless event: cmd=0x8c09 len=32
06-22 17:52:46.859   279   279 D wpa_supplicant: PMKID candidate wireless event: flags=0x0 index=0 bssid=d0:c2:82:66:67:30
06-22 17:52:46.859   279   279 D wpa_supplicant: RSN: Ignored PMKID candidate without preauth flag
06-22 17:52:46.859   279   279 D wpa_supplicant: RTM_NEWLINK: operstate=1 ifi_flags=0x11003 ([UP][LOWER_UP])
06-22 17:52:46.859   279   279 D wpa_supplicant: netlink: Operstate: linkmode=-1, operstate=6
06-22 17:52:46.859   279   279 D wpa_supplicant: RTM_NEWLINK, IFLA_IFNAME: Interface 'wlan0' added
06-22 17:52:46.859   279   279 D wpa_supplicant: Wireless event: cmd=0x8c09 len=32
06-22 17:52:46.859   279   279 D wpa_supplicant: PMKID candidate wireless event: flags=0x0 index=0 bssid=d0:c2:82:7e:30:a0
06-22 17:52:46.859   279   279 D wpa_supplicant: RSN: Ignored PMKID candidate without preauth flag
06-22 17:52:46.859   279   279 D wpa_supplicant: RTM_NEWLINK: operstate=1 ifi_flags=0x11003 ([UP][LOWER_UP])
06-22 17:52:46.859   279   279 D wpa_supplicant: netlink: Operstate: linkmode=-1, operstate=6
06-22 17:52:46.859   279   279 D wpa_supplicant: RTM_NEWLINK, IFLA_IFNAME: Interface 'wlan0' added
06-22 17:52:46.859   279   279 D wpa_supplicant: Wireless event: cmd=0x8c09 len=32
06-22 17:52:46.859   279   279 D wpa_supplicant: PMKID candidate wireless event: flags=0x0 index=0 bssid=d0:c2:82:7e:1e:b0
06-22 17:52:46.859   279   279 D wpa_supplicant: RSN: Ignored PMKID candidate without preauth flag
06-22 17:52:46.859   279   279 D wpa_supplicant: RTM_NEWLINK: operstate=1 ifi_flags=0x11003 ([UP][LOWER_UP])
06-22 17:52:46.859   279   279 D wpa_supplicant: netlink: Operstate: linkmode=-1, operstate=6
06-22 17:52:46.859   279   279 D wpa_supplicant: RTM_NEWLINK, IFLA_IFNAME: Interface 'wlan0' added
06-22 17:52:46.859   279   279 D wpa_supplicant: Wireless event: cmd=0x8c09 len=32
06-22 17:52:46.859   279   279 D wpa_supplicant: PMKID candidate wireless event: flags=0x0 index=0 bssid=d0:c2:82:67:f0:d0
06-22 17:52:46.859   279   279 D wpa_supplicant: RSN: Ignored PMKID candidate without preauth flag
06-22 17:52:46.859   279   279 D wpa_supplicant: RTM_NEWLINK: operstate=1 ifi_flags=0x11003 ([UP][LOWER_UP])
06-22 17:52:46.859   279   279 D wpa_supplicant: netlink: Operstate: linkmode=-1, operstate=6
06-22 17:52:46.859   279   279 D wpa_supplicant: RTM_NEWLINK, IFLA_IFNAME: Interface 'wlan0' added
06-22 17:52:46.859   279   279 D wpa_supplicant: Wireless event: cmd=0x8c09 len=32
06-22 17:52:46.859   279   279 D wpa_supplicant: PMKID candidate wireless event: flags=0x0 index=0 bssid=d0:c2:82:67:f8:70
06-22 17:52:46.859   279   279 D wpa_supplicant: RSN: Ignored PMKID candidate without preauth flag
06-22 17:52:46.859   279   279 D wpa_supplicant: RTM_NEWLINK: operstate=1 ifi_flags=0x11003 ([UP][LOWER_UP])
06-22 17:52:46.859   279   279 D wpa_supplicant: netlink: Operstate: linkmode=-1, operstate=6
06-22 17:52:46.859   279   279 D wpa_supplicant: RTM_NEWLINK, IFLA_IFNAME: Interface 'wlan0' added
06-22 17:52:46.859   279   279 D wpa_supplicant: Wireless event: cmd=0x8c09 len=32
06-22 17:52:46.859   279   279 D wpa_supplicant: PMKID candidate wireless event: flags=0x0 index=0 bssid=d0:c2:82:2d:da:c0
06-22 17:52:46.859   279   279 D wpa_supplicant: RSN: Ignored PMKID candidate without preauth flag
06-22 17:52:46.961   279   279 D wpa_supplicant: EAPOL: startWhen --> 0
06-22 17:52:48.828 13598 13598 D dalvikvm: GC_EXPLICIT freed 1796K, 39% free 11196K/18247K, paused 5ms+5ms
06-22 17:52:48.847 13598 13598 D dalvikvm: GC_FOR_ALLOC freed 8K, 39% free 11189K/18247K, paused 16ms
06-22 17:52:48.847 13598 13598 I dalvikvm-heap: Grow heap (frag case) to 12.320MB for 1382416-byte allocation
06-22 17:52:48.886 13598 13599 D dalvikvm: GC_CONCURRENT freed <1K, 32% free 12539K/18247K, paused 1ms+5ms
06-22 17:52:49.078   279   279 D wpa_supplicant: wpa_driver_wext_driver_cmd RSSI len = 248
06-22 17:52:49.082   279   279 D wpa_supplicant: wpa_driver_wext_driver_cmd UB_Secure rssi -77  len = 19, 19
06-22 17:52:49.082   279   279 D wpa_supplicant: wpa_driver_wext_driver_cmd LINKSPEED len = 248
06-22 17:52:49.082   279   279 D wpa_supplicant: wpa_driver_wext_driver_cmd LinkSpeed 26 len = 12, 12
06-22 17:52:51.683   353   353 D SAN_SERVICE: *******************************************
06-22 17:52:51.683   353   353 D SAN_SERVICE: DM App Phone Service State - 0
06-22 17:52:51.683   353   353 D SAN_SERVICE: *******************************************
06-22 17:52:52.086   279   279 D wpa_supplicant: wpa_driver_wext_driver_cmd RSSI len = 248
06-22 17:52:52.093   279   279 D wpa_supplicant: wpa_driver_wext_driver_cmd UB_Secure rssi -78  len = 19, 19
06-22 17:52:52.093   279   279 D wpa_supplicant: wpa_driver_wext_driver_cmd LINKSPEED len = 248
06-22 17:52:52.093   279   279 D wpa_supplicant: wpa_driver_wext_driver_cmd LinkSpeed 26 len = 12, 12
06-22 17:52:52.269    81   122 D AudioHardware: AudioHardware pcm playback is going to standby.
06-22 17:52:52.269    81   122 D AudioHardware: closePcmOut_l() mPcmOpenCnt: 1
06-22 17:52:52.308   142  2369 D AlarmManagerService: Kernel timezone updated to 240 minutes west of GMT
06-22 17:52:52.332    81   122 D AudioHardware: AudioHardware pcm playback is exiting standby.
06-22 17:52:52.332    81   122 D AudioHardware: openPcmOut_l() mPcmOpenCnt: 0
06-22 17:52:54.308   142   360 D AlarmManagerService: Kernel timezone updated to 240 minutes west of GMT
06-22 17:52:55.097   279   279 D wpa_supplicant: wpa_driver_wext_driver_cmd RSSI len = 248
06-22 17:52:55.105   279   279 D wpa_supplicant: wpa_driver_wext_driver_cmd UB_Secure rssi -83  len = 19, 19
06-22 17:52:55.105   279   279 D wpa_supplicant: wpa_driver_wext_driver_cmd LINKSPEED len = 248
06-22 17:52:55.105   279   279 D wpa_supplicant: wpa_driver_wext_driver_cmd LinkSpeed 65 len = 12, 12
06-22 17:52:56.097    81   122 D AudioHardware: AudioHardware pcm playback is going to standby.
06-22 17:52:56.097    81   122 D AudioHardware: closePcmOut_l() mPcmOpenCnt: 1
06-22 17:52:57.285   142   465 D AlarmManagerService: Kernel timezone updated to 240 minutes west of GMT
06-22 17:52:57.367   279   279 D wpa_supplicant: RTM_NEWLINK: operstate=1 ifi_flags=0x11043 ([UP][RUNNING][LOWER_UP])
06-22 17:52:57.367   279   279 D wpa_supplicant: RTM_NEWLINK, IFLA_IFNAME: Interface 'wlan0' added
06-22 17:52:57.367   279   279 D wpa_supplicant: Wireless event: cmd=0x8c09 len=32
06-22 17:52:57.367   279   279 D wpa_supplicant: PMKID candidate wireless event: flags=0x0 index=0 bssid=d0:c2:82:66:66:f0
06-22 17:52:57.367   279   279 D wpa_supplicant: RSN: Ignored PMKID candidate without preauth flag
06-22 17:52:57.367   279   279 D wpa_supplicant: RTM_NEWLINK: operstate=1 ifi_flags=0x11043 ([UP][RUNNING][LOWER_UP])
06-22 17:52:57.367   279   279 D wpa_supplicant: RTM_NEWLINK, IFLA_IFNAME: Interface 'wlan0' added
06-22 17:52:57.367   279   279 D wpa_supplicant: Wireless event: cmd=0x8c09 len=32
06-22 17:52:57.367   279   279 D wpa_supplicant: PMKID candidate wireless event: flags=0x0 index=0 bssid=d0:c2:82:67:fa:70
06-22 17:52:57.367   279   279 D wpa_supplicant: RSN: Ignored PMKID candidate without preauth flag
06-22 17:52:57.367   279   279 D wpa_supplicant: RTM_NEWLINK: operstate=1 ifi_flags=0x11043 ([UP][RUNNING][LOWER_UP])
06-22 17:52:57.367   279   279 D wpa_supplicant: RTM_NEWLINK, IFLA_IFNAME: Interface 'wlan0' added
06-22 17:52:57.367   279   279 D wpa_supplicant: Wireless event: cmd=0x8c09 len=32
06-22 17:52:57.367   279   279 D wpa_supplicant: PMKID candidate wireless event: flags=0x0 index=0 bssid=d0:c2:82:66:67:30
06-22 17:52:57.367   279   279 D wpa_supplicant: RSN: Ignored PMKID candidate without preauth flag
06-22 17:52:57.367   279   279 D wpa_supplicant: RTM_NEWLINK: operstate=1 ifi_flags=0x11043 ([UP][RUNNING][LOWER_UP])
06-22 17:52:57.367   279   279 D wpa_supplicant: RTM_NEWLINK, IFLA_IFNAME: Interface 'wlan0' added
06-22 17:52:57.367   279   279 D wpa_supplicant: Wireless event: cmd=0x8c09 len=32
06-22 17:52:57.367   279   279 D wpa_supplicant: PMKID candidate wireless event: flags=0x0 index=0 bssid=d0:c2:82:7e:1e:b0
06-22 17:52:57.367   279   279 D wpa_supplicant: RSN: Ignored PMKID candidate without preauth flag
06-22 17:52:57.367   279   279 D wpa_supplicant: RTM_NEWLINK: operstate=1 ifi_flags=0x11043 ([UP][RUNNING][LOWER_UP])
06-22 17:52:57.367   279   279 D wpa_supplicant: RTM_NEWLINK, IFLA_IFNAME: Interface 'wlan0' added
06-22 17:52:57.367   279   279 D wpa_supplicant: Wireless event: cmd=0x8c09 len=32
06-22 17:52:57.367   279   279 D wpa_supplicant: PMKID candidate wireless event: flags=0x0 index=0 bssid=d0:c2:82:2d:da:c0
06-22 17:52:57.367   279   279 D wpa_supplicant: RSN: Ignored PMKID candidate without preauth flag
06-22 17:52:57.367   279   279 D wpa_supplicant: RTM_NEWLINK: operstate=1 ifi_flags=0x11043 ([UP][RUNNING][LOWER_UP])
06-22 17:52:57.367   279   279 D wpa_supplicant: RTM_NEWLINK, IFLA_IFNAME: Interface 'wlan0' added
06-22 17:52:57.367   279   279 D wpa_supplicant: Wireless event: cmd=0x8c09 len=32
06-22 17:52:57.367   279   279 D wpa_supplicant: PMKID candidate wireless event: flags=0x0 index=0 bssid=d0:c2:82:67:f0:d0
06-22 17:52:57.367   279   279 D wpa_supplicant: RSN: Ignored PMKID candidate without preauth flag
06-22 17:52:57.367   279   279 D wpa_supplicant: RTM_NEWLINK: operstate=1 ifi_flags=0x11043 ([UP][RUNNING][LOWER_UP])
06-22 17:52:57.367   279   279 D wpa_supplicant: RTM_NEWLINK, IFLA_IFNAME: Interface 'wlan0' added
06-22 17:52:57.367   279   279 D wpa_supplicant: Wireless event: cmd=0x8c09 len=32
06-22 17:52:57.367   279   279 D wpa_supplicant: PMKID candidate wireless event: flags=0x0 index=0 bssid=d0:c2:82:7e:30:a0
06-22 17:52:57.367   279   279 D wpa_supplicant: RSN: Ignored PMKID candidate without preauth flag
06-22 17:52:57.367   279   279 D wpa_supplicant: RTM_NEWLINK: operstate=1 ifi_flags=0x11043 ([UP][RUNNING][LOWER_UP])
06-22 17:52:57.367   279   279 D wpa_supplicant: RTM_NEWLINK, IFLA_IFNAME: Interface 'wlan0' added
06-22 17:52:57.367   279   279 D wpa_supplicant: Wireless event: cmd=0x8c09 len=32
06-22 17:52:57.367   279   279 D wpa_supplicant: PMKID candidate wireless event: flags=0x0 index=0 bssid=d0:c2:82:67:f8:70
06-22 17:52:57.367   279   279 D wpa_supplicant: RSN: Ignored PMKID candidate without preauth flag
06-22 17:52:58.015    81   122 D AudioHardware: AudioHardware pcm playback is exiting standby.
06-22 17:52:58.015    81   122 D AudioHardware: openPcmOut_l() mPcmOpenCnt: 0
06-22 17:52:58.113   279   279 D wpa_supplicant: wpa_driver_wext_driver_cmd RSSI len = 248
06-22 17:52:58.121   279   279 D wpa_supplicant: wpa_driver_wext_driver_cmd UB_Secure rssi -85  len = 19, 19
06-22 17:52:58.121   279   279 D wpa_supplicant: wpa_driver_wext_driver_cmd LINKSPEED len = 248
06-22 17:52:58.121   279   279 D wpa_supplicant: wpa_driver_wext_driver_cmd LinkSpeed 65 len = 12, 12
06-22 17:53:01.125   279   279 D wpa_supplicant: wpa_driver_wext_driver_cmd RSSI len = 248
06-22 17:53:01.132   279   279 D wpa_supplicant: wpa_driver_wext_driver_cmd UB_Secure rssi -86  len = 19, 19
06-22 17:53:01.132   279   279 D wpa_supplicant: wpa_driver_wext_driver_cmd LINKSPEED len = 248
06-22 17:53:01.136   279   279 D wpa_supplicant: wpa_driver_wext_driver_cmd LinkSpeed 65 len = 12, 12
06-22 17:53:01.257   142   360 D AlarmManagerService: Kernel timezone updated to 240 minutes west of GMT
06-22 17:53:02.507    81   122 D AudioHardware: AudioHardware pcm playback is going to standby.
06-22 17:53:02.507    81   122 D AudioHardware: closePcmOut_l() mPcmOpenCnt: 1
06-22 17:53:04.183   279   279 D wpa_supplicant: wpa_driver_wext_driver_cmd RSSI len = 248
06-22 17:53:04.195   279   279 D wpa_supplicant: wpa_driver_wext_driver_cmd UB_Secure rssi -88  len = 19, 19
06-22 17:53:04.195   279   279 D wpa_supplicant: wpa_driver_wext_driver_cmd LINKSPEED len = 248
06-22 17:53:04.199   279   279 D wpa_supplicant: wpa_driver_wext_driver_cmd LinkSpeed 65 len = 12, 12
06-22 17:53:07.234   279   279 D wpa_supplicant: wpa_driver_wext_driver_cmd RSSI len = 248
06-22 17:53:07.242   279   279 D wpa_supplicant: wpa_driver_wext_driver_cmd UB_Secure rssi -88  len = 19, 19
06-22 17:53:07.242   279   279 D wpa_supplicant: wpa_driver_wext_driver_cmd LINKSPEED len = 248
06-22 17:53:07.246   279   279 D wpa_supplicant: wpa_driver_wext_driver_cmd LinkSpeed 65 len = 12, 12
06-22 17:53:08.992   142   169 I power   : *** set_screen_state 0
06-22 17:53:09.043   279   279 D wpa_supplicant: RTM_NEWLINK: operstate=1 ifi_flags=0x11043 ([UP][RUNNING][LOWER_UP])
06-22 17:53:09.043   279   279 D wpa_supplicant: RTM_NEWLINK, IFLA_IFNAME: Interface 'wlan0' added
06-22 17:53:09.043   279   279 D wpa_supplicant: Wireless event: cmd=0x8c00 len=20
06-22 17:53:09.047    78   117 D SurfaceFlinger: About to give-up screen, flinger = 0x7b4918
06-22 17:53:09.132   142   173 V TransportControlView: Create TCV com.android.internal.widget.TransportControlView@418cff18
06-22 17:53:09.144   366  1610 D NfcService: NFC-C OFF, disconnect
06-22 17:53:09.168   212   212 D PhoneStatusBar: disable: < expand icons alerts ticker system_info back home RECENT* clock >
06-22 17:53:09.187    81   122 D AudioHardware: AudioHardware pcm playback is exiting standby.
06-22 17:53:09.187    81   122 D AudioHardware: openPcmOut_l() mPcmOpenCnt: 0
06-22 17:53:09.203   212   212 D PhoneStatusBar: disable: < expand icons alerts ticker system_info BACK* HOME* RECENT CLOCK* >
06-22 17:53:12.039   142   173 I power   : *** set_screen_state 1
06-22 17:53:12.113   142   173 I WindowManager: Lock screen displayed!
06-22 17:53:12.250    78   117 D SurfaceFlinger: Screen about to return, flinger = 0x7b4918
06-22 17:53:12.269   279   279 D wpa_supplicant: RTM_NEWLINK: operstate=1 ifi_flags=0x11043 ([UP][RUNNING][LOWER_UP])
06-22 17:53:12.269   279   279 D wpa_supplicant: RTM_NEWLINK, IFLA_IFNAME: Interface 'wlan0' added
06-22 17:53:12.269   279   279 D wpa_supplicant: Wireless event: cmd=0x8c00 len=20
06-22 17:53:12.297   279   279 D wpa_supplicant: wpa_driver_wext_driver_cmd RSSI len = 248
06-22 17:53:12.297   279   279 D wpa_supplicant: wpa_driver_wext_driver_cmd UB_Secure rssi -87  len = 19, 19
06-22 17:53:12.297   279   279 D wpa_supplicant: wpa_driver_wext_driver_cmd LINKSPEED len = 248
06-22 17:53:12.297   279   279 D wpa_supplicant: wpa_driver_wext_driver_cmd LinkSpeed 65 len = 12, 12
06-22 17:53:12.300   279   279 D wpa_supplicant: wpa_driver_wext_driver_cmd SETSUSPENDOPT 0 len = 4096
06-22 17:53:12.300   279   279 D wpa_supplicant: wpa_driver_wext_driver_cmd SETSUSPENDOPT 0 len = 0, 15
06-22 17:53:12.300   279   279 D wpa_supplicant: wpa_driver_wext_driver_cmd POWERMODE 0 len = 4096
06-22 17:53:12.300   279   279 D wpa_supplicant: wpa_driver_wext_driver_cmd OK len = 0, 2
06-22 17:53:12.343    81   122 D AudioHardware: AudioHardware pcm playback is going to standby.
06-22 17:53:12.343    81   122 D AudioHardware: closePcmOut_l() mPcmOpenCnt: 1
06-22 17:53:15.054   212   212 D PhoneStatusBar: disable: < expand icons alerts ticker system_info BACK HOME recent* CLOCK >
06-22 17:53:15.070   142   483 W InputManagerService: Window already focused, ignoring focus gain of: com.android.internal.view.IInputMethodClient$Stub$Proxy@416b92e0
06-22 17:53:15.074    81   122 D AudioHardware: AudioHardware pcm playback is exiting standby.
06-22 17:53:15.074    81   122 D AudioHardware: openPcmOut_l() mPcmOpenCnt: 0
06-22 17:53:15.082   212   212 D PhoneStatusBar: disable: < expand icons alerts ticker system_info back* home* recent clock* >
06-22 17:53:15.090   366  1612 D NfcService: NFC-C ON
06-22 17:53:15.304   279   279 D wpa_supplicant: wpa_driver_wext_driver_cmd RSSI len = 248
06-22 17:53:15.312   279   279 D wpa_supplicant: wpa_driver_wext_driver_cmd UB_Secure rssi -89  len = 19, 19
06-22 17:53:15.312   279   279 D wpa_supplicant: wpa_driver_wext_driver_cmd LINKSPEED len = 248
06-22 17:53:15.312   279   279 D wpa_supplicant: wpa_driver_wext_driver_cmd LinkSpeed 65 len = 12, 12
06-22 17:53:15.988   279   279 D wpa_supplicant: EAPOL: authWhile --> 0
06-22 17:53:18.238    81   122 D AudioHardware: AudioHardware pcm playback is going to standby.
06-22 17:53:18.238    81   122 D AudioHardware: closePcmOut_l() mPcmOpenCnt: 1
06-22 17:53:18.316   279   279 D wpa_supplicant: wpa_driver_wext_driver_cmd RSSI len = 248
06-22 17:53:18.324   279   279 D wpa_supplicant: wpa_driver_wext_driver_cmd UB_Secure rssi -91  len = 19, 19
06-22 17:53:18.324   279   279 D wpa_supplicant: wpa_driver_wext_driver_cmd LINKSPEED len = 248
06-22 17:53:18.328   279   279 D wpa_supplicant: wpa_driver_wext_driver_cmd LinkSpeed 65 len = 12, 12
06-22 17:53:21.336   279   279 D wpa_supplicant: wpa_driver_wext_driver_cmd RSSI len = 248
06-22 17:53:21.347   279   279 D wpa_supplicant: wpa_driver_wext_driver_cmd UB_Secure rssi -91  len = 19, 19
06-22 17:53:21.347   279   279 D wpa_supplicant: wpa_driver_wext_driver_cmd LINKSPEED len = 248
06-22 17:53:21.347   279   279 D wpa_supplicant: wpa_driver_wext_driver_cmd LinkSpeed 65 len = 12, 12
06-22 17:53:22.308   279   279 D wpa_supplicant: RTM_NEWLINK: operstate=1 ifi_flags=0x11043 ([UP][RUNNING][LOWER_UP])
06-22 17:53:22.308   279   279 D wpa_supplicant: RTM_NEWLINK, IFLA_IFNAME: Interface 'wlan0' added
06-22 17:53:22.308   279   279 D wpa_supplicant: Wireless event: cmd=0x8c00 len=20
06-22 17:53:23.679   279   279 D wpa_supplicant: RTM_NEWLINK: operstate=1 ifi_flags=0x11043 ([UP][RUNNING][LOWER_UP])
06-22 17:53:23.679   279   279 D wpa_supplicant: RTM_NEWLINK, IFLA_IFNAME: Interface 'wlan0' added
06-22 17:53:23.679   279   279 D wpa_supplicant: Wireless event: cmd=0x8c09 len=32
06-22 17:53:23.679   279   279 D wpa_supplicant: PMKID candidate wireless event: flags=0x0 index=0 bssid=d0:c2:82:66:66:f0
06-22 17:53:23.679   279   279 D wpa_supplicant: RSN: Ignored PMKID candidate without preauth flag
06-22 17:53:23.679   279   279 D wpa_supplicant: RTM_NEWLINK: operstate=1 ifi_flags=0x11043 ([UP][RUNNING][LOWER_UP])
06-22 17:53:23.679   279   279 D wpa_supplicant: RTM_NEWLINK, IFLA_IFNAME: Interface 'wlan0' added
06-22 17:53:23.679   279   279 D wpa_supplicant: Wireless event: cmd=0x8c09 len=32
06-22 17:53:23.679   279   279 D wpa_supplicant: PMKID candidate wireless event: flags=0x0 index=0 bssid=d0:c2:82:67:fa:70
06-22 17:53:23.679   279   279 D wpa_supplicant: RSN: Ignored PMKID candidate without preauth flag
06-22 17:53:23.679   279   279 D wpa_supplicant: RTM_NEWLINK: operstate=1 ifi_flags=0x11043 ([UP][RUNNING][LOWER_UP])
06-22 17:53:23.679   279   279 D wpa_supplicant: RTM_NEWLINK, IFLA_IFNAME: Interface 'wlan0' added
06-22 17:53:23.679   279   279 D wpa_supplicant: Wireless event: cmd=0x8c09 len=32
06-22 17:53:23.679   279   279 D wpa_supplicant: PMKID candidate wireless event: flags=0x0 index=0 bssid=d0:c2:82:66:67:30
06-22 17:53:23.679   279   279 D wpa_supplicant: RSN: Ignored PMKID candidate without preauth flag
06-22 17:53:23.679   279   279 D wpa_supplicant: RTM_NEWLINK: operstate=1 ifi_flags=0x11043 ([UP][RUNNING][LOWER_UP])
06-22 17:53:23.679   279   279 D wpa_supplicant: RTM_NEWLINK, IFLA_IFNAME: Interface 'wlan0' added
06-22 17:53:23.679   279   279 D wpa_supplicant: Wireless event: cmd=0x8c09 len=32
06-22 17:53:23.679   279   279 D wpa_supplicant: PMKID candidate wireless event: flags=0x0 index=0 bssid=d0:c2:82:7e:1e:b0
06-22 17:53:23.679   279   279 D wpa_supplicant: RSN: Ignored PMKID candidate without preauth flag
06-22 17:53:23.679   279   279 D wpa_supplicant: RTM_NEWLINK: operstate=1 ifi_flags=0x11043 ([UP][RUNNING][LOWER_UP])
06-22 17:53:23.679   279   279 D wpa_supplicant: RTM_NEWLINK, IFLA_IFNAME: Interface 'wlan0' added
06-22 17:53:23.679   279   279 D wpa_supplicant: Wireless event: cmd=0x8c09 len=32
06-22 17:53:23.679   279   279 D wpa_supplicant: PMKID candidate wireless event: flags=0x0 index=0 bssid=d0:c2:82:2d:da:c0
06-22 17:53:23.679   279   279 D wpa_supplicant: RSN: Ignored PMKID candidate without preauth flag
06-22 17:53:23.679   279   279 D wpa_supplicant: RTM_NEWLINK: operstate=1 ifi_flags=0x11043 ([UP][RUNNING][LOWER_UP])
06-22 17:53:23.679   279   279 D wpa_supplicant: RTM_NEWLINK, IFLA_IFNAME: Interface 'wlan0' added
06-22 17:53:23.679   279   279 D wpa_supplicant: Wireless event: cmd=0x8c09 len=32
06-22 17:53:23.679   279   279 D wpa_supplicant: PMKID candidate wireless event: flags=0x0 index=0 bssid=d0:c2:82:7e:30:a0
06-22 17:53:23.679   279   279 D wpa_supplicant: RSN: Ignored PMKID candidate without preauth flag
06-22 17:53:23.679   279   279 D wpa_supplicant: RTM_NEWLINK: operstate=1 ifi_flags=0x11043 ([UP][RUNNING][LOWER_UP])
06-22 17:53:23.679   279   279 D wpa_supplicant: RTM_NEWLINK, IFLA_IFNAME: Interface 'wlan0' added
06-22 17:53:23.679   279   279 D wpa_supplicant: Wireless event: cmd=0x8c09 len=32
06-22 17:53:23.679   279   279 D wpa_supplicant: PMKID candidate wireless event: flags=0x0 index=0 bssid=d0:c2:82:67:f8:70
06-22 17:53:23.679   279   279 D wpa_supplicant: RSN: Ignored PMKID candidate without preauth flag
06-22 17:53:23.679   279   279 D wpa_supplicant: RTM_NEWLINK: operstate=1 ifi_flags=0x11043 ([UP][RUNNING][LOWER_UP])
06-22 17:53:23.679   279   279 D wpa_supplicant: RTM_NEWLINK, IFLA_IFNAME: Interface 'wlan0' added
06-22 17:53:23.679   279   279 D wpa_supplicant: Wireless event: cmd=0x8c09 len=32
06-22 17:53:23.679   279   279 D wpa_supplicant: PMKID candidate wireless event: flags=0x0 index=0 bssid=d0:c2:82:67:f0:d0
06-22 17:53:23.699   279   279 D wpa_supplicant: RSN: Ignored PMKID candidate without preauth flag
06-22 17:53:23.699   279   279 D wpa_supplicant: RTM_NEWLINK: operstate=1 ifi_flags=0x11043 ([UP][RUNNING][LOWER_UP])
06-22 17:53:23.699   279   279 D wpa_supplicant: RTM_NEWLINK, IFLA_IFNAME: Interface 'wlan0' added
06-22 17:53:23.699   279   279 D wpa_supplicant: Wireless event: cmd=0x8b15 len=20
06-22 17:53:23.699   279   279 D wpa_supplicant: Wireless event: new AP: d0:c2:82:67:f0:d0
06-22 17:53:23.699   279   279 D wpa_supplicant: wpa_driver_wext_set_operstate: operstate 1->0 (DORMANT)
06-22 17:53:23.699   279   279 D wpa_supplicant: netlink: Operstate: linkmode=-1, operstate=5
06-22 17:53:23.722   279   279 D wpa_supplicant: wpa_driver_wext_set_key: alg=0 key_idx=0 set_tx=0 seq_len=0 key_len=0
06-22 17:53:23.726   279   279 D wpa_supplicant: wpa_driver_wext_set_key: alg=0 key_idx=1 set_tx=0 seq_len=0 key_len=0
06-22 17:53:23.726   279   279 D wpa_supplicant: wpa_driver_wext_set_key: alg=0 key_idx=2 set_tx=0 seq_len=0 key_len=0
06-22 17:53:23.726   279   279 D wpa_supplicant: wpa_driver_wext_set_key: alg=0 key_idx=3 set_tx=0 seq_len=0 key_len=0
06-22 17:53:23.730   279   279 D wpa_supplicant: wpa_driver_wext_set_key: alg=0 key_idx=0 set_tx=0 seq_len=0 key_len=0
06-22 17:53:23.730   279   279 I wpa_supplicant: wlan0: Associated with d0:c2:82:67:f0:d0
06-22 17:53:23.730   279   279 D wpa_supplicant: EAPOL: External notification - portEnabled=0
06-22 17:53:23.730   279   279 D wpa_supplicant: EAPOL: SUPP_PAE entering state DISCONNECTED
06-22 17:53:23.730   279   279 D wpa_supplicant: EAPOL: Supplicant port status: Unauthorized
06-22 17:53:23.730   279   279 D wpa_supplicant: EAPOL: SUPP_BE entering state INITIALIZE
06-22 17:53:23.730   279   279 D wpa_supplicant: EAP: EAP entering state DISABLED
06-22 17:53:23.730   279   279 D wpa_supplicant: EAPOL: Supplicant port status: Unauthorized
06-22 17:53:23.730   279   279 D wpa_supplicant: EAPOL: External notification - portValid=0
06-22 17:53:23.730   279   279 D wpa_supplicant: EAPOL: Supplicant port status: Unauthorized
06-22 17:53:23.730   279   279 D wpa_supplicant: EAPOL: External notification - portEnabled=1
06-22 17:53:23.730   279   279 D wpa_supplicant: EAPOL: SUPP_PAE entering state CONNECTING
06-22 17:53:23.730   279   279 D wpa_supplicant: EAPOL: SUPP_BE entering state IDLE
06-22 17:53:23.730   279   279 D wpa_supplicant: EAP: EAP entering state INITIALIZE
06-22 17:53:23.730   279   279 D wpa_supplicant: EAP: deinitialize previously used EAP method (25, PEAP) at INITIALIZE
06-22 17:53:23.730   279   279 D wpa_supplicant: EAP: EAP entering state IDLE
06-22 17:53:23.738   279   279 D wpa_supplicant: RTM_NEWLINK: operstate=0 ifi_flags=0x11043 ([UP][RUNNING][LOWER_UP])
06-22 17:53:23.738   279   279 D wpa_supplicant: RTM_NEWLINK, IFLA_IFNAME: Interface 'wlan0' added
06-22 17:53:23.738   279   279 D wpa_supplicant: Wireless event: cmd=0x8c00 len=20
06-22 17:53:23.738   279   279 D wpa_supplicant: EAPOL: Received EAP-Packet frame
06-22 17:53:23.738   279   279 D wpa_supplicant: EAPOL: SUPP_PAE entering state RESTART
06-22 17:53:23.738   279   279 D wpa_supplicant: EAP: EAP entering state INITIALIZE
06-22 17:53:23.738   279   279 D wpa_supplicant: EAP: EAP entering state IDLE
06-22 17:53:23.738   279   279 D wpa_supplicant: EAPOL: SUPP_PAE entering state AUTHENTICATING
06-22 17:53:23.738   279   279 D wpa_supplicant: EAPOL: SUPP_BE entering state REQUEST
06-22 17:53:23.738   279   279 D wpa_supplicant: EAPOL: getSuppRsp
06-22 17:53:23.738   279   279 D wpa_supplicant: EAP: EAP entering state RECEIVED
06-22 17:53:23.738   279   279 D wpa_supplicant: EAP: Received EAP-Request id=1 method=1 vendor=0 vendorMethod=0
06-22 17:53:23.738   279   279 D wpa_supplicant: EAP: EAP entering state IDENTITY
06-22 17:53:23.738   279   279 I wpa_supplicant: wlan0: CTRL-EVENT-EAP-STARTED EAP authentication started
06-22 17:53:23.738   279   279 D wpa_supplicant: EAP: EAP entering state SEND_RESPONSE
06-22 17:53:23.738   279   279 D wpa_supplicant: EAP: EAP entering state IDLE
06-22 17:53:23.738   279   279 D wpa_supplicant: EAPOL: SUPP_BE entering state RESPONSE
06-22 17:53:23.738   279   279 D wpa_supplicant: EAPOL: txSuppRsp
06-22 17:53:23.738   279   279 D wpa_supplicant: TX EAPOL: dst=d0:c2:82:67:f0:d0
06-22 17:53:23.742   279   279 D wpa_supplicant: EAPOL: SUPP_BE entering state RECEIVE
06-22 17:53:23.742   279   279 D wpa_supplicant: RTM_NEWLINK: operstate=0 ifi_flags=0x11003 ([UP][LOWER_UP])
06-22 17:53:23.742   279   279 D wpa_supplicant: RTM_NEWLINK, IFLA_IFNAME: Interface 'wlan0' added
06-22 17:53:23.742   279   279 D wpa_supplicant: RTM_NEWLINK: operstate=0 ifi_flags=0x11003 ([UP][LOWER_UP])
06-22 17:53:23.742   279   279 D wpa_supplicant: RTM_NEWLINK, IFLA_IFNAME: Interface 'wlan0' added
06-22 17:53:23.742   279   279 D wpa_supplicant: Wireless event: cmd=0x8c00 len=20
06-22 17:53:23.742   279   279 D wpa_supplicant: EAPOL: Received EAP-Packet frame
06-22 17:53:23.742   279   279 D wpa_supplicant: EAPOL: SUPP_BE entering state REQUEST
06-22 17:53:23.742   279   279 D wpa_supplicant: EAPOL: getSuppRsp
06-22 17:53:23.742   279   279 D wpa_supplicant: EAP: EAP entering state RECEIVED
06-22 17:53:23.742   279   279 D wpa_supplicant: EAP: Received EAP-Request id=2 method=4 vendor=0 vendorMethod=0
06-22 17:53:23.742   279   279 D wpa_supplicant: EAP: EAP entering state GET_METHOD
06-22 17:53:23.742   279   279 D wpa_supplicant: EAP: configuration does not allow: vendor 0 method 4
06-22 17:53:23.742   279   279 D wpa_supplicant: EAP: vendor 0 method 4 not allowed
06-22 17:53:23.742   279   279 I wpa_supplicant: wlan0: CTRL-EVENT-EAP-PROPOSED-METHOD vendor=0 method=4 -> NAK
06-22 17:53:23.742   279   279 D wpa_supplicant: EAP: Building EAP-Nak (requested type 4 vendor=0 method=0 not allowed)
06-22 17:53:23.742   279   279 D wpa_supplicant: EAP: EAP entering state SEND_RESPONSE
06-22 17:53:23.742   279   279 D wpa_supplicant: EAP: EAP entering state IDLE
06-22 17:53:23.742   279   279 D wpa_supplicant: EAPOL: SUPP_BE entering state RESPONSE
06-22 17:53:23.742   279   279 D wpa_supplicant: EAPOL: txSuppRsp
06-22 17:53:23.742   279   279 D wpa_supplicant: TX EAPOL: dst=d0:c2:82:67:f0:d0
06-22 17:53:23.742   279   279 D wpa_supplicant: EAPOL: SUPP_BE entering state RECEIVE
06-22 17:53:23.746   279   279 D wpa_supplicant: RTM_NEWLINK: operstate=0 ifi_flags=0x11003 ([UP][LOWER_UP])
06-22 17:53:23.746   279   279 D wpa_supplicant: RTM_NEWLINK, IFLA_IFNAME: Interface 'wlan0' added
06-22 17:53:23.746   279   279 D wpa_supplicant: Wireless event: cmd=0x8c03 len=20
06-22 17:53:23.746   279   279 D wpa_supplicant: EAPOL: Received EAP-Packet frame
06-22 17:53:23.746   279   279 D wpa_supplicant: EAPOL: SUPP_BE entering state REQUEST
06-22 17:53:23.746   279   279 D wpa_supplicant: EAPOL: getSuppRsp
06-22 17:53:23.746   279   279 D wpa_supplicant: EAP: EAP entering state RECEIVED
06-22 17:53:23.746   279   279 D wpa_supplicant: EAP: Received EAP-Request id=3 method=25 vendor=0 vendorMethod=0
06-22 17:53:23.746   279   279 D wpa_supplicant: EAP: EAP entering state GET_METHOD
06-22 17:53:23.746   279   279 I wpa_supplicant: wlan0: CTRL-EVENT-EAP-PROPOSED-METHOD vendor=0 method=25
06-22 17:53:23.750   279   279 D wpa_supplicant: EAP: Initialize selected EAP method: vendor 0 method 25 (PEAP)
06-22 17:53:23.750   279   279 D wpa_supplicant: TLS: using phase1 config options
06-22 17:53:23.750   279   279 I wpa_supplicant: wlan0: CTRL-EVENT-EAP-METHOD EAP vendor 0 method 25 (PEAP) selected
06-22 17:53:23.750   279   279 D wpa_supplicant: EAP: EAP entering state METHOD
06-22 17:53:23.750   279   279 D wpa_supplicant: SSL: Received packet(len=6) - Flags 0x20
06-22 17:53:23.750   279   279 D wpa_supplicant: EAP-PEAP: Start (server ver=0, own ver=1)
06-22 17:53:23.750   279   279 D wpa_supplicant: EAP-PEAP: Using PEAP version 0
06-22 17:53:23.750   279   279 D wpa_supplicant: SSL: (where=0x10 ret=0x1)
06-22 17:53:23.750   279   279 D wpa_supplicant: SSL: (where=0x1001 ret=0x1)
06-22 17:53:23.750   279   279 D wpa_supplicant: SSL: SSL_connect:before/connect initialization
06-22 17:53:23.750   279   279 D wpa_supplicant: SSL: (where=0x1001 ret=0x1)
06-22 17:53:23.750   279   279 D wpa_supplicant: SSL: SSL_connect:SSLv3 write client hello A
06-22 17:53:23.750   279   279 D wpa_supplicant: SSL: (where=0x1002 ret=0xffffffff)
06-22 17:53:23.750   279   279 D wpa_supplicant: SSL: SSL_connect:error in SSLv3 read server hello A
06-22 17:53:23.750   279   279 D wpa_supplicant: SSL: SSL_connect - want more data
06-22 17:53:23.750   279   279 D wpa_supplicant: SSL: 190 bytes pending from ssl_out
06-22 17:53:23.750   279   279 D wpa_supplicant: SSL: 190 bytes left to be sent out (of total 190 bytes)
06-22 17:53:23.750   279   279 D wpa_supplicant: EAP: method process -> ignore=FALSE methodState=MAY_CONT decision=FAIL
06-22 17:53:23.750   279   279 D wpa_supplicant: EAP: EAP entering state SEND_RESPONSE
06-22 17:53:23.750   279   279 D wpa_supplicant: EAP: EAP entering state IDLE
06-22 17:53:23.750   279   279 D wpa_supplicant: EAPOL: SUPP_BE entering state RESPONSE
06-22 17:53:23.750   279   279 D wpa_supplicant: EAPOL: txSuppRsp
06-22 17:53:23.750   279   279 D wpa_supplicant: TX EAPOL: dst=d0:c2:82:67:f0:d0
06-22 17:53:23.750   279   279 D wpa_supplicant: EAPOL: SUPP_BE entering state RECEIVE
06-22 17:53:23.797   279   279 D wpa_supplicant: EAPOL: Received EAP-Packet frame
06-22 17:53:23.797   279   279 D wpa_supplicant: EAPOL: SUPP_BE entering state REQUEST
06-22 17:53:23.797   279   279 D wpa_supplicant: EAPOL: getSuppRsp
06-22 17:53:23.797   279   279 D wpa_supplicant: EAP: EAP entering state RECEIVED
06-22 17:53:23.797   279   279 D wpa_supplicant: EAP: Received EAP-Request id=4 method=25 vendor=0 vendorMethod=0
06-22 17:53:23.797   279   279 D wpa_supplicant: EAP: EAP entering state METHOD
06-22 17:53:23.797   279   279 D wpa_supplicant: SSL: Received packet(len=1024) - Flags 0xc0
06-22 17:53:23.797   279   279 D wpa_supplicant: SSL: TLS Message Length: 4310
06-22 17:53:23.797   279   279 D wpa_supplicant: SSL: Need 3296 bytes more input data
06-22 17:53:23.797   279   279 D wpa_supplicant: SSL: Building ACK (type=25 id=4 ver=0)
06-22 17:53:23.797   279   279 D wpa_supplicant: EAP: method process -> ignore=FALSE methodState=MAY_CONT decision=FAIL
06-22 17:53:23.797   279   279 D wpa_supplicant: EAP: EAP entering state SEND_RESPONSE
06-22 17:53:23.797   279   279 D wpa_supplicant: EAP: EAP entering state IDLE
06-22 17:53:23.797   279   279 D wpa_supplicant: EAPOL: SUPP_BE entering state RESPONSE
06-22 17:53:23.797   279   279 D wpa_supplicant: EAPOL: txSuppRsp
06-22 17:53:23.797   279   279 D wpa_supplicant: TX EAPOL: dst=d0:c2:82:67:f0:d0
06-22 17:53:23.797   279   279 D wpa_supplicant: EAPOL: SUPP_BE entering state RECEIVE
06-22 17:53:23.800   279   279 D wpa_supplicant: EAPOL: Received EAP-Packet frame
06-22 17:53:23.800   279   279 D wpa_supplicant: EAPOL: SUPP_BE entering state REQUEST
06-22 17:53:23.800   279   279 D wpa_supplicant: EAPOL: getSuppRsp
06-22 17:53:23.800   279   279 D wpa_supplicant: EAP: EAP entering state RECEIVED
06-22 17:53:23.800   279   279 D wpa_supplicant: EAP: Received EAP-Request id=5 method=25 vendor=0 vendorMethod=0
06-22 17:53:23.800   279   279 D wpa_supplicant: EAP: EAP entering state METHOD
06-22 17:53:23.800   279   279 D wpa_supplicant: SSL: Received packet(len=1020) - Flags 0x40
06-22 17:53:23.800   279   279 D wpa_supplicant: SSL: Need 2282 bytes more input data
06-22 17:53:23.800   279   279 D wpa_supplicant: SSL: Building ACK (type=25 id=5 ver=0)
06-22 17:53:23.800   279   279 D wpa_supplicant: EAP: method process -> ignore=FALSE methodState=MAY_CONT decision=FAIL
06-22 17:53:23.800   279   279 D wpa_supplicant: EAP: EAP entering state SEND_RESPONSE
06-22 17:53:23.800   279   279 D wpa_supplicant: EAP: EAP entering state IDLE
06-22 17:53:23.800   279   279 D wpa_supplicant: EAPOL: SUPP_BE entering state RESPONSE
06-22 17:53:23.800   279   279 D wpa_supplicant: EAPOL: txSuppRsp
06-22 17:53:23.800   279   279 D wpa_supplicant: TX EAPOL: dst=d0:c2:82:67:f0:d0
06-22 17:53:23.800   279   279 D wpa_supplicant: EAPOL: SUPP_BE entering state RECEIVE
06-22 17:53:23.804   279   279 D wpa_supplicant: EAPOL: Received EAP-Packet frame
06-22 17:53:23.804   279   279 D wpa_supplicant: EAPOL: SUPP_BE entering state REQUEST
06-22 17:53:23.804   279   279 D wpa_supplicant: EAPOL: getSuppRsp
06-22 17:53:23.804   279   279 D wpa_supplicant: EAP: EAP entering state RECEIVED
06-22 17:53:23.804   279   279 D wpa_supplicant: EAP: Received EAP-Request id=6 method=25 vendor=0 vendorMethod=0
06-22 17:53:23.804   279   279 D wpa_supplicant: EAP: EAP entering state METHOD
06-22 17:53:23.804   279   279 D wpa_supplicant: SSL: Received packet(len=1020) - Flags 0x40
06-22 17:53:23.804   279   279 D wpa_supplicant: SSL: Need 1268 bytes more input data
06-22 17:53:23.804   279   279 D wpa_supplicant: SSL: Building ACK (type=25 id=6 ver=0)
06-22 17:53:23.804   279   279 D wpa_supplicant: EAP: method process -> ignore=FALSE methodState=MAY_CONT decision=FAIL
06-22 17:53:23.804   279   279 D wpa_supplicant: EAP: EAP entering state SEND_RESPONSE
06-22 17:53:23.804   279   279 D wpa_supplicant: EAP: EAP entering state IDLE
06-22 17:53:23.804   279   279 D wpa_supplicant: EAPOL: SUPP_BE entering state RESPONSE
06-22 17:53:23.804   279   279 D wpa_supplicant: EAPOL: txSuppRsp
06-22 17:53:23.804   279   279 D wpa_supplicant: TX EAPOL: dst=d0:c2:82:67:f0:d0
06-22 17:53:23.804   279   279 D wpa_supplicant: EAPOL: SUPP_BE entering state RECEIVE
06-22 17:53:23.808   279   279 D wpa_supplicant: EAPOL: Received EAP-Packet frame
06-22 17:53:23.808   279   279 D wpa_supplicant: EAPOL: SUPP_BE entering state REQUEST
06-22 17:53:23.808   279   279 D wpa_supplicant: EAPOL: getSuppRsp
06-22 17:53:23.808   279   279 D wpa_supplicant: EAP: EAP entering state RECEIVED
06-22 17:53:23.808   279   279 D wpa_supplicant: EAP: Received EAP-Request id=7 method=25 vendor=0 vendorMethod=0
06-22 17:53:23.808   279   279 D wpa_supplicant: EAP: EAP entering state METHOD
06-22 17:53:23.808   279   279 D wpa_supplicant: SSL: Received packet(len=1020) - Flags 0x40
06-22 17:53:23.808   279   279 D wpa_supplicant: SSL: Need 254 bytes more input data
06-22 17:53:23.808   279   279 D wpa_supplicant: SSL: Building ACK (type=25 id=7 ver=0)
06-22 17:53:23.808   279   279 D wpa_supplicant: EAP: method process -> ignore=FALSE methodState=MAY_CONT decision=FAIL
06-22 17:53:23.808   279   279 D wpa_supplicant: EAP: EAP entering state SEND_RESPONSE
06-22 17:53:23.808   279   279 D wpa_supplicant: EAP: EAP entering state IDLE
06-22 17:53:23.808   279   279 D wpa_supplicant: EAPOL: SUPP_BE entering state RESPONSE
06-22 17:53:23.808   279   279 D wpa_supplicant: EAPOL: txSuppRsp
06-22 17:53:23.808   279   279 D wpa_supplicant: TX EAPOL: dst=d0:c2:82:67:f0:d0
06-22 17:53:23.808   279   279 D wpa_supplicant: EAPOL: SUPP_BE entering state RECEIVE
06-22 17:53:23.812   279   279 D wpa_supplicant: EAPOL: Received EAP-Packet frame
06-22 17:53:23.812   279   279 D wpa_supplicant: EAPOL: SUPP_BE entering state REQUEST
06-22 17:53:23.812   279   279 D wpa_supplicant: EAPOL: getSuppRsp
06-22 17:53:23.812   279   279 D wpa_supplicant: EAP: EAP entering state RECEIVED
06-22 17:53:23.812   279   279 D wpa_supplicant: EAP: Received EAP-Request id=8 method=25 vendor=0 vendorMethod=0
06-22 17:53:23.812   279   279 D wpa_supplicant: EAP: EAP entering state METHOD
06-22 17:53:23.812   279   279 D wpa_supplicant: SSL: Received packet(len=260) - Flags 0x00
06-22 17:53:23.812   279   279 D wpa_supplicant: SSL: (where=0x1001 ret=0x1)
06-22 17:53:23.812   279   279 D wpa_supplicant: SSL: SSL_connect:SSLv3 read server hello A
06-22 17:53:23.816   279   279 D wpa_supplicant: TLS: tls_verify_cb - preverify_ok=1 err=19 (self signed certificate in certificate chain) ca_cert_verify=0 depth=2 buf='/C=US/O=Entrust.net/OU=www.entrust.net/CPS incorp. by ref. (limits liab.)/OU=(c) 1999 Entrust.net Limited/CN=Entrust.net Secure Server Certification Authority'
06-22 17:53:23.816   279   279 I wpa_supplicant: wlan0: CTRL-EVENT-EAP-PEER-CERT depth=2 subject='/C=US/O=Entrust.net/OU=www.entrust.net/CPS incorp. by ref. (limits liab.)/OU=(c) 1999 Entrust.net Limited/CN=Entrust.net Secure Server Certification Authority'
06-22 17:53:23.816   279   279 D wpa_supplicant: TLS: tls_verify_cb - preverify_ok=1 err=19 (self signed certificate in certificate chain) ca_cert_verify=0 depth=2 buf='/C=US/O=Entrust.net/OU=www.entrust.net/CPS incorp. by ref. (limits liab.)/OU=(c) 1999 Entrust.net Limited/CN=Entrust.net Secure Server Certification Authority'
06-22 17:53:23.816   279   279 I wpa_supplicant: wlan0: CTRL-EVENT-EAP-PEER-CERT depth=2 subject='/C=US/O=Entrust.net/OU=www.entrust.net/CPS incorp. by ref. (limits liab.)/OU=(c) 1999 Entrust.net Limited/CN=Entrust.net Secure Server Certification Authority'
06-22 17:53:23.816   279   279 D wpa_supplicant: TLS: tls_verify_cb - preverify_ok=1 err=19 (self signed certificate in certificate chain) ca_cert_verify=0 depth=1 buf='/C=US/ST=UT/L=Salt Lake City/O=The USERTRUST Network/CN=USERTrust Legacy Secure Server CA'
06-22 17:53:23.816   279   279 I wpa_supplicant: wlan0: CTRL-EVENT-EAP-PEER-CERT depth=1 subject='/C=US/ST=UT/L=Salt Lake City/O=The USERTRUST Network/CN=USERTrust Legacy Secure Server CA'
06-22 17:53:23.820   279   279 D wpa_supplicant: TLS: tls_verify_cb - preverify_ok=1 err=19 (self signed certificate in certificate chain) ca_cert_verify=0 depth=0 buf='/C=US/postalCode=14260/ST=New York/L=Buffalo/street=305 Computing Center/O=SUNY AT BUFFALO/OU=Issued through UNIVERSITY AT BUFFALO E-PKI Manager/OU=Comodo PremiumSSL Legacy/CN=radius2.cit.buffalo.edu'
06-22 17:53:23.820   279   279 I wpa_supplicant: wlan0: CTRL-EVENT-EAP-PEER-CERT depth=0 subject='/C=US/postalCode=14260/ST=New York/L=Buffalo/street=305 Computing Center/O=SUNY AT BUFFALO/OU=Issued through UNIVERSITY AT BUFFALO E-PKI Manager/OU=Comodo PremiumSSL Legacy/CN=radius2.cit.buffalo.edu'
06-22 17:53:23.820   279   279 D wpa_supplicant: SSL: (where=0x1001 ret=0x1)
06-22 17:53:23.820   279   279 D wpa_supplicant: SSL: SSL_connect:SSLv3 read server certificate A
06-22 17:53:23.820   279   279 D wpa_supplicant: SSL: (where=0x1001 ret=0x1)
06-22 17:53:23.820   279   279 D wpa_supplicant: SSL: SSL_connect:SSLv3 read server key exchange A
06-22 17:53:23.820   279   279 D wpa_supplicant: SSL: (where=0x1001 ret=0x1)
06-22 17:53:23.820   279   279 D wpa_supplicant: SSL: SSL_connect:SSLv3 read server done A
06-22 17:53:23.859   279   279 D wpa_supplicant: SSL: (where=0x1001 ret=0x1)
06-22 17:53:23.859   279   279 D wpa_supplicant: SSL: SSL_connect:SSLv3 write client key exchange A
06-22 17:53:23.859   279   279 D wpa_supplicant: SSL: (where=0x1001 ret=0x1)
06-22 17:53:23.859   279   279 D wpa_supplicant: SSL: SSL_connect:SSLv3 write change cipher spec A
06-22 17:53:23.859   279   279 D wpa_supplicant: SSL: (where=0x1001 ret=0x1)
06-22 17:53:23.859   279   279 D wpa_supplicant: SSL: SSL_connect:SSLv3 write finished A
06-22 17:53:23.859   279   279 D wpa_supplicant: SSL: (where=0x1001 ret=0x1)
06-22 17:53:23.859   279   279 D wpa_supplicant: SSL: SSL_connect:SSLv3 flush data
06-22 17:53:23.859   279   279 D wpa_supplicant: SSL: (where=0x1002 ret=0xffffffff)
06-22 17:53:23.859   279   279 D wpa_supplicant: SSL: SSL_connect:error in SSLv3 read server session ticket A
06-22 17:53:23.859   279   279 D wpa_supplicant: SSL: SSL_connect - want more data
06-22 17:53:23.859   279   279 D wpa_supplicant: SSL: 134 bytes pending from ssl_out
06-22 17:53:23.859   279   279 D wpa_supplicant: SSL: 134 bytes left to be sent out (of total 134 bytes)
06-22 17:53:23.859   279   279 D wpa_supplicant: EAP: method process -> ignore=FALSE methodState=MAY_CONT decision=FAIL
06-22 17:53:23.859   279   279 D wpa_supplicant: EAP: EAP entering state SEND_RESPONSE
06-22 17:53:23.859   279   279 D wpa_supplicant: EAP: EAP entering state IDLE
06-22 17:53:23.859   279   279 D wpa_supplicant: EAPOL: SUPP_BE entering state RESPONSE
06-22 17:53:23.859   279   279 D wpa_supplicant: EAPOL: txSuppRsp
06-22 17:53:23.859   279   279 D wpa_supplicant: TX EAPOL: dst=d0:c2:82:67:f0:d0
06-22 17:53:23.871   279   279 D wpa_supplicant: EAPOL: SUPP_BE entering state RECEIVE
06-22 17:53:23.871   279   279 D wpa_supplicant: EAPOL: Received EAP-Packet frame
06-22 17:53:23.871   279   279 D wpa_supplicant: EAPOL: SUPP_BE entering state REQUEST
06-22 17:53:23.871   279   279 D wpa_supplicant: EAPOL: getSuppRsp
06-22 17:53:23.871   279   279 D wpa_supplicant: EAP: EAP entering state RECEIVED
06-22 17:53:23.871   279   279 D wpa_supplicant: EAP: Received EAP-Request id=9 method=25 vendor=0 vendorMethod=0
06-22 17:53:23.871   279   279 D wpa_supplicant: EAP: EAP entering state METHOD
06-22 17:53:23.871   279   279 D wpa_supplicant: SSL: Received packet(len=240) - Flags 0x00
06-22 17:53:23.871   279   279 D wpa_supplicant: SSL: (where=0x1001 ret=0x1)
06-22 17:53:23.871   279   279 D wpa_supplicant: SSL: SSL_connect:SSLv3 read server session ticket A
06-22 17:53:23.871   279   279 D wpa_supplicant: SSL: (where=0x1001 ret=0x1)
06-22 17:53:23.871   279   279 D wpa_supplicant: SSL: SSL_connect:SSLv3 read finished A
06-22 17:53:23.871   279   279 D wpa_supplicant: SSL: (where=0x20 ret=0x1)
06-22 17:53:23.871   279   279 D wpa_supplicant: SSL: (where=0x1002 ret=0x1)
06-22 17:53:23.871   279   279 D wpa_supplicant: SSL: 0 bytes pending from ssl_out
06-22 17:53:23.871   279   279 D wpa_supplicant: SSL: No Application Data included
06-22 17:53:23.871   279   279 D wpa_supplicant: SSL: No data to be sent out
06-22 17:53:23.871   279   279 D wpa_supplicant: EAP-PEAP: TLS done, proceed to Phase 2
06-22 17:53:23.871   279   279 D wpa_supplicant: EAP-PEAP: using label 'client EAP encryption' in key derivation
06-22 17:53:23.871   279   279 D wpa_supplicant: SSL: Building ACK (type=25 id=9 ver=0)
06-22 17:53:23.871   279   279 D wpa_supplicant: EAP: method process -> ignore=FALSE methodState=MAY_CONT decision=FAIL
06-22 17:53:23.871   279   279 D wpa_supplicant: EAP: EAP entering state SEND_RESPONSE
06-22 17:53:23.871   279   279 D wpa_supplicant: EAP: EAP entering state IDLE
06-22 17:53:23.871   279   279 D wpa_supplicant: EAPOL: SUPP_BE entering state RESPONSE
06-22 17:53:23.871   279   279 D wpa_supplicant: EAPOL: txSuppRsp
06-22 17:53:23.871   279   279 D wpa_supplicant: TX EAPOL: dst=d0:c2:82:67:f0:d0
06-22 17:53:23.871   279   279 D wpa_supplicant: EAPOL: SUPP_BE entering state RECEIVE
06-22 17:53:23.875   279   279 D wpa_supplicant: EAPOL: Received EAP-Packet frame
06-22 17:53:23.875   279   279 D wpa_supplicant: EAPOL: SUPP_BE entering state REQUEST
06-22 17:53:23.875   279   279 D wpa_supplicant: EAPOL: getSuppRsp
06-22 17:53:23.875   279   279 D wpa_supplicant: EAP: EAP entering state RECEIVED
06-22 17:53:23.875   279   279 D wpa_supplicant: EAP: Received EAP-Request id=10 method=25 vendor=0 vendorMethod=0
06-22 17:53:23.875   279   279 D wpa_supplicant: EAP: EAP entering state METHOD
06-22 17:53:23.875   279   279 D wpa_supplicant: SSL: Received packet(len=43) - Flags 0x00
06-22 17:53:23.875   279   279 D wpa_supplicant: EAP-PEAP: received 37 bytes encrypted data for Phase 2
06-22 17:53:23.875   279   279 D wpa_supplicant: EAP-PEAP: received Phase 2: code=1 identifier=10 length=5
06-22 17:53:23.875   279   279 D wpa_supplicant: EAP-PEAP: Phase 2 Request: type=1
06-22 17:53:23.875   279   279 D wpa_supplicant: SSL: 74 bytes left to be sent out (of total 74 bytes)
