07-10 10:54:08.264  4309  4312 D dalvikvm: GC_CONCURRENT freed 818K, 8% free 11896K/12807K, paused 2ms+5ms
07-10 10:54:08.409  4309  4309 D Finsky  : [1] DetailsDataBasedFragment.rebindViews: Page [class=DetailsFragment] loaded in [2344 ms] (partial? true)
07-10 10:54:08.452    81   124 D AudioHardware: AudioHardware pcm playback is going to standby.
07-10 10:54:08.452    81   124 D AudioHardware: closePcmOut_l() mPcmOpenCnt: 1
07-10 10:54:08.456  4309  4309 D Finsky  : [1] DownloadQueueImpl.onStart: self-update-download: onStart
07-10 10:54:08.534   157   173 I Process : Sending signal. PID: 4309 SIG: 3
07-10 10:54:08.534  4309  4314 I dalvikvm: threadid=3: reacting to signal 3
07-10 10:54:08.569  4309  4314 I dalvikvm: Wrote stack traces to '/data/anr/traces.txt'
07-10 10:54:08.616  4309  4312 D dalvikvm: GC_CONCURRENT freed 953K, 9% free 11812K/12871K, paused 2ms+7ms
07-10 10:54:08.679  4309  4309 D Finsky  : [1] MainActivity.initializeBilling: Optimistically initializing billing parameters.
07-10 10:54:08.991   157   187 I ActivityManager: Displayed com.android.vending/.AssetBrowserActivity: +3s575ms (total +6s593ms)
07-10 10:54:09.616   542   545 D dalvikvm: GC_CONCURRENT freed 354K, 9% free 9327K/10247K, paused 8ms+3ms
07-10 10:54:10.421   157   174 I ActivityManager: Start proc edu.umich.PowerTutor for service edu.umich.PowerTutor/.service.UMLoggerService: pid=4354 uid=10057 gids={3003, 1015}
07-10 10:54:10.456  4354  4354 I dalvikvm: Turning on JNI app bug workarounds for target SDK version 3...
07-10 10:54:10.472    79    79 D dalvikvm: GC_EXPLICIT freed 37K, 4% free 9031K/9347K, paused 2ms+7ms
07-10 10:54:10.534  4354  4354 W PhoneSelector: Phone type not recognized (crespo4g), using Dream constants
07-10 10:54:10.542  4354  4354 W PhoneSelector: Phone type not recognized (crespo4g), using Dream calculator
07-10 10:54:10.557    79    79 D dalvikvm: GC_EXPLICIT freed <1K, 4% free 9031K/9347K, paused 2ms+6ms
07-10 10:54:10.604  4354  4368 I LogUploader: Sending log data
07-10 10:54:10.628    79    79 D dalvikvm: GC_EXPLICIT freed <1K, 4% free 9031K/9347K, paused 5ms+2ms
07-10 10:54:10.667   227   229 D dalvikvm: GC_CONCURRENT freed 256K, 35% free 10501K/15943K, paused 1ms+3ms
07-10 10:54:10.819   157   355 I ActivityManager: START {act=android.intent.action.MAIN cat=[android.intent.category.LAUNCHER] flg=0x10000000 pkg=edu.umich.PowerTutor cmp=edu.umich.PowerTutor/.ui.UMLogger} from pid 4309
07-10 10:54:10.878    81   124 D AudioHardware: AudioHardware pcm playback is exiting standby.
07-10 10:54:10.878    81   124 D AudioHardware: openPcmOut_l() mPcmOpenCnt: 0
07-10 10:54:10.975   227   229 D dalvikvm: GC_CONCURRENT freed 565K, 35% free 10377K/15943K, paused 6ms+39ms
07-10 10:54:11.046  4354  4354 D dalvikvm: GC_FOR_ALLOC freed 172K, 3% free 9166K/9415K, paused 114ms
07-10 10:54:11.057  4354  4354 I dalvikvm-heap: Grow heap (frag case) to 10.485MB for 1536016-byte allocation
07-10 10:54:11.124  4354  4357 D dalvikvm: GC_CONCURRENT freed 1K, 3% free 10664K/10951K, paused 1ms+3ms
07-10 10:54:11.167   157   159 D dalvikvm: GC_CONCURRENT freed 844K, 17% free 12930K/15495K, paused 6ms+22ms
07-10 10:54:11.237  4309  4309 D OpenGLRenderer: Flushing caches (mode 1)
07-10 10:54:11.261   227   227 V PhoneStatusBar: setLightsOn(true)
07-10 10:54:11.350   157   187 I ActivityManager: Displayed edu.umich.PowerTutor/.ui.UMLogger: +475ms
07-10 10:54:11.389  4309  4309 D OpenGLRenderer: Flushing caches (mode 0)
07-10 10:54:13.159  4309  4309 D Finsky  : [1] DownloadQueueImpl.notifyProgress: self-update-download: onProgress 5322241/5322241 Status: 200.
07-10 10:54:13.182  4309  4309 D Finsky  : [1] DownloadBroadcastReceiver.onReceive: Intent received at DownloadBroadcastReceiver
07-10 10:54:13.214  4309  4309 D Finsky  : [1] DownloadImpl.setState: self-update-download from DOWNLOADING to SUCCESS.
07-10 10:54:13.218  4309  4309 D Finsky  : [1] DownloadQueueImpl.onComplete: self-update-download: onComplete
07-10 10:54:13.222  4309  4309 D Finsky  : [1] DownloadQueueImpl.remove: Download self-update-download removed from DownloadQueue
07-10 10:54:13.222    83    83 I installd: free_cache(0) avail 910454784
07-10 10:54:13.225  4309  4309 D Finsky  : [1] SelfUpdateScheduler.onComplete: Self-update ready to be installed, waiting for market to close.
07-10 10:54:13.917  4309  4309 D Finsky  : [1] 1.run: Referrer for edu.umich.PowerTutor cleared
07-10 10:54:13.968    81   124 D AudioHardware: AudioHardware pcm playback is going to standby.
07-10 10:54:13.968    81   124 D AudioHardware: closePcmOut_l() mPcmOpenCnt: 1
07-10 10:54:14.917   157   407 I ActivityManager: START {cmp=edu.umich.PowerTutor/.ui.PowerTabs} from pid 4354
07-10 10:54:14.929    81   124 D AudioHardware: AudioHardware pcm playback is exiting standby.
07-10 10:54:14.929    81   124 D AudioHardware: openPcmOut_l() mPcmOpenCnt: 0
07-10 10:54:15.034  4354  4354 W PhoneSelector: Phone type not recognized (crespo4g), using Dream constants
07-10 10:54:15.136  4354  4354 D AndroidRuntime: Shutting down VM
07-10 10:54:15.136  4354  4354 W dalvikvm: threadid=1: thread exiting with uncaught exception (group=0x40a291f8)
07-10 10:54:15.139  4354  4354 E AndroidRuntime: FATAL EXCEPTION: main
07-10 10:54:15.139  4354  4354 E AndroidRuntime: java.lang.NullPointerException
07-10 10:54:15.139  4354  4354 E AndroidRuntime: 	at edu.umich.PowerTutor.ui.PowerViewer.refreshView(Unknown Source)
07-10 10:54:15.139  4354  4354 E AndroidRuntime: 	at edu.umich.PowerTutor.ui.PowerViewer$CounterServiceConnection.onServiceConnected(Unknown Source)
07-10 10:54:15.139  4354  4354 E AndroidRuntime: 	at android.app.LoadedApk$ServiceDispatcher.doConnected(LoadedApk.java:1068)
07-10 10:54:15.139  4354  4354 E AndroidRuntime: 	at android.app.LoadedApk$ServiceDispatcher$RunConnection.run(LoadedApk.java:1085)
07-10 10:54:15.139  4354  4354 E AndroidRuntime: 	at android.os.Handler.handleCallback(Handler.java:605)
07-10 10:54:15.139  4354  4354 E AndroidRuntime: 	at android.os.Handler.dispatchMessage(Handler.java:92)
07-10 10:54:15.139  4354  4354 E AndroidRuntime: 	at android.os.Looper.loop(Looper.java:137)
07-10 10:54:15.139  4354  4354 E AndroidRuntime: 	at android.app.ActivityThread.main(ActivityThread.java:4424)
07-10 10:54:15.139  4354  4354 E AndroidRuntime: 	at java.lang.reflect.Method.invokeNative(Native Method)
07-10 10:54:15.139  4354  4354 E AndroidRuntime: 	at java.lang.reflect.Method.invoke(Method.java:511)
07-10 10:54:15.139  4354  4354 E AndroidRuntime: 	at com.android.internal.os.ZygoteInit$MethodAndArgsCaller.run(ZygoteInit.java:784)
07-10 10:54:15.139  4354  4354 E AndroidRuntime: 	at com.android.internal.os.ZygoteInit.main(ZygoteInit.java:551)
07-10 10:54:15.139  4354  4354 E AndroidRuntime: 	at dalvik.system.NativeStart.main(Native Method)
07-10 10:54:15.159   157   407 W ActivityManager:   Force finishing activity edu.umich.PowerTutor/.ui.PowerTabs
07-10 10:54:15.159   157   407 W ActivityManager:   Force finishing activity edu.umich.PowerTutor/.ui.UMLogger
07-10 10:54:15.218  4354  4357 D dalvikvm: GC_CONCURRENT freed 239K, 4% free 10903K/11271K, paused 2ms+4ms
07-10 10:54:15.456   157   173 I Process : Sending signal. PID: 4354 SIG: 3
07-10 10:54:15.456  4354  4359 I dalvikvm: threadid=3: reacting to signal 3
07-10 10:54:15.487  4354  4359 I dalvikvm: Wrote stack traces to '/data/anr/traces.txt'
07-10 10:54:15.663   157   173 W ActivityManager: Activity pause timeout for ActivityRecord{41623b68 edu.umich.PowerTutor/.ui.PowerTabs}
07-10 10:54:15.682   157   173 I Process : Sending signal. PID: 4354 SIG: 3
07-10 10:54:15.682  4354  4359 I dalvikvm: threadid=3: reacting to signal 3
07-10 10:54:15.725  4354  4359 I dalvikvm: Wrote stack traces to '/data/anr/traces.txt'
07-10 10:54:16.007  4309  4309 D Finsky  : [1] DetailsDataBasedFragment.rebindViews: Page [class=DetailsFragment] loaded in [9941 ms] (partial? false)
07-10 10:54:16.026  4309  4312 D dalvikvm: GC_CONCURRENT freed 542K, 6% free 12200K/12871K, paused 2ms+6ms
07-10 10:54:16.229   157   173 I Process : Sending signal. PID: 4309 SIG: 3
07-10 10:54:16.229  4309  4314 I dalvikvm: threadid=3: reacting to signal 3
07-10 10:54:16.253  4309  4314 I dalvikvm: Wrote stack traces to '/data/anr/traces.txt'
07-10 10:54:16.327  4309  4309 D Finsky  : [1] DetailsDataBasedFragment.rebindViews: Page [class=DetailsFragment] loaded in [10262 ms] (partial? true)
07-10 10:54:16.663  4309  4312 D dalvikvm: GC_CONCURRENT freed 1245K, 11% free 12015K/13383K, paused 3ms+8ms
07-10 10:54:16.729   157   173 I Process : Sending signal. PID: 4309 SIG: 3
07-10 10:54:16.729  4309  4314 I dalvikvm: threadid=3: reacting to signal 3
07-10 10:54:16.761  4309  4314 I dalvikvm: Wrote stack traces to '/data/anr/traces.txt'
07-10 10:54:17.085   157   169 I ActivityManager: No longer want edu.buffalo.cse.phonelab.phonelabservices (pid 592): hidden #16
07-10 10:54:17.116   157   376 W ActivityManager: Scheduling restart of crashed service edu.buffalo.cse.phonelab.phonelabservices/edu.buffalo.cse.phonelab.datalogger.LoggerService in 5000ms
07-10 10:54:17.323  4354  4354 I Process : Sending signal. PID: 4354 SIG: 9
07-10 10:54:17.331   157   169 I ActivityManager: Process edu.umich.PowerTutor (pid 4354) has died.
07-10 10:54:17.331   157   169 W ActivityManager: Service crashed 2 times, stopping: ServiceRecord{4176e690 edu.umich.PowerTutor/.service.UMLoggerService}
07-10 10:54:17.331   157   169 I WindowManager: WIN DEATH: Window{41345b60 edu.umich.PowerTutor/edu.umich.PowerTutor.ui.UMLogger paused=true}
07-10 10:54:17.350   157   355 I WindowManager: WIN DEATH: Window{4161cb38 edu.umich.PowerTutor/edu.umich.PowerTutor.ui.PowerTabs paused=false}
07-10 10:54:17.393   157   334 W InputManagerService: Got RemoteException sending setActive(false) notification to pid 4354 uid 10057
07-10 10:54:17.487   227   229 D dalvikvm: GC_CONCURRENT freed 415K, 35% free 10407K/15943K, paused 3ms+4ms
07-10 10:54:18.710  4309  4326 D dalvikvm: GC_FOR_ALLOC freed 275K, 11% free 11928K/13383K, paused 64ms
07-10 10:54:18.710  4309  4326 I dalvikvm-heap: Grow heap (frag case) to 11.778MB for 63504-byte allocation
07-10 10:54:18.780  4309  4309 D dalvikvm: GC_FOR_ALLOC freed 37K, 12% free 11953K/13447K, paused 57ms
07-10 10:54:18.847  4309  4326 D dalvikvm: GC_FOR_ALLOC freed 0K, 12% free 11953K/13447K, paused 56ms
07-10 10:54:18.847  4309  4326 I dalvikvm-heap: Grow heap (frag case) to 11.778MB for 37930-byte allocation
07-10 10:54:18.886  4309  4309 D dalvikvm: GC_FOR_ALLOC freed 0K, 12% free 11990K/13511K, paused 26ms
07-10 10:54:19.179  4309  4330 D dalvikvm: GC_FOR_ALLOC freed 304K, 9% free 12377K/13511K, paused 30ms
07-10 10:54:19.350  4309  4309 D Finsky  : [1] GetBillingCountriesAction.run: Skip getting fresh list of billing countries.
07-10 10:54:20.386    81   124 D AudioHardware: AudioHardware pcm playback is going to standby.
07-10 10:54:20.389    81   124 D AudioHardware: closePcmOut_l() mPcmOpenCnt: 1
07-10 10:54:20.659  4309  4330 D dalvikvm: GC_FOR_ALLOC freed 609K, 8% free 12624K/13575K, paused 33ms
07-10 10:54:20.663  4309  4330 I dalvikvm-heap: Grow heap (frag case) to 12.895MB for 522256-byte allocation
07-10 10:54:20.710  4309  4309 D dalvikvm: GC_FOR_ALLOC freed 34K, 8% free 13099K/14087K, paused 32ms
07-10 10:54:20.792  4309  4330 D dalvikvm: GC_FOR_ALLOC freed 30K, 6% free 13633K/14471K, paused 31ms
07-10 10:54:20.917  4309  4330 D dalvikvm: GC_FOR_ALLOC freed 202K, 5% free 14481K/15175K, paused 32ms
07-10 10:54:21.042  4309  4330 D dalvikvm: GC_FOR_ALLOC freed 148K, 5% free 15640K/16327K, paused 51ms
07-10 10:54:22.167   157   174 I ActivityManager: Start proc edu.buffalo.cse.phonelab.phonelabservices for service edu.buffalo.cse.phonelab.phonelabservices/edu.buffalo.cse.phonelab.datalogger.LoggerService: pid=4382 uid=10036 gids={3003, 1015, 1007, 2001}
07-10 10:54:22.229  4382  4382 I PhoneLab-LoggerService: Start Logger Service
07-10 10:54:22.241  4382  4395 I PhoneLab-: Service Running
07-10 10:54:22.315  4382  4395 I PhoneLab-LoggerService: app_36    1027  1     1440   1072  c00f181c 400107b4 S logcat
07-10 10:54:22.315  4382  4395 I PhoneLab-LoggerService: Logcat pid from database 1027
07-10 10:54:22.319  4382  4395 I PhoneLab-LoggerService: Logcat process found 1027
07-10 10:54:22.319  4382  4395 I PhoneLab-LoggerService: Checking Threshold
07-10 10:54:22.319  4382  4395 I PhoneLab-LoggerService: Starting to rename files
07-10 10:54:22.323  4382  4395 I PhoneLab-LoggerService: Files found .. 2
07-10 10:54:22.327  4382  4395 I PhoneLab-LoggerService: File 1 log.out.1
07-10 10:54:22.343  4382  4395 I PhoneLab-LoggerService: Renamed successfully
07-10 10:54:22.960   385   389 D dalvikvm: GC_CONCURRENT freed 4158K, 32% free 12390K/18119K, paused 3ms+7ms
07-10 10:54:23.147   385   389 D dalvikvm: GC_CONCURRENT freed 443K, 29% free 13039K/18119K, paused 3ms+7ms
07-10 10:54:23.163   157   173 I Process : Sending signal. PID: 385 SIG: 3
07-10 10:54:23.163   385   392 I dalvikvm: threadid=3: reacting to signal 3
07-10 10:54:23.210   385   576 D dalvikvm: GC_FOR_ALLOC freed 4K, 22% free 14290K/18119K, paused 22ms
07-10 10:54:23.225   385   392 I dalvikvm: Wrote stack traces to '/data/anr/traces.txt'
07-10 10:54:23.319  4309  4401 D Finsky  : [199] OnCompleteListenerNotifier.doInBackground: Signature check not required.
07-10 10:54:23.374   385  1058 D dalvikvm: GC_FOR_ALLOC freed 2548K, 32% free 12475K/18119K, paused 28ms
07-10 10:54:23.374   385  1058 I dalvikvm-heap: Grow heap (frag case) to 13.474MB for 1286224-byte allocation
07-10 10:54:23.440   385   385 D dalvikvm: GC_FOR_ALLOC freed 2K, 25% free 13728K/18119K, paused 39ms
07-10 10:54:23.487  4309  4309 D OpenGLRenderer: Flushing caches (mode 0)
07-10 10:54:23.565   385   389 D dalvikvm: GC_CONCURRENT freed 1K, 25% free 13730K/18119K, paused 2ms+14ms
07-10 10:54:23.733   157   177 W ActivityManager: No content provider found for permission revoke: file:///data/data/com.android.providers.downloads/cache/downloadfile-2.apk
07-10 10:54:23.897   385   389 D dalvikvm: GC_CONCURRENT freed 2309K, 29% free 12970K/18119K, paused 2ms+4ms
07-10 10:54:24.011  4309  4309 D OpenGLRenderer: Flushing caches (mode 1)
07-10 10:54:24.030   157   177 W ActivityManager: No content provider found for permission revoke: file:///data/data/com.android.providers.downloads/cache/downloadfile-2.apk
07-10 10:54:24.147   157   159 D dalvikvm: GC_CONCURRENT freed 853K, 17% free 12952K/15495K, paused 3ms+6ms
07-10 10:54:24.264   157   159 D dalvikvm: GC_CONCURRENT freed 589K, 14% free 13327K/15495K, paused 2ms+4ms
07-10 10:54:24.440   157   159 D dalvikvm: GC_CONCURRENT freed 506K, 12% free 13784K/15495K, paused 3ms+5ms
07-10 10:54:24.811   157   159 D dalvikvm: GC_CONCURRENT freed 841K, 10% free 14052K/15495K, paused 2ms+5ms
07-10 10:54:25.124   157   159 D dalvikvm: GC_CONCURRENT freed 1155K, 10% free 14070K/15495K, paused 23ms+12ms
07-10 10:54:25.378   157   159 D dalvikvm: GC_CONCURRENT freed 1185K, 10% free 14069K/15495K, paused 3ms+8ms
07-10 10:54:25.593   157   159 D dalvikvm: GC_CONCURRENT freed 1158K, 10% free 14076K/15495K, paused 2ms+10ms
07-10 10:54:25.850   157   159 D dalvikvm: GC_CONCURRENT freed 1161K, 10% free 14089K/15495K, paused 6ms+8ms
07-10 10:54:26.100   157   159 D dalvikvm: GC_CONCURRENT freed 1189K, 10% free 14093K/15495K, paused 2ms+9ms
07-10 10:54:26.323   157   159 D dalvikvm: GC_CONCURRENT freed 1169K, 9% free 14109K/15495K, paused 3ms+6ms
07-10 10:54:26.518   157   159 D dalvikvm: GC_CONCURRENT freed 1190K, 9% free 14107K/15495K, paused 2ms+6ms
07-10 10:54:26.561   157   407 I ActivityManager: START {act=android.intent.action.MAIN cat=[android.intent.category.LAUNCHER] flg=0x10000000 pkg=edu.umich.PowerTutor cmp=edu.umich.PowerTutor/.ui.UMLogger bnds=[0,254][120,404]} from pid 385
07-10 10:54:26.581    81   124 D AudioHardware: AudioHardware pcm playback is exiting standby.
07-10 10:54:26.581    81   124 D AudioHardware: openPcmOut_l() mPcmOpenCnt: 0
07-10 10:54:26.690   157   168 I ActivityManager: Start proc edu.umich.PowerTutor for activity edu.umich.PowerTutor/.ui.UMLogger: pid=4407 uid=10057 gids={3003, 1015}
07-10 10:54:26.714  4407  4407 I dalvikvm: Turning on JNI app bug workarounds for target SDK version 3...
07-10 10:54:26.780   385   385 D OpenGLRenderer: Flushing caches (mode 1)
07-10 10:54:26.807  4407  4407 D dalvikvm: GC_FOR_ALLOC freed 94K, 3% free 9087K/9347K, paused 21ms
07-10 10:54:26.815  4407  4407 I dalvikvm-heap: Grow heap (frag case) to 10.408MB for 1536016-byte allocation
07-10 10:54:26.866  4407  4409 D dalvikvm: GC_CONCURRENT freed 1K, 3% free 10586K/10887K, paused 2ms+6ms
07-10 10:54:27.011   157   168 D dalvikvm: GC_EXPLICIT freed 43K, 9% free 14250K/15495K, paused 4ms+6ms
07-10 10:54:27.030   227   227 V PhoneStatusBar: setLightsOn(true)
07-10 10:54:27.077   157   173 W ActivityManager: Activity destroy timeout for ActivityRecord{41606d30 edu.umich.PowerTutor/.ui.UMLogger}
07-10 10:54:27.077   157   173 W ActivityManager: Activity destroy timeout for ActivityRecord{41623b68 edu.umich.PowerTutor/.ui.PowerTabs}
07-10 10:54:27.112   157   187 I ActivityManager: Displayed edu.umich.PowerTutor/.ui.UMLogger: +486ms (total +12s169ms)
07-10 10:54:27.124   385   385 D OpenGLRenderer: Flushing caches (mode 0)
07-10 10:54:27.276   157   177 D dalvikvm: GC_EXPLICIT freed 88K, 9% free 14192K/15495K, paused 6ms+18ms
07-10 10:54:27.280  4309  4322 D Finsky  : [171] 1.packageInstalled: Package install status for "com.android.vending" is -104
07-10 10:54:27.280  4309  4322 W Finsky  : [171] 1.packageInstalled: Package name mismatsch: ours:  package manager's: com.android.vending
07-10 10:54:28.526  4407  4407 W PhoneSelector: Phone type not recognized (crespo4g), using Dream constants
07-10 10:54:28.530  4407  4407 W PhoneSelector: Phone type not recognized (crespo4g), using Dream calculator
07-10 10:54:28.655  4407  4422 W PhoneSelector: Phone type not recognized (crespo4g), using Dream constants
07-10 10:54:28.679   227   229 D dalvikvm: GC_CONCURRENT freed 594K, 36% free 10283K/15943K, paused 2ms+4ms
07-10 10:54:28.827   227   229 D dalvikvm: GC_CONCURRENT freed 242K, 35% free 10483K/15943K, paused 2ms+3ms
07-10 10:54:28.991   227   229 D dalvikvm: GC_CONCURRENT freed 557K, 36% free 10337K/15943K, paused 3ms+4ms
07-10 10:54:30.714  4407  4409 D dalvikvm: GC_CONCURRENT freed 231K, 3% free 10885K/11207K, paused 2ms+9ms
07-10 10:54:31.597    81   124 D AudioHardware: AudioHardware pcm playback is going to standby.
07-10 10:54:31.600    81   124 D AudioHardware: closePcmOut_l() mPcmOpenCnt: 1
07-10 10:54:32.175   157   376 I ActivityManager: START {cmp=edu.umich.PowerTutor/.ui.UMLogger bnds=[0,119][480,215] (has extras)} from pid -1
07-10 10:54:32.175   157   376 W ActivityManager: startActivity called from non-Activity context; forcing Intent.FLAG_ACTIVITY_NEW_TASK for: Intent { cmp=edu.umich.PowerTutor/.ui.UMLogger bnds=[0,119][480,215] (has extras) }
07-10 10:54:32.182    81   124 D AudioHardware: AudioHardware pcm playback is exiting standby.
07-10 10:54:32.182    81   124 D AudioHardware: openPcmOut_l() mPcmOpenCnt: 0
07-10 10:54:32.229   157   374 W KeyguardViewMediator: verifyUnlock called when not externally disabled
07-10 10:54:32.307   157   169 I ActivityManager: START {cmp=edu.umich.PowerTutor/.ui.PowerTabs} from pid 4407
07-10 10:54:32.550   157   187 I ActivityManager: Displayed edu.umich.PowerTutor/.ui.UMLogger: +331ms
07-10 10:54:32.557  4407  4407 W PhoneSelector: Phone type not recognized (crespo4g), using Dream constants
07-10 10:54:32.757  4407  4407 D AndroidRuntime: Shutting down VM
07-10 10:54:32.757  4407  4407 W dalvikvm: threadid=1: thread exiting with uncaught exception (group=0x40a291f8)
07-10 10:54:32.764  4407  4407 E AndroidRuntime: FATAL EXCEPTION: main
07-10 10:54:32.764  4407  4407 E AndroidRuntime: java.lang.NullPointerException
07-10 10:54:32.764  4407  4407 E AndroidRuntime: 	at edu.umich.PowerTutor.ui.PowerViewer.refreshView(Unknown Source)
07-10 10:54:32.764  4407  4407 E AndroidRuntime: 	at edu.umich.PowerTutor.ui.PowerViewer$CounterServiceConnection.onServiceConnected(Unknown Source)
07-10 10:54:32.764  4407  4407 E AndroidRuntime: 	at android.app.LoadedApk$ServiceDispatcher.doConnected(LoadedApk.java:1068)
07-10 10:54:32.764  4407  4407 E AndroidRuntime: 	at android.app.LoadedApk$ServiceDispatcher$RunConnection.run(LoadedApk.java:1085)
07-10 10:54:32.764  4407  4407 E AndroidRuntime: 	at android.os.Handler.handleCallback(Handler.java:605)
07-10 10:54:32.764  4407  4407 E AndroidRuntime: 	at android.os.Handler.dispatchMessage(Handler.java:92)
07-10 10:54:32.764  4407  4407 E AndroidRuntime: 	at android.os.Looper.loop(Looper.java:137)
07-10 10:54:32.764  4407  4407 E AndroidRuntime: 	at android.app.ActivityThread.main(ActivityThread.java:4424)
07-10 10:54:32.764  4407  4407 E AndroidRuntime: 	at java.lang.reflect.Method.invokeNative(Native Method)
07-10 10:54:32.764  4407  4407 E AndroidRuntime: 	at java.lang.reflect.Method.invoke(Method.java:511)
07-10 10:54:32.764  4407  4407 E AndroidRuntime: 	at com.android.internal.os.ZygoteInit$MethodAndArgsCaller.run(ZygoteInit.java:784)
07-10 10:54:32.764  4407  4407 E AndroidRuntime: 	at com.android.internal.os.ZygoteInit.main(ZygoteInit.java:551)
07-10 10:54:32.764  4407  4407 E AndroidRuntime: 	at dalvik.system.NativeStart.main(Native Method)
07-10 10:54:32.772   157   333 W ActivityManager:   Force finishing activity edu.umich.PowerTutor/.ui.PowerTabs
07-10 10:54:32.772   157   333 W ActivityManager:   Force finishing activity edu.umich.PowerTutor/.ui.UMLogger
07-10 10:54:32.815  4407  4409 D dalvikvm: GC_CONCURRENT freed 332K, 4% free 11112K/11527K, paused 2ms+9ms
07-10 10:54:33.272   157   173 W ActivityManager: Activity pause timeout for ActivityRecord{41337880 edu.umich.PowerTutor/.ui.PowerTabs}
07-10 10:54:33.296   157   173 I Process : Sending signal. PID: 4407 SIG: 3
07-10 10:54:33.296  4407  4411 I dalvikvm: threadid=3: reacting to signal 3
07-10 10:54:33.339  4407  4411 I dalvikvm: Wrote stack traces to '/data/anr/traces.txt'
07-10 10:54:33.854   157   173 I Process : Sending signal. PID: 4407 SIG: 3
07-10 10:54:33.854  4407  4411 I dalvikvm: threadid=3: reacting to signal 3
07-10 10:54:33.858  4407  4411 I dalvikvm: Wrote stack traces to '/data/anr/traces.txt'
07-10 10:54:34.347   157   173 I Process : Sending signal. PID: 4407 SIG: 3
07-10 10:54:34.350  4407  4411 I dalvikvm: threadid=3: reacting to signal 3
07-10 10:54:34.378  4407  4411 I dalvikvm: Wrote stack traces to '/data/anr/traces.txt'
07-10 10:54:34.850   157   173 I Process : Sending signal. PID: 4407 SIG: 3
07-10 10:54:34.850  4407  4411 I dalvikvm: threadid=3: reacting to signal 3
07-10 10:54:34.878  4407  4411 I dalvikvm: Wrote stack traces to '/data/anr/traces.txt'
07-10 10:54:34.901  4407  4407 I Process : Sending signal. PID: 4407 SIG: 9
07-10 10:54:34.913   227   227 V PhoneStatusBar: setLightsOn(true)
07-10 10:54:34.925   157   374 I WindowManager: WIN DEATH: Window{41625ae8 edu.umich.PowerTutor/edu.umich.PowerTutor.ui.UMLogger paused=true}
07-10 10:54:34.925   157   334 I ActivityManager: Process edu.umich.PowerTutor (pid 4407) has died.
07-10 10:54:34.925   157   334 W ActivityManager: Scheduling restart of crashed service edu.umich.PowerTutor/.service.UMLoggerService in 5000ms
07-10 10:54:34.936   157   407 I WindowManager: WIN DEATH: Window{418a01e8 edu.umich.PowerTutor/edu.umich.PowerTutor.ui.PowerTabs paused=false}
07-10 10:54:34.940   157   355 I WindowManager: WIN DEATH: Window{4189fc48 edu.umich.PowerTutor/edu.umich.PowerTutor.ui.UMLogger paused=false}
07-10 10:54:34.944   157   334 W ActivityManager: Force removing ActivityRecord{41866938 edu.umich.PowerTutor/.ui.UMLogger}: app died, no saved state
07-10 10:54:35.026   157   333 W InputManagerService: Got RemoteException sending setActive(false) notification to pid 4407 uid 10057
07-10 10:54:35.097   227   229 D dalvikvm: GC_CONCURRENT freed 369K, 35% free 10413K/15943K, paused 5ms+9ms
07-10 10:54:36.249   385   389 D dalvikvm: GC_CONCURRENT freed 2372K, 35% free 11906K/18119K, paused 9ms+4ms
07-10 10:54:36.280   157   355 I ActivityManager: START {act=android.intent.action.MAIN cat=[android.intent.category.LAUNCHER] flg=0x10000000 pkg=edu.umich.PowerTutor cmp=edu.umich.PowerTutor/.ui.UMLogger bnds=[0,254][120,404]} from pid 385
07-10 10:54:36.362   157   374 I ActivityManager: Start proc edu.umich.PowerTutor for activity edu.umich.PowerTutor/.ui.UMLogger: pid=4432 uid=10057 gids={3003, 1015}
07-10 10:54:36.382  4432  4432 I dalvikvm: Turning on JNI app bug workarounds for target SDK version 3...
07-10 10:54:36.436   385   385 D OpenGLRenderer: Flushing caches (mode 1)
07-10 10:54:36.479  4432  4432 D dalvikvm: GC_FOR_ALLOC freed 97K, 3% free 9087K/9347K, paused 24ms
07-10 10:54:36.483  4432  4432 I dalvikvm-heap: Grow heap (frag case) to 10.408MB for 1536016-byte allocation
07-10 10:54:36.491   385   385 D OpenGLRenderer: Flushing caches (mode 0)
07-10 10:54:36.542  4432  4434 D dalvikvm: GC_CONCURRENT freed 1K, 3% free 10586K/10887K, paused 4ms+2ms
07-10 10:54:36.612   227   227 V PhoneStatusBar: setLightsOn(true)
07-10 10:54:36.698   157   187 I ActivityManager: Displayed edu.umich.PowerTutor/.ui.UMLogger: +367ms
07-10 10:54:37.608  4432  4432 W PhoneSelector: Phone type not recognized (crespo4g), using Dream constants
07-10 10:54:37.620  4432  4432 W PhoneSelector: Phone type not recognized (crespo4g), using Dream calculator
07-10 10:54:37.757  4432  4448 W PhoneSelector: Phone type not recognized (crespo4g), using Dream constants
07-10 10:54:37.784   227   229 D dalvikvm: GC_CONCURRENT freed 542K, 36% free 10333K/15943K, paused 2ms+3ms
07-10 10:54:37.999   227   227 D dalvikvm: GC_FOR_ALLOC freed 397K, 36% free 10309K/15943K, paused 23ms
07-10 10:54:39.425   157   168 I ActivityManager: START {cmp=edu.umich.PowerTutor/.ui.PowerTop} from pid 4432
07-10 10:54:39.542   157   168 D dalvikvm: GC_FOR_ALLOC freed 1818K, 17% free 12995K/15623K, paused 83ms
07-10 10:54:39.585   227   227 V PhoneStatusBar: setLightsOn(true)
07-10 10:54:39.636   157   187 I ActivityManager: Displayed edu.umich.PowerTutor/.ui.PowerTop: +89ms
07-10 10:54:39.764  4432  4434 D dalvikvm: GC_CONCURRENT freed 226K, 3% free 10909K/11207K, paused 5ms+3ms
07-10 10:54:42.518    81   124 D AudioHardware: AudioHardware pcm playback is going to standby.
07-10 10:54:42.518    81   124 D AudioHardware: closePcmOut_l() mPcmOpenCnt: 1
07-10 10:54:48.171  4432  4434 D dalvikvm: GC_CONCURRENT freed 426K, 5% free 11043K/11591K, paused 2ms+3ms
07-10 10:55:02.792  4432  4434 D dalvikvm: GC_CONCURRENT freed 613K, 7% free 11072K/11783K, paused 2ms+2ms
07-10 10:55:15.784  4432  4434 D dalvikvm: GC_CONCURRENT freed 591K, 6% free 11079K/11783K, paused 2ms+2ms
07-10 10:55:29.835  4432  4434 D dalvikvm: GC_CONCURRENT freed 593K, 6% free 11106K/11783K, paused 2ms+2ms
07-10 10:55:39.897   157   184 I power   : *** set_screen_state 0
07-10 10:55:39.956    78   121 D SurfaceFlinger: About to give-up screen, flinger = 0x1b13918
07-10 10:55:40.014   372   417 D NfcService: NFC-C OFF, disconnect
07-10 10:55:43.233   157   193 I power   : *** set_screen_state 1
07-10 10:55:43.253   157   188 I WindowManager: No lock screen!
07-10 10:55:43.472    78   121 D SurfaceFlinger: Screen about to return, flinger = 0x1b13918
07-10 10:55:43.526   372  1041 D NfcService: NFC-C ON
07-10 10:55:44.788  4432  4434 D dalvikvm: GC_CONCURRENT freed 612K, 7% free 11117K/11847K, paused 1ms+3ms
07-10 10:55:55.745  4432  4434 D dalvikvm: GC_CONCURRENT freed 520K, 6% free 11205K/11911K, paused 2ms+5ms
07-10 10:55:58.815   157   159 D dalvikvm: GC_CONCURRENT freed 893K, 17% free 12970K/15623K, paused 3ms+10ms
07-10 10:56:07.792   227   229 D dalvikvm: GC_CONCURRENT freed 232K, 35% free 10472K/15943K, paused 2ms+4ms
07-10 10:56:08.475  4432  4434 D dalvikvm: GC_CONCURRENT freed 639K, 7% free 11208K/11975K, paused 2ms+3ms
07-10 10:56:22.241  4382  4395 I PhoneLab-: Service Running
07-10 10:56:22.311  4382  4395 I PhoneLab-LoggerService: app_36    1027  1     1440   1072  c00f181c 400107b4 S logcat
07-10 10:56:22.311  4382  4395 I PhoneLab-LoggerService: Logcat pid from database 1027
07-10 10:56:22.311  4382  4395 I PhoneLab-LoggerService: Logcat process found 1027
07-10 10:56:22.311  4382  4395 I PhoneLab-LoggerService: Checking Threshold
07-10 10:56:22.311  4382  4395 I PhoneLab-LoggerService: Starting to rename files
07-10 10:56:22.315  4382  4395 I PhoneLab-LoggerService: Files found .. 2
07-10 10:56:22.835  4432  4434 D dalvikvm: GC_CONCURRENT freed 642K, 7% free 11206K/11975K, paused 2ms+8ms
07-10 10:56:36.807  4432  4434 D dalvikvm: GC_CONCURRENT freed 637K, 7% free 11209K/11975K, paused 2ms+3ms
07-10 10:56:39.710  4432  4439 I dalvikvm: Jit: resizing JitTable from 4096 to 8192
07-10 10:56:43.815  4382  4382 I PhoneLab-Locks: wake lock acquired
07-10 10:56:43.839  4382  4382 I PhoneLab-StatusMonitor: Status Monitoring is started
07-10 10:56:43.940  4382  4384 D dalvikvm: GC_CONCURRENT freed 410K, 6% free 9126K/9607K, paused 2ms+4ms
07-10 10:56:44.069  4382  4382 I PhoneLab-StatusMonitor: Value: 10 - unit: min
07-10 10:56:44.069  4382  4382 I PhoneLab-StatusMonitor: Running interval: 600000
07-10 10:56:44.081  4382  4382 I PhoneLab-StatusMonitor: Rescheduling status monitoring...
07-10 10:56:44.081  4382  4382 I PhoneLab-Locks: wake lock released
07-10 10:56:44.089  4382  4382 I PhoneLab-StatusMonitorLocation: Learning Location
07-10 10:56:44.089  4382  4382 I PhoneLab-Locks: wake lock acquired
07-10 10:56:44.104  4382  4382 I PhoneLab-Locks: wake lock acquired
07-10 10:56:44.104   293   559 D androidNetworkLocationListeners: Still have listener com.google.android.location.internal.client.NetworkLocationClient$1@413175c0
07-10 10:56:44.108  4382  4382 I PhoneLab-StatusMonitorLocation: Learning Signal Strgth
07-10 10:56:44.108  4382  4382 I PhoneLab-Locks: wake lock acquired
07-10 10:56:44.124   293   559 D androidNetworkLocationListeners: Still have listener com.google.android.location.internal.client.NetworkLocationClient$1@413175c0
07-10 10:56:44.128  4382  4382 I PhoneLab-StatusMonitorBattery: Battery_level: 48
07-10 10:56:44.128  4382  4382 I PhoneLab-Locks: wake lock released
07-10 10:56:44.132  4382  4382 I PhoneLab-StatusMonitorSignal: Signal_Strength: -106 asu: 4
07-10 10:56:44.132  4382  4382 I PhoneLab-Locks: wake lock released
07-10 10:56:45.460   293   297 D dalvikvm: GC_CONCURRENT freed 648K, 7% free 11085K/11847K, paused 2ms+4ms
07-10 10:56:45.483  4382  4382 I PhoneLab-StatusMonitorLocation: Location_Latitude: 43.0021338 Longitude: -78.7870088 Accuracy: 33.0
07-10 10:56:45.487  4382  4382 I PhoneLab-Locks: wake lock released
07-10 10:56:45.499   293   559 D androidNetworkLocationListeners: Still have listener com.google.android.location.internal.client.NetworkLocationClient$1@413175c0
07-10 10:56:51.815  4432  4434 D dalvikvm: GC_CONCURRENT freed 641K, 7% free 11221K/11975K, paused 8ms+3ms
07-10 10:57:04.491    81   124 D AudioHardware: AudioHardware pcm playback is exiting standby.
07-10 10:57:04.491    81   124 D AudioHardware: openPcmOut_l() mPcmOpenCnt: 0
07-10 10:57:04.518   157   355 I ActivityManager: START {cmp=edu.umich.PowerTutor/.ui.PowerTabs (has extras)} from pid 4432
07-10 10:57:04.651  4432  4432 W PhoneSelector: Phone type not recognized (crespo4g), using Dream constants
07-10 10:57:04.663  4432  4434 D dalvikvm: GC_CONCURRENT freed 573K, 6% free 11311K/11975K, paused 1ms+4ms
07-10 10:57:04.776  4432  4432 D AndroidRuntime: Shutting down VM
07-10 10:57:04.780  4432  4432 W dalvikvm: threadid=1: thread exiting with uncaught exception (group=0x40a291f8)
07-10 10:57:04.780  4432  4432 E AndroidRuntime: FATAL EXCEPTION: main
07-10 10:57:04.780  4432  4432 E AndroidRuntime: java.lang.NullPointerException
07-10 10:57:04.780  4432  4432 E AndroidRuntime: 	at edu.umich.PowerTutor.ui.PowerViewer.refreshView(Unknown Source)
07-10 10:57:04.780  4432  4432 E AndroidRuntime: 	at edu.umich.PowerTutor.ui.PowerViewer$CounterServiceConnection.onServiceConnected(Unknown Source)
07-10 10:57:04.780  4432  4432 E AndroidRuntime: 	at android.app.LoadedApk$ServiceDispatcher.doConnected(LoadedApk.java:1068)
07-10 10:57:04.780  4432  4432 E AndroidRuntime: 	at android.app.LoadedApk$ServiceDispatcher$RunConnection.run(LoadedApk.java:1085)
07-10 10:57:04.780  4432  4432 E AndroidRuntime: 	at android.os.Handler.handleCallback(Handler.java:605)
07-10 10:57:04.780  4432  4432 E AndroidRuntime: 	at android.os.Handler.dispatchMessage(Handler.java:92)
07-10 10:57:04.780  4432  4432 E AndroidRuntime: 	at android.os.Looper.loop(Looper.java:137)
07-10 10:57:04.780  4432  4432 E AndroidRuntime: 	at android.app.ActivityThread.main(ActivityThread.java:4424)
07-10 10:57:04.780  4432  4432 E AndroidRuntime: 	at java.lang.reflect.Method.invokeNative(Native Method)
07-10 10:57:04.780  4432  4432 E AndroidRuntime: 	at java.lang.reflect.Method.invoke(Method.java:511)
07-10 10:57:04.780  4432  4432 E AndroidRuntime: 	at com.android.internal.os.ZygoteInit$MethodAndArgsCaller.run(ZygoteInit.java:784)
07-10 10:57:04.780  4432  4432 E AndroidRuntime: 	at com.android.internal.os.ZygoteInit.main(ZygoteInit.java:551)
07-10 10:57:04.780  4432  4432 E AndroidRuntime: 	at dalvik.system.NativeStart.main(Native Method)
07-10 10:57:04.788   157   376 W ActivityManager:   Force finishing activity edu.umich.PowerTutor/.ui.PowerTabs
07-10 10:57:04.792   157   376 W ActivityManager:   Force finishing activity edu.umich.PowerTutor/.ui.PowerTop
07-10 10:57:05.046   157   173 I Process : Sending signal. PID: 4432 SIG: 3
07-10 10:57:05.046  4432  4436 I dalvikvm: threadid=3: reacting to signal 3
07-10 10:57:05.050  4432  4436 I dalvikvm: Wrote stack traces to '/data/anr/traces.txt'
07-10 10:57:05.292   157   173 W ActivityManager: Activity pause timeout for ActivityRecord{41806f60 edu.umich.PowerTutor/.ui.PowerTabs}
07-10 10:57:05.315   157   173 I Process : Sending signal. PID: 4432 SIG: 3
07-10 10:57:05.315  4432  4436 I dalvikvm: threadid=3: reacting to signal 3
07-10 10:57:05.370  4432  4436 I dalvikvm: Wrote stack traces to '/data/anr/traces.txt'
07-10 10:57:05.874   157   173 I Process : Sending signal. PID: 4432 SIG: 3
07-10 10:57:05.874  4432  4436 I dalvikvm: threadid=3: reacting to signal 3
07-10 10:57:05.889  4432  4436 I dalvikvm: Wrote stack traces to '/data/anr/traces.txt'
07-10 10:57:06.331  4432  4432 I Process : Sending signal. PID: 4432 SIG: 9
07-10 10:57:06.366   157   169 I ActivityManager: Process edu.umich.PowerTutor (pid 4432) has died.
07-10 10:57:06.366   157   169 W ActivityManager: Service crashed 2 times, stopping: ServiceRecord{41869630 edu.umich.PowerTutor/.service.UMLoggerService}
07-10 10:57:06.374   157   192 W InputDispatcher: channel '417b0478 edu.umich.PowerTutor/edu.umich.PowerTutor.ui.UMLogger (server)' ~ Consumer closed input channel or an error occurred.  events=0x8
07-10 10:57:06.374   157   192 E InputDispatcher: channel '417b0478 edu.umich.PowerTutor/edu.umich.PowerTutor.ui.UMLogger (server)' ~ Channel is unrecoverably broken and will be disposed!
07-10 10:57:06.374   157   333 I WindowManager: WIN DEATH: Window{41585ec0 edu.umich.PowerTutor/edu.umich.PowerTutor.ui.PowerTop paused=true}
07-10 10:57:06.386   157   334 W InputDispatcher: Attempted to unregister already unregistered input channel '417b0478 edu.umich.PowerTutor/edu.umich.PowerTutor.ui.UMLogger (server)'
07-10 10:57:06.386   157   334 I WindowManager: WIN DEATH: Window{417b0478 edu.umich.PowerTutor/edu.umich.PowerTutor.ui.UMLogger paused=false}
07-10 10:57:06.397   157   407 I WindowManager: WIN DEATH: Window{418fe740 edu.umich.PowerTutor/edu.umich.PowerTutor.ui.PowerTabs paused=false}
07-10 10:57:06.401   157   192 I WindowManager: WINDOW DIED Window{417b0478 edu.umich.PowerTutor/edu.umich.PowerTutor.ui.UMLogger paused=false}
07-10 10:57:06.405   157   169 W ActivityManager: Force removing ActivityRecord{418a0688 edu.umich.PowerTutor/.ui.UMLogger}: app died, no saved state
07-10 10:57:06.487   157   157 W InputManagerService: Got RemoteException sending setActive(false) notification to pid 4432 uid 10057
07-10 10:57:06.604   227   229 D dalvikvm: GC_CONCURRENT freed 474K, 35% free 10491K/15943K, paused 3ms+5ms
07-10 10:57:09.409   157   376 I ActivityManager: START {act=android.settings.SETTINGS flg=0x10200000 cmp=com.android.settings/.Settings} from pid 385
07-10 10:57:09.612  3805  3805 W System.err: Removed 2131231170
07-10 10:57:09.616  3805  3805 W System.err: Removed 2131231177
07-10 10:57:09.718   157   159 D dalvikvm: GC_CONCURRENT freed 935K, 18% free 12962K/15623K, paused 12ms+11ms
07-10 10:57:09.882   385   385 D OpenGLRenderer: Flushing caches (mode 1)
07-10 10:57:09.932   157   187 I ActivityManager: Displayed com.android.settings/.Settings: +439ms (total +5s394ms)
07-10 10:57:09.948   385   385 D OpenGLRenderer: Flushing caches (mode 0)
07-10 10:57:12.050   157   169 I ActivityManager: START {act=android.intent.action.MAIN cmp=com.android.settings/.SubSettings (has extras)} from pid 3805
07-10 10:57:12.210  3805  3807 D dalvikvm: GC_CONCURRENT freed 235K, 6% free 10565K/11207K, paused 7ms+22ms
07-10 10:57:12.331  3805  3807 D dalvikvm: GC_CONCURRENT freed 1049K, 11% free 10030K/11207K, paused 4ms+3ms
07-10 10:57:12.479  3805  3805 D android.widget.GridLayout: vertical constraints: y3 - y0 > 72, y3 - y2 < 0, y2 - y1 < 24, y1 - y0 < 37 are inconsistent; permanently removing: y3 - y2 < 0. 
07-10 10:57:12.495  3805  3805 D android.widget.GridLayout: vertical constraints: y3 - y0 > 72, y3 - y2 < 0, y2 - y1 < 24, y1 - y0 < 37 are inconsistent; permanently removing: y3 - y2 < 0. 
07-10 10:57:12.526  3805  3807 D dalvikvm: GC_CONCURRENT freed 253K, 9% free 10253K/11207K, paused 2ms+3ms
07-10 10:57:12.526  3805  3805 D android.widget.GridLayout: vertical constraints: y3 - y0 > 72, y3 - y2 < 0, y2 - y1 < 24, y1 - y0 < 37 are inconsistent; permanently removing: y3 - y2 < 0. 
07-10 10:57:12.546  3805  3805 D android.widget.GridLayout: vertical constraints: y3 - y0 > 72, y3 - y2 < 0, y2 - y1 < 24, y1 - y0 < 37 are inconsistent; permanently removing: y3 - y2 < 0. 
07-10 10:57:12.557  3805  3805 D android.widget.GridLayout: vertical constraints: y3 - y0 > 72, y3 - y2 < 0, y2 - y1 < 24, y1 - y0 < 37 are inconsistent; permanently removing: y3 - y2 < 0. 
07-10 10:57:12.600   157   173 I Process : Sending signal. PID: 3805 SIG: 3
07-10 10:57:12.600  3805  3809 I dalvikvm: threadid=3: reacting to signal 3
07-10 10:57:12.620  3805  3809 I dalvikvm: Wrote stack traces to '/data/anr/traces.txt'
07-10 10:57:12.686   157   187 I ActivityManager: Displayed com.android.settings/.SubSettings: +588ms
07-10 10:57:12.706  3805  3805 D OpenGLRenderer: Flushing caches (mode 0)
07-10 10:57:12.886  3805  3805 D android.widget.GridLayout: vertical constraints: y3 - y0 > 72, y3 - y2 < 0, y2 - y1 < 24, y1 - y0 < 37 are inconsistent; permanently removing: y3 - y2 < 0. 
07-10 10:57:12.901  3805  3805 D android.widget.GridLayout: vertical constraints: y3 - y0 > 72, y3 - y2 < 0, y2 - y1 < 24, y1 - y0 < 37 are inconsistent; permanently removing: y3 - y2 < 0. 
07-10 10:57:12.913  3805  3805 D android.widget.GridLayout: vertical constraints: y3 - y0 > 72, y3 - y2 < 0, y2 - y1 < 24, y1 - y0 < 37 are inconsistent; permanently removing: y3 - y2 < 0. 
07-10 10:57:12.940  3805  3805 D android.widget.GridLayout: vertical constraints: y3 - y0 > 72, y3 - y2 < 0, y2 - y1 < 24, y1 - y0 < 37 are inconsistent; permanently removing: y3 - y2 < 0. 
07-10 10:57:12.960  3805  3805 D android.widget.GridLayout: vertical constraints: y3 - y0 > 72, y3 - y2 < 0, y2 - y1 < 24, y1 - y0 < 37 are inconsistent; permanently removing: y3 - y2 < 0. 
07-10 10:57:12.999  3805  3807 D dalvikvm: GC_CONCURRENT freed 264K, 8% free 10407K/11207K, paused 2ms+4ms
07-10 10:57:15.128    81   124 D AudioHardware: AudioHardware pcm playback is going to standby.
07-10 10:57:15.128    81   124 D AudioHardware: closePcmOut_l() mPcmOpenCnt: 1
07-10 10:58:12.354   157   184 I power   : *** set_screen_state 0
07-10 10:58:12.405    78   121 D SurfaceFlinger: About to give-up screen, flinger = 0x1b13918
07-10 10:58:12.554   372  1043 D NfcService: NFC-C OFF, disconnect
07-10 10:58:12.593   157   159 D dalvikvm: GC_CONCURRENT freed 852K, 17% free 13012K/15623K, paused 9ms+10ms
07-10 10:58:17.491   157   188 D dalvikvm: GC_FOR_ALLOC freed 44K, 15% free 13342K/15623K, paused 43ms
07-10 10:58:17.491   157   188 I dalvikvm-heap: Grow heap (frag case) to 13.204MB for 104992-byte allocation
07-10 10:58:17.534   157   188 D dalvikvm: GC_FOR_ALLOC freed 5K, 15% free 13439K/15751K, paused 39ms
07-10 10:58:17.577   157   188 D dalvikvm: GC_FOR_ALLOC freed <1K, 15% free 13441K/15751K, paused 40ms
07-10 10:58:17.577   157   188 I dalvikvm-heap: Grow heap (frag case) to 13.300MB for 104992-byte allocation
07-10 10:58:17.620   157   188 D dalvikvm: GC_FOR_ALLOC freed <1K, 15% free 13542K/15879K, paused 40ms
07-10 10:58:17.663   157   188 D dalvikvm: GC_FOR_ALLOC freed <1K, 15% free 13543K/15879K, paused 40ms
07-10 10:58:17.663   157   188 I dalvikvm-heap: Grow heap (frag case) to 13.400MB for 104992-byte allocation
07-10 10:58:17.706   157   188 D dalvikvm: GC_FOR_ALLOC freed <1K, 15% free 13645K/16007K, paused 39ms
07-10 10:58:17.710   157   188 V TransportControlView: Create TCV com.android.internal.widget.TransportControlView@417fd4b0
07-10 10:58:17.745   227   227 D PhoneStatusBar: disable: < expand icons alerts ticker system_info back home RECENT* clock >
07-10 10:58:17.761   227   227 D PhoneStatusBar: disable: < expand icons alerts ticker system_info BACK* HOME* RECENT CLOCK* >
07-10 10:58:22.241  4382  4395 I PhoneLab-: Service Running
07-10 10:58:22.343  4382  4384 D dalvikvm: GC_CONCURRENT freed 378K, 6% free 9171K/9671K, paused 2ms+6ms
07-10 10:58:22.347  4382  4395 I PhoneLab-LoggerService: app_36    1027  1     1440   1072  c00f181c 400107b4 S logcat
07-10 10:58:22.347  4382  4395 I PhoneLab-LoggerService: Logcat pid from database 1027
07-10 10:58:22.347  4382  4395 I PhoneLab-LoggerService: Logcat process found 1027
07-10 10:58:22.347  4382  4395 I PhoneLab-LoggerService: Checking Threshold
07-10 10:58:22.347  4382  4395 I PhoneLab-LoggerService: Starting to rename files
07-10 10:58:22.354  4382  4395 I PhoneLab-LoggerService: Files found .. 2
07-10 10:59:34.276   157   188 I power   : *** set_screen_state 1
07-10 10:59:34.389   157   188 I WindowManager: Lock screen displayed!
07-10 10:59:34.475    78   121 D SurfaceFlinger: Screen about to return, flinger = 0x1b13918
07-10 10:59:34.507  3805  3807 D dalvikvm: GC_CONCURRENT freed 636K, 10% free 10193K/11207K, paused 1ms+5ms
07-10 10:59:34.530  3805  3805 D android.widget.GridLayout: vertical constraints: y3 - y0 > 72, y3 - y2 < 0, y2 - y1 < 24, y1 - y0 < 37 are inconsistent; permanently removing: y3 - y2 < 0. 
07-10 10:59:34.550  3805  3805 D android.widget.GridLayout: vertical constraints: y3 - y0 > 72, y3 - y2 < 0, y2 - y1 < 24, y1 - y0 < 37 are inconsistent; permanently removing: y3 - y2 < 0. 
07-10 10:59:34.569  3805  3805 D android.widget.GridLayout: vertical constraints: y3 - y0 > 72, y3 - y2 < 0, y2 - y1 < 24, y1 - y0 < 37 are inconsistent; permanently removing: y3 - y2 < 0. 
07-10 10:59:34.589  3805  3805 D android.widget.GridLayout: vertical constraints: y3 - y0 > 72, y3 - y2 < 0, y2 - y1 < 24, y1 - y0 < 37 are inconsistent; permanently removing: y3 - y2 < 0. 
07-10 10:59:34.608  3805  3805 D android.widget.GridLayout: vertical constraints: y3 - y0 > 72, y3 - y2 < 0, y2 - y1 < 24, y1 - y0 < 37 are inconsistent; permanently removing: y3 - y2 < 0. 
07-10 10:59:34.737  3805  3805 D android.widget.GridLayout: vertical constraints: y3 - y0 > 72, y3 - y2 < 0, y2 - y1 < 24, y1 - y0 < 37 are inconsistent; permanently removing: y3 - y2 < 0. 
07-10 10:59:34.753  3805  3805 D android.widget.GridLayout: vertical constraints: y3 - y0 > 72, y3 - y2 < 0, y2 - y1 < 24, y1 - y0 < 37 are inconsistent; permanently removing: y3 - y2 < 0. 
07-10 10:59:34.768  3805  3807 D dalvikvm: GC_CONCURRENT freed 273K, 8% free 10369K/11207K, paused 2ms+4ms
07-10 10:59:34.772  3805  3805 D android.widget.GridLayout: vertical constraints: y3 - y0 > 72, y3 - y2 < 0, y2 - y1 < 24, y1 - y0 < 37 are inconsistent; permanently removing: y3 - y2 < 0. 
07-10 10:59:34.792  3805  3805 D android.widget.GridLayout: vertical constraints: y3 - y0 > 72, y3 - y2 < 0, y2 - y1 < 24, y1 - y0 < 37 are inconsistent; permanently removing: y3 - y2 < 0. 
07-10 10:59:34.800  3805  3805 D android.widget.GridLayout: vertical constraints: y3 - y0 > 72, y3 - y2 < 0, y2 - y1 < 24, y1 - y0 < 37 are inconsistent; permanently removing: y3 - y2 < 0. 
07-10 10:59:35.542   227   227 D PhoneStatusBar: disable: < expand icons alerts ticker system_info BACK HOME recent* CLOCK >
07-10 10:59:35.546   372  1151 D NfcService: NFC-C ON
07-10 10:59:35.561    81   124 D AudioHardware: AudioHardware pcm playback is exiting standby.
07-10 10:59:35.561    81   124 D AudioHardware: openPcmOut_l() mPcmOpenCnt: 0
07-10 10:59:35.565   157   333 W InputManagerService: Window already focused, ignoring focus gain of: com.android.internal.view.IInputMethodClient$Stub$Proxy@417f8b58
07-10 10:59:35.581   227   227 D PhoneStatusBar: disable: < expand icons alerts ticker system_info back* home* recent clock* >
07-10 10:59:37.222   157   374 D dalvikvm: GC_FOR_ALLOC freed 493K, 16% free 13522K/16007K, paused 45ms
07-10 10:59:37.300  3805  3805 D OpenGLRenderer: Flushing caches (mode 0)
07-10 10:59:38.538   157   407 D dalvikvm: GC_FOR_ALLOC freed 932K, 21% free 12741K/16007K, paused 43ms
07-10 10:59:38.612   157   374 W InputManagerService: Starting input on non-focused client com.android.internal.view.IInputMethodClient$Stub$Proxy@416d4f28 (uid=1000 pid=3805)
07-10 10:59:38.663  3805  3805 D OpenGLRenderer: Flushing caches (mode 0)
07-10 10:59:38.725    81   124 D AudioHardware: AudioHardware pcm playback is going to standby.
07-10 10:59:38.729    81   124 D AudioHardware: closePcmOut_l() mPcmOpenCnt: 1
07-10 10:59:39.175  3805  3805 D OpenGLRenderer: Flushing caches (mode 1)
07-10 10:59:39.753   157   374 I ActivityManager: START {act=android.intent.action.MAIN cat=[android.intent.category.LAUNCHER] flg=0x10000000 pkg=edu.umich.PowerTutor cmp=edu.umich.PowerTutor/.ui.UMLogger bnds=[0,254][120,404]} from pid 385
07-10 10:59:39.776    81   124 D AudioHardware: AudioHardware pcm playback is exiting standby.
07-10 10:59:39.776    81   124 D AudioHardware: openPcmOut_l() mPcmOpenCnt: 0
07-10 10:59:39.878   157   376 I ActivityManager: Start proc edu.umich.PowerTutor for activity edu.umich.PowerTutor/.ui.UMLogger: pid=4484 uid=10057 gids={3003, 1015}
07-10 10:59:39.889  4484  4484 I dalvikvm: Turning on JNI app bug workarounds for target SDK version 3...
07-10 10:59:39.893  4484  4490 D dalvikvm: Debugger has detached; object registry had 1 entries
07-10 10:59:39.944   385   385 D OpenGLRenderer: Flushing caches (mode 1)
07-10 10:59:39.983  4484  4484 D dalvikvm: GC_FOR_ALLOC freed 99K, 3% free 9087K/9347K, paused 20ms
07-10 10:59:39.991  4484  4484 I dalvikvm-heap: Grow heap (frag case) to 10.408MB for 1536016-byte allocation
07-10 10:59:39.999   385   385 D OpenGLRenderer: Flushing caches (mode 0)
07-10 10:59:40.038  4484  4486 D dalvikvm: GC_CONCURRENT freed 1K, 3% free 10586K/10887K, paused 3ms+5ms
07-10 10:59:40.116   227   227 V PhoneStatusBar: setLightsOn(true)
07-10 10:59:40.214   157   187 I ActivityManager: Displayed edu.umich.PowerTutor/.ui.UMLogger: +395ms
07-10 10:59:41.632  4484  4484 W PhoneSelector: Phone type not recognized (crespo4g), using Dream constants
07-10 10:59:41.636  4484  4484 W PhoneSelector: Phone type not recognized (crespo4g), using Dream calculator
07-10 10:59:41.675  4484  4500 I LogUploader: Sending log data
07-10 10:59:41.753  4484  4501 W PhoneSelector: Phone type not recognized (crespo4g), using Dream constants
07-10 10:59:41.780   227   242 D dalvikvm: GC_EXPLICIT freed 429K, 37% free 10190K/15943K, paused 5ms+8ms
07-10 10:59:41.913   227   229 D dalvikvm: GC_CONCURRENT freed 97K, 35% free 10485K/15943K, paused 2ms+5ms
07-10 10:59:42.038   227   229 D dalvikvm: GC_CONCURRENT freed 499K, 35% free 10478K/15943K, paused 4ms+3ms
07-10 10:59:43.835  4484  4486 D dalvikvm: GC_CONCURRENT freed 224K, 3% free 10888K/11207K, paused 2ms+2ms
07-10 10:59:43.850   157   407 I ActivityManager: START {cmp=edu.umich.PowerTutor/.ui.PowerTop} from pid 4484
07-10 10:59:43.909   227   227 V PhoneStatusBar: setLightsOn(true)
07-10 10:59:43.960   157   187 I ActivityManager: Displayed edu.umich.PowerTutor/.ui.PowerTop: +85ms
07-10 10:59:46.929    81   124 D AudioHardware: AudioHardware pcm playback is going to standby.
07-10 10:59:46.932    81   124 D AudioHardware: closePcmOut_l() mPcmOpenCnt: 1
07-10 10:59:49.827  4484  4486 D dalvikvm: GC_CONCURRENT freed 366K, 5% free 11045K/11527K, paused 3ms+2ms
07-10 10:59:57.776    81   124 D AudioHardware: AudioHardware pcm playback is exiting standby.
07-10 10:59:57.776    81   124 D AudioHardware: openPcmOut_l() mPcmOpenCnt: 0
07-10 11:00:00.878    81   124 D AudioHardware: AudioHardware pcm playback is going to standby.
07-10 11:00:00.878    81   124 D AudioHardware: closePcmOut_l() mPcmOpenCnt: 1
07-10 11:00:02.745   157   168 D dalvikvm: GC_EXPLICIT freed 492K, 20% free 12910K/16007K, paused 21ms+6ms
07-10 11:00:02.749    81   124 D AudioHardware: AudioHardware pcm playback is exiting standby.
07-10 11:00:02.749    81   124 D AudioHardware: openPcmOut_l() mPcmOpenCnt: 0
07-10 11:00:02.882  4484  4486 D dalvikvm: GC_CONCURRENT freed 598K, 7% free 11052K/11783K, paused 27ms+3ms
07-10 11:00:05.839    81   124 D AudioHardware: AudioHardware pcm playback is going to standby.
07-10 11:00:05.839    81   124 D AudioHardware: closePcmOut_l() mPcmOpenCnt: 1
07-10 11:00:16.815  4484  4486 D dalvikvm: GC_CONCURRENT freed 562K, 6% free 11096K/11783K, paused 4ms+6ms
07-10 11:00:17.823   356   359 D dalvikvm: GC_CONCURRENT freed 438K, 6% free 9482K/10055K, paused 38ms+3ms
07-10 11:00:21.194    81   124 D AudioHardware: AudioHardware pcm playback is exiting standby.
07-10 11:00:21.194    81   124 D AudioHardware: openPcmOut_l() mPcmOpenCnt: 0
07-10 11:00:22.241  4382  4395 I PhoneLab-: Service Running
07-10 11:00:22.335  4382  4395 I PhoneLab-LoggerService: app_36    1027  1     1440   1072  c00f181c 400107b4 S logcat
07-10 11:00:22.335  4382  4395 I PhoneLab-LoggerService: Logcat pid from database 1027
07-10 11:00:22.335  4382  4395 I PhoneLab-LoggerService: Logcat process found 1027
07-10 11:00:22.335  4382  4395 I PhoneLab-LoggerService: Checking Threshold
07-10 11:00:22.335  4382  4395 I PhoneLab-LoggerService: Starting to rename files
07-10 11:00:22.339  4382  4395 I PhoneLab-LoggerService: Files found .. 2
07-10 11:00:24.284    81   124 D AudioHardware: AudioHardware pcm playback is going to standby.
07-10 11:00:24.284    81   124 D AudioHardware: closePcmOut_l() mPcmOpenCnt: 1
07-10 11:00:28.800  4484  4486 D dalvikvm: GC_CONCURRENT freed 575K, 6% free 11142K/11847K, paused 1ms+2ms
07-10 11:00:30.804  4382  4382 I PhoneLab-Locks: wake lock acquired
07-10 11:00:30.823  4382  4515 I PhoneLab-PeriodicCheckService: User info is synched
07-10 11:00:30.827  4382  4515 I PhoneLab-PeriodicCheckService: Logger Service is running
07-10 11:00:30.827  4382  4515 I PhoneLab-Locks: wake lock acquired
07-10 11:00:30.831  4382  4382 I PhoneLab-UploadLogs: Transfering log files now
07-10 11:00:30.839  4382  4515 I PhoneLab-PeriodicCheckService: Rescheduling periodic checking...
07-10 11:00:30.843  4382  4515 I PhoneLab-Locks: wake lock released
07-10 11:00:30.909  4382  4384 D dalvikvm: GC_CONCURRENT freed 445K, 6% free 9282K/9799K, paused 2ms+2ms
07-10 11:00:30.929  4382  4382 D dalvikvm: GC_FOR_ALLOC freed 115K, 6% free 9335K/9927K, paused 14ms
07-10 11:00:30.929  4382  4382 I dalvikvm-heap: Grow heap (frag case) to 9.428MB for 254548-byte allocation
07-10 11:00:30.952  4382  4382 D dalvikvm: GC_FOR_ALLOC freed 120K, 8% free 9463K/10183K, paused 13ms
07-10 11:00:30.952  4382  4382 I dalvikvm-heap: Grow heap (frag case) to 9.803MB for 516692-byte allocation
07-10 11:00:30.983  4382  4384 D dalvikvm: GC_CONCURRENT freed 248K, 10% free 9719K/10695K, paused 1ms+2ms
07-10 11:00:30.983  4382  4382 I PhoneLab-UploadLogs: OnStartCommand
07-10 11:00:31.061  4382  4517 D dalvikvm: GC_FOR_ALLOC freed 383K, 10% free 9702K/10695K, paused 16ms
07-10 11:00:31.085  4382  4517 D dalvikvm: GC_FOR_ALLOC freed 301K, 10% free 9703K/10695K, paused 22ms
07-10 11:00:31.151  4382  4517 D dalvikvm: GC_FOR_ALLOC freed 301K, 10% free 9709K/10695K, paused 20ms
07-10 11:00:31.417  4382  4382 I PhoneLab-: 1341932062331.log is deleted
07-10 11:00:31.417  4382  4382 I PhoneLab-: Response: {"data": "done", "err": ""}
07-10 11:00:31.421  4382  4382 I PhoneLab-UploadLogs: No log files to transfer
07-10 11:00:31.421  4382  4382 I PhoneLab-Locks: wake lock released
07-10 11:00:41.815   227   229 D dalvikvm: GC_CONCURRENT freed 425K, 35% free 10439K/15943K, paused 2ms+3ms
07-10 11:00:42.389  4484  4486 D dalvikvm: GC_CONCURRENT freed 624K, 7% free 11160K/11911K, paused 2ms+3ms
07-10 11:00:56.858  4484  4486 D dalvikvm: GC_CONCURRENT freed 637K, 7% free 11184K/11911K, paused 2ms+2ms
07-10 11:00:58.163    81   124 D AudioHardware: AudioHardware pcm playback is exiting standby.
07-10 11:00:58.163    81   124 D AudioHardware: openPcmOut_l() mPcmOpenCnt: 0
07-10 11:01:01.257    81   124 D AudioHardware: AudioHardware pcm playback is going to standby.
07-10 11:01:01.257    81   124 D AudioHardware: closePcmOut_l() mPcmOpenCnt: 1
07-10 11:01:11.839  4484  4486 D dalvikvm: GC_CONCURRENT freed 690K, 7% free 11168K/11975K, paused 2ms+5ms
07-10 11:01:26.030  4484  4486 D dalvikvm: GC_CONCURRENT freed 593K, 7% free 11178K/11975K, paused 2ms+2ms
07-10 11:01:40.620  4484  4486 D dalvikvm: GC_CONCURRENT freed 613K, 7% free 11185K/11975K, paused 17ms+3ms
07-10 11:01:49.143    81   124 D AudioHardware: AudioHardware pcm playback is exiting standby.
07-10 11:01:49.143    81   124 D AudioHardware: openPcmOut_l() mPcmOpenCnt: 0
07-10 11:01:51.780   157   169 W InputManagerService: Window already focused, ignoring focus gain of: com.android.internal.view.IInputMethodClient$Stub$Proxy@414f0338
07-10 11:01:52.241    81   124 D AudioHardware: AudioHardware pcm playback is going to standby.
07-10 11:01:52.241    81   124 D AudioHardware: closePcmOut_l() mPcmOpenCnt: 1
07-10 11:01:53.690   157   192 I ActivityManager: START {act=android.intent.action.MAIN cat=[android.intent.category.HOME] flg=0x10200000 cmp=com.android.launcher/com.android.launcher2.Launcher} from pid 157
07-10 11:01:55.179    81   124 D AudioHardware: AudioHardware pcm playback is exiting standby.
07-10 11:01:55.179    81   124 D AudioHardware: openPcmOut_l() mPcmOpenCnt: 0
07-10 11:01:55.792  4484  4486 D dalvikvm: GC_CONCURRENT freed 634K, 7% free 11226K/11975K, paused 9ms+3ms
07-10 11:01:56.749   157   169 I ActivityManager: START {act=android.settings.SETTINGS flg=0x10200000 cmp=com.android.settings/.Settings} from pid 385
07-10 11:01:57.003  3805  3805 W System.err: Removed 2131231170
07-10 11:01:57.003  3805  3805 W System.err: Removed 2131231177
07-10 11:01:57.038   157   159 D dalvikvm: GC_CONCURRENT freed 895K, 19% free 12981K/16007K, paused 3ms+11ms
07-10 11:01:57.116   385   385 D OpenGLRenderer: Flushing caches (mode 1)
07-10 11:01:57.276   385   385 D OpenGLRenderer: Flushing caches (mode 0)
07-10 11:01:57.288   157   187 I ActivityManager: Displayed com.android.settings/.Settings: +466ms
07-10 11:01:58.534  3805  3807 D dalvikvm: GC_CONCURRENT freed 236K, 6% free 10540K/11207K, paused 3ms+9ms
07-10 11:01:59.940    81   124 D AudioHardware: AudioHardware pcm playback is going to standby.
07-10 11:01:59.944    81   124 D AudioHardware: closePcmOut_l() mPcmOpenCnt: 1
07-10 11:02:00.448   157   157 I ActivityManager: START {act=android.intent.action.MAIN cmp=com.android.settings/.SubSettings (has extras)} from pid 3805
07-10 11:02:00.475    81   124 D AudioHardware: AudioHardware pcm playback is exiting standby.
07-10 11:02:00.475    81   124 D AudioHardware: openPcmOut_l() mPcmOpenCnt: 0
07-10 11:02:00.690    72    97 D VoldCmdListener: cryptfs cryptocomplete
07-10 11:02:00.690    72    97 E Cryptfs : not running with encryption, aborting
07-10 11:02:00.706    78    78 D PermissionCache: checking android.permission.HARDWARE_TEST for uid=1000 => granted (10346 us)
07-10 11:02:00.909   157   187 I ActivityManager: Displayed com.android.settings/.SubSettings: +406ms
07-10 11:02:00.948  3805  3805 D OpenGLRenderer: Flushing caches (mode 0)
07-10 11:02:03.565    81   124 D AudioHardware: AudioHardware pcm playback is going to standby.
07-10 11:02:03.565    81   124 D AudioHardware: closePcmOut_l() mPcmOpenCnt: 1
07-10 11:02:04.764    81   124 D AudioHardware: AudioHardware pcm playback is exiting standby.
07-10 11:02:04.764    81   124 D AudioHardware: openPcmOut_l() mPcmOpenCnt: 0
07-10 11:02:04.944  3805  3807 D dalvikvm: GC_CONCURRENT freed 911K, 11% free 10033K/11207K, paused 9ms+4ms
07-10 11:02:07.854    81   124 D AudioHardware: AudioHardware pcm playback is going to standby.
07-10 11:02:07.858    81   124 D AudioHardware: closePcmOut_l() mPcmOpenCnt: 1
07-10 11:02:09.811   157   192 I ActivityManager: START {act=android.intent.action.MAIN cat=[android.intent.category.HOME] flg=0x10200000 cmp=com.android.launcher/com.android.launcher2.Launcher} from pid 157
07-10 11:02:09.964  3805  3805 D OpenGLRenderer: Flushing caches (mode 0)
07-10 11:02:09.991   157   376 W InputManagerService: Starting input on non-focused client com.android.internal.view.IInputMethodClient$Stub$Proxy@416d4f28 (uid=1000 pid=3805)
07-10 11:02:09.995  3805  3805 D OpenGLRenderer: Flushing caches (mode 1)
07-10 11:02:13.022   227   229 D dalvikvm: GC_CONCURRENT freed 155K, 33% free 10728K/15943K, paused 4ms+3ms
07-10 11:02:13.081   227   227 D dalvikvm: GC_FOR_ALLOC freed 63K, 33% free 10812K/15943K, paused 22ms
07-10 11:02:13.104   227   227 D dalvikvm: GC_FOR_ALLOC freed 4K, 30% free 11239K/15943K, paused 21ms
07-10 11:02:13.124   227   227 D dalvikvm: GC_FOR_ALLOC freed 0K, 27% free 11670K/15943K, paused 19ms
07-10 11:02:13.155   227   227 D dalvikvm: GC_FOR_ALLOC freed <1K, 23% free 12312K/15943K, paused 18ms
07-10 11:02:13.194   227   227 D dalvikvm: GC_FOR_ALLOC freed <1K, 18% free 13175K/15943K, paused 19ms
07-10 11:02:13.194   227   227 I dalvikvm-heap: Grow heap (frag case) to 13.357MB for 441616-byte allocation
07-10 11:02:13.218   227   227 D dalvikvm: GC_FOR_ALLOC freed 0K, 17% free 13606K/16391K, paused 21ms
07-10 11:02:13.241   227   227 D dalvikvm: GC_FOR_ALLOC freed 0K, 17% free 13606K/16391K, paused 21ms
07-10 11:02:13.245   227   227 I dalvikvm-heap: Grow heap (frag case) to 13.778MB for 441616-byte allocation
07-10 11:02:13.264   227   227 D dalvikvm: GC_FOR_ALLOC freed 0K, 17% free 14037K/16839K, paused 20ms
07-10 11:02:13.292   227   227 D dalvikvm: GC_FOR_ALLOC freed 0K, 17% free 14037K/16839K, paused 18ms
07-10 11:02:13.292   227   227 I dalvikvm-heap: Grow heap (frag case) to 14.200MB for 441616-byte allocation
07-10 11:02:13.311   227   227 D dalvikvm: GC_FOR_ALLOC freed 0K, 17% free 14469K/17287K, paused 20ms
07-10 11:02:13.323   157   374 W ResourceType: Invalid package identifier when getting bag for resource number 0x7f0c0008
07-10 11:02:13.389   227   227 D dalvikvm: GC_FOR_ALLOC freed 210K, 17% free 14387K/17287K, paused 22ms
07-10 11:02:13.460   227   227 D dalvikvm: GC_FOR_ALLOC freed 1K, 15% free 14723K/17287K, paused 21ms
07-10 11:02:13.460   227   227 I dalvikvm-heap: Grow heap (frag case) to 14.653MB for 214528-byte allocation
07-10 11:02:13.479   227   227 D dalvikvm: GC_FOR_ALLOC freed <1K, 15% free 14932K/17543K, paused 20ms
07-10 11:02:14.796    81   124 D AudioHardware: AudioHardware pcm playback is exiting standby.
07-10 11:02:14.796    81   124 D AudioHardware: openPcmOut_l() mPcmOpenCnt: 0
07-10 11:02:15.034  4484  4486 D dalvikvm: GC_CONCURRENT freed 596K, 6% free 11275K/11975K, paused 2ms+5ms
07-10 11:02:15.155   385   385 D OpenGLRenderer: Flushing caches (mode 0)
07-10 11:02:15.159   227   227 V PhoneStatusBar: setLightsOn(true)
07-10 11:02:15.276   157   159 D dalvikvm: GC_CONCURRENT freed 951K, 20% free 12895K/16007K, paused 7ms+6ms
07-10 11:02:15.323   385   385 D OpenGLRenderer: Flushing caches (mode 1)
07-10 11:02:17.886    81   124 D AudioHardware: AudioHardware pcm playback is going to standby.
07-10 11:02:17.886    81   124 D AudioHardware: closePcmOut_l() mPcmOpenCnt: 1
07-10 11:02:22.241  4382  4395 I PhoneLab-: Service Running
07-10 11:02:22.288  4382  4395 I PhoneLab-LoggerService: app_36    1027  1     1440   1072  c00f181c 400107b4 S logcat
07-10 11:02:22.292  4382  4395 I PhoneLab-LoggerService: Logcat pid from database 1027
07-10 11:02:22.292  4382  4395 I PhoneLab-LoggerService: Logcat process found 1027
07-10 11:02:22.292  4382  4395 I PhoneLab-LoggerService: Checking Threshold
07-10 11:02:25.304   157   193 I InputReader: Reconfiguring input devices.  changes=0x00000004
07-10 11:02:25.304   157   193 I InputReader: Device reconfigured: id=7, name='mxt224_ts_input', surface size is now 480x800, mode is 1
07-10 11:02:25.331   157   173 I ActivityManager: Config changed: {1.0 310mcc120mnc en_US layoutdir=0 sw320dp w533dp h294dp nrml long land finger -keyb/v/h -nav/h s.9}
07-10 11:02:25.620   227   227 D dalvikvm: GC_FOR_ALLOC freed 4757K, 42% free 10249K/17543K, paused 40ms
07-10 11:02:25.671   227   227 D dalvikvm: GC_FOR_ALLOC freed 216K, 42% free 10336K/17543K, paused 36ms
07-10 11:02:25.694   227   227 D dalvikvm: GC_FOR_ALLOC freed 182K, 41% free 10457K/17543K, paused 17ms
07-10 11:02:25.764  4484  4486 D dalvikvm: GC_CONCURRENT freed 573K, 6% free 11339K/12039K, paused 2ms+5ms
07-10 11:02:27.913   157   187 D dalvikvm: GC_EXPLICIT freed 169K, 20% free 12828K/16007K, paused 3ms+5ms
07-10 11:02:40.284  4484  4486 D dalvikvm: GC_CONCURRENT freed 678K, 7% free 11389K/12167K, paused 16ms+3ms
07-10 11:02:46.620  4484  4491 I dalvikvm: Jit: resizing JitTable from 4096 to 8192
07-10 11:02:54.905  4484  4486 D dalvikvm: GC_CONCURRENT freed 733K, 7% free 11385K/12231K, paused 3ms+4ms
07-10 11:02:56.843   227   229 D dalvikvm: GC_CONCURRENT freed 46K, 39% free 10794K/17543K, paused 1ms+4ms
07-10 11:03:00.104   293  1014 I EventLogService: Aggregate from 1341930780029 (log), 1341930780029 (data)
07-10 11:03:00.214   293   297 D dalvikvm: GC_CONCURRENT freed 624K, 7% free 11035K/11847K, paused 3ms+4ms
07-10 11:03:09.819  4484  4486 D dalvikvm: GC_CONCURRENT freed 725K, 7% free 11381K/12231K, paused 2ms+4ms
07-10 11:03:25.839  4484  4486 D dalvikvm: GC_CONCURRENT freed 719K, 7% free 11394K/12231K, paused 9ms+3ms
07-10 11:03:40.886  4484  4486 D dalvikvm: GC_CONCURRENT freed 720K, 7% free 11405K/12231K, paused 3ms+4ms
07-10 11:03:55.831  4484  4486 D dalvikvm: GC_CONCURRENT freed 718K, 7% free 11406K/12231K, paused 7ms+3ms
07-10 11:04:10.831  4484  4486 D dalvikvm: GC_CONCURRENT freed 697K, 7% free 11400K/12231K, paused 8ms+3ms
07-10 11:04:22.241  4382  4395 I PhoneLab-: Service Running
07-10 11:04:22.350  4382  4384 D dalvikvm: GC_CONCURRENT freed 901K, 14% free 9227K/10695K, paused 9ms+4ms
07-10 11:04:22.350  4382  4395 I PhoneLab-LoggerService: app_36    1027  1     1440   1072  c00f181c 400107b4 S logcat
07-10 11:04:22.354  4382  4395 I PhoneLab-LoggerService: Logcat pid from database 1027
07-10 11:04:22.354  4382  4395 I PhoneLab-LoggerService: Logcat process found 1027
07-10 11:04:22.354  4382  4395 I PhoneLab-LoggerService: Checking Threshold
07-10 11:04:26.847  4484  4486 D dalvikvm: GC_CONCURRENT freed 735K, 7% free 11419K/12231K, paused 2ms+3ms
07-10 11:04:41.522  4484  4486 D dalvikvm: GC_CONCURRENT freed 697K, 7% free 11417K/12231K, paused 2ms+3ms
07-10 11:04:56.143  4484  4486 D dalvikvm: GC_CONCURRENT freed 689K, 7% free 11414K/12231K, paused 2ms+3ms
07-10 11:05:00.139   157   159 D dalvikvm: GC_CONCURRENT freed 847K, 20% free 12809K/16007K, paused 2ms+5ms
07-10 11:05:11.823  4484  4486 D dalvikvm: GC_CONCURRENT freed 700K, 7% free 11422K/12231K, paused 2ms+6ms
07-10 11:05:26.839  4484  4486 D dalvikvm: GC_CONCURRENT freed 710K, 7% free 11416K/12231K, paused 3ms+6ms
07-10 11:05:41.835  4484  4486 D dalvikvm: GC_CONCURRENT freed 700K, 7% free 11434K/12231K, paused 2ms+9ms
07-10 11:05:57.870  4484  4486 D dalvikvm: GC_CONCURRENT freed 768K, 8% free 11418K/12295K, paused 50ms+4ms
07-10 11:06:11.835  4484  4486 D dalvikvm: GC_CONCURRENT freed 673K, 8% free 11415K/12295K, paused 1ms+3ms
07-10 11:06:22.241  4382  4395 I PhoneLab-: Service Running
07-10 11:06:22.323  4382  4395 I PhoneLab-LoggerService: app_36    1027  1     1440   1072  c00f181c 400107b4 S logcat
07-10 11:06:22.323  4382  4395 I PhoneLab-LoggerService: Logcat pid from database 1027
07-10 11:06:22.327  4382  4395 I PhoneLab-LoggerService: Logcat process found 1027
07-10 11:06:22.327  4382  4395 I PhoneLab-LoggerService: Checking Threshold
07-10 11:06:26.839  4484  4486 D dalvikvm: GC_CONCURRENT freed 686K, 8% free 11426K/12295K, paused 2ms+5ms
07-10 11:06:42.229  4484  4486 D dalvikvm: GC_CONCURRENT freed 741K, 8% free 11421K/12295K, paused 6ms+4ms
07-10 11:06:44.100  4382  4382 I PhoneLab-Locks: wake lock acquired
07-10 11:06:44.155  4382  4382 I PhoneLab-StatusMonitor: Status Monitoring is started
07-10 11:06:44.253  4382  4384 D dalvikvm: GC_CONCURRENT freed 452K, 14% free 9281K/10695K, paused 2ms+4ms
07-10 11:06:44.257  4382  4382 I PhoneLab-StatusMonitor: Value: 10 - unit: min
07-10 11:06:44.257  4382  4382 I PhoneLab-StatusMonitor: Running interval: 600000
07-10 11:06:44.264  4382  4382 I PhoneLab-StatusMonitor: Rescheduling status monitoring...
07-10 11:06:44.264  4382  4382 I PhoneLab-Locks: wake lock released
07-10 11:06:44.284  4382  4382 I PhoneLab-StatusMonitorLocation: Learning Location
07-10 11:06:44.284  4382  4382 I PhoneLab-Locks: wake lock acquired
07-10 11:06:44.292  4382  4382 I PhoneLab-Locks: wake lock acquired
07-10 11:06:44.292   293   559 D androidNetworkLocationListeners: Still have listener com.google.android.location.internal.client.NetworkLocationClient$1@413175c0
07-10 11:06:44.296  4382  4382 I PhoneLab-StatusMonitorLocation: Learning Signal Strgth
07-10 11:06:44.296  4382  4382 I PhoneLab-Locks: wake lock acquired
07-10 11:06:44.331   293   559 D androidNetworkLocationListeners: Still have listener com.google.android.location.internal.client.NetworkLocationClient$1@413175c0
07-10 11:06:44.335  4382  4382 I PhoneLab-StatusMonitorBattery: Battery_level: 51
07-10 11:06:44.335  4382  4382 I PhoneLab-Locks: wake lock released
07-10 11:06:44.339  4382  4382 I PhoneLab-StatusMonitorSignal: Signal_Strength: -96 asu: 9
07-10 11:06:44.343  4382  4382 I PhoneLab-Locks: wake lock released
07-10 11:06:45.694  4382  4382 I PhoneLab-StatusMonitorLocation: Location_Latitude: 43.0020784 Longitude: -78.7869975 Accuracy: 59.0
07-10 11:06:45.722   293   559 D androidNetworkLocationListeners: Still have listener com.google.android.location.internal.client.NetworkLocationClient$1@413175c0
07-10 11:06:45.722  4382  4382 I PhoneLab-Locks: wake lock released
07-10 11:06:47.097   293   297 D dalvikvm: GC_CONCURRENT freed 663K, 7% free 11044K/11847K, paused 2ms+4ms
07-10 11:06:56.854  4484  4486 D dalvikvm: GC_CONCURRENT freed 695K, 8% free 11432K/12295K, paused 1ms+3ms
07-10 11:07:13.647  4484  4486 D dalvikvm: GC_CONCURRENT freed 759K, 8% free 11434K/12295K, paused 18ms+3ms
07-10 11:07:14.811   157   159 D dalvikvm: GC_CONCURRENT freed 804K, 20% free 12827K/16007K, paused 16ms+4ms
07-10 11:07:29.819  4484  4486 D dalvikvm: GC_CONCURRENT freed 762K, 8% free 11420K/12295K, paused 7ms+2ms
07-10 11:07:43.819  4484  4486 D dalvikvm: GC_CONCURRENT freed 678K, 8% free 11418K/12295K, paused 2ms+2ms
07-10 11:07:55.151  1102  1102 I wpa_supplicant: wlan0: WPA: Group rekeying completed with c4:3d:c7:a7:ad:c9 [GTK=CCMP]
07-10 11:07:58.800  4484  4486 D dalvikvm: GC_CONCURRENT freed 694K, 8% free 11418K/12295K, paused 3ms+3ms
07-10 11:08:00.120   227   229 D dalvikvm: GC_CONCURRENT freed 342K, 38% free 10919K/17543K, paused 1ms+4ms
07-10 11:08:01.807   356   359 D dalvikvm: GC_CONCURRENT freed 469K, 7% free 9450K/10055K, paused 54ms+2ms
07-10 11:08:12.827  4484  4486 D dalvikvm: GC_CONCURRENT freed 680K, 8% free 11418K/12295K, paused 2ms+3ms
07-10 11:08:22.276  4382  4395 I PhoneLab-: Service Running
07-10 11:08:22.366  4382  4395 I PhoneLab-LoggerService: app_36    1027  1     1440   1072  c00f181c 400107b4 S logcat
07-10 11:08:22.366  4382  4395 I PhoneLab-LoggerService: Logcat pid from database 1027
07-10 11:08:22.366  4382  4395 I PhoneLab-LoggerService: Logcat process found 1027
07-10 11:08:22.366  4382  4395 I PhoneLab-LoggerService: Checking Threshold
07-10 11:08:27.858  4484  4486 D dalvikvm: GC_CONCURRENT freed 683K, 8% free 11428K/12295K, paused 2ms+4ms
07-10 11:08:43.202  4484  4486 D dalvikvm: GC_CONCURRENT freed 746K, 8% free 11424K/12295K, paused 1ms+4ms
07-10 11:08:57.858  4484  4486 D dalvikvm: GC_CONCURRENT freed 692K, 8% free 11421K/12295K, paused 2ms+3ms
07-10 11:09:12.823  4484  4486 D dalvikvm: GC_CONCURRENT freed 685K, 8% free 11430K/12295K, paused 1ms+3ms
07-10 11:09:29.233  4484  4486 D dalvikvm: GC_CONCURRENT freed 751K, 7% free 11442K/12295K, paused 19ms+3ms
07-10 11:09:44.788  4484  4486 D dalvikvm: GC_CONCURRENT freed 745K, 8% free 11422K/12295K, paused 2ms+2ms
07-10 11:09:46.018  4484  4484 D dalvikvm: GC_FOR_ALLOC freed 77K, 8% free 11428K/12295K, paused 18ms
07-10 11:09:46.679   441   444 D dalvikvm: GC_CONCURRENT freed 455K, 6% free 9467K/10055K, paused 2ms+7ms
07-10 11:09:52.831   157   159 D dalvikvm: GC_CONCURRENT freed 844K, 20% free 12808K/16007K, paused 37ms+4ms
07-10 11:10:00.796  4484  4486 D dalvikvm: GC_CONCURRENT freed 707K, 8% free 11457K/12359K, paused 2ms+3ms
07-10 11:10:15.253  4484  4486 D dalvikvm: GC_CONCURRENT freed 675K, 8% free 11479K/12359K, paused 2ms+2ms
07-10 11:10:22.241  4382  4395 I PhoneLab-: Service Running
07-10 11:10:22.315  4382  4395 I PhoneLab-LoggerService: app_36    1027  1     1440   1072  c00f181c 400107b4 S logcat
07-10 11:10:22.319  4382  4395 I PhoneLab-LoggerService: Logcat pid from database 1027
07-10 11:10:22.319  4382  4395 I PhoneLab-LoggerService: Logcat process found 1027
07-10 11:10:22.319  4382  4395 I PhoneLab-LoggerService: Checking Threshold
07-10 11:10:31.823  4484  4486 D dalvikvm: GC_CONCURRENT freed 752K, 7% free 11513K/12359K, paused 17ms+2ms
07-10 11:10:46.823  4484  4486 D dalvikvm: GC_CONCURRENT freed 740K, 7% free 11501K/12359K, paused 2ms+3ms
07-10 11:11:03.143  4484  4486 D dalvikvm: GC_CONCURRENT freed 742K, 7% free 11517K/12359K, paused 14ms+3ms
07-10 11:11:18.804  4484  4486 D dalvikvm: GC_CONCURRENT freed 725K, 7% free 11511K/12359K, paused 2ms+3ms
07-10 11:11:34.339  4484  4486 D dalvikvm: GC_CONCURRENT freed 736K, 7% free 11510K/12359K, paused 2ms+3ms
07-10 11:11:49.823  4484  4486 D dalvikvm: GC_CONCURRENT freed 727K, 7% free 11515K/12359K, paused 1ms+4ms
07-10 11:12:05.815  4484  4486 D dalvikvm: GC_CONCURRENT freed 761K, 7% free 11518K/12359K, paused 19ms+4ms
07-10 11:12:20.503  4484  4486 D dalvikvm: GC_CONCURRENT freed 691K, 7% free 11559K/12423K, paused 2ms+4ms
07-10 11:12:22.241  4382  4395 I PhoneLab-: Service Running
07-10 11:12:22.350  4382  4395 I PhoneLab-LoggerService: app_36    1027  1     1440   1072  c00f181c 400107b4 S logcat
07-10 11:12:22.350  4382  4395 I PhoneLab-LoggerService: Logcat pid from database 1027
07-10 11:12:22.350  4382  4395 I PhoneLab-LoggerService: Logcat process found 1027
07-10 11:12:22.350  4382  4395 I PhoneLab-LoggerService: Checking Threshold
07-10 11:12:23.862   157   159 D dalvikvm: GC_CONCURRENT freed 822K, 20% free 12808K/16007K, paused 30ms+10ms
07-10 11:12:36.843  4484  4486 D dalvikvm: GC_CONCURRENT freed 747K, 7% free 11559K/12423K, paused 9ms+2ms
07-10 11:12:51.889  4484  4486 D dalvikvm: GC_CONCURRENT freed 747K, 8% free 11553K/12423K, paused 2ms+5ms
07-10 11:13:08.554  4484  4486 D dalvikvm: GC_CONCURRENT freed 752K, 7% free 11560K/12423K, paused 2ms+3ms
07-10 11:13:23.807  4484  4486 D dalvikvm: GC_CONCURRENT freed 745K, 8% free 11550K/12423K, paused 2ms+2ms
07-10 11:13:39.913  4484  4486 D dalvikvm: GC_CONCURRENT freed 753K, 7% free 11558K/12423K, paused 3ms+4ms
07-10 11:13:41.882   227   229 D dalvikvm: GC_CONCURRENT freed 490K, 38% free 10945K/17543K, paused 1ms+5ms
07-10 11:13:56.686  4484  4486 D dalvikvm: GC_CONCURRENT freed 754K, 7% free 11573K/12423K, paused 17ms+3ms
07-10 11:14:13.323  4484  4486 D dalvikvm: GC_CONCURRENT freed 808K, 8% free 11561K/12487K, paused 2ms+3ms
07-10 11:14:22.241  4382  4395 I PhoneLab-: Service Running
07-10 11:14:22.315  4382  4395 I PhoneLab-LoggerService: app_36    1027  1     1440   1072  c00f181c 400107b4 S logcat
07-10 11:14:22.315  4382  4395 I PhoneLab-LoggerService: Logcat pid from database 1027
07-10 11:14:22.315  4382  4395 I PhoneLab-LoggerService: Logcat process found 1027
07-10 11:14:22.315  4382  4395 I PhoneLab-LoggerService: Checking Threshold
07-10 11:14:28.823  4484  4486 D dalvikvm: GC_CONCURRENT freed 732K, 8% free 11550K/12487K, paused 1ms+3ms
07-10 11:14:44.593  4484  4486 D dalvikvm: GC_CONCURRENT freed 715K, 8% free 11554K/12487K, paused 2ms+3ms
07-10 11:15:00.847  4484  4486 D dalvikvm: GC_CONCURRENT freed 725K, 8% free 11559K/12487K, paused 18ms+3ms
07-10 11:15:04.772   356   359 D dalvikvm: GC_CONCURRENT freed 384K, 7% free 9450K/10055K, paused 16ms+2ms
07-10 11:15:07.843   157   159 D dalvikvm: GC_CONCURRENT freed 822K, 20% free 12809K/16007K, paused 38ms+5ms
07-10 11:15:15.835  4484  4486 D dalvikvm: GC_CONCURRENT freed 735K, 8% free 11555K/12487K, paused 1ms+3ms
07-10 11:15:31.776  4484  4486 D dalvikvm: GC_CONCURRENT freed 723K, 8% free 11552K/12487K, paused 1ms+3ms
07-10 11:15:47.124  4484  4486 D dalvikvm: GC_CONCURRENT freed 726K, 8% free 11572K/12487K, paused 1ms+3ms
07-10 11:16:03.948  4484  4486 D dalvikvm: GC_CONCURRENT freed 804K, 8% free 11559K/12487K, paused 4ms+3ms
07-10 11:16:19.866  4484  4486 D dalvikvm: GC_CONCURRENT freed 730K, 8% free 11553K/12487K, paused 1ms+3ms
07-10 11:16:22.241  4382  4395 I PhoneLab-: Service Running
07-10 11:16:22.323  4382  4395 I PhoneLab-LoggerService: app_36    1027  1     1440   1072  c00f181c 400107b4 S logcat
07-10 11:16:22.323  4382  4395 I PhoneLab-LoggerService: Logcat pid from database 1027
07-10 11:16:22.323  4382  4395 I PhoneLab-LoggerService: Logcat process found 1027
07-10 11:16:22.323  4382  4395 I PhoneLab-LoggerService: Checking Threshold
07-10 11:16:35.339  4484  4486 D dalvikvm: GC_CONCURRENT freed 724K, 8% free 11566K/12487K, paused 1ms+4ms
07-10 11:16:44.292  4382  4382 I PhoneLab-Locks: wake lock acquired
07-10 11:16:44.327  4382  4382 I PhoneLab-StatusMonitor: Status Monitoring is started
07-10 11:16:44.366  4382  4384 D dalvikvm: GC_CONCURRENT freed 556K, 14% free 9236K/10695K, paused 2ms+3ms
07-10 11:16:44.397  4382  4382 I PhoneLab-StatusMonitor: Value: 10 - unit: min
07-10 11:16:44.397  4382  4382 I PhoneLab-StatusMonitor: Running interval: 600000
07-10 11:16:44.405  4382  4382 I PhoneLab-StatusMonitor: Rescheduling status monitoring...
07-10 11:16:44.409  4382  4382 I PhoneLab-Locks: wake lock released
07-10 11:16:44.413  4382  4382 I PhoneLab-StatusMonitorLocation: Learning Location
07-10 11:16:44.413  4382  4382 I PhoneLab-Locks: wake lock acquired
07-10 11:16:44.417  4382  4382 I PhoneLab-Locks: wake lock acquired
07-10 11:16:44.417   293   559 D androidNetworkLocationListeners: Still have listener com.google.android.location.internal.client.NetworkLocationClient$1@413175c0
07-10 11:16:44.421  4382  4382 I PhoneLab-StatusMonitorLocation: Learning Signal Strgth
07-10 11:16:44.421  4382  4382 I PhoneLab-Locks: wake lock acquired
07-10 11:16:44.432   293   559 D androidNetworkLocationListeners: Still have listener com.google.android.location.internal.client.NetworkLocationClient$1@413175c0
07-10 11:16:44.432  4382  4382 I PhoneLab-StatusMonitorBattery: Battery_level: 55
07-10 11:16:44.436  4382  4382 I PhoneLab-Locks: wake lock released
07-10 11:16:44.440  4382  4382 I PhoneLab-StatusMonitorSignal: Signal_Strength: -96 asu: 9
07-10 11:16:44.440  4382  4382 I PhoneLab-Locks: wake lock released
07-10 11:16:45.690  4382  4382 I PhoneLab-StatusMonitorLocation: Location_Latitude: 43.0021008 Longitude: -78.7869187 Accuracy: 26.0
07-10 11:16:45.690   293   559 D androidNetworkLocationListeners: Still have listener com.google.android.location.internal.client.NetworkLocationClient$1@413175c0
07-10 11:16:45.690  4382  4382 I PhoneLab-Locks: wake lock released
07-10 11:16:47.151   293   297 D dalvikvm: GC_CONCURRENT freed 640K, 7% free 11078K/11847K, paused 2ms+3ms
07-10 11:16:50.796  4484  4486 D dalvikvm: GC_CONCURRENT freed 740K, 8% free 11556K/12487K, paused 2ms+3ms
07-10 11:17:06.542  4484  4486 D dalvikvm: GC_CONCURRENT freed 731K, 8% free 11569K/12487K, paused 1ms+3ms
07-10 11:17:23.225  4484  4486 D dalvikvm: GC_CONCURRENT freed 798K, 8% free 11561K/12487K, paused 2ms+5ms
07-10 11:17:31.831   157   159 D dalvikvm: GC_CONCURRENT freed 804K, 20% free 12833K/16007K, paused 2ms+4ms
07-10 11:17:38.796  4484  4486 D dalvikvm: GC_CONCURRENT freed 740K, 8% free 11556K/12487K, paused 2ms+4ms
07-10 11:17:54.534  4484  4486 D dalvikvm: GC_CONCURRENT freed 728K, 8% free 11567K/12487K, paused 1ms+4ms
07-10 11:18:09.804  4484  4486 D dalvikvm: GC_CONCURRENT freed 731K, 8% free 11558K/12487K, paused 2ms+3ms
07-10 11:18:22.241  4382  4395 I PhoneLab-: Service Running
07-10 11:18:22.347  4382  4384 D dalvikvm: GC_CONCURRENT freed 440K, 14% free 9215K/10695K, paused 2ms+7ms
07-10 11:18:22.354  4382  4395 I PhoneLab-LoggerService: app_36    1027  1     1440   1072  c00f181c 400107b4 S logcat
07-10 11:18:22.354  4382  4395 I PhoneLab-LoggerService: Logcat pid from database 1027
07-10 11:18:22.362  4382  4395 I PhoneLab-LoggerService: Logcat process found 1027
07-10 11:18:22.362  4382  4395 I PhoneLab-LoggerService: Checking Threshold
07-10 11:18:25.839  4484  4486 D dalvikvm: GC_CONCURRENT freed 735K, 8% free 11573K/12487K, paused 2ms+3ms
07-10 11:18:36.753   441   444 D dalvikvm: GC_CONCURRENT freed 397K, 6% free 9460K/10055K, paused 3ms+3ms
07-10 11:18:42.636  4484  4486 D dalvikvm: GC_CONCURRENT freed 792K, 8% free 11564K/12487K, paused 2ms+4ms
07-10 11:18:57.827  4484  4486 D dalvikvm: GC_CONCURRENT freed 728K, 8% free 11558K/12487K, paused 2ms+3ms
07-10 11:19:13.835  4484  4486 D dalvikvm: GC_CONCURRENT freed 737K, 8% free 11574K/12487K, paused 2ms+3ms
07-10 11:19:26.862   227   229 D dalvikvm: GC_CONCURRENT freed 519K, 38% free 10945K/17543K, paused 2ms+5ms
07-10 11:19:30.702  4484  4486 D dalvikvm: GC_CONCURRENT freed 789K, 8% free 11565K/12487K, paused 1ms+4ms
07-10 11:19:45.811  4484  4486 D dalvikvm: GC_CONCURRENT freed 732K, 8% free 11558K/12487K, paused 1ms+3ms
07-10 11:20:01.792  4484  4486 D dalvikvm: GC_CONCURRENT freed 716K, 8% free 11568K/12487K, paused 1ms+3ms
07-10 11:20:18.573  4484  4486 D dalvikvm: GC_CONCURRENT freed 799K, 8% free 11585K/12487K, paused 2ms+4ms
07-10 11:20:21.034   157   159 D dalvikvm: GC_CONCURRENT freed 853K, 20% free 12807K/16007K, paused 24ms+5ms
07-10 11:20:22.241  4382  4395 I PhoneLab-: Service Running
07-10 11:20:22.315  4382  4395 I PhoneLab-LoggerService: app_36    1027  1     1440   1072  c00f181c 400107b4 S logcat
07-10 11:20:22.315  4382  4395 I PhoneLab-LoggerService: Logcat pid from database 1027
07-10 11:20:22.315  4382  4395 I PhoneLab-LoggerService: Logcat process found 1027
07-10 11:20:22.315  4382  4395 I PhoneLab-LoggerService: Checking Threshold
07-10 11:20:35.253  4484  4486 D dalvikvm: GC_CONCURRENT freed 800K, 8% free 11579K/12487K, paused 1ms+3ms
07-10 11:20:44.495   157   157 D dalvikvm: GC_EXPLICIT freed 333K, 21% free 12790K/16007K, paused 4ms+4ms
07-10 11:20:51.940  4484  4486 D dalvikvm: GC_CONCURRENT freed 806K, 8% free 11568K/12487K, paused 3ms+3ms
07-10 11:21:08.753  4484  4486 D dalvikvm: GC_CONCURRENT freed 800K, 8% free 11563K/12487K, paused 2ms+3ms
07-10 11:21:21.905   293  3766 D dalvikvm: GC_EXPLICIT freed 367K, 7% free 11034K/11847K, paused 14ms+4ms
07-10 11:21:24.823  4484  4486 D dalvikvm: GC_CONCURRENT freed 725K, 8% free 11559K/12487K, paused 7ms+3ms
07-10 11:21:39.854  4484  4486 D dalvikvm: GC_CONCURRENT freed 729K, 8% free 11569K/12487K, paused 2ms+3ms
07-10 11:21:53.757   356   359 D dalvikvm: GC_CONCURRENT freed 383K, 7% free 9450K/10055K, paused 10ms+3ms
07-10 11:21:56.850  4484  4486 D dalvikvm: GC_CONCURRENT freed 793K, 8% free 11576K/12487K, paused 2ms+3ms
07-10 11:22:13.815  4484  4486 D dalvikvm: GC_CONCURRENT freed 792K, 8% free 11573K/12487K, paused 2ms+3ms
07-10 11:22:22.241  4382  4395 I PhoneLab-: Service Running
07-10 11:22:22.323  4382  4395 I PhoneLab-LoggerService: app_36    1027  1     1440   1072  c00f181c 400107b4 S logcat
07-10 11:22:22.323  4382  4395 I PhoneLab-LoggerService: Logcat pid from database 1027
07-10 11:22:22.323  4382  4395 I PhoneLab-LoggerService: Logcat process found 1027
07-10 11:22:22.323  4382  4395 I PhoneLab-LoggerService: Checking Threshold
07-10 11:22:30.854  4484  4486 D dalvikvm: GC_CONCURRENT freed 797K, 8% free 11573K/12487K, paused 19ms+3ms
07-10 11:22:32.667   157   173 V BackupManagerService: Running a backup pass
07-10 11:22:32.690   157   226 V BackupManagerService: clearing pending backups
07-10 11:22:32.690   157   226 V PerformBackupTask: Beginning backup of 1 targets
07-10 11:22:32.886   157   159 D dalvikvm: GC_CONCURRENT freed 616K, 19% free 12997K/16007K, paused 3ms+4ms
07-10 11:22:32.889   157   226 V BackupServiceBinder: doBackup() invoked
07-10 11:22:32.889   157   226 D PerformBackupTask: processOneBackup doBackup() on @pm@
07-10 11:22:32.913   157   226 I PerformBackupTask: no backup data written; not calling transport
07-10 11:22:32.917   157   173 D SettingsBackupAgent: onCreate() invoked
07-10 11:22:32.917   157   226 D PerformBackupTask: starting agent for backup of BackupRequest{pkg=com.android.providers.settings}
07-10 11:22:32.917   157   173 V ActivityThread: handleCreateBackupAgent: CreateBackupAgentData{appInfo=ApplicationInfo{413b65f0 com.android.providers.settings} backupAgent=com.android.providers.settings.SettingsBackupAgent mode=0}
07-10 11:22:32.917   157   173 V ActivityThread: Initializing agent class com.android.providers.settings.SettingsBackupAgent
07-10 11:22:32.921   157   226 V BackupServiceBinder: doBackup() invoked
07-10 11:22:32.921   157   226 D BackupManagerService: awaiting agent for ApplicationInfo{413b65f0 com.android.providers.settings}
07-10 11:22:32.921   157   173 D BackupManagerService: agentConnected pkg=com.android.providers.settings agent=android.app.backup.BackupAgent$BackupServiceBinder@41687210
07-10 11:22:32.921   157   226 D PerformBackupTask: processOneBackup doBackup() on com.android.providers.settings
07-10 11:22:32.960   157   226 V LocalTransport: performBackup() pkg=com.android.providers.settings
07-10 11:22:32.960   157   226 V LocalTransport: Got change set key=system size=913 key64=c3lzdGVt
07-10 11:22:32.960   157   173 V ActivityThread: handleDestroyBackupAgent: CreateBackupAgentData{appInfo=ApplicationInfo{413b65f0 com.android.providers.settings} backupAgent=com.android.providers.settings.SettingsBackupAgent mode=0}
07-10 11:22:32.968   157   226 V LocalTransport:   data size 913
07-10 11:22:32.972   157   226 V LocalTransport: finishBackup()
07-10 11:22:32.975   157   226 I PerformBackupTask: Backup pass finished.
07-10 11:22:47.827  4484  4486 D dalvikvm: GC_CONCURRENT freed 808K, 8% free 11564K/12487K, paused 1ms+4ms
07-10 11:23:03.179  4484  4486 D dalvikvm: GC_CONCURRENT freed 734K, 8% free 11572K/12487K, paused 1ms+3ms
07-10 11:23:19.905  4484  4486 D dalvikvm: GC_CONCURRENT freed 793K, 8% free 11567K/12487K, paused 2ms+4ms
07-10 11:23:36.671  4484  4486 D dalvikvm: GC_CONCURRENT freed 743K, 8% free 11578K/12487K, paused 18ms+3ms
07-10 11:23:53.315  4484  4486 D dalvikvm: GC_CONCURRENT freed 799K, 8% free 11581K/12487K, paused 1ms+4ms
07-10 11:23:59.034    81   124 D AudioHardware: AudioHardware pcm playback is exiting standby.
07-10 11:23:59.034    81   124 D AudioHardware: openPcmOut_l() mPcmOpenCnt: 0
07-10 11:24:02.124    81   124 D AudioHardware: AudioHardware pcm playback is going to standby.
07-10 11:24:02.124    81   124 D AudioHardware: closePcmOut_l() mPcmOpenCnt: 1
07-10 11:24:07.722    81   124 D AudioHardware: AudioHardware pcm playback is exiting standby.
07-10 11:24:07.722    81   124 D AudioHardware: openPcmOut_l() mPcmOpenCnt: 0
07-10 11:24:08.819  4484  4486 D dalvikvm: GC_CONCURRENT freed 781K, 8% free 11587K/12551K, paused 1ms+4ms
07-10 11:24:10.811    81   124 D AudioHardware: AudioHardware pcm playback is going to standby.
07-10 11:24:10.811    81   124 D AudioHardware: closePcmOut_l() mPcmOpenCnt: 1
07-10 11:24:22.241  4382  4395 I PhoneLab-: Service Running
07-10 11:24:22.335  4382  4395 I PhoneLab-LoggerService: app_36    1027  1     1440   1072  c00f181c 400107b4 S logcat
07-10 11:24:22.335  4382  4395 I PhoneLab-LoggerService: Logcat pid from database 1027
07-10 11:24:22.335  4382  4395 I PhoneLab-LoggerService: Logcat process found 1027
07-10 11:24:22.335  4382  4395 I PhoneLab-LoggerService: Checking Threshold
07-10 11:24:24.448  4484  4486 D dalvikvm: GC_CONCURRENT freed 741K, 8% free 11577K/12551K, paused 1ms+3ms
07-10 11:24:41.104  4484  4486 D dalvikvm: GC_CONCURRENT freed 751K, 8% free 11590K/12551K, paused 45ms+4ms
07-10 11:24:57.831  4484  4486 D dalvikvm: GC_CONCURRENT freed 775K, 8% free 11585K/12551K, paused 2ms+4ms
07-10 11:24:59.999   157   174 I ActivityManager: No longer want com.android.sprintmenu (pid 4013): hidden #16
07-10 11:25:00.065   157   333 W ActivityManager: Scheduling restart of crashed service com.android.sprintmenu/.HiddenPhoneService in 5000ms
07-10 11:25:03.405   157   159 D dalvikvm: GC_CONCURRENT freed 1041K, 20% free 12835K/16007K, paused 3ms+4ms
07-10 11:25:05.097   157   174 I ActivityManager: Start proc com.android.sprintmenu for service com.android.sprintmenu/.HiddenPhoneService: pid=4569 uid=1001 gids={3002, 3001, 3003, 1015}
07-10 11:25:05.112  4569  4575 D dalvikvm: Debugger has detached; object registry had 1 entries
07-10 11:25:14.612  4484  4486 D dalvikvm: GC_CONCURRENT freed 758K, 8% free 11590K/12551K, paused 18ms+4ms
07-10 11:25:26.870   227   229 D dalvikvm: GC_CONCURRENT freed 516K, 38% free 10951K/17543K, paused 1ms+5ms
07-10 11:25:30.807  4484  4486 D dalvikvm: GC_CONCURRENT freed 746K, 8% free 11575K/12551K, paused 5ms+3ms
07-10 11:25:46.819  4484  4486 D dalvikvm: GC_CONCURRENT freed 732K, 8% free 11586K/12551K, paused 2ms+3ms
07-10 11:26:02.757  4484  4486 D dalvikvm: GC_CONCURRENT freed 757K, 8% free 11576K/12551K, paused 2ms+3ms
07-10 11:26:19.253  4484  4486 D dalvikvm: GC_CONCURRENT freed 741K, 8% free 11583K/12551K, paused 1ms+4ms
07-10 11:26:22.241  4382  4395 I PhoneLab-: Service Running
07-10 11:26:22.315  4382  4395 I PhoneLab-LoggerService: app_36    1027  1     1440   1072  c00f181c 400107b4 S logcat
07-10 11:26:22.315  4382  4395 I PhoneLab-LoggerService: Logcat pid from database 1027
07-10 11:26:22.319  4382  4395 I PhoneLab-LoggerService: Logcat process found 1027
07-10 11:26:22.319  4382  4395 I PhoneLab-LoggerService: Checking Threshold
07-10 11:26:35.784  4484  4486 D dalvikvm: GC_CONCURRENT freed 731K, 8% free 11585K/12551K, paused 2ms+3ms
07-10 11:26:44.436  4382  4382 I PhoneLab-Locks: wake lock acquired
07-10 11:26:44.483  4382  4382 I PhoneLab-StatusMonitor: Status Monitoring is started
07-10 11:26:44.526  4382  4384 D dalvikvm: GC_CONCURRENT freed 480K, 14% free 9247K/10695K, paused 2ms+3ms
07-10 11:26:44.554  4382  4382 I PhoneLab-StatusMonitor: Value: 10 - unit: min
07-10 11:26:44.554  4382  4382 I PhoneLab-StatusMonitor: Running interval: 600000
07-10 11:26:44.569  4382  4382 I PhoneLab-StatusMonitor: Rescheduling status monitoring...
07-10 11:26:44.569  4382  4382 I PhoneLab-Locks: wake lock released
07-10 11:26:44.577  4382  4382 I PhoneLab-StatusMonitorLocation: Learning Location
07-10 11:26:44.577  4382  4382 I PhoneLab-Locks: wake lock acquired
07-10 11:26:44.581  4382  4382 I PhoneLab-Locks: wake lock acquired
07-10 11:26:44.581   293   559 D androidNetworkLocationListeners: Still have listener com.google.android.location.internal.client.NetworkLocationClient$1@413175c0
07-10 11:26:44.585  4382  4382 I PhoneLab-StatusMonitorLocation: Learning Signal Strgth
07-10 11:26:44.585  4382  4382 I PhoneLab-Locks: wake lock acquired
07-10 11:26:44.597   293   559 D androidNetworkLocationListeners: Still have listener com.google.android.location.internal.client.NetworkLocationClient$1@413175c0
07-10 11:26:44.597  4382  4382 I PhoneLab-StatusMonitorBattery: Battery_level: 59
07-10 11:26:44.600  4382  4382 I PhoneLab-Locks: wake lock released
07-10 11:26:44.604  4382  4382 I PhoneLab-StatusMonitorSignal: Signal_Strength: -96 asu: 9
07-10 11:26:44.604  4382  4382 I PhoneLab-Locks: wake lock released
07-10 11:26:45.866   293   559 D androidNetworkLocationListeners: Still have listener com.google.android.location.internal.client.NetworkLocationClient$1@413175c0
07-10 11:26:45.866  4382  4382 I PhoneLab-StatusMonitorLocation: Location_Latitude: 43.002114 Longitude: -78.7870723 Accuracy: 30.0
07-10 11:26:45.870  4382  4382 I PhoneLab-Locks: wake lock released
07-10 11:26:47.268   293   297 D dalvikvm: GC_CONCURRENT freed 603K, 7% free 11038K/11847K, paused 2ms+3ms
07-10 11:26:51.792  4484  4486 D dalvikvm: GC_CONCURRENT freed 742K, 8% free 11587K/12551K, paused 2ms+5ms
07-10 11:27:07.804  4484  4486 D dalvikvm: GC_CONCURRENT freed 747K, 8% free 11587K/12551K, paused 2ms+3ms
07-10 11:27:23.827  4484  4486 D dalvikvm: GC_CONCURRENT freed 755K, 8% free 11595K/12551K, paused 2ms+2ms
07-10 11:27:31.839   157   159 D dalvikvm: GC_CONCURRENT freed 888K, 20% free 12820K/16007K, paused 26ms+4ms
07-10 11:27:40.565  4484  4486 D dalvikvm: GC_CONCURRENT freed 752K, 8% free 11583K/12551K, paused 2ms+3ms
07-10 11:27:56.835  4484  4486 D dalvikvm: GC_CONCURRENT freed 734K, 8% free 11589K/12551K, paused 2ms+7ms
07-10 11:28:12.784  4484  4486 D dalvikvm: GC_CONCURRENT freed 752K, 8% free 11579K/12551K, paused 2ms+4ms
07-10 11:28:22.241  4382  4395 I PhoneLab-: Service Running
07-10 11:28:22.284  4382  4395 I PhoneLab-LoggerService: app_36    1027  1     1440   1072  c00f181c 400107b4 S logcat
07-10 11:28:22.284  4382  4395 I PhoneLab-LoggerService: Logcat pid from database 1027
07-10 11:28:22.284  4382  4395 I PhoneLab-LoggerService: Logcat process found 1027
07-10 11:28:22.288  4382  4395 I PhoneLab-LoggerService: Checking Threshold
07-10 11:28:28.823  4484  4486 D dalvikvm: GC_CONCURRENT freed 745K, 8% free 11579K/12551K, paused 1ms+3ms
07-10 11:28:42.807   356   359 D dalvikvm: GC_CONCURRENT freed 384K, 7% free 9450K/10055K, paused 71ms+3ms
07-10 11:28:45.214  4484  4486 D dalvikvm: GC_CONCURRENT freed 737K, 8% free 11582K/12551K, paused 2ms+3ms
07-10 11:29:01.854  4484  4486 D dalvikvm: GC_CONCURRENT freed 751K, 8% free 11598K/12551K, paused 2ms+3ms
07-10 11:29:18.624  4484  4486 D dalvikvm: GC_CONCURRENT freed 757K, 8% free 11584K/12551K, paused 2ms+3ms
07-10 11:29:34.804  4484  4486 D dalvikvm: GC_CONCURRENT freed 733K, 8% free 11577K/12551K, paused 1ms+4ms
07-10 11:29:49.800  4484  4486 D dalvikvm: GC_CONCURRENT freed 727K, 8% free 11582K/12551K, paused 1ms+4ms
07-10 11:30:00.175   157   159 D dalvikvm: GC_CONCURRENT freed 837K, 20% free 12811K/16007K, paused 7ms+10ms
07-10 11:30:06.448  4484  4486 D dalvikvm: GC_CONCURRENT freed 741K, 8% free 11585K/12551K, paused 2ms+4ms
07-10 11:30:22.241  4382  4395 I PhoneLab-: Service Running
07-10 11:30:22.284  4382  4395 I PhoneLab-LoggerService: app_36    1027  1     1440   1072  c00f181c 400107b4 S logcat
07-10 11:30:22.284  4382  4395 I PhoneLab-LoggerService: Logcat pid from database 1027
07-10 11:30:22.288  4382  4395 I PhoneLab-LoggerService: Logcat process found 1027
07-10 11:30:22.288  4382  4395 I PhoneLab-LoggerService: Checking Threshold
07-10 11:30:23.065  4484  4486 D dalvikvm: GC_CONCURRENT freed 759K, 8% free 11590K/12551K, paused 18ms+4ms
07-10 11:30:30.850  4382  4382 I PhoneLab-Locks: wake lock acquired
07-10 11:30:30.889  4382  4593 I PhoneLab-PeriodicCheckService: User info is synched
07-10 11:30:30.901  4382  4593 I PhoneLab-PeriodicCheckService: Logger Service is running
07-10 11:30:30.909  4382  4593 I PhoneLab-Locks: wake lock acquired
07-10 11:30:30.913  4382  4382 I PhoneLab-UploadLogs: Transfering log files now
07-10 11:30:30.913  4382  4382 I PhoneLab-UploadLogs: No log files to transfer
07-10 11:30:30.913  4382  4382 I PhoneLab-Locks: wake lock released
07-10 11:30:30.913  4382  4382 I PhoneLab-UploadLogs: OnStartCommand
07-10 11:30:30.917  4382  4593 I PhoneLab-PeriodicCheckService: Rescheduling periodic checking...
07-10 11:30:30.921  4382  4593 I PhoneLab-Locks: wake lock released
07-10 11:30:39.854  4484  4486 D dalvikvm: GC_CONCURRENT freed 778K, 8% free 11599K/12551K, paused 17ms+3ms
07-10 11:30:56.554  4484  4486 D dalvikvm: GC_CONCURRENT freed 756K, 8% free 11585K/12551K, paused 1ms+3ms
07-10 11:31:10.764   227   229 D dalvikvm: GC_CONCURRENT freed 526K, 38% free 10940K/17543K, paused 18ms+5ms
07-10 11:31:12.831  4484  4486 D dalvikvm: GC_CONCURRENT freed 736K, 8% free 11588K/12551K, paused 7ms+3ms
07-10 11:31:28.800  4484  4486 D dalvikvm: GC_CONCURRENT freed 750K, 8% free 11581K/12551K, paused 2ms+3ms
07-10 11:31:44.382  4484  4486 D dalvikvm: GC_CONCURRENT freed 721K, 8% free 11587K/12551K, paused 1ms+4ms
07-10 11:32:01.046  4484  4486 D dalvikvm: GC_CONCURRENT freed 753K, 8% free 11598K/12551K, paused 17ms+5ms
07-10 11:32:12.604   441   444 D dalvikvm: GC_CONCURRENT freed 384K, 6% free 9463K/10055K, paused 2ms+3ms
07-10 11:32:17.729  4484  4486 D dalvikvm: GC_CONCURRENT freed 757K, 8% free 11614K/12551K, paused 2ms+3ms
07-10 11:32:22.241  4382  4395 I PhoneLab-: Service Running
07-10 11:32:22.331  4382  4384 D dalvikvm: GC_CONCURRENT freed 447K, 14% free 9207K/10695K, paused 1ms+3ms
07-10 11:32:22.339  4382  4395 I PhoneLab-LoggerService: app_36    1027  1     1440   1072  c00f181c 400107b4 S logcat
07-10 11:32:22.339  4382  4395 I PhoneLab-LoggerService: Logcat pid from database 1027
07-10 11:32:22.347  4382  4395 I PhoneLab-LoggerService: Logcat process found 1027
07-10 11:32:22.347  4382  4395 I PhoneLab-LoggerService: Checking Threshold
07-10 11:32:34.409  4484  4486 D dalvikvm: GC_CONCURRENT freed 797K, 8% free 11569K/12551K, paused 2ms+3ms
07-10 11:32:42.089   157   159 D dalvikvm: GC_CONCURRENT freed 823K, 20% free 12809K/16007K, paused 5ms+4ms
07-10 11:32:50.792  4484  4486 D dalvikvm: GC_CONCURRENT freed 739K, 8% free 11563K/12551K, paused 2ms+3ms
07-10 11:33:00.296   293   667 I EventLogService: Aggregate from 1341932580107 (log), 1341932580107 (data)
07-10 11:33:06.827  4484  4486 D dalvikvm: GC_CONCURRENT freed 742K, 8% free 11566K/12551K, paused 18ms+3ms
07-10 11:33:22.800  4484  4486 D dalvikvm: GC_CONCURRENT freed 741K, 8% free 11566K/12551K, paused 2ms+3ms
07-10 11:33:38.979  4484  4486 D dalvikvm: GC_CONCURRENT freed 740K, 8% free 11577K/12551K, paused 7ms+4ms
07-10 11:33:55.745  4484  4486 D dalvikvm: GC_CONCURRENT freed 769K, 8% free 11576K/12551K, paused 1ms+3ms
07-10 11:34:12.374  4484  4486 D dalvikvm: GC_CONCURRENT freed 741K, 8% free 11583K/12551K, paused 2ms+3ms
07-10 11:34:22.241  4382  4395 I PhoneLab-: Service Running
07-10 11:34:22.304  4382  4395 I PhoneLab-LoggerService: app_36    1027  1     1440   1072  c00f181c 400107b4 S logcat
07-10 11:34:22.304  4382  4395 I PhoneLab-LoggerService: Logcat pid from database 1027
07-10 11:34:22.304  4382  4395 I PhoneLab-LoggerService: Logcat process found 1027
07-10 11:34:22.307  4382  4395 I PhoneLab-LoggerService: Checking Threshold
07-10 11:34:28.807  4484  4486 D dalvikvm: GC_CONCURRENT freed 745K, 8% free 11566K/12551K, paused 1ms+3ms
07-10 11:34:43.784  4484  4486 D dalvikvm: GC_CONCURRENT freed 727K, 8% free 11567K/12551K, paused 2ms+4ms
07-10 11:35:00.335  4484  4486 D dalvikvm: GC_CONCURRENT freed 739K, 8% free 11570K/12551K, paused 8ms+3ms
07-10 11:35:16.811  4484  4486 D dalvikvm: GC_CONCURRENT freed 733K, 8% free 11565K/12551K, paused 1ms+3ms
07-10 11:35:22.831   157   159 D dalvikvm: GC_CONCURRENT freed 828K, 21% free 12804K/16007K, paused 40ms+5ms
07-10 11:35:32.804  4484  4486 D dalvikvm: GC_CONCURRENT freed 737K, 8% free 11567K/12551K, paused 2ms+3ms
07-10 11:35:41.831   356   359 D dalvikvm: GC_CONCURRENT freed 384K, 7% free 9450K/10055K, paused 29ms+2ms
07-10 11:35:48.136  4484  4486 D dalvikvm: GC_CONCURRENT freed 720K, 8% free 11570K/12551K, paused 2ms+4ms
07-10 11:36:04.843  4484  4486 D dalvikvm: GC_CONCURRENT freed 746K, 8% free 11585K/12551K, paused 2ms+3ms
07-10 11:36:21.604  4484  4486 D dalvikvm: GC_CONCURRENT freed 756K, 8% free 11575K/12551K, paused 1ms+4ms
07-10 11:36:22.241  4382  4395 I PhoneLab-: Service Running
07-10 11:36:22.319  4382  4395 I PhoneLab-LoggerService: app_36    1027  1     1440   1072  c00f181c 400107b4 S logcat
07-10 11:36:22.319  4382  4395 I PhoneLab-LoggerService: Logcat pid from database 1027
07-10 11:36:22.319  4382  4395 I PhoneLab-LoggerService: Logcat process found 1027
07-10 11:36:22.319  4382  4395 I PhoneLab-LoggerService: Checking Threshold
07-10 11:36:37.847  4484  4486 D dalvikvm: GC_CONCURRENT freed 732K, 8% free 11566K/12551K, paused 8ms+3ms
07-10 11:36:41.854   227   229 D dalvikvm: GC_CONCURRENT freed 518K, 38% free 10945K/17543K, paused 2ms+5ms
07-10 11:36:44.569  4382  4382 I PhoneLab-Locks: wake lock acquired
07-10 11:36:44.573  4382  4382 I PhoneLab-StatusMonitor: Status Monitoring is started
07-10 11:36:44.639  4382  4384 D dalvikvm: GC_CONCURRENT freed 466K, 14% free 9250K/10695K, paused 2ms+2ms
07-10 11:36:44.663  4382  4382 I PhoneLab-StatusMonitor: Value: 10 - unit: min
07-10 11:36:44.663  4382  4382 I PhoneLab-StatusMonitor: Running interval: 600000
07-10 11:36:44.671  4382  4382 I PhoneLab-StatusMonitor: Rescheduling status monitoring...
07-10 11:36:44.675  4382  4382 I PhoneLab-Locks: wake lock released
07-10 11:36:44.679  4382  4382 I PhoneLab-StatusMonitorLocation: Learning Location
07-10 11:36:44.682  4382  4382 I PhoneLab-Locks: wake lock acquired
07-10 11:36:44.686  4382  4382 I PhoneLab-Locks: wake lock acquired
07-10 11:36:44.686   293   559 D androidNetworkLocationListeners: Still have listener com.google.android.location.internal.client.NetworkLocationClient$1@413175c0
07-10 11:36:44.690  4382  4382 I PhoneLab-StatusMonitorLocation: Learning Signal Strgth
07-10 11:36:44.690  4382  4382 I PhoneLab-Locks: wake lock acquired
07-10 11:36:44.718   293   559 D androidNetworkLocationListeners: Still have listener com.google.android.location.internal.client.NetworkLocationClient$1@413175c0
07-10 11:36:44.722  4382  4382 I PhoneLab-StatusMonitorBattery: Battery_level: 63
07-10 11:36:44.722  4382  4382 I PhoneLab-Locks: wake lock released
07-10 11:36:44.725  4382  4382 I PhoneLab-StatusMonitorSignal: Signal_Strength: -96 asu: 9
07-10 11:36:44.725  4382  4382 I PhoneLab-Locks: wake lock released
07-10 11:36:46.030  4382  4382 I PhoneLab-StatusMonitorLocation: Location_Latitude: 43.0021952 Longitude: -78.7870155 Accuracy: 21.0
07-10 11:36:46.030   293   559 D androidNetworkLocationListeners: Still have listener com.google.android.location.internal.client.NetworkLocationClient$1@413175c0
07-10 11:36:46.038  4382  4382 I PhoneLab-Locks: wake lock released
07-10 11:36:47.382   293   297 D dalvikvm: GC_CONCURRENT freed 660K, 7% free 11049K/11847K, paused 2ms+3ms
07-10 11:36:52.874  4484  4486 D dalvikvm: GC_CONCURRENT freed 716K, 8% free 11571K/12551K, paused 2ms+4ms
07-10 11:37:09.550  4484  4486 D dalvikvm: GC_CONCURRENT freed 733K, 8% free 11582K/12551K, paused 2ms+3ms
07-10 11:37:25.839  4484  4486 D dalvikvm: GC_CONCURRENT freed 748K, 8% free 11568K/12551K, paused 8ms+4ms
07-10 11:37:41.850  4484  4486 D dalvikvm: GC_CONCURRENT freed 740K, 8% free 11579K/12551K, paused 1ms+5ms
07-10 11:37:45.093   157   159 D dalvikvm: GC_CONCURRENT freed 805K, 20% free 12819K/16007K, paused 11ms+4ms
07-10 11:37:57.358  4484  4486 D dalvikvm: GC_CONCURRENT freed 733K, 8% free 11571K/12551K, paused 2ms+4ms
07-10 11:38:13.827  4484  4486 D dalvikvm: GC_CONCURRENT freed 719K, 8% free 11576K/12551K, paused 2ms+3ms
07-10 11:38:22.241  4382  4395 I PhoneLab-: Service Running
07-10 11:38:22.296  4382  4395 I PhoneLab-LoggerService: app_36    1027  1     1440   1072  c00f181c 400107b4 S logcat
07-10 11:38:22.296  4382  4395 I PhoneLab-LoggerService: Logcat pid from database 1027
07-10 11:38:22.296  4382  4395 I PhoneLab-LoggerService: Logcat process found 1027
07-10 11:38:22.296  4382  4395 I PhoneLab-LoggerService: Checking Threshold
07-10 11:38:24.780   157   193 I InputReader: Reconfiguring input devices.  changes=0x00000004
07-10 11:38:24.780   157   193 I InputReader: Device reconfigured: id=7, name='mxt224_ts_input', surface size is now 480x800, mode is 1
07-10 11:38:24.807   157   173 I ActivityManager: Config changed: {1.0 310mcc120mnc en_US layoutdir=0 sw320dp w320dp h508dp nrml long port finger -keyb/v/h -nav/h s.10}
07-10 11:38:24.999   227   229 D dalvikvm: GC_CONCURRENT freed 1227K, 42% free 10280K/17543K, paused 1ms+4ms
07-10 11:38:27.253   157   187 D dalvikvm: GC_EXPLICIT freed 271K, 20% free 12811K/16007K, paused 3ms+5ms
07-10 11:38:27.261  4484  4486 D dalvikvm: GC_CONCURRENT freed 689K, 8% free 11619K/12551K, paused 1ms+4ms
07-10 11:38:31.046   157   192 I ActivityManager: START {act=android.intent.action.MAIN cat=[android.intent.category.HOME] flg=0x10200000 cmp=com.android.launcher/com.android.launcher2.Launcher} from pid 157
07-10 11:38:31.706   157   374 I ActivityManager: No longer want com.google.android.inputmethod.latin.dictionarypack (pid 4117): hidden #16
07-10 11:38:32.378    81   124 D AudioHardware: AudioHardware pcm playback is exiting standby.
07-10 11:38:32.378    81   124 D AudioHardware: openPcmOut_l() mPcmOpenCnt: 0
07-10 11:38:32.495   385   450 D dalvikvm: GC_FOR_ALLOC freed 769K, 35% free 11853K/18119K, paused 66ms
07-10 11:38:32.573   385   450 D dalvikvm: GC_FOR_ALLOC freed 311K, 34% free 11986K/18119K, paused 30ms
07-10 11:38:32.667   385   389 D dalvikvm: GC_CONCURRENT freed 22K, 29% free 12933K/18119K, paused 2ms+7ms
07-10 11:38:32.772   385  1057 D dalvikvm: GC_FOR_ALLOC freed 95K, 29% free 12955K/18119K, paused 31ms
07-10 11:38:32.815   385   450 D dalvikvm: GC_FOR_ALLOC freed 4K, 22% free 14207K/18119K, paused 27ms
07-10 11:38:32.929   385   389 D dalvikvm: GC_CONCURRENT freed 138K, 21% free 14438K/18119K, paused 3ms+3ms
07-10 11:38:33.018   385  1057 D dalvikvm: GC_FOR_ALLOC freed 2165K, 31% free 12666K/18119K, paused 22ms
07-10 11:38:33.022   385  1057 I dalvikvm-heap: Grow heap (frag case) to 13.661MB for 1286224-byte allocation
07-10 11:38:33.065   385   450 D dalvikvm: GC_FOR_ALLOC freed 1K, 24% free 13921K/18119K, paused 26ms
07-10 11:38:33.163   385   389 D dalvikvm: GC_CONCURRENT freed 439K, 26% free 13564K/18119K, paused 2ms+6ms
07-10 11:38:33.347   385   576 D dalvikvm: GC_FOR_ALLOC freed 2917K, 34% free 12030K/18119K, paused 26ms
07-10 11:38:33.448   385   576 D dalvikvm: GC_FOR_ALLOC freed 687K, 33% free 12208K/18119K, paused 21ms
07-10 11:38:33.597   385  1058 D dalvikvm: GC_FOR_ALLOC freed 667K, 32% free 12466K/18119K, paused 28ms
07-10 11:38:33.690   385  1058 D dalvikvm: GC_FOR_ALLOC freed 919K, 31% free 12563K/18119K, paused 25ms
07-10 11:38:33.819   385  1056 D dalvikvm: GC_FOR_ALLOC freed 495K, 28% free 13118K/18119K, paused 33ms
07-10 11:38:33.921   385   389 D dalvikvm: GC_CONCURRENT freed 334K, 23% free 14089K/18119K, paused 2ms+8ms
07-10 11:38:34.046   385  1056 D dalvikvm: GC_FOR_ALLOC freed 1602K, 26% free 13447K/18119K, paused 24ms
07-10 11:38:34.089   385   450 D dalvikvm: GC_FOR_ALLOC freed 328K, 21% free 14377K/18119K, paused 21ms
07-10 11:38:34.366   157   168 I ActivityManager: START {act=android.intent.action.MAIN cat=[android.intent.category.LAUNCHER] flg=0x10200000 cmp=com.google.android.gm/.ConversationListActivityGmail} from pid 385
07-10 11:38:34.483   157   374 I ActivityManager: Start proc com.google.android.gm for activity com.google.android.gm/.ConversationListActivityGmail: pid=4611 uid=10056 gids={3003, 1015}
07-10 11:38:34.546   385   385 D OpenGLRenderer: Flushing caches (mode 1)
07-10 11:38:34.620   385   385 D OpenGLRenderer: Flushing caches (mode 0)
07-10 11:38:34.628  4611  4611 I ActivityThread: Pub gmail-ls: com.google.android.gm.provider.MailProvider
07-10 11:38:34.655  4611  4611 I ActivityThread: Pub com.google.android.gmail.SuggestionProvider: com.google.android.gm.SuggestionsProvider
07-10 11:38:34.659  4611  4611 I ActivityThread: Pub com.google.android.gm: com.google.android.gm.provider.PublicContentProvider
07-10 11:38:34.764  4611  4613 D dalvikvm: GC_CONCURRENT freed 235K, 4% free 9301K/9607K, paused 2ms+2ms
07-10 11:38:35.014   157   173 I Process : Sending signal. PID: 4611 SIG: 3
07-10 11:38:35.014  4611  4615 I dalvikvm: threadid=3: reacting to signal 3
07-10 11:38:35.026  4611  4615 I dalvikvm: Wrote stack traces to '/data/anr/traces.txt'
07-10 11:38:35.112  4611  4613 D dalvikvm: GC_CONCURRENT freed 260K, 4% free 9538K/9927K, paused 3ms+15ms
07-10 11:38:35.300  4611  4611 D libEGL  : loaded /system/lib/egl/libGLES_android.so
07-10 11:38:35.307  4611  4611 D libEGL  : loaded /vendor/lib/egl/libEGL_POWERVR_SGX540_120.so
07-10 11:38:35.311  4611  4611 D libEGL  : loaded /vendor/lib/egl/libGLESv1_CM_POWERVR_SGX540_120.so
07-10 11:38:35.315  4611  4611 D libEGL  : loaded /vendor/lib/egl/libGLESv2_POWERVR_SGX540_120.so
07-10 11:38:35.335  4611  4628 I Gmail   : calculateUnknownSyncRationalesAndPurgeInBackground: queueing
07-10 11:38:35.444  4611  4611 D OpenGLRenderer: Enabling debug mode 0
07-10 11:38:35.483   157   168 D dalvikvm: GC_EXPLICIT freed 276K, 19% free 13026K/16007K, paused 3ms+20ms
07-10 11:38:35.503  4611  4631 E Gmail.LabelManager: Unable to get label ^i for account ubphlab@gmail.com
07-10 11:38:35.514   157   173 I Process : Sending signal. PID: 4611 SIG: 3
07-10 11:38:35.514  4611  4615 I dalvikvm: threadid=3: reacting to signal 3
07-10 11:38:35.514   157   407 W InputManagerService: Starting input on non-focused client com.android.internal.view.IInputMethodClient$Stub$Proxy@41740a58 (uid=10025 pid=385)
07-10 11:38:35.554  4611  4615 I dalvikvm: Wrote stack traces to '/data/anr/traces.txt'
07-10 11:38:35.624   157   187 I ActivityManager: Displayed com.google.android.gm/.ConversationListActivityGmail: +1s195ms
07-10 11:38:35.647  4611  4636 I Gmail   : calculateUnknownSyncRationalesAndPurgeInBackground: exiting (labelMap not synced
07-10 11:38:35.663  4611  4631 E Gmail.LabelManager: Unable to get label ^i for account ubphlab@gmail.com
07-10 11:38:35.761  4611  4613 D dalvikvm: GC_CONCURRENT freed 177K, 3% free 9818K/10119K, paused 2ms+3ms
07-10 11:38:35.761  4611  4628 I Gmail   : calculateUnknownSyncRationalesAndPurgeInBackground: queueing
07-10 11:38:35.761  4611  4636 I Gmail   : calculateUnknownSyncRationalesAndPurgeInBackground: exiting (labelMap not synced
07-10 11:38:36.300  4611  4613 D dalvikvm: GC_CONCURRENT freed 233K, 4% free 10008K/10375K, paused 1ms+3ms
07-10 11:38:36.511  4611  4628 I Gmail   : calculateUnknownSyncRationalesAndPurgeInBackground: running
07-10 11:38:36.511  4611  4628 I Gmail   : calculateUnknownSyncRationalesAndPurgeInBackground: running
07-10 11:38:37.327    81   124 D AudioHardware: AudioHardware pcm playback is going to standby.
07-10 11:38:37.327    81   124 D AudioHardware: closePcmOut_l() mPcmOpenCnt: 1
07-10 11:38:38.999    81   124 D AudioHardware: AudioHardware pcm playback is exiting standby.
07-10 11:38:38.999    81   124 D AudioHardware: openPcmOut_l() mPcmOpenCnt: 0
07-10 11:38:39.397  4611  4642 I Gmail   : MainSyncRequestProto: lowestBkwdConvoId: 0, highestHandledServerOp: 2709815, normalSync: true
07-10 11:38:39.956  4611  4613 D dalvikvm: GC_CONCURRENT freed 330K, 5% free 10111K/10567K, paused 9ms+3ms
07-10 11:38:41.257  4611  4613 D dalvikvm: GC_CONCURRENT freed 338K, 5% free 10160K/10631K, paused 2ms+3ms
07-10 11:38:42.093    81   124 D AudioHardware: AudioHardware pcm playback is going to standby.
07-10 11:38:42.093    81   124 D AudioHardware: closePcmOut_l() mPcmOpenCnt: 1
07-10 11:38:43.147  4611  4613 D dalvikvm: GC_CONCURRENT freed 376K, 5% free 10185K/10695K, paused 5ms+4ms
07-10 11:38:44.354  4611  4613 D dalvikvm: GC_CONCURRENT freed 478K, 6% free 10151K/10759K, paused 2ms+3ms
07-10 11:38:44.514  4611  4613 D dalvikvm: GC_CONCURRENT freed 387K, 6% free 10150K/10759K, paused 2ms+3ms
07-10 11:38:44.675  4611  4613 D dalvikvm: GC_CONCURRENT freed 392K, 6% free 10149K/10759K, paused 2ms+4ms
07-10 11:38:44.862  4611  4613 D dalvikvm: GC_CONCURRENT freed 384K, 6% free 10151K/10759K, paused 2ms+4ms
07-10 11:38:45.011  4611  4613 D dalvikvm: GC_CONCURRENT freed 383K, 6% free 10152K/10759K, paused 2ms+2ms
07-10 11:38:45.167  4611  4613 D dalvikvm: GC_CONCURRENT freed 384K, 6% free 10154K/10759K, paused 2ms+4ms
07-10 11:38:45.315  4611  4613 D dalvikvm: GC_CONCURRENT freed 392K, 6% free 10148K/10759K, paused 2ms+4ms
07-10 11:38:45.460  4611  4613 D dalvikvm: GC_CONCURRENT freed 376K, 6% free 10156K/10759K, paused 2ms+3ms
07-10 11:38:45.616  4611  4613 D dalvikvm: GC_CONCURRENT freed 383K, 6% free 10157K/10759K, paused 3ms+3ms
07-10 11:38:45.776  4611  4613 D dalvikvm: GC_CONCURRENT freed 392K, 6% free 10151K/10759K, paused 2ms+3ms
07-10 11:38:45.921  4611  4613 D dalvikvm: GC_CONCURRENT freed 431K, 7% free 10105K/10759K, paused 3ms+2ms
07-10 11:38:46.288  4611  4613 D dalvikvm: GC_CONCURRENT freed 311K, 6% free 10177K/10759K, paused 2ms+3ms
07-10 11:38:46.608  4611  4642 D dalvikvm: GC_EXPLICIT freed 145K, 6% free 10145K/10759K, paused 8ms+3ms
07-10 11:38:46.671  4611  4642 I Gmail   : MainSyncRequestProto: lowestBkwdConvoId: 0, highestHandledServerOp: 2711961, normalSync: true
07-10 11:38:47.409  4611  4613 D dalvikvm: GC_CONCURRENT freed 339K, 6% free 10197K/10759K, paused 3ms+6ms
07-10 11:38:50.288  4611  4613 D dalvikvm: GC_CONCURRENT freed 394K, 6% free 10225K/10823K, paused 2ms+4ms
07-10 11:38:50.901  4611  4642 D dalvikvm: GC_FOR_ALLOC freed 312K, 6% free 10215K/10823K, paused 28ms
07-10 11:38:51.440  4611  4642 D dalvikvm: GC_FOR_ALLOC freed 263K, 5% free 10284K/10823K, paused 26ms
07-10 11:38:51.491  4611  4642 D dalvikvm: GC_FOR_ALLOC freed 30K, 5% free 10312K/10823K, paused 23ms
07-10 11:38:51.667  4611  4642 D dalvikvm: GC_FOR_ALLOC freed 317K, 7% free 10189K/10951K, paused 22ms
07-10 11:38:51.772  4611  4642 D dalvikvm: GC_FOR_ALLOC freed 94K, 6% free 10339K/10951K, paused 25ms
07-10 11:38:51.807  4611  4642 D dalvikvm: GC_FOR_ALLOC freed <1K, 5% free 10418K/10951K, paused 22ms
07-10 11:38:51.807  4611  4642 I dalvikvm-heap: Grow heap (frag case) to 10.402MB for 161644-byte allocation
07-10 11:38:51.843  4611  4611 D dalvikvm: GC_FOR_ALLOC freed 0K, 6% free 10576K/11143K, paused 24ms
07-10 11:38:52.288  4611  4613 D dalvikvm: GC_CONCURRENT freed 795K, 9% free 10228K/11143K, paused 3ms+8ms
07-10 11:38:54.659  4611  4634 I Gmail   : Sending notification intent: Intent { act=android.intent.action.PROVIDER_CHANGED dat=content://gmail-ls/unread/^iim (has extras) }
07-10 11:38:54.761  4611  4613 D dalvikvm: GC_CONCURRENT freed 394K, 9% free 10218K/11143K, paused 2ms+2ms
07-10 11:38:55.198  4611  4613 D dalvikvm: GC_CONCURRENT freed 403K, 8% free 10321K/11143K, paused 3ms+5ms
07-10 11:38:55.667  4611  4613 D dalvikvm: GC_CONCURRENT freed 367K, 8% free 10338K/11143K, paused 2ms+4ms
07-10 11:38:55.764  4484  4486 D dalvikvm: GC_CONCURRENT freed 818K, 8% free 11609K/12551K, paused 2ms+4ms
07-10 11:38:56.077  4611  4613 D dalvikvm: GC_CONCURRENT freed 377K, 7% free 10423K/11143K, paused 3ms+4ms
07-10 11:38:56.155  4611  4642 D dalvikvm: GC_FOR_ALLOC freed 22K, 5% free 10613K/11143K, paused 25ms
07-10 11:38:56.155  4611  4642 I dalvikvm-heap: Grow heap (frag case) to 10.641MB for 212278-byte allocation
07-10 11:38:56.179  4611  4642 D dalvikvm: GC_FOR_ALLOC freed 311K, 8% free 10509K/11399K, paused 23ms
07-10 11:38:56.206  4611  4642 D dalvikvm: GC_FOR_ALLOC freed 107K, 7% free 10715K/11399K, paused 21ms
07-10 11:38:56.682  4611  4613 D dalvikvm: GC_CONCURRENT freed 799K, 9% free 10394K/11399K, paused 2ms+7ms
07-10 11:38:57.276  4611  4613 D dalvikvm: GC_CONCURRENT freed 286K, 8% free 10561K/11399K, paused 2ms+3ms
07-10 11:38:57.460  4611  4613 D dalvikvm: GC_CONCURRENT freed 419K, 8% free 10601K/11399K, paused 2ms+4ms
07-10 11:38:57.639  4611  4613 D dalvikvm: GC_CONCURRENT freed 649K, 10% free 10365K/11399K, paused 4ms+7ms
07-10 11:38:58.007  4611  4613 D dalvikvm: GC_CONCURRENT freed 401K, 10% free 10356K/11399K, paused 2ms+4ms
07-10 11:38:58.456  4611  4613 D dalvikvm: GC_CONCURRENT freed 400K, 10% free 10369K/11399K, paused 2ms+5ms
07-10 11:38:58.878  4611  4613 D dalvikvm: GC_CONCURRENT freed 387K, 9% free 10389K/11399K, paused 4ms+3ms
07-10 11:38:59.198  4611  4613 D dalvikvm: GC_CONCURRENT freed 402K, 9% free 10412K/11399K, paused 2ms+3ms
07-10 11:38:59.284  4611  4642 D dalvikvm: GC_FOR_ALLOC freed 163K, 7% free 10603K/11399K, paused 22ms
07-10 11:38:59.604  4611  4613 D dalvikvm: GC_CONCURRENT freed 668K, 10% free 10344K/11399K, paused 2ms+4ms
07-10 11:38:59.952  4611  4613 D dalvikvm: GC_CONCURRENT freed 330K, 9% free 10402K/11399K, paused 2ms+4ms
07-10 11:39:00.612  4611  4613 D dalvikvm: GC_CONCURRENT freed 420K, 10% free 10365K/11399K, paused 8ms+4ms
07-10 11:39:00.819  4611  4613 D dalvikvm: GC_CONCURRENT freed 166K, 8% free 10601K/11399K, paused 2ms+3ms
07-10 11:39:00.847  4611  4642 D dalvikvm: GC_FOR_ALLOC freed 5K, 8% free 10596K/11399K, paused 22ms
07-10 11:39:00.847  4611  4642 I dalvikvm-heap: Grow heap (frag case) to 10.600MB for 187102-byte allocation
07-10 11:39:00.878  4611  4642 D dalvikvm: GC_FOR_ALLOC freed 91K, 8% free 10687K/11591K, paused 21ms
07-10 11:39:01.046  4611  4639 I Gmail   : Sending notification intent: Intent { act=android.intent.action.PROVIDER_CHANGED dat=content://gmail-ls/unread/^iim (has extras) }
07-10 11:39:01.307  4611  4613 D dalvikvm: GC_CONCURRENT freed 757K, 11% free 10364K/11591K, paused 9ms+3ms
07-10 11:39:01.557    81   124 D AudioHardware: AudioHardware pcm playback is exiting standby.
07-10 11:39:01.557    81   124 D AudioHardware: openPcmOut_l() mPcmOpenCnt: 0
07-10 11:39:01.753  4611  4613 D dalvikvm: GC_CONCURRENT freed 369K, 11% free 10384K/11591K, paused 2ms+3ms
07-10 11:39:02.120  4611  4613 D dalvikvm: GC_CONCURRENT freed 380K, 11% free 10398K/11591K, paused 3ms+4ms
07-10 11:39:02.554  4611  4613 D dalvikvm: GC_CONCURRENT freed 426K, 11% free 10394K/11591K, paused 6ms+4ms
07-10 11:39:02.878  4611  4618 I dalvikvm: Jit: resizing JitTable from 4096 to 8192
07-10 11:39:03.124  4611  4613 D dalvikvm: GC_CONCURRENT freed 419K, 11% free 10363K/11591K, paused 4ms+5ms
07-10 11:39:03.444  4611  4633 I Gmail   : Sending notification intent: Intent { act=android.intent.action.PROVIDER_CHANGED dat=content://gmail-ls/unread/^i (has extras) }
07-10 11:39:03.464  4611  4611 I Gmail   : Aborting broadcast of intent Intent { act=android.intent.action.PROVIDER_CHANGED dat=content://gmail-ls/unread/^i flg=0x10 (has extras) }, label is ^i
07-10 11:39:03.788  4611  4613 D dalvikvm: GC_CONCURRENT freed 342K, 11% free 10419K/11591K, paused 2ms+4ms
07-10 11:39:04.225  4611  4613 D dalvikvm: GC_CONCURRENT freed 403K, 11% free 10402K/11591K, paused 3ms+3ms
07-10 11:39:04.620  4611  4613 D dalvikvm: GC_CONCURRENT freed 396K, 11% free 10394K/11591K, paused 3ms+3ms
07-10 11:39:04.647    81   124 D AudioHardware: AudioHardware pcm playback is going to standby.
07-10 11:39:04.647    81   124 D AudioHardware: closePcmOut_l() mPcmOpenCnt: 1
07-10 11:39:05.202  4611  4613 D dalvikvm: GC_CONCURRENT freed 380K, 11% free 10419K/11591K, paused 2ms+5ms
07-10 11:39:05.417    81   124 D AudioHardware: AudioHardware pcm playback is exiting standby.
07-10 11:39:05.417    81   124 D AudioHardware: openPcmOut_l() mPcmOpenCnt: 0
07-10 11:39:05.796  4611  4642 D dalvikvm: GC_EXPLICIT freed 331K, 11% free 10383K/11591K, paused 6ms+5ms
07-10 11:39:05.839  4611  4611 D dalvikvm: GC_FOR_ALLOC freed 23K, 11% free 10360K/11591K, paused 29ms
07-10 11:39:05.847  4611  4611 I dalvikvm-heap: Grow heap (frag case) to 10.923MB for 768016-byte allocation
07-10 11:39:05.882  4611  4611 D dalvikvm: GC_FOR_ALLOC freed 4K, 11% free 11105K/12359K, paused 32ms
07-10 11:39:05.975  4611  4613 D dalvikvm: GC_CONCURRENT freed 3K, 11% free 11117K/12359K, paused 4ms+6ms
07-10 11:39:06.050  4611  4642 I Gmail   : MainSyncRequestProto: lowestBkwdConvoId: 0, highestHandledServerOp: 2711964, normalSync: true
07-10 11:39:06.479  4611  4613 D dalvikvm: GC_CONCURRENT freed 240K, 7% free 11568K/12359K, paused 2ms+4ms
07-10 11:39:08.507    81   124 D AudioHardware: AudioHardware pcm playback is going to standby.
07-10 11:39:08.507    81   124 D AudioHardware: closePcmOut_l() mPcmOpenCnt: 1
07-10 11:39:08.749  4611  4642 W Gmail   : Scheduling index for 300000 ms from now
07-10 11:39:08.800  4611  4642 I Gmail   : Sending notification intent: Intent { act=android.intent.action.PROVIDER_CHANGED dat=content://gmail-ls/unread/^i (has extras) }
07-10 11:39:08.815  4611  4642 I Gmail   : Sending notification intent: Intent { act=android.intent.action.PROVIDER_CHANGED dat=content://gmail-ls/unread/^iim (has extras) }
07-10 11:39:08.874  4611  4651 I Gmail   : getStartSyncRequest: handledServerOpId: 2711964, upperFetchedConvoId: 1407032125847240704, lowerFetchedConvoId: 0, ackedClientOp: 5
07-10 11:39:09.038  4611  4613 D dalvikvm: GC_CONCURRENT freed 813K, 8% free 11642K/12551K, paused 3ms+11ms
07-10 11:39:09.085  4611  4663 W Gmail   : Showing notification with unreadCount of 16 and unseenCount of 5
07-10 11:39:09.171  4611  4663 D dalvikvm: GC_EXPLICIT freed 75K, 8% free 11619K/12551K, paused 5ms+6ms
07-10 11:39:09.300   157   374 D dalvikvm: JIT code cache reset in 13 ms (1048496 bytes 5/0)
07-10 11:39:09.323   157   374 D dalvikvm: GC_EXPLICIT freed 706K, 19% free 13018K/16007K, paused 3ms+26ms
07-10 11:39:09.464   157  4665 I AudioService:  AudioFocus  requestAudioFocus() from android.media.AudioManager@414fb440
07-10 11:39:09.514    81   124 D AudioHardware: AudioHardware pcm playback is exiting standby.
07-10 11:39:09.514    81   124 D AudioHardware: openPcmOut_l() mPcmOpenCnt: 0
07-10 11:39:09.608   227   229 D dalvikvm: GC_CONCURRENT freed 188K, 40% free 10531K/17543K, paused 2ms+4ms
07-10 11:39:10.069  4611  4613 D dalvikvm: GC_CONCURRENT freed 1589K, 14% free 10949K/12615K, paused 2ms+5ms
07-10 11:39:10.288  4611  4613 D dalvikvm: GC_CONCURRENT freed 695K, 14% free 10898K/12615K, paused 3ms+6ms
07-10 11:39:10.518  4611  4613 D dalvikvm: GC_CONCURRENT freed 596K, 14% free 10946K/12615K, paused 2ms+5ms
07-10 11:39:10.753  4611  4613 D dalvikvm: GC_CONCURRENT freed 609K, 13% free 10979K/12615K, paused 2ms+6ms
07-10 11:39:10.940  4611  4613 D dalvikvm: GC_CONCURRENT freed 637K, 14% free 10895K/12615K, paused 2ms+4ms
07-10 11:39:11.132  4611  4613 D dalvikvm: GC_CONCURRENT freed 625K, 14% free 10869K/12615K, paused 2ms+3ms
07-10 11:39:11.319  4611  4613 D dalvikvm: GC_CONCURRENT freed 537K, 14% free 10884K/12615K, paused 2ms+5ms
07-10 11:39:11.538  4611  4651 I Gmail   : checkLabelsSets changed the label sets to: included([^^out, ^r]), partial([^i, ^f, ^iim]), all([userlabel:100023093, userlabel:97716, userlabel:1940515987, userlabel:-1431539954, userlabel:109776329, userlabel:98323, userlabel:-995364504, userlabel:2914456, ^io_im, userlabel:-65150307, userlabel:3554063, userlabel:937207075, userlabel:-352013224, userlabel:94101, userlabel:1987365622, userlabel:93982, userlabel:112903375, userlabel:3169049, userlabel:1064538598, userlabel:-903566220, userlabel:-1492276990, userlabel:-1492276991, userlabel:726267298, userlabel:-1492276992, userlabel:46145881, userlabel:3619905, userlabel:-456110118, ^imi, userlabel:114869750, userlabel:98235639, ^iim, userlabel:-444334895, ^all, userlabel:2896756, ^imn, userlabel:-1492276993, userlabel:-1492276994, userlabel:546997401, userlabel:3480, userlabel:-1435862505, userlabel:1266154575, userlabel:1943966589, ^i, userlabel:-1549068606, ^g, ^f, userlabel:-1508083783, ^k, userlabel:3512742, userlabel:-995205389, userlabel:93692, userlabel:-1280096929, ^b, userlabel:107142, userlabel:-1414779652, userlabel:3026, userlabel:470072541, userlabel:3025, userlabel:-197423724, userlabel:105008833, ^t, ^u, userlabel:843908213, userlabel:-1023621503, ^r, userlabel:-1492383895, userlabel:1895331871, ^s])
07-10 11:39:11.589   157  4665 I AudioService:  AudioFocus  abandonAudioFocus() from android.media.AudioManager@414fb440
07-10 11:39:11.823  4611  4613 D dalvikvm: GC_CONCURRENT freed 547K, 15% free 10844K/12615K, paused 17ms+14ms
07-10 11:39:11.882   227   229 D dalvikvm: GC_CONCURRENT freed 312K, 40% free 10604K/17543K, paused 2ms+7ms
07-10 11:39:12.116  4611  4611 D dalvikvm: GC_FOR_ALLOC freed 118K, 14% free 10876K/12615K, paused 29ms
07-10 11:39:12.116  4611  4611 I dalvikvm-heap: Grow heap (frag case) to 11.427MB for 768016-byte allocation
07-10 11:39:12.155  4611  4651 D dalvikvm: GC_FOR_ALLOC freed 2K, 8% free 11623K/12615K, paused 26ms
07-10 11:39:12.245  4611  4613 D dalvikvm: GC_CONCURRENT freed 28K, 8% free 11698K/12615K, paused 2ms+6ms
07-10 11:39:12.280  4611  4650 I Gmail   : Sending notification intent: Intent { act=android.intent.action.PROVIDER_CHANGED dat=content://gmail-ls/unread/^i (has extras) }
07-10 11:39:12.780  4611  4651 D dalvikvm: GC_EXPLICIT freed 145K, 7% free 11735K/12615K, paused 3ms+13ms
07-10 11:39:12.932  4611  4651 I Gmail   : MainSyncRequestProto: lowestBkwdConvoId: 0, highestHandledServerOp: 2711964, normalSync: true
07-10 11:39:13.280  4611  4670 W Gmail   : Showing notification with unreadCount of 19 and unseenCount of 5
07-10 11:39:13.347   542   545 D dalvikvm: GC_CONCURRENT freed 400K, 10% free 9315K/10247K, paused 28ms+40ms
07-10 11:39:13.347   542  4672 I DownloadManager: Initiating request for download 85
07-10 11:39:13.827  4611  4613 D dalvikvm: GC_CONCURRENT freed 688K, 7% free 11944K/12743K, paused 2ms+15ms
07-10 11:39:13.870  4611  4611 D webviewglue: nativeDestroy view: 0x762260
07-10 11:39:13.897  4611  4611 D webviewglue: nativeDestroy view: 0x612028
07-10 11:39:14.456  4611  4651 D dalvikvm: GC_EXPLICIT freed 1579K, 13% free 11144K/12807K, paused 2ms+5ms
07-10 11:39:14.475  4611  4651 I Gmail   : MainSyncRequestProto: lowestBkwdConvoId: 0, highestHandledServerOp: 2712018, normalSync: true
07-10 11:39:14.479  4611  4651 I Gmail   : lowestBackward conversation id 0
07-10 11:39:14.487  4611  4651 W Gmail   : Scheduling index for 300000 ms from now
07-10 11:39:14.565   267  1161 D dalvikvm: GC_EXPLICIT freed 232K, 5% free 9315K/9799K, paused 2ms+2ms
07-10 11:39:14.675    81   124 D AudioHardware: AudioHardware pcm playback is going to standby.
07-10 11:39:14.675    81   124 D AudioHardware: closePcmOut_l() mPcmOpenCnt: 1
07-10 11:39:14.850   542  4680 D dalvikvm: GC_EXPLICIT freed 364K, 10% free 9312K/10247K, paused 3ms+11ms
07-10 11:39:14.858   542  4680 I DownloadManager: deleting /data/data/com.android.providers.downloads/cache/downloadfile.jpeg
07-10 11:39:15.054   542  4683 I DownloadManager: Initiating request for download 86
07-10 11:39:15.354   157   376 W InputManagerService: Starting input on non-focused client com.android.internal.view.IInputMethodClient$Stub$Proxy@415687c8 (uid=10056 pid=4611)
07-10 11:39:15.514   157   173 I Process : Sending signal. PID: 385 SIG: 3
07-10 11:39:15.518   385   392 I dalvikvm: threadid=3: reacting to signal 3
07-10 11:39:15.659   385   392 D dalvikvm: ExtrMon: insns 0x0 not valid (0x0 - 0x0)
07-10 11:39:15.663   385   392 I dalvikvm: Wrote stack traces to '/data/anr/traces.txt'
07-10 11:39:15.714   385   389 D dalvikvm: GC_CONCURRENT freed 3897K, 33% free 12246K/18119K, paused 3ms+4ms
07-10 11:39:15.979   385   389 D dalvikvm: GC_CONCURRENT freed 390K, 29% free 12889K/18119K, paused 2ms+9ms
07-10 11:39:16.018   157   173 I Process : Sending signal. PID: 385 SIG: 3
07-10 11:39:16.018   385   392 I dalvikvm: threadid=3: reacting to signal 3
07-10 11:39:16.038   385   392 I dalvikvm: Wrote stack traces to '/data/anr/traces.txt'
07-10 11:39:16.253  4611  4613 D dalvikvm: GC_CONCURRENT freed 547K, 13% free 11229K/12807K, paused 4ms+3ms
07-10 11:39:16.300   385   576 D dalvikvm: GC_FOR_ALLOC freed 932K, 33% free 12206K/18119K, paused 73ms
07-10 11:39:16.311   385   576 I dalvikvm-heap: Grow heap (frag case) to 13.211MB for 1286224-byte allocation
07-10 11:39:16.378   385  1057 D dalvikvm: GC_FOR_ALLOC freed 2K, 26% free 13459K/18119K, paused 46ms
07-10 11:39:16.460  4611  4611 D OpenGLRenderer: Flushing caches (mode 0)
07-10 11:39:16.550   385   389 D dalvikvm: GC_CONCURRENT freed <1K, 26% free 13504K/18119K, paused 3ms+37ms
07-10 11:39:16.827   385   576 D dalvikvm: GC_FOR_ALLOC freed 1641K, 33% free 12285K/18119K, paused 54ms
07-10 11:39:16.827   385   576 I dalvikvm-heap: Grow heap (frag case) to 13.289MB for 1286224-byte allocation
07-10 11:39:16.897   385  1057 D dalvikvm: GC_FOR_ALLOC freed 2K, 26% free 13538K/18119K, paused 52ms
07-10 11:39:16.991  4611  4611 D OpenGLRenderer: Flushing caches (mode 1)
07-10 11:39:17.097   385   389 D dalvikvm: GC_CONCURRENT freed 4K, 25% free 13703K/18119K, paused 2ms+2ms
07-10 11:39:17.733   157   407 I ActivityManager: No longer want com.google.android.gallery3d (pid 958): hidden #16
07-10 11:39:18.085   385   389 D dalvikvm: GC_CONCURRENT freed 2440K, 30% free 12774K/18119K, paused 2ms+4ms
07-10 11:39:18.253   542   545 D dalvikvm: GC_CONCURRENT freed 364K, 9% free 9337K/10247K, paused 6ms+3ms
07-10 11:39:18.307   542  4691 I DownloadManager: deleting /data/data/com.android.providers.downloads/cache/downloadfile.jpeg
07-10 11:39:18.577   157  4693 I AudioService:  AudioFocus  abandonAudioFocus() from android.media.AudioManager@414fb440
07-10 11:39:19.929   542  4694 I DownloadManager: Initiating request for download 87
07-10 11:39:20.569   157   157 D dalvikvm: GC_EXPLICIT freed 715K, 19% free 13025K/16007K, paused 5ms+6ms
07-10 11:39:20.663   542   545 D dalvikvm: GC_CONCURRENT freed 380K, 9% free 9345K/10247K, paused 1ms+3ms
07-10 11:39:20.780   542  4699 I DownloadManager: deleting /data/data/com.android.providers.downloads/cache/downloadfile.jpeg
07-10 11:39:20.929   542  4701 I DownloadManager: Initiating request for download 88
07-10 11:39:22.136   542   545 D dalvikvm: GC_CONCURRENT freed 396K, 9% free 9332K/10247K, paused 10ms+3ms
07-10 11:39:22.569   542  4708 I DownloadManager: deleting /data/data/com.android.providers.downloads/cache/downloadfile.jpeg
07-10 11:39:22.686   542  4710 I DownloadManager: Initiating request for download 89
07-10 11:39:22.764  4484  4486 D dalvikvm: GC_CONCURRENT freed 757K, 8% free 11604K/12551K, paused 3ms+3ms
07-10 11:39:23.245   542   545 D dalvikvm: GC_CONCURRENT freed 340K, 9% free 9378K/10247K, paused 38ms+8ms
07-10 11:39:23.749   542  4716 I DownloadManager: deleting /data/data/com.android.providers.downloads/cache/downloadfile.bmp
07-10 11:39:23.796  4611  4613 D dalvikvm: GC_CONCURRENT freed 752K, 14% free 11086K/12807K, paused 5ms+9ms
07-10 11:39:23.897   542  4718 I DownloadManager: Initiating request for download 90
07-10 11:39:24.081   542   545 D dalvikvm: GC_CONCURRENT freed 390K, 9% free 9405K/10247K, paused 3ms+4ms
07-10 11:39:26.436   157   168 W InputManagerService: Window already focused, ignoring focus gain of: com.android.internal.view.IInputMethodClient$Stub$Proxy@41534960
07-10 11:39:27.030   542  4727 I DownloadManager: deleting /data/data/com.android.providers.downloads/cache/downloadfile.jpeg
07-10 11:39:27.573    81   124 D AudioHardware: AudioHardware pcm playback is exiting standby.
07-10 11:39:27.573    81   124 D AudioHardware: openPcmOut_l() mPcmOpenCnt: 0
07-10 11:39:30.272   157   355 I ActivityManager: START {act=android.intent.action.MAIN cat=[android.intent.category.LAUNCHER] flg=0x10200000 cmp=com.google.android.talk/.SigningInActivity} from pid 385
07-10 11:39:30.425   157   374 I ActivityManager: Start proc com.google.android.talk for activity com.google.android.talk/.SigningInActivity: pid=4732 uid=10044 gids={3003, 1015, 1006, 3002}
07-10 11:39:30.561   385   385 D OpenGLRenderer: Flushing caches (mode 1)
07-10 11:39:30.639   385   385 D OpenGLRenderer: Flushing caches (mode 0)
07-10 11:39:30.682  4732  4732 I ActivityThread: Pub com.google.android.talk.SuggestionProvider: com.google.android.talk.SuggestionsProvider
07-10 11:39:30.819  4732  4732 D vclib:CallStateClient: startListening
07-10 11:39:30.831  4732  4733 D dalvikvm: GC_CONCURRENT freed 141K, 3% free 9341K/9607K, paused 11ms+4ms
07-10 11:39:31.026   157   173 I Process : Sending signal. PID: 4732 SIG: 3
07-10 11:39:31.026  4732  4737 I dalvikvm: threadid=3: reacting to signal 3
07-10 11:39:31.057  4732  4737 I dalvikvm: Wrote stack traces to '/data/anr/traces.txt'
07-10 11:39:31.229  4732  4733 D dalvikvm: GC_CONCURRENT freed 260K, 4% free 9503K/9863K, paused 3ms+3ms
07-10 11:39:31.280  4732  4732 D vclib:CallStateClient: startListening
07-10 11:39:31.374  4732  4732 D libEGL  : loaded /system/lib/egl/libGLES_android.so
07-10 11:39:31.386  4732  4732 D libEGL  : loaded /vendor/lib/egl/libEGL_POWERVR_SGX540_120.so
07-10 11:39:31.397  4732  4732 D libEGL  : loaded /vendor/lib/egl/libGLESv1_CM_POWERVR_SGX540_120.so
07-10 11:39:31.401  4732  4732 D libEGL  : loaded /vendor/lib/egl/libGLESv2_POWERVR_SGX540_120.so
07-10 11:39:31.468  4732  4732 D OpenGLRenderer: Enabling debug mode 0
07-10 11:39:31.499  4732  4758 E talk    : [Databaseutils] pruneOldMessageHistory
07-10 11:39:31.514   157   407 W InputManagerService: Starting input on non-focused client com.android.internal.view.IInputMethodClient$Stub$Proxy@41740a58 (uid=10025 pid=385)
07-10 11:39:31.518   157   173 I Process : Sending signal. PID: 4732 SIG: 3
07-10 11:39:31.522  4732  4737 I dalvikvm: threadid=3: reacting to signal 3
07-10 11:39:31.530  4732  4737 I dalvikvm: Wrote stack traces to '/data/anr/traces.txt'
07-10 11:39:31.557   157   187 I ActivityManager: Displayed com.google.android.talk/.SigningInActivity: +1s184ms
07-10 11:39:31.893   293  3766 D dalvikvm: GC_EXPLICIT freed 481K, 7% free 11114K/11847K, paused 9ms+12ms
07-10 11:39:31.952  4732  4732 D vclib:CallStateClient: stopListening
07-10 11:39:31.952  4732  4732 D vclib:CallStateClient: startListening
07-10 11:39:32.112  4732  4733 D dalvikvm: GC_CONCURRENT freed 240K, 4% free 9760K/10119K, paused 2ms+3ms
07-10 11:39:32.304  4732  4733 D dalvikvm: GC_CONCURRENT freed 136K, 3% free 10080K/10311K, paused 2ms+3ms
07-10 11:39:33.241    81   124 D AudioHardware: AudioHardware pcm playback is going to standby.
07-10 11:39:33.245    81   124 D AudioHardware: closePcmOut_l() mPcmOpenCnt: 1
07-10 11:39:36.335   157   159 D dalvikvm: GC_CONCURRENT freed 814K, 18% free 13171K/16007K, paused 2ms+6ms
07-10 11:39:36.460   385   389 D dalvikvm: GC_CONCURRENT freed 2106K, 35% free 11890K/18119K, paused 2ms+12ms
07-10 11:39:36.526   385   450 D dalvikvm: GC_FOR_ALLOC freed 364K, 35% free 11910K/18119K, paused 22ms
07-10 11:39:36.608   385   389 D dalvikvm: GC_CONCURRENT freed 2K, 30% free 12812K/18119K, paused 1ms+8ms
07-10 11:39:36.682   157   173 I Process : Sending signal. PID: 385 SIG: 3
07-10 11:39:36.682   385   392 I dalvikvm: threadid=3: reacting to signal 3
07-10 11:39:36.690   385   392 I dalvikvm: Wrote stack traces to '/data/anr/traces.txt'
07-10 11:39:36.761   385  1056 D dalvikvm: GC_FOR_ALLOC freed 75K, 29% free 12919K/18119K, paused 43ms
07-10 11:39:36.807   385   450 D dalvikvm: GC_FOR_ALLOC freed 4K, 22% free 14171K/18119K, paused 22ms
07-10 11:39:36.921   385   389 D dalvikvm: GC_CONCURRENT freed 138K, 20% free 14647K/18119K, paused 10ms+4ms
07-10 11:39:37.014  4732  4732 D OpenGLRenderer: Flushing caches (mode 0)
07-10 11:39:37.026   385  1056 D dalvikvm: GC_FOR_ALLOC freed 2411K, 32% free 12354K/18119K, paused 32ms
07-10 11:39:37.038   385  1056 I dalvikvm-heap: Grow heap (frag case) to 13.356MB for 1286224-byte allocation
07-10 11:39:37.081   385   385 D dalvikvm: GC_FOR_ALLOC freed 2K, 25% free 13608K/18119K, paused 29ms
07-10 11:39:37.194   385   389 D dalvikvm: GC_CONCURRENT freed 23K, 23% free 13959K/18119K, paused 6ms+16ms
07-10 11:39:37.491   385   389 D dalvikvm: GC_CONCURRENT freed 2133K, 26% free 13455K/18119K, paused 3ms+6ms
07-10 11:39:37.542   157   173 I ActivityManager: No longer want com.google.android.partnersetup (pid 4183): hidden #16
07-10 11:39:37.557  4732  4732 D OpenGLRenderer: Flushing caches (mode 1)
07-10 11:39:37.573  4732  4732 D vclib:CallStateClient: stopListening
07-10 11:39:38.659   157   192 I ActivityManager: START {act=android.intent.action.MAIN cat=[android.intent.category.HOME] flg=0x10200000 cmp=com.android.launcher/com.android.launcher2.Launcher} from pid 157
07-10 11:39:43.737   157   355 I ActivityManager: Process com.android.musicfx (pid 4200) has died.
07-10 11:39:43.761    81   124 D AudioHardware: AudioHardware pcm playback is exiting standby.
07-10 11:39:43.761    81   124 D AudioHardware: openPcmOut_l() mPcmOpenCnt: 0
07-10 11:39:46.386   157   333 I ActivityManager: Process com.svox.pico (pid 4214) has died.
07-10 11:39:46.468   157   374 I ActivityManager: START {act=android.intent.action.MAIN cat=[android.intent.category.LAUNCHER] flg=0x10200000 cmp=com.google.android.talk/.SigningInActivity} from pid 385
07-10 11:39:46.628   385   385 D OpenGLRenderer: Flushing caches (mode 1)
07-10 11:39:46.659  4732  4732 D vclib:CallStateClient: startListening
07-10 11:39:46.694  4732  4773 E talk    : [Databaseutils] pruneOldMessageHistory
07-10 11:39:46.850   157   187 I ActivityManager: Displayed com.google.android.talk/.SigningInActivity: +314ms
07-10 11:39:46.866   157   169 I ActivityManager: Process com.android.voicedialer (pid 4228) has died.
07-10 11:39:46.948   157   334 D dalvikvm: GC_EXPLICIT freed 366K, 18% free 13145K/16007K, paused 2ms+10ms
07-10 11:39:46.991   385   385 D OpenGLRenderer: Flushing caches (mode 0)
07-10 11:39:46.991   157   169 W InputManagerService: Starting input on non-focused client com.android.internal.view.IInputMethodClient$Stub$Proxy@41740a58 (uid=10025 pid=385)
07-10 11:39:47.194  4732  4732 D vclib:CallStateClient: stopListening
07-10 11:39:47.198  4732  4732 D vclib:CallStateClient: startListening
07-10 11:39:47.288  4732  4733 D dalvikvm: GC_CONCURRENT freed 227K, 4% free 10369K/10695K, paused 2ms+6ms
07-10 11:39:48.581  4732  4733 D dalvikvm: GC_CONCURRENT freed 665K, 7% free 10216K/10951K, paused 3ms+4ms
07-10 11:39:48.612  4732  4732 D vclib:CallStateClient: stopListening
07-10 11:39:48.667  4732  4732 D vclib:CallStateClient: startListening
07-10 11:39:49.085  4732  4733 D dalvikvm: GC_CONCURRENT freed 564K, 8% free 10109K/10951K, paused 2ms+4ms
07-10 11:39:49.839  4484  4486 D dalvikvm: GC_CONCURRENT freed 741K, 8% free 11616K/12551K, paused 5ms+6ms
07-10 11:39:51.065   336   339 D dalvikvm: GC_CONCURRENT freed 1467K, 13% free 10552K/12103K, paused 3ms+3ms
07-10 11:39:51.225   336   336 D dalvikvm: GC_FOR_ALLOC freed 71K, 14% free 10482K/12103K, paused 82ms
07-10 11:39:51.229   336   336 I dalvikvm-heap: Grow heap (frag case) to 10.852MB for 577936-byte allocation
07-10 11:39:51.323   336   339 D dalvikvm: GC_CONCURRENT freed 0K, 9% free 11046K/12103K, paused 2ms+8ms
07-10 11:39:51.354   227   229 D dalvikvm: GC_CONCURRENT freed 157K, 39% free 10861K/17543K, paused 2ms+15ms
07-10 11:39:51.565    81   124 D AudioHardware: AudioHardware pcm playback is going to standby.
07-10 11:39:51.565    81   124 D AudioHardware: closePcmOut_l() mPcmOpenCnt: 1
07-10 11:39:52.893   336   339 D dalvikvm: GC_CONCURRENT freed 846K, 11% free 10873K/12103K, paused 3ms+4ms
07-10 11:40:04.366   336   336 W Suggest : String pool got too big: 19
07-10 11:40:18.343    81   124 D AudioHardware: AudioHardware pcm playback is exiting standby.
07-10 11:40:18.343    81   124 D AudioHardware: openPcmOut_l() mPcmOpenCnt: 0
07-10 11:40:19.093  4732  4733 D dalvikvm: GC_CONCURRENT freed 372K, 8% free 10132K/10951K, paused 2ms+4ms
07-10 11:40:22.018    81   124 D AudioHardware: AudioHardware pcm playback is going to standby.
07-10 11:40:22.018    81   124 D AudioHardware: closePcmOut_l() mPcmOpenCnt: 1
07-10 11:40:22.206   227   229 D dalvikvm: GC_CONCURRENT freed 614K, 39% free 10826K/17543K, paused 7ms+8ms
07-10 11:40:22.284  4382  4395 I PhoneLab-: Service Running
07-10 11:40:22.479  4382  4395 I PhoneLab-LoggerService: app_36    1027  1     1440   1068  c00f181c 400107b4 S logcat
07-10 11:40:22.479  4382  4395 I PhoneLab-LoggerService: Logcat pid from database 1027
07-10 11:40:22.479  4382  4395 I PhoneLab-LoggerService: Logcat process found 1027
07-10 11:40:22.479  4382  4395 I PhoneLab-LoggerService: Checking Threshold
07-10 11:40:22.796  4484  4486 D dalvikvm: GC_CONCURRENT freed 795K, 8% free 11621K/12551K, paused 2ms+3ms
07-10 11:40:23.569   157   192 I ActivityManager: START {act=android.intent.action.MAIN cat=[android.intent.category.HOME] flg=0x10200000 cmp=com.android.launcher/com.android.launcher2.Launcher} from pid 157
07-10 11:40:23.796  4732  4732 D OpenGLRenderer: Flushing caches (mode 0)
07-10 11:40:23.839  4732  4732 W IInputConnectionWrapper: showStatusIcon on inactive InputConnection
07-10 11:40:23.847  4732  4732 D OpenGLRenderer: Flushing caches (mode 1)
07-10 11:40:24.362  4732  4732 D vclib:CallStateClient: stopListening
07-10 11:40:30.136    81   124 D AudioHardware: AudioHardware pcm playback is exiting standby.
07-10 11:40:30.136    81   124 D AudioHardware: openPcmOut_l() mPcmOpenCnt: 0
07-10 11:40:31.268   157   333 I ActivityManager: START {act=android.settings.SETTINGS flg=0x10200000 cmp=com.android.settings/.Settings} from pid 385
07-10 11:40:31.593   385   385 D OpenGLRenderer: Flushing caches (mode 0)
07-10 11:40:31.639   157   159 D dalvikvm: GC_CONCURRENT freed 978K, 18% free 13186K/16007K, paused 3ms+19ms
07-10 11:40:31.639  4732  4732 W IInputConnectionWrapper: showStatusIcon on inactive InputConnection
07-10 11:40:31.639   157   168 W InputManagerService: Starting input on non-focused client com.android.internal.view.IInputMethodClient$Stub$Proxy@4174fbe8 (uid=10044 pid=4732)
07-10 11:40:31.729   385   385 D OpenGLRenderer: Flushing caches (mode 1)
07-10 11:40:34.413    81   124 D AudioHardware: AudioHardware pcm playback is going to standby.
07-10 11:40:34.413    81   124 D AudioHardware: closePcmOut_l() mPcmOpenCnt: 1
07-10 11:40:34.987   157  4797 I AudioService:  AudioFocus  requestAudioFocus() from android.media.AudioManager@414fb440
07-10 11:40:35.030    81   124 D AudioHardware: AudioHardware pcm playback is exiting standby.
07-10 11:40:35.030    81   124 D AudioHardware: openPcmOut_l() mPcmOpenCnt: 0
07-10 11:40:35.202   227   229 D dalvikvm: GC_CONCURRENT freed 408K, 38% free 10949K/17543K, paused 2ms+3ms
07-10 11:40:35.257   157   334 I ActivityManager: START {act=android.intent.action.MAIN cmp=com.android.settings/.SubSettings (has extras)} from pid 3805
07-10 11:40:35.565  3805  3807 D dalvikvm: GC_CONCURRENT freed 399K, 10% free 10145K/11207K, paused 4ms+5ms
07-10 11:40:35.694  3805  3807 D dalvikvm: GC_CONCURRENT freed 365K, 9% free 10269K/11207K, paused 7ms+3ms
07-10 11:40:35.784  3805  3805 D android.widget.GridLayout: vertical constraints: y3 - y0 > 72, y3 - y2 < 0, y2 - y1 < 24, y1 - y0 < 37 are inconsistent; permanently removing: y3 - y2 < 0. 
07-10 11:40:35.796   157   173 I Process : Sending signal. PID: 3805 SIG: 3
07-10 11:40:35.796  3805  3809 I dalvikvm: threadid=3: reacting to signal 3
07-10 11:40:35.819  3805  3805 D android.widget.GridLayout: vertical constraints: y3 - y0 > 72, y3 - y2 < 0, y2 - y1 < 24, y1 - y0 < 37 are inconsistent; permanently removing: y3 - y2 < 0. 
07-10 11:40:35.827  3805  3809 I dalvikvm: Wrote stack traces to '/data/anr/traces.txt'
07-10 11:40:35.835  3805  3805 D android.widget.GridLayout: vertical constraints: y3 - y0 > 72, y3 - y2 < 0, y2 - y1 < 24, y1 - y0 < 37 are inconsistent; permanently removing: y3 - y2 < 0. 
07-10 11:40:35.843  3805  3805 D android.widget.GridLayout: vertical constraints: y3 - y0 > 72, y3 - y2 < 0, y2 - y1 < 24, y1 - y0 < 37 are inconsistent; permanently removing: y3 - y2 < 0. 
07-10 11:40:35.854  3805  3805 D android.widget.GridLayout: vertical constraints: y3 - y0 > 72, y3 - y2 < 0, y2 - y1 < 24, y1 - y0 < 37 are inconsistent; permanently removing: y3 - y2 < 0. 
07-10 11:40:35.956   157   187 I ActivityManager: Displayed com.android.settings/.SubSettings: +661ms
07-10 11:40:35.975  3805  3805 D OpenGLRenderer: Flushing caches (mode 0)
07-10 11:40:36.268  3805  3807 D dalvikvm: GC_CONCURRENT freed 201K, 7% free 10470K/11207K, paused 2ms+4ms
07-10 11:40:36.315  3805  3805 D android.widget.GridLayout: vertical constraints: y3 - y0 > 72, y3 - y2 < 0, y2 - y1 < 24, y1 - y0 < 37 are inconsistent; permanently removing: y3 - y2 < 0. 
07-10 11:40:36.323  3805  3805 D android.widget.GridLayout: vertical constraints: y3 - y0 > 72, y3 - y2 < 0, y2 - y1 < 24, y1 - y0 < 37 are inconsistent; permanently removing: y3 - y2 < 0. 
07-10 11:40:36.335  3805  3805 D android.widget.GridLayout: vertical constraints: y3 - y0 > 72, y3 - y2 < 0, y2 - y1 < 24, y1 - y0 < 37 are inconsistent; permanently removing: y3 - y2 < 0. 
07-10 11:40:36.343  3805  3805 D android.widget.GridLayout: vertical constraints: y3 - y0 > 72, y3 - y2 < 0, y2 - y1 < 24, y1 - y0 < 37 are inconsistent; permanently removing: y3 - y2 < 0. 
07-10 11:40:36.354  3805  3805 D android.widget.GridLayout: vertical constraints: y3 - y0 > 72, y3 - y2 < 0, y2 - y1 < 24, y1 - y0 < 37 are inconsistent; permanently removing: y3 - y2 < 0. 
07-10 11:40:37.104   157  4797 I AudioService:  AudioFocus  abandonAudioFocus() from android.media.AudioManager@414fb440
07-10 11:40:40.190    81   124 D AudioHardware: AudioHardware pcm playback is going to standby.
07-10 11:40:40.190    81   124 D AudioHardware: closePcmOut_l() mPcmOpenCnt: 1
07-10 11:40:42.776   227   229 D dalvikvm: GC_CONCURRENT freed 584K, 38% free 10884K/17543K, paused 18ms+3ms
07-10 11:40:47.542  3805  3805 D OpenGLRenderer: Flushing caches (mode 0)
07-10 11:40:49.804   157   193 I InputReader: Reconfiguring input devices.  changes=0x00000004
07-10 11:40:49.804   157   193 I InputReader: Device reconfigured: id=7, name='mxt224_ts_input', surface size is now 480x800, mode is 1
07-10 11:40:49.827   157   173 I ActivityManager: Config changed: {1.0 310mcc120mnc en_US layoutdir=0 sw320dp w533dp h294dp nrml long land finger -keyb/v/h -nav/h s.11}
07-10 11:40:49.850  3805  3805 D OpenGLRenderer: Flushing caches (mode 0)
07-10 11:40:50.112   227   227 D dalvikvm: GC_FOR_ALLOC freed 428K, 39% free 10828K/17543K, paused 39ms
07-10 11:40:50.175   227   227 D dalvikvm: GC_FOR_ALLOC freed 209K, 38% free 10922K/17543K, paused 50ms
07-10 11:40:50.241   227   229 D dalvikvm: GC_CONCURRENT freed 182K, 36% free 11346K/17543K, paused 2ms+6ms
07-10 11:40:51.651   157   159 D dalvikvm: GC_CONCURRENT freed 908K, 18% free 13194K/16007K, paused 11ms+5ms
07-10 11:40:52.378   157   187 D dalvikvm: GC_EXPLICIT freed 63K, 18% free 13136K/16007K, paused 6ms+4ms
07-10 11:40:55.796  4484  4486 D dalvikvm: GC_CONCURRENT freed 801K, 8% free 11625K/12551K, paused 2ms+3ms
07-10 11:41:05.780   157   193 I InputReader: Reconfiguring input devices.  changes=0x00000004
07-10 11:41:05.780   157   193 I InputReader: Device reconfigured: id=7, name='mxt224_ts_input', surface size is now 480x800, mode is 1
07-10 11:41:06.843   157   193 I InputReader: Reconfiguring input devices.  changes=0x00000004
07-10 11:41:06.843   157   193 I InputReader: Device reconfigured: id=7, name='mxt224_ts_input', surface size is now 480x800, mode is 1
07-10 11:41:06.893   157   173 I ActivityManager: Config changed: {1.0 310mcc120mnc en_US layoutdir=0 sw320dp w320dp h508dp nrml long port finger -keyb/v/h -nav/h s.12}
07-10 11:41:06.917  3805  3805 D OpenGLRenderer: Flushing caches (mode 0)
07-10 11:41:07.054  3805  3805 D dalvikvm: GC_EXPLICIT freed 334K, 7% free 10476K/11207K, paused 8ms+17ms
07-10 11:41:07.237   227   229 D dalvikvm: GC_CONCURRENT freed 1284K, 39% free 10730K/17543K, paused 2ms+9ms
07-10 11:41:08.472   157  4810 I AudioService:  AudioFocus  abandonAudioFocus() from android.media.AudioManager@414fb440
07-10 11:41:09.616   157   187 D dalvikvm: GC_EXPLICIT freed 125K, 18% free 13164K/16007K, paused 28ms+5ms
07-10 11:41:09.819   157   376 I ActivityManager: START {act=android.intent.action.VIEW dat=content://com.google.android.providers.talk/messagesByAccount/2 flg=0x34000000 cmp=com.google.android.talk/.SigningInActivity bnds=[96,119][480,215] (has extras)} from pid -1
07-10 11:41:09.831    81   124 D AudioHardware: AudioHardware pcm playback is exiting standby.
07-10 11:41:09.831    81   124 D AudioHardware: openPcmOut_l() mPcmOpenCnt: 0
07-10 11:41:09.870  4732  4732 D vclib:CallStateClient: startListening
07-10 11:41:09.870   157   157 W KeyguardViewMediator: verifyUnlock called when not externally disabled
07-10 11:41:10.112  3805  3805 D OpenGLRenderer: Flushing caches (mode 0)
07-10 11:41:10.194  3805  3805 D OpenGLRenderer: Flushing caches (mode 1)
07-10 11:41:10.339   227   229 D dalvikvm: GC_CONCURRENT freed 430K, 39% free 10785K/17543K, paused 3ms+13ms
07-10 11:41:10.409  4732  4733 D dalvikvm: GC_CONCURRENT freed 399K, 8% free 10184K/10951K, paused 2ms+19ms
07-10 11:41:10.604   157   407 W InputManagerService: Starting input on non-focused client com.android.internal.view.IInputMethodClient$Stub$Proxy@416d4f28 (uid=1000 pid=3805)
07-10 11:41:11.811   336   339 D dalvikvm: GC_CONCURRENT freed 891K, 14% free 10527K/12103K, paused 6ms+8ms
07-10 11:41:12.061   336   336 D dalvikvm: GC_FOR_ALLOC freed 166K, 14% free 10505K/12103K, paused 94ms
07-10 11:41:12.065   336   336 I dalvikvm-heap: Grow heap (frag case) to 10.875MB for 577936-byte allocation
07-10 11:41:12.143   336   339 D dalvikvm: GC_CONCURRENT freed 5K, 9% free 11063K/12103K, paused 2ms+8ms
07-10 11:41:12.245   227   229 D dalvikvm: GC_CONCURRENT freed 505K, 39% free 10798K/17543K, paused 2ms+16ms
07-10 11:41:12.921    81   124 D AudioHardware: AudioHardware pcm playback is going to standby.
07-10 11:41:12.921    81   124 D AudioHardware: closePcmOut_l() mPcmOpenCnt: 1
07-10 11:41:24.198    81   124 D AudioHardware: AudioHardware pcm playback is exiting standby.
07-10 11:41:24.198    81   124 D AudioHardware: openPcmOut_l() mPcmOpenCnt: 0
07-10 11:41:24.350   293   297 D dalvikvm: GC_CONCURRENT freed 566K, 6% free 11155K/11847K, paused 15ms+5ms
07-10 11:41:24.452  4732  4763 D dalvikvm: GC_EXPLICIT freed 311K, 8% free 10116K/10951K, paused 3ms+8ms
07-10 11:41:28.839  4484  4486 D dalvikvm: GC_CONCURRENT freed 794K, 8% free 11637K/12551K, paused 7ms+2ms
07-10 11:41:29.589    81   124 D AudioHardware: AudioHardware pcm playback is going to standby.
07-10 11:41:29.589    81   124 D AudioHardware: closePcmOut_l() mPcmOpenCnt: 1
07-10 11:41:40.995   157   407 W InputManagerService: Window already focused, ignoring focus gain of: com.android.internal.view.IInputMethodClient$Stub$Proxy@41412348
07-10 11:41:42.792   227   229 D dalvikvm: GC_CONCURRENT freed 559K, 39% free 10802K/17543K, paused 3ms+9ms
07-10 11:41:43.999  4732  4732 D vclib:CallStateClient: stopListening
07-10 11:41:44.089  4732  4732 D vclib:CallStateClient: startListening
07-10 11:41:44.108  4732  4733 D dalvikvm: GC_CONCURRENT freed 344K, 7% free 10194K/10951K, paused 2ms+5ms
07-10 11:41:44.179  4732  4732 D vclib:CallStateClient: stopListening
07-10 11:41:44.179  4732  4732 D vclib:CallStateClient: startListening
07-10 11:41:44.358  4732  4733 D dalvikvm: GC_CONCURRENT freed 198K, 5% free 10470K/10951K, paused 3ms+3ms
07-10 11:41:44.745   441   444 D dalvikvm: GC_CONCURRENT freed 385K, 6% free 9463K/10055K, paused 2ms+2ms
07-10 11:41:45.132  4732  4733 D dalvikvm: GC_CONCURRENT freed 554K, 7% free 10389K/11079K, paused 5ms+4ms
07-10 11:41:46.499   157   334 W InputManagerService: Starting input on non-focused client com.android.internal.view.IInputMethodClient$Stub$Proxy@4174fbe8 (uid=10044 pid=4732)
07-10 11:41:46.530  4732  4732 D OpenGLRenderer: Flushing caches (mode 0)
07-10 11:41:47.093  4732  4732 D OpenGLRenderer: Flushing caches (mode 1)
07-10 11:41:47.132  4732  4732 D vclib:CallStateClient: stopListening
07-10 11:41:47.905   157   157 W InputManagerService: Starting input on non-focused client com.android.internal.view.IInputMethodClient$Stub$Proxy@416d4f28 (uid=1000 pid=3805)
07-10 11:41:47.932  3805  3805 D OpenGLRenderer: Flushing caches (mode 0)
07-10 11:41:48.018   157   159 D dalvikvm: GC_CONCURRENT freed 920K, 18% free 13154K/16007K, paused 3ms+7ms
07-10 11:41:48.417  3805  3805 D OpenGLRenderer: Flushing caches (mode 1)
07-10 11:41:48.526  3805  3805 D dalvikvm: GC_EXPLICIT freed 962K, 13% free 9755K/11207K, paused 20ms+4ms
07-10 11:42:01.788  4484  4486 D dalvikvm: GC_CONCURRENT freed 786K, 8% free 11640K/12551K, paused 3ms+3ms
07-10 11:42:02.780  4484  4506 D dalvikvm: GC_EXPLICIT freed 41K, 8% free 11622K/12551K, paused 20ms+4ms
07-10 11:42:10.296   157   184 I power   : *** set_screen_state 0
07-10 11:42:10.350    78   121 D SurfaceFlinger: About to give-up screen, flinger = 0x1b13918
07-10 11:42:10.460   157   188 V TransportControlView: Create TCV com.android.internal.widget.TransportControlView@4133e8a8
07-10 11:42:10.499   372   417 D NfcService: NFC-C OFF, disconnect
07-10 11:42:10.597   157   159 D dalvikvm: GC_CONCURRENT freed 215K, 13% free 13975K/16007K, paused 6ms+13ms
07-10 11:42:10.608   227   227 D PhoneStatusBar: disable: < expand icons alerts ticker system_info back home RECENT* clock >
07-10 11:42:10.639    81   124 D AudioHardware: AudioHardware pcm playback is exiting standby.
07-10 11:42:10.639    81   124 D AudioHardware: openPcmOut_l() mPcmOpenCnt: 0
07-10 11:42:10.655   227   227 D PhoneStatusBar: disable: < expand icons alerts ticker system_info BACK* HOME* RECENT CLOCK* >
07-10 11:42:13.811    81   124 D AudioHardware: AudioHardware pcm playback is going to standby.
07-10 11:42:13.811    81   124 D AudioHardware: closePcmOut_l() mPcmOpenCnt: 1
07-10 11:42:19.807   356   359 D dalvikvm: GC_CONCURRENT freed 384K, 7% free 9450K/10055K, paused 33ms+2ms
07-10 11:42:22.241  4382  4395 I PhoneLab-: Service Running
07-10 11:42:22.354  4382  4395 I PhoneLab-LoggerService: app_36    1027  1     1440   1068  c00f181c 400107b4 S logcat
07-10 11:42:22.354  4382  4395 I PhoneLab-LoggerService: Logcat pid from database 1027
07-10 11:42:22.354  4382  4395 I PhoneLab-LoggerService: Logcat process found 1027
07-10 11:42:22.354  4382  4395 I PhoneLab-LoggerService: Checking Threshold
07-10 11:42:56.823  4484  4486 D dalvikvm: GC_CONCURRENT freed 794K, 8% free 11624K/12551K, paused 2ms+2ms
07-10 11:43:07.987   157   168 D dalvikvm: GC_EXPLICIT freed 152K, 13% free 13989K/16007K, paused 11ms+5ms
07-10 11:43:08.046   157  4838 I AudioService:  AudioFocus  requestAudioFocus() from android.media.AudioManager@414fb440
07-10 11:43:08.061    81   124 D AudioHardware: AudioHardware pcm playback is exiting standby.
07-10 11:43:08.061    81   124 D AudioHardware: openPcmOut_l() mPcmOpenCnt: 0
07-10 11:43:08.186   227   229 D dalvikvm: GC_CONCURRENT freed 356K, 38% free 10997K/17543K, paused 1ms+3ms
07-10 11:43:08.425   227   229 D dalvikvm: GC_CONCURRENT freed 644K, 38% free 10941K/17543K, paused 2ms+4ms
07-10 11:43:10.143   157  4838 I AudioService:  AudioFocus  abandonAudioFocus() from android.media.AudioManager@414fb440
07-10 11:43:12.593   157  4844 I AudioService:  AudioFocus  requestAudioFocus() from android.media.AudioManager@414fb440
07-10 11:43:14.694   157  4844 I AudioService:  AudioFocus  abandonAudioFocus() from android.media.AudioManager@414fb440
07-10 11:43:17.776    81   124 D AudioHardware: AudioHardware pcm playback is going to standby.
07-10 11:43:17.776    81   124 D AudioHardware: closePcmOut_l() mPcmOpenCnt: 1
07-10 11:43:23.745   157  4851 I AudioService:  AudioFocus  requestAudioFocus() from android.media.AudioManager@414fb440
07-10 11:43:23.764    81   124 D AudioHardware: AudioHardware pcm playback is exiting standby.
07-10 11:43:23.764    81   124 D AudioHardware: openPcmOut_l() mPcmOpenCnt: 0
07-10 11:43:25.843   157  4851 I AudioService:  AudioFocus  abandonAudioFocus() from android.media.AudioManager@414fb440
07-10 11:43:26.847   227   229 D dalvikvm: GC_CONCURRENT freed 441K, 38% free 11035K/17543K, paused 2ms+3ms
07-10 11:43:28.929    81   124 D AudioHardware: AudioHardware pcm playback is going to standby.
07-10 11:43:28.929    81   124 D AudioHardware: closePcmOut_l() mPcmOpenCnt: 1
07-10 11:43:30.784   157   188 I power   : *** set_screen_state 1
07-10 11:43:30.815   157   188 I WindowManager: Lock screen displayed!
07-10 11:43:30.975    78   121 D SurfaceFlinger: Screen about to return, flinger = 0x1b13918
07-10 11:43:32.542   227   227 D PhoneStatusBar: disable: < expand icons alerts ticker system_info BACK HOME recent* CLOCK >
07-10 11:43:32.561    81   124 D AudioHardware: AudioHardware pcm playback is exiting standby.
07-10 11:43:32.561    81   124 D AudioHardware: openPcmOut_l() mPcmOpenCnt: 0
07-10 11:43:32.561   157   407 W InputManagerService: Window already focused, ignoring focus gain of: com.android.internal.view.IInputMethodClient$Stub$Proxy@41580aa0
07-10 11:43:32.577   227   227 D PhoneStatusBar: disable: < expand icons alerts ticker system_info back* home* recent clock* >
07-10 11:43:32.597   372  1043 D NfcService: NFC-C ON
07-10 11:43:33.132   293  3766 D dalvikvm: GC_EXPLICIT freed 643K, 7% free 11128K/11911K, paused 9ms+6ms
07-10 11:43:33.366   157  4857 I AudioService:  AudioFocus  abandonAudioFocus() from android.media.AudioManager@414fb440
07-10 11:43:34.757   157   376 I ActivityManager: START {act=android.intent.action.VIEW dat=content://com.google.android.providers.talk/messagesByAccount/2 flg=0x34000000 cmp=com.google.android.talk/.SigningInActivity bnds=[96,119][480,215] (has extras)} from pid -1
07-10 11:43:34.850   157   376 D dalvikvm: GC_FOR_ALLOC freed 459K, 13% free 13965K/16007K, paused 56ms
07-10 11:43:34.878   157   374 W KeyguardViewMediator: verifyUnlock called when not externally disabled
07-10 11:43:35.054   385   385 D OpenGLRenderer: Flushing caches (mode 1)
07-10 11:43:35.120  4732  4732 D vclib:CallStateClient: startListening
07-10 11:43:35.366   385   385 D OpenGLRenderer: Flushing caches (mode 0)
07-10 11:43:35.378   157   173 I Process : Sending signal. PID: 4732 SIG: 3
07-10 11:43:35.378  4732  4737 I dalvikvm: threadid=3: reacting to signal 3
07-10 11:43:35.386  4732  4737 I dalvikvm: Wrote stack traces to '/data/anr/traces.txt'
07-10 11:43:35.565  4732  4733 D dalvikvm: GC_CONCURRENT freed 333K, 5% free 10534K/11079K, paused 3ms+6ms
07-10 11:43:35.835   157   187 I ActivityManager: Displayed com.google.android.talk/.SigningInActivity: +961ms
07-10 11:43:37.862    81   124 D AudioHardware: AudioHardware pcm playback is going to standby.
07-10 11:43:37.862    81   124 D AudioHardware: closePcmOut_l() mPcmOpenCnt: 1
07-10 11:43:39.257   227   227 D dalvikvm: GC_FOR_ALLOC freed 847K, 40% free 10683K/17543K, paused 84ms
07-10 11:43:41.854   227   229 D dalvikvm: GC_CONCURRENT freed 272K, 39% free 10841K/17543K, paused 3ms+4ms
07-10 11:43:44.800  4484  4486 D dalvikvm: GC_CONCURRENT freed 794K, 8% free 11628K/12551K, paused 2ms+2ms
07-10 11:43:49.401   157   168 I ActivityManager: Start proc com.google.android.inputmethod.latin.dictionarypack for content provider com.google.android.inputmethod.latin.dictionarypack/.DictionaryProvider: pid=4861 uid=10024 gids={3003, 1015}
07-10 11:43:49.487  4861  4861 I ActivityThread: Pub com.android.inputmethod.latin.dictionarypack: com.google.android.inputmethod.latin.dictionarypack.DictionaryProvider
07-10 11:43:49.694   336   339 D dalvikvm: GC_CONCURRENT freed 566K, 8% free 11175K/12103K, paused 5ms+4ms
07-10 11:43:50.870   336   339 D dalvikvm: GC_CONCURRENT freed 215K, 5% free 11551K/12103K, paused 3ms+3ms
07-10 11:43:55.237    81   124 D AudioHardware: AudioHardware pcm playback is exiting standby.
07-10 11:43:55.237    81   124 D AudioHardware: openPcmOut_l() mPcmOpenCnt: 0
07-10 11:43:58.327    81   124 D AudioHardware: AudioHardware pcm playback is going to standby.
07-10 11:43:58.327    81   124 D AudioHardware: closePcmOut_l() mPcmOpenCnt: 1
07-10 11:44:06.288    81   124 D AudioHardware: AudioHardware pcm playback is exiting standby.
07-10 11:44:06.288    81   124 D AudioHardware: openPcmOut_l() mPcmOpenCnt: 0
07-10 11:44:06.483  4732  4733 D dalvikvm: GC_CONCURRENT freed 400K, 5% free 10544K/11079K, paused 78ms+7ms
07-10 11:44:09.413    81   124 D AudioHardware: AudioHardware pcm playback is going to standby.
07-10 11:44:09.413    81   124 D AudioHardware: closePcmOut_l() mPcmOpenCnt: 1
07-10 11:44:15.862    81   124 D AudioHardware: AudioHardware pcm playback is exiting standby.
07-10 11:44:15.862    81   124 D AudioHardware: openPcmOut_l() mPcmOpenCnt: 0
07-10 11:44:16.800  4484  4486 D dalvikvm: GC_CONCURRENT freed 781K, 8% free 11642K/12551K, paused 3ms+3ms
07-10 11:44:18.952    81   124 D AudioHardware: AudioHardware pcm playback is going to standby.
07-10 11:44:18.952    81   124 D AudioHardware: closePcmOut_l() mPcmOpenCnt: 1
07-10 11:44:19.581   157   193 I InputReader: Reconfiguring input devices.  changes=0x00000004
07-10 11:44:19.581   157   193 I InputReader: Device reconfigured: id=7, name='mxt224_ts_input', surface size is now 480x800, mode is 1
07-10 11:44:19.639   157   173 I ActivityManager: Config changed: {1.0 310mcc120mnc en_US layoutdir=0 sw320dp w533dp h294dp nrml long land finger -keyb/v/h -nav/h s.13}
07-10 11:44:19.663  4732  4732 D OpenGLRenderer: Flushing caches (mode 0)
07-10 11:44:19.995   227   227 D dalvikvm: GC_FOR_ALLOC freed 457K, 39% free 10813K/17543K, paused 60ms
07-10 11:44:20.069   227   227 D dalvikvm: GC_FOR_ALLOC freed 224K, 38% free 10892K/17543K, paused 51ms
07-10 11:44:20.222   227   229 D dalvikvm: GC_CONCURRENT freed 182K, 36% free 11320K/17543K, paused 3ms+4ms
07-10 11:44:20.573   336   336 D dalvikvm: GC_FOR_ALLOC freed 1034K, 10% free 11170K/12295K, paused 78ms
07-10 11:44:20.577   336   336 I dalvikvm-heap: Grow heap (frag case) to 11.706MB for 768016-byte allocation
07-10 11:44:20.647   336   339 D dalvikvm: GC_CONCURRENT freed 22K, 9% free 11897K/13063K, paused 1ms+3ms
07-10 11:44:22.241  4382  4395 I PhoneLab-: Service Running
07-10 11:44:22.362  4382  4395 I PhoneLab-LoggerService: app_36    1027  1     1440   1068  c00f181c 400107b4 S logcat
07-10 11:44:22.362  4382  4395 I PhoneLab-LoggerService: Logcat pid from database 1027
07-10 11:44:22.362  4382  4395 I PhoneLab-LoggerService: Logcat process found 1027
07-10 11:44:22.366  4382  4395 I PhoneLab-LoggerService: Checking Threshold
07-10 11:44:23.026   157   187 D dalvikvm: GC_EXPLICIT freed 1688K, 18% free 13162K/16007K, paused 13ms+6ms
07-10 11:44:47.819  4484  4486 D dalvikvm: GC_CONCURRENT freed 780K, 8% free 11637K/12551K, paused 2ms+6ms
07-10 11:44:47.983  4732  4733 D dalvikvm: GC_CONCURRENT freed 801K, 9% free 10159K/11079K, paused 2ms+10ms
07-10 11:44:48.054  4732  4883 D talk:NotificationRingtonePlayer: creating ringtone: content://settings/system/notification_sound
07-10 11:44:48.175    81   124 D AudioHardware: AudioHardware pcm playback is exiting standby.
07-10 11:44:48.175    81   124 D AudioHardware: openPcmOut_l() mPcmOpenCnt: 0
07-10 11:44:53.358    81   124 D AudioHardware: AudioHardware pcm playback is going to standby.
07-10 11:44:53.358    81   124 D AudioHardware: closePcmOut_l() mPcmOpenCnt: 1
07-10 11:44:54.026  4732  4889 D talk:NotificationRingtonePlayer: creating ringtone: content://settings/system/notification_sound
07-10 11:44:54.073    81   124 D AudioHardware: AudioHardware pcm playback is exiting standby.
07-10 11:44:54.073    81   124 D AudioHardware: openPcmOut_l() mPcmOpenCnt: 0
07-10 11:44:57.397   157   193 I InputReader: Reconfiguring input devices.  changes=0x00000004
07-10 11:44:57.397   157   193 I InputReader: Device reconfigured: id=7, name='mxt224_ts_input', surface size is now 480x800, mode is 1
07-10 11:44:58.186   157   193 I InputReader: Reconfiguring input devices.  changes=0x00000004
07-10 11:44:58.186   157   193 I InputReader: Device reconfigured: id=7, name='mxt224_ts_input', surface size is now 480x800, mode is 1
07-10 11:44:58.264   157   173 I ActivityManager: Config changed: {1.0 310mcc120mnc en_US layoutdir=0 sw320dp w320dp h508dp nrml long port finger -keyb/v/h -nav/h s.14}
07-10 11:44:58.284  4732  4732 D OpenGLRenderer: Flushing caches (mode 0)
07-10 11:44:58.667   227   229 D dalvikvm: GC_CONCURRENT freed 1323K, 39% free 10718K/17543K, paused 2ms+8ms
07-10 11:44:59.038   336   339 D dalvikvm: GC_CONCURRENT freed 981K, 10% free 11829K/13063K, paused 2ms+3ms
07-10 11:44:59.229    81   124 D AudioHardware: AudioHardware pcm playback is going to standby.
07-10 11:44:59.229    81   124 D AudioHardware: closePcmOut_l() mPcmOpenCnt: 1
07-10 11:45:01.343   157   187 D dalvikvm: GC_EXPLICIT freed 450K, 18% free 13284K/16007K, paused 29ms+6ms
07-10 11:45:18.780  4484  4486 D dalvikvm: GC_CONCURRENT freed 776K, 8% free 11642K/12551K, paused 2ms+7ms
07-10 11:45:25.835  4732  4733 D dalvikvm: GC_CONCURRENT freed 414K, 9% free 10131K/11079K, paused 2ms+5ms
07-10 11:45:26.503    81   124 D AudioHardware: AudioHardware pcm playback is exiting standby.
07-10 11:45:26.503    81   124 D AudioHardware: openPcmOut_l() mPcmOpenCnt: 0
07-10 11:45:28.136   293   297 D dalvikvm: GC_CONCURRENT freed 571K, 7% free 11133K/11911K, paused 10ms+3ms
07-10 11:45:29.593    81   124 D AudioHardware: AudioHardware pcm playback is going to standby.
07-10 11:45:29.593    81   124 D AudioHardware: closePcmOut_l() mPcmOpenCnt: 1
07-10 11:45:32.952   227   229 D dalvikvm: GC_CONCURRENT freed 325K, 39% free 10859K/17543K, paused 4ms+6ms
07-10 11:45:34.421  4732  4732 W IInputConnectionWrapper: showStatusIcon on inactive InputConnection
07-10 11:45:34.421   157   333 W InputManagerService: Starting input on non-focused client com.android.internal.view.IInputMethodClient$Stub$Proxy@4174fbe8 (uid=10044 pid=4732)
07-10 11:45:34.456  4732  4732 D OpenGLRenderer: Flushing caches (mode 0)
07-10 11:45:34.694  4732  4899 D talk:NotificationRingtonePlayer: creating ringtone: content://settings/system/notification_sound
07-10 11:45:34.753    81   124 D AudioHardware: AudioHardware pcm playback is exiting standby.
07-10 11:45:34.753    81   124 D AudioHardware: openPcmOut_l() mPcmOpenCnt: 0
07-10 11:45:34.874   157  4906 I AudioService:  AudioFocus  requestAudioFocus() from android.media.AudioManager@414fb440
07-10 11:45:34.987  4732  4732 D OpenGLRenderer: Flushing caches (mode 1)
07-10 11:45:35.167   227   229 D dalvikvm: GC_CONCURRENT freed 462K, 38% free 10959K/17543K, paused 3ms+3ms
07-10 11:45:35.268  4732  4732 D vclib:CallStateClient: stopListening
07-10 11:45:35.386  4732  4733 D dalvikvm: GC_CONCURRENT freed 323K, 9% free 10192K/11079K, paused 15ms+4ms
07-10 11:45:36.991   157  4906 I AudioService:  AudioFocus  abandonAudioFocus() from android.media.AudioManager@414fb440
07-10 11:45:37.491   157  4911 I AudioService:  AudioFocus  abandonAudioFocus() from android.media.AudioManager@414fb440
07-10 11:45:38.069   227   229 D dalvikvm: GC_CONCURRENT freed 586K, 38% free 10944K/17543K, paused 3ms+6ms
07-10 11:45:39.503   157   169 I ActivityManager: START {act=android.intent.action.VIEW dat=content://com.google.android.providers.talk/messagesByAccount/2 flg=0x34000000 cmp=com.google.android.talk/.SigningInActivity bnds=[96,119][480,215] (has extras)} from pid -1
07-10 11:45:39.600   157   376 W KeyguardViewMediator: verifyUnlock called when not externally disabled
07-10 11:45:39.600   157   168 I ActivityManager: Process com.google.android.googlequicksearchbox (pid 4241) has died.
07-10 11:45:39.815  4732  4732 D vclib:CallStateClient: startListening
07-10 11:45:39.889   385   385 D OpenGLRenderer: Flushing caches (mode 1)
07-10 11:45:40.014   157   407 D dalvikvm: GC_EXPLICIT freed 721K, 17% free 13363K/16007K, paused 3ms+6ms
07-10 11:45:40.100   157   173 I Process : Sending signal. PID: 4732 SIG: 3
07-10 11:45:40.104  4732  4737 I dalvikvm: threadid=3: reacting to signal 3
07-10 11:45:40.151  4732  4737 I dalvikvm: Wrote stack traces to '/data/anr/traces.txt'
07-10 11:45:40.179   385   385 D OpenGLRenderer: Flushing caches (mode 0)
07-10 11:45:40.444  4732  4733 D dalvikvm: GC_CONCURRENT freed 221K, 6% free 10437K/11079K, paused 2ms+5ms
07-10 11:45:40.577   157   187 I ActivityManager: Displayed com.google.android.talk/.SigningInActivity: +977ms
07-10 11:45:42.581    81   124 D AudioHardware: AudioHardware pcm playback is going to standby.
07-10 11:45:42.585    81   124 D AudioHardware: closePcmOut_l() mPcmOpenCnt: 1
07-10 11:45:43.682  4732  4732 W IInputConnectionWrapper: showStatusIcon on inactive InputConnection
07-10 11:45:43.682   157   169 W InputManagerService: Starting input on non-focused client com.android.internal.view.IInputMethodClient$Stub$Proxy@4174fbe8 (uid=10044 pid=4732)
07-10 11:45:43.733  4732  4732 D OpenGLRenderer: Flushing caches (mode 0)
07-10 11:45:44.264  4732  4732 D OpenGLRenderer: Flushing caches (mode 1)
07-10 11:45:44.311  4732  4732 D vclib:CallStateClient: stopListening
07-10 11:45:45.972   157   184 I power   : *** set_screen_state 0
07-10 11:45:46.030    78   121 D SurfaceFlinger: About to give-up screen, flinger = 0x1b13918
07-10 11:45:46.097   372  1045 D NfcService: NFC-C OFF, disconnect
07-10 11:45:46.179   157   159 D dalvikvm: GC_CONCURRENT freed 355K, 13% free 13980K/16007K, paused 3ms+5ms
07-10 11:45:46.182   157   188 V TransportControlView: Create TCV com.android.internal.widget.TransportControlView@41782c88
07-10 11:45:46.222   227   227 D PhoneStatusBar: disable: < expand icons alerts ticker system_info back home RECENT* clock >
07-10 11:45:46.237    81   124 D AudioHardware: AudioHardware pcm playback is exiting standby.
07-10 11:45:46.237    81   124 D AudioHardware: openPcmOut_l() mPcmOpenCnt: 0
07-10 11:45:46.245   227   227 D PhoneStatusBar: disable: < expand icons alerts ticker system_info BACK* HOME* RECENT CLOCK* >
07-10 11:45:47.800   157   188 I power   : *** set_screen_state 1
07-10 11:45:47.889   157   188 I WindowManager: Lock screen displayed!
07-10 11:45:48.007    78   121 D SurfaceFlinger: Screen about to return, flinger = 0x1b13918
07-10 11:45:49.401    81   124 D AudioHardware: AudioHardware pcm playback is going to standby.
07-10 11:45:49.401    81   124 D AudioHardware: closePcmOut_l() mPcmOpenCnt: 1
07-10 11:45:49.682   227   227 D PhoneStatusBar: disable: < expand icons alerts ticker system_info BACK HOME recent* CLOCK >
07-10 11:45:49.718   372   417 D NfcService: NFC-C ON
07-10 11:45:49.725   157   334 W InputManagerService: Window already focused, ignoring focus gain of: com.android.internal.view.IInputMethodClient$Stub$Proxy@4170f0d8
07-10 11:45:49.729    81   124 D AudioHardware: AudioHardware pcm playback is exiting standby.
07-10 11:45:49.729    81   124 D AudioHardware: openPcmOut_l() mPcmOpenCnt: 0
07-10 11:45:49.733   227   227 D PhoneStatusBar: disable: < expand icons alerts ticker system_info back* home* recent clock* >
07-10 11:45:50.776  4484  4486 D dalvikvm: GC_CONCURRENT freed 779K, 8% free 11647K/12551K, paused 2ms+3ms
07-10 11:45:51.917   157   355 I ActivityManager: START {cmp=edu.umich.PowerTutor/.ui.UMLogger bnds=[0,216][480,312] (has extras)} from pid -1
07-10 11:45:51.929   157   355 W ActivityManager: startActivity called from non-Activity context; forcing Intent.FLAG_ACTIVITY_NEW_TASK for: Intent { cmp=edu.umich.PowerTutor/.ui.UMLogger bnds=[0,216][480,312] (has extras) }
07-10 11:45:52.018   157   355 D dalvikvm: GC_FOR_ALLOC freed 395K, 13% free 14023K/16007K, paused 57ms
07-10 11:45:52.038   157   333 W KeyguardViewMediator: verifyUnlock called when not externally disabled
07-10 11:45:52.097   157   168 I ActivityManager: START {cmp=edu.umich.PowerTutor/.ui.PowerTabs} from pid 4484
07-10 11:45:52.124   385   385 D OpenGLRenderer: Flushing caches (mode 1)
07-10 11:45:52.378   157   187 I ActivityManager: Displayed edu.umich.PowerTutor/.ui.UMLogger: +355ms
07-10 11:45:52.389  4484  4484 W PhoneSelector: Phone type not recognized (crespo4g), using Dream constants
07-10 11:45:52.612  4484  4484 D AndroidRuntime: Shutting down VM
07-10 11:45:52.612  4484  4484 W dalvikvm: threadid=1: thread exiting with uncaught exception (group=0x40a291f8)
07-10 11:45:52.620  4484  4484 E AndroidRuntime: FATAL EXCEPTION: main
07-10 11:45:52.620  4484  4484 E AndroidRuntime: java.lang.NullPointerException
07-10 11:45:52.620  4484  4484 E AndroidRuntime: 	at edu.umich.PowerTutor.ui.PowerViewer.refreshView(Unknown Source)
07-10 11:45:52.620  4484  4484 E AndroidRuntime: 	at edu.umich.PowerTutor.ui.PowerViewer$CounterServiceConnection.onServiceConnected(Unknown Source)
07-10 11:45:52.620  4484  4484 E AndroidRuntime: 	at android.app.LoadedApk$ServiceDispatcher.doConnected(LoadedApk.java:1068)
07-10 11:45:52.620  4484  4484 E AndroidRuntime: 	at android.app.LoadedApk$ServiceDispatcher$RunConnection.run(LoadedApk.java:1085)
07-10 11:45:52.620  4484  4484 E AndroidRuntime: 	at android.os.Handler.handleCallback(Handler.java:605)
07-10 11:45:52.620  4484  4484 E AndroidRuntime: 	at android.os.Handler.dispatchMessage(Handler.java:92)
07-10 11:45:52.620  4484  4484 E AndroidRuntime: 	at android.os.Looper.loop(Looper.java:137)
07-10 11:45:52.620  4484  4484 E AndroidRuntime: 	at android.app.ActivityThread.main(ActivityThread.java:4424)
07-10 11:45:52.620  4484  4484 E AndroidRuntime: 	at java.lang.reflect.Method.invokeNative(Native Method)
07-10 11:45:52.620  4484  4484 E AndroidRuntime: 	at java.lang.reflect.Method.invoke(Method.java:511)
07-10 11:45:52.620  4484  4484 E AndroidRuntime: 	at com.android.internal.os.ZygoteInit$MethodAndArgsCaller.run(ZygoteInit.java:784)
07-10 11:45:52.620  4484  4484 E AndroidRuntime: 	at com.android.internal.os.ZygoteInit.main(ZygoteInit.java:551)
07-10 11:45:52.620  4484  4484 E AndroidRuntime: 	at dalvik.system.NativeStart.main(Native Method)
07-10 11:45:52.624   157   334 W ActivityManager:   Force finishing activity edu.umich.PowerTutor/.ui.PowerTabs
07-10 11:45:52.628   157   334 W ActivityManager:   Force finishing activity edu.umich.PowerTutor/.ui.UMLogger
07-10 11:45:53.128   157   173 W ActivityManager: Activity pause timeout for ActivityRecord{41342fb8 edu.umich.PowerTutor/.ui.PowerTabs}
07-10 11:45:53.132   157   173 I Process : Sending signal. PID: 4484 SIG: 3
07-10 11:45:53.136  4484  4488 I dalvikvm: threadid=3: reacting to signal 3
07-10 11:45:53.167  4484  4488 I dalvikvm: Wrote stack traces to '/data/anr/traces.txt'
07-10 11:45:53.694   157   173 I Process : Sending signal. PID: 4484 SIG: 3
07-10 11:45:53.694  4484  4488 I dalvikvm: threadid=3: reacting to signal 3
07-10 11:45:53.714  4484  4488 I dalvikvm: Wrote stack traces to '/data/anr/traces.txt'
07-10 11:45:54.198   157   173 I Process : Sending signal. PID: 4484 SIG: 3
07-10 11:45:54.198  4484  4488 I dalvikvm: threadid=3: reacting to signal 3
07-10 11:45:54.229  4484  4488 I dalvikvm: Wrote stack traces to '/data/anr/traces.txt'
07-10 11:45:54.714   157   173 I Process : Sending signal. PID: 4484 SIG: 3
07-10 11:45:54.714  4484  4488 I dalvikvm: threadid=3: reacting to signal 3
07-10 11:45:54.753  4484  4488 I dalvikvm: Wrote stack traces to '/data/anr/traces.txt'
07-10 11:45:54.936  4484  4484 I Process : Sending signal. PID: 4484 SIG: 9
07-10 11:45:55.003   157   374 I ActivityManager: Process edu.umich.PowerTutor (pid 4484) has died.
07-10 11:45:55.003   157   374 W ActivityManager: Scheduling restart of crashed service edu.umich.PowerTutor/.service.UMLoggerService in 5000ms
07-10 11:45:55.003   157   374 W ActivityManager: Force removing ActivityRecord{41353e90 edu.umich.PowerTutor/.ui.PowerTop}: app died, no saved state
07-10 11:45:55.007   157   376 I WindowManager: WIN DEATH: Window{4164f950 edu.umich.PowerTutor/edu.umich.PowerTutor.ui.UMLogger paused=false}
07-10 11:45:55.022   157   157 I WindowManager: WIN DEATH: Window{416805d0 edu.umich.PowerTutor/edu.umich.PowerTutor.ui.UMLogger paused=true}
07-10 11:45:55.026   157   168 I WindowManager: WIN DEATH: Window{416c1248 edu.umich.PowerTutor/edu.umich.PowerTutor.ui.PowerTabs paused=false}
07-10 11:45:55.026   157   334 I WindowManager: WIN DEATH: Window{4186fd30 edu.umich.PowerTutor/edu.umich.PowerTutor.ui.PowerTop paused=false}
07-10 11:45:55.089   157   374 I ActivityManager: Start proc edu.umich.PowerTutor for activity edu.umich.PowerTutor/.ui.UMLogger: pid=4924 uid=10057 gids={3003, 1015}
07-10 11:45:55.104  4924  4924 I dalvikvm: Turning on JNI app bug workarounds for target SDK version 3...
07-10 11:45:55.202   227   229 D dalvikvm: GC_CONCURRENT freed 936K, 40% free 10626K/17543K, paused 7ms+8ms
07-10 11:45:55.300  4924  4924 D dalvikvm: GC_FOR_ALLOC freed 118K, 3% free 9087K/9347K, paused 35ms
07-10 11:45:55.307  4924  4924 I dalvikvm-heap: Grow heap (frag case) to 10.408MB for 1536016-byte allocation
07-10 11:45:55.347  4924  4927 D dalvikvm: GC_CONCURRENT freed 1K, 3% free 10586K/10887K, paused 1ms+2ms
07-10 11:45:55.417   227   227 V PhoneStatusBar: setLightsOn(true)
07-10 11:45:55.491   157   187 I ActivityManager: Displayed edu.umich.PowerTutor/.ui.UMLogger: +486ms
07-10 11:45:55.503   385   385 D OpenGLRenderer: Flushing caches (mode 0)
07-10 11:45:56.948  4924  4924 W PhoneSelector: Phone type not recognized (crespo4g), using Dream constants
07-10 11:45:56.960  4924  4924 W PhoneSelector: Phone type not recognized (crespo4g), using Dream calculator
07-10 11:45:57.030  4924  4940 I LogUploader: Sending log data
07-10 11:45:57.112  4924  4941 W PhoneSelector: Phone type not recognized (crespo4g), using Dream constants
07-10 11:45:57.194   227   229 D dalvikvm: GC_CONCURRENT freed 515K, 41% free 10525K/17543K, paused 2ms+17ms
07-10 11:45:57.389   227   229 D dalvikvm: GC_CONCURRENT freed 277K, 40% free 10682K/17543K, paused 4ms+4ms
07-10 11:45:59.198  4924  4927 D dalvikvm: GC_CONCURRENT freed 217K, 4% free 10870K/11207K, paused 2ms+2ms
07-10 11:45:59.995    81   124 D AudioHardware: AudioHardware pcm playback is going to standby.
07-10 11:45:59.999    81   124 D AudioHardware: closePcmOut_l() mPcmOpenCnt: 1
07-10 11:46:01.936   157   169 I ActivityManager: START {cmp=edu.umich.PowerTutor/.ui.PowerTop} from pid 4924
07-10 11:46:01.956    81   124 D AudioHardware: AudioHardware pcm playback is exiting standby.
07-10 11:46:01.956    81   124 D AudioHardware: openPcmOut_l() mPcmOpenCnt: 0
07-10 11:46:02.085   157   169 D dalvikvm: GC_FOR_ALLOC freed 1111K, 17% free 13344K/16007K, paused 118ms
07-10 11:46:02.136   227   227 V PhoneStatusBar: setLightsOn(true)
07-10 11:46:02.182   157   187 I ActivityManager: Displayed edu.umich.PowerTutor/.ui.PowerTop: +87ms
07-10 11:46:05.046    81   124 D AudioHardware: AudioHardware pcm playback is going to standby.
07-10 11:46:05.046    81   124 D AudioHardware: closePcmOut_l() mPcmOpenCnt: 1
07-10 11:46:06.530  4924  4927 D dalvikvm: GC_CONCURRENT freed 362K, 4% free 11083K/11527K, paused 3ms+2ms
07-10 11:46:21.182  4924  4927 D dalvikvm: GC_CONCURRENT freed 602K, 6% free 11110K/11783K, paused 1ms+2ms
07-10 11:46:22.241  4382  4395 I PhoneLab-: Service Running
07-10 11:46:22.319  4382  4395 I PhoneLab-LoggerService: app_36    1027  1     1440   1068  c00f181c 400107b4 S logcat
07-10 11:46:22.319  4382  4395 I PhoneLab-LoggerService: Logcat pid from database 1027
07-10 11:46:22.323  4382  4395 I PhoneLab-LoggerService: Logcat process found 1027
07-10 11:46:22.323  4382  4395 I PhoneLab-LoggerService: Checking Threshold
07-10 11:46:22.343  4382  4384 D dalvikvm: GC_CONCURRENT freed 449K, 14% free 9210K/10695K, paused 6ms+2ms
07-10 11:46:24.011    81   124 D AudioHardware: AudioHardware pcm playback is exiting standby.
07-10 11:46:24.011    81   124 D AudioHardware: openPcmOut_l() mPcmOpenCnt: 0
07-10 11:46:27.104    81   124 D AudioHardware: AudioHardware pcm playback is going to standby.
07-10 11:46:27.104    81   124 D AudioHardware: closePcmOut_l() mPcmOpenCnt: 1
07-10 11:46:33.522   157   193 I InputReader: Reconfiguring input devices.  changes=0x00000004
07-10 11:46:33.522   157   193 I InputReader: Device reconfigured: id=7, name='mxt224_ts_input', surface size is now 480x800, mode is 1
07-10 11:46:33.569   157   173 I ActivityManager: Config changed: {1.0 310mcc120mnc en_US layoutdir=0 sw320dp w533dp h294dp nrml long land finger -keyb/v/h -nav/h s.15}
07-10 11:46:33.807   227   229 D dalvikvm: GC_CONCURRENT freed 587K, 40% free 10593K/17543K, paused 1ms+4ms
07-10 11:46:33.847   227   227 D dalvikvm: GC_FOR_ALLOC freed 227K, 40% free 10668K/17543K, paused 34ms
07-10 11:46:33.917   227   227 D dalvikvm: GC_FOR_ALLOC freed 182K, 39% free 10789K/17543K, paused 41ms
07-10 11:46:33.921  4924  4927 D dalvikvm: GC_CONCURRENT freed 587K, 6% free 11157K/11847K, paused 2ms+3ms
07-10 11:46:36.151   157   187 D dalvikvm: GC_EXPLICIT freed 370K, 17% free 13309K/16007K, paused 6ms+6ms
07-10 11:46:44.710  4382  4382 I PhoneLab-Locks: wake lock acquired
07-10 11:46:44.737  4382  4382 I PhoneLab-StatusMonitor: Status Monitoring is started
07-10 11:46:44.823  4382  4384 D dalvikvm: GC_CONCURRENT freed 359K, 14% free 9261K/10695K, paused 2ms+6ms
07-10 11:46:44.847  4382  4382 I PhoneLab-StatusMonitor: Value: 10 - unit: min
07-10 11:46:44.847  4382  4382 I PhoneLab-StatusMonitor: Running interval: 600000
07-10 11:46:44.858  4382  4382 I PhoneLab-StatusMonitor: Rescheduling status monitoring...
07-10 11:46:44.858  4382  4382 I PhoneLab-Locks: wake lock released
07-10 11:46:44.866  4382  4382 I PhoneLab-StatusMonitorLocation: Learning Location
07-10 11:46:44.866  4382  4382 I PhoneLab-Locks: wake lock acquired
07-10 11:46:44.874  4382  4382 I PhoneLab-Locks: wake lock acquired
07-10 11:46:44.878  4382  4382 I PhoneLab-StatusMonitorLocation: Learning Signal Strgth
07-10 11:46:44.878  4382  4382 I PhoneLab-Locks: wake lock acquired
07-10 11:46:44.882   293   559 D androidNetworkLocationListeners: Still have listener com.google.android.location.internal.client.NetworkLocationClient$1@413175c0
07-10 11:46:44.889   293   559 D androidNetworkLocationListeners: Still have listener com.google.android.location.internal.client.NetworkLocationClient$1@413175c0
07-10 11:46:44.893  4382  4382 I PhoneLab-StatusMonitorBattery: Battery_level: 66
07-10 11:46:44.893  4382  4382 I PhoneLab-Locks: wake lock released
07-10 11:46:44.897  4382  4382 I PhoneLab-StatusMonitorSignal: Signal_Strength: -96 asu: 9
07-10 11:46:44.897  4382  4382 I PhoneLab-Locks: wake lock released
07-10 11:46:46.300  4382  4382 I PhoneLab-StatusMonitorLocation: Location_Latitude: 43.0020989 Longitude: -78.7869513 Accuracy: 30.0
07-10 11:46:46.300   293   559 D androidNetworkLocationListeners: Still have listener com.google.android.location.internal.client.NetworkLocationClient$1@413175c0
07-10 11:46:46.300  4382  4382 I PhoneLab-Locks: wake lock released
07-10 11:46:47.788   293   297 D dalvikvm: GC_CONCURRENT freed 745K, 8% free 11077K/11911K, paused 2ms+3ms
07-10 11:46:48.401  4924  4927 D dalvikvm: GC_CONCURRENT freed 622K, 7% free 11181K/11911K, paused 8ms+2ms
07-10 11:47:03.011  4924  4927 D dalvikvm: GC_CONCURRENT freed 610K, 7% free 11191K/11911K, paused 2ms+3ms
07-10 11:47:17.421  4924  4927 D dalvikvm: GC_CONCURRENT freed 667K, 7% free 11190K/11975K, paused 2ms+2ms
07-10 11:47:32.128  4924  4927 D dalvikvm: GC_CONCURRENT freed 647K, 7% free 11195K/11975K, paused 3ms+5ms
07-10 11:47:48.179  4924  4927 D dalvikvm: GC_CONCURRENT freed 661K, 7% free 11200K/11975K, paused 8ms+3ms
07-10 11:47:57.190   227   229 D dalvikvm: GC_CONCURRENT freed 100K, 37% free 11154K/17543K, paused 2ms+3ms
07-10 11:48:03.214  4924  4927 D dalvikvm: GC_CONCURRENT freed 650K, 7% free 11222K/11975K, paused 2ms+3ms
07-10 11:48:18.171  4924  4927 D dalvikvm: GC_CONCURRENT freed 637K, 7% free 11208K/11975K, paused 2ms+3ms
07-10 11:48:22.241  4382  4395 I PhoneLab-: Service Running
07-10 11:48:22.335  4382  4395 I PhoneLab-LoggerService: app_36    1027  1     1440   1068  c00f181c 400107b4 S logcat
07-10 11:48:22.335  4382  4395 I PhoneLab-LoggerService: Logcat pid from database 1027
07-10 11:48:22.339  4382  4395 I PhoneLab-LoggerService: Logcat process found 1027
07-10 11:48:22.339  4382  4395 I PhoneLab-LoggerService: Checking Threshold
07-10 11:48:34.155  4924  4927 D dalvikvm: GC_CONCURRENT freed 691K, 7% free 11163K/11975K, paused 1ms+3ms
07-10 11:48:45.163   356   359 D dalvikvm: GC_CONCURRENT freed 383K, 7% free 9451K/10055K, paused 49ms+2ms
07-10 11:48:49.136  4924  4927 D dalvikvm: GC_CONCURRENT freed 627K, 7% free 11170K/11975K, paused 15ms+3ms
07-10 11:49:03.729  4924  4927 D dalvikvm: GC_CONCURRENT freed 610K, 7% free 11179K/11975K, paused 18ms+3ms
07-10 11:49:05.057  4924  4931 I dalvikvm: Jit: resizing JitTable from 4096 to 8192
07-10 11:49:07.202   157   159 D dalvikvm: GC_CONCURRENT freed 942K, 17% free 13313K/16007K, paused 2ms+5ms
07-10 11:49:11.557   157  4922 D AlarmManagerService: Kernel timezone updated to 240 minutes west of GMT
07-10 11:49:11.577   356   356 D SystemClock: Setting time of day to sec=1341935351
07-10 11:49:11.154   157   174 I ActivityManager: Start proc com.android.calendar for broadcast com.android.calendar/.widget.CalendarAppWidgetService$CalendarFactory: pid=4959 uid=10005 gids={3003}
07-10 11:49:11.248  4959  4959 I ActivityThread: Pub com.android.calendar.CalendarRecentSuggestionsProvider: com.android.calendar.CalendarRecentSuggestionsProvider
07-10 11:49:11.318   157   169 I ActivityManager: Start proc com.android.deskclock for broadcast com.android.deskclock/.AlarmInitReceiver: pid=4975 uid=10011 gids={}
07-10 11:49:11.361    79    79 D dalvikvm: GC_EXPLICIT freed 37K, 4% free 9031K/9347K, paused 6ms+2ms
07-10 11:49:11.385    79    79 D dalvikvm: GC_EXPLICIT freed <1K, 4% free 9031K/9347K, paused 1ms+2ms
07-10 11:49:11.408    79    79 D dalvikvm: GC_EXPLICIT freed <1K, 4% free 9031K/9347K, paused 1ms+2ms
07-10 11:49:11.420   157   334 I ActivityManager: Start proc com.android.providers.calendar for content provider com.android.providers.calendar/.CalendarProvider2: pid=4988 uid=10006 gids={3003, 1015}
07-10 11:49:11.447  4975  4975 I ActivityThread: Pub com.android.deskclock: com.android.deskclock.AlarmProvider
07-10 11:49:11.513  4988  4988 I ActivityThread: Pub com.android.calendar: com.android.providers.calendar.CalendarProvider2
07-10 11:49:11.537  4975  5000 V AlarmClock: AlarmInitReceiver finished
07-10 11:49:12.721  4988  4988 I CalendarProvider2: Sending notification intent: Intent { act=android.intent.action.PROVIDER_CHANGED dat=content://com.android.calendar }
07-10 11:49:12.732  4988  4988 W ContentResolver: Failed to get type for: content://com.android.calendar (Unknown URL content://com.android.calendar)
07-10 11:49:17.787  4924  4927 D dalvikvm: GC_CONCURRENT freed 615K, 7% free 11203K/11975K, paused 18ms+2ms
07-10 11:49:32.693  4924  4927 D dalvikvm: GC_CONCURRENT freed 660K, 7% free 11202K/11975K, paused 7ms+2ms
07-10 11:49:48.689  4924  4927 D dalvikvm: GC_CONCURRENT freed 665K, 7% free 11196K/11975K, paused 7ms+3ms
07-10 11:50:03.709  4924  4927 D dalvikvm: GC_CONCURRENT freed 654K, 7% free 11213K/11975K, paused 2ms+2ms
07-10 11:50:18.681  4924  4927 D dalvikvm: GC_CONCURRENT freed 643K, 7% free 11208K/11975K, paused 2ms+2ms
07-10 11:50:22.240  4382  4395 I PhoneLab-: Service Running
07-10 11:50:22.342  4382  4395 I PhoneLab-LoggerService: app_36    1027  1     1440   1068  c00f181c 400107b4 S logcat
07-10 11:50:22.342  4382  4395 I PhoneLab-LoggerService: Logcat pid from database 1027
07-10 11:50:22.346  4382  4395 I PhoneLab-LoggerService: Logcat process found 1027
07-10 11:50:22.346  4382  4395 I PhoneLab-LoggerService: Checking Threshold
07-10 11:50:29.638   441   444 D dalvikvm: GC_CONCURRENT freed 388K, 6% free 9462K/10055K, paused 7ms+2ms
07-10 11:50:33.681  4924  4927 D dalvikvm: GC_CONCURRENT freed 630K, 7% free 11212K/11975K, paused 2ms+2ms
07-10 11:50:40.295  4611  5009 W Gmail   : Successful index run, cancel next scheduled index run
07-10 11:50:48.658  4924  4927 D dalvikvm: GC_CONCURRENT freed 628K, 7% free 11228K/11975K, paused 2ms+2ms
07-10 11:51:00.142   157   159 D dalvikvm: GC_CONCURRENT freed 997K, 18% free 13275K/16007K, paused 3ms+5ms
07-10 11:51:02.674  4924  4927 D dalvikvm: GC_CONCURRENT freed 621K, 7% free 11221K/11975K, paused 1ms+2ms
07-10 11:51:17.678  4924  4927 D dalvikvm: GC_CONCURRENT freed 631K, 7% free 11232K/11975K, paused 2ms+4ms
07-10 11:51:31.685  4924  4927 D dalvikvm: GC_CONCURRENT freed 625K, 7% free 11222K/11975K, paused 2ms+2ms
07-10 11:51:46.693  4924  4927 D dalvikvm: GC_CONCURRENT freed 629K, 7% free 11223K/11975K, paused 2ms+4ms
07-10 11:52:01.756  4924  4927 D dalvikvm: GC_CONCURRENT freed 629K, 7% free 11232K/11975K, paused 17ms+2ms
07-10 11:52:16.611  4924  4927 D dalvikvm: GC_CONCURRENT freed 688K, 7% free 11225K/12039K, paused 2ms+2ms
07-10 11:52:22.240  4382  4395 I PhoneLab-: Service Running
07-10 11:52:22.306  4382  4395 I PhoneLab-LoggerService: app_36    1027  1     1440   1068  c00f181c 400107b4 S logcat
07-10 11:52:22.310  4382  4395 I PhoneLab-LoggerService: Logcat pid from database 1027
07-10 11:52:22.310  4382  4395 I PhoneLab-LoggerService: Logcat process found 1027
07-10 11:52:22.310  4382  4395 I PhoneLab-LoggerService: Checking Threshold
07-10 11:52:31.080  4924  4927 D dalvikvm: GC_CONCURRENT freed 609K, 7% free 11225K/12039K, paused 2ms+2ms
07-10 11:52:45.713  4924  4927 D dalvikvm: GC_CONCURRENT freed 624K, 7% free 11236K/12039K, paused 1ms+3ms
07-10 11:53:01.701  4924  4927 D dalvikvm: GC_CONCURRENT freed 679K, 7% free 11226K/12039K, paused 3ms+5ms
07-10 11:53:16.670  4924  4927 D dalvikvm: GC_CONCURRENT freed 631K, 7% free 11224K/12039K, paused 18ms+2ms
07-10 11:53:30.658  4924  4927 D dalvikvm: GC_CONCURRENT freed 611K, 7% free 11225K/12039K, paused 2ms+2ms
07-10 11:53:44.685  4924  4927 D dalvikvm: GC_CONCURRENT freed 611K, 7% free 11225K/12039K, paused 1ms+2ms
07-10 11:53:58.693  4924  4927 D dalvikvm: GC_CONCURRENT freed 613K, 7% free 11235K/12039K, paused 8ms+4ms
07-10 11:54:11.740   227   229 D dalvikvm: GC_CONCURRENT freed 449K, 36% free 11302K/17543K, paused 2ms+9ms
07-10 11:54:11.799   157   159 D dalvikvm: GC_CONCURRENT freed 953K, 18% free 13260K/16007K, paused 3ms+5ms
07-10 11:54:15.064  4924  4927 D dalvikvm: GC_CONCURRENT freed 688K, 7% free 11243K/12039K, paused 2ms+4ms
07-10 11:54:22.240  4382  4395 I PhoneLab-: Service Running
07-10 11:54:22.322  4382  4395 I PhoneLab-LoggerService: app_36    1027  1     1440   1068  c00f181c 400107b4 S logcat
07-10 11:54:22.322  4382  4395 I PhoneLab-LoggerService: Logcat pid from database 1027
07-10 11:54:22.322  4382  4395 I PhoneLab-LoggerService: Logcat process found 1027
07-10 11:54:22.322  4382  4395 I PhoneLab-LoggerService: Checking Threshold
07-10 11:54:31.678  4924  4927 D dalvikvm: GC_CONCURRENT freed 685K, 7% free 11253K/12039K, paused 2ms+3ms
07-10 11:54:46.693  4924  4927 D dalvikvm: GC_CONCURRENT freed 687K, 7% free 11238K/12039K, paused 8ms+2ms
07-10 11:55:02.838  4924  4927 D dalvikvm: GC_CONCURRENT freed 693K, 7% free 11238K/12039K, paused 8ms+3ms
07-10 11:55:19.564  4924  4927 D dalvikvm: GC_CONCURRENT freed 689K, 7% free 11241K/12039K, paused 18ms+3ms
07-10 11:55:30.658   356   359 D dalvikvm: GC_CONCURRENT freed 367K, 6% free 9468K/10055K, paused 42ms+2ms
07-10 11:55:34.681  4924  4927 D dalvikvm: GC_CONCURRENT freed 685K, 7% free 11229K/12039K, paused 2ms+3ms
07-10 11:55:37.135   157   168 I ActivityManager: No longer want com.android.quicksearchbox (pid 4255): hidden #16
07-10 11:55:48.767  4924  4927 D dalvikvm: GC_CONCURRENT freed 614K, 7% free 11230K/12039K, paused 2ms+3ms
07-10 11:56:03.388  4924  4927 D dalvikvm: GC_CONCURRENT freed 623K, 7% free 11237K/12039K, paused 1ms+2ms
07-10 11:56:17.685  4924  4927 D dalvikvm: GC_CONCURRENT freed 669K, 8% free 11245K/12103K, paused 2ms+2ms
07-10 11:56:22.240  4382  4395 I PhoneLab-: Service Running
07-10 11:56:22.322  4382  4395 I PhoneLab-LoggerService: app_36    1027  1     1440   1068  c00f181c 400107b4 S logcat
07-10 11:56:22.322  4382  4395 I PhoneLab-LoggerService: Logcat pid from database 1027
07-10 11:56:22.322  4382  4395 I PhoneLab-LoggerService: Logcat process found 1027
07-10 11:56:22.326  4382  4395 I PhoneLab-LoggerService: Checking Threshold
07-10 11:56:22.342  4382  4384 D dalvikvm: GC_CONCURRENT freed 460K, 15% free 9186K/10695K, paused 2ms+2ms
07-10 11:56:32.513  4924  4927 D dalvikvm: GC_CONCURRENT freed 625K, 8% free 11255K/12103K, paused 1ms+3ms
07-10 11:56:44.385  4382  4382 I PhoneLab-Locks: wake lock acquired
07-10 11:56:44.412  4382  4382 I PhoneLab-StatusMonitor: Status Monitoring is started
07-10 11:56:44.490  4382  4382 I PhoneLab-StatusMonitor: Value: 10 - unit: min
07-10 11:56:44.490  4382  4384 D dalvikvm: GC_CONCURRENT freed 345K, 13% free 9353K/10695K, paused 2ms+7ms
07-10 11:56:44.490  4382  4382 I PhoneLab-StatusMonitor: Running interval: 600000
07-10 11:56:44.502  4382  4382 I PhoneLab-StatusMonitor: Rescheduling status monitoring...
07-10 11:56:44.502  4382  4382 I PhoneLab-Locks: wake lock released
07-10 11:56:44.510  4382  4382 I PhoneLab-StatusMonitorLocation: Learning Location
07-10 11:56:44.510  4382  4382 I PhoneLab-Locks: wake lock acquired
07-10 11:56:44.521   293   559 D androidNetworkLocationListeners: Still have listener com.google.android.location.internal.client.NetworkLocationClient$1@413175c0
07-10 11:56:44.521  4382  4382 I PhoneLab-Locks: wake lock acquired
07-10 11:56:44.525  4382  4382 I PhoneLab-StatusMonitorLocation: Learning Signal Strgth
07-10 11:56:44.525  4382  4382 I PhoneLab-Locks: wake lock acquired
07-10 11:56:44.553   293   559 D androidNetworkLocationListeners: Still have listener com.google.android.location.internal.client.NetworkLocationClient$1@413175c0
07-10 11:56:44.619   157   333 D dalvikvm: GC_EXPLICIT freed 766K, 18% free 13265K/16007K, paused 3ms+6ms
07-10 11:56:44.619  4382  4382 I PhoneLab-StatusMonitorBattery: Battery_level: 69
07-10 11:56:44.631  4382  4382 I PhoneLab-Locks: wake lock released
07-10 11:56:44.635  4382  4382 I PhoneLab-StatusMonitorSignal: Signal_Strength: -96 asu: 9
07-10 11:56:44.635  4382  4382 I PhoneLab-Locks: wake lock released
07-10 11:56:45.939  4382  4382 I PhoneLab-StatusMonitorLocation: Location_Latitude: 43.0021059 Longitude: -78.7869785 Accuracy: 56.0
07-10 11:56:45.943   293   559 D androidNetworkLocationListeners: Still have listener com.google.android.location.internal.client.NetworkLocationClient$1@413175c0
07-10 11:56:45.943  4382  4382 I PhoneLab-Locks: wake lock released
07-10 11:56:45.978   293   297 D dalvikvm: GC_CONCURRENT freed 584K, 8% free 11067K/11911K, paused 2ms+3ms
07-10 11:56:47.084  4924  4927 D dalvikvm: GC_CONCURRENT freed 636K, 8% free 11250K/12103K, paused 2ms+5ms
07-10 11:57:01.693  4924  4927 D dalvikvm: GC_CONCURRENT freed 628K, 7% free 11257K/12103K, paused 2ms+3ms
07-10 11:57:16.689  4924  4927 D dalvikvm: GC_CONCURRENT freed 636K, 8% free 11254K/12103K, paused 1ms+3ms
07-10 11:57:31.689  4924  4927 D dalvikvm: GC_CONCURRENT freed 622K, 8% free 11254K/12103K, paused 2ms+3ms
07-10 11:57:46.709  4924  4927 D dalvikvm: GC_CONCURRENT freed 633K, 8% free 11244K/12103K, paused 2ms+3ms
07-10 11:58:01.721  4924  4927 D dalvikvm: GC_CONCURRENT freed 619K, 8% free 11254K/12103K, paused 15ms+2ms
07-10 11:58:16.556  4924  4927 D dalvikvm: GC_CONCURRENT freed 631K, 7% free 11260K/12103K, paused 2ms+3ms
07-10 11:58:22.240  4382  4395 I PhoneLab-: Service Running
07-10 11:58:22.314  4382  4395 I PhoneLab-LoggerService: app_36    1027  1     1440   1068  c00f181c 400107b4 S logcat
07-10 11:58:22.314  4382  4395 I PhoneLab-LoggerService: Logcat pid from database 1027
07-10 11:58:22.314  4382  4395 I PhoneLab-LoggerService: Logcat process found 1027
07-10 11:58:22.314  4382  4395 I PhoneLab-LoggerService: Checking Threshold
07-10 11:58:31.103  4924  4927 D dalvikvm: GC_CONCURRENT freed 638K, 8% free 11249K/12103K, paused 1ms+3ms
07-10 11:58:45.709  4924  4927 D dalvikvm: GC_CONCURRENT freed 628K, 7% free 11257K/12103K, paused 2ms+3ms
07-10 11:59:00.068  4732  4739 I dalvikvm: Jit: resizing JitTable from 4096 to 8192
07-10 11:59:00.685  4924  4927 D dalvikvm: GC_CONCURRENT freed 629K, 7% free 11257K/12103K, paused 2ms+2ms
07-10 11:59:15.697  4924  4927 D dalvikvm: GC_CONCURRENT freed 631K, 8% free 11256K/12103K, paused 2ms+2ms
07-10 11:59:30.658  4924  4927 D dalvikvm: GC_CONCURRENT freed 636K, 8% free 11247K/12103K, paused 2ms+2ms
07-10 11:59:41.717   157   159 D dalvikvm: GC_CONCURRENT freed 940K, 18% free 13273K/16007K, paused 36ms+5ms
07-10 11:59:45.689  4924  4927 D dalvikvm: GC_CONCURRENT freed 618K, 7% free 11257K/12103K, paused 7ms+2ms
07-10 12:00:00.017   157   173 D AlarmManagerService: Kernel timezone updated to 240 minutes west of GMT
07-10 12:00:00.642  4924  4927 D dalvikvm: GC_CONCURRENT freed 644K, 7% free 11270K/12103K, paused 2ms+3ms
07-10 12:00:15.681  4924  4927 D dalvikvm: GC_CONCURRENT freed 642K, 7% free 11260K/12103K, paused 1ms+2ms
07-10 12:00:22.240  4382  4395 I PhoneLab-: Service Running
07-10 12:00:22.334  4382  4395 I PhoneLab-LoggerService: app_36    1027  1     1440   1068  c00f181c 400107b4 S logcat
07-10 12:00:22.334  4382  4395 I PhoneLab-LoggerService: Logcat pid from database 1027
07-10 12:00:22.334  4382  4395 I PhoneLab-LoggerService: Logcat process found 1027
07-10 12:00:22.334  4382  4395 I PhoneLab-LoggerService: Checking Threshold
07-10 12:00:30.463  4382  4382 I PhoneLab-Locks: wake lock acquired
07-10 12:00:30.510  4382  5023 I PhoneLab-PeriodicCheckService: User info is synched
07-10 12:00:30.513  4382  5023 I PhoneLab-PeriodicCheckService: Logger Service is running
07-10 12:00:30.513  4382  5023 I PhoneLab-Locks: wake lock acquired
07-10 12:00:30.517  4382  4382 I PhoneLab-UploadLogs: Transfering log files now
07-10 12:00:30.517  4382  4382 I PhoneLab-UploadLogs: No log files to transfer
07-10 12:00:30.517  4382  4382 I PhoneLab-Locks: wake lock released
07-10 12:00:30.517  4382  4382 I PhoneLab-UploadLogs: OnStartCommand
07-10 12:00:30.521  4382  5023 I PhoneLab-PeriodicCheckService: Rescheduling periodic checking...
07-10 12:00:30.521  4382  5023 I PhoneLab-Locks: wake lock released
07-10 12:00:30.619  4924  4927 D dalvikvm: GC_CONCURRENT freed 635K, 7% free 11258K/12103K, paused 2ms+2ms
07-10 12:00:45.674  4924  4927 D dalvikvm: GC_CONCURRENT freed 636K, 7% free 11258K/12103K, paused 1ms+3ms
07-10 12:01:00.685  4924  4927 D dalvikvm: GC_CONCURRENT freed 628K, 7% free 11258K/12103K, paused 1ms+3ms
07-10 12:01:11.732   227   229 D dalvikvm: GC_CONCURRENT freed 625K, 36% free 11320K/17543K, paused 2ms+6ms
07-10 12:01:15.599  4924  4927 D dalvikvm: GC_CONCURRENT freed 663K, 7% free 11261K/12103K, paused 17ms+2ms
07-10 12:01:30.681  4924  4927 D dalvikvm: GC_CONCURRENT freed 628K, 7% free 11260K/12103K, paused 2ms+3ms
07-10 12:01:45.650  4924  4927 D dalvikvm: GC_CONCURRENT freed 635K, 8% free 11251K/12103K, paused 2ms+2ms
07-10 12:02:00.678  4924  4927 D dalvikvm: GC_CONCURRENT freed 628K, 7% free 11260K/12103K, paused 4ms+3ms
07-10 12:02:08.799   293  3766 D dalvikvm: GC_EXPLICIT freed 426K, 8% free 11052K/11911K, paused 3ms+4ms
07-10 12:02:15.678  4924  4927 D dalvikvm: GC_CONCURRENT freed 637K, 8% free 11251K/12103K, paused 1ms+2ms
07-10 12:02:22.240  4382  4395 I PhoneLab-: Service Running
07-10 12:02:22.322  4382  4395 I PhoneLab-LoggerService: app_36    1027  1     1440   1068  c00f181c 400107b4 S logcat
07-10 12:02:22.322  4382  4395 I PhoneLab-LoggerService: Logcat pid from database 1027
07-10 12:02:22.322  4382  4395 I PhoneLab-LoggerService: Logcat process found 1027
07-10 12:02:22.322  4382  4395 I PhoneLab-LoggerService: Checking Threshold
07-10 12:02:30.424  4924  4927 D dalvikvm: GC_CONCURRENT freed 620K, 7% free 11263K/12103K, paused 1ms+3ms
07-10 12:02:33.666   356   359 D dalvikvm: GC_CONCURRENT freed 385K, 6% free 9467K/10055K, paused 65ms+2ms
07-10 12:02:44.982  4924  4927 D dalvikvm: GC_CONCURRENT freed 643K, 7% free 11257K/12103K, paused 2ms+2ms
07-10 12:02:50.787   157   159 D dalvikvm: GC_CONCURRENT freed 948K, 18% free 13262K/16007K, paused 12ms+5ms
07-10 12:02:59.631  4924  4927 D dalvikvm: GC_CONCURRENT freed 617K, 7% free 11263K/12103K, paused 2ms+4ms
07-10 12:03:00.428   293   975 I EventLogService: Aggregate from 1341934380300 (log), 1341934380300 (data)
07-10 12:03:14.674  4924  4927 D dalvikvm: GC_CONCURRENT freed 632K, 7% free 11262K/12103K, paused 2ms+3ms
07-10 12:03:29.681  4924  4927 D dalvikvm: GC_CONCURRENT freed 632K, 8% free 11253K/12103K, paused 2ms+2ms
07-10 12:03:44.670  4924  4927 D dalvikvm: GC_CONCURRENT freed 623K, 8% free 11254K/12103K, paused 3ms+2ms
07-10 12:03:59.775  4924  4927 D dalvikvm: GC_CONCURRENT freed 641K, 7% free 11273K/12103K, paused 17ms+4ms
07-10 12:04:14.689  4924  4927 D dalvikvm: GC_CONCURRENT freed 638K, 7% free 11265K/12103K, paused 2ms+3ms
07-10 12:04:22.240  4382  4395 I PhoneLab-: Service Running
07-10 12:04:22.330  4382  4395 I PhoneLab-LoggerService: app_36    1027  1     1440   1068  c00f181c 400107b4 S logcat
07-10 12:04:22.334  4382  4395 I PhoneLab-LoggerService: Logcat pid from database 1027
07-10 12:04:22.334  4382  4395 I PhoneLab-LoggerService: Logcat process found 1027
07-10 12:04:22.334  4382  4395 I PhoneLab-LoggerService: Checking Threshold
07-10 12:04:29.658  4924  4927 D dalvikvm: GC_CONCURRENT freed 635K, 7% free 11264K/12103K, paused 1ms+2ms
07-10 12:04:36.279   441   444 D dalvikvm: GC_CONCURRENT freed 389K, 6% free 9462K/10055K, paused 2ms+9ms
07-10 12:04:43.681  4924  4927 D dalvikvm: GC_CONCURRENT freed 625K, 7% free 11278K/12103K, paused 2ms+3ms
07-10 12:04:58.666  4924  4927 D dalvikvm: GC_CONCURRENT freed 651K, 7% free 11270K/12103K, paused 2ms+3ms
07-10 12:05:12.674  4924  4927 D dalvikvm: GC_CONCURRENT freed 626K, 7% free 11270K/12103K, paused 2ms+3ms
07-10 12:05:27.674  4924  4927 D dalvikvm: GC_CONCURRENT freed 631K, 7% free 11280K/12103K, paused 2ms+3ms
07-10 12:05:42.717  4924  4927 D dalvikvm: GC_CONCURRENT freed 657K, 7% free 11270K/12103K, paused 2ms+3ms
07-10 12:05:57.681  4924  4927 D dalvikvm: GC_CONCURRENT freed 632K, 7% free 11280K/12103K, paused 1ms+3ms
07-10 12:05:59.463   157   159 D dalvikvm: GC_CONCURRENT freed 933K, 18% free 13263K/16007K, paused 8ms+5ms
07-10 12:06:12.693  4924  4927 D dalvikvm: GC_CONCURRENT freed 706K, 7% free 11283K/12103K, paused 3ms+3ms
07-10 12:06:22.256  4382  4395 I PhoneLab-: Service Running
07-10 12:06:22.346  4382  4395 I PhoneLab-LoggerService: app_36    1027  1     1440   1068  c00f181c 400107b4 S logcat
07-10 12:06:22.346  4382  4395 I PhoneLab-LoggerService: Logcat pid from database 1027
07-10 12:06:22.346  4382  4395 I PhoneLab-LoggerService: Logcat process found 1027
07-10 12:06:22.346  4382  4395 I PhoneLab-LoggerService: Checking Threshold
07-10 12:06:29.381  4924  4927 D dalvikvm: GC_CONCURRENT freed 703K, 7% free 11285K/12103K, paused 1ms+3ms
07-10 12:06:44.525  4382  4382 I PhoneLab-Locks: wake lock acquired
07-10 12:06:44.564  4382  4382 I PhoneLab-StatusMonitor: Status Monitoring is started
07-10 12:06:44.619  4382  4384 D dalvikvm: GC_CONCURRENT freed 621K, 14% free 9243K/10695K, paused 2ms+2ms
07-10 12:06:44.642  4382  4382 I PhoneLab-StatusMonitor: Value: 10 - unit: min
07-10 12:06:44.646  4382  4382 I PhoneLab-StatusMonitor: Running interval: 600000
07-10 12:06:44.654  4382  4382 I PhoneLab-StatusMonitor: Rescheduling status monitoring...
07-10 12:06:44.654  4382  4382 I PhoneLab-Locks: wake lock released
07-10 12:06:44.662  4382  4382 I PhoneLab-StatusMonitorLocation: Learning Location
07-10 12:06:44.662  4382  4382 I PhoneLab-Locks: wake lock acquired
07-10 12:06:44.662  4382  4382 I PhoneLab-Locks: wake lock acquired
07-10 12:06:44.670  4382  4382 I PhoneLab-StatusMonitorLocation: Learning Signal Strgth
07-10 12:06:44.670  4382  4382 I PhoneLab-Locks: wake lock acquired
07-10 12:06:44.670   293   559 D androidNetworkLocationListeners: Still have listener com.google.android.location.internal.client.NetworkLocationClient$1@413175c0
07-10 12:06:44.681   293   559 D androidNetworkLocationListeners: Still have listener com.google.android.location.internal.client.NetworkLocationClient$1@413175c0
07-10 12:06:44.681  4382  4382 I PhoneLab-StatusMonitorBattery: Battery_level: 72
07-10 12:06:44.685  4382  4382 I PhoneLab-Locks: wake lock released
07-10 12:06:44.689  4382  4382 I PhoneLab-StatusMonitorSignal: Signal_Strength: -96 asu: 9
07-10 12:06:44.689  4382  4382 I PhoneLab-Locks: wake lock released
07-10 12:06:45.681  4924  4927 D dalvikvm: GC_CONCURRENT freed 696K, 7% free 11282K/12103K, paused 2ms+2ms
07-10 12:06:46.049  4382  4382 I PhoneLab-StatusMonitorLocation: Location_Latitude: 43.0021886 Longitude: -78.7870403 Accuracy: 54.0
07-10 12:06:46.049  4382  4382 I PhoneLab-Locks: wake lock released
07-10 12:06:46.056   293   559 D androidNetworkLocationListeners: Still have listener com.google.android.location.internal.client.NetworkLocationClient$1@413175c0
07-10 12:06:47.471   293   297 D dalvikvm: GC_CONCURRENT freed 655K, 8% free 11073K/11911K, paused 3ms+4ms
07-10 12:07:00.646  4924  4927 D dalvikvm: GC_CONCURRENT freed 698K, 7% free 11274K/12103K, paused 3ms+6ms
07-10 12:07:15.111  4924  4927 D dalvikvm: GC_CONCURRENT freed 627K, 7% free 11274K/12103K, paused 1ms+4ms
07-10 12:07:29.689  4924  4927 D dalvikvm: GC_CONCURRENT freed 633K, 7% free 11284K/12103K, paused 2ms+3ms
07-10 12:07:46.408  4924  4927 D dalvikvm: GC_CONCURRENT freed 706K, 7% free 11292K/12103K, paused 2ms+3ms
07-10 12:07:57.349  1102  1102 I wpa_supplicant: wlan0: WPA: Group rekeying completed with c4:3d:c7:a7:ad:c9 [GTK=CCMP]
07-10 12:08:02.685  4924  4927 D dalvikvm: GC_CONCURRENT freed 705K, 7% free 11284K/12103K, paused 2ms+2ms
07-10 12:08:11.752   227   229 D dalvikvm: GC_CONCURRENT freed 647K, 36% free 11321K/17543K, paused 2ms+11ms
07-10 12:08:18.666  4924  4927 D dalvikvm: GC_CONCURRENT freed 721K, 7% free 11275K/12103K, paused 2ms+2ms
07-10 12:08:22.244  4382  4395 I PhoneLab-: Service Running
07-10 12:08:22.342  4382  4395 I PhoneLab-LoggerService: app_36    1027  1     1440   1068  c00f181c 400107b4 S logcat
07-10 12:08:22.342  4382  4395 I PhoneLab-LoggerService: Logcat pid from database 1027
07-10 12:08:22.346  4382  4395 I PhoneLab-LoggerService: Logcat process found 1027
07-10 12:08:22.346  4382  4395 I PhoneLab-LoggerService: Checking Threshold
07-10 12:08:33.654  4924  4927 D dalvikvm: GC_CONCURRENT freed 636K, 7% free 11282K/12103K, paused 4ms+3ms
07-10 12:08:41.771   157   159 D dalvikvm: GC_CONCURRENT freed 914K, 18% free 13284K/16007K, paused 3ms+5ms
07-10 12:08:49.658  4924  4927 D dalvikvm: GC_CONCURRENT freed 715K, 7% free 11275K/12103K, paused 19ms+2ms
07-10 12:09:03.678  4924  4927 D dalvikvm: GC_CONCURRENT freed 626K, 7% free 11274K/12103K, paused 1ms+3ms
07-10 12:09:17.978  4924  4927 D dalvikvm: GC_CONCURRENT freed 622K, 7% free 11276K/12103K, paused 2ms+3ms
07-10 12:09:32.638  4924  4927 D dalvikvm: GC_CONCURRENT freed 641K, 7% free 11274K/12103K, paused 1ms+4ms
07-10 12:09:35.674   356   359 D dalvikvm: GC_CONCURRENT freed 384K, 6% free 9467K/10055K, paused 58ms+2ms
07-10 12:09:46.982  4924  4927 D dalvikvm: GC_CONCURRENT freed 622K, 7% free 11276K/12103K, paused 2ms+3ms
07-10 12:10:01.701  4924  4927 D dalvikvm: GC_CONCURRENT freed 649K, 7% free 11274K/12103K, paused 7ms+3ms
07-10 12:10:16.670  4924  4927 D dalvikvm: GC_CONCURRENT freed 634K, 7% free 11283K/12103K, paused 2ms+3ms
07-10 12:10:22.240  4382  4395 I PhoneLab-: Service Running
07-10 12:10:22.299  4382  4384 D dalvikvm: GC_CONCURRENT freed 452K, 14% free 9207K/10695K, paused 2ms+3ms
07-10 12:10:22.303  4382  4395 I PhoneLab-LoggerService: app_36    1027  1     1440   1068  c00f181c 400107b4 S logcat
07-10 12:10:22.306  4382  4395 I PhoneLab-LoggerService: Logcat pid from database 1027
07-10 12:10:22.306  4382  4395 I PhoneLab-LoggerService: Logcat process found 1027
07-10 12:10:22.310  4382  4395 I PhoneLab-LoggerService: Checking Threshold
07-10 12:10:32.646  4924  4927 D dalvikvm: GC_CONCURRENT freed 705K, 7% free 11283K/12103K, paused 2ms+3ms
07-10 12:10:49.213  4924  4927 D dalvikvm: GC_CONCURRENT freed 704K, 7% free 11287K/12103K, paused 1ms+3ms
07-10 12:11:05.681  4924  4927 D dalvikvm: GC_CONCURRENT freed 710K, 7% free 11277K/12103K, paused 2ms+2ms
07-10 12:11:20.533  4924  4927 D dalvikvm: GC_CONCURRENT freed 645K, 7% free 11286K/12103K, paused 8ms+3ms
07-10 12:11:25.678   157   159 D dalvikvm: GC_CONCURRENT freed 960K, 18% free 13263K/16007K, paused 8ms+5ms
07-10 12:11:36.662  4924  4927 D dalvikvm: GC_CONCURRENT freed 695K, 7% free 11286K/12103K, paused 3ms+5ms
07-10 12:11:51.806  4924  4927 D dalvikvm: GC_CONCURRENT freed 692K, 7% free 11280K/12103K, paused 3ms+2ms
07-10 12:12:08.510  4924  4927 D dalvikvm: GC_CONCURRENT freed 703K, 7% free 11281K/12103K, paused 2ms+3ms
07-10 12:12:22.240  4382  4395 I PhoneLab-: Service Running
07-10 12:12:22.299  4382  4395 I PhoneLab-LoggerService: app_36    1027  1     1440   1068  c00f181c 400107b4 S logcat
07-10 12:12:22.299  4382  4395 I PhoneLab-LoggerService: Logcat pid from database 1027
07-10 12:12:22.299  4382  4395 I PhoneLab-LoggerService: Logcat process found 1027
07-10 12:12:22.303  4382  4395 I PhoneLab-LoggerService: Checking Threshold
07-10 12:12:24.658  4924  4927 D dalvikvm: GC_CONCURRENT freed 698K, 7% free 11286K/12103K, paused 3ms+6ms
07-10 12:12:40.662  4924  4927 D dalvikvm: GC_CONCURRENT freed 708K, 7% free 11278K/12103K, paused 2ms+3ms
07-10 12:12:54.654  4924  4927 D dalvikvm: GC_CONCURRENT freed 631K, 7% free 11276K/12103K, paused 1ms+3ms
07-10 12:13:09.666  4924  4927 D dalvikvm: GC_CONCURRENT freed 644K, 7% free 11276K/12103K, paused 2ms+3ms
07-10 12:13:24.642  4924  4927 D dalvikvm: GC_CONCURRENT freed 631K, 7% free 11286K/12103K, paused 2ms+5ms
07-10 12:13:39.928  4924  4927 D dalvikvm: GC_CONCURRENT freed 691K, 7% free 11281K/12103K, paused 2ms+3ms
07-10 12:13:56.705  4924  4927 D dalvikvm: GC_CONCURRENT freed 716K, 7% free 11291K/12103K, paused 1ms+3ms
07-10 12:14:12.642  4924  4927 D dalvikvm: GC_CONCURRENT freed 691K, 7% free 11279K/12103K, paused 1ms+3ms
07-10 12:14:22.240  4382  4395 I PhoneLab-: Service Running
07-10 12:14:22.322  4382  4395 I PhoneLab-LoggerService: app_36    1027  1     1440   1068  c00f181c 400107b4 S logcat
07-10 12:14:22.322  4382  4395 I PhoneLab-LoggerService: Logcat pid from database 1027
07-10 12:14:22.322  4382  4395 I PhoneLab-LoggerService: Logcat process found 1027
07-10 12:14:22.322  4382  4395 I PhoneLab-LoggerService: Checking Threshold
07-10 12:14:27.678  4924  4927 D dalvikvm: GC_CONCURRENT freed 634K, 7% free 11286K/12103K, paused 1ms+2ms
07-10 12:14:42.697  4924  4927 D dalvikvm: GC_CONCURRENT freed 694K, 7% free 11282K/12103K, paused 1ms+2ms
07-10 12:14:44.767   157   159 D dalvikvm: GC_CONCURRENT freed 943K, 18% free 13255K/16007K, paused 2ms+5ms
07-10 12:14:59.318  4924  4927 D dalvikvm: GC_CONCURRENT freed 697K, 7% free 11295K/12103K, paused 2ms+3ms
07-10 12:15:14.310   227   229 D dalvikvm: GC_CONCURRENT freed 643K, 36% free 11317K/17543K, paused 18ms+6ms
07-10 12:15:15.681  4924  4927 D dalvikvm: GC_CONCURRENT freed 707K, 7% free 11280K/12103K, paused 2ms+3ms
07-10 12:15:30.490  4924  4927 D dalvikvm: GC_CONCURRENT freed 643K, 7% free 11294K/12103K, paused 7ms+2ms
07-10 12:15:45.670  4924  4927 D dalvikvm: GC_CONCURRENT freed 690K, 7% free 11280K/12103K, paused 2ms+3ms
07-10 12:16:01.666  4924  4927 D dalvikvm: GC_CONCURRENT freed 702K, 7% free 11285K/12103K, paused 2ms+3ms
07-10 12:16:17.670  4924  4927 D dalvikvm: GC_CONCURRENT freed 692K, 7% free 11283K/12103K, paused 4ms+3ms
07-10 12:16:22.240  4382  4395 I PhoneLab-: Service Running
07-10 12:16:22.342  4382  4395 I PhoneLab-LoggerService: app_36    1027  1     1440   1068  c00f181c 400107b4 S logcat
07-10 12:16:22.342  4382  4395 I PhoneLab-LoggerService: Logcat pid from database 1027
07-10 12:16:22.342  4382  4395 I PhoneLab-LoggerService: Logcat process found 1027
07-10 12:16:22.346  4382  4395 I PhoneLab-LoggerService: Checking Threshold
07-10 12:16:33.662  4924  4927 D dalvikvm: GC_CONCURRENT freed 704K, 7% free 11285K/12103K, paused 2ms+3ms
07-10 12:16:44.654  4382  4382 I PhoneLab-Locks: wake lock acquired
07-10 12:16:44.662  4382  4382 I PhoneLab-StatusMonitor: Status Monitoring is started
07-10 12:16:44.752  4382  4384 D dalvikvm: GC_CONCURRENT freed 468K, 14% free 9250K/10695K, paused 2ms+4ms
07-10 12:16:44.783  4382  4382 I PhoneLab-StatusMonitor: Value: 10 - unit: min
07-10 12:16:44.783  4382  4382 I PhoneLab-StatusMonitor: Running interval: 600000
07-10 12:16:44.799  4382  4382 I PhoneLab-StatusMonitor: Rescheduling status monitoring...
07-10 12:16:44.799  4382  4382 I PhoneLab-Locks: wake lock released
07-10 12:16:44.806  4382  4382 I PhoneLab-StatusMonitorLocation: Learning Location
07-10 12:16:44.806  4382  4382 I PhoneLab-Locks: wake lock acquired
07-10 12:16:44.810  4382  4382 I PhoneLab-Locks: wake lock acquired
07-10 12:16:44.818  4382  4382 I PhoneLab-StatusMonitorLocation: Learning Signal Strgth
07-10 12:16:44.818  4382  4382 I PhoneLab-Locks: wake lock acquired
07-10 12:16:44.822   293   559 D androidNetworkLocationListeners: Still have listener com.google.android.location.internal.client.NetworkLocationClient$1@413175c0
07-10 12:16:44.830  4382  4382 I PhoneLab-StatusMonitorBattery: Battery_level: 75
07-10 12:16:44.830   293   559 D androidNetworkLocationListeners: Still have listener com.google.android.location.internal.client.NetworkLocationClient$1@413175c0
07-10 12:16:44.834  4382  4382 I PhoneLab-Locks: wake lock released
07-10 12:16:44.838  4382  4382 I PhoneLab-StatusMonitorSignal: Signal_Strength: -96 asu: 9
07-10 12:16:44.838  4382  4382 I PhoneLab-Locks: wake lock released
07-10 12:16:44.873   356   359 D dalvikvm: GC_CONCURRENT freed 384K, 6% free 9467K/10055K, paused 7ms+2ms
07-10 12:16:46.146  4382  4382 I PhoneLab-StatusMonitorLocation: Location_Latitude: 43.0022737 Longitude: -78.7870641 Accuracy: 29.0
07-10 12:16:46.146   293   559 D androidNetworkLocationListeners: Still have listener com.google.android.location.internal.client.NetworkLocationClient$1@413175c0
07-10 12:16:46.146  4382  4382 I PhoneLab-Locks: wake lock released
07-10 12:16:46.181   293   297 D dalvikvm: GC_CONCURRENT freed 572K, 8% free 11072K/11911K, paused 2ms+3ms
07-10 12:16:49.607  4924  4927 D dalvikvm: GC_CONCURRENT freed 709K, 7% free 11287K/12103K, paused 1ms+3ms
07-10 12:17:06.240  4924  4927 D dalvikvm: GC_CONCURRENT freed 691K, 7% free 11301K/12103K, paused 2ms+2ms
07-10 12:17:21.662  4924  4927 D dalvikvm: GC_CONCURRENT freed 689K, 7% free 11285K/12103K, paused 2ms+3ms
07-10 12:17:32.685   157   159 D dalvikvm: GC_CONCURRENT freed 913K, 18% free 13276K/16007K, paused 5ms+5ms
07-10 12:17:37.685  4924  4927 D dalvikvm: GC_CONCURRENT freed 693K, 7% free 11295K/12103K, paused 8ms+3ms
07-10 12:17:53.658  4924  4927 D dalvikvm: GC_CONCURRENT freed 696K, 7% free 11284K/12103K, paused 1ms+3ms
07-10 12:18:08.721  4924  4927 D dalvikvm: GC_CONCURRENT freed 685K, 7% free 11288K/12103K, paused 2ms+3ms
07-10 12:18:17.135   441   444 D dalvikvm: GC_CONCURRENT freed 390K, 6% free 9458K/10055K, paused 2ms+3ms
07-10 12:18:22.240  4382  4395 I PhoneLab-: Service Running
07-10 12:18:22.342  4382  4395 I PhoneLab-LoggerService: app_36    1027  1     1440   1068  c00f181c 400107b4 S logcat
07-10 12:18:22.342  4382  4395 I PhoneLab-LoggerService: Logcat pid from database 1027
07-10 12:18:22.346  4382  4395 I PhoneLab-LoggerService: Logcat process found 1027
07-10 12:18:22.346  4382  4395 I PhoneLab-LoggerService: Checking Threshold
07-10 12:18:25.431  4924  4927 D dalvikvm: GC_CONCURRENT freed 691K, 7% free 11304K/12103K, paused 2ms+2ms
07-10 12:18:40.689  4924  4927 D dalvikvm: GC_CONCURRENT freed 683K, 7% free 11296K/12103K, paused 1ms+3ms
07-10 12:18:56.662  4924  4927 D dalvikvm: GC_CONCURRENT freed 722K, 7% free 11290K/12103K, paused 1ms+10ms
07-10 12:19:13.299  4924  4927 D dalvikvm: GC_CONCURRENT freed 699K, 7% free 11302K/12103K, paused 8ms+2ms
07-10 12:19:28.662  4924  4927 D dalvikvm: GC_CONCURRENT freed 685K, 7% free 11286K/12103K, paused 2ms+3ms
07-10 12:19:44.529  4924  4927 D dalvikvm: GC_CONCURRENT freed 682K, 7% free 11289K/12103K, paused 2ms+3ms
07-10 12:20:00.689  4924  4927 D dalvikvm: GC_CONCURRENT freed 687K, 7% free 11295K/12103K, paused 9ms+3ms
07-10 12:20:15.717  4924  4927 D dalvikvm: GC_CONCURRENT freed 687K, 7% free 11290K/12103K, paused 2ms+4ms
07-10 12:20:22.240  4382  4395 I PhoneLab-: Service Running
07-10 12:20:22.342  4382  4395 I PhoneLab-LoggerService: app_36    1027  1     1440   1068  c00f181c 400107b4 S logcat
07-10 12:20:22.342  4382  4395 I PhoneLab-LoggerService: Logcat pid from database 1027
07-10 12:20:22.342  4382  4395 I PhoneLab-LoggerService: Logcat process found 1027
07-10 12:20:22.346  4382  4395 I PhoneLab-LoggerService: Checking Threshold
07-10 12:20:32.392  4924  4927 D dalvikvm: GC_CONCURRENT freed 690K, 7% free 11304K/12103K, paused 2ms+3ms
07-10 12:20:39.838   157   159 D dalvikvm: GC_CONCURRENT freed 997K, 18% free 13276K/16007K, paused 2ms+4ms
07-10 12:20:47.674  4924  4927 D dalvikvm: GC_CONCURRENT freed 682K, 7% free 11297K/12103K, paused 2ms+2ms
07-10 12:21:03.709  4924  4927 D dalvikvm: GC_CONCURRENT freed 694K, 7% free 11302K/12103K, paused 2ms+2ms
07-10 12:21:19.642  4924  4927 D dalvikvm: GC_CONCURRENT freed 689K, 7% free 11288K/12103K, paused 2ms+2ms
07-10 12:21:35.076  4924  4927 D dalvikvm: GC_CONCURRENT freed 682K, 7% free 11291K/12103K, paused 2ms+2ms
07-10 12:21:51.662  4924  4927 D dalvikvm: GC_CONCURRENT freed 688K, 7% free 11296K/12103K, paused 2ms+3ms
07-10 12:22:06.681  4924  4927 D dalvikvm: GC_CONCURRENT freed 682K, 7% free 11298K/12103K, paused 2ms+2ms
07-10 12:22:11.740   227   229 D dalvikvm: GC_CONCURRENT freed 647K, 36% free 11315K/17543K, paused 2ms+17ms
07-10 12:22:22.240  4382  4395 I PhoneLab-: Service Running
07-10 12:22:22.303  4382  4395 I PhoneLab-LoggerService: app_36    1027  1     1440   1068  c00f181c 400107b4 S logcat
07-10 12:22:22.303  4382  4395 I PhoneLab-LoggerService: Logcat pid from database 1027
07-10 12:22:22.303  4382  4395 I PhoneLab-LoggerService: Logcat process found 1027
07-10 12:22:22.303  4382  4395 I PhoneLab-LoggerService: Checking Threshold
07-10 12:22:22.678  4924  4927 D dalvikvm: GC_CONCURRENT freed 683K, 7% free 11287K/12103K, paused 2ms+2ms
07-10 12:22:37.650  4924  4927 D dalvikvm: GC_CONCURRENT freed 679K, 7% free 11290K/12103K, paused 2ms+2ms
07-10 12:22:53.674  4924  4927 D dalvikvm: GC_CONCURRENT freed 683K, 7% free 11288K/12103K, paused 3ms+6ms
07-10 12:23:08.721  4924  4927 D dalvikvm: GC_CONCURRENT freed 680K, 7% free 11292K/12103K, paused 2ms+3ms
07-10 12:23:25.396  4924  4927 D dalvikvm: GC_CONCURRENT freed 694K, 7% free 11305K/12103K, paused 14ms+3ms
07-10 12:23:40.666  4924  4927 D dalvikvm: GC_CONCURRENT freed 675K, 7% free 11300K/12103K, paused 2ms+2ms
07-10 12:23:52.689   157   159 D dalvikvm: GC_CONCURRENT freed 945K, 18% free 13270K/16007K, paused 26ms+5ms
07-10 12:23:54.662   356   359 D dalvikvm: GC_CONCURRENT freed 384K, 6% free 9467K/10055K, paused 30ms+2ms
07-10 12:23:56.670  4924  4927 D dalvikvm: GC_CONCURRENT freed 712K, 7% free 11307K/12103K, paused 2ms+3ms
07-10 12:24:12.674  4924  4927 D dalvikvm: GC_CONCURRENT freed 685K, 7% free 11290K/12103K, paused 3ms+3ms
07-10 12:24:22.244  4382  4395 I PhoneLab-: Service Running
07-10 12:24:22.353  4382  4395 I PhoneLab-LoggerService: app_36    1027  1     1440   1068  c00f181c 400107b4 S logcat
07-10 12:24:22.353  4382  4395 I PhoneLab-LoggerService: Logcat pid from database 1027
07-10 12:24:22.357  4382  4395 I PhoneLab-LoggerService: Logcat process found 1027
07-10 12:24:22.357  4382  4395 I PhoneLab-LoggerService: Checking Threshold
07-10 12:24:22.369  4382  4384 D dalvikvm: GC_CONCURRENT freed 440K, 14% free 9210K/10695K, paused 1ms+9ms
07-10 12:24:27.760  4924  4927 D dalvikvm: GC_CONCURRENT freed 679K, 7% free 11293K/12103K, paused 1ms+2ms
07-10 12:24:44.451  4924  4927 D dalvikvm: GC_CONCURRENT freed 697K, 7% free 11308K/12103K, paused 14ms+3ms
07-10 12:24:45.596   157   173 V BackupManagerService: Running a backup pass
07-10 12:24:45.607   157   226 V BackupManagerService: Backup requested but nothing pending
07-10 12:24:59.674  4924  4927 D dalvikvm: GC_CONCURRENT freed 682K, 7% free 11301K/12103K, paused 2ms+2ms
07-10 12:25:15.701  4924  4927 D dalvikvm: GC_CONCURRENT freed 693K, 7% free 11305K/12103K, paused 1ms+2ms
07-10 12:25:31.693  4924  4927 D dalvikvm: GC_CONCURRENT freed 687K, 7% free 11292K/12103K, paused 2ms+3ms
07-10 12:25:46.951  4924  4927 D dalvikvm: GC_CONCURRENT freed 683K, 7% free 11294K/12103K, paused 2ms+3ms
07-10 12:26:03.674  4924  4927 D dalvikvm: GC_CONCURRENT freed 714K, 7% free 11301K/12103K, paused 2ms+2ms
07-10 12:26:18.674  4924  4927 D dalvikvm: GC_CONCURRENT freed 676K, 7% free 11292K/12103K, paused 2ms+3ms
07-10 12:26:22.240  4382  4395 I PhoneLab-: Service Running
07-10 12:26:22.334  4382  4395 I PhoneLab-LoggerService: app_36    1027  1     1440   1068  c00f181c 400107b4 S logcat
07-10 12:26:22.334  4382  4395 I PhoneLab-LoggerService: Logcat pid from database 1027
07-10 12:26:22.334  4382  4395 I PhoneLab-LoggerService: Logcat process found 1027
07-10 12:26:22.334  4382  4395 I PhoneLab-LoggerService: Checking Threshold
07-10 12:26:27.287   157   169 D dalvikvm: GC_EXPLICIT freed 768K, 18% free 13265K/16007K, paused 6ms+5ms
07-10 12:26:34.803  4924  4927 D dalvikvm: GC_CONCURRENT freed 694K, 7% free 11306K/12103K, paused 3ms+2ms
07-10 12:26:44.830  4382  4382 I PhoneLab-Locks: wake lock acquired
07-10 12:26:44.857  4382  4382 I PhoneLab-StatusMonitor: Status Monitoring is started
07-10 12:26:44.912  4382  4384 D dalvikvm: GC_CONCURRENT freed 408K, 13% free 9308K/10695K, paused 1ms+5ms
07-10 12:26:44.920  4382  4382 I PhoneLab-StatusMonitor: Value: 10 - unit: min
07-10 12:26:44.920  4382  4382 I PhoneLab-StatusMonitor: Running interval: 600000
07-10 12:26:44.931  4382  4382 I PhoneLab-StatusMonitor: Rescheduling status monitoring...
07-10 12:26:44.935  4382  4382 I PhoneLab-Locks: wake lock released
07-10 12:26:44.943  4382  4382 I PhoneLab-StatusMonitorLocation: Learning Location
07-10 12:26:44.943  4382  4382 I PhoneLab-Locks: wake lock acquired
07-10 12:26:44.951  4382  4382 I PhoneLab-Locks: wake lock acquired
07-10 12:26:44.951   293   559 D androidNetworkLocationListeners: Still have listener com.google.android.location.internal.client.NetworkLocationClient$1@413175c0
07-10 12:26:44.955  4382  4382 I PhoneLab-StatusMonitorLocation: Learning Signal Strgth
07-10 12:26:44.955  4382  4382 I PhoneLab-Locks: wake lock acquired
07-10 12:26:44.967   293   559 D androidNetworkLocationListeners: Still have listener com.google.android.location.internal.client.NetworkLocationClient$1@413175c0
07-10 12:26:44.971  4382  4382 I PhoneLab-StatusMonitorBattery: Battery_level: 77
07-10 12:26:44.971  4382  4382 I PhoneLab-Locks: wake lock released
07-10 12:26:44.974  4382  4382 I PhoneLab-StatusMonitorSignal: Signal_Strength: -96 asu: 9
07-10 12:26:44.974  4382  4382 I PhoneLab-Locks: wake lock released
07-10 12:26:46.318   293   297 D dalvikvm: GC_CONCURRENT freed 684K, 8% free 11072K/11911K, paused 2ms+4ms
07-10 12:26:46.334  4382  4382 I PhoneLab-StatusMonitorLocation: Location_Latitude: 43.002096 Longitude: -78.7869536 Accuracy: 30.0
07-10 12:26:46.338   293   559 D androidNetworkLocationListeners: Still have listener com.google.android.location.internal.client.NetworkLocationClient$1@413175c0
07-10 12:26:46.338  4382  4382 I PhoneLab-Locks: wake lock released
07-10 12:26:50.697  4924  4927 D dalvikvm: GC_CONCURRENT freed 691K, 7% free 11293K/12103K, paused 1ms+2ms
07-10 12:27:06.033  4924  4927 D dalvikvm: GC_CONCURRENT freed 682K, 7% free 11296K/12103K, paused 2ms+3ms
07-10 12:27:06.646  4924  4946 D dalvikvm: GC_EXPLICIT freed 53K, 7% free 11265K/12103K, paused 16ms+3ms
07-10 12:27:20.638  4924  4927 D dalvikvm: GC_CONCURRENT freed 613K, 7% free 11282K/12103K, paused 1ms+3ms
07-10 12:27:37.131  4924  4927 D dalvikvm: GC_CONCURRENT freed 696K, 7% free 11286K/12103K, paused 1ms+3ms
07-10 12:27:53.685  4924  4927 D dalvikvm: GC_CONCURRENT freed 690K, 7% free 11307K/12103K, paused 2ms+3ms
07-10 12:28:08.681  4924  4927 D dalvikvm: GC_CONCURRENT freed 689K, 7% free 11285K/12103K, paused 2ms+3ms
07-10 12:28:22.240  4382  4395 I PhoneLab-: Service Running
07-10 12:28:22.361  4382  4395 I PhoneLab-LoggerService: app_36    1027  1     1440   1068  c00f181c 400107b4 S logcat
07-10 12:28:22.365  4382  4395 I PhoneLab-LoggerService: Logcat pid from database 1027
07-10 12:28:22.365  4382  4395 I PhoneLab-LoggerService: Logcat process found 1027
07-10 12:28:22.365  4382  4395 I PhoneLab-LoggerService: Checking Threshold
07-10 12:28:24.822  4924  4927 D dalvikvm: GC_CONCURRENT freed 694K, 7% free 11302K/12103K, paused 2ms+3ms
07-10 12:28:40.689  4924  4927 D dalvikvm: GC_CONCURRENT freed 686K, 7% free 11285K/12103K, paused 2ms+4ms
07-10 12:28:56.705  4924  4927 D dalvikvm: GC_CONCURRENT freed 716K, 7% free 11288K/12103K, paused 1ms+5ms
07-10 12:29:11.678   227   229 D dalvikvm: GC_CONCURRENT freed 645K, 36% free 11315K/17543K, paused 2ms+6ms
07-10 12:29:12.701  4924  4927 D dalvikvm: GC_CONCURRENT freed 693K, 7% free 11301K/12103K, paused 2ms+2ms
07-10 12:29:13.705   157   159 D dalvikvm: GC_CONCURRENT freed 920K, 18% free 13280K/16007K, paused 41ms+5ms
07-10 12:29:28.670  4924  4927 D dalvikvm: GC_CONCURRENT freed 684K, 7% free 11286K/12103K, paused 2ms+2ms
07-10 12:29:44.666  4924  4927 D dalvikvm: GC_CONCURRENT freed 710K, 7% free 11286K/12103K, paused 1ms+2ms
07-10 12:30:00.631  4924  4927 D dalvikvm: GC_CONCURRENT freed 707K, 7% free 11287K/12103K, paused 2ms+3ms
07-10 12:30:17.174  4924  4927 D dalvikvm: GC_CONCURRENT freed 691K, 7% free 11301K/12103K, paused 2ms+2ms
07-10 12:30:22.240  4382  4395 I PhoneLab-: Service Running
07-10 12:30:22.322  4382  4395 I PhoneLab-LoggerService: app_36    1027  1     1440   1068  c00f181c 400107b4 S logcat
07-10 12:30:22.322  4382  4395 I PhoneLab-LoggerService: Logcat pid from database 1027
07-10 12:30:22.322  4382  4395 I PhoneLab-LoggerService: Logcat process found 1027
07-10 12:30:22.322  4382  4395 I PhoneLab-LoggerService: Checking Threshold
07-10 12:30:30.556  4382  4382 I PhoneLab-Locks: wake lock acquired
07-10 12:30:30.627  4382  5058 I PhoneLab-PeriodicCheckService: User info is synched
07-10 12:30:30.627  4382  5058 I PhoneLab-PeriodicCheckService: Logger Service is running
07-10 12:30:30.631  4382  5058 I PhoneLab-Locks: wake lock acquired
07-10 12:30:30.635  4382  4382 I PhoneLab-UploadLogs: Transfering log files now
07-10 12:30:30.635  4382  4382 I PhoneLab-UploadLogs: No log files to transfer
07-10 12:30:30.635  4382  4382 I PhoneLab-Locks: wake lock released
07-10 12:30:30.635  4382  4382 I PhoneLab-UploadLogs: OnStartCommand
07-10 12:30:30.638  4382  5058 I PhoneLab-PeriodicCheckService: Rescheduling periodic checking...
07-10 12:30:30.638  4382  5058 I PhoneLab-Locks: wake lock released
07-10 12:30:32.685  4924  4927 D dalvikvm: GC_CONCURRENT freed 684K, 7% free 11286K/12103K, paused 2ms+2ms
07-10 12:30:48.689  4924  4927 D dalvikvm: GC_CONCURRENT freed 694K, 7% free 11296K/12103K, paused 1ms+3ms
07-10 12:30:59.670   356   359 D dalvikvm: GC_CONCURRENT freed 384K, 6% free 9467K/10055K, paused 58ms+2ms
07-10 12:30:59.709   157  4922 D AlarmManagerService: Kernel timezone updated to 240 minutes west of GMT
07-10 12:30:59.709   356   356 D SystemClock: Setting time of day to sec=1341937860
07-10 12:31:00.054  4975  5000 V AlarmClock: AlarmInitReceiver finished
07-10 12:31:05.238  4988  4990 D dalvikvm: GC_CONCURRENT freed 319K, 5% free 9180K/9607K, paused 2ms+3ms
07-10 12:31:05.304  4924  4927 D dalvikvm: GC_CONCURRENT freed 706K, 7% free 11297K/12103K, paused 2ms+2ms
07-10 12:31:21.961  4924  4927 D dalvikvm: GC_CONCURRENT freed 702K, 7% free 11286K/12103K, paused 2ms+3ms
07-10 12:31:36.953  4924  4927 D dalvikvm: GC_CONCURRENT freed 688K, 7% free 11290K/12103K, paused 2ms+3ms
07-10 12:31:53.105  4924  4927 D dalvikvm: GC_CONCURRENT freed 692K, 7% free 11306K/12103K, paused 3ms+2ms
07-10 12:32:08.992  4924  4927 D dalvikvm: GC_CONCURRENT freed 690K, 7% free 11290K/12103K, paused 2ms+4ms
07-10 12:32:12.468   157   159 D dalvikvm: GC_CONCURRENT freed 940K, 18% free 13283K/16007K, paused 24ms+4ms
07-10 12:32:22.535  4382  4395 I PhoneLab-: Service Running
07-10 12:32:22.640  4382  4395 I PhoneLab-LoggerService: app_36    1027  1     1440   1068  c00f181c 400107b4 S logcat
07-10 12:32:22.640  4382  4395 I PhoneLab-LoggerService: Logcat pid from database 1027
07-10 12:32:22.640  4382  4395 I PhoneLab-LoggerService: Logcat process found 1027
07-10 12:32:22.640  4382  4395 I PhoneLab-LoggerService: Checking Threshold
07-10 12:32:24.976  4924  4927 D dalvikvm: GC_CONCURRENT freed 706K, 7% free 11290K/12103K, paused 2ms+2ms
07-10 12:32:40.894  4924  4927 D dalvikvm: GC_CONCURRENT freed 679K, 7% free 11324K/12103K, paused 2ms+4ms
07-10 12:32:57.035  4924  4927 D dalvikvm: GC_CONCURRENT freed 705K, 7% free 11298K/12103K, paused 7ms+4ms
07-10 12:33:00.519   293  1014 I EventLogService: Aggregate from 1341936180429 (log), 1341936180429 (data)
07-10 12:33:00.601   293   671 D dalvikvm: GC_FOR_ALLOC freed 503K, 8% free 11045K/11911K, paused 34ms
07-10 12:33:12.000  4924  4927 D dalvikvm: GC_CONCURRENT freed 686K, 7% free 11293K/12103K, paused 2ms+3ms
07-10 12:33:12.554   441   444 D dalvikvm: GC_CONCURRENT freed 379K, 6% free 9466K/10055K, paused 8ms+3ms
07-10 12:33:28.613  4924  4927 D dalvikvm: GC_CONCURRENT freed 698K, 7% free 11301K/12103K, paused 18ms+3ms
07-10 12:33:43.972  4924  4927 D dalvikvm: GC_CONCURRENT freed 683K, 7% free 11291K/12103K, paused 1ms+3ms
07-10 12:33:59.758  4924  4927 D dalvikvm: GC_CONCURRENT freed 686K, 7% free 11295K/12103K, paused 2ms+3ms
07-10 12:34:15.996  4924  4927 D dalvikvm: GC_CONCURRENT freed 698K, 7% free 11290K/12103K, paused 7ms+3ms
07-10 12:34:22.242  4382  4395 I PhoneLab-: Service Running
07-10 12:34:22.332  4382  4395 I PhoneLab-LoggerService: app_36    1027  1     1440   1068  c00f181c 400107b4 S logcat
07-10 12:34:22.336  4382  4395 I PhoneLab-LoggerService: Logcat pid from database 1027
07-10 12:34:22.336  4382  4395 I PhoneLab-LoggerService: Logcat process found 1027
07-10 12:34:22.336  4382  4395 I PhoneLab-LoggerService: Checking Threshold
07-10 12:34:31.015  4924  4927 D dalvikvm: GC_CONCURRENT freed 680K, 7% free 11294K/12103K, paused 1ms+3ms
07-10 12:34:46.949  4924  4927 D dalvikvm: GC_CONCURRENT freed 680K, 7% free 11290K/12103K, paused 2ms+5ms
07-10 12:35:00.168   157   159 D dalvikvm: GC_CONCURRENT freed 950K, 18% free 13280K/16007K, paused 3ms+6ms
07-10 12:35:02.258  4924  4927 D dalvikvm: GC_CONCURRENT freed 684K, 7% free 11295K/12103K, paused 1ms+4ms
07-10 12:35:18.953  4924  4927 D dalvikvm: GC_CONCURRENT freed 704K, 7% free 11313K/12103K, paused 1ms+3ms
07-10 12:35:33.949  4924  4927 D dalvikvm: GC_CONCURRENT freed 676K, 7% free 11293K/12103K, paused 2ms+2ms
07-10 12:35:41.476   157   193 I InputReader: Reconfiguring input devices.  changes=0x00000004
07-10 12:35:41.476   157   193 I InputReader: Device reconfigured: id=7, name='mxt224_ts_input', surface size is now 480x800, mode is 1
07-10 12:35:41.566   157   173 I ActivityManager: Config changed: {1.0 310mcc120mnc en_US layoutdir=0 sw320dp w320dp h508dp nrml long port finger -keyb/v/h -nav/h s.16}
07-10 12:35:41.668   227   229 D dalvikvm: GC_CONCURRENT freed 639K, 36% free 11317K/17543K, paused 8ms+6ms
07-10 12:35:41.941   227   229 D dalvikvm: GC_CONCURRENT freed 1449K, 40% free 10626K/17543K, paused 1ms+10ms
07-10 12:35:44.050   157   187 D dalvikvm: GC_EXPLICIT freed 239K, 18% free 13272K/16007K, paused 2ms+8ms
07-10 12:35:48.136  4924  4927 D dalvikvm: GC_CONCURRENT freed 636K, 7% free 11344K/12103K, paused 2ms+3ms
07-10 12:36:04.859  4924  4927 D dalvikvm: GC_CONCURRENT freed 697K, 7% free 11357K/12167K, paused 1ms+3ms
07-10 12:36:15.543   157   193 I InputReader: Reconfiguring input devices.  changes=0x00000004
07-10 12:36:15.543   157   193 I InputReader: Device reconfigured: id=7, name='mxt224_ts_input', surface size is now 480x800, mode is 1
07-10 12:36:15.601   157   173 I ActivityManager: Config changed: {1.0 310mcc120mnc en_US layoutdir=0 sw320dp w533dp h294dp nrml long land finger -keyb/v/h -nav/h s.17}
07-10 12:36:15.828   227   229 D dalvikvm: GC_CONCURRENT freed 471K, 40% free 10605K/17543K, paused 3ms+8ms
07-10 12:36:15.914   227   227 D dalvikvm: GC_FOR_ALLOC freed 240K, 40% free 10668K/17543K, paused 70ms
07-10 12:36:15.933  4924  4927 D dalvikvm: GC_CONCURRENT freed 574K, 7% free 11489K/12231K, paused 2ms+9ms
07-10 12:36:15.965   227   227 D dalvikvm: GC_FOR_ALLOC freed 182K, 39% free 10789K/17543K, paused 34ms
07-10 12:36:17.636   157   193 I InputReader: Reconfiguring input devices.  changes=0x00000004
07-10 12:36:17.636   157   193 I InputReader: Device reconfigured: id=7, name='mxt224_ts_input', surface size is now 480x800, mode is 1
07-10 12:36:17.699   157   173 I ActivityManager: Config changed: {1.0 310mcc120mnc en_US layoutdir=0 sw320dp w320dp h508dp nrml long port finger -keyb/v/h -nav/h s.18}
07-10 12:36:17.953   227   229 D dalvikvm: GC_CONCURRENT freed 651K, 39% free 10702K/17543K, paused 2ms+6ms
07-10 12:36:18.031   227   229 D dalvikvm: GC_CONCURRENT freed 640K, 40% free 10607K/17543K, paused 1ms+9ms
07-10 12:36:19.340   157   193 I InputReader: Reconfiguring input devices.  changes=0x00000004
07-10 12:36:19.340   157   193 I InputReader: Device reconfigured: id=7, name='mxt224_ts_input', surface size is now 480x800, mode is 1
07-10 12:36:19.379   157   173 I ActivityManager: Config changed: {1.0 310mcc120mnc en_US layoutdir=0 sw320dp w533dp h294dp nrml long land finger -keyb/v/h -nav/h s.19}
07-10 12:36:19.566   227   227 D dalvikvm: GC_FOR_ALLOC freed 408K, 40% free 10581K/17543K, paused 20ms
07-10 12:36:19.605   227   227 D dalvikvm: GC_FOR_ALLOC freed 216K, 40% free 10668K/17543K, paused 34ms
07-10 12:36:19.652   227   227 D dalvikvm: GC_FOR_ALLOC freed 182K, 39% free 10790K/17543K, paused 35ms
07-10 12:36:21.808   157   187 D dalvikvm: GC_EXPLICIT freed 240K, 17% free 13297K/16007K, paused 3ms+6ms
07-10 12:36:22.242  4382  4395 I PhoneLab-: Service Running
07-10 12:36:22.316  4382  4395 I PhoneLab-LoggerService: app_36    1027  1     1440   1068  c00f181c 400107b4 S logcat
07-10 12:36:22.316  4382  4395 I PhoneLab-LoggerService: Logcat pid from database 1027
07-10 12:36:22.320  4382  4395 I PhoneLab-LoggerService: Logcat process found 1027
07-10 12:36:22.320  4382  4395 I PhoneLab-LoggerService: Checking Threshold
07-10 12:36:30.039  4924  4927 D dalvikvm: GC_CONCURRENT freed 781K, 8% free 11465K/12359K, paused 3ms+4ms
07-10 12:36:45.258  4382  4382 I PhoneLab-Locks: wake lock acquired
07-10 12:36:45.304  4382  4382 I PhoneLab-StatusMonitor: Status Monitoring is started
07-10 12:36:45.340  4382  4384 D dalvikvm: GC_CONCURRENT freed 581K, 14% free 9238K/10695K, paused 1ms+2ms
07-10 12:36:45.371  4382  4382 I PhoneLab-StatusMonitor: Value: 10 - unit: min
07-10 12:36:45.371  4382  4382 I PhoneLab-StatusMonitor: Running interval: 600000
07-10 12:36:45.379  4382  4382 I PhoneLab-StatusMonitor: Rescheduling status monitoring...
07-10 12:36:45.379  4382  4382 I PhoneLab-Locks: wake lock released
07-10 12:36:45.386  4382  4382 I PhoneLab-StatusMonitorLocation: Learning Location
07-10 12:36:45.386  4382  4382 I PhoneLab-Locks: wake lock acquired
07-10 12:36:45.390  4382  4382 I PhoneLab-Locks: wake lock acquired
07-10 12:36:45.394  4382  4382 I PhoneLab-StatusMonitorLocation: Learning Signal Strgth
07-10 12:36:45.394  4382  4382 I PhoneLab-Locks: wake lock acquired
07-10 12:36:45.398   293   559 D androidNetworkLocationListeners: Still have listener com.google.android.location.internal.client.NetworkLocationClient$1@413175c0
07-10 12:36:45.406   293   559 D androidNetworkLocationListeners: Still have listener com.google.android.location.internal.client.NetworkLocationClient$1@413175c0
07-10 12:36:45.410  4382  4382 I PhoneLab-StatusMonitorBattery: Battery_level: 80
07-10 12:36:45.414  4382  4382 I PhoneLab-Locks: wake lock released
07-10 12:36:45.422  4382  4382 I PhoneLab-StatusMonitorSignal: Signal_Strength: -96 asu: 9
07-10 12:36:45.422  4382  4382 I PhoneLab-Locks: wake lock released
07-10 12:36:45.441  4382  4384 D dalvikvm: GC_CONCURRENT freed 441K, 15% free 9182K/10695K, paused 2ms+2ms
07-10 12:36:46.758  4924  4927 D dalvikvm: GC_CONCURRENT freed 738K, 8% free 11438K/12359K, paused 1ms+3ms
07-10 12:36:46.910  4382  4382 I PhoneLab-StatusMonitorLocation: Location_Latitude: 43.002097 Longitude: -78.7868979 Accuracy: 53.0
07-10 12:36:46.910  4382  4382 I PhoneLab-Locks: wake lock released
07-10 12:36:46.914   293   559 D androidNetworkLocationListeners: Still have listener com.google.android.location.internal.client.NetworkLocationClient$1@413175c0
07-10 12:36:48.519   293   297 D dalvikvm: JIT code cache reset in 5 ms (1048544 bytes 1/0)
07-10 12:36:48.550   293   297 D dalvikvm: GC_CONCURRENT freed 616K, 7% free 11103K/11911K, paused 3ms+16ms
07-10 12:37:02.988  4924  4927 D dalvikvm: GC_CONCURRENT freed 696K, 8% free 11438K/12359K, paused 9ms+4ms
07-10 12:37:15.984   157   193 I InputReader: Reconfiguring input devices.  changes=0x00000004
07-10 12:37:15.984   157   193 I InputReader: Device reconfigured: id=7, name='mxt224_ts_input', surface size is now 480x800, mode is 1
07-10 12:37:16.015   157   173 I ActivityManager: Config changed: {1.0 310mcc120mnc en_US layoutdir=0 sw320dp w320dp h508dp nrml long port finger -keyb/v/h -nav/h s.20}
07-10 12:37:16.113   227   229 D dalvikvm: GC_CONCURRENT freed 110K, 37% free 11143K/17543K, paused 3ms+5ms
07-10 12:37:16.273   227   227 D dalvikvm: GC_FOR_ALLOC freed 1274K, 41% free 10440K/17543K, paused 28ms
07-10 12:37:16.371  4924  4927 D dalvikvm: GC_CONCURRENT freed 651K, 8% free 11490K/12359K, paused 2ms+7ms
07-10 12:37:18.492   157   187 D dalvikvm: GC_EXPLICIT freed 494K, 17% free 13300K/16007K, paused 3ms+10ms
07-10 12:37:33.019  4924  4927 D dalvikvm: GC_CONCURRENT freed 780K, 8% free 11444K/12359K, paused 1ms+3ms
07-10 12:37:44.965   356   359 D dalvikvm: GC_CONCURRENT freed 383K, 6% free 9468K/10055K, paused 40ms+3ms
07-10 12:37:49.668  4924  4927 D dalvikvm: GC_CONCURRENT freed 710K, 8% free 11446K/12359K, paused 14ms+3ms
07-10 12:38:06.019  4924  4927 D dalvikvm: GC_CONCURRENT freed 705K, 8% free 11440K/12359K, paused 15ms+4ms
07-10 12:38:08.078   157   193 I InputReader: Reconfiguring input devices.  changes=0x00000004
07-10 12:38:08.078   157   193 I InputReader: Device reconfigured: id=7, name='mxt224_ts_input', surface size is now 480x800, mode is 1
07-10 12:38:08.136   157   173 I ActivityManager: Config changed: {1.0 310mcc120mnc en_US layoutdir=0 sw320dp w533dp h294dp nrml long land finger -keyb/v/h -nav/h s.21}
07-10 12:38:08.371   227   227 D dalvikvm: GC_FOR_ALLOC freed 299K, 41% free 10484K/17543K, paused 43ms
07-10 12:38:08.425   227   227 D dalvikvm: GC_FOR_ALLOC freed 240K, 40% free 10547K/17543K, paused 42ms
07-10 12:38:08.457   227   227 D dalvikvm: GC_FOR_ALLOC freed 182K, 40% free 10668K/17543K, paused 21ms
07-10 12:38:08.480   227   227 D dalvikvm: GC_FOR_ALLOC freed 182K, 39% free 10789K/17543K, paused 19ms
07-10 12:38:10.672   157   187 D dalvikvm: GC_EXPLICIT freed 409K, 18% free 13272K/16007K, paused 12ms+6ms
07-10 12:38:15.656   157   193 I InputReader: Reconfiguring input devices.  changes=0x00000004
07-10 12:38:15.656   157   193 I InputReader: Device reconfigured: id=7, name='mxt224_ts_input', surface size is now 480x800, mode is 1
07-10 12:38:15.711   157   173 I ActivityManager: Config changed: {1.0 310mcc120mnc en_US layoutdir=0 sw320dp w320dp h508dp nrml long port finger -keyb/v/h -nav/h s.22}
07-10 12:38:15.965   227   227 D dalvikvm: GC_FOR_ALLOC freed 363K, 39% free 10835K/17543K, paused 38ms
07-10 12:38:16.023   227   229 D dalvikvm: GC_CONCURRENT freed 951K, 41% free 10429K/17543K, paused 1ms+3ms
07-10 12:38:18.019  4924  4927 D dalvikvm: GC_CONCURRENT freed 678K, 8% free 11467K/12359K, paused 2ms+3ms
07-10 12:38:18.218   157   187 D dalvikvm: GC_EXPLICIT freed 80K, 18% free 13262K/16007K, paused 3ms+5ms
07-10 12:38:22.242  4382  4395 I PhoneLab-: Service Running
07-10 12:38:22.277  4382  4395 I PhoneLab-LoggerService: app_36    1027  1     1440   1068  c00f181c 400107b4 S logcat
07-10 12:38:22.277  4382  4395 I PhoneLab-LoggerService: Logcat pid from database 1027
07-10 12:38:22.277  4382  4395 I PhoneLab-LoggerService: Logcat process found 1027
07-10 12:38:22.277  4382  4395 I PhoneLab-LoggerService: Checking Threshold
07-10 12:38:34.711  4924  4927 D dalvikvm: GC_CONCURRENT freed 732K, 8% free 11450K/12359K, paused 1ms+4ms
07-10 12:38:50.968  4924  4927 D dalvikvm: GC_CONCURRENT freed 706K, 8% free 11441K/12359K, paused 1ms+2ms
07-10 12:39:05.914  4924  4927 D dalvikvm: GC_CONCURRENT freed 698K, 8% free 11433K/12359K, paused 1ms+4ms
07-10 12:39:22.457  4924  4927 D dalvikvm: GC_CONCURRENT freed 699K, 8% free 11443K/12359K, paused 17ms+3ms
07-10 12:39:38.988  4924  4927 D dalvikvm: GC_CONCURRENT freed 697K, 8% free 11442K/12359K, paused 1ms+3ms
07-10 12:39:53.980  4924  4927 D dalvikvm: GC_CONCURRENT freed 685K, 8% free 11443K/12359K, paused 1ms+4ms
07-10 12:40:10.312  4924  4927 D dalvikvm: GC_CONCURRENT freed 708K, 8% free 11442K/12359K, paused 15ms+4ms
07-10 12:40:11.996   227   229 D dalvikvm: GC_CONCURRENT freed 130K, 40% free 10688K/17543K, paused 3ms+3ms
07-10 12:40:22.242  4382  4395 I PhoneLab-: Service Running
07-10 12:40:22.304  4382  4395 I PhoneLab-LoggerService: app_36    1027  1     1440   1068  c00f181c 400107b4 S logcat
07-10 12:40:22.308  4382  4395 I PhoneLab-LoggerService: Logcat pid from database 1027
07-10 12:40:22.308  4382  4395 I PhoneLab-LoggerService: Logcat process found 1027
07-10 12:40:22.308  4382  4395 I PhoneLab-LoggerService: Checking Threshold
07-10 12:40:27.011  4924  4927 D dalvikvm: GC_CONCURRENT freed 722K, 8% free 11450K/12359K, paused 2ms+3ms
07-10 12:40:42.933  4924  4927 D dalvikvm: GC_CONCURRENT freed 698K, 8% free 11434K/12359K, paused 2ms+4ms
07-10 12:40:52.039   157   159 D dalvikvm: GC_CONCURRENT freed 925K, 18% free 13273K/16007K, paused 28ms+12ms
07-10 12:40:58.281  4924  4927 D dalvikvm: GC_CONCURRENT freed 689K, 8% free 11438K/12359K, paused 2ms+3ms
07-10 12:41:14.984  4924  4927 D dalvikvm: GC_CONCURRENT freed 710K, 8% free 11456K/12359K, paused 2ms+3ms
07-10 12:41:31.726  4924  4927 D dalvikvm: GC_CONCURRENT freed 724K, 8% free 11450K/12359K, paused 17ms+3ms
07-10 12:41:47.992  4924  4927 D dalvikvm: GC_CONCURRENT freed 706K, 8% free 11434K/12359K, paused 1ms+2ms
07-10 12:42:02.972  4924  4927 D dalvikvm: GC_CONCURRENT freed 684K, 8% free 11437K/12359K, paused 1ms+4ms
07-10 12:42:09.484   157  4922 D dalvikvm: GC_EXPLICIT freed 530K, 18% free 13265K/16007K, paused 3ms+5ms
07-10 12:42:19.558  4924  4927 D dalvikvm: GC_CONCURRENT freed 699K, 8% free 11449K/12359K, paused 18ms+3ms
07-10 12:42:22.242  4382  4395 I PhoneLab-: Service Running
07-10 12:42:22.316  4382  4395 I PhoneLab-LoggerService: app_36    1027  1     1440   1068  c00f181c 400107b4 S logcat
07-10 12:42:22.316  4382  4395 I PhoneLab-LoggerService: Logcat pid from database 1027
07-10 12:42:22.316  4382  4395 I PhoneLab-LoggerService: Logcat process found 1027
07-10 12:42:22.316  4382  4395 I PhoneLab-LoggerService: Checking Threshold
07-10 12:42:35.980  4924  4927 D dalvikvm: GC_CONCURRENT freed 699K, 8% free 11444K/12359K, paused 2ms+3ms
07-10 12:42:50.972  4924  4927 D dalvikvm: GC_CONCURRENT freed 690K, 8% free 11436K/12359K, paused 2ms+3ms
07-10 12:43:07.511  4924  4927 D dalvikvm: GC_CONCURRENT freed 695K, 8% free 11450K/12359K, paused 15ms+2ms
07-10 12:43:23.980  4924  4927 D dalvikvm: GC_CONCURRENT freed 695K, 8% free 11444K/12359K, paused 2ms+2ms
07-10 12:43:38.980  4924  4927 D dalvikvm: GC_CONCURRENT freed 693K, 8% free 11436K/12359K, paused 2ms+2ms
07-10 12:43:55.371  4924  4927 D dalvikvm: GC_CONCURRENT freed 691K, 8% free 11454K/12359K, paused 2ms+4ms
07-10 12:44:12.031  4924  4927 D dalvikvm: GC_CONCURRENT freed 729K, 8% free 11462K/12359K, paused 1ms+12ms
07-10 12:44:22.242  4382  4395 I PhoneLab-: Service Running
07-10 12:44:22.347  4382  4395 I PhoneLab-LoggerService: app_36    1027  1     1440   1068  c00f181c 400107b4 S logcat
07-10 12:44:22.347  4382  4395 I PhoneLab-LoggerService: Logcat pid from database 1027
07-10 12:44:22.347  4382  4395 I PhoneLab-LoggerService: Logcat process found 1027
07-10 12:44:22.347  4382  4395 I PhoneLab-LoggerService: Checking Threshold
07-10 12:44:28.660  4924  4927 D dalvikvm: GC_CONCURRENT freed 721K, 8% free 11455K/12359K, paused 1ms+3ms
07-10 12:44:44.984  4924  4927 D dalvikvm: GC_CONCURRENT freed 706K, 8% free 11445K/12359K, paused 8ms+3ms
07-10 12:44:54.957   356   359 D dalvikvm: GC_CONCURRENT freed 401K, 7% free 9450K/10055K, paused 21ms+7ms
07-10 12:44:57.031   227   229 D dalvikvm: GC_CONCURRENT freed 373K, 39% free 10758K/17543K, paused 2ms+10ms
07-10 12:44:59.965  4924  4927 D dalvikvm: GC_CONCURRENT freed 678K, 8% free 11473K/12359K, paused 1ms+2ms
07-10 12:45:17.945  4924  4927 D dalvikvm: GC_CONCURRENT freed 776K, 8% free 11461K/12359K, paused 2ms+3ms
07-10 12:45:25.988   157   159 D dalvikvm: GC_CONCURRENT freed 937K, 18% free 13264K/16007K, paused 19ms+4ms
07-10 12:45:33.961  4924  4927 D dalvikvm: GC_CONCURRENT freed 691K, 8% free 11468K/12359K, paused 2ms+4ms
07-10 12:45:50.023  4924  4927 D dalvikvm: GC_CONCURRENT freed 709K, 8% free 11467K/12359K, paused 2ms+4ms
07-10 12:46:06.695  4924  4927 D dalvikvm: GC_CONCURRENT freed 703K, 8% free 11474K/12359K, paused 2ms+3ms
07-10 12:46:21.359  4924  4927 D dalvikvm: GC_CONCURRENT freed 766K, 8% free 11467K/12423K, paused 2ms+3ms
07-10 12:46:22.242  4382  4395 I PhoneLab-: Service Running
07-10 12:46:22.332  4382  4395 I PhoneLab-LoggerService: app_36    1027  1     1440   1068  c00f181c 400107b4 S logcat
07-10 12:46:22.336  4382  4395 I PhoneLab-LoggerService: Logcat pid from database 1027
07-10 12:46:22.336  4382  4395 I PhoneLab-LoggerService: Logcat process found 1027
07-10 12:46:22.336  4382  4395 I PhoneLab-LoggerService: Checking Threshold
07-10 12:46:38.004  4924  4927 D dalvikvm: GC_CONCURRENT freed 719K, 8% free 11477K/12423K, paused 2ms+3ms
07-10 12:46:45.410  4382  4382 I PhoneLab-Locks: wake lock acquired
07-10 12:46:45.429  4382  4382 I PhoneLab-StatusMonitor: Status Monitoring is started
07-10 12:46:45.492  4382  4384 D dalvikvm: GC_CONCURRENT freed 448K, 14% free 9245K/10695K, paused 2ms+5ms
07-10 12:46:45.531  4382  4382 I PhoneLab-StatusMonitor: Value: 10 - unit: min
07-10 12:46:45.531  4382  4382 I PhoneLab-StatusMonitor: Running interval: 600000
07-10 12:46:45.543  4382  4382 I PhoneLab-StatusMonitor: Rescheduling status monitoring...
07-10 12:46:45.547  4382  4382 I PhoneLab-Locks: wake lock released
07-10 12:46:45.554  4382  4382 I PhoneLab-StatusMonitorLocation: Learning Location
07-10 12:46:45.554  4382  4382 I PhoneLab-Locks: wake lock acquired
07-10 12:46:45.566  4382  4382 I PhoneLab-Locks: wake lock acquired
07-10 12:46:45.570  4382  4382 I PhoneLab-StatusMonitorLocation: Learning Signal Strgth
07-10 12:46:45.570  4382  4382 I PhoneLab-Locks: wake lock acquired
07-10 12:46:45.593   293   559 D androidNetworkLocationListeners: Still have listener com.google.android.location.internal.client.NetworkLocationClient$1@413175c0
07-10 12:46:45.609  4382  4382 I PhoneLab-StatusMonitorBattery: Battery_level: 83
07-10 12:46:45.613   293   559 D androidNetworkLocationListeners: Still have listener com.google.android.location.internal.client.NetworkLocationClient$1@413175c0
07-10 12:46:45.621  4382  4382 I PhoneLab-Locks: wake lock released
07-10 12:46:45.621  4382  4382 I PhoneLab-StatusMonitorSignal: Signal_Strength: -96 asu: 9
07-10 12:46:45.621  4382  4382 I PhoneLab-Locks: wake lock released
07-10 12:46:46.929  4382  4382 I PhoneLab-StatusMonitorLocation: Location_Latitude: 43.0020861 Longitude: -78.7870002 Accuracy: 58.0
07-10 12:46:46.929   293   559 D androidNetworkLocationListeners: Still have listener com.google.android.location.internal.client.NetworkLocationClient$1@413175c0
07-10 12:46:46.929  4382  4382 I PhoneLab-Locks: wake lock released
07-10 12:46:48.281   293   297 D dalvikvm: GC_CONCURRENT freed 733K, 8% free 11063K/11911K, paused 2ms+4ms
07-10 12:46:54.664  4924  4927 D dalvikvm: GC_CONCURRENT freed 717K, 8% free 11473K/12423K, paused 2ms+3ms
07-10 12:47:10.988  4924  4927 D dalvikvm: GC_CONCURRENT freed 700K, 8% free 11471K/12423K, paused 2ms+3ms
07-10 12:47:27.011  4924  4927 D dalvikvm: GC_CONCURRENT freed 715K, 8% free 11472K/12423K, paused 1ms+8ms
07-10 12:47:42.949  4924  4927 D dalvikvm: GC_CONCURRENT freed 719K, 8% free 11463K/12423K, paused 2ms+3ms
07-10 12:47:59.129  4924  4927 D dalvikvm: GC_CONCURRENT freed 702K, 8% free 11469K/12423K, paused 3ms+3ms
07-10 12:48:02.258   441   444 D dalvikvm: GC_CONCURRENT freed 393K, 6% free 9463K/10055K, paused 2ms+2ms
07-10 12:48:13.992   157   159 D dalvikvm: GC_CONCURRENT freed 916K, 18% free 13283K/16007K, paused 49ms+5ms
07-10 12:48:15.836  4924  4927 D dalvikvm: GC_CONCURRENT freed 705K, 8% free 11479K/12423K, paused 1ms+3ms
07-10 12:48:22.242  4382  4395 I PhoneLab-: Service Running
07-10 12:48:22.316  4382  4395 I PhoneLab-LoggerService: app_36    1027  1     1440   1068  c00f181c 400107b4 S logcat
07-10 12:48:22.320  4382  4395 I PhoneLab-LoggerService: Logcat pid from database 1027
07-10 12:48:22.320  4382  4395 I PhoneLab-LoggerService: Logcat process found 1027
07-10 12:48:22.320  4382  4395 I PhoneLab-LoggerService: Checking Threshold
07-10 12:48:31.996  4924  4927 D dalvikvm: GC_CONCURRENT freed 709K, 8% free 11463K/12423K, paused 9ms+3ms
07-10 12:48:47.023  4924  4927 D dalvikvm: GC_CONCURRENT freed 685K, 8% free 11464K/12423K, paused 2ms+4ms
07-10 12:49:03.715  4924  4927 D dalvikvm: GC_CONCURRENT freed 694K, 8% free 11481K/12423K, paused 1ms+2ms
07-10 12:49:19.984  4924  4927 D dalvikvm: GC_CONCURRENT freed 715K, 8% free 11463K/12423K, paused 1ms+3ms
07-10 12:49:34.972  4924  4927 D dalvikvm: GC_CONCURRENT freed 686K, 8% free 11466K/12423K, paused 1ms+3ms
07-10 12:49:51.617  4924  4927 D dalvikvm: GC_CONCURRENT freed 699K, 8% free 11479K/12423K, paused 2ms+3ms
07-10 12:49:57.000   227   229 D dalvikvm: GC_CONCURRENT freed 452K, 39% free 10769K/17543K, paused 2ms+5ms
07-10 12:50:07.984  4924  4927 D dalvikvm: GC_CONCURRENT freed 708K, 8% free 11464K/12423K, paused 2ms+3ms
07-10 12:50:22.242  4382  4395 I PhoneLab-: Service Running
07-10 12:50:22.316  4382  4395 I PhoneLab-LoggerService: app_36    1027  1     1440   1068  c00f181c 400107b4 S logcat
07-10 12:50:22.320  4382  4395 I PhoneLab-LoggerService: Logcat pid from database 1027
07-10 12:50:22.320  4382  4395 I PhoneLab-LoggerService: Logcat process found 1027
07-10 12:50:22.320  4382  4395 I PhoneLab-LoggerService: Checking Threshold
07-10 12:50:22.332  4382  4384 D dalvikvm: GC_CONCURRENT freed 428K, 14% free 9208K/10695K, paused 3ms+2ms
07-10 12:50:23.988  4924  4927 D dalvikvm: GC_CONCURRENT freed 710K, 8% free 11465K/12423K, paused 2ms+3ms
07-10 12:50:39.949  4924  4927 D dalvikvm: GC_CONCURRENT freed 700K, 8% free 11465K/12423K, paused 2ms+3ms
07-10 12:50:56.039  4924  4927 D dalvikvm: GC_CONCURRENT freed 698K, 8% free 11477K/12423K, paused 2ms+4ms
07-10 12:51:07.004   157   159 D dalvikvm: GC_CONCURRENT freed 954K, 18% free 13269K/16007K, paused 39ms+4ms
07-10 12:51:12.761  4924  4927 D dalvikvm: GC_CONCURRENT freed 711K, 8% free 11483K/12423K, paused 2ms+3ms
07-10 12:51:28.976  4924  4927 D dalvikvm: GC_CONCURRENT freed 711K, 8% free 11474K/12423K, paused 1ms+2ms
07-10 12:51:44.957  4924  4927 D dalvikvm: GC_CONCURRENT freed 714K, 8% free 11465K/12423K, paused 2ms+2ms
07-10 12:51:57.000   356   359 D dalvikvm: GC_CONCURRENT freed 384K, 7% free 9451K/10055K, paused 56ms+9ms
07-10 12:52:00.566  4924  4927 D dalvikvm: GC_CONCURRENT freed 688K, 8% free 11467K/12423K, paused 1ms+4ms
07-10 12:52:16.980  4924  4927 D dalvikvm: GC_CONCURRENT freed 696K, 8% free 11463K/12423K, paused 1ms+3ms
07-10 12:52:22.242  4382  4395 I PhoneLab-: Service Running
07-10 12:52:22.340  4382  4395 I PhoneLab-LoggerService: app_36    1027  1     1440   1068  c00f181c 400107b4 S logcat
07-10 12:52:22.343  4382  4395 I PhoneLab-LoggerService: Logcat pid from database 1027
07-10 12:52:22.343  4382  4395 I PhoneLab-LoggerService: Logcat process found 1027
07-10 12:52:22.343  4382  4395 I PhoneLab-LoggerService: Checking Threshold
07-10 12:52:31.953  4924  4927 D dalvikvm: GC_CONCURRENT freed 687K, 8% free 11466K/12423K, paused 1ms+3ms
07-10 12:52:48.324  4924  4927 D dalvikvm: GC_CONCURRENT freed 699K, 8% free 11473K/12423K, paused 2ms+3ms
07-10 12:53:04.984  4924  4927 D dalvikvm: GC_CONCURRENT freed 694K, 8% free 11474K/12423K, paused 2ms+2ms
07-10 12:53:20.992  4924  4927 D dalvikvm: GC_CONCURRENT freed 718K, 8% free 11466K/12423K, paused 1ms+5ms
07-10 12:53:27.078   293  3766 D dalvikvm: GC_EXPLICIT freed 308K, 8% free 11053K/11911K, paused 12ms+4ms
07-10 12:53:36.312  4924  4927 D dalvikvm: GC_CONCURRENT freed 687K, 8% free 11468K/12423K, paused 2ms+4ms
07-10 12:53:53.035  4924  4927 D dalvikvm: GC_CONCURRENT freed 716K, 8% free 11487K/12423K, paused 9ms+4ms
07-10 12:54:09.785  4924  4927 D dalvikvm: GC_CONCURRENT freed 726K, 8% free 11477K/12423K, paused 2ms+3ms
07-10 12:54:20.968   157   159 D dalvikvm: GC_CONCURRENT freed 943K, 18% free 13264K/16007K, paused 9ms+5ms
07-10 12:54:22.254  4382  4395 I PhoneLab-: Service Running
07-10 12:54:22.328  4382  4395 I PhoneLab-LoggerService: app_36    1027  1     1440   1068  c00f181c 400107b4 S logcat
07-10 12:54:22.332  4382  4395 I PhoneLab-LoggerService: Logcat pid from database 1027
07-10 12:54:22.332  4382  4395 I PhoneLab-LoggerService: Logcat process found 1027
07-10 12:54:22.332  4382  4395 I PhoneLab-LoggerService: Checking Threshold
07-10 12:54:26.500  4924  4927 D dalvikvm: GC_CONCURRENT freed 723K, 8% free 11475K/12423K, paused 17ms+3ms
07-10 12:54:42.004  4924  4927 D dalvikvm: GC_CONCURRENT freed 700K, 8% free 11467K/12423K, paused 1ms+5ms
07-10 12:54:56.980   227   229 D dalvikvm: GC_CONCURRENT freed 468K, 39% free 10771K/17543K, paused 5ms+5ms
07-10 12:54:57.699  4924  4927 D dalvikvm: GC_CONCURRENT freed 690K, 8% free 11469K/12423K, paused 1ms+3ms
07-10 12:55:13.992  4924  4927 D dalvikvm: GC_CONCURRENT freed 699K, 8% free 11465K/12423K, paused 2ms+3ms
07-10 12:55:29.976  4924  4927 D dalvikvm: GC_CONCURRENT freed 701K, 8% free 11467K/12423K, paused 1ms+4ms
07-10 12:55:45.984  4924  4927 D dalvikvm: GC_CONCURRENT freed 697K, 8% free 11476K/12423K, paused 2ms+2ms
07-10 12:56:02.222  4924  4927 D dalvikvm: GC_CONCURRENT freed 712K, 8% free 11476K/12423K, paused 2ms+3ms
07-10 12:56:17.972  4924  4927 D dalvikvm: GC_CONCURRENT freed 699K, 8% free 11467K/12423K, paused 2ms+3ms
07-10 12:56:22.242  4382  4395 I PhoneLab-: Service Running
07-10 12:56:22.316  4382  4395 I PhoneLab-LoggerService: app_36    1027  1     1440   1068  c00f181c 400107b4 S logcat
07-10 12:56:22.316  4382  4395 I PhoneLab-LoggerService: Logcat pid from database 1027
07-10 12:56:22.316  4382  4395 I PhoneLab-LoggerService: Logcat process found 1027
07-10 12:56:22.316  4382  4395 I PhoneLab-LoggerService: Checking Threshold
07-10 12:56:34.023  4924  4927 D dalvikvm: GC_CONCURRENT freed 708K, 8% free 11468K/12423K, paused 18ms+2ms
07-10 12:56:45.554  4382  4382 I PhoneLab-Locks: wake lock acquired
07-10 12:56:45.590  4382  4382 I PhoneLab-StatusMonitor: Status Monitoring is started
07-10 12:56:45.668  4382  4384 D dalvikvm: GC_CONCURRENT freed 468K, 14% free 9252K/10695K, paused 2ms+3ms
07-10 12:56:45.679  4382  4382 I PhoneLab-StatusMonitor: Value: 10 - unit: min
07-10 12:56:45.687  4382  4382 I PhoneLab-StatusMonitor: Running interval: 600000
07-10 12:56:45.695  4382  4382 I PhoneLab-StatusMonitor: Rescheduling status monitoring...
07-10 12:56:45.695  4382  4382 I PhoneLab-Locks: wake lock released
07-10 12:56:45.703  4382  4382 I PhoneLab-StatusMonitorLocation: Learning Location
07-10 12:56:45.703  4382  4382 I PhoneLab-Locks: wake lock acquired
07-10 12:56:45.707  4382  4382 I PhoneLab-Locks: wake lock acquired
07-10 12:56:45.711  4382  4382 I PhoneLab-StatusMonitorLocation: Learning Signal Strgth
07-10 12:56:45.711  4382  4382 I PhoneLab-Locks: wake lock acquired
07-10 12:56:45.715   293   559 D androidNetworkLocationListeners: Still have listener com.google.android.location.internal.client.NetworkLocationClient$1@413175c0
07-10 12:56:45.722   293   559 D androidNetworkLocationListeners: Still have listener com.google.android.location.internal.client.NetworkLocationClient$1@413175c0
07-10 12:56:45.726  4382  4382 I PhoneLab-StatusMonitorBattery: Battery_level: 86
07-10 12:56:45.730  4382  4382 I PhoneLab-Locks: wake lock released
07-10 12:56:45.734  4382  4382 I PhoneLab-StatusMonitorSignal: Signal_Strength: -96 asu: 9
07-10 12:56:45.734  4382  4382 I PhoneLab-Locks: wake lock released
07-10 12:56:47.043  4382  4382 I PhoneLab-StatusMonitorLocation: Location_Latitude: 43.0021654 Longitude: -78.7870178 Accuracy: 31.0
07-10 12:56:47.043   293   559 D androidNetworkLocationListeners: Still have listener com.google.android.location.internal.client.NetworkLocationClient$1@413175c0
07-10 12:56:47.054  4382  4382 I PhoneLab-Locks: wake lock released
07-10 12:56:48.453   293   297 D dalvikvm: GC_CONCURRENT freed 657K, 8% free 11073K/11911K, paused 2ms+4ms
07-10 12:56:50.183  4924  4927 D dalvikvm: GC_CONCURRENT freed 697K, 8% free 11481K/12423K, paused 2ms+4ms
07-10 12:57:06.890  4924  4927 D dalvikvm: GC_CONCURRENT freed 738K, 8% free 11478K/12423K, paused 2ms+4ms
07-10 12:57:12.933   157   159 D dalvikvm: GC_CONCURRENT freed 916K, 18% free 13284K/16007K, paused 2ms+5ms
07-10 12:57:23.550  4924  4927 D dalvikvm: GC_CONCURRENT freed 709K, 8% free 11483K/12423K, paused 2ms+3ms
07-10 12:57:40.207  4924  4927 D dalvikvm: GC_CONCURRENT freed 729K, 8% free 11481K/12423K, paused 17ms+4ms
07-10 12:57:56.957  4924  4927 D dalvikvm: GC_CONCURRENT freed 748K, 8% free 11481K/12423K, paused 7ms+3ms
07-10 12:58:13.574  4924  4927 D dalvikvm: GC_CONCURRENT freed 716K, 8% free 11479K/12423K, paused 1ms+3ms
07-10 12:58:22.242  4382  4395 I PhoneLab-: Service Running
07-10 12:58:22.316  4382  4395 I PhoneLab-LoggerService: app_36    1027  1     1440   1068  c00f181c 400107b4 S logcat
07-10 12:58:22.316  4382  4395 I PhoneLab-LoggerService: Logcat pid from database 1027
07-10 12:58:22.316  4382  4395 I PhoneLab-LoggerService: Logcat process found 1027
07-10 12:58:22.316  4382  4395 I PhoneLab-LoggerService: Checking Threshold
07-10 12:58:29.980  4924  4927 D dalvikvm: GC_CONCURRENT freed 702K, 8% free 11469K/12423K, paused 2ms+3ms
07-10 12:58:46.011  4924  4927 D dalvikvm: GC_CONCURRENT freed 698K, 8% free 11478K/12423K, paused 8ms+3ms
07-10 12:58:54.941   356   359 D dalvikvm: GC_CONCURRENT freed 384K, 7% free 9451K/10055K, paused 16ms+2ms
07-10 12:59:01.961  4924  4927 D dalvikvm: GC_CONCURRENT freed 722K, 8% free 11469K/12423K, paused 17ms+2ms
07-10 12:59:09.183   441   444 D dalvikvm: GC_CONCURRENT freed 388K, 6% free 9460K/10055K, paused 2ms+4ms
07-10 12:59:18.090  4924  4927 D dalvikvm: GC_CONCURRENT freed 699K, 8% free 11483K/12423K, paused 3ms+7ms
07-10 12:59:34.886  4924  4927 D dalvikvm: GC_CONCURRENT freed 715K, 8% free 11498K/12423K, paused 2ms+3ms
07-10 12:59:42.918   227   229 D dalvikvm: GC_CONCURRENT freed 464K, 39% free 10764K/17543K, paused 2ms+5ms
07-10 12:59:51.422  4924  4927 D dalvikvm: GC_CONCURRENT freed 736K, 8% free 11472K/12423K, paused 2ms+3ms
07-10 13:00:08.011  4924  4927 D dalvikvm: GC_CONCURRENT freed 719K, 8% free 11483K/12423K, paused 2ms+3ms
07-10 13:00:16.992   157   159 D dalvikvm: GC_CONCURRENT freed 954K, 18% free 13272K/16007K, paused 27ms+5ms
07-10 13:00:22.242  4382  4395 I PhoneLab-: Service Running
07-10 13:00:22.332  4382  4395 I PhoneLab-LoggerService: app_36    1027  1     1440   1068  c00f181c 400107b4 S logcat
07-10 13:00:22.336  4382  4395 I PhoneLab-LoggerService: Logcat pid from database 1027
07-10 13:00:22.336  4382  4395 I PhoneLab-LoggerService: Logcat process found 1027
07-10 13:00:22.336  4382  4395 I PhoneLab-LoggerService: Checking Threshold
07-10 13:00:24.679  4924  4927 D dalvikvm: GC_CONCURRENT freed 716K, 8% free 11478K/12423K, paused 2ms+3ms
07-10 13:00:30.937  4382  4382 I PhoneLab-Locks: wake lock acquired
07-10 13:00:30.945  4382  5095 I PhoneLab-PeriodicCheckService: User info is synched
07-10 13:00:30.957  4382  5095 I PhoneLab-PeriodicCheckService: Logger Service is running
07-10 13:00:30.980  4382  5095 I PhoneLab-Locks: wake lock acquired
07-10 13:00:30.992  4382  4382 I PhoneLab-UploadLogs: Transfering log files now
07-10 13:00:30.992  4382  4382 I PhoneLab-UploadLogs: No log files to transfer
07-10 13:00:30.992  4382  4382 I PhoneLab-Locks: wake lock released
07-10 13:00:30.996  4382  4382 I PhoneLab-UploadLogs: OnStartCommand
07-10 13:00:31.000  4382  5095 I PhoneLab-PeriodicCheckService: Rescheduling periodic checking...
07-10 13:00:31.015  4382  5095 I PhoneLab-Locks: wake lock released
07-10 13:00:40.996  4924  4927 D dalvikvm: GC_CONCURRENT freed 703K, 8% free 11469K/12423K, paused 9ms+2ms
07-10 13:00:56.988  4924  4927 D dalvikvm: GC_CONCURRENT freed 717K, 8% free 11470K/12423K, paused 1ms+9ms
07-10 13:01:12.961  4924  4927 D dalvikvm: GC_CONCURRENT freed 711K, 8% free 11470K/12423K, paused 18ms+3ms
07-10 13:01:29.273  4924  4927 D dalvikvm: GC_CONCURRENT freed 700K, 8% free 11479K/12423K, paused 2ms+3ms
07-10 13:01:45.996  4924  4927 D dalvikvm: GC_CONCURRENT freed 720K, 8% free 11483K/12423K, paused 2ms+3ms
07-10 13:02:02.718  4924  4927 D dalvikvm: GC_CONCURRENT freed 715K, 8% free 11488K/12423K, paused 1ms+4ms
07-10 13:02:18.980  4924  4927 D dalvikvm: GC_CONCURRENT freed 715K, 8% free 11470K/12423K, paused 1ms+3ms
07-10 13:02:22.238  4382  4395 I PhoneLab-: Service Running
07-10 13:02:22.324  4382  4395 I PhoneLab-LoggerService: app_36    1027  1     1440   1068  c00f181c 400107b4 S logcat
07-10 13:02:22.324  4382  4395 I PhoneLab-LoggerService: Logcat pid from database 1027
07-10 13:02:22.324  4382  4395 I PhoneLab-LoggerService: Logcat process found 1027
07-10 13:02:22.324  4382  4395 I PhoneLab-LoggerService: Checking Threshold
07-10 13:02:34.961  4924  4927 D dalvikvm: GC_CONCURRENT freed 697K, 8% free 11480K/12423K, paused 1ms+3ms
07-10 13:02:50.984  4924  4927 D dalvikvm: GC_CONCURRENT freed 702K, 8% free 11481K/12423K, paused 1ms+3ms
07-10 13:03:00.679   293   667 I EventLogService: Aggregate from 1341937980524 (log), 1341937980524 (data)
07-10 13:03:07.172  4924  4927 D dalvikvm: GC_CONCURRENT freed 713K, 8% free 11473K/12423K, paused 2ms+4ms
07-10 13:03:23.035   157   159 D dalvikvm: GC_CONCURRENT freed 934K, 18% free 13277K/16007K, paused 22ms+10ms
07-10 13:03:23.847  4924  4927 D dalvikvm: GC_CONCURRENT freed 707K, 8% free 11475K/12423K, paused 2ms+3ms
07-10 13:03:40.000  4924  4927 D dalvikvm: GC_CONCURRENT freed 697K, 8% free 11473K/12423K, paused 7ms+2ms
07-10 13:03:55.011  4924  4927 D dalvikvm: GC_CONCURRENT freed 685K, 8% free 11507K/12423K, paused 2ms+3ms
07-10 13:04:11.715  4924  4927 D dalvikvm: GC_CONCURRENT freed 725K, 8% free 11509K/12423K, paused 2ms+3ms
07-10 13:04:22.242  4382  4395 I PhoneLab-: Service Running
07-10 13:04:22.336  4382  4395 I PhoneLab-LoggerService: app_36    1027  1     1440   1068  c00f181c 400107b4 S logcat
07-10 13:04:22.336  4382  4395 I PhoneLab-LoggerService: Logcat pid from database 1027
07-10 13:04:22.336  4382  4395 I PhoneLab-LoggerService: Logcat process found 1027
07-10 13:04:22.336  4382  4395 I PhoneLab-LoggerService: Checking Threshold
07-10 13:04:22.343  4382  4384 D dalvikvm: GC_CONCURRENT freed 445K, 14% free 9212K/10695K, paused 2ms+2ms
07-10 13:04:26.988  4924  4927 D dalvikvm: GC_CONCURRENT freed 719K, 8% free 11490K/12423K, paused 2ms+3ms
07-10 13:04:42.027   227   229 D dalvikvm: GC_CONCURRENT freed 455K, 39% free 10765K/17543K, paused 1ms+4ms
07-10 13:04:42.953  4924  4927 D dalvikvm: GC_CONCURRENT freed 707K, 8% free 11510K/12423K, paused 2ms+3ms
07-10 13:04:58.968  4924  4927 D dalvikvm: GC_CONCURRENT freed 725K, 8% free 11491K/12423K, paused 2ms+4ms
07-10 13:05:14.289  4924  4927 D dalvikvm: GC_CONCURRENT freed 705K, 8% free 11493K/12423K, paused 2ms+4ms
07-10 13:05:30.984  4924  4927 D dalvikvm: GC_CONCURRENT freed 736K, 8% free 11504K/12423K, paused 2ms+3ms
07-10 13:05:47.722  4924  4927 D dalvikvm: GC_CONCURRENT freed 727K, 8% free 11512K/12423K, paused 8ms+3ms
07-10 13:06:03.968  4924  4927 D dalvikvm: GC_CONCURRENT freed 734K, 8% free 11491K/12423K, paused 2ms+2ms
07-10 13:06:13.945   356   359 D dalvikvm: GC_CONCURRENT freed 384K, 7% free 9451K/10055K, paused 1ms+10ms
07-10 13:06:18.929  4924  4927 D dalvikvm: GC_CONCURRENT freed 718K, 8% free 11493K/12423K, paused 2ms+3ms
07-10 13:06:22.242  4382  4395 I PhoneLab-: Service Running
07-10 13:06:22.289  4382  4395 I PhoneLab-LoggerService: app_36    1027  1     1440   1068  c00f181c 400107b4 S logcat
07-10 13:06:22.293  4382  4395 I PhoneLab-LoggerService: Logcat pid from database 1027
07-10 13:06:22.293  4382  4395 I PhoneLab-LoggerService: Logcat process found 1027
07-10 13:06:22.293  4382  4395 I PhoneLab-LoggerService: Checking Threshold
07-10 13:06:35.531  4924  4927 D dalvikvm: GC_CONCURRENT freed 711K, 8% free 11505K/12423K, paused 2ms+2ms
07-10 13:06:39.992   157   159 D dalvikvm: GC_CONCURRENT freed 940K, 18% free 13275K/16007K, paused 39ms+5ms
07-10 13:06:45.722  4382  4382 I PhoneLab-Locks: wake lock acquired
07-10 13:06:45.746  4382  4382 I PhoneLab-StatusMonitor: Status Monitoring is started
07-10 13:06:45.797  4382  4384 D dalvikvm: GC_CONCURRENT freed 409K, 13% free 9309K/10695K, paused 1ms+2ms
07-10 13:06:45.804  4382  4382 I PhoneLab-StatusMonitor: Value: 10 - unit: min
07-10 13:06:45.804  4382  4382 I PhoneLab-StatusMonitor: Running interval: 600000
07-10 13:06:45.816  4382  4382 I PhoneLab-StatusMonitor: Rescheduling status monitoring...
07-10 13:06:45.820  4382  4382 I PhoneLab-Locks: wake lock released
07-10 13:06:45.824  4382  4382 I PhoneLab-StatusMonitorLocation: Learning Location
07-10 13:06:45.824  4382  4382 I PhoneLab-Locks: wake lock acquired
07-10 13:06:45.828  4382  4382 I PhoneLab-Locks: wake lock acquired
07-10 13:06:45.832  4382  4382 I PhoneLab-StatusMonitorLocation: Learning Signal Strgth
07-10 13:06:45.832  4382  4382 I PhoneLab-Locks: wake lock acquired
07-10 13:06:45.836   293   559 D androidNetworkLocationListeners: Still have listener com.google.android.location.internal.client.NetworkLocationClient$1@413175c0
07-10 13:06:45.847   293   559 D androidNetworkLocationListeners: Still have listener com.google.android.location.internal.client.NetworkLocationClient$1@413175c0
07-10 13:06:45.851  4382  4382 I PhoneLab-StatusMonitorBattery: Battery_level: 89
07-10 13:06:45.855  4382  4382 I PhoneLab-Locks: wake lock released
07-10 13:06:45.871  4382  4382 I PhoneLab-StatusMonitorSignal: Signal_Strength: -86 asu: 14
07-10 13:06:45.871  4382  4382 I PhoneLab-Locks: wake lock released
07-10 13:06:47.140  4382  4382 I PhoneLab-StatusMonitorLocation: Location_Latitude: 43.0020724 Longitude: -78.7868688 Accuracy: 54.0
07-10 13:06:47.140   293   559 D androidNetworkLocationListeners: Still have listener com.google.android.location.internal.client.NetworkLocationClient$1@413175c0
07-10 13:06:47.144  4382  4382 I PhoneLab-Locks: wake lock released
07-10 13:06:47.211   293   297 D dalvikvm: GC_CONCURRENT freed 581K, 8% free 11066K/11911K, paused 2ms+36ms
07-10 13:06:51.976  4924  4927 D dalvikvm: GC_CONCURRENT freed 723K, 8% free 11500K/12423K, paused 1ms+3ms
07-10 13:06:52.781   157   169 D dalvikvm: GC_EXPLICIT freed 139K, 18% free 13268K/16007K, paused 4ms+5ms
07-10 13:07:06.922  4924  4927 D dalvikvm: GC_CONCURRENT freed 717K, 8% free 11492K/12423K, paused 2ms+4ms
07-10 13:07:23.383  4924  4927 D dalvikvm: GC_CONCURRENT freed 717K, 8% free 11500K/12423K, paused 2ms+3ms
07-10 13:07:23.558   441   444 D dalvikvm: GC_CONCURRENT freed 376K, 6% free 9468K/10055K, paused 2ms+3ms
07-10 13:07:23.890   441   458 D dalvikvm: GC_EXPLICIT freed 159K, 7% free 9404K/10055K, paused 2ms+3ms
07-10 13:07:39.976  4924  4927 D dalvikvm: GC_CONCURRENT freed 712K, 8% free 11499K/12423K, paused 1ms+3ms
07-10 13:07:54.980  4924  4927 D dalvikvm: GC_CONCURRENT freed 706K, 8% free 11501K/12423K, paused 2ms+3ms
07-10 13:08:00.375  1102  1102 I wpa_supplicant: wlan0: WPA: Group rekeying completed with c4:3d:c7:a7:ad:c9 [GTK=CCMP]
07-10 13:08:11.258  4924  4927 D dalvikvm: GC_CONCURRENT freed 726K, 8% free 11505K/12423K, paused 20ms+3ms
07-10 13:08:22.238  4382  4395 I PhoneLab-: Service Running
07-10 13:08:22.332  4382  4395 I PhoneLab-LoggerService: app_36    1027  1     1440   1068  c00f181c 400107b4 S logcat
07-10 13:08:22.336  4382  4395 I PhoneLab-LoggerService: Logcat pid from database 1027
07-10 13:08:22.336  4382  4395 I PhoneLab-LoggerService: Logcat process found 1027
07-10 13:08:22.336  4382  4395 I PhoneLab-LoggerService: Checking Threshold
07-10 13:08:26.976  4924  4927 D dalvikvm: GC_CONCURRENT freed 716K, 8% free 11491K/12423K, paused 2ms+3ms
07-10 13:08:42.011   293   297 D dalvikvm: GC_CONCURRENT freed 556K, 8% free 11069K/11911K, paused 2ms+4ms
07-10 13:08:42.168   157  5108 I AudioService:  AudioFocus  requestAudioFocus() from android.media.AudioManager@414fb440
07-10 13:08:42.187    81   124 D AudioHardware: AudioHardware pcm playback is exiting standby.
07-10 13:08:42.187    81   124 D AudioHardware: openPcmOut_l() mPcmOpenCnt: 0
07-10 13:08:42.312   227   229 D dalvikvm: GC_CONCURRENT freed 428K, 39% free 10830K/17543K, paused 5ms+6ms
07-10 13:08:42.472   227   229 D dalvikvm: GC_CONCURRENT freed 494K, 38% free 11024K/17543K, paused 1ms+9ms
07-10 13:08:42.593  4924  4927 D dalvikvm: GC_CONCURRENT freed 702K, 8% free 11494K/12423K, paused 3ms+5ms
07-10 13:08:44.265   157  5108 I AudioService:  AudioFocus  abandonAudioFocus() from android.media.AudioManager@414fb440
07-10 13:08:46.929   157  5114 I AudioService:  AudioFocus  requestAudioFocus() from android.media.AudioManager@414fb440
07-10 13:08:49.023   157  5114 I AudioService:  AudioFocus  abandonAudioFocus() from android.media.AudioManager@414fb440
07-10 13:08:52.109    81   124 D AudioHardware: AudioHardware pcm playback is going to standby.
07-10 13:08:52.109    81   124 D AudioHardware: closePcmOut_l() mPcmOpenCnt: 1
07-10 13:08:57.027   227   229 D dalvikvm: GC_CONCURRENT freed 628K, 38% free 10943K/17543K, paused 2ms+4ms
07-10 13:08:57.953  4924  4927 D dalvikvm: GC_CONCURRENT freed 703K, 8% free 11490K/12423K, paused 2ms+3ms
07-10 13:09:02.965   157   159 D dalvikvm: GC_CONCURRENT freed 878K, 17% free 13330K/16007K, paused 2ms+5ms
07-10 13:09:13.730  4924  4927 D dalvikvm: GC_CONCURRENT freed 705K, 8% free 11495K/12423K, paused 2ms+3ms
07-10 13:09:29.988  4924  4927 D dalvikvm: GC_CONCURRENT freed 705K, 8% free 11500K/12423K, paused 7ms+3ms
07-10 13:09:44.965  4924  4927 D dalvikvm: GC_CONCURRENT freed 706K, 8% free 11495K/12423K, paused 2ms+3ms
07-10 13:10:00.949  4924  4927 D dalvikvm: GC_CONCURRENT freed 701K, 8% free 11491K/12423K, paused 2ms+6ms
07-10 13:10:16.199  4924  4927 D dalvikvm: GC_CONCURRENT freed 698K, 8% free 11495K/12423K, paused 2ms+3ms
07-10 13:10:22.242  4382  4395 I PhoneLab-: Service Running
07-10 13:10:22.441  4382  4395 I PhoneLab-LoggerService: app_36    1027  1     1440   1068  c00f181c 400107b4 S logcat
07-10 13:10:22.441  4382  4395 I PhoneLab-LoggerService: Logcat pid from database 1027
07-10 13:10:22.441  4382  4395 I PhoneLab-LoggerService: Logcat process found 1027
07-10 13:10:22.441  4382  4395 I PhoneLab-LoggerService: Checking Threshold
07-10 13:10:32.961  4924  4927 D dalvikvm: GC_CONCURRENT freed 740K, 8% free 11510K/12423K, paused 15ms+3ms
07-10 13:10:49.644  4924  4927 D dalvikvm: GC_CONCURRENT freed 724K, 8% free 11514K/12423K, paused 2ms+4ms
07-10 13:11:05.941  4924  4927 D dalvikvm: GC_CONCURRENT freed 723K, 8% free 11502K/12423K, paused 2ms+3ms
07-10 13:11:21.972  4924  4927 D dalvikvm: GC_CONCURRENT freed 724K, 8% free 11503K/12423K, paused 1ms+4ms
07-10 13:11:37.750  4924  4927 D dalvikvm: GC_CONCURRENT freed 707K, 8% free 11496K/12423K, paused 1ms+3ms
07-10 13:11:53.988  4924  4927 D dalvikvm: GC_CONCURRENT freed 702K, 8% free 11500K/12423K, paused 9ms+3ms
07-10 13:12:06.054   157   159 D dalvikvm: GC_CONCURRENT freed 967K, 17% free 13316K/16007K, paused 37ms+13ms
07-10 13:12:09.019  4924  4927 D dalvikvm: GC_CONCURRENT freed 715K, 8% free 11497K/12423K, paused 2ms+3ms
07-10 13:12:22.242  4382  4395 I PhoneLab-: Service Running
07-10 13:12:22.343  4382  4395 I PhoneLab-LoggerService: app_36    1027  1     1440   1068  c00f181c 400107b4 S logcat
07-10 13:12:22.343  4382  4395 I PhoneLab-LoggerService: Logcat pid from database 1027
07-10 13:12:22.347  4382  4395 I PhoneLab-LoggerService: Logcat process found 1027
07-10 13:12:22.347  4382  4395 I PhoneLab-LoggerService: Checking Threshold
07-10 13:12:25.660  4924  4927 D dalvikvm: GC_CONCURRENT freed 712K, 8% free 11511K/12423K, paused 2ms+5ms
07-10 13:12:42.015  4924  4927 D dalvikvm: GC_CONCURRENT freed 736K, 8% free 11503K/12423K, paused 8ms+10ms
07-10 13:12:57.004  4924  4927 D dalvikvm: GC_CONCURRENT freed 711K, 8% free 11496K/12423K, paused 2ms+3ms
07-10 13:13:13.699  4924  4927 D dalvikvm: GC_CONCURRENT freed 720K, 8% free 11505K/12423K, paused 18ms+3ms
07-10 13:13:16.945   356   359 D dalvikvm: GC_CONCURRENT freed 384K, 7% free 9451K/10055K, paused 38ms+2ms
07-10 13:13:29.984  4924  4927 D dalvikvm: GC_CONCURRENT freed 715K, 8% free 11503K/12423K, paused 7ms+3ms
07-10 13:13:45.011  4924  4927 D dalvikvm: GC_CONCURRENT freed 717K, 8% free 11497K/12423K, paused 2ms+3ms
07-10 13:14:01.715  4924  4927 D dalvikvm: GC_CONCURRENT freed 708K, 8% free 11514K/12423K, paused 2ms+3ms
07-10 13:14:17.984  4924  4927 D dalvikvm: GC_CONCURRENT freed 724K, 8% free 11503K/12423K, paused 2ms+3ms
07-10 13:14:22.246  4382  4395 I PhoneLab-: Service Running
07-10 13:14:22.343  4382  4395 I PhoneLab-LoggerService: app_36    1027  1     1440   1068  c00f181c 400107b4 S logcat
07-10 13:14:22.343  4382  4395 I PhoneLab-LoggerService: Logcat pid from database 1027
07-10 13:14:22.343  4382  4395 I PhoneLab-LoggerService: Logcat process found 1027
07-10 13:14:22.347  4382  4395 I PhoneLab-LoggerService: Checking Threshold
07-10 13:14:30.605   227   229 D dalvikvm: GC_CONCURRENT freed 371K, 37% free 11084K/17543K, paused 18ms+4ms
07-10 13:14:33.019  4924  4927 D dalvikvm: GC_CONCURRENT freed 714K, 8% free 11495K/12423K, paused 9ms+3ms
07-10 13:14:49.406  4924  4927 D dalvikvm: GC_CONCURRENT freed 711K, 8% free 11512K/12423K, paused 2ms+3ms
07-10 13:15:06.011  4924  4927 D dalvikvm: GC_CONCURRENT freed 756K, 8% free 11510K/12423K, paused 2ms+3ms
07-10 13:15:22.781  4924  4927 D dalvikvm: GC_CONCURRENT freed 725K, 8% free 11508K/12423K, paused 1ms+3ms
07-10 13:15:30.984   157   159 D dalvikvm: GC_CONCURRENT freed 952K, 17% free 13314K/16007K, paused 28ms+5ms
07-10 13:15:38.953  4924  4927 D dalvikvm: GC_CONCURRENT freed 720K, 8% free 11494K/12423K, paused 4ms+6ms
07-10 13:15:53.996  4924  4927 D dalvikvm: GC_CONCURRENT freed 708K, 8% free 11498K/12423K, paused 1ms+3ms
07-10 13:16:10.660  4924  4927 D dalvikvm: GC_CONCURRENT freed 716K, 8% free 11513K/12423K, paused 14ms+3ms
07-10 13:16:22.238  4382  4395 I PhoneLab-: Service Running
07-10 13:16:22.390  4382  4395 I PhoneLab-LoggerService: app_36    1027  1     1440   1068  c00f181c 400107b4 S logcat
07-10 13:16:22.390  4382  4395 I PhoneLab-LoggerService: Logcat pid from database 1027
07-10 13:16:22.394  4382  4395 I PhoneLab-LoggerService: Logcat process found 1027
07-10 13:16:22.394  4382  4395 I PhoneLab-LoggerService: Checking Threshold
07-10 13:16:27.015  4924  4927 D dalvikvm: GC_CONCURRENT freed 741K, 8% free 11503K/12423K, paused 8ms+9ms
07-10 13:16:42.058  4924  4927 D dalvikvm: GC_CONCURRENT freed 709K, 8% free 11497K/12423K, paused 2ms+3ms
07-10 13:16:45.922  4382  4382 I PhoneLab-Locks: wake lock acquired
07-10 13:16:45.925  4382  4382 I PhoneLab-StatusMonitor: Status Monitoring is started
07-10 13:16:45.976  4382  4384 D dalvikvm: GC_CONCURRENT freed 596K, 14% free 9224K/10695K, paused 8ms+2ms
07-10 13:16:46.008  4382  4382 I PhoneLab-StatusMonitor: Value: 10 - unit: min
07-10 13:16:46.008  4382  4382 I PhoneLab-StatusMonitor: Running interval: 600000
07-10 13:16:46.019  4382  4382 I PhoneLab-StatusMonitor: Rescheduling status monitoring...
07-10 13:16:46.019  4382  4382 I PhoneLab-Locks: wake lock released
07-10 13:16:46.023  4382  4382 I PhoneLab-StatusMonitorLocation: Learning Location
07-10 13:16:46.023  4382  4382 I PhoneLab-Locks: wake lock acquired
07-10 13:16:46.027  4382  4382 I PhoneLab-Locks: wake lock acquired
07-10 13:16:46.031  4382  4382 I PhoneLab-StatusMonitorLocation: Learning Signal Strgth
07-10 13:16:46.031  4382  4382 I PhoneLab-Locks: wake lock acquired
07-10 13:16:46.035   293   559 D androidNetworkLocationListeners: Still have listener com.google.android.location.internal.client.NetworkLocationClient$1@413175c0
07-10 13:16:46.043   293   559 D androidNetworkLocationListeners: Still have listener com.google.android.location.internal.client.NetworkLocationClient$1@413175c0
07-10 13:16:46.047  4382  4382 I PhoneLab-StatusMonitorBattery: Battery_level: 91
07-10 13:16:46.050  4382  4382 I PhoneLab-Locks: wake lock released
07-10 13:16:46.054  4382  4382 I PhoneLab-StatusMonitorSignal: Signal_Strength: -86 asu: 14
07-10 13:16:46.054  4382  4382 I PhoneLab-Locks: wake lock released
07-10 13:16:47.359   293   559 D androidNetworkLocationListeners: Still have listener com.google.android.location.internal.client.NetworkLocationClient$1@413175c0
07-10 13:16:47.359  4382  4382 I PhoneLab-StatusMonitorLocation: Location_Latitude: 43.0021011 Longitude: -78.7870201 Accuracy: 30.0
07-10 13:16:47.359  4382  4382 I PhoneLab-Locks: wake lock released
07-10 13:16:47.429   293   297 D dalvikvm: GC_CONCURRENT freed 567K, 8% free 11077K/11911K, paused 2ms+16ms
07-10 13:16:58.828  4924  4927 D dalvikvm: GC_CONCURRENT freed 722K, 8% free 11512K/12423K, paused 17ms+4ms
07-10 13:17:14.961  4924  4927 D dalvikvm: GC_CONCURRENT freed 724K, 8% free 11495K/12423K, paused 4ms+6ms
07-10 13:17:15.941  4924  4946 D dalvikvm: GC_EXPLICIT freed 83K, 8% free 11477K/12423K, paused 18ms+4ms
07-10 13:17:32.004  4924  4927 D dalvikvm: GC_CONCURRENT freed 674K, 8% free 11509K/12423K, paused 2ms+3ms
07-10 13:17:48.004  4924  4927 D dalvikvm: GC_CONCURRENT freed 727K, 8% free 11496K/12423K, paused 1ms+3ms
07-10 13:18:03.300  4924  4927 D dalvikvm: GC_CONCURRENT freed 698K, 8% free 11497K/12423K, paused 2ms+3ms
07-10 13:18:06.968   157   159 D dalvikvm: GC_CONCURRENT freed 927K, 17% free 13334K/16007K, paused 21ms+5ms
07-10 13:18:20.000  4924  4927 D dalvikvm: GC_CONCURRENT freed 730K, 8% free 11509K/12423K, paused 1ms+3ms
07-10 13:18:22.238  4382  4395 I PhoneLab-: Service Running
07-10 13:18:22.340  4382  4384 D dalvikvm: GC_CONCURRENT freed 407K, 14% free 9218K/10695K, paused 2ms+5ms
07-10 13:18:22.343  4382  4395 I PhoneLab-LoggerService: app_36    1027  1     1440   1068  c00f181c 400107b4 S logcat
07-10 13:18:22.343  4382  4395 I PhoneLab-LoggerService: Logcat pid from database 1027
07-10 13:18:22.347  4382  4395 I PhoneLab-LoggerService: Logcat process found 1027
07-10 13:18:22.347  4382  4395 I PhoneLab-LoggerService: Checking Threshold
07-10 13:18:36.754  4924  4927 D dalvikvm: GC_CONCURRENT freed 736K, 8% free 11511K/12423K, paused 16ms+4ms
07-10 13:18:52.992  4924  4927 D dalvikvm: GC_CONCURRENT freed 715K, 8% free 11505K/12423K, paused 8ms+3ms
07-10 13:19:07.941  4924  4927 D dalvikvm: GC_CONCURRENT freed 716K, 8% free 11498K/12423K, paused 2ms+3ms
07-10 13:19:24.609  4924  4927 D dalvikvm: GC_CONCURRENT freed 718K, 8% free 11508K/12423K, paused 15ms+3ms
07-10 13:19:41.058  4924  4927 D dalvikvm: GC_CONCURRENT freed 718K, 8% free 11505K/12423K, paused 18ms+3ms
07-10 13:19:55.929  4924  4927 D dalvikvm: GC_CONCURRENT freed 712K, 8% free 11497K/12423K, paused 2ms+4ms
07-10 13:20:11.992  4924  4927 D dalvikvm: GC_CONCURRENT freed 707K, 8% free 11494K/12423K, paused 3ms+6ms
07-10 13:20:22.238  4382  4395 I PhoneLab-: Service Running
07-10 13:20:22.320  4382  4395 I PhoneLab-LoggerService: app_36    1027  1     1440   1068  c00f181c 400107b4 S logcat
07-10 13:20:22.320  4382  4395 I PhoneLab-LoggerService: Logcat pid from database 1027
07-10 13:20:22.320  4382  4395 I PhoneLab-LoggerService: Logcat process found 1027
07-10 13:20:22.320  4382  4395 I PhoneLab-LoggerService: Checking Threshold
07-10 13:20:24.929   356   359 D dalvikvm: GC_CONCURRENT freed 384K, 7% free 9450K/10055K, paused 21ms+2ms
07-10 13:20:27.246  4924  4927 D dalvikvm: GC_CONCURRENT freed 694K, 8% free 11497K/12423K, paused 2ms+3ms
07-10 13:20:42.031   227   229 D dalvikvm: GC_CONCURRENT freed 549K, 37% free 11107K/17543K, paused 5ms+7ms
07-10 13:20:43.992  4924  4927 D dalvikvm: GC_CONCURRENT freed 740K, 8% free 11509K/12423K, paused 19ms+5ms
07-10 13:20:55.800   441   444 D dalvikvm: GC_CONCURRENT freed 320K, 6% free 9472K/10055K, paused 2ms+2ms
07-10 13:21:00.718  4924  4927 D dalvikvm: GC_CONCURRENT freed 722K, 8% free 11514K/12423K, paused 4ms+6ms
07-10 13:21:00.785   157   159 D dalvikvm: GC_CONCURRENT freed 973K, 17% free 13314K/16007K, paused 3ms+9ms
07-10 13:21:16.984  4924  4927 D dalvikvm: GC_CONCURRENT freed 726K, 8% free 11506K/12423K, paused 8ms+3ms
07-10 13:21:32.008  4924  4927 D dalvikvm: GC_CONCURRENT freed 713K, 8% free 11499K/12423K, paused 2ms+3ms
07-10 13:21:48.734  4924  4927 D dalvikvm: GC_CONCURRENT freed 719K, 8% free 11513K/12423K, paused 14ms+4ms
07-10 13:22:04.988  4924  4927 D dalvikvm: GC_CONCURRENT freed 719K, 8% free 11506K/12423K, paused 9ms+2ms
07-10 13:22:19.968  4924  4927 D dalvikvm: GC_CONCURRENT freed 711K, 8% free 11500K/12423K, paused 2ms+4ms
07-10 13:22:22.242  4382  4395 I PhoneLab-: Service Running
07-10 13:22:22.336  4382  4395 I PhoneLab-LoggerService: app_36    1027  1     1440   1068  c00f181c 400107b4 S logcat
07-10 13:22:22.340  4382  4395 I PhoneLab-LoggerService: Logcat pid from database 1027
07-10 13:22:22.340  4382  4395 I PhoneLab-LoggerService: Logcat process found 1027
07-10 13:22:22.340  4382  4395 I PhoneLab-LoggerService: Checking Threshold
07-10 13:22:36.535  4924  4927 D dalvikvm: GC_CONCURRENT freed 716K, 8% free 11513K/12423K, paused 1ms+3ms
07-10 13:22:52.980  4924  4927 D dalvikvm: GC_CONCURRENT freed 719K, 8% free 11497K/12423K, paused 2ms+3ms
07-10 13:23:07.972  4924  4927 D dalvikvm: GC_CONCURRENT freed 699K, 8% free 11507K/12423K, paused 9ms+2ms
07-10 13:23:24.586  4924  4927 D dalvikvm: GC_CONCURRENT freed 725K, 8% free 11510K/12423K, paused 18ms+3ms
07-10 13:23:40.984  4924  4927 D dalvikvm: GC_CONCURRENT freed 723K, 8% free 11497K/12423K, paused 2ms+2ms
07-10 13:23:55.984  4924  4927 D dalvikvm: GC_CONCURRENT freed 699K, 8% free 11508K/12423K, paused 8ms+3ms
07-10 13:24:12.550  4924  4927 D dalvikvm: GC_CONCURRENT freed 729K, 8% free 11513K/12423K, paused 17ms+3ms
07-10 13:24:20.343   157   159 D dalvikvm: GC_CONCURRENT freed 956K, 17% free 13307K/16007K, paused 7ms+5ms
07-10 13:24:22.242  4382  4395 I PhoneLab-: Service Running
07-10 13:24:22.293  4382  4395 I PhoneLab-LoggerService: app_36    1027  1     1440   1068  c00f181c 400107b4 S logcat
07-10 13:24:22.293  4382  4395 I PhoneLab-LoggerService: Logcat pid from database 1027
07-10 13:24:22.293  4382  4395 I PhoneLab-LoggerService: Logcat process found 1027
07-10 13:24:22.293  4382  4395 I PhoneLab-LoggerService: Checking Threshold
07-10 13:24:28.961  4924  4927 D dalvikvm: GC_CONCURRENT freed 723K, 8% free 11507K/12423K, paused 2ms+3ms
07-10 13:24:44.008  4924  4927 D dalvikvm: GC_CONCURRENT freed 716K, 8% free 11499K/12423K, paused 9ms+2ms
07-10 13:25:00.531  4924  4927 D dalvikvm: GC_CONCURRENT freed 719K, 8% free 11513K/12423K, paused 18ms+3ms
07-10 13:25:17.172  4924  4927 D dalvikvm: GC_CONCURRENT freed 739K, 8% free 11509K/12423K, paused 18ms+3ms
07-10 13:25:33.902  4924  4927 D dalvikvm: GC_CONCURRENT freed 725K, 8% free 11542K/12423K, paused 2ms+3ms
07-10 13:25:50.976  4924  4927 D dalvikvm: GC_CONCURRENT freed 795K, 8% free 11501K/12423K, paused 2ms+3ms
07-10 13:26:07.140  4924  4927 D dalvikvm: GC_CONCURRENT freed 710K, 8% free 11517K/12423K, paused 1ms+3ms
07-10 13:26:07.312   157   374 D dalvikvm: GC_EXPLICIT freed 504K, 17% free 13299K/16007K, paused 4ms+6ms
07-10 13:26:22.242  4382  4395 I PhoneLab-: Service Running
07-10 13:26:22.336  4382  4395 I PhoneLab-LoggerService: app_36    1027  1     1440   1068  c00f181c 400107b4 S logcat
07-10 13:26:22.336  4382  4395 I PhoneLab-LoggerService: Logcat pid from database 1027
07-10 13:26:22.340  4382  4395 I PhoneLab-LoggerService: Logcat process found 1027
07-10 13:26:22.340  4382  4395 I PhoneLab-LoggerService: Checking Threshold
07-10 13:26:22.957  4924  4927 D dalvikvm: GC_CONCURRENT freed 729K, 8% free 11499K/12423K, paused 2ms+3ms
07-10 13:26:38.488  4924  4927 D dalvikvm: GC_CONCURRENT freed 702K, 8% free 11501K/12423K, paused 2ms+4ms
07-10 13:26:46.027  4382  4382 I PhoneLab-Locks: wake lock acquired
07-10 13:26:46.047  4382  4382 I PhoneLab-StatusMonitor: Status Monitoring is started
07-10 13:26:46.133  4382  4384 D dalvikvm: GC_CONCURRENT freed 480K, 14% free 9250K/10695K, paused 2ms+8ms
07-10 13:26:46.172  4382  4382 I PhoneLab-StatusMonitor: Value: 10 - unit: min
07-10 13:26:46.172  4382  4382 I PhoneLab-StatusMonitor: Running interval: 600000
07-10 13:26:46.179  4382  4382 I PhoneLab-StatusMonitor: Rescheduling status monitoring...
07-10 13:26:46.179  4382  4382 I PhoneLab-Locks: wake lock released
07-10 13:26:46.187  4382  4382 I PhoneLab-StatusMonitorLocation: Learning Location
07-10 13:26:46.187  4382  4382 I PhoneLab-Locks: wake lock acquired
07-10 13:26:46.203  4382  4382 I PhoneLab-Locks: wake lock acquired
07-10 13:26:46.203   293   559 D androidNetworkLocationListeners: Still have listener com.google.android.location.internal.client.NetworkLocationClient$1@413175c0
07-10 13:26:46.207  4382  4382 I PhoneLab-StatusMonitorLocation: Learning Signal Strgth
07-10 13:26:46.207  4382  4382 I PhoneLab-Locks: wake lock acquired
07-10 13:26:46.218   293   559 D androidNetworkLocationListeners: Still have listener com.google.android.location.internal.client.NetworkLocationClient$1@413175c0
07-10 13:26:46.222  4382  4382 I PhoneLab-StatusMonitorBattery: Battery_level: 92
07-10 13:26:46.226  4382  4382 I PhoneLab-Locks: wake lock released
07-10 13:26:46.230  4382  4382 I PhoneLab-StatusMonitorSignal: Signal_Strength: -86 asu: 14
07-10 13:26:46.230  4382  4382 I PhoneLab-Locks: wake lock released
07-10 13:26:47.535   293   297 D dalvikvm: GC_CONCURRENT freed 679K, 7% free 11084K/11911K, paused 3ms+4ms
07-10 13:26:47.558   293   559 D androidNetworkLocationListeners: Still have listener com.google.android.location.internal.client.NetworkLocationClient$1@413175c0
07-10 13:26:47.558  4382  4382 I PhoneLab-StatusMonitorLocation: Location_Latitude: 43.0020897 Longitude: -78.7869951 Accuracy: 30.0
07-10 13:26:47.558  4382  4382 I PhoneLab-Locks: wake lock released
07-10 13:26:55.078  4924  4927 D dalvikvm: GC_CONCURRENT freed 731K, 8% free 11517K/12423K, paused 16ms+3ms
07-10 13:26:57.027   227   229 D dalvikvm: GC_CONCURRENT freed 570K, 37% free 11108K/17543K, paused 2ms+6ms
07-10 13:26:58.480   157   173 V BackupManagerService: Running a backup pass
07-10 13:26:58.484   157   226 V BackupManagerService: Backup requested but nothing pending
07-10 13:27:11.800  4924  4927 D dalvikvm: GC_CONCURRENT freed 738K, 8% free 11516K/12423K, paused 17ms+4ms
07-10 13:27:27.976  4924  4927 D dalvikvm: GC_CONCURRENT freed 732K, 8% free 11508K/12423K, paused 7ms+3ms
07-10 13:27:33.922   356   359 D dalvikvm: GC_CONCURRENT freed 384K, 7% free 9451K/10055K, paused 1ms+3ms
07-10 13:27:43.058  4924  4927 D dalvikvm: GC_CONCURRENT freed 712K, 8% free 11502K/12423K, paused 2ms+5ms
07-10 13:27:59.742  4924  4927 D dalvikvm: GC_CONCURRENT freed 710K, 8% free 11515K/12423K, paused 1ms+4ms
07-10 13:28:16.019  4924  4927 D dalvikvm: GC_CONCURRENT freed 725K, 8% free 11499K/12423K, paused 8ms+2ms
07-10 13:28:22.242  4382  4395 I PhoneLab-: Service Running
07-10 13:28:22.336  4382  4395 I PhoneLab-LoggerService: app_36    1027  1     1440   1068  c00f181c 400107b4 S logcat
07-10 13:28:22.336  4382  4395 I PhoneLab-LoggerService: Logcat pid from database 1027
07-10 13:28:22.336  4382  4395 I PhoneLab-LoggerService: Logcat process found 1027
07-10 13:28:22.336  4382  4395 I PhoneLab-LoggerService: Checking Threshold
07-10 13:28:31.008  4924  4927 D dalvikvm: GC_CONCURRENT freed 706K, 8% free 11502K/12423K, paused 3ms+3ms
07-10 13:28:47.730  4924  4927 D dalvikvm: GC_CONCURRENT freed 713K, 8% free 11512K/12423K, paused 2ms+3ms
07-10 13:29:00.121   157   159 D dalvikvm: GC_CONCURRENT freed 935K, 17% free 13326K/16007K, paused 7ms+5ms
07-10 13:29:03.984  4924  4927 D dalvikvm: GC_CONCURRENT freed 722K, 8% free 11508K/12423K, paused 7ms+2ms
07-10 13:29:18.996  4924  4927 D dalvikvm: GC_CONCURRENT freed 716K, 8% free 11502K/12423K, paused 2ms+3ms
07-10 13:29:35.715  4924  4927 D dalvikvm: GC_CONCURRENT freed 715K, 8% free 11516K/12423K, paused 2ms+3ms
07-10 13:29:51.984  4924  4927 D dalvikvm: GC_CONCURRENT freed 725K, 8% free 11500K/12423K, paused 9ms+3ms
07-10 13:30:06.988  4924  4927 D dalvikvm: GC_CONCURRENT freed 705K, 8% free 11503K/12423K, paused 1ms+4ms
07-10 13:30:22.242  4382  4395 I PhoneLab-: Service Running
07-10 13:30:22.332  4382  4395 I PhoneLab-LoggerService: app_36    1027  1     1440   1068  c00f181c 400107b4 S logcat
07-10 13:30:22.332  4382  4395 I PhoneLab-LoggerService: Logcat pid from database 1027
07-10 13:30:22.332  4382  4395 I PhoneLab-LoggerService: Logcat process found 1027
07-10 13:30:22.332  4382  4395 I PhoneLab-LoggerService: Checking Threshold
07-10 13:30:23.484   293  3766 D dalvikvm: GC_EXPLICIT freed 495K, 8% free 11054K/11911K, paused 2ms+4ms
07-10 13:30:23.695  4924  4927 D dalvikvm: GC_CONCURRENT freed 719K, 8% free 11505K/12423K, paused 3ms+4ms
07-10 13:30:31.050  4382  4382 I PhoneLab-Locks: wake lock acquired
07-10 13:30:31.093  4382  5140 I PhoneLab-PeriodicCheckService: User info is synched
07-10 13:30:31.093  4382  5140 I PhoneLab-PeriodicCheckService: Logger Service is running
07-10 13:30:31.093  4382  5140 I PhoneLab-Locks: wake lock acquired
07-10 13:30:31.097  4382  4382 I PhoneLab-UploadLogs: Transfering log files now
07-10 13:30:31.097  4382  4382 I PhoneLab-UploadLogs: No log files to transfer
07-10 13:30:31.097  4382  4382 I PhoneLab-Locks: wake lock released
07-10 13:30:31.101  4382  4382 I PhoneLab-UploadLogs: OnStartCommand
07-10 13:30:31.101  4382  5140 I PhoneLab-PeriodicCheckService: Rescheduling periodic checking...
07-10 13:30:31.101  4382  5140 I PhoneLab-Locks: wake lock released
07-10 13:30:39.988  4924  4927 D dalvikvm: GC_CONCURRENT freed 716K, 8% free 11509K/12423K, paused 8ms+3ms
07-10 13:30:54.984  4924  4927 D dalvikvm: GC_CONCURRENT freed 710K, 8% free 11503K/12423K, paused 2ms+4ms
07-10 13:31:11.636  4924  4927 D dalvikvm: GC_CONCURRENT freed 712K, 8% free 11519K/12423K, paused 2ms+5ms
07-10 13:31:28.972  4924  4927 D dalvikvm: GC_CONCURRENT freed 791K, 8% free 11513K/12423K, paused 2ms+3ms
07-10 13:31:45.011  4924  4927 D dalvikvm: GC_CONCURRENT freed 733K, 8% free 11514K/12423K, paused 2ms+4ms
07-10 13:32:01.718  4924  4927 D dalvikvm: GC_CONCURRENT freed 723K, 8% free 11523K/12423K, paused 2ms+3ms
07-10 13:32:12.980   157   159 D dalvikvm: GC_CONCURRENT freed 961K, 17% free 13316K/16007K, paused 2ms+4ms
07-10 13:32:18.976  4924  4927 D dalvikvm: GC_CONCURRENT freed 786K, 8% free 11513K/12423K, paused 2ms+2ms
07-10 13:32:22.242  4382  4395 I PhoneLab-: Service Running
07-10 13:32:22.340  4382  4384 D dalvikvm: GC_CONCURRENT freed 433K, 14% free 9221K/10695K, paused 1ms+4ms
07-10 13:32:22.351  4382  4395 I PhoneLab-LoggerService: app_36    1027  1     1440   1068  c00f181c 400107b4 S logcat
07-10 13:32:22.351  4382  4395 I PhoneLab-LoggerService: Logcat pid from database 1027
07-10 13:32:22.351  4382  4395 I PhoneLab-LoggerService: Logcat process found 1027
07-10 13:32:22.351  4382  4395 I PhoneLab-LoggerService: Checking Threshold
07-10 13:32:35.011  4924  4927 D dalvikvm: GC_CONCURRENT freed 727K, 8% free 11513K/12423K, paused 1ms+4ms
07-10 13:32:51.824  4924  4927 D dalvikvm: GC_CONCURRENT freed 724K, 8% free 11520K/12423K, paused 1ms+3ms
07-10 13:33:00.808   293  1009 I EventLogService: Aggregate from 1341939780682 (log), 1341939780682 (data)
07-10 13:33:08.988  4924  4927 D dalvikvm: GC_CONCURRENT freed 783K, 8% free 11514K/12423K, paused 1ms+4ms
07-10 13:33:11.988   227   229 D dalvikvm: GC_CONCURRENT freed 581K, 37% free 11108K/17543K, paused 3ms+5ms
07-10 13:33:25.043  4924  4927 D dalvikvm: GC_CONCURRENT freed 727K, 8% free 11515K/12423K, paused 2ms+5ms
07-10 13:33:41.820  4924  4927 D dalvikvm: GC_CONCURRENT freed 725K, 8% free 11517K/12423K, paused 2ms+3ms
07-10 13:33:57.996  4924  4927 D dalvikvm: GC_CONCURRENT freed 725K, 8% free 11510K/12423K, paused 7ms+4ms
07-10 13:34:13.011  4924  4927 D dalvikvm: GC_CONCURRENT freed 713K, 8% free 11504K/12423K, paused 1ms+3ms
07-10 13:34:22.242  4382  4395 I PhoneLab-: Service Running
07-10 13:34:22.320  4382  4395 I PhoneLab-LoggerService: app_36    1027  1     1440   1068  c00f181c 400107b4 S logcat
07-10 13:34:22.320  4382  4395 I PhoneLab-LoggerService: Logcat pid from database 1027
07-10 13:34:22.320  4382  4395 I PhoneLab-LoggerService: Logcat process found 1027
07-10 13:34:22.320  4382  4395 I PhoneLab-LoggerService: Checking Threshold
07-10 13:34:29.683  4924  4927 D dalvikvm: GC_CONCURRENT freed 715K, 8% free 11517K/12423K, paused 1ms+2ms
07-10 13:34:45.972  4924  4927 D dalvikvm: GC_CONCURRENT freed 726K, 8% free 11512K/12423K, paused 7ms+3ms
07-10 13:34:56.922   356   359 D dalvikvm: GC_CONCURRENT freed 384K, 7% free 9450K/10055K, paused 2ms+2ms
07-10 13:35:01.019  4924  4927 D dalvikvm: GC_CONCURRENT freed 721K, 8% free 11505K/12423K, paused 1ms+3ms
07-10 13:35:17.668  4924  4927 D dalvikvm: GC_CONCURRENT freed 717K, 8% free 11520K/12423K, paused 2ms+2ms
07-10 13:35:31.402   157   159 D dalvikvm: GC_CONCURRENT freed 948K, 17% free 13316K/16007K, paused 24ms+12ms
07-10 13:35:34.972  4924  4927 D dalvikvm: GC_CONCURRENT freed 787K, 8% free 11505K/12423K, paused 1ms+3ms
07-10 13:35:51.019  4924  4927 D dalvikvm: GC_CONCURRENT freed 705K, 8% free 11529K/12423K, paused 2ms+3ms
07-10 13:36:07.992  4924  4927 D dalvikvm: GC_CONCURRENT freed 778K, 8% free 11515K/12423K, paused 2ms+3ms
07-10 13:36:22.242  4382  4395 I PhoneLab-: Service Running
07-10 13:36:22.293  4382  4395 I PhoneLab-LoggerService: app_36    1027  1     1440   1068  c00f181c 400107b4 S logcat
07-10 13:36:22.293  4382  4395 I PhoneLab-LoggerService: Logcat pid from database 1027
07-10 13:36:22.293  4382  4395 I PhoneLab-LoggerService: Logcat process found 1027
07-10 13:36:22.293  4382  4395 I PhoneLab-LoggerService: Checking Threshold
07-10 13:36:24.379  4924  4927 D dalvikvm: GC_CONCURRENT freed 738K, 8% free 11516K/12423K, paused 18ms+3ms
07-10 13:36:40.984  4924  4927 D dalvikvm: GC_CONCURRENT freed 719K, 8% free 11518K/12423K, paused 1ms+3ms
07-10 13:36:46.203  4382  4382 I PhoneLab-Locks: wake lock acquired
07-10 13:36:46.250  4382  4382 I PhoneLab-StatusMonitor: Status Monitoring is started
07-10 13:36:46.300  4382  4384 D dalvikvm: GC_CONCURRENT freed 476K, 14% free 9252K/10695K, paused 2ms+3ms
07-10 13:36:46.308  4382  4382 I PhoneLab-StatusMonitor: Value: 10 - unit: min
07-10 13:36:46.308  4382  4382 I PhoneLab-StatusMonitor: Running interval: 600000
07-10 13:36:46.328  4382  4382 I PhoneLab-StatusMonitor: Rescheduling status monitoring...
07-10 13:36:46.347  4382  4393 D dalvikvm: GC_EXPLICIT freed 164K, 14% free 9214K/10695K, paused 3ms+3ms
07-10 13:36:46.351  4382  4382 I PhoneLab-Locks: wake lock released
07-10 13:36:46.355  4382  4382 I PhoneLab-StatusMonitorLocation: Learning Location
07-10 13:36:46.355  4382  4382 I PhoneLab-Locks: wake lock acquired
07-10 13:36:46.359  4382  4382 I PhoneLab-Locks: wake lock acquired
07-10 13:36:46.367  4382  4382 I PhoneLab-StatusMonitorLocation: Learning Signal Strgth
07-10 13:36:46.367  4382  4382 I PhoneLab-Locks: wake lock acquired
07-10 13:36:46.371   293   559 D androidNetworkLocationListeners: Still have listener com.google.android.location.internal.client.NetworkLocationClient$1@413175c0
07-10 13:36:46.379   293   559 D androidNetworkLocationListeners: Still have listener com.google.android.location.internal.client.NetworkLocationClient$1@413175c0
07-10 13:36:46.383  4382  4382 I PhoneLab-StatusMonitorBattery: Battery_level: 94
07-10 13:36:46.402  4382  4382 I PhoneLab-Locks: wake lock released
07-10 13:36:46.425  4382  4382 I PhoneLab-StatusMonitorSignal: Signal_Strength: -86 asu: 14
07-10 13:36:46.425  4382  4382 I PhoneLab-Locks: wake lock released
07-10 13:36:47.664  4382  4382 I PhoneLab-StatusMonitorLocation: Location_Latitude: 43.002116 Longitude: -78.786986 Accuracy: 56.0
07-10 13:36:47.668  4382  4382 I PhoneLab-Locks: wake lock released
07-10 13:36:47.668   293   559 D androidNetworkLocationListeners: Still have listener com.google.android.location.internal.client.NetworkLocationClient$1@413175c0
07-10 13:36:49.054   293   297 D dalvikvm: GC_CONCURRENT freed 656K, 8% free 11075K/11911K, paused 3ms+3ms
07-10 13:36:57.023  4924  4927 D dalvikvm: GC_CONCURRENT freed 741K, 8% free 11506K/12423K, paused 2ms+14ms
07-10 13:37:12.293  4924  4927 D dalvikvm: GC_CONCURRENT freed 710K, 8% free 11506K/12423K, paused 2ms+4ms
07-10 13:37:29.019  4924  4927 D dalvikvm: GC_CONCURRENT freed 729K, 8% free 11529K/12423K, paused 1ms+4ms
07-10 13:37:47.004  4924  4927 D dalvikvm: GC_CONCURRENT freed 803K, 8% free 11506K/12423K, paused 1ms+3ms
07-10 13:38:02.390  4924  4927 D dalvikvm: GC_CONCURRENT freed 707K, 8% free 11506K/12423K, paused 1ms+4ms
07-10 13:38:11.015   157   159 D dalvikvm: GC_CONCURRENT freed 940K, 17% free 13325K/16007K, paused 56ms+5ms
07-10 13:38:18.949  4924  4927 D dalvikvm: GC_CONCURRENT freed 714K, 8% free 11501K/12423K, paused 1ms+3ms
07-10 13:38:19.972   441   444 D dalvikvm: GC_CONCURRENT freed 444K, 6% free 9478K/10055K, paused 2ms+3ms
07-10 13:38:22.242  4382  4395 I PhoneLab-: Service Running
07-10 13:38:22.363  4382  4395 I PhoneLab-LoggerService: app_36    1027  1     1440   1068  c00f181c 400107b4 S logcat
07-10 13:38:22.363  4382  4395 I PhoneLab-LoggerService: Logcat pid from database 1027
07-10 13:38:22.371  4382  4395 I PhoneLab-LoggerService: Logcat process found 1027
07-10 13:38:22.371  4382  4395 I PhoneLab-LoggerService: Checking Threshold
07-10 13:38:33.972  4924  4927 D dalvikvm: GC_CONCURRENT freed 701K, 8% free 11513K/12423K, paused 2ms+3ms
07-10 13:38:50.398  4924  4927 D dalvikvm: GC_CONCURRENT freed 727K, 8% free 11515K/12423K, paused 9ms+3ms
07-10 13:39:06.949  4924  4927 D dalvikvm: GC_CONCURRENT freed 724K, 8% free 11503K/12423K, paused 1ms+3ms
07-10 13:39:21.980  4924  4927 D dalvikvm: GC_CONCURRENT freed 698K, 8% free 11505K/12423K, paused 2ms+2ms
07-10 13:39:27.058   227   229 D dalvikvm: GC_CONCURRENT freed 575K, 37% free 11109K/17543K, paused 2ms+5ms
07-10 13:39:38.277  4924  4927 D dalvikvm: GC_CONCURRENT freed 714K, 8% free 11516K/12423K, paused 2ms+4ms
07-10 13:39:55.004  4924  4927 D dalvikvm: GC_CONCURRENT freed 738K, 8% free 11523K/12423K, paused 2ms+3ms
07-10 13:40:12.996  4924  4927 D dalvikvm: GC_CONCURRENT freed 799K, 8% free 11505K/12423K, paused 1ms+3ms
07-10 13:40:22.242  4382  4395 I PhoneLab-: Service Running
07-10 13:40:22.316  4382  4395 I PhoneLab-LoggerService: app_36    1027  1     1440   1068  c00f181c 400107b4 S logcat
07-10 13:40:22.316  4382  4395 I PhoneLab-LoggerService: Logcat pid from database 1027
07-10 13:40:22.316  4382  4395 I PhoneLab-LoggerService: Logcat process found 1027
07-10 13:40:22.316  4382  4395 I PhoneLab-LoggerService: Checking Threshold
07-10 13:40:28.968  4924  4927 D dalvikvm: GC_CONCURRENT freed 710K, 8% free 11502K/12423K, paused 2ms+3ms
07-10 13:40:45.035  4924  4927 D dalvikvm: GC_CONCURRENT freed 706K, 8% free 11505K/12423K, paused 2ms+5ms
07-10 13:41:01.769  4924  4927 D dalvikvm: GC_CONCURRENT freed 713K, 8% free 11506K/12423K, paused 2ms+2ms
07-10 13:41:06.980   157   159 D dalvikvm: GC_CONCURRENT freed 963K, 17% free 13315K/16007K, paused 21ms+5ms
07-10 13:41:18.293  4924  4927 D dalvikvm: GC_CONCURRENT freed 719K, 8% free 11516K/12423K, paused 2ms+4ms
07-10 13:41:35.008  4924  4927 D dalvikvm: GC_CONCURRENT freed 731K, 8% free 11517K/12423K, paused 2ms+3ms
07-10 13:41:51.715  4924  4927 D dalvikvm: GC_CONCURRENT freed 725K, 8% free 11507K/12423K, paused 1ms+3ms
07-10 13:41:56.972   356   359 D dalvikvm: GC_CONCURRENT freed 384K, 7% free 9451K/10055K, paused 35ms+2ms
07-10 13:42:08.304  4924  4927 D dalvikvm: GC_CONCURRENT freed 725K, 8% free 11515K/12423K, paused 18ms+2ms
07-10 13:42:22.242  4382  4395 I PhoneLab-: Service Running
07-10 13:42:22.312  4382  4395 I PhoneLab-LoggerService: app_36    1027  1     1440   1068  c00f181c 400107b4 S logcat
07-10 13:42:22.320  4382  4395 I PhoneLab-LoggerService: Logcat pid from database 1027
07-10 13:42:22.320  4382  4395 I PhoneLab-LoggerService: Logcat process found 1027
07-10 13:42:22.320  4382  4395 I PhoneLab-LoggerService: Checking Threshold
07-10 13:42:25.011  4924  4927 D dalvikvm: GC_CONCURRENT freed 728K, 8% free 11518K/12423K, paused 2ms+3ms
07-10 13:42:42.011  4924  4927 D dalvikvm: GC_CONCURRENT freed 758K, 8% free 11505K/12423K, paused 27ms+4ms
07-10 13:42:58.250  4924  4927 D dalvikvm: GC_CONCURRENT freed 702K, 8% free 11505K/12423K, paused 2ms+4ms
07-10 13:43:14.961  4924  4927 D dalvikvm: GC_CONCURRENT freed 715K, 8% free 11520K/12423K, paused 1ms+3ms
07-10 13:43:33.742  4924  4927 D dalvikvm: GC_CONCURRENT freed 800K, 8% free 11519K/12423K, paused 18ms+4ms
07-10 13:43:51.945  4924  4927 D dalvikvm: GC_CONCURRENT freed 786K, 8% free 11514K/12423K, paused 2ms+3ms
07-10 13:44:07.980  4924  4927 D dalvikvm: GC_CONCURRENT freed 710K, 8% free 11514K/12423K, paused 2ms+3ms
07-10 13:44:22.238  4382  4395 I PhoneLab-: Service Running
07-10 13:44:22.336  4382  4395 I PhoneLab-LoggerService: app_36    1027  1     1440   1068  c00f181c 400107b4 S logcat
07-10 13:44:22.336  4382  4395 I PhoneLab-LoggerService: Logcat pid from database 1027
07-10 13:44:22.336  4382  4395 I PhoneLab-LoggerService: Logcat process found 1027
07-10 13:44:22.336  4382  4395 I PhoneLab-LoggerService: Checking Threshold
07-10 13:44:23.992  4924  4927 D dalvikvm: GC_CONCURRENT freed 711K, 8% free 11513K/12423K, paused 1ms+2ms
07-10 13:44:27.054   157   159 D dalvikvm: GC_CONCURRENT freed 954K, 17% free 13313K/16007K, paused 3ms+13ms
07-10 13:44:40.187  4924  4927 D dalvikvm: GC_CONCURRENT freed 713K, 8% free 11506K/12423K, paused 1ms+3ms
07-10 13:44:56.840  4924  4927 D dalvikvm: GC_CONCURRENT freed 715K, 8% free 11505K/12423K, paused 1ms+4ms
07-10 13:45:12.968  4924  4927 D dalvikvm: GC_CONCURRENT freed 705K, 8% free 11502K/12423K, paused 2ms+3ms
07-10 13:45:28.965  4924  4927 D dalvikvm: GC_CONCURRENT freed 697K, 8% free 11514K/12423K, paused 1ms+3ms
07-10 13:45:41.980   227   229 D dalvikvm: GC_CONCURRENT freed 579K, 37% free 11112K/17543K, paused 2ms+6ms
07-10 13:45:44.941  4924  4927 D dalvikvm: GC_CONCURRENT freed 717K, 8% free 11504K/12423K, paused 2ms+3ms
07-10 13:46:01.246  4924  4927 D dalvikvm: GC_CONCURRENT freed 713K, 8% free 11508K/12423K, paused 1ms+3ms
07-10 13:46:17.976  4924  4927 D dalvikvm: GC_CONCURRENT freed 730K, 8% free 11519K/12423K, paused 2ms+3ms
07-10 13:46:22.242  4382  4395 I PhoneLab-: Service Running
07-10 13:46:22.324  4382  4395 I PhoneLab-LoggerService: app_36    1027  1     1440   1068  c00f181c 400107b4 S logcat
07-10 13:46:22.324  4382  4395 I PhoneLab-LoggerService: Logcat pid from database 1027
07-10 13:46:22.324  4382  4395 I PhoneLab-LoggerService: Logcat process found 1027
07-10 13:46:22.324  4382  4395 I PhoneLab-LoggerService: Checking Threshold
07-10 13:46:36.793  4924  4927 D dalvikvm: GC_CONCURRENT freed 799K, 8% free 11524K/12423K, paused 19ms+2ms
07-10 13:46:46.351  4382  4382 I PhoneLab-Locks: wake lock acquired
07-10 13:46:46.359  4382  4382 I PhoneLab-StatusMonitor: Status Monitoring is started
07-10 13:46:46.437  4382  4384 D dalvikvm: GC_CONCURRENT freed 486K, 14% free 9238K/10695K, paused 8ms+8ms
07-10 13:46:46.480  4382  4382 I PhoneLab-StatusMonitor: Value: 10 - unit: min
07-10 13:46:46.480  4382  4382 I PhoneLab-StatusMonitor: Running interval: 600000
07-10 13:46:46.488  4382  4382 I PhoneLab-StatusMonitor: Rescheduling status monitoring...
07-10 13:46:46.492  4382  4382 I PhoneLab-Locks: wake lock released
07-10 13:46:46.504  4382  4382 I PhoneLab-StatusMonitorLocation: Learning Location
07-10 13:46:46.504  4382  4382 I PhoneLab-Locks: wake lock acquired
07-10 13:46:46.511  4382  4382 I PhoneLab-Locks: wake lock acquired
07-10 13:46:46.519   293   559 D androidNetworkLocationListeners: Still have listener com.google.android.location.internal.client.NetworkLocationClient$1@413175c0
07-10 13:46:46.523  4382  4382 I PhoneLab-StatusMonitorLocation: Learning Signal Strgth
07-10 13:46:46.523  4382  4382 I PhoneLab-Locks: wake lock acquired
07-10 13:46:46.535   293   559 D androidNetworkLocationListeners: Still have listener com.google.android.location.internal.client.NetworkLocationClient$1@413175c0
07-10 13:46:46.543  4382  4382 I PhoneLab-StatusMonitorBattery: Battery_level: 95
07-10 13:46:46.547  4382  4382 I PhoneLab-Locks: wake lock released
07-10 13:46:46.547  4382  4382 I PhoneLab-StatusMonitorSignal: Signal_Strength: -86 asu: 14
07-10 13:46:46.547  4382  4382 I PhoneLab-Locks: wake lock released
07-10 13:46:47.836  4382  4382 I PhoneLab-StatusMonitorLocation: Location_Latitude: 43.0022029 Longitude: -78.7870077 Accuracy: 51.0
07-10 13:46:47.836   293   559 D androidNetworkLocationListeners: Still have listener com.google.android.location.internal.client.NetworkLocationClient$1@413175c0
07-10 13:46:47.836  4382  4382 I PhoneLab-Locks: wake lock released
07-10 13:46:49.316   293   297 D dalvikvm: GC_CONCURRENT freed 588K, 7% free 11169K/11911K, paused 6ms+4ms
07-10 13:46:54.972  4924  4927 D dalvikvm: GC_CONCURRENT freed 791K, 8% free 11516K/12423K, paused 7ms+2ms
07-10 13:47:10.984  4924  4927 D dalvikvm: GC_CONCURRENT freed 716K, 8% free 11505K/12423K, paused 1ms+3ms
07-10 13:47:27.011  4924  4927 D dalvikvm: GC_CONCURRENT freed 713K, 8% free 11517K/12423K, paused 2ms+7ms
07-10 13:47:31.926   157   159 D dalvikvm: GC_CONCURRENT freed 961K, 17% free 13342K/16007K, paused 23ms+9ms
07-10 13:47:43.160  4924  4927 D dalvikvm: GC_CONCURRENT freed 722K, 8% free 11507K/12423K, paused 1ms+4ms
07-10 13:47:59.777  4924  4927 D dalvikvm: GC_CONCURRENT freed 714K, 8% free 11507K/12423K, paused 2ms+3ms
07-10 13:48:16.363  4924  4927 D dalvikvm: GC_CONCURRENT freed 720K, 8% free 11519K/12423K, paused 2ms+4ms
07-10 13:48:22.242  4382  4395 I PhoneLab-: Service Running
07-10 13:48:22.336  4382  4395 I PhoneLab-LoggerService: app_36    1027  1     1440   1068  c00f181c 400107b4 S logcat
07-10 13:48:22.336  4382  4395 I PhoneLab-LoggerService: Logcat pid from database 1027
07-10 13:48:22.336  4382  4395 I PhoneLab-LoggerService: Logcat process found 1027
07-10 13:48:22.336  4382  4395 I PhoneLab-LoggerService: Checking Threshold
07-10 13:48:35.027  4924  4927 D dalvikvm: GC_CONCURRENT freed 789K, 8% free 11536K/12423K, paused 18ms+2ms
07-10 13:48:51.957  4924  4927 D dalvikvm: GC_CONCURRENT freed 783K, 8% free 11508K/12423K, paused 2ms+2ms
07-10 13:49:05.961   356   359 D dalvikvm: GC_CONCURRENT freed 384K, 7% free 9450K/10055K, paused 56ms+3ms
07-10 13:49:08.457  4924  4927 D dalvikvm: GC_CONCURRENT freed 710K, 8% free 11508K/12423K, paused 2ms+4ms
07-10 13:49:25.133  4924  4927 D dalvikvm: GC_CONCURRENT freed 724K, 8% free 11516K/12423K, paused 15ms+4ms
07-10 13:49:41.996  4924  4927 D dalvikvm: GC_CONCURRENT freed 741K, 8% free 11523K/12423K, paused 2ms+3ms
07-10 13:50:00.883  4924  4927 D dalvikvm: GC_CONCURRENT freed 800K, 8% free 11541K/12423K, paused 16ms+3ms
07-10 13:50:18.968  4924  4927 D dalvikvm: GC_CONCURRENT freed 789K, 8% free 11517K/12423K, paused 2ms+4ms
07-10 13:50:22.242  4382  4395 I PhoneLab-: Service Running
07-10 13:50:22.324  4382  4395 I PhoneLab-LoggerService: app_36    1027  1     1440   1068  c00f181c 400107b4 S logcat
07-10 13:50:22.324  4382  4395 I PhoneLab-LoggerService: Logcat pid from database 1027
07-10 13:50:22.324  4382  4395 I PhoneLab-LoggerService: Logcat process found 1027
07-10 13:50:22.324  4382  4395 I PhoneLab-LoggerService: Checking Threshold
07-10 13:50:22.343  4382  4384 D dalvikvm: GC_CONCURRENT freed 446K, 14% free 9199K/10695K, paused 2ms+2ms
07-10 13:50:34.988  4924  4927 D dalvikvm: GC_CONCURRENT freed 720K, 8% free 11506K/12423K, paused 2ms+2ms
07-10 13:50:40.136   157   159 D dalvikvm: GC_CONCURRENT freed 1023K, 17% free 13325K/16007K, paused 2ms+5ms
07-10 13:50:50.914  4924  4927 D dalvikvm: GC_CONCURRENT freed 702K, 8% free 11516K/12423K, paused 1ms+3ms
07-10 13:51:07.398  4924  4927 D dalvikvm: GC_CONCURRENT freed 721K, 8% free 11508K/12423K, paused 1ms+3ms
07-10 13:51:24.043  4924  4927 D dalvikvm: GC_CONCURRENT freed 724K, 8% free 11519K/12423K, paused 2ms+4ms
07-10 13:51:42.816  4924  4927 D dalvikvm: GC_CONCURRENT freed 797K, 8% free 11527K/12423K, paused 18ms+4ms
07-10 13:51:57.004   227   229 D dalvikvm: GC_CONCURRENT freed 573K, 37% free 11108K/17543K, paused 1ms+5ms
07-10 13:52:00.937  4924  4927 D dalvikvm: GC_CONCURRENT freed 799K, 8% free 11509K/12423K, paused 2ms+3ms
07-10 13:52:16.988  4924  4927 D dalvikvm: GC_CONCURRENT freed 697K, 8% free 11517K/12423K, paused 2ms+2ms
07-10 13:52:22.238  4382  4395 I PhoneLab-: Service Running
07-10 13:52:22.394  4382  4395 I PhoneLab-LoggerService: app_36    1027  1     1440   1068  c00f181c 400107b4 S logcat
07-10 13:52:22.394  4382  4395 I PhoneLab-LoggerService: Logcat pid from database 1027
07-10 13:52:22.398  4382  4395 I PhoneLab-LoggerService: Logcat process found 1027
07-10 13:52:22.398  4382  4395 I PhoneLab-LoggerService: Checking Threshold
07-10 13:52:32.992  4924  4927 D dalvikvm: GC_CONCURRENT freed 719K, 8% free 11507K/12423K, paused 7ms+3ms
07-10 13:52:49.488  4924  4927 D dalvikvm: GC_CONCURRENT freed 712K, 8% free 11508K/12423K, paused 2ms+4ms
07-10 13:53:06.105  4924  4927 D dalvikvm: GC_CONCURRENT freed 723K, 8% free 11521K/12423K, paused 3ms+3ms
07-10 13:53:24.847  4924  4927 D dalvikvm: GC_CONCURRENT freed 790K, 8% free 11526K/12423K, paused 2ms+3ms
07-10 13:53:42.008  4924  4927 D dalvikvm: GC_CONCURRENT freed 787K, 8% free 11509K/12423K, paused 2ms+10ms
07-10 13:53:54.496   157  4922 D dalvikvm: GC_EXPLICIT freed 928K, 17% free 13310K/16007K, paused 3ms+6ms
07-10 13:53:58.195  4924  4927 D dalvikvm: GC_CONCURRENT freed 708K, 8% free 11509K/12423K, paused 2ms+4ms
