07-12 05:12:42.176   157   213 D ConnectivityService: Attempting to switch to BLUETOOTH_TETHER
07-12 05:12:42.235   157   209 D NetworkPolicy: applying policy NetworkPolicy[NetworkTemplate: matchRule=MOBILE_ALL, subscriberId=valid]: cycleDay=28, warningBytes=2147483648, limitBytes=-1, lastSnooze=-1 to ifaces [rmnet0]
07-12 05:12:42.262   157   209 D NetworkPolicy: applying policy NetworkPolicy[NetworkTemplate: matchRule=MOBILE_ALL, subscriberId=valid]: cycleDay=28, warningBytes=2147483648, limitBytes=-1, lastSnooze=-1 to ifaces [rmnet0]
07-12 05:12:45.215   157   217 D Tethering: MasterInitialState.processMessage what=3
07-12 05:12:45.274  7248  7261 D PicasaSyncManager: active network: NetworkInfo: type: mobile[CDMA - EvDo rev. A], state: CONNECTED/CONNECTED, reason: (unspecified), extra: , roaming: false, failover: false, isAvailable: true
07-12 05:12:45.277  7248  7261 D PicasaSyncManager: background data: true
07-12 05:12:45.277   157   217 D Tethering: MasterInitialState.processMessage what=3
07-12 05:12:45.305  9960  9960 I MediaUploader: No need to wake up
07-12 05:12:45.352  9960  9960 I MediaUploader: No need to wake up
07-12 05:12:45.363  7248  7261 D PicasaSyncManager: active network: NetworkInfo: type: mobile[CDMA - EvDo rev. A], state: CONNECTED/CONNECTED, reason: (unspecified), extra: , roaming: false, failover: false, isAvailable: true
07-12 05:12:45.367  7248  7261 D PicasaSyncManager: background data: true
07-12 05:12:45.762   157   213 D ConnectivityService: handleInetConditionHoldEnd: net=0, condition=100, published condition=100
07-12 05:12:45.902  1102  1102 I wpa_supplicant: wlan0: Authentication with 00:23:69:fc:ab:f1 timed out.
07-12 05:12:47.445  1102  1102 I wpa_supplicant: wlan0: Trying to associate with 00:23:69:fc:ab:f1 (SSID='H2G2' freq=2437 MHz)
07-12 05:12:47.797    75   114 D NetlinkEvent: Unexpected netlink message. type=0xf
07-12 05:12:57.485  1102  1102 I wpa_supplicant: wlan0: Authentication with 00:23:69:fc:ab:f1 timed out.
07-12 05:12:59.027  1102  1102 I wpa_supplicant: wlan0: Trying to associate with 00:23:69:fc:ab:f1 (SSID='H2G2' freq=2437 MHz)
07-12 05:12:59.375    75   114 D NetlinkEvent: Unexpected netlink message. type=0xf
07-12 05:13:09.063  1102  1102 I wpa_supplicant: wlan0: Authentication with 00:23:69:fc:ab:f1 timed out.
07-12 05:13:10.610  1102  1102 I wpa_supplicant: wlan0: Trying to associate with 00:23:69:fc:ab:f1 (SSID='H2G2' freq=2437 MHz)
07-12 05:13:10.953    75   114 D NetlinkEvent: Unexpected netlink message. type=0xf
07-12 05:13:20.649  1102  1102 I wpa_supplicant: wlan0: Authentication with 00:23:69:fc:ab:f1 timed out.
07-12 05:13:22.188  1102  1102 I wpa_supplicant: wlan0: Trying to associate with 00:23:69:fc:ab:f1 (SSID='H2G2' freq=2437 MHz)
07-12 05:13:22.543    75   114 D NetlinkEvent: Unexpected netlink message. type=0xf
07-12 05:13:32.223  1102  1102 I wpa_supplicant: wlan0: Authentication with 00:23:69:fc:ab:f1 timed out.
07-12 05:13:33.762  1102  1102 I wpa_supplicant: wlan0: Trying to associate with 00:23:69:fc:ab:f1 (SSID='H2G2' freq=2437 MHz)
07-12 05:13:34.137    75   114 D NetlinkEvent: Unexpected netlink message. type=0xf
07-12 05:13:37.973  9739  9752 I PhoneLab-: Service Running
07-12 05:13:38.047  9739  9752 I PhoneLab-LoggerService: app_36    1027  1     1440   1072  c00f181c 400107b4 S logcat
07-12 05:13:38.047  9739  9752 I PhoneLab-LoggerService: Logcat pid from database 1027
07-12 05:13:38.047  9739  9752 I PhoneLab-LoggerService: Logcat process found 1027
07-12 05:13:38.047  9739  9752 I PhoneLab-LoggerService: Checking Threshold
07-12 05:13:38.047  9739  9752 I PhoneLab-LoggerService: Starting to rename files
07-12 05:13:38.047  9739  9752 I PhoneLab-LoggerService: Files found .. 2
07-12 05:13:38.047  9739  9752 I PhoneLab-LoggerService: File 1 log.out.1
07-12 05:13:38.055  9739  9752 I PhoneLab-LoggerService: Renamed successfully
07-12 05:13:43.797  1102  1102 I wpa_supplicant: wlan0: Authentication with 00:23:69:fc:ab:f1 timed out.
07-12 05:13:45.336  1102  1102 I wpa_supplicant: wlan0: Trying to associate with 00:23:69:fc:ab:f1 (SSID='H2G2' freq=2437 MHz)
07-12 05:13:45.688    75   114 D NetlinkEvent: Unexpected netlink message. type=0xf
07-12 05:13:55.367  1102  1102 I wpa_supplicant: wlan0: Authentication with 00:23:69:fc:ab:f1 timed out.
07-12 05:13:56.910  1102  1102 I wpa_supplicant: wlan0: Trying to associate with 00:23:69:fc:ab:f1 (SSID='H2G2' freq=2437 MHz)
07-12 05:13:57.297    75   114 D NetlinkEvent: Unexpected netlink message. type=0xf
07-12 05:14:06.945  1102  1102 I wpa_supplicant: wlan0: Authentication with 00:23:69:fc:ab:f1 timed out.
07-12 05:14:08.485  1102  1102 I wpa_supplicant: wlan0: Trying to associate with 00:23:69:fc:ab:f1 (SSID='H2G2' freq=2437 MHz)
07-12 05:14:08.832    75   114 D NetlinkEvent: Unexpected netlink message. type=0xf
07-12 05:14:18.520  1102  1102 I wpa_supplicant: wlan0: Authentication with 00:23:69:fc:ab:f1 timed out.
07-12 05:14:20.059  1102  1102 I wpa_supplicant: wlan0: Trying to associate with 00:23:69:fc:ab:f1 (SSID='H2G2' freq=2437 MHz)
07-12 05:14:20.414    75   114 D NetlinkEvent: Unexpected netlink message. type=0xf
07-12 05:14:30.102  1102  1102 I wpa_supplicant: wlan0: Authentication with 00:23:69:fc:ab:f1 timed out.
07-12 05:14:31.641  1102  1102 I wpa_supplicant: wlan0: Trying to associate with 00:23:69:fc:ab:f1 (SSID='H2G2' freq=2437 MHz)
07-12 05:14:31.988    75   114 D NetlinkEvent: Unexpected netlink message. type=0xf
07-12 05:14:41.668  1102  1102 I wpa_supplicant: wlan0: Authentication with 00:23:69:fc:ab:f1 timed out.
07-12 05:14:43.215  1102  1102 I wpa_supplicant: wlan0: Trying to associate with 00:23:69:fc:ab:f1 (SSID='H2G2' freq=2437 MHz)
07-12 05:14:43.555    75   114 D NetlinkEvent: Unexpected netlink message. type=0xf
07-12 05:14:53.238  1102  1102 I wpa_supplicant: wlan0: Authentication with 00:23:69:fc:ab:f1 timed out.
07-12 05:14:54.785  1102  1102 I wpa_supplicant: wlan0: Trying to associate with 00:23:69:fc:ab:f1 (SSID='H2G2' freq=2437 MHz)
07-12 05:14:55.125    75   114 D NetlinkEvent: Unexpected netlink message. type=0xf
07-12 05:15:04.813  1102  1102 I wpa_supplicant: wlan0: Authentication with 00:23:69:fc:ab:f1 timed out.
07-12 05:15:06.356  1102  1102 I wpa_supplicant: wlan0: Trying to associate with 00:23:69:fc:ab:f1 (SSID='H2G2' freq=2437 MHz)
07-12 05:15:06.707    75   114 D NetlinkEvent: Unexpected netlink message. type=0xf
07-12 05:15:16.395  1102  1102 I wpa_supplicant: wlan0: Authentication with 00:23:69:fc:ab:f1 timed out.
07-12 05:15:17.934  1102  1102 I wpa_supplicant: wlan0: Trying to associate with 00:23:69:fc:ab:f1 (SSID='H2G2' freq=2437 MHz)
07-12 05:15:18.274    75   114 D NetlinkEvent: Unexpected netlink message. type=0xf
07-12 05:15:27.961  1102  1102 I wpa_supplicant: wlan0: Authentication with 00:23:69:fc:ab:f1 timed out.
07-12 05:15:29.500  1102  1102 I wpa_supplicant: wlan0: Trying to associate with 00:23:69:fc:ab:f1 (SSID='H2G2' freq=2437 MHz)
07-12 05:15:29.840    75   114 D NetlinkEvent: Unexpected netlink message. type=0xf
07-12 05:15:37.973  9739  9752 I PhoneLab-: Service Running
07-12 05:15:38.063  9739  9752 I PhoneLab-LoggerService: app_36    1027  1     1440   1072  c00f181c 400107b4 S logcat
07-12 05:15:38.063  9739  9752 I PhoneLab-LoggerService: Logcat pid from database 1027
07-12 05:15:38.063  9739  9752 I PhoneLab-LoggerService: Logcat process found 1027
07-12 05:15:38.063  9739  9752 I PhoneLab-LoggerService: Checking Threshold
07-12 05:15:38.063  9739  9752 I PhoneLab-LoggerService: Starting to rename files
07-12 05:15:38.063  9739  9752 I PhoneLab-LoggerService: Files found .. 2
07-12 05:15:39.531  1102  1102 I wpa_supplicant: wlan0: Authentication with 00:23:69:fc:ab:f1 timed out.
07-12 05:15:41.078  1102  1102 I wpa_supplicant: wlan0: Trying to associate with 00:23:69:fc:ab:f1 (SSID='H2G2' freq=2437 MHz)
07-12 05:15:41.414    75   114 D NetlinkEvent: Unexpected netlink message. type=0xf
07-12 05:15:51.098  1102  1102 I wpa_supplicant: wlan0: Authentication with 00:23:69:fc:ab:f1 timed out.
07-12 05:15:52.641  1102  1102 I wpa_supplicant: wlan0: Trying to associate with 00:23:69:fc:ab:f1 (SSID='H2G2' freq=2437 MHz)
07-12 05:15:52.985    75   114 D NetlinkEvent: Unexpected netlink message. type=0xf
07-12 05:16:02.668  1102  1102 I wpa_supplicant: wlan0: Authentication with 00:23:69:fc:ab:f1 timed out.
07-12 05:16:04.207  1102  1102 I wpa_supplicant: wlan0: Trying to associate with 00:23:69:fc:ab:f1 (SSID='H2G2' freq=2437 MHz)
07-12 05:16:04.317  8339  8342 D dalvikvm: GC_CONCURRENT freed 485K, 7% free 10897K/11655K, paused 2ms+4ms
07-12 05:16:04.551    75   114 D NetlinkEvent: Unexpected netlink message. type=0xf
07-12 05:16:14.238  1102  1102 I wpa_supplicant: wlan0: Authentication with 00:23:69:fc:ab:f1 timed out.
07-12 05:16:15.781  1102  1102 I wpa_supplicant: wlan0: Trying to associate with 00:23:69:fc:ab:f1 (SSID='H2G2' freq=2437 MHz)
07-12 05:16:16.121    75   114 D NetlinkEvent: Unexpected netlink message. type=0xf
07-12 05:16:25.809  1102  1102 I wpa_supplicant: wlan0: Authentication with 00:23:69:fc:ab:f1 timed out.
07-12 05:16:27.348  1102  1102 I wpa_supplicant: wlan0: Trying to associate with 00:23:69:fc:ab:f1 (SSID='H2G2' freq=2437 MHz)
07-12 05:16:27.695    75   114 D NetlinkEvent: Unexpected netlink message. type=0xf
07-12 05:16:37.383  1102  1102 I wpa_supplicant: wlan0: Authentication with 00:23:69:fc:ab:f1 timed out.
07-12 05:16:38.926  1102  1102 I wpa_supplicant: wlan0: Trying to associate with 00:23:69:fc:ab:f1 (SSID='H2G2' freq=2437 MHz)
07-12 05:16:39.270    75   114 D NetlinkEvent: Unexpected netlink message. type=0xf
07-12 05:16:48.961  1102  1102 I wpa_supplicant: wlan0: Authentication with 00:23:69:fc:ab:f1 timed out.
07-12 05:16:50.504  1102  1102 I wpa_supplicant: wlan0: Trying to associate with 00:23:69:fc:ab:f1 (SSID='H2G2' freq=2437 MHz)
07-12 05:16:50.844    75   114 D NetlinkEvent: Unexpected netlink message. type=0xf
07-12 05:17:00.527  1102  1102 I wpa_supplicant: wlan0: Authentication with 00:23:69:fc:ab:f1 timed out.
07-12 05:17:02.074  1102  1102 I wpa_supplicant: wlan0: Trying to associate with 00:23:69:fc:ab:f1 (SSID='H2G2' freq=2437 MHz)
07-12 05:17:02.418    75   114 D NetlinkEvent: Unexpected netlink message. type=0xf
07-12 05:17:12.102  1102  1102 I wpa_supplicant: wlan0: Authentication with 00:23:69:fc:ab:f1 timed out.
07-12 05:17:12.348   441   444 D dalvikvm: GC_CONCURRENT freed 383K, 7% free 9741K/10375K, paused 3ms+3ms
07-12 05:17:13.649  1102  1102 I wpa_supplicant: wlan0: Trying to associate with 00:23:69:fc:ab:f1 (SSID='H2G2' freq=2437 MHz)
07-12 05:17:23.684  1102  1102 I wpa_supplicant: wlan0: Authentication with 00:23:69:fc:ab:f1 timed out.
07-12 05:17:25.227  1102  1102 I wpa_supplicant: wlan0: Trying to associate with 00:23:69:fc:ab:f1 (SSID='H2G2' freq=2437 MHz)
07-12 05:17:25.570    75   114 D NetlinkEvent: Unexpected netlink message. type=0xf
07-12 05:17:28.949  9739  9739 I PhoneLab-Locks: wake lock acquired
07-12 05:17:28.977  9739  9739 I PhoneLab-StatusMonitor: Status Monitoring is started
07-12 05:17:29.035  9739  9741 D dalvikvm: GC_CONCURRENT freed 467K, 17% free 9610K/11463K, paused 2ms+3ms
07-12 05:17:29.043  9739  9739 I PhoneLab-StatusMonitor: Value: 10 - unit: min
07-12 05:17:29.043  9739  9739 I PhoneLab-StatusMonitor: Running interval: 600000
07-12 05:17:29.063  9739  9739 I PhoneLab-StatusMonitor: Rescheduling status monitoring...
07-12 05:17:29.063  9739  9739 I PhoneLab-Locks: wake lock released
07-12 05:17:29.074  9739  9739 I PhoneLab-StatusMonitorLocation: Learning Location
07-12 05:17:29.074  9739  9739 I PhoneLab-Locks: wake lock acquired
07-12 05:17:29.082  9739  9739 I PhoneLab-Locks: wake lock acquired
07-12 05:17:29.090  9739  9739 I PhoneLab-StatusMonitorLocation: Learning Signal Strgth
07-12 05:17:29.090  9739  9739 I PhoneLab-Locks: wake lock acquired
07-12 05:17:29.090  8339  8364 D androidNetworkLocationListeners: Still have listener com.google.android.location.internal.client.NetworkLocationClient$1@41305f30
07-12 05:17:29.156   157   159 D dalvikvm: GC_CONCURRENT freed 1162K, 23% free 15102K/19399K, paused 3ms+9ms
07-12 05:17:29.188  8339  8364 D androidNetworkLocationListeners: Still have listener com.google.android.location.internal.client.NetworkLocationClient$1@41305f30
07-12 05:17:29.195  9739  9739 I PhoneLab-StatusMonitorBattery: Battery_level: 98
07-12 05:17:29.195  9739  9739 I PhoneLab-Locks: wake lock released
07-12 05:17:29.199  9739  9739 I PhoneLab-StatusMonitorSignal: Signal_Strength: -86 asu: 14
07-12 05:17:29.199  9739  9739 I PhoneLab-Locks: wake lock released
07-12 05:17:29.270  9739  9739 I PhoneLab-StatusMonitorLocation: Location_Latitude: 42.9651817 Longitude: -78.815159 Accuracy: 23.0
07-12 05:17:29.274  9739  9739 I PhoneLab-Locks: wake lock released
07-12 05:17:29.277  8339  8364 D androidNetworkLocationListeners: Still have listener com.google.android.location.internal.client.NetworkLocationClient$1@41305f30
07-12 05:17:34.293  8339  8361 D WifiLocator: Too many no-location APs. Will not compute a location nor go to the server. hasLocation=0 noLocation=0 cacheMiss=0
07-12 05:17:35.254  1102  1102 I wpa_supplicant: wlan0: Authentication with 00:23:69:fc:ab:f1 timed out.
07-12 05:17:36.797  1102  1102 I wpa_supplicant: wlan0: Trying to associate with 00:23:69:fc:ab:f1 (SSID='H2G2' freq=2437 MHz)
07-12 05:17:37.141    75   114 D NetlinkEvent: Unexpected netlink message. type=0xf
07-12 05:17:37.973  9739  9752 I PhoneLab-: Service Running
07-12 05:17:38.063  9739  9752 I PhoneLab-LoggerService: app_36    1027  1     1440   1072  c00f181c 400107b4 S logcat
07-12 05:17:38.067  9739  9752 I PhoneLab-LoggerService: Logcat pid from database 1027
07-12 05:17:38.067  9739  9752 I PhoneLab-LoggerService: Logcat process found 1027
07-12 05:17:38.067  9739  9752 I PhoneLab-LoggerService: Checking Threshold
07-12 05:17:38.067  9739  9752 I PhoneLab-LoggerService: Starting to rename files
07-12 05:17:38.067  9739  9752 I PhoneLab-LoggerService: Files found .. 2
07-12 05:17:46.832  1102  1102 I wpa_supplicant: wlan0: Authentication with 00:23:69:fc:ab:f1 timed out.
07-12 05:17:48.375  1102  1102 I wpa_supplicant: wlan0: Trying to associate with 00:23:69:fc:ab:f1 (SSID='H2G2' freq=2437 MHz)
07-12 05:17:48.727    75   114 D NetlinkEvent: Unexpected netlink message. type=0xf
07-12 05:17:58.414  1102  1102 I wpa_supplicant: wlan0: Authentication with 00:23:69:fc:ab:f1 timed out.
07-12 05:17:59.953  1102  1102 I wpa_supplicant: wlan0: Trying to associate with 00:23:69:fc:ab:f1 (SSID='H2G2' freq=2437 MHz)
07-12 05:18:00.305    75   114 D NetlinkEvent: Unexpected netlink message. type=0xf
07-12 05:18:09.996  1102  1102 I wpa_supplicant: wlan0: Authentication with 00:23:69:fc:ab:f1 timed out.
07-12 05:18:11.543  1102  1102 I wpa_supplicant: wlan0: Trying to associate with 00:23:69:fc:ab:f1 (SSID='H2G2' freq=2437 MHz)
07-12 05:18:11.891    75   114 D NetlinkEvent: Unexpected netlink message. type=0xf
07-12 05:18:21.574  1102  1102 I wpa_supplicant: wlan0: Authentication with 00:23:69:fc:ab:f1 timed out.
07-12 05:18:23.125  1102  1102 I wpa_supplicant: wlan0: Trying to associate with 00:23:69:fc:ab:f1 (SSID='H2G2' freq=2437 MHz)
07-12 05:18:23.473    75   114 D NetlinkEvent: Unexpected netlink message. type=0xf
07-12 05:18:33.156  1102  1102 I wpa_supplicant: wlan0: Authentication with 00:23:69:fc:ab:f1 timed out.
07-12 05:18:34.699  1102  1102 I wpa_supplicant: wlan0: Trying to associate with 00:23:69:fc:ab:f1 (SSID='H2G2' freq=2437 MHz)
07-12 05:18:35.055    75   114 D NetlinkEvent: Unexpected netlink message. type=0xf
07-12 05:18:44.735  1102  1102 I wpa_supplicant: wlan0: Authentication with 00:23:69:fc:ab:f1 timed out.
07-12 05:18:46.277  1102  1102 I wpa_supplicant: wlan0: Trying to associate with 00:23:69:fc:ab:f1 (SSID='H2G2' freq=2437 MHz)
07-12 05:18:46.625    75   114 D NetlinkEvent: Unexpected netlink message. type=0xf
07-12 05:18:56.309  1102  1102 I wpa_supplicant: wlan0: Authentication with 00:23:69:fc:ab:f1 timed out.
07-12 05:18:57.852  1102  1102 I wpa_supplicant: wlan0: Trying to associate with 00:23:69:fc:ab:f1 (SSID='H2G2' freq=2437 MHz)
07-12 05:18:58.192    75   114 D NetlinkEvent: Unexpected netlink message. type=0xf
07-12 05:19:00.141   385   389 D dalvikvm: GC_CONCURRENT freed 876K, 34% free 11999K/18119K, paused 7ms+7ms
07-12 05:19:07.875  1102  1102 I wpa_supplicant: wlan0: Authentication with 00:23:69:fc:ab:f1 timed out.
07-12 05:19:09.422  1102  1102 I wpa_supplicant: wlan0: Trying to associate with 00:23:69:fc:ab:f1 (SSID='H2G2' freq=2437 MHz)
07-12 05:19:09.770    75   114 D NetlinkEvent: Unexpected netlink message. type=0xf
07-12 05:19:19.461  1102  1102 I wpa_supplicant: wlan0: Authentication with 00:23:69:fc:ab:f1 timed out.
07-12 05:19:21.000  1102  1102 I wpa_supplicant: wlan0: Trying to associate with 00:23:69:fc:ab:f1 (SSID='H2G2' freq=2437 MHz)
07-12 05:19:21.352    75   114 D NetlinkEvent: Unexpected netlink message. type=0xf
07-12 05:19:31.043  1102  1102 I wpa_supplicant: wlan0: Authentication with 00:23:69:fc:ab:f1 timed out.
07-12 05:19:32.586  1102  1102 I wpa_supplicant: wlan0: Trying to associate with 00:23:69:fc:ab:f1 (SSID='H2G2' freq=2437 MHz)
07-12 05:19:32.926    75   114 D NetlinkEvent: Unexpected netlink message. type=0xf
07-12 05:19:37.973  9739  9752 I PhoneLab-: Service Running
07-12 05:19:38.047  9739  9752 I PhoneLab-LoggerService: app_36    1027  1     1440   1072  c00f181c 400107b4 S logcat
07-12 05:19:38.047  9739  9752 I PhoneLab-LoggerService: Logcat pid from database 1027
07-12 05:19:38.047  9739  9752 I PhoneLab-LoggerService: Logcat process found 1027
07-12 05:19:38.047  9739  9752 I PhoneLab-LoggerService: Checking Threshold
07-12 05:19:38.047  9739  9752 I PhoneLab-LoggerService: Starting to rename files
07-12 05:19:38.047  9739  9752 I PhoneLab-LoggerService: Files found .. 2
07-12 05:19:42.610  1102  1102 I wpa_supplicant: wlan0: Authentication with 00:23:69:fc:ab:f1 timed out.
07-12 05:19:44.156  1102  1102 I wpa_supplicant: wlan0: Trying to associate with 00:23:69:fc:ab:f1 (SSID='H2G2' freq=2437 MHz)
07-12 05:19:44.531    75   114 D NetlinkEvent: Unexpected netlink message. type=0xf
07-12 05:19:54.195  1102  1102 I wpa_supplicant: wlan0: Authentication with 00:23:69:fc:ab:f1 timed out.
07-12 05:19:55.738  1102  1102 I wpa_supplicant: wlan0: Trying to associate with 00:23:69:fc:ab:f1 (SSID='H2G2' freq=2437 MHz)
07-12 05:19:56.086    75   114 D NetlinkEvent: Unexpected netlink message. type=0xf
07-12 05:20:05.774  1102  1102 I wpa_supplicant: wlan0: Authentication with 00:23:69:fc:ab:f1 timed out.
07-12 05:20:07.317  1102  1102 I wpa_supplicant: wlan0: Trying to associate with 00:23:69:fc:ab:f1 (SSID='H2G2' freq=2437 MHz)
07-12 05:20:07.656    75   114 D NetlinkEvent: Unexpected netlink message. type=0xf
07-12 05:20:17.344  1102  1102 I wpa_supplicant: wlan0: Authentication with 00:23:69:fc:ab:f1 timed out.
07-12 05:20:18.887  1102  1102 I wpa_supplicant: wlan0: Trying to associate with 00:23:69:fc:ab:f1 (SSID='H2G2' freq=2437 MHz)
07-12 05:20:19.266    75   114 D NetlinkEvent: Unexpected netlink message. type=0xf
07-12 05:20:28.926  1102  1102 I wpa_supplicant: wlan0: Authentication with 00:23:69:fc:ab:f1 timed out.
07-12 05:20:30.461  1102  1102 I wpa_supplicant: wlan0: Trying to associate with 00:23:69:fc:ab:f1 (SSID='H2G2' freq=2437 MHz)
07-12 05:20:30.805    75   114 D NetlinkEvent: Unexpected netlink message. type=0xf
07-12 05:20:40.492  1102  1102 I wpa_supplicant: wlan0: Authentication with 00:23:69:fc:ab:f1 timed out.
07-12 05:20:42.031  1102  1102 I wpa_supplicant: wlan0: Trying to associate with 00:23:69:fc:ab:f1 (SSID='H2G2' freq=2437 MHz)
07-12 05:20:42.379    75   114 D NetlinkEvent: Unexpected netlink message. type=0xf
07-12 05:20:52.063  1102  1102 I wpa_supplicant: wlan0: Authentication with 00:23:69:fc:ab:f1 timed out.
07-12 05:20:53.610  1102  1102 I wpa_supplicant: wlan0: Trying to associate with 00:23:69:fc:ab:f1 (SSID='H2G2' freq=2437 MHz)
07-12 05:20:53.953    75   114 D NetlinkEvent: Unexpected netlink message. type=0xf
07-12 05:21:03.637  1102  1102 I wpa_supplicant: wlan0: Authentication with 00:23:69:fc:ab:f1 timed out.
07-12 05:21:05.176  1102  1102 I wpa_supplicant: wlan0: Trying to associate with 00:23:69:fc:ab:f1 (SSID='H2G2' freq=2437 MHz)
07-12 05:21:05.520    75   114 D NetlinkEvent: Unexpected netlink message. type=0xf
07-12 05:21:15.207  1102  1102 I wpa_supplicant: wlan0: Authentication with 00:23:69:fc:ab:f1 timed out.
07-12 05:21:16.750  1102  1102 I wpa_supplicant: wlan0: Trying to associate with 00:23:69:fc:ab:f1 (SSID='H2G2' freq=2437 MHz)
07-12 05:21:17.094    75   114 D NetlinkEvent: Unexpected netlink message. type=0xf
07-12 05:21:26.785  1102  1102 I wpa_supplicant: wlan0: Authentication with 00:23:69:fc:ab:f1 timed out.
07-12 05:21:28.324  1102  1102 I wpa_supplicant: wlan0: Trying to associate with 00:23:69:fc:ab:f1 (SSID='H2G2' freq=2437 MHz)
07-12 05:21:28.672    75   114 D NetlinkEvent: Unexpected netlink message. type=0xf
07-12 05:21:37.973  9739  9752 I PhoneLab-: Service Running
07-12 05:21:38.055  9739  9752 I PhoneLab-LoggerService: app_36    1027  1     1440   1072  c00f181c 400107b4 S logcat
07-12 05:21:38.055  9739  9752 I PhoneLab-LoggerService: Logcat pid from database 1027
07-12 05:21:38.055  9739  9752 I PhoneLab-LoggerService: Logcat process found 1027
07-12 05:21:38.055  9739  9752 I PhoneLab-LoggerService: Checking Threshold
07-12 05:21:38.055  9739  9752 I PhoneLab-LoggerService: Starting to rename files
07-12 05:21:38.059  9739  9752 I PhoneLab-LoggerService: Files found .. 2
07-12 05:21:38.360  1102  1102 I wpa_supplicant: wlan0: Authentication with 00:23:69:fc:ab:f1 timed out.
07-12 05:21:39.903  1102  1102 I wpa_supplicant: wlan0: Trying to associate with 00:23:69:fc:ab:f1 (SSID='H2G2' freq=2437 MHz)
07-12 05:21:40.242    75   114 D NetlinkEvent: Unexpected netlink message. type=0xf
07-12 05:21:49.934  1102  1102 I wpa_supplicant: wlan0: Authentication with 00:23:69:fc:ab:f1 timed out.
07-12 05:21:51.473  1102  1102 I wpa_supplicant: wlan0: Trying to associate with 00:23:69:fc:ab:f1 (SSID='H2G2' freq=2437 MHz)
07-12 05:21:51.824    75   114 D NetlinkEvent: Unexpected netlink message. type=0xf
07-12 05:22:01.508  1102  1102 I wpa_supplicant: wlan0: Authentication with 00:23:69:fc:ab:f1 timed out.
07-12 05:22:03.047  1102  1102 I wpa_supplicant: wlan0: Trying to associate with 00:23:69:fc:ab:f1 (SSID='H2G2' freq=2437 MHz)
07-12 05:22:03.399    75   114 D NetlinkEvent: Unexpected netlink message. type=0xf
07-12 05:22:13.086  1102  1102 I wpa_supplicant: wlan0: Authentication with 00:23:69:fc:ab:f1 timed out.
07-12 05:22:14.625  1102  1102 I wpa_supplicant: wlan0: Trying to associate with 00:23:69:fc:ab:f1 (SSID='H2G2' freq=2437 MHz)
07-12 05:22:14.973    75   114 D NetlinkEvent: Unexpected netlink message. type=0xf
07-12 05:22:24.656  1102  1102 I wpa_supplicant: wlan0: Authentication with 00:23:69:fc:ab:f1 timed out.
07-12 05:22:26.195  1102  1102 I wpa_supplicant: wlan0: Trying to associate with 00:23:69:fc:ab:f1 (SSID='H2G2' freq=2437 MHz)
07-12 05:22:26.547    75   114 D NetlinkEvent: Unexpected netlink message. type=0xf
07-12 05:22:36.231  1102  1102 I wpa_supplicant: wlan0: Authentication with 00:23:69:fc:ab:f1 timed out.
07-12 05:22:37.774  1102  1102 I wpa_supplicant: wlan0: Trying to associate with 00:23:69:fc:ab:f1 (SSID='H2G2' freq=2437 MHz)
07-12 05:22:38.117    75   114 D NetlinkEvent: Unexpected netlink message. type=0xf
07-12 05:22:47.805  1102  1102 I wpa_supplicant: wlan0: Authentication with 00:23:69:fc:ab:f1 timed out.
07-12 05:22:49.344  1102  1102 I wpa_supplicant: wlan0: Trying to associate with 00:23:69:fc:ab:f1 (SSID='H2G2' freq=2437 MHz)
07-12 05:22:49.692    75   114 D NetlinkEvent: Unexpected netlink message. type=0xf
07-12 05:22:59.383  1102  1102 I wpa_supplicant: wlan0: Authentication with 00:23:69:fc:ab:f1 timed out.
07-12 05:23:00.160   227   229 D dalvikvm: GC_CONCURRENT freed 399K, 46% free 10253K/18887K, paused 2ms+6ms
07-12 05:23:00.926  1102  1102 I wpa_supplicant: wlan0: Trying to associate with 00:23:69:fc:ab:f1 (SSID='H2G2' freq=2437 MHz)
07-12 05:23:01.266    75   114 D NetlinkEvent: Unexpected netlink message. type=0xf
07-12 05:23:10.957  1102  1102 I wpa_supplicant: wlan0: Authentication with 00:23:69:fc:ab:f1 timed out.
07-12 05:23:12.508  1102  1102 I wpa_supplicant: wlan0: Trying to associate with 00:23:69:fc:ab:f1 (SSID='H2G2' freq=2437 MHz)
07-12 05:23:12.852    75   114 D NetlinkEvent: Unexpected netlink message. type=0xf
07-12 05:23:22.535  1102  1102 I wpa_supplicant: wlan0: Authentication with 00:23:69:fc:ab:f1 timed out.
07-12 05:23:24.078  1102  1102 I wpa_supplicant: wlan0: Trying to associate with 00:23:69:fc:ab:f1 (SSID='H2G2' freq=2437 MHz)
07-12 05:23:24.430    75   114 D NetlinkEvent: Unexpected netlink message. type=0xf
07-12 05:23:34.113  1102  1102 I wpa_supplicant: wlan0: Authentication with 00:23:69:fc:ab:f1 timed out.
07-12 05:23:35.664  1102  1102 I wpa_supplicant: wlan0: Trying to associate with 00:23:69:fc:ab:f1 (SSID='H2G2' freq=2437 MHz)
07-12 05:23:36.004    75   114 D NetlinkEvent: Unexpected netlink message. type=0xf
07-12 05:23:37.973  9739  9752 I PhoneLab-: Service Running
07-12 05:23:38.055  9739  9752 I PhoneLab-LoggerService: app_36    1027  1     1440   1072  c00f181c 400107b4 S logcat
07-12 05:23:38.055  9739  9752 I PhoneLab-LoggerService: Logcat pid from database 1027
07-12 05:23:38.055  9739  9752 I PhoneLab-LoggerService: Logcat process found 1027
07-12 05:23:38.055  9739  9752 I PhoneLab-LoggerService: Checking Threshold
07-12 05:23:38.055  9739  9752 I PhoneLab-LoggerService: Starting to rename files
07-12 05:23:38.059  9739  9752 I PhoneLab-LoggerService: Files found .. 2
07-12 05:23:45.692  1102  1102 I wpa_supplicant: wlan0: Authentication with 00:23:69:fc:ab:f1 timed out.
07-12 05:23:47.235  1102  1102 I wpa_supplicant: wlan0: Trying to associate with 00:23:69:fc:ab:f1 (SSID='H2G2' freq=2437 MHz)
07-12 05:23:47.590    75   114 D NetlinkEvent: Unexpected netlink message. type=0xf
07-12 05:23:51.778  8339  8342 D dalvikvm: GC_CONCURRENT freed 498K, 7% free 10910K/11655K, paused 2ms+5ms
07-12 05:23:57.274  1102  1102 I wpa_supplicant: wlan0: Authentication with 00:23:69:fc:ab:f1 timed out.
07-12 05:23:58.817  1102  1102 I wpa_supplicant: wlan0: Trying to associate with 00:23:69:fc:ab:f1 (SSID='H2G2' freq=2437 MHz)
07-12 05:23:59.164    75   114 D NetlinkEvent: Unexpected netlink message. type=0xf
07-12 05:24:08.852  1102  1102 I wpa_supplicant: wlan0: Authentication with 00:23:69:fc:ab:f1 timed out.
07-12 05:24:10.391  1102  1102 I wpa_supplicant: wlan0: Trying to associate with 00:23:69:fc:ab:f1 (SSID='H2G2' freq=2437 MHz)
07-12 05:24:10.735    75   114 D NetlinkEvent: Unexpected netlink message. type=0xf
07-12 05:24:20.426  1102  1102 I wpa_supplicant: wlan0: Authentication with 00:23:69:fc:ab:f1 timed out.
07-12 05:24:22.008  1102  1102 I wpa_supplicant: wlan0: Trying to associate with 00:23:69:fc:ab:f1 (SSID='H2G2' freq=2437 MHz)
07-12 05:24:22.363    75   114 D NetlinkEvent: Unexpected netlink message. type=0xf
07-12 05:24:32.031  1102  1102 I wpa_supplicant: wlan0: Authentication with 00:23:69:fc:ab:f1 timed out.
07-12 05:24:33.582  1102  1102 I wpa_supplicant: wlan0: Trying to associate with 00:23:69:fc:ab:f1 (SSID='H2G2' freq=2437 MHz)
07-12 05:24:33.930    75   114 D NetlinkEvent: Unexpected netlink message. type=0xf
07-12 05:24:43.613  1102  1102 I wpa_supplicant: wlan0: Authentication with 00:23:69:fc:ab:f1 timed out.
07-12 05:24:45.160  1102  1102 I wpa_supplicant: wlan0: Trying to associate with 00:23:69:fc:ab:f1 (SSID='H2G2' freq=2437 MHz)
07-12 05:24:45.500    75   114 D NetlinkEvent: Unexpected netlink message. type=0xf
07-12 05:24:55.188  1102  1102 I wpa_supplicant: wlan0: Authentication with 00:23:69:fc:ab:f1 timed out.
07-12 05:24:56.727  1102  1102 I wpa_supplicant: wlan0: Trying to associate with 00:23:69:fc:ab:f1 (SSID='H2G2' freq=2437 MHz)
07-12 05:24:57.078    75   114 D NetlinkEvent: Unexpected netlink message. type=0xf
07-12 05:25:06.766  1102  1102 I wpa_supplicant: wlan0: Authentication with 00:23:69:fc:ab:f1 timed out.
07-12 05:25:08.305  1102  1102 I wpa_supplicant: wlan0: Trying to associate with 00:23:69:fc:ab:f1 (SSID='H2G2' freq=2437 MHz)
07-12 05:25:08.656    75   114 D NetlinkEvent: Unexpected netlink message. type=0xf
07-12 05:25:12.313   356   359 D dalvikvm: GC_CONCURRENT freed 760K, 14% free 11685K/13447K, paused 13ms+3ms
07-12 05:25:18.344  1102  1102 I wpa_supplicant: wlan0: Authentication with 00:23:69:fc:ab:f1 timed out.
07-12 05:25:19.891  1102  1102 I wpa_supplicant: wlan0: Trying to associate with 00:23:69:fc:ab:f1 (SSID='H2G2' freq=2437 MHz)
07-12 05:25:20.246    75   114 D NetlinkEvent: Unexpected netlink message. type=0xf
07-12 05:25:29.934  1102  1102 I wpa_supplicant: wlan0: Authentication with 00:23:69:fc:ab:f1 timed out.
07-12 05:25:31.477  1102  1102 I wpa_supplicant: wlan0: Trying to associate with 00:23:69:fc:ab:f1 (SSID='H2G2' freq=2437 MHz)
07-12 05:25:31.828    75   114 D NetlinkEvent: Unexpected netlink message. type=0xf
07-12 05:25:37.973  9739  9752 I PhoneLab-: Service Running
07-12 05:25:38.074  9739  9741 D dalvikvm: GC_CONCURRENT freed 439K, 17% free 9567K/11463K, paused 2ms+4ms
07-12 05:25:38.078  9739  9752 I PhoneLab-LoggerService: app_36    1027  1     1440   1072  c00f181c 400107b4 S logcat
07-12 05:25:38.078  9739  9752 I PhoneLab-LoggerService: Logcat pid from database 1027
07-12 05:25:38.078  9739  9752 I PhoneLab-LoggerService: Logcat process found 1027
07-12 05:25:38.078  9739  9752 I PhoneLab-LoggerService: Checking Threshold
07-12 05:25:38.078  9739  9752 I PhoneLab-LoggerService: Starting to rename files
07-12 05:25:38.078  9739  9752 I PhoneLab-LoggerService: Files found .. 2
07-12 05:25:41.508  1102  1102 I wpa_supplicant: wlan0: Authentication with 00:23:69:fc:ab:f1 timed out.
07-12 05:25:43.051  1102  1102 I wpa_supplicant: wlan0: Trying to associate with 00:23:69:fc:ab:f1 (SSID='H2G2' freq=2437 MHz)
07-12 05:25:43.195   157   159 D dalvikvm: GC_CONCURRENT freed 1296K, 22% free 15203K/19399K, paused 10ms+10ms
07-12 05:25:43.399    75   114 D NetlinkEvent: Unexpected netlink message. type=0xf
07-12 05:25:53.078  1102  1102 I wpa_supplicant: wlan0: Authentication with 00:23:69:fc:ab:f1 timed out.
07-12 05:25:54.625  1102  1102 I wpa_supplicant: wlan0: Trying to associate with 00:23:69:fc:ab:f1 (SSID='H2G2' freq=2437 MHz)
07-12 05:25:54.965    75   114 D NetlinkEvent: Unexpected netlink message. type=0xf
07-12 05:26:04.653  1102  1102 I wpa_supplicant: wlan0: Authentication with 00:23:69:fc:ab:f1 timed out.
07-12 05:26:06.195  1102  1102 I wpa_supplicant: wlan0: Trying to associate with 00:23:69:fc:ab:f1 (SSID='H2G2' freq=2437 MHz)
07-12 05:26:06.543    75   114 D NetlinkEvent: Unexpected netlink message. type=0xf
07-12 05:26:16.231  1102  1102 I wpa_supplicant: wlan0: Authentication with 00:23:69:fc:ab:f1 timed out.
07-12 05:26:17.770  1102  1102 I wpa_supplicant: wlan0: Trying to associate with 00:23:69:fc:ab:f1 (SSID='H2G2' freq=2437 MHz)
07-12 05:26:18.117    75   114 D NetlinkEvent: Unexpected netlink message. type=0xf
07-12 05:26:27.801  1102  1102 I wpa_supplicant: wlan0: Authentication with 00:23:69:fc:ab:f1 timed out.
07-12 05:26:29.340  1102  1102 I wpa_supplicant: wlan0: Trying to associate with 00:23:69:fc:ab:f1 (SSID='H2G2' freq=2437 MHz)
07-12 05:26:29.684    75   114 D NetlinkEvent: Unexpected netlink message. type=0xf
07-12 05:26:39.371  1102  1102 I wpa_supplicant: wlan0: Authentication with 00:23:69:fc:ab:f1 timed out.
07-12 05:26:40.918  1102  1102 I wpa_supplicant: wlan0: Trying to associate with 00:23:69:fc:ab:f1 (SSID='H2G2' freq=2437 MHz)
07-12 05:26:41.278    75   114 D NetlinkEvent: Unexpected netlink message. type=0xf
07-12 05:26:50.945  1102  1102 I wpa_supplicant: wlan0: Authentication with 00:23:69:fc:ab:f1 timed out.
07-12 05:26:52.492  1102  1102 I wpa_supplicant: wlan0: Trying to associate with 00:23:69:fc:ab:f1 (SSID='H2G2' freq=2437 MHz)
07-12 05:26:52.832    75   114 D NetlinkEvent: Unexpected netlink message. type=0xf
07-12 05:27:02.512  1102  1102 I wpa_supplicant: wlan0: Authentication with 00:23:69:fc:ab:f1 timed out.
07-12 05:27:04.055  1102  1102 I wpa_supplicant: wlan0: Trying to associate with 00:23:69:fc:ab:f1 (SSID='H2G2' freq=2437 MHz)
07-12 05:27:04.410    75   114 D NetlinkEvent: Unexpected netlink message. type=0xf
07-12 05:27:14.090  1102  1102 I wpa_supplicant: wlan0: Authentication with 00:23:69:fc:ab:f1 timed out.
07-12 05:27:15.633  1102  1102 I wpa_supplicant: wlan0: Trying to associate with 00:23:69:fc:ab:f1 (SSID='H2G2' freq=2437 MHz)
07-12 05:27:15.992    75   114 D NetlinkEvent: Unexpected netlink message. type=0xf
07-12 05:27:25.660  1102  1102 I wpa_supplicant: wlan0: Authentication with 00:23:69:fc:ab:f1 timed out.
07-12 05:27:27.199  1102  1102 I wpa_supplicant: wlan0: Trying to associate with 00:23:69:fc:ab:f1 (SSID='H2G2' freq=2437 MHz)
07-12 05:27:27.570    75   114 D NetlinkEvent: Unexpected netlink message. type=0xf
07-12 05:27:29.090  9739  9739 I PhoneLab-Locks: wake lock acquired
07-12 05:27:29.113  9739  9739 I PhoneLab-StatusMonitor: Status Monitoring is started
07-12 05:27:29.168  9739  9741 D dalvikvm: GC_CONCURRENT freed 381K, 16% free 9698K/11463K, paused 2ms+3ms
07-12 05:27:29.172  9739  9739 I PhoneLab-StatusMonitor: Value: 10 - unit: min
07-12 05:27:29.172  9739  9739 I PhoneLab-StatusMonitor: Running interval: 600000
07-12 05:27:29.184  9739  9739 I PhoneLab-StatusMonitor: Rescheduling status monitoring...
07-12 05:27:29.188  9739  9739 I PhoneLab-Locks: wake lock released
07-12 05:27:29.192  9739  9739 I PhoneLab-StatusMonitorLocation: Learning Location
07-12 05:27:29.192  9739  9739 I PhoneLab-Locks: wake lock acquired
07-12 05:27:29.195  9739  9739 I PhoneLab-Locks: wake lock acquired
07-12 05:27:29.203  9739  9739 I PhoneLab-StatusMonitorLocation: Learning Signal Strgth
07-12 05:27:29.203  9739  9739 I PhoneLab-Locks: wake lock acquired
07-12 05:27:29.203  8339  8364 D androidNetworkLocationListeners: Still have listener com.google.android.location.internal.client.NetworkLocationClient$1@41305f30
07-12 05:27:29.215  8339  8364 D androidNetworkLocationListeners: Still have listener com.google.android.location.internal.client.NetworkLocationClient$1@41305f30
07-12 05:27:29.219  9739  9739 I PhoneLab-StatusMonitorBattery: Battery_level: 98
07-12 05:27:29.219  9739  9739 I PhoneLab-Locks: wake lock released
07-12 05:27:29.223  9739  9739 I PhoneLab-StatusMonitorSignal: Signal_Strength: -86 asu: 14
07-12 05:27:29.223  9739  9739 I PhoneLab-Locks: wake lock released
07-12 05:27:29.297  8339  8364 D androidNetworkLocationListeners: Still have listener com.google.android.location.internal.client.NetworkLocationClient$1@41305f30
07-12 05:27:29.297  9739  9739 I PhoneLab-StatusMonitorLocation: Location_Latitude: 42.9651895 Longitude: -78.8151663 Accuracy: 23.0
07-12 05:27:29.297  9739  9739 I PhoneLab-Locks: wake lock released
07-12 05:27:34.371  8339  8361 D WifiLocator: Too many no-location APs. Will not compute a location nor go to the server. hasLocation=0 noLocation=0 cacheMiss=0
07-12 05:27:37.235  1102  1102 I wpa_supplicant: wlan0: Authentication with 00:23:69:fc:ab:f1 timed out.
07-12 05:27:37.973  9739  9752 I PhoneLab-: Service Running
07-12 05:27:38.047  9739  9752 I PhoneLab-LoggerService: app_36    1027  1     1440   1072  c00f181c 400107b4 S logcat
07-12 05:27:38.047  9739  9752 I PhoneLab-LoggerService: Logcat pid from database 1027
07-12 05:27:38.047  9739  9752 I PhoneLab-LoggerService: Logcat process found 1027
07-12 05:27:38.047  9739  9752 I PhoneLab-LoggerService: Checking Threshold
07-12 05:27:38.047  9739  9752 I PhoneLab-LoggerService: Starting to rename files
07-12 05:27:38.047  9739  9752 I PhoneLab-LoggerService: Files found .. 2
07-12 05:27:38.774  1102  1102 I wpa_supplicant: wlan0: Trying to associate with 00:23:69:fc:ab:f1 (SSID='H2G2' freq=2437 MHz)
07-12 05:27:39.125    75   114 D NetlinkEvent: Unexpected netlink message. type=0xf
07-12 05:27:48.817  1102  1102 I wpa_supplicant: wlan0: Authentication with 00:23:69:fc:ab:f1 timed out.
07-12 05:27:50.360  1102  1102 I wpa_supplicant: wlan0: Trying to associate with 00:23:69:fc:ab:f1 (SSID='H2G2' freq=2437 MHz)
07-12 05:27:50.703    75   114 D NetlinkEvent: Unexpected netlink message. type=0xf
07-12 05:28:00.391  1102  1102 I wpa_supplicant: wlan0: Authentication with 00:23:69:fc:ab:f1 timed out.
07-12 05:28:01.934  1102  1102 I wpa_supplicant: wlan0: Trying to associate with 00:23:69:fc:ab:f1 (SSID='H2G2' freq=2437 MHz)
07-12 05:28:02.278    75   114 D NetlinkEvent: Unexpected netlink message. type=0xf
07-12 05:28:11.957  1102  1102 I wpa_supplicant: wlan0: Authentication with 00:23:69:fc:ab:f1 timed out.
07-12 05:28:13.496  1102  1102 I wpa_supplicant: wlan0: Trying to associate with 00:23:69:fc:ab:f1 (SSID='H2G2' freq=2437 MHz)
07-12 05:28:13.848    75   114 D NetlinkEvent: Unexpected netlink message. type=0xf
07-12 05:28:23.531  1102  1102 I wpa_supplicant: wlan0: Authentication with 00:23:69:fc:ab:f1 timed out.
07-12 05:28:25.074  1102  1102 I wpa_supplicant: wlan0: Trying to associate with 00:23:69:fc:ab:f1 (SSID='H2G2' freq=2437 MHz)
07-12 05:28:25.418    75   114 D NetlinkEvent: Unexpected netlink message. type=0xf
07-12 05:28:35.106  1102  1102 I wpa_supplicant: wlan0: Authentication with 00:23:69:fc:ab:f1 timed out.
07-12 05:28:36.645  1102  1102 I wpa_supplicant: wlan0: Trying to associate with 00:23:69:fc:ab:f1 (SSID='H2G2' freq=2437 MHz)
07-12 05:28:36.992    75   114 D NetlinkEvent: Unexpected netlink message. type=0xf
07-12 05:28:46.680  1102  1102 I wpa_supplicant: wlan0: Authentication with 00:23:69:fc:ab:f1 timed out.
07-12 05:28:48.219  1102  1102 I wpa_supplicant: wlan0: Trying to associate with 00:23:69:fc:ab:f1 (SSID='H2G2' freq=2437 MHz)
07-12 05:28:48.567    75   114 D NetlinkEvent: Unexpected netlink message. type=0xf
07-12 05:28:58.254  1102  1102 I wpa_supplicant: wlan0: Authentication with 00:23:69:fc:ab:f1 timed out.
07-12 05:28:59.797  1102  1102 I wpa_supplicant: wlan0: Trying to associate with 00:23:69:fc:ab:f1 (SSID='H2G2' freq=2437 MHz)
07-12 05:29:00.137    75   114 D NetlinkEvent: Unexpected netlink message. type=0xf
07-12 05:29:09.824  1102  1102 I wpa_supplicant: wlan0: Authentication with 00:23:69:fc:ab:f1 timed out.
07-12 05:29:11.371  1102  1102 I wpa_supplicant: wlan0: Trying to associate with 00:23:69:fc:ab:f1 (SSID='H2G2' freq=2437 MHz)
07-12 05:29:11.711    75   114 D NetlinkEvent: Unexpected netlink message. type=0xf
07-12 05:29:21.395  1102  1102 I wpa_supplicant: wlan0: Authentication with 00:23:69:fc:ab:f1 timed out.
07-12 05:29:22.942  1102  1102 I wpa_supplicant: wlan0: Trying to associate with 00:23:69:fc:ab:f1 (SSID='H2G2' freq=2437 MHz)
07-12 05:29:23.305    75   114 D NetlinkEvent: Unexpected netlink message. type=0xf
07-12 05:29:32.977  1102  1102 I wpa_supplicant: wlan0: Authentication with 00:23:69:fc:ab:f1 timed out.
07-12 05:29:34.516  1102  1102 I wpa_supplicant: wlan0: Trying to associate with 00:23:69:fc:ab:f1 (SSID='H2G2' freq=2437 MHz)
07-12 05:29:34.863    75   114 D NetlinkEvent: Unexpected netlink message. type=0xf
07-12 05:29:37.973  9739  9752 I PhoneLab-: Service Running
07-12 05:29:38.078  9739  9752 I PhoneLab-LoggerService: app_36    1027  1     1440   1072  c00f181c 400107b4 S logcat
07-12 05:29:38.078  9739  9752 I PhoneLab-LoggerService: Logcat pid from database 1027
07-12 05:29:38.078  9739  9752 I PhoneLab-LoggerService: Logcat process found 1027
07-12 05:29:38.078  9739  9752 I PhoneLab-LoggerService: Checking Threshold
07-12 05:29:38.082  9739  9752 I PhoneLab-LoggerService: Starting to rename files
07-12 05:29:38.082  9739  9752 I PhoneLab-LoggerService: Files found .. 2
07-12 05:29:44.547  1102  1102 I wpa_supplicant: wlan0: Authentication with 00:23:69:fc:ab:f1 timed out.
07-12 05:29:46.090  1102  1102 I wpa_supplicant: wlan0: Trying to associate with 00:23:69:fc:ab:f1 (SSID='H2G2' freq=2437 MHz)
07-12 05:29:46.430    75   114 D NetlinkEvent: Unexpected netlink message. type=0xf
07-12 05:29:56.125  1102  1102 I wpa_supplicant: wlan0: Authentication with 00:23:69:fc:ab:f1 timed out.
07-12 05:29:57.668  1102  1102 I wpa_supplicant: wlan0: Trying to associate with 00:23:69:fc:ab:f1 (SSID='H2G2' freq=2437 MHz)
07-12 05:29:58.016    75   114 D NetlinkEvent: Unexpected netlink message. type=0xf
07-12 05:30:07.703  1102  1102 I wpa_supplicant: wlan0: Authentication with 00:23:69:fc:ab:f1 timed out.
07-12 05:30:09.246  1102  1102 I wpa_supplicant: wlan0: Trying to associate with 00:23:69:fc:ab:f1 (SSID='H2G2' freq=2437 MHz)
07-12 05:30:09.340  8339  8342 D dalvikvm: GC_CONCURRENT freed 528K, 7% free 10885K/11655K, paused 4ms+4ms
07-12 05:30:09.606    75   114 D NetlinkEvent: Unexpected netlink message. type=0xf
07-12 05:30:19.278  1102  1102 I wpa_supplicant: wlan0: Authentication with 00:23:69:fc:ab:f1 timed out.
07-12 05:30:20.817  1102  1102 I wpa_supplicant: wlan0: Trying to associate with 00:23:69:fc:ab:f1 (SSID='H2G2' freq=2437 MHz)
07-12 05:30:21.160    75   114 D NetlinkEvent: Unexpected netlink message. type=0xf
07-12 05:30:30.848  1102  1102 I wpa_supplicant: wlan0: Authentication with 00:23:69:fc:ab:f1 timed out.
07-12 05:30:32.395  1102  1102 I wpa_supplicant: wlan0: Trying to associate with 00:23:69:fc:ab:f1 (SSID='H2G2' freq=2437 MHz)
07-12 05:30:32.742    75   114 D NetlinkEvent: Unexpected netlink message. type=0xf
07-12 05:30:42.426  1102  1102 I wpa_supplicant: wlan0: Authentication with 00:23:69:fc:ab:f1 timed out.
07-12 05:30:43.969  1102  1102 I wpa_supplicant: wlan0: Trying to associate with 00:23:69:fc:ab:f1 (SSID='H2G2' freq=2437 MHz)
07-12 05:30:44.317    75   114 D NetlinkEvent: Unexpected netlink message. type=0xf
07-12 05:30:54.000  1102  1102 I wpa_supplicant: wlan0: Authentication with 00:23:69:fc:ab:f1 timed out.
07-12 05:30:55.543  1102  1102 I wpa_supplicant: wlan0: Trying to associate with 00:23:69:fc:ab:f1 (SSID='H2G2' freq=2437 MHz)
07-12 05:30:55.891    75   114 D NetlinkEvent: Unexpected netlink message. type=0xf
07-12 05:31:05.574  1102  1102 I wpa_supplicant: wlan0: Authentication with 00:23:69:fc:ab:f1 timed out.
07-12 05:31:07.117  1102  1102 I wpa_supplicant: wlan0: Trying to associate with 00:23:69:fc:ab:f1 (SSID='H2G2' freq=2437 MHz)
07-12 05:31:07.492    75   114 D NetlinkEvent: Unexpected netlink message. type=0xf
07-12 05:31:17.164  1102  1102 I wpa_supplicant: wlan0: Authentication with 00:23:69:fc:ab:f1 timed out.
07-12 05:31:18.707  1102  1102 I wpa_supplicant: wlan0: Trying to associate with 00:23:69:fc:ab:f1 (SSID='H2G2' freq=2437 MHz)
07-12 05:31:19.051    75   114 D NetlinkEvent: Unexpected netlink message. type=0xf
07-12 05:31:28.738  1102  1102 I wpa_supplicant: wlan0: Authentication with 00:23:69:fc:ab:f1 timed out.
07-12 05:31:30.281  1102  1102 I wpa_supplicant: wlan0: Trying to associate with 00:23:69:fc:ab:f1 (SSID='H2G2' freq=2437 MHz)
07-12 05:31:30.621    75   114 D NetlinkEvent: Unexpected netlink message. type=0xf
07-12 05:31:37.973  9739  9752 I PhoneLab-: Service Running
07-12 05:31:38.074  9739  9752 I PhoneLab-LoggerService: app_36    1027  1     1440   1072  c00f181c 400107b4 S logcat
07-12 05:31:38.074  9739  9752 I PhoneLab-LoggerService: Logcat pid from database 1027
07-12 05:31:38.074  9739  9752 I PhoneLab-LoggerService: Logcat process found 1027
07-12 05:31:38.074  9739  9752 I PhoneLab-LoggerService: Checking Threshold
07-12 05:31:38.074  9739  9752 I PhoneLab-LoggerService: Starting to rename files
07-12 05:31:38.078  9739  9752 I PhoneLab-LoggerService: Files found .. 2
07-12 05:31:40.313  1102  1102 I wpa_supplicant: wlan0: Authentication with 00:23:69:fc:ab:f1 timed out.
07-12 05:31:41.852  1102  1102 I wpa_supplicant: wlan0: Trying to associate with 00:23:69:fc:ab:f1 (SSID='H2G2' freq=2437 MHz)
07-12 05:31:42.195    75   114 D NetlinkEvent: Unexpected netlink message. type=0xf
07-12 05:31:51.879  1102  1102 I wpa_supplicant: wlan0: Authentication with 00:23:69:fc:ab:f1 timed out.
07-12 05:31:53.422  1102  1102 I wpa_supplicant: wlan0: Trying to associate with 00:23:69:fc:ab:f1 (SSID='H2G2' freq=2437 MHz)
07-12 05:31:53.774    75   114 D NetlinkEvent: Unexpected netlink message. type=0xf
07-12 05:32:03.457  1102  1102 I wpa_supplicant: wlan0: Authentication with 00:23:69:fc:ab:f1 timed out.
07-12 05:32:05.004  1102  1102 I wpa_supplicant: wlan0: Trying to associate with 00:23:69:fc:ab:f1 (SSID='H2G2' freq=2437 MHz)
07-12 05:32:05.387    75   114 D NetlinkEvent: Unexpected netlink message. type=0xf
07-12 05:32:15.051  1102  1102 I wpa_supplicant: wlan0: Authentication with 00:23:69:fc:ab:f1 timed out.
07-12 05:32:16.598  1102  1102 I wpa_supplicant: wlan0: Trying to associate with 00:23:69:fc:ab:f1 (SSID='H2G2' freq=2437 MHz)
07-12 05:32:16.938    75   114 D NetlinkEvent: Unexpected netlink message. type=0xf
07-12 05:32:26.625  1102  1102 I wpa_supplicant: wlan0: Authentication with 00:23:69:fc:ab:f1 timed out.
07-12 05:32:28.172  1102  1102 I wpa_supplicant: wlan0: Trying to associate with 00:23:69:fc:ab:f1 (SSID='H2G2' freq=2437 MHz)
07-12 05:32:28.524    75   114 D NetlinkEvent: Unexpected netlink message. type=0xf
07-12 05:32:38.207  1102  1102 I wpa_supplicant: wlan0: Authentication with 00:23:69:fc:ab:f1 timed out.
07-12 05:32:39.750  1102  1102 I wpa_supplicant: wlan0: Trying to associate with 00:23:69:fc:ab:f1 (SSID='H2G2' freq=2437 MHz)
07-12 05:32:40.094    75   114 D NetlinkEvent: Unexpected netlink message. type=0xf
07-12 05:32:49.781  1102  1102 I wpa_supplicant: wlan0: Authentication with 00:23:69:fc:ab:f1 timed out.
07-12 05:32:51.324  1102  1102 I wpa_supplicant: wlan0: Trying to associate with 00:23:69:fc:ab:f1 (SSID='H2G2' freq=2437 MHz)
07-12 05:32:51.664    75   114 D NetlinkEvent: Unexpected netlink message. type=0xf
07-12 05:33:01.356  1102  1102 I wpa_supplicant: wlan0: Authentication with 00:23:69:fc:ab:f1 timed out.
07-12 05:33:02.895  1102  1102 I wpa_supplicant: wlan0: Trying to associate with 00:23:69:fc:ab:f1 (SSID='H2G2' freq=2437 MHz)
07-12 05:33:03.246    75   114 D NetlinkEvent: Unexpected netlink message. type=0xf
07-12 05:33:12.930  1102  1102 I wpa_supplicant: wlan0: Authentication with 00:23:69:fc:ab:f1 timed out.
07-12 05:33:13.172  8339  8370 I EventLogService: Aggregate from 1342083792975 (log), 1342083792975 (data)
07-12 05:33:14.477  1102  1102 I wpa_supplicant: wlan0: Trying to associate with 00:23:69:fc:ab:f1 (SSID='H2G2' freq=2437 MHz)
07-12 05:33:14.817    75   114 D NetlinkEvent: Unexpected netlink message. type=0xf
07-12 05:33:16.133  9739  9739 I PhoneLab-Locks: wake lock acquired
07-12 05:33:16.168  9739 11963 I PhoneLab-PeriodicCheckService: User info is synched
07-12 05:33:16.168  9739 11963 I PhoneLab-PeriodicCheckService: Logger Service is running
07-12 05:33:16.168  9739 11963 I PhoneLab-Locks: wake lock acquired
07-12 05:33:16.172  9739  9739 I PhoneLab-UploadLogs: Transfering log files now
07-12 05:33:16.176  9739 11963 I PhoneLab-PeriodicCheckService: Rescheduling periodic checking...
07-12 05:33:16.176  9739 11963 I PhoneLab-Locks: wake lock released
07-12 05:33:16.227  9739  9741 D dalvikvm: GC_CONCURRENT freed 590K, 17% free 9619K/11463K, paused 2ms+2ms
07-12 05:33:16.246  9739  9739 D dalvikvm: GC_FOR_ALLOC freed 172K, 16% free 9714K/11463K, paused 15ms
07-12 05:33:16.270  9739  9739 D dalvikvm: GC_FOR_ALLOC freed 120K, 15% free 9842K/11463K, paused 14ms
07-12 05:33:16.293  9739  9739 I PhoneLab-UploadLogs: OnStartCommand
07-12 05:33:16.309  9739  9741 D dalvikvm: GC_CONCURRENT freed 295K, 13% free 10059K/11463K, paused 2ms+3ms
07-12 05:33:16.711  9739 11965 D dalvikvm: GC_FOR_ALLOC freed 311K, 13% free 10074K/11463K, paused 34ms
07-12 05:33:16.731  9739 11965 D dalvikvm: GC_FOR_ALLOC freed 301K, 13% free 10074K/11463K, paused 16ms
07-12 05:33:16.746  9739 11965 D dalvikvm: GC_FOR_ALLOC freed 301K, 13% free 10075K/11463K, paused 14ms
07-12 05:33:22.098  9739  9739 I PhoneLab-: 1342084418052.log is deleted
07-12 05:33:22.098  9739  9739 I PhoneLab-: Response: {"data": "done", "err": ""}
07-12 05:33:22.102  9739  9739 I PhoneLab-UploadLogs: No log files to transfer
07-12 05:33:22.102  9739  9739 I PhoneLab-Locks: wake lock released
07-12 05:33:24.504  1102  1102 I wpa_supplicant: wlan0: Authentication with 00:23:69:fc:ab:f1 timed out.
07-12 05:33:26.043  1102  1102 I wpa_supplicant: wlan0: Trying to associate with 00:23:69:fc:ab:f1 (SSID='H2G2' freq=2437 MHz)
07-12 05:33:26.387    75   114 D NetlinkEvent: Unexpected netlink message. type=0xf
07-12 05:33:36.074  1102  1102 I wpa_supplicant: wlan0: Authentication with 00:23:69:fc:ab:f1 timed out.
07-12 05:33:37.617  1102  1102 I wpa_supplicant: wlan0: Trying to associate with 00:23:69:fc:ab:f1 (SSID='H2G2' freq=2437 MHz)
07-12 05:33:37.961    75   114 D NetlinkEvent: Unexpected netlink message. type=0xf
07-12 05:33:37.973  9739  9752 I PhoneLab-: Service Running
07-12 05:33:38.051  9739  9752 I PhoneLab-LoggerService: app_36    1027  1     1440   1072  c00f181c 400107b4 S logcat
07-12 05:33:38.051  9739  9752 I PhoneLab-LoggerService: Logcat pid from database 1027
07-12 05:33:38.051  9739  9752 I PhoneLab-LoggerService: Logcat process found 1027
07-12 05:33:38.051  9739  9752 I PhoneLab-LoggerService: Checking Threshold
07-12 05:33:47.649  1102  1102 I wpa_supplicant: wlan0: Authentication with 00:23:69:fc:ab:f1 timed out.
07-12 05:33:49.192  1102  1102 I wpa_supplicant: wlan0: Trying to associate with 00:23:69:fc:ab:f1 (SSID='H2G2' freq=2437 MHz)
07-12 05:33:49.539    75   114 D NetlinkEvent: Unexpected netlink message. type=0xf
07-12 05:33:59.231  1102  1102 I wpa_supplicant: wlan0: Authentication with 00:23:69:fc:ab:f1 timed out.
07-12 05:33:59.801   157   355 D AlarmManagerService: Kernel timezone updated to 240 minutes west of GMT
