07-12 16:26:37.765   157   213 D ConnectivityService: NetTransition Wakelock for WifiStateMachine released by timeout
07-12 16:26:38.125   157   217 D Tethering: MasterInitialState.processMessage what=3
07-12 16:26:38.160 14478 14478 V com.skype.kit.ec: CONNECTIVITY_ACTION connected:false
07-12 16:26:38.183  8339  8339 I GTalkService/c: [AndroidEndpoint@1094899000] connect: acct=1000000, state=CONNECTING
07-12 16:26:38.187  8339  8339 I GTalkService/c: [GTalkConnection@1094317072] connect: acct=1, state=CONNECTING
07-12 16:26:38.207 18590 18604 D PicasaSyncManager: active network: NetworkInfo: type: WIFI[], state: CONNECTED/CONNECTED, reason: (unspecified), extra: (none), roaming: false, failover: false, isAvailable: true
07-12 16:26:38.207 18590 18604 D PicasaSyncManager: background data: true
07-12 16:26:38.215  8339  8339 I GTalkService/c: [GTalkConnection@1094630656] connect: acct=2, state=CONNECTING
07-12 16:26:38.265 18074 18074 I MediaUploader: No need to wake up
07-12 16:26:38.273 17283 17283 I PhoneLab-WiFiReceiver: Wi-Fi is disconnected!
07-12 16:26:38.285 18590 18592 D dalvikvm: GC_CONCURRENT freed 318K, 5% free 9285K/9735K, paused 7ms+8ms
07-12 16:26:39.824   157   217 D Tethering: MasterInitialState.processMessage what=3
07-12 16:26:39.863 14478 14478 V com.skype.kit.ec: CONNECTIVITY_ACTION connected:true
07-12 16:26:39.910 18074 18074 I MediaUploader: No need to wake up
07-12 16:26:39.918 18590 18604 D PicasaSyncManager: active network: NetworkInfo: type: WIFI[], state: CONNECTED/CONNECTED, reason: (unspecified), extra: (none), roaming: false, failover: false, isAvailable: true
07-12 16:26:39.918 18590 18604 D PicasaSyncManager: background data: true
07-12 16:26:40.269   356   359 D dalvikvm: GC_CONCURRENT freed 766K, 13% free 11734K/13447K, paused 7ms+3ms
07-12 16:26:42.152   157   213 D ConnectivityService: handleInetConditionHoldEnd: net=1, condition=100, published condition=0
07-12 16:26:42.640   157   213 D ConnectivityService: ConnectivityChange for mobile: CONNECTED/CONNECTED
07-12 16:26:42.672   157   213 D NetUtils: android_net_utils_resetConnections in env=0x218370 clazz=0x9f300001 iface=rmnet0 mask=0x3
07-12 16:26:42.672   157   213 D ConnectivityService: ConnectivityChange for mobile: DISCONNECTED/DISCONNECTED
07-12 16:26:42.672   157   213 D ConnectivityService: Attempting to switch to WIFI
07-12 16:26:42.672   157   213 D ConnectivityService: Attempting to switch to WIMAX
07-12 16:26:42.672   157   213 D ConnectivityService: Attempting to switch to BLUETOOTH_TETHER
07-12 16:26:42.672   157   213 D ConnectivityService: resetConnections(rmnet0, 3)
07-12 16:26:45.730   157   217 D Tethering: MasterInitialState.processMessage what=3
07-12 16:26:45.765 14478 14478 V com.skype.kit.ec: CONNECTIVITY_ACTION connected:false
07-12 16:26:45.797 14478 14478 V com.skype.kit.ec: CONNECTIVITY_ACTION connected:true
07-12 16:26:45.812 18590 18604 D PicasaSyncManager: active network: NetworkInfo: type: WIFI[], state: CONNECTED/CONNECTED, reason: (unspecified), extra: (none), roaming: false, failover: false, isAvailable: true
07-12 16:26:45.812 18590 18604 D PicasaSyncManager: background data: true
07-12 16:26:45.812   157   217 D Tethering: MasterInitialState.processMessage what=3
07-12 16:26:45.855 18074 18074 I MediaUploader: No need to wake up
07-12 16:26:45.898 18074 18074 I MediaUploader: No need to wake up
07-12 16:26:45.906 18590 18604 D PicasaSyncManager: active network: NetworkInfo: type: WIFI[], state: CONNECTED/CONNECTED, reason: (unspecified), extra: (none), roaming: false, failover: false, isAvailable: true
07-12 16:26:45.906 18590 18604 D PicasaSyncManager: background data: true
07-12 16:26:46.289   157   213 D ConnectivityService: handleInetConditionHoldEnd: net=1, condition=100, published condition=100
07-12 16:26:47.582  1102  1102 I wpa_supplicant: wlan0: CTRL-EVENT-DISCONNECTED bssid=58:35:d9:38:be:51 reason=0
07-12 16:26:47.593    75   117 D CommandListener: Clearing all IP addresses on wlan0
07-12 16:26:47.664   157   213 D ConnectivityService: ConnectivityChange for WIFI: DISCONNECTED/DISCONNECTED
07-12 16:26:47.664   157   213 D ConnectivityService: Attempting to switch to mobile
07-12 16:26:47.668   157   213 D ConnectivityService: Attempting to switch to WIMAX
07-12 16:26:47.668   157   213 D ConnectivityService: Attempting to switch to BLUETOOTH_TETHER
07-12 16:26:47.668   157   213 E ConnectivityService: Exception trying to remove a route: java.lang.IllegalStateException: Unable to communicate with native dameon to add routes - com.android.server.NativeDaemonConnectorException: Cmd {interface route remove wlan0 default 67.20.205.254 32 0.0.0.0} failed with code 400 : {Failed to remove route from default table (No such process)}
07-12 16:26:47.672   157   213 E ConnectivityService: Exception trying to remove a route: java.lang.IllegalStateException: Unable to communicate with native dameon to add routes - com.android.server.NativeDaemonConnectorException: Cmd {interface route remove wlan0 default 0.0.0.0 0 67.20.205.254} failed with code 400 : {Failed to remove route from default table (No such process)}
07-12 16:26:47.672   157   213 D NetUtils: android_net_utils_resetConnections in env=0x218370 clazz=0xaaf00001 iface=wlan0 mask=0x3
07-12 16:26:47.672   157   213 D ConnectivityService: resetConnections(wlan0, 3)
07-12 16:26:47.687  8339 18796 W Smack/Packet: notify conn break (IOEx), close connection
07-12 16:26:47.898  8339 18796 I qtaguid : Failed write_ctrl(u 22) res=-1 errno=22
07-12 16:26:47.898  8339 18796 I qtaguid : Untagging socket 22 failed errno=-22
07-12 16:26:47.902  8339 18796 W NetworkManagementSocketTagger: untagSocket(22) failed with errno -22
07-12 16:26:50.738   157   217 D Tethering: MasterInitialState.processMessage what=3
07-12 16:26:50.777 14478 14478 V com.skype.kit.ec: CONNECTIVITY_ACTION connected:false
07-12 16:26:50.840 18074 18074 I MediaUploader: No need to wake up
07-12 16:26:50.843 17283 17283 I PhoneLab-WiFiReceiver: Wi-Fi is disconnected!
07-12 16:26:50.863 18590 18604 D PicasaSyncManager: active network: null
07-12 16:26:50.863 18590 18604 D PicasaSyncManager: background data: true
07-12 16:26:50.910  8339  8342 D dalvikvm: GC_CONCURRENT freed 636K, 8% free 11228K/12103K, paused 2ms+5ms
07-12 16:26:54.273   157   213 D ConnectivityService: ConnectivityChange for mobile: CONNECTED/CONNECTED
07-12 16:26:54.312   157   208 W NetworkStats: dropping UID delta from unknown iface: iface=rmnet0 uid=0 set=DEFAULT tag=0x0 rxBytes=60 rxPackets=1 txBytes=40 txPackets=1 operations=0
07-12 16:26:54.340   157   209 D NetworkPolicy: applying policy NetworkPolicy[NetworkTemplate: matchRule=MOBILE_ALL, subscriberId=valid]: cycleDay=28, warningBytes=2147483648, limitBytes=-1, lastSnooze=-1 to ifaces [rmnet0]
07-12 16:26:54.422   157   159 D dalvikvm: GC_CONCURRENT freed 1574K, 18% free 16039K/19399K, paused 3ms+8ms
07-12 16:26:55.273   157   213 D ConnectivityService: NetTransition Wakelock for WifiStateMachine released by timeout
07-12 16:26:57.324   157   217 D Tethering: MasterInitialState.processMessage what=3
07-12 16:26:57.343 14478 14478 V com.skype.kit.ec: CONNECTIVITY_ACTION connected:true
07-12 16:26:57.394 18590 18604 D PicasaSyncManager: active network: NetworkInfo: type: mobile[CDMA - EvDo rev. A], state: CONNECTED/CONNECTED, reason: (unspecified), extra: , roaming: false, failover: true, isAvailable: true
07-12 16:26:57.394 18590 18604 D PicasaSyncManager: background data: true
07-12 16:26:57.414  8339  8339 I GTalkService/c: [AndroidEndpoint@1094899000] connect: acct=1000000, state=CONNECTING
07-12 16:26:57.507   157   334 D dalvikvm: GC_EXPLICIT freed 238K, 19% free 15886K/19399K, paused 3ms+6ms
07-12 16:26:57.523 18074 18074 I MediaUploader: No need to wake up
07-12 16:27:00.402   157   213 D ConnectivityService: handleInetConditionHoldEnd: net=0, condition=0, published condition=0
07-12 16:27:02.199  8339  8372 E GTalkService: connectionClosed: no XMPPConnection - That's strange!
