07-10 13:54:14.937  4924  4927 D dalvikvm: GC_CONCURRENT freed 739K, 8% free 11509K/12423K, paused 2ms+3ms
07-10 13:54:22.238  4382  4395 I PhoneLab-: Service Running
07-10 13:54:22.371  4382  4395 I PhoneLab-LoggerService: app_36    1027  1     1440   1072  c00f181c 400107b4 S logcat
07-10 13:54:22.371  4382  4395 I PhoneLab-LoggerService: Logcat pid from database 1027
07-10 13:54:22.371  4382  4395 I PhoneLab-LoggerService: Logcat process found 1027
07-10 13:54:22.371  4382  4395 I PhoneLab-LoggerService: Checking Threshold
07-10 13:54:22.379  4382  4395 I PhoneLab-LoggerService: Starting to rename files
07-10 13:54:22.383  4382  4395 I PhoneLab-LoggerService: Files found .. 2
07-10 13:54:22.383  4382  4395 I PhoneLab-LoggerService: File 1 log.out.1
07-10 13:54:22.402  4382  4395 I PhoneLab-LoggerService: Renamed successfully
07-10 13:54:31.562  4924  4927 D dalvikvm: GC_CONCURRENT freed 713K, 8% free 11510K/12423K, paused 1ms+3ms
07-10 13:54:48.324  4924  4927 D dalvikvm: GC_CONCURRENT freed 726K, 8% free 11520K/12423K, paused 18ms+3ms
07-10 13:55:05.957  4924  4927 D dalvikvm: GC_CONCURRENT freed 777K, 8% free 11510K/12423K, paused 1ms+3ms
07-10 13:55:21.980  4924  4927 D dalvikvm: GC_CONCURRENT freed 714K, 8% free 11508K/12423K, paused 2ms+3ms
07-10 13:55:30.148   441   444 D dalvikvm: GC_CONCURRENT freed 443K, 6% free 9480K/10055K, paused 2ms+4ms
07-10 13:55:38.199  4924  4927 D dalvikvm: GC_CONCURRENT freed 711K, 8% free 11510K/12423K, paused 2ms+3ms
07-10 13:55:54.957  4924  4927 D dalvikvm: GC_CONCURRENT freed 720K, 8% free 11523K/12423K, paused 1ms+3ms
07-10 13:56:12.941  4924  4927 D dalvikvm: GC_CONCURRENT freed 781K, 8% free 11510K/12423K, paused 2ms+4ms
07-10 13:56:17.945   356   359 D dalvikvm: GC_CONCURRENT freed 383K, 7% free 9451K/10055K, paused 40ms+2ms
07-10 13:56:22.238  4382  4395 I PhoneLab-: Service Running
07-10 13:56:22.340  4382  4395 I PhoneLab-LoggerService: app_36    1027  1     1440   1072  c00f181c 400107b4 S logcat
07-10 13:56:22.340  4382  4395 I PhoneLab-LoggerService: Logcat pid from database 1027
07-10 13:56:22.340  4382  4395 I PhoneLab-LoggerService: Logcat process found 1027
07-10 13:56:22.340  4382  4395 I PhoneLab-LoggerService: Checking Threshold
07-10 13:56:22.340  4382  4395 I PhoneLab-LoggerService: Starting to rename files
07-10 13:56:22.347  4382  4395 I PhoneLab-LoggerService: Files found .. 2
07-10 13:56:28.965  4924  4927 D dalvikvm: GC_CONCURRENT freed 709K, 8% free 11517K/12423K, paused 2ms+3ms
07-10 13:56:44.976  4924  4927 D dalvikvm: GC_CONCURRENT freed 721K, 8% free 11510K/12423K, paused 2ms+4ms
07-10 13:56:46.504  4382  4382 I PhoneLab-Locks: wake lock acquired
07-10 13:56:46.531  4382  4382 I PhoneLab-StatusMonitor: Status Monitoring is started
07-10 13:56:46.613  4382  4384 D dalvikvm: GC_CONCURRENT freed 467K, 14% free 9243K/10695K, paused 2ms+2ms
07-10 13:56:46.633  4382  4382 I PhoneLab-StatusMonitor: Value: 10 - unit: min
07-10 13:56:46.633  4382  4382 I PhoneLab-StatusMonitor: Running interval: 600000
07-10 13:56:46.640  4382  4382 I PhoneLab-StatusMonitor: Rescheduling status monitoring...
07-10 13:56:46.644  4382  4382 I PhoneLab-Locks: wake lock released
07-10 13:56:46.648  4382  4382 I PhoneLab-StatusMonitorLocation: Learning Location
07-10 13:56:46.648  4382  4382 I PhoneLab-Locks: wake lock acquired
07-10 13:56:46.652  4382  4382 I PhoneLab-Locks: wake lock acquired
07-10 13:56:46.656   293   559 D androidNetworkLocationListeners: Still have listener com.google.android.location.internal.client.NetworkLocationClient$1@413175c0
07-10 13:56:46.660  4382  4382 I PhoneLab-StatusMonitorLocation: Learning Signal Strgth
07-10 13:56:46.660  4382  4382 I PhoneLab-Locks: wake lock acquired
07-10 13:56:46.668   293   559 D androidNetworkLocationListeners: Still have listener com.google.android.location.internal.client.NetworkLocationClient$1@413175c0
07-10 13:56:46.672  4382  4382 I PhoneLab-StatusMonitorBattery: Battery_level: 96
07-10 13:56:46.676  4382  4382 I PhoneLab-Locks: wake lock released
07-10 13:56:46.679  4382  4382 I PhoneLab-StatusMonitorSignal: Signal_Strength: -86 asu: 14
07-10 13:56:46.679  4382  4382 I PhoneLab-Locks: wake lock released
07-10 13:56:48.019   293   297 D dalvikvm: GC_CONCURRENT freed 805K, 8% free 11086K/11975K, paused 2ms+3ms
07-10 13:56:48.031  4382  4382 I PhoneLab-StatusMonitorLocation: Location_Latitude: 43.0021361 Longitude: -78.7870022 Accuracy: 33.0
07-10 13:56:48.031   293   559 D androidNetworkLocationListeners: Still have listener com.google.android.location.internal.client.NetworkLocationClient$1@413175c0
07-10 13:56:48.035  4382  4382 I PhoneLab-Locks: wake lock released
07-10 13:56:49.383   157   159 D dalvikvm: GC_CONCURRENT freed 935K, 17% free 13325K/16007K, paused 3ms+5ms
07-10 13:57:01.605  4924  4927 D dalvikvm: GC_CONCURRENT freed 712K, 8% free 11510K/12423K, paused 2ms+3ms
07-10 13:57:18.308  4924  4927 D dalvikvm: GC_CONCURRENT freed 728K, 8% free 11519K/12423K, paused 18ms+3ms
07-10 13:57:36.949  4924  4927 D dalvikvm: GC_CONCURRENT freed 777K, 8% free 11520K/12423K, paused 4ms+6ms
07-10 13:57:53.984  4924  4927 D dalvikvm: GC_CONCURRENT freed 777K, 8% free 11511K/12423K, paused 2ms+3ms
07-10 13:58:10.238  4924  4927 D dalvikvm: GC_CONCURRENT freed 714K, 8% free 11511K/12423K, paused 1ms+4ms
07-10 13:58:12.004   227   229 D dalvikvm: GC_CONCURRENT freed 581K, 37% free 11108K/17543K, paused 2ms+6ms
07-10 13:58:22.242  4382  4395 I PhoneLab-: Service Running
07-10 13:58:22.336  4382  4395 I PhoneLab-LoggerService: app_36    1027  1     1440   1072  c00f181c 400107b4 S logcat
07-10 13:58:22.336  4382  4395 I PhoneLab-LoggerService: Logcat pid from database 1027
07-10 13:58:22.336  4382  4395 I PhoneLab-LoggerService: Logcat process found 1027
07-10 13:58:22.336  4382  4395 I PhoneLab-LoggerService: Checking Threshold
07-10 13:58:22.336  4382  4395 I PhoneLab-LoggerService: Starting to rename files
07-10 13:58:22.336  4382  4395 I PhoneLab-LoggerService: Files found .. 2
07-10 13:58:27.051  4924  4927 D dalvikvm: GC_CONCURRENT freed 728K, 8% free 11522K/12423K, paused 1ms+3ms
07-10 13:58:45.843  4924  4927 D dalvikvm: GC_CONCURRENT freed 791K, 8% free 11527K/12423K, paused 17ms+3ms
07-10 13:59:03.941  4924  4927 D dalvikvm: GC_CONCURRENT freed 798K, 8% free 11511K/12423K, paused 2ms+5ms
07-10 13:59:19.992  4924  4927 D dalvikvm: GC_CONCURRENT freed 710K, 8% free 11509K/12423K, paused 1ms+3ms
07-10 13:59:35.984  4924  4927 D dalvikvm: GC_CONCURRENT freed 701K, 8% free 11518K/12423K, paused 9ms+2ms
07-10 13:59:54.519  4924  4927 D dalvikvm: GC_CONCURRENT freed 786K, 8% free 11525K/12423K, paused 1ms+2ms
07-10 14:00:00.144   157   159 D dalvikvm: GC_CONCURRENT freed 975K, 17% free 13312K/16007K, paused 3ms+4ms
07-10 14:00:12.008  4924  4927 D dalvikvm: GC_CONCURRENT freed 781K, 8% free 11511K/12423K, paused 2ms+3ms
07-10 14:00:22.242  4382  4395 I PhoneLab-: Service Running
07-10 14:00:22.320  4382  4395 I PhoneLab-LoggerService: app_36    1027  1     1440   1072  c00f181c 400107b4 S logcat
07-10 14:00:22.320  4382  4395 I PhoneLab-LoggerService: Logcat pid from database 1027
07-10 14:00:22.320  4382  4395 I PhoneLab-LoggerService: Logcat process found 1027
07-10 14:00:22.320  4382  4395 I PhoneLab-LoggerService: Checking Threshold
07-10 14:00:22.324  4382  4395 I PhoneLab-LoggerService: Starting to rename files
07-10 14:00:22.324  4382  4395 I PhoneLab-LoggerService: Files found .. 2
07-10 14:00:27.992  4924  4927 D dalvikvm: GC_CONCURRENT freed 702K, 8% free 11511K/12423K, paused 1ms+3ms
07-10 14:00:31.133  4382  4382 I PhoneLab-Locks: wake lock acquired
07-10 14:00:31.195  4382  5176 I PhoneLab-PeriodicCheckService: User info is synched
07-10 14:00:31.234  4382  5176 I PhoneLab-PeriodicCheckService: Logger Service is running
07-10 14:00:31.234  4382  5176 I PhoneLab-Locks: wake lock acquired
07-10 14:00:31.238  4382  4382 I PhoneLab-UploadLogs: Transfering log files now
07-10 14:00:31.238  4382  5176 I PhoneLab-PeriodicCheckService: Rescheduling periodic checking...
07-10 14:00:31.254  4382  5176 I PhoneLab-Locks: wake lock released
07-10 14:00:31.324  4382  4384 D dalvikvm: GC_CONCURRENT freed 506K, 14% free 9248K/10695K, paused 4ms+5ms
07-10 14:00:31.390  4382  4382 D dalvikvm: GC_FOR_ALLOC freed 266K, 13% free 9345K/10695K, paused 35ms
07-10 14:00:31.418  4382  4382 D dalvikvm: GC_FOR_ALLOC freed 120K, 12% free 9473K/10695K, paused 23ms
07-10 14:00:31.422  4382  4382 I dalvikvm-heap: Grow heap (frag case) to 9.814MB for 516692-byte allocation
07-10 14:00:31.468  4382  4384 D dalvikvm: GC_CONCURRENT freed 248K, 14% free 9729K/11207K, paused 3ms+2ms
07-10 14:00:31.472  4382  4382 I PhoneLab-UploadLogs: OnStartCommand
07-10 14:00:31.523  4382  5178 D dalvikvm: GC_FOR_ALLOC freed 357K, 14% free 9705K/11207K, paused 14ms
07-10 14:00:31.539  4382  5178 D dalvikvm: GC_FOR_ALLOC freed 301K, 14% free 9705K/11207K, paused 14ms
07-10 14:00:31.554  4382  5178 D dalvikvm: GC_FOR_ALLOC freed 301K, 14% free 9706K/11207K, paused 14ms
07-10 14:00:31.816  4382  4382 I PhoneLab-: 1341942862384.log is deleted
07-10 14:00:31.816  4382  4382 I PhoneLab-: Response: {"data": "done", "err": ""}
07-10 14:00:31.816  4382  4382 I PhoneLab-UploadLogs: No log files to transfer
07-10 14:00:31.816  4382  4382 I PhoneLab-Locks: wake lock released
07-10 14:00:44.605  4924  4927 D dalvikvm: GC_CONCURRENT freed 711K, 8% free 11515K/12423K, paused 1ms+3ms
07-10 14:01:01.230  4924  4927 D dalvikvm: GC_CONCURRENT freed 726K, 8% free 11528K/12423K, paused 15ms+4ms
07-10 14:01:19.984  4924  4927 D dalvikvm: GC_CONCURRENT freed 812K, 8% free 11525K/12423K, paused 2ms+4ms
07-10 14:01:38.000  4924  4927 D dalvikvm: GC_CONCURRENT freed 772K, 8% free 11516K/12423K, paused 1ms+3ms
07-10 14:01:53.953  4924  4927 D dalvikvm: GC_CONCURRENT freed 706K, 8% free 11523K/12423K, paused 2ms+3ms
07-10 14:02:12.035  4924  4927 D dalvikvm: GC_CONCURRENT freed 797K, 8% free 11531K/12423K, paused 1ms+6ms
07-10 14:02:22.242  4382  4395 I PhoneLab-: Service Running
07-10 14:02:22.324  4382  4395 I PhoneLab-LoggerService: app_36    1027  1     1440   1072  c00f181c 400107b4 S logcat
07-10 14:02:22.324  4382  4395 I PhoneLab-LoggerService: Logcat pid from database 1027
07-10 14:02:22.324  4382  4395 I PhoneLab-LoggerService: Logcat process found 1027
07-10 14:02:22.324  4382  4395 I PhoneLab-LoggerService: Checking Threshold
07-10 14:02:30.027  4924  4927 D dalvikvm: GC_CONCURRENT freed 775K, 8% free 11515K/12423K, paused 2ms+3ms
07-10 14:02:45.972  4924  4927 D dalvikvm: GC_CONCURRENT freed 713K, 8% free 11514K/12423K, paused 2ms+3ms
07-10 14:03:00.949   293   975 I EventLogService: Aggregate from 1341941580815 (log), 1341941580815 (data)
07-10 14:03:02.195  4924  4927 D dalvikvm: GC_CONCURRENT freed 703K, 8% free 11515K/12423K, paused 2ms+4ms
07-10 14:03:04.976   157   159 D dalvikvm: GC_CONCURRENT freed 940K, 17% free 13320K/16007K, paused 20ms+5ms
07-10 14:03:18.843  4924  4927 D dalvikvm: GC_CONCURRENT freed 704K, 8% free 11516K/12423K, paused 1ms+3ms
07-10 14:03:24.957   356   359 D dalvikvm: GC_CONCURRENT freed 384K, 7% free 9451K/10055K, paused 49ms+2ms
07-10 14:03:35.402  4924  4927 D dalvikvm: GC_CONCURRENT freed 718K, 8% free 11527K/12423K, paused 1ms+4ms
07-10 14:03:54.039  4924  4927 D dalvikvm: GC_CONCURRENT freed 820K, 8% free 11527K/12423K, paused 17ms+4ms
07-10 14:04:12.023  4924  4927 D dalvikvm: GC_CONCURRENT freed 780K, 8% free 11515K/12423K, paused 2ms+13ms
07-10 14:04:22.242  4382  4395 I PhoneLab-: Service Running
07-10 14:04:22.328  4382  4384 D dalvikvm: GC_CONCURRENT freed 899K, 18% free 9221K/11207K, paused 2ms+4ms
07-10 14:04:22.340  4382  4395 I PhoneLab-LoggerService: app_36    1027  1     1440   1072  c00f181c 400107b4 S logcat
07-10 14:04:22.375  4382  4395 I PhoneLab-LoggerService: Logcat pid from database 1027
07-10 14:04:22.375  4382  4395 I PhoneLab-LoggerService: Logcat process found 1027
07-10 14:04:22.375  4382  4395 I PhoneLab-LoggerService: Checking Threshold
07-10 14:04:26.996   227   229 D dalvikvm: GC_CONCURRENT freed 573K, 37% free 11114K/17543K, paused 2ms+5ms
07-10 14:04:27.953  4924  4927 D dalvikvm: GC_CONCURRENT freed 712K, 8% free 11514K/12423K, paused 1ms+2ms
07-10 14:04:44.062  4924  4927 D dalvikvm: GC_CONCURRENT freed 707K, 8% free 11516K/12423K, paused 2ms+4ms
07-10 14:05:00.765  4924  4927 D dalvikvm: GC_CONCURRENT freed 717K, 8% free 11516K/12423K, paused 2ms+4ms
07-10 14:05:17.422  4924  4927 D dalvikvm: GC_CONCURRENT freed 718K, 8% free 11529K/12423K, paused 1ms+3ms
07-10 14:05:36.019  4924  4927 D dalvikvm: GC_CONCURRENT freed 793K, 8% free 11516K/12423K, paused 21ms+3ms
07-10 14:05:51.996  4924  4927 D dalvikvm: GC_CONCURRENT freed 711K, 8% free 11514K/12423K, paused 2ms+3ms
07-10 14:05:53.019   293   297 D dalvikvm: GC_CONCURRENT freed 567K, 8% free 11091K/11975K, paused 4ms+4ms
07-10 14:05:53.144   441   444 D dalvikvm: GC_CONCURRENT freed 440K, 6% free 9486K/10055K, paused 2ms+3ms
07-10 14:06:07.968  4924  4927 D dalvikvm: GC_CONCURRENT freed 705K, 8% free 11514K/12423K, paused 1ms+2ms
07-10 14:06:22.242  4382  4395 I PhoneLab-: Service Running
07-10 14:06:22.340  4382  4395 I PhoneLab-LoggerService: app_36    1027  1     1440   1072  c00f181c 400107b4 S logcat
07-10 14:06:22.340  4382  4395 I PhoneLab-LoggerService: Logcat pid from database 1027
07-10 14:06:22.347  4382  4395 I PhoneLab-LoggerService: Logcat process found 1027
07-10 14:06:22.347  4382  4395 I PhoneLab-LoggerService: Checking Threshold
07-10 14:06:24.144  4924  4927 D dalvikvm: GC_CONCURRENT freed 714K, 8% free 11522K/12423K, paused 2ms+2ms
07-10 14:06:27.769   157   159 D dalvikvm: GC_CONCURRENT freed 961K, 17% free 13309K/16007K, paused 6ms+5ms
07-10 14:06:41.988  4924  4927 D dalvikvm: GC_CONCURRENT freed 776K, 8% free 11516K/12423K, paused 2ms+4ms
07-10 14:06:46.652  4382  4382 I PhoneLab-Locks: wake lock acquired
07-10 14:06:46.683  4382  4382 I PhoneLab-StatusMonitor: Status Monitoring is started
07-10 14:06:46.765  4382  4384 D dalvikvm: GC_CONCURRENT freed 447K, 18% free 9255K/11207K, paused 2ms+2ms
07-10 14:06:46.769  4382  4382 I PhoneLab-StatusMonitor: Value: 10 - unit: min
07-10 14:06:46.773  4382  4382 I PhoneLab-StatusMonitor: Running interval: 600000
07-10 14:06:46.785  4382  4382 I PhoneLab-StatusMonitor: Rescheduling status monitoring...
07-10 14:06:46.785  4382  4382 I PhoneLab-Locks: wake lock released
07-10 14:06:46.793  4382  4382 I PhoneLab-StatusMonitorLocation: Learning Location
07-10 14:06:46.793  4382  4382 I PhoneLab-Locks: wake lock acquired
07-10 14:06:46.797  4382  4382 I PhoneLab-Locks: wake lock acquired
07-10 14:06:46.801  4382  4382 I PhoneLab-StatusMonitorLocation: Learning Signal Strgth
07-10 14:06:46.801  4382  4382 I PhoneLab-Locks: wake lock acquired
07-10 14:06:46.804   293   559 D androidNetworkLocationListeners: Still have listener com.google.android.location.internal.client.NetworkLocationClient$1@413175c0
07-10 14:06:46.812   293   559 D androidNetworkLocationListeners: Still have listener com.google.android.location.internal.client.NetworkLocationClient$1@413175c0
07-10 14:06:46.816  4382  4382 I PhoneLab-StatusMonitorBattery: Battery_level: 97
07-10 14:06:46.820  4382  4382 I PhoneLab-Locks: wake lock released
07-10 14:06:46.824  4382  4382 I PhoneLab-StatusMonitorSignal: Signal_Strength: -86 asu: 14
07-10 14:06:46.824  4382  4382 I PhoneLab-Locks: wake lock released
07-10 14:06:48.054  4382  4382 I PhoneLab-StatusMonitorLocation: Location_Latitude: 43.0020981 Longitude: -78.7870189 Accuracy: 30.0
07-10 14:06:48.054   293   559 D androidNetworkLocationListeners: Still have listener com.google.android.location.internal.client.NetworkLocationClient$1@413175c0
07-10 14:06:48.058  4382  4382 I PhoneLab-Locks: wake lock released
07-10 14:06:49.449   293   297 D dalvikvm: GC_CONCURRENT freed 593K, 8% free 11065K/11975K, paused 2ms+3ms
07-10 14:06:57.984  4924  4927 D dalvikvm: GC_CONCURRENT freed 714K, 8% free 11514K/12423K, paused 2ms+2ms
07-10 14:07:14.164  4924  4927 D dalvikvm: GC_CONCURRENT freed 712K, 8% free 11517K/12423K, paused 1ms+3ms
07-10 14:07:30.879  4924  4927 D dalvikvm: GC_CONCURRENT freed 714K, 8% free 11538K/12423K, paused 2ms+3ms
07-10 14:07:48.976  4924  4927 D dalvikvm: GC_CONCURRENT freed 772K, 8% free 11525K/12423K, paused 3ms+4ms
07-10 14:08:03.004  1102  1102 I wpa_supplicant: wlan0: WPA: Group rekeying completed with c4:3d:c7:a7:ad:c9 [GTK=CCMP]
07-10 14:08:06.199  4924  4927 D dalvikvm: GC_CONCURRENT freed 779K, 8% free 11521K/12423K, paused 1ms+3ms
07-10 14:08:22.242  4382  4395 I PhoneLab-: Service Running
07-10 14:08:22.308  4382  4395 I PhoneLab-LoggerService: app_36    1027  1     1440   1072  c00f181c 400107b4 S logcat
07-10 14:08:22.308  4382  4395 I PhoneLab-LoggerService: Logcat pid from database 1027
07-10 14:08:22.308  4382  4395 I PhoneLab-LoggerService: Logcat process found 1027
07-10 14:08:22.312  4382  4395 I PhoneLab-LoggerService: Checking Threshold
07-10 14:08:24.918  4924  4927 D dalvikvm: GC_CONCURRENT freed 805K, 8% free 11537K/12423K, paused 1ms+3ms
07-10 14:08:42.968  4924  4927 D dalvikvm: GC_CONCURRENT freed 787K, 8% free 11517K/12423K, paused 2ms+3ms
07-10 14:08:59.949  4924  4927 D dalvikvm: GC_CONCURRENT freed 725K, 8% free 11515K/12423K, paused 1ms+3ms
07-10 14:09:15.949  4924  4927 D dalvikvm: GC_CONCURRENT freed 709K, 8% free 11515K/12423K, paused 2ms+3ms
07-10 14:09:17.027   157   159 D dalvikvm: GC_CONCURRENT freed 937K, 17% free 13329K/16007K, paused 23ms+10ms
07-10 14:09:31.984  4924  4927 D dalvikvm: GC_CONCURRENT freed 706K, 8% free 11515K/12423K, paused 2ms+3ms
07-10 14:09:48.164  4924  4927 D dalvikvm: GC_CONCURRENT freed 710K, 8% free 11518K/12423K, paused 2ms+3ms
07-10 14:10:04.945  4924  4927 D dalvikvm: GC_CONCURRENT freed 724K, 8% free 11528K/12423K, paused 2ms+4ms
07-10 14:10:22.238  4382  4395 I PhoneLab-: Service Running
07-10 14:10:22.316  4382  4395 I PhoneLab-LoggerService: app_36    1027  1     1440   1072  c00f181c 400107b4 S logcat
07-10 14:10:22.316  4382  4395 I PhoneLab-LoggerService: Logcat pid from database 1027
07-10 14:10:22.316  4382  4395 I PhoneLab-LoggerService: Logcat process found 1027
07-10 14:10:22.316  4382  4395 I PhoneLab-LoggerService: Checking Threshold
07-10 14:10:23.574  4924  4927 D dalvikvm: GC_CONCURRENT freed 793K, 8% free 11531K/12423K, paused 14ms+3ms
07-10 14:10:29.890   356   359 D dalvikvm: GC_CONCURRENT freed 384K, 7% free 9450K/10055K, paused 2ms+2ms
07-10 14:10:41.004  4924  4927 D dalvikvm: GC_CONCURRENT freed 774K, 8% free 11518K/12423K, paused 8ms+3ms
07-10 14:10:42.015   227   229 D dalvikvm: GC_CONCURRENT freed 586K, 37% free 11109K/17543K, paused 1ms+5ms
07-10 14:10:57.019  4924  4927 D dalvikvm: GC_CONCURRENT freed 715K, 8% free 11517K/12423K, paused 2ms+4ms
07-10 14:11:13.972  4924  4927 D dalvikvm: GC_CONCURRENT freed 728K, 8% free 11516K/12423K, paused 19ms+3ms
07-10 14:11:30.312  4924  4927 D dalvikvm: GC_CONCURRENT freed 712K, 8% free 11518K/12423K, paused 2ms+4ms
07-10 14:11:47.000  4924  4927 D dalvikvm: GC_CONCURRENT freed 725K, 8% free 11529K/12423K, paused 2ms+3ms
07-10 14:12:04.996  4924  4927 D dalvikvm: GC_CONCURRENT freed 772K, 8% free 11518K/12423K, paused 1ms+4ms
07-10 14:12:19.980   157   159 D dalvikvm: GC_CONCURRENT freed 968K, 17% free 13314K/16007K, paused 15ms+5ms
07-10 14:12:20.976  4924  4927 D dalvikvm: GC_CONCURRENT freed 707K, 8% free 11516K/12423K, paused 1ms+3ms
07-10 14:12:22.242  4382  4395 I PhoneLab-: Service Running
07-10 14:12:22.386  4382  4395 I PhoneLab-LoggerService: app_36    1027  1     1440   1072  c00f181c 400107b4 S logcat
07-10 14:12:22.386  4382  4395 I PhoneLab-LoggerService: Logcat pid from database 1027
07-10 14:12:22.386  4382  4395 I PhoneLab-LoggerService: Logcat process found 1027
07-10 14:12:22.390  4382  4395 I PhoneLab-LoggerService: Checking Threshold
07-10 14:12:37.008  4924  4927 D dalvikvm: GC_CONCURRENT freed 713K, 8% free 11521K/12423K, paused 2ms+4ms
07-10 14:12:55.726  4924  4927 D dalvikvm: GC_CONCURRENT freed 780K, 8% free 11532K/12423K, paused 2ms+4ms
07-10 14:13:12.949  4924  4927 D dalvikvm: GC_CONCURRENT freed 786K, 8% free 11518K/12423K, paused 1ms+4ms
07-10 14:13:29.133  4924  4927 D dalvikvm: GC_CONCURRENT freed 712K, 8% free 11519K/12423K, paused 4ms+3ms
07-10 14:13:47.976  4924  4927 D dalvikvm: GC_CONCURRENT freed 798K, 8% free 11529K/12423K, paused 1ms+3ms
07-10 14:14:05.996  4924  4927 D dalvikvm: GC_CONCURRENT freed 773K, 8% free 11519K/12423K, paused 1ms+3ms
07-10 14:14:06.984  4924  4946 D dalvikvm: GC_EXPLICIT freed 81K, 8% free 11500K/12423K, paused 10ms+3ms
07-10 14:14:22.242  4382  4395 I PhoneLab-: Service Running
07-10 14:14:22.332  4382  4395 I PhoneLab-LoggerService: app_36    1027  1     1440   1072  c00f181c 400107b4 S logcat
07-10 14:14:22.332  4382  4395 I PhoneLab-LoggerService: Logcat pid from database 1027
07-10 14:14:22.336  4382  4395 I PhoneLab-LoggerService: Logcat process found 1027
07-10 14:14:22.336  4382  4395 I PhoneLab-LoggerService: Checking Threshold
07-10 14:14:23.433  4924  4927 D dalvikvm: GC_CONCURRENT freed 686K, 8% free 11519K/12423K, paused 2ms+4ms
07-10 14:14:42.023  4924  4927 D dalvikvm: GC_CONCURRENT freed 778K, 8% free 11528K/12423K, paused 8ms+10ms
07-10 14:14:58.992  4924  4927 D dalvikvm: GC_CONCURRENT freed 771K, 8% free 11529K/12423K, paused 8ms+3ms
07-10 14:15:16.961  4924  4927 D dalvikvm: GC_CONCURRENT freed 774K, 8% free 11517K/12423K, paused 3ms+7ms
07-10 14:15:32.961  4924  4927 D dalvikvm: GC_CONCURRENT freed 709K, 8% free 11517K/12423K, paused 2ms+3ms
07-10 14:15:42.035   157   159 D dalvikvm: GC_CONCURRENT freed 953K, 17% free 13313K/16007K, paused 13ms+4ms
07-10 14:15:48.980  4924  4927 D dalvikvm: GC_CONCURRENT freed 710K, 8% free 11517K/12423K, paused 1ms+3ms
07-10 14:16:05.422  4924  4927 D dalvikvm: GC_CONCURRENT freed 708K, 8% free 11519K/12423K, paused 2ms+3ms
07-10 14:16:22.238  4382  4395 I PhoneLab-: Service Running
07-10 14:16:22.324  4382  4395 I PhoneLab-LoggerService: app_36    1027  1     1440   1072  c00f181c 400107b4 S logcat
07-10 14:16:22.324  4382  4395 I PhoneLab-LoggerService: Logcat pid from database 1027
07-10 14:16:22.324  4382  4395 I PhoneLab-LoggerService: Logcat process found 1027
07-10 14:16:22.324  4382  4395 I PhoneLab-LoggerService: Checking Threshold
07-10 14:16:24.031  4924  4927 D dalvikvm: GC_CONCURRENT freed 808K, 8% free 11533K/12423K, paused 18ms+4ms
07-10 14:16:42.035  4924  4927 D dalvikvm: GC_CONCURRENT freed 786K, 8% free 11522K/12423K, paused 2ms+7ms
07-10 14:16:46.820  4382  4382 I PhoneLab-Locks: wake lock acquired
07-10 14:16:46.988   157  4922 D dalvikvm: GC_EXPLICIT freed 323K, 17% free 13318K/16007K, paused 53ms+16ms
07-10 14:16:47.000  4382  4382 I PhoneLab-StatusMonitor: Status Monitoring is started
07-10 14:16:47.035  4382  4384 D dalvikvm: GC_CONCURRENT freed 543K, 18% free 9221K/11207K, paused 2ms+5ms
07-10 14:16:47.078  4382  4382 I PhoneLab-StatusMonitor: Value: 10 - unit: min
07-10 14:16:47.078  4382  4382 I PhoneLab-StatusMonitor: Running interval: 600000
07-10 14:16:47.093  4382  4382 I PhoneLab-StatusMonitor: Rescheduling status monitoring...
07-10 14:16:47.093  4382  4382 I PhoneLab-Locks: wake lock released
07-10 14:16:47.101  4382  4382 I PhoneLab-StatusMonitorLocation: Learning Location
07-10 14:16:47.101  4382  4382 I PhoneLab-Locks: wake lock acquired
07-10 14:16:47.113  4382  4382 I PhoneLab-Locks: wake lock acquired
07-10 14:16:47.117  4382  4384 D dalvikvm: GC_CONCURRENT freed 433K, 19% free 9184K/11207K, paused 1ms+3ms
07-10 14:16:47.121  4382  4382 I PhoneLab-StatusMonitorLocation: Learning Signal Strgth
07-10 14:16:47.121  4382  4382 I PhoneLab-Locks: wake lock acquired
07-10 14:16:47.133   293   559 D androidNetworkLocationListeners: Still have listener com.google.android.location.internal.client.NetworkLocationClient$1@413175c0
07-10 14:16:47.140   293   559 D androidNetworkLocationListeners: Still have listener com.google.android.location.internal.client.NetworkLocationClient$1@413175c0
07-10 14:16:47.144  4382  4382 I PhoneLab-StatusMonitorBattery: Battery_level: 97
07-10 14:16:47.144  4382  4382 I PhoneLab-Locks: wake lock released
07-10 14:16:47.148  4382  4382 I PhoneLab-StatusMonitorSignal: Signal_Strength: -86 asu: 14
07-10 14:16:47.148  4382  4382 I PhoneLab-Locks: wake lock released
07-10 14:16:48.437  4382  4382 I PhoneLab-StatusMonitorLocation: Location_Latitude: 43.0021222 Longitude: -78.7869888 Accuracy: 30.0
07-10 14:16:48.437   293   559 D androidNetworkLocationListeners: Still have listener com.google.android.location.internal.client.NetworkLocationClient$1@413175c0
07-10 14:16:48.437  4382  4382 I PhoneLab-Locks: wake lock released
07-10 14:16:49.859   293   297 D dalvikvm: GC_CONCURRENT freed 660K, 8% free 11086K/11975K, paused 2ms+3ms
07-10 14:16:57.019   227   229 D dalvikvm: GC_CONCURRENT freed 577K, 37% free 11108K/17543K, paused 2ms+7ms
07-10 14:16:59.441  4924  4927 D dalvikvm: GC_CONCURRENT freed 780K, 8% free 11524K/12423K, paused 2ms+3ms
07-10 14:17:18.011  4924  4927 D dalvikvm: GC_CONCURRENT freed 791K, 8% free 11519K/12423K, paused 18ms+3ms
07-10 14:17:33.976   356   359 D dalvikvm: GC_CONCURRENT freed 384K, 7% free 9451K/10055K, paused 30ms+6ms
07-10 14:17:34.918  4924  4927 D dalvikvm: GC_CONCURRENT freed 772K, 8% free 11520K/12423K, paused 2ms+3ms
07-10 14:17:53.531  4924  4927 D dalvikvm: GC_CONCURRENT freed 782K, 8% free 11525K/12423K, paused 2ms+3ms
07-10 14:18:12.000  4924  4927 D dalvikvm: GC_CONCURRENT freed 798K, 8% free 11519K/12423K, paused 2ms+10ms
07-10 14:18:18.808   441   444 D dalvikvm: GC_CONCURRENT freed 447K, 6% free 9478K/10055K, paused 3ms+6ms
07-10 14:18:22.238  4382  4395 I PhoneLab-: Service Running
07-10 14:18:22.316  4382  4395 I PhoneLab-LoggerService: app_36    1027  1     1440   1072  c00f181c 400107b4 S logcat
07-10 14:18:22.316  4382  4395 I PhoneLab-LoggerService: Logcat pid from database 1027
07-10 14:18:22.316  4382  4395 I PhoneLab-LoggerService: Logcat process found 1027
07-10 14:18:22.316  4382  4395 I PhoneLab-LoggerService: Checking Threshold
07-10 14:18:28.918  4924  4927 D dalvikvm: GC_CONCURRENT freed 775K, 8% free 11521K/12423K, paused 2ms+2ms
07-10 14:18:47.535  4924  4927 D dalvikvm: GC_CONCURRENT freed 782K, 8% free 11534K/12423K, paused 2ms+4ms
07-10 14:19:04.988  4924  4927 D dalvikvm: GC_CONCURRENT freed 774K, 8% free 11521K/12423K, paused 1ms+3ms
07-10 14:19:23.113  4924  4927 D dalvikvm: GC_CONCURRENT freed 785K, 8% free 11531K/12423K, paused 7ms+4ms
07-10 14:19:34.183   157   159 D dalvikvm: GC_CONCURRENT freed 932K, 17% free 13336K/16007K, paused 3ms+5ms
07-10 14:19:40.945  4924  4927 D dalvikvm: GC_CONCURRENT freed 771K, 8% free 11520K/12423K, paused 2ms+2ms
07-10 14:19:58.492  4924  4927 D dalvikvm: GC_CONCURRENT freed 779K, 8% free 11525K/12423K, paused 2ms+4ms
07-10 14:20:16.980  4924  4927 D dalvikvm: GC_CONCURRENT freed 786K, 8% free 11519K/12423K, paused 1ms+4ms
07-10 14:20:22.242  4382  4395 I PhoneLab-: Service Running
07-10 14:20:22.336  4382  4395 I PhoneLab-LoggerService: app_36    1027  1     1440   1072  c00f181c 400107b4 S logcat
07-10 14:20:22.343  4382  4395 I PhoneLab-LoggerService: Logcat pid from database 1027
07-10 14:20:22.343  4382  4395 I PhoneLab-LoggerService: Logcat process found 1027
07-10 14:20:22.343  4382  4395 I PhoneLab-LoggerService: Checking Threshold
07-10 14:20:33.933  4924  4927 D dalvikvm: GC_CONCURRENT freed 757K, 8% free 11531K/12423K, paused 1ms+3ms
07-10 14:20:52.636  4924  4927 D dalvikvm: GC_CONCURRENT freed 787K, 8% free 11536K/12423K, paused 17ms+2ms
07-10 14:21:09.949  4924  4927 D dalvikvm: GC_CONCURRENT freed 773K, 8% free 11521K/12423K, paused 2ms+3ms
07-10 14:21:28.019  4924  4927 D dalvikvm: GC_CONCURRENT freed 786K, 8% free 11537K/12423K, paused 5ms+4ms
07-10 14:21:46.000  4924  4927 D dalvikvm: GC_CONCURRENT freed 775K, 8% free 11521K/12423K, paused 1ms+2ms
07-10 14:22:03.449  4924  4927 D dalvikvm: GC_CONCURRENT freed 770K, 8% free 11523K/12423K, paused 2ms+3ms
07-10 14:22:22.019  4924  4927 D dalvikvm: GC_CONCURRENT freed 773K, 8% free 11528K/12423K, paused 17ms+4ms
07-10 14:22:22.242  4382  4395 I PhoneLab-: Service Running
07-10 14:22:22.316  4382  4395 I PhoneLab-LoggerService: app_36    1027  1     1440   1072  c00f181c 400107b4 S logcat
07-10 14:22:22.316  4382  4395 I PhoneLab-LoggerService: Logcat pid from database 1027
07-10 14:22:22.316  4382  4395 I PhoneLab-LoggerService: Logcat process found 1027
07-10 14:22:22.316  4382  4395 I PhoneLab-LoggerService: Checking Threshold
07-10 14:22:36.609   157   159 D dalvikvm: GC_CONCURRENT freed 976K, 17% free 13313K/16007K, paused 23ms+4ms
07-10 14:22:38.992  4924  4927 D dalvikvm: GC_CONCURRENT freed 776K, 8% free 11531K/12423K, paused 7ms+3ms
07-10 14:22:57.488  4924  4927 D dalvikvm: GC_CONCURRENT freed 791K, 8% free 11534K/12423K, paused 17ms+3ms
07-10 14:23:12.039   227   229 D dalvikvm: GC_CONCURRENT freed 574K, 37% free 11108K/17543K, paused 3ms+5ms
07-10 14:23:14.972  4924  4927 D dalvikvm: GC_CONCURRENT freed 768K, 8% free 11521K/12423K, paused 1ms+3ms
07-10 14:23:27.367   293  3766 D dalvikvm: GC_EXPLICIT freed 356K, 8% free 11084K/11975K, paused 12ms+5ms
07-10 14:23:32.890  4924  4927 D dalvikvm: GC_CONCURRENT freed 772K, 8% free 11546K/12423K, paused 2ms+4ms
07-10 14:23:50.961  4924  4927 D dalvikvm: GC_CONCURRENT freed 777K, 8% free 11529K/12423K, paused 4ms+6ms
07-10 14:24:08.105  4924  4927 D dalvikvm: GC_CONCURRENT freed 777K, 8% free 11523K/12423K, paused 4ms+3ms
07-10 14:24:22.242  4382  4395 I PhoneLab-: Service Running
07-10 14:24:22.316  4382  4395 I PhoneLab-LoggerService: app_36    1027  1     1440   1072  c00f181c 400107b4 S logcat
07-10 14:24:22.316  4382  4395 I PhoneLab-LoggerService: Logcat pid from database 1027
07-10 14:24:22.316  4382  4395 I PhoneLab-LoggerService: Logcat process found 1027
07-10 14:24:22.316  4382  4395 I PhoneLab-LoggerService: Checking Threshold
07-10 14:24:27.004  4924  4927 D dalvikvm: GC_CONCURRENT freed 816K, 8% free 11536K/12423K, paused 15ms+5ms
07-10 14:24:44.992  4924  4927 D dalvikvm: GC_CONCURRENT freed 773K, 8% free 11522K/12423K, paused 2ms+7ms
07-10 14:24:54.941   356   359 D dalvikvm: GC_CONCURRENT freed 384K, 7% free 9451K/10055K, paused 32ms+2ms
07-10 14:25:02.437  4924  4927 D dalvikvm: GC_CONCURRENT freed 773K, 8% free 11525K/12423K, paused 2ms+3ms
07-10 14:25:20.976  4924  4927 D dalvikvm: GC_CONCURRENT freed 790K, 8% free 11520K/12423K, paused 15ms+2ms
07-10 14:25:37.961  4924  4927 D dalvikvm: GC_CONCURRENT freed 769K, 8% free 11522K/12423K, paused 2ms+4ms
07-10 14:25:56.562  4924  4927 D dalvikvm: GC_CONCURRENT freed 775K, 8% free 11538K/12423K, paused 2ms+3ms
07-10 14:26:00.078   157   159 D dalvikvm: GC_CONCURRENT freed 971K, 17% free 13316K/16007K, paused 2ms+13ms
07-10 14:26:13.965  4924  4927 D dalvikvm: GC_CONCURRENT freed 776K, 8% free 11531K/12423K, paused 2ms+4ms
07-10 14:26:22.238  4382  4395 I PhoneLab-: Service Running
07-10 14:26:22.336  4382  4395 I PhoneLab-LoggerService: app_36    1027  1     1440   1072  c00f181c 400107b4 S logcat
07-10 14:26:22.336  4382  4395 I PhoneLab-LoggerService: Logcat pid from database 1027
07-10 14:26:22.336  4382  4395 I PhoneLab-LoggerService: Logcat process found 1027
07-10 14:26:22.336  4382  4395 I PhoneLab-LoggerService: Checking Threshold
07-10 14:26:31.980  4924  4927 D dalvikvm: GC_CONCURRENT freed 807K, 8% free 11536K/12423K, paused 17ms+4ms
07-10 14:26:47.129  4382  4382 I PhoneLab-Locks: wake lock acquired
07-10 14:26:47.183  4382  4382 I PhoneLab-StatusMonitor: Status Monitoring is started
07-10 14:26:47.226  4382  4384 D dalvikvm: GC_CONCURRENT freed 462K, 18% free 9233K/11207K, paused 2ms+3ms
07-10 14:26:47.250  4382  4382 I PhoneLab-StatusMonitor: Value: 10 - unit: min
07-10 14:26:47.250  4382  4382 I PhoneLab-StatusMonitor: Running interval: 600000
07-10 14:26:47.258  4382  4382 I PhoneLab-StatusMonitor: Rescheduling status monitoring...
07-10 14:26:47.258  4382  4382 I PhoneLab-Locks: wake lock released
07-10 14:26:47.261  4382  4382 I PhoneLab-StatusMonitorLocation: Learning Location
07-10 14:26:47.261  4382  4382 I PhoneLab-Locks: wake lock acquired
07-10 14:26:47.265  4382  4382 I PhoneLab-Locks: wake lock acquired
07-10 14:26:47.269   293   559 D androidNetworkLocationListeners: Still have listener com.google.android.location.internal.client.NetworkLocationClient$1@413175c0
07-10 14:26:47.273  4382  4382 I PhoneLab-StatusMonitorLocation: Learning Signal Strgth
07-10 14:26:47.273  4382  4382 I PhoneLab-Locks: wake lock acquired
07-10 14:26:47.285   293   559 D androidNetworkLocationListeners: Still have listener com.google.android.location.internal.client.NetworkLocationClient$1@413175c0
07-10 14:26:47.285  4382  4382 I PhoneLab-StatusMonitorBattery: Battery_level: 98
07-10 14:26:47.289  4382  4382 I PhoneLab-Locks: wake lock released
07-10 14:26:47.293  4382  4382 I PhoneLab-StatusMonitorSignal: Signal_Strength: -86 asu: 14
07-10 14:26:47.293  4382  4382 I PhoneLab-Locks: wake lock released
07-10 14:26:48.644  4382  4382 I PhoneLab-StatusMonitorLocation: Location_Latitude: 43.002107 Longitude: -78.7870414 Accuracy: 30.0
07-10 14:26:48.644   293   559 D androidNetworkLocationListeners: Still have listener com.google.android.location.internal.client.NetworkLocationClient$1@413175c0
07-10 14:26:48.644  4382  4382 I PhoneLab-Locks: wake lock released
07-10 14:26:49.957  4924  4927 D dalvikvm: GC_CONCURRENT freed 772K, 8% free 11522K/12423K, paused 2ms+4ms
07-10 14:26:50.156   293   297 D dalvikvm: GC_CONCURRENT freed 610K, 8% free 11065K/11975K, paused 2ms+3ms
07-10 14:27:07.312  4924  4927 D dalvikvm: GC_CONCURRENT freed 771K, 8% free 11524K/12423K, paused 2ms+3ms
07-10 14:27:25.984  4924  4927 D dalvikvm: GC_CONCURRENT freed 776K, 8% free 11549K/12423K, paused 1ms+3ms
07-10 14:27:43.011  4924  4927 D dalvikvm: GC_CONCURRENT freed 778K, 8% free 11532K/12423K, paused 7ms+3ms
07-10 14:27:44.890   441   444 D dalvikvm: GC_CONCURRENT freed 441K, 6% free 9483K/10055K, paused 2ms+3ms
07-10 14:28:01.406  4924  4927 D dalvikvm: GC_CONCURRENT freed 788K, 8% free 11536K/12423K, paused 18ms+4ms
07-10 14:28:18.988  4924  4927 D dalvikvm: GC_CONCURRENT freed 764K, 8% free 11532K/12423K, paused 1ms+2ms
07-10 14:28:22.242  4382  4395 I PhoneLab-: Service Running
07-10 14:28:22.289  4382  4395 I PhoneLab-LoggerService: app_36    1027  1     1440   1072  c00f181c 400107b4 S logcat
07-10 14:28:22.289  4382  4395 I PhoneLab-LoggerService: Logcat pid from database 1027
07-10 14:28:22.297  4382  4395 I PhoneLab-LoggerService: Logcat process found 1027
07-10 14:28:22.297  4382  4395 I PhoneLab-LoggerService: Checking Threshold
07-10 14:28:36.976  4924  4927 D dalvikvm: GC_CONCURRENT freed 790K, 8% free 11537K/12423K, paused 2ms+3ms
07-10 14:28:54.980  4924  4927 D dalvikvm: GC_CONCURRENT freed 771K, 8% free 11522K/12423K, paused 2ms+4ms
07-10 14:28:57.965   157   159 D dalvikvm: GC_CONCURRENT freed 935K, 17% free 13332K/16007K, paused 20ms+4ms
07-10 14:29:11.402   157   173 V BackupManagerService: Running a backup pass
07-10 14:29:11.457   157   226 V BackupManagerService: Backup requested but nothing pending
07-10 14:29:12.441  4924  4927 D dalvikvm: GC_CONCURRENT freed 774K, 8% free 11538K/12423K, paused 2ms+2ms
07-10 14:29:27.058   227   229 D dalvikvm: GC_CONCURRENT freed 569K, 37% free 11110K/17543K, paused 2ms+11ms
07-10 14:29:29.949  4924  4927 D dalvikvm: GC_CONCURRENT freed 772K, 8% free 11523K/12423K, paused 2ms+3ms
07-10 14:29:47.906  4924  4927 D dalvikvm: GC_CONCURRENT freed 791K, 8% free 11526K/12423K, paused 2ms+3ms
07-10 14:30:05.972  4924  4927 D dalvikvm: GC_CONCURRENT freed 766K, 8% free 11521K/12423K, paused 3ms+4ms
07-10 14:30:22.238  4382  4395 I PhoneLab-: Service Running
07-10 14:30:22.414  4382  4395 I PhoneLab-LoggerService: app_36    1027  1     1440   1072  c00f181c 400107b4 S logcat
07-10 14:30:22.414  4382  4395 I PhoneLab-LoggerService: Logcat pid from database 1027
07-10 14:30:22.414  4382  4395 I PhoneLab-LoggerService: Logcat process found 1027
07-10 14:30:22.414  4382  4395 I PhoneLab-LoggerService: Checking Threshold
07-10 14:30:22.453  4382  4384 D dalvikvm: GC_CONCURRENT freed 429K, 18% free 9200K/11207K, paused 9ms+3ms
07-10 14:30:23.242  4924  4927 D dalvikvm: GC_CONCURRENT freed 764K, 8% free 11526K/12423K, paused 2ms+4ms
07-10 14:30:31.277  4382  4382 I PhoneLab-Locks: wake lock acquired
07-10 14:30:31.324  4382  5213 I PhoneLab-PeriodicCheckService: User info is synched
07-10 14:30:31.324  4382  5213 I PhoneLab-PeriodicCheckService: Logger Service is running
07-10 14:30:31.332  4382  5213 I PhoneLab-Locks: wake lock acquired
07-10 14:30:31.332  4382  4382 I PhoneLab-UploadLogs: Transfering log files now
07-10 14:30:31.332  4382  4382 I PhoneLab-UploadLogs: No log files to transfer
07-10 14:30:31.332  4382  4382 I PhoneLab-Locks: wake lock released
07-10 14:30:31.332  4382  4382 I PhoneLab-UploadLogs: OnStartCommand
07-10 14:30:31.340  4382  5213 I PhoneLab-PeriodicCheckService: Rescheduling periodic checking...
07-10 14:30:31.340  4382  5213 I PhoneLab-Locks: wake lock released
07-10 14:30:42.117  4924  4927 D dalvikvm: GC_CONCURRENT freed 806K, 8% free 11548K/12423K, paused 18ms+7ms
07-10 14:30:59.972  4924  4927 D dalvikvm: GC_CONCURRENT freed 774K, 8% free 11533K/12423K, paused 2ms+3ms
07-10 14:31:17.527  4924  4927 D dalvikvm: GC_CONCURRENT freed 774K, 8% free 11527K/12423K, paused 2ms+3ms
07-10 14:31:36.019  4924  4927 D dalvikvm: GC_CONCURRENT freed 774K, 8% free 11531K/12423K, paused 17ms+3ms
07-10 14:31:52.933  4924  4927 D dalvikvm: GC_CONCURRENT freed 780K, 8% free 11524K/12423K, paused 2ms+3ms
07-10 14:32:04.941   356   359 D dalvikvm: GC_CONCURRENT freed 384K, 7% free 9450K/10055K, paused 35ms+2ms
07-10 14:32:11.633  4924  4927 D dalvikvm: GC_CONCURRENT freed 773K, 8% free 11541K/12423K, paused 2ms+4ms
07-10 14:32:12.015   157   159 D dalvikvm: GC_CONCURRENT freed 970K, 17% free 13318K/16007K, paused 31ms+4ms
07-10 14:32:22.238  4382  4395 I PhoneLab-: Service Running
07-10 14:32:22.343  4382  4395 I PhoneLab-LoggerService: app_36    1027  1     1440   1072  c00f181c 400107b4 S logcat
07-10 14:32:22.347  4382  4395 I PhoneLab-LoggerService: Logcat pid from database 1027
07-10 14:32:22.347  4382  4395 I PhoneLab-LoggerService: Logcat process found 1027
07-10 14:32:22.347  4382  4395 I PhoneLab-LoggerService: Checking Threshold
07-10 14:32:28.949  4924  4927 D dalvikvm: GC_CONCURRENT freed 787K, 8% free 11524K/12423K, paused 12ms+3ms
07-10 14:32:47.000  4924  4927 D dalvikvm: GC_CONCURRENT freed 776K, 8% free 11540K/12423K, paused 2ms+3ms
07-10 14:33:01.019   293   835 I EventLogService: Aggregate from 1341943380957 (log), 1341943380957 (data)
07-10 14:33:04.996  4924  4927 D dalvikvm: GC_CONCURRENT freed 765K, 8% free 11524K/12423K, paused 1ms+3ms
07-10 14:33:22.492  4924  4927 D dalvikvm: GC_CONCURRENT freed 773K, 8% free 11527K/12423K, paused 2ms+3ms
07-10 14:33:41.054  4924  4927 D dalvikvm: GC_CONCURRENT freed 786K, 8% free 11522K/12423K, paused 18ms+3ms
07-10 14:33:57.918  4924  4927 D dalvikvm: GC_CONCURRENT freed 766K, 8% free 11534K/12423K, paused 2ms+4ms
07-10 14:34:15.965  4924  4927 D dalvikvm: GC_CONCURRENT freed 763K, 8% free 11532K/12423K, paused 3ms+7ms
07-10 14:34:22.238  4382  4395 I PhoneLab-: Service Running
07-10 14:34:22.340  4382  4395 I PhoneLab-LoggerService: app_36    1027  1     1440   1072  c00f181c 400107b4 S logcat
07-10 14:34:22.340  4382  4395 I PhoneLab-LoggerService: Logcat pid from database 1027
07-10 14:34:22.340  4382  4395 I PhoneLab-LoggerService: Logcat process found 1027
07-10 14:34:22.340  4382  4395 I PhoneLab-LoggerService: Checking Threshold
07-10 14:34:33.121  4924  4927 D dalvikvm: GC_CONCURRENT freed 775K, 8% free 11527K/12423K, paused 3ms+4ms
07-10 14:34:42.922   157   193 I InputReader: Reconfiguring input devices.  changes=0x00000004
07-10 14:34:42.922   157   193 I InputReader: Device reconfigured: id=7, name='mxt224_ts_input', surface size is now 480x800, mode is 1
07-10 14:34:42.972   157   173 I ActivityManager: Config changed: {1.0 310mcc120mnc en_US layoutdir=0 sw320dp w533dp h294dp nrml long land finger -keyb/v/h -nav/h s.23}
07-10 14:34:43.281   227   227 D dalvikvm: GC_FOR_ALLOC freed 727K, 38% free 10916K/17543K, paused 53ms
07-10 14:34:43.301   157   169 I ActivityManager: Process com.android.vending (pid 4309) has died.
07-10 14:34:43.328   227   229 D dalvikvm: GC_CONCURRENT freed 555K, 38% free 10967K/17543K, paused 1ms+3ms
07-10 14:34:43.398   227   229 D dalvikvm: GC_CONCURRENT freed 182K, 36% free 11391K/17543K, paused 4ms+3ms
07-10 14:34:45.554   157   187 D dalvikvm: GC_EXPLICIT freed 899K, 17% free 13330K/16007K, paused 12ms+5ms
07-10 14:34:49.519  4924  4927 D dalvikvm: GC_CONCURRENT freed 739K, 7% free 11564K/12423K, paused 2ms+4ms
07-10 14:34:50.500   157   193 I InputReader: Reconfiguring input devices.  changes=0x00000004
07-10 14:34:50.500   157   193 I InputReader: Device reconfigured: id=7, name='mxt224_ts_input', surface size is now 480x800, mode is 1
07-10 14:34:50.558   157   173 I ActivityManager: Config changed: {1.0 310mcc120mnc en_US layoutdir=0 sw320dp w320dp h508dp nrml long port finger -keyb/v/h -nav/h s.24}
07-10 14:34:50.875   227   227 D dalvikvm: GC_FOR_ALLOC freed 1271K, 39% free 10770K/17543K, paused 38ms
07-10 14:34:53.113   157   187 D dalvikvm: GC_EXPLICIT freed 80K, 17% free 13306K/16007K, paused 12ms+6ms
07-10 14:35:03.949  4924  4927 D dalvikvm: GC_CONCURRENT freed 669K, 7% free 11637K/12487K, paused 1ms+4ms
07-10 14:35:22.097  4924  4927 D dalvikvm: GC_CONCURRENT freed 787K, 8% free 11644K/12551K, paused 3ms+4ms
07-10 14:35:40.953  4924  4927 D dalvikvm: GC_CONCURRENT freed 810K, 8% free 11644K/12551K, paused 9ms+4ms
07-10 14:35:59.683  4924  4927 D dalvikvm: GC_CONCURRENT freed 783K, 8% free 11656K/12551K, paused 1ms+3ms
07-10 14:36:17.988  4924  4927 D dalvikvm: GC_CONCURRENT freed 777K, 8% free 11650K/12551K, paused 8ms+2ms
07-10 14:36:22.242  4382  4395 I PhoneLab-: Service Running
07-10 14:36:22.332  4382  4395 I PhoneLab-LoggerService: app_36    1027  1     1440   1072  c00f181c 400107b4 S logcat
07-10 14:36:22.332  4382  4395 I PhoneLab-LoggerService: Logcat pid from database 1027
07-10 14:36:22.336  4382  4395 I PhoneLab-LoggerService: Logcat process found 1027
07-10 14:36:22.336  4382  4395 I PhoneLab-LoggerService: Checking Threshold
07-10 14:36:33.035  4924  4927 D dalvikvm: GC_CONCURRENT freed 699K, 8% free 11730K/12615K, paused 1ms+3ms
07-10 14:36:47.301  4382  4382 I PhoneLab-Locks: wake lock acquired
07-10 14:36:47.336  4382  4382 I PhoneLab-StatusMonitor: Status Monitoring is started
07-10 14:36:47.386  4382  4384 D dalvikvm: GC_CONCURRENT freed 470K, 18% free 9242K/11207K, paused 1ms+2ms
07-10 14:36:47.402  4382  4382 I PhoneLab-StatusMonitor: Value: 10 - unit: min
07-10 14:36:47.402  4382  4382 I PhoneLab-StatusMonitor: Running interval: 600000
07-10 14:36:47.484   157   374 D dalvikvm: GC_EXPLICIT freed 572K, 17% free 13312K/16007K, paused 2ms+6ms
07-10 14:36:47.488  4382  4382 I PhoneLab-StatusMonitor: Rescheduling status monitoring...
07-10 14:36:47.488  4382  4382 I PhoneLab-Locks: wake lock released
07-10 14:36:47.496  4382  4382 I PhoneLab-StatusMonitorLocation: Learning Location
07-10 14:36:47.496  4382  4382 I PhoneLab-Locks: wake lock acquired
07-10 14:36:47.504  4382  4382 I PhoneLab-Locks: wake lock acquired
07-10 14:36:47.504   293   559 D androidNetworkLocationListeners: Still have listener com.google.android.location.internal.client.NetworkLocationClient$1@413175c0
07-10 14:36:47.511  4382  4382 I PhoneLab-StatusMonitorLocation: Learning Signal Strgth
07-10 14:36:47.511  4382  4382 I PhoneLab-Locks: wake lock acquired
07-10 14:36:47.562   293   559 D androidNetworkLocationListeners: Still have listener com.google.android.location.internal.client.NetworkLocationClient$1@413175c0
07-10 14:36:47.566  4382  4382 I PhoneLab-StatusMonitorBattery: Battery_level: 98
07-10 14:36:47.570  4382  4382 I PhoneLab-Locks: wake lock released
07-10 14:36:47.574  4382  4382 I PhoneLab-StatusMonitorSignal: Signal_Strength: -96 asu: 9
07-10 14:36:47.574  4382  4382 I PhoneLab-Locks: wake lock released
07-10 14:36:48.965  4382  4382 I PhoneLab-StatusMonitorLocation: Location_Latitude: 43.002169 Longitude: -78.7870641 Accuracy: 21.0
07-10 14:36:48.965   293   559 D androidNetworkLocationListeners: Still have listener com.google.android.location.internal.client.NetworkLocationClient$1@413175c0
07-10 14:36:48.968  4382  4382 I PhoneLab-Locks: wake lock released
07-10 14:36:50.375   293   297 D dalvikvm: GC_CONCURRENT freed 570K, 7% free 11218K/11975K, paused 2ms+3ms
07-10 14:36:53.074  4924  4927 D dalvikvm: GC_CONCURRENT freed 823K, 8% free 11737K/12679K, paused 48ms+5ms
07-10 14:37:12.023  4924  4927 D dalvikvm: GC_CONCURRENT freed 819K, 8% free 11739K/12679K, paused 9ms+7ms
07-10 14:37:12.070   227   229 D dalvikvm: GC_CONCURRENT freed 224K, 38% free 11004K/17543K, paused 2ms+3ms
07-10 14:37:27.347   227   227 D PhoneStatusBar: disable: < EXPAND* icons alerts ticker system_info back home recent clock >
07-10 14:37:30.984  4924  4927 D dalvikvm: GC_CONCURRENT freed 812K, 8% free 11739K/12679K, paused 2ms+4ms
07-10 14:37:33.527   157   157 W InputManagerService: Window already focused, ignoring focus gain of: com.android.internal.view.IInputMethodClient$Stub$Proxy@4163e9d0
07-10 14:37:33.531   227   227 V PhoneStatusBar: setLightsOn(true)
07-10 14:37:33.531   227   227 D PhoneStatusBar: disable: < expand* icons alerts ticker system_info back home recent clock >
07-10 14:37:38.461    81   124 D AudioHardware: AudioHardware pcm playback is exiting standby.
07-10 14:37:38.461    81   124 D AudioHardware: openPcmOut_l() mPcmOpenCnt: 0
07-10 14:37:39.781   157   374 W InputManagerService: Window already focused, ignoring focus gain of: com.android.internal.view.IInputMethodClient$Stub$Proxy@41639020
07-10 14:37:41.558    81   124 D AudioHardware: AudioHardware pcm playback is going to standby.
07-10 14:37:41.558    81   124 D AudioHardware: closePcmOut_l() mPcmOpenCnt: 1
07-10 14:37:43.754    81   124 D AudioHardware: AudioHardware pcm playback is exiting standby.
07-10 14:37:43.754    81   124 D AudioHardware: openPcmOut_l() mPcmOpenCnt: 0
07-10 14:37:48.929  4924  4927 D dalvikvm: GC_CONCURRENT freed 811K, 8% free 11757K/12679K, paused 5ms+3ms
07-10 14:37:49.988    81   124 D AudioHardware: AudioHardware pcm playback is going to standby.
07-10 14:37:49.988    81   124 D AudioHardware: closePcmOut_l() mPcmOpenCnt: 1
07-10 14:37:52.437   227   227 V PhoneStatusBar: setLightsOn(true)
07-10 14:37:53.148   157   159 D dalvikvm: JIT code cache reset in 5 ms (1048532 bytes 6/0)
07-10 14:37:53.160   157   159 D dalvikvm: GC_CONCURRENT freed 847K, 16% free 13489K/16007K, paused 2ms+12ms
07-10 14:37:57.258   157  5235 I AudioService:  AudioFocus  abandonAudioFocus() from android.media.AudioManager@414fb440
07-10 14:37:59.004   157   334 I ActivityManager: START {cmp=edu.umich.PowerTutor/.ui.UMLogger bnds=[0,216][480,312] (has extras)} from pid -1
07-10 14:37:59.008   157   334 W ActivityManager: startActivity called from non-Activity context; forcing Intent.FLAG_ACTIVITY_NEW_TASK for: Intent { cmp=edu.umich.PowerTutor/.ui.UMLogger bnds=[0,216][480,312] (has extras) }
07-10 14:37:59.043    81   124 D AudioHardware: AudioHardware pcm playback is exiting standby.
07-10 14:37:59.043    81   124 D AudioHardware: openPcmOut_l() mPcmOpenCnt: 0
07-10 14:37:59.113   157   355 W KeyguardViewMediator: verifyUnlock called when not externally disabled
07-10 14:37:59.234   157   355 I ActivityManager: START {cmp=edu.umich.PowerTutor/.ui.PowerTabs} from pid 4924
07-10 14:37:59.375   385   385 D OpenGLRenderer: Flushing caches (mode 1)
07-10 14:37:59.398  4924  4924 W PhoneSelector: Phone type not recognized (crespo4g), using Dream constants
07-10 14:37:59.508   385   385 D OpenGLRenderer: Flushing caches (mode 0)
07-10 14:37:59.656  4924  4924 D AndroidRuntime: Shutting down VM
07-10 14:37:59.656  4924  4924 W dalvikvm: threadid=1: thread exiting with uncaught exception (group=0x40a291f8)
07-10 14:37:59.679  4924  4924 E AndroidRuntime: FATAL EXCEPTION: main
07-10 14:37:59.679  4924  4924 E AndroidRuntime: java.lang.NullPointerException
07-10 14:37:59.679  4924  4924 E AndroidRuntime: 	at edu.umich.PowerTutor.ui.PowerViewer.refreshView(Unknown Source)
07-10 14:37:59.679  4924  4924 E AndroidRuntime: 	at edu.umich.PowerTutor.ui.PowerViewer$CounterServiceConnection.onServiceConnected(Unknown Source)
07-10 14:37:59.679  4924  4924 E AndroidRuntime: 	at android.app.LoadedApk$ServiceDispatcher.doConnected(LoadedApk.java:1068)
07-10 14:37:59.679  4924  4924 E AndroidRuntime: 	at android.app.LoadedApk$ServiceDispatcher$RunConnection.run(LoadedApk.java:1085)
07-10 14:37:59.679  4924  4924 E AndroidRuntime: 	at android.os.Handler.handleCallback(Handler.java:605)
07-10 14:37:59.679  4924  4924 E AndroidRuntime: 	at android.os.Handler.dispatchMessage(Handler.java:92)
07-10 14:37:59.679  4924  4924 E AndroidRuntime: 	at android.os.Looper.loop(Looper.java:137)
07-10 14:37:59.679  4924  4924 E AndroidRuntime: 	at android.app.ActivityThread.main(ActivityThread.java:4424)
07-10 14:37:59.679  4924  4924 E AndroidRuntime: 	at java.lang.reflect.Method.invokeNative(Native Method)
07-10 14:37:59.679  4924  4924 E AndroidRuntime: 	at java.lang.reflect.Method.invoke(Method.java:511)
07-10 14:37:59.679  4924  4924 E AndroidRuntime: 	at com.android.internal.os.ZygoteInit$MethodAndArgsCaller.run(ZygoteInit.java:784)
07-10 14:37:59.679  4924  4924 E AndroidRuntime: 	at com.android.internal.os.ZygoteInit.main(ZygoteInit.java:551)
07-10 14:37:59.679  4924  4924 E AndroidRuntime: 	at dalvik.system.NativeStart.main(Native Method)
07-10 14:37:59.691   157   407 W ActivityManager:   Force finishing activity edu.umich.PowerTutor/.ui.PowerTabs
07-10 14:37:59.722   157   407 W ActivityManager:   Force finishing activity edu.umich.PowerTutor/.ui.UMLogger
07-10 14:37:59.761   157   173 I Process : Sending signal. PID: 4924 SIG: 3
07-10 14:37:59.761  4924  4929 I dalvikvm: threadid=3: reacting to signal 3
07-10 14:37:59.777  4924  4929 I dalvikvm: Wrote stack traces to '/data/anr/traces.txt'
07-10 14:37:59.804  4924  4927 D dalvikvm: GC_CONCURRENT freed 593K, 6% free 11980K/12679K, paused 3ms+6ms
07-10 14:38:00.226   157   173 W ActivityManager: Activity pause timeout for ActivityRecord{413418b0 edu.umich.PowerTutor/.ui.PowerTabs}
07-10 14:38:00.234   157   173 I Process : Sending signal. PID: 4924 SIG: 3
07-10 14:38:00.234  4924  4929 I dalvikvm: threadid=3: reacting to signal 3
07-10 14:38:00.269  4924  4929 I dalvikvm: Wrote stack traces to '/data/anr/traces.txt'
07-10 14:38:02.140    81   124 D AudioHardware: AudioHardware pcm playback is going to standby.
07-10 14:38:02.140    81   124 D AudioHardware: closePcmOut_l() mPcmOpenCnt: 1
07-10 14:38:02.910  4924  4924 I Process : Sending signal. PID: 4924 SIG: 9
07-10 14:38:02.937    81   124 D AudioHardware: AudioHardware pcm playback is exiting standby.
07-10 14:38:02.937    81   124 D AudioHardware: openPcmOut_l() mPcmOpenCnt: 0
07-10 14:38:02.937   157   168 W InputManagerService: Window already focused, ignoring focus gain of: com.android.internal.view.IInputMethodClient$Stub$Proxy@41428bf0
07-10 14:38:02.937   157   355 I ActivityManager: Process edu.umich.PowerTutor (pid 4924) has died.
07-10 14:38:02.937   157   355 W ActivityManager: Service crashed 2 times, stopping: ServiceRecord{416cfa20 edu.umich.PowerTutor/.service.UMLoggerService}
07-10 14:38:02.945   157  4922 I WindowManager: WIN DEATH: Window{4169b4b8 edu.umich.PowerTutor/edu.umich.PowerTutor.ui.PowerTabs paused=false}
07-10 14:38:02.949   157   333 I WindowManager: WIN DEATH: Window{4164f950 edu.umich.PowerTutor/edu.umich.PowerTutor.ui.UMLogger paused=true}
07-10 14:38:03.152   227   229 D dalvikvm: GC_CONCURRENT freed 677K, 38% free 10932K/17543K, paused 1ms+10ms
07-10 14:38:06.035    81   124 D AudioHardware: AudioHardware pcm playback is going to standby.
07-10 14:38:06.035    81   124 D AudioHardware: closePcmOut_l() mPcmOpenCnt: 1
07-10 14:38:07.941   157   374 I ActivityManager: START {act=android.intent.action.VIEW dat=content://gmail-ls/account/anandatirtha@gmail.com/label/^i typ=application/gmail-ls flg=0x10008000 cmp=com.google.android.gm/.ConversationListActivityGmail bnds=[96,216][480,312] (has extras)} from pid -1
07-10 14:38:07.984    81   124 D AudioHardware: AudioHardware pcm playback is exiting standby.
07-10 14:38:07.984    81   124 D AudioHardware: openPcmOut_l() mPcmOpenCnt: 0
07-10 14:38:08.000   157   169 W KeyguardViewMediator: verifyUnlock called when not externally disabled
07-10 14:38:08.113   385   385 D OpenGLRenderer: Flushing caches (mode 1)
07-10 14:38:08.316   385   385 D OpenGLRenderer: Flushing caches (mode 0)
07-10 14:38:08.461  4611  4631 E Gmail.LabelManager: Unable to get label ^i for account ubphlab@gmail.com
07-10 14:38:08.500   157   173 I Process : Sending signal. PID: 4611 SIG: 3
07-10 14:38:08.504  4611  4631 E Gmail.LabelManager: Unable to get label ^i for account ubphlab@gmail.com
07-10 14:38:08.504  4611  4615 I dalvikvm: threadid=3: reacting to signal 3
07-10 14:38:08.574  4611  4615 I dalvikvm: Wrote stack traces to '/data/anr/traces.txt'
07-10 14:38:08.672   157   187 I ActivityManager: Displayed com.google.android.gm/.ConversationListActivityGmail: +678ms (total +9s577ms)
07-10 14:38:09.078  4611  4613 D dalvikvm: GC_CONCURRENT freed 535K, 14% free 11122K/12807K, paused 7ms+6ms
07-10 14:38:09.129  4611  4635 I Gmail   : Sending notification intent: Intent { act=android.intent.action.PROVIDER_CHANGED dat=content://gmail-ls/unread/^i (has extras) }
07-10 14:38:10.375   157   173 W ActivityManager: Activity destroy timeout for ActivityRecord{4132c408 edu.umich.PowerTutor/.ui.UMLogger}
07-10 14:38:10.375   157   173 W ActivityManager: Activity destroy timeout for ActivityRecord{413418b0 edu.umich.PowerTutor/.ui.PowerTabs}
07-10 14:38:11.078    81   124 D AudioHardware: AudioHardware pcm playback is going to standby.
07-10 14:38:11.078    81   124 D AudioHardware: closePcmOut_l() mPcmOpenCnt: 1
07-10 14:38:11.101    81   124 D AudioHardware: AudioHardware pcm playback is exiting standby.
07-10 14:38:11.101    81   124 D AudioHardware: openPcmOut_l() mPcmOpenCnt: 0
07-10 14:38:11.437  4611  5242 I Gmail   : MainSyncRequestProto: lowestBkwdConvoId: 0, highestHandledServerOp: 2712018, normalSync: true
07-10 14:38:12.859  4611  4613 D dalvikvm: GC_CONCURRENT freed 550K, 13% free 11146K/12807K, paused 3ms+6ms
07-10 14:38:13.718  4611  4613 D dalvikvm: GC_CONCURRENT freed 677K, 14% free 11055K/12807K, paused 3ms+3ms
07-10 14:38:13.933  4611  5242 D dalvikvm: GC_EXPLICIT freed 123K, 14% free 11105K/12807K, paused 2ms+11ms
07-10 14:38:14.066  4611  5242 I Gmail   : MainSyncRequestProto: lowestBkwdConvoId: 0, highestHandledServerOp: 2712391, normalSync: true
07-10 14:38:14.195    81   124 D AudioHardware: AudioHardware pcm playback is going to standby.
07-10 14:38:14.195    81   124 D AudioHardware: closePcmOut_l() mPcmOpenCnt: 1
07-10 14:38:15.121  4611  4613 D dalvikvm: GC_CONCURRENT freed 484K, 13% free 11199K/12807K, paused 3ms+4ms
07-10 14:38:15.699  4611  4613 D dalvikvm: GC_CONCURRENT freed 552K, 13% free 11268K/12807K, paused 2ms+5ms
07-10 14:38:16.238  4611  4613 D dalvikvm: GC_CONCURRENT freed 773K, 14% free 11134K/12807K, paused 2ms+3ms
07-10 14:38:17.101  4611  4613 D dalvikvm: GC_CONCURRENT freed 547K, 13% free 11177K/12807K, paused 2ms+5ms
07-10 14:38:17.511  4611  4613 D dalvikvm: GC_CONCURRENT freed 650K, 13% free 11186K/12807K, paused 2ms+4ms
07-10 14:38:17.566  4611  4633 I Gmail   : Sending notification intent: Intent { act=android.intent.action.PROVIDER_CHANGED dat=content://gmail-ls/unread/^iim (has extras) }
07-10 14:38:17.679   157   159 D dalvikvm: GC_CONCURRENT freed 938K, 16% free 13543K/16007K, paused 3ms+11ms
07-10 14:38:17.953  4611  4613 D dalvikvm: GC_CONCURRENT freed 577K, 13% free 11204K/12807K, paused 2ms+4ms
07-10 14:38:18.902  4611  5242 D dalvikvm: GC_EXPLICIT freed 371K, 13% free 11198K/12807K, paused 15ms+19ms
07-10 14:38:19.593  4611  5242 I Gmail   : MainSyncRequestProto: lowestBkwdConvoId: 0, highestHandledServerOp: 2712391, normalSync: true
07-10 14:38:19.613  4611  5242 I Gmail   : lowestBackward conversation id 0
07-10 14:38:19.648  4611  5242 W Gmail   : Scheduling index for 300000 ms from now
07-10 14:38:19.769  4611  4632 I Gmail   : Sending notification intent: Intent { act=android.intent.action.PROVIDER_CHANGED dat=content://gmail-ls/unread/^iim (has extras) }
07-10 14:38:19.906  4611  4613 D dalvikvm: GC_CONCURRENT freed 627K, 13% free 11186K/12807K, paused 3ms+4ms
07-10 14:38:22.242  4382  4395 I PhoneLab-: Service Running
07-10 14:38:22.332  4382  4395 I PhoneLab-LoggerService: app_36    1027  1     1440   1072  c00f181c 400107b4 S logcat
07-10 14:38:22.332  4382  4395 I PhoneLab-LoggerService: Logcat pid from database 1027
07-10 14:38:22.332  4382  4395 I PhoneLab-LoggerService: Logcat process found 1027
07-10 14:38:22.332  4382  4395 I PhoneLab-LoggerService: Checking Threshold
07-10 14:38:33.676    81   124 D AudioHardware: AudioHardware pcm playback is exiting standby.
07-10 14:38:33.676    81   124 D AudioHardware: openPcmOut_l() mPcmOpenCnt: 0
07-10 14:38:34.004  4611  4613 D dalvikvm: GC_CONCURRENT freed 552K, 12% free 11293K/12807K, paused 3ms+10ms
07-10 14:38:34.429  4611  5249 I Gmail   : MainSyncRequestProto: lowestBkwdConvoId: 0, highestHandledServerOp: 2712391, normalSync: true
07-10 14:38:34.793  4611  4613 D dalvikvm: GC_CONCURRENT freed 653K, 12% free 11296K/12807K, paused 2ms+5ms
07-10 14:38:36.289   157   376 I ActivityManager: START {act=android.intent.action.VIEW dat=content://com.google.android.providers.talk/messagesByAccount/2 flg=0x34000000 cmp=com.google.android.talk/.SigningInActivity bnds=[96,119][480,215] (has extras)} from pid -1
07-10 14:38:36.379   157   168 W KeyguardViewMediator: verifyUnlock called when not externally disabled
07-10 14:38:36.629   157   333 D dalvikvm: GC_EXPLICIT freed 258K, 15% free 13673K/16007K, paused 7ms+11ms
07-10 14:38:36.738  4732  4732 D vclib:CallStateClient: startListening
07-10 14:38:36.867   157   173 I Process : Sending signal. PID: 4732 SIG: 3
07-10 14:38:36.867  4732  4737 I dalvikvm: threadid=3: reacting to signal 3
07-10 14:38:36.890  4732  4737 I dalvikvm: Wrote stack traces to '/data/anr/traces.txt'
07-10 14:38:36.976   227   229 D dalvikvm: GC_CONCURRENT freed 1196K, 41% free 10371K/17543K, paused 2ms+10ms
07-10 14:38:36.980  4732  4732 D dalvikvm: GC_FOR_ALLOC freed 479K, 8% free 10284K/11079K, paused 67ms
07-10 14:38:37.371   157   173 I Process : Sending signal. PID: 4732 SIG: 3
07-10 14:38:37.371  4732  4737 I dalvikvm: threadid=3: reacting to signal 3
07-10 14:38:37.379  4732  4737 I dalvikvm: Wrote stack traces to '/data/anr/traces.txt'
07-10 14:38:37.422   157   187 I ActivityManager: Displayed com.google.android.talk/.SigningInActivity: +1s51ms
07-10 14:38:37.422  4732  4732 W IInputConnectionWrapper: showStatusIcon on inactive InputConnection
07-10 14:38:37.465  4611  4611 D OpenGLRenderer: Flushing caches (mode 1)
07-10 14:38:37.535  4732  4733 D dalvikvm: GC_CONCURRENT freed 264K, 6% free 10448K/11079K, paused 2ms+7ms
07-10 14:38:37.597   157   157 W InputManagerService: Starting input on non-focused client com.android.internal.view.IInputMethodClient$Stub$Proxy@415687c8 (uid=10056 pid=4611)
07-10 14:38:37.625  4611  4611 D OpenGLRenderer: Flushing caches (mode 0)
07-10 14:38:38.578  4611  5249 D dalvikvm: GC_EXPLICIT freed 655K, 13% free 11215K/12807K, paused 2ms+6ms
07-10 14:38:38.582  4611  5249 I Gmail   : MainSyncRequestProto: lowestBkwdConvoId: 0, highestHandledServerOp: 2712439, normalSync: true
07-10 14:38:38.586  4611  5249 I Gmail   : lowestBackward conversation id 0
07-10 14:38:38.593  4611  5249 W Gmail   : Scheduling index for 300000 ms from now
07-10 14:38:39.371    81   124 D AudioHardware: AudioHardware pcm playback is going to standby.
07-10 14:38:39.371    81   124 D AudioHardware: closePcmOut_l() mPcmOpenCnt: 1
07-10 14:38:39.461  4611  4613 D dalvikvm: GC_CONCURRENT freed 538K, 12% free 11324K/12807K, paused 3ms+4ms
07-10 14:38:40.172  4611  4631 E Gmail.LabelManager: Unable to get label ^i for account ubphlab@gmail.com
07-10 14:38:40.226  4732  4732 W IInputConnectionWrapper: showStatusIcon on inactive InputConnection
07-10 14:38:40.226   157   374 W InputManagerService: Starting input on non-focused client com.android.internal.view.IInputMethodClient$Stub$Proxy@4174fbe8 (uid=10044 pid=4732)
07-10 14:38:40.269  4732  4732 D OpenGLRenderer: Flushing caches (mode 0)
07-10 14:38:40.828  4732  4732 D OpenGLRenderer: Flushing caches (mode 1)
07-10 14:38:40.863  4732  4732 D vclib:CallStateClient: stopListening
07-10 14:38:49.804  4611  4613 D dalvikvm: GC_CONCURRENT freed 692K, 12% free 11280K/12807K, paused 2ms+5ms
07-10 14:38:52.347    81   124 D AudioHardware: AudioHardware pcm playback is exiting standby.
07-10 14:38:52.347    81   124 D AudioHardware: openPcmOut_l() mPcmOpenCnt: 0
07-10 14:38:53.277  4611  5256 I Gmail   : MainSyncRequestProto: lowestBkwdConvoId: 0, highestHandledServerOp: 2712439, normalSync: true
07-10 14:38:53.570  4611  4613 D dalvikvm: GC_CONCURRENT freed 625K, 12% free 11309K/12807K, paused 3ms+5ms
07-10 14:38:54.051  4611  5256 D dalvikvm: GC_EXPLICIT freed 536K, 13% free 11238K/12807K, paused 3ms+6ms
07-10 14:38:54.250  4611  5256 I Gmail   : MainSyncRequestProto: lowestBkwdConvoId: 0, highestHandledServerOp: 2712488, normalSync: true
07-10 14:38:54.254  4611  5256 I Gmail   : lowestBackward conversation id 0
07-10 14:38:54.261  4611  5256 W Gmail   : Scheduling index for 300000 ms from now
07-10 14:38:54.441  4611  4632 D dalvikvm: GC_EXPLICIT freed 82K, 13% free 11243K/12807K, paused 3ms+8ms
07-10 14:38:55.441    81   124 D AudioHardware: AudioHardware pcm playback is going to standby.
07-10 14:38:55.441    81   124 D AudioHardware: closePcmOut_l() mPcmOpenCnt: 1
07-10 14:38:55.660  4611  4613 D dalvikvm: GC_CONCURRENT freed 536K, 12% free 11345K/12807K, paused 10ms+8ms
07-10 14:38:56.640    81   124 D AudioHardware: AudioHardware pcm playback is exiting standby.
07-10 14:38:56.640    81   124 D AudioHardware: openPcmOut_l() mPcmOpenCnt: 0
07-10 14:38:56.812  4611  4611 D dalvikvm: GC_FOR_ALLOC freed 558K, 13% free 11224K/12807K, paused 41ms
07-10 14:38:56.824  4611  4611 I dalvikvm-heap: Grow heap (frag case) to 11.767MB for 768016-byte allocation
07-10 14:38:56.875  4611  4613 D dalvikvm: GC_CONCURRENT freed 28K, 13% free 11946K/13575K, paused 3ms+4ms
07-10 14:38:57.164  4611  4611 D dalvikvm: GC_FOR_ALLOC freed 357K, 10% free 12321K/13575K, paused 28ms
07-10 14:38:57.191  4611  4611 D dalvikvm: GC_FOR_ALLOC freed 63K, 9% free 12355K/13575K, paused 29ms
07-10 14:38:57.234  4611  4611 D dalvikvm: GC_FOR_ALLOC freed 135K, 10% free 12261K/13575K, paused 32ms
07-10 14:38:58.562  4611  4611 D dalvikvm: GC_FOR_ALLOC freed 466K, 11% free 12193K/13575K, paused 31ms
07-10 14:38:58.566  4611  4611 I dalvikvm-heap: Grow heap (frag case) to 12.714MB for 768016-byte allocation
07-10 14:38:58.597  4611  4611 D dalvikvm: GC_FOR_ALLOC freed 268K, 12% free 12675K/14343K, paused 31ms
07-10 14:38:58.679  4611  4611 D dalvikvm: GC_FOR_ALLOC freed 43K, 11% free 12768K/14343K, paused 29ms
07-10 14:38:58.687  4611  4611 I dalvikvm-heap: Grow heap (frag case) to 13.275MB for 768016-byte allocation
07-10 14:38:58.734  4611  4650 D dalvikvm: GC_FOR_ALLOC freed 9K, 11% free 13508K/15111K, paused 34ms
07-10 14:38:58.734  4611  4650 I Gmail   : Sending notification intent: Intent { act=android.intent.action.PROVIDER_CHANGED dat=content://gmail-ls/unread/^iim (has extras) }
07-10 14:38:59.273  4611  4618 I dalvikvm: Jit: resizing JitTable from 8192 to 16384
07-10 14:38:59.640  4611  4611 D dalvikvm: GC_FOR_ALLOC freed 1446K, 13% free 13231K/15111K, paused 36ms
07-10 14:38:59.730    81   124 D AudioHardware: AudioHardware pcm playback is going to standby.
07-10 14:38:59.730    81   124 D AudioHardware: closePcmOut_l() mPcmOpenCnt: 1
07-10 14:39:11.179    81   124 D AudioHardware: AudioHardware pcm playback is exiting standby.
07-10 14:39:11.179    81   124 D AudioHardware: openPcmOut_l() mPcmOpenCnt: 0
07-10 14:39:14.269    81   124 D AudioHardware: AudioHardware pcm playback is going to standby.
07-10 14:39:14.269    81   124 D AudioHardware: closePcmOut_l() mPcmOpenCnt: 1
07-10 14:40:06.570   157   193 I InputReader: Reconfiguring input devices.  changes=0x00000004
07-10 14:40:06.570   157   193 I InputReader: Device reconfigured: id=7, name='mxt224_ts_input', surface size is now 480x800, mode is 1
07-10 14:40:06.621   157   173 I ActivityManager: Config changed: {1.0 310mcc120mnc en_US layoutdir=0 sw320dp w533dp h294dp nrml long land finger -keyb/v/h -nav/h s.25}
07-10 14:40:06.640  4611  4611 D OpenGLRenderer: Flushing caches (mode 0)
07-10 14:40:06.715  4611  4611 D webviewglue: nativeDestroy view: 0x777810
07-10 14:40:06.789   227   227 D dalvikvm: GC_FOR_ALLOC freed 732K, 44% free 9941K/17543K, paused 18ms
07-10 14:40:06.812   227   227 D dalvikvm: GC_FOR_ALLOC freed 206K, 43% free 10038K/17543K, paused 19ms
07-10 14:40:06.859  4611  4611 D webviewglue: nativeDestroy view: 0x5ba6a0
07-10 14:40:06.863  4611  4611 D webviewglue: nativeDestroy view: 0xa0f0f0
07-10 14:40:06.949  4611  4611 W PhoneWindow: Previously focused view reported id 2131689622 during save, but can't be found during restore.
07-10 14:40:07.090   157   193 I InputReader: Reconfiguring input devices.  changes=0x00000004
07-10 14:40:07.090   157   193 I InputReader: Device reconfigured: id=7, name='mxt224_ts_input', surface size is now 480x800, mode is 1
07-10 14:40:07.093   157   173 I ActivityManager: Config changed: {1.0 310mcc120mnc en_US layoutdir=0 sw320dp w320dp h508dp nrml long port finger -keyb/v/h -nav/h s.26}
07-10 14:40:07.129  4611  4611 D dalvikvm: GC_FOR_ALLOC freed 2203K, 22% free 11936K/15111K, paused 99ms
07-10 14:40:07.140   157   157 D dalvikvm: GC_EXPLICIT freed 949K, 16% free 13484K/16007K, paused 3ms+14ms
07-10 14:40:07.183  4611  4631 E Gmail.LabelManager: Unable to get label ^i for account ubphlab@gmail.com
07-10 14:40:07.258  4611  4613 D dalvikvm: GC_CONCURRENT freed 76K, 16% free 12750K/15111K, paused 3ms+17ms
07-10 14:40:07.293  4611  4631 E Gmail.LabelManager: Unable to get label ^i for account ubphlab@gmail.com
07-10 14:40:07.332   227   227 D dalvikvm: GC_FOR_ALLOC freed 337K, 43% free 10057K/17543K, paused 18ms
07-10 14:40:07.441  4611  4611 D OpenGLRenderer: Flushing caches (mode 0)
07-10 14:40:07.449  4611  4611 D webviewglue: nativeDestroy view: 0x99f508
07-10 14:40:07.535  4611  4611 W PhoneWindow: Previously focused view reported id 2131689622 during save, but can't be found during restore.
07-10 14:40:07.851  4611  4613 D dalvikvm: GC_CONCURRENT freed 935K, 15% free 12951K/15111K, paused 2ms+15ms
07-10 14:40:07.898  4611  4631 E Gmail.LabelManager: Unable to get label ^i for account ubphlab@gmail.com
07-10 14:40:07.972  4611  4631 E Gmail.LabelManager: Unable to get label ^i for account ubphlab@gmail.com
07-10 14:40:08.879  4611  4611 D dalvikvm: GC_FOR_ALLOC freed 1674K, 19% free 12319K/15111K, paused 35ms
07-10 14:40:08.992  4611  4611 D dalvikvm: GC_FOR_ALLOC freed 218K, 14% free 13033K/15111K, paused 31ms
07-10 14:40:08.992  4611  4611 I dalvikvm-heap: Grow heap (frag case) to 13.534MB for 768016-byte allocation
07-10 14:40:09.035  4611  4650 D dalvikvm: GC_FOR_ALLOC freed 13K, 14% free 13769K/15879K, paused 30ms
07-10 14:40:09.746   336   358 D dalvikvm: GC_EXPLICIT freed 2058K, 20% free 10540K/13063K, paused 5ms+14ms
07-10 14:40:09.746   336   345 I dalvikvm: Jit: resizing JitTable from 4096 to 8192
07-10 14:40:09.840  4611  4613 D dalvikvm: GC_CONCURRENT freed 836K, 10% free 14404K/15879K, paused 2ms+4ms
07-10 14:40:09.965   157   187 D dalvikvm: GC_EXPLICIT freed 301K, 17% free 13439K/16007K, paused 2ms+5ms
07-10 14:40:10.375    81   124 D AudioHardware: AudioHardware pcm playback is exiting standby.
07-10 14:40:10.375    81   124 D AudioHardware: openPcmOut_l() mPcmOpenCnt: 0
07-10 14:40:13.468    81   124 D AudioHardware: AudioHardware pcm playback is going to standby.
07-10 14:40:13.468    81   124 D AudioHardware: closePcmOut_l() mPcmOpenCnt: 1
07-10 14:40:21.929   157   188 I ActivityManager: Start proc com.android.systemui:screenshot for service com.android.systemui/.screenshot.TakeScreenshotService: pid=5274 uid=1000 gids={1015, 3002, 3001, 3003, 3007}
07-10 14:40:22.121  5274  5274 D libEGL  : loaded /system/lib/egl/libGLES_android.so
07-10 14:40:22.125  5274  5274 D libEGL  : loaded /vendor/lib/egl/libEGL_POWERVR_SGX540_120.so
07-10 14:40:22.148  5274  5274 D libEGL  : loaded /vendor/lib/egl/libGLESv1_CM_POWERVR_SGX540_120.so
07-10 14:40:22.148  5274  5274 D libEGL  : loaded /vendor/lib/egl/libGLESv2_POWERVR_SGX540_120.so
07-10 14:40:22.238  5274  5274 D OpenGLRenderer: Enabling debug mode 0
07-10 14:40:22.242  4382  4395 I PhoneLab-: Service Running
07-10 14:40:22.328    81   506 I AwesomePlayer: setDataSource_l('/system/media/audio/ui/camera_click.ogg')
07-10 14:40:22.472    81   124 D AudioHardware: AudioHardware pcm playback is exiting standby.
07-10 14:40:22.472    81   124 D AudioHardware: openPcmOut_l() mPcmOpenCnt: 0
07-10 14:40:22.629  4382  4395 I PhoneLab-LoggerService: app_36    1027  1     1440   1072  c00f181c 400107b4 S logcat
07-10 14:40:22.629  4382  4395 I PhoneLab-LoggerService: Logcat pid from database 1027
07-10 14:40:22.629  4382  4395 I PhoneLab-LoggerService: Logcat process found 1027
07-10 14:40:22.629  4382  4395 I PhoneLab-LoggerService: Checking Threshold
07-10 14:40:23.273   157   355 I ActivityManager: Process com.android.defcontainer (pid 4168) has died.
07-10 14:40:24.062   227   229 D dalvikvm: GC_CONCURRENT freed 344K, 43% free 10145K/17543K, paused 51ms+9ms
07-10 14:40:24.414   227   229 D dalvikvm: GC_CONCURRENT freed 297K, 42% free 10270K/17543K, paused 2ms+6ms
07-10 14:40:24.629  5274  5274 D OpenGLRenderer: Flushing caches (mode 1)
07-10 14:40:24.695   227   229 D dalvikvm: GC_CONCURRENT freed 279K, 41% free 10468K/17543K, paused 1ms+3ms
07-10 14:40:25.886    81   124 D AudioHardware: AudioHardware pcm playback is going to standby.
07-10 14:40:25.886    81   124 D AudioHardware: closePcmOut_l() mPcmOpenCnt: 1
07-10 14:40:27.230   227   229 D dalvikvm: GC_CONCURRENT freed 478K, 41% free 10429K/17543K, paused 15ms+4ms
07-10 14:40:28.347    81   124 D AudioHardware: AudioHardware pcm playback is exiting standby.
07-10 14:40:28.347    81   124 D AudioHardware: openPcmOut_l() mPcmOpenCnt: 0
07-10 14:40:29.820  5274  5277 D dalvikvm: GC_CONCURRENT freed 210K, 4% free 9278K/9607K, paused 9ms+5ms
07-10 14:40:30.051   227   227 D dalvikvm: GC_FOR_ALLOC freed 305K, 41% free 10473K/17543K, paused 45ms
07-10 14:40:30.277  5274  5274 D OpenGLRenderer: Flushing caches (mode 1)
07-10 14:40:30.316   227   229 D dalvikvm: GC_CONCURRENT freed 452K, 41% free 10468K/17543K, paused 2ms+4ms
07-10 14:40:30.437   227   229 D dalvikvm: GC_CONCURRENT freed 210K, 40% free 10648K/17543K, paused 1ms+4ms
07-10 14:40:31.761    81   124 D AudioHardware: AudioHardware pcm playback is going to standby.
07-10 14:40:31.761    81   124 D AudioHardware: closePcmOut_l() mPcmOpenCnt: 1
07-10 14:40:36.570   157   376 I ActivityManager: START {act=android.intent.action.VIEW dat=content://media/external/images/media/1505 typ=image/png flg=0x10000000 cmp=android/com.android.internal.app.ResolverActivity bnds=[96,119][480,215]} from pid -1
07-10 14:40:36.582    81   124 D AudioHardware: AudioHardware pcm playback is exiting standby.
07-10 14:40:36.582    81   124 D AudioHardware: openPcmOut_l() mPcmOpenCnt: 0
07-10 14:40:36.597   157   407 W KeyguardViewMediator: verifyUnlock called when not externally disabled
07-10 14:40:36.820   227   229 D dalvikvm: GC_CONCURRENT freed 738K, 41% free 10354K/17543K, paused 2ms+17ms
07-10 14:40:36.906   157   187 I ActivityManager: Displayed android/com.android.internal.app.ResolverActivity: +306ms
07-10 14:40:39.051   157   173 I ActivityManager: START {act=android.intent.action.VIEW dat=content://media/external/images/media/1505 typ=image/png flg=0x13000000 cmp=com.google.android.gallery3d/com.android.gallery3d.app.Gallery bnds=[96,119][480,215]} from pid 157
07-10 14:40:39.148   157   173 I ActivityManager: Start proc com.google.android.gallery3d for activity com.google.android.gallery3d/com.android.gallery3d.app.Gallery: pid=5300 uid=10016 gids={3003, 1015}
07-10 14:40:39.258  4611  4611 D OpenGLRenderer: Flushing caches (mode 1)
07-10 14:40:39.281   157   157 I ActivityManager: Process com.android.sprintmenu (pid 4569) has died.
07-10 14:40:39.281   157   157 W ActivityManager: Scheduling restart of crashed service com.android.sprintmenu/.HiddenPhoneService in 5000ms
07-10 14:40:39.316  5300  5300 I ActivityThread: Pub com.google.android.gallery3d.GooglePhotoProvider: com.google.android.picasasync.PicasaContentProvider
07-10 14:40:39.324  4611  4611 D OpenGLRenderer: Flushing caches (mode 0)
07-10 14:40:39.414  5300  5302 D dalvikvm: GC_CONCURRENT freed 417K, 6% free 9119K/9607K, paused 5ms+2ms
07-10 14:40:39.465  5300  5300 I ActivityThread: Pub com.google.android.gallery3d.provider: com.android.gallery3d.provider.GalleryProvider
07-10 14:40:39.554  5300  5302 D dalvikvm: GC_CONCURRENT freed 393K, 5% free 9203K/9671K, paused 2ms+5ms
07-10 14:40:39.644  5300  5300 V StateManager: startState class com.android.gallery3d.app.PhotoPage
07-10 14:40:39.699   157   173 I Process : Sending signal. PID: 5300 SIG: 3
07-10 14:40:39.699  5300  5305 I dalvikvm: threadid=3: reacting to signal 3
07-10 14:40:39.718  5300  5305 I dalvikvm: Wrote stack traces to '/data/anr/traces.txt'
07-10 14:40:39.808   542   545 D dalvikvm: GC_CONCURRENT freed 416K, 9% free 9378K/10247K, paused 1ms+16ms
07-10 14:40:39.836  5300  5302 D dalvikvm: GC_CONCURRENT freed 208K, 4% free 9434K/9799K, paused 3ms+14ms
07-10 14:40:39.902   157   168 D dalvikvm: GC_EXPLICIT freed 478K, 14% free 13889K/16007K, paused 3ms+6ms
07-10 14:40:39.949  5300  5300 D libEGL  : loaded /system/lib/egl/libGLES_android.so
07-10 14:40:39.953  5300  5300 D libEGL  : loaded /vendor/lib/egl/libEGL_POWERVR_SGX540_120.so
07-10 14:40:39.957  5300  5300 D libEGL  : loaded /vendor/lib/egl/libGLESv1_CM_POWERVR_SGX540_120.so
07-10 14:40:39.961  5300  5300 D libEGL  : loaded /vendor/lib/egl/libGLESv2_POWERVR_SGX540_120.so
07-10 14:40:40.004  5300  5300 D OpenGLRenderer: Enabling debug mode 0
07-10 14:40:40.015  5300  5314 I GalleryEGLConfigChooser: Config chosen: R5 G6 B5 A0 D24 S8 ID7 CAVEAT12344 
07-10 14:40:40.082  5300  5314 I GLRootView: onSurfaceChanged: 480x800, gl10: com.google.android.gles_jni.GLImpl@412fde80
07-10 14:40:40.082  5300  5314 I GLRootView: layout content pane 480x800
07-10 14:40:40.152   157   187 I ActivityManager: Displayed com.google.android.gallery3d/com.android.gallery3d.app.Gallery: +1s24ms
07-10 14:40:40.160   157   355 W InputManagerService: Starting input on non-focused client com.android.internal.view.IInputMethodClient$Stub$Proxy@415687c8 (uid=10056 pid=4611)
07-10 14:40:40.340  5300  5302 D dalvikvm: GC_CONCURRENT freed 484K, 6% free 9398K/9991K, paused 9ms+5ms
07-10 14:40:40.379  5300  5321 W BlobCache: cannot read header
07-10 14:40:40.398  5300  5321 D dalvikvm: GC_FOR_ALLOC freed 22K, 6% free 9397K/9991K, paused 16ms
07-10 14:40:40.402  5300  5321 I dalvikvm-heap: Grow heap (frag case) to 10.709MB for 1536016-byte allocation
07-10 14:40:40.433  5300  5302 D dalvikvm: GC_CONCURRENT freed <1K, 6% free 10896K/11527K, paused 2ms+3ms
07-10 14:40:40.554  5300  5321 D dalvikvm: GC_FOR_ALLOC freed 23K, 6% free 10886K/11527K, paused 16ms
07-10 14:40:40.558  5300  5321 I dalvikvm-heap: Grow heap (frag case) to 11.637MB for 983056-byte allocation
07-10 14:40:40.590  5300  5302 D dalvikvm: GC_CONCURRENT freed <1K, 6% free 11846K/12551K, paused 2ms+2ms
07-10 14:40:40.683  5300  5314 I GLRootView: layout content pane 480x800
07-10 14:40:40.738  5300  5326 D dalvikvm: GC_FOR_ALLOC freed 1718K, 18% free 10387K/12551K, paused 25ms
07-10 14:40:40.746  5300  5326 I dalvikvm-heap: Grow heap (frag case) to 11.677MB for 1536016-byte allocation
07-10 14:40:40.765  5300  5314 D dalvikvm: GC_FOR_ALLOC freed <1K, 6% free 11887K/12551K, paused 16ms
07-10 14:40:40.804  5300  5302 D dalvikvm: GC_CONCURRENT freed <1K, 5% free 11942K/12551K, paused 2ms+3ms
07-10 14:40:40.816  5300  5314 D dalvikvm: GC_FOR_ALLOC freed <1K, 5% free 11942K/12551K, paused 16ms
07-10 14:40:40.824  5300  5314 I dalvikvm-heap: Grow heap (frag case) to 12.337MB for 635812-byte allocation
07-10 14:40:40.851  5300  5314 D dalvikvm: GC_FOR_ALLOC freed 0K, 5% free 12563K/13191K, paused 16ms
07-10 14:40:40.875  5300  5314 D dalvikvm: GC_FOR_ALLOC freed <1K, 4% free 13295K/13831K, paused 16ms
07-10 14:40:40.906  5300  5314 D dalvikvm: GC_FOR_ALLOC freed <1K, 4% free 13971K/14471K, paused 16ms
07-10 14:40:40.996  5300  5326 D dalvikvm: GC_FOR_ALLOC freed 16K, 3% free 14695K/15111K, paused 18ms
07-10 14:40:41.304  5300  5326 D dalvikvm: GC_FOR_ALLOC freed 2066K, 15% free 14326K/16711K, paused 22ms
07-10 14:40:41.426  5300  5326 D dalvikvm: GC_FOR_ALLOC freed 114K, 6% free 15787K/16711K, paused 17ms
07-10 14:40:41.551  5300  5321 D dalvikvm: GC_FOR_ALLOC freed 1718K, 15% free 15247K/17735K, paused 20ms
07-10 14:40:41.652  5300  5321 D dalvikvm: GC_FOR_ALLOC freed 1K, 6% free 16747K/17735K, paused 17ms
07-10 14:40:41.797  5300  5315 D skia    : WARNING: One-shot allocator has already allocated (alloc count = 1)
07-10 14:40:41.820  5300  5315 D dalvikvm: GC_FOR_ALLOC freed 1712K, 14% free 16277K/18759K, paused 21ms
07-10 14:40:41.863  5300  5315 D skia    : WARNING: One-shot allocator has already allocated (alloc count = 1)
07-10 14:40:41.906  5300  5315 D skia    : WARNING: One-shot allocator has already allocated (alloc count = 1)
07-10 14:40:41.937  5300  5315 D dalvikvm: GC_FOR_ALLOC freed 1401K, 13% free 16466K/18759K, paused 18ms
07-10 14:40:41.976  5300  5315 D skia    : WARNING: One-shot allocator has already allocated (alloc count = 1)
07-10 14:40:42.000  5300  5315 D dalvikvm: GC_FOR_ALLOC freed 992K, 13% free 16466K/18759K, paused 19ms
07-10 14:40:42.039   157   407 I ActivityManager: Process com.android.settings (pid 3805) has died.
07-10 14:40:42.082  5300  5315 D skia    : WARNING: One-shot allocator has already allocated (alloc count = 1)
07-10 14:40:42.109  5300  5315 D dalvikvm: GC_FOR_ALLOC freed 964K, 13% free 16466K/18759K, paused 21ms
07-10 14:40:42.144  5300  5315 D skia    : WARNING: One-shot allocator has already allocated (alloc count = 1)
07-10 14:40:42.176  5300  5315 D dalvikvm: GC_FOR_ALLOC freed 992K, 13% free 16466K/18759K, paused 18ms
07-10 14:40:42.179    81   124 D AudioHardware: AudioHardware pcm playback is going to standby.
07-10 14:40:42.179    81   124 D AudioHardware: closePcmOut_l() mPcmOpenCnt: 1
07-10 14:40:42.203  5300  5315 D skia    : WARNING: One-shot allocator has already allocated (alloc count = 1)
07-10 14:40:42.230  5300  5315 D skia    : WARNING: One-shot allocator has already allocated (alloc count = 1)
07-10 14:40:42.250  5300  5315 D dalvikvm: GC_FOR_ALLOC freed 1217K, 12% free 16688K/18759K, paused 18ms
07-10 14:40:44.359   157   174 I ActivityManager: Start proc com.android.sprintmenu for service com.android.sprintmenu/.HiddenPhoneService: pid=5328 uid=1001 gids={3002, 3001, 3003, 1015}
07-10 14:40:44.375  5328  5334 D dalvikvm: Debugger has detached; object registry had 1 entries
07-10 14:40:54.617  5300  5315 D skia    : WARNING: One-shot allocator has already allocated (alloc count = 1)
07-10 14:40:54.664  5300  5315 D skia    : WARNING: One-shot allocator has already allocated (alloc count = 1)
07-10 14:40:54.703  5300  5315 D dalvikvm: GC_FOR_ALLOC freed 1488K, 14% free 16286K/18759K, paused 28ms
07-10 14:40:54.750  5300  5315 D skia    : WARNING: One-shot allocator has already allocated (alloc count = 1)
07-10 14:40:54.785  5300  5315 D dalvikvm: GC_FOR_ALLOC freed 1036K, 13% free 16471K/18759K, paused 22ms
07-10 14:40:54.820  5300  5315 D skia    : WARNING: One-shot allocator has already allocated (alloc count = 1)
07-10 14:40:54.851  5300  5315 D dalvikvm: GC_FOR_ALLOC freed 994K, 13% free 16469K/18759K, paused 20ms
07-10 14:40:54.886  5300  5315 D skia    : WARNING: One-shot allocator has already allocated (alloc count = 1)
07-10 14:40:54.914  5300  5315 D dalvikvm: GC_FOR_ALLOC freed 964K, 13% free 16469K/18759K, paused 19ms
07-10 14:40:54.941  5300  5315 D skia    : WARNING: One-shot allocator has already allocated (alloc count = 1)
07-10 14:40:54.972  5300  5315 D dalvikvm: GC_FOR_ALLOC freed 992K, 13% free 16469K/18759K, paused 18ms
07-10 14:40:54.996  5300  5315 D skia    : WARNING: One-shot allocator has already allocated (alloc count = 1)
07-10 14:40:55.019  5300  5315 D skia    : WARNING: One-shot allocator has already allocated (alloc count = 1)
07-10 14:40:55.039  5300  5315 D dalvikvm: GC_FOR_ALLOC freed 1217K, 12% free 16691K/18759K, paused 18ms
07-10 14:40:56.109  5300  5315 D skia    : WARNING: One-shot allocator has already allocated (alloc count = 1)
07-10 14:40:56.125  5300  5315 D dalvikvm: GC_FOR_ALLOC freed 1007K, 12% free 16691K/18759K, paused 18ms
07-10 14:40:56.160  5300  5315 D skia    : WARNING: One-shot allocator has already allocated (alloc count = 1)
07-10 14:40:56.179  5300  5315 D skia    : WARNING: One-shot allocator has already allocated (alloc count = 1)
07-10 14:40:56.203  5300  5315 D dalvikvm: GC_FOR_ALLOC freed 1426K, 14% free 16252K/18759K, paused 19ms
07-10 14:40:56.238  5300  5315 D skia    : WARNING: One-shot allocator has already allocated (alloc count = 1)
07-10 14:40:56.261  5300  5315 D dalvikvm: GC_FOR_ALLOC freed 1003K, 13% free 16469K/18759K, paused 18ms
07-10 14:40:56.297  5300  5315 D skia    : WARNING: One-shot allocator has already allocated (alloc count = 1)
07-10 14:40:56.328  5300  5315 D dalvikvm: GC_FOR_ALLOC freed 992K, 13% free 16469K/18759K, paused 18ms
07-10 14:40:56.363  5300  5315 D skia    : WARNING: One-shot allocator has already allocated (alloc count = 1)
07-10 14:40:56.390  5300  5315 D dalvikvm: GC_FOR_ALLOC freed 964K, 13% free 16469K/18759K, paused 18ms
07-10 14:40:56.418  5300  5315 D skia    : WARNING: One-shot allocator has already allocated (alloc count = 1)
07-10 14:40:56.449  5300  5315 D dalvikvm: GC_FOR_ALLOC freed 992K, 13% free 16469K/18759K, paused 18ms
07-10 14:40:56.472  5300  5315 D skia    : WARNING: One-shot allocator has already allocated (alloc count = 1)
07-10 14:40:57.945    81   124 D AudioHardware: AudioHardware pcm playback is exiting standby.
07-10 14:40:57.945    81   124 D AudioHardware: openPcmOut_l() mPcmOpenCnt: 0
07-10 14:41:00.836  5300  5327 V MenuExecutor: Execute cmd: 2131427394 for /local/image/item/1505
07-10 14:41:00.855   542   553 D MediaProvider: object removed 1505
07-10 14:41:01.676  5300  5327 V MenuExecutor: It takes 835 ms to execute cmd for /local/image/item/1505
07-10 14:41:01.699   157  4922 W InputManagerService: Window already focused, ignoring focus gain of: com.android.internal.view.IInputMethodClient$Stub$Proxy@414a9250
07-10 14:41:01.765  5300  5327 D dalvikvm: GC_FOR_ALLOC freed 3328K, 22% free 14637K/18759K, paused 24ms
07-10 14:41:01.824  5300  5326 D dalvikvm: GC_FOR_ALLOC freed 2224K, 29% free 13423K/18759K, paused 23ms
07-10 14:41:01.910  5300  5321 D dalvikvm: GC_FOR_ALLOC freed 50K, 24% free 14357K/18759K, paused 22ms
07-10 14:41:02.043  5300  5315 D skia    : WARNING: One-shot allocator has already allocated (alloc count = 1)
07-10 14:41:02.074  5300  5315 D skia    : WARNING: One-shot allocator has already allocated (alloc count = 1)
07-10 14:41:02.117  5300  5302 D dalvikvm: GC_CONCURRENT freed 582K, 18% free 15538K/18759K, paused 2ms+3ms
07-10 14:41:02.160  5300  5315 D skia    : WARNING: One-shot allocator has already allocated (alloc count = 1)
07-10 14:41:02.195  5300  5315 D skia    : WARNING: One-shot allocator has already allocated (alloc count = 1)
07-10 14:41:02.242  5300  5302 D dalvikvm: GC_CONCURRENT freed 1707K, 16% free 15787K/18759K, paused 2ms+2ms
07-10 14:41:02.289  5300  5315 D skia    : WARNING: One-shot allocator has already allocated (alloc count = 1)
07-10 14:41:02.324  5300  5315 D skia    : WARNING: One-shot allocator has already allocated (alloc count = 1)
07-10 14:41:02.367  5300  5302 D dalvikvm: GC_CONCURRENT freed 1956K, 16% free 15787K/18759K, paused 2ms+3ms
07-10 14:41:02.402  5300  5315 D skia    : WARNING: One-shot allocator has already allocated (alloc count = 1)
07-10 14:41:02.429  5300  5315 D skia    : WARNING: One-shot allocator has already allocated (alloc count = 1)
07-10 14:41:02.484  5300  5302 D dalvikvm: GC_CONCURRENT freed 1951K, 16% free 15786K/18759K, paused 2ms+4ms
07-10 14:41:05.039  5300  5321 V MenuExecutor: Execute cmd: 2131427394 for /local/image/item/1504
07-10 14:41:05.051   542   555 D MediaProvider: object removed 1504
07-10 14:41:05.164  5300  5321 V MenuExecutor: It takes 123 ms to execute cmd for /local/image/item/1504
07-10 14:41:05.211   542   774 D dalvikvm: GC_EXPLICIT freed 197K, 10% free 9275K/10247K, paused 6ms+10ms
07-10 14:41:05.211   157   334 W InputManagerService: Window already focused, ignoring focus gain of: com.android.internal.view.IInputMethodClient$Stub$Proxy@414efcf0
07-10 14:41:05.324  5300  5315 D skia    : WARNING: One-shot allocator has already allocated (alloc count = 1)
07-10 14:41:05.558  5300  5315 D skia    : WARNING: One-shot allocator has already allocated (alloc count = 1)
07-10 14:41:05.586  5300  5315 D skia    : WARNING: One-shot allocator has already allocated (alloc count = 1)
07-10 14:41:05.609  5300  5315 D dalvikvm: GC_FOR_ALLOC freed 2124K, 18% free 15488K/18759K, paused 22ms
07-10 14:41:05.660  5300  5315 D skia    : WARNING: One-shot allocator has already allocated (alloc count = 1)
07-10 14:41:05.707  5300  5315 D skia    : WARNING: One-shot allocator has already allocated (alloc count = 1)
07-10 14:41:05.754  5300  5302 D dalvikvm: GC_CONCURRENT freed 2428K, 20% free 15016K/18759K, paused 2ms+3ms
07-10 14:41:05.808  5300  5315 D skia    : WARNING: One-shot allocator has already allocated (alloc count = 1)
07-10 14:41:05.855  5300  5315 D skia    : WARNING: One-shot allocator has already allocated (alloc count = 1)
07-10 14:41:05.898  5300  5302 D dalvikvm: GC_CONCURRENT freed 1956K, 20% free 15016K/18759K, paused 2ms+2ms
07-10 14:41:05.941  5300  5315 D skia    : WARNING: One-shot allocator has already allocated (alloc count = 1)
07-10 14:41:08.051    81   124 D AudioHardware: AudioHardware pcm playback is going to standby.
07-10 14:41:08.054    81   124 D AudioHardware: closePcmOut_l() mPcmOpenCnt: 1
07-10 14:41:09.918  5300  5300 V StateManager: finishState class com.android.gallery3d.app.PhotoPage
07-10 14:41:09.945  5300  5300 V StateManager: no more state, finish activity
07-10 14:41:10.140  4611  4631 E Gmail.LabelManager: Unable to get label ^i for account ubphlab@gmail.com
07-10 14:41:10.273  5300  5300 D OpenGLRenderer: Flushing caches (mode 0)
07-10 14:41:10.801  5300  5300 D OpenGLRenderer: Flushing caches (mode 1)
07-10 14:41:10.801  5300  5300 V StateManager: destroy
07-10 14:41:13.527    81   124 D AudioHardware: AudioHardware pcm playback is exiting standby.
07-10 14:41:13.527    81   124 D AudioHardware: openPcmOut_l() mPcmOpenCnt: 0
07-10 14:41:16.625    81   124 D AudioHardware: AudioHardware pcm playback is going to standby.
07-10 14:41:16.629    81   124 D AudioHardware: closePcmOut_l() mPcmOpenCnt: 1
07-10 14:41:18.023    81   124 D AudioHardware: AudioHardware pcm playback is exiting standby.
07-10 14:41:18.023    81   124 D AudioHardware: openPcmOut_l() mPcmOpenCnt: 0
07-10 14:41:18.410  4611  4611 D webviewglue: nativeDestroy view: 0x6bd180
07-10 14:41:18.422  4611  4611 D webviewglue: nativeDestroy view: 0x5ba6a0
07-10 14:41:18.433  4611  4611 D webviewglue: nativeDestroy view: 0xbdc420
07-10 14:41:21.125    81   124 D AudioHardware: AudioHardware pcm playback is going to standby.
07-10 14:41:21.125    81   124 D AudioHardware: closePcmOut_l() mPcmOpenCnt: 1
07-10 14:41:22.121   157   407 W InputManagerService: Starting input on non-focused client com.android.internal.view.IInputMethodClient$Stub$Proxy@415687c8 (uid=10056 pid=4611)
07-10 14:41:22.160  4611  4611 D OpenGLRenderer: Flushing caches (mode 0)
07-10 14:41:22.699  4611  4611 D OpenGLRenderer: Flushing caches (mode 1)
07-10 14:41:25.953    81   124 D AudioHardware: AudioHardware pcm playback is exiting standby.
07-10 14:41:25.953    81   124 D AudioHardware: openPcmOut_l() mPcmOpenCnt: 0
07-10 14:41:27.000   157   333 I ActivityManager: START {act=android.settings.SETTINGS flg=0x10200000 cmp=com.android.settings/.Settings} from pid 385
07-10 14:41:27.222   157   333 D dalvikvm: GC_FOR_ALLOC freed 835K, 14% free 13888K/16007K, paused 78ms
07-10 14:41:27.340   157  4922 I ActivityManager: Start proc com.android.settings for activity com.android.settings/.Settings: pid=5364 uid=1000 gids={1015, 3002, 3001, 3003, 3007}
07-10 14:41:27.371   157   157 W InputManagerService: Window already focused, ignoring focus gain of: com.android.internal.view.IInputMethodClient$Stub$Proxy@416bdb98
07-10 14:41:27.390   385   385 D OpenGLRenderer: Flushing caches (mode 1)
07-10 14:41:27.453   385   385 D OpenGLRenderer: Flushing caches (mode 0)
07-10 14:41:27.621  5364  5364 W System.err: Removed 2131231170
07-10 14:41:27.621  5364  5364 W System.err: Removed 2131231177
07-10 14:41:27.707  5364  5364 D LocalBluetoothProfileManager: LocalBluetoothProfileManager construction complete
07-10 14:41:27.769  5364  5366 D dalvikvm: GC_CONCURRENT freed 137K, 3% free 9372K/9607K, paused 5ms+3ms
07-10 14:41:27.824  5364  5364 D libEGL  : loaded /system/lib/egl/libGLES_android.so
07-10 14:41:27.832  5364  5364 D libEGL  : loaded /vendor/lib/egl/libEGL_POWERVR_SGX540_120.so
07-10 14:41:27.843  5364  5364 D libEGL  : loaded /vendor/lib/egl/libGLESv1_CM_POWERVR_SGX540_120.so
07-10 14:41:27.847  5364  5364 D libEGL  : loaded /vendor/lib/egl/libGLESv2_POWERVR_SGX540_120.so
07-10 14:41:27.875   157   173 I Process : Sending signal. PID: 5364 SIG: 3
07-10 14:41:27.875  5364  5369 I dalvikvm: threadid=3: reacting to signal 3
07-10 14:41:27.894  5364  5369 I dalvikvm: Wrote stack traces to '/data/anr/traces.txt'
07-10 14:41:27.933  5364  5364 D OpenGLRenderer: Enabling debug mode 0
07-10 14:41:28.168   157   187 I ActivityManager: Displayed com.android.settings/.Settings: +867ms
07-10 14:41:30.093    81   124 D AudioHardware: AudioHardware pcm playback is going to standby.
07-10 14:41:30.093    81   124 D AudioHardware: closePcmOut_l() mPcmOpenCnt: 1
07-10 14:41:33.453    81   124 D AudioHardware: AudioHardware pcm playback is exiting standby.
07-10 14:41:33.453    81   124 D AudioHardware: openPcmOut_l() mPcmOpenCnt: 0
07-10 14:41:33.461   157   169 I ActivityManager: START {act=android.intent.action.MAIN cmp=com.android.settings/.SubSettings (has extras)} from pid 5364
07-10 14:41:33.734  5364  5366 D dalvikvm: GC_CONCURRENT freed 127K, 3% free 9718K/9927K, paused 10ms+7ms
07-10 14:41:33.922  5364  5366 D dalvikvm: GC_CONCURRENT freed 318K, 4% free 9921K/10311K, paused 2ms+3ms
07-10 14:41:34.078   157   173 I Process : Sending signal. PID: 5364 SIG: 3
07-10 14:41:34.082  5364  5369 I dalvikvm: threadid=3: reacting to signal 3
07-10 14:41:34.109  5364  5369 I dalvikvm: Wrote stack traces to '/data/anr/traces.txt'
07-10 14:41:34.140  5364  5364 D android.widget.GridLayout: vertical constraints: y3 - y0 > 72, y3 - y2 < 0, y2 - y1 < 24, y1 - y0 < 37 are inconsistent; permanently removing: y3 - y2 < 0. 
07-10 14:41:34.156  5364  5364 D android.widget.GridLayout: vertical constraints: y3 - y0 > 72, y3 - y2 < 0, y2 - y1 < 24, y1 - y0 < 37 are inconsistent; permanently removing: y3 - y2 < 0. 
07-10 14:41:34.215  5364  5364 D android.widget.GridLayout: vertical constraints: y3 - y0 > 72, y3 - y2 < 0, y2 - y1 < 24, y1 - y0 < 37 are inconsistent; permanently removing: y3 - y2 < 0. 
07-10 14:41:34.250  5364  5364 D android.widget.GridLayout: vertical constraints: y3 - y0 > 72, y3 - y2 < 0, y2 - y1 < 24, y1 - y0 < 37 are inconsistent; permanently removing: y3 - y2 < 0. 
07-10 14:41:34.261  5364  5366 D dalvikvm: GC_CONCURRENT freed 237K, 3% free 10194K/10503K, paused 5ms+5ms
07-10 14:41:34.281  5364  5364 D android.widget.GridLayout: vertical constraints: y3 - y0 > 72, y3 - y2 < 0, y2 - y1 < 24, y1 - y0 < 37 are inconsistent; permanently removing: y3 - y2 < 0. 
07-10 14:41:34.414   157   187 I ActivityManager: Displayed com.android.settings/.SubSettings: +834ms
07-10 14:41:34.422  5364  5364 D OpenGLRenderer: Flushing caches (mode 0)
07-10 14:41:34.429   157  4922 I ActivityManager: Process com.google.android.inputmethod.latin.dictionarypack (pid 4861) has died.
07-10 14:41:34.660  5364  5364 D android.widget.GridLayout: vertical constraints: y3 - y0 > 72, y3 - y2 < 0, y2 - y1 < 24, y1 - y0 < 37 are inconsistent; permanently removing: y3 - y2 < 0. 
07-10 14:41:34.679  5364  5364 D android.widget.GridLayout: vertical constraints: y3 - y0 > 72, y3 - y2 < 0, y2 - y1 < 24, y1 - y0 < 37 are inconsistent; permanently removing: y3 - y2 < 0. 
07-10 14:41:34.691  5364  5364 D android.widget.GridLayout: vertical constraints: y3 - y0 > 72, y3 - y2 < 0, y2 - y1 < 24, y1 - y0 < 37 are inconsistent; permanently removing: y3 - y2 < 0. 
07-10 14:41:34.703  5364  5364 D android.widget.GridLayout: vertical constraints: y3 - y0 > 72, y3 - y2 < 0, y2 - y1 < 24, y1 - y0 < 37 are inconsistent; permanently removing: y3 - y2 < 0. 
07-10 14:41:34.715  5364  5364 D android.widget.GridLayout: vertical constraints: y3 - y0 > 72, y3 - y2 < 0, y2 - y1 < 24, y1 - y0 < 37 are inconsistent; permanently removing: y3 - y2 < 0. 
07-10 14:41:36.570    81   124 D AudioHardware: AudioHardware pcm playback is going to standby.
07-10 14:41:36.570    81   124 D AudioHardware: closePcmOut_l() mPcmOpenCnt: 1
07-10 14:41:37.867   157   407 D dalvikvm: GC_FOR_ALLOC freed 992K, 15% free 13730K/16007K, paused 45ms
07-10 14:41:37.937  5364  5364 D OpenGLRenderer: Flushing caches (mode 0)
07-10 14:41:39.191   157  4922 W InputManagerService: Starting input on non-focused client com.android.internal.view.IInputMethodClient$Stub$Proxy@4164ce70 (uid=1000 pid=5364)
07-10 14:41:39.254  5364  5364 D OpenGLRenderer: Flushing caches (mode 0)
07-10 14:41:39.789  5364  5364 D OpenGLRenderer: Flushing caches (mode 1)
07-10 14:41:40.613   454   462 D dalvikvm: Debugger has detached; object registry had 1 entries
07-10 14:41:40.613   267   275 D dalvikvm: Debugger has detached; object registry had 1 entries
07-10 14:41:40.613   385   394 D dalvikvm: Debugger has detached; object registry had 1 entries
07-10 14:41:40.617   312   318 D dalvikvm: Debugger has detached; object registry had 1 entries
07-10 14:41:40.617   227   233 D dalvikvm: Debugger has detached; object registry had 1 entries
07-10 14:41:40.633   356   364 D dalvikvm: Debugger has detached; object registry had 1 entries
07-10 14:41:40.636   336   343 D dalvikvm: Debugger has detached; object registry had 1 entries
07-10 14:41:40.636   372   381 D dalvikvm: Debugger has detached; object registry had 1 entries
07-10 14:41:40.652   157   163 D dalvikvm: Debugger has detached; object registry had 1 entries
07-10 14:41:40.707   293   301 D dalvikvm: Debugger has detached; object registry had 1 entries
07-10 14:41:40.722  4611  4617 D dalvikvm: Debugger has detached; object registry had 1 entries
07-10 14:41:40.730  4732  4738 D dalvikvm: Debugger has detached; object registry had 1 entries
07-10 14:41:40.738  4975  4981 D dalvikvm: Debugger has detached; object registry had 1 entries
07-10 14:41:40.746  4988  4994 D dalvikvm: Debugger has detached; object registry had 1 entries
07-10 14:41:40.758  4382  4388 D dalvikvm: Debugger has detached; object registry had 1 entries
07-10 14:41:40.777  4382  4382 I PhoneLab-PowerOnReceiver: Power is plugged off!
07-10 14:41:40.777  5328  5334 D dalvikvm: Debugger has detached; object registry had 1 entries
07-10 14:41:40.777  5364  5370 D dalvikvm: Debugger has detached; object registry had 1 entries
07-10 14:41:40.781  5300  5306 D dalvikvm: Debugger has detached; object registry had 1 entries
07-10 14:41:40.781  4959  4965 D dalvikvm: Debugger has detached; object registry had 1 entries
07-10 14:41:40.781   542   548 D dalvikvm: Debugger has detached; object registry had 1 entries
07-10 14:41:40.789   441   448 D dalvikvm: Debugger has detached; object registry had 1 entries
07-10 14:41:40.789  5274  5280 D dalvikvm: Debugger has detached; object registry had 1 entries
07-10 14:41:40.855  4382  4384 D dalvikvm: GC_CONCURRENT freed 502K, 18% free 9218K/11207K, paused 3ms+3ms
07-10 14:41:41.726   227   309 I StorageNotification: UMS connection changed to false (media state mounted)
07-10 14:41:41.777   227   227 D dalvikvm: GC_FOR_ALLOC freed 812K, 44% free 9919K/17543K, paused 18ms
07-10 14:41:41.801   227   227 D dalvikvm: GC_FOR_ALLOC freed 372K, 44% free 9897K/17543K, paused 17ms
07-10 14:41:41.851   227   229 D dalvikvm: GC_CONCURRENT freed 491K, 44% free 9876K/17543K, paused 2ms+3ms
07-10 14:41:41.898   227   229 D dalvikvm: GC_CONCURRENT freed 581K, 45% free 9798K/17543K, paused 2ms+3ms
07-10 14:41:44.328   385   389 D dalvikvm: GC_CONCURRENT freed 2988K, 35% free 11921K/18119K, paused 13ms+5ms
07-10 14:41:44.367   157   374 I ActivityManager: START {act=android.intent.action.MAIN cat=[android.intent.category.LAUNCHER] flg=0x10000000 pkg=edu.umich.PowerTutor cmp=edu.umich.PowerTutor/.ui.UMLogger bnds=[0,254][120,404]} from pid 385
07-10 14:41:44.371    81   124 D AudioHardware: AudioHardware pcm playback is exiting standby.
07-10 14:41:44.371    81   124 D AudioHardware: openPcmOut_l() mPcmOpenCnt: 0
07-10 14:41:44.492   157   374 D dalvikvm: GC_FOR_ALLOC freed 594K, 15% free 13697K/16007K, paused 89ms
07-10 14:41:44.543   157   334 I ActivityManager: Start proc edu.umich.PowerTutor for activity edu.umich.PowerTutor/.ui.UMLogger: pid=5393 uid=10057 gids={3003, 1015}
07-10 14:41:44.554  5393  5393 I dalvikvm: Turning on JNI app bug workarounds for target SDK version 3...
07-10 14:41:44.625   385   385 D OpenGLRenderer: Flushing caches (mode 1)
07-10 14:41:44.672  5393  5393 D dalvikvm: GC_FOR_ALLOC freed 106K, 3% free 9087K/9347K, paused 26ms
07-10 14:41:44.679  5393  5393 I dalvikvm-heap: Grow heap (frag case) to 10.408MB for 1536016-byte allocation
07-10 14:41:44.691   157   169 I ActivityManager: Process com.android.calendar (pid 4959) has died.
07-10 14:41:44.734  5393  5395 D dalvikvm: GC_CONCURRENT freed 1K, 3% free 10585K/10887K, paused 1ms+6ms
07-10 14:41:44.785   385   385 D OpenGLRenderer: Flushing caches (mode 0)
07-10 14:41:44.824   227   227 V PhoneStatusBar: setLightsOn(true)
07-10 14:41:44.894   157   187 I ActivityManager: Displayed edu.umich.PowerTutor/.ui.UMLogger: +385ms
07-10 14:41:45.976  5393  5393 W PhoneSelector: Phone type not recognized (crespo4g), using Dream constants
07-10 14:41:45.980  5393  5393 W PhoneSelector: Phone type not recognized (crespo4g), using Dream calculator
07-10 14:41:46.039  5393  5409 I LogUploader: Sending log data
07-10 14:41:46.164  5393  5411 W PhoneSelector: Phone type not recognized (crespo4g), using Dream constants
07-10 14:41:46.199   227   229 D dalvikvm: GC_CONCURRENT freed 511K, 45% free 9734K/17543K, paused 2ms+4ms
07-10 14:41:46.445   227   229 D dalvikvm: GC_CONCURRENT freed 214K, 44% free 9971K/17543K, paused 5ms+3ms
07-10 14:41:46.652   227   229 D dalvikvm: GC_CONCURRENT freed 380K, 44% free 9989K/17543K, paused 4ms+4ms
07-10 14:41:48.207  5393  5395 D dalvikvm: GC_CONCURRENT freed 213K, 4% free 10867K/11207K, paused 2ms+2ms
07-10 14:41:49.039    81   124 D AudioHardware: AudioHardware pcm playback is going to standby.
07-10 14:41:49.039    81   124 D AudioHardware: closePcmOut_l() mPcmOpenCnt: 1
07-10 14:41:49.293   157   168 I ActivityManager: START {cmp=edu.umich.PowerTutor/.ui.PowerTop} from pid 5393
07-10 14:41:49.297    81   124 D AudioHardware: AudioHardware pcm playback is exiting standby.
07-10 14:41:49.297    81   124 D AudioHardware: openPcmOut_l() mPcmOpenCnt: 0
07-10 14:41:49.461   227   227 V PhoneStatusBar: setLightsOn(true)
07-10 14:41:49.504   157   187 I ActivityManager: Displayed edu.umich.PowerTutor/.ui.PowerTop: +167ms
07-10 14:41:52.383    81   124 D AudioHardware: AudioHardware pcm playback is going to standby.
07-10 14:41:52.383    81   124 D AudioHardware: closePcmOut_l() mPcmOpenCnt: 1
07-10 14:41:56.218  5393  5395 D dalvikvm: GC_CONCURRENT freed 389K, 5% free 11007K/11527K, paused 2ms+2ms
07-10 14:42:09.172   356   359 D dalvikvm: GC_CONCURRENT freed 383K, 7% free 9451K/10055K, paused 20ms+2ms
07-10 14:42:10.230  5393  5395 D dalvikvm: GC_CONCURRENT freed 551K, 6% free 11043K/11719K, paused 2ms+2ms
07-10 14:42:22.242  4382  4395 I PhoneLab-: Service Running
07-10 14:42:22.347  4382  4395 I PhoneLab-LoggerService: app_36    1027  1     1440   1068  c00f181c 400107b4 S logcat
07-10 14:42:22.347  4382  4395 I PhoneLab-LoggerService: Logcat pid from database 1027
07-10 14:42:22.347  4382  4395 I PhoneLab-LoggerService: Logcat process found 1027
07-10 14:42:22.347  4382  4395 I PhoneLab-LoggerService: Checking Threshold
07-10 14:42:25.074  5393  5395 D dalvikvm: GC_CONCURRENT freed 590K, 6% free 11077K/11783K, paused 2ms+4ms
07-10 14:42:39.551  5393  5395 D dalvikvm: GC_CONCURRENT freed 582K, 6% free 11079K/11783K, paused 2ms+6ms
07-10 14:42:49.738   157   184 I power   : *** set_screen_state 0
07-10 14:42:49.781    78   121 D SurfaceFlinger: About to give-up screen, flinger = 0x1b13918
07-10 14:42:49.867   157   185 D dalvikvm: GC_FOR_ALLOC freed 732K, 15% free 13682K/16007K, paused 69ms
07-10 14:42:49.926   372  1041 D NfcService: NFC-C OFF, disconnect
07-10 14:42:54.007  5393  5416 W PowerComponent: [GPS] Had to skip from iteration 64 to 68
07-10 14:42:54.007  5393  5412 W PowerComponent: [LCD] Had to skip from iteration 64 to 68
07-10 14:42:54.011  5393  5417 W PowerComponent: [Audio] Had to skip from iteration 64 to 68
07-10 14:42:54.023  5393  5415 W PowerComponent: [3G] Had to skip from iteration 64 to 68
07-10 14:42:54.027  5393  5413 W PowerComponent: [CPU] Had to skip from iteration 64 to 68
07-10 14:42:54.027  5393  5414 W PowerComponent: [Wifi] Had to skip from iteration 64 to 68
07-10 14:42:54.082  5393  5411 W PowerComponent: [LCD] Could not find data for requested iteration
07-10 14:42:54.082  5393  5411 W PowerComponent: [CPU] Could not find data for requested iteration
07-10 14:42:54.082  5393  5411 W PowerComponent: [Wifi] Could not find data for requested iteration
07-10 14:42:54.082  5393  5411 W PowerComponent: [3G] Could not find data for requested iteration
07-10 14:42:54.082  5393  5411 W PowerComponent: [GPS] Could not find data for requested iteration
07-10 14:42:54.082  5393  5411 W PowerComponent: [Audio] Could not find data for requested iteration
07-10 14:42:54.894   157   188 D dalvikvm: GC_FOR_ALLOC freed 84K, 13% free 14045K/16007K, paused 40ms
07-10 14:42:54.894   157   188 I dalvikvm-heap: Grow heap (frag case) to 13.890MB for 104992-byte allocation
07-10 14:42:54.933   157   188 D dalvikvm: GC_FOR_ALLOC freed 6K, 13% free 14141K/16135K, paused 40ms
07-10 14:42:54.980   157   188 D dalvikvm: GC_FOR_ALLOC freed <1K, 12% free 14246K/16135K, paused 39ms
07-10 14:42:54.980   157   188 I dalvikvm-heap: Grow heap (frag case) to 14.086MB for 104992-byte allocation
07-10 14:42:55.019   157   188 D dalvikvm: GC_FOR_ALLOC freed 1K, 12% free 14348K/16263K, paused 40ms
07-10 14:42:55.062   157   188 D dalvikvm: GC_FOR_ALLOC freed <1K, 12% free 14348K/16263K, paused 40ms
07-10 14:42:55.062   157   188 I dalvikvm-heap: Grow heap (frag case) to 14.186MB for 104992-byte allocation
07-10 14:42:55.117   157   188 D dalvikvm: GC_FOR_ALLOC freed <1K, 12% free 14451K/16391K, paused 51ms
07-10 14:42:55.121   157   188 V TransportControlView: Create TCV com.android.internal.widget.TransportControlView@41362950
07-10 14:42:55.160   227   227 D PhoneStatusBar: disable: < expand icons alerts ticker system_info back home RECENT* clock >
07-10 14:42:55.175   227   227 D PhoneStatusBar: disable: < expand icons alerts ticker system_info BACK* HOME* RECENT CLOCK* >
07-10 14:43:10.379  5393  5412 W PowerComponent: [LCD] Had to skip from iteration 71 to 85
07-10 14:43:10.382  5393  5416 W PowerComponent: [GPS] Had to skip from iteration 71 to 85
07-10 14:43:10.402  5393  5417 W PowerComponent: [Audio] Had to skip from iteration 71 to 85
07-10 14:43:10.410  5393  5415 W PowerComponent: [3G] Had to skip from iteration 71 to 85
07-10 14:43:10.457  5393  5414 W PowerComponent: [Wifi] Had to skip from iteration 71 to 85
07-10 14:43:10.457  5393  5413 W PowerComponent: [CPU] Had to skip from iteration 71 to 85
07-10 14:43:11.254  5393  5411 W PowerComponent: [LCD] Could not find data for requested iteration
07-10 14:43:11.254  5393  5411 W PowerComponent: [CPU] Could not find data for requested iteration
07-10 14:43:11.254  5393  5411 W PowerComponent: [Wifi] Could not find data for requested iteration
07-10 14:43:11.254  5393  5411 W PowerComponent: [3G] Could not find data for requested iteration
07-10 14:43:11.254  5393  5411 W PowerComponent: [GPS] Could not find data for requested iteration
07-10 14:43:11.254  5393  5411 W PowerComponent: [Audio] Could not find data for requested iteration
07-10 14:43:19.007  5393  5416 W PowerComponent: [GPS] Had to skip from iteration 90 to 93
07-10 14:43:19.007  5393  5412 W PowerComponent: [LCD] Had to skip from iteration 90 to 93
07-10 14:43:19.015  5393  5417 W PowerComponent: [Audio] Had to skip from iteration 90 to 93
07-10 14:43:19.015  5393  5415 W PowerComponent: [3G] Had to skip from iteration 90 to 93
07-10 14:43:19.019  5393  5414 W PowerComponent: [Wifi] Had to skip from iteration 90 to 93
07-10 14:43:19.019  5393  5413 W PowerComponent: [CPU] Had to skip from iteration 90 to 93
07-10 14:43:19.082  5393  5411 W PowerComponent: [LCD] Could not find data for requested iteration
07-10 14:43:19.082  5393  5411 W PowerComponent: [CPU] Could not find data for requested iteration
07-10 14:43:19.082  5393  5411 W PowerComponent: [Wifi] Could not find data for requested iteration
07-10 14:43:19.082  5393  5411 W PowerComponent: [3G] Could not find data for requested iteration
07-10 14:43:19.082  5393  5411 W PowerComponent: [GPS] Could not find data for requested iteration
07-10 14:43:19.082  5393  5411 W PowerComponent: [Audio] Could not find data for requested iteration
07-10 14:43:19.121  5393  5395 D dalvikvm: GC_CONCURRENT freed 590K, 7% free 11075K/11783K, paused 3ms+3ms
07-10 14:44:02.011  5393  5416 W PowerComponent: [GPS] Had to skip from iteration 94 to 136
07-10 14:44:02.011  5393  5412 W PowerComponent: [LCD] Had to skip from iteration 94 to 136
07-10 14:44:02.023  5393  5417 W PowerComponent: [Audio] Had to skip from iteration 94 to 136
07-10 14:44:02.027  5393  5415 W PowerComponent: [3G] Had to skip from iteration 94 to 136
07-10 14:44:02.046  5393  5414 W PowerComponent: [Wifi] Had to skip from iteration 94 to 136
07-10 14:44:02.070  5393  5413 W PowerComponent: [CPU] Had to skip from iteration 94 to 136
07-10 14:44:02.086  5393  5411 W PowerComponent: [LCD] Could not find data for requested iteration
07-10 14:44:02.086  5393  5411 W PowerComponent: [CPU] Could not find data for requested iteration
07-10 14:44:02.086  5393  5411 W PowerComponent: [Wifi] Could not find data for requested iteration
07-10 14:44:02.089  5393  5411 W PowerComponent: [3G] Could not find data for requested iteration
07-10 14:44:02.089  5393  5411 W PowerComponent: [GPS] Could not find data for requested iteration
07-10 14:44:02.089  5393  5411 W PowerComponent: [Audio] Could not find data for requested iteration
07-10 14:44:11.007  5393  5416 W PowerComponent: [GPS] Had to skip from iteration 141 to 145
07-10 14:44:11.007  5393  5412 W PowerComponent: [LCD] Had to skip from iteration 141 to 145
07-10 14:44:11.019  5393  5414 W PowerComponent: [Wifi] Had to skip from iteration 141 to 145
07-10 14:44:11.019  5393  5417 W PowerComponent: [Audio] Had to skip from iteration 141 to 145
07-10 14:44:11.019  5393  5415 W PowerComponent: [3G] Had to skip from iteration 141 to 145
07-10 14:44:11.027  5393  5413 W PowerComponent: [CPU] Had to skip from iteration 141 to 145
07-10 14:44:11.082  5393  5411 W PowerComponent: [LCD] Could not find data for requested iteration
07-10 14:44:11.082  5393  5411 W PowerComponent: [CPU] Could not find data for requested iteration
07-10 14:44:11.082  5393  5411 W PowerComponent: [Wifi] Could not find data for requested iteration
07-10 14:44:11.082  5393  5411 W PowerComponent: [3G] Could not find data for requested iteration
07-10 14:44:11.082  5393  5411 W PowerComponent: [GPS] Could not find data for requested iteration
07-10 14:44:11.082  5393  5411 W PowerComponent: [Audio] Could not find data for requested iteration
07-10 14:46:47.316  5393  5412 W PowerComponent: [LCD] Had to skip from iteration 150 to 302
07-10 14:46:47.324  5393  5416 W PowerComponent: [GPS] Had to skip from iteration 150 to 302
07-10 14:46:47.343  5393  5417 W PowerComponent: [Audio] Had to skip from iteration 150 to 302
07-10 14:46:47.355  5393  5415 W PowerComponent: [3G] Had to skip from iteration 150 to 302
07-10 14:46:47.418  5393  5413 W PowerComponent: [CPU] Had to skip from iteration 150 to 302
07-10 14:46:47.418  5393  5414 W PowerComponent: [Wifi] Had to skip from iteration 150 to 302
07-10 14:46:47.492  4382  4382 I PhoneLab-Locks: wake lock acquired
07-10 14:46:47.500  4382  4382 I PhoneLab-StatusMonitor: Status Monitoring is started
07-10 14:46:47.578  4382  4384 D dalvikvm: GC_CONCURRENT freed 419K, 18% free 9257K/11207K, paused 1ms+3ms
07-10 14:46:47.605  4382  4382 I PhoneLab-StatusMonitor: Value: 10 - unit: min
07-10 14:46:47.605  4382  4382 I PhoneLab-StatusMonitor: Running interval: 600000
07-10 14:46:47.613  4382  4382 I PhoneLab-StatusMonitor: Rescheduling status monitoring...
07-10 14:46:47.613  4382  4382 I PhoneLab-Locks: wake lock released
07-10 14:46:47.621  4382  4382 I PhoneLab-StatusMonitorLocation: Learning Location
07-10 14:46:47.621  4382  4382 I PhoneLab-Locks: wake lock acquired
07-10 14:46:47.687   157   374 D dalvikvm: GC_EXPLICIT freed 234K, 12% free 14533K/16391K, paused 3ms+5ms
07-10 14:46:47.691  4382  4382 I PhoneLab-Locks: wake lock acquired
07-10 14:46:47.691   293   559 D androidNetworkLocationListeners: Still have listener com.google.android.location.internal.client.NetworkLocationClient$1@413175c0
07-10 14:46:47.695  4382  4382 I PhoneLab-StatusMonitorLocation: Learning Signal Strgth
07-10 14:46:47.695  4382  4382 I PhoneLab-Locks: wake lock acquired
07-10 14:46:47.707  4382  4382 I PhoneLab-StatusMonitorBattery: Battery_level: 98
07-10 14:46:47.707   293   559 D androidNetworkLocationListeners: Still have listener com.google.android.location.internal.client.NetworkLocationClient$1@413175c0
07-10 14:46:47.711  4382  4382 I PhoneLab-Locks: wake lock released
07-10 14:46:47.715  4382  4382 I PhoneLab-StatusMonitorSignal: Signal_Strength: -96 asu: 9
07-10 14:46:47.715  4382  4382 I PhoneLab-Locks: wake lock released
07-10 14:46:48.082  5393  5411 W PowerComponent: [LCD] Could not find data for requested iteration
07-10 14:46:48.082  5393  5411 W PowerComponent: [CPU] Could not find data for requested iteration
07-10 14:46:48.082  5393  5411 W PowerComponent: [Wifi] Could not find data for requested iteration
07-10 14:46:48.082  5393  5411 W PowerComponent: [3G] Could not find data for requested iteration
07-10 14:46:48.109  5393  5411 W PowerComponent: [GPS] Could not find data for requested iteration
07-10 14:46:48.109  5393  5411 W PowerComponent: [Audio] Could not find data for requested iteration
07-10 14:46:49.039  4382  4382 I PhoneLab-StatusMonitorLocation: Location_Latitude: 43.002108 Longitude: -78.7868943 Accuracy: 52.0
07-10 14:46:49.039   293   559 D androidNetworkLocationListeners: Still have listener com.google.android.location.internal.client.NetworkLocationClient$1@413175c0
07-10 14:46:49.039  4382  4382 I PhoneLab-Locks: wake lock released
07-10 14:46:50.543   293   297 D dalvikvm: GC_CONCURRENT freed 848K, 9% free 11073K/12039K, paused 6ms+5ms
07-10 14:46:53.187  5393  5412 W PowerComponent: [LCD] Had to skip from iteration 306 to 308
07-10 14:46:53.191  5393  5416 W PowerComponent: [GPS] Had to skip from iteration 306 to 308
07-10 14:46:53.191  5393  5413 W PowerComponent: [CPU] Had to skip from iteration 306 to 308
07-10 14:46:53.195  5393  5417 W PowerComponent: [Audio] Had to skip from iteration 306 to 308
07-10 14:46:53.195  5393  5414 W PowerComponent: [Wifi] Had to skip from iteration 306 to 308
07-10 14:46:53.195  5393  5415 W PowerComponent: [3G] Had to skip from iteration 306 to 308
07-10 14:46:54.254  5393  5411 W PowerComponent: [LCD] Could not find data for requested iteration
07-10 14:46:54.254  5393  5411 W PowerComponent: [CPU] Could not find data for requested iteration
07-10 14:46:54.254  5393  5411 W PowerComponent: [Wifi] Could not find data for requested iteration
07-10 14:46:54.254  5393  5411 W PowerComponent: [3G] Could not find data for requested iteration
07-10 14:46:54.254  5393  5411 W PowerComponent: [GPS] Could not find data for requested iteration
07-10 14:46:54.254  5393  5411 W PowerComponent: [Audio] Could not find data for requested iteration
07-10 14:46:59.007   157   188 I power   : *** set_screen_state 1
07-10 14:46:59.023   157   188 I WindowManager: Lock screen displayed!
07-10 14:46:59.246    78   121 D SurfaceFlinger: Screen about to return, flinger = 0x1b13918
07-10 14:46:59.340  5393  5416 W PowerComponent: [GPS] Had to skip from iteration 310 to 314
07-10 14:46:59.343  5393  5417 W PowerComponent: [Audio] Had to skip from iteration 310 to 314
07-10 14:46:59.347  5393  5415 W PowerComponent: [3G] Had to skip from iteration 310 to 314
07-10 14:46:59.367  5393  5414 W PowerComponent: [Wifi] Had to skip from iteration 310 to 314
07-10 14:46:59.371  5393  5412 W PowerComponent: [LCD] Had to skip from iteration 310 to 314
07-10 14:46:59.375  5393  5413 W PowerComponent: [CPU] Had to skip from iteration 310 to 314
07-10 14:46:59.433  5393  5395 D dalvikvm: GC_CONCURRENT freed 446K, 5% free 11259K/11847K, paused 5ms+3ms
07-10 14:47:00.086  5393  5411 W PowerComponent: [LCD] Could not find data for requested iteration
07-10 14:47:00.086  5393  5411 W PowerComponent: [CPU] Could not find data for requested iteration
07-10 14:47:00.086  5393  5411 W PowerComponent: [Wifi] Could not find data for requested iteration
07-10 14:47:00.086  5393  5411 W PowerComponent: [3G] Could not find data for requested iteration
07-10 14:47:00.086  5393  5411 W PowerComponent: [GPS] Could not find data for requested iteration
07-10 14:47:00.086  5393  5411 W PowerComponent: [Audio] Could not find data for requested iteration
07-10 14:47:00.976   227   227 D PhoneStatusBar: disable: < expand icons alerts ticker system_info BACK HOME recent* CLOCK >
07-10 14:47:00.980   372  1045 D NfcService: NFC-C ON
07-10 14:47:00.992   157   407 W InputManagerService: Window already focused, ignoring focus gain of: com.android.internal.view.IInputMethodClient$Stub$Proxy@416b7c48
07-10 14:47:00.996    81   124 D AudioHardware: AudioHardware pcm playback is exiting standby.
07-10 14:47:00.996    81   124 D AudioHardware: openPcmOut_l() mPcmOpenCnt: 0
07-10 14:47:01.000   227   227 D PhoneStatusBar: disable: < expand icons alerts ticker system_info back* home* recent clock* >
07-10 14:47:01.007   227   227 V PhoneStatusBar: setLightsOn(true)
07-10 14:47:01.394   441   444 D dalvikvm: GC_CONCURRENT freed 430K, 6% free 9500K/10055K, paused 2ms+4ms
07-10 14:47:04.168    81   124 D AudioHardware: AudioHardware pcm playback is going to standby.
07-10 14:47:04.168    81   124 D AudioHardware: closePcmOut_l() mPcmOpenCnt: 1
07-10 14:47:04.605    81   124 D AudioHardware: AudioHardware pcm playback is exiting standby.
07-10 14:47:04.605    81   124 D AudioHardware: openPcmOut_l() mPcmOpenCnt: 0
07-10 14:47:08.566    81   124 D AudioHardware: AudioHardware pcm playback is going to standby.
07-10 14:47:08.566    81   124 D AudioHardware: closePcmOut_l() mPcmOpenCnt: 1
07-10 14:47:12.054  5393  5395 D dalvikvm: GC_CONCURRENT freed 628K, 7% free 11284K/12039K, paused 2ms+4ms
07-10 14:47:26.668  5393  5395 D dalvikvm: GC_CONCURRENT freed 691K, 7% free 11309K/12103K, paused 19ms+3ms
07-10 14:47:30.840  5393  5400 I dalvikvm: Jit: resizing JitTable from 4096 to 8192
07-10 14:47:38.332   157   192 I ActivityManager: START {act=android.intent.action.MAIN cat=[android.intent.category.HOME] flg=0x10200000 cmp=com.android.launcher/com.android.launcher2.Launcher} from pid 157
07-10 14:47:38.414   157   192 D dalvikvm: GC_FOR_ALLOC freed 666K, 13% free 14414K/16391K, paused 55ms
07-10 14:47:42.172  5393  5395 D dalvikvm: GC_CONCURRENT freed 679K, 7% free 11307K/12103K, paused 5ms+3ms
07-10 14:47:43.554   157   374 I ActivityManager: START {cmp=edu.umich.PowerTutor/.ui.UMLogger bnds=[0,119][480,215] (has extras)} from pid -1
07-10 14:47:43.554   157   374 W ActivityManager: startActivity called from non-Activity context; forcing Intent.FLAG_ACTIVITY_NEW_TASK for: Intent { cmp=edu.umich.PowerTutor/.ui.UMLogger bnds=[0,119][480,215] (has extras) }
07-10 14:47:43.574    81   124 D AudioHardware: AudioHardware pcm playback is exiting standby.
07-10 14:47:43.574    81   124 D AudioHardware: openPcmOut_l() mPcmOpenCnt: 0
07-10 14:47:43.660   157   374 D dalvikvm: GC_FOR_ALLOC freed 953K, 17% free 13646K/16391K, paused 51ms
07-10 14:47:43.675   157   334 W KeyguardViewMediator: verifyUnlock called when not externally disabled
07-10 14:47:43.718   157   168 I ActivityManager: START {cmp=edu.umich.PowerTutor/.ui.PowerTabs} from pid 5393
07-10 14:47:43.785   385   385 D OpenGLRenderer: Flushing caches (mode 1)
07-10 14:47:43.996   157   187 I ActivityManager: Displayed edu.umich.PowerTutor/.ui.UMLogger: +331ms
07-10 14:47:43.996  5393  5393 W PhoneSelector: Phone type not recognized (crespo4g), using Dream constants
07-10 14:47:44.211  5393  5393 D AndroidRuntime: Shutting down VM
07-10 14:47:44.211  5393  5393 W dalvikvm: threadid=1: thread exiting with uncaught exception (group=0x40a291f8)
07-10 14:47:44.218  5393  5393 E AndroidRuntime: FATAL EXCEPTION: main
07-10 14:47:44.218  5393  5393 E AndroidRuntime: java.lang.NullPointerException
07-10 14:47:44.218  5393  5393 E AndroidRuntime: 	at edu.umich.PowerTutor.ui.PowerViewer.refreshView(Unknown Source)
07-10 14:47:44.218  5393  5393 E AndroidRuntime: 	at edu.umich.PowerTutor.ui.PowerViewer$CounterServiceConnection.onServiceConnected(Unknown Source)
07-10 14:47:44.218  5393  5393 E AndroidRuntime: 	at android.app.LoadedApk$ServiceDispatcher.doConnected(LoadedApk.java:1068)
07-10 14:47:44.218  5393  5393 E AndroidRuntime: 	at android.app.LoadedApk$ServiceDispatcher$RunConnection.run(LoadedApk.java:1085)
07-10 14:47:44.218  5393  5393 E AndroidRuntime: 	at android.os.Handler.handleCallback(Handler.java:605)
07-10 14:47:44.218  5393  5393 E AndroidRuntime: 	at android.os.Handler.dispatchMessage(Handler.java:92)
07-10 14:47:44.218  5393  5393 E AndroidRuntime: 	at android.os.Looper.loop(Looper.java:137)
07-10 14:47:44.218  5393  5393 E AndroidRuntime: 	at android.app.ActivityThread.main(ActivityThread.java:4424)
07-10 14:47:44.218  5393  5393 E AndroidRuntime: 	at java.lang.reflect.Method.invokeNative(Native Method)
07-10 14:47:44.218  5393  5393 E AndroidRuntime: 	at java.lang.reflect.Method.invoke(Method.java:511)
07-10 14:47:44.218  5393  5393 E AndroidRuntime: 	at com.android.internal.os.ZygoteInit$MethodAndArgsCaller.run(ZygoteInit.java:784)
07-10 14:47:44.218  5393  5393 E AndroidRuntime: 	at com.android.internal.os.ZygoteInit.main(ZygoteInit.java:551)
07-10 14:47:44.218  5393  5393 E AndroidRuntime: 	at dalvik.system.NativeStart.main(Native Method)
07-10 14:47:44.222   157   407 W ActivityManager:   Force finishing activity edu.umich.PowerTutor/.ui.PowerTabs
07-10 14:47:44.226   157   407 W ActivityManager:   Force finishing activity edu.umich.PowerTutor/.ui.UMLogger
07-10 14:47:44.726   157   173 W ActivityManager: Activity pause timeout for ActivityRecord{41346878 edu.umich.PowerTutor/.ui.PowerTabs}
07-10 14:47:44.742   157   173 I Process : Sending signal. PID: 5393 SIG: 3
07-10 14:47:44.742  5393  5397 I dalvikvm: threadid=3: reacting to signal 3
07-10 14:47:44.777  5393  5397 I dalvikvm: Wrote stack traces to '/data/anr/traces.txt'
07-10 14:47:45.308   157   173 I Process : Sending signal. PID: 5393 SIG: 3
07-10 14:47:45.308  5393  5397 I dalvikvm: threadid=3: reacting to signal 3
07-10 14:47:45.320  5393  5397 I dalvikvm: Wrote stack traces to '/data/anr/traces.txt'
07-10 14:47:45.808   157   173 I Process : Sending signal. PID: 5393 SIG: 3
07-10 14:47:45.808  5393  5397 I dalvikvm: threadid=3: reacting to signal 3
07-10 14:47:45.836  5393  5397 I dalvikvm: Wrote stack traces to '/data/anr/traces.txt'
07-10 14:47:46.148  5393  5393 I Process : Sending signal. PID: 5393 SIG: 9
07-10 14:47:46.168   157   333 I WindowManager: WIN DEATH: Window{4176a230 edu.umich.PowerTutor/edu.umich.PowerTutor.ui.PowerTop paused=false}
07-10 14:47:46.168   157   334 I ActivityManager: Process edu.umich.PowerTutor (pid 5393) has died.
07-10 14:47:46.168   157   334 W ActivityManager: Scheduling restart of crashed service edu.umich.PowerTutor/.service.UMLoggerService in 5000ms
07-10 14:47:46.175   157   168 I WindowManager: WIN DEATH: Window{4169b4b8 edu.umich.PowerTutor/edu.umich.PowerTutor.ui.UMLogger paused=true}
07-10 14:47:46.179   157  4922 I WindowManager: WIN DEATH: Window{4164f950 edu.umich.PowerTutor/edu.umich.PowerTutor.ui.UMLogger paused=false}
07-10 14:47:46.179   157   157 I WindowManager: WIN DEATH: Window{4176e868 edu.umich.PowerTutor/edu.umich.PowerTutor.ui.PowerTabs paused=false}
07-10 14:47:46.187   157   334 W ActivityManager: Force removing ActivityRecord{415bbd00 edu.umich.PowerTutor/.ui.PowerTop}: app died, no saved state
07-10 14:47:46.250   157   334 I ActivityManager: Start proc edu.umich.PowerTutor for activity edu.umich.PowerTutor/.ui.UMLogger: pid=5436 uid=10057 gids={3003, 1015}
07-10 14:47:46.285  5436  5436 I dalvikvm: Turning on JNI app bug workarounds for target SDK version 3...
07-10 14:47:46.386   227   229 D dalvikvm: GC_CONCURRENT freed 681K, 45% free 9815K/17543K, paused 2ms+23ms
07-10 14:47:46.422   385   385 D OpenGLRenderer: Flushing caches (mode 0)
07-10 14:47:46.465  5436  5436 D dalvikvm: GC_FOR_ALLOC freed 109K, 3% free 9087K/9347K, paused 17ms
07-10 14:47:46.468  5436  5436 I dalvikvm-heap: Grow heap (frag case) to 10.408MB for 1536016-byte allocation
07-10 14:47:46.527  5436  5438 D dalvikvm: GC_CONCURRENT freed 1K, 3% free 10586K/10887K, paused 2ms+2ms
07-10 14:47:46.601   227   227 V PhoneStatusBar: setLightsOn(true)
07-10 14:47:46.683   157   187 I ActivityManager: Displayed edu.umich.PowerTutor/.ui.UMLogger: +487ms
07-10 14:47:47.781  5436  5436 W PhoneSelector: Phone type not recognized (crespo4g), using Dream constants
07-10 14:47:47.793  5436  5436 W PhoneSelector: Phone type not recognized (crespo4g), using Dream calculator
07-10 14:47:47.836  5436  5452 I LogUploader: Sending log data
07-10 14:47:47.925  5436  5454 W PhoneSelector: Phone type not recognized (crespo4g), using Dream constants
07-10 14:47:47.976   227   229 D dalvikvm: GC_CONCURRENT freed 350K, 44% free 9873K/17543K, paused 1ms+3ms
07-10 14:47:48.144   227   229 D dalvikvm: GC_CONCURRENT freed 404K, 44% free 9859K/17543K, paused 5ms+6ms
07-10 14:47:49.601   157   168 I ActivityManager: START {cmp=edu.umich.PowerTutor/.ui.PowerTop} from pid 5436
07-10 14:47:49.703   227   227 V PhoneStatusBar: setLightsOn(true)
07-10 14:47:49.738   157   187 I ActivityManager: Displayed edu.umich.PowerTutor/.ui.PowerTop: +103ms
07-10 14:47:49.953  5436  5438 D dalvikvm: GC_CONCURRENT freed 239K, 3% free 10897K/11207K, paused 7ms+8ms
07-10 14:47:52.675    81   124 D AudioHardware: AudioHardware pcm playback is going to standby.
07-10 14:47:52.679    81   124 D AudioHardware: closePcmOut_l() mPcmOpenCnt: 1
07-10 14:47:56.246   157   193 I InputReader: Reconfiguring input devices.  changes=0x00000004
07-10 14:47:56.246   157   193 I InputReader: Device reconfigured: id=7, name='mxt224_ts_input', surface size is now 480x800, mode is 1
07-10 14:47:56.293   157   173 I ActivityManager: Config changed: {1.0 310mcc120mnc en_US layoutdir=0 sw320dp w533dp h294dp nrml long land finger -keyb/v/h -nav/h s.27}
07-10 14:47:56.492   227   227 D dalvikvm: GC_FOR_ALLOC freed 373K, 45% free 9792K/17543K, paused 48ms
07-10 14:47:57.941  5436  5438 D dalvikvm: GC_CONCURRENT freed 387K, 5% free 11071K/11591K, paused 2ms+4ms
07-10 14:47:58.668   157   187 D dalvikvm: GC_EXPLICIT freed 531K, 17% free 13716K/16391K, paused 3ms+6ms
07-10 14:48:03.695  4382  4395 I PhoneLab-: Service Running
07-10 14:48:03.773  4382  4395 I PhoneLab-LoggerService: app_36    1027  1     1440   1068  c00f181c 400107b4 S logcat
07-10 14:48:03.773  4382  4395 I PhoneLab-LoggerService: Logcat pid from database 1027
07-10 14:48:03.773  4382  4395 I PhoneLab-LoggerService: Logcat process found 1027
07-10 14:48:03.773  4382  4395 I PhoneLab-LoggerService: Checking Threshold
07-10 14:48:03.777  4382  4395 I PhoneLab-: Service Running
07-10 14:48:03.804  4382  4395 I PhoneLab-LoggerService: app_36    1027  1     1440   1068  c00f181c 400107b4 S logcat
07-10 14:48:03.808  4382  4395 I PhoneLab-LoggerService: Logcat pid from database 1027
07-10 14:48:03.808  4382  4395 I PhoneLab-LoggerService: Logcat process found 1027
07-10 14:48:03.808  4382  4395 I PhoneLab-LoggerService: Checking Threshold
07-10 14:48:11.101  5436  5438 D dalvikvm: GC_CONCURRENT freed 530K, 6% free 11139K/11783K, paused 4ms+6ms
07-10 14:48:22.242  4382  4395 I PhoneLab-: Service Running
07-10 14:48:22.316  4382  4395 I PhoneLab-LoggerService: app_36    1027  1     1440   1068  c00f181c 400107b4 S logcat
07-10 14:48:22.316  4382  4395 I PhoneLab-LoggerService: Logcat pid from database 1027
07-10 14:48:22.316  4382  4395 I PhoneLab-LoggerService: Logcat process found 1027
07-10 14:48:22.316  4382  4395 I PhoneLab-LoggerService: Checking Threshold
07-10 14:48:27.129  5436  5438 D dalvikvm: GC_CONCURRENT freed 638K, 7% free 11139K/11911K, paused 3ms+6ms
07-10 14:48:32.992   227   229 D dalvikvm: GC_CONCURRENT freed 72K, 43% free 10104K/17543K, paused 2ms+3ms
07-10 14:48:42.949  5436  5438 D dalvikvm: GC_CONCURRENT freed 630K, 7% free 11154K/11911K, paused 2ms+2ms
07-10 14:48:50.086   157   184 I power   : *** set_screen_state 0
07-10 14:48:50.160    78   121 D SurfaceFlinger: About to give-up screen, flinger = 0x1b13918
07-10 14:48:50.203   372  1151 D NfcService: NFC-C OFF, disconnect
07-10 14:48:55.019  5436  5455 W PowerComponent: [LCD] Had to skip from iteration 63 to 68
07-10 14:48:55.023  5436  5459 W PowerComponent: [GPS] Had to skip from iteration 63 to 68
07-10 14:48:55.027  5436  5460 W PowerComponent: [Audio] Had to skip from iteration 63 to 68
07-10 14:48:55.027  5436  5456 W PowerComponent: [CPU] Had to skip from iteration 63 to 68
07-10 14:48:55.031  5436  5457 W PowerComponent: [Wifi] Had to skip from iteration 63 to 68
07-10 14:48:55.035  5436  5458 W PowerComponent: [3G] Had to skip from iteration 63 to 68
07-10 14:48:55.175   157   188 V TransportControlView: Create TCV com.android.internal.widget.TransportControlView@4133e8a8
07-10 14:48:55.222   157   159 D dalvikvm: GC_CONCURRENT freed 393K, 12% free 14500K/16391K, paused 3ms+5ms
07-10 14:48:55.242   227   227 D PhoneStatusBar: disable: < expand icons alerts ticker system_info back home RECENT* clock >
07-10 14:48:55.269   157   188 D android.widget.GridLayout: horizontal constraints: x1 - x0 > 214, x2 - x1 > 96, x3 - x2 > 300, x3 - x0 < 480 are inconsistent; permanently removing: x3 - x0 < 480. 
07-10 14:48:55.269   157   193 I InputReader: Reconfiguring input devices.  changes=0x00000004
07-10 14:48:55.269   157   193 I InputReader: Device reconfigured: id=7, name='mxt224_ts_input', surface size is now 480x800, mode is 1
07-10 14:48:55.289   157   188 I ActivityManager: Config changed: {1.0 310mcc120mnc en_US layoutdir=0 sw320dp w320dp h508dp nrml long port finger -keyb/v/h -nav/h s.28}
07-10 14:48:55.406   157   188 D dalvikvm: GC_FOR_ALLOC freed 50K, 12% free 14525K/16391K, paused 43ms
07-10 14:48:55.406   157   188 I dalvikvm-heap: Grow heap (frag case) to 14.359MB for 104992-byte allocation
07-10 14:48:55.461   157   407 D dalvikvm: GC_FOR_ALLOC freed 10K, 12% free 14617K/16519K, paused 44ms
07-10 14:48:55.515   157   188 D dalvikvm: GC_FOR_ALLOC freed 1K, 12% free 14620K/16519K, paused 41ms
07-10 14:48:55.515   157   188 I dalvikvm-heap: Grow heap (frag case) to 14.451MB for 104992-byte allocation
07-10 14:48:55.570   157   376 D dalvikvm: GC_FOR_ALLOC freed <1K, 12% free 14722K/16647K, paused 42ms
07-10 14:48:55.578   227   227 D PhoneStatusBar: disable: < expand icons alerts ticker system_info BACK* HOME* RECENT CLOCK* >
07-10 14:48:55.656   157   188 D dalvikvm: GC_FOR_ALLOC freed 2K, 11% free 14828K/16647K, paused 41ms
07-10 14:48:55.656   157   188 I dalvikvm-heap: Grow heap (frag case) to 14.655MB for 104992-byte allocation
07-10 14:48:55.711   157   376 D dalvikvm: GC_FOR_ALLOC freed <1K, 12% free 14930K/16775K, paused 41ms
07-10 14:48:55.718   157   188 V TransportControlView: Create TCV com.android.internal.widget.TransportControlView@41624a08
07-10 14:48:55.859  5436  5454 W PowerComponent: [LCD] Could not find data for requested iteration
07-10 14:48:55.859  5436  5454 W PowerComponent: [CPU] Could not find data for requested iteration
07-10 14:48:55.859  5436  5454 W PowerComponent: [Wifi] Could not find data for requested iteration
07-10 14:48:55.859  5436  5454 W PowerComponent: [3G] Could not find data for requested iteration
07-10 14:48:55.859  5436  5454 W PowerComponent: [GPS] Could not find data for requested iteration
07-10 14:48:55.859  5436  5454 W PowerComponent: [Audio] Could not find data for requested iteration
07-10 14:49:20.007  5436  5459 W PowerComponent: [GPS] Had to skip from iteration 71 to 93
07-10 14:49:20.007  5436  5455 W PowerComponent: [LCD] Had to skip from iteration 71 to 93
07-10 14:49:20.011  5436  5456 W PowerComponent: [CPU] Had to skip from iteration 71 to 93
07-10 14:49:20.019  5436  5460 W PowerComponent: [Audio] Had to skip from iteration 71 to 93
07-10 14:49:20.027  5436  5458 W PowerComponent: [3G] Had to skip from iteration 71 to 93
07-10 14:49:20.039  5436  5457 W PowerComponent: [Wifi] Had to skip from iteration 71 to 93
07-10 14:49:20.859  5436  5454 W PowerComponent: [LCD] Could not find data for requested iteration
07-10 14:49:20.859  5436  5454 W PowerComponent: [CPU] Could not find data for requested iteration
07-10 14:49:20.859  5436  5454 W PowerComponent: [Wifi] Could not find data for requested iteration
07-10 14:49:20.859  5436  5454 W PowerComponent: [3G] Could not find data for requested iteration
07-10 14:49:20.859  5436  5454 W PowerComponent: [GPS] Could not find data for requested iteration
07-10 14:49:20.859  5436  5454 W PowerComponent: [Audio] Could not find data for requested iteration
07-10 14:49:21.648   157   187 W WindowManager: App freeze timeout expired.
07-10 14:53:59.015  5436  5455 W PowerComponent: [LCD] Had to skip from iteration 94 to 372
07-10 14:53:59.015  5436  5459 W PowerComponent: [GPS] Had to skip from iteration 94 to 372
07-10 14:53:59.019  5436  5460 W PowerComponent: [Audio] Had to skip from iteration 94 to 372
07-10 14:53:59.023  5436  5458 W PowerComponent: [3G] Had to skip from iteration 94 to 372
07-10 14:53:59.023   157   188 I power   : *** set_screen_state 1
07-10 14:53:59.039  5436  5457 W PowerComponent: [Wifi] Had to skip from iteration 94 to 372
07-10 14:53:59.043  5436  5456 W PowerComponent: [CPU] Had to skip from iteration 94 to 372
07-10 14:53:59.047   157   188 I WindowManager: Lock screen displayed!
07-10 14:53:59.144  4611  5468 W Gmail   : Successful index run, cancel next scheduled index run
07-10 14:53:59.261    78   121 D SurfaceFlinger: Screen about to return, flinger = 0x1b13918
07-10 14:53:59.336  5436  5438 D dalvikvm: GC_CONCURRENT freed 499K, 6% free 11314K/11975K, paused 2ms+50ms
07-10 14:53:59.859  5436  5454 W PowerComponent: [LCD] Could not find data for requested iteration
07-10 14:53:59.859  5436  5454 W PowerComponent: [CPU] Could not find data for requested iteration
07-10 14:53:59.859  5436  5454 W PowerComponent: [Wifi] Could not find data for requested iteration
07-10 14:53:59.859  5436  5454 W PowerComponent: [3G] Could not find data for requested iteration
07-10 14:53:59.859  5436  5454 W PowerComponent: [GPS] Could not find data for requested iteration
07-10 14:53:59.859  5436  5454 W PowerComponent: [Audio] Could not find data for requested iteration
07-10 14:54:01.375   227   227 D PhoneStatusBar: disable: < expand icons alerts ticker system_info BACK HOME recent* CLOCK >
07-10 14:54:01.382   372  1041 D NfcService: NFC-C ON
07-10 14:54:01.394   227   227 D PhoneStatusBar: disable: < expand icons alerts ticker system_info back* home* recent clock* >
07-10 14:54:01.398    81   124 D AudioHardware: AudioHardware pcm playback is exiting standby.
07-10 14:54:01.398    81   124 D AudioHardware: openPcmOut_l() mPcmOpenCnt: 0
07-10 14:54:01.406   227   227 V PhoneStatusBar: setLightsOn(true)
07-10 14:54:04.558    81   124 D AudioHardware: AudioHardware pcm playback is going to standby.
07-10 14:54:04.558    81   124 D AudioHardware: closePcmOut_l() mPcmOpenCnt: 1
07-10 14:54:12.976  5436  5438 D dalvikvm: GC_CONCURRENT freed 674K, 7% free 11304K/12103K, paused 1ms+3ms
07-10 14:54:26.410  5436  5438 D dalvikvm: GC_CONCURRENT freed 686K, 7% free 11295K/12103K, paused 2ms+3ms
07-10 14:54:32.953  5436  5443 I dalvikvm: Jit: resizing JitTable from 4096 to 8192
07-10 14:54:40.230   157   193 I InputReader: Reconfiguring input devices.  changes=0x00000004
07-10 14:54:40.230   157   193 I InputReader: Device reconfigured: id=7, name='mxt224_ts_input', surface size is now 480x800, mode is 1
07-10 14:54:40.281   157   173 I ActivityManager: Config changed: {1.0 310mcc120mnc en_US layoutdir=0 sw320dp w533dp h294dp nrml long land finger -keyb/v/h -nav/h s.29}
07-10 14:54:40.468   227   227 D dalvikvm: GC_FOR_ALLOC freed 654K, 44% free 9827K/17543K, paused 69ms
07-10 14:54:40.507  5436  5438 D dalvikvm: GC_CONCURRENT freed 719K, 7% free 11283K/12103K, paused 2ms+5ms
07-10 14:54:42.691   157   187 D dalvikvm: GC_EXPLICIT freed 1180K, 15% free 14419K/16775K, paused 8ms+9ms
07-10 14:54:53.082  5436  5438 D dalvikvm: GC_CONCURRENT freed 707K, 7% free 11262K/12103K, paused 2ms+4ms
07-10 14:55:06.937  5436  5438 D dalvikvm: GC_CONCURRENT freed 626K, 7% free 11257K/12103K, paused 3ms+5ms
07-10 14:55:18.004   227   229 D dalvikvm: GC_CONCURRENT freed 112K, 43% free 10103K/17543K, paused 2ms+8ms
07-10 14:55:20.140  5436  5438 D dalvikvm: GC_CONCURRENT freed 623K, 7% free 11275K/12103K, paused 2ms+3ms
07-10 14:55:24.504  4382  4395 I PhoneLab-: Service Running
07-10 14:55:24.578  4382  4395 I PhoneLab-LoggerService: app_36    1027  1     1440   1068  c00f181c 400107b4 S logcat
07-10 14:55:24.578  4382  4395 I PhoneLab-LoggerService: Logcat pid from database 1027
07-10 14:55:24.578  4382  4395 I PhoneLab-LoggerService: Logcat process found 1027
07-10 14:55:24.578  4382  4395 I PhoneLab-LoggerService: Checking Threshold
07-10 14:55:24.578  4382  4395 I PhoneLab-: Service Running
07-10 14:55:24.609  4382  4395 I PhoneLab-LoggerService: app_36    1027  1     1440   1068  c00f181c 400107b4 S logcat
07-10 14:55:24.609  4382  4395 I PhoneLab-LoggerService: Logcat pid from database 1027
07-10 14:55:24.609  4382  4395 I PhoneLab-LoggerService: Logcat process found 1027
07-10 14:55:24.609  4382  4395 I PhoneLab-LoggerService: Checking Threshold
07-10 14:55:24.609  4382  4395 I PhoneLab-: Service Running
07-10 14:55:24.652  4382  4384 D dalvikvm: GC_CONCURRENT freed 459K, 18% free 9216K/11207K, paused 1ms+4ms
07-10 14:55:24.660  4382  4395 I PhoneLab-LoggerService: app_36    1027  1     1440   1068  c00f181c 400107b4 S logcat
07-10 14:55:24.660  4382  4395 I PhoneLab-LoggerService: Logcat pid from database 1027
07-10 14:55:24.660  4382  4395 I PhoneLab-LoggerService: Logcat process found 1027
07-10 14:55:24.660  4382  4395 I PhoneLab-LoggerService: Checking Threshold
07-10 14:55:32.789   157   184 I power   : *** set_screen_state 0
07-10 14:55:32.843    78   121 D SurfaceFlinger: About to give-up screen, flinger = 0x1b13918
07-10 14:55:32.980   372  1043 D NfcService: NFC-C OFF, disconnect
07-10 14:55:37.351  5436  5459 W PowerComponent: [GPS] Had to skip from iteration 466 to 470
07-10 14:55:37.355  5436  5455 W PowerComponent: [LCD] Had to skip from iteration 466 to 470
07-10 14:55:37.371  5436  5460 W PowerComponent: [Audio] Had to skip from iteration 466 to 470
07-10 14:55:37.390  5436  5458 W PowerComponent: [3G] Had to skip from iteration 466 to 470
07-10 14:55:37.461  5436  5457 W PowerComponent: [Wifi] Had to skip from iteration 466 to 470
07-10 14:55:37.461  5436  5456 W PowerComponent: [CPU] Had to skip from iteration 466 to 470
07-10 14:55:37.496  5436  5438 D dalvikvm: GC_CONCURRENT freed 632K, 7% free 11267K/12103K, paused 6ms+3ms
07-10 14:55:37.859  5436  5454 W PowerComponent: [LCD] Could not find data for requested iteration
07-10 14:55:37.859  5436  5454 W PowerComponent: [CPU] Could not find data for requested iteration
07-10 14:55:37.879  5436  5454 W PowerComponent: [Wifi] Could not find data for requested iteration
07-10 14:55:37.879  5436  5454 W PowerComponent: [3G] Could not find data for requested iteration
07-10 14:55:37.879  5436  5454 W PowerComponent: [GPS] Could not find data for requested iteration
07-10 14:55:37.879  5436  5454 W PowerComponent: [Audio] Could not find data for requested iteration
07-10 14:55:37.953   157   188 D dalvikvm: GC_FOR_ALLOC freed 1103K, 16% free 14243K/16775K, paused 43ms
07-10 14:55:37.961   157   188 V TransportControlView: Create TCV com.android.internal.widget.TransportControlView@4132cad0
07-10 14:55:37.984   227   227 D PhoneStatusBar: disable: < expand icons alerts ticker system_info back home RECENT* clock >
07-10 14:56:02.007   157   188 D android.widget.GridLayout: horizontal constraints: x1 - x0 > 214, x2 - x1 > 96, x3 - x2 > 300, x3 - x0 < 480 are inconsistent; permanently removing: x3 - x0 < 480. 
07-10 14:56:02.019   157   193 I InputReader: Reconfiguring input devices.  changes=0x00000004
07-10 14:56:02.019   157   193 I InputReader: Device reconfigured: id=7, name='mxt224_ts_input', surface size is now 480x800, mode is 1
07-10 14:56:02.035   157   188 I ActivityManager: Config changed: {1.0 310mcc120mnc en_US layoutdir=0 sw320dp w320dp h508dp nrml long port finger -keyb/v/h -nav/h s.30}
07-10 14:56:02.140   157   188 V TransportControlView: Create TCV com.android.internal.widget.TransportControlView@41740f68
07-10 14:56:02.199   227   227 D PhoneStatusBar: disable: < expand icons alerts ticker system_info BACK* HOME* RECENT CLOCK* >
07-10 14:56:02.375  5436  5455 W PowerComponent: [LCD] Had to skip from iteration 471 to 495
07-10 14:56:02.375  5436  5459 W PowerComponent: [GPS] Had to skip from iteration 471 to 495
07-10 14:56:02.390  5436  5460 W PowerComponent: [Audio] Had to skip from iteration 471 to 495
07-10 14:56:02.390  5436  5458 W PowerComponent: [3G] Had to skip from iteration 471 to 495
07-10 14:56:02.422  5436  5456 W PowerComponent: [CPU] Had to skip from iteration 471 to 495
07-10 14:56:02.425  5436  5457 W PowerComponent: [Wifi] Had to skip from iteration 471 to 495
07-10 14:56:02.886  5436  5454 W PowerComponent: [LCD] Could not find data for requested iteration
07-10 14:56:02.890  5436  5454 W PowerComponent: [CPU] Could not find data for requested iteration
07-10 14:56:02.894  5436  5454 W PowerComponent: [Wifi] Could not find data for requested iteration
07-10 14:56:02.894  5436  5454 W PowerComponent: [3G] Could not find data for requested iteration
07-10 14:56:02.894  5436  5454 W PowerComponent: [GPS] Could not find data for requested iteration
07-10 14:56:02.902  5436  5454 W PowerComponent: [Audio] Could not find data for requested iteration
07-10 14:56:47.347  5436  5455 W PowerComponent: [LCD] Had to skip from iteration 498 to 540
07-10 14:56:47.351  5436  5459 W PowerComponent: [GPS] Had to skip from iteration 498 to 540
07-10 14:56:47.355  5436  5460 W PowerComponent: [Audio] Had to skip from iteration 498 to 540
07-10 14:56:47.371  5436  5458 W PowerComponent: [3G] Had to skip from iteration 498 to 540
07-10 14:56:47.410  5436  5456 W PowerComponent: [CPU] Had to skip from iteration 498 to 540
07-10 14:56:47.414  5436  5457 W PowerComponent: [Wifi] Had to skip from iteration 498 to 540
07-10 14:56:47.636  4382  4382 I PhoneLab-Locks: wake lock acquired
07-10 14:56:47.668  4382  4382 I PhoneLab-StatusMonitor: Status Monitoring is started
07-10 14:56:47.730  4382  4384 D dalvikvm: GC_CONCURRENT freed 393K, 17% free 9333K/11207K, paused 1ms+8ms
07-10 14:56:47.730  4382  4382 I PhoneLab-StatusMonitor: Value: 10 - unit: min
07-10 14:56:47.734  4382  4382 I PhoneLab-StatusMonitor: Running interval: 600000
07-10 14:56:47.738  4382  4382 I PhoneLab-StatusMonitor: Rescheduling status monitoring...
07-10 14:56:47.742  4382  4382 I PhoneLab-Locks: wake lock released
07-10 14:56:47.746  4382  4382 I PhoneLab-StatusMonitorLocation: Learning Location
07-10 14:56:47.746  4382  4382 I PhoneLab-Locks: wake lock acquired
07-10 14:56:47.750  4382  4382 I PhoneLab-Locks: wake lock acquired
07-10 14:56:47.757  4382  4382 I PhoneLab-StatusMonitorLocation: Learning Signal Strgth
07-10 14:56:47.757  4382  4382 I PhoneLab-Locks: wake lock acquired
07-10 14:56:47.757   293   559 D androidNetworkLocationListeners: Still have listener com.google.android.location.internal.client.NetworkLocationClient$1@413175c0
07-10 14:56:47.765   293   559 D androidNetworkLocationListeners: Still have listener com.google.android.location.internal.client.NetworkLocationClient$1@413175c0
07-10 14:56:47.769  4382  4382 I PhoneLab-StatusMonitorBattery: Battery_level: 97
07-10 14:56:47.773  4382  4382 I PhoneLab-Locks: wake lock released
07-10 14:56:47.777  4382  4382 I PhoneLab-StatusMonitorSignal: Signal_Strength: -96 asu: 9
07-10 14:56:47.777  4382  4382 I PhoneLab-Locks: wake lock released
07-10 14:56:47.859  5436  5454 W PowerComponent: [LCD] Could not find data for requested iteration
07-10 14:56:47.859  5436  5454 W PowerComponent: [CPU] Could not find data for requested iteration
07-10 14:56:47.859  5436  5454 W PowerComponent: [Wifi] Could not find data for requested iteration
07-10 14:56:47.859  5436  5454 W PowerComponent: [3G] Could not find data for requested iteration
07-10 14:56:47.859  5436  5454 W PowerComponent: [GPS] Could not find data for requested iteration
07-10 14:56:47.859  5436  5454 W PowerComponent: [Audio] Could not find data for requested iteration
07-10 14:56:49.031  4382  4382 I PhoneLab-StatusMonitorLocation: Location_Latitude: 43.0021646 Longitude: -78.786926 Accuracy: 50.0
07-10 14:56:49.031   293   559 D androidNetworkLocationListeners: Still have listener com.google.android.location.internal.client.NetworkLocationClient$1@413175c0
07-10 14:56:49.035  4382  4382 I PhoneLab-Locks: wake lock released
07-10 14:56:49.050   157   187 W WindowManager: App freeze timeout expired.
07-10 14:56:49.066   293   297 D dalvikvm: GC_CONCURRENT freed 575K, 8% free 11089K/12039K, paused 2ms+4ms
07-10 14:56:53.160  5436  5459 W PowerComponent: [GPS] Had to skip from iteration 544 to 546
07-10 14:56:53.160  5436  5455 W PowerComponent: [LCD] Had to skip from iteration 544 to 546
07-10 14:56:53.172  5436  5460 W PowerComponent: [Audio] Had to skip from iteration 544 to 546
07-10 14:56:53.191  5436  5458 W PowerComponent: [3G] Had to skip from iteration 544 to 546
07-10 14:56:53.195  5436  5457 W PowerComponent: [Wifi] Had to skip from iteration 544 to 546
07-10 14:56:53.230  5436  5456 W PowerComponent: [CPU] Had to skip from iteration 544 to 546
07-10 14:56:53.859  5436  5454 W PowerComponent: [LCD] Could not find data for requested iteration
07-10 14:56:53.859  5436  5454 W PowerComponent: [CPU] Could not find data for requested iteration
07-10 14:56:53.859  5436  5454 W PowerComponent: [Wifi] Could not find data for requested iteration
07-10 14:56:53.859  5436  5454 W PowerComponent: [3G] Could not find data for requested iteration
07-10 14:56:53.859  5436  5454 W PowerComponent: [GPS] Could not find data for requested iteration
07-10 14:56:53.859  5436  5454 W PowerComponent: [Audio] Could not find data for requested iteration
07-10 14:58:54.129  5436  5455 W PowerComponent: [LCD] Had to skip from iteration 548 to 667
07-10 14:58:54.129  5436  5459 W PowerComponent: [GPS] Had to skip from iteration 548 to 667
07-10 14:58:54.136  5436  5457 W PowerComponent: [Wifi] Had to skip from iteration 548 to 667
07-10 14:58:54.136  5436  5460 W PowerComponent: [Audio] Had to skip from iteration 548 to 667
07-10 14:58:54.140  5436  5458 W PowerComponent: [3G] Had to skip from iteration 548 to 667
07-10 14:58:54.144  5436  5456 W PowerComponent: [CPU] Had to skip from iteration 548 to 667
07-10 14:58:54.875  5436  5454 W PowerComponent: [LCD] Could not find data for requested iteration
07-10 14:58:54.875  5436  5454 W PowerComponent: [CPU] Could not find data for requested iteration
07-10 14:58:54.879  5436  5454 W PowerComponent: [Wifi] Could not find data for requested iteration
07-10 14:58:54.879  5436  5454 W PowerComponent: [3G] Could not find data for requested iteration
07-10 14:58:54.882  5436  5454 W PowerComponent: [GPS] Could not find data for requested iteration
07-10 14:58:54.882  5436  5454 W PowerComponent: [Audio] Could not find data for requested iteration
07-10 15:00:31.343  5436  5459 W PowerComponent: [GPS] Had to skip from iteration 668 to 764
07-10 15:00:31.343  5436  5455 W PowerComponent: [LCD] Had to skip from iteration 668 to 764
07-10 15:00:31.363  5436  5460 W PowerComponent: [Audio] Had to skip from iteration 668 to 764
07-10 15:00:31.394  5436  5458 W PowerComponent: [3G] Had to skip from iteration 668 to 764
07-10 15:00:31.398  5436  5457 W PowerComponent: [Wifi] Had to skip from iteration 668 to 764
07-10 15:00:31.398  4382  4382 I PhoneLab-Locks: wake lock acquired
07-10 15:00:31.406  4382  5480 I PhoneLab-PeriodicCheckService: User info is synched
07-10 15:00:31.406  5436  5456 W PowerComponent: [CPU] Had to skip from iteration 668 to 764
07-10 15:00:31.410  4382  5480 I PhoneLab-PeriodicCheckService: Logger Service is running
07-10 15:00:31.410  4382  5480 I PhoneLab-Locks: wake lock acquired
07-10 15:00:31.414  4382  4382 I PhoneLab-UploadLogs: Transfering log files now
07-10 15:00:31.414  4382  4382 I PhoneLab-UploadLogs: No log files to transfer
07-10 15:00:31.414  4382  4382 I PhoneLab-Locks: wake lock released
07-10 15:00:31.414  4382  4382 I PhoneLab-UploadLogs: OnStartCommand
07-10 15:00:31.414  4382  5480 I PhoneLab-PeriodicCheckService: Rescheduling periodic checking...
07-10 15:00:31.418  4382  5480 I PhoneLab-Locks: wake lock released
07-10 15:00:31.859  5436  5454 W PowerComponent: [LCD] Could not find data for requested iteration
07-10 15:00:31.859  5436  5454 W PowerComponent: [CPU] Could not find data for requested iteration
07-10 15:00:31.859  5436  5454 W PowerComponent: [Wifi] Could not find data for requested iteration
07-10 15:00:31.859  5436  5454 W PowerComponent: [3G] Could not find data for requested iteration
07-10 15:00:31.859  5436  5454 W PowerComponent: [GPS] Could not find data for requested iteration
07-10 15:00:31.859  5436  5454 W PowerComponent: [Audio] Could not find data for requested iteration
07-10 15:03:00.367  5436  5459 W PowerComponent: [GPS] Had to skip from iteration 765 to 913
07-10 15:03:00.371  5436  5455 W PowerComponent: [LCD] Had to skip from iteration 765 to 913
07-10 15:03:00.379  5436  5460 W PowerComponent: [Audio] Had to skip from iteration 765 to 913
07-10 15:03:00.406  5436  5458 W PowerComponent: [3G] Had to skip from iteration 765 to 913
07-10 15:03:00.433  5436  5456 W PowerComponent: [CPU] Had to skip from iteration 765 to 913
07-10 15:03:00.433  5436  5457 W PowerComponent: [Wifi] Had to skip from iteration 765 to 913
07-10 15:03:00.859  5436  5454 W PowerComponent: [LCD] Could not find data for requested iteration
07-10 15:03:00.859  5436  5454 W PowerComponent: [CPU] Could not find data for requested iteration
07-10 15:03:00.859  5436  5454 W PowerComponent: [Wifi] Could not find data for requested iteration
07-10 15:03:00.859  5436  5454 W PowerComponent: [3G] Could not find data for requested iteration
07-10 15:03:00.859  5436  5454 W PowerComponent: [GPS] Could not find data for requested iteration
07-10 15:03:00.859  5436  5454 W PowerComponent: [Audio] Could not find data for requested iteration
07-10 15:03:01.289   293  1014 I EventLogService: Aggregate from 1341945181025 (log), 1341945181025 (data)
07-10 15:06:47.058  5436  5456 W PowerComponent: [CPU] Had to skip from iteration 915 to 1140
07-10 15:06:47.058  5436  5459 W PowerComponent: [GPS] Had to skip from iteration 915 to 1140
07-10 15:06:47.058  5436  5455 W PowerComponent: [LCD] Had to skip from iteration 915 to 1140
07-10 15:06:47.062  5436  5460 W PowerComponent: [Audio] Had to skip from iteration 915 to 1140
07-10 15:06:47.066  5436  5457 W PowerComponent: [Wifi] Had to skip from iteration 915 to 1140
07-10 15:06:47.066  5436  5458 W PowerComponent: [3G] Had to skip from iteration 915 to 1140
07-10 15:06:47.761  4382  4382 I PhoneLab-Locks: wake lock acquired
07-10 15:06:47.851   157  5467 D dalvikvm: GC_EXPLICIT freed 704K, 14% free 14566K/16775K, paused 27ms+6ms
07-10 15:06:47.859  4382  4382 I PhoneLab-StatusMonitor: Status Monitoring is started
07-10 15:06:47.859  5436  5454 W PowerComponent: [LCD] Could not find data for requested iteration
07-10 15:06:47.859  5436  5454 W PowerComponent: [CPU] Could not find data for requested iteration
07-10 15:06:47.859  5436  5454 W PowerComponent: [Wifi] Could not find data for requested iteration
07-10 15:06:47.859  5436  5454 W PowerComponent: [3G] Could not find data for requested iteration
07-10 15:06:47.859  5436  5454 W PowerComponent: [GPS] Could not find data for requested iteration
07-10 15:06:47.859  5436  5454 W PowerComponent: [Audio] Could not find data for requested iteration
07-10 15:06:47.968  4382  4384 D dalvikvm: GC_CONCURRENT freed 551K, 18% free 9281K/11207K, paused 1ms+3ms
07-10 15:06:47.980  4382  4382 I PhoneLab-StatusMonitor: Value: 10 - unit: min
07-10 15:06:47.980  4382  4382 I PhoneLab-StatusMonitor: Running interval: 600000
07-10 15:06:47.984  4382  4382 I PhoneLab-StatusMonitor: Rescheduling status monitoring...
07-10 15:06:47.992   227   229 D dalvikvm: GC_CONCURRENT freed 475K, 43% free 10016K/17543K, paused 2ms+8ms
07-10 15:06:47.992  4382  4382 I PhoneLab-Locks: wake lock released
07-10 15:06:48.000  4382  4382 I PhoneLab-StatusMonitorLocation: Learning Location
07-10 15:06:48.000  4382  4382 I PhoneLab-Locks: wake lock acquired
07-10 15:06:48.019  4382  4382 I PhoneLab-Locks: wake lock acquired
07-10 15:06:48.023  4382  4382 I PhoneLab-StatusMonitorLocation: Learning Signal Strgth
07-10 15:06:48.023  4382  4382 I PhoneLab-Locks: wake lock acquired
07-10 15:06:48.031   293   559 D androidNetworkLocationListeners: Still have listener com.google.android.location.internal.client.NetworkLocationClient$1@413175c0
07-10 15:06:48.039   293   559 D androidNetworkLocationListeners: Still have listener com.google.android.location.internal.client.NetworkLocationClient$1@413175c0
07-10 15:06:48.043  4382  4382 I PhoneLab-StatusMonitorBattery: Battery_level: 96
07-10 15:06:48.047  4382  4382 I PhoneLab-Locks: wake lock released
07-10 15:06:48.047  4382  4382 I PhoneLab-StatusMonitorSignal: Signal_Strength: -96 asu: 9
07-10 15:06:48.047  4382  4382 I PhoneLab-Locks: wake lock released
07-10 15:06:49.297  4382  4382 I PhoneLab-StatusMonitorLocation: Location_Latitude: 43.0020886 Longitude: -78.7869402 Accuracy: 52.0
07-10 15:06:49.300   293   559 D androidNetworkLocationListeners: Still have listener com.google.android.location.internal.client.NetworkLocationClient$1@413175c0
07-10 15:06:49.300  4382  4382 I PhoneLab-Locks: wake lock released
07-10 15:06:50.632   293   297 D dalvikvm: GC_CONCURRENT freed 649K, 8% free 11129K/12039K, paused 2ms+3ms
07-10 15:06:54.007  5436  5459 W PowerComponent: [GPS] Had to skip from iteration 1144 to 1147
07-10 15:06:54.007  5436  5455 W PowerComponent: [LCD] Had to skip from iteration 1144 to 1147
07-10 15:06:54.015  5436  5457 W PowerComponent: [Wifi] Had to skip from iteration 1144 to 1147
07-10 15:06:54.015  5436  5460 W PowerComponent: [Audio] Had to skip from iteration 1144 to 1147
07-10 15:06:54.015  5436  5458 W PowerComponent: [3G] Had to skip from iteration 1144 to 1147
07-10 15:06:54.019  5436  5456 W PowerComponent: [CPU] Had to skip from iteration 1144 to 1147
07-10 15:06:54.859  5436  5454 W PowerComponent: [LCD] Could not find data for requested iteration
07-10 15:06:54.859  5436  5454 W PowerComponent: [CPU] Could not find data for requested iteration
07-10 15:06:54.879  5436  5454 W PowerComponent: [Wifi] Could not find data for requested iteration
07-10 15:06:54.879  5436  5454 W PowerComponent: [3G] Could not find data for requested iteration
07-10 15:06:54.879  5436  5454 W PowerComponent: [GPS] Could not find data for requested iteration
07-10 15:06:54.879  5436  5454 W PowerComponent: [Audio] Could not find data for requested iteration
07-10 15:08:06.054  1102  1102 I wpa_supplicant: wlan0: WPA: Group rekeying completed with c4:3d:c7:a7:ad:c9 [GTK=CCMP]
07-10 15:08:06.363  5436  5455 W PowerComponent: [LCD] Had to skip from iteration 1148 to 1219
07-10 15:08:06.367  5436  5459 W PowerComponent: [GPS] Had to skip from iteration 1148 to 1219
07-10 15:08:06.367  5436  5460 W PowerComponent: [Audio] Had to skip from iteration 1148 to 1219
07-10 15:08:06.386  5436  5458 W PowerComponent: [3G] Had to skip from iteration 1148 to 1219
07-10 15:08:06.433  5436  5457 W PowerComponent: [Wifi] Had to skip from iteration 1148 to 1219
07-10 15:08:06.433  5436  5456 W PowerComponent: [CPU] Had to skip from iteration 1148 to 1219
07-10 15:08:06.859  5436  5454 W PowerComponent: [LCD] Could not find data for requested iteration
07-10 15:08:06.859  5436  5454 W PowerComponent: [CPU] Could not find data for requested iteration
07-10 15:08:06.859  5436  5454 W PowerComponent: [Wifi] Could not find data for requested iteration
07-10 15:08:06.859  5436  5454 W PowerComponent: [3G] Could not find data for requested iteration
07-10 15:08:06.863  5436  5454 W PowerComponent: [GPS] Could not find data for requested iteration
07-10 15:08:06.867  5436  5454 W PowerComponent: [Audio] Could not find data for requested iteration
07-10 15:10:08.308  5436  5459 W PowerComponent: [GPS] Had to skip from iteration 1220 to 1341
07-10 15:10:08.308  5436  5455 W PowerComponent: [LCD] Had to skip from iteration 1220 to 1341
07-10 15:10:08.316  5436  5460 W PowerComponent: [Audio] Had to skip from iteration 1220 to 1341
07-10 15:10:08.320  5436  5458 W PowerComponent: [3G] Had to skip from iteration 1220 to 1341
07-10 15:10:08.367  5436  5457 W PowerComponent: [Wifi] Had to skip from iteration 1220 to 1341
07-10 15:10:08.375  5436  5456 W PowerComponent: [CPU] Had to skip from iteration 1220 to 1341
07-10 15:10:08.859  5436  5454 W PowerComponent: [LCD] Could not find data for requested iteration
07-10 15:10:08.859  5436  5454 W PowerComponent: [CPU] Could not find data for requested iteration
07-10 15:10:08.882  5436  5454 W PowerComponent: [Wifi] Could not find data for requested iteration
07-10 15:10:08.882  5436  5454 W PowerComponent: [3G] Could not find data for requested iteration
07-10 15:10:08.882  5436  5454 W PowerComponent: [GPS] Could not find data for requested iteration
07-10 15:10:08.882  5436  5454 W PowerComponent: [Audio] Could not find data for requested iteration
07-10 15:11:08.007  5436  5459 W PowerComponent: [GPS] Had to skip from iteration 1342 to 1401
07-10 15:11:08.007  5436  5455 W PowerComponent: [LCD] Had to skip from iteration 1342 to 1401
07-10 15:11:08.035  5436  5456 W PowerComponent: [CPU] Had to skip from iteration 1342 to 1401
07-10 15:11:08.035  5436  5460 W PowerComponent: [Audio] Had to skip from iteration 1342 to 1401
07-10 15:11:08.039  5436  5458 W PowerComponent: [3G] Had to skip from iteration 1342 to 1401
07-10 15:11:08.043  5436  5457 W PowerComponent: [Wifi] Had to skip from iteration 1342 to 1401
07-10 15:11:08.859  5436  5454 W PowerComponent: [LCD] Could not find data for requested iteration
07-10 15:11:08.859  5436  5454 W PowerComponent: [CPU] Could not find data for requested iteration
07-10 15:11:08.859  5436  5454 W PowerComponent: [Wifi] Could not find data for requested iteration
07-10 15:11:08.859  5436  5454 W PowerComponent: [3G] Could not find data for requested iteration
07-10 15:11:08.859  5436  5454 W PowerComponent: [GPS] Could not find data for requested iteration
07-10 15:11:08.859  5436  5454 W PowerComponent: [Audio] Could not find data for requested iteration
07-10 15:11:08.937  5436  5438 D dalvikvm: GC_CONCURRENT freed 635K, 7% free 11271K/12103K, paused 2ms+2ms
07-10 15:16:47.285  5436  5455 W PowerComponent: [LCD] Had to skip from iteration 1402 to 1740
07-10 15:16:47.285  5436  5459 W PowerComponent: [GPS] Had to skip from iteration 1402 to 1740
07-10 15:16:47.297  5436  5460 W PowerComponent: [Audio] Had to skip from iteration 1402 to 1740
07-10 15:16:47.304  5436  5458 W PowerComponent: [3G] Had to skip from iteration 1402 to 1740
07-10 15:16:47.336  5436  5457 W PowerComponent: [Wifi] Had to skip from iteration 1402 to 1740
07-10 15:16:47.340  5436  5456 W PowerComponent: [CPU] Had to skip from iteration 1402 to 1740
07-10 15:16:47.875  5436  5454 W PowerComponent: [LCD] Could not find data for requested iteration
07-10 15:16:47.875  5436  5454 W PowerComponent: [CPU] Could not find data for requested iteration
07-10 15:16:47.879  5436  5454 W PowerComponent: [Wifi] Could not find data for requested iteration
07-10 15:16:47.886  5436  5454 W PowerComponent: [3G] Could not find data for requested iteration
07-10 15:16:47.886  5436  5454 W PowerComponent: [GPS] Could not find data for requested iteration
07-10 15:16:47.886  5436  5454 W PowerComponent: [Audio] Could not find data for requested iteration
07-10 15:16:48.000  4382  4382 I PhoneLab-Locks: wake lock acquired
07-10 15:16:48.019  4382  4382 I PhoneLab-StatusMonitor: Status Monitoring is started
07-10 15:16:48.093  4382  4384 D dalvikvm: GC_CONCURRENT freed 525K, 18% free 9268K/11207K, paused 2ms+3ms
07-10 15:16:48.097  4382  4382 I PhoneLab-StatusMonitor: Value: 10 - unit: min
07-10 15:16:48.097  4382  4382 I PhoneLab-StatusMonitor: Running interval: 600000
07-10 15:16:48.113  4382  4382 I PhoneLab-StatusMonitor: Rescheduling status monitoring...
07-10 15:16:48.113  4382  4382 I PhoneLab-Locks: wake lock released
07-10 15:25:08.015  4382  4382 I PhoneLab-StatusMonitorLocation: Learning Location
07-10 15:25:08.015  4382  4382 I PhoneLab-Locks: wake lock acquired
07-10 15:25:08.105  4382  4382 I PhoneLab-Locks: wake lock acquired
07-10 15:25:08.109  4382  4382 I PhoneLab-StatusMonitorLocation: Learning Signal Strgth
07-10 15:25:08.109  4382  4382 I PhoneLab-Locks: wake lock acquired
07-10 15:25:08.109   293   559 D androidNetworkLocationListeners: Still have listener com.google.android.location.internal.client.NetworkLocationClient$1@413175c0
07-10 15:25:08.125   293   559 D androidNetworkLocationListeners: Still have listener com.google.android.location.internal.client.NetworkLocationClient$1@413175c0
07-10 15:25:08.125  4382  4382 I PhoneLab-StatusMonitorBattery: Battery_level: 94
07-10 15:25:08.129  4382  4382 I PhoneLab-Locks: wake lock released
07-10 15:25:08.129  4382  4382 I PhoneLab-StatusMonitorSignal: Signal_Strength: -96 asu: 9
07-10 15:25:08.129  4382  4382 I PhoneLab-Locks: wake lock released
07-10 15:25:08.250  5436  5459 W PowerComponent: [GPS] Had to skip from iteration 1741 to 2241
07-10 15:25:08.250  5436  5455 W PowerComponent: [LCD] Had to skip from iteration 1741 to 2241
07-10 15:25:08.265  5436  5460 W PowerComponent: [Audio] Had to skip from iteration 1741 to 2241
07-10 15:25:08.273  5436  5458 W PowerComponent: [3G] Had to skip from iteration 1741 to 2241
07-10 15:25:08.300  5436  5456 W PowerComponent: [CPU] Had to skip from iteration 1741 to 2241
07-10 15:25:08.300  5436  5457 W PowerComponent: [Wifi] Had to skip from iteration 1741 to 2241
07-10 15:25:08.859  5436  5454 W PowerComponent: [LCD] Could not find data for requested iteration
07-10 15:25:08.859  5436  5454 W PowerComponent: [CPU] Could not find data for requested iteration
07-10 15:25:08.859  5436  5454 W PowerComponent: [Wifi] Could not find data for requested iteration
07-10 15:25:08.859  5436  5454 W PowerComponent: [3G] Could not find data for requested iteration
07-10 15:25:08.859  5436  5454 W PowerComponent: [GPS] Could not find data for requested iteration
07-10 15:25:08.859  5436  5454 W PowerComponent: [Audio] Could not find data for requested iteration
07-10 15:25:09.414  4382  4382 I PhoneLab-StatusMonitorLocation: Location_Latitude: 43.0022445 Longitude: -78.7870167 Accuracy: 49.0
07-10 15:25:09.414   293   559 D androidNetworkLocationListeners: Still have listener com.google.android.location.internal.client.NetworkLocationClient$1@413175c0
07-10 15:25:09.418  4382  4382 I PhoneLab-Locks: wake lock released
07-10 15:25:10.765   293   297 D dalvikvm: GC_CONCURRENT freed 723K, 9% free 11050K/12039K, paused 2ms+3ms
07-10 15:25:14.007  5436  5455 W PowerComponent: [LCD] Had to skip from iteration 2244 to 2247
07-10 15:25:14.007  5436  5459 W PowerComponent: [GPS] Had to skip from iteration 2244 to 2247
07-10 15:25:14.011  5436  5456 W PowerComponent: [CPU] Had to skip from iteration 2244 to 2247
07-10 15:25:14.015  5436  5457 W PowerComponent: [Wifi] Had to skip from iteration 2244 to 2247
07-10 15:25:14.015  5436  5460 W PowerComponent: [Audio] Had to skip from iteration 2244 to 2247
07-10 15:25:14.015  5436  5458 W PowerComponent: [3G] Had to skip from iteration 2244 to 2247
07-10 15:25:14.863  5436  5454 W PowerComponent: [LCD] Could not find data for requested iteration
07-10 15:25:14.863  5436  5454 W PowerComponent: [CPU] Could not find data for requested iteration
07-10 15:25:14.863  5436  5454 W PowerComponent: [Wifi] Could not find data for requested iteration
07-10 15:25:14.863  5436  5454 W PowerComponent: [3G] Could not find data for requested iteration
07-10 15:25:14.863  5436  5454 W PowerComponent: [GPS] Could not find data for requested iteration
07-10 15:25:14.863  5436  5454 W PowerComponent: [Audio] Could not find data for requested iteration
07-10 15:26:47.367  5436  5455 W PowerComponent: [LCD] Had to skip from iteration 2248 to 2340
07-10 15:26:47.371  5436  5459 W PowerComponent: [GPS] Had to skip from iteration 2248 to 2340
07-10 15:26:47.386  5436  5460 W PowerComponent: [Audio] Had to skip from iteration 2248 to 2340
07-10 15:26:47.390  5436  5458 W PowerComponent: [3G] Had to skip from iteration 2248 to 2340
07-10 15:26:47.418  5436  5457 W PowerComponent: [Wifi] Had to skip from iteration 2248 to 2340
07-10 15:26:47.418  5436  5456 W PowerComponent: [CPU] Had to skip from iteration 2248 to 2340
07-10 15:26:47.859  5436  5454 W PowerComponent: [LCD] Could not find data for requested iteration
07-10 15:26:47.859  5436  5454 W PowerComponent: [CPU] Could not find data for requested iteration
07-10 15:26:47.859  5436  5454 W PowerComponent: [Wifi] Could not find data for requested iteration
07-10 15:26:47.871  5436  5454 W PowerComponent: [3G] Could not find data for requested iteration
07-10 15:26:47.871  5436  5454 W PowerComponent: [GPS] Could not find data for requested iteration
07-10 15:26:47.871  5436  5454 W PowerComponent: [Audio] Could not find data for requested iteration
07-10 15:26:48.246  4382  4382 I PhoneLab-Locks: wake lock acquired
07-10 15:26:48.254  4382  4382 I PhoneLab-StatusMonitor: Status Monitoring is started
07-10 15:26:48.304  4382  4384 D dalvikvm: GC_CONCURRENT freed 525K, 18% free 9252K/11207K, paused 2ms+2ms
07-10 15:26:48.312  4382  4382 I PhoneLab-StatusMonitor: Value: 10 - unit: min
07-10 15:26:48.312  4382  4382 I PhoneLab-StatusMonitor: Running interval: 600000
07-10 15:26:48.328  4382  4382 I PhoneLab-StatusMonitor: Rescheduling status monitoring...
07-10 15:26:48.328  4382  4382 I PhoneLab-Locks: wake lock released
07-10 15:26:48.336  4382  4382 I PhoneLab-StatusMonitorLocation: Learning Location
07-10 15:26:48.336  4382  4382 I PhoneLab-Locks: wake lock acquired
07-10 15:26:48.340  4382  4382 I PhoneLab-Locks: wake lock acquired
07-10 15:26:48.340   293   559 D androidNetworkLocationListeners: Still have listener com.google.android.location.internal.client.NetworkLocationClient$1@413175c0
07-10 15:26:48.343  4382  4382 I PhoneLab-StatusMonitorLocation: Learning Signal Strgth
07-10 15:26:48.343  4382  4382 I PhoneLab-Locks: wake lock acquired
07-10 15:26:48.355  4382  4382 I PhoneLab-StatusMonitorBattery: Battery_level: 94
07-10 15:26:48.355   293   559 D androidNetworkLocationListeners: Still have listener com.google.android.location.internal.client.NetworkLocationClient$1@413175c0
07-10 15:26:48.355  4382  4382 I PhoneLab-Locks: wake lock released
07-10 15:26:48.359  4382  4382 I PhoneLab-StatusMonitorSignal: Signal_Strength: -96 asu: 9
07-10 15:26:48.359  4382  4382 I PhoneLab-Locks: wake lock released
07-10 15:26:48.382   356   359 D dalvikvm: GC_CONCURRENT freed 383K, 7% free 9451K/10055K, paused 2ms+2ms
07-10 15:26:49.640  4382  4382 I PhoneLab-StatusMonitorLocation: Location_Latitude: 43.002184 Longitude: -78.7870052 Accuracy: 52.0
07-10 15:26:49.640   293   559 D androidNetworkLocationListeners: Still have listener com.google.android.location.internal.client.NetworkLocationClient$1@413175c0
07-10 15:26:49.644  4382  4382 I PhoneLab-Locks: wake lock released
07-10 15:26:54.007  5436  5455 W PowerComponent: [LCD] Had to skip from iteration 2344 to 2347
07-10 15:26:54.007  5436  5459 W PowerComponent: [GPS] Had to skip from iteration 2344 to 2347
07-10 15:26:54.019  5436  5457 W PowerComponent: [Wifi] Had to skip from iteration 2344 to 2347
07-10 15:26:54.019  5436  5460 W PowerComponent: [Audio] Had to skip from iteration 2344 to 2347
07-10 15:26:54.019  5436  5458 W PowerComponent: [3G] Had to skip from iteration 2344 to 2347
07-10 15:26:54.019  5436  5456 W PowerComponent: [CPU] Had to skip from iteration 2344 to 2347
07-10 15:26:54.859  5436  5454 W PowerComponent: [LCD] Could not find data for requested iteration
07-10 15:26:54.859  5436  5454 W PowerComponent: [CPU] Could not find data for requested iteration
07-10 15:26:54.859  5436  5454 W PowerComponent: [Wifi] Could not find data for requested iteration
07-10 15:26:54.859  5436  5454 W PowerComponent: [3G] Could not find data for requested iteration
07-10 15:26:54.859  5436  5454 W PowerComponent: [GPS] Could not find data for requested iteration
07-10 15:26:54.859  5436  5454 W PowerComponent: [Audio] Could not find data for requested iteration
07-10 15:30:31.382  5436  5455 W PowerComponent: [LCD] Had to skip from iteration 2348 to 2564
07-10 15:30:31.382  5436  5459 W PowerComponent: [GPS] Had to skip from iteration 2348 to 2564
07-10 15:30:31.390  5436  5460 W PowerComponent: [Audio] Had to skip from iteration 2348 to 2564
07-10 15:30:31.410  5436  5458 W PowerComponent: [3G] Had to skip from iteration 2348 to 2564
07-10 15:30:31.449  4382  4382 I PhoneLab-Locks: wake lock acquired
07-10 15:30:31.464  5436  5457 W PowerComponent: [Wifi] Had to skip from iteration 2348 to 2564
07-10 15:30:31.468  4382  5493 I PhoneLab-PeriodicCheckService: User info is synched
07-10 15:30:31.468  5436  5456 W PowerComponent: [CPU] Had to skip from iteration 2348 to 2564
07-10 15:30:31.472  4382  5493 I PhoneLab-PeriodicCheckService: Logger Service is running
07-10 15:30:31.472  4382  5493 I PhoneLab-Locks: wake lock acquired
07-10 15:30:31.476  4382  4382 I PhoneLab-UploadLogs: Transfering log files now
07-10 15:30:31.476  4382  4382 I PhoneLab-UploadLogs: No log files to transfer
07-10 15:30:31.476  4382  4382 I PhoneLab-Locks: wake lock released
07-10 15:30:31.476  4382  4382 I PhoneLab-UploadLogs: OnStartCommand
07-10 15:30:31.480  4382  5493 I PhoneLab-PeriodicCheckService: Rescheduling periodic checking...
07-10 15:30:31.480  4382  5493 I PhoneLab-Locks: wake lock released
07-10 15:30:31.859  5436  5454 W PowerComponent: [LCD] Could not find data for requested iteration
07-10 15:30:31.859  5436  5454 W PowerComponent: [CPU] Could not find data for requested iteration
07-10 15:30:31.859  5436  5454 W PowerComponent: [Wifi] Could not find data for requested iteration
07-10 15:30:31.859  5436  5454 W PowerComponent: [3G] Could not find data for requested iteration
07-10 15:30:31.859  5436  5454 W PowerComponent: [GPS] Could not find data for requested iteration
07-10 15:30:31.859  5436  5454 W PowerComponent: [Audio] Could not find data for requested iteration
07-10 15:31:24.320   157   173 V BackupManagerService: Running a backup pass
07-10 15:31:24.343   157   226 V BackupManagerService: clearing pending backups
07-10 15:31:24.351   157   226 V PerformBackupTask: Beginning backup of 1 targets
07-10 15:31:24.359  5436  5459 W PowerComponent: [GPS] Had to skip from iteration 2565 to 2617
07-10 15:31:24.379  5436  5460 W PowerComponent: [Audio] Had to skip from iteration 2565 to 2617
07-10 15:31:24.382  5436  5455 W PowerComponent: [LCD] Had to skip from iteration 2565 to 2617
07-10 15:31:24.386  5436  5458 W PowerComponent: [3G] Had to skip from iteration 2565 to 2617
07-10 15:31:24.406  5436  5457 W PowerComponent: [Wifi] Had to skip from iteration 2565 to 2617
07-10 15:31:24.406  5436  5456 W PowerComponent: [CPU] Had to skip from iteration 2565 to 2617
07-10 15:31:24.511   157   226 D PerformBackupTask: processOneBackup doBackup() on @pm@
07-10 15:31:24.515   157   226 V BackupServiceBinder: doBackup() invoked
07-10 15:31:24.523   157   226 I PerformBackupTask: no backup data written; not calling transport
07-10 15:31:24.527   157   226 D PerformBackupTask: starting agent for backup of BackupRequest{pkg=com.android.providers.settings}
07-10 15:31:24.527   157   173 V ActivityThread: handleCreateBackupAgent: CreateBackupAgentData{appInfo=ApplicationInfo{413b65f0 com.android.providers.settings} backupAgent=com.android.providers.settings.SettingsBackupAgent mode=0}
07-10 15:31:24.527   157   173 V ActivityThread: Initializing agent class com.android.providers.settings.SettingsBackupAgent
07-10 15:31:24.527   157   173 D SettingsBackupAgent: onCreate() invoked
07-10 15:31:24.527   157   226 D BackupManagerService: awaiting agent for ApplicationInfo{413b65f0 com.android.providers.settings}
07-10 15:31:24.531   157   226 V BackupServiceBinder: doBackup() invoked
07-10 15:31:24.531   157   173 D BackupManagerService: agentConnected pkg=com.android.providers.settings agent=android.app.backup.BackupAgent$BackupServiceBinder@415fd660
07-10 15:31:24.531   157   226 D PerformBackupTask: processOneBackup doBackup() on com.android.providers.settings
07-10 15:31:24.562   157   226 V LocalTransport: performBackup() pkg=com.android.providers.settings
07-10 15:31:24.562   157   173 V ActivityThread: handleDestroyBackupAgent: CreateBackupAgentData{appInfo=ApplicationInfo{413b65f0 com.android.providers.settings} backupAgent=com.android.providers.settings.SettingsBackupAgent mode=0}
07-10 15:31:24.566   157   226 V LocalTransport: Got change set key=system size=948 key64=c3lzdGVt
07-10 15:31:24.566   157   226 V LocalTransport:   data size 948
07-10 15:31:24.570   157   226 V LocalTransport: finishBackup()
07-10 15:31:24.574   157   226 I PerformBackupTask: Backup pass finished.
07-10 15:31:24.859  5436  5454 W PowerComponent: [LCD] Could not find data for requested iteration
07-10 15:31:24.859  5436  5454 W PowerComponent: [CPU] Could not find data for requested iteration
07-10 15:31:24.859  5436  5454 W PowerComponent: [Wifi] Could not find data for requested iteration
07-10 15:31:24.859  5436  5454 W PowerComponent: [3G] Could not find data for requested iteration
07-10 15:31:24.859  5436  5454 W PowerComponent: [GPS] Could not find data for requested iteration
07-10 15:31:24.859  5436  5454 W PowerComponent: [Audio] Could not find data for requested iteration
07-10 15:33:01.324  5436  5455 W PowerComponent: [LCD] Had to skip from iteration 2618 to 2714
07-10 15:33:01.328  5436  5459 W PowerComponent: [GPS] Had to skip from iteration 2618 to 2714
07-10 15:33:01.339  5436  5460 W PowerComponent: [Audio] Had to skip from iteration 2618 to 2714
07-10 15:33:01.347  5436  5458 W PowerComponent: [3G] Had to skip from iteration 2618 to 2714
07-10 15:33:01.398  5436  5457 W PowerComponent: [Wifi] Had to skip from iteration 2618 to 2714
07-10 15:33:01.410   293   667 I EventLogService: Aggregate from 1341946981292 (log), 1341946981292 (data)
07-10 15:33:01.414  5436  5456 W PowerComponent: [CPU] Had to skip from iteration 2618 to 2714
07-10 15:33:01.504   293   297 D dalvikvm: GC_CONCURRENT freed 578K, 9% free 11048K/12039K, paused 13ms+4ms
07-10 15:33:01.859  5436  5454 W PowerComponent: [LCD] Could not find data for requested iteration
07-10 15:33:01.859  5436  5454 W PowerComponent: [CPU] Could not find data for requested iteration
07-10 15:33:01.859  5436  5454 W PowerComponent: [Wifi] Could not find data for requested iteration
07-10 15:33:01.859  5436  5454 W PowerComponent: [3G] Could not find data for requested iteration
07-10 15:33:01.859  5436  5454 W PowerComponent: [GPS] Could not find data for requested iteration
07-10 15:33:01.859  5436  5454 W PowerComponent: [Audio] Could not find data for requested iteration
07-10 15:36:48.117   157   159 D dalvikvm: GC_CONCURRENT freed 1220K, 13% free 14647K/16775K, paused 2ms+6ms
07-10 15:36:48.308  5436  5459 W PowerComponent: [GPS] Had to skip from iteration 2715 to 2941
07-10 15:36:48.308  5436  5455 W PowerComponent: [LCD] Had to skip from iteration 2715 to 2941
07-10 15:36:48.316  5436  5460 W PowerComponent: [Audio] Had to skip from iteration 2715 to 2941
07-10 15:36:48.320  5436  5458 W PowerComponent: [3G] Had to skip from iteration 2715 to 2941
07-10 15:36:48.347  4382  4382 I PhoneLab-Locks: wake lock acquired
07-10 15:36:48.371  4382  4382 I PhoneLab-StatusMonitor: Status Monitoring is started
07-10 15:36:48.375  5436  5457 W PowerComponent: [Wifi] Had to skip from iteration 2715 to 2941
07-10 15:36:48.386  5436  5456 W PowerComponent: [CPU] Had to skip from iteration 2715 to 2941
07-10 15:36:48.437  4382  4384 D dalvikvm: GC_CONCURRENT freed 508K, 18% free 9256K/11207K, paused 2ms+3ms
07-10 15:36:48.449  4382  4382 I PhoneLab-StatusMonitor: Value: 10 - unit: min
07-10 15:36:48.449  4382  4382 I PhoneLab-StatusMonitor: Running interval: 600000
07-10 15:36:48.461  4382  4382 I PhoneLab-StatusMonitor: Rescheduling status monitoring...
07-10 15:36:48.461  4382  4382 I PhoneLab-Locks: wake lock released
07-10 15:36:48.468  4382  4382 I PhoneLab-StatusMonitorLocation: Learning Location
07-10 15:36:48.468  4382  4382 I PhoneLab-Locks: wake lock acquired
07-10 15:36:48.468  4382  4382 I PhoneLab-Locks: wake lock acquired
07-10 15:36:48.472   293   559 D androidNetworkLocationListeners: Still have listener com.google.android.location.internal.client.NetworkLocationClient$1@413175c0
07-10 15:36:48.472  4382  4382 I PhoneLab-StatusMonitorLocation: Learning Signal Strgth
07-10 15:36:48.472  4382  4382 I PhoneLab-Locks: wake lock acquired
07-10 15:36:48.488   293   559 D androidNetworkLocationListeners: Still have listener com.google.android.location.internal.client.NetworkLocationClient$1@413175c0
07-10 15:36:48.488  4382  4382 I PhoneLab-StatusMonitorBattery: Battery_level: 93
07-10 15:36:48.492  4382  4382 I PhoneLab-Locks: wake lock released
07-10 15:36:48.492  4382  4382 I PhoneLab-StatusMonitorSignal: Signal_Strength: -96 asu: 9
07-10 15:36:48.492  4382  4382 I PhoneLab-Locks: wake lock released
07-10 15:36:48.511  4382  4395 I PhoneLab-: Service Running
07-10 15:36:48.539  4382  4395 I PhoneLab-LoggerService: app_36    1027  1     1440   1068  c00f181c 400107b4 S logcat
07-10 15:36:48.539  4382  4395 I PhoneLab-LoggerService: Logcat pid from database 1027
07-10 15:36:48.539  4382  4395 I PhoneLab-LoggerService: Logcat process found 1027
07-10 15:36:48.539  4382  4395 I PhoneLab-LoggerService: Checking Threshold
07-10 15:36:48.539  4382  4395 I PhoneLab-: Service Running
07-10 15:36:48.566  4382  4395 I PhoneLab-LoggerService: app_36    1027  1     1440   1068  c00f181c 400107b4 S logcat
07-10 15:36:48.566  4382  4395 I PhoneLab-LoggerService: Logcat pid from database 1027
07-10 15:36:48.566  4382  4395 I PhoneLab-LoggerService: Logcat process found 1027
07-10 15:36:48.566  4382  4395 I PhoneLab-LoggerService: Checking Threshold
07-10 15:36:48.566  4382  4395 I PhoneLab-: Service Running
07-10 15:36:48.593  4382  4395 I PhoneLab-LoggerService: app_36    1027  1     1440   1068  c00f181c 400107b4 S logcat
07-10 15:36:48.593  4382  4395 I PhoneLab-LoggerService: Logcat pid from database 1027
07-10 15:36:48.597  4382  4395 I PhoneLab-LoggerService: Logcat process found 1027
07-10 15:36:48.597  4382  4395 I PhoneLab-LoggerService: Checking Threshold
07-10 15:36:48.597  4382  4395 I PhoneLab-: Service Running
07-10 15:36:48.621  4382  4395 I PhoneLab-LoggerService: app_36    1027  1     1440   1068  c00f181c 400107b4 S logcat
07-10 15:36:48.629  4382  4395 I PhoneLab-LoggerService: Logcat pid from database 1027
07-10 15:36:48.629  4382  4395 I PhoneLab-LoggerService: Logcat process found 1027
07-10 15:36:48.629  4382  4395 I PhoneLab-LoggerService: Checking Threshold
07-10 15:36:48.629  4382  4395 I PhoneLab-: Service Running
07-10 15:36:48.656  4382  4384 D dalvikvm: GC_CONCURRENT freed 462K, 18% free 9205K/11207K, paused 2ms+2ms
07-10 15:36:48.675  4382  4395 I PhoneLab-LoggerService: app_36    1027  1     1440   1068  c00f181c 400107b4 S logcat
07-10 15:36:48.675  4382  4395 I PhoneLab-LoggerService: Logcat pid from database 1027
07-10 15:36:48.675  4382  4395 I PhoneLab-LoggerService: Logcat process found 1027
07-10 15:36:48.675  4382  4395 I PhoneLab-LoggerService: Checking Threshold
07-10 15:36:48.675  4382  4395 I PhoneLab-: Service Running
07-10 15:36:48.703  4382  4395 I PhoneLab-LoggerService: app_36    1027  1     1440   1068  c00f181c 400107b4 S logcat
07-10 15:36:48.703  4382  4395 I PhoneLab-LoggerService: Logcat pid from database 1027
07-10 15:36:48.703  4382  4395 I PhoneLab-LoggerService: Logcat process found 1027
07-10 15:36:48.703  4382  4395 I PhoneLab-LoggerService: Checking Threshold
07-10 15:36:48.707  4382  4395 I PhoneLab-: Service Running
07-10 15:36:48.730  4382  4395 I PhoneLab-LoggerService: app_36    1027  1     1440   1068  c00f181c 400107b4 S logcat
07-10 15:36:48.734  4382  4395 I PhoneLab-LoggerService: Logcat pid from database 1027
07-10 15:36:48.734  4382  4395 I PhoneLab-LoggerService: Logcat process found 1027
07-10 15:36:48.734  4382  4395 I PhoneLab-LoggerService: Checking Threshold
07-10 15:36:48.734  4382  4395 I PhoneLab-: Service Running
07-10 15:36:48.761  4382  4395 I PhoneLab-LoggerService: app_36    1027  1     1440   1068  c00f181c 400107b4 S logcat
07-10 15:36:48.761  4382  4395 I PhoneLab-LoggerService: Logcat pid from database 1027
07-10 15:36:48.761  4382  4395 I PhoneLab-LoggerService: Logcat process found 1027
07-10 15:36:48.761  4382  4395 I PhoneLab-LoggerService: Checking Threshold
07-10 15:36:48.761  4382  4395 I PhoneLab-: Service Running
07-10 15:36:48.789  4382  4395 I PhoneLab-LoggerService: app_36    1027  1     1440   1068  c00f181c 400107b4 S logcat
07-10 15:36:48.789  4382  4395 I PhoneLab-LoggerService: Logcat pid from database 1027
07-10 15:36:48.789  4382  4395 I PhoneLab-LoggerService: Logcat process found 1027
07-10 15:36:48.789  4382  4395 I PhoneLab-LoggerService: Checking Threshold
07-10 15:36:48.793  4382  4395 I PhoneLab-: Service Running
07-10 15:36:48.816  4382  4395 I PhoneLab-LoggerService: app_36    1027  1     1440   1068  c00f181c 400107b4 S logcat
07-10 15:36:48.820  4382  4395 I PhoneLab-LoggerService: Logcat pid from database 1027
07-10 15:36:48.820  4382  4395 I PhoneLab-LoggerService: Logcat process found 1027
07-10 15:36:48.820  4382  4395 I PhoneLab-LoggerService: Checking Threshold
07-10 15:36:48.820  4382  4395 I PhoneLab-: Service Running
07-10 15:36:48.847  4382  4395 I PhoneLab-LoggerService: app_36    1027  1     1440   1068  c00f181c 400107b4 S logcat
07-10 15:36:48.847  4382  4395 I PhoneLab-LoggerService: Logcat pid from database 1027
07-10 15:36:48.847  4382  4395 I PhoneLab-LoggerService: Logcat process found 1027
07-10 15:36:48.847  4382  4395 I PhoneLab-LoggerService: Checking Threshold
07-10 15:36:48.847  4382  4395 I PhoneLab-: Service Running
07-10 15:36:48.859  5436  5454 W PowerComponent: [LCD] Could not find data for requested iteration
07-10 15:36:48.859  5436  5454 W PowerComponent: [CPU] Could not find data for requested iteration
07-10 15:36:48.859  5436  5454 W PowerComponent: [Wifi] Could not find data for requested iteration
07-10 15:36:48.859  5436  5454 W PowerComponent: [3G] Could not find data for requested iteration
07-10 15:36:48.859  5436  5454 W PowerComponent: [GPS] Could not find data for requested iteration
07-10 15:36:48.859  5436  5454 W PowerComponent: [Audio] Could not find data for requested iteration
07-10 15:36:48.890  4382  4395 I PhoneLab-LoggerService: app_36    1027  1     1440   1068  c00f181c 400107b4 S logcat
07-10 15:36:48.890  4382  4395 I PhoneLab-LoggerService: Logcat pid from database 1027
07-10 15:36:48.890  4382  4395 I PhoneLab-LoggerService: Logcat process found 1027
07-10 15:36:48.890  4382  4395 I PhoneLab-LoggerService: Checking Threshold
07-10 15:36:48.890  4382  4395 I PhoneLab-: Service Running
07-10 15:36:48.933  4382  4384 D dalvikvm: GC_CONCURRENT freed 401K, 18% free 9219K/11207K, paused 2ms+6ms
07-10 15:36:48.937  4382  4395 I PhoneLab-LoggerService: app_36    1027  1     1440   1068  c00f181c 400107b4 S logcat
07-10 15:36:48.937  4382  4395 I PhoneLab-LoggerService: Logcat pid from database 1027
07-10 15:36:48.937  4382  4395 I PhoneLab-LoggerService: Logcat process found 1027
07-10 15:36:48.937  4382  4395 I PhoneLab-LoggerService: Checking Threshold
07-10 15:36:48.937  4382  4395 I PhoneLab-: Service Running
07-10 15:36:48.968  4382  4395 I PhoneLab-LoggerService: app_36    1027  1     1440   1068  c00f181c 400107b4 S logcat
07-10 15:36:48.972  4382  4395 I PhoneLab-LoggerService: Logcat pid from database 1027
07-10 15:36:48.972  4382  4395 I PhoneLab-LoggerService: Logcat process found 1027
07-10 15:36:48.972  4382  4395 I PhoneLab-LoggerService: Checking Threshold
07-10 15:36:48.972  4382  4395 I PhoneLab-: Service Running
07-10 15:36:49.000  4382  4395 I PhoneLab-LoggerService: app_36    1027  1     1440   1068  c00f181c 400107b4 S logcat
07-10 15:36:49.000  4382  4395 I PhoneLab-LoggerService: Logcat pid from database 1027
07-10 15:36:49.000  4382  4395 I PhoneLab-LoggerService: Logcat process found 1027
07-10 15:36:49.000  4382  4395 I PhoneLab-LoggerService: Checking Threshold
07-10 15:36:49.000  4382  4395 I PhoneLab-: Service Running
07-10 15:36:49.027  4382  4395 I PhoneLab-LoggerService: app_36    1027  1     1440   1068  c00f181c 400107b4 S logcat
07-10 15:36:49.027  4382  4395 I PhoneLab-LoggerService: Logcat pid from database 1027
07-10 15:36:49.027  4382  4395 I PhoneLab-LoggerService: Logcat process found 1027
07-10 15:36:49.027  4382  4395 I PhoneLab-LoggerService: Checking Threshold
07-10 15:36:49.027  4382  4395 I PhoneLab-: Service Running
07-10 15:36:49.054  4382  4395 I PhoneLab-LoggerService: app_36    1027  1     1440   1068  c00f181c 400107b4 S logcat
07-10 15:36:49.054  4382  4395 I PhoneLab-LoggerService: Logcat pid from database 1027
07-10 15:36:49.054  4382  4395 I PhoneLab-LoggerService: Logcat process found 1027
07-10 15:36:49.054  4382  4395 I PhoneLab-LoggerService: Checking Threshold
07-10 15:36:49.058  4382  4395 I PhoneLab-: Service Running
07-10 15:36:49.082  4382  4395 I PhoneLab-LoggerService: app_36    1027  1     1440   1068  c00f181c 400107b4 S logcat
07-10 15:36:49.086  4382  4395 I PhoneLab-LoggerService: Logcat pid from database 1027
07-10 15:36:49.086  4382  4395 I PhoneLab-LoggerService: Logcat process found 1027
07-10 15:36:49.086  4382  4395 I PhoneLab-LoggerService: Checking Threshold
07-10 15:36:49.086  4382  4395 I PhoneLab-: Service Running
07-10 15:36:49.113  4382  4395 I PhoneLab-LoggerService: app_36    1027  1     1440   1068  c00f181c 400107b4 S logcat
07-10 15:36:49.113  4382  4395 I PhoneLab-LoggerService: Logcat pid from database 1027
07-10 15:36:49.113  4382  4395 I PhoneLab-LoggerService: Logcat process found 1027
07-10 15:36:49.113  4382  4395 I PhoneLab-LoggerService: Checking Threshold
07-10 15:36:49.113  4382  4395 I PhoneLab-: Service Running
07-10 15:36:49.140  4382  4395 I PhoneLab-LoggerService: app_36    1027  1     1440   1068  c00f181c 400107b4 S logcat
07-10 15:36:49.140  4382  4395 I PhoneLab-LoggerService: Logcat pid from database 1027
07-10 15:36:49.140  4382  4395 I PhoneLab-LoggerService: Logcat process found 1027
07-10 15:36:49.140  4382  4395 I PhoneLab-LoggerService: Checking Threshold
07-10 15:36:49.140  4382  4395 I PhoneLab-: Service Running
07-10 15:36:49.183  4382  4384 D dalvikvm: GC_CONCURRENT freed 404K, 18% free 9207K/11207K, paused 1ms+6ms
07-10 15:36:49.187  4382  4395 I PhoneLab-LoggerService: app_36    1027  1     1440   1068  c00f181c 400107b4 S logcat
07-10 15:36:49.187  4382  4395 I PhoneLab-LoggerService: Logcat pid from database 1027
07-10 15:36:49.187  4382  4395 I PhoneLab-LoggerService: Logcat process found 1027
07-10 15:36:49.187  4382  4395 I PhoneLab-LoggerService: Checking Threshold
07-10 15:36:49.785  4382  4382 I PhoneLab-StatusMonitorLocation: Location_Latitude: 43.0021018 Longitude: -78.787068 Accuracy: 33.0
07-10 15:36:49.785   293   559 D androidNetworkLocationListeners: Still have listener com.google.android.location.internal.client.NetworkLocationClient$1@413175c0
07-10 15:36:49.789  4382  4382 I PhoneLab-Locks: wake lock released
07-10 15:36:54.343  5436  5459 W PowerComponent: [GPS] Had to skip from iteration 2945 to 2947
07-10 15:36:54.347  5436  5455 W PowerComponent: [LCD] Had to skip from iteration 2945 to 2947
07-10 15:36:54.359  5436  5460 W PowerComponent: [Audio] Had to skip from iteration 2945 to 2947
07-10 15:36:54.375  5436  5458 W PowerComponent: [3G] Had to skip from iteration 2945 to 2947
07-10 15:36:54.379  5436  5457 W PowerComponent: [Wifi] Had to skip from iteration 2945 to 2947
07-10 15:36:54.414  5436  5456 W PowerComponent: [CPU] Had to skip from iteration 2945 to 2947
07-10 15:36:54.882  5436  5454 W PowerComponent: [LCD] Could not find data for requested iteration
07-10 15:36:54.886  5436  5454 W PowerComponent: [CPU] Could not find data for requested iteration
07-10 15:36:54.886  5436  5454 W PowerComponent: [Wifi] Could not find data for requested iteration
07-10 15:36:54.894  5436  5454 W PowerComponent: [3G] Could not find data for requested iteration
07-10 15:36:54.894  5436  5454 W PowerComponent: [GPS] Could not find data for requested iteration
07-10 15:36:54.894  5436  5454 W PowerComponent: [Audio] Could not find data for requested iteration
07-10 15:38:24.359  5436  5455 W PowerComponent: [LCD] Had to skip from iteration 2948 to 3037
07-10 15:38:24.363  5436  5459 W PowerComponent: [GPS] Had to skip from iteration 2948 to 3037
07-10 15:38:24.367  5436  5460 W PowerComponent: [Audio] Had to skip from iteration 2948 to 3037
07-10 15:38:24.371  5436  5458 W PowerComponent: [3G] Had to skip from iteration 2948 to 3037
07-10 15:38:24.410  5436  5457 W PowerComponent: [Wifi] Had to skip from iteration 2948 to 3037
07-10 15:38:24.422  5436  5456 W PowerComponent: [CPU] Had to skip from iteration 2948 to 3037
07-10 15:38:24.859  5436  5454 W PowerComponent: [LCD] Could not find data for requested iteration
07-10 15:38:24.859  5436  5454 W PowerComponent: [CPU] Could not find data for requested iteration
07-10 15:38:24.859  5436  5454 W PowerComponent: [Wifi] Could not find data for requested iteration
07-10 15:38:24.859  5436  5454 W PowerComponent: [3G] Could not find data for requested iteration
07-10 15:38:24.859  5436  5454 W PowerComponent: [GPS] Could not find data for requested iteration
07-10 15:38:24.882  5436  5454 W PowerComponent: [Audio] Could not find data for requested iteration
07-10 15:39:54.011   157   188 I power   : *** set_screen_state 1
07-10 15:39:54.109   157   188 I WindowManager: Lock screen displayed!
07-10 15:39:54.199  5436  5438 D dalvikvm: GC_CONCURRENT freed 606K, 7% free 11296K/12103K, paused 2ms+2ms
07-10 15:39:54.265  5436  5436 D dalvikvm: GC_FOR_ALLOC freed 37K, 7% free 11424K/12167K, paused 19ms
07-10 15:39:54.269    78   121 D SurfaceFlinger: Screen about to return, flinger = 0x1b13918
07-10 15:39:54.308  5436  5459 W PowerComponent: [GPS] Had to skip from iteration 3038 to 3127
07-10 15:39:54.312  5436  5460 W PowerComponent: [Audio] Had to skip from iteration 3038 to 3127
07-10 15:39:54.312  5436  5458 W PowerComponent: [3G] Had to skip from iteration 3038 to 3127
07-10 15:39:54.316  5436  5455 W PowerComponent: [LCD] Had to skip from iteration 3038 to 3127
07-10 15:39:54.324  5436  5457 W PowerComponent: [Wifi] Had to skip from iteration 3038 to 3127
07-10 15:39:54.324  5436  5456 W PowerComponent: [CPU] Had to skip from iteration 3038 to 3127
07-10 15:39:54.859  5436  5454 W PowerComponent: [LCD] Could not find data for requested iteration
07-10 15:39:54.859  5436  5454 W PowerComponent: [CPU] Could not find data for requested iteration
07-10 15:39:54.859  5436  5454 W PowerComponent: [Wifi] Could not find data for requested iteration
07-10 15:39:54.859  5436  5454 W PowerComponent: [3G] Could not find data for requested iteration
07-10 15:39:54.859  5436  5454 W PowerComponent: [GPS] Could not find data for requested iteration
07-10 15:39:54.859  5436  5454 W PowerComponent: [Audio] Could not find data for requested iteration
07-10 15:39:55.054   227   227 D PhoneStatusBar: disable: < expand icons alerts ticker system_info BACK HOME recent* CLOCK >
07-10 15:39:55.078    81   124 D AudioHardware: AudioHardware pcm playback is exiting standby.
07-10 15:39:55.078    81   124 D AudioHardware: openPcmOut_l() mPcmOpenCnt: 0
07-10 15:39:55.078   227   227 D PhoneStatusBar: disable: < expand icons alerts ticker system_info back* home* recent clock* >
07-10 15:39:55.082   227   227 V PhoneStatusBar: setLightsOn(true)
07-10 15:39:55.090   372  1151 D NfcService: NFC-C ON
07-10 15:39:55.304   293   297 D dalvikvm: GC_CONCURRENT freed 531K, 9% free 11073K/12039K, paused 4ms+5ms
07-10 15:39:55.547   441   444 D dalvikvm: GC_CONCURRENT freed 421K, 6% free 9498K/10055K, paused 3ms+4ms
07-10 15:39:55.886   441   444 D dalvikvm: GC_CONCURRENT freed 409K, 6% free 9511K/10055K, paused 2ms+12ms
07-10 15:39:58.246    81   124 D AudioHardware: AudioHardware pcm playback is going to standby.
07-10 15:39:58.246    81   124 D AudioHardware: closePcmOut_l() mPcmOpenCnt: 1
07-10 15:40:06.941  5436  5438 D dalvikvm: GC_CONCURRENT freed 651K, 7% free 11524K/12295K, paused 2ms+4ms
07-10 15:40:24.976  5436  5438 D dalvikvm: GC_CONCURRENT freed 786K, 8% free 11523K/12423K, paused 9ms+3ms
07-10 15:40:27.757   157   193 I InputReader: Reconfiguring input devices.  changes=0x00000004
07-10 15:40:27.757   157   193 I InputReader: Device reconfigured: id=7, name='mxt224_ts_input', surface size is now 480x800, mode is 1
07-10 15:40:27.812   157   173 I ActivityManager: Config changed: {1.0 310mcc120mnc en_US layoutdir=0 sw320dp w533dp h294dp nrml long land finger -keyb/v/h -nav/h s.31}
07-10 15:40:27.988   227   227 D dalvikvm: GC_FOR_ALLOC freed 457K, 44% free 9837K/17543K, paused 24ms
07-10 15:40:30.203   157   187 D dalvikvm: GC_EXPLICIT freed 780K, 14% free 14436K/16775K, paused 16ms+8ms
07-10 15:40:38.988  5436  5438 D dalvikvm: GC_CONCURRENT freed 716K, 7% free 11589K/12423K, paused 2ms+3ms
07-10 15:40:40.480   157   193 I InputReader: Reconfiguring input devices.  changes=0x00000004
07-10 15:40:40.480   157   193 I InputReader: Device reconfigured: id=7, name='mxt224_ts_input', surface size is now 480x800, mode is 1
07-10 15:40:40.515   157   173 I ActivityManager: Config changed: {1.0 310mcc120mnc en_US layoutdir=0 sw320dp w320dp h508dp nrml long port finger -keyb/v/h -nav/h s.32}
07-10 15:40:40.699   227   227 D dalvikvm: GC_FOR_ALLOC freed 413K, 45% free 9793K/17543K, paused 21ms
07-10 15:40:42.992   157   187 D dalvikvm: GC_EXPLICIT freed 867K, 19% free 13650K/16775K, paused 65ms+8ms
07-10 15:40:53.402  5436  5438 D dalvikvm: GC_CONCURRENT freed 711K, 7% free 11653K/12487K, paused 1ms+3ms
07-10 15:40:57.968   157   193 I InputReader: Reconfiguring input devices.  changes=0x00000004
07-10 15:40:57.968   157   193 I InputReader: Device reconfigured: id=7, name='mxt224_ts_input', surface size is now 480x800, mode is 1
07-10 15:40:58.000   157   173 I ActivityManager: Config changed: {1.0 310mcc120mnc en_US layoutdir=0 sw320dp w533dp h294dp nrml long land finger -keyb/v/h -nav/h s.33}
07-10 15:40:58.168   227   227 D dalvikvm: GC_FOR_ALLOC freed 253K, 45% free 9793K/17543K, paused 29ms
07-10 15:40:59.906   157   193 I InputReader: Reconfiguring input devices.  changes=0x00000004
07-10 15:40:59.906   157   193 I InputReader: Device reconfigured: id=7, name='mxt224_ts_input', surface size is now 480x800, mode is 1
07-10 15:40:59.949   157   173 I ActivityManager: Config changed: {1.0 310mcc120mnc en_US layoutdir=0 sw320dp w320dp h508dp nrml long port finger -keyb/v/h -nav/h s.34}
07-10 15:41:00.125   227   227 D dalvikvm: GC_FOR_ALLOC freed 356K, 45% free 9785K/17543K, paused 27ms
07-10 15:41:02.312   157   187 D dalvikvm: GC_EXPLICIT freed 244K, 19% free 13675K/16775K, paused 7ms+10ms
07-10 15:41:06.515  5436  5438 D dalvikvm: GC_CONCURRENT freed 751K, 7% free 11678K/12551K, paused 1ms+4ms
07-10 15:41:07.218   157   184 I power   : *** set_screen_state 0
07-10 15:41:07.281    78   121 D SurfaceFlinger: About to give-up screen, flinger = 0x1b13918
07-10 15:41:07.340   372   417 D NfcService: NFC-C OFF, disconnect
07-10 15:41:11.011  5436  5455 W PowerComponent: [LCD] Had to skip from iteration 3200 to 3204
07-10 15:41:11.011  5436  5459 W PowerComponent: [GPS] Had to skip from iteration 3200 to 3204
07-10 15:41:11.015  5436  5460 W PowerComponent: [Audio] Had to skip from iteration 3200 to 3204
07-10 15:41:11.023  5436  5458 W PowerComponent: [3G] Had to skip from iteration 3200 to 3204
07-10 15:41:11.027  5436  5457 W PowerComponent: [Wifi] Had to skip from iteration 3200 to 3204
07-10 15:41:11.031  5436  5456 W PowerComponent: [CPU] Had to skip from iteration 3200 to 3204
07-10 15:41:11.863  5436  5454 W PowerComponent: [LCD] Could not find data for requested iteration
07-10 15:41:11.863  5436  5454 W PowerComponent: [CPU] Could not find data for requested iteration
07-10 15:41:11.863  5436  5454 W PowerComponent: [Wifi] Could not find data for requested iteration
07-10 15:41:11.863  5436  5454 W PowerComponent: [3G] Could not find data for requested iteration
07-10 15:41:11.863  5436  5454 W PowerComponent: [GPS] Could not find data for requested iteration
07-10 15:41:11.863  5436  5454 W PowerComponent: [Audio] Could not find data for requested iteration
07-10 15:41:12.285   157   188 V TransportControlView: Create TCV com.android.internal.widget.TransportControlView@41624a08
07-10 15:41:12.312   227   227 D PhoneStatusBar: disable: < expand icons alerts ticker system_info back home RECENT* clock >
07-10 15:41:12.582   227   227 D PhoneStatusBar: disable: < expand icons alerts ticker system_info BACK* HOME* RECENT CLOCK* >
07-10 15:41:38.089   157   159 D dalvikvm: GC_CONCURRENT freed 223K, 14% free 14499K/16775K, paused 3ms+6ms
07-10 15:41:38.148   157   157 D dalvikvm: GC_EXPLICIT freed 23K, 14% free 14476K/16775K, paused 3ms+5ms
07-10 15:41:38.273  5436  5459 W PowerComponent: [GPS] Had to skip from iteration 3208 to 3231
07-10 15:41:38.273  5436  5455 W PowerComponent: [LCD] Had to skip from iteration 3208 to 3231
07-10 15:41:38.281  5436  5460 W PowerComponent: [Audio] Had to skip from iteration 3208 to 3231
07-10 15:41:38.289  5436  5458 W PowerComponent: [3G] Had to skip from iteration 3208 to 3231
07-10 15:41:38.293  5436  5456 W PowerComponent: [CPU] Had to skip from iteration 3208 to 3231
07-10 15:41:38.296  5436  5457 W PowerComponent: [Wifi] Had to skip from iteration 3208 to 3231
07-10 15:41:38.867  5436  5454 W PowerComponent: [LCD] Could not find data for requested iteration
07-10 15:41:38.875  5436  5454 W PowerComponent: [CPU] Could not find data for requested iteration
07-10 15:41:38.879  5436  5454 W PowerComponent: [Wifi] Could not find data for requested iteration
07-10 15:41:38.879  5436  5454 W PowerComponent: [3G] Could not find data for requested iteration
07-10 15:41:38.879  5436  5454 W PowerComponent: [GPS] Could not find data for requested iteration
07-10 15:41:38.886  5436  5454 W PowerComponent: [Audio] Could not find data for requested iteration
07-10 15:41:56.007   157   188 I power   : *** set_screen_state 1
07-10 15:41:56.058   157   188 I WindowManager: Lock screen displayed!
07-10 15:41:56.238    78   121 D SurfaceFlinger: Screen about to return, flinger = 0x1b13918
07-10 15:41:56.351  5436  5459 W PowerComponent: [GPS] Had to skip from iteration 3234 to 3249
07-10 15:41:56.363  5436  5460 W PowerComponent: [Audio] Had to skip from iteration 3234 to 3249
07-10 15:41:56.367  5436  5458 W PowerComponent: [3G] Had to skip from iteration 3234 to 3249
07-10 15:41:56.379  5436  5455 W PowerComponent: [LCD] Had to skip from iteration 3234 to 3249
07-10 15:41:56.390  5436  5456 W PowerComponent: [CPU] Had to skip from iteration 3234 to 3249
07-10 15:41:56.390  5436  5457 W PowerComponent: [Wifi] Had to skip from iteration 3234 to 3249
07-10 15:41:56.859  5436  5454 W PowerComponent: [LCD] Could not find data for requested iteration
07-10 15:41:56.859  5436  5454 W PowerComponent: [CPU] Could not find data for requested iteration
07-10 15:41:56.859  5436  5454 W PowerComponent: [Wifi] Could not find data for requested iteration
07-10 15:41:56.859  5436  5454 W PowerComponent: [3G] Could not find data for requested iteration
07-10 15:41:56.859  5436  5454 W PowerComponent: [GPS] Could not find data for requested iteration
07-10 15:41:56.859  5436  5454 W PowerComponent: [Audio] Could not find data for requested iteration
07-10 15:41:57.351   227   227 D PhoneStatusBar: disable: < expand icons alerts ticker system_info BACK HOME recent* CLOCK >
07-10 15:41:57.355   372  1043 D NfcService: NFC-C ON
07-10 15:41:57.375    81   124 D AudioHardware: AudioHardware pcm playback is exiting standby.
07-10 15:41:57.375    81   124 D AudioHardware: openPcmOut_l() mPcmOpenCnt: 0
07-10 15:41:57.375   227   227 D PhoneStatusBar: disable: < expand icons alerts ticker system_info back* home* recent clock* >
07-10 15:41:57.382   227   227 V PhoneStatusBar: setLightsOn(true)
07-10 15:41:57.398   157   376 W InputManagerService: Window already focused, ignoring focus gain of: com.android.internal.view.IInputMethodClient$Stub$Proxy@4173af58
07-10 15:42:00.535    81   124 D AudioHardware: AudioHardware pcm playback is going to standby.
07-10 15:42:00.535    81   124 D AudioHardware: closePcmOut_l() mPcmOpenCnt: 1
07-10 15:42:01.097  4382  4395 I PhoneLab-: Service Running
07-10 15:42:01.172  4382  4395 I PhoneLab-LoggerService: app_36    1027  1     1440   1068  c00f181c 400107b4 S logcat
07-10 15:42:01.175  4382  4395 I PhoneLab-LoggerService: Logcat pid from database 1027
07-10 15:42:01.175  4382  4395 I PhoneLab-LoggerService: Logcat process found 1027
07-10 15:42:01.175  4382  4395 I PhoneLab-LoggerService: Checking Threshold
07-10 15:42:01.175  4382  4395 I PhoneLab-: Service Running
07-10 15:42:01.203  4382  4395 I PhoneLab-LoggerService: app_36    1027  1     1440   1068  c00f181c 400107b4 S logcat
07-10 15:42:01.203  4382  4395 I PhoneLab-LoggerService: Logcat pid from database 1027
07-10 15:42:01.203  4382  4395 I PhoneLab-LoggerService: Logcat process found 1027
07-10 15:42:01.203  4382  4395 I PhoneLab-LoggerService: Checking Threshold
07-10 15:42:06.972  5436  5438 D dalvikvm: GC_CONCURRENT freed 818K, 8% free 11664K/12615K, paused 2ms+3ms
07-10 15:42:08.832   157   193 I InputReader: Reconfiguring input devices.  changes=0x00000004
07-10 15:42:08.832   157   193 I InputReader: Device reconfigured: id=7, name='mxt224_ts_input', surface size is now 480x800, mode is 1
07-10 15:42:08.922   157   173 I ActivityManager: Config changed: {1.0 310mcc120mnc en_US layoutdir=0 sw320dp w533dp h294dp nrml long land finger -keyb/v/h -nav/h s.35}
07-10 15:42:09.101   227   227 D dalvikvm: GC_FOR_ALLOC freed 272K, 45% free 9802K/17543K, paused 39ms
07-10 15:42:11.297   157   187 D dalvikvm: GC_EXPLICIT freed 360K, 15% free 14365K/16775K, paused 2ms+11ms
07-10 15:42:12.433   157   193 I InputReader: Reconfiguring input devices.  changes=0x00000004
07-10 15:42:12.433   157   193 I InputReader: Device reconfigured: id=7, name='mxt224_ts_input', surface size is now 480x800, mode is 1
07-10 15:42:12.480   157   173 I ActivityManager: Config changed: {1.0 310mcc120mnc en_US layoutdir=0 sw320dp w320dp h508dp nrml long port finger -keyb/v/h -nav/h s.36}
07-10 15:42:12.656   227   227 D dalvikvm: GC_FOR_ALLOC freed 363K, 45% free 9785K/17543K, paused 51ms
07-10 15:42:14.836   157   187 D dalvikvm: GC_EXPLICIT freed 789K, 19% free 13614K/16775K, paused 10ms+7ms
07-10 15:42:21.093  5436  5438 D dalvikvm: GC_CONCURRENT freed 807K, 8% free 11707K/12615K, paused 5ms+4ms
07-10 15:42:22.242  4382  4395 I PhoneLab-: Service Running
07-10 15:42:22.382  4382  4395 I PhoneLab-LoggerService: app_36    1027  1     1440   1068  c00f181c 400107b4 S logcat
07-10 15:42:22.382  4382  4395 I PhoneLab-LoggerService: Logcat pid from database 1027
07-10 15:42:22.382  4382  4395 I PhoneLab-LoggerService: Logcat process found 1027
07-10 15:42:22.382  4382  4395 I PhoneLab-LoggerService: Checking Threshold
07-10 15:42:37.988  5436  5438 D dalvikvm: GC_CONCURRENT freed 805K, 8% free 11683K/12615K, paused 8ms+4ms
07-10 15:42:47.617   157   193 I InputReader: Reconfiguring input devices.  changes=0x00000004
07-10 15:42:47.617   157   193 I InputReader: Device reconfigured: id=7, name='mxt224_ts_input', surface size is now 480x800, mode is 1
07-10 15:42:47.679   157   173 I ActivityManager: Config changed: {1.0 310mcc120mnc en_US layoutdir=0 sw320dp w533dp h294dp nrml long land finger -keyb/v/h -nav/h s.37}
07-10 15:42:47.890   227   227 D dalvikvm: GC_FOR_ALLOC freed 254K, 45% free 9805K/17543K, paused 74ms
07-10 15:42:50.070   157   187 D dalvikvm: GC_EXPLICIT freed 178K, 19% free 13617K/16775K, paused 3ms+5ms
07-10 15:42:53.632   157   193 I InputReader: Reconfiguring input devices.  changes=0x00000004
07-10 15:42:53.632   157   193 I InputReader: Device reconfigured: id=7, name='mxt224_ts_input', surface size is now 480x800, mode is 1
07-10 15:42:53.703   157   173 I ActivityManager: Config changed: {1.0 310mcc120mnc en_US layoutdir=0 sw320dp w320dp h508dp nrml long port finger -keyb/v/h -nav/h s.38}
07-10 15:42:53.855   227   227 D dalvikvm: GC_FOR_ALLOC freed 357K, 45% free 9807K/17543K, paused 32ms
07-10 15:42:53.972  5436  5438 D dalvikvm: GC_CONCURRENT freed 866K, 8% free 11700K/12679K, paused 2ms+5ms
07-10 15:42:56.070   157   187 D dalvikvm: GC_EXPLICIT freed 52K, 19% free 13614K/16775K, paused 3ms+8ms
07-10 15:42:56.992   157   193 I InputReader: Reconfiguring input devices.  changes=0x00000004
07-10 15:42:56.992   157   193 I InputReader: Device reconfigured: id=7, name='mxt224_ts_input', surface size is now 480x800, mode is 1
07-10 15:42:57.039   157   173 I ActivityManager: Config changed: {1.0 310mcc120mnc en_US layoutdir=0 sw320dp w533dp h294dp nrml long land finger -keyb/v/h -nav/h s.39}
07-10 15:42:57.191   227   227 D dalvikvm: GC_FOR_ALLOC freed 245K, 45% free 9792K/17543K, paused 23ms
07-10 15:42:59.402   157   187 D dalvikvm: GC_EXPLICIT freed 40K, 19% free 13615K/16775K, paused 3ms+8ms
07-10 15:43:03.297   157   193 I InputReader: Reconfiguring input devices.  changes=0x00000004
07-10 15:43:03.297   157   193 I InputReader: Device reconfigured: id=7, name='mxt224_ts_input', surface size is now 480x800, mode is 1
07-10 15:43:03.351   157   173 I ActivityManager: Config changed: {1.0 310mcc120mnc en_US layoutdir=0 sw320dp w320dp h508dp nrml long port finger -keyb/v/h -nav/h s.40}
07-10 15:43:03.531   227   227 D dalvikvm: GC_FOR_ALLOC freed 372K, 45% free 9794K/17543K, paused 20ms
07-10 15:43:05.730   157   187 D dalvikvm: GC_EXPLICIT freed 77K, 19% free 13616K/16775K, paused 16ms+9ms
07-10 15:43:07.855  5436  5438 D dalvikvm: GC_CONCURRENT freed 783K, 8% free 11701K/12679K, paused 2ms+3ms
07-10 15:43:13.945   157   193 I InputReader: Reconfiguring input devices.  changes=0x00000004
07-10 15:43:13.945   157   193 I InputReader: Device reconfigured: id=7, name='mxt224_ts_input', surface size is now 480x800, mode is 1
07-10 15:43:13.972   157   173 I ActivityManager: Config changed: {1.0 310mcc120mnc en_US layoutdir=0 sw320dp w533dp h294dp nrml long land finger -keyb/v/h -nav/h s.41}
07-10 15:43:14.117   227   227 D dalvikvm: GC_FOR_ALLOC freed 242K, 45% free 9786K/17543K, paused 27ms
07-10 15:43:16.308   157   187 D dalvikvm: GC_EXPLICIT freed 67K, 19% free 13613K/16775K, paused 16ms+7ms
07-10 15:43:20.285   157   193 I InputReader: Reconfiguring input devices.  changes=0x00000004
07-10 15:43:20.285   157   193 I InputReader: Device reconfigured: id=7, name='mxt224_ts_input', surface size is now 480x800, mode is 1
07-10 15:43:20.312   157   173 I ActivityManager: Config changed: {1.0 310mcc120mnc en_US layoutdir=0 sw320dp w320dp h508dp nrml long port finger -keyb/v/h -nav/h s.42}
07-10 15:43:20.468   227   227 D dalvikvm: GC_FOR_ALLOC freed 365K, 45% free 9793K/17543K, paused 19ms
07-10 15:43:20.965  5436  5438 D dalvikvm: GC_CONCURRENT freed 773K, 8% free 11693K/12679K, paused 2ms+3ms
07-10 15:43:22.675   157   187 D dalvikvm: GC_EXPLICIT freed 68K, 19% free 13615K/16775K, paused 19ms+8ms
07-10 15:43:32.238   157   193 I InputReader: Reconfiguring input devices.  changes=0x00000004
07-10 15:43:32.238   157   193 I InputReader: Device reconfigured: id=7, name='mxt224_ts_input', surface size is now 480x800, mode is 1
07-10 15:43:32.281   157   173 I ActivityManager: Config changed: {1.0 310mcc120mnc en_US layoutdir=0 sw320dp w533dp h294dp nrml long land finger -keyb/v/h -nav/h s.43}
07-10 15:43:32.445   227   227 D dalvikvm: GC_FOR_ALLOC freed 239K, 45% free 9785K/17543K, paused 25ms
07-10 15:43:32.648  5364  5366 D dalvikvm: GC_CONCURRENT freed 402K, 5% free 10223K/10759K, paused 5ms+7ms
07-10 15:43:34.656   157   187 D dalvikvm: GC_EXPLICIT freed 177K, 19% free 13624K/16775K, paused 21ms+8ms
07-10 15:43:36.218   157   193 I InputReader: Reconfiguring input devices.  changes=0x00000004
07-10 15:43:36.218   157   193 I InputReader: Device reconfigured: id=7, name='mxt224_ts_input', surface size is now 480x800, mode is 1
07-10 15:43:36.277   157   173 I ActivityManager: Config changed: {1.0 310mcc120mnc en_US layoutdir=0 sw320dp w320dp h508dp nrml long port finger -keyb/v/h -nav/h s.44}
07-10 15:43:36.449  5436  5438 D dalvikvm: GC_CONCURRENT freed 827K, 9% free 11657K/12679K, paused 8ms+10ms
07-10 15:43:36.461   227   227 D dalvikvm: GC_FOR_ALLOC freed 356K, 45% free 9793K/17543K, paused 35ms
07-10 15:43:38.703   157   187 D dalvikvm: GC_EXPLICIT freed 53K, 19% free 13613K/16775K, paused 16ms+9ms
07-10 15:43:38.910   157   184 I power   : *** set_screen_state 0
07-10 15:43:38.957    78   121 D SurfaceFlinger: About to give-up screen, flinger = 0x1b13918
07-10 15:43:38.961   372  1045 D NfcService: NFC-C OFF, disconnect
07-10 15:43:41.007   157   193 I power   : *** set_screen_state 1
07-10 15:43:41.011   157   188 I WindowManager: No lock screen!
07-10 15:43:41.113   372  1151 D NfcService: NFC-C ON
07-10 15:43:41.250    78   121 D SurfaceFlinger: Screen about to return, flinger = 0x1b13918
07-10 15:43:41.273  5436  5459 W PowerComponent: [GPS] Had to skip from iteration 3352 to 3354
07-10 15:43:41.277  5436  5460 W PowerComponent: [Audio] Had to skip from iteration 3352 to 3354
07-10 15:43:41.285  5436  5458 W PowerComponent: [3G] Had to skip from iteration 3352 to 3354
07-10 15:43:41.289  5436  5457 W PowerComponent: [Wifi] Had to skip from iteration 3352 to 3354
07-10 15:43:41.293  5436  5456 W PowerComponent: [CPU] Had to skip from iteration 3352 to 3354
07-10 15:43:41.296  5436  5455 W PowerComponent: [LCD] Had to skip from iteration 3352 to 3354
07-10 15:43:41.859  5436  5454 W PowerComponent: [LCD] Could not find data for requested iteration
07-10 15:43:41.859  5436  5454 W PowerComponent: [CPU] Could not find data for requested iteration
07-10 15:43:41.875  5436  5454 W PowerComponent: [Wifi] Could not find data for requested iteration
07-10 15:43:41.875  5436  5454 W PowerComponent: [3G] Could not find data for requested iteration
07-10 15:43:41.875  5436  5454 W PowerComponent: [GPS] Could not find data for requested iteration
07-10 15:43:41.875  5436  5454 W PowerComponent: [Audio] Could not find data for requested iteration
07-10 15:43:49.464    81   124 D AudioHardware: AudioHardware pcm playback is exiting standby.
07-10 15:43:49.464    81   124 D AudioHardware: openPcmOut_l() mPcmOpenCnt: 0
07-10 15:43:50.968  5436  5438 D dalvikvm: GC_CONCURRENT freed 1066K, 11% free 11360K/12679K, paused 3ms+4ms
07-10 15:43:52.558    81   124 D AudioHardware: AudioHardware pcm playback is going to standby.
07-10 15:43:52.558    81   124 D AudioHardware: closePcmOut_l() mPcmOpenCnt: 1
07-10 15:43:58.242    81   124 D AudioHardware: AudioHardware pcm playback is exiting standby.
07-10 15:43:58.242    81   124 D AudioHardware: openPcmOut_l() mPcmOpenCnt: 0
07-10 15:44:01.343    81   124 D AudioHardware: AudioHardware pcm playback is going to standby.
07-10 15:44:01.343    81   124 D AudioHardware: closePcmOut_l() mPcmOpenCnt: 1
07-10 15:44:02.914    81   124 D AudioHardware: AudioHardware pcm playback is exiting standby.
07-10 15:44:02.914    81   124 D AudioHardware: openPcmOut_l() mPcmOpenCnt: 0
07-10 15:44:03.941   157   193 I InputReader: Reconfiguring input devices.  changes=0x00000004
07-10 15:44:03.941   157   193 I InputReader: Device reconfigured: id=7, name='mxt224_ts_input', surface size is now 480x800, mode is 1
07-10 15:44:03.976   157   173 I ActivityManager: Config changed: {1.0 310mcc120mnc en_US layoutdir=0 sw320dp w533dp h294dp nrml long land finger -keyb/v/h -nav/h s.45}
07-10 15:44:04.066  5436  5438 D dalvikvm: GC_CONCURRENT freed 708K, 11% free 11310K/12679K, paused 5ms+3ms
07-10 15:44:04.222   227   227 D dalvikvm: GC_FOR_ALLOC freed 264K, 45% free 9802K/17543K, paused 28ms
07-10 15:44:06.004    81   124 D AudioHardware: AudioHardware pcm playback is going to standby.
07-10 15:44:06.004    81   124 D AudioHardware: closePcmOut_l() mPcmOpenCnt: 1
07-10 15:44:06.429   157   187 D dalvikvm: GC_EXPLICIT freed 456K, 19% free 13629K/16775K, paused 13ms+9ms
07-10 15:44:09.261    81   124 D AudioHardware: AudioHardware pcm playback is exiting standby.
07-10 15:44:09.261    81   124 D AudioHardware: openPcmOut_l() mPcmOpenCnt: 0
07-10 15:44:12.371    81   124 D AudioHardware: AudioHardware pcm playback is going to standby.
07-10 15:44:12.375    81   124 D AudioHardware: closePcmOut_l() mPcmOpenCnt: 1
07-10 15:44:16.902  5436  5438 D dalvikvm: GC_CONCURRENT freed 612K, 11% free 11374K/12679K, paused 2ms+3ms
07-10 15:44:23.621  4382  4395 I PhoneLab-: Service Running
07-10 15:44:23.765  4382  4395 I PhoneLab-LoggerService: app_36    1027  1     1440   1068  c00f181c 400107b4 S logcat
07-10 15:44:23.765  4382  4395 I PhoneLab-LoggerService: Logcat pid from database 1027
07-10 15:44:23.765  4382  4395 I PhoneLab-LoggerService: Logcat process found 1027
07-10 15:44:23.765  4382  4395 I PhoneLab-LoggerService: Checking Threshold
07-10 15:44:31.507  5436  5438 D dalvikvm: GC_CONCURRENT freed 670K, 11% free 11371K/12679K, paused 2ms+4ms
07-10 15:44:32.242   157   193 I InputReader: Reconfiguring input devices.  changes=0x00000004
07-10 15:44:32.242   157   193 I InputReader: Device reconfigured: id=7, name='mxt224_ts_input', surface size is now 480x800, mode is 1
07-10 15:44:32.316   157   173 I ActivityManager: Config changed: {1.0 310mcc120mnc en_US layoutdir=0 sw320dp w320dp h508dp nrml long port finger -keyb/v/h -nav/h s.46}
07-10 15:44:32.507   227   227 D dalvikvm: GC_FOR_ALLOC freed 392K, 45% free 9793K/17543K, paused 19ms
07-10 15:44:34.730   157   187 D dalvikvm: GC_EXPLICIT freed 169K, 19% free 13616K/16775K, paused 35ms+8ms
07-10 15:44:43.929  5436  5438 D dalvikvm: GC_CONCURRENT freed 590K, 10% free 11438K/12679K, paused 2ms+4ms
07-10 15:44:58.222   293   297 D dalvikvm: GC_CONCURRENT freed 514K, 8% free 11124K/12039K, paused 11ms+4ms
07-10 15:44:58.941  5436  5438 D dalvikvm: GC_CONCURRENT freed 693K, 10% free 11438K/12679K, paused 2ms+5ms
07-10 15:45:13.957  5436  5438 D dalvikvm: GC_CONCURRENT freed 680K, 10% free 11438K/12679K, paused 1ms+3ms
07-10 15:45:28.757  5436  5438 D dalvikvm: GC_CONCURRENT freed 676K, 10% free 11442K/12679K, paused 1ms+3ms
07-10 15:45:43.945  5436  5438 D dalvikvm: GC_CONCURRENT freed 687K, 10% free 11437K/12679K, paused 2ms+2ms
07-10 15:45:44.179   157   184 I power   : *** set_screen_state 0
07-10 15:45:44.242    78   121 D SurfaceFlinger: About to give-up screen, flinger = 0x1b13918
07-10 15:45:44.304   372   417 D NfcService: NFC-C OFF, disconnect
07-10 15:45:49.316   157   159 D dalvikvm: GC_CONCURRENT freed 501K, 16% free 14217K/16775K, paused 3ms+5ms
07-10 15:45:49.324   157   188 V TransportControlView: Create TCV com.android.internal.widget.TransportControlView@4132cad0
07-10 15:45:49.363   227   227 D PhoneStatusBar: disable: < expand icons alerts ticker system_info back home RECENT* clock >
07-10 15:45:49.379   227   227 D PhoneStatusBar: disable: < expand icons alerts ticker system_info BACK* HOME* RECENT CLOCK* >
07-10 15:45:49.406  5436  5455 W PowerComponent: [LCD] Had to skip from iteration 3478 to 3482
07-10 15:45:49.406  5436  5459 W PowerComponent: [GPS] Had to skip from iteration 3478 to 3482
07-10 15:45:49.406  5436  5460 W PowerComponent: [Audio] Had to skip from iteration 3478 to 3482
07-10 15:45:49.410  5436  5456 W PowerComponent: [CPU] Had to skip from iteration 3478 to 3482
07-10 15:45:49.414  5436  5458 W PowerComponent: [3G] Had to skip from iteration 3478 to 3482
07-10 15:45:49.414  5436  5457 W PowerComponent: [Wifi] Had to skip from iteration 3478 to 3482
07-10 15:45:49.859  5436  5454 W PowerComponent: [LCD] Could not find data for requested iteration
07-10 15:45:49.859  5436  5454 W PowerComponent: [CPU] Could not find data for requested iteration
07-10 15:45:49.863  5436  5454 W PowerComponent: [Wifi] Could not find data for requested iteration
07-10 15:45:49.871  5436  5454 W PowerComponent: [3G] Could not find data for requested iteration
07-10 15:45:49.871  5436  5454 W PowerComponent: [GPS] Could not find data for requested iteration
07-10 15:45:49.875  5436  5454 W PowerComponent: [Audio] Could not find data for requested iteration
07-10 15:46:14.007  5436  5459 W PowerComponent: [GPS] Had to skip from iteration 3483 to 3507
07-10 15:46:14.007  5436  5455 W PowerComponent: [LCD] Had to skip from iteration 3483 to 3507
07-10 15:46:14.011  5436  5460 W PowerComponent: [Audio] Had to skip from iteration 3483 to 3507
07-10 15:46:14.019  5436  5458 W PowerComponent: [3G] Had to skip from iteration 3483 to 3507
07-10 15:46:14.031  5436  5457 W PowerComponent: [Wifi] Had to skip from iteration 3483 to 3507
07-10 15:46:14.058  5436  5456 W PowerComponent: [CPU] Had to skip from iteration 3483 to 3507
07-10 15:46:14.859  5436  5454 W PowerComponent: [LCD] Could not find data for requested iteration
07-10 15:46:14.859  5436  5454 W PowerComponent: [CPU] Could not find data for requested iteration
07-10 15:46:14.859  5436  5454 W PowerComponent: [Wifi] Could not find data for requested iteration
07-10 15:46:14.859  5436  5454 W PowerComponent: [3G] Could not find data for requested iteration
07-10 15:46:14.859  5436  5454 W PowerComponent: [GPS] Could not find data for requested iteration
07-10 15:46:14.859  5436  5454 W PowerComponent: [Audio] Could not find data for requested iteration
07-10 15:46:38.004   157   188 I power   : *** set_screen_state 1
07-10 15:46:38.058   157   188 I WindowManager: Lock screen displayed!
07-10 15:46:38.250    78   121 D SurfaceFlinger: Screen about to return, flinger = 0x1b13918
07-10 15:46:38.449  5436  5459 W PowerComponent: [GPS] Had to skip from iteration 3509 to 3531
07-10 15:46:38.468  5436  5460 W PowerComponent: [Audio] Had to skip from iteration 3509 to 3531
07-10 15:46:38.472  5436  5458 W PowerComponent: [3G] Had to skip from iteration 3509 to 3531
07-10 15:46:38.496  5436  5455 W PowerComponent: [LCD] Had to skip from iteration 3509 to 3531
07-10 15:46:38.504  5436  5456 W PowerComponent: [CPU] Had to skip from iteration 3509 to 3531
07-10 15:46:38.504  5436  5457 W PowerComponent: [Wifi] Had to skip from iteration 3509 to 3531
07-10 15:46:38.859  5436  5454 W PowerComponent: [LCD] Could not find data for requested iteration
07-10 15:46:38.859  5436  5454 W PowerComponent: [CPU] Could not find data for requested iteration
07-10 15:46:38.859  5436  5454 W PowerComponent: [Wifi] Could not find data for requested iteration
07-10 15:46:38.859  5436  5454 W PowerComponent: [3G] Could not find data for requested iteration
07-10 15:46:38.859  5436  5454 W PowerComponent: [GPS] Could not find data for requested iteration
07-10 15:46:38.859  5436  5454 W PowerComponent: [Audio] Could not find data for requested iteration
07-10 15:46:48.535   157   184 I power   : *** set_screen_state 0
07-10 15:46:48.574  5436  5438 D dalvikvm: GC_CONCURRENT freed 686K, 10% free 11451K/12679K, paused 2ms+3ms
07-10 15:46:48.578    78   121 D SurfaceFlinger: About to give-up screen, flinger = 0x1b13918
07-10 15:46:48.640  4382  4382 I PhoneLab-Locks: wake lock acquired
07-10 15:46:48.640  4382  4382 I PhoneLab-StatusMonitor: Status Monitoring is started
07-10 15:46:48.691   157   188 V TransportControlView: Create TCV com.android.internal.widget.TransportControlView@4157ab90
07-10 15:46:48.746  4382  4384 D dalvikvm: GC_CONCURRENT freed 476K, 18% free 9242K/11207K, paused 2ms+7ms
07-10 15:46:48.765  4382  4382 I PhoneLab-StatusMonitor: Value: 10 - unit: min
07-10 15:46:48.765  4382  4382 I PhoneLab-StatusMonitor: Running interval: 600000
07-10 15:46:48.769  4382  4382 I PhoneLab-StatusMonitor: Rescheduling status monitoring...
07-10 15:46:48.769  4382  4382 I PhoneLab-Locks: wake lock released
07-10 15:46:48.777  4382  4382 I PhoneLab-StatusMonitorLocation: Learning Location
07-10 15:46:48.777  4382  4382 I PhoneLab-Locks: wake lock acquired
07-10 15:46:48.781  4382  4382 I PhoneLab-Locks: wake lock acquired
07-10 15:46:48.781   293   559 D androidNetworkLocationListeners: Still have listener com.google.android.location.internal.client.NetworkLocationClient$1@413175c0
07-10 15:46:48.785  4382  4382 I PhoneLab-StatusMonitorLocation: Learning Signal Strgth
07-10 15:46:48.785  4382  4382 I PhoneLab-Locks: wake lock acquired
07-10 15:46:48.797   293   559 D androidNetworkLocationListeners: Still have listener com.google.android.location.internal.client.NetworkLocationClient$1@413175c0
07-10 15:46:48.804  4382  4382 I PhoneLab-StatusMonitorBattery: Battery_level: 92
07-10 15:46:48.804  4382  4382 I PhoneLab-Locks: wake lock released
07-10 15:46:48.808  4382  4382 I PhoneLab-StatusMonitorSignal: Signal_Strength: -96 asu: 9
07-10 15:46:48.808  4382  4382 I PhoneLab-Locks: wake lock released
07-10 15:46:50.074  4382  4382 I PhoneLab-StatusMonitorLocation: Location_Latitude: 43.0020572 Longitude: -78.7869072 Accuracy: 63.0
07-10 15:46:50.074   293   559 D androidNetworkLocationListeners: Still have listener com.google.android.location.internal.client.NetworkLocationClient$1@413175c0
07-10 15:46:50.078  4382  4382 I PhoneLab-Locks: wake lock released
07-10 15:46:55.007  5436  5455 W PowerComponent: [LCD] Had to skip from iteration 3545 to 3548
07-10 15:46:55.007  5436  5459 W PowerComponent: [GPS] Had to skip from iteration 3545 to 3548
07-10 15:46:55.015  5436  5460 W PowerComponent: [Audio] Had to skip from iteration 3545 to 3548
07-10 15:46:55.015  5436  5457 W PowerComponent: [Wifi] Had to skip from iteration 3545 to 3548
07-10 15:46:55.015  5436  5458 W PowerComponent: [3G] Had to skip from iteration 3545 to 3548
07-10 15:46:55.019  5436  5456 W PowerComponent: [CPU] Had to skip from iteration 3545 to 3548
07-10 15:46:55.859  5436  5454 W PowerComponent: [LCD] Could not find data for requested iteration
07-10 15:46:55.859  5436  5454 W PowerComponent: [CPU] Could not find data for requested iteration
07-10 15:46:55.859  5436  5454 W PowerComponent: [Wifi] Could not find data for requested iteration
07-10 15:46:55.859  5436  5454 W PowerComponent: [3G] Could not find data for requested iteration
07-10 15:46:55.859  5436  5454 W PowerComponent: [GPS] Could not find data for requested iteration
07-10 15:46:55.859  5436  5454 W PowerComponent: [Audio] Could not find data for requested iteration
07-10 15:56:48.093   356   359 D dalvikvm: GC_CONCURRENT freed 386K, 7% free 9451K/10055K, paused 2ms+2ms
07-10 15:56:48.379  5436  5459 W PowerComponent: [GPS] Had to skip from iteration 3549 to 4141
07-10 15:56:48.379  5436  5455 W PowerComponent: [LCD] Had to skip from iteration 3549 to 4141
07-10 15:56:48.386  5436  5460 W PowerComponent: [Audio] Had to skip from iteration 3549 to 4141
07-10 15:56:48.402  5436  5458 W PowerComponent: [3G] Had to skip from iteration 3549 to 4141
07-10 15:56:48.425  5436  5457 W PowerComponent: [Wifi] Had to skip from iteration 3549 to 4141
07-10 15:56:48.425  5436  5456 W PowerComponent: [CPU] Had to skip from iteration 3549 to 4141
07-10 15:56:48.789  4382  4382 I PhoneLab-Locks: wake lock acquired
07-10 15:56:48.816  4382  4382 I PhoneLab-StatusMonitor: Status Monitoring is started
07-10 15:56:48.855  4382  4384 D dalvikvm: GC_CONCURRENT freed 517K, 18% free 9236K/11207K, paused 2ms+2ms
07-10 15:56:48.859  5436  5454 W PowerComponent: [LCD] Could not find data for requested iteration
07-10 15:56:48.859  5436  5454 W PowerComponent: [CPU] Could not find data for requested iteration
07-10 15:56:48.859  5436  5454 W PowerComponent: [Wifi] Could not find data for requested iteration
07-10 15:56:48.859  5436  5454 W PowerComponent: [3G] Could not find data for requested iteration
07-10 15:56:48.859  5436  5454 W PowerComponent: [GPS] Could not find data for requested iteration
07-10 15:56:48.859  5436  5454 W PowerComponent: [Audio] Could not find data for requested iteration
07-10 15:56:48.894  4382  4382 I PhoneLab-StatusMonitor: Value: 10 - unit: min
07-10 15:56:48.894  4382  4382 I PhoneLab-StatusMonitor: Running interval: 600000
07-10 15:56:48.898  4382  4382 I PhoneLab-StatusMonitor: Rescheduling status monitoring...
07-10 15:56:48.898  4382  4382 I PhoneLab-Locks: wake lock released
07-10 15:56:48.906  4382  4382 I PhoneLab-StatusMonitorLocation: Learning Location
07-10 15:56:48.906  4382  4382 I PhoneLab-Locks: wake lock acquired
07-10 15:56:48.906  4382  4382 I PhoneLab-Locks: wake lock acquired
07-10 15:56:48.910   293   559 D androidNetworkLocationListeners: Still have listener com.google.android.location.internal.client.NetworkLocationClient$1@413175c0
07-10 15:56:48.910  4382  4382 I PhoneLab-StatusMonitorLocation: Learning Signal Strgth
07-10 15:56:48.910  4382  4382 I PhoneLab-Locks: wake lock acquired
07-10 15:56:48.914   293   559 D androidNetworkLocationListeners: Still have listener com.google.android.location.internal.client.NetworkLocationClient$1@413175c0
07-10 15:56:48.914  4382  4382 I PhoneLab-StatusMonitorBattery: Battery_level: 91
07-10 15:56:48.914  4382  4382 I PhoneLab-Locks: wake lock released
07-10 15:56:48.918  4382  4382 I PhoneLab-StatusMonitorSignal: Signal_Strength: -96 asu: 9
07-10 15:56:48.918  4382  4382 I PhoneLab-Locks: wake lock released
07-10 15:56:50.234   293   297 D dalvikvm: GC_CONCURRENT freed 771K, 9% free 11052K/12039K, paused 2ms+3ms
07-10 15:56:50.250  4382  4382 I PhoneLab-StatusMonitorLocation: Location_Latitude: 43.0021113 Longitude: -78.786945 Accuracy: 54.0
07-10 15:56:50.250   293   559 D androidNetworkLocationListeners: Still have listener com.google.android.location.internal.client.NetworkLocationClient$1@413175c0
07-10 15:56:50.254  4382  4382 I PhoneLab-Locks: wake lock released
07-10 15:56:55.007  5436  5455 W PowerComponent: [LCD] Had to skip from iteration 4145 to 4148
07-10 15:56:55.007  5436  5459 W PowerComponent: [GPS] Had to skip from iteration 4145 to 4148
07-10 15:56:55.015  5436  5460 W PowerComponent: [Audio] Had to skip from iteration 4145 to 4148
07-10 15:56:55.015  5436  5457 W PowerComponent: [Wifi] Had to skip from iteration 4145 to 4148
07-10 15:56:55.015  5436  5458 W PowerComponent: [3G] Had to skip from iteration 4145 to 4148
07-10 15:56:55.019  5436  5456 W PowerComponent: [CPU] Had to skip from iteration 4145 to 4148
07-10 15:56:55.859  5436  5454 W PowerComponent: [LCD] Could not find data for requested iteration
07-10 15:56:55.859  5436  5454 W PowerComponent: [CPU] Could not find data for requested iteration
07-10 15:56:55.859  5436  5454 W PowerComponent: [Wifi] Could not find data for requested iteration
07-10 15:56:55.859  5436  5454 W PowerComponent: [3G] Could not find data for requested iteration
07-10 15:56:55.859  5436  5454 W PowerComponent: [GPS] Could not find data for requested iteration
07-10 15:56:55.859  5436  5454 W PowerComponent: [Audio] Could not find data for requested iteration
07-10 15:57:09.070   157   188 I power   : *** set_screen_state 1
07-10 15:57:09.090   157   188 I WindowManager: Lock screen displayed!
07-10 15:57:09.195   157   159 D dalvikvm: GC_CONCURRENT freed 904K, 14% free 14544K/16775K, paused 4ms+8ms
07-10 15:57:09.261    78   121 D SurfaceFlinger: Screen about to return, flinger = 0x1b13918
07-10 15:57:09.382  5436  5459 W PowerComponent: [GPS] Had to skip from iteration 4149 to 4162
07-10 15:57:09.386  5436  5460 W PowerComponent: [Audio] Had to skip from iteration 4149 to 4162
07-10 15:57:09.390  5436  5458 W PowerComponent: [3G] Had to skip from iteration 4149 to 4162
07-10 15:57:09.390  5436  5455 W PowerComponent: [LCD] Had to skip from iteration 4149 to 4162
07-10 15:57:09.394  5436  5457 W PowerComponent: [Wifi] Had to skip from iteration 4149 to 4162
07-10 15:57:09.394  5436  5456 W PowerComponent: [CPU] Had to skip from iteration 4149 to 4162
07-10 15:57:09.863  5436  5454 W PowerComponent: [LCD] Could not find data for requested iteration
07-10 15:57:09.863  5436  5454 W PowerComponent: [CPU] Could not find data for requested iteration
07-10 15:57:09.863  5436  5454 W PowerComponent: [Wifi] Could not find data for requested iteration
07-10 15:57:09.863  5436  5454 W PowerComponent: [3G] Could not find data for requested iteration
07-10 15:57:09.863  5436  5454 W PowerComponent: [GPS] Could not find data for requested iteration
07-10 15:57:09.863  5436  5454 W PowerComponent: [Audio] Could not find data for requested iteration
07-10 15:57:13.601  5436  5438 D dalvikvm: GC_CONCURRENT freed 564K, 9% free 11602K/12679K, paused 8ms+5ms
07-10 15:57:14.324   157   193 I InputReader: Dropping virtual key from device cypress-touchkey because virtual keys are temporarily disabled for the next 244.850ms.  keyCode=3, scanCode=102
07-10 15:57:17.992   227   229 D dalvikvm: GC_CONCURRENT freed 161K, 43% free 10019K/17543K, paused 3ms+4ms
07-10 15:57:18.402  4382  4395 I PhoneLab-: Service Running
07-10 15:57:18.484  4382  4395 I PhoneLab-LoggerService: app_36    1027  1     1440   1068  c00f181c 400107b4 S logcat
07-10 15:57:18.484  4382  4395 I PhoneLab-LoggerService: Logcat pid from database 1027
07-10 15:57:18.484  4382  4395 I PhoneLab-LoggerService: Logcat process found 1027
07-10 15:57:18.484  4382  4395 I PhoneLab-LoggerService: Checking Threshold
07-10 15:57:18.484  4382  4395 I PhoneLab-: Service Running
07-10 15:57:18.500   157   193 I InputReader: Dropping key up from device cypress-touchkey because the key was not down.  keyCode=3, scanCode=102
07-10 15:57:18.531  4382  4395 I PhoneLab-LoggerService: app_36    1027  1     1440   1068  c00f181c 400107b4 S logcat
07-10 15:57:18.531  4382  4395 I PhoneLab-LoggerService: Logcat pid from database 1027
07-10 15:57:18.531  4382  4395 I PhoneLab-LoggerService: Logcat process found 1027
07-10 15:57:18.531  4382  4395 I PhoneLab-LoggerService: Checking Threshold
07-10 15:57:18.535  4382  4395 I PhoneLab-: Service Running
07-10 15:57:18.570  4382  4384 D dalvikvm: GC_CONCURRENT freed 427K, 18% free 9231K/11207K, paused 2ms+7ms
07-10 15:57:18.593  4382  4395 I PhoneLab-LoggerService: app_36    1027  1     1440   1068  c00f181c 400107b4 S logcat
07-10 15:57:18.593  4382  4395 I PhoneLab-LoggerService: Logcat pid from database 1027
07-10 15:57:18.593  4382  4395 I PhoneLab-LoggerService: Logcat process found 1027
07-10 15:57:18.593  4382  4395 I PhoneLab-LoggerService: Checking Threshold
07-10 15:57:18.593  4382  4395 I PhoneLab-: Service Running
07-10 15:57:18.629  4382  4395 I PhoneLab-LoggerService: app_36    1027  1     1440   1068  c00f181c 400107b4 S logcat
07-10 15:57:18.629  4382  4395 I PhoneLab-LoggerService: Logcat pid from database 1027
07-10 15:57:18.629  4382  4395 I PhoneLab-LoggerService: Logcat process found 1027
07-10 15:57:18.629  4382  4395 I PhoneLab-LoggerService: Checking Threshold
07-10 15:57:18.629  4382  4395 I PhoneLab-: Service Running
07-10 15:57:18.664  4382  4395 I PhoneLab-LoggerService: app_36    1027  1     1440   1068  c00f181c 400107b4 S logcat
07-10 15:57:18.664  4382  4395 I PhoneLab-LoggerService: Logcat pid from database 1027
07-10 15:57:18.664  4382  4395 I PhoneLab-LoggerService: Logcat process found 1027
07-10 15:57:18.664  4382  4395 I PhoneLab-LoggerService: Checking Threshold
07-10 15:57:18.668  4382  4395 I PhoneLab-: Service Running
07-10 15:57:18.695  4382  4395 I PhoneLab-LoggerService: app_36    1027  1     1440   1068  c00f181c 400107b4 S logcat
07-10 15:57:18.695  4382  4395 I PhoneLab-LoggerService: Logcat pid from database 1027
07-10 15:57:18.695  4382  4395 I PhoneLab-LoggerService: Logcat process found 1027
07-10 15:57:18.695  4382  4395 I PhoneLab-LoggerService: Checking Threshold
07-10 15:57:30.160  5436  5438 D dalvikvm: GC_CONCURRENT freed 760K, 9% free 11611K/12679K, paused 9ms+5ms
07-10 15:57:46.922  5436  5438 D dalvikvm: GC_CONCURRENT freed 766K, 9% free 11598K/12679K, paused 2ms+4ms
07-10 15:57:53.980  1102  1102 I wpa_supplicant: wlan0: CTRL-EVENT-DISCONNECTED bssid=c4:3d:c7:a7:ad:c9 reason=0
07-10 15:57:53.984    75   117 D CommandListener: Clearing all IP addresses on wlan0
07-10 15:57:54.011   157   213 D ConnectivityService: ConnectivityChange for WIFI: DISCONNECTED/DISCONNECTED
07-10 15:57:54.027   157   213 D ConnectivityService: Attempting to switch to mobile
07-10 15:57:54.105   157   213 D ConnectivityService: Attempting to switch to WIMAX
07-10 15:57:54.109   157   213 D ConnectivityService: Attempting to switch to BLUETOOTH_TETHER
07-10 15:57:54.113   157   213 E ConnectivityService: Exception trying to remove a route: java.lang.IllegalStateException: Unable to communicate with native dameon to add routes - com.android.server.NativeDaemonConnectorException: Cmd {interface route remove wlan0 default 192.168.1.1 32 0.0.0.0} failed with code 400 : {Failed to remove route from default table (No such process)}
07-10 15:57:54.117   157   213 D NetUtils: android_net_utils_resetConnections in env=0x218370 clazz=0x50a00001 iface=wlan0 mask=0x3
07-10 15:57:54.117   157   213 E ConnectivityService: Exception trying to remove a route: java.lang.IllegalStateException: Unable to communicate with native dameon to add routes - com.android.server.NativeDaemonConnectorException: Cmd {interface route remove wlan0 default 0.0.0.0 0 192.168.1.1} failed with code 400 : {Failed to remove route from default table (No such process)}
07-10 15:57:54.117   157   213 D ConnectivityService: resetConnections(wlan0, 3)
07-10 15:57:54.164   157   213 D ConnectivityService: ConnectivityChange for WIMAX: DISCONNECTED/SCANNING
07-10 15:57:54.168   157   213 D ConnectivityService: Attempting to switch to mobile
07-10 15:57:54.172   157   213 D ConnectivityService: Attempting to switch to WIFI
07-10 15:57:54.172   157   213 D ConnectivityService: Attempting to switch to BLUETOOTH_TETHER
07-10 15:57:54.195   293  3764 W Smack/Packet: notify conn break (IOEx), close connection
07-10 15:57:54.359   293  3764 I qtaguid : Failed write_ctrl(u 74) res=-1 errno=22
07-10 15:57:54.367   293  3764 I qtaguid : Untagging socket 74 failed errno=-22
07-10 15:57:54.367   293  3764 W NetworkManagementSocketTagger: untagSocket(74) failed with errno -22
07-10 15:57:54.414   157   213 D ConnectivityService: handleInetConditionChange: no active default network - ignore
07-10 15:57:55.246  1102  1102 I wpa_supplicant: wlan0: Trying to associate with d0:c2:82:67:e7:61 (SSID='UB_Secure' freq=2437 MHz)
07-10 15:57:55.293  1102  1102 I wpa_supplicant: wlan0: CTRL-EVENT-DISCONNECTED bssid=d0:c2:82:67:e7:61 reason=0
07-10 15:57:55.797   157   184 I power   : *** set_screen_state 0
07-10 15:57:55.840    78   121 D SurfaceFlinger: About to give-up screen, flinger = 0x1b13918
07-10 15:57:56.015   157   159 D dalvikvm: GC_CONCURRENT freed 992K, 12% free 14887K/16775K, paused 3ms+5ms
07-10 15:57:56.066   157   188 D dalvikvm: GC_FOR_ALLOC freed 65K, 12% free 14927K/16775K, paused 44ms
07-10 15:57:56.066   157   188 I dalvikvm-heap: Grow heap (frag case) to 14.751MB for 104992-byte allocation
07-10 15:57:56.121   157   188 D dalvikvm: GC_FOR_ALLOC freed 26K, 12% free 15003K/16903K, paused 40ms
07-10 15:57:56.160   157   188 D dalvikvm: GC_FOR_ALLOC freed <1K, 12% free 15003K/16903K, paused 40ms
07-10 15:57:56.160   157   188 I dalvikvm-heap: Grow heap (frag case) to 14.826MB for 104992-byte allocation
07-10 15:57:56.207   157   188 D dalvikvm: GC_FOR_ALLOC freed <1K, 12% free 15105K/17031K, paused 40ms
07-10 15:57:56.211   157   188 V TransportControlView: Create TCV com.android.internal.widget.TransportControlView@4132cad0
07-10 15:57:57.191   157   217 D Tethering: MasterInitialState.processMessage what=3
07-10 15:57:57.257   157   217 D Tethering: MasterInitialState.processMessage what=3
07-10 15:57:57.293  5300  5300 D UploadsManager: load newPhotoTracker: null
07-10 15:57:57.293  5300  5300 D UploadsManager: load all accounts: null
07-10 15:57:57.293  5300  5300 D UploadsManager: load all account-album pairs: null
07-10 15:57:57.297  5300  5300 V PicasaContentProvider: querySettings: defaults: {sync_on_wifi_only=1, auto_upload_account_type=null, sync_on_battery=1, sync_picasa_on_wifi_only=1, auto_upload_enabled=0, video_upload_wifi_only=1, sync_on_roaming=0, auto_upload_account_name=null}
07-10 15:57:57.297  5300  5300 D UploadsManager:    settings not changed
07-10 15:57:57.300  5300  5548 D PicasaSync: sync account database
07-10 15:57:57.363   293   293 D dalvikvm: GC_EXPLICIT freed 432K, 9% free 11017K/12039K, paused 2ms+5ms
07-10 15:57:57.402  5300  5548 D PicasaSync: accounts in DB=2
07-10 15:57:57.402  5300  5548 V PicasaContentProvider: querySettings: defaults: {sync_on_wifi_only=1, auto_upload_account_type=null, sync_on_battery=1, sync_picasa_on_wifi_only=1, auto_upload_enabled=0, video_upload_wifi_only=1, sync_on_roaming=0, auto_upload_account_name=null}
07-10 15:57:57.402  5300  5548 D PicasaSyncManager: active network: null
07-10 15:57:57.402  5300  5548 D PicasaSyncManager: background data: true
07-10 15:57:57.457   157  4922 I ActivityManager: Start proc com.google.android.apps.uploader for broadcast com.google.android.apps.uploader/.ConnectivityBroadcastReceiver: pid=5549 uid=10029 gids={3003}
07-10 15:57:57.465  5549  5549 I dalvikvm: Turning on JNI app bug workarounds for target SDK version 11...
07-10 15:57:57.523  5300  5548 D PicasaSyncManager: battery info: false
07-10 15:57:57.535  5549  5549 I ActivityThread: Pub com.google.android.apps.uploader: com.google.android.apps.uploader.UploadsContentProvider
07-10 15:57:57.539  5549  5549 I ActivityThread: Pub com.google.photos.provider.Album: com.google.android.apps.uploader.clients.picasa.AlbumProvider
07-10 15:57:57.543  5549  5549 D MediaUploader: UploaderApplication.onCreate
07-10 15:57:57.590  5549  5549 D MediaUploader: nonWifiLimit=20971520, default=20971520
07-10 15:57:57.593  5549  5549 I MediaUploader: No need to wake up
07-10 15:57:57.601  4382  4382 I PhoneLab-WiFiReceiver: Wi-Fi is disconnected!
07-10 15:57:57.656  5549  5549 I MediaUploader: No need to wake up
07-10 15:57:57.664  5300  5548 D PicasaSyncManager: active network: null
07-10 15:57:57.664  5300  5548 D PicasaSyncManager: background data: true
07-10 15:58:00.597   157   213 D ConnectivityService: ConnectivityChange for WIMAX: DISCONNECTED/SCANNING
07-10 15:58:00.597   157   213 D ConnectivityService: Attempting to switch to mobile
07-10 15:58:00.597   157   213 D ConnectivityService: Attempting to switch to WIFI
07-10 15:58:00.601   157   213 D ConnectivityService: Attempting to switch to BLUETOOTH_TETHER
07-10 15:58:00.757   157   209 D dalvikvm: GC_EXPLICIT freed 988K, 15% free 14511K/17031K, paused 21ms+6ms
07-10 15:58:03.675   157   217 D Tethering: MasterInitialState.processMessage what=3
07-10 15:58:03.761  5300  5548 D PicasaSyncManager: active network: null
07-10 15:58:03.761  5300  5548 D PicasaSyncManager: background data: true
07-10 15:58:03.765  5549  5549 I MediaUploader: No need to wake up
07-10 15:58:05.289  1102  1102 I wpa_supplicant: wlan0: Authentication with 00:00:00:00:00:00 timed out.
07-10 15:58:07.027   227   229 D dalvikvm: GC_CONCURRENT freed 196K, 42% free 10245K/17543K, paused 2ms+3ms
07-10 15:58:07.129   227   229 D dalvikvm: GC_CONCURRENT freed 536K, 43% free 10156K/17543K, paused 2ms+3ms
07-10 15:58:10.050   227   229 D dalvikvm: GC_CONCURRENT freed 360K, 42% free 10212K/17543K, paused 7ms+2ms
07-10 15:58:18.949   157   213 D ConnectivityService: ConnectivityChange for mobile: CONNECTED/CONNECTED
07-10 15:58:19.043   157   209 D NetworkPolicy: applying policy NetworkPolicy[NetworkTemplate: matchRule=MOBILE_ALL, subscriberId=valid]: cycleDay=28, warningBytes=2147483648, limitBytes=-1, lastSnooze=-1 to ifaces [rmnet0]
07-10 15:58:19.054  5436  5438 D dalvikvm: GC_CONCURRENT freed 749K, 9% free 11590K/12679K, paused 2ms+8ms
07-10 15:58:19.949   157   213 D ConnectivityService: NetTransition Wakelock for WifiStateMachine released by timeout
07-10 15:58:31.421  5436  5459 W PowerComponent: [GPS] Had to skip from iteration 4233 to 4244
07-10 15:58:31.425  5436  5455 W PowerComponent: [LCD] Had to skip from iteration 4233 to 4244
07-10 15:58:31.441  5436  5460 W PowerComponent: [Audio] Had to skip from iteration 4233 to 4244
07-10 15:58:31.500  5436  5457 W PowerComponent: [Wifi] Had to skip from iteration 4233 to 4244
07-10 15:58:31.500  5436  5456 W PowerComponent: [CPU] Had to skip from iteration 4233 to 4244
07-10 15:58:31.504  5436  5458 W PowerComponent: [3G] Had to skip from iteration 4233 to 4244
07-10 15:58:31.871  5436  5454 W PowerComponent: [LCD] Could not find data for requested iteration
07-10 15:58:31.875  5436  5454 W PowerComponent: [CPU] Could not find data for requested iteration
07-10 15:58:31.882  5436  5454 W PowerComponent: [Wifi] Could not find data for requested iteration
07-10 15:58:31.882  5436  5454 W PowerComponent: [3G] Could not find data for requested iteration
07-10 15:58:31.890  5436  5454 W PowerComponent: [GPS] Could not find data for requested iteration
07-10 15:58:31.894  5436  5454 W PowerComponent: [Audio] Could not find data for requested iteration
07-10 16:00:31.062   157   217 D Tethering: MasterInitialState.processMessage what=3
07-10 16:00:31.117  5549  5549 I MediaUploader: No need to wake up
07-10 16:00:31.129  5300  5548 D PicasaSyncManager: active network: NetworkInfo: type: mobile[CDMA - EvDo rev. 0], state: CONNECTED/CONNECTED, reason: (unspecified), extra: , roaming: false, failover: true, isAvailable: true
07-10 16:00:31.132  5300  5548 D PicasaSyncManager: background data: true
07-10 16:00:31.312  4382  4395 I PhoneLab-: Service Running
07-10 16:00:31.367  5436  5455 W PowerComponent: [LCD] Had to skip from iteration 4245 to 4364
07-10 16:00:31.367  5436  5459 W PowerComponent: [GPS] Had to skip from iteration 4245 to 4364
07-10 16:00:31.371  5436  5460 W PowerComponent: [Audio] Had to skip from iteration 4245 to 4364
07-10 16:00:31.375  5436  5457 W PowerComponent: [Wifi] Had to skip from iteration 4245 to 4364
07-10 16:00:31.379  5436  5456 W PowerComponent: [CPU] Had to skip from iteration 4245 to 4364
07-10 16:00:31.386  5436  5458 W PowerComponent: [3G] Had to skip from iteration 4245 to 4364
07-10 16:00:31.429  4382  4395 I PhoneLab-LoggerService: app_36    1027  1     1440   1068  c00f181c 400107b4 S logcat
07-10 16:00:31.429  4382  4395 I PhoneLab-LoggerService: Logcat pid from database 1027
07-10 16:00:31.429  4382  4395 I PhoneLab-LoggerService: Logcat process found 1027
07-10 16:00:31.429  4382  4395 I PhoneLab-LoggerService: Checking Threshold
07-10 16:00:31.429  4382  4395 I PhoneLab-: Service Running
07-10 16:00:31.457  4382  4395 I PhoneLab-LoggerService: app_36    1027  1     1440   1068  c00f181c 400107b4 S logcat
07-10 16:00:31.457  4382  4395 I PhoneLab-LoggerService: Logcat pid from database 1027
07-10 16:00:31.457  4382  4395 I PhoneLab-LoggerService: Logcat process found 1027
07-10 16:00:31.457  4382  4395 I PhoneLab-LoggerService: Checking Threshold
07-10 16:00:31.480  4382  4382 I PhoneLab-Locks: wake lock acquired
07-10 16:00:31.488  4382  5571 I PhoneLab-PeriodicCheckService: User info is synched
07-10 16:00:31.488  4382  5571 I PhoneLab-PeriodicCheckService: Logger Service is running
07-10 16:00:31.492  4382  5571 I PhoneLab-Locks: wake lock acquired
07-10 16:00:31.492  4382  4382 I PhoneLab-UploadLogs: Transfering log files now
07-10 16:00:31.492  4382  4382 I PhoneLab-UploadLogs: No log files to transfer
07-10 16:00:31.496  4382  4382 I PhoneLab-Locks: wake lock released
07-10 16:00:31.496  4382  4382 I PhoneLab-UploadLogs: OnStartCommand
07-10 16:00:31.496  4382  5571 I PhoneLab-PeriodicCheckService: Rescheduling periodic checking...
07-10 16:00:31.496  4382  5571 I PhoneLab-Locks: wake lock released
07-10 16:00:31.859  5436  5454 W PowerComponent: [LCD] Could not find data for requested iteration
07-10 16:00:31.859  5436  5454 W PowerComponent: [CPU] Could not find data for requested iteration
07-10 16:00:31.859  5436  5454 W PowerComponent: [Wifi] Could not find data for requested iteration
07-10 16:00:31.859  5436  5454 W PowerComponent: [3G] Could not find data for requested iteration
07-10 16:00:31.859  5436  5454 W PowerComponent: [GPS] Could not find data for requested iteration
07-10 16:00:31.859  5436  5454 W PowerComponent: [Audio] Could not find data for requested iteration
07-10 16:00:33.011  1102  1102 I wpa_supplicant: wlan0: Trying to associate with 00:14:a9:c8:31:11 (SSID='UB_Secure' freq=2412 MHz)
07-10 16:00:33.164  1102  1102 I wpa_supplicant: wlan0: Associated with 00:14:a9:c8:31:11
07-10 16:00:33.199  1102  1102 I wpa_supplicant: wlan0: CTRL-EVENT-EAP-STARTED EAP authentication started
07-10 16:00:33.203  1102  1102 I wpa_supplicant: wlan0: CTRL-EVENT-EAP-PROPOSED-METHOD vendor=0 method=4 -> NAK
07-10 16:00:33.207  1102  1102 I wpa_supplicant: wlan0: CTRL-EVENT-EAP-PROPOSED-METHOD vendor=0 method=25
07-10 16:00:33.215  1102  1102 I wpa_supplicant: wlan0: CTRL-EVENT-EAP-METHOD EAP vendor 0 method 25 (PEAP) selected
07-10 16:00:33.336  1102  1102 I wpa_supplicant: wlan0: CTRL-EVENT-EAP-PEER-CERT depth=2 subject='/C=US/O=Entrust.net/OU=www.entrust.net/CPS incorp. by ref. (limits liab.)/OU=(c) 1999 Entrust.net Limited/CN=Entrust.net Secure Server Certification Authority'
07-10 16:00:33.336  1102  1102 I wpa_supplicant: wlan0: CTRL-EVENT-EAP-PEER-CERT depth=2 subject='/C=US/O=Entrust.net/OU=www.entrust.net/CPS incorp. by ref. (limits liab.)/OU=(c) 1999 Entrust.net Limited/CN=Entrust.net Secure Server Certification Authority'
07-10 16:00:33.347  1102  1102 I wpa_supplicant: wlan0: CTRL-EVENT-EAP-PEER-CERT depth=1 subject='/C=US/ST=UT/L=Salt Lake City/O=The USERTRUST Network/CN=USERTrust Legacy Secure Server CA'
07-10 16:00:33.347  1102  1102 I wpa_supplicant: wlan0: CTRL-EVENT-EAP-PEER-CERT depth=0 subject='/C=US/postalCode=14260/ST=New York/L=Buffalo/street=305 Computing Center/O=SUNY AT BUFFALO/OU=Office of the President/OU=Issued through UNIVERSITY AT BUFFALO E-PKI Manager/OU=PremiumSSL Legacy/CN=ubsecure.acsu.buffalo.edu'
07-10 16:00:33.511  1102  1102 I wpa_supplicant: EAP-MSCHAPV2: Authentication succeeded
07-10 16:00:33.515  1102  1102 I wpa_supplicant: EAP-TLV: TLV Result - Success - EAP-TLV/Phase2 Completed
07-10 16:00:33.519  1102  1102 I wpa_supplicant: wlan0: CTRL-EVENT-EAP-SUCCESS EAP authentication completed successfully
07-10 16:00:33.582  1102  1102 I wpa_supplicant: wlan0: WPA: Key negotiation completed with 00:14:a9:c8:31:11 [PTK=CCMP GTK=TKIP]
07-10 16:00:33.582  1102  1102 I wpa_supplicant: wlan0: CTRL-EVENT-CONNECTED - Connection to 00:14:a9:c8:31:11 completed (reauth) [id=0 id_str=]
07-10 16:00:39.011  5436  5456 W PowerComponent: [CPU] Had to skip from iteration 4370 to 4372
07-10 16:00:39.859  5436  5454 W PowerComponent: [CPU] Could not find data for requested iteration
07-10 16:00:42.125   293   293 I GTalkService/c: [AndroidEndpoint@1094729888] connect: acct=1000000, state=CONNECTING
07-10 16:00:42.144   293   293 I GTalkService/c: [GTalkConnection@1094353000] connect: acct=1, state=CONNECTING
07-10 16:00:42.160   293   293 I GTalkService/c: [GTalkConnection@1093818264] connect: acct=2, state=CONNECTING
07-10 16:00:45.703   293   297 D dalvikvm: GC_CONCURRENT freed 516K, 9% free 11048K/12039K, paused 2ms+3ms
07-10 16:00:46.898   157   213 D ConnectivityService: handleInetConditionHoldEnd: net=0, condition=100, published condition=0
07-10 16:00:47.570  4732  5591 D dalvikvm: GC_FOR_ALLOC freed 409K, 9% free 10164K/11079K, paused 20ms
07-10 16:00:48.355  4732  4752 D dalvikvm: GC_FOR_ALLOC freed 173K, 9% free 10132K/11079K, paused 23ms
07-10 16:01:09.312  5436  5455 W PowerComponent: [LCD] Had to skip from iteration 4399 to 4402
07-10 16:01:09.312  5436  5459 W PowerComponent: [GPS] Had to skip from iteration 4399 to 4402
07-10 16:01:09.324  5436  5460 W PowerComponent: [Audio] Had to skip from iteration 4399 to 4402
07-10 16:01:09.351  5436  5458 W PowerComponent: [3G] Had to skip from iteration 4399 to 4402
07-10 16:01:09.359  5436  5457 W PowerComponent: [Wifi] Had to skip from iteration 4399 to 4402
07-10 16:01:09.363  5436  5456 W PowerComponent: [CPU] Had to skip from iteration 4399 to 4402
07-10 16:01:09.859  5436  5454 W PowerComponent: [LCD] Could not find data for requested iteration
07-10 16:01:09.859  5436  5454 W PowerComponent: [CPU] Could not find data for requested iteration
07-10 16:01:09.859  5436  5454 W PowerComponent: [Wifi] Could not find data for requested iteration
07-10 16:01:09.859  5436  5454 W PowerComponent: [3G] Could not find data for requested iteration
07-10 16:01:09.859  5436  5454 W PowerComponent: [GPS] Could not find data for requested iteration
07-10 16:01:09.859  5436  5454 W PowerComponent: [Audio] Could not find data for requested iteration
07-10 16:01:11.406   157  5572 E DhcpStateMachine: DHCP failed on wlan0: Timed out waiting for DHCP to finish
07-10 16:01:11.414  5436  5438 D dalvikvm: GC_CONCURRENT freed 728K, 9% free 11591K/12679K, paused 1ms+2ms
07-10 16:01:11.625   157   211 E WifiStateMachine: IP configuration failed
07-10 16:01:11.660  1102  1102 I wpa_supplicant: wlan0: CTRL-EVENT-DISCONNECTED bssid=00:00:00:00:00:00 reason=0
07-10 16:01:11.664    75   117 D CommandListener: Clearing all IP addresses on wlan0
07-10 16:01:11.672   157   213 D ConnectivityService: ConnectivityChange for WIFI: DISCONNECTED/DISCONNECTED
07-10 16:01:11.672   157   213 D ConnectivityService: Attempting to switch to mobile
07-10 16:01:11.675   157   213 D ConnectivityService: Attempting to switch to WIMAX
07-10 16:01:11.675   157   213 D ConnectivityService: Attempting to switch to BLUETOOTH_TETHER
07-10 16:01:11.695   157   208 W NetworkStats: dropping UID delta from unknown iface: iface=wlan0 uid=0 set=DEFAULT tag=0x0 rxBytes=1224 rxPackets=11 txBytes=384 txPackets=6 operations=0
07-10 16:01:11.726   157   209 D NetworkPolicy: applying policy NetworkPolicy[NetworkTemplate: matchRule=MOBILE_ALL, subscriberId=valid]: cycleDay=28, warningBytes=2147483648, limitBytes=-1, lastSnooze=-1 to ifaces [rmnet0]
07-10 16:01:11.738   157   209 D NetworkPolicy: applying policy NetworkPolicy[NetworkTemplate: matchRule=MOBILE_ALL, subscriberId=valid]: cycleDay=28, warningBytes=2147483648, limitBytes=-1, lastSnooze=-1 to ifaces [rmnet0]
07-10 16:01:11.808   227   229 D dalvikvm: GC_CONCURRENT freed 543K, 43% free 10169K/17543K, paused 2ms+3ms
07-10 16:01:11.918   227   229 D dalvikvm: GC_CONCURRENT freed 533K, 43% free 10087K/17543K, paused 2ms+4ms
07-10 16:01:12.191  1102  1102 I wpa_supplicant: wlan0: Trying to associate with 00:14:a9:c8:31:11 (SSID='UB_Secure' freq=2412 MHz)
07-10 16:01:57.043  5436  5459 W PowerComponent: [GPS] Had to skip from iteration 4406 to 4450
07-10 16:01:57.043  5436  5455 W PowerComponent: [LCD] Had to skip from iteration 4406 to 4450
07-10 16:01:57.047  5436  5456 W PowerComponent: [CPU] Had to skip from iteration 4406 to 4450
07-10 16:01:57.050  5436  5460 W PowerComponent: [Audio] Had to skip from iteration 4406 to 4450
07-10 16:01:57.058  5436  5457 W PowerComponent: [Wifi] Had to skip from iteration 4406 to 4450
07-10 16:01:57.058  5436  5458 W PowerComponent: [3G] Had to skip from iteration 4406 to 4450
07-10 16:01:57.722  1102  1102 I wpa_supplicant: wlan0: Authentication with 00:14:a9:c8:31:11 timed out.
07-10 16:01:57.871  5436  5454 W PowerComponent: [LCD] Could not find data for requested iteration
07-10 16:01:57.871  5436  5454 W PowerComponent: [CPU] Could not find data for requested iteration
07-10 16:01:57.871  5436  5454 W PowerComponent: [Wifi] Could not find data for requested iteration
07-10 16:01:57.871  5436  5454 W PowerComponent: [3G] Could not find data for requested iteration
07-10 16:01:57.871  5436  5454 W PowerComponent: [GPS] Could not find data for requested iteration
07-10 16:01:57.871  5436  5454 W PowerComponent: [Audio] Could not find data for requested iteration
07-10 16:01:57.910   157   217 D Tethering: MasterInitialState.processMessage what=3
07-10 16:01:57.941   157   217 D Tethering: MasterInitialState.processMessage what=3
07-10 16:01:57.968  5549  5549 I MediaUploader: No need to wake up
07-10 16:01:57.972  4382  4382 I PhoneLab-WiFiReceiver: Wi-Fi is disconnected!
07-10 16:01:58.007  5300  5548 D PicasaSyncManager: active network: NetworkInfo: type: mobile[CDMA - EvDo rev. 0], state: CONNECTED/CONNECTED, reason: (unspecified), extra: , roaming: false, failover: false, isAvailable: true
07-10 16:01:58.023  5549  5549 I MediaUploader: No need to wake up
07-10 16:01:58.062  5300  5548 D PicasaSyncManager: background data: true
07-10 16:01:58.086   157   159 D dalvikvm: GC_CONCURRENT freed 1209K, 15% free 14582K/17031K, paused 3ms+6ms
07-10 16:01:58.175   293   297 D dalvikvm: GC_CONCURRENT freed 524K, 9% free 11076K/12039K, paused 2ms+6ms
07-10 16:02:53.015   157   213 D ConnectivityService: handleInetConditionHoldEnd: net=0, condition=100, published condition=100
07-10 16:02:53.172  5436  5455 W PowerComponent: [LCD] Had to skip from iteration 4451 to 4506
07-10 16:02:53.175  5436  5459 W PowerComponent: [GPS] Had to skip from iteration 4451 to 4506
07-10 16:02:53.175  5436  5460 W PowerComponent: [Audio] Had to skip from iteration 4451 to 4506
07-10 16:02:53.234  5436  5456 W PowerComponent: [CPU] Had to skip from iteration 4451 to 4506
07-10 16:02:53.234  5436  5458 W PowerComponent: [3G] Had to skip from iteration 4451 to 4506
07-10 16:02:53.234  5436  5457 W PowerComponent: [Wifi] Had to skip from iteration 4451 to 4506
07-10 16:02:53.879  5436  5454 W PowerComponent: [LCD] Could not find data for requested iteration
07-10 16:02:53.890  5436  5454 W PowerComponent: [CPU] Could not find data for requested iteration
07-10 16:02:53.890  5436  5454 W PowerComponent: [Wifi] Could not find data for requested iteration
07-10 16:02:53.894  5436  5454 W PowerComponent: [3G] Could not find data for requested iteration
07-10 16:02:53.894  5436  5454 W PowerComponent: [GPS] Could not find data for requested iteration
07-10 16:02:53.898  5436  5454 W PowerComponent: [Audio] Could not find data for requested iteration
07-10 16:02:54.265  1102  1102 I wpa_supplicant: wlan0: Trying to associate with 00:1a:a2:dc:8c:11 (SSID='UB_Secure' freq=2462 MHz)
07-10 16:03:01.004  5436  5455 W PowerComponent: [LCD] Had to skip from iteration 4508 to 4514
07-10 16:03:01.004  5436  5459 W PowerComponent: [GPS] Had to skip from iteration 4508 to 4514
07-10 16:03:01.011  5436  5460 W PowerComponent: [Audio] Had to skip from iteration 4508 to 4514
07-10 16:03:01.015  5436  5458 W PowerComponent: [3G] Had to skip from iteration 4508 to 4514
07-10 16:03:01.015  5436  5457 W PowerComponent: [Wifi] Had to skip from iteration 4508 to 4514
07-10 16:03:01.039  5436  5456 W PowerComponent: [CPU] Had to skip from iteration 4508 to 4514
07-10 16:03:01.515   293   975 I EventLogService: Aggregate from 1341948781413 (log), 1341948781413 (data)
07-10 16:03:01.859  5436  5454 W PowerComponent: [LCD] Could not find data for requested iteration
07-10 16:03:01.859  5436  5454 W PowerComponent: [CPU] Could not find data for requested iteration
07-10 16:03:01.859  5436  5454 W PowerComponent: [Wifi] Could not find data for requested iteration
07-10 16:03:01.859  5436  5454 W PowerComponent: [3G] Could not find data for requested iteration
07-10 16:03:01.859  5436  5454 W PowerComponent: [GPS] Could not find data for requested iteration
07-10 16:03:01.859  5436  5454 W PowerComponent: [Audio] Could not find data for requested iteration
07-10 16:05:24.031  1102  1102 I wpa_supplicant: wlan0: Authentication with 00:1a:a2:dc:8c:11 timed out.
07-10 16:05:24.293  5436  5455 W PowerComponent: [LCD] Had to skip from iteration 4515 to 4657
07-10 16:05:24.293  5436  5459 W PowerComponent: [GPS] Had to skip from iteration 4515 to 4657
07-10 16:05:24.293  5436  5460 W PowerComponent: [Audio] Had to skip from iteration 4515 to 4657
07-10 16:05:24.351  5436  5458 W PowerComponent: [3G] Had to skip from iteration 4515 to 4657
07-10 16:05:24.351  5436  5457 W PowerComponent: [Wifi] Had to skip from iteration 4515 to 4657
07-10 16:05:24.351  5436  5456 W PowerComponent: [CPU] Had to skip from iteration 4515 to 4657
07-10 16:05:24.859  5436  5454 W PowerComponent: [LCD] Could not find data for requested iteration
07-10 16:05:24.859  5436  5454 W PowerComponent: [CPU] Could not find data for requested iteration
07-10 16:05:24.859  5436  5454 W PowerComponent: [Wifi] Could not find data for requested iteration
07-10 16:05:24.859  5436  5454 W PowerComponent: [3G] Could not find data for requested iteration
07-10 16:05:24.859  5436  5454 W PowerComponent: [GPS] Could not find data for requested iteration
07-10 16:05:24.859  5436  5454 W PowerComponent: [Audio] Could not find data for requested iteration
07-10 16:05:25.590  1102  1102 I wpa_supplicant: wlan0: Trying to associate with 00:1a:a2:dd:b5:11 (SSID='UB_Secure' freq=2462 MHz)
07-10 16:05:25.703   227   227 D dalvikvm: GC_FOR_ALLOC freed 406K, 43% free 10062K/17543K, paused 16ms
07-10 16:05:25.808   227   229 D dalvikvm: GC_CONCURRENT freed 369K, 42% free 10179K/17543K, paused 2ms+3ms
07-10 16:05:31.007  5436  5455 W PowerComponent: [LCD] Had to skip from iteration 4659 to 4664
07-10 16:05:31.007  5436  5459 W PowerComponent: [GPS] Had to skip from iteration 4659 to 4664
07-10 16:05:31.015  5436  5460 W PowerComponent: [Audio] Had to skip from iteration 4659 to 4664
07-10 16:05:31.015  5436  5458 W PowerComponent: [3G] Had to skip from iteration 4659 to 4664
07-10 16:05:31.015  5436  5457 W PowerComponent: [Wifi] Had to skip from iteration 4659 to 4664
07-10 16:05:31.019  5436  5456 W PowerComponent: [CPU] Had to skip from iteration 4659 to 4664
07-10 16:05:31.859  5436  5454 W PowerComponent: [LCD] Could not find data for requested iteration
07-10 16:05:31.859  5436  5454 W PowerComponent: [CPU] Could not find data for requested iteration
07-10 16:05:31.859  5436  5454 W PowerComponent: [Wifi] Could not find data for requested iteration
07-10 16:05:31.859  5436  5454 W PowerComponent: [3G] Could not find data for requested iteration
07-10 16:05:31.859  5436  5454 W PowerComponent: [GPS] Could not find data for requested iteration
07-10 16:05:31.859  5436  5454 W PowerComponent: [Audio] Could not find data for requested iteration
07-10 16:06:11.070   227   229 D dalvikvm: GC_CONCURRENT freed 415K, 42% free 10220K/17543K, paused 2ms+3ms
07-10 16:06:11.347  5436  5459 W PowerComponent: [GPS] Had to skip from iteration 4665 to 4704
07-10 16:06:11.351  5436  5455 W PowerComponent: [LCD] Had to skip from iteration 4665 to 4704
07-10 16:06:11.359  5436  5460 W PowerComponent: [Audio] Had to skip from iteration 4665 to 4704
07-10 16:06:11.398  1102  1102 I wpa_supplicant: wlan0: Authentication with 00:1a:a2:dd:b5:11 timed out.
07-10 16:06:11.422  5436  5458 W PowerComponent: [3G] Had to skip from iteration 4665 to 4704
07-10 16:06:11.425  5436  5457 W PowerComponent: [Wifi] Had to skip from iteration 4665 to 4704
07-10 16:06:11.425  5436  5456 W PowerComponent: [CPU] Had to skip from iteration 4665 to 4704
07-10 16:06:11.859  5436  5454 W PowerComponent: [LCD] Could not find data for requested iteration
07-10 16:06:11.859  5436  5454 W PowerComponent: [CPU] Could not find data for requested iteration
07-10 16:06:11.859  5436  5454 W PowerComponent: [Wifi] Could not find data for requested iteration
07-10 16:06:11.859  5436  5454 W PowerComponent: [3G] Could not find data for requested iteration
07-10 16:06:11.879  5436  5454 W PowerComponent: [GPS] Could not find data for requested iteration
07-10 16:06:11.882  5436  5454 W PowerComponent: [Audio] Could not find data for requested iteration
07-10 16:06:13.011  1102  1102 I wpa_supplicant: wlan0: Trying to associate with 00:1a:a2:dc:8c:11 (SSID='UB_Secure' freq=2462 MHz)
07-10 16:06:13.031  1102  1102 I wpa_supplicant: wlan0: Associated with 00:1a:a2:dc:8c:11
07-10 16:06:13.031  1102  1102 I wpa_supplicant: wlan0: CTRL-EVENT-EAP-STARTED EAP authentication started
07-10 16:06:13.039  1102  1102 I wpa_supplicant: wlan0: CTRL-EVENT-EAP-PROPOSED-METHOD vendor=0 method=4 -> NAK
07-10 16:06:13.043  1102  1102 I wpa_supplicant: wlan0: CTRL-EVENT-EAP-PROPOSED-METHOD vendor=0 method=25
07-10 16:06:13.043  1102  1102 I wpa_supplicant: wlan0: CTRL-EVENT-EAP-METHOD EAP vendor 0 method 25 (PEAP) selected
07-10 16:06:13.093  1102  1102 I wpa_supplicant: wlan0: CTRL-EVENT-EAP-PEER-CERT depth=2 subject='/C=US/O=Entrust.net/OU=www.entrust.net/CPS incorp. by ref. (limits liab.)/OU=(c) 1999 Entrust.net Limited/CN=Entrust.net Secure Server Certification Authority'
07-10 16:06:13.097  1102  1102 I wpa_supplicant: wlan0: CTRL-EVENT-EAP-PEER-CERT depth=2 subject='/C=US/O=Entrust.net/OU=www.entrust.net/CPS incorp. by ref. (limits liab.)/OU=(c) 1999 Entrust.net Limited/CN=Entrust.net Secure Server Certification Authority'
07-10 16:06:13.097  1102  1102 I wpa_supplicant: wlan0: CTRL-EVENT-EAP-PEER-CERT depth=1 subject='/C=US/ST=UT/L=Salt Lake City/O=The USERTRUST Network/CN=USERTrust Legacy Secure Server CA'
07-10 16:06:13.101  1102  1102 I wpa_supplicant: wlan0: CTRL-EVENT-EAP-PEER-CERT depth=0 subject='/C=US/postalCode=14260/ST=New York/L=Buffalo/street=305 Computing Center/O=SUNY AT BUFFALO/OU=Office of the President/OU=Issued through UNIVERSITY AT BUFFALO E-PKI Manager/OU=PremiumSSL Legacy/CN=ubsecure.acsu.buffalo.edu'
07-10 16:06:13.269  1102  1102 I wpa_supplicant: EAP-MSCHAPV2: Authentication succeeded
07-10 16:06:13.273  1102  1102 I wpa_supplicant: EAP-TLV: TLV Result - Success - EAP-TLV/Phase2 Completed
07-10 16:06:13.277  1102  1102 I wpa_supplicant: wlan0: CTRL-EVENT-EAP-SUCCESS EAP authentication completed successfully
07-10 16:06:13.332    75   114 D NetlinkEvent: Unexpected netlink message. type=0xf
07-10 16:06:13.339  1102  1102 I wpa_supplicant: wlan0: WPA: Key negotiation completed with 00:1a:a2:dc:8c:11 [PTK=CCMP GTK=TKIP]
07-10 16:06:13.343  1102  1102 I wpa_supplicant: wlan0: CTRL-EVENT-CONNECTED - Connection to 00:1a:a2:dc:8c:11 completed (reauth) [id=0 id_str=]
07-10 16:06:18.007  5436  5457 W PowerComponent: [Wifi] Had to skip from iteration 4709 to 4711
07-10 16:06:18.007  5436  5458 W PowerComponent: [3G] Had to skip from iteration 4709 to 4711
07-10 16:06:18.011  5436  5456 W PowerComponent: [CPU] Had to skip from iteration 4709 to 4711
07-10 16:06:18.859  5436  5454 W PowerComponent: [CPU] Could not find data for requested iteration
07-10 16:06:18.859  5436  5454 W PowerComponent: [Wifi] Could not find data for requested iteration
07-10 16:06:18.859  5436  5454 W PowerComponent: [3G] Could not find data for requested iteration
07-10 16:06:19.886   157   213 D ConnectivityService: ConnectivityChange for WIFI: CONNECTED/CONNECTED
07-10 16:06:19.886   157   213 D ConnectivityService: Policy requires mobile teardown
07-10 16:06:19.925  4382  4382 I PhoneLab-WiFiReceiver: Wi-Fi is connected!
07-10 16:06:19.933  4382  4382 I PhoneLab-WiFiReceiver: SSID: UB_Secure BSSID: 00:1a:a2:dc:8c:11 RSSI: -200 LinkSpeed: -1
07-10 16:06:19.933  4382  4382 I PhoneLab-Locks: wake lock acquired
07-10 16:06:19.972  4382  4382 I PhoneLab-UploadLogs: Transfering log files now
07-10 16:06:19.972  4382  4382 I PhoneLab-UploadLogs: No log files to transfer
07-10 16:06:19.972  4382  4382 I PhoneLab-Locks: wake lock released
07-10 16:06:19.976  4382  4382 I PhoneLab-UploadLogs: OnStartCommand
07-10 16:06:19.988   157   213 D ConnectivityService: ConnectivityChange for mobile: DISCONNECTED/DISCONNECTED
07-10 16:06:19.992   157   213 D ConnectivityService: Attempting to switch to WIFI
07-10 16:06:19.992   157   213 D ConnectivityService: Attempting to switch to WIMAX
07-10 16:06:19.992   157   213 D ConnectivityService: Attempting to switch to BLUETOOTH_TETHER
07-10 16:06:19.996   157   213 D NetUtils: android_net_utils_resetConnections in env=0x218370 clazz=0x8db00001 iface=rmnet0 mask=0x3
07-10 16:06:19.996   157   213 D ConnectivityService: resetConnections(rmnet0, 3)
07-10 16:06:20.023   157   208 W NetworkStats: dropping UID delta from unknown iface: iface=wlan0 uid=0 set=DEFAULT tag=0x0 rxBytes=0 rxPackets=0 txBytes=328 txPackets=5 operations=0
07-10 16:06:20.043   356   359 D dalvikvm: GC_CONCURRENT freed 381K, 6% free 9473K/10055K, paused 1ms+3ms
07-10 16:06:20.152   293  5588 W Smack/Packet: notify conn break (IOEx), close connection
07-10 16:06:20.164   227   229 D dalvikvm: GC_CONCURRENT freed 604K, 43% free 10085K/17543K, paused 2ms+7ms
07-10 16:06:20.312   293  5588 I qtaguid : Failed write_ctrl(u 74) res=-1 errno=22
07-10 16:06:20.312   293  5588 I qtaguid : Untagging socket 74 failed errno=-22
07-10 16:06:20.312   293  5588 W NetworkManagementSocketTagger: untagSocket(74) failed with errno -22
07-10 16:06:20.336   157   213 D ConnectivityService: handleInetConditionChange: net=0 != default=1 - ignore
07-10 16:06:25.007  5436  5455 W PowerComponent: [LCD] Had to skip from iteration 4714 to 4718
07-10 16:06:25.007  5436  5459 W PowerComponent: [GPS] Had to skip from iteration 4714 to 4718
07-10 16:06:25.019  5436  5460 W PowerComponent: [Audio] Had to skip from iteration 4714 to 4718
07-10 16:06:25.019  5436  5458 W PowerComponent: [3G] Had to skip from iteration 4714 to 4718
07-10 16:06:25.023  5436  5457 W PowerComponent: [Wifi] Had to skip from iteration 4714 to 4718
07-10 16:06:25.023  5436  5456 W PowerComponent: [CPU] Had to skip from iteration 4714 to 4718
07-10 16:06:25.738   293   293 I GTalkService/c: [AndroidEndpoint@1094729888] connect: acct=1000000, state=CONNECTING
07-10 16:06:25.738   293   293 I GTalkService/c: [GTalkConnection@1094353000] connect: acct=1, state=CONNECTING
07-10 16:06:25.742   293   293 I GTalkService/c: [GTalkConnection@1093818264] connect: acct=2, state=CONNECTING
07-10 16:06:25.746   157   217 D Tethering: MasterInitialState.processMessage what=3
07-10 16:06:25.754   157   217 D Tethering: MasterInitialState.processMessage what=3
07-10 16:06:25.761   157   217 D Tethering: MasterInitialState.processMessage what=3
07-10 16:06:25.777  5300  5548 D PicasaSyncManager: active network: NetworkInfo: type: WIFI[], state: CONNECTED/CONNECTED, reason: (unspecified), extra: (none), roaming: false, failover: false, isAvailable: true
07-10 16:06:25.777  5300  5548 D PicasaSyncManager: background data: true
07-10 16:06:25.828  5549  5549 I MediaUploader: No need to wake up
07-10 16:06:25.859  5436  5454 W PowerComponent: [LCD] Could not find data for requested iteration
07-10 16:06:25.859  5436  5454 W PowerComponent: [CPU] Could not find data for requested iteration
07-10 16:06:25.859  5436  5454 W PowerComponent: [Wifi] Could not find data for requested iteration
07-10 16:06:25.859  5436  5454 W PowerComponent: [3G] Could not find data for requested iteration
07-10 16:06:25.859  5436  5454 W PowerComponent: [GPS] Could not find data for requested iteration
07-10 16:06:25.859  5436  5454 W PowerComponent: [Audio] Could not find data for requested iteration
07-10 16:06:25.863  5549  5549 I MediaUploader: No need to wake up
07-10 16:06:25.914  5549  5549 I MediaUploader: No need to wake up
07-10 16:06:25.992  5300  5548 D PicasaSyncManager: active network: NetworkInfo: type: WIFI[], state: CONNECTED/CONNECTED, reason: (unspecified), extra: (none), roaming: false, failover: false, isAvailable: true
07-10 16:06:25.992  5300  5548 D PicasaSyncManager: background data: true
07-10 16:06:28.695   157   168 D dalvikvm: GC_EXPLICIT freed 1148K, 15% free 14592K/17031K, paused 9ms+6ms
07-10 16:06:29.328   157   213 D ConnectivityService: handleInetConditionHoldEnd: net=1, condition=100, published condition=0
07-10 16:06:43.988  5436  5438 D dalvikvm: GC_CONCURRENT freed 732K, 9% free 11594K/12679K, paused 12ms+2ms
07-10 16:06:48.910  4382  4382 I PhoneLab-Locks: wake lock acquired
07-10 16:06:48.914  4382  4382 I PhoneLab-StatusMonitor: Status Monitoring is started
07-10 16:06:48.945  4382  4384 D dalvikvm: GC_CONCURRENT freed 515K, 18% free 9228K/11207K, paused 1ms+2ms
07-10 16:06:48.972  4382  4382 I PhoneLab-StatusMonitor: Value: 10 - unit: min
07-10 16:06:48.972  4382  4382 I PhoneLab-StatusMonitor: Running interval: 600000
07-10 16:06:48.980  4382  4382 I PhoneLab-StatusMonitor: Rescheduling status monitoring...
07-10 16:06:48.980  4382  4382 I PhoneLab-Locks: wake lock released
07-10 16:06:48.984  4382  4382 I PhoneLab-StatusMonitorLocation: Learning Location
07-10 16:06:48.984  4382  4382 I PhoneLab-Locks: wake lock acquired
07-10 16:06:48.988  4382  4382 I PhoneLab-Locks: wake lock acquired
07-10 16:06:49.000  4382  4382 I PhoneLab-StatusMonitorLocation: Learning Signal Strgth
07-10 16:06:49.000  4382  4382 I PhoneLab-Locks: wake lock acquired
07-10 16:06:49.004   293   559 D androidNetworkLocationListeners: Still have listener com.google.android.location.internal.client.NetworkLocationClient$1@413175c0
07-10 16:06:49.011   293   559 D androidNetworkLocationListeners: Still have listener com.google.android.location.internal.client.NetworkLocationClient$1@413175c0
07-10 16:06:49.015  4382  4382 I PhoneLab-StatusMonitorBattery: Battery_level: 90
07-10 16:06:49.015  4382  4382 I PhoneLab-Locks: wake lock released
07-10 16:06:49.019  4382  4382 I PhoneLab-StatusMonitorSignal: Signal_Strength: -76 asu: 19
07-10 16:06:49.019  4382  4382 I PhoneLab-Locks: wake lock released
07-10 16:06:49.027   293   673 D WifiLocator: Too many cache  misses. Need server request. hasLocation=0 noLocation=0 cacheMiss=18
07-10 16:06:49.031   293   673 D NetworkLocator: New location significantly newer than previous. Reporting it.
07-10 16:06:49.054  4382  4384 D dalvikvm: GC_CONCURRENT freed 432K, 19% free 9189K/11207K, paused 2ms+2ms
07-10 16:06:49.086   293   564 I System.out: [INFO:91844105]: LogSource: Running flush
07-10 16:06:49.089   293   566 I System.out: [INFO:91844107]: LogSource: Sending payload [bytes=641]
07-10 16:06:49.113  4382  4382 I PhoneLab-StatusMonitorLocation: Location_Latitude: 43.0051829 Longitude: -78.7590659 Accuracy: 1905.0
07-10 16:06:49.113   293   559 D androidNetworkLocationListeners: Still have listener com.google.android.location.internal.client.NetworkLocationClient$1@413175c0
07-10 16:06:49.113  4382  4382 I PhoneLab-Locks: wake lock released
07-10 16:06:49.140   293   297 D dalvikvm: GC_CONCURRENT freed 609K, 8% free 11122K/12039K, paused 2ms+6ms
07-10 16:06:50.308   293   673 D WifiLocator: Too many cache  misses. Need server request. hasLocation=0 noLocation=0 cacheMiss=15
07-10 16:06:54.089   293   564 I System.out: [INFO:91849107]: LogSource: Running delayed flush
07-10 16:06:54.101   293   564 I System.out: [INFO:91849118]: LogSource: Running flush
07-10 16:07:02.785   293   293 I GTalkService/c: [GTalkConnection@1094353000] connect: acct=1, state=CONNECTING
07-10 16:07:07.730   293   566 I System.out: [SEVERE:91862749]: LogSource: AsyncHttpRequestImpl.run(): exception thrown : No peer certificate: javax.net.ssl.SSLPeerUnverifiedException
07-10 16:07:07.730   293   673 D WifiLocator: Too many no-location APs. Will not compute a location nor go to the server. hasLocation=0 noLocation=0 cacheMiss=0
07-10 16:07:07.746   293   564 E GlsClient-query: requestFailed
07-10 16:07:07.746   293   564 E GlsClient-query: javax.net.ssl.SSLPeerUnverifiedException: No peer certificate
07-10 16:07:07.746   293   564 E GlsClient-query: 	at org.apache.harmony.xnet.provider.jsse.SSLSessionImpl.getPeerCertificates(SSLSessionImpl.java:137)
07-10 16:07:07.746   293   564 E GlsClient-query: 	at org.apache.http.conn.ssl.AbstractVerifier.verify(AbstractVerifier.java:93)
07-10 16:07:07.746   293   564 E GlsClient-query: 	at org.apache.http.conn.ssl.SSLSocketFactory.createSocket(SSLSocketFactory.java:381)
07-10 16:07:07.746   293   564 E GlsClient-query: 	at org.apache.http.impl.conn.DefaultClientConnectionOperator.openConnection(DefaultClientConnectionOperator.java:165)
07-10 16:07:07.746   293   564 E GlsClient-query: 	at org.apache.http.impl.conn.AbstractPoolEntry.open(AbstractPoolEntry.java:164)
07-10 16:07:07.746   293   564 E GlsClient-query: 	at org.apache.http.impl.conn.AbstractPooledConnAdapter.open(AbstractPooledConnAdapter.java:119)
07-10 16:07:07.746   293   564 E GlsClient-query: 	at org.apache.http.impl.client.DefaultRequestDirector.execute(DefaultRequestDirector.java:452)
07-10 16:07:07.746   293   564 E GlsClient-query: 	at org.apache.http.impl.client.AbstractHttpClient.execute(AbstractHttpClient.java:555)
07-10 16:07:07.746   293   564 E GlsClient-query: 	at org.apache.http.impl.client.AbstractHttpClient.execute(AbstractHttpClient.java:487)
07-10 16:07:07.746   293   564 E GlsClient-query: 	at com.google.common.io.android.AndroidHttpClient.execute(Unknown Source)
07-10 16:07:07.746   293   564 E GlsClient-query: 	at com.google.common.io.android.GoogleHttpClient.executeWithoutRewriting(Unknown Source)
07-10 16:07:07.746   293   564 E GlsClient-query: 	at com.google.common.io.android.GoogleHttpClient.execute(Unknown Source)
07-10 16:07:07.746   293   564 E GlsClient-query: 	at com.google.common.io.android.GoogleHttpClient.execute(Unknown Source)
07-10 16:07:07.746   293   564 E GlsClient-query: 	at com.google.common.io.android.AndroidHttpConnectionFactory$AndroidGoogleHttpConnection.getResponse(Unknown Source)
07-10 16:07:07.746   293   564 E GlsClient-query: 	at com.google.common.io.android.AndroidHttpConnectionFactory$AndroidGoogleHttpConnection.getResponseCode(Unknown Source)
07-10 16:07:07.746   293   564 E GlsClient-query: 	at com.google.common.async.AsyncHttpRequestFactory$AsyncHttpRequestImpl.run(Unknown Source)
07-10 16:07:07.746   293   564 E GlsClient-query: 	at com.google.common.async.AsyncHttpRequestFactory.executeNextRequest(Unknown Source)
07-10 16:07:07.746   293   564 E GlsClient-query: 	at com.google.common.async.AsyncHttpRequestFactory.run(Unknown Source)
07-10 16:07:07.746   293   564 E GlsClient-query: 	at com.google.common.lang.BaseThreadFactory$ThreadImpl.run(Unknown Source)
07-10 16:07:17.121  4382  4395 I PhoneLab-: Service Running
07-10 16:07:17.207  4382  4395 I PhoneLab-LoggerService: app_36    1027  1     1440   1068  c00f181c 400107b4 S logcat
07-10 16:07:17.207  4382  4395 I PhoneLab-LoggerService: Logcat pid from database 1027
07-10 16:07:17.211  4382  4395 I PhoneLab-LoggerService: Logcat process found 1027
07-10 16:07:17.211  4382  4395 I PhoneLab-LoggerService: Checking Threshold
07-10 16:07:17.211  4382  4395 I PhoneLab-: Service Running
07-10 16:07:17.238  4382  4395 I PhoneLab-LoggerService: app_36    1027  1     1440   1068  c00f181c 400107b4 S logcat
07-10 16:07:17.238  4382  4395 I PhoneLab-LoggerService: Logcat pid from database 1027
07-10 16:07:17.238  4382  4395 I PhoneLab-LoggerService: Logcat process found 1027
07-10 16:07:17.238  4382  4395 I PhoneLab-LoggerService: Checking Threshold
07-10 16:07:17.238  4382  4395 I PhoneLab-: Service Running
07-10 16:07:17.265  4382  4395 I PhoneLab-LoggerService: app_36    1027  1     1440   1068  c00f181c 400107b4 S logcat
07-10 16:07:17.265  4382  4395 I PhoneLab-LoggerService: Logcat pid from database 1027
07-10 16:07:17.265  4382  4395 I PhoneLab-LoggerService: Logcat process found 1027
07-10 16:07:17.265  4382  4395 I PhoneLab-LoggerService: Checking Threshold
07-10 16:07:20.129   293   293 I GTalkService/c: [GTalkConnection@1093818264] connect: acct=2, state=CONNECTING
07-10 16:07:34.886   293  5626 W Smack/Packet: notify conn break (IOEx), close connection
07-10 16:07:35.945  5436  5438 D dalvikvm: GC_CONCURRENT freed 727K, 9% free 11596K/12679K, paused 2ms+2ms
07-10 16:07:41.918   293   293 I GTalkService/c: [GTalkConnection@1094353000] connect: acct=1, state=CONNECTING
07-10 16:07:49.941   293   908 E GTalkService: connectionClosed: no XMPPConnection - That's strange!
07-10 16:07:49.941   293   908 E GTalkService: connectionClosed: no XMPPConnection - That's strange!
07-10 16:07:49.996   293   908 E GTalkService: connectionClosed: no XMPPConnection - That's strange!
07-10 16:08:00.308  5436  5459 W PowerComponent: [GPS] Had to skip from iteration 4803 to 4813
07-10 16:08:00.308  5436  5455 W PowerComponent: [LCD] Had to skip from iteration 4803 to 4813
07-10 16:08:00.328  5436  5460 W PowerComponent: [Audio] Had to skip from iteration 4803 to 4813
07-10 16:08:00.340  5436  5458 W PowerComponent: [3G] Had to skip from iteration 4803 to 4813
07-10 16:08:00.359  5436  5457 W PowerComponent: [Wifi] Had to skip from iteration 4803 to 4813
07-10 16:08:00.359  5436  5456 W PowerComponent: [CPU] Had to skip from iteration 4803 to 4813
07-10 16:08:00.871  5436  5454 W PowerComponent: [LCD] Could not find data for requested iteration
07-10 16:08:00.875  5436  5454 W PowerComponent: [CPU] Could not find data for requested iteration
07-10 16:08:00.875  5436  5454 W PowerComponent: [Wifi] Could not find data for requested iteration
07-10 16:08:00.882  5436  5454 W PowerComponent: [3G] Could not find data for requested iteration
07-10 16:08:00.886  5436  5454 W PowerComponent: [GPS] Could not find data for requested iteration
07-10 16:08:00.890  5436  5454 W PowerComponent: [Audio] Could not find data for requested iteration
07-10 16:08:01.304   293   293 I GTalkService/c: [AndroidEndpoint@1094729888] connect: acct=1000000, state=CONNECTING
07-10 16:08:01.312   293   293 I GTalkService/c: [GTalkConnection@1094353000] connect: acct=1, state=CONNECTING
07-10 16:08:01.316   293   293 I GTalkService/c: [GTalkConnection@1093818264] connect: acct=2, state=CONNECTING
07-10 16:08:01.715   293   297 D dalvikvm: GC_CONCURRENT freed 676K, 9% free 11032K/12039K, paused 16ms+3ms
07-10 16:08:02.390   157   213 D ConnectivityService: handleInetConditionHoldEnd: net=1, condition=0, published condition=100
07-10 16:08:04.652   157   213 D ConnectivityService: handleInetConditionHoldEnd: net=1, condition=100, published condition=0
07-10 16:08:13.000   293   297 D dalvikvm: GC_CONCURRENT freed 491K, 8% free 11092K/12039K, paused 2ms+8ms
07-10 16:08:13.035  4732  4752 D dalvikvm: GC_FOR_ALLOC freed 161K, 9% free 10132K/11079K, paused 24ms
07-10 16:08:47.144  5436  5455 W PowerComponent: [LCD] Had to skip from iteration 4828 to 4860
07-10 16:08:47.144  5436  5459 W PowerComponent: [GPS] Had to skip from iteration 4828 to 4860
07-10 16:08:47.152  5436  5460 W PowerComponent: [Audio] Had to skip from iteration 4828 to 4860
07-10 16:08:47.160  5436  5458 W PowerComponent: [3G] Had to skip from iteration 4828 to 4860
07-10 16:08:47.207  5436  5456 W PowerComponent: [CPU] Had to skip from iteration 4828 to 4860
07-10 16:08:47.207  5436  5457 W PowerComponent: [Wifi] Had to skip from iteration 4828 to 4860
07-10 16:08:47.859  5436  5454 W PowerComponent: [LCD] Could not find data for requested iteration
07-10 16:08:47.859  5436  5454 W PowerComponent: [CPU] Could not find data for requested iteration
07-10 16:08:47.859  5436  5454 W PowerComponent: [Wifi] Could not find data for requested iteration
07-10 16:08:47.879  5436  5454 W PowerComponent: [3G] Could not find data for requested iteration
07-10 16:08:47.879  5436  5454 W PowerComponent: [GPS] Could not find data for requested iteration
07-10 16:08:47.879  5436  5454 W PowerComponent: [Audio] Could not find data for requested iteration
07-10 16:09:18.328  5436  5459 W PowerComponent: [GPS] Had to skip from iteration 4861 to 4891
07-10 16:09:18.332  5436  5455 W PowerComponent: [LCD] Had to skip from iteration 4861 to 4891
07-10 16:09:18.336  5436  5460 W PowerComponent: [Audio] Had to skip from iteration 4861 to 4891
07-10 16:09:18.347  5436  5458 W PowerComponent: [3G] Had to skip from iteration 4861 to 4891
07-10 16:09:18.382  5436  5456 W PowerComponent: [CPU] Had to skip from iteration 4861 to 4891
07-10 16:09:18.386  5436  5457 W PowerComponent: [Wifi] Had to skip from iteration 4861 to 4891
07-10 16:09:18.859  5436  5454 W PowerComponent: [LCD] Could not find data for requested iteration
07-10 16:09:18.886  5436  5454 W PowerComponent: [CPU] Could not find data for requested iteration
07-10 16:09:18.890  5436  5454 W PowerComponent: [Wifi] Could not find data for requested iteration
07-10 16:09:18.890  5436  5454 W PowerComponent: [3G] Could not find data for requested iteration
07-10 16:09:18.894  5436  5454 W PowerComponent: [GPS] Could not find data for requested iteration
07-10 16:09:18.894  5436  5454 W PowerComponent: [Audio] Could not find data for requested iteration
07-10 16:09:24.308  5436  5459 W PowerComponent: [GPS] Had to skip from iteration 4892 to 4897
07-10 16:09:24.308  5436  5455 W PowerComponent: [LCD] Had to skip from iteration 4892 to 4897
07-10 16:09:24.312  5436  5460 W PowerComponent: [Audio] Had to skip from iteration 4892 to 4897
07-10 16:09:24.320  5436  5458 W PowerComponent: [3G] Had to skip from iteration 4892 to 4897
07-10 16:09:24.324  5436  5457 W PowerComponent: [Wifi] Had to skip from iteration 4892 to 4897
07-10 16:09:24.363  5436  5456 W PowerComponent: [CPU] Had to skip from iteration 4892 to 4897
07-10 16:09:24.886  5436  5454 W PowerComponent: [LCD] Could not find data for requested iteration
07-10 16:09:24.886  5436  5454 W PowerComponent: [CPU] Could not find data for requested iteration
07-10 16:09:24.890  5436  5454 W PowerComponent: [Wifi] Could not find data for requested iteration
07-10 16:09:24.890  5436  5454 W PowerComponent: [3G] Could not find data for requested iteration
07-10 16:09:24.890  5436  5454 W PowerComponent: [GPS] Could not find data for requested iteration
07-10 16:09:24.890  5436  5454 W PowerComponent: [Audio] Could not find data for requested iteration
07-10 16:09:44.336  5436  5455 W PowerComponent: [LCD] Had to skip from iteration 4898 to 4917
07-10 16:09:44.336  5436  5459 W PowerComponent: [GPS] Had to skip from iteration 4898 to 4917
07-10 16:09:44.347  5436  5460 W PowerComponent: [Audio] Had to skip from iteration 4898 to 4917
07-10 16:09:44.351  5436  5458 W PowerComponent: [3G] Had to skip from iteration 4898 to 4917
07-10 16:09:44.398  5436  5456 W PowerComponent: [CPU] Had to skip from iteration 4898 to 4917
07-10 16:09:44.402  5436  5457 W PowerComponent: [Wifi] Had to skip from iteration 4898 to 4917
07-10 16:09:44.859  5436  5454 W PowerComponent: [LCD] Could not find data for requested iteration
07-10 16:09:44.882  5436  5454 W PowerComponent: [CPU] Could not find data for requested iteration
07-10 16:09:44.882  5436  5454 W PowerComponent: [Wifi] Could not find data for requested iteration
07-10 16:09:44.886  5436  5454 W PowerComponent: [3G] Could not find data for requested iteration
07-10 16:09:44.886  5436  5454 W PowerComponent: [GPS] Could not find data for requested iteration
07-10 16:09:44.890  5436  5454 W PowerComponent: [Audio] Could not find data for requested iteration
07-10 16:10:09.339  5436  5455 W PowerComponent: [LCD] Had to skip from iteration 4918 to 4942
07-10 16:10:09.339  5436  5459 W PowerComponent: [GPS] Had to skip from iteration 4918 to 4942
07-10 16:10:09.347  5436  5460 W PowerComponent: [Audio] Had to skip from iteration 4918 to 4942
07-10 16:10:09.359  5436  5458 W PowerComponent: [3G] Had to skip from iteration 4918 to 4942
07-10 16:10:09.402  5436  5456 W PowerComponent: [CPU] Had to skip from iteration 4918 to 4942
07-10 16:10:09.402  5436  5457 W PowerComponent: [Wifi] Had to skip from iteration 4918 to 4942
07-10 16:10:09.886  5436  5454 W PowerComponent: [LCD] Could not find data for requested iteration
07-10 16:10:09.886  5436  5454 W PowerComponent: [CPU] Could not find data for requested iteration
07-10 16:10:09.886  5436  5454 W PowerComponent: [Wifi] Could not find data for requested iteration
07-10 16:10:09.890  5436  5454 W PowerComponent: [3G] Could not find data for requested iteration
07-10 16:10:09.890  5436  5454 W PowerComponent: [GPS] Could not find data for requested iteration
07-10 16:10:09.894  5436  5454 W PowerComponent: [Audio] Could not find data for requested iteration
07-10 16:10:27.300  5436  5459 W PowerComponent: [GPS] Had to skip from iteration 4943 to 4960
07-10 16:10:27.308  5436  5460 W PowerComponent: [Audio] Had to skip from iteration 4943 to 4960
07-10 16:10:27.312  5436  5455 W PowerComponent: [LCD] Had to skip from iteration 4943 to 4960
07-10 16:10:27.332  5436  5458 W PowerComponent: [3G] Had to skip from iteration 4943 to 4960
07-10 16:10:27.382  5436  5456 W PowerComponent: [CPU] Had to skip from iteration 4943 to 4960
07-10 16:10:27.386  5436  5457 W PowerComponent: [Wifi] Had to skip from iteration 4943 to 4960
07-10 16:10:27.859  5436  5454 W PowerComponent: [LCD] Could not find data for requested iteration
07-10 16:10:27.859  5436  5454 W PowerComponent: [CPU] Could not find data for requested iteration
07-10 16:10:27.879  5436  5454 W PowerComponent: [Wifi] Could not find data for requested iteration
07-10 16:10:27.879  5436  5454 W PowerComponent: [3G] Could not find data for requested iteration
07-10 16:10:27.879  5436  5454 W PowerComponent: [GPS] Could not find data for requested iteration
07-10 16:10:27.879  5436  5454 W PowerComponent: [Audio] Could not find data for requested iteration
07-10 16:10:39.336  5436  5459 W PowerComponent: [GPS] Had to skip from iteration 4961 to 4972
07-10 16:10:39.347  5436  5455 W PowerComponent: [LCD] Had to skip from iteration 4961 to 4972
07-10 16:10:39.355  5436  5460 W PowerComponent: [Audio] Had to skip from iteration 4961 to 4972
07-10 16:10:39.359  5436  5458 W PowerComponent: [3G] Had to skip from iteration 4961 to 4972
07-10 16:10:39.359  5436  5456 W PowerComponent: [CPU] Had to skip from iteration 4961 to 4972
07-10 16:10:39.363  5436  5457 W PowerComponent: [Wifi] Had to skip from iteration 4961 to 4972
07-10 16:10:39.402   157   169 I ActivityManager: Process com.android.deskclock (pid 4975) has died.
07-10 16:10:39.500  5436  5438 D dalvikvm: GC_CONCURRENT freed 744K, 9% free 11614K/12679K, paused 2ms+3ms
07-10 16:10:39.859  5436  5454 W PowerComponent: [LCD] Could not find data for requested iteration
07-10 16:10:39.859  5436  5454 W PowerComponent: [CPU] Could not find data for requested iteration
07-10 16:10:39.859  5436  5454 W PowerComponent: [Wifi] Could not find data for requested iteration
07-10 16:10:39.859  5436  5454 W PowerComponent: [3G] Could not find data for requested iteration
07-10 16:10:39.882  5436  5454 W PowerComponent: [GPS] Could not find data for requested iteration
07-10 16:10:39.902  5436  5454 W PowerComponent: [Audio] Could not find data for requested iteration
07-10 16:10:52.007  4382  4395 I PhoneLab-: Service Running
07-10 16:10:52.043  4382  4395 I PhoneLab-LoggerService: app_36    1027  1     1440   1068  c00f181c 400107b4 S logcat
07-10 16:10:52.043  4382  4395 I PhoneLab-LoggerService: Logcat pid from database 1027
07-10 16:10:52.043  4382  4395 I PhoneLab-LoggerService: Logcat process found 1027
07-10 16:10:52.043  4382  4395 I PhoneLab-LoggerService: Checking Threshold
07-10 16:10:52.043  4382  4395 I PhoneLab-: Service Running
07-10 16:10:52.070  4382  4395 I PhoneLab-LoggerService: app_36    1027  1     1440   1068  c00f181c 400107b4 S logcat
07-10 16:10:52.070  4382  4395 I PhoneLab-LoggerService: Logcat pid from database 1027
07-10 16:10:52.070  4382  4395 I PhoneLab-LoggerService: Logcat process found 1027
07-10 16:10:52.070  4382  4395 I PhoneLab-LoggerService: Checking Threshold
07-10 16:10:52.090  5436  5456 W PowerComponent: [CPU] Had to skip from iteration 4978 to 4985
07-10 16:10:52.090  5436  5459 W PowerComponent: [GPS] Had to skip from iteration 4978 to 4985
07-10 16:10:52.090  5436  5455 W PowerComponent: [LCD] Had to skip from iteration 4978 to 4985
07-10 16:10:52.093  5436  5460 W PowerComponent: [Audio] Had to skip from iteration 4978 to 4985
07-10 16:10:52.093  5436  5458 W PowerComponent: [3G] Had to skip from iteration 4978 to 4985
07-10 16:10:52.097  5436  5457 W PowerComponent: [Wifi] Had to skip from iteration 4978 to 4985
07-10 16:10:52.890  5436  5454 W PowerComponent: [LCD] Could not find data for requested iteration
07-10 16:10:52.898  5436  5454 W PowerComponent: [CPU] Could not find data for requested iteration
07-10 16:10:52.906  5436  5454 W PowerComponent: [Wifi] Could not find data for requested iteration
07-10 16:10:52.910  5436  5454 W PowerComponent: [3G] Could not find data for requested iteration
07-10 16:10:52.918  5436  5454 W PowerComponent: [GPS] Could not find data for requested iteration
07-10 16:10:52.922  5436  5454 W PowerComponent: [Audio] Could not find data for requested iteration
07-10 16:11:11.359  5436  5455 W PowerComponent: [LCD] Had to skip from iteration 4986 to 5004
07-10 16:11:11.367  5436  5459 W PowerComponent: [GPS] Had to skip from iteration 4986 to 5004
07-10 16:11:11.371  5436  5460 W PowerComponent: [Audio] Had to skip from iteration 4986 to 5004
07-10 16:11:11.386  5436  5458 W PowerComponent: [3G] Had to skip from iteration 4986 to 5004
07-10 16:11:11.429  5436  5456 W PowerComponent: [CPU] Had to skip from iteration 4986 to 5004
07-10 16:11:11.429  5436  5457 W PowerComponent: [Wifi] Had to skip from iteration 4986 to 5004
07-10 16:11:11.879  5436  5454 W PowerComponent: [LCD] Could not find data for requested iteration
07-10 16:11:11.882  5436  5454 W PowerComponent: [CPU] Could not find data for requested iteration
07-10 16:11:11.886  5436  5454 W PowerComponent: [Wifi] Could not find data for requested iteration
07-10 16:11:11.894  5436  5454 W PowerComponent: [3G] Could not find data for requested iteration
07-10 16:11:11.894  5436  5454 W PowerComponent: [GPS] Could not find data for requested iteration
07-10 16:11:11.898  5436  5454 W PowerComponent: [Audio] Could not find data for requested iteration
07-10 16:11:28.351  5436  5455 W PowerComponent: [LCD] Had to skip from iteration 5005 to 5021
07-10 16:11:28.355  5436  5459 W PowerComponent: [GPS] Had to skip from iteration 5005 to 5021
07-10 16:11:28.375  5436  5460 W PowerComponent: [Audio] Had to skip from iteration 5005 to 5021
07-10 16:11:28.390  5436  5458 W PowerComponent: [3G] Had to skip from iteration 5005 to 5021
07-10 16:11:28.402  5436  5456 W PowerComponent: [CPU] Had to skip from iteration 5005 to 5021
07-10 16:11:28.406  5436  5457 W PowerComponent: [Wifi] Had to skip from iteration 5005 to 5021
07-10 16:11:28.859  5436  5454 W PowerComponent: [LCD] Could not find data for requested iteration
07-10 16:11:28.859  5436  5454 W PowerComponent: [CPU] Could not find data for requested iteration
07-10 16:11:28.859  5436  5454 W PowerComponent: [Wifi] Could not find data for requested iteration
07-10 16:11:28.859  5436  5454 W PowerComponent: [3G] Could not find data for requested iteration
07-10 16:11:28.859  5436  5454 W PowerComponent: [GPS] Could not find data for requested iteration
07-10 16:11:28.859  5436  5454 W PowerComponent: [Audio] Could not find data for requested iteration
07-10 16:11:41.355  5436  5459 W PowerComponent: [GPS] Had to skip from iteration 5022 to 5034
07-10 16:11:41.355  5436  5455 W PowerComponent: [LCD] Had to skip from iteration 5022 to 5034
07-10 16:11:41.363  5436  5460 W PowerComponent: [Audio] Had to skip from iteration 5022 to 5034
07-10 16:11:41.382  5436  5458 W PowerComponent: [3G] Had to skip from iteration 5022 to 5034
07-10 16:11:41.402  5436  5456 W PowerComponent: [CPU] Had to skip from iteration 5022 to 5034
07-10 16:11:41.406  5436  5457 W PowerComponent: [Wifi] Had to skip from iteration 5022 to 5034
07-10 16:11:41.859  5436  5454 W PowerComponent: [LCD] Could not find data for requested iteration
07-10 16:11:41.882  5436  5454 W PowerComponent: [CPU] Could not find data for requested iteration
07-10 16:11:41.882  5436  5454 W PowerComponent: [Wifi] Could not find data for requested iteration
07-10 16:11:41.882  5436  5454 W PowerComponent: [3G] Could not find data for requested iteration
07-10 16:11:41.886  5436  5454 W PowerComponent: [GPS] Could not find data for requested iteration
07-10 16:11:41.886  5436  5454 W PowerComponent: [Audio] Could not find data for requested iteration
07-10 16:11:44.347  5436  5455 W PowerComponent: [LCD] Had to skip from iteration 5035 to 5037
07-10 16:11:44.363  5436  5459 W PowerComponent: [GPS] Had to skip from iteration 5035 to 5037
07-10 16:11:44.367  5436  5460 W PowerComponent: [Audio] Had to skip from iteration 5035 to 5037
07-10 16:11:44.379  5436  5458 W PowerComponent: [3G] Had to skip from iteration 5035 to 5037
07-10 16:11:44.394  5436  5457 W PowerComponent: [Wifi] Had to skip from iteration 5035 to 5037
07-10 16:11:44.410  5436  5456 W PowerComponent: [CPU] Had to skip from iteration 5035 to 5037
07-10 16:11:44.859  5436  5454 W PowerComponent: [LCD] Could not find data for requested iteration
07-10 16:11:44.859  5436  5454 W PowerComponent: [CPU] Could not find data for requested iteration
07-10 16:11:44.859  5436  5454 W PowerComponent: [Wifi] Could not find data for requested iteration
07-10 16:11:44.859  5436  5454 W PowerComponent: [3G] Could not find data for requested iteration
07-10 16:11:44.859  5436  5454 W PowerComponent: [GPS] Could not find data for requested iteration
07-10 16:11:44.859  5436  5454 W PowerComponent: [Audio] Could not find data for requested iteration
07-10 16:12:20.347  5436  5455 W PowerComponent: [LCD] Had to skip from iteration 5038 to 5073
07-10 16:12:20.359  5436  5459 W PowerComponent: [GPS] Had to skip from iteration 5038 to 5073
07-10 16:12:20.367  5436  5460 W PowerComponent: [Audio] Had to skip from iteration 5038 to 5073
07-10 16:12:20.382  5436  5458 W PowerComponent: [3G] Had to skip from iteration 5038 to 5073
07-10 16:12:20.425  5436  5456 W PowerComponent: [CPU] Had to skip from iteration 5038 to 5073
07-10 16:12:20.425  5436  5457 W PowerComponent: [Wifi] Had to skip from iteration 5038 to 5073
07-10 16:12:20.871  5436  5454 W PowerComponent: [LCD] Could not find data for requested iteration
07-10 16:12:20.871  5436  5454 W PowerComponent: [CPU] Could not find data for requested iteration
07-10 16:12:20.875  5436  5454 W PowerComponent: [Wifi] Could not find data for requested iteration
07-10 16:12:20.875  5436  5454 W PowerComponent: [3G] Could not find data for requested iteration
07-10 16:12:20.879  5436  5454 W PowerComponent: [GPS] Could not find data for requested iteration
07-10 16:12:20.886  5436  5454 W PowerComponent: [Audio] Could not find data for requested iteration
07-10 16:12:41.054  5436  5455 W PowerComponent: [LCD] Had to skip from iteration 5075 to 5094
07-10 16:12:41.054  5436  5459 W PowerComponent: [GPS] Had to skip from iteration 5075 to 5094
07-10 16:12:41.054  5436  5460 W PowerComponent: [Audio] Had to skip from iteration 5075 to 5094
07-10 16:12:41.062  5436  5458 W PowerComponent: [3G] Had to skip from iteration 5075 to 5094
07-10 16:12:41.086  5436  5456 W PowerComponent: [CPU] Had to skip from iteration 5075 to 5094
07-10 16:12:41.086  5436  5457 W PowerComponent: [Wifi] Had to skip from iteration 5075 to 5094
07-10 16:12:41.859  5436  5454 W PowerComponent: [LCD] Could not find data for requested iteration
07-10 16:12:41.871  5436  5454 W PowerComponent: [CPU] Could not find data for requested iteration
07-10 16:12:41.871  5436  5454 W PowerComponent: [Wifi] Could not find data for requested iteration
07-10 16:12:41.871  5436  5454 W PowerComponent: [3G] Could not find data for requested iteration
07-10 16:12:41.875  5436  5454 W PowerComponent: [GPS] Could not find data for requested iteration
07-10 16:12:41.875  5436  5454 W PowerComponent: [Audio] Could not find data for requested iteration
07-10 16:13:36.351  5436  5455 W PowerComponent: [LCD] Had to skip from iteration 5095 to 5149
07-10 16:13:36.351  5436  5459 W PowerComponent: [GPS] Had to skip from iteration 5095 to 5149
07-10 16:13:36.359  5436  5460 W PowerComponent: [Audio] Had to skip from iteration 5095 to 5149
07-10 16:13:36.382  5436  5458 W PowerComponent: [3G] Had to skip from iteration 5095 to 5149
07-10 16:13:36.421  5436  5457 W PowerComponent: [Wifi] Had to skip from iteration 5095 to 5149
07-10 16:13:36.421  5436  5456 W PowerComponent: [CPU] Had to skip from iteration 5095 to 5149
07-10 16:13:36.859  5436  5454 W PowerComponent: [LCD] Could not find data for requested iteration
07-10 16:13:36.859  5436  5454 W PowerComponent: [CPU] Could not find data for requested iteration
07-10 16:13:36.859  5436  5454 W PowerComponent: [Wifi] Could not find data for requested iteration
07-10 16:13:36.859  5436  5454 W PowerComponent: [3G] Could not find data for requested iteration
07-10 16:13:36.859  5436  5454 W PowerComponent: [GPS] Could not find data for requested iteration
07-10 16:13:36.859  5436  5454 W PowerComponent: [Audio] Could not find data for requested iteration
07-10 16:14:09.316  5436  5459 W PowerComponent: [GPS] Had to skip from iteration 5150 to 5182
07-10 16:14:09.328  5436  5455 W PowerComponent: [LCD] Had to skip from iteration 5150 to 5182
07-10 16:14:09.336  5436  5460 W PowerComponent: [Audio] Had to skip from iteration 5150 to 5182
07-10 16:14:09.343  5436  5458 W PowerComponent: [3G] Had to skip from iteration 5150 to 5182
07-10 16:14:09.394  5436  5457 W PowerComponent: [Wifi] Had to skip from iteration 5150 to 5182
07-10 16:14:09.394  5436  5456 W PowerComponent: [CPU] Had to skip from iteration 5150 to 5182
07-10 16:14:09.859  5436  5454 W PowerComponent: [LCD] Could not find data for requested iteration
07-10 16:14:09.879  5436  5454 W PowerComponent: [CPU] Could not find data for requested iteration
07-10 16:14:09.882  5436  5454 W PowerComponent: [Wifi] Could not find data for requested iteration
07-10 16:14:09.882  5436  5454 W PowerComponent: [3G] Could not find data for requested iteration
07-10 16:14:09.882  5436  5454 W PowerComponent: [GPS] Could not find data for requested iteration
07-10 16:14:09.886  5436  5454 W PowerComponent: [Audio] Could not find data for requested iteration
07-10 16:14:21.340  5436  5459 W PowerComponent: [GPS] Had to skip from iteration 5183 to 5194
07-10 16:14:21.347  5436  5455 W PowerComponent: [LCD] Had to skip from iteration 5183 to 5194
07-10 16:14:21.347  5436  5460 W PowerComponent: [Audio] Had to skip from iteration 5183 to 5194
07-10 16:14:21.363  5436  5458 W PowerComponent: [3G] Had to skip from iteration 5183 to 5194
07-10 16:14:21.410  5436  5457 W PowerComponent: [Wifi] Had to skip from iteration 5183 to 5194
07-10 16:14:21.410  5436  5456 W PowerComponent: [CPU] Had to skip from iteration 5183 to 5194
07-10 16:14:21.875  5436  5454 W PowerComponent: [LCD] Could not find data for requested iteration
07-10 16:14:21.879  5436  5454 W PowerComponent: [CPU] Could not find data for requested iteration
07-10 16:14:21.879  5436  5454 W PowerComponent: [Wifi] Could not find data for requested iteration
07-10 16:14:21.882  5436  5454 W PowerComponent: [3G] Could not find data for requested iteration
07-10 16:14:21.890  5436  5454 W PowerComponent: [GPS] Could not find data for requested iteration
07-10 16:14:21.890  5436  5454 W PowerComponent: [Audio] Could not find data for requested iteration
07-10 16:14:31.347  5436  5455 W PowerComponent: [LCD] Had to skip from iteration 5195 to 5204
07-10 16:14:31.351  5436  5459 W PowerComponent: [GPS] Had to skip from iteration 5195 to 5204
07-10 16:14:31.359  5436  5460 W PowerComponent: [Audio] Had to skip from iteration 5195 to 5204
07-10 16:14:31.367  5436  5458 W PowerComponent: [3G] Had to skip from iteration 5195 to 5204
07-10 16:14:31.375  5436  5457 W PowerComponent: [Wifi] Had to skip from iteration 5195 to 5204
07-10 16:14:31.406  5436  5456 W PowerComponent: [CPU] Had to skip from iteration 5195 to 5204
07-10 16:14:31.886  5436  5454 W PowerComponent: [LCD] Could not find data for requested iteration
07-10 16:14:31.886  5436  5454 W PowerComponent: [CPU] Could not find data for requested iteration
07-10 16:14:31.886  5436  5454 W PowerComponent: [Wifi] Could not find data for requested iteration
07-10 16:14:31.890  5436  5454 W PowerComponent: [3G] Could not find data for requested iteration
07-10 16:14:31.894  5436  5454 W PowerComponent: [GPS] Could not find data for requested iteration
07-10 16:14:31.894  5436  5454 W PowerComponent: [Audio] Could not find data for requested iteration
07-10 16:14:51.343  5436  5459 W PowerComponent: [GPS] Had to skip from iteration 5205 to 5224
07-10 16:14:51.351  5436  5455 W PowerComponent: [LCD] Had to skip from iteration 5205 to 5224
07-10 16:14:51.359  5436  5460 W PowerComponent: [Audio] Had to skip from iteration 5205 to 5224
07-10 16:14:51.375  5436  5458 W PowerComponent: [3G] Had to skip from iteration 5205 to 5224
07-10 16:14:51.418  5436  5457 W PowerComponent: [Wifi] Had to skip from iteration 5205 to 5224
07-10 16:14:51.429  5436  5456 W PowerComponent: [CPU] Had to skip from iteration 5205 to 5224
07-10 16:14:51.496   227   229 D dalvikvm: GC_CONCURRENT freed 467K, 43% free 10007K/17543K, paused 2ms+4ms
07-10 16:14:51.859  5436  5454 W PowerComponent: [LCD] Could not find data for requested iteration
07-10 16:14:51.859  5436  5454 W PowerComponent: [CPU] Could not find data for requested iteration
07-10 16:14:51.859  5436  5454 W PowerComponent: [Wifi] Could not find data for requested iteration
07-10 16:14:51.859  5436  5454 W PowerComponent: [3G] Could not find data for requested iteration
07-10 16:14:51.859  5436  5454 W PowerComponent: [GPS] Could not find data for requested iteration
07-10 16:14:51.859  5436  5454 W PowerComponent: [Audio] Could not find data for requested iteration
07-10 16:14:54.351  5436  5459 W PowerComponent: [GPS] Had to skip from iteration 5225 to 5227
07-10 16:14:54.359  5436  5455 W PowerComponent: [LCD] Had to skip from iteration 5225 to 5227
07-10 16:14:54.367  5436  5460 W PowerComponent: [Audio] Had to skip from iteration 5225 to 5227
07-10 16:14:54.390  5436  5458 W PowerComponent: [3G] Had to skip from iteration 5225 to 5227
07-10 16:14:54.398  5436  5457 W PowerComponent: [Wifi] Had to skip from iteration 5225 to 5227
07-10 16:14:54.418  5436  5456 W PowerComponent: [CPU] Had to skip from iteration 5225 to 5227
07-10 16:14:54.859  5436  5454 W PowerComponent: [LCD] Could not find data for requested iteration
07-10 16:14:54.890  5436  5454 W PowerComponent: [CPU] Could not find data for requested iteration
07-10 16:14:54.894  5436  5454 W PowerComponent: [Wifi] Could not find data for requested iteration
07-10 16:14:54.894  5436  5454 W PowerComponent: [3G] Could not find data for requested iteration
07-10 16:14:54.894  5436  5454 W PowerComponent: [GPS] Could not find data for requested iteration
07-10 16:14:54.898  5436  5454 W PowerComponent: [Audio] Could not find data for requested iteration
07-10 16:15:00.347  5436  5459 W PowerComponent: [GPS] Had to skip from iteration 5228 to 5233
07-10 16:15:00.347  5436  5455 W PowerComponent: [LCD] Had to skip from iteration 5228 to 5233
07-10 16:15:00.355  5436  5460 W PowerComponent: [Audio] Had to skip from iteration 5228 to 5233
07-10 16:15:00.359  5436  5457 W PowerComponent: [Wifi] Had to skip from iteration 5228 to 5233
07-10 16:15:00.363  5436  5458 W PowerComponent: [3G] Had to skip from iteration 5228 to 5233
07-10 16:15:00.382  5436  5456 W PowerComponent: [CPU] Had to skip from iteration 5228 to 5233
07-10 16:15:00.886  5436  5454 W PowerComponent: [LCD] Could not find data for requested iteration
07-10 16:15:00.886  5436  5454 W PowerComponent: [CPU] Could not find data for requested iteration
07-10 16:15:00.890  5436  5454 W PowerComponent: [Wifi] Could not find data for requested iteration
07-10 16:15:00.890  5436  5454 W PowerComponent: [3G] Could not find data for requested iteration
07-10 16:15:00.898  5436  5454 W PowerComponent: [GPS] Could not find data for requested iteration
07-10 16:15:00.898  5436  5454 W PowerComponent: [Audio] Could not find data for requested iteration
07-10 16:15:21.027  1102  1102 I wpa_supplicant: wlan0: CTRL-EVENT-DISCONNECTED bssid=00:1a:a2:dc:8c:11 reason=0
07-10 16:15:21.027    75   117 D CommandListener: Clearing all IP addresses on wlan0
07-10 16:15:21.043   157   213 D ConnectivityService: ConnectivityChange for WIFI: DISCONNECTED/DISCONNECTED
07-10 16:15:21.050   157   213 D ConnectivityService: Attempting to switch to mobile
07-10 16:15:21.050   157   213 D ConnectivityService: Attempting to switch to WIMAX
07-10 16:15:21.050   157   213 D ConnectivityService: Attempting to switch to BLUETOOTH_TETHER
07-10 16:15:21.054   157   213 E ConnectivityService: Exception trying to remove a route: java.lang.IllegalStateException: Unable to communicate with native dameon to add routes - com.android.server.NativeDaemonConnectorException: Cmd {interface route remove wlan0 default 67.20.205.254 32 0.0.0.0} failed with code 400 : {Failed to remove route from default table (No such process)}
07-10 16:15:21.058   157   213 D NetUtils: android_net_utils_resetConnections in env=0x218370 clazz=0xa5200001 iface=wlan0 mask=0x3
07-10 16:15:21.058   157   213 E ConnectivityService: Exception trying to remove a route: java.lang.IllegalStateException: Unable to communicate with native dameon to add routes - com.android.server.NativeDaemonConnectorException: Cmd {interface route remove wlan0 default 0.0.0.0 0 67.20.205.254} failed with code 400 : {Failed to remove route from default table (No such process)}
07-10 16:15:21.058   157   213 D ConnectivityService: resetConnections(wlan0, 3)
07-10 16:15:21.132   293  5637 W Smack/Packet: notify conn break (IOEx), close connection
07-10 16:15:21.297   293  5637 I qtaguid : Failed write_ctrl(u 74) res=-1 errno=22
07-10 16:15:21.297   293  5637 I qtaguid : Untagging socket 74 failed errno=-22
07-10 16:15:21.297   293  5637 W NetworkManagementSocketTagger: untagSocket(74) failed with errno -22
07-10 16:15:21.320   157   213 D ConnectivityService: handleInetConditionChange: no active default network - ignore
07-10 16:15:21.367  5436  5456 W PowerComponent: [CPU] Had to skip from iteration 5234 to 5254
07-10 16:15:21.371  5436  5459 W PowerComponent: [GPS] Had to skip from iteration 5234 to 5254
07-10 16:15:21.375  5436  5455 W PowerComponent: [LCD] Had to skip from iteration 5234 to 5254
07-10 16:15:21.375  5436  5460 W PowerComponent: [Audio] Had to skip from iteration 5234 to 5254
07-10 16:15:21.375  5436  5458 W PowerComponent: [3G] Had to skip from iteration 5234 to 5254
07-10 16:15:21.379  5436  5457 W PowerComponent: [Wifi] Had to skip from iteration 5234 to 5254
07-10 16:15:21.625  1102  1102 I wpa_supplicant: wlan0: Trying to associate with 00:22:be:93:01:11 (SSID='UB_Secure' freq=2437 MHz)
07-10 16:15:21.859  5436  5454 W PowerComponent: [LCD] Could not find data for requested iteration
07-10 16:15:21.871  5436  5454 W PowerComponent: [CPU] Could not find data for requested iteration
07-10 16:15:21.871  5436  5454 W PowerComponent: [Wifi] Could not find data for requested iteration
07-10 16:15:21.871  5436  5454 W PowerComponent: [3G] Could not find data for requested iteration
07-10 16:15:21.882  1102  1102 I wpa_supplicant: wlan0: Associated with 00:22:be:93:01:11
07-10 16:15:21.882  1102  1102 I wpa_supplicant: wlan0: CTRL-EVENT-EAP-STARTED EAP authentication started
07-10 16:15:21.886  1102  1102 I wpa_supplicant: wlan0: CTRL-EVENT-EAP-PROPOSED-METHOD vendor=0 method=4 -> NAK
07-10 16:15:21.886  5436  5454 W PowerComponent: [GPS] Could not find data for requested iteration
07-10 16:15:21.886  5436  5454 W PowerComponent: [Audio] Could not find data for requested iteration
07-10 16:15:21.890  1102  1102 I wpa_supplicant: wlan0: CTRL-EVENT-EAP-PROPOSED-METHOD vendor=0 method=25
07-10 16:15:21.890  1102  1102 I wpa_supplicant: wlan0: CTRL-EVENT-EAP-METHOD EAP vendor 0 method 25 (PEAP) selected
07-10 16:15:21.945  1102  1102 I wpa_supplicant: wlan0: CTRL-EVENT-EAP-PEER-CERT depth=2 subject='/C=US/O=Entrust.net/OU=www.entrust.net/CPS incorp. by ref. (limits liab.)/OU=(c) 1999 Entrust.net Limited/CN=Entrust.net Secure Server Certification Authority'
