07-10 16:15:21.945  1102  1102 I wpa_supplicant: wlan0: CTRL-EVENT-EAP-PEER-CERT depth=2 subject='/C=US/O=Entrust.net/OU=www.entrust.net/CPS incorp. by ref. (limits liab.)/OU=(c) 1999 Entrust.net Limited/CN=Entrust.net Secure Server Certification Authority'
07-10 16:15:21.949  1102  1102 I wpa_supplicant: wlan0: CTRL-EVENT-EAP-PEER-CERT depth=1 subject='/C=US/ST=UT/L=Salt Lake City/O=The USERTRUST Network/CN=USERTrust Legacy Secure Server CA'
07-10 16:15:21.953  1102  1102 I wpa_supplicant: wlan0: CTRL-EVENT-EAP-PEER-CERT depth=0 subject='/C=US/postalCode=14260/ST=New York/L=Buffalo/street=305 Computing Center/O=SUNY AT BUFFALO/OU=Office of the President/OU=Issued through UNIVERSITY AT BUFFALO E-PKI Manager/OU=PremiumSSL Legacy/CN=ubsecure.acsu.buffalo.edu'
07-10 16:15:22.101  1102  1102 I wpa_supplicant: EAP-MSCHAPV2: Authentication succeeded
07-10 16:15:22.105  1102  1102 I wpa_supplicant: EAP-TLV: TLV Result - Success - EAP-TLV/Phase2 Completed
07-10 16:15:22.109  1102  1102 I wpa_supplicant: wlan0: CTRL-EVENT-EAP-SUCCESS EAP authentication completed successfully
07-10 16:15:22.160  1102  1102 I wpa_supplicant: wlan0: WPA: Key negotiation completed with 00:22:be:93:01:11 [PTK=CCMP GTK=TKIP]
07-10 16:15:22.160  1102  1102 I wpa_supplicant: wlan0: CTRL-EVENT-CONNECTED - Connection to 00:22:be:93:01:11 completed (reauth) [id=0 id_str=]
07-10 16:15:22.246   157   159 D dalvikvm: GC_CONCURRENT freed 1354K, 15% free 14508K/17031K, paused 2ms+7ms
07-10 16:15:22.789   157   213 D ConnectivityService: ConnectivityChange for WIFI: CONNECTED/CONNECTED
07-10 16:15:22.820  4382  4382 I PhoneLab-WiFiReceiver: Wi-Fi is connected!
07-10 16:15:22.820  4382  4382 I PhoneLab-WiFiReceiver: SSID: UB_Secure BSSID: 00:22:be:93:01:11 RSSI: -200 LinkSpeed: -1
07-10 16:15:22.820  4382  4382 I PhoneLab-Locks: wake lock acquired
07-10 16:15:22.824  4382  4382 I PhoneLab-UploadLogs: Transfering log files now
07-10 16:15:22.824  4382  4382 I PhoneLab-UploadLogs: No log files to transfer
07-10 16:15:22.824  4382  4382 I PhoneLab-Locks: wake lock released
07-10 16:15:22.824  4382  4382 I PhoneLab-UploadLogs: OnStartCommand
07-10 16:15:22.840   157   208 W NetworkStats: dropping UID delta from unknown iface: iface=wlan0 uid=0 set=DEFAULT tag=0x0 rxBytes=0 rxPackets=0 txBytes=140 txPackets=2 operations=0
07-10 16:15:23.793   157   213 D ConnectivityService: NetTransition Wakelock for WifiStateMachine released by timeout
07-10 16:15:26.011   157   217 D Tethering: MasterInitialState.processMessage what=3
07-10 16:15:26.015  5436  5456 W PowerComponent: [CPU] Had to skip from iteration 5256 to 5259
07-10 16:15:26.035   293   293 I GTalkService/c: [AndroidEndpoint@1094729888] connect: acct=1000000, state=CONNECTING
07-10 16:15:26.039   293   293 I GTalkService/c: [GTalkConnection@1094353000] connect: acct=1, state=CONNECTING
07-10 16:15:26.043   293   293 I GTalkService/c: [GTalkConnection@1093818264] connect: acct=2, state=CONNECTING
07-10 16:15:26.070  5549  5549 I MediaUploader: No need to wake up
07-10 16:15:26.074  4382  4382 I PhoneLab-WiFiReceiver: Wi-Fi is disconnected!
07-10 16:15:26.082  5300  5548 D PicasaSyncManager: active network: NetworkInfo: type: WIFI[], state: CONNECTED/CONNECTED, reason: (unspecified), extra: (none), roaming: false, failover: false, isAvailable: true
07-10 16:15:26.082  5300  5548 D PicasaSyncManager: background data: true
07-10 16:15:26.453  5436  5459 W PowerComponent: [GPS] Had to skip from iteration 5257 to 5259
07-10 16:15:26.457  5436  5455 W PowerComponent: [LCD] Had to skip from iteration 5257 to 5259
07-10 16:15:26.461  5436  5460 W PowerComponent: [Audio] Had to skip from iteration 5257 to 5259
07-10 16:15:26.464  5436  5458 W PowerComponent: [3G] Had to skip from iteration 5257 to 5259
07-10 16:15:26.464  5436  5457 W PowerComponent: [Wifi] Had to skip from iteration 5257 to 5259
07-10 16:15:26.859  5436  5454 W PowerComponent: [LCD] Could not find data for requested iteration
07-10 16:15:26.859  5436  5454 W PowerComponent: [CPU] Could not find data for requested iteration
07-10 16:15:26.859  5436  5454 W PowerComponent: [Wifi] Could not find data for requested iteration
07-10 16:15:26.859  5436  5454 W PowerComponent: [3G] Could not find data for requested iteration
07-10 16:15:26.859  5436  5454 W PowerComponent: [GPS] Could not find data for requested iteration
07-10 16:15:26.859  5436  5454 W PowerComponent: [Audio] Could not find data for requested iteration
07-10 16:15:26.945  5436  5438 D dalvikvm: GC_CONCURRENT freed 749K, 9% free 11602K/12679K, paused 1ms+2ms
07-10 16:15:27.449   157   217 D Tethering: MasterInitialState.processMessage what=3
07-10 16:15:27.527  5300  5548 D PicasaSyncManager: active network: NetworkInfo: type: WIFI[], state: CONNECTED/CONNECTED, reason: (unspecified), extra: (none), roaming: false, failover: false, isAvailable: true
07-10 16:15:27.535  5549  5549 I MediaUploader: No need to wake up
07-10 16:15:27.543  5300  5548 D PicasaSyncManager: background data: true
07-10 16:15:27.851   157   213 D ConnectivityService: ConnectivityChange for mobile: CONNECTED/CONNECTED
07-10 16:15:27.890   157   213 D NetUtils: android_net_utils_resetConnections in env=0x218370 clazz=0xb9200001 iface=rmnet0 mask=0x3
07-10 16:15:27.890   157   213 D ConnectivityService: ConnectivityChange for mobile: DISCONNECTED/DISCONNECTED
07-10 16:15:27.890   157   213 D ConnectivityService: Attempting to switch to WIFI
07-10 16:15:27.890   157   213 D ConnectivityService: Attempting to switch to WIMAX
07-10 16:15:27.890   157   213 D ConnectivityService: Attempting to switch to BLUETOOTH_TETHER
07-10 16:15:27.890   157   213 D ConnectivityService: resetConnections(rmnet0, 3)
07-10 16:15:28.609   157   213 D ConnectivityService: handleInetConditionHoldEnd: net=1, condition=100, published condition=0
07-10 16:15:28.937   441   444 D dalvikvm: GC_CONCURRENT freed 485K, 7% free 9434K/10055K, paused 27ms+2ms
07-10 16:15:29.726   293   297 D dalvikvm: GC_CONCURRENT freed 545K, 8% free 11128K/12039K, paused 15ms+9ms
07-10 16:15:30.000   293   908 D dalvikvm: GC_EXPLICIT freed 121K, 9% free 11044K/12039K, paused 10ms+3ms
07-10 16:15:30.117   157   407 D dalvikvm: GC_EXPLICIT freed 926K, 16% free 14433K/17031K, paused 3ms+8ms
07-10 16:15:30.750  4732  4752 D dalvikvm: GC_FOR_ALLOC freed 160K, 9% free 10132K/11079K, paused 17ms
07-10 16:15:30.918   157   217 D Tethering: MasterInitialState.processMessage what=3
07-10 16:15:30.964   157   217 D Tethering: MasterInitialState.processMessage what=3
07-10 16:15:30.984  5300  5548 D PicasaSyncManager: active network: NetworkInfo: type: WIFI[], state: CONNECTED/CONNECTED, reason: (unspecified), extra: (none), roaming: false, failover: false, isAvailable: true
07-10 16:15:30.992   356   359 D dalvikvm: GC_CONCURRENT freed 446K, 6% free 9474K/10055K, paused 69ms+3ms
07-10 16:15:31.004  5300  5548 D PicasaSyncManager: background data: true
07-10 16:15:31.015  5549  5549 I MediaUploader: No need to wake up
07-10 16:15:31.043  5300  5548 D PicasaSyncManager: active network: NetworkInfo: type: WIFI[], state: CONNECTED/CONNECTED, reason: (unspecified), extra: (none), roaming: false, failover: false, isAvailable: true
07-10 16:15:31.050  5549  5549 I MediaUploader: No need to wake up
07-10 16:15:31.054  5300  5548 D PicasaSyncManager: background data: true
07-10 16:15:31.457   157   213 D ConnectivityService: handleInetConditionHoldEnd: net=1, condition=100, published condition=100
07-10 16:16:00.015  5436  5459 W PowerComponent: [GPS] Had to skip from iteration 5266 to 5293
07-10 16:16:00.015  5436  5455 W PowerComponent: [LCD] Had to skip from iteration 5266 to 5293
07-10 16:16:00.023  5436  5460 W PowerComponent: [Audio] Had to skip from iteration 5266 to 5293
07-10 16:16:00.023  5436  5458 W PowerComponent: [3G] Had to skip from iteration 5266 to 5293
07-10 16:16:00.039  5436  5457 W PowerComponent: [Wifi] Had to skip from iteration 5266 to 5293
07-10 16:16:00.050  5436  5456 W PowerComponent: [CPU] Had to skip from iteration 5266 to 5293
07-10 16:16:00.859  5436  5454 W PowerComponent: [LCD] Could not find data for requested iteration
07-10 16:16:00.859  5436  5454 W PowerComponent: [CPU] Could not find data for requested iteration
07-10 16:16:00.859  5436  5454 W PowerComponent: [Wifi] Could not find data for requested iteration
07-10 16:16:00.859  5436  5454 W PowerComponent: [3G] Could not find data for requested iteration
07-10 16:16:00.859  5436  5454 W PowerComponent: [GPS] Could not find data for requested iteration
07-10 16:16:00.859  5436  5454 W PowerComponent: [Audio] Could not find data for requested iteration
07-10 16:16:07.023   157   213 D ConnectivityService: ConnectivityChange for WIMAX: DISCONNECTED/SCANNING
07-10 16:16:07.027   157   213 D ConnectivityService: Attempting to switch to mobile
07-10 16:16:07.027   157   213 D ConnectivityService: Attempting to switch to WIFI
07-10 16:16:07.027   157   213 D ConnectivityService: Attempting to switch to BLUETOOTH_TETHER
07-10 16:16:07.258  5436  5459 W PowerComponent: [GPS] Had to skip from iteration 5294 to 5300
07-10 16:16:07.265  5436  5455 W PowerComponent: [LCD] Had to skip from iteration 5294 to 5300
07-10 16:16:07.281  5436  5460 W PowerComponent: [Audio] Had to skip from iteration 5294 to 5300
07-10 16:16:07.293  5436  5458 W PowerComponent: [3G] Had to skip from iteration 5294 to 5300
07-10 16:16:07.300  5436  5457 W PowerComponent: [Wifi] Had to skip from iteration 5294 to 5300
07-10 16:16:07.304  5436  5456 W PowerComponent: [CPU] Had to skip from iteration 5294 to 5300
07-10 16:16:07.871  5436  5454 W PowerComponent: [LCD] Could not find data for requested iteration
07-10 16:16:07.883  5436  5454 W PowerComponent: [CPU] Could not find data for requested iteration
07-10 16:16:07.883  5436  5454 W PowerComponent: [Wifi] Could not find data for requested iteration
07-10 16:16:07.883  5436  5454 W PowerComponent: [3G] Could not find data for requested iteration
07-10 16:16:07.883  5436  5454 W PowerComponent: [GPS] Could not find data for requested iteration
07-10 16:16:07.886  5436  5454 W PowerComponent: [Audio] Could not find data for requested iteration
07-10 16:16:10.039   157   217 D Tethering: MasterInitialState.processMessage what=3
07-10 16:16:10.093   157   217 D Tethering: MasterInitialState.processMessage what=3
07-10 16:16:10.125  5549  5549 I MediaUploader: No need to wake up
07-10 16:16:10.144  5300  5548 D PicasaSyncManager: active network: NetworkInfo: type: WIFI[], state: CONNECTED/CONNECTED, reason: (unspecified), extra: (none), roaming: false, failover: false, isAvailable: true
07-10 16:16:10.144  5300  5548 D PicasaSyncManager: background data: true
07-10 16:16:10.172  5549  5549 I MediaUploader: No need to wake up
07-10 16:16:10.175  5300  5548 D PicasaSyncManager: active network: NetworkInfo: type: WIFI[], state: CONNECTED/CONNECTED, reason: (unspecified), extra: (none), roaming: false, failover: false, isAvailable: true
07-10 16:16:10.179  5300  5548 D PicasaSyncManager: background data: true
07-10 16:16:10.597   157   213 D ConnectivityService: handleInetConditionHoldEnd: net=1, condition=100, published condition=100
07-10 16:16:15.953   157   213 D ConnectivityService: ConnectivityChange for mobile: CONNECTED/CONNECTED
07-10 16:16:15.980   157   213 D NetUtils: android_net_utils_resetConnections in env=0x218370 clazz=0xd2400001 iface=rmnet0 mask=0x3
07-10 16:16:15.980   157   213 D ConnectivityService: ConnectivityChange for mobile: DISCONNECTED/DISCONNECTED
07-10 16:16:15.980   157   213 D ConnectivityService: Attempting to switch to WIFI
07-10 16:16:15.980   157   213 D ConnectivityService: Attempting to switch to WIMAX
07-10 16:16:15.980   157   213 D ConnectivityService: Attempting to switch to BLUETOOTH_TETHER
07-10 16:16:15.980   157   213 D ConnectivityService: resetConnections(rmnet0, 3)
07-10 16:16:19.027  5436  5459 W PowerComponent: [GPS] Had to skip from iteration 5310 to 5312
07-10 16:16:19.027  5436  5455 W PowerComponent: [LCD] Had to skip from iteration 5310 to 5312
07-10 16:16:19.031  5436  5460 W PowerComponent: [Audio] Had to skip from iteration 5310 to 5312
07-10 16:16:19.035  5436  5458 W PowerComponent: [3G] Had to skip from iteration 5310 to 5312
07-10 16:16:19.035  5436  5457 W PowerComponent: [Wifi] Had to skip from iteration 5310 to 5312
07-10 16:16:19.058  5436  5456 W PowerComponent: [CPU] Had to skip from iteration 5310 to 5312
07-10 16:16:19.859  5436  5454 W PowerComponent: [LCD] Could not find data for requested iteration
07-10 16:16:19.859  5436  5454 W PowerComponent: [CPU] Could not find data for requested iteration
07-10 16:16:19.859  5436  5454 W PowerComponent: [Wifi] Could not find data for requested iteration
07-10 16:16:19.859  5436  5454 W PowerComponent: [3G] Could not find data for requested iteration
07-10 16:16:19.859  5436  5454 W PowerComponent: [GPS] Could not find data for requested iteration
07-10 16:16:19.859  5436  5454 W PowerComponent: [Audio] Could not find data for requested iteration
07-10 16:16:20.187   157   217 D Tethering: MasterInitialState.processMessage what=3
07-10 16:16:20.191   157   217 D Tethering: MasterInitialState.processMessage what=3
07-10 16:16:20.277  5549  5549 I MediaUploader: No need to wake up
07-10 16:16:20.340  5549  5549 I MediaUploader: No need to wake up
07-10 16:16:20.355   157   159 D dalvikvm: JIT code cache reset in 4 ms (1048560 bytes 7/0)
07-10 16:16:20.371   157   159 D dalvikvm: GC_CONCURRENT freed 1268K, 16% free 14474K/17031K, paused 3ms+12ms
07-10 16:16:20.371  5300  5548 D PicasaSyncManager: active network: NetworkInfo: type: WIFI[], state: CONNECTED/CONNECTED, reason: (unspecified), extra: (none), roaming: false, failover: false, isAvailable: true
07-10 16:16:20.394  5300  5548 D PicasaSyncManager: background data: true
07-10 16:16:20.726   157   213 D ConnectivityService: handleInetConditionHoldEnd: net=1, condition=100, published condition=100
07-10 16:16:27.007  5436  5455 W PowerComponent: [LCD] Had to skip from iteration 5314 to 5320
07-10 16:16:27.007  5436  5459 W PowerComponent: [GPS] Had to skip from iteration 5314 to 5320
07-10 16:16:27.015  5436  5460 W PowerComponent: [Audio] Had to skip from iteration 5314 to 5320
07-10 16:16:27.015  5436  5458 W PowerComponent: [3G] Had to skip from iteration 5314 to 5320
07-10 16:16:27.039  5436  5457 W PowerComponent: [Wifi] Had to skip from iteration 5314 to 5320
07-10 16:16:27.043  5436  5456 W PowerComponent: [CPU] Had to skip from iteration 5314 to 5320
07-10 16:16:27.859  5436  5454 W PowerComponent: [LCD] Could not find data for requested iteration
07-10 16:16:27.859  5436  5454 W PowerComponent: [CPU] Could not find data for requested iteration
07-10 16:16:27.859  5436  5454 W PowerComponent: [Wifi] Could not find data for requested iteration
07-10 16:16:27.859  5436  5454 W PowerComponent: [3G] Could not find data for requested iteration
07-10 16:16:27.859  5436  5454 W PowerComponent: [GPS] Could not find data for requested iteration
07-10 16:16:27.859  5436  5454 W PowerComponent: [Audio] Could not find data for requested iteration
07-10 16:16:49.011  4382  4382 I PhoneLab-Locks: wake lock acquired
07-10 16:16:49.015  4382  4382 I PhoneLab-StatusMonitor: Status Monitoring is started
07-10 16:16:49.074  4382  4384 D dalvikvm: GC_CONCURRENT freed 457K, 18% free 9243K/11207K, paused 2ms+3ms
07-10 16:16:49.097  4382  4382 I PhoneLab-StatusMonitor: Value: 10 - unit: min
07-10 16:16:49.097  4382  4382 I PhoneLab-StatusMonitor: Running interval: 600000
07-10 16:16:49.105  4382  4382 I PhoneLab-StatusMonitor: Rescheduling status monitoring...
07-10 16:16:49.109  4382  4382 I PhoneLab-Locks: wake lock released
07-10 16:16:49.113  4382  4382 I PhoneLab-StatusMonitorLocation: Learning Location
07-10 16:16:49.113  4382  4382 I PhoneLab-Locks: wake lock acquired
07-10 16:16:49.113  4382  4382 I PhoneLab-Locks: wake lock acquired
07-10 16:16:49.117  4382  4382 I PhoneLab-StatusMonitorLocation: Learning Signal Strgth
07-10 16:16:49.117  4382  4382 I PhoneLab-Locks: wake lock acquired
07-10 16:16:49.121   293   559 D androidNetworkLocationListeners: Still have listener com.google.android.location.internal.client.NetworkLocationClient$1@413175c0
07-10 16:16:49.129   293   559 D androidNetworkLocationListeners: Still have listener com.google.android.location.internal.client.NetworkLocationClient$1@413175c0
07-10 16:16:49.129  4382  4382 I PhoneLab-StatusMonitorBattery: Battery_level: 89
07-10 16:16:49.136  4382  4382 I PhoneLab-Locks: wake lock released
07-10 16:16:49.140  4382  4382 I PhoneLab-StatusMonitorSignal: Signal_Strength: -76 asu: 19
07-10 16:16:49.140  4382  4382 I PhoneLab-Locks: wake lock released
07-10 16:16:49.293  5436  5455 W PowerComponent: [LCD] Had to skip from iteration 5321 to 5342
07-10 16:16:49.293  5436  5459 W PowerComponent: [GPS] Had to skip from iteration 5321 to 5342
07-10 16:16:49.308  5436  5460 W PowerComponent: [Audio] Had to skip from iteration 5321 to 5342
07-10 16:16:49.320  5436  5458 W PowerComponent: [3G] Had to skip from iteration 5321 to 5342
07-10 16:16:49.347  5436  5457 W PowerComponent: [Wifi] Had to skip from iteration 5321 to 5342
07-10 16:16:49.351  5436  5456 W PowerComponent: [CPU] Had to skip from iteration 5321 to 5342
07-10 16:16:49.859  5436  5454 W PowerComponent: [LCD] Could not find data for requested iteration
07-10 16:16:49.867  5436  5454 W PowerComponent: [CPU] Could not find data for requested iteration
07-10 16:16:49.875  5436  5454 W PowerComponent: [Wifi] Could not find data for requested iteration
07-10 16:16:49.875  5436  5454 W PowerComponent: [3G] Could not find data for requested iteration
07-10 16:16:49.875  5436  5454 W PowerComponent: [GPS] Could not find data for requested iteration
07-10 16:16:49.875  5436  5454 W PowerComponent: [Audio] Could not find data for requested iteration
07-10 16:16:50.285   293   673 D WifiLocator: Too many cache  misses. Need server request. hasLocation=0 noLocation=0 cacheMiss=15
07-10 16:16:50.304   293   673 D NetworkLocator: New location significantly newer than previous. Reporting it.
07-10 16:16:50.351   293   564 I System.out: [INFO:92445369]: LogSource: Running flush
07-10 16:16:50.351   293   567 I System.out: [INFO:92445372]: LogSource: Sending payload [bytes=613]
07-10 16:16:50.363  4382  4382 I PhoneLab-StatusMonitorLocation: Location_Latitude: 43.0051829 Longitude: -78.7590659 Accuracy: 1905.0
07-10 16:16:50.363   293   559 D androidNetworkLocationListeners: Still have listener com.google.android.location.internal.client.NetworkLocationClient$1@413175c0
07-10 16:16:50.367  4382  4382 I PhoneLab-Locks: wake lock released
07-10 16:16:50.398   293   297 D dalvikvm: GC_CONCURRENT freed 577K, 8% free 11086K/12039K, paused 5ms+8ms
07-10 16:16:51.066   293   567 I System.out: [INFO:92446085]: LogSource: Response [http=200,length=446]
07-10 16:16:51.074   293   564 I System.out: [INFO:92446092]: LogSource: Read id 14, status code 200
07-10 16:16:51.121   293   673 D WifiLocator: Too many no-location APs. Will not compute a location nor go to the server. hasLocation=0 noLocation=0 cacheMiss=0
07-10 16:16:55.007  5436  5459 W PowerComponent: [GPS] Had to skip from iteration 5345 to 5348
07-10 16:16:55.007  5436  5455 W PowerComponent: [LCD] Had to skip from iteration 5345 to 5348
07-10 16:16:55.011  5436  5456 W PowerComponent: [CPU] Had to skip from iteration 5345 to 5348
07-10 16:16:55.015  5436  5460 W PowerComponent: [Audio] Had to skip from iteration 5345 to 5348
07-10 16:16:55.015  5436  5458 W PowerComponent: [3G] Had to skip from iteration 5345 to 5348
07-10 16:16:55.015  5436  5457 W PowerComponent: [Wifi] Had to skip from iteration 5345 to 5348
07-10 16:16:55.859  5436  5454 W PowerComponent: [LCD] Could not find data for requested iteration
07-10 16:16:55.859  5436  5454 W PowerComponent: [CPU] Could not find data for requested iteration
07-10 16:16:55.859  5436  5454 W PowerComponent: [Wifi] Could not find data for requested iteration
07-10 16:16:55.859  5436  5454 W PowerComponent: [3G] Could not find data for requested iteration
07-10 16:16:55.859  5436  5454 W PowerComponent: [GPS] Could not find data for requested iteration
07-10 16:16:55.859  5436  5454 W PowerComponent: [Audio] Could not find data for requested iteration
07-10 16:17:03.351  5436  5459 W PowerComponent: [GPS] Had to skip from iteration 5349 to 5356
07-10 16:17:03.351  5436  5455 W PowerComponent: [LCD] Had to skip from iteration 5349 to 5356
07-10 16:17:03.363  5436  5460 W PowerComponent: [Audio] Had to skip from iteration 5349 to 5356
07-10 16:17:03.375  5436  5458 W PowerComponent: [3G] Had to skip from iteration 5349 to 5356
07-10 16:17:03.425  5436  5457 W PowerComponent: [Wifi] Had to skip from iteration 5349 to 5356
07-10 16:17:03.425  5436  5456 W PowerComponent: [CPU] Had to skip from iteration 5349 to 5356
07-10 16:17:03.879  5436  5454 W PowerComponent: [LCD] Could not find data for requested iteration
07-10 16:17:03.879  5436  5454 W PowerComponent: [CPU] Could not find data for requested iteration
07-10 16:17:03.879  5436  5454 W PowerComponent: [Wifi] Could not find data for requested iteration
07-10 16:17:03.886  5436  5454 W PowerComponent: [3G] Could not find data for requested iteration
07-10 16:17:03.890  5436  5454 W PowerComponent: [GPS] Could not find data for requested iteration
07-10 16:17:03.890  5436  5454 W PowerComponent: [Audio] Could not find data for requested iteration
07-10 16:17:17.293  5436  5455 W PowerComponent: [LCD] Had to skip from iteration 5357 to 5370
07-10 16:17:17.296  5436  5459 W PowerComponent: [GPS] Had to skip from iteration 5357 to 5370
07-10 16:17:17.304  5436  5460 W PowerComponent: [Audio] Had to skip from iteration 5357 to 5370
07-10 16:17:17.312  5436  5458 W PowerComponent: [3G] Had to skip from iteration 5357 to 5370
07-10 16:17:17.355  5436  5456 W PowerComponent: [CPU] Had to skip from iteration 5357 to 5370
07-10 16:17:17.355  5436  5457 W PowerComponent: [Wifi] Had to skip from iteration 5357 to 5370
07-10 16:17:17.879  5436  5454 W PowerComponent: [LCD] Could not find data for requested iteration
07-10 16:17:17.886  5436  5454 W PowerComponent: [CPU] Could not find data for requested iteration
07-10 16:17:17.886  5436  5454 W PowerComponent: [Wifi] Could not find data for requested iteration
07-10 16:17:17.886  5436  5454 W PowerComponent: [3G] Could not find data for requested iteration
07-10 16:17:17.890  5436  5454 W PowerComponent: [GPS] Could not find data for requested iteration
07-10 16:17:17.894  5436  5454 W PowerComponent: [Audio] Could not find data for requested iteration
07-10 16:17:26.336  5436  5455 W PowerComponent: [LCD] Had to skip from iteration 5371 to 5379
07-10 16:17:26.336  5436  5459 W PowerComponent: [GPS] Had to skip from iteration 5371 to 5379
07-10 16:17:26.367  5436  5460 W PowerComponent: [Audio] Had to skip from iteration 5371 to 5379
07-10 16:17:26.371  5436  5458 W PowerComponent: [3G] Had to skip from iteration 5371 to 5379
07-10 16:17:26.375  5436  5457 W PowerComponent: [Wifi] Had to skip from iteration 5371 to 5379
07-10 16:17:26.386  5436  5456 W PowerComponent: [CPU] Had to skip from iteration 5371 to 5379
07-10 16:17:26.886  5436  5454 W PowerComponent: [LCD] Could not find data for requested iteration
07-10 16:17:26.886  5436  5454 W PowerComponent: [CPU] Could not find data for requested iteration
07-10 16:17:26.886  5436  5454 W PowerComponent: [Wifi] Could not find data for requested iteration
07-10 16:17:26.886  5436  5454 W PowerComponent: [3G] Could not find data for requested iteration
07-10 16:17:26.890  5436  5454 W PowerComponent: [GPS] Could not find data for requested iteration
07-10 16:17:26.890  5436  5454 W PowerComponent: [Audio] Could not find data for requested iteration
07-10 16:17:37.332  5436  5459 W PowerComponent: [GPS] Had to skip from iteration 5380 to 5390
07-10 16:17:37.332  5436  5455 W PowerComponent: [LCD] Had to skip from iteration 5380 to 5390
07-10 16:17:37.347  5436  5460 W PowerComponent: [Audio] Had to skip from iteration 5380 to 5390
07-10 16:17:37.355  5436  5458 W PowerComponent: [3G] Had to skip from iteration 5380 to 5390
07-10 16:17:37.406  5436  5456 W PowerComponent: [CPU] Had to skip from iteration 5380 to 5390
07-10 16:17:37.410  5436  5457 W PowerComponent: [Wifi] Had to skip from iteration 5380 to 5390
07-10 16:17:37.882  5436  5454 W PowerComponent: [LCD] Could not find data for requested iteration
07-10 16:17:37.882  5436  5454 W PowerComponent: [CPU] Could not find data for requested iteration
07-10 16:17:37.886  5436  5454 W PowerComponent: [Wifi] Could not find data for requested iteration
07-10 16:17:37.890  5436  5454 W PowerComponent: [3G] Could not find data for requested iteration
07-10 16:17:37.890  5436  5454 W PowerComponent: [GPS] Could not find data for requested iteration
07-10 16:17:37.894  5436  5454 W PowerComponent: [Audio] Could not find data for requested iteration
07-10 16:17:55.328  5436  5459 W PowerComponent: [GPS] Had to skip from iteration 5391 to 5408
07-10 16:17:55.332  5436  5455 W PowerComponent: [LCD] Had to skip from iteration 5391 to 5408
07-10 16:17:55.343  5436  5460 W PowerComponent: [Audio] Had to skip from iteration 5391 to 5408
07-10 16:17:55.359  5436  5458 W PowerComponent: [3G] Had to skip from iteration 5391 to 5408
07-10 16:17:55.410  5436  5457 W PowerComponent: [Wifi] Had to skip from iteration 5391 to 5408
07-10 16:17:55.410  5436  5456 W PowerComponent: [CPU] Had to skip from iteration 5391 to 5408
07-10 16:17:55.890  5436  5454 W PowerComponent: [LCD] Could not find data for requested iteration
07-10 16:17:55.890  5436  5454 W PowerComponent: [CPU] Could not find data for requested iteration
07-10 16:17:55.890  5436  5454 W PowerComponent: [Wifi] Could not find data for requested iteration
07-10 16:17:55.890  5436  5454 W PowerComponent: [3G] Could not find data for requested iteration
07-10 16:17:55.894  5436  5454 W PowerComponent: [GPS] Could not find data for requested iteration
07-10 16:17:55.898  5436  5454 W PowerComponent: [Audio] Could not find data for requested iteration
07-10 16:18:00.324  5436  5459 W PowerComponent: [GPS] Had to skip from iteration 5409 to 5413
07-10 16:18:00.324  5436  5455 W PowerComponent: [LCD] Had to skip from iteration 5409 to 5413
07-10 16:18:00.324  5436  5460 W PowerComponent: [Audio] Had to skip from iteration 5409 to 5413
07-10 16:18:00.328  5436  5458 W PowerComponent: [3G] Had to skip from iteration 5409 to 5413
07-10 16:18:00.340  5436  5457 W PowerComponent: [Wifi] Had to skip from iteration 5409 to 5413
07-10 16:18:00.367  5436  5456 W PowerComponent: [CPU] Had to skip from iteration 5409 to 5413
07-10 16:18:00.882  5436  5454 W PowerComponent: [LCD] Could not find data for requested iteration
07-10 16:18:00.886  5436  5454 W PowerComponent: [CPU] Could not find data for requested iteration
07-10 16:18:00.886  5436  5454 W PowerComponent: [Wifi] Could not find data for requested iteration
07-10 16:18:00.890  5436  5454 W PowerComponent: [3G] Could not find data for requested iteration
07-10 16:18:00.890  5436  5454 W PowerComponent: [GPS] Could not find data for requested iteration
07-10 16:18:00.894  5436  5454 W PowerComponent: [Audio] Could not find data for requested iteration
07-10 16:18:17.300  5436  5459 W PowerComponent: [GPS] Had to skip from iteration 5414 to 5430
07-10 16:18:17.304  5436  5455 W PowerComponent: [LCD] Had to skip from iteration 5414 to 5430
07-10 16:18:17.308  5436  5460 W PowerComponent: [Audio] Had to skip from iteration 5414 to 5430
07-10 16:18:17.324  5436  5458 W PowerComponent: [3G] Had to skip from iteration 5414 to 5430
07-10 16:18:17.379  5436  5456 W PowerComponent: [CPU] Had to skip from iteration 5414 to 5430
07-10 16:18:17.379  5436  5457 W PowerComponent: [Wifi] Had to skip from iteration 5414 to 5430
07-10 16:18:17.398  5436  5438 D dalvikvm: GC_CONCURRENT freed 740K, 9% free 11604K/12679K, paused 1ms+3ms
07-10 16:18:17.859  5436  5454 W PowerComponent: [LCD] Could not find data for requested iteration
07-10 16:18:17.859  5436  5454 W PowerComponent: [CPU] Could not find data for requested iteration
07-10 16:18:17.859  5436  5454 W PowerComponent: [Wifi] Could not find data for requested iteration
07-10 16:18:17.859  5436  5454 W PowerComponent: [3G] Could not find data for requested iteration
07-10 16:18:17.859  5436  5454 W PowerComponent: [GPS] Could not find data for requested iteration
07-10 16:18:17.859  5436  5454 W PowerComponent: [Audio] Could not find data for requested iteration
07-10 16:18:51.328  5436  5459 W PowerComponent: [GPS] Had to skip from iteration 5431 to 5464
07-10 16:18:51.336  5436  5455 W PowerComponent: [LCD] Had to skip from iteration 5431 to 5464
07-10 16:18:51.355  5436  5460 W PowerComponent: [Audio] Had to skip from iteration 5431 to 5464
07-10 16:18:51.359  5436  5458 W PowerComponent: [3G] Had to skip from iteration 5431 to 5464
07-10 16:18:51.394  5436  5456 W PowerComponent: [CPU] Had to skip from iteration 5431 to 5464
07-10 16:18:51.398  5436  5457 W PowerComponent: [Wifi] Had to skip from iteration 5431 to 5464
07-10 16:18:51.859  5436  5454 W PowerComponent: [LCD] Could not find data for requested iteration
07-10 16:18:51.879  5436  5454 W PowerComponent: [CPU] Could not find data for requested iteration
07-10 16:18:51.886  5436  5454 W PowerComponent: [Wifi] Could not find data for requested iteration
07-10 16:18:51.886  5436  5454 W PowerComponent: [3G] Could not find data for requested iteration
07-10 16:18:51.886  5436  5454 W PowerComponent: [GPS] Could not find data for requested iteration
07-10 16:18:51.890  5436  5454 W PowerComponent: [Audio] Could not find data for requested iteration
07-10 16:18:58.320  5436  5455 W PowerComponent: [LCD] Had to skip from iteration 5465 to 5471
07-10 16:18:58.320  5436  5459 W PowerComponent: [GPS] Had to skip from iteration 5465 to 5471
07-10 16:18:58.328  5436  5460 W PowerComponent: [Audio] Had to skip from iteration 5465 to 5471
07-10 16:18:58.339  5436  5458 W PowerComponent: [3G] Had to skip from iteration 5465 to 5471
07-10 16:18:58.351  5436  5457 W PowerComponent: [Wifi] Had to skip from iteration 5465 to 5471
07-10 16:18:58.390  5436  5456 W PowerComponent: [CPU] Had to skip from iteration 5465 to 5471
07-10 16:18:58.859  5436  5454 W PowerComponent: [LCD] Could not find data for requested iteration
07-10 16:18:58.859  5436  5454 W PowerComponent: [CPU] Could not find data for requested iteration
07-10 16:18:58.859  5436  5454 W PowerComponent: [Wifi] Could not find data for requested iteration
07-10 16:18:58.882  5436  5454 W PowerComponent: [3G] Could not find data for requested iteration
07-10 16:18:58.882  5436  5454 W PowerComponent: [GPS] Could not find data for requested iteration
07-10 16:18:58.882  5436  5454 W PowerComponent: [Audio] Could not find data for requested iteration
07-10 16:19:28.320  5436  5455 W PowerComponent: [LCD] Had to skip from iteration 5474 to 5501
07-10 16:19:28.332  5436  5459 W PowerComponent: [GPS] Had to skip from iteration 5474 to 5501
07-10 16:19:28.336  5436  5460 W PowerComponent: [Audio] Had to skip from iteration 5474 to 5501
07-10 16:19:28.347  5436  5458 W PowerComponent: [3G] Had to skip from iteration 5474 to 5501
07-10 16:19:28.406  5436  5456 W PowerComponent: [CPU] Had to skip from iteration 5474 to 5501
07-10 16:19:28.406  5436  5457 W PowerComponent: [Wifi] Had to skip from iteration 5474 to 5501
07-10 16:19:28.859  5436  5454 W PowerComponent: [LCD] Could not find data for requested iteration
07-10 16:19:28.859  5436  5454 W PowerComponent: [CPU] Could not find data for requested iteration
07-10 16:19:28.859  5436  5454 W PowerComponent: [Wifi] Could not find data for requested iteration
07-10 16:19:28.859  5436  5454 W PowerComponent: [3G] Could not find data for requested iteration
07-10 16:19:28.859  5436  5454 W PowerComponent: [GPS] Could not find data for requested iteration
07-10 16:19:28.859  5436  5454 W PowerComponent: [Audio] Could not find data for requested iteration
07-10 16:20:02.336  5436  5455 W PowerComponent: [LCD] Had to skip from iteration 5502 to 5535
07-10 16:20:02.336  5436  5459 W PowerComponent: [GPS] Had to skip from iteration 5502 to 5535
07-10 16:20:02.340  5436  5460 W PowerComponent: [Audio] Had to skip from iteration 5502 to 5535
07-10 16:20:02.343  5436  5458 W PowerComponent: [3G] Had to skip from iteration 5502 to 5535
07-10 16:20:02.379  5436  5457 W PowerComponent: [Wifi] Had to skip from iteration 5502 to 5535
07-10 16:20:02.390  5436  5456 W PowerComponent: [CPU] Had to skip from iteration 5502 to 5535
07-10 16:20:02.859  5436  5454 W PowerComponent: [LCD] Could not find data for requested iteration
07-10 16:20:02.859  5436  5454 W PowerComponent: [CPU] Could not find data for requested iteration
07-10 16:20:02.859  5436  5454 W PowerComponent: [Wifi] Could not find data for requested iteration
07-10 16:20:02.859  5436  5454 W PowerComponent: [3G] Could not find data for requested iteration
07-10 16:20:02.859  5436  5454 W PowerComponent: [GPS] Could not find data for requested iteration
07-10 16:20:02.879  5436  5454 W PowerComponent: [Audio] Could not find data for requested iteration
07-10 16:20:21.293  5436  5455 W PowerComponent: [LCD] Had to skip from iteration 5536 to 5554
07-10 16:20:21.293  5436  5459 W PowerComponent: [GPS] Had to skip from iteration 5536 to 5554
07-10 16:20:21.300  5436  5460 W PowerComponent: [Audio] Had to skip from iteration 5536 to 5554
07-10 16:20:21.312  5436  5458 W PowerComponent: [3G] Had to skip from iteration 5536 to 5554
07-10 16:20:21.355  5436  5456 W PowerComponent: [CPU] Had to skip from iteration 5536 to 5554
07-10 16:20:21.355  5436  5457 W PowerComponent: [Wifi] Had to skip from iteration 5536 to 5554
07-10 16:20:21.859  5436  5454 W PowerComponent: [LCD] Could not find data for requested iteration
07-10 16:20:21.859  5436  5454 W PowerComponent: [CPU] Could not find data for requested iteration
07-10 16:20:21.875  5436  5454 W PowerComponent: [Wifi] Could not find data for requested iteration
07-10 16:20:21.875  5436  5454 W PowerComponent: [3G] Could not find data for requested iteration
07-10 16:20:21.875  5436  5454 W PowerComponent: [GPS] Could not find data for requested iteration
07-10 16:20:21.875  5436  5454 W PowerComponent: [Audio] Could not find data for requested iteration
07-10 16:20:24.351  5436  5459 W PowerComponent: [GPS] Had to skip from iteration 5555 to 5557
07-10 16:20:24.351  5436  5455 W PowerComponent: [LCD] Had to skip from iteration 5555 to 5557
07-10 16:20:24.363  5436  5460 W PowerComponent: [Audio] Had to skip from iteration 5555 to 5557
07-10 16:20:24.382  5436  5458 W PowerComponent: [3G] Had to skip from iteration 5555 to 5557
07-10 16:20:24.390  5436  5457 W PowerComponent: [Wifi] Had to skip from iteration 5555 to 5557
07-10 16:20:24.410  5436  5456 W PowerComponent: [CPU] Had to skip from iteration 5555 to 5557
07-10 16:20:24.886  5436  5454 W PowerComponent: [LCD] Could not find data for requested iteration
07-10 16:20:24.886  5436  5454 W PowerComponent: [CPU] Could not find data for requested iteration
07-10 16:20:24.886  5436  5454 W PowerComponent: [Wifi] Could not find data for requested iteration
07-10 16:20:24.894  5436  5454 W PowerComponent: [3G] Could not find data for requested iteration
07-10 16:20:24.894  5436  5454 W PowerComponent: [GPS] Could not find data for requested iteration
07-10 16:20:24.894  5436  5454 W PowerComponent: [Audio] Could not find data for requested iteration
07-10 16:20:38.332  5436  5455 W PowerComponent: [LCD] Had to skip from iteration 5558 to 5571
07-10 16:20:38.332  5436  5459 W PowerComponent: [GPS] Had to skip from iteration 5558 to 5571
07-10 16:20:38.339  5436  5460 W PowerComponent: [Audio] Had to skip from iteration 5558 to 5571
07-10 16:20:38.355  5436  5458 W PowerComponent: [3G] Had to skip from iteration 5558 to 5571
07-10 16:20:38.394  5436  5457 W PowerComponent: [Wifi] Had to skip from iteration 5558 to 5571
07-10 16:20:38.394  5436  5456 W PowerComponent: [CPU] Had to skip from iteration 5558 to 5571
07-10 16:20:38.886  5436  5454 W PowerComponent: [LCD] Could not find data for requested iteration
07-10 16:20:38.886  5436  5454 W PowerComponent: [CPU] Could not find data for requested iteration
07-10 16:20:38.886  5436  5454 W PowerComponent: [Wifi] Could not find data for requested iteration
07-10 16:20:38.890  5436  5454 W PowerComponent: [3G] Could not find data for requested iteration
07-10 16:20:38.890  5436  5454 W PowerComponent: [GPS] Could not find data for requested iteration
07-10 16:20:38.894  5436  5454 W PowerComponent: [Audio] Could not find data for requested iteration
07-10 16:20:43.332  5436  5455 W PowerComponent: [LCD] Had to skip from iteration 5572 to 5576
07-10 16:20:43.332  5436  5459 W PowerComponent: [GPS] Had to skip from iteration 5572 to 5576
07-10 16:20:43.343  5436  5460 W PowerComponent: [Audio] Had to skip from iteration 5572 to 5576
07-10 16:20:43.367  5436  5458 W PowerComponent: [3G] Had to skip from iteration 5572 to 5576
07-10 16:20:43.371  5436  5457 W PowerComponent: [Wifi] Had to skip from iteration 5572 to 5576
07-10 16:20:43.382  5436  5456 W PowerComponent: [CPU] Had to skip from iteration 5572 to 5576
07-10 16:20:43.859  5436  5454 W PowerComponent: [LCD] Could not find data for requested iteration
07-10 16:20:43.859  5436  5454 W PowerComponent: [CPU] Could not find data for requested iteration
07-10 16:20:43.859  5436  5454 W PowerComponent: [Wifi] Could not find data for requested iteration
07-10 16:20:43.859  5436  5454 W PowerComponent: [3G] Could not find data for requested iteration
07-10 16:20:43.859  5436  5454 W PowerComponent: [GPS] Could not find data for requested iteration
07-10 16:20:43.859  5436  5454 W PowerComponent: [Audio] Could not find data for requested iteration
07-10 16:20:51.316  5436  5455 W PowerComponent: [LCD] Had to skip from iteration 5577 to 5584
07-10 16:20:51.324  5436  5459 W PowerComponent: [GPS] Had to skip from iteration 5577 to 5584
07-10 16:20:51.328  5436  5460 W PowerComponent: [Audio] Had to skip from iteration 5577 to 5584
07-10 16:20:51.355  5436  5458 W PowerComponent: [3G] Had to skip from iteration 5577 to 5584
07-10 16:20:51.402  5436  5457 W PowerComponent: [Wifi] Had to skip from iteration 5577 to 5584
07-10 16:20:51.402  5436  5456 W PowerComponent: [CPU] Had to skip from iteration 5577 to 5584
07-10 16:20:51.867  5436  5454 W PowerComponent: [LCD] Could not find data for requested iteration
07-10 16:20:51.867  5436  5454 W PowerComponent: [CPU] Could not find data for requested iteration
07-10 16:20:51.867  5436  5454 W PowerComponent: [Wifi] Could not find data for requested iteration
07-10 16:20:51.867  5436  5454 W PowerComponent: [3G] Could not find data for requested iteration
07-10 16:20:51.867  5436  5454 W PowerComponent: [GPS] Could not find data for requested iteration
07-10 16:20:51.886  5436  5454 W PowerComponent: [Audio] Could not find data for requested iteration
07-10 16:21:07.007  5436  5459 W PowerComponent: [GPS] Had to skip from iteration 5585 to 5600
07-10 16:21:07.007  5436  5455 W PowerComponent: [LCD] Had to skip from iteration 5585 to 5600
07-10 16:21:07.039  5436  5460 W PowerComponent: [Audio] Had to skip from iteration 5585 to 5600
07-10 16:21:07.039  5436  5458 W PowerComponent: [3G] Had to skip from iteration 5585 to 5600
07-10 16:21:07.043  5436  5457 W PowerComponent: [Wifi] Had to skip from iteration 5585 to 5600
07-10 16:21:07.062  5436  5456 W PowerComponent: [CPU] Had to skip from iteration 5585 to 5600
07-10 16:21:07.859  5436  5454 W PowerComponent: [LCD] Could not find data for requested iteration
07-10 16:21:07.859  5436  5454 W PowerComponent: [CPU] Could not find data for requested iteration
07-10 16:21:07.859  5436  5454 W PowerComponent: [Wifi] Could not find data for requested iteration
07-10 16:21:07.859  5436  5454 W PowerComponent: [3G] Could not find data for requested iteration
07-10 16:21:07.859  5436  5454 W PowerComponent: [GPS] Could not find data for requested iteration
07-10 16:21:07.859  5436  5454 W PowerComponent: [Audio] Could not find data for requested iteration
07-10 16:21:20.281  5436  5455 W PowerComponent: [LCD] Had to skip from iteration 5601 to 5613
07-10 16:21:20.285  5436  5459 W PowerComponent: [GPS] Had to skip from iteration 5601 to 5613
07-10 16:21:20.308  5436  5460 W PowerComponent: [Audio] Had to skip from iteration 5601 to 5613
07-10 16:21:20.320  5436  5458 W PowerComponent: [3G] Had to skip from iteration 5601 to 5613
07-10 16:21:20.359  5436  5456 W PowerComponent: [CPU] Had to skip from iteration 5601 to 5613
07-10 16:21:20.359  5436  5457 W PowerComponent: [Wifi] Had to skip from iteration 5601 to 5613
07-10 16:21:20.871  5436  5454 W PowerComponent: [LCD] Could not find data for requested iteration
07-10 16:21:20.871  5436  5454 W PowerComponent: [CPU] Could not find data for requested iteration
07-10 16:21:20.871  5436  5454 W PowerComponent: [Wifi] Could not find data for requested iteration
07-10 16:21:20.879  5436  5454 W PowerComponent: [3G] Could not find data for requested iteration
07-10 16:21:20.882  5436  5454 W PowerComponent: [GPS] Could not find data for requested iteration
07-10 16:21:20.882  5436  5454 W PowerComponent: [Audio] Could not find data for requested iteration
07-10 16:21:29.312  5436  5459 W PowerComponent: [GPS] Had to skip from iteration 5614 to 5622
07-10 16:21:29.316  5436  5455 W PowerComponent: [LCD] Had to skip from iteration 5614 to 5622
07-10 16:21:29.320  5436  5460 W PowerComponent: [Audio] Had to skip from iteration 5614 to 5622
07-10 16:21:29.332  5436  5458 W PowerComponent: [3G] Had to skip from iteration 5614 to 5622
07-10 16:21:29.340  5436  5457 W PowerComponent: [Wifi] Had to skip from iteration 5614 to 5622
07-10 16:21:29.367  5436  5456 W PowerComponent: [CPU] Had to skip from iteration 5614 to 5622
07-10 16:21:29.890  5436  5454 W PowerComponent: [LCD] Could not find data for requested iteration
07-10 16:21:29.890  5436  5454 W PowerComponent: [CPU] Could not find data for requested iteration
07-10 16:21:29.890  5436  5454 W PowerComponent: [Wifi] Could not find data for requested iteration
07-10 16:21:29.890  5436  5454 W PowerComponent: [3G] Could not find data for requested iteration
07-10 16:21:29.898  5436  5454 W PowerComponent: [GPS] Could not find data for requested iteration
07-10 16:21:29.898  5436  5454 W PowerComponent: [Audio] Could not find data for requested iteration
07-10 16:21:57.355  5436  5455 W PowerComponent: [LCD] Had to skip from iteration 5625 to 5650
07-10 16:21:57.355  5436  5459 W PowerComponent: [GPS] Had to skip from iteration 5625 to 5650
07-10 16:21:57.363  5436  5460 W PowerComponent: [Audio] Had to skip from iteration 5625 to 5650
07-10 16:21:57.371  5436  5458 W PowerComponent: [3G] Had to skip from iteration 5625 to 5650
07-10 16:21:57.422  5436  5457 W PowerComponent: [Wifi] Had to skip from iteration 5625 to 5650
07-10 16:21:57.422  5436  5456 W PowerComponent: [CPU] Had to skip from iteration 5625 to 5650
07-10 16:21:57.859  5436  5454 W PowerComponent: [LCD] Could not find data for requested iteration
07-10 16:21:57.859  5436  5454 W PowerComponent: [CPU] Could not find data for requested iteration
07-10 16:21:57.859  5436  5454 W PowerComponent: [Wifi] Could not find data for requested iteration
07-10 16:21:57.859  5436  5454 W PowerComponent: [3G] Could not find data for requested iteration
07-10 16:21:57.859  5436  5454 W PowerComponent: [GPS] Could not find data for requested iteration
07-10 16:21:57.859  5436  5454 W PowerComponent: [Audio] Could not find data for requested iteration
07-10 16:22:41.046  4382  4395 I PhoneLab-: Service Running
07-10 16:22:41.078  4382  4395 I PhoneLab-LoggerService: app_36    1027  1     1440   1072  c00f181c 400107b4 S logcat
07-10 16:22:41.078  4382  4395 I PhoneLab-LoggerService: Logcat pid from database 1027
07-10 16:22:41.078  4382  4395 I PhoneLab-LoggerService: Logcat process found 1027
07-10 16:22:41.078  4382  4395 I PhoneLab-LoggerService: Checking Threshold
07-10 16:22:41.078  4382  4395 I PhoneLab-LoggerService: Starting to rename files
07-10 16:22:41.078  4382  4395 I PhoneLab-LoggerService: Files found .. 2
07-10 16:22:41.078  4382  4395 I PhoneLab-LoggerService: File 1 log.out.1
07-10 16:22:41.089  4382  4395 I PhoneLab-LoggerService: Renamed successfully
07-10 16:22:41.089  4382  4395 I PhoneLab-: Service Running
07-10 16:22:41.136  4382  4384 D dalvikvm: GC_CONCURRENT freed 438K, 18% free 9214K/11207K, paused 2ms+5ms
07-10 16:22:41.156  4382  4395 I PhoneLab-LoggerService: app_36    1027  1     1440   1072  c00f181c 400107b4 S logcat
07-10 16:22:41.156  4382  4395 I PhoneLab-LoggerService: Logcat pid from database 1027
07-10 16:22:41.156  4382  4395 I PhoneLab-LoggerService: Logcat process found 1027
07-10 16:22:41.156  4382  4395 I PhoneLab-LoggerService: Checking Threshold
07-10 16:22:41.156  4382  4395 I PhoneLab-LoggerService: Starting to rename files
07-10 16:22:41.160  4382  4395 I PhoneLab-LoggerService: Files found .. 2
07-10 16:22:41.160  4382  4395 I PhoneLab-: Service Running
07-10 16:22:41.187  4382  4395 I PhoneLab-LoggerService: app_36    1027  1     1440   1072  c00f181c 400107b4 S logcat
07-10 16:22:41.191  4382  4395 I PhoneLab-LoggerService: Logcat pid from database 1027
07-10 16:22:41.191  4382  4395 I PhoneLab-LoggerService: Logcat process found 1027
07-10 16:22:41.191  4382  4395 I PhoneLab-LoggerService: Checking Threshold
07-10 16:22:41.191  4382  4395 I PhoneLab-LoggerService: Starting to rename files
07-10 16:22:41.191  4382  4395 I PhoneLab-LoggerService: Files found .. 2
07-10 16:22:41.191  4382  4395 I PhoneLab-: Service Running
07-10 16:22:41.218  4382  4395 I PhoneLab-LoggerService: app_36    1027  1     1440   1072  c00f181c 400107b4 S logcat
07-10 16:22:41.218  4382  4395 I PhoneLab-LoggerService: Logcat pid from database 1027
07-10 16:22:41.218  4382  4395 I PhoneLab-LoggerService: Logcat process found 1027
07-10 16:22:41.218  4382  4395 I PhoneLab-LoggerService: Checking Threshold
07-10 16:22:41.218  4382  4395 I PhoneLab-LoggerService: Starting to rename files
07-10 16:22:41.218  4382  4395 I PhoneLab-LoggerService: Files found .. 2
07-10 16:22:41.222  4382  4395 I PhoneLab-: Service Running
07-10 16:22:41.250  4382  4395 I PhoneLab-LoggerService: app_36    1027  1     1440   1072  c00f181c 400107b4 S logcat
07-10 16:22:41.250  4382  4395 I PhoneLab-LoggerService: Logcat pid from database 1027
07-10 16:22:41.250  4382  4395 I PhoneLab-LoggerService: Logcat process found 1027
07-10 16:22:41.250  4382  4395 I PhoneLab-LoggerService: Checking Threshold
07-10 16:22:41.250  4382  4395 I PhoneLab-LoggerService: Starting to rename files
07-10 16:22:41.250  4382  4395 I PhoneLab-LoggerService: Files found .. 2
07-10 16:22:41.250  4382  4395 I PhoneLab-: Service Running
07-10 16:22:41.277  4382  4395 I PhoneLab-LoggerService: app_36    1027  1     1440   1072  c00f181c 400107b4 S logcat
07-10 16:22:41.281  4382  4395 I PhoneLab-LoggerService: Logcat pid from database 1027
07-10 16:22:41.281  4382  4395 I PhoneLab-LoggerService: Logcat process found 1027
07-10 16:22:41.281  4382  4395 I PhoneLab-LoggerService: Checking Threshold
07-10 16:22:41.281  4382  4395 I PhoneLab-LoggerService: Starting to rename files
07-10 16:22:41.281  4382  4395 I PhoneLab-LoggerService: Files found .. 2
07-10 16:22:41.304  5436  5459 W PowerComponent: [GPS] Had to skip from iteration 5651 to 5694
07-10 16:22:41.304  5436  5456 W PowerComponent: [CPU] Had to skip from iteration 5651 to 5694
07-10 16:22:41.304  5436  5455 W PowerComponent: [LCD] Had to skip from iteration 5651 to 5694
07-10 16:22:41.308  5436  5460 W PowerComponent: [Audio] Had to skip from iteration 5651 to 5694
07-10 16:22:41.308  5436  5458 W PowerComponent: [3G] Had to skip from iteration 5651 to 5694
07-10 16:22:41.312  5436  5457 W PowerComponent: [Wifi] Had to skip from iteration 5651 to 5694
07-10 16:22:41.879  5436  5454 W PowerComponent: [LCD] Could not find data for requested iteration
07-10 16:22:41.879  5436  5454 W PowerComponent: [CPU] Could not find data for requested iteration
07-10 16:22:41.882  5436  5454 W PowerComponent: [Wifi] Could not find data for requested iteration
07-10 16:22:41.890  5436  5454 W PowerComponent: [3G] Could not find data for requested iteration
07-10 16:22:41.890  5436  5454 W PowerComponent: [GPS] Could not find data for requested iteration
07-10 16:22:41.894  5436  5454 W PowerComponent: [Audio] Could not find data for requested iteration
07-10 16:22:45.304  5436  5455 W PowerComponent: [LCD] Had to skip from iteration 5695 to 5698
07-10 16:22:45.304  5436  5459 W PowerComponent: [GPS] Had to skip from iteration 5695 to 5698
07-10 16:22:45.308  5436  5460 W PowerComponent: [Audio] Had to skip from iteration 5695 to 5698
07-10 16:22:45.320  5436  5458 W PowerComponent: [3G] Had to skip from iteration 5695 to 5698
07-10 16:22:45.332  5436  5457 W PowerComponent: [Wifi] Had to skip from iteration 5695 to 5698
07-10 16:22:45.359  5436  5456 W PowerComponent: [CPU] Had to skip from iteration 5695 to 5698
07-10 16:22:45.859  5436  5454 W PowerComponent: [LCD] Could not find data for requested iteration
07-10 16:22:45.859  5436  5454 W PowerComponent: [CPU] Could not find data for requested iteration
07-10 16:22:45.859  5436  5454 W PowerComponent: [Wifi] Could not find data for requested iteration
07-10 16:22:45.859  5436  5454 W PowerComponent: [3G] Could not find data for requested iteration
07-10 16:22:45.879  5436  5454 W PowerComponent: [GPS] Could not find data for requested iteration
07-10 16:22:45.879  5436  5454 W PowerComponent: [Audio] Could not find data for requested iteration
07-10 16:22:55.332  5436  5459 W PowerComponent: [GPS] Had to skip from iteration 5699 to 5708
