06-29 16:59:20.406  1563  1990 E DefaultVoicemailNotifier: No voicemails to notify about: clear the notification.
06-29 16:59:20.508   492   494 D dalvikvm: GC_CONCURRENT freed 278K, 8% free 9437K/10247K, paused 11ms+8ms
06-29 16:59:20.930    81   121 D AudioHardware: AudioHardware pcm playback is exiting standby.
06-29 16:59:20.930    81   121 D AudioHardware: openPcmOut_l() mPcmOpenCnt: 0
06-29 16:59:21.629   475   477 D dalvikvm: GC_CONCURRENT freed 319K, 7% free 9899K/10567K, paused 2ms+3ms
06-29 16:59:21.863   475   477 D dalvikvm: GC_CONCURRENT freed 383K, 7% free 9906K/10567K, paused 1ms+3ms
06-29 16:59:22.117   475   477 D dalvikvm: GC_CONCURRENT freed 354K, 6% free 9938K/10567K, paused 2ms+2ms
06-29 16:59:22.168   151   587 I ActivityManager: START {act=android.settings.SETTINGS flg=0x10200000 cmp=com.android.settings/.Settings} from pid 415
06-29 16:59:22.352   415   415 D OpenGLRenderer: Flushing caches (mode 0)
06-29 16:59:22.410   415   415 D OpenGLRenderer: Flushing caches (mode 1)
06-29 16:59:22.656   475   477 D dalvikvm: GC_CONCURRENT freed 328K, 6% free 10000K/10567K, paused 2ms+3ms
06-29 16:59:23.352   705   708 D dalvikvm: GC_CONCURRENT freed 467K, 6% free 11249K/11911K, paused 2ms+3ms
06-29 16:59:23.551   475   477 D dalvikvm: GC_CONCURRENT freed 712K, 8% free 9739K/10567K, paused 2ms+3ms
06-29 16:59:23.809   475   477 D dalvikvm: GC_CONCURRENT freed 242K, 7% free 9893K/10567K, paused 1ms+2ms
06-29 16:59:23.856   151   587 I ActivityManager: START {act=android.intent.action.MAIN cmp=com.android.settings/.SubSettings (has extras)} from pid 1598
06-29 16:59:24.137   151   193 I ActivityManager: Displayed com.android.settings/.SubSettings: +256ms
06-29 16:59:24.153  1598  1598 D OpenGLRenderer: Flushing caches (mode 0)
06-29 16:59:24.238   475   477 D dalvikvm: GC_CONCURRENT freed 350K, 6% free 9936K/10567K, paused 6ms+4ms
06-29 16:59:24.500   475   477 D dalvikvm: GC_CONCURRENT freed 374K, 6% free 9955K/10567K, paused 1ms+3ms
06-29 16:59:24.727   475  1781 D dalvikvm: GC_FOR_ALLOC freed 303K, 6% free 10000K/10567K, paused 19ms
06-29 16:59:25.457   705   708 D dalvikvm: GC_CONCURRENT freed 843K, 8% free 11100K/12039K, paused 2ms+3ms
06-29 16:59:25.617   475   477 D dalvikvm: GC_CONCURRENT freed 781K, 9% free 9662K/10567K, paused 2ms+3ms
06-29 16:59:25.781   475   477 D dalvikvm: GC_CONCURRENT freed 184K, 7% free 9870K/10567K, paused 2ms+3ms
06-29 16:59:26.028   475   477 D dalvikvm: GC_CONCURRENT freed 339K, 7% free 9922K/10567K, paused 2ms+3ms
06-29 16:59:26.227   475   477 D dalvikvm: GC_CONCURRENT freed 370K, 6% free 9940K/10567K, paused 2ms+3ms
06-29 16:59:26.434   475   477 D dalvikvm: GC_CONCURRENT freed 350K, 6% free 9979K/10567K, paused 2ms+2ms
06-29 16:59:26.684   151   566 I ActivityManager: START {act=android.intent.action.MAIN cmp=com.android.settings/.SubSettings (has extras)} from pid 1598
06-29 16:59:26.750   475   477 D dalvikvm: GC_CONCURRENT freed 328K, 6% free 10038K/10567K, paused 2ms+3ms
06-29 16:59:26.828  1598  1598 D dalvikvm: GC_FOR_ALLOC freed 337K, 5% free 9997K/10439K, paused 21ms
06-29 16:59:27.137   151   153 D dalvikvm: GC_CONCURRENT freed 817K, 19% free 12835K/15687K, paused 3ms+12ms
06-29 16:59:27.211   151   165 I Process : Sending signal. PID: 1598 SIG: 3
06-29 16:59:27.211  1598  1602 I dalvikvm: threadid=3: reacting to signal 3
06-29 16:59:27.235  1598  1602 I dalvikvm: Wrote stack traces to '/data/anr/traces.txt'
06-29 16:59:27.305  1598  1600 D dalvikvm: GC_CONCURRENT freed 282K, 5% free 10154K/10631K, paused 2ms+7ms
06-29 16:59:27.352   151   193 I ActivityManager: Displayed com.android.settings/.SubSettings: +642ms
06-29 16:59:27.383  1598  1598 D OpenGLRenderer: Flushing caches (mode 0)
06-29 16:59:28.016   705   708 D dalvikvm: GC_CONCURRENT freed 526K, 8% free 11151K/12039K, paused 2ms+4ms
06-29 16:59:28.133   475   477 D dalvikvm: GC_CONCURRENT freed 708K, 8% free 9752K/10567K, paused 2ms+2ms
06-29 16:59:28.414   475   477 D dalvikvm: GC_CONCURRENT freed 244K, 7% free 9894K/10567K, paused 7ms+2ms
06-29 16:59:28.692   151   380 D dalvikvm: GC_EXPLICIT freed 108K, 19% free 12801K/15687K, paused 3ms+5ms
06-29 16:59:28.742   475   477 D dalvikvm: GC_CONCURRENT freed 351K, 6% free 9936K/10567K, paused 1ms+3ms
06-29 16:59:28.965   475   477 D dalvikvm: GC_CONCURRENT freed 371K, 6% free 9960K/10567K, paused 2ms+4ms
06-29 16:59:29.231   475  1924 D dalvikvm: GC_FOR_ALLOC freed 286K, 6% free 9991K/10567K, paused 26ms
06-29 16:59:29.758    81   121 D AudioHardware: AudioHardware pcm playback is going to standby.
06-29 16:59:29.758    81   121 D AudioHardware: closePcmOut_l() mPcmOpenCnt: 1
06-29 16:59:31.965   475   477 D dalvikvm: GC_CONCURRENT freed 782K, 9% free 9682K/10567K, paused 2ms+2ms
06-29 16:59:32.176   475   477 D dalvikvm: GC_CONCURRENT freed 225K, 7% free 9849K/10567K, paused 1ms+2ms
06-29 16:59:32.399   475   477 D dalvikvm: GC_CONCURRENT freed 327K, 7% free 9915K/10567K, paused 5ms+4ms
06-29 16:59:32.625   475   477 D dalvikvm: GC_CONCURRENT freed 369K, 6% free 9939K/10567K, paused 2ms+3ms
06-29 16:59:32.906   475   477 D dalvikvm: GC_CONCURRENT freed 336K, 6% free 9999K/10567K, paused 2ms+5ms
06-29 16:59:33.738   705   708 D dalvikvm: GC_CONCURRENT freed 735K, 9% free 11024K/12039K, paused 3ms+3ms
06-29 16:59:33.922   475   477 D dalvikvm: GC_CONCURRENT freed 772K, 9% free 9704K/10567K, paused 3ms+4ms
06-29 16:59:34.117   475   477 D dalvikvm: GC_CONCURRENT freed 224K, 7% free 9867K/10567K, paused 2ms+2ms
06-29 16:59:34.324   475   477 D dalvikvm: GC_CONCURRENT freed 341K, 7% free 9924K/10567K, paused 2ms+2ms
06-29 16:59:34.539   475   477 D dalvikvm: GC_CONCURRENT freed 361K, 6% free 9953K/10567K, paused 2ms+3ms
06-29 16:59:34.824   475   477 D dalvikvm: GC_CONCURRENT freed 338K, 6% free 9999K/10567K, paused 2ms+4ms
06-29 16:59:35.719   705   708 D dalvikvm: GC_CONCURRENT freed 527K, 8% free 11086K/12039K, paused 7ms+3ms
06-29 16:59:35.871   475   477 D dalvikvm: GC_CONCURRENT freed 777K, 8% free 9732K/10567K, paused 2ms+5ms
06-29 16:59:36.078   475   477 D dalvikvm: GC_CONCURRENT freed 257K, 7% free 9866K/10567K, paused 5ms+3ms
06-29 16:59:36.254   475  1927 D dalvikvm: GC_EXPLICIT freed 285K, 7% free 9895K/10567K, paused 3ms+4ms
06-29 16:59:36.473   475   477 D dalvikvm: GC_CONCURRENT freed 352K, 6% free 9935K/10567K, paused 2ms+3ms
06-29 16:59:36.781   475   477 D dalvikvm: GC_CONCURRENT freed 335K, 6% free 9990K/10567K, paused 2ms+3ms
06-29 16:59:39.356   705   708 D dalvikvm: GC_CONCURRENT freed 580K, 9% free 11069K/12039K, paused 6ms+3ms
06-29 16:59:39.461   475   477 D dalvikvm: GC_CONCURRENT freed 731K, 8% free 9731K/10567K, paused 2ms+2ms
06-29 16:59:39.664   475   477 D dalvikvm: GC_CONCURRENT freed 228K, 7% free 9893K/10567K, paused 4ms+6ms
06-29 16:59:39.875   475   477 D dalvikvm: GC_CONCURRENT freed 349K, 7% free 9932K/10567K, paused 2ms+3ms
06-29 16:59:40.149   151   588 D dalvikvm: GC_EXPLICIT freed 220K, 19% free 12795K/15687K, paused 3ms+5ms
06-29 16:59:40.199   475   477 D dalvikvm: GC_CONCURRENT freed 362K, 6% free 9964K/10567K, paused 2ms+2ms
06-29 16:59:40.496   151   151 D SyncManager: setSyncAutomatically: , provider com.android.contacts -> false
06-29 16:59:40.508    81   121 D AudioHardware: AudioHardware pcm playback is exiting standby.
06-29 16:59:40.508    81   121 D AudioHardware: openPcmOut_l() mPcmOpenCnt: 0
06-29 16:59:40.551  1563  1578 D AccountTypeManager: Registering 1 extension packages
06-29 16:59:40.559  1563  1578 I AccountTypeManager: Loaded meta-data for 2 account types, 2 accounts in 12ms(wall) 4ms(cpu)
06-29 16:59:40.766   475   477 D dalvikvm: GC_CONCURRENT freed 344K, 6% free 10005K/10567K, paused 56ms+4ms
06-29 16:59:40.969  1598  1600 D dalvikvm: GC_CONCURRENT freed 379K, 5% free 10206K/10695K, paused 6ms+4ms
06-29 16:59:41.156   974  2015 D PicasaSyncService: start to perform sync on anandatirtha@gmail.com
06-29 16:59:41.176   974   988 V PicasaContentProvider: querySettings: defaults: {sync_on_wifi_only=1, auto_upload_account_type=null, sync_on_battery=1, sync_picasa_on_wifi_only=1, auto_upload_enabled=0, video_upload_wifi_only=1, sync_on_roaming=0, auto_upload_account_name=null}
06-29 16:59:41.184   974   988 D PicasaSyncManager: reject MetadataSyncTask (ubphlab@gmail.com) for wifi connection
06-29 16:59:41.184   974   988 V PicasaContentProvider: querySettings: defaults: {sync_on_wifi_only=1, auto_upload_account_type=null, sync_on_battery=1, sync_picasa_on_wifi_only=1, auto_upload_enabled=0, video_upload_wifi_only=1, sync_on_roaming=0, auto_upload_account_name=null}
06-29 16:59:41.184   974   988 D PicasaSyncManager: reject MetadataSyncTask (anandatirtha@gmail.com) for wifi connection
06-29 16:59:41.203   974  2015 D PicasaSyncService: sync finished - false
06-29 16:59:41.449   974   988 V PicasaContentProvider: querySettings: defaults: {sync_on_wifi_only=1, auto_upload_account_type=null, sync_on_battery=1, sync_picasa_on_wifi_only=1, auto_upload_enabled=0, video_upload_wifi_only=1, sync_on_roaming=0, auto_upload_account_name=null}
06-29 16:59:41.449   974   988 D PicasaSyncManager: reject MetadataSyncTask (ubphlab@gmail.com) for wifi connection
06-29 16:59:41.457   974   988 V PicasaContentProvider: querySettings: defaults: {sync_on_wifi_only=1, auto_upload_account_type=null, sync_on_battery=1, sync_picasa_on_wifi_only=1, auto_upload_enabled=0, video_upload_wifi_only=1, sync_on_roaming=0, auto_upload_account_name=null}
06-29 16:59:41.457   974   988 D PicasaSyncManager: reject MetadataSyncTask (anandatirtha@gmail.com) for wifi connection
06-29 16:59:41.528  1598  1600 D dalvikvm: GC_CONCURRENT freed 451K, 6% free 10216K/10759K, paused 5ms+4ms
06-29 16:59:41.590  1618  1618 D OpenGLRenderer: Flushing caches (mode 1)
06-29 16:59:41.711   151   163 D SyncManager: setSyncAutomatically: , provider com.android.contacts -> true
06-29 16:59:41.856  1563  1578 D AccountTypeManager: Registering 1 extension packages
06-29 16:59:41.891  1563  1578 I AccountTypeManager: Loaded meta-data for 2 account types, 2 accounts in 131ms(wall) 4ms(cpu)
06-29 16:59:41.961  1598  1600 D dalvikvm: GC_CONCURRENT freed 435K, 6% free 10195K/10823K, paused 2ms+3ms
06-29 16:59:42.008  1563  1565 D dalvikvm: GC_CONCURRENT freed 682K, 7% free 11750K/12551K, paused 60ms+8ms
06-29 16:59:42.051  1618  1618 D OpenGLRenderer: Flushing caches (mode 1)
06-29 16:59:42.774   705  1851 D ContactsSyncAdapter: FAILURE: processed 900 records in 99086 ms from feed http://www.google.com/m8/feeds/contacts/anandatirtha@gmail.com/base2_property-android_linksto-gprofiles, updated time is null
06-29 16:59:42.778   705  1856 D ContactsSyncAdapter: EntityReader thread ended: mForcedClosed is true
06-29 16:59:44.051   151   588 D SyncManager: setSyncAutomatically: , provider com.google.android.gallery3d.GooglePhotoProvider -> false
06-29 16:59:44.211  1563  1578 D AccountTypeManager: Registering 1 extension packages
06-29 16:59:44.262   151   153 D dalvikvm: GC_CONCURRENT freed 786K, 18% free 12896K/15687K, paused 25ms+7ms
06-29 16:59:44.305  1563  1578 I AccountTypeManager: Loaded meta-data for 2 account types, 2 accounts in 125ms(wall) 4ms(cpu)
06-29 16:59:45.684   151   163 D SyncManager: setSyncAutomatically: , provider com.google.android.gallery3d.GooglePhotoProvider -> true
06-29 16:59:45.848  1563  1578 D AccountTypeManager: Registering 1 extension packages
06-29 16:59:45.852  1563  1578 I AccountTypeManager: Loaded meta-data for 2 account types, 2 accounts in 35ms(wall) 4ms(cpu)
06-29 16:59:45.910  1598  1600 D dalvikvm: GC_CONCURRENT freed 380K, 6% free 10235K/10823K, paused 2ms+5ms
06-29 16:59:46.981   705  1855 V ContactsSyncAdapter: GDataFeedFetcher thread ended: mForcedClosed is true
06-29 16:59:48.781    81   121 D AudioHardware: AudioHardware pcm playback is going to standby.
06-29 16:59:48.781    81   121 D AudioHardware: closePcmOut_l() mPcmOpenCnt: 1
06-29 16:59:49.281    81   121 D AudioHardware: AudioHardware pcm playback is exiting standby.
06-29 16:59:49.281    81   121 D AudioHardware: openPcmOut_l() mPcmOpenCnt: 0
06-29 16:59:51.367   151   504 W InputManagerService: Window already focused, ignoring focus gain of: com.android.internal.view.IInputMethodClient$Stub$Proxy@41560e08
06-29 16:59:52.375    81   121 D AudioHardware: AudioHardware pcm playback is going to standby.
06-29 16:59:52.375    81   121 D AudioHardware: closePcmOut_l() mPcmOpenCnt: 1
06-29 16:59:54.664  1598  1598 D OpenGLRenderer: Flushing caches (mode 0)
06-29 16:59:55.660  1598  1598 D OpenGLRenderer: Flushing caches (mode 0)
06-29 16:59:55.977  1598  1598 D dalvikvm: GC_EXPLICIT freed 279K, 6% free 10192K/10823K, paused 8ms+3ms
06-29 16:59:56.238   541  1117 I PhoneLab-: Service Running
06-29 16:59:56.336   541  1117 I PhoneLab-LoggerService: app_36    1120  541   1680   1308  c00f181c 400107b4 S logcat
06-29 16:59:56.336   541  1117 I PhoneLab-LoggerService: Logcat pid from database 1120
06-29 16:59:56.336   541  1117 I PhoneLab-LoggerService: Logcat process found 1120
06-29 16:59:56.336   541  1117 I PhoneLab-LoggerService: Checking Threshold
06-29 16:59:56.356   541   544 D dalvikvm: GC_CONCURRENT freed 405K, 15% free 9154K/10695K, paused 3ms+2ms
06-29 16:59:58.321   705  2018 D dalvikvm: GC_FOR_ALLOC freed 930K, 12% free 10661K/12039K, paused 99ms
06-29 16:59:59.516   151   380 W InputManagerService: Starting input on non-focused client com.android.internal.view.IInputMethodClient$Stub$Proxy@416a6838 (uid=1000 pid=1598)
06-29 16:59:59.571  1598  1598 D OpenGLRenderer: Flushing caches (mode 0)
06-29 16:59:59.610   151   153 D dalvikvm: GC_CONCURRENT freed 983K, 19% free 12816K/15687K, paused 10ms+5ms
06-29 17:00:00.098  1598  1598 D OpenGLRenderer: Flushing caches (mode 1)
06-29 17:00:03.238   492   494 D dalvikvm: GC_CONCURRENT freed 386K, 8% free 9440K/10247K, paused 38ms+2ms
06-29 17:00:07.438  1618  1618 D OpenGLRenderer: Flushing caches (mode 1)
06-29 17:00:09.778   762   764 D dalvikvm: GC_CONCURRENT freed 301K, 5% free 9305K/9735K, paused 3ms+5ms
06-29 17:00:09.887   475   477 D dalvikvm: GC_CONCURRENT freed 835K, 10% free 9602K/10567K, paused 2ms+3ms
06-29 17:00:10.492  1618  1618 D OpenGLRenderer: Flushing caches (mode 1)
06-29 17:00:12.942   705  2058 D ContactsSyncAdapter: resuming download from index 900, id http://www.google.com/m8/feeds/contacts/anandatirtha%40gmail.com/base/97
06-29 17:00:18.461   151   190 I power   : *** set_screen_state 0
06-29 17:00:18.528    78   117 D SurfaceFlinger: About to give-up screen, flinger = 0x128e918
06-29 17:00:18.672   403  1259 D NfcService: NFC-C OFF, disconnect
06-29 17:00:18.692   151   153 D dalvikvm: GC_CONCURRENT freed 412K, 16% free 13298K/15687K, paused 7ms+7ms
06-29 17:00:18.723   151   194 V TransportControlView: Create TCV com.android.internal.widget.TransportControlView@414372b8
06-29 17:00:18.766   297   297 D PhoneStatusBar: disable: < expand icons alerts ticker system_info back home RECENT* clock >
06-29 17:00:18.785    81   121 D AudioHardware: AudioHardware pcm playback is exiting standby.
06-29 17:00:18.785    81   121 D AudioHardware: openPcmOut_l() mPcmOpenCnt: 0
06-29 17:00:18.797  1618  1618 D OpenGLRenderer: Flushing caches (mode 1)
06-29 17:00:18.821   297   297 D PhoneStatusBar: disable: < expand icons alerts ticker system_info BACK* HOME* RECENT CLOCK* >
06-29 17:00:21.946    81   121 D AudioHardware: AudioHardware pcm playback is going to standby.
06-29 17:00:21.946    81   121 D AudioHardware: closePcmOut_l() mPcmOpenCnt: 1
06-29 17:00:22.832   151   194 I power   : *** set_screen_state 1
06-29 17:00:22.848   151   191 E Sensors : Could not change sensor state (No such device)
06-29 17:00:22.856   151   191 E SensorService: Error activating sensor 0 (No such device)
06-29 17:00:22.922   151   194 I WindowManager: Lock screen displayed!
06-29 17:00:23.020    78   117 D SurfaceFlinger: Screen about to return, flinger = 0x128e918
06-29 17:00:24.055   297   297 D PhoneStatusBar: disable: < expand icons alerts ticker system_info BACK HOME recent* CLOCK >
06-29 17:00:24.063   403  1266 D NfcService: NFC-C ON
06-29 17:00:24.078    81   121 D AudioHardware: AudioHardware pcm playback is exiting standby.
06-29 17:00:24.078    81   121 D AudioHardware: openPcmOut_l() mPcmOpenCnt: 0
06-29 17:00:24.078   151   487 W InputManagerService: Window already focused, ignoring focus gain of: com.android.internal.view.IInputMethodClient$Stub$Proxy@416a0c58
06-29 17:00:24.082   297   297 D PhoneStatusBar: disable: < expand icons alerts ticker system_info back* home* recent clock* >
06-29 17:00:25.766   151   162 I ActivityManager: START {act=android.intent.action.MAIN cat=[android.intent.category.LAUNCHER] flg=0x10200000 cmp=com.android.contacts/.activities.DialtactsActivity bnds=[0,706][96,802]} from pid 415
06-29 17:00:25.883  1563  1563 D dalvikvm: GC_EXPLICIT freed 197K, 8% free 11614K/12551K, paused 5ms+4ms
06-29 17:00:25.965  1563  2066 E DefaultVoicemailNotifier: No voicemails to notify about: clear the notification.
06-29 17:00:26.004   415   415 D OpenGLRenderer: Flushing caches (mode 1)
06-29 17:00:26.024   415   415 D OpenGLRenderer: Flushing caches (mode 0)
06-29 17:00:28.668   151   380 I ActivityManager: moveTaskToBack: 7
06-29 17:00:28.758   151   487 W InputManagerService: Starting input on non-focused client com.android.internal.view.IInputMethodClient$Stub$Proxy@416e83e8 (uid=10000 pid=1563)
06-29 17:00:28.789  1563  1563 D OpenGLRenderer: Flushing caches (mode 0)
06-29 17:00:28.813   151   163 W InputManagerService: Window already focused, ignoring focus gain of: com.android.internal.view.IInputMethodClient$Stub$Proxy@415aebd8
06-29 17:00:28.824  1563  1563 D OpenGLRenderer: Flushing caches (mode 1)
06-29 17:00:28.840    81   121 D AudioHardware: AudioHardware pcm playback is going to standby.
06-29 17:00:28.840    81   121 D AudioHardware: closePcmOut_l() mPcmOpenCnt: 1
06-29 17:00:28.887   151   153 D dalvikvm: GC_CONCURRENT freed 689K, 14% free 13552K/15687K, paused 2ms+6ms
06-29 17:00:29.422  1563  2071 E DefaultVoicemailNotifier: No voicemails to notify about: clear the notification.
06-29 17:00:30.379   151   380 D dalvikvm: GC_EXPLICIT freed 849K, 19% free 12794K/15687K, paused 11ms+4ms
06-29 17:00:30.391    81   121 D AudioHardware: AudioHardware pcm playback is exiting standby.
06-29 17:00:30.391    81   121 D AudioHardware: openPcmOut_l() mPcmOpenCnt: 0
06-29 17:00:31.270   151   587 I ActivityManager: START {act=android.settings.SETTINGS flg=0x10200000 cmp=com.android.settings/.Settings} from pid 415
06-29 17:00:31.418  1598  1598 W System.err: Removed 2131231170
06-29 17:00:31.418  1598  1598 W System.err: Removed 2131231177
06-29 17:00:31.500   415   415 D OpenGLRenderer: Flushing caches (mode 1)
06-29 17:00:31.606   415   415 D OpenGLRenderer: Flushing caches (mode 0)
06-29 17:00:31.680   151   193 I ActivityManager: Displayed com.android.settings/.Settings: +358ms
06-29 17:00:34.067   151   162 I ActivityManager: START {act=android.intent.action.MAIN cmp=com.android.settings/.SubSettings (has extras)} from pid 1598
06-29 17:00:34.313  1598  1600 D dalvikvm: GC_CONCURRENT freed 143K, 4% free 10462K/10823K, paused 2ms+7ms
06-29 17:00:34.395   151   193 I ActivityManager: Displayed com.android.settings/.SubSettings: +257ms
06-29 17:00:34.442  1598  1598 D OpenGLRenderer: Flushing caches (mode 0)
06-29 17:00:34.758   705   708 D dalvikvm: GC_CONCURRENT freed 383K, 12% free 10714K/12039K, paused 10ms+4ms
06-29 17:00:36.606   151   566 I ActivityManager: START {act=android.intent.action.MAIN cmp=com.android.settings/.SubSettings (has extras)} from pid 1598
06-29 17:00:36.895  1598  1600 D dalvikvm: GC_CONCURRENT freed 791K, 9% free 10116K/11015K, paused 2ms+3ms
06-29 17:00:36.981   151   193 I ActivityManager: Displayed com.android.settings/.SubSettings: +279ms
06-29 17:00:37.000  1598  1598 D OpenGLRenderer: Flushing caches (mode 0)
06-29 17:00:39.684    81   121 D AudioHardware: AudioHardware pcm playback is going to standby.
06-29 17:00:39.684    81   121 D AudioHardware: closePcmOut_l() mPcmOpenCnt: 1
06-29 17:00:40.317   475   477 D dalvikvm: GC_CONCURRENT freed 285K, 9% free 9719K/10567K, paused 3ms+3ms
06-29 17:00:40.539   475   477 D dalvikvm: GC_CONCURRENT freed 226K, 7% free 9888K/10567K, paused 1ms+3ms
06-29 17:00:40.770   475   477 D dalvikvm: GC_CONCURRENT freed 344K, 7% free 9932K/10567K, paused 2ms+3ms
06-29 17:00:41.016   475   477 D dalvikvm: GC_CONCURRENT freed 358K, 6% free 9962K/10567K, paused 2ms+2ms
06-29 17:00:41.328   475   477 D dalvikvm: GC_CONCURRENT freed 332K, 6% free 10018K/10567K, paused 2ms+2ms
06-29 17:00:41.887   705   708 D dalvikvm: GC_CONCURRENT freed 320K, 10% free 10837K/12039K, paused 7ms+3ms
06-29 17:00:42.125   705   708 D dalvikvm: GC_CONCURRENT freed 447K, 10% free 10901K/12039K, paused 3ms+3ms
06-29 17:00:42.219   475   477 D dalvikvm: GC_CONCURRENT freed 818K, 9% free 9628K/10567K, paused 1ms+3ms
06-29 17:00:42.383   475   477 D dalvikvm: GC_CONCURRENT freed 157K, 7% free 9863K/10567K, paused 1ms+3ms
06-29 17:00:42.629   475   477 D dalvikvm: GC_CONCURRENT freed 327K, 7% free 9931K/10567K, paused 2ms+3ms
06-29 17:00:42.844   475   477 D dalvikvm: GC_CONCURRENT freed 358K, 6% free 9963K/10567K, paused 3ms+2ms
06-29 17:00:43.141   475   477 D dalvikvm: GC_CONCURRENT freed 343K, 6% free 10011K/10567K, paused 3ms+3ms
06-29 17:00:44.047   475   477 D dalvikvm: GC_CONCURRENT freed 845K, 10% free 9607K/10567K, paused 2ms+3ms
06-29 17:00:44.086   492  2085 D dalvikvm: GC_EXPLICIT freed 277K, 9% free 9390K/10247K, paused 1ms+4ms
06-29 17:00:44.153   705   708 D dalvikvm: GC_CONCURRENT freed 477K, 10% free 10944K/12039K, paused 2ms+3ms
06-29 17:00:44.332   475   477 D dalvikvm: GC_CONCURRENT freed 169K, 8% free 9824K/10567K, paused 2ms+3ms
06-29 17:00:44.594   475   477 D dalvikvm: GC_CONCURRENT freed 302K, 7% free 9912K/10567K, paused 2ms+2ms
06-29 17:00:47.321   475   477 D dalvikvm: GC_CONCURRENT freed 360K, 6% free 9938K/10567K, paused 2ms+3ms
06-29 17:00:47.512   475  1927 D dalvikvm: GC_EXPLICIT freed 343K, 7% free 9916K/10567K, paused 2ms+3ms
06-29 17:00:47.813   475   477 D dalvikvm: GC_CONCURRENT freed 328K, 6% free 9975K/10567K, paused 2ms+3ms
06-29 17:00:48.363   705   708 D dalvikvm: GC_CONCURRENT freed 423K, 9% free 11045K/12039K, paused 3ms+3ms
06-29 17:00:48.590   475   477 D dalvikvm: GC_CONCURRENT freed 578K, 8% free 9814K/10567K, paused 2ms+2ms
06-29 17:00:48.738   151   153 D dalvikvm: GC_CONCURRENT freed 774K, 19% free 12851K/15687K, paused 3ms+6ms
06-29 17:00:48.988   475   477 D dalvikvm: GC_CONCURRENT freed 273K, 7% free 9929K/10567K, paused 3ms+5ms
06-29 17:00:49.117   151   442 D dalvikvm: GC_EXPLICIT freed 71K, 19% free 12788K/15687K, paused 3ms+7ms
06-29 17:00:49.274   475   477 D dalvikvm: GC_CONCURRENT freed 372K, 6% free 9948K/10567K, paused 6ms+3ms
06-29 17:00:49.551   475   477 D dalvikvm: GC_CONCURRENT freed 355K, 6% free 9986K/10567K, paused 1ms+2ms
06-29 17:00:49.906   475   477 D dalvikvm: GC_CONCURRENT freed 379K, 6% free 10056K/10631K, paused 1ms+2ms
06-29 17:00:50.594   705   708 D dalvikvm: GC_CONCURRENT freed 542K, 8% free 11095K/12039K, paused 3ms+4ms
06-29 17:00:50.770   475   477 D dalvikvm: GC_CONCURRENT freed 702K, 8% free 9833K/10631K, paused 3ms+3ms
06-29 17:00:51.016   475   477 D dalvikvm: GC_CONCURRENT freed 280K, 7% free 9949K/10631K, paused 3ms+2ms
06-29 17:00:51.238   475   477 D dalvikvm: GC_CONCURRENT freed 362K, 7% free 9977K/10631K, paused 3ms+3ms
06-29 17:00:51.403   151   504 D CountryDetector: The first listener is added
06-29 17:00:51.598   475   477 D dalvikvm: GC_CONCURRENT freed 314K, 6% free 10063K/10631K, paused 5ms+2ms
06-29 17:00:51.875   475   477 D dalvikvm: GC_CONCURRENT freed 317K, 5% free 10182K/10631K, paused 2ms+3ms
06-29 17:00:52.336   475   477 D dalvikvm: GC_CONCURRENT freed 364K, 5% free 10261K/10759K, paused 1ms+3ms
06-29 17:00:53.071   705   708 D dalvikvm: GC_CONCURRENT freed 549K, 8% free 11166K/12039K, paused 3ms+4ms
06-29 17:00:53.246   475   477 D dalvikvm: GC_CONCURRENT freed 719K, 8% free 10022K/10823K, paused 3ms+3ms
06-29 17:00:53.539   475   477 D dalvikvm: GC_CONCURRENT freed 285K, 7% free 10125K/10823K, paused 2ms+6ms
06-29 17:00:53.797   475   477 D dalvikvm: GC_CONCURRENT freed 369K, 7% free 10142K/10823K, paused 2ms+4ms
06-29 17:00:54.055   475   477 D dalvikvm: GC_CONCURRENT freed 373K, 7% free 10170K/10823K, paused 4ms+8ms
06-29 17:00:54.352   475   477 D dalvikvm: GC_CONCURRENT freed 333K, 6% free 10236K/10823K, paused 2ms+2ms
06-29 17:00:54.746  1055  1057 D dalvikvm: GC_CONCURRENT freed 888K, 12% free 10151K/11527K, paused 2ms+3ms
06-29 17:00:56.672   475   477 D dalvikvm: GC_CONCURRENT freed 825K, 10% free 9806K/10823K, paused 2ms+3ms
06-29 17:00:56.840   475   477 D dalvikvm: GC_CONCURRENT freed 170K, 8% free 10042K/10823K, paused 2ms+2ms
06-29 17:00:57.110   475   477 D dalvikvm: GC_CONCURRENT freed 293K, 7% free 10143K/10823K, paused 3ms+4ms
06-29 17:00:57.375   475   477 D dalvikvm: GC_CONCURRENT freed 384K, 7% free 10149K/10823K, paused 2ms+3ms
06-29 17:00:57.617   475   477 D dalvikvm: GC_CONCURRENT freed 355K, 6% free 10191K/10823K, paused 2ms+3ms
06-29 17:00:57.918   475   477 D dalvikvm: GC_CONCURRENT freed 348K, 6% free 10234K/10823K, paused 2ms+7ms
06-29 17:00:58.949   705   708 D dalvikvm: GC_CONCURRENT freed 509K, 7% free 11283K/12039K, paused 3ms+3ms
06-29 17:00:59.164   475   477 D dalvikvm: GC_CONCURRENT freed 774K, 9% free 9855K/10823K, paused 2ms+7ms
06-29 17:00:59.356   475   477 D dalvikvm: GC_CONCURRENT freed 161K, 7% free 10079K/10823K, paused 2ms+3ms
06-29 17:00:59.473   475   482 I dalvikvm: Jit: resizing JitTable from 4096 to 8192
06-29 17:00:59.586   475   477 D dalvikvm: GC_CONCURRENT freed 302K, 6% free 10177K/10823K, paused 5ms+3ms
06-29 17:00:59.789   475   477 D dalvikvm: GC_CONCURRENT freed 332K, 6% free 10236K/10823K, paused 1ms+3ms
06-29 17:00:59.953   151   588 D dalvikvm: GC_EXPLICIT freed 190K, 19% free 12799K/15687K, paused 2ms+4ms
06-29 17:01:00.117   475   477 D dalvikvm: GC_CONCURRENT freed 352K, 6% free 10274K/10823K, paused 3ms+3ms
06-29 17:01:00.387   475   477 D dalvikvm: GC_CONCURRENT freed 389K, 5% free 10305K/10823K, paused 1ms+6ms
06-29 17:01:00.660   475   477 D dalvikvm: GC_CONCURRENT freed 383K, 5% free 10371K/10887K, paused 2ms+4ms
06-29 17:01:01.492   705   708 D dalvikvm: GC_CONCURRENT freed 900K, 9% free 11113K/12103K, paused 4ms+3ms
06-29 17:01:01.649   475   477 D dalvikvm: GC_CONCURRENT freed 810K, 9% free 10053K/10951K, paused 2ms+5ms
06-29 17:01:01.942   475   477 D dalvikvm: GC_CONCURRENT freed 301K, 8% free 10145K/10951K, paused 2ms+6ms
06-29 17:01:02.153   475   477 D dalvikvm: GC_CONCURRENT freed 331K, 7% free 10205K/10951K, paused 2ms+2ms
06-29 17:01:02.383   475   477 D dalvikvm: GC_CONCURRENT freed 373K, 7% free 10218K/10951K, paused 4ms+2ms
06-29 17:01:02.703   475   477 D dalvikvm: GC_CONCURRENT freed 332K, 7% free 10282K/10951K, paused 2ms+3ms
06-29 17:01:05.203   705   708 D dalvikvm: GC_CONCURRENT freed 519K, 8% free 11171K/12103K, paused 2ms+4ms
06-29 17:01:05.285   475   477 D dalvikvm: GC_CONCURRENT freed 761K, 10% free 9918K/10951K, paused 2ms+3ms
06-29 17:01:05.477   475   477 D dalvikvm: GC_CONCURRENT freed 169K, 8% free 10136K/10951K, paused 2ms+3ms
06-29 17:01:05.711   475   477 D dalvikvm: GC_CONCURRENT freed 300K, 7% free 10230K/10951K, paused 2ms+3ms
06-29 17:01:05.942   475   477 D dalvikvm: GC_CONCURRENT freed 401K, 7% free 10220K/10951K, paused 3ms+3ms
06-29 17:01:06.199   475   477 D dalvikvm: GC_CONCURRENT freed 348K, 7% free 10271K/10951K, paused 3ms+6ms
06-29 17:01:06.481   475   477 D dalvikvm: GC_CONCURRENT freed 344K, 6% free 10319K/10951K, paused 2ms+3ms
06-29 17:01:07.211   151   198 I ActivityManager: START {act=android.intent.action.MAIN cat=[android.intent.category.HOME] flg=0x10200000 cmp=com.android.launcher/com.android.launcher2.Launcher} from pid 151
06-29 17:01:07.383  1598  1598 D OpenGLRenderer: Flushing caches (mode 0)
06-29 17:01:07.406   151   487 W InputManagerService: Starting input on non-focused client com.android.internal.view.IInputMethodClient$Stub$Proxy@416a6838 (uid=1000 pid=1598)
06-29 17:01:07.410  1598  1598 D OpenGLRenderer: Flushing caches (mode 1)
06-29 17:01:07.602   475  1924 D dalvikvm: GC_EXPLICIT freed 761K, 11% free 9847K/10951K, paused 4ms+14ms
06-29 17:01:07.754   475   477 D dalvikvm: GC_CONCURRENT freed 135K, 8% free 10112K/10951K, paused 2ms+4ms
06-29 17:01:07.930   151   442 I ActivityManager: No longer want com.android.exchange (pid 1684): hidden #16
06-29 17:01:08.231   475   477 D dalvikvm: GC_CONCURRENT freed 269K, 7% free 10229K/10951K, paused 2ms+8ms
06-29 17:01:08.578   475   477 D dalvikvm: GC_CONCURRENT freed 392K, 7% free 10231K/10951K, paused 2ms+4ms
06-29 17:01:08.832   475   477 D dalvikvm: GC_CONCURRENT freed 352K, 7% free 10273K/10951K, paused 2ms+3ms
06-29 17:01:09.117   475   477 D dalvikvm: GC_CONCURRENT freed 349K, 6% free 10319K/10951K, paused 2ms+4ms
06-29 17:01:09.196   415   417 D dalvikvm: GC_CONCURRENT freed 2174K, 28% free 11573K/16071K, paused 3ms+4ms
06-29 17:01:09.262    81   121 D AudioHardware: AudioHardware pcm playback is exiting standby.
06-29 17:01:09.262    81   121 D AudioHardware: openPcmOut_l() mPcmOpenCnt: 0
06-29 17:01:09.430   415  1879 D dalvikvm: GC_FOR_ALLOC freed 458K, 28% free 11673K/16071K, paused 24ms
06-29 17:01:09.438   415  1879 I dalvikvm-heap: Grow heap (frag case) to 12.347MB for 925072-byte allocation
06-29 17:01:09.481   415   415 D dalvikvm: GC_FOR_ALLOC freed 2K, 22% free 12574K/16071K, paused 25ms
06-29 17:01:09.559   415   417 D dalvikvm: GC_CONCURRENT freed <1K, 22% free 12574K/16071K, paused 2ms+13ms
06-29 17:01:09.770   415  1880 D dalvikvm: GC_FOR_ALLOC freed 974K, 26% free 11910K/16071K, paused 33ms
06-29 17:01:09.774   415  1880 I dalvikvm-heap: Grow heap (frag case) to 12.922MB for 1286224-byte allocation
06-29 17:01:09.817   415  1879 D dalvikvm: GC_FOR_ALLOC freed 2K, 19% free 13163K/16071K, paused 26ms
06-29 17:01:09.895   415   417 D dalvikvm: GC_CONCURRENT freed 135K, 18% free 13235K/16071K, paused 2ms+6ms
06-29 17:01:10.223   415   417 D dalvikvm: GC_CONCURRENT freed 2666K, 26% free 11915K/16071K, paused 4ms+36ms
06-29 17:01:10.403   415   417 D dalvikvm: GC_CONCURRENT freed 687K, 25% free 12093K/16071K, paused 2ms+8ms
06-29 17:01:10.446   415  1912 D dalvikvm: GC_FOR_ALLOC freed 9K, 20% free 12987K/16071K, paused 22ms
06-29 17:01:10.610   415  1912 D dalvikvm: GC_FOR_ALLOC freed 691K, 17% free 13460K/16071K, paused 29ms
06-29 17:01:10.715   415  1878 D dalvikvm: GC_FOR_ALLOC freed 1112K, 18% free 13296K/16071K, paused 24ms
06-29 17:01:10.719   415  1878 I dalvikvm-heap: Grow heap (frag case) to 14.277MB for 1286224-byte allocation
06-29 17:01:10.758   415   506 D dalvikvm: GC_FOR_ALLOC freed 309K, 18% free 14243K/17351K, paused 22ms
06-29 17:01:10.969   415   417 D dalvikvm: GC_CONCURRENT freed 1504K, 17% free 14473K/17351K, paused 3ms+5ms
06-29 17:01:11.078   415   417 D dalvikvm: GC_CONCURRENT freed 2263K, 20% free 14021K/17351K, paused 2ms+3ms
06-29 17:01:11.242   475   477 D dalvikvm: GC_CONCURRENT freed 352K, 6% free 10351K/10951K, paused 2ms+4ms
06-29 17:01:12.352    81   121 D AudioHardware: AudioHardware pcm playback is going to standby.
06-29 17:01:12.352    81   121 D AudioHardware: closePcmOut_l() mPcmOpenCnt: 1
06-29 17:01:13.180   705   708 D dalvikvm: GC_CONCURRENT freed 487K, 7% free 11300K/12103K, paused 4ms+3ms
06-29 17:01:13.485   475   477 D dalvikvm: GC_CONCURRENT freed 687K, 8% free 10088K/10951K, paused 5ms+3ms
06-29 17:01:13.770   475   477 D dalvikvm: GC_CONCURRENT freed 267K, 7% free 10216K/10951K, paused 2ms+9ms
06-29 17:01:14.055   475   477 D dalvikvm: GC_CONCURRENT freed 364K, 7% free 10240K/10951K, paused 2ms+4ms
06-29 17:01:14.356   475   477 D dalvikvm: GC_CONCURRENT freed 365K, 7% free 10271K/10951K, paused 2ms+3ms
06-29 17:01:14.684   475   477 D dalvikvm: GC_CONCURRENT freed 342K, 6% free 10317K/10951K, paused 2ms+3ms
06-29 17:01:15.043   151   442 D dalvikvm: GC_EXPLICIT freed 396K, 19% free 12808K/15687K, paused 2ms+4ms
06-29 17:01:15.067    81   121 D AudioHardware: AudioHardware pcm playback is exiting standby.
06-29 17:01:15.067    81   121 D AudioHardware: openPcmOut_l() mPcmOpenCnt: 0
06-29 17:01:15.074   151   487 I ActivityManager: START {act=android.intent.action.MAIN cat=[android.intent.category.LAUNCHER] flg=0x10200000 cmp=com.google.android.talk/.SigningInActivity} from pid 415
06-29 17:01:15.238   415   415 D OpenGLRenderer: Flushing caches (mode 1)
06-29 17:01:15.305   415   415 D OpenGLRenderer: Flushing caches (mode 0)
06-29 17:01:15.434   916   916 D vclib:CallStateClient: startListening
06-29 17:01:15.520   916  2108 E talk    : [Databaseutils] pruneOldMessageHistory
06-29 17:01:15.660   151   566 W InputManagerService: Starting input on non-focused client com.android.internal.view.IInputMethodClient$Stub$Proxy@41516bb8 (uid=10025 pid=415)
06-29 17:01:15.672   151   165 I Process : Sending signal. PID: 916 SIG: 3
06-29 17:01:15.672   916   920 I dalvikvm: threadid=3: reacting to signal 3
06-29 17:01:15.715   916   920 I dalvikvm: Wrote stack traces to '/data/anr/traces.txt'
06-29 17:01:15.719   151   193 I ActivityManager: Displayed com.google.android.talk/.SigningInActivity: +550ms
06-29 17:01:15.793   475   477 D dalvikvm: GC_CONCURRENT freed 353K, 6% free 10352K/10951K, paused 2ms+4ms
06-29 17:01:15.879   916   916 D vclib:CallStateClient: stopListening
06-29 17:01:15.879   916   916 D vclib:CallStateClient: startListening
06-29 17:01:16.008   916   918 D dalvikvm: GC_CONCURRENT freed 236K, 4% free 10115K/10439K, paused 2ms+6ms
06-29 17:01:16.223   297   297 D dalvikvm: GC_FOR_ALLOC freed 296K, 10% free 9771K/10759K, paused 45ms
06-29 17:01:16.344   916   918 D dalvikvm: GC_CONCURRENT freed 399K, 5% free 10223K/10759K, paused 2ms+4ms
06-29 17:01:16.453   297   301 D dalvikvm: GC_CONCURRENT freed 298K, 8% free 9932K/10759K, paused 2ms+7ms
06-29 17:01:17.184   705   708 D dalvikvm: GC_CONCURRENT freed 885K, 9% free 11106K/12103K, paused 3ms+3ms
06-29 17:01:17.453   475   477 D dalvikvm: GC_CONCURRENT freed 686K, 8% free 10090K/10951K, paused 1ms+2ms
06-29 17:01:17.664   475   477 D dalvikvm: GC_CONCURRENT freed 247K, 7% free 10228K/10951K, paused 1ms+2ms
06-29 17:01:17.836   475   477 D dalvikvm: GC_CONCURRENT freed 359K, 7% free 10269K/10951K, paused 2ms+2ms
06-29 17:01:18.031   475   477 D dalvikvm: GC_CONCURRENT freed 369K, 7% free 10294K/10951K, paused 1ms+4ms
06-29 17:01:18.156    81   121 D AudioHardware: AudioHardware pcm playback is going to standby.
06-29 17:01:18.156    81   121 D AudioHardware: closePcmOut_l() mPcmOpenCnt: 1
06-29 17:01:18.297   475   477 D dalvikvm: GC_CONCURRENT freed 339K, 6% free 10350K/10951K, paused 2ms+2ms
06-29 17:01:19.633   916   916 D dalvikvm: GC_EXPLICIT freed 120K, 5% free 10239K/10759K, paused 282ms+3ms
06-29 17:01:19.883    81   121 D AudioHardware: AudioHardware pcm playback is exiting standby.
06-29 17:01:19.883    81   121 D AudioHardware: openPcmOut_l() mPcmOpenCnt: 0
06-29 17:01:21.071   363   367 D dalvikvm: GC_CONCURRENT freed 430K, 6% free 10555K/11143K, paused 99ms+19ms
06-29 17:01:21.242   297   297 D dalvikvm: GC_FOR_ALLOC freed 341K, 8% free 9915K/10759K, paused 43ms
06-29 17:01:21.414   297   301 D dalvikvm: GC_CONCURRENT freed 407K, 8% free 9901K/10759K, paused 1ms+6ms
06-29 17:01:21.559   705   708 D dalvikvm: GC_CONCURRENT freed 594K, 9% free 11085K/12103K, paused 2ms+3ms
06-29 17:01:21.684   705  2059 D dalvikvm: GC_EXPLICIT freed 102K, 8% free 11166K/12103K, paused 3ms+7ms
06-29 17:01:21.750   475   477 D dalvikvm: GC_CONCURRENT freed 881K, 10% free 9895K/10951K, paused 2ms+3ms
06-29 17:01:21.910   475   477 D dalvikvm: GC_CONCURRENT freed 150K, 8% free 10130K/10951K, paused 1ms+6ms
06-29 17:01:22.129   475   477 D dalvikvm: GC_CONCURRENT freed 296K, 7% free 10220K/10951K, paused 2ms+3ms
06-29 17:01:22.617   916   918 D dalvikvm: GC_CONCURRENT freed 397K, 5% free 10322K/10823K, paused 2ms+4ms
06-29 17:01:22.953   475   477 D dalvikvm: GC_CONCURRENT freed 368K, 7% free 10239K/10951K, paused 2ms+3ms
06-29 17:01:22.973    81   121 D AudioHardware: AudioHardware pcm playback is going to standby.
06-29 17:01:22.973    81   121 D AudioHardware: closePcmOut_l() mPcmOpenCnt: 1
06-29 17:01:23.266   475   477 D dalvikvm: GC_CONCURRENT freed 368K, 7% free 10261K/10951K, paused 1ms+2ms
06-29 17:01:23.520   475   477 D dalvikvm: GC_CONCURRENT freed 338K, 6% free 10320K/10951K, paused 2ms+3ms
06-29 17:01:25.961    81   121 D AudioHardware: AudioHardware pcm playback is exiting standby.
06-29 17:01:25.961    81   121 D AudioHardware: openPcmOut_l() mPcmOpenCnt: 0
06-29 17:01:26.059   916   916 D vclib:CallStateClient: stopListening
06-29 17:01:26.110   916   916 D vclib:CallStateClient: startListening
06-29 17:01:26.231   916   916 W IInputConnectionWrapper: finishComposingText on inactive InputConnection
06-29 17:01:26.235   916   916 W IInputConnectionWrapper: finishComposingText on inactive InputConnection
06-29 17:01:26.254   916   918 D dalvikvm: GC_CONCURRENT freed 519K, 6% free 10241K/10887K, paused 3ms+13ms
06-29 17:01:26.285   297   297 D dalvikvm: GC_FOR_ALLOC freed 372K, 9% free 9896K/10759K, paused 75ms
06-29 17:01:26.594   916   916 D dalvikvm: GC_FOR_ALLOC freed 315K, 8% free 10030K/10887K, paused 19ms
06-29 17:01:26.742   916   916 D dalvikvm: GC_FOR_ALLOC freed 60K, 8% free 10087K/10887K, paused 24ms
06-29 17:01:26.742   916   916 I dalvikvm-heap: Grow heap (frag case) to 9.957MB for 36880-byte allocation
06-29 17:01:26.758   916   916 D dalvikvm: GC_FOR_ALLOC freed 2K, 8% free 10121K/10951K, paused 17ms
06-29 17:01:27.024   705   708 D dalvikvm: GC_CONCURRENT freed 602K, 8% free 11223K/12103K, paused 2ms+4ms
06-29 17:01:27.574   916   918 D dalvikvm: GC_CONCURRENT freed 247K, 7% free 10270K/10951K, paused 2ms+2ms
06-29 17:01:27.590   475   477 D dalvikvm: GC_CONCURRENT freed 791K, 10% free 9923K/10951K, paused 13ms+7ms
06-29 17:01:27.610   916   916 D dalvikvm: GC_FOR_ALLOC freed 31K, 7% free 10239K/10951K, paused 33ms
06-29 17:01:27.610   916   916 I dalvikvm-heap: Grow heap (frag case) to 10.105MB for 36880-byte allocation
06-29 17:01:27.633   916  2127 D dalvikvm: GC_FOR_ALLOC freed 0K, 7% free 10275K/11015K, paused 17ms
06-29 17:01:27.906   151   151 D dalvikvm: GC_EXPLICIT freed 588K, 19% free 12829K/15687K, paused 3ms+5ms
06-29 17:01:27.985   475   477 D dalvikvm: GC_CONCURRENT freed 157K, 8% free 10152K/10951K, paused 2ms+7ms
06-29 17:01:28.547   297   297 D dalvikvm: GC_FOR_ALLOC freed 348K, 8% free 9917K/10759K, paused 101ms
06-29 17:01:29.055    81   121 D AudioHardware: AudioHardware pcm playback is going to standby.
06-29 17:01:29.055    81   121 D AudioHardware: closePcmOut_l() mPcmOpenCnt: 1
06-29 17:01:29.246   475   477 D dalvikvm: GC_CONCURRENT freed 318K, 7% free 10220K/10951K, paused 2ms+4ms
06-29 17:01:29.446   475   477 D dalvikvm: GC_CONCURRENT freed 377K, 7% free 10236K/10951K, paused 2ms+3ms
06-29 17:01:29.653   475   477 D dalvikvm: GC_CONCURRENT freed 360K, 7% free 10272K/10951K, paused 2ms+3ms
06-29 17:01:30.125   475   477 D dalvikvm: GC_CONCURRENT freed 344K, 6% free 10325K/10951K, paused 2ms+3ms
06-29 17:01:30.242   492   494 D dalvikvm: GC_CONCURRENT freed 351K, 8% free 9428K/10247K, paused 7ms+5ms
06-29 17:01:31.106   363   367 D dalvikvm: GC_CONCURRENT freed 387K, 5% free 10680K/11143K, paused 2ms+4ms
06-29 17:01:31.340   705   708 D dalvikvm: GC_CONCURRENT freed 732K, 9% free 11098K/12103K, paused 2ms+3ms
06-29 17:01:31.414   475   477 D dalvikvm: GC_CONCURRENT freed 763K, 9% free 9966K/10951K, paused 2ms+4ms
06-29 17:01:31.676   475   477 D dalvikvm: GC_CONCURRENT freed 190K, 8% free 10162K/10951K, paused 2ms+2ms
06-29 17:01:31.895   475   477 D dalvikvm: GC_CONCURRENT freed 331K, 7% free 10221K/10951K, paused 1ms+2ms
06-29 17:01:32.207   475   477 D dalvikvm: GC_CONCURRENT freed 378K, 7% free 10242K/10951K, paused 2ms+2ms
06-29 17:01:32.473   475   477 D dalvikvm: GC_CONCURRENT freed 343K, 6% free 10298K/10951K, paused 1ms+3ms
06-29 17:01:35.180   363   367 D dalvikvm: GC_CONCURRENT freed 228K, 4% free 10915K/11271K, paused 3ms+3ms
06-29 17:01:35.465   475   477 D dalvikvm: GC_CONCURRENT freed 831K, 10% free 9859K/10951K, paused 2ms+3ms
06-29 17:01:35.555   475   499 D dalvikvm: GC_EXPLICIT freed 129K, 10% free 9912K/10951K, paused 2ms+5ms
06-29 17:01:35.723   475   477 D dalvikvm: GC_CONCURRENT freed 102K, 7% free 10206K/10951K, paused 2ms+2ms
06-29 17:01:35.914   475   477 D dalvikvm: GC_CONCURRENT freed 328K, 7% free 10262K/10951K, paused 2ms+2ms
06-29 17:01:36.098   475   477 D dalvikvm: GC_CONCURRENT freed 369K, 7% free 10284K/10951K, paused 2ms+3ms
06-29 17:01:36.399   475   477 D dalvikvm: GC_CONCURRENT freed 349K, 6% free 10333K/10951K, paused 2ms+3ms
06-29 17:01:36.766   475   477 D dalvikvm: GC_CONCURRENT freed 338K, 6% free 10379K/10951K, paused 2ms+3ms
06-29 17:01:39.180   705   708 D dalvikvm: GC_CONCURRENT freed 806K, 11% free 10864K/12103K, paused 3ms+3ms
06-29 17:01:39.332   475   477 D dalvikvm: GC_CONCURRENT freed 749K, 8% free 10080K/10951K, paused 2ms+2ms
06-29 17:01:39.528   475   477 D dalvikvm: GC_CONCURRENT freed 223K, 7% free 10244K/10951K, paused 2ms+3ms
06-29 17:01:39.719   475   477 D dalvikvm: GC_CONCURRENT freed 351K, 7% free 10283K/10951K, paused 1ms+3ms
06-29 17:01:39.899   475   477 D dalvikvm: GC_CONCURRENT freed 346K, 6% free 10328K/10951K, paused 2ms+3ms
06-29 17:01:40.047   151   566 D dalvikvm: GC_EXPLICIT freed 344K, 19% free 12809K/15687K, paused 2ms+4ms
06-29 17:01:40.184   475   477 D dalvikvm: GC_CONCURRENT freed 365K, 6% free 10356K/10951K, paused 1ms+3ms
06-29 17:01:40.383   475  1782 D dalvikvm: GC_FOR_ALLOC freed 316K, 6% free 10371K/10951K, paused 23ms
06-29 17:01:40.571    81   121 D AudioHardware: AudioHardware pcm playback is exiting standby.
06-29 17:01:40.571    81   121 D AudioHardware: openPcmOut_l() mPcmOpenCnt: 0
06-29 17:01:40.860   475   477 D dalvikvm: GC_CONCURRENT freed 355K, 5% free 10462K/10951K, paused 1ms+7ms
06-29 17:01:42.043   705   708 D dalvikvm: GC_CONCURRENT freed 551K, 11% free 10805K/12103K, paused 2ms+2ms
06-29 17:01:42.258   475   477 D dalvikvm: GC_CONCURRENT freed 748K, 8% free 10157K/11015K, paused 2ms+2ms
06-29 17:01:42.492   475   477 D dalvikvm: GC_CONCURRENT freed 288K, 7% free 10261K/11015K, paused 1ms+3ms
06-29 17:01:42.684   475   477 D dalvikvm: GC_CONCURRENT freed 377K, 7% free 10271K/11015K, paused 2ms+4ms
06-29 17:01:42.973   475   477 D dalvikvm: GC_CONCURRENT freed 364K, 7% free 10296K/11015K, paused 2ms+7ms
06-29 17:01:43.196   475   477 D dalvikvm: GC_CONCURRENT freed 354K, 7% free 10326K/11015K, paused 1ms+3ms
06-29 17:01:43.488   475   477 D dalvikvm: GC_CONCURRENT freed 338K, 6% free 10375K/11015K, paused 2ms+3ms
06-29 17:01:43.656    81   121 D AudioHardware: AudioHardware pcm playback is going to standby.
06-29 17:01:43.656    81   121 D AudioHardware: closePcmOut_l() mPcmOpenCnt: 1
06-29 17:01:45.289   363   363 W Suggest : String pool got too big: 19
06-29 17:01:46.492   705   708 D dalvikvm: GC_CONCURRENT freed 521K, 11% free 10776K/12103K, paused 2ms+3ms
06-29 17:01:46.602   475   477 D dalvikvm: GC_CONCURRENT freed 798K, 10% free 10001K/11015K, paused 1ms+5ms
06-29 17:01:46.758   475   477 D dalvikvm: GC_CONCURRENT freed 237K, 8% free 10154K/11015K, paused 1ms+2ms
06-29 17:01:46.942   475   477 D dalvikvm: GC_CONCURRENT freed 322K, 8% free 10217K/11015K, paused 3ms+3ms
06-29 17:01:47.156   475   477 D dalvikvm: GC_CONCURRENT freed 360K, 8% free 10243K/11015K, paused 2ms+2ms
06-29 17:01:47.426   475   477 D dalvikvm: GC_CONCURRENT freed 352K, 7% free 10278K/11015K, paused 1ms+3ms
06-29 17:01:48.059   475   477 D dalvikvm: GC_CONCURRENT freed 358K, 7% free 10304K/11015K, paused 1ms+11ms
06-29 17:01:53.613   363   363 W Suggest : String pool got too big: 19
06-29 17:01:55.778   541  1117 I PhoneLab-: Service Running
06-29 17:01:55.895   541  1117 I PhoneLab-LoggerService: app_36    1120  541   1680   1308  c00f181c 400107b4 S logcat
06-29 17:01:55.895   541  1117 I PhoneLab-LoggerService: Logcat pid from database 1120
06-29 17:01:55.895   541  1117 I PhoneLab-LoggerService: Logcat process found 1120
06-29 17:01:55.895   541  1117 I PhoneLab-LoggerService: Checking Threshold
06-29 17:01:56.391   363   363 W Suggest : String pool got too big: 19
06-29 17:02:02.008   475  1924 D dalvikvm: GC_FOR_ALLOC freed 796K, 12% free 9787K/11015K, paused 48ms
06-29 17:02:02.723   916   923 D dalvikvm: null clazz in OP_INSTANCE_OF, single-stepping
06-29 17:02:04.571    81   121 D AudioHardware: AudioHardware pcm playback is exiting standby.
06-29 17:02:04.571    81   121 D AudioHardware: openPcmOut_l() mPcmOpenCnt: 0
06-29 17:02:04.871   916   918 D dalvikvm: GC_CONCURRENT freed 400K, 7% free 10272K/11015K, paused 2ms+4ms
06-29 17:02:04.899   705   708 D dalvikvm: GC_CONCURRENT freed 566K, 12% free 10700K/12103K, paused 8ms+3ms
06-29 17:02:07.660    81   121 D AudioHardware: AudioHardware pcm playback is going to standby.
06-29 17:02:07.660    81   121 D AudioHardware: closePcmOut_l() mPcmOpenCnt: 1
06-29 17:02:14.442   151   198 I ActivityManager: START {act=android.intent.action.MAIN cat=[android.intent.category.HOME] flg=0x10200000 cmp=com.android.launcher/com.android.launcher2.Launcher} from pid 151
06-29 17:02:14.633   297   297 D dalvikvm: GC_FOR_ALLOC freed 358K, 9% free 9894K/10759K, paused 25ms
06-29 17:02:14.703   297   297 D dalvikvm: GC_FOR_ALLOC freed 319K, 9% free 9892K/10759K, paused 31ms
06-29 17:02:14.860   916   916 D OpenGLRenderer: Flushing caches (mode 0)
06-29 17:02:14.953   916   916 W IInputConnectionWrapper: showStatusIcon on inactive InputConnection
06-29 17:02:14.953   916   916 D OpenGLRenderer: Flushing caches (mode 1)
06-29 17:02:14.957   916   916 W IInputConnectionWrapper: showStatusIcon on inactive InputConnection
06-29 17:02:15.457   916   916 D vclib:CallStateClient: stopListening
06-29 17:02:17.238   151   487 I ActivityManager: START {act=android.net.wifi.PICK_WIFI_NETWORK cmp=com.android.settings/.wifi.WifiPickerActivity bnds=[0,119][480,215]} from pid -1
06-29 17:02:17.242    81   121 D AudioHardware: AudioHardware pcm playback is exiting standby.
06-29 17:02:17.242    81   121 D AudioHardware: openPcmOut_l() mPcmOpenCnt: 0
06-29 17:02:17.246   151   487 W ActivityManager: startActivity called from non-Activity context; forcing Intent.FLAG_ACTIVITY_NEW_TASK for: Intent { act=android.net.wifi.PICK_WIFI_NETWORK cmp=com.android.settings/.wifi.WifiPickerActivity bnds=[0,119][480,215] }
06-29 17:02:17.297   151   588 W KeyguardViewMediator: verifyUnlock called when not externally disabled
06-29 17:02:17.496   415   415 D OpenGLRenderer: Flushing caches (mode 1)
06-29 17:02:17.524   297   297 D dalvikvm: GC_FOR_ALLOC freed 542K, 10% free 9687K/10759K, paused 34ms
06-29 17:02:17.719   916   916 W IInputConnectionWrapper: showStatusIcon on inactive InputConnection
06-29 17:02:17.719   151   587 W InputManagerService: Starting input on non-focused client com.android.internal.view.IInputMethodClient$Stub$Proxy@41466e20 (uid=10044 pid=916)
06-29 17:02:17.781   415   415 D OpenGLRenderer: Flushing caches (mode 0)
06-29 17:02:17.793   151   165 I Process : Sending signal. PID: 1598 SIG: 3
06-29 17:02:17.793  1598  1602 I dalvikvm: threadid=3: reacting to signal 3
06-29 17:02:17.836  1598  1602 I dalvikvm: Wrote stack traces to '/data/anr/traces.txt'
06-29 17:02:17.860  1598  1600 D dalvikvm: GC_CONCURRENT freed 110K, 6% free 10399K/11015K, paused 2ms+2ms
06-29 17:02:18.012   151   193 I ActivityManager: Displayed com.android.settings/.wifi.WifiPickerActivity: +721ms
06-29 17:02:20.336    81   121 D AudioHardware: AudioHardware pcm playback is going to standby.
06-29 17:02:20.336    81   121 D AudioHardware: closePcmOut_l() mPcmOpenCnt: 1
06-29 17:02:22.996   705  2053 D dalvikvm: GC_FOR_ALLOC freed 86K, 12% free 10686K/12103K, paused 63ms
06-29 17:02:22.996   705  2053 I dalvikvm-heap: Grow heap (frag case) to 10.546MB for 42650-byte allocation
06-29 17:02:23.024   705  2053 D dalvikvm: GC_FOR_ALLOC freed 60K, 13% free 10667K/12167K, paused 28ms
06-29 17:02:25.278   151   153 D dalvikvm: GC_CONCURRENT freed 641K, 18% free 12989K/15687K, paused 4ms+11ms
06-29 17:02:28.426  1598  1600 D dalvikvm: GC_CONCURRENT freed 340K, 5% free 10485K/11015K, paused 6ms+3ms
06-29 17:02:31.754   492   494 D dalvikvm: GC_CONCURRENT freed 380K, 8% free 9435K/10247K, paused 3ms+4ms
06-29 17:02:32.020   475   477 D dalvikvm: GC_CONCURRENT freed 396K, 12% free 9779K/11015K, paused 3ms+9ms
06-29 17:02:34.356  1598  1598 D OpenGLRenderer: Flushing caches (mode 0)
06-29 17:02:34.891  1598  1598 D OpenGLRenderer: Flushing caches (mode 1)
06-29 17:02:36.797   151   380 I ActivityManager: START {act=android.intent.action.MAIN cat=[android.intent.category.LAUNCHER] flg=0x10200000 cmp=com.android.contacts/.activities.DialtactsActivity bnds=[0,706][96,802]} from pid 415
06-29 17:02:36.813    81   121 D AudioHardware: AudioHardware pcm playback is exiting standby.
06-29 17:02:36.813    81   121 D AudioHardware: openPcmOut_l() mPcmOpenCnt: 0
06-29 17:02:37.020   415   415 D OpenGLRenderer: Flushing caches (mode 1)
06-29 17:02:37.024   415   415 D OpenGLRenderer: Flushing caches (mode 0)
06-29 17:02:37.078  1563  2168 E DefaultVoicemailNotifier: No voicemails to notify about: clear the notification.
06-29 17:02:39.903    81   121 D AudioHardware: AudioHardware pcm playback is going to standby.
06-29 17:02:39.903    81   121 D AudioHardware: closePcmOut_l() mPcmOpenCnt: 1
06-29 17:02:43.129   151   502 D dalvikvm: GC_EXPLICIT freed 442K, 18% free 12947K/15687K, paused 2ms+4ms
06-29 17:02:43.145    81   121 D AudioHardware: AudioHardware pcm playback is exiting standby.
06-29 17:02:43.145    81   121 D AudioHardware: openPcmOut_l() mPcmOpenCnt: 0
06-29 17:02:43.434   297   301 D dalvikvm: GC_CONCURRENT freed 247K, 9% free 9877K/10759K, paused 1ms+3ms
