06-14 16:01:34.189 17762 17780 I Gmail   : calculateUnknownSyncRationalesAndPurgeInBackground: running
06-14 16:01:34.193 17762 17780 I Gmail   : calculateUnknownSyncRationalesAndPurgeInBackground: running
06-14 16:01:34.400   151   197 I power   : *** set_screen_state 0
06-14 16:01:34.450    79   119 D SurfaceFlinger: About to give-up screen, flinger = 0x1eee918
06-14 16:01:34.466   151   167 W InputManagerService: Got RemoteException sending 'screen on/off' notification to pid 17323 uid 10058
06-14 16:01:34.552 17729 17729 D DAL     : lrb android.intent.action.SCREEN_OFF
06-14 16:01:34.587   151   201 V TransportControlView: Create TCV com.android.internal.widget.TransportControlView@414a7818
06-14 16:01:34.673 17694 17696 D dalvikvm: GC_CONCURRENT freed 347K, 5% free 10534K/11015K, paused 2ms+2ms
06-14 16:01:34.720   389   389 D PhoneStatusBar: disable: < expand icons alerts ticker system_info BACK* HOME* RECENT CLOCK* >
06-14 16:01:36.501    82   122 D AudioHardware: AudioHardware pcm playback is going to standby.
06-14 16:01:36.501    82   122 D AudioHardware: closePcmOut_l() mPcmOpenCnt: 1
06-14 16:01:42.376   487   487 D dalvikvm: GC_EXPLICIT freed 2K, 6% free 9122K/9607K, paused 18ms+2ms
06-14 16:01:56.931   151   168 I ActivityManager: Start proc com.andrewshu.android.reddit for service com.andrewshu.android.reddit/.widgets.ThreadAppWidget$UpdateService: pid=17793 uid=10068 gids={3003, 1015}
06-14 16:01:57.048 17793 17793 I ActivityThread: Pub com.andrewshu.android.reddit.comments.reply.commentreplyprovider: com.andrewshu.android.reddit.comments.reply.CommentReplyProvider
06-14 16:01:57.060 17793 17793 I ActivityThread: Pub com.andrewshu.android.reddit.history.urihistoryprovider: com.andrewshu.android.reddit.history.UriHistoryProvider
06-14 16:01:57.064 17793 17793 I ActivityThread: Pub com.andrewshu.android.reddit.reddits.redditprovider: com.andrewshu.android.reddit.reddits.RedditProvider
06-14 16:03:01.697 13454 13456 D dalvikvm: GC_CONCURRENT freed 513K, 6% free 10150K/10759K, paused 2ms+2ms
06-14 16:03:24.747   151   168 I ActivityManager: Start proc edu.buffalo.cse.phonelab.phonelabservices for broadcast edu.buffalo.cse.phonelab.phonelabservices/.PeriodicCheckReceiver: pid=17806 uid=10038 gids={3003, 1015, 1007, 2001}
06-14 16:03:24.802 17806 17806 I PhoneLab-Locks: wake lock acquired
06-14 16:03:24.837 17806 17819 I PhoneLab-PeriodicCheckService: User info is synched
06-14 16:03:24.841 17806 17819 I PhoneLab-PeriodicCheckService: Logger Service is running
06-14 16:03:24.841 17806 17819 I PhoneLab-Locks: wake lock acquired
06-14 16:03:24.845 17806 17806 I PhoneLab-UploadLogs: Transfering log files now
06-14 16:03:24.845 17806 17819 I PhoneLab-PeriodicCheckService: Rescheduling periodic checking...
06-14 16:03:24.849 17806 17806 I PhoneLab-UploadLogs: No log files to transfer
06-14 16:03:24.849 17806 17806 I PhoneLab-Locks: wake lock released
06-14 16:03:24.849 17806 17806 I PhoneLab-UploadLogs: OnStartCommand
06-14 16:03:24.853 17806 17819 I PhoneLab-Locks: wake lock released
06-14 16:04:29.892 17708 17710 D dalvikvm: GC_CONCURRENT freed 336K, 5% free 9401K/9863K, paused 2ms+4ms
06-14 16:04:30.611 17708 17708 I Process : Sending signal. PID: 17708 SIG: 9
06-14 16:04:30.626   151  7976 I ActivityManager: Process mobi.mgeek.TunnyBrowser:DolphinNotification (pid 17708) has died.
06-14 16:04:31.747 13454 13456 D dalvikvm: GC_CONCURRENT freed 513K, 6% free 10149K/10759K, paused 2ms+3ms
06-14 16:05:24.521   389   390 D dalvikvm: GC_CONCURRENT freed 397K, 62% free 10228K/26695K, paused 2ms+3ms
06-14 16:06:01.837 13454 13456 D dalvikvm: GC_CONCURRENT freed 508K, 6% free 10152K/10759K, paused 2ms+3ms
06-14 16:06:44.509   151   151 I ActivityManager: Start proc twc.provider for content provider com.weather.Weather/com.weather.dal.LocationListProvider: pid=17845 uid=10057 gids={1015, 3003, 1006}
06-14 16:06:44.517 17845 17845 I dalvikvm: Turning on JNI app bug workarounds for target SDK version 13...
06-14 16:06:44.630 17845 17847 D dalvikvm: GC_CONCURRENT freed 163K, 3% free 9373K/9607K, paused 2ms+3ms
06-14 16:06:44.650 17845 17845 I ActivityThread: Pub com.weather.Weather.ads.DynamicConfigProvider: com.weather.Weather.ads.DynamicConfigProvider
06-14 16:06:44.654 17845 17845 I ActivityThread: Pub com.weather.dal.LocationListProvider: com.weather.dal.LocationListProvider
06-14 16:06:44.724 13454 13481 D androidNetworkLocationListeners: Still have listener com.google.android.location.internal.client.NetworkLocationClient$1@413139b8
06-14 16:06:44.732 13454 13481 D androidNetworkLocationListeners: Still have listener com.google.android.location.internal.client.NetworkLocationClient$1@413139b8
06-14 16:07:31.103 13454 13456 D dalvikvm: GC_CONCURRENT freed 511K, 6% free 10153K/10759K, paused 2ms+3ms
06-14 16:08:16.204 17604 17606 D dalvikvm: GC_CONCURRENT freed 361K, 5% free 10334K/10823K, paused 2ms+15ms
06-14 16:09:01.197 13454 13456 D dalvikvm: GC_CONCURRENT freed 512K, 6% free 10152K/10759K, paused 2ms+3ms
06-14 16:10:02.829   151   153 D dalvikvm: GC_CONCURRENT freed 1899K, 24% free 18910K/24839K, paused 4ms+10ms
06-14 16:10:03.509 17806 17806 I PhoneLab-Locks: wake lock acquired
06-14 16:10:03.544 17806 17806 I PhoneLab-StatusMonitor: Status Monitoring is started
06-14 16:10:03.630 17806 17808 D dalvikvm: GC_CONCURRENT freed 401K, 5% free 9135K/9607K, paused 2ms+1ms
06-14 16:10:03.728 17806 17806 I PhoneLab-StatusMonitor: Value: 10 - unit: min
06-14 16:10:03.728 17806 17806 I PhoneLab-StatusMonitor: Running interval: 600000
06-14 16:10:03.736 17806 17806 I PhoneLab-StatusMonitor: Rescheduling status monitoring...
06-14 16:10:03.736 17806 17806 I PhoneLab-Locks: wake lock released
06-14 16:10:03.743 17806 17806 I PhoneLab-StatusMonitorLocation: Learning Location
06-14 16:10:03.743 17806 17806 I PhoneLab-Locks: wake lock acquired
06-14 16:10:03.783 17806 17806 I PhoneLab-Locks: wake lock acquired
06-14 16:10:03.786 17806 17806 I PhoneLab-StatusMonitorLocation: Learning Signal Strgth
06-14 16:10:03.786 17806 17806 I PhoneLab-Locks: wake lock acquired
06-14 16:10:03.790 13454 13481 D androidNetworkLocationListeners: Still have listener com.google.android.location.internal.client.NetworkLocationClient$1@413139b8
06-14 16:10:03.798 13454 13481 D androidNetworkLocationListeners: Still have listener com.google.android.location.internal.client.NetworkLocationClient$1@413139b8
06-14 16:10:03.822 17806 17806 I PhoneLab-StatusMonitorBattery: Battery_level: 74
06-14 16:10:03.822 17806 17806 I PhoneLab-Locks: wake lock released
06-14 16:10:03.822 17806 17806 I PhoneLab-StatusMonitorSignal: Signal_Strength: -96 asu: 9
06-14 16:10:03.822 17806 17806 I PhoneLab-Locks: wake lock released
06-14 16:10:05.197 13454 13456 D dalvikvm: GC_CONCURRENT freed 502K, 6% free 10154K/10759K, paused 2ms+3ms
06-14 16:10:05.200 17806 17806 I PhoneLab-StatusMonitorLocation: Location_Latitude: 43.0007061 Longitude: -78.786734 Accuracy: 47.0
06-14 16:10:05.200 13454 13481 D androidNetworkLocationListeners: Still have listener com.google.android.location.internal.client.NetworkLocationClient$1@413139b8
06-14 16:10:05.204 17806 17806 I PhoneLab-Locks: wake lock released
06-14 16:10:06.544 17729 17732 D dalvikvm: GC_CONCURRENT freed 263K, 5% free 9529K/9927K, paused 2ms+2ms
06-14 16:10:49.747 17694 17696 D dalvikvm: GC_CONCURRENT freed 408K, 5% free 10636K/11143K, paused 3ms+4ms
06-14 16:10:51.732 13454 13456 D dalvikvm: GC_CONCURRENT freed 498K, 6% free 10153K/10759K, paused 2ms+8ms
06-14 16:11:36.779   389   390 D dalvikvm: GC_CONCURRENT freed 426K, 62% free 10280K/26695K, paused 2ms+3ms
06-14 16:11:36.829   389   390 D dalvikvm: GC_CONCURRENT freed 451K, 62% free 10271K/26695K, paused 1ms+3ms
06-14 16:11:36.927   389   390 D dalvikvm: GC_CONCURRENT freed 402K, 62% free 10324K/26695K, paused 1ms+9ms
06-14 16:11:41.044   151   168 D dalvikvm: GC_EXPLICIT freed 762K, 25% free 18764K/24839K, paused 30ms+8ms
06-14 16:11:41.060 17806 17806 I PhoneLab-LoggerService: Start Logger Service
06-14 16:11:41.060 17806 17866 I PhoneLab-: Service Running
06-14 16:11:41.091 17806 17866 I PhoneLab-LoggerService: app_38    1285  1     1780   1328  c00f181c 400107b4 S logcat
06-14 16:11:41.091 17806 17866 I PhoneLab-LoggerService: Logcat pid from database 1285
06-14 16:11:41.091 17806 17866 I PhoneLab-LoggerService: Logcat process found 1285
06-14 16:11:41.091 17806 17866 I PhoneLab-LoggerService: Checking Threshold
06-14 16:11:44.783 13454 13481 D androidNetworkLocationListeners: Still have listener com.google.android.location.internal.client.NetworkLocationClient$1@413139b8
06-14 16:11:44.790 13454 13481 D androidNetworkLocationListeners: Still have listener com.google.android.location.internal.client.NetworkLocationClient$1@413139b8
06-14 16:11:45.470  6401  6401 D dalvikvm: GC_EXPLICIT freed 265K, 22% free 14115K/17991K, paused 17ms+6ms
06-14 16:11:46.154 13454 13456 D dalvikvm: GC_CONCURRENT freed 496K, 6% free 10157K/10759K, paused 2ms+9ms
06-14 16:11:51.275   151   167 D dalvikvm: GC_EXPLICIT freed 134K, 25% free 18733K/24839K, paused 36ms+7ms
06-14 16:11:56.263  8363  8363 D dalvikvm: GC_EXPLICIT freed 32K, 6% free 9734K/10311K, paused 16ms+3ms
06-14 16:12:05.126 13454 13454 D dalvikvm: GC_EXPLICIT freed 22K, 6% free 10135K/10759K, paused 2ms+4ms
06-14 16:12:10.263  7574  7574 D dalvikvm: GC_EXPLICIT freed 1157K, 23% free 14025K/18055K, paused 29ms+9ms
06-14 16:12:10.697 13454 13454 W GTalkService: [DataMsgMgr] broadcast intent callback: result=CANCELLED forIntent { act=com.google.android.c2dm.intent.RECEIVE cat=[com.facebook.katana] (has extras) }
06-14 16:12:10.865 17694 17696 D dalvikvm: GC_CONCURRENT freed 393K, 5% free 10741K/11271K, paused 2ms+3ms
06-14 16:12:10.986   389   389 D dalvikvm: GC_FOR_ALLOC freed 130K, 61% free 10535K/26695K, paused 17ms
06-14 16:12:11.079   389   390 D dalvikvm: GC_CONCURRENT freed 359K, 61% free 10671K/26695K, paused 2ms+4ms
06-14 16:12:15.755   389   389 D dalvikvm: GC_EXPLICIT freed 446K, 61% free 10634K/26695K, paused 17ms+4ms
06-14 16:12:20.790   470   470 D dalvikvm: GC_EXPLICIT freed 118K, 13% free 12022K/13767K, paused 20ms+3ms
06-14 16:12:25.814   581   581 D dalvikvm: GC_EXPLICIT freed <1K, 4% free 9043K/9347K, paused 24ms+2ms
06-14 16:12:31.353 13454 13462 I dalvikvm: Total arena pages for JIT: 18
06-14 16:12:43.822 13454 13454 W GTalkService: [DataMsgMgr] broadcast intent callback: result=CANCELLED forIntent { act=com.google.android.c2dm.intent.RECEIVE cat=[com.facebook.katana] (has extras) }
06-14 16:13:16.290 13454 13456 D dalvikvm: GC_CONCURRENT freed 482K, 6% free 10164K/10759K, paused 2ms+3ms
06-14 16:13:36.759 17604 17606 D dalvikvm: GC_CONCURRENT freed 387K, 5% free 10368K/10887K, paused 1ms+2ms
06-14 16:13:36.943   389   390 D dalvikvm: GC_CONCURRENT freed 440K, 61% free 10647K/26695K, paused 4ms+8ms
06-14 16:13:37.052   389   390 D dalvikvm: GC_CONCURRENT freed 580K, 61% free 10527K/26695K, paused 2ms+5ms
06-14 16:14:44.654 17806 17866 I PhoneLab-: Service Running
06-14 16:14:44.712 17806 17866 I PhoneLab-LoggerService: app_38    1285  1     1780   1328  c00f181c 400107b4 S logcat
06-14 16:14:44.712 17806 17866 I PhoneLab-LoggerService: Logcat pid from database 1285
06-14 16:14:44.712 17806 17866 I PhoneLab-LoggerService: Logcat process found 1285
06-14 16:14:44.712 17806 17866 I PhoneLab-LoggerService: Checking Threshold
06-14 16:14:44.724 17806 17808 D dalvikvm: GC_CONCURRENT freed 369K, 6% free 9174K/9671K, paused 2ms+2ms
06-14 16:14:46.384 13454 13456 D dalvikvm: GC_CONCURRENT freed 515K, 6% free 10160K/10759K, paused 2ms+3ms
06-14 16:14:50.076 13454 13481 D androidNetworkLocationListeners: Still have listener com.google.android.location.internal.client.NetworkLocationClient$1@413139b8
06-14 16:14:52.423   151   168 I ActivityManager: Start proc com.google.android.apps.maps:LocationFriendService for service com.google.android.apps.maps/com.google.googlenav.appwidget.friends.FriendsAppWidgetUpdateService: pid=17897 uid=10069 gids={3003, 1015}
06-14 16:14:53.611 17897 17899 D dalvikvm: GC_CONCURRENT freed 168K, 3% free 9367K/9607K, paused 2ms+2ms
06-14 16:14:53.939 17897 17899 D dalvikvm: GC_CONCURRENT freed 230K, 4% free 9674K/9991K, paused 4ms+5ms
06-14 16:18:22.564 13454 13481 D androidNetworkLocationListeners: Still have listener com.google.android.location.internal.client.NetworkLocationClient$1@413139b8
06-14 16:18:22.579 13454 13481 D androidNetworkLocationListeners: Still have listener com.google.android.location.internal.client.NetworkLocationClient$1@413139b8
06-14 16:18:23.099   151   167 V BackupManagerService: Running a backup pass
06-14 16:18:23.111   151   324 V BackupManagerService: Backup requested but nothing pending
06-14 16:18:23.931 13454 13456 D dalvikvm: GC_CONCURRENT freed 508K, 6% free 10164K/10759K, paused 2ms+3ms
06-14 16:19:14.486   151   201 I power   : *** set_screen_state 1
06-14 16:19:14.505   151   201 I WindowManager: Lock screen displayed!
06-14 16:19:14.529   151   167 W InputManagerService: Got RemoteException sending 'screen on/off' notification to pid 17323 uid 10058
06-14 16:19:14.576 17729 17729 D DAL     : lrb android.intent.action.SCREEN_ON
06-14 16:19:14.576 17729 17729 D DAL     : lrb Starting displayBannerIfNotConnectedTask
06-14 16:19:14.576 17729 17729 D DAL     : lrb updateCurrentView
06-14 16:19:14.576 17729 17729 I DAL     : lrb updateHeader
06-14 16:19:14.611 13454 13481 D androidNetworkLocationListeners: Still have listener com.google.android.location.internal.client.NetworkLocationClient$1@413139b8
06-14 16:19:14.615 13454 13481 D androidNetworkLocationListeners: Still have listener com.google.android.location.internal.client.NetworkLocationClient$1@413139b8
06-14 16:19:14.622 17729 17920 I ControllerImpl: GET:http://wxdata.weather.com/wxdata/loc/get.js?lat=43.0007027&lng=-78.7867375&locale=en_US&key=e88d42ec-a740-102c-bafd-001321203584
06-14 16:19:14.622 17729 17920 I DAL     : GET:http://wxdata.weather.com/wxdata/loc/get.js?lat=43.0007027&lng=-78.7867375&locale=en_US&key=e88d42ec-a740-102c-bafd-001321203584
06-14 16:19:14.728    79   119 D SurfaceFlinger: Screen about to return, flinger = 0x1eee918
06-14 16:19:15.224 17729 17729 D WeatherGadgetService: WeatherGadetService.getWeatherData:Buffalo, NY (14228), **FOLLOW_ME**
06-14 16:19:15.232 17729 17729 D DAL     : buildRecoveredMap deleting:22328404-AGG-http+wxdata+weather+com+wxdata+mobile+mobagg+14228+js+locale+en_US+key+e88d42ec-a740-102c-bafd-001321203584
06-14 16:19:15.251 17729 17729 D DAL     : buildRecoveredMap deleting:22328404-DISCRETE_CC-Buffalo+NY+(14228)
06-14 16:19:15.263 17729 17729 D DAL     : WeatherDataConnection request:Buffalo, NY (14228), CC
06-14 16:19:15.283 17729 17729 D DAL     : buildRecoveredMap deleting:22328404-DISCRETE_WA-Buffalo+NY+(14228)
06-14 16:19:15.294 17729 17729 D DAL     : WeatherDataConnection request:Buffalo, NY (14228), WA
06-14 16:19:15.353 17729 17923 D DAL     : FILE MEMCACHE-MISS:Buffalo, NY (14228)
06-14 16:19:15.353 17729 17922 D DAL     : FILE MEMCACHE-MISS:Buffalo, NY (14228)
06-14 16:19:15.357 17729 17922 D DAL     : FILE MEMCACHE-MISS:http://wxdata.weather.com/wxdata/mobile/mobagg/14228.js?locale=en_US&key=e88d42ec-a740-102c-bafd-001321203584
06-14 16:19:15.357 17729 17922 I ControllerImpl: GET:http://wxdata.weather.com/wxdata/mobile/mobagg/14228.js?locale=en_US&key=e88d42ec-a740-102c-bafd-001321203584
06-14 16:19:15.357 17729 17922 I DAL     : GET:http://wxdata.weather.com/wxdata/mobile/mobagg/14228.js?locale=en_US&key=e88d42ec-a740-102c-bafd-001321203584
06-14 16:19:15.572 17729 17732 D dalvikvm: GC_CONCURRENT freed 269K, 4% free 9653K/10055K, paused 4ms+11ms
06-14 16:19:15.732 17729 17922 D dalvikvm: GC_FOR_ALLOC freed 287K, 7% free 9619K/10247K, paused 40ms
06-14 16:19:16.154 13454 13456 D dalvikvm: GC_CONCURRENT freed 515K, 6% free 10161K/10759K, paused 3ms+3ms
06-14 16:19:16.357   151   197 I power   : *** set_screen_state 0
06-14 16:19:16.415    79   119 D SurfaceFlinger: About to give-up screen, flinger = 0x1eee918
06-14 16:19:16.462   151   167 W InputManagerService: Got RemoteException sending 'screen on/off' notification to pid 17323 uid 10058
06-14 16:19:16.521 17729 17729 D DAL     : lrb android.intent.action.SCREEN_OFF
06-14 16:19:16.654   151   153 D dalvikvm: GC_CONCURRENT freed 1257K, 22% free 19524K/24839K, paused 9ms+10ms
06-14 16:19:16.661   151   201 V TransportControlView: Create TCV com.android.internal.widget.TransportControlView@41850bf8
06-14 16:20:03.755 17806 17806 I PhoneLab-Locks: wake lock acquired
06-14 16:20:03.783 17806 17806 I PhoneLab-StatusMonitor: Status Monitoring is started
06-14 16:20:03.837 17806 17806 I PhoneLab-StatusMonitor: Value: 10 - unit: min
06-14 16:20:03.841 17806 17806 I PhoneLab-StatusMonitor: Running interval: 600000
06-14 16:20:03.845 17806 17806 I PhoneLab-StatusMonitor: Rescheduling status monitoring...
06-14 16:20:03.845 17806 17806 I PhoneLab-Locks: wake lock released
06-14 16:20:03.853 17806 17806 I PhoneLab-StatusMonitorLocation: Learning Location
06-14 16:20:03.853 17806 17806 I PhoneLab-Locks: wake lock acquired
06-14 16:20:03.861 17806 17806 I PhoneLab-Locks: wake lock acquired
06-14 16:20:03.865 13454 13481 D androidNetworkLocationListeners: Still have listener com.google.android.location.internal.client.NetworkLocationClient$1@413139b8
06-14 16:20:03.868 17806 17808 D dalvikvm: GC_CONCURRENT freed 447K, 6% free 9250K/9799K, paused 1ms+2ms
06-14 16:20:03.884 17806 17806 I PhoneLab-StatusMonitorLocation: Learning Signal Strgth
06-14 16:20:03.884 17806 17806 I PhoneLab-Locks: wake lock acquired
06-14 16:20:03.915 13454 13481 D androidNetworkLocationListeners: Still have listener com.google.android.location.internal.client.NetworkLocationClient$1@413139b8
06-14 16:20:03.915 17806 17806 I PhoneLab-StatusMonitorBattery: Battery_level: 74
06-14 16:20:03.919 17806 17806 I PhoneLab-Locks: wake lock released
06-14 16:20:03.923 17806 17806 I PhoneLab-StatusMonitorSignal: Signal_Strength: -96 asu: 9
06-14 16:20:03.923 17806 17806 I PhoneLab-Locks: wake lock released
06-14 16:20:05.243 13454 13456 D dalvikvm: GC_CONCURRENT freed 512K, 6% free 10160K/10759K, paused 2ms+3ms
06-14 16:20:05.283 17806 17806 I PhoneLab-StatusMonitorLocation: Location_Latitude: 43.0006965 Longitude: -78.7867811 Accuracy: 45.0
06-14 16:20:05.283 13454 13481 D androidNetworkLocationListeners: Still have listener com.google.android.location.internal.client.NetworkLocationClient$1@413139b8
06-14 16:20:05.286 17806 17806 I PhoneLab-Locks: wake lock released
06-14 16:20:51.669 17604 17606 D dalvikvm: GC_CONCURRENT freed 384K, 5% free 10377K/10887K, paused 2ms+3ms
06-14 16:20:51.724 13454 13456 D dalvikvm: GC_CONCURRENT freed 511K, 6% free 10161K/10759K, paused 2ms+3ms
06-14 16:22:21.798 13454 13456 D dalvikvm: GC_CONCURRENT freed 509K, 6% free 10160K/10759K, paused 2ms+3ms
06-14 16:22:37.880 17762 17930 I Gmail   : MainSyncRequestProto: lowestBkwdConvoId: 0, highestHandledServerOp: 613403, normalSync: true
06-14 16:22:38.099 17762 17764 D dalvikvm: GC_CONCURRENT freed 371K, 6% free 9489K/9991K, paused 2ms+2ms
06-14 16:22:39.107 17762 17764 D dalvikvm: GC_CONCURRENT freed 358K, 5% free 9576K/10055K, paused 3ms+2ms
06-14 16:22:39.521 17762 17930 D dalvikvm: GC_EXPLICIT freed 359K, 5% free 9574K/10055K, paused 2ms+2ms
06-14 16:22:39.525 17762 17930 I Gmail   : MainSyncRequestProto: lowestBkwdConvoId: 0, highestHandledServerOp: 613437, normalSync: true
06-14 16:22:39.544 17762 17930 W Gmail   : Scheduling index for 300000 ms from now
06-14 16:22:39.572 17762 17930 I Gmail   : Sending notification intent: Intent { act=android.intent.action.PROVIDER_CHANGED dat=content://gmail-ls/unread/^i (has extras) }
06-14 16:22:39.611 17762 17930 I Gmail   : Sending notification intent: Intent { act=android.intent.action.PROVIDER_CHANGED dat=content://gmail-ls/unread/^iim (has extras) }
06-14 16:23:50.517 13454 13481 D androidNetworkLocationListeners: Still have listener com.google.android.location.internal.client.NetworkLocationClient$1@413139b8
06-14 16:23:50.517 13454 13481 D androidNetworkLocationListeners: Still have listener com.google.android.location.internal.client.NetworkLocationClient$1@413139b8
06-14 16:23:51.900   389   390 D dalvikvm: GC_CONCURRENT freed 563K, 61% free 10464K/26695K, paused 2ms+3ms
06-14 16:23:51.974   389   390 D dalvikvm: GC_CONCURRENT freed 428K, 61% free 10538K/26695K, paused 1ms+3ms
06-14 16:23:52.025 13454 13456 D dalvikvm: GC_CONCURRENT freed 373K, 5% free 10253K/10759K, paused 14ms+46ms
06-14 16:23:52.134   389   390 D dalvikvm: GC_CONCURRENT freed 318K, 61% free 10629K/26695K, paused 2ms+5ms
06-14 16:23:55.681 17806 17866 I PhoneLab-: Service Running
06-14 16:23:55.790 17806 17866 I PhoneLab-LoggerService: app_38    1285  1     1780   1328  c00f181c 400107b4 S logcat
06-14 16:23:55.794 17806 17866 I PhoneLab-LoggerService: Logcat pid from database 1285
06-14 16:23:55.794 17806 17866 I PhoneLab-LoggerService: Logcat process found 1285
06-14 16:23:55.794 17806 17866 I PhoneLab-LoggerService: Checking Threshold
06-14 16:23:55.794 17806 17866 I PhoneLab-: Service Running
06-14 16:23:55.818 17806 17866 I PhoneLab-LoggerService: app_38    1285  1     1780   1328  c00f181c 400107b4 S logcat
06-14 16:23:55.818 17806 17866 I PhoneLab-LoggerService: Logcat pid from database 1285
06-14 16:23:55.822 17806 17866 I PhoneLab-LoggerService: Logcat process found 1285
06-14 16:23:55.822 17806 17866 I PhoneLab-LoggerService: Checking Threshold
06-14 16:23:55.822 17806 17866 I PhoneLab-: Service Running
06-14 16:23:55.845 17806 17866 I PhoneLab-LoggerService: app_38    1285  1     1780   1328  c00f181c 400107b4 S logcat
06-14 16:23:55.845 17806 17866 I PhoneLab-LoggerService: Logcat pid from database 1285
06-14 16:23:55.845 17806 17866 I PhoneLab-LoggerService: Logcat process found 1285
06-14 16:23:55.845 17806 17866 I PhoneLab-LoggerService: Checking Threshold
06-14 16:23:55.845 17806 17866 I PhoneLab-: Service Running
06-14 16:23:55.872 17806 17866 I PhoneLab-LoggerService: app_38    1285  1     1780   1328  c00f181c 400107b4 S logcat
06-14 16:23:55.872 17806 17866 I PhoneLab-LoggerService: Logcat pid from database 1285
06-14 16:23:55.872 17806 17866 I PhoneLab-LoggerService: Logcat process found 1285
06-14 16:23:55.872 17806 17866 I PhoneLab-LoggerService: Checking Threshold
06-14 16:23:55.872 17806 17866 I PhoneLab-: Service Running
06-14 16:23:55.896 17806 17866 I PhoneLab-LoggerService: app_38    1285  1     1780   1328  c00f181c 400107b4 S logcat
06-14 16:23:55.896 17806 17866 I PhoneLab-LoggerService: Logcat pid from database 1285
06-14 16:23:55.900 17806 17866 I PhoneLab-LoggerService: Logcat process found 1285
06-14 16:23:55.900 17806 17866 I PhoneLab-LoggerService: Checking Threshold
06-14 16:25:18.216   151   199 I ActivityManager: Start proc com.google.android.apps.maps for service com.google.android.apps.maps/com.google.googlenav.prefetch.android.PrefetcherService: pid=17965 uid=10069 gids={3003, 1015}
06-14 16:25:18.322 17965 17967 D dalvikvm: GC_CONCURRENT freed 167K, 3% free 9369K/9607K, paused 2ms+2ms
06-14 16:25:18.372 17965 17965 I ActivityThread: Pub com.google.android.maps.SearchHistoryProvider: com.google.googlenav.provider.SearchHistoryProvider
06-14 16:25:18.376 17965 17965 I ActivityThread: Pub com.google.android.maps.SuggestionProvider: com.google.googlenav.suggest.android.SuggestContentProvider
06-14 16:25:18.380 17965 17965 I ActivityThread: Pub com.google.android.maps.LayerInfoProvider: com.google.googlenav.layer.LayerInfoProvider
06-14 16:25:18.388 17965 17965 I ActivityThread: Pub com.google.android.maps.TrafficAppWidgetProvider: com.google.googlenav.appwidget.traffic.TrafficAppWidgetProvider
06-14 16:25:18.388 17965 17965 I ActivityThread: Pub com.google.android.maps.LocalActivePlacesProvider: com.google.googlenav.provider.LocalActivePlacesProvider
06-14 16:25:18.392 17965 17965 I ActivityThread: Pub com.google.android.maps.StarredItemProvider: com.google.googlenav.provider.StarredItemProvider
06-14 16:25:18.458 17965 17967 D dalvikvm: GC_CONCURRENT freed 170K, 3% free 9745K/9991K, paused 2ms+2ms
06-14 16:25:18.540 17965 17965 I ActivityThread: Pub com.google.android.maps.LocalSuggestionProvider: com.google.googlenav.provider.LocalSuggestionProvider
06-14 16:25:18.540 17965 17965 I ActivityThread: Pub com.google.android.maps.NavigationAvailabilityProvider: com.google.googlenav.provider.NavigationAvailabilityProvider
06-14 16:25:18.622 17965 17967 D dalvikvm: GC_CONCURRENT freed 264K, 4% free 9933K/10311K, paused 2ms+2ms
06-14 16:25:18.767 17965 17967 D dalvikvm: GC_CONCURRENT freed 202K, 4% free 10190K/10567K, paused 2ms+10ms
06-14 16:25:21.947 13454 13456 D dalvikvm: GC_CONCURRENT freed 644K, 7% free 10164K/10887K, paused 2ms+3ms
06-14 16:25:36.622   151   153 D dalvikvm: GC_CONCURRENT freed 2314K, 23% free 19132K/24839K, paused 27ms+11ms
06-14 16:25:41.060 17806 17866 I PhoneLab-: Service Running
06-14 16:25:41.154 17806 17866 I PhoneLab-LoggerService: app_38    1285  1     1780   1328  c00f181c 400107b4 S logcat
06-14 16:25:41.154 17806 17866 I PhoneLab-LoggerService: Logcat pid from database 1285
06-14 16:25:41.154 17806 17866 I PhoneLab-LoggerService: Logcat process found 1285
06-14 16:25:41.154 17806 17866 I PhoneLab-LoggerService: Checking Threshold
06-14 16:25:50.540 13454 13481 D androidNetworkLocationListeners: Still have listener com.google.android.location.internal.client.NetworkLocationClient$1@413139b8
06-14 16:25:52.138   389   390 D dalvikvm: GC_CONCURRENT freed 552K, 61% free 10600K/26695K, paused 4ms+2ms
06-14 16:27:56.958 13454 13454 D dalvikvm: GC_EXPLICIT freed 353K, 7% free 10146K/10887K, paused 7ms+3ms
06-14 16:27:56.970 13454 14751 I EventLogService: Aggregate from 1339703876706 (log), 1339703876706 (data)
06-14 16:30:03.576 13454 13481 D androidNetworkLocationListeners: Still have listener com.google.android.location.internal.client.NetworkLocationClient$1@413139b8
06-14 16:30:03.576 13454 13481 D androidNetworkLocationListeners: Still have listener com.google.android.location.internal.client.NetworkLocationClient$1@413139b8
06-14 16:30:03.872 17806 17806 I PhoneLab-Locks: wake lock acquired
06-14 16:30:03.904 17806 17806 I PhoneLab-StatusMonitor: Status Monitoring is started
06-14 16:30:03.958 17806 17808 D dalvikvm: GC_CONCURRENT freed 575K, 7% free 9214K/9863K, paused 1ms+3ms
06-14 16:30:03.994 17806 17806 I PhoneLab-StatusMonitor: Value: 10 - unit: min
06-14 16:30:03.994 17806 17806 I PhoneLab-StatusMonitor: Running interval: 600000
06-14 16:30:04.087   151  7976 D dalvikvm: GC_EXPLICIT freed 595K, 24% free 18900K/24839K, paused 4ms+8ms
06-14 16:30:04.091 17806 17806 I PhoneLab-StatusMonitor: Rescheduling status monitoring...
06-14 16:30:04.091 17806 17806 I PhoneLab-Locks: wake lock released
06-14 16:30:04.095 17806 17806 I PhoneLab-StatusMonitorLocation: Learning Location
06-14 16:30:04.095 17806 17806 I PhoneLab-Locks: wake lock acquired
06-14 16:30:04.099 17806 17806 I PhoneLab-Locks: wake lock acquired
06-14 16:30:04.099 13454 13481 D androidNetworkLocationListeners: Still have listener com.google.android.location.internal.client.NetworkLocationClient$1@413139b8
06-14 16:30:04.103 17806 17806 I PhoneLab-StatusMonitorLocation: Learning Signal Strgth
06-14 16:30:04.103 17806 17806 I PhoneLab-Locks: wake lock acquired
06-14 16:30:04.107 17806 17806 I PhoneLab-StatusMonitorBattery: Battery_level: 74
06-14 16:30:04.107 17806 17806 I PhoneLab-Locks: wake lock released
06-14 16:30:04.111 17806 17806 I PhoneLab-StatusMonitorSignal: Signal_Strength: -96 asu: 9
06-14 16:30:04.111 17806 17806 I PhoneLab-Locks: wake lock released
06-14 16:30:04.111 13454 13481 D androidNetworkLocationListeners: Still have listener com.google.android.location.internal.client.NetworkLocationClient$1@413139b8
06-14 16:30:04.935 17806 17806 I PhoneLab-StatusMonitorLocation: Location_Latitude: 43.000692 Longitude: -78.7866695 Accuracy: 50.0
06-14 16:30:04.935 13454 13481 D androidNetworkLocationListeners: Still have listener com.google.android.location.internal.client.NetworkLocationClient$1@413139b8
06-14 16:30:04.935 17806 17806 I PhoneLab-Locks: wake lock released
06-14 16:30:06.326 13454 13456 D dalvikvm: GC_CONCURRENT freed 498K, 7% free 10160K/10887K, paused 2ms+3ms
06-14 16:30:07.857 17694 17696 D dalvikvm: GC_CONCURRENT freed 433K, 5% free 10779K/11335K, paused 26ms+3ms
06-14 16:31:36.431 13454 13456 D dalvikvm: GC_CONCURRENT freed 513K, 7% free 10158K/10887K, paused 2ms+3ms
06-14 16:31:36.490 17604 17606 D dalvikvm: GC_CONCURRENT freed 434K, 6% free 10382K/10951K, paused 1ms+3ms
06-14 16:33:04.572   389   390 D dalvikvm: GC_CONCURRENT freed 587K, 61% free 10415K/26695K, paused 2ms+4ms
06-14 16:33:06.751 13454 13456 D dalvikvm: GC_CONCURRENT freed 512K, 7% free 10157K/10887K, paused 2ms+3ms
06-14 16:33:24.872 17806 17806 I PhoneLab-Locks: wake lock acquired
06-14 16:33:24.900 17806 18009 I PhoneLab-PeriodicCheckService: User info is synched
06-14 16:33:24.904 17806 18009 I PhoneLab-PeriodicCheckService: Logger Service is running
06-14 16:33:24.904 17806 18009 I PhoneLab-Locks: wake lock acquired
06-14 16:33:24.908 17806 17806 I PhoneLab-UploadLogs: Transfering log files now
06-14 16:33:24.908 17806 17806 I PhoneLab-UploadLogs: No log files to transfer
06-14 16:33:24.908 17806 17806 I PhoneLab-Locks: wake lock released
06-14 16:33:24.908 17806 17806 I PhoneLab-UploadLogs: OnStartCommand
06-14 16:33:24.911 17806 18009 I PhoneLab-PeriodicCheckService: Rescheduling periodic checking...
06-14 16:33:24.911 17806 18009 I PhoneLab-Locks: wake lock released
06-14 16:34:37.079 13454 13456 D dalvikvm: GC_CONCURRENT freed 511K, 7% free 10158K/10887K, paused 2ms+3ms
06-14 16:35:20.568 13454 13481 D androidNetworkLocationListeners: Still have listener com.google.android.location.internal.client.NetworkLocationClient$1@413139b8
06-14 16:35:20.568 13454 13481 D androidNetworkLocationListeners: Still have listener com.google.android.location.internal.client.NetworkLocationClient$1@413139b8
06-14 16:36:06.927 13454 13456 D dalvikvm: GC_CONCURRENT freed 511K, 7% free 10158K/10887K, paused 2ms+2ms
06-14 16:37:37.271 13454 13456 D dalvikvm: GC_CONCURRENT freed 507K, 7% free 10163K/10887K, paused 1ms+3ms
06-14 16:39:07.212 13454 13456 D dalvikvm: GC_CONCURRENT freed 515K, 7% free 10159K/10887K, paused 2ms+2ms
06-14 16:40:03.732 13454 13481 D androidNetworkLocationListeners: Still have listener com.google.android.location.internal.client.NetworkLocationClient$1@413139b8
06-14 16:40:03.740 13454 13481 D androidNetworkLocationListeners: Still have listener com.google.android.location.internal.client.NetworkLocationClient$1@413139b8
06-14 16:40:04.103 17806 17806 I PhoneLab-Locks: wake lock acquired
06-14 16:40:04.142 17806 17806 I PhoneLab-StatusMonitor: Status Monitoring is started
06-14 16:40:04.177 17806 17808 D dalvikvm: GC_CONCURRENT freed 535K, 7% free 9190K/9863K, paused 1ms+2ms
06-14 16:40:04.200 17806 17806 I PhoneLab-StatusMonitor: Value: 10 - unit: min
06-14 16:40:04.200 17806 17806 I PhoneLab-StatusMonitor: Running interval: 600000
06-14 16:40:04.208 17806 17806 I PhoneLab-StatusMonitor: Rescheduling status monitoring...
06-14 16:40:04.208 17806 17806 I PhoneLab-Locks: wake lock released
06-14 16:40:04.212 17806 17806 I PhoneLab-StatusMonitorLocation: Learning Location
06-14 16:40:04.212 17806 17806 I PhoneLab-Locks: wake lock acquired
06-14 16:40:04.216 17806 17806 I PhoneLab-Locks: wake lock acquired
06-14 16:40:04.220 17806 17806 I PhoneLab-StatusMonitorLocation: Learning Signal Strgth
06-14 16:40:04.220 17806 17806 I PhoneLab-Locks: wake lock acquired
06-14 16:40:04.220 13454 13481 D androidNetworkLocationListeners: Still have listener com.google.android.location.internal.client.NetworkLocationClient$1@413139b8
06-14 16:40:04.224 17806 17806 I PhoneLab-StatusMonitorBattery: Battery_level: 73
06-14 16:40:04.224 17806 17806 I PhoneLab-Locks: wake lock released
06-14 16:40:04.228 17806 17806 I PhoneLab-StatusMonitorSignal: Signal_Strength: -96 asu: 9
06-14 16:40:04.228 17806 17806 I PhoneLab-Locks: wake lock released
06-14 16:40:04.228 13454 13481 D androidNetworkLocationListeners: Still have listener com.google.android.location.internal.client.NetworkLocationClient$1@413139b8
06-14 16:40:05.095 13454 13456 D dalvikvm: GC_CONCURRENT freed 505K, 7% free 10166K/10887K, paused 2ms+3ms
06-14 16:40:05.118 17806 17806 I PhoneLab-StatusMonitorLocation: Location_Latitude: 43.0006766 Longitude: -78.7866828 Accuracy: 62.0
06-14 16:40:05.118 13454 13481 D androidNetworkLocationListeners: Still have listener com.google.android.location.internal.client.NetworkLocationClient$1@413139b8
06-14 16:40:05.118 17806 17806 I PhoneLab-Locks: wake lock released
06-14 16:40:49.896 17762 18037 W Gmail   : Successful index run, cancel next scheduled index run
06-14 16:40:51.568 13454 13456 D dalvikvm: GC_CONCURRENT freed 513K, 7% free 10164K/10887K, paused 2ms+2ms
06-14 16:42:19.825 17604 17606 D dalvikvm: GC_CONCURRENT freed 366K, 5% free 10462K/10951K, paused 20ms+7ms
06-14 16:42:21.615 13454 13456 D dalvikvm: GC_CONCURRENT freed 509K, 7% free 10158K/10887K, paused 2ms+2ms
06-14 16:43:51.747 13454 13456 D dalvikvm: GC_CONCURRENT freed 502K, 7% free 10160K/10887K, paused 2ms+9ms
06-14 16:45:19.720 13454 13481 D androidNetworkLocationListeners: Still have listener com.google.android.location.internal.client.NetworkLocationClient$1@413139b8
06-14 16:45:19.732 13454 13481 D androidNetworkLocationListeners: Still have listener com.google.android.location.internal.client.NetworkLocationClient$1@413139b8
06-14 16:45:21.087 13454 13456 D dalvikvm: GC_CONCURRENT freed 501K, 7% free 10165K/10887K, paused 2ms+9ms
06-14 16:46:51.232 13454 13456 D dalvikvm: GC_CONCURRENT freed 500K, 7% free 10160K/10887K, paused 2ms+9ms
06-14 16:47:33.634   151   153 D dalvikvm: GC_CONCURRENT freed 1693K, 23% free 19156K/24839K, paused 4ms+12ms
06-14 16:47:34.911   151  3390 D AlarmManagerService: Kernel timezone updated to 240 minutes west of GMT
06-14 16:47:34.915   470   470 D SystemClock: Setting time of day to sec=1339706854
06-14 16:47:34.099   151   168 I ActivityManager: Start proc com.android.calendar for broadcast com.android.calendar/.widget.CalendarAppWidgetService$CalendarFactory: pid=18060 uid=10005 gids={3003}
06-14 16:47:34.236 18060 18060 I ActivityThread: Pub com.android.calendar.CalendarRecentSuggestionsProvider: com.android.calendar.CalendarRecentSuggestionsProvider
06-14 16:47:34.244 17806 17866 I PhoneLab-: Service Running
06-14 16:47:34.341   151   561 I ActivityManager: Start proc com.android.deskclock for broadcast com.android.deskclock/.AlarmInitReceiver: pid=18077 uid=10011 gids={}
06-14 16:47:34.392   151  9289 I ActivityManager: Start proc com.android.providers.calendar for content provider com.android.providers.calendar/.CalendarProvider2: pid=18090 uid=10006 gids={3003, 1015}
06-14 16:47:34.396 18077 18077 I ActivityThread: Pub com.android.deskclock: com.android.deskclock.AlarmProvider
06-14 16:47:34.443    80    80 D dalvikvm: GC_EXPLICIT freed 37K, 4% free 9031K/9347K, paused 1ms+12ms
06-14 16:47:34.521    80    80 D dalvikvm: GC_EXPLICIT freed <1K, 4% free 9031K/9347K, paused 22ms+2ms
06-14 16:47:34.552    80    80 D dalvikvm: GC_EXPLICIT freed <1K, 4% free 9031K/9347K, paused 2ms+2ms
06-14 16:47:34.552 18090 18090 I ActivityThread: Pub com.android.calendar: com.android.providers.calendar.CalendarProvider2
06-14 16:47:34.552 18077 18096 V AlarmClock: AlarmInitReceiver finished
06-14 16:47:34.580 17806 17866 I PhoneLab-LoggerService: app_38    1285  1     1780   1328  c00f181c 400107b4 S logcat
06-14 16:47:34.580 17806 17866 I PhoneLab-LoggerService: Logcat pid from database 1285
06-14 16:47:34.580 17806 17866 I PhoneLab-LoggerService: Logcat process found 1285
06-14 16:47:34.580 17806 17866 I PhoneLab-LoggerService: Checking Threshold
06-14 16:47:34.584 17806 17866 I PhoneLab-: Service Running
06-14 16:47:34.662 17806 17808 D dalvikvm: GC_CONCURRENT freed 416K, 7% free 9177K/9863K, paused 158ms+2ms
06-14 16:47:34.689   151   950 I ActivityManager: Process com.google.android.apps.maps (pid 17965) has died.
06-14 16:47:34.720 17806 17866 I PhoneLab-LoggerService: app_38    1285  1     1780   1328  c00f181c 400107b4 S logcat
06-14 16:47:34.720 17806 17866 I PhoneLab-LoggerService: Logcat pid from database 1285
06-14 16:47:34.720 17806 17866 I PhoneLab-LoggerService: Logcat process found 1285
06-14 16:47:34.720 17806 17866 I PhoneLab-LoggerService: Checking Threshold
06-14 16:47:34.720 17806 17866 I PhoneLab-: Service Running
06-14 16:47:34.787 17806 17866 I PhoneLab-LoggerService: app_38    1285  1     1780   1328  c00f181c 400107b4 S logcat
06-14 16:47:34.787 17806 17866 I PhoneLab-LoggerService: Logcat pid from database 1285
06-14 16:47:34.787 17806 17866 I PhoneLab-LoggerService: Logcat process found 1285
06-14 16:47:34.787 17806 17866 I PhoneLab-LoggerService: Checking Threshold
06-14 16:47:34.787 17806 17866 I PhoneLab-: Service Running
06-14 16:47:34.970 17762 17764 D dalvikvm: GC_CONCURRENT freed 493K, 6% free 9610K/10183K, paused 2ms+15ms
06-14 16:47:35.052 17806 17866 I PhoneLab-LoggerService: app_38    1285  1     1780   1328  c00f181c 400107b4 S logcat
06-14 16:47:35.052 17806 17866 I PhoneLab-LoggerService: Logcat pid from database 1285
06-14 16:47:35.052 17806 17866 I PhoneLab-LoggerService: Logcat process found 1285
06-14 16:47:35.052 17806 17866 I PhoneLab-LoggerService: Checking Threshold
06-14 16:47:35.052 17806 17866 I PhoneLab-: Service Running
06-14 16:47:35.138 17762 17764 D dalvikvm: GC_CONCURRENT freed 502K, 6% free 9595K/10183K, paused 5ms+5ms
06-14 16:47:35.142 17806 17866 I PhoneLab-LoggerService: app_38    1285  1     1780   1328  c00f181c 400107b4 S logcat
06-14 16:47:35.142 17806 17866 I PhoneLab-LoggerService: Logcat pid from database 1285
06-14 16:47:35.142 17806 17866 I PhoneLab-LoggerService: Logcat process found 1285
06-14 16:47:35.142 17806 17866 I PhoneLab-LoggerService: Checking Threshold
06-14 16:47:35.142 17806 17866 I PhoneLab-: Service Running
06-14 16:47:35.224 17806 17866 I PhoneLab-LoggerService: app_38    1285  1     1780   1328  c00f181c 400107b4 S logcat
06-14 16:47:35.224 17806 17866 I PhoneLab-LoggerService: Logcat pid from database 1285
06-14 16:47:35.224 17806 17866 I PhoneLab-LoggerService: Logcat process found 1285
06-14 16:47:35.224 17806 17866 I PhoneLab-LoggerService: Checking Threshold
06-14 16:47:35.224 17806 17866 I PhoneLab-: Service Running
06-14 16:47:35.326 17806 17866 I PhoneLab-LoggerService: app_38    1285  1     1780   1328  c00f181c 400107b4 S logcat
06-14 16:47:35.326 17806 17866 I PhoneLab-LoggerService: Logcat pid from database 1285
06-14 16:47:35.326 17806 17866 I PhoneLab-LoggerService: Logcat process found 1285
06-14 16:47:35.326 17806 17866 I PhoneLab-LoggerService: Checking Threshold
06-14 16:47:35.326 17806 17866 I PhoneLab-: Service Running
06-14 16:47:35.380 17806 17866 I PhoneLab-LoggerService: app_38    1285  1     1780   1328  c00f181c 400107b4 S logcat
06-14 16:47:35.380 17806 17866 I PhoneLab-LoggerService: Logcat pid from database 1285
06-14 16:47:35.380 17806 17866 I PhoneLab-LoggerService: Logcat process found 1285
06-14 16:47:35.380 17806 17866 I PhoneLab-LoggerService: Checking Threshold
06-14 16:47:35.380 17806 17866 I PhoneLab-: Service Running
06-14 16:47:35.435 17806 17866 I PhoneLab-LoggerService: app_38    1285  1     1780   1328  c00f181c 400107b4 S logcat
06-14 16:47:35.439 17806 17866 I PhoneLab-LoggerService: Logcat pid from database 1285
06-14 16:47:35.439 17806 17866 I PhoneLab-LoggerService: Logcat process found 1285
06-14 16:47:35.439 17806 17866 I PhoneLab-LoggerService: Checking Threshold
06-14 16:47:35.439 17806 17866 I PhoneLab-: Service Running
06-14 16:47:35.494   151   950 I ActivityManager: Process twc.provider (pid 17845) has died.
06-14 16:47:35.529 17806 17808 D dalvikvm: GC_CONCURRENT freed 400K, 7% free 9175K/9863K, paused 1ms+2ms
06-14 16:47:35.603 17806 17866 I PhoneLab-LoggerService: app_38    1285  1     1780   1328  c00f181c 400107b4 S logcat
06-14 16:47:35.607 17806 17866 I PhoneLab-LoggerService: Logcat pid from database 1285
06-14 16:47:35.607 17806 17866 I PhoneLab-LoggerService: Logcat process found 1285
06-14 16:47:35.607 17806 17866 I PhoneLab-LoggerService: Checking Threshold
06-14 16:47:35.666 18060 18062 D dalvikvm: GC_CONCURRENT freed 303K, 5% free 9182K/9607K, paused 2ms+1ms
06-14 16:47:35.826 18090 18090 I CalendarProvider2: Sending notification intent: Intent { act=android.intent.action.PROVIDER_CHANGED dat=content://com.android.calendar }
06-14 16:47:35.826 18090 18090 W ContentResolver: Failed to get type for: content://com.android.calendar (Unknown URL content://com.android.calendar)
06-14 16:47:35.916 18090 18093 D dalvikvm: GC_CONCURRENT freed 329K, 5% free 9143K/9607K, paused 3ms+5ms
06-14 16:48:20.884 13454 13456 D dalvikvm: GC_CONCURRENT freed 513K, 7% free 10158K/10887K, paused 2ms+3ms
06-14 16:49:04.923 17806 17866 I PhoneLab-: Service Running
06-14 16:49:05.009 17806 17866 I PhoneLab-LoggerService: app_38    1285  1     1780   1328  c00f181c 400107b4 S logcat
06-14 16:49:05.013 17806 17866 I PhoneLab-LoggerService: Logcat pid from database 1285
06-14 16:49:05.013 17806 17866 I PhoneLab-LoggerService: Logcat process found 1285
06-14 16:49:05.013 17806 17866 I PhoneLab-LoggerService: Checking Threshold
06-14 16:49:51.099 13454 13456 D dalvikvm: GC_CONCURRENT freed 514K, 7% free 10156K/10887K, paused 2ms+3ms
06-14 16:50:03.357 17806 17806 I PhoneLab-Locks: wake lock acquired
06-14 16:50:03.396 17806 17806 I PhoneLab-StatusMonitor: Status Monitoring is started
06-14 16:50:03.454 17806 17808 D dalvikvm: GC_CONCURRENT freed 455K, 7% free 9228K/9863K, paused 1ms+2ms
06-14 16:50:03.466 17806 17806 I PhoneLab-StatusMonitor: Value: 10 - unit: min
06-14 16:50:03.470 17806 17806 I PhoneLab-StatusMonitor: Running interval: 600000
06-14 16:50:03.478 17806 17806 I PhoneLab-StatusMonitor: Rescheduling status monitoring...
06-14 16:50:03.478 17806 17806 I PhoneLab-Locks: wake lock released
06-14 16:50:03.486 17806 17806 I PhoneLab-StatusMonitorLocation: Learning Location
06-14 16:50:03.486 17806 17806 I PhoneLab-Locks: wake lock acquired
06-14 16:50:03.490 17806 17806 I PhoneLab-Locks: wake lock acquired
06-14 16:50:03.494 17806 17806 I PhoneLab-StatusMonitorLocation: Learning Signal Strgth
06-14 16:50:03.494 17806 17806 I PhoneLab-Locks: wake lock acquired
06-14 16:50:03.497 13454 13481 D androidNetworkLocationListeners: Still have listener com.google.android.location.internal.client.NetworkLocationClient$1@413139b8
06-14 16:50:03.501 13454 13481 D androidNetworkLocationListeners: Still have listener com.google.android.location.internal.client.NetworkLocationClient$1@413139b8
06-14 16:50:03.513 17806 17806 I PhoneLab-StatusMonitorBattery: Battery_level: 73
06-14 16:50:03.513 17806 17806 I PhoneLab-Locks: wake lock released
06-14 16:50:03.517 17806 17806 I PhoneLab-StatusMonitorSignal: Signal_Strength: -96 asu: 9
06-14 16:50:03.517 17806 17806 I PhoneLab-Locks: wake lock released
06-14 16:50:03.533   151   951 I ActivityManager: Start proc twc.provider for content provider com.weather.Weather/com.weather.dal.LocationListProvider: pid=18129 uid=10057 gids={1015, 3003, 1006}
06-14 16:50:03.536 18129 18129 I dalvikvm: Turning on JNI app bug workarounds for target SDK version 13...
06-14 16:50:03.716 18129 18131 D dalvikvm: GC_CONCURRENT freed 152K, 3% free 9383K/9607K, paused 2ms+2ms
06-14 16:50:03.728 18129 18129 I ActivityThread: Pub com.weather.Weather.ads.DynamicConfigProvider: com.weather.Weather.ads.DynamicConfigProvider
06-14 16:50:03.747 18129 18129 I ActivityThread: Pub com.weather.dal.LocationListProvider: com.weather.dal.LocationListProvider
06-14 16:50:03.779 13454 13481 D androidNetworkLocationListeners: Still have listener com.google.android.location.internal.client.NetworkLocationClient$1@413139b8
06-14 16:50:03.779 13454 13481 D androidNetworkLocationListeners: Still have listener com.google.android.location.internal.client.NetworkLocationClient$1@413139b8
06-14 16:50:04.822 17806 17806 I PhoneLab-StatusMonitorLocation: Location_Latitude: 43.0007058 Longitude: -78.7867078 Accuracy: 48.0
06-14 16:50:04.826 13454 13481 D androidNetworkLocationListeners: Still have listener com.google.android.location.internal.client.NetworkLocationClient$1@413139b8
06-14 16:50:04.826 17806 17806 I PhoneLab-Locks: wake lock released
06-14 16:50:06.154 13454 13456 D dalvikvm: GC_CONCURRENT freed 511K, 7% free 10157K/10887K, paused 2ms+3ms
06-14 16:50:06.204 17729 17732 D dalvikvm: GC_CONCURRENT freed 375K, 7% free 9631K/10247K, paused 1ms+2ms
06-14 16:51:36.314 13454 13456 D dalvikvm: GC_CONCURRENT freed 507K, 7% free 10154K/10887K, paused 2ms+3ms
06-14 16:51:41.540   151   151 I ActivityManager: Process com.android.deskclock (pid 18077) has died.
06-14 16:52:20.095   151   151 D dalvikvm: GC_EXPLICIT freed 1561K, 25% free 18846K/24839K, paused 31ms+8ms
06-14 16:52:21.634   151   503 D AlarmManagerService: Kernel timezone updated to 240 minutes west of GMT
06-14 16:53:06.478 17604 17606 D dalvikvm: GC_CONCURRENT freed 449K, 6% free 10448K/11015K, paused 9ms+12ms
06-14 16:53:06.556 13454 13456 D dalvikvm: GC_CONCURRENT freed 510K, 7% free 10155K/10887K, paused 2ms+9ms
06-14 16:53:51.708 17806 17866 I PhoneLab-: Service Running
06-14 16:53:51.841 17806 17866 I PhoneLab-LoggerService: app_38    1285  1     1780   1328  c00f181c 400107b4 S logcat
06-14 16:53:51.841 17806 17866 I PhoneLab-LoggerService: Logcat pid from database 1285
06-14 16:53:51.841 17806 17866 I PhoneLab-LoggerService: Logcat process found 1285
06-14 16:53:51.841 17806 17866 I PhoneLab-LoggerService: Checking Threshold
06-14 16:53:51.841 17806 17866 I PhoneLab-: Service Running
06-14 16:53:51.888 17806 17866 I PhoneLab-LoggerService: app_38    1285  1     1780   1328  c00f181c 400107b4 S logcat
06-14 16:53:51.892 17806 17866 I PhoneLab-LoggerService: Logcat pid from database 1285
06-14 16:53:51.892 17806 17866 I PhoneLab-LoggerService: Logcat process found 1285
06-14 16:53:51.892 17806 17866 I PhoneLab-LoggerService: Checking Threshold
06-14 16:53:51.892 17806 17866 I PhoneLab-: Service Running
06-14 16:53:51.915 17806 17866 I PhoneLab-LoggerService: app_38    1285  1     1780   1328  c00f181c 400107b4 S logcat
06-14 16:53:51.915 17806 17866 I PhoneLab-LoggerService: Logcat pid from database 1285
06-14 16:53:51.919 17806 17866 I PhoneLab-LoggerService: Logcat process found 1285
06-14 16:53:51.919 17806 17866 I PhoneLab-LoggerService: Checking Threshold
06-14 16:54:36.388   151  9289 D AlarmManagerService: Kernel timezone updated to 240 minutes west of GMT
06-14 16:54:36.915 13454 13456 D dalvikvm: GC_CONCURRENT freed 494K, 7% free 10152K/10887K, paused 1ms+8ms
06-14 16:55:16.560 13454 13481 D androidNetworkLocationListeners: Still have listener com.google.android.location.internal.client.NetworkLocationClient$1@413139b8
06-14 16:55:16.564 13454 13481 D androidNetworkLocationListeners: Still have listener com.google.android.location.internal.client.NetworkLocationClient$1@413139b8
06-14 16:55:54.548   470   470 D SAN_SERVICE: *******************************************
06-14 16:55:54.548   470   470 D SAN_SERVICE: DM App Phone Call State - 1
06-14 16:55:54.548   470   470 D SAN_SERVICE: *******************************************
06-14 16:55:54.556   470   470 D CallNotifier: RINGING... (new)
06-14 16:55:54.556   470   470 D CallNotifier: onNewRingingConnection(): state = RINGING, conn = {  incoming: true state: INCOMING post dial state: NOT_STARTED }
06-14 16:55:54.568   470 18171 D CallNotifier: SignalInfoTonePlayer.run(toneId = 98)...
06-14 16:55:54.583   151   561 I ActivityManager: Process com.google.android.gm (pid 17762) has died.
06-14 16:55:54.654   470   470 D Bluetooth HS/HF: CDMA call state: IDLE prev state:IDLE
06-14 16:55:54.654   389   389 D PhoneStatusBar: disable: < expand icons ALERTS* ticker system_info BACK HOME RECENT CLOCK >
06-14 16:55:54.661   151 12944 I ActivityManager: Start proc android.process.acore for content provider com.android.providers.contacts/.ContactsProvider2: pid=18174 uid=10000 gids={3003, 1015}
06-14 16:55:54.669    82   122 D AudioHardware: AudioStreamOutALSA::setParameters() routing=1
06-14 16:55:54.681    82   122 D AudioHardware: AudioHardware pcm playback is exiting standby.
06-14 16:55:54.681    82   122 D AudioHardware: openPcmOut_l() mPcmOpenCnt: 0
06-14 16:55:54.697   470   470 D AccelerometerListener: enable(false)
06-14 16:55:54.728 18174 18174 I ActivityThread: Pub call_log: com.android.providers.contacts.CallLogProvider
06-14 16:55:54.790 18174 18174 I ActivityThread: Pub com.android.voicemail: com.android.providers.contacts.VoicemailContentProvider
06-14 16:55:54.794 18174 18174 I ActivityThread: Pub user_dictionary: com.android.providers.userdictionary.UserDictionaryProvider
06-14 16:55:54.826 18174 18174 I ActivityThread: Pub com.android.social: com.android.providers.contacts.SocialProvider
06-14 16:55:54.826 18174 18174 I ActivityThread: Pub applications: com.android.providers.applications.ApplicationsProvider
06-14 16:55:54.935 18174 18174 I ActivityThread: Pub contacts;com.android.contacts: com.android.providers.contacts.ContactsProvider2
06-14 16:55:54.974 18174 18176 D dalvikvm: GC_CONCURRENT freed 350K, 5% free 9186K/9607K, paused 3ms+3ms
06-14 16:55:55.161   470   470 W CallNotifier: CallerInfo query took too long; manually starting ringer
06-14 16:55:55.161   470   470 W CallNotifier: CallerInfo query took too long; falling back to default ringtone
06-14 16:55:55.165   470   470 D CallNotifier: showIncomingCall()...  phone state = RINGING
06-14 16:55:55.169   151   481 I power   : *** set_screen_state 0
06-14 16:55:55.197   151   201 I WindowManager: Lock screen displayed!
06-14 16:55:55.212   151   167 W InputManagerService: Got RemoteException sending 'screen on/off' notification to pid 17323 uid 10058
