06-24 04:16:54.546 24678 24678 I PhoneLab-Locks: wake lock acquired
06-24 04:16:54.558 21073 21645 D androidNetworkLocationListeners: Still have listener com.google.android.location.internal.client.NetworkLocationClient$1@41378c20
06-24 04:16:54.558 21073 21554 D WifiLocator: Too many no-location APs. Will not compute a location nor go to the server. hasLocation=0 noLocation=0 cacheMiss=0
06-24 04:16:54.566 24678 24678 I PhoneLab-StatusMonitorBattery: Battery_level: 72
06-24 04:16:54.566 24678 24678 I PhoneLab-Locks: wake lock released
06-24 04:16:54.570 24678 24678 I PhoneLab-StatusMonitorSignal: Signal_Strength: -65 asu: 24
06-24 04:16:54.570 24678 24678 I PhoneLab-Locks: wake lock released
06-24 04:16:54.578 21073 21554 D WifiLocator: Too many no-location APs. Will not compute a location nor go to the server. hasLocation=0 noLocation=0 cacheMiss=0
06-24 04:16:54.605 21073 21075 D dalvikvm: GC_CONCURRENT freed 374K, 6% free 10184K/10823K, paused 1ms+3ms
06-24 04:16:54.636 24678 24678 I PhoneLab-StatusMonitorLocation: Location_Latitude: 42.8911244 Longitude: -78.8748784 Accuracy: 1411.0
06-24 04:16:54.640 21073 21645 D androidNetworkLocationListeners: Still have listener com.google.android.location.internal.client.NetworkLocationClient$1@41378c20
06-24 04:16:54.640 24678 24678 I PhoneLab-Locks: wake lock released
06-24 04:16:54.652 21073 21554 D WifiLocator: Too many no-location APs. Will not compute a location nor go to the server. hasLocation=0 noLocation=0 cacheMiss=0
06-24 04:17:40.023 21073 21554 D WifiLocator: Too many no-location APs. Will not compute a location nor go to the server. hasLocation=0 noLocation=0 cacheMiss=0
06-24 04:18:25.093 21073 21554 D WifiLocator: Too many no-location APs. Will not compute a location nor go to the server. hasLocation=0 noLocation=0 cacheMiss=0
06-24 04:19:10.062 21073 21554 D WifiLocator: Too many no-location APs. Will not compute a location nor go to the server. hasLocation=0 noLocation=0 cacheMiss=0
06-24 04:19:55.101 21073 21554 D WifiLocator: Too many no-location APs. Will not compute a location nor go to the server. hasLocation=0 noLocation=0 cacheMiss=0
06-24 04:20:40.277 21073 21554 D WifiLocator: Too many no-location APs. Will not compute a location nor go to the server. hasLocation=0 noLocation=0 cacheMiss=0
06-24 04:21:24.121 27084 27095 D dalvikvm: GC_EXPLICIT freed 203K, 4% free 9474K/9799K, paused 2ms+3ms
06-24 04:21:24.179 21073 21645 D androidNetworkLocationListeners: Still have listener com.google.android.location.internal.client.NetworkLocationClient$1@41378c20
06-24 04:21:24.183 21073 21645 D androidNetworkLocationListeners: Still have listener com.google.android.location.internal.client.NetworkLocationClient$1@41378c20
06-24 04:21:24.187 21073 21554 D WifiLocator: Too many no-location APs. Will not compute a location nor go to the server. hasLocation=0 noLocation=0 cacheMiss=0
06-24 04:21:24.195 21073 21554 D WifiLocator: Too many no-location APs. Will not compute a location nor go to the server. hasLocation=0 noLocation=0 cacheMiss=0
06-24 04:22:09.347 21073 21554 D WifiLocator: Too many no-location APs. Will not compute a location nor go to the server. hasLocation=0 noLocation=0 cacheMiss=0
06-24 04:22:54.394 21073 21554 D WifiLocator: Too many no-location APs. Will not compute a location nor go to the server. hasLocation=0 noLocation=0 cacheMiss=0
06-24 04:23:39.425 21073 21554 D WifiLocator: Too many no-location APs. Will not compute a location nor go to the server. hasLocation=0 noLocation=0 cacheMiss=0
06-24 04:24:24.472 21073 21554 D WifiLocator: Too many no-location APs. Will not compute a location nor go to the server. hasLocation=0 noLocation=0 cacheMiss=0
06-24 04:25:09.285   327   329 D dalvikvm: GC_CONCURRENT freed 398K, 53% free 10298K/21767K, paused 2ms+6ms
06-24 04:25:09.519 21073 21554 D WifiLocator: Too many no-location APs. Will not compute a location nor go to the server. hasLocation=0 noLocation=0 cacheMiss=0
06-24 04:25:46.043 21073 21645 D androidNetworkLocationListeners: Still have listener com.google.android.location.internal.client.NetworkLocationClient$1@41378c20
06-24 04:25:46.074 21073 21645 D androidNetworkLocationListeners: Still have listener com.google.android.location.internal.client.NetworkLocationClient$1@41378c20
06-24 04:25:46.136   151  1216 D dalvikvm: GC_EXPLICIT freed 977K, 32% free 17448K/25415K, paused 3ms+8ms
06-24 04:25:46.144 21073 21554 D WifiLocator: Too many no-location APs. Will not compute a location nor go to the server. hasLocation=0 noLocation=0 cacheMiss=0
06-24 04:25:46.519   151   167 V BackupManagerService: Running a backup pass
06-24 04:25:46.539   151   268 V BackupManagerService: Backup requested but nothing pending
06-24 04:26:31.359 21073 21554 D WifiLocator: Too many no-location APs. Will not compute a location nor go to the server. hasLocation=0 noLocation=0 cacheMiss=0
06-24 04:26:36.453 26085 26087 D dalvikvm: GC_CONCURRENT freed 394K, 5% free 10295K/10823K, paused 4ms+2ms
06-24 04:26:54.554 24678 24678 I PhoneLab-Locks: wake lock acquired
06-24 04:26:54.582 24678 24678 I PhoneLab-StatusMonitor: Status Monitoring is started
06-24 04:26:54.629 24678 24680 D dalvikvm: GC_CONCURRENT freed 520K, 15% free 9246K/10823K, paused 1ms+2ms
06-24 04:26:54.636 24678 24678 I PhoneLab-StatusMonitor: Value: 10 - unit: min
06-24 04:26:54.636 24678 24678 I PhoneLab-StatusMonitor: Running interval: 600000
06-24 04:26:54.648 24678 24678 I PhoneLab-StatusMonitor: Rescheduling status monitoring...
06-24 04:26:54.648 24678 24678 I PhoneLab-Locks: wake lock released
06-24 04:26:57.007 24678 24678 I PhoneLab-StatusMonitorLocation: Learning Location
06-24 04:26:57.007 24678 24678 I PhoneLab-Locks: wake lock acquired
06-24 04:26:57.011 24678 24678 I PhoneLab-Locks: wake lock acquired
06-24 04:26:57.015 24678 24678 I PhoneLab-StatusMonitorLocation: Learning Signal Strgth
06-24 04:26:57.015 24678 24678 I PhoneLab-Locks: wake lock acquired
06-24 04:26:57.023 21073 21645 D androidNetworkLocationListeners: Still have listener com.google.android.location.internal.client.NetworkLocationClient$1@41378c20
06-24 04:26:57.031 21073 21645 D androidNetworkLocationListeners: Still have listener com.google.android.location.internal.client.NetworkLocationClient$1@41378c20
06-24 04:26:57.031 21073 21554 D WifiLocator: Too many no-location APs. Will not compute a location nor go to the server. hasLocation=0 noLocation=0 cacheMiss=0
06-24 04:26:57.031 24678 24678 I PhoneLab-StatusMonitorBattery: Battery_level: 72
06-24 04:26:57.035 24678 24678 I PhoneLab-Locks: wake lock released
06-24 04:26:57.039 24678 24678 I PhoneLab-StatusMonitorSignal: Signal_Strength: -76 asu: 19
06-24 04:26:57.039 24678 24678 I PhoneLab-Locks: wake lock released
06-24 04:26:57.047 21073 21554 D WifiLocator: Too many no-location APs. Will not compute a location nor go to the server. hasLocation=0 noLocation=0 cacheMiss=0
06-24 04:26:57.062 24678 24678 I PhoneLab-StatusMonitorLocation: Location_Latitude: 42.8911244 Longitude: -78.8748784 Accuracy: 1411.0
06-24 04:26:57.062 21073 21645 D androidNetworkLocationListeners: Still have listener com.google.android.location.internal.client.NetworkLocationClient$1@41378c20
06-24 04:26:57.062 24678 24678 I PhoneLab-Locks: wake lock released
06-24 04:26:57.074 21073 21554 D WifiLocator: Too many no-location APs. Will not compute a location nor go to the server. hasLocation=0 noLocation=0 cacheMiss=0
06-24 04:26:57.617 21073 22168 I EventLogService: Aggregate from 1340524617524 (log), 1340524617524 (data)
06-24 04:27:42.109 21073 21554 D WifiLocator: Too many no-location APs. Will not compute a location nor go to the server. hasLocation=0 noLocation=0 cacheMiss=0
06-24 04:27:49.179 24678 24691 I PhoneLab-: Service Running
06-24 04:27:49.211   151   151 I ActivityManager: Process com.facebook.orca (pid 25006) has died.
06-24 04:27:49.211   151   151 W ActivityManager: Scheduling restart of crashed service com.facebook.orca/.server.OrcaService in 5000ms
06-24 04:27:49.211   151   151 W ActivityManager: Scheduling restart of crashed service com.facebook.orca/.push.mqtt.MqttPushService in 14999ms
06-24 04:27:49.242 22580 22580 D OpenGLRenderer: Flushing caches (mode 2)
06-24 04:27:49.242 22580 22580 D OpenGLRenderer: Flushing caches (mode 0)
06-24 04:27:49.242 22580 22580 D OpenGLRenderer: Flushing caches (mode 0)
06-24 04:27:49.242 22580 22580 D OpenGLRenderer: Flushing caches (mode 0)
06-24 04:27:49.242 22580 22580 W ManagedEGLContext: doTerminate failed: EGL count is 2 but managed count is 1
06-24 04:27:49.269 24678 24691 I PhoneLab-LoggerService: app_38    1593  1     752    308   c00f181c 400107b4 S logcat
06-24 04:27:49.269 24678 24691 I PhoneLab-LoggerService: Logcat pid from database 1593
06-24 04:27:49.273 24678 24691 I PhoneLab-LoggerService: Logcat process found 1593
06-24 04:27:49.273 24678 24691 I PhoneLab-LoggerService: Checking Threshold
06-24 04:27:49.273 24678 24691 I PhoneLab-LoggerService: Starting to rename files
06-24 04:27:49.273 24678 24691 I PhoneLab-LoggerService: Files found .. 2
06-24 04:27:49.273 24678 24691 I PhoneLab-LoggerService: File 1 log.out.1
06-24 04:27:49.293 24678 24691 I PhoneLab-LoggerService: Renamed successfully
06-24 04:27:49.296 24678 24691 I PhoneLab-: Service Running
06-24 04:27:49.324 24678 24691 I PhoneLab-LoggerService: app_38    1593  1     752    308   c00f181c 400107b4 S logcat
06-24 04:27:49.324 24678 24691 I PhoneLab-LoggerService: Logcat pid from database 1593
06-24 04:27:49.324 24678 24691 I PhoneLab-LoggerService: Logcat process found 1593
06-24 04:27:49.324 24678 24691 I PhoneLab-LoggerService: Checking Threshold
06-24 04:27:49.324 24678 24691 I PhoneLab-LoggerService: Starting to rename files
06-24 04:27:49.324 24678 24691 I PhoneLab-LoggerService: Files found .. 2
06-24 04:27:49.324 24678 24691 I PhoneLab-: Service Running
06-24 04:27:49.351 24678 24691 I PhoneLab-LoggerService: app_38    1593  1     752    308   c00f181c 400107b4 S logcat
06-24 04:27:49.351 24678 24691 I PhoneLab-LoggerService: Logcat pid from database 1593
06-24 04:27:49.351 24678 24691 I PhoneLab-LoggerService: Logcat process found 1593
06-24 04:27:49.351 24678 24691 I PhoneLab-LoggerService: Checking Threshold
06-24 04:27:49.351 24678 24691 I PhoneLab-LoggerService: Starting to rename files
06-24 04:27:49.351 24678 24691 I PhoneLab-LoggerService: Files found .. 2
06-24 04:27:49.355 24678 24691 I PhoneLab-: Service Running
06-24 04:27:49.394 24678 24691 I PhoneLab-LoggerService: app_38    1593  1     752    308   c00f181c 400107b4 S logcat
06-24 04:27:49.394 24678 24691 I PhoneLab-LoggerService: Logcat pid from database 1593
06-24 04:27:49.394 24678 24691 I PhoneLab-LoggerService: Logcat process found 1593
06-24 04:27:49.394 24678 24691 I PhoneLab-LoggerService: Checking Threshold
06-24 04:27:49.394 24678 24691 I PhoneLab-LoggerService: Starting to rename files
06-24 04:27:49.394 24678 24691 I PhoneLab-LoggerService: Files found .. 2
06-24 04:27:49.394 24678 24691 I PhoneLab-: Service Running
06-24 04:27:49.414 24678 24680 D dalvikvm: GC_CONCURRENT freed 448K, 15% free 9205K/10823K, paused 2ms+2ms
06-24 04:27:49.437 24678 24691 I PhoneLab-LoggerService: app_38    1593  1     752    308   c00f181c 400107b4 S logcat
06-24 04:27:49.437 24678 24691 I PhoneLab-LoggerService: Logcat pid from database 1593
06-24 04:27:49.437 24678 24691 I PhoneLab-LoggerService: Logcat process found 1593
06-24 04:27:49.437 24678 24691 I PhoneLab-LoggerService: Checking Threshold
06-24 04:27:49.437 24678 24691 I PhoneLab-LoggerService: Starting to rename files
06-24 04:27:49.437 24678 24691 I PhoneLab-LoggerService: Files found .. 2
06-24 04:27:49.437 24678 24691 I PhoneLab-: Service Running
06-24 04:27:49.464 24678 24691 I PhoneLab-LoggerService: app_38    1593  1     752    308   c00f181c 400107b4 S logcat
06-24 04:27:49.464 24678 24691 I PhoneLab-LoggerService: Logcat pid from database 1593
06-24 04:27:49.464 24678 24691 I PhoneLab-LoggerService: Logcat process found 1593
06-24 04:27:49.464 24678 24691 I PhoneLab-LoggerService: Checking Threshold
06-24 04:27:49.464 24678 24691 I PhoneLab-LoggerService: Starting to rename files
06-24 04:27:49.468 24678 24691 I PhoneLab-LoggerService: Files found .. 2
06-24 04:27:49.468 24678 24691 I PhoneLab-: Service Running
06-24 04:27:49.511 24678 24691 I PhoneLab-LoggerService: app_38    1593  1     752    308   c00f181c 400107b4 S logcat
06-24 04:27:49.511 24678 24691 I PhoneLab-LoggerService: Logcat pid from database 1593
06-24 04:27:49.511 24678 24691 I PhoneLab-LoggerService: Logcat process found 1593
06-24 04:27:49.515 24678 24691 I PhoneLab-LoggerService: Checking Threshold
06-24 04:27:49.515 24678 24691 I PhoneLab-LoggerService: Starting to rename files
06-24 04:27:49.515 24678 24691 I PhoneLab-LoggerService: Files found .. 2
06-24 04:27:49.515 24678 24691 I PhoneLab-: Service Running
06-24 04:27:49.543 24678 24691 I PhoneLab-LoggerService: app_38    1593  1     752    308   c00f181c 400107b4 S logcat
06-24 04:27:49.543 24678 24691 I PhoneLab-LoggerService: Logcat pid from database 1593
06-24 04:27:49.543 24678 24691 I PhoneLab-LoggerService: Logcat process found 1593
06-24 04:27:49.543 24678 24691 I PhoneLab-LoggerService: Checking Threshold
06-24 04:27:49.543 24678 24691 I PhoneLab-LoggerService: Starting to rename files
06-24 04:27:49.543 24678 24691 I PhoneLab-LoggerService: Files found .. 2
06-24 04:27:49.546 24678 24691 I PhoneLab-: Service Running
06-24 04:27:49.570 24678 24691 I PhoneLab-LoggerService: app_38    1593  1     752    308   c00f181c 400107b4 S logcat
06-24 04:27:49.570 24678 24691 I PhoneLab-LoggerService: Logcat pid from database 1593
06-24 04:27:49.570 24678 24691 I PhoneLab-LoggerService: Logcat process found 1593
06-24 04:27:49.570 24678 24691 I PhoneLab-LoggerService: Checking Threshold
06-24 04:27:49.574 24678 24691 I PhoneLab-LoggerService: Starting to rename files
06-24 04:27:49.574 24678 24691 I PhoneLab-LoggerService: Files found .. 2
06-24 04:27:49.574 24678 24691 I PhoneLab-: Service Running
06-24 04:27:49.601 24678 24691 I PhoneLab-LoggerService: app_38    1593  1     752    308   c00f181c 400107b4 S logcat
06-24 04:27:49.601 24678 24691 I PhoneLab-LoggerService: Logcat pid from database 1593
06-24 04:27:49.601 24678 24691 I PhoneLab-LoggerService: Logcat process found 1593
06-24 04:27:49.601 24678 24691 I PhoneLab-LoggerService: Checking Threshold
06-24 04:27:49.601 24678 24691 I PhoneLab-LoggerService: Starting to rename files
06-24 04:27:49.601 24678 24691 I PhoneLab-LoggerService: Files found .. 2
06-24 04:27:49.605 24678 24691 I PhoneLab-: Service Running
06-24 04:27:49.628 24678 24691 I PhoneLab-LoggerService: app_38    1593  1     752    308   c00f181c 400107b4 S logcat
06-24 04:27:49.628 24678 24691 I PhoneLab-LoggerService: Logcat pid from database 1593
06-24 04:27:49.628 24678 24691 I PhoneLab-LoggerService: Logcat process found 1593
06-24 04:27:49.628 24678 24691 I PhoneLab-LoggerService: Checking Threshold
06-24 04:27:49.628 24678 24691 I PhoneLab-LoggerService: Starting to rename files
06-24 04:27:49.632 24678 24691 I PhoneLab-LoggerService: Files found .. 2
06-24 04:27:49.632 24678 24691 I PhoneLab-: Service Running
06-24 04:27:49.750 22580 22580 D OpenGLRenderer: Flushing caches (mode 2)
06-24 04:27:49.750 22580 22580 D OpenGLRenderer: Flushing caches (mode 0)
06-24 04:27:49.750 22580 22580 D OpenGLRenderer: Flushing caches (mode 0)
06-24 04:27:49.753 22580 22580 D OpenGLRenderer: Flushing caches (mode 0)
06-24 04:27:49.753 22580 22580 W ManagedEGLContext: doTerminate failed: EGL count is 2 but managed count is 1
06-24 04:27:49.765 24678 24680 D dalvikvm: GC_CONCURRENT freed 390K, 15% free 9221K/10823K, paused 2ms+90ms
06-24 04:27:49.773 24678 24691 I PhoneLab-LoggerService: app_38    1593  1     752    308   c00f181c 400107b4 S logcat
06-24 04:27:49.773 24678 24691 I PhoneLab-LoggerService: Logcat pid from database 1593
06-24 04:27:49.773 24678 24691 I PhoneLab-LoggerService: Logcat process found 1593
06-24 04:27:49.773 24678 24691 I PhoneLab-LoggerService: Checking Threshold
06-24 04:27:49.773 24678 24691 I PhoneLab-LoggerService: Starting to rename files
06-24 04:27:49.773 24678 24691 I PhoneLab-LoggerService: Files found .. 2
06-24 04:27:49.777 24678 24691 I PhoneLab-: Service Running
06-24 04:27:49.820 24678 24691 I PhoneLab-LoggerService: app_38    1593  1     752    308   c00f181c 400107b4 S logcat
06-24 04:27:49.820 24678 24691 I PhoneLab-LoggerService: Logcat pid from database 1593
06-24 04:27:49.820 24678 24691 I PhoneLab-LoggerService: Logcat process found 1593
06-24 04:27:49.820 24678 24691 I PhoneLab-LoggerService: Checking Threshold
06-24 04:27:49.820 24678 24691 I PhoneLab-LoggerService: Starting to rename files
06-24 04:27:49.820 24678 24691 I PhoneLab-LoggerService: Files found .. 2
06-24 04:27:49.824 24678 24691 I PhoneLab-: Service Running
06-24 04:27:49.847 24678 24691 I PhoneLab-LoggerService: app_38    1593  1     752    308   c00f181c 400107b4 S logcat
06-24 04:27:49.851 24678 24691 I PhoneLab-LoggerService: Logcat pid from database 1593
06-24 04:27:49.851 24678 24691 I PhoneLab-LoggerService: Logcat process found 1593
06-24 04:27:49.851 24678 24691 I PhoneLab-LoggerService: Checking Threshold
06-24 04:27:49.851 24678 24691 I PhoneLab-LoggerService: Starting to rename files
06-24 04:27:49.851 24678 24691 I PhoneLab-LoggerService: Files found .. 2
06-24 04:27:49.851 24678 24691 I PhoneLab-: Service Running
06-24 04:27:49.882 24678 24691 I PhoneLab-LoggerService: app_38    1593  1     752    308   c00f181c 400107b4 S logcat
06-24 04:27:49.882 24678 24691 I PhoneLab-LoggerService: Logcat pid from database 1593
06-24 04:27:49.882 24678 24691 I PhoneLab-LoggerService: Logcat process found 1593
06-24 04:27:49.882 24678 24691 I PhoneLab-LoggerService: Checking Threshold
06-24 04:27:49.886 24678 24691 I PhoneLab-LoggerService: Starting to rename files
06-24 04:27:49.886 24678 24691 I PhoneLab-LoggerService: Files found .. 2
06-24 04:27:49.886 24678 24691 I PhoneLab-: Service Running
06-24 04:27:49.918 24678 24691 I PhoneLab-LoggerService: app_38    1593  1     752    308   c00f181c 400107b4 S logcat
06-24 04:27:49.918 24678 24691 I PhoneLab-LoggerService: Logcat pid from database 1593
06-24 04:27:49.918 24678 24691 I PhoneLab-LoggerService: Logcat process found 1593
06-24 04:27:49.921 24678 24691 I PhoneLab-LoggerService: Checking Threshold
06-24 04:27:49.921 24678 24691 I PhoneLab-LoggerService: Starting to rename files
06-24 04:27:49.921 24678 24691 I PhoneLab-LoggerService: Files found .. 2
06-24 04:28:27.093 21073 21554 D WifiLocator: Too many no-location APs. Will not compute a location nor go to the server. hasLocation=0 noLocation=0 cacheMiss=0
06-24 04:28:39.406 24678 24678 I PhoneLab-Locks: wake lock acquired
06-24 04:28:39.429 22580 22580 D OpenGLRenderer: Flushing caches (mode 2)
06-24 04:28:39.429 22580 22580 D OpenGLRenderer: Flushing caches (mode 0)
06-24 04:28:39.433 22580 22580 D OpenGLRenderer: Flushing caches (mode 0)
06-24 04:28:39.433 22580 22580 D OpenGLRenderer: Flushing caches (mode 0)
06-24 04:28:39.433 22580 22580 W ManagedEGLContext: doTerminate failed: EGL count is 2 but managed count is 1
06-24 04:28:39.441 24678 27697 I PhoneLab-PeriodicCheckService: User info is synched
06-24 04:28:39.445 24678 27697 I PhoneLab-PeriodicCheckService: Logger Service is running
06-24 04:28:39.449 24678 27697 I PhoneLab-Locks: wake lock acquired
06-24 04:28:39.461 24678 27697 I PhoneLab-PeriodicCheckService: Rescheduling periodic checking...
06-24 04:28:39.476 24678 25442 D dalvikvm: GC_EXPLICIT freed 288K, 16% free 9181K/10823K, paused 2ms+2ms
06-24 04:28:39.476 24678 27697 I PhoneLab-Locks: wake lock released
06-24 04:28:39.476 24678 24678 I PhoneLab-UploadLogs: Transfering log files now
06-24 04:28:39.535 24678 24680 D dalvikvm: GC_CONCURRENT freed 329K, 15% free 9296K/10823K, paused 1ms+2ms
06-24 04:28:39.550 24678 24678 D dalvikvm: GC_FOR_ALLOC freed 184K, 13% free 9480K/10823K, paused 13ms
06-24 04:28:39.570 24678 24678 I PhoneLab-UploadLogs: OnStartCommand
06-24 04:28:39.578 24678 24680 D dalvikvm: GC_CONCURRENT freed 299K, 11% free 9693K/10823K, paused 1ms+2ms
06-24 04:28:39.785   151   168 I ActivityManager: Start proc com.facebook.orca for service com.facebook.orca/.server.OrcaService: pid=27700 uid=10067 gids={3003, 1015, 1006}
06-24 04:28:39.808 27700 27700 I dalvikvm: Turning on JNI app bug workarounds for target SDK version 10...
06-24 04:28:39.957 27700 27700 I ActivityThread: Pub com.facebook.orca.notify.MessengerLoggedInUserProvider: com.facebook.orca.notify.MessengerLoggedInUserProvider
06-24 04:28:39.980 27700 27700 I ActivityThread: Pub com.facebook.orca.notify.MessengerForegroundProvider: com.facebook.orca.notify.MessengerForegroundProvider
06-24 04:28:39.988 27700 27700 V orca:OrcaApplication: Forcing initialization of AsyncTask
06-24 04:28:40.117 27700 27703 D dalvikvm: GC_CONCURRENT freed 212K, 3% free 9323K/9607K, paused 4ms+3ms
06-24 04:28:40.117 27700 27700 I Finalizer: Couldn't access Thread.inheritableThreadLocals. Reference finalizer threads will inherit thread local values.
06-24 04:28:40.265 27700 27703 D dalvikvm: GC_CONCURRENT freed 365K, 6% free 9429K/9927K, paused 2ms+2ms
06-24 04:28:40.336 24678 27699 D dalvikvm: GC_FOR_ALLOC freed 307K, 11% free 9712K/10823K, paused 61ms
06-24 04:28:40.367 24678 27699 D dalvikvm: GC_FOR_ALLOC freed 301K, 11% free 9712K/10823K, paused 31ms
06-24 04:28:40.382 27700 27700 W OrcaGuiceModule: Sig: ijxLJi1yGs1JpL-X1SExmchvork
06-24 04:28:40.410 24678 27699 D dalvikvm: GC_FOR_ALLOC freed 301K, 11% free 9713K/10823K, paused 37ms
06-24 04:28:40.476 27700 27703 D dalvikvm: GC_CONCURRENT freed 300K, 5% free 9586K/9991K, paused 2ms+3ms
06-24 04:28:40.820 27700 27715 W Resources: Converting to string: TypedValue{t=0x10/d=0xffffffff a=-1}
06-24 04:28:41.035 27700 27703 D dalvikvm: GC_CONCURRENT freed 281K, 4% free 9831K/10183K, paused 4ms+3ms
06-24 04:28:41.140 27700 27700 D ACRA    : Retrieve application default SharedPreferences.
06-24 04:28:41.140 27700 27700 D ACRA    : Set OnSharedPreferenceChangeListener.
06-24 04:28:41.148 27700 27700 D ACRA    : ACRA is enabled for com.facebook.orca, intializing...
06-24 04:28:41.187 27700 27703 D dalvikvm: GC_CONCURRENT freed 296K, 4% free 10069K/10439K, paused 3ms+2ms
06-24 04:28:41.222 27700 27715 D dalvikvm: GC_FOR_ALLOC freed 236K, 6% free 10116K/10695K, paused 18ms
06-24 04:28:41.230 27700 27700 D ACRA    : Looking for error files in /data/data/com.facebook.orca/app_acra-reports
06-24 04:28:41.273 27700 27715 D dalvikvm: GC_FOR_ALLOC freed 129K, 5% free 10222K/10695K, paused 18ms
06-24 04:28:41.316 27700 27715 D dalvikvm: GC_FOR_ALLOC freed 217K, 6% free 10251K/10823K, paused 18ms
06-24 04:28:41.464 27700 27703 D dalvikvm: GC_CONCURRENT freed 352K, 4% free 10457K/10887K, paused 2ms+3ms
06-24 04:28:41.660 27700 27703 D dalvikvm: GC_CONCURRENT freed 146K, 2% free 10861K/11079K, paused 6ms+3ms
06-24 04:28:41.836 27700 27703 D dalvikvm: GC_CONCURRENT freed 496K, 5% free 11024K/11591K, paused 2ms+3ms
06-24 04:28:41.984 27700 27703 D dalvikvm: GC_CONCURRENT freed 372K, 4% free 11340K/11783K, paused 2ms+3ms
06-24 04:28:43.961 27700 27703 D dalvikvm: GC_CONCURRENT freed 695K, 7% free 11369K/12167K, paused 2ms+3ms
06-24 04:28:44.800 24678 24678 I PhoneLab-: 1340526469275.log is deleted
06-24 04:28:44.800 24678 24678 I PhoneLab-: Response: {"data": "done", "err": ""}
06-24 04:28:44.804 24678 24678 I PhoneLab-UploadLogs: No log files to transfer
06-24 04:28:44.804 24678 24678 I PhoneLab-Locks: wake lock released
06-24 04:28:45.953   398   398 D dalvikvm: GC_EXPLICIT freed 275K, 9% free 11864K/12935K, paused 17ms+3ms
06-24 04:29:12.140 21073 21554 D WifiLocator: Too many no-location APs. Will not compute a location nor go to the server. hasLocation=0 noLocation=0 cacheMiss=0
06-24 04:29:57.269 21073 21554 D WifiLocator: Too many no-location APs. Will not compute a location nor go to the server. hasLocation=0 noLocation=0 cacheMiss=0
06-24 04:30:42.285 21073 21554 D WifiLocator: Too many no-location APs. Will not compute a location nor go to the server. hasLocation=0 noLocation=0 cacheMiss=0
06-24 04:30:48.027 22580 22580 D OpenGLRenderer: Flushing caches (mode 2)
06-24 04:30:48.031 21073 21645 D androidNetworkLocationListeners: Still have listener com.google.android.location.internal.client.NetworkLocationClient$1@41378c20
06-24 04:30:48.039 21073 21645 D androidNetworkLocationListeners: Still have listener com.google.android.location.internal.client.NetworkLocationClient$1@41378c20
06-24 04:30:48.043 21073 21554 D WifiLocator: Too many no-location APs. Will not compute a location nor go to the server. hasLocation=0 noLocation=0 cacheMiss=0
06-24 04:30:48.043 22580 22580 D OpenGLRenderer: Flushing caches (mode 0)
06-24 04:30:48.043 22580 22580 D OpenGLRenderer: Flushing caches (mode 0)
06-24 04:30:48.047 22580 22580 D OpenGLRenderer: Flushing caches (mode 0)
06-24 04:30:48.047 22580 22580 W ManagedEGLContext: doTerminate failed: EGL count is 2 but managed count is 1
06-24 04:30:48.054 21073 21554 D WifiLocator: Too many no-location APs. Will not compute a location nor go to the server. hasLocation=0 noLocation=0 cacheMiss=0
06-24 04:30:48.105 24767 24770 D dalvikvm: GC_CONCURRENT freed 380K, 7% free 9649K/10311K, paused 3ms+2ms
06-24 04:31:33.109 21073 21554 D WifiLocator: Too many no-location APs. Will not compute a location nor go to the server. hasLocation=0 noLocation=0 cacheMiss=0
06-24 04:32:18.347 21073 21554 D WifiLocator: Too many no-location APs. Will not compute a location nor go to the server. hasLocation=0 noLocation=0 cacheMiss=0
06-24 04:33:03.371 21073 21554 D WifiLocator: Too many no-location APs. Will not compute a location nor go to the server. hasLocation=0 noLocation=0 cacheMiss=0
06-24 04:33:48.363 21073 21554 D WifiLocator: Too many no-location APs. Will not compute a location nor go to the server. hasLocation=0 noLocation=0 cacheMiss=0
06-24 04:34:33.406 21073 21554 D WifiLocator: Too many no-location APs. Will not compute a location nor go to the server. hasLocation=0 noLocation=0 cacheMiss=0
06-24 04:35:18.437 21073 21554 D WifiLocator: Too many no-location APs. Will not compute a location nor go to the server. hasLocation=0 noLocation=0 cacheMiss=0
06-24 04:36:03.121 21073 21645 D androidNetworkLocationListeners: Still have listener com.google.android.location.internal.client.NetworkLocationClient$1@41378c20
06-24 04:36:03.132 21073 21554 D WifiLocator: Too many no-location APs. Will not compute a location nor go to the server. hasLocation=0 noLocation=0 cacheMiss=0
06-24 04:36:03.136 21073 21645 D androidNetworkLocationListeners: Still have listener com.google.android.location.internal.client.NetworkLocationClient$1@41378c20
06-24 04:36:03.140 21073 21554 D WifiLocator: Too many no-location APs. Will not compute a location nor go to the server. hasLocation=0 noLocation=0 cacheMiss=0
06-24 04:36:48.277 21073 21554 D WifiLocator: Too many no-location APs. Will not compute a location nor go to the server. hasLocation=0 noLocation=0 cacheMiss=0
06-24 04:36:54.671 24678 24678 I PhoneLab-Locks: wake lock acquired
06-24 04:36:54.707 24678 24678 I PhoneLab-StatusMonitor: Status Monitoring is started
06-24 04:36:54.742 24678 24680 D dalvikvm: GC_CONCURRENT freed 968K, 15% free 9256K/10823K, paused 2ms+2ms
06-24 04:36:54.765 24678 24678 I PhoneLab-StatusMonitor: Value: 10 - unit: min
06-24 04:36:54.765 24678 24678 I PhoneLab-StatusMonitor: Running interval: 600000
06-24 04:36:54.773 24678 24678 I PhoneLab-StatusMonitor: Rescheduling status monitoring...
06-24 04:36:54.773 24678 24678 I PhoneLab-Locks: wake lock released
06-24 04:36:54.781 24678 24678 I PhoneLab-StatusMonitorLocation: Learning Location
06-24 04:36:54.781 24678 24678 I PhoneLab-Locks: wake lock acquired
06-24 04:36:54.785 24678 24678 I PhoneLab-Locks: wake lock acquired
06-24 04:36:54.789 24678 24678 I PhoneLab-StatusMonitorLocation: Learning Signal Strgth
06-24 04:36:54.789 24678 24678 I PhoneLab-Locks: wake lock acquired
06-24 04:36:54.793 21073 21645 D androidNetworkLocationListeners: Still have listener com.google.android.location.internal.client.NetworkLocationClient$1@41378c20
06-24 04:36:54.796 21073 21645 D androidNetworkLocationListeners: Still have listener com.google.android.location.internal.client.NetworkLocationClient$1@41378c20
06-24 04:36:54.816 24678 24678 I PhoneLab-StatusMonitorBattery: Battery_level: 72
06-24 04:36:54.816 21073 21554 D WifiLocator: Too many no-location APs. Will not compute a location nor go to the server. hasLocation=0 noLocation=0 cacheMiss=0
06-24 04:36:54.816 24678 24678 I PhoneLab-Locks: wake lock released
06-24 04:36:54.824 24678 24678 I PhoneLab-StatusMonitorSignal: Signal_Strength: -76 asu: 19
06-24 04:36:54.824 24678 24678 I PhoneLab-Locks: wake lock released
06-24 04:36:54.832 21073 21554 D WifiLocator: Too many no-location APs. Will not compute a location nor go to the server. hasLocation=0 noLocation=0 cacheMiss=0
06-24 04:36:54.843 24678 24678 I PhoneLab-StatusMonitorLocation: Location_Latitude: 42.8911244 Longitude: -78.8748784 Accuracy: 1411.0
06-24 04:36:54.847 21073 21645 D androidNetworkLocationListeners: Still have listener com.google.android.location.internal.client.NetworkLocationClient$1@41378c20
06-24 04:36:54.847 24678 24678 I PhoneLab-Locks: wake lock released
06-24 04:36:54.855 21073 21554 D WifiLocator: Too many no-location APs. Will not compute a location nor go to the server. hasLocation=0 noLocation=0 cacheMiss=0
06-24 04:37:39.906 21073 21554 D WifiLocator: Too many no-location APs. Will not compute a location nor go to the server. hasLocation=0 noLocation=0 cacheMiss=0
06-24 04:38:24.925 21073 21554 D WifiLocator: Too many no-location APs. Will not compute a location nor go to the server. hasLocation=0 noLocation=0 cacheMiss=0
06-24 04:39:09.953 21073 21554 D WifiLocator: Too many no-location APs. Will not compute a location nor go to the server. hasLocation=0 noLocation=0 cacheMiss=0
06-24 04:39:54.054   327   329 D dalvikvm: GC_CONCURRENT freed 397K, 53% free 10288K/21767K, paused 3ms+5ms
06-24 04:39:54.781   151   153 D dalvikvm: GC_CONCURRENT freed 1861K, 32% free 17510K/25415K, paused 9ms+8ms
06-24 04:39:55.011 21073 21554 D WifiLocator: Too many no-location APs. Will not compute a location nor go to the server. hasLocation=0 noLocation=0 cacheMiss=0
06-24 04:40:40.015 21073 21554 D WifiLocator: Too many no-location APs. Will not compute a location nor go to the server. hasLocation=0 noLocation=0 cacheMiss=0
06-24 04:40:45.074 21073 21645 D androidNetworkLocationListeners: Still have listener com.google.android.location.internal.client.NetworkLocationClient$1@41378c20
06-24 04:40:45.082 21073 21645 D androidNetworkLocationListeners: Still have listener com.google.android.location.internal.client.NetworkLocationClient$1@41378c20
06-24 04:40:45.082 21073 21554 D WifiLocator: Too many no-location APs. Will not compute a location nor go to the server. hasLocation=0 noLocation=0 cacheMiss=0
06-24 04:40:45.089 21073 21554 D WifiLocator: Too many no-location APs. Will not compute a location nor go to the server. hasLocation=0 noLocation=0 cacheMiss=0
06-24 04:41:30.140 21073 21554 D WifiLocator: Too many no-location APs. Will not compute a location nor go to the server. hasLocation=0 noLocation=0 cacheMiss=0
06-24 04:42:15.125 21073 21554 D WifiLocator: Too many no-location APs. Will not compute a location nor go to the server. hasLocation=0 noLocation=0 cacheMiss=0
06-24 04:43:00.343 21073 21554 D WifiLocator: Too many no-location APs. Will not compute a location nor go to the server. hasLocation=0 noLocation=0 cacheMiss=0
06-24 04:43:44.101 24678 24691 I PhoneLab-: Service Running
06-24 04:43:44.179 24678 24691 I PhoneLab-LoggerService: app_38    1593  1     752    308   c00f181c 400107b4 S logcat
06-24 04:43:44.183 24678 24691 I PhoneLab-LoggerService: Logcat pid from database 1593
06-24 04:43:44.183 24678 24691 I PhoneLab-LoggerService: Logcat process found 1593
06-24 04:43:44.183 24678 24691 I PhoneLab-LoggerService: Checking Threshold
06-24 04:43:44.183 24678 24691 I PhoneLab-: Service Running
06-24 04:43:44.230 24678 24680 D dalvikvm: GC_CONCURRENT freed 456K, 15% free 9232K/10823K, paused 3ms+6ms
06-24 04:43:44.246 24678 24691 I PhoneLab-LoggerService: app_38    1593  1     752    308   c00f181c 400107b4 S logcat
06-24 04:43:44.246 24678 24691 I PhoneLab-LoggerService: Logcat pid from database 1593
06-24 04:43:44.246 24678 24691 I PhoneLab-LoggerService: Logcat process found 1593
06-24 04:43:44.246 24678 24691 I PhoneLab-LoggerService: Checking Threshold
06-24 04:43:44.250 24678 24691 I PhoneLab-: Service Running
06-24 04:43:44.273 24678 24691 I PhoneLab-LoggerService: app_38    1593  1     752    308   c00f181c 400107b4 S logcat
06-24 04:43:44.273 24678 24691 I PhoneLab-LoggerService: Logcat pid from database 1593
06-24 04:43:44.273 24678 24691 I PhoneLab-LoggerService: Logcat process found 1593
06-24 04:43:44.273 24678 24691 I PhoneLab-LoggerService: Checking Threshold
06-24 04:43:44.277 24678 24691 I PhoneLab-: Service Running
06-24 04:43:44.300 24678 24691 I PhoneLab-LoggerService: app_38    1593  1     752    308   c00f181c 400107b4 S logcat
06-24 04:43:44.300 24678 24691 I PhoneLab-LoggerService: Logcat pid from database 1593
06-24 04:43:44.300 24678 24691 I PhoneLab-LoggerService: Logcat process found 1593
06-24 04:43:44.300 24678 24691 I PhoneLab-LoggerService: Checking Threshold
06-24 04:43:44.300 24678 24691 I PhoneLab-: Service Running
06-24 04:43:44.328 24678 24691 I PhoneLab-LoggerService: app_38    1593  1     752    308   c00f181c 400107b4 S logcat
06-24 04:43:44.328 24678 24691 I PhoneLab-LoggerService: Logcat pid from database 1593
06-24 04:43:44.328 24678 24691 I PhoneLab-LoggerService: Logcat process found 1593
06-24 04:43:44.328 24678 24691 I PhoneLab-LoggerService: Checking Threshold
06-24 04:43:44.328 24678 24691 I PhoneLab-: Service Running
06-24 04:43:44.355 24678 24691 I PhoneLab-LoggerService: app_38    1593  1     752    308   c00f181c 400107b4 S logcat
06-24 04:43:44.355 24678 24691 I PhoneLab-LoggerService: Logcat pid from database 1593
06-24 04:43:44.355 24678 24691 I PhoneLab-LoggerService: Logcat process found 1593
06-24 04:43:44.355 24678 24691 I PhoneLab-LoggerService: Checking Threshold
06-24 04:43:44.355 24678 24691 I PhoneLab-: Service Running
06-24 04:43:44.382 24678 24691 I PhoneLab-LoggerService: app_38    1593  1     752    308   c00f181c 400107b4 S logcat
06-24 04:43:44.382 24678 24691 I PhoneLab-LoggerService: Logcat pid from database 1593
06-24 04:43:44.382 24678 24691 I PhoneLab-LoggerService: Logcat process found 1593
06-24 04:43:44.382 24678 24691 I PhoneLab-LoggerService: Checking Threshold
06-24 04:43:44.382 24678 24691 I PhoneLab-: Service Running
06-24 04:43:44.410 24678 24691 I PhoneLab-LoggerService: app_38    1593  1     752    308   c00f181c 400107b4 S logcat
06-24 04:43:44.410 24678 24691 I PhoneLab-LoggerService: Logcat pid from database 1593
06-24 04:43:44.410 24678 24691 I PhoneLab-LoggerService: Logcat process found 1593
06-24 04:43:44.410 24678 24691 I PhoneLab-LoggerService: Checking Threshold
06-24 04:43:45.390 21073 21554 D WifiLocator: Too many no-location APs. Will not compute a location nor go to the server. hasLocation=0 noLocation=0 cacheMiss=0
06-24 04:44:30.422 21073 21554 D WifiLocator: Too many no-location APs. Will not compute a location nor go to the server. hasLocation=0 noLocation=0 cacheMiss=0
06-24 04:45:15.457 21073 21554 D WifiLocator: Too many no-location APs. Will not compute a location nor go to the server. hasLocation=0 noLocation=0 cacheMiss=0
06-24 04:46:00.277 21073 21645 D androidNetworkLocationListeners: Still have listener com.google.android.location.internal.client.NetworkLocationClient$1@41378c20
06-24 04:46:00.285 21073 21645 D androidNetworkLocationListeners: Still have listener com.google.android.location.internal.client.NetworkLocationClient$1@41378c20
06-24 04:46:00.285 21073 21554 D WifiLocator: Too many no-location APs. Will not compute a location nor go to the server. hasLocation=0 noLocation=0 cacheMiss=0
06-24 04:46:00.312 21073 21554 D WifiLocator: Too many no-location APs. Will not compute a location nor go to the server. hasLocation=0 noLocation=0 cacheMiss=0
06-24 04:46:44.070 21073 21075 D dalvikvm: GC_CONCURRENT freed 385K, 6% free 10186K/10823K, paused 4ms+4ms
06-24 04:46:45.343 21073 21554 D WifiLocator: Too many no-location APs. Will not compute a location nor go to the server. hasLocation=0 noLocation=0 cacheMiss=0
06-24 04:46:54.804 24678 24678 I PhoneLab-Locks: wake lock acquired
06-24 04:46:54.824 24678 24678 I PhoneLab-StatusMonitor: Status Monitoring is started
06-24 04:46:54.859 24678 24680 D dalvikvm: GC_CONCURRENT freed 508K, 15% free 9235K/10823K, paused 2ms+2ms
06-24 04:46:54.882 24678 24678 I PhoneLab-StatusMonitor: Value: 10 - unit: min
06-24 04:46:54.882 24678 24678 I PhoneLab-StatusMonitor: Running interval: 600000
06-24 04:46:54.890 24678 24678 I PhoneLab-StatusMonitor: Rescheduling status monitoring...
06-24 04:46:54.890 24678 24678 I PhoneLab-Locks: wake lock released
06-24 04:46:54.894 24678 24678 I PhoneLab-StatusMonitorLocation: Learning Location
06-24 04:46:54.894 24678 24678 I PhoneLab-Locks: wake lock acquired
06-24 04:46:54.898 24678 24678 I PhoneLab-Locks: wake lock acquired
06-24 04:46:54.902 21073 21645 D androidNetworkLocationListeners: Still have listener com.google.android.location.internal.client.NetworkLocationClient$1@41378c20
06-24 04:46:54.902 24678 24678 I PhoneLab-StatusMonitorLocation: Learning Signal Strgth
06-24 04:46:54.902 24678 24678 I PhoneLab-Locks: wake lock acquired
06-24 04:46:54.910 21073 21645 D androidNetworkLocationListeners: Still have listener com.google.android.location.internal.client.NetworkLocationClient$1@41378c20
06-24 04:46:54.910 24678 24678 I PhoneLab-StatusMonitorBattery: Battery_level: 72
06-24 04:46:54.910 24678 24678 I PhoneLab-Locks: wake lock released
06-24 04:46:54.914 24678 24678 I PhoneLab-StatusMonitorSignal: Signal_Strength: -65 asu: 24
06-24 04:46:54.914 24678 24678 I PhoneLab-Locks: wake lock released
06-24 04:46:54.918 21073 21554 D WifiLocator: Too many no-location APs. Will not compute a location nor go to the server. hasLocation=0 noLocation=0 cacheMiss=0
06-24 04:46:54.949 21073 21554 D WifiLocator: Too many no-location APs. Will not compute a location nor go to the server. hasLocation=0 noLocation=0 cacheMiss=0
06-24 04:46:54.961 24678 24678 I PhoneLab-StatusMonitorLocation: Location_Latitude: 42.8911244 Longitude: -78.8748784 Accuracy: 1411.0
06-24 04:46:54.961 21073 21645 D androidNetworkLocationListeners: Still have listener com.google.android.location.internal.client.NetworkLocationClient$1@41378c20
06-24 04:46:54.961 24678 24678 I PhoneLab-Locks: wake lock released
06-24 04:46:54.968 21073 21554 D WifiLocator: Too many no-location APs. Will not compute a location nor go to the server. hasLocation=0 noLocation=0 cacheMiss=0
06-24 04:47:40.019 21073 21554 D WifiLocator: Too many no-location APs. Will not compute a location nor go to the server. hasLocation=0 noLocation=0 cacheMiss=0
06-24 04:48:25.078 21073 21554 D WifiLocator: Too many no-location APs. Will not compute a location nor go to the server. hasLocation=0 noLocation=0 cacheMiss=0
06-24 04:49:10.121 21073 21554 D WifiLocator: Too many no-location APs. Will not compute a location nor go to the server. hasLocation=0 noLocation=0 cacheMiss=0
06-24 04:49:55.230   151   151 D dalvikvm: GC_EXPLICIT freed 971K, 32% free 17458K/25415K, paused 23ms+7ms
06-24 04:49:55.242 21073 21554 D WifiLocator: Too many no-location APs. Will not compute a location nor go to the server. hasLocation=0 noLocation=0 cacheMiss=0
06-24 04:50:40.285 21073 21554 D WifiLocator: Too many no-location APs. Will not compute a location nor go to the server. hasLocation=0 noLocation=0 cacheMiss=0
06-24 04:51:24.277 21073 21645 D androidNetworkLocationListeners: Still have listener com.google.android.location.internal.client.NetworkLocationClient$1@41378c20
06-24 04:51:24.281 21073 21645 D androidNetworkLocationListeners: Still have listener com.google.android.location.internal.client.NetworkLocationClient$1@41378c20
06-24 04:51:24.285 21073 21554 D WifiLocator: Too many no-location APs. Will not compute a location nor go to the server. hasLocation=0 noLocation=0 cacheMiss=0
06-24 04:51:24.296 21073 21554 D WifiLocator: Too many no-location APs. Will not compute a location nor go to the server. hasLocation=0 noLocation=0 cacheMiss=0
06-24 04:52:09.343 21073 21554 D WifiLocator: Too many no-location APs. Will not compute a location nor go to the server. hasLocation=0 noLocation=0 cacheMiss=0
06-24 04:52:54.375 21073 21554 D WifiLocator: Too many no-location APs. Will not compute a location nor go to the server. hasLocation=0 noLocation=0 cacheMiss=0
06-24 04:53:39.382 21073 21554 D WifiLocator: Too many no-location APs. Will not compute a location nor go to the server. hasLocation=0 noLocation=0 cacheMiss=0
06-24 04:54:23.308   327   329 D dalvikvm: GC_CONCURRENT freed 391K, 53% free 10294K/21767K, paused 2ms+5ms
06-24 04:54:24.429 21073 21554 D WifiLocator: Too many no-location APs. Will not compute a location nor go to the server. hasLocation=0 noLocation=0 cacheMiss=0
06-24 04:55:09.441 21073 21554 D WifiLocator: Too many no-location APs. Will not compute a location nor go to the server. hasLocation=0 noLocation=0 cacheMiss=0
06-24 04:55:54.199 21073 21645 D androidNetworkLocationListeners: Still have listener com.google.android.location.internal.client.NetworkLocationClient$1@41378c20
06-24 04:55:54.207 21073 21645 D androidNetworkLocationListeners: Still have listener com.google.android.location.internal.client.NetworkLocationClient$1@41378c20
06-24 04:55:54.207 21073 21554 D WifiLocator: Too many no-location APs. Will not compute a location nor go to the server. hasLocation=0 noLocation=0 cacheMiss=0
06-24 04:55:54.234 21073 21554 D WifiLocator: Too many no-location APs. Will not compute a location nor go to the server. hasLocation=0 noLocation=0 cacheMiss=0
06-24 04:56:39.265 21073 21554 D WifiLocator: Too many no-location APs. Will not compute a location nor go to the server. hasLocation=0 noLocation=0 cacheMiss=0
06-24 04:56:54.015   151   195 I ActivityManager: Start proc mobi.mgeek.TunnyBrowser:DolphinNotification for service mobi.mgeek.TunnyBrowser/com.dolphin.browser.message.C2DMService: pid=27749 uid=10058 gids={3003, 1015, 1007}
06-24 04:56:54.203 27749 27749 I dalvikvm: Turning on JNI app bug workarounds for target SDK version 6...
06-24 04:56:54.496 27749 27749 D TraceLog: Browser.onCreate started.
06-24 04:56:54.500 27749 27749 V Browser : creating browser applicationmobi.mgeek.TunnyBrowser.Browser@4137e740
06-24 04:56:54.500 27749 27749 V Browser : creating browser applicationmobi.mgeek.TunnyBrowser.Browser@4137e740
06-24 04:56:54.593 27749 27752 D dalvikvm: GC_CONCURRENT freed 220K, 4% free 9316K/9607K, paused 7ms+2ms
06-24 04:56:54.644 27749 27749 E dalvikvm: Could not find class 'com.android.chromeview.ChromeView', referenced from method com.dolphin.browser.core.WebViewFactory.a
06-24 04:56:54.644 27749 27749 W dalvikvm: VFY: unable to resolve const-class 532 (Lcom/android/chromeview/ChromeView;) in Lcom/dolphin/browser/core/WebViewFactory;
06-24 04:56:54.644 27749 27749 D dalvikvm: VFY: replacing opcode 0x1c at 0x0014
06-24 04:56:54.679 27749 27749 I dalvikvm: Could not find method com.dolphin.browser.androidwebkit.MyWebView.getZoomButtonsController, referenced from method com.dolphin.browser.androidwebkit.MyWebView.hideZoomButtonsController
06-24 04:56:54.679 27749 27749 W dalvikvm: VFY: unable to resolve virtual method 4629: Lcom/dolphin/browser/androidwebkit/MyWebView;.getZoomButtonsController ()Landroid/widget/ZoomButtonsController;
06-24 04:56:54.679 27749 27749 D dalvikvm: VFY: replacing opcode 0x6e at 0x000a
06-24 04:56:54.851 27749 27752 D dalvikvm: GC_CONCURRENT freed 345K, 5% free 9398K/9863K, paused 3ms+6ms
06-24 04:56:54.894 24678 24678 I PhoneLab-Locks: wake lock acquired
06-24 04:56:54.902 24678 24678 I PhoneLab-StatusMonitor: Status Monitoring is started
06-24 04:56:54.968 24678 24680 D dalvikvm: GC_CONCURRENT freed 516K, 15% free 9228K/10823K, paused 3ms+5ms
06-24 04:56:54.996 24678 24678 I PhoneLab-StatusMonitor: Value: 10 - unit: min
06-24 04:56:54.996 24678 24678 I PhoneLab-StatusMonitor: Running interval: 600000
06-24 04:56:55.004 24678 24678 I PhoneLab-StatusMonitor: Rescheduling status monitoring...
06-24 04:56:55.004 24678 24678 I PhoneLab-Locks: wake lock released
06-24 04:56:55.011 24678 24678 I PhoneLab-StatusMonitorLocation: Learning Location
06-24 04:56:55.011 24678 24678 I PhoneLab-Locks: wake lock acquired
06-24 04:56:55.015 24678 24678 I PhoneLab-Locks: wake lock acquired
06-24 04:56:55.015 21073 21645 D androidNetworkLocationListeners: Still have listener com.google.android.location.internal.client.NetworkLocationClient$1@41378c20
06-24 04:56:55.019 24678 24678 I PhoneLab-StatusMonitorLocation: Learning Signal Strgth
06-24 04:56:55.019 24678 24678 I PhoneLab-Locks: wake lock acquired
06-24 04:56:55.027 21073 21645 D androidNetworkLocationListeners: Still have listener com.google.android.location.internal.client.NetworkLocationClient$1@41378c20
06-24 04:56:55.027 24678 24678 I PhoneLab-StatusMonitorBattery: Battery_level: 72
06-24 04:56:55.027 21073 21554 D WifiLocator: Too many no-location APs. Will not compute a location nor go to the server. hasLocation=0 noLocation=0 cacheMiss=0
06-24 04:56:55.031 24678 24678 I PhoneLab-Locks: wake lock released
06-24 04:56:55.031 24678 24678 I PhoneLab-StatusMonitorSignal: Signal_Strength: -76 asu: 19
06-24 04:56:55.031 24678 24678 I PhoneLab-Locks: wake lock released
06-24 04:56:55.043 21073 21554 D WifiLocator: Too many no-location APs. Will not compute a location nor go to the server. hasLocation=0 noLocation=0 cacheMiss=0
06-24 04:56:55.054 24678 24678 I PhoneLab-StatusMonitorLocation: Location_Latitude: 42.8911244 Longitude: -78.8748784 Accuracy: 1411.0
06-24 04:56:55.058 21073 21645 D androidNetworkLocationListeners: Still have listener com.google.android.location.internal.client.NetworkLocationClient$1@41378c20
06-24 04:56:55.058 24678 24678 I PhoneLab-Locks: wake lock released
06-24 04:56:55.066 21073 21554 D WifiLocator: Too many no-location APs. Will not compute a location nor go to the server. hasLocation=0 noLocation=0 cacheMiss=0
06-24 04:56:56.328 27749 27749 I Process : Sending signal. PID: 27749 SIG: 9
06-24 04:56:56.340   151   162 I ActivityManager: Process mobi.mgeek.TunnyBrowser:DolphinNotification (pid 27749) has died.
06-24 04:56:57.722 21073 22214 I EventLogService: Aggregate from 1340526417621 (log), 1340526417621 (data)
06-24 04:57:40.113 21073 21554 D WifiLocator: Too many no-location APs. Will not compute a location nor go to the server. hasLocation=0 noLocation=0 cacheMiss=0
06-24 04:58:25.144 21073 21554 D WifiLocator: Too many no-location APs. Will not compute a location nor go to the server. hasLocation=0 noLocation=0 cacheMiss=0
06-24 04:58:39.500 24678 24678 I PhoneLab-Locks: wake lock acquired
06-24 04:58:39.535 24678 27773 I PhoneLab-PeriodicCheckService: User info is synched
06-24 04:58:39.558 24678 27773 I PhoneLab-PeriodicCheckService: Logger Service is running
06-24 04:58:39.558 24678 27773 I PhoneLab-Locks: wake lock acquired
06-24 04:58:39.562 24678 24678 I PhoneLab-UploadLogs: Transfering log files now
06-24 04:58:39.562 24678 24678 I PhoneLab-UploadLogs: No log files to transfer
06-24 04:58:39.562 24678 24678 I PhoneLab-Locks: wake lock released
06-24 04:58:39.562 24678 24678 I PhoneLab-UploadLogs: OnStartCommand
06-24 04:58:39.562 24678 27773 I PhoneLab-PeriodicCheckService: Rescheduling periodic checking...
06-24 04:58:39.562 24678 27773 I PhoneLab-Locks: wake lock released
06-24 04:58:39.574 24678 24680 D dalvikvm: GC_CONCURRENT freed 432K, 16% free 9189K/10823K, paused 2ms+2ms
06-24 04:59:10.347 21073 21554 D WifiLocator: Too many no-location APs. Will not compute a location nor go to the server. hasLocation=0 noLocation=0 cacheMiss=0
06-24 04:59:55.390 21073 21554 D WifiLocator: Too many no-location APs. Will not compute a location nor go to the server. hasLocation=0 noLocation=0 cacheMiss=0
06-24 05:00:40.433 21073 21554 D WifiLocator: Too many no-location APs. Will not compute a location nor go to the server. hasLocation=0 noLocation=0 cacheMiss=0
06-24 05:01:04.082 21073 21645 D androidNetworkLocationListeners: Still have listener com.google.android.location.internal.client.NetworkLocationClient$1@41378c20
06-24 05:01:04.125 21073 21645 D androidNetworkLocationListeners: Still have listener com.google.android.location.internal.client.NetworkLocationClient$1@41378c20
06-24 05:01:04.136 21073 21554 D WifiLocator: Too many no-location APs. Will not compute a location nor go to the server. hasLocation=0 noLocation=0 cacheMiss=0
06-24 05:01:04.144 21073 21554 D WifiLocator: Too many no-location APs. Will not compute a location nor go to the server. hasLocation=0 noLocation=0 cacheMiss=0
06-24 05:01:49.191 21073 21554 D WifiLocator: Too many no-location APs. Will not compute a location nor go to the server. hasLocation=0 noLocation=0 cacheMiss=0
06-24 05:02:34.226 21073 21554 D WifiLocator: Too many no-location APs. Will not compute a location nor go to the server. hasLocation=0 noLocation=0 cacheMiss=0
06-24 05:03:19.257 21073 21554 D WifiLocator: Too many no-location APs. Will not compute a location nor go to the server. hasLocation=0 noLocation=0 cacheMiss=0
06-24 05:04:04.293 21073 21554 D WifiLocator: Too many no-location APs. Will not compute a location nor go to the server. hasLocation=0 noLocation=0 cacheMiss=0
06-24 05:04:49.324 21073 21554 D WifiLocator: Too many no-location APs. Will not compute a location nor go to the server. hasLocation=0 noLocation=0 cacheMiss=0
