06-20 17:25:06.589  7041  7041 D wpa_supplicant: RTM_NEWLINK: operstate=1 ifi_flags=0x11043 ([UP][RUNNING][LOWER_UP])
06-20 17:25:06.589  7041  7041 D wpa_supplicant: RTM_NEWLINK, IFLA_IFNAME: Interface 'wlan0' added
06-20 17:25:06.589  7041  7041 D wpa_supplicant: Wireless event: cmd=0x8c00 len=20
06-20 17:25:07.613  7041  7041 D wpa_supplicant: RTM_NEWLINK: operstate=1 ifi_flags=0x11043 ([UP][RUNNING][LOWER_UP])
06-20 17:25:07.613  7041  7041 D wpa_supplicant: RTM_NEWLINK, IFLA_IFNAME: Interface 'wlan0' added
06-20 17:25:07.613  7041  7041 D wpa_supplicant: Wireless event: cmd=0x8b19 len=8
06-20 17:25:07.613  7041  7041 D wpa_supplicant: Received 773 bytes of scan results (4 BSSes)
06-20 17:25:07.668  8567  8706 D WifiLocator: Not enough positive cache hits compared to misses. Need server request. hasLocation=4 noLocation=0 cacheMiss=10
06-20 17:25:07.668  8567  8706 D NetworkLocator: Not reporting location since the new location has worse accuracy than the previous one.
06-20 17:25:07.695  8567  8702 I System.out: [INFO:16931584]: LogSource: Running flush
06-20 17:25:07.699  8567  8705 I System.out: [INFO:16931586]: LogSource: Sending payload [bytes=573]
06-20 17:25:07.734  7041  7041 D wpa_supplicant: RTM_NEWLINK: operstate=1 ifi_flags=0x11043 ([UP][RUNNING][LOWER_UP])
06-20 17:25:07.734  7041  7041 D wpa_supplicant: RTM_NEWLINK, IFLA_IFNAME: Interface 'wlan0' added
06-20 17:25:07.734  7041  7041 D wpa_supplicant: Wireless event: cmd=0x8c00 len=20
06-20 17:25:07.968   151   168 I ActivityManager: Start proc com.pandora.android for service com.pandora.android/.PandoraService: pid=12725 uid=10064 gids={3003, 3002, 3001, 1015}
06-20 17:25:08.023 12725 12725 I dalvikvm: Turning on JNI app bug workarounds for target SDK version 10...
06-20 17:25:08.214 12725 12725 I ActivityThread: Pub com.pandora.provider: com.pandora.android.provider.StationProvider
06-20 17:25:08.371   151   429 I ActivityManager: Process com.google.android.gm (pid 12585) has died.
06-20 17:25:10.742  7041  7041 D wpa_supplicant: RTM_NEWLINK: operstate=1 ifi_flags=0x11043 ([UP][RUNNING][LOWER_UP])
06-20 17:25:10.746  7041  7041 D wpa_supplicant: RTM_NEWLINK, IFLA_IFNAME: Interface 'wlan0' added
06-20 17:25:10.746  7041  7041 D wpa_supplicant: Wireless event: cmd=0x8c00 len=20
06-20 17:25:10.996  7041  7041 D wpa_supplicant: RTM_NEWLINK: operstate=1 ifi_flags=0x11043 ([UP][RUNNING][LOWER_UP])
06-20 17:25:10.996  7041  7041 D wpa_supplicant: RTM_NEWLINK, IFLA_IFNAME: Interface 'wlan0' added
06-20 17:25:10.996  7041  7041 D wpa_supplicant: Wireless event: cmd=0x8c00 len=20
06-20 17:25:11.511  7041  7041 D wpa_supplicant: wpa_driver_wext_driver_cmd SETSUSPENDOPT 0 len = 4096
06-20 17:25:11.511  7041  7041 D wpa_supplicant: wpa_driver_wext_driver_cmd SETSUSPENDOPT 0 len = 0, 15
06-20 17:25:11.519  7041  7041 D wpa_supplicant: wpa_driver_wext_driver_cmd POWERMODE 0 len = 4096
06-20 17:25:11.527  7041  7041 D wpa_supplicant: wpa_driver_wext_driver_cmd OK len = 0, 2
06-20 17:25:11.546  7041  7041 D wpa_supplicant: RTM_NEWLINK: operstate=1 ifi_flags=0x11043 ([UP][RUNNING][LOWER_UP])
06-20 17:25:11.546  7041  7041 D wpa_supplicant: RTM_NEWLINK, IFLA_IFNAME: Interface 'wlan0' added
06-20 17:25:11.546  7041  7041 D wpa_supplicant: Wireless event: cmd=0x8c00 len=20
06-20 17:25:12.574  7041  7041 D wpa_supplicant: RTM_NEWLINK: operstate=1 ifi_flags=0x11043 ([UP][RUNNING][LOWER_UP])
06-20 17:25:12.574  7041  7041 D wpa_supplicant: RTM_NEWLINK, IFLA_IFNAME: Interface 'wlan0' added
06-20 17:25:12.574  7041  7041 D wpa_supplicant: Wireless event: cmd=0x8c00 len=20
06-20 17:25:12.625  7041  7041 D wpa_supplicant: RTM_NEWLINK: operstate=1 ifi_flags=0x11043 ([UP][RUNNING][LOWER_UP])
06-20 17:25:12.625  7041  7041 D wpa_supplicant: RTM_NEWLINK, IFLA_IFNAME: Interface 'wlan0' added
06-20 17:25:12.625  7041  7041 D wpa_supplicant: Wireless event: cmd=0x8c00 len=20
06-20 17:25:12.703  8567  8702 I System.out: [INFO:16936591]: LogSource: Running delayed flush
06-20 17:25:12.714  8567  8702 I System.out: [INFO:16936603]: LogSource: Running flush
06-20 17:25:12.734  7041  7041 D wpa_supplicant: RTM_NEWLINK: operstate=1 ifi_flags=0x11043 ([UP][RUNNING][LOWER_UP])
06-20 17:25:12.734  7041  7041 D wpa_supplicant: RTM_NEWLINK, IFLA_IFNAME: Interface 'wlan0' added
06-20 17:25:12.734  7041  7041 D wpa_supplicant: Wireless event: cmd=0x8c00 len=20
06-20 17:25:13.601  7041  7041 D wpa_supplicant: RTM_NEWLINK: operstate=1 ifi_flags=0x11043 ([UP][RUNNING][LOWER_UP])
06-20 17:25:13.601  7041  7041 D wpa_supplicant: RTM_NEWLINK, IFLA_IFNAME: Interface 'wlan0' added
06-20 17:25:13.601  7041  7041 D wpa_supplicant: Wireless event: cmd=0x8c00 len=20
06-20 17:25:14.593  7041  7041 D wpa_supplicant: RTM_NEWLINK: operstate=1 ifi_flags=0x11043 ([UP][RUNNING][LOWER_UP])
06-20 17:25:14.593  7041  7041 D wpa_supplicant: RTM_NEWLINK, IFLA_IFNAME: Interface 'wlan0' added
06-20 17:25:14.593  7041  7041 D wpa_supplicant: Wireless event: cmd=0x8b15 len=20
06-20 17:25:14.593  7041  7041 D wpa_supplicant: Wireless event: new AP: 00:00:00:00:00:00
06-20 17:25:14.593  7041  7041 D wpa_supplicant: Added BSSID 00:1c:0e:27:3f:c1 into blacklist
06-20 17:25:14.593  7041  7041 D wpa_supplicant: BSSID 00:1c:0e:27:3f:c1 blacklist count incremented to 2
06-20 17:25:14.593  7041  7041 I wpa_supplicant: wlan0: CTRL-EVENT-DISCONNECTED bssid=00:1c:0e:27:3f:c1 reason=0
06-20 17:25:14.593  7041  7041 D wpa_supplicant: wpa_driver_wext_set_key: alg=0 key_idx=0 set_tx=0 seq_len=0 key_len=0
06-20 17:25:14.605    76   116 D CommandListener: Clearing all IP addresses on wlan0
06-20 17:25:14.628  7041  7041 D wpa_supplicant: wpa_driver_wext_set_key: alg=0 key_idx=1 set_tx=0 seq_len=0 key_len=0
06-20 17:25:14.636  7041  7041 D wpa_supplicant: wpa_driver_wext_set_key: alg=0 key_idx=2 set_tx=0 seq_len=0 key_len=0
06-20 17:25:14.640  7041  7041 D wpa_supplicant: wpa_driver_wext_set_key: alg=0 key_idx=3 set_tx=0 seq_len=0 key_len=0
06-20 17:25:14.644  7041  7041 D wpa_supplicant: wpa_driver_wext_set_key: alg=0 key_idx=0 set_tx=0 seq_len=0 key_len=0
06-20 17:25:14.660  7041  7041 D wpa_supplicant: wpa_driver_wext_set_operstate: operstate 1->0 (DORMANT)
06-20 17:25:14.660  7041  7041 D wpa_supplicant: netlink: Operstate: linkmode=-1, operstate=5
06-20 17:25:14.668  7041  7041 D wpa_supplicant: EAPOL: External notification - portEnabled=0
06-20 17:25:14.668  7041  7041 D wpa_supplicant: EAPOL: SUPP_PAE entering state DISCONNECTED
06-20 17:25:14.668  7041  7041 D wpa_supplicant: EAPOL: Supplicant port status: Unauthorized
06-20 17:25:14.668  7041  7041 D wpa_supplicant: EAPOL: SUPP_BE entering state INITIALIZE
06-20 17:25:14.668  7041  7041 D wpa_supplicant: EAP: EAP entering state DISABLED
06-20 17:25:14.668  7041  7041 D wpa_supplicant: EAPOL: Supplicant port status: Unauthorized
06-20 17:25:14.668  7041  7041 D wpa_supplicant: EAPOL: External notification - portValid=0
06-20 17:25:14.668  7041  7041 D wpa_supplicant: EAPOL: Supplicant port status: Unauthorized
06-20 17:25:14.668  7041  7041 D wpa_supplicant: RTM_NEWLINK: operstate=0 ifi_flags=0x11003 ([UP][LOWER_UP])
06-20 17:25:14.668  7041  7041 D wpa_supplicant: RTM_NEWLINK, IFLA_IFNAME: Interface 'wlan0' added
06-20 17:25:14.668  7041  7041 D wpa_supplicant: RTM_NEWLINK: operstate=0 ifi_flags=0x11003 ([UP][LOWER_UP])
06-20 17:25:14.668  7041  7041 D wpa_supplicant: RTM_NEWLINK, IFLA_IFNAME: Interface 'wlan0' added
06-20 17:25:14.668  7041  7041 D wpa_supplicant: Wireless event: cmd=0x8c00 len=20
06-20 17:25:14.683   151   256 D ConnectivityService: ConnectivityChange for WIFI: DISCONNECTED/DISCONNECTED
06-20 17:25:14.683   151   256 D ConnectivityService: Attempting to switch to mobile
06-20 17:25:14.683   151   256 D ConnectivityService: Attempting to switch to WIMAX
06-20 17:25:14.683   151   256 D ConnectivityService: Attempting to switch to BLUETOOTH_TETHER
06-20 17:25:14.687   151   256 E ConnectivityService: Exception trying to remove a route: java.lang.IllegalStateException: Unable to communicate with native dameon to add routes - com.android.server.NativeDaemonConnectorException: Cmd {interface route remove wlan0 default 67.20.207.254 32 0.0.0.0} failed with code 400 : {Failed to remove route from default table (No such process)}
06-20 17:25:14.691  7041  7041 D wpa_supplicant: WPS: Building WPS IE for Probe Request
06-20 17:25:14.691  7041  7041 D wpa_supplicant: WPS:  * Version (hardcoded 0x10)
06-20 17:25:14.691  7041  7041 D wpa_supplicant: WPS:  * Request Type
06-20 17:25:14.691  7041  7041 D wpa_supplicant: WPS:  * Config Methods (2388)
06-20 17:25:14.691  7041  7041 D wpa_supplicant: WPS:  * UUID-E
06-20 17:25:14.691  7041  7041 D wpa_supplicant: WPS:  * Primary Device Type
06-20 17:25:14.691  7041  7041 D wpa_supplicant: WPS:  * RF Bands (3)
06-20 17:25:14.691  7041  7041 D wpa_supplicant: WPS:  * Association State
06-20 17:25:14.691  7041  7041 D wpa_supplicant: WPS:  * Configuration Error (0)
06-20 17:25:14.691  7041  7041 D wpa_supplicant: WPS:  * Device Password ID (0)
06-20 17:25:14.691  7041  7041 D wpa_supplicant: WPS:  * Manufacturer
06-20 17:25:14.691  7041  7041 D wpa_supplicant: WPS:  * Model Name
06-20 17:25:14.691  7041  7041 D wpa_supplicant: WPS:  * Model Number
06-20 17:25:14.691  7041  7041 D wpa_supplicant: WPS:  * Device Name
06-20 17:25:14.691  7041  7041 D wpa_supplicant: WPS:  * Version2 (0x20)
06-20 17:25:14.691  7041  7041 D wpa_supplicant: wpa_driver_wext_combo_scan: Start
06-20 17:25:14.691  7041  7041 D wpa_supplicant: For Scan: (null)
06-20 17:25:14.695   151   256 D NetUtils: android_net_utils_resetConnections in env=0x12a0a28 clazz=0xb8b00001 iface=wlan0 mask=0x3
06-20 17:25:14.695   151   256 E ConnectivityService: Exception trying to remove a route: java.lang.IllegalStateException: Unable to communicate with native dameon to add routes - com.android.server.NativeDaemonConnectorException: Cmd {interface route remove wlan0 default 0.0.0.0 0 67.20.207.254} failed with code 400 : {Failed to remove route from default table (No such process)}
06-20 17:25:14.695   151   256 D ConnectivityService: resetConnections(wlan0, 3)
06-20 17:25:14.699  7041  7041 D wpa_supplicant: Scan requested (ret=0) - scan timeout 30 seconds
06-20 17:25:15.179  7041  7041 D wpa_supplicant: RTM_NEWLINK: operstate=0 ifi_flags=0x11003 ([UP][LOWER_UP])
06-20 17:25:15.179  7041  7041 D wpa_supplicant: RTM_NEWLINK, IFLA_IFNAME: Interface 'wlan0' added
06-20 17:25:15.179  7041  7041 D wpa_supplicant: Wireless event: cmd=0x8b19 len=8
06-20 17:25:15.179  7041  7041 D wpa_supplicant: Received 2750 bytes of scan results (15 BSSes)
06-20 17:25:15.179  7041  7041 D wpa_supplicant: wlan0: Request association: reassociate: 0  selected: 00:17:5a:10:d1:a0  bssid: 00:00:00:00:00:00  pending: 00:00:00:00:00:00  wpa_state: SCANNING
06-20 17:25:15.179  7041  7041 I wpa_supplicant: wlan0: Trying to associate with 00:17:5a:10:d1:a0 (SSID='UB_Secure' freq=2412 MHz)
06-20 17:25:15.179  7041  7041 D wpa_supplicant: wpa_driver_wext_set_operstate: operstate 0->0 (DORMANT)
06-20 17:25:15.179  7041  7041 D wpa_supplicant: netlink: Operstate: linkmode=-1, operstate=5
06-20 17:25:15.179  7041  7041 D wpa_supplicant: wpa_driver_wext_associate
06-20 17:25:15.179  7041  7041 D wpa_supplicant: wpa_driver_wext_set_drop_unencrypted
06-20 17:25:15.214  7041  7041 D wpa_supplicant: wpa_driver_wext_set_psk
06-20 17:25:15.238  7041  7041 D wpa_supplicant: EAPOL: External notification - EAP success=0
06-20 17:25:15.238  7041  7041 D wpa_supplicant: EAPOL: Supplicant port status: Unauthorized
06-20 17:25:15.238  7041  7041 D wpa_supplicant: EAPOL: External notification - EAP fail=0
06-20 17:25:15.238  7041  7041 D wpa_supplicant: EAPOL: Supplicant port status: Unauthorized
06-20 17:25:15.238  7041  7041 D wpa_supplicant: EAPOL: External notification - portControl=Auto
06-20 17:25:15.238  7041  7041 D wpa_supplicant: EAPOL: Supplicant port status: Unauthorized
06-20 17:25:15.238  7041  7041 D wpa_supplicant: RSN: Ignored PMKID candidate without preauth flag
06-20 17:25:15.238  7041  7041 D wpa_supplicant: RSN: Ignored PMKID candidate without preauth flag
06-20 17:25:15.238  7041  7041 D wpa_supplicant: RSN: Ignored PMKID candidate without preauth flag
06-20 17:25:15.238  7041  7041 D wpa_supplicant: RTM_NEWLINK: operstate=0 ifi_flags=0x11003 ([UP][LOWER_UP])
06-20 17:25:15.238  7041  7041 D wpa_supplicant: RTM_NEWLINK, IFLA_IFNAME: Interface 'wlan0' added
06-20 17:25:15.238  7041  7041 D wpa_supplicant: Wireless event: cmd=0x8b06 len=8
06-20 17:25:15.238  7041  7041 D wpa_supplicant: RTM_NEWLINK: operstate=0 ifi_flags=0x11003 ([UP][LOWER_UP])
06-20 17:25:15.238  7041  7041 D wpa_supplicant: RTM_NEWLINK, IFLA_IFNAME: Interface 'wlan0' added
06-20 17:25:15.238  7041  7041 D wpa_supplicant: Wireless event: cmd=0x8b04 len=12
06-20 17:25:15.238  7041  7041 D wpa_supplicant: RTM_NEWLINK: operstate=0 ifi_flags=0x11003 ([UP][LOWER_UP])
06-20 17:25:15.238  7041  7041 D wpa_supplicant: RTM_NEWLINK, IFLA_IFNAME: Interface 'wlan0' added
06-20 17:25:15.238  7041  7041 D wpa_supplicant: Wireless event: cmd=0x8b1a len=17
06-20 17:25:15.293  7041  7041 D wpa_supplicant: RTM_NEWLINK: operstate=0 ifi_flags=0x11003 ([UP][LOWER_UP])
06-20 17:25:15.293  7041  7041 D wpa_supplicant: RTM_NEWLINK, IFLA_IFNAME: Interface 'wlan0' added
06-20 17:25:15.293  7041  7041 D wpa_supplicant: Wireless event: cmd=0x8c02 len=29
06-20 17:25:15.535  7041  7041 D wpa_supplicant: EAPOL: Supplicant port status: Unauthorized
06-20 17:25:16.132   151   295 D dalvikvm: GC_EXPLICIT freed 1230K, 18% free 16037K/19527K, paused 22ms+6ms
06-20 17:25:16.132  8567  8584 E GTalkService: connectionClosed: no XMPPConnection - That's strange!
06-20 17:25:16.132   151   256 D ConnectivityService: handleInetConditionChange: no active default network - ignore
06-20 17:25:16.250  8567  8584 E GTalkService: connectionClosed: no XMPPConnection - That's strange!
06-20 17:25:16.535  7041  7041 D wpa_supplicant: EAPOL: Supplicant port status: Unauthorized
06-20 17:25:17.535  7041  7041 D wpa_supplicant: EAPOL: Supplicant port status: Unauthorized
06-20 17:25:17.734  8567  8705 I System.out: [SEVERE:16941620]: LogSource: AsyncHttpRequestImpl.run(): exception thrown : Unable to resolve host "www.google.com": No address associated with hostname: java.net.UnknownHostException
06-20 17:25:17.746  8567  8702 E GlsClient-query: requestFailed
06-20 17:25:17.765   151   259 D Tethering: MasterInitialState.processMessage what=3
06-20 17:25:17.785  8567  8706 I WifiLocationEstimator: Not returning location for the following outliers: [132026659425]
06-20 17:25:17.839 11697 11697 I MediaUploader: No need to wake up
06-20 17:25:17.843  8371  8371 I PhoneLab-WiFiReceiver: Wi-Fi is disconnected!
06-20 17:25:17.867  7325  7325 D DAL     : lrb android.net.conn.CONNECTIVITY_CHANGE
06-20 17:25:17.871  7325  7325 D DAL     : lrb Starting displayBannerIfNotConnectedTask
06-20 17:25:17.871 12567 12580 D PicasaSyncManager: active network: null
06-20 17:25:17.871 12567 12580 D PicasaSyncManager: background data: true
06-20 17:25:17.882  7325  7325 D DAL     : lrb updateCurrentView
06-20 17:25:17.882  7325  7325 I DAL     : lrb updateHeader
06-20 17:25:17.882  7325  7325 D DAL     : lrb abortRequests
06-20 17:25:17.961  8567  8569 D dalvikvm: GC_CONCURRENT freed 548K, 7% free 10281K/11015K, paused 1ms+3ms
06-20 17:25:18.535  7041  7041 D wpa_supplicant: EAPOL: Supplicant port status: Unauthorized
06-20 17:25:19.539  7041  7041 D wpa_supplicant: EAPOL: Supplicant port status: Unauthorized
06-20 17:25:20.539  7041  7041 D wpa_supplicant: EAPOL: Supplicant port status: Unauthorized
06-20 17:25:20.961  8371  8373 D dalvikvm: GC_CONCURRENT freed 452K, 14% free 9707K/11207K, paused 22ms+2ms
06-20 17:25:21.539  7041  7041 D wpa_supplicant: EAPOL: Supplicant port status: Unauthorized
06-20 17:25:21.871  7041  7041 D wpa_supplicant: Ignore event for foreign ifindex 2
06-20 17:25:22.003   151   256 D ConnectivityService: ConnectivityChange for mobile: CONNECTED/CONNECTED
06-20 17:25:22.082   151   252 D NetworkPolicy: applying policy NetworkPolicy[NetworkTemplate: matchRule=MOBILE_ALL, subscriberId=valid]: cycleDay=8, warningBytes=2147483648, limitBytes=-1, lastSnooze=-1 to ifaces [rmnet0]
06-20 17:25:22.543  7041  7041 D wpa_supplicant: EAPOL: Supplicant port status: Unauthorized
06-20 17:25:22.753  8371 12682 D dalvikvm: GC_FOR_ALLOC freed 312K, 14% free 9724K/11207K, paused 38ms
06-20 17:25:22.765  8371 12682 D dalvikvm: GC_FOR_ALLOC freed 301K, 14% free 9724K/11207K, paused 12ms
06-20 17:25:22.781  8371 12682 D dalvikvm: GC_FOR_ALLOC freed 302K, 14% free 9723K/11207K, paused 12ms
06-20 17:25:23.003   151   256 D ConnectivityService: NetTransition Wakelock for WifiStateMachine released by timeout
06-20 17:25:23.543  7041  7041 D wpa_supplicant: EAPOL: Supplicant port status: Unauthorized
06-20 17:25:24.543  7041  7041 D wpa_supplicant: EAPOL: Supplicant port status: Unauthorized
06-20 17:25:25.062   151   259 D Tethering: MasterInitialState.processMessage what=3
06-20 17:25:25.113  8567  8567 I GTalkService/c: [AndroidEndpoint@1093901880] connect: acct=1000000, state=CONNECTING
06-20 17:25:25.117  8567  8567 I GTalkService/c: [GTalkConnection@1093829080] connect: acct=1, state=CONNECTING
06-20 17:25:25.148 11697 11697 I MediaUploader: No need to wake up
06-20 17:25:25.175  7325  7325 D DAL     : lrb android.net.conn.CONNECTIVITY_CHANGE
06-20 17:25:25.175  7325  7325 D DAL     : lrb Starting displayBannerIfNotConnectedTask
06-20 17:25:25.179  7325  7325 D DAL     : lrb updateCurrentView
06-20 17:25:25.179  7325  7325 I DAL     : lrb updateHeader
06-20 17:25:25.179  7325  7325 D DAL     : lrb abortRequests
06-20 17:25:25.179 12567 12580 D PicasaSyncManager: active network: NetworkInfo: type: mobile[CDMA - EvDo rev. A], state: CONNECTED/CONNECTED, reason: (unspecified), extra: , roaming: false, failover: true, isAvailable: true
06-20 17:25:25.183 12567 12580 D PicasaSyncManager: background data: true
06-20 17:25:25.238  7041  7041 I wpa_supplicant: wlan0: Authentication with 00:17:5a:10:d1:a0 timed out.
06-20 17:25:25.238  7041  7041 D wpa_supplicant: Added BSSID 00:17:5a:10:d1:a0 into blacklist
06-20 17:25:25.238  7041  7041 D wpa_supplicant: wpa_driver_wext_set_operstate: operstate 0->0 (DORMANT)
06-20 17:25:25.238  7041  7041 D wpa_supplicant: netlink: Operstate: linkmode=-1, operstate=5
06-20 17:25:25.238  7041  7041 D wpa_supplicant: EAPOL: External notification - portEnabled=0
06-20 17:25:25.238  7041  7041 D wpa_supplicant: EAPOL: Supplicant port status: Unauthorized
06-20 17:25:25.238  7041  7041 D wpa_supplicant: EAPOL: External notification - portValid=0
06-20 17:25:25.238  7041  7041 D wpa_supplicant: EAPOL: Supplicant port status: Unauthorized
06-20 17:25:25.543  7041  7041 D wpa_supplicant: EAPOL: Supplicant port status: Unauthorized
06-20 17:25:26.238  7041  7041 D wpa_supplicant: WPS: Building WPS IE for Probe Request
06-20 17:25:26.238  7041  7041 D wpa_supplicant: WPS:  * Version (hardcoded 0x10)
06-20 17:25:26.238  7041  7041 D wpa_supplicant: WPS:  * Request Type
06-20 17:25:26.238  7041  7041 D wpa_supplicant: WPS:  * Config Methods (2388)
06-20 17:25:26.238  7041  7041 D wpa_supplicant: WPS:  * UUID-E
06-20 17:25:26.238  7041  7041 D wpa_supplicant: WPS:  * Primary Device Type
06-20 17:25:26.238  7041  7041 D wpa_supplicant: WPS:  * RF Bands (3)
06-20 17:25:26.238  7041  7041 D wpa_supplicant: WPS:  * Association State
06-20 17:25:26.238  7041  7041 D wpa_supplicant: WPS:  * Configuration Error (0)
06-20 17:25:26.238  7041  7041 D wpa_supplicant: WPS:  * Device Password ID (0)
06-20 17:25:26.238  7041  7041 D wpa_supplicant: WPS:  * Manufacturer
06-20 17:25:26.238  7041  7041 D wpa_supplicant: WPS:  * Model Name
06-20 17:25:26.238  7041  7041 D wpa_supplicant: WPS:  * Model Number
06-20 17:25:26.238  7041  7041 D wpa_supplicant: WPS:  * Device Name
06-20 17:25:26.238  7041  7041 D wpa_supplicant: WPS:  * Version2 (0x20)
06-20 17:25:26.238  7041  7041 D wpa_supplicant: wpa_driver_wext_combo_scan: Start
06-20 17:25:26.238  7041  7041 D wpa_supplicant: For Scan: (null)
06-20 17:25:26.300  7041  7041 D wpa_supplicant: Scan requested (ret=0) - scan timeout 30 seconds
06-20 17:25:26.433  8371  8384 I PhoneLab-: Service Running
06-20 17:25:26.515  8371  8384 I PhoneLab-LoggerService: app_38    1593  1     1988   1544  c00f181c 400107b4 S logcat
06-20 17:25:26.515  8371  8384 I PhoneLab-LoggerService: Logcat pid from database 1593
06-20 17:25:26.515  8371  8384 I PhoneLab-LoggerService: Logcat process found 1593
06-20 17:25:26.515  8371  8384 I PhoneLab-LoggerService: Checking Threshold
06-20 17:25:26.519  8371  8384 I PhoneLab-LoggerService: Starting to rename files
06-20 17:25:26.519  8371  8384 I PhoneLab-LoggerService: Files found .. 2
06-20 17:25:26.519  8371  8384 I PhoneLab-: Service Running
06-20 17:25:26.543  7041  7041 D wpa_supplicant: EAPOL: Supplicant port status: Unauthorized
06-20 17:25:26.558  8371  8384 I PhoneLab-LoggerService: app_38    1593  1     1988   1544  c00f181c 400107b4 S logcat
06-20 17:25:26.558  8371  8384 I PhoneLab-LoggerService: Logcat pid from database 1593
06-20 17:25:26.562  8371  8384 I PhoneLab-LoggerService: Logcat process found 1593
06-20 17:25:26.566  8371  8384 I PhoneLab-LoggerService: Checking Threshold
06-20 17:25:26.566  8371  8384 I PhoneLab-LoggerService: Starting to rename files
06-20 17:25:26.566  8371  8384 I PhoneLab-LoggerService: Files found .. 2
06-20 17:25:26.566  8371  8384 I PhoneLab-: Service Running
06-20 17:25:26.597  8371  8373 D dalvikvm: GC_CONCURRENT freed 85K, 11% free 10051K/11207K, paused 2ms+10ms
06-20 17:25:26.621  8371  8384 I PhoneLab-LoggerService: app_38    1593  1     1988   1544  c00f181c 400107b4 S logcat
06-20 17:25:26.625  8371  8384 I PhoneLab-LoggerService: Logcat pid from database 1593
06-20 17:25:26.625  8371  8384 I PhoneLab-LoggerService: Logcat process found 1593
06-20 17:25:26.625  8371  8384 I PhoneLab-LoggerService: Checking Threshold
06-20 17:25:26.625  8371  8384 I PhoneLab-LoggerService: Starting to rename files
06-20 17:25:26.625  8371  8384 I PhoneLab-LoggerService: Files found .. 2
06-20 17:25:26.781  7041  7041 D wpa_supplicant: RTM_NEWLINK: operstate=0 ifi_flags=0x11003 ([UP][LOWER_UP])
06-20 17:25:26.781  7041  7041 D wpa_supplicant: RTM_NEWLINK, IFLA_IFNAME: Interface 'wlan0' added
06-20 17:25:26.781  7041  7041 D wpa_supplicant: Wireless event: cmd=0x8b19 len=8
06-20 17:25:26.781  7041  7041 D wpa_supplicant: Received 2053 bytes of scan results (11 BSSes)
06-20 17:25:26.781  7041  7041 D wpa_supplicant: wlan0: Request association: reassociate: 1  selected: 00:1e:bd:66:f2:60  bssid: 00:00:00:00:00:00  pending: 00:00:00:00:00:00  wpa_state: SCANNING
06-20 17:25:26.781  7041  7041 I wpa_supplicant: wlan0: Trying to associate with 00:1e:bd:66:f2:60 (SSID='UB_Secure' freq=2462 MHz)
06-20 17:25:26.781  7041  7041 D wpa_supplicant: RSN: Trying to use cached PMKSA
06-20 17:25:26.781  7041  7041 D wpa_supplicant: wpa_driver_wext_set_operstate: operstate 0->0 (DORMANT)
06-20 17:25:26.781  7041  7041 D wpa_supplicant: netlink: Operstate: linkmode=-1, operstate=5
06-20 17:25:26.781  7041  7041 D wpa_supplicant: wpa_driver_wext_associate
06-20 17:25:26.781  7041  7041 D wpa_supplicant: wpa_driver_wext_set_drop_unencrypted
06-20 17:25:26.785  7041  7041 D wpa_supplicant: wpa_driver_wext_set_psk
06-20 17:25:26.886  7041  7041 D wpa_supplicant: EAPOL: External notification - EAP success=0
06-20 17:25:26.890  7041  7041 D wpa_supplicant: EAPOL: Supplicant port status: Unauthorized
06-20 17:25:26.890  7041  7041 D wpa_supplicant: EAPOL: External notification - EAP fail=0
06-20 17:25:26.890  7041  7041 D wpa_supplicant: EAPOL: Supplicant port status: Unauthorized
06-20 17:25:26.890  7041  7041 D wpa_supplicant: EAPOL: External notification - portControl=Auto
06-20 17:25:26.890  7041  7041 D wpa_supplicant: EAPOL: Supplicant port status: Unauthorized
06-20 17:25:26.890  7041  7041 D wpa_supplicant: RSN: Ignored PMKID candidate without preauth flag
06-20 17:25:26.890  7041  7041 D wpa_supplicant: RSN: Ignored PMKID candidate without preauth flag
06-20 17:25:26.890  7041  7041 D wpa_supplicant: RSN: Ignored PMKID candidate without preauth flag
06-20 17:25:26.890  7041  7041 D wpa_supplicant: RSN: Ignored PMKID candidate without preauth flag
06-20 17:25:26.890  7041  7041 D wpa_supplicant: RTM_NEWLINK: operstate=0 ifi_flags=0x11003 ([UP][LOWER_UP])
06-20 17:25:26.890  7041  7041 D wpa_supplicant: RTM_NEWLINK, IFLA_IFNAME: Interface 'wlan0' added
06-20 17:25:26.890  7041  7041 D wpa_supplicant: Wireless event: cmd=0x8b06 len=8
06-20 17:25:26.890  7041  7041 D wpa_supplicant: RTM_NEWLINK: operstate=0 ifi_flags=0x11003 ([UP][LOWER_UP])
06-20 17:25:26.890  7041  7041 D wpa_supplicant: RTM_NEWLINK, IFLA_IFNAME: Interface 'wlan0' added
06-20 17:25:26.890  7041  7041 D wpa_supplicant: Wireless event: cmd=0x8b04 len=12
06-20 17:25:26.890  7041  7041 D wpa_supplicant: RTM_NEWLINK: operstate=0 ifi_flags=0x11003 ([UP][LOWER_UP])
06-20 17:25:26.890  7041  7041 D wpa_supplicant: RTM_NEWLINK, IFLA_IFNAME: Interface 'wlan0' added
06-20 17:25:26.902  7041  7041 D wpa_supplicant: Wireless event: cmd=0x8b1a len=17
06-20 17:25:26.949  7041  7041 D wpa_supplicant: RTM_NEWLINK: operstate=0 ifi_flags=0x11003 ([UP][LOWER_UP])
06-20 17:25:26.949  7041  7041 D wpa_supplicant: RTM_NEWLINK, IFLA_IFNAME: Interface 'wlan0' added
06-20 17:25:26.949  7041  7041 D wpa_supplicant: Wireless event: cmd=0x8c02 len=29
06-20 17:25:27.546  7041  7041 D wpa_supplicant: EAPOL: Supplicant port status: Unauthorized
06-20 17:25:28.546  7041  7041 D wpa_supplicant: EAPOL: Supplicant port status: Unauthorized
06-20 17:25:29.546  7041  7041 D wpa_supplicant: EAPOL: Supplicant port status: Unauthorized
06-20 17:25:30.546  7041  7041 D wpa_supplicant: EAPOL: Supplicant port status: Unauthorized
06-20 17:25:31.070  8371  8371 I PhoneLab-: 1340227147495.log is deleted
06-20 17:25:31.070  8371  8371 I PhoneLab-: Response: {"data": "done", "err": ""}
06-20 17:25:31.074  8371  8371 I PhoneLab-UploadLogs: No log files to transfer
06-20 17:25:31.078  8371  8371 I PhoneLab-Locks: wake lock released
06-20 17:25:31.414   151   189 I ActivityManager: Start proc com.google.android.gm for service com.google.android.gm/.provider.MailSyncAdapterService: pid=12751 uid=10019 gids={3003, 1015}
06-20 17:25:31.539 12751 12751 I ActivityThread: Pub gmail-ls: com.google.android.gm.provider.MailProvider
06-20 17:25:31.550  7041  7041 D wpa_supplicant: EAPOL: Supplicant port status: Unauthorized
06-20 17:25:31.562 12751 12751 I ActivityThread: Pub com.google.android.gm: com.google.android.gm.provider.PublicContentProvider
06-20 17:25:31.578 12751 12751 I ActivityThread: Pub com.google.android.gmail.SuggestionProvider: com.google.android.gm.SuggestionsProvider
06-20 17:25:31.726   151   256 D ConnectivityService: handleInetConditionHoldEnd: net=0, condition=100, published condition=0
06-20 17:25:31.800 12751 12754 D dalvikvm: GC_CONCURRENT freed 304K, 4% free 9231K/9607K, paused 14ms+3ms
06-20 17:25:32.082  8567  8569 D dalvikvm: GC_CONCURRENT freed 322K, 7% free 10346K/11015K, paused 8ms+2ms
06-20 17:25:32.242 12751 12769 I Gmail   : calculateUnknownSyncRationalesAndPurgeInBackground: queueing
06-20 17:25:32.250 12751 12769 I Gmail   : calculateUnknownSyncRationalesAndPurgeInBackground: queueing
06-20 17:25:32.281 12751 12767 I Gmail   : MainSyncRequestProto: lowestBkwdConvoId: 0, highestHandledServerOp: 618376, normalSync: true
06-20 17:25:32.289 12751 12769 I Gmail   : calculateUnknownSyncRationalesAndPurgeInBackground: running
06-20 17:25:32.312   151   168 I ActivityManager: Start proc com.google.android.talk for broadcast com.google.android.talk/.ConnectionStateOnlineReceiver: pid=12774 uid=10047 gids={3003, 1015, 1006, 3002}
06-20 17:25:32.347    80    80 D dalvikvm: GC_EXPLICIT freed 38K, 4% free 9031K/9347K, paused 2ms+3ms
06-20 17:25:32.375    80    80 D dalvikvm: GC_EXPLICIT freed <1K, 4% free 9031K/9347K, paused 5ms+2ms
06-20 17:25:32.394    80    80 D dalvikvm: GC_EXPLICIT freed <1K, 4% free 9031K/9347K, paused 1ms+1ms
06-20 17:25:32.402   151   599 I ActivityManager: Process twc.provider (pid 12398) has died.
06-20 17:25:32.531 12774 12774 I ActivityThread: Pub com.google.android.talk.SuggestionProvider: com.google.android.talk.SuggestionsProvider
06-20 17:25:32.550  7041  7041 D wpa_supplicant: EAPOL: Supplicant port status: Unauthorized
06-20 17:25:32.617 12774 12774 D vclib:CallStateClient: startListening
06-20 17:25:32.621 12751 12754 D dalvikvm: GC_CONCURRENT freed 293K, 4% free 9426K/9799K, paused 33ms+3ms
06-20 17:25:32.640 12751 12769 I Gmail   : calculateUnknownSyncRationalesAndPurgeInBackground: running
06-20 17:25:32.675 12774 12777 D dalvikvm: GC_CONCURRENT freed 139K, 3% free 9359K/9607K, paused 3ms+1ms
06-20 17:25:32.820  8567  9789 D dalvikvm: GC_EXPLICIT freed 151K, 7% free 10351K/11015K, paused 2ms+4ms
06-20 17:25:32.875   151   428 I ActivityManager: Process com.pandora.android (pid 12725) has died.
06-20 17:25:32.878   151   428 W ActivityManager: Scheduling restart of crashed service com.pandora.android/.PandoraService in 80000ms
06-20 17:25:33.336 12751 12754 D dalvikvm: GC_CONCURRENT freed 526K, 6% free 9457K/10055K, paused 2ms+3ms
06-20 17:25:33.433   151   705 I ActivityManager: Start proc com.google.android.gsf.login for service com.google.android.gsf.login/com.google.android.gsf.loginservice.GoogleLoginService: pid=12801 uid=10009 gids={3003, 1015, 1007, 2001, 3006}
06-20 17:25:33.550   151  1212 I ActivityManager: Process com.google.android.gallery3d (pid 12567) has died.
06-20 17:25:33.554  7041  7041 D wpa_supplicant: EAPOL: Supplicant port status: Unauthorized
06-20 17:25:33.800 12751 12754 D dalvikvm: GC_CONCURRENT freed 377K, 6% free 9464K/10055K, paused 2ms+3ms
06-20 17:25:34.554  7041  7041 D wpa_supplicant: EAPOL: idleWhile --> 0
06-20 17:25:34.554  7041  7041 D wpa_supplicant: EAPOL: disable timer tick
06-20 17:25:34.554  7041  7041 D wpa_supplicant: EAPOL: Supplicant port status: Unauthorized
06-20 17:25:35.992 12751 12767 D dalvikvm: GC_EXPLICIT freed 289K, 6% free 9532K/10055K, paused 2ms+3ms
06-20 17:25:35.996 12751 12767 I Gmail   : MainSyncRequestProto: lowestBkwdConvoId: 0, highestHandledServerOp: 618376, normalSync: true
06-20 17:25:36.890  7041  7041 I wpa_supplicant: wlan0: Authentication with 00:1e:bd:66:f2:60 timed out.
06-20 17:25:36.890  7041  7041 D wpa_supplicant: Added BSSID 00:1e:bd:66:f2:60 into blacklist
06-20 17:25:36.890  7041  7041 D wpa_supplicant: wpa_driver_wext_set_operstate: operstate 0->0 (DORMANT)
06-20 17:25:36.890  7041  7041 D wpa_supplicant: netlink: Operstate: linkmode=-1, operstate=5
06-20 17:25:36.890  7041  7041 D wpa_supplicant: EAPOL: External notification - portEnabled=0
06-20 17:25:36.890  7041  7041 D wpa_supplicant: EAPOL: Supplicant port status: Unauthorized
06-20 17:25:36.890  7041  7041 D wpa_supplicant: EAPOL: External notification - portValid=0
06-20 17:25:36.890  7041  7041 D wpa_supplicant: EAPOL: Supplicant port status: Unauthorized
06-20 17:25:37.894  7041  7041 D wpa_supplicant: WPS: Building WPS IE for Probe Request
06-20 17:25:37.894  7041  7041 D wpa_supplicant: WPS:  * Version (hardcoded 0x10)
06-20 17:25:37.894  7041  7041 D wpa_supplicant: WPS:  * Request Type
06-20 17:25:37.894  7041  7041 D wpa_supplicant: WPS:  * Config Methods (2388)
06-20 17:25:37.894  7041  7041 D wpa_supplicant: WPS:  * UUID-E
06-20 17:25:37.894  7041  7041 D wpa_supplicant: WPS:  * Primary Device Type
06-20 17:25:37.894  7041  7041 D wpa_supplicant: WPS:  * RF Bands (3)
06-20 17:25:37.894  7041  7041 D wpa_supplicant: WPS:  * Association State
06-20 17:25:37.894  7041  7041 D wpa_supplicant: WPS:  * Configuration Error (0)
06-20 17:25:37.894  7041  7041 D wpa_supplicant: WPS:  * Device Password ID (0)
06-20 17:25:37.894  7041  7041 D wpa_supplicant: WPS:  * Manufacturer
06-20 17:25:37.894  7041  7041 D wpa_supplicant: WPS:  * Model Name
06-20 17:25:37.894  7041  7041 D wpa_supplicant: WPS:  * Model Number
06-20 17:25:37.894  7041  7041 D wpa_supplicant: WPS:  * Device Name
06-20 17:25:37.894  7041  7041 D wpa_supplicant: WPS:  * Version2 (0x20)
06-20 17:25:37.894  7041  7041 D wpa_supplicant: wpa_driver_wext_combo_scan: Start
06-20 17:25:37.894  7041  7041 D wpa_supplicant: For Scan: (null)
06-20 17:25:37.961  7041  7041 D wpa_supplicant: Scan requested (ret=0) - scan timeout 30 seconds
06-20 17:25:38.453  7041  7041 D wpa_supplicant: RTM_NEWLINK: operstate=0 ifi_flags=0x11003 ([UP][LOWER_UP])
06-20 17:25:38.453  7041  7041 D wpa_supplicant: RTM_NEWLINK, IFLA_IFNAME: Interface 'wlan0' added
06-20 17:25:38.453  7041  7041 D wpa_supplicant: Wireless event: cmd=0x8b19 len=8
06-20 17:25:38.453  7041  7041 D wpa_supplicant: Received 2527 bytes of scan results (14 BSSes)
06-20 17:25:38.476  7041  7041 D wpa_supplicant: wlan0: Request association: reassociate: 1  selected: 00:1e:bd:66:f2:60  bssid: 00:00:00:00:00:00  pending: 00:00:00:00:00:00  wpa_state: SCANNING
06-20 17:25:38.476  7041  7041 I wpa_supplicant: wlan0: Trying to associate with 00:1e:bd:66:f2:60 (SSID='UB_Secure' freq=2462 MHz)
06-20 17:25:38.480  7041  7041 D wpa_supplicant: RSN: Trying to use cached PMKSA
06-20 17:25:38.480  7041  7041 D wpa_supplicant: wpa_driver_wext_set_operstate: operstate 0->0 (DORMANT)
06-20 17:25:38.480  7041  7041 D wpa_supplicant: netlink: Operstate: linkmode=-1, operstate=5
06-20 17:25:38.480  7041  7041 D wpa_supplicant: wpa_driver_wext_associate
06-20 17:25:38.480  7041  7041 D wpa_supplicant: wpa_driver_wext_set_drop_unencrypted
06-20 17:25:38.488  7041  7041 D wpa_supplicant: wpa_driver_wext_set_psk
06-20 17:25:38.492  7041  7041 D wpa_supplicant: EAPOL: External notification - EAP success=0
06-20 17:25:38.492  7041  7041 D wpa_supplicant: EAPOL: Supplicant port status: Unauthorized
06-20 17:25:38.492  7041  7041 D wpa_supplicant: EAPOL: External notification - EAP fail=0
06-20 17:25:38.492  7041  7041 D wpa_supplicant: EAPOL: Supplicant port status: Unauthorized
06-20 17:25:38.492  7041  7041 D wpa_supplicant: EAPOL: External notification - portControl=Auto
06-20 17:25:38.492  7041  7041 D wpa_supplicant: EAPOL: Supplicant port status: Unauthorized
06-20 17:25:38.492  7041  7041 D wpa_supplicant: RSN: Ignored PMKID candidate without preauth flag
06-20 17:25:38.492  7041  7041 D wpa_supplicant: RSN: Ignored PMKID candidate without preauth flag
06-20 17:25:38.492  7041  7041 D wpa_supplicant: RTM_NEWLINK: operstate=0 ifi_flags=0x11003 ([UP][LOWER_UP])
06-20 17:25:38.492  7041  7041 D wpa_supplicant: RTM_NEWLINK, IFLA_IFNAME: Interface 'wlan0' added
06-20 17:25:38.492  7041  7041 D wpa_supplicant: Wireless event: cmd=0x8b06 len=8
06-20 17:25:38.492  7041  7041 D wpa_supplicant: RTM_NEWLINK: operstate=0 ifi_flags=0x11003 ([UP][LOWER_UP])
06-20 17:25:38.492  7041  7041 D wpa_supplicant: RTM_NEWLINK, IFLA_IFNAME: Interface 'wlan0' added
06-20 17:25:38.492  7041  7041 D wpa_supplicant: Wireless event: cmd=0x8b04 len=12
06-20 17:25:38.492  7041  7041 D wpa_supplicant: RTM_NEWLINK: operstate=0 ifi_flags=0x11003 ([UP][LOWER_UP])
06-20 17:25:38.492  7041  7041 D wpa_supplicant: RTM_NEWLINK, IFLA_IFNAME: Interface 'wlan0' added
06-20 17:25:38.492  7041  7041 D wpa_supplicant: Wireless event: cmd=0x8b1a len=17
06-20 17:25:38.500  7041  7041 D wpa_supplicant: RTM_NEWLINK: operstate=0 ifi_flags=0x11003 ([UP][LOWER_UP])
06-20 17:25:38.500  7041  7041 D wpa_supplicant: RTM_NEWLINK, IFLA_IFNAME: Interface 'wlan0' added
06-20 17:25:38.500  7041  7041 D wpa_supplicant: Wireless event: cmd=0x8b15 len=20
06-20 17:25:38.500  7041  7041 D wpa_supplicant: Wireless event: new AP: 00:1e:bd:66:f2:60
06-20 17:25:38.500  7041  7041 D wpa_supplicant: wpa_driver_wext_set_operstate: operstate 0->0 (DORMANT)
06-20 17:25:38.500  7041  7041 D wpa_supplicant: netlink: Operstate: linkmode=-1, operstate=5
06-20 17:25:38.503  7041  7041 I wpa_supplicant: wlan0: Associated with 00:1e:bd:66:f2:60
06-20 17:25:38.503  7041  7041 D wpa_supplicant: EAPOL: External notification - portEnabled=0
06-20 17:25:38.503  7041  7041 D wpa_supplicant: EAPOL: Supplicant port status: Unauthorized
06-20 17:25:38.503  7041  7041 D wpa_supplicant: EAPOL: External notification - portValid=0
06-20 17:25:38.503  7041  7041 D wpa_supplicant: EAPOL: Supplicant port status: Unauthorized
06-20 17:25:38.503  7041  7041 D wpa_supplicant: EAPOL: External notification - portEnabled=1
06-20 17:25:38.503  7041  7041 D wpa_supplicant: EAPOL: SUPP_PAE entering state CONNECTING
06-20 17:25:38.503  7041  7041 D wpa_supplicant: EAPOL: enable timer tick
06-20 17:25:38.503  7041  7041 D wpa_supplicant: EAPOL: SUPP_BE entering state IDLE
06-20 17:25:38.503  7041  7041 D wpa_supplicant: EAP: EAP entering state INITIALIZE
06-20 17:25:38.503  7041  7041 D wpa_supplicant: EAP: EAP entering state IDLE
06-20 17:25:38.503  7041  7041 D wpa_supplicant: EAPOL: Ignoring WPA EAPOL-Key frame in EAPOL state machines
06-20 17:25:38.507  7041  7041 D wpa_supplicant: EAPOL: PMKSA caching was used - skip EAPOL
06-20 17:25:38.507  7041  7041 D wpa_supplicant: EAPOL: Supplicant port status: Authorized
06-20 17:25:38.507  7041  7041 D wpa_supplicant: WPA: PTK derivation - A1=78:d6:f0:71:1f:82 A2=00:1e:bd:66:f2:60
06-20 17:25:38.609   327   329 D dalvikvm: GC_CONCURRENT freed 558K, 52% free 9952K/20423K, paused 5ms+4ms
06-20 17:25:38.687   327   327 D dalvikvm: GC_FOR_ALLOC freed 381K, 52% free 9939K/20423K, paused 16ms
06-20 17:25:38.746  7041  7041 D wpa_supplicant: RTM_NEWLINK: operstate=0 ifi_flags=0x11003 ([UP][LOWER_UP])
06-20 17:25:38.746  7041  7041 D wpa_supplicant: RTM_NEWLINK, IFLA_IFNAME: Interface 'wlan0' added
06-20 17:25:38.746  7041  7041 D wpa_supplicant: Wireless event: cmd=0x8c03 len=20
06-20 17:25:38.746  7041  7041 D wpa_supplicant: RTM_NEWLINK: operstate=0 ifi_flags=0x11003 ([UP][LOWER_UP])
06-20 17:25:38.746  7041  7041 D wpa_supplicant: RTM_NEWLINK, IFLA_IFNAME: Interface 'wlan0' added
06-20 17:25:38.746  7041  7041 D wpa_supplicant: Wireless event: cmd=0x8c02 len=26
06-20 17:25:38.746    76   113 D NetlinkEvent: Unexpected netlink message. type=0x0
06-20 17:25:38.753   327   329 D dalvikvm: GC_CONCURRENT freed 339K, 51% free 10080K/20423K, paused 1ms+4ms
06-20 17:25:38.808  7041  7041 D wpa_supplicant: EAPOL: Ignoring WPA EAPOL-Key frame in EAPOL state machines
06-20 17:25:38.808  7041  7041 D wpa_supplicant: wpa_driver_wext_set_key: alg=3 key_idx=0 set_tx=1 seq_len=6 key_len=16
06-20 17:25:38.812  7041  7041 D wpa_supplicant: EAPOL: External notification - portValid=1
06-20 17:25:38.812  7041  7041 D wpa_supplicant: wpa_driver_wext_set_key: alg=2 key_idx=1 set_tx=0 seq_len=6 key_len=32
06-20 17:25:38.812  7041  7041 I wpa_supplicant: wlan0: WPA: Key negotiation completed with 00:1e:bd:66:f2:60 [PTK=CCMP GTK=TKIP]
06-20 17:25:38.812  7041  7041 D wpa_supplicant: Removed BSSID 00:1e:bd:66:f2:60 from blacklist
06-20 17:25:38.812  7041  7041 I wpa_supplicant: wlan0: CTRL-EVENT-CONNECTED - Connection to 00:1e:bd:66:f2:60 completed (reauth) [id=3 id_str=]
06-20 17:25:38.812  7041  7041 D wpa_supplicant: wpa_driver_wext_set_operstate: operstate 0->1 (UP)
06-20 17:25:38.812  7041  7041 D wpa_supplicant: netlink: Operstate: linkmode=-1, operstate=6
06-20 17:25:38.812  7041  7041 D wpa_supplicant: EAPOL: External notification - portValid=1
06-20 17:25:38.816  7041  7041 D wpa_supplicant: RTM_NEWLINK: operstate=1 ifi_flags=0x11043 ([UP][RUNNING][LOWER_UP])
06-20 17:25:38.816  7041  7041 D wpa_supplicant: RTM_NEWLINK, IFLA_IFNAME: Interface 'wlan0' added
06-20 17:25:38.816  7041  7041 D wpa_supplicant: RTM_NEWLINK: operstate=1 ifi_flags=0x11003 ([UP][LOWER_UP])
06-20 17:25:38.816  7041  7041 D wpa_supplicant: netlink: Operstate: linkmode=-1, operstate=6
06-20 17:25:38.816  7041  7041 D wpa_supplicant: RTM_NEWLINK, IFLA_IFNAME: Interface 'wlan0' added
06-20 17:25:38.816  7041  7041 D wpa_supplicant: Wireless event: cmd=0x8c09 len=32
06-20 17:25:38.816  7041  7041 D wpa_supplicant: PMKID candidate wireless event: flags=0x0 index=0 bssid=00:1e:bd:66:f2:60
06-20 17:25:38.816  7041  7041 D wpa_supplicant: RSN: Ignored PMKID candidate without preauth flag
06-20 17:25:38.839  7041  7041 D wpa_supplicant: wpa_driver_wext_driver_cmd BTCOEXMODE 1 len = 4096
06-20 17:25:38.878   327   329 D dalvikvm: GC_CONCURRENT freed 485K, 52% free 9991K/20423K, paused 2ms+3ms
06-20 17:25:38.996  7041  7041 D wpa_supplicant: wpa_driver_wext_driver_cmd OK len = 0, 2
06-20 17:25:38.996  7041  7041 D wpa_supplicant: wpa_driver_wext_driver_cmd GETPOWER len = 4096
06-20 17:25:39.003  7041  7041 D wpa_supplicant: wpa_driver_wext_driver_cmd powermode = 0 len = 13, 13
06-20 17:25:39.003  7041  7041 D wpa_supplicant: wpa_driver_wext_driver_cmd POWERMODE 1 len = 4096
06-20 17:25:39.019  7041  7041 D wpa_supplicant: wpa_driver_wext_driver_cmd OK len = 0, 2
06-20 17:25:39.507  7041  7041 D wpa_supplicant: EAPOL: startWhen --> 0
06-20 17:25:40.636  7041  7041 D wpa_supplicant: wpa_driver_wext_driver_cmd POWERMODE 0 len = 4096
06-20 17:25:40.648  7041  7041 D wpa_supplicant: wpa_driver_wext_driver_cmd OK len = 0, 2
06-20 17:25:40.648  7041  7041 D wpa_supplicant: wpa_driver_wext_driver_cmd BTCOEXMODE 2 len = 4096
06-20 17:25:40.652  7041  7041 D wpa_supplicant: wpa_driver_wext_driver_cmd OK len = 0, 2
06-20 17:25:40.679  7041  7041 D wpa_supplicant: RTM_NEWLINK: operstate=1 ifi_flags=0x11043 ([UP][RUNNING][LOWER_UP])
06-20 17:25:40.679  7041  7041 D wpa_supplicant: RTM_NEWLINK, IFLA_IFNAME: Interface 'wlan0' added
06-20 17:25:40.679  7041  7041 D wpa_supplicant: Wireless event: cmd=0x8c00 len=20
06-20 17:25:40.687   151   256 D ConnectivityService: ConnectivityChange for WIFI: CONNECTED/CONNECTED
06-20 17:25:40.687   151   256 D ConnectivityService: Policy requires mobile teardown
06-20 17:25:40.714  8371  8371 I PhoneLab-WiFiReceiver: Wi-Fi is connected!
06-20 17:25:40.718  8371  8371 I PhoneLab-WiFiReceiver: SSID: UB_Secure BSSID: 00:1e:bd:66:f2:60 RSSI: -200 LinkSpeed: -1
06-20 17:25:40.718  8371  8371 I PhoneLab-Locks: wake lock acquired
06-20 17:25:40.761  8371  8371 I PhoneLab-UploadLogs: Transfering log files now
06-20 17:25:40.765  8371  8371 I PhoneLab-UploadLogs: No log files to transfer
06-20 17:25:40.765  8371  8371 I PhoneLab-Locks: wake lock released
06-20 17:25:40.773   151   256 D ConnectivityService: ConnectivityChange for mobile: DISCONNECTED/DISCONNECTED
06-20 17:25:40.773   151   256 D ConnectivityService: Attempting to switch to WIFI
06-20 17:25:40.773   151   256 D ConnectivityService: Attempting to switch to WIMAX
06-20 17:25:40.773   151   256 D ConnectivityService: Attempting to switch to BLUETOOTH_TETHER
06-20 17:25:40.777  8371  8371 I PhoneLab-UploadLogs: OnStartCommand
06-20 17:25:40.781   151   256 D ConnectivityService: resetConnections(rmnet0, 3)
06-20 17:25:40.808   151   256 D NetUtils: android_net_utils_resetConnections in env=0x12a0a28 clazz=0xda900001 iface=rmnet0 mask=0x3
06-20 17:25:40.816   151   251 W NetworkStats: dropping UID delta from unknown iface: iface=wlan0 uid=0 set=DEFAULT tag=0x0 rxBytes=332 rxPackets=1 txBytes=196 txPackets=3 operations=0
06-20 17:25:40.910   327   329 D dalvikvm: GC_CONCURRENT freed 435K, 51% free 10011K/20423K, paused 1ms+2ms
06-20 17:25:40.949   151   153 D dalvikvm: GC_CONCURRENT freed 1724K, 18% free 16063K/19527K, paused 7ms+29ms
06-20 17:25:40.980  8567 12747 W Smack/Packet: notify conn break (IOEx), close connection
06-20 17:25:41.238  8567 12747 I qtaguid : Failed write_ctrl(u 59) res=-1 errno=22
06-20 17:25:41.238  8567 12747 I qtaguid : Untagging socket 59 failed errno=-22
06-20 17:25:41.238  8567 12747 W NetworkManagementSocketTagger: untagSocket(59) failed with errno -22
06-20 17:25:41.253   151   256 D ConnectivityService: handleInetConditionChange: net=0 != default=1 - ignore
06-20 17:25:41.773  7041  7041 D wpa_supplicant: RTM_NEWLINK: operstate=1 ifi_flags=0x11043 ([UP][RUNNING][LOWER_UP])
06-20 17:25:41.773  7041  7041 D wpa_supplicant: RTM_NEWLINK, IFLA_IFNAME: Interface 'wlan0' added
06-20 17:25:41.773  7041  7041 D wpa_supplicant: Wireless event: cmd=0x8c00 len=20
06-20 17:25:42.043  7041  7041 D wpa_supplicant: Ignore event for foreign ifindex 2
06-20 17:25:43.785   151   259 D Tethering: MasterInitialState.processMessage what=3
06-20 17:25:43.836   151  1215 I ActivityManager: Start proc com.google.android.gallery3d for broadcast com.google.android.gallery3d/com.google.android.picasasync.ConnectivityReceiver: pid=12854 uid=10017 gids={3003, 1015}
06-20 17:25:43.867   327   327 D dalvikvm: GC_EXPLICIT freed 223K, 52% free 9893K/20423K, paused 14ms+11ms
06-20 17:25:43.871  7325  7325 D DAL     : lrb android.net.conn.CONNECTIVITY_CHANGE
06-20 17:25:43.871  7325  7325 D DAL     : lrb Starting displayBannerIfNotConnectedTask
06-20 17:25:43.882   151   259 D Tethering: MasterInitialState.processMessage what=3
06-20 17:25:43.898   151   259 D Tethering: MasterInitialState.processMessage what=3
06-20 17:25:43.914  7325  7325 D DAL     : lrb updateCurrentView
06-20 17:25:43.925  7325  7325 I DAL     : lrb updateHeader
06-20 17:25:43.925  7325  7325 D DAL     : lrb abortRequests
06-20 17:25:43.925  7325  7325 D DAL     : lrb android.net.conn.CONNECTIVITY_CHANGE
06-20 17:25:43.925  7325  7325 D DAL     : lrb Starting displayBannerIfNotConnectedTask
06-20 17:25:43.937  7325  7325 D DAL     : lrb updateCurrentView
06-20 17:25:43.937  8567  8567 I GTalkService/c: [AndroidEndpoint@1093901880] connect: acct=1000000, state=CONNECTING
06-20 17:25:43.937  7325  7325 I DAL     : lrb updateHeader
06-20 17:25:43.937  7325  7325 D DAL     : lrb abortRequests
06-20 17:25:43.937  7325  7325 D DAL     : lrb android.net.conn.CONNECTIVITY_CHANGE
06-20 17:25:43.937  7325  7325 D DAL     : lrb Starting displayBannerIfNotConnectedTask
06-20 17:25:43.941  7325  7325 D DAL     : lrb updateCurrentView
06-20 17:25:43.941  7325  7325 I DAL     : lrb updateHeader
06-20 17:25:43.941  7325  7325 D DAL     : lrb abortRequests
06-20 17:25:43.961 12854 12854 I ActivityThread: Pub com.google.android.gallery3d.GooglePhotoProvider: com.google.android.picasasync.PicasaContentProvider
06-20 17:25:44.023  8567  8567 I GTalkService/c: [GTalkConnection@1093829080] connect: acct=1, state=CONNECTING
06-20 17:25:44.058 12854 12856 D dalvikvm: GC_CONCURRENT freed 418K, 6% free 9118K/9607K, paused 3ms+3ms
06-20 17:25:44.093 12854 12854 I ActivityThread: Pub com.google.android.gallery3d.provider: com.android.gallery3d.provider.GalleryProvider
06-20 17:25:44.175 10846 10848 D dalvikvm: GC_CONCURRENT freed 527K, 6% free 10804K/11463K, paused 88ms+5ms
06-20 17:25:44.218 12854 12856 D dalvikvm: GC_CONCURRENT freed 395K, 6% free 9188K/9671K, paused 1ms+6ms
06-20 17:25:44.238 12854 12854 D UploadsManager: load newPhotoTracker: null
06-20 17:25:44.238 12854 12854 D UploadsManager: load all accounts: null
06-20 17:25:44.238 12854 12854 D UploadsManager: load all account-album pairs: null
06-20 17:25:44.238 12854 12854 V PicasaContentProvider: querySettings: defaults: {sync_on_wifi_only=1, auto_upload_account_type=null, sync_on_battery=1, sync_picasa_on_wifi_only=1, auto_upload_enabled=0, video_upload_wifi_only=1, sync_on_roaming=0, auto_upload_account_name=null}
06-20 17:25:44.246 12854 12854 D UploadsManager:    settings not changed
06-20 17:25:44.277 11697 11697 I MediaUploader: No need to wake up
06-20 17:25:44.312 12854 12868 D PicasaSync: sync account database
06-20 17:25:44.351 11697 11697 I MediaUploader: No need to wake up
06-20 17:25:44.414 11697 11697 I MediaUploader: No need to wake up
06-20 17:25:44.457 12854 12868 D PicasaSync: accounts in DB=1
06-20 17:25:44.457 12854 12868 V PicasaContentProvider: querySettings: defaults: {sync_on_wifi_only=1, auto_upload_account_type=null, sync_on_battery=1, sync_picasa_on_wifi_only=1, auto_upload_enabled=0, video_upload_wifi_only=1, sync_on_roaming=0, auto_upload_account_name=null}
06-20 17:25:44.461 12854 12868 D PicasaSyncManager: active network: NetworkInfo: type: WIFI[], state: CONNECTED/CONNECTED, reason: (unspecified), extra: (none), roaming: false, failover: false, isAvailable: true
06-20 17:25:44.484 12854 12868 D PicasaSyncManager: background data: true
06-20 17:25:44.500  8567  8569 D dalvikvm: GC_CONCURRENT freed 413K, 7% free 10348K/11015K, paused 5ms+3ms
06-20 17:25:44.531 12854 12868 D PicasaSyncManager: battery info: false
06-20 17:25:45.644   151   705 I ActivityManager: Process com.google.android.talk (pid 12774) has died.
06-20 17:25:45.675  8612  8612 D OpenGLRenderer: Flushing caches (mode 2)
06-20 17:25:45.675  8612  8612 D OpenGLRenderer: Flushing caches (mode 0)
06-20 17:25:45.746  8612  8612 W ManagedEGLContext: doTerminate failed: EGL count is 2 but managed count is 1
06-20 17:25:45.882 12751 12754 D dalvikvm: GC_CONCURRENT freed 541K, 7% free 9565K/10183K, paused 1ms+2ms
06-20 17:25:46.011  7041  7041 D wpa_supplicant: RTM_NEWLINK: operstate=1 ifi_flags=0x11043 ([UP][RUNNING][LOWER_UP])
06-20 17:25:46.011  7041  7041 D wpa_supplicant: RTM_NEWLINK, IFLA_IFNAME: Interface 'wlan0' added
06-20 17:25:46.011  7041  7041 D wpa_supplicant: Wireless event: cmd=0x8c00 len=20
06-20 17:25:49.476   151   256 D ConnectivityService: handleInetConditionHoldEnd: net=1, condition=100, published condition=0
06-20 17:25:50.238   151   168 I ActivityManager: Start proc com.google.android.talk for broadcast com.google.android.talk/.ConnectionStateOnlineReceiver: pid=12874 uid=10047 gids={3003, 1015, 1006, 3002}
06-20 17:25:50.296 12874 12874 I ActivityThread: Pub com.google.android.talk.SuggestionProvider: com.google.android.talk.SuggestionsProvider
06-20 17:25:50.386   151   429 D dalvikvm: GC_EXPLICIT freed 1187K, 19% free 16001K/19527K, paused 2ms+4ms
06-20 17:25:50.406 12874 12874 D vclib:CallStateClient: startListening
06-20 17:25:50.457 12874 12876 D dalvikvm: GC_CONCURRENT freed 175K, 3% free 9361K/9607K, paused 3ms+8ms
06-20 17:25:51.046  8567  8569 D dalvikvm: GC_CONCURRENT freed 376K, 6% free 10391K/11015K, paused 33ms+3ms
