06-28 05:41:12.770  8292  8292 D wpa_supplicant: WPS: Building WPS IE for Probe Request
06-28 05:41:12.770  8292  8292 D wpa_supplicant: WPS:  * Version (hardcoded 0x10)
06-28 05:41:12.770  8292  8292 D wpa_supplicant: WPS:  * Request Type
06-28 05:41:12.770  8292  8292 D wpa_supplicant: WPS:  * Config Methods (2388)
06-28 05:41:12.770  8292  8292 D wpa_supplicant: WPS:  * UUID-E
06-28 05:41:12.770  8292  8292 D wpa_supplicant: WPS:  * Primary Device Type
06-28 05:41:12.770  8292  8292 D wpa_supplicant: WPS:  * RF Bands (3)
06-28 05:41:12.770  8292  8292 D wpa_supplicant: WPS:  * Association State
06-28 05:41:12.770  8292  8292 D wpa_supplicant: WPS:  * Configuration Error (0)
06-28 05:41:12.770  8292  8292 D wpa_supplicant: WPS:  * Device Password ID (0)
06-28 05:41:12.770  8292  8292 D wpa_supplicant: WPS:  * Manufacturer
06-28 05:41:12.770  8292  8292 D wpa_supplicant: WPS:  * Model Name
06-28 05:41:12.770  8292  8292 D wpa_supplicant: WPS:  * Model Number
06-28 05:41:12.770  8292  8292 D wpa_supplicant: WPS:  * Device Name
06-28 05:41:12.770  8292  8292 D wpa_supplicant: WPS:  * Version2 (0x20)
06-28 05:41:12.770  8292  8292 D wpa_supplicant: wpa_driver_wext_combo_scan: Start
06-28 05:41:12.770  8292  8292 D wpa_supplicant: For Scan: (null)
06-28 05:41:12.824  8292  8292 D wpa_supplicant: Scan requested (ret=0) - scan timeout 30 seconds
06-28 05:41:13.328  8292  8292 D wpa_supplicant: RTM_NEWLINK: operstate=0 ifi_flags=0x11003 ([UP][LOWER_UP])
06-28 05:41:13.336  8292  8292 D wpa_supplicant: RTM_NEWLINK, IFLA_IFNAME: Interface 'wlan0' added
06-28 05:41:13.336  8292  8292 D wpa_supplicant: Wireless event: cmd=0x8b19 len=8
06-28 05:41:13.336  8292  8292 D wpa_supplicant: Received 2945 bytes of scan results (10 BSSes)
06-28 05:41:28.356  8292  8292 D wpa_supplicant: WPS: Building WPS IE for Probe Request
06-28 05:41:28.356  8292  8292 D wpa_supplicant: WPS:  * Version (hardcoded 0x10)
06-28 05:41:28.356  8292  8292 D wpa_supplicant: WPS:  * Request Type
06-28 05:41:28.356  8292  8292 D wpa_supplicant: WPS:  * Config Methods (2388)
06-28 05:41:28.356  8292  8292 D wpa_supplicant: WPS:  * UUID-E
06-28 05:41:28.356  8292  8292 D wpa_supplicant: WPS:  * Primary Device Type
06-28 05:41:28.356  8292  8292 D wpa_supplicant: WPS:  * RF Bands (3)
06-28 05:41:28.356  8292  8292 D wpa_supplicant: WPS:  * Association State
06-28 05:41:28.356  8292  8292 D wpa_supplicant: WPS:  * Configuration Error (0)
06-28 05:41:28.356  8292  8292 D wpa_supplicant: WPS:  * Device Password ID (0)
06-28 05:41:28.356  8292  8292 D wpa_supplicant: WPS:  * Manufacturer
06-28 05:41:28.356  8292  8292 D wpa_supplicant: WPS:  * Model Name
06-28 05:41:28.356  8292  8292 D wpa_supplicant: WPS:  * Model Number
06-28 05:41:28.356  8292  8292 D wpa_supplicant: WPS:  * Device Name
06-28 05:41:28.356  8292  8292 D wpa_supplicant: WPS:  * Version2 (0x20)
06-28 05:41:28.356  8292  8292 D wpa_supplicant: wpa_driver_wext_combo_scan: Start
06-28 05:41:28.356  8292  8292 D wpa_supplicant: For Scan: (null)
06-28 05:41:28.418  8292  8292 D wpa_supplicant: Scan requested (ret=0) - scan timeout 30 seconds
06-28 05:41:28.910  8292  8292 D wpa_supplicant: RTM_NEWLINK: operstate=0 ifi_flags=0x11003 ([UP][LOWER_UP])
06-28 05:41:28.910  8292  8292 D wpa_supplicant: RTM_NEWLINK, IFLA_IFNAME: Interface 'wlan0' added
06-28 05:41:28.910  8292  8292 D wpa_supplicant: Wireless event: cmd=0x8b19 len=8
06-28 05:41:28.910  8292  8292 D wpa_supplicant: Received 2634 bytes of scan results (9 BSSes)
06-28 05:41:40.555  8292  8292 D wpa_supplicant: wpa_driver_wext_driver_cmd SETSUSPENDOPT 0 len = 4096
06-28 05:41:40.555  8292  8292 D wpa_supplicant: wpa_driver_wext_driver_cmd SETSUSPENDOPT 0 len = 0, 15
06-28 05:41:40.563  8292  8292 D wpa_supplicant: wpa_driver_wext_driver_cmd POWERMODE 0 len = 4096
06-28 05:41:40.590  8292  8292 D wpa_supplicant: wpa_driver_wext_driver_cmd OK len = 0, 2
06-28 05:41:40.633  8292  8292 D wpa_supplicant: wpa_driver_wext_driver_cmd SETSUSPENDOPT 0 len = 4096
06-28 05:41:40.633  8292  8292 D wpa_supplicant: wpa_driver_wext_driver_cmd SETSUSPENDOPT 0 len = 0, 15
06-28 05:41:40.633  8292  8292 D wpa_supplicant: wpa_driver_wext_driver_cmd POWERMODE 0 len = 4096
06-28 05:41:40.641  8292  8292 D wpa_supplicant: wpa_driver_wext_driver_cmd OK len = 0, 2
06-28 05:41:43.926  8292  8292 D wpa_supplicant: WPS: Building WPS IE for Probe Request
06-28 05:41:43.926  8292  8292 D wpa_supplicant: WPS:  * Version (hardcoded 0x10)
06-28 05:41:43.926  8292  8292 D wpa_supplicant: WPS:  * Request Type
06-28 05:41:43.926  8292  8292 D wpa_supplicant: WPS:  * Config Methods (2388)
06-28 05:41:43.926  8292  8292 D wpa_supplicant: WPS:  * UUID-E
06-28 05:41:43.926  8292  8292 D wpa_supplicant: WPS:  * Primary Device Type
06-28 05:41:43.926  8292  8292 D wpa_supplicant: WPS:  * RF Bands (3)
06-28 05:41:43.926  8292  8292 D wpa_supplicant: WPS:  * Association State
06-28 05:41:43.926  8292  8292 D wpa_supplicant: WPS:  * Configuration Error (0)
06-28 05:41:43.926  8292  8292 D wpa_supplicant: WPS:  * Device Password ID (0)
06-28 05:41:43.926  8292  8292 D wpa_supplicant: WPS:  * Manufacturer
06-28 05:41:43.926  8292  8292 D wpa_supplicant: WPS:  * Model Name
06-28 05:41:43.926  8292  8292 D wpa_supplicant: WPS:  * Model Number
06-28 05:41:43.926  8292  8292 D wpa_supplicant: WPS:  * Device Name
06-28 05:41:43.926  8292  8292 D wpa_supplicant: WPS:  * Version2 (0x20)
06-28 05:41:43.926  8292  8292 D wpa_supplicant: wpa_driver_wext_combo_scan: Start
06-28 05:41:43.926  8292  8292 D wpa_supplicant: For Scan: (null)
06-28 05:41:43.988  8292  8292 D wpa_supplicant: Scan requested (ret=0) - scan timeout 30 seconds
06-28 05:41:44.481  8292  8292 D wpa_supplicant: RTM_NEWLINK: operstate=0 ifi_flags=0x11003 ([UP][LOWER_UP])
06-28 05:41:44.481  8292  8292 D wpa_supplicant: RTM_NEWLINK, IFLA_IFNAME: Interface 'wlan0' added
06-28 05:41:44.481  8292  8292 D wpa_supplicant: Wireless event: cmd=0x8b19 len=8
06-28 05:41:44.481  8292  8292 D wpa_supplicant: Received 2955 bytes of scan results (10 BSSes)
06-28 05:41:59.500  8292  8292 D wpa_supplicant: WPS: Building WPS IE for Probe Request
06-28 05:41:59.500  8292  8292 D wpa_supplicant: WPS:  * Version (hardcoded 0x10)
06-28 05:41:59.500  8292  8292 D wpa_supplicant: WPS:  * Request Type
06-28 05:41:59.500  8292  8292 D wpa_supplicant: WPS:  * Config Methods (2388)
06-28 05:41:59.500  8292  8292 D wpa_supplicant: WPS:  * UUID-E
06-28 05:41:59.500  8292  8292 D wpa_supplicant: WPS:  * Primary Device Type
06-28 05:41:59.500  8292  8292 D wpa_supplicant: WPS:  * RF Bands (3)
06-28 05:41:59.500  8292  8292 D wpa_supplicant: WPS:  * Association State
06-28 05:41:59.500  8292  8292 D wpa_supplicant: WPS:  * Configuration Error (0)
06-28 05:41:59.500  8292  8292 D wpa_supplicant: WPS:  * Device Password ID (0)
06-28 05:41:59.504  8292  8292 D wpa_supplicant: WPS:  * Manufacturer
06-28 05:41:59.504  8292  8292 D wpa_supplicant: WPS:  * Model Name
06-28 05:41:59.504  8292  8292 D wpa_supplicant: WPS:  * Model Number
06-28 05:41:59.504  8292  8292 D wpa_supplicant: WPS:  * Device Name
06-28 05:41:59.504  8292  8292 D wpa_supplicant: WPS:  * Version2 (0x20)
06-28 05:41:59.504  8292  8292 D wpa_supplicant: wpa_driver_wext_combo_scan: Start
06-28 05:41:59.504  8292  8292 D wpa_supplicant: For Scan: (null)
06-28 05:41:59.563  8292  8292 D wpa_supplicant: Scan requested (ret=0) - scan timeout 30 seconds
06-28 05:42:00.051  8292  8292 D wpa_supplicant: RTM_NEWLINK: operstate=0 ifi_flags=0x11003 ([UP][LOWER_UP])
06-28 05:42:00.051  8292  8292 D wpa_supplicant: RTM_NEWLINK, IFLA_IFNAME: Interface 'wlan0' added
06-28 05:42:00.051  8292  8292 D wpa_supplicant: Wireless event: cmd=0x8b19 len=8
06-28 05:42:00.055  8292  8292 D wpa_supplicant: Received 2765 bytes of scan results (9 BSSes)
06-28 05:42:00.203 26733 26733 D dalvikvm: GC_EXPLICIT freed 9K, 4% free 9065K/9347K, paused 4ms+2ms
06-28 05:42:07.652 14765 14778 I PhoneLab-: Service Running
06-28 05:42:07.715 14765 14778 I PhoneLab-LoggerService: app_38    1593  1     956    508   c00f181c 400107b4 S logcat
06-28 05:42:07.719 14765 14778 I PhoneLab-LoggerService: Logcat pid from database 1593
06-28 05:42:07.719 14765 14778 I PhoneLab-LoggerService: Logcat process found 1593
06-28 05:42:07.719 14765 14778 I PhoneLab-LoggerService: Checking Threshold
06-28 05:42:07.719 14765 14778 I PhoneLab-LoggerService: Starting to rename files
06-28 05:42:07.719 14765 14778 I PhoneLab-LoggerService: Files found .. 31
06-28 05:42:07.723 14765 14778 I PhoneLab-LoggerService: File 1 log.out.1
06-28 05:42:07.727 14765 14778 I PhoneLab-LoggerService: Renamed successfully
06-28 05:42:10.410  9922 10013 D androidNetworkLocationListeners: Still have listener com.google.android.location.internal.client.NetworkLocationClient$1@413346d8
06-28 05:42:10.426  8292  8292 D wpa_supplicant: wpa_driver_wext_driver_cmd SETSUSPENDOPT 0 len = 4096
06-28 05:42:10.426  8292  8292 D wpa_supplicant: wpa_driver_wext_driver_cmd SETSUSPENDOPT 0 len = 0, 15
06-28 05:42:10.426  8292  8292 D wpa_supplicant: wpa_driver_wext_driver_cmd POWERMODE 0 len = 4096
06-28 05:42:10.449  8292  8292 D wpa_supplicant: wpa_driver_wext_driver_cmd OK len = 0, 2
06-28 05:42:10.520  8292  8292 D wpa_supplicant: wpa_driver_wext_driver_cmd SETSUSPENDOPT 0 len = 4096
06-28 05:42:10.520  8292  8292 D wpa_supplicant: wpa_driver_wext_driver_cmd SETSUSPENDOPT 0 len = 0, 15
06-28 05:42:10.524  8292  8292 D wpa_supplicant: wpa_driver_wext_driver_cmd POWERMODE 0 len = 4096
06-28 05:42:10.531  8292  8292 D wpa_supplicant: wpa_driver_wext_driver_cmd OK len = 0, 2
06-28 05:42:10.547  9922  9925 D dalvikvm: GC_CONCURRENT freed 492K, 9% free 10803K/11783K, paused 2ms+3ms
06-28 05:42:13.109  8292  8292 D wpa_supplicant: WPS: Building WPS IE for Probe Request
06-28 05:42:13.109  8292  8292 D wpa_supplicant: WPS:  * Version (hardcoded 0x10)
06-28 05:42:13.109  8292  8292 D wpa_supplicant: WPS:  * Request Type
06-28 05:42:13.109  8292  8292 D wpa_supplicant: WPS:  * Config Methods (2388)
06-28 05:42:13.109  8292  8292 D wpa_supplicant: WPS:  * UUID-E
06-28 05:42:13.109  8292  8292 D wpa_supplicant: WPS:  * Primary Device Type
06-28 05:42:13.109  8292  8292 D wpa_supplicant: WPS:  * RF Bands (3)
06-28 05:42:13.109  8292  8292 D wpa_supplicant: WPS:  * Association State
06-28 05:42:13.109  8292  8292 D wpa_supplicant: WPS:  * Configuration Error (0)
06-28 05:42:13.109  8292  8292 D wpa_supplicant: WPS:  * Device Password ID (0)
06-28 05:42:13.109  8292  8292 D wpa_supplicant: WPS:  * Manufacturer
06-28 05:42:13.109  8292  8292 D wpa_supplicant: WPS:  * Model Name
06-28 05:42:13.109  8292  8292 D wpa_supplicant: WPS:  * Model Number
06-28 05:42:13.109  8292  8292 D wpa_supplicant: WPS:  * Device Name
06-28 05:42:13.109  8292  8292 D wpa_supplicant: WPS:  * Version2 (0x20)
06-28 05:42:13.109  8292  8292 D wpa_supplicant: wpa_driver_wext_combo_scan: Start
06-28 05:42:13.109  8292  8292 D wpa_supplicant: For Scan: (null)
06-28 05:42:13.180  8292  8292 D wpa_supplicant: Scan requested (ret=0) - scan timeout 30 seconds
06-28 05:42:13.680  8292  8292 D wpa_supplicant: RTM_NEWLINK: operstate=0 ifi_flags=0x11003 ([UP][LOWER_UP])
06-28 05:42:13.680  8292  8292 D wpa_supplicant: RTM_NEWLINK, IFLA_IFNAME: Interface 'wlan0' added
06-28 05:42:13.680  8292  8292 D wpa_supplicant: Wireless event: cmd=0x8b19 len=8
06-28 05:42:13.680  8292  8292 D wpa_supplicant: Received 3372 bytes of scan results (12 BSSes)
06-28 05:42:28.711  8292  8292 D wpa_supplicant: WPS: Building WPS IE for Probe Request
06-28 05:42:28.711  8292  8292 D wpa_supplicant: WPS:  * Version (hardcoded 0x10)
06-28 05:42:28.711  8292  8292 D wpa_supplicant: WPS:  * Request Type
06-28 05:42:28.711  8292  8292 D wpa_supplicant: WPS:  * Config Methods (2388)
06-28 05:42:28.711  8292  8292 D wpa_supplicant: WPS:  * UUID-E
06-28 05:42:28.711  8292  8292 D wpa_supplicant: WPS:  * Primary Device Type
06-28 05:42:28.711  8292  8292 D wpa_supplicant: WPS:  * RF Bands (3)
06-28 05:42:28.711  8292  8292 D wpa_supplicant: WPS:  * Association State
06-28 05:42:28.711  8292  8292 D wpa_supplicant: WPS:  * Configuration Error (0)
06-28 05:42:28.711  8292  8292 D wpa_supplicant: WPS:  * Device Password ID (0)
06-28 05:42:28.711  8292  8292 D wpa_supplicant: WPS:  * Manufacturer
06-28 05:42:28.711  8292  8292 D wpa_supplicant: WPS:  * Model Name
06-28 05:42:28.711  8292  8292 D wpa_supplicant: WPS:  * Model Number
06-28 05:42:28.711  8292  8292 D wpa_supplicant: WPS:  * Device Name
06-28 05:42:28.711  8292  8292 D wpa_supplicant: WPS:  * Version2 (0x20)
06-28 05:42:28.711  8292  8292 D wpa_supplicant: wpa_driver_wext_combo_scan: Start
06-28 05:42:28.711  8292  8292 D wpa_supplicant: For Scan: (null)
06-28 05:42:28.770  8292  8292 D wpa_supplicant: Scan requested (ret=0) - scan timeout 30 seconds
06-28 05:42:29.258  8292  8292 D wpa_supplicant: RTM_NEWLINK: operstate=0 ifi_flags=0x11003 ([UP][LOWER_UP])
06-28 05:42:29.258  8292  8292 D wpa_supplicant: RTM_NEWLINK, IFLA_IFNAME: Interface 'wlan0' added
06-28 05:42:29.258  8292  8292 D wpa_supplicant: Wireless event: cmd=0x8b19 len=8
06-28 05:42:29.258  8292  8292 D wpa_supplicant: Received 3360 bytes of scan results (12 BSSes)
06-28 05:42:44.285  8292  8292 D wpa_supplicant: WPS: Building WPS IE for Probe Request
06-28 05:42:44.285  8292  8292 D wpa_supplicant: WPS:  * Version (hardcoded 0x10)
06-28 05:42:44.285  8292  8292 D wpa_supplicant: WPS:  * Request Type
06-28 05:42:44.285  8292  8292 D wpa_supplicant: WPS:  * Config Methods (2388)
06-28 05:42:44.285  8292  8292 D wpa_supplicant: WPS:  * UUID-E
06-28 05:42:44.285  8292  8292 D wpa_supplicant: WPS:  * Primary Device Type
06-28 05:42:44.285  8292  8292 D wpa_supplicant: WPS:  * RF Bands (3)
06-28 05:42:44.285  8292  8292 D wpa_supplicant: WPS:  * Association State
06-28 05:42:44.285  8292  8292 D wpa_supplicant: WPS:  * Configuration Error (0)
06-28 05:42:44.285  8292  8292 D wpa_supplicant: WPS:  * Device Password ID (0)
06-28 05:42:44.285  8292  8292 D wpa_supplicant: WPS:  * Manufacturer
06-28 05:42:44.285  8292  8292 D wpa_supplicant: WPS:  * Model Name
06-28 05:42:44.285  8292  8292 D wpa_supplicant: WPS:  * Model Number
06-28 05:42:44.285  8292  8292 D wpa_supplicant: WPS:  * Device Name
06-28 05:42:44.285  8292  8292 D wpa_supplicant: WPS:  * Version2 (0x20)
06-28 05:42:44.285  8292  8292 D wpa_supplicant: wpa_driver_wext_combo_scan: Start
06-28 05:42:44.285  8292  8292 D wpa_supplicant: For Scan: (null)
06-28 05:42:44.344  8292  8292 D wpa_supplicant: Scan requested (ret=0) - scan timeout 30 seconds
06-28 05:42:44.836  8292  8292 D wpa_supplicant: RTM_NEWLINK: operstate=0 ifi_flags=0x11003 ([UP][LOWER_UP])
06-28 05:42:44.836  8292  8292 D wpa_supplicant: RTM_NEWLINK, IFLA_IFNAME: Interface 'wlan0' added
06-28 05:42:44.836  8292  8292 D wpa_supplicant: Wireless event: cmd=0x8b19 len=8
06-28 05:42:44.836  8292  8292 D wpa_supplicant: Received 3134 bytes of scan results (11 BSSes)
06-28 05:42:59.863  8292  8292 D wpa_supplicant: WPS: Building WPS IE for Probe Request
06-28 05:42:59.863  8292  8292 D wpa_supplicant: WPS:  * Version (hardcoded 0x10)
06-28 05:42:59.863  8292  8292 D wpa_supplicant: WPS:  * Request Type
06-28 05:42:59.863  8292  8292 D wpa_supplicant: WPS:  * Config Methods (2388)
06-28 05:42:59.863  8292  8292 D wpa_supplicant: WPS:  * UUID-E
06-28 05:42:59.863  8292  8292 D wpa_supplicant: WPS:  * Primary Device Type
06-28 05:42:59.863  8292  8292 D wpa_supplicant: WPS:  * RF Bands (3)
06-28 05:42:59.863  8292  8292 D wpa_supplicant: WPS:  * Association State
06-28 05:42:59.863  8292  8292 D wpa_supplicant: WPS:  * Configuration Error (0)
06-28 05:42:59.863  8292  8292 D wpa_supplicant: WPS:  * Device Password ID (0)
06-28 05:42:59.863  8292  8292 D wpa_supplicant: WPS:  * Manufacturer
06-28 05:42:59.863  8292  8292 D wpa_supplicant: WPS:  * Model Name
06-28 05:42:59.863  8292  8292 D wpa_supplicant: WPS:  * Model Number
06-28 05:42:59.863  8292  8292 D wpa_supplicant: WPS:  * Device Name
06-28 05:42:59.863  8292  8292 D wpa_supplicant: WPS:  * Version2 (0x20)
06-28 05:42:59.863  8292  8292 D wpa_supplicant: wpa_driver_wext_combo_scan: Start
06-28 05:42:59.863  8292  8292 D wpa_supplicant: For Scan: (null)
06-28 05:42:59.922  8292  8292 D wpa_supplicant: Scan requested (ret=0) - scan timeout 30 seconds
06-28 05:43:00.188 26733 26733 D dalvikvm: GC_EXPLICIT freed 9K, 4% free 9065K/9347K, paused 2ms+1ms
06-28 05:43:00.414  8292  8292 D wpa_supplicant: RTM_NEWLINK: operstate=0 ifi_flags=0x11003 ([UP][LOWER_UP])
06-28 05:43:00.414  8292  8292 D wpa_supplicant: RTM_NEWLINK, IFLA_IFNAME: Interface 'wlan0' added
06-28 05:43:00.414  8292  8292 D wpa_supplicant: Wireless event: cmd=0x8b19 len=8
06-28 05:43:00.426  8292  8292 D wpa_supplicant: Received 2887 bytes of scan results (10 BSSes)
06-28 05:43:03.422 25890 25892 D dalvikvm: GC_CONCURRENT freed 509K, 7% free 10932K/11719K, paused 31ms+2ms
06-28 05:43:15.438  8292  8292 D wpa_supplicant: WPS: Building WPS IE for Probe Request
06-28 05:43:15.438  8292  8292 D wpa_supplicant: WPS:  * Version (hardcoded 0x10)
06-28 05:43:15.438  8292  8292 D wpa_supplicant: WPS:  * Request Type
06-28 05:43:15.438  8292  8292 D wpa_supplicant: WPS:  * Config Methods (2388)
06-28 05:43:15.438  8292  8292 D wpa_supplicant: WPS:  * UUID-E
06-28 05:43:15.438  8292  8292 D wpa_supplicant: WPS:  * Primary Device Type
06-28 05:43:15.438  8292  8292 D wpa_supplicant: WPS:  * RF Bands (3)
06-28 05:43:15.438  8292  8292 D wpa_supplicant: WPS:  * Configuration Error (0)
06-28 05:43:15.438  8292  8292 D wpa_supplicant: WPS:  * Device Password ID (0)
06-28 05:43:15.438  8292  8292 D wpa_supplicant: WPS:  * Manufacturer
06-28 05:43:15.438  8292  8292 D wpa_supplicant: WPS:  * Model Name
06-28 05:43:15.438  8292  8292 D wpa_supplicant: WPS:  * Model Number
06-28 05:43:15.438  8292  8292 D wpa_supplicant: WPS:  * Device Name
06-28 05:43:15.438  8292  8292 D wpa_supplicant: WPS:  * Association State
06-28 05:43:15.442  8292  8292 D wpa_supplicant: WPS:  * Version2 (0x20)
06-28 05:43:15.442  8292  8292 D wpa_supplicant: wpa_driver_wext_combo_scan: Start
06-28 05:43:15.442  8292  8292 D wpa_supplicant: For Scan: (null)
06-28 05:43:15.500  8292  8292 D wpa_supplicant: Scan requested (ret=0) - scan timeout 30 seconds
06-28 05:43:15.988  8292  8292 D wpa_supplicant: RTM_NEWLINK: operstate=0 ifi_flags=0x11003 ([UP][LOWER_UP])
06-28 05:43:15.988  8292  8292 D wpa_supplicant: RTM_NEWLINK, IFLA_IFNAME: Interface 'wlan0' added
06-28 05:43:15.988  8292  8292 D wpa_supplicant: Wireless event: cmd=0x8b19 len=8
06-28 05:43:15.988  8292  8292 D wpa_supplicant: Received 3061 bytes of scan results (11 BSSes)
06-28 05:43:31.016  8292  8292 D wpa_supplicant: WPS: Building WPS IE for Probe Request
06-28 05:43:31.016  8292  8292 D wpa_supplicant: WPS:  * Version (hardcoded 0x10)
06-28 05:43:31.016  8292  8292 D wpa_supplicant: WPS:  * Request Type
06-28 05:43:31.016  8292  8292 D wpa_supplicant: WPS:  * Config Methods (2388)
06-28 05:43:31.016  8292  8292 D wpa_supplicant: WPS:  * UUID-E
06-28 05:43:31.016  8292  8292 D wpa_supplicant: WPS:  * Primary Device Type
06-28 05:43:31.016  8292  8292 D wpa_supplicant: WPS:  * RF Bands (3)
06-28 05:43:31.016  8292  8292 D wpa_supplicant: WPS:  * Association State
06-28 05:43:31.016  8292  8292 D wpa_supplicant: WPS:  * Configuration Error (0)
06-28 05:43:31.016  8292  8292 D wpa_supplicant: WPS:  * Device Password ID (0)
06-28 05:43:31.016  8292  8292 D wpa_supplicant: WPS:  * Manufacturer
06-28 05:43:31.016  8292  8292 D wpa_supplicant: WPS:  * Model Name
06-28 05:43:31.016  8292  8292 D wpa_supplicant: WPS:  * Model Number
06-28 05:43:31.016  8292  8292 D wpa_supplicant: WPS:  * Device Name
06-28 05:43:31.016  8292  8292 D wpa_supplicant: WPS:  * Version2 (0x20)
06-28 05:43:31.016  8292  8292 D wpa_supplicant: wpa_driver_wext_combo_scan: Start
06-28 05:43:31.016  8292  8292 D wpa_supplicant: For Scan: (null)
06-28 05:43:31.074  8292  8292 D wpa_supplicant: Scan requested (ret=0) - scan timeout 30 seconds
06-28 05:43:31.559  8292  8292 D wpa_supplicant: RTM_NEWLINK: operstate=0 ifi_flags=0x11003 ([UP][LOWER_UP])
06-28 05:43:31.559  8292  8292 D wpa_supplicant: RTM_NEWLINK, IFLA_IFNAME: Interface 'wlan0' added
06-28 05:43:31.559  8292  8292 D wpa_supplicant: Wireless event: cmd=0x8b19 len=8
06-28 05:43:31.567  8292  8292 D wpa_supplicant: Received 3200 bytes of scan results (11 BSSes)
06-28 05:43:46.586  8292  8292 D wpa_supplicant: WPS: Building WPS IE for Probe Request
06-28 05:43:46.586  8292  8292 D wpa_supplicant: WPS:  * Version (hardcoded 0x10)
06-28 05:43:46.586  8292  8292 D wpa_supplicant: WPS:  * Request Type
06-28 05:43:46.586  8292  8292 D wpa_supplicant: WPS:  * Config Methods (2388)
06-28 05:43:46.586  8292  8292 D wpa_supplicant: WPS:  * UUID-E
06-28 05:43:46.586  8292  8292 D wpa_supplicant: WPS:  * Primary Device Type
06-28 05:43:46.586  8292  8292 D wpa_supplicant: WPS:  * RF Bands (3)
06-28 05:43:46.586  8292  8292 D wpa_supplicant: WPS:  * Association State
06-28 05:43:46.586  8292  8292 D wpa_supplicant: WPS:  * Configuration Error (0)
06-28 05:43:46.586  8292  8292 D wpa_supplicant: WPS:  * Device Password ID (0)
06-28 05:43:46.586  8292  8292 D wpa_supplicant: WPS:  * Manufacturer
06-28 05:43:46.586  8292  8292 D wpa_supplicant: WPS:  * Model Name
06-28 05:43:46.586  8292  8292 D wpa_supplicant: WPS:  * Model Number
06-28 05:43:46.586  8292  8292 D wpa_supplicant: WPS:  * Device Name
06-28 05:43:46.586  8292  8292 D wpa_supplicant: WPS:  * Version2 (0x20)
06-28 05:43:46.586  8292  8292 D wpa_supplicant: wpa_driver_wext_combo_scan: Start
06-28 05:43:46.586  8292  8292 D wpa_supplicant: For Scan: (null)
06-28 05:43:46.656  8292  8292 D wpa_supplicant: Scan requested (ret=0) - scan timeout 30 seconds
06-28 05:43:47.137  8292  8292 D wpa_supplicant: RTM_NEWLINK: operstate=0 ifi_flags=0x11003 ([UP][LOWER_UP])
06-28 05:43:47.137  8292  8292 D wpa_supplicant: RTM_NEWLINK, IFLA_IFNAME: Interface 'wlan0' added
06-28 05:43:47.137  8292  8292 D wpa_supplicant: Wireless event: cmd=0x8b19 len=8
06-28 05:43:47.149  8292  8292 D wpa_supplicant: Received 2625 bytes of scan results (9 BSSes)
06-28 05:44:00.176 26733 26733 D dalvikvm: GC_EXPLICIT freed 9K, 4% free 9065K/9347K, paused 2ms+2ms
06-28 05:44:02.160  8292  8292 D wpa_supplicant: WPS: Building WPS IE for Probe Request
06-28 05:44:02.160  8292  8292 D wpa_supplicant: WPS:  * Version (hardcoded 0x10)
06-28 05:44:02.160  8292  8292 D wpa_supplicant: WPS:  * Request Type
06-28 05:44:02.160  8292  8292 D wpa_supplicant: WPS:  * Config Methods (2388)
06-28 05:44:02.160  8292  8292 D wpa_supplicant: WPS:  * UUID-E
06-28 05:44:02.160  8292  8292 D wpa_supplicant: WPS:  * Primary Device Type
06-28 05:44:02.160  8292  8292 D wpa_supplicant: WPS:  * RF Bands (3)
06-28 05:44:02.160  8292  8292 D wpa_supplicant: WPS:  * Association State
06-28 05:44:02.160  8292  8292 D wpa_supplicant: WPS:  * Configuration Error (0)
06-28 05:44:02.160  8292  8292 D wpa_supplicant: WPS:  * Device Password ID (0)
06-28 05:44:02.160  8292  8292 D wpa_supplicant: WPS:  * Manufacturer
06-28 05:44:02.160  8292  8292 D wpa_supplicant: WPS:  * Model Name
06-28 05:44:02.160  8292  8292 D wpa_supplicant: WPS:  * Model Number
06-28 05:44:02.160  8292  8292 D wpa_supplicant: WPS:  * Device Name
06-28 05:44:02.160  8292  8292 D wpa_supplicant: WPS:  * Version2 (0x20)
06-28 05:44:02.160  8292  8292 D wpa_supplicant: wpa_driver_wext_combo_scan: Start
06-28 05:44:02.160  8292  8292 D wpa_supplicant: For Scan: (null)
06-28 05:44:02.227  8292  8292 D wpa_supplicant: Scan requested (ret=0) - scan timeout 30 seconds
06-28 05:44:02.711  8292  8292 D wpa_supplicant: RTM_NEWLINK: operstate=0 ifi_flags=0x11003 ([UP][LOWER_UP])
06-28 05:44:02.711  8292  8292 D wpa_supplicant: RTM_NEWLINK, IFLA_IFNAME: Interface 'wlan0' added
06-28 05:44:02.711  8292  8292 D wpa_supplicant: Wireless event: cmd=0x8b19 len=8
06-28 05:44:02.711  8292  8292 D wpa_supplicant: Received 1721 bytes of scan results (6 BSSes)
06-28 05:44:07.652 14765 14778 I PhoneLab-: Service Running
06-28 05:44:07.738 14765 14778 I PhoneLab-LoggerService: app_38    1593  1     956    508   c00f181c 400107b4 S logcat
06-28 05:44:07.738 14765 14778 I PhoneLab-LoggerService: Logcat pid from database 1593
06-28 05:44:07.738 14765 14778 I PhoneLab-LoggerService: Logcat process found 1593
06-28 05:44:07.738 14765 14778 I PhoneLab-LoggerService: Checking Threshold
06-28 05:44:07.742 14765 14778 I PhoneLab-LoggerService: Starting to rename files
06-28 05:44:07.742 14765 14778 I PhoneLab-LoggerService: Files found .. 31
06-28 05:44:17.734  8292  8292 D wpa_supplicant: WPS: Building WPS IE for Probe Request
06-28 05:44:17.734  8292  8292 D wpa_supplicant: WPS:  * Version (hardcoded 0x10)
06-28 05:44:17.734  8292  8292 D wpa_supplicant: WPS:  * Request Type
06-28 05:44:17.734  8292  8292 D wpa_supplicant: WPS:  * Config Methods (2388)
06-28 05:44:17.734  8292  8292 D wpa_supplicant: WPS:  * UUID-E
06-28 05:44:17.734  8292  8292 D wpa_supplicant: WPS:  * Primary Device Type
06-28 05:44:17.734  8292  8292 D wpa_supplicant: WPS:  * RF Bands (3)
06-28 05:44:17.734  8292  8292 D wpa_supplicant: WPS:  * Association State
06-28 05:44:17.734  8292  8292 D wpa_supplicant: WPS:  * Configuration Error (0)
06-28 05:44:17.734  8292  8292 D wpa_supplicant: WPS:  * Device Password ID (0)
06-28 05:44:17.734  8292  8292 D wpa_supplicant: WPS:  * Manufacturer
06-28 05:44:17.734  8292  8292 D wpa_supplicant: WPS:  * Model Name
06-28 05:44:17.734  8292  8292 D wpa_supplicant: WPS:  * Model Number
06-28 05:44:17.734  8292  8292 D wpa_supplicant: WPS:  * Device Name
06-28 05:44:17.734  8292  8292 D wpa_supplicant: WPS:  * Version2 (0x20)
06-28 05:44:17.734  8292  8292 D wpa_supplicant: wpa_driver_wext_combo_scan: Start
06-28 05:44:17.734  8292  8292 D wpa_supplicant: For Scan: (null)
06-28 05:44:17.793  8292  8292 D wpa_supplicant: Scan requested (ret=0) - scan timeout 30 seconds
06-28 05:44:18.281  8292  8292 D wpa_supplicant: RTM_NEWLINK: operstate=0 ifi_flags=0x11003 ([UP][LOWER_UP])
06-28 05:44:18.281  8292  8292 D wpa_supplicant: RTM_NEWLINK, IFLA_IFNAME: Interface 'wlan0' added
06-28 05:44:18.281  8292  8292 D wpa_supplicant: Wireless event: cmd=0x8b19 len=8
06-28 05:44:18.281  8292  8292 D wpa_supplicant: Received 3421 bytes of scan results (12 BSSes)
06-28 05:44:33.305  8292  8292 D wpa_supplicant: WPS: Building WPS IE for Probe Request
06-28 05:44:33.305  8292  8292 D wpa_supplicant: WPS:  * Version (hardcoded 0x10)
06-28 05:44:33.305  8292  8292 D wpa_supplicant: WPS:  * Request Type
06-28 05:44:33.305  8292  8292 D wpa_supplicant: WPS:  * Config Methods (2388)
06-28 05:44:33.305  8292  8292 D wpa_supplicant: WPS:  * UUID-E
06-28 05:44:33.305  8292  8292 D wpa_supplicant: WPS:  * Primary Device Type
06-28 05:44:33.305  8292  8292 D wpa_supplicant: WPS:  * RF Bands (3)
06-28 05:44:33.305  8292  8292 D wpa_supplicant: WPS:  * Association State
06-28 05:44:33.305  8292  8292 D wpa_supplicant: WPS:  * Configuration Error (0)
06-28 05:44:33.305  8292  8292 D wpa_supplicant: WPS:  * Device Password ID (0)
06-28 05:44:33.305  8292  8292 D wpa_supplicant: WPS:  * Manufacturer
06-28 05:44:33.305  8292  8292 D wpa_supplicant: WPS:  * Model Name
06-28 05:44:33.305  8292  8292 D wpa_supplicant: WPS:  * Model Number
06-28 05:44:33.305  8292  8292 D wpa_supplicant: WPS:  * Device Name
06-28 05:44:33.305  8292  8292 D wpa_supplicant: WPS:  * Version2 (0x20)
06-28 05:44:33.305  8292  8292 D wpa_supplicant: wpa_driver_wext_combo_scan: Start
06-28 05:44:33.305  8292  8292 D wpa_supplicant: For Scan: (null)
06-28 05:44:33.367  8292  8292 D wpa_supplicant: Scan requested (ret=0) - scan timeout 30 seconds
06-28 05:44:33.852  8292  8292 D wpa_supplicant: RTM_NEWLINK: operstate=0 ifi_flags=0x11003 ([UP][LOWER_UP])
06-28 05:44:33.852  8292  8292 D wpa_supplicant: RTM_NEWLINK, IFLA_IFNAME: Interface 'wlan0' added
06-28 05:44:33.852  8292  8292 D wpa_supplicant: Wireless event: cmd=0x8b19 len=8
06-28 05:44:33.852  8292  8292 D wpa_supplicant: Received 2852 bytes of scan results (10 BSSes)
06-28 05:44:45.859   151   153 D dalvikvm: GC_CONCURRENT freed 1912K, 35% free 18159K/27847K, paused 3ms+9ms
06-28 05:44:48.875  8292  8292 D wpa_supplicant: WPS: Building WPS IE for Probe Request
06-28 05:44:48.875  8292  8292 D wpa_supplicant: WPS:  * Version (hardcoded 0x10)
06-28 05:44:48.875  8292  8292 D wpa_supplicant: WPS:  * Request Type
06-28 05:44:48.875  8292  8292 D wpa_supplicant: WPS:  * Config Methods (2388)
06-28 05:44:48.875  8292  8292 D wpa_supplicant: WPS:  * UUID-E
06-28 05:44:48.875  8292  8292 D wpa_supplicant: WPS:  * Primary Device Type
06-28 05:44:48.875  8292  8292 D wpa_supplicant: WPS:  * RF Bands (3)
06-28 05:44:48.875  8292  8292 D wpa_supplicant: WPS:  * Association State
06-28 05:44:48.875  8292  8292 D wpa_supplicant: WPS:  * Configuration Error (0)
06-28 05:44:48.875  8292  8292 D wpa_supplicant: WPS:  * Device Password ID (0)
06-28 05:44:48.875  8292  8292 D wpa_supplicant: WPS:  * Manufacturer
06-28 05:44:48.875  8292  8292 D wpa_supplicant: WPS:  * Model Name
06-28 05:44:48.875  8292  8292 D wpa_supplicant: WPS:  * Model Number
06-28 05:44:48.875  8292  8292 D wpa_supplicant: WPS:  * Device Name
06-28 05:44:48.875  8292  8292 D wpa_supplicant: WPS:  * Version2 (0x20)
06-28 05:44:48.875  8292  8292 D wpa_supplicant: wpa_driver_wext_combo_scan: Start
06-28 05:44:48.875  8292  8292 D wpa_supplicant: For Scan: (null)
06-28 05:44:48.938  8292  8292 D wpa_supplicant: Scan requested (ret=0) - scan timeout 30 seconds
06-28 05:44:49.430  8292  8292 D wpa_supplicant: RTM_NEWLINK: operstate=0 ifi_flags=0x11003 ([UP][LOWER_UP])
06-28 05:44:49.430  8292  8292 D wpa_supplicant: RTM_NEWLINK, IFLA_IFNAME: Interface 'wlan0' added
06-28 05:44:49.430  8292  8292 D wpa_supplicant: Wireless event: cmd=0x8b19 len=8
06-28 05:44:49.430  8292  8292 D wpa_supplicant: Received 3021 bytes of scan results (10 BSSes)
06-28 05:45:00.188 26733 26733 D dalvikvm: GC_EXPLICIT freed 9K, 4% free 9065K/9347K, paused 1ms+2ms
06-28 05:45:04.453  8292  8292 D wpa_supplicant: WPS: Building WPS IE for Probe Request
06-28 05:45:04.453  8292  8292 D wpa_supplicant: WPS:  * Version (hardcoded 0x10)
06-28 05:45:04.453  8292  8292 D wpa_supplicant: WPS:  * Request Type
06-28 05:45:04.453  8292  8292 D wpa_supplicant: WPS:  * Config Methods (2388)
06-28 05:45:04.453  8292  8292 D wpa_supplicant: WPS:  * UUID-E
06-28 05:45:04.453  8292  8292 D wpa_supplicant: WPS:  * Primary Device Type
06-28 05:45:04.453  8292  8292 D wpa_supplicant: WPS:  * RF Bands (3)
06-28 05:45:04.453  8292  8292 D wpa_supplicant: WPS:  * Association State
06-28 05:45:04.453  8292  8292 D wpa_supplicant: WPS:  * Configuration Error (0)
06-28 05:45:04.453  8292  8292 D wpa_supplicant: WPS:  * Device Password ID (0)
06-28 05:45:04.453  8292  8292 D wpa_supplicant: WPS:  * Manufacturer
06-28 05:45:04.453  8292  8292 D wpa_supplicant: WPS:  * Model Name
06-28 05:45:04.453  8292  8292 D wpa_supplicant: WPS:  * Model Number
06-28 05:45:04.453  8292  8292 D wpa_supplicant: WPS:  * Device Name
06-28 05:45:04.453  8292  8292 D wpa_supplicant: WPS:  * Version2 (0x20)
06-28 05:45:04.453  8292  8292 D wpa_supplicant: wpa_driver_wext_combo_scan: Start
06-28 05:45:04.453  8292  8292 D wpa_supplicant: For Scan: (null)
06-28 05:45:04.516  8292  8292 D wpa_supplicant: Scan requested (ret=0) - scan timeout 30 seconds
06-28 05:45:05.012  8292  8292 D wpa_supplicant: RTM_NEWLINK: operstate=0 ifi_flags=0x11003 ([UP][LOWER_UP])
06-28 05:45:05.012  8292  8292 D wpa_supplicant: RTM_NEWLINK, IFLA_IFNAME: Interface 'wlan0' added
06-28 05:45:05.012  8292  8292 D wpa_supplicant: Wireless event: cmd=0x8b19 len=8
06-28 05:45:05.012  8292  8292 D wpa_supplicant: Received 3272 bytes of scan results (11 BSSes)
06-28 05:45:10.453  9922 10013 D androidNetworkLocationListeners: Still have listener com.google.android.location.internal.client.NetworkLocationClient$1@413346d8
06-28 05:45:10.453  8292  8292 D wpa_supplicant: wpa_driver_wext_driver_cmd SETSUSPENDOPT 0 len = 4096
06-28 05:45:10.453  8292  8292 D wpa_supplicant: wpa_driver_wext_driver_cmd SETSUSPENDOPT 0 len = 0, 15
06-28 05:45:10.453  8292  8292 D wpa_supplicant: wpa_driver_wext_driver_cmd POWERMODE 0 len = 4096
06-28 05:45:10.457  9922 10013 D androidNetworkLocationListeners: Still have listener com.google.android.location.internal.client.NetworkLocationClient$1@413346d8
06-28 05:45:10.469  8292  8292 D wpa_supplicant: wpa_driver_wext_driver_cmd OK len = 0, 2
06-28 05:45:10.520  8292  8292 D wpa_supplicant: wpa_driver_wext_driver_cmd SETSUSPENDOPT 0 len = 4096
06-28 05:45:10.520  8292  8292 D wpa_supplicant: wpa_driver_wext_driver_cmd SETSUSPENDOPT 0 len = 0, 15
06-28 05:45:10.520  8292  8292 D wpa_supplicant: wpa_driver_wext_driver_cmd POWERMODE 0 len = 4096
06-28 05:45:10.527  8292  8292 D wpa_supplicant: wpa_driver_wext_driver_cmd OK len = 0, 2
06-28 05:45:10.527  8292  8292 D wpa_supplicant: wpa_driver_wext_driver_cmd SETSUSPENDOPT 0 len = 4096
06-28 05:45:10.527  8292  8292 D wpa_supplicant: wpa_driver_wext_driver_cmd SETSUSPENDOPT 0 len = 0, 15
06-28 05:45:10.527  8292  8292 D wpa_supplicant: wpa_driver_wext_driver_cmd POWERMODE 0 len = 4096
06-28 05:45:10.531  8292  8292 D wpa_supplicant: wpa_driver_wext_driver_cmd OK len = 0, 2
06-28 05:45:10.531  8292  8292 D wpa_supplicant: WPS: Building WPS IE for Probe Request
06-28 05:45:10.531  8292  8292 D wpa_supplicant: WPS:  * Version (hardcoded 0x10)
06-28 05:45:10.531  8292  8292 D wpa_supplicant: WPS:  * Request Type
06-28 05:45:10.531  8292  8292 D wpa_supplicant: WPS:  * Config Methods (2388)
06-28 05:45:10.531  8292  8292 D wpa_supplicant: WPS:  * UUID-E
06-28 05:45:10.531  8292  8292 D wpa_supplicant: WPS:  * Primary Device Type
06-28 05:45:10.531  8292  8292 D wpa_supplicant: WPS:  * RF Bands (3)
06-28 05:45:10.531  8292  8292 D wpa_supplicant: WPS:  * Association State
06-28 05:45:10.531  8292  8292 D wpa_supplicant: WPS:  * Configuration Error (0)
06-28 05:45:10.531  8292  8292 D wpa_supplicant: WPS:  * Device Password ID (0)
06-28 05:45:10.531  8292  8292 D wpa_supplicant: WPS:  * Manufacturer
06-28 05:45:10.531  8292  8292 D wpa_supplicant: WPS:  * Model Name
06-28 05:45:10.531  8292  8292 D wpa_supplicant: WPS:  * Model Number
06-28 05:45:10.531  8292  8292 D wpa_supplicant: WPS:  * Device Name
06-28 05:45:10.531  8292  8292 D wpa_supplicant: WPS:  * Version2 (0x20)
06-28 05:45:10.531  8292  8292 D wpa_supplicant: wpa_driver_wext_combo_scan: Start
06-28 05:45:10.531  8292  8292 D wpa_supplicant: For Scan: (null)
06-28 05:45:10.586  8292  8292 D wpa_supplicant: Scan requested (ret=0) - scan timeout 30 seconds
06-28 05:45:11.070  8292  8292 D wpa_supplicant: RTM_NEWLINK: operstate=0 ifi_flags=0x11003 ([UP][LOWER_UP])
06-28 05:45:11.070  8292  8292 D wpa_supplicant: RTM_NEWLINK, IFLA_IFNAME: Interface 'wlan0' added
06-28 05:45:11.070  8292  8292 D wpa_supplicant: Wireless event: cmd=0x8b19 len=8
06-28 05:45:11.070  8292  8292 D wpa_supplicant: Received 2496 bytes of scan results (10 BSSes)
06-28 05:45:11.227  9922  9925 D dalvikvm: GC_CONCURRENT freed 554K, 8% free 10843K/11783K, paused 2ms+4ms
06-28 05:45:11.227  8292  8292 D wpa_supplicant: wpa_driver_wext_driver_cmd SETSUSPENDOPT 0 len = 4096
06-28 05:45:11.227  8292  8292 D wpa_supplicant: wpa_driver_wext_driver_cmd SETSUSPENDOPT 0 len = 0, 15
06-28 05:45:11.227  8292  8292 D wpa_supplicant: wpa_driver_wext_driver_cmd POWERMODE 0 len = 4096
06-28 05:45:11.231  8292  8292 D wpa_supplicant: wpa_driver_wext_driver_cmd OK len = 0, 2
06-28 05:45:26.094  8292  8292 D wpa_supplicant: WPS: Building WPS IE for Probe Request
06-28 05:45:26.094  8292  8292 D wpa_supplicant: WPS:  * Version (hardcoded 0x10)
06-28 05:45:26.094  8292  8292 D wpa_supplicant: WPS:  * Request Type
06-28 05:45:26.094  8292  8292 D wpa_supplicant: WPS:  * Config Methods (2388)
06-28 05:45:26.094  8292  8292 D wpa_supplicant: WPS:  * UUID-E
06-28 05:45:26.094  8292  8292 D wpa_supplicant: WPS:  * Primary Device Type
06-28 05:45:26.094  8292  8292 D wpa_supplicant: WPS:  * RF Bands (3)
06-28 05:45:26.094  8292  8292 D wpa_supplicant: WPS:  * Association State
06-28 05:45:26.094  8292  8292 D wpa_supplicant: WPS:  * Configuration Error (0)
06-28 05:45:26.094  8292  8292 D wpa_supplicant: WPS:  * Device Password ID (0)
06-28 05:45:26.094  8292  8292 D wpa_supplicant: WPS:  * Manufacturer
06-28 05:45:26.094  8292  8292 D wpa_supplicant: WPS:  * Model Name
06-28 05:45:26.094  8292  8292 D wpa_supplicant: WPS:  * Model Number
06-28 05:45:26.094  8292  8292 D wpa_supplicant: WPS:  * Device Name
06-28 05:45:26.094  8292  8292 D wpa_supplicant: WPS:  * Version2 (0x20)
06-28 05:45:26.094  8292  8292 D wpa_supplicant: wpa_driver_wext_combo_scan: Start
06-28 05:45:26.094  8292  8292 D wpa_supplicant: For Scan: (null)
06-28 05:45:26.156  8292  8292 D wpa_supplicant: Scan requested (ret=0) - scan timeout 30 seconds
06-28 05:45:26.649  8292  8292 D wpa_supplicant: RTM_NEWLINK: operstate=0 ifi_flags=0x11003 ([UP][LOWER_UP])
06-28 05:45:26.649  8292  8292 D wpa_supplicant: RTM_NEWLINK, IFLA_IFNAME: Interface 'wlan0' added
06-28 05:45:26.649  8292  8292 D wpa_supplicant: Wireless event: cmd=0x8b19 len=8
06-28 05:45:26.649  8292  8292 D wpa_supplicant: Received 2464 bytes of scan results (9 BSSes)
06-28 05:45:41.672  8292  8292 D wpa_supplicant: WPS: Building WPS IE for Probe Request
06-28 05:45:41.672  8292  8292 D wpa_supplicant: WPS:  * Version (hardcoded 0x10)
06-28 05:45:41.672  8292  8292 D wpa_supplicant: WPS:  * Request Type
06-28 05:45:41.672  8292  8292 D wpa_supplicant: WPS:  * Config Methods (2388)
06-28 05:45:41.672  8292  8292 D wpa_supplicant: WPS:  * UUID-E
06-28 05:45:41.672  8292  8292 D wpa_supplicant: WPS:  * Primary Device Type
06-28 05:45:41.672  8292  8292 D wpa_supplicant: WPS:  * RF Bands (3)
06-28 05:45:41.672  8292  8292 D wpa_supplicant: WPS:  * Association State
06-28 05:45:41.672  8292  8292 D wpa_supplicant: WPS:  * Configuration Error (0)
06-28 05:45:41.672  8292  8292 D wpa_supplicant: WPS:  * Device Password ID (0)
06-28 05:45:41.672  8292  8292 D wpa_supplicant: WPS:  * Manufacturer
06-28 05:45:41.672  8292  8292 D wpa_supplicant: WPS:  * Model Name
06-28 05:45:41.672  8292  8292 D wpa_supplicant: WPS:  * Model Number
06-28 05:45:41.672  8292  8292 D wpa_supplicant: WPS:  * Device Name
06-28 05:45:41.672  8292  8292 D wpa_supplicant: WPS:  * Version2 (0x20)
06-28 05:45:41.672  8292  8292 D wpa_supplicant: wpa_driver_wext_combo_scan: Start
06-28 05:45:41.672  8292  8292 D wpa_supplicant: For Scan: (null)
06-28 05:45:41.734  8292  8292 D wpa_supplicant: Scan requested (ret=0) - scan timeout 30 seconds
06-28 05:45:42.223  8292  8292 D wpa_supplicant: RTM_NEWLINK: operstate=0 ifi_flags=0x11003 ([UP][LOWER_UP])
06-28 05:45:42.223  8292  8292 D wpa_supplicant: RTM_NEWLINK, IFLA_IFNAME: Interface 'wlan0' added
06-28 05:45:42.223  8292  8292 D wpa_supplicant: Wireless event: cmd=0x8b19 len=8
06-28 05:45:42.234  8292  8292 D wpa_supplicant: Received 2945 bytes of scan results (10 BSSes)
06-28 05:45:55.574  8292  8292 D wpa_supplicant: wpa_driver_wext_driver_cmd SETSUSPENDOPT 0 len = 4096
06-28 05:45:55.578  8292  8292 D wpa_supplicant: wpa_driver_wext_driver_cmd SETSUSPENDOPT 0 len = 0, 15
06-28 05:45:55.578  8292  8292 D wpa_supplicant: wpa_driver_wext_driver_cmd POWERMODE 0 len = 4096
06-28 05:45:55.598  8292  8292 D wpa_supplicant: wpa_driver_wext_driver_cmd OK len = 0, 2
06-28 05:45:55.637   398   400 D dalvikvm: GC_CONCURRENT freed 819K, 9% free 11866K/12999K, paused 2ms+3ms
06-28 05:45:55.699  8292  8292 D wpa_supplicant: wpa_driver_wext_driver_cmd SETSUSPENDOPT 0 len = 4096
06-28 05:45:55.699  8292  8292 D wpa_supplicant: wpa_driver_wext_driver_cmd SETSUSPENDOPT 0 len = 0, 15
06-28 05:45:55.699  8292  8292 D wpa_supplicant: wpa_driver_wext_driver_cmd POWERMODE 0 len = 4096
06-28 05:45:55.711  8292  8292 D wpa_supplicant: wpa_driver_wext_driver_cmd OK len = 0, 2
06-28 05:45:57.246  8292  8292 D wpa_supplicant: WPS:  * Version (hardcoded 0x10)
06-28 05:45:57.246  8292  8292 D wpa_supplicant: WPS:  * Request Type
06-28 05:45:57.246  8292  8292 D wpa_supplicant: WPS:  * Config Methods (2388)
06-28 05:45:57.246  8292  8292 D wpa_supplicant: WPS:  * UUID-E
06-28 05:45:57.246  8292  8292 D wpa_supplicant: WPS:  * Primary Device Type
06-28 05:45:57.246  8292  8292 D wpa_supplicant: WPS:  * RF Bands (3)
06-28 05:45:57.246  8292  8292 D wpa_supplicant: WPS:  * Association State
06-28 05:45:57.246  8292  8292 D wpa_supplicant: WPS:  * Configuration Error (0)
06-28 05:45:57.246  8292  8292 D wpa_supplicant: WPS:  * Device Password ID (0)
06-28 05:45:57.246  8292  8292 D wpa_supplicant: WPS:  * Manufacturer
06-28 05:45:57.246  8292  8292 D wpa_supplicant: WPS:  * Model Name
06-28 05:45:57.246  8292  8292 D wpa_supplicant: WPS:  * Model Number
06-28 05:45:57.246  8292  8292 D wpa_supplicant: WPS:  * Device Name
06-28 05:45:57.246  8292  8292 D wpa_supplicant: WPS:  * Version2 (0x20)
06-28 05:45:57.246  8292  8292 D wpa_supplicant: wpa_driver_wext_combo_scan: Start
06-28 05:45:57.246  8292  8292 D wpa_supplicant: For Scan: (null)
06-28 05:45:57.246  8292  8292 D wpa_supplicant: WPS: Building WPS IE for Probe Request
06-28 05:45:57.309  8292  8292 D wpa_supplicant: Scan requested (ret=0) - scan timeout 30 seconds
06-28 05:45:57.805  8292  8292 D wpa_supplicant: RTM_NEWLINK: operstate=0 ifi_flags=0x11003 ([UP][LOWER_UP])
06-28 05:45:57.805  8292  8292 D wpa_supplicant: RTM_NEWLINK, IFLA_IFNAME: Interface 'wlan0' added
06-28 05:45:57.805  8292  8292 D wpa_supplicant: Wireless event: cmd=0x8b19 len=8
06-28 05:45:57.805  8292  8292 D wpa_supplicant: Received 2950 bytes of scan results (10 BSSes)
06-28 05:46:00.188 26733 26733 D dalvikvm: GC_EXPLICIT freed 9K, 4% free 9065K/9347K, paused 1ms+2ms
06-28 05:46:07.652 14765 14778 I PhoneLab-: Service Running
06-28 05:46:07.715 14765 14778 I PhoneLab-LoggerService: app_38    1593  1     956    508   c00f181c 400107b4 S logcat
06-28 05:46:07.719 14765 14778 I PhoneLab-LoggerService: Logcat pid from database 1593
06-28 05:46:07.719 14765 14778 I PhoneLab-LoggerService: Logcat process found 1593
06-28 05:46:07.719 14765 14778 I PhoneLab-LoggerService: Checking Threshold
06-28 05:46:07.719 14765 14778 I PhoneLab-LoggerService: Starting to rename files
06-28 05:46:07.719 14765 14778 I PhoneLab-LoggerService: Files found .. 31
06-28 05:46:12.820  8292  8292 D wpa_supplicant: WPS: Building WPS IE for Probe Request
06-28 05:46:12.820  8292  8292 D wpa_supplicant: WPS:  * Version (hardcoded 0x10)
06-28 05:46:12.820  8292  8292 D wpa_supplicant: WPS:  * Request Type
06-28 05:46:12.820  8292  8292 D wpa_supplicant: WPS:  * Config Methods (2388)
06-28 05:46:12.820  8292  8292 D wpa_supplicant: WPS:  * UUID-E
06-28 05:46:12.820  8292  8292 D wpa_supplicant: WPS:  * Primary Device Type
06-28 05:46:12.820  8292  8292 D wpa_supplicant: WPS:  * RF Bands (3)
06-28 05:46:12.820  8292  8292 D wpa_supplicant: WPS:  * Association State
06-28 05:46:12.820  8292  8292 D wpa_supplicant: WPS:  * Configuration Error (0)
06-28 05:46:12.820  8292  8292 D wpa_supplicant: WPS:  * Device Password ID (0)
06-28 05:46:12.820  8292  8292 D wpa_supplicant: WPS:  * Manufacturer
06-28 05:46:12.820  8292  8292 D wpa_supplicant: WPS:  * Model Name
06-28 05:46:12.820  8292  8292 D wpa_supplicant: WPS:  * Model Number
06-28 05:46:12.820  8292  8292 D wpa_supplicant: WPS:  * Device Name
06-28 05:46:12.820  8292  8292 D wpa_supplicant: WPS:  * Version2 (0x20)
06-28 05:46:12.820  8292  8292 D wpa_supplicant: wpa_driver_wext_combo_scan: Start
06-28 05:46:12.820  8292  8292 D wpa_supplicant: For Scan: (null)
06-28 05:46:12.875  8292  8292 D wpa_supplicant: Scan requested (ret=0) - scan timeout 30 seconds
06-28 05:46:13.367  8292  8292 D wpa_supplicant: RTM_NEWLINK: operstate=0 ifi_flags=0x11003 ([UP][LOWER_UP])
06-28 05:46:13.367  8292  8292 D wpa_supplicant: RTM_NEWLINK, IFLA_IFNAME: Interface 'wlan0' added
06-28 05:46:13.367  8292  8292 D wpa_supplicant: Wireless event: cmd=0x8b19 len=8
06-28 05:46:13.375  8292  8292 D wpa_supplicant: Received 3205 bytes of scan results (11 BSSes)
06-28 05:46:28.399  8292  8292 D wpa_supplicant: WPS: Building WPS IE for Probe Request
06-28 05:46:28.399  8292  8292 D wpa_supplicant: WPS:  * Version (hardcoded 0x10)
06-28 05:46:28.399  8292  8292 D wpa_supplicant: WPS:  * Request Type
06-28 05:46:28.399  8292  8292 D wpa_supplicant: WPS:  * Config Methods (2388)
06-28 05:46:28.399  8292  8292 D wpa_supplicant: WPS:  * UUID-E
06-28 05:46:28.399  8292  8292 D wpa_supplicant: WPS:  * Primary Device Type
06-28 05:46:28.399  8292  8292 D wpa_supplicant: WPS:  * RF Bands (3)
06-28 05:46:28.399  8292  8292 D wpa_supplicant: WPS:  * Association State
06-28 05:46:28.399  8292  8292 D wpa_supplicant: WPS:  * Configuration Error (0)
06-28 05:46:28.399  8292  8292 D wpa_supplicant: WPS:  * Device Password ID (0)
06-28 05:46:28.399  8292  8292 D wpa_supplicant: WPS:  * Manufacturer
06-28 05:46:28.399  8292  8292 D wpa_supplicant: WPS:  * Model Name
06-28 05:46:28.399  8292  8292 D wpa_supplicant: WPS:  * Model Number
06-28 05:46:28.399  8292  8292 D wpa_supplicant: WPS:  * Device Name
06-28 05:46:28.399  8292  8292 D wpa_supplicant: WPS:  * Version2 (0x20)
06-28 05:46:28.399  8292  8292 D wpa_supplicant: wpa_driver_wext_combo_scan: Start
06-28 05:46:28.399  8292  8292 D wpa_supplicant: For Scan: (null)
06-28 05:46:28.453  8292  8292 D wpa_supplicant: Scan requested (ret=0) - scan timeout 30 seconds
06-28 05:46:28.965  8292  8292 D wpa_supplicant: RTM_NEWLINK: operstate=0 ifi_flags=0x11003 ([UP][LOWER_UP])
06-28 05:46:28.965  8292  8292 D wpa_supplicant: RTM_NEWLINK, IFLA_IFNAME: Interface 'wlan0' added
06-28 05:46:28.965  8292  8292 D wpa_supplicant: Wireless event: cmd=0x8b19 len=8
06-28 05:46:28.965  8292  8292 D wpa_supplicant: Received 3021 bytes of scan results (10 BSSes)
06-28 05:46:29.055 26674 26677 D dalvikvm: GC_CONCURRENT freed 395K, 6% free 10434K/11079K, paused 1ms+3ms
06-28 05:46:40.617  8292  8292 D wpa_supplicant: wpa_driver_wext_driver_cmd SETSUSPENDOPT 0 len = 4096
06-28 05:46:40.617  8292  8292 D wpa_supplicant: wpa_driver_wext_driver_cmd SETSUSPENDOPT 0 len = 0, 15
06-28 05:46:40.625  8292  8292 D wpa_supplicant: wpa_driver_wext_driver_cmd POWERMODE 0 len = 4096
06-28 05:46:40.652  8292  8292 D wpa_supplicant: wpa_driver_wext_driver_cmd OK len = 0, 2
06-28 05:46:40.715  8292  8292 D wpa_supplicant: wpa_driver_wext_driver_cmd SETSUSPENDOPT 0 len = 4096
06-28 05:46:40.715  8292  8292 D wpa_supplicant: wpa_driver_wext_driver_cmd SETSUSPENDOPT 0 len = 0, 15
06-28 05:46:40.715  8292  8292 D wpa_supplicant: wpa_driver_wext_driver_cmd POWERMODE 0 len = 4096
06-28 05:46:40.734  8292  8292 D wpa_supplicant: wpa_driver_wext_driver_cmd OK len = 0, 2
06-28 05:46:40.750  9922  9925 D dalvikvm: GC_CONCURRENT freed 533K, 9% free 10808K/11783K, paused 2ms+3ms
06-28 05:46:43.981  8292  8292 D wpa_supplicant: WPS: Building WPS IE for Probe Request
06-28 05:46:43.981  8292  8292 D wpa_supplicant: WPS:  * Version (hardcoded 0x10)
06-28 05:46:43.981  8292  8292 D wpa_supplicant: WPS:  * Request Type
06-28 05:46:43.981  8292  8292 D wpa_supplicant: WPS:  * Config Methods (2388)
06-28 05:46:43.981  8292  8292 D wpa_supplicant: WPS:  * UUID-E
06-28 05:46:43.981  8292  8292 D wpa_supplicant: WPS:  * Primary Device Type
06-28 05:46:43.981  8292  8292 D wpa_supplicant: WPS:  * RF Bands (3)
06-28 05:46:43.981  8292  8292 D wpa_supplicant: WPS:  * Association State
06-28 05:46:43.981  8292  8292 D wpa_supplicant: WPS:  * Configuration Error (0)
06-28 05:46:43.981  8292  8292 D wpa_supplicant: WPS:  * Device Password ID (0)
06-28 05:46:43.984  8292  8292 D wpa_supplicant: WPS:  * Manufacturer
06-28 05:46:43.984  8292  8292 D wpa_supplicant: WPS:  * Model Name
06-28 05:46:43.984  8292  8292 D wpa_supplicant: WPS:  * Model Number
06-28 05:46:43.984  8292  8292 D wpa_supplicant: WPS:  * Device Name
06-28 05:46:43.984  8292  8292 D wpa_supplicant: WPS:  * Version2 (0x20)
06-28 05:46:43.984  8292  8292 D wpa_supplicant: wpa_driver_wext_combo_scan: Start
06-28 05:46:43.984  8292  8292 D wpa_supplicant: For Scan: (null)
06-28 05:46:44.043  8292  8292 D wpa_supplicant: Scan requested (ret=0) - scan timeout 30 seconds
06-28 05:46:44.531  8292  8292 D wpa_supplicant: RTM_NEWLINK: operstate=0 ifi_flags=0x11003 ([UP][LOWER_UP])
06-28 05:46:44.531  8292  8292 D wpa_supplicant: RTM_NEWLINK, IFLA_IFNAME: Interface 'wlan0' added
06-28 05:46:44.531  8292  8292 D wpa_supplicant: Wireless event: cmd=0x8b19 len=8
06-28 05:46:44.531  8292  8292 D wpa_supplicant: Received 3738 bytes of scan results (13 BSSes)
06-28 05:46:59.563  8292  8292 D wpa_supplicant: WPS: Building WPS IE for Probe Request
06-28 05:46:59.563  8292  8292 D wpa_supplicant: WPS:  * Version (hardcoded 0x10)
06-28 05:46:59.563  8292  8292 D wpa_supplicant: WPS:  * Request Type
06-28 05:46:59.563  8292  8292 D wpa_supplicant: WPS:  * Config Methods (2388)
06-28 05:46:59.563  8292  8292 D wpa_supplicant: WPS:  * UUID-E
06-28 05:46:59.563  8292  8292 D wpa_supplicant: WPS:  * Primary Device Type
06-28 05:46:59.563  8292  8292 D wpa_supplicant: WPS:  * RF Bands (3)
06-28 05:46:59.563  8292  8292 D wpa_supplicant: WPS:  * Association State
06-28 05:46:59.563  8292  8292 D wpa_supplicant: WPS:  * Configuration Error (0)
06-28 05:46:59.563  8292  8292 D wpa_supplicant: WPS:  * Device Password ID (0)
06-28 05:46:59.563  8292  8292 D wpa_supplicant: WPS:  * Manufacturer
06-28 05:46:59.563  8292  8292 D wpa_supplicant: WPS:  * Model Name
06-28 05:46:59.563  8292  8292 D wpa_supplicant: WPS:  * Model Number
06-28 05:46:59.563  8292  8292 D wpa_supplicant: WPS:  * Device Name
06-28 05:46:59.563  8292  8292 D wpa_supplicant: WPS:  * Version2 (0x20)
06-28 05:46:59.563  8292  8292 D wpa_supplicant: wpa_driver_wext_combo_scan: Start
06-28 05:46:59.563  8292  8292 D wpa_supplicant: For Scan: (null)
06-28 05:46:59.617  8292  8292 D wpa_supplicant: Scan requested (ret=0) - scan timeout 30 seconds
