06-19 04:46:46.543  7204  7230 D WifiLocator: Too many no-location APs. Will not compute a location nor go to the server. hasLocation=0 noLocation=0 cacheMiss=0
06-19 04:46:46.546   140   390 I ActivityManager: Process com.android.providers.calendar (pid 9229) has died.
06-19 04:46:46.636  6771  6771 D OpenGLRenderer: Flushing caches (mode 2)
06-19 04:46:46.660  6771  6771 D OpenGLRenderer: Flushing caches (mode 0)
06-19 04:46:46.746  6771  6771 W ManagedEGLContext: doTerminate failed: EGL count is 2 but managed count is 1
06-19 04:46:46.816  9264  9267 D dalvikvm: GC_CONCURRENT freed 498K, 7% free 9577K/10247K, paused 4ms+3ms
06-19 04:46:46.867  9487  9487 I Launcher: setLoadOnResume
06-19 04:46:46.906  9487  9487 I Launcher: setLoadOnResume
06-19 04:46:46.921  9487  9487 I Launcher: setLoadOnResume
06-19 04:46:46.941  9487  9487 I Launcher: setLoadOnResume
06-19 04:46:46.941  9487  9487 I Launcher: setLoadOnResume
06-19 04:46:46.941  9487  9487 I Launcher: setLoadOnResume
06-19 04:46:46.968  9487  9487 I Launcher: setLoadOnResume
06-19 04:46:46.984  9487  9487 I Launcher: setLoadOnResume
06-19 04:46:46.988  9487  9487 I Launcher: setLoadOnResume
06-19 04:46:47.000  7204  7221 D androidNetworkLocationListeners: Still have listener com.google.android.location.internal.client.NetworkLocationClient$1@41378bd0
06-19 04:46:47.000  9013  9013 I PhoneLab-StatusMonitorLocation: Location_Latitude: 42.9973904 Longitude: -78.7994494 Accuracy: 1811.0
06-19 04:46:47.003  9013  9013 I PhoneLab-Locks: wake lock released
06-19 04:46:47.003  7204  7230 D WifiLocator: Too many no-location APs. Will not compute a location nor go to the server. hasLocation=0 noLocation=0 cacheMiss=0
06-19 04:46:47.046   140   156 I Process : Sending signal. PID: 9487 SIG: 3
06-19 04:46:47.046  9487  9492 I dalvikvm: threadid=3: reacting to signal 3
06-19 04:46:47.066  9487  9489 D dalvikvm: GC_CONCURRENT freed 1418K, 11% free 13632K/15175K, paused 4ms+8ms
06-19 04:46:47.078  9487  9492 I dalvikvm: Wrote stack traces to '/data/anr/traces.txt'
06-19 04:46:47.101  9487  9487 I Launcher: setLoadOnResume
06-19 04:46:47.125  9487  9487 I Launcher: setLoadOnResume
06-19 04:46:47.148  9400  9402 D dalvikvm: GC_CONCURRENT freed 542K, 8% free 9755K/10567K, paused 170ms+3ms
06-19 04:46:47.160  9487  9487 I Launcher: setLoadOnResume
06-19 04:46:47.171  9013  9026 I PhoneLab-LoggerService: app_38    1313  1     1432   992   c00f181c 400107b4 S logcat
06-19 04:46:47.171  9013  9026 I PhoneLab-LoggerService: Logcat pid from database 1313
06-19 04:46:47.171  9013  9026 I PhoneLab-LoggerService: Logcat process found 1313
06-19 04:46:47.175  9013  9026 I PhoneLab-LoggerService: Checking Threshold
06-19 04:46:47.175  9013  9026 I PhoneLab-: Service Running
06-19 04:46:47.222  9013  9026 I PhoneLab-LoggerService: app_38    1313  1     1432   992   c00f181c 400107b4 S logcat
06-19 04:46:47.222  9013  9026 I PhoneLab-LoggerService: Logcat pid from database 1313
06-19 04:46:47.222  9013  9026 I PhoneLab-LoggerService: Logcat process found 1313
06-19 04:46:47.222  9013  9026 I PhoneLab-LoggerService: Checking Threshold
06-19 04:46:47.222  9013  9026 I PhoneLab-: Service Running
06-19 04:46:47.253  9013  9026 I PhoneLab-LoggerService: app_38    1313  1     1432   992   c00f181c 400107b4 S logcat
06-19 04:46:47.257  9013  9026 I PhoneLab-LoggerService: Logcat pid from database 1313
06-19 04:46:47.257  9013  9026 I PhoneLab-LoggerService: Logcat process found 1313
06-19 04:46:47.257  9013  9026 I PhoneLab-LoggerService: Checking Threshold
06-19 04:46:47.257  9013  9026 I PhoneLab-: Service Running
06-19 04:46:47.281  9013  9026 I PhoneLab-LoggerService: app_38    1313  1     1432   992   c00ab7c8 40010474 D logcat
06-19 04:46:47.281  9013  9026 I PhoneLab-LoggerService: Logcat pid from database 1313
06-19 04:46:47.281  9013  9026 I PhoneLab-LoggerService: Logcat process found 1313
06-19 04:46:47.281  9013  9026 I PhoneLab-LoggerService: Checking Threshold
06-19 04:46:47.285  9013  9026 I PhoneLab-: Service Running
06-19 04:47:31.238  9013  9026 I PhoneLab-LoggerService: app_38    1313  1     1432   992   c00f181c 400107b4 S logcat
06-19 04:47:31.238  9013  9026 I PhoneLab-LoggerService: Logcat pid from database 1313
06-19 04:47:31.238  9013  9026 I PhoneLab-LoggerService: Logcat process found 1313
06-19 04:47:31.238  9013  9026 I PhoneLab-LoggerService: Checking Threshold
06-19 04:47:31.238  9013  9026 I PhoneLab-: Service Running
06-19 04:47:31.265  9013  9026 I PhoneLab-LoggerService: app_38    1313  1     1432   992   c00f181c 400107b4 S logcat
06-19 04:47:31.265  9013  9026 I PhoneLab-LoggerService: Logcat pid from database 1313
06-19 04:47:31.265  9013  9026 I PhoneLab-LoggerService: Logcat process found 1313
06-19 04:47:31.265  9013  9026 I PhoneLab-LoggerService: Checking Threshold
06-19 04:47:31.269  9013  9026 I PhoneLab-: Service Running
06-19 04:47:31.293  9013  9026 I PhoneLab-LoggerService: app_38    1313  1     1432   992   c00f181c 400107b4 S logcat
06-19 04:47:31.293  9013  9026 I PhoneLab-LoggerService: Logcat pid from database 1313
06-19 04:47:31.293  9013  9026 I PhoneLab-LoggerService: Logcat process found 1313
06-19 04:47:31.293  9013  9026 I PhoneLab-LoggerService: Checking Threshold
06-19 04:47:31.293  9013  9026 I PhoneLab-: Service Running
06-19 04:47:31.336  9013  9016 D dalvikvm: GC_CONCURRENT freed 520K, 17% free 9207K/11079K, paused 2ms+6ms
06-19 04:47:31.339  9013  9026 I PhoneLab-LoggerService: app_38    1313  1     1432   992   c00f181c 400107b4 S logcat
06-19 04:47:31.339  9013  9026 I PhoneLab-LoggerService: Logcat pid from database 1313
06-19 04:47:31.339  9013  9026 I PhoneLab-LoggerService: Logcat process found 1313
06-19 04:47:31.339  9013  9026 I PhoneLab-LoggerService: Checking Threshold
06-19 04:47:31.339  9013  9026 I PhoneLab-: Service Running
06-19 04:47:31.371  9013  9026 I PhoneLab-LoggerService: app_38    1313  1     1432   992   c00f181c 400107b4 S logcat
06-19 04:47:31.371  9013  9026 I PhoneLab-LoggerService: Logcat pid from database 1313
06-19 04:47:31.371  9013  9026 I PhoneLab-LoggerService: Logcat process found 1313
06-19 04:47:31.371  9013  9026 I PhoneLab-LoggerService: Checking Threshold
06-19 04:47:31.371  9013  9026 I PhoneLab-: Service Running
06-19 04:47:31.398  9013  9026 I PhoneLab-LoggerService: app_38    1313  1     1432   992   c00f181c 400107b4 S logcat
06-19 04:47:31.398  9013  9026 I PhoneLab-LoggerService: Logcat pid from database 1313
06-19 04:47:31.398  9013  9026 I PhoneLab-LoggerService: Logcat process found 1313
06-19 04:47:31.398  9013  9026 I PhoneLab-LoggerService: Checking Threshold
06-19 04:47:31.398  9013  9026 I PhoneLab-: Service Running
06-19 04:47:31.425  9013  9026 I PhoneLab-LoggerService: app_38    1313  1     1432   992   c00f181c 400107b4 S logcat
06-19 04:47:31.425  9013  9026 I PhoneLab-LoggerService: Logcat pid from database 1313
06-19 04:47:31.425  9013  9026 I PhoneLab-LoggerService: Logcat process found 1313
06-19 04:47:31.425  9013  9026 I PhoneLab-LoggerService: Checking Threshold
06-19 04:47:31.425  9013  9026 I PhoneLab-: Service Running
06-19 04:47:31.453  9013  9026 I PhoneLab-LoggerService: app_38    1313  1     1432   992   c00f181c 400107b4 S logcat
06-19 04:47:31.453  9013  9026 I PhoneLab-LoggerService: Logcat pid from database 1313
06-19 04:47:31.453  9013  9026 I PhoneLab-LoggerService: Logcat process found 1313
06-19 04:47:31.453  9013  9026 I PhoneLab-LoggerService: Checking Threshold
06-19 04:47:31.453  9013  9026 I PhoneLab-: Service Running
06-19 04:47:31.480  9013  9026 I PhoneLab-LoggerService: app_38    1313  1     1432   992   c00f181c 400107b4 S logcat
06-19 04:47:31.480  9013  9026 I PhoneLab-LoggerService: Logcat pid from database 1313
06-19 04:47:31.480  9013  9026 I PhoneLab-LoggerService: Logcat process found 1313
06-19 04:47:31.480  9013  9026 I PhoneLab-LoggerService: Checking Threshold
06-19 04:47:32.089  7204  7230 D WifiLocator: Too many no-location APs. Will not compute a location nor go to the server. hasLocation=0 noLocation=0 cacheMiss=0
06-19 04:48:17.054  7204  7230 D WifiLocator: Too many no-location APs. Will not compute a location nor go to the server. hasLocation=0 noLocation=0 cacheMiss=0
06-19 04:48:21.218  8973  8973 D dalvikvm: GC_EXPLICIT freed 168K, 7% free 9621K/10311K, paused 3ms+3ms
06-19 04:48:21.234  7204  7221 D androidNetworkLocationListeners: Still have listener com.google.android.location.internal.client.NetworkLocationClient$1@41378bd0
06-19 04:48:21.238  7204  7230 D WifiLocator: Too many no-location APs. Will not compute a location nor go to the server. hasLocation=0 noLocation=0 cacheMiss=0
06-19 04:48:21.242  7204  7221 D androidNetworkLocationListeners: Still have listener com.google.android.location.internal.client.NetworkLocationClient$1@41378bd0
06-19 04:48:21.265  7204  7230 D WifiLocator: Too many no-location APs. Will not compute a location nor go to the server. hasLocation=0 noLocation=0 cacheMiss=0
06-19 04:49:06.269  7204  7230 D WifiLocator: Too many no-location APs. Will not compute a location nor go to the server. hasLocation=0 noLocation=0 cacheMiss=0
06-19 04:49:51.304  7204  7230 D WifiLocator: Too many no-location APs. Will not compute a location nor go to the server. hasLocation=0 noLocation=0 cacheMiss=0
06-19 04:50:36.515  7204  7230 D WifiLocator: Too many no-location APs. Will not compute a location nor go to the server. hasLocation=0 noLocation=0 cacheMiss=0
06-19 04:51:21.562  7204  7230 D WifiLocator: Too many no-location APs. Will not compute a location nor go to the server. hasLocation=0 noLocation=0 cacheMiss=0
06-19 04:52:07.031  7204  7230 D WifiLocator: Too many no-location APs. Will not compute a location nor go to the server. hasLocation=0 noLocation=0 cacheMiss=0
06-19 04:52:52.093  7204  7230 D WifiLocator: Too many no-location APs. Will not compute a location nor go to the server. hasLocation=0 noLocation=0 cacheMiss=0
06-19 04:53:36.078  6771  6771 D OpenGLRenderer: Flushing caches (mode 2)
06-19 04:53:36.082  6771  6771 D OpenGLRenderer: Flushing caches (mode 0)
06-19 04:53:36.082  6771  6771 W ManagedEGLContext: doTerminate failed: EGL count is 2 but managed count is 1
06-19 04:53:36.089  7204  7221 D androidNetworkLocationListeners: Still have listener com.google.android.location.internal.client.NetworkLocationClient$1@41378bd0
06-19 04:53:36.093  7204  7221 D androidNetworkLocationListeners: Still have listener com.google.android.location.internal.client.NetworkLocationClient$1@41378bd0
06-19 04:53:36.093  7204  7230 D WifiLocator: Too many no-location APs. Will not compute a location nor go to the server. hasLocation=0 noLocation=0 cacheMiss=0
06-19 04:53:36.101  7204  7230 D WifiLocator: Too many no-location APs. Will not compute a location nor go to the server. hasLocation=0 noLocation=0 cacheMiss=0
06-19 04:54:21.296  7204  7230 D WifiLocator: Too many no-location APs. Will not compute a location nor go to the server. hasLocation=0 noLocation=0 cacheMiss=0
06-19 04:55:06.351  7204  7230 D WifiLocator: Too many no-location APs. Will not compute a location nor go to the server. hasLocation=0 noLocation=0 cacheMiss=0
06-19 04:55:50.191  6771  6771 D OpenGLRenderer: Flushing caches (mode 2)
06-19 04:55:50.191  6771  6771 D OpenGLRenderer: Flushing caches (mode 0)
06-19 04:55:50.195  6771  6771 W ManagedEGLContext: doTerminate failed: EGL count is 2 but managed count is 1
06-19 04:55:51.375  7204  7230 D WifiLocator: Too many no-location APs. Will not compute a location nor go to the server. hasLocation=0 noLocation=0 cacheMiss=0
06-19 04:56:13.019   140   170 I ActivityManager: Start proc mobi.mgeek.TunnyBrowser:DolphinNotification for service mobi.mgeek.TunnyBrowser/com.dolphin.browser.message.C2DMService: pid=9901 uid=10058 gids={3003, 1015, 1007}
06-19 04:56:13.312  9901  9901 I dalvikvm: Turning on JNI app bug workarounds for target SDK version 6...
06-19 04:56:13.343  7204  8089 I EventLogService: Aggregate from 1340094372963 (log), 1340094372963 (data)
06-19 04:56:13.695  9901  9901 D TraceLog: Browser.onCreate started.
06-19 04:56:13.695  9901  9901 V Browser : creating browser applicationmobi.mgeek.TunnyBrowser.Browser@4136de00
06-19 04:56:13.695  9901  9901 V Browser : creating browser applicationmobi.mgeek.TunnyBrowser.Browser@4136de00
06-19 04:56:20.011  9901  9903 D dalvikvm: GC_CONCURRENT freed 176K, 4% free 9311K/9607K, paused 2ms+2ms
06-19 04:56:20.195  9013  9026 I PhoneLab-: Service Running
06-19 04:56:20.261  9901  9901 E dalvikvm: Could not find class 'com.android.chromeview.ChromeView', referenced from method com.dolphin.browser.core.WebViewFactory.a
06-19 04:56:20.261  9901  9901 W dalvikvm: VFY: unable to resolve const-class 532 (Lcom/android/chromeview/ChromeView;) in Lcom/dolphin/browser/core/WebViewFactory;
06-19 04:56:20.261  9901  9901 D dalvikvm: VFY: replacing opcode 0x1c at 0x0014
06-19 04:56:20.289  9901  9901 I dalvikvm: Could not find method com.dolphin.browser.androidwebkit.MyWebView.getZoomButtonsController, referenced from method com.dolphin.browser.androidwebkit.MyWebView.hideZoomButtonsController
06-19 04:56:20.289  9901  9901 W dalvikvm: VFY: unable to resolve virtual method 4629: Lcom/dolphin/browser/androidwebkit/MyWebView;.getZoomButtonsController ()Landroid/widget/ZoomButtonsController;
06-19 04:56:20.289  9901  9901 D dalvikvm: VFY: replacing opcode 0x6e at 0x000a
06-19 04:56:20.398  9013  9026 I PhoneLab-LoggerService: app_38    1313  1     1432   992   c00f181c 400107b4 S logcat
06-19 04:56:20.402  9013  9026 I PhoneLab-LoggerService: Logcat pid from database 1313
06-19 04:56:20.402  9013  9026 I PhoneLab-LoggerService: Logcat process found 1313
06-19 04:56:20.402  9013  9026 I PhoneLab-LoggerService: Checking Threshold
06-19 04:56:20.402  9013  9026 I PhoneLab-: Service Running
06-19 04:56:20.414  9013  9013 I PhoneLab-Locks: wake lock acquired
06-19 04:56:20.461  9013  9923 I PhoneLab-PeriodicCheckService: User info is synched
06-19 04:56:20.461  9013  9923 I PhoneLab-PeriodicCheckService: Logger Service is running
06-19 04:56:20.461  9013  9923 I PhoneLab-Locks: wake lock acquired
06-19 04:56:20.464  9013  9013 I PhoneLab-UploadLogs: Transfering log files now
06-19 04:56:20.464  9013  9013 I PhoneLab-UploadLogs: No log files to transfer
06-19 04:56:20.464  9013  9013 I PhoneLab-Locks: wake lock released
06-19 04:56:20.468  9013  9013 I PhoneLab-UploadLogs: OnStartCommand
06-19 04:56:20.472  9013  9923 I PhoneLab-PeriodicCheckService: Rescheduling periodic checking...
06-19 04:56:20.476  9013  9923 I PhoneLab-Locks: wake lock released
06-19 04:56:20.687  9901  9903 D dalvikvm: GC_CONCURRENT freed 350K, 5% free 9398K/9863K, paused 16ms+2ms
06-19 04:56:20.718  9013  9026 I PhoneLab-LoggerService: app_38    1313  1     1432   992   c00f181c 400107b4 S logcat
06-19 04:56:20.722  9013  9026 I PhoneLab-LoggerService: Logcat pid from database 1313
06-19 04:56:20.722  9013  9026 I PhoneLab-LoggerService: Logcat process found 1313
06-19 04:56:20.722  9013  9026 I PhoneLab-LoggerService: Checking Threshold
06-19 04:56:20.722  9013  9026 I PhoneLab-: Service Running
06-19 04:56:20.750  9013  9016 D dalvikvm: GC_CONCURRENT freed 395K, 17% free 9229K/11079K, paused 8ms+8ms
06-19 04:56:20.769  9013  9026 I PhoneLab-LoggerService: app_38    1313  1     1432   992   c00f181c 400107b4 S logcat
06-19 04:56:20.769  9013  9026 I PhoneLab-LoggerService: Logcat pid from database 1313
06-19 04:56:20.769  9013  9026 I PhoneLab-LoggerService: Logcat process found 1313
06-19 04:56:20.769  9013  9026 I PhoneLab-LoggerService: Checking Threshold
06-19 04:56:20.769  9013  9026 I PhoneLab-: Service Running
06-19 04:56:20.797  9013  9026 I PhoneLab-LoggerService: app_38    1313  1     1432   992   c00f181c 400107b4 S logcat
06-19 04:56:20.797  9013  9026 I PhoneLab-LoggerService: Logcat pid from database 1313
06-19 04:56:20.797  9013  9026 I PhoneLab-LoggerService: Logcat process found 1313
06-19 04:56:20.797  9013  9026 I PhoneLab-LoggerService: Checking Threshold
06-19 04:56:20.800  9013  9026 I PhoneLab-: Service Running
06-19 04:56:20.824  9013  9026 I PhoneLab-LoggerService: app_38    1313  1     1432   992   c00f181c 400107b4 S logcat
06-19 04:56:20.824  9013  9026 I PhoneLab-LoggerService: Logcat pid from database 1313
06-19 04:56:20.824  9013  9026 I PhoneLab-LoggerService: Logcat process found 1313
06-19 04:56:20.824  9013  9026 I PhoneLab-LoggerService: Checking Threshold
06-19 04:56:21.656  9901  9901 I Process : Sending signal. PID: 9901 SIG: 9
06-19 04:56:21.660   140   389 I ActivityManager: Process mobi.mgeek.TunnyBrowser:DolphinNotification (pid 9901) has died.
06-19 04:56:21.859  9264  9267 D dalvikvm: GC_CONCURRENT freed 511K, 7% free 9578K/10247K, paused 2ms+8ms
06-19 04:56:21.976  9487  9487 I Launcher: setLoadOnResume
06-19 04:56:22.027  9487  9487 I Launcher: setLoadOnResume
06-19 04:56:22.043  9264  9267 D dalvikvm: GC_CONCURRENT freed 521K, 7% free 9568K/10247K, paused 2ms+2ms
06-19 04:56:22.050  9487  9487 I Launcher: setLoadOnResume
06-19 04:56:22.070  9487  9487 I Launcher: setLoadOnResume
06-19 04:56:22.070  9487  9487 I Launcher: setLoadOnResume
06-19 04:56:22.070  9487  9487 I Launcher: setLoadOnResume
06-19 04:56:22.089  9487  9487 I Launcher: setLoadOnResume
06-19 04:56:22.101  9487  9487 I Launcher: setLoadOnResume
06-19 04:56:22.105  9487  9487 I Launcher: setLoadOnResume
06-19 04:56:22.129  9487  9487 I Launcher: setLoadOnResume
06-19 04:56:22.144  9487  9487 I Launcher: setLoadOnResume
06-19 04:56:22.160   140   156 I Process : Sending signal. PID: 9487 SIG: 3
06-19 04:56:22.160  9487  9492 I dalvikvm: threadid=3: reacting to signal 3
06-19 04:56:22.179  9487  9492 I dalvikvm: Wrote stack traces to '/data/anr/traces.txt'
06-19 04:56:22.183  9487  9487 I Launcher: setLoadOnResume
06-19 04:56:22.285   140   142 D dalvikvm: GC_CONCURRENT freed 1374K, 27% free 15077K/20487K, paused 6ms+8ms
06-19 04:56:36.429  7204  7230 D WifiLocator: Too many no-location APs. Will not compute a location nor go to the server. hasLocation=0 noLocation=0 cacheMiss=0
06-19 04:56:40.214  7204  7206 D dalvikvm: GC_CONCURRENT freed 407K, 6% free 10155K/10695K, paused 8ms+3ms
06-19 04:56:46.461  9013  9013 I PhoneLab-Locks: wake lock acquired
06-19 04:56:46.476  9013  9013 I PhoneLab-StatusMonitor: Status Monitoring is started
06-19 04:56:46.527  9013  9016 D dalvikvm: GC_CONCURRENT freed 490K, 17% free 9249K/11079K, paused 1ms+2ms
06-19 04:56:46.535  9013  9013 I PhoneLab-StatusMonitor: Value: 10 - unit: min
06-19 04:56:46.535  9013  9013 I PhoneLab-StatusMonitor: Running interval: 600000
06-19 04:56:46.546  9013  9013 I PhoneLab-StatusMonitor: Rescheduling status monitoring...
06-19 04:56:46.550  9013  9013 I PhoneLab-Locks: wake lock released
06-19 04:56:46.554  9013  9013 I PhoneLab-StatusMonitorLocation: Learning Location
06-19 04:56:46.554  9013  9013 I PhoneLab-Locks: wake lock acquired
06-19 04:56:46.558  9013  9013 I PhoneLab-Locks: wake lock acquired
06-19 04:56:46.558  7204  7221 D androidNetworkLocationListeners: Still have listener com.google.android.location.internal.client.NetworkLocationClient$1@41378bd0
06-19 04:56:46.562  9013  9013 I PhoneLab-StatusMonitorLocation: Learning Signal Strgth
06-19 04:56:46.562  9013  9013 I PhoneLab-Locks: wake lock acquired
06-19 04:56:46.566  7204  7221 D androidNetworkLocationListeners: Still have listener com.google.android.location.internal.client.NetworkLocationClient$1@41378bd0
06-19 04:56:46.570  7204  7230 D WifiLocator: Too many no-location APs. Will not compute a location nor go to the server. hasLocation=0 noLocation=0 cacheMiss=0
06-19 04:56:46.570  9013  9013 I PhoneLab-StatusMonitorBattery: Battery_level: 39
06-19 04:56:46.570  9013  9013 I PhoneLab-Locks: wake lock released
06-19 04:56:46.574  9013  9013 I PhoneLab-StatusMonitorSignal: Signal_Strength: -86 asu: 14
06-19 04:56:46.574  9013  9013 I PhoneLab-Locks: wake lock released
06-19 04:56:46.582  7204  7230 D WifiLocator: Too many no-location APs. Will not compute a location nor go to the server. hasLocation=0 noLocation=0 cacheMiss=0
06-19 04:56:46.593  9013  9013 I PhoneLab-StatusMonitorLocation: Location_Latitude: 42.9973904 Longitude: -78.7994494 Accuracy: 1811.0
06-19 04:56:46.597  7204  7221 D androidNetworkLocationListeners: Still have listener com.google.android.location.internal.client.NetworkLocationClient$1@41378bd0
06-19 04:56:46.597  9013  9013 I PhoneLab-Locks: wake lock released
06-19 04:56:46.605  7204  7230 D WifiLocator: Too many no-location APs. Will not compute a location nor go to the server. hasLocation=0 noLocation=0 cacheMiss=0
06-19 04:57:31.660  7204  7230 D WifiLocator: Too many no-location APs. Will not compute a location nor go to the server. hasLocation=0 noLocation=0 cacheMiss=0
06-19 04:58:17.031  7204  7230 D WifiLocator: Too many no-location APs. Will not compute a location nor go to the server. hasLocation=0 noLocation=0 cacheMiss=0
06-19 04:59:01.238  6771  6771 D OpenGLRenderer: Flushing caches (mode 2)
06-19 04:59:01.242  6771  6771 D OpenGLRenderer: Flushing caches (mode 0)
06-19 04:59:01.242  6771  6771 W ManagedEGLContext: doTerminate failed: EGL count is 2 but managed count is 1
06-19 04:59:01.261  7204  7221 D androidNetworkLocationListeners: Still have listener com.google.android.location.internal.client.NetworkLocationClient$1@41378bd0
06-19 04:59:01.265  7204  7221 D androidNetworkLocationListeners: Still have listener com.google.android.location.internal.client.NetworkLocationClient$1@41378bd0
06-19 04:59:01.269  7204  7230 D WifiLocator: Too many no-location APs. Will not compute a location nor go to the server. hasLocation=0 noLocation=0 cacheMiss=0
06-19 04:59:01.277  7204  7230 D WifiLocator: Too many no-location APs. Will not compute a location nor go to the server. hasLocation=0 noLocation=0 cacheMiss=0
06-19 04:59:46.332  7204  7230 D WifiLocator: Too many no-location APs. Will not compute a location nor go to the server. hasLocation=0 noLocation=0 cacheMiss=0
06-19 05:00:31.355  7204  7230 D WifiLocator: Too many no-location APs. Will not compute a location nor go to the server. hasLocation=0 noLocation=0 cacheMiss=0
06-19 05:01:16.418  7204  7230 D WifiLocator: Too many no-location APs. Will not compute a location nor go to the server. hasLocation=0 noLocation=0 cacheMiss=0
06-19 05:02:01.421  7204  7230 D WifiLocator: Too many no-location APs. Will not compute a location nor go to the server. hasLocation=0 noLocation=0 cacheMiss=0
06-19 05:02:46.457  7204  7230 D WifiLocator: Too many no-location APs. Will not compute a location nor go to the server. hasLocation=0 noLocation=0 cacheMiss=0
06-19 05:03:31.086  8988  8999 D dalvikvm: GC_EXPLICIT freed 145K, 3% free 9479K/9735K, paused 23ms+4ms
06-19 05:03:31.289  7204  7221 D androidNetworkLocationListeners: Still have listener com.google.android.location.internal.client.NetworkLocationClient$1@41378bd0
06-19 05:03:31.293  6771  6771 D OpenGLRenderer: Flushing caches (mode 2)
06-19 05:03:31.297  6771  6771 D OpenGLRenderer: Flushing caches (mode 0)
06-19 05:03:31.297  7204  7230 D WifiLocator: Too many no-location APs. Will not compute a location nor go to the server. hasLocation=0 noLocation=0 cacheMiss=0
06-19 05:03:31.300  6771  6771 W ManagedEGLContext: doTerminate failed: EGL count is 2 but managed count is 1
06-19 05:03:31.304  7204  7221 D androidNetworkLocationListeners: Still have listener com.google.android.location.internal.client.NetworkLocationClient$1@41378bd0
06-19 05:03:31.328  7204  7230 D WifiLocator: Too many no-location APs. Will not compute a location nor go to the server. hasLocation=0 noLocation=0 cacheMiss=0
06-19 05:04:16.379  7204  7230 D WifiLocator: Too many no-location APs. Will not compute a location nor go to the server. hasLocation=0 noLocation=0 cacheMiss=0
06-19 05:05:01.390  7204  7230 D WifiLocator: Too many no-location APs. Will not compute a location nor go to the server. hasLocation=0 noLocation=0 cacheMiss=0
06-19 05:05:46.418  7204  7230 D WifiLocator: Too many no-location APs. Will not compute a location nor go to the server. hasLocation=0 noLocation=0 cacheMiss=0
06-19 05:06:31.453  7204  7230 D WifiLocator: Too many no-location APs. Will not compute a location nor go to the server. hasLocation=0 noLocation=0 cacheMiss=0
06-19 05:06:46.566  9013  9013 I PhoneLab-Locks: wake lock acquired
06-19 05:06:46.597  9013  9013 I PhoneLab-StatusMonitor: Status Monitoring is started
06-19 05:06:46.644  9013  9016 D dalvikvm: GC_CONCURRENT freed 515K, 17% free 9246K/11079K, paused 2ms+2ms
06-19 05:06:46.652  9013  9013 I PhoneLab-StatusMonitor: Value: 10 - unit: min
06-19 05:06:46.652  9013  9013 I PhoneLab-StatusMonitor: Running interval: 600000
06-19 05:06:46.664  9013  9013 I PhoneLab-StatusMonitor: Rescheduling status monitoring...
06-19 05:06:46.664  9013  9013 I PhoneLab-Locks: wake lock released
06-19 05:06:46.668  9013  9013 I PhoneLab-StatusMonitorLocation: Learning Location
06-19 05:06:46.668  9013  9013 I PhoneLab-Locks: wake lock acquired
06-19 05:06:46.671  9013  9013 I PhoneLab-Locks: wake lock acquired
06-19 05:06:46.675  7204  7221 D androidNetworkLocationListeners: Still have listener com.google.android.location.internal.client.NetworkLocationClient$1@41378bd0
06-19 05:06:46.675  9013  9013 I PhoneLab-StatusMonitorLocation: Learning Signal Strgth
06-19 05:06:46.675  9013  9013 I PhoneLab-Locks: wake lock acquired
06-19 05:06:46.683  7204  7221 D androidNetworkLocationListeners: Still have listener com.google.android.location.internal.client.NetworkLocationClient$1@41378bd0
06-19 05:06:46.683  9013  9013 I PhoneLab-StatusMonitorBattery: Battery_level: 39
06-19 05:06:46.687  7204  7230 D WifiLocator: Too many no-location APs. Will not compute a location nor go to the server. hasLocation=0 noLocation=0 cacheMiss=0
06-19 05:06:46.687  9013  9013 I PhoneLab-Locks: wake lock released
06-19 05:06:46.691  9013  9013 I PhoneLab-StatusMonitorSignal: Signal_Strength: -86 asu: 14
06-19 05:06:46.691  9013  9013 I PhoneLab-Locks: wake lock released
06-19 05:06:46.785   140  3898 D dalvikvm: GC_EXPLICIT freed 889K, 27% free 15047K/20487K, paused 3ms+8ms
06-19 05:06:46.796  7204  7230 D WifiLocator: Too many no-location APs. Will not compute a location nor go to the server. hasLocation=0 noLocation=0 cacheMiss=0
06-19 05:06:46.808  9013  9013 I PhoneLab-StatusMonitorLocation: Location_Latitude: 42.9973904 Longitude: -78.7994494 Accuracy: 1811.0
06-19 05:06:46.808  7204  7221 D androidNetworkLocationListeners: Still have listener com.google.android.location.internal.client.NetworkLocationClient$1@41378bd0
06-19 05:06:46.808  9013  9013 I PhoneLab-Locks: wake lock released
06-19 05:06:46.816  7204  7230 D WifiLocator: Too many no-location APs. Will not compute a location nor go to the server. hasLocation=0 noLocation=0 cacheMiss=0
06-19 05:07:01.476  9037  9039 D dalvikvm: GC_CONCURRENT freed 512K, 6% free 10881K/11527K, paused 16ms+3ms
06-19 05:07:31.879  7204  7230 D WifiLocator: Too many no-location APs. Will not compute a location nor go to the server. hasLocation=0 noLocation=0 cacheMiss=0
06-19 05:08:14.214   140   156 V BackupManagerService: Running a backup pass
06-19 05:08:14.226   140   209 V BackupManagerService: Backup requested but nothing pending
06-19 05:08:16.914  7204  7230 D WifiLocator: Too many no-location APs. Will not compute a location nor go to the server. hasLocation=0 noLocation=0 cacheMiss=0
06-19 05:09:01.082  6771  6771 D OpenGLRenderer: Flushing caches (mode 2)
06-19 05:09:01.082  6771  6771 D OpenGLRenderer: Flushing caches (mode 0)
06-19 05:09:01.082  6771  6771 W ManagedEGLContext: doTerminate failed: EGL count is 2 but managed count is 1
06-19 05:09:01.089  7204  7221 D androidNetworkLocationListeners: Still have listener com.google.android.location.internal.client.NetworkLocationClient$1@41378bd0
06-19 05:09:01.097  7204  7230 D WifiLocator: Too many no-location APs. Will not compute a location nor go to the server. hasLocation=0 noLocation=0 cacheMiss=0
06-19 05:09:01.097  7204  7221 D androidNetworkLocationListeners: Still have listener com.google.android.location.internal.client.NetworkLocationClient$1@41378bd0
06-19 05:09:01.117  7204  7230 D WifiLocator: Too many no-location APs. Will not compute a location nor go to the server. hasLocation=0 noLocation=0 cacheMiss=0
06-19 05:09:46.172  7204  7230 D WifiLocator: Too many no-location APs. Will not compute a location nor go to the server. hasLocation=0 noLocation=0 cacheMiss=0
06-19 05:10:31.203  7204  7230 D WifiLocator: Too many no-location APs. Will not compute a location nor go to the server. hasLocation=0 noLocation=0 cacheMiss=0
06-19 05:11:16.226  7204  7230 D WifiLocator: Too many no-location APs. Will not compute a location nor go to the server. hasLocation=0 noLocation=0 cacheMiss=0
06-19 05:12:01.261  7204  7230 D WifiLocator: Too many no-location APs. Will not compute a location nor go to the server. hasLocation=0 noLocation=0 cacheMiss=0
06-19 05:12:46.312  7204  7230 D WifiLocator: Too many no-location APs. Will not compute a location nor go to the server. hasLocation=0 noLocation=0 cacheMiss=0
06-19 05:13:31.086  7204  7221 D androidNetworkLocationListeners: Still have listener com.google.android.location.internal.client.NetworkLocationClient$1@41378bd0
06-19 05:13:31.089  7204  7221 D androidNetworkLocationListeners: Still have listener com.google.android.location.internal.client.NetworkLocationClient$1@41378bd0
06-19 05:13:31.093  7204  7230 D WifiLocator: Too many no-location APs. Will not compute a location nor go to the server. hasLocation=0 noLocation=0 cacheMiss=0
06-19 05:13:31.093  6771  6771 D OpenGLRenderer: Flushing caches (mode 2)
06-19 05:13:31.093  6771  6771 D OpenGLRenderer: Flushing caches (mode 0)
06-19 05:13:31.097  6771  6771 W ManagedEGLContext: doTerminate failed: EGL count is 2 but managed count is 1
06-19 05:13:31.101  7204  7230 D WifiLocator: Too many no-location APs. Will not compute a location nor go to the server. hasLocation=0 noLocation=0 cacheMiss=0
06-19 05:14:16.316  7204  7230 D WifiLocator: Too many no-location APs. Will not compute a location nor go to the server. hasLocation=0 noLocation=0 cacheMiss=0
06-19 05:15:01.320  7204  7230 D WifiLocator: Too many no-location APs. Will not compute a location nor go to the server. hasLocation=0 noLocation=0 cacheMiss=0
06-19 05:15:46.367  7204  7230 D WifiLocator: Too many no-location APs. Will not compute a location nor go to the server. hasLocation=0 noLocation=0 cacheMiss=0
06-19 05:16:31.433  7204  7230 D WifiLocator: Too many no-location APs. Will not compute a location nor go to the server. hasLocation=0 noLocation=0 cacheMiss=0
06-19 05:16:46.664  9013  9013 I PhoneLab-Locks: wake lock acquired
06-19 05:16:46.668  9013  9013 I PhoneLab-StatusMonitor: Status Monitoring is started
06-19 05:16:46.718  9013  9016 D dalvikvm: GC_CONCURRENT freed 510K, 17% free 9246K/11079K, paused 2ms+3ms
06-19 05:16:46.734  9013  9013 I PhoneLab-StatusMonitor: Value: 10 - unit: min
06-19 05:16:46.734  9013  9013 I PhoneLab-StatusMonitor: Running interval: 600000
06-19 05:16:46.742  9013  9013 I PhoneLab-StatusMonitor: Rescheduling status monitoring...
06-19 05:16:46.742  9013  9013 I PhoneLab-Locks: wake lock released
06-19 05:16:46.750  9013  9013 I PhoneLab-StatusMonitorLocation: Learning Location
06-19 05:16:46.750  9013  9013 I PhoneLab-Locks: wake lock acquired
06-19 05:16:46.753  9013  9013 I PhoneLab-Locks: wake lock acquired
06-19 05:16:46.757  9013  9013 I PhoneLab-StatusMonitorLocation: Learning Signal Strgth
06-19 05:16:46.757  9013  9013 I PhoneLab-Locks: wake lock acquired
06-19 05:16:46.757  7204  7221 D androidNetworkLocationListeners: Still have listener com.google.android.location.internal.client.NetworkLocationClient$1@41378bd0
06-19 05:16:46.765  7204  7221 D androidNetworkLocationListeners: Still have listener com.google.android.location.internal.client.NetworkLocationClient$1@41378bd0
06-19 05:16:46.781  9013  9013 I PhoneLab-StatusMonitorBattery: Battery_level: 39
06-19 05:16:46.781  7204  7230 D WifiLocator: Too many no-location APs. Will not compute a location nor go to the server. hasLocation=0 noLocation=0 cacheMiss=0
06-19 05:16:46.785  9013  9013 I PhoneLab-Locks: wake lock released
06-19 05:16:46.789  9013  9013 I PhoneLab-StatusMonitorSignal: Signal_Strength: -86 asu: 14
06-19 05:16:46.789  9013  9013 I PhoneLab-Locks: wake lock released
06-19 05:16:46.796  7204  7230 D WifiLocator: Too many no-location APs. Will not compute a location nor go to the server. hasLocation=0 noLocation=0 cacheMiss=0
06-19 05:16:46.808  9013  9013 I PhoneLab-StatusMonitorLocation: Location_Latitude: 42.9973904 Longitude: -78.7994494 Accuracy: 1811.0
06-19 05:16:46.808  7204  7221 D androidNetworkLocationListeners: Still have listener com.google.android.location.internal.client.NetworkLocationClient$1@41378bd0
06-19 05:16:46.808  9013  9013 I PhoneLab-Locks: wake lock released
06-19 05:16:46.816  7204  7230 D WifiLocator: Too many no-location APs. Will not compute a location nor go to the server. hasLocation=0 noLocation=0 cacheMiss=0
06-19 05:17:31.875  7204  7230 D WifiLocator: Too many no-location APs. Will not compute a location nor go to the server. hasLocation=0 noLocation=0 cacheMiss=0
06-19 05:18:16.914  7204  7230 D WifiLocator: Too many no-location APs. Will not compute a location nor go to the server. hasLocation=0 noLocation=0 cacheMiss=0
06-19 05:19:01.058  6771  6771 D OpenGLRenderer: Flushing caches (mode 2)
06-19 05:19:01.058  6771  6771 D OpenGLRenderer: Flushing caches (mode 0)
06-19 05:19:01.082  6771  6771 W ManagedEGLContext: doTerminate failed: EGL count is 2 but managed count is 1
06-19 05:19:01.089  7204  7221 D androidNetworkLocationListeners: Still have listener com.google.android.location.internal.client.NetworkLocationClient$1@41378bd0
06-19 05:19:01.097  7204  7221 D androidNetworkLocationListeners: Still have listener com.google.android.location.internal.client.NetworkLocationClient$1@41378bd0
06-19 05:19:01.097  7204  7230 D WifiLocator: Too many no-location APs. Will not compute a location nor go to the server. hasLocation=0 noLocation=0 cacheMiss=0
06-19 05:19:01.109  7204  7230 D WifiLocator: Too many no-location APs. Will not compute a location nor go to the server. hasLocation=0 noLocation=0 cacheMiss=0
06-19 05:19:01.136  9196  9198 D dalvikvm: GC_CONCURRENT freed 301K, 4% free 9168K/9543K, paused 52ms+2ms
06-19 05:19:46.273  7204  7230 D WifiLocator: Too many no-location APs. Will not compute a location nor go to the server. hasLocation=0 noLocation=0 cacheMiss=0
06-19 05:20:31.312  7204  7230 D WifiLocator: Too many no-location APs. Will not compute a location nor go to the server. hasLocation=0 noLocation=0 cacheMiss=0
06-19 05:21:16.343  7204  7230 D WifiLocator: Too many no-location APs. Will not compute a location nor go to the server. hasLocation=0 noLocation=0 cacheMiss=0
06-19 05:22:01.382  7204  7230 D WifiLocator: Too many no-location APs. Will not compute a location nor go to the server. hasLocation=0 noLocation=0 cacheMiss=0
06-19 05:22:46.410  7204  7230 D WifiLocator: Too many no-location APs. Will not compute a location nor go to the server. hasLocation=0 noLocation=0 cacheMiss=0
06-19 05:23:30.078  7204  7221 D androidNetworkLocationListeners: Still have listener com.google.android.location.internal.client.NetworkLocationClient$1@41378bd0
06-19 05:23:30.086  7204  7221 D androidNetworkLocationListeners: Still have listener com.google.android.location.internal.client.NetworkLocationClient$1@41378bd0
06-19 05:23:30.089  6771  6771 D OpenGLRenderer: Flushing caches (mode 2)
06-19 05:23:30.089  7204  7230 D WifiLocator: Too many no-location APs. Will not compute a location nor go to the server. hasLocation=0 noLocation=0 cacheMiss=0
06-19 05:23:30.089  6771  6771 D OpenGLRenderer: Flushing caches (mode 0)
06-19 05:23:30.093  6771  6771 W ManagedEGLContext: doTerminate failed: EGL count is 2 but managed count is 1
06-19 05:23:30.097  7204  7230 D WifiLocator: Too many no-location APs. Will not compute a location nor go to the server. hasLocation=0 noLocation=0 cacheMiss=0
06-19 05:23:30.199   140   142 D dalvikvm: GC_CONCURRENT freed 1335K, 27% free 15094K/20487K, paused 2ms+7ms
06-19 05:24:15.316  7204  7230 D WifiLocator: Too many no-location APs. Will not compute a location nor go to the server. hasLocation=0 noLocation=0 cacheMiss=0
06-19 05:25:00.097   211   212 D dalvikvm: GC_CONCURRENT freed 386K, 47% free 10138K/19079K, paused 2ms+3ms
06-19 05:25:00.390  7204  7230 D WifiLocator: Too many no-location APs. Will not compute a location nor go to the server. hasLocation=0 noLocation=0 cacheMiss=0
06-19 05:25:45.382  7204  7230 D WifiLocator: Too many no-location APs. Will not compute a location nor go to the server. hasLocation=0 noLocation=0 cacheMiss=0
06-19 05:26:13.484  7204  8712 I EventLogService: Aggregate from 1340096173353 (log), 1340096173353 (data)
06-19 05:26:20.492  9013  9013 I PhoneLab-Locks: wake lock acquired
06-19 05:26:20.531  9013  9956 I PhoneLab-PeriodicCheckService: User info is synched
06-19 05:26:20.531  9013  9956 I PhoneLab-PeriodicCheckService: Logger Service is running
06-19 05:26:20.535  9013  9956 I PhoneLab-Locks: wake lock acquired
06-19 05:26:20.535  9013  9013 I PhoneLab-UploadLogs: Transfering log files now
06-19 05:26:20.535  9013  9013 I PhoneLab-UploadLogs: No log files to transfer
06-19 05:26:20.535  9013  9013 I PhoneLab-Locks: wake lock released
06-19 05:26:20.539  9013  9013 I PhoneLab-UploadLogs: OnStartCommand
06-19 05:26:20.539  9013  9956 I PhoneLab-PeriodicCheckService: Rescheduling periodic checking...
06-19 05:26:20.539  9013  9956 I PhoneLab-Locks: wake lock released
06-19 05:26:30.418  7204  7230 D WifiLocator: Too many no-location APs. Will not compute a location nor go to the server. hasLocation=0 noLocation=0 cacheMiss=0
06-19 05:26:46.773  9013  9013 I PhoneLab-Locks: wake lock acquired
06-19 05:26:46.793  9013  9013 I PhoneLab-StatusMonitor: Status Monitoring is started
06-19 05:26:46.839  9013  9016 D dalvikvm: GC_CONCURRENT freed 518K, 17% free 9240K/11079K, paused 1ms+2ms
06-19 05:26:46.855  9013  9013 I PhoneLab-StatusMonitor: Value: 10 - unit: min
06-19 05:26:46.859  9013  9013 I PhoneLab-StatusMonitor: Running interval: 600000
06-19 05:26:46.863  9013  9013 I PhoneLab-StatusMonitor: Rescheduling status monitoring...
06-19 05:26:46.863  9013  9013 I PhoneLab-Locks: wake lock released
06-19 05:26:46.871  9013  9013 I PhoneLab-StatusMonitorLocation: Learning Location
06-19 05:26:46.871  9013  9013 I PhoneLab-Locks: wake lock acquired
06-19 05:26:46.871  9013  9013 I PhoneLab-Locks: wake lock acquired
06-19 05:26:46.875  7204  7221 D androidNetworkLocationListeners: Still have listener com.google.android.location.internal.client.NetworkLocationClient$1@41378bd0
06-19 05:26:46.875  9013  9013 I PhoneLab-StatusMonitorLocation: Learning Signal Strgth
06-19 05:26:46.875  9013  9013 I PhoneLab-Locks: wake lock acquired
06-19 05:26:46.882  7204  7221 D androidNetworkLocationListeners: Still have listener com.google.android.location.internal.client.NetworkLocationClient$1@41378bd0
06-19 05:26:46.882  9013  9013 I PhoneLab-StatusMonitorBattery: Battery_level: 39
06-19 05:26:46.886  7204  7230 D WifiLocator: Too many no-location APs. Will not compute a location nor go to the server. hasLocation=0 noLocation=0 cacheMiss=0
06-19 05:26:46.886  9013  9013 I PhoneLab-Locks: wake lock released
06-19 05:26:46.890  9013  9013 I PhoneLab-StatusMonitorSignal: Signal_Strength: -86 asu: 14
06-19 05:26:46.890  9013  9013 I PhoneLab-Locks: wake lock released
06-19 05:26:46.898  7204  7230 D WifiLocator: Too many no-location APs. Will not compute a location nor go to the server. hasLocation=0 noLocation=0 cacheMiss=0
06-19 05:26:46.910  9013  9013 I PhoneLab-StatusMonitorLocation: Location_Latitude: 42.9973904 Longitude: -78.7994494 Accuracy: 1811.0
06-19 05:26:46.910  7204  7221 D androidNetworkLocationListeners: Still have listener com.google.android.location.internal.client.NetworkLocationClient$1@41378bd0
06-19 05:26:46.910  9013  9013 I PhoneLab-Locks: wake lock released
06-19 05:26:46.921  7204  7230 D WifiLocator: Too many no-location APs. Will not compute a location nor go to the server. hasLocation=0 noLocation=0 cacheMiss=0
06-19 05:26:46.953  7204  7206 D dalvikvm: GC_CONCURRENT freed 405K, 6% free 10155K/10695K, paused 2ms+8ms
06-19 05:27:31.968  7204  7230 D WifiLocator: Too many no-location APs. Will not compute a location nor go to the server. hasLocation=0 noLocation=0 cacheMiss=0
06-19 05:28:16.976  7204  7230 D WifiLocator: Too many no-location APs. Will not compute a location nor go to the server. hasLocation=0 noLocation=0 cacheMiss=0
06-19 05:29:01.238  6771  6771 D OpenGLRenderer: Flushing caches (mode 2)
06-19 05:29:01.238  6771  6771 D OpenGLRenderer: Flushing caches (mode 0)
06-19 05:29:01.238  6771  6771 W ManagedEGLContext: doTerminate failed: EGL count is 2 but managed count is 1
06-19 05:29:01.254  7204  7221 D androidNetworkLocationListeners: Still have listener com.google.android.location.internal.client.NetworkLocationClient$1@41378bd0
06-19 05:29:01.257  7204  7221 D androidNetworkLocationListeners: Still have listener com.google.android.location.internal.client.NetworkLocationClient$1@41378bd0
06-19 05:29:01.261  7204  7230 D WifiLocator: Too many no-location APs. Will not compute a location nor go to the server. hasLocation=0 noLocation=0 cacheMiss=0
06-19 05:29:01.269  7204  7230 D WifiLocator: Too many no-location APs. Will not compute a location nor go to the server. hasLocation=0 noLocation=0 cacheMiss=0
06-19 05:29:45.027  8973  8975 D dalvikvm: GC_CONCURRENT freed 361K, 7% free 9645K/10311K, paused 1ms+521ms
06-19 05:29:45.851  9013  9026 I PhoneLab-: Service Running
06-19 05:29:45.914  9013  9026 I PhoneLab-LoggerService: app_38    1313  1     1432   992   c00f181c 400107b4 S logcat
06-19 05:29:45.918  9013  9026 I PhoneLab-LoggerService: Logcat pid from database 1313
06-19 05:29:45.918  9013  9026 I PhoneLab-LoggerService: Logcat process found 1313
06-19 05:29:45.918  9013  9026 I PhoneLab-LoggerService: Checking Threshold
06-19 05:29:45.918  9013  9026 I PhoneLab-: Service Running
06-19 05:29:45.941  9013  9026 I PhoneLab-LoggerService: app_38    1313  1     1432   992   c00f181c 400107b4 S logcat
06-19 05:29:45.941  9013  9026 I PhoneLab-LoggerService: Logcat pid from database 1313
06-19 05:29:45.945  9013  9026 I PhoneLab-LoggerService: Logcat process found 1313
06-19 05:29:45.945  9013  9026 I PhoneLab-LoggerService: Checking Threshold
06-19 05:29:45.945  9013  9026 I PhoneLab-: Service Running
06-19 05:29:45.976  9013  9026 I PhoneLab-LoggerService: app_38    1313  1     1432   992   c00f181c 400107b4 S logcat
06-19 05:29:45.976  9013  9026 I PhoneLab-LoggerService: Logcat pid from database 1313
06-19 05:29:45.976  9013  9026 I PhoneLab-LoggerService: Logcat process found 1313
06-19 05:29:45.976  9013  9026 I PhoneLab-LoggerService: Checking Threshold
06-19 05:29:45.976  9013  9026 I PhoneLab-: Service Running
06-19 05:29:46.003  9013  9016 D dalvikvm: GC_CONCURRENT freed 429K, 17% free 9200K/11079K, paused 1ms+4ms
06-19 05:29:46.019  9013  9026 I PhoneLab-LoggerService: app_38    1313  1     1432   992   c00f181c 400107b4 S logcat
06-19 05:29:46.019  9013  9026 I PhoneLab-LoggerService: Logcat pid from database 1313
06-19 05:29:46.019  9013  9026 I PhoneLab-LoggerService: Logcat process found 1313
06-19 05:29:46.019  9013  9026 I PhoneLab-LoggerService: Checking Threshold
06-19 05:29:46.019  9013  9026 I PhoneLab-: Service Running
06-19 05:29:46.046  9013  9026 I PhoneLab-LoggerService: app_38    1313  1     1432   992   c00f181c 400107b4 S logcat
06-19 05:29:46.046  9013  9026 I PhoneLab-LoggerService: Logcat pid from database 1313
06-19 05:29:46.046  9013  9026 I PhoneLab-LoggerService: Logcat process found 1313
06-19 05:29:46.046  9013  9026 I PhoneLab-LoggerService: Checking Threshold
06-19 05:29:46.046  9013  9026 I PhoneLab-: Service Running
06-19 05:29:46.074  9013  9026 I PhoneLab-LoggerService: app_38    1313  1     1432   992   c00f181c 400107b4 S logcat
06-19 05:29:46.074  9013  9026 I PhoneLab-LoggerService: Logcat pid from database 1313
06-19 05:29:46.074  9013  9026 I PhoneLab-LoggerService: Logcat process found 1313
06-19 05:29:46.074  9013  9026 I PhoneLab-LoggerService: Checking Threshold
06-19 05:29:46.074  9013  9026 I PhoneLab-: Service Running
06-19 05:29:46.101  9013  9026 I PhoneLab-LoggerService: app_38    1313  1     1432   992   c00f181c 400107b4 S logcat
06-19 05:29:46.101  9013  9026 I PhoneLab-LoggerService: Logcat pid from database 1313
06-19 05:29:46.101  9013  9026 I PhoneLab-LoggerService: Logcat process found 1313
06-19 05:29:46.101  9013  9026 I PhoneLab-LoggerService: Checking Threshold
06-19 05:29:46.101  9013  9026 I PhoneLab-: Service Running
06-19 05:29:46.128  9013  9026 I PhoneLab-LoggerService: app_38    1313  1     1432   992   c00f181c 400107b4 S logcat
06-19 05:29:46.128  9013  9026 I PhoneLab-LoggerService: Logcat pid from database 1313
06-19 05:29:46.128  9013  9026 I PhoneLab-LoggerService: Logcat process found 1313
06-19 05:29:46.128  9013  9026 I PhoneLab-LoggerService: Checking Threshold
06-19 05:29:46.128  9013  9026 I PhoneLab-: Service Running
06-19 05:29:46.152  9013  9026 I PhoneLab-LoggerService: app_38    1313  1     1432   992   c00f181c 400107b4 S logcat
06-19 05:29:46.156  9013  9026 I PhoneLab-LoggerService: Logcat pid from database 1313
06-19 05:29:46.156  9013  9026 I PhoneLab-LoggerService: Logcat process found 1313
06-19 05:29:46.156  9013  9026 I PhoneLab-LoggerService: Checking Threshold
06-19 05:29:46.156  9013  9026 I PhoneLab-: Service Running
06-19 05:29:46.179  9013  9026 I PhoneLab-LoggerService: app_38    1313  1     1432   992   c00f181c 400107b4 S logcat
06-19 05:29:46.179  9013  9026 I PhoneLab-LoggerService: Logcat pid from database 1313
06-19 05:29:46.183  9013  9026 I PhoneLab-LoggerService: Logcat process found 1313
06-19 05:29:46.183  9013  9026 I PhoneLab-LoggerService: Checking Threshold
06-19 05:29:46.183  9013  9026 I PhoneLab-: Service Running
06-19 05:29:46.214  9013  9026 I PhoneLab-LoggerService: app_38    1313  1     1432   992   c00f181c 400107b4 S logcat
06-19 05:29:46.214  9013  9026 I PhoneLab-LoggerService: Logcat pid from database 1313
06-19 05:29:46.214  9013  9026 I PhoneLab-LoggerService: Logcat process found 1313
06-19 05:29:46.214  9013  9026 I PhoneLab-LoggerService: Checking Threshold
06-19 05:29:46.214  9013  9026 I PhoneLab-: Service Running
06-19 05:29:46.242  9013  9016 D dalvikvm: GC_CONCURRENT freed 388K, 17% free 9229K/11079K, paused 2ms+7ms
06-19 05:29:46.257  9013  9026 I PhoneLab-LoggerService: app_38    1313  1     1432   992   c00f181c 400107b4 S logcat
06-19 05:29:46.261  9013  9026 I PhoneLab-LoggerService: Logcat pid from database 1313
06-19 05:29:46.261  9013  9026 I PhoneLab-LoggerService: Logcat process found 1313
06-19 05:29:46.261  9013  9026 I PhoneLab-LoggerService: Checking Threshold
06-19 05:29:46.261  9013  9026 I PhoneLab-: Service Running
06-19 05:29:46.273  7204  7230 D WifiLocator: Too many no-location APs. Will not compute a location nor go to the server. hasLocation=0 noLocation=0 cacheMiss=0
06-19 05:30:30.226  9013  9026 I PhoneLab-LoggerService: app_38    1313  1     1432   992   c00f181c 400107b4 S logcat
06-19 05:30:30.226  9013  9026 I PhoneLab-LoggerService: Logcat pid from database 1313
06-19 05:30:30.226  9013  9026 I PhoneLab-LoggerService: Logcat process found 1313
06-19 05:30:30.226  9013  9026 I PhoneLab-LoggerService: Checking Threshold
06-19 05:30:30.226  9013  9026 I PhoneLab-: Service Running
06-19 05:30:30.254  9013  9026 I PhoneLab-LoggerService: app_38    1313  1     1432   992   c00f181c 400107b4 S logcat
06-19 05:30:30.257  9013  9026 I PhoneLab-LoggerService: Logcat pid from database 1313
06-19 05:30:30.257  9013  9026 I PhoneLab-LoggerService: Logcat process found 1313
06-19 05:30:30.257  9013  9026 I PhoneLab-LoggerService: Checking Threshold
06-19 05:30:30.257  9013  9026 I PhoneLab-: Service Running
06-19 05:30:30.281  9013  9026 I PhoneLab-LoggerService: app_38    1313  1     1432   992   c00f181c 400107b4 S logcat
06-19 05:30:30.281  9013  9026 I PhoneLab-LoggerService: Logcat pid from database 1313
06-19 05:30:30.285  9013  9026 I PhoneLab-LoggerService: Logcat process found 1313
06-19 05:30:30.285  9013  9026 I PhoneLab-LoggerService: Checking Threshold
06-19 05:30:30.285  9013  9026 I PhoneLab-: Service Running
06-19 05:30:30.308  9013  9026 I PhoneLab-LoggerService: app_38    1313  1     1432   992   c00f181c 400107b4 S logcat
06-19 05:30:30.308  9013  9026 I PhoneLab-LoggerService: Logcat pid from database 1313
06-19 05:30:30.308  9013  9026 I PhoneLab-LoggerService: Logcat process found 1313
06-19 05:30:30.308  9013  9026 I PhoneLab-LoggerService: Checking Threshold
06-19 05:30:30.312  9013  9026 I PhoneLab-: Service Running
06-19 05:30:30.347  9013  9026 I PhoneLab-LoggerService: app_38    1313  1     1432   992   c00f181c 400107b4 S logcat
06-19 05:30:30.347  9013  9026 I PhoneLab-LoggerService: Logcat pid from database 1313
06-19 05:30:30.347  9013  9026 I PhoneLab-LoggerService: Logcat process found 1313
06-19 05:30:30.347  9013  9026 I PhoneLab-LoggerService: Checking Threshold
06-19 05:30:31.324  7204  7230 D WifiLocator: Too many no-location APs. Will not compute a location nor go to the server. hasLocation=0 noLocation=0 cacheMiss=0
06-19 05:31:16.355  7204  7230 D WifiLocator: Too many no-location APs. Will not compute a location nor go to the server. hasLocation=0 noLocation=0 cacheMiss=0
06-19 05:32:01.386  7204  7230 D WifiLocator: Too many no-location APs. Will not compute a location nor go to the server. hasLocation=0 noLocation=0 cacheMiss=0
