06-21 16:22:37.968 23227 23227 D wpa_supplicant: EAPOL: Supplicant port status: Unauthorized
06-21 16:22:37.968 23227 23227 D wpa_supplicant: EAPOL: External notification - portValid=0
06-21 16:22:37.968 23227 23227 D wpa_supplicant: EAPOL: Supplicant port status: Unauthorized
06-21 16:22:37.968 23227 23227 D wpa_supplicant: EAPOL: External notification - portEnabled=1
06-21 16:22:37.968 23227 23227 D wpa_supplicant: EAPOL: SUPP_PAE entering state CONNECTING
06-21 16:22:37.968 23227 23227 D wpa_supplicant: EAPOL: SUPP_BE entering state IDLE
06-21 16:22:37.968 23227 23227 D wpa_supplicant: EAP: EAP entering state INITIALIZE
06-21 16:22:37.968 23227 23227 D wpa_supplicant: EAP: deinitialize previously used EAP method (25, PEAP) at INITIALIZE
06-21 16:22:37.968 23227 23227 D wpa_supplicant: EAP: EAP entering state IDLE
06-21 16:22:37.972 23227 23227 D wpa_supplicant: EAPOL: Received EAP-Packet frame
06-21 16:22:37.972 23227 23227 D wpa_supplicant: EAPOL: SUPP_PAE entering state RESTART
06-21 16:22:37.972 23227 23227 D wpa_supplicant: EAP: EAP entering state INITIALIZE
06-21 16:22:37.972 23227 23227 D wpa_supplicant: EAP: EAP entering state IDLE
06-21 16:22:37.972 23227 23227 D wpa_supplicant: EAPOL: SUPP_PAE entering state AUTHENTICATING
06-21 16:22:37.972 23227 23227 D wpa_supplicant: EAPOL: SUPP_BE entering state REQUEST
06-21 16:22:37.972 23227 23227 D wpa_supplicant: EAPOL: getSuppRsp
06-21 16:22:37.972 23227 23227 D wpa_supplicant: EAP: EAP entering state RECEIVED
06-21 16:22:37.972 23227 23227 D wpa_supplicant: EAP: Received EAP-Request id=1 method=1 vendor=0 vendorMethod=0
06-21 16:22:37.972 23227 23227 D wpa_supplicant: EAP: EAP entering state IDENTITY
06-21 16:22:37.972 23227 23227 I wpa_supplicant: wlan0: CTRL-EVENT-EAP-STARTED EAP authentication started
06-21 16:22:37.972 23227 23227 D wpa_supplicant: EAP: EAP entering state SEND_RESPONSE
06-21 16:22:37.972 23227 23227 D wpa_supplicant: EAP: EAP entering state IDLE
06-21 16:22:37.972 23227 23227 D wpa_supplicant: EAPOL: SUPP_BE entering state RESPONSE
06-21 16:22:37.972 23227 23227 D wpa_supplicant: EAPOL: txSuppRsp
06-21 16:22:37.972 23227 23227 D wpa_supplicant: TX EAPOL: dst=d0:c2:82:84:8d:50
06-21 16:22:37.972 23227 23227 D wpa_supplicant: EAPOL: SUPP_BE entering state RECEIVE
06-21 16:22:37.976 23227 23227 D wpa_supplicant: EAPOL: Received EAP-Packet frame
06-21 16:22:37.976 23227 23227 D wpa_supplicant: EAPOL: SUPP_BE entering state REQUEST
06-21 16:22:37.976 23227 23227 D wpa_supplicant: EAPOL: getSuppRsp
06-21 16:22:37.976 23227 23227 D wpa_supplicant: EAP: EAP entering state RECEIVED
06-21 16:22:37.976 23227 23227 D wpa_supplicant: EAP: Received EAP-Request id=2 method=4 vendor=0 vendorMethod=0
06-21 16:22:37.976 23227 23227 D wpa_supplicant: EAP: EAP entering state GET_METHOD
06-21 16:22:37.976 23227 23227 D wpa_supplicant: EAP: configuration does not allow: vendor 0 method 4
06-21 16:22:37.976 23227 23227 D wpa_supplicant: EAP: vendor 0 method 4 not allowed
06-21 16:22:37.976 23227 23227 I wpa_supplicant: wlan0: CTRL-EVENT-EAP-PROPOSED-METHOD vendor=0 method=4 -> NAK
06-21 16:22:37.976 23227 23227 D wpa_supplicant: EAP: Building EAP-Nak (requested type 4 vendor=0 method=0 not allowed)
06-21 16:22:37.976 23227 23227 D wpa_supplicant: EAP: EAP entering state SEND_RESPONSE
06-21 16:22:37.976 23227 23227 D wpa_supplicant: EAP: EAP entering state IDLE
06-21 16:22:37.976 23227 23227 D wpa_supplicant: EAPOL: SUPP_BE entering state RESPONSE
06-21 16:22:37.976 23227 23227 D wpa_supplicant: EAPOL: txSuppRsp
06-21 16:22:37.976 23227 23227 D wpa_supplicant: TX EAPOL: dst=d0:c2:82:84:8d:50
06-21 16:22:37.976 23227 23227 D wpa_supplicant: EAPOL: SUPP_BE entering state RECEIVE
06-21 16:22:37.980 23227 23227 D wpa_supplicant: EAPOL: Received EAP-Packet frame
06-21 16:22:37.980 23227 23227 D wpa_supplicant: EAPOL: SUPP_BE entering state REQUEST
06-21 16:22:37.980 23227 23227 D wpa_supplicant: EAPOL: getSuppRsp
06-21 16:22:37.980 23227 23227 D wpa_supplicant: EAP: EAP entering state RECEIVED
06-21 16:22:37.980 23227 23227 D wpa_supplicant: EAP: Received EAP-Request id=3 method=25 vendor=0 vendorMethod=0
06-21 16:22:37.980 23227 23227 D wpa_supplicant: EAP: EAP entering state GET_METHOD
06-21 16:22:37.980 23227 23227 I wpa_supplicant: wlan0: CTRL-EVENT-EAP-PROPOSED-METHOD vendor=0 method=25
06-21 16:22:37.980 23227 23227 D wpa_supplicant: EAP: Initialize selected EAP method: vendor 0 method 25 (PEAP)
06-21 16:22:37.980 23227 23227 D wpa_supplicant: TLS: using phase1 config options
06-21 16:22:37.980 23227 23227 I wpa_supplicant: wlan0: CTRL-EVENT-EAP-METHOD EAP vendor 0 method 25 (PEAP) selected
06-21 16:22:37.980 23227 23227 D wpa_supplicant: EAP: EAP entering state METHOD
06-21 16:22:37.980 23227 23227 D wpa_supplicant: SSL: Received packet(len=6) - Flags 0x20
06-21 16:22:37.980 23227 23227 D wpa_supplicant: EAP-PEAP: Start (server ver=0, own ver=1)
06-21 16:22:37.980 23227 23227 D wpa_supplicant: EAP-PEAP: Using PEAP version 0
06-21 16:22:37.980 23227 23227 D wpa_supplicant: SSL: (where=0x10 ret=0x1)
06-21 16:22:37.980 23227 23227 D wpa_supplicant: SSL: (where=0x1001 ret=0x1)
06-21 16:22:37.980 23227 23227 D wpa_supplicant: SSL: SSL_connect:before/connect initialization
06-21 16:22:37.980 23227 23227 D wpa_supplicant: SSL: (where=0x1001 ret=0x1)
06-21 16:22:37.980 23227 23227 D wpa_supplicant: SSL: SSL_connect:SSLv3 write client hello A
06-21 16:22:37.980 23227 23227 D wpa_supplicant: SSL: (where=0x1002 ret=0xffffffff)
06-21 16:22:37.980 23227 23227 D wpa_supplicant: SSL: SSL_connect:error in SSLv3 read server hello A
06-21 16:22:37.980 23227 23227 D wpa_supplicant: SSL: SSL_connect - want more data
06-21 16:22:37.980 23227 23227 D wpa_supplicant: SSL: 190 bytes pending from ssl_out
06-21 16:22:37.980 23227 23227 D wpa_supplicant: SSL: 190 bytes left to be sent out (of total 190 bytes)
06-21 16:22:37.980 23227 23227 D wpa_supplicant: EAP: method process -> ignore=FALSE methodState=MAY_CONT decision=FAIL
06-21 16:22:37.980 23227 23227 D wpa_supplicant: EAP: EAP entering state SEND_RESPONSE
06-21 16:22:37.980 23227 23227 D wpa_supplicant: EAP: EAP entering state IDLE
06-21 16:22:37.980 23227 23227 D wpa_supplicant: EAPOL: SUPP_BE entering state RESPONSE
06-21 16:22:37.980 23227 23227 D wpa_supplicant: EAPOL: txSuppRsp
06-21 16:22:37.980 23227 23227 D wpa_supplicant: TX EAPOL: dst=d0:c2:82:84:8d:50
06-21 16:22:37.984 23227 23227 D wpa_supplicant: EAPOL: SUPP_BE entering state RECEIVE
06-21 16:22:37.996 23227 23227 D wpa_supplicant: RTM_NEWLINK: operstate=0 ifi_flags=0x11003 ([UP][LOWER_UP])
06-21 16:22:37.996 23227 23227 D wpa_supplicant: RTM_NEWLINK, IFLA_IFNAME: Interface 'wlan0' added
06-21 16:22:38.000 23227 23227 D wpa_supplicant: Wireless event: cmd=0x8c03 len=20
06-21 16:22:38.011 23227 23227 D wpa_supplicant: EAPOL: Received EAP-Packet frame
06-21 16:22:38.011 23227 23227 D wpa_supplicant: EAPOL: SUPP_BE entering state REQUEST
06-21 16:22:38.011 23227 23227 D wpa_supplicant: EAPOL: getSuppRsp
06-21 16:22:38.011 23227 23227 D wpa_supplicant: EAP: EAP entering state RECEIVED
06-21 16:22:38.011 23227 23227 D wpa_supplicant: EAP: Received EAP-Request id=4 method=25 vendor=0 vendorMethod=0
06-21 16:22:38.011 23227 23227 D wpa_supplicant: EAP: EAP entering state METHOD
06-21 16:22:38.011 23227 23227 D wpa_supplicant: SSL: Received packet(len=1024) - Flags 0xc0
06-21 16:22:38.011 23227 23227 D wpa_supplicant: SSL: TLS Message Length: 4310
06-21 16:22:38.011 23227 23227 D wpa_supplicant: SSL: Need 3296 bytes more input data
06-21 16:22:38.011 23227 23227 D wpa_supplicant: SSL: Building ACK (type=25 id=4 ver=0)
06-21 16:22:38.011 23227 23227 D wpa_supplicant: EAP: method process -> ignore=FALSE methodState=MAY_CONT decision=FAIL
06-21 16:22:38.011 23227 23227 D wpa_supplicant: EAP: EAP entering state SEND_RESPONSE
06-21 16:22:38.011 23227 23227 D wpa_supplicant: EAP: EAP entering state IDLE
06-21 16:22:38.011 23227 23227 D wpa_supplicant: EAPOL: SUPP_BE entering state RESPONSE
06-21 16:22:38.011 23227 23227 D wpa_supplicant: EAPOL: txSuppRsp
06-21 16:22:38.011 23227 23227 D wpa_supplicant: TX EAPOL: dst=d0:c2:82:84:8d:50
06-21 16:22:38.015 23227 23227 D wpa_supplicant: EAPOL: SUPP_BE entering state RECEIVE
06-21 16:22:38.015 23227 23227 D wpa_supplicant: EAPOL: Received EAP-Packet frame
06-21 16:22:38.015 23227 23227 D wpa_supplicant: EAPOL: SUPP_BE entering state REQUEST
06-21 16:22:38.015 23227 23227 D wpa_supplicant: EAPOL: getSuppRsp
06-21 16:22:38.015 23227 23227 D wpa_supplicant: EAP: EAP entering state RECEIVED
06-21 16:22:38.015 23227 23227 D wpa_supplicant: EAP: Received EAP-Request id=5 method=25 vendor=0 vendorMethod=0
06-21 16:22:38.015 23227 23227 D wpa_supplicant: EAP: EAP entering state METHOD
06-21 16:22:38.015 23227 23227 D wpa_supplicant: SSL: Received packet(len=1020) - Flags 0x40
06-21 16:22:38.015 23227 23227 D wpa_supplicant: SSL: Need 2282 bytes more input data
06-21 16:22:38.015 23227 23227 D wpa_supplicant: SSL: Building ACK (type=25 id=5 ver=0)
06-21 16:22:38.015 23227 23227 D wpa_supplicant: EAP: method process -> ignore=FALSE methodState=MAY_CONT decision=FAIL
06-21 16:22:38.015 23227 23227 D wpa_supplicant: EAP: EAP entering state SEND_RESPONSE
06-21 16:22:38.015 23227 23227 D wpa_supplicant: EAP: EAP entering state IDLE
06-21 16:22:38.015 23227 23227 D wpa_supplicant: EAPOL: SUPP_BE entering state RESPONSE
06-21 16:22:38.015 23227 23227 D wpa_supplicant: EAPOL: txSuppRsp
06-21 16:22:38.015 23227 23227 D wpa_supplicant: TX EAPOL: dst=d0:c2:82:84:8d:50
06-21 16:22:38.019 23227 23227 D wpa_supplicant: EAPOL: SUPP_BE entering state RECEIVE
06-21 16:22:38.023 23227 23227 D wpa_supplicant: EAPOL: Received EAP-Packet frame
06-21 16:22:38.023 23227 23227 D wpa_supplicant: EAPOL: SUPP_BE entering state REQUEST
06-21 16:22:38.023 23227 23227 D wpa_supplicant: EAPOL: getSuppRsp
06-21 16:22:38.023 23227 23227 D wpa_supplicant: EAP: EAP entering state RECEIVED
06-21 16:22:38.023 23227 23227 D wpa_supplicant: EAP: Received EAP-Request id=6 method=25 vendor=0 vendorMethod=0
06-21 16:22:38.023 23227 23227 D wpa_supplicant: EAP: EAP entering state METHOD
06-21 16:22:38.023 23227 23227 D wpa_supplicant: SSL: Received packet(len=1020) - Flags 0x40
06-21 16:22:38.023 23227 23227 D wpa_supplicant: SSL: Need 1268 bytes more input data
06-21 16:22:38.023 23227 23227 D wpa_supplicant: SSL: Building ACK (type=25 id=6 ver=0)
06-21 16:22:38.023 23227 23227 D wpa_supplicant: EAP: method process -> ignore=FALSE methodState=MAY_CONT decision=FAIL
06-21 16:22:38.023 23227 23227 D wpa_supplicant: EAP: EAP entering state SEND_RESPONSE
06-21 16:22:38.023 23227 23227 D wpa_supplicant: EAP: EAP entering state IDLE
06-21 16:22:38.023 23227 23227 D wpa_supplicant: EAPOL: SUPP_BE entering state RESPONSE
06-21 16:22:38.023 23227 23227 D wpa_supplicant: EAPOL: txSuppRsp
06-21 16:22:38.023 23227 23227 D wpa_supplicant: TX EAPOL: dst=d0:c2:82:84:8d:50
06-21 16:22:38.023 23227 23227 D wpa_supplicant: EAPOL: SUPP_BE entering state RECEIVE
06-21 16:22:38.027 23227 23227 D wpa_supplicant: EAPOL: Received EAP-Packet frame
06-21 16:22:38.027 23227 23227 D wpa_supplicant: EAPOL: SUPP_BE entering state REQUEST
06-21 16:22:38.027 23227 23227 D wpa_supplicant: EAPOL: getSuppRsp
06-21 16:22:38.027 23227 23227 D wpa_supplicant: EAP: EAP entering state RECEIVED
06-21 16:22:38.027 23227 23227 D wpa_supplicant: EAP: Received EAP-Request id=7 method=25 vendor=0 vendorMethod=0
06-21 16:22:38.027 23227 23227 D wpa_supplicant: EAP: EAP entering state METHOD
06-21 16:22:38.027 23227 23227 D wpa_supplicant: SSL: Received packet(len=1020) - Flags 0x40
06-21 16:22:38.027 23227 23227 D wpa_supplicant: SSL: Need 254 bytes more input data
06-21 16:22:38.027 23227 23227 D wpa_supplicant: SSL: Building ACK (type=25 id=7 ver=0)
06-21 16:22:38.027 23227 23227 D wpa_supplicant: EAP: method process -> ignore=FALSE methodState=MAY_CONT decision=FAIL
06-21 16:22:38.027 23227 23227 D wpa_supplicant: EAP: EAP entering state SEND_RESPONSE
06-21 16:22:38.027 23227 23227 D wpa_supplicant: EAP: EAP entering state IDLE
06-21 16:22:38.027 23227 23227 D wpa_supplicant: EAPOL: SUPP_BE entering state RESPONSE
06-21 16:22:38.027 23227 23227 D wpa_supplicant: EAPOL: txSuppRsp
06-21 16:22:38.027 23227 23227 D wpa_supplicant: TX EAPOL: dst=d0:c2:82:84:8d:50
06-21 16:22:38.031 23227 23227 D wpa_supplicant: EAPOL: SUPP_BE entering state RECEIVE
06-21 16:22:38.031 23227 23227 D wpa_supplicant: EAPOL: Received EAP-Packet frame
06-21 16:22:38.031 23227 23227 D wpa_supplicant: EAPOL: SUPP_BE entering state REQUEST
06-21 16:22:38.031 23227 23227 D wpa_supplicant: EAPOL: getSuppRsp
06-21 16:22:38.031 23227 23227 D wpa_supplicant: EAP: EAP entering state RECEIVED
06-21 16:22:38.031 23227 23227 D wpa_supplicant: EAP: Received EAP-Request id=8 method=25 vendor=0 vendorMethod=0
06-21 16:22:38.031 23227 23227 D wpa_supplicant: EAP: EAP entering state METHOD
06-21 16:22:38.031 23227 23227 D wpa_supplicant: SSL: Received packet(len=260) - Flags 0x00
06-21 16:22:38.031 23227 23227 D wpa_supplicant: SSL: (where=0x1001 ret=0x1)
06-21 16:22:38.031 23227 23227 D wpa_supplicant: SSL: SSL_connect:SSLv3 read server hello A
06-21 16:22:38.035 23227 23227 D wpa_supplicant: TLS: tls_verify_cb - preverify_ok=1 err=19 (self signed certificate in certificate chain) ca_cert_verify=0 depth=2 buf='/C=US/O=Entrust.net/OU=www.entrust.net/CPS incorp. by ref. (limits liab.)/OU=(c) 1999 Entrust.net Limited/CN=Entrust.net Secure Server Certification Authority'
06-21 16:22:38.035 23227 23227 I wpa_supplicant: wlan0: CTRL-EVENT-EAP-PEER-CERT depth=2 subject='/C=US/O=Entrust.net/OU=www.entrust.net/CPS incorp. by ref. (limits liab.)/OU=(c) 1999 Entrust.net Limited/CN=Entrust.net Secure Server Certification Authority'
06-21 16:22:38.035 23227 23227 D wpa_supplicant: TLS: tls_verify_cb - preverify_ok=1 err=19 (self signed certificate in certificate chain) ca_cert_verify=0 depth=2 buf='/C=US/O=Entrust.net/OU=www.entrust.net/CPS incorp. by ref. (limits liab.)/OU=(c) 1999 Entrust.net Limited/CN=Entrust.net Secure Server Certification Authority'
06-21 16:22:38.035 23227 23227 I wpa_supplicant: wlan0: CTRL-EVENT-EAP-PEER-CERT depth=2 subject='/C=US/O=Entrust.net/OU=www.entrust.net/CPS incorp. by ref. (limits liab.)/OU=(c) 1999 Entrust.net Limited/CN=Entrust.net Secure Server Certification Authority'
06-21 16:22:38.035 23227 23227 D wpa_supplicant: TLS: tls_verify_cb - preverify_ok=1 err=19 (self signed certificate in certificate chain) ca_cert_verify=0 depth=1 buf='/C=US/ST=UT/L=Salt Lake City/O=The USERTRUST Network/CN=USERTrust Legacy Secure Server CA'
06-21 16:22:38.035 23227 23227 I wpa_supplicant: wlan0: CTRL-EVENT-EAP-PEER-CERT depth=1 subject='/C=US/ST=UT/L=Salt Lake City/O=The USERTRUST Network/CN=USERTrust Legacy Secure Server CA'
06-21 16:22:38.039 23227 23227 D wpa_supplicant: TLS: tls_verify_cb - preverify_ok=1 err=19 (self signed certificate in certificate chain) ca_cert_verify=0 depth=0 buf='/C=US/postalCode=14260/ST=New York/L=Buffalo/street=305 Computing Center/O=SUNY AT BUFFALO/OU=Issued through UNIVERSITY AT BUFFALO E-PKI Manager/OU=Comodo PremiumSSL Legacy/CN=radius2.cit.buffalo.edu'
06-21 16:22:38.039 23227 23227 I wpa_supplicant: wlan0: CTRL-EVENT-EAP-PEER-CERT depth=0 subject='/C=US/postalCode=14260/ST=New York/L=Buffalo/street=305 Computing Center/O=SUNY AT BUFFALO/OU=Issued through UNIVERSITY AT BUFFALO E-PKI Manager/OU=Comodo PremiumSSL Legacy/CN=radius2.cit.buffalo.edu'
06-21 16:22:38.039 23227 23227 D wpa_supplicant: SSL: (where=0x1001 ret=0x1)
06-21 16:22:38.039 23227 23227 D wpa_supplicant: SSL: SSL_connect:SSLv3 read server certificate A
06-21 16:22:38.039 23227 23227 D wpa_supplicant: SSL: (where=0x1001 ret=0x1)
06-21 16:22:38.047 23227 23227 D wpa_supplicant: SSL: SSL_connect:SSLv3 read server key exchange A
06-21 16:22:38.047 23227 23227 D wpa_supplicant: SSL: (where=0x1001 ret=0x1)
06-21 16:22:38.047 23227 23227 D wpa_supplicant: SSL: SSL_connect:SSLv3 read server done A
06-21 16:22:38.054 23227 23227 D wpa_supplicant: SSL: (where=0x1001 ret=0x1)
06-21 16:22:38.054 23227 23227 D wpa_supplicant: SSL: SSL_connect:SSLv3 write client key exchange A
06-21 16:22:38.054 23227 23227 D wpa_supplicant: SSL: (where=0x1001 ret=0x1)
06-21 16:22:38.054 23227 23227 D wpa_supplicant: SSL: SSL_connect:SSLv3 write change cipher spec A
06-21 16:22:38.054 23227 23227 D wpa_supplicant: SSL: (where=0x1001 ret=0x1)
06-21 16:22:38.054 23227 23227 D wpa_supplicant: SSL: SSL_connect:SSLv3 write finished A
06-21 16:22:38.054 23227 23227 D wpa_supplicant: SSL: (where=0x1001 ret=0x1)
06-21 16:22:38.054 23227 23227 D wpa_supplicant: SSL: SSL_connect:SSLv3 flush data
06-21 16:22:38.058 23227 23227 D wpa_supplicant: SSL: (where=0x1002 ret=0xffffffff)
06-21 16:22:38.058 23227 23227 D wpa_supplicant: SSL: SSL_connect:error in SSLv3 read server session ticket A
06-21 16:22:38.058 23227 23227 D wpa_supplicant: SSL: SSL_connect - want more data
06-21 16:22:38.058 23227 23227 D wpa_supplicant: SSL: 134 bytes pending from ssl_out
06-21 16:22:38.058 23227 23227 D wpa_supplicant: SSL: 134 bytes left to be sent out (of total 134 bytes)
06-21 16:22:38.058 23227 23227 D wpa_supplicant: EAP: method process -> ignore=FALSE methodState=MAY_CONT decision=FAIL
06-21 16:22:38.058 23227 23227 D wpa_supplicant: EAP: EAP entering state SEND_RESPONSE
06-21 16:22:38.058 23227 23227 D wpa_supplicant: EAP: EAP entering state IDLE
06-21 16:22:38.058 23227 23227 D wpa_supplicant: EAPOL: SUPP_BE entering state RESPONSE
06-21 16:22:38.058 23227 23227 D wpa_supplicant: EAPOL: txSuppRsp
06-21 16:22:38.058 23227 23227 D wpa_supplicant: TX EAPOL: dst=d0:c2:82:84:8d:50
06-21 16:22:38.058 23227 23227 D wpa_supplicant: EAPOL: SUPP_BE entering state RECEIVE
06-21 16:22:38.070 23227 23227 D wpa_supplicant: EAPOL: Received EAP-Packet frame
06-21 16:22:38.070 23227 23227 D wpa_supplicant: EAPOL: SUPP_BE entering state REQUEST
06-21 16:22:38.070 23227 23227 D wpa_supplicant: EAPOL: getSuppRsp
06-21 16:22:38.070 23227 23227 D wpa_supplicant: EAP: EAP entering state RECEIVED
06-21 16:22:38.070 23227 23227 D wpa_supplicant: EAP: Received EAP-Request id=9 method=25 vendor=0 vendorMethod=0
06-21 16:22:38.070 23227 23227 D wpa_supplicant: EAP: EAP entering state METHOD
06-21 16:22:38.070 23227 23227 D wpa_supplicant: SSL: Received packet(len=240) - Flags 0x00
06-21 16:22:38.070 23227 23227 D wpa_supplicant: SSL: (where=0x1001 ret=0x1)
06-21 16:22:38.070 23227 23227 D wpa_supplicant: SSL: SSL_connect:SSLv3 read server session ticket A
06-21 16:22:38.070 23227 23227 D wpa_supplicant: SSL: (where=0x1001 ret=0x1)
06-21 16:22:38.070 23227 23227 D wpa_supplicant: SSL: SSL_connect:SSLv3 read finished A
06-21 16:22:38.070 23227 23227 D wpa_supplicant: SSL: (where=0x20 ret=0x1)
06-21 16:22:38.070 23227 23227 D wpa_supplicant: SSL: (where=0x1002 ret=0x1)
06-21 16:22:38.070 23227 23227 D wpa_supplicant: SSL: 0 bytes pending from ssl_out
06-21 16:22:38.070 23227 23227 D wpa_supplicant: SSL: No Application Data included
06-21 16:22:38.070 23227 23227 D wpa_supplicant: SSL: No data to be sent out
06-21 16:22:38.070 23227 23227 D wpa_supplicant: EAP-PEAP: TLS done, proceed to Phase 2
06-21 16:22:38.070 23227 23227 D wpa_supplicant: EAP-PEAP: using label 'client EAP encryption' in key derivation
06-21 16:22:38.070 23227 23227 D wpa_supplicant: SSL: Building ACK (type=25 id=9 ver=0)
06-21 16:22:38.070 23227 23227 D wpa_supplicant: EAP: method process -> ignore=FALSE methodState=MAY_CONT decision=FAIL
06-21 16:22:38.070 23227 23227 D wpa_supplicant: EAP: EAP entering state SEND_RESPONSE
06-21 16:22:38.070 23227 23227 D wpa_supplicant: EAP: EAP entering state IDLE
06-21 16:22:38.070 23227 23227 D wpa_supplicant: EAPOL: SUPP_BE entering state RESPONSE
06-21 16:22:38.070 23227 23227 D wpa_supplicant: EAPOL: txSuppRsp
06-21 16:22:38.070 23227 23227 D wpa_supplicant: TX EAPOL: dst=d0:c2:82:84:8d:50
06-21 16:22:38.070 23227 23227 D wpa_supplicant: EAPOL: SUPP_BE entering state RECEIVE
06-21 16:22:38.074 23227 23227 D wpa_supplicant: EAPOL: Received EAP-Packet frame
06-21 16:22:38.074 23227 23227 D wpa_supplicant: EAPOL: SUPP_BE entering state REQUEST
06-21 16:22:38.074 23227 23227 D wpa_supplicant: EAPOL: getSuppRsp
06-21 16:22:38.074 23227 23227 D wpa_supplicant: EAP: EAP entering state RECEIVED
06-21 16:22:38.074 23227 23227 D wpa_supplicant: EAP: Received EAP-Request id=10 method=25 vendor=0 vendorMethod=0
06-21 16:22:38.074 23227 23227 D wpa_supplicant: EAP: EAP entering state METHOD
06-21 16:22:38.074 23227 23227 D wpa_supplicant: SSL: Received packet(len=43) - Flags 0x00
06-21 16:22:38.074 23227 23227 D wpa_supplicant: EAP-PEAP: received 37 bytes encrypted data for Phase 2
06-21 16:22:38.074 23227 23227 D wpa_supplicant: EAP-PEAP: received Phase 2: code=1 identifier=10 length=5
06-21 16:22:38.074 23227 23227 D wpa_supplicant: EAP-PEAP: Phase 2 Request: type=1
06-21 16:22:38.074 23227 23227 D wpa_supplicant: SSL: 74 bytes left to be sent out (of total 74 bytes)
06-21 16:22:38.074 23227 23227 D wpa_supplicant: EAP: method process -> ignore=FALSE methodState=MAY_CONT decision=FAIL
06-21 16:22:38.074 23227 23227 D wpa_supplicant: EAP: EAP entering state SEND_RESPONSE
06-21 16:22:38.074 23227 23227 D wpa_supplicant: EAP: EAP entering state IDLE
06-21 16:22:38.074 23227 23227 D wpa_supplicant: EAPOL: SUPP_BE entering state RESPONSE
06-21 16:22:38.074 23227 23227 D wpa_supplicant: EAPOL: txSuppRsp
06-21 16:22:38.074 23227 23227 D wpa_supplicant: TX EAPOL: dst=d0:c2:82:84:8d:50
06-21 16:22:38.074 23227 23227 D wpa_supplicant: EAPOL: SUPP_BE entering state RECEIVE
06-21 16:22:38.074  1551  1673 I Ads     : To get test ads on this device, call adRequest.addTestDevice("647FF13A380A9B30FD4B00BF452B1B03");
06-21 16:22:38.074 23227 23227 D wpa_supplicant: EAPOL: Received EAP-Packet frame
06-21 16:22:38.074 23227 23227 D wpa_supplicant: EAPOL: SUPP_BE entering state REQUEST
06-21 16:22:38.074 23227 23227 D wpa_supplicant: EAPOL: getSuppRsp
06-21 16:22:38.074 23227 23227 D wpa_supplicant: EAP: EAP entering state RECEIVED
06-21 16:22:38.074 23227 23227 D wpa_supplicant: EAP: Received EAP-Request id=11 method=25 vendor=0 vendorMethod=0
06-21 16:22:38.074 23227 23227 D wpa_supplicant: EAP: EAP entering state METHOD
06-21 16:22:38.074 23227 23227 D wpa_supplicant: SSL: Received packet(len=75) - Flags 0x00
06-21 16:22:38.074 23227 23227 D wpa_supplicant: EAP-PEAP: received 69 bytes encrypted data for Phase 2
06-21 16:22:38.074 23227 23227 D wpa_supplicant: EAP-PEAP: received Phase 2: code=1 identifier=11 length=34
06-21 16:22:38.074 23227 23227 D wpa_supplicant: EAP-PEAP: Phase 2 Request: type=26
06-21 16:22:38.074 23227 23227 D wpa_supplicant: EAP-PEAP: Selected Phase 2 EAP vendor 0 method 26
06-21 16:22:38.074 23227 23227 D wpa_supplicant: EAP-MSCHAPV2: RX identifier 11 mschapv2_id 11
06-21 16:22:38.074 23227 23227 D wpa_supplicant: EAP-MSCHAPV2: Received challenge
06-21 16:22:38.074 23227 23227 D wpa_supplicant: EAP-MSCHAPV2: Generating Challenge Response
06-21 16:22:38.078 23227 23227 D wpa_supplicant: EAP-MSCHAPV2: TX identifier 11 mschapv2_id 11 (response)
06-21 16:22:38.078 23227 23227 D wpa_supplicant: SSL: 138 bytes left to be sent out (of total 138 bytes)
06-21 16:22:38.078 23227 23227 D wpa_supplicant: EAP: method process -> ignore=FALSE methodState=MAY_CONT decision=FAIL
06-21 16:22:38.078 23227 23227 D wpa_supplicant: EAP: EAP entering state SEND_RESPONSE
06-21 16:22:38.078 23227 23227 D wpa_supplicant: EAP: EAP entering state IDLE
06-21 16:22:38.078 23227 23227 D wpa_supplicant: EAPOL: SUPP_BE entering state RESPONSE
06-21 16:22:38.078 23227 23227 D wpa_supplicant: EAPOL: txSuppRsp
06-21 16:22:38.078 23227 23227 D wpa_supplicant: TX EAPOL: dst=d0:c2:82:84:8d:50
06-21 16:22:38.078 23227 23227 D wpa_supplicant: EAPOL: SUPP_BE entering state RECEIVE
06-21 16:22:38.082  1551  1673 I Ads     : Unable to connect to network: e.o: NETWORK_ERROR
06-21 16:22:38.097   151   428 I ActivityManager: START {flg=0x10000 cmp=com.laurencedawson.reddit_sync/.ui.RedditMessaging} from pid 1551
06-21 16:22:38.109  1551  1551 D webviewglue: nativeDestroy view: 0x183a628
06-21 16:22:38.113  1551  1551 I Ads     : onFailedToReceiveAd(A network error occurred.)
06-21 16:22:38.113   151   705 I ActivityManager: START {flg=0x10000 cmp=com.laurencedawson.reddit_sync/.ui.RedditMessaging} from pid 1551
06-21 16:22:38.117   151   418 W ActivityManager: Duplicate finish request for ActivityRecord{41409af0 com.laurencedawson.reddit_sync/.ui.RedditMessaging}
06-21 16:22:38.191  1551  1674 I Ads     : To get test ads on this device, call adRequest.addTestDevice("647FF13A380A9B30FD4B00BF452B1B03");
06-21 16:22:38.191  1551  1674 I Ads     : Unable to connect to network: e.o: NETWORK_ERROR
06-21 16:22:38.199 23227 23227 D wpa_supplicant: EAPOL: Received EAP-Packet frame
06-21 16:22:38.199 23227 23227 D wpa_supplicant: EAPOL: SUPP_BE entering state REQUEST
06-21 16:22:38.199 23227 23227 D wpa_supplicant: EAPOL: getSuppRsp
06-21 16:22:38.199 23227 23227 D wpa_supplicant: EAP: EAP entering state RECEIVED
06-21 16:22:38.199 23227 23227 D wpa_supplicant: EAP: Received EAP-Request id=12 method=25 vendor=0 vendorMethod=0
06-21 16:22:38.199 23227 23227 D wpa_supplicant: EAP: EAP entering state METHOD
06-21 16:22:38.199 23227 23227 D wpa_supplicant: SSL: Received packet(len=91) - Flags 0x00
06-21 16:22:38.199 23227 23227 D wpa_supplicant: EAP-PEAP: received 85 bytes encrypted data for Phase 2
06-21 16:22:38.203 23227 23227 D wpa_supplicant: EAP-PEAP: received Phase 2: code=1 identifier=12 length=51
06-21 16:22:38.203 23227 23227 D wpa_supplicant: EAP-PEAP: Phase 2 Request: type=26
06-21 16:22:38.203 23227 23227 D wpa_supplicant: EAP-MSCHAPV2: RX identifier 12 mschapv2_id 11
06-21 16:22:38.203 23227 23227 D wpa_supplicant: EAP-MSCHAPV2: Received success
06-21 16:22:38.203 23227 23227 I wpa_supplicant: EAP-MSCHAPV2: Authentication succeeded
06-21 16:22:38.203 23227 23227 D wpa_supplicant: SSL: 74 bytes left to be sent out (of total 74 bytes)
06-21 16:22:38.203 23227 23227 D wpa_supplicant: EAP: method process -> ignore=FALSE methodState=MAY_CONT decision=FAIL
06-21 16:22:38.203 23227 23227 D wpa_supplicant: EAP: EAP entering state SEND_RESPONSE
06-21 16:22:38.203 23227 23227 D wpa_supplicant: EAP: EAP entering state IDLE
06-21 16:22:38.203 23227 23227 D wpa_supplicant: EAPOL: SUPP_BE entering state RESPONSE
06-21 16:22:38.203 23227 23227 D wpa_supplicant: EAPOL: txSuppRsp
06-21 16:22:38.203 23227 23227 D wpa_supplicant: TX EAPOL: dst=d0:c2:82:84:8d:50
06-21 16:22:38.203 23227 23227 D wpa_supplicant: EAPOL: SUPP_BE entering state RECEIVE
06-21 16:22:38.203 23227 23227 D wpa_supplicant: EAPOL: Received EAP-Packet frame
06-21 16:22:38.203 23227 23227 D wpa_supplicant: EAPOL: SUPP_BE entering state REQUEST
06-21 16:22:38.203 23227 23227 D wpa_supplicant: EAPOL: getSuppRsp
06-21 16:22:38.203 23227 23227 D wpa_supplicant: EAP: EAP entering state RECEIVED
06-21 16:22:38.203 23227 23227 D wpa_supplicant: EAP: Received EAP-Request id=13 method=25 vendor=0 vendorMethod=0
06-21 16:22:38.203 23227 23227 D wpa_supplicant: EAP: EAP entering state METHOD
06-21 16:22:38.207 23227 23227 D wpa_supplicant: SSL: Received packet(len=43) - Flags 0x00
06-21 16:22:38.207 23227 23227 D wpa_supplicant: EAP-PEAP: received 37 bytes encrypted data for Phase 2
06-21 16:22:38.207 23227 23227 D wpa_supplicant: EAP-PEAP: received Phase 2: code=1 identifier=13 length=11
06-21 16:22:38.207 23227 23227 D wpa_supplicant: EAP-PEAP: Phase 2 Request: type=33
06-21 16:22:38.207 23227 23227 I wpa_supplicant: EAP-TLV: TLV Result - Success - EAP-TLV/Phase2 Completed
06-21 16:22:38.207 23227 23227 D wpa_supplicant: SSL: 74 bytes left to be sent out (of total 74 bytes)
06-21 16:22:38.207 23227 23227 D wpa_supplicant: EAP: method process -> ignore=FALSE methodState=DONE decision=UNCOND_SUCC
06-21 16:22:38.207 23227 23227 D wpa_supplicant: EAP: EAP entering state SEND_RESPONSE
06-21 16:22:38.207 23227 23227 D wpa_supplicant: EAP: EAP entering state IDLE
06-21 16:22:38.207 23227 23227 D wpa_supplicant: EAPOL: SUPP_BE entering state RESPONSE
06-21 16:22:38.207 23227 23227 D wpa_supplicant: EAPOL: txSuppRsp
06-21 16:22:38.207 23227 23227 D wpa_supplicant: TX EAPOL: dst=d0:c2:82:84:8d:50
06-21 16:22:38.207 23227 23227 D wpa_supplicant: EAPOL: SUPP_BE entering state RECEIVE
06-21 16:22:38.211 23227 23227 D wpa_supplicant: EAPOL: Received EAP-Packet frame
06-21 16:22:38.211 23227 23227 D wpa_supplicant: EAPOL: SUPP_BE entering state REQUEST
06-21 16:22:38.211 23227 23227 D wpa_supplicant: EAPOL: getSuppRsp
06-21 16:22:38.211 23227 23227 D wpa_supplicant: EAP: EAP entering state RECEIVED
06-21 16:22:38.211 23227 23227 D wpa_supplicant: EAP: Received EAP-Success
06-21 16:22:38.211 23227 23227 D wpa_supplicant: EAP: EAP entering state SUCCESS
06-21 16:22:38.211 23227 23227 I wpa_supplicant: wlan0: CTRL-EVENT-EAP-SUCCESS EAP authentication completed successfully
06-21 16:22:38.211 23227 23227 D wpa_supplicant: EAPOL: SUPP_BE entering state RECEIVE
06-21 16:22:38.211 23227 23227 D wpa_supplicant: EAPOL: SUPP_BE entering state SUCCESS
06-21 16:22:38.211 23227 23227 D wpa_supplicant: EAPOL: SUPP_BE entering state IDLE
06-21 16:22:38.211 23227 23227 D wpa_supplicant: EAPOL: Ignoring WPA EAPOL-Key frame in EAPOL state machines
06-21 16:22:38.211 23227 23227 D wpa_supplicant: EAPOL: Successfully fetched key (len=32)
06-21 16:22:38.211 23227 23227 D wpa_supplicant: RSN: Replace PMKSA entry for the current AP
06-21 16:22:38.211 23227 23227 D wpa_supplicant: RSN: added PMKSA cache entry for d0:c2:82:84:8d:50
06-21 16:22:38.215 23227 23227 D wpa_supplicant: WPA: PTK derivation - A1=78:d6:f0:71:1f:82 A2=d0:c2:82:84:8d:50
06-21 16:22:38.218   151   418 I ActivityManager: START {flg=0x10000 cmp=com.laurencedawson.reddit_sync/.ui.RedditMessaging} from pid 1551
06-21 16:22:38.226 23227 23227 D wpa_supplicant: RTM_NEWLINK: operstate=0 ifi_flags=0x11003 ([UP][LOWER_UP])
06-21 16:22:38.226 23227 23227 D wpa_supplicant: RTM_NEWLINK, IFLA_IFNAME: Interface 'wlan0' added
06-21 16:22:38.226 23227 23227 D wpa_supplicant: Wireless event: cmd=0x8b15 len=20
06-21 16:22:38.230 23227 23227 D wpa_supplicant: Wireless event: new AP: 00:00:00:00:00:00
06-21 16:22:38.230 23227 23227 D wpa_supplicant: BSSID d0:c2:82:84:8d:50 blacklist count incremented to 12
06-21 16:22:38.230 23227 23227 I wpa_supplicant: wlan0: CTRL-EVENT-DISCONNECTED bssid=d0:c2:82:84:8d:50 reason=0
06-21 16:22:38.230 23227 23227 D wpa_supplicant: wpa_driver_wext_set_key: alg=0 key_idx=0 set_tx=0 seq_len=0 key_len=0
06-21 16:22:38.234 23227 23227 D wpa_supplicant: wpa_driver_wext_set_key: alg=0 key_idx=1 set_tx=0 seq_len=0 key_len=0
06-21 16:22:38.234 23227 23227 D wpa_supplicant: wpa_driver_wext_set_key: alg=0 key_idx=2 set_tx=0 seq_len=0 key_len=0
06-21 16:22:38.234  1551  1551 D webviewglue: nativeDestroy view: 0x184b348
06-21 16:22:38.234 23227 23227 D wpa_supplicant: wpa_driver_wext_set_key: alg=0 key_idx=3 set_tx=0 seq_len=0 key_len=0
06-21 16:22:38.234 23227 23227 D wpa_supplicant: wpa_driver_wext_set_key: alg=0 key_idx=0 set_tx=0 seq_len=0 key_len=0
06-21 16:22:38.238  1551  1551 I Ads     : onFailedToReceiveAd(A network error occurred.)
06-21 16:22:38.238 23227 23227 D wpa_supplicant: wpa_driver_wext_set_operstate: operstate 0->0 (DORMANT)
06-21 16:22:38.238 23227 23227 D wpa_supplicant: netlink: Operstate: linkmode=-1, operstate=5
06-21 16:22:38.238 23227 23227 D wpa_supplicant: EAPOL: External notification - portEnabled=0
06-21 16:22:38.238 23227 23227 D wpa_supplicant: EAPOL: SUPP_PAE entering state DISCONNECTED
06-21 16:22:38.238 23227 23227 D wpa_supplicant: EAPOL: Supplicant port status: Unauthorized
06-21 16:22:38.238 23227 23227 D wpa_supplicant: EAPOL: SUPP_BE entering state INITIALIZE
06-21 16:22:38.238 23227 23227 D wpa_supplicant: EAP: EAP entering state DISABLED
06-21 16:22:38.238 23227 23227 D wpa_supplicant: EAPOL: Supplicant port status: Unauthorized
06-21 16:22:38.238 23227 23227 D wpa_supplicant: EAPOL: External notification - portValid=0
06-21 16:22:38.238 23227 23227 D wpa_supplicant: EAPOL: Supplicant port status: Unauthorized
06-21 16:22:38.238 23227 23227 D wpa_supplicant: RTM_NEWLINK: operstate=0 ifi_flags=0x11003 ([UP][LOWER_UP])
06-21 16:22:38.238 23227 23227 D wpa_supplicant: RTM_NEWLINK, IFLA_IFNAME: Interface 'wlan0' added
06-21 16:22:38.238 23227 23227 D wpa_supplicant: Wireless event: cmd=0x8c02 len=25
06-21 16:22:38.238   151  1217 I ActivityManager: START {flg=0x10000 cmp=com.laurencedawson.reddit_sync/.ui.RedditMessaging} from pid 1551
06-21 16:22:38.242   151   151 W ActivityManager: Duplicate finish request for ActivityRecord{414da440 com.laurencedawson.reddit_sync/.ui.RedditMessaging}
06-21 16:22:38.308  1551  1553 D dalvikvm: GC_CONCURRENT freed 573K, 5% free 12355K/12999K, paused 2ms+15ms
06-21 16:22:38.340  1551  1675 I Ads     : To get test ads on this device, call adRequest.addTestDevice("647FF13A380A9B30FD4B00BF452B1B03");
06-21 16:22:38.343  1551  1675 I Ads     : Unable to connect to network: e.o: NETWORK_ERROR
06-21 16:22:38.386   151   151 I ActivityManager: START {flg=0x10000 cmp=com.laurencedawson.reddit_sync/.ui.RedditMessaging} from pid 1551
06-21 16:22:38.402  1551  1551 D webviewglue: nativeDestroy view: 0x185cde8
06-21 16:22:38.402  1551  1551 I Ads     : onFailedToReceiveAd(A network error occurred.)
06-21 16:22:38.402   151   580 I ActivityManager: START {flg=0x10000 cmp=com.laurencedawson.reddit_sync/.ui.RedditMessaging} from pid 1551
06-21 16:22:38.402   151   429 W ActivityManager: Duplicate finish request for ActivityRecord{4159bfa0 com.laurencedawson.reddit_sync/.ui.RedditMessaging}
06-21 16:22:38.468  1551  1676 I Ads     : To get test ads on this device, call adRequest.addTestDevice("647FF13A380A9B30FD4B00BF452B1B03");
06-21 16:22:38.468  1551  1676 I Ads     : Unable to connect to network: e.o: NETWORK_ERROR
06-21 16:22:38.484   151   429 I ActivityManager: START {flg=0x10000 cmp=com.laurencedawson.reddit_sync/.ui.RedditMessaging} from pid 1551
06-21 16:22:38.496  1551  1551 D webviewglue: nativeDestroy view: 0x1872168
06-21 16:22:38.496  1551  1551 I Ads     : onFailedToReceiveAd(A network error occurred.)
06-21 16:22:38.496   151  1214 I ActivityManager: START {flg=0x10000 cmp=com.laurencedawson.reddit_sync/.ui.RedditMessaging} from pid 1551
06-21 16:22:38.496   151   295 W ActivityManager: Duplicate finish request for ActivityRecord{415a31a8 com.laurencedawson.reddit_sync/.ui.RedditMessaging}
06-21 16:22:38.562  1551  1677 I Ads     : To get test ads on this device, call adRequest.addTestDevice("647FF13A380A9B30FD4B00BF452B1B03");
06-21 16:22:38.562  1551  1677 I Ads     : Unable to connect to network: e.o: NETWORK_ERROR
06-21 16:22:38.601 23227 23227 D wpa_supplicant: EAPOL: startWhen --> 0
06-21 16:22:38.601 23227 23227 D wpa_supplicant: EAPOL: Supplicant port status: Unauthorized
06-21 16:22:38.742   151   151 I ActivityManager: START {flg=0x10000 cmp=com.laurencedawson.reddit_sync/.ui.RedditMessaging} from pid 1551
06-21 16:22:38.785  1551  1551 D webviewglue: nativeDestroy view: 0x1884ea0
06-21 16:22:38.785  1551  1551 I Ads     : onFailedToReceiveAd(A network error occurred.)
06-21 16:22:38.785   151   429 I ActivityManager: START {flg=0x10000 cmp=com.laurencedawson.reddit_sync/.ui.RedditMessaging} from pid 1551
06-21 16:22:38.789   151   705 W ActivityManager: Duplicate finish request for ActivityRecord{415dd380 com.laurencedawson.reddit_sync/.ui.RedditMessaging}
06-21 16:22:38.851  1551  1678 I Ads     : To get test ads on this device, call adRequest.addTestDevice("647FF13A380A9B30FD4B00BF452B1B03");
06-21 16:22:38.851  1551  1678 I Ads     : Unable to connect to network: e.o: NETWORK_ERROR
06-21 16:22:38.871   151   705 I ActivityManager: START {flg=0x10000 cmp=com.laurencedawson.reddit_sync/.ui.RedditMessaging} from pid 1551
06-21 16:22:38.882  1551  1551 D webviewglue: nativeDestroy view: 0x1895c78
06-21 16:22:38.882  1551  1551 I Ads     : onFailedToReceiveAd(A network error occurred.)
06-21 16:22:38.886   151  1217 I ActivityManager: START {flg=0x10000 cmp=com.laurencedawson.reddit_sync/.ui.RedditMessaging} from pid 1551
06-21 16:22:38.898   151   151 W ActivityManager: Duplicate finish request for ActivityRecord{415f1dc0 com.laurencedawson.reddit_sync/.ui.RedditMessaging}
06-21 16:22:38.953 23227 23227 D wpa_supplicant: RTM_NEWLINK: operstate=0 ifi_flags=0x11003 ([UP][LOWER_UP])
06-21 16:22:38.953 23227 23227 D wpa_supplicant: RTM_NEWLINK, IFLA_IFNAME: Interface 'wlan0' added
06-21 16:22:38.953 23227 23227 D wpa_supplicant: Wireless event: cmd=0x8b15 len=20
06-21 16:22:38.953 23227 23227 D wpa_supplicant: Wireless event: new AP: d0:c2:82:66:69:d0
06-21 16:22:38.953 23227 23227 D wpa_supplicant: wpa_driver_wext_set_operstate: operstate 0->0 (DORMANT)
06-21 16:22:38.953 23227 23227 D wpa_supplicant: netlink: Operstate: linkmode=-1, operstate=5
06-21 16:22:38.957 23227 23227 I wpa_supplicant: wlan0: Associated with d0:c2:82:66:69:d0
06-21 16:22:38.957 23227 23227 D wpa_supplicant: EAPOL: External notification - portEnabled=0
06-21 16:22:38.957 23227 23227 D wpa_supplicant: EAPOL: Supplicant port status: Unauthorized
06-21 16:22:38.957 23227 23227 D wpa_supplicant: EAPOL: External notification - portValid=0
06-21 16:22:38.957 23227 23227 D wpa_supplicant: EAPOL: Supplicant port status: Unauthorized
06-21 16:22:38.957 23227 23227 D wpa_supplicant: EAPOL: External notification - portEnabled=1
06-21 16:22:38.957 23227 23227 D wpa_supplicant: EAPOL: SUPP_PAE entering state CONNECTING
06-21 16:22:38.957 23227 23227 D wpa_supplicant: EAPOL: SUPP_BE entering state IDLE
06-21 16:22:38.957 23227 23227 D wpa_supplicant: EAP: EAP entering state INITIALIZE
06-21 16:22:38.957 23227 23227 D wpa_supplicant: EAP: deinitialize previously used EAP method (25, PEAP) at INITIALIZE
06-21 16:22:38.957 23227 23227 D wpa_supplicant: EAP: EAP entering state IDLE
06-21 16:22:38.968  1551  1679 I Ads     : To get test ads on this device, call adRequest.addTestDevice("647FF13A380A9B30FD4B00BF452B1B03");
06-21 16:22:38.972  1551  1679 I Ads     : Unable to connect to network: e.o: NETWORK_ERROR
06-21 16:22:38.996 23227 23227 D wpa_supplicant: RTM_NEWLINK: operstate=0 ifi_flags=0x11003 ([UP][LOWER_UP])
06-21 16:22:38.996 23227 23227 D wpa_supplicant: RTM_NEWLINK, IFLA_IFNAME: Interface 'wlan0' added
06-21 16:22:38.996 23227 23227 D wpa_supplicant: Wireless event: cmd=0x8c03 len=20
06-21 16:22:39.007   151   151 I ActivityManager: START {flg=0x10000 cmp=com.laurencedawson.reddit_sync/.ui.RedditMessaging} from pid 1551
06-21 16:22:39.019  1551  1551 D webviewglue: nativeDestroy view: 0x18aadf8
06-21 16:22:39.019  1551  1551 I Ads     : onFailedToReceiveAd(A network error occurred.)
06-21 16:22:39.019   151   700 I ActivityManager: START {flg=0x10000 cmp=com.laurencedawson.reddit_sync/.ui.RedditMessaging} from pid 1551
06-21 16:22:39.023   151  1215 W ActivityManager: Duplicate finish request for ActivityRecord{415f7780 com.laurencedawson.reddit_sync/.ui.RedditMessaging}
06-21 16:22:39.086  1551  1680 I Ads     : To get test ads on this device, call adRequest.addTestDevice("647FF13A380A9B30FD4B00BF452B1B03");
06-21 16:22:39.090  1551  1680 I Ads     : Unable to connect to network: e.o: NETWORK_ERROR
06-21 16:22:39.105   151  1215 I ActivityManager: START {flg=0x10000 cmp=com.laurencedawson.reddit_sync/.ui.RedditMessaging} from pid 1551
06-21 16:22:39.113  1551  1551 D webviewglue: nativeDestroy view: 0x18bdb10
06-21 16:22:39.113  1551  1551 I Ads     : onFailedToReceiveAd(A network error occurred.)
06-21 16:22:39.117   151  1214 I ActivityManager: START {flg=0x10000 cmp=com.laurencedawson.reddit_sync/.ui.RedditMessaging} from pid 1551
06-21 16:22:39.117   151   418 W ActivityManager: Duplicate finish request for ActivityRecord{417bfb78 com.laurencedawson.reddit_sync/.ui.RedditMessaging}
06-21 16:22:39.238  1551  1681 I Ads     : To get test ads on this device, call adRequest.addTestDevice("647FF13A380A9B30FD4B00BF452B1B03");
06-21 16:22:39.238  1551  1681 I Ads     : Unable to connect to network: e.o: NETWORK_ERROR
06-21 16:22:39.257  1551  1553 D dalvikvm: GC_CONCURRENT freed 673K, 6% free 12778K/13575K, paused 2ms+12ms
06-21 16:22:39.261   151   418 I ActivityManager: START {flg=0x10000 cmp=com.laurencedawson.reddit_sync/.ui.RedditMessaging} from pid 1551
06-21 16:22:39.277  1551  1551 D webviewglue: nativeDestroy view: 0x18c22c0
06-21 16:22:39.285  1551  1551 I Ads     : onFailedToReceiveAd(A network error occurred.)
06-21 16:22:39.285   151   163 I ActivityManager: START {flg=0x10000 cmp=com.laurencedawson.reddit_sync/.ui.RedditMessaging} from pid 1551
06-21 16:22:39.289   151  1216 W ActivityManager: Duplicate finish request for ActivityRecord{4180d850 com.laurencedawson.reddit_sync/.ui.RedditMessaging}
06-21 16:22:39.343  1551  1682 I Ads     : To get test ads on this device, call adRequest.addTestDevice("647FF13A380A9B30FD4B00BF452B1B03");
06-21 16:22:39.347  1551  1682 I Ads     : Unable to connect to network: e.o: NETWORK_ERROR
06-21 16:22:39.476   151  1216 I ActivityManager: START {flg=0x10000 cmp=com.laurencedawson.reddit_sync/.ui.RedditMessaging} from pid 1551
06-21 16:22:39.543  1551  1551 D webviewglue: nativeDestroy view: 0x18c74f0
06-21 16:22:39.543  1551  1551 I Ads     : onFailedToReceiveAd(A network error occurred.)
06-21 16:22:39.543   151   429 I ActivityManager: START {flg=0x10000 cmp=com.laurencedawson.reddit_sync/.ui.RedditMessaging} from pid 1551
06-21 16:22:39.547   151   162 W ActivityManager: Duplicate finish request for ActivityRecord{41817060 com.laurencedawson.reddit_sync/.ui.RedditMessaging}
06-21 16:22:39.601  1551  1683 I Ads     : To get test ads on this device, call adRequest.addTestDevice("647FF13A380A9B30FD4B00BF452B1B03");
06-21 16:22:39.601 23227 23227 D wpa_supplicant: EAPOL: startWhen --> 0
06-21 16:22:39.601 23227 23227 D wpa_supplicant: EAPOL: SUPP_PAE entering state CONNECTING
06-21 16:22:39.601 23227 23227 D wpa_supplicant: EAPOL: txStart
06-21 16:22:39.601 23227 23227 D wpa_supplicant: TX EAPOL: dst=d0:c2:82:66:69:d0
06-21 16:22:39.601  1551  1683 I Ads     : Unable to connect to network: e.o: NETWORK_ERROR
06-21 16:22:39.609 23227 23227 D wpa_supplicant: EAPOL: Received EAP-Packet frame
06-21 16:22:39.609 23227 23227 D wpa_supplicant: EAPOL: SUPP_PAE entering state RESTART
06-21 16:22:39.609 23227 23227 D wpa_supplicant: EAP: EAP entering state INITIALIZE
06-21 16:22:39.609 23227 23227 D wpa_supplicant: EAP: EAP entering state IDLE
06-21 16:22:39.609 23227 23227 D wpa_supplicant: EAPOL: SUPP_PAE entering state AUTHENTICATING
06-21 16:22:39.609 23227 23227 D wpa_supplicant: EAPOL: SUPP_BE entering state REQUEST
06-21 16:22:39.609 23227 23227 D wpa_supplicant: EAPOL: getSuppRsp
06-21 16:22:39.609 23227 23227 D wpa_supplicant: EAP: EAP entering state RECEIVED
06-21 16:22:39.609 23227 23227 D wpa_supplicant: EAP: Received EAP-Request id=2 method=1 vendor=0 vendorMethod=0
06-21 16:22:39.609 23227 23227 D wpa_supplicant: EAP: EAP entering state IDENTITY
06-21 16:22:39.609 23227 23227 I wpa_supplicant: wlan0: CTRL-EVENT-EAP-STARTED EAP authentication started
06-21 16:22:39.609 23227 23227 D wpa_supplicant: EAP: EAP entering state SEND_RESPONSE
06-21 16:22:39.609 23227 23227 D wpa_supplicant: EAP: EAP entering state IDLE
06-21 16:22:39.609 23227 23227 D wpa_supplicant: EAPOL: SUPP_BE entering state RESPONSE
06-21 16:22:39.609 23227 23227 D wpa_supplicant: EAPOL: txSuppRsp
06-21 16:22:39.609 23227 23227 D wpa_supplicant: TX EAPOL: dst=d0:c2:82:66:69:d0
06-21 16:22:39.609 23227 23227 D wpa_supplicant: EAPOL: SUPP_BE entering state RECEIVE
06-21 16:22:39.613 23227 23227 D wpa_supplicant: EAPOL: Received EAP-Packet frame
06-21 16:22:39.613 23227 23227 D wpa_supplicant: EAPOL: SUPP_BE entering state REQUEST
06-21 16:22:39.613 23227 23227 D wpa_supplicant: EAPOL: getSuppRsp
06-21 16:22:39.613 23227 23227 D wpa_supplicant: EAP: EAP entering state RECEIVED
06-21 16:22:39.613 23227 23227 D wpa_supplicant: EAP: Received EAP-Request id=3 method=4 vendor=0 vendorMethod=0
06-21 16:22:39.613 23227 23227 D wpa_supplicant: EAP: EAP entering state GET_METHOD
06-21 16:22:39.613 23227 23227 D wpa_supplicant: EAP: configuration does not allow: vendor 0 method 4
06-21 16:22:39.613 23227 23227 D wpa_supplicant: EAP: vendor 0 method 4 not allowed
06-21 16:22:39.613 23227 23227 I wpa_supplicant: wlan0: CTRL-EVENT-EAP-PROPOSED-METHOD vendor=0 method=4 -> NAK
06-21 16:22:39.613 23227 23227 D wpa_supplicant: EAP: Building EAP-Nak (requested type 4 vendor=0 method=0 not allowed)
06-21 16:22:39.613 23227 23227 D wpa_supplicant: EAP: EAP entering state SEND_RESPONSE
06-21 16:22:39.613 23227 23227 D wpa_supplicant: EAP: EAP entering state IDLE
06-21 16:22:39.613 23227 23227 D wpa_supplicant: EAPOL: SUPP_BE entering state RESPONSE
06-21 16:22:39.613 23227 23227 D wpa_supplicant: EAPOL: txSuppRsp
06-21 16:22:39.613 23227 23227 D wpa_supplicant: TX EAPOL: dst=d0:c2:82:66:69:d0
06-21 16:22:39.613 23227 23227 D wpa_supplicant: EAPOL: SUPP_BE entering state RECEIVE
06-21 16:22:39.617   151   162 I ActivityManager: START {flg=0x10000 cmp=com.laurencedawson.reddit_sync/.ui.RedditMessaging} from pid 1551
06-21 16:22:39.621 23227 23227 D wpa_supplicant: EAPOL: Received EAP-Packet frame
06-21 16:22:39.621 23227 23227 D wpa_supplicant: EAPOL: SUPP_BE entering state REQUEST
06-21 16:22:39.621 23227 23227 D wpa_supplicant: EAPOL: getSuppRsp
06-21 16:22:39.621 23227 23227 D wpa_supplicant: EAP: EAP entering state RECEIVED
06-21 16:22:39.621 23227 23227 D wpa_supplicant: EAP: Received EAP-Request id=4 method=25 vendor=0 vendorMethod=0
06-21 16:22:39.621 23227 23227 D wpa_supplicant: EAP: EAP entering state GET_METHOD
06-21 16:22:39.621 23227 23227 I wpa_supplicant: wlan0: CTRL-EVENT-EAP-PROPOSED-METHOD vendor=0 method=25
06-21 16:22:39.621 23227 23227 D wpa_supplicant: EAP: Initialize selected EAP method: vendor 0 method 25 (PEAP)
06-21 16:22:39.621 23227 23227 D wpa_supplicant: TLS: using phase1 config options
06-21 16:22:39.621 23227 23227 I wpa_supplicant: wlan0: CTRL-EVENT-EAP-METHOD EAP vendor 0 method 25 (PEAP) selected
06-21 16:22:39.621 23227 23227 D wpa_supplicant: EAP: EAP entering state METHOD
06-21 16:22:39.621 23227 23227 D wpa_supplicant: SSL: Received packet(len=6) - Flags 0x20
06-21 16:22:39.621 23227 23227 D wpa_supplicant: EAP-PEAP: Start (server ver=0, own ver=1)
06-21 16:22:39.621 23227 23227 D wpa_supplicant: EAP-PEAP: Using PEAP version 0
06-21 16:22:39.621 23227 23227 D wpa_supplicant: SSL: (where=0x10 ret=0x1)
06-21 16:22:39.621 23227 23227 D wpa_supplicant: SSL: (where=0x1001 ret=0x1)
06-21 16:22:39.621 23227 23227 D wpa_supplicant: SSL: SSL_connect:before/connect initialization
06-21 16:22:39.621 23227 23227 D wpa_supplicant: SSL: (where=0x1001 ret=0x1)
06-21 16:22:39.621 23227 23227 D wpa_supplicant: SSL: SSL_connect:SSLv3 write client hello A
06-21 16:22:39.621 23227 23227 D wpa_supplicant: SSL: (where=0x1002 ret=0xffffffff)
06-21 16:22:39.621 23227 23227 D wpa_supplicant: SSL: SSL_connect:error in SSLv3 read server hello A
06-21 16:22:39.621 23227 23227 D wpa_supplicant: SSL: SSL_connect - want more data
06-21 16:22:39.621 23227 23227 D wpa_supplicant: SSL: 190 bytes pending from ssl_out
06-21 16:22:39.621 23227 23227 D wpa_supplicant: SSL: 190 bytes left to be sent out (of total 190 bytes)
06-21 16:22:39.621 23227 23227 D wpa_supplicant: EAP: method process -> ignore=FALSE methodState=MAY_CONT decision=FAIL
06-21 16:22:39.621 23227 23227 D wpa_supplicant: EAP: EAP entering state SEND_RESPONSE
06-21 16:22:39.621 23227 23227 D wpa_supplicant: EAP: EAP entering state IDLE
06-21 16:22:39.621 23227 23227 D wpa_supplicant: EAPOL: SUPP_BE entering state RESPONSE
06-21 16:22:39.621 23227 23227 D wpa_supplicant: EAPOL: txSuppRsp
06-21 16:22:39.621 23227 23227 D wpa_supplicant: TX EAPOL: dst=d0:c2:82:66:69:d0
06-21 16:22:39.621 23227 23227 D wpa_supplicant: EAPOL: SUPP_BE entering state RECEIVE
06-21 16:22:39.632  1551  1551 D webviewglue: nativeDestroy view: 0x18f4ae0
06-21 16:22:39.632  1551  1551 I Ads     : onFailedToReceiveAd(A network error occurred.)
06-21 16:22:39.632   151   599 I ActivityManager: START {flg=0x10000 cmp=com.laurencedawson.reddit_sync/.ui.RedditMessaging} from pid 1551
06-21 16:22:39.632   151  1213 W ActivityManager: Duplicate finish request for ActivityRecord{41876738 com.laurencedawson.reddit_sync/.ui.RedditMessaging}
06-21 16:22:39.652 23227 23227 D wpa_supplicant: EAPOL: Received EAP-Packet frame
06-21 16:22:39.652 23227 23227 D wpa_supplicant: EAPOL: SUPP_BE entering state REQUEST
06-21 16:22:39.652 23227 23227 D wpa_supplicant: EAPOL: getSuppRsp
06-21 16:22:39.652 23227 23227 D wpa_supplicant: EAP: EAP entering state RECEIVED
06-21 16:22:39.652 23227 23227 D wpa_supplicant: EAP: Received EAP-Request id=5 method=25 vendor=0 vendorMethod=0
06-21 16:22:39.652 23227 23227 D wpa_supplicant: EAP: EAP entering state METHOD
06-21 16:22:39.652 23227 23227 D wpa_supplicant: SSL: Received packet(len=1024) - Flags 0xc0
06-21 16:22:39.652 23227 23227 D wpa_supplicant: SSL: TLS Message Length: 4310
06-21 16:22:39.652 23227 23227 D wpa_supplicant: SSL: Need 3296 bytes more input data
06-21 16:22:39.652 23227 23227 D wpa_supplicant: SSL: Building ACK (type=25 id=5 ver=0)
06-21 16:22:39.652 23227 23227 D wpa_supplicant: EAP: method process -> ignore=FALSE methodState=MAY_CONT decision=FAIL
06-21 16:22:39.652 23227 23227 D wpa_supplicant: EAP: EAP entering state SEND_RESPONSE
06-21 16:22:39.652 23227 23227 D wpa_supplicant: EAP: EAP entering state IDLE
06-21 16:22:39.652 23227 23227 D wpa_supplicant: EAPOL: SUPP_BE entering state RESPONSE
06-21 16:22:39.652 23227 23227 D wpa_supplicant: EAPOL: txSuppRsp
06-21 16:22:39.652 23227 23227 D wpa_supplicant: TX EAPOL: dst=d0:c2:82:66:69:d0
06-21 16:22:39.652 23227 23227 D wpa_supplicant: EAPOL: SUPP_BE entering state RECEIVE
06-21 16:22:39.660 23227 23227 D wpa_supplicant: EAPOL: Received EAP-Packet frame
06-21 16:22:39.660 23227 23227 D wpa_supplicant: EAPOL: SUPP_BE entering state REQUEST
