06-29 13:34:03.433 15710 15710 W nalizableReferenceQueue: 	at com.facebook.katana.FacebookApplication.onCreate(FacebookApplication.java:86)
06-29 13:34:03.433 15710 15710 W nalizableReferenceQueue: 	at android.app.Instrumentation.callApplicationOnCreate(Instrumentation.java:969)
06-29 13:34:03.433 15710 15710 W nalizableReferenceQueue: 	at android.app.ActivityThread.handleBindApplication(ActivityThread.java:3954)
06-29 13:34:03.433 15710 15710 W nalizableReferenceQueue: 	at android.app.ActivityThread.access$1300(ActivityThread.java:123)
06-29 13:34:03.433 15710 15710 W nalizableReferenceQueue: 	at android.app.ActivityThread$H.handleMessage(ActivityThread.java:1185)
06-29 13:34:03.433 15710 15710 W nalizableReferenceQueue: 	at android.os.Handler.dispatchMessage(Handler.java:99)
06-29 13:34:03.433 15710 15710 W nalizableReferenceQueue: 	at android.os.Looper.loop(Looper.java:137)
06-29 13:34:03.433 15710 15710 W nalizableReferenceQueue: 	at android.app.ActivityThread.main(ActivityThread.java:4424)
06-29 13:34:03.433 15710 15710 W nalizableReferenceQueue: 	at java.lang.reflect.Method.invokeNative(Native Method)
06-29 13:34:03.433 15710 15710 W nalizableReferenceQueue: 	at java.lang.reflect.Method.invoke(Method.java:511)
06-29 13:34:03.433 15710 15710 W nalizableReferenceQueue: 	at com.android.internal.os.ZygoteInit$MethodAndArgsCaller.run(ZygoteInit.java:784)
06-29 13:34:03.433 15710 15710 W nalizableReferenceQueue: 	at com.android.internal.os.ZygoteInit.main(ZygoteInit.java:551)
06-29 13:34:03.433 15710 15710 W nalizableReferenceQueue: 	at dalvik.system.NativeStart.main(Native Method)
06-29 13:34:03.433 15710 15710 I Finalizer: Couldn't access Thread.inheritableThreadLocals. Reference finalizer threads will inherit thread local values.
06-29 13:34:03.535 15710 15712 D dalvikvm: GC_CONCURRENT freed 392K, 5% free 9875K/10375K, paused 8ms+3ms
06-29 13:34:03.695 15710 15712 D dalvikvm: GC_CONCURRENT freed 376K, 5% free 10015K/10503K, paused 3ms+3ms
06-29 13:34:04.148 15710 15712 D dalvikvm: GC_CONCURRENT freed 384K, 5% free 10173K/10631K, paused 7ms+6ms
06-29 13:34:04.257 15710 15726 W Resources: Converting to string: TypedValue{t=0x10/d=0xffffffff a=-1}
06-29 13:34:05.156 15710 15712 D dalvikvm: GC_CONCURRENT freed 291K, 4% free 10298K/10695K, paused 12ms+5ms
06-29 13:34:05.722 15710 15712 D dalvikvm: GC_CONCURRENT freed 291K, 4% free 10402K/10823K, paused 4ms+6ms
06-29 13:34:06.086 15710 15712 D dalvikvm: GC_CONCURRENT freed 313K, 5% free 10508K/10951K, paused 4ms+6ms
06-29 13:34:06.101 13053 13053 D wpa_supplicant: wpa_driver_wext_driver_cmd RSSI len = 248
06-29 13:34:06.101 13053 13053 D wpa_supplicant: wpa_driver_wext_driver_cmd UB_Secure rssi -59  len = 19, 19
06-29 13:34:06.101 13053 13053 D wpa_supplicant: wpa_driver_wext_driver_cmd LINKSPEED len = 248
06-29 13:34:06.101 13053 13053 D wpa_supplicant: wpa_driver_wext_driver_cmd LinkSpeed 54 len = 12, 12
06-29 13:34:09.105 13053 13053 D wpa_supplicant: wpa_driver_wext_driver_cmd RSSI len = 248
06-29 13:34:09.113 13053 13053 D wpa_supplicant: wpa_driver_wext_driver_cmd UB_Secure rssi -59  len = 19, 19
06-29 13:34:09.113 13053 13053 D wpa_supplicant: wpa_driver_wext_driver_cmd LINKSPEED len = 248
06-29 13:34:09.113 13053 13053 D wpa_supplicant: wpa_driver_wext_driver_cmd LinkSpeed 54 len = 12, 12
06-29 13:34:09.160 15292 15305 I PhoneLab-: Service Running
06-29 13:34:09.246 15292 15305 I PhoneLab-LoggerService: app_38    1593  1     1064   612   c00f181c 400107b4 S logcat
06-29 13:34:09.250 15292 15305 I PhoneLab-LoggerService: Logcat pid from database 1593
06-29 13:34:09.250 15292 15305 I PhoneLab-LoggerService: Logcat process found 1593
06-29 13:34:09.250 15292 15305 I PhoneLab-LoggerService: Checking Threshold
06-29 13:34:09.254 15292 15305 I PhoneLab-LoggerService: Starting to rename files
06-29 13:34:09.254 15292 15305 I PhoneLab-LoggerService: Files found .. 3
06-29 13:34:09.601 15018 15233 D dalvikvm: GC_FOR_ALLOC freed 946K, 9% free 12209K/13383K, paused 89ms
06-29 13:34:10.285   327   327 D dalvikvm: GC_EXPLICIT freed 113K, 63% free 10410K/27719K, paused 5ms+6ms
06-29 13:34:11.953    82   122 D AudioHardware: AudioHardware pcm playback is exiting standby.
06-29 13:34:11.953    82   122 D AudioHardware: openPcmOut_l() mPcmOpenCnt: 0
06-29 13:34:12.121 13053 13053 D wpa_supplicant: wpa_driver_wext_driver_cmd RSSI len = 248
06-29 13:34:12.121 13053 13053 D wpa_supplicant: wpa_driver_wext_driver_cmd UB_Secure rssi -58  len = 19, 19
06-29 13:34:12.121 13053 13053 D wpa_supplicant: wpa_driver_wext_driver_cmd LINKSPEED len = 248
06-29 13:34:12.121 13053 13053 D wpa_supplicant: wpa_driver_wext_driver_cmd LinkSpeed 54 len = 12, 12
06-29 13:34:14.214 13053 13053 D wpa_supplicant: RTM_NEWLINK: operstate=1 ifi_flags=0x11043 ([UP][RUNNING][LOWER_UP])
06-29 13:34:14.214 13053 13053 D wpa_supplicant: RTM_NEWLINK, IFLA_IFNAME: Interface 'wlan0' added
06-29 13:34:14.214 13053 13053 D wpa_supplicant: Wireless event: cmd=0x8c00 len=20
06-29 13:34:14.824 13053 13053 D wpa_supplicant: RTM_NEWLINK: operstate=1 ifi_flags=0x11043 ([UP][RUNNING][LOWER_UP])
06-29 13:34:14.824 13053 13053 D wpa_supplicant: RTM_NEWLINK, IFLA_IFNAME: Interface 'wlan0' added
06-29 13:34:14.824 13053 13053 D wpa_supplicant: Wireless event: cmd=0x8c00 len=20
06-29 13:34:15.058    82   122 D AudioHardware: AudioHardware pcm playback is going to standby.
06-29 13:34:15.058    82   122 D AudioHardware: closePcmOut_l() mPcmOpenCnt: 1
06-29 13:34:15.058 13053 13053 D wpa_supplicant: RTM_NEWLINK: operstate=1 ifi_flags=0x11043 ([UP][RUNNING][LOWER_UP])
06-29 13:34:15.058 13053 13053 D wpa_supplicant: RTM_NEWLINK, IFLA_IFNAME: Interface 'wlan0' added
06-29 13:34:15.058 13053 13053 D wpa_supplicant: Wireless event: cmd=0x8c00 len=20
06-29 13:34:15.125 13053 13053 D wpa_supplicant: wpa_driver_wext_driver_cmd RSSI len = 248
06-29 13:34:15.129 13053 13053 D wpa_supplicant: wpa_driver_wext_driver_cmd UB_Secure rssi -55  len = 19, 19
06-29 13:34:15.129 13053 13053 D wpa_supplicant: wpa_driver_wext_driver_cmd LINKSPEED len = 248
06-29 13:34:15.129 13053 13053 D wpa_supplicant: wpa_driver_wext_driver_cmd LinkSpeed 54 len = 12, 12
06-29 13:34:16.269 15018 15240 V chromium: external/chromium/net/base/bandwidth_metrics.h:96: [0629/133416:INFO:bandwidth_metrics.h(96)] Bandwidth: 12977.3Kbps (avg 8116.99Kbps)
06-29 13:34:18.132 13053 13053 D wpa_supplicant: wpa_driver_wext_driver_cmd RSSI len = 248
06-29 13:34:18.132 13053 13053 D wpa_supplicant: wpa_driver_wext_driver_cmd UB_Secure rssi -59  len = 19, 19
06-29 13:34:18.132 13053 13053 D wpa_supplicant: wpa_driver_wext_driver_cmd LINKSPEED len = 248
06-29 13:34:18.140 13053 13053 D wpa_supplicant: wpa_driver_wext_driver_cmd LinkSpeed 54 len = 12, 12
06-29 13:34:18.390   151  1214 W InputManagerService: Window already focused, ignoring focus gain of: com.android.internal.view.IInputMethodClient$Stub$Proxy@416f2db0
06-29 13:34:18.402    82   122 D AudioHardware: AudioHardware pcm playback is exiting standby.
06-29 13:34:18.402    82   122 D AudioHardware: openPcmOut_l() mPcmOpenCnt: 0
06-29 13:34:19.320 13053 13053 D wpa_supplicant: RTM_NEWLINK: operstate=1 ifi_flags=0x11043 ([UP][RUNNING][LOWER_UP])
06-29 13:34:19.320 13053 13053 D wpa_supplicant: RTM_NEWLINK, IFLA_IFNAME: Interface 'wlan0' added
06-29 13:34:19.320 13053 13053 D wpa_supplicant: Wireless event: cmd=0x8c00 len=20
06-29 13:34:20.796 13053 13053 D wpa_supplicant: RTM_NEWLINK: operstate=1 ifi_flags=0x11043 ([UP][RUNNING][LOWER_UP])
06-29 13:34:20.796 13053 13053 D wpa_supplicant: RTM_NEWLINK, IFLA_IFNAME: Interface 'wlan0' added
06-29 13:34:20.796 13053 13053 D wpa_supplicant: Wireless event: cmd=0x8c00 len=20
06-29 13:34:21.160 13053 13053 D wpa_supplicant: wpa_driver_wext_driver_cmd RSSI len = 248
06-29 13:34:21.160 13053 13053 D wpa_supplicant: wpa_driver_wext_driver_cmd UB_Secure rssi -55  len = 19, 19
06-29 13:34:21.160 13053 13053 D wpa_supplicant: wpa_driver_wext_driver_cmd LINKSPEED len = 248
06-29 13:34:21.160 13053 13053 D wpa_supplicant: wpa_driver_wext_driver_cmd LinkSpeed 54 len = 12, 12
06-29 13:34:21.511    82   122 D AudioHardware: AudioHardware pcm playback is going to standby.
06-29 13:34:21.511    82   122 D AudioHardware: closePcmOut_l() mPcmOpenCnt: 1
06-29 13:34:24.164 13053 13053 D wpa_supplicant: wpa_driver_wext_driver_cmd RSSI len = 248
06-29 13:34:24.164 13053 13053 D wpa_supplicant: wpa_driver_wext_driver_cmd UB_Secure rssi -55  len = 19, 19
06-29 13:34:24.164 13053 13053 D wpa_supplicant: wpa_driver_wext_driver_cmd LINKSPEED len = 248
06-29 13:34:24.164 13053 13053 D wpa_supplicant: wpa_driver_wext_driver_cmd LinkSpeed 54 len = 12, 12
06-29 13:34:27.168 13053 13053 D wpa_supplicant: wpa_driver_wext_driver_cmd RSSI len = 248
06-29 13:34:27.168 13053 13053 D wpa_supplicant: wpa_driver_wext_driver_cmd UB_Secure rssi -54  len = 19, 19
06-29 13:34:27.168 13053 13053 D wpa_supplicant: wpa_driver_wext_driver_cmd LINKSPEED len = 248
06-29 13:34:27.168 13053 13053 D wpa_supplicant: wpa_driver_wext_driver_cmd LinkSpeed 54 len = 12, 12
06-29 13:34:27.777   151  1216 I ActivityManager: Process twc.weatherController (pid 15627) has died.
06-29 13:34:27.777   151  1216 W ActivityManager: Scheduling restart of crashed service com.weather.Weather/.widgets.WeatherGadgetService in 5000ms
06-29 13:34:28.816 13053 13053 D wpa_supplicant: RTM_NEWLINK: operstate=1 ifi_flags=0x11043 ([UP][RUNNING][LOWER_UP])
06-29 13:34:28.816 13053 13053 D wpa_supplicant: RTM_NEWLINK, IFLA_IFNAME: Interface 'wlan0' added
06-29 13:34:28.816 13053 13053 D wpa_supplicant: Wireless event: cmd=0x8c00 len=20
06-29 13:34:30.171 13053 13053 D wpa_supplicant: wpa_driver_wext_driver_cmd RSSI len = 248
06-29 13:34:30.179 13053 13053 D wpa_supplicant: wpa_driver_wext_driver_cmd UB_Secure rssi -61  len = 19, 19
06-29 13:34:30.179 13053 13053 D wpa_supplicant: wpa_driver_wext_driver_cmd LINKSPEED len = 248
06-29 13:34:30.179 13053 13053 D wpa_supplicant: wpa_driver_wext_driver_cmd LinkSpeed 54 len = 12, 12
06-29 13:34:31.093   151 15765 I ActivityManager: Applications Memory Usage (kB):
06-29 13:34:31.093   151 15765 I ActivityManager: Uptime: 245920458 Realtime: 847286521
06-29 13:34:31.093   151 15765 I ActivityManager: Total PSS by OOM adjustment:
06-29 13:34:31.093   151 15765 I ActivityManager:     29853 kB: System
06-29 13:34:31.093   151 15765 I ActivityManager:                29853 kB: system (pid 151)
06-29 13:34:31.093   151 15765 I ActivityManager:     29479 kB: Persistent
06-29 13:34:31.093   151 15765 I ActivityManager:                14027 kB: com.android.systemui (pid 327)
06-29 13:34:31.093   151 15765 I ActivityManager:                11666 kB: com.android.phone (pid 398)
06-29 13:34:31.093   151 15765 I ActivityManager:                 3786 kB: com.android.nfc (pid 2416)
06-29 13:34:31.093   151 15765 I ActivityManager:     96353 kB: Foreground
06-29 13:34:31.093   151 15765 I ActivityManager:                96353 kB: mobi.mgeek.TunnyBrowser (pid 15018)
06-29 13:34:31.093   151 15765 I ActivityManager:     17178 kB: Visible
06-29 13:34:31.093   151 15765 I ActivityManager:                 9342 kB: com.google.process.gapps (pid 14117)
06-29 13:34:31.093   151 15765 I ActivityManager:                 4859 kB: com.google.android.gsf.login (pid 30253)
06-29 13:34:31.093   151 15765 I ActivityManager:                 2977 kB: com.android.smspush (pid 514)
06-29 13:34:31.093   151 15765 I ActivityManager:     24659 kB: Perceptible
06-29 13:34:31.093   151 15765 I ActivityManager:                24659 kB: com.touchtype.swiftkey.phone.trial (pid 27895)
06-29 13:34:31.093   151 15765 I ActivityManager:     26166 kB: A Services
06-29 13:34:31.093   151 15765 I ActivityManager:                11290 kB: com.facebook.katana (pid 15710)
06-29 13:34:31.093   151 15765 I ActivityManager:                 7307 kB: com.google.android.apps.maps:NetworkLocationService (pid 14704)
06-29 13:34:31.093   151 15765 I ActivityManager:                 4110 kB: com.jim2 (pid 15677)
06-29 13:34:31.093   151 15765 I ActivityManager:                 3459 kB: com.zehro.android.clockr (pid 15695)
06-29 13:34:31.093   151 15765 I ActivityManager:     16756 kB: Home
06-29 13:34:31.093   151 15765 I ActivityManager:                16756 kB: com.android.launcher (pid 14375)
06-29 13:34:31.093   151 15765 I ActivityManager:     12858 kB: B Services
06-29 13:34:31.093   151 15765 I ActivityManager:                 7193 kB: com.google.android.apps.maps (pid 15594)
06-29 13:34:31.093   151 15765 I ActivityManager:                 3071 kB: edu.buffalo.cse.phonelab.phonelabservices (pid 15292)
06-29 13:34:31.093   151 15765 I ActivityManager:                 2594 kB: com.android.sprintmenu (pid 15336)
06-29 13:34:31.093   151 15765 I ActivityManager: 
06-29 13:34:31.093   151 15765 I ActivityManager: Total PSS: 253302 kB
06-29 13:34:31.093   151 15765 I ActivityManager:   PID      Vss      Rss      Pss      Uss  cmdline
06-29 13:34:31.093   151 15765 I ActivityManager:   151   46296K   46216K   29903K   28600K  system_server
06-29 13:34:31.093   151 15765 I ActivityManager: 27895   42332K   42244K   24721K   23432K  com.touchtype.swiftkey.phone.trial
06-29 13:34:31.093   151 15765 I ActivityManager: 14375   36004K   35920K   16804K   15160K  com.android.launcher
06-29 13:34:31.093   151 15765 I ActivityManager:   327   33876K   33664K   14084K    9944K  com.android.systemui
06-29 13:34:31.093   151 15765 I ActivityManager:    79   24256K   17200K   11769K    7160K  /system/bin/surfaceflinger
06-29 13:34:31.093   151 15765 I ActivityManager:   398   27916K   27844K   11710K   10628K  com.android.phone
06-29 13:34:31.093   151 15765 I ActivityManager: 15710   31864K   31796K   11275K    8840K  com.facebook.katana
06-29 13:34:31.093   151 15765 I ActivityManager: 14117   27596K   27508K    9387K    8056K  com.google.process.gapps
06-29 13:34:31.093   151 15765 I ActivityManager: 14704   25340K   25248K    7355K    6052K  com.google.android.apps.maps:NetworkLocationService
06-29 13:34:31.093   151 15765 I ActivityManager: 15594   27476K   27412K    7243K    5216K  com.google.android.apps.maps
06-29 13:34:31.093   151 15765 I ActivityManager: 30253   21160K   21060K    4901K    3872K  com.google.android.gsf.login
06-29 13:34:31.093   151 15765 I ActivityManager: 15677   23960K   23896K    4169K    2412K  com.jim2
06-29 13:34:31.093   151 15765 I ActivityManager:  2416   21152K   21060K    3833K    2700K  com.android.nfc
06-29 13:34:31.093   151 15765 I ActivityManager: 15695   23328K   23228K    3511K    1812K  com.zehro.android.clockr
06-29 13:34:31.093   151 15765 I ActivityManager:    82    3712K    3712K    3249K    3108K  /system/bin/mediaserver
06-29 13:34:31.093   151 15765 I ActivityManager:    76    3424K    3420K    3229K    3200K  /system/bin/netd
06-29 13:34:31.093   151 15765 I ActivityManager: 15292   21500K   21400K    3117K    1728K  edu.buffalo.cse.phonelab.phonelabservices
06-29 13:34:31.093   151 15765 I ActivityManager:   514   18676K   18564K    3023K    1976K  com.android.smspush
06-29 13:34:31.093   151 15765 I ActivityManager:    77    2856K    2852K    2709K    2704K  /system/bin/debuggerd
06-29 13:34:31.093   151 15765 I ActivityManager: 15336   21044K   20940K    2644K    1228K  com.android.sprintmenu
06-29 13:34:31.093   151 15765 I ActivityManager:    80   18488K   18360K    2205K    1032K  zygote
06-29 13:34:31.093   151 15765 I ActivityManager:    81    1056K    1056K     882K     876K  /system/bin/drmserver
06-29 13:34:31.093   151 15765 I ActivityManager:    78    1084K    1084K     807K     788K  /system/bin/rild
06-29 13:34:31.093   151 15765 I ActivityManager: 15766     732K     724K     595K     584K  procrank
06-29 13:34:31.093   151 15765 I ActivityManager: 13053     652K     648K     501K     496K  /system/bin/wpa_supplicant
06-29 13:34:31.093   151 15765 I ActivityManager:  1593     616K     612K     477K     472K  logcat
06-29 13:34:31.093   151 15765 I ActivityManager:   226     444K     444K     424K     424K  /system/bin/bluetoothd
06-29 13:34:31.093   151 15765 I ActivityManager:    88     360K     360K     344K     344K  /sbin/adbd
06-29 13:34:31.093   151 15765 I ActivityManager:    86     496K     492K     330K     324K  /system/vendor/bin/gpsd
06-29 13:34:31.093   151 15765 I ActivityManager:    83     332K     324K     308K     308K  /system/bin/dbus-daemon
06-29 13:34:31.093   151 15765 I ActivityManager:    73     364K     360K     274K     268K  /system/bin/vold
06-29 13:34:31.093   151 15765 I ActivityManager:   215     284K     276K     256K     256K  /system/bin/brcm_patchram_plus
06-29 13:34:31.093   151 15765 I ActivityManager:    85     384K     348K     247K     244K  /system/bin/keystore
06-29 13:34:31.093   151 15765 I ActivityManager:     1     220K     220K     158K     120K  /init
06-29 13:34:31.093   151 15765 I ActivityManager: 13061     308K     304K     153K     148K  /system/bin/dhcpcd
06-29 13:34:31.093   151 15765 I ActivityManager:    61     160K     160K     122K      84K  /sbin/ueventd
06-29 13:34:31.093   151 15765 I ActivityManager:    87     128K     124K     104K     104K  /system/bin/sh
06-29 13:34:31.093   151 15765 I ActivityManager:    84     224K     216K     103K     100K  /system/bin/installd
06-29 13:34:31.093   151 15765 I ActivityManager:    72     184K     176K      94K      92K  /system/bin/servicemanager
06-29 13:34:31.093   151 15765 I ActivityManager:                           ------   ------  ------
06-29 13:34:31.093   151 15765 I ActivityManager:                          187038K  154892K  TOTAL
06-29 13:34:31.093   151 15765 I ActivityManager: RAM: 342896K total, 22408K free, 1116K buffers, 30660K 
06-29 13:34:31.316   151   700 I ActivityManager: Process com.google.android.apps.maps (pid 15594) has died.
06-29 13:34:31.316   151   700 W ActivityManager: Scheduling restart of crashed service com.google.android.apps.maps/com.google.googlenav.prefetch.android.PrefetcherService in 11461ms
06-29 13:34:31.394   151   153 D dalvikvm: GC_CONCURRENT freed 1758K, 36% free 17867K/27847K, paused 17ms+46ms
06-29 13:34:31.836 15018 15018 E Web Console: Uncaught SyntaxError: Unexpected token ) at http://www.thevaultermag.com/:87
06-29 13:34:32.839   151   168 I ActivityManager: Start proc twc.weatherController for service com.weather.Weather/.widgets.WeatherGadgetService: pid=15767 uid=10057 gids={1015, 3003, 1006}
06-29 13:34:32.867 15767 15767 I dalvikvm: Turning on JNI app bug workarounds for target SDK version 13...
06-29 13:34:33.101   151  1213 I ActivityManager: Process com.jim2 (pid 15677) has died.
06-29 13:34:33.101   151  1213 W ActivityManager: Scheduling restart of crashed service com.jim2/.UpdateService in 20000ms
06-29 13:34:33.183 13053 13053 D wpa_supplicant: wpa_driver_wext_driver_cmd RSSI len = 248
06-29 13:34:33.191 13053 13053 D wpa_supplicant: wpa_driver_wext_driver_cmd UB_Secure rssi -63  len = 19, 19
06-29 13:34:33.191 13053 13053 D wpa_supplicant: wpa_driver_wext_driver_cmd LINKSPEED len = 248
06-29 13:34:33.191 13053 13053 D wpa_supplicant: wpa_driver_wext_driver_cmd LinkSpeed 54 len = 12, 12
06-29 13:34:33.261 15767 15768 D dalvikvm: GC_CONCURRENT freed 170K, 3% free 9366K/9607K, paused 2ms+13ms
06-29 13:34:33.421 15767 15767 D DAL     : initFileCaching
06-29 13:34:33.449 15767 15767 I TIME    : static WeatherController before checkAvailable
06-29 13:34:33.488 15767 15767 I TWCGLOBAL: Registered new default uncaught exception handler
06-29 13:34:33.492 15767 15767 D DAL     : Persistent Dir:/mnt/sdcard/Android/data/com.weather.Weather/files
06-29 13:34:33.492 15767 15767 D DAL     : Temporary Dir:/mnt/sdcard/Android/data/com.weather.Weather/cache
06-29 13:34:33.507 15767 15781 D DAL     : initFileCaching run
06-29 13:34:33.511 15767 15767 I DAL     : lrb open()
06-29 13:34:33.636 15767 15767 D DAL     : lrb updateCurrentView
06-29 13:34:33.636 15767 15767 I DAL     : lrb updateHeader
06-29 13:34:33.718   151  1217 I ActivityManager: Start proc twc.provider for content provider com.weather.Weather/com.weather.dal.LocationListProvider: pid=15782 uid=10057 gids={1015, 3003, 1006}
06-29 13:34:33.722   151   705 I ActivityManager: Process edu.buffalo.cse.phonelab.phonelabservices (pid 15292) has died.
06-29 13:34:33.722   151   705 W ActivityManager: Scheduling restart of crashed service edu.buffalo.cse.phonelab.phonelabservices/edu.buffalo.cse.phonelab.datalogger.LoggerService in 29381ms
06-29 13:34:33.777 15782 15782 I dalvikvm: Turning on JNI app bug workarounds for target SDK version 13...
06-29 13:34:34.164   151  1216 I ActivityManager: Process com.android.sprintmenu (pid 15336) has died.
06-29 13:34:34.164   151  1216 W ActivityManager: Scheduling restart of crashed service com.android.sprintmenu/.HiddenPhoneService in 54491ms
06-29 13:34:34.183 15782 15785 D dalvikvm: GC_CONCURRENT freed 172K, 3% free 9364K/9607K, paused 2ms+9ms
06-29 13:34:34.214 15782 15782 I ActivityThread: Pub com.weather.Weather.ads.DynamicConfigProvider: com.weather.Weather.ads.DynamicConfigProvider
06-29 13:34:34.285 15018 15020 D dalvikvm: GC_CONCURRENT freed 910K, 9% free 12296K/13383K, paused 19ms+48ms
06-29 13:34:34.296 15782 15782 I ActivityThread: Pub com.weather.dal.LocationListProvider: com.weather.dal.LocationListProvider
06-29 13:34:34.730 14117 14135 D androidNetworkLocationListeners: Still have listener com.google.android.location.internal.client.NetworkLocationClient$1@41385d30
06-29 13:34:34.836 13053 13053 D wpa_supplicant: wpa_driver_wext_driver_cmd SETSUSPENDOPT 0 len = 4096
06-29 13:34:34.836 13053 13053 D wpa_supplicant: wpa_driver_wext_driver_cmd SETSUSPENDOPT 0 len = 0, 15
06-29 13:34:34.836 13053 13053 D wpa_supplicant: wpa_driver_wext_driver_cmd POWERMODE 0 len = 4096
06-29 13:34:34.843 13053 13053 D wpa_supplicant: wpa_driver_wext_driver_cmd OK len = 0, 2
06-29 13:34:34.875 13053 13053 D wpa_supplicant: WPS: Building WPS IE for Probe Request
06-29 13:34:34.875 13053 13053 D wpa_supplicant: WPS:  * Version (hardcoded 0x10)
06-29 13:34:34.886 13053 13053 D wpa_supplicant: WPS:  * Request Type
06-29 13:34:34.886 13053 13053 D wpa_supplicant: WPS:  * Config Methods (2388)
06-29 13:34:34.886 13053 13053 D wpa_supplicant: WPS:  * UUID-E
06-29 13:34:34.886 13053 13053 D wpa_supplicant: WPS:  * Primary Device Type
06-29 13:34:34.886 13053 13053 D wpa_supplicant: WPS:  * RF Bands (3)
06-29 13:34:34.886 13053 13053 D wpa_supplicant: WPS:  * Association State
06-29 13:34:34.886 13053 13053 D wpa_supplicant: WPS:  * Configuration Error (0)
06-29 13:34:34.886 13053 13053 D wpa_supplicant: WPS:  * Device Password ID (0)
06-29 13:34:34.886 13053 13053 D wpa_supplicant: WPS:  * Manufacturer
06-29 13:34:34.886 13053 13053 D wpa_supplicant: WPS:  * Model Name
06-29 13:34:34.886 13053 13053 D wpa_supplicant: WPS:  * Model Number
06-29 13:34:34.886 13053 13053 D wpa_supplicant: WPS:  * Device Name
06-29 13:34:34.886 13053 13053 D wpa_supplicant: WPS:  * Version2 (0x20)
06-29 13:34:34.886 13053 13053 D wpa_supplicant: wpa_driver_wext_combo_scan: Start
06-29 13:34:34.886 13053 13053 D wpa_supplicant: For Scan: (null)
06-29 13:34:34.894 13053 13053 D wpa_supplicant: Scan requested (ret=0) - scan timeout 30 seconds
06-29 13:34:35.093 14117 14135 D androidNetworkLocationListeners: Still have listener com.google.android.location.internal.client.NetworkLocationClient$1@41385d30
06-29 13:34:35.125 13053 13053 D wpa_supplicant: RTM_NEWLINK: operstate=1 ifi_flags=0x11043 ([UP][RUNNING][LOWER_UP])
06-29 13:34:35.125 13053 13053 D wpa_supplicant: RTM_NEWLINK, IFLA_IFNAME: Interface 'wlan0' added
06-29 13:34:35.125 13053 13053 D wpa_supplicant: Wireless event: cmd=0x8c00 len=20
06-29 13:34:35.363 13053 13053 D wpa_supplicant: RTM_NEWLINK: operstate=1 ifi_flags=0x11043 ([UP][RUNNING][LOWER_UP])
06-29 13:34:35.363 13053 13053 D wpa_supplicant: RTM_NEWLINK, IFLA_IFNAME: Interface 'wlan0' added
06-29 13:34:35.363 13053 13053 D wpa_supplicant: Wireless event: cmd=0x8c00 len=20
06-29 13:34:35.453 13053 13053 D wpa_supplicant: Ongoing scan action - reject new request
06-29 13:34:35.632 15767 15767 D DAL     : lrb android.net.conn.CONNECTIVITY_CHANGE
06-29 13:34:35.632 15767 15767 D DAL     : lrb Starting displayBannerIfNotConnectedTask
06-29 13:34:35.644 15767 15767 D DAL     : lrb updateCurrentView
06-29 13:34:35.648 15767 15767 I DAL     : lrb updateHeader
06-29 13:34:35.664   151   200 W InputDispatcher: channel '41b84528 com.android.launcher/com.android.launcher2.Launcher (server)' ~ Consumer closed input channel or an error occurred.  events=0x8
06-29 13:34:35.664   151   200 E InputDispatcher: channel '41b84528 com.android.launcher/com.android.launcher2.Launcher (server)' ~ Channel is unrecoverably broken and will be disposed!
06-29 13:34:35.664   151   418 I ActivityManager: Process com.android.launcher (pid 14375) has died.
06-29 13:34:35.679 15767 15767 D DAL     : lrb abortRequests
06-29 13:34:35.683   151   200 W InputDispatcher: Attempted to unregister already unregistered input channel '41b84528 com.android.launcher/com.android.launcher2.Launcher (server)'
06-29 13:34:35.683   151   200 I WindowManager: WINDOW DIED Window{41b84528 com.android.launcher/com.android.launcher2.Launcher paused=false}
06-29 13:34:35.726   151   705 W WindowManager: Failed looking up window
06-29 13:34:35.726   151   705 W WindowManager: java.lang.IllegalArgumentException: Requested window android.os.BinderProxy@4136f608 does not exist
06-29 13:34:35.726   151   705 W WindowManager: 	at com.android.server.wm.WindowManagerService.windowForClientLocked(WindowManagerService.java:7163)
06-29 13:34:35.726   151   705 W WindowManager: 	at com.android.server.wm.WindowManagerService.windowForClientLocked(WindowManagerService.java:7154)
06-29 13:34:35.726   151   705 W WindowManager: 	at com.android.server.wm.WindowState$DeathRecipient.binderDied(WindowState.java:1545)
06-29 13:34:35.726   151   705 W WindowManager: 	at android.os.BinderProxy.sendDeathNotice(Binder.java:417)
06-29 13:34:35.726   151   705 W WindowManager: 	at dalvik.system.NativeStart.run(Native Method)
06-29 13:34:35.726   151   705 I WindowManager: WIN DEATH: null
06-29 13:34:35.863 15767 15799 I ControllerImpl: GET:http://wxdata.weather.com/wxdata/loc/get.js?lat=43.0006604&lng=-78.7866917&locale=en_US&key=e88d42ec-a740-102c-bafd-001321203584
06-29 13:34:35.867 15767 15799 I DAL     : GET:http://wxdata.weather.com/wxdata/loc/get.js?lat=43.0006604&lng=-78.7866917&locale=en_US&key=e88d42ec-a740-102c-bafd-001321203584
06-29 13:34:36.101 13053 13053 D wpa_supplicant: RTM_NEWLINK: operstate=1 ifi_flags=0x11043 ([UP][RUNNING][LOWER_UP])
06-29 13:34:36.101 13053 13053 D wpa_supplicant: RTM_NEWLINK, IFLA_IFNAME: Interface 'wlan0' added
06-29 13:34:36.101 13053 13053 D wpa_supplicant: Wireless event: cmd=0x8b19 len=8
06-29 13:34:36.105 13053 13053 D wpa_supplicant: Received 2988 bytes of scan results (16 BSSes)
06-29 13:34:36.191 13053 13053 D wpa_supplicant: wpa_driver_wext_driver_cmd RSSI len = 248
06-29 13:34:36.191 13053 13053 D wpa_supplicant: wpa_driver_wext_driver_cmd UB_Secure rssi -58  len = 19, 19
06-29 13:34:36.191 13053 13053 D wpa_supplicant: wpa_driver_wext_driver_cmd LINKSPEED len = 248
06-29 13:34:36.191 13053 13053 D wpa_supplicant: wpa_driver_wext_driver_cmd LinkSpeed 54 len = 12, 12
06-29 13:34:37.472 15018 15018 W webview : Got ACTION_DOWN but still waiting on stale event. Catching up.
06-29 13:34:37.476 15018 15018 W webview : Miss a drag as we are waiting for WebCore's response for touch down.
06-29 13:34:38.203 13053 13053 D wpa_supplicant: wpa_driver_wext_driver_cmd SETSUSPENDOPT 0 len = 4096
06-29 13:34:38.203 13053 13053 D wpa_supplicant: wpa_driver_wext_driver_cmd SETSUSPENDOPT 0 len = 0, 15
06-29 13:34:38.203 13053 13053 D wpa_supplicant: wpa_driver_wext_driver_cmd POWERMODE 0 len = 4096
06-29 13:34:38.203 13053 13053 D wpa_supplicant: wpa_driver_wext_driver_cmd OK len = 0, 2
06-29 13:34:38.226 15767 15768 D dalvikvm: GC_CONCURRENT freed 261K, 4% free 9583K/9927K, paused 38ms+106ms
06-29 13:34:38.386 14117 14135 D androidNetworkLocationListeners: Still have listener com.google.android.location.internal.client.NetworkLocationClient$1@41385d30
06-29 13:34:38.390 13053 13053 D wpa_supplicant: wpa_driver_wext_driver_cmd SETSUSPENDOPT 0 len = 4096
06-29 13:34:38.390 13053 13053 D wpa_supplicant: wpa_driver_wext_driver_cmd SETSUSPENDOPT 0 len = 0, 15
06-29 13:34:38.390 13053 13053 D wpa_supplicant: wpa_driver_wext_driver_cmd POWERMODE 0 len = 4096
06-29 13:34:38.390 13053 13053 D wpa_supplicant: wpa_driver_wext_driver_cmd OK len = 0, 2
06-29 13:34:38.398 13053 13053 D wpa_supplicant: WPS: Building WPS IE for Probe Request
06-29 13:34:38.398 13053 13053 D wpa_supplicant: WPS:  * Version (hardcoded 0x10)
06-29 13:34:38.398 13053 13053 D wpa_supplicant: WPS:  * Request Type
06-29 13:34:38.398 13053 13053 D wpa_supplicant: WPS:  * Config Methods (2388)
06-29 13:34:38.398 13053 13053 D wpa_supplicant: WPS:  * UUID-E
06-29 13:34:38.398 13053 13053 D wpa_supplicant: WPS:  * Primary Device Type
06-29 13:34:38.398 13053 13053 D wpa_supplicant: WPS:  * RF Bands (3)
06-29 13:34:38.398 13053 13053 D wpa_supplicant: WPS:  * Association State
06-29 13:34:38.398 13053 13053 D wpa_supplicant: WPS:  * Configuration Error (0)
06-29 13:34:38.398 13053 13053 D wpa_supplicant: WPS:  * Device Password ID (0)
06-29 13:34:38.398 13053 13053 D wpa_supplicant: WPS:  * Manufacturer
06-29 13:34:38.398 13053 13053 D wpa_supplicant: WPS:  * Model Name
06-29 13:34:38.398 13053 13053 D wpa_supplicant: WPS:  * Model Number
06-29 13:34:38.398 13053 13053 D wpa_supplicant: WPS:  * Device Name
06-29 13:34:38.398 13053 13053 D wpa_supplicant: WPS:  * Version2 (0x20)
06-29 13:34:38.398 13053 13053 D wpa_supplicant: wpa_driver_wext_combo_scan: Start
06-29 13:34:38.398 13053 13053 D wpa_supplicant: For Scan: (null)
06-29 13:34:38.406 13053 13053 D wpa_supplicant: Scan requested (ret=0) - scan timeout 30 seconds
06-29 13:34:38.492 15767 15767 D WeatherGadgetService: WeatherGadetService.getWeatherData:Buffalo, NY (14228), **FOLLOW_ME**
06-29 13:34:38.539 15767 15767 D DAL     : buildRecoveredMap putting:22349858-AGG-http+wxdata+weather+com+wxdata+mobile+mobagg+14228+js+locale+en_US+key+e88d42ec-a740-102c-bafd-001321203584
06-29 13:34:38.558 15767 15767 D DAL     : buildRecoveredMap putting:22349858-DISCRETE_CC-Buffalo+NY+(14228)
06-29 13:34:38.566 15767 15767 D DAL     : WeatherDataConnection request:Buffalo, NY (14228), CC
06-29 13:34:38.578 15767 15767 D DAL     : buildRecoveredMap putting:22349858-DISCRETE_WA-Buffalo+NY+(14228)
06-29 13:34:38.589 15767 15767 D DAL     : WeatherDataConnection request:Buffalo, NY (14228), WA
06-29 13:34:38.593 15767 15802 D DAL     : FILE MEMCACHE-MISS:Buffalo, NY (14228)
06-29 13:34:38.593 15767 15802 D DAL     : FILE-HIT:/mnt/sdcard/Android/data/com.weather.Weather/files/22349858-DISCRETE_CC-Buffalo+NY+(14228), currentTimeMillis: 1340991278595
06-29 13:34:38.597 15767 15803 D DAL     : FILE MEMCACHE-MISS:Buffalo, NY (14228)
06-29 13:34:38.601 15767 15803 D DAL     : FILE-HIT:/mnt/sdcard/Android/data/com.weather.Weather/files/22349858-DISCRETE_WA-Buffalo+NY+(14228), currentTimeMillis: 1340991278603
06-29 13:34:38.621 15767 15804 I ControllerImpl: GET:http://wxdata.weather.com/wxdata/loc/get.js?lat=43.0006636&lng=-78.7866961&locale=en_US&key=e88d42ec-a740-102c-bafd-001321203584
06-29 13:34:38.621 15767 15804 I DAL     : GET:http://wxdata.weather.com/wxdata/loc/get.js?lat=43.0006636&lng=-78.7866961&locale=en_US&key=e88d42ec-a740-102c-bafd-001321203584
06-29 13:34:38.718 15018 15018 E Web Console: Unsafe JavaScript attempt to access frame with URL http://www.thevaultermag.com/ from frame with URL http://www.youtube.com/embed/Kyw15W7ZAy8. Domains, protocols and ports must match.
06-29 13:34:38.718 15018 15018 E Web Console:  at null:1
06-29 13:34:39.046 15018 15018 W webview : Got ACTION_DOWN but still waiting on stale event. Catching up.
06-29 13:34:39.195 13053 13053 D wpa_supplicant: wpa_driver_wext_driver_cmd RSSI len = 248
06-29 13:34:39.195 13053 13053 D wpa_supplicant: wpa_driver_wext_driver_cmd UB_Secure rssi -55  len = 19, 19
06-29 13:34:39.195 13053 13053 D wpa_supplicant: wpa_driver_wext_driver_cmd LINKSPEED len = 248
06-29 13:34:39.195 13053 13053 D wpa_supplicant: wpa_driver_wext_driver_cmd LinkSpeed 54 len = 12, 12
06-29 13:34:39.632 13053 13053 D wpa_supplicant: RTM_NEWLINK: operstate=1 ifi_flags=0x11043 ([UP][RUNNING][LOWER_UP])
06-29 13:34:39.632 13053 13053 D wpa_supplicant: RTM_NEWLINK, IFLA_IFNAME: Interface 'wlan0' added
06-29 13:34:39.632 13053 13053 D wpa_supplicant: Wireless event: cmd=0x8b19 len=8
06-29 13:34:39.632 13053 13053 D wpa_supplicant: Received 2949 bytes of scan results (16 BSSes)
06-29 13:34:40.562 15018 15018 E Web Console: Unsafe JavaScript attempt to access frame with URL http://www.thevaultermag.com/ from frame with URL http://www.youtube.com/embed/XM21bbQfawY. Domains, protocols and ports must match.
06-29 13:34:40.562 15018 15018 E Web Console:  at null:1
06-29 13:34:40.679 15018 15018 E Web Console: Unsafe JavaScript attempt to access frame with URL http://www.thevaultermag.com/ from frame with URL http://www.youtube.com/embed/ZxozDexnnEw. Domains, protocols and ports must match.
06-29 13:34:40.679 15018 15018 E Web Console:  at null:1
06-29 13:34:40.761 15018 15018 E Web Console: Unsafe JavaScript attempt to access frame with URL http://www.thevaultermag.com/ from frame with URL http://www.youtube.com/embed/ZxozDexnnEw. Domains, protocols and ports must match.
06-29 13:34:40.761 15018 15018 E Web Console:  at null:1
06-29 13:34:40.820 15018 15018 E Web Console: Unsafe JavaScript attempt to access frame with URL http://www.thevaultermag.com/ from frame with URL http://www.youtube.com/embed/Ngddv5e6uk0. Domains, protocols and ports must match.
06-29 13:34:40.820 15018 15018 E Web Console:  at null:1
06-29 13:34:40.875 15018 15018 E Web Console: Unsafe JavaScript attempt to access frame with URL http://www.thevaultermag.com/ from frame with URL http://www.youtube.com/embed/U-lcl5rEjog. Domains, protocols and ports must match.
06-29 13:34:40.875 15018 15018 E Web Console:  at null:1
06-29 13:34:40.933 15018 15018 E Web Console: Unsafe JavaScript attempt to access frame with URL http://www.thevaultermag.com/ from frame with URL http://www.youtube.com/embed/b7s1ykYnZeM. Domains, protocols and ports must match.
06-29 13:34:40.933 15018 15018 E Web Console:  at null:1
06-29 13:34:40.953 15767 15767 D WeatherGadgetService: WeatherGadetService.getWeatherData:Buffalo, NY (14228), **FOLLOW_ME**
06-29 13:34:40.976 15767 15767 D DAL     : WeatherDataConnection request:Buffalo, NY (14228), CC
06-29 13:34:40.984 15767 15767 D DAL     : WeatherDataConnection request:Buffalo, NY (14228), WA
06-29 13:34:40.992 15018 15018 E Web Console: Unsafe JavaScript attempt to access frame with URL http://www.thevaultermag.com/ from frame with URL http://www.youtube.com/embed/XQLyqEMs5N8. Domains, protocols and ports must match.
06-29 13:34:40.992 15018 15018 E Web Console:  at null:1
06-29 13:34:41.050 15018 15018 E Web Console: Unsafe JavaScript attempt to access frame with URL http://www.thevaultermag.com/ from frame with URL http://www.youtube.com/embed/Kyw15W7ZAy8. Domains, protocols and ports must match.
06-29 13:34:41.050 15018 15018 E Web Console:  at null:1
06-29 13:34:41.109 15018 15018 E Web Console: Unsafe JavaScript attempt to access frame with URL http://www.thevaultermag.com/ from frame with URL http://www.youtube.com/embed/XM21bbQfawY. Domains, protocols and ports must match.
06-29 13:34:41.109 15018 15018 E Web Console:  at null:1
06-29 13:34:41.168 15018 15018 E Web Console: Unsafe JavaScript attempt to access frame with URL http://www.thevaultermag.com/ from frame with URL http://www.youtube.com/embed/ZxozDexnnEw. Domains, protocols and ports must match.
06-29 13:34:41.168 15018 15018 E Web Console:  at null:1
06-29 13:34:41.226 15018 15018 E Web Console: Unsafe JavaScript attempt to access frame with URL http://www.thevaultermag.com/ from frame with URL http://www.youtube.com/embed/Kyw15W7ZAy8. Domains, protocols and ports must match.
06-29 13:34:41.226 15018 15018 E Web Console:  at null:1
06-29 13:34:41.285 15018 15018 E Web Console: Unsafe JavaScript attempt to access frame with URL http://www.thevaultermag.com/ from frame with URL http://www.youtube.com/embed/XM21bbQfawY. Domains, protocols and ports must match.
06-29 13:34:41.285 15018 15018 E Web Console:  at null:1
06-29 13:34:41.343 15018 15018 E Web Console: Unsafe JavaScript attempt to access frame with URL http://www.thevaultermag.com/ from frame with URL http://www.youtube.com/embed/ZxozDexnnEw. Domains, protocols and ports must match.
06-29 13:34:41.343 15018 15018 E Web Console:  at null:1
06-29 13:34:41.402 15018 15018 E Web Console: Unsafe JavaScript attempt to access frame with URL http://www.thevaultermag.com/ from frame with URL http://www.youtube.com/embed/QSRXCVfJAOE. Domains, protocols and ports must match.
06-29 13:34:41.402 15018 15018 E Web Console:  at null:1
06-29 13:34:42.199 13053 13053 D wpa_supplicant: wpa_driver_wext_driver_cmd RSSI len = 248
06-29 13:34:42.207 13053 13053 D wpa_supplicant: wpa_driver_wext_driver_cmd UB_Secure rssi -56  len = 19, 19
06-29 13:34:42.207 13053 13053 D wpa_supplicant: wpa_driver_wext_driver_cmd LINKSPEED len = 248
06-29 13:34:42.207 13053 13053 D wpa_supplicant: wpa_driver_wext_driver_cmd LinkSpeed 54 len = 12, 12
06-29 13:34:42.863 15767 15768 D dalvikvm: GC_CONCURRENT freed 351K, 5% free 9638K/10119K, paused 46ms+69ms
06-29 13:34:42.957   151   168 I ActivityManager: Start proc com.google.android.apps.maps for service com.google.android.apps.maps/com.google.googlenav.prefetch.android.PrefetcherService: pid=15812 uid=10069 gids={3003, 1015}
06-29 13:34:43.421 15812 15815 D dalvikvm: GC_CONCURRENT freed 171K, 3% free 9365K/9607K, paused 3ms+5ms
06-29 13:34:43.531 13053 13053 D wpa_supplicant: wpa_driver_wext_driver_cmd SETSUSPENDOPT 0 len = 4096
06-29 13:34:43.531 13053 13053 D wpa_supplicant: wpa_driver_wext_driver_cmd SETSUSPENDOPT 0 len = 0, 15
06-29 13:34:43.535 13053 13053 D wpa_supplicant: wpa_driver_wext_driver_cmd POWERMODE 0 len = 4096
06-29 13:34:43.543 13053 13053 D wpa_supplicant: wpa_driver_wext_driver_cmd OK len = 0, 2
06-29 13:34:43.566 13053 13053 D wpa_supplicant: RTM_NEWLINK: operstate=1 ifi_flags=0x11043 ([UP][RUNNING][LOWER_UP])
06-29 13:34:43.566 13053 13053 D wpa_supplicant: RTM_NEWLINK, IFLA_IFNAME: Interface 'wlan0' added
06-29 13:34:43.566 13053 13053 D wpa_supplicant: Wireless event: cmd=0x8c00 len=20
06-29 13:34:43.754 15812 15812 I ActivityThread: Pub com.google.android.maps.SearchHistoryProvider: com.google.googlenav.provider.SearchHistoryProvider
06-29 13:34:43.769 15812 15812 I ActivityThread: Pub com.google.android.maps.SuggestionProvider: com.google.googlenav.suggest.android.SuggestContentProvider
06-29 13:34:43.886 15812 15812 I ActivityThread: Pub com.google.android.maps.LayerInfoProvider: com.google.googlenav.layer.LayerInfoProvider
06-29 13:34:43.902 15812 15812 I ActivityThread: Pub com.google.android.maps.TrafficAppWidgetProvider: com.google.googlenav.appwidget.traffic.TrafficAppWidgetProvider
06-29 13:34:43.902 15812 15812 I ActivityThread: Pub com.google.android.maps.LocalActivePlacesProvider: com.google.googlenav.provider.LocalActivePlacesProvider
06-29 13:34:43.902 15812 15812 I ActivityThread: Pub com.google.android.maps.StarredItemProvider: com.google.googlenav.provider.StarredItemProvider
06-29 13:34:43.945 15018 15018 E Web Console: Unsafe JavaScript attempt to access frame with URL http://www.thevaultermag.com/ from frame with URL http://player.vimeo.com/video/44010658. Domains, protocols and ports must match.
06-29 13:34:43.945 15018 15018 E Web Console:  at null:1
06-29 13:34:43.988 14117 14119 D dalvikvm: GC_CONCURRENT freed 485K, 7% free 9948K/10631K, paused 114ms+9ms
06-29 13:34:44.074 15812 15815 D dalvikvm: GC_CONCURRENT freed 178K, 3% free 9671K/9927K, paused 2ms+3ms
06-29 13:34:44.132 15018 15018 E Web Console: Unsafe JavaScript attempt to access frame with URL http://www.thevaultermag.com/ from frame with URL http://player.vimeo.com/video/44010658. Domains, protocols and ports must match.
06-29 13:34:44.132 15018 15018 E Web Console:  at null:1
06-29 13:34:44.316 15018 15233 W webcoreglue: updateFrameCache: pending style recalc, ignoring.
06-29 13:34:44.695 13053 13053 D wpa_supplicant: RTM_NEWLINK: operstate=1 ifi_flags=0x11043 ([UP][RUNNING][LOWER_UP])
06-29 13:34:44.695 13053 13053 D wpa_supplicant: RTM_NEWLINK, IFLA_IFNAME: Interface 'wlan0' added
06-29 13:34:44.695 13053 13053 D wpa_supplicant: Wireless event: cmd=0x8c00 len=20
06-29 13:34:44.718 15812 15812 I ActivityThread: Pub com.google.android.maps.LocalSuggestionProvider: com.google.googlenav.provider.LocalSuggestionProvider
06-29 13:34:44.722 15812 15812 I ActivityThread: Pub com.google.android.maps.NavigationAvailabilityProvider: com.google.googlenav.provider.NavigationAvailabilityProvider
06-29 13:34:44.820 15812 15815 D dalvikvm: GC_CONCURRENT freed 262K, 4% free 9922K/10311K, paused 2ms+3ms
06-29 13:34:44.902 13053 13053 D wpa_supplicant: RTM_NEWLINK: operstate=1 ifi_flags=0x11043 ([UP][RUNNING][LOWER_UP])
06-29 13:34:44.902 13053 13053 D wpa_supplicant: RTM_NEWLINK, IFLA_IFNAME: Interface 'wlan0' added
06-29 13:34:44.902 13053 13053 D wpa_supplicant: Wireless event: cmd=0x8c00 len=20
06-29 13:34:45.035 15812 15827 D dalvikvm: GC_FOR_ALLOC freed 77K, 4% free 10159K/10567K, paused 91ms
06-29 13:34:45.035 15812 15827 I dalvikvm-heap: Grow heap (frag case) to 10.185MB for 204816-byte allocation
06-29 13:34:45.105 15812 15829 D dalvikvm: GC_FOR_ALLOC freed <1K, 5% free 10358K/10823K, paused 49ms
06-29 13:34:45.140 15018 15018 E Web Console: Unsafe JavaScript attempt to access frame with URL http://www.thevaultermag.com/ from frame with URL http://player.vimeo.com/video/44021127. Domains, protocols and ports must match.
06-29 13:34:45.140 15018 15018 E Web Console:  at null:1
06-29 13:34:45.211 13053 13053 D wpa_supplicant: wpa_driver_wext_driver_cmd RSSI len = 248
06-29 13:34:45.211 13053 13053 D wpa_supplicant: wpa_driver_wext_driver_cmd UB_Secure rssi -55  len = 19, 19
06-29 13:34:45.211 13053 13053 D wpa_supplicant: wpa_driver_wext_driver_cmd LINKSPEED len = 248
06-29 13:34:45.211 13053 13053 D wpa_supplicant: wpa_driver_wext_driver_cmd LinkSpeed 54 len = 12, 12
06-29 13:34:45.324 15812 15837 D dalvikvm: GC_FOR_ALLOC freed 134K, 4% free 10442K/10823K, paused 91ms
06-29 13:34:45.386   151  1215 I ActivityManager: Process twc.provider (pid 15782) has died.
06-29 13:34:45.425 15812 15838 D dalvikvm: GC_FOR_ALLOC freed 43K, 4% free 10660K/11079K, paused 78ms
06-29 13:34:45.511 15018 15018 E Web Console: Unsafe JavaScript attempt to access frame with URL http://www.thevaultermag.com/ from frame with URL http://player.vimeo.com/video/44021127. Domains, protocols and ports must match.
06-29 13:34:45.511 15018 15018 E Web Console:  at null:1
06-29 13:34:45.636 13053 13053 D wpa_supplicant: RTM_NEWLINK: operstate=1 ifi_flags=0x11043 ([UP][RUNNING][LOWER_UP])
06-29 13:34:45.636 13053 13053 D wpa_supplicant: RTM_NEWLINK, IFLA_IFNAME: Interface 'wlan0' added
06-29 13:34:45.636 13053 13053 D wpa_supplicant: Wireless event: cmd=0x8c00 len=20
06-29 13:34:45.910 15018 15018 E Web Console: Unsafe JavaScript attempt to access frame with URL http://www.thevaultermag.com/ from frame with URL http://player.vimeo.com/video/44010658. Domains, protocols and ports must match.
06-29 13:34:45.910 15018 15018 E Web Console:  at null:1
06-29 13:34:46.031   151  1216 I ActivityManager: Process com.facebook.katana (pid 15710) has died.
06-29 13:34:46.031   151  1216 W ActivityManager: Scheduling restart of crashed service com.facebook.katana/com.facebook.orca.server.OrcaService in 135744ms
06-29 13:34:46.031   151  1216 W ActivityManager: Scheduling restart of crashed service com.facebook.katana/.service.MediaUploadService in 52622ms
06-29 13:34:46.039 15018 15018 E Web Console: Unsafe JavaScript attempt to access frame with URL http://www.thevaultermag.com/ from frame with URL http://player.vimeo.com/video/44010658. Domains, protocols and ports must match.
06-29 13:34:46.039 15018 15018 E Web Console:  at null:1
06-29 13:34:46.511 15018 15018 E Web Console: Unsafe JavaScript attempt to access frame with URL http://www.thevaultermag.com/ from frame with URL http://player.vimeo.com/video/44021127. Domains, protocols and ports must match.
06-29 13:34:46.511 15018 15018 E Web Console:  at null:1
06-29 13:34:46.597 15018 15018 E Web Console: Unsafe JavaScript attempt to access frame with URL http://www.thevaultermag.com/ from frame with URL http://player.vimeo.com/video/44021127. Domains, protocols and ports must match.
06-29 13:34:46.597 15018 15018 E Web Console:  at null:1
06-29 13:34:47.031 13053 13053 D wpa_supplicant: RTM_NEWLINK: operstate=1 ifi_flags=0x11043 ([UP][RUNNING][LOWER_UP])
06-29 13:34:47.031 13053 13053 D wpa_supplicant: RTM_NEWLINK, IFLA_IFNAME: Interface 'wlan0' added
06-29 13:34:47.031 13053 13053 D wpa_supplicant: Wireless event: cmd=0x8c00 len=20
06-29 13:34:47.535   151   705 I ActivityManager: Process twc.weatherController (pid 15767) has died.
06-29 13:34:47.535   151   705 W ActivityManager: Scheduling restart of crashed service com.weather.Weather/.widgets.WeatherGadgetService in 61119ms
06-29 13:34:47.843 15018 15018 I Web Console: Received message of type object from https://s-static.ak.facebook.com, expected a string at http://connect.facebook.net/en_US/all.js:44
06-29 13:34:47.867 13053 13053 D wpa_supplicant: RTM_NEWLINK: operstate=1 ifi_flags=0x11043 ([UP][RUNNING][LOWER_UP])
06-29 13:34:47.867 13053 13053 D wpa_supplicant: RTM_NEWLINK, IFLA_IFNAME: Interface 'wlan0' added
06-29 13:34:47.867 13053 13053 D wpa_supplicant: Wireless event: cmd=0x8c00 len=20
06-29 13:34:48.214 13053 13053 D wpa_supplicant: wpa_driver_wext_driver_cmd RSSI len = 248
06-29 13:34:48.218 13053 13053 D wpa_supplicant: wpa_driver_wext_driver_cmd UB_Secure rssi -56  len = 19, 19
06-29 13:34:48.218 13053 13053 D wpa_supplicant: wpa_driver_wext_driver_cmd LINKSPEED len = 248
06-29 13:34:48.218 13053 13053 D wpa_supplicant: wpa_driver_wext_driver_cmd LinkSpeed 54 len = 12, 12
06-29 13:34:50.269 13053 13053 D wpa_supplicant: RTM_NEWLINK: operstate=1 ifi_flags=0x11043 ([UP][RUNNING][LOWER_UP])
06-29 13:34:50.269 13053 13053 D wpa_supplicant: RTM_NEWLINK, IFLA_IFNAME: Interface 'wlan0' added
06-29 13:34:50.269 13053 13053 D wpa_supplicant: Wireless event: cmd=0x8c00 len=20
06-29 13:34:50.386 15018 15018 E Web Console: Unsafe JavaScript attempt to access frame with URL http://www.thevaultermag.com/ from frame with URL http://player.vimeo.com/video/44010658. Domains, protocols and ports must match.
06-29 13:34:50.386 15018 15018 E Web Console:  at null:1
06-29 13:34:50.453 15018 15018 E Web Console: Unsafe JavaScript attempt to access frame with URL http://www.thevaultermag.com/ from frame with URL http://player.vimeo.com/video/44010658. Domains, protocols and ports must match.
06-29 13:34:50.453 15018 15018 E Web Console:  at null:1
06-29 13:34:51.242 13053 13053 D wpa_supplicant: wpa_driver_wext_driver_cmd RSSI len = 248
06-29 13:34:51.242 13053 13053 D wpa_supplicant: wpa_driver_wext_driver_cmd UB_Secure rssi -58  len = 19, 19
06-29 13:34:51.242 13053 13053 D wpa_supplicant: wpa_driver_wext_driver_cmd LINKSPEED len = 248
06-29 13:34:51.242 13053 13053 D wpa_supplicant: wpa_driver_wext_driver_cmd LinkSpeed 54 len = 12, 12
06-29 13:34:53.179   151   168 I ActivityManager: Start proc com.jim2 for service com.jim2/.UpdateService: pid=15849 uid=10076 gids={3002, 3001, 1006, 1015}
06-29 13:34:53.179   151  1217 I ActivityManager: Process com.zehro.android.clockr (pid 15695) has died.
06-29 13:34:53.179   151  1217 W ActivityManager: Scheduling restart of crashed service com.zehro.android.clockr/.ClockrUpdateService in 65473ms
06-29 13:34:53.269 15849 15849 I dalvikvm: Turning on JNI app bug workarounds for target SDK version 11...
06-29 13:34:53.343    80    80 D dalvikvm: GC_EXPLICIT freed 37K, 4% free 9031K/9347K, paused 4ms+28ms
06-29 13:34:53.543    80    80 D dalvikvm: GC_EXPLICIT freed <1K, 4% free 9031K/9347K, paused 13ms+28ms
06-29 13:34:53.652 15849 15849 I ActivityThread: Pub com.jim2.docksProvider: com.jim2.docksProvider
06-29 13:34:53.734    80    80 D dalvikvm: GC_EXPLICIT freed <1K, 4% free 9031K/9347K, paused 3ms+7ms
06-29 13:34:53.890 15849 15851 D dalvikvm: GC_CONCURRENT freed 239K, 4% free 9297K/9607K, paused 18ms+7ms
06-29 13:34:53.937 15018 15233 W webcoreglue: updateFrameCache: pending style recalc, ignoring.
06-29 13:34:54.246 13053 13053 D wpa_supplicant: wpa_driver_wext_driver_cmd RSSI len = 248
06-29 13:34:54.254 13053 13053 D wpa_supplicant: wpa_driver_wext_driver_cmd UB_Secure rssi -57  len = 19, 19
06-29 13:34:54.254 13053 13053 D wpa_supplicant: wpa_driver_wext_driver_cmd LINKSPEED len = 248
06-29 13:34:54.254 13053 13053 D wpa_supplicant: wpa_driver_wext_driver_cmd LinkSpeed 54 len = 12, 12
06-29 13:34:55.679   151   295 I ActivityManager: Process com.google.android.apps.maps (pid 15812) has died.
06-29 13:34:55.679   151   295 W ActivityManager: Scheduling restart of crashed service com.google.android.apps.maps/com.google.googlenav.prefetch.android.PrefetcherService in 72975ms
06-29 13:34:55.988   151   151 I ActivityManager: Process com.google.android.apps.maps:NetworkLocationService (pid 14704) has died.
06-29 13:34:56.011   151   151 W ActivityManager: Scheduling restart of crashed service com.google.android.apps.maps/com.google.android.location.internal.server.NetworkLocationService in 82662ms
06-29 13:34:56.203   151   700 I ActivityManager: Process com.jim2 (pid 15849) has died.
06-29 13:34:56.203   151   700 W ActivityManager: Scheduling restart of crashed service com.jim2/.UpdateService in 92472ms
