06-29 14:00:17.000 16920 16920 D DAL     : lrb android.intent.action.SCREEN_OFF
06-29 14:00:17.023   151   197 V TransportControlView: Create TCV com.android.internal.widget.TransportControlView@414a7fa0
06-29 14:00:17.050   327   327 D PhoneStatusBar: disable: < EXPAND* icons alerts TICKER* system_info back home RECENT* clock >
06-29 14:00:17.074   327   327 D PhoneStatusBar: disable: < EXPAND icons alerts TICKER system_info BACK* HOME* RECENT CLOCK* >
06-29 14:00:17.117  2416  2824 D NfcService: NFC-C OFF, disconnect
06-29 14:00:44.050 13053 13053 D wpa_supplicant: wpa_driver_wext_driver_cmd SETSUSPENDOPT 0 len = 4096
06-29 14:00:44.050 13053 13053 D wpa_supplicant: wpa_driver_wext_driver_cmd SETSUSPENDOPT 0 len = 0, 15
06-29 14:00:44.050 13053 13053 D wpa_supplicant: wpa_driver_wext_driver_cmd POWERMODE 0 len = 4096
06-29 14:00:44.058 13053 13053 D wpa_supplicant: wpa_driver_wext_driver_cmd OK len = 0, 2
06-29 14:00:45.234 16615 16618 D dalvikvm: GC_CONCURRENT freed 392K, 5% free 10488K/11015K, paused 46ms+13ms
06-29 14:00:45.867 13053 13053 D wpa_supplicant: wpa_driver_wext_driver_cmd SETSUSPENDOPT 0 len = 4096
06-29 14:00:45.871 13053 13053 D wpa_supplicant: wpa_driver_wext_driver_cmd SETSUSPENDOPT 0 len = 0, 15
06-29 14:00:45.871 13053 13053 D wpa_supplicant: wpa_driver_wext_driver_cmd POWERMODE 0 len = 4096
06-29 14:00:45.890 13053 13053 D wpa_supplicant: wpa_driver_wext_driver_cmd OK len = 0, 2
06-29 14:03:29.203   151   167 V BackupManagerService: Running a backup pass
06-29 14:03:29.207   151   268 V BackupManagerService: clearing pending backups
06-29 14:03:29.207   151   268 V PerformBackupTask: Beginning backup of 1 targets
06-29 14:03:29.316   151   268 D PerformBackupTask: processOneBackup doBackup() on @pm@
06-29 14:03:29.320   151   268 V BackupServiceBinder: doBackup() invoked
06-29 14:03:29.328   151   268 I PerformBackupTask: no backup data written; not calling transport
06-29 14:03:29.328   151   268 D PerformBackupTask: starting agent for backup of BackupRequest{pkg=com.android.providers.settings}
06-29 14:03:29.328   151   167 V ActivityThread: handleCreateBackupAgent: CreateBackupAgentData{appInfo=ApplicationInfo{416d8ea0 com.android.providers.settings} backupAgent=com.android.providers.settings.SettingsBackupAgent mode=0}
06-29 14:03:29.328   151   167 V ActivityThread: Initializing agent class com.android.providers.settings.SettingsBackupAgent
06-29 14:03:29.332   151   167 D SettingsBackupAgent: onCreate() invoked
06-29 14:03:29.332   151   268 D BackupManagerService: awaiting agent for ApplicationInfo{416d8ea0 com.android.providers.settings}
06-29 14:03:29.336   151   167 D BackupManagerService: agentConnected pkg=com.android.providers.settings agent=android.app.backup.BackupAgent$BackupServiceBinder@41e09488
06-29 14:03:29.336   151   268 D PerformBackupTask: processOneBackup doBackup() on com.android.providers.settings
06-29 14:03:29.339   151   268 V BackupServiceBinder: doBackup() invoked
06-29 14:03:29.468   151   153 D dalvikvm: GC_CONCURRENT freed 1736K, 35% free 18245K/27847K, paused 8ms+7ms
06-29 14:03:29.515   151   268 V LocalTransport: performBackup() pkg=com.android.providers.settings
06-29 14:03:29.515   151   167 V ActivityThread: handleDestroyBackupAgent: CreateBackupAgentData{appInfo=ApplicationInfo{416d8ea0 com.android.providers.settings} backupAgent=com.android.providers.settings.SettingsBackupAgent mode=0}
06-29 14:03:29.519   151   268 V LocalTransport: Got change set key=system size=981 key64=c3lzdGVt
06-29 14:03:29.523   151   268 V LocalTransport:   data size 981
06-29 14:03:29.523   151   268 V LocalTransport: finishBackup()
06-29 14:03:29.527   151   268 I PerformBackupTask: Backup pass finished.
06-29 14:03:29.836 16816 16829 I PhoneLab-: Service Running
06-29 14:03:29.918 16816 16829 I PhoneLab-LoggerService: app_38    1593  1     1064   612   c00f181c 400107b4 S logcat
06-29 14:03:29.918 16816 16829 I PhoneLab-LoggerService: Logcat pid from database 1593
06-29 14:03:29.918 16816 16829 I PhoneLab-LoggerService: Logcat process found 1593
06-29 14:03:29.918 16816 16829 I PhoneLab-LoggerService: Checking Threshold
06-29 14:03:29.921 16816 16829 I PhoneLab-LoggerService: Starting to rename files
06-29 14:03:29.921 16816 16829 I PhoneLab-LoggerService: Files found .. 4
06-29 14:03:29.921 16816 16829 I PhoneLab-: Service Running
06-29 14:03:29.972 16816 16829 I PhoneLab-LoggerService: app_38    1593  1     1064   612   c00f181c 400107b4 S logcat
06-29 14:03:29.972 16816 16829 I PhoneLab-LoggerService: Logcat pid from database 1593
06-29 14:03:29.972 16816 16829 I PhoneLab-LoggerService: Logcat process found 1593
06-29 14:03:29.972 16816 16829 I PhoneLab-LoggerService: Checking Threshold
06-29 14:03:29.972 16816 16829 I PhoneLab-LoggerService: Starting to rename files
06-29 14:03:29.972 16816 16829 I PhoneLab-LoggerService: Files found .. 4
06-29 14:05:07.035 14117 14135 D androidNetworkLocationListeners: Still have listener com.google.android.location.internal.client.NetworkLocationClient$1@41385d30
06-29 14:05:07.039 13053 13053 D wpa_supplicant: wpa_driver_wext_driver_cmd SETSUSPENDOPT 0 len = 4096
06-29 14:05:07.039 13053 13053 D wpa_supplicant: wpa_driver_wext_driver_cmd SETSUSPENDOPT 0 len = 0, 15
06-29 14:05:07.039 13053 13053 D wpa_supplicant: wpa_driver_wext_driver_cmd POWERMODE 0 len = 4096
06-29 14:05:07.043 13053 13053 D wpa_supplicant: wpa_driver_wext_driver_cmd OK len = 0, 2
06-29 14:05:07.047 13053 13053 D wpa_supplicant: WPS: Building WPS IE for Probe Request
06-29 14:05:07.047 13053 13053 D wpa_supplicant: WPS:  * Version (hardcoded 0x10)
06-29 14:05:07.047 13053 13053 D wpa_supplicant: WPS:  * Request Type
06-29 14:05:07.047 13053 13053 D wpa_supplicant: WPS:  * Config Methods (2388)
06-29 14:05:07.047 13053 13053 D wpa_supplicant: WPS:  * UUID-E
06-29 14:05:07.047 13053 13053 D wpa_supplicant: WPS:  * Primary Device Type
06-29 14:05:07.047 13053 13053 D wpa_supplicant: WPS:  * RF Bands (3)
06-29 14:05:07.047 13053 13053 D wpa_supplicant: WPS:  * Association State
06-29 14:05:07.047 13053 13053 D wpa_supplicant: WPS:  * Configuration Error (0)
06-29 14:05:07.047 13053 13053 D wpa_supplicant: WPS:  * Device Password ID (0)
06-29 14:05:07.047 13053 13053 D wpa_supplicant: WPS:  * Manufacturer
06-29 14:05:07.047 13053 13053 D wpa_supplicant: WPS:  * Model Name
06-29 14:05:07.047 13053 13053 D wpa_supplicant: WPS:  * Model Number
06-29 14:05:07.047 13053 13053 D wpa_supplicant: WPS:  * Device Name
06-29 14:05:07.047 13053 13053 D wpa_supplicant: WPS:  * Version2 (0x20)
06-29 14:05:07.047 13053 13053 D wpa_supplicant: wpa_driver_wext_combo_scan: Start
06-29 14:05:07.047 13053 13053 D wpa_supplicant: For Scan: (null)
06-29 14:05:07.047 13053 13053 D wpa_supplicant: Scan requested (ret=0) - scan timeout 30 seconds
06-29 14:05:07.050 14117 14135 D androidNetworkLocationListeners: Still have listener com.google.android.location.internal.client.NetworkLocationClient$1@41385d30
06-29 14:05:07.054 13053 13053 D wpa_supplicant: Ongoing scan action - reject new request
06-29 14:05:08.226 13053 13053 D wpa_supplicant: RTM_NEWLINK: operstate=1 ifi_flags=0x11043 ([UP][RUNNING][LOWER_UP])
06-29 14:05:08.226 13053 13053 D wpa_supplicant: RTM_NEWLINK, IFLA_IFNAME: Interface 'wlan0' added
06-29 14:05:08.226 13053 13053 D wpa_supplicant: Wireless event: cmd=0x8b19 len=8
06-29 14:05:08.226 13053 13053 D wpa_supplicant: Received 2759 bytes of scan results (15 BSSes)
06-29 14:05:08.355 13053 13053 D wpa_supplicant: wpa_driver_wext_driver_cmd SETSUSPENDOPT 0 len = 4096
06-29 14:05:08.355 13053 13053 D wpa_supplicant: wpa_driver_wext_driver_cmd SETSUSPENDOPT 0 len = 0, 15
06-29 14:05:08.355 13053 13053 D wpa_supplicant: wpa_driver_wext_driver_cmd POWERMODE 0 len = 4096
06-29 14:05:08.367 13053 13053 D wpa_supplicant: wpa_driver_wext_driver_cmd OK len = 0, 2
06-29 14:05:52.105 13053 13053 D wpa_supplicant: wpa_driver_wext_driver_cmd SETSUSPENDOPT 0 len = 4096
06-29 14:05:52.105 13053 13053 D wpa_supplicant: wpa_driver_wext_driver_cmd SETSUSPENDOPT 0 len = 0, 15
06-29 14:05:52.105 13053 13053 D wpa_supplicant: wpa_driver_wext_driver_cmd POWERMODE 0 len = 4096
06-29 14:05:52.117 13053 13053 D wpa_supplicant: wpa_driver_wext_driver_cmd OK len = 0, 2
06-29 14:05:52.117 13053 13053 D wpa_supplicant: WPS: Building WPS IE for Probe Request
06-29 14:05:52.117 13053 13053 D wpa_supplicant: WPS:  * Version (hardcoded 0x10)
06-29 14:05:52.117 13053 13053 D wpa_supplicant: WPS:  * Request Type
06-29 14:05:52.117 13053 13053 D wpa_supplicant: WPS:  * Config Methods (2388)
06-29 14:05:52.117 13053 13053 D wpa_supplicant: WPS:  * UUID-E
06-29 14:05:52.117 13053 13053 D wpa_supplicant: WPS:  * Primary Device Type
06-29 14:05:52.117 13053 13053 D wpa_supplicant: WPS:  * RF Bands (3)
06-29 14:05:52.117 13053 13053 D wpa_supplicant: WPS:  * Association State
06-29 14:05:52.117 13053 13053 D wpa_supplicant: WPS:  * Configuration Error (0)
06-29 14:05:52.117 13053 13053 D wpa_supplicant: WPS:  * Device Password ID (0)
06-29 14:05:52.117 13053 13053 D wpa_supplicant: WPS:  * Manufacturer
06-29 14:05:52.117 13053 13053 D wpa_supplicant: WPS:  * Model Name
06-29 14:05:52.117 13053 13053 D wpa_supplicant: WPS:  * Model Number
06-29 14:05:52.117 13053 13053 D wpa_supplicant: WPS:  * Device Name
06-29 14:05:52.117 13053 13053 D wpa_supplicant: WPS:  * Version2 (0x20)
06-29 14:05:52.117 13053 13053 D wpa_supplicant: wpa_driver_wext_combo_scan: Start
06-29 14:05:52.117 13053 13053 D wpa_supplicant: For Scan: (null)
06-29 14:05:52.121 13053 13053 D wpa_supplicant: Scan requested (ret=0) - scan timeout 30 seconds
06-29 14:05:53.312 13053 13053 D wpa_supplicant: RTM_NEWLINK: operstate=1 ifi_flags=0x11043 ([UP][RUNNING][LOWER_UP])
06-29 14:05:53.320 13053 13053 D wpa_supplicant: RTM_NEWLINK, IFLA_IFNAME: Interface 'wlan0' added
06-29 14:05:53.320 13053 13053 D wpa_supplicant: Wireless event: cmd=0x8b19 len=8
06-29 14:05:53.324 13053 13053 D wpa_supplicant: Received 3271 bytes of scan results (18 BSSes)
06-29 14:05:53.515 14117 14119 D dalvikvm: GC_CONCURRENT freed 512K, 7% free 9961K/10695K, paused 2ms+3ms
06-29 14:05:53.523 13053 13053 D wpa_supplicant: wpa_driver_wext_driver_cmd SETSUSPENDOPT 0 len = 4096
06-29 14:05:53.523 13053 13053 D wpa_supplicant: wpa_driver_wext_driver_cmd SETSUSPENDOPT 0 len = 0, 15
06-29 14:05:53.527 13053 13053 D wpa_supplicant: wpa_driver_wext_driver_cmd POWERMODE 0 len = 4096
06-29 14:05:53.539 13053 13053 D wpa_supplicant: wpa_driver_wext_driver_cmd OK len = 0, 2
06-29 14:06:22.957 13053 13053 D wpa_supplicant: wpa_driver_wext_driver_cmd BTCOEXMODE 1 len = 4096
06-29 14:06:23.199 13053 13053 D wpa_supplicant: wpa_driver_wext_driver_cmd OK len = 0, 2
06-29 14:06:23.199 13053 13053 D wpa_supplicant: wpa_driver_wext_driver_cmd GETPOWER len = 4096
06-29 14:06:23.207 13053 13053 D wpa_supplicant: wpa_driver_wext_driver_cmd powermode = 0 len = 13, 13
06-29 14:06:23.207 13053 13053 D wpa_supplicant: wpa_driver_wext_driver_cmd POWERMODE 1 len = 4096
06-29 14:06:23.222 13053 13053 D wpa_supplicant: wpa_driver_wext_driver_cmd OK len = 0, 2
06-29 14:06:23.437 13053 13053 D wpa_supplicant: wpa_driver_wext_driver_cmd POWERMODE 0 len = 4096
06-29 14:06:23.445 13053 13053 D wpa_supplicant: wpa_driver_wext_driver_cmd OK len = 0, 2
06-29 14:06:23.445 13053 13053 D wpa_supplicant: wpa_driver_wext_driver_cmd BTCOEXMODE 2 len = 4096
06-29 14:06:23.445 13053 13053 D wpa_supplicant: wpa_driver_wext_driver_cmd OK len = 0, 2
06-29 14:06:37.257 13053 13053 D wpa_supplicant: wpa_driver_wext_driver_cmd SETSUSPENDOPT 0 len = 4096
06-29 14:06:37.257 13053 13053 D wpa_supplicant: wpa_driver_wext_driver_cmd SETSUSPENDOPT 0 len = 0, 15
06-29 14:06:37.257 13053 13053 D wpa_supplicant: wpa_driver_wext_driver_cmd POWERMODE 0 len = 4096
06-29 14:06:37.281 13053 13053 D wpa_supplicant: wpa_driver_wext_driver_cmd OK len = 0, 2
06-29 14:06:37.281 13053 13053 D wpa_supplicant: WPS: Building WPS IE for Probe Request
06-29 14:06:37.281 13053 13053 D wpa_supplicant: WPS:  * Version (hardcoded 0x10)
06-29 14:06:37.281 13053 13053 D wpa_supplicant: WPS:  * Request Type
06-29 14:06:37.281 13053 13053 D wpa_supplicant: WPS:  * Config Methods (2388)
06-29 14:06:37.281 13053 13053 D wpa_supplicant: WPS:  * UUID-E
06-29 14:06:37.281 13053 13053 D wpa_supplicant: WPS:  * Primary Device Type
06-29 14:06:37.281 13053 13053 D wpa_supplicant: WPS:  * RF Bands (3)
06-29 14:06:37.281 13053 13053 D wpa_supplicant: WPS:  * Association State
06-29 14:06:37.281 13053 13053 D wpa_supplicant: WPS:  * Configuration Error (0)
06-29 14:06:37.281 13053 13053 D wpa_supplicant: WPS:  * Device Password ID (0)
06-29 14:06:37.281 13053 13053 D wpa_supplicant: WPS:  * Manufacturer
06-29 14:06:37.281 13053 13053 D wpa_supplicant: WPS:  * Model Name
06-29 14:06:37.281 13053 13053 D wpa_supplicant: WPS:  * Model Number
06-29 14:06:37.281 13053 13053 D wpa_supplicant: WPS:  * Device Name
06-29 14:06:37.281 13053 13053 D wpa_supplicant: WPS:  * Version2 (0x20)
06-29 14:06:37.281 13053 13053 D wpa_supplicant: wpa_driver_wext_combo_scan: Start
06-29 14:06:37.281 13053 13053 D wpa_supplicant: For Scan: (null)
06-29 14:06:37.285 13053 13053 D wpa_supplicant: Scan requested (ret=0) - scan timeout 30 seconds
06-29 14:06:38.484 13053 13053 D wpa_supplicant: RTM_NEWLINK: operstate=1 ifi_flags=0x11043 ([UP][RUNNING][LOWER_UP])
06-29 14:06:38.492 13053 13053 D wpa_supplicant: RTM_NEWLINK, IFLA_IFNAME: Interface 'wlan0' added
06-29 14:06:38.492 13053 13053 D wpa_supplicant: Wireless event: cmd=0x8b19 len=8
06-29 14:06:38.496 13053 13053 D wpa_supplicant: Received 3147 bytes of scan results (17 BSSes)
06-29 14:06:38.632 13053 13053 D wpa_supplicant: wpa_driver_wext_driver_cmd SETSUSPENDOPT 0 len = 4096
06-29 14:06:38.632 13053 13053 D wpa_supplicant: wpa_driver_wext_driver_cmd SETSUSPENDOPT 0 len = 0, 15
06-29 14:06:38.632 13053 13053 D wpa_supplicant: wpa_driver_wext_driver_cmd POWERMODE 0 len = 4096
06-29 14:06:38.644 13053 13053 D wpa_supplicant: wpa_driver_wext_driver_cmd OK len = 0, 2
06-29 14:07:22.277 13053 13053 D wpa_supplicant: wpa_driver_wext_driver_cmd SETSUSPENDOPT 0 len = 4096
06-29 14:07:22.277 13053 13053 D wpa_supplicant: wpa_driver_wext_driver_cmd SETSUSPENDOPT 0 len = 0, 15
06-29 14:07:22.281 13053 13053 D wpa_supplicant: wpa_driver_wext_driver_cmd POWERMODE 0 len = 4096
06-29 14:07:22.304 13053 13053 D wpa_supplicant: wpa_driver_wext_driver_cmd OK len = 0, 2
06-29 14:07:22.304 13053 13053 D wpa_supplicant: WPS: Building WPS IE for Probe Request
06-29 14:07:22.304 13053 13053 D wpa_supplicant: WPS:  * Version (hardcoded 0x10)
06-29 14:07:22.304 13053 13053 D wpa_supplicant: WPS:  * Request Type
06-29 14:07:22.304 13053 13053 D wpa_supplicant: WPS:  * Config Methods (2388)
06-29 14:07:22.304 13053 13053 D wpa_supplicant: WPS:  * UUID-E
06-29 14:07:22.304 13053 13053 D wpa_supplicant: WPS:  * Primary Device Type
06-29 14:07:22.304 13053 13053 D wpa_supplicant: WPS:  * RF Bands (3)
06-29 14:07:22.304 13053 13053 D wpa_supplicant: WPS:  * Association State
06-29 14:07:22.304 13053 13053 D wpa_supplicant: WPS:  * Configuration Error (0)
06-29 14:07:22.304 13053 13053 D wpa_supplicant: WPS:  * Device Password ID (0)
06-29 14:07:22.304 13053 13053 D wpa_supplicant: WPS:  * Manufacturer
06-29 14:07:22.304 13053 13053 D wpa_supplicant: WPS:  * Model Name
06-29 14:07:22.304 13053 13053 D wpa_supplicant: WPS:  * Model Number
06-29 14:07:22.304 13053 13053 D wpa_supplicant: WPS:  * Device Name
06-29 14:07:22.304 13053 13053 D wpa_supplicant: WPS:  * Version2 (0x20)
06-29 14:07:22.304 13053 13053 D wpa_supplicant: wpa_driver_wext_combo_scan: Start
06-29 14:07:22.304 13053 13053 D wpa_supplicant: For Scan: (null)
06-29 14:07:22.308 13053 13053 D wpa_supplicant: Scan requested (ret=0) - scan timeout 30 seconds
06-29 14:07:23.496 13053 13053 D wpa_supplicant: RTM_NEWLINK: operstate=1 ifi_flags=0x11043 ([UP][RUNNING][LOWER_UP])
06-29 14:07:23.496 13053 13053 D wpa_supplicant: RTM_NEWLINK, IFLA_IFNAME: Interface 'wlan0' added
06-29 14:07:23.496 13053 13053 D wpa_supplicant: Wireless event: cmd=0x8b19 len=8
06-29 14:07:23.504 13053 13053 D wpa_supplicant: Received 3061 bytes of scan results (16 BSSes)
06-29 14:07:23.679 14117 14119 D dalvikvm: GC_CONCURRENT freed 512K, 7% free 9961K/10695K, paused 2ms+2ms
06-29 14:07:23.687 13053 13053 D wpa_supplicant: wpa_driver_wext_driver_cmd SETSUSPENDOPT 0 len = 4096
06-29 14:07:23.687 13053 13053 D wpa_supplicant: wpa_driver_wext_driver_cmd SETSUSPENDOPT 0 len = 0, 15
06-29 14:07:23.687 13053 13053 D wpa_supplicant: wpa_driver_wext_driver_cmd POWERMODE 0 len = 4096
06-29 14:07:23.699 13053 13053 D wpa_supplicant: wpa_driver_wext_driver_cmd OK len = 0, 2
06-29 14:08:07.293 13053 13053 D wpa_supplicant: wpa_driver_wext_driver_cmd SETSUSPENDOPT 0 len = 4096
06-29 14:08:07.293 13053 13053 D wpa_supplicant: wpa_driver_wext_driver_cmd SETSUSPENDOPT 0 len = 0, 15
06-29 14:08:07.296 13053 13053 D wpa_supplicant: wpa_driver_wext_driver_cmd POWERMODE 0 len = 4096
06-29 14:08:07.328 13053 13053 D wpa_supplicant: wpa_driver_wext_driver_cmd OK len = 0, 2
06-29 14:08:07.328 13053 13053 D wpa_supplicant: WPS: Building WPS IE for Probe Request
06-29 14:08:07.328 13053 13053 D wpa_supplicant: WPS:  * Version (hardcoded 0x10)
06-29 14:08:07.328 13053 13053 D wpa_supplicant: WPS:  * Request Type
06-29 14:08:07.328 13053 13053 D wpa_supplicant: WPS:  * Config Methods (2388)
06-29 14:08:07.328 13053 13053 D wpa_supplicant: WPS:  * UUID-E
06-29 14:08:07.328 13053 13053 D wpa_supplicant: WPS:  * Primary Device Type
06-29 14:08:07.328 13053 13053 D wpa_supplicant: WPS:  * RF Bands (3)
06-29 14:08:07.328 13053 13053 D wpa_supplicant: WPS:  * Association State
06-29 14:08:07.328 13053 13053 D wpa_supplicant: WPS:  * Configuration Error (0)
06-29 14:08:07.328 13053 13053 D wpa_supplicant: WPS:  * Device Password ID (0)
06-29 14:08:07.328 13053 13053 D wpa_supplicant: WPS:  * Manufacturer
06-29 14:08:07.328 13053 13053 D wpa_supplicant: WPS:  * Model Name
06-29 14:08:07.328 13053 13053 D wpa_supplicant: WPS:  * Model Number
06-29 14:08:07.328 13053 13053 D wpa_supplicant: WPS:  * Device Name
06-29 14:08:07.328 13053 13053 D wpa_supplicant: WPS:  * Version2 (0x20)
06-29 14:08:07.328 13053 13053 D wpa_supplicant: wpa_driver_wext_combo_scan: Start
06-29 14:08:07.328 13053 13053 D wpa_supplicant: For Scan: (null)
06-29 14:08:07.328 13053 13053 D wpa_supplicant: Scan requested (ret=0) - scan timeout 30 seconds
06-29 14:08:08.519 13053 13053 D wpa_supplicant: RTM_NEWLINK: operstate=1 ifi_flags=0x11043 ([UP][RUNNING][LOWER_UP])
06-29 14:08:08.527 13053 13053 D wpa_supplicant: RTM_NEWLINK, IFLA_IFNAME: Interface 'wlan0' added
06-29 14:08:08.527 13053 13053 D wpa_supplicant: Wireless event: cmd=0x8b19 len=8
06-29 14:08:08.527 13053 13053 D wpa_supplicant: Received 2991 bytes of scan results (16 BSSes)
06-29 14:08:08.668 13053 13053 D wpa_supplicant: wpa_driver_wext_driver_cmd SETSUSPENDOPT 0 len = 4096
06-29 14:08:08.668 13053 13053 D wpa_supplicant: wpa_driver_wext_driver_cmd SETSUSPENDOPT 0 len = 0, 15
06-29 14:08:08.668 13053 13053 D wpa_supplicant: wpa_driver_wext_driver_cmd POWERMODE 0 len = 4096
06-29 14:08:08.679 13053 13053 D wpa_supplicant: wpa_driver_wext_driver_cmd OK len = 0, 2
06-29 14:08:52.332 13053 13053 D wpa_supplicant: wpa_driver_wext_driver_cmd SETSUSPENDOPT 0 len = 4096
06-29 14:08:52.332 13053 13053 D wpa_supplicant: wpa_driver_wext_driver_cmd SETSUSPENDOPT 0 len = 0, 15
06-29 14:08:52.336 13053 13053 D wpa_supplicant: wpa_driver_wext_driver_cmd POWERMODE 0 len = 4096
06-29 14:08:52.363 13053 13053 D wpa_supplicant: wpa_driver_wext_driver_cmd OK len = 0, 2
06-29 14:08:52.363 13053 13053 D wpa_supplicant: WPS: Building WPS IE for Probe Request
06-29 14:08:52.363 13053 13053 D wpa_supplicant: WPS:  * Version (hardcoded 0x10)
06-29 14:08:52.363 13053 13053 D wpa_supplicant: WPS:  * Request Type
06-29 14:08:52.363 13053 13053 D wpa_supplicant: WPS:  * Config Methods (2388)
06-29 14:08:52.363 13053 13053 D wpa_supplicant: WPS:  * UUID-E
06-29 14:08:52.363 13053 13053 D wpa_supplicant: WPS:  * Primary Device Type
06-29 14:08:52.363 13053 13053 D wpa_supplicant: WPS:  * RF Bands (3)
06-29 14:08:52.363 13053 13053 D wpa_supplicant: WPS:  * Association State
06-29 14:08:52.363 13053 13053 D wpa_supplicant: WPS:  * Configuration Error (0)
06-29 14:08:52.363 13053 13053 D wpa_supplicant: WPS:  * Device Password ID (0)
06-29 14:08:52.363 13053 13053 D wpa_supplicant: WPS:  * Manufacturer
06-29 14:08:52.363 13053 13053 D wpa_supplicant: WPS:  * Model Name
06-29 14:08:52.363 13053 13053 D wpa_supplicant: WPS:  * Model Number
06-29 14:08:52.363 13053 13053 D wpa_supplicant: WPS:  * Device Name
06-29 14:08:52.363 13053 13053 D wpa_supplicant: WPS:  * Version2 (0x20)
06-29 14:08:52.363 13053 13053 D wpa_supplicant: wpa_driver_wext_combo_scan: Start
06-29 14:08:52.363 13053 13053 D wpa_supplicant: For Scan: (null)
06-29 14:08:52.363 13053 13053 D wpa_supplicant: Scan requested (ret=0) - scan timeout 30 seconds
06-29 14:08:53.554 13053 13053 D wpa_supplicant: RTM_NEWLINK: operstate=1 ifi_flags=0x11043 ([UP][RUNNING][LOWER_UP])
06-29 14:08:53.554 13053 13053 D wpa_supplicant: RTM_NEWLINK, IFLA_IFNAME: Interface 'wlan0' added
06-29 14:08:53.554 13053 13053 D wpa_supplicant: Wireless event: cmd=0x8b19 len=8
06-29 14:08:53.566 13053 13053 D wpa_supplicant: Received 3182 bytes of scan results (17 BSSes)
06-29 14:08:53.746 14117 14119 D dalvikvm: GC_CONCURRENT freed 513K, 7% free 9960K/10695K, paused 2ms+2ms
06-29 14:08:53.754 13053 13053 D wpa_supplicant: wpa_driver_wext_driver_cmd SETSUSPENDOPT 0 len = 4096
06-29 14:08:53.754 13053 13053 D wpa_supplicant: wpa_driver_wext_driver_cmd SETSUSPENDOPT 0 len = 0, 15
06-29 14:08:53.754 13053 13053 D wpa_supplicant: wpa_driver_wext_driver_cmd POWERMODE 0 len = 4096
06-29 14:08:53.765 13053 13053 D wpa_supplicant: wpa_driver_wext_driver_cmd OK len = 0, 2
06-29 14:09:25.773 16816 16816 I PhoneLab-Locks: wake lock acquired
06-29 14:09:25.777 16816 16816 I PhoneLab-StatusMonitor: Status Monitoring is started
06-29 14:09:25.836 16816 16818 D dalvikvm: GC_CONCURRENT freed 523K, 13% free 9243K/10567K, paused 2ms+3ms
06-29 14:09:25.882 16816 16816 I PhoneLab-StatusMonitor: Value: 10 - unit: min
06-29 14:09:25.882 16816 16816 I PhoneLab-StatusMonitor: Running interval: 600000
06-29 14:09:25.890 16816 16816 I PhoneLab-StatusMonitor: Rescheduling status monitoring...
06-29 14:09:25.890 16816 16816 I PhoneLab-Locks: wake lock released
06-29 14:09:25.898 16816 16816 I PhoneLab-StatusMonitorLocation: Learning Location
06-29 14:09:25.898 16816 16816 I PhoneLab-Locks: wake lock acquired
06-29 14:09:25.898 16816 16816 I PhoneLab-Locks: wake lock acquired
06-29 14:09:25.902 14117 14135 D androidNetworkLocationListeners: Still have listener com.google.android.location.internal.client.NetworkLocationClient$1@41385d30
06-29 14:09:25.906 16816 16816 I PhoneLab-StatusMonitorLocation: Learning Signal Strgth
06-29 14:09:25.906 16816 16816 I PhoneLab-Locks: wake lock acquired
06-29 14:09:25.910 13053 13053 D wpa_supplicant: wpa_driver_wext_driver_cmd SETSUSPENDOPT 0 len = 4096
06-29 14:09:25.910 13053 13053 D wpa_supplicant: wpa_driver_wext_driver_cmd SETSUSPENDOPT 0 len = 0, 15
06-29 14:09:25.914 13053 13053 D wpa_supplicant: wpa_driver_wext_driver_cmd POWERMODE 0 len = 4096
06-29 14:09:25.918 16816 16816 I PhoneLab-StatusMonitorBattery: Battery_level: 72
06-29 14:09:25.918 14117 14135 D androidNetworkLocationListeners: Still have listener com.google.android.location.internal.client.NetworkLocationClient$1@41385d30
06-29 14:09:25.921 13053 13053 D wpa_supplicant: wpa_driver_wext_driver_cmd OK len = 0, 2
06-29 14:09:25.925 13053 13053 D wpa_supplicant: WPS: Building WPS IE for Probe Request
06-29 14:09:25.925 13053 13053 D wpa_supplicant: WPS:  * Version (hardcoded 0x10)
06-29 14:09:25.925 13053 13053 D wpa_supplicant: WPS:  * Request Type
06-29 14:09:25.925 13053 13053 D wpa_supplicant: WPS:  * Config Methods (2388)
06-29 14:09:25.925 13053 13053 D wpa_supplicant: WPS:  * UUID-E
06-29 14:09:25.925 13053 13053 D wpa_supplicant: WPS:  * Primary Device Type
06-29 14:09:25.925 13053 13053 D wpa_supplicant: WPS:  * RF Bands (3)
06-29 14:09:25.925 13053 13053 D wpa_supplicant: WPS:  * Association State
06-29 14:09:25.925 13053 13053 D wpa_supplicant: WPS:  * Configuration Error (0)
06-29 14:09:25.925 13053 13053 D wpa_supplicant: WPS:  * Device Password ID (0)
06-29 14:09:25.925 13053 13053 D wpa_supplicant: WPS:  * Manufacturer
06-29 14:09:25.925 13053 13053 D wpa_supplicant: WPS:  * Model Name
06-29 14:09:25.925 13053 13053 D wpa_supplicant: WPS:  * Model Number
06-29 14:09:25.925 13053 13053 D wpa_supplicant: WPS:  * Device Name
06-29 14:09:25.925 13053 13053 D wpa_supplicant: WPS:  * Version2 (0x20)
06-29 14:09:25.925 13053 13053 D wpa_supplicant: wpa_driver_wext_combo_scan: Start
06-29 14:09:25.925 13053 13053 D wpa_supplicant: For Scan: (null)
06-29 14:09:25.925 16816 16816 I PhoneLab-Locks: wake lock released
06-29 14:09:25.925 13053 13053 D wpa_supplicant: Scan requested (ret=0) - scan timeout 30 seconds
06-29 14:09:25.929 13053 13053 D wpa_supplicant: Ongoing scan action - reject new request
06-29 14:09:25.929 16816 16816 I PhoneLab-StatusMonitorSignal: Signal_Strength: -96 asu: 9
06-29 14:09:25.929 16816 16816 I PhoneLab-Locks: wake lock released
06-29 14:09:27.125 13053 13053 D wpa_supplicant: RTM_NEWLINK: operstate=1 ifi_flags=0x11043 ([UP][RUNNING][LOWER_UP])
06-29 14:09:27.132 13053 13053 D wpa_supplicant: RTM_NEWLINK, IFLA_IFNAME: Interface 'wlan0' added
06-29 14:09:27.132 13053 13053 D wpa_supplicant: Wireless event: cmd=0x8b19 len=8
06-29 14:09:27.136 13053 13053 D wpa_supplicant: Received 2991 bytes of scan results (16 BSSes)
06-29 14:09:27.281 13053 13053 D wpa_supplicant: wpa_driver_wext_driver_cmd SETSUSPENDOPT 0 len = 4096
06-29 14:09:27.281 13053 13053 D wpa_supplicant: wpa_driver_wext_driver_cmd SETSUSPENDOPT 0 len = 0, 15
06-29 14:09:27.281 13053 13053 D wpa_supplicant: wpa_driver_wext_driver_cmd POWERMODE 0 len = 4096
06-29 14:09:27.293 13053 13053 D wpa_supplicant: wpa_driver_wext_driver_cmd OK len = 0, 2
06-29 14:09:27.293 16816 16816 I PhoneLab-StatusMonitorLocation: Location_Latitude: 43.0006678 Longitude: -78.7866958 Accuracy: 60.0
06-29 14:09:27.293 14117 14135 D androidNetworkLocationListeners: Still have listener com.google.android.location.internal.client.NetworkLocationClient$1@41385d30
06-29 14:09:27.293 16816 16816 I PhoneLab-Locks: wake lock released
06-29 14:09:27.296 13053 13053 D wpa_supplicant: wpa_driver_wext_driver_cmd SETSUSPENDOPT 0 len = 4096
06-29 14:09:27.296 13053 13053 D wpa_supplicant: wpa_driver_wext_driver_cmd SETSUSPENDOPT 0 len = 0, 15
06-29 14:09:27.296 13053 13053 D wpa_supplicant: wpa_driver_wext_driver_cmd POWERMODE 0 len = 4096
06-29 14:09:27.300 13053 13053 D wpa_supplicant: wpa_driver_wext_driver_cmd OK len = 0, 2
06-29 14:09:27.300 13053 13053 D wpa_supplicant: WPS: Building WPS IE for Probe Request
06-29 14:09:27.300 13053 13053 D wpa_supplicant: WPS:  * Version (hardcoded 0x10)
06-29 14:09:27.300 13053 13053 D wpa_supplicant: WPS:  * Request Type
06-29 14:09:27.300 13053 13053 D wpa_supplicant: WPS:  * Config Methods (2388)
06-29 14:09:27.300 13053 13053 D wpa_supplicant: WPS:  * UUID-E
06-29 14:09:27.300 13053 13053 D wpa_supplicant: WPS:  * Primary Device Type
06-29 14:09:27.300 13053 13053 D wpa_supplicant: WPS:  * RF Bands (3)
06-29 14:09:27.300 13053 13053 D wpa_supplicant: WPS:  * Association State
06-29 14:09:27.300 13053 13053 D wpa_supplicant: WPS:  * Configuration Error (0)
06-29 14:09:27.300 13053 13053 D wpa_supplicant: WPS:  * Device Password ID (0)
06-29 14:09:27.300 13053 13053 D wpa_supplicant: WPS:  * Manufacturer
06-29 14:09:27.300 13053 13053 D wpa_supplicant: WPS:  * Model Name
06-29 14:09:27.300 13053 13053 D wpa_supplicant: WPS:  * Model Number
06-29 14:09:27.300 13053 13053 D wpa_supplicant: WPS:  * Device Name
06-29 14:09:27.300 13053 13053 D wpa_supplicant: WPS:  * Version2 (0x20)
06-29 14:09:27.300 13053 13053 D wpa_supplicant: wpa_driver_wext_combo_scan: Start
06-29 14:09:27.300 13053 13053 D wpa_supplicant: For Scan: (null)
06-29 14:09:27.300 13053 13053 D wpa_supplicant: Scan requested (ret=0) - scan timeout 30 seconds
06-29 14:09:28.496 13053 13053 D wpa_supplicant: RTM_NEWLINK: operstate=1 ifi_flags=0x11043 ([UP][RUNNING][LOWER_UP])
06-29 14:09:28.496 13053 13053 D wpa_supplicant: RTM_NEWLINK, IFLA_IFNAME: Interface 'wlan0' added
06-29 14:09:28.496 13053 13053 D wpa_supplicant: Wireless event: cmd=0x8b19 len=8
06-29 14:09:28.496 13053 13053 D wpa_supplicant: Received 3109 bytes of scan results (17 BSSes)
06-29 14:09:28.656 14117 14119 D dalvikvm: GC_CONCURRENT freed 511K, 7% free 9961K/10695K, paused 2ms+3ms
06-29 14:09:28.664 13053 13053 D wpa_supplicant: wpa_driver_wext_driver_cmd SETSUSPENDOPT 0 len = 4096
06-29 14:09:28.664 13053 13053 D wpa_supplicant: wpa_driver_wext_driver_cmd SETSUSPENDOPT 0 len = 0, 15
06-29 14:09:28.664 13053 13053 D wpa_supplicant: wpa_driver_wext_driver_cmd POWERMODE 0 len = 4096
06-29 14:09:28.675 13053 13053 D wpa_supplicant: wpa_driver_wext_driver_cmd OK len = 0, 2
06-29 14:10:12.199 14117 14135 D androidNetworkLocationListeners: Still have listener com.google.android.location.internal.client.NetworkLocationClient$1@41385d30
06-29 14:10:12.203 13053 13053 D wpa_supplicant: wpa_driver_wext_driver_cmd SETSUSPENDOPT 0 len = 4096
06-29 14:10:12.203 13053 13053 D wpa_supplicant: wpa_driver_wext_driver_cmd SETSUSPENDOPT 0 len = 0, 15
06-29 14:10:12.203 13053 13053 D wpa_supplicant: wpa_driver_wext_driver_cmd POWERMODE 0 len = 4096
06-29 14:10:12.211 14117 14135 D androidNetworkLocationListeners: Still have listener com.google.android.location.internal.client.NetworkLocationClient$1@41385d30
06-29 14:10:12.214 13053 13053 D wpa_supplicant: wpa_driver_wext_driver_cmd OK len = 0, 2
06-29 14:10:12.218 13053 13053 D wpa_supplicant: WPS: Building WPS IE for Probe Request
06-29 14:10:12.218 13053 13053 D wpa_supplicant: WPS:  * Version (hardcoded 0x10)
06-29 14:10:12.218 13053 13053 D wpa_supplicant: WPS:  * Request Type
06-29 14:10:12.218 13053 13053 D wpa_supplicant: WPS:  * Config Methods (2388)
06-29 14:10:12.218 13053 13053 D wpa_supplicant: WPS:  * UUID-E
06-29 14:10:12.218 13053 13053 D wpa_supplicant: WPS:  * Primary Device Type
06-29 14:10:12.218 13053 13053 D wpa_supplicant: WPS:  * RF Bands (3)
06-29 14:10:12.218 13053 13053 D wpa_supplicant: WPS:  * Association State
06-29 14:10:12.218 13053 13053 D wpa_supplicant: WPS:  * Configuration Error (0)
06-29 14:10:12.218 13053 13053 D wpa_supplicant: WPS:  * Device Password ID (0)
06-29 14:10:12.218 13053 13053 D wpa_supplicant: WPS:  * Manufacturer
06-29 14:10:12.218 13053 13053 D wpa_supplicant: WPS:  * Model Name
06-29 14:10:12.218 13053 13053 D wpa_supplicant: WPS:  * Model Number
06-29 14:10:12.218 13053 13053 D wpa_supplicant: WPS:  * Device Name
06-29 14:10:12.218 13053 13053 D wpa_supplicant: WPS:  * Version2 (0x20)
06-29 14:10:12.218 13053 13053 D wpa_supplicant: wpa_driver_wext_combo_scan: Start
06-29 14:10:12.218 13053 13053 D wpa_supplicant: For Scan: (null)
06-29 14:10:12.218 13053 13053 D wpa_supplicant: Scan requested (ret=0) - scan timeout 30 seconds
06-29 14:10:12.218 13053 13053 D wpa_supplicant: Ongoing scan action - reject new request
06-29 14:10:13.421 13053 13053 D wpa_supplicant: RTM_NEWLINK: operstate=1 ifi_flags=0x11043 ([UP][RUNNING][LOWER_UP])
06-29 14:10:13.421 13053 13053 D wpa_supplicant: RTM_NEWLINK, IFLA_IFNAME: Interface 'wlan0' added
06-29 14:10:13.421 13053 13053 D wpa_supplicant: Wireless event: cmd=0x8b19 len=8
06-29 14:10:13.421 13053 13053 D wpa_supplicant: Received 3264 bytes of scan results (17 BSSes)
06-29 14:10:13.554 13053 13053 D wpa_supplicant: wpa_driver_wext_driver_cmd SETSUSPENDOPT 0 len = 4096
06-29 14:10:13.554 13053 13053 D wpa_supplicant: wpa_driver_wext_driver_cmd SETSUSPENDOPT 0 len = 0, 15
06-29 14:10:13.554 13053 13053 D wpa_supplicant: wpa_driver_wext_driver_cmd POWERMODE 0 len = 4096
06-29 14:10:13.566 13053 13053 D wpa_supplicant: wpa_driver_wext_driver_cmd OK len = 0, 2
06-29 14:10:57.246 13053 13053 D wpa_supplicant: wpa_driver_wext_driver_cmd SETSUSPENDOPT 0 len = 4096
06-29 14:10:57.246 13053 13053 D wpa_supplicant: wpa_driver_wext_driver_cmd SETSUSPENDOPT 0 len = 0, 15
06-29 14:10:57.254 13053 13053 D wpa_supplicant: wpa_driver_wext_driver_cmd POWERMODE 0 len = 4096
06-29 14:10:57.265 13053 13053 D wpa_supplicant: wpa_driver_wext_driver_cmd OK len = 0, 2
06-29 14:10:57.265 13053 13053 D wpa_supplicant: WPS: Building WPS IE for Probe Request
06-29 14:10:57.265 13053 13053 D wpa_supplicant: WPS:  * Version (hardcoded 0x10)
06-29 14:10:57.265 13053 13053 D wpa_supplicant: WPS:  * Request Type
06-29 14:10:57.265 13053 13053 D wpa_supplicant: WPS:  * Config Methods (2388)
06-29 14:10:57.265 13053 13053 D wpa_supplicant: WPS:  * UUID-E
06-29 14:10:57.265 13053 13053 D wpa_supplicant: WPS:  * Primary Device Type
06-29 14:10:57.265 13053 13053 D wpa_supplicant: WPS:  * RF Bands (3)
06-29 14:10:57.265 13053 13053 D wpa_supplicant: WPS:  * Association State
06-29 14:10:57.265 13053 13053 D wpa_supplicant: WPS:  * Configuration Error (0)
06-29 14:10:57.265 13053 13053 D wpa_supplicant: WPS:  * Device Password ID (0)
06-29 14:10:57.265 13053 13053 D wpa_supplicant: WPS:  * Manufacturer
06-29 14:10:57.265 13053 13053 D wpa_supplicant: WPS:  * Model Name
06-29 14:10:57.265 13053 13053 D wpa_supplicant: WPS:  * Model Number
06-29 14:10:57.265 13053 13053 D wpa_supplicant: WPS:  * Device Name
06-29 14:10:57.265 13053 13053 D wpa_supplicant: WPS:  * Version2 (0x20)
06-29 14:10:57.265 13053 13053 D wpa_supplicant: wpa_driver_wext_combo_scan: Start
06-29 14:10:57.265 13053 13053 D wpa_supplicant: For Scan: (null)
06-29 14:10:57.269 16816 16829 I PhoneLab-: Service Running
06-29 14:10:57.269 13053 13053 D wpa_supplicant: Scan requested (ret=0) - scan timeout 30 seconds
06-29 14:10:57.308 16816 16829 I PhoneLab-LoggerService: app_38    1593  1     1064   612   c00f181c 400107b4 S logcat
06-29 14:10:57.308 16816 16829 I PhoneLab-LoggerService: Logcat pid from database 1593
06-29 14:10:57.308 16816 16829 I PhoneLab-LoggerService: Logcat process found 1593
06-29 14:10:57.308 16816 16829 I PhoneLab-LoggerService: Checking Threshold
06-29 14:10:57.308 16816 16829 I PhoneLab-LoggerService: Starting to rename files
06-29 14:10:57.312 16816 16829 I PhoneLab-LoggerService: Files found .. 4
06-29 14:10:57.312 16816 16829 I PhoneLab-: Service Running
06-29 14:10:57.339 16816 16829 I PhoneLab-LoggerService: app_38    1593  1     1064   612   c00f181c 400107b4 S logcat
06-29 14:10:57.339 16816 16829 I PhoneLab-LoggerService: Logcat pid from database 1593
06-29 14:10:57.339 16816 16829 I PhoneLab-LoggerService: Logcat process found 1593
06-29 14:10:57.339 16816 16829 I PhoneLab-LoggerService: Checking Threshold
06-29 14:10:57.339 16816 16829 I PhoneLab-LoggerService: Starting to rename files
06-29 14:10:57.339 16816 16829 I PhoneLab-LoggerService: Files found .. 4
06-29 14:10:57.343 16816 16829 I PhoneLab-: Service Running
06-29 14:10:57.410 16816 16818 D dalvikvm: GC_CONCURRENT freed 444K, 13% free 9204K/10567K, paused 1ms+2ms
06-29 14:10:57.414 16816 16829 I PhoneLab-LoggerService: app_38    1593  1     1064   612   c00f181c 400107b4 S logcat
06-29 14:10:57.414 16816 16829 I PhoneLab-LoggerService: Logcat pid from database 1593
06-29 14:10:57.414 16816 16829 I PhoneLab-LoggerService: Logcat process found 1593
06-29 14:10:57.414 16816 16829 I PhoneLab-LoggerService: Checking Threshold
06-29 14:10:57.414 16816 16829 I PhoneLab-LoggerService: Starting to rename files
06-29 14:10:57.418 16816 16829 I PhoneLab-LoggerService: Files found .. 4
06-29 14:10:57.421 16816 16829 I PhoneLab-: Service Running
06-29 14:10:57.449 16816 16829 I PhoneLab-LoggerService: app_38    1593  1     1064   612   c00f181c 400107b4 S logcat
06-29 14:10:57.449 16816 16829 I PhoneLab-LoggerService: Logcat pid from database 1593
06-29 14:10:57.449 16816 16829 I PhoneLab-LoggerService: Logcat process found 1593
06-29 14:10:57.449 16816 16829 I PhoneLab-LoggerService: Checking Threshold
06-29 14:10:57.449 16816 16829 I PhoneLab-LoggerService: Starting to rename files
06-29 14:10:57.449 16816 16829 I PhoneLab-LoggerService: Files found .. 4
06-29 14:10:58.457 13053 13053 D wpa_supplicant: RTM_NEWLINK: operstate=1 ifi_flags=0x11043 ([UP][RUNNING][LOWER_UP])
06-29 14:10:58.457 13053 13053 D wpa_supplicant: RTM_NEWLINK, IFLA_IFNAME: Interface 'wlan0' added
06-29 14:10:58.457 13053 13053 D wpa_supplicant: Wireless event: cmd=0x8b19 len=8
06-29 14:10:58.457 13053 13053 D wpa_supplicant: Received 3264 bytes of scan results (17 BSSes)
06-29 14:10:58.621 14117 14119 D dalvikvm: GC_CONCURRENT freed 512K, 7% free 9960K/10695K, paused 2ms+2ms
06-29 14:10:58.629 13053 13053 D wpa_supplicant: wpa_driver_wext_driver_cmd SETSUSPENDOPT 0 len = 4096
06-29 14:10:58.629 13053 13053 D wpa_supplicant: wpa_driver_wext_driver_cmd SETSUSPENDOPT 0 len = 0, 15
06-29 14:10:58.629 13053 13053 D wpa_supplicant: wpa_driver_wext_driver_cmd POWERMODE 0 len = 4096
06-29 14:10:58.640 13053 13053 D wpa_supplicant: wpa_driver_wext_driver_cmd OK len = 0, 2
06-29 14:11:42.257 13053 13053 D wpa_supplicant: wpa_driver_wext_driver_cmd SETSUSPENDOPT 0 len = 4096
06-29 14:11:42.257 13053 13053 D wpa_supplicant: wpa_driver_wext_driver_cmd SETSUSPENDOPT 0 len = 0, 15
06-29 14:11:42.261 13053 13053 D wpa_supplicant: wpa_driver_wext_driver_cmd POWERMODE 0 len = 4096
06-29 14:11:42.281 13053 13053 D wpa_supplicant: wpa_driver_wext_driver_cmd OK len = 0, 2
06-29 14:11:42.285 13053 13053 D wpa_supplicant: WPS: Building WPS IE for Probe Request
06-29 14:11:42.285 13053 13053 D wpa_supplicant: WPS:  * Version (hardcoded 0x10)
06-29 14:11:42.285 13053 13053 D wpa_supplicant: WPS:  * Request Type
06-29 14:11:42.285 13053 13053 D wpa_supplicant: WPS:  * Config Methods (2388)
06-29 14:11:42.285 13053 13053 D wpa_supplicant: WPS:  * UUID-E
06-29 14:11:42.285 13053 13053 D wpa_supplicant: WPS:  * Primary Device Type
06-29 14:11:42.285 13053 13053 D wpa_supplicant: WPS:  * RF Bands (3)
06-29 14:11:42.285 13053 13053 D wpa_supplicant: WPS:  * Association State
06-29 14:11:42.285 13053 13053 D wpa_supplicant: WPS:  * Configuration Error (0)
06-29 14:11:42.285 13053 13053 D wpa_supplicant: WPS:  * Device Password ID (0)
06-29 14:11:42.285 13053 13053 D wpa_supplicant: WPS:  * Manufacturer
06-29 14:11:42.285 13053 13053 D wpa_supplicant: WPS:  * Model Name
06-29 14:11:42.285 13053 13053 D wpa_supplicant: WPS:  * Model Number
06-29 14:11:42.285 13053 13053 D wpa_supplicant: WPS:  * Device Name
06-29 14:11:42.285 13053 13053 D wpa_supplicant: WPS:  * Version2 (0x20)
06-29 14:11:42.285 13053 13053 D wpa_supplicant: wpa_driver_wext_combo_scan: Start
06-29 14:11:42.285 13053 13053 D wpa_supplicant: For Scan: (null)
06-29 14:11:42.289 13053 13053 D wpa_supplicant: Scan requested (ret=0) - scan timeout 30 seconds
06-29 14:11:43.457 13053 13053 D wpa_supplicant: RTM_NEWLINK: operstate=1 ifi_flags=0x11043 ([UP][RUNNING][LOWER_UP])
06-29 14:11:43.457 13053 13053 D wpa_supplicant: RTM_NEWLINK, IFLA_IFNAME: Interface 'wlan0' added
06-29 14:11:43.457 13053 13053 D wpa_supplicant: Wireless event: cmd=0x8b19 len=8
06-29 14:11:43.464 13053 13053 D wpa_supplicant: Received 2988 bytes of scan results (16 BSSes)
06-29 14:11:43.601 13053 13053 D wpa_supplicant: wpa_driver_wext_driver_cmd SETSUSPENDOPT 0 len = 4096
06-29 14:11:43.601 13053 13053 D wpa_supplicant: wpa_driver_wext_driver_cmd SETSUSPENDOPT 0 len = 0, 15
06-29 14:11:43.601 13053 13053 D wpa_supplicant: wpa_driver_wext_driver_cmd POWERMODE 0 len = 4096
06-29 14:11:43.613 13053 13053 D wpa_supplicant: wpa_driver_wext_driver_cmd OK len = 0, 2
06-29 14:12:27.281 13053 13053 D wpa_supplicant: wpa_driver_wext_driver_cmd SETSUSPENDOPT 0 len = 4096
06-29 14:12:27.281 13053 13053 D wpa_supplicant: wpa_driver_wext_driver_cmd SETSUSPENDOPT 0 len = 0, 15
06-29 14:12:27.285 13053 13053 D wpa_supplicant: wpa_driver_wext_driver_cmd POWERMODE 0 len = 4096
06-29 14:12:27.308 13053 13053 D wpa_supplicant: wpa_driver_wext_driver_cmd OK len = 0, 2
06-29 14:12:27.308 13053 13053 D wpa_supplicant: WPS: Building WPS IE for Probe Request
06-29 14:12:27.308 13053 13053 D wpa_supplicant: WPS:  * Version (hardcoded 0x10)
06-29 14:12:27.308 13053 13053 D wpa_supplicant: WPS:  * Request Type
06-29 14:12:27.308 13053 13053 D wpa_supplicant: WPS:  * Config Methods (2388)
06-29 14:12:27.308 13053 13053 D wpa_supplicant: WPS:  * UUID-E
06-29 14:12:27.308 13053 13053 D wpa_supplicant: WPS:  * Primary Device Type
06-29 14:12:27.308 13053 13053 D wpa_supplicant: WPS:  * RF Bands (3)
06-29 14:12:27.308 13053 13053 D wpa_supplicant: WPS:  * Association State
06-29 14:12:27.308 13053 13053 D wpa_supplicant: WPS:  * Configuration Error (0)
06-29 14:12:27.308 13053 13053 D wpa_supplicant: WPS:  * Device Password ID (0)
06-29 14:12:27.308 13053 13053 D wpa_supplicant: WPS:  * Manufacturer
06-29 14:12:27.308 13053 13053 D wpa_supplicant: WPS:  * Model Name
06-29 14:12:27.308 13053 13053 D wpa_supplicant: WPS:  * Model Number
06-29 14:12:27.308 13053 13053 D wpa_supplicant: WPS:  * Device Name
06-29 14:12:27.308 13053 13053 D wpa_supplicant: WPS:  * Version2 (0x20)
06-29 14:12:27.308 13053 13053 D wpa_supplicant: wpa_driver_wext_combo_scan: Start
06-29 14:12:27.308 13053 13053 D wpa_supplicant: For Scan: (null)
06-29 14:12:27.308 13053 13053 D wpa_supplicant: Scan requested (ret=0) - scan timeout 30 seconds
06-29 14:12:28.484 13053 13053 D wpa_supplicant: RTM_NEWLINK: operstate=1 ifi_flags=0x11043 ([UP][RUNNING][LOWER_UP])
06-29 14:12:28.484 13053 13053 D wpa_supplicant: RTM_NEWLINK, IFLA_IFNAME: Interface 'wlan0' added
06-29 14:12:28.484 13053 13053 D wpa_supplicant: Wireless event: cmd=0x8b19 len=8
06-29 14:12:28.484 13053 13053 D wpa_supplicant: Received 2918 bytes of scan results (16 BSSes)
06-29 14:12:28.656 16615 16618 D dalvikvm: GC_CONCURRENT freed 407K, 5% free 10486K/11015K, paused 18ms+3ms
06-29 14:12:28.711 14117 14119 D dalvikvm: GC_CONCURRENT freed 511K, 7% free 9961K/10695K, paused 2ms+2ms
06-29 14:12:28.718 13053 13053 D wpa_supplicant: wpa_driver_wext_driver_cmd SETSUSPENDOPT 0 len = 4096
06-29 14:12:28.718 13053 13053 D wpa_supplicant: wpa_driver_wext_driver_cmd SETSUSPENDOPT 0 len = 0, 15
06-29 14:12:28.718 13053 13053 D wpa_supplicant: wpa_driver_wext_driver_cmd POWERMODE 0 len = 4096
06-29 14:12:28.734 13053 13053 D wpa_supplicant: wpa_driver_wext_driver_cmd OK len = 0, 2
06-29 14:13:13.078 13053 13053 D wpa_supplicant: wpa_driver_wext_driver_cmd SETSUSPENDOPT 0 len = 4096
06-29 14:13:13.078 13053 13053 D wpa_supplicant: wpa_driver_wext_driver_cmd SETSUSPENDOPT 0 len = 0, 15
06-29 14:13:13.078 13053 13053 D wpa_supplicant: wpa_driver_wext_driver_cmd POWERMODE 0 len = 4096
06-29 14:13:13.086 13053 13053 D wpa_supplicant: wpa_driver_wext_driver_cmd OK len = 0, 2
06-29 14:13:13.086 13053 13053 D wpa_supplicant: WPS: Building WPS IE for Probe Request
06-29 14:13:13.086 13053 13053 D wpa_supplicant: WPS:  * Version (hardcoded 0x10)
06-29 14:13:13.086 13053 13053 D wpa_supplicant: WPS:  * Request Type
06-29 14:13:13.086 13053 13053 D wpa_supplicant: WPS:  * Config Methods (2388)
06-29 14:13:13.086 13053 13053 D wpa_supplicant: WPS:  * UUID-E
06-29 14:13:13.086 13053 13053 D wpa_supplicant: WPS:  * Primary Device Type
06-29 14:13:13.086 13053 13053 D wpa_supplicant: WPS:  * RF Bands (3)
06-29 14:13:13.086 13053 13053 D wpa_supplicant: WPS:  * Association State
06-29 14:13:13.086 13053 13053 D wpa_supplicant: WPS:  * Configuration Error (0)
06-29 14:13:13.086 13053 13053 D wpa_supplicant: WPS:  * Device Password ID (0)
06-29 14:13:13.086 13053 13053 D wpa_supplicant: WPS:  * Manufacturer
06-29 14:13:13.086 13053 13053 D wpa_supplicant: WPS:  * Model Name
06-29 14:13:13.086 13053 13053 D wpa_supplicant: WPS:  * Model Number
06-29 14:13:13.086 13053 13053 D wpa_supplicant: WPS:  * Device Name
06-29 14:13:13.086 13053 13053 D wpa_supplicant: WPS:  * Version2 (0x20)
06-29 14:13:13.086 13053 13053 D wpa_supplicant: wpa_driver_wext_combo_scan: Start
06-29 14:13:13.086 13053 13053 D wpa_supplicant: For Scan: (null)
06-29 14:13:13.089 13053 13053 D wpa_supplicant: Scan requested (ret=0) - scan timeout 30 seconds
06-29 14:13:14.293 13053 13053 D wpa_supplicant: RTM_NEWLINK: operstate=1 ifi_flags=0x11043 ([UP][RUNNING][LOWER_UP])
06-29 14:13:14.293 13053 13053 D wpa_supplicant: RTM_NEWLINK, IFLA_IFNAME: Interface 'wlan0' added
06-29 14:13:14.293 13053 13053 D wpa_supplicant: Wireless event: cmd=0x8b19 len=8
06-29 14:13:14.293 13053 13053 D wpa_supplicant: Received 3303 bytes of scan results (18 BSSes)
06-29 14:13:14.429 13053 13053 D wpa_supplicant: wpa_driver_wext_driver_cmd SETSUSPENDOPT 0 len = 4096
06-29 14:13:14.429 13053 13053 D wpa_supplicant: wpa_driver_wext_driver_cmd SETSUSPENDOPT 0 len = 0, 15
06-29 14:13:14.433 13053 13053 D wpa_supplicant: wpa_driver_wext_driver_cmd POWERMODE 0 len = 4096
06-29 14:13:14.441 13053 13053 D wpa_supplicant: wpa_driver_wext_driver_cmd OK len = 0, 2
06-29 14:13:58.117 13053 13053 D wpa_supplicant: wpa_driver_wext_driver_cmd SETSUSPENDOPT 0 len = 4096
06-29 14:13:58.121 13053 13053 D wpa_supplicant: wpa_driver_wext_driver_cmd SETSUSPENDOPT 0 len = 0, 15
06-29 14:13:58.132 13053 13053 D wpa_supplicant: wpa_driver_wext_driver_cmd POWERMODE 0 len = 4096
06-29 14:13:58.140 13053 13053 D wpa_supplicant: wpa_driver_wext_driver_cmd OK len = 0, 2
06-29 14:13:58.140 13053 13053 D wpa_supplicant: WPS: Building WPS IE for Probe Request
06-29 14:13:58.140 13053 13053 D wpa_supplicant: WPS:  * Version (hardcoded 0x10)
06-29 14:13:58.140 13053 13053 D wpa_supplicant: WPS:  * Request Type
06-29 14:13:58.140 13053 13053 D wpa_supplicant: WPS:  * Config Methods (2388)
06-29 14:13:58.140 13053 13053 D wpa_supplicant: WPS:  * UUID-E
06-29 14:13:58.140 13053 13053 D wpa_supplicant: WPS:  * Primary Device Type
06-29 14:13:58.140 13053 13053 D wpa_supplicant: WPS:  * RF Bands (3)
06-29 14:13:58.140 13053 13053 D wpa_supplicant: WPS:  * Association State
06-29 14:13:58.140 13053 13053 D wpa_supplicant: WPS:  * Configuration Error (0)
06-29 14:13:58.140 13053 13053 D wpa_supplicant: WPS:  * Device Password ID (0)
06-29 14:13:58.140 13053 13053 D wpa_supplicant: WPS:  * Manufacturer
06-29 14:13:58.140 13053 13053 D wpa_supplicant: WPS:  * Model Name
06-29 14:13:58.140 13053 13053 D wpa_supplicant: WPS:  * Model Number
06-29 14:13:58.140 13053 13053 D wpa_supplicant: WPS:  * Device Name
06-29 14:13:58.140 13053 13053 D wpa_supplicant: WPS:  * Version2 (0x20)
06-29 14:13:58.140 13053 13053 D wpa_supplicant: wpa_driver_wext_combo_scan: Start
06-29 14:13:58.140 13053 13053 D wpa_supplicant: For Scan: (null)
06-29 14:13:58.144 13053 13053 D wpa_supplicant: Scan requested (ret=0) - scan timeout 30 seconds
06-29 14:13:59.320 13053 13053 D wpa_supplicant: RTM_NEWLINK: operstate=1 ifi_flags=0x11043 ([UP][RUNNING][LOWER_UP])
06-29 14:13:59.320 13053 13053 D wpa_supplicant: RTM_NEWLINK, IFLA_IFNAME: Interface 'wlan0' added
06-29 14:13:59.320 13053 13053 D wpa_supplicant: Wireless event: cmd=0x8b19 len=8
06-29 14:13:59.320 13053 13053 D wpa_supplicant: Received 2568 bytes of scan results (14 BSSes)
06-29 14:13:59.484 14117 14119 D dalvikvm: GC_CONCURRENT freed 510K, 7% free 9963K/10695K, paused 1ms+3ms
06-29 14:13:59.488 13053 13053 D wpa_supplicant: wpa_driver_wext_driver_cmd SETSUSPENDOPT 0 len = 4096
06-29 14:13:59.488 13053 13053 D wpa_supplicant: wpa_driver_wext_driver_cmd SETSUSPENDOPT 0 len = 0, 15
06-29 14:13:59.488 13053 13053 D wpa_supplicant: wpa_driver_wext_driver_cmd POWERMODE 0 len = 4096
06-29 14:13:59.500 13053 13053 D wpa_supplicant: wpa_driver_wext_driver_cmd OK len = 0, 2
06-29 14:14:43.281 13053 13053 D wpa_supplicant: wpa_driver_wext_driver_cmd SETSUSPENDOPT 0 len = 4096
06-29 14:14:43.281 13053 13053 D wpa_supplicant: wpa_driver_wext_driver_cmd SETSUSPENDOPT 0 len = 0, 15
06-29 14:14:43.281 13053 13053 D wpa_supplicant: wpa_driver_wext_driver_cmd POWERMODE 0 len = 4096
06-29 14:14:43.285 13053 13053 D wpa_supplicant: wpa_driver_wext_driver_cmd OK len = 0, 2
06-29 14:14:43.289 13053 13053 D wpa_supplicant: WPS: Building WPS IE for Probe Request
06-29 14:14:43.289 13053 13053 D wpa_supplicant: WPS:  * Version (hardcoded 0x10)
06-29 14:14:43.289 13053 13053 D wpa_supplicant: WPS:  * Request Type
06-29 14:14:43.289 13053 13053 D wpa_supplicant: WPS:  * Config Methods (2388)
06-29 14:14:43.289 13053 13053 D wpa_supplicant: WPS:  * UUID-E
06-29 14:14:43.289 13053 13053 D wpa_supplicant: WPS:  * Primary Device Type
06-29 14:14:43.289 13053 13053 D wpa_supplicant: WPS:  * RF Bands (3)
06-29 14:14:43.289 13053 13053 D wpa_supplicant: WPS:  * Association State
06-29 14:14:43.289 13053 13053 D wpa_supplicant: WPS:  * Configuration Error (0)
06-29 14:14:43.289 13053 13053 D wpa_supplicant: WPS:  * Device Password ID (0)
06-29 14:14:43.289 13053 13053 D wpa_supplicant: WPS:  * Manufacturer
06-29 14:14:43.289 13053 13053 D wpa_supplicant: WPS:  * Model Name
06-29 14:14:43.289 13053 13053 D wpa_supplicant: WPS:  * Model Number
06-29 14:14:43.289 13053 13053 D wpa_supplicant: WPS:  * Device Name
06-29 14:14:43.289 13053 13053 D wpa_supplicant: WPS:  * Version2 (0x20)
06-29 14:14:43.289 13053 13053 D wpa_supplicant: wpa_driver_wext_combo_scan: Start
06-29 14:14:43.289 13053 13053 D wpa_supplicant: For Scan: (null)
06-29 14:14:43.289 13053 13053 D wpa_supplicant: Scan requested (ret=0) - scan timeout 30 seconds
06-29 14:14:44.461 13053 13053 D wpa_supplicant: RTM_NEWLINK: operstate=1 ifi_flags=0x11043 ([UP][RUNNING][LOWER_UP])
06-29 14:14:44.461 13053 13053 D wpa_supplicant: RTM_NEWLINK, IFLA_IFNAME: Interface 'wlan0' added
06-29 14:14:44.461 13053 13053 D wpa_supplicant: Wireless event: cmd=0x8b19 len=8
06-29 14:14:44.461 13053 13053 D wpa_supplicant: Received 2793 bytes of scan results (15 BSSes)
06-29 14:14:44.593 13053 13053 D wpa_supplicant: wpa_driver_wext_driver_cmd SETSUSPENDOPT 0 len = 4096
