06-19 19:49:46.148    82   122 D AudioHardware: AudioHardware pcm playback is exiting standby.
06-19 19:49:46.148    82   122 D AudioHardware: openPcmOut_l() mPcmOpenCnt: 0
06-19 19:49:46.199  2493  2493 E Gmail_BOH: Thread still active!
06-19 19:49:46.410   327   329 D dalvikvm: GC_CONCURRENT freed 743K, 41% free 10121K/16967K, paused 1ms+7ms
06-19 19:49:46.441  2493  2495 D dalvikvm: GC_CONCURRENT freed 387K, 5% free 10567K/11079K, paused 2ms+4ms
06-19 19:49:46.859  2493  2493 D webviewglue: nativeDestroy view: 0x13c81b8
06-19 19:49:46.867  2493  2493 D webviewglue: nativeDestroy view: 0x13227e0
06-19 19:49:46.976  2493  2495 D dalvikvm: GC_CONCURRENT freed 479K, 6% free 10577K/11143K, paused 2ms+4ms
06-19 19:49:47.640  2493  2495 D dalvikvm: GC_CONCURRENT freed 358K, 5% free 10652K/11207K, paused 5ms+4ms
06-19 19:49:47.945  2493  2500 D dalvikvm: null clazz in OP_INSTANCE_OF, single-stepping
06-19 19:49:48.976   151   200 I ActivityManager: START {act=android.intent.action.MAIN cat=[android.intent.category.HOME] flg=0x10200000 cmp=com.android.launcher/com.android.launcher2.Launcher} from pid 151
06-19 19:49:49.226  2493  2495 D dalvikvm: GC_CONCURRENT freed 546K, 6% free 10654K/11271K, paused 2ms+6ms
06-19 19:49:49.238    82   122 D AudioHardware: AudioHardware pcm playback is going to standby.
06-19 19:49:49.238    82   122 D AudioHardware: closePcmOut_l() mPcmOpenCnt: 1
06-19 19:49:49.261  2493  2493 D OpenGLRenderer: Flushing caches (mode 0)
06-19 19:49:49.406   151   580 W InputManagerService: Starting input on non-focused client com.android.internal.view.IInputMethodClient$Stub$Proxy@416764b8 (uid=10019 pid=2493)
06-19 19:49:49.519  2493  2495 D dalvikvm: GC_CONCURRENT freed 542K, 6% free 10639K/11271K, paused 2ms+3ms
06-19 19:49:49.734   325   325 D wpa_supplicant: WPS: Building WPS IE for Probe Request
06-19 19:49:49.734   325   325 D wpa_supplicant: WPS:  * Version (hardcoded 0x10)
06-19 19:49:49.734   325   325 D wpa_supplicant: WPS:  * Request Type
06-19 19:49:49.734   325   325 D wpa_supplicant: WPS:  * Config Methods (2388)
06-19 19:49:49.734   325   325 D wpa_supplicant: WPS:  * UUID-E
06-19 19:49:49.734   325   325 D wpa_supplicant: WPS:  * Primary Device Type
06-19 19:49:49.734   325   325 D wpa_supplicant: WPS:  * RF Bands (3)
06-19 19:49:49.734   325   325 D wpa_supplicant: WPS:  * Association State
06-19 19:49:49.734   325   325 D wpa_supplicant: WPS:  * Configuration Error (0)
06-19 19:49:49.734   325   325 D wpa_supplicant: WPS:  * Device Password ID (0)
06-19 19:49:49.734   325   325 D wpa_supplicant: WPS:  * Manufacturer
06-19 19:49:49.734   325   325 D wpa_supplicant: WPS:  * Model Name
06-19 19:49:49.734   325   325 D wpa_supplicant: WPS:  * Model Number
06-19 19:49:49.734   325   325 D wpa_supplicant: WPS:  * Device Name
06-19 19:49:49.734   325   325 D wpa_supplicant: WPS:  * Version2 (0x20)
06-19 19:49:49.734   325   325 D wpa_supplicant: wpa_driver_wext_combo_scan: Start
06-19 19:49:49.734   325   325 D wpa_supplicant: For Scan: (null)
06-19 19:49:49.789   325   325 D wpa_supplicant: Scan requested (ret=0) - scan timeout 30 seconds
06-19 19:49:50.269   325   325 D wpa_supplicant: RTM_NEWLINK: operstate=0 ifi_flags=0x11003 ([UP][LOWER_UP])
06-19 19:49:50.269   325   325 D wpa_supplicant: RTM_NEWLINK, IFLA_IFNAME: Interface 'wlan0' added
06-19 19:49:50.269   325   325 D wpa_supplicant: Wireless event: cmd=0x8b19 len=8
06-19 19:49:50.269   325   325 D wpa_supplicant: Received 0 bytes of scan results (0 BSSes)
06-19 19:49:50.816  2493  2495 D dalvikvm: GC_CONCURRENT freed 525K, 6% free 10652K/11271K, paused 2ms+3ms
06-19 19:49:52.382   151   193 I power   : *** set_screen_state 0
06-19 19:49:52.398   151   197 D UnlockScreen: portrait mode
06-19 19:49:52.441    79   119 D SurfaceFlinger: About to give-up screen, flinger = 0x1bb1918
06-19 19:49:52.484   151   151 D AlarmManagerService: Kernel timezone updated to 240 minutes west of GMT
06-19 19:49:52.543  1245  1245 D DAL     : lrb android.intent.action.SCREEN_OFF
06-19 19:49:52.550   151   197 V TransportControlView: Create TCV com.android.internal.widget.TransportControlView@4159cf40
06-19 19:49:52.566   410  1044 D NfcService: NFC-C OFF, disconnect
06-19 19:49:52.597   327   327 D PhoneStatusBar: disable: < EXPAND* icons alerts TICKER* system_info back home RECENT* clock >
06-19 19:49:52.617   327   327 D PhoneStatusBar: disable: < EXPAND icons alerts TICKER system_info BACK* HOME* RECENT CLOCK* >
06-19 19:50:07.011   151   168 I ActivityManager: Start proc com.jim2 for service com.jim2/.UpdateService: pid=2560 uid=10076 gids={3002, 3001, 1006, 1015}
06-19 19:50:15.199  2560  2560 I dalvikvm: Turning on JNI app bug workarounds for target SDK version 11...
06-19 19:50:15.261  2560  2560 I ActivityThread: Pub com.jim2.docksProvider: com.jim2.docksProvider
06-19 19:50:15.437   151   153 D dalvikvm: GC_CONCURRENT freed 569K, 15% free 14500K/16967K, paused 3ms+6ms
06-19 19:50:15.441  2560  2562 D dalvikvm: GC_CONCURRENT freed 229K, 4% free 9287K/9607K, paused 2ms+3ms
06-19 19:50:15.714   325   325 D wpa_supplicant: WPS: Building WPS IE for Probe Request
06-19 19:50:15.714   325   325 D wpa_supplicant: WPS:  * Version (hardcoded 0x10)
06-19 19:50:15.714   325   325 D wpa_supplicant: WPS:  * Request Type
06-19 19:50:15.714   325   325 D wpa_supplicant: WPS:  * Config Methods (2388)
06-19 19:50:15.714   325   325 D wpa_supplicant: WPS:  * UUID-E
06-19 19:50:15.714   325   325 D wpa_supplicant: WPS:  * Primary Device Type
06-19 19:50:15.714   325   325 D wpa_supplicant: WPS:  * RF Bands (3)
06-19 19:50:15.714   325   325 D wpa_supplicant: WPS:  * Association State
06-19 19:50:15.714   325   325 D wpa_supplicant: WPS:  * Configuration Error (0)
06-19 19:50:15.714   325   325 D wpa_supplicant: WPS:  * Device Password ID (0)
06-19 19:50:15.714   325   325 D wpa_supplicant: WPS:  * Manufacturer
06-19 19:50:15.714   325   325 D wpa_supplicant: WPS:  * Model Name
06-19 19:50:15.714   325   325 D wpa_supplicant: WPS:  * Model Number
06-19 19:50:15.714   325   325 D wpa_supplicant: WPS:  * Device Name
06-19 19:50:15.714   325   325 D wpa_supplicant: WPS:  * Version2 (0x20)
06-19 19:50:15.714   325   325 D wpa_supplicant: wpa_driver_wext_combo_scan: Start
06-19 19:50:15.714   325   325 D wpa_supplicant: For Scan: (null)
06-19 19:50:15.769   325   325 D wpa_supplicant: Scan requested (ret=0) - scan timeout 30 seconds
06-19 19:50:15.964  2493  2493 D OpenGLRenderer: Flushing caches (mode 1)
06-19 19:50:16.054  2493  2576 I Gmail   : MainSyncRequestProto: lowestBkwdConvoId: 0, highestHandledServerOp: 617219, normalSync: true
06-19 19:50:16.246   325   325 D wpa_supplicant: RTM_NEWLINK: operstate=0 ifi_flags=0x11003 ([UP][LOWER_UP])
06-19 19:50:16.246   325   325 D wpa_supplicant: RTM_NEWLINK, IFLA_IFNAME: Interface 'wlan0' added
06-19 19:50:16.246   325   325 D wpa_supplicant: Wireless event: cmd=0x8b19 len=8
06-19 19:50:16.250   325   325 D wpa_supplicant: Received 0 bytes of scan results (0 BSSes)
06-19 19:50:16.363  2493  2495 D dalvikvm: GC_CONCURRENT freed 371K, 6% free 10702K/11271K, paused 2ms+4ms
06-19 19:50:19.015  2493  2495 D dalvikvm: GC_CONCURRENT freed 552K, 7% free 10594K/11271K, paused 2ms+4ms
06-19 19:50:19.199  2493  2576 D dalvikvm: GC_EXPLICIT freed 273K, 7% free 10577K/11271K, paused 3ms+4ms
06-19 19:50:19.203  2493  2576 I Gmail   : MainSyncRequestProto: lowestBkwdConvoId: 0, highestHandledServerOp: 617264, normalSync: true
06-19 19:50:19.226  2493  2576 W Gmail   : Scheduling index for 300000 ms from now
06-19 19:50:19.277  2493  2580 I Gmail   : MainSyncRequestProto: lowestBkwdConvoId: 0, highestHandledServerOp: 617264, normalSync: true
06-19 19:50:19.750  2493  2580 D dalvikvm: GC_EXPLICIT freed 120K, 6% free 10599K/11271K, paused 3ms+4ms
06-19 19:50:19.754  2493  2580 I Gmail   : MainSyncRequestProto: lowestBkwdConvoId: 0, highestHandledServerOp: 617275, normalSync: true
06-19 19:50:19.765  2493  2580 W Gmail   : Scheduling index for 300000 ms from now
06-19 19:50:45.179   151   168 I ActivityManager: Start proc com.facebook.katana for service com.facebook.katana/.service.MediaUploadService: pid=2581 uid=10055 gids={3003, 1006, 1015}
06-19 19:50:45.203  2581  2581 I dalvikvm: Turning on JNI app bug workarounds for target SDK version 7...
06-19 19:50:45.230  2493  2493 D OpenGLRenderer: Flushing caches (mode 1)
06-19 19:50:45.351  2581  2584 D dalvikvm: GC_CONCURRENT freed 155K, 3% free 9380K/9607K, paused 2ms+2ms
06-19 19:50:45.519  2581  2581 I ActivityThread: Pub com.facebook.katana.provider.LoggingProvider: com.facebook.katana.provider.LoggingProvider
06-19 19:50:45.582  2581  2581 I ActivityThread: Pub com.facebook.katana.provider.KeyValueProvider: com.facebook.katana.provider.KeyValueProvider
06-19 19:50:45.582  2581  2581 I ActivityThread: Pub com.facebook.katana.provider.CacheProvider: com.facebook.katana.provider.CacheProvider
06-19 19:50:45.586  2581  2581 I ActivityThread: Pub com.facebook.katana.provider.MailboxProvider: com.facebook.katana.provider.MailboxProvider
06-19 19:50:45.597  2581  2581 I ActivityThread: Pub com.facebook.katana.provider.UserStatusesProvider: com.facebook.katana.provider.UserStatusesProvider
06-19 19:50:45.597  2581  2581 I ActivityThread: Pub com.facebook.katana.provider.EventsProvider: com.facebook.katana.provider.EventsProvider
06-19 19:50:45.597  2581  2581 I ActivityThread: Pub com.facebook.katana.provider.NotificationsProvider: com.facebook.katana.provider.NotificationsProvider
06-19 19:50:45.597  2581  2581 I ActivityThread: Pub com.facebook.katana.provider.UserValuesProvider: com.facebook.katana.provider.UserValuesProvider
06-19 19:50:45.597  2581  2581 I ActivityThread: Pub com.facebook.katana.provider.PagesProvider: com.facebook.katana.provider.PagesProvider
06-19 19:50:45.601  2581  2581 I ActivityThread: Pub com.facebook.katana.provider.MobileEventLogProvider: com.facebook.katana.provider.MobileEventLogProvider
06-19 19:50:45.601  2581  2581 I ActivityThread: Pub com.facebook.katana.provider.PushNotificationsProvider: com.facebook.katana.provider.PushNotificationsProvider
06-19 19:50:45.605  2581  2581 I ActivityThread: Pub com.facebook.katana.provider.PhotosProvider: com.facebook.katana.provider.PhotosProvider
06-19 19:50:45.605  2581  2581 I ActivityThread: Pub com.facebook.katana.provider.ConnectionsProvider: com.facebook.katana.provider.ConnectionsProvider
06-19 19:50:45.609  2581  2584 D dalvikvm: GC_CONCURRENT freed 157K, 3% free 9729K/9991K, paused 5ms+3ms
06-19 19:50:45.621  2581  2581 I ActivityThread: Pub com.facebook.orca.notify.FbandroidMessagesForegroundProvider: com.facebook.orca.notify.FbandroidMessagesForegroundProvider
06-19 19:50:45.660  2581  2581 D ACRA    : Retrieve application default SharedPreferences.
06-19 19:50:45.660  2581  2581 D ACRA    : Set OnSharedPreferenceChangeListener.
06-19 19:50:45.664  2581  2581 D ACRA    : ACRA is enabled for com.facebook.katana, intializing...
06-19 19:50:45.687  2581  2581 D ACRA    : Looking for error files in /data/data/com.facebook.katana/app_acra-reports
06-19 19:50:45.734  2581  2581 W nalizableReferenceQueue: Could not load Finalizer in its own class loader.Loading Finalizer in the current class loader instead. As a result, you will not be ableto garbage collect this class loader. To support reclaiming this class loader, eitherresolve the underlying issue, or move Google Collections to your system class path.
06-19 19:50:45.734  2581  2581 W nalizableReferenceQueue: java.io.FileNotFoundException: com/google/common/base/internal/Finalizer.class
06-19 19:50:45.734  2581  2581 W nalizableReferenceQueue: 	at com.google.common.base.FinalizableReferenceQueue$DecoupledLoader.getBaseUrl(FinalizableReferenceQueue.java:243)
06-19 19:50:45.734  2581  2581 W nalizableReferenceQueue: 	at com.google.common.base.FinalizableReferenceQueue$DecoupledLoader.loadFinalizer(FinalizableReferenceQueue.java:227)
06-19 19:50:45.734  2581  2581 W nalizableReferenceQueue: 	at com.google.common.base.FinalizableReferenceQueue.loadFinalizer(FinalizableReferenceQueue.java:155)
06-19 19:50:45.734  2581  2581 W nalizableReferenceQueue: 	at com.google.common.base.FinalizableReferenceQueue.<clinit>(FinalizableReferenceQueue.java:84)
06-19 19:50:45.734  2581  2581 W nalizableReferenceQueue: 	at com.google.common.collect.CustomConcurrentHashMap$QueueHolder.<clinit>(CustomConcurrentHashMap.java:650)
06-19 19:50:45.734  2581  2581 W nalizableReferenceQueue: 	at com.google.common.collect.CustomConcurrentHashMap$WeakEntry.<init>(CustomConcurrentHashMap.java:1342)
06-19 19:50:45.734  2581  2581 W nalizableReferenceQueue: 	at com.google.common.collect.CustomConcurrentHashMap$EntryFactory$9.newEntry(CustomConcurrentHashMap.java:453)
06-19 19:50:45.734  2581  2581 W nalizableReferenceQueue: 	at com.google.common.collect.CustomConcurrentHashMap.a(CustomConcurrentHashMap.java:1715)
06-19 19:50:45.734  2581  2581 W nalizableReferenceQueue: 	at com.google.common.collect.ComputingConcurrentHashMap$ComputingSegment.a(ComputingConcurrentHashMap.java:123)
06-19 19:50:45.734  2581  2581 W nalizableReferenceQueue: 	at com.google.common.collect.ComputingConcurrentHashMap.apply(ComputingConcurrentHashMap.java:71)
06-19 19:50:45.734  2581  2581 W nalizableReferenceQueue: 	at com.google.common.collect.MapMaker$ComputingMapAdapter.get(MapMaker.java:848)
06-19 19:50:45.734  2581  2581 W nalizableReferenceQueue: 	at com.google.inject.internal.Annotations$AnnotationChecker.a(Annotations.java:94)
06-19 19:50:45.734  2581  2581 W nalizableReferenceQueue: 	at com.google.inject.internal.Annotations.c(Annotations.java:112)
06-19 19:50:45.734  2581  2581 W nalizableReferenceQueue: 	at com.google.inject.Key.d(Key.java:369)
06-19 19:50:45.734  2581  2581 W nalizableReferenceQueue: 	at com.google.inject.Key.b(Key.java:356)
06-19 19:50:45.734  2581  2581 W nalizableReferenceQueue: 	at com.google.inject.Key.a(Key.java:267)
06-19 19:50:45.734  2581  2581 W nalizableReferenceQueue: 	at com.facebook.orca.inject.binder.AnnotatedBindingBuilderImpl.a(AnnotatedBindingBuilderImpl.java:22)
06-19 19:50:45.734  2581  2581 W nalizableReferenceQueue: 	at com.facebook.orca.app.FbBaseModule.a(FbBaseModule.java:74)
06-19 19:50:45.734  2581  2581 W nalizableReferenceQueue: 	at com.facebook.orca.inject.AbstractModule.a(AbstractModule.java:19)
06-19 19:50:45.734  2581  2581 W nalizableReferenceQueue: 	at com.facebook.orca.inject.FbInjectorImpl.a(FbInjectorImpl.java:61)
06-19 19:50:45.734  2581  2581 W nalizableReferenceQueue: 	at com.facebook.orca.inject.FbInjectorImpl.<init>(FbInjectorImpl.java:41)
06-19 19:50:45.734  2581  2581 W nalizableReferenceQueue: 	at com.facebook.orca.inject.FbInjector.a(FbInjector.java:40)
06-19 19:50:45.734  2581  2581 W nalizableReferenceQueue: 	at com.facebook.katana.FacebookApplication.onCreate(FacebookApplication.java:86)
06-19 19:50:45.734  2581  2581 W nalizableReferenceQueue: 	at android.app.Instrumentation.callApplicationOnCreate(Instrumentation.java:969)
06-19 19:50:45.734  2581  2581 W nalizableReferenceQueue: 	at android.app.ActivityThread.handleBindApplication(ActivityThread.java:3954)
06-19 19:50:45.734  2581  2581 W nalizableReferenceQueue: 	at android.app.ActivityThread.access$1300(ActivityThread.java:123)
06-19 19:50:45.734  2581  2581 W nalizableReferenceQueue: 	at android.app.ActivityThread$H.handleMessage(ActivityThread.java:1185)
06-19 19:50:45.734  2581  2581 W nalizableReferenceQueue: 	at android.os.Handler.dispatchMessage(Handler.java:99)
06-19 19:50:45.734  2581  2581 W nalizableReferenceQueue: 	at android.os.Looper.loop(Looper.java:137)
06-19 19:50:45.734  2581  2581 W nalizableReferenceQueue: 	at android.app.ActivityThread.main(ActivityThread.java:4424)
06-19 19:50:45.734  2581  2581 W nalizableReferenceQueue: 	at java.lang.reflect.Method.invokeNative(Native Method)
06-19 19:50:45.734  2581  2581 W nalizableReferenceQueue: 	at java.lang.reflect.Method.invoke(Method.java:511)
06-19 19:50:45.734  2581  2581 W nalizableReferenceQueue: 	at com.android.internal.os.ZygoteInit$MethodAndArgsCaller.run(ZygoteInit.java:784)
06-19 19:50:45.734  2581  2581 W nalizableReferenceQueue: 	at com.android.internal.os.ZygoteInit.main(ZygoteInit.java:551)
06-19 19:50:45.734  2581  2581 W nalizableReferenceQueue: 	at dalvik.system.NativeStart.main(Native Method)
06-19 19:50:45.738  2581  2581 I Finalizer: Couldn't access Thread.inheritableThreadLocals. Reference finalizer threads will inherit thread local values.
06-19 19:50:45.808  2581  2584 D dalvikvm: GC_CONCURRENT freed 404K, 5% free 9861K/10375K, paused 2ms+3ms
06-19 19:50:45.945  2581  2584 D dalvikvm: GC_CONCURRENT freed 384K, 5% free 10013K/10503K, paused 2ms+3ms
06-19 19:50:46.214  2581  2584 D dalvikvm: GC_CONCURRENT freed 383K, 5% free 10177K/10631K, paused 4ms+4ms
06-19 19:50:46.312  2581  2597 W Resources: Converting to string: TypedValue{t=0x10/d=0xffffffff a=-1}
06-19 19:50:46.683  2581  2584 D dalvikvm: GC_CONCURRENT freed 405K, 5% free 10347K/10823K, paused 2ms+4ms
06-19 19:50:47.156  2581  2584 D dalvikvm: GC_CONCURRENT freed 327K, 5% free 10427K/10887K, paused 1ms+2ms
06-19 19:50:47.468  2581  2584 D dalvikvm: GC_CONCURRENT freed 334K, 5% free 10484K/10951K, paused 8ms+2ms
06-19 19:50:48.191  2581  2584 D dalvikvm: GC_CONCURRENT freed 346K, 5% free 10618K/11079K, paused 2ms+3ms
06-19 19:50:48.421   325   325 D wpa_supplicant: WPS: Building WPS IE for Probe Request
06-19 19:50:48.421   325   325 D wpa_supplicant: WPS:  * Version (hardcoded 0x10)
06-19 19:50:48.421   325   325 D wpa_supplicant: WPS:  * Request Type
06-19 19:50:48.421   325   325 D wpa_supplicant: WPS:  * Config Methods (2388)
06-19 19:50:48.421   325   325 D wpa_supplicant: WPS:  * UUID-E
06-19 19:50:48.421   325   325 D wpa_supplicant: WPS:  * Primary Device Type
06-19 19:50:48.421   325   325 D wpa_supplicant: WPS:  * RF Bands (3)
06-19 19:50:48.421   325   325 D wpa_supplicant: WPS:  * Association State
06-19 19:50:48.421   325   325 D wpa_supplicant: WPS:  * Configuration Error (0)
06-19 19:50:48.421   325   325 D wpa_supplicant: WPS:  * Device Password ID (0)
06-19 19:50:48.421   325   325 D wpa_supplicant: WPS:  * Manufacturer
06-19 19:50:48.421   325   325 D wpa_supplicant: WPS:  * Model Name
06-19 19:50:48.421   325   325 D wpa_supplicant: WPS:  * Model Number
06-19 19:50:48.421   325   325 D wpa_supplicant: WPS:  * Device Name
06-19 19:50:48.421   325   325 D wpa_supplicant: WPS:  * Version2 (0x20)
06-19 19:50:48.421   325   325 D wpa_supplicant: wpa_driver_wext_combo_scan: Start
06-19 19:50:48.421   325   325 D wpa_supplicant: For Scan: (null)
06-19 19:50:48.480   325   325 D wpa_supplicant: Scan requested (ret=0) - scan timeout 30 seconds
06-19 19:50:48.961   325   325 D wpa_supplicant: RTM_NEWLINK: operstate=0 ifi_flags=0x11003 ([UP][LOWER_UP])
06-19 19:50:48.961   325   325 D wpa_supplicant: RTM_NEWLINK, IFLA_IFNAME: Interface 'wlan0' added
06-19 19:50:48.961   325   325 D wpa_supplicant: Wireless event: cmd=0x8b19 len=8
06-19 19:50:48.961   325   325 D wpa_supplicant: Received 0 bytes of scan results (0 BSSes)
06-19 19:50:54.043   325   325 D wpa_supplicant: WPS: Building WPS IE for Probe Request
06-19 19:50:54.043   325   325 D wpa_supplicant: WPS:  * Version (hardcoded 0x10)
06-19 19:50:54.043   325   325 D wpa_supplicant: WPS:  * Request Type
06-19 19:50:54.043   325   325 D wpa_supplicant: WPS:  * Config Methods (2388)
06-19 19:50:54.043   325   325 D wpa_supplicant: WPS:  * UUID-E
06-19 19:50:54.043   325   325 D wpa_supplicant: WPS:  * Primary Device Type
06-19 19:50:54.043   325   325 D wpa_supplicant: WPS:  * RF Bands (3)
06-19 19:50:54.043   325   325 D wpa_supplicant: WPS:  * Association State
06-19 19:50:54.043   325   325 D wpa_supplicant: WPS:  * Configuration Error (0)
06-19 19:50:54.043   325   325 D wpa_supplicant: WPS:  * Device Password ID (0)
06-19 19:50:54.043   325   325 D wpa_supplicant: WPS:  * Manufacturer
06-19 19:50:54.043   325   325 D wpa_supplicant: WPS:  * Model Name
06-19 19:50:54.043   325   325 D wpa_supplicant: WPS:  * Model Number
06-19 19:50:54.043   325   325 D wpa_supplicant: WPS:  * Device Name
06-19 19:50:54.043   325   325 D wpa_supplicant: WPS:  * Version2 (0x20)
06-19 19:50:54.043   325   325 D wpa_supplicant: wpa_driver_wext_combo_scan: Start
06-19 19:50:54.043   325   325 D wpa_supplicant: For Scan: (null)
06-19 19:50:54.046  2493  2493 D OpenGLRenderer: Flushing caches (mode 1)
06-19 19:50:54.101   325   325 D wpa_supplicant: Scan requested (ret=0) - scan timeout 30 seconds
06-19 19:50:55.011   325   325 D wpa_supplicant: RTM_NEWLINK: operstate=0 ifi_flags=0x11003 ([UP][LOWER_UP])
06-19 19:50:55.011   325   325 D wpa_supplicant: RTM_NEWLINK, IFLA_IFNAME: Interface 'wlan0' added
06-19 19:50:55.011   325   325 D wpa_supplicant: Wireless event: cmd=0x8b19 len=8
06-19 19:50:55.011   325   325 D wpa_supplicant: Received 0 bytes of scan results (0 BSSes)
06-19 19:50:57.023   151   168 I ActivityManager: Start proc com.google.android.apps.maps:NetworkLocationService for service com.google.android.apps.maps/com.google.android.location.internal.server.NetworkLocationService: pid=2617 uid=10069 gids={3003, 1015}
06-19 19:50:57.140  2617  2619 D dalvikvm: GC_CONCURRENT freed 161K, 3% free 9375K/9607K, paused 2ms+2ms
06-19 19:50:57.468  2617  2619 D dalvikvm: GC_CONCURRENT freed 177K, 3% free 9700K/9991K, paused 2ms+2ms
06-19 19:50:57.660  2617  2619 D dalvikvm: GC_CONCURRENT freed 155K, 3% free 10082K/10311K, paused 1ms+3ms
06-19 19:50:57.840  2617  2619 D dalvikvm: GC_CONCURRENT freed 660K, 8% free 9881K/10631K, paused 1ms+2ms
06-19 19:50:57.890   151   168 I ActivityManager: Start proc com.google.android.apps.maps:FriendService for broadcast com.google.android.apps.maps/com.google.googlenav.friend.android.ServiceReceiver: pid=2638 uid=10069 gids={3003, 1015}
06-19 19:50:58.004  2638  2641 D dalvikvm: GC_CONCURRENT freed 165K, 3% free 9370K/9607K, paused 2ms+2ms
06-19 19:50:58.148  2638  2641 D dalvikvm: GC_CONCURRENT freed 221K, 3% free 9696K/9991K, paused 2ms+3ms
06-19 19:50:58.191   151   599 I ActivityManager: Start proc com.google.android.apps.maps:LocationFriendService for broadcast com.google.android.apps.maps/com.google.googlenav.friend.reporting.LocationReportingIntentReceiver: pid=2651 uid=10069 gids={3003, 1015}
06-19 19:50:58.308  2651  2654 D dalvikvm: GC_CONCURRENT freed 168K, 3% free 9368K/9607K, paused 2ms+2ms
06-19 19:50:58.394  2617  2624 I dalvikvm: Total arena pages for JIT: 11
06-19 19:50:58.402  2617  2624 I dalvikvm: Total arena pages for JIT: 12
06-19 19:50:58.402  2617  2624 I dalvikvm: Total arena pages for JIT: 13
06-19 19:50:58.402  2617  2624 I dalvikvm: Total arena pages for JIT: 14
06-19 19:50:58.402  2617  2624 I dalvikvm: Total arena pages for JIT: 15
06-19 19:50:58.441  2617  2624 I dalvikvm: Total arena pages for JIT: 16
06-19 19:50:58.441  2617  2624 I dalvikvm: Total arena pages for JIT: 17
06-19 19:50:58.461  2651  2654 D dalvikvm: GC_CONCURRENT freed 238K, 4% free 9681K/9991K, paused 2ms+3ms
06-19 19:50:58.578   151   700 D dalvikvm: GC_EXPLICIT freed 616K, 15% free 14533K/16967K, paused 2ms+9ms
06-19 19:50:58.679  2651  2654 D dalvikvm: GC_CONCURRENT freed 250K, 4% free 9888K/10247K, paused 2ms+2ms
06-19 19:50:58.816  2617  2619 D dalvikvm: GC_CONCURRENT freed 181K, 5% free 10170K/10631K, paused 2ms+3ms
06-19 19:50:58.816  2581  2584 D dalvikvm: GC_CONCURRENT freed 435K, 5% free 10663K/11207K, paused 2ms+3ms
06-19 19:50:58.871  2617  2624 I dalvikvm: Total arena pages for JIT: 18
06-19 19:50:58.875   325   325 D wpa_supplicant: wpa_driver_wext_driver_cmd SETSUSPENDOPT 0 len = 4096
06-19 19:50:58.875   325   325 D wpa_supplicant: wpa_driver_wext_driver_cmd SETSUSPENDOPT 0 len = 0, 15
06-19 19:50:58.875   325   325 D wpa_supplicant: wpa_driver_wext_driver_cmd POWERMODE 0 len = 4096
06-19 19:50:58.882   325   325 D wpa_supplicant: wpa_driver_wext_driver_cmd OK len = 0, 2
06-19 19:50:58.882   325   325 D wpa_supplicant: WPS: Building WPS IE for Probe Request
06-19 19:50:58.882   325   325 D wpa_supplicant: WPS:  * Version (hardcoded 0x10)
06-19 19:50:58.882   325   325 D wpa_supplicant: WPS:  * Request Type
06-19 19:50:58.882   325   325 D wpa_supplicant: WPS:  * Config Methods (2388)
06-19 19:50:58.882   325   325 D wpa_supplicant: WPS:  * UUID-E
06-19 19:50:58.882   325   325 D wpa_supplicant: WPS:  * Primary Device Type
06-19 19:50:58.882   325   325 D wpa_supplicant: WPS:  * RF Bands (3)
06-19 19:50:58.882   325   325 D wpa_supplicant: WPS:  * Association State
06-19 19:50:58.882   325   325 D wpa_supplicant: WPS:  * Configuration Error (0)
06-19 19:50:58.882   325   325 D wpa_supplicant: WPS:  * Device Password ID (0)
06-19 19:50:58.882   325   325 D wpa_supplicant: WPS:  * Manufacturer
06-19 19:50:58.882   325   325 D wpa_supplicant: WPS:  * Model Name
06-19 19:50:58.882   325   325 D wpa_supplicant: WPS:  * Model Number
06-19 19:50:58.882   325   325 D wpa_supplicant: WPS:  * Device Name
06-19 19:50:58.882   325   325 D wpa_supplicant: WPS:  * Version2 (0x20)
06-19 19:50:58.882   325   325 D wpa_supplicant: wpa_driver_wext_combo_scan: Start
06-19 19:50:58.882   325   325 D wpa_supplicant: For Scan: (null)
06-19 19:50:58.929   325   325 D wpa_supplicant: Scan requested (ret=0) - scan timeout 30 seconds
06-19 19:50:59.031   325   325 D wpa_supplicant: Ongoing scan action - reject new request
06-19 19:50:59.410   325   325 D wpa_supplicant: RTM_NEWLINK: operstate=0 ifi_flags=0x11003 ([UP][LOWER_UP])
06-19 19:50:59.410   325   325 D wpa_supplicant: RTM_NEWLINK, IFLA_IFNAME: Interface 'wlan0' added
06-19 19:50:59.410   325   325 D wpa_supplicant: Wireless event: cmd=0x8b19 len=8
06-19 19:50:59.410   325   325 D wpa_supplicant: Received 0 bytes of scan results (0 BSSes)
06-19 19:50:59.437   325   325 D wpa_supplicant: wpa_driver_wext_driver_cmd SETSUSPENDOPT 0 len = 4096
06-19 19:50:59.437   325   325 D wpa_supplicant: wpa_driver_wext_driver_cmd SETSUSPENDOPT 0 len = 0, 15
06-19 19:50:59.437   325   325 D wpa_supplicant: wpa_driver_wext_driver_cmd POWERMODE 0 len = 4096
06-19 19:50:59.441   325   325 D wpa_supplicant: wpa_driver_wext_driver_cmd OK len = 0, 2
06-19 19:53:22.101   603   650 D androidNetworkLocationListeners: Still have listener com.google.android.location.internal.client.NetworkLocationClient$1@41389130
06-19 19:53:22.101   325   325 D wpa_supplicant: wpa_driver_wext_driver_cmd SETSUSPENDOPT 0 len = 4096
06-19 19:53:22.101   325   325 D wpa_supplicant: wpa_driver_wext_driver_cmd SETSUSPENDOPT 0 len = 0, 15
06-19 19:53:22.105   325   325 D wpa_supplicant: WPS: Building WPS IE for Probe Request
06-19 19:53:22.105   325   325 D wpa_supplicant: WPS:  * Version (hardcoded 0x10)
06-19 19:53:22.105   325   325 D wpa_supplicant: WPS:  * Request Type
06-19 19:53:22.105   325   325 D wpa_supplicant: WPS:  * Config Methods (2388)
06-19 19:53:22.105   325   325 D wpa_supplicant: WPS:  * UUID-E
06-19 19:53:22.105   325   325 D wpa_supplicant: WPS:  * Primary Device Type
06-19 19:53:22.105   325   325 D wpa_supplicant: WPS:  * RF Bands (3)
06-19 19:53:22.105   325   325 D wpa_supplicant: WPS:  * Association State
06-19 19:53:22.105   325   325 D wpa_supplicant: WPS:  * Configuration Error (0)
06-19 19:53:22.105   325   325 D wpa_supplicant: WPS:  * Device Password ID (0)
06-19 19:53:22.105   325   325 D wpa_supplicant: WPS:  * Manufacturer
06-19 19:53:22.105   325   325 D wpa_supplicant: WPS:  * Model Name
06-19 19:53:22.105   325   325 D wpa_supplicant: WPS:  * Model Number
06-19 19:53:22.105   325   325 D wpa_supplicant: WPS:  * Device Name
06-19 19:53:22.105   325   325 D wpa_supplicant: WPS:  * Version2 (0x20)
06-19 19:53:22.105   325   325 D wpa_supplicant: wpa_driver_wext_combo_scan: Start
06-19 19:53:22.105   325   325 D wpa_supplicant: For Scan: (null)
06-19 19:53:22.113   603   650 D androidNetworkLocationListeners: Still have listener com.google.android.location.internal.client.NetworkLocationClient$1@41389130
06-19 19:53:22.156   325   325 D wpa_supplicant: Scan requested (ret=0) - scan timeout 30 seconds
06-19 19:53:22.156   325   325 D wpa_supplicant: wpa_driver_wext_driver_cmd POWERMODE 0 len = 4096
06-19 19:53:22.160   325   325 D wpa_supplicant: wpa_driver_wext_driver_cmd OK len = 0, 2
06-19 19:53:22.164   325   325 D wpa_supplicant: Ongoing scan action - reject new request
06-19 19:53:22.164   325   325 D wpa_supplicant: Ongoing scan action - reject new request
06-19 19:53:22.640   325   325 D wpa_supplicant: RTM_NEWLINK: operstate=0 ifi_flags=0x11003 ([UP][LOWER_UP])
06-19 19:53:22.640   325   325 D wpa_supplicant: RTM_NEWLINK, IFLA_IFNAME: Interface 'wlan0' added
06-19 19:53:22.640   325   325 D wpa_supplicant: Wireless event: cmd=0x8b19 len=8
06-19 19:53:22.652   325   325 D wpa_supplicant: Received 0 bytes of scan results (0 BSSes)
06-19 19:53:22.675   603   732 D WifiLocator: Too many no-location APs. Will not compute a location nor go to the server. hasLocation=0 noLocation=0 cacheMiss=0
06-19 19:53:22.687   325   325 D wpa_supplicant: wpa_driver_wext_driver_cmd SETSUSPENDOPT 0 len = 4096
06-19 19:53:22.687   325   325 D wpa_supplicant: wpa_driver_wext_driver_cmd SETSUSPENDOPT 0 len = 0, 15
06-19 19:53:22.687   325   325 D wpa_supplicant: wpa_driver_wext_driver_cmd POWERMODE 0 len = 4096
06-19 19:53:22.691   325   325 D wpa_supplicant: wpa_driver_wext_driver_cmd OK len = 0, 2
06-19 19:53:44.273   151   168 I ActivityManager: Start proc com.laurencedawson.reddit_sync:remote for broadcast com.laurencedawson.reddit_sync/.RedditMessageReceiver: pid=2677 uid=10078 gids={3003, 1015}
06-19 19:53:44.386   151   428 I ActivityManager: Start proc com.laurencedawson.reddit_sync for service com.laurencedawson.reddit_sync/.ui.RedditMailService: pid=2693 uid=10078 gids={3003, 1015}
06-19 19:53:44.425  2693  2693 I ActivityThread: Pub com.laurencedawson.reddit_sync.provider.RedditProvider: com.laurencedawson.reddit_sync.provider.RedditProvider
06-19 19:54:07.136   325   325 D wpa_supplicant: wpa_driver_wext_driver_cmd SETSUSPENDOPT 0 len = 4096
06-19 19:54:07.136   325   325 D wpa_supplicant: wpa_driver_wext_driver_cmd SETSUSPENDOPT 0 len = 0, 15
06-19 19:54:07.136   325   325 D wpa_supplicant: WPS: Building WPS IE for Probe Request
06-19 19:54:07.136   325   325 D wpa_supplicant: WPS:  * Version (hardcoded 0x10)
06-19 19:54:07.136   325   325 D wpa_supplicant: WPS:  * Request Type
06-19 19:54:07.136   325   325 D wpa_supplicant: WPS:  * Config Methods (2388)
06-19 19:54:07.136   325   325 D wpa_supplicant: WPS:  * UUID-E
06-19 19:54:07.136   325   325 D wpa_supplicant: WPS:  * Primary Device Type
06-19 19:54:07.136   325   325 D wpa_supplicant: WPS:  * RF Bands (3)
06-19 19:54:07.136   325   325 D wpa_supplicant: WPS:  * Association State
06-19 19:54:07.136   325   325 D wpa_supplicant: WPS:  * Configuration Error (0)
06-19 19:54:07.136   325   325 D wpa_supplicant: WPS:  * Device Password ID (0)
06-19 19:54:07.136   325   325 D wpa_supplicant: WPS:  * Manufacturer
06-19 19:54:07.136   325   325 D wpa_supplicant: WPS:  * Model Name
06-19 19:54:07.136   325   325 D wpa_supplicant: WPS:  * Model Number
06-19 19:54:07.136   325   325 D wpa_supplicant: WPS:  * Device Name
06-19 19:54:07.136   325   325 D wpa_supplicant: WPS:  * Version2 (0x20)
06-19 19:54:07.136   325   325 D wpa_supplicant: wpa_driver_wext_combo_scan: Start
06-19 19:54:07.136   325   325 D wpa_supplicant: For Scan: (null)
06-19 19:54:07.187   325   325 D wpa_supplicant: Scan requested (ret=0) - scan timeout 30 seconds
06-19 19:54:07.187   325   325 D wpa_supplicant: wpa_driver_wext_driver_cmd POWERMODE 0 len = 4096
06-19 19:54:07.191   325   325 D wpa_supplicant: wpa_driver_wext_driver_cmd OK len = 0, 2
06-19 19:54:07.191   325   325 D wpa_supplicant: Ongoing scan action - reject new request
06-19 19:54:07.285  2693  2707 I SqliteDatabaseCpp: sqlite returned: error code = 5, msg = statement aborts at 1: [PRAGMA journal_mode=TRUNCATE] , db=/data/data/com.laurencedawson.reddit_sync/databases/google_analytics.db
06-19 19:54:07.504  2693  2695 D dalvikvm: GC_CONCURRENT freed 282K, 5% free 9198K/9607K, paused 2ms+2ms
06-19 19:54:07.504  2693  2702 E SQLiteDatabase: close() was never explicitly called on database '/data/data/com.laurencedawson.reddit_sync/databases/webview.db' 
06-19 19:54:07.504  2693  2702 E SQLiteDatabase: android.database.sqlite.DatabaseObjectNotClosedException: Application did not close the cursor or database object that was opened here
06-19 19:54:07.504  2693  2702 E SQLiteDatabase: 	at android.database.sqlite.SQLiteDatabase.<init>(SQLiteDatabase.java:1943)
06-19 19:54:07.504  2693  2702 E SQLiteDatabase: 	at android.database.sqlite.SQLiteDatabase.openDatabase(SQLiteDatabase.java:1007)
06-19 19:54:07.504  2693  2702 E SQLiteDatabase: 	at android.database.sqlite.SQLiteDatabase.openDatabase(SQLiteDatabase.java:986)
06-19 19:54:07.504  2693  2702 E SQLiteDatabase: 	at android.database.sqlite.SQLiteDatabase.openDatabase(SQLiteDatabase.java:962)
06-19 19:54:07.504  2693  2702 E SQLiteDatabase: 	at android.database.sqlite.SQLiteDatabase.openOrCreateDatabase(SQLiteDatabase.java:1043)
06-19 19:54:07.504  2693  2702 E SQLiteDatabase: 	at android.database.sqlite.SQLiteDatabase.openOrCreateDatabase(SQLiteDatabase.java:1036)
06-19 19:54:07.504  2693  2702 E SQLiteDatabase: 	at android.app.ContextImpl.openOrCreateDatabase(ContextImpl.java:761)
06-19 19:54:07.504  2693  2702 E SQLiteDatabase: 	at android.content.ContextWrapper.openOrCreateDatabase(ContextWrapper.java:215)
06-19 19:54:07.504  2693  2702 E SQLiteDatabase: 	at android.webkit.WebViewDatabase.initDatabase(WebViewDatabase.java:223)
06-19 19:54:07.504  2693  2702 E SQLiteDatabase: 	at android.webkit.WebViewDatabase.init(WebViewDatabase.java:209)
06-19 19:54:07.504  2693  2702 E SQLiteDatabase: 	at android.webkit.WebViewDatabase.access$000(WebViewDatabase.java:38)
06-19 19:54:07.504  2693  2702 E SQLiteDatabase: 	at android.webkit.WebViewDatabase$1.run(WebViewDatabase.java:190)
06-19 19:54:07.672   325   325 D wpa_supplicant: RTM_NEWLINK: operstate=0 ifi_flags=0x11003 ([UP][LOWER_UP])
06-19 19:54:07.672   325   325 D wpa_supplicant: RTM_NEWLINK, IFLA_IFNAME: Interface 'wlan0' added
06-19 19:54:07.672   325   325 D wpa_supplicant: Wireless event: cmd=0x8b19 len=8
06-19 19:54:07.683   325   325 D wpa_supplicant: Received 894 bytes of scan results (4 BSSes)
06-19 19:54:07.726   603   732 D WifiLocator: Too many cache  misses. Need server request. hasLocation=0 noLocation=0 cacheMiss=4
06-19 19:54:07.726   603   732 D NetworkLocator: New location significantly newer than previous. Reporting it.
06-19 19:54:07.750   603   660 I System.out: [INFO:5996331]: LogSource: Running flush
06-19 19:54:07.754   603   662 I System.out: [INFO:5996334]: LogSource: Sending payload [bytes=459]
06-19 19:54:10.203   603   662 I System.out: [INFO:5998783]: LogSource: Response [http=200,length=200]
06-19 19:54:10.211   603   660 I System.out: [INFO:5998791]: LogSource: Read id 14, status code 200
06-19 19:54:10.238   603   732 D WifiLocator: Too many no-location APs. Will not compute a location nor go to the server. hasLocation=0 noLocation=0 cacheMiss=0
06-19 19:54:10.242   325   325 D wpa_supplicant: wpa_driver_wext_driver_cmd SETSUSPENDOPT 0 len = 4096
06-19 19:54:10.242   325   325 D wpa_supplicant: wpa_driver_wext_driver_cmd SETSUSPENDOPT 0 len = 0, 15
06-19 19:54:10.242   325   325 D wpa_supplicant: wpa_driver_wext_driver_cmd POWERMODE 0 len = 4096
06-19 19:54:10.257   325   325 D wpa_supplicant: wpa_driver_wext_driver_cmd OK len = 0, 2
06-19 19:54:42.761  1565  1565 I PhoneLab-Locks: wake lock acquired
06-19 19:54:42.789  1565  1565 I PhoneLab-StatusMonitor: Status Monitoring is started
06-19 19:54:42.828  1565  1568 D dalvikvm: GC_CONCURRENT freed 506K, 19% free 9242K/11271K, paused 2ms+3ms
06-19 19:54:42.859  1565  1565 I PhoneLab-StatusMonitor: Value: 10 - unit: min
06-19 19:54:42.859  1565  1565 I PhoneLab-StatusMonitor: Running interval: 600000
06-19 19:54:42.867  1565  1565 I PhoneLab-StatusMonitor: Rescheduling status monitoring...
06-19 19:54:42.867  1565  1565 I PhoneLab-Locks: wake lock released
06-19 19:54:42.875  1565  1565 I PhoneLab-StatusMonitorLocation: Learning Location
06-19 19:54:42.875  1565  1565 I PhoneLab-Locks: wake lock acquired
06-19 19:54:42.878  1565  1565 I PhoneLab-Locks: wake lock acquired
06-19 19:54:42.878   603   650 D androidNetworkLocationListeners: Still have listener com.google.android.location.internal.client.NetworkLocationClient$1@41389130
06-19 19:54:42.882  1565  1565 I PhoneLab-StatusMonitorLocation: Learning Signal Strgth
06-19 19:54:42.882  1565  1565 I PhoneLab-Locks: wake lock acquired
06-19 19:54:42.882   325   325 D wpa_supplicant: wpa_driver_wext_driver_cmd SETSUSPENDOPT 0 len = 4096
06-19 19:54:42.882   325   325 D wpa_supplicant: wpa_driver_wext_driver_cmd SETSUSPENDOPT 0 len = 0, 15
06-19 19:54:42.882   325   325 D wpa_supplicant: WPS: Building WPS IE for Probe Request
06-19 19:54:42.882   325   325 D wpa_supplicant: WPS:  * Version (hardcoded 0x10)
06-19 19:54:42.882   325   325 D wpa_supplicant: WPS:  * Request Type
06-19 19:54:42.882   325   325 D wpa_supplicant: WPS:  * Config Methods (2388)
06-19 19:54:42.882   325   325 D wpa_supplicant: WPS:  * UUID-E
06-19 19:54:42.882   325   325 D wpa_supplicant: WPS:  * Primary Device Type
06-19 19:54:42.882   325   325 D wpa_supplicant: WPS:  * RF Bands (3)
06-19 19:54:42.882   325   325 D wpa_supplicant: WPS:  * Association State
06-19 19:54:42.882   325   325 D wpa_supplicant: WPS:  * Configuration Error (0)
06-19 19:54:42.882   325   325 D wpa_supplicant: WPS:  * Device Password ID (0)
06-19 19:54:42.882   325   325 D wpa_supplicant: WPS:  * Manufacturer
06-19 19:54:42.882   325   325 D wpa_supplicant: WPS:  * Model Name
06-19 19:54:42.882   325   325 D wpa_supplicant: WPS:  * Model Number
06-19 19:54:42.882   325   325 D wpa_supplicant: WPS:  * Device Name
06-19 19:54:42.882   325   325 D wpa_supplicant: WPS:  * Version2 (0x20)
06-19 19:54:42.882   325   325 D wpa_supplicant: wpa_driver_wext_combo_scan: Start
06-19 19:54:42.882   325   325 D wpa_supplicant: For Scan: (null)
06-19 19:54:42.890   603   650 D androidNetworkLocationListeners: Still have listener com.google.android.location.internal.client.NetworkLocationClient$1@41389130
06-19 19:54:42.890  1565  1565 I PhoneLab-StatusMonitorBattery: Battery_level: 84
06-19 19:54:42.890  1565  1565 I PhoneLab-Locks: wake lock released
06-19 19:54:42.890  1565  1565 I PhoneLab-StatusMonitorSignal: Signal_Strength: -76 asu: 19
06-19 19:54:42.890  1565  1565 I PhoneLab-Locks: wake lock released
06-19 19:54:42.918   325   325 E wpa_supplicant: ioctl[SIOCSIWPRIV] (cscan): -1
06-19 19:54:42.918   325   325 D wpa_supplicant: Scan requested (ret=-1) - scan timeout 30 seconds
06-19 19:54:42.918   325   325 W wpa_supplicant: wlan0: Failed to initiate AP scan
06-19 19:54:42.918   325   325 D wpa_supplicant: wpa_driver_wext_driver_cmd POWERMODE 0 len = 4096
06-19 19:54:42.937   325   325 D wpa_supplicant: wpa_driver_wext_driver_cmd OK len = 0, 2
06-19 19:54:42.996   603   604 D dalvikvm: GC_CONCURRENT freed 446K, 8% free 10272K/11143K, paused 2ms+4ms
06-19 19:54:43.011   325   325 D wpa_supplicant: wpa_driver_wext_driver_cmd SETSUSPENDOPT 0 len = 4096
06-19 19:54:43.011   325   325 D wpa_supplicant: wpa_driver_wext_driver_cmd SETSUSPENDOPT 0 len = 0, 15
06-19 19:54:43.011   325   325 D wpa_supplicant: wpa_driver_wext_driver_cmd POWERMODE 0 len = 4096
06-19 19:54:43.015   325   325 D wpa_supplicant: wpa_driver_wext_driver_cmd OK len = 0, 2
06-19 19:54:43.015   325   325 D wpa_supplicant: wpa_driver_wext_driver_cmd SETSUSPENDOPT 0 len = 4096
06-19 19:54:43.015   325   325 D wpa_supplicant: wpa_driver_wext_driver_cmd SETSUSPENDOPT 0 len = 0, 15
06-19 19:54:43.019   325   325 D wpa_supplicant: wpa_driver_wext_driver_cmd POWERMODE 0 len = 4096
06-19 19:54:43.023   325   325 D wpa_supplicant: wpa_driver_wext_driver_cmd OK len = 0, 2
06-19 19:54:43.023   325   325 D wpa_supplicant: WPS: Building WPS IE for Probe Request
06-19 19:54:43.023   325   325 D wpa_supplicant: WPS:  * Version (hardcoded 0x10)
06-19 19:54:43.023   325   325 D wpa_supplicant: WPS:  * Request Type
06-19 19:54:43.023   325   325 D wpa_supplicant: WPS:  * Config Methods (2388)
06-19 19:54:43.023   325   325 D wpa_supplicant: WPS:  * UUID-E
06-19 19:54:43.023   325   325 D wpa_supplicant: WPS:  * Primary Device Type
06-19 19:54:43.023   325   325 D wpa_supplicant: WPS:  * RF Bands (3)
06-19 19:54:43.023   325   325 D wpa_supplicant: WPS:  * Association State
06-19 19:54:43.023   325   325 D wpa_supplicant: WPS:  * Configuration Error (0)
06-19 19:54:43.023   325   325 D wpa_supplicant: WPS:  * Device Password ID (0)
06-19 19:54:43.023   325   325 D wpa_supplicant: WPS:  * Manufacturer
06-19 19:54:43.023   325   325 D wpa_supplicant: WPS:  * Model Name
06-19 19:54:43.023   325   325 D wpa_supplicant: WPS:  * Model Number
06-19 19:54:43.023   325   325 D wpa_supplicant: WPS:  * Device Name
06-19 19:54:43.023   325   325 D wpa_supplicant: WPS:  * Version2 (0x20)
06-19 19:54:43.023   325   325 D wpa_supplicant: wpa_driver_wext_combo_scan: Start
06-19 19:54:43.023   325   325 D wpa_supplicant: For Scan: (null)
06-19 19:54:43.027   325   325 D wpa_supplicant: Scan requested (ret=0) - scan timeout 30 seconds
06-19 19:54:43.050  1565  1565 I PhoneLab-StatusMonitorLocation: Location_Latitude: 42.9886984 Longitude: -78.798019 Accuracy: 45.0
06-19 19:54:43.050   603   650 D androidNetworkLocationListeners: Still have listener com.google.android.location.internal.client.NetworkLocationClient$1@41389130
06-19 19:54:43.054   325   325 D wpa_supplicant: Ongoing scan action - reject new request
06-19 19:54:43.054  1565  1565 I PhoneLab-Locks: wake lock released
06-19 19:54:43.519   325   325 D wpa_supplicant: RTM_NEWLINK: operstate=0 ifi_flags=0x11003 ([UP][LOWER_UP])
06-19 19:54:43.519   325   325 D wpa_supplicant: RTM_NEWLINK, IFLA_IFNAME: Interface 'wlan0' added
06-19 19:54:43.519   325   325 D wpa_supplicant: Wireless event: cmd=0x8b19 len=8
06-19 19:54:43.519   325   325 D wpa_supplicant: Received 0 bytes of scan results (0 BSSes)
06-19 19:54:43.617   325   325 D wpa_supplicant: wpa_driver_wext_driver_cmd SETSUSPENDOPT 0 len = 4096
06-19 19:54:43.617   325   325 D wpa_supplicant: wpa_driver_wext_driver_cmd SETSUSPENDOPT 0 len = 0, 15
06-19 19:54:43.621   325   325 D wpa_supplicant: wpa_driver_wext_driver_cmd POWERMODE 0 len = 4096
06-19 19:54:43.621   325   325 D wpa_supplicant: wpa_driver_wext_driver_cmd OK len = 0, 2
06-19 19:55:28.089   325   325 D wpa_supplicant: wpa_driver_wext_driver_cmd SETSUSPENDOPT 0 len = 4096
06-19 19:55:28.089   325   325 D wpa_supplicant: wpa_driver_wext_driver_cmd SETSUSPENDOPT 0 len = 0, 15
06-19 19:55:28.089   325   325 D wpa_supplicant: WPS: Building WPS IE for Probe Request
06-19 19:55:28.089   325   325 D wpa_supplicant: WPS:  * Version (hardcoded 0x10)
06-19 19:55:28.089   325   325 D wpa_supplicant: WPS:  * Request Type
06-19 19:55:28.089   325   325 D wpa_supplicant: WPS:  * Config Methods (2388)
06-19 19:55:28.089   325   325 D wpa_supplicant: WPS:  * UUID-E
06-19 19:55:28.089   325   325 D wpa_supplicant: WPS:  * Primary Device Type
06-19 19:55:28.089   325   325 D wpa_supplicant: WPS:  * RF Bands (3)
06-19 19:55:28.089   325   325 D wpa_supplicant: WPS:  * Association State
06-19 19:55:28.089   325   325 D wpa_supplicant: WPS:  * Configuration Error (0)
06-19 19:55:28.089   325   325 D wpa_supplicant: WPS:  * Device Password ID (0)
06-19 19:55:28.089   325   325 D wpa_supplicant: WPS:  * Manufacturer
06-19 19:55:28.089   325   325 D wpa_supplicant: WPS:  * Model Name
06-19 19:55:28.089   325   325 D wpa_supplicant: WPS:  * Model Number
06-19 19:55:28.089   325   325 D wpa_supplicant: WPS:  * Device Name
06-19 19:55:28.089   325   325 D wpa_supplicant: WPS:  * Version2 (0x20)
06-19 19:55:28.089   325   325 D wpa_supplicant: wpa_driver_wext_combo_scan: Start
06-19 19:55:28.089   325   325 D wpa_supplicant: For Scan: (null)
06-19 19:55:28.140   325   325 D wpa_supplicant: Scan requested (ret=0) - scan timeout 30 seconds
06-19 19:55:28.140   325   325 D wpa_supplicant: wpa_driver_wext_driver_cmd POWERMODE 0 len = 4096
06-19 19:55:28.144   325   325 D wpa_supplicant: wpa_driver_wext_driver_cmd OK len = 0, 2
06-19 19:55:28.144   325   325 D wpa_supplicant: Ongoing scan action - reject new request
06-19 19:55:28.613  1565  1581 I PhoneLab-: Service Running
06-19 19:55:28.625   325   325 D wpa_supplicant: RTM_NEWLINK: operstate=0 ifi_flags=0x11003 ([UP][LOWER_UP])
06-19 19:55:28.625   325   325 D wpa_supplicant: RTM_NEWLINK, IFLA_IFNAME: Interface 'wlan0' added
06-19 19:55:28.625   325   325 D wpa_supplicant: Wireless event: cmd=0x8b19 len=8
06-19 19:55:28.629   325   325 D wpa_supplicant: Received 0 bytes of scan results (0 BSSes)
06-19 19:55:28.668   603   732 D WifiLocator: Too many no-location APs. Will not compute a location nor go to the server. hasLocation=0 noLocation=0 cacheMiss=0
06-19 19:55:28.668   325   325 D wpa_supplicant: wpa_driver_wext_driver_cmd SETSUSPENDOPT 0 len = 4096
06-19 19:55:28.668   325   325 D wpa_supplicant: wpa_driver_wext_driver_cmd SETSUSPENDOPT 0 len = 0, 15
06-19 19:55:28.668   325   325 D wpa_supplicant: wpa_driver_wext_driver_cmd POWERMODE 0 len = 4096
06-19 19:55:28.672   325   325 D wpa_supplicant: wpa_driver_wext_driver_cmd OK len = 0, 2
06-19 19:55:28.722  1565  1581 I PhoneLab-LoggerService: app_38    1593  1565  1988   1620  c00f181c 400107b4 S logcat
06-19 19:55:28.722  1565  1581 I PhoneLab-LoggerService: Logcat pid from database 1593
06-19 19:55:28.722  1565  1581 I PhoneLab-LoggerService: Logcat process found 1593
06-19 19:55:28.722  1565  1581 I PhoneLab-LoggerService: Checking Threshold
06-19 19:55:28.722  1565  1581 I PhoneLab-LoggerService: Starting to rename files
06-19 19:55:28.722  1565  1581 I PhoneLab-LoggerService: Files found .. 2
06-19 19:55:28.722  1565  1581 I PhoneLab-LoggerService: File 1 log.out.1
06-19 19:55:28.734  1565  1581 I PhoneLab-LoggerService: Renamed successfully
06-19 19:55:28.734  1565  1581 I PhoneLab-: Service Running
06-19 19:55:28.746  1565  1568 D dalvikvm: GC_CONCURRENT freed 427K, 19% free 9213K/11271K, paused 2ms+2ms
06-19 19:55:28.773  1565  1581 I PhoneLab-LoggerService: app_38    1593  1565  1988   1620  c00f181c 400107b4 S logcat
06-19 19:55:28.773  1565  1581 I PhoneLab-LoggerService: Logcat pid from database 1593
06-19 19:55:28.773  1565  1581 I PhoneLab-LoggerService: Logcat process found 1593
06-19 19:55:28.773  1565  1581 I PhoneLab-LoggerService: Checking Threshold
06-19 19:55:28.773  1565  1581 I PhoneLab-LoggerService: Starting to rename files
06-19 19:55:28.773  1565  1581 I PhoneLab-LoggerService: Files found .. 2
06-19 19:55:28.777  1565  1581 I PhoneLab-: Service Running
06-19 19:55:28.804  1565  1581 I PhoneLab-LoggerService: app_38    1593  1565  1988   1620  c00f181c 400107b4 S logcat
06-19 19:55:28.804  1565  1581 I PhoneLab-LoggerService: Logcat pid from database 1593
06-19 19:55:28.804  1565  1581 I PhoneLab-LoggerService: Logcat process found 1593
06-19 19:55:28.804  1565  1581 I PhoneLab-LoggerService: Checking Threshold
06-19 19:55:28.804  1565  1581 I PhoneLab-LoggerService: Starting to rename files
06-19 19:55:28.804  1565  1581 I PhoneLab-LoggerService: Files found .. 2
06-19 19:55:29.050   151  1217 D AlarmManagerService: Kernel timezone updated to 240 minutes west of GMT
06-19 19:55:29.054   398   398 D SystemClock: Setting time of day to sec=1340150128
06-19 19:55:28.095   151   168 I ActivityManager: Start proc com.android.calendar for broadcast com.android.calendar/.widget.CalendarAppWidgetService$CalendarFactory: pid=2724 uid=10005 gids={3003}
06-19 19:55:28.169  2724  2724 I ActivityThread: Pub com.android.calendar.CalendarRecentSuggestionsProvider: com.android.calendar.CalendarRecentSuggestionsProvider
06-19 19:55:28.224   151   700 I ActivityManager: Start proc com.android.deskclock for broadcast com.android.deskclock/.AlarmInitReceiver: pid=2740 uid=10011 gids={}
06-19 19:55:28.259    80    80 D dalvikvm: GC_EXPLICIT freed 37K, 4% free 9031K/9347K, paused 5ms+2ms
06-19 19:55:28.302    80    80 D dalvikvm: GC_EXPLICIT freed <1K, 4% free 9031K/9347K, paused 1ms+2ms
06-19 19:55:28.317  2740  2740 I ActivityThread: Pub com.android.deskclock: com.android.deskclock.AlarmProvider
06-19 19:55:28.345    80    80 D dalvikvm: GC_EXPLICIT freed <1K, 4% free 9031K/9347K, paused 2ms+2ms
06-19 19:55:28.399  2740  2754 V AlarmClock: AlarmInitReceiver finished
06-19 19:55:54.039   325   325 D wpa_supplicant: WPS: Building WPS IE for Probe Request
06-19 19:55:54.039   325   325 D wpa_supplicant: WPS:  * Version (hardcoded 0x10)
06-19 19:55:54.043   325   325 D wpa_supplicant: WPS:  * Request Type
06-19 19:55:54.043   325   325 D wpa_supplicant: WPS:  * Config Methods (2388)
06-19 19:55:54.043   325   325 D wpa_supplicant: WPS:  * UUID-E
06-19 19:55:54.043   325   325 D wpa_supplicant: WPS:  * Primary Device Type
06-19 19:55:54.043   325   325 D wpa_supplicant: WPS:  * RF Bands (3)
06-19 19:55:54.043   325   325 D wpa_supplicant: WPS:  * Association State
06-19 19:55:54.043   325   325 D wpa_supplicant: WPS:  * Configuration Error (0)
06-19 19:55:54.043   325   325 D wpa_supplicant: WPS:  * Device Password ID (0)
06-19 19:55:54.043   325   325 D wpa_supplicant: WPS:  * Manufacturer
06-19 19:55:54.043   325   325 D wpa_supplicant: WPS:  * Model Name
06-19 19:55:54.043   325   325 D wpa_supplicant: WPS:  * Model Number
06-19 19:55:54.043   325   325 D wpa_supplicant: WPS:  * Device Name
06-19 19:55:54.043   325   325 D wpa_supplicant: WPS:  * Version2 (0x20)
06-19 19:55:54.043   325   325 D wpa_supplicant: wpa_driver_wext_combo_scan: Start
06-19 19:55:54.043   325   325 D wpa_supplicant: For Scan: (null)
06-19 19:55:54.109   325   325 D wpa_supplicant: Scan requested (ret=0) - scan timeout 30 seconds
06-19 19:55:55.019   325   325 D wpa_supplicant: RTM_NEWLINK: operstate=0 ifi_flags=0x11003 ([UP][LOWER_UP])
