06-26 22:01:30.320  8292  8292 D wpa_supplicant: WPS:  * Device Password ID (0)
06-26 22:01:30.320  8292  8292 D wpa_supplicant: WPS:  * Manufacturer
06-26 22:01:30.320  8292  8292 D wpa_supplicant: WPS:  * Model Name
06-26 22:01:30.320  8292  8292 D wpa_supplicant: WPS:  * Model Number
06-26 22:01:30.320  8292  8292 D wpa_supplicant: WPS:  * Device Name
06-26 22:01:30.320  8292  8292 D wpa_supplicant: WPS:  * Version2 (0x20)
06-26 22:01:30.320  8292  8292 D wpa_supplicant: wpa_driver_wext_combo_scan: Start
06-26 22:01:30.320  8292  8292 D wpa_supplicant: For Scan: (null)
06-26 22:01:30.386  8292  8292 D wpa_supplicant: Scan requested (ret=0) - scan timeout 30 seconds
06-26 22:01:30.386  8292  8292 D wpa_supplicant: wpa_driver_wext_driver_cmd SETSUSPENDOPT 0 len = 4096
06-26 22:01:30.390  8292  8292 D wpa_supplicant: wpa_driver_wext_driver_cmd SETSUSPENDOPT 0 len = 0, 15
06-26 22:01:30.390  8292  8292 D wpa_supplicant: wpa_driver_wext_driver_cmd POWERMODE 0 len = 4096
06-26 22:01:30.390  8292  8292 D wpa_supplicant: wpa_driver_wext_driver_cmd OK len = 0, 2
06-26 22:01:30.394  8292  8292 D wpa_supplicant: Ongoing scan action - reject new request
06-26 22:01:30.875  8292  8292 D wpa_supplicant: RTM_NEWLINK: operstate=0 ifi_flags=0x11003 ([UP][LOWER_UP])
06-26 22:01:30.875  8292  8292 D wpa_supplicant: RTM_NEWLINK, IFLA_IFNAME: Interface 'wlan0' added
06-26 22:01:30.875  8292  8292 D wpa_supplicant: Wireless event: cmd=0x8b19 len=8
06-26 22:01:30.886  8292  8292 D wpa_supplicant: Received 2393 bytes of scan results (9 BSSes)
06-26 22:01:30.968  8292  8292 D wpa_supplicant: wpa_driver_wext_driver_cmd SETSUSPENDOPT 0 len = 4096
06-26 22:01:30.968  8292  8292 D wpa_supplicant: wpa_driver_wext_driver_cmd SETSUSPENDOPT 0 len = 0, 15
06-26 22:01:30.968  8292  8292 D wpa_supplicant: wpa_driver_wext_driver_cmd POWERMODE 0 len = 4096
06-26 22:01:30.972  8292  8292 D wpa_supplicant: wpa_driver_wext_driver_cmd OK len = 0, 2
06-26 22:02:15.343  8292  8292 D wpa_supplicant: wpa_driver_wext_driver_cmd SETSUSPENDOPT 0 len = 4096
06-26 22:02:15.343  8292  8292 D wpa_supplicant: wpa_driver_wext_driver_cmd SETSUSPENDOPT 0 len = 0, 15
06-26 22:02:15.343  8292  8292 D wpa_supplicant: WPS: Building WPS IE for Probe Request
06-26 22:02:15.343  8292  8292 D wpa_supplicant: WPS:  * Version (hardcoded 0x10)
06-26 22:02:15.343  8292  8292 D wpa_supplicant: WPS:  * Request Type
06-26 22:02:15.343  8292  8292 D wpa_supplicant: WPS:  * Config Methods (2388)
06-26 22:02:15.343  8292  8292 D wpa_supplicant: WPS:  * UUID-E
06-26 22:02:15.343  8292  8292 D wpa_supplicant: WPS:  * Primary Device Type
06-26 22:02:15.343  8292  8292 D wpa_supplicant: WPS:  * RF Bands (3)
06-26 22:02:15.343  8292  8292 D wpa_supplicant: WPS:  * Association State
06-26 22:02:15.343  8292  8292 D wpa_supplicant: WPS:  * Configuration Error (0)
06-26 22:02:15.343  8292  8292 D wpa_supplicant: WPS:  * Device Password ID (0)
06-26 22:02:15.343  8292  8292 D wpa_supplicant: WPS:  * Manufacturer
06-26 22:02:15.343  8292  8292 D wpa_supplicant: WPS:  * Model Name
06-26 22:02:15.343  8292  8292 D wpa_supplicant: WPS:  * Model Number
06-26 22:02:15.343  8292  8292 D wpa_supplicant: WPS:  * Device Name
06-26 22:02:15.343  8292  8292 D wpa_supplicant: WPS:  * Version2 (0x20)
06-26 22:02:15.343  8292  8292 D wpa_supplicant: wpa_driver_wext_combo_scan: Start
06-26 22:02:15.343  8292  8292 D wpa_supplicant: For Scan: (null)
06-26 22:02:15.433  8292  8292 D wpa_supplicant: Scan requested (ret=0) - scan timeout 30 seconds
06-26 22:02:15.433  8292  8292 D wpa_supplicant: wpa_driver_wext_driver_cmd POWERMODE 0 len = 4096
06-26 22:02:15.445  8292  8292 D wpa_supplicant: wpa_driver_wext_driver_cmd OK len = 0, 2
06-26 22:02:15.449  8292  8292 D wpa_supplicant: Ongoing scan action - reject new request
06-26 22:02:15.918  8292  8292 D wpa_supplicant: RTM_NEWLINK: operstate=0 ifi_flags=0x11003 ([UP][LOWER_UP])
06-26 22:02:15.918  8292  8292 D wpa_supplicant: RTM_NEWLINK, IFLA_IFNAME: Interface 'wlan0' added
06-26 22:02:15.918  8292  8292 D wpa_supplicant: Wireless event: cmd=0x8b19 len=8
06-26 22:02:15.918  8292  8292 D wpa_supplicant: Received 2622 bytes of scan results (10 BSSes)
06-26 22:02:16.058   327   327 D dalvikvm: GC_FOR_ALLOC freed 471K, 54% free 10107K/21767K, paused 22ms
06-26 22:02:16.113   327   329 D dalvikvm: GC_CONCURRENT freed 503K, 54% free 10071K/21767K, paused 2ms+3ms
06-26 22:02:16.218   327   329 D dalvikvm: GC_CONCURRENT freed 428K, 54% free 10082K/21767K, paused 2ms+3ms
06-26 22:02:16.246  8292  8292 D wpa_supplicant: wpa_driver_wext_driver_cmd SETSUSPENDOPT 0 len = 4096
06-26 22:02:16.246  8292  8292 D wpa_supplicant: wpa_driver_wext_driver_cmd SETSUSPENDOPT 0 len = 0, 15
06-26 22:02:16.246  8292  8292 D wpa_supplicant: wpa_driver_wext_driver_cmd POWERMODE 0 len = 4096
06-26 22:02:16.246  8292  8292 D wpa_supplicant: wpa_driver_wext_driver_cmd OK len = 0, 2
06-26 22:02:16.289 31086 31089 D dalvikvm: GC_CONCURRENT freed 465K, 7% free 10776K/11527K, paused 2ms+11ms
06-26 22:03:00.382  8292  8292 D wpa_supplicant: wpa_driver_wext_driver_cmd SETSUSPENDOPT 0 len = 4096
06-26 22:03:00.386  8292  8292 D wpa_supplicant: wpa_driver_wext_driver_cmd SETSUSPENDOPT 0 len = 0, 15
06-26 22:03:00.386  8292  8292 D wpa_supplicant: WPS: Building WPS IE for Probe Request
06-26 22:03:00.386  8292  8292 D wpa_supplicant: WPS:  * Version (hardcoded 0x10)
06-26 22:03:00.386  8292  8292 D wpa_supplicant: WPS:  * Request Type
06-26 22:03:00.386  8292  8292 D wpa_supplicant: WPS:  * Config Methods (2388)
06-26 22:03:00.386  8292  8292 D wpa_supplicant: WPS:  * UUID-E
06-26 22:03:00.386  8292  8292 D wpa_supplicant: WPS:  * Primary Device Type
06-26 22:03:00.386  8292  8292 D wpa_supplicant: WPS:  * RF Bands (3)
06-26 22:03:00.386  8292  8292 D wpa_supplicant: WPS:  * Association State
06-26 22:03:00.386  8292  8292 D wpa_supplicant: WPS:  * Configuration Error (0)
06-26 22:03:00.386  8292  8292 D wpa_supplicant: WPS:  * Device Password ID (0)
06-26 22:03:00.386  8292  8292 D wpa_supplicant: WPS:  * Manufacturer
06-26 22:03:00.386  8292  8292 D wpa_supplicant: WPS:  * Model Name
06-26 22:03:00.386  8292  8292 D wpa_supplicant: WPS:  * Model Number
06-26 22:03:00.386  8292  8292 D wpa_supplicant: WPS:  * Device Name
06-26 22:03:00.386  8292  8292 D wpa_supplicant: WPS:  * Version2 (0x20)
06-26 22:03:00.386  8292  8292 D wpa_supplicant: wpa_driver_wext_combo_scan: Start
06-26 22:03:00.386  8292  8292 D wpa_supplicant: For Scan: (null)
06-26 22:03:00.461  8292  8292 D wpa_supplicant: Scan requested (ret=0) - scan timeout 30 seconds
06-26 22:03:00.461  8292  8292 D wpa_supplicant: wpa_driver_wext_driver_cmd POWERMODE 0 len = 4096
06-26 22:03:00.465  8292  8292 D wpa_supplicant: wpa_driver_wext_driver_cmd OK len = 0, 2
06-26 22:03:00.465  8292  8292 D wpa_supplicant: Ongoing scan action - reject new request
06-26 22:03:00.945  8292  8292 D wpa_supplicant: RTM_NEWLINK: operstate=0 ifi_flags=0x11003 ([UP][LOWER_UP])
06-26 22:03:00.945  8292  8292 D wpa_supplicant: RTM_NEWLINK, IFLA_IFNAME: Interface 'wlan0' added
06-26 22:03:00.945  8292  8292 D wpa_supplicant: Wireless event: cmd=0x8b19 len=8
06-26 22:03:00.953  8292  8292 D wpa_supplicant: Received 2389 bytes of scan results (8 BSSes)
06-26 22:03:01.054  8292  8292 D wpa_supplicant: wpa_driver_wext_driver_cmd SETSUSPENDOPT 0 len = 4096
06-26 22:03:01.054  8292  8292 D wpa_supplicant: wpa_driver_wext_driver_cmd SETSUSPENDOPT 0 len = 0, 15
06-26 22:03:01.054  8292  8292 D wpa_supplicant: wpa_driver_wext_driver_cmd POWERMODE 0 len = 4096
06-26 22:03:01.058  8292  8292 D wpa_supplicant: wpa_driver_wext_driver_cmd OK len = 0, 2
06-26 22:03:45.421  8292  8292 D wpa_supplicant: wpa_driver_wext_driver_cmd SETSUSPENDOPT 0 len = 4096
06-26 22:03:45.421  8292  8292 D wpa_supplicant: wpa_driver_wext_driver_cmd SETSUSPENDOPT 0 len = 0, 15
06-26 22:03:45.421  8292  8292 D wpa_supplicant: WPS: Building WPS IE for Probe Request
06-26 22:03:45.421  8292  8292 D wpa_supplicant: WPS:  * Version (hardcoded 0x10)
06-26 22:03:45.421  8292  8292 D wpa_supplicant: WPS:  * Request Type
06-26 22:03:45.421  8292  8292 D wpa_supplicant: WPS:  * Config Methods (2388)
06-26 22:03:45.421  8292  8292 D wpa_supplicant: WPS:  * UUID-E
06-26 22:03:45.421  8292  8292 D wpa_supplicant: WPS:  * Primary Device Type
06-26 22:03:45.421  8292  8292 D wpa_supplicant: WPS:  * RF Bands (3)
06-26 22:03:45.421  8292  8292 D wpa_supplicant: WPS:  * Association State
06-26 22:03:45.421  8292  8292 D wpa_supplicant: WPS:  * Configuration Error (0)
06-26 22:03:45.421  8292  8292 D wpa_supplicant: WPS:  * Device Password ID (0)
06-26 22:03:45.421  8292  8292 D wpa_supplicant: WPS:  * Manufacturer
06-26 22:03:45.421  8292  8292 D wpa_supplicant: WPS:  * Model Name
06-26 22:03:45.421  8292  8292 D wpa_supplicant: WPS:  * Model Number
06-26 22:03:45.421  8292  8292 D wpa_supplicant: WPS:  * Device Name
06-26 22:03:45.421  8292  8292 D wpa_supplicant: WPS:  * Version2 (0x20)
06-26 22:03:45.433  8292  8292 D wpa_supplicant: wpa_driver_wext_combo_scan: Start
06-26 22:03:45.433  8292  8292 D wpa_supplicant: For Scan: (null)
06-26 22:03:45.527  8292  8292 D wpa_supplicant: Scan requested (ret=0) - scan timeout 30 seconds
06-26 22:03:45.527  8292  8292 D wpa_supplicant: wpa_driver_wext_driver_cmd POWERMODE 0 len = 4096
06-26 22:03:45.531  8292  8292 D wpa_supplicant: wpa_driver_wext_driver_cmd OK len = 0, 2
06-26 22:03:45.531  8292  8292 D wpa_supplicant: Ongoing scan action - reject new request
06-26 22:03:46.015  8292  8292 D wpa_supplicant: RTM_NEWLINK: operstate=0 ifi_flags=0x11003 ([UP][LOWER_UP])
06-26 22:03:46.015  8292  8292 D wpa_supplicant: RTM_NEWLINK, IFLA_IFNAME: Interface 'wlan0' added
06-26 22:03:46.015  8292  8292 D wpa_supplicant: Wireless event: cmd=0x8b19 len=8
06-26 22:03:46.027  8292  8292 D wpa_supplicant: Received 2363 bytes of scan results (8 BSSes)
06-26 22:03:46.125   327   329 D dalvikvm: GC_CONCURRENT freed 399K, 54% free 10070K/21767K, paused 2ms+3ms
06-26 22:03:46.183   327   329 D dalvikvm: GC_CONCURRENT freed 444K, 54% free 10065K/21767K, paused 2ms+3ms
06-26 22:03:46.296   327   329 D dalvikvm: GC_CONCURRENT freed 398K, 54% free 10084K/21767K, paused 2ms+3ms
06-26 22:03:46.320  8292  8292 D wpa_supplicant: wpa_driver_wext_driver_cmd SETSUSPENDOPT 0 len = 4096
06-26 22:03:46.320  8292  8292 D wpa_supplicant: wpa_driver_wext_driver_cmd SETSUSPENDOPT 0 len = 0, 15
06-26 22:03:46.320  8292  8292 D wpa_supplicant: wpa_driver_wext_driver_cmd POWERMODE 0 len = 4096
06-26 22:03:46.324  8292  8292 D wpa_supplicant: wpa_driver_wext_driver_cmd OK len = 0, 2
06-26 22:03:46.355 31086 31089 D dalvikvm: GC_CONCURRENT freed 458K, 7% free 10778K/11527K, paused 2ms+4ms
06-26 22:04:30.461  8292  8292 D wpa_supplicant: wpa_driver_wext_driver_cmd SETSUSPENDOPT 0 len = 4096
06-26 22:04:30.461  8292  8292 D wpa_supplicant: wpa_driver_wext_driver_cmd SETSUSPENDOPT 0 len = 0, 15
06-26 22:04:30.461  8292  8292 D wpa_supplicant: WPS: Building WPS IE for Probe Request
06-26 22:04:30.461  8292  8292 D wpa_supplicant: WPS:  * Version (hardcoded 0x10)
06-26 22:04:30.461  8292  8292 D wpa_supplicant: WPS:  * Request Type
06-26 22:04:30.461  8292  8292 D wpa_supplicant: WPS:  * Config Methods (2388)
06-26 22:04:30.461  8292  8292 D wpa_supplicant: WPS:  * UUID-E
06-26 22:04:30.461  8292  8292 D wpa_supplicant: WPS:  * Primary Device Type
06-26 22:04:30.461  8292  8292 D wpa_supplicant: WPS:  * RF Bands (3)
06-26 22:04:30.461  8292  8292 D wpa_supplicant: WPS:  * Association State
06-26 22:04:30.461  8292  8292 D wpa_supplicant: WPS:  * Configuration Error (0)
06-26 22:04:30.461  8292  8292 D wpa_supplicant: WPS:  * Device Password ID (0)
06-26 22:04:30.461  8292  8292 D wpa_supplicant: WPS:  * Manufacturer
06-26 22:04:30.461  8292  8292 D wpa_supplicant: WPS:  * Model Name
06-26 22:04:30.468  8292  8292 D wpa_supplicant: WPS:  * Model Number
06-26 22:04:30.468  8292  8292 D wpa_supplicant: WPS:  * Device Name
06-26 22:04:30.468  8292  8292 D wpa_supplicant: WPS:  * Version2 (0x20)
06-26 22:04:30.468  8292  8292 D wpa_supplicant: wpa_driver_wext_combo_scan: Start
06-26 22:04:30.468  8292  8292 D wpa_supplicant: For Scan: (null)
06-26 22:04:30.566  8292  8292 D wpa_supplicant: Scan requested (ret=0) - scan timeout 30 seconds
06-26 22:04:30.566  8292  8292 D wpa_supplicant: wpa_driver_wext_driver_cmd POWERMODE 0 len = 4096
06-26 22:04:30.570  8292  8292 D wpa_supplicant: wpa_driver_wext_driver_cmd OK len = 0, 2
06-26 22:04:30.570  8292  8292 D wpa_supplicant: Ongoing scan action - reject new request
06-26 22:04:31.054  8292  8292 D wpa_supplicant: RTM_NEWLINK: operstate=0 ifi_flags=0x11003 ([UP][LOWER_UP])
06-26 22:04:31.054  8292  8292 D wpa_supplicant: RTM_NEWLINK, IFLA_IFNAME: Interface 'wlan0' added
06-26 22:04:31.054  8292  8292 D wpa_supplicant: Wireless event: cmd=0x8b19 len=8
06-26 22:04:31.066  8292  8292 D wpa_supplicant: Received 2718 bytes of scan results (10 BSSes)
06-26 22:04:31.156  8292  8292 D wpa_supplicant: wpa_driver_wext_driver_cmd SETSUSPENDOPT 0 len = 4096
06-26 22:04:31.156  8292  8292 D wpa_supplicant: wpa_driver_wext_driver_cmd SETSUSPENDOPT 0 len = 0, 15
06-26 22:04:31.156  8292  8292 D wpa_supplicant: wpa_driver_wext_driver_cmd POWERMODE 0 len = 4096
06-26 22:04:31.160  8292  8292 D wpa_supplicant: wpa_driver_wext_driver_cmd OK len = 0, 2
06-26 22:05:15.183 31086 31122 D androidNetworkLocationListeners: Still have listener com.google.android.location.internal.client.NetworkLocationClient$1@413934b8
06-26 22:05:15.187  8292  8292 D wpa_supplicant: wpa_driver_wext_driver_cmd SETSUSPENDOPT 0 len = 4096
06-26 22:05:15.187  8292  8292 D wpa_supplicant: wpa_driver_wext_driver_cmd SETSUSPENDOPT 0 len = 0, 15
06-26 22:05:15.187  8292  8292 D wpa_supplicant: WPS: Building WPS IE for Probe Request
06-26 22:05:15.187  8292  8292 D wpa_supplicant: WPS:  * Version (hardcoded 0x10)
06-26 22:05:15.187  8292  8292 D wpa_supplicant: WPS:  * Request Type
06-26 22:05:15.187  8292  8292 D wpa_supplicant: WPS:  * Config Methods (2388)
06-26 22:05:15.187  8292  8292 D wpa_supplicant: WPS:  * UUID-E
06-26 22:05:15.187  8292  8292 D wpa_supplicant: WPS:  * Primary Device Type
06-26 22:05:15.187  8292  8292 D wpa_supplicant: WPS:  * RF Bands (3)
06-26 22:05:15.187  8292  8292 D wpa_supplicant: WPS:  * Association State
06-26 22:05:15.187  8292  8292 D wpa_supplicant: WPS:  * Configuration Error (0)
06-26 22:05:15.187  8292  8292 D wpa_supplicant: WPS:  * Device Password ID (0)
06-26 22:05:15.187  8292  8292 D wpa_supplicant: WPS:  * Manufacturer
06-26 22:05:15.187  8292  8292 D wpa_supplicant: WPS:  * Model Name
06-26 22:05:15.187  8292  8292 D wpa_supplicant: WPS:  * Model Number
06-26 22:05:15.187  8292  8292 D wpa_supplicant: WPS:  * Device Name
06-26 22:05:15.187  8292  8292 D wpa_supplicant: WPS:  * Version2 (0x20)
06-26 22:05:15.187  8292  8292 D wpa_supplicant: wpa_driver_wext_combo_scan: Start
06-26 22:05:15.187  8292  8292 D wpa_supplicant: For Scan: (null)
06-26 22:05:15.191 31086 31122 D androidNetworkLocationListeners: Still have listener com.google.android.location.internal.client.NetworkLocationClient$1@413934b8
06-26 22:05:15.250  8292  8292 D wpa_supplicant: Scan requested (ret=0) - scan timeout 30 seconds
06-26 22:05:15.250  8292  8292 D wpa_supplicant: wpa_driver_wext_driver_cmd POWERMODE 0 len = 4096
06-26 22:05:15.254  8292  8292 D wpa_supplicant: wpa_driver_wext_driver_cmd OK len = 0, 2
06-26 22:05:15.254  8292  8292 D wpa_supplicant: Ongoing scan action - reject new request
06-26 22:05:15.254  8292  8292 D wpa_supplicant: Ongoing scan action - reject new request
06-26 22:05:15.742  8292  8292 D wpa_supplicant: RTM_NEWLINK: operstate=0 ifi_flags=0x11003 ([UP][LOWER_UP])
06-26 22:05:15.742  8292  8292 D wpa_supplicant: RTM_NEWLINK, IFLA_IFNAME: Interface 'wlan0' added
06-26 22:05:15.742  8292  8292 D wpa_supplicant: Wireless event: cmd=0x8b19 len=8
06-26 22:05:15.757  8292  8292 D wpa_supplicant: Received 2215 bytes of scan results (8 BSSes)
06-26 22:05:15.863  8292  8292 D wpa_supplicant: wpa_driver_wext_driver_cmd SETSUSPENDOPT 0 len = 4096
06-26 22:05:15.863  8292  8292 D wpa_supplicant: wpa_driver_wext_driver_cmd SETSUSPENDOPT 0 len = 0, 15
06-26 22:05:15.863  8292  8292 D wpa_supplicant: wpa_driver_wext_driver_cmd POWERMODE 0 len = 4096
06-26 22:05:15.867  8292  8292 D wpa_supplicant: wpa_driver_wext_driver_cmd OK len = 0, 2
06-26 22:05:15.910 31086 31089 D dalvikvm: GC_CONCURRENT freed 469K, 7% free 10781K/11527K, paused 2ms+6ms
06-26 22:05:15.937  6109  6111 D dalvikvm: GC_CONCURRENT freed 371K, 7% free 9681K/10311K, paused 2ms+3ms
06-26 22:05:35.043  8292  8292 D wpa_supplicant: WPS: Building WPS IE for Probe Request
06-26 22:05:35.043  8292  8292 D wpa_supplicant: WPS:  * Version (hardcoded 0x10)
06-26 22:05:35.043  8292  8292 D wpa_supplicant: WPS:  * Request Type
06-26 22:05:35.043  8292  8292 D wpa_supplicant: WPS:  * Config Methods (2388)
06-26 22:05:35.043  8292  8292 D wpa_supplicant: WPS:  * UUID-E
06-26 22:05:35.043  8292  8292 D wpa_supplicant: WPS:  * Primary Device Type
06-26 22:05:35.043  8292  8292 D wpa_supplicant: WPS:  * RF Bands (3)
06-26 22:05:35.043  8292  8292 D wpa_supplicant: WPS:  * Association State
06-26 22:05:35.043  8292  8292 D wpa_supplicant: WPS:  * Configuration Error (0)
06-26 22:05:35.043  8292  8292 D wpa_supplicant: WPS:  * Device Password ID (0)
06-26 22:05:35.043  8292  8292 D wpa_supplicant: WPS:  * Manufacturer
06-26 22:05:35.043  8292  8292 D wpa_supplicant: WPS:  * Model Name
06-26 22:05:35.043  8292  8292 D wpa_supplicant: WPS:  * Model Number
06-26 22:05:35.043  8292  8292 D wpa_supplicant: WPS:  * Device Name
06-26 22:05:35.043  8292  8292 D wpa_supplicant: WPS:  * Version2 (0x20)
06-26 22:05:35.043  8292  8292 D wpa_supplicant: wpa_driver_wext_combo_scan: Start
06-26 22:05:35.043  8292  8292 D wpa_supplicant: For Scan: (null)
06-26 22:05:35.105  8292  8292 D wpa_supplicant: Scan requested (ret=0) - scan timeout 30 seconds
06-26 22:05:36.011  8292  8292 D wpa_supplicant: RTM_NEWLINK: operstate=0 ifi_flags=0x11003 ([UP][LOWER_UP])
06-26 22:05:36.011  8292  8292 D wpa_supplicant: RTM_NEWLINK, IFLA_IFNAME: Interface 'wlan0' added
06-26 22:05:36.011  8292  8292 D wpa_supplicant: Wireless event: cmd=0x8b19 len=8
06-26 22:05:36.011  8292  8292 D wpa_supplicant: Received 2784 bytes of scan results (10 BSSes)
06-26 22:06:00.316  8292  8292 D wpa_supplicant: wpa_driver_wext_driver_cmd SETSUSPENDOPT 0 len = 4096
06-26 22:06:00.316  8292  8292 D wpa_supplicant: wpa_driver_wext_driver_cmd SETSUSPENDOPT 0 len = 0, 15
06-26 22:06:00.316  8292  8292 D wpa_supplicant: WPS: Building WPS IE for Probe Request
06-26 22:06:00.316  8292  8292 D wpa_supplicant: WPS:  * Version (hardcoded 0x10)
06-26 22:06:00.316  8292  8292 D wpa_supplicant: WPS:  * Request Type
06-26 22:06:00.316  8292  8292 D wpa_supplicant: WPS:  * Config Methods (2388)
06-26 22:06:00.316  8292  8292 D wpa_supplicant: WPS:  * UUID-E
06-26 22:06:00.316  8292  8292 D wpa_supplicant: WPS:  * Primary Device Type
06-26 22:06:00.316  8292  8292 D wpa_supplicant: WPS:  * RF Bands (3)
06-26 22:06:00.316  8292  8292 D wpa_supplicant: WPS:  * Association State
06-26 22:06:00.316  8292  8292 D wpa_supplicant: WPS:  * Configuration Error (0)
06-26 22:06:00.316  8292  8292 D wpa_supplicant: WPS:  * Device Password ID (0)
06-26 22:06:00.316  8292  8292 D wpa_supplicant: WPS:  * Manufacturer
06-26 22:06:00.316  8292  8292 D wpa_supplicant: WPS:  * Model Name
06-26 22:06:00.316  8292  8292 D wpa_supplicant: WPS:  * Model Number
06-26 22:06:00.316  8292  8292 D wpa_supplicant: WPS:  * Device Name
06-26 22:06:00.316  8292  8292 D wpa_supplicant: WPS:  * Version2 (0x20)
06-26 22:06:00.316  8292  8292 D wpa_supplicant: wpa_driver_wext_combo_scan: Start
06-26 22:06:00.316  8292  8292 D wpa_supplicant: For Scan: (null)
06-26 22:06:00.402  8292  8292 D wpa_supplicant: Scan requested (ret=0) - scan timeout 30 seconds
06-26 22:06:00.402  8292  8292 D wpa_supplicant: wpa_driver_wext_driver_cmd POWERMODE 0 len = 4096
06-26 22:06:00.406  8292  8292 D wpa_supplicant: wpa_driver_wext_driver_cmd OK len = 0, 2
06-26 22:06:00.406  8292  8292 D wpa_supplicant: wpa_driver_wext_driver_cmd SETSUSPENDOPT 0 len = 4096
06-26 22:06:00.406  8292  8292 D wpa_supplicant: wpa_driver_wext_driver_cmd SETSUSPENDOPT 0 len = 0, 15
06-26 22:06:00.406  8292  8292 D wpa_supplicant: wpa_driver_wext_driver_cmd POWERMODE 0 len = 4096
06-26 22:06:00.410  8292  8292 D wpa_supplicant: wpa_driver_wext_driver_cmd OK len = 0, 2
06-26 22:06:01.019  8292  8292 D wpa_supplicant: RTM_NEWLINK: operstate=0 ifi_flags=0x11003 ([UP][LOWER_UP])
06-26 22:06:01.019  8292  8292 D wpa_supplicant: RTM_NEWLINK, IFLA_IFNAME: Interface 'wlan0' added
06-26 22:06:01.019  8292  8292 D wpa_supplicant: Wireless event: cmd=0x8b19 len=8
06-26 22:06:01.019  8292  8292 D wpa_supplicant: Received 2419 bytes of scan results (8 BSSes)
06-26 22:06:35.339  7079  7079 I PhoneLab-Locks: wake lock acquired
06-26 22:06:35.363  7079  8699 I PhoneLab-PeriodicCheckService: User info is synched
06-26 22:06:35.367  7079  8699 I PhoneLab-PeriodicCheckService: Logger Service is running
06-26 22:06:35.371  7079  8699 I PhoneLab-Locks: wake lock acquired
06-26 22:06:35.375  7079  7079 I PhoneLab-UploadLogs: Transfering log files now
06-26 22:06:35.375  7079  7079 I PhoneLab-UploadLogs: No log files to transfer
06-26 22:06:35.375  7079  7079 I PhoneLab-Locks: wake lock released
06-26 22:06:35.375  7079  7079 I PhoneLab-UploadLogs: OnStartCommand
06-26 22:06:35.375  7079  8699 I PhoneLab-PeriodicCheckService: Rescheduling periodic checking...
06-26 22:06:35.379  7079  8699 I PhoneLab-Locks: wake lock released
06-26 22:06:45.347  8292  8292 D wpa_supplicant: wpa_driver_wext_driver_cmd SETSUSPENDOPT 0 len = 4096
06-26 22:06:45.347  8292  8292 D wpa_supplicant: wpa_driver_wext_driver_cmd SETSUSPENDOPT 0 len = 0, 15
06-26 22:06:45.347  8292  8292 D wpa_supplicant: WPS: Building WPS IE for Probe Request
06-26 22:06:45.347  8292  8292 D wpa_supplicant: WPS:  * Version (hardcoded 0x10)
06-26 22:06:45.347  8292  8292 D wpa_supplicant: WPS:  * Request Type
06-26 22:06:45.347  8292  8292 D wpa_supplicant: WPS:  * Config Methods (2388)
06-26 22:06:45.347  8292  8292 D wpa_supplicant: WPS:  * UUID-E
06-26 22:06:45.347  8292  8292 D wpa_supplicant: WPS:  * Primary Device Type
06-26 22:06:45.347  8292  8292 D wpa_supplicant: WPS:  * RF Bands (3)
06-26 22:06:45.347  8292  8292 D wpa_supplicant: WPS:  * Association State
06-26 22:06:45.347  8292  8292 D wpa_supplicant: WPS:  * Configuration Error (0)
06-26 22:06:45.347  8292  8292 D wpa_supplicant: WPS:  * Device Password ID (0)
06-26 22:06:45.347  8292  8292 D wpa_supplicant: WPS:  * Manufacturer
06-26 22:06:45.347  8292  8292 D wpa_supplicant: WPS:  * Model Name
06-26 22:06:45.347  8292  8292 D wpa_supplicant: WPS:  * Model Number
06-26 22:06:45.347  8292  8292 D wpa_supplicant: WPS:  * Device Name
06-26 22:06:45.347  8292  8292 D wpa_supplicant: WPS:  * Version2 (0x20)
06-26 22:06:45.347  8292  8292 D wpa_supplicant: wpa_driver_wext_combo_scan: Start
06-26 22:06:45.347  8292  8292 D wpa_supplicant: For Scan: (null)
06-26 22:06:45.437  8292  8292 D wpa_supplicant: Scan requested (ret=0) - scan timeout 30 seconds
06-26 22:06:45.437  8292  8292 D wpa_supplicant: wpa_driver_wext_driver_cmd POWERMODE 0 len = 4096
06-26 22:06:45.441  8292  8292 D wpa_supplicant: wpa_driver_wext_driver_cmd OK len = 0, 2
06-26 22:06:45.445  8292  8292 D wpa_supplicant: wpa_driver_wext_driver_cmd SETSUSPENDOPT 0 len = 4096
06-26 22:06:45.445  8292  8292 D wpa_supplicant: wpa_driver_wext_driver_cmd SETSUSPENDOPT 0 len = 0, 15
06-26 22:06:45.445  8292  8292 D wpa_supplicant: wpa_driver_wext_driver_cmd POWERMODE 0 len = 4096
06-26 22:06:45.445  8292  8292 D wpa_supplicant: wpa_driver_wext_driver_cmd OK len = 0, 2
06-26 22:06:46.011  8292  8292 D wpa_supplicant: RTM_NEWLINK: operstate=0 ifi_flags=0x11003 ([UP][LOWER_UP])
06-26 22:06:46.011  8292  8292 D wpa_supplicant: RTM_NEWLINK, IFLA_IFNAME: Interface 'wlan0' added
06-26 22:06:46.011  8292  8292 D wpa_supplicant: Wireless event: cmd=0x8b19 len=8
06-26 22:06:46.011  8292  8292 D wpa_supplicant: Received 2535 bytes of scan results (9 BSSes)
06-26 22:06:46.027 31086 31089 D dalvikvm: GC_CONCURRENT freed 468K, 7% free 10781K/11527K, paused 2ms+3ms
06-26 22:07:30.406  8292  8292 D wpa_supplicant: wpa_driver_wext_driver_cmd SETSUSPENDOPT 0 len = 4096
06-26 22:07:30.406  8292  8292 D wpa_supplicant: wpa_driver_wext_driver_cmd SETSUSPENDOPT 0 len = 0, 15
06-26 22:07:30.406  8292  8292 D wpa_supplicant: WPS: Building WPS IE for Probe Request
06-26 22:07:30.406  8292  8292 D wpa_supplicant: WPS:  * Version (hardcoded 0x10)
06-26 22:07:30.406  8292  8292 D wpa_supplicant: WPS:  * Request Type
06-26 22:07:30.406  8292  8292 D wpa_supplicant: WPS:  * Config Methods (2388)
06-26 22:07:30.406  8292  8292 D wpa_supplicant: WPS:  * UUID-E
06-26 22:07:30.406  8292  8292 D wpa_supplicant: WPS:  * Primary Device Type
06-26 22:07:30.406  8292  8292 D wpa_supplicant: WPS:  * RF Bands (3)
06-26 22:07:30.406  8292  8292 D wpa_supplicant: WPS:  * Association State
06-26 22:07:30.406  8292  8292 D wpa_supplicant: WPS:  * Configuration Error (0)
06-26 22:07:30.406  8292  8292 D wpa_supplicant: WPS:  * Device Password ID (0)
06-26 22:07:30.406  8292  8292 D wpa_supplicant: WPS:  * Manufacturer
06-26 22:07:30.406  8292  8292 D wpa_supplicant: WPS:  * Model Name
06-26 22:07:30.406  8292  8292 D wpa_supplicant: WPS:  * Model Number
06-26 22:07:30.406  8292  8292 D wpa_supplicant: WPS:  * Device Name
06-26 22:07:30.406  8292  8292 D wpa_supplicant: WPS:  * Version2 (0x20)
06-26 22:07:30.406  8292  8292 D wpa_supplicant: wpa_driver_wext_combo_scan: Start
06-26 22:07:30.406  8292  8292 D wpa_supplicant: For Scan: (null)
06-26 22:07:30.472  8292  8292 D wpa_supplicant: Scan requested (ret=0) - scan timeout 30 seconds
06-26 22:07:30.472  8292  8292 D wpa_supplicant: wpa_driver_wext_driver_cmd POWERMODE 0 len = 4096
06-26 22:07:30.476  8292  8292 D wpa_supplicant: wpa_driver_wext_driver_cmd OK len = 0, 2
06-26 22:07:30.480  8292  8292 D wpa_supplicant: wpa_driver_wext_driver_cmd SETSUSPENDOPT 0 len = 4096
06-26 22:07:30.480  8292  8292 D wpa_supplicant: wpa_driver_wext_driver_cmd SETSUSPENDOPT 0 len = 0, 15
06-26 22:07:30.480  8292  8292 D wpa_supplicant: wpa_driver_wext_driver_cmd POWERMODE 0 len = 4096
06-26 22:07:30.484  8292  8292 D wpa_supplicant: wpa_driver_wext_driver_cmd OK len = 0, 2
06-26 22:07:31.156  8292  8292 D wpa_supplicant: RTM_NEWLINK: operstate=0 ifi_flags=0x11003 ([UP][LOWER_UP])
06-26 22:07:31.156  8292  8292 D wpa_supplicant: RTM_NEWLINK, IFLA_IFNAME: Interface 'wlan0' added
06-26 22:07:31.156  8292  8292 D wpa_supplicant: Wireless event: cmd=0x8b19 len=8
06-26 22:07:31.156  8292  8292 D wpa_supplicant: Received 2580 bytes of scan results (9 BSSes)
06-26 22:08:14.488  7079  7079 I PhoneLab-Locks: wake lock acquired
06-26 22:08:14.519  7079  7079 I PhoneLab-StatusMonitor: Status Monitoring is started
06-26 22:08:14.582  7079  7082 D dalvikvm: GC_CONCURRENT freed 566K, 18% free 9257K/11271K, paused 1ms+3ms
06-26 22:08:14.597  7079  7079 I PhoneLab-StatusMonitor: Value: 10 - unit: min
06-26 22:08:14.597  7079  7079 I PhoneLab-StatusMonitor: Running interval: 600000
06-26 22:08:14.605  7079  7079 I PhoneLab-StatusMonitor: Rescheduling status monitoring...
06-26 22:08:14.605  7079  7079 I PhoneLab-Locks: wake lock released
06-26 22:08:14.609  7079  7079 I PhoneLab-StatusMonitorLocation: Learning Location
06-26 22:08:14.609  7079  7079 I PhoneLab-Locks: wake lock acquired
06-26 22:08:14.613  7079  7079 I PhoneLab-Locks: wake lock acquired
06-26 22:08:14.617 31086 31122 D androidNetworkLocationListeners: Still have listener com.google.android.location.internal.client.NetworkLocationClient$1@413934b8
06-26 22:08:14.617  7079  7079 I PhoneLab-StatusMonitorLocation: Learning Signal Strgth
06-26 22:08:14.617  7079  7079 I PhoneLab-Locks: wake lock acquired
06-26 22:08:14.625  8292  8292 D wpa_supplicant: wpa_driver_wext_driver_cmd SETSUSPENDOPT 0 len = 4096
06-26 22:08:14.625  8292  8292 D wpa_supplicant: wpa_driver_wext_driver_cmd SETSUSPENDOPT 0 len = 0, 15
06-26 22:08:14.625  8292  8292 D wpa_supplicant: WPS: Building WPS IE for Probe Request
06-26 22:08:14.625  8292  8292 D wpa_supplicant: WPS:  * Version (hardcoded 0x10)
06-26 22:08:14.625  8292  8292 D wpa_supplicant: WPS:  * Request Type
06-26 22:08:14.625  8292  8292 D wpa_supplicant: WPS:  * Config Methods (2388)
06-26 22:08:14.625  8292  8292 D wpa_supplicant: WPS:  * UUID-E
06-26 22:08:14.625  8292  8292 D wpa_supplicant: WPS:  * Primary Device Type
06-26 22:08:14.625  8292  8292 D wpa_supplicant: WPS:  * RF Bands (3)
06-26 22:08:14.625  8292  8292 D wpa_supplicant: WPS:  * Association State
06-26 22:08:14.625  8292  8292 D wpa_supplicant: WPS:  * Configuration Error (0)
06-26 22:08:14.625  8292  8292 D wpa_supplicant: WPS:  * Device Password ID (0)
06-26 22:08:14.625  8292  8292 D wpa_supplicant: WPS:  * Manufacturer
06-26 22:08:14.625  8292  8292 D wpa_supplicant: WPS:  * Model Name
06-26 22:08:14.625  8292  8292 D wpa_supplicant: WPS:  * Model Number
06-26 22:08:14.625  8292  8292 D wpa_supplicant: WPS:  * Device Name
06-26 22:08:14.625  8292  8292 D wpa_supplicant: WPS:  * Version2 (0x20)
06-26 22:08:14.625  8292  8292 D wpa_supplicant: wpa_driver_wext_combo_scan: Start
06-26 22:08:14.625  8292  8292 D wpa_supplicant: For Scan: (null)
06-26 22:08:14.629 31086 31122 D androidNetworkLocationListeners: Still have listener com.google.android.location.internal.client.NetworkLocationClient$1@413934b8
06-26 22:08:14.632  7079  7079 I PhoneLab-StatusMonitorBattery: Battery_level: 71
06-26 22:08:14.632  7079  7079 I PhoneLab-Locks: wake lock released
06-26 22:08:14.636  7079  7079 I PhoneLab-StatusMonitorSignal: Signal_Strength: -76 asu: 19
06-26 22:08:14.636  7079  7079 I PhoneLab-Locks: wake lock released
06-26 22:08:14.672  8292  8292 E wpa_supplicant: ioctl[SIOCSIWPRIV] (cscan): -1
06-26 22:08:14.672  8292  8292 D wpa_supplicant: Scan requested (ret=-1) - scan timeout 30 seconds
06-26 22:08:14.672  8292  8292 W wpa_supplicant: wlan0: Failed to initiate AP scan
06-26 22:08:14.672  8292  8292 D wpa_supplicant: wpa_driver_wext_driver_cmd POWERMODE 0 len = 4096
06-26 22:08:14.691  8292  8292 D wpa_supplicant: wpa_driver_wext_driver_cmd OK len = 0, 2
06-26 22:08:14.730  8292  8292 D wpa_supplicant: wpa_driver_wext_driver_cmd SETSUSPENDOPT 0 len = 4096
06-26 22:08:14.730  8292  8292 D wpa_supplicant: wpa_driver_wext_driver_cmd SETSUSPENDOPT 0 len = 0, 15
06-26 22:08:14.730  8292  8292 D wpa_supplicant: wpa_driver_wext_driver_cmd POWERMODE 0 len = 4096
06-26 22:08:14.734  8292  8292 D wpa_supplicant: wpa_driver_wext_driver_cmd OK len = 0, 2
06-26 22:08:14.738  8292  8292 D wpa_supplicant: wpa_driver_wext_driver_cmd SETSUSPENDOPT 0 len = 4096
06-26 22:08:14.738  8292  8292 D wpa_supplicant: wpa_driver_wext_driver_cmd SETSUSPENDOPT 0 len = 0, 15
06-26 22:08:14.738  8292  8292 D wpa_supplicant: wpa_driver_wext_driver_cmd POWERMODE 0 len = 4096
06-26 22:08:14.738  8292  8292 D wpa_supplicant: wpa_driver_wext_driver_cmd OK len = 0, 2
06-26 22:08:14.742  8292  8292 D wpa_supplicant: WPS: Building WPS IE for Probe Request
06-26 22:08:14.742  8292  8292 D wpa_supplicant: WPS:  * Version (hardcoded 0x10)
06-26 22:08:14.742  8292  8292 D wpa_supplicant: WPS:  * Request Type
06-26 22:08:14.742  8292  8292 D wpa_supplicant: WPS:  * Config Methods (2388)
06-26 22:08:14.742  8292  8292 D wpa_supplicant: WPS:  * UUID-E
06-26 22:08:14.742  8292  8292 D wpa_supplicant: WPS:  * Primary Device Type
06-26 22:08:14.742  8292  8292 D wpa_supplicant: WPS:  * RF Bands (3)
06-26 22:08:14.742  8292  8292 D wpa_supplicant: WPS:  * Association State
06-26 22:08:14.742  8292  8292 D wpa_supplicant: WPS:  * Configuration Error (0)
06-26 22:08:14.742  8292  8292 D wpa_supplicant: WPS:  * Device Password ID (0)
06-26 22:08:14.742  8292  8292 D wpa_supplicant: WPS:  * Manufacturer
06-26 22:08:14.742  8292  8292 D wpa_supplicant: WPS:  * Model Name
06-26 22:08:14.742  8292  8292 D wpa_supplicant: WPS:  * Model Number
06-26 22:08:14.742  8292  8292 D wpa_supplicant: WPS:  * Device Name
06-26 22:08:14.742  8292  8292 D wpa_supplicant: WPS:  * Version2 (0x20)
06-26 22:08:14.742  8292  8292 D wpa_supplicant: wpa_driver_wext_combo_scan: Start
06-26 22:08:14.742  8292  8292 D wpa_supplicant: For Scan: (null)
06-26 22:08:14.746  8292  8292 D wpa_supplicant: Scan requested (ret=0) - scan timeout 30 seconds
06-26 22:08:14.773  7079  7079 I PhoneLab-StatusMonitorLocation: Location_Latitude: 42.8881173 Longitude: -78.872414 Accuracy: 30.0
06-26 22:08:14.773 31086 31122 D androidNetworkLocationListeners: Still have listener com.google.android.location.internal.client.NetworkLocationClient$1@413934b8
06-26 22:08:14.773  7079  7079 I PhoneLab-Locks: wake lock released
06-26 22:08:14.777  8292  8292 D wpa_supplicant: Ongoing scan action - reject new request
06-26 22:08:14.797 31086 31089 D dalvikvm: GC_CONCURRENT freed 473K, 7% free 10782K/11527K, paused 2ms+4ms
06-26 22:08:15.242  8292  8292 D wpa_supplicant: RTM_NEWLINK: operstate=0 ifi_flags=0x11003 ([UP][LOWER_UP])
06-26 22:08:15.242  8292  8292 D wpa_supplicant: RTM_NEWLINK, IFLA_IFNAME: Interface 'wlan0' added
06-26 22:08:15.242  8292  8292 D wpa_supplicant: Wireless event: cmd=0x8b19 len=8
06-26 22:08:15.254  8292  8292 D wpa_supplicant: Received 3324 bytes of scan results (12 BSSes)
06-26 22:08:15.386  8292  8292 D wpa_supplicant: wpa_driver_wext_driver_cmd SETSUSPENDOPT 0 len = 4096
06-26 22:08:15.386  8292  8292 D wpa_supplicant: wpa_driver_wext_driver_cmd SETSUSPENDOPT 0 len = 0, 15
06-26 22:08:15.390  8292  8292 D wpa_supplicant: wpa_driver_wext_driver_cmd POWERMODE 0 len = 4096
06-26 22:08:15.390  8292  8292 D wpa_supplicant: wpa_driver_wext_driver_cmd OK len = 0, 2
06-26 22:08:15.410  7732  7735 D dalvikvm: GC_CONCURRENT freed 526K, 7% free 10532K/11271K, paused 8ms+19ms
06-26 22:09:00.070  8292  8292 D wpa_supplicant: wpa_driver_wext_driver_cmd SETSUSPENDOPT 0 len = 4096
06-26 22:09:00.070  8292  8292 D wpa_supplicant: wpa_driver_wext_driver_cmd SETSUSPENDOPT 0 len = 0, 15
06-26 22:09:00.070  8292  8292 D wpa_supplicant: WPS: Building WPS IE for Probe Request
06-26 22:09:00.070  8292  8292 D wpa_supplicant: WPS:  * Version (hardcoded 0x10)
06-26 22:09:00.070  8292  8292 D wpa_supplicant: WPS:  * Request Type
06-26 22:09:00.070  8292  8292 D wpa_supplicant: WPS:  * Config Methods (2388)
06-26 22:09:00.070  8292  8292 D wpa_supplicant: WPS:  * UUID-E
06-26 22:09:00.070  8292  8292 D wpa_supplicant: WPS:  * Primary Device Type
06-26 22:09:00.070  8292  8292 D wpa_supplicant: WPS:  * RF Bands (3)
06-26 22:09:00.070  8292  8292 D wpa_supplicant: WPS:  * Association State
06-26 22:09:00.070  8292  8292 D wpa_supplicant: WPS:  * Configuration Error (0)
06-26 22:09:00.070  8292  8292 D wpa_supplicant: WPS:  * Device Password ID (0)
06-26 22:09:00.070  8292  8292 D wpa_supplicant: WPS:  * Manufacturer
06-26 22:09:00.070  8292  8292 D wpa_supplicant: WPS:  * Model Name
06-26 22:09:00.070  8292  8292 D wpa_supplicant: WPS:  * Model Number
06-26 22:09:00.070  8292  8292 D wpa_supplicant: WPS:  * Device Name
06-26 22:09:00.070  8292  8292 D wpa_supplicant: WPS:  * Version2 (0x20)
06-26 22:09:00.070  8292  8292 D wpa_supplicant: wpa_driver_wext_combo_scan: Start
06-26 22:09:00.070  8292  8292 D wpa_supplicant: For Scan: (null)
06-26 22:09:00.140  8292  8292 D wpa_supplicant: Scan requested (ret=0) - scan timeout 30 seconds
06-26 22:09:00.140  8292  8292 D wpa_supplicant: wpa_driver_wext_driver_cmd POWERMODE 0 len = 4096
06-26 22:09:00.144  8292  8292 D wpa_supplicant: wpa_driver_wext_driver_cmd OK len = 0, 2
06-26 22:09:00.148  8292  8292 D wpa_supplicant: Ongoing scan action - reject new request
06-26 22:09:00.640  8292  8292 D wpa_supplicant: RTM_NEWLINK: operstate=0 ifi_flags=0x11003 ([UP][LOWER_UP])
06-26 22:09:00.640  8292  8292 D wpa_supplicant: RTM_NEWLINK, IFLA_IFNAME: Interface 'wlan0' added
06-26 22:09:00.640  8292  8292 D wpa_supplicant: Wireless event: cmd=0x8b19 len=8
06-26 22:09:00.640  8292  8292 D wpa_supplicant: Received 2691 bytes of scan results (9 BSSes)
06-26 22:09:00.750  8292  8292 D wpa_supplicant: wpa_driver_wext_driver_cmd SETSUSPENDOPT 0 len = 4096
06-26 22:09:00.750  8292  8292 D wpa_supplicant: wpa_driver_wext_driver_cmd SETSUSPENDOPT 0 len = 0, 15
06-26 22:09:00.750  8292  8292 D wpa_supplicant: wpa_driver_wext_driver_cmd POWERMODE 0 len = 4096
06-26 22:09:00.754  8292  8292 D wpa_supplicant: wpa_driver_wext_driver_cmd OK len = 0, 2
06-26 22:09:00.785 31086 31089 D dalvikvm: GC_CONCURRENT freed 465K, 7% free 10783K/11527K, paused 2ms+4ms
06-26 22:09:45.082  8292  8292 D wpa_supplicant: wpa_driver_wext_driver_cmd SETSUSPENDOPT 0 len = 4096
06-26 22:09:45.082  8292  8292 D wpa_supplicant: wpa_driver_wext_driver_cmd SETSUSPENDOPT 0 len = 0, 15
06-26 22:09:45.082  8292  8292 D wpa_supplicant: WPS: Building WPS IE for Probe Request
06-26 22:09:45.082  8292  8292 D wpa_supplicant: WPS:  * Version (hardcoded 0x10)
06-26 22:09:45.082  8292  8292 D wpa_supplicant: WPS:  * Request Type
06-26 22:09:45.082  8292  8292 D wpa_supplicant: WPS:  * Config Methods (2388)
06-26 22:09:45.082  8292  8292 D wpa_supplicant: WPS:  * UUID-E
06-26 22:09:45.082  8292  8292 D wpa_supplicant: WPS:  * Primary Device Type
06-26 22:09:45.082  8292  8292 D wpa_supplicant: WPS:  * RF Bands (3)
06-26 22:09:45.082  8292  8292 D wpa_supplicant: WPS:  * Association State
06-26 22:09:45.082  8292  8292 D wpa_supplicant: WPS:  * Configuration Error (0)
06-26 22:09:45.082  8292  8292 D wpa_supplicant: WPS:  * Device Password ID (0)
06-26 22:09:45.082  8292  8292 D wpa_supplicant: WPS:  * Manufacturer
06-26 22:09:45.082  8292  8292 D wpa_supplicant: WPS:  * Model Name
06-26 22:09:45.082  8292  8292 D wpa_supplicant: WPS:  * Model Number
06-26 22:09:45.082  8292  8292 D wpa_supplicant: WPS:  * Device Name
06-26 22:09:45.082  8292  8292 D wpa_supplicant: WPS:  * Version2 (0x20)
06-26 22:09:45.082  8292  8292 D wpa_supplicant: wpa_driver_wext_combo_scan: Start
06-26 22:09:45.082  8292  8292 D wpa_supplicant: For Scan: (null)
06-26 22:09:45.148  8292  8292 D wpa_supplicant: Scan requested (ret=0) - scan timeout 30 seconds
06-26 22:09:45.148  8292  8292 D wpa_supplicant: wpa_driver_wext_driver_cmd POWERMODE 0 len = 4096
06-26 22:09:45.156  8292  8292 D wpa_supplicant: wpa_driver_wext_driver_cmd OK len = 0, 2
06-26 22:09:45.160  8292  8292 D wpa_supplicant: Ongoing scan action - reject new request
06-26 22:09:45.644  8292  8292 D wpa_supplicant: RTM_NEWLINK: operstate=0 ifi_flags=0x11003 ([UP][LOWER_UP])
06-26 22:09:45.644  8292  8292 D wpa_supplicant: RTM_NEWLINK, IFLA_IFNAME: Interface 'wlan0' added
06-26 22:09:45.644  8292  8292 D wpa_supplicant: Wireless event: cmd=0x8b19 len=8
06-26 22:09:45.644  8292  8292 D wpa_supplicant: Received 2648 bytes of scan results (10 BSSes)
06-26 22:09:45.738  8292  8292 D wpa_supplicant: wpa_driver_wext_driver_cmd SETSUSPENDOPT 0 len = 4096
06-26 22:09:45.738  8292  8292 D wpa_supplicant: wpa_driver_wext_driver_cmd SETSUSPENDOPT 0 len = 0, 15
06-26 22:09:45.742  8292  8292 D wpa_supplicant: wpa_driver_wext_driver_cmd POWERMODE 0 len = 4096
06-26 22:09:45.742  8292  8292 D wpa_supplicant: wpa_driver_wext_driver_cmd OK len = 0, 2
06-26 22:10:30.078 31086 31122 D androidNetworkLocationListeners: Still have listener com.google.android.location.internal.client.NetworkLocationClient$1@413934b8
06-26 22:10:30.082  8292  8292 D wpa_supplicant: wpa_driver_wext_driver_cmd SETSUSPENDOPT 0 len = 4096
06-26 22:10:30.082  8292  8292 D wpa_supplicant: wpa_driver_wext_driver_cmd SETSUSPENDOPT 0 len = 0, 15
06-26 22:10:30.082  8292  8292 D wpa_supplicant: WPS: Building WPS IE for Probe Request
06-26 22:10:30.082  8292  8292 D wpa_supplicant: WPS:  * Version (hardcoded 0x10)
06-26 22:10:30.082  8292  8292 D wpa_supplicant: WPS:  * Request Type
06-26 22:10:30.082  8292  8292 D wpa_supplicant: WPS:  * Config Methods (2388)
06-26 22:10:30.082  8292  8292 D wpa_supplicant: WPS:  * UUID-E
06-26 22:10:30.082  8292  8292 D wpa_supplicant: WPS:  * Primary Device Type
06-26 22:10:30.082  8292  8292 D wpa_supplicant: WPS:  * RF Bands (3)
06-26 22:10:30.082  8292  8292 D wpa_supplicant: WPS:  * Association State
06-26 22:10:30.082  8292  8292 D wpa_supplicant: WPS:  * Configuration Error (0)
06-26 22:10:30.082  8292  8292 D wpa_supplicant: WPS:  * Device Password ID (0)
06-26 22:10:30.082  8292  8292 D wpa_supplicant: WPS:  * Manufacturer
06-26 22:10:30.082  8292  8292 D wpa_supplicant: WPS:  * Model Name
06-26 22:10:30.082  8292  8292 D wpa_supplicant: WPS:  * Model Number
06-26 22:10:30.082  8292  8292 D wpa_supplicant: WPS:  * Device Name
06-26 22:10:30.082  8292  8292 D wpa_supplicant: WPS:  * Version2 (0x20)
06-26 22:10:30.082  8292  8292 D wpa_supplicant: wpa_driver_wext_combo_scan: Start
06-26 22:10:30.082  8292  8292 D wpa_supplicant: For Scan: (null)
06-26 22:10:30.089 31086 31122 D androidNetworkLocationListeners: Still have listener com.google.android.location.internal.client.NetworkLocationClient$1@413934b8
06-26 22:10:30.148  8292  8292 D wpa_supplicant: Scan requested (ret=0) - scan timeout 30 seconds
06-26 22:10:30.148  8292  8292 D wpa_supplicant: wpa_driver_wext_driver_cmd POWERMODE 0 len = 4096
06-26 22:10:30.148  8292  8292 D wpa_supplicant: wpa_driver_wext_driver_cmd OK len = 0, 2
06-26 22:10:30.148  8292  8292 D wpa_supplicant: Ongoing scan action - reject new request
06-26 22:10:30.148  8292  8292 D wpa_supplicant: Ongoing scan action - reject new request
06-26 22:10:30.211   151   153 D dalvikvm: GC_CONCURRENT freed 1983K, 35% free 18166K/27847K, paused 8ms+9ms
06-26 22:10:30.632  8292  8292 D wpa_supplicant: RTM_NEWLINK: operstate=0 ifi_flags=0x11003 ([UP][LOWER_UP])
06-26 22:10:30.632  8292  8292 D wpa_supplicant: RTM_NEWLINK, IFLA_IFNAME: Interface 'wlan0' added
06-26 22:10:30.632  8292  8292 D wpa_supplicant: Wireless event: cmd=0x8b19 len=8
06-26 22:10:30.632  8292  8292 D wpa_supplicant: Received 2368 bytes of scan results (8 BSSes)
06-26 22:10:30.761  8292  8292 D wpa_supplicant: wpa_driver_wext_driver_cmd SETSUSPENDOPT 0 len = 4096
06-26 22:10:30.761  8292  8292 D wpa_supplicant: wpa_driver_wext_driver_cmd SETSUSPENDOPT 0 len = 0, 15
06-26 22:10:30.761  8292  8292 D wpa_supplicant: wpa_driver_wext_driver_cmd POWERMODE 0 len = 4096
06-26 22:10:30.765  8292  8292 D wpa_supplicant: wpa_driver_wext_driver_cmd OK len = 0, 2
06-26 22:10:30.793 31086 31089 D dalvikvm: GC_CONCURRENT freed 471K, 7% free 10785K/11527K, paused 2ms+4ms
06-26 22:10:35.257  8292  8292 D wpa_supplicant: WPS: Building WPS IE for Probe Request
06-26 22:10:35.257  8292  8292 D wpa_supplicant: WPS:  * Version (hardcoded 0x10)
06-26 22:10:35.257  8292  8292 D wpa_supplicant: WPS:  * Request Type
06-26 22:10:35.257  8292  8292 D wpa_supplicant: WPS:  * Config Methods (2388)
06-26 22:10:35.257  8292  8292 D wpa_supplicant: WPS:  * UUID-E
06-26 22:10:35.257  8292  8292 D wpa_supplicant: WPS:  * Primary Device Type
06-26 22:10:35.257  8292  8292 D wpa_supplicant: WPS:  * RF Bands (3)
06-26 22:10:35.257  8292  8292 D wpa_supplicant: WPS:  * Association State
06-26 22:10:35.257  8292  8292 D wpa_supplicant: WPS:  * Configuration Error (0)
06-26 22:10:35.257  8292  8292 D wpa_supplicant: WPS:  * Device Password ID (0)
06-26 22:10:35.257  8292  8292 D wpa_supplicant: WPS:  * Manufacturer
06-26 22:10:35.257  8292  8292 D wpa_supplicant: WPS:  * Model Name
06-26 22:10:35.257  8292  8292 D wpa_supplicant: WPS:  * Model Number
06-26 22:10:35.257  8292  8292 D wpa_supplicant: WPS:  * Device Name
06-26 22:10:35.257  8292  8292 D wpa_supplicant: WPS:  * Version2 (0x20)
06-26 22:10:35.257  8292  8292 D wpa_supplicant: wpa_driver_wext_combo_scan: Start
06-26 22:10:35.257  8292  8292 D wpa_supplicant: For Scan: (null)
06-26 22:10:35.336  8292  8292 D wpa_supplicant: Scan requested (ret=0) - scan timeout 30 seconds
06-26 22:10:36.011  8292  8292 D wpa_supplicant: RTM_NEWLINK: operstate=0 ifi_flags=0x11003 ([UP][LOWER_UP])
06-26 22:10:36.011  8292  8292 D wpa_supplicant: RTM_NEWLINK, IFLA_IFNAME: Interface 'wlan0' added
06-26 22:10:36.011  8292  8292 D wpa_supplicant: Wireless event: cmd=0x8b19 len=8
06-26 22:10:36.011  8292  8292 D wpa_supplicant: Received 2381 bytes of scan results (8 BSSes)
06-26 22:11:15.234   151   151 D dalvikvm: GC_EXPLICIT freed 316K, 36% free 17957K/27847K, paused 23ms+7ms
06-26 22:11:15.238  8292  8292 D wpa_supplicant: wpa_driver_wext_driver_cmd SETSUSPENDOPT 0 len = 4096
06-26 22:11:15.238  8292  8292 D wpa_supplicant: wpa_driver_wext_driver_cmd SETSUSPENDOPT 0 len = 0, 15
06-26 22:11:15.238  8292  8292 D wpa_supplicant: WPS: Building WPS IE for Probe Request
06-26 22:11:15.238  8292  8292 D wpa_supplicant: WPS:  * Version (hardcoded 0x10)
06-26 22:11:15.238  8292  8292 D wpa_supplicant: WPS:  * Request Type
06-26 22:11:15.238  8292  8292 D wpa_supplicant: WPS:  * Config Methods (2388)
06-26 22:11:15.238  8292  8292 D wpa_supplicant: WPS:  * UUID-E
06-26 22:11:15.238  8292  8292 D wpa_supplicant: WPS:  * Primary Device Type
06-26 22:11:15.238  8292  8292 D wpa_supplicant: WPS:  * RF Bands (3)
06-26 22:11:15.238  8292  8292 D wpa_supplicant: WPS:  * Association State
06-26 22:11:15.238  8292  8292 D wpa_supplicant: WPS:  * Configuration Error (0)
06-26 22:11:15.238  8292  8292 D wpa_supplicant: WPS:  * Device Password ID (0)
06-26 22:11:15.238  8292  8292 D wpa_supplicant: WPS:  * Manufacturer
06-26 22:11:15.238  8292  8292 D wpa_supplicant: WPS:  * Model Name
06-26 22:11:15.238  8292  8292 D wpa_supplicant: WPS:  * Model Number
06-26 22:11:15.238  8292  8292 D wpa_supplicant: WPS:  * Device Name
06-26 22:11:15.238  8292  8292 D wpa_supplicant: WPS:  * Version2 (0x20)
06-26 22:11:15.238  8292  8292 D wpa_supplicant: wpa_driver_wext_combo_scan: Start
06-26 22:11:15.238  8292  8292 D wpa_supplicant: For Scan: (null)
06-26 22:11:15.308  8292  8292 D wpa_supplicant: Scan requested (ret=0) - scan timeout 30 seconds
06-26 22:11:15.308  8292  8292 D wpa_supplicant: wpa_driver_wext_driver_cmd POWERMODE 0 len = 4096
06-26 22:11:15.308  8292  8292 D wpa_supplicant: wpa_driver_wext_driver_cmd OK len = 0, 2
06-26 22:11:15.312  8292  8292 D wpa_supplicant: wpa_driver_wext_driver_cmd SETSUSPENDOPT 0 len = 4096
06-26 22:11:15.312  8292  8292 D wpa_supplicant: wpa_driver_wext_driver_cmd SETSUSPENDOPT 0 len = 0, 15
06-26 22:11:15.312  8292  8292 D wpa_supplicant: wpa_driver_wext_driver_cmd POWERMODE 0 len = 4096
06-26 22:11:15.312  8292  8292 D wpa_supplicant: wpa_driver_wext_driver_cmd OK len = 0, 2
06-26 22:11:16.011  8292  8292 D wpa_supplicant: RTM_NEWLINK: operstate=0 ifi_flags=0x11003 ([UP][LOWER_UP])
06-26 22:11:16.011  8292  8292 D wpa_supplicant: RTM_NEWLINK, IFLA_IFNAME: Interface 'wlan0' added
06-26 22:11:16.011  8292  8292 D wpa_supplicant: Wireless event: cmd=0x8b19 len=8
06-26 22:11:16.011  8292  8292 D wpa_supplicant: Received 1942 bytes of scan results (6 BSSes)
06-26 22:12:00.273  8292  8292 D wpa_supplicant: wpa_driver_wext_driver_cmd SETSUSPENDOPT 0 len = 4096
06-26 22:12:00.273  8292  8292 D wpa_supplicant: wpa_driver_wext_driver_cmd SETSUSPENDOPT 0 len = 0, 15
06-26 22:12:00.273  8292  8292 D wpa_supplicant: WPS: Building WPS IE for Probe Request
06-26 22:12:00.273  8292  8292 D wpa_supplicant: WPS:  * Version (hardcoded 0x10)
06-26 22:12:00.273  8292  8292 D wpa_supplicant: WPS:  * Request Type
06-26 22:12:00.273  8292  8292 D wpa_supplicant: WPS:  * Config Methods (2388)
06-26 22:12:00.273  8292  8292 D wpa_supplicant: WPS:  * UUID-E
06-26 22:12:00.273  8292  8292 D wpa_supplicant: WPS:  * Primary Device Type
06-26 22:12:00.273  8292  8292 D wpa_supplicant: WPS:  * RF Bands (3)
06-26 22:12:00.273  8292  8292 D wpa_supplicant: WPS:  * Association State
06-26 22:12:00.273  8292  8292 D wpa_supplicant: WPS:  * Configuration Error (0)
06-26 22:12:00.273  8292  8292 D wpa_supplicant: WPS:  * Device Password ID (0)
06-26 22:12:00.273  8292  8292 D wpa_supplicant: WPS:  * Manufacturer
06-26 22:12:00.273  8292  8292 D wpa_supplicant: WPS:  * Model Name
06-26 22:12:00.273  8292  8292 D wpa_supplicant: WPS:  * Model Number
06-26 22:12:00.273  8292  8292 D wpa_supplicant: WPS:  * Device Name
06-26 22:12:00.273  8292  8292 D wpa_supplicant: WPS:  * Version2 (0x20)
06-26 22:12:00.273  8292  8292 D wpa_supplicant: wpa_driver_wext_combo_scan: Start
06-26 22:12:00.273  8292  8292 D wpa_supplicant: For Scan: (null)
06-26 22:12:00.367  8292  8292 D wpa_supplicant: Scan requested (ret=0) - scan timeout 30 seconds
06-26 22:12:00.367  8292  8292 D wpa_supplicant: wpa_driver_wext_driver_cmd POWERMODE 0 len = 4096
06-26 22:12:00.371  8292  8292 D wpa_supplicant: wpa_driver_wext_driver_cmd OK len = 0, 2
06-26 22:12:00.375  8292  8292 D wpa_supplicant: wpa_driver_wext_driver_cmd SETSUSPENDOPT 0 len = 4096
06-26 22:12:00.375  8292  8292 D wpa_supplicant: wpa_driver_wext_driver_cmd SETSUSPENDOPT 0 len = 0, 15
06-26 22:12:00.375  8292  8292 D wpa_supplicant: wpa_driver_wext_driver_cmd POWERMODE 0 len = 4096
06-26 22:12:00.375  8292  8292 D wpa_supplicant: wpa_driver_wext_driver_cmd OK len = 0, 2
06-26 22:12:00.406 31086 31089 D dalvikvm: GC_CONCURRENT freed 467K, 7% free 10783K/11527K, paused 2ms+4ms
06-26 22:12:01.011  8292  8292 D wpa_supplicant: RTM_NEWLINK: operstate=0 ifi_flags=0x11003 ([UP][LOWER_UP])
06-26 22:12:01.011  8292  8292 D wpa_supplicant: RTM_NEWLINK, IFLA_IFNAME: Interface 'wlan0' added
06-26 22:12:01.011  8292  8292 D wpa_supplicant: Wireless event: cmd=0x8b19 len=8
06-26 22:12:01.011  8292  8292 D wpa_supplicant: Received 2175 bytes of scan results (7 BSSes)
06-26 22:12:45.289  8292  8292 D wpa_supplicant: wpa_driver_wext_driver_cmd SETSUSPENDOPT 0 len = 4096
06-26 22:12:45.289  8292  8292 D wpa_supplicant: wpa_driver_wext_driver_cmd SETSUSPENDOPT 0 len = 0, 15
06-26 22:12:45.289  8292  8292 D wpa_supplicant: WPS: Building WPS IE for Probe Request
