06-21 20:35:07.070 23227 23227 D wpa_supplicant: Received 3110 bytes of scan results (11 BSSes)
06-21 20:35:07.308  4687  4690 D dalvikvm: GC_CONCURRENT freed 363K, 5% free 10137K/10567K, paused 3ms+3ms
06-21 20:35:07.527  4687  4703 W Resources: Converting to string: TypedValue{t=0x10/d=0xffffffff a=-1}
06-21 20:35:07.699  4687  4690 D dalvikvm: GC_CONCURRENT freed 350K, 5% free 10311K/10759K, paused 2ms+4ms
06-21 20:35:08.933  4687  4690 D dalvikvm: GC_CONCURRENT freed 356K, 5% free 10406K/10887K, paused 2ms+3ms
06-21 20:35:09.343    82  4684 I NuCachedSource2: ERROR_END_OF_STREAM
06-21 20:35:09.738  4687  4690 D dalvikvm: GC_CONCURRENT freed 312K, 5% free 10509K/10951K, paused 2ms+3ms
06-21 20:35:10.297  4687  4690 D dalvikvm: GC_CONCURRENT freed 380K, 5% free 10648K/11143K, paused 2ms+3ms
06-21 20:35:19.293  4687  4690 D dalvikvm: GC_CONCURRENT freed 391K, 5% free 10701K/11207K, paused 1ms+4ms
06-21 20:35:22.074 23227 23227 D wpa_supplicant: WPS: Building WPS IE for Probe Request
06-21 20:35:22.074 23227 23227 D wpa_supplicant: WPS:  * Version (hardcoded 0x10)
06-21 20:35:22.074 23227 23227 D wpa_supplicant: WPS:  * Request Type
06-21 20:35:22.074 23227 23227 D wpa_supplicant: WPS:  * Config Methods (2388)
06-21 20:35:22.074 23227 23227 D wpa_supplicant: WPS:  * UUID-E
06-21 20:35:22.074 23227 23227 D wpa_supplicant: WPS:  * Primary Device Type
06-21 20:35:22.074 23227 23227 D wpa_supplicant: WPS:  * RF Bands (3)
06-21 20:35:22.074 23227 23227 D wpa_supplicant: WPS:  * Association State
06-21 20:35:22.074 23227 23227 D wpa_supplicant: WPS:  * Configuration Error (0)
06-21 20:35:22.074 23227 23227 D wpa_supplicant: WPS:  * Device Password ID (0)
06-21 20:35:22.074 23227 23227 D wpa_supplicant: WPS:  * Manufacturer
06-21 20:35:22.074 23227 23227 D wpa_supplicant: WPS:  * Model Name
06-21 20:35:22.074 23227 23227 D wpa_supplicant: WPS:  * Model Number
06-21 20:35:22.074 23227 23227 D wpa_supplicant: WPS:  * Device Name
06-21 20:35:22.074 23227 23227 D wpa_supplicant: WPS:  * Version2 (0x20)
06-21 20:35:22.074 23227 23227 D wpa_supplicant: wpa_driver_wext_combo_scan: Start
06-21 20:35:22.074 23227 23227 D wpa_supplicant: For Scan: (null)
06-21 20:35:22.132 23227 23227 D wpa_supplicant: Scan requested (ret=0) - scan timeout 30 seconds
06-21 20:35:22.621 23227 23227 D wpa_supplicant: RTM_NEWLINK: operstate=0 ifi_flags=0x11003 ([UP][LOWER_UP])
06-21 20:35:22.621 23227 23227 D wpa_supplicant: RTM_NEWLINK, IFLA_IFNAME: Interface 'wlan0' added
06-21 20:35:22.621 23227 23227 D wpa_supplicant: Wireless event: cmd=0x8b19 len=8
06-21 20:35:22.621 23227 23227 D wpa_supplicant: Received 2227 bytes of scan results (8 BSSes)
06-21 20:35:30.664    82  4574 W TimedEventQueue: Event 264 was not found in the queue, already cancelled?
06-21 20:35:30.730  4429  4573 D dalvikvm: GC_EXPLICIT freed 1902K, 24% free 11884K/15559K, paused 2ms+4ms
06-21 20:35:33.632   151   418 I AudioService:  AudioFocus  requestAudioFocus() from android.media.AudioManager@41567638com.pandora.android.activity.MusicPlayerFocusHelperA8$1@41405d58
06-21 20:35:33.640   151   168 E NotificationService: Ignoring notification with icon==0: Notification(contentView=null vibrate=null,sound=null,defaults=0x0,flags=0x62)
06-21 20:35:33.656   151  1217 I AudioService:   Remote Control   registerMediaButtonIntent() for PendingIntent{415af588: PendingIntentRecord{41a438c8 com.pandora.android broadcastIntent}}
06-21 20:35:33.664    82   122 D AudioHardware: AudioHardware pcm playback is going to standby.
06-21 20:35:33.664    82   122 D AudioHardware: closePcmOut_l() mPcmOpenCnt: 1
06-21 20:35:33.699    82   122 D AudioHardware: AudioHardware pcm playback is exiting standby.
06-21 20:35:33.699    82   122 D AudioHardware: openPcmOut_l() mPcmOpenCnt: 0
06-21 20:35:34.761  4429  4468 D dalvikvm: GC_FOR_ALLOC freed 308K, 24% free 11861K/15559K, paused 19ms
06-21 20:35:34.761  4429  4468 I dalvikvm-heap: Grow heap (frag case) to 12.591MB for 984016-byte allocation
06-21 20:35:34.797  4429  4431 D dalvikvm: GC_CONCURRENT freed 6K, 18% free 12816K/15559K, paused 1ms+3ms
06-21 20:35:35.410 23227 23227 D wpa_supplicant: wpa_driver_wext_driver_cmd SETSUSPENDOPT 0 len = 4096
06-21 20:35:35.410 23227 23227 D wpa_supplicant: wpa_driver_wext_driver_cmd SETSUSPENDOPT 0 len = 0, 15
06-21 20:35:35.410 23227 23227 D wpa_supplicant: wpa_driver_wext_driver_cmd POWERMODE 0 len = 4096
06-21 20:35:35.418 23227 23227 D wpa_supplicant: wpa_driver_wext_driver_cmd OK len = 0, 2
06-21 20:35:35.914 23227 23227 D wpa_supplicant: wpa_driver_wext_driver_cmd SETSUSPENDOPT 0 len = 4096
06-21 20:35:35.914 23227 23227 D wpa_supplicant: wpa_driver_wext_driver_cmd SETSUSPENDOPT 0 len = 0, 15
06-21 20:35:35.914 23227 23227 D wpa_supplicant: wpa_driver_wext_driver_cmd POWERMODE 0 len = 4096
06-21 20:35:35.933 23227 23227 D wpa_supplicant: wpa_driver_wext_driver_cmd OK len = 0, 2
06-21 20:35:35.949  4429  4469 D dalvikvm: GC_FOR_ALLOC freed 1631K, 23% free 12024K/15559K, paused 31ms
06-21 20:35:35.988  4429  4431 D dalvikvm: GC_CONCURRENT freed 2K, 17% free 12982K/15559K, paused 2ms+2ms
06-21 20:35:37.343  1931  1931 I PhoneLab-Locks: wake lock acquired
06-21 20:35:37.390  1931  1933 D dalvikvm: GC_CONCURRENT freed 890K, 18% free 9214K/11207K, paused 5ms+29ms
06-21 20:35:37.394  1931  1931 I PhoneLab-StatusMonitor: Status Monitoring is started
06-21 20:35:37.488  1931  1933 D dalvikvm: GC_CONCURRENT freed 363K, 18% free 9253K/11207K, paused 2ms+2ms
06-21 20:35:37.511  1931  1931 I PhoneLab-StatusMonitor: Value: 10 - unit: min
06-21 20:35:37.511  1931  1931 I PhoneLab-StatusMonitor: Running interval: 600000
06-21 20:35:37.527  1931  1931 I PhoneLab-StatusMonitor: Rescheduling status monitoring...
06-21 20:35:37.527  1931  1931 I PhoneLab-Locks: wake lock released
06-21 20:35:37.531  1931  1931 I PhoneLab-StatusMonitorLocation: Learning Location
06-21 20:35:37.531  1931  1931 I PhoneLab-Locks: wake lock acquired
06-21 20:35:37.539  1931  1931 I PhoneLab-Locks: wake lock acquired
06-21 20:35:37.539  2638  2707 D androidNetworkLocationListeners: Still have listener com.google.android.location.internal.client.NetworkLocationClient$1@41387b08
06-21 20:35:37.543  1931  1931 I PhoneLab-StatusMonitorLocation: Learning Signal Strgth
06-21 20:35:37.543  1931  1931 I PhoneLab-Locks: wake lock acquired
06-21 20:35:37.547 23227 23227 D wpa_supplicant: wpa_driver_wext_driver_cmd SETSUSPENDOPT 0 len = 4096
06-21 20:35:37.547 23227 23227 D wpa_supplicant: wpa_driver_wext_driver_cmd SETSUSPENDOPT 0 len = 0, 15
06-21 20:35:37.547 23227 23227 D wpa_supplicant: wpa_driver_wext_driver_cmd POWERMODE 0 len = 4096
06-21 20:35:37.550  2638  2707 D androidNetworkLocationListeners: Still have listener com.google.android.location.internal.client.NetworkLocationClient$1@41387b08
06-21 20:35:37.554  1931  1931 I PhoneLab-StatusMonitorBattery: Battery_level: 52
06-21 20:35:37.558  1931  1931 I PhoneLab-Locks: wake lock released
06-21 20:35:37.566  1931  1931 I PhoneLab-StatusMonitorSignal: Signal_Strength: -65 asu: 24
06-21 20:35:37.566  1931  1931 I PhoneLab-Locks: wake lock released
06-21 20:35:37.566 23227 23227 D wpa_supplicant: wpa_driver_wext_driver_cmd OK len = 0, 2
06-21 20:35:37.566 23227 23227 D wpa_supplicant: WPS: Building WPS IE for Probe Request
06-21 20:35:37.566 23227 23227 D wpa_supplicant: WPS:  * Version (hardcoded 0x10)
06-21 20:35:37.566 23227 23227 D wpa_supplicant: WPS:  * Request Type
06-21 20:35:37.566 23227 23227 D wpa_supplicant: WPS:  * Config Methods (2388)
06-21 20:35:37.566 23227 23227 D wpa_supplicant: WPS:  * UUID-E
06-21 20:35:37.566 23227 23227 D wpa_supplicant: WPS:  * Primary Device Type
06-21 20:35:37.566 23227 23227 D wpa_supplicant: WPS:  * RF Bands (3)
06-21 20:35:37.566 23227 23227 D wpa_supplicant: WPS:  * Association State
06-21 20:35:37.566 23227 23227 D wpa_supplicant: WPS:  * Configuration Error (0)
06-21 20:35:37.566 23227 23227 D wpa_supplicant: WPS:  * Device Password ID (0)
06-21 20:35:37.566 23227 23227 D wpa_supplicant: WPS:  * Manufacturer
06-21 20:35:37.566 23227 23227 D wpa_supplicant: WPS:  * Model Name
06-21 20:35:37.566 23227 23227 D wpa_supplicant: WPS:  * Model Number
06-21 20:35:37.566 23227 23227 D wpa_supplicant: WPS:  * Device Name
06-21 20:35:37.566 23227 23227 D wpa_supplicant: WPS:  * Version2 (0x20)
06-21 20:35:37.566 23227 23227 D wpa_supplicant: wpa_driver_wext_combo_scan: Start
06-21 20:35:37.566 23227 23227 D wpa_supplicant: For Scan: (null)
06-21 20:35:37.617 23227 23227 D wpa_supplicant: Scan requested (ret=0) - scan timeout 30 seconds
06-21 20:35:37.617 23227 23227 D wpa_supplicant: Ongoing scan action - reject new request
06-21 20:35:38.101 23227 23227 D wpa_supplicant: RTM_NEWLINK: operstate=0 ifi_flags=0x11003 ([UP][LOWER_UP])
06-21 20:35:38.101 23227 23227 D wpa_supplicant: RTM_NEWLINK, IFLA_IFNAME: Interface 'wlan0' added
06-21 20:35:38.101 23227 23227 D wpa_supplicant: Wireless event: cmd=0x8b19 len=8
06-21 20:35:38.109 23227 23227 D wpa_supplicant: Received 2592 bytes of scan results (9 BSSes)
06-21 20:35:38.226 23227 23227 D wpa_supplicant: wpa_driver_wext_driver_cmd SETSUSPENDOPT 0 len = 4096
06-21 20:35:38.226 23227 23227 D wpa_supplicant: wpa_driver_wext_driver_cmd SETSUSPENDOPT 0 len = 0, 15
06-21 20:35:38.226 23227 23227 D wpa_supplicant: wpa_driver_wext_driver_cmd POWERMODE 0 len = 4096
06-21 20:35:38.230 23227 23227 D wpa_supplicant: wpa_driver_wext_driver_cmd OK len = 0, 2
06-21 20:35:38.254  2638  2707 D androidNetworkLocationListeners: Still have listener com.google.android.location.internal.client.NetworkLocationClient$1@41387b08
06-21 20:35:38.254  1931  1931 I PhoneLab-StatusMonitorLocation: Location_Latitude: 42.8881463 Longitude: -78.8723517 Accuracy: 31.0
06-21 20:35:38.254 23227 23227 D wpa_supplicant: wpa_driver_wext_driver_cmd SETSUSPENDOPT 0 len = 4096
06-21 20:35:38.254 23227 23227 D wpa_supplicant: wpa_driver_wext_driver_cmd SETSUSPENDOPT 0 len = 0, 15
06-21 20:35:38.254 23227 23227 D wpa_supplicant: wpa_driver_wext_driver_cmd POWERMODE 0 len = 4096
06-21 20:35:38.261  1931  1931 I PhoneLab-Locks: wake lock released
06-21 20:35:38.261 23227 23227 D wpa_supplicant: wpa_driver_wext_driver_cmd OK len = 0, 2
06-21 20:35:38.261 23227 23227 D wpa_supplicant: WPS: Building WPS IE for Probe Request
06-21 20:35:38.261 23227 23227 D wpa_supplicant: WPS:  * Version (hardcoded 0x10)
06-21 20:35:38.261 23227 23227 D wpa_supplicant: WPS:  * Request Type
06-21 20:35:38.261 23227 23227 D wpa_supplicant: WPS:  * Config Methods (2388)
06-21 20:35:38.261 23227 23227 D wpa_supplicant: WPS:  * UUID-E
06-21 20:35:38.261 23227 23227 D wpa_supplicant: WPS:  * Primary Device Type
06-21 20:35:38.261 23227 23227 D wpa_supplicant: WPS:  * RF Bands (3)
06-21 20:35:38.261 23227 23227 D wpa_supplicant: WPS:  * Association State
06-21 20:35:38.261 23227 23227 D wpa_supplicant: WPS:  * Configuration Error (0)
06-21 20:35:38.261 23227 23227 D wpa_supplicant: WPS:  * Device Password ID (0)
06-21 20:35:38.261 23227 23227 D wpa_supplicant: WPS:  * Manufacturer
06-21 20:35:38.261 23227 23227 D wpa_supplicant: WPS:  * Model Name
06-21 20:35:38.261 23227 23227 D wpa_supplicant: WPS:  * Model Number
06-21 20:35:38.261 23227 23227 D wpa_supplicant: WPS:  * Device Name
06-21 20:35:38.261 23227 23227 D wpa_supplicant: WPS:  * Version2 (0x20)
06-21 20:35:38.261 23227 23227 D wpa_supplicant: wpa_driver_wext_combo_scan: Start
06-21 20:35:38.261 23227 23227 D wpa_supplicant: For Scan: (null)
06-21 20:35:38.265 23227 23227 D wpa_supplicant: Scan requested (ret=0) - scan timeout 30 seconds
06-21 20:35:38.277  2638  2640 D dalvikvm: GC_CONCURRENT freed 497K, 7% free 10171K/10823K, paused 2ms+3ms
06-21 20:35:38.715   151   197 I power   : *** set_screen_state 1
06-21 20:35:38.750 23227 23227 D wpa_supplicant: RTM_NEWLINK: operstate=0 ifi_flags=0x11003 ([UP][LOWER_UP])
06-21 20:35:38.750 23227 23227 D wpa_supplicant: RTM_NEWLINK, IFLA_IFNAME: Interface 'wlan0' added
06-21 20:35:38.750 23227 23227 D wpa_supplicant: Wireless event: cmd=0x8b19 len=8
06-21 20:35:38.750 23227 23227 D wpa_supplicant: Received 2057 bytes of scan results (7 BSSes)
06-21 20:35:38.820   151   197 I WindowManager: Lock screen displayed!
06-21 20:35:38.910 23227 23227 D wpa_supplicant: wpa_driver_wext_driver_cmd SETSUSPENDOPT 0 len = 4096
06-21 20:35:38.910 23227 23227 D wpa_supplicant: wpa_driver_wext_driver_cmd SETSUSPENDOPT 0 len = 0, 15
06-21 20:35:38.910 23227 23227 D wpa_supplicant: wpa_driver_wext_driver_cmd POWERMODE 0 len = 4096
06-21 20:35:38.914 23227 23227 D wpa_supplicant: wpa_driver_wext_driver_cmd OK len = 0, 2
06-21 20:35:38.925    79   119 D SurfaceFlinger: Screen about to return, flinger = 0x1bb1918
06-21 20:35:38.996 23227 23227 D wpa_supplicant: wpa_driver_wext_driver_cmd SETSUSPENDOPT 0 len = 4096
06-21 20:35:38.996 23227 23227 D wpa_supplicant: wpa_driver_wext_driver_cmd SETSUSPENDOPT 0 len = 0, 15
06-21 20:35:39.000 23227 23227 D wpa_supplicant: wpa_driver_wext_driver_cmd POWERMODE 0 len = 4096
06-21 20:35:39.004 23227 23227 D wpa_supplicant: wpa_driver_wext_driver_cmd OK len = 0, 2
06-21 20:35:39.007 26370 26370 D DAL     : lrb android.intent.action.SCREEN_ON
06-21 20:35:39.007 26370 26370 D DAL     : lrb Starting displayBannerIfNotConnectedTask
06-21 20:35:39.011 26370 26370 D DAL     : lrb updateCurrentView
06-21 20:35:39.011 26370 26370 I DAL     : lrb updateHeader
06-21 20:35:39.074  2638  2707 D androidNetworkLocationListeners: Still have listener com.google.android.location.internal.client.NetworkLocationClient$1@41387b08
06-21 20:35:39.078 23227 23227 D wpa_supplicant: wpa_driver_wext_driver_cmd SETSUSPENDOPT 0 len = 4096
06-21 20:35:39.078 23227 23227 D wpa_supplicant: wpa_driver_wext_driver_cmd SETSUSPENDOPT 0 len = 0, 15
06-21 20:35:39.082 23227 23227 D wpa_supplicant: wpa_driver_wext_driver_cmd POWERMODE 0 len = 4096
06-21 20:35:39.082 23227 23227 D wpa_supplicant: wpa_driver_wext_driver_cmd OK len = 0, 2
06-21 20:35:39.082 23227 23227 D wpa_supplicant: WPS: Building WPS IE for Probe Request
06-21 20:35:39.082 23227 23227 D wpa_supplicant: WPS:  * Version (hardcoded 0x10)
06-21 20:35:39.082 23227 23227 D wpa_supplicant: WPS:  * Request Type
06-21 20:35:39.082 23227 23227 D wpa_supplicant: WPS:  * Config Methods (2388)
06-21 20:35:39.082 23227 23227 D wpa_supplicant: WPS:  * UUID-E
06-21 20:35:39.082 23227 23227 D wpa_supplicant: WPS:  * Primary Device Type
06-21 20:35:39.082 23227 23227 D wpa_supplicant: WPS:  * RF Bands (3)
06-21 20:35:39.082 23227 23227 D wpa_supplicant: WPS:  * Association State
06-21 20:35:39.082 23227 23227 D wpa_supplicant: WPS:  * Configuration Error (0)
06-21 20:35:39.082 23227 23227 D wpa_supplicant: WPS:  * Device Password ID (0)
06-21 20:35:39.082 23227 23227 D wpa_supplicant: WPS:  * Manufacturer
06-21 20:35:39.082 23227 23227 D wpa_supplicant: WPS:  * Model Name
06-21 20:35:39.082 23227 23227 D wpa_supplicant: WPS:  * Model Number
06-21 20:35:39.082 23227 23227 D wpa_supplicant: WPS:  * Device Name
06-21 20:35:39.082 23227 23227 D wpa_supplicant: WPS:  * Version2 (0x20)
06-21 20:35:39.082 23227 23227 D wpa_supplicant: wpa_driver_wext_combo_scan: Start
06-21 20:35:39.082 23227 23227 D wpa_supplicant: For Scan: (null)
06-21 20:35:39.086 23227 23227 D wpa_supplicant: Scan requested (ret=0) - scan timeout 30 seconds
06-21 20:35:39.113  2638  2707 D androidNetworkLocationListeners: Still have listener com.google.android.location.internal.client.NetworkLocationClient$1@41387b08
06-21 20:35:39.117 23227 23227 D wpa_supplicant: Ongoing scan action - reject new request
06-21 20:35:39.168 26473 26473 D dalvikvm: GC_EXPLICIT freed 10K, 3% free 9069K/9347K, paused 7ms+2ms
06-21 20:35:39.172 26370  4728 I ControllerImpl: GET:http://wxdata.weather.com/wxdata/loc/get.js?lat=42.8881852&lng=-78.8723657&locale=en_US&key=e88d42ec-a740-102c-bafd-001321203584
06-21 20:35:39.175 26370  4728 I DAL     : GET:http://wxdata.weather.com/wxdata/loc/get.js?lat=42.8881852&lng=-78.8723657&locale=en_US&key=e88d42ec-a740-102c-bafd-001321203584
06-21 20:35:39.179  2638  2707 D androidNetworkLocationListeners: Still have listener com.google.android.location.internal.client.NetworkLocationClient$1@41387b08
06-21 20:35:39.179 23227 23227 D wpa_supplicant: Ongoing scan action - reject new request
06-21 20:35:39.570 23227 23227 D wpa_supplicant: RTM_NEWLINK: operstate=0 ifi_flags=0x11003 ([UP][LOWER_UP])
06-21 20:35:39.570 23227 23227 D wpa_supplicant: RTM_NEWLINK, IFLA_IFNAME: Interface 'wlan0' added
06-21 20:35:39.570 23227 23227 D wpa_supplicant: Wireless event: cmd=0x8b19 len=8
06-21 20:35:39.570 23227 23227 D wpa_supplicant: Received 1881 bytes of scan results (6 BSSes)
06-21 20:35:39.754   151  1217 I ActivityManager: Process com.jim2 (pid 3396) has died.
06-21 20:35:39.754   151  1217 W ActivityManager: Scheduling restart of crashed service com.jim2/.UpdateService in 5000ms
06-21 20:35:39.765 26370 26370 D WeatherGadgetService: WeatherGadetService.getWeatherData:Buffalo, NY (14203), **FOLLOW_ME**
06-21 20:35:39.765 26370 26370 D DAL     : WeatherDataConnection request:Buffalo, NY (14203), CC
06-21 20:35:39.773 23227 23227 D wpa_supplicant: wpa_driver_wext_driver_cmd SETSUSPENDOPT 0 len = 4096
06-21 20:35:39.773 23227 23227 D wpa_supplicant: wpa_driver_wext_driver_cmd SETSUSPENDOPT 0 len = 0, 15
06-21 20:35:39.773 23227 23227 D wpa_supplicant: wpa_driver_wext_driver_cmd POWERMODE 0 len = 4096
06-21 20:35:39.781 23227 23227 D wpa_supplicant: wpa_driver_wext_driver_cmd OK len = 0, 2
06-21 20:35:39.797 26370 26370 D DAL     : WeatherDataConnection request:Buffalo, NY (14203), WA
06-21 20:35:39.832 26370  4732 D DAL     : hhh onRemoval: cause:EXPIRED, Buffalo, NY (14203)
06-21 20:35:39.832 26370  4732 D DAL     : FILE MEMCACHE-MISS:Buffalo, NY (14203)
06-21 20:35:39.832 26370  4733 D DAL     : hhh onRemoval: cause:EXPIRED, Buffalo, NY (14203)
06-21 20:35:39.832 26370  4733 D DAL     : FILE MEMCACHE-MISS:Buffalo, NY (14203)
06-21 20:35:39.840 26370  4733 D DAL     : hhh onRemoval: cause:EXPIRED, http://wxdata.weather.com/wxdata/mobile/mobagg/14203.js?locale=en_US&key=e88d42ec-a740-102c-bafd-001321203584
06-21 20:35:39.840 26370  4733 D DAL     : FILE MEMCACHE-MISS:http://wxdata.weather.com/wxdata/mobile/mobagg/14203.js?locale=en_US&key=e88d42ec-a740-102c-bafd-001321203584
06-21 20:35:39.851 26370  4733 I ControllerImpl: GET:http://wxdata.weather.com/wxdata/mobile/mobagg/14203.js?locale=en_US&key=e88d42ec-a740-102c-bafd-001321203584
06-21 20:35:39.851 26370  4733 I DAL     : GET:http://wxdata.weather.com/wxdata/mobile/mobagg/14203.js?locale=en_US&key=e88d42ec-a740-102c-bafd-001321203584
06-21 20:35:39.855 26370 26370 D WeatherGadgetService: WeatherGadetService.getWeatherData:Buffalo, NY (14203), **FOLLOW_ME**
06-21 20:35:39.863 26370 26370 D DAL     : WeatherDataConnection request:Buffalo, NY (14203), CC
06-21 20:35:39.867 26370 26370 D DAL     : WeatherDataConnection request:Buffalo, NY (14203), WA
06-21 20:35:39.894  2638  2640 D dalvikvm: GC_CONCURRENT freed 483K, 7% free 10153K/10823K, paused 2ms+29ms
06-21 20:35:40.457 26370 26372 D dalvikvm: GC_CONCURRENT freed 463K, 7% free 9777K/10503K, paused 6ms+2ms
06-21 20:35:40.461 26370  4733 D DAL     : Deleting old file:22338720-AGG-http+wxdata+weather+com+wxdata+mobile+mobagg+14203+js+locale+en_US+key+e88d42ec-a740-102c-bafd-001321203584
06-21 20:35:40.558 26370  4732 D dalvikvm: GC_FOR_ALLOC freed 141K, 8% free 9717K/10503K, paused 35ms
06-21 20:35:40.590 26370  4733 D DAL     : Deleting old file:22338720-DISCRETE_WA-Buffalo+NY+(14203)
06-21 20:35:40.660    85    85 I keystore: uid: 1000 action: p -> 1 state: 1 -> 1 retry: 4
06-21 20:35:40.691   327   327 D PhoneStatusBar: disable: < expand* icons alerts ticker* system_info BACK HOME recent* CLOCK >
06-21 20:35:40.711   410  1044 D NfcService: NFC-C ON
06-21 20:35:40.711   151   168 I ActivityManager: Start proc com.jim2 for broadcast com.jim2/.SwitcherProviderLarge: pid=4739 uid=10076 gids={3002, 3001, 1006, 1015}
06-21 20:35:40.722  4739  4739 I dalvikvm: Turning on JNI app bug workarounds for target SDK version 11...
06-21 20:35:40.734   151   580 W InputManagerService: Window already focused, ignoring focus gain of: com.android.internal.view.IInputMethodClient$Stub$Proxy@414378a0
06-21 20:35:40.738   327   327 D PhoneStatusBar: disable: < expand icons alerts ticker system_info back* home* recent clock* >
06-21 20:35:40.746   327   327 V PhoneStatusBar: setLightsOn(true)
06-21 20:35:40.769 26370  4732 D DAL     : Deleting old file:22338720-DISCRETE_CC-Buffalo+NY+(14203)
06-21 20:35:40.929  4739  4739 I ActivityThread: Pub com.jim2.docksProvider: com.jim2.docksProvider
06-21 20:35:41.090   151  1217 I ActivityManager: Start proc android.process.acore for content provider com.android.providers.contacts/.ContactsProvider2: pid=4753 uid=10000 gids={3003, 1015}
06-21 20:35:41.132  4753  4753 I ActivityThread: Pub call_log: com.android.providers.contacts.CallLogProvider
06-21 20:35:41.195  4753  4753 I ActivityThread: Pub com.android.voicemail: com.android.providers.contacts.VoicemailContentProvider
06-21 20:35:41.207  4753  4753 I ActivityThread: Pub user_dictionary: com.android.providers.userdictionary.UserDictionaryProvider
06-21 20:35:41.234   151   700 I ActivityManager: Process com.google.android.gm (pid 4323) has died.
06-21 20:35:41.269  4753  4753 I ActivityThread: Pub com.android.social: com.android.providers.contacts.SocialProvider
06-21 20:35:41.269  4753  4753 I ActivityThread: Pub applications: com.android.providers.applications.ApplicationsProvider
06-21 20:35:41.371  4753  4753 I ActivityThread: Pub contacts;com.android.contacts: com.android.providers.contacts.ContactsProvider2
06-21 20:35:41.390  4753  4755 D dalvikvm: GC_CONCURRENT freed 341K, 5% free 9154K/9607K, paused 2ms+3ms
06-21 20:35:41.851  4753  4755 D dalvikvm: GC_CONCURRENT freed 236K, 4% free 9379K/9735K, paused 14ms+6ms
06-21 20:35:42.129   151   580 D dalvikvm: GC_EXPLICIT freed 1660K, 16% free 17289K/20423K, paused 3ms+12ms
06-21 20:35:42.168   151  1215 I AudioService:  AudioFocus  abandonAudioFocus() from android.media.AudioManager@41567638com.pandora.android.activity.MusicPlayerFocusHelperA8$1@41405d58
06-21 20:35:42.312   327   329 D dalvikvm: GC_CONCURRENT freed 600K, 53% free 10369K/21767K, paused 2ms+4ms
06-21 20:35:42.394   327   329 D dalvikvm: GC_CONCURRENT freed 504K, 53% free 10350K/21767K, paused 2ms+5ms
06-21 20:35:43.273   151   191 V WiredAccessoryObserver: Headset UEVENT: {SUBSYSTEM=switch, SWITCH_STATE=0, DEVPATH=/devices/virtual/switch/h2w, SEQNUM=20100, ACTION=change, SWITCH_NAME=h2w}
06-21 20:35:43.273   151   191 V WiredAccessoryObserver: newState = 0, headsetState = 0,mHeadsetState = 2
06-21 20:35:43.300   151   168 I ActivityManager: Start proc com.android.music for broadcast com.android.music/.MediaButtonIntentReceiver: pid=4774 uid=10033 gids={3003, 1015}
06-21 20:35:43.332  4774  4774 I dalvikvm: Turning on JNI app bug workarounds for target SDK version 9...
06-21 20:35:43.390   151  1217 I AudioService:   Remote Control   registerMediaButtonIntent() for PendingIntent{41863578: PendingIntentRecord{414dbc38 com.android.music broadcastIntent}}
06-21 20:35:43.445   151   705 I ActivityManager: Start proc android.process.media for content provider com.android.providers.media/.MediaProvider: pid=4788 uid=10012 gids={1015, 1023, 1024, 2001, 3003, 3007}
06-21 20:35:43.511  4788  4788 I ActivityThread: Pub downloads: com.android.providers.downloads.DownloadProvider
06-21 20:35:43.543  4788  4788 I ActivityThread: Pub drm: com.android.providers.drm.DrmProvider
06-21 20:35:43.547  4788  4801 I DownloadManager: in removeSpuriousFiles
06-21 20:35:43.562  4788  4788 I ActivityThread: Pub media: com.android.providers.media.MediaProvider
06-21 20:35:43.961  4788  4801 I DownloadManager: in removeSpuriousFiles, preserving file /data/data/com.android.providers.downloads/cache/metadata-1.htm
06-21 20:35:43.961  4788  4801 I DownloadManager: in removeSpuriousFiles, preserving file /data/data/com.android.providers.downloads/cache/metadata.htm
06-21 20:35:43.965  4788  4801 I DownloadManager: in removeSpuriousFiles, preserving file /data/data/com.android.providers.downloads/cache/metadata.json
06-21 20:35:43.965  4788  4801 I DownloadManager: in removeSpuriousFiles, preserving file /data/data/com.android.providers.downloads/cache/en_general.htm
06-21 20:35:43.965  4788  4801 I DownloadManager: in removeSpuriousFiles, preserving file /data/data/com.android.providers.downloads/cache/metadata-1.json
06-21 20:35:43.965  4788  4801 I DownloadManager: in removeSpuriousFiles, preserving file /data/data/com.android.providers.downloads/cache/downloadfile.apk
06-21 20:35:43.968  4788  4801 I DownloadManager: deleting spurious file /cache/backup
06-21 20:35:44.140  4788  4790 D dalvikvm: GC_CONCURRENT freed 367K, 5% free 9169K/9607K, paused 3ms+2ms
06-21 20:35:44.285   151   167 V WiredAccessoryObserver: Intent.ACTION_HEADSET_PLUG: state: 0 name: h2w mic: 0
06-21 20:35:44.949  4739  4741 D dalvikvm: GC_CONCURRENT freed 273K, 4% free 9254K/9607K, paused 6ms+1ms
06-21 20:35:45.187    82   122 D AudioHardware: AudioHardware pcm playback is going to standby.
06-21 20:35:45.187    82   122 D AudioHardware: closePcmOut_l() mPcmOpenCnt: 1
06-21 20:35:46.750   151   193 I power   : *** set_screen_state 0
06-21 20:35:46.769   151   197 D UnlockScreen: portrait mode
06-21 20:35:46.824    79   119 D SurfaceFlinger: About to give-up screen, flinger = 0x1bb1918
06-21 20:35:46.929   151   197 V TransportControlView: Create TCV com.android.internal.widget.TransportControlView@414d9528
06-21 20:35:46.937   410  1584 D NfcService: NFC-C OFF, disconnect
06-21 20:35:47.011 26370 26370 D DAL     : lrb android.intent.action.SCREEN_OFF
06-21 20:35:47.078   327   327 D PhoneStatusBar: disable: < EXPAND* icons alerts TICKER* system_info back home RECENT* clock >
06-21 20:35:47.183   327   327 D PhoneStatusBar: disable: < EXPAND icons alerts TICKER system_info BACK* HOME* RECENT CLOCK* >
06-21 20:36:17.128   151  1217 I ActivityManager: Process com.google.android.apps.maps:FriendService (pid 4632) has died.
06-21 20:36:19.816 23227 23227 D wpa_supplicant: WPS: Building WPS IE for Probe Request
06-21 20:36:19.816 23227 23227 D wpa_supplicant: WPS:  * Version (hardcoded 0x10)
06-21 20:36:19.816 23227 23227 D wpa_supplicant: WPS:  * Request Type
06-21 20:36:19.816 23227 23227 D wpa_supplicant: WPS:  * Config Methods (2388)
06-21 20:36:19.816 23227 23227 D wpa_supplicant: WPS:  * UUID-E
06-21 20:36:19.816 23227 23227 D wpa_supplicant: WPS:  * Primary Device Type
06-21 20:36:19.816 23227 23227 D wpa_supplicant: WPS:  * RF Bands (3)
06-21 20:36:19.816 23227 23227 D wpa_supplicant: WPS:  * Association State
06-21 20:36:19.816 23227 23227 D wpa_supplicant: WPS:  * Configuration Error (0)
06-21 20:36:19.816 23227 23227 D wpa_supplicant: WPS:  * Device Password ID (0)
06-21 20:36:19.820 23227 23227 D wpa_supplicant: WPS:  * Manufacturer
06-21 20:36:19.820 23227 23227 D wpa_supplicant: WPS:  * Model Name
06-21 20:36:19.820 23227 23227 D wpa_supplicant: WPS:  * Model Number
06-21 20:36:19.820 23227 23227 D wpa_supplicant: WPS:  * Device Name
06-21 20:36:19.820 23227 23227 D wpa_supplicant: WPS:  * Version2 (0x20)
06-21 20:36:19.820 23227 23227 D wpa_supplicant: wpa_driver_wext_combo_scan: Start
06-21 20:36:19.820 23227 23227 D wpa_supplicant: For Scan: (null)
06-21 20:36:19.878 23227 23227 D wpa_supplicant: Scan requested (ret=0) - scan timeout 30 seconds
06-21 20:36:21.011 23227 23227 D wpa_supplicant: RTM_NEWLINK: operstate=0 ifi_flags=0x11003 ([UP][LOWER_UP])
06-21 20:36:21.011 23227 23227 D wpa_supplicant: RTM_NEWLINK, IFLA_IFNAME: Interface 'wlan0' added
06-21 20:36:21.011 23227 23227 D wpa_supplicant: Wireless event: cmd=0x8b19 len=8
06-21 20:36:21.011 23227 23227 D wpa_supplicant: Received 1563 bytes of scan results (5 BSSes)
06-21 20:39:51.054 23227 23227 D wpa_supplicant: WPS: Building WPS IE for Probe Request
06-21 20:39:51.054 23227 23227 D wpa_supplicant: WPS:  * Version (hardcoded 0x10)
06-21 20:39:51.054 23227 23227 D wpa_supplicant: WPS:  * Request Type
06-21 20:39:51.054 23227 23227 D wpa_supplicant: WPS:  * Config Methods (2388)
06-21 20:39:51.054 23227 23227 D wpa_supplicant: WPS:  * UUID-E
06-21 20:39:51.054 23227 23227 D wpa_supplicant: WPS:  * Primary Device Type
06-21 20:39:51.054 23227 23227 D wpa_supplicant: WPS:  * RF Bands (3)
06-21 20:39:51.054 23227 23227 D wpa_supplicant: WPS:  * Association State
06-21 20:39:51.054 23227 23227 D wpa_supplicant: WPS:  * Configuration Error (0)
06-21 20:39:51.054 23227 23227 D wpa_supplicant: WPS:  * Device Password ID (0)
06-21 20:39:51.054 23227 23227 D wpa_supplicant: WPS:  * Manufacturer
06-21 20:39:51.054 23227 23227 D wpa_supplicant: WPS:  * Model Name
06-21 20:39:51.054 23227 23227 D wpa_supplicant: WPS:  * Model Number
06-21 20:39:51.054 23227 23227 D wpa_supplicant: WPS:  * Device Name
06-21 20:39:51.054 23227 23227 D wpa_supplicant: WPS:  * Version2 (0x20)
06-21 20:39:51.054 23227 23227 D wpa_supplicant: wpa_driver_wext_combo_scan: Start
06-21 20:39:51.054 23227 23227 D wpa_supplicant: For Scan: (null)
06-21 20:39:51.086  2638  2707 D androidNetworkLocationListeners: Still have listener com.google.android.location.internal.client.NetworkLocationClient$1@41387b08
06-21 20:39:51.093  2638  2707 D androidNetworkLocationListeners: Still have listener com.google.android.location.internal.client.NetworkLocationClient$1@41387b08
06-21 20:39:51.113 23227 23227 D wpa_supplicant: Scan requested (ret=0) - scan timeout 30 seconds
06-21 20:39:51.113 23227 23227 D wpa_supplicant: wpa_driver_wext_driver_cmd SETSUSPENDOPT 0 len = 4096
06-21 20:39:51.113 23227 23227 D wpa_supplicant: wpa_driver_wext_driver_cmd SETSUSPENDOPT 0 len = 0, 15
06-21 20:39:51.117 23227 23227 D wpa_supplicant: wpa_driver_wext_driver_cmd POWERMODE 0 len = 4096
06-21 20:39:51.117 23227 23227 D wpa_supplicant: wpa_driver_wext_driver_cmd OK len = 0, 2
06-21 20:39:51.117 23227 23227 D wpa_supplicant: Ongoing scan action - reject new request
06-21 20:39:51.117 23227 23227 D wpa_supplicant: Ongoing scan action - reject new request
06-21 20:39:51.601 23227 23227 D wpa_supplicant: RTM_NEWLINK: operstate=0 ifi_flags=0x11003 ([UP][LOWER_UP])
06-21 20:39:51.601 23227 23227 D wpa_supplicant: RTM_NEWLINK, IFLA_IFNAME: Interface 'wlan0' added
06-21 20:39:51.601 23227 23227 D wpa_supplicant: Wireless event: cmd=0x8b19 len=8
06-21 20:39:51.601 23227 23227 D wpa_supplicant: Received 1374 bytes of scan results (6 BSSes)
06-21 20:39:51.644  2638  2715 D WifiLocator: Too many cache  misses. Need server request. hasLocation=0 noLocation=0 cacheMiss=6
06-21 20:39:51.644  2638  2715 D NetworkLocator: New location significantly newer than previous. Reporting it.
06-21 20:39:51.691  2638  2709 I System.out: [INFO:14646905]: LogSource: Running flush
06-21 20:39:51.718  2638  2710 I System.out: [INFO:14646931]: LogSource: Sending payload [bytes=555]
06-21 20:39:53.117  2638  2710 I System.out: [INFO:14648328]: LogSource: Response [http=200,length=265]
06-21 20:39:53.125  2638  2709 I System.out: [INFO:14648336]: LogSource: Read id 8, status code 200
06-21 20:39:53.160  2638  2715 D WifiLocator: Too many no-location APs. Will not compute a location nor go to the server. hasLocation=0 noLocation=0 cacheMiss=0
06-21 20:39:53.203 23227 23227 D wpa_supplicant: wpa_driver_wext_driver_cmd SETSUSPENDOPT 0 len = 4096
06-21 20:39:53.203 23227 23227 D wpa_supplicant: wpa_driver_wext_driver_cmd SETSUSPENDOPT 0 len = 0, 15
06-21 20:39:53.203 23227 23227 D wpa_supplicant: wpa_driver_wext_driver_cmd POWERMODE 0 len = 4096
06-21 20:39:53.211 23227 23227 D wpa_supplicant: wpa_driver_wext_driver_cmd OK len = 0, 2
06-21 20:40:35.406   151   295 I ActivityManager: Process com.laurencedawson.reddit_sync:remote (pid 4363) has died.
06-21 20:40:36.144 23227 23227 D wpa_supplicant: wpa_driver_wext_driver_cmd SETSUSPENDOPT 0 len = 4096
06-21 20:40:36.144 23227 23227 D wpa_supplicant: wpa_driver_wext_driver_cmd SETSUSPENDOPT 0 len = 0, 15
06-21 20:40:36.144 23227 23227 D wpa_supplicant: WPS: Building WPS IE for Probe Request
06-21 20:40:36.144 23227 23227 D wpa_supplicant: WPS:  * Version (hardcoded 0x10)
06-21 20:40:36.144 23227 23227 D wpa_supplicant: WPS:  * Request Type
06-21 20:40:36.144 23227 23227 D wpa_supplicant: WPS:  * Config Methods (2388)
06-21 20:40:36.144 23227 23227 D wpa_supplicant: WPS:  * UUID-E
06-21 20:40:36.144 23227 23227 D wpa_supplicant: WPS:  * Primary Device Type
06-21 20:40:36.144 23227 23227 D wpa_supplicant: WPS:  * RF Bands (3)
06-21 20:40:36.144 23227 23227 D wpa_supplicant: WPS:  * Association State
06-21 20:40:36.144 23227 23227 D wpa_supplicant: WPS:  * Configuration Error (0)
06-21 20:40:36.144 23227 23227 D wpa_supplicant: WPS:  * Device Password ID (0)
06-21 20:40:36.144 23227 23227 D wpa_supplicant: WPS:  * Manufacturer
06-21 20:40:36.144 23227 23227 D wpa_supplicant: WPS:  * Model Name
06-21 20:40:36.144 23227 23227 D wpa_supplicant: WPS:  * Model Number
06-21 20:40:36.144 23227 23227 D wpa_supplicant: WPS:  * Device Name
06-21 20:40:36.144 23227 23227 D wpa_supplicant: WPS:  * Version2 (0x20)
06-21 20:40:36.164 23227 23227 D wpa_supplicant: wpa_driver_wext_combo_scan: Start
06-21 20:40:36.164 23227 23227 D wpa_supplicant: For Scan: (null)
06-21 20:40:36.222 23227 23227 D wpa_supplicant: Scan requested (ret=0) - scan timeout 30 seconds
06-21 20:40:36.222 23227 23227 D wpa_supplicant: wpa_driver_wext_driver_cmd POWERMODE 0 len = 4096
06-21 20:40:36.226 23227 23227 D wpa_supplicant: wpa_driver_wext_driver_cmd OK len = 0, 2
06-21 20:40:36.261  2638  2640 D dalvikvm: GC_CONCURRENT freed 505K, 7% free 10159K/10823K, paused 5ms+3ms
06-21 20:40:36.269 23227 23227 D wpa_supplicant: wpa_driver_wext_driver_cmd SETSUSPENDOPT 0 len = 4096
06-21 20:40:36.269 23227 23227 D wpa_supplicant: wpa_driver_wext_driver_cmd SETSUSPENDOPT 0 len = 0, 15
06-21 20:40:36.269 23227 23227 D wpa_supplicant: wpa_driver_wext_driver_cmd POWERMODE 0 len = 4096
06-21 20:40:36.273 23227 23227 D wpa_supplicant: wpa_driver_wext_driver_cmd OK len = 0, 2
06-21 20:40:36.707 23227 23227 D wpa_supplicant: RTM_NEWLINK: operstate=0 ifi_flags=0x11003 ([UP][LOWER_UP])
06-21 20:40:36.707 23227 23227 D wpa_supplicant: RTM_NEWLINK, IFLA_IFNAME: Interface 'wlan0' added
06-21 20:40:36.707 23227 23227 D wpa_supplicant: Wireless event: cmd=0x8b19 len=8
06-21 20:40:36.718 23227 23227 D wpa_supplicant: Received 1151 bytes of scan results (5 BSSes)
06-21 20:41:21.316 23227 23227 D wpa_supplicant: wpa_driver_wext_driver_cmd SETSUSPENDOPT 0 len = 4096
06-21 20:41:21.316 23227 23227 D wpa_supplicant: wpa_driver_wext_driver_cmd SETSUSPENDOPT 0 len = 0, 15
06-21 20:41:21.316 23227 23227 D wpa_supplicant: WPS: Building WPS IE for Probe Request
06-21 20:41:21.316 23227 23227 D wpa_supplicant: WPS:  * Version (hardcoded 0x10)
06-21 20:41:21.316 23227 23227 D wpa_supplicant: WPS:  * Request Type
06-21 20:41:21.316 23227 23227 D wpa_supplicant: WPS:  * Config Methods (2388)
06-21 20:41:21.316 23227 23227 D wpa_supplicant: WPS:  * UUID-E
06-21 20:41:21.316 23227 23227 D wpa_supplicant: WPS:  * Primary Device Type
06-21 20:41:21.320 23227 23227 D wpa_supplicant: WPS:  * RF Bands (3)
06-21 20:41:21.320 23227 23227 D wpa_supplicant: WPS:  * Association State
06-21 20:41:21.320 23227 23227 D wpa_supplicant: WPS:  * Configuration Error (0)
06-21 20:41:21.320 23227 23227 D wpa_supplicant: WPS:  * Device Password ID (0)
06-21 20:41:21.320 23227 23227 D wpa_supplicant: WPS:  * Manufacturer
06-21 20:41:21.320 23227 23227 D wpa_supplicant: WPS:  * Model Name
06-21 20:41:21.320 23227 23227 D wpa_supplicant: WPS:  * Model Number
06-21 20:41:21.320 23227 23227 D wpa_supplicant: WPS:  * Device Name
06-21 20:41:21.320 23227 23227 D wpa_supplicant: WPS:  * Version2 (0x20)
06-21 20:41:21.320 23227 23227 D wpa_supplicant: wpa_driver_wext_combo_scan: Start
06-21 20:41:21.320 23227 23227 D wpa_supplicant: For Scan: (null)
06-21 20:41:21.394 23227 23227 D wpa_supplicant: Scan requested (ret=0) - scan timeout 30 seconds
06-21 20:41:21.394 23227 23227 D wpa_supplicant: wpa_driver_wext_driver_cmd POWERMODE 0 len = 4096
06-21 20:41:21.402 23227 23227 D wpa_supplicant: wpa_driver_wext_driver_cmd OK len = 0, 2
06-21 20:41:21.402 23227 23227 D wpa_supplicant: wpa_driver_wext_driver_cmd SETSUSPENDOPT 0 len = 4096
06-21 20:41:21.402 23227 23227 D wpa_supplicant: wpa_driver_wext_driver_cmd SETSUSPENDOPT 0 len = 0, 15
06-21 20:41:21.402 23227 23227 D wpa_supplicant: wpa_driver_wext_driver_cmd POWERMODE 0 len = 4096
06-21 20:41:21.410 23227 23227 D wpa_supplicant: wpa_driver_wext_driver_cmd OK len = 0, 2
06-21 20:41:22.011 23227 23227 D wpa_supplicant: RTM_NEWLINK: operstate=0 ifi_flags=0x11003 ([UP][LOWER_UP])
06-21 20:41:22.011 23227 23227 D wpa_supplicant: RTM_NEWLINK, IFLA_IFNAME: Interface 'wlan0' added
06-21 20:41:22.011 23227 23227 D wpa_supplicant: Wireless event: cmd=0x8b19 len=8
06-21 20:41:22.011 23227 23227 D wpa_supplicant: Received 1956 bytes of scan results (10 BSSes)
06-21 20:42:06.328 23227 23227 D wpa_supplicant: wpa_driver_wext_driver_cmd SETSUSPENDOPT 0 len = 4096
06-21 20:42:06.328 23227 23227 D wpa_supplicant: wpa_driver_wext_driver_cmd SETSUSPENDOPT 0 len = 0, 15
06-21 20:42:06.328 23227 23227 D wpa_supplicant: WPS: Building WPS IE for Probe Request
06-21 20:42:06.328 23227 23227 D wpa_supplicant: WPS:  * Version (hardcoded 0x10)
06-21 20:42:06.328 23227 23227 D wpa_supplicant: WPS:  * Request Type
06-21 20:42:06.328 23227 23227 D wpa_supplicant: WPS:  * Config Methods (2388)
06-21 20:42:06.328 23227 23227 D wpa_supplicant: WPS:  * UUID-E
06-21 20:42:06.328 23227 23227 D wpa_supplicant: WPS:  * Primary Device Type
06-21 20:42:06.328 23227 23227 D wpa_supplicant: WPS:  * RF Bands (3)
06-21 20:42:06.328 23227 23227 D wpa_supplicant: WPS:  * Association State
06-21 20:42:06.328 23227 23227 D wpa_supplicant: WPS:  * Configuration Error (0)
06-21 20:42:06.328 23227 23227 D wpa_supplicant: WPS:  * Device Password ID (0)
06-21 20:42:06.328 23227 23227 D wpa_supplicant: WPS:  * Manufacturer
06-21 20:42:06.328 23227 23227 D wpa_supplicant: WPS:  * Model Name
06-21 20:42:06.328 23227 23227 D wpa_supplicant: WPS:  * Model Number
06-21 20:42:06.328 23227 23227 D wpa_supplicant: WPS:  * Device Name
06-21 20:42:06.328 23227 23227 D wpa_supplicant: WPS:  * Version2 (0x20)
06-21 20:42:06.328 23227 23227 D wpa_supplicant: wpa_driver_wext_combo_scan: Start
06-21 20:42:06.328 23227 23227 D wpa_supplicant: For Scan: (null)
06-21 20:42:06.367  2638  2715 D WifiLocator: Not enough positive cache hits compared to misses. Need server request. hasLocation=3 noLocation=0 cacheMiss=6
06-21 20:42:06.367  2638  2715 D NetworkLocator: Not reporting location since the new location has worse accuracy than the previous one.
06-21 20:42:06.390  2638  2709 I System.out: [INFO:14781603]: LogSource: Running flush
06-21 20:42:06.394  2638  2712 I System.out: [INFO:14781605]: LogSource: Sending payload [bytes=566]
06-21 20:42:06.394 23227 23227 D wpa_supplicant: Scan requested (ret=0) - scan timeout 30 seconds
06-21 20:42:06.394 23227 23227 D wpa_supplicant: wpa_driver_wext_driver_cmd POWERMODE 0 len = 4096
06-21 20:42:06.398 23227 23227 D wpa_supplicant: wpa_driver_wext_driver_cmd OK len = 0, 2
06-21 20:42:06.886 23227 23227 D wpa_supplicant: RTM_NEWLINK: operstate=0 ifi_flags=0x11003 ([UP][LOWER_UP])
06-21 20:42:06.886 23227 23227 D wpa_supplicant: RTM_NEWLINK, IFLA_IFNAME: Interface 'wlan0' added
06-21 20:42:06.886 23227 23227 D wpa_supplicant: Wireless event: cmd=0x8b19 len=8
06-21 20:42:06.902 23227 23227 D wpa_supplicant: Received 2688 bytes of scan results (15 BSSes)
06-21 20:42:07.863  2638  2712 I System.out: [INFO:14783074]: LogSource: Response [http=200,length=325]
06-21 20:42:07.867  2638  2709 I System.out: [INFO:14783080]: LogSource: Read id 9, status code 200
06-21 20:42:07.957  2638  2715 I WifiLocationEstimator: Not returning location for the following outliers: [200938803716166]
06-21 20:42:08.011  2638  2640 D dalvikvm: GC_CONCURRENT freed 458K, 6% free 10213K/10823K, paused 15ms+3ms
06-21 20:42:08.043 23227 23227 D wpa_supplicant: wpa_driver_wext_driver_cmd SETSUSPENDOPT 0 len = 4096
06-21 20:42:08.043 23227 23227 D wpa_supplicant: wpa_driver_wext_driver_cmd SETSUSPENDOPT 0 len = 0, 15
06-21 20:42:08.043 23227 23227 D wpa_supplicant: wpa_driver_wext_driver_cmd POWERMODE 0 len = 4096
06-21 20:42:08.046 23227 23227 D wpa_supplicant: wpa_driver_wext_driver_cmd OK len = 0, 2
06-21 20:42:51.343 23227 23227 D wpa_supplicant: wpa_driver_wext_driver_cmd SETSUSPENDOPT 0 len = 4096
06-21 20:42:51.343 23227 23227 D wpa_supplicant: wpa_driver_wext_driver_cmd SETSUSPENDOPT 0 len = 0, 15
06-21 20:42:51.343 23227 23227 D wpa_supplicant: WPS: Building WPS IE for Probe Request
06-21 20:42:51.343 23227 23227 D wpa_supplicant: WPS:  * Version (hardcoded 0x10)
06-21 20:42:51.343 23227 23227 D wpa_supplicant: WPS:  * Request Type
06-21 20:42:51.343 23227 23227 D wpa_supplicant: WPS:  * Config Methods (2388)
06-21 20:42:51.343 23227 23227 D wpa_supplicant: WPS:  * UUID-E
06-21 20:42:51.343 23227 23227 D wpa_supplicant: WPS:  * Primary Device Type
06-21 20:42:51.343 23227 23227 D wpa_supplicant: WPS:  * RF Bands (3)
06-21 20:42:51.343 23227 23227 D wpa_supplicant: WPS:  * Association State
06-21 20:42:51.343 23227 23227 D wpa_supplicant: WPS:  * Configuration Error (0)
06-21 20:42:51.343 23227 23227 D wpa_supplicant: WPS:  * Device Password ID (0)
06-21 20:42:51.343 23227 23227 D wpa_supplicant: WPS:  * Manufacturer
06-21 20:42:51.343 23227 23227 D wpa_supplicant: WPS:  * Model Name
06-21 20:42:51.343 23227 23227 D wpa_supplicant: WPS:  * Model Number
06-21 20:42:51.343 23227 23227 D wpa_supplicant: WPS:  * Device Name
06-21 20:42:51.343 23227 23227 D wpa_supplicant: WPS:  * Version2 (0x20)
06-21 20:42:51.343 23227 23227 D wpa_supplicant: wpa_driver_wext_combo_scan: Start
06-21 20:42:51.343 23227 23227 D wpa_supplicant: For Scan: (null)
06-21 20:42:51.394 23227 23227 D wpa_supplicant: Scan requested (ret=0) - scan timeout 30 seconds
06-21 20:42:51.394 23227 23227 D wpa_supplicant: wpa_driver_wext_driver_cmd POWERMODE 0 len = 4096
06-21 20:42:51.398 23227 23227 D wpa_supplicant: wpa_driver_wext_driver_cmd OK len = 0, 2
06-21 20:42:51.398 23227 23227 D wpa_supplicant: Ongoing scan action - reject new request
06-21 20:42:51.480  4687  4690 D dalvikvm: GC_CONCURRENT freed 456K, 5% free 10732K/11271K, paused 3ms+4ms
06-21 20:42:51.882 23227 23227 D wpa_supplicant: RTM_NEWLINK: operstate=0 ifi_flags=0x11003 ([UP][LOWER_UP])
06-21 20:42:51.882 23227 23227 D wpa_supplicant: RTM_NEWLINK, IFLA_IFNAME: Interface 'wlan0' added
06-21 20:42:51.882 23227 23227 D wpa_supplicant: Wireless event: cmd=0x8b19 len=8
06-21 20:42:51.882 23227 23227 D wpa_supplicant: Received 2760 bytes of scan results (12 BSSes)
06-21 20:42:51.941  2638  2715 D WifiLocator: Not enough positive cache hits compared to misses. Need server request. hasLocation=3 noLocation=0 cacheMiss=20
06-21 20:42:51.941  2638  2715 D NetworkLocator: Not reporting location since the new location has worse accuracy than the previous one.
06-21 20:42:51.984  2638  2709 I System.out: [INFO:14827195]: LogSource: Running flush
06-21 20:42:51.984  2638  2711 I System.out: [INFO:14827197]: LogSource: Sending payload [bytes=859]
06-21 20:42:52.531  2638  2711 I System.out: [INFO:14827740]: LogSource: Response [http=200,length=641]
06-21 20:42:52.543  2638  2709 I System.out: [INFO:14827754]: LogSource: Read id 10, status code 200
06-21 20:42:52.586  2638  2715 I WifiLocationEstimator: Not returning location for the following outliers: [2365287237399]
06-21 20:42:52.699  2638  2640 D dalvikvm: GC_CONCURRENT freed 534K, 6% free 10191K/10823K, paused 2ms+3ms
06-21 20:42:52.711 23227 23227 D wpa_supplicant: wpa_driver_wext_driver_cmd SETSUSPENDOPT 0 len = 4096
06-21 20:42:52.711 23227 23227 D wpa_supplicant: wpa_driver_wext_driver_cmd SETSUSPENDOPT 0 len = 0, 15
06-21 20:42:52.711 23227 23227 D wpa_supplicant: wpa_driver_wext_driver_cmd POWERMODE 0 len = 4096
06-21 20:42:52.714 23227 23227 D wpa_supplicant: wpa_driver_wext_driver_cmd OK len = 0, 2
06-21 20:43:04.222   151   153 D dalvikvm: GC_CONCURRENT freed 1985K, 16% free 17257K/20423K, paused 15ms+7ms
06-21 20:43:36.371 23227 23227 D wpa_supplicant: wpa_driver_wext_driver_cmd SETSUSPENDOPT 0 len = 4096
06-21 20:43:36.371 23227 23227 D wpa_supplicant: wpa_driver_wext_driver_cmd SETSUSPENDOPT 0 len = 0, 15
06-21 20:43:36.371 23227 23227 D wpa_supplicant: WPS: Building WPS IE for Probe Request
06-21 20:43:36.371 23227 23227 D wpa_supplicant: WPS:  * Version (hardcoded 0x10)
06-21 20:43:36.371 23227 23227 D wpa_supplicant: WPS:  * Request Type
06-21 20:43:36.371 23227 23227 D wpa_supplicant: WPS:  * Config Methods (2388)
06-21 20:43:36.371 23227 23227 D wpa_supplicant: WPS:  * UUID-E
06-21 20:43:36.371 23227 23227 D wpa_supplicant: WPS:  * Primary Device Type
06-21 20:43:36.371 23227 23227 D wpa_supplicant: WPS:  * RF Bands (3)
06-21 20:43:36.371 23227 23227 D wpa_supplicant: WPS:  * Association State
06-21 20:43:36.371 23227 23227 D wpa_supplicant: WPS:  * Configuration Error (0)
06-21 20:43:36.371 23227 23227 D wpa_supplicant: WPS:  * Device Password ID (0)
06-21 20:43:36.371 23227 23227 D wpa_supplicant: WPS:  * Manufacturer
06-21 20:43:36.371 23227 23227 D wpa_supplicant: WPS:  * Model Name
06-21 20:43:36.371 23227 23227 D wpa_supplicant: WPS:  * Model Number
06-21 20:43:36.371 23227 23227 D wpa_supplicant: WPS:  * Device Name
06-21 20:43:36.371 23227 23227 D wpa_supplicant: WPS:  * Version2 (0x20)
06-21 20:43:36.371 23227 23227 D wpa_supplicant: wpa_driver_wext_combo_scan: Start
06-21 20:43:36.371 23227 23227 D wpa_supplicant: For Scan: (null)
06-21 20:43:36.445 23227 23227 D wpa_supplicant: Scan requested (ret=0) - scan timeout 30 seconds
06-21 20:43:36.445 23227 23227 D wpa_supplicant: wpa_driver_wext_driver_cmd POWERMODE 0 len = 4096
06-21 20:43:36.449 23227 23227 D wpa_supplicant: wpa_driver_wext_driver_cmd OK len = 0, 2
06-21 20:43:36.449 23227 23227 D wpa_supplicant: Ongoing scan action - reject new request
06-21 20:43:36.929 23227 23227 D wpa_supplicant: RTM_NEWLINK: operstate=0 ifi_flags=0x11003 ([UP][LOWER_UP])
06-21 20:43:36.929 23227 23227 D wpa_supplicant: RTM_NEWLINK, IFLA_IFNAME: Interface 'wlan0' added
06-21 20:43:36.929 23227 23227 D wpa_supplicant: Wireless event: cmd=0x8b19 len=8
06-21 20:43:36.945 23227 23227 D wpa_supplicant: Received 1348 bytes of scan results (7 BSSes)
06-21 20:43:37.086 23227 23227 D wpa_supplicant: wpa_driver_wext_driver_cmd SETSUSPENDOPT 0 len = 4096
06-21 20:43:37.086 23227 23227 D wpa_supplicant: wpa_driver_wext_driver_cmd SETSUSPENDOPT 0 len = 0, 15
06-21 20:43:37.086 23227 23227 D wpa_supplicant: wpa_driver_wext_driver_cmd POWERMODE 0 len = 4096
06-21 20:43:37.089 23227 23227 D wpa_supplicant: wpa_driver_wext_driver_cmd OK len = 0, 2
06-21 20:44:21.402 23227 23227 D wpa_supplicant: wpa_driver_wext_driver_cmd SETSUSPENDOPT 0 len = 4096
06-21 20:44:21.406 23227 23227 D wpa_supplicant: wpa_driver_wext_driver_cmd SETSUSPENDOPT 0 len = 0, 15
06-21 20:44:21.406 23227 23227 D wpa_supplicant: WPS: Building WPS IE for Probe Request
06-21 20:44:21.406 23227 23227 D wpa_supplicant: WPS:  * Version (hardcoded 0x10)
06-21 20:44:21.406 23227 23227 D wpa_supplicant: WPS:  * Request Type
06-21 20:44:21.406 23227 23227 D wpa_supplicant: WPS:  * Config Methods (2388)
06-21 20:44:21.406 23227 23227 D wpa_supplicant: WPS:  * UUID-E
06-21 20:44:21.406 23227 23227 D wpa_supplicant: WPS:  * Primary Device Type
06-21 20:44:21.406 23227 23227 D wpa_supplicant: WPS:  * RF Bands (3)
06-21 20:44:21.406 23227 23227 D wpa_supplicant: WPS:  * Association State
06-21 20:44:21.406 23227 23227 D wpa_supplicant: WPS:  * Configuration Error (0)
06-21 20:44:21.406 23227 23227 D wpa_supplicant: WPS:  * Device Password ID (0)
06-21 20:44:21.406 23227 23227 D wpa_supplicant: WPS:  * Manufacturer
06-21 20:44:21.406 23227 23227 D wpa_supplicant: WPS:  * Model Name
06-21 20:44:21.406 23227 23227 D wpa_supplicant: WPS:  * Model Number
06-21 20:44:21.406 23227 23227 D wpa_supplicant: WPS:  * Device Name
06-21 20:44:21.406 23227 23227 D wpa_supplicant: WPS:  * Version2 (0x20)
06-21 20:44:21.406 23227 23227 D wpa_supplicant: wpa_driver_wext_combo_scan: Start
06-21 20:44:21.406 23227 23227 D wpa_supplicant: For Scan: (null)
06-21 20:44:21.504 23227 23227 D wpa_supplicant: Scan requested (ret=0) - scan timeout 30 seconds
06-21 20:44:21.504 23227 23227 D wpa_supplicant: wpa_driver_wext_driver_cmd POWERMODE 0 len = 4096
06-21 20:44:21.507 23227 23227 D wpa_supplicant: wpa_driver_wext_driver_cmd OK len = 0, 2
06-21 20:44:21.507 23227 23227 D wpa_supplicant: Ongoing scan action - reject new request
06-21 20:44:21.988 23227 23227 D wpa_supplicant: RTM_NEWLINK: operstate=0 ifi_flags=0x11003 ([UP][LOWER_UP])
06-21 20:44:21.988 23227 23227 D wpa_supplicant: RTM_NEWLINK, IFLA_IFNAME: Interface 'wlan0' added
06-21 20:44:21.988 23227 23227 D wpa_supplicant: Wireless event: cmd=0x8b19 len=8
06-21 20:44:22.004 23227 23227 D wpa_supplicant: Received 599 bytes of scan results (3 BSSes)
06-21 20:44:22.125  2638  2640 D dalvikvm: GC_CONCURRENT freed 545K, 7% free 10157K/10823K, paused 2ms+3ms
06-21 20:44:22.132 23227 23227 D wpa_supplicant: wpa_driver_wext_driver_cmd SETSUSPENDOPT 0 len = 4096
06-21 20:44:22.132 23227 23227 D wpa_supplicant: wpa_driver_wext_driver_cmd SETSUSPENDOPT 0 len = 0, 15
06-21 20:44:22.132 23227 23227 D wpa_supplicant: wpa_driver_wext_driver_cmd POWERMODE 0 len = 4096
06-21 20:44:22.136 23227 23227 D wpa_supplicant: wpa_driver_wext_driver_cmd OK len = 0, 2
06-21 20:44:51.043 23227 23227 D wpa_supplicant: WPS: Building WPS IE for Probe Request
06-21 20:44:51.043 23227 23227 D wpa_supplicant: WPS:  * Version (hardcoded 0x10)
06-21 20:44:51.043 23227 23227 D wpa_supplicant: WPS:  * Request Type
06-21 20:44:51.043 23227 23227 D wpa_supplicant: WPS:  * Config Methods (2388)
06-21 20:44:51.043 23227 23227 D wpa_supplicant: WPS:  * UUID-E
