06-19 15:00:44.707 22272 22285 I PhoneLab-LoggerService: Checking Threshold
06-19 15:00:44.707 22272 22285 I PhoneLab-: Service Running
06-19 15:00:44.738 22272 22285 I PhoneLab-LoggerService: app_38    1313  1     1432   992   c00f181c 400107b4 S logcat
06-19 15:00:44.738 22272 22285 I PhoneLab-LoggerService: Logcat pid from database 1313
06-19 15:00:44.738 22272 22285 I PhoneLab-LoggerService: Logcat process found 1313
06-19 15:00:44.742 22272 22285 I PhoneLab-LoggerService: Checking Threshold
06-19 15:00:44.742 22272 22285 I PhoneLab-LoggerService: Starting to rename files
06-19 15:00:44.742 22272 22285 I PhoneLab-LoggerService: Files found .. 2
06-19 15:00:44.746 22272 22285 I PhoneLab-LoggerService: File 1 log.out.1
06-19 15:00:44.754 22272 22285 I PhoneLab-LoggerService: Renamed successfully
06-19 15:00:44.754 22272 22285 I PhoneLab-: Service Running
06-19 15:00:44.781 22272 22285 I PhoneLab-LoggerService: app_38    1313  1     1432   992   c00f181c 400107b4 S logcat
06-19 15:00:44.781 22272 22285 I PhoneLab-LoggerService: Logcat pid from database 1313
06-19 15:00:44.781 22272 22285 I PhoneLab-LoggerService: Logcat process found 1313
06-19 15:00:44.781 22272 22285 I PhoneLab-LoggerService: Checking Threshold
06-19 15:00:44.781 22272 22285 I PhoneLab-LoggerService: Starting to rename files
06-19 15:00:44.781 22272 22285 I PhoneLab-LoggerService: Files found .. 2
06-19 15:00:48.195 22272 22272 I PhoneLab-Locks: wake lock acquired
06-19 15:00:48.222 22272 22985 I PhoneLab-PeriodicCheckService: User info is synched
06-19 15:00:48.250 22272 22985 I PhoneLab-PeriodicCheckService: Logger Service is running
06-19 15:00:48.254 22272 22985 I PhoneLab-Locks: wake lock acquired
06-19 15:00:48.265 22272 22272 I PhoneLab-UploadLogs: Transfering log files now
06-19 15:00:48.273 22272 22985 I PhoneLab-PeriodicCheckService: Rescheduling periodic checking...
06-19 15:00:48.273 22272 22985 I PhoneLab-Locks: wake lock released
06-19 15:00:48.351 22272 22275 D dalvikvm: GC_CONCURRENT freed 419K, 13% free 9275K/10567K, paused 3ms+2ms
06-19 15:00:48.406 22272 22272 D dalvikvm: GC_FOR_ALLOC freed 272K, 11% free 9497K/10567K, paused 17ms
06-19 15:00:48.410 22272 22272 I dalvikvm-heap: Grow heap (frag case) to 9.835MB for 516692-byte allocation
06-19 15:00:48.437 22272 22275 D dalvikvm: GC_CONCURRENT freed 248K, 12% free 9752K/11079K, paused 2ms+2ms
06-19 15:00:48.445 22272 22272 I PhoneLab-UploadLogs: OnStartCommand
06-19 15:00:48.586 22272 22987 D dalvikvm: GC_FOR_ALLOC freed 357K, 13% free 9729K/11079K, paused 45ms
06-19 15:00:48.601 22272 22987 D dalvikvm: GC_FOR_ALLOC freed 301K, 13% free 9729K/11079K, paused 14ms
06-19 15:00:48.617 22272 22987 D dalvikvm: GC_FOR_ALLOC freed 301K, 13% free 9730K/11079K, paused 14ms
06-19 15:00:51.703   140   177 I InputReader: Dropping virtual key from device cypress-touchkey because virtual keys are temporarily disabled for the next 171.606ms.  keyCode=3, scanCode=102
06-19 15:00:51.761   140   177 I InputReader: Dropping key up from device cypress-touchkey because the key was not down.  keyCode=3, scanCode=102
06-19 15:00:52.886 22272 22272 I PhoneLab-: 1340132444746.log is deleted
06-19 15:00:52.886 22272 22272 I PhoneLab-: Response: {"data": "done", "err": ""}
06-19 15:00:52.890 22272 22272 I PhoneLab-UploadLogs: No log files to transfer
06-19 15:00:52.890 22272 22272 I PhoneLab-Locks: wake lock released
06-19 15:00:53.890   140   168 I power   : *** set_screen_state 0
06-19 15:00:53.957    78   118 D SurfaceFlinger: About to give-up screen, flinger = 0x14f1918
06-19 15:00:54.007   140   172 D UnlockScreen: portrait mode
06-19 15:00:54.215   140   142 D dalvikvm: GC_CONCURRENT freed 1629K, 18% free 17797K/21447K, paused 8ms+8ms
06-19 15:00:54.246   140   172 V TransportControlView: Create TCV com.android.internal.widget.TransportControlView@41322af0
06-19 15:00:54.285   140   172 I power   : *** set_screen_state 1
06-19 15:00:54.422   140   389 W InputManagerService: Starting input on non-focused client com.android.internal.view.IInputMethodClient$Stub$Proxy@417bb600 (uid=10032 pid=22492)
06-19 15:00:54.496    78   118 D SurfaceFlinger: Screen about to return, flinger = 0x14f1918
06-19 15:00:54.500   140   172 I WindowManager: Lock screen displayed!
06-19 15:00:54.558 22492 22494 D dalvikvm: GC_CONCURRENT freed 476K, 6% free 9750K/10311K, paused 21ms+17ms
06-19 15:00:54.609 16269 16269 D dalvikvm: GC_EXPLICIT freed 8K, 4% free 9067K/9347K, paused 1ms+13ms
06-19 15:00:54.707  7204  7221 D androidNetworkLocationListeners: Still have listener com.google.android.location.internal.client.NetworkLocationClient$1@41378bd0
06-19 15:00:54.757  7204  7221 D androidNetworkLocationListeners: Still have listener com.google.android.location.internal.client.NetworkLocationClient$1@41378bd0
06-19 15:00:54.777  8973 22992 I ControllerImpl: GET:http://wxdata.weather.com/wxdata/loc/get.js?lat=43.0006297&lng=-78.7867012&locale=en_US&key=e88d42ec-a740-102c-bafd-001321203584
06-19 15:00:54.777  8973 22992 I DAL     : GET:http://wxdata.weather.com/wxdata/loc/get.js?lat=43.0006297&lng=-78.7867012&locale=en_US&key=e88d42ec-a740-102c-bafd-001321203584
06-19 15:00:55.144  8973  8973 D WeatherGadgetService: WeatherGadetService.getWeatherData:Buffalo, NY (14228), **FOLLOW_ME**
06-19 15:00:55.144  8973  8973 D DAL     : WeatherDataConnection request:Buffalo, NY (14228), CC
06-19 15:00:55.144  8973  8973 D DAL     : WeatherDataConnection request:Buffalo, NY (14228), WA
06-19 15:00:56.105    84    84 I keystore: uid: 1000 action: p -> 1 state: 1 -> 1 retry: 4
06-19 15:00:56.125   211   211 D PhoneStatusBar: disable: < expand* icons alerts ticker* system_info BACK HOME recent* CLOCK >
06-19 15:00:56.175   211   211 D PhoneStatusBar: disable: < expand icons alerts ticker system_info back* home* recent clock* >
06-19 15:00:56.187   140   312 W InputManagerService: Window already focused, ignoring focus gain of: com.android.internal.view.IInputMethodClient$Stub$Proxy@414c5988
06-19 15:00:56.273 22492 22492 W IInputConnectionWrapper: finishComposingText on inactive InputConnection
06-19 15:00:56.281 22546 22997 D NfcService: NFC-C ON
06-19 15:00:56.422  7204  7221 D androidNetworkLocationListeners: Still have listener com.google.android.location.internal.client.NetworkLocationClient$1@41378bd0
06-19 15:00:56.445  8973 23000 I ControllerImpl: GET:http://wxdata.weather.com/wxdata/loc/get.js?lat=43.0006251&lng=-78.7864835&locale=en_US&key=e88d42ec-a740-102c-bafd-001321203584
06-19 15:00:56.445  8973 23000 I DAL     : GET:http://wxdata.weather.com/wxdata/loc/get.js?lat=43.0006251&lng=-78.7864835&locale=en_US&key=e88d42ec-a740-102c-bafd-001321203584
06-19 15:00:56.683  8973  8975 D dalvikvm: GC_CONCURRENT freed 375K, 8% free 9708K/10503K, paused 13ms+8ms
06-19 15:00:56.683 21478 21480 D dalvikvm: GC_CONCURRENT freed 433K, 6% free 9506K/10055K, paused 14ms+3ms
06-19 15:00:56.863  8973  8973 D WeatherGadgetService: WeatherGadetService.getWeatherData:Buffalo, NY (14228), **FOLLOW_ME**
06-19 15:00:56.863  8973  8973 D DAL     : WeatherDataConnection request:Buffalo, NY (14228), CC
06-19 15:00:56.863  8973  8973 D DAL     : WeatherDataConnection request:Buffalo, NY (14228), WA
06-19 15:00:57.773  7204  7206 D dalvikvm: GC_CONCURRENT freed 528K, 7% free 10759K/11527K, paused 2ms+3ms
06-19 15:00:57.965   140   176 I ActivityManager: START {act=android.intent.action.MAIN cat=[android.intent.category.HOME] flg=0x10200000 cmp=com.android.launcher/com.android.launcher2.Launcher} from pid 140
06-19 15:00:58.172 22492 22492 D OpenGLRenderer: Flushing caches (mode 1)
06-19 15:00:58.234 22930 22932 D dalvikvm: GC_CONCURRENT freed 311K, 5% free 9164K/9607K, paused 11ms+2ms
06-19 15:00:58.398 22492 22492 D OpenGLRenderer: Flushing caches (mode 0)
06-19 15:00:58.449 22492 22492 W IInputConnectionWrapper: showStatusIcon on inactive InputConnection
06-19 15:00:58.449   140   151 W InputManagerService: Starting input on non-focused client com.android.internal.view.IInputMethodClient$Stub$Proxy@417bb600 (uid=10032 pid=22492)
06-19 15:00:58.679 22272 22285 I PhoneLab-: Service Running
06-19 15:00:59.136   140   390 I ActivityManager: Process com.pandora.android (pid 22257) has died.
06-19 15:00:59.136   140   390 W ActivityManager: Scheduling restart of crashed service com.pandora.android/.PandoraService in 5000ms
06-19 15:00:59.172 22272 22285 I PhoneLab-LoggerService: app_38    1313  1     1432   992   c00f181c 400107b4 S logcat
06-19 15:00:59.172 22272 22285 I PhoneLab-LoggerService: Logcat pid from database 1313
06-19 15:00:59.172 22272 22285 I PhoneLab-LoggerService: Logcat process found 1313
06-19 15:00:59.172 22272 22285 I PhoneLab-LoggerService: Checking Threshold
06-19 15:01:00.183 16269 16269 D dalvikvm: GC_EXPLICIT freed 9K, 4% free 9067K/9347K, paused 2ms+3ms
06-19 15:01:04.226   140   157 I ActivityManager: Start proc com.pandora.android for service com.pandora.android/.PandoraService: pid=23004 uid=10064 gids={3003, 3002, 3001, 1015}
06-19 15:01:04.257 23004 23004 I dalvikvm: Turning on JNI app bug workarounds for target SDK version 10...
06-19 15:01:04.414 23004 23004 I ActivityThread: Pub com.pandora.provider: com.pandora.android.provider.StationProvider
06-19 15:01:04.636   140  1187 I ActivityManager: Process com.google.android.gsf.login (pid 21438) has died.
06-19 15:01:10.871   140  3898 I ActivityManager: START {act=android.intent.action.EDIT dat=zc:9 cmp=com.zehro.android.clockr/.ClockrPreferences} from pid -1
06-19 15:01:10.875    81   125 D AudioHardware: AudioHardware pcm playback is exiting standby.
06-19 15:01:10.875    81   125 D AudioHardware: openPcmOut_l() mPcmOpenCnt: 0
06-19 15:01:10.898   140  3898 W ActivityManager: startActivity called from non-Activity context; forcing Intent.FLAG_ACTIVITY_NEW_TASK for: Intent { act=android.intent.action.EDIT dat=zc:9 cmp=com.zehro.android.clockr/.ClockrPreferences }
06-19 15:01:11.125 16206 16206 D OpenGLRenderer: Flushing caches (mode 1)
06-19 15:01:11.172 16206 16206 D OpenGLRenderer: Flushing caches (mode 0)
06-19 15:01:11.218 16269 16269 W Resources: Converting to string: TypedValue{t=0x10/d=0x1a a=-1}
06-19 15:01:11.230 16269 16269 W Resources: Converting to string: TypedValue{t=0x10/d=0x1 a=-1}
06-19 15:01:11.230 16269 16269 W Resources: Converting to string: TypedValue{t=0x10/d=0x2 a=-1}
06-19 15:01:11.230 16269 16269 W Resources: Converting to string: TypedValue{t=0x10/d=0x2 a=-1}
06-19 15:01:11.293   211   211 V PhoneStatusBar: setLightsOn(true)
06-19 15:01:11.496   140   171 I ActivityManager: Displayed com.zehro.android.clockr/.ClockrPreferences: +430ms
06-19 15:01:12.992 10869 10869 I wpa_supplicant: wlan0: Associated with 00:18:74:c7:01:01
06-19 15:01:12.996 10869 10869 I wpa_supplicant: wlan0: CTRL-EVENT-CONNECTED - Connection to 00:18:74:c7:01:01 completed (reauth) [id=1 id_str=]
06-19 15:01:13.121   140   168 I power   : *** set_screen_state 0
06-19 15:01:13.136   140   172 D UnlockScreen: portrait mode
06-19 15:01:13.172    78   118 D SurfaceFlinger: About to give-up screen, flinger = 0x14f1918
06-19 15:01:13.265   140   172 D dalvikvm: GC_FOR_ALLOC freed 1546K, 18% free 17686K/21447K, paused 64ms
06-19 15:01:13.336   140   172 V TransportControlView: Create TCV com.android.internal.widget.TransportControlView@41579278
06-19 15:01:13.347 22546 22576 D NfcService: NFC-C OFF, disconnect
06-19 15:01:13.386   140   172 I ActivityManager: Start proc com.google.android.gsf.login for service com.google.android.gsf.login/com.google.android.gsf.loginservice.GoogleLoginService: pid=23021 uid=10009 gids={3003, 1015, 1007, 2001, 3006}
06-19 15:01:13.390   211   211 D PhoneStatusBar: disable: < EXPAND* icons alerts TICKER* system_info back home RECENT* clock >
06-19 15:01:13.425   211   211 D PhoneStatusBar: disable: < EXPAND icons alerts TICKER system_info BACK* HOME* RECENT CLOCK* >
06-19 15:01:13.484    79    79 D dalvikvm: GC_EXPLICIT freed 37K, 4% free 9031K/9347K, paused 2ms+20ms
06-19 15:01:13.543    79    79 D dalvikvm: GC_EXPLICIT freed <1K, 4% free 9031K/9347K, paused 19ms+5ms
06-19 15:01:13.570    79    79 D dalvikvm: GC_EXPLICIT freed <1K, 4% free 9031K/9347K, paused 2ms+2ms
06-19 15:01:14.019    81   125 D AudioHardware: AudioHardware pcm playback is going to standby.
06-19 15:01:14.023    81   125 D AudioHardware: closePcmOut_l() mPcmOpenCnt: 1
06-19 15:01:43.074   140   312 I ActivityManager: Process com.laurencedawson.reddit_sync (pid 22580) has died.
06-19 15:06:36.113  7204  7221 D androidNetworkLocationListeners: Still have listener com.google.android.location.internal.client.NetworkLocationClient$1@41378bd0
06-19 15:06:36.121  7204  7221 D androidNetworkLocationListeners: Still have listener com.google.android.location.internal.client.NetworkLocationClient$1@41378bd0
06-19 15:06:37.523   211   212 D dalvikvm: GC_CONCURRENT freed 272K, 52% free 10151K/20743K, paused 6ms+3ms
06-19 15:06:37.546 21931 21934 D dalvikvm: GC_CONCURRENT freed 325K, 5% free 10497K/10951K, paused 6ms+46ms
06-19 15:06:37.574   211   212 D dalvikvm: GC_CONCURRENT freed 679K, 53% free 9952K/20743K, paused 1ms+3ms
06-19 15:06:37.640   211   212 D dalvikvm: GC_CONCURRENT freed 424K, 52% free 10010K/20743K, paused 1ms+3ms
06-19 15:07:04.609 22272 22272 I PhoneLab-Locks: wake lock acquired
06-19 15:07:04.632 22272 22272 I PhoneLab-StatusMonitor: Status Monitoring is started
06-19 15:07:04.664 22272 22275 D dalvikvm: GC_CONCURRENT freed 893K, 17% free 9255K/11079K, paused 2ms+3ms
06-19 15:07:04.789 22272 22272 I PhoneLab-StatusMonitor: Value: 10 - unit: min
06-19 15:07:04.796 22272 22272 I PhoneLab-StatusMonitor: Running interval: 600000
06-19 15:07:04.839 22272 22275 D dalvikvm: GC_CONCURRENT freed 403K, 16% free 9327K/11079K, paused 7ms+6ms
06-19 15:07:04.921   140  3705 D dalvikvm: GC_EXPLICIT freed 1694K, 19% free 17425K/21447K, paused 6ms+8ms
06-19 15:07:04.921 22272 22272 I PhoneLab-StatusMonitor: Rescheduling status monitoring...
06-19 15:07:04.921 22272 22272 I PhoneLab-Locks: wake lock released
06-19 15:07:04.925 22272 22272 I PhoneLab-StatusMonitorLocation: Learning Location
06-19 15:07:04.925 22272 22272 I PhoneLab-Locks: wake lock acquired
06-19 15:07:04.925 22272 22272 I PhoneLab-Locks: wake lock acquired
06-19 15:07:04.929  7204  7221 D androidNetworkLocationListeners: Still have listener com.google.android.location.internal.client.NetworkLocationClient$1@41378bd0
06-19 15:07:04.929 22272 22272 I PhoneLab-StatusMonitorLocation: Learning Signal Strgth
06-19 15:07:04.929 22272 22272 I PhoneLab-Locks: wake lock acquired
06-19 15:07:04.945 22272 22272 I PhoneLab-StatusMonitorBattery: Battery_level: 43
06-19 15:07:04.949  7204  7221 D androidNetworkLocationListeners: Still have listener com.google.android.location.internal.client.NetworkLocationClient$1@41378bd0
06-19 15:07:04.949 22272 22272 I PhoneLab-Locks: wake lock released
06-19 15:07:04.949 22272 22272 I PhoneLab-StatusMonitorSignal: Signal_Strength: -96 asu: 9
06-19 15:07:04.949 22272 22272 I PhoneLab-Locks: wake lock released
06-19 15:07:05.640 21865 23066 I Gmail   : getStartSyncRequest: handledServerOpId: 616906, upperFetchedConvoId: 1404229164608782336, lowerFetchedConvoId: 0, ackedClientOp: 63
06-19 15:07:06.281 22272 22272 I PhoneLab-StatusMonitorLocation: Location_Latitude: 43.0006233 Longitude: -78.7865401 Accuracy: 51.0
06-19 15:07:06.281  7204  7221 D androidNetworkLocationListeners: Still have listener com.google.android.location.internal.client.NetworkLocationClient$1@41378bd0
06-19 15:07:06.285 22272 22272 I PhoneLab-Locks: wake lock released
06-19 15:07:06.304  7204  7206 D dalvikvm: GC_CONCURRENT freed 549K, 7% free 10764K/11527K, paused 2ms+4ms
06-19 15:07:08.000 21865 21867 D dalvikvm: GC_CONCURRENT freed 593K, 11% free 11244K/12551K, paused 2ms+5ms
06-19 15:07:08.191 21865 21867 D dalvikvm: GC_CONCURRENT freed 700K, 11% free 11174K/12551K, paused 2ms+4ms
06-19 15:07:08.371 21865 21867 D dalvikvm: GC_CONCURRENT freed 582K, 11% free 11192K/12551K, paused 2ms+4ms
06-19 15:07:08.609 21865 21867 D dalvikvm: GC_CONCURRENT freed 599K, 11% free 11198K/12551K, paused 4ms+4ms
06-19 15:07:08.632 21865 23066 I Gmail   : checkLabelsSets changed the label sets to: included([^^out, ^r]), partial([^i, ^f, ^iim]), all([userlabel:-839204895, ^imi, ^iim, userlabel:2113085328, ^all, userlabel:-865698022, ^io_im, userlabel:2914456, userlabel:2896756, ^imn, userlabel:443164224, userlabel:-1492276993, userlabel:-1492276994, userlabel:3655441, ^i, ^g, ^f, userlabel:94101, userlabel:93982, userlabel:-1508083783, ^k, userlabel:-808725189, userlabel:-1884004224, userlabel:93692, ^b, userlabel:-1492276990, userlabel:-1492276991, userlabel:-1492276992, userlabel:3026, userlabel:3025, userlabel:105008833, ^t, userlabel:-1579479068, ^u, userlabel:843908213, ^r, userlabel:-1492383895, ^s])
06-19 15:07:08.765 21865 23066 D dalvikvm: GC_EXPLICIT freed 91K, 12% free 11169K/12551K, paused 2ms+20ms
06-19 15:07:08.769 21865 23066 I Gmail   : MainSyncRequestProto: lowestBkwdConvoId: 0, highestHandledServerOp: 616906, normalSync: true
06-19 15:07:08.785 21865 23066 W Gmail   : Scheduling index for 300000 ms from now
06-19 15:07:08.796 21865 23066 I Gmail   : Sending notification intent: Intent { act=android.intent.action.PROVIDER_CHANGED dat=content://gmail-ls/unread/^iim (has extras) }
06-19 15:07:17.964 21865 21865 D OpenGLRenderer: Flushing caches (mode 1)
06-19 15:07:37.793   140   323 I ActivityManager: Process com.laurencedawson.reddit_sync:remote (pid 22559) has died.
06-19 15:07:52.683  7204  7206 D dalvikvm: GC_CONCURRENT freed 494K, 7% free 10761K/11527K, paused 2ms+3ms
06-19 15:08:06.945 22272 22285 I PhoneLab-: Service Running
06-19 15:08:07.023 22272 22285 I PhoneLab-LoggerService: app_38    1313  1     1432   992   c00f181c 400107b4 S logcat
06-19 15:08:07.023 22272 22285 I PhoneLab-LoggerService: Logcat pid from database 1313
06-19 15:08:07.023 22272 22285 I PhoneLab-LoggerService: Logcat process found 1313
06-19 15:08:07.023 22272 22285 I PhoneLab-LoggerService: Checking Threshold
06-19 15:08:07.023 22272 22285 I PhoneLab-: Service Running
06-19 15:08:07.050 22272 22285 I PhoneLab-LoggerService: app_38    1313  1     1432   992   c00f181c 400107b4 S logcat
06-19 15:08:07.050 22272 22285 I PhoneLab-LoggerService: Logcat pid from database 1313
06-19 15:08:07.050 22272 22285 I PhoneLab-LoggerService: Logcat process found 1313
06-19 15:08:07.050 22272 22285 I PhoneLab-LoggerService: Checking Threshold
06-19 15:08:07.050 22272 22285 I PhoneLab-: Service Running
06-19 15:08:07.082 22272 22285 I PhoneLab-LoggerService: app_38    1313  1     1432   992   c00f181c 400107b4 S logcat
06-19 15:08:07.082 22272 22285 I PhoneLab-LoggerService: Logcat pid from database 1313
06-19 15:08:07.082 22272 22285 I PhoneLab-LoggerService: Logcat process found 1313
06-19 15:08:07.082 22272 22285 I PhoneLab-LoggerService: Checking Threshold
06-19 15:08:36.093  7204  7221 D androidNetworkLocationListeners: Still have listener com.google.android.location.internal.client.NetworkLocationClient$1@41378bd0
06-19 15:08:37.582   211   212 D dalvikvm: GC_CONCURRENT freed 370K, 52% free 10130K/20743K, paused 1ms+3ms
06-19 15:08:37.652   211   212 D dalvikvm: GC_CONCURRENT freed 467K, 52% free 10158K/20743K, paused 2ms+3ms
06-19 15:08:39.140 21931 21934 D dalvikvm: GC_CONCURRENT freed 475K, 6% free 10456K/11015K, paused 5ms+3ms
06-19 15:10:06.121   337   339 D dalvikvm: GC_CONCURRENT freed 951K, 10% free 12287K/13511K, paused 18ms+4ms
06-19 15:10:06.246 21865 23079 I Gmail   : MainSyncRequestProto: lowestBkwdConvoId: 0, highestHandledServerOp: 616906, normalSync: true
06-19 15:10:06.996 21865 23079 D dalvikvm: GC_EXPLICIT freed 164K, 11% free 11187K/12551K, paused 2ms+5ms
06-19 15:10:07.000 21865 23079 I Gmail   : MainSyncRequestProto: lowestBkwdConvoId: 0, highestHandledServerOp: 616959, normalSync: true
06-19 15:10:07.890 21865 23079 D dalvikvm: GC_EXPLICIT freed 263K, 11% free 11192K/12551K, paused 2ms+5ms
06-19 15:10:07.894 21865 23079 I Gmail   : MainSyncRequestProto: lowestBkwdConvoId: 0, highestHandledServerOp: 616959, normalSync: true
06-19 15:10:07.906 21865 23079 W Gmail   : Scheduling index for 300000 ms from now
06-19 15:10:07.953 21865 23079 I Gmail   : Sending notification intent: Intent { act=android.intent.action.PROVIDER_CHANGED dat=content://gmail-ls/unread/^i (has extras) }
06-19 15:10:07.996 21865 23080 W Gmail   : Showing notification with unreadCount of 1 and unseenCount of 1
06-19 15:10:08.015 21865 23079 I Gmail   : Sending notification intent: Intent { act=android.intent.action.PROVIDER_CHANGED dat=content://gmail-ls/unread/^iim (has extras) }
06-19 15:10:08.211   211   211 D dalvikvm: GC_FOR_ALLOC freed 524K, 52% free 10010K/20743K, paused 16ms
06-19 15:10:08.277   211   212 D dalvikvm: GC_CONCURRENT freed 365K, 52% free 10151K/20743K, paused 2ms+3ms
06-19 15:10:08.367   211   212 D dalvikvm: GC_CONCURRENT freed 474K, 52% free 10104K/20743K, paused 2ms+4ms
06-19 15:10:28.234   140   142 D dalvikvm: GC_CONCURRENT freed 1817K, 18% free 17689K/21447K, paused 5ms+10ms
06-19 15:10:29.402 21865 21865 D OpenGLRenderer: Flushing caches (mode 1)
06-19 15:11:51.046  7204  7221 D androidNetworkLocationListeners: Still have listener com.google.android.location.internal.client.NetworkLocationClient$1@41378bd0
06-19 15:11:51.054  7204  7221 D androidNetworkLocationListeners: Still have listener com.google.android.location.internal.client.NetworkLocationClient$1@41378bd0
06-19 15:11:52.394  7204  7206 D dalvikvm: GC_CONCURRENT freed 534K, 7% free 10766K/11527K, paused 2ms+5ms
06-19 15:12:23.093 21865 21865 D OpenGLRenderer: Flushing caches (mode 1)
06-19 15:12:23.543   140   156 V BackupManagerService: Running a backup pass
06-19 15:12:23.546   140   209 V BackupManagerService: Backup requested but nothing pending
06-19 15:12:38.090 22272 22285 I PhoneLab-: Service Running
06-19 15:12:38.175 22272 22285 I PhoneLab-LoggerService: app_38    1313  1     1432   988   c00f181c 400107b4 S logcat
06-19 15:12:38.175 22272 22285 I PhoneLab-LoggerService: Logcat pid from database 1313
06-19 15:12:38.175 22272 22285 I PhoneLab-LoggerService: Logcat process found 1313
06-19 15:12:38.175 22272 22285 I PhoneLab-LoggerService: Checking Threshold
06-19 15:12:38.175 22272 22285 I PhoneLab-: Service Running
06-19 15:12:38.203 22272 22285 I PhoneLab-LoggerService: app_38    1313  1     1432   988   c00f181c 400107b4 S logcat
06-19 15:12:38.203 22272 22285 I PhoneLab-LoggerService: Logcat pid from database 1313
06-19 15:12:38.203 22272 22285 I PhoneLab-LoggerService: Logcat process found 1313
06-19 15:12:38.203 22272 22285 I PhoneLab-LoggerService: Checking Threshold
06-19 15:13:22.429  7204  7206 D dalvikvm: GC_CONCURRENT freed 497K, 7% free 10760K/11527K, paused 2ms+4ms
06-19 15:14:52.507  7204  7206 D dalvikvm: GC_CONCURRENT freed 491K, 7% free 10759K/11527K, paused 2ms+9ms
06-19 15:15:37.910 22272 22285 I PhoneLab-: Service Running
06-19 15:15:37.980 22272 22285 I PhoneLab-LoggerService: app_38    1313  1     1432   988   c00f181c 400107b4 S logcat
06-19 15:15:37.980 22272 22285 I PhoneLab-LoggerService: Logcat pid from database 1313
06-19 15:15:37.980 22272 22285 I PhoneLab-LoggerService: Logcat process found 1313
06-19 15:15:37.980 22272 22285 I PhoneLab-LoggerService: Checking Threshold
06-19 15:15:37.980 22272 22285 I PhoneLab-: Service Running
06-19 15:15:38.011 22272 22285 I PhoneLab-LoggerService: app_38    1313  1     1432   988   c00f181c 400107b4 S logcat
06-19 15:15:38.011 22272 22285 I PhoneLab-LoggerService: Logcat pid from database 1313
06-19 15:15:38.011 22272 22285 I PhoneLab-LoggerService: Logcat process found 1313
06-19 15:15:38.011 22272 22285 I PhoneLab-LoggerService: Checking Threshold
06-19 15:15:56.109 21931 21954 D SCollector: Waiting for the ScannerThread to start.
06-19 15:15:56.140 21931 23106 D SCollector: PreScan started with config: Scanner types: [8]; ScanDuration: 10000, SensorDelay: 0, viewOptedOutWifiAps: false
06-19 15:15:56.156 21931 23106 D SCollector: aq started.
06-19 15:15:56.156 21931 23106 D SCollector: F started.
06-19 15:15:56.156 21931 23106 D SCollector: PreScanner started.
06-19 15:16:06.199 21931 21931 D SCollector: aq stopped.
06-19 15:16:06.199 21931 21931 D SCollector: All scanner finished.
06-19 15:16:06.199 21931 21931 D SCollector: F stopped.
06-19 15:16:06.199   140   390 W ActivityManager: finishReceiver called but no pending broadcasts
06-19 15:16:06.261 21931 23106 D SCollector: PreScanning finished.
06-19 15:16:06.328 21931 21934 D dalvikvm: GC_CONCURRENT freed 305K, 4% free 10702K/11079K, paused 11ms+4ms
06-19 15:16:06.472 21931 23106 D SCollector: PreScanDecision returns false. Will not do real collection.
06-19 15:16:06.480 21931 23106 D SCollector: SignalCollector.ScannerThread is quiting.
06-19 15:16:22.605  7204  7206 D dalvikvm: GC_CONCURRENT freed 489K, 7% free 10763K/11527K, paused 2ms+3ms
06-19 15:17:05.027 22272 22272 I PhoneLab-Locks: wake lock acquired
06-19 15:17:05.031 22272 22272 I PhoneLab-StatusMonitor: Status Monitoring is started
06-19 15:17:05.121 22272 22275 D dalvikvm: GC_CONCURRENT freed 599K, 17% free 9239K/11079K, paused 6ms+2ms
06-19 15:17:05.156 22272 22272 I PhoneLab-StatusMonitor: Value: 10 - unit: min
06-19 15:17:05.156 22272 22272 I PhoneLab-StatusMonitor: Running interval: 600000
06-19 15:17:05.179 22272 22272 I PhoneLab-StatusMonitor: Rescheduling status monitoring...
06-19 15:17:05.179 22272 22272 I PhoneLab-Locks: wake lock released
06-19 15:17:05.195 22272 22275 D dalvikvm: GC_CONCURRENT freed 392K, 17% free 9237K/11079K, paused 2ms+2ms
06-19 15:17:05.195 22272 22272 I PhoneLab-StatusMonitorLocation: Learning Location
06-19 15:17:05.195 22272 22272 I PhoneLab-Locks: wake lock acquired
06-19 15:17:05.203 22272 22272 I PhoneLab-Locks: wake lock acquired
06-19 15:17:05.211 22272 22272 I PhoneLab-StatusMonitorLocation: Learning Signal Strgth
06-19 15:17:05.211 22272 22272 I PhoneLab-Locks: wake lock acquired
06-19 15:17:05.211  7204  7221 D androidNetworkLocationListeners: Still have listener com.google.android.location.internal.client.NetworkLocationClient$1@41378bd0
06-19 15:17:05.218  7204  7221 D androidNetworkLocationListeners: Still have listener com.google.android.location.internal.client.NetworkLocationClient$1@41378bd0
06-19 15:17:05.222 22272 22272 I PhoneLab-StatusMonitorBattery: Battery_level: 48
06-19 15:17:05.226 22272 22272 I PhoneLab-Locks: wake lock released
06-19 15:17:05.226  7204  7221 D androidNetworkLocationListeners: Still have listener com.google.android.location.internal.client.NetworkLocationClient$1@41378bd0
06-19 15:17:05.230 22272 22272 I PhoneLab-StatusMonitorSignal: Signal_Strength: -96 asu: 9
06-19 15:17:05.230 22272 22272 I PhoneLab-Locks: wake lock released
06-19 15:17:05.234  7204  7221 D androidNetworkLocationListeners: Still have listener com.google.android.location.internal.client.NetworkLocationClient$1@41378bd0
06-19 15:17:06.523 22272 22272 I PhoneLab-StatusMonitorLocation: Location_Latitude: 43.0006308 Longitude: -78.7865473 Accuracy: 52.0
06-19 15:17:06.527  7204  7221 D androidNetworkLocationListeners: Still have listener com.google.android.location.internal.client.NetworkLocationClient$1@41378bd0
06-19 15:17:06.527 22272 22272 I PhoneLab-Locks: wake lock released
06-19 15:17:07.894  7204  7206 D dalvikvm: GC_CONCURRENT freed 532K, 7% free 10759K/11527K, paused 2ms+4ms
06-19 15:17:51.101 21989 21990 D dalvikvm: GC_CONCURRENT freed 382K, 6% free 9285K/9863K, paused 12ms+2ms
06-19 15:17:52.343 22196 22197 D dalvikvm: GC_CONCURRENT freed 435K, 5% free 10792K/11335K, paused 19ms+4ms
06-19 15:18:38.386  7204  7206 D dalvikvm: GC_CONCURRENT freed 491K, 7% free 10762K/11527K, paused 2ms+3ms
06-19 15:20:08.468  7204  7206 D dalvikvm: GC_CONCURRENT freed 489K, 7% free 10760K/11527K, paused 2ms+4ms
06-19 15:21:36.125 21931 21934 D dalvikvm: GC_CONCURRENT freed 634K, 7% free 10503K/11271K, paused 2ms+3ms
06-19 15:21:38.562  7204  7206 D dalvikvm: GC_CONCURRENT freed 486K, 7% free 10759K/11527K, paused 2ms+5ms
06-19 15:22:13.093  7204  7221 D androidNetworkLocationListeners: Still have listener com.google.android.location.internal.client.NetworkLocationClient$1@41378bd0
06-19 15:22:13.101  7204  7221 D androidNetworkLocationListeners: Still have listener com.google.android.location.internal.client.NetworkLocationClient$1@41378bd0
06-19 15:22:14.418   140   312 I ActivityManager: Start proc com.laurencedawson.reddit_sync:remote for broadcast com.laurencedawson.reddit_sync/.RedditMessageReceiver: pid=23120 uid=10078 gids={3003, 1015}
06-19 15:22:14.570   140  1187 I ActivityManager: Start proc com.laurencedawson.reddit_sync for service com.laurencedawson.reddit_sync/.ui.RedditMailService: pid=23136 uid=10078 gids={3003, 1015}
06-19 15:22:14.574   140  2265 I ActivityManager: No longer want com.android.sprintmenu (pid 21811): hidden #16
06-19 15:22:14.613 23136 23136 I ActivityThread: Pub com.laurencedawson.reddit_sync.provider.RedditProvider: com.laurencedawson.reddit_sync.provider.RedditProvider
06-19 15:22:14.656   140   152 W ActivityManager: Scheduling restart of crashed service com.android.sprintmenu/.HiddenPhoneService in 5000ms
06-19 15:22:14.773   140   142 D dalvikvm: GC_CONCURRENT freed 2131K, 19% free 17574K/21447K, paused 4ms+8ms
06-19 15:22:15.644 23136 23138 D dalvikvm: GC_CONCURRENT freed 251K, 4% free 9226K/9607K, paused 15ms+2ms
06-19 15:22:16.007   140  2265 I ActivityManager: No longer want com.google.android.apps.maps:NetworkLocationService (pid 21931): hidden #16
06-19 15:22:16.015   140  3898 W ActivityManager: Scheduling restart of crashed service com.google.android.apps.maps/com.google.android.location.internal.server.NetworkLocationService in 13640ms
06-19 15:22:58.843   140   157 I ActivityManager: Start proc com.android.sprintmenu for service com.android.sprintmenu/.HiddenPhoneService: pid=23158 uid=1001 gids={3002, 3001, 3003, 1015}
06-19 15:22:59.496  7204  7206 D dalvikvm: GC_CONCURRENT freed 492K, 7% free 10758K/11527K, paused 2ms+3ms
06-19 15:23:43.058   211   212 D dalvikvm: GC_CONCURRENT freed 310K, 51% free 10180K/20743K, paused 6ms+3ms
06-19 15:24:29.507  7204  7206 D dalvikvm: GC_CONCURRENT freed 485K, 7% free 10757K/11527K, paused 2ms+3ms
06-19 15:24:57.582   140   157 I ActivityManager: Start proc com.google.android.apps.maps:NetworkLocationService for service com.google.android.apps.maps/com.google.android.location.internal.server.NetworkLocationService: pid=23177 uid=10069 gids={3003, 1015}
06-19 15:24:57.738   140   152 D dalvikvm: GC_EXPLICIT freed 628K, 19% free 17415K/21447K, paused 6ms+11ms
06-19 15:24:57.918 23177 23180 D dalvikvm: GC_CONCURRENT freed 159K, 3% free 9377K/9607K, paused 2ms+2ms
06-19 15:24:58.144 23177 23180 D dalvikvm: GC_CONCURRENT freed 183K, 3% free 9706K/9991K, paused 2ms+4ms
06-19 15:24:58.597 23177 23180 D dalvikvm: GC_CONCURRENT freed 144K, 3% free 10093K/10311K, paused 1ms+2ms
06-19 15:24:58.695   140  1187 I ActivityManager: Process com.google.android.gallery3d (pid 22441) has died.
06-19 15:25:13.101 23177 23180 D dalvikvm: GC_CONCURRENT freed 665K, 8% free 9882K/10631K, paused 3ms+2ms
06-19 15:25:13.148   140   157 I ActivityManager: Start proc com.google.android.apps.maps:FriendService for broadcast com.google.android.apps.maps/com.google.googlenav.friend.android.ServiceReceiver: pid=23216 uid=10069 gids={3003, 1015}
06-19 15:25:13.261 23216 23219 D dalvikvm: GC_CONCURRENT freed 163K, 3% free 9373K/9607K, paused 2ms+2ms
06-19 15:25:13.402 23216 23219 D dalvikvm: GC_CONCURRENT freed 216K, 3% free 9701K/9991K, paused 2ms+3ms
06-19 15:25:13.484   140   140 I ActivityManager: Start proc com.google.android.apps.maps:LocationFriendService for broadcast com.google.android.apps.maps/com.google.googlenav.friend.reporting.LocationReportingIntentReceiver: pid=23229 uid=10069 gids={3003, 1015}
06-19 15:25:13.554   140  3898 I ActivityManager: Process com.google.android.talk (pid 22525) has died.
06-19 15:25:13.625 23229 23232 D dalvikvm: GC_CONCURRENT freed 166K, 3% free 9370K/9607K, paused 2ms+2ms
06-19 15:25:13.738 23177 23187 I dalvikvm: Total arena pages for JIT: 11
06-19 15:25:13.742 23177 23187 I dalvikvm: Total arena pages for JIT: 12
06-19 15:25:13.742 23177 23187 I dalvikvm: Total arena pages for JIT: 13
06-19 15:25:13.742 23177 23187 I dalvikvm: Total arena pages for JIT: 14
06-19 15:25:13.750 23177 23187 I dalvikvm: Total arena pages for JIT: 15
06-19 15:25:13.750 23177 23187 I dalvikvm: Total arena pages for JIT: 16
06-19 15:25:13.750 23177 23187 I dalvikvm: Total arena pages for JIT: 17
06-19 15:25:13.968 23229 23232 D dalvikvm: GC_CONCURRENT freed 235K, 4% free 9677K/9991K, paused 3ms+2ms
06-19 15:25:14.015   140   389 I ActivityManager: Process android.process.media (pid 22423) has died.
06-19 15:25:14.199 23177 23180 D dalvikvm: GC_CONCURRENT freed 183K, 5% free 10181K/10631K, paused 6ms+7ms
06-19 15:25:14.214 23229 23232 D dalvikvm: GC_CONCURRENT freed 251K, 4% free 9888K/10247K, paused 1ms+29ms
06-19 15:25:14.535 23177 23180 D dalvikvm: GC_CONCURRENT freed 437K, 5% free 10242K/10759K, paused 2ms+2ms
06-19 15:25:16.171 23177 23180 D dalvikvm: GC_CONCURRENT freed 377K, 5% free 10385K/10887K, paused 4ms+3ms
06-19 15:25:28.328 21865 23251 W Gmail   : Successful index run, cancel next scheduled index run
06-19 15:25:59.855  7204  7206 D dalvikvm: GC_CONCURRENT freed 521K, 7% free 10783K/11527K, paused 2ms+4ms
06-19 15:26:16.015 22272 22285 I PhoneLab-: Service Running
06-19 15:26:16.062 22272 22285 I PhoneLab-LoggerService: app_38    1313  1     1432   988   c00f181c 400107b4 S logcat
06-19 15:26:16.066 22272 22285 I PhoneLab-LoggerService: Logcat pid from database 1313
06-19 15:26:16.066 22272 22285 I PhoneLab-LoggerService: Logcat process found 1313
06-19 15:26:16.066 22272 22285 I PhoneLab-LoggerService: Checking Threshold
06-19 15:26:16.066 22272 22285 I PhoneLab-: Service Running
06-19 15:26:16.097 22272 22285 I PhoneLab-LoggerService: app_38    1313  1     1432   988   c00f181c 400107b4 S logcat
06-19 15:26:16.097 22272 22285 I PhoneLab-LoggerService: Logcat pid from database 1313
06-19 15:26:16.101 22272 22285 I PhoneLab-LoggerService: Logcat process found 1313
06-19 15:26:16.101 22272 22285 I PhoneLab-LoggerService: Checking Threshold
06-19 15:26:16.101 22272 22285 I PhoneLab-: Service Running
06-19 15:26:16.129 22272 22285 I PhoneLab-LoggerService: app_38    1313  1     1432   988   c00f181c 400107b4 S logcat
06-19 15:26:16.129 22272 22285 I PhoneLab-LoggerService: Logcat pid from database 1313
06-19 15:26:16.132 22272 22285 I PhoneLab-LoggerService: Logcat process found 1313
06-19 15:26:16.132 22272 22285 I PhoneLab-LoggerService: Checking Threshold
06-19 15:26:16.132 22272 22285 I PhoneLab-: Service Running
06-19 15:26:16.160 22272 22285 I PhoneLab-LoggerService: app_38    1313  1     1432   988   c00f181c 400107b4 S logcat
06-19 15:26:16.160 22272 22285 I PhoneLab-LoggerService: Logcat pid from database 1313
06-19 15:26:16.160 22272 22285 I PhoneLab-LoggerService: Logcat process found 1313
06-19 15:26:16.160 22272 22285 I PhoneLab-LoggerService: Checking Threshold
06-19 15:26:16.160 22272 22285 I PhoneLab-: Service Running
06-19 15:26:16.187 22272 22285 I PhoneLab-LoggerService: app_38    1313  1     1432   988   c00f181c 400107b4 S logcat
06-19 15:26:16.187 22272 22285 I PhoneLab-LoggerService: Logcat pid from database 1313
06-19 15:26:16.187 22272 22285 I PhoneLab-LoggerService: Logcat process found 1313
06-19 15:26:16.187 22272 22285 I PhoneLab-LoggerService: Checking Threshold
06-19 15:26:17.046  7204  8089 I EventLogService: Aggregate from 1340132176572 (log), 1340132176572 (data)
06-19 15:27:04.101  7204  7221 D androidNetworkLocationListeners: Still have listener com.google.android.location.internal.client.NetworkLocationClient$1@41378bd0
06-19 15:27:04.105  7204  7221 D androidNetworkLocationListeners: Still have listener com.google.android.location.internal.client.NetworkLocationClient$1@41378bd0
06-19 15:27:05.183 22272 22272 I PhoneLab-Locks: wake lock acquired
06-19 15:27:05.187 22272 22272 I PhoneLab-StatusMonitor: Status Monitoring is started
06-19 15:27:05.269 22272 22275 D dalvikvm: GC_CONCURRENT freed 489K, 17% free 9258K/11079K, paused 3ms+5ms
06-19 15:27:05.316 22272 22272 I PhoneLab-StatusMonitor: Value: 10 - unit: min
06-19 15:27:05.320 22272 22272 I PhoneLab-StatusMonitor: Running interval: 600000
06-19 15:27:05.328 22272 22272 I PhoneLab-StatusMonitor: Rescheduling status monitoring...
06-19 15:27:05.328 22272 22272 I PhoneLab-Locks: wake lock released
06-19 15:27:05.332 22272 22272 I PhoneLab-StatusMonitorLocation: Learning Location
06-19 15:27:05.332 22272 22272 I PhoneLab-Locks: wake lock acquired
06-19 15:27:05.339 22272 22272 I PhoneLab-Locks: wake lock acquired
06-19 15:27:05.343 22272 22272 I PhoneLab-StatusMonitorLocation: Learning Signal Strgth
06-19 15:27:05.343 22272 22272 I PhoneLab-Locks: wake lock acquired
06-19 15:27:05.343  7204  7221 D androidNetworkLocationListeners: Still have listener com.google.android.location.internal.client.NetworkLocationClient$1@41378bd0
06-19 15:27:05.343 22272 22272 I PhoneLab-StatusMonitorBattery: Battery_level: 54
06-19 15:27:05.347 22272 22272 I PhoneLab-Locks: wake lock released
06-19 15:27:05.347 22272 22272 I PhoneLab-StatusMonitorSignal: Signal_Strength: -96 asu: 9
06-19 15:27:05.347 22272 22272 I PhoneLab-Locks: wake lock released
06-19 15:27:05.359  7204  7221 D androidNetworkLocationListeners: Still have listener com.google.android.location.internal.client.NetworkLocationClient$1@41378bd0
06-19 15:27:05.476 22272 22272 I PhoneLab-StatusMonitorLocation: Location_Latitude: 43.000628 Longitude: -78.7865859 Accuracy: 54.0
06-19 15:27:05.480  7204  7221 D androidNetworkLocationListeners: Still have listener com.google.android.location.internal.client.NetworkLocationClient$1@41378bd0
06-19 15:27:05.484 22272 22272 I PhoneLab-Locks: wake lock released
06-19 15:27:05.496  7204  7206 D dalvikvm: GC_CONCURRENT freed 591K, 7% free 10764K/11527K, paused 2ms+10ms
06-19 15:27:06.769 23177 23180 D dalvikvm: GC_CONCURRENT freed 418K, 6% free 10403K/10951K, paused 1ms+10ms
06-19 15:27:51.886  7204  7206 D dalvikvm: GC_CONCURRENT freed 492K, 7% free 10757K/11527K, paused 2ms+4ms
06-19 15:29:21.965  7204  7206 D dalvikvm: GC_CONCURRENT freed 485K, 7% free 10756K/11527K, paused 2ms+4ms
06-19 15:30:48.281 22272 22272 I PhoneLab-Locks: wake lock acquired
06-19 15:30:48.316 22272 23265 I PhoneLab-PeriodicCheckService: User info is synched
06-19 15:30:48.339 22272 23265 I PhoneLab-PeriodicCheckService: Logger Service is running
06-19 15:30:48.339 22272 23265 I PhoneLab-Locks: wake lock acquired
06-19 15:30:48.339 22272 22272 I PhoneLab-UploadLogs: Transfering log files now
06-19 15:30:48.339 22272 22272 I PhoneLab-UploadLogs: No log files to transfer
06-19 15:30:48.339 22272 22272 I PhoneLab-Locks: wake lock released
06-19 15:30:48.343 22272 22272 I PhoneLab-UploadLogs: OnStartCommand
06-19 15:30:48.343 22272 23265 I PhoneLab-PeriodicCheckService: Rescheduling periodic checking...
06-19 15:30:48.343 22272 23265 I PhoneLab-Locks: wake lock released
06-19 15:30:52.406  7204  7206 D dalvikvm: GC_CONCURRENT freed 486K, 7% free 10756K/11527K, paused 2ms+3ms
06-19 15:32:20.117  7204  7221 D androidNetworkLocationListeners: Still have listener com.google.android.location.internal.client.NetworkLocationClient$1@41378bd0
06-19 15:32:20.125  7204  7221 D androidNetworkLocationListeners: Still have listener com.google.android.location.internal.client.NetworkLocationClient$1@41378bd0
06-19 15:32:21.547  7204  7206 D dalvikvm: GC_CONCURRENT freed 492K, 7% free 10757K/11527K, paused 2ms+6ms
06-19 15:32:21.574   140   142 D dalvikvm: GC_CONCURRENT freed 1799K, 19% free 17540K/21447K, paused 8ms+10ms
06-19 15:33:05.714 22272 22285 I PhoneLab-: Service Running
06-19 15:33:05.785 22272 22285 I PhoneLab-LoggerService: app_38    1313  1     1432   988   c00f181c 400107b4 S logcat
06-19 15:33:05.785 22272 22285 I PhoneLab-LoggerService: Logcat pid from database 1313
06-19 15:33:05.785 22272 22285 I PhoneLab-LoggerService: Logcat process found 1313
06-19 15:33:05.785 22272 22285 I PhoneLab-LoggerService: Checking Threshold
06-19 15:33:05.785 22272 22285 I PhoneLab-: Service Running
06-19 15:33:05.832 22272 22275 D dalvikvm: GC_CONCURRENT freed 454K, 17% free 9231K/11079K, paused 7ms+4ms
06-19 15:33:05.836 22272 22285 I PhoneLab-LoggerService: app_38    1313  1     1432   988   c00f181c 400107b4 S logcat
06-19 15:33:05.836 22272 22285 I PhoneLab-LoggerService: Logcat pid from database 1313
06-19 15:33:05.836 22272 22285 I PhoneLab-LoggerService: Logcat process found 1313
06-19 15:33:05.836 22272 22285 I PhoneLab-LoggerService: Checking Threshold
06-19 15:33:05.836 22272 22285 I PhoneLab-: Service Running
06-19 15:33:05.871 22272 22285 I PhoneLab-LoggerService: app_38    1313  1     1432   988   c00f181c 400107b4 S logcat
06-19 15:33:05.871 22272 22285 I PhoneLab-LoggerService: Logcat pid from database 1313
06-19 15:33:05.871 22272 22285 I PhoneLab-LoggerService: Logcat process found 1313
06-19 15:33:05.871 22272 22285 I PhoneLab-LoggerService: Checking Threshold
06-19 15:33:05.871 22272 22285 I PhoneLab-: Service Running
06-19 15:33:05.898 22272 22285 I PhoneLab-LoggerService: app_38    1313  1     1432   988   c00f181c 400107b4 S logcat
06-19 15:33:05.898 22272 22285 I PhoneLab-LoggerService: Logcat pid from database 1313
06-19 15:33:05.898 22272 22285 I PhoneLab-LoggerService: Logcat process found 1313
06-19 15:33:05.898 22272 22285 I PhoneLab-LoggerService: Checking Threshold
06-19 15:33:51.593  7204  7206 D dalvikvm: GC_CONCURRENT freed 492K, 7% free 10757K/11527K, paused 2ms+9ms
06-19 15:35:21.636  7204  7206 D dalvikvm: GC_CONCURRENT freed 489K, 7% free 10759K/11527K, paused 2ms+4ms
06-19 15:36:51.105  7204  7221 D androidNetworkLocationListeners: Still have listener com.google.android.location.internal.client.NetworkLocationClient$1@41378bd0
06-19 15:36:51.105  7204  7221 D androidNetworkLocationListeners: Still have listener com.google.android.location.internal.client.NetworkLocationClient$1@41378bd0
06-19 15:36:51.695  7204  7206 D dalvikvm: GC_CONCURRENT freed 499K, 7% free 10758K/11527K, paused 2ms+3ms
06-19 15:37:05.347 22272 22272 I PhoneLab-Locks: wake lock acquired
06-19 15:37:05.379 22272 22272 I PhoneLab-StatusMonitor: Status Monitoring is started
06-19 15:37:05.437 22272 22275 D dalvikvm: GC_CONCURRENT freed 470K, 17% free 9272K/11079K, paused 1ms+2ms
06-19 15:37:05.457 22272 22272 I PhoneLab-StatusMonitor: Value: 10 - unit: min
06-19 15:37:05.457 22272 22272 I PhoneLab-StatusMonitor: Running interval: 600000
06-19 15:37:05.465 22272 22272 I PhoneLab-StatusMonitor: Rescheduling status monitoring...
06-19 15:37:05.468 22272 22272 I PhoneLab-Locks: wake lock released
06-19 15:37:05.472 22272 22272 I PhoneLab-StatusMonitorLocation: Learning Location
06-19 15:37:05.472 22272 22272 I PhoneLab-Locks: wake lock acquired
06-19 15:37:05.476 22272 22272 I PhoneLab-Locks: wake lock acquired
06-19 15:37:05.480  7204  7221 D androidNetworkLocationListeners: Still have listener com.google.android.location.internal.client.NetworkLocationClient$1@41378bd0
06-19 15:37:05.480 22272 22272 I PhoneLab-StatusMonitorLocation: Learning Signal Strgth
06-19 15:37:05.480 22272 22272 I PhoneLab-Locks: wake lock acquired
06-19 15:37:05.492  7204  7221 D androidNetworkLocationListeners: Still have listener com.google.android.location.internal.client.NetworkLocationClient$1@41378bd0
06-19 15:37:05.492 22272 22272 I PhoneLab-StatusMonitorBattery: Battery_level: 61
06-19 15:37:05.500 22272 22272 I PhoneLab-Locks: wake lock released
06-19 15:37:05.504 22272 22272 I PhoneLab-StatusMonitorSignal: Signal_Strength: -96 asu: 9
06-19 15:37:05.504 22272 22272 I PhoneLab-Locks: wake lock released
06-19 15:37:06.793 22272 22272 I PhoneLab-StatusMonitorLocation: Location_Latitude: 43.0006428 Longitude: -78.7866765 Accuracy: 60.0
06-19 15:37:06.793  7204  7221 D androidNetworkLocationListeners: Still have listener com.google.android.location.internal.client.NetworkLocationClient$1@41378bd0
06-19 15:37:06.797 22272 22272 I PhoneLab-Locks: wake lock released
06-19 15:37:08.144  7204  7206 D dalvikvm: GC_CONCURRENT freed 491K, 7% free 10757K/11527K, paused 2ms+4ms
06-19 15:38:38.398  7204  7206 D dalvikvm: GC_CONCURRENT freed 486K, 7% free 10756K/11527K, paused 2ms+3ms
06-19 15:40:08.445  7204  7206 D dalvikvm: GC_CONCURRENT freed 486K, 7% free 10756K/11527K, paused 2ms+4ms
06-19 15:40:25.507 22783 22786 D dalvikvm: GC_CONCURRENT freed 220K, 4% free 10355K/10695K, paused 3ms+3ms
06-19 15:40:26.664 22783 23296 D dalvikvm: GC_FOR_ALLOC freed 294K, 6% free 10385K/10951K, paused 22ms
06-19 15:40:26.695 22783 23296 D dalvikvm: GC_FOR_ALLOC freed 179K, 6% free 10380K/10951K, paused 22ms
06-19 15:40:26.738 22783 23296 D dalvikvm: GC_FOR_ALLOC freed 161K, 6% free 10396K/10951K, paused 21ms
06-19 15:40:26.738 22783 23296 I dalvikvm-heap: Grow heap (frag case) to 10.372MB for 159052-byte allocation
06-19 15:40:26.761 22783 23296 D dalvikvm: GC_FOR_ALLOC freed <1K, 6% free 10551K/11143K, paused 21ms
06-19 15:40:26.804 22783 23296 D dalvikvm: GC_FOR_ALLOC freed 555K, 8% free 10356K/11143K, paused 18ms
06-19 15:40:26.859 22783 22786 D dalvikvm: GC_CONCURRENT freed 244K, 5% free 10603K/11143K, paused 2ms+2ms
06-19 15:40:26.914 22783 23296 D dalvikvm: GC_FOR_ALLOC freed 568K, 7% free 10374K/11143K, paused 19ms
06-19 15:40:28.039 22783 22786 D dalvikvm: GC_CONCURRENT freed 383K, 7% free 10452K/11143K, paused 2ms+3ms
06-19 15:40:32.363 22783 22786 D dalvikvm: GC_CONCURRENT freed 281K, 6% free 10572K/11143K, paused 14ms+2ms
06-19 15:40:34.343 22783 22798 D dalvikvm: GC_FOR_ALLOC freed 240K, 5% free 10672K/11207K, paused 67ms
06-19 15:40:34.539 22783 22798 D dalvikvm: GC_FOR_ALLOC freed 151K, 5% free 10867K/11335K, paused 42ms
06-19 15:40:34.847 22783 22798 D dalvikvm: GC_FOR_ALLOC freed 282K, 5% free 11058K/11591K, paused 22ms
06-19 15:40:35.156 22783 22798 D dalvikvm: GC_FOR_ALLOC freed 197K, 5% free 11341K/11847K, paused 25ms
06-19 15:40:35.937 22783 22798 D dalvikvm: GC_FOR_ALLOC freed 319K, 5% free 11637K/12231K, paused 27ms
06-19 15:40:36.597 22783 23302 D dalvikvm: GC_FOR_ALLOC freed 429K, 6% free 11899K/12615K, paused 42ms
06-19 15:40:37.082 22783 22786 D dalvikvm: GC_CONCURRENT freed 945K, 9% free 11845K/12935K, paused 1ms+2ms
06-19 15:40:37.105   140   313 I ActivityManager: Process com.google.android.apps.uploader (pid 22456) has died.
06-19 15:40:38.488 22783 23296 D dalvikvm: GC_FOR_ALLOC freed 1323K, 16% free 10990K/12935K, paused 38ms
06-19 15:40:38.574 22783 22786 D dalvikvm: GC_CONCURRENT freed 620K, 15% free 11002K/12935K, paused 2ms+2ms
06-19 15:40:40.343 22783 22786 D dalvikvm: GC_CONCURRENT freed 569K, 15% free 11055K/12935K, paused 14ms+2ms
06-19 15:40:44.207 22783 22786 D dalvikvm: GC_CONCURRENT freed 799K, 17% free 10846K/12935K, paused 7ms+2ms
06-19 15:40:45.367 22783 22786 D dalvikvm: GC_CONCURRENT freed 282K, 14% free 11169K/12935K, paused 9ms+3ms
06-19 15:40:46.078 22783 22786 D dalvikvm: GC_CONCURRENT freed 402K, 12% free 11472K/12935K, paused 7ms+3ms
06-19 15:40:46.433 22783 22786 D dalvikvm: GC_CONCURRENT freed 328K, 8% free 11959K/12935K, paused 1ms+2ms
06-19 15:40:47.570   140   140 I ActivityManager: Process com.android.calendar (pid 22930) has died.
06-19 15:40:48.300 22783 23324 D dalvikvm: GC_FOR_ALLOC freed 1966K, 18% free 10835K/13063K, paused 59ms
06-19 15:40:49.117 22783 22786 D dalvikvm: GC_CONCURRENT freed 361K, 16% free 10982K/13063K, paused 2ms+3ms
06-19 15:40:51.757 22783 22786 D dalvikvm: GC_CONCURRENT freed 643K, 17% free 10921K/13063K, paused 2ms+2ms
06-19 15:40:52.242 22783 22786 D dalvikvm: GC_CONCURRENT freed 334K, 15% free 11217K/13063K, paused 2ms+2ms
06-19 15:40:53.539 22783 22786 D dalvikvm: GC_CONCURRENT freed 369K, 12% free 11542K/13063K, paused 2ms+2ms
06-19 15:40:55.195 22783 22786 D dalvikvm: GC_CONCURRENT freed 1558K, 18% free 10800K/13063K, paused 2ms+3ms
06-19 15:40:56.519 22783 22786 D dalvikvm: GC_CONCURRENT freed 305K, 16% free 11057K/13063K, paused 2ms+3ms
06-19 15:40:57.359 22783 22786 D dalvikvm: GC_CONCURRENT freed 463K, 14% free 11242K/13063K, paused 2ms+3ms
06-19 15:40:59.992 22783 22786 D dalvikvm: GC_CONCURRENT freed 1014K, 17% free 10945K/13063K, paused 2ms+4ms
06-19 15:41:00.507 22783 22786 D dalvikvm: GC_CONCURRENT freed 304K, 14% free 11258K/13063K, paused 2ms+3ms
06-19 15:41:01.113 22783 22786 D dalvikvm: GC_CONCURRENT freed 586K, 14% free 11337K/13063K, paused 13ms+2ms
06-19 15:41:03.570 22783 22786 D dalvikvm: GC_CONCURRENT freed 1204K, 17% free 10869K/13063K, paused 2ms+3ms
06-19 15:41:05.664 22783 22786 D dalvikvm: GC_CONCURRENT freed 327K, 16% free 11067K/13063K, paused 3ms+3ms
06-19 15:41:05.843   140   142 D dalvikvm: GC_CONCURRENT freed 2012K, 19% free 17548K/21447K, paused 3ms+12ms
06-19 15:41:06.035 22783 22786 D dalvikvm: GC_CONCURRENT freed 648K, 16% free 11040K/13063K, paused 7ms+2ms
06-19 15:41:06.671 22783 22786 D dalvikvm: GC_CONCURRENT freed 340K, 13% free 11372K/13063K, paused 7ms+3ms
06-19 15:41:07.230 22783 22786 D dalvikvm: GC_CONCURRENT freed 289K, 11% free 11751K/13063K, paused 2ms+2ms
06-19 15:41:09.507 22783 22786 D dalvikvm: GC_CONCURRENT freed 1692K, 17% free 10866K/13063K, paused 2ms+3ms
06-19 15:41:11.019 22783 22786 D dalvikvm: GC_CONCURRENT freed 329K, 15% free 11150K/13063K, paused 7ms+2ms
06-19 15:41:14.925 22783 22786 D dalvikvm: GC_CONCURRENT freed 755K, 16% free 10985K/13063K, paused 2ms+3ms
06-19 15:41:15.308 22783 22786 D dalvikvm: GC_CONCURRENT freed 465K, 15% free 11139K/13063K, paused 2ms+3ms
06-19 15:41:15.859 22783 22786 D dalvikvm: GC_CONCURRENT freed 576K, 14% free 11251K/13063K, paused 9ms+3ms
06-19 15:41:17.785 22783 22786 D dalvikvm: GC_CONCURRENT freed 650K, 14% free 11259K/13063K, paused 3ms+2ms
06-19 15:41:18.695 22783 22786 D dalvikvm: GC_CONCURRENT freed 1033K, 17% free 10888K/13063K, paused 4ms+5ms
06-19 15:41:21.546 22783 22786 D dalvikvm: GC_CONCURRENT freed 343K, 15% free 11166K/13063K, paused 4ms+3ms
06-19 15:41:21.941 22783 22786 D dalvikvm: GC_CONCURRENT freed 915K, 17% free 10964K/13063K, paused 18ms+3ms
06-19 15:41:23.754 22783 22786 D dalvikvm: GC_CONCURRENT freed 513K, 16% free 10987K/13063K, paused 2ms+2ms
06-19 15:41:27.504 22783 22786 D dalvikvm: GC_CONCURRENT freed 717K, 17% free 10917K/13063K, paused 1ms+2ms
06-19 15:41:27.929 22783 22786 D dalvikvm: GC_CONCURRENT freed 272K, 15% free 11187K/13063K, paused 2ms+2ms
06-19 15:41:30.086 22783 22786 D dalvikvm: GC_CONCURRENT freed 715K, 16% free 11104K/13063K, paused 2ms+2ms
06-19 15:41:30.242 22272 22285 I PhoneLab-: Service Running
06-19 15:41:30.336 22272 22285 I PhoneLab-LoggerService: app_38    1313  1     1432   988   c00f181c 400107b4 S logcat
06-19 15:41:30.339 22272 22285 I PhoneLab-LoggerService: Logcat pid from database 1313
06-19 15:41:30.339 22272 22285 I PhoneLab-LoggerService: Logcat process found 1313
06-19 15:41:30.339 22272 22285 I PhoneLab-LoggerService: Checking Threshold
06-19 15:41:30.339 22272 22285 I PhoneLab-: Service Running
06-19 15:41:30.375 22272 22285 I PhoneLab-LoggerService: app_38    1313  1     1432   988   c00f181c 400107b4 S logcat
06-19 15:41:30.375 22272 22285 I PhoneLab-LoggerService: Logcat pid from database 1313
06-19 15:41:30.379 22272 22285 I PhoneLab-LoggerService: Logcat process found 1313
06-19 15:41:30.379 22272 22285 I PhoneLab-LoggerService: Checking Threshold
06-19 15:41:30.379 22272 22285 I PhoneLab-: Service Running
06-19 15:41:30.406 22272 22285 I PhoneLab-LoggerService: app_38    1313  1     1432   988   c00f181c 400107b4 S logcat
06-19 15:41:30.406 22272 22285 I PhoneLab-LoggerService: Logcat pid from database 1313
06-19 15:41:30.406 22272 22285 I PhoneLab-LoggerService: Logcat process found 1313
06-19 15:41:30.406 22272 22285 I PhoneLab-LoggerService: Checking Threshold
06-19 15:41:30.406 22272 22285 I PhoneLab-: Service Running
06-19 15:41:30.433 22272 22285 I PhoneLab-LoggerService: app_38    1313  1     1432   988   c00f181c 400107b4 S logcat
06-19 15:41:30.433 22272 22285 I PhoneLab-LoggerService: Logcat pid from database 1313
06-19 15:41:30.433 22272 22285 I PhoneLab-LoggerService: Logcat process found 1313
06-19 15:41:30.433 22272 22285 I PhoneLab-LoggerService: Checking Threshold
06-19 15:41:32.613 22783 22786 D dalvikvm: GC_CONCURRENT freed 511K, 14% free 11286K/13063K, paused 2ms+3ms
06-19 15:41:32.890 22783 22786 D dalvikvm: GC_CONCURRENT freed 308K, 11% free 11731K/13063K, paused 2ms+3ms
06-19 15:41:34.414 22783 22786 D dalvikvm: GC_CONCURRENT freed 1745K, 17% free 10872K/13063K, paused 8ms+3ms
06-19 15:41:35.707 22783 22786 D dalvikvm: GC_CONCURRENT freed 283K, 15% free 11142K/13063K, paused 2ms+2ms
06-19 15:41:37.476 22783 22786 D dalvikvm: GC_CONCURRENT freed 607K, 15% free 11180K/13063K, paused 2ms+3ms
06-19 15:41:37.906 22783 22786 D dalvikvm: GC_CONCURRENT freed 318K, 12% free 11581K/13063K, paused 2ms+3ms
06-19 15:41:38.546  7204  7206 D dalvikvm: GC_CONCURRENT freed 502K, 7% free 10766K/11527K, paused 2ms+3ms
06-19 15:41:40.730 22783 22786 D dalvikvm: GC_CONCURRENT freed 1515K, 17% free 10918K/13063K, paused 2ms+3ms
06-19 15:41:40.847 22783 22786 D dalvikvm: GC_CONCURRENT freed 218K, 14% free 11332K/13063K, paused 2ms+4ms
06-19 15:41:41.379 22783 22786 D dalvikvm: GC_CONCURRENT freed 341K, 10% free 11759K/13063K, paused 13ms+3ms
06-19 15:41:43.796 22783 22786 D dalvikvm: GC_CONCURRENT freed 1571K, 16% free 11084K/13063K, paused 2ms+3ms
06-19 15:41:47.109 22783 22786 D dalvikvm: GC_CONCURRENT freed 793K, 17% free 10928K/13063K, paused 13ms+3ms
06-19 15:41:47.929 22783 22786 D dalvikvm: GC_CONCURRENT freed 337K, 15% free 11226K/13063K, paused 2ms+3ms
06-19 15:41:50.683 22783 22786 D dalvikvm: GC_CONCURRENT freed 968K, 17% free 10869K/13063K, paused 2ms+2ms
06-19 15:41:51.062  7204  7221 D androidNetworkLocationListeners: Still have listener com.google.android.location.internal.client.NetworkLocationClient$1@41378bd0
06-19 15:41:51.074  7204  7221 D androidNetworkLocationListeners: Still have listener com.google.android.location.internal.client.NetworkLocationClient$1@41378bd0
06-19 15:41:51.816 22783 22786 D dalvikvm: GC_CONCURRENT freed 277K, 16% free 11085K/13063K, paused 15ms+2ms
06-19 15:41:55.214 22783 22786 D dalvikvm: GC_CONCURRENT freed 781K, 16% free 10990K/13063K, paused 2ms+3ms
06-19 15:41:56.839 22783 22786 D dalvikvm: GC_CONCURRENT freed 685K, 18% free 10834K/13063K, paused 2ms+2ms
06-19 15:42:00.304 22783 22786 D dalvikvm: GC_CONCURRENT freed 483K, 17% free 10955K/13063K, paused 2ms+3ms
06-19 15:42:01.500 22783 22786 D dalvikvm: GC_CONCURRENT freed 342K, 15% free 11197K/13063K, paused 2ms+3ms
06-19 15:42:01.546 22783 23296 D dalvikvm: GC_FOR_ALLOC freed 698K, 16% free 11008K/13063K, paused 21ms
06-19 15:42:02.191 22783 22786 D dalvikvm: GC_CONCURRENT freed 397K, 14% free 11273K/13063K, paused 2ms+3ms
06-19 15:42:03.347 22783 22786 D dalvikvm: GC_CONCURRENT freed 810K, 15% free 11145K/13063K, paused 2ms+2ms
06-19 15:42:04.652 22783 22786 D dalvikvm: GC_CONCURRENT freed 716K, 16% free 11095K/13063K, paused 2ms+3ms
06-19 15:42:09.183 22783 22786 D dalvikvm: GC_CONCURRENT freed 704K, 16% free 11081K/13063K, paused 11ms+3ms
06-19 15:42:09.847 22783 22786 D dalvikvm: GC_CONCURRENT freed 432K, 14% free 11320K/13063K, paused 2ms+3ms
06-19 15:42:10.668 22783 22786 D dalvikvm: GC_CONCURRENT freed 562K, 12% free 11508K/13063K, paused 13ms+2ms
06-19 15:42:11.742 22783 23296 D dalvikvm: GC_FOR_ALLOC freed 181K, 13% free 11445K/13063K, paused 21ms
06-19 15:42:11.742 22783 23296 I dalvikvm-heap: Grow heap (frag case) to 11.364MB for 124648-byte allocation
06-19 15:42:11.765 22783 23296 D dalvikvm: GC_FOR_ALLOC freed <1K, 13% free 11567K/13191K, paused 21ms
06-19 15:42:11.804 22783 23296 D dalvikvm: GC_FOR_ALLOC freed 473K, 14% free 11463K/13191K, paused 21ms
06-19 15:42:11.808 22783 23296 I dalvikvm-heap: Grow heap (frag case) to 11.451MB for 197660-byte allocation
06-19 15:42:11.828 22783 23296 D dalvikvm: GC_FOR_ALLOC freed <1K, 14% free 11655K/13447K, paused 21ms
06-19 15:42:11.867 22783 23296 D dalvikvm: GC_FOR_ALLOC freed 643K, 15% free 11449K/13447K, paused 21ms
06-19 15:42:11.937 22783 22786 D dalvikvm: GC_CONCURRENT freed 682K, 14% free 11576K/13447K, paused 2ms+2ms
06-19 15:42:12.589 22783 22786 D dalvikvm: GC_CONCURRENT freed 1412K, 19% free 10992K/13447K, paused 2ms+3ms
06-19 15:42:13.824 22783 22786 D dalvikvm: GC_CONCURRENT freed 424K, 17% free 11215K/13447K, paused 2ms+3ms
06-19 15:42:16.461 22783 22786 D dalvikvm: GC_CONCURRENT freed 945K, 19% free 10937K/13447K, paused 6ms+3ms
06-19 15:42:16.968 22783 22786 D dalvikvm: GC_CONCURRENT freed 312K, 17% free 11216K/13447K, paused 1ms+3ms
06-19 15:42:17.695 22783 22786 D dalvikvm: GC_CONCURRENT freed 337K, 15% free 11559K/13447K, paused 9ms+3ms
06-19 15:42:18.515 22783 22786 D dalvikvm: GC_CONCURRENT freed 404K, 11% free 11990K/13447K, paused 2ms+3ms
06-19 15:42:19.605 22783 23296 D dalvikvm: GC_FOR_ALLOC freed 1698K, 20% free 10818K/13447K, paused 21ms
06-19 15:42:19.664 22783 22786 D dalvikvm: GC_CONCURRENT freed 396K, 19% free 11006K/13447K, paused 2ms+2ms
06-19 15:42:19.734 22783 22786 D dalvikvm: GC_CONCURRENT freed 680K, 19% free 10970K/13447K, paused 2ms+2ms
06-19 15:42:19.820 22783 22786 D dalvikvm: GC_CONCURRENT freed 726K, 20% free 10878K/13447K, paused 2ms+3ms
06-19 15:42:20.656 22783 22786 D dalvikvm: GC_CONCURRENT freed 556K, 20% free 10891K/13447K, paused 2ms+3ms
06-19 15:42:22.355 22783 22786 D dalvikvm: GC_CONCURRENT freed 359K, 18% free 11041K/13447K, paused 2ms+2ms
06-19 15:42:23.828 22783 22786 D dalvikvm: GC_CONCURRENT freed 511K, 18% free 11136K/13447K, paused 26ms+2ms
06-19 15:42:25.425 22783 22786 D dalvikvm: GC_CONCURRENT freed 662K, 17% free 11174K/13447K, paused 4ms+2ms
06-19 15:42:26.109 22783 22786 D dalvikvm: GC_CONCURRENT freed 381K, 15% free 11509K/13447K, paused 23ms+2ms
06-19 15:42:26.468 22783 22786 D dalvikvm: GC_CONCURRENT freed 390K, 12% free 11947K/13447K, paused 7ms+2ms
06-19 15:42:29.156 22783 22786 D dalvikvm: GC_CONCURRENT freed 1853K, 19% free 10971K/13447K, paused 1ms+3ms
06-19 15:42:31.160 22783 22786 D dalvikvm: GC_CONCURRENT freed 524K, 18% free 11059K/13447K, paused 13ms+3ms
06-19 15:42:31.820 22783 22786 D dalvikvm: GC_CONCURRENT freed 513K, 17% free 11220K/13447K, paused 1ms+3ms
06-19 15:42:32.562 22783 22786 D dalvikvm: GC_CONCURRENT freed 423K, 15% free 11530K/13447K, paused 24ms+2ms
06-19 15:42:34.007 22783 22786 D dalvikvm: GC_CONCURRENT freed 755K, 15% free 11538K/13447K, paused 1ms+2ms
06-19 15:42:35.429 22783 22786 D dalvikvm: GC_CONCURRENT freed 1391K, 19% free 10953K/13447K, paused 10ms+3ms
06-19 15:42:37.496  7204  7206 D dalvikvm: GC_CONCURRENT freed 499K, 7% free 10754K/11527K, paused 2ms+4ms
06-19 15:42:38.820 22783 22786 D dalvikvm: GC_CONCURRENT freed 652K, 19% free 10944K/13447K, paused 2ms+3ms
06-19 15:42:39.187 22783 22786 D dalvikvm: GC_CONCURRENT freed 342K, 17% free 11235K/13447K, paused 2ms+3ms
06-19 15:42:40.461 22783 22786 D dalvikvm: GC_CONCURRENT freed 585K, 16% free 11387K/13447K, paused 2ms+2ms
06-19 15:42:40.539 22783 22786 D dalvikvm: GC_CONCURRENT freed 735K, 16% free 11400K/13447K, paused 2ms+2ms
06-19 15:42:40.609 22783 22786 D dalvikvm: GC_CONCURRENT freed 792K, 16% free 11367K/13447K, paused 1ms+2ms
06-19 15:42:40.703 22783 22786 D dalvikvm: GC_CONCURRENT freed 794K, 17% free 11274K/13447K, paused 1ms+4ms
06-19 15:42:42.367 22783 22786 D dalvikvm: GC_CONCURRENT freed 1003K, 19% free 11021K/13447K, paused 48ms+3ms
06-19 15:42:44.617 22783 22786 D dalvikvm: GC_CONCURRENT freed 450K, 18% free 11144K/13447K, paused 2ms+3ms
06-19 15:42:45.562 22783 22786 D dalvikvm: GC_CONCURRENT freed 718K, 18% free 11093K/13447K, paused 14ms+3ms
06-19 15:42:45.953 22783 22786 D dalvikvm: GC_CONCURRENT freed 328K, 15% free 11440K/13447K, paused 2ms+3ms
06-19 15:42:47.418 22783 22786 D dalvikvm: GC_CONCURRENT freed 677K, 15% free 11502K/13447K, paused 2ms+3ms
06-19 15:42:49.500 22783 22786 D dalvikvm: GC_CONCURRENT freed 1269K, 18% free 11058K/13447K, paused 2ms+3ms
06-19 15:42:49.589 22783 22786 D dalvikvm: GC_CONCURRENT freed 148K, 15% free 11468K/13447K, paused 2ms+2ms
06-19 15:42:50.410 22783 22786 D dalvikvm: GC_CONCURRENT freed 360K, 12% free 11923K/13447K, paused 13ms+3ms
06-19 15:42:55.179 23177 23180 D dalvikvm: GC_CONCURRENT freed 317K, 5% free 10501K/10951K, paused 2ms+7ms
06-19 15:42:55.211 22783 22786 D dalvikvm: GC_CONCURRENT freed 1891K, 20% free 10881K/13447K, paused 2ms+2ms
06-19 15:42:56.046 22783 22786 D dalvikvm: GC_CONCURRENT freed 251K, 17% free 11248K/13447K, paused 2ms+3ms
06-19 15:42:57.441 22783 22786 D dalvikvm: GC_CONCURRENT freed 353K, 15% free 11564K/13447K, paused 2ms+3ms
06-19 15:42:58.679 22272 22285 I PhoneLab-: Service Running
06-19 15:42:58.742 22272 22285 I PhoneLab-LoggerService: app_38    1313  1     1432   988   c00f181c 400107b4 S logcat
06-19 15:42:58.742 22272 22285 I PhoneLab-LoggerService: Logcat pid from database 1313
06-19 15:42:58.742 22272 22285 I PhoneLab-LoggerService: Logcat process found 1313
06-19 15:42:58.742 22272 22285 I PhoneLab-LoggerService: Checking Threshold
06-19 15:42:58.750 22272 22275 D dalvikvm: GC_CONCURRENT freed 441K, 17% free 9223K/11079K, paused 1ms+3ms
06-19 15:42:59.793 22783 22786 D dalvikvm: GC_CONCURRENT freed 1283K, 18% free 11027K/13447K, paused 14ms+2ms
06-19 15:43:00.621 22783 22786 D dalvikvm: GC_CONCURRENT freed 237K, 15% free 11458K/13447K, paused 1ms+3ms
06-19 15:43:02.488 22783 22786 D dalvikvm: GC_CONCURRENT freed 1266K, 19% free 11004K/13447K, paused 17ms+4ms
06-19 15:43:05.609 22783 22786 D dalvikvm: GC_CONCURRENT freed 637K, 19% free 10920K/13447K, paused 1ms+3ms
06-19 15:43:06.011 22783 22786 D dalvikvm: GC_CONCURRENT freed 273K, 17% free 11277K/13447K, paused 2ms+3ms
06-19 15:43:07.168 22783 22786 D dalvikvm: GC_CONCURRENT freed 562K, 15% free 11464K/13447K, paused 2ms+3ms
06-19 15:43:09.398 22783 22786 D dalvikvm: GC_CONCURRENT freed 1284K, 20% free 10878K/13447K, paused 2ms+2ms
06-19 15:43:10.750 22783 22786 D dalvikvm: GC_CONCURRENT freed 237K, 17% free 11260K/13447K, paused 2ms+3ms
06-19 15:43:10.875 22783 22786 D dalvikvm: GC_CONCURRENT freed 264K, 13% free 11740K/13447K, paused 2ms+4ms
06-19 15:43:12.031 22783 22786 D dalvikvm: GC_CONCURRENT freed 1678K, 19% free 10967K/13447K, paused 2ms+3ms
06-19 15:43:12.132 22783 22786 D dalvikvm: GC_CONCURRENT freed 674K, 19% free 10941K/13447K, paused 2ms+3ms
06-19 15:43:12.250 22783 22786 D dalvikvm: GC_CONCURRENT freed 691K, 20% free 10857K/13447K, paused 1ms+4ms
06-19 15:43:15.058 22783 22786 D dalvikvm: GC_CONCURRENT freed 300K, 18% free 11076K/13447K, paused 14ms+3ms
06-19 15:43:16.570 22783 22786 D dalvikvm: GC_CONCURRENT freed 500K, 17% free 11259K/13447K, paused 2ms+4ms
06-19 15:43:16.730   140   165 I ActivityManager: Start proc com.google.android.syncadapters.calendar for service com.google.android.syncadapters.calendar/.CalendarSyncAdapterService: pid=23645 uid=10020 gids={3003}
06-19 15:43:16.828   140   313 D dalvikvm: GC_EXPLICIT freed 857K, 19% free 17425K/21447K, paused 3ms+7ms
06-19 15:43:16.890 22783 22786 D dalvikvm: GC_CONCURRENT freed 284K, 13% free 11719K/13447K, paused 1ms+4ms
06-19 15:43:17.129   140  3898 I ActivityManager: Process android.process.acore (pid 21478) has died.
06-19 15:43:17.218  7204  9584 D dalvikvm: GC_EXPLICIT freed 43K, 7% free 10750K/11527K, paused 2ms+3ms
06-19 15:43:18.355 23645 23647 D dalvikvm: GC_CONCURRENT freed 283K, 5% free 9194K/9607K, paused 3ms+2ms
06-19 15:43:19.086 22783 22786 D dalvikvm: GC_CONCURRENT freed 569K, 12% free 11942K/13447K, paused 1ms+4ms
06-19 15:43:23.371 22783 22786 D dalvikvm: GC_CONCURRENT freed 1822K, 19% free 10970K/13447K, paused 13ms+2ms
06-19 15:43:26.351 22783 22786 D dalvikvm: GC_CONCURRENT freed 460K, 18% free 11154K/13447K, paused 9ms+3ms
06-19 15:43:26.972 22783 22786 D dalvikvm: GC_CONCURRENT freed 340K, 15% free 11520K/13447K, paused 7ms+3ms
06-19 15:43:29.605 22783 22786 D dalvikvm: GC_CONCURRENT freed 1394K, 19% free 10958K/13447K, paused 26ms+3ms
06-19 15:43:33.062 22783 22786 D dalvikvm: GC_CONCURRENT freed 576K, 19% free 11027K/13447K, paused 2ms+4ms
06-19 15:43:34.574 22783 22786 D dalvikvm: GC_CONCURRENT freed 473K, 17% free 11221K/13447K, paused 14ms+3ms
06-19 15:43:34.687 22783 22786 D dalvikvm: GC_CONCURRENT freed 743K, 17% free 11210K/13447K, paused 2ms+3ms
06-19 15:43:37.558 22783 22786 D dalvikvm: GC_CONCURRENT freed 906K, 19% free 10932K/13447K, paused 2ms+3ms
06-19 15:43:40.179 22783 22786 D dalvikvm: GC_CONCURRENT freed 329K, 17% free 11238K/13447K, paused 2ms+3ms
06-19 15:43:41.375 22783 22786 D dalvikvm: GC_CONCURRENT freed 353K, 14% free 11590K/13447K, paused 14ms+3ms
06-19 15:43:44.828 22783 22786 D dalvikvm: GC_CONCURRENT freed 1381K, 19% free 10942K/13447K, paused 2ms+2ms
06-19 15:43:46.617 22783 22786 D dalvikvm: GC_CONCURRENT freed 574K, 19% free 11007K/13447K, paused 2ms+4ms
06-19 15:43:46.722 22783 22786 D dalvikvm: GC_CONCURRENT freed 335K, 17% free 11260K/13447K, paused 2ms+3ms
06-19 15:43:49.195 22948 22948 I CalendarProvider2: Sending notification intent: Intent { act=android.intent.action.PROVIDER_CHANGED dat=content://com.android.calendar }
06-19 15:43:49.195 22948 22948 W ContentResolver: Failed to get type for: content://com.android.calendar (Unknown URL content://com.android.calendar)
06-19 15:43:49.254   140   157 I ActivityManager: Start proc com.android.calendar for broadcast com.android.calendar/.widget.CalendarAppWidgetService$CalendarFactory: pid=23732 uid=10005 gids={3003}
06-19 15:43:49.312 23732 23732 I ActivityThread: Pub com.android.calendar.CalendarRecentSuggestionsProvider: com.android.calendar.CalendarRecentSuggestionsProvider
06-19 15:43:51.070  7204  7221 D androidNetworkLocationListeners: Still have listener com.google.android.location.internal.client.NetworkLocationClient$1@41378bd0
06-19 15:43:52.453  7204  7206 D dalvikvm: GC_CONCURRENT freed 497K, 7% free 10771K/11527K, paused 2ms+3ms
06-19 15:43:53.304 22783 22786 D dalvikvm: GC_CONCURRENT freed 947K, 19% free 10968K/13447K, paused 15ms+5ms
06-19 15:43:53.367 21865 23753 I Gmail   : MainSyncRequestProto: lowestBkwdConvoId: 0, highestHandledServerOp: 616959, normalSync: true
06-19 15:43:53.984 21865 21867 D dalvikvm: GC_CONCURRENT freed 523K, 10% free 11309K/12551K, paused 11ms+8ms
06-19 15:43:54.980 21865 23753 D dalvikvm: GC_EXPLICIT freed 595K, 11% free 11241K/12551K, paused 2ms+5ms
06-19 15:43:54.984 21865 23753 I Gmail   : MainSyncRequestProto: lowestBkwdConvoId: 0, highestHandledServerOp: 616985, normalSync: true
06-19 15:43:55.000 21865 23753 W Gmail   : Scheduling index for 300000 ms from now
06-19 15:43:55.171 21865 23753 I Gmail   : Sending notification intent: Intent { act=android.intent.action.PROVIDER_CHANGED dat=content://gmail-ls/unread/^i (has extras) }
06-19 15:43:55.218 21865 23753 I Gmail   : Sending notification intent: Intent { act=android.intent.action.PROVIDER_CHANGED dat=content://gmail-ls/unread/^iim (has extras) }
06-19 15:43:55.320   211   212 D dalvikvm: GC_CONCURRENT freed 454K, 51% free 10178K/20743K, paused 3ms+3ms
06-19 15:43:55.390   211   212 D dalvikvm: GC_CONCURRENT freed 482K, 51% free 10190K/20743K, paused 2ms+3ms
06-19 15:43:58.800 22783 22786 D dalvikvm: GC_CONCURRENT freed 421K, 17% free 11195K/13447K, paused 1ms+3ms
06-19 15:44:10.851   140   140 I ActivityManager: Process com.pandora.android (pid 23004) has died.
06-19 15:44:10.851   140   140 W ActivityManager: Scheduling restart of crashed service com.pandora.android/.PandoraService in 5000ms
06-19 15:45:16.093 21865 21865 D OpenGLRenderer: Flushing caches (mode 1)
06-19 15:47:05.121  7204  7221 D androidNetworkLocationListeners: Still have listener com.google.android.location.internal.client.NetworkLocationClient$1@41378bd0
06-19 15:47:05.129  7204  7221 D androidNetworkLocationListeners: Still have listener com.google.android.location.internal.client.NetworkLocationClient$1@41378bd0
06-19 15:47:05.367   140   157 I ActivityManager: Start proc com.pandora.android for service com.pandora.android/.PandoraService: pid=23783 uid=10064 gids={3003, 3002, 3001, 1015}
06-19 15:47:05.386 23783 23783 I dalvikvm: Turning on JNI app bug workarounds for target SDK version 10...
06-19 15:47:05.468 22272 22272 I PhoneLab-Locks: wake lock acquired
06-19 15:47:05.472 22272 22272 I PhoneLab-StatusMonitor: Status Monitoring is started
06-19 15:47:05.519 23783 23783 I ActivityThread: Pub com.pandora.provider: com.pandora.android.provider.StationProvider
06-19 15:47:05.570 22272 22275 D dalvikvm: GC_CONCURRENT freed 363K, 17% free 9275K/11079K, paused 2ms+6ms
06-19 15:47:05.574 22272 22272 I PhoneLab-StatusMonitor: Value: 10 - unit: min
06-19 15:47:05.578 22272 22272 I PhoneLab-StatusMonitor: Running interval: 600000
06-19 15:47:05.590 22272 22272 I PhoneLab-StatusMonitor: Rescheduling status monitoring...
06-19 15:47:05.590 22272 22272 I PhoneLab-Locks: wake lock released
06-19 15:47:05.597 22272 22272 I PhoneLab-StatusMonitorLocation: Learning Location
06-19 15:47:05.597 22272 22272 I PhoneLab-Locks: wake lock acquired
06-19 15:47:05.601 22272 22272 I PhoneLab-Locks: wake lock acquired
06-19 15:47:05.601  7204  7221 D androidNetworkLocationListeners: Still have listener com.google.android.location.internal.client.NetworkLocationClient$1@41378bd0
06-19 15:47:05.609 22272 22272 I PhoneLab-StatusMonitorLocation: Learning Signal Strgth
06-19 15:47:05.609 22272 22272 I PhoneLab-Locks: wake lock acquired
06-19 15:47:05.621 22272 22272 I PhoneLab-StatusMonitorBattery: Battery_level: 67
06-19 15:47:05.621 22272 22272 I PhoneLab-Locks: wake lock released
06-19 15:47:05.625 22272 22272 I PhoneLab-StatusMonitorSignal: Signal_Strength: -106 asu: 4
06-19 15:47:05.625 22272 22272 I PhoneLab-Locks: wake lock released
06-19 15:47:05.625  7204  7221 D androidNetworkLocationListeners: Still have listener com.google.android.location.internal.client.NetworkLocationClient$1@41378bd0
06-19 15:47:06.433  7204  7221 D androidNetworkLocationListeners: Still have listener com.google.android.location.internal.client.NetworkLocationClient$1@41378bd0
06-19 15:47:06.433 22272 22272 I PhoneLab-StatusMonitorLocation: Location_Latitude: 43.0006197 Longitude: -78.78649 Accuracy: 48.0
06-19 15:47:06.437 22272 22272 I PhoneLab-Locks: wake lock released
06-19 15:47:07.777  7204  7206 D dalvikvm: GC_CONCURRENT freed 534K, 7% free 10763K/11527K, paused 2ms+4ms
06-19 15:48:38.433  7204  7206 D dalvikvm: GC_CONCURRENT freed 490K, 7% free 10757K/11527K, paused 2ms+3ms
06-19 15:50:08.484  7204  7206 D dalvikvm: GC_CONCURRENT freed 485K, 7% free 10756K/11527K, paused 2ms+3ms
06-19 15:51:38.578  7204  7206 D dalvikvm: GC_CONCURRENT freed 483K, 7% free 10755K/11527K, paused 2ms+9ms
06-19 15:52:15.121  7204  7221 D androidNetworkLocationListeners: Still have listener com.google.android.location.internal.client.NetworkLocationClient$1@41378bd0
06-19 15:52:15.129  7204  7221 D androidNetworkLocationListeners: Still have listener com.google.android.location.internal.client.NetworkLocationClient$1@41378bd0
06-19 15:52:15.148  8973  8975 D dalvikvm: GC_CONCURRENT freed 403K, 8% free 9694K/10503K, paused 2ms+37ms
06-19 15:53:00.175   140   142 D dalvikvm: GC_CONCURRENT freed 1888K, 19% free 17510K/21447K, paused 11ms+12ms
06-19 15:53:01.515  7204  7206 D dalvikvm: GC_CONCURRENT freed 486K, 7% free 10755K/11527K, paused 2ms+3ms
06-19 15:54:31.554  7204  7206 D dalvikvm: GC_CONCURRENT freed 484K, 7% free 10756K/11527K, paused 2ms+3ms
06-19 15:55:44.109 21865 23825 W Gmail   : Successful index run, cancel next scheduled index run
06-19 15:55:51.027 22272 22285 I PhoneLab-: Service Running
06-19 15:55:51.090 22272 22285 I PhoneLab-LoggerService: app_38    1313  1     1432   988   c00f181c 400107b4 S logcat
06-19 15:55:51.093 22272 22285 I PhoneLab-LoggerService: Logcat pid from database 1313
06-19 15:55:51.093 22272 22285 I PhoneLab-LoggerService: Logcat process found 1313
06-19 15:55:51.093 22272 22285 I PhoneLab-LoggerService: Checking Threshold
06-19 15:55:51.093 22272 22285 I PhoneLab-: Service Running
06-19 15:55:51.129 22272 22285 I PhoneLab-LoggerService: app_38    1313  1     1432   988   c00f181c 400107b4 S logcat
06-19 15:55:51.129 22272 22285 I PhoneLab-LoggerService: Logcat pid from database 1313
06-19 15:55:51.129 22272 22285 I PhoneLab-LoggerService: Logcat process found 1313
06-19 15:55:51.129 22272 22285 I PhoneLab-LoggerService: Checking Threshold
06-19 15:55:51.129 22272 22285 I PhoneLab-: Service Running
06-19 15:55:51.156 22272 22285 I PhoneLab-LoggerService: app_38    1313  1     1432   988   c00f181c 400107b4 S logcat
06-19 15:55:51.156 22272 22285 I PhoneLab-LoggerService: Logcat pid from database 1313
06-19 15:55:51.160 22272 22285 I PhoneLab-LoggerService: Logcat process found 1313
06-19 15:55:51.160 22272 22285 I PhoneLab-LoggerService: Checking Threshold
06-19 15:55:51.160 22272 22285 I PhoneLab-: Service Running
06-19 15:55:51.187 22272 22285 I PhoneLab-LoggerService: app_38    1313  1     1432   988   c00f181c 400107b4 S logcat
06-19 15:55:51.187 22272 22285 I PhoneLab-LoggerService: Logcat pid from database 1313
06-19 15:55:51.187 22272 22285 I PhoneLab-LoggerService: Logcat process found 1313
06-19 15:55:51.187 22272 22285 I PhoneLab-LoggerService: Checking Threshold
06-19 15:55:51.187 22272 22285 I PhoneLab-: Service Running
06-19 15:55:51.218 22272 22285 I PhoneLab-LoggerService: app_38    1313  1     1432   988   c00f181c 400107b4 S logcat
06-19 15:55:51.218 22272 22285 I PhoneLab-LoggerService: Logcat pid from database 1313
06-19 15:55:51.218 22272 22285 I PhoneLab-LoggerService: Logcat process found 1313
06-19 15:55:51.218 22272 22285 I PhoneLab-LoggerService: Checking Threshold
06-19 15:55:51.218 22272 22285 I PhoneLab-: Service Running
06-19 15:55:51.257 22272 22275 D dalvikvm: GC_CONCURRENT freed 457K, 17% free 9235K/11079K, paused 2ms+5ms
06-19 15:55:51.265 22272 22285 I PhoneLab-LoggerService: app_38    1313  1     1432   988   c00f181c 400107b4 S logcat
06-19 15:55:51.273 22272 22285 I PhoneLab-LoggerService: Logcat pid from database 1313
06-19 15:55:51.273 22272 22285 I PhoneLab-LoggerService: Logcat process found 1313
06-19 15:55:51.273 22272 22285 I PhoneLab-LoggerService: Checking Threshold
06-19 15:55:52.050 23177 23215 D SCollector: Waiting for the ScannerThread to start.
06-19 15:55:52.066 23177 23832 D SCollector: PreScan started with config: Scanner types: [8]; ScanDuration: 10000, SensorDelay: 0, viewOptedOutWifiAps: false
06-19 15:55:52.082 23177 23832 D SCollector: aq started.
06-19 15:55:52.082 23177 23832 D SCollector: F started.
06-19 15:55:52.082 23177 23832 D SCollector: PreScanner started.
06-19 15:56:01.621 23177 23180 D dalvikvm: GC_CONCURRENT freed 356K, 5% free 10594K/11079K, paused 2ms+3ms
06-19 15:56:01.668  7204  7206 D dalvikvm: GC_CONCURRENT freed 484K, 7% free 10755K/11527K, paused 2ms+4ms
06-19 15:56:02.113 23177 23177 D SCollector: aq stopped.
06-19 15:56:02.121 23177 23177 D SCollector: All scanner finished.
06-19 15:56:02.121 23177 23177 D SCollector: F stopped.
06-19 15:56:02.121   140  3898 W ActivityManager: finishReceiver called but no pending broadcasts
06-19 15:56:02.152 23177 23832 D SCollector: PreScanning finished.
06-19 15:56:02.293 23177 23180 D dalvikvm: GC_CONCURRENT freed 398K, 5% free 10629K/11143K, paused 2ms+2ms
06-19 15:56:02.351 23177 23832 D SCollector: PreScanDecision returns false. Will not do real collection.
06-19 15:56:02.351 23177 23832 D SCollector: SignalCollector.ScannerThread is quiting.
06-19 15:56:17.156  7204  8712 I EventLogService: Aggregate from 1340133977056 (log), 1340133977056 (data)
06-19 15:57:05.086  7204  7221 D androidNetworkLocationListeners: Still have listener com.google.android.location.internal.client.NetworkLocationClient$1@41378bd0
06-19 15:57:05.090  7204  7221 D androidNetworkLocationListeners: Still have listener com.google.android.location.internal.client.NetworkLocationClient$1@41378bd0
06-19 15:57:05.609 22272 22272 I PhoneLab-Locks: wake lock acquired
06-19 15:57:05.640 22272 22272 I PhoneLab-StatusMonitor: Status Monitoring is started
06-19 15:57:05.691 22272 22275 D dalvikvm: GC_CONCURRENT freed 394K, 16% free 9351K/11079K, paused 2ms+4ms
06-19 15:57:05.691 22272 22272 I PhoneLab-StatusMonitor: Value: 10 - unit: min
06-19 15:57:05.691 22272 22272 I PhoneLab-StatusMonitor: Running interval: 600000
06-19 15:57:05.703 22272 22272 I PhoneLab-StatusMonitor: Rescheduling status monitoring...
06-19 15:57:05.707 22272 22272 I PhoneLab-Locks: wake lock released
06-19 15:57:05.711 22272 22272 I PhoneLab-StatusMonitorLocation: Learning Location
06-19 15:57:05.711 22272 22272 I PhoneLab-Locks: wake lock acquired
06-19 15:57:05.711 22272 22272 I PhoneLab-Locks: wake lock acquired
06-19 15:57:05.718  7204  7221 D androidNetworkLocationListeners: Still have listener com.google.android.location.internal.client.NetworkLocationClient$1@41378bd0
06-19 15:57:05.718 22272 22272 I PhoneLab-StatusMonitorLocation: Learning Signal Strgth
06-19 15:57:05.718 22272 22272 I PhoneLab-Locks: wake lock acquired
06-19 15:57:05.722 22272 22272 I PhoneLab-StatusMonitorBattery: Battery_level: 73
06-19 15:57:05.722 22272 22272 I PhoneLab-Locks: wake lock released
06-19 15:57:05.722 22272 22272 I PhoneLab-StatusMonitorSignal: Signal_Strength: -96 asu: 9
06-19 15:57:05.722 22272 22272 I PhoneLab-Locks: wake lock released
06-19 15:57:05.726  7204  7221 D androidNetworkLocationListeners: Still have listener com.google.android.location.internal.client.NetworkLocationClient$1@41378bd0
06-19 15:57:06.468 22272 22272 I PhoneLab-StatusMonitorLocation: Location_Latitude: 43.0006237 Longitude: -78.7865672 Accuracy: 52.0
06-19 15:57:06.468  7204  7221 D androidNetworkLocationListeners: Still have listener com.google.android.location.internal.client.NetworkLocationClient$1@41378bd0
06-19 15:57:06.468 22272 22272 I PhoneLab-Locks: wake lock released
06-19 15:57:06.488  7204  7206 D dalvikvm: GC_CONCURRENT freed 559K, 7% free 10761K/11527K, paused 1ms+10ms
06-19 15:57:52.922  7204  7206 D dalvikvm: GC_CONCURRENT freed 491K, 7% free 10755K/11527K, paused 2ms+4ms
06-19 15:58:28.113   211   212 D dalvikvm: GC_CONCURRENT freed 646K, 53% free 9929K/20743K, paused 12ms+3ms
06-19 15:59:23.382  7204  7206 D dalvikvm: GC_CONCURRENT freed 495K, 7% free 10756K/11527K, paused 2ms+4ms
06-19 16:00:48.363 22272 22272 I PhoneLab-Locks: wake lock acquired
06-19 16:00:48.394 22272 23840 I PhoneLab-PeriodicCheckService: User info is synched
06-19 16:00:48.398 22272 23840 I PhoneLab-PeriodicCheckService: Logger Service is running
06-19 16:00:48.398 22272 23840 I PhoneLab-Locks: wake lock acquired
06-19 16:00:48.402 22272 22272 I PhoneLab-UploadLogs: Transfering log files now
06-19 16:00:48.402 22272 22272 I PhoneLab-UploadLogs: No log files to transfer
06-19 16:00:48.402 22272 22272 I PhoneLab-Locks: wake lock released
06-19 16:00:48.402 22272 22272 I PhoneLab-UploadLogs: OnStartCommand
06-19 16:00:48.402 22272 23840 I PhoneLab-PeriodicCheckService: Rescheduling periodic checking...
06-19 16:00:48.406 22272 23840 I PhoneLab-Locks: wake lock released
06-19 16:00:52.246   140   140 D dalvikvm: GC_EXPLICIT freed 1352K, 19% free 17503K/21447K, paused 30ms+9ms
06-19 16:00:53.601  7204  7206 D dalvikvm: GC_CONCURRENT freed 486K, 7% free 10756K/11527K, paused 2ms+4ms
06-19 16:02:22.097  7204  7221 D androidNetworkLocationListeners: Still have listener com.google.android.location.internal.client.NetworkLocationClient$1@41378bd0
06-19 16:02:22.105  7204  7221 D androidNetworkLocationListeners: Still have listener com.google.android.location.internal.client.NetworkLocationClient$1@41378bd0
06-19 16:02:23.449  7204  7206 D dalvikvm: GC_CONCURRENT freed 487K, 7% free 10756K/11527K, paused 2ms+5ms
06-19 16:03:53.578  7204  7206 D dalvikvm: GC_CONCURRENT freed 483K, 7% free 10757K/11527K, paused 2ms+4ms
06-19 16:05:22.136 22272 22285 I PhoneLab-: Service Running
06-19 16:05:22.218 22272 22285 I PhoneLab-LoggerService: app_38    1313  1     1432   988   c00f181c 400107b4 S logcat
06-19 16:05:22.218 22272 22285 I PhoneLab-LoggerService: Logcat pid from database 1313
06-19 16:05:22.218 22272 22285 I PhoneLab-LoggerService: Logcat process found 1313
06-19 16:05:22.218 22272 22285 I PhoneLab-LoggerService: Checking Threshold
06-19 16:05:22.222 22272 22285 I PhoneLab-: Service Running
06-19 16:05:22.250 22272 22285 I PhoneLab-LoggerService: app_38    1313  1     1432   988   c00f181c 400107b4 S logcat
06-19 16:05:22.250 22272 22285 I PhoneLab-LoggerService: Logcat pid from database 1313
06-19 16:05:22.250 22272 22285 I PhoneLab-LoggerService: Logcat process found 1313
06-19 16:05:22.250 22272 22285 I PhoneLab-LoggerService: Checking Threshold
06-19 16:05:22.250 22272 22285 I PhoneLab-: Service Running
06-19 16:05:22.277 22272 22285 I PhoneLab-LoggerService: app_38    1313  1     1432   988   c00f181c 400107b4 S logcat
06-19 16:05:22.277 22272 22285 I PhoneLab-LoggerService: Logcat pid from database 1313
06-19 16:05:22.277 22272 22285 I PhoneLab-LoggerService: Logcat process found 1313
06-19 16:05:22.277 22272 22285 I PhoneLab-LoggerService: Checking Threshold
06-19 16:05:22.277 22272 22285 I PhoneLab-: Service Running
06-19 16:05:22.308 22272 22285 I PhoneLab-LoggerService: app_38    1313  1     1432   988   c00f181c 400107b4 S logcat
06-19 16:05:22.308 22272 22285 I PhoneLab-LoggerService: Logcat pid from database 1313
06-19 16:05:22.308 22272 22285 I PhoneLab-LoggerService: Logcat process found 1313
06-19 16:05:22.308 22272 22285 I PhoneLab-LoggerService: Checking Threshold
06-19 16:05:22.308 22272 22285 I PhoneLab-: Service Running
06-19 16:05:22.336 22272 22285 I PhoneLab-LoggerService: app_38    1313  1     1432   988   c00f181c 400107b4 S logcat
06-19 16:05:22.336 22272 22285 I PhoneLab-LoggerService: Logcat pid from database 1313
06-19 16:05:22.336 22272 22285 I PhoneLab-LoggerService: Logcat process found 1313
06-19 16:05:22.336 22272 22285 I PhoneLab-LoggerService: Checking Threshold
06-19 16:05:23.535  7204  7206 D dalvikvm: GC_CONCURRENT freed 484K, 7% free 10757K/11527K, paused 2ms+4ms
06-19 16:06:52.066 21989 21990 D dalvikvm: GC_CONCURRENT freed 448K, 6% free 9284K/9863K, paused 1ms+2ms
06-19 16:06:53.625  7204  7206 D dalvikvm: GC_CONCURRENT freed 486K, 7% free 10758K/11527K, paused 2ms+3ms
06-19 16:07:06.031 22272 22272 I PhoneLab-Locks: wake lock acquired
06-19 16:07:06.039 22272 22272 I PhoneLab-StatusMonitor: Status Monitoring is started
06-19 16:07:06.121 22272 22275 D dalvikvm: GC_CONCURRENT freed 619K, 17% free 9243K/11079K, paused 2ms+2ms
06-19 16:07:06.148 22272 22272 I PhoneLab-StatusMonitor: Value: 10 - unit: min
06-19 16:07:06.148 22272 22272 I PhoneLab-StatusMonitor: Running interval: 600000
06-19 16:07:06.156 22272 22272 I PhoneLab-StatusMonitor: Rescheduling status monitoring...
06-19 16:07:06.156 22272 22272 I PhoneLab-Locks: wake lock released
06-19 16:07:06.160 22272 22272 I PhoneLab-StatusMonitorLocation: Learning Location
06-19 16:07:06.160 22272 22272 I PhoneLab-Locks: wake lock acquired
06-19 16:07:06.160  7204  7221 D androidNetworkLocationListeners: Still have listener com.google.android.location.internal.client.NetworkLocationClient$1@41378bd0
06-19 16:07:06.164 22272 22272 I PhoneLab-Locks: wake lock acquired
06-19 16:07:06.168 22272 22272 I PhoneLab-StatusMonitorLocation: Learning Signal Strgth
06-19 16:07:06.168 22272 22272 I PhoneLab-Locks: wake lock acquired
06-19 16:07:06.175  7204  7221 D androidNetworkLocationListeners: Still have listener com.google.android.location.internal.client.NetworkLocationClient$1@41378bd0
06-19 16:07:06.175 22272 22272 I PhoneLab-StatusMonitorBattery: Battery_level: 78
06-19 16:07:06.179  7204  7221 D androidNetworkLocationListeners: Still have listener com.google.android.location.internal.client.NetworkLocationClient$1@41378bd0
06-19 16:07:06.179 22272 22272 I PhoneLab-Locks: wake lock released
06-19 16:07:06.183 22272 22272 I PhoneLab-StatusMonitorSignal: Signal_Strength: -96 asu: 9
06-19 16:07:06.183 22272 22272 I PhoneLab-Locks: wake lock released
06-19 16:07:06.191  7204  7221 D androidNetworkLocationListeners: Still have listener com.google.android.location.internal.client.NetworkLocationClient$1@41378bd0
06-19 16:07:07.480 22272 22272 I PhoneLab-StatusMonitorLocation: Location_Latitude: 43.000631 Longitude: -78.7866394 Accuracy: 57.0
06-19 16:07:07.480  7204  7221 D androidNetworkLocationListeners: Still have listener com.google.android.location.internal.client.NetworkLocationClient$1@41378bd0
06-19 16:07:07.480 22272 22272 I PhoneLab-Locks: wake lock released
06-19 16:07:08.863  7204  7206 D dalvikvm: GC_CONCURRENT freed 496K, 7% free 10755K/11527K, paused 2ms+3ms
06-19 16:08:38.894  7204  7206 D dalvikvm: GC_CONCURRENT freed 484K, 7% free 10755K/11527K, paused 2ms+2ms
06-19 16:09:24.359 23177 23180 D dalvikvm: GC_CONCURRENT freed 575K, 7% free 10505K/11207K, paused 2ms+11ms
06-19 16:10:09.429  7204  7206 D dalvikvm: GC_CONCURRENT freed 485K, 7% free 10754K/11527K, paused 2ms+3ms
06-19 16:11:39.504   140   142 D dalvikvm: GC_CONCURRENT freed 1913K, 19% free 17521K/21447K, paused 20ms+9ms
06-19 16:11:39.648  7204  7206 D dalvikvm: GC_CONCURRENT freed 488K, 7% free 10756K/11527K, paused 2ms+4ms
06-19 16:12:22.101  7204  7221 D androidNetworkLocationListeners: Still have listener com.google.android.location.internal.client.NetworkLocationClient$1@41378bd0
06-19 16:12:22.113  7204  7221 D androidNetworkLocationListeners: Still have listener com.google.android.location.internal.client.NetworkLocationClient$1@41378bd0
06-19 16:12:48.472   140   156 V BackupManagerService: Running a backup pass
06-19 16:12:48.492   140   209 V BackupManagerService: Backup requested but nothing pending
06-19 16:13:08.531  7204  7206 D dalvikvm: GC_CONCURRENT freed 489K, 7% free 10754K/11527K, paused 2ms+2ms
06-19 16:14:38.601  7204  7206 D dalvikvm: GC_CONCURRENT freed 489K, 7% free 10756K/11527K, paused 2ms+4ms
06-19 16:16:08.652  7204  7206 D dalvikvm: GC_CONCURRENT freed 484K, 7% free 10756K/11527K, paused 2ms+3ms
06-19 16:17:06.078  7204  7221 D androidNetworkLocationListeners: Still have listener com.google.android.location.internal.client.NetworkLocationClient$1@41378bd0
06-19 16:17:06.089  7204  7221 D androidNetworkLocationListeners: Still have listener com.google.android.location.internal.client.NetworkLocationClient$1@41378bd0
06-19 16:17:06.179 22272 22272 I PhoneLab-Locks: wake lock acquired
06-19 16:17:06.203 22272 22272 I PhoneLab-StatusMonitor: Status Monitoring is started
06-19 16:17:06.238 22272 22275 D dalvikvm: GC_CONCURRENT freed 506K, 17% free 9248K/11079K, paused 1ms+2ms
06-19 16:17:06.261 22272 22272 I PhoneLab-StatusMonitor: Value: 10 - unit: min
06-19 16:17:06.261 22272 22272 I PhoneLab-StatusMonitor: Running interval: 600000
06-19 16:17:06.269 22272 22272 I PhoneLab-StatusMonitor: Rescheduling status monitoring...
06-19 16:17:06.269 22272 22272 I PhoneLab-Locks: wake lock released
06-19 16:17:06.273 22272 22272 I PhoneLab-StatusMonitorLocation: Learning Location
06-19 16:17:06.273 22272 22272 I PhoneLab-Locks: wake lock acquired
06-19 16:17:06.277 22272 22272 I PhoneLab-Locks: wake lock acquired
06-19 16:17:06.277  7204  7221 D androidNetworkLocationListeners: Still have listener com.google.android.location.internal.client.NetworkLocationClient$1@41378bd0
06-19 16:17:06.281 22272 22272 I PhoneLab-StatusMonitorLocation: Learning Signal Strgth
06-19 16:17:06.281 22272 22272 I PhoneLab-Locks: wake lock acquired
06-19 16:17:06.285 22272 22272 I PhoneLab-StatusMonitorBattery: Battery_level: 83
06-19 16:17:06.285 22272 22272 I PhoneLab-Locks: wake lock released
06-19 16:17:06.285 22272 22272 I PhoneLab-StatusMonitorSignal: Signal_Strength: -96 asu: 9
06-19 16:17:06.285 22272 22272 I PhoneLab-Locks: wake lock released
06-19 16:17:06.289  7204  7221 D androidNetworkLocationListeners: Still have listener com.google.android.location.internal.client.NetworkLocationClient$1@41378bd0
06-19 16:17:07.425 22272 22272 I PhoneLab-StatusMonitorLocation: Location_Latitude: 43.0006128 Longitude: -78.7864634 Accuracy: 46.0
06-19 16:17:07.425  7204  7221 D androidNetworkLocationListeners: Still have listener com.google.android.location.internal.client.NetworkLocationClient$1@41378bd0
06-19 16:17:07.429 22272 22272 I PhoneLab-Locks: wake lock released
06-19 16:17:07.468  7204  7206 D dalvikvm: GC_CONCURRENT freed 530K, 7% free 10755K/11527K, paused 2ms+4ms
06-19 16:17:53.879  7204  7206 D dalvikvm: GC_CONCURRENT freed 484K, 7% free 10755K/11527K, paused 2ms+4ms
06-19 16:17:55.578 22196 22197 D dalvikvm: GC_CONCURRENT freed 461K, 6% free 10809K/11399K, paused 26ms+4ms
06-19 16:19:23.890  7204  7206 D dalvikvm: GC_CONCURRENT freed 485K, 7% free 10755K/11527K, paused 2ms+4ms
06-19 16:20:54.410  7204  7206 D dalvikvm: GC_CONCURRENT freed 486K, 7% free 10756K/11527K, paused 2ms+4ms
06-19 16:21:00.062 22272 22285 I PhoneLab-: Service Running
06-19 16:21:00.117 22272 22275 D dalvikvm: GC_CONCURRENT freed 427K, 17% free 9229K/11079K, paused 2ms+3ms
06-19 16:21:00.129 22272 22285 I PhoneLab-LoggerService: app_38    1313  1     1432   988   c00f181c 400107b4 S logcat
06-19 16:21:00.129 22272 22285 I PhoneLab-LoggerService: Logcat pid from database 1313
06-19 16:21:00.129 22272 22285 I PhoneLab-LoggerService: Logcat process found 1313
06-19 16:21:00.129 22272 22285 I PhoneLab-LoggerService: Checking Threshold
06-19 16:21:00.129 22272 22285 I PhoneLab-: Service Running
06-19 16:21:00.171 22272 22285 I PhoneLab-LoggerService: app_38    1313  1     1432   988   c00f181c 400107b4 S logcat
06-19 16:21:00.171 22272 22285 I PhoneLab-LoggerService: Logcat pid from database 1313
06-19 16:21:00.171 22272 22285 I PhoneLab-LoggerService: Logcat process found 1313
06-19 16:21:00.171 22272 22285 I PhoneLab-LoggerService: Checking Threshold
06-19 16:21:00.171 22272 22285 I PhoneLab-: Service Running
06-19 16:21:00.199 22272 22285 I PhoneLab-LoggerService: app_38    1313  1     1432   988   c00f181c 400107b4 S logcat
06-19 16:21:00.199 22272 22285 I PhoneLab-LoggerService: Logcat pid from database 1313
06-19 16:21:00.203 22272 22285 I PhoneLab-LoggerService: Logcat process found 1313
06-19 16:21:00.203 22272 22285 I PhoneLab-LoggerService: Checking Threshold
06-19 16:21:00.203 22272 22285 I PhoneLab-: Service Running
06-19 16:21:00.230 22272 22285 I PhoneLab-LoggerService: app_38    1313  1     1432   988   c00f181c 400107b4 S logcat
06-19 16:21:00.230 22272 22285 I PhoneLab-LoggerService: Logcat pid from database 1313
06-19 16:21:00.230 22272 22285 I PhoneLab-LoggerService: Logcat process found 1313
06-19 16:21:00.230 22272 22285 I PhoneLab-LoggerService: Checking Threshold
06-19 16:21:00.230 22272 22285 I PhoneLab-: Service Running
06-19 16:21:00.257 22272 22285 I PhoneLab-LoggerService: app_38    1313  1     1432   988   c00f181c 400107b4 S logcat
06-19 16:21:00.257 22272 22285 I PhoneLab-LoggerService: Logcat pid from database 1313
06-19 16:21:00.261 22272 22285 I PhoneLab-LoggerService: Logcat process found 1313
06-19 16:21:00.261 22272 22285 I PhoneLab-LoggerService: Checking Threshold
06-19 16:21:00.261 22272 22285 I PhoneLab-: Service Running
06-19 16:21:00.289 22272 22285 I PhoneLab-LoggerService: app_38    1313  1     1432   988   c00f181c 400107b4 S logcat
06-19 16:21:00.289 22272 22285 I PhoneLab-LoggerService: Logcat pid from database 1313
06-19 16:21:00.289 22272 22285 I PhoneLab-LoggerService: Logcat process found 1313
06-19 16:21:00.289 22272 22285 I PhoneLab-LoggerService: Checking Threshold
06-19 16:21:00.289 22272 22285 I PhoneLab-: Service Running
06-19 16:21:00.316 22272 22285 I PhoneLab-LoggerService: app_38    1313  1     1432   988   c00f181c 400107b4 S logcat
06-19 16:21:00.316 22272 22285 I PhoneLab-LoggerService: Logcat pid from database 1313
06-19 16:21:00.316 22272 22285 I PhoneLab-LoggerService: Logcat process found 1313
06-19 16:21:00.316 22272 22285 I PhoneLab-LoggerService: Checking Threshold
06-19 16:21:00.316 22272 22285 I PhoneLab-: Service Running
06-19 16:21:00.343 22272 22285 I PhoneLab-LoggerService: app_38    1313  1     1432   988   c00f181c 400107b4 S logcat
06-19 16:21:00.347 22272 22285 I PhoneLab-LoggerService: Logcat pid from database 1313
06-19 16:21:00.347 22272 22285 I PhoneLab-LoggerService: Logcat process found 1313
06-19 16:21:00.347 22272 22285 I PhoneLab-LoggerService: Checking Threshold
06-19 16:22:17.117  7204  7221 D androidNetworkLocationListeners: Still have listener com.google.android.location.internal.client.NetworkLocationClient$1@41378bd0
06-19 16:22:17.121  7204  7221 D androidNetworkLocationListeners: Still have listener com.google.android.location.internal.client.NetworkLocationClient$1@41378bd0
06-19 16:22:18.465  7204  7206 D dalvikvm: GC_CONCURRENT freed 489K, 7% free 10755K/11527K, paused 2ms+4ms
06-19 16:23:48.558  7204  7206 D dalvikvm: GC_CONCURRENT freed 484K, 7% free 10758K/11527K, paused 2ms+4ms
06-19 16:24:32.375   140   142 D dalvikvm: GC_CONCURRENT freed 1894K, 19% free 17553K/21447K, paused 20ms+9ms
06-19 16:25:18.679 23177 23180 D dalvikvm: GC_CONCURRENT freed 386K, 7% free 10514K/11207K, paused 2ms+11ms
06-19 16:25:18.742  7204  7206 D dalvikvm: GC_CONCURRENT freed 487K, 7% free 10757K/11527K, paused 2ms+3ms
06-19 16:26:17.281  7204  9394 I EventLogService: Aggregate from 1340135777158 (log), 1340135777158 (data)
06-19 16:26:48.726  7204  7206 D dalvikvm: GC_CONCURRENT freed 550K, 7% free 10760K/11527K, paused 2ms+3ms
06-19 16:27:05.093  7204  7221 D androidNetworkLocationListeners: Still have listener com.google.android.location.internal.client.NetworkLocationClient$1@41378bd0
06-19 16:27:05.101  7204  7221 D androidNetworkLocationListeners: Still have listener com.google.android.location.internal.client.NetworkLocationClient$1@41378bd0
06-19 16:27:06.269 22272 22272 I PhoneLab-Locks: wake lock acquired
06-19 16:27:06.308 22272 22272 I PhoneLab-StatusMonitor: Status Monitoring is started
06-19 16:27:06.363 22272 22275 D dalvikvm: GC_CONCURRENT freed 506K, 17% free 9234K/11079K, paused 12ms+2ms
06-19 16:27:06.390 22272 22272 I PhoneLab-StatusMonitor: Value: 10 - unit: min
06-19 16:27:06.390 22272 22272 I PhoneLab-StatusMonitor: Running interval: 600000
06-19 16:27:06.406 22272 22272 I PhoneLab-StatusMonitor: Rescheduling status monitoring...
06-19 16:27:06.410 22272 22272 I PhoneLab-Locks: wake lock released
06-19 16:27:06.414 22272 22272 I PhoneLab-StatusMonitorLocation: Learning Location
06-19 16:27:06.414 22272 22272 I PhoneLab-Locks: wake lock acquired
06-19 16:27:06.421 22272 22275 D dalvikvm: GC_CONCURRENT freed 424K, 17% free 9202K/11079K, paused 2ms+2ms
06-19 16:27:06.425 22272 22272 I PhoneLab-Locks: wake lock acquired
06-19 16:27:06.425 22272 22272 I PhoneLab-StatusMonitorLocation: Learning Signal Strgth
06-19 16:27:06.425 22272 22272 I PhoneLab-Locks: wake lock acquired
06-19 16:27:06.437 22272 22272 I PhoneLab-StatusMonitorBattery: Battery_level: 86
06-19 16:27:06.437  7204  7221 D androidNetworkLocationListeners: Still have listener com.google.android.location.internal.client.NetworkLocationClient$1@41378bd0
06-19 16:27:06.441 22272 22272 I PhoneLab-Locks: wake lock released
06-19 16:27:06.441 22272 22272 I PhoneLab-StatusMonitorSignal: Signal_Strength: -96 asu: 9
06-19 16:27:06.441 22272 22272 I PhoneLab-Locks: wake lock released
06-19 16:27:06.445  7204  7221 D androidNetworkLocationListeners: Still have listener com.google.android.location.internal.client.NetworkLocationClient$1@41378bd0
06-19 16:27:07.722 22272 22272 I PhoneLab-StatusMonitorLocation: Location_Latitude: 43.0006287 Longitude: -78.7866134 Accuracy: 55.0
06-19 16:27:07.722  7204  7221 D androidNetworkLocationListeners: Still have listener com.google.android.location.internal.client.NetworkLocationClient$1@41378bd0
06-19 16:27:07.722 22272 22272 I PhoneLab-Locks: wake lock released
06-19 16:27:09.078  7204  7206 D dalvikvm: GC_CONCURRENT freed 508K, 7% free 10762K/11527K, paused 2ms+10ms
06-19 16:28:39.101  7204  7206 D dalvikvm: GC_CONCURRENT freed 491K, 7% free 10758K/11527K, paused 2ms+3ms
06-19 16:30:09.164  7204  7206 D dalvikvm: GC_CONCURRENT freed 494K, 7% free 10758K/11527K, paused 2ms+3ms
06-19 16:30:48.422 22272 22272 I PhoneLab-Locks: wake lock acquired
06-19 16:30:48.453 22272 23934 I PhoneLab-PeriodicCheckService: User info is synched
06-19 16:30:48.457 22272 23934 I PhoneLab-PeriodicCheckService: Logger Service is running
06-19 16:30:48.457 22272 23934 I PhoneLab-Locks: wake lock acquired
06-19 16:30:48.461 22272 22272 I PhoneLab-UploadLogs: Transfering log files now
06-19 16:30:48.461 22272 22272 I PhoneLab-UploadLogs: No log files to transfer
06-19 16:30:48.461 22272 22272 I PhoneLab-Locks: wake lock released
06-19 16:30:48.461 22272 22272 I PhoneLab-UploadLogs: OnStartCommand
06-19 16:30:48.461 22272 23934 I PhoneLab-PeriodicCheckService: Rescheduling periodic checking...
06-19 16:30:48.465 22272 23934 I PhoneLab-Locks: wake lock released
06-19 16:30:53.113   140   140 D dalvikvm: GC_EXPLICIT freed 1078K, 19% free 17461K/21447K, paused 3ms+8ms
06-19 16:31:39.543  7204  7206 D dalvikvm: GC_CONCURRENT freed 486K, 7% free 10757K/11527K, paused 2ms+3ms
06-19 16:32:13.117   211   212 D dalvikvm: GC_CONCURRENT freed 391K, 53% free 9929K/20743K, paused 2ms+4ms
06-19 16:32:13.121  7204  7221 D androidNetworkLocationListeners: Still have listener com.google.android.location.internal.client.NetworkLocationClient$1@41378bd0
06-19 16:32:13.144  7204  7221 D androidNetworkLocationListeners: Still have listener com.google.android.location.internal.client.NetworkLocationClient$1@41378bd0
06-19 16:32:59.539  7204  7206 D dalvikvm: GC_CONCURRENT freed 491K, 7% free 10757K/11527K, paused 2ms+5ms
06-19 16:34:29.777  7204  7206 D dalvikvm: JIT code cache reset in 6 ms (1048564 bytes 1/0)
06-19 16:34:29.785  7204  7206 D dalvikvm: GC_CONCURRENT freed 487K, 7% free 10759K/11527K, paused 2ms+9ms
06-19 16:35:59.730  7204  7206 D dalvikvm: GC_CONCURRENT freed 485K, 7% free 10757K/11527K, paused 2ms+4ms
06-19 16:37:06.101  7204  7221 D androidNetworkLocationListeners: Still have listener com.google.android.location.internal.client.NetworkLocationClient$1@41378bd0
06-19 16:37:06.105  7204  7221 D androidNetworkLocationListeners: Still have listener com.google.android.location.internal.client.NetworkLocationClient$1@41378bd0
06-19 16:37:06.425 22272 22272 I PhoneLab-Locks: wake lock acquired
06-19 16:37:06.464 22272 22272 I PhoneLab-StatusMonitor: Status Monitoring is started
06-19 16:37:06.531 22272 22275 D dalvikvm: GC_CONCURRENT freed 366K, 16% free 9342K/11079K, paused 1ms+6ms
06-19 16:37:06.535 22272 22272 I PhoneLab-StatusMonitor: Value: 10 - unit: min
06-19 16:37:06.535 22272 22272 I PhoneLab-StatusMonitor: Running interval: 600000
06-19 16:37:06.539 22272 22272 I PhoneLab-StatusMonitor: Rescheduling status monitoring...
06-19 16:37:06.543 22272 22272 I PhoneLab-Locks: wake lock released
06-19 16:37:06.546 22272 22272 I PhoneLab-StatusMonitorLocation: Learning Location
06-19 16:37:06.546 22272 22272 I PhoneLab-Locks: wake lock acquired
06-19 16:37:06.554 22272 22272 I PhoneLab-Locks: wake lock acquired
06-19 16:37:06.558  7204  7221 D androidNetworkLocationListeners: Still have listener com.google.android.location.internal.client.NetworkLocationClient$1@41378bd0
06-19 16:37:06.562 22272 22272 I PhoneLab-StatusMonitorLocation: Learning Signal Strgth
06-19 16:37:06.562 22272 22272 I PhoneLab-Locks: wake lock acquired
06-19 16:37:06.562  7204  7221 D androidNetworkLocationListeners: Still have listener com.google.android.location.internal.client.NetworkLocationClient$1@41378bd0
06-19 16:37:06.566 22272 22272 I PhoneLab-StatusMonitorBattery: Battery_level: 89
06-19 16:37:06.566 22272 22272 I PhoneLab-Locks: wake lock released
06-19 16:37:06.566 22272 22272 I PhoneLab-StatusMonitorSignal: Signal_Strength: -96 asu: 9
06-19 16:37:06.566 22272 22272 I PhoneLab-Locks: wake lock released
06-19 16:37:07.449 22272 22272 I PhoneLab-StatusMonitorLocation: Location_Latitude: 43.0006308 Longitude: -78.7865929 Accuracy: 54.0
06-19 16:37:07.449  7204  7221 D androidNetworkLocationListeners: Still have listener com.google.android.location.internal.client.NetworkLocationClient$1@41378bd0
06-19 16:37:07.453 22272 22272 I PhoneLab-Locks: wake lock released
06-19 16:37:07.476  7204  7206 D dalvikvm: GC_CONCURRENT freed 499K, 7% free 10756K/11527K, paused 2ms+3ms
06-19 16:37:53.879  7204  7206 D dalvikvm: GC_CONCURRENT freed 482K, 7% free 10754K/11527K, paused 2ms+4ms
06-19 16:37:58.191 21865 23965 I Gmail   : MainSyncRequestProto: lowestBkwdConvoId: 0, highestHandledServerOp: 616985, normalSync: true
06-19 16:38:00.304 21865 21867 D dalvikvm: GC_CONCURRENT freed 615K, 11% free 11271K/12551K, paused 2ms+4ms
06-19 16:38:00.433 21865 23965 D dalvikvm: GC_EXPLICIT freed 127K, 11% free 11246K/12551K, paused 2ms+4ms
06-19 16:38:00.437 21865 23965 I Gmail   : MainSyncRequestProto: lowestBkwdConvoId: 0, highestHandledServerOp: 617040, normalSync: true
06-19 16:38:01.121 21865 23965 D dalvikvm: GC_EXPLICIT freed 242K, 11% free 11265K/12551K, paused 2ms+4ms
06-19 16:38:01.125 21865 23965 I Gmail   : MainSyncRequestProto: lowestBkwdConvoId: 0, highestHandledServerOp: 617041, normalSync: true
06-19 16:38:01.136 21865 23965 W Gmail   : Scheduling index for 300000 ms from now
06-19 16:38:01.156 21865 23965 I Gmail   : Sending notification intent: Intent { act=android.intent.action.PROVIDER_CHANGED dat=content://gmail-ls/unread/^i (has extras) }
06-19 16:38:01.203 21865 23970 W Gmail   : Showing notification with unreadCount of 1 and unseenCount of 1
06-19 16:38:01.218 21865 23965 I Gmail   : Sending notification intent: Intent { act=android.intent.action.PROVIDER_CHANGED dat=content://gmail-ls/unread/^iim (has extras) }
06-19 16:38:01.445   140   389 I ActivityManager: Start proc android.process.acore for content provider com.android.providers.contacts/.ContactsProvider2: pid=23971 uid=10000 gids={3003, 1015}
06-19 16:38:01.492 23971 23971 I ActivityThread: Pub call_log: com.android.providers.contacts.CallLogProvider
06-19 16:38:01.539 23971 23971 I ActivityThread: Pub com.android.voicemail: com.android.providers.contacts.VoicemailContentProvider
06-19 16:38:01.543 23971 23971 I ActivityThread: Pub user_dictionary: com.android.providers.userdictionary.UserDictionaryProvider
06-19 16:38:01.597 23971 23971 I ActivityThread: Pub com.android.social: com.android.providers.contacts.SocialProvider
06-19 16:38:01.597 23971 23971 I ActivityThread: Pub applications: com.android.providers.applications.ApplicationsProvider
06-19 16:38:01.621 21865 23984 I Gmail   : MainSyncRequestProto: lowestBkwdConvoId: 0, highestHandledServerOp: 617041, normalSync: true
06-19 16:38:01.703 23971 23973 D dalvikvm: GC_CONCURRENT freed 344K, 5% free 9150K/9607K, paused 6ms+2ms
06-19 16:38:01.730 23971 23971 I ActivityThread: Pub contacts;com.android.contacts: com.android.providers.contacts.ContactsProvider2
06-19 16:38:01.769   140   323 I ActivityManager: Process com.google.android.apps.maps:LocationFriendService (pid 23229) has died.
06-19 16:38:02.183 23971 23973 D dalvikvm: GC_CONCURRENT freed 200K, 4% free 9340K/9671K, paused 2ms+14ms
06-19 16:38:02.195 21865 23984 D dalvikvm: GC_EXPLICIT freed 261K, 10% free 11304K/12551K, paused 9ms+8ms
06-19 16:38:02.211 21865 23984 I Gmail   : MainSyncRequestProto: lowestBkwdConvoId: 0, highestHandledServerOp: 617041, normalSync: true
06-19 16:38:02.308   211   211 D dalvikvm: GC_FOR_ALLOC freed 297K, 52% free 10006K/20743K, paused 19ms
06-19 16:38:02.328 21865 23984 W Gmail   : Scheduling index for 300000 ms from now
06-19 16:38:02.355   211   212 D dalvikvm: GC_CONCURRENT freed 484K, 52% free 9991K/20743K, paused 1ms+3ms
06-19 16:38:02.457   211   212 D dalvikvm: GC_CONCURRENT freed 424K, 52% free 10021K/20743K, paused 1ms+6ms
06-19 16:38:37.570 21865 21865 D OpenGLRenderer: Flushing caches (mode 1)
06-19 16:38:37.671 23971 23973 D dalvikvm: GC_CONCURRENT freed 219K, 4% free 9512K/9863K, paused 1ms+14ms
06-19 16:39:23.683 22272 22285 I PhoneLab-: Service Running
06-19 16:39:23.847 22272 22285 I PhoneLab-LoggerService: app_38    1313  1     1432   988   c00f181c 400107b4 S logcat
06-19 16:39:23.847 22272 22285 I PhoneLab-LoggerService: Logcat pid from database 1313
06-19 16:39:23.847 22272 22285 I PhoneLab-LoggerService: Logcat process found 1313
06-19 16:39:23.847 22272 22285 I PhoneLab-LoggerService: Checking Threshold
06-19 16:39:23.847 22272 22285 I PhoneLab-: Service Running
06-19 16:39:23.875 22272 22285 I PhoneLab-LoggerService: app_38    1313  1     1432   988   c00f181c 400107b4 S logcat
06-19 16:39:23.875 22272 22285 I PhoneLab-LoggerService: Logcat pid from database 1313
06-19 16:39:23.875 22272 22285 I PhoneLab-LoggerService: Logcat process found 1313
06-19 16:39:23.875 22272 22285 I PhoneLab-LoggerService: Checking Threshold
06-19 16:39:23.875 22272 22285 I PhoneLab-: Service Running
06-19 16:39:23.902 22272 22285 I PhoneLab-LoggerService: app_38    1313  1     1432   988   c00f181c 400107b4 S logcat
06-19 16:39:23.902 22272 22285 I PhoneLab-LoggerService: Logcat pid from database 1313
06-19 16:39:23.902 22272 22285 I PhoneLab-LoggerService: Logcat process found 1313
06-19 16:39:23.906 22272 22285 I PhoneLab-LoggerService: Checking Threshold
06-19 16:39:23.906 22272 22285 I PhoneLab-: Service Running
06-19 16:39:23.933 22272 22285 I PhoneLab-LoggerService: app_38    1313  1     1432   988   c00f181c 400107b4 S logcat
06-19 16:39:23.933 22272 22285 I PhoneLab-LoggerService: Logcat pid from database 1313
06-19 16:39:23.933 22272 22285 I PhoneLab-LoggerService: Logcat process found 1313
06-19 16:39:23.933 22272 22285 I PhoneLab-LoggerService: Checking Threshold
06-19 16:39:23.933 22272 22285 I PhoneLab-: Service Running
06-19 16:39:23.961 22272 22285 I PhoneLab-LoggerService: app_38    1313  1     1432   988   c00f181c 400107b4 S logcat
06-19 16:39:23.961 22272 22285 I PhoneLab-LoggerService: Logcat pid from database 1313
06-19 16:39:23.961 22272 22285 I PhoneLab-LoggerService: Logcat process found 1313
06-19 16:39:23.961 22272 22285 I PhoneLab-LoggerService: Checking Threshold
06-19 16:39:23.961 22272 22285 I PhoneLab-: Service Running
06-19 16:39:23.988 22272 22285 I PhoneLab-LoggerService: app_38    1313  1     1432   988   c00f181c 400107b4 S logcat
06-19 16:39:23.988 22272 22285 I PhoneLab-LoggerService: Logcat pid from database 1313
06-19 16:39:23.992 22272 22285 I PhoneLab-LoggerService: Logcat process found 1313
06-19 16:39:23.992 22272 22285 I PhoneLab-LoggerService: Checking Threshold
06-19 16:39:23.992 22272 22285 I PhoneLab-: Service Running
06-19 16:39:24.031 22272 22275 D dalvikvm: GC_CONCURRENT freed 517K, 17% free 9237K/11079K, paused 2ms+2ms
06-19 16:39:24.039 22272 22285 I PhoneLab-LoggerService: app_38    1313  1     1432   988   c00f181c 400107b4 S logcat
06-19 16:39:24.039 22272 22285 I PhoneLab-LoggerService: Logcat pid from database 1313
06-19 16:39:24.043 22272 22285 I PhoneLab-LoggerService: Logcat process found 1313
06-19 16:39:24.043 22272 22285 I PhoneLab-LoggerService: Checking Threshold
06-19 16:39:24.043 22272 22285 I PhoneLab-: Service Running
06-19 16:39:24.074 22272 22285 I PhoneLab-LoggerService: app_38    1313  1     1432   988   c00f181c 400107b4 S logcat
06-19 16:39:24.074 22272 22285 I PhoneLab-LoggerService: Logcat pid from database 1313
06-19 16:39:24.074 22272 22285 I PhoneLab-LoggerService: Logcat process found 1313
06-19 16:39:24.074 22272 22285 I PhoneLab-LoggerService: Checking Threshold
06-19 16:39:24.074 22272 22285 I PhoneLab-: Service Running
06-19 16:39:24.101 22272 22285 I PhoneLab-LoggerService: app_38    1313  1     1432   988   c00f181c 400107b4 S logcat
06-19 16:39:24.101 22272 22285 I PhoneLab-LoggerService: Logcat pid from database 1313
06-19 16:39:24.101 22272 22285 I PhoneLab-LoggerService: Logcat process found 1313
06-19 16:39:24.101 22272 22285 I PhoneLab-LoggerService: Checking Threshold
06-19 16:39:24.379  7204  7206 D dalvikvm: GC_CONCURRENT freed 528K, 7% free 10767K/11527K, paused 2ms+3ms
06-19 16:40:07.109 21865 21865 D OpenGLRenderer: Flushing caches (mode 1)
06-19 16:40:07.183   140   142 D dalvikvm: GC_CONCURRENT freed 1818K, 19% free 17585K/21447K, paused 10ms+8ms
06-19 16:40:09.414 23177 23180 D dalvikvm: GC_CONCURRENT freed 394K, 7% free 10514K/11207K, paused 2ms+12ms
06-19 16:40:54.457  7204  7206 D dalvikvm: GC_CONCURRENT freed 492K, 7% free 10755K/11527K, paused 2ms+4ms
06-19 16:41:39.535  8973  8975 D dalvikvm: GC_CONCURRENT freed 384K, 8% free 9694K/10503K, paused 2ms+2ms
06-19 16:42:22.043  7204  7221 D androidNetworkLocationListeners: Still have listener com.google.android.location.internal.client.NetworkLocationClient$1@41378bd0
06-19 16:42:22.050  7204  7221 D androidNetworkLocationListeners: Still have listener com.google.android.location.internal.client.NetworkLocationClient$1@41378bd0
06-19 16:42:23.402  7204  7206 D dalvikvm: GC_CONCURRENT freed 488K, 7% free 10753K/11527K, paused 2ms+4ms
06-19 16:43:53.496  7204  7206 D dalvikvm: GC_CONCURRENT freed 482K, 7% free 10755K/11527K, paused 2ms+2ms
06-19 16:45:23.554  7204  7206 D dalvikvm: GC_CONCURRENT freed 482K, 7% free 10754K/11527K, paused 2ms+4ms
06-19 16:46:40.109 22492 22492 V SmsReceiverService: onStart: #1 mResultCode: -1 = Activity.RESULT_OK
06-19 16:46:40.961   211   212 D dalvikvm: GC_CONCURRENT freed 175K, 51% free 10232K/20743K, paused 2ms+5ms
06-19 16:46:41.027   211   212 D dalvikvm: GC_CONCURRENT freed 349K, 51% free 10361K/20743K, paused 1ms+3ms
06-19 16:46:41.132   211   212 D dalvikvm: GC_CONCURRENT freed 488K, 51% free 10292K/20743K, paused 2ms+4ms
06-19 16:46:42.504   140  2552 D AlarmManagerService: Kernel timezone updated to 240 minutes west of GMT
06-19 16:46:42.504   337   337 D SystemClock: Setting time of day to sec=1340138803
06-19 16:46:43.167   140   140 I ActivityManager: Start proc com.android.deskclock for broadcast com.android.deskclock/.AlarmInitReceiver: pid=24021 uid=10011 gids={}
06-19 16:46:43.202    79    79 D dalvikvm: GC_EXPLICIT freed 37K, 4% free 9031K/9347K, paused 1ms+3ms
06-19 16:46:43.253    79    79 D dalvikvm: GC_EXPLICIT freed <1K, 4% free 9031K/9347K, paused 2ms+6ms
06-19 16:46:43.288    79    79 D dalvikvm: GC_EXPLICIT freed <1K, 4% free 9031K/9347K, paused 2ms+2ms
06-19 16:46:43.331 24021 24021 I ActivityThread: Pub com.android.deskclock: com.android.deskclock.AlarmProvider
06-19 16:46:43.417 24021 24034 V AlarmClock: AlarmInitReceiver finished
06-19 16:46:43.432 23732 23734 D dalvikvm: GC_CONCURRENT freed 305K, 5% free 9171K/9607K, paused 24ms+21ms
06-19 16:46:43.526   140   312 D dalvikvm: JIT code cache reset in 4 ms (1048408 bytes 20/1)
06-19 16:46:43.549   140   312 D dalvikvm: GC_EXPLICIT freed 1237K, 19% free 17528K/21447K, paused 3ms+12ms
06-19 16:46:53.097   337   339 D dalvikvm: GC_CONCURRENT freed 1033K, 10% free 12217K/13511K, paused 3ms+3ms
06-19 16:46:54.410  7204  7206 D dalvikvm: GC_CONCURRENT freed 532K, 7% free 10757K/11527K, paused 2ms+5ms
06-19 16:47:06.039  7204  7221 D androidNetworkLocationListeners: Still have listener com.google.android.location.internal.client.NetworkLocationClient$1@41378bd0
06-19 16:47:06.109  7204  7221 D androidNetworkLocationListeners: Still have listener com.google.android.location.internal.client.NetworkLocationClient$1@41378bd0
06-19 16:47:07.117 22272 22272 I PhoneLab-Locks: wake lock acquired
06-19 16:47:07.144 22272 22272 I PhoneLab-StatusMonitor: Status Monitoring is started
06-19 16:47:07.218 22272 22275 D dalvikvm: GC_CONCURRENT freed 484K, 17% free 9264K/11079K, paused 3ms+2ms
06-19 16:47:07.246 22272 22272 I PhoneLab-StatusMonitor: Value: 10 - unit: min
06-19 16:47:07.246 22272 22272 I PhoneLab-StatusMonitor: Running interval: 600000
06-19 16:47:07.269 22272 22272 I PhoneLab-StatusMonitor: Rescheduling status monitoring...
06-19 16:47:07.269 22272 22272 I PhoneLab-Locks: wake lock released
06-19 16:47:07.277 22272 22272 I PhoneLab-StatusMonitorLocation: Learning Location
06-19 16:47:07.277 22272 22272 I PhoneLab-Locks: wake lock acquired
06-19 16:47:07.281 22272 22272 I PhoneLab-Locks: wake lock acquired
06-19 16:47:07.289 22272 22272 I PhoneLab-StatusMonitorLocation: Learning Signal Strgth
06-19 16:47:07.289 22272 22272 I PhoneLab-Locks: wake lock acquired
06-19 16:47:07.293  7204  7221 D androidNetworkLocationListeners: Still have listener com.google.android.location.internal.client.NetworkLocationClient$1@41378bd0
06-19 16:47:07.293 22272 22272 I PhoneLab-StatusMonitorBattery: Battery_level: 91
06-19 16:47:07.296  7204  7221 D androidNetworkLocationListeners: Still have listener com.google.android.location.internal.client.NetworkLocationClient$1@41378bd0
06-19 16:47:07.296 22272 22272 I PhoneLab-Locks: wake lock released
06-19 16:47:07.296 22272 22272 I PhoneLab-StatusMonitorSignal: Signal_Strength: -96 asu: 9
06-19 16:47:07.296 22272 22272 I PhoneLab-Locks: wake lock released
06-19 16:47:08.629 22272 22272 I PhoneLab-StatusMonitorLocation: Location_Latitude: 43.0006275 Longitude: -78.7865912 Accuracy: 54.0
06-19 16:47:08.632  7204  7221 D androidNetworkLocationListeners: Still have listener com.google.android.location.internal.client.NetworkLocationClient$1@41378bd0
06-19 16:47:08.636 22272 22272 I PhoneLab-Locks: wake lock released
06-19 16:47:10.011  7204  7206 D dalvikvm: GC_CONCURRENT freed 508K, 7% free 10763K/11527K, paused 2ms+3ms
06-19 16:48:40.402  7204  7206 D dalvikvm: GC_CONCURRENT freed 493K, 7% free 10758K/11527K, paused 2ms+3ms
06-19 16:50:10.531  7204  7206 D dalvikvm: GC_CONCURRENT freed 485K, 7% free 10757K/11527K, paused 2ms+3ms
06-19 16:51:40.554  7204  7206 D dalvikvm: GC_CONCURRENT freed 486K, 7% free 10758K/11527K, paused 2ms+3ms
06-19 16:51:42.222   140   152 D AlarmManagerService: Kernel timezone updated to 240 minutes west of GMT
06-19 16:52:18.117  7204  7221 D androidNetworkLocationListeners: Still have listener com.google.android.location.internal.client.NetworkLocationClient$1@41378bd0
06-19 16:52:18.125  7204  7221 D androidNetworkLocationListeners: Still have listener com.google.android.location.internal.client.NetworkLocationClient$1@41378bd0
06-19 16:52:20.328 22272 22285 I PhoneLab-: Service Running
06-19 16:52:22.082 22272 22285 I PhoneLab-LoggerService: app_38    1313  1     1432   988   c00f181c 400107b4 S logcat
06-19 16:52:22.082 22272 22285 I PhoneLab-LoggerService: Logcat pid from database 1313
06-19 16:52:22.082 22272 22285 I PhoneLab-LoggerService: Logcat process found 1313
06-19 16:52:22.082 22272 22285 I PhoneLab-LoggerService: Checking Threshold
06-19 16:52:22.082 22272 22285 I PhoneLab-: Service Running
06-19 16:52:22.109 22272 22285 I PhoneLab-LoggerService: app_38    1313  1     1432   988   c00f181c 400107b4 S logcat
06-19 16:52:22.109 22272 22285 I PhoneLab-LoggerService: Logcat pid from database 1313
06-19 16:52:22.109 22272 22285 I PhoneLab-LoggerService: Logcat process found 1313
06-19 16:52:22.109 22272 22285 I PhoneLab-LoggerService: Checking Threshold
06-19 16:52:22.113 22272 22285 I PhoneLab-: Service Running
06-19 16:52:22.140 22272 22285 I PhoneLab-LoggerService: app_38    1313  1     1432   988   c00f181c 400107b4 S logcat
06-19 16:52:22.140 22272 22285 I PhoneLab-LoggerService: Logcat pid from database 1313
06-19 16:52:22.140 22272 22285 I PhoneLab-LoggerService: Logcat process found 1313
06-19 16:52:22.140 22272 22285 I PhoneLab-LoggerService: Checking Threshold
06-19 16:52:22.140 22272 22285 I PhoneLab-: Service Running
06-19 16:52:22.168 22272 22285 I PhoneLab-LoggerService: app_38    1313  1     1432   988   c00f181c 400107b4 S logcat
06-19 16:52:22.168 22272 22285 I PhoneLab-LoggerService: Logcat pid from database 1313
06-19 16:52:22.168 22272 22285 I PhoneLab-LoggerService: Logcat process found 1313
06-19 16:52:22.168 22272 22285 I PhoneLab-LoggerService: Checking Threshold
06-19 16:52:22.168 22272 22285 I PhoneLab-: Service Running
06-19 16:52:22.211 22272 22285 I PhoneLab-LoggerService: app_38    1313  1     1432   988   c00f181c 400107b4 S logcat
06-19 16:52:22.211 22272 22285 I PhoneLab-LoggerService: Logcat pid from database 1313
06-19 16:52:22.211 22272 22285 I PhoneLab-LoggerService: Logcat process found 1313
06-19 16:52:22.211 22272 22285 I PhoneLab-LoggerService: Checking Threshold
06-19 16:52:22.211 22272 22285 I PhoneLab-: Service Running
06-19 16:52:22.222 22272 22275 D dalvikvm: GC_CONCURRENT freed 431K, 17% free 9239K/11079K, paused 2ms+5ms
06-19 16:52:22.246   140   323 I ActivityManager: Process com.google.android.apps.maps:FriendService (pid 23216) has died.
06-19 16:52:22.289 22272 22285 I PhoneLab-LoggerService: app_38    1313  1     1432   988   c00f181c 400107b4 S logcat
06-19 16:52:22.289 22272 22285 I PhoneLab-LoggerService: Logcat pid from database 1313
06-19 16:52:22.289 22272 22285 I PhoneLab-LoggerService: Logcat process found 1313
06-19 16:52:22.289 22272 22285 I PhoneLab-LoggerService: Checking Threshold
06-19 16:53:04.531  7204  7206 D dalvikvm: GC_CONCURRENT freed 498K, 7% free 10757K/11527K, paused 2ms+4ms
06-19 16:54:34.590 23177 23180 D dalvikvm: GC_CONCURRENT freed 404K, 7% free 10503K/11207K, paused 2ms+15ms
06-19 16:54:34.652  7204  7206 D dalvikvm: GC_CONCURRENT freed 485K, 7% free 10758K/11527K, paused 2ms+2ms
06-19 16:55:19.593 23177 23187 I dalvikvm: Total arena pages for JIT: 18
06-19 16:55:19.644 23177 23215 D dalvikvm: GC_FOR_ALLOC freed 234K, 7% free 10432K/11207K, paused 35ms
06-19 16:56:03.129   211   212 D dalvikvm: GC_CONCURRENT freed 257K, 50% free 10421K/20743K, paused 8ms+3ms
06-19 16:56:03.199   140   142 D dalvikvm: GC_CONCURRENT freed 1860K, 18% free 17604K/21447K, paused 2ms+8ms
06-19 16:56:03.238 21865 24073 W Gmail   : Successful index run, cancel next scheduled index run
06-19 16:56:04.621  7204  7206 D dalvikvm: GC_CONCURRENT freed 489K, 7% free 10759K/11527K, paused 2ms+3ms
06-19 16:56:17.410  7204  9605 I EventLogService: Aggregate from 1340137577284 (log), 1340137577284 (data)
06-19 16:57:07.109  7204  7221 D androidNetworkLocationListeners: Still have listener com.google.android.location.internal.client.NetworkLocationClient$1@41378bd0
06-19 16:57:07.117  7204  7221 D androidNetworkLocationListeners: Still have listener com.google.android.location.internal.client.NetworkLocationClient$1@41378bd0
06-19 16:57:07.269 22272 22272 I PhoneLab-Locks: wake lock acquired
06-19 16:57:07.297 22272 22272 I PhoneLab-StatusMonitor: Status Monitoring is started
06-19 16:57:07.367 22272 22275 D dalvikvm: GC_CONCURRENT freed 428K, 16% free 9318K/11079K, paused 2ms+7ms
06-19 16:57:07.371 22272 22272 I PhoneLab-StatusMonitor: Value: 10 - unit: min
06-19 16:57:07.371 22272 22272 I PhoneLab-StatusMonitor: Running interval: 600000
06-19 16:57:07.375 22272 22272 I PhoneLab-StatusMonitor: Rescheduling status monitoring...
06-19 16:57:07.379 22272 22272 I PhoneLab-Locks: wake lock released
06-19 16:57:07.382 22272 22272 I PhoneLab-StatusMonitorLocation: Learning Location
06-19 16:57:07.382 22272 22272 I PhoneLab-Locks: wake lock acquired
06-19 16:57:07.390 22272 22272 I PhoneLab-Locks: wake lock acquired
06-19 16:57:07.390  7204  7221 D androidNetworkLocationListeners: Still have listener com.google.android.location.internal.client.NetworkLocationClient$1@41378bd0
06-19 16:57:07.394 22272 22272 I PhoneLab-StatusMonitorLocation: Learning Signal Strgth
06-19 16:57:07.394 22272 22272 I PhoneLab-Locks: wake lock acquired
06-19 16:57:07.398 22272 22272 I PhoneLab-StatusMonitorBattery: Battery_level: 92
06-19 16:57:07.398 22272 22272 I PhoneLab-Locks: wake lock released
06-19 16:57:07.402 22272 22272 I PhoneLab-StatusMonitorSignal: Signal_Strength: -96 asu: 9
06-19 16:57:07.402 22272 22272 I PhoneLab-Locks: wake lock released
06-19 16:57:07.402  7204  7221 D androidNetworkLocationListeners: Still have listener com.google.android.location.internal.client.NetworkLocationClient$1@41378bd0
06-19 16:57:08.465  7204  7221 D androidNetworkLocationListeners: Still have listener com.google.android.location.internal.client.NetworkLocationClient$1@41378bd0
06-19 16:57:08.465 22272 22272 I PhoneLab-StatusMonitorLocation: Location_Latitude: 43.0006307 Longitude: -78.7865715 Accuracy: 53.0
06-19 16:57:08.468 22272 22272 I PhoneLab-Locks: wake lock released
06-19 16:57:08.484  7204  7206 D dalvikvm: GC_CONCURRENT freed 562K, 7% free 10763K/11527K, paused 2ms+4ms
06-19 16:57:54.929  7204  7206 D dalvikvm: GC_CONCURRENT freed 489K, 7% free 10756K/11527K, paused 2ms+3ms
06-19 16:58:38.820 22272 22285 I PhoneLab-: Service Running
06-19 16:58:38.890 22272 22285 I PhoneLab-LoggerService: app_38    1313  1     1432   988   c00f181c 400107b4 S logcat
06-19 16:58:38.890 22272 22285 I PhoneLab-LoggerService: Logcat pid from database 1313
06-19 16:58:38.890 22272 22285 I PhoneLab-LoggerService: Logcat process found 1313
06-19 16:58:38.890 22272 22285 I PhoneLab-LoggerService: Checking Threshold
06-19 16:58:38.890 22272 22285 I PhoneLab-: Service Running
06-19 16:58:38.918 22272 22285 I PhoneLab-LoggerService: app_38    1313  1     1432   988   c00f181c 400107b4 S logcat
06-19 16:58:38.918 22272 22285 I PhoneLab-LoggerService: Logcat pid from database 1313
06-19 16:58:38.922 22272 22285 I PhoneLab-LoggerService: Logcat process found 1313
06-19 16:58:38.922 22272 22285 I PhoneLab-LoggerService: Checking Threshold
06-19 16:58:38.922 22272 22285 I PhoneLab-: Service Running
06-19 16:58:38.949 22272 22285 I PhoneLab-LoggerService: app_38    1313  1     1432   988   c00f181c 400107b4 S logcat
06-19 16:58:38.949 22272 22285 I PhoneLab-LoggerService: Logcat pid from database 1313
06-19 16:58:38.949 22272 22285 I PhoneLab-LoggerService: Logcat process found 1313
06-19 16:58:38.949 22272 22285 I PhoneLab-LoggerService: Checking Threshold
06-19 16:59:23.101 21989 21990 D dalvikvm: GC_CONCURRENT freed 445K, 6% free 9284K/9863K, paused 1ms+2ms
06-19 16:59:24.941  7204  7206 D dalvikvm: GC_CONCURRENT freed 485K, 7% free 10756K/11527K, paused 2ms+3ms
06-19 17:00:08.293 21865 24084 I Gmail   : MainSyncRequestProto: lowestBkwdConvoId: 0, highestHandledServerOp: 617041, normalSync: true
06-19 17:00:09.640 21865 21867 D dalvikvm: GC_CONCURRENT freed 637K, 10% free 11334K/12551K, paused 7ms+7ms
06-19 17:00:10.296 21865 24084 D dalvikvm: GC_EXPLICIT freed 410K, 11% free 11278K/12551K, paused 2ms+5ms
06-19 17:00:10.300 21865 24084 I Gmail   : MainSyncRequestProto: lowestBkwdConvoId: 0, highestHandledServerOp: 617073, normalSync: true
06-19 17:00:10.312 21865 24084 W Gmail   : Scheduling index for 300000 ms from now
06-19 17:00:10.629 21865 24084 I Gmail   : Sending notification intent: Intent { act=android.intent.action.PROVIDER_CHANGED dat=content://gmail-ls/unread/^i (has extras) }
06-19 17:00:10.687 21865 24084 I Gmail   : Sending notification intent: Intent { act=android.intent.action.PROVIDER_CHANGED dat=content://gmail-ls/unread/^iim (has extras) }
06-19 17:00:10.765   211   212 D dalvikvm: GC_CONCURRENT freed 441K, 50% free 10517K/20743K, paused 2ms+4ms
06-19 17:00:10.836 21865 24090 I Gmail   : MainSyncRequestProto: lowestBkwdConvoId: 0, highestHandledServerOp: 617073, normalSync: true
06-19 17:00:10.879   211   212 D dalvikvm: GC_CONCURRENT freed 689K, 51% free 10252K/20743K, paused 1ms+3ms
06-19 17:00:11.453 21865 24090 D dalvikvm: GC_EXPLICIT freed 187K, 11% free 11285K/12551K, paused 6ms+5ms
06-19 17:00:11.457 21865 24090 I Gmail   : MainSyncRequestProto: lowestBkwdConvoId: 0, highestHandledServerOp: 617074, normalSync: true
06-19 17:00:11.472 21865 24090 W Gmail   : Scheduling index for 300000 ms from now
06-19 17:00:49.011 22272 22272 I PhoneLab-Locks: wake lock acquired
06-19 17:00:49.050 22272 24091 I PhoneLab-PeriodicCheckService: User info is synched
06-19 17:00:49.050 22272 24091 I PhoneLab-PeriodicCheckService: Logger Service is running
06-19 17:00:49.054 22272 24091 I PhoneLab-Locks: wake lock acquired
06-19 17:00:49.054 22272 22272 I PhoneLab-UploadLogs: Transfering log files now
06-19 17:00:49.054 22272 22272 I PhoneLab-UploadLogs: No log files to transfer
06-19 17:00:49.054 22272 22272 I PhoneLab-Locks: wake lock released
06-19 17:00:49.058 22272 22272 I PhoneLab-UploadLogs: OnStartCommand
06-19 17:00:49.058 22272 24091 I PhoneLab-PeriodicCheckService: Rescheduling periodic checking...
06-19 17:00:49.058 22272 24091 I PhoneLab-Locks: wake lock released
06-19 17:00:49.101 21865 21865 D OpenGLRenderer: Flushing caches (mode 1)
06-19 17:00:55.386  7204  7206 D dalvikvm: GC_CONCURRENT freed 534K, 7% free 10771K/11527K, paused 2ms+3ms
06-19 17:00:58.855 21865 21865 D OpenGLRenderer: Flushing caches (mode 1)
06-19 17:01:03.078 22272 22285 I PhoneLab-: Service Running
06-19 17:01:03.109 22272 22285 I PhoneLab-LoggerService: app_38    1313  1     1432   988   c00f181c 400107b4 S logcat
06-19 17:01:03.109 22272 22285 I PhoneLab-LoggerService: Logcat pid from database 1313
06-19 17:01:03.113 22272 22285 I PhoneLab-LoggerService: Logcat process found 1313
06-19 17:01:03.113 22272 22285 I PhoneLab-LoggerService: Checking Threshold
06-19 17:01:03.113 22272 22285 I PhoneLab-: Service Running
06-19 17:01:03.140 22272 22285 I PhoneLab-LoggerService: app_38    1313  1     1432   988   c00f181c 400107b4 S logcat
06-19 17:01:03.140 22272 22285 I PhoneLab-LoggerService: Logcat pid from database 1313
06-19 17:01:03.140 22272 22285 I PhoneLab-LoggerService: Logcat process found 1313
06-19 17:01:03.140 22272 22285 I PhoneLab-LoggerService: Checking Threshold
06-19 17:02:03.242   140   156 I power   : *** set_screen_state 1
06-19 17:02:03.250 22272 22272 I PhoneLab-PowerOnReceiver: Power is plugged off!
06-19 17:02:03.324 22272 22275 D dalvikvm: GC_CONCURRENT freed 599K, 17% free 9230K/11079K, paused 6ms+3ms
06-19 17:02:03.347   140   172 I WindowManager: Lock screen displayed!
06-19 17:02:03.433    78   118 D SurfaceFlinger: Screen about to return, flinger = 0x14f1918
06-19 17:02:03.539  7204  7221 D androidNetworkLocationListeners: Still have listener com.google.android.location.internal.client.NetworkLocationClient$1@41378bd0
06-19 17:02:03.605  7204  7221 D androidNetworkLocationListeners: Still have listener com.google.android.location.internal.client.NetworkLocationClient$1@41378bd0
06-19 17:02:03.656 16269 16269 D dalvikvm: GC_EXPLICIT freed 135K, 3% free 9269K/9479K, paused 1ms+2ms
06-19 17:02:03.695  8973 24116 I ControllerImpl: GET:http://wxdata.weather.com/wxdata/loc/get.js?lat=43.0006368&lng=-78.786646&locale=en_US&key=e88d42ec-a740-102c-bafd-001321203584
06-19 17:02:03.695  8973 24116 I DAL     : GET:http://wxdata.weather.com/wxdata/loc/get.js?lat=43.0006368&lng=-78.786646&locale=en_US&key=e88d42ec-a740-102c-bafd-001321203584
06-19 17:02:04.308  8973  8973 D WeatherGadgetService: WeatherGadetService.getWeatherData:Buffalo, NY (14228), **FOLLOW_ME**
06-19 17:02:04.308  8973  8973 D DAL     : WeatherDataConnection request:Buffalo, NY (14228), CC
06-19 17:02:04.316  8973  8973 D DAL     : WeatherDataConnection request:Buffalo, NY (14228), WA
06-19 17:02:04.343  8973 24118 D DAL     : hhh onRemoval: cause:EXPIRED, Buffalo, NY (14228)
06-19 17:02:04.343  8973 24118 D DAL     : FILE MEMCACHE-MISS:Buffalo, NY (14228)
06-19 17:02:04.347  8973 24118 D DAL     : hhh onRemoval: cause:EXPIRED, http://wxdata.weather.com/wxdata/mobile/mobagg/14228.js?locale=en_US&key=e88d42ec-a740-102c-bafd-001321203584
06-19 17:02:04.347  8973 24118 D DAL     : FILE MEMCACHE-MISS:http://wxdata.weather.com/wxdata/mobile/mobagg/14228.js?locale=en_US&key=e88d42ec-a740-102c-bafd-001321203584
06-19 17:02:04.347  8973 24118 I ControllerImpl: GET:http://wxdata.weather.com/wxdata/mobile/mobagg/14228.js?locale=en_US&key=e88d42ec-a740-102c-bafd-001321203584
06-19 17:02:04.347  8973 24119 D DAL     : hhh onRemoval: cause:EXPIRED, Buffalo, NY (14228)
06-19 17:02:04.347  8973 24118 I DAL     : GET:http://wxdata.weather.com/wxdata/mobile/mobagg/14228.js?locale=en_US&key=e88d42ec-a740-102c-bafd-001321203584
06-19 17:02:04.351  8973 24119 D DAL     : FILE MEMCACHE-MISS:Buffalo, NY (14228)
06-19 17:02:04.949  7204  7221 D androidNetworkLocationListeners: Still have listener com.google.android.location.internal.client.NetworkLocationClient$1@41378bd0
06-19 17:02:04.964  8973 24120 I ControllerImpl: GET:http://wxdata.weather.com/wxdata/loc/get.js?lat=43.0006408&lng=-78.7867123&locale=en_US&key=e88d42ec-a740-102c-bafd-001321203584
06-19 17:02:04.964  8973 24120 I DAL     : GET:http://wxdata.weather.com/wxdata/loc/get.js?lat=43.0006408&lng=-78.7867123&locale=en_US&key=e88d42ec-a740-102c-bafd-001321203584
06-19 17:02:04.972  7204  7206 D dalvikvm: GC_CONCURRENT freed 506K, 7% free 10759K/11527K, paused 2ms+7ms
06-19 17:02:05.125  7204  7221 D androidNetworkLocationListeners: Still have listener com.google.android.location.internal.client.NetworkLocationClient$1@41378bd0
06-19 17:02:05.132  7204  7221 D androidNetworkLocationListeners: Still have listener com.google.android.location.internal.client.NetworkLocationClient$1@41378bd0
06-19 17:02:05.168  8973  8975 D dalvikvm: GC_CONCURRENT freed 370K, 7% free 9819K/10503K, paused 6ms+2ms
06-19 17:02:05.183  8973 24118 D DAL     : Deleting old file:22335545-AGG-http+wxdata+weather+com+wxdata+mobile+mobagg+14228+js+locale+en_US+key+e88d42ec-a740-102c-bafd-001321203584
06-19 17:02:05.203  8973 24119 D DAL     : Deleting old file:22335545-DISCRETE_WA-Buffalo+NY+(14228)
06-19 17:02:05.222  8973 24118 D dalvikvm: GC_FOR_ALLOC freed 300K, 8% free 9707K/10503K, paused 17ms
06-19 17:02:05.242  8973 24118 D DAL     : Deleting old file:22335545-DISCRETE_CC-Buffalo+NY+(14228)
06-19 17:02:06.015  8973  8973 D WeatherGadgetService: WeatherGadetService.getWeatherData:Buffalo, NY (14228), **FOLLOW_ME**
06-19 17:02:06.023  8973  8973 D DAL     : WeatherDataConnection request:Buffalo, NY (14228), CC
06-19 17:02:06.027  8973  8973 D DAL     : WeatherDataConnection request:Buffalo, NY (14228), WA
06-19 17:02:06.144    84    84 I keystore: uid: 1000 action: p -> 1 state: 1 -> 1 retry: 4
06-19 17:02:06.195 22546 22988 D NfcService: NFC-C ON
06-19 17:02:06.211   211   211 D PhoneStatusBar: disable: < expand* icons alerts ticker* system_info BACK HOME recent* CLOCK >
06-19 17:02:06.234   211   211 D PhoneStatusBar: disable: < expand icons alerts ticker system_info back* home* recent clock* >
06-19 17:02:06.238   211   211 V PhoneStatusBar: setLightsOn(true)
06-19 17:02:06.269   140  1187 W InputManagerService: Window already focused, ignoring focus gain of: com.android.internal.view.IInputMethodClient$Stub$Proxy@417714f8
06-19 17:02:06.418   140   142 D dalvikvm: GC_CONCURRENT freed 2115K, 19% free 17464K/21447K, paused 7ms+21ms
06-19 17:02:06.457   315   317 D dalvikvm: GC_CONCURRENT freed 422K, 20% free 10459K/12935K, paused 2ms+7ms
06-19 17:02:06.511  8973  8973 D WeatherGadgetService: WeatherGadetService.getWeatherData:Buffalo, NY (14228), **FOLLOW_ME**
06-19 17:02:06.511  8973  8973 D DAL     : WeatherDataConnection request:Buffalo, NY (14228), CC
06-19 17:02:06.511  8973  8973 D DAL     : WeatherDataConnection request:Buffalo, NY (14228), WA
06-19 17:02:06.613  7204  7221 D androidNetworkLocationListeners: Still have listener com.google.android.location.internal.client.NetworkLocationClient$1@41378bd0
06-19 17:02:06.625  8973 24127 I ControllerImpl: GET:http://wxdata.weather.com/wxdata/loc/get.js?lat=43.0006299&lng=-78.7865917&locale=en_US&key=e88d42ec-a740-102c-bafd-001321203584
06-19 17:02:06.625  8973 24127 I DAL     : GET:http://wxdata.weather.com/wxdata/loc/get.js?lat=43.0006299&lng=-78.7865917&locale=en_US&key=e88d42ec-a740-102c-bafd-001321203584
06-19 17:02:07.007  8973  8973 D WeatherGadgetService: WeatherGadetService.getWeatherData:Buffalo, NY (14228), **FOLLOW_ME**
06-19 17:02:07.007  8973  8973 D DAL     : WeatherDataConnection request:Buffalo, NY (14228), CC
06-19 17:02:07.011  8973  8973 D DAL     : WeatherDataConnection request:Buffalo, NY (14228), WA
06-19 17:02:07.953  7204  7206 D dalvikvm: GC_CONCURRENT freed 535K, 7% free 10763K/11527K, paused 2ms+3ms
06-19 17:02:07.988   140   176 I ActivityManager: START {act=android.intent.action.MAIN cat=[android.intent.category.HOME] flg=0x10200000 cmp=com.android.launcher/com.android.launcher2.Launcher} from pid 140
06-19 17:02:08.320   140  4555 D dalvikvm: GC_EXPLICIT freed 415K, 20% free 17297K/21447K, paused 4ms+15ms
06-19 17:02:08.558   140  4708 W InputManagerService: Starting input on non-focused client com.android.internal.view.IInputMethodClient$Stub$Proxy@417b91e0 (uid=10077 pid=16269)
06-19 17:02:08.793 21865 21867 D dalvikvm: GC_CONCURRENT freed 736K, 10% free 11305K/12551K, paused 6ms+8ms
06-19 17:02:09.097   140   390 I ActivityManager: Process com.google.android.syncadapters.calendar (pid 23645) has died.
06-19 17:02:09.867   140   152 I ActivityManager: Process com.android.mms (pid 22492) has died.
06-19 17:02:09.875   140   386 I WindowManager: WIN DEATH: Window{417d98a0 com.android.mms/com.android.mms.ui.ComposeMessageActivity paused=false}
06-19 17:02:09.879   140  4708 D CountryDetector: No listener is left
06-19 17:02:12.445   140  4708 I ActivityManager: START {dat=content://mms-sms/conversations/1 flg=0x34000000 cmp=com.android.mms/.ui.ComposeMessageActivity bnds=[0,119][480,215]} from pid -1
06-19 17:02:12.472    81   125 D AudioHardware: AudioHardware pcm playback is exiting standby.
06-19 17:02:12.472    81   125 D AudioHardware: openPcmOut_l() mPcmOpenCnt: 0
06-19 17:02:12.496   140   390 W KeyguardViewMediator: verifyUnlock called when not externally disabled
06-19 17:02:12.586   140   386 I ActivityManager: Start proc com.android.mms for activity com.android.mms/.ui.ComposeMessageActivity: pid=24131 uid=10032 gids={3003, 1015}
06-19 17:02:12.804 24131 24131 I ActivityThread: Pub mms_temp_file: com.android.mms.TempFileProvider
06-19 17:02:12.816 24131 24131 I ActivityThread: Pub com.android.mms.SuggestionsProvider: com.android.mms.SuggestionsProvider
06-19 17:02:12.847 16206 16206 D OpenGLRenderer: Flushing caches (mode 1)
06-19 17:02:12.879   140   390 D CountryDetector: The first listener is added
06-19 17:02:12.882 24131 24131 V MmsConfig: mnc/mcc: 310120
06-19 17:02:12.882 24131 24131 V MmsConfig: tag: bool value: enabledMMS - true
06-19 17:02:12.882 24131 24131 V MmsConfig: tag: int value: maxMessageSize - 307200
06-19 17:02:12.882 24131 24131 V MmsConfig: tag: int value: maxImageHeight - 480
06-19 17:02:12.882 24131 24131 V MmsConfig: tag: int value: maxImageWidth - 640
06-19 17:02:12.882 24131 24131 V MmsConfig: tag: int value: defaultSMSMessagesPerThread - 500
06-19 17:02:12.882 24131 24131 V MmsConfig: tag: int value: defaultMMSMessagesPerThread - 50
06-19 17:02:12.882 24131 24131 V MmsConfig: tag: int value: minMessageCountPerThread - 10
06-19 17:02:12.882 24131 24131 V MmsConfig: tag: int value: maxMessageCountPerThread - 5000
06-19 17:02:12.882 24131 24131 V MmsConfig: tag: string value: uaProfUrl - http://www.google.com/oha/rdf/ua-profile-kila.xml
06-19 17:02:12.886 24131 24131 V MmsConfig: tag: int value: recipientLimit - -1
06-19 17:02:12.886 24131 24131 V MmsConfig: tag: int value: smsToMmsTextThreshold - 4
06-19 17:02:12.886 24131 24131 V MmsConfig: tag: bool value: enableMultipartSMS - true
06-19 17:02:12.886 24131 24131 V MmsConfig: tag: bool value: enableSlideDuration - true
06-19 17:02:12.886 24131 24131 V MmsConfig: tag: int value: maxMessageTextSize - -1
06-19 17:02:12.910 16206 16206 D OpenGLRenderer: Flushing caches (mode 0)
06-19 17:02:13.121 24131 24133 D dalvikvm: GC_CONCURRENT freed 284K, 4% free 9252K/9607K, paused 20ms+2ms
06-19 17:02:13.168   140   156 I Process : Sending signal. PID: 24131 SIG: 3
06-19 17:02:13.168 24131 24135 I dalvikvm: threadid=3: reacting to signal 3
06-19 17:02:13.191 16206 16208 D dalvikvm: GC_CONCURRENT freed 1619K, 18% free 14401K/17543K, paused 4ms+35ms
06-19 17:02:13.222 24131 24135 I dalvikvm: Wrote stack traces to '/data/anr/traces.txt'
06-19 17:02:13.421 24131 24133 D dalvikvm: GC_CONCURRENT freed 197K, 3% free 9524K/9799K, paused 3ms+4ms
06-19 17:02:13.425 24131 24131 D Mms/compose: [1] [initialize] savedInstanceState = Bundle[{android:viewHierarchyState=Bundle[mParcelledData.dataSize=2564], recipients=(716) 866-8241}] intent = Intent { act=android.intent.action.VIEW dat=content://mms-sms/conversations/1 cmp=com.android.mms/.ui.ComposeMessageActivity } mConversation = [(716) 866-8241] (tid 1)
06-19 17:02:13.531 24131 24131 D Mms/compose: [1] [onNewIntent] onNewIntent: same conversation
06-19 17:02:13.601   337   849 D dalvikvm: GC_EXPLICIT freed 315K, 10% free 12220K/13511K, paused 2ms+6ms
06-19 17:02:13.660 24131 24131 D libEGL  : loaded /system/lib/egl/libGLES_android.so
06-19 17:02:13.664   140   156 I Process : Sending signal. PID: 24131 SIG: 3
06-19 17:02:13.664 24131 24135 I dalvikvm: threadid=3: reacting to signal 3
06-19 17:02:13.679 24131 24135 I dalvikvm: Wrote stack traces to '/data/anr/traces.txt'
06-19 17:02:13.683 24131 24131 D libEGL  : loaded /vendor/lib/egl/libEGL_POWERVR_SGX540_120.so
06-19 17:02:13.714 24131 24131 D libEGL  : loaded /vendor/lib/egl/libGLESv1_CM_POWERVR_SGX540_120.so
06-19 17:02:13.714 24131 24131 D libEGL  : loaded /vendor/lib/egl/libGLESv2_POWERVR_SGX540_120.so
06-19 17:02:13.769 24131 24131 D OpenGLRenderer: Enabling debug mode 0
06-19 17:02:13.796 24131 24154 D Mms     : [1802] markAsRead: update read/seen for thread uri: content://mms-sms/conversations/1
06-19 17:02:13.937 21865 21865 D OpenGLRenderer: Flushing caches (mode 1)
06-19 17:02:14.050   211   212 D dalvikvm: GC_CONCURRENT freed 570K, 52% free 10141K/20743K, paused 2ms+26ms
06-19 17:02:14.148 24131 24133 D dalvikvm: GC_CONCURRENT freed 205K, 3% free 9768K/10055K, paused 2ms+3ms
06-19 17:02:14.164   140   156 I Process : Sending signal. PID: 24131 SIG: 3
06-19 17:02:14.164 24131 24135 I dalvikvm: threadid=3: reacting to signal 3
06-19 17:02:14.191 24131 24135 I dalvikvm: Wrote stack traces to '/data/anr/traces.txt'
06-19 17:02:14.312   140   171 I ActivityManager: Displayed com.android.mms/.ui.ComposeMessageActivity: +1s821ms
06-19 17:02:15.562    81   125 D AudioHardware: AudioHardware pcm playback is going to standby.
06-19 17:02:15.562    81   125 D AudioHardware: closePcmOut_l() mPcmOpenCnt: 1
06-19 17:02:20.023   140   168 I power   : *** set_screen_state 0
06-19 17:02:20.043   140   172 D UnlockScreen: portrait mode
06-19 17:02:20.070    78   118 D SurfaceFlinger: About to give-up screen, flinger = 0x14f1918
06-19 17:02:20.164   140   172 V TransportControlView: Create TCV com.android.internal.widget.TransportControlView@417295c0
06-19 17:02:20.179 22546 22991 D NfcService: NFC-C OFF, disconnect
06-19 17:02:20.207   211   211 D PhoneStatusBar: disable: < EXPAND* icons alerts TICKER* system_info back home RECENT* clock >
06-19 17:02:20.230   211   211 D PhoneStatusBar: disable: < EXPAND icons alerts TICKER system_info BACK* HOME* RECENT CLOCK* >
06-19 17:07:06.105  7204  7221 D androidNetworkLocationListeners: Still have listener com.google.android.location.internal.client.NetworkLocationClient$1@41378bd0
06-19 17:07:06.113  7204  7221 D androidNetworkLocationListeners: Still have listener com.google.android.location.internal.client.NetworkLocationClient$1@41378bd0
06-19 17:07:07.379 22272 22272 I PhoneLab-Locks: wake lock acquired
06-19 17:07:07.382 22272 22272 I PhoneLab-StatusMonitor: Status Monitoring is started
06-19 17:07:07.441 22272 22275 D dalvikvm: GC_CONCURRENT freed 396K, 16% free 9346K/11079K, paused 2ms+2ms
06-19 17:07:07.445 22272 22272 I PhoneLab-StatusMonitor: Value: 10 - unit: min
06-19 17:07:07.445 22272 22272 I PhoneLab-StatusMonitor: Running interval: 600000
06-19 17:07:07.453 22272 22272 I PhoneLab-StatusMonitor: Rescheduling status monitoring...
06-19 17:07:07.453 22272 22272 I PhoneLab-Locks: wake lock released
06-19 17:07:07.457 22272 22272 I PhoneLab-StatusMonitorLocation: Learning Location
06-19 17:07:07.457 22272 22272 I PhoneLab-Locks: wake lock acquired
06-19 17:07:07.461 22272 22272 I PhoneLab-Locks: wake lock acquired
06-19 17:07:07.461  7204  7221 D androidNetworkLocationListeners: Still have listener com.google.android.location.internal.client.NetworkLocationClient$1@41378bd0
06-19 17:07:07.468 22272 22272 I PhoneLab-StatusMonitorLocation: Learning Signal Strgth
06-19 17:07:07.468 22272 22272 I PhoneLab-Locks: wake lock acquired
06-19 17:07:07.472  7204  7221 D androidNetworkLocationListeners: Still have listener com.google.android.location.internal.client.NetworkLocationClient$1@41378bd0
06-19 17:07:07.472 22272 22272 I PhoneLab-StatusMonitorBattery: Battery_level: 93
06-19 17:07:07.472 22272 22272 I PhoneLab-Locks: wake lock released
06-19 17:07:07.476 22272 22272 I PhoneLab-StatusMonitorSignal: Signal_Strength: -96 asu: 9
06-19 17:07:07.476 22272 22272 I PhoneLab-Locks: wake lock released
06-19 17:07:07.519 22272 22272 I PhoneLab-StatusMonitorLocation: Location_Latitude: 43.0006184 Longitude: -78.7865507 Accuracy: 51.0
06-19 17:07:07.519  7204  7221 D androidNetworkLocationListeners: Still have listener com.google.android.location.internal.client.NetworkLocationClient$1@41378bd0
06-19 17:07:07.523 22272 22272 I PhoneLab-Locks: wake lock released
06-19 17:07:08.843  7204  7206 D dalvikvm: GC_CONCURRENT freed 501K, 7% free 10755K/11527K, paused 2ms+4ms
06-19 17:08:39.375  7204  7206 D dalvikvm: GC_CONCURRENT freed 488K, 7% free 10758K/11527K, paused 2ms+3ms
06-19 17:09:24.406 23177 23180 D dalvikvm: GC_CONCURRENT freed 337K, 7% free 10492K/11207K, paused 2ms+11ms
06-19 17:10:09.441  7204  7206 D dalvikvm: GC_CONCURRENT freed 491K, 7% free 10758K/11527K, paused 2ms+3ms
06-19 17:10:39.093   211   212 D dalvikvm: GC_CONCURRENT freed 604K, 53% free 9923K/20743K, paused 2ms+9ms
06-19 17:10:39.261   140   142 D dalvikvm: GC_CONCURRENT freed 1751K, 19% free 17576K/21447K, paused 3ms+13ms
06-19 17:10:39.488 21865 24164 W Gmail   : Successful index run, cancel next scheduled index run
06-19 17:10:54.484  8973  8975 D dalvikvm: GC_CONCURRENT freed 400K, 8% free 9693K/10503K, paused 2ms+2ms
06-19 17:11:39.582  7204  7206 D dalvikvm: GC_CONCURRENT freed 490K, 7% free 10756K/11527K, paused 1ms+4ms
06-19 17:12:22.086  8973  8973 D dalvikvm: GC_EXPLICIT freed 35K, 8% free 9665K/10503K, paused 2ms+3ms
06-19 17:12:22.293  7204  7221 D androidNetworkLocationListeners: Still have listener com.google.android.location.internal.client.NetworkLocationClient$1@41378bd0
06-19 17:12:22.296  7204  7221 D androidNetworkLocationListeners: Still have listener com.google.android.location.internal.client.NetworkLocationClient$1@41378bd0
06-19 17:13:08.718  7204  7206 D dalvikvm: GC_CONCURRENT freed 487K, 7% free 10754K/11527K, paused 2ms+4ms
06-19 17:13:13.402   140   156 V BackupManagerService: Running a backup pass
06-19 17:13:13.421   140   209 V BackupManagerService: Backup requested but nothing pending
06-19 17:14:38.777  7204  7206 D dalvikvm: GC_CONCURRENT freed 479K, 7% free 10756K/11527K, paused 2ms+4ms
06-19 17:16:08.808  7204  7206 D dalvikvm: GC_CONCURRENT freed 487K, 7% free 10759K/11527K, paused 2ms+4ms
06-19 17:17:06.277  7204  7221 D androidNetworkLocationListeners: Still have listener com.google.android.location.internal.client.NetworkLocationClient$1@41378bd0
06-19 17:17:06.285  7204  7221 D androidNetworkLocationListeners: Still have listener com.google.android.location.internal.client.NetworkLocationClient$1@41378bd0
06-19 17:17:07.453 22272 22272 I PhoneLab-Locks: wake lock acquired
06-19 17:17:07.554 22272 22272 D dalvikvm: GC_EXPLICIT freed 210K, 18% free 9187K/11079K, paused 59ms+2ms
06-19 17:17:07.562 22272 22272 I PhoneLab-StatusMonitor: Status Monitoring is started
06-19 17:17:07.609 22272 22272 I PhoneLab-StatusMonitor: Value: 10 - unit: min
06-19 17:17:07.609 22272 22272 I PhoneLab-StatusMonitor: Running interval: 600000
06-19 17:17:07.621 22272 22275 D dalvikvm: GC_CONCURRENT freed 433K, 17% free 9265K/11079K, paused 2ms+2ms
06-19 17:17:07.625 22272 22272 I PhoneLab-StatusMonitor: Rescheduling status monitoring...
06-19 17:17:07.625 22272 22272 I PhoneLab-Locks: wake lock released
06-19 17:17:07.629 22272 22272 I PhoneLab-StatusMonitorLocation: Learning Location
06-19 17:17:07.629 22272 22272 I PhoneLab-Locks: wake lock acquired
06-19 17:17:07.632 22272 22272 I PhoneLab-Locks: wake lock acquired
06-19 17:17:07.632  7204  7221 D androidNetworkLocationListeners: Still have listener com.google.android.location.internal.client.NetworkLocationClient$1@41378bd0
06-19 17:17:07.640 22272 22272 I PhoneLab-StatusMonitorLocation: Learning Signal Strgth
06-19 17:17:07.640 22272 22272 I PhoneLab-Locks: wake lock acquired
06-19 17:17:07.644 22272 22272 I PhoneLab-StatusMonitorBattery: Battery_level: 93
06-19 17:17:07.644 22272 22272 I PhoneLab-Locks: wake lock released
06-19 17:17:07.648 22272 22272 I PhoneLab-StatusMonitorSignal: Signal_Strength: -96 asu: 9
06-19 17:17:07.648 22272 22272 I PhoneLab-Locks: wake lock released
06-19 17:17:07.660  7204  7221 D androidNetworkLocationListeners: Still have listener com.google.android.location.internal.client.NetworkLocationClient$1@41378bd0
06-19 17:17:07.769 22272 22272 I PhoneLab-StatusMonitorLocation: Location_Latitude: 43.0006288 Longitude: -78.7865461 Accuracy: 52.0
06-19 17:17:07.769  7204  7221 D androidNetworkLocationListeners: Still have listener com.google.android.location.internal.client.NetworkLocationClient$1@41378bd0
06-19 17:17:07.769 22272 22272 I PhoneLab-Locks: wake lock released
06-19 17:17:07.789  7204  7206 D dalvikvm: GC_CONCURRENT freed 511K, 7% free 10757K/11527K, paused 2ms+4ms
06-19 17:17:54.175  7204  7206 D dalvikvm: GC_CONCURRENT freed 515K, 7% free 10755K/11527K, paused 2ms+4ms
06-19 17:19:24.425  7204  7206 D dalvikvm: GC_CONCURRENT freed 483K, 7% free 10754K/11527K, paused 2ms+3ms
06-19 17:20:54.617  7204  7206 D dalvikvm: GC_CONCURRENT freed 482K, 7% free 10755K/11527K, paused 1ms+4ms
06-19 17:21:38.875 22272 22285 I PhoneLab-: Service Running
06-19 17:21:38.945 22272 22285 I PhoneLab-LoggerService: app_38    1313  1     1432   988   c00f181c 400107b4 S logcat
06-19 17:21:38.945 22272 22285 I PhoneLab-LoggerService: Logcat pid from database 1313
06-19 17:21:38.945 22272 22285 I PhoneLab-LoggerService: Logcat process found 1313
06-19 17:21:38.945 22272 22285 I PhoneLab-LoggerService: Checking Threshold
06-19 17:21:38.945 22272 22285 I PhoneLab-: Service Running
06-19 17:21:38.972 22272 22285 I PhoneLab-LoggerService: app_38    1313  1     1432   988   c00f181c 400107b4 S logcat
06-19 17:21:38.976 22272 22285 I PhoneLab-LoggerService: Logcat pid from database 1313
06-19 17:21:38.976 22272 22285 I PhoneLab-LoggerService: Logcat process found 1313
06-19 17:21:38.976 22272 22285 I PhoneLab-LoggerService: Checking Threshold
06-19 17:21:38.976 22272 22285 I PhoneLab-: Service Running
06-19 17:21:39.004 22272 22285 I PhoneLab-LoggerService: app_38    1313  1     1432   988   c00f181c 400107b4 S logcat
06-19 17:21:39.004 22272 22285 I PhoneLab-LoggerService: Logcat pid from database 1313
06-19 17:21:39.004 22272 22285 I PhoneLab-LoggerService: Logcat process found 1313
06-19 17:21:39.004 22272 22285 I PhoneLab-LoggerService: Checking Threshold
06-19 17:21:39.004 22272 22285 I PhoneLab-: Service Running
06-19 17:21:39.031 22272 22285 I PhoneLab-LoggerService: app_38    1313  1     1432   988   c00f181c 400107b4 S logcat
06-19 17:21:39.031 22272 22285 I PhoneLab-LoggerService: Logcat pid from database 1313
06-19 17:21:39.031 22272 22285 I PhoneLab-LoggerService: Logcat process found 1313
06-19 17:21:39.031 22272 22285 I PhoneLab-LoggerService: Checking Threshold
06-19 17:21:39.031 22272 22285 I PhoneLab-: Service Running
06-19 17:21:39.062 22272 22285 I PhoneLab-LoggerService: app_38    1313  1     1432   988   c00f181c 400107b4 S logcat
06-19 17:21:39.062 22272 22285 I PhoneLab-LoggerService: Logcat pid from database 1313
06-19 17:21:39.062 22272 22285 I PhoneLab-LoggerService: Logcat process found 1313
06-19 17:21:39.062 22272 22285 I PhoneLab-LoggerService: Checking Threshold
06-19 17:21:39.066 22272 22285 I PhoneLab-: Service Running
06-19 17:21:39.093 22272 22285 I PhoneLab-LoggerService: app_38    1313  1     1432   988   c00f181c 400107b4 S logcat
06-19 17:21:39.093 22272 22285 I PhoneLab-LoggerService: Logcat pid from database 1313
06-19 17:21:39.093 22272 22285 I PhoneLab-LoggerService: Logcat process found 1313
06-19 17:21:39.093 22272 22285 I PhoneLab-LoggerService: Checking Threshold
06-19 17:21:39.093 22272 22285 I PhoneLab-: Service Running
06-19 17:21:39.121 22272 22285 I PhoneLab-LoggerService: app_38    1313  1     1432   988   c00f181c 400107b4 S logcat
06-19 17:21:39.121 22272 22285 I PhoneLab-LoggerService: Logcat pid from database 1313
06-19 17:21:39.121 22272 22285 I PhoneLab-LoggerService: Logcat process found 1313
06-19 17:21:39.121 22272 22285 I PhoneLab-LoggerService: Checking Threshold
06-19 17:21:39.121 22272 22285 I PhoneLab-: Service Running
06-19 17:21:39.160 22272 22275 D dalvikvm: GC_CONCURRENT freed 454K, 17% free 9228K/11079K, paused 2ms+3ms
06-19 17:21:39.175 22272 22285 I PhoneLab-LoggerService: app_38    1313  1     1432   988   c00f181c 400107b4 S logcat
06-19 17:21:39.175 22272 22285 I PhoneLab-LoggerService: Logcat pid from database 1313
06-19 17:21:39.175 22272 22285 I PhoneLab-LoggerService: Logcat process found 1313
06-19 17:21:39.175 22272 22285 I PhoneLab-LoggerService: Checking Threshold
06-19 17:21:39.175 22272 22285 I PhoneLab-: Service Running
06-19 17:21:39.203 22272 22285 I PhoneLab-LoggerService: app_38    1313  1     1432   988   c00f181c 400107b4 S logcat
06-19 17:21:39.203 22272 22285 I PhoneLab-LoggerService: Logcat pid from database 1313
06-19 17:21:39.207 22272 22285 I PhoneLab-LoggerService: Logcat process found 1313
06-19 17:21:39.207 22272 22285 I PhoneLab-LoggerService: Checking Threshold
06-19 17:21:39.207 22272 22285 I PhoneLab-: Service Running
06-19 17:21:39.234 22272 22285 I PhoneLab-LoggerService: app_38    1313  1     1432   988   c00f181c 400107b4 S logcat
06-19 17:21:39.234 22272 22285 I PhoneLab-LoggerService: Logcat pid from database 1313
06-19 17:21:39.234 22272 22285 I PhoneLab-LoggerService: Logcat process found 1313
06-19 17:21:39.234 22272 22285 I PhoneLab-LoggerService: Checking Threshold
06-19 17:22:23.203  7204  7221 D androidNetworkLocationListeners: Still have listener com.google.android.location.internal.client.NetworkLocationClient$1@41378bd0
06-19 17:22:23.207  7204  7221 D androidNetworkLocationListeners: Still have listener com.google.android.location.internal.client.NetworkLocationClient$1@41378bd0
06-19 17:22:24.562  7204  7206 D dalvikvm: GC_CONCURRENT freed 487K, 7% free 10753K/11527K, paused 2ms+5ms
06-19 17:23:08.398   140   140 D dalvikvm: GC_EXPLICIT freed 1410K, 18% free 17603K/21447K, paused 3ms+10ms
06-19 17:23:54.761  7204  7206 D dalvikvm: GC_CONCURRENT freed 484K, 7% free 10754K/11527K, paused 2ms+4ms
06-19 17:25:24.875  7204  7206 D dalvikvm: GC_CONCURRENT freed 486K, 7% free 10757K/11527K, paused 2ms+4ms
06-19 17:26:13.644 23177 23180 D dalvikvm: GC_CONCURRENT freed 360K, 7% free 10517K/11207K, paused 2ms+4ms
06-19 17:26:17.519  7204  8089 I EventLogService: Aggregate from 1340139377410 (log), 1340139377410 (data)
06-19 17:26:54.945  7204  7206 D dalvikvm: GC_CONCURRENT freed 551K, 7% free 10759K/11527K, paused 2ms+4ms
06-19 17:27:07.261  7204  7221 D androidNetworkLocationListeners: Still have listener com.google.android.location.internal.client.NetworkLocationClient$1@41378bd0
06-19 17:27:07.269  7204  7221 D androidNetworkLocationListeners: Still have listener com.google.android.location.internal.client.NetworkLocationClient$1@41378bd0
06-19 17:27:07.671 22272 22272 I PhoneLab-Locks: wake lock acquired
06-19 17:27:07.691 22272 22272 I PhoneLab-StatusMonitor: Status Monitoring is started
06-19 17:27:07.746 22272 22275 D dalvikvm: GC_CONCURRENT freed 485K, 17% free 9254K/11079K, paused 2ms+2ms
06-19 17:27:07.753 22272 22272 I PhoneLab-StatusMonitor: Value: 10 - unit: min
06-19 17:27:07.753 22272 22272 I PhoneLab-StatusMonitor: Running interval: 600000
06-19 17:27:07.765 22272 22272 I PhoneLab-StatusMonitor: Rescheduling status monitoring...
06-19 17:27:07.765 22272 22272 I PhoneLab-Locks: wake lock released
06-19 17:27:07.769 22272 22272 I PhoneLab-StatusMonitorLocation: Learning Location
06-19 17:27:07.769 22272 22272 I PhoneLab-Locks: wake lock acquired
06-19 17:27:07.773 22272 22272 I PhoneLab-Locks: wake lock acquired
06-19 17:27:07.777 22272 22272 I PhoneLab-StatusMonitorLocation: Learning Signal Strgth
06-19 17:27:07.777 22272 22272 I PhoneLab-Locks: wake lock acquired
06-19 17:27:07.777  7204  7221 D androidNetworkLocationListeners: Still have listener com.google.android.location.internal.client.NetworkLocationClient$1@41378bd0
06-19 17:27:07.781 22272 22272 I PhoneLab-StatusMonitorBattery: Battery_level: 93
06-19 17:27:07.781 22272 22272 I PhoneLab-Locks: wake lock released
06-19 17:27:07.781 22272 22272 I PhoneLab-StatusMonitorSignal: Signal_Strength: -96 asu: 9
06-19 17:27:07.781 22272 22272 I PhoneLab-Locks: wake lock released
06-19 17:27:07.785  7204  7221 D androidNetworkLocationListeners: Still have listener com.google.android.location.internal.client.NetworkLocationClient$1@41378bd0
06-19 17:27:08.574 22272 22272 I PhoneLab-StatusMonitorLocation: Location_Latitude: 43.0006173 Longitude: -78.786532 Accuracy: 50.0
06-19 17:27:08.574 22272 22272 I PhoneLab-Locks: wake lock released
06-19 17:27:08.574  7204  7221 D androidNetworkLocationListeners: Still have listener com.google.android.location.internal.client.NetworkLocationClient$1@41378bd0
06-19 17:27:09.925  7204  7206 D dalvikvm: GC_CONCURRENT freed 501K, 7% free 10755K/11527K, paused 2ms+8ms
06-19 17:28:40.015  7204  7206 D dalvikvm: GC_CONCURRENT freed 484K, 7% free 10755K/11527K, paused 2ms+3ms
06-19 17:30:10.097  7204  7206 D dalvikvm: GC_CONCURRENT freed 484K, 7% free 10754K/11527K, paused 2ms+5ms
06-19 17:30:49.078 22272 22272 I PhoneLab-Locks: wake lock acquired
06-19 17:30:49.113 22272 24258 I PhoneLab-PeriodicCheckService: User info is synched
06-19 17:30:49.113 22272 24258 I PhoneLab-PeriodicCheckService: Logger Service is running
06-19 17:30:49.117 22272 24258 I PhoneLab-Locks: wake lock acquired
06-19 17:30:49.117 22272 22272 I PhoneLab-UploadLogs: Transfering log files now
06-19 17:30:49.117 22272 22272 I PhoneLab-UploadLogs: No log files to transfer
06-19 17:30:49.117 22272 22272 I PhoneLab-Locks: wake lock released
06-19 17:30:49.121 22272 22272 I PhoneLab-UploadLogs: OnStartCommand
06-19 17:30:49.121 22272 24258 I PhoneLab-PeriodicCheckService: Rescheduling periodic checking...
06-19 17:30:49.121 22272 24258 I PhoneLab-Locks: wake lock released
06-19 17:31:40.230  7204  7206 D dalvikvm: GC_CONCURRENT freed 488K, 7% free 10757K/11527K, paused 2ms+9ms
06-19 17:32:07.312  7204  7221 D androidNetworkLocationListeners: Still have listener com.google.android.location.internal.client.NetworkLocationClient$1@41378bd0
06-19 17:32:07.343  7204  7221 D androidNetworkLocationListeners: Still have listener com.google.android.location.internal.client.NetworkLocationClient$1@41378bd0
06-19 17:32:53.750  7204  7206 D dalvikvm: GC_CONCURRENT freed 502K, 7% free 10758K/11527K, paused 2ms+2ms
06-19 17:34:23.414 22272 22285 I PhoneLab-: Service Running
06-19 17:34:23.484 22272 22285 I PhoneLab-LoggerService: app_38    1313  1     1432   988   c00f181c 400107b4 S logcat
06-19 17:34:23.484 22272 22285 I PhoneLab-LoggerService: Logcat pid from database 1313
06-19 17:34:23.484 22272 22285 I PhoneLab-LoggerService: Logcat process found 1313
06-19 17:34:23.484 22272 22285 I PhoneLab-LoggerService: Checking Threshold
06-19 17:34:23.484 22272 22285 I PhoneLab-: Service Running
06-19 17:34:23.511 22272 22285 I PhoneLab-LoggerService: app_38    1313  1     1432   988   c00f181c 400107b4 S logcat
06-19 17:34:23.511 22272 22285 I PhoneLab-LoggerService: Logcat pid from database 1313
06-19 17:34:23.515 22272 22285 I PhoneLab-LoggerService: Logcat process found 1313
06-19 17:34:23.515 22272 22285 I PhoneLab-LoggerService: Checking Threshold
06-19 17:34:23.515 22272 22285 I PhoneLab-: Service Running
06-19 17:34:23.543 22272 22285 I PhoneLab-LoggerService: app_38    1313  1     1432   988   c00f181c 400107b4 S logcat
06-19 17:34:23.543 22272 22285 I PhoneLab-LoggerService: Logcat pid from database 1313
06-19 17:34:23.543 22272 22285 I PhoneLab-LoggerService: Logcat process found 1313
06-19 17:34:23.543 22272 22285 I PhoneLab-LoggerService: Checking Threshold
06-19 17:34:23.543 22272 22285 I PhoneLab-: Service Running
06-19 17:34:23.570 22272 22285 I PhoneLab-LoggerService: app_38    1313  1     1432   988   c00f181c 400107b4 S logcat
06-19 17:34:23.570 22272 22285 I PhoneLab-LoggerService: Logcat pid from database 1313
06-19 17:34:23.570 22272 22285 I PhoneLab-LoggerService: Logcat process found 1313
06-19 17:34:23.570 22272 22285 I PhoneLab-LoggerService: Checking Threshold
06-19 17:34:23.570 22272 22285 I PhoneLab-: Service Running
06-19 17:34:23.609 22272 22275 D dalvikvm: GC_CONCURRENT freed 440K, 17% free 9226K/11079K, paused 2ms+6ms
06-19 17:34:23.617 22272 22285 I PhoneLab-LoggerService: app_38    1313  1     1432   988   c00f181c 400107b4 S logcat
06-19 17:34:23.617 22272 22285 I PhoneLab-LoggerService: Logcat pid from database 1313
06-19 17:34:23.621 22272 22285 I PhoneLab-LoggerService: Logcat process found 1313
06-19 17:34:23.621 22272 22285 I PhoneLab-LoggerService: Checking Threshold
06-19 17:34:23.621 22272 22285 I PhoneLab-: Service Running
06-19 17:34:23.648 22272 22285 I PhoneLab-LoggerService: app_38    1313  1     1432   988   c00f181c 400107b4 S logcat
06-19 17:34:23.652 22272 22285 I PhoneLab-LoggerService: Logcat pid from database 1313
06-19 17:34:23.652 22272 22285 I PhoneLab-LoggerService: Logcat process found 1313
06-19 17:34:23.652 22272 22285 I PhoneLab-LoggerService: Checking Threshold
06-19 17:34:23.793  7204  7206 D dalvikvm: GC_CONCURRENT freed 487K, 7% free 10759K/11527K, paused 2ms+3ms
06-19 17:35:53.914  7204  7206 D dalvikvm: GC_CONCURRENT freed 486K, 7% free 10758K/11527K, paused 2ms+2ms
06-19 17:36:13.007   140   172 I power   : *** set_screen_state 1
06-19 17:36:13.168   140  2265 W InputManagerService: Starting input on non-focused client com.android.internal.view.IInputMethodClient$Stub$Proxy@4189ac20 (uid=10032 pid=24131)
06-19 17:36:13.179   140   172 I WindowManager: Lock screen displayed!
06-19 17:36:13.238  7204  7221 D androidNetworkLocationListeners: Still have listener com.google.android.location.internal.client.NetworkLocationClient$1@41378bd0
06-19 17:36:13.277    78   118 D SurfaceFlinger: Screen about to return, flinger = 0x14f1918
06-19 17:36:13.347 16269 16269 D dalvikvm: GC_EXPLICIT freed 41K, 3% free 9255K/9479K, paused 1ms+11ms
06-19 17:36:13.437  7204  7221 D androidNetworkLocationListeners: Still have listener com.google.android.location.internal.client.NetworkLocationClient$1@41378bd0
06-19 17:36:13.480  8973 24271 I ControllerImpl: GET:http://wxdata.weather.com/wxdata/loc/get.js?lat=43.0006348&lng=-78.7866744&locale=en_US&key=e88d42ec-a740-102c-bafd-001321203584
06-19 17:36:13.484  8973 24271 I DAL     : GET:http://wxdata.weather.com/wxdata/loc/get.js?lat=43.0006348&lng=-78.7866744&locale=en_US&key=e88d42ec-a740-102c-bafd-001321203584
06-19 17:36:13.836  8973  8973 D WeatherGadgetService: WeatherGadetService.getWeatherData:Buffalo, NY (14228), **FOLLOW_ME**
06-19 17:36:13.836  8973  8973 D DAL     : WeatherDataConnection request:Buffalo, NY (14228), CC
06-19 17:36:13.836  8973  8973 D DAL     : WeatherDataConnection request:Buffalo, NY (14228), WA
06-19 17:36:14.910   140   168 I power   : *** set_screen_state 0
06-19 17:36:14.980    78   118 D SurfaceFlinger: About to give-up screen, flinger = 0x14f1918
06-19 17:36:15.027   140   172 D UnlockScreen: portrait mode
06-19 17:36:15.191   140   142 D dalvikvm: GC_CONCURRENT freed 1918K, 18% free 17733K/21447K, paused 14ms+9ms
06-19 17:36:15.230   140   172 V TransportControlView: Create TCV com.android.internal.widget.TransportControlView@41322af0
06-19 17:36:59.867  7204  7206 D dalvikvm: GC_CONCURRENT freed 492K, 7% free 10757K/11527K, paused 2ms+4ms
06-19 17:37:07.214  7204  7221 D androidNetworkLocationListeners: Still have listener com.google.android.location.internal.client.NetworkLocationClient$1@41378bd0
06-19 17:37:07.226  7204  7221 D androidNetworkLocationListeners: Still have listener com.google.android.location.internal.client.NetworkLocationClient$1@41378bd0
06-19 17:37:07.265  7204  7230 D dalvikvm: GC_EXPLICIT freed 17K, 7% free 10742K/11527K, paused 7ms+3ms
06-19 17:37:07.789 22272 22272 I PhoneLab-Locks: wake lock acquired
06-19 17:37:07.816 22272 22272 I PhoneLab-StatusMonitor: Status Monitoring is started
06-19 17:37:07.867 22272 22275 D dalvikvm: GC_CONCURRENT freed 441K, 17% free 9290K/11079K, paused 1ms+2ms
06-19 17:37:07.871 22272 22272 I PhoneLab-StatusMonitor: Value: 10 - unit: min
06-19 17:37:07.871 22272 22272 I PhoneLab-StatusMonitor: Running interval: 600000
06-19 17:37:07.875 22272 22272 I PhoneLab-StatusMonitor: Rescheduling status monitoring...
06-19 17:37:07.879 22272 22272 I PhoneLab-Locks: wake lock released
06-19 17:37:07.886 22272 22272 I PhoneLab-StatusMonitorLocation: Learning Location
06-19 17:37:07.886 22272 22272 I PhoneLab-Locks: wake lock acquired
06-19 17:37:07.890 22272 22272 I PhoneLab-Locks: wake lock acquired
06-19 17:37:07.890  7204  7221 D androidNetworkLocationListeners: Still have listener com.google.android.location.internal.client.NetworkLocationClient$1@41378bd0
06-19 17:37:07.894 22272 22272 I PhoneLab-StatusMonitorLocation: Learning Signal Strgth
06-19 17:37:07.894 22272 22272 I PhoneLab-Locks: wake lock acquired
06-19 17:37:07.910 22272 22272 I PhoneLab-StatusMonitorBattery: Battery_level: 93
06-19 17:37:07.914  7204  7221 D androidNetworkLocationListeners: Still have listener com.google.android.location.internal.client.NetworkLocationClient$1@41378bd0
06-19 17:37:07.914 22272 22272 I PhoneLab-Locks: wake lock released
06-19 17:37:07.914 22272 22272 I PhoneLab-StatusMonitorSignal: Signal_Strength: -96 asu: 9
06-19 17:37:07.914 22272 22272 I PhoneLab-Locks: wake lock released
06-19 17:37:08.519 22272 22272 I PhoneLab-StatusMonitorLocation: Location_Latitude: 43.0006402 Longitude: -78.7866612 Accuracy: 59.0
06-19 17:37:08.519  7204  7221 D androidNetworkLocationListeners: Still have listener com.google.android.location.internal.client.NetworkLocationClient$1@41378bd0
06-19 17:37:08.523 22272 22272 I PhoneLab-Locks: wake lock released
06-19 17:37:09.867  7204  7206 D dalvikvm: GC_CONCURRENT freed 482K, 7% free 10759K/11527K, paused 2ms+10ms
06-19 17:38:40.437  7204  7206 D dalvikvm: GC_CONCURRENT freed 490K, 7% free 10758K/11527K, paused 2ms+3ms
06-19 17:39:23.070 22272 22285 I PhoneLab-: Service Running
06-19 17:39:23.148 22272 22285 I PhoneLab-LoggerService: app_38    1313  1     1432   988   c00f181c 400107b4 S logcat
06-19 17:39:23.148 22272 22285 I PhoneLab-LoggerService: Logcat pid from database 1313
06-19 17:39:23.148 22272 22285 I PhoneLab-LoggerService: Logcat process found 1313
06-19 17:39:23.148 22272 22285 I PhoneLab-LoggerService: Checking Threshold
06-19 17:39:23.148 22272 22285 I PhoneLab-: Service Running
06-19 17:39:23.175 22272 22285 I PhoneLab-LoggerService: app_38    1313  1     1432   988   c00f181c 400107b4 S logcat
06-19 17:39:23.175 22272 22285 I PhoneLab-LoggerService: Logcat pid from database 1313
06-19 17:39:23.175 22272 22285 I PhoneLab-LoggerService: Logcat process found 1313
06-19 17:39:23.175 22272 22285 I PhoneLab-LoggerService: Checking Threshold
06-19 17:39:23.175 22272 22285 I PhoneLab-: Service Running
06-19 17:39:23.203 22272 22285 I PhoneLab-LoggerService: app_38    1313  1     1432   988   c00f181c 400107b4 S logcat
06-19 17:39:23.207 22272 22285 I PhoneLab-LoggerService: Logcat pid from database 1313
06-19 17:39:23.207 22272 22285 I PhoneLab-LoggerService: Logcat process found 1313
06-19 17:39:23.207 22272 22285 I PhoneLab-LoggerService: Checking Threshold
06-19 17:40:10.656 23177 23180 D dalvikvm: GC_CONCURRENT freed 385K, 7% free 10521K/11207K, paused 5ms+7ms
06-19 17:40:10.707  7204  7206 D dalvikvm: GC_CONCURRENT freed 487K, 7% free 10757K/11527K, paused 2ms+4ms
06-19 17:41:40.754  7204  7206 D dalvikvm: GC_CONCURRENT freed 490K, 7% free 10759K/11527K, paused 2ms+3ms
06-19 17:42:24.089  7204  7221 D androidNetworkLocationListeners: Still have listener com.google.android.location.internal.client.NetworkLocationClient$1@41378bd0
06-19 17:42:24.097  7204  7221 D androidNetworkLocationListeners: Still have listener com.google.android.location.internal.client.NetworkLocationClient$1@41378bd0
06-19 17:43:10.496  7204  7206 D dalvikvm: GC_CONCURRENT freed 495K, 7% free 10758K/11527K, paused 2ms+5ms
06-19 17:44:40.582  7204  7206 D dalvikvm: GC_CONCURRENT freed 488K, 7% free 10760K/11527K, paused 2ms+4ms
06-19 17:46:10.593  7204  7206 D dalvikvm: GC_CONCURRENT freed 491K, 7% free 10761K/11527K, paused 2ms+3ms
06-19 17:46:34.664 21865 24304 I Gmail   : MainSyncRequestProto: lowestBkwdConvoId: 0, highestHandledServerOp: 617074, normalSync: true
06-19 17:46:36.519 21865 21867 D dalvikvm: GC_CONCURRENT freed 658K, 10% free 11307K/12551K, paused 6ms+6ms
06-19 17:46:36.652 21865 24304 D dalvikvm: GC_EXPLICIT freed 118K, 11% free 11285K/12551K, paused 2ms+4ms
06-19 17:46:36.660 21865 24304 I Gmail   : MainSyncRequestProto: lowestBkwdConvoId: 0, highestHandledServerOp: 617118, normalSync: true
06-19 17:46:36.718 23021 23023 D dalvikvm: GC_CONCURRENT freed 302K, 4% free 9170K/9543K, paused 10ms+2ms
06-19 17:46:37.320 21865 24304 D dalvikvm: GC_EXPLICIT freed 203K, 10% free 11305K/12551K, paused 13ms+3ms
06-19 17:46:37.324 21865 24304 I Gmail   : MainSyncRequestProto: lowestBkwdConvoId: 0, highestHandledServerOp: 617119, normalSync: true
06-19 17:46:37.336 21865 24304 W Gmail   : Scheduling index for 300000 ms from now
06-19 17:46:37.379 21865 24304 I Gmail   : Sending notification intent: Intent { act=android.intent.action.PROVIDER_CHANGED dat=content://gmail-ls/unread/^i (has extras) }
06-19 17:46:37.398 21865 21872 I dalvikvm: Jit: resizing JitTable from 8192 to 16384
06-19 17:46:37.429 21865 24308 W Gmail   : Showing notification with unreadCount of 1 and unseenCount of 1
06-19 17:46:37.437 21865 24304 I Gmail   : Sending notification intent: Intent { act=android.intent.action.PROVIDER_CHANGED dat=content://gmail-ls/unread/^iim (has extras) }
06-19 17:46:37.570   140   142 D dalvikvm: GC_CONCURRENT freed 2035K, 18% free 17620K/21447K, paused 3ms+12ms
06-19 17:46:37.675   140   313 D dalvikvm: GC_EXPLICIT freed 181K, 19% free 17446K/21447K, paused 5ms+10ms
06-19 17:46:37.781 21865 24309 I Gmail   : MainSyncRequestProto: lowestBkwdConvoId: 0, highestHandledServerOp: 617119, normalSync: true
06-19 17:46:37.816   211   212 D dalvikvm: GC_CONCURRENT freed 330K, 52% free 10022K/20743K, paused 2ms+6ms
06-19 17:46:37.922   211   212 D dalvikvm: GC_CONCURRENT freed 227K, 51% free 10179K/20743K, paused 5ms+3ms
06-19 17:46:37.980   211   212 D dalvikvm: GC_CONCURRENT freed 597K, 52% free 10092K/20743K, paused 2ms+3ms
06-19 17:46:38.172   211   212 D dalvikvm: GC_CONCURRENT freed 378K, 51% free 10174K/20743K, paused 2ms+7ms
06-19 17:46:38.578 21865 24309 D dalvikvm: GC_EXPLICIT freed 271K, 10% free 11330K/12551K, paused 7ms+4ms
06-19 17:46:38.582 21865 24309 I Gmail   : MainSyncRequestProto: lowestBkwdConvoId: 0, highestHandledServerOp: 617119, normalSync: true
06-19 17:46:38.625 21865 24309 D dalvikvm: GC_EXPLICIT freed 60K, 11% free 11287K/12551K, paused 2ms+5ms
06-19 17:46:38.632 21865 24309 W Gmail   : Scheduling index for 300000 ms from now
06-19 17:46:55.648 21865 21865 D OpenGLRenderer: Flushing caches (mode 1)
06-19 17:47:07.211  7204  7221 D androidNetworkLocationListeners: Still have listener com.google.android.location.internal.client.NetworkLocationClient$1@41378bd0
06-19 17:47:07.218  7204  7221 D androidNetworkLocationListeners: Still have listener com.google.android.location.internal.client.NetworkLocationClient$1@41378bd0
06-19 17:47:07.254  8973  8975 D dalvikvm: GC_CONCURRENT freed 354K, 8% free 9696K/10503K, paused 1ms+2ms
06-19 17:47:07.902 22272 22272 I PhoneLab-Locks: wake lock acquired
06-19 17:47:07.925 22272 22272 I PhoneLab-StatusMonitor: Status Monitoring is started
06-19 17:47:07.976 22272 22275 D dalvikvm: GC_CONCURRENT freed 513K, 17% free 9289K/11079K, paused 1ms+2ms
06-19 17:47:08.000 22272 22272 I PhoneLab-StatusMonitor: Value: 10 - unit: min
06-19 17:47:08.000 22272 22272 I PhoneLab-StatusMonitor: Running interval: 600000
06-19 17:47:08.007 22272 22272 I PhoneLab-StatusMonitor: Rescheduling status monitoring...
06-19 17:47:08.011 22272 22272 I PhoneLab-Locks: wake lock released
06-19 17:47:08.015 22272 22272 I PhoneLab-StatusMonitorLocation: Learning Location
06-19 17:47:08.015 22272 22272 I PhoneLab-Locks: wake lock acquired
06-19 17:47:08.019 22272 22272 I PhoneLab-Locks: wake lock acquired
06-19 17:47:08.023 22272 22272 I PhoneLab-StatusMonitorLocation: Learning Signal Strgth
06-19 17:47:08.023 22272 22272 I PhoneLab-Locks: wake lock acquired
06-19 17:47:08.027  7204  7221 D androidNetworkLocationListeners: Still have listener com.google.android.location.internal.client.NetworkLocationClient$1@41378bd0
06-19 17:47:08.031  7204  7221 D androidNetworkLocationListeners: Still have listener com.google.android.location.internal.client.NetworkLocationClient$1@41378bd0
06-19 17:47:08.035 22272 22272 I PhoneLab-StatusMonitorBattery: Battery_level: 93
06-19 17:47:08.035 22272 22272 I PhoneLab-Locks: wake lock released
06-19 17:47:08.039 22272 22272 I PhoneLab-StatusMonitorSignal: Signal_Strength: -96 asu: 9
06-19 17:47:08.039 22272 22272 I PhoneLab-Locks: wake lock released
06-19 17:47:08.574 22272 22272 I PhoneLab-StatusMonitorLocation: Location_Latitude: 43.0006302 Longitude: -78.7867195 Accuracy: 62.0
06-19 17:47:08.574  7204  7221 D androidNetworkLocationListeners: Still have listener com.google.android.location.internal.client.NetworkLocationClient$1@41378bd0
06-19 17:47:08.578 22272 22272 I PhoneLab-Locks: wake lock released
06-19 17:47:08.601  7204  7206 D dalvikvm: GC_CONCURRENT freed 544K, 7% free 10771K/11527K, paused 2ms+3ms
06-19 17:47:09.308 21865 21865 D OpenGLRenderer: Flushing caches (mode 1)
06-19 17:47:55.023  7204  7206 D dalvikvm: GC_CONCURRENT freed 496K, 7% free 10754K/11527K, paused 2ms+4ms
06-19 17:49:25.050  7204  7206 D dalvikvm: GC_CONCURRENT freed 485K, 7% free 10755K/11527K, paused 2ms+3ms
06-19 17:50:55.152  7204  7206 D dalvikvm: GC_CONCURRENT freed 483K, 7% free 10752K/11527K, paused 2ms+3ms
06-19 17:52:23.254  7204  7221 D androidNetworkLocationListeners: Still have listener com.google.android.location.internal.client.NetworkLocationClient$1@41378bd0
06-19 17:52:23.261  7204  7221 D androidNetworkLocationListeners: Still have listener com.google.android.location.internal.client.NetworkLocationClient$1@41378bd0
06-19 17:52:24.601  7204  7206 D dalvikvm: GC_CONCURRENT freed 486K, 7% free 10753K/11527K, paused 2ms+4ms
06-19 17:53:08.820 23136 23138 D dalvikvm: GC_CONCURRENT freed 453K, 6% free 9237K/9799K, paused 12ms+2ms
06-19 17:53:54.695  7204  7206 D dalvikvm: GC_CONCURRENT freed 484K, 7% free 10756K/11527K, paused 2ms+4ms
06-19 17:55:24.722 22272 22285 I PhoneLab-: Service Running
06-19 17:55:24.793 22272 22285 I PhoneLab-LoggerService: app_38    1313  1     1432   988   c00f181c 400107b4 S logcat
06-19 17:55:24.793 22272 22285 I PhoneLab-LoggerService: Logcat pid from database 1313
06-19 17:55:24.793 22272 22285 I PhoneLab-LoggerService: Logcat process found 1313
06-19 17:55:24.793 22272 22285 I PhoneLab-LoggerService: Checking Threshold
06-19 17:55:24.793 22272 22285 I PhoneLab-: Service Running
06-19 17:55:24.839  7204  7206 D dalvikvm: GC_CONCURRENT freed 485K, 7% free 10756K/11527K, paused 2ms+7ms
06-19 17:55:24.855 22272 22285 I PhoneLab-LoggerService: app_38    1313  1     1432   988   c00f181c 400107b4 S logcat
06-19 17:55:24.855 22272 22285 I PhoneLab-LoggerService: Logcat pid from database 1313
06-19 17:55:24.855 22272 22285 I PhoneLab-LoggerService: Logcat process found 1313
06-19 17:55:24.855 22272 22285 I PhoneLab-LoggerService: Checking Threshold
06-19 17:55:24.855 22272 22285 I PhoneLab-: Service Running
06-19 17:55:24.898 22272 22275 D dalvikvm: GC_CONCURRENT freed 482K, 17% free 9212K/11079K, paused 2ms+5ms
06-19 17:55:24.902 22272 22285 I PhoneLab-LoggerService: app_38    1313  1     1432   988   c00f181c 400107b4 S logcat
06-19 17:55:24.902 22272 22285 I PhoneLab-LoggerService: Logcat pid from database 1313
06-19 17:55:24.902 22272 22285 I PhoneLab-LoggerService: Logcat process found 1313
06-19 17:55:24.902 22272 22285 I PhoneLab-LoggerService: Checking Threshold
06-19 17:55:24.902 22272 22285 I PhoneLab-: Service Running
06-19 17:55:24.937 22272 22285 I PhoneLab-LoggerService: app_38    1313  1     1432   988   c00f181c 400107b4 S logcat
06-19 17:55:24.937 22272 22285 I PhoneLab-LoggerService: Logcat pid from database 1313
06-19 17:55:24.937 22272 22285 I PhoneLab-LoggerService: Logcat process found 1313
06-19 17:55:24.937 22272 22285 I PhoneLab-LoggerService: Checking Threshold
06-19 17:55:24.937 22272 22285 I PhoneLab-: Service Running
06-19 17:55:24.964 22272 22285 I PhoneLab-LoggerService: app_38    1313  1     1432   988   c00f181c 400107b4 S logcat
06-19 17:55:24.964 22272 22285 I PhoneLab-LoggerService: Logcat pid from database 1313
06-19 17:55:24.964 22272 22285 I PhoneLab-LoggerService: Logcat process found 1313
06-19 17:55:24.964 22272 22285 I PhoneLab-LoggerService: Checking Threshold
06-19 17:55:24.964 22272 22285 I PhoneLab-: Service Running
06-19 17:55:24.992 22272 22285 I PhoneLab-LoggerService: app_38    1313  1     1432   988   c00f181c 400107b4 S logcat
06-19 17:55:24.996 22272 22285 I PhoneLab-LoggerService: Logcat pid from database 1313
06-19 17:55:24.996 22272 22285 I PhoneLab-LoggerService: Logcat process found 1313
06-19 17:55:24.996 22272 22285 I PhoneLab-LoggerService: Checking Threshold
06-19 17:55:24.996 22272 22285 I PhoneLab-: Service Running
06-19 17:55:25.023 22272 22285 I PhoneLab-LoggerService: app_38    1313  1     1432   988   c00f181c 400107b4 S logcat
06-19 17:55:25.023 22272 22285 I PhoneLab-LoggerService: Logcat pid from database 1313
06-19 17:55:25.023 22272 22285 I PhoneLab-LoggerService: Logcat process found 1313
06-19 17:55:25.023 22272 22285 I PhoneLab-LoggerService: Checking Threshold
06-19 17:55:25.023 22272 22285 I PhoneLab-: Service Running
06-19 17:55:25.050 22272 22285 I PhoneLab-LoggerService: app_38    1313  1     1432   988   c00f181c 400107b4 S logcat
06-19 17:55:25.050 22272 22285 I PhoneLab-LoggerService: Logcat pid from database 1313
06-19 17:55:25.050 22272 22285 I PhoneLab-LoggerService: Logcat process found 1313
06-19 17:55:25.050 22272 22285 I PhoneLab-LoggerService: Checking Threshold
06-19 17:56:08.238 21865 24344 W Gmail   : Successful index run, cancel next scheduled index run
06-19 17:56:17.636  7204  8712 I EventLogService: Aggregate from 1340141177522 (log), 1340141177522 (data)
06-19 17:56:34.019   140   170 I ActivityManager: Start proc mobi.mgeek.TunnyBrowser:DolphinNotification for service mobi.mgeek.TunnyBrowser/com.dolphin.browser.message.C2DMService: pid=24345 uid=10058 gids={3003, 1015, 1007}
06-19 17:56:34.027 24345 24345 I dalvikvm: Turning on JNI app bug workarounds for target SDK version 6...
06-19 17:56:34.144   140   312 I ActivityManager: Process com.pandora.android (pid 23783) has died.
06-19 17:56:34.144   140   312 W ActivityManager: Scheduling restart of crashed service com.pandora.android/.PandoraService in 5000ms
06-19 17:56:34.211   140  3898 W InputManagerService: Starting input on non-focused client com.android.internal.view.IInputMethodClient$Stub$Proxy@4189ac20 (uid=10032 pid=24131)
06-19 17:56:53.414 24345 24345 D TraceLog: Browser.onCreate started.
06-19 17:56:53.418 24345 24345 V Browser : creating browser applicationmobi.mgeek.TunnyBrowser.Browser@41367ce8
06-19 17:56:53.418 24345 24345 V Browser : creating browser applicationmobi.mgeek.TunnyBrowser.Browser@41367ce8
06-19 17:56:53.531 24345 24347 D dalvikvm: GC_CONCURRENT freed 166K, 3% free 9339K/9607K, paused 2ms+9ms
06-19 17:56:53.605 24345 24345 E dalvikvm: Could not find class 'com.android.chromeview.ChromeView', referenced from method com.dolphin.browser.core.WebViewFactory.a
06-19 17:56:53.605 24345 24345 W dalvikvm: VFY: unable to resolve const-class 532 (Lcom/android/chromeview/ChromeView;) in Lcom/dolphin/browser/core/WebViewFactory;
06-19 17:56:53.605 24345 24345 D dalvikvm: VFY: replacing opcode 0x1c at 0x0014
06-19 17:56:53.636 24345 24345 I dalvikvm: Could not find method com.dolphin.browser.androidwebkit.MyWebView.getZoomButtonsController, referenced from method com.dolphin.browser.androidwebkit.MyWebView.hideZoomButtonsController
06-19 17:56:53.636 24345 24345 W dalvikvm: VFY: unable to resolve virtual method 4629: Lcom/dolphin/browser/androidwebkit/MyWebView;.getZoomButtonsController ()Landroid/widget/ZoomButtonsController;
06-19 17:56:53.636 24345 24345 D dalvikvm: VFY: replacing opcode 0x6e at 0x000a
06-19 17:56:53.816 24345 24347 D dalvikvm: GC_CONCURRENT freed 390K, 5% free 9399K/9863K, paused 2ms+4ms
06-19 17:56:54.570 24345 24345 I Process : Sending signal. PID: 24345 SIG: 9
06-19 17:56:54.593   140  1187 I ActivityManager: Process mobi.mgeek.TunnyBrowser:DolphinNotification (pid 24345) has died.
06-19 17:56:54.703   140   390 W InputManagerService: Starting input on non-focused client com.android.internal.view.IInputMethodClient$Stub$Proxy@4189ac20 (uid=10032 pid=24131)
06-19 17:56:54.730 24131 24133 D dalvikvm: GC_CONCURRENT freed 454K, 6% free 9756K/10311K, paused 4ms+3ms
06-19 17:56:54.879 23177 23180 D dalvikvm: GC_CONCURRENT freed 384K, 7% free 10524K/11207K, paused 2ms+10ms
06-19 17:56:54.933  7204  7206 D dalvikvm: GC_CONCURRENT freed 552K, 7% free 10761K/11527K, paused 2ms+11ms
06-19 17:57:07.019   140   157 I ActivityManager: Start proc com.pandora.android for service com.pandora.android/.PandoraService: pid=24368 uid=10064 gids={3003, 3002, 3001, 1015}
06-19 17:57:07.277 24368 24368 I dalvikvm: Turning on JNI app bug workarounds for target SDK version 10...
06-19 17:57:07.293  7204  7221 D androidNetworkLocationListeners: Still have listener com.google.android.location.internal.client.NetworkLocationClient$1@41378bd0
06-19 17:57:07.304  7204  7221 D androidNetworkLocationListeners: Still have listener com.google.android.location.internal.client.NetworkLocationClient$1@41378bd0
06-19 17:57:07.410 24368 24368 I ActivityThread: Pub com.pandora.provider: com.pandora.android.provider.StationProvider
06-19 17:57:08.035 22272 22272 I PhoneLab-Locks: wake lock acquired
06-19 17:57:08.070 22272 22272 I PhoneLab-StatusMonitor: Status Monitoring is started
06-19 17:57:08.109 22272 22275 D dalvikvm: GC_CONCURRENT freed 475K, 17% free 9249K/11079K, paused 1ms+3ms
06-19 17:57:08.132 22272 22272 I PhoneLab-StatusMonitor: Value: 10 - unit: min
06-19 17:57:08.132 22272 22272 I PhoneLab-StatusMonitor: Running interval: 600000
06-19 17:57:08.140 22272 22272 I PhoneLab-StatusMonitor: Rescheduling status monitoring...
06-19 17:57:08.140 22272 22272 I PhoneLab-Locks: wake lock released
06-19 17:57:08.144 22272 22272 I PhoneLab-StatusMonitorLocation: Learning Location
06-19 17:57:08.144 22272 22272 I PhoneLab-Locks: wake lock acquired
06-19 17:57:08.148 22272 22272 I PhoneLab-Locks: wake lock acquired
06-19 17:57:08.148  7204  7221 D androidNetworkLocationListeners: Still have listener com.google.android.location.internal.client.NetworkLocationClient$1@41378bd0
06-19 17:57:08.152 22272 22272 I PhoneLab-StatusMonitorLocation: Learning Signal Strgth
06-19 17:57:08.152 22272 22272 I PhoneLab-Locks: wake lock acquired
06-19 17:57:08.160  7204  7221 D androidNetworkLocationListeners: Still have listener com.google.android.location.internal.client.NetworkLocationClient$1@41378bd0
06-19 17:57:08.164 22272 22272 I PhoneLab-StatusMonitorBattery: Battery_level: 92
06-19 17:57:08.168 22272 22272 I PhoneLab-Locks: wake lock released
06-19 17:57:08.168 22272 22272 I PhoneLab-StatusMonitorSignal: Signal_Strength: -96 asu: 9
06-19 17:57:08.168 22272 22272 I PhoneLab-Locks: wake lock released
06-19 17:57:08.609 22272 22272 I PhoneLab-StatusMonitorLocation: Location_Latitude: 43.0006404 Longitude: -78.7867289 Accuracy: 63.0
06-19 17:57:08.613  7204  7221 D androidNetworkLocationListeners: Still have listener com.google.android.location.internal.client.NetworkLocationClient$1@41378bd0
06-19 17:57:08.613 22272 22272 I PhoneLab-Locks: wake lock released
06-19 17:57:09.964  7204  7206 D dalvikvm: GC_CONCURRENT freed 499K, 7% free 10756K/11527K, paused 2ms+4ms
06-19 17:57:53.261   140   142 D dalvikvm: GC_CONCURRENT freed 1816K, 19% free 17555K/21447K, paused 3ms+9ms
06-19 17:58:40.066  7204  7206 D dalvikvm: GC_CONCURRENT freed 486K, 7% free 10756K/11527K, paused 2ms+3ms
06-19 18:00:10.144  7204  7206 D dalvikvm: GC_CONCURRENT freed 486K, 7% free 10756K/11527K, paused 2ms+3ms
06-19 18:00:45.004   140   172 I power   : *** set_screen_state 1
06-19 18:00:45.062   140   172 I WindowManager: Lock screen displayed!
06-19 18:00:45.152   140   389 W InputManagerService: Starting input on non-focused client com.android.internal.view.IInputMethodClient$Stub$Proxy@4189ac20 (uid=10032 pid=24131)
06-19 18:00:45.175  7204  7221 D androidNetworkLocationListeners: Still have listener com.google.android.location.internal.client.NetworkLocationClient$1@41378bd0
06-19 18:00:45.246    78   118 D SurfaceFlinger: Screen about to return, flinger = 0x14f1918
06-19 18:00:45.269 16269 16269 D dalvikvm: GC_EXPLICIT freed 18K, 3% free 9254K/9479K, paused 1ms+2ms
06-19 18:00:45.414  7204  7221 D androidNetworkLocationListeners: Still have listener com.google.android.location.internal.client.NetworkLocationClient$1@41378bd0
06-19 18:00:45.468  8973 24411 I ControllerImpl: GET:http://wxdata.weather.com/wxdata/loc/get.js?lat=43.0006416&lng=-78.7866971&locale=en_US&key=e88d42ec-a740-102c-bafd-001321203584
06-19 18:00:45.472  8973 24411 I DAL     : GET:http://wxdata.weather.com/wxdata/loc/get.js?lat=43.0006416&lng=-78.7866971&locale=en_US&key=e88d42ec-a740-102c-bafd-001321203584
06-19 18:00:45.836  8973  8973 D WeatherGadgetService: WeatherGadetService.getWeatherData:Buffalo, NY (14228), **FOLLOW_ME**
06-19 18:00:45.836  8973  8973 D DAL     : WeatherDataConnection request:Buffalo, NY (14228), CC
06-19 18:00:45.836  8973  8973 D DAL     : WeatherDataConnection request:Buffalo, NY (14228), WA
06-19 18:00:45.843  8973 24412 D DAL     : hhh onRemoval: cause:EXPIRED, Buffalo, NY (14228)
06-19 18:00:45.843  8973 24412 D DAL     : FILE MEMCACHE-MISS:Buffalo, NY (14228)
06-19 18:00:45.843  8973 24412 D DAL     : hhh onRemoval: cause:EXPIRED, http://wxdata.weather.com/wxdata/mobile/mobagg/14228.js?locale=en_US&key=e88d42ec-a740-102c-bafd-001321203584
06-19 18:00:45.847  8973 24412 D DAL     : FILE MEMCACHE-MISS:http://wxdata.weather.com/wxdata/mobile/mobagg/14228.js?locale=en_US&key=e88d42ec-a740-102c-bafd-001321203584
06-19 18:00:45.847  8973 24412 I ControllerImpl: GET:http://wxdata.weather.com/wxdata/mobile/mobagg/14228.js?locale=en_US&key=e88d42ec-a740-102c-bafd-001321203584
06-19 18:00:45.847  8973 24412 I DAL     : GET:http://wxdata.weather.com/wxdata/mobile/mobagg/14228.js?locale=en_US&key=e88d42ec-a740-102c-bafd-001321203584
06-19 18:00:45.851  8973 24413 D DAL     : hhh onRemoval: cause:EXPIRED, Buffalo, NY (14228)
06-19 18:00:45.851  8973 24413 D DAL     : FILE MEMCACHE-MISS:Buffalo, NY (14228)
06-19 18:00:46.586  8973 24412 D DAL     : Deleting old file:22335667-AGG-http+wxdata+weather+com+wxdata+mobile+mobagg+14228+js+locale+en_US+key+e88d42ec-a740-102c-bafd-001321203584
06-19 18:00:46.640   211   211 D PhoneStatusBar: disable: < EXPAND icons alerts TICKER system_info back* home* RECENT clock* >
06-19 18:00:46.761  8973  8975 D dalvikvm: GC_CONCURRENT freed 402K, 7% free 9792K/10503K, paused 32ms+14ms
06-19 18:00:46.804  8973 24412 D dalvikvm: GC_FOR_ALLOC freed 129K, 8% free 9737K/10503K, paused 24ms
06-19 18:00:46.820  8973 24413 D DAL     : Deleting old file:22335667-DISCRETE_WA-Buffalo+NY+(14228)
06-19 18:00:46.839  8973 24412 D DAL     : Deleting old file:22335667-DISCRETE_CC-Buffalo+NY+(14228)
06-19 18:00:46.855  7204  7221 D androidNetworkLocationListeners: Still have listener com.google.android.location.internal.client.NetworkLocationClient$1@41378bd0
06-19 18:00:46.879  8973 24414 I ControllerImpl: GET:http://wxdata.weather.com/wxdata/loc/get.js?lat=43.000619&lng=-78.7865702&locale=en_US&key=e88d42ec-a740-102c-bafd-001321203584
06-19 18:00:46.879  8973 24414 I DAL     : GET:http://wxdata.weather.com/wxdata/loc/get.js?lat=43.000619&lng=-78.7865702&locale=en_US&key=e88d42ec-a740-102c-bafd-001321203584
06-19 18:00:47.371  8973  8973 D WeatherGadgetService: WeatherGadetService.getWeatherData:Buffalo, NY (14228), **FOLLOW_ME**
06-19 18:00:47.371  8973  8973 D DAL     : WeatherDataConnection request:Buffalo, NY (14228), CC
06-19 18:00:47.371  8973  8973 D DAL     : WeatherDataConnection request:Buffalo, NY (14228), WA
06-19 18:00:48.203  7204  7206 D dalvikvm: GC_CONCURRENT freed 487K, 7% free 10755K/11527K, paused 2ms+2ms
06-19 18:00:48.394   140   168 I power   : *** set_screen_state 0
06-19 18:00:48.468    78   118 D SurfaceFlinger: About to give-up screen, flinger = 0x14f1918
06-19 18:00:48.480   140   172 D UnlockScreen: portrait mode
06-19 18:00:48.566   140   172 V TransportControlView: Create TCV com.android.internal.widget.TransportControlView@41690828
06-19 18:00:48.613   211   211 D PhoneStatusBar: disable: < EXPAND icons alerts TICKER system_info BACK* HOME* RECENT CLOCK* >
06-19 18:00:49.285 22272 22272 I PhoneLab-Locks: wake lock acquired
06-19 18:00:49.316 22272 24415 I PhoneLab-PeriodicCheckService: User info is synched
06-19 18:00:49.316 22272 24415 I PhoneLab-PeriodicCheckService: Logger Service is running
06-19 18:00:49.320 22272 24415 I PhoneLab-Locks: wake lock acquired
06-19 18:00:49.324 22272 22272 I PhoneLab-UploadLogs: Transfering log files now
06-19 18:00:49.324 22272 22272 I PhoneLab-UploadLogs: No log files to transfer
06-19 18:00:49.324 22272 22272 I PhoneLab-Locks: wake lock released
06-19 18:00:49.324 22272 22272 I PhoneLab-UploadLogs: OnStartCommand
06-19 18:00:49.324 22272 24415 I PhoneLab-PeriodicCheckService: Rescheduling periodic checking...
06-19 18:00:49.328 22272 24415 I PhoneLab-Locks: wake lock released
06-19 18:02:34.199  7204  7221 D androidNetworkLocationListeners: Still have listener com.google.android.location.internal.client.NetworkLocationClient$1@41378bd0
06-19 18:02:34.211  7204  7221 D androidNetworkLocationListeners: Still have listener com.google.android.location.internal.client.NetworkLocationClient$1@41378bd0
06-19 18:02:52.015 10869 10869 I wpa_supplicant: wlan0: CTRL-EVENT-DISCONNECTED bssid=00:18:74:c7:01:01 reason=0
06-19 18:02:52.015    75   115 D CommandListener: Clearing all IP addresses on wlan0
06-19 18:02:52.031   140   197 D ConnectivityService: ConnectivityChange for WIFI: DISCONNECTED/DISCONNECTED
06-19 18:02:52.050   140   197 D ConnectivityService: Attempting to switch to mobile
06-19 18:02:52.113   140   197 D ConnectivityService: Attempting to switch to WIMAX
06-19 18:02:52.121   140   197 D ConnectivityService: Attempting to switch to BLUETOOTH_TETHER
06-19 18:02:52.129   140   197 E ConnectivityService: Exception trying to remove a route: java.lang.IllegalStateException: Unable to communicate with native dameon to add routes - com.android.server.NativeDaemonConnectorException: Cmd {interface route remove wlan0 default 128.205.63.254 32 0.0.0.0} failed with code 400 : {Failed to remove route from default table (No such process)}
06-19 18:02:52.129   140   197 E ConnectivityService: Exception trying to remove a route: java.lang.IllegalStateException: Unable to communicate with native dameon to add routes - com.android.server.NativeDaemonConnectorException: Cmd {interface route remove wlan0 default 0.0.0.0 0 128.205.63.254} failed with code 400 : {Failed to remove route from default table (No such process)}
06-19 18:02:52.136   140   197 D NetUtils: android_net_utils_resetConnections in env=0xee3668 clazz=0x9de00001 iface=wlan0 mask=0x3
06-19 18:02:52.136   140   197 D ConnectivityService: resetConnections(wlan0, 3)
06-19 18:02:52.156  7204 22911 W Smack/Packet: notify conn break (IOEx), close connection
06-19 18:02:52.320  7204 22911 I qtaguid : Failed write_ctrl(u 83) res=-1 errno=22
06-19 18:02:52.320  7204 22911 I qtaguid : Untagging socket 83 failed errno=-22
06-19 18:02:52.320  7204 22911 W NetworkManagementSocketTagger: untagSocket(83) failed with errno -22
06-19 18:02:52.339   140   197 D ConnectivityService: handleInetConditionChange: no active default network - ignore
06-19 18:02:52.621 10869 10869 I wpa_supplicant: wlan0: Trying to associate with 00:14:1c:bb:ee:f1 (SSID='UB_Wireless' freq=2437 MHz)
06-19 18:02:52.855 10869 10869 I wpa_supplicant: wlan0: Associated with 00:14:1c:bb:ee:f1
06-19 18:02:52.855 10869 10869 I wpa_supplicant: wlan0: CTRL-EVENT-CONNECTED - Connection to 00:14:1c:bb:ee:f1 completed (reauth) [id=1 id_str=]
06-19 18:02:53.504   140   197 D ConnectivityService: ConnectivityChange for WIFI: CONNECTED/CONNECTED
06-19 18:02:53.531 22272 22272 I PhoneLab-WiFiReceiver: Wi-Fi is connected!
06-19 18:02:53.546 22272 22272 I PhoneLab-WiFiReceiver: SSID: UB_Wireless BSSID: 00:14:1c:bb:ee:f1 RSSI: -200 LinkSpeed: -1
06-19 18:02:53.546 22272 22272 I PhoneLab-Locks: wake lock acquired
06-19 18:02:53.554 22272 22272 I PhoneLab-UploadLogs: Transfering log files now
06-19 18:02:53.558 22272 22272 I PhoneLab-UploadLogs: No log files to transfer
06-19 18:02:53.558 22272 22272 I PhoneLab-Locks: wake lock released
06-19 18:02:53.558 22272 22272 I PhoneLab-UploadLogs: OnStartCommand
06-19 18:02:53.589   140   192 W NetworkStats: dropping UID delta from unknown iface: iface=wlan0 uid=0 set=DEFAULT tag=0x0 rxBytes=0 rxPackets=0 txBytes=140 txPackets=2 operations=0
06-19 18:02:53.656   140   142 D dalvikvm: GC_CONCURRENT freed 1959K, 18% free 17636K/21447K, paused 7ms+8ms
06-19 18:02:54.519   140   197 D ConnectivityService: NetTransition Wakelock for WifiStateMachine released by timeout
06-19 18:02:56.195   140   201 D Tethering: MasterInitialState.processMessage what=3
06-19 18:02:56.250   140   157 I ActivityManager: Start proc android.process.media for broadcast com.android.providers.downloads/.DownloadReceiver: pid=24448 uid=10012 gids={1015, 1023, 1024, 2001, 3003, 3007}
06-19 18:02:56.285  7204  7204 I GTalkService/c: [AndroidEndpoint@1093869480] connect: acct=1000000, state=CONNECTING
06-19 18:02:56.293  7204  7204 I GTalkService/c: [GTalkConnection@1094136176] connect: acct=1, state=CONNECTING
06-19 18:02:56.332 24448 24448 I ActivityThread: Pub downloads: com.android.providers.downloads.DownloadProvider
06-19 18:02:56.347 24448 24448 I ActivityThread: Pub drm: com.android.providers.drm.DrmProvider
06-19 18:02:56.347 24448 24462 I DownloadManager: in removeSpuriousFiles
06-19 18:02:56.367 24448 24448 I ActivityThread: Pub media: com.android.providers.media.MediaProvider
06-19 18:02:56.472 24448 24462 I DownloadManager: in removeSpuriousFiles, preserving file /data/data/com.android.providers.downloads/cache/downloadfile.apk
06-19 18:02:56.476 24448 24462 I DownloadManager: deleting spurious file /cache/backup
06-19 18:02:56.570   140   151 D dalvikvm: GC_EXPLICIT freed 312K, 19% free 17501K/21447K, paused 3ms+7ms
06-19 18:02:56.621 24448 24450 D dalvikvm: GC_CONCURRENT freed 337K, 5% free 9197K/9607K, paused 12ms+2ms
06-19 18:02:56.707   140   386 I ActivityManager: Start proc com.google.android.gallery3d for broadcast com.google.android.gallery3d/com.google.android.picasasync.ConnectivityReceiver: pid=24466 uid=10017 gids={3003, 1015}
06-19 18:02:56.726   140  4555 I ActivityManager: Process com.android.deskclock (pid 24021) has died.
06-19 18:02:56.843   337   339 D dalvikvm: GC_CONCURRENT freed 934K, 10% free 12277K/13511K, paused 6ms+4ms
06-19 18:02:56.843   140   389 W InputManagerService: Starting input on non-focused client com.android.internal.view.IInputMethodClient$Stub$Proxy@4189ac20 (uid=10032 pid=24131)
06-19 18:02:56.875 24466 24466 I ActivityThread: Pub com.google.android.gallery3d.GooglePhotoProvider: com.google.android.picasasync.PicasaContentProvider
06-19 18:02:56.949   140  1187 I ActivityManager: Process com.google.android.apps.maps (pid 22783) has died.
06-19 18:02:57.015   140   390 W InputManagerService: Starting input on non-focused client com.android.internal.view.IInputMethodClient$Stub$Proxy@4189ac20 (uid=10032 pid=24131)
06-19 18:02:57.031 24466 24468 D dalvikvm: GC_CONCURRENT freed 418K, 6% free 9118K/9607K, paused 5ms+2ms
06-19 18:02:57.093 24466 24466 I ActivityThread: Pub com.google.android.gallery3d.provider: com.android.gallery3d.provider.GalleryProvider
06-19 18:02:57.183 24466 24468 D dalvikvm: GC_CONCURRENT freed 392K, 5% free 9196K/9671K, paused 1ms+2ms
06-19 18:02:57.218 24466 24466 D UploadsManager: load newPhotoTracker: null
06-19 18:02:57.218 24466 24466 D UploadsManager: load all accounts: null
06-19 18:02:57.218 24466 24466 D UploadsManager: load all account-album pairs: null
06-19 18:02:57.218 24466 24466 V PicasaContentProvider: querySettings: defaults: {sync_on_wifi_only=1, auto_upload_account_type=null, sync_on_battery=1, sync_picasa_on_wifi_only=1, auto_upload_enabled=0, video_upload_wifi_only=1, sync_on_roaming=0, auto_upload_account_name=null}
06-19 18:02:57.222 24466 24466 D UploadsManager:    settings not changed
06-19 18:02:57.226 24466 24481 D PicasaSync: sync account database
06-19 18:02:57.293   140   386 I ActivityManager: Start proc com.google.android.apps.uploader for broadcast com.google.android.apps.uploader/.ConnectivityBroadcastReceiver: pid=24483 uid=10031 gids={3003}
06-19 18:02:57.304 24483 24483 I dalvikvm: Turning on JNI app bug workarounds for target SDK version 11...
06-19 18:02:57.332 24466 24481 D PicasaSync: accounts in DB=1
06-19 18:02:57.332 24466 24481 V PicasaContentProvider: querySettings: defaults: {sync_on_wifi_only=1, auto_upload_account_type=null, sync_on_battery=1, sync_picasa_on_wifi_only=1, auto_upload_enabled=0, video_upload_wifi_only=1, sync_on_roaming=0, auto_upload_account_name=null}
06-19 18:02:57.367 24483 24483 I ActivityThread: Pub com.google.android.apps.uploader: com.google.android.apps.uploader.UploadsContentProvider
06-19 18:02:57.371 24483 24483 I ActivityThread: Pub com.google.photos.provider.Album: com.google.android.apps.uploader.clients.picasa.AlbumProvider
06-19 18:02:57.378 24483 24483 D MediaUploader: UploaderApplication.onCreate
06-19 18:02:57.414 24466 24481 D PicasaSyncManager: active network: NetworkInfo: type: WIFI[], state: CONNECTED/CONNECTED, reason: (unspecified), extra: (none), roaming: false, failover: false, isAvailable: true
06-19 18:02:57.414 24466 24481 D PicasaSyncManager: background data: true
06-19 18:02:57.414 24483 24483 D MediaUploader: nonWifiLimit=20971520, default=20971520
06-19 18:02:57.421 24483 24483 I MediaUploader: No need to wake up
06-19 18:02:57.425 22272 22272 I PhoneLab-WiFiReceiver: Wi-Fi is disconnected!
06-19 18:02:57.468 24466 24481 D PicasaSyncManager: battery info: false
06-19 18:02:57.519   140   201 D Tethering: MasterInitialState.processMessage what=3
06-19 18:02:57.675 24466 24481 D PicasaSyncManager: active network: NetworkInfo: type: WIFI[], state: CONNECTED/CONNECTED, reason: (unspecified), extra: (none), roaming: false, failover: false, isAvailable: true
06-19 18:02:57.675 24466 24481 D PicasaSyncManager: background data: true
06-19 18:02:57.687 24483 24483 I MediaUploader: No need to wake up
06-19 18:02:57.753  7204  7206 D dalvikvm: GC_CONCURRENT freed 477K, 7% free 10734K/11527K, paused 4ms+3ms
06-19 18:02:59.836   140   197 D ConnectivityService: ConnectivityChange for mobile: CONNECTED/CONNECTED
06-19 18:02:59.875   140   197 D ConnectivityService: ConnectivityChange for mobile: DISCONNECTED/DISCONNECTED
06-19 18:02:59.875   140   197 D ConnectivityService: Attempting to switch to WIFI
06-19 18:02:59.875   140   197 D ConnectivityService: Attempting to switch to WIMAX
06-19 18:02:59.875   140   197 D ConnectivityService: Attempting to switch to BLUETOOTH_TETHER
06-19 18:02:59.878   140   197 D NetUtils: android_net_utils_resetConnections in env=0xee3668 clazz=0xb2c00001 iface=rmnet0 mask=0x3
06-19 18:02:59.878   140   197 D ConnectivityService: resetConnections(rmnet0, 3)
06-19 18:03:00.070   140   313 I ActivityManager: Process android.process.acore (pid 23971) has died.
06-19 18:03:00.113   140   312 I ActivityManager: Start proc android.process.acore for content provider com.android.providers.contacts/.ContactsProvider2: pid=24506 uid=10000 gids={3003, 1015}
06-19 18:03:00.136   140  4555 W InputManagerService: Starting input on non-focused client com.android.internal.view.IInputMethodClient$Stub$Proxy@4189ac20 (uid=10032 pid=24131)
06-19 18:03:00.238 24131 24133 D dalvikvm: GC_CONCURRENT freed 483K, 6% free 9764K/10375K, paused 2ms+15ms
06-19 18:03:00.261 24506 24506 I ActivityThread: Pub call_log: com.android.providers.contacts.CallLogProvider
06-19 18:03:00.296 24506 24506 I ActivityThread: Pub com.android.voicemail: com.android.providers.contacts.VoicemailContentProvider
06-19 18:03:00.300 24506 24506 I ActivityThread: Pub user_dictionary: com.android.providers.userdictionary.UserDictionaryProvider
06-19 18:03:00.320   140   197 D ConnectivityService: handleInetConditionHoldEnd: net=1, condition=100, published condition=0
06-19 18:03:00.332 24506 24506 I ActivityThread: Pub com.android.social: com.android.providers.contacts.SocialProvider
06-19 18:03:00.332 24506 24506 I ActivityThread: Pub applications: com.android.providers.applications.ApplicationsProvider
06-19 18:03:00.433 24506 24506 I ActivityThread: Pub contacts;com.android.contacts: com.android.providers.contacts.ContactsProvider2
06-19 18:03:00.457 24506 24508 D dalvikvm: GC_CONCURRENT freed 349K, 5% free 9187K/9607K, paused 4ms+5ms
06-19 18:03:00.832 24506 24508 D dalvikvm: GC_CONCURRENT freed 253K, 4% free 9351K/9735K, paused 3ms+4ms
06-19 18:03:01.636   140   157 I ActivityManager: Start proc com.google.android.talk for broadcast com.google.android.talk/.ConnectionStateOnlineReceiver: pid=24523 uid=10047 gids={3003, 1015, 1006, 3002}
06-19 18:03:01.836 24523 24523 I ActivityThread: Pub com.google.android.talk.SuggestionProvider: com.google.android.talk.SuggestionsProvider
06-19 18:03:02.175 24523 24523 D vclib:CallStateClient: startListening
06-19 18:03:02.289 24523 24526 D dalvikvm: GC_CONCURRENT freed 174K, 3% free 9352K/9607K, paused 36ms+2ms
06-19 18:03:02.937   140   201 D Tethering: MasterInitialState.processMessage what=3
06-19 18:03:02.992   140   201 D Tethering: MasterInitialState.processMessage what=3
06-19 18:03:03.058 24466 24481 D PicasaSyncManager: active network: NetworkInfo: type: WIFI[], state: CONNECTED/CONNECTED, reason: (unspecified), extra: (none), roaming: false, failover: false, isAvailable: true
06-19 18:03:03.058 24466 24481 D PicasaSyncManager: background data: true
06-19 18:03:03.117 24483 24483 I MediaUploader: No need to wake up
06-19 18:03:03.152  7204  7206 D dalvikvm: GC_CONCURRENT freed 460K, 7% free 10775K/11527K, paused 14ms+13ms
06-19 18:03:03.230 24466 24481 D PicasaSyncManager: active network: NetworkInfo: type: WIFI[], state: CONNECTED/CONNECTED, reason: (unspecified), extra: (none), roaming: false, failover: false, isAvailable: true
06-19 18:03:03.230 24466 24481 D PicasaSyncManager: background data: true
06-19 18:03:03.257 24483 24483 I MediaUploader: No need to wake up
06-19 18:03:03.496   140   197 D ConnectivityService: handleInetConditionHoldEnd: net=1, condition=100, published condition=100
06-19 18:03:04.433   140   140 I ActivityManager: Process com.laurencedawson.reddit_sync (pid 23136) has died.
06-19 18:03:04.617   140   140 D dalvikvm: GC_FOR_ALLOC freed 1967K, 19% free 17451K/21447K, paused 153ms
06-19 18:03:04.691   140  2265 W InputManagerService: Starting input on non-focused client com.android.internal.view.IInputMethodClient$Stub$Proxy@4189ac20 (uid=10032 pid=24131)
06-19 18:03:15.027 10869 10869 I wpa_supplicant: wlan0: CTRL-EVENT-DISCONNECTED bssid=00:14:1c:bb:ee:f1 reason=0
06-19 18:03:15.050    75   115 D CommandListener: Clearing all IP addresses on wlan0
06-19 18:03:15.062   140   197 D ConnectivityService: ConnectivityChange for WIFI: DISCONNECTED/DISCONNECTED
06-19 18:03:15.066   140   197 D ConnectivityService: Attempting to switch to mobile
06-19 18:03:15.129   140   197 D ConnectivityService: Attempting to switch to WIMAX
06-19 18:03:15.140   140   197 D ConnectivityService: Attempting to switch to BLUETOOTH_TETHER
06-19 18:03:15.144   140   197 E ConnectivityService: Exception trying to remove a route: java.lang.IllegalStateException: Unable to communicate with native dameon to add routes - com.android.server.NativeDaemonConnectorException: Cmd {interface route remove wlan0 default 128.205.63.254 32 0.0.0.0} failed with code 400 : {Failed to remove route from default table (No such process)}
06-19 18:03:15.148   140   197 E ConnectivityService: Exception trying to remove a route: java.lang.IllegalStateException: Unable to communicate with native dameon to add routes - com.android.server.NativeDaemonConnectorException: Cmd {interface route remove wlan0 default 0.0.0.0 0 128.205.63.254} failed with code 400 : {Failed to remove route from default table (No such process)}
06-19 18:03:15.148   140   197 D NetUtils: android_net_utils_resetConnections in env=0xee3668 clazz=0xbff00001 iface=wlan0 mask=0x3
06-19 18:03:15.148   140   197 D ConnectivityService: resetConnections(wlan0, 3)
06-19 18:03:15.199  7204 24502 W Smack/Packet: notify conn break (IOEx), close connection
06-19 18:03:15.371  7204 24502 I qtaguid : Failed write_ctrl(u 22) res=-1 errno=22
06-19 18:03:15.371  7204 24502 I qtaguid : Untagging socket 22 failed errno=-22
06-19 18:03:15.371  7204 24502 W NetworkManagementSocketTagger: untagSocket(22) failed with errno -22
06-19 18:03:15.386   140   197 D ConnectivityService: handleInetConditionChange: no active default network - ignore
06-19 18:03:15.609 10869 10869 I wpa_supplicant: wlan0: Trying to associate with 00:17:5a:10:e5:b1 (SSID='UB_Wireless' freq=2462 MHz)
06-19 18:03:18.183   140   201 D Tethering: MasterInitialState.processMessage what=3
06-19 18:03:18.265 24483 24483 I MediaUploader: No need to wake up
06-19 18:03:18.269 22272 22272 I PhoneLab-WiFiReceiver: Wi-Fi is disconnected!
06-19 18:03:18.293 24466 24481 D PicasaSyncManager: active network: null
06-19 18:03:18.293 24466 24481 D PicasaSyncManager: background data: true
06-19 18:03:19.265  7204  7230 D WifiLocator: Not enough positive cache hits compared to misses. Need server request. hasLocation=2 noLocation=0 cacheMiss=13
06-19 18:03:19.265  7204  7230 D NetworkLocator: Not reporting location since the new location has worse accuracy than the previous one.
06-19 18:03:19.316  7204  7223 I System.out: [INFO:64278408]: LogSource: Running flush
06-19 18:03:19.336  7204  7224 I System.out: [INFO:64278427]: LogSource: Sending payload [bytes=676]
06-19 18:03:19.347  7204  7224 I System.out: [SEVERE:64278438]: LogSource: AsyncHttpRequestImpl.run(): exception thrown : Unable to resolve host "www.google.com": No address associated with hostname: java.net.UnknownHostException
06-19 18:03:19.347  7204  7223 E GlsClient-query: requestFailed
06-19 18:03:19.351  7204  7230 D WifiLocator: Not enough positive cache hits compared to misses. Need server request. hasLocation=2 noLocation=0 cacheMiss=13
06-19 18:03:22.996   140   197 D ConnectivityService: ConnectivityChange for mobile: CONNECTED/CONNECTED
06-19 18:03:23.082   140   193 D NetworkPolicy: applying policy NetworkPolicy[NetworkTemplate: matchRule=MOBILE_ALL, subscriberId=valid]: cycleDay=8, warningBytes=2147483648, limitBytes=-1, lastSnooze=-1 to ifaces [rmnet0]
06-19 18:03:24.000   140   197 D ConnectivityService: NetTransition Wakelock for WifiStateMachine released by timeout
06-19 18:03:28.570  7204  7204 I GTalkService/c: [AndroidEndpoint@1093869480] connect: acct=1000000, state=CONNECTING
06-19 18:03:28.574  7204  7204 I GTalkService/c: [GTalkConnection@1094136176] connect: acct=1, state=CONNECTING
06-19 18:03:29.136 10869 10869 I wpa_supplicant: wlan0: Authentication with 00:17:5a:10:e5:b1 timed out.
06-19 18:03:29.378  7204  7206 D dalvikvm: GC_CONCURRENT freed 494K, 7% free 10752K/11527K, paused 2ms+3ms
06-19 18:03:29.472   140   140 D dalvikvm: GC_EXPLICIT freed 1145K, 19% free 17444K/21447K, paused 3ms+7ms
06-19 18:03:29.496   140   201 D Tethering: MasterInitialState.processMessage what=3
06-19 18:03:29.558 24466 24481 D PicasaSyncManager: active network: NetworkInfo: type: mobile[CDMA - EvDo rev. A], state: CONNECTED/CONNECTED, reason: (unspecified), extra: , roaming: false, failover: true, isAvailable: true
06-19 18:03:29.558 24466 24481 D PicasaSyncManager: background data: true
06-19 18:03:29.566 24483 24483 I MediaUploader: No need to wake up
06-19 18:03:30.019   140   197 D ConnectivityService: handleInetConditionHoldEnd: net=0, condition=100, published condition=0
06-19 18:03:30.738 10869 10869 I wpa_supplicant: wlan0: Trying to associate with 00:1c:0e:27:3f:91 (SSID='UB_Wireless' freq=2462 MHz)
06-19 18:03:30.820 10869 10869 I wpa_supplicant: wlan0: Associated with 00:1c:0e:27:3f:91
06-19 18:03:30.820 10869 10869 I wpa_supplicant: wlan0: CTRL-EVENT-CONNECTED - Connection to 00:1c:0e:27:3f:91 completed (reauth) [id=1 id_str=]
06-19 18:03:31.812 21989 21990 D dalvikvm: GC_CONCURRENT freed 444K, 6% free 9285K/9863K, paused 245ms+3ms
06-19 18:03:32.039   140   197 D ConnectivityService: ConnectivityChange for WIFI: CONNECTED/CONNECTED
06-19 18:03:32.039   140   197 D ConnectivityService: Policy requires mobile teardown
06-19 18:03:32.078 22272 22272 I PhoneLab-WiFiReceiver: Wi-Fi is connected!
06-19 18:03:32.078 22272 22272 I PhoneLab-WiFiReceiver: SSID: UB_Wireless BSSID: 00:1c:0e:27:3f:91 RSSI: -200 LinkSpeed: -1
06-19 18:03:32.078 22272 22272 I PhoneLab-Locks: wake lock acquired
06-19 18:03:32.082 22272 22272 I PhoneLab-UploadLogs: Transfering log files now
06-19 18:03:32.086 22272 22272 I PhoneLab-UploadLogs: No log files to transfer
06-19 18:03:32.086 22272 22272 I PhoneLab-Locks: wake lock released
06-19 18:03:32.086 22272 22272 I PhoneLab-UploadLogs: OnStartCommand
06-19 18:03:32.121   140   197 D ConnectivityService: ConnectivityChange for mobile: DISCONNECTED/DISCONNECTED
06-19 18:03:32.128   140   197 D ConnectivityService: Attempting to switch to WIFI
06-19 18:03:32.128   140   197 D ConnectivityService: Attempting to switch to WIMAX
06-19 18:03:32.128   140   197 D ConnectivityService: Attempting to switch to BLUETOOTH_TETHER
06-19 18:03:32.132   140   197 D NetUtils: android_net_utils_resetConnections in env=0xee3668 clazz=0xe3500001 iface=rmnet0 mask=0x3
06-19 18:03:32.132   140   197 D ConnectivityService: resetConnections(rmnet0, 3)
06-19 18:03:32.136   140   192 W NetworkStats: dropping UID delta from unknown iface: iface=wlan0 uid=0 set=DEFAULT tag=0x0 rxBytes=0 rxPackets=0 txBytes=196 txPackets=3 operations=0
06-19 18:03:32.277  7204 24553 W Smack/Packet: notify conn break (IOEx), close connection
06-19 18:03:32.316 22272 22275 D dalvikvm: GC_CONCURRENT freed 453K, 18% free 9190K/11079K, paused 2ms+1ms
06-19 18:03:32.488  7204 24553 I qtaguid : Failed write_ctrl(u 83) res=-1 errno=22
06-19 18:03:32.488  7204 24553 I qtaguid : Untagging socket 83 failed errno=-22
06-19 18:03:32.488  7204 24553 W NetworkManagementSocketTagger: untagSocket(83) failed with errno -22
06-19 18:03:32.503  7204  7232 W GTalkService: connectionEstablished for 1 - caught java.lang.IllegalStateException: sending roster request failed
06-19 18:03:32.503  7204  7232 W GTalkService: [GTalkConnection@1094136176] doConnect: reset connection state to PENDING
06-19 18:03:32.636   140   197 D ConnectivityService: handleInetConditionChange: net=0 != default=1 - ignore
06-19 18:03:37.011   140   201 D Tethering: MasterInitialState.processMessage what=3
06-19 18:03:37.027   140   201 D Tethering: MasterInitialState.processMessage what=3
06-19 18:03:37.031   140   201 D Tethering: MasterInitialState.processMessage what=3
06-19 18:03:37.074  7204  7204 I GTalkService/c: [AndroidEndpoint@1093869480] connect: acct=1000000, state=CONNECTING
06-19 18:03:37.078  7204  7204 I GTalkService/c: [GTalkConnection@1094136176] connect: acct=1, state=CONNECTING
06-19 18:03:37.125 24483 24483 I MediaUploader: No need to wake up
06-19 18:03:37.132 24466 24481 D PicasaSyncManager: active network: NetworkInfo: type: WIFI[], state: CONNECTED/CONNECTED, reason: (unspecified), extra: (none), roaming: false, failover: false, isAvailable: true
06-19 18:03:37.132 24466 24481 D PicasaSyncManager: background data: true
06-19 18:03:37.214 24483 24483 I MediaUploader: No need to wake up
06-19 18:03:37.285 24483 24483 I MediaUploader: No need to wake up
06-19 18:03:37.347 24466 24481 D PicasaSyncManager: active network: NetworkInfo: type: WIFI[], state: CONNECTED/CONNECTED, reason: (unspecified), extra: (none), roaming: false, failover: false, isAvailable: true
06-19 18:03:37.347 24466 24481 D PicasaSyncManager: background data: true
06-19 18:03:38.304  7204  7206 D dalvikvm: GC_CONCURRENT freed 469K, 7% free 10748K/11527K, paused 7ms+4ms
06-19 18:03:40.980   140   197 D ConnectivityService: handleInetConditionHoldEnd: net=1, condition=100, published condition=0
06-19 18:04:04.308  7204  7230 D WifiLocator: Too many cache  misses. Need server request. hasLocation=0 noLocation=0 cacheMiss=22
06-19 18:04:04.359  7204  7223 I System.out: [INFO:64323449]: LogSource: Running flush
06-19 18:04:04.363  7204  7225 I System.out: [INFO:64323452]: LogSource: Sending payload [bytes=689]
06-19 18:04:09.386  7204  7223 I System.out: [INFO:64328478]: LogSource: Running delayed flush
06-19 18:04:09.398  7204  7223 I System.out: [INFO:64328489]: LogSource: Running flush
06-19 18:04:42.011 10869 10869 I wpa_supplicant: wlan0: CTRL-EVENT-DISCONNECTED bssid=00:1c:0e:27:3f:91 reason=0
06-19 18:04:42.011    75   115 D CommandListener: Clearing all IP addresses on wlan0
06-19 18:04:42.027   140   197 D ConnectivityService: ConnectivityChange for WIFI: DISCONNECTED/DISCONNECTED
06-19 18:04:42.035   140   197 D ConnectivityService: Attempting to switch to mobile
06-19 18:04:42.035   140   197 D ConnectivityService: Attempting to switch to WIMAX
06-19 18:04:42.035   140   197 D ConnectivityService: Attempting to switch to BLUETOOTH_TETHER
06-19 18:04:42.039   140   197 E ConnectivityService: Exception trying to remove a route: java.lang.IllegalStateException: Unable to communicate with native dameon to add routes - com.android.server.NativeDaemonConnectorException: Cmd {interface route remove wlan0 default 128.205.63.254 32 0.0.0.0} failed with code 400 : {Failed to remove route from default table (No such process)}
06-19 18:04:42.046   140   197 E ConnectivityService: Exception trying to remove a route: java.lang.IllegalStateException: Unable to communicate with native dameon to add routes - com.android.server.NativeDaemonConnectorException: Cmd {interface route remove wlan0 default 0.0.0.0 0 128.205.63.254} failed with code 400 : {Failed to remove route from default table (No such process)}
06-19 18:04:42.050   140   197 D NetUtils: android_net_utils_resetConnections in env=0xee3668 clazz=0xf4200001 iface=wlan0 mask=0x3
06-19 18:04:42.050   140   197 D ConnectivityService: resetConnections(wlan0, 3)
06-19 18:04:42.179  7204 24590 W Smack/Packet: notify conn break (IOEx), close connection
06-19 18:04:42.261   140   142 D dalvikvm: GC_CONCURRENT freed 1929K, 19% free 17479K/21447K, paused 11ms+6ms
06-19 18:04:42.343  7204 24590 I qtaguid : Failed write_ctrl(u 22) res=-1 errno=22
06-19 18:04:42.343  7204 24590 I qtaguid : Untagging socket 22 failed errno=-22
06-19 18:04:42.347  7204 24590 W NetworkManagementSocketTagger: untagSocket(22) failed with errno -22
06-19 18:04:42.351   140   197 D ConnectivityService: handleInetConditionChange: no active default network - ignore
06-19 18:04:42.621 10869 10869 I wpa_supplicant: wlan0: Trying to associate with 00:1f:9d:da:e6:d1 (SSID='UB_Wireless' freq=2412 MHz)
06-19 18:04:42.867 10869 10869 I wpa_supplicant: wlan0: Associated with 00:1f:9d:da:e6:d1
06-19 18:04:42.871 10869 10869 I wpa_supplicant: wlan0: CTRL-EVENT-CONNECTED - Connection to 00:1f:9d:da:e6:d1 completed (reauth) [id=1 id_str=]
06-19 18:04:42.945  7204  7206 D dalvikvm: GC_CONCURRENT freed 484K, 7% free 10737K/11527K, paused 21ms+3ms
06-19 18:04:43.504   140   197 D ConnectivityService: ConnectivityChange for WIFI: CONNECTED/CONNECTED
06-19 18:04:43.527 22272 22272 I PhoneLab-WiFiReceiver: Wi-Fi is connected!
06-19 18:04:43.531 22272 22272 I PhoneLab-WiFiReceiver: SSID: UB_Wireless BSSID: 00:1f:9d:da:e6:d1 RSSI: -200 LinkSpeed: -1
06-19 18:04:43.531 22272 22272 I PhoneLab-Locks: wake lock acquired
06-19 18:04:43.535 22272 22272 I PhoneLab-UploadLogs: Transfering log files now
06-19 18:04:43.535 22272 22272 I PhoneLab-UploadLogs: No log files to transfer
06-19 18:04:43.535 22272 22272 I PhoneLab-Locks: wake lock released
06-19 18:04:43.546 22272 22272 I PhoneLab-UploadLogs: OnStartCommand
06-19 18:04:43.554   140   192 W NetworkStats: dropping UID delta from unknown iface: iface=wlan0 uid=0 set=DEFAULT tag=0x0 rxBytes=0 rxPackets=0 txBytes=216 txPackets=3 operations=0
06-19 18:04:44.507   140   197 D ConnectivityService: NetTransition Wakelock for WifiStateMachine released by timeout
06-19 18:04:44.570 22272 22285 I PhoneLab-: Service Running
06-19 18:04:47.011   140   201 D Tethering: MasterInitialState.processMessage what=3
06-19 18:04:47.039  7204  7204 I GTalkService/c: [AndroidEndpoint@1093869480] connect: acct=1000000, state=CONNECTING
06-19 18:04:47.050  7204  7204 I GTalkService/c: [GTalkConnection@1094136176] connect: acct=1, state=CONNECTING
06-19 18:04:47.054 24466 24481 D PicasaSyncManager: active network: NetworkInfo: type: WIFI[], state: CONNECTED/CONNECTED, reason: (unspecified), extra: (none), roaming: false, failover: false, isAvailable: true
06-19 18:04:47.062 24466 24481 D PicasaSyncManager: background data: true
06-19 18:04:47.101 24483 24483 I MediaUploader: No need to wake up
06-19 18:04:47.109 22272 22272 I PhoneLab-WiFiReceiver: Wi-Fi is disconnected!
06-19 18:04:47.218 22272 22285 I PhoneLab-LoggerService: app_38    1313  1     1432   988   c00f181c 400107b4 S logcat
06-19 18:04:47.218 22272 22285 I PhoneLab-LoggerService: Logcat pid from database 1313
06-19 18:04:47.218 22272 22285 I PhoneLab-LoggerService: Logcat process found 1313
06-19 18:04:47.218 22272 22285 I PhoneLab-LoggerService: Checking Threshold
06-19 18:04:47.218 22272 22285 I PhoneLab-: Service Running
06-19 18:04:47.250 22272 22285 I PhoneLab-LoggerService: app_38    1313  1     1432   988   c00f181c 400107b4 S logcat
06-19 18:04:47.250 22272 22285 I PhoneLab-LoggerService: Logcat pid from database 1313
06-19 18:04:47.250 22272 22285 I PhoneLab-LoggerService: Logcat process found 1313
06-19 18:04:47.250 22272 22285 I PhoneLab-LoggerService: Checking Threshold
06-19 18:04:47.250 22272 22285 I PhoneLab-: Service Running
06-19 18:04:47.285 22272 22285 I PhoneLab-LoggerService: app_38    1313  1     1432   988   c00f181c 400107b4 S logcat
06-19 18:04:47.285 22272 22285 I PhoneLab-LoggerService: Logcat pid from database 1313
06-19 18:04:47.285 22272 22285 I PhoneLab-LoggerService: Logcat process found 1313
06-19 18:04:47.285 22272 22285 I PhoneLab-LoggerService: Checking Threshold
06-19 18:04:47.285 22272 22285 I PhoneLab-: Service Running
06-19 18:04:47.316 22272 22285 I PhoneLab-LoggerService: app_38    1313  1     1432   988   c00f181c 400107b4 S logcat
06-19 18:04:47.316 22272 22285 I PhoneLab-LoggerService: Logcat pid from database 1313
06-19 18:04:47.320 22272 22285 I PhoneLab-LoggerService: Logcat process found 1313
06-19 18:04:47.320 22272 22285 I PhoneLab-LoggerService: Checking Threshold
06-19 18:04:47.347  7204  8712 D dalvikvm: GC_EXPLICIT freed 103K, 8% free 10709K/11527K, paused 21ms+3ms
06-19 18:04:48.468   140   201 D Tethering: MasterInitialState.processMessage what=3
06-19 18:04:48.523 24466 24481 D PicasaSyncManager: active network: NetworkInfo: type: WIFI[], state: CONNECTED/CONNECTED, reason: (unspecified), extra: (none), roaming: false, failover: false, isAvailable: true
06-19 18:04:48.523 24466 24481 D PicasaSyncManager: background data: true
06-19 18:04:48.558 24483 24483 I MediaUploader: No need to wake up
06-19 18:04:49.378  7204  7230 D WifiLocator: Too many cache  misses. Need server request. hasLocation=0 noLocation=0 cacheMiss=27
06-19 18:04:49.562   140   197 D ConnectivityService: ConnectivityChange for mobile: CONNECTED/CONNECTED
06-19 18:04:49.589   140   197 D NetUtils: android_net_utils_resetConnections in env=0xee3668 clazz=0x8600001 iface=rmnet0 mask=0x3
06-19 18:04:49.589   140   197 D ConnectivityService: ConnectivityChange for mobile: DISCONNECTED/DISCONNECTED
06-19 18:04:49.589   140   197 D ConnectivityService: Attempting to switch to WIFI
06-19 18:04:49.589   140   197 D ConnectivityService: Attempting to switch to WIMAX
06-19 18:04:49.589   140   197 D ConnectivityService: Attempting to switch to BLUETOOTH_TETHER
06-19 18:04:49.589   140   197 D ConnectivityService: resetConnections(rmnet0, 3)
06-19 18:04:51.359  7204  7225 I System.out: [INFO:64370448]: LogSource: Response [http=200,length=556]
06-19 18:04:51.371  7204  7230 D WifiLocator: Too many no-location APs. Will not compute a location nor go to the server. hasLocation=0 noLocation=0 cacheMiss=0
06-19 18:04:51.406  7204  7223 E GlsClient-query: requestFailed
06-19 18:04:51.406  7204  7223 E GlsClient-query: com.google.common.async.WatchdogException
06-19 18:04:51.406  7204  7223 E GlsClient-query: 	at com.google.common.async.AsyncHttpRequestFactory$AsyncHttpRequestImpl.watchdogFired(Unknown Source)
06-19 18:04:51.406  7204  7223 E GlsClient-query: 	at com.google.common.async.AsyncHttpRequestFactory$WatchdogTask.run(Unknown Source)
06-19 18:04:51.406  7204  7223 E GlsClient-query: 	at com.google.common.task.AbstractTask.runInternal(Unknown Source)
06-19 18:04:51.406  7204  7223 E GlsClient-query: 	at com.google.common.task.TimerTask.runInternal(Unknown Source)
06-19 18:04:51.406  7204  7223 E GlsClient-query: 	at com.google.common.task.TaskRunner.run(Unknown Source)
06-19 18:04:51.406  7204  7223 E GlsClient-query: 	at com.google.common.lang.BaseThreadFactory$ThreadImpl.run(Unknown Source)
06-19 18:04:51.480  7204  7206 D dalvikvm: GC_CONCURRENT freed 379K, 7% free 10774K/11527K, paused 2ms+3ms
06-19 18:04:52.125   140   197 D ConnectivityService: handleInetConditionHoldEnd: net=1, condition=100, published condition=0
06-19 18:04:52.523 24506 24508 D dalvikvm: GC_CONCURRENT freed 382K, 6% free 9412K/9927K, paused 8ms+5ms
06-19 18:04:52.605   140   201 D Tethering: MasterInitialState.processMessage what=3
06-19 18:04:52.636   140   201 D Tethering: MasterInitialState.processMessage what=3
06-19 18:04:52.652 24466 24481 D PicasaSyncManager: active network: NetworkInfo: type: WIFI[], state: CONNECTED/CONNECTED, reason: (unspecified), extra: (none), roaming: false, failover: false, isAvailable: true
06-19 18:04:52.652 24466 24481 D PicasaSyncManager: background data: true
06-19 18:04:52.695 24483 24483 I MediaUploader: No need to wake up
06-19 18:04:52.750 24466 24481 D PicasaSyncManager: active network: NetworkInfo: type: WIFI[], state: CONNECTED/CONNECTED, reason: (unspecified), extra: (none), roaming: false, failover: false, isAvailable: true
06-19 18:04:52.761 24466 24481 D PicasaSyncManager: background data: true
06-19 18:04:52.777 24483 24483 I MediaUploader: No need to wake up
06-19 18:04:53.156   140   197 D ConnectivityService: handleInetConditionHoldEnd: net=1, condition=100, published condition=100
06-19 18:05:33.035 10869 10869 I wpa_supplicant: wlan0: CTRL-EVENT-DISCONNECTED bssid=00:1f:9d:da:e6:d1 reason=0
06-19 18:05:33.035    75   115 D CommandListener: Clearing all IP addresses on wlan0
06-19 18:05:33.066   140   197 D ConnectivityService: ConnectivityChange for WIFI: DISCONNECTED/DISCONNECTED
06-19 18:05:33.086   140   197 D ConnectivityService: Attempting to switch to mobile
06-19 18:05:33.086   140   197 D ConnectivityService: Attempting to switch to WIMAX
06-19 18:05:33.086   140   197 D ConnectivityService: Attempting to switch to BLUETOOTH_TETHER
06-19 18:05:33.090   140   197 E ConnectivityService: Exception trying to remove a route: java.lang.IllegalStateException: Unable to communicate with native dameon to add routes - com.android.server.NativeDaemonConnectorException: Cmd {interface route remove wlan0 default 128.205.63.254 32 0.0.0.0} failed with code 400 : {Failed to remove route from default table (No such process)}
06-19 18:05:33.093   140   197 E ConnectivityService: Exception trying to remove a route: java.lang.IllegalStateException: Unable to communicate with native dameon to add routes - com.android.server.NativeDaemonConnectorException: Cmd {interface route remove wlan0 default 0.0.0.0 0 128.205.63.254} failed with code 400 : {Failed to remove route from default table (No such process)}
06-19 18:05:33.097   140   197 D NetUtils: android_net_utils_resetConnections in env=0xee3668 clazz=0x16700001 iface=wlan0 mask=0x3
06-19 18:05:33.097   140   197 D ConnectivityService: resetConnections(wlan0, 3)
06-19 18:05:33.250  7204 24634 W Smack/Packet: notify conn break (IOEx), close connection
06-19 18:05:33.316   140   142 D dalvikvm: GC_CONCURRENT freed 2011K, 19% free 17493K/21447K, paused 2ms+8ms
06-19 18:05:33.414  7204 24634 I qtaguid : Failed write_ctrl(u 22) res=-1 errno=22
06-19 18:05:33.414  7204 24634 I qtaguid : Untagging socket 22 failed errno=-22
06-19 18:05:33.414  7204 24634 W NetworkManagementSocketTagger: untagSocket(22) failed with errno -22
06-19 18:05:33.418   140   197 D ConnectivityService: handleInetConditionChange: no active default network - ignore
06-19 18:05:33.648 10869 10869 I wpa_supplicant: wlan0: Trying to associate with e8:40:40:73:de:71 (SSID='UB_Wireless' freq=2437 MHz)
06-19 18:05:33.894 10869 10869 I wpa_supplicant: wlan0: Associated with e8:40:40:73:de:71
06-19 18:05:33.894 10869 10869 I wpa_supplicant: wlan0: CTRL-EVENT-CONNECTED - Connection to e8:40:40:73:de:71 completed (reauth) [id=1 id_str=]
06-19 18:05:34.445   140  4708 D dalvikvm: GC_EXPLICIT freed 188K, 19% free 17395K/21447K, paused 3ms+7ms
06-19 18:05:34.457  7204  7230 D WifiLocator: Not enough positive cache hits compared to misses. Need server request. hasLocation=1 noLocation=0 cacheMiss=19
06-19 18:05:34.496  7204  7223 I System.out: [INFO:64413584]: LogSource: Running flush
06-19 18:05:34.507   140   197 D ConnectivityService: ConnectivityChange for WIFI: CONNECTED/CONNECTED
06-19 18:05:34.511 22272 22272 I PhoneLab-WiFiReceiver: Wi-Fi is connected!
06-19 18:05:34.515 22272 22272 I PhoneLab-WiFiReceiver: SSID: UB_Wireless BSSID: e8:40:40:73:de:71 RSSI: -200 LinkSpeed: -1
06-19 18:05:34.515 22272 22272 I PhoneLab-Locks: wake lock acquired
06-19 18:05:34.519 22272 22272 I PhoneLab-UploadLogs: Transfering log files now
06-19 18:05:34.519 22272 22272 I PhoneLab-UploadLogs: No log files to transfer
06-19 18:05:34.519 22272 22272 I PhoneLab-Locks: wake lock released
06-19 18:05:34.527 22272 22272 I PhoneLab-UploadLogs: OnStartCommand
06-19 18:05:34.554   140   192 W NetworkStats: dropping UID delta from unknown iface: iface=wlan0 uid=0 set=DEFAULT tag=0x0 rxBytes=0 rxPackets=0 txBytes=76 txPackets=1 operations=0
06-19 18:05:34.605   337   339 D dalvikvm: GC_CONCURRENT freed 946K, 10% free 12292K/13511K, paused 17ms+8ms
06-19 18:05:34.613  7204  7226 I System.out: [INFO:64413704]: LogSource: Sending payload [bytes=706]
06-19 18:05:35.234 22272 22285 I PhoneLab-: Service Running
06-19 18:05:35.304 22272 22285 I PhoneLab-LoggerService: app_38    1313  1     1432   988   c00f181c 400107b4 S logcat
06-19 18:05:35.304 22272 22285 I PhoneLab-LoggerService: Logcat pid from database 1313
06-19 18:05:35.304 22272 22285 I PhoneLab-LoggerService: Logcat process found 1313
06-19 18:05:35.304 22272 22285 I PhoneLab-LoggerService: Checking Threshold
06-19 18:05:35.507   140   197 D ConnectivityService: NetTransition Wakelock for WifiStateMachine released by timeout
06-19 18:05:36.172   140   201 D Tethering: MasterInitialState.processMessage what=3
06-19 18:05:36.218  7204  7204 I GTalkService/c: [AndroidEndpoint@1093869480] connect: acct=1000000, state=CONNECTING
06-19 18:05:36.222  7204  7204 I GTalkService/c: [GTalkConnection@1094136176] connect: acct=1, state=CONNECTING
06-19 18:05:36.246 24466 24481 D PicasaSyncManager: active network: NetworkInfo: type: WIFI[], state: CONNECTED/CONNECTED, reason: (unspecified), extra: (none), roaming: false, failover: false, isAvailable: true
06-19 18:05:36.246 24466 24481 D PicasaSyncManager: background data: true
06-19 18:05:36.277  7204  7206 D dalvikvm: GC_CONCURRENT freed 508K, 7% free 10757K/11527K, paused 2ms+3ms
06-19 18:05:36.304 24483 24483 I MediaUploader: No need to wake up
06-19 18:05:36.308 22272 22272 I PhoneLab-WiFiReceiver: Wi-Fi is disconnected!
06-19 18:05:36.402 22196 22197 D dalvikvm: GC_CONCURRENT freed 550K, 6% free 10784K/11463K, paused 17ms+3ms
06-19 18:05:37.582   140   201 D Tethering: MasterInitialState.processMessage what=3
06-19 18:05:37.668 24466 24481 D PicasaSyncManager: active network: NetworkInfo: type: WIFI[], state: CONNECTED/CONNECTED, reason: (unspecified), extra: (none), roaming: false, failover: false, isAvailable: true
06-19 18:05:37.683 24483 24483 I MediaUploader: No need to wake up
06-19 18:05:37.715 24466 24481 D PicasaSyncManager: background data: true
06-19 18:05:37.715   140   151 I ActivityManager: Process com.google.android.gsf.login (pid 23021) has died.
06-19 18:05:37.773   140  2265 W InputManagerService: Starting input on non-focused client com.android.internal.view.IInputMethodClient$Stub$Proxy@4189ac20 (uid=10032 pid=24131)
06-19 18:05:37.847   337   349 D dalvikvm: GC_EXPLICIT freed 143K, 10% free 12213K/13511K, paused 2ms+4ms
06-19 18:05:39.613  7204  7223 I System.out: [INFO:64418703]: LogSource: Running delayed flush
06-19 18:05:39.625  7204  7223 I System.out: [INFO:64418715]: LogSource: Running flush
06-19 18:05:40.418   140   197 D ConnectivityService: ConnectivityChange for mobile: CONNECTED/CONNECTED
06-19 18:05:40.441   140   197 D NetUtils: android_net_utils_resetConnections in env=0xee3668 clazz=0x2aa00001 iface=rmnet0 mask=0x3
06-19 18:05:40.441   140   197 D ConnectivityService: ConnectivityChange for mobile: DISCONNECTED/DISCONNECTED
06-19 18:05:40.441   140   197 D ConnectivityService: Attempting to switch to WIFI
06-19 18:05:40.441   140   197 D ConnectivityService: Attempting to switch to WIMAX
06-19 18:05:40.441   140   197 D ConnectivityService: Attempting to switch to BLUETOOTH_TETHER
06-19 18:05:40.441   140   197 D ConnectivityService: resetConnections(rmnet0, 3)
06-19 18:05:43.488   140   201 D Tethering: MasterInitialState.processMessage what=3
06-19 18:05:43.527   140   201 D Tethering: MasterInitialState.processMessage what=3
06-19 18:05:43.562 24483 24483 I MediaUploader: No need to wake up
06-19 18:05:43.582 24466 24481 D PicasaSyncManager: active network: NetworkInfo: type: WIFI[], state: CONNECTED/CONNECTED, reason: (unspecified), extra: (none), roaming: false, failover: false, isAvailable: true
06-19 18:05:43.597 24466 24481 D PicasaSyncManager: background data: true
06-19 18:05:43.640 24483 24483 I MediaUploader: No need to wake up
06-19 18:05:43.668 24466 24481 D PicasaSyncManager: active network: NetworkInfo: type: WIFI[], state: CONNECTED/CONNECTED, reason: (unspecified), extra: (none), roaming: false, failover: false, isAvailable: true
06-19 18:05:43.672 24466 24481 D PicasaSyncManager: background data: true
06-19 18:05:50.074 10869 10869 I wpa_supplicant: wlan0: CTRL-EVENT-DISCONNECTED bssid=e8:40:40:73:de:71 reason=0
06-19 18:05:50.082    75   115 D CommandListener: Clearing all IP addresses on wlan0
06-19 18:05:50.148   140   197 D ConnectivityService: ConnectivityChange for WIFI: DISCONNECTED/DISCONNECTED
06-19 18:05:50.152   140   197 D ConnectivityService: Attempting to switch to mobile
06-19 18:05:50.152   140   197 D ConnectivityService: Attempting to switch to WIMAX
06-19 18:05:50.152   140   197 D ConnectivityService: Attempting to switch to BLUETOOTH_TETHER
06-19 18:05:50.191   140   197 D NetUtils: android_net_utils_resetConnections in env=0xee3668 clazz=0x35400001 iface=wlan0 mask=0x3
06-19 18:05:50.191   140   197 E ConnectivityService: Exception trying to remove a route: java.lang.IllegalStateException: Unable to communicate with native dameon to add routes - com.android.server.NativeDaemonConnectorException: Cmd {interface route remove wlan0 default 128.205.63.254 32 0.0.0.0} failed with code 400 : {Failed to remove route from default table (No such process)}
06-19 18:05:50.191   140   197 E ConnectivityService: Exception trying to remove a route: java.lang.IllegalStateException: Unable to communicate with native dameon to add routes - com.android.server.NativeDaemonConnectorException: Cmd {interface route remove wlan0 default 0.0.0.0 0 128.205.63.254} failed with code 400 : {Failed to remove route from default table (No such process)}
06-19 18:05:50.191   140   197 D ConnectivityService: resetConnections(wlan0, 3)
06-19 18:05:50.297  7204  7232 E GTalkService: connectionClosed: no XMPPConnection - That's strange!
06-19 18:05:50.359   140   142 D dalvikvm: GC_CONCURRENT freed 1929K, 19% free 17513K/21447K, paused 3ms+9ms
06-19 18:05:50.363   140   197 D ConnectivityService: handleInetConditionChange: no active default network - ignore
06-19 18:05:50.449  7204  7226 I System.out: [SEVERE:64429539]: LogSource: AsyncHttpRequestImpl.run(): exception thrown : No peer certificate: javax.net.ssl.SSLPeerUnverifiedException
06-19 18:05:50.449  7204  7230 D WifiLocator: Too many no-location APs. Will not compute a location nor go to the server. hasLocation=0 noLocation=0 cacheMiss=0
06-19 18:05:50.468  7204  7223 E GlsClient-query: requestFailed
06-19 18:05:50.468  7204  7223 E GlsClient-query: javax.net.ssl.SSLPeerUnverifiedException: No peer certificate
06-19 18:05:50.468  7204  7223 E GlsClient-query: 	at org.apache.harmony.xnet.provider.jsse.SSLSessionImpl.getPeerCertificates(SSLSessionImpl.java:137)
06-19 18:05:50.468  7204  7223 E GlsClient-query: 	at org.apache.http.conn.ssl.AbstractVerifier.verify(AbstractVerifier.java:93)
06-19 18:05:50.468  7204  7223 E GlsClient-query: 	at org.apache.http.conn.ssl.SSLSocketFactory.createSocket(SSLSocketFactory.java:381)
06-19 18:05:50.468  7204  7223 E GlsClient-query: 	at org.apache.http.impl.conn.DefaultClientConnectionOperator.openConnection(DefaultClientConnectionOperator.java:165)
06-19 18:05:50.468  7204  7223 E GlsClient-query: 	at org.apache.http.impl.conn.AbstractPoolEntry.open(AbstractPoolEntry.java:164)
06-19 18:05:50.468  7204  7223 E GlsClient-query: 	at org.apache.http.impl.conn.AbstractPooledConnAdapter.open(AbstractPooledConnAdapter.java:119)
06-19 18:05:50.468  7204  7223 E GlsClient-query: 	at org.apache.http.impl.client.DefaultRequestDirector.execute(DefaultRequestDirector.java:452)
06-19 18:05:50.468  7204  7223 E GlsClient-query: 	at org.apache.http.impl.client.AbstractHttpClient.execute(AbstractHttpClient.java:555)
06-19 18:05:50.468  7204  7223 E GlsClient-query: 	at org.apache.http.impl.client.AbstractHttpClient.execute(AbstractHttpClient.java:487)
06-19 18:05:50.468  7204  7223 E GlsClient-query: 	at com.google.common.io.android.AndroidHttpClient.execute(Unknown Source)
06-19 18:05:50.468  7204  7223 E GlsClient-query: 	at com.google.common.io.android.GoogleHttpClient.executeWithoutRewriting(Unknown Source)
06-19 18:05:50.468  7204  7223 E GlsClient-query: 	at com.google.common.io.android.GoogleHttpClient.execute(Unknown Source)
06-19 18:05:50.468  7204  7223 E GlsClient-query: 	at com.google.common.io.android.GoogleHttpClient.execute(Unknown Source)
06-19 18:05:50.468  7204  7223 E GlsClient-query: 	at com.google.common.io.android.AndroidHttpConnectionFactory$AndroidGoogleHttpConnection.getResponse(Unknown Source)
06-19 18:05:50.468  7204  7223 E GlsClient-query: 	at com.google.common.io.android.AndroidHttpConnectionFactory$AndroidGoogleHttpConnection.getResponseCode(Unknown Source)
06-19 18:05:50.468  7204  7223 E GlsClient-query: 	at com.google.common.async.AsyncHttpRequestFactory$AsyncHttpRequestImpl.run(Unknown Source)
06-19 18:05:50.468  7204  7223 E GlsClient-query: 	at com.google.common.async.AsyncHttpRequestFactory.executeNextRequest(Unknown Source)
06-19 18:05:50.468  7204  7223 E GlsClient-query: 	at com.google.common.async.AsyncHttpRequestFactory.run(Unknown Source)
06-19 18:05:50.468  7204  7223 E GlsClient-query: 	at com.google.common.lang.BaseThreadFactory$ThreadImpl.run(Unknown Source)
06-19 18:05:50.492  7204  7206 D dalvikvm: GC_CONCURRENT freed 534K, 7% free 10724K/11527K, paused 2ms+3ms
06-19 18:05:50.582  7204  7232 E GTalkService: connectionClosed: no XMPPConnection - That's strange!
06-19 18:05:50.672 10869 10869 I wpa_supplicant: wlan0: Trying to associate with 00:13:80:94:5c:21 (SSID='UB_Wireless' freq=2412 MHz)
06-19 18:05:50.840 10869 10869 I wpa_supplicant: wlan0: Associated with 00:13:80:94:5c:21
06-19 18:05:50.843 10869 10869 I wpa_supplicant: wlan0: CTRL-EVENT-CONNECTED - Connection to 00:13:80:94:5c:21 completed (reauth) [id=1 id_str=]
06-19 18:05:53.218   140   201 D Tethering: MasterInitialState.processMessage what=3
06-19 18:05:53.304 24483 24483 I MediaUploader: No need to wake up
06-19 18:05:53.304 24466 24481 D PicasaSyncManager: active network: null
06-19 18:05:53.308 24466 24481 D PicasaSyncManager: background data: true
06-19 18:05:53.316 22272 22272 I PhoneLab-WiFiReceiver: Wi-Fi is disconnected!
06-19 18:05:58.043   140   197 D ConnectivityService: ConnectivityChange for mobile: CONNECTED/CONNECTED
06-19 18:05:58.097   140   192 W NetworkStats: dropping UID delta from unknown iface: iface=wlan0 uid=0 set=DEFAULT tag=0x0 rxBytes=0 rxPackets=0 txBytes=328 txPackets=5 operations=0
06-19 18:05:58.125   140   193 D NetworkPolicy: applying policy NetworkPolicy[NetworkTemplate: matchRule=MOBILE_ALL, subscriberId=valid]: cycleDay=8, warningBytes=2147483648, limitBytes=-1, lastSnooze=-1 to ifaces [rmnet0]
06-19 18:05:59.047   140   197 D ConnectivityService: NetTransition Wakelock for WifiStateMachine released by timeout
06-19 18:05:59.304  7204  7204 I GTalkService/c: [AndroidEndpoint@1093869480] connect: acct=1000000, state=CONNECTING
06-19 18:05:59.308  7204  7204 I GTalkService/c: [GTalkConnection@1094136176] connect: acct=1, state=CONNECTING
06-19 18:06:01.117   140   201 D Tethering: MasterInitialState.processMessage what=3
06-19 18:06:01.156   140   197 D ConnectivityService: handleInetConditionHoldEnd: net=0, condition=100, published condition=0
06-19 18:06:01.218 24466 24481 D PicasaSyncManager: active network: NetworkInfo: type: mobile[CDMA - EvDo rev. A], state: CONNECTED/CONNECTED, reason: (unspecified), extra: , roaming: false, failover: false, isAvailable: true
06-19 18:06:01.218 24466 24481 D PicasaSyncManager: background data: true
06-19 18:06:01.238 24483 24483 I MediaUploader: No need to wake up
06-19 18:06:01.304  7204  7206 D dalvikvm: GC_CONCURRENT freed 424K, 7% free 10770K/11527K, paused 7ms+4ms
06-19 18:06:01.500 24523 24526 D dalvikvm: GC_CONCURRENT freed 453K, 6% free 9345K/9927K, paused 2ms+2ms
06-19 18:06:01.683   140   197 D ConnectivityService: handleInetConditionHoldEnd: net=0, condition=100, published condition=100
06-19 18:06:02.152 10869 10869 I wpa_supplicant: wlan0: CTRL-EVENT-DISCONNECTED bssid=00:13:80:94:5c:21 reason=0
06-19 18:06:02.156    75   115 D CommandListener: Clearing all IP addresses on wlan0
06-19 18:06:02.203   140   197 D ConnectivityService: ConnectivityChange for WIFI: DISCONNECTED/DISCONNECTED
06-19 18:06:02.203   140   197 D ConnectivityService: Attempting to switch to mobile
06-19 18:06:02.203   140   197 D ConnectivityService: Attempting to switch to WIMAX
06-19 18:06:02.203   140   197 D ConnectivityService: Attempting to switch to BLUETOOTH_TETHER
06-19 18:06:02.222   140   192 W NetworkStats: dropping UID delta from unknown iface: iface=wlan0 uid=0 set=DEFAULT tag=0x0 rxBytes=0 rxPackets=0 txBytes=132 txPackets=2 operations=0
06-19 18:06:02.250   140   193 D NetworkPolicy: applying policy NetworkPolicy[NetworkTemplate: matchRule=MOBILE_ALL, subscriberId=valid]: cycleDay=8, warningBytes=2147483648, limitBytes=-1, lastSnooze=-1 to ifaces [rmnet0]
06-19 18:06:02.257   140   193 D NetworkPolicy: applying policy NetworkPolicy[NetworkTemplate: matchRule=MOBILE_ALL, subscriberId=valid]: cycleDay=8, warningBytes=2147483648, limitBytes=-1, lastSnooze=-1 to ifaces [rmnet0]
06-19 18:06:19.418   140   201 D Tethering: MasterInitialState.processMessage what=3
06-19 18:06:19.468   140   201 D Tethering: MasterInitialState.processMessage what=3
06-19 18:06:19.507 24483 24483 I MediaUploader: No need to wake up
06-19 18:06:19.511 22272 22272 I PhoneLab-WiFiReceiver: Wi-Fi is disconnected!
06-19 18:06:19.578 24483 24483 I MediaUploader: No need to wake up
06-19 18:06:19.582 24466 24481 D PicasaSyncManager: active network: NetworkInfo: type: mobile[CDMA - EvDo rev. A], state: CONNECTED/CONNECTED, reason: (unspecified), extra: , roaming: false, failover: false, isAvailable: true
06-19 18:06:19.582 24466 24481 D PicasaSyncManager: background data: true
06-19 18:06:19.644  7204  7230 D WifiLocator: Not enough positive cache hits compared to misses. Need server request. hasLocation=2 noLocation=0 cacheMiss=6
06-19 18:06:19.668  7204  7223 I System.out: [INFO:64458758]: LogSource: Running flush
06-19 18:06:19.672  7204  7224 I System.out: [INFO:64458760]: LogSource: Sending payload [bytes=592]
06-19 18:06:19.980   140   197 D ConnectivityService: handleInetConditionHoldEnd: net=0, condition=100, published condition=100
06-19 18:06:20.703  7204  7206 D dalvikvm: GC_CONCURRENT freed 413K, 7% free 10811K/11527K, paused 8ms+4ms
06-19 18:06:21.062  7204  7224 I System.out: [INFO:64460152]: LogSource: Response [http=200,length=320]
06-19 18:06:21.070  7204  7223 I System.out: [INFO:64460158]: LogSource: Read id 28, status code 200
06-19 18:07:05.261  7204  7230 D WifiLocator: Too many no-location APs. Will not compute a location nor go to the server. hasLocation=0 noLocation=0 cacheMiss=0
06-19 18:07:08.164 22272 22272 I PhoneLab-Locks: wake lock acquired
06-19 18:07:08.191 22272 22272 I PhoneLab-StatusMonitor: Status Monitoring is started
06-19 18:07:08.246 22272 22275 D dalvikvm: GC_CONCURRENT freed 467K, 17% free 9234K/11079K, paused 1ms+6ms
06-19 18:07:08.300 22272 22272 I PhoneLab-StatusMonitor: Value: 10 - unit: min
06-19 18:07:08.300 22272 22272 I PhoneLab-StatusMonitor: Running interval: 600000
06-19 18:07:08.308 22272 22272 I PhoneLab-StatusMonitor: Rescheduling status monitoring...
06-19 18:07:08.308 22272 22272 I PhoneLab-Locks: wake lock released
06-19 18:07:08.316 22272 22272 I PhoneLab-StatusMonitorLocation: Learning Location
06-19 18:07:08.316 22272 22272 I PhoneLab-Locks: wake lock acquired
06-19 18:07:08.320 22272 22272 I PhoneLab-Locks: wake lock acquired
06-19 18:07:08.324 22272 22272 I PhoneLab-StatusMonitorLocation: Learning Signal Strgth
06-19 18:07:08.324 22272 22272 I PhoneLab-Locks: wake lock acquired
06-19 18:07:08.328  7204  7221 D androidNetworkLocationListeners: Still have listener com.google.android.location.internal.client.NetworkLocationClient$1@41378bd0
06-19 18:07:08.359 10869 10869 E wpa_supplicant: ioctl[SIOCSIWPRIV] (cscan): -1
06-19 18:07:08.359 10869 10869 W wpa_supplicant: wlan0: Failed to initiate AP scan
06-19 18:07:08.367  7204  7221 D androidNetworkLocationListeners: Still have listener com.google.android.location.internal.client.NetworkLocationClient$1@41378bd0
06-19 18:07:08.367 22272 22272 I PhoneLab-StatusMonitorBattery: Battery_level: 92
06-19 18:07:08.375 22272 22272 I PhoneLab-Locks: wake lock released
06-19 18:07:08.379 22272 22272 I PhoneLab-StatusMonitorSignal: Signal_Strength: -76 asu: 19
06-19 18:07:08.379 22272 22272 I PhoneLab-Locks: wake lock released
06-19 18:07:08.398 22272 22275 D dalvikvm: GC_CONCURRENT freed 436K, 18% free 9186K/11079K, paused 6ms+2ms
06-19 18:07:08.941  7204  7230 D WifiLocator: Too many no-location APs. Will not compute a location nor go to the server. hasLocation=0 noLocation=0 cacheMiss=0
06-19 18:07:08.964 22272 22272 I PhoneLab-StatusMonitorLocation: Location_Latitude: 42.9973904 Longitude: -78.7994494 Accuracy: 1811.0
06-19 18:07:08.968  7204  7221 D androidNetworkLocationListeners: Still have listener com.google.android.location.internal.client.NetworkLocationClient$1@41378bd0
06-19 18:07:08.968 22272 22272 I PhoneLab-Locks: wake lock released
06-19 18:07:09.496  7204  7230 D WifiLocator: Too many no-location APs. Will not compute a location nor go to the server. hasLocation=0 noLocation=0 cacheMiss=0
06-19 18:07:40.043  7204  7221 D androidNetworkLocationListeners: Still have listener com.google.android.location.internal.client.NetworkLocationClient$1@41378bd0
06-19 18:07:40.050  7204  7221 D androidNetworkLocationListeners: Still have listener com.google.android.location.internal.client.NetworkLocationClient$1@41378bd0
06-19 18:07:40.617  7204  7230 D WifiLocator: Too many no-location APs. Will not compute a location nor go to the server. hasLocation=0 noLocation=0 cacheMiss=0
06-19 18:07:41.675   140   142 D dalvikvm: GC_CONCURRENT freed 1968K, 19% free 17467K/21447K, paused 3ms+7ms
06-19 18:08:21.097   140   140 D dalvikvm: GC_EXPLICIT freed 151K, 20% free 17360K/21447K, paused 3ms+6ms
06-19 18:08:21.640 21865 24692 I Gmail   : MainSyncRequestProto: lowestBkwdConvoId: 0, highestHandledServerOp: 617119, normalSync: true
06-19 18:08:21.695   140   390 I ActivityManager: Start proc com.google.android.gsf.login for service com.google.android.gsf.login/com.google.android.gsf.loginservice.GoogleLoginService: pid=24693 uid=10009 gids={3003, 1015, 1007, 2001, 3006}
06-19 18:08:23.406   140 24670 E DhcpStateMachine: DHCP failed on wlan0: Timed out waiting for DHCP to finish
06-19 18:08:23.547 21865 21867 D dalvikvm: GC_CONCURRENT freed 575K, 10% free 11354K/12551K, paused 2ms+6ms
06-19 18:08:23.965 21865 24692 D dalvikvm: GC_EXPLICIT freed 408K, 10% free 11316K/12551K, paused 14ms+4ms
06-19 18:08:23.968 21865 24692 I Gmail   : MainSyncRequestProto: lowestBkwdConvoId: 0, highestHandledServerOp: 617160, normalSync: true
06-19 18:08:23.980 21865 24692 W Gmail   : Scheduling index for 300000 ms from now
06-19 18:08:24.011 21865 24692 I Gmail   : Sending notification intent: Intent { act=android.intent.action.PROVIDER_CHANGED dat=content://gmail-ls/unread/^i (has extras) }
06-19 18:08:24.097 21865 24692 I Gmail   : Sending notification intent: Intent { act=android.intent.action.PROVIDER_CHANGED dat=content://gmail-ls/unread/^iim (has extras) }
06-19 18:08:24.152   211   211 D dalvikvm: GC_FOR_ALLOC freed 518K, 52% free 10009K/20743K, paused 43ms
06-19 18:08:24.230   211   212 D dalvikvm: GC_CONCURRENT freed 325K, 51% free 10189K/20743K, paused 2ms+3ms
06-19 18:08:25.648 10869 10869 I wpa_supplicant: wlan0: Trying to associate with 00:22:be:93:04:b1 (SSID='UB_Wireless' freq=2412 MHz)
06-19 18:08:25.695 10869 10869 I wpa_supplicant: wlan0: Associated with 00:22:be:93:04:b1
06-19 18:08:25.695 10869 10869 I wpa_supplicant: wlan0: CTRL-EVENT-CONNECTED - Connection to 00:22:be:93:04:b1 completed (reauth) [id=1 id_str=]
06-19 18:08:25.715  7204  7230 D WifiLocator: Too many cache  misses. Need server request. hasLocation=0 noLocation=0 cacheMiss=2
06-19 18:08:25.715  7204  7230 D NetworkLocator: New location significantly newer than previous. Reporting it.
06-19 18:08:25.730  7204  7223 I System.out: [INFO:64584821]: LogSource: Running flush
06-19 18:08:25.734  7204  7225 I System.out: [INFO:64584824]: LogSource: Sending payload [bytes=441]
06-19 18:08:25.976  7204  7225 I System.out: [INFO:64585067]: LogSource: Response [http=200,length=152]
06-19 18:08:25.988  7204  7223 I System.out: [INFO:64585077]: LogSource: Read id 29, status code 200
06-19 18:08:26.078  7204  7230 D WifiLocator: Too many no-location APs. Will not compute a location nor go to the server. hasLocation=0 noLocation=0 cacheMiss=0
06-19 18:08:26.308   140   197 D ConnectivityService: ConnectivityChange for WIFI: CONNECTED/CONNECTED
06-19 18:08:26.312   140   197 D ConnectivityService: Policy requires mobile teardown
06-19 18:08:26.367   140   192 W NetworkStats: dropping UID delta from unknown iface: iface=wlan0 uid=0 set=DEFAULT tag=0x0 rxBytes=0 rxPackets=0 txBytes=140 txPackets=2 operations=0
06-19 18:08:26.371 22272 22272 I PhoneLab-WiFiReceiver: Wi-Fi is connected!
06-19 18:08:26.371 22272 22272 I PhoneLab-WiFiReceiver: SSID: UB_Wireless BSSID: 00:22:be:93:04:b1 RSSI: -200 LinkSpeed: -1
06-19 18:08:26.371 22272 22272 I PhoneLab-Locks: wake lock acquired
06-19 18:08:26.375 22272 22272 I PhoneLab-UploadLogs: Transfering log files now
06-19 18:08:26.379 22272 22272 I PhoneLab-UploadLogs: No log files to transfer
06-19 18:08:26.379 22272 22272 I PhoneLab-Locks: wake lock released
06-19 18:08:26.390   140   197 D ConnectivityService: ConnectivityChange for mobile: DISCONNECTED/DISCONNECTED
06-19 18:08:26.390   140   197 D ConnectivityService: Attempting to switch to WIFI
06-19 18:08:26.390   140   197 D ConnectivityService: Attempting to switch to WIMAX
06-19 18:08:26.390   140   197 D ConnectivityService: Attempting to switch to BLUETOOTH_TETHER
06-19 18:08:26.402   140   197 D NetUtils: android_net_utils_resetConnections in env=0xee3668 clazz=0x67200001 iface=rmnet0 mask=0x3
06-19 18:08:26.402   140   197 D ConnectivityService: resetConnections(rmnet0, 3)
06-19 18:08:26.410 22272 22272 I PhoneLab-UploadLogs: OnStartCommand
06-19 18:08:26.468  7204 24681 W Smack/Packet: notify conn break (IOEx), close connection
06-19 18:08:26.683  7204 24681 I qtaguid : Failed write_ctrl(u 83) res=-1 errno=22
06-19 18:08:26.683  7204 24681 I qtaguid : Untagging socket 83 failed errno=-22
06-19 18:08:26.683  7204 24681 W NetworkManagementSocketTagger: untagSocket(83) failed with errno -22
06-19 18:08:26.707   140   197 D ConnectivityService: handleInetConditionChange: net=0 != default=1 - ignore
06-19 18:08:33.023   140   201 D Tethering: MasterInitialState.processMessage what=3
06-19 18:08:33.023   140   201 D Tethering: MasterInitialState.processMessage what=3
06-19 18:08:33.031   140   201 D Tethering: MasterInitialState.processMessage what=3
06-19 18:08:33.117  7204  7204 I GTalkService/c: [AndroidEndpoint@1093869480] connect: acct=1000000, state=CONNECTING
06-19 18:08:33.117  7204  7204 I GTalkService/c: [GTalkConnection@1094136176] connect: acct=1, state=CONNECTING
06-19 18:08:33.125 24466 24481 D PicasaSyncManager: active network: NetworkInfo: type: WIFI[], state: CONNECTED/CONNECTED, reason: (unspecified), extra: (none), roaming: false, failover: false, isAvailable: true
06-19 18:08:33.136 24466 24481 D PicasaSyncManager: background data: true
06-19 18:08:33.175  7204  7206 D dalvikvm: GC_CONCURRENT freed 547K, 7% free 10742K/11527K, paused 2ms+3ms
06-19 18:08:33.230 24483 24483 I MediaUploader: No need to wake up
06-19 18:08:33.297 24483 24483 I MediaUploader: No need to wake up
06-19 18:08:33.371 24483 24483 I MediaUploader: No need to wake up
06-19 18:08:33.437 24466 24481 D PicasaSyncManager: active network: NetworkInfo: type: WIFI[], state: CONNECTED/CONNECTED, reason: (unspecified), extra: (none), roaming: false, failover: false, isAvailable: true
06-19 18:08:33.437 24466 24481 D PicasaSyncManager: background data: true
06-19 18:08:36.496 21865 21865 D OpenGLRenderer: Flushing caches (mode 1)
06-19 18:08:46.261 10869 10869 I wpa_supplicant: wlan0: CTRL-EVENT-DISCONNECTED bssid=00:22:be:93:04:b1 reason=0
06-19 18:08:46.273    75   115 D CommandListener: Clearing all IP addresses on wlan0
06-19 18:08:46.328   140   197 D ConnectivityService: ConnectivityChange for WIFI: DISCONNECTED/DISCONNECTED
06-19 18:08:46.328   140   197 D ConnectivityService: Attempting to switch to mobile
06-19 18:08:46.328   140   197 D ConnectivityService: Attempting to switch to WIMAX
06-19 18:08:46.328   140   197 D ConnectivityService: Attempting to switch to BLUETOOTH_TETHER
06-19 18:08:46.359   140   197 D NetUtils: android_net_utils_resetConnections in env=0xee3668 clazz=0x75700001 iface=wlan0 mask=0x3
06-19 18:08:46.359   140   197 E ConnectivityService: Exception trying to remove a route: java.lang.IllegalStateException: Unable to communicate with native dameon to add routes - com.android.server.NativeDaemonConnectorException: Cmd {interface route remove wlan0 default 128.205.63.254 32 0.0.0.0} failed with code 400 : {Failed to remove route from default table (No such process)}
06-19 18:08:46.359   140   197 E ConnectivityService: Exception trying to remove a route: java.lang.IllegalStateException: Unable to communicate with native dameon to add routes - com.android.server.NativeDaemonConnectorException: Cmd {interface route remove wlan0 default 0.0.0.0 0 128.205.63.254} failed with code 400 : {Failed to remove route from default table (No such process)}
06-19 18:08:46.359   140   197 D ConnectivityService: resetConnections(wlan0, 3)
06-19 18:08:46.429  7204  7232 E GTalkService: connectionClosed: no XMPPConnection - That's strange!
06-19 18:08:46.445   140   197 D ConnectivityService: handleInetConditionChange: no active default network - ignore
06-19 18:08:46.535   140   142 D dalvikvm: GC_CONCURRENT freed 1923K, 19% free 17423K/21447K, paused 3ms+7ms
06-19 18:08:46.621  7204  7232 E GTalkService: connectionClosed: no XMPPConnection - That's strange!
06-19 18:08:46.949 23177 23180 D dalvikvm: GC_CONCURRENT freed 414K, 7% free 10495K/11207K, paused 8ms+5ms
06-19 18:08:49.402   140   201 D Tethering: MasterInitialState.processMessage what=3
06-19 18:08:49.464 24466 24481 D PicasaSyncManager: active network: null
06-19 18:08:49.488 24466 24481 D PicasaSyncManager: background data: true
06-19 18:08:49.492 24483 24483 I MediaUploader: No need to wake up
06-19 18:08:49.496 22272 22272 I PhoneLab-WiFiReceiver: Wi-Fi is disconnected!
06-19 18:08:49.597 24466 24468 D dalvikvm: GC_CONCURRENT freed 307K, 5% free 9301K/9735K, paused 16ms+3ms
06-19 18:08:53.293   140   197 D ConnectivityService: ConnectivityChange for mobile: CONNECTED/CONNECTED
06-19 18:08:53.375   140   193 D NetworkPolicy: applying policy NetworkPolicy[NetworkTemplate: matchRule=MOBILE_ALL, subscriberId=valid]: cycleDay=8, warningBytes=2147483648, limitBytes=-1, lastSnooze=-1 to ifaces [rmnet0]
06-19 18:08:54.297   140   197 D ConnectivityService: NetTransition Wakelock for WifiStateMachine released by timeout
06-19 18:09:09.949   140   201 D Tethering: MasterInitialState.processMessage what=3
06-19 18:09:10.011 24466 24481 D PicasaSyncManager: active network: NetworkInfo: type: mobile[CDMA - EvDo rev. A], state: CONNECTED/CONNECTED, reason: (unspecified), extra: , roaming: false, failover: true, isAvailable: true
06-19 18:09:10.046 24466 24481 D PicasaSyncManager: background data: true
06-19 18:09:10.062 24483 24483 I MediaUploader: No need to wake up
06-19 18:09:10.191  7204  7206 D dalvikvm: GC_CONCURRENT freed 603K, 8% free 10713K/11527K, paused 2ms+3ms
06-19 18:09:23.179 22272 22285 I PhoneLab-: Service Running
06-19 18:09:23.199   140   140 I ActivityManager: Process com.pandora.android (pid 24368) has died.
06-19 18:09:23.203   140   140 W ActivityManager: Scheduling restart of crashed service com.pandora.android/.PandoraService in 5000ms
06-19 18:09:23.254   140  2265 W InputManagerService: Starting input on non-focused client com.android.internal.view.IInputMethodClient$Stub$Proxy@4189ac20 (uid=10032 pid=24131)
06-19 18:09:23.300 22272 22285 I PhoneLab-LoggerService: app_38    1313  1     1432   988   c00f181c 400107b4 S logcat
06-19 18:09:23.300 22272 22285 I PhoneLab-LoggerService: Logcat pid from database 1313
06-19 18:09:23.300 22272 22285 I PhoneLab-LoggerService: Logcat process found 1313
06-19 18:09:23.304 22272 22285 I PhoneLab-LoggerService: Checking Threshold
06-19 18:09:23.304 22272 22285 I PhoneLab-: Service Running
06-19 18:09:23.332 22272 22285 I PhoneLab-LoggerService: app_38    1313  1     1432   988   c00f181c 400107b4 S logcat
06-19 18:09:23.332 22272 22285 I PhoneLab-LoggerService: Logcat pid from database 1313
06-19 18:09:23.332 22272 22285 I PhoneLab-LoggerService: Logcat process found 1313
06-19 18:09:23.332 22272 22285 I PhoneLab-LoggerService: Checking Threshold
06-19 18:09:23.527  7204  7204 I GTalkService/c: [AndroidEndpoint@1093869480] connect: acct=1000000, state=CONNECTING
06-19 18:09:23.562  7204  7204 I GTalkService/c: [GTalkConnection@1094136176] connect: acct=1, state=CONNECTING
06-19 18:09:28.257   140   157 I ActivityManager: Start proc com.pandora.android for service com.pandora.android/.PandoraService: pid=24755 uid=10064 gids={3003, 3002, 3001, 1015}
06-19 18:09:28.265 24755 24755 I dalvikvm: Turning on JNI app bug workarounds for target SDK version 10...
06-19 18:09:28.386 24755 24755 I ActivityThread: Pub com.pandora.provider: com.pandora.android.provider.StationProvider
06-19 18:09:30.863 10869 10869 I wpa_supplicant: wlan0: Trying to associate with d0:c2:82:67:f9:11 (SSID='UB_Wireless' freq=2412 MHz)
06-19 18:09:30.922 10869 10869 I wpa_supplicant: wlan0: Associated with d0:c2:82:67:f9:11
06-19 18:09:30.922 10869 10869 I wpa_supplicant: wlan0: CTRL-EVENT-CONNECTED - Connection to d0:c2:82:67:f9:11 completed (reauth) [id=1 id_str=]
06-19 18:09:31.152   140   389 I ActivityManager: Process com.android.calendar (pid 23732) has died.
06-19 18:09:31.222   140   390 W InputManagerService: Starting input on non-focused client com.android.internal.view.IInputMethodClient$Stub$Proxy@4189ac20 (uid=10032 pid=24131)
06-19 18:09:31.261 24131 24133 D dalvikvm: GC_CONCURRENT freed 444K, 7% free 9707K/10375K, paused 6ms+12ms
06-19 18:09:31.382 21865 24793 I Gmail   : MainSyncRequestProto: lowestBkwdConvoId: 0, highestHandledServerOp: 617160, normalSync: true
06-19 18:09:31.441   140   197 D ConnectivityService: handleInetConditionHoldEnd: net=0, condition=100, published condition=0
06-19 18:09:31.492   140   197 D ConnectivityService: ConnectivityChange for WIFI: CONNECTED/CONNECTED
06-19 18:09:31.492   140   197 D ConnectivityService: Policy requires mobile teardown
06-19 18:09:31.504 22272 22272 I PhoneLab-WiFiReceiver: Wi-Fi is connected!
06-19 18:09:31.504 22272 22272 I PhoneLab-WiFiReceiver: SSID: UB_Wireless BSSID: d0:c2:82:67:f9:11 RSSI: -200 LinkSpeed: -1
06-19 18:09:31.504 22272 22272 I PhoneLab-Locks: wake lock acquired
06-19 18:09:31.507 22272 22272 I PhoneLab-UploadLogs: Transfering log files now
06-19 18:09:31.507 22272 22272 I PhoneLab-UploadLogs: No log files to transfer
06-19 18:09:31.507 22272 22272 I PhoneLab-Locks: wake lock released
06-19 18:09:31.523 22272 22272 I PhoneLab-UploadLogs: OnStartCommand
06-19 18:09:31.547   140   197 D ConnectivityService: ConnectivityChange for mobile: DISCONNECTED/DISCONNECTED
06-19 18:09:31.550   140   197 D ConnectivityService: Attempting to switch to WIFI
06-19 18:09:31.550   140   197 D ConnectivityService: Attempting to switch to WIMAX
06-19 18:09:31.558   140   197 D ConnectivityService: Attempting to switch to BLUETOOTH_TETHER
06-19 18:09:31.562   140   197 D NetUtils: android_net_utils_resetConnections in env=0xee3668 clazz=0x99e00001 iface=rmnet0 mask=0x3
06-19 18:09:31.562   140   197 D ConnectivityService: resetConnections(rmnet0, 3)
06-19 18:09:31.566   140   192 W NetworkStats: dropping UID delta from unknown iface: iface=wlan0 uid=0 set=DEFAULT tag=0x0 rxBytes=0 rxPackets=0 txBytes=76 txPackets=1 operations=0
06-19 18:09:31.664  7204 24771 W Smack/Packet: notify conn break (IOEx), close connection
06-19 18:09:31.808   140   142 D dalvikvm: GC_CONCURRENT freed 2056K, 19% free 17427K/21447K, paused 13ms+7ms
06-19 18:09:31.828  7204 24771 I qtaguid : Failed write_ctrl(u 83) res=-1 errno=22
06-19 18:09:31.836  7204 24771 I qtaguid : Untagging socket 83 failed errno=-22
06-19 18:09:31.839  7204 24771 W NetworkManagementSocketTagger: untagSocket(83) failed with errno -22
06-19 18:09:34.558   140   201 D Tethering: MasterInitialState.processMessage what=3
06-19 18:09:34.593   140   201 D Tethering: MasterInitialState.processMessage what=3
06-19 18:09:34.601   140   201 D Tethering: MasterInitialState.processMessage what=3
06-19 18:09:34.629 24466 24481 D PicasaSyncManager: active network: NetworkInfo: type: WIFI[], state: CONNECTED/CONNECTED, reason: (unspecified), extra: (none), roaming: false, failover: false, isAvailable: true
06-19 18:09:34.632 24466 24481 D PicasaSyncManager: background data: true
06-19 18:09:34.640  7204  7204 I GTalkService/c: [AndroidEndpoint@1093869480] connect: acct=1000000, state=CONNECTING
06-19 18:09:34.695 24483 24483 I MediaUploader: No need to wake up
06-19 18:09:34.851   140   313 D dalvikvm: GC_EXPLICIT freed 393K, 20% free 17325K/21447K, paused 6ms+6ms
06-19 18:09:34.886 24483 24483 I MediaUploader: No need to wake up
06-19 18:09:34.941  7204  7206 D dalvikvm: GC_CONCURRENT freed 398K, 7% free 10768K/11527K, paused 2ms+2ms
06-19 18:09:34.976 24483 24483 I MediaUploader: No need to wake up
06-19 18:09:35.035 24448 24450 D dalvikvm: GC_CONCURRENT freed 311K, 5% free 9298K/9735K, paused 8ms+3ms
06-19 18:09:35.066 24466 24481 D PicasaSyncManager: active network: NetworkInfo: type: WIFI[], state: CONNECTED/CONNECTED, reason: (unspecified), extra: (none), roaming: false, failover: false, isAvailable: true
06-19 18:09:35.066 24466 24481 D PicasaSyncManager: background data: true
06-19 18:09:35.183 21865 24793 D dalvikvm: GC_EXPLICIT freed 369K, 10% free 11351K/12551K, paused 2ms+5ms
06-19 18:09:35.191 21865 24793 I Gmail   : MainSyncRequestProto: lowestBkwdConvoId: 0, highestHandledServerOp: 617163, normalSync: true
06-19 18:09:35.203 21865 24793 W Gmail   : Scheduling index for 300000 ms from now
06-19 18:09:37.640   140   197 D ConnectivityService: handleInetConditionHoldEnd: net=1, condition=0, published condition=0
06-19 18:09:40.195 21865 21865 D OpenGLRenderer: Flushing caches (mode 1)
06-19 18:09:51.211  7204  7232 E GTalkService: connectionClosed: no XMPPConnection - That's strange!
06-19 18:09:51.215  7204  7232 E GTalkService: connectionClosed: no XMPPConnection - That's strange!
06-19 18:09:54.215   140   197 D ConnectivityService: handleInetConditionHoldEnd: net=1, condition=0, published condition=0
06-19 18:09:55.179  7204  7230 D WifiLocator: Not enough positive cache hits compared to misses. Need server request. hasLocation=1 noLocation=0 cacheMiss=8
06-19 18:09:55.179  7204  7230 D NetworkLocator: Not reporting location since the new location has worse accuracy than the previous one.
06-19 18:09:55.203  7204  7223 I System.out: [INFO:64674293]: LogSource: Running flush
06-19 18:09:55.207  7204  7226 I System.out: [INFO:64674295]: LogSource: Sending payload [bytes=582]
06-19 18:10:00.207  7204  7223 I System.out: [INFO:64679296]: LogSource: Running delayed flush
06-19 18:10:00.218  7204  7223 I System.out: [INFO:64679309]: LogSource: Running flush
06-19 18:10:02.976  7204  7204 I GTalkService/c: [AndroidEndpoint@1093869480] connect: acct=1000000, state=CONNECTING
06-19 18:10:02.976  7204  7204 I GTalkService/c: [GTalkConnection@1094136176] connect: acct=1, state=CONNECTING
06-19 18:10:06.949 10869 10869 I wpa_supplicant: wlan0: CTRL-EVENT-DISCONNECTED bssid=d0:c2:82:67:f9:11 reason=0
06-19 18:10:06.957    75   115 D CommandListener: Clearing all IP addresses on wlan0
06-19 18:10:07.015   140   197 D ConnectivityService: ConnectivityChange for WIFI: DISCONNECTED/DISCONNECTED
06-19 18:10:07.015   140   197 D ConnectivityService: Attempting to switch to mobile
06-19 18:10:07.015   140   197 D ConnectivityService: Attempting to switch to WIMAX
06-19 18:10:07.015   140   197 D ConnectivityService: Attempting to switch to BLUETOOTH_TETHER
06-19 18:10:07.050   140   197 E ConnectivityService: Exception trying to remove a route: java.lang.IllegalStateException: Unable to communicate with native dameon to add routes - com.android.server.NativeDaemonConnectorException: Cmd {interface route remove wlan0 default 128.205.63.254 32 0.0.0.0} failed with code 400 : {Failed to remove route from default table (No such process)}
06-19 18:10:07.054   140   197 D NetUtils: android_net_utils_resetConnections in env=0xee3668 clazz=0xaac00001 iface=wlan0 mask=0x3
06-19 18:10:07.054   140   197 E ConnectivityService: Exception trying to remove a route: java.lang.IllegalStateException: Unable to communicate with native dameon to add routes - com.android.server.NativeDaemonConnectorException: Cmd {interface route remove wlan0 default 0.0.0.0 0 128.205.63.254} failed with code 400 : {Failed to remove route from default table (No such process)}
06-19 18:10:07.054   140   197 D ConnectivityService: resetConnections(wlan0, 3)
06-19 18:10:07.152   337   339 D dalvikvm: GC_CONCURRENT freed 901K, 10% free 12287K/13511K, paused 2ms+6ms
06-19 18:10:07.550 10869 10869 I wpa_supplicant: wlan0: Trying to associate with d0:c2:82:67:3c:a1 (SSID='UB_Wireless' freq=2462 MHz)
06-19 18:10:07.726 10869 10869 I wpa_supplicant: wlan0: Associated with d0:c2:82:67:3c:a1
06-19 18:10:07.726 10869 10869 I wpa_supplicant: wlan0: CTRL-EVENT-CONNECTED - Connection to d0:c2:82:67:3c:a1 completed (reauth) [id=1 id_str=]
06-19 18:10:08.394   140   197 D ConnectivityService: ConnectivityChange for WIFI: CONNECTED/CONNECTED
06-19 18:10:08.437 22272 22272 I PhoneLab-WiFiReceiver: Wi-Fi is connected!
06-19 18:10:08.437 22272 22272 I PhoneLab-WiFiReceiver: SSID: UB_Wireless BSSID: d0:c2:82:67:3c:a1 RSSI: -200 LinkSpeed: -1
06-19 18:10:08.437 22272 22272 I PhoneLab-Locks: wake lock acquired
06-19 18:10:08.441 22272 22272 I PhoneLab-UploadLogs: Transfering log files now
06-19 18:10:08.441 22272 22272 I PhoneLab-UploadLogs: No log files to transfer
06-19 18:10:08.441 22272 22272 I PhoneLab-Locks: wake lock released
06-19 18:10:08.445 22272 22272 I PhoneLab-UploadLogs: OnStartCommand
06-19 18:10:08.468   140   192 W NetworkStats: dropping UID delta from unknown iface: iface=wlan0 uid=0 set=DEFAULT tag=0x0 rxBytes=0 rxPackets=0 txBytes=140 txPackets=2 operations=0
06-19 18:10:09.398   140   197 D ConnectivityService: NetTransition Wakelock for WifiStateMachine released by timeout
06-19 18:10:10.090   140   201 D Tethering: MasterInitialState.processMessage what=3
06-19 18:10:10.191  7204  7204 D dalvikvm: GC_EXPLICIT freed 212K, 7% free 10748K/11527K, paused 2ms+4ms
06-19 18:10:10.191 24466 24481 D PicasaSyncManager: active network: NetworkInfo: type: WIFI[], state: CONNECTED/CONNECTED, reason: (unspecified), extra: (none), roaming: false, failover: false, isAvailable: true
06-19 18:10:10.191 24466 24481 D PicasaSyncManager: background data: true
06-19 18:10:10.214 24483 24483 I MediaUploader: No need to wake up
06-19 18:10:10.214 22272 22272 I PhoneLab-WiFiReceiver: Wi-Fi is disconnected!
06-19 18:10:11.484   140   201 D Tethering: MasterInitialState.processMessage what=3
06-19 18:10:11.562 24483 24483 I MediaUploader: No need to wake up
06-19 18:10:11.582 24466 24481 D PicasaSyncManager: active network: NetworkInfo: type: WIFI[], state: CONNECTED/CONNECTED, reason: (unspecified), extra: (none), roaming: false, failover: false, isAvailable: true
06-19 18:10:11.582 24466 24481 D PicasaSyncManager: background data: true
06-19 18:10:14.101  7204  7226 I System.out: [INFO:64693193]: LogSource: Response [http=200,length=346]
06-19 18:10:14.105  7204  7223 I System.out: [INFO:64693195]: LogSource: Read id 30, status code 200
06-19 18:10:14.234  7204  7230 I WifiLocationEstimator: Not returning location for the following outliers: [239855706501001]
06-19 18:10:14.316  7204  7206 D dalvikvm: GC_CONCURRENT freed 477K, 6% free 10846K/11527K, paused 24ms+3ms
06-19 18:10:14.890   140   197 D ConnectivityService: handleInetConditionHoldEnd: net=1, condition=100, published condition=0
06-19 18:10:14.937   140   197 D ConnectivityService: ConnectivityChange for mobile: CONNECTED/CONNECTED
06-19 18:10:14.949   140   197 D ConnectivityService: ConnectivityChange for mobile: DISCONNECTED/DISCONNECTED
06-19 18:10:14.953   140   197 D ConnectivityService: Attempting to switch to WIFI
06-19 18:10:14.953   140   197 D ConnectivityService: Attempting to switch to WIMAX
06-19 18:10:14.953   140   197 D ConnectivityService: Attempting to switch to BLUETOOTH_TETHER
06-19 18:10:14.953   140   197 D NetUtils: android_net_utils_resetConnections in env=0xee3668 clazz=0xbfc00001 iface=rmnet0 mask=0x3
06-19 18:10:14.953   140   197 D ConnectivityService: resetConnections(rmnet0, 3)
06-19 18:10:15.172   140   142 D dalvikvm: GC_CONCURRENT freed 1867K, 19% free 17491K/21447K, paused 2ms+9ms
06-19 18:10:19.101   140   201 D Tethering: MasterInitialState.processMessage what=3
06-19 18:10:19.187 24483 24483 I MediaUploader: No need to wake up
06-19 18:10:19.254 24483 24483 I MediaUploader: No need to wake up
06-19 18:10:19.285 24466 24481 D PicasaSyncManager: active network: NetworkInfo: type: WIFI[], state: CONNECTED/CONNECTED, reason: (unspecified), extra: (none), roaming: false, failover: false, isAvailable: true
06-19 18:10:19.285 24466 24481 D PicasaSyncManager: background data: true
06-19 18:10:19.293   140   201 D Tethering: MasterInitialState.processMessage what=3
06-19 18:10:19.652   140   197 D ConnectivityService: handleInetConditionHoldEnd: net=1, condition=100, published condition=100
06-19 18:10:19.687  7204  7206 D dalvikvm: GC_CONCURRENT freed 555K, 7% free 10782K/11527K, paused 5ms+3ms
06-19 18:10:25.882   140   170 I ActivityManager: Start proc com.google.android.apps.maps for service com.google.android.apps.maps/com.google.googlenav.prefetch.android.PrefetcherService: pid=24847 uid=10069 gids={3003, 1015}
06-19 18:10:25.941    79    79 D dalvikvm: GC_EXPLICIT freed 38K, 4% free 9031K/9347K, paused 6ms+18ms
06-19 18:10:33.027 10869 10869 I wpa_supplicant: wlan0: CTRL-EVENT-DISCONNECTED bssid=d0:c2:82:67:3c:a1 reason=0
06-19 18:10:33.027    75   115 D CommandListener: Clearing all IP addresses on wlan0
06-19 18:10:33.043   140   197 D ConnectivityService: ConnectivityChange for WIFI: DISCONNECTED/DISCONNECTED
06-19 18:10:33.050   140   197 D ConnectivityService: Attempting to switch to mobile
06-19 18:10:33.050   140   197 D ConnectivityService: Attempting to switch to WIMAX
06-19 18:10:33.050   140   197 D ConnectivityService: Attempting to switch to BLUETOOTH_TETHER
06-19 18:10:33.054   140   197 E ConnectivityService: Exception trying to remove a route: java.lang.IllegalStateException: Unable to communicate with native dameon to add routes - com.android.server.NativeDaemonConnectorException: Cmd {interface route remove wlan0 default 128.205.63.254 32 0.0.0.0} failed with code 400 : {Failed to remove route from default table (No such process)}
06-19 18:10:33.058   140   197 E ConnectivityService: Exception trying to remove a route: java.lang.IllegalStateException: Unable to communicate with native dameon to add routes - com.android.server.NativeDaemonConnectorException: Cmd {interface route remove wlan0 default 0.0.0.0 0 128.205.63.254} failed with code 400 : {Failed to remove route from default table (No such process)}
06-19 18:10:33.058   140   197 D NetUtils: android_net_utils_resetConnections in env=0xee3668 clazz=0xce000001 iface=wlan0 mask=0x3
06-19 18:10:33.058   140   197 D ConnectivityService: resetConnections(wlan0, 3)
06-19 18:10:33.082    79    79 D dalvikvm: GC_EXPLICIT freed <1K, 4% free 9031K/9347K, paused 5ms+3ms
06-19 18:10:33.125    79    79 D dalvikvm: GC_EXPLICIT freed <1K, 4% free 9031K/9347K, paused 2ms+6ms
06-19 18:10:33.234 24847 24849 D dalvikvm: GC_CONCURRENT freed 174K, 3% free 9362K/9607K, paused 3ms+3ms
06-19 18:10:33.316  7204 24840 W Smack/Packet: notify conn break (IOEx), close connection
06-19 18:10:33.398 24847 24847 I ActivityThread: Pub com.google.android.maps.SearchHistoryProvider: com.google.googlenav.provider.SearchHistoryProvider
06-19 18:10:33.418 24847 24847 I ActivityThread: Pub com.google.android.maps.SuggestionProvider: com.google.googlenav.suggest.android.SuggestContentProvider
06-19 18:10:33.464 24847 24847 I ActivityThread: Pub com.google.android.maps.LayerInfoProvider: com.google.googlenav.layer.LayerInfoProvider
06-19 18:10:33.472  7204 24840 I qtaguid : Failed write_ctrl(u 83) res=-1 errno=22
06-19 18:10:33.472  7204 24840 I qtaguid : Untagging socket 83 failed errno=-22
06-19 18:10:33.484  7204 24840 W NetworkManagementSocketTagger: untagSocket(83) failed with errno -22
06-19 18:10:33.500 24847 24847 I ActivityThread: Pub com.google.android.maps.TrafficAppWidgetProvider: com.google.googlenav.appwidget.traffic.TrafficAppWidgetProvider
06-19 18:10:33.500 24847 24847 I ActivityThread: Pub com.google.android.maps.LocalActivePlacesProvider: com.google.googlenav.provider.LocalActivePlacesProvider
06-19 18:10:33.504 24847 24847 I ActivityThread: Pub com.google.android.maps.StarredItemProvider: com.google.googlenav.provider.StarredItemProvider
06-19 18:10:33.507   140   197 D ConnectivityService: handleInetConditionChange: no active default network - ignore
06-19 18:10:33.609 10869 10869 I wpa_supplicant: wlan0: Trying to associate with d0:c2:82:67:e7:61 (SSID='UB_Wireless' freq=2412 MHz)
06-19 18:10:33.777 10869 10869 I wpa_supplicant: wlan0: Associated with d0:c2:82:67:e7:61
06-19 18:10:33.781 10869 10869 I wpa_supplicant: wlan0: CTRL-EVENT-CONNECTED - Connection to d0:c2:82:67:e7:61 completed (reauth) [id=1 id_str=]
06-19 18:10:34.476 24847 24849 D dalvikvm: GC_CONCURRENT freed 150K, 3% free 9662K/9927K, paused 31ms+22ms
06-19 18:10:34.742   140   197 D ConnectivityService: ConnectivityChange for WIFI: CONNECTED/CONNECTED
06-19 18:10:34.773 22272 22272 I PhoneLab-WiFiReceiver: Wi-Fi is connected!
06-19 18:10:34.773 22272 22272 I PhoneLab-WiFiReceiver: SSID: UB_Wireless BSSID: d0:c2:82:67:e7:61 RSSI: -200 LinkSpeed: -1
06-19 18:10:34.773 22272 22272 I PhoneLab-Locks: wake lock acquired
06-19 18:10:34.781 22272 22272 I PhoneLab-UploadLogs: Transfering log files now
06-19 18:10:34.781 22272 22272 I PhoneLab-UploadLogs: No log files to transfer
06-19 18:10:34.781 22272 22272 I PhoneLab-Locks: wake lock released
06-19 18:10:34.785 22272 22272 I PhoneLab-UploadLogs: OnStartCommand
06-19 18:10:34.789 24847 24849 D dalvikvm: GC_CONCURRENT freed 205K, 3% free 9881K/10183K, paused 3ms+63ms
06-19 18:10:34.789   140   192 W NetworkStats: dropping UID delta from unknown iface: iface=wlan0 uid=0 set=DEFAULT tag=0x0 rxBytes=0 rxPackets=0 txBytes=216 txPackets=3 operations=0
06-19 18:10:34.816 24847 24847 I ActivityThread: Pub com.google.android.maps.LocalSuggestionProvider: com.google.googlenav.provider.LocalSuggestionProvider
06-19 18:10:34.820 24847 24847 I ActivityThread: Pub com.google.android.maps.NavigationAvailabilityProvider: com.google.googlenav.provider.NavigationAvailabilityProvider
06-19 18:10:34.968 24847 24849 D dalvikvm: GC_CONCURRENT freed 227K, 3% free 10205K/10503K, paused 2ms+6ms
06-19 18:10:34.976   140  1188 I ActivityManager: Process com.laurencedawson.reddit_sync:remote (pid 23120) has died.
06-19 18:10:35.086 24131 24131 D dalvikvm: GC_EXPLICIT freed 106K, 6% free 9766K/10375K, paused 28ms+3ms
06-19 18:10:35.125   140  1187 W InputManagerService: Starting input on non-focused client com.android.internal.view.IInputMethodClient$Stub$Proxy@4189ac20 (uid=10032 pid=24131)
06-19 18:10:35.750   140   197 D ConnectivityService: NetTransition Wakelock for WifiStateMachine released by timeout
06-19 18:10:38.011   140   201 D Tethering: MasterInitialState.processMessage what=3
06-19 18:10:38.039  7204  7204 I GTalkService/c: [AndroidEndpoint@1093869480] connect: acct=1000000, state=CONNECTING
06-19 18:10:38.039  7204  7204 I GTalkService/c: [GTalkConnection@1094136176] connect: acct=1, state=CONNECTING
06-19 18:10:38.097 24466 24481 D PicasaSyncManager: active network: NetworkInfo: type: WIFI[], state: CONNECTED/CONNECTED, reason: (unspecified), extra: (none), roaming: false, failover: false, isAvailable: true
06-19 18:10:38.105 24483 24483 I MediaUploader: No need to wake up
06-19 18:10:38.109 22272 22272 I PhoneLab-WiFiReceiver: Wi-Fi is disconnected!
06-19 18:10:38.136 24466 24481 D PicasaSyncManager: background data: true
06-19 18:10:39.484   140   201 D Tethering: MasterInitialState.processMessage what=3
06-19 18:10:39.586 24483 24483 I MediaUploader: No need to wake up
06-19 18:10:39.601 24466 24481 D PicasaSyncManager: active network: NetworkInfo: type: WIFI[], state: CONNECTED/CONNECTED, reason: (unspecified), extra: (none), roaming: false, failover: false, isAvailable: true
06-19 18:10:39.609 24466 24481 D PicasaSyncManager: background data: true
06-19 18:10:40.050   140   197 D ConnectivityService: ConnectivityChange for mobile: CONNECTED/CONNECTED
06-19 18:10:40.070   140   197 D NetUtils: android_net_utils_resetConnections in env=0xee3668 clazz=0xe2800001 iface=rmnet0 mask=0x3
06-19 18:10:40.070   140   197 D ConnectivityService: ConnectivityChange for mobile: DISCONNECTED/DISCONNECTED
06-19 18:10:40.070   140   197 D ConnectivityService: Attempting to switch to WIFI
06-19 18:10:40.070   140   197 D ConnectivityService: Attempting to switch to WIMAX
06-19 18:10:40.070   140   197 D ConnectivityService: Attempting to switch to BLUETOOTH_TETHER
06-19 18:10:40.070   140   197 D ConnectivityService: resetConnections(rmnet0, 3)
06-19 18:10:40.238   140   142 D dalvikvm: GC_CONCURRENT freed 2138K, 19% free 17400K/21447K, paused 6ms+12ms
06-19 18:10:40.390   140   193 D dalvikvm: GC_EXPLICIT freed 291K, 20% free 17296K/21447K, paused 3ms+10ms
06-19 18:10:40.429  7204  7230 I WifiLocationEstimator: Not returning location for the following outliers: [229533829984064, 239855706501001]
06-19 18:10:40.570  7204  7206 D dalvikvm: GC_CONCURRENT freed 556K, 7% free 10771K/11527K, paused 5ms+4ms
06-19 18:10:42.718   140   197 D ConnectivityService: handleInetConditionHoldEnd: net=1, condition=100, published condition=0
06-19 18:10:43.117   140   201 D Tethering: MasterInitialState.processMessage what=3
06-19 18:10:43.172   140   201 D Tethering: MasterInitialState.processMessage what=3
06-19 18:10:43.214 24483 24483 I MediaUploader: No need to wake up
06-19 18:10:43.226 24466 24481 D PicasaSyncManager: active network: NetworkInfo: type: WIFI[], state: CONNECTED/CONNECTED, reason: (unspecified), extra: (none), roaming: false, failover: false, isAvailable: true
06-19 18:10:43.265 24466 24481 D PicasaSyncManager: background data: true
06-19 18:10:43.273 24466 24481 D PicasaSyncManager: active network: NetworkInfo: type: WIFI[], state: CONNECTED/CONNECTED, reason: (unspecified), extra: (none), roaming: false, failover: false, isAvailable: true
06-19 18:10:43.281 24466 24481 D PicasaSyncManager: background data: true
06-19 18:10:43.304 24483 24483 I MediaUploader: No need to wake up
06-19 18:10:43.675   140   197 D ConnectivityService: handleInetConditionHoldEnd: net=1, condition=100, published condition=100
06-19 18:11:10.054   140   156 I power   : *** set_screen_state 1
06-19 18:11:10.089 22272 22272 I PhoneLab-PowerOnReceiver: Power is plugged in!
06-19 18:11:10.089 22272 22272 I PhoneLab-PowerOnReceiver: Rescheduling periodic checking...
06-19 18:11:10.129   140  3705 W InputManagerService: Starting input on non-focused client com.android.internal.view.IInputMethodClient$Stub$Proxy@4189ac20 (uid=10032 pid=24131)
06-19 18:11:10.144   211   211 W PowerUI : unknown intent: Intent { act=android.intent.action.ACTION_POWER_CONNECTED flg=0x10000010 }
06-19 18:11:10.187 22272 22272 I PhoneLab-Locks: wake lock acquired
06-19 18:11:10.199 22272 22272 I PhoneLab-UploadLogs: Transfering log files now
06-19 18:11:10.203 22272 22272 I PhoneLab-UploadLogs: No log files to transfer
06-19 18:11:10.203 22272 22272 I PhoneLab-Locks: wake lock released
06-19 18:11:10.203 22272 22272 I PhoneLab-UploadLogs: OnStartCommand
06-19 18:11:10.226   140   172 I WindowManager: Lock screen displayed!
06-19 18:11:10.250    78   118 D SurfaceFlinger: Screen about to return, flinger = 0x14f1918
06-19 18:11:10.519 16269 16269 D dalvikvm: GC_EXPLICIT freed 14K, 3% free 9253K/9479K, paused 2ms+6ms
06-19 18:11:10.531  7204  7221 D androidNetworkLocationListeners: Still have listener com.google.android.location.internal.client.NetworkLocationClient$1@41378bd0
06-19 18:11:10.574  7204  7221 D androidNetworkLocationListeners: Still have listener com.google.android.location.internal.client.NetworkLocationClient$1@41378bd0
06-19 18:11:10.589  8973 24928 I ControllerImpl: GET:http://wxdata.weather.com/wxdata/loc/get.js?lat=43.0022674&lng=-78.7866204&locale=en_US&key=e88d42ec-a740-102c-bafd-001321203584
06-19 18:11:10.589 22272 22275 D dalvikvm: GC_CONCURRENT freed 410K, 18% free 9190K/11079K, paused 3ms+349ms
06-19 18:11:10.593  8973 24928 I DAL     : GET:http://wxdata.weather.com/wxdata/loc/get.js?lat=43.0022674&lng=-78.7866204&locale=en_US&key=e88d42ec-a740-102c-bafd-001321203584
06-19 18:11:10.734   211   301 I StorageNotification: UMS connection changed to true (media state mounted)
06-19 18:11:10.769   211   301 I StorageNotification: UMS connection changed to true (media state mounted)
06-19 18:11:10.781   211   212 D dalvikvm: GC_CONCURRENT freed 625K, 52% free 9983K/20743K, paused 10ms+5ms
06-19 18:11:10.914   211   212 D dalvikvm: GC_CONCURRENT freed 222K, 51% free 10166K/20743K, paused 2ms+3ms
06-19 18:11:10.961   211   212 D dalvikvm: GC_CONCURRENT freed 593K, 52% free 10083K/20743K, paused 2ms+3ms
06-19 18:11:11.031   211   212 D dalvikvm: GC_CONCURRENT freed 482K, 52% free 10083K/20743K, paused 2ms+3ms
06-19 18:11:11.144   211   212 D dalvikvm: GC_CONCURRENT freed 188K, 51% free 10356K/20743K, paused 1ms+3ms
06-19 18:11:11.144  8973  8975 D dalvikvm: GC_CONCURRENT freed 411K, 8% free 9721K/10503K, paused 50ms+2ms
06-19 18:11:11.273  8973  8973 D WeatherGadgetService: WeatherGadetService.getWeatherData:Buffalo, NY (14228), **FOLLOW_ME**
06-19 18:11:11.273  8973  8973 D DAL     : WeatherDataConnection request:Buffalo, NY (14228), CC
06-19 18:11:11.285  8973  8973 D DAL     : WeatherDataConnection request:Buffalo, NY (14228), WA
06-19 18:11:11.804  7204  7230 I WifiLocationEstimator: Not returning location for the following outliers: [229533829984064]
06-19 18:11:11.886  7204  7206 D dalvikvm: GC_CONCURRENT freed 567K, 7% free 10787K/11527K, paused 2ms+3ms
06-19 18:11:11.918  7204  7221 D androidNetworkLocationListeners: Still have listener com.google.android.location.internal.client.NetworkLocationClient$1@41378bd0
06-19 18:11:11.925  8973 24932 I ControllerImpl: GET:http://wxdata.weather.com/wxdata/loc/get.js?lat=43.0023574&lng=-78.7865103&locale=en_US&key=e88d42ec-a740-102c-bafd-001321203584
06-19 18:11:11.929  8973 24932 I DAL     : GET:http://wxdata.weather.com/wxdata/loc/get.js?lat=43.0023574&lng=-78.7865103&locale=en_US&key=e88d42ec-a740-102c-bafd-001321203584
06-19 18:11:12.230 21539 21550 D dalvikvm: GC_EXPLICIT freed 191K, 4% free 9494K/9799K, paused 1ms+3ms
06-19 18:11:12.250  8973  8973 D WeatherGadgetService: WeatherGadetService.getWeatherData:Buffalo, NY (14228), **FOLLOW_ME**
06-19 18:11:12.250  8973  8973 D DAL     : WeatherDataConnection request:Buffalo, NY (14228), CC
06-19 18:11:12.250  8973  8973 D DAL     : WeatherDataConnection request:Buffalo, NY (14228), WA
06-19 18:11:13.148  7204  7230 I WifiLocationEstimator: Not returning location for the following outliers: [229533826279120]
06-19 18:11:15.027    72    99 D VoldCmdListener: volume unmount /mnt/sdcard force
06-19 18:11:15.027    72    99 I Vold    : Unmounting ASEC com.spryfox.tripletown-1 (dependant on /mnt/sdcard)
06-19 18:11:15.046    72    99 D Vold    : Volume sdcard state changing 4 (Mounted) -> 5 (Unmounting)
06-19 18:11:15.046   140   205 D MountService: sendStorageIntent Intent { act=android.intent.action.MEDIA_EJECT dat=file:///mnt/sdcard (has extras) }
06-19 18:11:16.058    72    99 I Vold    : /mnt/secure/staging/.android_secure sucessfully unmounted
06-19 18:11:16.058    72    99 I Vold    : /mnt/secure/asec sucessfully unmounted
06-19 18:11:16.058    72    99 W Vold    : Failed to unmount /mnt/secure/staging (Device or resource busy, retries 9, action 0)
06-19 18:11:16.152    72    99 E ProcessKiller: Process logcat (1313) has open file /mnt/secure/staging/.log/log.out
06-19 18:11:16.265    72    99 E ProcessKiller: Process com.google.android.apps.maps (24847) has open file /mnt/secure/staging/Android/data/com.google.android.apps.maps/cache/cache_vts_GMM.m
06-19 18:11:17.269    72    99 W Vold    : Failed to unmount /mnt/secure/staging (Device or resource busy, retries 8, action 0)
06-19 18:11:17.371    72    99 E ProcessKiller: Process logcat (1313) has open file /mnt/secure/staging/.log/log.out
06-19 18:11:17.449    72    99 E ProcessKiller: Process com.google.android.apps.maps (24847) has open file /mnt/secure/staging/Android/data/com.google.android.apps.maps/cache/cache_vts_GMM.m
06-19 18:11:18.457    72    99 W Vold    : Failed to unmount /mnt/secure/staging (Device or resource busy, retries 7, action 0)
06-19 18:11:18.543    72    99 E ProcessKiller: Process logcat (1313) has open file /mnt/secure/staging/.log/log.out
06-19 18:11:18.621    72    99 E ProcessKiller: Process com.google.android.apps.maps (24847) has open file /mnt/secure/staging/Android/data/com.google.android.apps.maps/cache/cache_vts_GMM.m
06-19 18:11:19.625    72    99 W Vold    : Failed to unmount /mnt/secure/staging (Device or resource busy, retries 6, action 0)
06-19 18:11:19.711    72    99 E ProcessKiller: Process logcat (1313) has open file /mnt/secure/staging/.log/log.out
06-19 18:11:19.789    72    99 E ProcessKiller: Process com.google.android.apps.maps (24847) has open file /mnt/secure/staging/Android/data/com.google.android.apps.maps/cache/cache_vts_GMM.m
06-19 18:11:20.793    72    99 W Vold    : Failed to unmount /mnt/secure/staging (Device or resource busy, retries 5, action 0)
06-19 18:11:20.879    72    99 E ProcessKiller: Process logcat (1313) has open file /mnt/secure/staging/.log/log.out
06-19 18:11:20.957    72    99 E ProcessKiller: Process com.google.android.apps.maps (24847) has open file /mnt/secure/staging/Android/data/com.google.android.apps.maps/cache/cache_vts_GMM.m
06-19 18:11:21.961    72    99 W Vold    : Failed to unmount /mnt/secure/staging (Device or resource busy, retries 4, action 0)
06-19 18:11:22.050    72    99 E ProcessKiller: Process logcat (1313) has open file /mnt/secure/staging/.log/log.out
06-19 18:11:22.129    72    99 E ProcessKiller: Process com.google.android.apps.maps (24847) has open file /mnt/secure/staging/Android/data/com.google.android.apps.maps/cache/cache_vts_GMM.m
06-19 18:11:23.136    72    99 W Vold    : Failed to unmount /mnt/secure/staging (Device or resource busy, retries 3, action 0)
06-19 18:11:23.222    72    99 E ProcessKiller: Process logcat (1313) has open file /mnt/secure/staging/.log/log.out
06-19 18:11:23.300    72    99 E ProcessKiller: Process com.google.android.apps.maps (24847) has open file /mnt/secure/staging/Android/data/com.google.android.apps.maps/cache/cache_vts_GMM.m
06-19 18:11:24.304    72    99 W Vold    : Failed to unmount /mnt/secure/staging (Device or resource busy, retries 2, action 1)
06-19 18:11:24.390    72    99 E ProcessKiller: Process logcat (1313) has open file /mnt/secure/staging/.log/log.out
--------- beginning of /dev/log/main
06-19 18:12:44.546    77    77 I DEBUG   : debuggerd: Jun 19 2012 17:13:40
--------- beginning of /dev/log/system
06-19 18:12:44.699    73    73 I Vold    : Vold 2.1 (the revenge) firing up
06-19 18:12:44.714    73    73 D Vold    : Volume sdcard state changing -1 (Initializing) -> 0 (No-Media)
06-19 18:12:44.730    73    95 D Vold    : Volume sdcard state changing 0 (No-Media) -> 2 (Pending)
06-19 18:12:44.730    73    95 D Vold    : Volume sdcard state changing 2 (Pending) -> 1 (Idle-Unmounted)
06-19 18:12:44.730    73    95 W Vold    : Duplicate state (1)
06-19 18:12:44.734    73    95 W Vold    : Duplicate state (1)
06-19 18:12:44.734    73    95 W Vold    : Duplicate state (1)
06-19 18:12:44.734    73    95 W Vold    : Duplicate state (1)
06-19 18:12:44.753    76    76 I Netd    : Netd 1.0 starting
06-19 18:12:45.183    81    81 I         : ServiceManager: 0x1582910
06-19 18:12:45.351    80    80 D AndroidRuntime: 
06-19 18:12:45.351    80    80 D AndroidRuntime: >>>>>> AndroidRuntime START com.android.internal.os.ZygoteInit <<<<<<
06-19 18:12:45.351    80    80 D AndroidRuntime: CheckJNI is OFF
06-19 18:12:45.394    79    79 I SurfaceFlinger: SurfaceFlinger is starting
06-19 18:12:45.398    79   118 I SurfaceFlinger: SurfaceFlinger's main thread ready to run. Initializing graphics H/W...
06-19 18:12:45.515    80    80 I dalvikvm: DexOpt: source file mod time mismatch (40c86189 vs 40d38a6b)
06-19 18:12:45.515    80    80 D dalvikvm: ODEX file is stale or bad; removing and retrying (/data/dalvik-cache/system@framework@core.jar@classes.dex)
06-19 18:12:45.601    82    82 I         : ServiceManager: 0x66958
06-19 18:12:45.617    82    82 I AudioFlinger: Loaded primary audio interface from LEGACY Audio HW HAL (audio)
06-19 18:12:45.617    82    82 I AudioFlinger: Using 'LEGACY Audio HW HAL' (audio.primary) as the primary audio interface
06-19 18:12:45.625    82    82 I AudioFlinger: Loaded a2dp audio interface from A2DP Audio HW HAL (audio)
06-19 18:12:45.625    82    82 D AudioHardwareInterface: setMode(NORMAL)
06-19 18:12:45.628    82    82 I CameraService: CameraService started (pid=82)
06-19 18:12:45.644    82   122 I AudioFlinger: AudioFlinger's thread 0x679a0 ready to run
06-19 18:12:45.644    82   122 W AudioFlinger: Thread AudioOut_1 cannot connect to the power manager service
06-19 18:12:45.644    82   122 D AudioHardware: AudioStreamOutALSA::setParameters() routing=2
06-19 18:12:45.644    82   121 D AudioHardware: ### setVoiceVolume_l
06-19 18:12:45.644    82    82 I AudioPolicyService: Loaded audio policy from LEGACY Audio Policy HAL (audio_policy)
06-19 18:12:45.652    79   118 D libEGL  : loaded /system/lib/egl/libGLES_android.so
06-19 18:12:45.671    79   118 D libEGL  : loaded /vendor/lib/egl/libEGL_POWERVR_SGX540_120.so
06-19 18:12:45.718    79   118 D libEGL  : loaded /vendor/lib/egl/libGLESv1_CM_POWERVR_SGX540_120.so
06-19 18:12:45.730    79   118 D libEGL  : loaded /vendor/lib/egl/libGLESv2_POWERVR_SGX540_120.so
06-19 18:12:45.761    79   118 I SurfaceFlinger: EGL informations:
06-19 18:12:45.761    79   118 I SurfaceFlinger: # of configs : 30
06-19 18:12:45.761    79   118 I SurfaceFlinger: vendor    : Android
06-19 18:12:45.761    79   118 I SurfaceFlinger: version   : 1.4 Android META-EGL
06-19 18:12:45.761    79   118 I SurfaceFlinger: extensions: EGL_KHR_image EGL_KHR_image_base EGL_KHR_image_base EGL_KHR_gl_texture_2D_image EGL_KHR_gl_texture_cubemap_image EGL_KHR_gl_renderbuffer_image EGL_KHR_fence_sync EGL_ANDROID_image_native_buffer EGL_ANDROID_image_native_buffer 
06-19 18:12:45.761    79   118 I SurfaceFlinger: Client API: OpenGL ES
06-19 18:12:45.761    79   118 I SurfaceFlinger: EGLSurface: 8-8-8-8, config=0x1
06-19 18:12:45.761    79   118 I SurfaceFlinger: OpenGL informations:
06-19 18:12:45.761    79   118 I SurfaceFlinger: vendor    : Imagination Technologies
06-19 18:12:45.761    79   118 I SurfaceFlinger: renderer  : PowerVR SGX 540
06-19 18:12:45.761    79   118 I SurfaceFlinger: version   : OpenGL ES-CM 1.1
06-19 18:12:45.761    79   118 I SurfaceFlinger: extensions: GL_OES_byte_coordinates GL_OES_fixed_point GL_OES_single_precision GL_OES_matrix_get GL_OES_read_format GL_OES_compressed_paletted_texture GL_OES_point_sprite GL_OES_point_size_array GL_OES_matrix_palette GL_OES_draw_texture GL_OES_query_matrix GL_OES_texture_env_crossbar GL_OES_texture_mirrored_repeat GL_OES_texture_cube_map GL_OES_blend_subtract GL_OES_blend_func_separate GL_OES_blend_equation_separate GL_OES_stencil_wrap GL_OES_extended_matrix_palette GL_OES_framebuffer_object GL_OES_rgb8_rgba8 GL_OES_depth24 GL_OES_stencil8 GL_OES_compressed_ETC1_RGB8_texture GL_OES_mapbuffer GL_OES_EGL_image GL_OES_EGL_image_external GL_EXT_multi_draw_arrays GL_OES_required_internalformat GL_IMG_read_format GL_IMG_texture_compression_pvrtc GL_IMG_texture_format_BGRA8888 GL_EXT_texture_format_BGRA8888 GL_OES_egl_sync GL_IMG_vertex_array_object
06-19 18:12:45.761    79   118 I SurfaceFlinger: GL_MAX_TEXTURE_SIZE = 2048
06-19 18:12:45.761    79   118 I SurfaceFlinger: GL_MAX_VIEWPORT_DIMS = 2048 x 2048
06-19 18:12:45.761    79   118 I SurfaceFlinger: flags = 00010000
06-19 18:12:45.769    79   118 I hwcomposer: int hwc_device_open(const hw_module_t*, const char*, hw_device_t**)::win-0 add[0] 4b7af000 
06-19 18:12:45.769    79   118 I hwcomposer: int hwc_device_open(const hw_module_t*, const char*, hw_device_t**)::win-0 add[1] 4b926000 
06-19 18:12:45.769    79   118 I hwcomposer: int hwc_device_open(const hw_module_t*, const char*, hw_device_t**)::win-0 add[2] 4ba9d000 
06-19 18:12:45.769    79   118 D hwcomposer: int hwc_device_open(const hw_module_t*, const char*, hw_device_t**):: success
06-19 18:12:45.773    80    80 D dalvikvm: DexOpt: --- BEGIN 'core.jar' (bootstrap=1) ---
06-19 18:12:45.828   124   128 D libEGL  : loaded /system/lib/egl/libGLES_android.so
06-19 18:12:45.832   124   128 D libEGL  : loaded /vendor/lib/egl/libEGL_POWERVR_SGX540_120.so
06-19 18:12:45.839   124   128 D libEGL  : loaded /vendor/lib/egl/libGLESv1_CM_POWERVR_SGX540_120.so
06-19 18:12:45.855   124   128 D libEGL  : loaded /vendor/lib/egl/libGLESv2_POWERVR_SGX540_120.so
06-19 18:12:46.257   126   126 D dalvikvm: Ignoring duplicate verify attempt on Ljava/lang/Object;
06-19 18:12:46.382   126   126 D dalvikvm: Ignoring duplicate verify attempt on Ljava/lang/Class;
06-19 18:12:46.402   126   126 D dalvikvm: Ignoring duplicate verify attempt on Ljava/lang/ref/Reference;
06-19 18:12:46.402   126   126 D dalvikvm: Ignoring duplicate verify attempt on Ljava/lang/ref/ReferenceQueue;
06-19 18:12:46.429   126   126 D dalvikvm: Ignoring duplicate verify attempt on Ljava/lang/ref/FinalizerReference;
06-19 18:12:47.566   126   126 D dalvikvm: DexOpt: load 104ms, verify+opt 1307ms
06-19 18:12:48.355    80    80 D dalvikvm: DexOpt: --- END 'core.jar' (success) ---
06-19 18:12:48.355    80    80 D dalvikvm: DEX prep '/system/framework/core.jar': unzip in 250ms, rewrite 2581ms
06-19 18:12:48.375    80    80 I dalvikvm: DexOpt: source file mod time mismatch (40c861a6 vs 40d38a86)
06-19 18:12:48.375    80    80 D dalvikvm: ODEX file is stale or bad; removing and retrying (/data/dalvik-cache/system@framework@core-junit.jar@classes.dex)
06-19 18:12:48.386    80    80 D dalvikvm: DexOpt: --- BEGIN 'core-junit.jar' (bootstrap=1) ---
06-19 18:12:48.437   139   139 D dalvikvm: DexOpt: load 4ms, verify+opt 8ms
06-19 18:12:48.464    80    80 D dalvikvm: DexOpt: --- END 'core-junit.jar' (success) ---
06-19 18:12:48.464    80    80 D dalvikvm: DEX prep '/system/framework/core-junit.jar': unzip in 8ms, rewrite 77ms
06-19 18:12:48.472    80    80 I dalvikvm: DexOpt: source file mod time mismatch (40c861b3 vs 40d38a91)
06-19 18:12:48.472    80    80 D dalvikvm: ODEX file is stale or bad; removing and retrying (/data/dalvik-cache/system@framework@bouncycastle.jar@classes.dex)
06-19 18:12:48.578    80    80 D dalvikvm: DexOpt: --- BEGIN 'bouncycastle.jar' (bootstrap=1) ---
06-19 18:12:49.156   140   140 D dalvikvm: DexOpt: load 34ms, verify+opt 452ms
06-19 18:12:49.457    80    80 D dalvikvm: DexOpt: --- END 'bouncycastle.jar' (success) ---
06-19 18:12:49.457    80    80 D dalvikvm: DEX prep '/system/framework/bouncycastle.jar': unzip in 104ms, rewrite 881ms
06-19 18:12:49.468    80    80 I dalvikvm: DexOpt: source file mod time mismatch (40c861b9 vs 40d38a96)
06-19 18:12:49.468    80    80 D dalvikvm: ODEX file is stale or bad; removing and retrying (/data/dalvik-cache/system@framework@ext.jar@classes.dex)
06-19 18:12:49.519    80    80 D dalvikvm: DexOpt: --- BEGIN 'ext.jar' (bootstrap=1) ---
06-19 18:12:50.449   142   142 D dalvikvm: DexOpt: load 71ms, verify+opt 724ms
06-19 18:12:50.976    80    80 D dalvikvm: DexOpt: --- END 'ext.jar' (success) ---
06-19 18:12:50.976    80    80 D dalvikvm: DEX prep '/system/framework/ext.jar': unzip in 53ms, rewrite 1456ms
06-19 18:12:50.988    80    80 I dalvikvm: DexOpt: source file mod time mismatch (40c86208 vs 40d38aec)
06-19 18:12:50.988    80    80 D dalvikvm: ODEX file is stale or bad; removing and retrying (/data/dalvik-cache/system@framework@framework.jar@classes.dex)
06-19 18:12:51.355    80    80 D dalvikvm: DexOpt: --- BEGIN 'framework.jar' (bootstrap=1) ---
06-19 18:12:52.378   143   143 D dalvikvm: Note: class Landroid/opengl/GLWrapperBase; has 250 unimplemented (abstract) methods
06-19 18:12:57.906   143   143 D dalvikvm: DexOpt: load 490ms, verify+opt 5187ms
06-19 18:12:58.589    80    80 D dalvikvm: DexOpt: --- END 'framework.jar' (success) ---
06-19 18:12:58.589    80    80 D dalvikvm: DEX prep '/system/framework/framework.jar': unzip in 356ms, rewrite 7232ms
06-19 18:12:58.601    80    80 I dalvikvm: DexOpt: source file mod time mismatch (40c86270 vs 40d38b6f)
06-19 18:12:58.601    80    80 D dalvikvm: ODEX file is stale or bad; removing and retrying (/data/dalvik-cache/system@framework@android.policy.jar@classes.dex)
06-19 18:12:58.644    80    80 D dalvikvm: DexOpt: --- BEGIN 'android.policy.jar' (bootstrap=1) ---
06-19 18:12:58.898   144   144 D dalvikvm: DexOpt: load 31ms, verify+opt 166ms
06-19 18:12:59.199    80    80 D dalvikvm: DexOpt: --- END 'android.policy.jar' (success) ---
06-19 18:12:59.199    80    80 D dalvikvm: DEX prep '/system/framework/android.policy.jar': unzip in 41ms, rewrite 553ms
06-19 18:12:59.207    80    80 I dalvikvm: DexOpt: source file mod time mismatch (40c862ea vs 40d38bd2)
06-19 18:12:59.207    80    80 D dalvikvm: ODEX file is stale or bad; removing and retrying (/data/dalvik-cache/system@framework@services.jar@classes.dex)
06-19 18:12:59.324    80    80 D dalvikvm: DexOpt: --- BEGIN 'services.jar' (bootstrap=1) ---
06-19 18:13:00.566   145   145 D dalvikvm: DexOpt: load 47ms, verify+opt 1071ms
06-19 18:13:01.281    80    80 D dalvikvm: DexOpt: --- END 'services.jar' (success) ---
06-19 18:13:01.281    80    80 D dalvikvm: DEX prep '/system/framework/services.jar': unzip in 116ms, rewrite 1955ms
06-19 18:13:01.292    80    80 I dalvikvm: DexOpt: source file mod time mismatch (40c861b4 vs 40d38a92)
06-19 18:13:01.292    80    80 D dalvikvm: ODEX file is stale or bad; removing and retrying (/data/dalvik-cache/system@framework@apache-xml.jar@classes.dex)
06-19 18:13:01.382    80    80 D dalvikvm: DexOpt: --- BEGIN 'apache-xml.jar' (bootstrap=1) ---
06-19 18:13:01.992   146   146 D dalvikvm: DexOpt: load 50ms, verify+opt 458ms
06-19 18:13:02.617    80    80 D dalvikvm: DexOpt: --- END 'apache-xml.jar' (success) ---
06-19 18:13:02.617    80    80 D dalvikvm: DEX prep '/system/framework/apache-xml.jar': unzip in 89ms, rewrite 1234ms
06-19 18:13:02.628    80    80 I dalvikvm: DexOpt: source file mod time mismatch (40c8620f vs 40d38af3)
06-19 18:13:02.628    80    80 D dalvikvm: ODEX file is stale or bad; removing and retrying (/data/dalvik-cache/system@framework@filterfw.jar@classes.dex)
06-19 18:13:02.671    80    80 D dalvikvm: DexOpt: --- BEGIN 'filterfw.jar' (bootstrap=1) ---
06-19 18:13:02.855   147   147 D dalvikvm: DexOpt: load 13ms, verify+opt 105ms
06-19 18:13:03.078    80    80 D dalvikvm: DexOpt: --- END 'filterfw.jar' (success) ---
06-19 18:13:03.078    80    80 D dalvikvm: DEX prep '/system/framework/filterfw.jar': unzip in 42ms, rewrite 403ms
06-19 18:13:03.402    80    80 I SamplingProfilerIntegration: Profiling disabled.
06-19 18:13:03.414    80    80 I Zygote  : Preloading classes...
06-19 18:13:03.417    80    80 D dalvikvm: GC_EXPLICIT freed 36K, 85% free 409K/2560K, paused 1ms+1ms
06-19 18:13:03.433    80    80 D dalvikvm: GC_EXPLICIT freed 4K, 82% free 473K/2560K, paused 0ms+0ms
06-19 18:13:03.449    80    80 D dalvikvm: GC_EXPLICIT freed 20K, 81% free 509K/2560K, paused 1ms+0ms
06-19 18:13:03.464    80    80 D dalvikvm: GC_EXPLICIT freed 27K, 80% free 536K/2560K, paused 1ms+1ms
06-19 18:13:03.476    80    80 D dalvikvm: GC_EXPLICIT freed 15K, 78% free 576K/2560K, paused 1ms+0ms
06-19 18:13:03.628    80    80 D dalvikvm: GC_EXPLICIT freed 27K, 77% free 603K/2560K, paused 2ms+2ms
06-19 18:13:03.871    80    80 D dalvikvm: GC_EXPLICIT freed 30K, 76% free 635K/2560K, paused 3ms+2ms
06-19 18:13:03.894    80    80 D TextLayoutCache: Using debug level: 0 - Debug Enabled: 0
06-19 18:13:03.910    80    80 W Zygote  : Class not found for preloading: android.media.AudioManager$2
06-19 18:13:03.957    80    80 I dalvikvm: threadid=1: recursive native library load attempt (/system/lib/libmedia_jni.so)
06-19 18:13:03.957    80    80 D MtpDeviceJNI: register_android_mtp_MtpDevice
06-19 18:13:03.957    80    80 I dalvikvm: threadid=1: recursive native library load attempt (/system/lib/libmedia_jni.so)
06-19 18:13:03.957    80    80 I dalvikvm: threadid=1: recursive native library load attempt (/system/lib/libmedia_jni.so)
06-19 18:13:03.960    80    80 W Zygote  : Class not found for preloading: android.media.IRemoteControlClientDispatcher
06-19 18:13:03.960    80    80 W Zygote  : Class not found for preloading: android.media.IRemoteControlClientDispatcher$Stub
06-19 18:13:03.968    80    80 D dalvikvm: GC_EXPLICIT freed 20K, 74% free 672K/2560K, paused 0ms+1ms
06-19 18:13:04.070    80    80 D dalvikvm: GC_FOR_ALLOC freed 217K, 63% free 967K/2560K, paused 7ms
06-19 18:13:04.093    80    80 D dalvikvm: GC_EXPLICIT freed 44K, 61% free 1023K/2560K, paused 0ms+0ms
06-19 18:13:04.125    80    80 D dalvikvm: GC_EXPLICIT freed 27K, 59% free 1052K/2560K, paused 0ms+1ms
06-19 18:13:04.445    80    80 D dalvikvm: GC_EXPLICIT freed 8K, 58% free 1100K/2560K, paused 4ms+5ms
06-19 18:13:04.527    80    80 D dalvikvm: GC_EXPLICIT freed 23K, 55% free 1166K/2560K, paused 2ms+1ms
06-19 18:13:04.578    80    80 D dalvikvm: GC_EXPLICIT freed 48K, 44% free 1445K/2560K, paused 1ms+1ms
06-19 18:13:04.578    80    80 W Zygote  : Class not found for preloading: android.text.TextDirectionHeuristics$CharCount
06-19 18:13:04.589    80    80 W Zygote  : Class not found for preloading: android.text.method.WordIterator$1
06-19 18:13:04.613    80    80 D dalvikvm: GC_EXPLICIT freed 35K, 43% free 1479K/2560K, paused 1ms+1ms
06-19 18:13:04.636    80    80 D dalvikvm: GC_EXPLICIT freed 32K, 42% free 1502K/2560K, paused 2ms+1ms
06-19 18:13:04.921    80    80 I dalvikvm: threadid=1: recursive native library load attempt (/system/lib/libwebcore.so)
06-19 18:13:04.921    80    80 D dalvikvm: No JNI_OnLoad found in /system/lib/libchromium_net.so 0x0, skipping init
06-19 18:13:04.980    80    80 D dalvikvm: GC_EXPLICIT freed 26K, 40% free 1550K/2560K, paused 1ms+2ms
06-19 18:13:05.007    80    80 W Zygote  : Class not found for preloading: android.widget.EdgeGlow
06-19 18:13:05.046    80    80 D dalvikvm: GC_EXPLICIT freed 25K, 39% free 1579K/2560K, paused 2ms+1ms
06-19 18:13:05.113    80    80 D dalvikvm: GC_EXPLICIT freed 71K, 37% free 1625K/2560K, paused 2ms+1ms
06-19 18:13:05.121    80    80 E PhonePolicy: Could not preload class for phone policy: com.android.internal.policy.impl.PhoneWindow$ContextMenuCallback
06-19 18:13:05.148    80    80 D dalvikvm: GC_EXPLICIT freed 33K, 36% free 1647K/2560K, paused 2ms+1ms
06-19 18:13:05.175    80    80 D dalvikvm: GC_EXPLICIT freed 28K, 35% free 1675K/2560K, paused 1ms+2ms
06-19 18:13:05.199    80    80 D dalvikvm: GC_EXPLICIT freed 26K, 34% free 1706K/2560K, paused 2ms+1ms
06-19 18:13:05.226    80    80 D dalvikvm: GC_EXPLICIT freed 32K, 33% free 1731K/2560K, paused 2ms+2ms
06-19 18:13:05.250    80    80 D dalvikvm: GC_EXPLICIT freed 31K, 32% free 1759K/2560K, paused 1ms+1ms
06-19 18:13:05.281    80    80 D dalvikvm: GC_EXPLICIT freed 71K, 30% free 1815K/2560K, paused 1ms+2ms
06-19 18:13:05.308    80    80 D dalvikvm: GC_EXPLICIT freed 39K, 29% free 1831K/2560K, paused 2ms+1ms
06-19 18:13:05.796    80    80 I System  : Loaded time zone names for  in 464ms (459ms in ICU)
06-19 18:13:06.105    80    80 I System  : Loaded time zone names for en_US in 306ms (302ms in ICU)
06-19 18:13:06.121    80    80 D dalvikvm: GC_EXPLICIT freed 324K, 24% free 1948K/2560K, paused 1ms+1ms
06-19 18:13:06.148    80    80 D dalvikvm: GC_EXPLICIT freed 15K, 22% free 2009K/2560K, paused 2ms+2ms
06-19 18:13:06.191    80    80 D dalvikvm: GC_EXPLICIT freed 51K, 21% free 2041K/2560K, paused 2ms+1ms
06-19 18:13:06.218    80    80 D dalvikvm: GC_EXPLICIT freed 28K, 20% free 2072K/2560K, paused 1ms+1ms
06-19 18:13:06.250    80    80 D dalvikvm: GC_EXPLICIT freed 38K, 19% free 2089K/2560K, paused 2ms+2ms
06-19 18:13:06.277    80    80 D dalvikvm: GC_EXPLICIT freed 32K, 18% free 2111K/2560K, paused 1ms+1ms
06-19 18:13:06.281    80    80 I Zygote  : ...preloaded 2297 classes in 2866ms.
06-19 18:13:06.300    80    80 D dalvikvm: GC_EXPLICIT freed 22K, 18% free 2116K/2560K, paused 2ms+2ms
06-19 18:13:06.300    80    80 I Zygote  : Preloading resources...
06-19 18:13:06.328    80    80 D dalvikvm: GC_EXPLICIT freed 1K, 15% free 2200K/2560K, paused 2ms+1ms
06-19 18:13:06.347    80    80 D dalvikvm: GC_EXPLICIT freed 1K, 12% free 2269K/2560K, paused 2ms+1ms
06-19 18:13:06.375    80    80 D dalvikvm: GC_EXPLICIT freed 1K, 9% free 2337K/2560K, paused 1ms+1ms
06-19 18:13:06.402    80    80 D dalvikvm: GC_EXPLICIT freed 1K, 7% free 2389K/2560K, paused 1ms+2ms
06-19 18:13:06.425    80    80 D dalvikvm: GC_EXPLICIT freed 2K, 8% free 2436K/2627K, paused 1ms+2ms
06-19 18:13:06.445    80    80 D dalvikvm: GC_EXPLICIT freed 2K, 8% free 2497K/2691K, paused 1ms+2ms
06-19 18:13:06.468    80    80 D dalvikvm: GC_EXPLICIT freed 2K, 6% free 2549K/2691K, paused 1ms+2ms
06-19 18:13:06.496    80    80 D dalvikvm: GC_EXPLICIT freed 2K, 6% free 2603K/2755K, paused 2ms+2ms
06-19 18:13:06.515    80    80 D dalvikvm: GC_EXPLICIT freed 2K, 6% free 2657K/2819K, paused 1ms+2ms
06-19 18:13:06.539    80    80 D dalvikvm: GC_EXPLICIT freed 3K, 6% free 2714K/2883K, paused 1ms+2ms
06-19 18:13:06.570    80    80 D dalvikvm: GC_EXPLICIT freed 2K, 7% free 2765K/2947K, paused 1ms+2ms
06-19 18:13:06.593    80    80 D dalvikvm: GC_EXPLICIT freed 2K, 5% free 2821K/2947K, paused 1ms+2ms
06-19 18:13:06.613    80    80 D dalvikvm: GC_EXPLICIT freed 2K, 5% free 2873K/3011K, paused 1ms+1ms
06-19 18:13:06.636    80    80 D dalvikvm: GC_EXPLICIT freed 3K, 5% free 2928K/3075K, paused 1ms+2ms
06-19 18:13:06.660    80    80 D dalvikvm: GC_EXPLICIT freed 2K, 5% free 2984K/3139K, paused 1ms+2ms
06-19 18:13:06.683    80    80 D dalvikvm: GC_EXPLICIT freed 2K, 6% free 3033K/3203K, paused 1ms+2ms
06-19 18:13:06.703    80    80 D dalvikvm: GC_EXPLICIT freed 2K, 4% free 3087K/3203K, paused 1ms+1ms
06-19 18:13:06.726    80    80 D dalvikvm: GC_EXPLICIT freed 2K, 4% free 3145K/3267K, paused 2ms+1ms
06-19 18:13:06.753    80    80 D dalvikvm: GC_EXPLICIT freed 2K, 5% free 3193K/3331K, paused 1ms+2ms
06-19 18:13:06.781    80    80 D dalvikvm: GC_EXPLICIT freed 2K, 4% free 3268K/3395K, paused 2ms+1ms
06-19 18:13:06.800    80    80 D dalvikvm: GC_EXPLICIT freed 1K, 4% free 3337K/3459K, paused 1ms+1ms
06-19 18:13:06.828    80    80 D dalvikvm: GC_EXPLICIT freed 1K, 4% free 3391K/3523K, paused 2ms+1ms
06-19 18:13:06.851    80    80 D dalvikvm: GC_EXPLICIT freed 2K, 4% free 3447K/3587K, paused 2ms+2ms
06-19 18:13:06.875    80    80 D dalvikvm: GC_EXPLICIT freed 2K, 5% free 3504K/3651K, paused 2ms+2ms
06-19 18:13:06.902    80    80 D dalvikvm: GC_EXPLICIT freed 2K, 3% free 3560K/3651K, paused 2ms+2ms
06-19 18:13:06.925    80    80 D dalvikvm: GC_EXPLICIT freed 5K, 3% free 3612K/3715K, paused 2ms+2ms
06-19 18:13:06.949    80    80 D dalvikvm: GC_EXPLICIT freed 2K, 3% free 3669K/3779K, paused 2ms+1ms
06-19 18:13:06.972    80    80 D dalvikvm: GC_EXPLICIT freed 4K, 4% free 3722K/3843K, paused 2ms+2ms
06-19 18:13:07.000    80    80 D dalvikvm: GC_EXPLICIT freed 2K, 2% free 3775K/3843K, paused 1ms+1ms
06-19 18:13:07.023    80    80 D dalvikvm: GC_EXPLICIT freed 2K, 2% free 3830K/3907K, paused 2ms+2ms
06-19 18:13:07.058    80    80 D dalvikvm: GC_EXPLICIT freed 10K, 2% free 3932K/3971K, paused 1ms+1ms
06-19 18:13:07.089    80    80 D dalvikvm: GC_EXPLICIT freed 6K, 3% free 4010K/4099K, paused 1ms+2ms
06-19 18:13:07.113    80    80 D dalvikvm: GC_EXPLICIT freed 3K, 3% free 4075K/4163K, paused 2ms+2ms
06-19 18:13:07.136    80    80 D dalvikvm: GC_EXPLICIT freed 2K, 1% free 4126K/4163K, paused 2ms+1ms
06-19 18:13:07.167    80    80 D dalvikvm: GC_EXPLICIT freed 3K, 2% free 4210K/4291K, paused 2ms+1ms
06-19 18:13:07.191    80    80 D dalvikvm: GC_EXPLICIT freed 3K, 2% free 4294K/4355K, paused 1ms+2ms
06-19 18:13:07.218    80    80 D dalvikvm: GC_EXPLICIT freed 4K, 1% free 4344K/4355K, paused 1ms+2ms
06-19 18:13:07.242    80    80 D dalvikvm: GC_EXPLICIT freed 2K, 1% free 4396K/4419K, paused 1ms+2ms
06-19 18:13:07.265    80    80 D dalvikvm: GC_EXPLICIT freed 1K, 1% free 4466K/4483K, paused 1ms+2ms
06-19 18:13:07.289    80    80 D dalvikvm: GC_EXPLICIT freed 1K, 2% free 4558K/4611K, paused 1ms+2ms
06-19 18:13:07.312    80    80 D dalvikvm: GC_EXPLICIT freed <1K, 2% free 5179K/5251K, paused 1ms+2ms
06-19 18:13:07.339    80    80 D dalvikvm: GC_EXPLICIT freed 2K, 1% free 5239K/5251K, paused 1ms+2ms
06-19 18:13:07.363    80    80 D dalvikvm: GC_EXPLICIT freed 4K, 1% free 5290K/5315K, paused 1ms+1ms
06-19 18:13:07.386    80    80 D dalvikvm: GC_EXPLICIT freed 1K, 1% free 5348K/5379K, paused 2ms+1ms
06-19 18:13:07.406    80    80 D dalvikvm: GC_EXPLICIT freed <1K, 1% free 5403K/5443K, paused 1ms+2ms
06-19 18:13:07.433    80    80 D dalvikvm: GC_EXPLICIT freed <1K, 1% free 5459K/5507K, paused 2ms+2ms
06-19 18:13:07.464    80    80 D dalvikvm: GC_EXPLICIT freed 6K, 2% free 5895K/5955K, paused 2ms+2ms
06-19 18:13:07.488    80    80 D dalvikvm: GC_EXPLICIT freed 5K, 1% free 5995K/6019K, paused 1ms+1ms
06-19 18:13:07.519    80    80 D dalvikvm: GC_EXPLICIT freed 3K, 1% free 6046K/6083K, paused 2ms+1ms
06-19 18:13:07.550    80    80 D dalvikvm: GC_EXPLICIT freed 5K, 2% free 7081K/7171K, paused 2ms+2ms
06-19 18:13:07.589    80    80 D dalvikvm: GC_EXPLICIT freed 2K, 2% free 8104K/8259K, paused 2ms+2ms
06-19 18:13:07.617    80    80 D dalvikvm: GC_EXPLICIT freed 3K, 2% free 8166K/8259K, paused 2ms+1ms
06-19 18:13:07.640    80    80 D dalvikvm: GC_EXPLICIT freed 3K, 1% free 8219K/8259K, paused 1ms+2ms
06-19 18:13:07.667    80    80 D dalvikvm: GC_EXPLICIT freed 4K, 1% free 8266K/8323K, paused 2ms+2ms
06-19 18:13:07.695    80    80 D dalvikvm: GC_EXPLICIT freed 4K, 1% free 8316K/8387K, paused 1ms+2ms
06-19 18:13:07.722    80    80 D dalvikvm: GC_EXPLICIT freed 3K, 1% free 8363K/8387K, paused 1ms+2ms
06-19 18:13:07.750    80    80 D dalvikvm: GC_EXPLICIT freed 3K, 1% free 8420K/8451K, paused 1ms+2ms
06-19 18:13:07.785    80    80 D dalvikvm: GC_EXPLICIT freed 2K, 1% free 8486K/8515K, paused 1ms+2ms
06-19 18:13:07.808    80    80 D dalvikvm: GC_EXPLICIT freed 1K, 1% free 8554K/8579K, paused 2ms+1ms
