07-03 17:47:26.425 25174 25174 D wpa_supplicant: WPS: Building WPS IE for Probe Request
07-03 17:47:26.425 25174 25174 D wpa_supplicant: WPS:  * Version (hardcoded 0x10)
07-03 17:47:26.425 25174 25174 D wpa_supplicant: WPS:  * Request Type
07-03 17:47:26.425 25174 25174 D wpa_supplicant: WPS:  * Config Methods (2388)
07-03 17:47:26.425 25174 25174 D wpa_supplicant: WPS:  * UUID-E
07-03 17:47:26.425 25174 25174 D wpa_supplicant: WPS:  * Primary Device Type
07-03 17:47:26.425 25174 25174 D wpa_supplicant: WPS:  * RF Bands (3)
07-03 17:47:26.425 25174 25174 D wpa_supplicant: WPS:  * Association State
07-03 17:47:26.425 25174 25174 D wpa_supplicant: WPS:  * Configuration Error (0)
07-03 17:47:26.425 25174 25174 D wpa_supplicant: WPS:  * Device Password ID (0)
07-03 17:47:26.425 25174 25174 D wpa_supplicant: WPS:  * Manufacturer
07-03 17:47:26.425 25174 25174 D wpa_supplicant: WPS:  * Model Name
07-03 17:47:26.425 25174 25174 D wpa_supplicant: WPS:  * Model Number
07-03 17:47:26.425 25174 25174 D wpa_supplicant: WPS:  * Device Name
07-03 17:47:26.425 25174 25174 D wpa_supplicant: WPS:  * Version2 (0x20)
07-03 17:47:26.425 25174 25174 D wpa_supplicant: wpa_driver_wext_combo_scan: Start
07-03 17:47:26.425 25174 25174 D wpa_supplicant: For Scan: (null)
07-03 17:47:26.429 25174 25174 D wpa_supplicant: Scan requested (ret=0) - scan timeout 30 seconds
07-03 17:47:26.476 25174 25174 D wpa_supplicant: RTM_NEWLINK: operstate=1 ifi_flags=0x11043 ([UP][RUNNING][LOWER_UP])
07-03 17:47:26.476 25174 25174 D wpa_supplicant: RTM_NEWLINK, IFLA_IFNAME: Interface 'wlan0' added
07-03 17:47:26.476 25174 25174 D wpa_supplicant: Wireless event: cmd=0x8c00 len=20
07-03 17:47:26.632 25174 25174 D wpa_supplicant: RTM_NEWLINK: operstate=1 ifi_flags=0x11043 ([UP][RUNNING][LOWER_UP])
07-03 17:47:26.632 25174 25174 D wpa_supplicant: RTM_NEWLINK, IFLA_IFNAME: Interface 'wlan0' added
07-03 17:47:26.632 25174 25174 D wpa_supplicant: Wireless event: cmd=0x8c00 len=20
07-03 17:47:26.808 25174 25174 D wpa_supplicant: RTM_NEWLINK: operstate=1 ifi_flags=0x11043 ([UP][RUNNING][LOWER_UP])
07-03 17:47:26.808 25174 25174 D wpa_supplicant: RTM_NEWLINK, IFLA_IFNAME: Interface 'wlan0' added
07-03 17:47:26.808 25174 25174 D wpa_supplicant: Wireless event: cmd=0x8c00 len=20
07-03 17:47:27.046 25174 25174 D wpa_supplicant: RTM_NEWLINK: operstate=1 ifi_flags=0x11043 ([UP][RUNNING][LOWER_UP])
07-03 17:47:27.046 25174 25174 D wpa_supplicant: RTM_NEWLINK, IFLA_IFNAME: Interface 'wlan0' added
07-03 17:47:27.046 25174 25174 D wpa_supplicant: Wireless event: cmd=0x8c00 len=20
07-03 17:47:27.203 25174 25174 D wpa_supplicant: RTM_NEWLINK: operstate=1 ifi_flags=0x11043 ([UP][RUNNING][LOWER_UP])
07-03 17:47:27.203 25174 25174 D wpa_supplicant: RTM_NEWLINK, IFLA_IFNAME: Interface 'wlan0' added
07-03 17:47:27.203 25174 25174 D wpa_supplicant: Wireless event: cmd=0x8c00 len=20
07-03 17:47:27.332 25174 25174 D wpa_supplicant: RTM_NEWLINK: operstate=1 ifi_flags=0x11043 ([UP][RUNNING][LOWER_UP])
07-03 17:47:27.336 25174 25174 D wpa_supplicant: RTM_NEWLINK, IFLA_IFNAME: Interface 'wlan0' added
07-03 17:47:27.336 25174 25174 D wpa_supplicant: Wireless event: cmd=0x8c00 len=20
07-03 17:47:27.492 25174 25174 D wpa_supplicant: RTM_NEWLINK: operstate=1 ifi_flags=0x11043 ([UP][RUNNING][LOWER_UP])
07-03 17:47:27.492 25174 25174 D wpa_supplicant: RTM_NEWLINK, IFLA_IFNAME: Interface 'wlan0' added
07-03 17:47:27.492 25174 25174 D wpa_supplicant: Wireless event: cmd=0x8c00 len=20
07-03 17:47:27.625 25174 25174 D wpa_supplicant: RTM_NEWLINK: operstate=1 ifi_flags=0x11043 ([UP][RUNNING][LOWER_UP])
07-03 17:47:27.632 25174 25174 D wpa_supplicant: RTM_NEWLINK, IFLA_IFNAME: Interface 'wlan0' added
07-03 17:47:27.632 25174 25174 D wpa_supplicant: Wireless event: cmd=0x8c00 len=20
07-03 17:47:27.761 25174 25174 D wpa_supplicant: RTM_NEWLINK: operstate=1 ifi_flags=0x11043 ([UP][RUNNING][LOWER_UP])
07-03 17:47:27.761 25174 25174 D wpa_supplicant: RTM_NEWLINK, IFLA_IFNAME: Interface 'wlan0' added
07-03 17:47:27.765 25174 25174 D wpa_supplicant: Wireless event: cmd=0x8c00 len=20
07-03 17:47:27.808 25174 25174 D wpa_supplicant: RTM_NEWLINK: operstate=1 ifi_flags=0x11043 ([UP][RUNNING][LOWER_UP])
07-03 17:47:27.808 25174 25174 D wpa_supplicant: RTM_NEWLINK, IFLA_IFNAME: Interface 'wlan0' added
07-03 17:47:27.808 25174 25174 D wpa_supplicant: Wireless event: cmd=0x8b19 len=8
07-03 17:47:27.808 25174 25174 D wpa_supplicant: Received 230 bytes of scan results (1 BSSes)
07-03 17:47:27.875 25174 25174 D wpa_supplicant: RTM_NEWLINK: operstate=1 ifi_flags=0x11043 ([UP][RUNNING][LOWER_UP])
07-03 17:47:27.875 25174 25174 D wpa_supplicant: RTM_NEWLINK, IFLA_IFNAME: Interface 'wlan0' added
07-03 17:47:27.875 25174 25174 D wpa_supplicant: Wireless event: cmd=0x8c00 len=20
07-03 17:47:27.898 25174 25174 D wpa_supplicant: WPS: Building WPS IE for Probe Request
07-03 17:47:27.898 25174 25174 D wpa_supplicant: WPS:  * Version (hardcoded 0x10)
07-03 17:47:27.898 25174 25174 D wpa_supplicant: WPS:  * Request Type
07-03 17:47:27.898 25174 25174 D wpa_supplicant: WPS:  * Config Methods (2388)
07-03 17:47:27.898 25174 25174 D wpa_supplicant: WPS:  * UUID-E
07-03 17:47:27.898 25174 25174 D wpa_supplicant: WPS:  * Primary Device Type
07-03 17:47:27.898 25174 25174 D wpa_supplicant: WPS:  * RF Bands (3)
07-03 17:47:27.898 25174 25174 D wpa_supplicant: WPS:  * Association State
07-03 17:47:27.898 25174 25174 D wpa_supplicant: WPS:  * Configuration Error (0)
07-03 17:47:27.898 25174 25174 D wpa_supplicant: WPS:  * Device Password ID (0)
07-03 17:47:27.898 25174 25174 D wpa_supplicant: WPS:  * Manufacturer
07-03 17:47:27.898 25174 25174 D wpa_supplicant: WPS:  * Model Name
07-03 17:47:27.898 25174 25174 D wpa_supplicant: WPS:  * Model Number
07-03 17:47:27.898 25174 25174 D wpa_supplicant: WPS:  * Device Name
07-03 17:47:27.898 25174 25174 D wpa_supplicant: WPS:  * Version2 (0x20)
07-03 17:47:27.898 25174 25174 D wpa_supplicant: wpa_driver_wext_combo_scan: Start
07-03 17:47:27.898 25174 25174 D wpa_supplicant: For Scan: (null)
07-03 17:47:27.898 25174 25174 D wpa_supplicant: Scan requested (ret=0) - scan timeout 30 seconds
07-03 17:47:27.949 25174 25174 D wpa_supplicant: RTM_NEWLINK: operstate=1 ifi_flags=0x11043 ([UP][RUNNING][LOWER_UP])
07-03 17:47:27.949 25174 25174 D wpa_supplicant: RTM_NEWLINK, IFLA_IFNAME: Interface 'wlan0' added
07-03 17:47:27.949 25174 25174 D wpa_supplicant: Wireless event: cmd=0x8c00 len=20
07-03 17:47:28.093 25174 25174 D wpa_supplicant: RTM_NEWLINK: operstate=1 ifi_flags=0x11043 ([UP][RUNNING][LOWER_UP])
07-03 17:47:28.093 25174 25174 D wpa_supplicant: RTM_NEWLINK, IFLA_IFNAME: Interface 'wlan0' added
07-03 17:47:28.093 25174 25174 D wpa_supplicant: Wireless event: cmd=0x8c00 len=20
07-03 17:47:28.242 25174 25174 D wpa_supplicant: RTM_NEWLINK: operstate=1 ifi_flags=0x11043 ([UP][RUNNING][LOWER_UP])
07-03 17:47:28.246 25174 25174 D wpa_supplicant: RTM_NEWLINK, IFLA_IFNAME: Interface 'wlan0' added
07-03 17:47:28.246 25174 25174 D wpa_supplicant: Wireless event: cmd=0x8c00 len=20
07-03 17:47:28.402 25174 25174 D wpa_supplicant: RTM_NEWLINK: operstate=1 ifi_flags=0x11043 ([UP][RUNNING][LOWER_UP])
07-03 17:47:28.402 25174 25174 D wpa_supplicant: RTM_NEWLINK, IFLA_IFNAME: Interface 'wlan0' added
07-03 17:47:28.402 25174 25174 D wpa_supplicant: Wireless event: cmd=0x8c00 len=20
07-03 17:47:28.515 25174 25174 D wpa_supplicant: RTM_NEWLINK: operstate=1 ifi_flags=0x11043 ([UP][RUNNING][LOWER_UP])
07-03 17:47:28.515 25174 25174 D wpa_supplicant: RTM_NEWLINK, IFLA_IFNAME: Interface 'wlan0' added
07-03 17:47:28.519 25174 25174 D wpa_supplicant: Wireless event: cmd=0x8c00 len=20
07-03 17:47:28.703 25174 25174 D wpa_supplicant: RTM_NEWLINK: operstate=1 ifi_flags=0x11043 ([UP][RUNNING][LOWER_UP])
07-03 17:47:28.703 25174 25174 D wpa_supplicant: RTM_NEWLINK, IFLA_IFNAME: Interface 'wlan0' added
07-03 17:47:28.703 25174 25174 D wpa_supplicant: Wireless event: cmd=0x8c00 len=20
07-03 17:47:28.789 25174 25174 D wpa_supplicant: RTM_NEWLINK: operstate=1 ifi_flags=0x11043 ([UP][RUNNING][LOWER_UP])
07-03 17:47:28.789 25174 25174 D wpa_supplicant: RTM_NEWLINK, IFLA_IFNAME: Interface 'wlan0' added
07-03 17:47:28.789 25174 25174 D wpa_supplicant: Wireless event: cmd=0x8c00 len=20
07-03 17:47:28.949 25174 25174 D wpa_supplicant: RTM_NEWLINK: operstate=1 ifi_flags=0x11043 ([UP][RUNNING][LOWER_UP])
07-03 17:47:28.949 25174 25174 D wpa_supplicant: RTM_NEWLINK, IFLA_IFNAME: Interface 'wlan0' added
07-03 17:47:28.949 25174 25174 D wpa_supplicant: Wireless event: cmd=0x8c00 len=20
07-03 17:47:29.062 25174 25174 D wpa_supplicant: RTM_NEWLINK: operstate=1 ifi_flags=0x11043 ([UP][RUNNING][LOWER_UP])
07-03 17:47:29.062 25174 25174 D wpa_supplicant: RTM_NEWLINK, IFLA_IFNAME: Interface 'wlan0' added
07-03 17:47:29.062 25174 25174 D wpa_supplicant: Wireless event: cmd=0x8c00 len=20
07-03 17:47:29.179 25174 25174 D wpa_supplicant: RTM_NEWLINK: operstate=1 ifi_flags=0x11043 ([UP][RUNNING][LOWER_UP])
07-03 17:47:29.179 25174 25174 D wpa_supplicant: RTM_NEWLINK, IFLA_IFNAME: Interface 'wlan0' added
07-03 17:47:29.179 25174 25174 D wpa_supplicant: Wireless event: cmd=0x8c00 len=20
07-03 17:47:29.328 25174 25174 D wpa_supplicant: RTM_NEWLINK: operstate=1 ifi_flags=0x11043 ([UP][RUNNING][LOWER_UP])
07-03 17:47:29.328 25174 25174 D wpa_supplicant: RTM_NEWLINK, IFLA_IFNAME: Interface 'wlan0' added
07-03 17:47:29.328 25174 25174 D wpa_supplicant: Wireless event: cmd=0x8c00 len=20
07-03 17:47:29.375 25174 25174 D wpa_supplicant: RTM_NEWLINK: operstate=1 ifi_flags=0x11043 ([UP][RUNNING][LOWER_UP])
07-03 17:47:29.375 25174 25174 D wpa_supplicant: RTM_NEWLINK, IFLA_IFNAME: Interface 'wlan0' added
07-03 17:47:29.375 25174 25174 D wpa_supplicant: Wireless event: cmd=0x8b19 len=8
07-03 17:47:29.375 25174 25174 D wpa_supplicant: Received 1909 bytes of scan results (10 BSSes)
07-03 17:47:29.414 25174 25174 D wpa_supplicant: RTM_NEWLINK: operstate=1 ifi_flags=0x11043 ([UP][RUNNING][LOWER_UP])
07-03 17:47:29.414 25174 25174 D wpa_supplicant: RTM_NEWLINK, IFLA_IFNAME: Interface 'wlan0' added
07-03 17:47:29.414 25174 25174 D wpa_supplicant: Wireless event: cmd=0x8c00 len=20
07-03 17:47:29.453 25174 25174 D wpa_supplicant: WPS: Building WPS IE for Probe Request
07-03 17:47:29.453 25174 25174 D wpa_supplicant: WPS:  * Version (hardcoded 0x10)
07-03 17:47:29.453 25174 25174 D wpa_supplicant: WPS:  * Request Type
07-03 17:47:29.453 25174 25174 D wpa_supplicant: WPS:  * Config Methods (2388)
07-03 17:47:29.453 25174 25174 D wpa_supplicant: WPS:  * UUID-E
07-03 17:47:29.453 25174 25174 D wpa_supplicant: WPS:  * Primary Device Type
07-03 17:47:29.453 25174 25174 D wpa_supplicant: WPS:  * RF Bands (3)
07-03 17:47:29.453 25174 25174 D wpa_supplicant: WPS:  * Association State
07-03 17:47:29.453 25174 25174 D wpa_supplicant: WPS:  * Configuration Error (0)
07-03 17:47:29.453 25174 25174 D wpa_supplicant: WPS:  * Device Password ID (0)
07-03 17:47:29.453 25174 25174 D wpa_supplicant: WPS:  * Manufacturer
07-03 17:47:29.453 25174 25174 D wpa_supplicant: WPS:  * Model Name
07-03 17:47:29.453 25174 25174 D wpa_supplicant: WPS:  * Model Number
07-03 17:47:29.453 25174 25174 D wpa_supplicant: WPS:  * Device Name
07-03 17:47:29.453 25174 25174 D wpa_supplicant: WPS:  * Version2 (0x20)
07-03 17:47:29.453 25174 25174 D wpa_supplicant: wpa_driver_wext_combo_scan: Start
07-03 17:47:29.453 25174 25174 D wpa_supplicant: For Scan: (null)
07-03 17:47:29.457 25174 25174 D wpa_supplicant: Scan requested (ret=0) - scan timeout 30 seconds
07-03 17:47:29.488 25174 25174 D wpa_supplicant: RTM_NEWLINK: operstate=1 ifi_flags=0x11043 ([UP][RUNNING][LOWER_UP])
07-03 17:47:29.488 25174 25174 D wpa_supplicant: RTM_NEWLINK, IFLA_IFNAME: Interface 'wlan0' added
07-03 17:47:29.488 25174 25174 D wpa_supplicant: Wireless event: cmd=0x8c00 len=20
07-03 17:47:29.613 25174 25174 D wpa_supplicant: RTM_NEWLINK: operstate=1 ifi_flags=0x11043 ([UP][RUNNING][LOWER_UP])
07-03 17:47:29.613 25174 25174 D wpa_supplicant: RTM_NEWLINK, IFLA_IFNAME: Interface 'wlan0' added
07-03 17:47:29.613 25174 25174 D wpa_supplicant: Wireless event: cmd=0x8c00 len=20
07-03 17:47:29.742 25174 25174 D wpa_supplicant: RTM_NEWLINK: operstate=1 ifi_flags=0x11043 ([UP][RUNNING][LOWER_UP])
07-03 17:47:29.742 25174 25174 D wpa_supplicant: RTM_NEWLINK, IFLA_IFNAME: Interface 'wlan0' added
07-03 17:47:29.742 25174 25174 D wpa_supplicant: Wireless event: cmd=0x8c00 len=20
07-03 17:47:29.871 25174 25174 D wpa_supplicant: RTM_NEWLINK: operstate=1 ifi_flags=0x11043 ([UP][RUNNING][LOWER_UP])
07-03 17:47:29.871 25174 25174 D wpa_supplicant: RTM_NEWLINK, IFLA_IFNAME: Interface 'wlan0' added
07-03 17:47:29.871 25174 25174 D wpa_supplicant: Wireless event: cmd=0x8c00 len=20
07-03 17:47:30.043 25174 25174 D wpa_supplicant: RTM_NEWLINK: operstate=1 ifi_flags=0x11043 ([UP][RUNNING][LOWER_UP])
07-03 17:47:30.043 25174 25174 D wpa_supplicant: RTM_NEWLINK, IFLA_IFNAME: Interface 'wlan0' added
07-03 17:47:30.043 25174 25174 D wpa_supplicant: Wireless event: cmd=0x8c00 len=20
07-03 17:47:30.191 25174 25174 D wpa_supplicant: RTM_NEWLINK: operstate=1 ifi_flags=0x11043 ([UP][RUNNING][LOWER_UP])
07-03 17:47:30.191 25174 25174 D wpa_supplicant: RTM_NEWLINK, IFLA_IFNAME: Interface 'wlan0' added
07-03 17:47:30.191 25174 25174 D wpa_supplicant: Wireless event: cmd=0x8c00 len=20
07-03 17:47:30.316 25174 25174 D wpa_supplicant: RTM_NEWLINK: operstate=1 ifi_flags=0x11043 ([UP][RUNNING][LOWER_UP])
07-03 17:47:30.316 25174 25174 D wpa_supplicant: RTM_NEWLINK, IFLA_IFNAME: Interface 'wlan0' added
07-03 17:47:30.316 25174 25174 D wpa_supplicant: Wireless event: cmd=0x8c00 len=20
07-03 17:47:30.406 25174 25174 D wpa_supplicant: RTM_NEWLINK: operstate=1 ifi_flags=0x11043 ([UP][RUNNING][LOWER_UP])
07-03 17:47:30.406 25174 25174 D wpa_supplicant: RTM_NEWLINK, IFLA_IFNAME: Interface 'wlan0' added
07-03 17:47:30.406 25174 25174 D wpa_supplicant: Wireless event: cmd=0x8b15 len=20
07-03 17:47:30.406 25174 25174 D wpa_supplicant: Wireless event: new AP: 00:00:00:00:00:00
07-03 17:47:30.406 25174 25174 D wpa_supplicant: Added BSSID 00:21:56:ce:40:91 into blacklist
07-03 17:47:30.406 25174 25174 D wpa_supplicant: BSSID 00:21:56:ce:40:91 blacklist count incremented to 2
07-03 17:47:30.406 25174 25174 I wpa_supplicant: wlan0: CTRL-EVENT-DISCONNECTED bssid=00:21:56:ce:40:91 reason=0
07-03 17:47:30.406 25174 25174 D wpa_supplicant: wpa_driver_wext_set_key: alg=0 key_idx=0 set_tx=0 seq_len=0 key_len=0
07-03 17:47:30.414    76   116 D CommandListener: Clearing all IP addresses on wlan0
07-03 17:47:30.421 25174 25174 D wpa_supplicant: wpa_driver_wext_set_key: alg=0 key_idx=1 set_tx=0 seq_len=0 key_len=0
07-03 17:47:30.433 25174 25174 D wpa_supplicant: wpa_driver_wext_set_key: alg=0 key_idx=2 set_tx=0 seq_len=0 key_len=0
07-03 17:47:30.449 25174 25174 D wpa_supplicant: wpa_driver_wext_set_key: alg=0 key_idx=3 set_tx=0 seq_len=0 key_len=0
07-03 17:47:30.453 25174 25174 D wpa_supplicant: wpa_driver_wext_set_key: alg=0 key_idx=0 set_tx=0 seq_len=0 key_len=0
07-03 17:47:30.453 25174 25174 D wpa_supplicant: wpa_driver_wext_set_operstate: operstate 1->0 (DORMANT)
07-03 17:47:30.453 25174 25174 D wpa_supplicant: netlink: Operstate: linkmode=-1, operstate=5
07-03 17:47:30.461 25174 25174 D wpa_supplicant: EAPOL: External notification - portEnabled=0
07-03 17:47:30.461 25174 25174 D wpa_supplicant: EAPOL: SUPP_PAE entering state DISCONNECTED
07-03 17:47:30.461 25174 25174 D wpa_supplicant: EAPOL: Supplicant port status: Unauthorized
07-03 17:47:30.461 25174 25174 D wpa_supplicant: EAPOL: SUPP_BE entering state INITIALIZE
07-03 17:47:30.461 25174 25174 D wpa_supplicant: EAP: EAP entering state DISABLED
07-03 17:47:30.461 25174 25174 D wpa_supplicant: EAPOL: Supplicant port status: Unauthorized
07-03 17:47:30.461 25174 25174 D wpa_supplicant: EAPOL: External notification - portValid=0
07-03 17:47:30.461 25174 25174 D wpa_supplicant: EAPOL: Supplicant port status: Unauthorized
07-03 17:47:30.461 25174 25174 D wpa_supplicant: RTM_NEWLINK: operstate=0 ifi_flags=0x11043 ([UP][RUNNING][LOWER_UP])
07-03 17:47:30.461 25174 25174 D wpa_supplicant: RTM_NEWLINK, IFLA_IFNAME: Interface 'wlan0' added
07-03 17:47:30.461 25174 25174 D wpa_supplicant: Wireless event: cmd=0x8b19 len=8
07-03 17:47:30.461 25174 25174 D wpa_supplicant: Received 0 bytes of scan results (0 BSSes)
07-03 17:47:30.464 25174 25174 D wpa_supplicant: Removed BSSID 00:21:56:ce:40:91 from blacklist (clear)
07-03 17:47:30.464 25174 25174 D wpa_supplicant: Removed BSSID 00:13:80:94:5c:21 from blacklist (clear)
07-03 17:47:30.464 25174 25174 D wpa_supplicant: Removed BSSID e8:40:40:ac:1e:01 from blacklist (clear)
07-03 17:47:30.464 25174 25174 D wpa_supplicant: Removed BSSID 00:1a:30:b8:e4:61 from blacklist (clear)
07-03 17:47:30.464 25174 25174 D wpa_supplicant: Removed BSSID e8:40:40:cc:16:41 from blacklist (clear)
07-03 17:47:30.464 25174 25174 D wpa_supplicant: Removed BSSID e8:ba:70:f9:e1:51 from blacklist (clear)
07-03 17:47:30.468 25174 25174 D wpa_supplicant: RTM_NEWLINK: operstate=0 ifi_flags=0x11003 ([UP][LOWER_UP])
07-03 17:47:30.468 25174 25174 D wpa_supplicant: RTM_NEWLINK, IFLA_IFNAME: Interface 'wlan0' added
07-03 17:47:30.472   151   256 D ConnectivityService: ConnectivityChange for WIFI: DISCONNECTED/DISCONNECTED
07-03 17:47:30.480   151   256 D ConnectivityService: Attempting to switch to mobile
07-03 17:47:30.527   151   256 D ConnectivityService: Attempting to switch to WIMAX
07-03 17:47:30.527   151   256 D ConnectivityService: Attempting to switch to BLUETOOTH_TETHER
07-03 17:47:30.531   151   256 E ConnectivityService: Exception trying to remove a route: java.lang.IllegalStateException: Unable to communicate with native dameon to add routes - com.android.server.NativeDaemonConnectorException: Cmd {interface route remove wlan0 default 67.20.207.254 32 0.0.0.0} failed with code 400 : {Failed to remove route from default table (No such process)}
07-03 17:47:30.535   151   256 E ConnectivityService: Exception trying to remove a route: java.lang.IllegalStateException: Unable to communicate with native dameon to add routes - com.android.server.NativeDaemonConnectorException: Cmd {interface route remove wlan0 default 0.0.0.0 0 67.20.207.254} failed with code 400 : {Failed to remove route from default table (No such process)}
07-03 17:47:30.535   151   256 D NetUtils: android_net_utils_resetConnections in env=0x12a0a28 clazz=0xb9e00001 iface=wlan0 mask=0x3
07-03 17:47:30.535   151   256 D ConnectivityService: resetConnections(wlan0, 3)
07-03 17:47:30.679 25174 25174 D wpa_supplicant: WPS: Building WPS IE for Probe Request
07-03 17:47:30.679 25174 25174 D wpa_supplicant: WPS:  * Version (hardcoded 0x10)
07-03 17:47:30.679 25174 25174 D wpa_supplicant: WPS:  * Request Type
07-03 17:47:30.679 25174 25174 D wpa_supplicant: WPS:  * Config Methods (2388)
07-03 17:47:30.679 25174 25174 D wpa_supplicant: WPS:  * UUID-E
07-03 17:47:30.679 25174 25174 D wpa_supplicant: WPS:  * Primary Device Type
07-03 17:47:30.679 25174 25174 D wpa_supplicant: WPS:  * RF Bands (3)
07-03 17:47:30.679 25174 25174 D wpa_supplicant: WPS:  * Association State
07-03 17:47:30.679 25174 25174 D wpa_supplicant: WPS:  * Configuration Error (0)
07-03 17:47:30.679 25174 25174 D wpa_supplicant: WPS:  * Device Password ID (0)
07-03 17:47:30.679 25174 25174 D wpa_supplicant: WPS:  * Manufacturer
07-03 17:47:30.679 25174 25174 D wpa_supplicant: WPS:  * Model Name
07-03 17:47:30.679 25174 25174 D wpa_supplicant: WPS:  * Model Number
07-03 17:47:30.679 25174 25174 D wpa_supplicant: WPS:  * Device Name
07-03 17:47:30.679 25174 25174 D wpa_supplicant: WPS:  * Version2 (0x20)
07-03 17:47:30.679 25174 25174 D wpa_supplicant: wpa_driver_wext_combo_scan: Start
07-03 17:47:30.679 25174 25174 D wpa_supplicant: For Scan: (null)
07-03 17:47:30.683 25174 25174 D wpa_supplicant: Scan requested (ret=0) - scan timeout 30 seconds
07-03 17:47:30.683 28351 29778 W Smack/Packet: notify conn break (IOEx), close connection
07-03 17:47:30.750 29315 29318 D dalvikvm: GC_CONCURRENT freed 722K, 10% free 10654K/11783K, paused 2ms+3ms
07-03 17:47:30.839 28351 29778 I qtaguid : Failed write_ctrl(u 77) res=-1 errno=22
07-03 17:47:30.839 28351 29778 I qtaguid : Untagging socket 77 failed errno=-22
07-03 17:47:30.839 28351 29778 W NetworkManagementSocketTagger: untagSocket(77) failed with errno -22
07-03 17:47:30.851   151   256 D ConnectivityService: handleInetConditionChange: no active default network - ignore
07-03 17:47:30.906 25174 25174 D wpa_supplicant: EAPOL: Supplicant port status: Unauthorized
07-03 17:47:31.168 25174 25174 D wpa_supplicant: RTM_NEWLINK: operstate=0 ifi_flags=0x11003 ([UP][LOWER_UP])
07-03 17:47:31.168 25174 25174 D wpa_supplicant: RTM_NEWLINK, IFLA_IFNAME: Interface 'wlan0' added
07-03 17:47:31.168 25174 25174 D wpa_supplicant: Wireless event: cmd=0x8b19 len=8
07-03 17:47:31.168 25174 25174 D wpa_supplicant: Received 2024 bytes of scan results (10 BSSes)
07-03 17:47:31.183 25174 25174 D wpa_supplicant: wlan0: Request association: reassociate: 0  selected: 00:13:80:94:5c:21  bssid: 00:00:00:00:00:00  pending: 00:00:00:00:00:00  wpa_state: SCANNING
07-03 17:47:31.183 25174 25174 I wpa_supplicant: wlan0: Trying to associate with 00:13:80:94:5c:21 (SSID='UB_Secure' freq=2412 MHz)
07-03 17:47:31.183 25174 25174 D wpa_supplicant: wpa_driver_wext_set_operstate: operstate 0->0 (DORMANT)
07-03 17:47:31.183 25174 25174 D wpa_supplicant: netlink: Operstate: linkmode=-1, operstate=5
07-03 17:47:31.183 25174 25174 D wpa_supplicant: wpa_driver_wext_associate
07-03 17:47:31.183 25174 25174 D wpa_supplicant: wpa_driver_wext_set_drop_unencrypted
07-03 17:47:31.199 25174 25174 D wpa_supplicant: wpa_driver_wext_set_psk
07-03 17:47:31.203 25174 25174 D wpa_supplicant: EAPOL: External notification - EAP success=0
07-03 17:47:31.203 25174 25174 D wpa_supplicant: EAPOL: Supplicant port status: Unauthorized
07-03 17:47:31.203 25174 25174 D wpa_supplicant: EAPOL: External notification - EAP fail=0
07-03 17:47:31.203 25174 25174 D wpa_supplicant: EAPOL: Supplicant port status: Unauthorized
07-03 17:47:31.203 25174 25174 D wpa_supplicant: EAPOL: External notification - portControl=Auto
07-03 17:47:31.203 25174 25174 D wpa_supplicant: EAPOL: Supplicant port status: Unauthorized
07-03 17:47:31.203 25174 25174 D wpa_supplicant: RSN: Ignored PMKID candidate without preauth flag
07-03 17:47:31.203 25174 25174 D wpa_supplicant: RTM_NEWLINK: operstate=0 ifi_flags=0x11003 ([UP][LOWER_UP])
07-03 17:47:31.203 25174 25174 D wpa_supplicant: RTM_NEWLINK, IFLA_IFNAME: Interface 'wlan0' added
07-03 17:47:31.203 25174 25174 D wpa_supplicant: Wireless event: cmd=0x8b06 len=8
07-03 17:47:31.203 25174 25174 D wpa_supplicant: RTM_NEWLINK: operstate=0 ifi_flags=0x11003 ([UP][LOWER_UP])
07-03 17:47:31.203 25174 25174 D wpa_supplicant: RTM_NEWLINK, IFLA_IFNAME: Interface 'wlan0' added
07-03 17:47:31.203 25174 25174 D wpa_supplicant: Wireless event: cmd=0x8b04 len=12
07-03 17:47:31.203 25174 25174 D wpa_supplicant: RTM_NEWLINK: operstate=0 ifi_flags=0x11003 ([UP][LOWER_UP])
07-03 17:47:31.203 25174 25174 D wpa_supplicant: RTM_NEWLINK, IFLA_IFNAME: Interface 'wlan0' added
07-03 17:47:31.203 25174 25174 D wpa_supplicant: Wireless event: cmd=0x8b1a len=17
07-03 17:47:31.211 25174 25174 D wpa_supplicant: RTM_NEWLINK: operstate=0 ifi_flags=0x11003 ([UP][LOWER_UP])
07-03 17:47:31.211 25174 25174 D wpa_supplicant: RTM_NEWLINK, IFLA_IFNAME: Interface 'wlan0' added
07-03 17:47:31.211 25174 25174 D wpa_supplicant: Wireless event: cmd=0x8b15 len=20
07-03 17:47:31.211 25174 25174 D wpa_supplicant: Wireless event: new AP: 00:13:80:94:5c:21
07-03 17:47:31.211 25174 25174 D wpa_supplicant: wpa_driver_wext_set_operstate: operstate 0->0 (DORMANT)
07-03 17:47:31.211 25174 25174 D wpa_supplicant: netlink: Operstate: linkmode=-1, operstate=5
07-03 17:47:31.214 25174 25174 I wpa_supplicant: wlan0: Associated with 00:13:80:94:5c:21
07-03 17:47:31.214 25174 25174 D wpa_supplicant: EAPOL: External notification - portEnabled=0
07-03 17:47:31.214 25174 25174 D wpa_supplicant: EAPOL: Supplicant port status: Unauthorized
07-03 17:47:31.214 25174 25174 D wpa_supplicant: EAPOL: External notification - portValid=0
07-03 17:47:31.214 25174 25174 D wpa_supplicant: EAPOL: Supplicant port status: Unauthorized
07-03 17:47:31.214 25174 25174 D wpa_supplicant: EAPOL: External notification - portEnabled=1
07-03 17:47:31.214 25174 25174 D wpa_supplicant: EAPOL: SUPP_PAE entering state CONNECTING
07-03 17:47:31.214 25174 25174 D wpa_supplicant: EAPOL: SUPP_BE entering state IDLE
07-03 17:47:31.214 25174 25174 D wpa_supplicant: EAP: EAP entering state INITIALIZE
07-03 17:47:31.214 25174 25174 D wpa_supplicant: EAP: deinitialize previously used EAP method (25, PEAP) at INITIALIZE
07-03 17:47:31.214 25174 25174 D wpa_supplicant: EAP: EAP entering state IDLE
07-03 17:47:31.214 25174 25174 D wpa_supplicant: EAPOL: Received EAP-Packet frame
07-03 17:47:31.214 25174 25174 D wpa_supplicant: EAPOL: SUPP_PAE entering state RESTART
07-03 17:47:31.214 25174 25174 D wpa_supplicant: EAP: EAP entering state INITIALIZE
07-03 17:47:31.214 25174 25174 D wpa_supplicant: EAP: EAP entering state IDLE
07-03 17:47:31.214 25174 25174 D wpa_supplicant: EAPOL: SUPP_PAE entering state AUTHENTICATING
07-03 17:47:31.214 25174 25174 D wpa_supplicant: EAPOL: SUPP_BE entering state REQUEST
07-03 17:47:31.214 25174 25174 D wpa_supplicant: EAPOL: getSuppRsp
07-03 17:47:31.214 25174 25174 D wpa_supplicant: EAP: EAP entering state RECEIVED
07-03 17:47:31.214 25174 25174 D wpa_supplicant: EAP: Received EAP-Request id=1 method=1 vendor=0 vendorMethod=0
07-03 17:47:31.214 25174 25174 D wpa_supplicant: EAP: EAP entering state IDENTITY
07-03 17:47:31.214 25174 25174 I wpa_supplicant: wlan0: CTRL-EVENT-EAP-STARTED EAP authentication started
07-03 17:47:31.214 25174 25174 D wpa_supplicant: EAP: EAP entering state SEND_RESPONSE
07-03 17:47:31.214 25174 25174 D wpa_supplicant: EAP: EAP entering state IDLE
07-03 17:47:31.214 25174 25174 D wpa_supplicant: EAPOL: SUPP_BE entering state RESPONSE
07-03 17:47:31.214 25174 25174 D wpa_supplicant: EAPOL: txSuppRsp
07-03 17:47:31.214 25174 25174 D wpa_supplicant: TX EAPOL: dst=00:13:80:94:5c:21
07-03 17:47:31.214 25174 25174 D wpa_supplicant: EAPOL: SUPP_BE entering state RECEIVE
07-03 17:47:31.218 25174 25174 D wpa_supplicant: EAPOL: Received EAP-Packet frame
07-03 17:47:31.218 25174 25174 D wpa_supplicant: EAPOL: SUPP_BE entering state REQUEST
07-03 17:47:31.218 25174 25174 D wpa_supplicant: EAPOL: getSuppRsp
07-03 17:47:31.218 25174 25174 D wpa_supplicant: EAP: EAP entering state RECEIVED
07-03 17:47:31.218 25174 25174 D wpa_supplicant: EAP: Received EAP-Request id=2 method=4 vendor=0 vendorMethod=0
07-03 17:47:31.218 25174 25174 D wpa_supplicant: EAP: EAP entering state GET_METHOD
07-03 17:47:31.218 25174 25174 D wpa_supplicant: EAP: configuration does not allow: vendor 0 method 4
07-03 17:47:31.218 25174 25174 D wpa_supplicant: EAP: vendor 0 method 4 not allowed
07-03 17:47:31.218 25174 25174 I wpa_supplicant: wlan0: CTRL-EVENT-EAP-PROPOSED-METHOD vendor=0 method=4 -> NAK
07-03 17:47:31.218 25174 25174 D wpa_supplicant: EAP: Building EAP-Nak (requested type 4 vendor=0 method=0 not allowed)
07-03 17:47:31.218 25174 25174 D wpa_supplicant: EAP: EAP entering state SEND_RESPONSE
07-03 17:47:31.218 25174 25174 D wpa_supplicant: EAP: EAP entering state IDLE
07-03 17:47:31.218 25174 25174 D wpa_supplicant: EAPOL: SUPP_BE entering state RESPONSE
07-03 17:47:31.218 25174 25174 D wpa_supplicant: EAPOL: txSuppRsp
07-03 17:47:31.218 25174 25174 D wpa_supplicant: TX EAPOL: dst=00:13:80:94:5c:21
07-03 17:47:31.218 25174 25174 D wpa_supplicant: EAPOL: SUPP_BE entering state RECEIVE
07-03 17:47:31.222 25174 25174 D wpa_supplicant: EAPOL: Received EAP-Packet frame
07-03 17:47:31.222 25174 25174 D wpa_supplicant: EAPOL: SUPP_BE entering state REQUEST
07-03 17:47:31.222 25174 25174 D wpa_supplicant: EAPOL: getSuppRsp
07-03 17:47:31.222 25174 25174 D wpa_supplicant: EAP: EAP entering state RECEIVED
07-03 17:47:31.222 25174 25174 D wpa_supplicant: EAP: Received EAP-Request id=3 method=25 vendor=0 vendorMethod=0
07-03 17:47:31.222 25174 25174 D wpa_supplicant: EAP: EAP entering state GET_METHOD
07-03 17:47:31.222 25174 25174 I wpa_supplicant: wlan0: CTRL-EVENT-EAP-PROPOSED-METHOD vendor=0 method=25
07-03 17:47:31.222 25174 25174 D wpa_supplicant: EAP: Initialize selected EAP method: vendor 0 method 25 (PEAP)
07-03 17:47:31.222 25174 25174 D wpa_supplicant: TLS: using phase1 config options
07-03 17:47:31.222 25174 25174 I wpa_supplicant: wlan0: CTRL-EVENT-EAP-METHOD EAP vendor 0 method 25 (PEAP) selected
07-03 17:47:31.222 25174 25174 D wpa_supplicant: EAP: EAP entering state METHOD
07-03 17:47:31.222 25174 25174 D wpa_supplicant: SSL: Received packet(len=6) - Flags 0x20
07-03 17:47:31.222 25174 25174 D wpa_supplicant: EAP-PEAP: Start (server ver=0, own ver=1)
07-03 17:47:31.222 25174 25174 D wpa_supplicant: EAP-PEAP: Using PEAP version 0
07-03 17:47:31.222 25174 25174 D wpa_supplicant: SSL: (where=0x10 ret=0x1)
07-03 17:47:31.222 25174 25174 D wpa_supplicant: SSL: (where=0x1001 ret=0x1)
07-03 17:47:31.222 25174 25174 D wpa_supplicant: SSL: SSL_connect:before/connect initialization
07-03 17:47:31.222 25174 25174 D wpa_supplicant: SSL: (where=0x1001 ret=0x1)
07-03 17:47:31.222 25174 25174 D wpa_supplicant: SSL: SSL_connect:SSLv3 write client hello A
07-03 17:47:31.222 25174 25174 D wpa_supplicant: SSL: (where=0x1002 ret=0xffffffff)
07-03 17:47:31.222 25174 25174 D wpa_supplicant: SSL: SSL_connect:error in SSLv3 read server hello A
07-03 17:47:31.222 25174 25174 D wpa_supplicant: SSL: SSL_connect - want more data
07-03 17:47:31.222 25174 25174 D wpa_supplicant: SSL: 190 bytes pending from ssl_out
07-03 17:47:31.222 25174 25174 D wpa_supplicant: SSL: 190 bytes left to be sent out (of total 190 bytes)
07-03 17:47:31.222 25174 25174 D wpa_supplicant: EAP: method process -> ignore=FALSE methodState=MAY_CONT decision=FAIL
07-03 17:47:31.222 25174 25174 D wpa_supplicant: EAP: EAP entering state SEND_RESPONSE
07-03 17:47:31.222 25174 25174 D wpa_supplicant: EAP: EAP entering state IDLE
07-03 17:47:31.222 25174 25174 D wpa_supplicant: EAPOL: SUPP_BE entering state RESPONSE
07-03 17:47:31.222 25174 25174 D wpa_supplicant: EAPOL: txSuppRsp
07-03 17:47:31.222 25174 25174 D wpa_supplicant: TX EAPOL: dst=00:13:80:94:5c:21
07-03 17:47:31.226 25174 25174 D wpa_supplicant: EAPOL: SUPP_BE entering state RECEIVE
07-03 17:47:31.234 25174 25174 D wpa_supplicant: Ongoing scan action - reject new request
07-03 17:47:31.257 25174 25174 D wpa_supplicant: EAPOL: Received EAP-Packet frame
07-03 17:47:31.257 25174 25174 D wpa_supplicant: EAPOL: SUPP_BE entering state REQUEST
07-03 17:47:31.257 25174 25174 D wpa_supplicant: EAPOL: getSuppRsp
07-03 17:47:31.257 25174 25174 D wpa_supplicant: EAP: EAP entering state RECEIVED
07-03 17:47:31.257 25174 25174 D wpa_supplicant: EAP: Received EAP-Request id=4 method=25 vendor=0 vendorMethod=0
07-03 17:47:31.257 25174 25174 D wpa_supplicant: EAP: EAP entering state METHOD
07-03 17:47:31.257 25174 25174 D wpa_supplicant: SSL: Received packet(len=1024) - Flags 0xc0
07-03 17:47:31.257 25174 25174 D wpa_supplicant: SSL: TLS Message Length: 4344
07-03 17:47:31.257 25174 25174 D wpa_supplicant: SSL: Need 3330 bytes more input data
07-03 17:47:31.257 25174 25174 D wpa_supplicant: SSL: Building ACK (type=25 id=4 ver=0)
07-03 17:47:31.257 25174 25174 D wpa_supplicant: EAP: method process -> ignore=FALSE methodState=MAY_CONT decision=FAIL
07-03 17:47:31.257 25174 25174 D wpa_supplicant: EAP: EAP entering state SEND_RESPONSE
07-03 17:47:31.257 25174 25174 D wpa_supplicant: EAP: EAP entering state IDLE
07-03 17:47:31.257 25174 25174 D wpa_supplicant: EAPOL: SUPP_BE entering state RESPONSE
07-03 17:47:31.257 25174 25174 D wpa_supplicant: EAPOL: txSuppRsp
07-03 17:47:31.257 25174 25174 D wpa_supplicant: TX EAPOL: dst=00:13:80:94:5c:21
07-03 17:47:31.257 25174 25174 D wpa_supplicant: EAPOL: SUPP_BE entering state RECEIVE
07-03 17:47:31.265 25174 25174 D wpa_supplicant: EAPOL: Received EAP-Packet frame
07-03 17:47:31.265 25174 25174 D wpa_supplicant: EAPOL: SUPP_BE entering state REQUEST
07-03 17:47:31.265 25174 25174 D wpa_supplicant: EAPOL: getSuppRsp
07-03 17:47:31.265 25174 25174 D wpa_supplicant: EAP: EAP entering state RECEIVED
07-03 17:47:31.265 25174 25174 D wpa_supplicant: EAP: Received EAP-Request id=5 method=25 vendor=0 vendorMethod=0
07-03 17:47:31.265 25174 25174 D wpa_supplicant: EAP: EAP entering state METHOD
07-03 17:47:31.265 25174 25174 D wpa_supplicant: SSL: Received packet(len=1020) - Flags 0x40
07-03 17:47:31.265 25174 25174 D wpa_supplicant: SSL: Need 2316 bytes more input data
07-03 17:47:31.265 25174 25174 D wpa_supplicant: SSL: Building ACK (type=25 id=5 ver=0)
07-03 17:47:31.265 25174 25174 D wpa_supplicant: EAP: method process -> ignore=FALSE methodState=MAY_CONT decision=FAIL
07-03 17:47:31.265 25174 25174 D wpa_supplicant: EAP: EAP entering state SEND_RESPONSE
07-03 17:47:31.265 25174 25174 D wpa_supplicant: EAP: EAP entering state IDLE
07-03 17:47:31.265 25174 25174 D wpa_supplicant: EAPOL: SUPP_BE entering state RESPONSE
07-03 17:47:31.265 25174 25174 D wpa_supplicant: EAPOL: txSuppRsp
07-03 17:47:31.265 25174 25174 D wpa_supplicant: TX EAPOL: dst=00:13:80:94:5c:21
07-03 17:47:31.265 25174 25174 D wpa_supplicant: EAPOL: SUPP_BE entering state RECEIVE
07-03 17:47:31.273 25174 25174 D wpa_supplicant: EAPOL: Received EAP-Packet frame
07-03 17:47:31.273 25174 25174 D wpa_supplicant: EAPOL: SUPP_BE entering state REQUEST
07-03 17:47:31.273 25174 25174 D wpa_supplicant: EAPOL: getSuppRsp
07-03 17:47:31.273 25174 25174 D wpa_supplicant: EAP: EAP entering state RECEIVED
07-03 17:47:31.273 25174 25174 D wpa_supplicant: EAP: Received EAP-Request id=6 method=25 vendor=0 vendorMethod=0
07-03 17:47:31.273 25174 25174 D wpa_supplicant: EAP: EAP entering state METHOD
07-03 17:47:31.273 25174 25174 D wpa_supplicant: SSL: Received packet(len=1020) - Flags 0x40
07-03 17:47:31.273 25174 25174 D wpa_supplicant: SSL: Need 1302 bytes more input data
07-03 17:47:31.273 25174 25174 D wpa_supplicant: SSL: Building ACK (type=25 id=6 ver=0)
07-03 17:47:31.273 25174 25174 D wpa_supplicant: EAP: method process -> ignore=FALSE methodState=MAY_CONT decision=FAIL
07-03 17:47:31.273 25174 25174 D wpa_supplicant: EAP: EAP entering state SEND_RESPONSE
07-03 17:47:31.273 25174 25174 D wpa_supplicant: EAP: EAP entering state IDLE
07-03 17:47:31.273 25174 25174 D wpa_supplicant: EAPOL: SUPP_BE entering state RESPONSE
07-03 17:47:31.273 25174 25174 D wpa_supplicant: EAPOL: txSuppRsp
07-03 17:47:31.273 25174 25174 D wpa_supplicant: TX EAPOL: dst=00:13:80:94:5c:21
07-03 17:47:31.273 25174 25174 D wpa_supplicant: EAPOL: SUPP_BE entering state RECEIVE
07-03 17:47:31.281 25174 25174 D wpa_supplicant: EAPOL: Received EAP-Packet frame
07-03 17:47:31.281 25174 25174 D wpa_supplicant: EAPOL: SUPP_BE entering state REQUEST
07-03 17:47:31.281 25174 25174 D wpa_supplicant: EAPOL: getSuppRsp
07-03 17:47:31.281 25174 25174 D wpa_supplicant: EAP: EAP entering state RECEIVED
07-03 17:47:31.281 25174 25174 D wpa_supplicant: EAP: Received EAP-Request id=7 method=25 vendor=0 vendorMethod=0
07-03 17:47:31.281 25174 25174 D wpa_supplicant: EAP: EAP entering state METHOD
07-03 17:47:31.281 25174 25174 D wpa_supplicant: SSL: Received packet(len=1020) - Flags 0x40
07-03 17:47:31.281 25174 25174 D wpa_supplicant: SSL: Need 288 bytes more input data
07-03 17:47:31.281 25174 25174 D wpa_supplicant: SSL: Building ACK (type=25 id=7 ver=0)
07-03 17:47:31.281 25174 25174 D wpa_supplicant: EAP: method process -> ignore=FALSE methodState=MAY_CONT decision=FAIL
07-03 17:47:31.281 25174 25174 D wpa_supplicant: EAP: EAP entering state SEND_RESPONSE
07-03 17:47:31.281 25174 25174 D wpa_supplicant: EAP: EAP entering state IDLE
07-03 17:47:31.281 25174 25174 D wpa_supplicant: EAPOL: SUPP_BE entering state RESPONSE
07-03 17:47:31.281 25174 25174 D wpa_supplicant: EAPOL: txSuppRsp
07-03 17:47:31.281 25174 25174 D wpa_supplicant: TX EAPOL: dst=00:13:80:94:5c:21
07-03 17:47:31.285 25174 25174 D wpa_supplicant: EAPOL: SUPP_BE entering state RECEIVE
07-03 17:47:31.285 25174 25174 D wpa_supplicant: RTM_NEWLINK: operstate=0 ifi_flags=0x11003 ([UP][LOWER_UP])
07-03 17:47:31.285 25174 25174 D wpa_supplicant: RTM_NEWLINK, IFLA_IFNAME: Interface 'wlan0' added
07-03 17:47:31.285 25174 25174 D wpa_supplicant: Wireless event: cmd=0x8c03 len=20
07-03 17:47:31.285 25174 25174 D wpa_supplicant: RTM_NEWLINK: operstate=0 ifi_flags=0x11003 ([UP][LOWER_UP])
07-03 17:47:31.285 25174 25174 D wpa_supplicant: RTM_NEWLINK, IFLA_IFNAME: Interface 'wlan0' added
07-03 17:47:31.285 25174 25174 D wpa_supplicant: Wireless event: cmd=0x8c02 len=26
07-03 17:47:31.289 25174 25174 D wpa_supplicant: EAPOL: Received EAP-Packet frame
07-03 17:47:31.289 25174 25174 D wpa_supplicant: EAPOL: SUPP_BE entering state REQUEST
07-03 17:47:31.289 25174 25174 D wpa_supplicant: EAPOL: getSuppRsp
07-03 17:47:31.289 25174 25174 D wpa_supplicant: EAP: EAP entering state RECEIVED
07-03 17:47:31.289 25174 25174 D wpa_supplicant: EAP: Received EAP-Request id=8 method=25 vendor=0 vendorMethod=0
07-03 17:47:31.289 25174 25174 D wpa_supplicant: EAP: EAP entering state METHOD
07-03 17:47:31.289 25174 25174 D wpa_supplicant: SSL: Received packet(len=294) - Flags 0x00
07-03 17:47:31.289 25174 25174 D wpa_supplicant: SSL: (where=0x1001 ret=0x1)
07-03 17:47:31.289 25174 25174 D wpa_supplicant: SSL: SSL_connect:SSLv3 read server hello A
07-03 17:47:31.293 25174 25174 D wpa_supplicant: TLS: tls_verify_cb - preverify_ok=1 err=19 (self signed certificate in certificate chain) ca_cert_verify=0 depth=2 buf='/C=US/O=Entrust.net/OU=www.entrust.net/CPS incorp. by ref. (limits liab.)/OU=(c) 1999 Entrust.net Limited/CN=Entrust.net Secure Server Certification Authority'
07-03 17:47:31.293 25174 25174 I wpa_supplicant: wlan0: CTRL-EVENT-EAP-PEER-CERT depth=2 subject='/C=US/O=Entrust.net/OU=www.entrust.net/CPS incorp. by ref. (limits liab.)/OU=(c) 1999 Entrust.net Limited/CN=Entrust.net Secure Server Certification Authority'
07-03 17:47:31.293 25174 25174 D wpa_supplicant: TLS: tls_verify_cb - preverify_ok=1 err=19 (self signed certificate in certificate chain) ca_cert_verify=0 depth=2 buf='/C=US/O=Entrust.net/OU=www.entrust.net/CPS incorp. by ref. (limits liab.)/OU=(c) 1999 Entrust.net Limited/CN=Entrust.net Secure Server Certification Authority'
07-03 17:47:31.293 25174 25174 I wpa_supplicant: wlan0: CTRL-EVENT-EAP-PEER-CERT depth=2 subject='/C=US/O=Entrust.net/OU=www.entrust.net/CPS incorp. by ref. (limits liab.)/OU=(c) 1999 Entrust.net Limited/CN=Entrust.net Secure Server Certification Authority'
07-03 17:47:31.293 25174 25174 D wpa_supplicant: TLS: tls_verify_cb - preverify_ok=1 err=19 (self signed certificate in certificate chain) ca_cert_verify=0 depth=1 buf='/C=US/ST=UT/L=Salt Lake City/O=The USERTRUST Network/CN=USERTrust Legacy Secure Server CA'
07-03 17:47:31.293 25174 25174 I wpa_supplicant: wlan0: CTRL-EVENT-EAP-PEER-CERT depth=1 subject='/C=US/ST=UT/L=Salt Lake City/O=The USERTRUST Network/CN=USERTrust Legacy Secure Server CA'
07-03 17:47:31.296 25174 25174 D wpa_supplicant: TLS: tls_verify_cb - preverify_ok=1 err=19 (self signed certificate in certificate chain) ca_cert_verify=0 depth=0 buf='/C=US/postalCode=14260/ST=New York/L=Buffalo/street=305 Computing Center/O=SUNY AT BUFFALO/OU=Office of the President/OU=Issued through UNIVERSITY AT BUFFALO E-PKI Manager/OU=PremiumSSL Legacy/CN=ubsecure.acsu.buffalo.edu'
07-03 17:47:31.296 25174 25174 I wpa_supplicant: wlan0: CTRL-EVENT-EAP-PEER-CERT depth=0 subject='/C=US/postalCode=14260/ST=New York/L=Buffalo/street=305 Computing Center/O=SUNY AT BUFFALO/OU=Office of the President/OU=Issued through UNIVERSITY AT BUFFALO E-PKI Manager/OU=PremiumSSL Legacy/CN=ubsecure.acsu.buffalo.edu'
07-03 17:47:31.296 25174 25174 D wpa_supplicant: SSL: (where=0x1001 ret=0x1)
07-03 17:47:31.296 25174 25174 D wpa_supplicant: SSL: SSL_connect:SSLv3 read server certificate A
07-03 17:47:31.300 25174 25174 D wpa_supplicant: SSL: (where=0x1001 ret=0x1)
07-03 17:47:31.300 25174 25174 D wpa_supplicant: SSL: SSL_connect:SSLv3 read server key exchange A
07-03 17:47:31.300 25174 25174 D wpa_supplicant: SSL: (where=0x1001 ret=0x1)
07-03 17:47:31.300 25174 25174 D wpa_supplicant: SSL: SSL_connect:SSLv3 read server done A
07-03 17:47:31.312 25174 25174 D wpa_supplicant: SSL: (where=0x1001 ret=0x1)
07-03 17:47:31.312 25174 25174 D wpa_supplicant: SSL: SSL_connect:SSLv3 write client key exchange A
07-03 17:47:31.312 25174 25174 D wpa_supplicant: SSL: (where=0x1001 ret=0x1)
07-03 17:47:31.312 25174 25174 D wpa_supplicant: SSL: SSL_connect:SSLv3 write change cipher spec A
07-03 17:47:31.312 25174 25174 D wpa_supplicant: SSL: (where=0x1001 ret=0x1)
07-03 17:47:31.312 25174 25174 D wpa_supplicant: SSL: SSL_connect:SSLv3 write finished A
07-03 17:47:31.312 25174 25174 D wpa_supplicant: SSL: (where=0x1001 ret=0x1)
07-03 17:47:31.312 25174 25174 D wpa_supplicant: SSL: SSL_connect:SSLv3 flush data
07-03 17:47:31.312 25174 25174 D wpa_supplicant: SSL: (where=0x1002 ret=0xffffffff)
07-03 17:47:31.312 25174 25174 D wpa_supplicant: SSL: SSL_connect:error in SSLv3 read server session ticket A
07-03 17:47:31.312 25174 25174 D wpa_supplicant: SSL: SSL_connect - want more data
07-03 17:47:31.312 25174 25174 D wpa_supplicant: SSL: 134 bytes pending from ssl_out
07-03 17:47:31.312 25174 25174 D wpa_supplicant: SSL: 134 bytes left to be sent out (of total 134 bytes)
07-03 17:47:31.312 25174 25174 D wpa_supplicant: EAP: method process -> ignore=FALSE methodState=MAY_CONT decision=FAIL
07-03 17:47:31.312 25174 25174 D wpa_supplicant: EAP: EAP entering state SEND_RESPONSE
07-03 17:47:31.312 25174 25174 D wpa_supplicant: EAP: EAP entering state IDLE
07-03 17:47:31.312 25174 25174 D wpa_supplicant: EAPOL: SUPP_BE entering state RESPONSE
07-03 17:47:31.312 25174 25174 D wpa_supplicant: EAPOL: txSuppRsp
07-03 17:47:31.316 25174 25174 D wpa_supplicant: TX EAPOL: dst=00:13:80:94:5c:21
07-03 17:47:31.316 25174 25174 D wpa_supplicant: EAPOL: SUPP_BE entering state RECEIVE
07-03 17:47:31.343 25174 25174 D wpa_supplicant: RTM_NEWLINK: operstate=0 ifi_flags=0x11003 ([UP][LOWER_UP])
07-03 17:47:31.343 25174 25174 D wpa_supplicant: RTM_NEWLINK, IFLA_IFNAME: Interface 'wlan0' added
07-03 17:47:31.343 25174 25174 D wpa_supplicant: Wireless event: cmd=0x8c00 len=20
07-03 17:47:31.617 25174 25174 D wpa_supplicant: RTM_NEWLINK: operstate=0 ifi_flags=0x11003 ([UP][LOWER_UP])
07-03 17:47:31.617 25174 25174 D wpa_supplicant: RTM_NEWLINK, IFLA_IFNAME: Interface 'wlan0' added
07-03 17:47:31.617 25174 25174 D wpa_supplicant: Wireless event: cmd=0x8c00 len=20
07-03 17:47:31.906 25174 25174 D wpa_supplicant: EAPOL: startWhen --> 0
07-03 17:47:32.793 25174 25174 D wpa_supplicant: RTM_NEWLINK: operstate=0 ifi_flags=0x11003 ([UP][LOWER_UP])
07-03 17:47:32.793 25174 25174 D wpa_supplicant: RTM_NEWLINK, IFLA_IFNAME: Interface 'wlan0' added
07-03 17:47:32.793 25174 25174 D wpa_supplicant: Wireless event: cmd=0x8c00 len=20
07-03 17:47:33.031 25174 25174 D wpa_supplicant: RTM_NEWLINK: operstate=0 ifi_flags=0x11003 ([UP][LOWER_UP])
07-03 17:47:33.031 25174 25174 D wpa_supplicant: RTM_NEWLINK, IFLA_IFNAME: Interface 'wlan0' added
07-03 17:47:33.031 25174 25174 D wpa_supplicant: Wireless event: cmd=0x8c00 len=20
07-03 17:47:33.242 25174 25174 D wpa_supplicant: Ongoing scan action - reject new request
07-03 17:47:33.578   151   259 D Tethering: MasterInitialState.processMessage what=3
07-03 17:47:33.621   151   151 I ActivityManager: Start proc com.google.android.gallery3d for broadcast com.google.android.gallery3d/com.google.android.picasasync.ConnectivityReceiver: pid=29781 uid=10017 gids={3003, 1015}
07-03 17:47:33.632 28234 28234 D DAL     : lrb android.net.conn.CONNECTIVITY_CHANGE
07-03 17:47:33.632 28234 28234 D DAL     : lrb Starting displayBannerIfNotConnectedTask
07-03 17:47:33.636 28234 28234 D DAL     : lrb updateCurrentView
07-03 17:47:33.636 28234 28234 I DAL     : lrb updateHeader
07-03 17:47:33.636 28234 28234 D DAL     : lrb abortRequests
07-03 17:47:33.687 29781 29781 I ActivityThread: Pub com.google.android.gallery3d.GooglePhotoProvider: com.google.android.picasasync.PicasaContentProvider
07-03 17:47:33.820 29781 29783 D dalvikvm: GC_CONCURRENT freed 419K, 6% free 9117K/9607K, paused 13ms+4ms
07-03 17:47:33.820 25174 25174 D wpa_supplicant: RTM_NEWLINK: operstate=0 ifi_flags=0x11003 ([UP][LOWER_UP])
07-03 17:47:33.820 25174 25174 D wpa_supplicant: RTM_NEWLINK, IFLA_IFNAME: Interface 'wlan0' added
07-03 17:47:33.820 25174 25174 D wpa_supplicant: Wireless event: cmd=0x8c00 len=20
07-03 17:47:33.879 29781 29781 I ActivityThread: Pub com.google.android.gallery3d.provider: com.android.gallery3d.provider.GalleryProvider
07-03 17:47:33.984 29781 29783 D dalvikvm: GC_CONCURRENT freed 405K, 6% free 9196K/9735K, paused 1ms+3ms
07-03 17:47:34.007 29781 29781 D UploadsManager: load newPhotoTracker: null
07-03 17:47:34.007 29781 29781 D UploadsManager: load all accounts: null
07-03 17:47:34.007 29781 29781 D UploadsManager: load all account-album pairs: null
07-03 17:47:34.007 29781 29781 V PicasaContentProvider: querySettings: defaults: {sync_on_wifi_only=1, auto_upload_account_type=null, sync_on_battery=1, sync_picasa_on_wifi_only=1, auto_upload_enabled=0, video_upload_wifi_only=1, sync_on_roaming=0, auto_upload_account_name=null}
07-03 17:47:34.023 29781 29781 D UploadsManager:    settings not changed
07-03 17:47:34.054 25174 25174 D wpa_supplicant: RTM_NEWLINK: operstate=0 ifi_flags=0x11003 ([UP][LOWER_UP])
07-03 17:47:34.054 25174 25174 D wpa_supplicant: RTM_NEWLINK, IFLA_IFNAME: Interface 'wlan0' added
07-03 17:47:34.054 25174 25174 D wpa_supplicant: Wireless event: cmd=0x8c00 len=20
07-03 17:47:34.078 29285 29285 I MediaUploader: No need to wake up
07-03 17:47:34.082 29465 29465 I PhoneLab-WiFiReceiver: Wi-Fi is disconnected!
07-03 17:47:34.144 29781 29794 D PicasaSync: sync account database
07-03 17:47:34.168 29781 29794 D PicasaSync: accounts in DB=1
07-03 17:47:34.171 29781 29794 V PicasaContentProvider: querySettings: defaults: {sync_on_wifi_only=1, auto_upload_account_type=null, sync_on_battery=1, sync_picasa_on_wifi_only=1, auto_upload_enabled=0, video_upload_wifi_only=1, sync_on_roaming=0, auto_upload_account_name=null}
07-03 17:47:34.171 29781 29794 D PicasaSyncManager: active network: null
07-03 17:47:34.171 29781 29794 D PicasaSyncManager: background data: true
07-03 17:47:34.191 29781 29794 D PicasaSyncManager: battery info: false
07-03 17:47:34.289 25174 25174 D wpa_supplicant: RTM_NEWLINK: operstate=0 ifi_flags=0x11003 ([UP][LOWER_UP])
07-03 17:47:34.289 25174 25174 D wpa_supplicant: RTM_NEWLINK, IFLA_IFNAME: Interface 'wlan0' added
07-03 17:47:34.289 25174 25174 D wpa_supplicant: Wireless event: cmd=0x8c00 len=20
07-03 17:47:34.472 25174 25174 D wpa_supplicant: RTM_NEWLINK: operstate=0 ifi_flags=0x11003 ([UP][LOWER_UP])
07-03 17:47:34.472 25174 25174 D wpa_supplicant: RTM_NEWLINK, IFLA_IFNAME: Interface 'wlan0' added
07-03 17:47:34.472 25174 25174 D wpa_supplicant: Wireless event: cmd=0x8c00 len=20
07-03 17:47:34.695 25174 25174 D wpa_supplicant: RTM_NEWLINK: operstate=0 ifi_flags=0x11003 ([UP][LOWER_UP])
07-03 17:47:34.695 25174 25174 D wpa_supplicant: RTM_NEWLINK, IFLA_IFNAME: Interface 'wlan0' added
07-03 17:47:34.695 25174 25174 D wpa_supplicant: Wireless event: cmd=0x8c00 len=20
07-03 17:47:34.859 25174 25174 D wpa_supplicant: RTM_NEWLINK: operstate=0 ifi_flags=0x11003 ([UP][LOWER_UP])
07-03 17:47:34.859 25174 25174 D wpa_supplicant: RTM_NEWLINK, IFLA_IFNAME: Interface 'wlan0' added
07-03 17:47:34.859 25174 25174 D wpa_supplicant: Wireless event: cmd=0x8c00 len=20
07-03 17:47:35.054 25174 25174 D wpa_supplicant: RTM_NEWLINK: operstate=0 ifi_flags=0x11003 ([UP][LOWER_UP])
07-03 17:47:35.054 25174 25174 D wpa_supplicant: RTM_NEWLINK, IFLA_IFNAME: Interface 'wlan0' added
07-03 17:47:35.054 25174 25174 D wpa_supplicant: Wireless event: cmd=0x8c00 len=20
07-03 17:47:35.222 29315 29318 D dalvikvm: GC_CONCURRENT freed 265K, 8% free 10921K/11783K, paused 1ms+2ms
07-03 17:47:35.277 25174 25174 D wpa_supplicant: Ongoing scan action - reject new request
07-03 17:47:35.281 29315 29662 D dalvikvm: GC_FOR_ALLOC freed 230K, 8% free 10865K/11783K, paused 27ms
07-03 17:47:35.320 25174 25174 D wpa_supplicant: RTM_NEWLINK: operstate=0 ifi_flags=0x11003 ([UP][LOWER_UP])
07-03 17:47:35.320 25174 25174 D wpa_supplicant: RTM_NEWLINK, IFLA_IFNAME: Interface 'wlan0' added
07-03 17:47:35.320 25174 25174 D wpa_supplicant: Wireless event: cmd=0x8c00 len=20
07-03 17:47:35.675 25174 25174 D wpa_supplicant: RTM_NEWLINK: operstate=0 ifi_flags=0x11003 ([UP][LOWER_UP])
07-03 17:47:35.675 25174 25174 D wpa_supplicant: RTM_NEWLINK, IFLA_IFNAME: Interface 'wlan0' added
07-03 17:47:35.675 25174 25174 D wpa_supplicant: Wireless event: cmd=0x8c00 len=20
07-03 17:47:35.921 25174 25174 D wpa_supplicant: RTM_NEWLINK: operstate=0 ifi_flags=0x11003 ([UP][LOWER_UP])
07-03 17:47:35.921 25174 25174 D wpa_supplicant: RTM_NEWLINK, IFLA_IFNAME: Interface 'wlan0' added
07-03 17:47:35.925 25174 25174 D wpa_supplicant: Wireless event: cmd=0x8c00 len=20
07-03 17:47:36.105 25174 25174 D wpa_supplicant: RTM_NEWLINK: operstate=0 ifi_flags=0x11003 ([UP][LOWER_UP])
07-03 17:47:36.105 25174 25174 D wpa_supplicant: RTM_NEWLINK, IFLA_IFNAME: Interface 'wlan0' added
07-03 17:47:36.105 25174 25174 D wpa_supplicant: Wireless event: cmd=0x8c00 len=20
07-03 17:47:36.308 25174 25174 D wpa_supplicant: RTM_NEWLINK: operstate=0 ifi_flags=0x11003 ([UP][LOWER_UP])
07-03 17:47:36.308 25174 25174 D wpa_supplicant: RTM_NEWLINK, IFLA_IFNAME: Interface 'wlan0' added
07-03 17:47:36.308 25174 25174 D wpa_supplicant: Wireless event: cmd=0x8c00 len=20
07-03 17:47:36.535 25174 25174 D wpa_supplicant: RTM_NEWLINK: operstate=0 ifi_flags=0x11003 ([UP][LOWER_UP])
07-03 17:47:36.535 25174 25174 D wpa_supplicant: RTM_NEWLINK, IFLA_IFNAME: Interface 'wlan0' added
