07-03 17:45:21.539 25174 25174 D wpa_supplicant: SSL: (where=0x1001 ret=0x1)
07-03 17:45:21.539 25174 25174 D wpa_supplicant: SSL: SSL_connect:SSLv3 read server key exchange A
07-03 17:45:21.539 25174 25174 D wpa_supplicant: SSL: (where=0x1001 ret=0x1)
07-03 17:45:21.539 25174 25174 D wpa_supplicant: SSL: SSL_connect:SSLv3 read server done A
07-03 17:45:21.546 25174 25174 D wpa_supplicant: SSL: (where=0x1001 ret=0x1)
07-03 17:45:21.546 25174 25174 D wpa_supplicant: SSL: SSL_connect:SSLv3 write client key exchange A
07-03 17:45:21.550 25174 25174 D wpa_supplicant: SSL: (where=0x1001 ret=0x1)
07-03 17:45:21.550 25174 25174 D wpa_supplicant: SSL: SSL_connect:SSLv3 write change cipher spec A
07-03 17:45:21.550 25174 25174 D wpa_supplicant: SSL: (where=0x1001 ret=0x1)
07-03 17:45:21.550 25174 25174 D wpa_supplicant: SSL: SSL_connect:SSLv3 write finished A
07-03 17:45:21.550 25174 25174 D wpa_supplicant: SSL: (where=0x1001 ret=0x1)
07-03 17:45:21.550 25174 25174 D wpa_supplicant: SSL: SSL_connect:SSLv3 flush data
07-03 17:45:21.550 25174 25174 D wpa_supplicant: SSL: (where=0x1002 ret=0xffffffff)
07-03 17:45:21.550 25174 25174 D wpa_supplicant: SSL: SSL_connect:error in SSLv3 read server session ticket A
07-03 17:45:21.554 25174 25174 D wpa_supplicant: SSL: SSL_connect - want more data
07-03 17:45:21.554 25174 25174 D wpa_supplicant: SSL: 134 bytes pending from ssl_out
07-03 17:45:21.554 25174 25174 D wpa_supplicant: SSL: 134 bytes left to be sent out (of total 134 bytes)
07-03 17:45:21.554 25174 25174 D wpa_supplicant: EAP: method process -> ignore=FALSE methodState=MAY_CONT decision=FAIL
07-03 17:45:21.554 25174 25174 D wpa_supplicant: EAP: EAP entering state SEND_RESPONSE
07-03 17:45:21.554 25174 25174 D wpa_supplicant: EAP: EAP entering state IDLE
07-03 17:45:21.554 25174 25174 D wpa_supplicant: EAPOL: SUPP_BE entering state RESPONSE
07-03 17:45:21.554 25174 25174 D wpa_supplicant: EAPOL: txSuppRsp
07-03 17:45:21.554 25174 25174 D wpa_supplicant: TX EAPOL: dst=d0:c2:82:66:69:d1
07-03 17:45:21.554 25174 25174 D wpa_supplicant: EAPOL: SUPP_BE entering state RECEIVE
07-03 17:45:21.554 25174 25174 D wpa_supplicant: RTM_NEWLINK: operstate=0 ifi_flags=0x11003 ([UP][LOWER_UP])
07-03 17:45:21.554 25174 25174 D wpa_supplicant: RTM_NEWLINK, IFLA_IFNAME: Interface 'wlan0' added
07-03 17:45:21.554 25174 25174 D wpa_supplicant: Wireless event: cmd=0x8c03 len=20
07-03 17:45:21.554 25174 25174 D wpa_supplicant: RTM_NEWLINK: operstate=0 ifi_flags=0x11003 ([UP][LOWER_UP])
07-03 17:45:21.554 25174 25174 D wpa_supplicant: RTM_NEWLINK, IFLA_IFNAME: Interface 'wlan0' added
07-03 17:45:21.554 25174 25174 D wpa_supplicant: Wireless event: cmd=0x8c02 len=26
07-03 17:45:21.558 25174 25174 D wpa_supplicant: EAPOL: Received EAP-Packet frame
07-03 17:45:21.558 25174 25174 D wpa_supplicant: EAPOL: SUPP_BE entering state REQUEST
07-03 17:45:21.558 25174 25174 D wpa_supplicant: EAPOL: getSuppRsp
07-03 17:45:21.558 25174 25174 D wpa_supplicant: EAP: EAP entering state RECEIVED
07-03 17:45:21.558 25174 25174 D wpa_supplicant: EAP: Received EAP-Request id=9 method=25 vendor=0 vendorMethod=0
07-03 17:45:21.558 25174 25174 D wpa_supplicant: EAP: EAP entering state METHOD
07-03 17:45:21.558 25174 25174 D wpa_supplicant: SSL: Received packet(len=240) - Flags 0x00
07-03 17:45:21.558 25174 25174 D wpa_supplicant: SSL: (where=0x1001 ret=0x1)
07-03 17:45:21.558 25174 25174 D wpa_supplicant: SSL: SSL_connect:SSLv3 read server session ticket A
07-03 17:45:21.562 25174 25174 D wpa_supplicant: SSL: (where=0x1001 ret=0x1)
07-03 17:45:21.562 25174 25174 D wpa_supplicant: SSL: SSL_connect:SSLv3 read finished A
07-03 17:45:21.562 25174 25174 D wpa_supplicant: SSL: (where=0x20 ret=0x1)
07-03 17:45:21.562 25174 25174 D wpa_supplicant: SSL: (where=0x1002 ret=0x1)
07-03 17:45:21.562 25174 25174 D wpa_supplicant: SSL: 0 bytes pending from ssl_out
07-03 17:45:21.562 25174 25174 D wpa_supplicant: SSL: No Application Data included
07-03 17:45:21.562 25174 25174 D wpa_supplicant: SSL: No data to be sent out
07-03 17:45:21.562 25174 25174 D wpa_supplicant: EAP-PEAP: TLS done, proceed to Phase 2
07-03 17:45:21.562 25174 25174 D wpa_supplicant: EAP-PEAP: using label 'client EAP encryption' in key derivation
07-03 17:45:21.562 25174 25174 D wpa_supplicant: SSL: Building ACK (type=25 id=9 ver=0)
07-03 17:45:21.562 25174 25174 D wpa_supplicant: EAP: method process -> ignore=FALSE methodState=MAY_CONT decision=FAIL
07-03 17:45:21.562 25174 25174 D wpa_supplicant: EAP: EAP entering state SEND_RESPONSE
07-03 17:45:21.562 25174 25174 D wpa_supplicant: EAP: EAP entering state IDLE
07-03 17:45:21.562 25174 25174 D wpa_supplicant: EAPOL: SUPP_BE entering state RESPONSE
07-03 17:45:21.562 25174 25174 D wpa_supplicant: EAPOL: txSuppRsp
07-03 17:45:21.562 25174 25174 D wpa_supplicant: TX EAPOL: dst=d0:c2:82:66:69:d1
07-03 17:45:21.562 25174 25174 D wpa_supplicant: EAPOL: SUPP_BE entering state RECEIVE
07-03 17:45:21.566 25174 25174 D wpa_supplicant: EAPOL: Received EAP-Packet frame
07-03 17:45:21.566 25174 25174 D wpa_supplicant: EAPOL: SUPP_BE entering state REQUEST
07-03 17:45:21.566 25174 25174 D wpa_supplicant: EAPOL: getSuppRsp
07-03 17:45:21.566 25174 25174 D wpa_supplicant: EAP: EAP entering state RECEIVED
07-03 17:45:21.566 25174 25174 D wpa_supplicant: EAP: Received EAP-Request id=10 method=25 vendor=0 vendorMethod=0
07-03 17:45:21.566 25174 25174 D wpa_supplicant: EAP: EAP entering state METHOD
07-03 17:45:21.566 25174 25174 D wpa_supplicant: SSL: Received packet(len=43) - Flags 0x00
07-03 17:45:21.566 25174 25174 D wpa_supplicant: EAP-PEAP: received 37 bytes encrypted data for Phase 2
07-03 17:45:21.566 25174 25174 D wpa_supplicant: EAP-PEAP: received Phase 2: code=1 identifier=10 length=5
07-03 17:45:21.566 25174 25174 D wpa_supplicant: EAP-PEAP: Phase 2 Request: type=1
07-03 17:45:21.566 25174 25174 D wpa_supplicant: SSL: 74 bytes left to be sent out (of total 74 bytes)
07-03 17:45:21.566 25174 25174 D wpa_supplicant: EAP: method process -> ignore=FALSE methodState=MAY_CONT decision=FAIL
07-03 17:45:21.566 25174 25174 D wpa_supplicant: EAP: EAP entering state SEND_RESPONSE
07-03 17:45:21.566 25174 25174 D wpa_supplicant: EAP: EAP entering state IDLE
07-03 17:45:21.566 25174 25174 D wpa_supplicant: EAPOL: SUPP_BE entering state RESPONSE
07-03 17:45:21.566 25174 25174 D wpa_supplicant: EAPOL: txSuppRsp
07-03 17:45:21.566 25174 25174 D wpa_supplicant: TX EAPOL: dst=d0:c2:82:66:69:d1
07-03 17:45:21.566 25174 25174 D wpa_supplicant: EAPOL: SUPP_BE entering state RECEIVE
07-03 17:45:21.570 25174 25174 D wpa_supplicant: EAPOL: Received EAP-Packet frame
07-03 17:45:21.570 25174 25174 D wpa_supplicant: EAPOL: SUPP_BE entering state REQUEST
07-03 17:45:21.570 25174 25174 D wpa_supplicant: EAPOL: getSuppRsp
07-03 17:45:21.570 25174 25174 D wpa_supplicant: EAP: EAP entering state RECEIVED
07-03 17:45:21.570 25174 25174 D wpa_supplicant: EAP: Received EAP-Request id=11 method=25 vendor=0 vendorMethod=0
07-03 17:45:21.570 25174 25174 D wpa_supplicant: EAP: EAP entering state METHOD
07-03 17:45:21.570 25174 25174 D wpa_supplicant: SSL: Received packet(len=75) - Flags 0x00
07-03 17:45:21.570 25174 25174 D wpa_supplicant: EAP-PEAP: received 69 bytes encrypted data for Phase 2
07-03 17:45:21.570 25174 25174 D wpa_supplicant: EAP-PEAP: received Phase 2: code=1 identifier=11 length=34
07-03 17:45:21.570 25174 25174 D wpa_supplicant: EAP-PEAP: Phase 2 Request: type=26
07-03 17:45:21.570 25174 25174 D wpa_supplicant: EAP-PEAP: Selected Phase 2 EAP vendor 0 method 26
07-03 17:45:21.570 25174 25174 D wpa_supplicant: EAP-MSCHAPV2: RX identifier 11 mschapv2_id 11
07-03 17:45:21.570 25174 25174 D wpa_supplicant: EAP-MSCHAPV2: Received challenge
07-03 17:45:21.570 25174 25174 D wpa_supplicant: EAP-MSCHAPV2: Generating Challenge Response
07-03 17:45:21.574 25174 25174 D wpa_supplicant: EAP-MSCHAPV2: TX identifier 11 mschapv2_id 11 (response)
07-03 17:45:21.574 25174 25174 D wpa_supplicant: SSL: 138 bytes left to be sent out (of total 138 bytes)
07-03 17:45:21.574 25174 25174 D wpa_supplicant: EAP: method process -> ignore=FALSE methodState=MAY_CONT decision=FAIL
07-03 17:45:21.574 25174 25174 D wpa_supplicant: EAP: EAP entering state SEND_RESPONSE
07-03 17:45:21.574 25174 25174 D wpa_supplicant: EAP: EAP entering state IDLE
07-03 17:45:21.574 25174 25174 D wpa_supplicant: EAPOL: SUPP_BE entering state RESPONSE
07-03 17:45:21.574 25174 25174 D wpa_supplicant: EAPOL: txSuppRsp
07-03 17:45:21.574 25174 25174 D wpa_supplicant: TX EAPOL: dst=d0:c2:82:66:69:d1
07-03 17:45:21.578 25174 25174 D wpa_supplicant: EAPOL: SUPP_BE entering state RECEIVE
07-03 17:45:21.597   151   700 I ActivityManager: Process com.google.android.talk (pid 29371) has died.
07-03 17:45:21.699 25174 25174 D wpa_supplicant: EAPOL: Received EAP-Packet frame
07-03 17:45:21.699 25174 25174 D wpa_supplicant: EAPOL: SUPP_BE entering state REQUEST
07-03 17:45:21.699 25174 25174 D wpa_supplicant: EAPOL: getSuppRsp
07-03 17:45:21.699 25174 25174 D wpa_supplicant: EAP: EAP entering state RECEIVED
07-03 17:45:21.699 25174 25174 D wpa_supplicant: EAP: Received EAP-Request id=12 method=25 vendor=0 vendorMethod=0
07-03 17:45:21.699 25174 25174 D wpa_supplicant: EAP: EAP entering state METHOD
07-03 17:45:21.699 25174 25174 D wpa_supplicant: SSL: Received packet(len=91) - Flags 0x00
07-03 17:45:21.699 25174 25174 D wpa_supplicant: EAP-PEAP: received 85 bytes encrypted data for Phase 2
07-03 17:45:21.699 25174 25174 D wpa_supplicant: EAP-PEAP: received Phase 2: code=1 identifier=12 length=51
07-03 17:45:21.699 25174 25174 D wpa_supplicant: EAP-PEAP: Phase 2 Request: type=26
07-03 17:45:21.699 25174 25174 D wpa_supplicant: EAP-MSCHAPV2: RX identifier 12 mschapv2_id 11
07-03 17:45:21.699 25174 25174 D wpa_supplicant: EAP-MSCHAPV2: Received success
07-03 17:45:21.699 25174 25174 I wpa_supplicant: EAP-MSCHAPV2: Authentication succeeded
07-03 17:45:21.699 25174 25174 D wpa_supplicant: SSL: 74 bytes left to be sent out (of total 74 bytes)
07-03 17:45:21.699 25174 25174 D wpa_supplicant: EAP: method process -> ignore=FALSE methodState=MAY_CONT decision=FAIL
07-03 17:45:21.699 25174 25174 D wpa_supplicant: EAP: EAP entering state SEND_RESPONSE
07-03 17:45:21.699 25174 25174 D wpa_supplicant: EAP: EAP entering state IDLE
07-03 17:45:21.699 25174 25174 D wpa_supplicant: EAPOL: SUPP_BE entering state RESPONSE
07-03 17:45:21.699 25174 25174 D wpa_supplicant: EAPOL: txSuppRsp
07-03 17:45:21.699 25174 25174 D wpa_supplicant: TX EAPOL: dst=d0:c2:82:66:69:d1
07-03 17:45:21.703 25174 25174 D wpa_supplicant: EAPOL: SUPP_BE entering state RECEIVE
07-03 17:45:21.703 25174 25174 D wpa_supplicant: EAPOL: Received EAP-Packet frame
07-03 17:45:21.703 25174 25174 D wpa_supplicant: EAPOL: SUPP_BE entering state REQUEST
07-03 17:45:21.703 25174 25174 D wpa_supplicant: EAPOL: getSuppRsp
07-03 17:45:21.703 25174 25174 D wpa_supplicant: EAP: EAP entering state RECEIVED
07-03 17:45:21.703 25174 25174 D wpa_supplicant: EAP: Received EAP-Request id=13 method=25 vendor=0 vendorMethod=0
07-03 17:45:21.703 25174 25174 D wpa_supplicant: EAP: EAP entering state METHOD
07-03 17:45:21.703 25174 25174 D wpa_supplicant: SSL: Received packet(len=43) - Flags 0x00
07-03 17:45:21.703 25174 25174 D wpa_supplicant: EAP-PEAP: received 37 bytes encrypted data for Phase 2
07-03 17:45:21.703 25174 25174 D wpa_supplicant: EAP-PEAP: received Phase 2: code=1 identifier=13 length=11
07-03 17:45:21.703 25174 25174 D wpa_supplicant: EAP-PEAP: Phase 2 Request: type=33
07-03 17:45:21.703 25174 25174 I wpa_supplicant: EAP-TLV: TLV Result - Success - EAP-TLV/Phase2 Completed
07-03 17:45:21.703 25174 25174 D wpa_supplicant: SSL: 74 bytes left to be sent out (of total 74 bytes)
07-03 17:45:21.703 25174 25174 D wpa_supplicant: EAP: method process -> ignore=FALSE methodState=DONE decision=UNCOND_SUCC
07-03 17:45:21.703 25174 25174 D wpa_supplicant: EAP: EAP entering state SEND_RESPONSE
07-03 17:45:21.703 25174 25174 D wpa_supplicant: EAP: EAP entering state IDLE
07-03 17:45:21.703 25174 25174 D wpa_supplicant: EAPOL: SUPP_BE entering state RESPONSE
07-03 17:45:21.703 25174 25174 D wpa_supplicant: EAPOL: txSuppRsp
07-03 17:45:21.703 25174 25174 D wpa_supplicant: TX EAPOL: dst=d0:c2:82:66:69:d1
07-03 17:45:21.703 25174 25174 D wpa_supplicant: EAPOL: SUPP_BE entering state RECEIVE
07-03 17:45:21.707 25174 25174 D wpa_supplicant: EAPOL: Received EAP-Packet frame
07-03 17:45:21.707 25174 25174 D wpa_supplicant: EAPOL: SUPP_BE entering state REQUEST
07-03 17:45:21.707 25174 25174 D wpa_supplicant: EAPOL: getSuppRsp
07-03 17:45:21.707 25174 25174 D wpa_supplicant: EAP: EAP entering state RECEIVED
07-03 17:45:21.707 25174 25174 D wpa_supplicant: EAP: Received EAP-Success
07-03 17:45:21.707 25174 25174 D wpa_supplicant: EAP: EAP entering state SUCCESS
07-03 17:45:21.707 25174 25174 I wpa_supplicant: wlan0: CTRL-EVENT-EAP-SUCCESS EAP authentication completed successfully
07-03 17:45:21.707 25174 25174 D wpa_supplicant: EAPOL: SUPP_BE entering state RECEIVE
07-03 17:45:21.707 25174 25174 D wpa_supplicant: EAPOL: SUPP_BE entering state SUCCESS
07-03 17:45:21.707 25174 25174 D wpa_supplicant: EAPOL: SUPP_BE entering state IDLE
07-03 17:45:21.707 25174 25174 D wpa_supplicant: EAPOL: Ignoring WPA EAPOL-Key frame in EAPOL state machines
07-03 17:45:21.707 25174 25174 D wpa_supplicant: EAPOL: Successfully fetched key (len=32)
07-03 17:45:21.707 25174 25174 D wpa_supplicant: RSN: added PMKSA cache entry for d0:c2:82:66:69:d1
07-03 17:45:21.714 25174 25174 D wpa_supplicant: WPA: PTK derivation - A1=78:d6:f0:71:1f:82 A2=d0:c2:82:66:69:d1
07-03 17:45:21.718 25174 25174 D wpa_supplicant: EAPOL: Ignoring WPA EAPOL-Key frame in EAPOL state machines
07-03 17:45:21.718 25174 25174 D wpa_supplicant: wpa_driver_wext_set_key: alg=3 key_idx=0 set_tx=1 seq_len=6 key_len=16
07-03 17:45:21.718 25174 25174 D wpa_supplicant: EAPOL: External notification - portValid=1
07-03 17:45:21.718 25174 25174 D wpa_supplicant: EAPOL: SUPP_PAE entering state AUTHENTICATED
07-03 17:45:21.718 25174 25174 D wpa_supplicant: EAPOL: Supplicant port status: Authorized
07-03 17:45:21.718 25174 25174 D wpa_supplicant: EAPOL authentication completed successfully
07-03 17:45:21.742 25174 25174 D wpa_supplicant: wpa_driver_wext_set_key: alg=2 key_idx=1 set_tx=0 seq_len=6 key_len=32
07-03 17:45:21.746 25174 25174 I wpa_supplicant: wlan0: WPA: Key negotiation completed with d0:c2:82:66:69:d1 [PTK=CCMP GTK=TKIP]
07-03 17:45:21.746 25174 25174 I wpa_supplicant: wlan0: CTRL-EVENT-CONNECTED - Connection to d0:c2:82:66:69:d1 completed (reauth) [id=3 id_str=]
07-03 17:45:21.746 25174 25174 D wpa_supplicant: wpa_driver_wext_set_operstate: operstate 0->1 (UP)
07-03 17:45:21.746 25174 25174 D wpa_supplicant: netlink: Operstate: linkmode=-1, operstate=6
07-03 17:45:21.746 25174 25174 D wpa_supplicant: EAPOL: External notification - portValid=1
07-03 17:45:21.750 25174 25174 D wpa_supplicant: RTM_NEWLINK: operstate=1 ifi_flags=0x11043 ([UP][RUNNING][LOWER_UP])
07-03 17:45:21.750 25174 25174 D wpa_supplicant: RTM_NEWLINK, IFLA_IFNAME: Interface 'wlan0' added
07-03 17:45:21.750 25174 25174 D wpa_supplicant: RTM_NEWLINK: operstate=1 ifi_flags=0x11003 ([UP][LOWER_UP])
07-03 17:45:21.750 25174 25174 D wpa_supplicant: netlink: Operstate: linkmode=-1, operstate=6
07-03 17:45:21.750 25174 25174 D wpa_supplicant: RTM_NEWLINK, IFLA_IFNAME: Interface 'wlan0' added
07-03 17:45:21.750 25174 25174 D wpa_supplicant: Wireless event: cmd=0x8c09 len=32
07-03 17:45:21.750 25174 25174 D wpa_supplicant: PMKID candidate wireless event: flags=0x0 index=0 bssid=d0:c2:82:66:69:d1
07-03 17:45:21.750 25174 25174 D wpa_supplicant: RSN: Ignored PMKID candidate without preauth flag
07-03 17:45:21.769 25174 25174 D wpa_supplicant: wpa_driver_wext_driver_cmd BTCOEXMODE 1 len = 4096
07-03 17:45:21.914 25174 25174 D wpa_supplicant: wpa_driver_wext_driver_cmd OK len = 0, 2
07-03 17:45:21.914 25174 25174 D wpa_supplicant: wpa_driver_wext_driver_cmd GETPOWER len = 4096
07-03 17:45:21.914 25174 25174 D wpa_supplicant: wpa_driver_wext_driver_cmd powermode = 0 len = 13, 13
07-03 17:45:21.914 25174 25174 D wpa_supplicant: wpa_driver_wext_driver_cmd POWERMODE 1 len = 4096
07-03 17:45:21.918 25174 25174 D wpa_supplicant: wpa_driver_wext_driver_cmd OK len = 0, 2
07-03 17:45:22.004 25174 25174 D wpa_supplicant: EAPOL: startWhen --> 0
07-03 17:45:22.285 25174 25174 D wpa_supplicant: RTM_NEWLINK: operstate=1 ifi_flags=0x11043 ([UP][RUNNING][LOWER_UP])
07-03 17:45:22.285 25174 25174 D wpa_supplicant: RTM_NEWLINK, IFLA_IFNAME: Interface 'wlan0' added
07-03 17:45:22.285 25174 25174 D wpa_supplicant: Wireless event: cmd=0x8c00 len=20
07-03 17:45:22.363 29478 29480 D dalvikvm: GC_CONCURRENT freed 230K, 4% free 9274K/9607K, paused 24ms+2ms
07-03 17:45:22.449   151   295 W ActivityManager: finishReceiver called but no pending broadcasts
07-03 17:45:22.523 25174 25174 D wpa_supplicant: wpa_driver_wext_driver_cmd POWERMODE 0 len = 4096
07-03 17:45:22.531 25174 25174 D wpa_supplicant: wpa_driver_wext_driver_cmd OK len = 0, 2
07-03 17:45:22.531 25174 25174 D wpa_supplicant: wpa_driver_wext_driver_cmd BTCOEXMODE 2 len = 4096
07-03 17:45:22.531 25174 25174 D wpa_supplicant: wpa_driver_wext_driver_cmd OK len = 0, 2
07-03 17:45:22.535   151   256 D ConnectivityService: ConnectivityChange for WIFI: CONNECTED/CONNECTED
07-03 17:45:22.589 29465 29465 I PhoneLab-WiFiReceiver: Wi-Fi is connected!
07-03 17:45:22.593 29465 29465 I PhoneLab-WiFiReceiver: SSID: UB_Secure BSSID: d0:c2:82:66:69:d1 RSSI: -200 LinkSpeed: -1
07-03 17:45:22.609   151   251 W NetworkStats: dropping UID delta from unknown iface: iface=wlan0 uid=0 set=DEFAULT tag=0x0 rxBytes=0 rxPackets=0 txBytes=136 txPackets=2 operations=0
07-03 17:45:22.648 29465 29465 I PhoneLab-Locks: wake lock acquired
07-03 17:45:22.695 29465 29465 I PhoneLab-UploadLogs: Transfering log files now
07-03 17:45:22.699 29465 29465 I PhoneLab-UploadLogs: No log files to transfer
07-03 17:45:22.699 29465 29465 I PhoneLab-Locks: wake lock released
07-03 17:45:22.711 29465 29465 I PhoneLab-UploadLogs: OnStartCommand
07-03 17:45:22.894 29315 29318 D dalvikvm: GC_CONCURRENT freed 497K, 6% free 10449K/11079K, paused 10ms+33ms
07-03 17:45:23.269 29534 29537 D dalvikvm: GC_CONCURRENT freed 206K, 4% free 9428K/9735K, paused 2ms+2ms
07-03 17:45:23.535   151   256 D ConnectivityService: NetTransition Wakelock for WifiStateMachine released by timeout
07-03 17:45:23.671   151   580 I ActivityManager: Process com.google.android.apps.maps:FriendService (pid 29400) has died.
07-03 17:45:23.714 25174 25174 D wpa_supplicant: RTM_NEWLINK: operstate=1 ifi_flags=0x11043 ([UP][RUNNING][LOWER_UP])
07-03 17:45:23.714 25174 25174 D wpa_supplicant: RTM_NEWLINK, IFLA_IFNAME: Interface 'wlan0' added
07-03 17:45:23.714 25174 25174 D wpa_supplicant: Wireless event: cmd=0x8c00 len=20
07-03 17:45:23.796 28234 28234 D DAL     : lrb android.net.conn.CONNECTIVITY_CHANGE
07-03 17:45:23.816   151   259 D Tethering: MasterInitialState.processMessage what=3
07-03 17:45:23.828 28234 28234 D DAL     : lrb Starting displayBannerIfNotConnectedTask
07-03 17:45:23.839 28234 28234 D DAL     : lrb updateCurrentView
07-03 17:45:23.843 28234 28234 I DAL     : lrb updateHeader
07-03 17:45:23.843 28234 28234 D DAL     : lrb abortRequests
07-03 17:45:23.851 29450 29463 D PicasaSyncManager: active network: NetworkInfo: type: WIFI[], state: CONNECTED/CONNECTED, reason: (unspecified), extra: (none), roaming: false, failover: false, isAvailable: true
07-03 17:45:23.855 29450 29463 D PicasaSyncManager: background data: true
07-03 17:45:24.043   151   153 D dalvikvm: GC_CONCURRENT freed 2039K, 36% free 17908K/27847K, paused 8ms+101ms
07-03 17:45:24.070 28351 28351 I GTalkService/c: [AndroidEndpoint@1094250968] connect: acct=1000000, state=CONNECTING
07-03 17:45:24.082 28351 28351 I GTalkService/c: [GTalkConnection@1094145896] connect: acct=1, state=CONNECTING
07-03 17:45:24.144 29285 29285 I MediaUploader: No need to wake up
07-03 17:45:24.148 29465 29465 I PhoneLab-WiFiReceiver: Wi-Fi is disconnected!
07-03 17:45:24.671 28351 28354 D dalvikvm: GC_CONCURRENT freed 456K, 6% free 10149K/10695K, paused 11ms+6ms
07-03 17:45:25.086 25174 25174 D wpa_supplicant: RTM_NEWLINK: operstate=1 ifi_flags=0x11043 ([UP][RUNNING][LOWER_UP])
07-03 17:45:25.086 25174 25174 D wpa_supplicant: RTM_NEWLINK, IFLA_IFNAME: Interface 'wlan0' added
07-03 17:45:25.086 25174 25174 D wpa_supplicant: Wireless event: cmd=0x8c00 len=20
07-03 17:45:25.168 25174 25174 D wpa_supplicant: RTM_NEWLINK: operstate=1 ifi_flags=0x11043 ([UP][RUNNING][LOWER_UP])
07-03 17:45:25.168 25174 25174 D wpa_supplicant: RTM_NEWLINK, IFLA_IFNAME: Interface 'wlan0' added
07-03 17:45:25.168 25174 25174 D wpa_supplicant: Wireless event: cmd=0x8c00 len=20
07-03 17:45:25.593   151   259 D Tethering: MasterInitialState.processMessage what=3
07-03 17:45:25.601   151   256 D ConnectivityService: handleInetConditionHoldEnd: net=1, condition=100, published condition=0
07-03 17:45:25.652 28234 28234 D DAL     : lrb android.net.conn.CONNECTIVITY_CHANGE
07-03 17:45:25.656 28234 28234 D DAL     : lrb Starting displayBannerIfNotConnectedTask
07-03 17:45:25.671 29450 29463 D PicasaSyncManager: active network: NetworkInfo: type: WIFI[], state: CONNECTED/CONNECTED, reason: (unspecified), extra: (none), roaming: false, failover: false, isAvailable: true
07-03 17:45:25.671 29450 29463 D PicasaSyncManager: background data: true
07-03 17:45:25.679 29285 29285 I MediaUploader: No need to wake up
07-03 17:45:25.734 28234 28234 D DAL     : lrb updateCurrentView
07-03 17:45:25.757 28234 28234 I DAL     : lrb updateHeader
07-03 17:45:25.761 28234 28234 D DAL     : lrb abortRequests
07-03 17:45:26.125   151   256 D ConnectivityService: handleInetConditionHoldEnd: net=1, condition=100, published condition=100
07-03 17:45:26.132   151   168 I ActivityManager: Start proc com.google.android.talk for broadcast com.google.android.talk/.ConnectionStateOnlineReceiver: pid=29585 uid=10047 gids={3003, 1015, 1006, 3002}
07-03 17:45:26.300   151   580 I ActivityManager: Process com.google.android.apps.maps:LocationFriendService (pid 29413) has died.
07-03 17:45:26.347 29585 29585 I ActivityThread: Pub com.google.android.talk.SuggestionProvider: com.google.android.talk.SuggestionsProvider
07-03 17:45:26.589   151   580 I ActivityManager: Process android.process.media (pid 29245) has died.
07-03 17:45:26.668 29585 29585 D vclib:CallStateClient: startListening
07-03 17:45:26.757 29585 29587 D dalvikvm: GC_CONCURRENT freed 165K, 3% free 9369K/9607K, paused 37ms+3ms
07-03 17:45:26.847   151  1216 I ActivityManager: Start proc android.process.media for content provider com.android.providers.media/.MediaProvider: pid=29606 uid=10012 gids={1015, 1023, 1024, 2001, 3003, 3007}
07-03 17:45:26.910 29606 29606 I ActivityThread: Pub downloads: com.android.providers.downloads.DownloadProvider
07-03 17:45:27.058 29606 29606 I ActivityThread: Pub drm: com.android.providers.drm.DrmProvider
07-03 17:45:27.062 29606 29619 I DownloadManager: in removeSpuriousFiles
07-03 17:45:27.195 29606 29606 I ActivityThread: Pub media: com.android.providers.media.MediaProvider
07-03 17:45:27.195 29606 29619 I DownloadManager: in removeSpuriousFiles, preserving file /data/data/com.android.providers.downloads/cache/metadata-1.htm
07-03 17:45:27.207 29606 29619 I DownloadManager: in removeSpuriousFiles, preserving file /data/data/com.android.providers.downloads/cache/metadata.htm
07-03 17:45:27.207 29606 29619 I DownloadManager: in removeSpuriousFiles, preserving file /data/data/com.android.providers.downloads/cache/metadata.json
07-03 17:45:27.207 29606 29619 I DownloadManager: in removeSpuriousFiles, preserving file /data/data/com.android.providers.downloads/cache/en_general.htm
07-03 17:45:27.207 29606 29619 I DownloadManager: in removeSpuriousFiles, preserving file /data/data/com.android.providers.downloads/cache/metadata-1.json
07-03 17:45:27.207 29606 29619 I DownloadManager: in removeSpuriousFiles, preserving file /data/data/com.android.providers.downloads/cache/metadata-2.json
07-03 17:45:27.207 29606 29619 I DownloadManager: in removeSpuriousFiles, preserving file /data/data/com.android.providers.downloads/cache/metadata-3.json
07-03 17:45:27.207 29606 29619 I DownloadManager: deleting spurious file /cache/backup
07-03 17:45:27.679 29606 29608 D dalvikvm: GC_CONCURRENT freed 314K, 5% free 9163K/9607K, paused 2ms+1ms
07-03 17:45:27.793 25174 25174 D wpa_supplicant: Ignore event for foreign ifindex 2
07-03 17:45:27.863   151   256 D ConnectivityService: ConnectivityChange for mobile: CONNECTED/CONNECTED
07-03 17:45:27.894   151   256 D NetUtils: android_net_utils_resetConnections in env=0x12a0a28 clazz=0x7ac00001 iface=rmnet0 mask=0x3
07-03 17:45:27.894   151   256 D ConnectivityService: ConnectivityChange for mobile: DISCONNECTED/DISCONNECTED
07-03 17:45:27.894   151   256 D ConnectivityService: Attempting to switch to WIFI
07-03 17:45:27.894   151   256 D ConnectivityService: Attempting to switch to WIMAX
07-03 17:45:27.894   151   256 D ConnectivityService: Attempting to switch to BLUETOOTH_TETHER
07-03 17:45:27.894   151   256 D ConnectivityService: resetConnections(rmnet0, 3)
07-03 17:45:28.211 25174 25174 D wpa_supplicant: RTM_NEWLINK: operstate=1 ifi_flags=0x11043 ([UP][RUNNING][LOWER_UP])
07-03 17:45:28.211 25174 25174 D wpa_supplicant: RTM_NEWLINK, IFLA_IFNAME: Interface 'wlan0' added
07-03 17:45:28.211 25174 25174 D wpa_supplicant: Wireless event: cmd=0x8c00 len=20
07-03 17:45:28.214 25174 25174 D wpa_supplicant: Ignore event for foreign ifindex 2
07-03 17:45:28.332 25174 25174 D wpa_supplicant: RTM_NEWLINK: operstate=1 ifi_flags=0x11043 ([UP][RUNNING][LOWER_UP])
07-03 17:45:28.332 25174 25174 D wpa_supplicant: RTM_NEWLINK, IFLA_IFNAME: Interface 'wlan0' added
07-03 17:45:28.332 25174 25174 D wpa_supplicant: Wireless event: cmd=0x8c00 len=20
07-03 17:45:28.578   151   418 D dalvikvm: GC_EXPLICIT freed 1546K, 36% free 17901K/27847K, paused 13ms+10ms
07-03 17:45:30.992   151   259 D Tethering: MasterInitialState.processMessage what=3
07-03 17:45:31.035   151   259 D Tethering: MasterInitialState.processMessage what=3
07-03 17:45:31.070 28234 28234 D DAL     : lrb android.net.conn.CONNECTIVITY_CHANGE
07-03 17:45:31.074 28234 28234 D DAL     : lrb Starting displayBannerIfNotConnectedTask
07-03 17:45:31.086 29450 29463 D PicasaSyncManager: active network: NetworkInfo: type: WIFI[], state: CONNECTED/CONNECTED, reason: (unspecified), extra: (none), roaming: false, failover: false, isAvailable: true
07-03 17:45:31.089 29450 29463 D PicasaSyncManager: background data: true
07-03 17:45:31.105 28234 28234 D DAL     : lrb updateCurrentView
07-03 17:45:31.105 28234 28234 I DAL     : lrb updateHeader
07-03 17:45:31.105 28234 28234 D DAL     : lrb abortRequests
07-03 17:45:31.109 28234 28234 D DAL     : lrb android.net.conn.CONNECTIVITY_CHANGE
07-03 17:45:31.109 28234 28234 D DAL     : lrb Starting displayBannerIfNotConnectedTask
07-03 17:45:31.117 29285 29285 I MediaUploader: No need to wake up
07-03 17:45:31.125 28234 28234 D DAL     : lrb updateCurrentView
07-03 17:45:31.125 28234 28234 I DAL     : lrb updateHeader
07-03 17:45:31.125 28234 28234 D DAL     : lrb abortRequests
07-03 17:45:31.328 28351 29167 D dalvikvm: GC_EXPLICIT freed 421K, 6% free 10117K/10695K, paused 9ms+3ms
07-03 17:45:31.359 29285 29285 I MediaUploader: No need to wake up
07-03 17:45:31.421 29450 29463 D PicasaSyncManager: active network: NetworkInfo: type: WIFI[], state: CONNECTED/CONNECTED, reason: (unspecified), extra: (none), roaming: false, failover: false, isAvailable: true
07-03 17:45:31.421 29450 29463 D PicasaSyncManager: background data: true
07-03 17:45:31.531   151   256 D ConnectivityService: handleInetConditionHoldEnd: net=1, condition=100, published condition=100
07-03 17:45:31.781 29315 29318 D dalvikvm: GC_CONCURRENT freed 505K, 7% free 10329K/11079K, paused 41ms+2ms
07-03 17:45:31.968   151   151 W ActivityManager: finishReceiver called but no pending broadcasts
07-03 17:45:32.129   151   168 I ActivityManager: Start proc com.android.sprintmenu for service com.android.sprintmenu/.HiddenPhoneService: pid=29630 uid=1001 gids={3002, 3001, 3003, 1015}
07-03 17:45:32.449 29315 29318 D dalvikvm: GC_CONCURRENT freed 420K, 7% free 10398K/11079K, paused 2ms+291ms
07-03 17:45:32.562 25174 25174 D wpa_supplicant: wpa_driver_wext_driver_cmd SETSUSPENDOPT 0 len = 4096
07-03 17:45:32.562 25174 25174 D wpa_supplicant: wpa_driver_wext_driver_cmd SETSUSPENDOPT 0 len = 0, 15
07-03 17:45:32.562 25174 25174 D wpa_supplicant: wpa_driver_wext_driver_cmd POWERMODE 0 len = 4096
07-03 17:45:32.574 25174 25174 D wpa_supplicant: wpa_driver_wext_driver_cmd OK len = 0, 2
07-03 17:45:32.578 25174 25174 D wpa_supplicant: RTM_NEWLINK: operstate=1 ifi_flags=0x11043 ([UP][RUNNING][LOWER_UP])
07-03 17:45:32.578 25174 25174 D wpa_supplicant: RTM_NEWLINK, IFLA_IFNAME: Interface 'wlan0' added
07-03 17:45:32.578 25174 25174 D wpa_supplicant: Wireless event: cmd=0x8c00 len=20
07-03 17:45:32.589 25174 25174 D wpa_supplicant: WPS: Building WPS IE for Probe Request
07-03 17:45:32.589 25174 25174 D wpa_supplicant: WPS:  * Version (hardcoded 0x10)
07-03 17:45:32.589 25174 25174 D wpa_supplicant: WPS:  * Request Type
07-03 17:45:32.589 25174 25174 D wpa_supplicant: WPS:  * Config Methods (2388)
07-03 17:45:32.589 25174 25174 D wpa_supplicant: WPS:  * UUID-E
07-03 17:45:32.589 25174 25174 D wpa_supplicant: WPS:  * Primary Device Type
07-03 17:45:32.589 25174 25174 D wpa_supplicant: WPS:  * RF Bands (3)
07-03 17:45:32.589 25174 25174 D wpa_supplicant: WPS:  * Association State
07-03 17:45:32.589 25174 25174 D wpa_supplicant: WPS:  * Configuration Error (0)
07-03 17:45:32.589 25174 25174 D wpa_supplicant: WPS:  * Device Password ID (0)
07-03 17:45:32.589 25174 25174 D wpa_supplicant: WPS:  * Manufacturer
07-03 17:45:32.589 25174 25174 D wpa_supplicant: WPS:  * Model Name
07-03 17:45:32.589 25174 25174 D wpa_supplicant: WPS:  * Model Number
07-03 17:45:32.589 25174 25174 D wpa_supplicant: WPS:  * Device Name
07-03 17:45:32.589 25174 25174 D wpa_supplicant: WPS:  * Version2 (0x20)
07-03 17:45:32.589 25174 25174 D wpa_supplicant: wpa_driver_wext_combo_scan: Start
07-03 17:45:32.589 25174 25174 D wpa_supplicant: For Scan: (null)
07-03 17:45:32.597 25174 25174 D wpa_supplicant: Scan requested (ret=0) - scan timeout 30 seconds
07-03 17:45:33.148   327   329 D dalvikvm: GC_CONCURRENT freed 261K, 63% free 10397K/27719K, paused 12ms+3ms
07-03 17:45:33.339   327   329 D dalvikvm: GC_CONCURRENT freed 472K, 63% free 10408K/27719K, paused 3ms+4ms
07-03 17:45:33.386 25174 25174 D wpa_supplicant: RTM_NEWLINK: operstate=1 ifi_flags=0x11043 ([UP][RUNNING][LOWER_UP])
07-03 17:45:33.386 25174 25174 D wpa_supplicant: RTM_NEWLINK, IFLA_IFNAME: Interface 'wlan0' added
07-03 17:45:33.386 25174 25174 D wpa_supplicant: Wireless event: cmd=0x8c00 len=20
07-03 17:45:33.886 25174 25174 D wpa_supplicant: RTM_NEWLINK: operstate=1 ifi_flags=0x11043 ([UP][RUNNING][LOWER_UP])
07-03 17:45:33.886 25174 25174 D wpa_supplicant: RTM_NEWLINK, IFLA_IFNAME: Interface 'wlan0' added
07-03 17:45:33.886 25174 25174 D wpa_supplicant: Wireless event: cmd=0x8b19 len=8
07-03 17:45:33.886 25174 25174 D wpa_supplicant: Scan results did not fit - trying larger buffer (8192 bytes)
07-03 17:45:33.886 25174 25174 D wpa_supplicant: Received 4219 bytes of scan results (25 BSSes)
07-03 17:45:33.953 25174 25174 D wpa_supplicant: RTM_NEWLINK: operstate=1 ifi_flags=0x11043 ([UP][RUNNING][LOWER_UP])
07-03 17:45:33.953 25174 25174 D wpa_supplicant: RTM_NEWLINK, IFLA_IFNAME: Interface 'wlan0' added
07-03 17:45:33.953 25174 25174 D wpa_supplicant: Wireless event: cmd=0x8c00 len=20
07-03 17:45:34.082 25174 25174 D wpa_supplicant: WPS: Building WPS IE for Probe Request
07-03 17:45:34.082 25174 25174 D wpa_supplicant: WPS:  * Version (hardcoded 0x10)
07-03 17:45:34.082 25174 25174 D wpa_supplicant: WPS:  * Request Type
07-03 17:45:34.082 25174 25174 D wpa_supplicant: WPS:  * Config Methods (2388)
07-03 17:45:34.082 25174 25174 D wpa_supplicant: WPS:  * UUID-E
07-03 17:45:34.082 25174 25174 D wpa_supplicant: WPS:  * Primary Device Type
07-03 17:45:34.082 25174 25174 D wpa_supplicant: WPS:  * RF Bands (3)
07-03 17:45:34.082 25174 25174 D wpa_supplicant: WPS:  * Association State
07-03 17:45:34.082 25174 25174 D wpa_supplicant: WPS:  * Configuration Error (0)
07-03 17:45:34.082 25174 25174 D wpa_supplicant: WPS:  * Device Password ID (0)
07-03 17:45:34.082 25174 25174 D wpa_supplicant: WPS:  * Manufacturer
07-03 17:45:34.082 25174 25174 D wpa_supplicant: WPS:  * Model Name
07-03 17:45:34.082 25174 25174 D wpa_supplicant: WPS:  * Model Number
07-03 17:45:34.082 25174 25174 D wpa_supplicant: WPS:  * Device Name
07-03 17:45:34.082 25174 25174 D wpa_supplicant: WPS:  * Version2 (0x20)
07-03 17:45:34.082 25174 25174 D wpa_supplicant: wpa_driver_wext_combo_scan: Start
07-03 17:45:34.082 25174 25174 D wpa_supplicant: For Scan: (null)
07-03 17:45:34.086 25174 25174 D wpa_supplicant: Scan requested (ret=0) - scan timeout 30 seconds
07-03 17:45:35.144 25174 25174 D wpa_supplicant: RTM_NEWLINK: operstate=1 ifi_flags=0x11043 ([UP][RUNNING][LOWER_UP])
07-03 17:45:35.144 25174 25174 D wpa_supplicant: RTM_NEWLINK, IFLA_IFNAME: Interface 'wlan0' added
07-03 17:45:35.144 25174 25174 D wpa_supplicant: Wireless event: cmd=0x8b19 len=8
07-03 17:45:35.144 25174 25174 D wpa_supplicant: Scan results did not fit - trying larger buffer (8192 bytes)
07-03 17:45:35.144 25174 25174 D wpa_supplicant: Received 4654 bytes of scan results (27 BSSes)
07-03 17:45:35.250 25174 25174 D wpa_supplicant: WPS: Building WPS IE for Probe Request
07-03 17:45:35.250 25174 25174 D wpa_supplicant: WPS:  * Version (hardcoded 0x10)
07-03 17:45:35.250 25174 25174 D wpa_supplicant: WPS:  * Request Type
07-03 17:45:35.250 25174 25174 D wpa_supplicant: WPS:  * Config Methods (2388)
07-03 17:45:35.250 25174 25174 D wpa_supplicant: WPS:  * UUID-E
07-03 17:45:35.250 25174 25174 D wpa_supplicant: WPS:  * Primary Device Type
07-03 17:45:35.250 25174 25174 D wpa_supplicant: WPS:  * RF Bands (3)
07-03 17:45:35.250 25174 25174 D wpa_supplicant: WPS:  * Association State
07-03 17:45:35.250 25174 25174 D wpa_supplicant: WPS:  * Configuration Error (0)
07-03 17:45:35.250 25174 25174 D wpa_supplicant: WPS:  * Device Password ID (0)
07-03 17:45:35.250 25174 25174 D wpa_supplicant: WPS:  * Manufacturer
07-03 17:45:35.250 25174 25174 D wpa_supplicant: WPS:  * Model Name
07-03 17:45:35.250 25174 25174 D wpa_supplicant: WPS:  * Model Number
07-03 17:45:35.250 25174 25174 D wpa_supplicant: WPS:  * Device Name
07-03 17:45:35.250 25174 25174 D wpa_supplicant: WPS:  * Version2 (0x20)
07-03 17:45:35.250 25174 25174 D wpa_supplicant: wpa_driver_wext_combo_scan: Start
07-03 17:45:35.250 25174 25174 D wpa_supplicant: For Scan: (null)
07-03 17:45:35.254 25174 25174 D wpa_supplicant: Scan requested (ret=0) - scan timeout 30 seconds
07-03 17:45:36.183 25174 25174 D wpa_supplicant: RTM_NEWLINK: operstate=1 ifi_flags=0x11043 ([UP][RUNNING][LOWER_UP])
07-03 17:45:36.183 25174 25174 D wpa_supplicant: RTM_NEWLINK, IFLA_IFNAME: Interface 'wlan0' added
07-03 17:45:36.183 25174 25174 D wpa_supplicant: Wireless event: cmd=0x8c00 len=20
07-03 17:45:36.375 25174 25174 D wpa_supplicant: RTM_NEWLINK: operstate=1 ifi_flags=0x11043 ([UP][RUNNING][LOWER_UP])
07-03 17:45:36.379 25174 25174 D wpa_supplicant: RTM_NEWLINK, IFLA_IFNAME: Interface 'wlan0' added
07-03 17:45:36.379 25174 25174 D wpa_supplicant: Wireless event: cmd=0x8c00 len=20
07-03 17:45:36.421 25174 25174 D wpa_supplicant: RTM_NEWLINK: operstate=1 ifi_flags=0x11043 ([UP][RUNNING][LOWER_UP])
07-03 17:45:36.425 25174 25174 D wpa_supplicant: RTM_NEWLINK, IFLA_IFNAME: Interface 'wlan0' added
07-03 17:45:36.425 25174 25174 D wpa_supplicant: Wireless event: cmd=0x8b19 len=8
07-03 17:45:36.425 25174 25174 D wpa_supplicant: Scan results did not fit - trying larger buffer (8192 bytes)
07-03 17:45:36.433 25174 25174 D wpa_supplicant: Received 5636 bytes of scan results (33 BSSes)
07-03 17:45:36.546 25174 25174 D wpa_supplicant: WPS: Building WPS IE for Probe Request
07-03 17:45:36.546 25174 25174 D wpa_supplicant: WPS:  * Version (hardcoded 0x10)
07-03 17:45:36.546 25174 25174 D wpa_supplicant: WPS:  * Request Type
07-03 17:45:36.546 25174 25174 D wpa_supplicant: WPS:  * Config Methods (2388)
07-03 17:45:36.546 25174 25174 D wpa_supplicant: WPS:  * UUID-E
07-03 17:45:36.546 25174 25174 D wpa_supplicant: WPS:  * Primary Device Type
07-03 17:45:36.546 25174 25174 D wpa_supplicant: WPS:  * RF Bands (3)
07-03 17:45:36.546 25174 25174 D wpa_supplicant: WPS:  * Association State
07-03 17:45:36.546 25174 25174 D wpa_supplicant: WPS:  * Configuration Error (0)
07-03 17:45:36.546 25174 25174 D wpa_supplicant: WPS:  * Device Password ID (0)
07-03 17:45:36.546 25174 25174 D wpa_supplicant: WPS:  * Manufacturer
07-03 17:45:36.546 25174 25174 D wpa_supplicant: WPS:  * Model Name
07-03 17:45:36.546 25174 25174 D wpa_supplicant: WPS:  * Model Number
07-03 17:45:36.546 25174 25174 D wpa_supplicant: WPS:  * Device Name
07-03 17:45:36.546 25174 25174 D wpa_supplicant: WPS:  * Version2 (0x20)
07-03 17:45:36.546 25174 25174 D wpa_supplicant: wpa_driver_wext_combo_scan: Start
07-03 17:45:36.546 25174 25174 D wpa_supplicant: For Scan: (null)
07-03 17:45:36.550 25174 25174 D wpa_supplicant: Scan requested (ret=0) - scan timeout 30 seconds
07-03 17:45:36.621 29315 29318 D dalvikvm: GC_CONCURRENT freed 253K, 5% free 10600K/11079K, paused 3ms+4ms
07-03 17:45:36.629 25174 25174 D wpa_supplicant: RTM_NEWLINK: operstate=1 ifi_flags=0x11043 ([UP][RUNNING][LOWER_UP])
07-03 17:45:36.629 25174 25174 D wpa_supplicant: RTM_NEWLINK, IFLA_IFNAME: Interface 'wlan0' added
07-03 17:45:36.629 25174 25174 D wpa_supplicant: Wireless event: cmd=0x8c00 len=20
07-03 17:45:36.968 25174 25174 D wpa_supplicant: RTM_NEWLINK: operstate=1 ifi_flags=0x11043 ([UP][RUNNING][LOWER_UP])
07-03 17:45:36.968 25174 25174 D wpa_supplicant: RTM_NEWLINK, IFLA_IFNAME: Interface 'wlan0' added
07-03 17:45:36.968 25174 25174 D wpa_supplicant: Wireless event: cmd=0x8c00 len=20
07-03 17:45:37.359 25174 25174 D wpa_supplicant: RTM_NEWLINK: operstate=1 ifi_flags=0x11043 ([UP][RUNNING][LOWER_UP])
07-03 17:45:37.359 25174 25174 D wpa_supplicant: RTM_NEWLINK, IFLA_IFNAME: Interface 'wlan0' added
07-03 17:45:37.359 25174 25174 D wpa_supplicant: Wireless event: cmd=0x8c00 len=20
07-03 17:45:37.621 25174 25174 D wpa_supplicant: RTM_NEWLINK: operstate=1 ifi_flags=0x11043 ([UP][RUNNING][LOWER_UP])
07-03 17:45:37.621 25174 25174 D wpa_supplicant: RTM_NEWLINK, IFLA_IFNAME: Interface 'wlan0' added
07-03 17:45:37.621 25174 25174 D wpa_supplicant: Wireless event: cmd=0x8c00 len=20
07-03 17:45:37.718 25174 25174 D wpa_supplicant: RTM_NEWLINK: operstate=1 ifi_flags=0x11043 ([UP][RUNNING][LOWER_UP])
07-03 17:45:37.726 25174 25174 D wpa_supplicant: RTM_NEWLINK, IFLA_IFNAME: Interface 'wlan0' added
07-03 17:45:37.726 25174 25174 D wpa_supplicant: Wireless event: cmd=0x8b19 len=8
07-03 17:45:37.726 25174 25174 D wpa_supplicant: Scan results did not fit - trying larger buffer (8192 bytes)
07-03 17:45:37.734 25174 25174 D wpa_supplicant: Received 5311 bytes of scan results (30 BSSes)
07-03 17:45:37.828 25174 25174 D wpa_supplicant: WPS: Building WPS IE for Probe Request
07-03 17:45:37.828 25174 25174 D wpa_supplicant: WPS:  * Version (hardcoded 0x10)
07-03 17:45:37.828 25174 25174 D wpa_supplicant: WPS:  * Request Type
07-03 17:45:37.828 25174 25174 D wpa_supplicant: WPS:  * Config Methods (2388)
07-03 17:45:37.828 25174 25174 D wpa_supplicant: WPS:  * UUID-E
07-03 17:45:37.828 25174 25174 D wpa_supplicant: WPS:  * Primary Device Type
07-03 17:45:37.828 25174 25174 D wpa_supplicant: WPS:  * RF Bands (3)
07-03 17:45:37.828 25174 25174 D wpa_supplicant: WPS:  * Association State
07-03 17:45:37.828 25174 25174 D wpa_supplicant: WPS:  * Configuration Error (0)
07-03 17:45:37.828 25174 25174 D wpa_supplicant: WPS:  * Device Password ID (0)
07-03 17:45:37.828 25174 25174 D wpa_supplicant: WPS:  * Manufacturer
07-03 17:45:37.828 25174 25174 D wpa_supplicant: WPS:  * Model Name
07-03 17:45:37.828 25174 25174 D wpa_supplicant: WPS:  * Model Number
07-03 17:45:37.828 25174 25174 D wpa_supplicant: WPS:  * Device Name
07-03 17:45:37.828 25174 25174 D wpa_supplicant: WPS:  * Version2 (0x20)
07-03 17:45:37.828 25174 25174 D wpa_supplicant: wpa_driver_wext_combo_scan: Start
07-03 17:45:37.828 25174 25174 D wpa_supplicant: For Scan: (null)
07-03 17:45:37.832 25174 25174 D wpa_supplicant: Scan requested (ret=0) - scan timeout 30 seconds
07-03 17:45:37.851 25174 25174 D wpa_supplicant: RTM_NEWLINK: operstate=1 ifi_flags=0x11043 ([UP][RUNNING][LOWER_UP])
07-03 17:45:37.851 25174 25174 D wpa_supplicant: RTM_NEWLINK, IFLA_IFNAME: Interface 'wlan0' added
07-03 17:45:37.851 25174 25174 D wpa_supplicant: Wireless event: cmd=0x8c00 len=20
07-03 17:45:37.976 25174 25174 D wpa_supplicant: RTM_NEWLINK: operstate=1 ifi_flags=0x11043 ([UP][RUNNING][LOWER_UP])
07-03 17:45:37.976 25174 25174 D wpa_supplicant: RTM_NEWLINK, IFLA_IFNAME: Interface 'wlan0' added
07-03 17:45:37.976 25174 25174 D wpa_supplicant: Wireless event: cmd=0x8c00 len=20
07-03 17:45:38.121 25174 25174 D wpa_supplicant: RTM_NEWLINK: operstate=1 ifi_flags=0x11043 ([UP][RUNNING][LOWER_UP])
07-03 17:45:38.125 25174 25174 D wpa_supplicant: RTM_NEWLINK, IFLA_IFNAME: Interface 'wlan0' added
07-03 17:45:38.125 25174 25174 D wpa_supplicant: Wireless event: cmd=0x8c00 len=20
07-03 17:45:38.964 25174 25174 D wpa_supplicant: RTM_NEWLINK: operstate=1 ifi_flags=0x11043 ([UP][RUNNING][LOWER_UP])
07-03 17:45:38.964 25174 25174 D wpa_supplicant: RTM_NEWLINK, IFLA_IFNAME: Interface 'wlan0' added
07-03 17:45:38.964 25174 25174 D wpa_supplicant: Wireless event: cmd=0x8b19 len=8
07-03 17:45:38.968 25174 25174 D wpa_supplicant: Scan results did not fit - trying larger buffer (8192 bytes)
07-03 17:45:38.980 25174 25174 D wpa_supplicant: Received 4822 bytes of scan results (28 BSSes)
07-03 17:45:39.121 25174 25174 D wpa_supplicant: WPS: Building WPS IE for Probe Request
07-03 17:45:39.121 25174 25174 D wpa_supplicant: WPS:  * Version (hardcoded 0x10)
07-03 17:45:39.121 25174 25174 D wpa_supplicant: WPS:  * Request Type
07-03 17:45:39.121 25174 25174 D wpa_supplicant: WPS:  * Config Methods (2388)
07-03 17:45:39.121 25174 25174 D wpa_supplicant: WPS:  * UUID-E
07-03 17:45:39.121 25174 25174 D wpa_supplicant: WPS:  * Primary Device Type
07-03 17:45:39.121 25174 25174 D wpa_supplicant: WPS:  * RF Bands (3)
07-03 17:45:39.121 25174 25174 D wpa_supplicant: WPS:  * Association State
07-03 17:45:39.121 25174 25174 D wpa_supplicant: WPS:  * Configuration Error (0)
07-03 17:45:39.121 25174 25174 D wpa_supplicant: WPS:  * Device Password ID (0)
07-03 17:45:39.121 25174 25174 D wpa_supplicant: WPS:  * Manufacturer
07-03 17:45:39.121 25174 25174 D wpa_supplicant: WPS:  * Model Name
07-03 17:45:39.121 25174 25174 D wpa_supplicant: WPS:  * Model Number
07-03 17:45:39.121 25174 25174 D wpa_supplicant: WPS:  * Device Name
07-03 17:45:39.121 25174 25174 D wpa_supplicant: WPS:  * Version2 (0x20)
07-03 17:45:39.121 25174 25174 D wpa_supplicant: wpa_driver_wext_combo_scan: Start
07-03 17:45:39.121 25174 25174 D wpa_supplicant: For Scan: (null)
07-03 17:45:39.125 25174 25174 D wpa_supplicant: Scan requested (ret=0) - scan timeout 30 seconds
07-03 17:45:39.203 25174 25174 D wpa_supplicant: RTM_NEWLINK: operstate=1 ifi_flags=0x11043 ([UP][RUNNING][LOWER_UP])
07-03 17:45:39.203 25174 25174 D wpa_supplicant: RTM_NEWLINK, IFLA_IFNAME: Interface 'wlan0' added
07-03 17:45:39.203 25174 25174 D wpa_supplicant: Wireless event: cmd=0x8c00 len=20
07-03 17:45:39.457 25174 25174 D wpa_supplicant: RTM_NEWLINK: operstate=1 ifi_flags=0x11043 ([UP][RUNNING][LOWER_UP])
07-03 17:45:39.457 25174 25174 D wpa_supplicant: RTM_NEWLINK, IFLA_IFNAME: Interface 'wlan0' added
07-03 17:45:39.457 25174 25174 D wpa_supplicant: Wireless event: cmd=0x8c00 len=20
07-03 17:45:40.265 25174 25174 D wpa_supplicant: RTM_NEWLINK: operstate=1 ifi_flags=0x11043 ([UP][RUNNING][LOWER_UP])
07-03 17:45:40.265 25174 25174 D wpa_supplicant: RTM_NEWLINK, IFLA_IFNAME: Interface 'wlan0' added
07-03 17:45:40.265 25174 25174 D wpa_supplicant: Wireless event: cmd=0x8b19 len=8
07-03 17:45:40.265 25174 25174 D wpa_supplicant: Scan results did not fit - trying larger buffer (8192 bytes)
07-03 17:45:40.265 25174 25174 D wpa_supplicant: Received 4809 bytes of scan results (28 BSSes)
07-03 17:45:40.367 25174 25174 D wpa_supplicant: WPS: Building WPS IE for Probe Request
07-03 17:45:40.367 25174 25174 D wpa_supplicant: WPS:  * Version (hardcoded 0x10)
07-03 17:45:40.367 25174 25174 D wpa_supplicant: WPS:  * Request Type
07-03 17:45:40.367 25174 25174 D wpa_supplicant: WPS:  * Config Methods (2388)
07-03 17:45:40.367 25174 25174 D wpa_supplicant: WPS:  * UUID-E
07-03 17:45:40.367 25174 25174 D wpa_supplicant: WPS:  * Primary Device Type
07-03 17:45:40.367 25174 25174 D wpa_supplicant: WPS:  * RF Bands (3)
07-03 17:45:40.367 25174 25174 D wpa_supplicant: WPS:  * Association State
07-03 17:45:40.367 25174 25174 D wpa_supplicant: WPS:  * Configuration Error (0)
07-03 17:45:40.367 25174 25174 D wpa_supplicant: WPS:  * Device Password ID (0)
07-03 17:45:40.367 25174 25174 D wpa_supplicant: WPS:  * Manufacturer
07-03 17:45:40.367 25174 25174 D wpa_supplicant: WPS:  * Model Name
07-03 17:45:40.367 25174 25174 D wpa_supplicant: WPS:  * Model Number
07-03 17:45:40.367 25174 25174 D wpa_supplicant: WPS:  * Device Name
07-03 17:45:40.367 25174 25174 D wpa_supplicant: WPS:  * Version2 (0x20)
07-03 17:45:40.367 25174 25174 D wpa_supplicant: wpa_driver_wext_combo_scan: Start
07-03 17:45:40.367 25174 25174 D wpa_supplicant: For Scan: (null)
07-03 17:45:40.371 25174 25174 D wpa_supplicant: Scan requested (ret=0) - scan timeout 30 seconds
07-03 17:45:40.445 29315 29318 D dalvikvm: GC_CONCURRENT freed 234K, 4% free 10780K/11143K, paused 2ms+4ms
07-03 17:45:41.418 25174 25174 D wpa_supplicant: RTM_NEWLINK: operstate=1 ifi_flags=0x11043 ([UP][RUNNING][LOWER_UP])
07-03 17:45:41.418 25174 25174 D wpa_supplicant: RTM_NEWLINK, IFLA_IFNAME: Interface 'wlan0' added
07-03 17:45:41.418 25174 25174 D wpa_supplicant: Wireless event: cmd=0x8b19 len=8
07-03 17:45:41.425 25174 25174 D wpa_supplicant: Scan results did not fit - trying larger buffer (8192 bytes)
07-03 17:45:41.433 25174 25174 D wpa_supplicant: Received 4575 bytes of scan results (27 BSSes)
07-03 17:45:41.523 25174 25174 D wpa_supplicant: WPS: Building WPS IE for Probe Request
07-03 17:45:41.523 25174 25174 D wpa_supplicant: WPS:  * Version (hardcoded 0x10)
07-03 17:45:41.523 25174 25174 D wpa_supplicant: WPS:  * Request Type
07-03 17:45:41.523 25174 25174 D wpa_supplicant: WPS:  * Config Methods (2388)
07-03 17:45:41.523 25174 25174 D wpa_supplicant: WPS:  * UUID-E
07-03 17:45:41.523 25174 25174 D wpa_supplicant: WPS:  * Primary Device Type
07-03 17:45:41.523 25174 25174 D wpa_supplicant: WPS:  * RF Bands (3)
07-03 17:45:41.523 25174 25174 D wpa_supplicant: WPS:  * Association State
07-03 17:45:41.523 25174 25174 D wpa_supplicant: WPS:  * Configuration Error (0)
07-03 17:45:41.523 25174 25174 D wpa_supplicant: WPS:  * Device Password ID (0)
07-03 17:45:41.523 25174 25174 D wpa_supplicant: WPS:  * Manufacturer
07-03 17:45:41.523 25174 25174 D wpa_supplicant: WPS:  * Model Name
07-03 17:45:41.523 25174 25174 D wpa_supplicant: WPS:  * Model Number
07-03 17:45:41.523 25174 25174 D wpa_supplicant: WPS:  * Device Name
07-03 17:45:41.523 25174 25174 D wpa_supplicant: WPS:  * Version2 (0x20)
07-03 17:45:41.523 25174 25174 D wpa_supplicant: wpa_driver_wext_combo_scan: Start
07-03 17:45:41.523 25174 25174 D wpa_supplicant: For Scan: (null)
07-03 17:45:41.527 25174 25174 D wpa_supplicant: Scan requested (ret=0) - scan timeout 30 seconds
07-03 17:45:42.207   151   168 I ActivityManager: Start proc com.zehro.android.clockr for service com.zehro.android.clockr/.ClockrUpdateService: pid=29648 uid=10077 gids={}
07-03 17:45:42.238 29648 29648 I dalvikvm: Turning on JNI app bug workarounds for target SDK version 7...
07-03 17:45:42.257    80    80 D dalvikvm: GC_EXPLICIT freed 37K, 4% free 9031K/9347K, paused 2ms+7ms
07-03 17:45:42.300    80    80 D dalvikvm: GC_EXPLICIT freed <1K, 4% free 9031K/9347K, paused 2ms+6ms
07-03 17:45:42.359    80    80 D dalvikvm: GC_EXPLICIT freed <1K, 4% free 9031K/9347K, paused 9ms+2ms
07-03 17:45:42.367   151   162 I ActivityManager: Process com.google.android.talk (pid 29585) has died.
07-03 17:45:42.515 29648 29648 D dalvikvm: GC_EXPLICIT freed 136K, 4% free 9062K/9347K, paused 1ms+2ms
07-03 17:45:42.574 25174 25174 D wpa_supplicant: RTM_NEWLINK: operstate=1 ifi_flags=0x11043 ([UP][RUNNING][LOWER_UP])
07-03 17:45:42.574 25174 25174 D wpa_supplicant: RTM_NEWLINK, IFLA_IFNAME: Interface 'wlan0' added
07-03 17:45:42.574 25174 25174 D wpa_supplicant: Wireless event: cmd=0x8b19 len=8
07-03 17:45:42.574 25174 25174 D wpa_supplicant: Received 3373 bytes of scan results (20 BSSes)
07-03 17:45:42.625 25174 25174 D wpa_supplicant: WPS: Building WPS IE for Probe Request
07-03 17:45:42.625 25174 25174 D wpa_supplicant: WPS:  * Version (hardcoded 0x10)
07-03 17:45:42.625 25174 25174 D wpa_supplicant: WPS:  * Request Type
07-03 17:45:42.625 25174 25174 D wpa_supplicant: WPS:  * Config Methods (2388)
07-03 17:45:42.625 25174 25174 D wpa_supplicant: WPS:  * UUID-E
07-03 17:45:42.625 25174 25174 D wpa_supplicant: WPS:  * Primary Device Type
07-03 17:45:42.625 25174 25174 D wpa_supplicant: WPS:  * RF Bands (3)
07-03 17:45:42.625 25174 25174 D wpa_supplicant: WPS:  * Association State
07-03 17:45:42.625 25174 25174 D wpa_supplicant: WPS:  * Configuration Error (0)
07-03 17:45:42.625 25174 25174 D wpa_supplicant: WPS:  * Device Password ID (0)
07-03 17:45:42.625 25174 25174 D wpa_supplicant: WPS:  * Manufacturer
07-03 17:45:42.625 25174 25174 D wpa_supplicant: WPS:  * Model Name
07-03 17:45:42.625 25174 25174 D wpa_supplicant: WPS:  * Model Number
