06-29 21:54:45.304 13053 13053 D wpa_supplicant: WPS: Building WPS IE for Probe Request
06-29 21:54:45.304 13053 13053 D wpa_supplicant: WPS:  * Version (hardcoded 0x10)
06-29 21:54:45.304 13053 13053 D wpa_supplicant: WPS:  * Request Type
06-29 21:54:45.304 13053 13053 D wpa_supplicant: WPS:  * Config Methods (2388)
06-29 21:54:45.304 13053 13053 D wpa_supplicant: WPS:  * UUID-E
06-29 21:54:45.304 13053 13053 D wpa_supplicant: WPS:  * Primary Device Type
06-29 21:54:45.304 13053 13053 D wpa_supplicant: WPS:  * RF Bands (3)
06-29 21:54:45.304 13053 13053 D wpa_supplicant: WPS:  * Association State
06-29 21:54:45.304 13053 13053 D wpa_supplicant: WPS:  * Configuration Error (0)
06-29 21:54:45.304 13053 13053 D wpa_supplicant: WPS:  * Device Password ID (0)
06-29 21:54:45.304 13053 13053 D wpa_supplicant: WPS:  * Manufacturer
06-29 21:54:45.304 13053 13053 D wpa_supplicant: WPS:  * Model Name
06-29 21:54:45.304 13053 13053 D wpa_supplicant: WPS:  * Model Number
06-29 21:54:45.304 13053 13053 D wpa_supplicant: WPS:  * Device Name
06-29 21:54:45.304 13053 13053 D wpa_supplicant: WPS:  * Version2 (0x20)
06-29 21:54:45.304 13053 13053 D wpa_supplicant: wpa_driver_wext_combo_scan: Start
06-29 21:54:45.304 13053 13053 D wpa_supplicant: For Scan: (null)
06-29 21:54:45.359 13053 13053 D wpa_supplicant: Scan requested (ret=0) - scan timeout 30 seconds
06-29 21:54:45.843 13053 13053 D wpa_supplicant: RTM_NEWLINK: operstate=0 ifi_flags=0x11003 ([UP][LOWER_UP])
06-29 21:54:45.843 13053 13053 D wpa_supplicant: RTM_NEWLINK, IFLA_IFNAME: Interface 'wlan0' added
06-29 21:54:45.843 13053 13053 D wpa_supplicant: Wireless event: cmd=0x8b19 len=8
06-29 21:54:45.843 13053 13053 D wpa_supplicant: Received 2404 bytes of scan results (8 BSSes)
06-29 21:54:46.007 19118 19121 D dalvikvm: GC_CONCURRENT freed 310K, 7% free 10304K/11015K, paused 11ms+3ms
06-29 21:54:52.461    82   122 D AudioHardware: AudioHardware pcm playback is exiting standby.
06-29 21:54:52.461    82   122 D AudioHardware: openPcmOut_l() mPcmOpenCnt: 0
06-29 21:54:52.504 19052 19102 D dalvikvm: GC_FOR_ALLOC freed 2000K, 14% free 15239K/17543K, paused 33ms
06-29 21:54:52.504 19052 19102 I dalvikvm-heap: Grow heap (frag case) to 16.000MB for 1100816-byte allocation
06-29 21:54:52.566 19052 19061 D dalvikvm: GC_FOR_ALLOC freed 4K, 13% free 16310K/18631K, paused 58ms
06-29 21:54:52.582 19052 19052 D webviewglue: nativeDestroy view: 0x18a7fe0
06-29 21:54:52.593 19052 19061 W CursorWrapperInner: Cursor finalized without prior close()
06-29 21:54:52.648 19052 19052 D ViewPager: gravity: 48 hgrav: 0 vgrav: 48
06-29 21:54:52.652 19052 19052 D ViewPager: gravity: 48 hgrav: 0 vgrav: 48
06-29 21:54:55.550    82   122 D AudioHardware: AudioHardware pcm playback is going to standby.
06-29 21:54:55.550    82   122 D AudioHardware: closePcmOut_l() mPcmOpenCnt: 1
06-29 21:54:56.082 19052 19052 D ViewPager: gravity: 48 hgrav: 0 vgrav: 48
06-29 21:54:56.082 19052 19052 D ViewPager: gravity: 48 hgrav: 0 vgrav: 48
06-29 21:54:57.941 19052 19052 D ViewPager: gravity: 48 hgrav: 0 vgrav: 48
06-29 21:54:57.941 19052 19052 D ViewPager: gravity: 48 hgrav: 0 vgrav: 48
06-29 21:54:59.574   151  1217 I ActivityManager: Process com.android.vending (pid 19289) has died.
06-29 21:55:00.152 16999 16999 D dalvikvm: GC_EXPLICIT freed 9K, 4% free 9066K/9347K, paused 2ms+2ms
06-29 21:55:00.164   151   705 I ActivityManager: Process twc.provider (pid 18670) has died.
06-29 21:55:00.847 19052 19088 D dalvikvm: GC_FOR_ALLOC freed 1997K, 15% free 15926K/18631K, paused 35ms
06-29 21:55:00.871 13053 13053 D wpa_supplicant: WPS: Building WPS IE for Probe Request
06-29 21:55:00.871 13053 13053 D wpa_supplicant: WPS:  * Version (hardcoded 0x10)
06-29 21:55:00.871 13053 13053 D wpa_supplicant: WPS:  * Request Type
06-29 21:55:00.871 13053 13053 D wpa_supplicant: WPS:  * Config Methods (2388)
06-29 21:55:00.871 13053 13053 D wpa_supplicant: WPS:  * UUID-E
06-29 21:55:00.871 13053 13053 D wpa_supplicant: WPS:  * Primary Device Type
06-29 21:55:00.871 13053 13053 D wpa_supplicant: WPS:  * RF Bands (3)
06-29 21:55:00.871 13053 13053 D wpa_supplicant: WPS:  * Association State
06-29 21:55:00.871 13053 13053 D wpa_supplicant: WPS:  * Configuration Error (0)
06-29 21:55:00.871 13053 13053 D wpa_supplicant: WPS:  * Device Password ID (0)
06-29 21:55:00.871 13053 13053 D wpa_supplicant: WPS:  * Manufacturer
06-29 21:55:00.871 13053 13053 D wpa_supplicant: WPS:  * Model Name
06-29 21:55:00.871 13053 13053 D wpa_supplicant: WPS:  * Model Number
06-29 21:55:00.871 13053 13053 D wpa_supplicant: WPS:  * Device Name
06-29 21:55:00.871 13053 13053 D wpa_supplicant: WPS:  * Version2 (0x20)
06-29 21:55:00.871 13053 13053 D wpa_supplicant: wpa_driver_wext_combo_scan: Start
06-29 21:55:00.871 13053 13053 D wpa_supplicant: For Scan: (null)
06-29 21:55:00.925 13053 13053 D wpa_supplicant: Scan requested (ret=0) - scan timeout 30 seconds
06-29 21:55:01.410 13053 13053 D wpa_supplicant: RTM_NEWLINK: operstate=0 ifi_flags=0x11003 ([UP][LOWER_UP])
06-29 21:55:01.410 13053 13053 D wpa_supplicant: RTM_NEWLINK, IFLA_IFNAME: Interface 'wlan0' added
06-29 21:55:01.410 13053 13053 D wpa_supplicant: Wireless event: cmd=0x8b19 len=8
06-29 21:55:01.410 13053 13053 D wpa_supplicant: Received 3169 bytes of scan results (12 BSSes)
06-29 21:55:01.504   327   327 D dalvikvm: GC_FOR_ALLOC freed 610K, 63% free 10275K/27719K, paused 22ms
06-29 21:55:01.531 19052 19099 D dalvikvm: GC_FOR_ALLOC freed 159K, 15% free 15936K/18631K, paused 96ms
06-29 21:55:01.535 19052 19099 I dalvikvm-heap: Grow heap (frag case) to 16.798MB for 1223696-byte allocation
06-29 21:55:01.589   327   329 D dalvikvm: GC_CONCURRENT freed 352K, 63% free 10405K/27719K, paused 2ms+8ms
06-29 21:55:01.605 19052 19052 D dalvikvm: GC_FOR_ALLOC freed 1K, 14% free 17130K/19847K, paused 56ms
06-29 21:55:01.808 19052 19100 D dalvikvm: GC_FOR_ALLOC freed 127K, 14% free 17157K/19847K, paused 27ms
06-29 21:55:01.812 19052 19100 I dalvikvm-heap: Grow heap (frag case) to 17.991MB for 1223696-byte allocation
06-29 21:55:01.847 19052 19052 D dalvikvm: GC_FOR_ALLOC freed 1K, 13% free 18351K/21063K, paused 23ms
06-29 21:55:02.648 19052 19104 D dalvikvm: GC_FOR_ALLOC freed 1312K, 18% free 17465K/21063K, paused 45ms
06-29 21:55:02.648 19052 19104 I dalvikvm-heap: Grow heap (frag case) to 18.166MB for 1093136-byte allocation
06-29 21:55:02.679 19052 19103 D dalvikvm: GC_FOR_ALLOC freed 0K, 17% free 18532K/22151K, paused 23ms
06-29 21:55:02.754 19052 19103 D dalvikvm: GC_FOR_ALLOC freed 1670K, 24% free 16900K/22151K, paused 25ms
06-29 21:55:03.410 19052 19101 D dalvikvm: GC_FOR_ALLOC freed 1202K, 24% free 16956K/22151K, paused 49ms
06-29 21:55:10.347   151   153 D dalvikvm: GC_CONCURRENT freed 1942K, 38% free 17529K/27847K, paused 16ms+9ms
06-29 21:55:16.418 13053 13053 D wpa_supplicant: WPS: Building WPS IE for Probe Request
06-29 21:55:16.418 13053 13053 D wpa_supplicant: WPS:  * Version (hardcoded 0x10)
06-29 21:55:16.418 13053 13053 D wpa_supplicant: WPS:  * Request Type
06-29 21:55:16.418 13053 13053 D wpa_supplicant: WPS:  * Config Methods (2388)
06-29 21:55:16.418 13053 13053 D wpa_supplicant: WPS:  * UUID-E
06-29 21:55:16.418 13053 13053 D wpa_supplicant: WPS:  * Primary Device Type
06-29 21:55:16.418 13053 13053 D wpa_supplicant: WPS:  * RF Bands (3)
06-29 21:55:16.418 13053 13053 D wpa_supplicant: WPS:  * Association State
06-29 21:55:16.418 13053 13053 D wpa_supplicant: WPS:  * Configuration Error (0)
06-29 21:55:16.418 13053 13053 D wpa_supplicant: WPS:  * Device Password ID (0)
06-29 21:55:16.418 13053 13053 D wpa_supplicant: WPS:  * Manufacturer
06-29 21:55:16.418 13053 13053 D wpa_supplicant: WPS:  * Model Name
06-29 21:55:16.418 13053 13053 D wpa_supplicant: WPS:  * Model Number
06-29 21:55:16.418 13053 13053 D wpa_supplicant: WPS:  * Device Name
06-29 21:55:16.418 13053 13053 D wpa_supplicant: WPS:  * Version2 (0x20)
06-29 21:55:16.418 13053 13053 D wpa_supplicant: wpa_driver_wext_combo_scan: Start
06-29 21:55:16.418 13053 13053 D wpa_supplicant: For Scan: (null)
06-29 21:55:16.472 13053 13053 D wpa_supplicant: Scan requested (ret=0) - scan timeout 30 seconds
06-29 21:55:16.957 13053 13053 D wpa_supplicant: RTM_NEWLINK: operstate=0 ifi_flags=0x11003 ([UP][LOWER_UP])
06-29 21:55:16.957 13053 13053 D wpa_supplicant: RTM_NEWLINK, IFLA_IFNAME: Interface 'wlan0' added
06-29 21:55:16.957 13053 13053 D wpa_supplicant: Wireless event: cmd=0x8b19 len=8
06-29 21:55:16.957 13053 13053 D wpa_supplicant: Received 3049 bytes of scan results (11 BSSes)
06-29 21:55:30.074 19188 19188 D OpenGLRenderer: Flushing caches (mode 1)
06-29 21:55:31.964 13053 13053 D wpa_supplicant: WPS: Building WPS IE for Probe Request
06-29 21:55:31.964 13053 13053 D wpa_supplicant: WPS:  * Version (hardcoded 0x10)
06-29 21:55:31.964 13053 13053 D wpa_supplicant: WPS:  * Request Type
06-29 21:55:31.964 13053 13053 D wpa_supplicant: WPS:  * Config Methods (2388)
06-29 21:55:31.964 13053 13053 D wpa_supplicant: WPS:  * UUID-E
06-29 21:55:31.964 13053 13053 D wpa_supplicant: WPS:  * Primary Device Type
06-29 21:55:31.964 13053 13053 D wpa_supplicant: WPS:  * RF Bands (3)
06-29 21:55:31.964 13053 13053 D wpa_supplicant: WPS:  * Association State
06-29 21:55:31.964 13053 13053 D wpa_supplicant: WPS:  * Configuration Error (0)
06-29 21:55:31.964 13053 13053 D wpa_supplicant: WPS:  * Device Password ID (0)
06-29 21:55:31.964 13053 13053 D wpa_supplicant: WPS:  * Manufacturer
06-29 21:55:31.964 13053 13053 D wpa_supplicant: WPS:  * Model Name
06-29 21:55:31.964 13053 13053 D wpa_supplicant: WPS:  * Model Number
06-29 21:55:31.964 13053 13053 D wpa_supplicant: WPS:  * Device Name
06-29 21:55:31.964 13053 13053 D wpa_supplicant: WPS:  * Version2 (0x20)
06-29 21:55:31.964 13053 13053 D wpa_supplicant: wpa_driver_wext_combo_scan: Start
06-29 21:55:31.964 13053 13053 D wpa_supplicant: For Scan: (null)
06-29 21:55:32.031 13053 13053 D wpa_supplicant: Scan requested (ret=0) - scan timeout 30 seconds
06-29 21:55:32.507 13053 13053 D wpa_supplicant: RTM_NEWLINK: operstate=0 ifi_flags=0x11003 ([UP][LOWER_UP])
06-29 21:55:32.507 13053 13053 D wpa_supplicant: RTM_NEWLINK, IFLA_IFNAME: Interface 'wlan0' added
06-29 21:55:32.507 13053 13053 D wpa_supplicant: Wireless event: cmd=0x8b19 len=8
06-29 21:55:32.519 13053 13053 D wpa_supplicant: Received 3200 bytes of scan results (12 BSSes)
06-29 21:55:33.246    82   122 D AudioHardware: AudioHardware pcm playback is exiting standby.
06-29 21:55:33.246    82   122 D AudioHardware: openPcmOut_l() mPcmOpenCnt: 0
06-29 21:55:33.339   151  1213 W InputManagerService: Window already focused, ignoring focus gain of: com.android.internal.view.IInputMethodClient$Stub$Proxy@414f9238
06-29 21:55:36.339    82   122 D AudioHardware: AudioHardware pcm playback is going to standby.
06-29 21:55:36.339    82   122 D AudioHardware: closePcmOut_l() mPcmOpenCnt: 1
06-29 21:55:42.656 19052 19054 D dalvikvm: GC_CONCURRENT freed 1689K, 23% free 17196K/22151K, paused 3ms+5ms
06-29 21:55:44.265 19052 19052 D ViewPager: gravity: 48 hgrav: 0 vgrav: 48
06-29 21:55:44.273 19052 19052 D ViewPager: gravity: 48 hgrav: 0 vgrav: 48
06-29 21:55:45.648 19052 19052 D ViewPager: gravity: 48 hgrav: 0 vgrav: 48
06-29 21:55:45.648 19052 19052 D ViewPager: gravity: 48 hgrav: 0 vgrav: 48
06-29 21:55:47.402 19052 19102 D dalvikvm: GC_FOR_ALLOC freed 1567K, 22% free 17441K/22151K, paused 63ms
06-29 21:55:47.433   151   599 I ActivityManager: Process com.android.voicedialer (pid 19321) has died.
06-29 21:55:47.523 13053 13053 D wpa_supplicant: WPS: Building WPS IE for Probe Request
06-29 21:55:47.523 13053 13053 D wpa_supplicant: WPS:  * Version (hardcoded 0x10)
06-29 21:55:47.523 13053 13053 D wpa_supplicant: WPS:  * Request Type
06-29 21:55:47.523 13053 13053 D wpa_supplicant: WPS:  * Config Methods (2388)
06-29 21:55:47.523 13053 13053 D wpa_supplicant: WPS:  * UUID-E
06-29 21:55:47.523 13053 13053 D wpa_supplicant: WPS:  * Primary Device Type
06-29 21:55:47.523 13053 13053 D wpa_supplicant: WPS:  * RF Bands (3)
06-29 21:55:47.523 13053 13053 D wpa_supplicant: WPS:  * Association State
06-29 21:55:47.523 13053 13053 D wpa_supplicant: WPS:  * Configuration Error (0)
06-29 21:55:47.523 13053 13053 D wpa_supplicant: WPS:  * Device Password ID (0)
06-29 21:55:47.523 13053 13053 D wpa_supplicant: WPS:  * Manufacturer
06-29 21:55:47.523 13053 13053 D wpa_supplicant: WPS:  * Model Name
06-29 21:55:47.523 13053 13053 D wpa_supplicant: WPS:  * Model Number
06-29 21:55:47.523 13053 13053 D wpa_supplicant: WPS:  * Device Name
06-29 21:55:47.523 13053 13053 D wpa_supplicant: WPS:  * Version2 (0x20)
06-29 21:55:47.523 13053 13053 D wpa_supplicant: wpa_driver_wext_combo_scan: Start
06-29 21:55:47.523 13053 13053 D wpa_supplicant: For Scan: (null)
06-29 21:55:47.578 13053 13053 D wpa_supplicant: Scan requested (ret=0) - scan timeout 30 seconds
06-29 21:55:47.929   151   705 I ActivityManager: Process android.process.media (pid 19347) has died.
06-29 21:55:48.062 13053 13053 D wpa_supplicant: RTM_NEWLINK: operstate=0 ifi_flags=0x11003 ([UP][LOWER_UP])
06-29 21:55:48.062 13053 13053 D wpa_supplicant: RTM_NEWLINK, IFLA_IFNAME: Interface 'wlan0' added
06-29 21:55:48.062 13053 13053 D wpa_supplicant: Wireless event: cmd=0x8b19 len=8
06-29 21:55:48.062 13053 13053 D wpa_supplicant: Received 3615 bytes of scan results (13 BSSes)
06-29 21:55:48.398 19052 19104 D dalvikvm: GC_FOR_ALLOC freed 1503K, 22% free 17477K/22151K, paused 27ms
06-29 21:55:50.222   151   580 I ActivityManager: Process com.google.android.googlequicksearchbox (pid 19334) has died.
06-29 21:55:50.363 19052 19103 D dalvikvm: GC_FOR_ALLOC freed 1515K, 21% free 17573K/22151K, paused 32ms
06-29 21:55:51.875 19381 19394 I PhoneLab-: Service Running
06-29 21:55:51.964 19381 19394 I PhoneLab-LoggerService: app_38    1593  1     1064   612   c00f181c 400107b4 S logcat
06-29 21:55:51.964 19381 19394 I PhoneLab-LoggerService: Logcat pid from database 1593
06-29 21:55:51.964 19381 19394 I PhoneLab-LoggerService: Logcat process found 1593
06-29 21:55:51.964 19381 19394 I PhoneLab-LoggerService: Checking Threshold
06-29 21:55:53.406 19052 19100 D dalvikvm: GC_FOR_ALLOC freed 1297K, 23% free 17059K/22151K, paused 30ms
06-29 21:55:54.281 19052 19099 D dalvikvm: GC_FOR_ALLOC freed 1262K, 23% free 17066K/22151K, paused 27ms
06-29 21:55:54.285 19052 19099 I dalvikvm-heap: Grow heap (frag case) to 19.508MB for 2908560-byte allocation
06-29 21:55:54.320 19052 19052 D dalvikvm: GC_FOR_ALLOC freed <1K, 21% free 19905K/25031K, paused 23ms
06-29 21:55:54.367 19052 19054 D dalvikvm: GC_CONCURRENT freed 0K, 21% free 19905K/25031K, paused 2ms+4ms
06-29 21:55:55.328   151   163 I ActivityManager: Process com.android.quicksearchbox (pid 19362) has died.
06-29 21:55:55.410    82   122 D AudioHardware: AudioHardware pcm playback is exiting standby.
06-29 21:55:55.410    82   122 D AudioHardware: openPcmOut_l() mPcmOpenCnt: 0
06-29 21:55:56.429   151  1216 I ActivityManager: Process com.google.android.youtube (pid 19188) has died.
06-29 21:55:58.527    82   122 D AudioHardware: AudioHardware pcm playback is going to standby.
06-29 21:55:58.527    82   122 D AudioHardware: closePcmOut_l() mPcmOpenCnt: 1
06-29 21:56:00.160 16999 16999 D dalvikvm: GC_EXPLICIT freed 9K, 4% free 9066K/9347K, paused 2ms+2ms
06-29 21:56:03.070 13053 13053 D wpa_supplicant: WPS: Building WPS IE for Probe Request
06-29 21:56:03.070 13053 13053 D wpa_supplicant: WPS:  * Version (hardcoded 0x10)
06-29 21:56:03.070 13053 13053 D wpa_supplicant: WPS:  * Request Type
06-29 21:56:03.070 13053 13053 D wpa_supplicant: WPS:  * Config Methods (2388)
06-29 21:56:03.070 13053 13053 D wpa_supplicant: WPS:  * UUID-E
06-29 21:56:03.070 13053 13053 D wpa_supplicant: WPS:  * Primary Device Type
06-29 21:56:03.070 13053 13053 D wpa_supplicant: WPS:  * RF Bands (3)
06-29 21:56:03.070 13053 13053 D wpa_supplicant: WPS:  * Association State
06-29 21:56:03.070 13053 13053 D wpa_supplicant: WPS:  * Configuration Error (0)
06-29 21:56:03.070 13053 13053 D wpa_supplicant: WPS:  * Device Password ID (0)
06-29 21:56:03.070 13053 13053 D wpa_supplicant: WPS:  * Manufacturer
06-29 21:56:03.070 13053 13053 D wpa_supplicant: WPS:  * Model Name
06-29 21:56:03.070 13053 13053 D wpa_supplicant: WPS:  * Model Number
06-29 21:56:03.070 13053 13053 D wpa_supplicant: WPS:  * Device Name
06-29 21:56:03.070 13053 13053 D wpa_supplicant: WPS:  * Version2 (0x20)
06-29 21:56:03.070 13053 13053 D wpa_supplicant: wpa_driver_wext_combo_scan: Start
06-29 21:56:03.070 13053 13053 D wpa_supplicant: For Scan: (null)
06-29 21:56:03.129 13053 13053 D wpa_supplicant: Scan requested (ret=0) - scan timeout 30 seconds
06-29 21:56:03.617 13053 13053 D wpa_supplicant: RTM_NEWLINK: operstate=0 ifi_flags=0x11003 ([UP][LOWER_UP])
06-29 21:56:03.617 13053 13053 D wpa_supplicant: RTM_NEWLINK, IFLA_IFNAME: Interface 'wlan0' added
06-29 21:56:03.617 13053 13053 D wpa_supplicant: Wireless event: cmd=0x8b19 len=8
06-29 21:56:03.617 13053 13053 D wpa_supplicant: Received 3361 bytes of scan results (12 BSSes)
06-29 21:56:13.511    82   122 D AudioHardware: AudioHardware pcm playback is exiting standby.
06-29 21:56:13.511    82   122 D AudioHardware: openPcmOut_l() mPcmOpenCnt: 0
06-29 21:56:13.546 19052 19052 D ViewPager: gravity: 48 hgrav: 0 vgrav: 48
06-29 21:56:13.550 19052 19052 D ViewPager: gravity: 48 hgrav: 0 vgrav: 48
06-29 21:56:16.601    82   122 D AudioHardware: AudioHardware pcm playback is going to standby.
06-29 21:56:16.605    82   122 D AudioHardware: closePcmOut_l() mPcmOpenCnt: 1
06-29 21:56:18.625 13053 13053 D wpa_supplicant: WPS: Building WPS IE for Probe Request
06-29 21:56:18.625 13053 13053 D wpa_supplicant: WPS:  * Version (hardcoded 0x10)
06-29 21:56:18.625 13053 13053 D wpa_supplicant: WPS:  * Request Type
06-29 21:56:18.625 13053 13053 D wpa_supplicant: WPS:  * Config Methods (2388)
06-29 21:56:18.625 13053 13053 D wpa_supplicant: WPS:  * UUID-E
06-29 21:56:18.625 13053 13053 D wpa_supplicant: WPS:  * Primary Device Type
06-29 21:56:18.625 13053 13053 D wpa_supplicant: WPS:  * RF Bands (3)
06-29 21:56:18.625 13053 13053 D wpa_supplicant: WPS:  * Association State
06-29 21:56:18.625 13053 13053 D wpa_supplicant: WPS:  * Configuration Error (0)
06-29 21:56:18.625 13053 13053 D wpa_supplicant: WPS:  * Device Password ID (0)
06-29 21:56:18.625 13053 13053 D wpa_supplicant: WPS:  * Manufacturer
06-29 21:56:18.625 13053 13053 D wpa_supplicant: WPS:  * Model Name
06-29 21:56:18.625 13053 13053 D wpa_supplicant: WPS:  * Model Number
06-29 21:56:18.625 13053 13053 D wpa_supplicant: WPS:  * Device Name
06-29 21:56:18.625 13053 13053 D wpa_supplicant: WPS:  * Version2 (0x20)
06-29 21:56:18.625 13053 13053 D wpa_supplicant: wpa_driver_wext_combo_scan: Start
06-29 21:56:18.625 13053 13053 D wpa_supplicant: For Scan: (null)
06-29 21:56:18.683 13053 13053 D wpa_supplicant: Scan requested (ret=0) - scan timeout 30 seconds
06-29 21:56:19.164 13053 13053 D wpa_supplicant: RTM_NEWLINK: operstate=0 ifi_flags=0x11003 ([UP][LOWER_UP])
06-29 21:56:19.164 13053 13053 D wpa_supplicant: RTM_NEWLINK, IFLA_IFNAME: Interface 'wlan0' added
06-29 21:56:19.164 13053 13053 D wpa_supplicant: Wireless event: cmd=0x8b19 len=8
06-29 21:56:19.164 13053 13053 D wpa_supplicant: Received 2765 bytes of scan results (10 BSSes)
06-29 21:56:34.164 13053 13053 D wpa_supplicant: WPS: Building WPS IE for Probe Request
06-29 21:56:34.164 13053 13053 D wpa_supplicant: WPS:  * Version (hardcoded 0x10)
06-29 21:56:34.164 13053 13053 D wpa_supplicant: WPS:  * Request Type
06-29 21:56:34.164 13053 13053 D wpa_supplicant: WPS:  * Config Methods (2388)
06-29 21:56:34.164 13053 13053 D wpa_supplicant: WPS:  * UUID-E
06-29 21:56:34.164 13053 13053 D wpa_supplicant: WPS:  * Primary Device Type
06-29 21:56:34.164 13053 13053 D wpa_supplicant: WPS:  * RF Bands (3)
06-29 21:56:34.164 13053 13053 D wpa_supplicant: WPS:  * Association State
06-29 21:56:34.164 13053 13053 D wpa_supplicant: WPS:  * Configuration Error (0)
06-29 21:56:34.164 13053 13053 D wpa_supplicant: WPS:  * Device Password ID (0)
06-29 21:56:34.164 13053 13053 D wpa_supplicant: WPS:  * Manufacturer
06-29 21:56:34.164 13053 13053 D wpa_supplicant: WPS:  * Model Name
06-29 21:56:34.164 13053 13053 D wpa_supplicant: WPS:  * Model Number
06-29 21:56:34.164 13053 13053 D wpa_supplicant: WPS:  * Device Name
06-29 21:56:34.164 13053 13053 D wpa_supplicant: WPS:  * Version2 (0x20)
06-29 21:56:34.164 13053 13053 D wpa_supplicant: wpa_driver_wext_combo_scan: Start
06-29 21:56:34.164 13053 13053 D wpa_supplicant: For Scan: (null)
06-29 21:56:34.214 13053 13053 D wpa_supplicant: Scan requested (ret=0) - scan timeout 30 seconds
06-29 21:56:34.711 13053 13053 D wpa_supplicant: RTM_NEWLINK: operstate=0 ifi_flags=0x11003 ([UP][LOWER_UP])
06-29 21:56:34.711 13053 13053 D wpa_supplicant: RTM_NEWLINK, IFLA_IFNAME: Interface 'wlan0' added
06-29 21:56:34.711 13053 13053 D wpa_supplicant: Wireless event: cmd=0x8b19 len=8
06-29 21:56:34.711 13053 13053 D wpa_supplicant: Received 3502 bytes of scan results (13 BSSes)
06-29 21:56:49.718 13053 13053 D wpa_supplicant: WPS: Building WPS IE for Probe Request
06-29 21:56:49.718 13053 13053 D wpa_supplicant: WPS:  * Version (hardcoded 0x10)
06-29 21:56:49.718 13053 13053 D wpa_supplicant: WPS:  * Request Type
06-29 21:56:49.718 13053 13053 D wpa_supplicant: WPS:  * Config Methods (2388)
06-29 21:56:49.718 13053 13053 D wpa_supplicant: WPS:  * UUID-E
06-29 21:56:49.718 13053 13053 D wpa_supplicant: WPS:  * Primary Device Type
06-29 21:56:49.718 13053 13053 D wpa_supplicant: WPS:  * RF Bands (3)
06-29 21:56:49.718 13053 13053 D wpa_supplicant: WPS:  * Association State
06-29 21:56:49.718 13053 13053 D wpa_supplicant: WPS:  * Configuration Error (0)
06-29 21:56:49.718 13053 13053 D wpa_supplicant: WPS:  * Device Password ID (0)
06-29 21:56:49.718 13053 13053 D wpa_supplicant: WPS:  * Manufacturer
06-29 21:56:49.718 13053 13053 D wpa_supplicant: WPS:  * Model Name
06-29 21:56:49.718 13053 13053 D wpa_supplicant: WPS:  * Model Number
06-29 21:56:49.718 13053 13053 D wpa_supplicant: WPS:  * Device Name
06-29 21:56:49.718 13053 13053 D wpa_supplicant: WPS:  * Version2 (0x20)
06-29 21:56:49.718 13053 13053 D wpa_supplicant: wpa_driver_wext_combo_scan: Start
06-29 21:56:49.718 13053 13053 D wpa_supplicant: For Scan: (null)
06-29 21:56:49.777 13053 13053 D wpa_supplicant: Scan requested (ret=0) - scan timeout 30 seconds
06-29 21:56:50.257 13053 13053 D wpa_supplicant: RTM_NEWLINK: operstate=0 ifi_flags=0x11003 ([UP][LOWER_UP])
06-29 21:56:50.257 13053 13053 D wpa_supplicant: RTM_NEWLINK, IFLA_IFNAME: Interface 'wlan0' added
06-29 21:56:50.257 13053 13053 D wpa_supplicant: Wireless event: cmd=0x8b19 len=8
06-29 21:56:50.257 13053 13053 D wpa_supplicant: Received 2606 bytes of scan results (9 BSSes)
06-29 21:56:50.386 14117 14119 D dalvikvm: GC_CONCURRENT freed 351K, 6% free 10283K/10887K, paused 23ms+4ms
06-29 21:57:00.140 16999 16999 D dalvikvm: GC_EXPLICIT freed 9K, 4% free 9066K/9347K, paused 1ms+2ms
06-29 21:57:05.265 13053 13053 D wpa_supplicant: WPS: Building WPS IE for Probe Request
06-29 21:57:05.265 13053 13053 D wpa_supplicant: WPS:  * Version (hardcoded 0x10)
06-29 21:57:05.265 13053 13053 D wpa_supplicant: WPS:  * Request Type
06-29 21:57:05.265 13053 13053 D wpa_supplicant: WPS:  * Config Methods (2388)
06-29 21:57:05.265 13053 13053 D wpa_supplicant: WPS:  * UUID-E
06-29 21:57:05.265 13053 13053 D wpa_supplicant: WPS:  * Primary Device Type
06-29 21:57:05.265 13053 13053 D wpa_supplicant: WPS:  * RF Bands (3)
06-29 21:57:05.265 13053 13053 D wpa_supplicant: WPS:  * Association State
06-29 21:57:05.265 13053 13053 D wpa_supplicant: WPS:  * Configuration Error (0)
06-29 21:57:05.265 13053 13053 D wpa_supplicant: WPS:  * Device Password ID (0)
06-29 21:57:05.265 13053 13053 D wpa_supplicant: WPS:  * Manufacturer
06-29 21:57:05.265 13053 13053 D wpa_supplicant: WPS:  * Model Name
06-29 21:57:05.265 13053 13053 D wpa_supplicant: WPS:  * Model Number
06-29 21:57:05.265 13053 13053 D wpa_supplicant: WPS:  * Device Name
06-29 21:57:05.265 13053 13053 D wpa_supplicant: WPS:  * Version2 (0x20)
06-29 21:57:05.265 13053 13053 D wpa_supplicant: wpa_driver_wext_combo_scan: Start
06-29 21:57:05.265 13053 13053 D wpa_supplicant: For Scan: (null)
06-29 21:57:05.328 13053 13053 D wpa_supplicant: Scan requested (ret=0) - scan timeout 30 seconds
06-29 21:57:05.808 13053 13053 D wpa_supplicant: RTM_NEWLINK: operstate=0 ifi_flags=0x11003 ([UP][LOWER_UP])
06-29 21:57:05.808 13053 13053 D wpa_supplicant: RTM_NEWLINK, IFLA_IFNAME: Interface 'wlan0' added
06-29 21:57:05.808 13053 13053 D wpa_supplicant: Wireless event: cmd=0x8b19 len=8
06-29 21:57:05.808 13053 13053 D wpa_supplicant: Received 3645 bytes of scan results (14 BSSes)
06-29 21:57:07.367    82   122 D AudioHardware: AudioHardware pcm playback is exiting standby.
06-29 21:57:07.367    82   122 D AudioHardware: openPcmOut_l() mPcmOpenCnt: 0
06-29 21:57:07.410   151   700 I ActivityManager: START {act=android.intent.action.VIEW dat=http://www.youtube.com/watch?v=E_w5aYLieL8 cmp=com.google.android.youtube/.app.honeycomb.Shell$WatchActivity} from pid 19052
06-29 21:57:07.550   151  1215 I ActivityManager: Start proc com.google.android.youtube for activity com.google.android.youtube/.app.honeycomb.Shell$WatchActivity: pid=19512 uid=10056 gids={3003, 1015, 1006}
06-29 21:57:07.757   151   153 D dalvikvm: GC_CONCURRENT freed 1897K, 37% free 17644K/27847K, paused 3ms+17ms
06-29 21:57:07.824 19512 19514 D dalvikvm: GC_CONCURRENT freed 155K, 3% free 9359K/9607K, paused 6ms+7ms
06-29 21:57:07.894 19512 19512 I ActivityThread: Pub com.google.android.youtube.SuggestionProvider: com.google.android.youtube.core.suggest.SuggestionProvider
06-29 21:57:08.086   151   167 I Process : Sending signal. PID: 19512 SIG: 3
06-29 21:57:08.086 19512 19516 I dalvikvm: threadid=3: reacting to signal 3
06-29 21:57:08.136 19512 19516 I dalvikvm: Wrote stack traces to '/data/anr/traces.txt'
06-29 21:57:08.359 19512 19514 D dalvikvm: GC_CONCURRENT freed 352K, 5% free 9482K/9927K, paused 31ms+2ms
06-29 21:57:08.359 19512 19521 W CursorWrapperInner: Cursor finalized without prior close()
06-29 21:57:08.359 19512 19521 W CursorWrapperInner: Cursor finalized without prior close()
06-29 21:57:08.515 19512 19514 D dalvikvm: GC_CONCURRENT freed 241K, 4% free 9724K/10055K, paused 2ms+3ms
06-29 21:57:08.582   151   163 I ActivityManager: START {act=android.intent.action.VIEW dat=http://www.youtube.com/watch?v=E_w5aYLieL8 cmp=com.google.android.youtube/.app.honeycomb.phone.WatchActivity} from pid 19512
06-29 21:57:08.586   151   167 I Process : Sending signal. PID: 19512 SIG: 3
06-29 21:57:08.586 19512 19516 I dalvikvm: threadid=3: reacting to signal 3
06-29 21:57:08.613 19512 19516 I dalvikvm: Wrote stack traces to '/data/anr/traces.txt'
06-29 21:57:08.675 19052 19052 D OpenGLRenderer: Flushing caches (mode 1)
06-29 21:57:08.867 19512 19514 D dalvikvm: GC_CONCURRENT freed 172K, 3% free 10017K/10311K, paused 3ms+3ms
06-29 21:57:09.023 19512 19514 D dalvikvm: GC_CONCURRENT freed 122K, 3% free 10351K/10567K, paused 2ms+2ms
06-29 21:57:09.054 19512 19512 D dalvikvm: GC_FOR_ALLOC freed 94K, 4% free 10532K/10887K, paused 20ms
06-29 21:57:09.129 19512 19512 D dalvikvm: GC_FOR_ALLOC freed 25K, 3% free 10738K/11015K, paused 24ms
06-29 21:57:09.132 19512 19512 I dalvikvm-heap: Grow heap (frag case) to 12.533MB for 2073616-byte allocation
06-29 21:57:09.148   151   167 I Process : Sending signal. PID: 19512 SIG: 3
06-29 21:57:09.148 19512 19516 I dalvikvm: threadid=3: reacting to signal 3
06-29 21:57:09.254 19512 19516 I dalvikvm: Wrote stack traces to '/data/anr/traces.txt'
06-29 21:57:09.265 19512 19514 D dalvikvm: GC_CONCURRENT freed 2K, 3% free 12761K/13063K, paused 2ms+2ms
06-29 21:57:09.429   151  1212 I AudioService:  AudioFocus  requestAudioFocus() from android.media.AudioManager@4173faa8
06-29 21:57:09.648   151   167 I Process : Sending signal. PID: 19512 SIG: 3
06-29 21:57:09.648 19512 19516 I dalvikvm: threadid=3: reacting to signal 3
06-29 21:57:09.683 19512 19516 I dalvikvm: Wrote stack traces to '/data/anr/traces.txt'
06-29 21:57:09.730 19512 19512 D libEGL  : loaded /system/lib/egl/libGLES_android.so
06-29 21:57:09.742 19512 19512 D libEGL  : loaded /vendor/lib/egl/libEGL_POWERVR_SGX540_120.so
06-29 21:57:09.765 19512 19512 D libEGL  : loaded /vendor/lib/egl/libGLESv1_CM_POWERVR_SGX540_120.so
06-29 21:57:09.769 19512 19512 D libEGL  : loaded /vendor/lib/egl/libGLESv2_POWERVR_SGX540_120.so
06-29 21:57:09.828 19512 19512 D OpenGLRenderer: Enabling debug mode 0
06-29 21:57:09.914   151   196 I ActivityManager: Displayed com.google.android.youtube/.app.honeycomb.phone.WatchActivity: +1s269ms (total +2s390ms)
06-29 21:57:09.925 19052 19052 D OpenGLRenderer: Flushing caches (mode 0)
06-29 21:57:10.039   151  1214 W InputManagerService: Starting input on non-focused client com.android.internal.view.IInputMethodClient$Stub$Proxy@4189e960 (uid=10078 pid=19052)
06-29 21:57:10.164 19052 19052 D OpenGLRenderer: Flushing caches (mode 2)
06-29 21:57:10.199 19052 19052 D OpenGLRenderer: Flushing caches (mode 0)
06-29 21:57:10.199 19052 19052 W ManagedEGLContext: doTerminate failed: EGL count is 2 but managed count is 1
06-29 21:57:10.461    82   122 D AudioHardware: AudioHardware pcm playback is going to standby.
06-29 21:57:10.461    82   122 D AudioHardware: closePcmOut_l() mPcmOpenCnt: 1
06-29 21:57:11.121 19512 19551 D MediaPlayer: Couldn't open file on client side, trying server side
06-29 21:57:11.152    82  3717 I AwesomePlayer: setDataSource_l('http://redirector.c.youtube.com/videoplayback?id=13fc396982e278bf&itag=36&source=youtube&uaopt=no-save&upn=J1mtN1UH-nw&el=videos&devKey=ATpxuMO4AN5NR1nGmfaQDBQO88HsQjpE1a8d1GxQnGDm&app=youtube_gdata&ip=0.0.0.0&ipbits=0&expire=1341050233&sparams=id,itag,source,uaopt,upn,ip,ipbits,expire&signature=5B4BFC7EE981A5FB545C74E0CEB8DE670886D327.5FB67BBF9CF0B12E26A6E1B6848904C99D5F6274&key=yta1&androidcid=android-google&dnc=1')
06-29 21:57:11.164    82 19560 V ChromiumHTTPDataSource: connect on behalf of uid 10056
06-29 21:57:11.164    82 19560 I ChromiumHTTPDataSource: connect to http://redirector.c.youtube.com/videoplayback?id=13fc396982e278bf&itag=36&source=youtube&uaopt=no-save&upn=J1mtN1UH-nw&el=videos&devKey=ATpxuMO4AN5NR1nGmfaQDBQO88HsQjpE1a8d1GxQnGDm&app=youtube_gdata&ip=0.0.0.0&ipbits=0&expire=1341050233&sparams=id,itag,source,uaopt,upn,ip,ipbits,expire&signature=5B4BFC7EE981A5FB545C74E0CEB8DE670886D327.5FB67BBF9CF0B12E26A6E1B6848904C99D5F6274&key=yta1&androidcid=android-google&dnc=1 @0
06-29 21:57:11.281 19512 19514 D dalvikvm: GC_CONCURRENT freed 478K, 5% free 13448K/14023K, paused 4ms+10ms
06-29 21:57:11.625   151   201 I InputReader: Reconfiguring input devices.  changes=0x00000004
06-29 21:57:11.625   151   201 I InputReader: Device reconfigured: id=7, name='mxt224_ts_input', surface size is now 480x800, mode is 1
06-29 21:57:11.648   151   167 I ActivityManager: Config changed: {1.0 310mcc120mnc en_US layoutdir=0 sw320dp w533dp h294dp nrml long land finger -keyb/v/h -nav/h s.37}
06-29 21:57:11.730 19512 19512 D OpenGLRenderer: Flushing caches (mode 0)
06-29 21:57:11.804   327   329 D dalvikvm: GC_CONCURRENT freed 542K, 64% free 10254K/27719K, paused 5ms+14ms
06-29 21:57:12.222   327   327 D dalvikvm: GC_FOR_ALLOC freed 408K, 64% free 10168K/27719K, paused 114ms
06-29 21:57:12.714 19512 19514 D dalvikvm: GC_CONCURRENT freed 1177K, 9% free 13787K/15047K, paused 4ms+6ms
06-29 21:57:12.820 16920 19569 I ControllerImpl: GET:http://image.weather.com/mobile/android/iwitness_categories/english.xml
06-29 21:57:12.820 16920 19569 I DAL     : GET:http://image.weather.com/mobile/android/iwitness_categories/english.xml
06-29 21:57:12.886   151   429 I ActivityManager: Start proc twc.provider for content provider com.weather.Weather/com.weather.dal.LocationListProvider: pid=19570 uid=10057 gids={1015, 3003, 1006}
06-29 21:57:12.898 19570 19570 I dalvikvm: Turning on JNI app bug workarounds for target SDK version 13...
06-29 21:57:13.125 19570 19572 D dalvikvm: GC_CONCURRENT freed 165K, 3% free 9371K/9607K, paused 3ms+2ms
06-29 21:57:13.152 19570 19570 I ActivityThread: Pub com.weather.Weather.ads.DynamicConfigProvider: com.weather.Weather.ads.DynamicConfigProvider
06-29 21:57:13.211 19570 19570 I ActivityThread: Pub com.weather.dal.LocationListProvider: com.weather.dal.LocationListProvider
06-29 21:57:13.289 14117 14135 D androidNetworkLocationListeners: Still have listener com.google.android.location.internal.client.NetworkLocationClient$1@41385d30
06-29 21:57:13.293 13053 13053 D wpa_supplicant: wpa_driver_wext_driver_cmd SETSUSPENDOPT 0 len = 4096
06-29 21:57:13.293 13053 13053 D wpa_supplicant: wpa_driver_wext_driver_cmd SETSUSPENDOPT 0 len = 0, 15
06-29 21:57:13.293 13053 13053 D wpa_supplicant: wpa_driver_wext_driver_cmd POWERMODE 0 len = 4096
06-29 21:57:13.300 14117 14135 D androidNetworkLocationListeners: Still have listener com.google.android.location.internal.client.NetworkLocationClient$1@41385d30
06-29 21:57:13.308 13053 13053 D wpa_supplicant: wpa_driver_wext_driver_cmd OK len = 0, 2
06-29 21:57:13.332 16920 19586 I ControllerImpl: GET:http://wxdata.weather.com/wxdata/loc/get.js?lat=42.8881341&lng=-78.8723639&locale=en_US&key=e88d42ec-a740-102c-bafd-001321203584
06-29 21:57:13.332 16920 19586 I DAL     : GET:http://wxdata.weather.com/wxdata/loc/get.js?lat=42.8881341&lng=-78.8723639&locale=en_US&key=e88d42ec-a740-102c-bafd-001321203584
06-29 21:57:13.418 13053 13053 D wpa_supplicant: wpa_driver_wext_driver_cmd SETSUSPENDOPT 0 len = 4096
06-29 21:57:13.418 13053 13053 D wpa_supplicant: wpa_driver_wext_driver_cmd SETSUSPENDOPT 0 len = 0, 15
06-29 21:57:13.418 13053 13053 D wpa_supplicant: wpa_driver_wext_driver_cmd POWERMODE 0 len = 4096
06-29 21:57:13.425 13053 13053 D wpa_supplicant: wpa_driver_wext_driver_cmd OK len = 0, 2
06-29 21:57:13.425 13053 13053 D wpa_supplicant: wpa_driver_wext_driver_cmd SETSUSPENDOPT 0 len = 4096
06-29 21:57:13.425 13053 13053 D wpa_supplicant: wpa_driver_wext_driver_cmd SETSUSPENDOPT 0 len = 0, 15
06-29 21:57:13.425 13053 13053 D wpa_supplicant: wpa_driver_wext_driver_cmd POWERMODE 0 len = 4096
06-29 21:57:13.425 13053 13053 D wpa_supplicant: wpa_driver_wext_driver_cmd OK len = 0, 2
06-29 21:57:13.425 13053 13053 D wpa_supplicant: WPS: Building WPS IE for Probe Request
06-29 21:57:13.425 13053 13053 D wpa_supplicant: WPS:  * Version (hardcoded 0x10)
06-29 21:57:13.425 13053 13053 D wpa_supplicant: WPS:  * Request Type
06-29 21:57:13.425 13053 13053 D wpa_supplicant: WPS:  * Config Methods (2388)
06-29 21:57:13.425 13053 13053 D wpa_supplicant: WPS:  * UUID-E
06-29 21:57:13.425 13053 13053 D wpa_supplicant: WPS:  * Primary Device Type
06-29 21:57:13.425 13053 13053 D wpa_supplicant: WPS:  * RF Bands (3)
06-29 21:57:13.425 13053 13053 D wpa_supplicant: WPS:  * Association State
06-29 21:57:13.425 13053 13053 D wpa_supplicant: WPS:  * Configuration Error (0)
06-29 21:57:13.425 13053 13053 D wpa_supplicant: WPS:  * Device Password ID (0)
06-29 21:57:13.425 13053 13053 D wpa_supplicant: WPS:  * Manufacturer
06-29 21:57:13.425 13053 13053 D wpa_supplicant: WPS:  * Model Name
06-29 21:57:13.425 13053 13053 D wpa_supplicant: WPS:  * Model Number
06-29 21:57:13.425 13053 13053 D wpa_supplicant: WPS:  * Device Name
06-29 21:57:13.425 13053 13053 D wpa_supplicant: WPS:  * Version2 (0x20)
06-29 21:57:13.425 13053 13053 D wpa_supplicant: wpa_driver_wext_combo_scan: Start
06-29 21:57:13.425 13053 13053 D wpa_supplicant: For Scan: (null)
06-29 21:57:13.464 14117 14135 D androidNetworkLocationListeners: Still have listener com.google.android.location.internal.client.NetworkLocationClient$1@41385d30
06-29 21:57:13.472 13053 13053 D wpa_supplicant: Scan requested (ret=0) - scan timeout 30 seconds
06-29 21:57:13.472 13053 13053 D wpa_supplicant: Ongoing scan action - reject new request
06-29 21:57:13.496 16920 19587 I ControllerImpl: GET:http://wxdata.weather.com/wxdata/loc/get.js?lat=42.8881276&lng=-78.8723966&locale=en_US&key=e88d42ec-a740-102c-bafd-001321203584
06-29 21:57:13.500 16920 19587 I DAL     : GET:http://wxdata.weather.com/wxdata/loc/get.js?lat=42.8881276&lng=-78.8723966&locale=en_US&key=e88d42ec-a740-102c-bafd-001321203584
06-29 21:57:13.816 16920 16922 D dalvikvm: GC_CONCURRENT freed 400K, 7% free 9855K/10503K, paused 10ms+4ms
06-29 21:57:13.961 13053 13053 D wpa_supplicant: RTM_NEWLINK: operstate=0 ifi_flags=0x11003 ([UP][LOWER_UP])
06-29 21:57:13.961 13053 13053 D wpa_supplicant: RTM_NEWLINK, IFLA_IFNAME: Interface 'wlan0' added
06-29 21:57:13.961 13053 13053 D wpa_supplicant: Wireless event: cmd=0x8b19 len=8
06-29 21:57:13.961 13053 13053 D wpa_supplicant: Received 2974 bytes of scan results (11 BSSes)
06-29 21:57:14.074   151   705 I ActivityManager: Process com.android.inputmethod.latin (pid 19458) has died.
06-29 21:57:14.089    82 19560 I OMXCodec: [OMX.SEC.MPEG4.Decoder] video dimensions are 320 x 240
06-29 21:57:14.164 16920 16920 D WeatherGadgetService: WeatherGadetService.getWeatherData:Buffalo, NY (14203), **FOLLOW_ME**
06-29 21:57:14.168 16920 16920 D DAL     : WeatherDataConnection request:Buffalo, NY (14203), CC
06-29 21:57:14.168 16920 16920 D DAL     : WeatherDataConnection request:Buffalo, NY (14203), WA
06-29 21:57:14.199 16920 19569 D DAL     : hhh onRemoval: cause:EXPIRED, Buffalo, NY (14203)
06-29 21:57:14.199 16920 19569 D DAL     : FILE MEMCACHE-MISS:Buffalo, NY (14203)
06-29 21:57:14.203 16920 19569 D DAL     : hhh onRemoval: cause:EXPIRED, http://wxdata.weather.com/wxdata/mobile/mobagg/14203.js?locale=en_US&key=e88d42ec-a740-102c-bafd-001321203584
06-29 21:57:14.203 16920 19569 D DAL     : FILE MEMCACHE-MISS:http://wxdata.weather.com/wxdata/mobile/mobagg/14203.js?locale=en_US&key=e88d42ec-a740-102c-bafd-001321203584
06-29 21:57:14.203 16920 19594 D DAL     : hhh onRemoval: cause:EXPIRED, Buffalo, NY (14203)
06-29 21:57:14.203 16920 19594 D DAL     : FILE MEMCACHE-MISS:Buffalo, NY (14203)
06-29 21:57:14.203 16920 19569 I ControllerImpl: GET:http://wxdata.weather.com/wxdata/mobile/mobagg/14203.js?locale=en_US&key=e88d42ec-a740-102c-bafd-001321203584
06-29 21:57:14.207 16920 19569 I DAL     : GET:http://wxdata.weather.com/wxdata/mobile/mobagg/14203.js?locale=en_US&key=e88d42ec-a740-102c-bafd-001321203584
06-29 21:57:14.257 14117 14119 D dalvikvm: GC_CONCURRENT freed 526K, 6% free 10269K/10887K, paused 2ms+8ms
06-29 21:57:14.269 13053 13053 D wpa_supplicant: wpa_driver_wext_driver_cmd SETSUSPENDOPT 0 len = 4096
06-29 21:57:14.269 13053 13053 D wpa_supplicant: wpa_driver_wext_driver_cmd SETSUSPENDOPT 0 len = 0, 15
06-29 21:57:14.269 13053 13053 D wpa_supplicant: wpa_driver_wext_driver_cmd POWERMODE 0 len = 4096
06-29 21:57:14.269 13053 13053 D wpa_supplicant: wpa_driver_wext_driver_cmd OK len = 0, 2
06-29 21:57:14.300 16920 16920 D WeatherGadgetService: WeatherGadetService.getWeatherData:Buffalo, NY (14203), **FOLLOW_ME**
06-29 21:57:14.304 16920 16920 D DAL     : WeatherDataConnection request:Buffalo, NY (14203), CC
06-29 21:57:14.312 16920 16920 D DAL     : WeatherDataConnection request:Buffalo, NY (14203), WA
06-29 21:57:14.457   151   196 D dalvikvm: GC_EXPLICIT freed 409K, 38% free 17482K/27847K, paused 8ms+7ms
06-29 21:57:15.183    82 19592 W SoftAAC : Sample rate was 44100 Hz, but now is 22050 Hz
06-29 21:57:15.203    82   122 D AudioHardware: AudioHardware pcm playback is exiting standby.
06-29 21:57:15.203    82   122 D AudioHardware: openPcmOut_l() mPcmOpenCnt: 0
06-29 21:57:15.453 16920 19569 D DAL     : Deleting old file:22350354-AGG-http+wxdata+weather+com+wxdata+mobile+mobagg+14203+js+locale+en_US+key+e88d42ec-a740-102c-bafd-001321203584
06-29 21:57:15.488 16920 16922 D dalvikvm: GC_CONCURRENT freed 538K, 7% free 9775K/10503K, paused 4ms+11ms
06-29 21:57:15.546 16920 19569 D dalvikvm: GC_FOR_ALLOC freed 109K, 8% free 9766K/10503K, paused 42ms
06-29 21:57:15.578 16920 19569 D DAL     : Deleting old file:22350354-DISCRETE_CC-Buffalo+NY+(14203)
06-29 21:57:15.578 16920 19594 D DAL     : Deleting old file:22350354-DISCRETE_WA-Buffalo+NY+(14203)
06-29 21:57:15.976 19512 19514 D dalvikvm: GC_CONCURRENT freed 1181K, 9% free 14117K/15431K, paused 2ms+4ms
06-29 21:57:28.961 13053 13053 D wpa_supplicant: WPS: Building WPS IE for Probe Request
06-29 21:57:28.964 13053 13053 D wpa_supplicant: WPS:  * Version (hardcoded 0x10)
06-29 21:57:28.964 13053 13053 D wpa_supplicant: WPS:  * Request Type
06-29 21:57:28.964 13053 13053 D wpa_supplicant: WPS:  * Config Methods (2388)
06-29 21:57:28.964 13053 13053 D wpa_supplicant: WPS:  * UUID-E
06-29 21:57:28.964 13053 13053 D wpa_supplicant: WPS:  * Primary Device Type
06-29 21:57:28.964 13053 13053 D wpa_supplicant: WPS:  * RF Bands (3)
06-29 21:57:28.964 13053 13053 D wpa_supplicant: WPS:  * Association State
06-29 21:57:28.964 13053 13053 D wpa_supplicant: WPS:  * Configuration Error (0)
06-29 21:57:28.964 13053 13053 D wpa_supplicant: WPS:  * Device Password ID (0)
06-29 21:57:28.964 13053 13053 D wpa_supplicant: WPS:  * Manufacturer
06-29 21:57:28.964 13053 13053 D wpa_supplicant: WPS:  * Model Name
06-29 21:57:28.964 13053 13053 D wpa_supplicant: WPS:  * Model Number
06-29 21:57:28.964 13053 13053 D wpa_supplicant: WPS:  * Device Name
06-29 21:57:28.964 13053 13053 D wpa_supplicant: WPS:  * Version2 (0x20)
06-29 21:57:28.964 13053 13053 D wpa_supplicant: wpa_driver_wext_combo_scan: Start
06-29 21:57:28.964 13053 13053 D wpa_supplicant: For Scan: (null)
06-29 21:57:29.019 13053 13053 D wpa_supplicant: Scan requested (ret=0) - scan timeout 30 seconds
06-29 21:57:29.507 13053 13053 D wpa_supplicant: RTM_NEWLINK: operstate=0 ifi_flags=0x11003 ([UP][LOWER_UP])
06-29 21:57:29.507 13053 13053 D wpa_supplicant: RTM_NEWLINK, IFLA_IFNAME: Interface 'wlan0' added
06-29 21:57:29.507 13053 13053 D wpa_supplicant: Wireless event: cmd=0x8b19 len=8
06-29 21:57:29.507 13053 13053 D wpa_supplicant: Received 2648 bytes of scan results (9 BSSes)
06-29 21:57:44.515 13053 13053 D wpa_supplicant: WPS: Building WPS IE for Probe Request
06-29 21:57:44.515 13053 13053 D wpa_supplicant: WPS:  * Version (hardcoded 0x10)
06-29 21:57:44.515 13053 13053 D wpa_supplicant: WPS:  * Request Type
06-29 21:57:44.515 13053 13053 D wpa_supplicant: WPS:  * Config Methods (2388)
06-29 21:57:44.515 13053 13053 D wpa_supplicant: WPS:  * UUID-E
06-29 21:57:44.515 13053 13053 D wpa_supplicant: WPS:  * Primary Device Type
06-29 21:57:44.515 13053 13053 D wpa_supplicant: WPS:  * RF Bands (3)
06-29 21:57:44.515 13053 13053 D wpa_supplicant: WPS:  * Association State
06-29 21:57:44.515 13053 13053 D wpa_supplicant: WPS:  * Configuration Error (0)
06-29 21:57:44.515 13053 13053 D wpa_supplicant: WPS:  * Device Password ID (0)
06-29 21:57:44.515 13053 13053 D wpa_supplicant: WPS:  * Manufacturer
06-29 21:57:44.515 13053 13053 D wpa_supplicant: WPS:  * Model Name
06-29 21:57:44.515 13053 13053 D wpa_supplicant: WPS:  * Model Number
06-29 21:57:44.515 13053 13053 D wpa_supplicant: WPS:  * Device Name
06-29 21:57:44.515 13053 13053 D wpa_supplicant: WPS:  * Version2 (0x20)
06-29 21:57:44.515 13053 13053 D wpa_supplicant: wpa_driver_wext_combo_scan: Start
06-29 21:57:44.515 13053 13053 D wpa_supplicant: For Scan: (null)
06-29 21:57:44.574 13053 13053 D wpa_supplicant: Scan requested (ret=0) - scan timeout 30 seconds
06-29 21:57:45.058 13053 13053 D wpa_supplicant: RTM_NEWLINK: operstate=0 ifi_flags=0x11003 ([UP][LOWER_UP])
06-29 21:57:45.058 13053 13053 D wpa_supplicant: RTM_NEWLINK, IFLA_IFNAME: Interface 'wlan0' added
06-29 21:57:45.058 13053 13053 D wpa_supplicant: Wireless event: cmd=0x8b19 len=8
06-29 21:57:45.058 13053 13053 D wpa_supplicant: Received 2633 bytes of scan results (9 BSSes)
06-29 21:57:51.879 19381 19394 I PhoneLab-: Service Running
06-29 21:57:52.004 19381 19394 I PhoneLab-LoggerService: app_38    1593  1     1064   612   c00f181c 400107b4 S logcat
06-29 21:57:52.004 19381 19394 I PhoneLab-LoggerService: Logcat pid from database 1593
06-29 21:57:52.004 19381 19394 I PhoneLab-LoggerService: Logcat process found 1593
06-29 21:57:52.007 19381 19394 I PhoneLab-LoggerService: Checking Threshold
06-29 21:57:55.531 14117 17464 I EventLogService: Aggregate from 1341019675431 (log), 1341019675431 (data)
06-29 21:58:00.074 13053 13053 D wpa_supplicant: WPS: Building WPS IE for Probe Request
06-29 21:58:00.074 13053 13053 D wpa_supplicant: WPS:  * Version (hardcoded 0x10)
06-29 21:58:00.074 13053 13053 D wpa_supplicant: WPS:  * Request Type
06-29 21:58:00.074 13053 13053 D wpa_supplicant: WPS:  * Config Methods (2388)
06-29 21:58:00.074 13053 13053 D wpa_supplicant: WPS:  * UUID-E
06-29 21:58:00.074 13053 13053 D wpa_supplicant: WPS:  * Primary Device Type
06-29 21:58:00.074 13053 13053 D wpa_supplicant: WPS:  * RF Bands (3)
06-29 21:58:00.074 13053 13053 D wpa_supplicant: WPS:  * Association State
06-29 21:58:00.074 13053 13053 D wpa_supplicant: WPS:  * Configuration Error (0)
06-29 21:58:00.074 13053 13053 D wpa_supplicant: WPS:  * Device Password ID (0)
06-29 21:58:00.074 13053 13053 D wpa_supplicant: WPS:  * Manufacturer
06-29 21:58:00.074 13053 13053 D wpa_supplicant: WPS:  * Model Name
06-29 21:58:00.074 13053 13053 D wpa_supplicant: WPS:  * Model Number
06-29 21:58:00.074 13053 13053 D wpa_supplicant: WPS:  * Device Name
06-29 21:58:00.074 13053 13053 D wpa_supplicant: WPS:  * Version2 (0x20)
06-29 21:58:00.074 13053 13053 D wpa_supplicant: wpa_driver_wext_combo_scan: Start
06-29 21:58:00.074 13053 13053 D wpa_supplicant: For Scan: (null)
06-29 21:58:00.129 13053 13053 D wpa_supplicant: Scan requested (ret=0) - scan timeout 30 seconds
06-29 21:58:00.187 16999 16999 D dalvikvm: GC_EXPLICIT freed 10K, 4% free 9066K/9347K, paused 6ms+3ms
06-29 21:58:00.613 13053 13053 D wpa_supplicant: RTM_NEWLINK: operstate=0 ifi_flags=0x11003 ([UP][LOWER_UP])
06-29 21:58:00.613 13053 13053 D wpa_supplicant: RTM_NEWLINK, IFLA_IFNAME: Interface 'wlan0' added
06-29 21:58:00.613 13053 13053 D wpa_supplicant: Wireless event: cmd=0x8b19 len=8
06-29 21:58:00.613 13053 13053 D wpa_supplicant: Received 2435 bytes of scan results (8 BSSes)
06-29 21:58:15.629 13053 13053 D wpa_supplicant: WPS: Building WPS IE for Probe Request
06-29 21:58:15.629 13053 13053 D wpa_supplicant: WPS:  * Version (hardcoded 0x10)
06-29 21:58:15.629 13053 13053 D wpa_supplicant: WPS:  * Request Type
06-29 21:58:15.629 13053 13053 D wpa_supplicant: WPS:  * Config Methods (2388)
06-29 21:58:15.629 13053 13053 D wpa_supplicant: WPS:  * UUID-E
06-29 21:58:15.629 13053 13053 D wpa_supplicant: WPS:  * Primary Device Type
06-29 21:58:15.629 13053 13053 D wpa_supplicant: WPS:  * RF Bands (3)
06-29 21:58:15.629 13053 13053 D wpa_supplicant: WPS:  * Association State
06-29 21:58:15.629 13053 13053 D wpa_supplicant: WPS:  * Configuration Error (0)
06-29 21:58:15.629 13053 13053 D wpa_supplicant: WPS:  * Device Password ID (0)
06-29 21:58:15.629 13053 13053 D wpa_supplicant: WPS:  * Manufacturer
06-29 21:58:15.629 13053 13053 D wpa_supplicant: WPS:  * Model Name
06-29 21:58:15.629 13053 13053 D wpa_supplicant: WPS:  * Model Number
06-29 21:58:15.629 13053 13053 D wpa_supplicant: WPS:  * Device Name
06-29 21:58:15.629 13053 13053 D wpa_supplicant: WPS:  * Version2 (0x20)
06-29 21:58:15.629 13053 13053 D wpa_supplicant: wpa_driver_wext_combo_scan: Start
06-29 21:58:15.629 13053 13053 D wpa_supplicant: For Scan: (null)
06-29 21:58:15.679 13053 13053 D wpa_supplicant: Scan requested (ret=0) - scan timeout 30 seconds
06-29 21:58:16.164 13053 13053 D wpa_supplicant: RTM_NEWLINK: operstate=0 ifi_flags=0x11003 ([UP][LOWER_UP])
06-29 21:58:16.164 13053 13053 D wpa_supplicant: RTM_NEWLINK, IFLA_IFNAME: Interface 'wlan0' added
06-29 21:58:16.164 13053 13053 D wpa_supplicant: Wireless event: cmd=0x8b19 len=8
06-29 21:58:16.164 13053 13053 D wpa_supplicant: Received 2024 bytes of scan results (7 BSSes)
06-29 21:58:31.171 13053 13053 D wpa_supplicant: WPS: Building WPS IE for Probe Request
06-29 21:58:31.171 13053 13053 D wpa_supplicant: WPS:  * Version (hardcoded 0x10)
06-29 21:58:31.171 13053 13053 D wpa_supplicant: WPS:  * Request Type
06-29 21:58:31.171 13053 13053 D wpa_supplicant: WPS:  * Config Methods (2388)
06-29 21:58:31.171 13053 13053 D wpa_supplicant: WPS:  * UUID-E
06-29 21:58:31.171 13053 13053 D wpa_supplicant: WPS:  * Primary Device Type
06-29 21:58:31.171 13053 13053 D wpa_supplicant: WPS:  * RF Bands (3)
06-29 21:58:31.171 13053 13053 D wpa_supplicant: WPS:  * Association State
06-29 21:58:31.171 13053 13053 D wpa_supplicant: WPS:  * Configuration Error (0)
06-29 21:58:31.171 13053 13053 D wpa_supplicant: WPS:  * Device Password ID (0)
06-29 21:58:31.171 13053 13053 D wpa_supplicant: WPS:  * Manufacturer
06-29 21:58:31.171 13053 13053 D wpa_supplicant: WPS:  * Model Name
06-29 21:58:31.171 13053 13053 D wpa_supplicant: WPS:  * Model Number
06-29 21:58:31.171 13053 13053 D wpa_supplicant: WPS:  * Device Name
06-29 21:58:31.171 13053 13053 D wpa_supplicant: WPS:  * Version2 (0x20)
06-29 21:58:31.171 13053 13053 D wpa_supplicant: wpa_driver_wext_combo_scan: Start
06-29 21:58:31.171 13053 13053 D wpa_supplicant: For Scan: (null)
06-29 21:58:31.226 13053 13053 D wpa_supplicant: Scan requested (ret=0) - scan timeout 30 seconds
06-29 21:58:31.718 13053 13053 D wpa_supplicant: RTM_NEWLINK: operstate=0 ifi_flags=0x11003 ([UP][LOWER_UP])
06-29 21:58:31.718 13053 13053 D wpa_supplicant: RTM_NEWLINK, IFLA_IFNAME: Interface 'wlan0' added
06-29 21:58:31.718 13053 13053 D wpa_supplicant: Wireless event: cmd=0x8b19 len=8
06-29 21:58:31.718 13053 13053 D wpa_supplicant: Received 2869 bytes of scan results (10 BSSes)
06-29 21:58:43.046 13053 13053 D wpa_supplicant: WPS: Building WPS IE for Probe Request
06-29 21:58:43.046 13053 13053 D wpa_supplicant: WPS:  * Version (hardcoded 0x10)
06-29 21:58:43.046 13053 13053 D wpa_supplicant: WPS:  * Request Type
06-29 21:58:43.046 13053 13053 D wpa_supplicant: WPS:  * Config Methods (2388)
06-29 21:58:43.046 13053 13053 D wpa_supplicant: WPS:  * UUID-E
06-29 21:58:43.046 13053 13053 D wpa_supplicant: WPS:  * Primary Device Type
