07-04 18:53:27.168  6647  6660 I PhoneLab-: Service Running
07-04 18:53:27.191  6647  6660 I PhoneLab-LoggerService: app_38    1593  1     1064   612   c00f181c 400107b4 S logcat
07-04 18:53:27.191  6647  6660 I PhoneLab-LoggerService: Logcat pid from database 1593
07-04 18:53:27.191  6647  6660 I PhoneLab-LoggerService: Logcat process found 1593
07-04 18:53:27.191  6647  6660 I PhoneLab-LoggerService: Checking Threshold
07-04 18:53:27.191  6647  6660 I PhoneLab-: Service Running
07-04 18:53:27.218  6647  6660 I PhoneLab-LoggerService: app_38    1593  1     1064   612   c00f181c 400107b4 S logcat
07-04 18:53:27.218  6647  6660 I PhoneLab-LoggerService: Logcat pid from database 1593
07-04 18:53:27.218  6647  6660 I PhoneLab-LoggerService: Logcat process found 1593
07-04 18:53:27.218  6647  6660 I PhoneLab-LoggerService: Checking Threshold
07-04 18:53:27.218  6647  6660 I PhoneLab-: Service Running
07-04 18:53:27.246  6647  6660 I PhoneLab-LoggerService: app_38    1593  1     1064   612   c00f181c 400107b4 S logcat
07-04 18:53:27.246  6647  6660 I PhoneLab-LoggerService: Logcat pid from database 1593
07-04 18:53:27.246  6647  6660 I PhoneLab-LoggerService: Logcat process found 1593
07-04 18:53:27.246  6647  6660 I PhoneLab-LoggerService: Checking Threshold
07-04 18:53:27.523  6749  6913 D WifiLocator: Too many no-location APs. Will not compute a location nor go to the server. hasLocation=0 noLocation=0 cacheMiss=0
07-04 18:54:12.261  6749  6933 D androidNetworkLocationListeners: Still have listener com.google.android.location.internal.client.NetworkLocationClient$1@41433c00
07-04 18:54:12.269  6749  6933 D androidNetworkLocationListeners: Still have listener com.google.android.location.internal.client.NetworkLocationClient$1@41433c00
07-04 18:54:12.269  6749  6913 D WifiLocator: Too many no-location APs. Will not compute a location nor go to the server. hasLocation=0 noLocation=0 cacheMiss=0
07-04 18:54:12.300  6749  6913 D WifiLocator: Too many no-location APs. Will not compute a location nor go to the server. hasLocation=0 noLocation=0 cacheMiss=0
07-04 18:54:18.339  6647  6647 I PhoneLab-Locks: wake lock acquired
07-04 18:54:18.386  6647  7502 I PhoneLab-PeriodicCheckService: User info is synched
07-04 18:54:18.406  6647  7502 I PhoneLab-PeriodicCheckService: Logger Service is running
07-04 18:54:18.406  6647  7502 I PhoneLab-Locks: wake lock acquired
07-04 18:54:18.410  6647  6647 I PhoneLab-UploadLogs: Transfering log files now
07-04 18:54:18.410  6647  6647 I PhoneLab-UploadLogs: No log files to transfer
07-04 18:54:18.410  6647  6647 I PhoneLab-Locks: wake lock released
07-04 18:54:18.414  6647  6647 I PhoneLab-UploadLogs: OnStartCommand
07-04 18:54:18.414  6647  7502 I PhoneLab-PeriodicCheckService: Rescheduling periodic checking...
07-04 18:54:18.418  6647  7502 I PhoneLab-Locks: wake lock released
07-04 18:54:57.199  6647  6649 D dalvikvm: GC_CONCURRENT freed 425K, 14% free 9205K/10631K, paused 2ms+2ms
07-04 18:54:57.316  6749  6913 D WifiLocator: Too many no-location APs. Will not compute a location nor go to the server. hasLocation=0 noLocation=0 cacheMiss=0
07-04 18:55:42.347  6749  6913 D WifiLocator: Too many no-location APs. Will not compute a location nor go to the server. hasLocation=0 noLocation=0 cacheMiss=0
07-04 18:56:26.285   327   329 D dalvikvm: GC_CONCURRENT freed 384K, 64% free 10119K/27719K, paused 2ms+6ms
07-04 18:56:27.386  6749  6913 D WifiLocator: Too many no-location APs. Will not compute a location nor go to the server. hasLocation=0 noLocation=0 cacheMiss=0
07-04 18:57:13.090  6749  6913 D WifiLocator: Too many no-location APs. Will not compute a location nor go to the server. hasLocation=0 noLocation=0 cacheMiss=0
07-04 18:57:58.140  6749  6913 D WifiLocator: Too many no-location APs. Will not compute a location nor go to the server. hasLocation=0 noLocation=0 cacheMiss=0
07-04 18:58:21.265   151   153 D dalvikvm: GC_CONCURRENT freed 1889K, 36% free 18079K/27847K, paused 9ms+10ms
07-04 18:58:43.273  6749  6913 D WifiLocator: Too many no-location APs. Will not compute a location nor go to the server. hasLocation=0 noLocation=0 cacheMiss=0
07-04 18:58:45.586  6749  7504 I EventLogService: Aggregate from 1341440925470 (log), 1341440925470 (data)
07-04 18:59:28.105  6749  6933 D androidNetworkLocationListeners: Still have listener com.google.android.location.internal.client.NetworkLocationClient$1@41433c00
07-04 18:59:28.109  6749  6933 D androidNetworkLocationListeners: Still have listener com.google.android.location.internal.client.NetworkLocationClient$1@41433c00
07-04 18:59:28.117  6749  6913 D WifiLocator: Too many no-location APs. Will not compute a location nor go to the server. hasLocation=0 noLocation=0 cacheMiss=0
07-04 19:00:13.336  6749  6913 D WifiLocator: Too many no-location APs. Will not compute a location nor go to the server. hasLocation=0 noLocation=0 cacheMiss=0
07-04 19:00:58.359  6749  6913 D WifiLocator: Too many no-location APs. Will not compute a location nor go to the server. hasLocation=0 noLocation=0 cacheMiss=0
07-04 19:01:43.406  6749  6913 D WifiLocator: Too many no-location APs. Will not compute a location nor go to the server. hasLocation=0 noLocation=0 cacheMiss=0
07-04 19:01:57.406  6647  6647 I PhoneLab-Locks: wake lock acquired
07-04 19:01:57.437  6647  6647 I PhoneLab-StatusMonitor: Status Monitoring is started
07-04 19:01:57.507  6647  6649 D dalvikvm: GC_CONCURRENT freed 356K, 12% free 9361K/10631K, paused 2ms+9ms
07-04 19:01:57.527  6647  6647 I PhoneLab-StatusMonitor: Value: 10 - unit: min
07-04 19:01:57.527  6647  6647 I PhoneLab-StatusMonitor: Running interval: 600000
07-04 19:01:57.535  6647  6647 I PhoneLab-StatusMonitor: Rescheduling status monitoring...
07-04 19:01:57.535  6647  6647 I PhoneLab-Locks: wake lock released
07-04 19:02:28.011  6647  6647 I PhoneLab-StatusMonitorLocation: Learning Location
07-04 19:02:28.011  6647  6647 I PhoneLab-Locks: wake lock acquired
07-04 19:02:28.058  6647  6647 I PhoneLab-Locks: wake lock acquired
07-04 19:02:28.062  6647  6647 I PhoneLab-StatusMonitorLocation: Learning Signal Strgth
07-04 19:02:28.062  6647  6647 I PhoneLab-Locks: wake lock acquired
07-04 19:02:28.105  6749  6933 D androidNetworkLocationListeners: Still have listener com.google.android.location.internal.client.NetworkLocationClient$1@41433c00
07-04 19:02:28.113  6749  6933 D androidNetworkLocationListeners: Still have listener com.google.android.location.internal.client.NetworkLocationClient$1@41433c00
07-04 19:02:28.113  6749  6913 D WifiLocator: Too many no-location APs. Will not compute a location nor go to the server. hasLocation=0 noLocation=0 cacheMiss=0
07-04 19:02:28.113  6647  6647 I PhoneLab-StatusMonitorBattery: Battery_level: 81
07-04 19:02:28.117  6647  6647 I PhoneLab-Locks: wake lock released
07-04 19:02:28.117  6647  6647 I PhoneLab-StatusMonitorSignal: Signal_Strength: -86 asu: 14
07-04 19:02:28.117  6647  6647 I PhoneLab-Locks: wake lock released
07-04 19:02:28.125  6749  6913 D WifiLocator: Too many no-location APs. Will not compute a location nor go to the server. hasLocation=0 noLocation=0 cacheMiss=0
07-04 19:02:28.140  6647  6647 I PhoneLab-StatusMonitorLocation: Location_Latitude: 43.0051538 Longitude: -78.7592174 Accuracy: 1894.0
07-04 19:02:28.140  6749  6933 D androidNetworkLocationListeners: Still have listener com.google.android.location.internal.client.NetworkLocationClient$1@41433c00
07-04 19:02:28.140  6647  6647 I PhoneLab-Locks: wake lock released
07-04 19:02:28.152  6749  6913 D WifiLocator: Too many no-location APs. Will not compute a location nor go to the server. hasLocation=0 noLocation=0 cacheMiss=0
07-04 19:03:13.195  6749  6913 D WifiLocator: Too many no-location APs. Will not compute a location nor go to the server. hasLocation=0 noLocation=0 cacheMiss=0
07-04 19:03:28.289   151   168 I ActivityManager: Start proc com.laurencedawson.reddit_sync:remote for broadcast com.laurencedawson.reddit_sync/.RedditMessageReceiver: pid=7513 uid=10078 gids={3003, 1015}
07-04 19:03:28.386   151   705 I ActivityManager: Start proc com.laurencedawson.reddit_sync for service com.laurencedawson.reddit_sync/.ui.RedditMailService: pid=7529 uid=10078 gids={3003, 1015}
07-04 19:03:28.386   151  1212 I ActivityManager: Process com.pandora.android (pid 7422) has died.
07-04 19:03:28.386   151  1212 W ActivityManager: Scheduling restart of crashed service com.pandora.android/.PandoraService in 5000ms
07-04 19:03:28.543   151  1216 D dalvikvm: GC_EXPLICIT freed 1067K, 36% free 17973K/27847K, paused 3ms+9ms
07-04 19:03:28.574   151  1214 I ActivityManager: Process com.android.providers.calendar (pid 7463) has died.
07-04 19:03:28.601  7529  7529 I ActivityThread: Pub com.laurencedawson.reddit_sync.provider.RedditProvider: com.laurencedawson.reddit_sync.provider.RedditProvider
07-04 19:03:58.293  6749  6913 D WifiLocator: Too many no-location APs. Will not compute a location nor go to the server. hasLocation=0 noLocation=0 cacheMiss=0
07-04 19:04:42.164  6749  6933 D androidNetworkLocationListeners: Still have listener com.google.android.location.internal.client.NetworkLocationClient$1@41433c00
07-04 19:04:42.164  6749  6933 D androidNetworkLocationListeners: Still have listener com.google.android.location.internal.client.NetworkLocationClient$1@41433c00
07-04 19:04:42.171  6749  6913 D WifiLocator: Too many no-location APs. Will not compute a location nor go to the server. hasLocation=0 noLocation=0 cacheMiss=0
07-04 19:04:42.183  6749  6913 D WifiLocator: Too many no-location APs. Will not compute a location nor go to the server. hasLocation=0 noLocation=0 cacheMiss=0
07-04 19:04:42.250  6571  6574 D dalvikvm: GC_CONCURRENT freed 389K, 7% free 9662K/10311K, paused 2ms+3ms
07-04 19:04:43.484  7529  7532 D dalvikvm: GC_CONCURRENT freed 255K, 4% free 9225K/9607K, paused 13ms+2ms
07-04 19:04:45.468   151   168 I ActivityManager: Start proc com.pandora.android for service com.pandora.android/.PandoraService: pid=7553 uid=10064 gids={3003, 3002, 3001, 1015}
07-04 19:04:45.476  7553  7553 I dalvikvm: Turning on JNI app bug workarounds for target SDK version 10...
07-04 19:04:45.515   151   162 I ActivityManager: Process com.laurencedawson.reddit_sync:remote (pid 7513) has died.
07-04 19:04:45.543  7553  7553 I ActivityThread: Pub com.pandora.provider: com.pandora.android.provider.StationProvider
07-04 19:04:45.589   151  1213 I ActivityManager: Process com.android.deskclock (pid 7449) has died.
07-04 19:04:45.859  6647  6660 I PhoneLab-: Service Running
07-04 19:04:45.945  6647  6660 I PhoneLab-LoggerService: app_38    1593  1     1064   612   c00f181c 400107b4 S logcat
07-04 19:04:45.945  6647  6660 I PhoneLab-LoggerService: Logcat pid from database 1593
07-04 19:04:45.945  6647  6660 I PhoneLab-LoggerService: Logcat process found 1593
07-04 19:04:45.945  6647  6660 I PhoneLab-LoggerService: Checking Threshold
07-04 19:04:45.945  6647  6660 I PhoneLab-: Service Running
07-04 19:04:45.976  6647  6660 I PhoneLab-LoggerService: app_38    1593  1     1064   612   c00f181c 400107b4 S logcat
07-04 19:04:45.976  6647  6660 I PhoneLab-LoggerService: Logcat pid from database 1593
07-04 19:04:45.976  6647  6660 I PhoneLab-LoggerService: Logcat process found 1593
07-04 19:04:45.976  6647  6660 I PhoneLab-LoggerService: Checking Threshold
07-04 19:04:45.976  6647  6660 I PhoneLab-: Service Running
07-04 19:04:46.003  6647  6660 I PhoneLab-LoggerService: app_38    1593  1     1064   612   c00f181c 400107b4 S logcat
07-04 19:04:46.007  6647  6660 I PhoneLab-LoggerService: Logcat pid from database 1593
07-04 19:04:46.007  6647  6660 I PhoneLab-LoggerService: Logcat process found 1593
07-04 19:04:46.007  6647  6660 I PhoneLab-LoggerService: Checking Threshold
07-04 19:04:46.007  6647  6660 I PhoneLab-: Service Running
07-04 19:04:46.031  6647  6660 I PhoneLab-LoggerService: app_38    1593  1     1064   612   c00f181c 400107b4 S logcat
07-04 19:04:46.031  6647  6660 I PhoneLab-LoggerService: Logcat pid from database 1593
07-04 19:04:46.031  6647  6660 I PhoneLab-LoggerService: Logcat process found 1593
07-04 19:04:46.031  6647  6660 I PhoneLab-LoggerService: Checking Threshold
07-04 19:04:46.035  6647  6660 I PhoneLab-: Service Running
07-04 19:04:46.058  6647  6660 I PhoneLab-LoggerService: app_38    1593  1     1064   612   c00f181c 400107b4 S logcat
07-04 19:04:46.058  6647  6660 I PhoneLab-LoggerService: Logcat pid from database 1593
07-04 19:04:46.058  6647  6660 I PhoneLab-LoggerService: Logcat process found 1593
07-04 19:04:46.058  6647  6660 I PhoneLab-LoggerService: Checking Threshold
07-04 19:04:46.058  6647  6660 I PhoneLab-: Service Running
07-04 19:04:46.086  6647  6660 I PhoneLab-LoggerService: app_38    1593  1     1064   612   c00f181c 400107b4 S logcat
07-04 19:04:46.086  6647  6660 I PhoneLab-LoggerService: Logcat pid from database 1593
07-04 19:04:46.086  6647  6660 I PhoneLab-LoggerService: Logcat process found 1593
07-04 19:04:46.086  6647  6660 I PhoneLab-LoggerService: Checking Threshold
07-04 19:05:27.230  6749  6913 D WifiLocator: Too many no-location APs. Will not compute a location nor go to the server. hasLocation=0 noLocation=0 cacheMiss=0
07-04 19:06:12.277  6749  6913 D WifiLocator: Too many no-location APs. Will not compute a location nor go to the server. hasLocation=0 noLocation=0 cacheMiss=0
07-04 19:06:57.304  6749  6913 D WifiLocator: Too many no-location APs. Will not compute a location nor go to the server. hasLocation=0 noLocation=0 cacheMiss=0
07-04 19:07:42.339  6749  6913 D WifiLocator: Too many no-location APs. Will not compute a location nor go to the server. hasLocation=0 noLocation=0 cacheMiss=0
07-04 19:08:27.402  6749  6913 D WifiLocator: Too many no-location APs. Will not compute a location nor go to the server. hasLocation=0 noLocation=0 cacheMiss=0
07-04 19:09:12.097  6749  6933 D androidNetworkLocationListeners: Still have listener com.google.android.location.internal.client.NetworkLocationClient$1@41433c00
07-04 19:09:12.097  6749  6933 D androidNetworkLocationListeners: Still have listener com.google.android.location.internal.client.NetworkLocationClient$1@41433c00
07-04 19:09:12.105  6749  6913 D WifiLocator: Too many no-location APs. Will not compute a location nor go to the server. hasLocation=0 noLocation=0 cacheMiss=0
07-04 19:09:12.113  6749  6913 D WifiLocator: Too many no-location APs. Will not compute a location nor go to the server. hasLocation=0 noLocation=0 cacheMiss=0
07-04 19:09:57.281  6749  6913 D WifiLocator: Too many no-location APs. Will not compute a location nor go to the server. hasLocation=0 noLocation=0 cacheMiss=0
07-04 19:10:42.320  6749  6913 D WifiLocator: Too many no-location APs. Will not compute a location nor go to the server. hasLocation=0 noLocation=0 cacheMiss=0
07-04 19:11:27.355  6749  6913 D WifiLocator: Too many no-location APs. Will not compute a location nor go to the server. hasLocation=0 noLocation=0 cacheMiss=0
07-04 19:11:57.554  6647  6647 I PhoneLab-Locks: wake lock acquired
07-04 19:11:57.586  6647  6647 I PhoneLab-StatusMonitor: Status Monitoring is started
07-04 19:11:57.621  6647  6649 D dalvikvm: GC_CONCURRENT freed 628K, 14% free 9242K/10631K, paused 1ms+2ms
07-04 19:11:57.652  6647  6647 I PhoneLab-StatusMonitor: Value: 10 - unit: min
07-04 19:11:57.652  6647  6647 I PhoneLab-StatusMonitor: Running interval: 600000
07-04 19:11:57.660  6647  6647 I PhoneLab-StatusMonitor: Rescheduling status monitoring...
07-04 19:11:57.664  6647  6647 I PhoneLab-Locks: wake lock released
07-04 19:11:57.668  6647  6647 I PhoneLab-StatusMonitorLocation: Learning Location
07-04 19:11:57.668  6647  6647 I PhoneLab-Locks: wake lock acquired
07-04 19:11:57.672  6647  6647 I PhoneLab-Locks: wake lock acquired
07-04 19:11:57.672  6749  6933 D androidNetworkLocationListeners: Still have listener com.google.android.location.internal.client.NetworkLocationClient$1@41433c00
07-04 19:11:57.675  6647  6647 I PhoneLab-StatusMonitorLocation: Learning Signal Strgth
07-04 19:11:57.675  6647  6647 I PhoneLab-Locks: wake lock acquired
07-04 19:11:57.683  6749  6933 D androidNetworkLocationListeners: Still have listener com.google.android.location.internal.client.NetworkLocationClient$1@41433c00
07-04 19:11:57.683  6749  6913 D WifiLocator: Too many no-location APs. Will not compute a location nor go to the server. hasLocation=0 noLocation=0 cacheMiss=0
07-04 19:11:57.687  6647  6647 I PhoneLab-StatusMonitorBattery: Battery_level: 81
07-04 19:11:57.691  6647  6647 I PhoneLab-Locks: wake lock released
07-04 19:11:57.691  6647  6647 I PhoneLab-StatusMonitorSignal: Signal_Strength: -86 asu: 14
07-04 19:11:57.695  6647  6647 I PhoneLab-Locks: wake lock released
07-04 19:11:57.699  6749  6913 D WifiLocator: Too many no-location APs. Will not compute a location nor go to the server. hasLocation=0 noLocation=0 cacheMiss=0
07-04 19:11:57.714  6647  6647 I PhoneLab-StatusMonitorLocation: Location_Latitude: 43.0051538 Longitude: -78.7592174 Accuracy: 1894.0
07-04 19:11:57.714  6749  6933 D androidNetworkLocationListeners: Still have listener com.google.android.location.internal.client.NetworkLocationClient$1@41433c00
07-04 19:11:57.718  6647  6647 I PhoneLab-Locks: wake lock released
07-04 19:11:57.722  6749  6913 D WifiLocator: Too many no-location APs. Will not compute a location nor go to the server. hasLocation=0 noLocation=0 cacheMiss=0
07-04 19:12:42.742  6749  6913 D WifiLocator: Too many no-location APs. Will not compute a location nor go to the server. hasLocation=0 noLocation=0 cacheMiss=0
07-04 19:13:27.785  6749  6913 D WifiLocator: Too many no-location APs. Will not compute a location nor go to the server. hasLocation=0 noLocation=0 cacheMiss=0
07-04 19:14:12.035  6749  6933 D androidNetworkLocationListeners: Still have listener com.google.android.location.internal.client.NetworkLocationClient$1@41433c00
07-04 19:14:12.039  6749  6933 D androidNetworkLocationListeners: Still have listener com.google.android.location.internal.client.NetworkLocationClient$1@41433c00
07-04 19:14:12.101  6749  6913 D WifiLocator: Too many no-location APs. Will not compute a location nor go to the server. hasLocation=0 noLocation=0 cacheMiss=0
07-04 19:14:57.269  6749  6913 D WifiLocator: Too many no-location APs. Will not compute a location nor go to the server. hasLocation=0 noLocation=0 cacheMiss=0
07-04 19:15:42.316  6749  6913 D WifiLocator: Too many no-location APs. Will not compute a location nor go to the server. hasLocation=0 noLocation=0 cacheMiss=0
07-04 19:16:27.336  6749  6913 D WifiLocator: Too many no-location APs. Will not compute a location nor go to the server. hasLocation=0 noLocation=0 cacheMiss=0
07-04 19:17:11.125  6749  6751 D dalvikvm: GC_CONCURRENT freed 400K, 7% free 9908K/10567K, paused 10ms+2ms
07-04 19:17:12.355  6749  6913 D WifiLocator: Too many no-location APs. Will not compute a location nor go to the server. hasLocation=0 noLocation=0 cacheMiss=0
07-04 19:17:57.386  6749  6913 D WifiLocator: Too many no-location APs. Will not compute a location nor go to the server. hasLocation=0 noLocation=0 cacheMiss=0
07-04 19:18:42.445  6749  6913 D WifiLocator: Too many no-location APs. Will not compute a location nor go to the server. hasLocation=0 noLocation=0 cacheMiss=0
07-04 19:19:27.289  6749  6933 D androidNetworkLocationListeners: Still have listener com.google.android.location.internal.client.NetworkLocationClient$1@41433c00
07-04 19:19:27.296  6749  6913 D WifiLocator: Too many no-location APs. Will not compute a location nor go to the server. hasLocation=0 noLocation=0 cacheMiss=0
07-04 19:19:27.296  6749  6933 D androidNetworkLocationListeners: Still have listener com.google.android.location.internal.client.NetworkLocationClient$1@41433c00
07-04 19:19:27.308  6749  6913 D WifiLocator: Too many no-location APs. Will not compute a location nor go to the server. hasLocation=0 noLocation=0 cacheMiss=0
07-04 19:20:11.152   327   329 D dalvikvm: GC_CONCURRENT freed 390K, 64% free 10120K/27719K, paused 2ms+4ms
07-04 19:20:12.351  6749  6913 D WifiLocator: Too many no-location APs. Will not compute a location nor go to the server. hasLocation=0 noLocation=0 cacheMiss=0
07-04 19:20:57.386  6749  6913 D WifiLocator: Too many no-location APs. Will not compute a location nor go to the server. hasLocation=0 noLocation=0 cacheMiss=0
07-04 19:21:42.425  6749  6913 D WifiLocator: Too many no-location APs. Will not compute a location nor go to the server. hasLocation=0 noLocation=0 cacheMiss=0
07-04 19:21:58.007  6647  6647 I PhoneLab-Locks: wake lock acquired
07-04 19:21:58.011  6647  6647 I PhoneLab-StatusMonitor: Status Monitoring is started
07-04 19:21:58.078  6647  6649 D dalvikvm: GC_CONCURRENT freed 521K, 14% free 9233K/10631K, paused 2ms+2ms
07-04 19:21:58.121  6647  6647 I PhoneLab-StatusMonitor: Value: 10 - unit: min
07-04 19:21:58.121  6647  6647 I PhoneLab-StatusMonitor: Running interval: 600000
07-04 19:21:58.172   151   153 D dalvikvm: GC_CONCURRENT freed 1844K, 36% free 18083K/27847K, paused 3ms+9ms
07-04 19:21:58.207  6647  6647 I PhoneLab-StatusMonitor: Rescheduling status monitoring...
07-04 19:21:58.207  6647  6647 I PhoneLab-Locks: wake lock released
07-04 19:21:58.214  6647  6647 I PhoneLab-StatusMonitorLocation: Learning Location
07-04 19:21:58.214  6647  6647 I PhoneLab-Locks: wake lock acquired
07-04 19:21:58.214  6647  6647 I PhoneLab-Locks: wake lock acquired
07-04 19:21:58.218  6647  6647 I PhoneLab-StatusMonitorLocation: Learning Signal Strgth
07-04 19:21:58.218  6647  6647 I PhoneLab-Locks: wake lock acquired
07-04 19:21:58.222  6749  6933 D androidNetworkLocationListeners: Still have listener com.google.android.location.internal.client.NetworkLocationClient$1@41433c00
07-04 19:21:58.230  6749  6913 D WifiLocator: Too many no-location APs. Will not compute a location nor go to the server. hasLocation=0 noLocation=0 cacheMiss=0
07-04 19:21:58.230  6749  6933 D androidNetworkLocationListeners: Still have listener com.google.android.location.internal.client.NetworkLocationClient$1@41433c00
07-04 19:21:58.230  6647  6647 I PhoneLab-StatusMonitorBattery: Battery_level: 81
07-04 19:21:58.230  6647  6647 I PhoneLab-Locks: wake lock released
07-04 19:21:58.234  6647  6647 I PhoneLab-StatusMonitorSignal: Signal_Strength: -76 asu: 19
07-04 19:21:58.234  6647  6647 I PhoneLab-Locks: wake lock released
07-04 19:21:58.242  6749  6913 D WifiLocator: Too many no-location APs. Will not compute a location nor go to the server. hasLocation=0 noLocation=0 cacheMiss=0
07-04 19:21:58.281  6647  6647 I PhoneLab-StatusMonitorLocation: Location_Latitude: 43.0051538 Longitude: -78.7592174 Accuracy: 1894.0
07-04 19:21:58.281  6749  6933 D androidNetworkLocationListeners: Still have listener com.google.android.location.internal.client.NetworkLocationClient$1@41433c00
07-04 19:21:58.285  6647  6647 I PhoneLab-Locks: wake lock released
07-04 19:21:58.289  6749  6913 D WifiLocator: Too many no-location APs. Will not compute a location nor go to the server. hasLocation=0 noLocation=0 cacheMiss=0
07-04 19:22:43.343  6749  6913 D WifiLocator: Too many no-location APs. Will not compute a location nor go to the server. hasLocation=0 noLocation=0 cacheMiss=0
07-04 19:23:28.402  6749  6913 D WifiLocator: Too many no-location APs. Will not compute a location nor go to the server. hasLocation=0 noLocation=0 cacheMiss=0
07-04 19:24:12.113  6749  6933 D androidNetworkLocationListeners: Still have listener com.google.android.location.internal.client.NetworkLocationClient$1@41433c00
07-04 19:24:12.117  6749  6933 D androidNetworkLocationListeners: Still have listener com.google.android.location.internal.client.NetworkLocationClient$1@41433c00
07-04 19:24:12.121  6749  6913 D WifiLocator: Too many no-location APs. Will not compute a location nor go to the server. hasLocation=0 noLocation=0 cacheMiss=0
07-04 19:24:12.129  6749  6913 D WifiLocator: Too many no-location APs. Will not compute a location nor go to the server. hasLocation=0 noLocation=0 cacheMiss=0
07-04 19:24:18.433  6647  6647 I PhoneLab-Locks: wake lock acquired
07-04 19:24:18.464  6647  7594 I PhoneLab-PeriodicCheckService: User info is synched
07-04 19:24:18.484  6647  7594 I PhoneLab-PeriodicCheckService: Logger Service is running
07-04 19:24:18.488  6647  7594 I PhoneLab-Locks: wake lock acquired
07-04 19:24:18.488  6647  6647 I PhoneLab-UploadLogs: Transfering log files now
07-04 19:24:18.492  6647  6647 I PhoneLab-UploadLogs: No log files to transfer
07-04 19:24:18.492  6647  6647 I PhoneLab-Locks: wake lock released
07-04 19:24:18.492  6647  6647 I PhoneLab-UploadLogs: OnStartCommand
07-04 19:24:18.492  6647  7594 I PhoneLab-PeriodicCheckService: Rescheduling periodic checking...
07-04 19:24:18.492  6647  7594 I PhoneLab-Locks: wake lock released
07-04 19:24:18.503  6647  6649 D dalvikvm: GC_CONCURRENT freed 428K, 14% free 9198K/10631K, paused 1ms+2ms
07-04 19:24:57.175  6749  6913 D WifiLocator: Too many no-location APs. Will not compute a location nor go to the server. hasLocation=0 noLocation=0 cacheMiss=0
07-04 19:25:42.218  6749  6913 D WifiLocator: Too many no-location APs. Will not compute a location nor go to the server. hasLocation=0 noLocation=0 cacheMiss=0
07-04 19:26:11.476   151   167 V BackupManagerService: Running a backup pass
07-04 19:26:11.496   151   268 V BackupManagerService: Backup requested but nothing pending
07-04 19:26:27.238  6749  6913 D WifiLocator: Too many no-location APs. Will not compute a location nor go to the server. hasLocation=0 noLocation=0 cacheMiss=0
07-04 19:27:12.242  6749  6913 D WifiLocator: Too many no-location APs. Will not compute a location nor go to the server. hasLocation=0 noLocation=0 cacheMiss=0
07-04 19:27:57.328  6749  6913 D WifiLocator: Too many no-location APs. Will not compute a location nor go to the server. hasLocation=0 noLocation=0 cacheMiss=0
07-04 19:28:42.394  6749  6913 D WifiLocator: Too many no-location APs. Will not compute a location nor go to the server. hasLocation=0 noLocation=0 cacheMiss=0
07-04 19:28:45.687  6749  7211 I EventLogService: Aggregate from 1341442725588 (log), 1341442725588 (data)
07-04 19:29:27.105  6749  6933 D androidNetworkLocationListeners: Still have listener com.google.android.location.internal.client.NetworkLocationClient$1@41433c00
07-04 19:29:27.117  6749  6913 D WifiLocator: Too many no-location APs. Will not compute a location nor go to the server. hasLocation=0 noLocation=0 cacheMiss=0
07-04 19:29:27.117  6749  6933 D androidNetworkLocationListeners: Still have listener com.google.android.location.internal.client.NetworkLocationClient$1@41433c00
07-04 19:29:27.132  6749  6913 D WifiLocator: Too many no-location APs. Will not compute a location nor go to the server. hasLocation=0 noLocation=0 cacheMiss=0
07-04 19:29:27.183  6767  6769 D dalvikvm: GC_CONCURRENT freed 406K, 5% free 10287K/10823K, paused 82ms+3ms
07-04 19:30:12.324  6749  6913 D WifiLocator: Too many no-location APs. Will not compute a location nor go to the server. hasLocation=0 noLocation=0 cacheMiss=0
07-04 19:30:57.351  6749  6913 D WifiLocator: Too many no-location APs. Will not compute a location nor go to the server. hasLocation=0 noLocation=0 cacheMiss=0
07-04 19:31:43.043  6749  6913 D WifiLocator: Too many no-location APs. Will not compute a location nor go to the server. hasLocation=0 noLocation=0 cacheMiss=0
07-04 19:31:58.226  6647  6647 I PhoneLab-Locks: wake lock acquired
07-04 19:31:58.257  6647  6647 I PhoneLab-StatusMonitor: Status Monitoring is started
07-04 19:31:58.316  6647  6647 I PhoneLab-StatusMonitor: Value: 10 - unit: min
07-04 19:31:58.320  6647  6647 I PhoneLab-StatusMonitor: Running interval: 600000
07-04 19:31:58.324  6647  6649 D dalvikvm: GC_CONCURRENT freed 343K, 12% free 9366K/10631K, paused 1ms+1ms
07-04 19:31:58.328  6647  6647 I PhoneLab-StatusMonitor: Rescheduling status monitoring...
07-04 19:31:58.328  6647  6647 I PhoneLab-Locks: wake lock released
07-04 19:31:58.336  6647  6647 I PhoneLab-StatusMonitorLocation: Learning Location
07-04 19:31:58.336  6647  6647 I PhoneLab-Locks: wake lock acquired
07-04 19:31:58.339  6647  6647 I PhoneLab-Locks: wake lock acquired
07-04 19:31:58.343  6749  6933 D androidNetworkLocationListeners: Still have listener com.google.android.location.internal.client.NetworkLocationClient$1@41433c00
07-04 19:31:58.351  6647  6647 I PhoneLab-StatusMonitorLocation: Learning Signal Strgth
07-04 19:31:58.351  6647  6647 I PhoneLab-Locks: wake lock acquired
07-04 19:31:58.359  6749  6933 D androidNetworkLocationListeners: Still have listener com.google.android.location.internal.client.NetworkLocationClient$1@41433c00
07-04 19:31:58.363  6749  6913 D WifiLocator: Too many no-location APs. Will not compute a location nor go to the server. hasLocation=0 noLocation=0 cacheMiss=0
07-04 19:31:58.378  6647  6647 I PhoneLab-StatusMonitorBattery: Battery_level: 81
07-04 19:31:58.378  6647  6647 I PhoneLab-Locks: wake lock released
07-04 19:31:58.382  6647  6647 I PhoneLab-StatusMonitorSignal: Signal_Strength: -86 asu: 14
07-04 19:31:58.382  6647  6647 I PhoneLab-Locks: wake lock released
07-04 19:31:58.394  6749  6913 D WifiLocator: Too many no-location APs. Will not compute a location nor go to the server. hasLocation=0 noLocation=0 cacheMiss=0
07-04 19:31:58.406  6647  6647 I PhoneLab-StatusMonitorLocation: Location_Latitude: 43.0051538 Longitude: -78.7592174 Accuracy: 1894.0
07-04 19:31:58.406  6749  6933 D androidNetworkLocationListeners: Still have listener com.google.android.location.internal.client.NetworkLocationClient$1@41433c00
07-04 19:31:58.410  6647  6647 I PhoneLab-Locks: wake lock released
07-04 19:31:58.414  6749  6913 D WifiLocator: Too many no-location APs. Will not compute a location nor go to the server. hasLocation=0 noLocation=0 cacheMiss=0
07-04 19:32:43.257  6647  6660 I PhoneLab-: Service Running
07-04 19:32:43.289  6647  6660 I PhoneLab-LoggerService: app_38    1593  1     1064   612   c00f181c 400107b4 S logcat
07-04 19:32:43.289  6647  6660 I PhoneLab-LoggerService: Logcat pid from database 1593
07-04 19:32:43.289  6647  6660 I PhoneLab-LoggerService: Logcat process found 1593
07-04 19:32:43.289  6647  6660 I PhoneLab-LoggerService: Checking Threshold
07-04 19:32:43.289  6647  6660 I PhoneLab-: Service Running
07-04 19:32:43.316  6647  6660 I PhoneLab-LoggerService: app_38    1593  1     1064   612   c00f181c 400107b4 S logcat
07-04 19:32:43.316  6647  6660 I PhoneLab-LoggerService: Logcat pid from database 1593
07-04 19:32:43.316  6647  6660 I PhoneLab-LoggerService: Logcat process found 1593
07-04 19:32:43.316  6647  6660 I PhoneLab-LoggerService: Checking Threshold
07-04 19:32:43.316  6647  6660 I PhoneLab-: Service Running
07-04 19:32:43.343  6647  6660 I PhoneLab-LoggerService: app_38    1593  1     1064   612   c00f181c 400107b4 S logcat
07-04 19:32:43.343  6647  6660 I PhoneLab-LoggerService: Logcat pid from database 1593
07-04 19:32:43.343  6647  6660 I PhoneLab-LoggerService: Logcat process found 1593
07-04 19:32:43.343  6647  6660 I PhoneLab-LoggerService: Checking Threshold
07-04 19:32:43.343  6647  6660 I PhoneLab-: Service Running
07-04 19:32:43.367  6647  6660 I PhoneLab-LoggerService: app_38    1593  1     1064   612   c00f181c 400107b4 S logcat
07-04 19:32:43.367  6647  6660 I PhoneLab-LoggerService: Logcat pid from database 1593
07-04 19:32:43.367  6647  6660 I PhoneLab-LoggerService: Logcat process found 1593
07-04 19:32:43.371  6647  6660 I PhoneLab-LoggerService: Checking Threshold
07-04 19:32:43.371  6647  6660 I PhoneLab-: Service Running
07-04 19:32:43.394  6647  6660 I PhoneLab-LoggerService: app_38    1593  1     1064   612   c00f181c 400107b4 S logcat
07-04 19:32:43.394  6647  6660 I PhoneLab-LoggerService: Logcat pid from database 1593
07-04 19:32:43.394  6647  6660 I PhoneLab-LoggerService: Logcat process found 1593
07-04 19:32:43.394  6647  6660 I PhoneLab-LoggerService: Checking Threshold
07-04 19:32:43.398  6647  6660 I PhoneLab-: Service Running
07-04 19:32:43.527   151   163 D dalvikvm: GC_EXPLICIT freed 1383K, 36% free 18022K/27847K, paused 3ms+10ms
07-04 19:32:43.539  6749  6913 D WifiLocator: Too many no-location APs. Will not compute a location nor go to the server. hasLocation=0 noLocation=0 cacheMiss=0
07-04 19:32:43.554  6647  6660 I PhoneLab-LoggerService: app_38    1593  1     1064   612   c00f181c 400107b4 S logcat
07-04 19:32:43.554  6647  6660 I PhoneLab-LoggerService: Logcat pid from database 1593
07-04 19:32:43.554  6647  6660 I PhoneLab-LoggerService: Logcat process found 1593
07-04 19:32:43.558  6647  6660 I PhoneLab-LoggerService: Checking Threshold
07-04 19:32:43.558  6647  6660 I PhoneLab-: Service Running
07-04 19:32:43.597  6647  6660 I PhoneLab-LoggerService: app_38    1593  1     1064   612   c00f181c 400107b4 S logcat
07-04 19:32:43.597  6647  6660 I PhoneLab-LoggerService: Logcat pid from database 1593
07-04 19:32:43.597  6647  6660 I PhoneLab-LoggerService: Logcat process found 1593
07-04 19:32:43.597  6647  6660 I PhoneLab-LoggerService: Checking Threshold
07-04 19:32:43.597  6647  6660 I PhoneLab-: Service Running
07-04 19:32:43.621   151   700 I ActivityManager: Process com.laurencedawson.reddit_sync (pid 7529) has died.
07-04 19:32:43.671  6647  6649 D dalvikvm: GC_CONCURRENT freed 549K, 14% free 9218K/10631K, paused 2ms+5ms
07-04 19:32:43.675  6647  6660 I PhoneLab-LoggerService: app_38    1593  1     1064   612   c00f181c 400107b4 S logcat
07-04 19:32:43.675  6647  6660 I PhoneLab-LoggerService: Logcat pid from database 1593
07-04 19:32:43.675  6647  6660 I PhoneLab-LoggerService: Logcat process found 1593
07-04 19:32:43.675  6647  6660 I PhoneLab-LoggerService: Checking Threshold
07-04 19:32:43.675  6647  6660 I PhoneLab-: Service Running
07-04 19:32:43.707  6647  6660 I PhoneLab-LoggerService: app_38    1593  1     1064   612   c00f181c 400107b4 S logcat
07-04 19:32:43.711  6647  6660 I PhoneLab-LoggerService: Logcat pid from database 1593
07-04 19:32:43.711  6647  6660 I PhoneLab-LoggerService: Logcat process found 1593
07-04 19:32:43.711  6647  6660 I PhoneLab-LoggerService: Checking Threshold
07-04 19:32:43.711  6647  6660 I PhoneLab-: Service Running
07-04 19:32:43.734  6647  6660 I PhoneLab-LoggerService: app_38    1593  1     1064   612   c00f181c 400107b4 S logcat
07-04 19:32:43.734  6647  6660 I PhoneLab-LoggerService: Logcat pid from database 1593
07-04 19:32:43.734  6647  6660 I PhoneLab-LoggerService: Logcat process found 1593
07-04 19:32:43.734  6647  6660 I PhoneLab-LoggerService: Checking Threshold
07-04 19:32:43.738  6647  6660 I PhoneLab-: Service Running
07-04 19:32:43.761  6647  6660 I PhoneLab-LoggerService: app_38    1593  1     1064   612   c00f181c 400107b4 S logcat
07-04 19:32:43.761  6647  6660 I PhoneLab-LoggerService: Logcat pid from database 1593
07-04 19:32:43.761  6647  6660 I PhoneLab-LoggerService: Logcat process found 1593
07-04 19:32:43.761  6647  6660 I PhoneLab-LoggerService: Checking Threshold
07-04 19:32:43.761  6647  6660 I PhoneLab-: Service Running
07-04 19:32:43.789  6647  6660 I PhoneLab-LoggerService: app_38    1593  1     1064   612   c00f181c 400107b4 S logcat
07-04 19:32:43.789  6647  6660 I PhoneLab-LoggerService: Logcat pid from database 1593
07-04 19:32:43.789  6647  6660 I PhoneLab-LoggerService: Logcat process found 1593
07-04 19:32:43.789  6647  6660 I PhoneLab-LoggerService: Checking Threshold
07-04 19:32:43.789  6647  6660 I PhoneLab-: Service Running
07-04 19:32:43.816  6647  6660 I PhoneLab-LoggerService: app_38    1593  1     1064   612   c00f181c 400107b4 S logcat
07-04 19:32:43.816  6647  6660 I PhoneLab-LoggerService: Logcat pid from database 1593
07-04 19:32:43.816  6647  6660 I PhoneLab-LoggerService: Logcat process found 1593
07-04 19:32:43.816  6647  6660 I PhoneLab-LoggerService: Checking Threshold
07-04 19:32:43.816  6647  6660 I PhoneLab-: Service Running
07-04 19:32:43.839  6647  6660 I PhoneLab-LoggerService: app_38    1593  1     1064   612   c00f181c 400107b4 S logcat
07-04 19:32:43.843  6647  6660 I PhoneLab-LoggerService: Logcat pid from database 1593
07-04 19:32:43.843  6647  6660 I PhoneLab-LoggerService: Logcat process found 1593
07-04 19:32:43.843  6647  6660 I PhoneLab-LoggerService: Checking Threshold
07-04 19:33:28.586  6749  6913 D WifiLocator: Too many no-location APs. Will not compute a location nor go to the server. hasLocation=0 noLocation=0 cacheMiss=0
07-04 19:34:13.125  6749  6933 D androidNetworkLocationListeners: Still have listener com.google.android.location.internal.client.NetworkLocationClient$1@41433c00
07-04 19:34:13.129  6749  6933 D androidNetworkLocationListeners: Still have listener com.google.android.location.internal.client.NetworkLocationClient$1@41433c00
07-04 19:34:13.132  6749  6913 D WifiLocator: Too many no-location APs. Will not compute a location nor go to the server. hasLocation=0 noLocation=0 cacheMiss=0
07-04 19:34:13.140  6749  6913 D WifiLocator: Too many no-location APs. Will not compute a location nor go to the server. hasLocation=0 noLocation=0 cacheMiss=0
07-04 19:34:44.449   151   168 I ActivityManager: Start proc com.laurencedawson.reddit_sync:remote for broadcast com.laurencedawson.reddit_sync/.RedditMessageReceiver: pid=7614 uid=10078 gids={3003, 1015}
07-04 19:34:44.523   151   428 I ActivityManager: Start proc com.laurencedawson.reddit_sync for service com.laurencedawson.reddit_sync/.ui.RedditMailService: pid=7630 uid=10078 gids={3003, 1015}
07-04 19:34:44.558  7630  7630 I ActivityThread: Pub com.laurencedawson.reddit_sync.provider.RedditProvider: com.laurencedawson.reddit_sync.provider.RedditProvider
07-04 19:34:44.636  7630  7644 I SqliteDatabaseCpp: sqlite returned: error code = 5, msg = statement aborts at 1: [PRAGMA journal_mode=TRUNCATE] , db=/data/data/com.laurencedawson.reddit_sync/databases/google_analytics.db
07-04 19:34:44.648   151  1216 I ActivityManager: Process com.pandora.android (pid 7553) has died.
07-04 19:34:44.648   151  1216 W ActivityManager: Scheduling restart of crashed service com.pandora.android/.PandoraService in 5000ms
07-04 19:34:58.105   151   167 I Process : Sending signal. PID: 28369 SIG: 3
07-04 19:34:58.105 28369 28374 I dalvikvm: threadid=3: reacting to signal 3
07-04 19:34:58.152 28369 28374 I dalvikvm: Wrote stack traces to '/data/anr/traces.txt'
07-04 19:34:58.222  6749  6913 D WifiLocator: Too many no-location APs. Will not compute a location nor go to the server. hasLocation=0 noLocation=0 cacheMiss=0
07-04 19:34:59.199  7630  7632 D dalvikvm: GC_CONCURRENT freed 273K, 5% free 9199K/9607K, paused 1ms+2ms
07-04 19:34:59.222  7630  7639 E SQLiteDatabase: close() was never explicitly called on database '/data/data/com.laurencedawson.reddit_sync/databases/webview.db' 
07-04 19:34:59.222  7630  7639 E SQLiteDatabase: android.database.sqlite.DatabaseObjectNotClosedException: Application did not close the cursor or database object that was opened here
07-04 19:34:59.222  7630  7639 E SQLiteDatabase: 	at android.database.sqlite.SQLiteDatabase.<init>(SQLiteDatabase.java:1943)
07-04 19:34:59.222  7630  7639 E SQLiteDatabase: 	at android.database.sqlite.SQLiteDatabase.openDatabase(SQLiteDatabase.java:1007)
07-04 19:34:59.222  7630  7639 E SQLiteDatabase: 	at android.database.sqlite.SQLiteDatabase.openDatabase(SQLiteDatabase.java:986)
07-04 19:34:59.222  7630  7639 E SQLiteDatabase: 	at android.database.sqlite.SQLiteDatabase.openDatabase(SQLiteDatabase.java:962)
07-04 19:34:59.222  7630  7639 E SQLiteDatabase: 	at android.database.sqlite.SQLiteDatabase.openOrCreateDatabase(SQLiteDatabase.java:1043)
07-04 19:34:59.222  7630  7639 E SQLiteDatabase: 	at android.database.sqlite.SQLiteDatabase.openOrCreateDatabase(SQLiteDatabase.java:1036)
07-04 19:34:59.222  7630  7639 E SQLiteDatabase: 	at android.app.ContextImpl.openOrCreateDatabase(ContextImpl.java:761)
07-04 19:34:59.222  7630  7639 E SQLiteDatabase: 	at android.content.ContextWrapper.openOrCreateDatabase(ContextWrapper.java:215)
07-04 19:34:59.222  7630  7639 E SQLiteDatabase: 	at android.webkit.WebViewDatabase.initDatabase(WebViewDatabase.java:223)
07-04 19:34:59.222  7630  7639 E SQLiteDatabase: 	at android.webkit.WebViewDatabase.init(WebViewDatabase.java:209)
07-04 19:34:59.222  7630  7639 E SQLiteDatabase: 	at android.webkit.WebViewDatabase.access$000(WebViewDatabase.java:38)
07-04 19:34:59.222  7630  7639 E SQLiteDatabase: 	at android.webkit.WebViewDatabase$1.run(WebViewDatabase.java:190)
07-04 19:35:01.046   151   197 I power   : *** set_screen_state 1
07-04 19:35:01.183   151   197 I WindowManager: Lock screen displayed!
07-04 19:35:01.261    79   119 D SurfaceFlinger: Screen about to return, flinger = 0x1bb1918
07-04 19:35:01.359  6571  6571 D DAL     : lrb android.intent.action.SCREEN_ON
07-04 19:35:01.375  6571  6571 D DAL     : lrb Starting displayBannerIfNotConnectedTask
07-04 19:35:01.382  6571  6571 D DAL     : lrb updateCurrentView
07-04 19:35:01.382  6571  6571 I DAL     : lrb updateHeader
07-04 19:35:01.457  6749  6933 D androidNetworkLocationListeners: Still have listener com.google.android.location.internal.client.NetworkLocationClient$1@41433c00
07-04 19:35:01.468  6749  6913 D WifiLocator: Too many no-location APs. Will not compute a location nor go to the server. hasLocation=0 noLocation=0 cacheMiss=0
07-04 19:35:01.539  6893  6893 D dalvikvm: GC_EXPLICIT freed 35K, 3% free 9070K/9347K, paused 2ms+6ms
07-04 19:35:01.554  6749  6933 D androidNetworkLocationListeners: Still have listener com.google.android.location.internal.client.NetworkLocationClient$1@41433c00
07-04 19:35:01.562  6749  6913 D WifiLocator: Too many no-location APs. Will not compute a location nor go to the server. hasLocation=0 noLocation=0 cacheMiss=0
07-04 19:35:01.570  6571  7654 I ControllerImpl: GET:http://wxdata.weather.com/wxdata/loc/get.js?lat=43.0051538&lng=-78.7592174&locale=en_US&key=e88d42ec-a740-102c-bafd-001321203584
07-04 19:35:01.570  6571  7654 I DAL     : GET:http://wxdata.weather.com/wxdata/loc/get.js?lat=43.0051538&lng=-78.7592174&locale=en_US&key=e88d42ec-a740-102c-bafd-001321203584
07-04 19:35:01.582  6749  6933 D androidNetworkLocationListeners: Still have listener com.google.android.location.internal.client.NetworkLocationClient$1@41433c00
07-04 19:35:01.589  6749  6913 D WifiLocator: Too many no-location APs. Will not compute a location nor go to the server. hasLocation=0 noLocation=0 cacheMiss=0
07-04 19:35:01.597   151   580 I ActivityManager: Process com.android.calendar (pid 7272) has died.
07-04 19:35:02.504  6571  6571 D WeatherGadgetService: WeatherGadetService.getWeatherData:Buffalo, NY (14221), **FOLLOW_ME**
07-04 19:35:02.511  6571  6571 D DAL     : WeatherDataConnection request:Buffalo, NY (14221), CC
07-04 19:35:02.523  6571  6571 D DAL     : WeatherDataConnection request:Buffalo, NY (14221), WA
07-04 19:35:02.593    85    85 I keystore: uid: 1000 action: p -> 1 state: 1 -> 1 retry: 4
07-04 19:35:02.609   327   327 D PhoneStatusBar: disable: < expand* icons alerts ticker* system_info BACK HOME recent* CLOCK >
07-04 19:35:02.691   327   327 D PhoneStatusBar: disable: < expand icons alerts ticker system_info back* home* recent clock* >
07-04 19:35:02.714 18912 19053 D NfcService: NFC-C ON
07-04 19:35:02.738   151   151 W InputManagerService: Window already focused, ignoring focus gain of: com.android.internal.view.IInputMethodClient$Stub$Proxy@4144db80
07-04 19:35:02.754   151   168 I ActivityManager: Start proc com.pandora.android for service com.pandora.android/.PandoraService: pid=7662 uid=10064 gids={3003, 3002, 3001, 1015}
07-04 19:35:02.773  7662  7662 I dalvikvm: Turning on JNI app bug workarounds for target SDK version 10...
07-04 19:35:02.863  7662  7662 I ActivityThread: Pub com.pandora.provider: com.pandora.android.provider.StationProvider
07-04 19:35:02.937   151   700 I ActivityManager: Process com.laurencedawson.reddit_sync:remote (pid 7614) has died.
07-04 19:35:03.129  6571  7660 D DAL     : hhh onRemoval: cause:EXPIRED, Buffalo, NY (14221)
07-04 19:35:03.129  6571  7661 D DAL     : hhh onRemoval: cause:EXPIRED, Buffalo, NY (14221)
07-04 19:35:03.136  6571  7661 D DAL     : FILE MEMCACHE-MISS:Buffalo, NY (14221)
07-04 19:35:03.136  6571  7660 D DAL     : FILE MEMCACHE-MISS:Buffalo, NY (14221)
07-04 19:35:03.136  6571  7661 D DAL     : hhh onRemoval: cause:EXPIRED, http://wxdata.weather.com/wxdata/mobile/mobagg/14221.js?locale=en_US&key=e88d42ec-a740-102c-bafd-001321203584
07-04 19:35:03.140  6571  7661 D DAL     : FILE MEMCACHE-MISS:http://wxdata.weather.com/wxdata/mobile/mobagg/14221.js?locale=en_US&key=e88d42ec-a740-102c-bafd-001321203584
07-04 19:35:03.156  6571  7661 I ControllerImpl: GET:http://wxdata.weather.com/wxdata/mobile/mobagg/14221.js?locale=en_US&key=e88d42ec-a740-102c-bafd-001321203584
07-04 19:35:03.160  6571  7661 I DAL     : GET:http://wxdata.weather.com/wxdata/mobile/mobagg/14221.js?locale=en_US&key=e88d42ec-a740-102c-bafd-001321203584
07-04 19:35:03.183  6571  6571 D WeatherGadgetService: WeatherGadetService.getWeatherData:Buffalo, NY (14221), **FOLLOW_ME**
07-04 19:35:03.183  6571  6571 D DAL     : WeatherDataConnection request:Buffalo, NY (14221), CC
07-04 19:35:03.187  6571  6571 D DAL     : WeatherDataConnection request:Buffalo, NY (14221), WA
07-04 19:35:03.214  6571  6574 D dalvikvm: GC_CONCURRENT freed 403K, 7% free 9679K/10311K, paused 12ms+2ms
07-04 19:35:03.359   151  1216 I ActivityManager: Start proc android.process.acore for content provider com.android.providers.contacts/.ContactsProvider2: pid=7679 uid=10000 gids={3003, 1015}
07-04 19:35:03.461  7679  7679 I ActivityThread: Pub call_log: com.android.providers.contacts.CallLogProvider
07-04 19:35:03.519  7679  7679 I ActivityThread: Pub com.android.voicemail: com.android.providers.contacts.VoicemailContentProvider
07-04 19:35:03.519  7679  7679 I ActivityThread: Pub user_dictionary: com.android.providers.userdictionary.UserDictionaryProvider
07-04 19:35:03.546  7679  7679 I ActivityThread: Pub com.android.social: com.android.providers.contacts.SocialProvider
07-04 19:35:03.546  7679  7679 I ActivityThread: Pub applications: com.android.providers.applications.ApplicationsProvider
07-04 19:35:03.644  7679  7681 D dalvikvm: GC_CONCURRENT freed 338K, 5% free 9152K/9607K, paused 5ms+2ms
07-04 19:35:03.644  7679  7679 I ActivityThread: Pub contacts;com.android.contacts: com.android.providers.contacts.ContactsProvider2
07-04 19:35:03.675   151   700 I ActivityManager: Process com.laurencedawson.reddit_sync (pid 7630) has died.
07-04 19:35:03.796  6571  7661 D dalvikvm: GC_FOR_ALLOC freed 152K, 7% free 9684K/10311K, paused 52ms
07-04 19:35:03.824  6571  7661 D DAL     : Deleting old file:22357314-AGG-http+wxdata+weather+com+wxdata+mobile+mobagg+14221+js+locale+en_US+key+e88d42ec-a740-102c-bafd-001321203584
07-04 19:35:03.890  6571  7660 D dalvikvm: GC_FOR_ALLOC freed 92K, 7% free 9668K/10311K, paused 29ms
07-04 19:35:03.925  6571  7661 D dalvikvm: GC_FOR_ALLOC freed 9K, 6% free 9728K/10311K, paused 22ms
07-04 19:35:03.925  6571  7661 I dalvikvm-heap: Grow heap (frag case) to 9.613MB for 46754-byte allocation
07-04 19:35:03.961  6571  7660 D dalvikvm: GC_FOR_ALLOC freed 22K, 7% free 9751K/10375K, paused 20ms
07-04 19:35:03.976   151  1215 I ActivityManager: START {act=android.intent.action.MAIN cat=[android.intent.category.LAUNCHER] flg=0x10000000 pkg=com.facebook.katana cmp=com.facebook.katana/.LoginActivity bnds=[0,254][120,404]} from pid 28369
07-04 19:35:03.988  6571  7660 D DAL     : Deleting old file:22357314-DISCRETE_CC-Buffalo+NY+(14221)
07-04 19:35:04.000  6571  7661 D DAL     : Deleting old file:22357314-DISCRETE_WA-Buffalo+NY+(14221)
07-04 19:35:04.027    82   122 D AudioHardware: AudioHardware pcm playback is exiting standby.
07-04 19:35:04.027    82   122 D AudioHardware: openPcmOut_l() mPcmOpenCnt: 0
07-04 19:35:04.187 28369 28369 D OpenGLRenderer: Flushing caches (mode 1)
07-04 19:35:04.539   151   167 I Process : Sending signal. PID: 7140 SIG: 3
07-04 19:35:04.539  7140  7145 I dalvikvm: threadid=3: reacting to signal 3
07-04 19:35:04.765   327   327 V PhoneStatusBar: setLightsOn(true)
07-04 19:35:04.777  7140  7145 I dalvikvm: Wrote stack traces to '/data/anr/traces.txt'
07-04 19:35:04.828  7140  7140 D libEGL  : loaded /system/lib/egl/libGLES_android.so
07-04 19:35:04.859  7140  7140 D libEGL  : loaded /vendor/lib/egl/libEGL_POWERVR_SGX540_120.so
07-04 19:35:04.906  7140  7140 D libEGL  : loaded /vendor/lib/egl/libGLESv1_CM_POWERVR_SGX540_120.so
07-04 19:35:04.918  7140  7140 D libEGL  : loaded /vendor/lib/egl/libGLESv2_POWERVR_SGX540_120.so
07-04 19:35:05.011  7140  7140 D OpenGLRenderer: Enabling debug mode 0
07-04 19:35:05.027   151   167 I Process : Sending signal. PID: 7140 SIG: 3
07-04 19:35:05.027  7140  7145 I dalvikvm: threadid=3: reacting to signal 3
07-04 19:35:05.058  7140  7145 I dalvikvm: Wrote stack traces to '/data/anr/traces.txt'
07-04 19:35:05.078  7679  7681 D dalvikvm: GC_CONCURRENT freed 196K, 4% free 9363K/9671K, paused 9ms+2ms
07-04 19:35:05.101   151   196 I ActivityManager: Displayed com.facebook.katana/.LoginActivity: +1s78ms
07-04 19:35:05.140 28369 28369 D OpenGLRenderer: Flushing caches (mode 0)
07-04 19:35:05.207 28369 28369 D OpenGLRenderer: Flushing caches (mode 2)
07-04 19:35:05.218 28369 28369 D OpenGLRenderer: Flushing caches (mode 0)
07-04 19:35:05.418   151  1215 I ActivityManager: START {cmp=com.facebook.katana/.activity.login.RealLoginActivity (has extras)} from pid 7140
07-04 19:35:05.769  7140  7143 D dalvikvm: GC_CONCURRENT freed 413K, 5% free 11048K/11591K, paused 5ms+4ms
07-04 19:35:05.863   151   418 I ActivityManager: START {cmp=com.facebook.katana/.activity.FbFragmentChromeActivity (has extras)} from pid 7140
07-04 19:35:06.086   151   167 I Process : Sending signal. PID: 7140 SIG: 3
07-04 19:35:06.089  7140  7145 I dalvikvm: threadid=3: reacting to signal 3
