07-01 02:15:32.437 26241 26241 D wpa_supplicant: wpa_driver_wext_driver_cmd POWERMODE 0 len = 4096
07-01 02:15:32.441 26241 26241 D wpa_supplicant: wpa_driver_wext_driver_cmd OK len = 0, 2
07-01 02:15:32.918 26241 26241 D wpa_supplicant: RTM_NEWLINK: operstate=0 ifi_flags=0x11003 ([UP][LOWER_UP])
07-01 02:15:32.918 26241 26241 D wpa_supplicant: RTM_NEWLINK, IFLA_IFNAME: Interface 'wlan0' added
07-01 02:15:32.918 26241 26241 D wpa_supplicant: Wireless event: cmd=0x8b19 len=8
07-01 02:15:32.929 26241 26241 D wpa_supplicant: Received 208 bytes of scan results (1 BSSes)
07-01 02:15:37.418 26241 26241 D wpa_supplicant: wpa_driver_wext_driver_cmd SETSUSPENDOPT 0 len = 4096
07-01 02:15:37.418 26241 26241 D wpa_supplicant: wpa_driver_wext_driver_cmd SETSUSPENDOPT 0 len = 0, 15
07-01 02:15:37.418 31936 32225 I System.out: [INFO:17131284]: LogSource: Running delayed flush
07-01 02:15:37.429 26241 26241 D wpa_supplicant: wpa_driver_wext_driver_cmd POWERMODE 0 len = 4096
07-01 02:15:37.433 31936 32225 I System.out: [INFO:17131304]: LogSource: Running flush
07-01 02:15:37.441 26241 26241 D wpa_supplicant: wpa_driver_wext_driver_cmd OK len = 0, 2
07-01 02:15:39.191 31936 32227 I System.out: [INFO:17133058]: LogSource: Response [http=200,length=209]
07-01 02:15:39.195 31936 32225 I System.out: [INFO:17133064]: LogSource: Read id 42, status code 200
07-01 02:15:39.300 31936 31939 D dalvikvm: GC_CONCURRENT freed 483K, 6% free 10378K/10951K, paused 2ms+2ms
07-01 02:15:39.961   151   580 I ActivityManager: Process android.process.media (pid 2663) has died.
07-01 02:16:13.125  2330  2332 D dalvikvm: GC_CONCURRENT freed 444K, 6% free 9286K/9863K, paused 7ms+2ms
07-01 02:16:17.296 26241 26241 D wpa_supplicant: WPS: Building WPS IE for Probe Request
07-01 02:16:17.296 26241 26241 D wpa_supplicant: WPS:  * Version (hardcoded 0x10)
07-01 02:16:17.296 26241 26241 D wpa_supplicant: WPS:  * Request Type
07-01 02:16:17.296 26241 26241 D wpa_supplicant: WPS:  * Config Methods (2388)
07-01 02:16:17.296 26241 26241 D wpa_supplicant: WPS:  * UUID-E
07-01 02:16:17.296 26241 26241 D wpa_supplicant: WPS:  * Primary Device Type
07-01 02:16:17.296 26241 26241 D wpa_supplicant: WPS:  * RF Bands (3)
07-01 02:16:17.296 26241 26241 D wpa_supplicant: WPS:  * Association State
07-01 02:16:17.296 26241 26241 D wpa_supplicant: WPS:  * Configuration Error (0)
07-01 02:16:17.296 26241 26241 D wpa_supplicant: WPS:  * Device Password ID (0)
07-01 02:16:17.296 26241 26241 D wpa_supplicant: WPS:  * Manufacturer
07-01 02:16:17.296 26241 26241 D wpa_supplicant: WPS:  * Model Name
07-01 02:16:17.296 26241 26241 D wpa_supplicant: WPS:  * Model Number
07-01 02:16:17.296 26241 26241 D wpa_supplicant: WPS:  * Device Name
07-01 02:16:17.296 26241 26241 D wpa_supplicant: WPS:  * Version2 (0x20)
07-01 02:16:17.296 26241 26241 D wpa_supplicant: wpa_driver_wext_combo_scan: Start
07-01 02:16:17.296 26241 26241 D wpa_supplicant: For Scan: (null)
07-01 02:16:17.367 26241 26241 D wpa_supplicant: Scan requested (ret=0) - scan timeout 30 seconds
07-01 02:16:17.414 26241 26241 D wpa_supplicant: wpa_driver_wext_driver_cmd SETSUSPENDOPT 0 len = 4096
07-01 02:16:17.414 26241 26241 D wpa_supplicant: wpa_driver_wext_driver_cmd SETSUSPENDOPT 0 len = 0, 15
07-01 02:16:17.421 26241 26241 D wpa_supplicant: wpa_driver_wext_driver_cmd POWERMODE 0 len = 4096
07-01 02:16:17.457 26241 26241 D wpa_supplicant: wpa_driver_wext_driver_cmd OK len = 0, 2
07-01 02:16:17.457 26241 26241 D wpa_supplicant: Ongoing scan action - reject new request
07-01 02:16:17.847 26241 26241 D wpa_supplicant: RTM_NEWLINK: operstate=0 ifi_flags=0x11003 ([UP][LOWER_UP])
07-01 02:16:17.847 26241 26241 D wpa_supplicant: RTM_NEWLINK, IFLA_IFNAME: Interface 'wlan0' added
07-01 02:16:17.847 26241 26241 D wpa_supplicant: Wireless event: cmd=0x8b19 len=8
07-01 02:16:17.859 26241 26241 D wpa_supplicant: Received 169 bytes of scan results (1 BSSes)
07-01 02:16:17.898 31936 32230 D WifiLocator: Too many cache  misses. Need server request. hasLocation=0 noLocation=0 cacheMiss=2
07-01 02:16:17.898 31936 32230 D NetworkLocator: Not reporting location since the new location has worse accuracy than the previous one.
07-01 02:16:17.910 31936 32225 I System.out: [INFO:17171780]: LogSource: Running flush
07-01 02:16:17.914 31936 32226 I System.out: [INFO:17171782]: LogSource: Sending payload [bytes=391]
07-01 02:16:19.660 31936 32226 I System.out: [INFO:17173529]: LogSource: Response [http=200,length=136]
07-01 02:16:19.668 31936 32225 I System.out: [INFO:17173537]: LogSource: Read id 43, status code 200
07-01 02:16:19.734 26241 26241 D wpa_supplicant: wpa_driver_wext_driver_cmd SETSUSPENDOPT 0 len = 4096
07-01 02:16:19.734 26241 26241 D wpa_supplicant: wpa_driver_wext_driver_cmd SETSUSPENDOPT 0 len = 0, 15
07-01 02:16:19.734 26241 26241 D wpa_supplicant: wpa_driver_wext_driver_cmd POWERMODE 0 len = 4096
07-01 02:16:19.750 26241 26241 D wpa_supplicant: wpa_driver_wext_driver_cmd OK len = 0, 2
07-01 02:17:02.449 26241 26241 D wpa_supplicant: wpa_driver_wext_driver_cmd SETSUSPENDOPT 0 len = 4096
07-01 02:17:02.453 26241 26241 D wpa_supplicant: wpa_driver_wext_driver_cmd SETSUSPENDOPT 0 len = 0, 15
07-01 02:17:02.453 26241 26241 D wpa_supplicant: WPS: Building WPS IE for Probe Request
07-01 02:17:02.453 26241 26241 D wpa_supplicant: WPS:  * Version (hardcoded 0x10)
07-01 02:17:02.453 26241 26241 D wpa_supplicant: WPS:  * Request Type
07-01 02:17:02.453 26241 26241 D wpa_supplicant: WPS:  * Config Methods (2388)
07-01 02:17:02.453 26241 26241 D wpa_supplicant: WPS:  * UUID-E
07-01 02:17:02.453 26241 26241 D wpa_supplicant: WPS:  * Primary Device Type
07-01 02:17:02.453 26241 26241 D wpa_supplicant: WPS:  * RF Bands (3)
07-01 02:17:02.453 26241 26241 D wpa_supplicant: WPS:  * Association State
07-01 02:17:02.453 26241 26241 D wpa_supplicant: WPS:  * Configuration Error (0)
07-01 02:17:02.453 26241 26241 D wpa_supplicant: WPS:  * Device Password ID (0)
07-01 02:17:02.453 26241 26241 D wpa_supplicant: WPS:  * Manufacturer
07-01 02:17:02.453 26241 26241 D wpa_supplicant: WPS:  * Model Name
07-01 02:17:02.453 26241 26241 D wpa_supplicant: WPS:  * Model Number
07-01 02:17:02.453 26241 26241 D wpa_supplicant: WPS:  * Device Name
07-01 02:17:02.453 26241 26241 D wpa_supplicant: WPS:  * Version2 (0x20)
07-01 02:17:02.453 26241 26241 D wpa_supplicant: wpa_driver_wext_combo_scan: Start
07-01 02:17:02.453 26241 26241 D wpa_supplicant: For Scan: (null)
07-01 02:17:02.519 26241 26241 D wpa_supplicant: Scan requested (ret=0) - scan timeout 30 seconds
07-01 02:17:02.519 26241 26241 D wpa_supplicant: wpa_driver_wext_driver_cmd POWERMODE 0 len = 4096
07-01 02:17:02.523 26241 26241 D wpa_supplicant: wpa_driver_wext_driver_cmd OK len = 0, 2
07-01 02:17:02.523 26241 26241 D wpa_supplicant: Ongoing scan action - reject new request
07-01 02:17:03.004 26241 26241 D wpa_supplicant: RTM_NEWLINK: operstate=0 ifi_flags=0x11003 ([UP][LOWER_UP])
07-01 02:17:03.004 26241 26241 D wpa_supplicant: RTM_NEWLINK, IFLA_IFNAME: Interface 'wlan0' added
07-01 02:17:03.004 26241 26241 D wpa_supplicant: Wireless event: cmd=0x8b19 len=8
07-01 02:17:03.019 26241 26241 D wpa_supplicant: Received 1076 bytes of scan results (4 BSSes)
07-01 02:17:03.058 31936 32230 D WifiLocator: Too many cache  misses. Need server request. hasLocation=0 noLocation=0 cacheMiss=5
07-01 02:17:03.058 31936 32230 D NetworkLocator: Not reporting location since the new location has worse accuracy than the previous one.
07-01 02:17:03.074 31936 32225 I System.out: [INFO:17216943]: LogSource: Running flush
07-01 02:17:03.074 31936 32228 I System.out: [INFO:17216945]: LogSource: Sending payload [bytes=478]
07-01 02:17:04.339 31936 32228 I System.out: [INFO:17218208]: LogSource: Response [http=200,length=220]
07-01 02:17:04.343 31936 32225 I System.out: [INFO:17218214]: LogSource: Read id 44, status code 200
07-01 02:17:04.445 31936 31939 D dalvikvm: GC_CONCURRENT freed 578K, 6% free 10356K/11015K, paused 2ms+3ms
07-01 02:17:04.480 26241 26241 D wpa_supplicant: wpa_driver_wext_driver_cmd SETSUSPENDOPT 0 len = 4096
07-01 02:17:04.480 26241 26241 D wpa_supplicant: wpa_driver_wext_driver_cmd SETSUSPENDOPT 0 len = 0, 15
07-01 02:17:04.480 26241 26241 D wpa_supplicant: wpa_driver_wext_driver_cmd POWERMODE 0 len = 4096
07-01 02:17:04.484 26241 26241 D wpa_supplicant: wpa_driver_wext_driver_cmd OK len = 0, 2
07-01 02:17:48.019 26241 26241 D wpa_supplicant: wpa_driver_wext_driver_cmd SETSUSPENDOPT 0 len = 4096
07-01 02:17:48.019 26241 26241 D wpa_supplicant: wpa_driver_wext_driver_cmd SETSUSPENDOPT 0 len = 0, 15
07-01 02:17:48.019 26241 26241 D wpa_supplicant: WPS: Building WPS IE for Probe Request
07-01 02:17:48.019 26241 26241 D wpa_supplicant: WPS:  * Version (hardcoded 0x10)
07-01 02:17:48.019 26241 26241 D wpa_supplicant: WPS:  * Request Type
07-01 02:17:48.019 26241 26241 D wpa_supplicant: WPS:  * Config Methods (2388)
07-01 02:17:48.019 26241 26241 D wpa_supplicant: WPS:  * UUID-E
07-01 02:17:48.019 26241 26241 D wpa_supplicant: WPS:  * Primary Device Type
07-01 02:17:48.019 26241 26241 D wpa_supplicant: WPS:  * RF Bands (3)
07-01 02:17:48.019 26241 26241 D wpa_supplicant: WPS:  * Association State
07-01 02:17:48.019 26241 26241 D wpa_supplicant: WPS:  * Configuration Error (0)
07-01 02:17:48.019 26241 26241 D wpa_supplicant: WPS:  * Device Password ID (0)
07-01 02:17:48.019 26241 26241 D wpa_supplicant: WPS:  * Manufacturer
07-01 02:17:48.019 26241 26241 D wpa_supplicant: WPS:  * Model Name
07-01 02:17:48.019 26241 26241 D wpa_supplicant: WPS:  * Model Number
07-01 02:17:48.019 26241 26241 D wpa_supplicant: WPS:  * Device Name
07-01 02:17:48.019 26241 26241 D wpa_supplicant: WPS:  * Version2 (0x20)
07-01 02:17:48.019 26241 26241 D wpa_supplicant: wpa_driver_wext_combo_scan: Start
07-01 02:17:48.019 26241 26241 D wpa_supplicant: For Scan: (null)
07-01 02:17:48.074   507   509 D dalvikvm: GC_CONCURRENT freed 428K, 8% free 9640K/10375K, paused 9ms+3ms
07-01 02:17:48.089 31936 32223 D androidNetworkLocationListeners: Still have listener com.google.android.location.internal.client.NetworkLocationClient$1@4131a240
07-01 02:17:48.089 26241 26241 D wpa_supplicant: Scan requested (ret=0) - scan timeout 30 seconds
07-01 02:17:48.089 26241 26241 D wpa_supplicant: wpa_driver_wext_driver_cmd POWERMODE 0 len = 4096
07-01 02:17:48.093 26241 26241 D wpa_supplicant: wpa_driver_wext_driver_cmd OK len = 0, 2
07-01 02:17:48.093 26241 26241 D wpa_supplicant: Ongoing scan action - reject new request
07-01 02:17:48.093 31936 32223 D androidNetworkLocationListeners: Still have listener com.google.android.location.internal.client.NetworkLocationClient$1@4131a240
07-01 02:17:48.093 26241 26241 D wpa_supplicant: Ongoing scan action - reject new request
07-01 02:17:48.101 26241 26241 D wpa_supplicant: Ongoing scan action - reject new request
07-01 02:17:48.578 26241 26241 D wpa_supplicant: RTM_NEWLINK: operstate=0 ifi_flags=0x11003 ([UP][LOWER_UP])
07-01 02:17:48.578 26241 26241 D wpa_supplicant: RTM_NEWLINK, IFLA_IFNAME: Interface 'wlan0' added
07-01 02:17:48.578 26241 26241 D wpa_supplicant: Wireless event: cmd=0x8b19 len=8
07-01 02:17:48.578 26241 26241 D wpa_supplicant: Received 1116 bytes of scan results (4 BSSes)
07-01 02:17:48.625 31936 32230 D WifiLocator: Not enough positive cache hits compared to misses. Need server request. hasLocation=3 noLocation=1 cacheMiss=4
07-01 02:17:48.625 31936 32230 D NetworkLocator: Not reporting location since the new location has worse accuracy than the previous one.
07-01 02:17:48.644 31936 32225 I System.out: [INFO:17262514]: LogSource: Running flush
07-01 02:17:48.648 31936 32227 I System.out: [INFO:17262516]: LogSource: Sending payload [bytes=555]
07-01 02:17:50.609 31936 32227 I System.out: [INFO:17264475]: LogSource: Response [http=200,length=246]
07-01 02:17:50.617 31936 32225 I System.out: [INFO:17264485]: LogSource: Read id 45, status code 200
07-01 02:17:50.644 31936 32230 I WifiLocationEstimator: Not returning location for the following outliers: [176066675070298, 127835425538732, 123642641248841]
07-01 02:17:50.714 26241 26241 D wpa_supplicant: wpa_driver_wext_driver_cmd SETSUSPENDOPT 0 len = 4096
07-01 02:17:50.714 26241 26241 D wpa_supplicant: wpa_driver_wext_driver_cmd SETSUSPENDOPT 0 len = 0, 15
07-01 02:17:50.714 26241 26241 D wpa_supplicant: wpa_driver_wext_driver_cmd POWERMODE 0 len = 4096
07-01 02:17:50.722 26241 26241 D wpa_supplicant: wpa_driver_wext_driver_cmd OK len = 0, 2
07-01 02:17:50.742 31936 31939 D dalvikvm: GC_CONCURRENT freed 436K, 6% free 10359K/11015K, paused 2ms+3ms
07-01 02:18:33.132 26241 26241 D wpa_supplicant: wpa_driver_wext_driver_cmd SETSUSPENDOPT 0 len = 4096
07-01 02:18:33.136 26241 26241 D wpa_supplicant: wpa_driver_wext_driver_cmd SETSUSPENDOPT 0 len = 0, 15
07-01 02:18:33.136 26241 26241 D wpa_supplicant: WPS: Building WPS IE for Probe Request
07-01 02:18:33.136 26241 26241 D wpa_supplicant: WPS:  * Version (hardcoded 0x10)
07-01 02:18:33.136 26241 26241 D wpa_supplicant: WPS:  * Request Type
07-01 02:18:33.136 26241 26241 D wpa_supplicant: WPS:  * Config Methods (2388)
07-01 02:18:33.136 26241 26241 D wpa_supplicant: WPS:  * UUID-E
07-01 02:18:33.136 26241 26241 D wpa_supplicant: WPS:  * Primary Device Type
07-01 02:18:33.136 26241 26241 D wpa_supplicant: WPS:  * RF Bands (3)
07-01 02:18:33.136 26241 26241 D wpa_supplicant: WPS:  * Association State
07-01 02:18:33.136 26241 26241 D wpa_supplicant: WPS:  * Configuration Error (0)
07-01 02:18:33.136 26241 26241 D wpa_supplicant: WPS:  * Device Password ID (0)
07-01 02:18:33.136 26241 26241 D wpa_supplicant: WPS:  * Manufacturer
07-01 02:18:33.136 26241 26241 D wpa_supplicant: WPS:  * Model Name
07-01 02:18:33.136 26241 26241 D wpa_supplicant: WPS:  * Model Number
07-01 02:18:33.136 26241 26241 D wpa_supplicant: WPS:  * Device Name
07-01 02:18:33.136 26241 26241 D wpa_supplicant: WPS:  * Version2 (0x20)
07-01 02:18:33.136 26241 26241 D wpa_supplicant: wpa_driver_wext_combo_scan: Start
07-01 02:18:33.136 26241 26241 D wpa_supplicant: For Scan: (null)
07-01 02:18:33.203 26241 26241 D wpa_supplicant: Scan requested (ret=0) - scan timeout 30 seconds
07-01 02:18:33.203 26241 26241 D wpa_supplicant: wpa_driver_wext_driver_cmd POWERMODE 0 len = 4096
07-01 02:18:33.207 26241 26241 D wpa_supplicant: wpa_driver_wext_driver_cmd OK len = 0, 2
07-01 02:18:33.207 26241 26241 D wpa_supplicant: Ongoing scan action - reject new request
07-01 02:18:33.687 26241 26241 D wpa_supplicant: RTM_NEWLINK: operstate=0 ifi_flags=0x11003 ([UP][LOWER_UP])
07-01 02:18:33.687 26241 26241 D wpa_supplicant: RTM_NEWLINK, IFLA_IFNAME: Interface 'wlan0' added
07-01 02:18:33.691 26241 26241 D wpa_supplicant: Wireless event: cmd=0x8b19 len=8
07-01 02:18:33.691 26241 26241 D wpa_supplicant: Received 700 bytes of scan results (2 BSSes)
07-01 02:18:33.796 26241 26241 D wpa_supplicant: wpa_driver_wext_driver_cmd SETSUSPENDOPT 0 len = 4096
07-01 02:18:33.796 26241 26241 D wpa_supplicant: wpa_driver_wext_driver_cmd SETSUSPENDOPT 0 len = 0, 15
07-01 02:18:33.800 26241 26241 D wpa_supplicant: wpa_driver_wext_driver_cmd POWERMODE 0 len = 4096
07-01 02:18:33.800 26241 26241 D wpa_supplicant: wpa_driver_wext_driver_cmd OK len = 0, 2
07-01 02:19:18.175 26241 26241 D wpa_supplicant: wpa_driver_wext_driver_cmd SETSUSPENDOPT 0 len = 4096
07-01 02:19:18.175 26241 26241 D wpa_supplicant: wpa_driver_wext_driver_cmd SETSUSPENDOPT 0 len = 0, 15
07-01 02:19:18.179 26241 26241 D wpa_supplicant: WPS: Building WPS IE for Probe Request
07-01 02:19:18.179 26241 26241 D wpa_supplicant: WPS:  * Version (hardcoded 0x10)
07-01 02:19:18.179 26241 26241 D wpa_supplicant: WPS:  * Request Type
07-01 02:19:18.179 26241 26241 D wpa_supplicant: WPS:  * Config Methods (2388)
07-01 02:19:18.179 26241 26241 D wpa_supplicant: WPS:  * UUID-E
07-01 02:19:18.179 26241 26241 D wpa_supplicant: WPS:  * Primary Device Type
07-01 02:19:18.179 26241 26241 D wpa_supplicant: WPS:  * RF Bands (3)
07-01 02:19:18.179 26241 26241 D wpa_supplicant: WPS:  * Association State
07-01 02:19:18.179 26241 26241 D wpa_supplicant: WPS:  * Configuration Error (0)
07-01 02:19:18.179 26241 26241 D wpa_supplicant: WPS:  * Device Password ID (0)
07-01 02:19:18.179 26241 26241 D wpa_supplicant: WPS:  * Manufacturer
07-01 02:19:18.179 26241 26241 D wpa_supplicant: WPS:  * Model Name
07-01 02:19:18.179 26241 26241 D wpa_supplicant: WPS:  * Model Number
07-01 02:19:18.179 26241 26241 D wpa_supplicant: WPS:  * Device Name
07-01 02:19:18.179 26241 26241 D wpa_supplicant: WPS:  * Version2 (0x20)
07-01 02:19:18.179 26241 26241 D wpa_supplicant: wpa_driver_wext_combo_scan: Start
07-01 02:19:18.179 26241 26241 D wpa_supplicant: For Scan: (null)
07-01 02:19:18.242 26241 26241 D wpa_supplicant: Scan requested (ret=0) - scan timeout 30 seconds
07-01 02:19:18.242 26241 26241 D wpa_supplicant: wpa_driver_wext_driver_cmd POWERMODE 0 len = 4096
07-01 02:19:18.246 26241 26241 D wpa_supplicant: wpa_driver_wext_driver_cmd OK len = 0, 2
07-01 02:19:18.246 26241 26241 D wpa_supplicant: Ongoing scan action - reject new request
07-01 02:19:18.726 26241 26241 D wpa_supplicant: RTM_NEWLINK: operstate=0 ifi_flags=0x11003 ([UP][LOWER_UP])
07-01 02:19:18.726 26241 26241 D wpa_supplicant: RTM_NEWLINK, IFLA_IFNAME: Interface 'wlan0' added
07-01 02:19:18.726 26241 26241 D wpa_supplicant: Wireless event: cmd=0x8b19 len=8
07-01 02:19:18.738 26241 26241 D wpa_supplicant: Received 938 bytes of scan results (3 BSSes)
07-01 02:19:18.843 26241 26241 D wpa_supplicant: wpa_driver_wext_driver_cmd SETSUSPENDOPT 0 len = 4096
07-01 02:19:18.843 26241 26241 D wpa_supplicant: wpa_driver_wext_driver_cmd SETSUSPENDOPT 0 len = 0, 15
07-01 02:19:18.843 26241 26241 D wpa_supplicant: wpa_driver_wext_driver_cmd POWERMODE 0 len = 4096
07-01 02:19:18.847 26241 26241 D wpa_supplicant: wpa_driver_wext_driver_cmd OK len = 0, 2
07-01 02:19:18.871 31936 31939 D dalvikvm: GC_CONCURRENT freed 485K, 7% free 10352K/11015K, paused 1ms+10ms
07-01 02:19:44.125   151   153 D dalvikvm: GC_CONCURRENT freed 1919K, 36% free 17927K/27847K, paused 3ms+8ms
07-01 02:19:55.254 26241 26241 D wpa_supplicant: WPS: Building WPS IE for Probe Request
07-01 02:19:55.254 26241 26241 D wpa_supplicant: WPS:  * Version (hardcoded 0x10)
07-01 02:19:55.254 26241 26241 D wpa_supplicant: WPS:  * Request Type
07-01 02:19:55.254 26241 26241 D wpa_supplicant: WPS:  * Config Methods (2388)
07-01 02:19:55.254 26241 26241 D wpa_supplicant: WPS:  * UUID-E
07-01 02:19:55.254 26241 26241 D wpa_supplicant: WPS:  * Primary Device Type
07-01 02:19:55.254 26241 26241 D wpa_supplicant: WPS:  * RF Bands (3)
07-01 02:19:55.254 26241 26241 D wpa_supplicant: WPS:  * Association State
07-01 02:19:55.254 26241 26241 D wpa_supplicant: WPS:  * Configuration Error (0)
07-01 02:19:55.254 26241 26241 D wpa_supplicant: WPS:  * Device Password ID (0)
07-01 02:19:55.254 26241 26241 D wpa_supplicant: WPS:  * Manufacturer
07-01 02:19:55.254 26241 26241 D wpa_supplicant: WPS:  * Model Name
07-01 02:19:55.254 26241 26241 D wpa_supplicant: WPS:  * Model Number
07-01 02:19:55.254 26241 26241 D wpa_supplicant: WPS:  * Device Name
07-01 02:19:55.254 26241 26241 D wpa_supplicant: WPS:  * Version2 (0x20)
07-01 02:19:55.254 26241 26241 D wpa_supplicant: wpa_driver_wext_combo_scan: Start
07-01 02:19:55.254 26241 26241 D wpa_supplicant: For Scan: (null)
07-01 02:19:55.312 26241 26241 D wpa_supplicant: Scan requested (ret=0) - scan timeout 30 seconds
07-01 02:19:56.011 26241 26241 D wpa_supplicant: RTM_NEWLINK: operstate=0 ifi_flags=0x11003 ([UP][LOWER_UP])
07-01 02:19:56.011 26241 26241 D wpa_supplicant: RTM_NEWLINK, IFLA_IFNAME: Interface 'wlan0' added
07-01 02:19:56.011 26241 26241 D wpa_supplicant: Wireless event: cmd=0x8b19 len=8
07-01 02:19:56.011 26241 26241 D wpa_supplicant: Received 0 bytes of scan results (0 BSSes)
07-01 02:20:02.550   151   151 D AlarmManagerService: Kernel timezone updated to 240 minutes west of GMT
07-01 02:20:02.550   398   398 D SystemClock: Setting time of day to sec=1341123603
07-01 02:20:03.090   151   168 I ActivityManager: Start proc com.android.calendar for broadcast com.android.calendar/.widget.CalendarAppWidgetService$CalendarFactory: pid=2881 uid=10005 gids={3003}
07-01 02:20:03.148  2881  2881 I ActivityThread: Pub com.android.calendar.CalendarRecentSuggestionsProvider: com.android.calendar.CalendarRecentSuggestionsProvider
07-01 02:20:03.277   151  1212 I ActivityManager: Start proc com.android.deskclock for broadcast com.android.deskclock/.AlarmInitReceiver: pid=2897 uid=10011 gids={}
07-01 02:20:03.324    80    80 D dalvikvm: GC_EXPLICIT freed 37K, 4% free 9031K/9347K, paused 1ms+3ms
07-01 02:20:03.351    80    80 D dalvikvm: GC_EXPLICIT freed <1K, 4% free 9031K/9347K, paused 2ms+2ms
07-01 02:20:03.371    80    80 D dalvikvm: GC_EXPLICIT freed <1K, 4% free 9031K/9347K, paused 1ms+2ms
07-01 02:20:03.379   151  1214 I ActivityManager: Start proc com.android.providers.calendar for content provider com.android.providers.calendar/.CalendarProvider2: pid=2911 uid=10006 gids={3003, 1015}
07-01 02:20:03.402   151   151 I ActivityManager: Process com.google.android.youtube (pid 2803) has died.
07-01 02:20:03.457  2897  2897 I ActivityThread: Pub com.android.deskclock: com.android.deskclock.AlarmProvider
07-01 02:20:03.469  2911  2911 I ActivityThread: Pub com.android.calendar: com.android.providers.calendar.CalendarProvider2
07-01 02:20:03.531  2897  2927 V AlarmClock: AlarmInitReceiver finished
07-01 02:20:03.644   151  1212 I ActivityManager: Process android.process.acore (pid 2771) has died.
07-01 02:20:03.687 26241 26241 D wpa_supplicant: wpa_driver_wext_driver_cmd SETSUSPENDOPT 0 len = 4096
07-01 02:20:03.687 26241 26241 D wpa_supplicant: wpa_driver_wext_driver_cmd SETSUSPENDOPT 0 len = 0, 15
07-01 02:20:03.687 26241 26241 D wpa_supplicant: wpa_driver_wext_driver_cmd POWERMODE 0 len = 4096
07-01 02:20:03.695 26241 26241 D wpa_supplicant: wpa_driver_wext_driver_cmd OK len = 0, 2
07-01 02:20:03.801 26241 26241 D wpa_supplicant: wpa_driver_wext_driver_cmd SETSUSPENDOPT 0 len = 4096
07-01 02:20:03.801 26241 26241 D wpa_supplicant: wpa_driver_wext_driver_cmd SETSUSPENDOPT 0 len = 0, 15
07-01 02:20:03.801 26241 26241 D wpa_supplicant: wpa_driver_wext_driver_cmd POWERMODE 0 len = 4096
07-01 02:20:03.816 26241 26241 D wpa_supplicant: wpa_driver_wext_driver_cmd OK len = 0, 2
07-01 02:20:07.187  2911  2911 I CalendarProvider2: Sending notification intent: Intent { act=android.intent.action.PROVIDER_CHANGED dat=content://com.android.calendar }
07-01 02:20:07.187  2911  2911 W ContentResolver: Failed to get type for: content://com.android.calendar (Unknown URL content://com.android.calendar)
07-01 02:20:07.222  2881  2883 D dalvikvm: GC_CONCURRENT freed 302K, 4% free 9169K/9543K, paused 2ms+2ms
07-01 02:20:09.890  2478  2478 I PhoneLab-Locks: wake lock acquired
07-01 02:20:09.910  2478  2478 I PhoneLab-StatusMonitor: Status Monitoring is started
07-01 02:20:09.992  2478  2480 D dalvikvm: GC_CONCURRENT freed 522K, 14% free 9257K/10759K, paused 2ms+2ms
07-01 02:20:10.011  2478  2478 I PhoneLab-StatusMonitor: Value: 10 - unit: min
07-01 02:20:10.011  2478  2478 I PhoneLab-StatusMonitor: Running interval: 600000
07-01 02:20:10.019  2478  2478 I PhoneLab-StatusMonitor: Rescheduling status monitoring...
07-01 02:20:10.019  2478  2478 I PhoneLab-Locks: wake lock released
07-01 02:20:10.027  2478  2478 I PhoneLab-StatusMonitorLocation: Learning Location
07-01 02:20:10.027  2478  2478 I PhoneLab-Locks: wake lock acquired
07-01 02:20:10.031  2478  2478 I PhoneLab-Locks: wake lock acquired
07-01 02:20:10.031 31936 32223 D androidNetworkLocationListeners: Still have listener com.google.android.location.internal.client.NetworkLocationClient$1@4131a240
07-01 02:20:10.035  2478  2478 I PhoneLab-StatusMonitorLocation: Learning Signal Strgth
07-01 02:20:10.035  2478  2478 I PhoneLab-Locks: wake lock acquired
07-01 02:20:10.035 26241 26241 D wpa_supplicant: wpa_driver_wext_driver_cmd SETSUSPENDOPT 0 len = 4096
07-01 02:20:10.035 26241 26241 D wpa_supplicant: wpa_driver_wext_driver_cmd SETSUSPENDOPT 0 len = 0, 15
07-01 02:20:10.039 26241 26241 D wpa_supplicant: wpa_driver_wext_driver_cmd POWERMODE 0 len = 4096
07-01 02:20:10.043 31936 32223 D androidNetworkLocationListeners: Still have listener com.google.android.location.internal.client.NetworkLocationClient$1@4131a240
07-01 02:20:10.043  2478  2478 I PhoneLab-StatusMonitorBattery: Battery_level: 33
07-01 02:20:10.043  2478  2478 I PhoneLab-Locks: wake lock released
07-01 02:20:10.043  2478  2478 I PhoneLab-StatusMonitorSignal: Signal_Strength: -96 asu: 9
07-01 02:20:10.043  2478  2478 I PhoneLab-Locks: wake lock released
07-01 02:20:10.050 26241 26241 D wpa_supplicant: wpa_driver_wext_driver_cmd OK len = 0, 2
07-01 02:20:10.050 26241 26241 D wpa_supplicant: WPS: Building WPS IE for Probe Request
07-01 02:20:10.050 26241 26241 D wpa_supplicant: WPS:  * Version (hardcoded 0x10)
07-01 02:20:10.050 26241 26241 D wpa_supplicant: WPS:  * Request Type
07-01 02:20:10.050 26241 26241 D wpa_supplicant: WPS:  * Config Methods (2388)
07-01 02:20:10.050 26241 26241 D wpa_supplicant: WPS:  * UUID-E
07-01 02:20:10.050 26241 26241 D wpa_supplicant: WPS:  * Primary Device Type
07-01 02:20:10.050 26241 26241 D wpa_supplicant: WPS:  * RF Bands (3)
07-01 02:20:10.050 26241 26241 D wpa_supplicant: WPS:  * Association State
07-01 02:20:10.050 26241 26241 D wpa_supplicant: WPS:  * Configuration Error (0)
07-01 02:20:10.050 26241 26241 D wpa_supplicant: WPS:  * Device Password ID (0)
07-01 02:20:10.050 26241 26241 D wpa_supplicant: WPS:  * Manufacturer
07-01 02:20:10.050 26241 26241 D wpa_supplicant: WPS:  * Model Name
07-01 02:20:10.050 26241 26241 D wpa_supplicant: WPS:  * Model Number
07-01 02:20:10.050 26241 26241 D wpa_supplicant: WPS:  * Device Name
07-01 02:20:10.050 26241 26241 D wpa_supplicant: WPS:  * Version2 (0x20)
07-01 02:20:10.050 26241 26241 D wpa_supplicant: wpa_driver_wext_combo_scan: Start
07-01 02:20:10.050 26241 26241 D wpa_supplicant: For Scan: (null)
07-01 02:20:10.082 26241 26241 E wpa_supplicant: ioctl[SIOCSIWPRIV] (cscan): -1
07-01 02:20:10.082 26241 26241 D wpa_supplicant: Scan requested (ret=-1) - scan timeout 30 seconds
07-01 02:20:10.082 26241 26241 W wpa_supplicant: wlan0: Failed to initiate AP scan
07-01 02:20:10.082 26241 26241 D wpa_supplicant: WPS: Building WPS IE for Probe Request
07-01 02:20:10.082 26241 26241 D wpa_supplicant: WPS:  * Version (hardcoded 0x10)
07-01 02:20:10.082 26241 26241 D wpa_supplicant: WPS:  * Request Type
07-01 02:20:10.082 26241 26241 D wpa_supplicant: WPS:  * Config Methods (2388)
07-01 02:20:10.082 26241 26241 D wpa_supplicant: WPS:  * UUID-E
07-01 02:20:10.082 26241 26241 D wpa_supplicant: WPS:  * Primary Device Type
07-01 02:20:10.082 26241 26241 D wpa_supplicant: WPS:  * RF Bands (3)
07-01 02:20:10.082 26241 26241 D wpa_supplicant: WPS:  * Association State
07-01 02:20:10.082 26241 26241 D wpa_supplicant: WPS:  * Configuration Error (0)
07-01 02:20:10.082 26241 26241 D wpa_supplicant: WPS:  * Device Password ID (0)
07-01 02:20:10.082 26241 26241 D wpa_supplicant: WPS:  * Manufacturer
07-01 02:20:10.082 26241 26241 D wpa_supplicant: WPS:  * Model Name
07-01 02:20:10.082 26241 26241 D wpa_supplicant: WPS:  * Model Number
07-01 02:20:10.082 26241 26241 D wpa_supplicant: WPS:  * Device Name
07-01 02:20:10.082 26241 26241 D wpa_supplicant: WPS:  * Version2 (0x20)
07-01 02:20:10.082 26241 26241 D wpa_supplicant: wpa_driver_wext_combo_scan: Start
07-01 02:20:10.082 26241 26241 D wpa_supplicant: For Scan: (null)
07-01 02:20:10.097 26241 26241 D wpa_supplicant: Scan requested (ret=0) - scan timeout 30 seconds
07-01 02:20:10.597 26241 26241 D wpa_supplicant: RTM_NEWLINK: operstate=0 ifi_flags=0x11003 ([UP][LOWER_UP])
07-01 02:20:10.597 26241 26241 D wpa_supplicant: RTM_NEWLINK, IFLA_IFNAME: Interface 'wlan0' added
07-01 02:20:10.597 26241 26241 D wpa_supplicant: Wireless event: cmd=0x8b19 len=8
07-01 02:20:10.609 26241 26241 D wpa_supplicant: Received 1132 bytes of scan results (4 BSSes)
07-01 02:20:10.652 31936 32230 D WifiLocator: Not enough positive cache hits compared to misses. Need server request. hasLocation=1 noLocation=0 cacheMiss=3
07-01 02:20:10.652 31936 32230 D NetworkLocator: Not reporting location since the new location has worse accuracy than the previous one.
07-01 02:20:10.668 31936 32225 I System.out: [INFO:17404537]: LogSource: Running flush
07-01 02:20:10.668 31936 32227 I System.out: [INFO:17404538]: LogSource: Sending payload [bytes=449]
07-01 02:20:11.679 31936 32227 I System.out: [INFO:17405550]: LogSource: Response [http=200,length=243]
07-01 02:20:11.687 31936 32225 I System.out: [INFO:17405557]: LogSource: Read id 46, status code 200
07-01 02:20:11.796 31936 31939 D dalvikvm: GC_CONCURRENT freed 499K, 6% free 10364K/11015K, paused 2ms+2ms
07-01 02:20:11.808 26241 26241 D wpa_supplicant: wpa_driver_wext_driver_cmd SETSUSPENDOPT 0 len = 4096
07-01 02:20:11.808 26241 26241 D wpa_supplicant: wpa_driver_wext_driver_cmd SETSUSPENDOPT 0 len = 0, 15
07-01 02:20:11.808 26241 26241 D wpa_supplicant: wpa_driver_wext_driver_cmd POWERMODE 0 len = 4096
07-01 02:20:11.812 26241 26241 D wpa_supplicant: wpa_driver_wext_driver_cmd OK len = 0, 2
07-01 02:20:11.832  2478  2478 I PhoneLab-StatusMonitorLocation: Location_Latitude: 43.1465329 Longitude: -77.4308035 Accuracy: 51.0
07-01 02:20:11.832 31936 32223 D androidNetworkLocationListeners: Still have listener com.google.android.location.internal.client.NetworkLocationClient$1@4131a240
07-01 02:20:11.832  2478  2478 I PhoneLab-Locks: wake lock released
07-01 02:20:11.836 26241 26241 D wpa_supplicant: wpa_driver_wext_driver_cmd SETSUSPENDOPT 0 len = 4096
07-01 02:20:11.836 26241 26241 D wpa_supplicant: wpa_driver_wext_driver_cmd SETSUSPENDOPT 0 len = 0, 15
07-01 02:20:11.836 26241 26241 D wpa_supplicant: wpa_driver_wext_driver_cmd POWERMODE 0 len = 4096
07-01 02:20:11.839 26241 26241 D wpa_supplicant: wpa_driver_wext_driver_cmd OK len = 0, 2
07-01 02:20:11.839 26241 26241 D wpa_supplicant: WPS: Building WPS IE for Probe Request
07-01 02:20:11.839 26241 26241 D wpa_supplicant: WPS:  * Version (hardcoded 0x10)
07-01 02:20:11.839 26241 26241 D wpa_supplicant: WPS:  * Request Type
07-01 02:20:11.839 26241 26241 D wpa_supplicant: WPS:  * Config Methods (2388)
07-01 02:20:11.839 26241 26241 D wpa_supplicant: WPS:  * UUID-E
07-01 02:20:11.839 26241 26241 D wpa_supplicant: WPS:  * Primary Device Type
07-01 02:20:11.839 26241 26241 D wpa_supplicant: WPS:  * RF Bands (3)
07-01 02:20:11.839 26241 26241 D wpa_supplicant: WPS:  * Association State
07-01 02:20:11.839 26241 26241 D wpa_supplicant: WPS:  * Configuration Error (0)
07-01 02:20:11.839 26241 26241 D wpa_supplicant: WPS:  * Device Password ID (0)
07-01 02:20:11.839 26241 26241 D wpa_supplicant: WPS:  * Manufacturer
07-01 02:20:11.839 26241 26241 D wpa_supplicant: WPS:  * Model Name
07-01 02:20:11.839 26241 26241 D wpa_supplicant: WPS:  * Model Number
07-01 02:20:11.839 26241 26241 D wpa_supplicant: WPS:  * Device Name
07-01 02:20:11.839 26241 26241 D wpa_supplicant: WPS:  * Version2 (0x20)
07-01 02:20:11.839 26241 26241 D wpa_supplicant: wpa_driver_wext_combo_scan: Start
07-01 02:20:11.839 26241 26241 D wpa_supplicant: For Scan: (null)
07-01 02:20:11.839 26241 26241 D wpa_supplicant: Scan requested (ret=0) - scan timeout 30 seconds
07-01 02:20:12.324 26241 26241 D wpa_supplicant: RTM_NEWLINK: operstate=0 ifi_flags=0x11003 ([UP][LOWER_UP])
07-01 02:20:12.324 26241 26241 D wpa_supplicant: RTM_NEWLINK, IFLA_IFNAME: Interface 'wlan0' added
07-01 02:20:12.324 26241 26241 D wpa_supplicant: Wireless event: cmd=0x8b19 len=8
07-01 02:20:12.324 26241 26241 D wpa_supplicant: Received 435 bytes of scan results (2 BSSes)
07-01 02:20:12.421 26241 26241 D wpa_supplicant: wpa_driver_wext_driver_cmd SETSUSPENDOPT 0 len = 4096
07-01 02:20:12.421 26241 26241 D wpa_supplicant: wpa_driver_wext_driver_cmd SETSUSPENDOPT 0 len = 0, 15
07-01 02:20:12.421 26241 26241 D wpa_supplicant: wpa_driver_wext_driver_cmd POWERMODE 0 len = 4096
07-01 02:20:12.425 26241 26241 D wpa_supplicant: wpa_driver_wext_driver_cmd OK len = 0, 2
07-01 02:20:35.023  2478  2491 I PhoneLab-: Service Running
07-01 02:20:35.101  2478  2491 I PhoneLab-LoggerService: app_38    1593  1     1064   612   c00f181c 400107b4 S logcat
07-01 02:20:35.101  2478  2491 I PhoneLab-LoggerService: Logcat pid from database 1593
07-01 02:20:35.101  2478  2491 I PhoneLab-LoggerService: Logcat process found 1593
07-01 02:20:35.101  2478  2491 I PhoneLab-LoggerService: Checking Threshold
07-01 02:20:35.105  2478  2491 I PhoneLab-: Service Running
07-01 02:20:35.136  2478  2491 I PhoneLab-LoggerService: app_38    1593  1     1064   612   c00f181c 400107b4 S logcat
07-01 02:20:35.136  2478  2491 I PhoneLab-LoggerService: Logcat pid from database 1593
07-01 02:20:35.136  2478  2491 I PhoneLab-LoggerService: Logcat process found 1593
07-01 02:20:35.136  2478  2491 I PhoneLab-LoggerService: Checking Threshold
07-01 02:20:35.140  2478  2491 I PhoneLab-: Service Running
07-01 02:20:35.168  2478  2491 I PhoneLab-LoggerService: app_38    1593  1     1064   612   c00f181c 400107b4 S logcat
07-01 02:20:35.168  2478  2491 I PhoneLab-LoggerService: Logcat pid from database 1593
07-01 02:20:35.168  2478  2491 I PhoneLab-LoggerService: Logcat process found 1593
07-01 02:20:35.168  2478  2491 I PhoneLab-LoggerService: Checking Threshold
07-01 02:20:35.172  2478  2491 I PhoneLab-: Service Running
07-01 02:20:35.195  2478  2491 I PhoneLab-LoggerService: app_38    1593  1     1064   612   c00f181c 400107b4 S logcat
07-01 02:20:35.195  2478  2491 I PhoneLab-LoggerService: Logcat pid from database 1593
07-01 02:20:35.195  2478  2491 I PhoneLab-LoggerService: Logcat process found 1593
07-01 02:20:35.195  2478  2491 I PhoneLab-LoggerService: Checking Threshold
07-01 02:20:35.195  2478  2491 I PhoneLab-: Service Running
07-01 02:20:35.238  2478  2491 I PhoneLab-LoggerService: app_38    1593  1     1064   612   c00f181c 400107b4 S logcat
07-01 02:20:35.238  2478  2491 I PhoneLab-LoggerService: Logcat pid from database 1593
07-01 02:20:35.238  2478  2491 I PhoneLab-LoggerService: Logcat process found 1593
07-01 02:20:35.238  2478  2491 I PhoneLab-LoggerService: Checking Threshold
07-01 02:20:35.242  2478  2480 D dalvikvm: GC_CONCURRENT freed 451K, 15% free 9215K/10759K, paused 2ms+2ms
07-01 02:20:56.871 26241 26241 D wpa_supplicant: wpa_driver_wext_driver_cmd SETSUSPENDOPT 0 len = 4096
07-01 02:20:56.871 26241 26241 D wpa_supplicant: wpa_driver_wext_driver_cmd SETSUSPENDOPT 0 len = 0, 15
07-01 02:20:56.871 26241 26241 D wpa_supplicant: WPS: Building WPS IE for Probe Request
07-01 02:20:56.871 26241 26241 D wpa_supplicant: WPS:  * Version (hardcoded 0x10)
07-01 02:20:56.871 26241 26241 D wpa_supplicant: WPS:  * Request Type
07-01 02:20:56.871 26241 26241 D wpa_supplicant: WPS:  * Config Methods (2388)
07-01 02:20:56.871 26241 26241 D wpa_supplicant: WPS:  * UUID-E
07-01 02:20:56.871 26241 26241 D wpa_supplicant: WPS:  * Primary Device Type
07-01 02:20:56.871 26241 26241 D wpa_supplicant: WPS:  * RF Bands (3)
07-01 02:20:56.871 26241 26241 D wpa_supplicant: WPS:  * Association State
07-01 02:20:56.871 26241 26241 D wpa_supplicant: WPS:  * Configuration Error (0)
07-01 02:20:56.871 26241 26241 D wpa_supplicant: WPS:  * Device Password ID (0)
07-01 02:20:56.871 26241 26241 D wpa_supplicant: WPS:  * Manufacturer
07-01 02:20:56.871 26241 26241 D wpa_supplicant: WPS:  * Model Name
07-01 02:20:56.871 26241 26241 D wpa_supplicant: WPS:  * Model Number
07-01 02:20:56.871 26241 26241 D wpa_supplicant: WPS:  * Device Name
07-01 02:20:56.871 26241 26241 D wpa_supplicant: WPS:  * Version2 (0x20)
07-01 02:20:56.871 26241 26241 D wpa_supplicant: wpa_driver_wext_combo_scan: Start
07-01 02:20:56.871 26241 26241 D wpa_supplicant: For Scan: (null)
07-01 02:20:56.937 26241 26241 D wpa_supplicant: Scan requested (ret=0) - scan timeout 30 seconds
07-01 02:20:56.937 26241 26241 D wpa_supplicant: wpa_driver_wext_driver_cmd POWERMODE 0 len = 4096
07-01 02:20:56.941 26241 26241 D wpa_supplicant: wpa_driver_wext_driver_cmd OK len = 0, 2
07-01 02:20:56.941 26241 26241 D wpa_supplicant: Ongoing scan action - reject new request
07-01 02:20:57.418 26241 26241 D wpa_supplicant: RTM_NEWLINK: operstate=0 ifi_flags=0x11003 ([UP][LOWER_UP])
07-01 02:20:57.418 26241 26241 D wpa_supplicant: RTM_NEWLINK, IFLA_IFNAME: Interface 'wlan0' added
07-01 02:20:57.418 26241 26241 D wpa_supplicant: Wireless event: cmd=0x8b19 len=8
07-01 02:20:57.433 26241 26241 D wpa_supplicant: Received 920 bytes of scan results (4 BSSes)
07-01 02:20:57.472 31936 32230 D WifiLocator: Not enough positive cache hits compared to misses. Need server request. hasLocation=2 noLocation=0 cacheMiss=4
07-01 02:20:57.472 31936 32230 D NetworkLocator: New location significantly newer than previous. Reporting it.
07-01 02:20:57.496 31936 32225 I System.out: [INFO:17451364]: LogSource: Running flush
07-01 02:20:57.496 31936 32228 I System.out: [INFO:17451367]: LogSource: Sending payload [bytes=494]
07-01 02:20:57.613   327   327 D dalvikvm: GC_FOR_ALLOC freed 385K, 64% free 10122K/27719K, paused 22ms
07-01 02:20:57.683   327   329 D dalvikvm: GC_CONCURRENT freed 414K, 64% free 10201K/27719K, paused 2ms+4ms
07-01 02:20:57.797   327   329 D dalvikvm: GC_CONCURRENT freed 521K, 64% free 10106K/27719K, paused 2ms+5ms
07-01 02:20:58.230 31936 32228 I System.out: [INFO:17452096]: LogSource: Response [http=200,length=222]
07-01 02:20:58.234 31936 32225 I System.out: [INFO:17452104]: LogSource: Read id 47, status code 200
07-01 02:20:58.265 31936 32230 D WifiLocator: Too many no-location APs. Will not compute a location nor go to the server. hasLocation=0 noLocation=0 cacheMiss=0
07-01 02:20:58.277 26241 26241 D wpa_supplicant: wpa_driver_wext_driver_cmd SETSUSPENDOPT 0 len = 4096
07-01 02:20:58.277 26241 26241 D wpa_supplicant: wpa_driver_wext_driver_cmd SETSUSPENDOPT 0 len = 0, 15
07-01 02:20:58.277 26241 26241 D wpa_supplicant: wpa_driver_wext_driver_cmd POWERMODE 0 len = 4096
07-01 02:20:58.281 26241 26241 D wpa_supplicant: wpa_driver_wext_driver_cmd OK len = 0, 2
07-01 02:20:58.312 31936 31939 D dalvikvm: GC_CONCURRENT freed 405K, 7% free 10352K/11015K, paused 3ms+2ms
07-01 02:21:41.925 26241 26241 D wpa_supplicant: wpa_driver_wext_driver_cmd SETSUSPENDOPT 0 len = 4096
07-01 02:21:41.925 26241 26241 D wpa_supplicant: wpa_driver_wext_driver_cmd SETSUSPENDOPT 0 len = 0, 15
07-01 02:21:41.925 26241 26241 D wpa_supplicant: WPS: Building WPS IE for Probe Request
07-01 02:21:41.925 26241 26241 D wpa_supplicant: WPS:  * Version (hardcoded 0x10)
07-01 02:21:41.925 26241 26241 D wpa_supplicant: WPS:  * Request Type
07-01 02:21:41.925 26241 26241 D wpa_supplicant: WPS:  * Config Methods (2388)
07-01 02:21:41.925 26241 26241 D wpa_supplicant: WPS:  * UUID-E
07-01 02:21:41.925 26241 26241 D wpa_supplicant: WPS:  * Primary Device Type
07-01 02:21:41.929 26241 26241 D wpa_supplicant: WPS:  * RF Bands (3)
07-01 02:21:41.929 26241 26241 D wpa_supplicant: WPS:  * Association State
07-01 02:21:41.929 26241 26241 D wpa_supplicant: WPS:  * Configuration Error (0)
07-01 02:21:41.929 26241 26241 D wpa_supplicant: WPS:  * Device Password ID (0)
07-01 02:21:41.929 26241 26241 D wpa_supplicant: WPS:  * Manufacturer
07-01 02:21:41.929 26241 26241 D wpa_supplicant: WPS:  * Model Name
07-01 02:21:41.929 26241 26241 D wpa_supplicant: WPS:  * Model Number
07-01 02:21:41.929 26241 26241 D wpa_supplicant: WPS:  * Device Name
07-01 02:21:41.929 26241 26241 D wpa_supplicant: WPS:  * Version2 (0x20)
07-01 02:21:41.929 26241 26241 D wpa_supplicant: wpa_driver_wext_combo_scan: Start
07-01 02:21:41.929 26241 26241 D wpa_supplicant: For Scan: (null)
07-01 02:21:41.937 31936 32230 I WifiLocationEstimator: Not returning location for the following outliers: [246917497576509, 126672232167]
07-01 02:21:41.984 26241 26241 D wpa_supplicant: Scan requested (ret=0) - scan timeout 30 seconds
07-01 02:21:41.984 26241 26241 D wpa_supplicant: wpa_driver_wext_driver_cmd POWERMODE 0 len = 4096
07-01 02:21:41.984 26241 26241 D wpa_supplicant: wpa_driver_wext_driver_cmd OK len = 0, 2
07-01 02:21:42.007 26241 26241 D wpa_supplicant: wpa_driver_wext_driver_cmd SETSUSPENDOPT 0 len = 4096
07-01 02:21:42.007 26241 26241 D wpa_supplicant: wpa_driver_wext_driver_cmd SETSUSPENDOPT 0 len = 0, 15
07-01 02:21:42.007 26241 26241 D wpa_supplicant: wpa_driver_wext_driver_cmd POWERMODE 0 len = 4096
07-01 02:21:42.011 26241 26241 D wpa_supplicant: wpa_driver_wext_driver_cmd OK len = 0, 2
07-01 02:21:43.011 26241 26241 D wpa_supplicant: RTM_NEWLINK: operstate=0 ifi_flags=0x11003 ([UP][LOWER_UP])
07-01 02:21:43.011 26241 26241 D wpa_supplicant: RTM_NEWLINK, IFLA_IFNAME: Interface 'wlan0' added
07-01 02:21:43.011 26241 26241 D wpa_supplicant: Wireless event: cmd=0x8b19 len=8
07-01 02:21:43.011 26241 26241 D wpa_supplicant: Received 378 bytes of scan results (1 BSSes)
07-01 02:22:26.964 26241 26241 D wpa_supplicant: wpa_driver_wext_driver_cmd SETSUSPENDOPT 0 len = 4096
07-01 02:22:26.964 26241 26241 D wpa_supplicant: wpa_driver_wext_driver_cmd SETSUSPENDOPT 0 len = 0, 15
07-01 02:22:26.968 26241 26241 D wpa_supplicant: WPS: Building WPS IE for Probe Request
07-01 02:22:26.968 26241 26241 D wpa_supplicant: WPS:  * Version (hardcoded 0x10)
07-01 02:22:26.968 26241 26241 D wpa_supplicant: WPS:  * Request Type
07-01 02:22:26.968 26241 26241 D wpa_supplicant: WPS:  * Config Methods (2388)
07-01 02:22:26.968 26241 26241 D wpa_supplicant: WPS:  * UUID-E
07-01 02:22:26.968 26241 26241 D wpa_supplicant: WPS:  * Primary Device Type
07-01 02:22:26.968 26241 26241 D wpa_supplicant: WPS:  * RF Bands (3)
07-01 02:22:26.968 26241 26241 D wpa_supplicant: WPS:  * Association State
07-01 02:22:26.968 26241 26241 D wpa_supplicant: WPS:  * Configuration Error (0)
07-01 02:22:26.968 26241 26241 D wpa_supplicant: WPS:  * Device Password ID (0)
07-01 02:22:26.968 26241 26241 D wpa_supplicant: WPS:  * Manufacturer
07-01 02:22:26.968 26241 26241 D wpa_supplicant: WPS:  * Model Name
07-01 02:22:26.968 26241 26241 D wpa_supplicant: WPS:  * Model Number
07-01 02:22:26.968 26241 26241 D wpa_supplicant: WPS:  * Device Name
07-01 02:22:26.968 26241 26241 D wpa_supplicant: WPS:  * Version2 (0x20)
07-01 02:22:26.968 26241 26241 D wpa_supplicant: wpa_driver_wext_combo_scan: Start
07-01 02:22:26.968 26241 26241 D wpa_supplicant: For Scan: (null)
07-01 02:22:26.984 31936 32230 I WifiLocationEstimator: Not returning location for the following outliers: [215769615486040]
07-01 02:22:27.039 26241 26241 D wpa_supplicant: Scan requested (ret=0) - scan timeout 30 seconds
07-01 02:22:27.039 26241 26241 D wpa_supplicant: wpa_driver_wext_driver_cmd POWERMODE 0 len = 4096
07-01 02:22:27.043 26241 26241 D wpa_supplicant: wpa_driver_wext_driver_cmd OK len = 0, 2
07-01 02:22:27.062 26241 26241 D wpa_supplicant: wpa_driver_wext_driver_cmd SETSUSPENDOPT 0 len = 4096
07-01 02:22:27.062 26241 26241 D wpa_supplicant: wpa_driver_wext_driver_cmd SETSUSPENDOPT 0 len = 0, 15
07-01 02:22:27.062 26241 26241 D wpa_supplicant: wpa_driver_wext_driver_cmd POWERMODE 0 len = 4096
07-01 02:22:27.066 26241 26241 D wpa_supplicant: wpa_driver_wext_driver_cmd OK len = 0, 2
07-01 02:22:27.086 31936 31939 D dalvikvm: GC_CONCURRENT freed 482K, 7% free 10348K/11015K, paused 1ms+3ms
07-01 02:22:27.519 26241 26241 D wpa_supplicant: RTM_NEWLINK: operstate=0 ifi_flags=0x11003 ([UP][LOWER_UP])
07-01 02:22:27.519 26241 26241 D wpa_supplicant: RTM_NEWLINK, IFLA_IFNAME: Interface 'wlan0' added
07-01 02:22:27.519 26241 26241 D wpa_supplicant: Wireless event: cmd=0x8b19 len=8
07-01 02:22:27.535 26241 26241 D wpa_supplicant: Received 409 bytes of scan results (2 BSSes)
07-01 02:22:27.648   327   329 D dalvikvm: GC_CONCURRENT freed 275K, 64% free 10231K/27719K, paused 1ms+3ms
07-01 02:22:27.718   327   329 D dalvikvm: GC_CONCURRENT freed 479K, 64% free 10255K/27719K, paused 2ms+3ms
07-01 02:23:12.023 26241 26241 D wpa_supplicant: wpa_driver_wext_driver_cmd SETSUSPENDOPT 0 len = 4096
07-01 02:23:12.023 26241 26241 D wpa_supplicant: wpa_driver_wext_driver_cmd SETSUSPENDOPT 0 len = 0, 15
07-01 02:23:12.023 26241 26241 D wpa_supplicant: WPS: Building WPS IE for Probe Request
07-01 02:23:12.023 26241 26241 D wpa_supplicant: WPS:  * Version (hardcoded 0x10)
07-01 02:23:12.023 26241 26241 D wpa_supplicant: WPS:  * Request Type
07-01 02:23:12.023 26241 26241 D wpa_supplicant: WPS:  * Config Methods (2388)
07-01 02:23:12.023 26241 26241 D wpa_supplicant: WPS:  * UUID-E
07-01 02:23:12.023 26241 26241 D wpa_supplicant: WPS:  * Primary Device Type
07-01 02:23:12.023 26241 26241 D wpa_supplicant: WPS:  * RF Bands (3)
07-01 02:23:12.023 26241 26241 D wpa_supplicant: WPS:  * Association State
07-01 02:23:12.023 26241 26241 D wpa_supplicant: WPS:  * Configuration Error (0)
07-01 02:23:12.023 26241 26241 D wpa_supplicant: WPS:  * Device Password ID (0)
07-01 02:23:12.023 26241 26241 D wpa_supplicant: WPS:  * Manufacturer
07-01 02:23:12.023 26241 26241 D wpa_supplicant: WPS:  * Model Name
07-01 02:23:12.023 26241 26241 D wpa_supplicant: WPS:  * Model Number
07-01 02:23:12.023 26241 26241 D wpa_supplicant: WPS:  * Device Name
07-01 02:23:12.023 26241 26241 D wpa_supplicant: WPS:  * Version2 (0x20)
07-01 02:23:12.023 26241 26241 D wpa_supplicant: wpa_driver_wext_combo_scan: Start
07-01 02:23:12.023 26241 26241 D wpa_supplicant: For Scan: (null)
07-01 02:23:12.125 26241 26241 D wpa_supplicant: Scan requested (ret=0) - scan timeout 30 seconds
07-01 02:23:12.125 26241 26241 D wpa_supplicant: wpa_driver_wext_driver_cmd POWERMODE 0 len = 4096
07-01 02:23:12.125 31936 32223 D androidNetworkLocationListeners: Still have listener com.google.android.location.internal.client.NetworkLocationClient$1@4131a240
07-01 02:23:12.125 26241 26241 D wpa_supplicant: wpa_driver_wext_driver_cmd OK len = 0, 2
07-01 02:23:12.129 31936 32230 I WifiLocationEstimator: Not returning location for the following outliers: [215769615486040, 107252306536]
07-01 02:23:12.136 26241 26241 D wpa_supplicant: wpa_driver_wext_driver_cmd SETSUSPENDOPT 0 len = 4096
07-01 02:23:12.136 26241 26241 D wpa_supplicant: wpa_driver_wext_driver_cmd SETSUSPENDOPT 0 len = 0, 15
07-01 02:23:12.136 26241 26241 D wpa_supplicant: wpa_driver_wext_driver_cmd POWERMODE 0 len = 4096
07-01 02:23:12.136 31936 32223 D androidNetworkLocationListeners: Still have listener com.google.android.location.internal.client.NetworkLocationClient$1@4131a240
07-01 02:23:12.140 26241 26241 D wpa_supplicant: wpa_driver_wext_driver_cmd OK len = 0, 2
07-01 02:23:12.140 26241 26241 D wpa_supplicant: wpa_driver_wext_driver_cmd SETSUSPENDOPT 0 len = 4096
07-01 02:23:12.140 26241 26241 D wpa_supplicant: wpa_driver_wext_driver_cmd SETSUSPENDOPT 0 len = 0, 15
07-01 02:23:12.140 26241 26241 D wpa_supplicant: wpa_driver_wext_driver_cmd POWERMODE 0 len = 4096
07-01 02:23:12.144 26241 26241 D wpa_supplicant: wpa_driver_wext_driver_cmd OK len = 0, 2
07-01 02:23:12.144 26241 26241 D wpa_supplicant: Ongoing scan action - reject new request
07-01 02:23:12.144 26241 26241 D wpa_supplicant: Ongoing scan action - reject new request
07-01 02:23:12.605 26241 26241 D wpa_supplicant: RTM_NEWLINK: operstate=0 ifi_flags=0x11003 ([UP][LOWER_UP])
07-01 02:23:12.605 26241 26241 D wpa_supplicant: RTM_NEWLINK, IFLA_IFNAME: Interface 'wlan0' added
07-01 02:23:12.605 26241 26241 D wpa_supplicant: Wireless event: cmd=0x8b19 len=8
07-01 02:23:12.617 26241 26241 D wpa_supplicant: Received 875 bytes of scan results (3 BSSes)
07-01 02:23:12.711 26241 26241 D wpa_supplicant: wpa_driver_wext_driver_cmd SETSUSPENDOPT 0 len = 4096
07-01 02:23:12.711 26241 26241 D wpa_supplicant: wpa_driver_wext_driver_cmd SETSUSPENDOPT 0 len = 0, 15
07-01 02:23:12.711 26241 26241 D wpa_supplicant: wpa_driver_wext_driver_cmd POWERMODE 0 len = 4096
07-01 02:23:12.714 26241 26241 D wpa_supplicant: wpa_driver_wext_driver_cmd OK len = 0, 2
07-01 02:23:57.273 26241 26241 D wpa_supplicant: wpa_driver_wext_driver_cmd SETSUSPENDOPT 0 len = 4096
07-01 02:23:57.273 26241 26241 D wpa_supplicant: wpa_driver_wext_driver_cmd SETSUSPENDOPT 0 len = 0, 15
07-01 02:23:57.273 26241 26241 D wpa_supplicant: WPS: Building WPS IE for Probe Request
07-01 02:23:57.273 26241 26241 D wpa_supplicant: WPS:  * Version (hardcoded 0x10)
07-01 02:23:57.273 26241 26241 D wpa_supplicant: WPS:  * Request Type
07-01 02:23:57.273 26241 26241 D wpa_supplicant: WPS:  * Config Methods (2388)
07-01 02:23:57.273 26241 26241 D wpa_supplicant: WPS:  * UUID-E
07-01 02:23:57.273 26241 26241 D wpa_supplicant: WPS:  * Primary Device Type
07-01 02:23:57.273 26241 26241 D wpa_supplicant: WPS:  * RF Bands (3)
07-01 02:23:57.273 26241 26241 D wpa_supplicant: WPS:  * Association State
07-01 02:23:57.273 26241 26241 D wpa_supplicant: WPS:  * Configuration Error (0)
07-01 02:23:57.273 26241 26241 D wpa_supplicant: WPS:  * Device Password ID (0)
07-01 02:23:57.273 26241 26241 D wpa_supplicant: WPS:  * Manufacturer
07-01 02:23:57.273 26241 26241 D wpa_supplicant: WPS:  * Model Name
07-01 02:23:57.273 26241 26241 D wpa_supplicant: WPS:  * Model Number
07-01 02:23:57.273 26241 26241 D wpa_supplicant: WPS:  * Device Name
07-01 02:23:57.273 26241 26241 D wpa_supplicant: WPS:  * Version2 (0x20)
07-01 02:23:57.273 26241 26241 D wpa_supplicant: wpa_driver_wext_combo_scan: Start
07-01 02:23:57.273 26241 26241 D wpa_supplicant: For Scan: (null)
07-01 02:23:57.328 26241 26241 D wpa_supplicant: Scan requested (ret=0) - scan timeout 30 seconds
07-01 02:23:57.328 26241 26241 D wpa_supplicant: wpa_driver_wext_driver_cmd POWERMODE 0 len = 4096
07-01 02:23:57.332 26241 26241 D wpa_supplicant: wpa_driver_wext_driver_cmd OK len = 0, 2
07-01 02:23:57.336 26241 26241 D wpa_supplicant: Ongoing scan action - reject new request
07-01 02:23:57.808 26241 26241 D wpa_supplicant: RTM_NEWLINK: operstate=0 ifi_flags=0x11003 ([UP][LOWER_UP])
07-01 02:23:57.808 26241 26241 D wpa_supplicant: RTM_NEWLINK, IFLA_IFNAME: Interface 'wlan0' added
07-01 02:23:57.808 26241 26241 D wpa_supplicant: Wireless event: cmd=0x8b19 len=8
