07-09 00:06:10.074   211   211 D dalvikvm: GC_FOR_ALLOC freed 431K, 43% free 9741K/16967K, paused 20ms
07-09 00:06:10.132   211   213 D dalvikvm: GC_CONCURRENT freed 353K, 42% free 9871K/16967K, paused 2ms+3ms
07-09 00:06:10.207   288   288 D wpa_supplicant: RTM_NEWLINK: operstate=0 ifi_flags=0x11003 ([UP][LOWER_UP])
07-09 00:06:10.207   288   288 D wpa_supplicant: RTM_NEWLINK, IFLA_IFNAME: Interface 'wlan0' added
07-09 00:06:10.207   288   288 D wpa_supplicant: Wireless event: cmd=0x8b19 len=8
07-09 00:06:10.207   288   288 D wpa_supplicant: Received 2225 bytes of scan results (8 BSSes)
07-09 00:06:10.234   211   213 D dalvikvm: GC_CONCURRENT freed 461K, 42% free 9876K/16967K, paused 2ms+8ms
07-09 00:06:10.429  2924  2926 D dalvikvm: GC_CONCURRENT freed 367K, 5% free 10181K/10695K, paused 2ms+7ms
07-09 00:06:11.941   288   288 D wpa_supplicant: wpa_driver_wext_driver_cmd SETSUSPENDOPT 0 len = 4096
07-09 00:06:11.941   288   288 D wpa_supplicant: wpa_driver_wext_driver_cmd SETSUSPENDOPT 0 len = 0, 15
07-09 00:06:11.941   288   288 D wpa_supplicant: wpa_driver_wext_driver_cmd POWERMODE 0 len = 4096
07-09 00:06:11.949   288   288 D wpa_supplicant: wpa_driver_wext_driver_cmd OK len = 0, 2
07-09 00:06:11.957  2924  2926 D dalvikvm: GC_CONCURRENT freed 435K, 6% free 10266K/10823K, paused 2ms+2ms
07-09 00:06:12.914    81   123 D AudioHardware: AudioHardware pcm playback is going to standby.
07-09 00:06:12.914    81   123 D AudioHardware: closePcmOut_l() mPcmOpenCnt: 1
07-09 00:06:17.156   140   157 I ActivityManager: Start proc com.zehro.android.clockr for service com.zehro.android.clockr/.ClockrUpdateService: pid=2996 uid=10077 gids={}
07-09 00:06:17.164  2996  2996 I dalvikvm: Turning on JNI app bug workarounds for target SDK version 7...
07-09 00:06:17.261  2996  2996 D dalvikvm: GC_EXPLICIT freed 115K, 4% free 9058K/9347K, paused 4ms+2ms
07-09 00:06:25.215   288   288 D wpa_supplicant: WPS: Building WPS IE for Probe Request
07-09 00:06:25.215   288   288 D wpa_supplicant: WPS:  * Version (hardcoded 0x10)
07-09 00:06:25.215   288   288 D wpa_supplicant: WPS:  * Request Type
07-09 00:06:25.215   288   288 D wpa_supplicant: WPS:  * Config Methods (2388)
07-09 00:06:25.215   288   288 D wpa_supplicant: WPS:  * UUID-E
07-09 00:06:25.215   288   288 D wpa_supplicant: WPS:  * Primary Device Type
07-09 00:06:25.215   288   288 D wpa_supplicant: WPS:  * RF Bands (3)
07-09 00:06:25.215   288   288 D wpa_supplicant: WPS:  * Association State
07-09 00:06:25.215   288   288 D wpa_supplicant: WPS:  * Configuration Error (0)
07-09 00:06:25.215   288   288 D wpa_supplicant: WPS:  * Device Password ID (0)
07-09 00:06:25.215   288   288 D wpa_supplicant: WPS:  * Manufacturer
07-09 00:06:25.215   288   288 D wpa_supplicant: WPS:  * Model Name
07-09 00:06:25.215   288   288 D wpa_supplicant: WPS:  * Model Number
07-09 00:06:25.215   288   288 D wpa_supplicant: WPS:  * Device Name
07-09 00:06:25.215   288   288 D wpa_supplicant: WPS:  * Version2 (0x20)
07-09 00:06:25.215   288   288 D wpa_supplicant: wpa_driver_wext_combo_scan: Start
07-09 00:06:25.215   288   288 D wpa_supplicant: For Scan: (null)
07-09 00:06:25.273   288   288 D wpa_supplicant: Scan requested (ret=0) - scan timeout 30 seconds
07-09 00:06:25.761   288   288 D wpa_supplicant: RTM_NEWLINK: operstate=0 ifi_flags=0x11003 ([UP][LOWER_UP])
07-09 00:06:25.761   288   288 D wpa_supplicant: RTM_NEWLINK, IFLA_IFNAME: Interface 'wlan0' added
07-09 00:06:25.761   288   288 D wpa_supplicant: Wireless event: cmd=0x8b19 len=8
07-09 00:06:25.769   288   288 D wpa_supplicant: Received 3475 bytes of scan results (13 BSSes)
07-09 00:06:27.152   140   157 I ActivityManager: Start proc com.facebook.katana for service com.facebook.katana/.service.MediaUploadService: pid=3010 uid=10055 gids={3003, 1006, 1015}
07-09 00:06:27.160  3010  3010 I dalvikvm: Turning on JNI app bug workarounds for target SDK version 7...
07-09 00:06:27.269  3010  3013 D dalvikvm: GC_CONCURRENT freed 160K, 3% free 9371K/9607K, paused 1ms+2ms
07-09 00:06:27.359  3010  3010 I ActivityThread: Pub com.facebook.katana.provider.LoggingProvider: com.facebook.katana.provider.LoggingProvider
07-09 00:06:27.367  3010  3010 I ActivityThread: Pub com.facebook.katana.provider.KeyValueProvider: com.facebook.katana.provider.KeyValueProvider
07-09 00:06:27.371  3010  3010 I ActivityThread: Pub com.facebook.katana.provider.CacheProvider: com.facebook.katana.provider.CacheProvider
07-09 00:06:27.371  3010  3010 I ActivityThread: Pub com.facebook.katana.provider.MailboxProvider: com.facebook.katana.provider.MailboxProvider
07-09 00:06:27.371  3010  3010 I ActivityThread: Pub com.facebook.katana.provider.UserStatusesProvider: com.facebook.katana.provider.UserStatusesProvider
07-09 00:06:27.379  3010  3010 I ActivityThread: Pub com.facebook.katana.provider.EventsProvider: com.facebook.katana.provider.EventsProvider
07-09 00:06:27.379  3010  3010 I ActivityThread: Pub com.facebook.katana.provider.NotificationsProvider: com.facebook.katana.provider.NotificationsProvider
07-09 00:06:27.379  3010  3010 I ActivityThread: Pub com.facebook.katana.provider.UserValuesProvider: com.facebook.katana.provider.UserValuesProvider
07-09 00:06:27.379  3010  3010 I ActivityThread: Pub com.facebook.katana.provider.PagesProvider: com.facebook.katana.provider.PagesProvider
07-09 00:06:27.382  3010  3013 D dalvikvm: GC_CONCURRENT freed 150K, 3% free 9705K/9991K, paused 2ms+3ms
07-09 00:06:27.382  3010  3010 I ActivityThread: Pub com.facebook.katana.provider.MobileEventLogProvider: com.facebook.katana.provider.MobileEventLogProvider
07-09 00:06:27.382  3010  3010 I ActivityThread: Pub com.facebook.katana.provider.PushNotificationsProvider: com.facebook.katana.provider.PushNotificationsProvider
07-09 00:06:27.386  3010  3010 I ActivityThread: Pub com.facebook.katana.provider.PhotosProvider: com.facebook.katana.provider.PhotosProvider
07-09 00:06:27.386  3010  3010 I ActivityThread: Pub com.facebook.katana.provider.ConnectionsProvider: com.facebook.katana.provider.ConnectionsProvider
07-09 00:06:27.402  3010  3010 I ActivityThread: Pub com.facebook.orca.notify.FbandroidMessagesForegroundProvider: com.facebook.orca.notify.FbandroidMessagesForegroundProvider
07-09 00:06:27.433  3010  3010 D ACRA    : Retrieve application default SharedPreferences.
07-09 00:06:27.437  3010  3010 D ACRA    : Set OnSharedPreferenceChangeListener.
07-09 00:06:27.437  3010  3010 D ACRA    : ACRA is enabled for com.facebook.katana, intializing...
07-09 00:06:27.457  3010  3010 D ACRA    : Looking for error files in /data/data/com.facebook.katana/app_acra-reports
07-09 00:06:27.511  3010  3010 W nalizableReferenceQueue: Could not load Finalizer in its own class loader.Loading Finalizer in the current class loader instead. As a result, you will not be ableto garbage collect this class loader. To support reclaiming this class loader, eitherresolve the underlying issue, or move Google Collections to your system class path.
07-09 00:06:27.511  3010  3010 W nalizableReferenceQueue: java.io.FileNotFoundException: com/google/common/base/internal/Finalizer.class
07-09 00:06:27.511  3010  3010 W nalizableReferenceQueue: 	at com.google.common.base.FinalizableReferenceQueue$DecoupledLoader.getBaseUrl(FinalizableReferenceQueue.java:243)
07-09 00:06:27.511  3010  3010 W nalizableReferenceQueue: 	at com.google.common.base.FinalizableReferenceQueue$DecoupledLoader.loadFinalizer(FinalizableReferenceQueue.java:227)
07-09 00:06:27.511  3010  3010 W nalizableReferenceQueue: 	at com.google.common.base.FinalizableReferenceQueue.loadFinalizer(FinalizableReferenceQueue.java:155)
07-09 00:06:27.511  3010  3010 W nalizableReferenceQueue: 	at com.google.common.base.FinalizableReferenceQueue.<clinit>(FinalizableReferenceQueue.java:84)
07-09 00:06:27.511  3010  3010 W nalizableReferenceQueue: 	at com.google.common.collect.CustomConcurrentHashMap$QueueHolder.<clinit>(CustomConcurrentHashMap.java:650)
07-09 00:06:27.511  3010  3010 W nalizableReferenceQueue: 	at com.google.common.collect.CustomConcurrentHashMap$WeakEntry.<init>(CustomConcurrentHashMap.java:1342)
07-09 00:06:27.511  3010  3010 W nalizableReferenceQueue: 	at com.google.common.collect.CustomConcurrentHashMap$EntryFactory$9.newEntry(CustomConcurrentHashMap.java:453)
07-09 00:06:27.511  3010  3010 W nalizableReferenceQueue: 	at com.google.common.collect.CustomConcurrentHashMap.a(CustomConcurrentHashMap.java:1715)
07-09 00:06:27.511  3010  3010 W nalizableReferenceQueue: 	at com.google.common.collect.ComputingConcurrentHashMap$ComputingSegment.a(ComputingConcurrentHashMap.java:123)
07-09 00:06:27.511  3010  3010 W nalizableReferenceQueue: 	at com.google.common.collect.ComputingConcurrentHashMap.apply(ComputingConcurrentHashMap.java:71)
07-09 00:06:27.511  3010  3010 W nalizableReferenceQueue: 	at com.google.common.collect.MapMaker$ComputingMapAdapter.get(MapMaker.java:848)
07-09 00:06:27.511  3010  3010 W nalizableReferenceQueue: 	at com.google.inject.internal.Annotations$AnnotationChecker.a(Annotations.java:94)
07-09 00:06:27.511  3010  3010 W nalizableReferenceQueue: 	at com.google.inject.internal.Annotations.c(Annotations.java:112)
07-09 00:06:27.511  3010  3010 W nalizableReferenceQueue: 	at com.google.inject.Key.d(Key.java:369)
07-09 00:06:27.511  3010  3010 W nalizableReferenceQueue: 	at com.google.inject.Key.b(Key.java:356)
07-09 00:06:27.511  3010  3010 W nalizableReferenceQueue: 	at com.google.inject.Key.a(Key.java:267)
07-09 00:06:27.511  3010  3010 W nalizableReferenceQueue: 	at com.facebook.orca.inject.binder.AnnotatedBindingBuilderImpl.a(AnnotatedBindingBuilderImpl.java:22)
07-09 00:06:27.511  3010  3010 W nalizableReferenceQueue: 	at com.facebook.orca.app.FbBaseModule.a(FbBaseModule.java:74)
07-09 00:06:27.511  3010  3010 W nalizableReferenceQueue: 	at com.facebook.orca.inject.AbstractModule.a(AbstractModule.java:19)
07-09 00:06:27.511  3010  3010 W nalizableReferenceQueue: 	at com.facebook.orca.inject.FbInjectorImpl.a(FbInjectorImpl.java:61)
07-09 00:06:27.511  3010  3010 W nalizableReferenceQueue: 	at com.facebook.orca.inject.FbInjectorImpl.<init>(FbInjectorImpl.java:41)
07-09 00:06:27.511  3010  3010 W nalizableReferenceQueue: 	at com.facebook.orca.inject.FbInjector.a(FbInjector.java:40)
07-09 00:06:27.511  3010  3010 W nalizableReferenceQueue: 	at com.facebook.katana.FacebookApplication.onCreate(FacebookApplication.java:86)
07-09 00:06:27.511  3010  3010 W nalizableReferenceQueue: 	at android.app.Instrumentation.callApplicationOnCreate(Instrumentation.java:969)
07-09 00:06:27.511  3010  3010 W nalizableReferenceQueue: 	at android.app.ActivityThread.handleBindApplication(ActivityThread.java:3954)
07-09 00:06:27.511  3010  3010 W nalizableReferenceQueue: 	at android.app.ActivityThread.access$1300(ActivityThread.java:123)
07-09 00:06:27.511  3010  3010 W nalizableReferenceQueue: 	at android.app.ActivityThread$H.handleMessage(ActivityThread.java:1185)
07-09 00:06:27.511  3010  3010 W nalizableReferenceQueue: 	at android.os.Handler.dispatchMessage(Handler.java:99)
07-09 00:06:27.511  3010  3010 W nalizableReferenceQueue: 	at android.os.Looper.loop(Looper.java:137)
07-09 00:06:27.511  3010  3010 W nalizableReferenceQueue: 	at android.app.ActivityThread.main(ActivityThread.java:4424)
07-09 00:06:27.511  3010  3010 W nalizableReferenceQueue: 	at java.lang.reflect.Method.invokeNative(Native Method)
07-09 00:06:27.511  3010  3010 W nalizableReferenceQueue: 	at java.lang.reflect.Method.invoke(Method.java:511)
07-09 00:06:27.511  3010  3010 W nalizableReferenceQueue: 	at com.android.internal.os.ZygoteInit$MethodAndArgsCaller.run(ZygoteInit.java:784)
07-09 00:06:27.511  3010  3010 W nalizableReferenceQueue: 	at com.android.internal.os.ZygoteInit.main(ZygoteInit.java:551)
07-09 00:06:27.511  3010  3010 W nalizableReferenceQueue: 	at dalvik.system.NativeStart.main(Native Method)
07-09 00:06:27.531  3010  3010 I Finalizer: Couldn't access Thread.inheritableThreadLocals. Reference finalizer threads will inherit thread local values.
07-09 00:06:27.578  3010  3013 D dalvikvm: GC_CONCURRENT freed 359K, 5% free 9859K/10311K, paused 2ms+3ms
07-09 00:06:27.726  3010  3013 D dalvikvm: GC_CONCURRENT freed 398K, 5% free 10001K/10503K, paused 2ms+2ms
07-09 00:06:27.918  3010  3013 D dalvikvm: GC_CONCURRENT freed 406K, 5% free 10149K/10631K, paused 2ms+4ms
07-09 00:06:28.125  3010  3026 W Resources: Converting to string: TypedValue{t=0x10/d=0xffffffff a=-1}
07-09 00:06:28.226  3010  3013 D dalvikvm: GC_CONCURRENT freed 303K, 5% free 10301K/10759K, paused 2ms+4ms
07-09 00:06:28.886  3010  3013 D dalvikvm: GC_CONCURRENT freed 339K, 5% free 10412K/10887K, paused 2ms+3ms
07-09 00:06:29.050  3010  3013 D dalvikvm: GC_CONCURRENT freed 328K, 5% free 10489K/10951K, paused 2ms+2ms
07-09 00:06:29.558  3010  3013 D dalvikvm: GC_CONCURRENT freed 352K, 4% free 10651K/11079K, paused 2ms+3ms
07-09 00:06:37.156   140   157 I ActivityManager: Start proc com.jim2 for service com.jim2/.UpdateService: pid=3041 uid=10076 gids={3002, 3001, 1006, 1015}
07-09 00:06:37.164  3041  3041 I dalvikvm: Turning on JNI app bug workarounds for target SDK version 11...
07-09 00:06:37.211  3041  3041 I ActivityThread: Pub com.jim2.docksProvider: com.jim2.docksProvider
07-09 00:06:37.304  3041  3044 D dalvikvm: GC_CONCURRENT freed 271K, 4% free 9258K/9607K, paused 1ms+2ms
07-09 00:06:40.199  3010  3013 D dalvikvm: GC_CONCURRENT freed 392K, 5% free 10689K/11207K, paused 15ms+3ms
07-09 00:06:40.297   140   392 D dalvikvm: GC_EXPLICIT freed 650K, 12% free 14582K/16455K, paused 2ms+7ms
07-09 00:06:40.789   288   288 D wpa_supplicant: WPS: Building WPS IE for Probe Request
07-09 00:06:40.789   288   288 D wpa_supplicant: WPS:  * Version (hardcoded 0x10)
07-09 00:06:40.789   288   288 D wpa_supplicant: WPS:  * Request Type
07-09 00:06:40.789   288   288 D wpa_supplicant: WPS:  * Config Methods (2388)
07-09 00:06:40.789   288   288 D wpa_supplicant: WPS:  * UUID-E
07-09 00:06:40.789   288   288 D wpa_supplicant: WPS:  * Primary Device Type
07-09 00:06:40.789   288   288 D wpa_supplicant: WPS:  * RF Bands (3)
07-09 00:06:40.789   288   288 D wpa_supplicant: WPS:  * Association State
07-09 00:06:40.789   288   288 D wpa_supplicant: WPS:  * Configuration Error (0)
07-09 00:06:40.789   288   288 D wpa_supplicant: WPS:  * Device Password ID (0)
07-09 00:06:40.789   288   288 D wpa_supplicant: WPS:  * Manufacturer
07-09 00:06:40.789   288   288 D wpa_supplicant: WPS:  * Model Name
07-09 00:06:40.789   288   288 D wpa_supplicant: WPS:  * Model Number
07-09 00:06:40.789   288   288 D wpa_supplicant: WPS:  * Device Name
07-09 00:06:40.789   288   288 D wpa_supplicant: WPS:  * Version2 (0x20)
07-09 00:06:40.789   288   288 D wpa_supplicant: wpa_driver_wext_combo_scan: Start
07-09 00:06:40.789   288   288 D wpa_supplicant: For Scan: (null)
07-09 00:06:40.855   288   288 D wpa_supplicant: Scan requested (ret=0) - scan timeout 30 seconds
07-09 00:06:41.347   288   288 D wpa_supplicant: RTM_NEWLINK: operstate=0 ifi_flags=0x11003 ([UP][LOWER_UP])
07-09 00:06:41.347   288   288 D wpa_supplicant: RTM_NEWLINK, IFLA_IFNAME: Interface 'wlan0' added
07-09 00:06:41.347   288   288 D wpa_supplicant: Wireless event: cmd=0x8b19 len=8
07-09 00:06:41.347   288   288 D wpa_supplicant: Received 3363 bytes of scan results (12 BSSes)
07-09 00:06:47.160   140   157 I ActivityManager: Start proc com.google.android.apps.maps for service com.google.android.apps.maps/com.google.googlenav.prefetch.android.PrefetcherService: pid=3059 uid=10069 gids={3003, 1015}
07-09 00:06:47.273  3059  3061 D dalvikvm: GC_CONCURRENT freed 165K, 3% free 9367K/9607K, paused 2ms+2ms
07-09 00:06:47.324  3059  3059 I ActivityThread: Pub com.google.android.maps.SearchHistoryProvider: com.google.googlenav.provider.SearchHistoryProvider
07-09 00:06:47.328  3059  3059 I ActivityThread: Pub com.google.android.maps.SuggestionProvider: com.google.googlenav.suggest.android.SuggestContentProvider
07-09 00:06:47.336  3059  3059 I ActivityThread: Pub com.google.android.maps.LayerInfoProvider: com.google.googlenav.layer.LayerInfoProvider
07-09 00:06:47.343  3059  3059 I ActivityThread: Pub com.google.android.maps.TrafficAppWidgetProvider: com.google.googlenav.appwidget.traffic.TrafficAppWidgetProvider
07-09 00:06:47.343  3059  3059 I ActivityThread: Pub com.google.android.maps.LocalActivePlacesProvider: com.google.googlenav.provider.LocalActivePlacesProvider
07-09 00:06:47.343  3059  3059 I ActivityThread: Pub com.google.android.maps.StarredItemProvider: com.google.googlenav.provider.StarredItemProvider
07-09 00:06:47.414  3059  3061 D dalvikvm: GC_CONCURRENT freed 180K, 3% free 9697K/9991K, paused 2ms+2ms
07-09 00:06:47.515  3059  3059 I ActivityThread: Pub com.google.android.maps.LocalSuggestionProvider: com.google.googlenav.provider.LocalSuggestionProvider
07-09 00:06:47.519  3059  3059 I ActivityThread: Pub com.google.android.maps.NavigationAvailabilityProvider: com.google.googlenav.provider.NavigationAvailabilityProvider
07-09 00:06:47.550  3059  3061 D dalvikvm: GC_CONCURRENT freed 252K, 4% free 9927K/10311K, paused 2ms+2ms
07-09 00:06:47.609  3059  3075 D dalvikvm: GC_FOR_ALLOC freed 98K, 4% free 10154K/10567K, paused 21ms
07-09 00:06:47.609  3059  3075 I dalvikvm-heap: Grow heap (frag case) to 10.184MB for 204816-byte allocation
07-09 00:06:47.640  3059  3074 D dalvikvm: GC_FOR_ALLOC freed <1K, 5% free 10353K/10823K, paused 19ms
07-09 00:06:47.730  3059  3085 D dalvikvm: GC_FOR_ALLOC freed 203K, 4% free 10493K/10823K, paused 20ms
07-09 00:06:47.765  3059  3084 D dalvikvm: GC_FOR_ALLOC freed 10K, 4% free 10684K/11079K, paused 20ms
07-09 00:06:48.988   288   288 D wpa_supplicant: wpa_driver_wext_driver_cmd SETSUSPENDOPT 0 len = 4096
07-09 00:06:48.988   288   288 D wpa_supplicant: wpa_driver_wext_driver_cmd SETSUSPENDOPT 0 len = 0, 15
07-09 00:06:48.988   288   288 D wpa_supplicant: wpa_driver_wext_driver_cmd POWERMODE 0 len = 4096
07-09 00:06:48.996   288   288 D wpa_supplicant: wpa_driver_wext_driver_cmd OK len = 0, 2
07-09 00:06:49.031  2164  3092 I LocationUtil: lbs-scheduleTargetingUpdate start
07-09 00:06:49.031  2164  3092 W LocationUtil: lbs-scheduleTargetingUpdate: user has NOT allowed use of lbs, skip
07-09 00:06:49.031  2164  3092 I LocatorService: lbs-onHandleIntent -- passive repeat
07-09 00:06:49.031  2164  3092 W LocationUtil: lbs-requestPassiveUpdates start
07-09 00:07:08.039  1009  1009 D WeatherGadgetConfigurePreferences: LOC_KEY + 6: null
07-09 00:07:08.082   267   529 D androidNetworkLocationListeners: Still have listener com.google.android.location.internal.client.NetworkLocationClient$1@41379218
07-09 00:07:08.093   211   213 D dalvikvm: GC_CONCURRENT freed 385K, 42% free 9892K/16967K, paused 2ms+3ms
07-09 00:07:08.136   288   288 D wpa_supplicant: wpa_driver_wext_driver_cmd SETSUSPENDOPT 0 len = 4096
07-09 00:07:08.136   288   288 D wpa_supplicant: wpa_driver_wext_driver_cmd SETSUSPENDOPT 0 len = 0, 15
07-09 00:07:08.136   288   288 D wpa_supplicant: WPS: Building WPS IE for Probe Request
07-09 00:07:08.136   288   288 D wpa_supplicant: WPS:  * Version (hardcoded 0x10)
07-09 00:07:08.136   288   288 D wpa_supplicant: WPS:  * Request Type
07-09 00:07:08.136   288   288 D wpa_supplicant: WPS:  * Config Methods (2388)
07-09 00:07:08.136   288   288 D wpa_supplicant: WPS:  * UUID-E
07-09 00:07:08.136   288   288 D wpa_supplicant: WPS:  * Primary Device Type
07-09 00:07:08.136   288   288 D wpa_supplicant: WPS:  * RF Bands (3)
07-09 00:07:08.136   288   288 D wpa_supplicant: WPS:  * Association State
07-09 00:07:08.136   288   288 D wpa_supplicant: WPS:  * Configuration Error (0)
07-09 00:07:08.136   288   288 D wpa_supplicant: WPS:  * Device Password ID (0)
07-09 00:07:08.136   288   288 D wpa_supplicant: WPS:  * Manufacturer
07-09 00:07:08.136   288   288 D wpa_supplicant: WPS:  * Model Name
07-09 00:07:08.136   288   288 D wpa_supplicant: WPS:  * Model Number
07-09 00:07:08.136   288   288 D wpa_supplicant: WPS:  * Device Name
07-09 00:07:08.136   288   288 D wpa_supplicant: WPS:  * Version2 (0x20)
07-09 00:07:08.136   288   288 D wpa_supplicant: wpa_driver_wext_combo_scan: Start
07-09 00:07:08.136   288   288 D wpa_supplicant: For Scan: (null)
07-09 00:07:08.199   288   288 D wpa_supplicant: Scan requested (ret=0) - scan timeout 30 seconds
07-09 00:07:08.199   288   288 D wpa_supplicant: wpa_driver_wext_driver_cmd POWERMODE 0 len = 4096
07-09 00:07:08.203   288   288 D wpa_supplicant: wpa_driver_wext_driver_cmd OK len = 0, 2
07-09 00:07:08.222  2996  2996 D dalvikvm: GC_EXPLICIT freed 10K, 4% free 9057K/9347K, paused 2ms+6ms
07-09 00:07:08.222   211   213 D dalvikvm: GC_CONCURRENT freed 542K, 43% free 9761K/16967K, paused 2ms+6ms
07-09 00:07:08.242   267   529 D androidNetworkLocationListeners: Still have listener com.google.android.location.internal.client.NetworkLocationClient$1@41379218
07-09 00:07:08.339   288   288 D wpa_supplicant: wpa_driver_wext_driver_cmd SETSUSPENDOPT 0 len = 4096
07-09 00:07:08.339   288   288 D wpa_supplicant: wpa_driver_wext_driver_cmd SETSUSPENDOPT 0 len = 0, 15
07-09 00:07:08.339   288   288 D wpa_supplicant: wpa_driver_wext_driver_cmd POWERMODE 0 len = 4096
07-09 00:07:08.343   288   288 D wpa_supplicant: wpa_driver_wext_driver_cmd OK len = 0, 2
07-09 00:07:08.343   288   288 D wpa_supplicant: wpa_driver_wext_driver_cmd SETSUSPENDOPT 0 len = 4096
07-09 00:07:08.343   288   288 D wpa_supplicant: wpa_driver_wext_driver_cmd SETSUSPENDOPT 0 len = 0, 15
07-09 00:07:08.347   288   288 D wpa_supplicant: wpa_driver_wext_driver_cmd POWERMODE 0 len = 4096
07-09 00:07:08.347   288   288 D wpa_supplicant: wpa_driver_wext_driver_cmd OK len = 0, 2
07-09 00:07:08.347   288   288 D wpa_supplicant: Ongoing scan action - reject new request
07-09 00:07:08.378   267   269 D dalvikvm: GC_CONCURRENT freed 444K, 6% free 10515K/11143K, paused 2ms+4ms
07-09 00:07:08.410  2164  3097 I LocationUtil: lbs-scheduleTargetingUpdate start
07-09 00:07:08.410  2164  3097 W LocationUtil: lbs-scheduleTargetingUpdate: user has NOT allowed use of lbs, skip
07-09 00:07:08.410  2164  3097 I LocatorService: lbs-onHandleIntent -- passive repeat
07-09 00:07:08.410  2164  3097 W LocationUtil: lbs-requestPassiveUpdates start
07-09 00:07:08.679   288   288 D wpa_supplicant: RTM_NEWLINK: operstate=0 ifi_flags=0x11003 ([UP][LOWER_UP])
07-09 00:07:08.679   288   288 D wpa_supplicant: RTM_NEWLINK, IFLA_IFNAME: Interface 'wlan0' added
07-09 00:07:08.679   288   288 D wpa_supplicant: Wireless event: cmd=0x8b19 len=8
07-09 00:07:08.679   288   288 D wpa_supplicant: Received 3234 bytes of scan results (12 BSSes)
07-09 00:07:08.808   288   288 D wpa_supplicant: wpa_driver_wext_driver_cmd SETSUSPENDOPT 0 len = 4096
07-09 00:07:08.808   288   288 D wpa_supplicant: wpa_driver_wext_driver_cmd SETSUSPENDOPT 0 len = 0, 15
07-09 00:07:08.808   288   288 D wpa_supplicant: wpa_driver_wext_driver_cmd POWERMODE 0 len = 4096
07-09 00:07:08.808   288   288 D wpa_supplicant: wpa_driver_wext_driver_cmd OK len = 0, 2
07-09 00:07:08.824  2164  3098 I LocatorService: lbs-onHandleIntent ------ timestamp too recent, skip
07-09 00:07:08.824  2164  3098 I LocatorService: lbs-onHandleIntent -- passive repeat
07-09 00:07:08.824  2164  3098 W LocationUtil: lbs-requestPassiveUpdates start
07-09 00:07:43.011   140   172 I power   : *** set_screen_state 1
07-09 00:07:43.070   288   288 D wpa_supplicant: wpa_driver_wext_driver_cmd SETSUSPENDOPT 0 len = 4096
07-09 00:07:43.070   288   288 D wpa_supplicant: wpa_driver_wext_driver_cmd SETSUSPENDOPT 0 len = 0, 15
07-09 00:07:43.070   288   288 D wpa_supplicant: WPS: Building WPS IE for Probe Request
07-09 00:07:43.070   288   288 D wpa_supplicant: WPS:  * Version (hardcoded 0x10)
07-09 00:07:43.070   288   288 D wpa_supplicant: WPS:  * Request Type
07-09 00:07:43.070   288   288 D wpa_supplicant: WPS:  * Config Methods (2388)
07-09 00:07:43.070   288   288 D wpa_supplicant: WPS:  * UUID-E
07-09 00:07:43.070   288   288 D wpa_supplicant: WPS:  * Primary Device Type
07-09 00:07:43.070   288   288 D wpa_supplicant: WPS:  * RF Bands (3)
07-09 00:07:43.070   288   288 D wpa_supplicant: WPS:  * Association State
07-09 00:07:43.070   288   288 D wpa_supplicant: WPS:  * Configuration Error (0)
07-09 00:07:43.070   288   288 D wpa_supplicant: WPS:  * Device Password ID (0)
07-09 00:07:43.070   288   288 D wpa_supplicant: WPS:  * Manufacturer
07-09 00:07:43.070   288   288 D wpa_supplicant: WPS:  * Model Name
07-09 00:07:43.070   288   288 D wpa_supplicant: WPS:  * Model Number
07-09 00:07:43.070   288   288 D wpa_supplicant: WPS:  * Device Name
07-09 00:07:43.070   288   288 D wpa_supplicant: WPS:  * Version2 (0x20)
07-09 00:07:43.070   288   288 D wpa_supplicant: wpa_driver_wext_combo_scan: Start
07-09 00:07:43.070   288   288 D wpa_supplicant: For Scan: (null)
07-09 00:07:43.089  1009  1009 D DAL     : lrb android.intent.action.SCREEN_ON
07-09 00:07:43.089  1009  1009 D DAL     : lrb Starting displayBannerIfNotConnectedTask
07-09 00:07:43.093  1009  1009 D DAL     : lrb updateCurrentView
07-09 00:07:43.093  1009  1009 I DAL     : lrb updateHeader
07-09 00:07:43.132  1009  1009 D WeatherGadgetConfigurePreferences: LOC_KEY + 6: null
07-09 00:07:43.140   288   288 D wpa_supplicant: Scan requested (ret=0) - scan timeout 30 seconds
07-09 00:07:43.140   288   288 D wpa_supplicant: wpa_driver_wext_driver_cmd POWERMODE 0 len = 4096
07-09 00:07:43.144   288   288 D wpa_supplicant: wpa_driver_wext_driver_cmd OK len = 0, 2
07-09 00:07:43.144   140   172 I WindowManager: Lock screen displayed!
07-09 00:07:43.230   267   529 D androidNetworkLocationListeners: Still have listener com.google.android.location.internal.client.NetworkLocationClient$1@41379218
07-09 00:07:43.234  2996  2996 D dalvikvm: GC_EXPLICIT freed 9K, 4% free 9057K/9347K, paused 2ms+3ms
07-09 00:07:43.242   267   529 D androidNetworkLocationListeners: Still have listener com.google.android.location.internal.client.NetworkLocationClient$1@41379218
07-09 00:07:43.242  1009  3101 I ControllerImpl: GET:http://wxdata.weather.com/wxdata/loc/get.js?lat=42.8880717&lng=-78.8723783&locale=en_US&key=e88d42ec-a740-102c-bafd-001321203584
07-09 00:07:43.242  1009  3101 I DAL     : GET:http://wxdata.weather.com/wxdata/loc/get.js?lat=42.8880717&lng=-78.8723783&locale=en_US&key=e88d42ec-a740-102c-bafd-001321203584
07-09 00:07:43.250    78   117 D SurfaceFlinger: Screen about to return, flinger = 0x1973918
07-09 00:07:43.265   288   288 D wpa_supplicant: wpa_driver_wext_driver_cmd SETSUSPENDOPT 0 len = 4096
07-09 00:07:43.265   288   288 D wpa_supplicant: wpa_driver_wext_driver_cmd SETSUSPENDOPT 0 len = 0, 15
07-09 00:07:43.265   288   288 D wpa_supplicant: wpa_driver_wext_driver_cmd POWERMODE 0 len = 4096
07-09 00:07:43.265   288   288 D wpa_supplicant: wpa_driver_wext_driver_cmd OK len = 0, 2
07-09 00:07:43.273   288   288 D wpa_supplicant: Ongoing scan action - reject new request
07-09 00:07:43.285   288   288 D wpa_supplicant: Ongoing scan action - reject new request
07-09 00:07:43.625   288   288 D wpa_supplicant: RTM_NEWLINK: operstate=0 ifi_flags=0x11003 ([UP][LOWER_UP])
07-09 00:07:43.625   288   288 D wpa_supplicant: RTM_NEWLINK, IFLA_IFNAME: Interface 'wlan0' added
07-09 00:07:43.625   288   288 D wpa_supplicant: Wireless event: cmd=0x8b19 len=8
07-09 00:07:43.625   288   288 D wpa_supplicant: Received 1189 bytes of scan results (5 BSSes)
07-09 00:07:43.777   288   288 D wpa_supplicant: wpa_driver_wext_driver_cmd SETSUSPENDOPT 0 len = 4096
07-09 00:07:43.781   288   288 D wpa_supplicant: wpa_driver_wext_driver_cmd SETSUSPENDOPT 0 len = 0, 15
07-09 00:07:43.781   288   288 D wpa_supplicant: wpa_driver_wext_driver_cmd POWERMODE 0 len = 4096
07-09 00:07:43.781   288   288 D wpa_supplicant: wpa_driver_wext_driver_cmd OK len = 0, 2
07-09 00:07:43.793   267   529 D androidNetworkLocationListeners: Still have listener com.google.android.location.internal.client.NetworkLocationClient$1@41379218
07-09 00:07:43.793   288   288 D wpa_supplicant: wpa_driver_wext_driver_cmd SETSUSPENDOPT 0 len = 4096
07-09 00:07:43.793   288   288 D wpa_supplicant: wpa_driver_wext_driver_cmd SETSUSPENDOPT 0 len = 0, 15
07-09 00:07:43.796   288   288 D wpa_supplicant: wpa_driver_wext_driver_cmd POWERMODE 0 len = 4096
07-09 00:07:43.796   288   288 D wpa_supplicant: wpa_driver_wext_driver_cmd OK len = 0, 2
07-09 00:07:43.796   288   288 D wpa_supplicant: WPS: Building WPS IE for Probe Request
07-09 00:07:43.796   288   288 D wpa_supplicant: WPS:  * Version (hardcoded 0x10)
07-09 00:07:43.796   288   288 D wpa_supplicant: WPS:  * Request Type
07-09 00:07:43.796   288   288 D wpa_supplicant: WPS:  * Config Methods (2388)
07-09 00:07:43.796   288   288 D wpa_supplicant: WPS:  * UUID-E
07-09 00:07:43.796   288   288 D wpa_supplicant: WPS:  * Primary Device Type
07-09 00:07:43.796   288   288 D wpa_supplicant: WPS:  * RF Bands (3)
07-09 00:07:43.796   288   288 D wpa_supplicant: WPS:  * Association State
07-09 00:07:43.796   288   288 D wpa_supplicant: WPS:  * Configuration Error (0)
07-09 00:07:43.796   288   288 D wpa_supplicant: WPS:  * Device Password ID (0)
07-09 00:07:43.796   288   288 D wpa_supplicant: WPS:  * Manufacturer
07-09 00:07:43.796   288   288 D wpa_supplicant: WPS:  * Model Name
07-09 00:07:43.796   288   288 D wpa_supplicant: WPS:  * Model Number
07-09 00:07:43.796   288   288 D wpa_supplicant: WPS:  * Device Name
07-09 00:07:43.796   288   288 D wpa_supplicant: WPS:  * Version2 (0x20)
07-09 00:07:43.796   288   288 D wpa_supplicant: wpa_driver_wext_combo_scan: Start
07-09 00:07:43.796   288   288 D wpa_supplicant: For Scan: (null)
07-09 00:07:43.796   288   288 D wpa_supplicant: Scan requested (ret=0) - scan timeout 30 seconds
07-09 00:07:43.812  1009  3102 I ControllerImpl: GET:http://wxdata.weather.com/wxdata/loc/get.js?lat=42.8880118&lng=-78.8723409&locale=en_US&key=e88d42ec-a740-102c-bafd-001321203584
07-09 00:07:43.812  1009  3102 I DAL     : GET:http://wxdata.weather.com/wxdata/loc/get.js?lat=42.8880118&lng=-78.8723409&locale=en_US&key=e88d42ec-a740-102c-bafd-001321203584
07-09 00:07:43.820   267   269 D dalvikvm: GC_CONCURRENT freed 531K, 7% free 10465K/11143K, paused 2ms+3ms
07-09 00:07:43.839  2164  3103 I LocationUtil: lbs-scheduleTargetingUpdate start
07-09 00:07:43.839  2164  3103 W LocationUtil: lbs-scheduleTargetingUpdate: user has NOT allowed use of lbs, skip
07-09 00:07:43.839  2164  3103 I LocatorService: lbs-onHandleIntent -- passive repeat
07-09 00:07:43.839  2164  3103 W LocationUtil: lbs-requestPassiveUpdates start
07-09 00:07:44.238  1009  1009 D dalvikvm: GC_EXPLICIT freed 347K, 7% free 9698K/10375K, paused 2ms+5ms
07-09 00:07:44.242  1009  1009 D chris   : 0:7
07-09 00:07:44.242  1009  1009 D WeatherGadgetConfigurePreferences: LOC_KEY + 6: null
07-09 00:07:44.254  1009  1009 D WeatherGadgetService: WeatherGadetService.getWeatherData:Buffalo, NY (14203), **FOLLOW_ME**
07-09 00:07:44.254  1009  1009 D DAL     : WeatherDataConnection request:Buffalo, NY (14203), CC
07-09 00:07:44.257  1009  1009 D DAL     : WeatherDataConnection request:Buffalo, NY (14203), WA
07-09 00:07:44.273  1009  1009 D chris   : 0:7
07-09 00:07:44.273  1009  1009 D WeatherGadgetConfigurePreferences: LOC_KEY + 6: null
07-09 00:07:44.281   288   288 D wpa_supplicant: RTM_NEWLINK: operstate=0 ifi_flags=0x11003 ([UP][LOWER_UP])
07-09 00:07:44.281   288   288 D wpa_supplicant: RTM_NEWLINK, IFLA_IFNAME: Interface 'wlan0' added
07-09 00:07:44.281   288   288 D wpa_supplicant: Wireless event: cmd=0x8b19 len=8
07-09 00:07:44.281   288   288 D wpa_supplicant: Received 2989 bytes of scan results (10 BSSes)
07-09 00:07:44.328  1009  1009 D WeatherGadgetService: WeatherGadetService.getWeatherData:Buffalo, NY (14203), **FOLLOW_ME**
07-09 00:07:44.328  1009  1009 D DAL     : WeatherDataConnection request:Buffalo, NY (14203), CC
07-09 00:07:44.328  1009  1009 D DAL     : WeatherDataConnection request:Buffalo, NY (14203), WA
07-09 00:07:44.332  1009  1009 D WeatherGadgetConfigurePreferences: LOC_KEY + 6: null
07-09 00:07:44.351  1009  1009 D WeatherGadgetConfigurePreferences: LOC_KEY + 6: null
07-09 00:07:44.379  1009  1009 D WeatherGadgetConfigurePreferences: LOC_KEY + 6: null
07-09 00:07:44.386  1009  1009 D WeatherGadgetConfigurePreferences: LOC_KEY + 6: null
07-09 00:07:44.441   288   288 D wpa_supplicant: wpa_driver_wext_driver_cmd SETSUSPENDOPT 0 len = 4096
07-09 00:07:44.441   288   288 D wpa_supplicant: wpa_driver_wext_driver_cmd SETSUSPENDOPT 0 len = 0, 15
07-09 00:07:44.441   288   288 D wpa_supplicant: wpa_driver_wext_driver_cmd POWERMODE 0 len = 4096
07-09 00:07:44.441   288   288 D wpa_supplicant: wpa_driver_wext_driver_cmd OK len = 0, 2
07-09 00:07:44.453  2164  3109 I LocatorService: lbs-onHandleIntent ------ timestamp too recent, skip
07-09 00:07:44.453  2164  3109 I LocatorService: lbs-onHandleIntent -- passive repeat
07-09 00:07:44.453  2164  3109 W LocationUtil: lbs-requestPassiveUpdates start
07-09 00:07:45.019    84    84 I keystore: uid: 1000 action: p -> 1 state: 1 -> 1 retry: 4
07-09 00:07:45.039   211   211 D PhoneStatusBar: disable: < expand* icons alerts ticker* system_info BACK HOME recent* CLOCK >
07-09 00:07:45.086    81   123 D AudioHardware: AudioHardware pcm playback is exiting standby.
07-09 00:07:45.086    81   123 D AudioHardware: openPcmOut_l() mPcmOpenCnt: 0
07-09 00:07:45.093   211   211 D PhoneStatusBar: disable: < expand icons alerts ticker system_info back* home* recent clock* >
07-09 00:07:45.097   359   849 D NfcService: NFC-C ON
07-09 00:07:45.113   140   989 W InputManagerService: Window already focused, ignoring focus gain of: com.android.internal.view.IInputMethodClient$Stub$Proxy@41792278
07-09 00:07:46.257   376   376 D dalvikvm: GC_FOR_ALLOC freed 460K, 14% free 13815K/15943K, paused 59ms
07-09 00:07:46.308   140  1073 I ActivityManager: START {act=android.intent.action.MAIN cat=[android.intent.category.LAUNCHER] flg=0x10000000 pkg=com.facebook.katana cmp=com.facebook.katana/.LoginActivity bnds=[0,254][120,404]} from pid 376
07-09 00:07:46.418   211   211 V PhoneStatusBar: setLightsOn(true)
07-09 00:07:46.433  3010  3010 D libEGL  : loaded /system/lib/egl/libGLES_android.so
07-09 00:07:46.441  3010  3010 D libEGL  : loaded /vendor/lib/egl/libEGL_POWERVR_SGX540_120.so
07-09 00:07:46.445   376   376 D OpenGLRenderer: Flushing caches (mode 1)
07-09 00:07:46.461   376   376 D OpenGLRenderer: Flushing caches (mode 0)
07-09 00:07:46.472  3010  3010 D libEGL  : loaded /vendor/lib/egl/libGLESv1_CM_POWERVR_SGX540_120.so
07-09 00:07:46.472  3010  3010 D libEGL  : loaded /vendor/lib/egl/libGLESv2_POWERVR_SGX540_120.so
07-09 00:07:46.535  3010  3010 D OpenGLRenderer: Enabling debug mode 0
07-09 00:07:46.609   140   171 I ActivityManager: Displayed com.facebook.katana/.LoginActivity: +242ms
07-09 00:07:46.933   140   404 I ActivityManager: START {cmp=com.facebook.katana/.activity.login.RealLoginActivity (has extras)} from pid 3010
07-09 00:07:47.144   140   404 I ActivityManager: START {cmp=com.facebook.katana/.activity.FbFragmentChromeActivity (has extras)} from pid 3010
07-09 00:07:47.160  3010  3013 D dalvikvm: GC_CONCURRENT freed 387K, 5% free 10847K/11335K, paused 2ms+4ms
07-09 00:07:47.324  3010  3010 D dalvikvm: GC_FOR_ALLOC freed 236K, 4% free 11094K/11463K, paused 26ms
07-09 00:07:47.578  3010  3013 D dalvikvm: GC_CONCURRENT freed 229K, 3% free 11579K/11911K, paused 2ms+4ms
07-09 00:07:47.707   140   156 I Process : Sending signal. PID: 3010 SIG: 3
07-09 00:07:47.707  3010  3015 I dalvikvm: threadid=3: reacting to signal 3
07-09 00:07:47.738  3010  3015 I dalvikvm: Wrote stack traces to '/data/anr/traces.txt'
07-09 00:07:47.949  3010  3013 D dalvikvm: GC_CONCURRENT freed 601K, 6% free 11853K/12551K, paused 2ms+6ms
07-09 00:07:48.058   140   371 D dalvikvm: GC_EXPLICIT freed 1056K, 12% free 14620K/16455K, paused 3ms+8ms
07-09 00:07:48.214   140   156 I Process : Sending signal. PID: 3010 SIG: 3
07-09 00:07:48.214  3010  3015 I dalvikvm: threadid=3: reacting to signal 3
07-09 00:07:48.265  3010  3015 I dalvikvm: Wrote stack traces to '/data/anr/traces.txt'
07-09 00:07:48.390  1295  1537 I PhoneLab-: Service Running
07-09 00:07:48.566  3010  3013 D dalvikvm: GC_CONCURRENT freed 755K, 7% free 12105K/12935K, paused 2ms+4ms
07-09 00:07:48.574  1295  1537 I PhoneLab-LoggerService: app_38    1541  1295  1432   1060  c00f181c 400107b4 S logcat
07-09 00:07:48.574  1295  1537 I PhoneLab-LoggerService: Logcat pid from database 1541
07-09 00:07:48.574  1295  1537 I PhoneLab-LoggerService: Logcat process found 1541
07-09 00:07:48.574  1295  1537 I PhoneLab-LoggerService: Checking Threshold
07-09 00:07:48.711   140   156 I Process : Sending signal. PID: 3010 SIG: 3
07-09 00:07:48.711  3010  3015 I dalvikvm: threadid=3: reacting to signal 3
07-09 00:07:48.734  3010  3015 I dalvikvm: Wrote stack traces to '/data/anr/traces.txt'
07-09 00:07:48.824   267   529 D androidNetworkLocationListeners: Still have listener com.google.android.location.internal.client.NetworkLocationClient$1@41379218
07-09 00:07:48.828   288   288 D wpa_supplicant: wpa_driver_wext_driver_cmd SETSUSPENDOPT 0 len = 4096
07-09 00:07:48.828   288   288 D wpa_supplicant: wpa_driver_wext_driver_cmd SETSUSPENDOPT 0 len = 0, 15
07-09 00:07:48.828   288   288 D wpa_supplicant: wpa_driver_wext_driver_cmd POWERMODE 0 len = 4096
07-09 00:07:48.832   267   529 D androidNetworkLocationListeners: Still have listener com.google.android.location.internal.client.NetworkLocationClient$1@41379218
07-09 00:07:48.836   288   288 D wpa_supplicant: wpa_driver_wext_driver_cmd OK len = 0, 2
07-09 00:07:48.836   288   288 D wpa_supplicant: WPS: Building WPS IE for Probe Request
07-09 00:07:48.836   288   288 D wpa_supplicant: WPS:  * Version (hardcoded 0x10)
07-09 00:07:48.836   288   288 D wpa_supplicant: WPS:  * Request Type
07-09 00:07:48.836   288   288 D wpa_supplicant: WPS:  * Config Methods (2388)
07-09 00:07:48.836   288   288 D wpa_supplicant: WPS:  * UUID-E
07-09 00:07:48.836   288   288 D wpa_supplicant: WPS:  * Primary Device Type
07-09 00:07:48.836   288   288 D wpa_supplicant: WPS:  * RF Bands (3)
07-09 00:07:48.836   288   288 D wpa_supplicant: WPS:  * Association State
07-09 00:07:48.836   288   288 D wpa_supplicant: WPS:  * Configuration Error (0)
07-09 00:07:48.836   288   288 D wpa_supplicant: WPS:  * Device Password ID (0)
07-09 00:07:48.836   288   288 D wpa_supplicant: WPS:  * Manufacturer
07-09 00:07:48.836   288   288 D wpa_supplicant: WPS:  * Model Name
07-09 00:07:48.836   288   288 D wpa_supplicant: WPS:  * Model Number
07-09 00:07:48.836   288   288 D wpa_supplicant: WPS:  * Device Name
07-09 00:07:48.836   288   288 D wpa_supplicant: WPS:  * Version2 (0x20)
07-09 00:07:48.836   288   288 D wpa_supplicant: wpa_driver_wext_combo_scan: Start
07-09 00:07:48.836   288   288 D wpa_supplicant: For Scan: (null)
07-09 00:07:48.886   288   288 D wpa_supplicant: Scan requested (ret=0) - scan timeout 30 seconds
07-09 00:07:48.886   288   288 D wpa_supplicant: Ongoing scan action - reject new request
07-09 00:07:48.961   211   213 D dalvikvm: GC_CONCURRENT freed 481K, 43% free 9736K/16967K, paused 2ms+3ms
07-09 00:07:49.015   211   211 D dalvikvm: GC_FOR_ALLOC freed 465K, 43% free 9725K/16967K, paused 17ms
07-09 00:07:49.089   211   213 D dalvikvm: GC_CONCURRENT freed 445K, 43% free 9783K/16967K, paused 2ms+3ms
07-09 00:07:49.211   140   156 I Process : Sending signal. PID: 3010 SIG: 3
07-09 00:07:49.211  3010  3015 I dalvikvm: threadid=3: reacting to signal 3
07-09 00:07:49.214  3010  3013 I dalvikvm: threadid=2 ODD: want thread-suspend lock (susp-all:gc), it's held, no suspend pending
07-09 00:07:49.242  3010  3015 I dalvikvm: Wrote stack traces to '/data/anr/traces.txt'
07-09 00:07:49.269  3010  3013 D dalvikvm: GC_CONCURRENT freed 1275K, 11% free 11830K/13191K, paused 3ms+5ms
07-09 00:07:49.367   288   288 D wpa_supplicant: RTM_NEWLINK: operstate=0 ifi_flags=0x11003 ([UP][LOWER_UP])
07-09 00:07:49.367   288   288 D wpa_supplicant: RTM_NEWLINK, IFLA_IFNAME: Interface 'wlan0' added
07-09 00:07:49.367   288   288 D wpa_supplicant: Wireless event: cmd=0x8b19 len=8
07-09 00:07:49.367   288   288 D wpa_supplicant: Received 3438 bytes of scan results (13 BSSes)
07-09 00:07:49.406    81   123 D AudioHardware: AudioHardware pcm playback is going to standby.
07-09 00:07:49.406    81   123 D AudioHardware: closePcmOut_l() mPcmOpenCnt: 1
07-09 00:07:49.558   211   211 V PhoneStatusBar: setLightsOn(true)
07-09 00:07:49.613   288   288 D wpa_supplicant: wpa_driver_wext_driver_cmd SETSUSPENDOPT 0 len = 4096
07-09 00:07:49.613   288   288 D wpa_supplicant: wpa_driver_wext_driver_cmd SETSUSPENDOPT 0 len = 0, 15
07-09 00:07:49.613   288   288 D wpa_supplicant: wpa_driver_wext_driver_cmd POWERMODE 0 len = 4096
07-09 00:07:49.613   288   288 D wpa_supplicant: wpa_driver_wext_driver_cmd OK len = 0, 2
07-09 00:07:49.687   140   171 I ActivityManager: Displayed com.facebook.katana/.activity.FbFragmentChromeActivity: +2s481ms (total +2s708ms)
07-09 00:07:49.718  3010  3010 D OpenGLRenderer: Flushing caches (mode 0)
07-09 00:07:49.757   267   269 D dalvikvm: GC_CONCURRENT freed 486K, 7% free 10465K/11143K, paused 6ms+7ms
07-09 00:07:49.781   376   376 D OpenGLRenderer: Flushing caches (mode 1)
07-09 00:07:49.824  2164  3149 I LocationUtil: lbs-scheduleTargetingUpdate start
07-09 00:07:49.836  2164  3149 W LocationUtil: lbs-scheduleTargetingUpdate: user has NOT allowed use of lbs, skip
07-09 00:07:49.836  2164  3149 I LocatorService: lbs-onHandleIntent -- passive repeat
07-09 00:07:49.836  2164  3149 W LocationUtil: lbs-requestPassiveUpdates start
07-09 00:07:50.097  3010  3013 D dalvikvm: GC_CONCURRENT freed 617K, 9% free 12099K/13191K, paused 3ms+5ms
07-09 00:07:50.285   267   529 D androidNetworkLocationListeners: Still have listener com.google.android.location.internal.client.NetworkLocationClient$1@41379218
07-09 00:07:50.289   288   288 D wpa_supplicant: wpa_driver_wext_driver_cmd SETSUSPENDOPT 0 len = 4096
07-09 00:07:50.289   288   288 D wpa_supplicant: wpa_driver_wext_driver_cmd SETSUSPENDOPT 0 len = 0, 15
07-09 00:07:50.289   288   288 D wpa_supplicant: wpa_driver_wext_driver_cmd POWERMODE 0 len = 4096
07-09 00:07:50.293   288   288 D wpa_supplicant: wpa_driver_wext_driver_cmd OK len = 0, 2
07-09 00:07:50.293   288   288 D wpa_supplicant: WPS: Building WPS IE for Probe Request
07-09 00:07:50.293   288   288 D wpa_supplicant: WPS:  * Version (hardcoded 0x10)
07-09 00:07:50.293   288   288 D wpa_supplicant: WPS:  * Request Type
07-09 00:07:50.293   288   288 D wpa_supplicant: WPS:  * Config Methods (2388)
07-09 00:07:50.293   288   288 D wpa_supplicant: WPS:  * UUID-E
07-09 00:07:50.293   288   288 D wpa_supplicant: WPS:  * Primary Device Type
07-09 00:07:50.293   288   288 D wpa_supplicant: WPS:  * RF Bands (3)
07-09 00:07:50.293   288   288 D wpa_supplicant: WPS:  * Association State
07-09 00:07:50.293   288   288 D wpa_supplicant: WPS:  * Configuration Error (0)
07-09 00:07:50.293   288   288 D wpa_supplicant: WPS:  * Device Password ID (0)
07-09 00:07:50.293   288   288 D wpa_supplicant: WPS:  * Manufacturer
07-09 00:07:50.293   288   288 D wpa_supplicant: WPS:  * Model Name
07-09 00:07:50.293   288   288 D wpa_supplicant: WPS:  * Model Number
07-09 00:07:50.293   288   288 D wpa_supplicant: WPS:  * Device Name
07-09 00:07:50.293   288   288 D wpa_supplicant: WPS:  * Version2 (0x20)
07-09 00:07:50.293   288   288 D wpa_supplicant: wpa_driver_wext_combo_scan: Start
07-09 00:07:50.293   288   288 D wpa_supplicant: For Scan: (null)
07-09 00:07:50.296   288   288 D wpa_supplicant: Scan requested (ret=0) - scan timeout 30 seconds
07-09 00:07:50.300   267   529 D androidNetworkLocationListeners: Still have listener com.google.android.location.internal.client.NetworkLocationClient$1@41379218
07-09 00:07:50.308   267   529 D androidNetworkLocationListeners: Still have listener com.google.android.location.internal.client.NetworkLocationClient$1@41379218
07-09 00:07:50.308   288   288 D wpa_supplicant: Ongoing scan action - reject new request
07-09 00:07:50.312   288   288 D wpa_supplicant: Ongoing scan action - reject new request
07-09 00:07:50.343   376   376 D OpenGLRenderer: Flushing caches (mode 1)
07-09 00:07:50.363  2164  3150 I LocationUtil: lbs-scheduleTargetingUpdate start
07-09 00:07:50.363  2164  3150 W LocationUtil: lbs-scheduleTargetingUpdate: user has NOT allowed use of lbs, skip
07-09 00:07:50.363  2164  3150 I LocatorService: lbs-onHandleIntent -- passive repeat
07-09 00:07:50.363  2164  3150 W LocationUtil: lbs-requestPassiveUpdates start
07-09 00:07:50.750  3010  3013 D dalvikvm: GC_CONCURRENT freed 1129K, 10% free 11926K/13191K, paused 10ms+4ms
07-09 00:07:50.777   288   288 D wpa_supplicant: RTM_NEWLINK: operstate=0 ifi_flags=0x11003 ([UP][LOWER_UP])
07-09 00:07:50.777   288   288 D wpa_supplicant: RTM_NEWLINK, IFLA_IFNAME: Interface 'wlan0' added
07-09 00:07:50.777   288   288 D wpa_supplicant: Wireless event: cmd=0x8b19 len=8
07-09 00:07:50.781   288   288 D wpa_supplicant: Received 3038 bytes of scan results (10 BSSes)
07-09 00:07:50.871   288   288 D wpa_supplicant: wpa_driver_wext_driver_cmd SETSUSPENDOPT 0 len = 4096
07-09 00:07:50.871   288   288 D wpa_supplicant: wpa_driver_wext_driver_cmd SETSUSPENDOPT 0 len = 0, 15
07-09 00:07:50.871   288   288 D wpa_supplicant: wpa_driver_wext_driver_cmd POWERMODE 0 len = 4096
07-09 00:07:50.871   288   288 D wpa_supplicant: wpa_driver_wext_driver_cmd OK len = 0, 2
07-09 00:07:50.882   376   376 D OpenGLRenderer: Flushing caches (mode 1)
07-09 00:07:50.886  2164  3151 I LocatorService: lbs-onHandleIntent ------ timestamp too recent, skip
07-09 00:07:50.886  2164  3151 I LocatorService: lbs-onHandleIntent -- passive repeat
07-09 00:07:50.886  2164  3151 W LocationUtil: lbs-requestPassiveUpdates start
07-09 00:07:51.257   376   376 D OpenGLRenderer: Flushing caches (mode 1)
07-09 00:07:51.261  2164  3152 I LocatorService: lbs-onHandleIntent ------ timestamp too recent, skip
07-09 00:07:51.261  2164  3152 I LocatorService: lbs-onHandleIntent -- passive repeat
07-09 00:07:51.261  2164  3152 W LocationUtil: lbs-requestPassiveUpdates start
07-09 00:07:51.320  3010  3137 D dalvikvm: GC_FOR_ALLOC freed 242K, 10% free 11980K/13191K, paused 28ms
07-09 00:07:51.320  3010  3137 I dalvikvm-heap: Grow heap (frag case) to 11.832MB for 62272-byte allocation
07-09 00:07:51.347  3010  3137 D dalvikvm: GC_FOR_ALLOC freed 40K, 10% free 12000K/13255K, paused 28ms
07-09 00:07:51.410  3010  3137 D dalvikvm: GC_FOR_ALLOC freed 72K, 10% free 12005K/13255K, paused 27ms
07-09 00:07:51.410  3010  3137 I dalvikvm-heap: Grow heap (frag case) to 11.850MB for 55666-byte allocation
07-09 00:07:51.457  3010  3153 D dalvikvm: GC_FOR_ALLOC freed <1K, 10% free 12060K/13319K, paused 35ms
07-09 00:07:51.640  3010  3145 D dalvikvm: GC_FOR_ALLOC freed 246K, 10% free 12115K/13319K, paused 30ms
07-09 00:07:52.281   376   376 D OpenGLRenderer: Flushing caches (mode 1)
07-09 00:07:52.300  2164  3155 I LocatorService: lbs-onHandleIntent ------ timestamp too recent, skip
07-09 00:07:52.300  2164  3155 I LocatorService: lbs-onHandleIntent -- passive repeat
07-09 00:07:52.300  2164  3155 W LocationUtil: lbs-requestPassiveUpdates start
07-09 00:07:52.312  2164  2168 D dalvikvm: GC_CONCURRENT freed 384K, 7% free 9423K/10055K, paused 2ms+2ms
07-09 00:07:52.574  3010  3013 D dalvikvm: GC_CONCURRENT freed 830K, 9% free 12204K/13319K, paused 2ms+4ms
07-09 00:07:53.254   376   376 D OpenGLRenderer: Flushing caches (mode 1)
07-09 00:07:53.257  2164  3159 I LocatorService: lbs-onHandleIntent ------ lat/long/acc unchanged, skip
07-09 00:07:53.257  2164  3159 I LocatorService: lbs-onHandleIntent -- passive repeat
07-09 00:07:53.257  2164  3159 W LocationUtil: lbs-requestPassiveUpdates start
07-09 00:07:54.320   376   376 D OpenGLRenderer: Flushing caches (mode 1)
07-09 00:07:54.332  2164  3161 I LocatorService: lbs-onHandleIntent ------ lat/long/acc unchanged, skip
07-09 00:07:54.332  2164  3161 I LocatorService: lbs-onHandleIntent -- passive repeat
07-09 00:07:54.332  2164  3161 W LocationUtil: lbs-requestPassiveUpdates start
07-09 00:07:54.457   288   288 D wpa_supplicant: WPS: Building WPS IE for Probe Request
07-09 00:07:54.457   288   288 D wpa_supplicant: WPS:  * Version (hardcoded 0x10)
07-09 00:07:54.457   288   288 D wpa_supplicant: WPS:  * Request Type
07-09 00:07:54.457   288   288 D wpa_supplicant: WPS:  * Config Methods (2388)
07-09 00:07:54.457   288   288 D wpa_supplicant: WPS:  * UUID-E
07-09 00:07:54.457   288   288 D wpa_supplicant: WPS:  * Primary Device Type
07-09 00:07:54.457   288   288 D wpa_supplicant: WPS:  * RF Bands (3)
07-09 00:07:54.457   288   288 D wpa_supplicant: WPS:  * Association State
07-09 00:07:54.457   288   288 D wpa_supplicant: WPS:  * Configuration Error (0)
07-09 00:07:54.457   288   288 D wpa_supplicant: WPS:  * Device Password ID (0)
07-09 00:07:54.457   288   288 D wpa_supplicant: WPS:  * Manufacturer
07-09 00:07:54.457   288   288 D wpa_supplicant: WPS:  * Model Name
07-09 00:07:54.457   288   288 D wpa_supplicant: WPS:  * Model Number
07-09 00:07:54.457   288   288 D wpa_supplicant: WPS:  * Device Name
07-09 00:07:54.457   288   288 D wpa_supplicant: WPS:  * Version2 (0x20)
07-09 00:07:54.457   288   288 D wpa_supplicant: wpa_driver_wext_combo_scan: Start
07-09 00:07:54.457   288   288 D wpa_supplicant: For Scan: (null)
07-09 00:07:54.507   288   288 D wpa_supplicant: Scan requested (ret=0) - scan timeout 30 seconds
07-09 00:07:54.988   288   288 D wpa_supplicant: RTM_NEWLINK: operstate=0 ifi_flags=0x11003 ([UP][LOWER_UP])
07-09 00:07:54.988   288   288 D wpa_supplicant: RTM_NEWLINK, IFLA_IFNAME: Interface 'wlan0' added
07-09 00:07:54.988   288   288 D wpa_supplicant: Wireless event: cmd=0x8b19 len=8
07-09 00:07:54.988   288   288 D wpa_supplicant: Received 2045 bytes of scan results (7 BSSes)
07-09 00:07:55.410   376   376 D OpenGLRenderer: Flushing caches (mode 1)
