07-13 20:51:04.593 12296 12296 D wpa_supplicant: WPS:  * Config Methods (2388)
07-13 20:51:04.593 12296 12296 D wpa_supplicant: WPS:  * UUID-E
07-13 20:51:04.593 12296 12296 D wpa_supplicant: WPS:  * Primary Device Type
07-13 20:51:04.593 12296 12296 D wpa_supplicant: WPS:  * RF Bands (3)
07-13 20:51:04.593 12296 12296 D wpa_supplicant: WPS:  * Association State
07-13 20:51:04.593 12296 12296 D wpa_supplicant: WPS:  * Configuration Error (0)
07-13 20:51:04.593 12296 12296 D wpa_supplicant: WPS:  * Device Password ID (0)
07-13 20:51:04.593 12296 12296 D wpa_supplicant: WPS:  * Manufacturer
07-13 20:51:04.593 12296 12296 D wpa_supplicant: WPS:  * Model Name
07-13 20:51:04.593 12296 12296 D wpa_supplicant: WPS:  * Model Number
07-13 20:51:04.593 12296 12296 D wpa_supplicant: WPS:  * Device Name
07-13 20:51:04.593 12296 12296 D wpa_supplicant: WPS:  * Version2 (0x20)
07-13 20:51:04.593 12296 12296 D wpa_supplicant: wpa_driver_wext_combo_scan: Start
07-13 20:51:04.593 12296 12296 D wpa_supplicant: For Scan: (null)
07-13 20:51:04.647 12296 12296 D wpa_supplicant: Scan requested (ret=0) - scan timeout 30 seconds
07-13 20:51:05.128 12296 12296 D wpa_supplicant: RTM_NEWLINK: operstate=0 ifi_flags=0x11003 ([UP][LOWER_UP])
07-13 20:51:05.128 12296 12296 D wpa_supplicant: RTM_NEWLINK, IFLA_IFNAME: Interface 'wlan0' added
07-13 20:51:05.128 12296 12296 D wpa_supplicant: Wireless event: cmd=0x8b19 len=8
07-13 20:51:05.128 12296 12296 D wpa_supplicant: Received 0 bytes of scan results (0 BSSes)
07-13 20:51:05.222   140   142 D dalvikvm: JIT code cache reset in 4 ms (1048468 bytes 45/0)
07-13 20:51:05.245   140   142 D dalvikvm: GC_CONCURRENT freed 1811K, 24% free 17235K/22407K, paused 3ms+12ms
07-13 20:51:08.050 26938 26951 I PhoneLab-: Service Running
07-13 20:51:08.112 26938 26951 I PhoneLab-LoggerService: app_38    1541  1     1432   992   c00f181c 400107b4 S logcat
07-13 20:51:08.112 26938 26951 I PhoneLab-LoggerService: Logcat pid from database 1541
07-13 20:51:08.116 26938 26951 I PhoneLab-LoggerService: Logcat process found 1541
07-13 20:51:08.116 26938 26951 I PhoneLab-LoggerService: Checking Threshold
07-13 20:51:08.116 26938 26951 I PhoneLab-LoggerService: Starting to rename files
07-13 20:51:08.116 26938 26951 I PhoneLab-LoggerService: Files found .. 18
07-13 20:51:20.128 12296 12296 D wpa_supplicant: WPS:  * Version (hardcoded 0x10)
07-13 20:51:20.128 12296 12296 D wpa_supplicant: WPS:  * Request Type
07-13 20:51:20.128 12296 12296 D wpa_supplicant: WPS:  * Config Methods (2388)
07-13 20:51:20.128 12296 12296 D wpa_supplicant: WPS:  * UUID-E
07-13 20:51:20.128 12296 12296 D wpa_supplicant: WPS:  * Primary Device Type
07-13 20:51:20.128 12296 12296 D wpa_supplicant: WPS:  * RF Bands (3)
07-13 20:51:20.128 12296 12296 D wpa_supplicant: WPS:  * Association State
07-13 20:51:20.128 12296 12296 D wpa_supplicant: WPS:  * Configuration Error (0)
07-13 20:51:20.128 12296 12296 D wpa_supplicant: WPS:  * Device Password ID (0)
07-13 20:51:20.128 12296 12296 D wpa_supplicant: WPS:  * Manufacturer
07-13 20:51:20.128 12296 12296 D wpa_supplicant: WPS:  * Model Name
07-13 20:51:20.128 12296 12296 D wpa_supplicant: WPS:  * Model Number
07-13 20:51:20.128 12296 12296 D wpa_supplicant: WPS:  * Device Name
07-13 20:51:20.128 12296 12296 D wpa_supplicant: WPS:  * Version2 (0x20)
07-13 20:51:20.128 12296 12296 D wpa_supplicant: wpa_driver_wext_combo_scan: Start
07-13 20:51:20.128 12296 12296 D wpa_supplicant: For Scan: (null)
07-13 20:51:20.128 12296 12296 D wpa_supplicant: WPS: Building WPS IE for Probe Request
07-13 20:51:20.186 12296 12296 D wpa_supplicant: Scan requested (ret=0) - scan timeout 30 seconds
07-13 20:51:20.667 12296 12296 D wpa_supplicant: RTM_NEWLINK: operstate=0 ifi_flags=0x11003 ([UP][LOWER_UP])
07-13 20:51:20.667 12296 12296 D wpa_supplicant: RTM_NEWLINK, IFLA_IFNAME: Interface 'wlan0' added
07-13 20:51:20.667 12296 12296 D wpa_supplicant: Wireless event: cmd=0x8b19 len=8
07-13 20:51:20.667 12296 12296 D wpa_supplicant: Received 0 bytes of scan results (0 BSSes)
07-13 20:51:27.643   140   157 I ActivityManager: Start proc com.laurencedawson.reddit_sync:remote for broadcast com.laurencedawson.reddit_sync/.RedditMessageReceiver: pid=603 uid=10078 gids={3003, 1015}
07-13 20:51:27.765   140   401 I ActivityManager: Process com.android.sprintmenu (pid 32599) has died.
07-13 20:51:27.765   140   401 W ActivityManager: Scheduling restart of crashed service com.android.sprintmenu/.HiddenPhoneService in 5000ms
07-13 20:51:32.839   140   157 I ActivityManager: Start proc com.android.sprintmenu for service com.android.sprintmenu/.HiddenPhoneService: pid=621 uid=1001 gids={3002, 3001, 3003, 1015}
07-13 20:51:32.862   140   151 I ActivityManager: Process twc.provider (pid 574) has died.
07-13 20:51:35.675 12296 12296 D wpa_supplicant: WPS: Building WPS IE for Probe Request
07-13 20:51:35.675 12296 12296 D wpa_supplicant: WPS:  * Version (hardcoded 0x10)
07-13 20:51:35.675 12296 12296 D wpa_supplicant: WPS:  * Request Type
07-13 20:51:35.675 12296 12296 D wpa_supplicant: WPS:  * Config Methods (2388)
07-13 20:51:35.675 12296 12296 D wpa_supplicant: WPS:  * UUID-E
07-13 20:51:35.675 12296 12296 D wpa_supplicant: WPS:  * Primary Device Type
07-13 20:51:35.675 12296 12296 D wpa_supplicant: WPS:  * RF Bands (3)
07-13 20:51:35.675 12296 12296 D wpa_supplicant: WPS:  * Association State
07-13 20:51:35.675 12296 12296 D wpa_supplicant: WPS:  * Configuration Error (0)
07-13 20:51:35.675 12296 12296 D wpa_supplicant: WPS:  * Device Password ID (0)
07-13 20:51:35.675 12296 12296 D wpa_supplicant: WPS:  * Manufacturer
07-13 20:51:35.675 12296 12296 D wpa_supplicant: WPS:  * Model Name
07-13 20:51:35.675 12296 12296 D wpa_supplicant: WPS:  * Model Number
07-13 20:51:35.675 12296 12296 D wpa_supplicant: WPS:  * Device Name
07-13 20:51:35.675 12296 12296 D wpa_supplicant: WPS:  * Version2 (0x20)
07-13 20:51:35.675 12296 12296 D wpa_supplicant: wpa_driver_wext_combo_scan: Start
07-13 20:51:35.675 12296 12296 D wpa_supplicant: For Scan: (null)
07-13 20:51:35.733 12296 12296 D wpa_supplicant: Scan requested (ret=0) - scan timeout 30 seconds
07-13 20:51:36.210 12296 12296 D wpa_supplicant: RTM_NEWLINK: operstate=0 ifi_flags=0x11003 ([UP][LOWER_UP])
07-13 20:51:36.210 12296 12296 D wpa_supplicant: RTM_NEWLINK, IFLA_IFNAME: Interface 'wlan0' added
07-13 20:51:36.210 12296 12296 D wpa_supplicant: Wireless event: cmd=0x8b19 len=8
07-13 20:51:36.210 12296 12296 D wpa_supplicant: Received 0 bytes of scan results (0 BSSes)
07-13 20:51:36.702 12296 12296 D wpa_supplicant: wpa_driver_wext_driver_cmd SETSUSPENDOPT 0 len = 4096
07-13 20:51:36.706 12296 12296 D wpa_supplicant: wpa_driver_wext_driver_cmd SETSUSPENDOPT 0 len = 0, 15
07-13 20:51:36.714 12296 12296 D wpa_supplicant: wpa_driver_wext_driver_cmd POWERMODE 0 len = 4096
07-13 20:51:36.722 12296 12296 D wpa_supplicant: wpa_driver_wext_driver_cmd OK len = 0, 2
07-13 20:51:36.722 22770 22791 D WifiLocator: Too many no-location APs. Will not compute a location nor go to the server. hasLocation=0 noLocation=0 cacheMiss=0
07-13 20:51:36.725 12296 12296 D wpa_supplicant: wpa_driver_wext_driver_cmd SETSUSPENDOPT 0 len = 4096
07-13 20:51:36.725 12296 12296 D wpa_supplicant: wpa_driver_wext_driver_cmd SETSUSPENDOPT 0 len = 0, 15
07-13 20:51:36.725 12296 12296 D wpa_supplicant: wpa_driver_wext_driver_cmd POWERMODE 0 len = 4096
07-13 20:51:36.733 12296 12296 D wpa_supplicant: wpa_driver_wext_driver_cmd OK len = 0, 2
07-13 20:51:36.749   588   637 I LocatorService: lbs-onHandleIntent ------ accuracy bad, skip
07-13 20:51:36.749   588   637 I LocatorService: lbs-onHandleIntent -- passive repeat
07-13 20:51:36.749   588   637 W LocationUtil: lbs-requestPassiveUpdates start
07-13 20:51:51.214 12296 12296 D wpa_supplicant: WPS: Building WPS IE for Probe Request
07-13 20:51:51.214 12296 12296 D wpa_supplicant: WPS:  * Version (hardcoded 0x10)
07-13 20:51:51.214 12296 12296 D wpa_supplicant: WPS:  * Request Type
07-13 20:51:51.214 12296 12296 D wpa_supplicant: WPS:  * Config Methods (2388)
07-13 20:51:51.214 12296 12296 D wpa_supplicant: WPS:  * UUID-E
07-13 20:51:51.214 12296 12296 D wpa_supplicant: WPS:  * Primary Device Type
07-13 20:51:51.214 12296 12296 D wpa_supplicant: WPS:  * RF Bands (3)
07-13 20:51:51.214 12296 12296 D wpa_supplicant: WPS:  * Association State
07-13 20:51:51.214 12296 12296 D wpa_supplicant: WPS:  * Configuration Error (0)
07-13 20:51:51.214 12296 12296 D wpa_supplicant: WPS:  * Device Password ID (0)
07-13 20:51:51.214 12296 12296 D wpa_supplicant: WPS:  * Manufacturer
07-13 20:51:51.214 12296 12296 D wpa_supplicant: WPS:  * Model Name
07-13 20:51:51.214 12296 12296 D wpa_supplicant: WPS:  * Model Number
07-13 20:51:51.214 12296 12296 D wpa_supplicant: WPS:  * Device Name
07-13 20:51:51.214 12296 12296 D wpa_supplicant: WPS:  * Version2 (0x20)
07-13 20:51:51.214 12296 12296 D wpa_supplicant: wpa_driver_wext_combo_scan: Start
07-13 20:51:51.214 12296 12296 D wpa_supplicant: For Scan: (null)
07-13 20:51:51.276 12296 12296 D wpa_supplicant: Scan requested (ret=0) - scan timeout 30 seconds
07-13 20:51:51.753 12296 12296 D wpa_supplicant: RTM_NEWLINK: operstate=0 ifi_flags=0x11003 ([UP][LOWER_UP])
07-13 20:51:51.753 12296 12296 D wpa_supplicant: RTM_NEWLINK, IFLA_IFNAME: Interface 'wlan0' added
07-13 20:51:51.753 12296 12296 D wpa_supplicant: Wireless event: cmd=0x8b19 len=8
07-13 20:51:51.753 12296 12296 D wpa_supplicant: Received 0 bytes of scan results (0 BSSes)
07-13 20:52:00.120 32301 32301 D dalvikvm: GC_EXPLICIT freed 9K, 4% free 9060K/9347K, paused 5ms+2ms
07-13 20:52:06.765 12296 12296 D wpa_supplicant: WPS: Building WPS IE for Probe Request
07-13 20:52:06.765 12296 12296 D wpa_supplicant: WPS:  * Version (hardcoded 0x10)
07-13 20:52:06.765 12296 12296 D wpa_supplicant: WPS:  * Request Type
07-13 20:52:06.765 12296 12296 D wpa_supplicant: WPS:  * Config Methods (2388)
07-13 20:52:06.765 12296 12296 D wpa_supplicant: WPS:  * UUID-E
07-13 20:52:06.765 12296 12296 D wpa_supplicant: WPS:  * Primary Device Type
07-13 20:52:06.765 12296 12296 D wpa_supplicant: WPS:  * RF Bands (3)
07-13 20:52:06.765 12296 12296 D wpa_supplicant: WPS:  * Association State
07-13 20:52:06.765 12296 12296 D wpa_supplicant: WPS:  * Configuration Error (0)
07-13 20:52:06.765 12296 12296 D wpa_supplicant: WPS:  * Device Password ID (0)
07-13 20:52:06.765 12296 12296 D wpa_supplicant: WPS:  * Manufacturer
07-13 20:52:06.765 12296 12296 D wpa_supplicant: WPS:  * Model Name
07-13 20:52:06.765 12296 12296 D wpa_supplicant: WPS:  * Model Number
07-13 20:52:06.765 12296 12296 D wpa_supplicant: WPS:  * Device Name
07-13 20:52:06.765 12296 12296 D wpa_supplicant: WPS:  * Version2 (0x20)
07-13 20:52:06.765 12296 12296 D wpa_supplicant: wpa_driver_wext_combo_scan: Start
07-13 20:52:06.765 12296 12296 D wpa_supplicant: For Scan: (null)
07-13 20:52:06.827 12296 12296 D wpa_supplicant: Scan requested (ret=0) - scan timeout 30 seconds
07-13 20:52:07.307 12296 12296 D wpa_supplicant: RTM_NEWLINK: operstate=0 ifi_flags=0x11003 ([UP][LOWER_UP])
07-13 20:52:07.307 12296 12296 D wpa_supplicant: RTM_NEWLINK, IFLA_IFNAME: Interface 'wlan0' added
07-13 20:52:07.307 12296 12296 D wpa_supplicant: Wireless event: cmd=0x8b19 len=8
07-13 20:52:07.307 12296 12296 D wpa_supplicant: Received 202 bytes of scan results (1 BSSes)
07-13 20:52:21.741 12296 12296 D wpa_supplicant: wpa_driver_wext_driver_cmd SETSUSPENDOPT 0 len = 4096
07-13 20:52:21.741 12296 12296 D wpa_supplicant: wpa_driver_wext_driver_cmd SETSUSPENDOPT 0 len = 0, 15
07-13 20:52:21.745 12296 12296 D wpa_supplicant: wpa_driver_wext_driver_cmd POWERMODE 0 len = 4096
07-13 20:52:21.772 12296 12296 D wpa_supplicant: wpa_driver_wext_driver_cmd OK len = 0, 2
07-13 20:52:21.807 12296 12296 D wpa_supplicant: wpa_driver_wext_driver_cmd SETSUSPENDOPT 0 len = 4096
07-13 20:52:21.807 12296 12296 D wpa_supplicant: wpa_driver_wext_driver_cmd SETSUSPENDOPT 0 len = 0, 15
07-13 20:52:21.807 12296 12296 D wpa_supplicant: wpa_driver_wext_driver_cmd POWERMODE 0 len = 4096
07-13 20:52:21.815 12296 12296 D wpa_supplicant: wpa_driver_wext_driver_cmd OK len = 0, 2
07-13 20:52:21.839   588   640 I LocationUtil: lbs-scheduleTargetingUpdate start
07-13 20:52:21.847   588   640 W LocationUtil: lbs-scheduleTargetingUpdate: user has NOT allowed use of lbs, skip
07-13 20:52:21.847   588   640 I LocatorService: lbs-onHandleIntent -- passive repeat
07-13 20:52:21.847   588   640 W LocationUtil: lbs-requestPassiveUpdates start
07-13 20:52:22.323 12296 12296 D wpa_supplicant: WPS: Building WPS IE for Probe Request
07-13 20:52:22.323 12296 12296 D wpa_supplicant: WPS:  * Version (hardcoded 0x10)
07-13 20:52:22.323 12296 12296 D wpa_supplicant: WPS:  * Request Type
07-13 20:52:22.323 12296 12296 D wpa_supplicant: WPS:  * Config Methods (2388)
07-13 20:52:22.323 12296 12296 D wpa_supplicant: WPS:  * UUID-E
07-13 20:52:22.323 12296 12296 D wpa_supplicant: WPS:  * Primary Device Type
07-13 20:52:22.323 12296 12296 D wpa_supplicant: WPS:  * RF Bands (3)
07-13 20:52:22.323 12296 12296 D wpa_supplicant: WPS:  * Association State
07-13 20:52:22.323 12296 12296 D wpa_supplicant: WPS:  * Configuration Error (0)
07-13 20:52:22.323 12296 12296 D wpa_supplicant: WPS:  * Device Password ID (0)
07-13 20:52:22.323 12296 12296 D wpa_supplicant: WPS:  * Manufacturer
07-13 20:52:22.327 12296 12296 D wpa_supplicant: WPS:  * Model Name
07-13 20:52:22.327 12296 12296 D wpa_supplicant: WPS:  * Model Number
07-13 20:52:22.327 12296 12296 D wpa_supplicant: WPS:  * Device Name
07-13 20:52:22.327 12296 12296 D wpa_supplicant: WPS:  * Version2 (0x20)
07-13 20:52:22.327 12296 12296 D wpa_supplicant: wpa_driver_wext_combo_scan: Start
07-13 20:52:22.327 12296 12296 D wpa_supplicant: For Scan: (null)
07-13 20:52:22.386 12296 12296 D wpa_supplicant: Scan requested (ret=0) - scan timeout 30 seconds
07-13 20:52:22.862 12296 12296 D wpa_supplicant: RTM_NEWLINK: operstate=0 ifi_flags=0x11003 ([UP][LOWER_UP])
07-13 20:52:22.862 12296 12296 D wpa_supplicant: RTM_NEWLINK, IFLA_IFNAME: Interface 'wlan0' added
07-13 20:52:22.862 12296 12296 D wpa_supplicant: Wireless event: cmd=0x8b19 len=8
07-13 20:52:22.862 12296 12296 D wpa_supplicant: Received 0 bytes of scan results (0 BSSes)
07-13 20:52:37.874 12296 12296 D wpa_supplicant: WPS: Building WPS IE for Probe Request
07-13 20:52:37.874 12296 12296 D wpa_supplicant: WPS:  * Version (hardcoded 0x10)
07-13 20:52:37.874 12296 12296 D wpa_supplicant: WPS:  * Request Type
07-13 20:52:37.874 12296 12296 D wpa_supplicant: WPS:  * Config Methods (2388)
07-13 20:52:37.874 12296 12296 D wpa_supplicant: WPS:  * UUID-E
07-13 20:52:37.874 12296 12296 D wpa_supplicant: WPS:  * Primary Device Type
07-13 20:52:37.874 12296 12296 D wpa_supplicant: WPS:  * RF Bands (3)
07-13 20:52:37.874 12296 12296 D wpa_supplicant: WPS:  * Association State
07-13 20:52:37.874 12296 12296 D wpa_supplicant: WPS:  * Configuration Error (0)
07-13 20:52:37.878 12296 12296 D wpa_supplicant: WPS:  * Device Password ID (0)
07-13 20:52:37.878 12296 12296 D wpa_supplicant: WPS:  * Manufacturer
07-13 20:52:37.878 12296 12296 D wpa_supplicant: WPS:  * Model Name
07-13 20:52:37.878 12296 12296 D wpa_supplicant: WPS:  * Model Number
07-13 20:52:37.878 12296 12296 D wpa_supplicant: WPS:  * Device Name
07-13 20:52:37.878 12296 12296 D wpa_supplicant: WPS:  * Version2 (0x20)
07-13 20:52:37.878 12296 12296 D wpa_supplicant: wpa_driver_wext_combo_scan: Start
07-13 20:52:37.878 12296 12296 D wpa_supplicant: For Scan: (null)
07-13 20:52:37.936 12296 12296 D wpa_supplicant: Scan requested (ret=0) - scan timeout 30 seconds
07-13 20:52:38.413 12296 12296 D wpa_supplicant: RTM_NEWLINK: operstate=0 ifi_flags=0x11003 ([UP][LOWER_UP])
07-13 20:52:38.413 12296 12296 D wpa_supplicant: RTM_NEWLINK, IFLA_IFNAME: Interface 'wlan0' added
07-13 20:52:38.413 12296 12296 D wpa_supplicant: Wireless event: cmd=0x8b19 len=8
07-13 20:52:38.413 12296 12296 D wpa_supplicant: Received 0 bytes of scan results (0 BSSes)
07-13 20:52:51.667 22770 23068 D androidNetworkLocationListeners: Still have listener com.google.android.location.internal.client.NetworkLocationClient$1@4132f748
07-13 20:52:51.686 12296 12296 D wpa_supplicant: wpa_driver_wext_driver_cmd SETSUSPENDOPT 0 len = 4096
07-13 20:52:51.686 12296 12296 D wpa_supplicant: wpa_driver_wext_driver_cmd SETSUSPENDOPT 0 len = 0, 15
07-13 20:52:51.690 12296 12296 D wpa_supplicant: wpa_driver_wext_driver_cmd POWERMODE 0 len = 4096
07-13 20:52:51.706 12296 12296 D wpa_supplicant: wpa_driver_wext_driver_cmd OK len = 0, 2
07-13 20:52:51.710 22770 22791 D WifiLocator: Too many no-location APs. Will not compute a location nor go to the server. hasLocation=0 noLocation=0 cacheMiss=0
07-13 20:52:51.710 12296 12296 D wpa_supplicant: wpa_driver_wext_driver_cmd SETSUSPENDOPT 0 len = 4096
07-13 20:52:51.710 12296 12296 D wpa_supplicant: wpa_driver_wext_driver_cmd SETSUSPENDOPT 0 len = 0, 15
07-13 20:52:51.714 12296 12296 D wpa_supplicant: wpa_driver_wext_driver_cmd POWERMODE 0 len = 4096
07-13 20:52:51.725 12296 12296 D wpa_supplicant: wpa_driver_wext_driver_cmd OK len = 0, 2
07-13 20:52:51.729   588   644 I LocatorService: lbs-onHandleIntent ------ accuracy bad, skip
07-13 20:52:51.729   588   644 I LocatorService: lbs-onHandleIntent -- passive repeat
07-13 20:52:51.729   588   644 W LocationUtil: lbs-requestPassiveUpdates start
07-13 20:52:51.733   140   404 I ActivityManager: Process com.laurencedawson.reddit_sync:remote (pid 603) has died.
07-13 20:52:53.214   140   645 I ActivityManager: Applications Memory Usage (kB):
07-13 20:52:53.214   140   645 I ActivityManager: Uptime: 299268181 Realtime: 426052392
07-13 20:52:53.214   140   645 I ActivityManager: Total PSS by OOM adjustment:
07-13 20:52:53.214   140   645 I ActivityManager:     28869 kB: System
07-13 20:52:53.214   140   645 I ActivityManager:                28869 kB: system (pid 140)
07-13 20:52:53.214   140   645 I ActivityManager:     24283 kB: Persistent
07-13 20:52:53.214   140   645 I ActivityManager:                12955 kB: com.android.systemui (pid 211)
07-13 20:52:53.214   140   645 I ActivityManager:                 7148 kB: com.android.phone (pid 347)
07-13 20:52:53.214   140   645 I ActivityManager:                 4180 kB: com.android.nfc (pid 359)
07-13 20:52:53.214   140   645 I ActivityManager:     95564 kB: Foreground
07-13 20:52:53.214   140   645 I ActivityManager:                95564 kB: com.laurencedawson.reddit_sync (pid 29248)
07-13 20:52:53.214   140   645 I ActivityManager:      3134 kB: Visible
07-13 20:52:53.214   140   645 I ActivityManager:                 3134 kB: com.android.smspush (pid 437)
07-13 20:52:53.214   140   645 I ActivityManager:     24323 kB: Perceptible
07-13 20:52:53.214   140   645 I ActivityManager:                24323 kB: com.touchtype.swiftkey.phone.trial (pid 328)
07-13 20:52:53.214   140   645 I ActivityManager:     38715 kB: A Services
07-13 20:52:53.214   140   645 I ActivityManager:                13736 kB: com.facebook.katana (pid 32738)
07-13 20:52:53.214   140   645 I ActivityManager:                12404 kB: com.google.process.gapps (pid 22770)
07-13 20:52:53.214   140   645 I ActivityManager:                 9001 kB: com.google.android.apps.maps:NetworkLocationService (pid 464)
07-13 20:52:53.214   140   645 I ActivityManager:                 3574 kB: com.zehro.android.clockr (pid 32301)
07-13 20:52:53.214   140   645 I ActivityManager:     21020 kB: Home
07-13 20:52:53.214   140   645 I ActivityManager:                21020 kB: com.android.launcher (pid 376)
07-13 20:52:53.214   140   645 I ActivityManager:     26155 kB: B Services
07-13 20:52:53.214   140   645 I ActivityManager:                 6520 kB: com.google.android.apps.maps (pid 24575)
07-13 20:52:53.214   140   645 I ActivityManager:                 6435 kB: twc.weatherController (pid 24057)
07-13 20:52:53.214   140   645 I ActivityManager:                 5561 kB: edu.buffalo.cse.phonelab.phonelabservices (pid 26938)
07-13 20:52:53.214   140   645 I ActivityManager:                 4634 kB: com.jim2 (pid 539)
07-13 20:52:53.214   140   645 I ActivityManager:                 3005 kB: com.android.sprintmenu (pid 621)
07-13 20:52:53.214   140   645 I ActivityManager:      4868 kB: Background
07-13 20:52:53.214   140   645 I ActivityManager:                 4868 kB: com.weather.Weather (pid 588)
07-13 20:52:53.214   140   645 I ActivityManager: 
07-13 20:52:53.214   140   645 I ActivityManager: Total PSS: 266931 kB
07-13 20:52:53.214   140   645 I ActivityManager:   PID      Vss      Rss      Pss      Uss  cmdline
07-13 20:52:53.214   140   645 I ActivityManager: 29248  119560K  119320K   95741K   92196K  com.laurencedawson.reddit_sync
07-13 20:52:53.214   140   645 I ActivityManager:   140   48308K   48280K   28929K   25364K  system_server
07-13 20:52:53.214   140   645 I ActivityManager:   328   41792K   41704K   24392K   23256K  com.touchtype.swiftkey.phone.trial
07-13 20:52:53.214   140   645 I ActivityManager:   376   38960K   38864K   21069K   19752K  com.android.launcher
07-13 20:52:53.214   140   645 I ActivityManager: 32738   34888K   34792K   13783K   11292K  com.facebook.katana
07-13 20:52:53.214   140   645 I ActivityManager:    78   28492K   21436K   13705K    6924K  /system/bin/surfaceflinger
07-13 20:52:53.214   140   645 I ActivityManager:   211   33412K   33284K   13004K    8836K  com.android.systemui
07-13 20:52:53.214   140   645 I ActivityManager: 22770   30248K   30164K   12449K   10984K  com.google.process.gapps
07-13 20:52:53.214   140   645 I ActivityManager:   464   29400K   29336K    9053K    6948K  com.google.android.apps.maps:NetworkLocationService
07-13 20:52:53.214   140   645 I ActivityManager:   347   23604K   23520K    7193K    6196K  com.android.phone
07-13 20:52:53.214   140   645 I ActivityManager: 24575   24400K   24300K    6567K    5396K  com.google.android.apps.maps
07-13 20:52:53.214   140   645 I ActivityManager: 24057   24052K   23960K    6487K    5348K  twc.weatherController
07-13 20:52:53.214   140   645 I ActivityManager: 26938   23136K   23040K    5611K    4500K  edu.buffalo.cse.phonelab.phonelabservices
07-13 20:52:53.214   140   645 I ActivityManager:   588   24508K   24440K    4918K    3320K  com.weather.Weather
07-13 20:52:53.214   140   645 I ActivityManager:   539   24664K   24600K    4685K    2992K  com.jim2
07-13 20:52:53.214   140   645 I ActivityManager:   359   20456K   20364K    4227K    3268K  com.android.nfc
07-13 20:52:53.214   140   645 I ActivityManager: 32301   23532K   23432K    3626K    2088K  com.zehro.android.clockr
07-13 20:52:53.214   140   645 I ActivityManager:   437   19584K   19480K    3179K    2156K  com.android.smspush
07-13 20:52:53.214   140   645 I ActivityManager:   621   22196K   22096K    3057K    1492K  com.android.sprintmenu
07-13 20:52:53.214   140   645 I ActivityManager:    81    3232K    3232K    2692K    2592K  /system/bin/mediaserver
07-13 20:52:53.214   140   645 I ActivityManager:    79   19280K   19152K    2336K    1064K  zygote
07-13 20:52:53.214   140   645 I ActivityManager:  7317    1504K    1500K    1294K    1272K  /system/bin/netd
07-13 20:52:53.214   140   645 I ActivityManager:    80    1240K    1240K     889K     876K  /system/bin/drmserver
07-13 20:52:53.214   140   645 I ActivityManager:  1541     996K     992K     848K     844K  logcat
07-13 20:52:53.214   140   645 I ActivityManager:    77    1116K    1116K     796K     776K  /system/bin/rild
07-13 20:52:53.214   140   645 I ActivityManager: 12296     724K     720K     541K     532K  /system/bin/wpa_supplicant
07-13 20:52:53.214   140   645 I ActivityManager:   646     608K     600K     479K     476K  procrank
07-13 20:52:53.214   140   645 I ActivityManager:    85     536K     532K     330K     324K  /system/vendor/bin/gpsd
07-13 20:52:53.214   140   645 I ActivityManager:   318     456K     456K     304K     300K  /system/bin/bluetoothd
07-13 20:52:53.214   140   645 I ActivityManager:    72     456K     452K     296K     288K  /system/bin/vold
07-13 20:52:53.214   140   645 I ActivityManager:    84     428K     392K     247K     240K  /system/bin/keystore
07-13 20:52:53.214   140   645 I ActivityManager:    87     232K     232K     216K     216K  /sbin/adbd
07-13 20:52:53.214   140   645 I ActivityManager:    82     328K     320K     187K     184K  /system/bin/dbus-daemon
07-13 20:52:53.214   140   645 I ActivityManager:     1     204K     204K     142K     104K  /init
07-13 20:52:53.214   140   645 I ActivityManager:   197     264K     256K     135K     132K  /system/bin/brcm_patchram_plus
07-13 20:52:53.214   140   645 I ActivityManager:    61     160K     160K     122K      84K  /sbin/ueventd
07-13 20:52:53.214   140   645 I ActivityManager:    86     212K     208K     106K     104K  /system/bin/sh
07-13 20:52:53.214   140   645 I ActivityManager:    83     244K     236K      99K      96K  /system/bin/installd
07-13 20:52:53.214   140   645 I ActivityManager:    71     212K     204K      95K      92K  /system/bin/servicemanager
07-13 20:52:53.214   140   645 I ActivityManager:  1542     188K     180K      74K      72K  /system/bin/debuggerd
07-13 20:52:53.214   140   645 I ActivityManager:                  
07-13 20:52:53.421 12296 12296 D wpa_supplicant: WPS: Building WPS IE for Probe Request
07-13 20:52:53.421 12296 12296 D wpa_supplicant: WPS:  * Version (hardcoded 0x10)
07-13 20:52:53.421 12296 12296 D wpa_supplicant: WPS:  * Request Type
07-13 20:52:53.421 12296 12296 D wpa_supplicant: WPS:  * Config Methods (2388)
07-13 20:52:53.421 12296 12296 D wpa_supplicant: WPS:  * UUID-E
07-13 20:52:53.421 12296 12296 D wpa_supplicant: WPS:  * Primary Device Type
07-13 20:52:53.421 12296 12296 D wpa_supplicant: WPS:  * RF Bands (3)
07-13 20:52:53.421 12296 12296 D wpa_supplicant: WPS:  * Association State
07-13 20:52:53.421 12296 12296 D wpa_supplicant: WPS:  * Configuration Error (0)
07-13 20:52:53.421 12296 12296 D wpa_supplicant: WPS:  * Device Password ID (0)
07-13 20:52:53.421 12296 12296 D wpa_supplicant: WPS:  * Manufacturer
07-13 20:52:53.421 12296 12296 D wpa_supplicant: WPS:  * Model Name
07-13 20:52:53.421 12296 12296 D wpa_supplicant: WPS:  * Model Number
07-13 20:52:53.421 12296 12296 D wpa_supplicant: WPS:  * Device Name
07-13 20:52:53.421 12296 12296 D wpa_supplicant: WPS:  * Version2 (0x20)
07-13 20:52:53.421 12296 12296 D wpa_supplicant: wpa_driver_wext_combo_scan: Start
07-13 20:52:53.421 12296 12296 D wpa_supplicant: For Scan: (null)
07-13 20:52:53.475 12296 12296 D wpa_supplicant: Scan requested (ret=0) - scan timeout 30 seconds
07-13 20:52:53.952 12296 12296 D wpa_supplicant: RTM_NEWLINK: operstate=0 ifi_flags=0x11003 ([UP][LOWER_UP])
07-13 20:52:53.952 12296 12296 D wpa_supplicant: RTM_NEWLINK, IFLA_IFNAME: Interface 'wlan0' added
07-13 20:52:53.952 12296 12296 D wpa_supplicant: Wireless event: cmd=0x8b19 len=8
07-13 20:52:53.952 12296 12296 D wpa_supplicant: Received 0 bytes of scan results (0 BSSes)
07-13 20:52:59.050   359   359 D dalvikvm: GC_EXPLICIT freed <1K, 6% free 9108K/9607K, paused 15ms+2ms
07-13 20:53:00.120 32301 32301 D dalvikvm: GC_EXPLICIT freed 9K, 4% free 9060K/9347K, paused 5ms+2ms
07-13 20:53:05.198 29248 29248 D dalvikvm: GC_EXPLICIT freed 139K, 65% free 20553K/58247K, paused 4ms+7ms
07-13 20:53:08.050 26938 26951 I PhoneLab-: Service Running
07-13 20:53:08.120 26938 26951 I PhoneLab-LoggerService: app_38    1541  1     1432   992   c00f181c 400107b4 S logcat
07-13 20:53:08.120 26938 26951 I PhoneLab-LoggerService: Logcat pid from database 1541
07-13 20:53:08.120 26938 26951 I PhoneLab-LoggerService: Logcat process found 1541
07-13 20:53:08.120 26938 26951 I PhoneLab-LoggerService: Checking Threshold
07-13 20:53:08.124 26938 26951 I PhoneLab-LoggerService: Starting to rename files
07-13 20:53:08.124 26938 26951 I PhoneLab-LoggerService: Files found .. 18
07-13 20:53:08.964 12296 12296 D wpa_supplicant: WPS: Building WPS IE for Probe Request
07-13 20:53:08.964 12296 12296 D wpa_supplicant: WPS:  * Version (hardcoded 0x10)
07-13 20:53:08.964 12296 12296 D wpa_supplicant: WPS:  * Request Type
07-13 20:53:08.964 12296 12296 D wpa_supplicant: WPS:  * Config Methods (2388)
07-13 20:53:08.964 12296 12296 D wpa_supplicant: WPS:  * UUID-E
07-13 20:53:08.964 12296 12296 D wpa_supplicant: WPS:  * Primary Device Type
07-13 20:53:08.964 12296 12296 D wpa_supplicant: WPS:  * RF Bands (3)
07-13 20:53:08.964 12296 12296 D wpa_supplicant: WPS:  * Association State
07-13 20:53:08.964 12296 12296 D wpa_supplicant: WPS:  * Configuration Error (0)
07-13 20:53:08.964 12296 12296 D wpa_supplicant: WPS:  * Device Password ID (0)
07-13 20:53:08.964 12296 12296 D wpa_supplicant: WPS:  * Manufacturer
07-13 20:53:08.964 12296 12296 D wpa_supplicant: WPS:  * Model Name
07-13 20:53:08.964 12296 12296 D wpa_supplicant: WPS:  * Model Number
07-13 20:53:08.964 12296 12296 D wpa_supplicant: WPS:  * Device Name
07-13 20:53:08.964 12296 12296 D wpa_supplicant: WPS:  * Version2 (0x20)
07-13 20:53:08.964 12296 12296 D wpa_supplicant: wpa_driver_wext_combo_scan: Start
07-13 20:53:08.964 12296 12296 D wpa_supplicant: For Scan: (null)
07-13 20:53:09.022 12296 12296 D wpa_supplicant: Scan requested (ret=0) - scan timeout 30 seconds
07-13 20:53:09.507 12296 12296 D wpa_supplicant: RTM_NEWLINK: operstate=0 ifi_flags=0x11003 ([UP][LOWER_UP])
07-13 20:53:09.507 12296 12296 D wpa_supplicant: RTM_NEWLINK, IFLA_IFNAME: Interface 'wlan0' added
07-13 20:53:09.507 12296 12296 D wpa_supplicant: Wireless event: cmd=0x8b19 len=8
07-13 20:53:09.511 12296 12296 D wpa_supplicant: Received 0 bytes of scan results (0 BSSes)
07-13 20:53:13.546 12296 12296 D wpa_supplicant: WPS: Building WPS IE for Probe Request
07-13 20:53:13.546 12296 12296 D wpa_supplicant: WPS:  * Version (hardcoded 0x10)
07-13 20:53:13.546 12296 12296 D wpa_supplicant: WPS:  * Request Type
07-13 20:53:13.546 12296 12296 D wpa_supplicant: WPS:  * Config Methods (2388)
07-13 20:53:13.546 12296 12296 D wpa_supplicant: WPS:  * UUID-E
07-13 20:53:13.546 12296 12296 D wpa_supplicant: WPS:  * Primary Device Type
07-13 20:53:13.546 12296 12296 D wpa_supplicant: WPS:  * RF Bands (3)
07-13 20:53:13.546 12296 12296 D wpa_supplicant: WPS:  * Association State
07-13 20:53:13.546 12296 12296 D wpa_supplicant: WPS:  * Configuration Error (0)
07-13 20:53:13.546 12296 12296 D wpa_supplicant: WPS:  * Device Password ID (0)
07-13 20:53:13.546 12296 12296 D wpa_supplicant: WPS:  * Manufacturer
07-13 20:53:13.546 12296 12296 D wpa_supplicant: WPS:  * Model Name
07-13 20:53:13.546 12296 12296 D wpa_supplicant: WPS:  * Model Number
07-13 20:53:13.546 12296 12296 D wpa_supplicant: WPS:  * Device Name
07-13 20:53:13.546 12296 12296 D wpa_supplicant: WPS:  * Version2 (0x20)
07-13 20:53:13.546 12296 12296 D wpa_supplicant: wpa_driver_wext_combo_scan: Start
07-13 20:53:13.546 12296 12296 D wpa_supplicant: For Scan: (null)
07-13 20:53:13.612 12296 12296 D wpa_supplicant: Scan requested (ret=0) - scan timeout 30 seconds
07-13 20:53:14.089 12296 12296 D wpa_supplicant: RTM_NEWLINK: operstate=0 ifi_flags=0x11003 ([UP][LOWER_UP])
07-13 20:53:14.089 12296 12296 D wpa_supplicant: RTM_NEWLINK, IFLA_IFNAME: Interface 'wlan0' added
07-13 20:53:14.100 12296 12296 D wpa_supplicant: Wireless event: cmd=0x8b19 len=8
07-13 20:53:14.100 12296 12296 D wpa_supplicant: Received 0 bytes of scan results (0 BSSes)
07-13 20:53:19.292   140   156 D dalvikvm: GC_EXPLICIT freed 1429K, 24% free 17175K/22407K, paused 42ms+7ms
07-13 20:53:27.077   328   328 D dalvikvm: GC_EXPLICIT freed <1K, 30% free 11782K/16711K, paused 17ms+3ms
07-13 20:53:29.112 12296 12296 D wpa_supplicant: WPS: Building WPS IE for Probe Request
07-13 20:53:29.112 12296 12296 D wpa_supplicant: WPS:  * Version (hardcoded 0x10)
07-13 20:53:29.112 12296 12296 D wpa_supplicant: WPS:  * Request Type
07-13 20:53:29.112 12296 12296 D wpa_supplicant: WPS:  * Config Methods (2388)
07-13 20:53:29.112 12296 12296 D wpa_supplicant: WPS:  * UUID-E
07-13 20:53:29.112 12296 12296 D wpa_supplicant: WPS:  * Primary Device Type
07-13 20:53:29.112 12296 12296 D wpa_supplicant: WPS:  * RF Bands (3)
07-13 20:53:29.112 12296 12296 D wpa_supplicant: WPS:  * Association State
07-13 20:53:29.112 12296 12296 D wpa_supplicant: WPS:  * Configuration Error (0)
07-13 20:53:29.112 12296 12296 D wpa_supplicant: WPS:  * Device Password ID (0)
07-13 20:53:29.112 12296 12296 D wpa_supplicant: WPS:  * Manufacturer
07-13 20:53:29.112 12296 12296 D wpa_supplicant: WPS:  * Model Name
07-13 20:53:29.112 12296 12296 D wpa_supplicant: WPS:  * Model Number
07-13 20:53:29.112 12296 12296 D wpa_supplicant: WPS:  * Device Name
07-13 20:53:29.112 12296 12296 D wpa_supplicant: WPS:  * Version2 (0x20)
07-13 20:53:29.112 12296 12296 D wpa_supplicant: wpa_driver_wext_combo_scan: Start
07-13 20:53:29.112 12296 12296 D wpa_supplicant: For Scan: (null)
07-13 20:53:29.175 12296 12296 D wpa_supplicant: Scan requested (ret=0) - scan timeout 30 seconds
07-13 20:53:29.655 12296 12296 D wpa_supplicant: RTM_NEWLINK: operstate=0 ifi_flags=0x11003 ([UP][LOWER_UP])
07-13 20:53:29.655 12296 12296 D wpa_supplicant: RTM_NEWLINK, IFLA_IFNAME: Interface 'wlan0' added
07-13 20:53:29.655 12296 12296 D wpa_supplicant: Wireless event: cmd=0x8b19 len=8
07-13 20:53:29.655 12296 12296 D wpa_supplicant: Received 0 bytes of scan results (0 BSSes)
07-13 20:53:35.081   211   211 D dalvikvm: GC_EXPLICIT freed 72K, 58% free 10548K/24711K, paused 2ms+4ms
07-13 20:53:40.136   347   347 D dalvikvm: GC_EXPLICIT freed 103K, 7% free 9498K/10183K, paused 17ms+2ms
07-13 20:53:44.663 12296 12296 D wpa_supplicant: WPS: Building WPS IE for Probe Request
07-13 20:53:44.663 12296 12296 D wpa_supplicant: WPS:  * Version (hardcoded 0x10)
07-13 20:53:44.663 12296 12296 D wpa_supplicant: WPS:  * Request Type
07-13 20:53:44.663 12296 12296 D wpa_supplicant: WPS:  * Config Methods (2388)
07-13 20:53:44.663 12296 12296 D wpa_supplicant: WPS:  * UUID-E
07-13 20:53:44.663 12296 12296 D wpa_supplicant: WPS:  * Primary Device Type
07-13 20:53:44.663 12296 12296 D wpa_supplicant: WPS:  * RF Bands (3)
07-13 20:53:44.663 12296 12296 D wpa_supplicant: WPS:  * Association State
07-13 20:53:44.663 12296 12296 D wpa_supplicant: WPS:  * Configuration Error (0)
07-13 20:53:44.663 12296 12296 D wpa_supplicant: WPS:  * Device Password ID (0)
07-13 20:53:44.663 12296 12296 D wpa_supplicant: WPS:  * Manufacturer
07-13 20:53:44.663 12296 12296 D wpa_supplicant: WPS:  * Model Name
07-13 20:53:44.663 12296 12296 D wpa_supplicant: WPS:  * Model Number
07-13 20:53:44.663 12296 12296 D wpa_supplicant: WPS:  * Device Name
07-13 20:53:44.663 12296 12296 D wpa_supplicant: WPS:  * Version2 (0x20)
07-13 20:53:44.663 12296 12296 D wpa_supplicant: wpa_driver_wext_combo_scan: Start
07-13 20:53:44.663 12296 12296 D wpa_supplicant: For Scan: (null)
07-13 20:53:44.722 12296 12296 D wpa_supplicant: Scan requested (ret=0) - scan timeout 30 seconds
07-13 20:53:45.136   437   437 D dalvikvm: GC_EXPLICIT freed <1K, 4% free 9039K/9347K, paused 13ms+2ms
07-13 20:53:45.198 12296 12296 D wpa_supplicant: RTM_NEWLINK: operstate=0 ifi_flags=0x11003 ([UP][LOWER_UP])
07-13 20:53:45.198 12296 12296 D wpa_supplicant: RTM_NEWLINK, IFLA_IFNAME: Interface 'wlan0' added
07-13 20:53:45.198 12296 12296 D wpa_supplicant: Wireless event: cmd=0x8b19 len=8
07-13 20:53:45.198 12296 12296 D wpa_supplicant: Received 0 bytes of scan results (0 BSSes)
07-13 20:53:51.257 24575 24575 D dalvikvm: GC_EXPLICIT freed <1K, 4% free 10919K/11335K, paused 16ms+2ms
07-13 20:53:56.276   376   376 D dalvikvm: GC_EXPLICIT freed 120K, 27% free 14351K/19591K, paused 17ms+6ms
07-13 20:54:00.116 32301 32301 D dalvikvm: GC_EXPLICIT freed 9K, 4% free 9060K/9347K, paused 1ms+2ms
07-13 20:54:00.198 12296 12296 D wpa_supplicant: WPS: Building WPS IE for Probe Request
07-13 20:54:00.198 12296 12296 D wpa_supplicant: WPS:  * Version (hardcoded 0x10)
07-13 20:54:00.198 12296 12296 D wpa_supplicant: WPS:  * Request Type
07-13 20:54:00.198 12296 12296 D wpa_supplicant: WPS:  * Config Methods (2388)
07-13 20:54:00.198 12296 12296 D wpa_supplicant: WPS:  * UUID-E
07-13 20:54:00.198 12296 12296 D wpa_supplicant: WPS:  * Primary Device Type
07-13 20:54:00.198 12296 12296 D wpa_supplicant: WPS:  * RF Bands (3)
07-13 20:54:00.198 12296 12296 D wpa_supplicant: WPS:  * Association State
07-13 20:54:00.198 12296 12296 D wpa_supplicant: WPS:  * Configuration Error (0)
07-13 20:54:00.198 12296 12296 D wpa_supplicant: WPS:  * Device Password ID (0)
07-13 20:54:00.198 12296 12296 D wpa_supplicant: WPS:  * Manufacturer
07-13 20:54:00.198 12296 12296 D wpa_supplicant: WPS:  * Model Name
07-13 20:54:00.198 12296 12296 D wpa_supplicant: WPS:  * Model Number
07-13 20:54:00.198 12296 12296 D wpa_supplicant: WPS:  * Device Name
07-13 20:54:00.198 12296 12296 D wpa_supplicant: WPS:  * Version2 (0x20)
07-13 20:54:00.198 12296 12296 D wpa_supplicant: wpa_driver_wext_combo_scan: Start
07-13 20:54:00.198 12296 12296 D wpa_supplicant: For Scan: (null)
07-13 20:54:00.257 12296 12296 D wpa_supplicant: Scan requested (ret=0) - scan timeout 30 seconds
07-13 20:54:00.733 12296 12296 D wpa_supplicant: RTM_NEWLINK: operstate=0 ifi_flags=0x11003 ([UP][LOWER_UP])
07-13 20:54:00.733 12296 12296 D wpa_supplicant: RTM_NEWLINK, IFLA_IFNAME: Interface 'wlan0' added
07-13 20:54:00.733 12296 12296 D wpa_supplicant: Wireless event: cmd=0x8b19 len=8
07-13 20:54:00.733 12296 12296 D wpa_supplicant: Received 0 bytes of scan results (0 BSSes)
07-13 20:54:05.827 26938 26938 D dalvikvm: GC_EXPLICIT freed 207K, 16% free 9180K/10823K, paused 15ms+2ms
07-13 20:54:10.843 24057 24057 D dalvikvm: GC_EXPLICIT freed 29K, 8% free 9640K/10375K, paused 16ms+3ms
07-13 20:54:15.741 12296 12296 D wpa_supplicant: WPS: Building WPS IE for Probe Request
07-13 20:54:15.741 12296 12296 D wpa_supplicant: WPS:  * Version (hardcoded 0x10)
07-13 20:54:15.741 12296 12296 D wpa_supplicant: WPS:  * Request Type
07-13 20:54:15.741 12296 12296 D wpa_supplicant: WPS:  * Config Methods (2388)
07-13 20:54:15.741 12296 12296 D wpa_supplicant: WPS:  * UUID-E
07-13 20:54:15.741 12296 12296 D wpa_supplicant: WPS:  * Primary Device Type
07-13 20:54:15.741 12296 12296 D wpa_supplicant: WPS:  * RF Bands (3)
07-13 20:54:15.741 12296 12296 D wpa_supplicant: WPS:  * Association State
07-13 20:54:15.741 12296 12296 D wpa_supplicant: WPS:  * Configuration Error (0)
07-13 20:54:15.741 12296 12296 D wpa_supplicant: WPS:  * Device Password ID (0)
07-13 20:54:15.741 12296 12296 D wpa_supplicant: WPS:  * Manufacturer
07-13 20:54:15.741 12296 12296 D wpa_supplicant: WPS:  * Model Name
07-13 20:54:15.741 12296 12296 D wpa_supplicant: WPS:  * Model Number
07-13 20:54:15.741 12296 12296 D wpa_supplicant: WPS:  * Device Name
07-13 20:54:15.741 12296 12296 D wpa_supplicant: WPS:  * Version2 (0x20)
07-13 20:54:15.741 12296 12296 D wpa_supplicant: wpa_driver_wext_combo_scan: Start
07-13 20:54:15.741 12296 12296 D wpa_supplicant: For Scan: (null)
07-13 20:54:15.796 12296 12296 D wpa_supplicant: Scan requested (ret=0) - scan timeout 30 seconds
07-13 20:54:16.276 12296 12296 D wpa_supplicant: RTM_NEWLINK: operstate=0 ifi_flags=0x11003 ([UP][LOWER_UP])
07-13 20:54:16.276 12296 12296 D wpa_supplicant: RTM_NEWLINK, IFLA_IFNAME: Interface 'wlan0' added
07-13 20:54:16.276 12296 12296 D wpa_supplicant: Wireless event: cmd=0x8b19 len=8
07-13 20:54:16.276 12296 12296 D wpa_supplicant: Received 0 bytes of scan results (0 BSSes)
07-13 20:54:21.374 32301 32301 D dalvikvm: GC_EXPLICIT freed 2K, 4% free 9058K/9347K, paused 13ms+2ms
07-13 20:54:26.393 32738 32738 D dalvikvm: GC_EXPLICIT freed 281K, 4% free 10650K/11079K, paused 18ms+4ms
07-13 20:54:31.280 12296 12296 D wpa_supplicant: WPS: Building WPS IE for Probe Request
07-13 20:54:31.280 12296 12296 D wpa_supplicant: WPS:  * Version (hardcoded 0x10)
07-13 20:54:31.280 12296 12296 D wpa_supplicant: WPS:  * Request Type
07-13 20:54:31.280 12296 12296 D wpa_supplicant: WPS:  * Config Methods (2388)
07-13 20:54:31.280 12296 12296 D wpa_supplicant: WPS:  * UUID-E
07-13 20:54:31.280 12296 12296 D wpa_supplicant: WPS:  * Primary Device Type
07-13 20:54:31.280 12296 12296 D wpa_supplicant: WPS:  * RF Bands (3)
07-13 20:54:31.280 12296 12296 D wpa_supplicant: WPS:  * Association State
07-13 20:54:31.280 12296 12296 D wpa_supplicant: WPS:  * Configuration Error (0)
07-13 20:54:31.280 12296 12296 D wpa_supplicant: WPS:  * Device Password ID (0)
07-13 20:54:31.280 12296 12296 D wpa_supplicant: WPS:  * Manufacturer
07-13 20:54:31.280 12296 12296 D wpa_supplicant: WPS:  * Model Name
07-13 20:54:31.280 12296 12296 D wpa_supplicant: WPS:  * Model Number
07-13 20:54:31.280 12296 12296 D wpa_supplicant: WPS:  * Device Name
07-13 20:54:31.280 12296 12296 D wpa_supplicant: WPS:  * Version2 (0x20)
07-13 20:54:31.280 12296 12296 D wpa_supplicant: wpa_driver_wext_combo_scan: Start
07-13 20:54:31.280 12296 12296 D wpa_supplicant: For Scan: (null)
07-13 20:54:31.343 12296 12296 D wpa_supplicant: Scan requested (ret=0) - scan timeout 30 seconds
07-13 20:54:31.819 12296 12296 D wpa_supplicant: RTM_NEWLINK: operstate=0 ifi_flags=0x11003 ([UP][LOWER_UP])
07-13 20:54:31.819 12296 12296 D wpa_supplicant: RTM_NEWLINK, IFLA_IFNAME: Interface 'wlan0' added
07-13 20:54:31.819 12296 12296 D wpa_supplicant: Wireless event: cmd=0x8b19 len=8
07-13 20:54:31.819 12296 12296 D wpa_supplicant: Received 0 bytes of scan results (0 BSSes)
07-13 20:54:36.952 22770 22770 D dalvikvm: GC_EXPLICIT freed 273K, 7% free 10446K/11143K, paused 17ms+3ms
07-13 20:54:41.929   464   464 D dalvikvm: GC_EXPLICIT freed 326K, 5% free 10234K/10759K, paused 16ms+3ms
07-13 20:54:46.831 12296 12296 D wpa_supplicant: WPS: Building WPS IE for Probe Request
07-13 20:54:46.831 12296 12296 D wpa_supplicant: WPS:  * Version (hardcoded 0x10)
07-13 20:54:46.831 12296 12296 D wpa_supplicant: WPS:  * Request Type
07-13 20:54:46.831 12296 12296 D wpa_supplicant: WPS:  * Config Methods (2388)
07-13 20:54:46.831 12296 12296 D wpa_supplicant: WPS:  * UUID-E
07-13 20:54:46.831 12296 12296 D wpa_supplicant: WPS:  * Primary Device Type
07-13 20:54:46.831 12296 12296 D wpa_supplicant: WPS:  * RF Bands (3)
07-13 20:54:46.831 12296 12296 D wpa_supplicant: WPS:  * Association State
07-13 20:54:46.831 12296 12296 D wpa_supplicant: WPS:  * Configuration Error (0)
07-13 20:54:46.831 12296 12296 D wpa_supplicant: WPS:  * Device Password ID (0)
07-13 20:54:46.831 12296 12296 D wpa_supplicant: WPS:  * Manufacturer
07-13 20:54:46.831 12296 12296 D wpa_supplicant: WPS:  * Model Name
07-13 20:54:46.831 12296 12296 D wpa_supplicant: WPS:  * Model Number
07-13 20:54:46.831 12296 12296 D wpa_supplicant: WPS:  * Device Name
07-13 20:54:46.831 12296 12296 D wpa_supplicant: WPS:  * Version2 (0x20)
07-13 20:54:46.831 12296 12296 D wpa_supplicant: wpa_driver_wext_combo_scan: Start
07-13 20:54:46.831 12296 12296 D wpa_supplicant: For Scan: (null)
07-13 20:54:46.890 12296 12296 D wpa_supplicant: Scan requested (ret=0) - scan timeout 30 seconds
07-13 20:54:47.374 12296 12296 D wpa_supplicant: RTM_NEWLINK: operstate=0 ifi_flags=0x11003 ([UP][LOWER_UP])
07-13 20:54:47.374 12296 12296 D wpa_supplicant: RTM_NEWLINK, IFLA_IFNAME: Interface 'wlan0' added
07-13 20:54:47.374 12296 12296 D wpa_supplicant: Wireless event: cmd=0x8b19 len=8
07-13 20:54:47.374 12296 12296 D wpa_supplicant: Received 0 bytes of scan results (0 BSSes)
07-13 20:54:52.464   539   539 D dalvikvm: GC_EXPLICIT freed 173K, 4% free 9263K/9607K, paused 14ms+2ms
07-13 20:54:54.167 26938 26938 I PhoneLab-Locks: wake lock acquired
07-13 20:54:54.198 26938 26938 I PhoneLab-StatusMonitor: Status Monitoring is started
07-13 20:54:54.292 26938 26938 I PhoneLab-StatusMonitor: Value: 10 - unit: min
07-13 20:54:54.296 26938 26938 I PhoneLab-StatusMonitor: Running interval: 600000
07-13 20:54:54.300 26938 26939 D dalvikvm: GC_CONCURRENT freed 338K, 14% free 9354K/10823K, paused 2ms+7ms
07-13 20:54:54.304 26938 26938 I PhoneLab-StatusMonitor: Rescheduling status monitoring...
07-13 20:54:54.307 26938 26938 I PhoneLab-Locks: wake lock released
07-13 20:54:54.311 26938 26938 I PhoneLab-StatusMonitorLocation: Learning Location
07-13 20:54:54.311 26938 26938 I PhoneLab-Locks: wake lock acquired
07-13 20:54:54.315 26938 26938 I PhoneLab-Locks: wake lock acquired
07-13 20:54:54.327 26938 26938 I PhoneLab-StatusMonitorLocation: Learning Signal Strgth
07-13 20:54:54.327 26938 26938 I PhoneLab-Locks: wake lock acquired
07-13 20:54:54.331 22770 23068 D androidNetworkLocationListeners: Still have listener com.google.android.location.internal.client.NetworkLocationClient$1@4132f748
07-13 20:54:54.335 12296 12296 D wpa_supplicant: wpa_driver_wext_driver_cmd SETSUSPENDOPT 0 len = 4096
07-13 20:54:54.335 12296 12296 D wpa_supplicant: wpa_driver_wext_driver_cmd SETSUSPENDOPT 0 len = 0, 15
07-13 20:54:54.335 12296 12296 D wpa_supplicant: wpa_driver_wext_driver_cmd POWERMODE 0 len = 4096
07-13 20:54:54.339 22770 23068 D androidNetworkLocationListeners: Still have listener com.google.android.location.internal.client.NetworkLocationClient$1@4132f748
07-13 20:54:54.343 12296 12296 D wpa_supplicant: wpa_driver_wext_driver_cmd OK len = 0, 2
07-13 20:54:54.347 22770 22791 D WifiLocator: Too many no-location APs. Will not compute a location nor go to the server. hasLocation=0 noLocation=0 cacheMiss=0
07-13 20:54:54.347 26938 26938 I PhoneLab-StatusMonitorBattery: Battery_level: 29
07-13 20:54:54.350 26938 26938 I PhoneLab-Locks: wake lock released
07-13 20:54:54.350 12296 12296 D wpa_supplicant: wpa_driver_wext_driver_cmd SETSUSPENDOPT 0 len = 4096
07-13 20:54:54.350 12296 12296 D wpa_supplicant: wpa_driver_wext_driver_cmd SETSUSPENDOPT 0 len = 0, 15
07-13 20:54:54.354 12296 12296 D wpa_supplicant: wpa_driver_wext_driver_cmd POWERMODE 0 len = 4096
07-13 20:54:54.354 26938 26938 I PhoneLab-StatusMonitorSignal: Signal_Strength: -96 asu: 9
07-13 20:54:54.354 26938 26938 I PhoneLab-Locks: wake lock released
07-13 20:54:54.366 12296 12296 D wpa_supplicant: wpa_driver_wext_driver_cmd OK len = 0, 2
07-13 20:54:54.366 12296 12296 D wpa_supplicant: wpa_driver_wext_driver_cmd SETSUSPENDOPT 0 len = 4096
07-13 20:54:54.366 12296 12296 D wpa_supplicant: wpa_driver_wext_driver_cmd SETSUSPENDOPT 0 len = 0, 15
07-13 20:54:54.366 12296 12296 D wpa_supplicant: wpa_driver_wext_driver_cmd POWERMODE 0 len = 4096
07-13 20:54:54.370 12296 12296 D wpa_supplicant: wpa_driver_wext_driver_cmd OK len = 0, 2
07-13 20:54:54.370 12296 12296 D wpa_supplicant: WPS: Building WPS IE for Probe Request
07-13 20:54:54.370 12296 12296 D wpa_supplicant: WPS:  * Version (hardcoded 0x10)
07-13 20:54:54.370 12296 12296 D wpa_supplicant: WPS:  * Request Type
07-13 20:54:54.370 12296 12296 D wpa_supplicant: WPS:  * Config Methods (2388)
07-13 20:54:54.370 12296 12296 D wpa_supplicant: WPS:  * UUID-E
07-13 20:54:54.370 12296 12296 D wpa_supplicant: WPS:  * Primary Device Type
07-13 20:54:54.370 12296 12296 D wpa_supplicant: WPS:  * RF Bands (3)
07-13 20:54:54.370 12296 12296 D wpa_supplicant: WPS:  * Association State
07-13 20:54:54.370 12296 12296 D wpa_supplicant: WPS:  * Configuration Error (0)
07-13 20:54:54.370 12296 12296 D wpa_supplicant: WPS:  * Device Password ID (0)
07-13 20:54:54.370 12296 12296 D wpa_supplicant: WPS:  * Manufacturer
07-13 20:54:54.370 12296 12296 D wpa_supplicant: WPS:  * Model Name
07-13 20:54:54.370 12296 12296 D wpa_supplicant: WPS:  * Model Number
07-13 20:54:54.370 12296 12296 D wpa_supplicant: WPS:  * Device Name
07-13 20:54:54.370 12296 12296 D wpa_supplicant: WPS:  * Version2 (0x20)
07-13 20:54:54.370 12296 12296 D wpa_supplicant: wpa_driver_wext_combo_scan: Start
07-13 20:54:54.370 12296 12296 D wpa_supplicant: For Scan: (null)
07-13 20:54:54.374   140  4883 I ActivityManager: Process com.weather.Weather (pid 588) has died.
07-13 20:54:54.390 26938 26938 I PhoneLab-StatusMonitorLocation: Location_Latitude: 43.1282773 Longitude: -77.4339799 Accuracy: 2100.0
07-13 20:54:54.390 22770 23068 D androidNetworkLocationListeners: Still have listener com.google.android.location.internal.client.NetworkLocationClient$1@4132f748
07-13 20:54:54.393 26938 26938 I PhoneLab-Locks: wake lock released
07-13 20:54:54.417 12296 12296 D wpa_supplicant: Scan requested (ret=0) - scan timeout 30 seconds
07-13 20:54:54.417 12296 12296 D wpa_supplicant: Ongoing scan action - reject new request
07-13 20:54:54.432   140   335 I ActivityManager: Start proc com.weather.Weather for service com.weather.Weather/.lbs.LocatorService: pid=651 uid=10057 gids={1015, 3003}
07-13 20:54:54.448    79    79 D dalvikvm: GC_EXPLICIT freed 37K, 4% free 9026K/9347K, paused 2ms+2ms
07-13 20:54:54.452   651   651 I dalvikvm: Turning on JNI app bug workarounds for target SDK version 13...
07-13 20:54:54.499    79    79 D dalvikvm: GC_EXPLICIT freed <1K, 4% free 9026K/9347K, paused 8ms+5ms
07-13 20:54:54.546    79    79 D dalvikvm: GC_EXPLICIT freed <1K, 4% free 9026K/9347K, paused 1ms+2ms
07-13 20:54:54.604   651   654 D dalvikvm: GC_CONCURRENT freed 176K, 3% free 9356K/9607K, paused 1ms+2ms
07-13 20:54:54.632   651   664 I LocatorService: lbs-onHandleIntent ------ accuracy bad, skip
07-13 20:54:54.636   651   664 I LocatorService: lbs-onHandleIntent -- passive repeat
07-13 20:54:54.636   651   664 W LocationUtil: lbs-requestPassiveUpdates start
07-13 20:54:54.897 12296 12296 D wpa_supplicant: RTM_NEWLINK: operstate=0 ifi_flags=0x11003 ([UP][LOWER_UP])
07-13 20:54:54.897 12296 12296 D wpa_supplicant: RTM_NEWLINK, IFLA_IFNAME: Interface 'wlan0' added
07-13 20:54:54.897 12296 12296 D wpa_supplicant: Wireless event: cmd=0x8b19 len=8
07-13 20:54:54.897 12296 12296 D wpa_supplicant: Received 0 bytes of scan results (0 BSSes)
07-13 20:54:54.936 22770 22791 D WifiLocator: Too many no-location APs. Will not compute a location nor go to the server. hasLocation=0 noLocation=0 cacheMiss=0
07-13 20:54:54.944 12296 12296 D wpa_supplicant: wpa_driver_wext_driver_cmd SETSUSPENDOPT 0 len = 4096
07-13 20:54:54.944 12296 12296 D wpa_supplicant: wpa_driver_wext_driver_cmd SETSUSPENDOPT 0 len = 0, 15
