07-15 09:03:44.050  4171  4171 D wpa_supplicant: WPS: Building WPS IE for Probe Request
07-15 09:03:44.050  4171  4171 D wpa_supplicant: WPS:  * Version (hardcoded 0x10)
07-15 09:03:44.050  4171  4171 D wpa_supplicant: WPS:  * Request Type
07-15 09:03:44.050  4171  4171 D wpa_supplicant: WPS:  * Config Methods (2388)
07-15 09:03:44.050  4171  4171 D wpa_supplicant: WPS:  * UUID-E
07-15 09:03:44.050  4171  4171 D wpa_supplicant: WPS:  * Primary Device Type
07-15 09:03:44.050  4171  4171 D wpa_supplicant: WPS:  * RF Bands (3)
07-15 09:03:44.050  4171  4171 D wpa_supplicant: WPS:  * Association State
07-15 09:03:44.050  4171  4171 D wpa_supplicant: WPS:  * Configuration Error (0)
07-15 09:03:44.050  4171  4171 D wpa_supplicant: WPS:  * Device Password ID (0)
07-15 09:03:44.050  4171  4171 D wpa_supplicant: WPS:  * Manufacturer
07-15 09:03:44.050  4171  4171 D wpa_supplicant: WPS:  * Model Name
07-15 09:03:44.050  4171  4171 D wpa_supplicant: WPS:  * Model Number
07-15 09:03:44.050  4171  4171 D wpa_supplicant: WPS:  * Device Name
07-15 09:03:44.050  4171  4171 D wpa_supplicant: WPS:  * Version2 (0x20)
07-15 09:03:44.050  4171  4171 D wpa_supplicant: wpa_driver_wext_combo_scan: Start
07-15 09:03:44.050  4171  4171 D wpa_supplicant: For Scan: (null)
07-15 09:03:44.054  4171  4171 D wpa_supplicant: Scan requested (ret=0) - scan timeout 30 seconds
07-15 09:03:44.054  4171  4171 D wpa_supplicant: Ongoing scan action - reject new request
07-15 09:03:45.218  4171  4171 D wpa_supplicant: RTM_NEWLINK: operstate=1 ifi_flags=0x11043 ([UP][RUNNING][LOWER_UP])
07-15 09:03:45.218  4171  4171 D wpa_supplicant: RTM_NEWLINK, IFLA_IFNAME: Interface 'wlan0' added
07-15 09:03:45.218  4171  4171 D wpa_supplicant: Wireless event: cmd=0x8b19 len=8
07-15 09:03:45.218  4171  4171 D wpa_supplicant: Received 563 bytes of scan results (2 BSSes)
07-15 09:03:45.312  4171  4171 D wpa_supplicant: wpa_driver_wext_driver_cmd SETSUSPENDOPT 0 len = 4096
07-15 09:03:45.312  4171  4171 D wpa_supplicant: wpa_driver_wext_driver_cmd SETSUSPENDOPT 0 len = 0, 15
07-15 09:03:45.312  4171  4171 D wpa_supplicant: wpa_driver_wext_driver_cmd POWERMODE 0 len = 4096
07-15 09:03:45.316  4171  4171 D wpa_supplicant: wpa_driver_wext_driver_cmd OK len = 0, 2
07-15 09:03:45.347  1199  7963 I LocationUtil: lbs-scheduleTargetingUpdate start
07-15 09:03:45.347  1199  7963 W LocationUtil: lbs-scheduleTargetingUpdate: user has NOT allowed use of lbs, skip
07-15 09:03:45.347  1199  7963 I LocatorService: lbs-onHandleIntent -- passive repeat
07-15 09:03:45.347  1199  7963 W LocationUtil: lbs-requestPassiveUpdates start
07-15 09:04:28.277  7177  7177 D dalvikvm: GC_EXPLICIT freed 9K, 4% free 9064K/9347K, paused 3ms+2ms
07-15 09:04:29.082  4171  4171 D wpa_supplicant: wpa_driver_wext_driver_cmd SETSUSPENDOPT 0 len = 4096
07-15 09:04:29.086  4171  4171 D wpa_supplicant: wpa_driver_wext_driver_cmd SETSUSPENDOPT 0 len = 0, 15
07-15 09:04:29.086  4171  4171 D wpa_supplicant: wpa_driver_wext_driver_cmd POWERMODE 0 len = 4096
07-15 09:04:29.113  4171  4171 D wpa_supplicant: wpa_driver_wext_driver_cmd OK len = 0, 2
07-15 09:04:29.113  4171  4171 D wpa_supplicant: WPS: Building WPS IE for Probe Request
07-15 09:04:29.113  4171  4171 D wpa_supplicant: WPS:  * Version (hardcoded 0x10)
07-15 09:04:29.113  4171  4171 D wpa_supplicant: WPS:  * Request Type
07-15 09:04:29.113  4171  4171 D wpa_supplicant: WPS:  * Config Methods (2388)
07-15 09:04:29.113  4171  4171 D wpa_supplicant: WPS:  * UUID-E
07-15 09:04:29.113  4171  4171 D wpa_supplicant: WPS:  * Primary Device Type
07-15 09:04:29.113  4171  4171 D wpa_supplicant: WPS:  * RF Bands (3)
07-15 09:04:29.113  4171  4171 D wpa_supplicant: WPS:  * Association State
07-15 09:04:29.113  4171  4171 D wpa_supplicant: WPS:  * Configuration Error (0)
07-15 09:04:29.113  4171  4171 D wpa_supplicant: WPS:  * Device Password ID (0)
07-15 09:04:29.113  4171  4171 D wpa_supplicant: WPS:  * Manufacturer
07-15 09:04:29.113  4171  4171 D wpa_supplicant: WPS:  * Model Name
07-15 09:04:29.113  4171  4171 D wpa_supplicant: WPS:  * Model Number
07-15 09:04:29.113  4171  4171 D wpa_supplicant: WPS:  * Device Name
07-15 09:04:29.113  4171  4171 D wpa_supplicant: WPS:  * Version2 (0x20)
07-15 09:04:29.113  4171  4171 D wpa_supplicant: wpa_driver_wext_combo_scan: Start
07-15 09:04:29.113  4171  4171 D wpa_supplicant: For Scan: (null)
07-15 09:04:29.117  4171  4171 D wpa_supplicant: Scan requested (ret=0) - scan timeout 30 seconds
07-15 09:04:30.277  4171  4171 D wpa_supplicant: RTM_NEWLINK: operstate=1 ifi_flags=0x11043 ([UP][RUNNING][LOWER_UP])
07-15 09:04:30.277  4171  4171 D wpa_supplicant: RTM_NEWLINK, IFLA_IFNAME: Interface 'wlan0' added
07-15 09:04:30.277  4171  4171 D wpa_supplicant: Wireless event: cmd=0x8b19 len=8
07-15 09:04:30.277  4171  4171 D wpa_supplicant: Received 563 bytes of scan results (2 BSSes)
07-15 09:04:30.394  4171  4171 D wpa_supplicant: wpa_driver_wext_driver_cmd SETSUSPENDOPT 0 len = 4096
07-15 09:04:30.394  4171  4171 D wpa_supplicant: wpa_driver_wext_driver_cmd SETSUSPENDOPT 0 len = 0, 15
07-15 09:04:30.394  4171  4171 D wpa_supplicant: wpa_driver_wext_driver_cmd POWERMODE 0 len = 4096
07-15 09:04:30.394  4171  4171 D wpa_supplicant: wpa_driver_wext_driver_cmd OK len = 0, 2
07-15 09:04:30.418   257   260 D dalvikvm: GC_CONCURRENT freed 455K, 8% free 10386K/11271K, paused 2ms+3ms
07-15 09:04:30.422  1199  7964 I LocatorService: lbs-onHandleIntent ------ lat/long/acc unchanged, skip
07-15 09:04:30.422  1199  7964 I LocatorService: lbs-onHandleIntent -- passive repeat
07-15 09:04:30.422  1199  7964 W LocationUtil: lbs-requestPassiveUpdates start
07-15 09:05:13.117  7177  7177 D dalvikvm: GC_EXPLICIT freed 9K, 4% free 9064K/9347K, paused 2ms+2ms
07-15 09:05:14.117  4171  4171 D wpa_supplicant: wpa_driver_wext_driver_cmd SETSUSPENDOPT 0 len = 4096
07-15 09:05:14.117  4171  4171 D wpa_supplicant: wpa_driver_wext_driver_cmd SETSUSPENDOPT 0 len = 0, 15
07-15 09:05:14.121  4171  4171 D wpa_supplicant: wpa_driver_wext_driver_cmd POWERMODE 0 len = 4096
07-15 09:05:14.144  4171  4171 D wpa_supplicant: wpa_driver_wext_driver_cmd OK len = 0, 2
07-15 09:05:14.148  4171  4171 D wpa_supplicant: WPS: Building WPS IE for Probe Request
07-15 09:05:14.148  4171  4171 D wpa_supplicant: WPS:  * Version (hardcoded 0x10)
07-15 09:05:14.148  4171  4171 D wpa_supplicant: WPS:  * Request Type
07-15 09:05:14.148  4171  4171 D wpa_supplicant: WPS:  * Config Methods (2388)
07-15 09:05:14.148  4171  4171 D wpa_supplicant: WPS:  * UUID-E
07-15 09:05:14.148  4171  4171 D wpa_supplicant: WPS:  * Primary Device Type
07-15 09:05:14.148  4171  4171 D wpa_supplicant: WPS:  * RF Bands (3)
07-15 09:05:14.148  4171  4171 D wpa_supplicant: WPS:  * Association State
07-15 09:05:14.148  4171  4171 D wpa_supplicant: WPS:  * Configuration Error (0)
07-15 09:05:14.148  4171  4171 D wpa_supplicant: WPS:  * Device Password ID (0)
07-15 09:05:14.148  4171  4171 D wpa_supplicant: WPS:  * Manufacturer
07-15 09:05:14.148  4171  4171 D wpa_supplicant: WPS:  * Model Name
07-15 09:05:14.148  4171  4171 D wpa_supplicant: WPS:  * Model Number
07-15 09:05:14.148  4171  4171 D wpa_supplicant: WPS:  * Device Name
07-15 09:05:14.148  4171  4171 D wpa_supplicant: WPS:  * Version2 (0x20)
07-15 09:05:14.148  4171  4171 D wpa_supplicant: wpa_driver_wext_combo_scan: Start
07-15 09:05:14.148  4171  4171 D wpa_supplicant: For Scan: (null)
07-15 09:05:14.148  4171  4171 D wpa_supplicant: Scan requested (ret=0) - scan timeout 30 seconds
07-15 09:05:15.312  4171  4171 D wpa_supplicant: RTM_NEWLINK: operstate=1 ifi_flags=0x11043 ([UP][RUNNING][LOWER_UP])
07-15 09:05:15.312  4171  4171 D wpa_supplicant: RTM_NEWLINK, IFLA_IFNAME: Interface 'wlan0' added
07-15 09:05:15.312  4171  4171 D wpa_supplicant: Wireless event: cmd=0x8b19 len=8
07-15 09:05:15.324  4171  4171 D wpa_supplicant: Received 563 bytes of scan results (2 BSSes)
07-15 09:05:15.422  4171  4171 D wpa_supplicant: wpa_driver_wext_driver_cmd SETSUSPENDOPT 0 len = 4096
07-15 09:05:15.422  4171  4171 D wpa_supplicant: wpa_driver_wext_driver_cmd SETSUSPENDOPT 0 len = 0, 15
07-15 09:05:15.422  4171  4171 D wpa_supplicant: wpa_driver_wext_driver_cmd POWERMODE 0 len = 4096
07-15 09:05:15.425  4171  4171 D wpa_supplicant: wpa_driver_wext_driver_cmd OK len = 0, 2
07-15 09:05:15.476  1199  7965 I LocationUtil: lbs-scheduleTargetingUpdate start
07-15 09:05:15.476  1199  7965 W LocationUtil: lbs-scheduleTargetingUpdate: user has NOT allowed use of lbs, skip
07-15 09:05:15.476  1199  7965 I LocatorService: lbs-onHandleIntent -- passive repeat
07-15 09:05:15.476  1199  7965 W LocationUtil: lbs-requestPassiveUpdates start
07-15 09:05:59.265  4171  4171 D wpa_supplicant: wpa_driver_wext_driver_cmd SETSUSPENDOPT 0 len = 4096
07-15 09:05:59.265  4171  4171 D wpa_supplicant: wpa_driver_wext_driver_cmd SETSUSPENDOPT 0 len = 0, 15
07-15 09:05:59.265  4171  4171 D wpa_supplicant: wpa_driver_wext_driver_cmd POWERMODE 0 len = 4096
07-15 09:05:59.289  4171  4171 D wpa_supplicant: wpa_driver_wext_driver_cmd OK len = 0, 2
07-15 09:05:59.289  4171  4171 D wpa_supplicant: WPS: Building WPS IE for Probe Request
07-15 09:05:59.289  4171  4171 D wpa_supplicant: WPS:  * Version (hardcoded 0x10)
07-15 09:05:59.289  4171  4171 D wpa_supplicant: WPS:  * Request Type
07-15 09:05:59.289  4171  4171 D wpa_supplicant: WPS:  * Config Methods (2388)
07-15 09:05:59.289  4171  4171 D wpa_supplicant: WPS:  * UUID-E
07-15 09:05:59.289  4171  4171 D wpa_supplicant: WPS:  * Primary Device Type
07-15 09:05:59.289  4171  4171 D wpa_supplicant: WPS:  * RF Bands (3)
07-15 09:05:59.289  4171  4171 D wpa_supplicant: WPS:  * Association State
07-15 09:05:59.289  4171  4171 D wpa_supplicant: WPS:  * Configuration Error (0)
07-15 09:05:59.289  4171  4171 D wpa_supplicant: WPS:  * Device Password ID (0)
07-15 09:05:59.289  4171  4171 D wpa_supplicant: WPS:  * Manufacturer
07-15 09:05:59.289  4171  4171 D wpa_supplicant: WPS:  * Model Name
07-15 09:05:59.289  4171  4171 D wpa_supplicant: WPS:  * Model Number
07-15 09:05:59.289  4171  4171 D wpa_supplicant: WPS:  * Device Name
07-15 09:05:59.289  4171  4171 D wpa_supplicant: WPS:  * Version2 (0x20)
07-15 09:05:59.289  4171  4171 D wpa_supplicant: wpa_driver_wext_combo_scan: Start
07-15 09:05:59.289  4171  4171 D wpa_supplicant: For Scan: (null)
07-15 09:05:59.293  4171  4171 D wpa_supplicant: Scan requested (ret=0) - scan timeout 30 seconds
07-15 09:06:00.125  7177  7177 D dalvikvm: GC_EXPLICIT freed 9K, 4% free 9064K/9347K, paused 2ms+19ms
07-15 09:06:00.148   210   212 D dalvikvm: GC_CONCURRENT freed 391K, 41% free 10184K/17031K, paused 1ms+4ms
07-15 09:06:00.449  4171  4171 D wpa_supplicant: RTM_NEWLINK: operstate=1 ifi_flags=0x11043 ([UP][RUNNING][LOWER_UP])
07-15 09:06:00.449  4171  4171 D wpa_supplicant: RTM_NEWLINK, IFLA_IFNAME: Interface 'wlan0' added
07-15 09:06:00.449  4171  4171 D wpa_supplicant: Wireless event: cmd=0x8b19 len=8
07-15 09:06:00.449  4171  4171 D wpa_supplicant: Received 563 bytes of scan results (2 BSSes)
07-15 09:06:00.562  4171  4171 D wpa_supplicant: wpa_driver_wext_driver_cmd SETSUSPENDOPT 0 len = 4096
07-15 09:06:00.562  4171  4171 D wpa_supplicant: wpa_driver_wext_driver_cmd SETSUSPENDOPT 0 len = 0, 15
07-15 09:06:00.562  4171  4171 D wpa_supplicant: wpa_driver_wext_driver_cmd POWERMODE 0 len = 4096
07-15 09:06:00.566  4171  4171 D wpa_supplicant: wpa_driver_wext_driver_cmd OK len = 0, 2
07-15 09:06:00.593   257   260 D dalvikvm: GC_CONCURRENT freed 451K, 8% free 10387K/11271K, paused 2ms+3ms
07-15 09:06:00.613  1199  7966 I LocationUtil: lbs-scheduleTargetingUpdate start
07-15 09:06:00.613  1199  7966 W LocationUtil: lbs-scheduleTargetingUpdate: user has NOT allowed use of lbs, skip
07-15 09:06:00.613  1199  7966 I LocatorService: lbs-onHandleIntent -- passive repeat
07-15 09:06:00.613  1199  7966 W LocationUtil: lbs-requestPassiveUpdates start
07-15 09:06:44.277  4171  4171 D wpa_supplicant: wpa_driver_wext_driver_cmd SETSUSPENDOPT 0 len = 4096
07-15 09:06:44.277  4171  4171 D wpa_supplicant: wpa_driver_wext_driver_cmd SETSUSPENDOPT 0 len = 0, 15
07-15 09:06:44.277  4171  4171 D wpa_supplicant: wpa_driver_wext_driver_cmd POWERMODE 0 len = 4096
07-15 09:06:44.296  4171  4171 D wpa_supplicant: wpa_driver_wext_driver_cmd OK len = 0, 2
07-15 09:06:44.296  4171  4171 D wpa_supplicant: WPS: Building WPS IE for Probe Request
07-15 09:06:44.296  4171  4171 D wpa_supplicant: WPS:  * Version (hardcoded 0x10)
07-15 09:06:44.296  4171  4171 D wpa_supplicant: WPS:  * Request Type
07-15 09:06:44.296  4171  4171 D wpa_supplicant: WPS:  * Config Methods (2388)
07-15 09:06:44.296  4171  4171 D wpa_supplicant: WPS:  * UUID-E
07-15 09:06:44.296  4171  4171 D wpa_supplicant: WPS:  * Primary Device Type
07-15 09:06:44.296  4171  4171 D wpa_supplicant: WPS:  * RF Bands (3)
07-15 09:06:44.296  4171  4171 D wpa_supplicant: WPS:  * Association State
07-15 09:06:44.296  4171  4171 D wpa_supplicant: WPS:  * Configuration Error (0)
07-15 09:06:44.296  4171  4171 D wpa_supplicant: WPS:  * Device Password ID (0)
07-15 09:06:44.296  4171  4171 D wpa_supplicant: WPS:  * Manufacturer
07-15 09:06:44.296  4171  4171 D wpa_supplicant: WPS:  * Model Name
07-15 09:06:44.296  4171  4171 D wpa_supplicant: WPS:  * Model Number
07-15 09:06:44.296  4171  4171 D wpa_supplicant: WPS:  * Device Name
07-15 09:06:44.296  4171  4171 D wpa_supplicant: WPS:  * Version2 (0x20)
07-15 09:06:44.296  4171  4171 D wpa_supplicant: wpa_driver_wext_combo_scan: Start
07-15 09:06:44.296  4171  4171 D wpa_supplicant: For Scan: (null)
07-15 09:06:44.300  4171  4171 D wpa_supplicant: Scan requested (ret=0) - scan timeout 30 seconds
07-15 09:06:45.468  4171  4171 D wpa_supplicant: RTM_NEWLINK: operstate=1 ifi_flags=0x11043 ([UP][RUNNING][LOWER_UP])
07-15 09:06:45.468  4171  4171 D wpa_supplicant: RTM_NEWLINK, IFLA_IFNAME: Interface 'wlan0' added
07-15 09:06:45.468  4171  4171 D wpa_supplicant: Wireless event: cmd=0x8b19 len=8
07-15 09:06:45.468  4171  4171 D wpa_supplicant: Received 563 bytes of scan results (2 BSSes)
07-15 09:06:45.578  4171  4171 D wpa_supplicant: wpa_driver_wext_driver_cmd SETSUSPENDOPT 0 len = 4096
07-15 09:06:45.578  4171  4171 D wpa_supplicant: wpa_driver_wext_driver_cmd SETSUSPENDOPT 0 len = 0, 15
07-15 09:06:45.578  4171  4171 D wpa_supplicant: wpa_driver_wext_driver_cmd POWERMODE 0 len = 4096
07-15 09:06:45.582  4171  4171 D wpa_supplicant: wpa_driver_wext_driver_cmd OK len = 0, 2
07-15 09:06:45.609  1199  7967 I LocationUtil: lbs-scheduleTargetingUpdate start
07-15 09:06:45.609  1199  7967 W LocationUtil: lbs-scheduleTargetingUpdate: user has NOT allowed use of lbs, skip
07-15 09:06:45.609  1199  7967 I LocatorService: lbs-onHandleIntent -- passive repeat
07-15 09:06:45.609  1199  7967 W LocationUtil: lbs-requestPassiveUpdates start
07-15 09:07:29.273  7177  7177 D dalvikvm: GC_EXPLICIT freed 9K, 4% free 9064K/9347K, paused 1ms+2ms
07-15 09:07:29.289  4171  4171 D wpa_supplicant: wpa_driver_wext_driver_cmd SETSUSPENDOPT 0 len = 4096
07-15 09:07:29.289  4171  4171 D wpa_supplicant: wpa_driver_wext_driver_cmd SETSUSPENDOPT 0 len = 0, 15
07-15 09:07:29.289  4171  4171 D wpa_supplicant: wpa_driver_wext_driver_cmd POWERMODE 0 len = 4096
07-15 09:07:29.297  4171  4171 D wpa_supplicant: wpa_driver_wext_driver_cmd OK len = 0, 2
07-15 09:07:29.297  4171  4171 D wpa_supplicant: WPS: Building WPS IE for Probe Request
07-15 09:07:29.297  4171  4171 D wpa_supplicant: WPS:  * Version (hardcoded 0x10)
07-15 09:07:29.297  4171  4171 D wpa_supplicant: WPS:  * Request Type
07-15 09:07:29.297  4171  4171 D wpa_supplicant: WPS:  * Config Methods (2388)
07-15 09:07:29.297  4171  4171 D wpa_supplicant: WPS:  * UUID-E
07-15 09:07:29.297  4171  4171 D wpa_supplicant: WPS:  * Primary Device Type
07-15 09:07:29.297  4171  4171 D wpa_supplicant: WPS:  * RF Bands (3)
07-15 09:07:29.297  4171  4171 D wpa_supplicant: WPS:  * Association State
07-15 09:07:29.297  4171  4171 D wpa_supplicant: WPS:  * Configuration Error (0)
07-15 09:07:29.297  4171  4171 D wpa_supplicant: WPS:  * Device Password ID (0)
07-15 09:07:29.297  4171  4171 D wpa_supplicant: WPS:  * Manufacturer
07-15 09:07:29.297  4171  4171 D wpa_supplicant: WPS:  * Model Name
07-15 09:07:29.297  4171  4171 D wpa_supplicant: WPS:  * Model Number
07-15 09:07:29.297  4171  4171 D wpa_supplicant: WPS:  * Device Name
07-15 09:07:29.297  4171  4171 D wpa_supplicant: WPS:  * Version2 (0x20)
07-15 09:07:29.297  4171  4171 D wpa_supplicant: wpa_driver_wext_combo_scan: Start
07-15 09:07:29.297  4171  4171 D wpa_supplicant: For Scan: (null)
07-15 09:07:29.300  4171  4171 D wpa_supplicant: Scan requested (ret=0) - scan timeout 30 seconds
07-15 09:07:30.465  4171  4171 D wpa_supplicant: RTM_NEWLINK: operstate=1 ifi_flags=0x11043 ([UP][RUNNING][LOWER_UP])
07-15 09:07:30.465  4171  4171 D wpa_supplicant: RTM_NEWLINK, IFLA_IFNAME: Interface 'wlan0' added
07-15 09:07:30.465  4171  4171 D wpa_supplicant: Wireless event: cmd=0x8b19 len=8
07-15 09:07:30.472  4171  4171 D wpa_supplicant: Received 563 bytes of scan results (2 BSSes)
07-15 09:07:30.590  4171  4171 D wpa_supplicant: wpa_driver_wext_driver_cmd SETSUSPENDOPT 0 len = 4096
07-15 09:07:30.590  4171  4171 D wpa_supplicant: wpa_driver_wext_driver_cmd SETSUSPENDOPT 0 len = 0, 15
07-15 09:07:30.590  4171  4171 D wpa_supplicant: wpa_driver_wext_driver_cmd POWERMODE 0 len = 4096
07-15 09:07:30.593  4171  4171 D wpa_supplicant: wpa_driver_wext_driver_cmd OK len = 0, 2
07-15 09:07:30.621   257   260 D dalvikvm: GC_CONCURRENT freed 451K, 8% free 10387K/11271K, paused 2ms+9ms
07-15 09:07:30.640  1199  7968 I LocationUtil: lbs-scheduleTargetingUpdate start
07-15 09:07:30.640  1199  7968 W LocationUtil: lbs-scheduleTargetingUpdate: user has NOT allowed use of lbs, skip
07-15 09:07:30.640  1199  7968 I LocatorService: lbs-onHandleIntent -- passive repeat
07-15 09:07:30.640  1199  7968 W LocationUtil: lbs-requestPassiveUpdates start
07-15 09:08:14.144  7177  7177 D dalvikvm: GC_EXPLICIT freed 9K, 4% free 9064K/9347K, paused 6ms+2ms
07-15 09:08:14.191   141   143 D dalvikvm: GC_CONCURRENT freed 1223K, 13% free 14742K/16839K, paused 4ms+7ms
07-15 09:08:14.320  4171  4171 D wpa_supplicant: wpa_driver_wext_driver_cmd SETSUSPENDOPT 0 len = 4096
07-15 09:08:14.320  4171  4171 D wpa_supplicant: wpa_driver_wext_driver_cmd SETSUSPENDOPT 0 len = 0, 15
07-15 09:08:14.324  4171  4171 D wpa_supplicant: wpa_driver_wext_driver_cmd POWERMODE 0 len = 4096
07-15 09:08:14.367  4171  4171 D wpa_supplicant: wpa_driver_wext_driver_cmd OK len = 0, 2
07-15 09:08:14.367  4171  4171 D wpa_supplicant: WPS: Building WPS IE for Probe Request
07-15 09:08:14.367  4171  4171 D wpa_supplicant: WPS:  * Version (hardcoded 0x10)
07-15 09:08:14.367  4171  4171 D wpa_supplicant: WPS:  * Request Type
07-15 09:08:14.367  4171  4171 D wpa_supplicant: WPS:  * Config Methods (2388)
07-15 09:08:14.367  4171  4171 D wpa_supplicant: WPS:  * UUID-E
07-15 09:08:14.367  4171  4171 D wpa_supplicant: WPS:  * Primary Device Type
07-15 09:08:14.367  4171  4171 D wpa_supplicant: WPS:  * RF Bands (3)
07-15 09:08:14.367  4171  4171 D wpa_supplicant: WPS:  * Association State
07-15 09:08:14.367  4171  4171 D wpa_supplicant: WPS:  * Configuration Error (0)
07-15 09:08:14.367  4171  4171 D wpa_supplicant: WPS:  * Device Password ID (0)
07-15 09:08:14.367  4171  4171 D wpa_supplicant: WPS:  * Manufacturer
07-15 09:08:14.367  4171  4171 D wpa_supplicant: WPS:  * Model Name
07-15 09:08:14.367  4171  4171 D wpa_supplicant: WPS:  * Model Number
07-15 09:08:14.367  4171  4171 D wpa_supplicant: WPS:  * Device Name
07-15 09:08:14.367  4171  4171 D wpa_supplicant: WPS:  * Version2 (0x20)
07-15 09:08:14.367  4171  4171 D wpa_supplicant: wpa_driver_wext_combo_scan: Start
07-15 09:08:14.367  4171  4171 D wpa_supplicant: For Scan: (null)
07-15 09:08:14.371  4171  4171 D wpa_supplicant: Scan requested (ret=0) - scan timeout 30 seconds
07-15 09:08:15.527  4171  4171 D wpa_supplicant: RTM_NEWLINK: operstate=1 ifi_flags=0x11043 ([UP][RUNNING][LOWER_UP])
07-15 09:08:15.527  4171  4171 D wpa_supplicant: RTM_NEWLINK, IFLA_IFNAME: Interface 'wlan0' added
07-15 09:08:15.527  4171  4171 D wpa_supplicant: Wireless event: cmd=0x8b19 len=8
07-15 09:08:15.539  4171  4171 D wpa_supplicant: Received 563 bytes of scan results (2 BSSes)
07-15 09:08:15.621  4171  4171 D wpa_supplicant: wpa_driver_wext_driver_cmd SETSUSPENDOPT 0 len = 4096
07-15 09:08:15.621  4171  4171 D wpa_supplicant: wpa_driver_wext_driver_cmd SETSUSPENDOPT 0 len = 0, 15
07-15 09:08:15.621  4171  4171 D wpa_supplicant: wpa_driver_wext_driver_cmd POWERMODE 0 len = 4096
07-15 09:08:15.625  4171  4171 D wpa_supplicant: wpa_driver_wext_driver_cmd OK len = 0, 2
07-15 09:08:15.668  1199  1202 D dalvikvm: GC_CONCURRENT freed 378K, 7% free 9436K/10055K, paused 1ms+2ms
07-15 09:08:15.668  1199  7969 I LocationUtil: lbs-scheduleTargetingUpdate start
07-15 09:08:15.668  1199  7969 W LocationUtil: lbs-scheduleTargetingUpdate: user has NOT allowed use of lbs, skip
07-15 09:08:15.668  1199  7969 I LocatorService: lbs-onHandleIntent -- passive repeat
07-15 09:08:15.668  1199  7969 W LocationUtil: lbs-requestPassiveUpdates start
07-15 09:08:28.015  1092  1092 D WeatherGadgetConfigurePreferences: LOC_KEY + 6: null
07-15 09:08:28.035   257   483 D androidNetworkLocationListeners: Still have listener com.google.android.location.internal.client.NetworkLocationClient$1@41393a88
07-15 09:08:28.039  4171  4171 D wpa_supplicant: wpa_driver_wext_driver_cmd SETSUSPENDOPT 0 len = 4096
07-15 09:08:28.039  4171  4171 D wpa_supplicant: wpa_driver_wext_driver_cmd SETSUSPENDOPT 0 len = 0, 15
07-15 09:08:28.039  4171  4171 D wpa_supplicant: wpa_driver_wext_driver_cmd POWERMODE 0 len = 4096
07-15 09:08:28.046   257   483 D androidNetworkLocationListeners: Still have listener com.google.android.location.internal.client.NetworkLocationClient$1@41393a88
07-15 09:08:28.046  4171  4171 D wpa_supplicant: wpa_driver_wext_driver_cmd OK len = 0, 2
07-15 09:08:28.046  4171  4171 D wpa_supplicant: WPS: Building WPS IE for Probe Request
07-15 09:08:28.046  4171  4171 D wpa_supplicant: WPS:  * Version (hardcoded 0x10)
07-15 09:08:28.046  4171  4171 D wpa_supplicant: WPS:  * Request Type
07-15 09:08:28.046  4171  4171 D wpa_supplicant: WPS:  * Config Methods (2388)
07-15 09:08:28.046  4171  4171 D wpa_supplicant: WPS:  * UUID-E
07-15 09:08:28.046  4171  4171 D wpa_supplicant: WPS:  * Primary Device Type
07-15 09:08:28.046  4171  4171 D wpa_supplicant: WPS:  * RF Bands (3)
07-15 09:08:28.046  4171  4171 D wpa_supplicant: WPS:  * Association State
07-15 09:08:28.046  4171  4171 D wpa_supplicant: WPS:  * Configuration Error (0)
07-15 09:08:28.046  4171  4171 D wpa_supplicant: WPS:  * Device Password ID (0)
07-15 09:08:28.046  4171  4171 D wpa_supplicant: WPS:  * Manufacturer
07-15 09:08:28.046  4171  4171 D wpa_supplicant: WPS:  * Model Name
07-15 09:08:28.046  4171  4171 D wpa_supplicant: WPS:  * Model Number
07-15 09:08:28.046  4171  4171 D wpa_supplicant: WPS:  * Device Name
07-15 09:08:28.046  4171  4171 D wpa_supplicant: WPS:  * Version2 (0x20)
07-15 09:08:28.046  4171  4171 D wpa_supplicant: wpa_driver_wext_combo_scan: Start
07-15 09:08:28.046  4171  4171 D wpa_supplicant: For Scan: (null)
07-15 09:08:28.050  4171  4171 D wpa_supplicant: Scan requested (ret=0) - scan timeout 30 seconds
07-15 09:08:28.054  4171  4171 D wpa_supplicant: Ongoing scan action - reject new request
07-15 09:08:28.527  1380  1380 I PhoneLab-Locks: wake lock acquired
07-15 09:08:28.554  1380  1380 I PhoneLab-StatusMonitor: Status Monitoring is started
07-15 09:08:28.597  1380  1382 D dalvikvm: GC_CONCURRENT freed 534K, 19% free 9231K/11335K, paused 2ms+2ms
07-15 09:08:28.621  1380  1380 I PhoneLab-StatusMonitor: Value: 10 - unit: min
07-15 09:08:28.621  1380  1380 I PhoneLab-StatusMonitor: Running interval: 600000
07-15 09:08:28.625  1380  1380 I PhoneLab-StatusMonitor: Rescheduling status monitoring...
07-15 09:08:28.628  1380  1380 I PhoneLab-Locks: wake lock released
07-15 09:08:28.632  1380  1380 I PhoneLab-StatusMonitorLocation: Learning Location
07-15 09:08:28.632  1380  1380 I PhoneLab-Locks: wake lock acquired
07-15 09:08:28.632  1380  1380 I PhoneLab-Locks: wake lock acquired
07-15 09:08:28.636  1380  1380 I PhoneLab-StatusMonitorLocation: Learning Signal Strgth
07-15 09:08:28.636  1380  1380 I PhoneLab-Locks: wake lock acquired
07-15 09:08:28.640   257   483 D androidNetworkLocationListeners: Still have listener com.google.android.location.internal.client.NetworkLocationClient$1@41393a88
07-15 09:08:28.644  4171  4171 D wpa_supplicant: Ongoing scan action - reject new request
07-15 09:08:28.648   257   483 D androidNetworkLocationListeners: Still have listener com.google.android.location.internal.client.NetworkLocationClient$1@41393a88
07-15 09:08:28.648  1380  1380 I PhoneLab-StatusMonitorBattery: Battery_level: 26
07-15 09:08:28.648  1380  1380 I PhoneLab-Locks: wake lock released
07-15 09:08:28.648  1380  1380 I PhoneLab-StatusMonitorSignal: Signal_Strength: -96 asu: 9
07-15 09:08:28.648  1380  1380 I PhoneLab-Locks: wake lock released
07-15 09:08:28.652  4171  4171 D wpa_supplicant: Ongoing scan action - reject new request
07-15 09:08:29.211  4171  4171 D wpa_supplicant: RTM_NEWLINK: operstate=1 ifi_flags=0x11043 ([UP][RUNNING][LOWER_UP])
07-15 09:08:29.211  4171  4171 D wpa_supplicant: RTM_NEWLINK, IFLA_IFNAME: Interface 'wlan0' added
07-15 09:08:29.211  4171  4171 D wpa_supplicant: Wireless event: cmd=0x8b19 len=8
07-15 09:08:29.211  4171  4171 D wpa_supplicant: Received 563 bytes of scan results (2 BSSes)
07-15 09:08:29.285  4171  4171 D wpa_supplicant: wpa_driver_wext_driver_cmd SETSUSPENDOPT 0 len = 4096
07-15 09:08:29.285  4171  4171 D wpa_supplicant: wpa_driver_wext_driver_cmd SETSUSPENDOPT 0 len = 0, 15
07-15 09:08:29.285  4171  4171 D wpa_supplicant: wpa_driver_wext_driver_cmd POWERMODE 0 len = 4096
07-15 09:08:29.285  4171  4171 D wpa_supplicant: wpa_driver_wext_driver_cmd OK len = 0, 2
07-15 09:08:29.304  1380  1380 I PhoneLab-StatusMonitorLocation: Location_Latitude: 43.1346917 Longitude: -77.4287116 Accuracy: 32.0
07-15 09:08:29.304  1380  1380 I PhoneLab-Locks: wake lock released
07-15 09:08:29.308   257   483 D androidNetworkLocationListeners: Still have listener com.google.android.location.internal.client.NetworkLocationClient$1@41393a88
07-15 09:08:29.308  4171  4171 D wpa_supplicant: wpa_driver_wext_driver_cmd SETSUSPENDOPT 0 len = 4096
07-15 09:08:29.308  4171  4171 D wpa_supplicant: wpa_driver_wext_driver_cmd SETSUSPENDOPT 0 len = 0, 15
07-15 09:08:29.308  4171  4171 D wpa_supplicant: wpa_driver_wext_driver_cmd POWERMODE 0 len = 4096
07-15 09:08:29.316  4171  4171 D wpa_supplicant: wpa_driver_wext_driver_cmd OK len = 0, 2
07-15 09:08:29.316  4171  4171 D wpa_supplicant: WPS: Building WPS IE for Probe Request
07-15 09:08:29.316  4171  4171 D wpa_supplicant: WPS:  * Version (hardcoded 0x10)
07-15 09:08:29.316  4171  4171 D wpa_supplicant: WPS:  * Request Type
07-15 09:08:29.316  4171  4171 D wpa_supplicant: WPS:  * Config Methods (2388)
07-15 09:08:29.316  4171  4171 D wpa_supplicant: WPS:  * UUID-E
07-15 09:08:29.316  4171  4171 D wpa_supplicant: WPS:  * Primary Device Type
07-15 09:08:29.316  4171  4171 D wpa_supplicant: WPS:  * RF Bands (3)
07-15 09:08:29.316  4171  4171 D wpa_supplicant: WPS:  * Association State
07-15 09:08:29.316  4171  4171 D wpa_supplicant: WPS:  * Configuration Error (0)
07-15 09:08:29.316  4171  4171 D wpa_supplicant: WPS:  * Device Password ID (0)
07-15 09:08:29.316  4171  4171 D wpa_supplicant: WPS:  * Manufacturer
07-15 09:08:29.316  4171  4171 D wpa_supplicant: WPS:  * Model Name
07-15 09:08:29.316  4171  4171 D wpa_supplicant: WPS:  * Model Number
07-15 09:08:29.316  4171  4171 D wpa_supplicant: WPS:  * Device Name
07-15 09:08:29.316  4171  4171 D wpa_supplicant: WPS:  * Version2 (0x20)
07-15 09:08:29.316  4171  4171 D wpa_supplicant: wpa_driver_wext_combo_scan: Start
07-15 09:08:29.316  4171  4171 D wpa_supplicant: For Scan: (null)
07-15 09:08:29.320  4171  4171 D wpa_supplicant: Scan requested (ret=0) - scan timeout 30 seconds
07-15 09:08:29.339   334   337 D dalvikvm: GC_CONCURRENT freed 443K, 6% free 9472K/10055K, paused 1ms+2ms
07-15 09:08:29.343   257   260 D dalvikvm: GC_CONCURRENT freed 461K, 8% free 10390K/11271K, paused 2ms+3ms
07-15 09:08:29.382  1199  7974 I LocationUtil: lbs-scheduleTargetingUpdate start
07-15 09:08:29.382  1199  7974 W LocationUtil: lbs-scheduleTargetingUpdate: user has NOT allowed use of lbs, skip
07-15 09:08:29.382  1199  7974 I LocatorService: lbs-onHandleIntent -- passive repeat
07-15 09:08:29.382  1199  7974 W LocationUtil: lbs-requestPassiveUpdates start
07-15 09:08:30.484  4171  4171 D wpa_supplicant: RTM_NEWLINK: operstate=1 ifi_flags=0x11043 ([UP][RUNNING][LOWER_UP])
07-15 09:08:30.484  4171  4171 D wpa_supplicant: RTM_NEWLINK, IFLA_IFNAME: Interface 'wlan0' added
07-15 09:08:30.484  4171  4171 D wpa_supplicant: Wireless event: cmd=0x8b19 len=8
07-15 09:08:30.492  4171  4171 D wpa_supplicant: Received 563 bytes of scan results (2 BSSes)
07-15 09:08:30.578  4171  4171 D wpa_supplicant: wpa_driver_wext_driver_cmd SETSUSPENDOPT 0 len = 4096
07-15 09:08:30.578  4171  4171 D wpa_supplicant: wpa_driver_wext_driver_cmd SETSUSPENDOPT 0 len = 0, 15
07-15 09:08:30.578  4171  4171 D wpa_supplicant: wpa_driver_wext_driver_cmd POWERMODE 0 len = 4096
07-15 09:08:30.578  4171  4171 D wpa_supplicant: wpa_driver_wext_driver_cmd OK len = 0, 2
07-15 09:08:30.593  1199  7975 I LocatorService: lbs-onHandleIntent ------ timestamp too recent, skip
07-15 09:08:30.593  1199  7975 I LocatorService: lbs-onHandleIntent -- passive repeat
07-15 09:08:30.593  1199  7975 W LocationUtil: lbs-requestPassiveUpdates start
07-15 09:09:14.273  7177  7177 D dalvikvm: GC_EXPLICIT freed 9K, 4% free 9064K/9347K, paused 2ms+2ms
07-15 09:09:14.332  4171  4171 D wpa_supplicant: wpa_driver_wext_driver_cmd SETSUSPENDOPT 0 len = 4096
07-15 09:09:14.332  4171  4171 D wpa_supplicant: wpa_driver_wext_driver_cmd SETSUSPENDOPT 0 len = 0, 15
07-15 09:09:14.332  4171  4171 D wpa_supplicant: wpa_driver_wext_driver_cmd POWERMODE 0 len = 4096
07-15 09:09:14.343  4171  4171 D wpa_supplicant: wpa_driver_wext_driver_cmd OK len = 0, 2
07-15 09:09:14.343  4171  4171 D wpa_supplicant: WPS: Building WPS IE for Probe Request
07-15 09:09:14.343  4171  4171 D wpa_supplicant: WPS:  * Version (hardcoded 0x10)
07-15 09:09:14.343  4171  4171 D wpa_supplicant: WPS:  * Request Type
07-15 09:09:14.343  4171  4171 D wpa_supplicant: WPS:  * Config Methods (2388)
07-15 09:09:14.343  4171  4171 D wpa_supplicant: WPS:  * UUID-E
07-15 09:09:14.343  4171  4171 D wpa_supplicant: WPS:  * Primary Device Type
07-15 09:09:14.343  4171  4171 D wpa_supplicant: WPS:  * RF Bands (3)
07-15 09:09:14.343  4171  4171 D wpa_supplicant: WPS:  * Association State
07-15 09:09:14.343  4171  4171 D wpa_supplicant: WPS:  * Configuration Error (0)
07-15 09:09:14.347  4171  4171 D wpa_supplicant: WPS:  * Device Password ID (0)
07-15 09:09:14.347  4171  4171 D wpa_supplicant: WPS:  * Manufacturer
07-15 09:09:14.347  4171  4171 D wpa_supplicant: WPS:  * Model Name
07-15 09:09:14.347  4171  4171 D wpa_supplicant: WPS:  * Model Number
07-15 09:09:14.347  4171  4171 D wpa_supplicant: WPS:  * Device Name
07-15 09:09:14.347  4171  4171 D wpa_supplicant: WPS:  * Version2 (0x20)
07-15 09:09:14.347  4171  4171 D wpa_supplicant: wpa_driver_wext_combo_scan: Start
07-15 09:09:14.347  4171  4171 D wpa_supplicant: For Scan: (null)
07-15 09:09:14.347  4171  4171 D wpa_supplicant: Scan requested (ret=0) - scan timeout 30 seconds
07-15 09:09:15.507  4171  4171 D wpa_supplicant: RTM_NEWLINK: operstate=1 ifi_flags=0x11043 ([UP][RUNNING][LOWER_UP])
07-15 09:09:15.507  4171  4171 D wpa_supplicant: RTM_NEWLINK, IFLA_IFNAME: Interface 'wlan0' added
07-15 09:09:15.507  4171  4171 D wpa_supplicant: Wireless event: cmd=0x8b19 len=8
07-15 09:09:15.515  4171  4171 D wpa_supplicant: Received 563 bytes of scan results (2 BSSes)
07-15 09:09:15.617  4171  4171 D wpa_supplicant: wpa_driver_wext_driver_cmd SETSUSPENDOPT 0 len = 4096
07-15 09:09:15.617  4171  4171 D wpa_supplicant: wpa_driver_wext_driver_cmd SETSUSPENDOPT 0 len = 0, 15
07-15 09:09:15.617  4171  4171 D wpa_supplicant: wpa_driver_wext_driver_cmd POWERMODE 0 len = 4096
07-15 09:09:15.621  4171  4171 D wpa_supplicant: wpa_driver_wext_driver_cmd OK len = 0, 2
07-15 09:09:15.648   257   260 D dalvikvm: GC_CONCURRENT freed 453K, 8% free 10386K/11271K, paused 2ms+2ms
07-15 09:09:15.668  1199  7976 I LocationUtil: lbs-scheduleTargetingUpdate start
07-15 09:09:15.668  1199  7976 W LocationUtil: lbs-scheduleTargetingUpdate: user has NOT allowed use of lbs, skip
07-15 09:09:15.668  1199  7976 I LocatorService: lbs-onHandleIntent -- passive repeat
07-15 09:09:15.668  1199  7976 W LocationUtil: lbs-requestPassiveUpdates start
07-15 09:09:18.011  4171  4171 D wpa_supplicant: RTM_NEWLINK: operstate=1 ifi_flags=0x11043 ([UP][RUNNING][LOWER_UP])
07-15 09:09:18.011  4171  4171 D wpa_supplicant: RTM_NEWLINK, IFLA_IFNAME: Interface 'wlan0' added
07-15 09:09:18.011  4171  4171 D wpa_supplicant: Wireless event: cmd=0x8c00 len=20
07-15 09:09:59.371  4171  4171 D wpa_supplicant: wpa_driver_wext_driver_cmd SETSUSPENDOPT 0 len = 4096
07-15 09:09:59.371  4171  4171 D wpa_supplicant: wpa_driver_wext_driver_cmd SETSUSPENDOPT 0 len = 0, 15
07-15 09:09:59.375  4171  4171 D wpa_supplicant: wpa_driver_wext_driver_cmd POWERMODE 0 len = 4096
07-15 09:09:59.394  4171  4171 D wpa_supplicant: wpa_driver_wext_driver_cmd OK len = 0, 2
07-15 09:09:59.394  4171  4171 D wpa_supplicant: WPS: Building WPS IE for Probe Request
07-15 09:09:59.394  4171  4171 D wpa_supplicant: WPS:  * Version (hardcoded 0x10)
07-15 09:09:59.394  4171  4171 D wpa_supplicant: WPS:  * Request Type
07-15 09:09:59.394  4171  4171 D wpa_supplicant: WPS:  * Config Methods (2388)
07-15 09:09:59.394  4171  4171 D wpa_supplicant: WPS:  * UUID-E
07-15 09:09:59.394  4171  4171 D wpa_supplicant: WPS:  * Primary Device Type
07-15 09:09:59.394  4171  4171 D wpa_supplicant: WPS:  * RF Bands (3)
07-15 09:09:59.394  4171  4171 D wpa_supplicant: WPS:  * Association State
07-15 09:09:59.394  4171  4171 D wpa_supplicant: WPS:  * Configuration Error (0)
07-15 09:09:59.394  4171  4171 D wpa_supplicant: WPS:  * Device Password ID (0)
07-15 09:09:59.394  4171  4171 D wpa_supplicant: WPS:  * Manufacturer
07-15 09:09:59.394  4171  4171 D wpa_supplicant: WPS:  * Model Name
07-15 09:09:59.394  4171  4171 D wpa_supplicant: WPS:  * Model Number
07-15 09:09:59.394  4171  4171 D wpa_supplicant: WPS:  * Device Name
07-15 09:09:59.394  4171  4171 D wpa_supplicant: WPS:  * Version2 (0x20)
07-15 09:09:59.394  4171  4171 D wpa_supplicant: wpa_driver_wext_combo_scan: Start
07-15 09:09:59.394  4171  4171 D wpa_supplicant: For Scan: (null)
07-15 09:09:59.398  4171  4171 D wpa_supplicant: Scan requested (ret=0) - scan timeout 30 seconds
07-15 09:10:00.128  7177  7177 D dalvikvm: GC_EXPLICIT freed 9K, 4% free 9064K/9347K, paused 4ms+2ms
07-15 09:10:00.558  4171  4171 D wpa_supplicant: RTM_NEWLINK: operstate=1 ifi_flags=0x11043 ([UP][RUNNING][LOWER_UP])
07-15 09:10:00.558  4171  4171 D wpa_supplicant: RTM_NEWLINK, IFLA_IFNAME: Interface 'wlan0' added
07-15 09:10:00.558  4171  4171 D wpa_supplicant: Wireless event: cmd=0x8b19 len=8
07-15 09:10:00.558  4171  4171 D wpa_supplicant: Received 563 bytes of scan results (2 BSSes)
07-15 09:10:00.648  4171  4171 D wpa_supplicant: wpa_driver_wext_driver_cmd SETSUSPENDOPT 0 len = 4096
07-15 09:10:00.648  4171  4171 D wpa_supplicant: wpa_driver_wext_driver_cmd SETSUSPENDOPT 0 len = 0, 15
07-15 09:10:00.652  4171  4171 D wpa_supplicant: wpa_driver_wext_driver_cmd POWERMODE 0 len = 4096
07-15 09:10:00.652  4171  4171 D wpa_supplicant: wpa_driver_wext_driver_cmd OK len = 0, 2
07-15 09:10:00.664  1199  7977 I LocatorService: lbs-onHandleIntent ------ lat/long/acc unchanged, skip
07-15 09:10:00.664  1199  7977 I LocatorService: lbs-onHandleIntent -- passive repeat
07-15 09:10:00.664  1199  7977 W LocationUtil: lbs-requestPassiveUpdates start
07-15 09:10:44.406  4171  4171 D wpa_supplicant: wpa_driver_wext_driver_cmd SETSUSPENDOPT 0 len = 4096
07-15 09:10:44.406  4171  4171 D wpa_supplicant: wpa_driver_wext_driver_cmd SETSUSPENDOPT 0 len = 0, 15
07-15 09:10:44.410  4171  4171 D wpa_supplicant: wpa_driver_wext_driver_cmd POWERMODE 0 len = 4096
07-15 09:10:44.449  4171  4171 D wpa_supplicant: wpa_driver_wext_driver_cmd OK len = 0, 2
07-15 09:10:44.449  4171  4171 D wpa_supplicant: WPS: Building WPS IE for Probe Request
07-15 09:10:44.449  4171  4171 D wpa_supplicant: WPS:  * Version (hardcoded 0x10)
07-15 09:10:44.449  4171  4171 D wpa_supplicant: WPS:  * Request Type
07-15 09:10:44.449  4171  4171 D wpa_supplicant: WPS:  * Config Methods (2388)
07-15 09:10:44.449  4171  4171 D wpa_supplicant: WPS:  * UUID-E
07-15 09:10:44.449  4171  4171 D wpa_supplicant: WPS:  * Primary Device Type
07-15 09:10:44.449  4171  4171 D wpa_supplicant: WPS:  * RF Bands (3)
07-15 09:10:44.449  4171  4171 D wpa_supplicant: WPS:  * Association State
07-15 09:10:44.449  4171  4171 D wpa_supplicant: WPS:  * Configuration Error (0)
07-15 09:10:44.449  4171  4171 D wpa_supplicant: WPS:  * Device Password ID (0)
07-15 09:10:44.449  4171  4171 D wpa_supplicant: WPS:  * Manufacturer
07-15 09:10:44.449  4171  4171 D wpa_supplicant: WPS:  * Model Name
07-15 09:10:44.449  4171  4171 D wpa_supplicant: WPS:  * Model Number
07-15 09:10:44.449  4171  4171 D wpa_supplicant: WPS:  * Device Name
07-15 09:10:44.449  4171  4171 D wpa_supplicant: WPS:  * Version2 (0x20)
07-15 09:10:44.449  4171  4171 D wpa_supplicant: wpa_driver_wext_combo_scan: Start
07-15 09:10:44.449  4171  4171 D wpa_supplicant: For Scan: (null)
07-15 09:10:44.453  4171  4171 D wpa_supplicant: Scan requested (ret=0) - scan timeout 30 seconds
07-15 09:10:45.613  4171  4171 D wpa_supplicant: RTM_NEWLINK: operstate=1 ifi_flags=0x11043 ([UP][RUNNING][LOWER_UP])
07-15 09:10:45.613  4171  4171 D wpa_supplicant: RTM_NEWLINK, IFLA_IFNAME: Interface 'wlan0' added
07-15 09:10:45.613  4171  4171 D wpa_supplicant: Wireless event: cmd=0x8b19 len=8
07-15 09:10:45.628  4171  4171 D wpa_supplicant: Received 563 bytes of scan results (2 BSSes)
07-15 09:10:45.773  4171  4171 D wpa_supplicant: wpa_driver_wext_driver_cmd SETSUSPENDOPT 0 len = 4096
07-15 09:10:45.773  4171  4171 D wpa_supplicant: wpa_driver_wext_driver_cmd SETSUSPENDOPT 0 len = 0, 15
07-15 09:10:45.773  4171  4171 D wpa_supplicant: wpa_driver_wext_driver_cmd POWERMODE 0 len = 4096
07-15 09:10:45.777  4171  4171 D wpa_supplicant: wpa_driver_wext_driver_cmd OK len = 0, 2
07-15 09:10:45.812  7063  7083 D dalvikvm: GC_FOR_ALLOC freed 347K, 6% free 10537K/11143K, paused 32ms
07-15 09:10:45.847  7063  7083 D dalvikvm: GC_FOR_ALLOC freed 75K, 6% free 10502K/11143K, paused 35ms
07-15 09:10:45.859   257   260 D dalvikvm: GC_CONCURRENT freed 451K, 8% free 10386K/11271K, paused 2ms+14ms
07-15 09:10:45.875  1199  7978 I LocatorService: lbs-onHandleIntent ------ lat/long/acc unchanged, skip
07-15 09:10:45.875  1199  7978 I LocatorService: lbs-onHandleIntent -- passive repeat
07-15 09:10:45.875  1199  7978 W LocationUtil: lbs-requestPassiveUpdates start
07-15 09:11:29.269  7177  7177 D dalvikvm: GC_EXPLICIT freed 9K, 4% free 9064K/9347K, paused 1ms+2ms
07-15 09:11:29.441  4171  4171 D wpa_supplicant: wpa_driver_wext_driver_cmd SETSUSPENDOPT 0 len = 4096
07-15 09:11:29.441  4171  4171 D wpa_supplicant: wpa_driver_wext_driver_cmd SETSUSPENDOPT 0 len = 0, 15
07-15 09:11:29.445  4171  4171 D wpa_supplicant: wpa_driver_wext_driver_cmd POWERMODE 0 len = 4096
07-15 09:11:29.457  4171  4171 D wpa_supplicant: wpa_driver_wext_driver_cmd OK len = 0, 2
07-15 09:11:29.457  4171  4171 D wpa_supplicant: RTM_NEWLINK: operstate=1 ifi_flags=0x11043 ([UP][RUNNING][LOWER_UP])
07-15 09:11:29.457  4171  4171 D wpa_supplicant: RTM_NEWLINK, IFLA_IFNAME: Interface 'wlan0' added
07-15 09:11:29.457  4171  4171 D wpa_supplicant: Wireless event: cmd=0x8c00 len=20
07-15 09:11:29.457  4171  4171 D wpa_supplicant: WPS: Building WPS IE for Probe Request
07-15 09:11:29.457  4171  4171 D wpa_supplicant: WPS:  * Version (hardcoded 0x10)
07-15 09:11:29.457  4171  4171 D wpa_supplicant: WPS:  * Request Type
07-15 09:11:29.457  4171  4171 D wpa_supplicant: WPS:  * Config Methods (2388)
07-15 09:11:29.457  4171  4171 D wpa_supplicant: WPS:  * UUID-E
07-15 09:11:29.457  4171  4171 D wpa_supplicant: WPS:  * Primary Device Type
07-15 09:11:29.457  4171  4171 D wpa_supplicant: WPS:  * RF Bands (3)
07-15 09:11:29.457  4171  4171 D wpa_supplicant: WPS:  * Association State
07-15 09:11:29.457  4171  4171 D wpa_supplicant: WPS:  * Configuration Error (0)
07-15 09:11:29.457  4171  4171 D wpa_supplicant: WPS:  * Device Password ID (0)
07-15 09:11:29.457  4171  4171 D wpa_supplicant: WPS:  * Manufacturer
07-15 09:11:29.457  4171  4171 D wpa_supplicant: WPS:  * Model Name
07-15 09:11:29.457  4171  4171 D wpa_supplicant: WPS:  * Model Number
07-15 09:11:29.457  4171  4171 D wpa_supplicant: WPS:  * Device Name
07-15 09:11:29.457  4171  4171 D wpa_supplicant: WPS:  * Version2 (0x20)
07-15 09:11:29.457  4171  4171 D wpa_supplicant: wpa_driver_wext_combo_scan: Start
07-15 09:11:29.457  4171  4171 D wpa_supplicant: For Scan: (null)
07-15 09:11:29.461  4171  4171 D wpa_supplicant: Scan requested (ret=0) - scan timeout 30 seconds
07-15 09:11:30.617  4171  4171 D wpa_supplicant: RTM_NEWLINK: operstate=1 ifi_flags=0x11043 ([UP][RUNNING][LOWER_UP])
07-15 09:11:30.617  4171  4171 D wpa_supplicant: RTM_NEWLINK, IFLA_IFNAME: Interface 'wlan0' added
07-15 09:11:30.617  4171  4171 D wpa_supplicant: Wireless event: cmd=0x8b19 len=8
07-15 09:11:30.621  4171  4171 D wpa_supplicant: Received 563 bytes of scan results (2 BSSes)
07-15 09:11:30.718  4171  4171 D wpa_supplicant: wpa_driver_wext_driver_cmd SETSUSPENDOPT 0 len = 4096
07-15 09:11:30.718  4171  4171 D wpa_supplicant: wpa_driver_wext_driver_cmd SETSUSPENDOPT 0 len = 0, 15
07-15 09:11:30.718  4171  4171 D wpa_supplicant: wpa_driver_wext_driver_cmd POWERMODE 0 len = 4096
07-15 09:11:30.722  4171  4171 D wpa_supplicant: wpa_driver_wext_driver_cmd OK len = 0, 2
07-15 09:11:30.750  1199  7979 I LocationUtil: lbs-scheduleTargetingUpdate start
07-15 09:11:30.750  1199  7979 W LocationUtil: lbs-scheduleTargetingUpdate: user has NOT allowed use of lbs, skip
07-15 09:11:30.750  1199  7979 I LocatorService: lbs-onHandleIntent -- passive repeat
07-15 09:11:30.750  1199  7979 W LocationUtil: lbs-requestPassiveUpdates start
07-15 09:12:14.355  7177  7177 D dalvikvm: GC_EXPLICIT freed 9K, 4% free 9064K/9347K, paused 2ms+2ms
07-15 09:12:15.011  4171  4171 D wpa_supplicant: wpa_driver_wext_driver_cmd SETSUSPENDOPT 0 len = 4096
07-15 09:12:15.011  4171  4171 D wpa_supplicant: wpa_driver_wext_driver_cmd SETSUSPENDOPT 0 len = 0, 15
07-15 09:12:15.011  4171  4171 D wpa_supplicant: wpa_driver_wext_driver_cmd POWERMODE 0 len = 4096
07-15 09:12:15.035  4171  4171 D wpa_supplicant: wpa_driver_wext_driver_cmd OK len = 0, 2
07-15 09:12:15.035  4171  4171 D wpa_supplicant: WPS: Building WPS IE for Probe Request
07-15 09:12:15.035  4171  4171 D wpa_supplicant: WPS:  * Version (hardcoded 0x10)
07-15 09:12:15.035  4171  4171 D wpa_supplicant: WPS:  * Request Type
07-15 09:12:15.035  4171  4171 D wpa_supplicant: WPS:  * Config Methods (2388)
07-15 09:12:15.035  4171  4171 D wpa_supplicant: WPS:  * UUID-E
07-15 09:12:15.035  4171  4171 D wpa_supplicant: WPS:  * Primary Device Type
07-15 09:12:15.035  4171  4171 D wpa_supplicant: WPS:  * RF Bands (3)
07-15 09:12:15.035  4171  4171 D wpa_supplicant: WPS:  * Association State
07-15 09:12:15.035  4171  4171 D wpa_supplicant: WPS:  * Configuration Error (0)
07-15 09:12:15.035  4171  4171 D wpa_supplicant: WPS:  * Device Password ID (0)
07-15 09:12:15.035  4171  4171 D wpa_supplicant: WPS:  * Manufacturer
07-15 09:12:15.035  4171  4171 D wpa_supplicant: WPS:  * Model Name
07-15 09:12:15.035  4171  4171 D wpa_supplicant: WPS:  * Model Number
07-15 09:12:15.035  4171  4171 D wpa_supplicant: WPS:  * Device Name
07-15 09:12:15.035  4171  4171 D wpa_supplicant: WPS:  * Version2 (0x20)
07-15 09:12:15.035  4171  4171 D wpa_supplicant: wpa_driver_wext_combo_scan: Start
07-15 09:12:15.035  4171  4171 D wpa_supplicant: For Scan: (null)
07-15 09:12:15.039  4171  4171 D wpa_supplicant: Scan requested (ret=0) - scan timeout 30 seconds
07-15 09:12:16.199  4171  4171 D wpa_supplicant: RTM_NEWLINK: operstate=1 ifi_flags=0x11043 ([UP][RUNNING][LOWER_UP])
07-15 09:12:16.199  4171  4171 D wpa_supplicant: RTM_NEWLINK, IFLA_IFNAME: Interface 'wlan0' added
07-15 09:12:16.199  4171  4171 D wpa_supplicant: Wireless event: cmd=0x8b19 len=8
07-15 09:12:16.199  4171  4171 D wpa_supplicant: Received 563 bytes of scan results (2 BSSes)
07-15 09:12:16.343  4171  4171 D wpa_supplicant: wpa_driver_wext_driver_cmd SETSUSPENDOPT 0 len = 4096
07-15 09:12:16.343  4171  4171 D wpa_supplicant: wpa_driver_wext_driver_cmd SETSUSPENDOPT 0 len = 0, 15
07-15 09:12:16.343  4171  4171 D wpa_supplicant: wpa_driver_wext_driver_cmd POWERMODE 0 len = 4096
07-15 09:12:16.347  4171  4171 D wpa_supplicant: wpa_driver_wext_driver_cmd OK len = 0, 2
07-15 09:12:16.375   257   260 D dalvikvm: GC_CONCURRENT freed 451K, 8% free 10386K/11271K, paused 2ms+3ms
07-15 09:12:16.390  1199  7980 I LocationUtil: lbs-scheduleTargetingUpdate start
07-15 09:12:16.390  1199  7980 W LocationUtil: lbs-scheduleTargetingUpdate: user has NOT allowed use of lbs, skip
07-15 09:12:16.390  1199  7980 I LocatorService: lbs-onHandleIntent -- passive repeat
07-15 09:12:16.390  1199  7980 W LocationUtil: lbs-requestPassiveUpdates start
07-15 09:12:19.672  1380  1409 I PhoneLab-: Service Running
07-15 09:12:19.757  1380  1409 I PhoneLab-LoggerService: app_38    1428  1380  1432   1060  c00f181c 400107b4 S logcat
07-15 09:12:19.757  1380  1409 I PhoneLab-LoggerService: Logcat pid from database 1428
07-15 09:12:19.757  1380  1409 I PhoneLab-LoggerService: Logcat process found 1428
07-15 09:12:19.757  1380  1409 I PhoneLab-LoggerService: Checking Threshold
07-15 09:12:19.757  1380  1409 I PhoneLab-: Service Running
07-15 09:12:19.769  1380  1382 D dalvikvm: GC_CONCURRENT freed 421K, 19% free 9218K/11335K, paused 2ms+2ms
07-15 09:12:19.797  1380  1409 I PhoneLab-LoggerService: app_38    1428  1380  1432   1060  c00f181c 400107b4 S logcat
07-15 09:12:19.797  1380  1409 I PhoneLab-LoggerService: Logcat pid from database 1428
07-15 09:12:19.797  1380  1409 I PhoneLab-LoggerService: Logcat process found 1428
07-15 09:12:19.797  1380  1409 I PhoneLab-LoggerService: Checking Threshold
07-15 09:12:19.797  1380  1409 I PhoneLab-: Service Running
07-15 09:12:19.824  1380  1409 I PhoneLab-LoggerService: app_38    1428  1380  1432   1060  c00f181c 400107b4 S logcat
07-15 09:12:19.824  1380  1409 I PhoneLab-LoggerService: Logcat pid from database 1428
07-15 09:12:19.824  1380  1409 I PhoneLab-LoggerService: Logcat process found 1428
07-15 09:12:19.824  1380  1409 I PhoneLab-LoggerService: Checking Threshold
07-15 09:12:19.828  1380  1409 I PhoneLab-: Service Running
07-15 09:12:19.855  1380  1409 I PhoneLab-LoggerService: app_38    1428  1380  1432   1060  c00f181c 400107b4 S logcat
07-15 09:12:19.855  1380  1409 I PhoneLab-LoggerService: Logcat pid from database 1428
07-15 09:12:19.855  1380  1409 I PhoneLab-LoggerService: Logcat process found 1428
07-15 09:12:19.855  1380  1409 I PhoneLab-LoggerService: Checking Threshold
07-15 09:12:19.855  1380  1409 I PhoneLab-: Service Running
07-15 09:12:19.882  1380  1409 I PhoneLab-LoggerService: app_38    1428  1380  1432   1060  c00f181c 400107b4 S logcat
07-15 09:12:19.882  1380  1409 I PhoneLab-LoggerService: Logcat pid from database 1428
07-15 09:12:19.882  1380  1409 I PhoneLab-LoggerService: Logcat process found 1428
07-15 09:12:19.882  1380  1409 I PhoneLab-LoggerService: Checking Threshold
07-15 09:12:19.882  1380  1409 I PhoneLab-: Service Running
07-15 09:12:19.914  1380  1409 I PhoneLab-LoggerService: app_38    1428  1380  1432   1060  c00f181c 400107b4 S logcat
07-15 09:12:19.914  1380  1409 I PhoneLab-LoggerService: Logcat pid from database 1428
07-15 09:12:19.914  1380  1409 I PhoneLab-LoggerService: Logcat process found 1428
07-15 09:12:19.914  1380  1409 I PhoneLab-LoggerService: Checking Threshold
07-15 09:12:19.914  1380  1409 I PhoneLab-: Service Running
07-15 09:12:19.941  1380  1409 I PhoneLab-LoggerService: app_38    1428  1380  1432   1060  c00f181c 400107b4 S logcat
07-15 09:12:19.941  1380  1409 I PhoneLab-LoggerService: Logcat pid from database 1428
07-15 09:12:19.941  1380  1409 I PhoneLab-LoggerService: Logcat process found 1428
07-15 09:12:19.941  1380  1409 I PhoneLab-LoggerService: Checking Threshold
07-15 09:12:19.941  1380  1409 I PhoneLab-: Service Running
07-15 09:12:19.968  1380  1409 I PhoneLab-LoggerService: app_38    1428  1380  1432   1060  c00f181c 400107b4 S logcat
07-15 09:12:19.968  1380  1409 I PhoneLab-LoggerService: Logcat pid from database 1428
07-15 09:12:19.968  1380  1409 I PhoneLab-LoggerService: Logcat process found 1428
07-15 09:12:19.968  1380  1409 I PhoneLab-LoggerService: Checking Threshold
07-15 09:12:19.972  1380  1409 I PhoneLab-: Service Running
07-15 09:12:20.011  1380  1382 D dalvikvm: GC_CONCURRENT freed 382K, 19% free 9232K/11335K, paused 2ms+1ms
07-15 09:12:27.199  1380  1409 I PhoneLab-LoggerService: app_38    1428  1380  1432   1060  c00f181c 400107b4 S logcat
07-15 09:12:27.199  1380  1409 I PhoneLab-LoggerService: Logcat pid from database 1428
07-15 09:12:27.203  1380  1409 I PhoneLab-LoggerService: Logcat process found 1428
07-15 09:12:27.203  1380  1409 I PhoneLab-LoggerService: Checking Threshold
07-15 09:13:00.074  4171  4171 D wpa_supplicant: wpa_driver_wext_driver_cmd SETSUSPENDOPT 0 len = 4096
07-15 09:13:00.074  4171  4171 D wpa_supplicant: wpa_driver_wext_driver_cmd SETSUSPENDOPT 0 len = 0, 15
07-15 09:13:00.074  4171  4171 D wpa_supplicant: wpa_driver_wext_driver_cmd POWERMODE 0 len = 4096
