07-14 20:37:56.664  4171  4171 D wpa_supplicant: CTRL_IFACE: Failed to get network variable 'phase2'
07-14 20:37:56.664  4171  4171 D wpa_supplicant: CTRL_IFACE: GET_NETWORK id=0 name='identity'
07-14 20:37:56.664  4171  4171 D wpa_supplicant: CTRL_IFACE: Failed to get network variable 'identity'
07-14 20:37:56.664  4171  4171 D wpa_supplicant: CTRL_IFACE: GET_NETWORK id=0 name='anonymous_identity'
07-14 20:37:56.664  4171  4171 D wpa_supplicant: CTRL_IFACE: Failed to get network variable 'anonymous_identity'
07-14 20:37:56.668  4171  4171 D wpa_supplicant: CTRL_IFACE: GET_NETWORK id=0 name='password'
07-14 20:37:56.668  4171  4171 D wpa_supplicant: CTRL_IFACE: Failed to get network variable 'password'
07-14 20:37:56.668  4171  4171 D wpa_supplicant: CTRL_IFACE: GET_NETWORK id=0 name='client_cert'
07-14 20:37:56.668  4171  4171 D wpa_supplicant: CTRL_IFACE: Failed to get network variable 'client_cert'
07-14 20:37:56.668  4171  4171 D wpa_supplicant: CTRL_IFACE: GET_NETWORK id=0 name='private_key'
07-14 20:37:56.668  4171  4171 D wpa_supplicant: CTRL_IFACE: Failed to get network variable 'private_key'
07-14 20:37:56.668  4171  4171 D wpa_supplicant: CTRL_IFACE: GET_NETWORK id=0 name='ca_cert'
07-14 20:37:56.668  4171  4171 D wpa_supplicant: CTRL_IFACE: Failed to get network variable 'ca_cert'
07-14 20:37:56.668  4171  4171 D wpa_supplicant: CTRL_IFACE: GET_NETWORK id=1 name='ssid'
07-14 20:37:56.668  4171  4171 D wpa_supplicant: CTRL_IFACE: GET_NETWORK id=1 name='bssid'
07-14 20:37:56.668  4171  4171 D wpa_supplicant: CTRL_IFACE: Failed to get network variable 'bssid'
07-14 20:37:56.668  4171  4171 D wpa_supplicant: CTRL_IFACE: GET_NETWORK id=1 name='priority'
07-14 20:37:56.668  4171  4171 D wpa_supplicant: CTRL_IFACE: GET_NETWORK id=1 name='scan_ssid'
07-14 20:37:56.668  4171  4171 D wpa_supplicant: CTRL_IFACE: GET_NETWORK id=1 name='wep_tx_keyidx'
07-14 20:37:56.672  4171  4171 D wpa_supplicant: CTRL_IFACE: GET_NETWORK id=1 name='wep_key0'
07-14 20:37:56.672  4171  4171 D wpa_supplicant: CTRL_IFACE: Failed to get network variable 'wep_key0'
07-14 20:37:56.672  4171  4171 D wpa_supplicant: CTRL_IFACE: GET_NETWORK id=1 name='wep_key1'
07-14 20:37:56.672  4171  4171 D wpa_supplicant: CTRL_IFACE: Failed to get network variable 'wep_key1'
07-14 20:37:56.672  4171  4171 D wpa_supplicant: CTRL_IFACE: GET_NETWORK id=1 name='wep_key2'
07-14 20:37:56.672  4171  4171 D wpa_supplicant: CTRL_IFACE: Failed to get network variable 'wep_key2'
07-14 20:37:56.672  4171  4171 D wpa_supplicant: CTRL_IFACE: GET_NETWORK id=1 name='wep_key3'
07-14 20:37:56.672  4171  4171 D wpa_supplicant: CTRL_IFACE: Failed to get network variable 'wep_key3'
07-14 20:37:56.672  4171  4171 D wpa_supplicant: CTRL_IFACE: GET_NETWORK id=1 name='psk'
07-14 20:37:56.672  4171  4171 D wpa_supplicant: CTRL_IFACE: Failed to get network variable 'psk'
07-14 20:37:56.672  4171  4171 D wpa_supplicant: CTRL_IFACE: GET_NETWORK id=1 name='proto'
07-14 20:37:56.672  4171  4171 D wpa_supplicant: CTRL_IFACE: GET_NETWORK id=1 name='key_mgmt'
07-14 20:37:56.683  4171  4171 D wpa_supplicant: CTRL_IFACE: GET_NETWORK id=1 name='auth_alg'
07-14 20:37:56.687  4171  4171 D wpa_supplicant: CTRL_IFACE: GET_NETWORK id=1 name='pairwise'
07-14 20:37:56.687  4171  4171 D wpa_supplicant: CTRL_IFACE: GET_NETWORK id=1 name='group'
07-14 20:37:56.687  4171  4171 D wpa_supplicant: CTRL_IFACE: GET_NETWORK id=1 name='eap'
07-14 20:37:56.687  4171  4171 D wpa_supplicant: CTRL_IFACE: Failed to get network variable 'eap'
07-14 20:37:56.687  4171  4171 D wpa_supplicant: CTRL_IFACE: GET_NETWORK id=1 name='phase2'
07-14 20:37:56.687  4171  4171 D wpa_supplicant: CTRL_IFACE: Failed to get network variable 'phase2'
07-14 20:37:56.687  4171  4171 D wpa_supplicant: CTRL_IFACE: GET_NETWORK id=1 name='identity'
07-14 20:37:56.687  4171  4171 D wpa_supplicant: CTRL_IFACE: Failed to get network variable 'identity'
07-14 20:37:56.687  4171  4171 D wpa_supplicant: CTRL_IFACE: GET_NETWORK id=1 name='anonymous_identity'
07-14 20:37:56.687  4171  4171 D wpa_supplicant: CTRL_IFACE: Failed to get network variable 'anonymous_identity'
07-14 20:37:56.687  4171  4171 D wpa_supplicant: CTRL_IFACE: GET_NETWORK id=1 name='password'
07-14 20:37:56.687  4171  4171 D wpa_supplicant: CTRL_IFACE: Failed to get network variable 'password'
07-14 20:37:56.687  4171  4171 D wpa_supplicant: CTRL_IFACE: GET_NETWORK id=1 name='client_cert'
07-14 20:37:56.687  4171  4171 D wpa_supplicant: CTRL_IFACE: Failed to get network variable 'client_cert'
07-14 20:37:56.687  4171  4171 D wpa_supplicant: CTRL_IFACE: GET_NETWORK id=1 name='private_key'
07-14 20:37:56.687  4171  4171 D wpa_supplicant: CTRL_IFACE: Failed to get network variable 'private_key'
07-14 20:37:56.687  4171  4171 D wpa_supplicant: CTRL_IFACE: GET_NETWORK id=1 name='ca_cert'
07-14 20:37:56.687  4171  4171 D wpa_supplicant: CTRL_IFACE: Failed to get network variable 'ca_cert'
07-14 20:37:56.687  4171  4171 D wpa_supplicant: CTRL_IFACE: GET_NETWORK id=2 name='ssid'
07-14 20:37:56.687  4171  4171 D wpa_supplicant: CTRL_IFACE: GET_NETWORK id=2 name='bssid'
07-14 20:37:56.687  4171  4171 D wpa_supplicant: CTRL_IFACE: Failed to get network variable 'bssid'
07-14 20:37:56.687  4171  4171 D wpa_supplicant: CTRL_IFACE: GET_NETWORK id=2 name='priority'
07-14 20:37:56.687  4171  4171 D wpa_supplicant: CTRL_IFACE: GET_NETWORK id=2 name='scan_ssid'
07-14 20:37:56.691  4171  4171 D wpa_supplicant: CTRL_IFACE: GET_NETWORK id=2 name='wep_tx_keyidx'
07-14 20:37:56.691  4171  4171 D wpa_supplicant: CTRL_IFACE: GET_NETWORK id=2 name='wep_key0'
07-14 20:37:56.691  4171  4171 D wpa_supplicant: CTRL_IFACE: Failed to get network variable 'wep_key0'
07-14 20:37:56.691  4171  4171 D wpa_supplicant: CTRL_IFACE: GET_NETWORK id=2 name='wep_key1'
07-14 20:37:56.691  4171  4171 D wpa_supplicant: CTRL_IFACE: Failed to get network variable 'wep_key1'
07-14 20:37:56.691  4171  4171 D wpa_supplicant: CTRL_IFACE: GET_NETWORK id=2 name='wep_key2'
07-14 20:37:56.691  4171  4171 D wpa_supplicant: CTRL_IFACE: Failed to get network variable 'wep_key2'
07-14 20:37:56.691  4171  4171 D wpa_supplicant: CTRL_IFACE: GET_NETWORK id=2 name='wep_key3'
07-14 20:37:56.691  4171  4171 D wpa_supplicant: CTRL_IFACE: Failed to get network variable 'wep_key3'
07-14 20:37:56.691  4171  4171 D wpa_supplicant: CTRL_IFACE: GET_NETWORK id=2 name='psk'
07-14 20:37:56.691  4171  4171 D wpa_supplicant: Do not allow key_data field to be exposed
07-14 20:37:56.691  4171  4171 D wpa_supplicant: CTRL_IFACE: GET_NETWORK id=2 name='proto'
07-14 20:37:56.691  4171  4171 D wpa_supplicant: CTRL_IFACE: GET_NETWORK id=2 name='key_mgmt'
07-14 20:37:56.691  4171  4171 D wpa_supplicant: CTRL_IFACE: GET_NETWORK id=2 name='auth_alg'
07-14 20:37:56.691  4171  4171 D wpa_supplicant: CTRL_IFACE: GET_NETWORK id=2 name='pairwise'
07-14 20:37:56.703  4171  4171 D wpa_supplicant: WPS: Building WPS IE for Probe Request
07-14 20:37:56.703  4171  4171 D wpa_supplicant: WPS:  * Version (hardcoded 0x10)
07-14 20:37:56.703  4171  4171 D wpa_supplicant: WPS:  * Request Type
07-14 20:37:56.703  4171  4171 D wpa_supplicant: WPS:  * Config Methods (2388)
07-14 20:37:56.703  4171  4171 D wpa_supplicant: WPS:  * UUID-E
07-14 20:37:56.703  4171  4171 D wpa_supplicant: WPS:  * Primary Device Type
07-14 20:37:56.703  4171  4171 D wpa_supplicant: WPS:  * RF Bands (3)
07-14 20:37:56.703  4171  4171 D wpa_supplicant: WPS:  * Association State
07-14 20:37:56.703  4171  4171 D wpa_supplicant: WPS:  * Configuration Error (0)
07-14 20:37:56.703  4171  4171 D wpa_supplicant: WPS:  * Device Password ID (0)
07-14 20:37:56.703  4171  4171 D wpa_supplicant: WPS:  * Manufacturer
07-14 20:37:56.703  4171  4171 D wpa_supplicant: WPS:  * Model Name
07-14 20:37:56.703  4171  4171 D wpa_supplicant: WPS:  * Model Number
07-14 20:37:56.703  4171  4171 D wpa_supplicant: WPS:  * Device Name
07-14 20:37:56.703  4171  4171 D wpa_supplicant: WPS:  * Version2 (0x20)
07-14 20:37:56.703  4171  4171 D wpa_supplicant: wpa_driver_wext_combo_scan: Start
07-14 20:37:56.703  4171  4171 D wpa_supplicant: For Scan: (null)
07-14 20:37:56.711  4171  4171 D wpa_supplicant: Scan requested (ret=0) - scan timeout 10 seconds
07-14 20:37:56.711  4171  4171 D wpa_supplicant: CTRL_IFACE: GET_NETWORK id=2 name='group'
07-14 20:37:56.711  4171  4171 D wpa_supplicant: CTRL_IFACE: GET_NETWORK id=2 name='eap'
07-14 20:37:56.711  4171  4171 D wpa_supplicant: CTRL_IFACE: Failed to get network variable 'eap'
07-14 20:37:56.711  4171  4171 D wpa_supplicant: CTRL_IFACE: GET_NETWORK id=2 name='phase2'
07-14 20:37:56.711  4171  4171 D wpa_supplicant: CTRL_IFACE: Failed to get network variable 'phase2'
07-14 20:37:56.711  4171  4171 D wpa_supplicant: CTRL_IFACE: GET_NETWORK id=2 name='identity'
07-14 20:37:56.711  4171  4171 D wpa_supplicant: CTRL_IFACE: Failed to get network variable 'identity'
07-14 20:37:56.711  4171  4171 D wpa_supplicant: CTRL_IFACE: GET_NETWORK id=2 name='anonymous_identity'
07-14 20:37:56.711  4171  4171 D wpa_supplicant: CTRL_IFACE: Failed to get network variable 'anonymous_identity'
07-14 20:37:56.715  4171  4171 D wpa_supplicant: CTRL_IFACE: GET_NETWORK id=2 name='password'
07-14 20:37:56.715  4171  4171 D wpa_supplicant: CTRL_IFACE: Failed to get network variable 'password'
07-14 20:37:56.715  4171  4171 D wpa_supplicant: CTRL_IFACE: GET_NETWORK id=2 name='client_cert'
07-14 20:37:56.715  4171  4171 D wpa_supplicant: CTRL_IFACE: Failed to get network variable 'client_cert'
07-14 20:37:56.715  4171  4171 D wpa_supplicant: CTRL_IFACE: GET_NETWORK id=2 name='private_key'
07-14 20:37:56.715  4171  4171 D wpa_supplicant: CTRL_IFACE: Failed to get network variable 'private_key'
07-14 20:37:56.715  4171  4171 D wpa_supplicant: CTRL_IFACE: GET_NETWORK id=2 name='ca_cert'
07-14 20:37:56.715  4171  4171 D wpa_supplicant: CTRL_IFACE: Failed to get network variable 'ca_cert'
07-14 20:37:56.718  4171  4171 D wpa_supplicant: CTRL_IFACE: GET_NETWORK id=3 name='ssid'
07-14 20:37:56.718  4171  4171 D wpa_supplicant: CTRL_IFACE: GET_NETWORK id=3 name='bssid'
07-14 20:37:56.718  4171  4171 D wpa_supplicant: CTRL_IFACE: Failed to get network variable 'bssid'
07-14 20:37:56.718  4171  4171 D wpa_supplicant: CTRL_IFACE: GET_NETWORK id=3 name='priority'
07-14 20:37:56.718  4171  4171 D wpa_supplicant: CTRL_IFACE: GET_NETWORK id=3 name='scan_ssid'
07-14 20:37:56.718  4171  4171 D wpa_supplicant: CTRL_IFACE: GET_NETWORK id=3 name='wep_tx_keyidx'
07-14 20:37:56.718  4171  4171 D wpa_supplicant: CTRL_IFACE: GET_NETWORK id=3 name='wep_key0'
07-14 20:37:56.718  4171  4171 D wpa_supplicant: CTRL_IFACE: Failed to get network variable 'wep_key0'
07-14 20:37:56.718  4171  4171 D wpa_supplicant: CTRL_IFACE: GET_NETWORK id=3 name='wep_key1'
07-14 20:37:56.718  4171  4171 D wpa_supplicant: CTRL_IFACE: Failed to get network variable 'wep_key1'
07-14 20:37:56.718  4171  4171 D wpa_supplicant: CTRL_IFACE: GET_NETWORK id=3 name='wep_key2'
07-14 20:37:56.718  4171  4171 D wpa_supplicant: CTRL_IFACE: Failed to get network variable 'wep_key2'
07-14 20:37:56.718  4171  4171 D wpa_supplicant: CTRL_IFACE: GET_NETWORK id=3 name='wep_key3'
07-14 20:37:56.718  4171  4171 D wpa_supplicant: CTRL_IFACE: Failed to get network variable 'wep_key3'
07-14 20:37:56.718  4171  4171 D wpa_supplicant: CTRL_IFACE: GET_NETWORK id=3 name='psk'
07-14 20:37:56.718  4171  4171 D wpa_supplicant: CTRL_IFACE: Failed to get network variable 'psk'
07-14 20:37:56.718  4171  4171 D wpa_supplicant: CTRL_IFACE: GET_NETWORK id=3 name='proto'
07-14 20:37:56.722  4171  4171 D wpa_supplicant: CTRL_IFACE: GET_NETWORK id=3 name='key_mgmt'
07-14 20:37:56.722  4171  4171 D wpa_supplicant: CTRL_IFACE: GET_NETWORK id=3 name='auth_alg'
07-14 20:37:56.722  4171  4171 D wpa_supplicant: CTRL_IFACE: GET_NETWORK id=3 name='pairwise'
07-14 20:37:56.722  4171  4171 D wpa_supplicant: CTRL_IFACE: GET_NETWORK id=3 name='group'
07-14 20:37:56.722  4171  4171 D wpa_supplicant: CTRL_IFACE: GET_NETWORK id=3 name='eap'
07-14 20:37:56.722  4171  4171 D wpa_supplicant: CTRL_IFACE: GET_NETWORK id=3 name='phase2'
07-14 20:37:56.722  4171  4171 D wpa_supplicant: CTRL_IFACE: Failed to get network variable 'phase2'
07-14 20:37:56.722  4171  4171 D wpa_supplicant: CTRL_IFACE: GET_NETWORK id=3 name='identity'
07-14 20:37:56.722  4171  4171 D wpa_supplicant: CTRL_IFACE: GET_NETWORK id=3 name='anonymous_identity'
07-14 20:37:56.722  4171  4171 D wpa_supplicant: CTRL_IFACE: Failed to get network variable 'anonymous_identity'
07-14 20:37:56.722  4171  4171 D wpa_supplicant: CTRL_IFACE: GET_NETWORK id=3 name='password'
07-14 20:37:56.722  4171  4171 D wpa_supplicant: Do not allow key_data field to be exposed
07-14 20:37:56.722  4171  4171 D wpa_supplicant: CTRL_IFACE: GET_NETWORK id=3 name='client_cert'
07-14 20:37:56.722  4171  4171 D wpa_supplicant: CTRL_IFACE: Failed to get network variable 'client_cert'
07-14 20:37:56.722  4171  4171 D wpa_supplicant: CTRL_IFACE: GET_NETWORK id=3 name='private_key'
07-14 20:37:56.722  4171  4171 D wpa_supplicant: CTRL_IFACE: Failed to get network variable 'private_key'
07-14 20:37:56.722  4171  4171 D wpa_supplicant: CTRL_IFACE: GET_NETWORK id=3 name='ca_cert'
07-14 20:37:56.722  4171  4171 D wpa_supplicant: CTRL_IFACE: Failed to get network variable 'ca_cert'
07-14 20:37:56.726   141   194 E WifiConfigStore: Missing id while parsing configuration
07-14 20:37:56.726   141   194 E WifiConfigStore: Missing id while parsing configuration
07-14 20:37:56.757  4171  4171 D wpa_supplicant: wpa_driver_wext_driver_cmd BTCOEXSCAN-STOP len = 4096
07-14 20:37:56.757  4171  4171 D wpa_supplicant: wpa_driver_wext_driver_cmd OK len = 0, 2
07-14 20:37:56.757  4171  4171 D wpa_supplicant: wpa_driver_wext_driver_cmd RXFILTER-ADD 3 len = 4096
07-14 20:37:56.757  4171  4171 D wpa_supplicant: wpa_driver_wext_driver_cmd RXFILTER-ADD 3 len = 0, 14
07-14 20:37:56.757  4171  4171 D wpa_supplicant: wpa_driver_wext_driver_cmd RXFILTER-START len = 4096
07-14 20:37:56.757  4171  4171 D wpa_supplicant: wpa_driver_wext_driver_cmd RXFILTER-START len = 0, 14
07-14 20:37:56.757  4171  4171 D wpa_supplicant: wpa_driver_wext_driver_cmd RXFILTER-STOP len = 4096
07-14 20:37:56.757  4171  4171 D wpa_supplicant: wpa_driver_wext_driver_cmd RXFILTER-STOP len = 0, 13
07-14 20:37:56.757  4171  4171 D wpa_supplicant: wpa_driver_wext_driver_cmd RXFILTER-REMOVE 2 len = 4096
07-14 20:37:56.757  4171  4171 D wpa_supplicant: wpa_driver_wext_driver_cmd RXFILTER-REMOVE 2 len = 0, 17
07-14 20:37:56.757  4171  4171 D wpa_supplicant: wpa_driver_wext_driver_cmd RXFILTER-START len = 4096
07-14 20:37:56.757  4171  4171 D wpa_supplicant: wpa_driver_wext_driver_cmd RXFILTER-START len = 0, 14
07-14 20:37:56.761  4171  4171 D wpa_supplicant: wpa_driver_wext_driver_cmd COUNTRY US len = 4096
07-14 20:37:56.761  4171  4171 D wpa_supplicant: wpa_driver_wext_driver_cmd OK len = 0, 2
07-14 20:37:56.761  4171  4171 D wpa_supplicant: wpa_driver_wext_driver_cmd SETBAND 0 len = 4096
07-14 20:37:56.761  4171  4171 D wpa_supplicant: wpa_driver_wext_driver_cmd OK len = 0, 2
07-14 20:37:56.765  4171  4171 D wpa_supplicant: wpa_driver_wext_driver_cmd SCAN-ACTIVE len = 4096
07-14 20:37:56.765  4171  4171 D wpa_supplicant: wpa_driver_wext_driver_cmd SCAN-ACTIVE len = 0, 11
07-14 20:37:56.769  4171  4171 D wpa_supplicant: Ongoing scan action - reject new request
07-14 20:37:56.769  4171  4171 D wpa_supplicant: wpa_driver_wext_driver_cmd SCAN-PASSIVE len = 4096
07-14 20:37:56.769  4171  4171 D wpa_supplicant: wpa_driver_wext_driver_cmd SCAN-PASSIVE len = 0, 12
07-14 20:37:56.828  1199  4175 I LocatorService: lbs-onHandleIntent ------ timestamp too recent, skip
07-14 20:37:56.828  1199  4175 I LocatorService: lbs-onHandleIntent -- passive repeat
07-14 20:37:56.828  1199  4175 W LocationUtil: lbs-requestPassiveUpdates start
07-14 20:37:57.191  4171  4171 D wpa_supplicant: RTM_NEWLINK: operstate=0 ifi_flags=0x11003 ([UP][LOWER_UP])
07-14 20:37:57.195  4171  4171 D wpa_supplicant: RTM_NEWLINK, IFLA_IFNAME: Interface 'wlan0' added
07-14 20:37:57.195  4171  4171 D wpa_supplicant: Wireless event: cmd=0x8b19 len=8
07-14 20:37:57.195  4171  4171 D wpa_supplicant: Received 563 bytes of scan results (2 BSSes)
07-14 20:37:57.195  4171  4171 D wpa_supplicant: wlan0: Request association: reassociate: 0  selected: 98:fc:11:86:21:ea  bssid: 00:00:00:00:00:00  pending: 00:00:00:00:00:00  wpa_state: SCANNING
07-14 20:37:57.195  4171  4171 I wpa_supplicant: wlan0: Trying to associate with 98:fc:11:86:21:ea (SSID='chameleon' freq=2437 MHz)
07-14 20:37:57.195  4171  4171 D wpa_supplicant: wpa_driver_wext_set_operstate: operstate 0->0 (DORMANT)
07-14 20:37:57.195  4171  4171 D wpa_supplicant: netlink: Operstate: linkmode=-1, operstate=5
07-14 20:37:57.207  4171  4171 D wpa_supplicant: wpa_driver_wext_associate
07-14 20:37:57.207  4171  4171 D wpa_supplicant: wpa_driver_wext_set_drop_unencrypted
07-14 20:37:57.238  4171  4171 D wpa_supplicant: wpa_driver_wext_set_psk
07-14 20:37:57.367  4171  4171 D wpa_supplicant: EAPOL: External notification - EAP success=0
07-14 20:37:57.418  4171  4171 D wpa_supplicant: EAPOL: Supplicant port status: Unauthorized
07-14 20:37:57.418  4171  4171 D wpa_supplicant: EAPOL: External notification - EAP fail=0
07-14 20:37:57.418  4171  4171 D wpa_supplicant: EAPOL: Supplicant port status: Unauthorized
07-14 20:37:57.425  4171  4171 D wpa_supplicant: EAPOL: External notification - portControl=Auto
07-14 20:37:57.425  4171  4171 D wpa_supplicant: EAPOL: Supplicant port status: Unauthorized
07-14 20:37:57.425  4171  4171 D wpa_supplicant: RSN: Ignored PMKID candidate without preauth flag
07-14 20:37:57.437  4171  4171 D wpa_supplicant: RTM_NEWLINK: operstate=0 ifi_flags=0x11003 ([UP][LOWER_UP])
07-14 20:37:57.437  4171  4171 D wpa_supplicant: RTM_NEWLINK, IFLA_IFNAME: Interface 'wlan0' added
07-14 20:37:57.437  4171  4171 D wpa_supplicant: Wireless event: cmd=0x8b06 len=8
07-14 20:37:57.437  4171  4171 D wpa_supplicant: RTM_NEWLINK: operstate=0 ifi_flags=0x11003 ([UP][LOWER_UP])
07-14 20:37:57.437  4171  4171 D wpa_supplicant: RTM_NEWLINK, IFLA_IFNAME: Interface 'wlan0' added
07-14 20:37:57.437  4171  4171 D wpa_supplicant: Wireless event: cmd=0x8b04 len=12
07-14 20:37:57.437  4171  4171 D wpa_supplicant: RTM_NEWLINK: operstate=0 ifi_flags=0x11003 ([UP][LOWER_UP])
07-14 20:37:57.437  4171  4171 D wpa_supplicant: RTM_NEWLINK, IFLA_IFNAME: Interface 'wlan0' added
07-14 20:37:57.437  4171  4171 D wpa_supplicant: Wireless event: cmd=0x8b1a len=17
07-14 20:37:57.437  4171  4171 D wpa_supplicant: RTM_NEWLINK: operstate=0 ifi_flags=0x11003 ([UP][LOWER_UP])
07-14 20:37:57.437  4171  4171 D wpa_supplicant: RTM_NEWLINK, IFLA_IFNAME: Interface 'wlan0' added
07-14 20:37:57.437  4171  4171 D wpa_supplicant: Wireless event: cmd=0x8b15 len=20
07-14 20:37:57.437  4171  4171 D wpa_supplicant: Wireless event: new AP: 98:fc:11:86:21:ea
07-14 20:37:57.437  4171  4171 D wpa_supplicant: wpa_driver_wext_set_operstate: operstate 0->0 (DORMANT)
07-14 20:37:57.437  4171  4171 D wpa_supplicant: netlink: Operstate: linkmode=-1, operstate=5
07-14 20:37:57.476  4171  4171 I wpa_supplicant: wlan0: Associated with 98:fc:11:86:21:ea
07-14 20:37:57.476  4171  4171 D wpa_supplicant: EAPOL: External notification - portEnabled=0
07-14 20:37:57.476  4171  4171 D wpa_supplicant: EAPOL: Supplicant port status: Unauthorized
07-14 20:37:57.476  4171  4171 D wpa_supplicant: EAPOL: External notification - portValid=0
07-14 20:37:57.476  4171  4171 D wpa_supplicant: EAPOL: Supplicant port status: Unauthorized
07-14 20:37:57.476  4171  4171 D wpa_supplicant: EAPOL: External notification - EAP success=0
07-14 20:37:57.476  4171  4171 D wpa_supplicant: EAPOL: Supplicant port status: Unauthorized
07-14 20:37:57.476  4171  4171 D wpa_supplicant: EAPOL: External notification - portEnabled=1
07-14 20:37:57.476  4171  4171 D wpa_supplicant: EAPOL: SUPP_PAE entering state CONNECTING
07-14 20:37:57.476  4171  4171 D wpa_supplicant: EAPOL: SUPP_BE entering state IDLE
07-14 20:37:57.476  4171  4171 D wpa_supplicant: RTM_NEWLINK: operstate=0 ifi_flags=0x11003 ([UP][LOWER_UP])
07-14 20:37:57.476  4171  4171 D wpa_supplicant: RTM_NEWLINK, IFLA_IFNAME: Interface 'wlan0' added
07-14 20:37:57.476  4171  4171 D wpa_supplicant: Wireless event: cmd=0x8c03 len=20
07-14 20:37:57.476  4171  4171 D wpa_supplicant: RTM_NEWLINK: operstate=0 ifi_flags=0x11003 ([UP][LOWER_UP])
07-14 20:37:57.476  4171  4171 D wpa_supplicant: RTM_NEWLINK, IFLA_IFNAME: Interface 'wlan0' added
07-14 20:37:57.476  4171  4171 D wpa_supplicant: Wireless event: cmd=0x8c02 len=26
07-14 20:37:57.484  4171  4171 D wpa_supplicant: WPA: PTK derivation - A1=78:d6:f0:71:1f:82 A2=98:fc:11:86:21:ea
07-14 20:37:57.500  4171  4171 D wpa_supplicant: wpa_driver_wext_set_key: alg=3 key_idx=0 set_tx=1 seq_len=6 key_len=16
07-14 20:37:57.500  4171  4171 D wpa_supplicant: EAPOL: External notification - portValid=1
07-14 20:37:57.500  4171  4171 D wpa_supplicant: wpa_driver_wext_set_key: alg=2 key_idx=2 set_tx=0 seq_len=6 key_len=32
07-14 20:37:57.500  4171  4171 I wpa_supplicant: wlan0: WPA: Key negotiation completed with 98:fc:11:86:21:ea [PTK=CCMP GTK=TKIP]
07-14 20:37:57.500  4171  4171 I wpa_supplicant: wlan0: CTRL-EVENT-CONNECTED - Connection to 98:fc:11:86:21:ea completed (auth) [id=2 id_str=]
07-14 20:37:57.500  4171  4171 D wpa_supplicant: wpa_driver_wext_set_operstate: operstate 0->1 (UP)
07-14 20:37:57.500  4171  4171 D wpa_supplicant: netlink: Operstate: linkmode=-1, operstate=6
07-14 20:37:57.500  4171  4171 D wpa_supplicant: EAPOL: External notification - portValid=1
07-14 20:37:57.500  4171  4171 D wpa_supplicant: EAPOL: External notification - EAP success=1
07-14 20:37:57.500  4171  4171 D wpa_supplicant: EAPOL: SUPP_PAE entering state AUTHENTICATING
07-14 20:37:57.500  4171  4171 D wpa_supplicant: EAPOL: SUPP_BE entering state SUCCESS
07-14 20:37:57.500  4171  4171 D wpa_supplicant: EAP: EAP entering state DISABLED
07-14 20:37:57.500  4171  4171 D wpa_supplicant: EAPOL: SUPP_PAE entering state AUTHENTICATED
07-14 20:37:57.500  4171  4171 D wpa_supplicant: EAPOL: Supplicant port status: Authorized
07-14 20:37:57.500  4171  4171 D wpa_supplicant: EAPOL: SUPP_BE entering state IDLE
07-14 20:37:57.500  4171  4171 D wpa_supplicant: EAPOL authentication completed successfully
07-14 20:37:57.500  4171  4171 D wpa_supplicant: RTM_NEWLINK: operstate=1 ifi_flags=0x11043 ([UP][RUNNING][LOWER_UP])
07-14 20:37:57.500  4171  4171 D wpa_supplicant: RTM_NEWLINK, IFLA_IFNAME: Interface 'wlan0' added
07-14 20:37:57.547  4171  4171 D wpa_supplicant: wpa_driver_wext_driver_cmd BTCOEXMODE 1 len = 4096
07-14 20:37:57.691  4171  4171 D wpa_supplicant: wpa_driver_wext_driver_cmd OK len = 0, 2
07-14 20:37:57.691  4171  4171 D wpa_supplicant: EAPOL: startWhen --> 0
07-14 20:37:57.691  4171  4171 D wpa_supplicant: EAPOL: disable timer tick
07-14 20:37:57.691  4171  4171 D wpa_supplicant: wpa_driver_wext_driver_cmd GETPOWER len = 4096
07-14 20:37:57.691  4171  4171 D wpa_supplicant: wpa_driver_wext_driver_cmd powermode = 0 len = 13, 13
07-14 20:37:57.695  4171  4171 D wpa_supplicant: wpa_driver_wext_driver_cmd POWERMODE 1 len = 4096
07-14 20:37:57.699  4171  4171 D wpa_supplicant: wpa_driver_wext_driver_cmd OK len = 0, 2
07-14 20:37:57.789  1199  4181 I LocatorService: lbs-onHandleIntent ------ timestamp too recent, skip
07-14 20:37:57.789  1199  4181 I LocatorService: lbs-onHandleIntent -- passive repeat
07-14 20:37:57.789  1199  4181 W LocationUtil: lbs-requestPassiveUpdates start
07-14 20:37:58.363  3526  3528 D dalvikvm: GC_CONCURRENT freed 1853K, 12% free 15117K/17095K, paused 6ms+5ms
07-14 20:37:58.793  1199  4185 I LocatorService: lbs-onHandleIntent ------ lat/long/acc unchanged, skip
07-14 20:37:58.793  1199  4185 I LocatorService: lbs-onHandleIntent -- passive repeat
07-14 20:37:58.793  1199  4185 W LocationUtil: lbs-requestPassiveUpdates start
07-14 20:37:58.902    81   125 D AudioHardware: AudioHardware pcm playback is going to standby.
07-14 20:37:58.906    81   125 D AudioHardware: closePcmOut_l() mPcmOpenCnt: 1
07-14 20:37:59.340   141   143 D dalvikvm: GC_CONCURRENT freed 1046K, 16% free 14017K/16519K, paused 13ms+9ms
07-14 20:37:59.781  1199  4186 I LocationUtil: lbs-scheduleTargetingUpdate start
07-14 20:37:59.781  1199  4186 W LocationUtil: lbs-scheduleTargetingUpdate: user has NOT allowed use of lbs, skip
07-14 20:37:59.781  1199  4186 I LocatorService: lbs-onHandleIntent -- passive repeat
07-14 20:37:59.781  1199  4186 W LocationUtil: lbs-requestPassiveUpdates start
07-14 20:38:00.125  3377  3377 D dalvikvm: GC_EXPLICIT freed 9K, 4% free 9061K/9347K, paused 3ms+5ms
07-14 20:38:00.746  1199  4187 I LocatorService: lbs-onHandleIntent ------ timestamp too recent, skip
07-14 20:38:00.746  1199  4187 I LocatorService: lbs-onHandleIntent -- passive repeat
07-14 20:38:00.746  1199  4187 W LocationUtil: lbs-requestPassiveUpdates start
07-14 20:38:01.820  1199  4206 I LocatorService: lbs-onHandleIntent ------ timestamp too recent, skip
07-14 20:38:01.820  1199  4206 I LocatorService: lbs-onHandleIntent -- passive repeat
07-14 20:38:01.820  1199  4206 W LocationUtil: lbs-requestPassiveUpdates start
07-14 20:38:01.910  4171  4171 D wpa_supplicant: wpa_driver_wext_driver_cmd POWERMODE 0 len = 4096
07-14 20:38:01.910  4171  4171 D wpa_supplicant: wpa_driver_wext_driver_cmd OK len = 0, 2
07-14 20:38:01.910  4171  4171 D wpa_supplicant: wpa_driver_wext_driver_cmd BTCOEXMODE 2 len = 4096
07-14 20:38:01.910  4171  4171 D wpa_supplicant: wpa_driver_wext_driver_cmd OK len = 0, 2
07-14 20:38:01.918   141   196 D ConnectivityService: ConnectivityChange for WIFI: CONNECTED/CONNECTED
07-14 20:38:01.918   141   196 D ConnectivityService: Policy requires mobile teardown
07-14 20:38:01.929  4171  4171 D wpa_supplicant: wpa_driver_wext_driver_cmd RSSI len = 248
07-14 20:38:01.937  4171  4171 D wpa_supplicant: wpa_driver_wext_driver_cmd chameleon rssi -80  len = 19, 19
07-14 20:38:01.937  4171  4171 D wpa_supplicant: wpa_driver_wext_driver_cmd LINKSPEED len = 248
07-14 20:38:01.937  4171  4171 D wpa_supplicant: wpa_driver_wext_driver_cmd LinkSpeed 52 len = 12, 12
07-14 20:38:01.965  1380  1380 I PhoneLab-WiFiReceiver: Wi-Fi is connected!
07-14 20:38:02.000  1380  1380 I PhoneLab-WiFiReceiver: SSID: chameleon BSSID: 98:fc:11:86:21:ea RSSI: -80 LinkSpeed: 52
07-14 20:38:02.000  1380  1380 I PhoneLab-Locks: wake lock acquired
07-14 20:38:02.023   141   191 W NetworkStats: dropping UID delta from unknown iface: iface=wlan0 uid=0 set=DEFAULT tag=0x0 rxBytes=0 rxPackets=0 txBytes=328 txPackets=5 operations=0
07-14 20:38:02.023   141   196 D ConnectivityService: ConnectivityChange for mobile: DISCONNECTED/DISCONNECTED
07-14 20:38:02.023   141   196 D ConnectivityService: Attempting to switch to WIFI
07-14 20:38:02.023   141   196 D ConnectivityService: Attempting to switch to WIMAX
07-14 20:38:02.027   141   196 D ConnectivityService: Attempting to switch to BLUETOOTH_TETHER
07-14 20:38:02.031   141   196 D NetUtils: android_net_utils_resetConnections in env=0x15dad10 clazz=0xca200001 iface=rmnet0 mask=0x3
07-14 20:38:02.031   141   196 D ConnectivityService: resetConnections(rmnet0, 3)
07-14 20:38:02.070  1380  1380 I PhoneLab-UploadLogs: Transfering log files now
07-14 20:38:02.109  1380  1380 I PhoneLab-UploadLogs: No log files to transfer
07-14 20:38:02.109  1380  1380 I PhoneLab-Locks: wake lock released
07-14 20:38:02.113  1380  1380 I PhoneLab-UploadLogs: OnStartCommand
07-14 20:38:02.640   257  3779 W Smack/Packet: notify conn break (IOEx), close connection
07-14 20:38:02.726  4171  4171 D wpa_supplicant: Ignore event for foreign ifindex 2
07-14 20:38:02.847   257  3779 I qtaguid : Failed write_ctrl(u 76) res=-1 errno=22
07-14 20:38:02.847   257  3779 I qtaguid : Untagging socket 76 failed errno=-22
07-14 20:38:02.847   257  3779 W NetworkManagementSocketTagger: untagSocket(76) failed with errno -22
07-14 20:38:02.871   141   196 D ConnectivityService: handleInetConditionChange: net=0 != default=1 - ignore
07-14 20:38:02.918  1199  4210 I LocationUtil: lbs-scheduleTargetingUpdate start
07-14 20:38:02.918  1199  4210 W LocationUtil: lbs-scheduleTargetingUpdate: user has NOT allowed use of lbs, skip
07-14 20:38:02.918  1199  4210 I LocatorService: lbs-onHandleIntent -- passive repeat
07-14 20:38:02.918  1199  4210 W LocationUtil: lbs-requestPassiveUpdates start
07-14 20:38:03.148  3526  3528 D dalvikvm: GC_CONCURRENT freed 2179K, 14% free 15032K/17287K, paused 4ms+5ms
07-14 20:38:03.355  3526  3533 I dalvikvm: Jit: resizing JitTable from 8192 to 16384
07-14 20:38:03.543  3526  3553 D dalvikvm: GC_FOR_ALLOC freed 927K, 13% free 15112K/17287K, paused 40ms
07-14 20:38:03.629  3526  3553 D dalvikvm: GC_FOR_ALLOC freed 394K, 13% free 15156K/17287K, paused 39ms
07-14 20:38:04.031   257  1778 D dalvikvm: GC_EXPLICIT freed 134K, 6% free 10065K/10695K, paused 3ms+7ms
07-14 20:38:04.414  1199  4212 I LocatorService: lbs-onHandleIntent ------ timestamp too recent, skip
07-14 20:38:04.414  1199  4212 I LocatorService: lbs-onHandleIntent -- passive repeat
07-14 20:38:04.414  1199  4212 W LocationUtil: lbs-requestPassiveUpdates start
07-14 20:38:04.718   141   143 D dalvikvm: GC_CONCURRENT freed 1235K, 16% free 13909K/16519K, paused 4ms+20ms
07-14 20:38:04.804  1199  4213 I LocatorService: lbs-onHandleIntent ------ timestamp too recent, skip
07-14 20:38:04.804  1199  4213 I LocatorService: lbs-onHandleIntent -- passive repeat
07-14 20:38:04.804  1199  4213 W LocationUtil: lbs-requestPassiveUpdates start
07-14 20:38:04.875  4100  4111 V TextToSpeechService: File /data/data/com.google.android.apps.maps/app_da_speech/._speech_nav_20.wav exists, deleting.
07-14 20:38:04.953  4171  4171 D wpa_supplicant: wpa_driver_wext_driver_cmd RSSI len = 248
07-14 20:38:04.953  4171  4171 D wpa_supplicant: wpa_driver_wext_driver_cmd chameleon rssi -83  len = 19, 19
07-14 20:38:04.953  4171  4171 D wpa_supplicant: wpa_driver_wext_driver_cmd LINKSPEED len = 248
07-14 20:38:04.953  4171  4171 D wpa_supplicant: wpa_driver_wext_driver_cmd LinkSpeed 26 len = 12, 12
07-14 20:38:05.039   141   200 D Tethering: MasterInitialState.processMessage what=3
07-14 20:38:05.086  4100  4102 D dalvikvm: GC_CONCURRENT freed 311K, 5% free 9165K/9607K, paused 35ms+2ms
07-14 20:38:05.109  1092  1092 D DAL     : lrb android.net.conn.CONNECTIVITY_CHANGE
07-14 20:38:05.109  1092  1092 D DAL     : lrb Starting displayBannerIfNotConnectedTask
07-14 20:38:05.125   141   200 D Tethering: MasterInitialState.processMessage what=3
07-14 20:38:05.191   141  2686 I ActivityManager: Start proc com.google.android.gallery3d for broadcast com.google.android.gallery3d/com.google.android.picasasync.ConnectivityReceiver: pid=4219 uid=10017 gids={3003, 1015}
07-14 20:38:05.218   141   200 D Tethering: MasterInitialState.processMessage what=3
07-14 20:38:05.386  1092  1092 D DAL     : lrb updateCurrentView
07-14 20:38:05.386  1092  1092 I DAL     : lrb updateHeader
07-14 20:38:05.386  1092  1092 D DAL     : lrb abortRequests
07-14 20:38:05.386  1092  1092 D DAL     : lrb android.net.conn.CONNECTIVITY_CHANGE
07-14 20:38:05.386  1092  1092 D DAL     : lrb Starting displayBannerIfNotConnectedTask
07-14 20:38:05.386  1092  1092 D DAL     : lrb updateCurrentView
07-14 20:38:05.386  1092  1092 I DAL     : lrb updateHeader
07-14 20:38:05.386  1092  1092 D DAL     : lrb abortRequests
07-14 20:38:05.386  1092  1092 D DAL     : lrb android.net.conn.CONNECTIVITY_CHANGE
07-14 20:38:05.386  1092  1092 D DAL     : lrb Starting displayBannerIfNotConnectedTask
07-14 20:38:05.390  1092  1092 D DAL     : lrb updateCurrentView
07-14 20:38:05.390  1092  1092 I DAL     : lrb updateHeader
07-14 20:38:05.390  1092  1092 D DAL     : lrb abortRequests
07-14 20:38:05.406   257   257 I GTalkService/c: [AndroidEndpoint@1094823544] connect: acct=1000000, state=CONNECTING
07-14 20:38:05.445  4219  4219 I ActivityThread: Pub com.google.android.gallery3d.GooglePhotoProvider: com.google.android.picasasync.PicasaContentProvider
07-14 20:38:05.535  4219  4223 D dalvikvm: GC_CONCURRENT freed 418K, 6% free 9114K/9607K, paused 3ms+2ms
07-14 20:38:05.578  4219  4219 I ActivityThread: Pub com.google.android.gallery3d.provider: com.android.gallery3d.provider.GalleryProvider
07-14 20:38:05.672  4219  4223 D dalvikvm: GC_CONCURRENT freed 402K, 5% free 9192K/9671K, paused 2ms+2ms
07-14 20:38:05.703  4219  4219 D UploadsManager: load newPhotoTracker: null
07-14 20:38:05.703  4219  4219 D UploadsManager: load all accounts: null
07-14 20:38:05.703  4219  4219 D UploadsManager: load all account-album pairs: null
07-14 20:38:05.707  4219  4219 V PicasaContentProvider: querySettings: defaults: {sync_on_wifi_only=1, auto_upload_account_type=null, sync_on_battery=1, sync_picasa_on_wifi_only=1, auto_upload_enabled=0, video_upload_wifi_only=1, sync_on_roaming=0, auto_upload_account_name=null}
07-14 20:38:05.718  4219  4219 D UploadsManager:    settings not changed
07-14 20:38:05.789  2111  2111 I MediaUploader: No need to wake up
07-14 20:38:05.863  4219  4233 D PicasaSync: sync account database
07-14 20:38:06.004  3526  3770 D dalvikvm: GC_FOR_ALLOC freed 1112K, 12% free 15346K/17287K, paused 75ms
07-14 20:38:06.035  4100  4111 V TextToSpeechService: File /data/data/com.google.android.apps.maps/app_da_speech/._speech_nav_19.wav exists, deleting.
07-14 20:38:06.074  1199  4236 I LocatorService: lbs-onHandleIntent ------ lat/long/acc unchanged, skip
07-14 20:38:06.074  1199  4236 I LocatorService: lbs-onHandleIntent -- passive repeat
07-14 20:38:06.074  1199  4236 W LocationUtil: lbs-requestPassiveUpdates start
07-14 20:38:06.179  2111  2111 I MediaUploader: No need to wake up
07-14 20:38:06.320  4100  4111 V TextToSpeechService: File /data/data/com.google.android.apps.maps/app_da_speech/._speech_nav_18.wav exists, deleting.
07-14 20:38:06.340  2111  2111 I MediaUploader: No need to wake up
07-14 20:38:06.449  4219  4233 D PicasaSync: accounts in DB=1
07-14 20:38:06.453  4219  4233 V PicasaContentProvider: querySettings: defaults: {sync_on_wifi_only=1, auto_upload_account_type=null, sync_on_battery=1, sync_picasa_on_wifi_only=1, auto_upload_enabled=0, video_upload_wifi_only=1, sync_on_roaming=0, auto_upload_account_name=null}
07-14 20:38:06.461  4219  4233 D PicasaSyncManager: active network: NetworkInfo: type: WIFI[], state: CONNECTED/CONNECTED, reason: (unspecified), extra: (none), roaming: false, failover: false, isAvailable: true
07-14 20:38:06.461  4219  4233 D PicasaSyncManager: background data: true
07-14 20:38:06.605  1238  4241 I DownloadManager: Initiating request for download 132
07-14 20:38:06.625  4100  4111 V TextToSpeechService: File /data/data/com.google.android.apps.maps/app_da_speech/._speech_nav_17.wav exists, deleting.
07-14 20:38:06.664  4219  4233 D PicasaSyncManager: battery info: false
07-14 20:38:06.746  1199  4244 I LocatorService: lbs-onHandleIntent ------ lat/long/acc unchanged, skip
07-14 20:38:06.746  1199  4244 I LocatorService: lbs-onHandleIntent -- passive repeat
07-14 20:38:06.746  1199  4244 W LocationUtil: lbs-requestPassiveUpdates start
07-14 20:38:06.820   257   260 D dalvikvm: GC_CONCURRENT freed 343K, 6% free 10118K/10695K, paused 3ms+4ms
07-14 20:38:06.902  4100  4102 D dalvikvm: GC_CONCURRENT freed 398K, 6% free 9228K/9735K, paused 3ms+5ms
07-14 20:38:06.996  3526  3537 D dalvikvm: GC_FOR_ALLOC freed 265K, 12% free 15333K/17415K, paused 43ms
07-14 20:38:07.000  4100  4111 V TextToSpeechService: File /data/data/com.google.android.apps.maps/app_da_speech/._speech_nav_16.wav exists, deleting.
07-14 20:38:07.269  4100  4111 V TextToSpeechService: File /data/data/com.google.android.apps.maps/app_da_speech/._speech_nav_15.wav exists, deleting.
07-14 20:38:07.359  1380  1409 I PhoneLab-: Service Running
07-14 20:38:07.547  1380  1409 I PhoneLab-LoggerService: app_38    1428  1380  1432   1056  c00f181c 400107b4 S logcat
07-14 20:38:07.547  1380  1409 I PhoneLab-LoggerService: Logcat pid from database 1428
07-14 20:38:07.547  1380  1409 I PhoneLab-LoggerService: Logcat process found 1428
07-14 20:38:07.547  1380  1409 I PhoneLab-LoggerService: Checking Threshold
07-14 20:38:07.550  4100  4111 V TextToSpeechService: File /data/data/com.google.android.apps.maps/app_da_speech/._speech_nav_14.wav exists, deleting.
07-14 20:38:07.824  1199  4255 I LocatorService: lbs-onHandleIntent ------ lat/long/acc unchanged, skip
07-14 20:38:07.824  1199  4255 I LocatorService: lbs-onHandleIntent -- passive repeat
07-14 20:38:07.824  1199  4255 W LocationUtil: lbs-requestPassiveUpdates start
07-14 20:38:07.824   141   196 D ConnectivityService: handleInetConditionHoldEnd: net=1, condition=100, published condition=0
07-14 20:38:07.957  4171  4171 D wpa_supplicant: wpa_driver_wext_driver_cmd RSSI len = 248
07-14 20:38:07.968  4171  4171 D wpa_supplicant: wpa_driver_wext_driver_cmd chameleon rssi -75  len = 19, 19
07-14 20:38:07.968  4171  4171 D wpa_supplicant: wpa_driver_wext_driver_cmd LINKSPEED len = 248
07-14 20:38:07.968  4171  4171 D wpa_supplicant: wpa_driver_wext_driver_cmd LinkSpeed 19 len = 12, 12
07-14 20:38:08.605  3526  3537 D dalvikvm: GC_FOR_ALLOC freed 230K, 12% free 15334K/17415K, paused 57ms
07-14 20:38:08.609  4100  4111 V TextToSpeechService: File /data/data/com.google.android.apps.maps/app_da_speech/._speech_nav_13.wav exists, deleting.
07-14 20:38:08.726  4040  4043 D dalvikvm: GC_CONCURRENT freed 339K, 5% free 9134K/9607K, paused 5ms+3ms
07-14 20:38:08.914  4100  4111 V TextToSpeechService: File /data/data/com.google.android.apps.maps/app_da_speech/._speech_nav_12.wav exists, deleting.
07-14 20:38:08.922  4100  4107 D dalvikvm: null clazz in OP_INSTANCE_OF, single-stepping
07-14 20:38:08.961  1199  4256 I LocationUtil: lbs-scheduleTargetingUpdate start
07-14 20:38:08.961  1199  4256 W LocationUtil: lbs-scheduleTargetingUpdate: user has NOT allowed use of lbs, skip
07-14 20:38:08.961  1199  4256 I LocatorService: lbs-onHandleIntent -- passive repeat
07-14 20:38:08.961  1199  4256 W LocationUtil: lbs-requestPassiveUpdates start
07-14 20:38:09.132  4100  4111 V TextToSpeechService: File /data/data/com.google.android.apps.maps/app_da_speech/._speech_nav_11.wav exists, deleting.
07-14 20:38:09.468  4100  4102 D dalvikvm: GC_CONCURRENT freed 452K, 6% free 9226K/9799K, paused 2ms+7ms
07-14 20:38:09.543  3526  3537 D dalvikvm: GC_FOR_ALLOC freed 302K, 12% free 15348K/17415K, paused 41ms
07-14 20:38:09.867  1199  4259 I LocatorService: lbs-onHandleIntent ------ timestamp too recent, skip
07-14 20:38:09.867  1199  4259 I LocatorService: lbs-onHandleIntent -- passive repeat
07-14 20:38:09.867  1199  4259 W LocationUtil: lbs-requestPassiveUpdates start
07-14 20:38:10.808  1199  4260 I LocatorService: lbs-onHandleIntent ------ timestamp too recent, skip
07-14 20:38:10.808  1199  4260 I LocatorService: lbs-onHandleIntent -- passive repeat
07-14 20:38:10.808  1199  4260 W LocationUtil: lbs-requestPassiveUpdates start
07-14 20:38:10.976  4171  4171 D wpa_supplicant: wpa_driver_wext_driver_cmd RSSI len = 248
07-14 20:38:10.984  4171  4171 D wpa_supplicant: wpa_driver_wext_driver_cmd chameleon rssi -64  len = 19, 19
07-14 20:38:10.984  4171  4171 D wpa_supplicant: wpa_driver_wext_driver_cmd LINKSPEED len = 248
07-14 20:38:10.984  4171  4171 D wpa_supplicant: wpa_driver_wext_driver_cmd LinkSpeed 26 len = 12, 12
07-14 20:38:11.863  1199  4261 I LocationUtil: lbs-scheduleTargetingUpdate start
07-14 20:38:11.863  1199  4261 W LocationUtil: lbs-scheduleTargetingUpdate: user has NOT allowed use of lbs, skip
07-14 20:38:11.863  1199  4261 I LocatorService: lbs-onHandleIntent -- passive repeat
07-14 20:38:11.863  1199  4261 W LocationUtil: lbs-requestPassiveUpdates start
07-14 20:38:12.777  1199  4263 I LocatorService: lbs-onHandleIntent ------ timestamp too recent, skip
07-14 20:38:12.777  1199  4263 I LocatorService: lbs-onHandleIntent -- passive repeat
07-14 20:38:12.777  1199  4263 W LocationUtil: lbs-requestPassiveUpdates start
07-14 20:38:13.070  3526  4090 D dalvikvm: GC_FOR_ALLOC freed 832K, 14% free 15004K/17415K, paused 289ms
07-14 20:38:13.812  1199  4266 I LocatorService: lbs-onHandleIntent ------ timestamp too recent, skip
07-14 20:38:13.812  1199  4266 I LocatorService: lbs-onHandleIntent -- passive repeat
07-14 20:38:13.812  1199  4266 W LocationUtil: lbs-requestPassiveUpdates start
07-14 20:38:13.840  4100  4111 V TextToSpeechService: File /data/data/com.google.android.apps.maps/app_da_speech/._speech_nav_10.wav exists, deleting.
07-14 20:38:14.019  4171  4171 D wpa_supplicant: wpa_driver_wext_driver_cmd RSSI len = 248
07-14 20:38:14.019  4171  4171 D wpa_supplicant: wpa_driver_wext_driver_cmd chameleon rssi -67  len = 19, 19
07-14 20:38:14.019  4171  4171 D wpa_supplicant: wpa_driver_wext_driver_cmd LINKSPEED len = 248
07-14 20:38:14.019  4171  4171 D wpa_supplicant: wpa_driver_wext_driver_cmd LinkSpeed 39 len = 12, 12
07-14 20:38:14.121  4100  4111 V TextToSpeechService: File /data/data/com.google.android.apps.maps/app_da_speech/._speech_nav_9.wav exists, deleting.
07-14 20:38:14.465  3526  4090 D dalvikvm: GC_FOR_ALLOC freed 909K, 15% free 14932K/17415K, paused 50ms
07-14 20:38:14.465  3526  4090 I dalvikvm-heap: Grow heap (frag case) to 14.906MB for 262160-byte allocation
07-14 20:38:14.504  3526  4090 D dalvikvm: GC_FOR_ALLOC freed 15K, 15% free 15172K/17735K, paused 38ms
07-14 20:38:14.558  3526  4090 D dalvikvm: GC_FOR_ALLOC freed 257K, 16% free 14917K/17735K, paused 38ms
07-14 20:38:14.840  1380  1380 I PhoneLab-Locks: wake lock acquired
07-14 20:38:14.843  1380  1380 I PhoneLab-StatusMonitor: Status Monitoring is started
07-14 20:38:15.015  1380  1382 D dalvikvm: GC_CONCURRENT freed 465K, 19% free 9267K/11335K, paused 2ms+4ms
07-14 20:38:15.047  1380  1380 I PhoneLab-StatusMonitor: Value: 10 - unit: min
07-14 20:38:15.047  1380  1380 I PhoneLab-StatusMonitor: Running interval: 600000
07-14 20:38:15.066  1380  1380 I PhoneLab-StatusMonitor: Rescheduling status monitoring...
07-14 20:38:15.070  1380  1380 I PhoneLab-Locks: wake lock released
07-14 20:38:15.082  1380  1380 I PhoneLab-StatusMonitorLocation: Learning Location
07-14 20:38:15.082  1380  1380 I PhoneLab-Locks: wake lock acquired
07-14 20:38:15.183   141   143 D dalvikvm: GC_CONCURRENT freed 1051K, 16% free 13982K/16519K, paused 3ms+6ms
07-14 20:38:15.215  1380  1380 I PhoneLab-Locks: wake lock acquired
07-14 20:38:15.218  1380  1380 I PhoneLab-StatusMonitorLocation: Learning Signal Strgth
07-14 20:38:15.218  1380  1380 I PhoneLab-Locks: wake lock acquired
07-14 20:38:15.222  1380  1380 I PhoneLab-StatusMonitorBattery: Battery_level: 87
07-14 20:38:15.222  1380  1380 I PhoneLab-Locks: wake lock released
07-14 20:38:15.226  1380  1380 I PhoneLab-StatusMonitorSignal: Signal_Strength: -96 asu: 9
07-14 20:38:15.226  1380  1380 I PhoneLab-Locks: wake lock released
07-14 20:38:15.230   257   483 D androidNetworkLocationListeners: Still have listener com.google.android.location.internal.client.NetworkLocationClient$1@41393a88
07-14 20:38:15.230  4171  4171 D wpa_supplicant: wpa_driver_wext_driver_cmd SETSUSPENDOPT 0 len = 4096
07-14 20:38:15.230  4171  4171 D wpa_supplicant: wpa_driver_wext_driver_cmd SETSUSPENDOPT 0 len = 0, 15
07-14 20:38:15.230  4171  4171 D wpa_supplicant: wpa_driver_wext_driver_cmd POWERMODE 0 len = 4096
07-14 20:38:15.234   257   483 D androidNetworkLocationListeners: Still have listener com.google.android.location.internal.client.NetworkLocationClient$1@41393a88
07-14 20:38:15.246  4171  4171 D wpa_supplicant: wpa_driver_wext_driver_cmd OK len = 0, 2
07-14 20:38:15.648  1199  4269 I LocationUtil: lbs-scheduleTargetingUpdate start
07-14 20:38:15.648  1199  4269 W LocationUtil: lbs-scheduleTargetingUpdate: user has NOT allowed use of lbs, skip
07-14 20:38:15.648  1199  4269 I LocatorService: lbs-onHandleIntent -- passive repeat
07-14 20:38:15.648  1199  4269 W LocationUtil: lbs-requestPassiveUpdates start
07-14 20:38:15.781  1199  4272 I LocatorService: lbs-onHandleIntent ------ timestamp too recent, skip
07-14 20:38:15.781  1199  4272 I LocatorService: lbs-onHandleIntent -- passive repeat
07-14 20:38:15.781  1199  4272 W LocationUtil: lbs-requestPassiveUpdates start
07-14 20:38:15.816  1380  1380 I PhoneLab-StatusMonitorLocation: Location_Latitude: 43.1346839 Longitude: -77.428706 Accuracy: 30.0
07-14 20:38:15.816  1380  1380 I PhoneLab-Locks: wake lock released
07-14 20:38:15.816   257   483 D androidNetworkLocationListeners: Still have listener com.google.android.location.internal.client.NetworkLocationClient$1@41393a88
07-14 20:38:15.851  4171  4171 D wpa_supplicant: wpa_driver_wext_driver_cmd SETSUSPENDOPT 0 len = 4096
07-14 20:38:15.851  4171  4171 D wpa_supplicant: wpa_driver_wext_driver_cmd SETSUSPENDOPT 0 len = 0, 15
07-14 20:38:15.851  4171  4171 D wpa_supplicant: wpa_driver_wext_driver_cmd POWERMODE 0 len = 4096
07-14 20:38:15.859  4171  4171 D wpa_supplicant: wpa_driver_wext_driver_cmd OK len = 0, 2
07-14 20:38:15.859  4171  4171 D wpa_supplicant: wpa_driver_wext_driver_cmd SETSUSPENDOPT 0 len = 4096
07-14 20:38:15.859  4171  4171 D wpa_supplicant: wpa_driver_wext_driver_cmd SETSUSPENDOPT 0 len = 0, 15
07-14 20:38:15.859  4171  4171 D wpa_supplicant: wpa_driver_wext_driver_cmd POWERMODE 0 len = 4096
07-14 20:38:15.859  4171  4171 D wpa_supplicant: wpa_driver_wext_driver_cmd OK len = 0, 2
07-14 20:38:15.859  4171  4171 D wpa_supplicant: WPS: Building WPS IE for Probe Request
07-14 20:38:15.859  4171  4171 D wpa_supplicant: WPS:  * Version (hardcoded 0x10)
07-14 20:38:15.859  4171  4171 D wpa_supplicant: WPS:  * Request Type
07-14 20:38:15.859  4171  4171 D wpa_supplicant: WPS:  * Config Methods (2388)
07-14 20:38:15.859  4171  4171 D wpa_supplicant: WPS:  * UUID-E
07-14 20:38:15.859  4171  4171 D wpa_supplicant: WPS:  * Primary Device Type
07-14 20:38:15.859  4171  4171 D wpa_supplicant: WPS:  * RF Bands (3)
07-14 20:38:15.859  4171  4171 D wpa_supplicant: WPS:  * Association State
07-14 20:38:15.859  4171  4171 D wpa_supplicant: WPS:  * Configuration Error (0)
07-14 20:38:15.859  4171  4171 D wpa_supplicant: WPS:  * Device Password ID (0)
07-14 20:38:15.859  4171  4171 D wpa_supplicant: WPS:  * Manufacturer
07-14 20:38:15.859  4171  4171 D wpa_supplicant: WPS:  * Model Name
07-14 20:38:15.859  4171  4171 D wpa_supplicant: WPS:  * Model Number
07-14 20:38:15.859  4171  4171 D wpa_supplicant: WPS:  * Device Name
07-14 20:38:15.859  4171  4171 D wpa_supplicant: WPS:  * Version2 (0x20)
07-14 20:38:15.859  4171  4171 D wpa_supplicant: wpa_driver_wext_combo_scan: Start
07-14 20:38:15.859  4171  4171 D wpa_supplicant: For Scan: (null)
07-14 20:38:15.863  4171  4171 D wpa_supplicant: Scan requested (ret=0) - scan timeout 30 seconds
07-14 20:38:15.863  4171  4171 D wpa_supplicant: Ongoing scan action - reject new request
07-14 20:38:15.875  1199  4273 I LocatorService: lbs-onHandleIntent ------ timestamp too recent, skip
07-14 20:38:15.875  1199  4273 I LocatorService: lbs-onHandleIntent -- passive repeat
07-14 20:38:15.875  1199  4273 W LocationUtil: lbs-requestPassiveUpdates start
07-14 20:38:16.300  1092  1092 D WeatherGadgetConfigurePreferences: LOC_KEY + 6: null
07-14 20:38:16.312   257   483 D androidNetworkLocationListeners: Still have listener com.google.android.location.internal.client.NetworkLocationClient$1@41393a88
07-14 20:38:16.316  4171  4171 D wpa_supplicant: Ongoing scan action - reject new request
07-14 20:38:16.320   257   483 D androidNetworkLocationListeners: Still have listener com.google.android.location.internal.client.NetworkLocationClient$1@41393a88
07-14 20:38:16.324  4171  4171 D wpa_supplicant: Ongoing scan action - reject new request
07-14 20:38:16.336  1092  4275 I ControllerImpl: GET:http://wxdata.weather.com/wxdata/loc/get.js?lat=43.1346839&lng=-77.428706&locale=en_US&key=e88d42ec-a740-102c-bafd-001321203584
07-14 20:38:16.336  1092  4275 I DAL     : GET:http://wxdata.weather.com/wxdata/loc/get.js?lat=43.1346839&lng=-77.428706&locale=en_US&key=e88d42ec-a740-102c-bafd-001321203584
07-14 20:38:16.691  1092  1092 D chris   : 20:38
07-14 20:38:16.691  1092  1092 D WeatherGadgetConfigurePreferences: LOC_KEY + 6: null
07-14 20:38:16.742  1092  1092 D WeatherGadgetService: WeatherGadetService.getWeatherData:Penfield, NY (14526), **FOLLOW_ME**
07-14 20:38:16.742  1092  1092 D DAL     : WeatherDataConnection request:Penfield, NY (14526), CC
07-14 20:38:16.746  1092  1092 D DAL     : WeatherDataConnection request:Penfield, NY (14526), WA
07-14 20:38:16.754  1199  4279 I LocatorService: lbs-onHandleIntent ------ timestamp too recent, skip
07-14 20:38:16.754  1199  4279 I LocatorService: lbs-onHandleIntent -- passive repeat
07-14 20:38:16.754  1199  4279 W LocationUtil: lbs-requestPassiveUpdates start
07-14 20:38:16.757  1092  1092 D WeatherGadgetConfigurePreferences: LOC_KEY + 6: null
07-14 20:38:16.765  1092  1092 D WeatherGadgetConfigurePreferences: LOC_KEY + 6: null
07-14 20:38:17.027  4171  4171 D wpa_supplicant: wpa_driver_wext_driver_cmd RSSI len = 248
07-14 20:38:17.054  4171  4171 D wpa_supplicant: wpa_driver_wext_driver_cmd chameleon rssi -66  len = 19, 19
07-14 20:38:17.054  4171  4171 D wpa_supplicant: wpa_driver_wext_driver_cmd LINKSPEED len = 248
07-14 20:38:17.070  4171  4171 D wpa_supplicant: wpa_driver_wext_driver_cmd LinkSpeed 52 len = 12, 12
07-14 20:38:17.086  4171  4171 D wpa_supplicant: RTM_NEWLINK: operstate=1 ifi_flags=0x11043 ([UP][RUNNING][LOWER_UP])
07-14 20:38:17.086  4171  4171 D wpa_supplicant: RTM_NEWLINK, IFLA_IFNAME: Interface 'wlan0' added
07-14 20:38:17.086  4171  4171 D wpa_supplicant: Wireless event: cmd=0x8b19 len=8
07-14 20:38:17.086  4171  4171 D wpa_supplicant: Received 563 bytes of scan results (2 BSSes)
07-14 20:38:17.187   257   260 D dalvikvm: GC_CONCURRENT freed 583K, 7% free 10095K/10759K, paused 3ms+3ms
07-14 20:38:17.199  4171  4171 D wpa_supplicant: wpa_driver_wext_driver_cmd SETSUSPENDOPT 0 len = 4096
07-14 20:38:17.199  4171  4171 D wpa_supplicant: wpa_driver_wext_driver_cmd SETSUSPENDOPT 0 len = 0, 15
