07-14 02:49:13.343   521  1322 I PhoneLab-LoggerService: Checking Threshold
07-14 02:49:13.343   521  1322 I PhoneLab-: Service Running
07-14 02:49:13.375   521  1322 I PhoneLab-LoggerService: app_38    1330  521   1432   1064  c00f181c 400107b4 S logcat
07-14 02:49:13.375   521  1322 I PhoneLab-LoggerService: Logcat pid from database 1330
07-14 02:49:13.375   521  1322 I PhoneLab-LoggerService: Logcat process found 1330
07-14 02:49:13.375   521  1322 I PhoneLab-LoggerService: Checking Threshold
07-14 02:49:13.375   521  1322 I PhoneLab-: Service Running
07-14 02:49:13.406   521  1322 I PhoneLab-LoggerService: app_38    1330  521   1432   1064  c00f181c 400107b4 S logcat
07-14 02:49:13.406   521  1322 I PhoneLab-LoggerService: Logcat pid from database 1330
07-14 02:49:13.406   521  1322 I PhoneLab-LoggerService: Logcat process found 1330
07-14 02:49:13.406   521  1322 I PhoneLab-LoggerService: Checking Threshold
07-14 02:49:13.406   521  1322 I PhoneLab-: Service Running
07-14 02:49:13.437   521  1322 I PhoneLab-LoggerService: app_38    1330  521   1432   1064  c00f181c 400107b4 S logcat
07-14 02:49:13.437   521  1322 I PhoneLab-LoggerService: Logcat pid from database 1330
07-14 02:49:13.437   521  1322 I PhoneLab-LoggerService: Logcat process found 1330
07-14 02:49:13.437   521  1322 I PhoneLab-LoggerService: Checking Threshold
07-14 02:49:16.445   521   521 I PhoneLab-Locks: wake lock acquired
07-14 02:49:16.476   521   521 I PhoneLab-StatusMonitor: Status Monitoring is started
07-14 02:49:16.511   521   523 D dalvikvm: GC_CONCURRENT freed 480K, 14% free 9258K/10759K, paused 2ms+2ms
07-14 02:49:16.535   521   521 I PhoneLab-StatusMonitor: Value: 10 - unit: min
07-14 02:49:16.535   521   521 I PhoneLab-StatusMonitor: Running interval: 600000
07-14 02:49:16.550   521   521 I PhoneLab-StatusMonitor: Rescheduling status monitoring...
07-14 02:49:16.566   521   536 D dalvikvm: GC_EXPLICIT freed 313K, 15% free 9243K/10759K, paused 1ms+2ms
07-14 02:49:16.566   521   521 I PhoneLab-Locks: wake lock released
07-14 02:49:16.574   521   521 I PhoneLab-StatusMonitorLocation: Learning Location
07-14 02:49:16.574   521   521 I PhoneLab-Locks: wake lock acquired
07-14 02:49:16.589   521   521 I PhoneLab-Locks: wake lock acquired
07-14 02:49:16.597   521   521 I PhoneLab-StatusMonitorLocation: Learning Signal Strgth
07-14 02:49:16.597   521   521 I PhoneLab-Locks: wake lock acquired
07-14 02:49:16.601   305   565 D androidNetworkLocationListeners: Still have listener com.google.android.location.internal.client.NetworkLocationClient$1@4139c0c0
07-14 02:49:16.605   305   565 D androidNetworkLocationListeners: Still have listener com.google.android.location.internal.client.NetworkLocationClient$1@4139c0c0
07-14 02:49:16.609   521   521 I PhoneLab-StatusMonitorBattery: Battery_level: 8
07-14 02:49:16.609   521   521 I PhoneLab-Locks: wake lock released
07-14 02:49:16.613   521   521 I PhoneLab-StatusMonitorSignal: Signal_Strength: -76 asu: 19
07-14 02:49:16.613   521   521 I PhoneLab-Locks: wake lock released
07-14 02:49:17.918   521   521 I PhoneLab-StatusMonitorLocation: Location_Latitude: 42.955297 Longitude: -78.8289339 Accuracy: 37.0
07-14 02:49:17.918   521   521 I PhoneLab-Locks: wake lock released
07-14 02:49:17.921   305   565 D androidNetworkLocationListeners: Still have listener com.google.android.location.internal.client.NetworkLocationClient$1@4139c0c0
07-14 02:49:17.937   305   307 D dalvikvm: GC_CONCURRENT freed 479K, 8% free 10122K/10887K, paused 1ms+4ms
07-14 02:49:22.175   141   157 V BackupManagerService: Running a backup pass
07-14 02:49:22.195   141   212 V BackupManagerService: Backup requested but nothing pending
07-14 02:53:24.160   141   143 D dalvikvm: GC_CONCURRENT freed 1287K, 14% free 14772K/17095K, paused 2ms+6ms
07-14 02:59:16.589   521   521 I PhoneLab-Locks: wake lock acquired
07-14 02:59:16.613   521   521 I PhoneLab-StatusMonitor: Status Monitoring is started
07-14 02:59:16.664   521   523 D dalvikvm: GC_CONCURRENT freed 394K, 14% free 9360K/10759K, paused 2ms+2ms
07-14 02:59:16.664   521   521 I PhoneLab-StatusMonitor: Value: 10 - unit: min
07-14 02:59:16.664   521   521 I PhoneLab-StatusMonitor: Running interval: 600000
07-14 02:59:16.671   521   521 I PhoneLab-StatusMonitor: Rescheduling status monitoring...
07-14 02:59:16.671   521   521 I PhoneLab-Locks: wake lock released
07-14 02:59:16.679   521   521 I PhoneLab-StatusMonitorLocation: Learning Location
07-14 02:59:16.679   521   521 I PhoneLab-Locks: wake lock acquired
07-14 03:01:31.097   141   381 D dalvikvm: GC_EXPLICIT freed 259K, 15% free 14669K/17095K, paused 493ms+6ms
07-14 03:01:31.156   521   521 I PhoneLab-Locks: wake lock acquired
07-14 03:01:31.160   521   521 I PhoneLab-StatusMonitorLocation: Learning Signal Strgth
07-14 03:01:31.160   521   521 I PhoneLab-Locks: wake lock acquired
07-14 03:01:31.164   305   565 D androidNetworkLocationListeners: Still have listener com.google.android.location.internal.client.NetworkLocationClient$1@4139c0c0
07-14 03:01:31.172   305   565 D androidNetworkLocationListeners: Still have listener com.google.android.location.internal.client.NetworkLocationClient$1@4139c0c0
07-14 03:01:31.172   521   521 I PhoneLab-StatusMonitorBattery: Battery_level: 8
07-14 03:01:31.172   521   521 I PhoneLab-Locks: wake lock released
07-14 03:01:31.183   521   521 I PhoneLab-StatusMonitorSignal: Signal_Strength: -76 asu: 19
07-14 03:01:31.183   521   521 I PhoneLab-Locks: wake lock released
07-14 03:01:31.785   305  1917 I EventLogService: Aggregate from 1342247491683 (log), 1342247491683 (data)
07-14 03:01:32.457   305   307 D dalvikvm: GC_CONCURRENT freed 510K, 8% free 10123K/10887K, paused 2ms+3ms
07-14 03:01:32.472   521   521 I PhoneLab-StatusMonitorLocation: Location_Latitude: 42.955297 Longitude: -78.828934 Accuracy: 37.0
07-14 03:01:32.472   521   521 I PhoneLab-Locks: wake lock released
07-14 03:01:32.476   305   565 D androidNetworkLocationListeners: Still have listener com.google.android.location.internal.client.NetworkLocationClient$1@4139c0c0
07-14 03:09:16.707   521   521 I PhoneLab-Locks: wake lock acquired
07-14 03:09:16.722   521   521 I PhoneLab-StatusMonitor: Status Monitoring is started
07-14 03:09:16.781   521   523 D dalvikvm: GC_CONCURRENT freed 548K, 14% free 9323K/10759K, paused 2ms+2ms
07-14 03:09:16.781   521   521 I PhoneLab-StatusMonitor: Value: 10 - unit: min
07-14 03:09:16.781   521   521 I PhoneLab-StatusMonitor: Running interval: 600000
07-14 03:09:16.789   521   521 I PhoneLab-StatusMonitor: Rescheduling status monitoring...
07-14 03:09:16.789   521   521 I PhoneLab-Locks: wake lock released
07-14 03:09:16.796   521   521 I PhoneLab-StatusMonitorLocation: Learning Location
07-14 03:09:16.796   521   521 I PhoneLab-Locks: wake lock acquired
07-14 03:09:16.796   521   521 I PhoneLab-Locks: wake lock acquired
07-14 03:09:16.808   521   521 I PhoneLab-StatusMonitorLocation: Learning Signal Strgth
07-14 03:09:16.808   521   521 I PhoneLab-Locks: wake lock acquired
07-14 03:09:16.808   305   565 D androidNetworkLocationListeners: Still have listener com.google.android.location.internal.client.NetworkLocationClient$1@4139c0c0
07-14 03:09:16.816   521   521 I PhoneLab-StatusMonitorBattery: Battery_level: 8
07-14 03:09:16.816   521   521 I PhoneLab-Locks: wake lock released
07-14 03:09:16.820   521   521 I PhoneLab-StatusMonitorSignal: Signal_Strength: -76 asu: 19
07-14 03:09:16.820   521   521 I PhoneLab-Locks: wake lock released
07-14 03:09:16.824   305   565 D androidNetworkLocationListeners: Still have listener com.google.android.location.internal.client.NetworkLocationClient$1@4139c0c0
07-14 03:09:18.105   521   521 I PhoneLab-StatusMonitorLocation: Location_Latitude: 42.955297 Longitude: -78.8289339 Accuracy: 37.0
07-14 03:09:18.105   521   521 I PhoneLab-Locks: wake lock released
07-14 03:09:18.109   305   565 D androidNetworkLocationListeners: Still have listener com.google.android.location.internal.client.NetworkLocationClient$1@4139c0c0
07-14 03:09:18.129   305   307 D dalvikvm: GC_CONCURRENT freed 502K, 8% free 10120K/10887K, paused 2ms+3ms
07-14 03:19:10.886   521   521 I PhoneLab-Locks: wake lock acquired
07-14 03:19:10.910   521  2389 I PhoneLab-PeriodicCheckService: User info is synched
07-14 03:19:10.914   521  2389 I PhoneLab-PeriodicCheckService: Logger Service is running
07-14 03:19:10.914   521  2389 I PhoneLab-Locks: wake lock acquired
07-14 03:19:10.914   521   521 I PhoneLab-UploadLogs: Transfering log files now
07-14 03:19:10.918   521   521 I PhoneLab-UploadLogs: No log files to transfer
07-14 03:19:10.918   521   521 I PhoneLab-Locks: wake lock released
07-14 03:19:10.918   521   521 I PhoneLab-UploadLogs: OnStartCommand
07-14 03:19:10.918   521  2389 I PhoneLab-PeriodicCheckService: Rescheduling periodic checking...
07-14 03:19:10.918   521  2389 I PhoneLab-Locks: wake lock released
07-14 03:19:11.547   935   937 D dalvikvm: GC_CONCURRENT freed 338K, 6% free 10581K/11207K, paused 14ms+2ms
07-14 03:19:16.808   521   521 I PhoneLab-Locks: wake lock acquired
07-14 03:19:16.840   521   521 I PhoneLab-StatusMonitor: Status Monitoring is started
07-14 03:19:16.898   521   523 D dalvikvm: GC_CONCURRENT freed 544K, 14% free 9284K/10759K, paused 2ms+2ms
07-14 03:19:16.902   521   521 I PhoneLab-StatusMonitor: Value: 10 - unit: min
07-14 03:19:16.902   521   521 I PhoneLab-StatusMonitor: Running interval: 600000
07-14 03:19:16.906   521   521 I PhoneLab-StatusMonitor: Rescheduling status monitoring...
07-14 03:19:16.910   521   521 I PhoneLab-Locks: wake lock released
07-14 03:19:16.914   521   521 I PhoneLab-StatusMonitorLocation: Learning Location
07-14 03:19:16.914   521   521 I PhoneLab-Locks: wake lock acquired
07-14 03:19:16.914   521   521 I PhoneLab-Locks: wake lock acquired
07-14 03:19:16.925   521   521 I PhoneLab-StatusMonitorLocation: Learning Signal Strgth
07-14 03:19:16.925   521   521 I PhoneLab-Locks: wake lock acquired
07-14 03:19:16.925   305   565 D androidNetworkLocationListeners: Still have listener com.google.android.location.internal.client.NetworkLocationClient$1@4139c0c0
07-14 03:19:16.933   521   521 I PhoneLab-StatusMonitorBattery: Battery_level: 8
07-14 03:19:16.933   521   521 I PhoneLab-Locks: wake lock released
07-14 03:19:16.933   521   521 I PhoneLab-StatusMonitorSignal: Signal_Strength: -76 asu: 19
07-14 03:19:16.933   521   521 I PhoneLab-Locks: wake lock released
07-14 03:19:16.941   305   565 D androidNetworkLocationListeners: Still have listener com.google.android.location.internal.client.NetworkLocationClient$1@4139c0c0
07-14 03:19:18.234   521   521 I PhoneLab-StatusMonitorLocation: Location_Latitude: 42.9552918 Longitude: -78.8289305 Accuracy: 42.0
07-14 03:19:18.234   521   521 I PhoneLab-Locks: wake lock released
07-14 03:19:18.234   305   565 D androidNetworkLocationListeners: Still have listener com.google.android.location.internal.client.NetworkLocationClient$1@4139c0c0
07-14 03:19:18.254   305   307 D dalvikvm: GC_CONCURRENT freed 455K, 8% free 10121K/10887K, paused 2ms+2ms
07-14 03:22:24.129   213   215 D dalvikvm: GC_CONCURRENT freed 393K, 8% free 10214K/11015K, paused 1ms+4ms
07-14 03:29:16.929   521   521 I PhoneLab-Locks: wake lock acquired
07-14 03:29:16.968   521   521 I PhoneLab-StatusMonitor: Status Monitoring is started
07-14 03:29:17.031   521   523 D dalvikvm: GC_CONCURRENT freed 525K, 14% free 9270K/10759K, paused 2ms+2ms
07-14 03:29:17.035   521   521 I PhoneLab-StatusMonitor: Value: 10 - unit: min
07-14 03:29:17.035   521   521 I PhoneLab-StatusMonitor: Running interval: 600000
07-14 03:29:17.047   521   521 I PhoneLab-StatusMonitor: Rescheduling status monitoring...
07-14 03:29:17.047   521   521 I PhoneLab-Locks: wake lock released
07-14 03:29:17.050   521   521 I PhoneLab-StatusMonitorLocation: Learning Location
07-14 03:29:17.050   521   521 I PhoneLab-Locks: wake lock acquired
07-14 03:29:17.054   521   521 I PhoneLab-Locks: wake lock acquired
07-14 03:29:17.058   521   521 I PhoneLab-StatusMonitorLocation: Learning Signal Strgth
07-14 03:29:17.058   521   521 I PhoneLab-Locks: wake lock acquired
07-14 03:29:17.062   305   565 D androidNetworkLocationListeners: Still have listener com.google.android.location.internal.client.NetworkLocationClient$1@4139c0c0
07-14 03:29:17.066   305   565 D androidNetworkLocationListeners: Still have listener com.google.android.location.internal.client.NetworkLocationClient$1@4139c0c0
07-14 03:29:17.074   521   521 I PhoneLab-StatusMonitorBattery: Battery_level: 8
07-14 03:29:17.074   521   521 I PhoneLab-Locks: wake lock released
07-14 03:29:17.078   521   521 I PhoneLab-StatusMonitorSignal: Signal_Strength: -76 asu: 19
07-14 03:29:17.078   521   521 I PhoneLab-Locks: wake lock released
07-14 03:29:18.394   521   521 I PhoneLab-StatusMonitorLocation: Location_Latitude: 42.955288 Longitude: -78.8289307 Accuracy: 34.0
07-14 03:29:18.394   521   521 I PhoneLab-Locks: wake lock released
07-14 03:29:18.394   305   565 D androidNetworkLocationListeners: Still have listener com.google.android.location.internal.client.NetworkLocationClient$1@4139c0c0
07-14 03:29:18.414   305   307 D dalvikvm: GC_CONCURRENT freed 462K, 8% free 10123K/10887K, paused 2ms+3ms
07-14 03:31:31.890   305  2010 I EventLogService: Aggregate from 1342249291787 (log), 1342249291787 (data)
07-14 03:39:16.132   141   143 D dalvikvm: GC_CONCURRENT freed 1216K, 14% free 14749K/17095K, paused 3ms+5ms
07-14 03:39:17.090   521   521 I PhoneLab-Locks: wake lock acquired
07-14 03:39:17.101   521   521 I PhoneLab-StatusMonitor: Status Monitoring is started
07-14 03:39:17.152   521   523 D dalvikvm: GC_CONCURRENT freed 512K, 14% free 9269K/10759K, paused 1ms+3ms
07-14 03:39:17.160   521   521 I PhoneLab-StatusMonitor: Value: 10 - unit: min
07-14 03:39:17.160   521   521 I PhoneLab-StatusMonitor: Running interval: 600000
07-14 03:39:17.172   521   521 I PhoneLab-StatusMonitor: Rescheduling status monitoring...
07-14 03:39:17.172   521   521 I PhoneLab-Locks: wake lock released
07-14 03:39:17.175   521   521 I PhoneLab-StatusMonitorLocation: Learning Location
07-14 03:39:17.175   521   521 I PhoneLab-Locks: wake lock acquired
07-14 03:39:17.179   521   521 I PhoneLab-Locks: wake lock acquired
07-14 03:39:17.183   521   521 I PhoneLab-StatusMonitorLocation: Learning Signal Strgth
07-14 03:39:17.183   521   521 I PhoneLab-Locks: wake lock acquired
07-14 03:39:17.183   305   565 D androidNetworkLocationListeners: Still have listener com.google.android.location.internal.client.NetworkLocationClient$1@4139c0c0
07-14 03:39:17.191   305   565 D androidNetworkLocationListeners: Still have listener com.google.android.location.internal.client.NetworkLocationClient$1@4139c0c0
07-14 03:39:17.195   521   521 I PhoneLab-StatusMonitorBattery: Battery_level: 8
07-14 03:39:17.195   521   521 I PhoneLab-Locks: wake lock released
07-14 03:39:17.195   521   521 I PhoneLab-StatusMonitorSignal: Signal_Strength: -76 asu: 19
07-14 03:39:17.195   521   521 I PhoneLab-Locks: wake lock released
07-14 03:39:18.504   305   307 D dalvikvm: GC_CONCURRENT freed 511K, 8% free 10124K/10887K, paused 2ms+2ms
07-14 03:39:18.515   521   521 I PhoneLab-StatusMonitorLocation: Location_Latitude: 42.955297 Longitude: -78.8289339 Accuracy: 37.0
07-14 03:39:18.515   521   521 I PhoneLab-Locks: wake lock released
07-14 03:39:18.519   305   565 D androidNetworkLocationListeners: Still have listener com.google.android.location.internal.client.NetworkLocationClient$1@4139c0c0
07-14 03:49:08.687   521  1322 I PhoneLab-: Service Running
07-14 03:49:08.761   521  1322 I PhoneLab-LoggerService: app_38    1330  521   1432   1064  c00f181c 400107b4 S logcat
07-14 03:49:08.761   521  1322 I PhoneLab-LoggerService: Logcat pid from database 1330
07-14 03:49:08.761   521  1322 I PhoneLab-LoggerService: Logcat process found 1330
07-14 03:49:08.761   521  1322 I PhoneLab-LoggerService: Checking Threshold
07-14 03:49:08.761   521  1322 I PhoneLab-: Service Running
07-14 03:49:08.789   521  1322 I PhoneLab-LoggerService: app_38    1330  521   1432   1064  c00f181c 400107b4 S logcat
07-14 03:49:08.793   521  1322 I PhoneLab-LoggerService: Logcat pid from database 1330
07-14 03:49:08.793   521  1322 I PhoneLab-LoggerService: Logcat process found 1330
07-14 03:49:08.793   521  1322 I PhoneLab-LoggerService: Checking Threshold
07-14 03:49:08.793   521  1322 I PhoneLab-: Service Running
07-14 03:49:08.820   521  1322 I PhoneLab-LoggerService: app_38    1330  521   1432   1064  c00f181c 400107b4 S logcat
07-14 03:49:08.820   521  1322 I PhoneLab-LoggerService: Logcat pid from database 1330
07-14 03:49:08.820   521  1322 I PhoneLab-LoggerService: Logcat process found 1330
07-14 03:49:08.820   521  1322 I PhoneLab-LoggerService: Checking Threshold
07-14 03:49:08.820   521  1322 I PhoneLab-: Service Running
07-14 03:49:08.851   521  1322 I PhoneLab-LoggerService: app_38    1330  521   1432   1064  c00f181c 400107b4 S logcat
07-14 03:49:08.851   521  1322 I PhoneLab-LoggerService: Logcat pid from database 1330
07-14 03:49:08.851   521  1322 I PhoneLab-LoggerService: Logcat process found 1330
07-14 03:49:08.851   521  1322 I PhoneLab-LoggerService: Checking Threshold
07-14 03:49:08.851   521  1322 I PhoneLab-: Service Running
07-14 03:49:08.894   521   523 D dalvikvm: GC_CONCURRENT freed 450K, 15% free 9212K/10759K, paused 1ms+2ms
07-14 03:49:08.906   521  1322 I PhoneLab-LoggerService: app_38    1330  521   1432   1064  c00f181c 400107b4 S logcat
07-14 03:49:08.906   521  1322 I PhoneLab-LoggerService: Logcat pid from database 1330
07-14 03:49:08.906   521  1322 I PhoneLab-LoggerService: Logcat process found 1330
07-14 03:49:08.906   521  1322 I PhoneLab-LoggerService: Checking Threshold
07-14 03:49:08.906   521  1322 I PhoneLab-: Service Running
07-14 03:49:08.937   521  1322 I PhoneLab-LoggerService: app_38    1330  521   1432   1064  c00f181c 400107b4 S logcat
07-14 03:49:08.937   521  1322 I PhoneLab-LoggerService: Logcat pid from database 1330
07-14 03:49:08.937   521  1322 I PhoneLab-LoggerService: Logcat process found 1330
07-14 03:49:08.937   521  1322 I PhoneLab-LoggerService: Checking Threshold
07-14 03:49:08.937   521  1322 I PhoneLab-: Service Running
07-14 03:49:08.968   521  1322 I PhoneLab-LoggerService: app_38    1330  521   1432   1064  c00f181c 400107b4 S logcat
07-14 03:49:08.968   521  1322 I PhoneLab-LoggerService: Logcat pid from database 1330
07-14 03:49:08.968   521  1322 I PhoneLab-LoggerService: Logcat process found 1330
07-14 03:49:08.968   521  1322 I PhoneLab-LoggerService: Checking Threshold
07-14 03:49:08.968   521  1322 I PhoneLab-: Service Running
07-14 03:49:09.000   521  1322 I PhoneLab-LoggerService: app_38    1330  521   1432   1064  c00f181c 400107b4 S logcat
07-14 03:49:09.000   521  1322 I PhoneLab-LoggerService: Logcat pid from database 1330
07-14 03:49:09.000   521  1322 I PhoneLab-LoggerService: Logcat process found 1330
07-14 03:49:09.000   521  1322 I PhoneLab-LoggerService: Checking Threshold
07-14 03:49:09.000   521  1322 I PhoneLab-: Service Running
07-14 03:49:09.027   521  1322 I PhoneLab-LoggerService: app_38    1330  521   1432   1064  c00f181c 400107b4 S logcat
07-14 03:49:09.027   521  1322 I PhoneLab-LoggerService: Logcat pid from database 1330
07-14 03:49:09.027   521  1322 I PhoneLab-LoggerService: Logcat process found 1330
07-14 03:49:09.027   521  1322 I PhoneLab-LoggerService: Checking Threshold
07-14 03:49:09.031   521  1322 I PhoneLab-: Service Running
07-14 03:49:09.058   521  1322 I PhoneLab-LoggerService: app_38    1330  521   1432   1064  c00f181c 400107b4 S logcat
07-14 03:49:09.058   521  1322 I PhoneLab-LoggerService: Logcat pid from database 1330
07-14 03:49:09.058   521  1322 I PhoneLab-LoggerService: Logcat process found 1330
07-14 03:49:09.058   521  1322 I PhoneLab-LoggerService: Checking Threshold
07-14 03:49:09.062   521  1322 I PhoneLab-: Service Running
07-14 03:49:09.093   521  1322 I PhoneLab-LoggerService: app_38    1330  521   1432   1064  c00f181c 400107b4 S logcat
07-14 03:49:09.093   521  1322 I PhoneLab-LoggerService: Logcat pid from database 1330
07-14 03:49:09.093   521  1322 I PhoneLab-LoggerService: Logcat process found 1330
07-14 03:49:09.093   521  1322 I PhoneLab-LoggerService: Checking Threshold
07-14 03:49:09.093   521  1322 I PhoneLab-: Service Running
07-14 03:49:09.132   521  1322 I PhoneLab-LoggerService: app_38    1330  521   1432   1064  c00f181c 400107b4 S logcat
07-14 03:49:09.132   521  1322 I PhoneLab-LoggerService: Logcat pid from database 1330
07-14 03:49:09.132   521  1322 I PhoneLab-LoggerService: Logcat process found 1330
07-14 03:49:09.132   521  1322 I PhoneLab-LoggerService: Checking Threshold
07-14 03:49:09.132   521  1322 I PhoneLab-: Service Running
07-14 03:49:09.156   521   523 D dalvikvm: GC_CONCURRENT freed 392K, 15% free 9239K/10759K, paused 2ms+1ms
07-14 03:49:09.175   521  1322 I PhoneLab-LoggerService: app_38    1330  521   1432   1064  c00f181c 400107b4 S logcat
07-14 03:49:09.175   521  1322 I PhoneLab-LoggerService: Logcat pid from database 1330
07-14 03:49:09.175   521  1322 I PhoneLab-LoggerService: Logcat process found 1330
07-14 03:49:09.175   521  1322 I PhoneLab-LoggerService: Checking Threshold
07-14 03:49:09.175   521  1322 I PhoneLab-: Service Running
07-14 03:49:09.207   521  1322 I PhoneLab-LoggerService: app_38    1330  521   1432   1064  c00f181c 400107b4 S logcat
07-14 03:49:09.207   521  1322 I PhoneLab-LoggerService: Logcat pid from database 1330
07-14 03:49:09.207   521  1322 I PhoneLab-LoggerService: Logcat process found 1330
07-14 03:49:09.207   521  1322 I PhoneLab-LoggerService: Checking Threshold
07-14 03:49:09.207   521  1322 I PhoneLab-: Service Running
07-14 03:49:09.238   521  1322 I PhoneLab-LoggerService: app_38    1330  521   1432   1064  c00f181c 400107b4 S logcat
07-14 03:49:09.238   521  1322 I PhoneLab-LoggerService: Logcat pid from database 1330
07-14 03:49:09.238   521  1322 I PhoneLab-LoggerService: Logcat process found 1330
07-14 03:49:09.238   521  1322 I PhoneLab-LoggerService: Checking Threshold
07-14 03:49:09.238   521  1322 I PhoneLab-: Service Running
07-14 03:49:09.269   521  1322 I PhoneLab-LoggerService: app_38    1330  521   1432   1064  c00f181c 400107b4 S logcat
07-14 03:49:09.269   521  1322 I PhoneLab-LoggerService: Logcat pid from database 1330
07-14 03:49:09.269   521  1322 I PhoneLab-LoggerService: Logcat process found 1330
07-14 03:49:09.269   521  1322 I PhoneLab-LoggerService: Checking Threshold
07-14 03:49:09.269   521  1322 I PhoneLab-: Service Running
07-14 03:49:09.300   521  1322 I PhoneLab-LoggerService: app_38    1330  521   1432   1064  c00f181c 400107b4 S logcat
07-14 03:49:09.300   521  1322 I PhoneLab-LoggerService: Logcat pid from database 1330
07-14 03:49:09.300   521  1322 I PhoneLab-LoggerService: Logcat process found 1330
07-14 03:49:09.300   521  1322 I PhoneLab-LoggerService: Checking Threshold
07-14 03:49:09.300   521  1322 I PhoneLab-: Service Running
07-14 03:49:09.332   521  1322 I PhoneLab-LoggerService: app_38    1330  521   1432   1064  c00f181c 400107b4 S logcat
07-14 03:49:09.332   521  1322 I PhoneLab-LoggerService: Logcat pid from database 1330
07-14 03:49:09.332   521  1322 I PhoneLab-LoggerService: Logcat process found 1330
07-14 03:49:09.332   521  1322 I PhoneLab-LoggerService: Checking Threshold
07-14 03:49:09.332   521  1322 I PhoneLab-: Service Running
07-14 03:49:09.363   521  1322 I PhoneLab-LoggerService: app_38    1330  521   1432   1064  c00f181c 400107b4 S logcat
07-14 03:49:09.363   521  1322 I PhoneLab-LoggerService: Logcat pid from database 1330
07-14 03:49:09.363   521  1322 I PhoneLab-LoggerService: Logcat process found 1330
07-14 03:49:09.363   521  1322 I PhoneLab-LoggerService: Checking Threshold
07-14 03:49:09.363   521  1322 I PhoneLab-: Service Running
07-14 03:49:09.402   521  1322 I PhoneLab-LoggerService: app_38    1330  521   1432   1064  c00f181c 400107b4 S logcat
07-14 03:49:09.402   521  1322 I PhoneLab-LoggerService: Logcat pid from database 1330
07-14 03:49:09.402   521  1322 I PhoneLab-LoggerService: Logcat process found 1330
07-14 03:49:09.402   521  1322 I PhoneLab-LoggerService: Checking Threshold
07-14 03:49:09.402   521  1322 I PhoneLab-: Service Running
07-14 03:49:09.425   521   523 D dalvikvm: GC_CONCURRENT freed 420K, 15% free 9240K/10759K, paused 1ms+2ms
07-14 03:49:09.449   521  1322 I PhoneLab-LoggerService: app_38    1330  521   1432   1064  c00f181c 400107b4 S logcat
07-14 03:49:09.449   521  1322 I PhoneLab-LoggerService: Logcat pid from database 1330
07-14 03:49:09.449   521  1322 I PhoneLab-LoggerService: Logcat process found 1330
07-14 03:49:09.449   521  1322 I PhoneLab-LoggerService: Checking Threshold
07-14 03:49:09.449   521  1322 I PhoneLab-: Service Running
07-14 03:49:09.480   521  1322 I PhoneLab-LoggerService: app_38    1330  521   1432   1064  c00f181c 400107b4 S logcat
07-14 03:49:09.480   521  1322 I PhoneLab-LoggerService: Logcat pid from database 1330
07-14 03:49:09.480   521  1322 I PhoneLab-LoggerService: Logcat process found 1330
07-14 03:49:09.480   521  1322 I PhoneLab-LoggerService: Checking Threshold
07-14 03:49:09.480   521  1322 I PhoneLab-: Service Running
07-14 03:49:09.507   521  1322 I PhoneLab-LoggerService: app_38    1330  521   1432   1064  c00f181c 400107b4 S logcat
07-14 03:49:09.507   521  1322 I PhoneLab-LoggerService: Logcat pid from database 1330
07-14 03:49:09.507   521  1322 I PhoneLab-LoggerService: Logcat process found 1330
07-14 03:49:09.511   521  1322 I PhoneLab-LoggerService: Checking Threshold
07-14 03:49:09.511   521  1322 I PhoneLab-: Service Running
07-14 03:49:09.539   521  1322 I PhoneLab-LoggerService: app_38    1330  521   1432   1064  c00f181c 400107b4 S logcat
07-14 03:49:09.539   521  1322 I PhoneLab-LoggerService: Logcat pid from database 1330
07-14 03:49:09.539   521  1322 I PhoneLab-LoggerService: Logcat process found 1330
07-14 03:49:09.539   521  1322 I PhoneLab-LoggerService: Checking Threshold
07-14 03:49:09.539   521  1322 I PhoneLab-: Service Running
07-14 03:49:09.570   521  1322 I PhoneLab-LoggerService: app_38    1330  521   1432   1064  c00f181c 400107b4 S logcat
07-14 03:49:09.570   521  1322 I PhoneLab-LoggerService: Logcat pid from database 1330
07-14 03:49:09.570   521  1322 I PhoneLab-LoggerService: Logcat process found 1330
07-14 03:49:09.570   521  1322 I PhoneLab-LoggerService: Checking Threshold
07-14 03:49:09.570   521  1322 I PhoneLab-: Service Running
07-14 03:49:09.601   521  1322 I PhoneLab-LoggerService: app_38    1330  521   1432   1064  c00f181c 400107b4 S logcat
07-14 03:49:09.601   521  1322 I PhoneLab-LoggerService: Logcat pid from database 1330
07-14 03:49:09.601   521  1322 I PhoneLab-LoggerService: Logcat process found 1330
07-14 03:49:09.601   521  1322 I PhoneLab-LoggerService: Checking Threshold
07-14 03:49:09.601   521  1322 I PhoneLab-: Service Running
07-14 03:49:09.632   521  1322 I PhoneLab-LoggerService: app_38    1330  521   1432   1064  c00f181c 400107b4 S logcat
07-14 03:49:09.632   521  1322 I PhoneLab-LoggerService: Logcat pid from database 1330
07-14 03:49:09.632   521  1322 I PhoneLab-LoggerService: Logcat process found 1330
07-14 03:49:09.632   521  1322 I PhoneLab-LoggerService: Checking Threshold
07-14 03:49:09.632   521  1322 I PhoneLab-: Service Running
07-14 03:49:09.672   521  1322 I PhoneLab-LoggerService: app_38    1330  521   1432   1064  c00f181c 400107b4 S logcat
07-14 03:49:09.672   521  1322 I PhoneLab-LoggerService: Logcat pid from database 1330
07-14 03:49:09.672   521  1322 I PhoneLab-LoggerService: Logcat process found 1330
07-14 03:49:09.672   521  1322 I PhoneLab-LoggerService: Checking Threshold
07-14 03:49:09.672   521  1322 I PhoneLab-: Service Running
07-14 03:49:09.699   521   523 D dalvikvm: GC_CONCURRENT freed 420K, 15% free 9215K/10759K, paused 1ms+7ms
07-14 03:49:09.718   521  1322 I PhoneLab-LoggerService: app_38    1330  521   1432   1064  c00f181c 400107b4 S logcat
07-14 03:49:09.718   521  1322 I PhoneLab-LoggerService: Logcat pid from database 1330
07-14 03:49:09.718   521  1322 I PhoneLab-LoggerService: Logcat process found 1330
07-14 03:49:09.718   521  1322 I PhoneLab-LoggerService: Checking Threshold
07-14 03:49:10.371   521  1322 I PhoneLab-: Service Running
07-14 03:49:10.445   521  1322 I PhoneLab-LoggerService: app_38    1330  521   1432   1064  c00f181c 400107b4 S logcat
07-14 03:49:10.445   521  1322 I PhoneLab-LoggerService: Logcat pid from database 1330
07-14 03:49:10.445   521  1322 I PhoneLab-LoggerService: Logcat process found 1330
07-14 03:49:10.445   521  1322 I PhoneLab-LoggerService: Checking Threshold
07-14 03:49:10.937   521   521 I PhoneLab-Locks: wake lock acquired
07-14 03:49:10.968   521  2432 I PhoneLab-PeriodicCheckService: User info is synched
07-14 03:49:10.972   521  2432 I PhoneLab-PeriodicCheckService: Logger Service is running
07-14 03:49:10.972   521  2432 I PhoneLab-Locks: wake lock acquired
07-14 03:49:10.976   521   521 I PhoneLab-UploadLogs: Transfering log files now
07-14 03:49:10.976   521   521 I PhoneLab-UploadLogs: No log files to transfer
07-14 03:49:10.976   521   521 I PhoneLab-Locks: wake lock released
07-14 03:49:10.976   521   521 I PhoneLab-UploadLogs: OnStartCommand
07-14 03:49:10.976   521  2432 I PhoneLab-PeriodicCheckService: Rescheduling periodic checking...
07-14 03:49:10.980   521  2432 I PhoneLab-Locks: wake lock released
07-14 03:49:17.195   521   521 I PhoneLab-Locks: wake lock acquired
07-14 03:49:17.222   521   521 I PhoneLab-StatusMonitor: Status Monitoring is started
07-14 03:49:17.265   521   523 D dalvikvm: GC_CONCURRENT freed 467K, 14% free 9260K/10759K, paused 2ms+2ms
07-14 03:49:17.277   521   521 I PhoneLab-StatusMonitor: Value: 10 - unit: min
07-14 03:49:17.277   521   521 I PhoneLab-StatusMonitor: Running interval: 600000
07-14 03:49:17.289   521   521 I PhoneLab-StatusMonitor: Rescheduling status monitoring...
07-14 03:49:17.289   521   521 I PhoneLab-Locks: wake lock released
07-14 03:49:17.293   521   521 I PhoneLab-StatusMonitorLocation: Learning Location
07-14 03:49:17.293   521   521 I PhoneLab-Locks: wake lock acquired
07-14 03:49:17.297   521   521 I PhoneLab-Locks: wake lock acquired
07-14 03:49:17.300   521   521 I PhoneLab-StatusMonitorLocation: Learning Signal Strgth
07-14 03:49:17.300   521   521 I PhoneLab-Locks: wake lock acquired
07-14 03:49:17.300   305   565 D androidNetworkLocationListeners: Still have listener com.google.android.location.internal.client.NetworkLocationClient$1@4139c0c0
07-14 03:49:17.308   305   565 D androidNetworkLocationListeners: Still have listener com.google.android.location.internal.client.NetworkLocationClient$1@4139c0c0
07-14 03:49:17.308   521   521 I PhoneLab-StatusMonitorBattery: Battery_level: 8
07-14 03:49:17.308   521   521 I PhoneLab-Locks: wake lock released
07-14 03:49:17.312   521   521 I PhoneLab-StatusMonitorSignal: Signal_Strength: -76 asu: 19
07-14 03:49:17.312   521   521 I PhoneLab-Locks: wake lock released
07-14 03:49:18.605   521   521 I PhoneLab-StatusMonitorLocation: Location_Latitude: 42.9552918 Longitude: -78.8289307 Accuracy: 36.0
07-14 03:49:18.605   521   521 I PhoneLab-Locks: wake lock released
07-14 03:49:18.609   305   565 D androidNetworkLocationListeners: Still have listener com.google.android.location.internal.client.NetworkLocationClient$1@4139c0c0
07-14 03:49:18.629   305   307 D dalvikvm: GC_CONCURRENT freed 479K, 8% free 10122K/10887K, paused 2ms+3ms
07-14 03:52:38.910   141   157 V BackupManagerService: Running a backup pass
07-14 03:52:38.925   141   212 V BackupManagerService: Backup requested but nothing pending
07-14 03:59:17.312   521   521 I PhoneLab-Locks: wake lock acquired
07-14 03:59:17.339   521   521 I PhoneLab-StatusMonitor: Status Monitoring is started
07-14 03:59:17.382   521   523 D dalvikvm: GC_CONCURRENT freed 510K, 14% free 9261K/10759K, paused 2ms+2ms
07-14 03:59:17.390   521   521 I PhoneLab-StatusMonitor: Value: 10 - unit: min
07-14 03:59:17.390   521   521 I PhoneLab-StatusMonitor: Running interval: 600000
07-14 03:59:17.402   521   521 I PhoneLab-StatusMonitor: Rescheduling status monitoring...
07-14 03:59:17.402   521   521 I PhoneLab-Locks: wake lock released
07-14 03:59:17.410   521   521 I PhoneLab-StatusMonitorLocation: Learning Location
07-14 03:59:17.410   521   521 I PhoneLab-Locks: wake lock acquired
07-14 03:59:17.410   521   521 I PhoneLab-Locks: wake lock acquired
07-14 03:59:17.414   521   521 I PhoneLab-StatusMonitorLocation: Learning Signal Strgth
07-14 03:59:17.414   521   521 I PhoneLab-Locks: wake lock acquired
07-14 03:59:17.414   305   565 D androidNetworkLocationListeners: Still have listener com.google.android.location.internal.client.NetworkLocationClient$1@4139c0c0
07-14 03:59:17.425   305   565 D androidNetworkLocationListeners: Still have listener com.google.android.location.internal.client.NetworkLocationClient$1@4139c0c0
07-14 03:59:17.425   521   521 I PhoneLab-StatusMonitorBattery: Battery_level: 8
07-14 03:59:17.425   521   521 I PhoneLab-Locks: wake lock released
07-14 03:59:17.429   521   521 I PhoneLab-StatusMonitorSignal: Signal_Strength: -76 asu: 19
07-14 03:59:17.429   521   521 I PhoneLab-Locks: wake lock released
07-14 03:59:18.730   521   521 I PhoneLab-StatusMonitorLocation: Location_Latitude: 42.9552924 Longitude: -78.8289275 Accuracy: 36.0
07-14 03:59:18.730   521   521 I PhoneLab-Locks: wake lock released
07-14 03:59:18.730   305   565 D androidNetworkLocationListeners: Still have listener com.google.android.location.internal.client.NetworkLocationClient$1@4139c0c0
07-14 03:59:18.750   305   307 D dalvikvm: GC_CONCURRENT freed 462K, 8% free 10124K/10887K, paused 2ms+4ms
07-14 04:01:32.011   305  2037 I EventLogService: Aggregate from 1342251091894 (log), 1342251091894 (data)
07-14 04:09:17.425   521   521 I PhoneLab-Locks: wake lock acquired
07-14 04:09:17.453   521   521 I PhoneLab-StatusMonitor: Status Monitoring is started
07-14 04:09:17.496   521   523 D dalvikvm: GC_CONCURRENT freed 510K, 14% free 9261K/10759K, paused 2ms+2ms
07-14 04:09:17.504   521   521 I PhoneLab-StatusMonitor: Value: 10 - unit: min
07-14 04:09:17.504   521   521 I PhoneLab-StatusMonitor: Running interval: 600000
07-14 04:09:17.515   521   521 I PhoneLab-StatusMonitor: Rescheduling status monitoring...
07-14 04:09:17.519   521   521 I PhoneLab-Locks: wake lock released
07-14 04:09:17.523   521   521 I PhoneLab-StatusMonitorLocation: Learning Location
07-14 04:09:17.523   521   521 I PhoneLab-Locks: wake lock acquired
07-14 04:09:17.527   521   521 I PhoneLab-Locks: wake lock acquired
07-14 04:09:17.531   521   521 I PhoneLab-StatusMonitorLocation: Learning Signal Strgth
07-14 04:09:17.531   521   521 I PhoneLab-Locks: wake lock acquired
07-14 04:09:17.531   305   565 D androidNetworkLocationListeners: Still have listener com.google.android.location.internal.client.NetworkLocationClient$1@4139c0c0
07-14 04:09:17.539   305   565 D androidNetworkLocationListeners: Still have listener com.google.android.location.internal.client.NetworkLocationClient$1@4139c0c0
07-14 04:09:17.539   521   521 I PhoneLab-StatusMonitorBattery: Battery_level: 8
07-14 04:09:17.539   521   521 I PhoneLab-Locks: wake lock released
07-14 04:09:17.543   521   521 I PhoneLab-StatusMonitorSignal: Signal_Strength: -76 asu: 19
07-14 04:09:17.543   521   521 I PhoneLab-Locks: wake lock released
07-14 04:09:18.855   305   307 D dalvikvm: GC_CONCURRENT freed 510K, 7% free 10125K/10887K, paused 2ms+2ms
07-14 04:09:18.875   521   521 I PhoneLab-StatusMonitorLocation: Location_Latitude: 42.9552926 Longitude: -78.8289275 Accuracy: 43.0
07-14 04:09:18.875   521   521 I PhoneLab-Locks: wake lock released
07-14 04:09:18.875   305   565 D androidNetworkLocationListeners: Still have listener com.google.android.location.internal.client.NetworkLocationClient$1@4139c0c0
07-14 04:19:10.996   521   521 I PhoneLab-Locks: wake lock acquired
07-14 04:19:11.031   521  2446 I PhoneLab-PeriodicCheckService: User info is synched
07-14 04:19:11.035   521  2446 I PhoneLab-PeriodicCheckService: Logger Service is running
07-14 04:19:11.035   521  2446 I PhoneLab-Locks: wake lock acquired
07-14 04:19:11.039   521   521 I PhoneLab-UploadLogs: Transfering log files now
07-14 04:19:11.039   521   521 I PhoneLab-UploadLogs: No log files to transfer
07-14 04:19:11.039   521   521 I PhoneLab-Locks: wake lock released
07-14 04:19:11.039   521   521 I PhoneLab-UploadLogs: OnStartCommand
07-14 04:19:11.039   521  2446 I PhoneLab-PeriodicCheckService: Rescheduling periodic checking...
07-14 04:19:11.043   521  2446 I PhoneLab-Locks: wake lock released
07-14 04:19:15.320   935   937 D dalvikvm: GC_CONCURRENT freed 446K, 7% free 10528K/11207K, paused 15ms+2ms
07-14 04:19:17.543   521   521 I PhoneLab-Locks: wake lock acquired
07-14 04:19:17.566   521   521 I PhoneLab-StatusMonitor: Status Monitoring is started
07-14 04:19:17.605   521   523 D dalvikvm: GC_CONCURRENT freed 511K, 14% free 9261K/10759K, paused 1ms+2ms
07-14 04:19:17.625   521   521 I PhoneLab-StatusMonitor: Value: 10 - unit: min
07-14 04:19:17.625   521   521 I PhoneLab-StatusMonitor: Running interval: 600000
07-14 04:19:17.629   521   521 I PhoneLab-StatusMonitor: Rescheduling status monitoring...
07-14 04:19:17.632   521   521 I PhoneLab-Locks: wake lock released
07-14 04:19:17.636   521   521 I PhoneLab-StatusMonitorLocation: Learning Location
07-14 04:19:17.636   521   521 I PhoneLab-Locks: wake lock acquired
07-14 04:19:17.636   521   521 I PhoneLab-Locks: wake lock acquired
07-14 04:19:17.640   521   521 I PhoneLab-StatusMonitorLocation: Learning Signal Strgth
07-14 04:19:17.640   521   521 I PhoneLab-Locks: wake lock acquired
07-14 04:19:17.644   305   565 D androidNetworkLocationListeners: Still have listener com.google.android.location.internal.client.NetworkLocationClient$1@4139c0c0
07-14 04:19:17.652   521   521 I PhoneLab-StatusMonitorBattery: Battery_level: 8
07-14 04:19:17.652   521   521 I PhoneLab-Locks: wake lock released
07-14 04:19:17.652   305   565 D androidNetworkLocationListeners: Still have listener com.google.android.location.internal.client.NetworkLocationClient$1@4139c0c0
07-14 04:19:17.656   521   521 I PhoneLab-StatusMonitorSignal: Signal_Strength: -76 asu: 19
07-14 04:19:17.656   521   521 I PhoneLab-Locks: wake lock released
07-14 04:19:18.949   521   521 I PhoneLab-StatusMonitorLocation: Location_Latitude: 42.9552943 Longitude: -78.8289277 Accuracy: 36.0
07-14 04:19:18.949   521   521 I PhoneLab-Locks: wake lock released
07-14 04:19:18.949   305   565 D androidNetworkLocationListeners: Still have listener com.google.android.location.internal.client.NetworkLocationClient$1@4139c0c0
07-14 04:19:18.968   305   307 D dalvikvm: GC_CONCURRENT freed 496K, 8% free 10125K/10887K, paused 2ms+4ms
07-14 04:24:04.129   213   215 D dalvikvm: GC_CONCURRENT freed 396K, 8% free 10213K/11015K, paused 2ms+5ms
07-14 04:24:04.722   141   320 D dalvikvm: GC_EXPLICIT freed 1276K, 14% free 14774K/17095K, paused 20ms+7ms
07-14 04:29:17.648   521   521 I PhoneLab-Locks: wake lock acquired
07-14 04:29:17.675   521   521 I PhoneLab-StatusMonitor: Status Monitoring is started
07-14 04:29:17.718   521   523 D dalvikvm: GC_CONCURRENT freed 508K, 14% free 9263K/10759K, paused 1ms+2ms
07-14 04:29:17.734   521   521 I PhoneLab-StatusMonitor: Value: 10 - unit: min
07-14 04:29:17.734   521   521 I PhoneLab-StatusMonitor: Running interval: 600000
07-14 04:29:17.742   521   521 I PhoneLab-StatusMonitor: Rescheduling status monitoring...
07-14 04:29:17.746   521   521 I PhoneLab-Locks: wake lock released
07-14 04:29:17.750   521   521 I PhoneLab-StatusMonitorLocation: Learning Location
07-14 04:29:17.750   521   521 I PhoneLab-Locks: wake lock acquired
07-14 04:29:17.750   521   521 I PhoneLab-Locks: wake lock acquired
07-14 04:29:17.754   521   521 I PhoneLab-StatusMonitorLocation: Learning Signal Strgth
07-14 04:29:17.754   521   521 I PhoneLab-Locks: wake lock acquired
07-14 04:29:17.754   305   565 D androidNetworkLocationListeners: Still have listener com.google.android.location.internal.client.NetworkLocationClient$1@4139c0c0
07-14 04:29:17.765   521   521 I PhoneLab-StatusMonitorBattery: Battery_level: 8
07-14 04:29:17.765   521   521 I PhoneLab-Locks: wake lock released
07-14 04:29:17.769   521   521 I PhoneLab-StatusMonitorSignal: Signal_Strength: -76 asu: 19
07-14 04:29:17.769   521   521 I PhoneLab-Locks: wake lock released
07-14 04:29:17.769   305   565 D androidNetworkLocationListeners: Still have listener com.google.android.location.internal.client.NetworkLocationClient$1@4139c0c0
07-14 04:29:19.058   521   521 I PhoneLab-StatusMonitorLocation: Location_Latitude: 42.9552943 Longitude: -78.8289277 Accuracy: 36.0
07-14 04:29:19.058   521   521 I PhoneLab-Locks: wake lock released
07-14 04:29:19.062   305   565 D androidNetworkLocationListeners: Still have listener com.google.android.location.internal.client.NetworkLocationClient$1@4139c0c0
07-14 04:29:19.082   305   307 D dalvikvm: GC_CONCURRENT freed 467K, 8% free 10122K/10887K, paused 2ms+2ms
07-14 04:31:32.269   305   679 I EventLogService: Aggregate from 1342252892014 (log), 1342252892014 (data)
07-14 04:39:17.765   521   521 I PhoneLab-Locks: wake lock acquired
07-14 04:39:17.793   521   521 I PhoneLab-StatusMonitor: Status Monitoring is started
07-14 04:39:17.832   521   523 D dalvikvm: GC_CONCURRENT freed 532K, 15% free 9242K/10759K, paused 2ms+1ms
07-14 04:39:17.851   521   521 I PhoneLab-StatusMonitor: Value: 10 - unit: min
07-14 04:39:17.851   521   521 I PhoneLab-StatusMonitor: Running interval: 600000
07-14 04:39:17.855   521   521 I PhoneLab-StatusMonitor: Rescheduling status monitoring...
07-14 04:39:17.859   521   521 I PhoneLab-Locks: wake lock released
07-14 04:39:17.863   521   521 I PhoneLab-StatusMonitorLocation: Learning Location
07-14 04:39:17.863   521   521 I PhoneLab-Locks: wake lock acquired
07-14 04:39:17.863   521   521 I PhoneLab-Locks: wake lock acquired
07-14 04:39:17.867   521   521 I PhoneLab-StatusMonitorLocation: Learning Signal Strgth
07-14 04:39:17.867   521   521 I PhoneLab-Locks: wake lock acquired
07-14 04:39:17.867   305   565 D androidNetworkLocationListeners: Still have listener com.google.android.location.internal.client.NetworkLocationClient$1@4139c0c0
07-14 04:39:17.879   305   565 D androidNetworkLocationListeners: Still have listener com.google.android.location.internal.client.NetworkLocationClient$1@4139c0c0
07-14 04:39:17.879   521   521 I PhoneLab-StatusMonitorBattery: Battery_level: 8
07-14 04:39:17.879   521   521 I PhoneLab-Locks: wake lock released
07-14 04:39:17.882   521   521 I PhoneLab-StatusMonitorSignal: Signal_Strength: -76 asu: 19
07-14 04:39:17.882   521   521 I PhoneLab-Locks: wake lock released
07-14 04:39:19.175   305   307 D dalvikvm: GC_CONCURRENT freed 508K, 7% free 10126K/10887K, paused 2ms+3ms
07-14 04:39:19.191   521   521 I PhoneLab-StatusMonitorLocation: Location_Latitude: 42.955288 Longitude: -78.8289308 Accuracy: 34.0
07-14 04:39:19.191   521   521 I PhoneLab-Locks: wake lock released
07-14 04:39:19.203   305   565 D androidNetworkLocationListeners: Still have listener com.google.android.location.internal.client.NetworkLocationClient$1@4139c0c0
07-14 04:39:23.242   521  1322 I PhoneLab-: Service Running
07-14 04:39:23.316   521  1322 I PhoneLab-LoggerService: app_38    1330  521   1432   1064  c00f181c 400107b4 S logcat
07-14 04:39:23.316   521  1322 I PhoneLab-LoggerService: Logcat pid from database 1330
07-14 04:39:23.316   521  1322 I PhoneLab-LoggerService: Logcat process found 1330
07-14 04:39:23.316   521  1322 I PhoneLab-LoggerService: Checking Threshold
07-14 04:39:23.316   521  1322 I PhoneLab-: Service Running
07-14 04:39:23.355   521  1322 I PhoneLab-LoggerService: app_38    1330  521   1432   1064  c00f181c 400107b4 S logcat
07-14 04:39:23.355   521  1322 I PhoneLab-LoggerService: Logcat pid from database 1330
07-14 04:39:23.355   521  1322 I PhoneLab-LoggerService: Logcat process found 1330
07-14 04:39:23.355   521  1322 I PhoneLab-LoggerService: Checking Threshold
07-14 04:39:23.355   521  1322 I PhoneLab-: Service Running
07-14 04:39:23.382   521   523 D dalvikvm: GC_CONCURRENT freed 421K, 15% free 9214K/10759K, paused 2ms+7ms
07-14 04:39:23.402   521  1322 I PhoneLab-LoggerService: app_38    1330  521   1432   1064  c00f181c 400107b4 S logcat
07-14 04:39:23.402   521  1322 I PhoneLab-LoggerService: Logcat pid from database 1330
07-14 04:39:23.402   521  1322 I PhoneLab-LoggerService: Logcat process found 1330
07-14 04:39:23.402   521  1322 I PhoneLab-LoggerService: Checking Threshold
07-14 04:39:23.402   521  1322 I PhoneLab-: Service Running
07-14 04:39:23.433   521  1322 I PhoneLab-LoggerService: app_38    1330  521   1432   1064  c00f181c 400107b4 S logcat
07-14 04:39:23.433   521  1322 I PhoneLab-LoggerService: Logcat pid from database 1330
07-14 04:39:23.433   521  1322 I PhoneLab-LoggerService: Logcat process found 1330
07-14 04:39:23.433   521  1322 I PhoneLab-LoggerService: Checking Threshold
07-14 04:39:23.437   521  1322 I PhoneLab-: Service Running
07-14 04:39:23.465   521  1322 I PhoneLab-LoggerService: app_38    1330  521   1432   1064  c00f181c 400107b4 S logcat
07-14 04:39:23.465   521  1322 I PhoneLab-LoggerService: Logcat pid from database 1330
07-14 04:39:23.465   521  1322 I PhoneLab-LoggerService: Logcat process found 1330
07-14 04:39:23.465   521  1322 I PhoneLab-LoggerService: Checking Threshold
07-14 04:39:23.465   521  1322 I PhoneLab-: Service Running
07-14 04:39:23.496   521  1322 I PhoneLab-LoggerService: app_38    1330  521   1432   1064  c00f181c 400107b4 S logcat
07-14 04:39:23.496   521  1322 I PhoneLab-LoggerService: Logcat pid from database 1330
07-14 04:39:23.496   521  1322 I PhoneLab-LoggerService: Logcat process found 1330
07-14 04:39:23.496   521  1322 I PhoneLab-LoggerService: Checking Threshold
07-14 04:39:23.496   521  1322 I PhoneLab-: Service Running
07-14 04:39:23.527   521  1322 I PhoneLab-LoggerService: app_38    1330  521   1432   1064  c00f181c 400107b4 S logcat
07-14 04:39:23.527   521  1322 I PhoneLab-LoggerService: Logcat pid from database 1330
07-14 04:39:23.527   521  1322 I PhoneLab-LoggerService: Logcat process found 1330
07-14 04:39:23.527   521  1322 I PhoneLab-LoggerService: Checking Threshold
07-14 04:39:23.527   521  1322 I PhoneLab-: Service Running
07-14 04:39:23.558   521  1322 I PhoneLab-LoggerService: app_38    1330  521   1432   1064  c00f181c 400107b4 S logcat
07-14 04:39:23.558   521  1322 I PhoneLab-LoggerService: Logcat pid from database 1330
07-14 04:39:23.558   521  1322 I PhoneLab-LoggerService: Logcat process found 1330
07-14 04:39:23.558   521  1322 I PhoneLab-LoggerService: Checking Threshold
07-14 04:39:23.558   521  1322 I PhoneLab-: Service Running
07-14 04:39:23.590   521  1322 I PhoneLab-LoggerService: app_38    1330  521   1432   1064  c00f181c 400107b4 S logcat
07-14 04:39:23.590   521  1322 I PhoneLab-LoggerService: Logcat pid from database 1330
07-14 04:39:23.590   521  1322 I PhoneLab-LoggerService: Logcat process found 1330
07-14 04:39:23.590   521  1322 I PhoneLab-LoggerService: Checking Threshold
07-14 04:39:23.593   521  1322 I PhoneLab-: Service Running
07-14 04:39:23.632   521   523 D dalvikvm: GC_CONCURRENT freed 386K, 15% free 9218K/10759K, paused 1ms+2ms
07-14 04:39:23.644   521  1322 I PhoneLab-LoggerService: app_38    1330  521   1432   1064  c00f181c 400107b4 S logcat
07-14 04:39:23.644   521  1322 I PhoneLab-LoggerService: Logcat pid from database 1330
07-14 04:39:23.644   521  1322 I PhoneLab-LoggerService: Logcat process found 1330
07-14 04:39:23.644   521  1322 I PhoneLab-LoggerService: Checking Threshold
07-14 04:39:23.644   521  1322 I PhoneLab-: Service Running
07-14 04:39:23.675   521  1322 I PhoneLab-LoggerService: app_38    1330  521   1432   1064  c00f181c 400107b4 S logcat
07-14 04:39:23.675   521  1322 I PhoneLab-LoggerService: Logcat pid from database 1330
07-14 04:39:23.675   521  1322 I PhoneLab-LoggerService: Logcat process found 1330
07-14 04:39:23.675   521  1322 I PhoneLab-LoggerService: Checking Threshold
07-14 04:39:23.675   521  1322 I PhoneLab-: Service Running
07-14 04:39:23.707   521  1322 I PhoneLab-LoggerService: app_38    1330  521   1432   1064  c00f181c 400107b4 S logcat
07-14 04:39:23.707   521  1322 I PhoneLab-LoggerService: Logcat pid from database 1330
07-14 04:39:23.707   521  1322 I PhoneLab-LoggerService: Logcat process found 1330
07-14 04:39:23.707   521  1322 I PhoneLab-LoggerService: Checking Threshold
07-14 04:39:23.707   521  1322 I PhoneLab-: Service Running
07-14 04:39:23.738   521  1322 I PhoneLab-LoggerService: app_38    1330  521   1432   1064  c00f181c 400107b4 S logcat
07-14 04:39:23.738   521  1322 I PhoneLab-LoggerService: Logcat pid from database 1330
07-14 04:39:23.738   521  1322 I PhoneLab-LoggerService: Logcat process found 1330
07-14 04:39:23.738   521  1322 I PhoneLab-LoggerService: Checking Threshold
07-14 04:39:23.738   521  1322 I PhoneLab-: Service Running
07-14 04:39:23.769   521  1322 I PhoneLab-LoggerService: app_38    1330  521   1432   1064  c00f181c 400107b4 S logcat
07-14 04:39:23.769   521  1322 I PhoneLab-LoggerService: Logcat pid from database 1330
07-14 04:39:23.769   521  1322 I PhoneLab-LoggerService: Logcat process found 1330
07-14 04:39:23.769   521  1322 I PhoneLab-LoggerService: Checking Threshold
07-14 04:39:23.769   521  1322 I PhoneLab-: Service Running
07-14 04:39:23.800   521  1322 I PhoneLab-LoggerService: app_38    1330  521   1432   1064  c00f181c 400107b4 S logcat
07-14 04:39:23.800   521  1322 I PhoneLab-LoggerService: Logcat pid from database 1330
07-14 04:39:23.800   521  1322 I PhoneLab-LoggerService: Logcat process found 1330
07-14 04:39:23.800   521  1322 I PhoneLab-LoggerService: Checking Threshold
07-14 04:39:23.800   521  1322 I PhoneLab-: Service Running
