07-05 06:12:51.148 27355 27369 I PhoneLab-LoggerService: app_36    1414  1     1436   1000  c00f181c 400107b4 S logcat
07-05 06:12:51.148 27355 27369 I PhoneLab-LoggerService: Logcat pid from database 1414
07-05 06:12:51.152 27355 27369 I PhoneLab-LoggerService: Logcat process found 1414
07-05 06:12:51.152 27355 27369 I PhoneLab-LoggerService: Checking Threshold
07-05 06:12:51.152 27355 27369 I PhoneLab-LoggerService: Starting to rename files
07-05 06:12:51.152 27355 27369 I PhoneLab-LoggerService: Files found .. 2
07-05 06:12:51.152 27355 27369 I PhoneLab-LoggerService: File 1 log.out.1
07-05 06:12:51.172 27355 27369 I PhoneLab-LoggerService: Renamed successfully
07-05 06:12:51.175 27355 27369 I PhoneLab-: Service Running
07-05 06:12:51.207 27355 27369 I PhoneLab-LoggerService: app_36    1414  1     1436   1000  c00f181c 400107b4 S logcat
07-05 06:12:51.207 27355 27369 I PhoneLab-LoggerService: Logcat pid from database 1414
07-05 06:12:51.207 27355 27369 I PhoneLab-LoggerService: Logcat process found 1414
07-05 06:12:51.207 27355 27369 I PhoneLab-LoggerService: Checking Threshold
07-05 06:12:51.207 27355 27369 I PhoneLab-LoggerService: Starting to rename files
07-05 06:12:51.207 27355 27369 I PhoneLab-LoggerService: Files found .. 2
07-05 06:12:51.207 27355 27369 I PhoneLab-: Service Running
07-05 06:12:51.254 27355 27358 D dalvikvm: GC_CONCURRENT freed 385K, 15% free 9159K/10695K, paused 2ms+6ms
07-05 06:12:51.257 27355 27369 I PhoneLab-LoggerService: app_36    1414  1     1436   1000  c00f181c 400107b4 S logcat
07-05 06:12:51.257 27355 27369 I PhoneLab-LoggerService: Logcat pid from database 1414
07-05 06:12:51.257 27355 27369 I PhoneLab-LoggerService: Logcat process found 1414
07-05 06:12:51.257 27355 27369 I PhoneLab-LoggerService: Checking Threshold
07-05 06:12:51.257 27355 27369 I PhoneLab-LoggerService: Starting to rename files
07-05 06:12:51.257 27355 27369 I PhoneLab-LoggerService: Files found .. 2
07-05 06:12:51.265 27355 27369 I PhoneLab-: Service Running
07-05 06:12:51.293 27355 27369 I PhoneLab-LoggerService: app_36    1414  1     1436   1000  c00f181c 400107b4 S logcat
07-05 06:12:51.293 27355 27369 I PhoneLab-LoggerService: Logcat pid from database 1414
07-05 06:12:51.293 27355 27369 I PhoneLab-LoggerService: Logcat process found 1414
07-05 06:12:51.293 27355 27369 I PhoneLab-LoggerService: Checking Threshold
07-05 06:12:51.293 27355 27369 I PhoneLab-LoggerService: Starting to rename files
07-05 06:12:51.293 27355 27369 I PhoneLab-LoggerService: Files found .. 2
07-05 06:12:51.297 27355 27369 I PhoneLab-: Service Running
07-05 06:12:51.324 27355 27369 I PhoneLab-LoggerService: app_36    1414  1     1436   1000  c00f181c 400107b4 S logcat
07-05 06:12:51.324 27355 27369 I PhoneLab-LoggerService: Logcat pid from database 1414
07-05 06:12:51.324 27355 27369 I PhoneLab-LoggerService: Logcat process found 1414
07-05 06:12:51.324 27355 27369 I PhoneLab-LoggerService: Checking Threshold
07-05 06:12:51.324 27355 27369 I PhoneLab-LoggerService: Starting to rename files
07-05 06:12:51.324 27355 27369 I PhoneLab-LoggerService: Files found .. 2
07-05 06:12:51.328 27355 27369 I PhoneLab-: Service Running
07-05 06:12:51.355 27355 27369 I PhoneLab-LoggerService: app_36    1414  1     1436   1000  c00f181c 400107b4 S logcat
07-05 06:12:51.359 27355 27369 I PhoneLab-LoggerService: Logcat pid from database 1414
07-05 06:12:51.359 27355 27369 I PhoneLab-LoggerService: Logcat process found 1414
07-05 06:12:51.359 27355 27369 I PhoneLab-LoggerService: Checking Threshold
07-05 06:12:51.359 27355 27369 I PhoneLab-LoggerService: Starting to rename files
07-05 06:12:51.359 27355 27369 I PhoneLab-LoggerService: Files found .. 2
07-05 06:12:51.359 27355 27369 I PhoneLab-: Service Running
07-05 06:12:51.386 27355 27369 I PhoneLab-LoggerService: app_36    1414  1     1436   1000  c00f181c 400107b4 S logcat
07-05 06:12:51.386 27355 27369 I PhoneLab-LoggerService: Logcat pid from database 1414
07-05 06:12:51.386 27355 27369 I PhoneLab-LoggerService: Logcat process found 1414
07-05 06:12:51.390 27355 27369 I PhoneLab-LoggerService: Checking Threshold
07-05 06:12:51.390 27355 27369 I PhoneLab-LoggerService: Starting to rename files
07-05 06:12:51.390 27355 27369 I PhoneLab-LoggerService: Files found .. 2
07-05 06:12:51.390 27355 27369 I PhoneLab-: Service Running
07-05 06:12:51.418 27355 27369 I PhoneLab-LoggerService: app_36    1414  1     1436   1000  c00f181c 400107b4 S logcat
07-05 06:12:51.418 27355 27369 I PhoneLab-LoggerService: Logcat pid from database 1414
07-05 06:12:51.418 27355 27369 I PhoneLab-LoggerService: Logcat process found 1414
07-05 06:12:51.418 27355 27369 I PhoneLab-LoggerService: Checking Threshold
07-05 06:12:51.418 27355 27369 I PhoneLab-LoggerService: Starting to rename files
07-05 06:12:51.418 27355 27369 I PhoneLab-LoggerService: Files found .. 2
07-05 06:12:51.422 27355 27369 I PhoneLab-: Service Running
07-05 06:12:51.449 27355 27369 I PhoneLab-LoggerService: app_36    1414  1     1436   1000  c00f181c 400107b4 S logcat
07-05 06:12:51.449 27355 27369 I PhoneLab-LoggerService: Logcat pid from database 1414
07-05 06:12:51.449 27355 27369 I PhoneLab-LoggerService: Logcat process found 1414
07-05 06:12:51.449 27355 27369 I PhoneLab-LoggerService: Checking Threshold
07-05 06:12:51.449 27355 27369 I PhoneLab-LoggerService: Starting to rename files
07-05 06:12:51.449 27355 27369 I PhoneLab-LoggerService: Files found .. 2
07-05 06:12:51.449 27355 27369 I PhoneLab-: Service Running
07-05 06:12:51.492 27355 27369 I PhoneLab-LoggerService: app_36    1414  1     1436   1000  c00f181c 400107b4 S logcat
07-05 06:12:51.492 27355 27369 I PhoneLab-LoggerService: Logcat pid from database 1414
07-05 06:12:51.492 27355 27369 I PhoneLab-LoggerService: Logcat process found 1414
07-05 06:12:51.492 27355 27369 I PhoneLab-LoggerService: Checking Threshold
07-05 06:12:51.492 27355 27369 I PhoneLab-LoggerService: Starting to rename files
07-05 06:12:51.492 27355 27369 I PhoneLab-LoggerService: Files found .. 2
07-05 06:12:51.496 27355 27369 I PhoneLab-: Service Running
07-05 06:12:51.504 27355 27358 D dalvikvm: GC_CONCURRENT freed 394K, 15% free 9167K/10695K, paused 2ms+5ms
07-05 06:12:51.543 27355 27369 I PhoneLab-LoggerService: app_36    1414  1     1436   1000  c00f181c 400107b4 S logcat
07-05 06:12:51.543 27355 27369 I PhoneLab-LoggerService: Logcat pid from database 1414
07-05 06:12:51.543 27355 27369 I PhoneLab-LoggerService: Logcat process found 1414
07-05 06:12:51.543 27355 27369 I PhoneLab-LoggerService: Checking Threshold
07-05 06:12:51.547 27355 27369 I PhoneLab-LoggerService: Starting to rename files
07-05 06:12:51.547 27355 27369 I PhoneLab-LoggerService: Files found .. 2
07-05 06:12:51.547 27355 27369 I PhoneLab-: Service Running
07-05 06:12:51.574 27355 27369 I PhoneLab-LoggerService: app_36    1414  1     1436   1000  c00f181c 400107b4 S logcat
07-05 06:12:51.574 27355 27369 I PhoneLab-LoggerService: Logcat pid from database 1414
07-05 06:12:51.574 27355 27369 I PhoneLab-LoggerService: Logcat process found 1414
07-05 06:12:51.574 27355 27369 I PhoneLab-LoggerService: Checking Threshold
07-05 06:12:51.574 27355 27369 I PhoneLab-LoggerService: Starting to rename files
07-05 06:12:51.574 27355 27369 I PhoneLab-LoggerService: Files found .. 2
07-05 06:12:51.574 27355 27369 I PhoneLab-: Service Running
07-05 06:12:51.605 27355 27369 I PhoneLab-LoggerService: app_36    1414  1     1436   1000  c00f181c 400107b4 S logcat
07-05 06:12:51.605 27355 27369 I PhoneLab-LoggerService: Logcat pid from database 1414
07-05 06:12:51.605 27355 27369 I PhoneLab-LoggerService: Logcat process found 1414
07-05 06:12:51.605 27355 27369 I PhoneLab-LoggerService: Checking Threshold
07-05 06:12:51.605 27355 27369 I PhoneLab-LoggerService: Starting to rename files
07-05 06:12:51.605 27355 27369 I PhoneLab-LoggerService: Files found .. 2
07-05 06:12:51.605 27355 27369 I PhoneLab-: Service Running
07-05 06:12:51.632 27355 27369 I PhoneLab-LoggerService: app_36    1414  1     1436   1000  c00f181c 400107b4 S logcat
07-05 06:12:51.636 27355 27369 I PhoneLab-LoggerService: Logcat pid from database 1414
07-05 06:12:51.636 27355 27369 I PhoneLab-LoggerService: Logcat process found 1414
07-05 06:12:51.636 27355 27369 I PhoneLab-LoggerService: Checking Threshold
07-05 06:12:51.636 27355 27369 I PhoneLab-LoggerService: Starting to rename files
07-05 06:12:51.636 27355 27369 I PhoneLab-LoggerService: Files found .. 2
07-05 06:12:51.636 27355 27369 I PhoneLab-: Service Running
07-05 06:12:51.664 27355 27369 I PhoneLab-LoggerService: app_36    1414  1     1436   1000  c00f181c 400107b4 S logcat
07-05 06:12:51.664 27355 27369 I PhoneLab-LoggerService: Logcat pid from database 1414
07-05 06:12:51.664 27355 27369 I PhoneLab-LoggerService: Logcat process found 1414
07-05 06:12:51.664 27355 27369 I PhoneLab-LoggerService: Checking Threshold
07-05 06:12:51.664 27355 27369 I PhoneLab-LoggerService: Starting to rename files
07-05 06:12:51.668 27355 27369 I PhoneLab-LoggerService: Files found .. 2
07-05 06:12:51.668 27355 27369 I PhoneLab-: Service Running
07-05 06:12:51.695 27355 27369 I PhoneLab-LoggerService: app_36    1414  1     1436   1000  c00f181c 400107b4 S logcat
07-05 06:12:51.695 27355 27369 I PhoneLab-LoggerService: Logcat pid from database 1414
07-05 06:12:51.695 27355 27369 I PhoneLab-LoggerService: Logcat process found 1414
07-05 06:12:51.695 27355 27369 I PhoneLab-LoggerService: Checking Threshold
07-05 06:12:51.695 27355 27369 I PhoneLab-LoggerService: Starting to rename files
07-05 06:12:51.695 27355 27369 I PhoneLab-LoggerService: Files found .. 2
07-05 06:12:51.695 27355 27369 I PhoneLab-: Service Running
07-05 06:12:51.722 27355 27369 I PhoneLab-LoggerService: app_36    1414  1     1436   1000  c00f181c 400107b4 S logcat
07-05 06:12:51.722 27355 27369 I PhoneLab-LoggerService: Logcat pid from database 1414
07-05 06:12:51.722 27355 27369 I PhoneLab-LoggerService: Logcat process found 1414
07-05 06:12:51.722 27355 27369 I PhoneLab-LoggerService: Checking Threshold
07-05 06:12:51.726 27355 27369 I PhoneLab-LoggerService: Starting to rename files
07-05 06:12:51.726 27355 27369 I PhoneLab-LoggerService: Files found .. 2
07-05 06:12:51.742 27355 27369 I PhoneLab-: Service Running
07-05 06:12:51.769 27355 27358 D dalvikvm: GC_CONCURRENT freed 425K, 15% free 9126K/10695K, paused 3ms+5ms
07-05 06:12:51.789 27355 27369 I PhoneLab-LoggerService: app_36    1414  1     1436   1000  c00f181c 400107b4 S logcat
07-05 06:12:51.789 27355 27369 I PhoneLab-LoggerService: Logcat pid from database 1414
07-05 06:12:51.789 27355 27369 I PhoneLab-LoggerService: Logcat process found 1414
07-05 06:12:51.789 27355 27369 I PhoneLab-LoggerService: Checking Threshold
07-05 06:12:51.789 27355 27369 I PhoneLab-LoggerService: Starting to rename files
07-05 06:12:51.789 27355 27369 I PhoneLab-LoggerService: Files found .. 2
07-05 06:12:51.793 27355 27369 I PhoneLab-: Service Running
07-05 06:12:51.816 27355 27369 I PhoneLab-LoggerService: app_36    1414  1     1436   1000  c00f181c 400107b4 S logcat
07-05 06:12:51.820 27355 27369 I PhoneLab-LoggerService: Logcat pid from database 1414
07-05 06:12:51.820 27355 27369 I PhoneLab-LoggerService: Logcat process found 1414
07-05 06:12:51.820 27355 27369 I PhoneLab-LoggerService: Checking Threshold
07-05 06:12:51.820 27355 27369 I PhoneLab-LoggerService: Starting to rename files
07-05 06:12:51.820 27355 27369 I PhoneLab-LoggerService: Files found .. 2
07-05 06:12:51.820 27355 27369 I PhoneLab-: Service Running
07-05 06:12:51.847 27355 27369 I PhoneLab-LoggerService: app_36    1414  1     1436   1000  c00f181c 400107b4 S logcat
07-05 06:12:51.847 27355 27369 I PhoneLab-LoggerService: Logcat pid from database 1414
07-05 06:12:51.847 27355 27369 I PhoneLab-LoggerService: Logcat process found 1414
07-05 06:12:51.847 27355 27369 I PhoneLab-LoggerService: Checking Threshold
07-05 06:12:51.847 27355 27369 I PhoneLab-LoggerService: Starting to rename files
07-05 06:12:51.847 27355 27369 I PhoneLab-LoggerService: Files found .. 2
07-05 06:12:51.851 27355 27369 I PhoneLab-: Service Running
07-05 06:12:51.879 27355 27369 I PhoneLab-LoggerService: app_36    1414  1     1436   1000  c00f181c 400107b4 S logcat
07-05 06:12:51.879 27355 27369 I PhoneLab-LoggerService: Logcat pid from database 1414
07-05 06:12:51.879 27355 27369 I PhoneLab-LoggerService: Logcat process found 1414
07-05 06:12:51.879 27355 27369 I PhoneLab-LoggerService: Checking Threshold
07-05 06:12:51.879 27355 27369 I PhoneLab-LoggerService: Starting to rename files
07-05 06:12:51.879 27355 27369 I PhoneLab-LoggerService: Files found .. 2
07-05 06:12:51.879 27355 27369 I PhoneLab-: Service Running
07-05 06:12:51.906 27355 27369 I PhoneLab-LoggerService: app_36    1414  1     1436   1000  c00f181c 400107b4 S logcat
07-05 06:12:51.906 27355 27369 I PhoneLab-LoggerService: Logcat pid from database 1414
07-05 06:12:51.906 27355 27369 I PhoneLab-LoggerService: Logcat process found 1414
07-05 06:12:51.906 27355 27369 I PhoneLab-LoggerService: Checking Threshold
07-05 06:12:51.906 27355 27369 I PhoneLab-LoggerService: Starting to rename files
07-05 06:12:51.906 27355 27369 I PhoneLab-LoggerService: Files found .. 2
07-05 06:12:51.910 27355 27369 I PhoneLab-: Service Running
07-05 06:12:51.937 27355 27369 I PhoneLab-LoggerService: app_36    1414  1     1436   1000  c00f181c 400107b4 S logcat
07-05 06:12:51.937 27355 27369 I PhoneLab-LoggerService: Logcat pid from database 1414
07-05 06:12:51.937 27355 27369 I PhoneLab-LoggerService: Logcat process found 1414
07-05 06:12:51.937 27355 27369 I PhoneLab-LoggerService: Checking Threshold
07-05 06:12:51.937 27355 27369 I PhoneLab-LoggerService: Starting to rename files
07-05 06:12:51.937 27355 27369 I PhoneLab-LoggerService: Files found .. 2
07-05 06:12:51.937 27355 27369 I PhoneLab-: Service Running
07-05 06:12:51.964 27355 27369 I PhoneLab-LoggerService: app_36    1414  1     1436   1000  c00f181c 400107b4 S logcat
07-05 06:12:51.964 27355 27369 I PhoneLab-LoggerService: Logcat pid from database 1414
07-05 06:12:51.964 27355 27369 I PhoneLab-LoggerService: Logcat process found 1414
07-05 06:12:51.964 27355 27369 I PhoneLab-LoggerService: Checking Threshold
07-05 06:12:51.964 27355 27369 I PhoneLab-LoggerService: Starting to rename files
07-05 06:12:51.964 27355 27369 I PhoneLab-LoggerService: Files found .. 2
07-05 06:12:51.984 27355 27369 I PhoneLab-: Service Running
07-05 06:12:52.007 27355 27358 D dalvikvm: GC_CONCURRENT freed 386K, 15% free 9125K/10695K, paused 2ms+7ms
07-05 06:12:52.027 27355 27369 I PhoneLab-LoggerService: app_36    1414  1     1436   1000  c00f181c 400107b4 S logcat
07-05 06:12:52.027 27355 27369 I PhoneLab-LoggerService: Logcat pid from database 1414
07-05 06:12:52.027 27355 27369 I PhoneLab-LoggerService: Logcat process found 1414
07-05 06:12:52.027 27355 27369 I PhoneLab-LoggerService: Checking Threshold
07-05 06:12:52.027 27355 27369 I PhoneLab-LoggerService: Starting to rename files
07-05 06:12:52.027 27355 27369 I PhoneLab-LoggerService: Files found .. 2
07-05 06:12:52.031 27355 27369 I PhoneLab-: Service Running
07-05 06:12:52.058 27355 27369 I PhoneLab-LoggerService: app_36    1414  1     1436   1000  c00f181c 400107b4 S logcat
07-05 06:12:52.058 27355 27369 I PhoneLab-LoggerService: Logcat pid from database 1414
07-05 06:12:52.058 27355 27369 I PhoneLab-LoggerService: Logcat process found 1414
07-05 06:12:52.058 27355 27369 I PhoneLab-LoggerService: Checking Threshold
07-05 06:12:52.058 27355 27369 I PhoneLab-LoggerService: Starting to rename files
07-05 06:12:52.058 27355 27369 I PhoneLab-LoggerService: Files found .. 2
07-05 06:12:52.062 27355 27369 I PhoneLab-: Service Running
07-05 06:12:52.089 27355 27369 I PhoneLab-LoggerService: app_36    1414  1     1436   1000  c00f181c 400107b4 S logcat
07-05 06:12:52.089 27355 27369 I PhoneLab-LoggerService: Logcat pid from database 1414
07-05 06:12:52.089 27355 27369 I PhoneLab-LoggerService: Logcat process found 1414
07-05 06:12:52.089 27355 27369 I PhoneLab-LoggerService: Checking Threshold
07-05 06:12:52.089 27355 27369 I PhoneLab-LoggerService: Starting to rename files
07-05 06:12:52.089 27355 27369 I PhoneLab-LoggerService: Files found .. 2
07-05 06:12:52.089 27355 27369 I PhoneLab-: Service Running
07-05 06:12:52.117 27355 27369 I PhoneLab-LoggerService: app_36    1414  1     1436   1000  c00f181c 400107b4 S logcat
07-05 06:12:52.117 27355 27369 I PhoneLab-LoggerService: Logcat pid from database 1414
07-05 06:12:52.117 27355 27369 I PhoneLab-LoggerService: Logcat process found 1414
07-05 06:12:52.117 27355 27369 I PhoneLab-LoggerService: Checking Threshold
07-05 06:12:52.117 27355 27369 I PhoneLab-LoggerService: Starting to rename files
07-05 06:12:52.117 27355 27369 I PhoneLab-LoggerService: Files found .. 2
07-05 06:12:52.121 27355 27369 I PhoneLab-: Service Running
07-05 06:12:52.148 27355 27369 I PhoneLab-LoggerService: app_36    1414  1     1436   1000  c00f181c 400107b4 S logcat
07-05 06:12:52.148 27355 27369 I PhoneLab-LoggerService: Logcat pid from database 1414
07-05 06:12:52.148 27355 27369 I PhoneLab-LoggerService: Logcat process found 1414
07-05 06:12:52.148 27355 27369 I PhoneLab-LoggerService: Checking Threshold
07-05 06:12:52.148 27355 27369 I PhoneLab-LoggerService: Starting to rename files
07-05 06:12:52.148 27355 27369 I PhoneLab-LoggerService: Files found .. 2
07-05 06:12:52.148 27355 27369 I PhoneLab-: Service Running
07-05 06:12:52.175 27355 27369 I PhoneLab-LoggerService: app_36    1414  1     1436   1000  c00f181c 400107b4 S logcat
07-05 06:12:52.175 27355 27369 I PhoneLab-LoggerService: Logcat pid from database 1414
07-05 06:12:52.175 27355 27369 I PhoneLab-LoggerService: Logcat process found 1414
07-05 06:12:52.175 27355 27369 I PhoneLab-LoggerService: Checking Threshold
07-05 06:12:52.175 27355 27369 I PhoneLab-LoggerService: Starting to rename files
07-05 06:12:52.179 27355 27369 I PhoneLab-LoggerService: Files found .. 2
07-05 06:12:52.179 27355 27369 I PhoneLab-: Service Running
07-05 06:12:52.207 27355 27369 I PhoneLab-LoggerService: app_36    1414  1     1436   1000  c00f181c 400107b4 S logcat
07-05 06:12:52.207 27355 27369 I PhoneLab-LoggerService: Logcat pid from database 1414
07-05 06:12:52.207 27355 27369 I PhoneLab-LoggerService: Logcat process found 1414
07-05 06:12:52.207 27355 27369 I PhoneLab-LoggerService: Checking Threshold
07-05 06:12:52.207 27355 27369 I PhoneLab-LoggerService: Starting to rename files
07-05 06:12:52.207 27355 27369 I PhoneLab-LoggerService: Files found .. 2
07-05 06:12:52.226 27355 27369 I PhoneLab-: Service Running
07-05 06:12:52.250 27355 27358 D dalvikvm: GC_CONCURRENT freed 384K, 15% free 9125K/10695K, paused 2ms+5ms
07-05 06:12:52.269 27355 27369 I PhoneLab-LoggerService: app_36    1414  1     1436   1000  c00f181c 400107b4 S logcat
07-05 06:12:52.269 27355 27369 I PhoneLab-LoggerService: Logcat pid from database 1414
07-05 06:12:52.269 27355 27369 I PhoneLab-LoggerService: Logcat process found 1414
07-05 06:12:52.269 27355 27369 I PhoneLab-LoggerService: Checking Threshold
07-05 06:12:52.269 27355 27369 I PhoneLab-LoggerService: Starting to rename files
07-05 06:12:52.269 27355 27369 I PhoneLab-LoggerService: Files found .. 2
07-05 06:12:52.269 27355 27369 I PhoneLab-: Service Running
07-05 06:12:52.297 27355 27369 I PhoneLab-LoggerService: app_36    1414  1     1436   1000  c00f181c 400107b4 S logcat
07-05 06:12:52.297 27355 27369 I PhoneLab-LoggerService: Logcat pid from database 1414
07-05 06:12:52.297 27355 27369 I PhoneLab-LoggerService: Logcat process found 1414
07-05 06:12:52.300 27355 27369 I PhoneLab-LoggerService: Checking Threshold
07-05 06:12:52.300 27355 27369 I PhoneLab-LoggerService: Starting to rename files
07-05 06:12:52.300 27355 27369 I PhoneLab-LoggerService: Files found .. 2
07-05 06:12:52.300 27355 27369 I PhoneLab-: Service Running
07-05 06:12:52.328 27355 27369 I PhoneLab-LoggerService: app_36    1414  1     1436   1000  c00f181c 400107b4 S logcat
07-05 06:12:52.328 27355 27369 I PhoneLab-LoggerService: Logcat pid from database 1414
07-05 06:12:52.328 27355 27369 I PhoneLab-LoggerService: Logcat process found 1414
07-05 06:12:52.328 27355 27369 I PhoneLab-LoggerService: Checking Threshold
07-05 06:12:52.328 27355 27369 I PhoneLab-LoggerService: Starting to rename files
07-05 06:12:52.328 27355 27369 I PhoneLab-LoggerService: Files found .. 2
07-05 06:12:52.332 27355 27369 I PhoneLab-: Service Running
07-05 06:12:56.039 27355 27369 I PhoneLab-LoggerService: app_36    1414  1     1436   1000  c00f181c 400107b4 S logcat
07-05 06:12:56.039 27355 27369 I PhoneLab-LoggerService: Logcat pid from database 1414
07-05 06:12:56.039 27355 27369 I PhoneLab-LoggerService: Logcat process found 1414
07-05 06:12:56.039 27355 27369 I PhoneLab-LoggerService: Checking Threshold
07-05 06:12:56.039 27355 27369 I PhoneLab-LoggerService: Starting to rename files
07-05 06:12:56.043 27355 27369 I PhoneLab-LoggerService: Files found .. 2
07-05 06:12:56.043 27355 27369 I PhoneLab-: Service Running
07-05 06:12:56.066 27355 27369 I PhoneLab-LoggerService: app_36    1414  1     1436   1000  c00f181c 400107b4 S logcat
07-05 06:12:56.066 27355 27369 I PhoneLab-LoggerService: Logcat pid from database 1414
07-05 06:12:56.066 27355 27369 I PhoneLab-LoggerService: Logcat process found 1414
07-05 06:12:56.066 27355 27369 I PhoneLab-LoggerService: Checking Threshold
07-05 06:12:56.066 27355 27369 I PhoneLab-LoggerService: Starting to rename files
07-05 06:12:56.074 27355 27369 I PhoneLab-LoggerService: Files found .. 2
07-05 06:12:56.074 27355 27369 I PhoneLab-: Service Running
07-05 06:12:56.101 27355 27369 I PhoneLab-LoggerService: app_36    1414  1     1436   1000  c00f181c 400107b4 S logcat
07-05 06:12:56.101 27355 27369 I PhoneLab-LoggerService: Logcat pid from database 1414
07-05 06:12:56.101 27355 27369 I PhoneLab-LoggerService: Logcat process found 1414
07-05 06:12:56.101 27355 27369 I PhoneLab-LoggerService: Checking Threshold
07-05 06:12:56.101 27355 27369 I PhoneLab-LoggerService: Starting to rename files
07-05 06:12:56.101 27355 27369 I PhoneLab-LoggerService: Files found .. 2
07-05 06:12:56.101 27355 27369 I PhoneLab-: Service Running
07-05 06:12:56.129 27355 27369 I PhoneLab-LoggerService: app_36    1414  1     1436   1000  c00f181c 400107b4 S logcat
07-05 06:12:56.132 27355 27369 I PhoneLab-LoggerService: Logcat pid from database 1414
07-05 06:12:56.132 27355 27369 I PhoneLab-LoggerService: Logcat process found 1414
07-05 06:12:56.132 27355 27369 I PhoneLab-LoggerService: Checking Threshold
07-05 06:12:56.132 27355 27369 I PhoneLab-LoggerService: Starting to rename files
07-05 06:12:56.132 27355 27369 I PhoneLab-LoggerService: Files found .. 2
07-05 06:12:56.148 27355 27369 I PhoneLab-: Service Running
07-05 06:12:56.172 27355 27358 D dalvikvm: GC_CONCURRENT freed 384K, 15% free 9125K/10695K, paused 1ms+2ms
07-05 06:12:56.195 27355 27369 I PhoneLab-LoggerService: app_36    1414  1     1436   1000  c00f181c 400107b4 S logcat
07-05 06:12:56.195 27355 27369 I PhoneLab-LoggerService: Logcat pid from database 1414
07-05 06:12:56.195 27355 27369 I PhoneLab-LoggerService: Logcat process found 1414
07-05 06:12:56.195 27355 27369 I PhoneLab-LoggerService: Checking Threshold
07-05 06:12:56.195 27355 27369 I PhoneLab-LoggerService: Starting to rename files
07-05 06:12:56.195 27355 27369 I PhoneLab-LoggerService: Files found .. 2
07-05 06:12:56.195 27355 27369 I PhoneLab-: Service Running
07-05 06:12:56.222 27355 27369 I PhoneLab-LoggerService: app_36    1414  1     1436   1000  c00f181c 400107b4 S logcat
07-05 06:12:56.226 27355 27369 I PhoneLab-LoggerService: Logcat pid from database 1414
07-05 06:12:56.226 27355 27369 I PhoneLab-LoggerService: Logcat process found 1414
07-05 06:12:56.226 27355 27369 I PhoneLab-LoggerService: Checking Threshold
07-05 06:12:56.226 27355 27369 I PhoneLab-LoggerService: Starting to rename files
07-05 06:12:56.226 27355 27369 I PhoneLab-LoggerService: Files found .. 2
07-05 06:12:56.226 27355 27369 I PhoneLab-: Service Running
07-05 06:12:56.254 27355 27369 I PhoneLab-LoggerService: app_36    1414  1     1436   1000  c00f181c 400107b4 S logcat
07-05 06:12:56.254 27355 27369 I PhoneLab-LoggerService: Logcat pid from database 1414
07-05 06:12:56.254 27355 27369 I PhoneLab-LoggerService: Logcat process found 1414
07-05 06:12:56.254 27355 27369 I PhoneLab-LoggerService: Checking Threshold
07-05 06:12:56.254 27355 27369 I PhoneLab-LoggerService: Starting to rename files
07-05 06:12:56.254 27355 27369 I PhoneLab-LoggerService: Files found .. 2
07-05 06:12:56.257 27355 27369 I PhoneLab-: Service Running
07-05 06:12:56.285 27355 27369 I PhoneLab-LoggerService: app_36    1414  1     1436   1000  c00f181c 400107b4 S logcat
07-05 06:12:56.285 27355 27369 I PhoneLab-LoggerService: Logcat pid from database 1414
07-05 06:12:56.285 27355 27369 I PhoneLab-LoggerService: Logcat process found 1414
07-05 06:12:56.285 27355 27369 I PhoneLab-LoggerService: Checking Threshold
07-05 06:12:56.285 27355 27369 I PhoneLab-LoggerService: Starting to rename files
07-05 06:12:56.285 27355 27369 I PhoneLab-LoggerService: Files found .. 2
07-05 06:12:56.285 27355 27369 I PhoneLab-: Service Running
07-05 06:12:56.312 27355 27369 I PhoneLab-LoggerService: app_36    1414  1     1436   1000  c00f181c 400107b4 S logcat
07-05 06:12:56.312 27355 27369 I PhoneLab-LoggerService: Logcat pid from database 1414
07-05 06:12:56.312 27355 27369 I PhoneLab-LoggerService: Logcat process found 1414
07-05 06:12:56.312 27355 27369 I PhoneLab-LoggerService: Checking Threshold
07-05 06:12:56.312 27355 27369 I PhoneLab-LoggerService: Starting to rename files
07-05 06:12:56.312 27355 27369 I PhoneLab-LoggerService: Files found .. 2
07-05 06:12:56.316 27355 27369 I PhoneLab-: Service Running
07-05 06:12:56.343 27355 27369 I PhoneLab-LoggerService: app_36    1414  1     1436   1000  c00f181c 400107b4 S logcat
07-05 06:12:56.343 27355 27369 I PhoneLab-LoggerService: Logcat pid from database 1414
07-05 06:12:56.343 27355 27369 I PhoneLab-LoggerService: Logcat process found 1414
07-05 06:12:56.343 27355 27369 I PhoneLab-LoggerService: Checking Threshold
07-05 06:12:56.343 27355 27369 I PhoneLab-LoggerService: Starting to rename files
07-05 06:12:56.343 27355 27369 I PhoneLab-LoggerService: Files found .. 2
07-05 06:12:56.347 27355 27369 I PhoneLab-: Service Running
07-05 06:12:56.371 27355 27369 I PhoneLab-LoggerService: app_36    1414  1     1436   1000  c00f181c 400107b4 S logcat
07-05 06:12:56.375 27355 27369 I PhoneLab-LoggerService: Logcat pid from database 1414
07-05 06:12:56.375 27355 27369 I PhoneLab-LoggerService: Logcat process found 1414
07-05 06:12:56.375 27355 27369 I PhoneLab-LoggerService: Checking Threshold
07-05 06:12:56.375 27355 27369 I PhoneLab-LoggerService: Starting to rename files
07-05 06:12:56.375 27355 27369 I PhoneLab-LoggerService: Files found .. 2
07-05 06:12:56.402 27355 27358 D dalvikvm: GC_CONCURRENT freed 384K, 15% free 9125K/10695K, paused 2ms+2ms
07-05 06:20:24.613   212   214 D dalvikvm: GC_CONCURRENT freed 281K, 49% free 9948K/19335K, paused 2ms+3ms
07-05 06:20:24.672   212   214 D dalvikvm: GC_CONCURRENT freed 638K, 50% free 9755K/19335K, paused 3ms+3ms
07-05 06:20:24.691   141  7601 I ActivityManager: Process com.google.android.youtube (pid 28522) has died.
07-05 06:20:24.867   212   212 D dalvikvm: GC_FOR_ALLOC freed 381K, 50% free 9753K/19335K, paused 41ms
07-05 06:20:24.890   141  6836 I ActivityManager: Process com.google.android.inputmethod.latin.dictionarypack (pid 28506) has died.
07-05 06:20:28.937 27355 27369 I PhoneLab-: Service Running
07-05 06:20:29.031 27355 27369 I PhoneLab-LoggerService: app_36    1414  1     1436   1000  c00f181c 400107b4 S logcat
07-05 06:20:29.035 27355 27369 I PhoneLab-LoggerService: Logcat pid from database 1414
07-05 06:20:29.035 27355 27369 I PhoneLab-LoggerService: Logcat process found 1414
07-05 06:20:29.035 27355 27369 I PhoneLab-LoggerService: Checking Threshold
07-05 06:20:29.035 27355 27369 I PhoneLab-LoggerService: Starting to rename files
07-05 06:20:29.035 27355 27369 I PhoneLab-LoggerService: Files found .. 2
07-05 06:20:29.035 27355 27369 I PhoneLab-: Service Running
07-05 06:20:29.066 27355 27369 I PhoneLab-LoggerService: app_36    1414  1     1436   1000  c00f181c 400107b4 S logcat
07-05 06:20:29.066 27355 27369 I PhoneLab-LoggerService: Logcat pid from database 1414
07-05 06:20:29.066 27355 27369 I PhoneLab-LoggerService: Logcat process found 1414
07-05 06:20:29.066 27355 27369 I PhoneLab-LoggerService: Checking Threshold
07-05 06:20:29.066 27355 27369 I PhoneLab-LoggerService: Starting to rename files
07-05 06:20:29.066 27355 27369 I PhoneLab-LoggerService: Files found .. 2
07-05 06:20:29.070 27355 27369 I PhoneLab-: Service Running
07-05 06:20:29.097 27355 27369 I PhoneLab-LoggerService: app_36    1414  1     1436   1000  c00f181c 400107b4 S logcat
07-05 06:20:29.097 27355 27369 I PhoneLab-LoggerService: Logcat pid from database 1414
07-05 06:20:29.097 27355 27369 I PhoneLab-LoggerService: Logcat process found 1414
07-05 06:20:29.097 27355 27369 I PhoneLab-LoggerService: Checking Threshold
07-05 06:20:29.097 27355 27369 I PhoneLab-LoggerService: Starting to rename files
07-05 06:20:29.097 27355 27369 I PhoneLab-LoggerService: Files found .. 2
07-05 06:20:29.101 27355 27369 I PhoneLab-: Service Running
07-05 06:20:29.129 27355 27369 I PhoneLab-LoggerService: app_36    1414  1     1436   1000  c00f181c 400107b4 S logcat
07-05 06:20:29.129 27355 27369 I PhoneLab-LoggerService: Logcat pid from database 1414
07-05 06:20:29.129 27355 27369 I PhoneLab-LoggerService: Logcat process found 1414
07-05 06:20:29.129 27355 27369 I PhoneLab-LoggerService: Checking Threshold
07-05 06:20:29.129 27355 27369 I PhoneLab-LoggerService: Starting to rename files
07-05 06:20:29.132 27355 27369 I PhoneLab-LoggerService: Files found .. 2
07-05 06:20:29.648   141   144 D dalvikvm: GC_CONCURRENT freed 1861K, 22% free 16856K/21511K, paused 26ms+8ms
07-05 06:20:31.320 28027 28028 D dalvikvm: GC_CONCURRENT freed 213K, 5% free 10603K/11143K, paused 19ms+2ms
07-05 06:20:34.363   141   785 W ActivityManager: finishReceiver called but no pending broadcasts
07-05 06:21:57.101 28027 28028 D dalvikvm: GC_CONCURRENT freed 346K, 4% free 10786K/11207K, paused 6ms+7ms
07-05 06:21:57.257 28027 28028 D dalvikvm: GC_CONCURRENT freed 463K, 6% free 10806K/11399K, paused 1ms+3ms
07-05 06:27:51.066   212   214 D dalvikvm: GC_CONCURRENT freed 425K, 50% free 9717K/19335K, paused 3ms+3ms
07-05 06:32:55.129 27355 27355 I PhoneLab-Locks: wake lock acquired
07-05 06:32:55.160 27355 29002 I PhoneLab-PeriodicCheckService: User info is synched
07-05 06:32:55.175 27355 29002 I PhoneLab-PeriodicCheckService: Logger Service is running
07-05 06:32:55.187 27355 27355 I PhoneLab-Locks: wake lock acquired
07-05 06:32:55.187 27355 29002 I PhoneLab-Locks: wake lock acquired
07-05 06:32:55.191 27355 27355 I PhoneLab-StatusMonitor: Status Monitoring is started
07-05 06:32:55.195 27355 29002 I PhoneLab-PeriodicCheckService: Rescheduling periodic checking...
07-05 06:32:55.195 27355 29002 I PhoneLab-Locks: wake lock released
07-05 06:32:55.207 27355 27355 E PhoneLab-PhoneLabManifest: java.io.FileNotFoundException: /data/data/edu.buffalo.cse.phonelab.phonelabservices/files/manifest.xml: open failed: ENOENT (No such file or directory)
07-05 06:32:55.207 27355 27355 I PhoneLab-Locks: wake lock released
07-05 06:32:55.207 27355 27355 I PhoneLab-UploadLogs: Transfering log files now
07-05 06:32:55.257 27355 27358 D dalvikvm: GC_CONCURRENT freed 435K, 14% free 9201K/10695K, paused 2ms+3ms
07-05 06:32:55.304 27355 27355 D dalvikvm: GC_FOR_ALLOC freed 209K, 14% free 9294K/10695K, paused 14ms
07-05 06:32:55.324 27355 27355 D dalvikvm: GC_FOR_ALLOC freed 120K, 12% free 9422K/10695K, paused 14ms
07-05 06:32:55.351 27355 27355 I PhoneLab-UploadLogs: OnStartCommand
07-05 06:32:55.367 27355 27358 D dalvikvm: GC_CONCURRENT freed 251K, 10% free 9682K/10695K, paused 2ms+6ms
07-05 06:32:55.640 27355 29004 D dalvikvm: GC_FOR_ALLOC freed 354K, 10% free 9655K/10695K, paused 53ms
07-05 06:32:55.652 27355 29004 D dalvikvm: GC_FOR_ALLOC freed 301K, 10% free 9655K/10695K, paused 12ms
07-05 06:32:55.668 27355 29004 D dalvikvm: GC_FOR_ALLOC freed 301K, 10% free 9656K/10695K, paused 12ms
07-05 06:32:59.222 27355 27355 I PhoneLab-: 1341483171153.log is deleted
07-05 06:32:59.222 27355 27355 I PhoneLab-: Response: {"data": "done", "err": ""}
07-05 06:32:59.230 27355 27355 I PhoneLab-UploadLogs: No log files to transfer
07-05 06:32:59.230 27355 27355 I PhoneLab-Locks: wake lock released
07-05 06:33:48.046   141  1663 D dalvikvm: GC_EXPLICIT freed 593K, 23% free 16738K/21511K, paused 9ms+7ms
07-05 06:33:48.152   212   214 D dalvikvm: GC_CONCURRENT freed 231K, 49% free 9936K/19335K, paused 2ms+3ms
07-05 06:33:48.199   212   214 D dalvikvm: GC_CONCURRENT freed 625K, 50% free 9755K/19335K, paused 2ms+4ms
07-05 06:33:48.296   212   214 D dalvikvm: GC_CONCURRENT freed 373K, 50% free 9824K/19335K, paused 2ms+3ms
07-05 06:34:03.507 27355 27369 I PhoneLab-: Service Running
07-05 06:34:03.589 27355 27369 I PhoneLab-LoggerService: app_36    1414  1     1436   1000  c00f181c 400107b4 S logcat
07-05 06:34:03.589 27355 27369 I PhoneLab-LoggerService: Logcat pid from database 1414
07-05 06:34:03.589 27355 27369 I PhoneLab-LoggerService: Logcat process found 1414
07-05 06:34:03.589 27355 27369 I PhoneLab-LoggerService: Checking Threshold
07-05 06:34:03.589 27355 27369 I PhoneLab-: Service Running
07-05 06:34:03.629 27355 27358 D dalvikvm: GC_CONCURRENT freed 886K, 15% free 9182K/10695K, paused 1ms+3ms
07-05 06:34:03.632 27355 27369 I PhoneLab-LoggerService: app_36    1414  1     1436   1000  c00f181c 400107b4 S logcat
07-05 06:34:03.632 27355 27369 I PhoneLab-LoggerService: Logcat pid from database 1414
07-05 06:34:03.640 27355 27369 I PhoneLab-LoggerService: Logcat process found 1414
07-05 06:34:03.640 27355 27369 I PhoneLab-LoggerService: Checking Threshold
07-05 06:34:03.640 27355 27369 I PhoneLab-: Service Running
07-05 06:34:03.668 27355 27369 I PhoneLab-LoggerService: app_36    1414  1     1436   1000  c00f181c 400107b4 S logcat
07-05 06:34:03.668 27355 27369 I PhoneLab-LoggerService: Logcat pid from database 1414
07-05 06:34:03.668 27355 27369 I PhoneLab-LoggerService: Logcat process found 1414
07-05 06:34:03.668 27355 27369 I PhoneLab-LoggerService: Checking Threshold
07-05 06:34:03.668 27355 27369 I PhoneLab-: Service Running
07-05 06:34:03.695 27355 27369 I PhoneLab-LoggerService: app_36    1414  1     1436   1000  c00f181c 400107b4 S logcat
07-05 06:34:03.695 27355 27369 I PhoneLab-LoggerService: Logcat pid from database 1414
07-05 06:34:03.695 27355 27369 I PhoneLab-LoggerService: Logcat process found 1414
07-05 06:34:03.695 27355 27369 I PhoneLab-LoggerService: Checking Threshold
07-05 06:34:03.695 27355 27369 I PhoneLab-: Service Running
07-05 06:34:03.722 27355 27369 I PhoneLab-LoggerService: app_36    1414  1     1436   1000  c00f181c 400107b4 S logcat
07-05 06:34:03.722 27355 27369 I PhoneLab-LoggerService: Logcat pid from database 1414
07-05 06:34:03.722 27355 27369 I PhoneLab-LoggerService: Logcat process found 1414
07-05 06:34:03.722 27355 27369 I PhoneLab-LoggerService: Checking Threshold
07-05 06:34:03.722 27355 27369 I PhoneLab-: Service Running
07-05 06:34:03.750 27355 27369 I PhoneLab-LoggerService: app_36    1414  1     1436   1000  c00f181c 400107b4 S logcat
07-05 06:34:03.750 27355 27369 I PhoneLab-LoggerService: Logcat pid from database 1414
07-05 06:34:03.750 27355 27369 I PhoneLab-LoggerService: Logcat process found 1414
07-05 06:34:03.750 27355 27369 I PhoneLab-LoggerService: Checking Threshold
07-05 06:34:03.750 27355 27369 I PhoneLab-: Service Running
07-05 06:34:03.777 27355 27369 I PhoneLab-LoggerService: app_36    1414  1     1436   1000  c00f181c 400107b4 S logcat
07-05 06:34:03.777 27355 27369 I PhoneLab-LoggerService: Logcat pid from database 1414
07-05 06:34:03.777 27355 27369 I PhoneLab-LoggerService: Logcat process found 1414
07-05 06:34:03.777 27355 27369 I PhoneLab-LoggerService: Checking Threshold
07-05 06:35:03.492 27355 27369 I PhoneLab-: Service Running
07-05 06:35:03.558 27355 27369 I PhoneLab-LoggerService: app_36    1414  1     1436   1000  c00f181c 400107b4 S logcat
07-05 06:35:03.562 27355 27369 I PhoneLab-LoggerService: Logcat pid from database 1414
07-05 06:35:03.562 27355 27369 I PhoneLab-LoggerService: Logcat process found 1414
07-05 06:35:03.562 27355 27369 I PhoneLab-LoggerService: Checking Threshold
07-05 06:35:48.363   212   214 D dalvikvm: GC_CONCURRENT freed 480K, 50% free 9755K/19335K, paused 2ms+3ms
07-05 06:35:48.418   212   214 D dalvikvm: GC_CONCURRENT freed 315K, 49% free 9888K/19335K, paused 1ms+2ms
07-05 06:35:48.515   212   214 D dalvikvm: GC_CONCURRENT freed 474K, 50% free 9819K/19335K, paused 2ms+3ms
07-05 06:36:51.312  8422  9212 I EventLogService: Aggregate from 1341482811220 (log), 1341482811220 (data)
07-05 06:36:51.414  8422  8423 D dalvikvm: GC_CONCURRENT freed 581K, 8% free 10998K/11847K, paused 2ms+4ms
07-05 06:36:58.386 26370 26373 D dalvikvm: GC_CONCURRENT freed 2916K, 20% free 13796K/17223K, paused 2ms+4ms
07-05 06:37:04.507 26370 26373 D dalvikvm: GC_CONCURRENT freed 1441K, 20% free 13848K/17223K, paused 5ms+5ms
07-05 06:37:09.730 26370 26373 D dalvikvm: GC_CONCURRENT freed 1250K, 19% free 14086K/17223K, paused 17ms+3ms
07-05 06:37:09.769 26370 29019 D dalvikvm: GC_FOR_ALLOC freed 354K, 19% free 14044K/17223K, paused 39ms
07-05 06:37:09.769 26370 29019 I dalvikvm-heap: Grow heap (frag case) to 14.091MB for 320723-byte allocation
07-05 06:37:09.824 26370 29019 D dalvikvm: GC_FOR_ALLOC freed 0K, 19% free 14358K/17543K, paused 39ms
07-05 06:37:10.910 26370 26373 D dalvikvm: GC_CONCURRENT freed 1144K, 16% free 14868K/17543K, paused 2ms+8ms
07-05 06:37:13.316 26370 26373 D dalvikvm: GC_CONCURRENT freed 1813K, 16% free 14877K/17543K, paused 2ms+8ms
07-05 06:37:44.304 26370 26373 D dalvikvm: GC_CONCURRENT freed 2954K, 22% free 13755K/17543K, paused 2ms+9ms
07-05 06:37:44.375 28442 28453 D dalvikvm: GC_EXPLICIT freed 152K, 6% free 9599K/10119K, paused 3ms+3ms
07-05 06:57:53.131   141   144 D dalvikvm: GC_CONCURRENT freed 1619K, 22% free 16928K/21511K, paused 3ms+9ms
07-05 06:59:15.007   141   157 V BackupManagerService: Running a backup pass
07-05 06:59:15.027   141   211 V BackupManagerService: Backup requested but nothing pending
07-05 07:00:22.695   141   386 W ActivityManager: finishReceiver called but no pending broadcasts
07-05 07:00:22.789 28027 28028 D dalvikvm: GC_CONCURRENT freed 489K, 5% free 10966K/11527K, paused 1ms+6ms
07-05 07:00:31.562   141   287 W ActivityManager: finishReceiver called but no pending broadcasts
07-05 07:00:31.648 28027 28028 D dalvikvm: GC_CONCURRENT freed 1086K, 10% free 10552K/11719K, paused 2ms+2ms
07-05 07:00:40.367   141   287 W ActivityManager: finishReceiver called but no pending broadcasts
07-05 07:00:40.441 28027 28028 D dalvikvm: GC_CONCURRENT freed 465K, 10% free 10598K/11719K, paused 2ms+3ms
07-05 07:02:55.211 27355 27355 I PhoneLab-Locks: wake lock acquired
07-05 07:02:55.254 27355 29030 I PhoneLab-PeriodicCheckService: User info is synched
07-05 07:02:55.257 27355 29030 I PhoneLab-PeriodicCheckService: Logger Service is running
07-05 07:02:55.261 27355 27355 I PhoneLab-Locks: wake lock acquired
07-05 07:02:55.261 27355 27355 I PhoneLab-StatusMonitor: Status Monitoring is started
07-05 07:02:55.265 27355 27355 E PhoneLab-PhoneLabManifest: java.io.FileNotFoundException: /data/data/edu.buffalo.cse.phonelab.phonelabservices/files/manifest.xml: open failed: ENOENT (No such file or directory)
07-05 07:02:55.265 27355 27355 I PhoneLab-Locks: wake lock released
07-05 07:02:55.285 27355 29030 I PhoneLab-Locks: wake lock acquired
07-05 07:02:55.289 27355 29030 I PhoneLab-PeriodicCheckService: Rescheduling periodic checking...
07-05 07:02:55.293 27355 27355 I PhoneLab-UploadLogs: Transfering log files now
07-05 07:02:55.293 27355 29030 I PhoneLab-Locks: wake lock released
07-05 07:02:55.293 27355 27355 I PhoneLab-UploadLogs: No log files to transfer
07-05 07:02:55.293 27355 27355 I PhoneLab-Locks: wake lock released
07-05 07:02:55.296 27355 27355 I PhoneLab-UploadLogs: OnStartCommand
07-05 07:02:55.316 27355 27358 D dalvikvm: GC_CONCURRENT freed 443K, 15% free 9128K/10695K, paused 8ms+2ms
07-05 07:03:44.207   141   498 W ActivityManager: finishReceiver called but no pending broadcasts
07-05 07:03:44.277 28027 28028 D dalvikvm: GC_CONCURRENT freed 524K, 10% free 10599K/11719K, paused 2ms+3ms
07-05 07:06:48.023   141   287 W ActivityManager: finishReceiver called but no pending broadcasts
07-05 07:06:48.090 28027 28028 D dalvikvm: GC_CONCURRENT freed 532K, 10% free 10593K/11719K, paused 2ms+3ms
07-05 07:06:51.433  8422  9341 I EventLogService: Aggregate from 1341484611313 (log), 1341484611313 (data)
07-05 07:06:57.140 28416 28419 D dalvikvm: GC_CONCURRENT freed 481K, 6% free 9245K/9799K, paused 2ms+2ms
07-05 07:09:51.078 27355 27369 I PhoneLab-: Service Running
07-05 07:09:51.105 27355 27369 I PhoneLab-LoggerService: app_36    1414  1     1436   1000  c00f181c 400107b4 S logcat
07-05 07:09:51.105 27355 27369 I PhoneLab-LoggerService: Logcat pid from database 1414
07-05 07:09:51.105 27355 27369 I PhoneLab-LoggerService: Logcat process found 1414
07-05 07:09:51.105 27355 27369 I PhoneLab-LoggerService: Checking Threshold
07-05 07:09:51.105 27355 27369 I PhoneLab-: Service Running
07-05 07:09:51.136 27355 27369 I PhoneLab-LoggerService: app_36    1414  1     1436   1000  c00f181c 400107b4 S logcat
07-05 07:09:51.136 27355 27369 I PhoneLab-LoggerService: Logcat pid from database 1414
07-05 07:09:51.136 27355 27369 I PhoneLab-LoggerService: Logcat process found 1414
07-05 07:09:51.136 27355 27369 I PhoneLab-LoggerService: Checking Threshold
07-05 07:09:51.136 27355 27369 I PhoneLab-: Service Running
07-05 07:09:51.164 27355 27369 I PhoneLab-LoggerService: app_36    1414  1     1436   1000  c00f181c 400107b4 S logcat
07-05 07:09:51.164 27355 27369 I PhoneLab-LoggerService: Logcat pid from database 1414
07-05 07:09:51.168 27355 27369 I PhoneLab-LoggerService: Logcat process found 1414
07-05 07:09:51.168 27355 27369 I PhoneLab-LoggerService: Checking Threshold
07-05 07:09:51.168 27355 27369 I PhoneLab-: Service Running
07-05 07:09:51.195 27355 27369 I PhoneLab-LoggerService: app_36    1414  1     1436   1000  c00f181c 400107b4 S logcat
07-05 07:09:51.195 27355 27369 I PhoneLab-LoggerService: Logcat pid from database 1414
07-05 07:09:51.195 27355 27369 I PhoneLab-LoggerService: Logcat process found 1414
07-05 07:09:51.195 27355 27369 I PhoneLab-LoggerService: Checking Threshold
07-05 07:09:51.195 27355 27369 I PhoneLab-: Service Running
07-05 07:09:51.222 27355 27369 I PhoneLab-LoggerService: app_36    1414  1     1436   1000  c00f181c 400107b4 S logcat
07-05 07:09:51.226 27355 27369 I PhoneLab-LoggerService: Logcat pid from database 1414
07-05 07:09:51.226 27355 27369 I PhoneLab-LoggerService: Logcat process found 1414
07-05 07:09:51.226 27355 27369 I PhoneLab-LoggerService: Checking Threshold
07-05 07:09:51.226 27355 27369 I PhoneLab-: Service Running
07-05 07:09:51.254 27355 27369 I PhoneLab-LoggerService: app_36    1414  1     1436   1000  c00f181c 400107b4 S logcat
07-05 07:09:51.254 27355 27369 I PhoneLab-LoggerService: Logcat pid from database 1414
07-05 07:09:51.254 27355 27369 I PhoneLab-LoggerService: Logcat process found 1414
07-05 07:09:51.254 27355 27369 I PhoneLab-LoggerService: Checking Threshold
07-05 07:09:51.254 27355 27369 I PhoneLab-: Service Running
07-05 07:09:51.285 27355 27369 I PhoneLab-LoggerService: app_36    1414  1     1436   1000  c00f181c 400107b4 S logcat
07-05 07:09:51.285 27355 27369 I PhoneLab-LoggerService: Logcat pid from database 1414
07-05 07:09:51.285 27355 27369 I PhoneLab-LoggerService: Logcat process found 1414
07-05 07:09:51.285 27355 27369 I PhoneLab-LoggerService: Checking Threshold
07-05 07:09:51.285 27355 27369 I PhoneLab-: Service Running
07-05 07:09:51.328 27355 27358 D dalvikvm: GC_CONCURRENT freed 374K, 15% free 9149K/10695K, paused 2ms+3ms
07-05 07:09:51.332 27355 27369 I PhoneLab-LoggerService: app_36    1414  1     1436   1000  c00f181c 400107b4 S logcat
07-05 07:09:51.332 27355 27369 I PhoneLab-LoggerService: Logcat pid from database 1414
07-05 07:09:51.332 27355 27369 I PhoneLab-LoggerService: Logcat process found 1414
07-05 07:09:51.340 27355 27369 I PhoneLab-LoggerService: Checking Threshold
07-05 07:09:51.340 27355 27369 I PhoneLab-: Service Running
07-05 07:09:51.367 27355 27369 I PhoneLab-LoggerService: app_36    1414  1     1436   1000  c00f181c 400107b4 S logcat
07-05 07:09:51.367 27355 27369 I PhoneLab-LoggerService: Logcat pid from database 1414
07-05 07:09:51.367 27355 27369 I PhoneLab-LoggerService: Logcat process found 1414
07-05 07:09:51.367 27355 27369 I PhoneLab-LoggerService: Checking Threshold
07-05 07:09:51.367 27355 27369 I PhoneLab-: Service Running
07-05 07:09:51.398 27355 27369 I PhoneLab-LoggerService: app_36    1414  1     1436   1000  c00f181c 400107b4 S logcat
07-05 07:09:51.398 27355 27369 I PhoneLab-LoggerService: Logcat pid from database 1414
07-05 07:09:51.398 27355 27369 I PhoneLab-LoggerService: Logcat process found 1414
07-05 07:09:51.398 27355 27369 I PhoneLab-LoggerService: Checking Threshold
07-05 07:09:51.398 27355 27369 I PhoneLab-: Service Running
07-05 07:09:51.425 27355 27369 I PhoneLab-LoggerService: app_36    1414  1     1436   1000  c00f181c 400107b4 S logcat
07-05 07:09:51.425 27355 27369 I PhoneLab-LoggerService: Logcat pid from database 1414
07-05 07:09:51.425 27355 27369 I PhoneLab-LoggerService: Logcat process found 1414
07-05 07:09:51.425 27355 27369 I PhoneLab-LoggerService: Checking Threshold
07-05 07:09:51.429 27355 27369 I PhoneLab-: Service Running
07-05 07:09:51.457 27355 27369 I PhoneLab-LoggerService: app_36    1414  1     1436   1000  c00f181c 400107b4 S logcat
07-05 07:09:51.457 27355 27369 I PhoneLab-LoggerService: Logcat pid from database 1414
07-05 07:09:51.457 27355 27369 I PhoneLab-LoggerService: Logcat process found 1414
07-05 07:09:51.457 27355 27369 I PhoneLab-LoggerService: Checking Threshold
07-05 07:09:51.457 27355 27369 I PhoneLab-: Service Running
07-05 07:09:51.488 27355 27369 I PhoneLab-LoggerService: app_36    1414  1     1436   1000  c00f181c 400107b4 S logcat
07-05 07:09:51.488 27355 27369 I PhoneLab-LoggerService: Logcat pid from database 1414
07-05 07:09:51.488 27355 27369 I PhoneLab-LoggerService: Logcat process found 1414
07-05 07:09:51.488 27355 27369 I PhoneLab-LoggerService: Checking Threshold
07-05 07:09:51.488 27355 27369 I PhoneLab-: Service Running
07-05 07:09:51.515 27355 27369 I PhoneLab-LoggerService: app_36    1414  1     1436   1000  c00f181c 400107b4 S logcat
07-05 07:09:51.515 27355 27369 I PhoneLab-LoggerService: Logcat pid from database 1414
07-05 07:09:51.515 27355 27369 I PhoneLab-LoggerService: Logcat process found 1414
07-05 07:09:51.515 27355 27369 I PhoneLab-LoggerService: Checking Threshold
07-05 07:09:51.515 27355 27369 I PhoneLab-: Service Running
07-05 07:09:51.547 27355 27369 I PhoneLab-LoggerService: app_36    1414  1     1436   1000  c00f181c 400107b4 S logcat
07-05 07:09:51.547 27355 27369 I PhoneLab-LoggerService: Logcat pid from database 1414
07-05 07:09:51.547 27355 27369 I PhoneLab-LoggerService: Logcat process found 1414
07-05 07:09:51.547 27355 27369 I PhoneLab-LoggerService: Checking Threshold
07-05 07:09:51.547 27355 27369 I PhoneLab-: Service Running
07-05 07:09:51.590 27355 27358 D dalvikvm: GC_CONCURRENT freed 397K, 15% free 9161K/10695K, paused 2ms+2ms
07-05 07:09:51.601 27355 27369 I PhoneLab-LoggerService: app_36    1414  1     1436   1000  c00f181c 400107b4 S logcat
07-05 07:09:51.601 27355 27369 I PhoneLab-LoggerService: Logcat pid from database 1414
07-05 07:09:51.601 27355 27369 I PhoneLab-LoggerService: Logcat process found 1414
07-05 07:09:51.601 27355 27369 I PhoneLab-LoggerService: Checking Threshold
07-05 07:09:51.601 27355 27369 I PhoneLab-: Service Running
07-05 07:09:51.632 27355 27369 I PhoneLab-LoggerService: app_36    1414  1     1436   1000  c00f181c 400107b4 S logcat
07-05 07:09:51.632 27355 27369 I PhoneLab-LoggerService: Logcat pid from database 1414
07-05 07:09:51.632 27355 27369 I PhoneLab-LoggerService: Logcat process found 1414
07-05 07:09:51.632 27355 27369 I PhoneLab-LoggerService: Checking Threshold
07-05 07:09:51.777   141   785 W ActivityManager: finishReceiver called but no pending broadcasts
07-05 07:09:51.832 28027 28028 D dalvikvm: GC_CONCURRENT freed 576K, 11% free 10539K/11719K, paused 2ms+2ms
07-05 07:12:51.980 28027 28028 D dalvikvm: GC_CONCURRENT freed 483K, 11% free 10441K/11719K, paused 2ms+2ms
07-05 07:12:55.574   141  9685 W ActivityManager: finishReceiver called but no pending broadcasts
07-05 07:12:55.656 28027 28028 D dalvikvm: GC_CONCURRENT freed 378K, 10% free 10575K/11719K, paused 2ms+2ms
07-05 07:15:59.394   141   363 W ActivityManager: finishReceiver called but no pending broadcasts
07-05 07:15:59.472 28027 28028 D dalvikvm: GC_CONCURRENT freed 522K, 10% free 10569K/11719K, paused 2ms+2ms
07-05 07:18:07.179   212   214 D dalvikvm: GC_CONCURRENT freed 305K, 49% free 9953K/19335K, paused 2ms+3ms
07-05 07:18:07.234   212   212 D dalvikvm: GC_FOR_ALLOC freed 648K, 50% free 9755K/19335K, paused 19ms
07-05 07:18:07.332   212   214 D dalvikvm: GC_CONCURRENT freed 352K, 50% free 9819K/19335K, paused 2ms+3ms
07-05 07:18:14.007 28027 28028 D dalvikvm: GC_CONCURRENT freed 358K, 10% free 10617K/11719K, paused 14ms+2ms
07-05 07:18:16.332   141  8421 I ActivityManager: Process android.process.media (pid 28314) has died.
07-05 07:18:17.187   141   386 W ActivityManager: finishReceiver called but no pending broadcasts
07-05 07:18:17.211 28819 28821 D dalvikvm: GC_CONCURRENT freed 428K, 12% free 9653K/10951K, paused 1ms+4ms
07-05 07:18:17.359 28027 28028 D dalvikvm: GC_CONCURRENT freed 329K, 8% free 10818K/11719K, paused 2ms+2ms
