07-11 10:40:19.293 23169 23169 I dalvikvm: Turning on JNI app bug workarounds for target SDK version 9...
07-11 10:40:19.367   142  4986 I ActivityManager: Process com.google.android.youtube (pid 23058) has died.
07-11 10:40:19.402 23169 23170 D dalvikvm: GC_CONCURRENT freed 153K, 3% free 9379K/9607K, paused 3ms+2ms
07-11 10:40:19.414 23169 23169 I ActivityThread: Pub com.youversion.mobile.android.SuggestionProvider: com.youversion.mobile.android.SearchSuggestionProvider
07-11 10:40:19.488   142  4986 D dalvikvm: GC_FOR_ALLOC freed 443K, 15% free 16033K/18695K, paused 55ms
07-11 10:40:19.527 23169 23169 D Bible - Misc: =============== App Started ===============
07-11 10:40:19.586 23113 23135 D dalvikvm: GC_FOR_ALLOC freed 310K, 6% free 10788K/11463K, paused 52ms
07-11 10:40:19.722 23113 23135 D dalvikvm: GC_FOR_ALLOC freed 62K, 6% free 10851K/11463K, paused 41ms
07-11 10:40:19.761 23113 23135 I dalvikvm-heap: Grow heap (frag case) to 10.916MB for 260112-byte allocation
07-11 10:40:19.863 23113 23135 D dalvikvm: GC_FOR_ALLOC freed 126K, 7% free 10979K/11719K, paused 47ms
07-11 10:40:19.949   142   536 I ActivityManager: Start proc com.google.android.youtube for broadcast com.google.android.youtube/.app.prefetch.PrefetchService$DeviceStateReceiver: pid=23190 uid=10067 gids={3003, 1015, 1006}
07-11 10:40:20.050 23190 23190 I ActivityThread: Pub com.google.android.youtube.SuggestionProvider: com.google.android.youtube.core.suggest.SuggestionProvider
07-11 10:40:20.078 23190 23193 D dalvikvm: GC_CONCURRENT freed 169K, 3% free 9363K/9607K, paused 2ms+2ms
07-11 10:40:20.179  8163 10187 D dalvikvm: GC_EXPLICIT freed 116K, 6% free 10189K/10823K, paused 2ms+4ms
07-11 10:40:20.273 23190 23193 D dalvikvm: GC_CONCURRENT freed 360K, 5% free 9557K/9991K, paused 7ms+3ms
07-11 10:40:20.277 23190 23199 W CursorWrapperInner: Cursor finalized without prior close()
07-11 10:40:20.277 23190 23199 W CursorWrapperInner: Cursor finalized without prior close()
07-11 10:40:20.347   142   541 I ActivityManager: Process com.google.android.apps.plus (pid 23113) has died.
07-11 10:40:20.437   142  5834 I ActivityManager: Start proc com.google.android.apps.docs for broadcast com.google.android.apps.docs/.receivers.NetworkChangeReceiver: pid=23229 uid=10071 gids={3003, 1015, 1006}
07-11 10:40:20.453 23190 23193 D dalvikvm: GC_CONCURRENT freed 270K, 4% free 9762K/10119K, paused 2ms+6ms
07-11 10:40:20.523 23229 23229 I PackageInfoHelper: Provided clientMode=RELEASE, packageInfo=PackageInfo{4136bfe0 com.google.android.apps.docs}
07-11 10:40:20.523 23229 23229 I ActivityThread: Pub com.google.android.apps.docs.files: com.google.android.apps.docs.sync.filemanager.FileProvider
07-11 10:40:20.527 23229 23229 I ActivityThread: Pub com.google.android.apps.docs.doclist.search_suggest: com.google.android.apps.docs.doclist.DocListGlobalSearchSuggestionProvider
07-11 10:40:20.586 23229 23232 D dalvikvm: GC_CONCURRENT freed 222K, 4% free 9310K/9607K, paused 2ms+2ms
07-11 10:40:20.640   142   153 I ActivityManager: Process com.google.android.apps.uploader (pid 23152) has died.
07-11 10:40:20.707 23229 23232 D dalvikvm: GC_CONCURRENT freed 460K, 6% free 9391K/9927K, paused 2ms+2ms
07-11 10:40:20.796   142   153 D dalvikvm: GC_FOR_ALLOC freed 387K, 15% free 16031K/18695K, paused 117ms
07-11 10:40:20.820 23229 23232 D dalvikvm: GC_CONCURRENT freed 500K, 6% free 9414K/9991K, paused 2ms+9ms
07-11 10:40:20.902 23229 23232 D dalvikvm: GC_CONCURRENT freed 530K, 7% free 9446K/10055K, paused 1ms+2ms
07-11 10:40:20.937 23169 23170 D dalvikvm: GC_CONCURRENT freed 332K, 5% free 9489K/9927K, paused 54ms+17ms
07-11 10:40:20.941 23169 23189 E dalvikvm: ERROR: defineClass(0x40a534d0, reflectasm.java.util.HashtableConstructorAccess, 0x4132b6b8, 0, 296)
07-11 10:40:20.941 23169 23189 E dalvikvm: ERROR: defineClass(0x413e6020, reflectasm.java.util.HashtableConstructorAccess, 0x4132b6b8, 0, 296)
07-11 10:40:20.941 23169 23189 E dalvikvm: ERROR: defineClass(0x4132ad10, com.youversion.api.objects.BookCollectionConstructorAccess, 0x413283d8, 0, 329)
07-11 10:40:20.941 23169 23189 E dalvikvm: ERROR: defineClass(0x413610a0, com.youversion.api.objects.BookCollectionConstructorAccess, 0x413283d8, 0, 329)
07-11 10:40:20.941 23169 23189 E dalvikvm: ERROR: defineClass(0x40a534d0, reflectasm.java.util.VectorConstructorAccess, 0x413e1f38, 0, 290)
07-11 10:40:20.945 23169 23189 E dalvikvm: ERROR: defineClass(0x41338ec8, reflectasm.java.util.VectorConstructorAccess, 0x413e1f38, 0, 290)
07-11 10:40:20.980 23229 23232 D dalvikvm: GC_CONCURRENT freed 484K, 6% free 9473K/10055K, paused 1ms+2ms
07-11 10:40:21.011 23169 23189 E dalvikvm: ERROR: defineClass(0x4132ad10, com.youversion.api.objects.BookConstructorAccess, 0x413e2be0, 0, 309)
07-11 10:40:21.023 23169 23189 E dalvikvm: ERROR: defineClass(0x41326138, com.youversion.api.objects.BookConstructorAccess, 0x413e2be0, 0, 309)
07-11 10:40:21.070 23229 23232 D dalvikvm: GC_CONCURRENT freed 519K, 6% free 9521K/10119K, paused 1ms+2ms
07-11 10:40:21.195 23229 23232 D dalvikvm: GC_CONCURRENT freed 359K, 5% free 9650K/10119K, paused 1ms+2ms
07-11 10:40:21.285 23229 23229 D ContextScopeImpl: in ContextScope.getContextOrDefault for thread=1
07-11 10:40:21.293 23229 23229 D ContextScopeImpl: returning application context for thread=1
07-11 10:40:21.304 23229 23232 D dalvikvm: GC_CONCURRENT freed 381K, 5% free 9758K/10247K, paused 2ms+2ms
07-11 10:40:21.304 23229 23229 I FeatureCheckerImpl: Configured disabled features: []
07-11 10:40:21.304 23229 23229 D ContextScopeImpl: in ContextScope.getContextOrDefault for thread=1
07-11 10:40:21.304 23229 23229 D ContextScopeImpl: returning application context for thread=1
07-11 10:40:21.308 23229 23229 D ContextScopeImpl: in ContextScope.enter for thread=1
07-11 10:40:21.308 23229 23229 W ContextScopeImpl: thread=1 tried to enter the scope of the application context. Ignored.
07-11 10:40:21.308 23229 23229 D ContextScopeImpl: in ContextScope.getContextOrDefault for thread=1
07-11 10:40:21.308 23229 23229 D ContextScopeImpl: returning application context for thread=1
07-11 10:40:21.308 23229 23229 D DocListDatabase: openHelper points on new database: DocList.db
07-11 10:40:21.308 23229 23229 D DocListDatabase: in openWriteDatabase
07-11 10:40:21.320 23229 23229 I ActivityThread: Pub com.google.android.apps.docs.doclist.account_suggest: com.google.android.apps.docs.doclist.DocListAccountSuggestionProvider
07-11 10:40:21.324 23229 23229 D ContextScopeImpl: in ContextScope.enter for thread=1
07-11 10:40:21.324 23229 23229 W ContextScopeImpl: thread=1 tried to enter the scope of the application context. Ignored.
07-11 10:40:21.324 23229 23229 I ActivityThread: Pub com.google.android.apps.docs: com.google.android.apps.docs.providers.DocListProvider
07-11 10:40:21.324 23229 23229 D ContextScopeImpl: in ContextScope.enter for thread=1
07-11 10:40:21.324 23229 23229 W ContextScopeImpl: thread=1 tried to enter the scope of the application context. Ignored.
07-11 10:40:21.328 23229 23229 W ContextScopeImpl: thread=1 tried to enter the scope of the application context. Ignored.
07-11 10:40:21.332 23229 23242 W ContextScopeImpl: thread=2265 tried to enter the scope of the application context. Ignored.
07-11 10:40:21.347 23229 23229 W ContextScopeImpl: thread=1 tried to enter the scope of the application context. Ignored.
07-11 10:40:21.363   142   344 I ActivityManager: Start proc com.google.android.apps.plus for broadcast com.google.android.apps.plus/com.google.android.picasasync.ConnectivityReceiver: pid=23245 uid=10057 gids={3003, 3002, 1015, 1006}
07-11 10:40:21.378 23169 23189 E dalvikvm: ERROR: defineClass(0x4132ad10, com.youversion.api.internal.Chapter$AudioInfoConstructorAccess, 0x413be638, 0, 337)
07-11 10:40:21.461   142  5834 I ActivityManager: Process com.sirma.mobile.bible.android (pid 23169) has died.
07-11 10:40:21.511 23245 23247 D dalvikvm: GC_CONCURRENT freed 159K, 3% free 9373K/9607K, paused 2ms+2ms
07-11 10:40:21.558 23245 23245 I ActivityThread: Pub com.google.android.apps.plus.content.ApiProvider: com.google.android.apps.plus.content.EsApiProvider
07-11 10:40:21.558 23245 23245 I ActivityThread: Pub com.google.android.apps.plus.content.EsGooglePhotoProvider: com.google.android.picasasync.PicasaContentProvider
07-11 10:40:21.613 23245 23247 D dalvikvm: GC_CONCURRENT freed 337K, 5% free 9576K/9991K, paused 2ms+2ms
07-11 10:40:21.632 23245 23245 I ActivityThread: Pub com.google.android.apps.plus.content.EsPicasaStoreProvider: com.google.android.picasastore.PicasaPhotoContentProvider
07-11 10:40:21.644 23245 23245 I ActivityThread: Pub com.google.plus.platform: com.google.android.apps.plus.content.AdsProvider
07-11 10:40:21.644 23245 23245 I ActivityThread: Pub com.google.android.apps.plus.iu.EsGoogleIuProvider: com.google.android.apps.plus.iu.InstantUploadProvider
07-11 10:40:21.691 23245 23247 D dalvikvm: GC_CONCURRENT freed 499K, 6% free 9606K/10183K, paused 1ms+2ms
07-11 10:40:21.699 23245 23245 I ActivityThread: Pub com.google.android.apps.plus.content.EsProvider: com.google.android.apps.plus.content.EsProvider
07-11 10:40:21.765   142   153 I ActivityManager: Start proc com.sirma.mobile.bible.android for broadcast com.sirma.mobile.bible.android/com.youversion.mobile.android.appwidget.ReadingPlanAppWidgetProvider: pid=23264 uid=10063 gids={3003, 1015}
07-11 10:40:21.785 23264 23264 I dalvikvm: Turning on JNI app bug workarounds for target SDK version 9...
07-11 10:40:21.933   142   541 I ActivityManager: Process com.google.android.apps.docs (pid 23229) has died.
07-11 10:40:21.972 23264 23266 D dalvikvm: GC_CONCURRENT freed 163K, 3% free 9369K/9607K, paused 2ms+2ms
07-11 10:40:22.066   142   541 D dalvikvm: GC_FOR_ALLOC freed 402K, 15% free 16042K/18695K, paused 65ms
07-11 10:40:22.093 23245 23260 D PicasaPhotoCP: set fsid first time:-1
07-11 10:40:22.105 23264 23264 I ActivityThread: Pub com.youversion.mobile.android.SuggestionProvider: com.youversion.mobile.android.SearchSuggestionProvider
07-11 10:40:22.140 23264 23264 D Bible - Misc: =============== App Started ===============
07-11 10:40:22.359 23245 23247 D dalvikvm: GC_CONCURRENT freed 307K, 4% free 9861K/10247K, paused 285ms+94ms
07-11 10:40:22.390 23245 23277 D PicasaSync: sync account database
07-11 10:40:22.562   142  3988 I ActivityManager: Process com.google.android.youtube (pid 23190) has died.
07-11 10:40:22.628 23245 23277 D PicasaSync: accounts in DB=1
07-11 10:40:22.671 23245 23277 D PicasaSyncManager: active network: NetworkInfo: type: WIFI[], state: CONNECTED/CONNECTED, reason: (unspecified), extra: (none), roaming: false, failover: false, isAvailable: true
07-11 10:40:22.671 23245 23277 D PicasaSyncManager: background data: true
07-11 10:40:22.703 23264 23266 D dalvikvm: GC_CONCURRENT freed 374K, 5% free 9494K/9991K, paused 12ms+6ms
07-11 10:40:22.765 23245 23277 D PicasaSyncManager: battery info: false
07-11 10:40:22.769 23264 23286 E dalvikvm: ERROR: defineClass(0x40a534d0, reflectasm.java.util.HashtableConstructorAccess, 0x4132d9a8, 0, 296)
07-11 10:40:22.769 23264 23286 E dalvikvm: ERROR: defineClass(0x413a0fd8, reflectasm.java.util.HashtableConstructorAccess, 0x4132d9a8, 0, 296)
07-11 10:40:22.777 23264 23286 E dalvikvm: ERROR: defineClass(0x4132e7c0, com.youversion.api.objects.BookCollectionConstructorAccess, 0x413b25f8, 0, 329)
07-11 10:40:22.777 23264 23286 E dalvikvm: ERROR: defineClass(0x41373e70, com.youversion.api.objects.BookCollectionConstructorAccess, 0x413b25f8, 0, 329)
07-11 10:40:22.781 23264 23286 E dalvikvm: ERROR: defineClass(0x40a534d0, reflectasm.java.util.VectorConstructorAccess, 0x413e25e0, 0, 290)
07-11 10:40:22.781 23264 23286 E dalvikvm: ERROR: defineClass(0x413d4258, reflectasm.java.util.VectorConstructorAccess, 0x413e25e0, 0, 290)
07-11 10:40:22.785 23264 23286 E dalvikvm: ERROR: defineClass(0x4132e7c0, com.youversion.api.objects.BookConstructorAccess, 0x413e3bb8, 0, 309)
07-11 10:40:22.789 23264 23286 E dalvikvm: ERROR: defineClass(0x4134d188, com.youversion.api.objects.BookConstructorAccess, 0x413e3bb8, 0, 309)
07-11 10:40:22.906 23245 23247 D dalvikvm: GC_CONCURRENT freed 203K, 3% free 10132K/10439K, paused 2ms+2ms
07-11 10:40:23.011 23264 23286 E dalvikvm: ERROR: defineClass(0x4132e7c0, com.youversion.api.internal.Chapter$AudioInfoConstructorAccess, 0x413b33c8, 0, 337)
07-11 10:40:23.015 23264 23286 E dalvikvm: ERROR: defineClass(0x41326250, com.youversion.api.internal.Chapter$AudioInfoConstructorAccess, 0x413b33c8, 0, 337)
07-11 10:40:23.023 23264 23286 E dalvikvm: ERROR: defineClass(0x4132e7c0, com.youversion.api.objects.AudioBibleInfoConstructorAccess, 0x413b62d8, 0, 329)
07-11 10:40:23.023 23264 23286 E dalvikvm: ERROR: defineClass(0x413b4df8, com.youversion.api.objects.AudioBibleInfoConstructorAccess, 0x413b62d8, 0, 329)
07-11 10:40:23.066 23264 23286 E dalvikvm: ERROR: defineClass(0x4132e7c0, com.youversion.api.objects.ReadingPlanDayConstructorAccess, 0x413cae20, 0, 329)
07-11 10:40:23.066 23264 23286 E dalvikvm: ERROR: defineClass(0x413c9940, com.youversion.api.objects.ReadingPlanDayConstructorAccess, 0x413cae20, 0, 329)
07-11 10:40:23.070 23264 23286 E dalvikvm: ERROR: defineClass(0x4132e7c0, com.youversion.api.objects.ReadingPlanAdjustedDayCollectionConstructorAccess, 0x413cff40, 0, 365)
07-11 10:40:23.070 23264 23286 E dalvikvm: ERROR: defineClass(0x413ce720, com.youversion.api.objects.ReadingPlanAdjustedDayCollectionConstructorAccess, 0x413cff40, 0, 365)
07-11 10:40:23.074 23264 23286 E dalvikvm: ERROR: defineClass(0x4132e7c0, com.youversion.api.objects.ReadingPlanAdjustedDayConstructorAccess, 0x413f5dd0, 0, 345)
07-11 10:40:23.074 23264 23286 E dalvikvm: ERROR: defineClass(0x413f47e0, com.youversion.api.objects.ReadingPlanAdjustedDayConstructorAccess, 0x413f5dd0, 0, 345)
07-11 10:40:23.074 23264 23286 E dalvikvm: ERROR: defineClass(0x4132e7c0, com.youversion.api.objects.ReadingPlanReferenceConstructorAccess, 0x413f8ab0, 0, 341)
07-11 10:40:23.074 23264 23286 E dalvikvm: ERROR: defineClass(0x413f7450, com.youversion.api.objects.ReadingPlanReferenceConstructorAccess, 0x413f8ab0, 0, 341)
07-11 10:40:23.082 23245 23247 D dalvikvm: GC_CONCURRENT freed 228K, 4% free 10355K/10695K, paused 2ms+4ms
07-11 10:40:23.105 23264 23286 E dalvikvm: ERROR: defineClass(0x4132e7c0, com.youversion.api.objects.ReferenceConstructorAccess, 0x41412458, 0, 319)
07-11 10:40:23.113 23264 23286 E dalvikvm: ERROR: defineClass(0x413fa808, com.youversion.api.objects.ReferenceConstructorAccess, 0x41412458, 0, 319)
07-11 10:40:23.136 23264 23266 D dalvikvm: GC_CONCURRENT freed 278K, 5% free 9712K/10119K, paused 1ms+2ms
07-11 10:40:23.148 23264 23286 E dalvikvm: ERROR: defineClass(0x4132e7c0, com.youversion.api.objects.ReadingPlanConstructorAccess, 0x413d0e40, 0, 323)
07-11 10:40:23.148 23264 23286 E dalvikvm: ERROR: defineClass(0x413df0e0, com.youversion.api.objects.ReadingPlanConstructorAccess, 0x413d0e40, 0, 323)
07-11 10:40:23.175 23245 23261 D dalvikvm: GC_FOR_ALLOC freed 192K, 4% free 10482K/10887K, paused 20ms
07-11 10:40:23.179 23245 23261 I dalvikvm-heap: Grow heap (frag case) to 10.557MB for 260112-byte allocation
07-11 10:40:23.203 23245 23261 D dalvikvm: GC_FOR_ALLOC freed 126K, 5% free 10610K/11143K, paused 19ms
07-11 10:40:23.211 23264 23286 E dalvikvm: ERROR: defineClass(0x4132e7c0, com.youversion.api.objects.UserConstructorAccess, 0x41325508, 0, 309)
07-11 10:40:23.211 23264 23286 E dalvikvm: ERROR: defineClass(0x4137e918, com.youversion.api.objects.UserConstructorAccess, 0x41325508, 0, 309)
07-11 10:40:23.238 23245 23261 D dalvikvm: GC_FOR_ALLOC freed 311K, 6% free 10603K/11207K, paused 21ms
07-11 10:40:23.242 16396 16409 I PhoneLab-: Service Running
07-11 10:40:23.261 23245 23261 D dalvikvm: GC_FOR_ALLOC freed 62K, 5% free 10667K/11207K, paused 20ms
07-11 10:40:23.261 23245 23261 I dalvikvm-heap: Grow heap (frag case) to 10.738MB for 260112-byte allocation
07-11 10:40:23.285 23245 23261 D dalvikvm: GC_FOR_ALLOC freed 126K, 6% free 10795K/11463K, paused 22ms
07-11 10:40:23.320 23245 23261 D dalvikvm: GC_FOR_ALLOC freed 307K, 6% free 10787K/11463K, paused 23ms
07-11 10:40:23.332   142   298 I ActivityManager: Process com.google.android.apps.plus (pid 23245) has died.
07-11 10:40:23.414   142   298 D dalvikvm: GC_FOR_ALLOC freed 348K, 15% free 16023K/18695K, paused 56ms
07-11 10:40:23.433 16396 16398 D dalvikvm: GC_CONCURRENT freed 886K, 14% free 9150K/10631K, paused 2ms+2ms
07-11 10:40:23.476 16396 16409 I PhoneLab-LoggerService: app_36    1478  1     1428   988   c00f181c 400107b4 S logcat
07-11 10:40:23.476 16396 16409 I PhoneLab-LoggerService: Logcat pid from database 1478
07-11 10:40:23.476 16396 16409 I PhoneLab-LoggerService: Logcat process found 1478
07-11 10:40:23.476 16396 16409 I PhoneLab-LoggerService: Checking Threshold
07-11 10:40:23.480 16396 16409 I PhoneLab-LoggerService: Starting to rename files
07-11 10:40:23.480 16396 16409 I PhoneLab-LoggerService: Files found .. 2
07-11 10:40:23.480 16396 16409 I PhoneLab-LoggerService: File 1 log.out.1
07-11 10:40:23.503 16396 16409 I PhoneLab-LoggerService: Renamed successfully
07-11 10:40:23.660 23264 23266 D dalvikvm: GC_CONCURRENT freed 92K, 3% free 10028K/10247K, paused 2ms+2ms
07-11 10:40:24.343   142   198 D ConnectivityService: ConnectivityChange for mobile: CONNECTED/CONNECTED
07-11 10:40:24.367   142   198 D ConnectivityService: ConnectivityChange for mobile: DISCONNECTED/DISCONNECTED
07-11 10:40:24.367   142   198 D ConnectivityService: Attempting to switch to WIFI
07-11 10:40:24.390   142   198 D ConnectivityService: Attempting to switch to WIMAX
07-11 10:40:24.402   142   198 D NetUtils: android_net_utils_resetConnections in env=0x196a7d8 clazz=0xfeb00001 iface=rmnet0 mask=0x3
07-11 10:40:24.402   142   198 D ConnectivityService: Attempting to switch to BLUETOOTH_TETHER
07-11 10:40:24.402   142   198 D ConnectivityService: resetConnections(rmnet0, 3)
07-11 10:40:24.625 23264 23266 D dalvikvm: GC_CONCURRENT freed 722K, 8% free 9832K/10631K, paused 5ms+2ms
07-11 10:40:25.179 23264 23266 D dalvikvm: GC_CONCURRENT freed 457K, 9% free 9768K/10631K, paused 2ms+2ms
07-11 10:40:26.539 23264 23266 D dalvikvm: GC_CONCURRENT freed 395K, 9% free 9762K/10631K, paused 13ms+2ms
07-11 10:40:27.468   142   202 D Tethering: MasterInitialState.processMessage what=3
07-11 10:40:27.519   142   202 D Tethering: MasterInitialState.processMessage what=3
07-11 10:40:27.543   142  5834 I ActivityManager: Process android.process.media (pid 23129) has died.
07-11 10:40:27.601   759   761 D dalvikvm: GC_CONCURRENT freed 397K, 6% free 9577K/10183K, paused 3ms+3ms
07-11 10:40:27.668   142  3512 I ActivityManager: Start proc com.google.android.apps.uploader for broadcast com.google.android.apps.uploader/.ConnectivityBroadcastReceiver: pid=23300 uid=10029 gids={3003}
07-11 10:40:27.765 23300 23300 I dalvikvm: Turning on JNI app bug workarounds for target SDK version 11...
07-11 10:40:27.804 23300 23300 I ActivityThread: Pub com.google.android.apps.uploader: com.google.android.apps.uploader.UploadsContentProvider
07-11 10:40:27.804 23300 23300 I ActivityThread: Pub com.google.photos.provider.Album: com.google.android.apps.uploader.clients.picasa.AlbumProvider
07-11 10:40:27.812 23300 23300 D MediaUploader: UploaderApplication.onCreate
07-11 10:40:27.836 23300 23300 D MediaUploader: nonWifiLimit=20971520, default=20971520
07-11 10:40:27.851 23300 23300 I MediaUploader: No need to wake up
07-11 10:40:27.882   142  5834 I ActivityManager: Start proc com.google.android.youtube for broadcast com.google.android.youtube/.app.prefetch.PrefetchService$DeviceStateReceiver: pid=23316 uid=10067 gids={3003, 1015, 1006}
07-11 10:40:28.089   142   153 I ActivityManager: Process com.google.android.apps.uploader (pid 23300) has died.
07-11 10:40:28.105   142   198 D ConnectivityService: handleInetConditionHoldEnd: net=1, condition=100, published condition=100
07-11 10:40:28.140 23316 23316 I ActivityThread: Pub com.google.android.youtube.SuggestionProvider: com.google.android.youtube.core.suggest.SuggestionProvider
07-11 10:40:28.140 23316 23319 D dalvikvm: GC_CONCURRENT freed 173K, 3% free 9358K/9607K, paused 3ms+3ms
07-11 10:40:28.257   142   153 D dalvikvm: GC_FOR_ALLOC freed 870K, 15% free 16044K/18695K, paused 140ms
07-11 10:40:28.453   142  4986 D dalvikvm: GC_EXPLICIT freed 173K, 15% free 16008K/18695K, paused 2ms+10ms
07-11 10:40:29.027 23316 23319 D dalvikvm: GC_CONCURRENT freed 357K, 5% free 9559K/9991K, paused 10ms+3ms
07-11 10:40:29.031 23316 23325 W CursorWrapperInner: Cursor finalized without prior close()
07-11 10:40:29.031 23316 23325 W CursorWrapperInner: Cursor finalized without prior close()
07-11 10:40:29.179   759   759 D dalvikvm: GC_FOR_ALLOC freed 375K, 6% free 9573K/10183K, paused 550ms
07-11 10:40:29.371   142  5834 I ActivityManager: Start proc com.google.android.apps.docs for broadcast com.google.android.apps.docs/.receivers.NetworkChangeReceiver: pid=23356 uid=10071 gids={3003, 1015, 1006}
07-11 10:40:29.378 23316 23319 D dalvikvm: GC_CONCURRENT freed 286K, 4% free 9751K/10119K, paused 1ms+2ms
07-11 10:40:29.593 23356 23356 I PackageInfoHelper: Provided clientMode=RELEASE, packageInfo=PackageInfo{413704e8 com.google.android.apps.docs}
07-11 10:40:29.593 23356 23356 I ActivityThread: Pub com.google.android.apps.docs.files: com.google.android.apps.docs.sync.filemanager.FileProvider
07-11 10:40:29.597 23356 23356 I ActivityThread: Pub com.google.android.apps.docs.doclist.search_suggest: com.google.android.apps.docs.doclist.DocListGlobalSearchSuggestionProvider
07-11 10:40:29.703 23356 23359 D dalvikvm: GC_CONCURRENT freed 221K, 4% free 9311K/9607K, paused 2ms+2ms
07-11 10:40:29.839 23356 23359 D dalvikvm: GC_CONCURRENT freed 476K, 6% free 9374K/9927K, paused 6ms+6ms
07-11 10:40:29.968 23356 23359 D dalvikvm: GC_CONCURRENT freed 501K, 6% free 9411K/9991K, paused 1ms+6ms
07-11 10:40:30.121 23356 23359 D dalvikvm: GC_CONCURRENT freed 530K, 7% free 9446K/10055K, paused 1ms+7ms
07-11 10:40:30.269 23356 23359 D dalvikvm: GC_CONCURRENT freed 484K, 6% free 9473K/10055K, paused 2ms+7ms
07-11 10:40:30.304   142  5832 I ActivityManager: Process com.sirma.mobile.bible.android (pid 23264) has died.
07-11 10:40:30.304   142  5832 W ActivityManager: Scheduling restart of crashed service com.sirma.mobile.bible.android/com.youversion.mobile.android.appwidget.UpdateService in 5000ms
07-11 10:40:30.332   142 23299 I ActivityManager: Applications Memory Usage (kB):
07-11 10:40:30.332   142 23299 I ActivityManager: Uptime: 20322541 Realtime: 79251402
07-11 10:40:30.332   142 23299 I ActivityManager: Total PSS by OOM adjustment:
07-11 10:40:30.332   142 23299 I ActivityManager:     24052 kB: System
07-11 10:40:30.332   142 23299 I ActivityManager:                24052 kB: system (pid 142)
07-11 10:40:30.332   142 23299 I ActivityManager:     24663 kB: Persistent
07-11 10:40:30.332   142 23299 I ActivityManager:                10559 kB: com.android.phone (pid 364)
07-11 10:40:30.332   142 23299 I ActivityManager:                10131 kB: com.android.systemui (pid 212)
07-11 10:40:30.332   142 23299 I ActivityManager:                 3973 kB: com.android.nfc (pid 378)
07-11 10:40:30.332   142 23299 I ActivityManager:     39290 kB: Foreground
07-11 10:40:30.332   142 23299 I ActivityManager:                39290 kB: com.android.launcher (pid 389)
07-11 10:40:30.332   142 23299 I ActivityManager:      2815 kB: Visible
07-11 10:40:30.332   142 23299 I ActivityManager:                 2815 kB: com.android.smspush (pid 435)
07-11 10:40:30.332   142 23299 I ActivityManager:     16182 kB: Perceptible
07-11 10:40:30.332   142 23299 I ActivityManager:                 9696 kB: com.nuance.swype.input (pid 327)
07-11 10:40:30.332   142 23299 I ActivityManager:                 6486 kB: com.nuance.swype.input:SwypeConnect (pid 461)
07-11 10:40:30.332   142 23299 I ActivityManager:     33652 kB: A Services
07-11 10:40:30.332   142 23299 I ActivityManager:                10764 kB: com.google.process.gapps (pid 8163)
07-11 10:40:30.332   142 23299 I ActivityManager:                 9253 kB: com.facebook.katana (pid 22072)
07-11 10:40:30.332   142 23299 I ActivityManager:                 9219 kB: com.sirma.mobile.bible.android (pid 23264)
07-11 10:40:30.332   142 23299 I ActivityManager:                 4416 kB: edu.buffalo.cse.phonelab.phonelabservices (pid 16396)
07-11 10:40:30.332   142 23299 I ActivityManager:    102373 kB: Previous
07-11 10:40:30.332   142 23299 I ActivityManager:                68399 kB: com.android.chrome:sandboxed_process1 (pid 11904)
07-11 10:40:30.332   142 23299 I ActivityManager:                33974 kB: com.android.chrome (pid 11152)
07-11 10:40:30.332   142 23299 I ActivityManager:     21183 kB: B Services
07-11 10:40:30.332   142 23299 I ActivityManager:                 7138 kB: com.google.android.apps.maps:NetworkLocationService (pid 18987)
07-11 10:40:30.332   142 23299 I ActivityManager:                 5860 kB: com.sirma.mobile.bible.android:com.urbanairship.push.process (pid 759)
07-11 10:40:30.332   142 23299 I ActivityManager:                 5165 kB: com.google.android.apps.googlevoice (pid 20843)
07-11 10:40:30.332   142 23299 I ActivityManager:                 3020 kB: com.android.sprintmenu (pid 14351)
07-11 10:40:30.332   142 23299 I ActivityManager: 
07-11 10:40:30.332   142 23299 I ActivityManager: Total PSS: 264210 kB
07-11 10:40:30.332   142 23299 I ActivityManager:   PID      Vss      Rss      Pss      Uss  cmdline
07-11 10:40:30.332   142 23299 I ActivityManager: 11904   85960K   85860K   68448K   67268K  com.android.chrome:sandboxed_process1
07-11 10:40:30.332   142 23299 I ActivityManager:   389   59832K   59740K   39436K   36660K  com.android.launcher
07-11 10:40:30.332   142 23299 I ActivityManager: 11152   52532K   52452K   34054K   32164K  com.android.chrome
07-11 10:40:30.332   142 23299 I ActivityManager:   142   42240K   42180K   24099K   21440K  system_server
07-11 10:40:30.332   142 23299 I ActivityManager:    78   27936K   20880K   13457K    6896K  /system/bin/surfaceflinger
07-11 10:40:30.332   142 23299 I ActivityManager:  8163   28124K   28040K   10742K    9672K  com.google.process.gapps
07-11 10:40:30.332   142 23299 I ActivityManager:   364   26844K   26776K   10633K    9680K  com.android.phone
07-11 10:40:30.332   142 23299 I ActivityManager:   212   29916K   29824K   10166K    6212K  com.android.systemui
07-11 10:40:30.332   142 23299 I ActivityManager:   327   26036K   25948K    9739K    8828K  com.nuance.swype.input
07-11 10:40:30.332   142 23299 I ActivityManager: 23316   29980K   29912K    9647K    7616K  com.google.android.youtube
07-11 10:40:30.332   142 23299 I ActivityManager: 22072   29060K   28992K    9280K    7480K  com.facebook.katana
07-11 10:40:30.332   142 23299 I ActivityManager: 18987   25932K   25872K    7185K    5844K  com.google.android.apps.maps:NetworkLocationService
07-11 10:40:30.332   142 23299 I ActivityManager:   461   22728K   22632K    6442K    5580K  com.nuance.swype.input:SwypeConnect
07-11 10:40:30.332   142 23299 I ActivityManager:   759   22184K   22116K    5718K    4784K  com.sirma.mobile.bible.android:com.urbanairship.push.process
07-11 10:40:30.332   142 23299 I ActivityManager: 20843   24836K   24772K    5191K    3664K  com.google.android.apps.googlevoice
07-11 10:40:30.332   142 23299 I ActivityManager: 16396   23132K   23060K    4465K    3116K  edu.buffalo.cse.phonelab.phonelabservices
07-11 10:40:30.332   142 23299 I ActivityManager:   378   20248K   20156K    4025K    3120K  com.android.nfc
07-11 10:40:30.332   142 23299 I ActivityManager: 14351   20960K   20860K    3072K    1932K  com.android.sprintmenu
07-11 10:40:30.332   142 23299 I ActivityManager:   435   19488K   19376K    2814K    1852K  com.android.smspush
07-11 10:40:30.332   142 23299 I ActivityManager:    79   19336K   19208K    2512K    1384K  zygote
07-11 10:40:30.332   142 23299 I ActivityManager:    81    2528K    2528K    2089K    2036K  /system/bin/mediaserver
07-11 10:40:30.332   142 23299 I ActivityManager:    80    1176K    1176K     882K     872K  /system/bin/drmserver
07-11 10:40:30.332   142 23299 I ActivityManager:  1478     992K     988K     840K     836K  logcat
07-11 10:40:30.332   142 23299 I ActivityManager:    77    1144K    1144K     816K     796K  /system/bin/rild
07-11 10:40:30.332   142 23299 I ActivityManager: 23337     800K     792K     671K     668K  procrank
07-11 10:40:30.332   142 23299 I ActivityManager:   285     708K     704K     460K     420K  /system/bin/wpa_supplicant
07-11 10:40:30.332   142 23299 I ActivityManager: 22598     564K     560K     359K     340K  /system/bin/netd
07-11 10:40:30.332   142 23299 I ActivityManager:   317     456K     456K     300K     296K  /system/bin/bluetoothd
07-11 10:40:30.332   142 23299 I ActivityManager:    85     496K     492K     283K     276K  /system/vendor/bin/gpsd
07-11 10:40:30.332   142 23299 I ActivityManager:    72     432K     428K     274K     268K  /system/bin/vold
07-11 10:40:30.332   142 23299 I ActivityManager:    84     432K     396K     247K     240K  /system/bin/keystore
07-11 10:40:30.332   142 23299 I ActivityManager:    87     204K     204K     188K     188K  /sbin/adbd
07-11 10:40:30.332   142 23299 I ActivityManager:    82     316K     308K     175K     172K  /system/bin/dbus-daemon
07-11 10:40:30.332   142 23299 I ActivityManager: 22464     308K     304K     152K     148K  /system/bin/dhcpcd
07-11 10:40:30.332   142 23299 I ActivityManager:     1     208K     208K     146K     108K  /init
07-11 10:40:30.332   142 23299 I ActivityManager:   200     248K     240K     123K     120K  /system/bin/brcm_patchram_plus
07-11 10:40:30.332   142 23299 I ActivityManager:    61     160K     160K     122K      84K  /sbin/ueventd
07-11 10:40:30.332   142 23299 I ActivityManager:    86     212K     208K     106K     104K  /system/bin/sh
07-11 10:40:30.332   142 23299 I ActivityManager:    83     228K     220K      99K
07-11 10:40:30.402 23356 23359 D dalvikvm: GC_CONCURRENT freed 520K, 6% free 9520K/10119K, paused 2ms+2ms
07-11 10:40:30.472   759   759 D dalvikvm: GC_FOR_ALLOC freed 367K, 7% free 9572K/10183K, paused 111ms
07-11 10:40:30.519 23356 23359 D dalvikvm: GC_CONCURRENT freed 353K, 5% free 9628K/10119K, paused 1ms+2ms
07-11 10:40:30.613 23356 23356 D ContextScopeImpl: in ContextScope.getContextOrDefault for thread=1
07-11 10:40:30.621 23356 23359 D dalvikvm: GC_CONCURRENT freed 382K, 5% free 9749K/10247K, paused 1ms+3ms
07-11 10:40:30.621 23356 23356 D ContextScopeImpl: returning application context for thread=1
07-11 10:40:30.644 23356 23356 I FeatureCheckerImpl: Configured disabled features: []
07-11 10:40:30.644 23356 23356 D ContextScopeImpl: in ContextScope.getContextOrDefault for thread=1
07-11 10:40:30.644 23356 23356 D ContextScopeImpl: returning application context for thread=1
07-11 10:40:30.648 23356 23356 D ContextScopeImpl: in ContextScope.enter for thread=1
07-11 10:40:30.648 23356 23356 W ContextScopeImpl: thread=1 tried to enter the scope of the application context. Ignored.
07-11 10:40:30.648 23356 23356 D ContextScopeImpl: in ContextScope.getContextOrDefault for thread=1
07-11 10:40:30.648 23356 23356 D ContextScopeImpl: returning application context for thread=1
07-11 10:40:30.648 23356 23356 D DocListDatabase: openHelper points on new database: DocList.db
07-11 10:40:30.648 23356 23356 D DocListDatabase: in openWriteDatabase
07-11 10:40:30.660 23356 23356 I ActivityThread: Pub com.google.android.apps.docs.doclist.account_suggest: com.google.android.apps.docs.doclist.DocListAccountSuggestionProvider
07-11 10:40:30.660 23356 23356 D ContextScopeImpl: in ContextScope.enter for thread=1
07-11 10:40:30.660 23356 23356 W ContextScopeImpl: thread=1 tried to enter the scope of the application context. Ignored.
07-11 10:40:30.660 23356 23356 I ActivityThread: Pub com.google.android.apps.docs: com.google.android.apps.docs.providers.DocListProvider
07-11 10:40:30.660 23356 23356 D ContextScopeImpl: in ContextScope.enter for thread=1
07-11 10:40:30.660 23356 23356 W ContextScopeImpl: thread=1 tried to enter the scope of the application context. Ignored.
07-11 10:40:30.664 23356 23356 W ContextScopeImpl: thread=1 tried to enter the scope of the application context. Ignored.
07-11 10:40:30.671 23356 23370 W ContextScopeImpl: thread=2280 tried to enter the scope of the application context. Ignored.
07-11 10:40:30.687 23356 23356 W ContextScopeImpl: thread=1 tried to enter the scope of the application context. Ignored.
07-11 10:40:30.699   142   142 I ActivityManager: Start proc com.google.android.apps.plus for broadcast com.google.android.apps.plus/com.google.android.picasasync.ConnectivityReceiver: pid=23373 uid=10057 gids={3003, 3002, 1015, 1006}
07-11 10:40:30.777   142   536 I ActivityManager: Process com.google.android.apps.docs (pid 23356) has died.
07-11 10:40:30.918 23373 23375 D dalvikvm: GC_CONCURRENT freed 169K, 3% free 9363K/9607K, paused 2ms+2ms
07-11 10:40:30.984 23373 23373 I ActivityThread: Pub com.google.android.apps.plus.content.ApiProvider: com.google.android.apps.plus.content.EsApiProvider
07-11 10:40:31.003 23373 23373 I ActivityThread: Pub com.google.android.apps.plus.content.EsGooglePhotoProvider: com.google.android.picasasync.PicasaContentProvider
07-11 10:40:31.070 23373 23375 D dalvikvm: GC_CONCURRENT freed 337K, 5% free 9576K/9991K, paused 2ms+2ms
07-11 10:40:31.097 23373 23373 I ActivityThread: Pub com.google.android.apps.plus.content.EsPicasaStoreProvider: com.google.android.picasastore.PicasaPhotoContentProvider
07-11 10:40:31.113 23373 23373 I ActivityThread: Pub com.google.plus.platform: com.google.android.apps.plus.content.AdsProvider
07-11 10:40:31.113 23373 23373 I ActivityThread: Pub com.google.android.apps.plus.iu.EsGoogleIuProvider: com.google.android.apps.plus.iu.InstantUploadProvider
07-11 10:40:31.183   142   142 I ActivityManager: Start proc android.process.media for content provider com.android.providers.media/.MediaProvider: pid=23389 uid=10012 gids={1015, 1023, 1024, 2001, 3003, 3007}
07-11 10:40:31.191 23373 23375 D dalvikvm: GC_CONCURRENT freed 499K, 6% free 9606K/10183K, paused 2ms+3ms
07-11 10:40:31.195 23373 23373 I ActivityThread: Pub com.google.android.apps.plus.content.EsProvider: com.google.android.apps.plus.content.EsProvider
07-11 10:40:31.250    79    79 D dalvikvm: GC_EXPLICIT freed 38K, 4% free 9027K/9347K, paused 2ms+4ms
07-11 10:40:31.261 23389 23389 I ActivityThread: Pub downloads: com.android.providers.downloads.DownloadProvider
07-11 10:40:31.289    79    79 D dalvikvm: GC_EXPLICIT freed <1K, 4% free 9027K/9347K, paused 3ms+3ms
07-11 10:40:31.308 23389 23389 I ActivityThread: Pub drm: com.android.providers.drm.DrmProvider
07-11 10:40:31.308 23389 23403 I DownloadManager: in removeSpuriousFiles
07-11 10:40:31.355 23389 23389 I ActivityThread: Pub media: com.android.providers.media.MediaProvider
07-11 10:40:31.367 23389 23403 I DownloadManager: in removeSpuriousFiles, preserving file /mnt/sdcard/Download/session7chandler.mp3
07-11 10:40:31.367 23389 23403 I DownloadManager: in removeSpuriousFiles, preserving file /data/data/com.android.providers.downloads/cache/metadata.json
07-11 10:40:31.367 23389 23403 I DownloadManager: in removeSpuriousFiles, preserving file /data/data/com.android.providers.downloads/cache/metadata-1.json
07-11 10:40:31.367 23389 23403 I DownloadManager: in removeSpuriousFiles, preserving file /mnt/sdcard/Download/2012TOBFestivalguide_WEBLoRes.pdf
07-11 10:40:31.367 23389 23403 I DownloadManager: in removeSpuriousFiles, preserving file /mnt/sdcard/Download/2012TOBFestivalguide_WEBMenuMap.pdf
07-11 10:40:31.371    79    79 D dalvikvm: GC_EXPLICIT freed <1K, 4% free 9027K/9347K, paused 2ms+19ms
07-11 10:40:31.371 23389 23403 I DownloadManager: deleting spurious file /cache/backup
07-11 10:40:31.386   142  5834 I ActivityManager: Process com.google.android.youtube (pid 23316) has died.
07-11 10:40:31.496   142  5834 D dalvikvm: GC_FOR_ALLOC freed 1107K, 15% free 16062K/18695K, paused 80ms
07-11 10:40:31.554 23389 23392 D dalvikvm: GC_CONCURRENT freed 376K, 5% free 9156K/9607K, paused 2ms+2ms
07-11 10:40:31.578 23373 23406 D PicasaSync: sync account database
07-11 10:40:31.632   142   346 I ActivityManager: Start proc com.google.android.apps.uploader for broadcast com.google.android.apps.uploader/.ConnectivityBroadcastReceiver: pid=23410 uid=10029 gids={3003}
07-11 10:40:31.640 23410 23410 I dalvikvm: Turning on JNI app bug workarounds for target SDK version 11...
07-11 10:40:31.660 23410 23410 I ActivityThread: Pub com.google.android.apps.uploader: com.google.android.apps.uploader.UploadsContentProvider
07-11 10:40:31.664 23410 23410 I ActivityThread: Pub com.google.photos.provider.Album: com.google.android.apps.uploader.clients.picasa.AlbumProvider
07-11 10:40:31.668 23410 23410 D MediaUploader: UploaderApplication.onCreate
07-11 10:40:31.683 23410 23410 D MediaUploader: nonWifiLimit=20971520, default=20971520
07-11 10:40:31.687 23410 23410 I MediaUploader: No need to wake up
07-11 10:40:31.703   142   541 I ActivityManager: Start proc com.sirma.mobile.bible.android for broadcast com.sirma.mobile.bible.android/com.youversion.mobile.android.BaseActivity$BroadcastListener: pid=23426 uid=10063 gids={3003, 1015}
07-11 10:40:31.714 23426 23426 I dalvikvm: Turning on JNI app bug workarounds for target SDK version 9...
07-11 10:40:31.824 23426 23429 D dalvikvm: GC_CONCURRENT freed 154K, 3% free 9379K/9607K, paused 2ms+2ms
07-11 10:40:31.843   142   344 I ActivityManager: Process com.google.android.apps.uploader (pid 23410) has died.
07-11 10:40:31.851 23426 23426 I ActivityThread: Pub com.youversion.mobile.android.SuggestionProvider: com.youversion.mobile.android.SearchSuggestionProvider
07-11 10:40:31.886 23426 23426 D Bible - Misc: =============== App Started ===============
07-11 10:40:32.015 23373 23375 D dalvikvm: GC_CONCURRENT freed 297K, 4% free 9849K/10247K, paused 2ms+2ms
07-11 10:40:32.273   142  3512 I ActivityManager: Start proc com.google.android.youtube for broadcast com.google.android.youtube/.app.prefetch.PrefetchService$DeviceStateReceiver: pid=23450 uid=10067 gids={3003, 1015, 1006}
07-11 10:40:32.367   142   541 I ActivityManager: Process com.google.android.apps.plus (pid 23373) has died.
07-11 10:40:32.421 23450 23452 D dalvikvm: GC_CONCURRENT freed 149K, 3% free 9353K/9607K, paused 1ms+6ms
07-11 10:40:32.468   142   541 D dalvikvm: GC_FOR_ALLOC freed 461K, 15% free 16018K/18695K, paused 74ms
07-11 10:40:32.472 23450 23450 I ActivityThread: Pub com.google.android.youtube.SuggestionProvider: com.google.android.youtube.core.suggest.SuggestionProvider
07-11 10:40:32.671 23450 23452 D dalvikvm: GC_CONCURRENT freed 362K, 5% free 9554K/9991K, paused 3ms+3ms
07-11 10:40:32.675 23450 23459 W CursorWrapperInner: Cursor finalized without prior close()
07-11 10:40:32.675 23450 23459 W CursorWrapperInner: Cursor finalized without prior close()
07-11 10:40:32.734 23426 23449 E dalvikvm: ERROR: defineClass(0x40a534d0, reflectasm.java.util.HashtableConstructorAccess, 0x413306c0, 0, 296)
07-11 10:40:32.734 23426 23449 E dalvikvm: ERROR: defineClass(0x413e57a8, reflectasm.java.util.HashtableConstructorAccess, 0x413306c0, 0, 296)
07-11 10:40:32.738 23426 23429 D dalvikvm: GC_CONCURRENT freed 330K, 5% free 9496K/9927K, paused 2ms+31ms
07-11 10:40:32.742 23426 23449 E dalvikvm: ERROR: defineClass(0x4132b110, com.youversion.api.objects.BookCollectionConstructorAccess, 0x413e2368, 0, 329)
07-11 10:40:32.800   142   142 I ActivityManager: Start proc com.google.android.apps.docs for broadcast com.google.android.apps.docs/.receivers.NetworkChangeReceiver: pid=23488 uid=10071 gids={3003, 1015, 1006}
07-11 10:40:32.828 23450 23452 D dalvikvm: GC_CONCURRENT freed 286K, 4% free 9763K/10119K, paused 2ms+2ms
07-11 10:40:32.910 23488 23488 I PackageInfoHelper: Provided clientMode=RELEASE, packageInfo=PackageInfo{4136bfe0 com.google.android.apps.docs}
07-11 10:40:32.910 23488 23488 I ActivityThread: Pub com.google.android.apps.docs.files: com.google.android.apps.docs.sync.filemanager.FileProvider
07-11 10:40:32.910 23488 23488 I ActivityThread: Pub com.google.android.apps.docs.doclist.search_suggest: com.google.android.apps.docs.doclist.DocListGlobalSearchSuggestionProvider
07-11 10:40:32.968 23488 23491 D dalvikvm: GC_CONCURRENT freed 222K, 4% free 9310K/9607K, paused 2ms+2ms
07-11 10:40:33.019   142   153 I ActivityManager: Process com.sirma.mobile.bible.android (pid 23426) has died.
07-11 10:40:33.078 23488 23491 D dalvikvm: GC_CONCURRENT freed 460K, 6% free 9391K/9927K, paused 5ms+4ms
07-11 10:40:33.160 23488 23491 D dalvikvm: GC_CONCURRENT freed 500K, 6% free 9413K/9991K, paused 2ms+3ms
07-11 10:40:33.238 23488 23491 D dalvikvm: GC_CONCURRENT freed 530K, 7% free 9446K/10055K, paused 1ms+2ms
07-11 10:40:33.324 23488 23491 D dalvikvm: GC_CONCURRENT freed 450K, 6% free 9507K/10055K, paused 2ms+2ms
07-11 10:40:33.414 23488 23491 D dalvikvm: GC_CONCURRENT freed 508K, 6% free 9532K/10119K, paused 1ms+2ms
07-11 10:40:33.531 23488 23491 D dalvikvm: GC_CONCURRENT freed 349K, 5% free 9631K/10119K, paused 1ms+3ms
07-11 10:40:33.656 23488 23491 D dalvikvm: GC_CONCURRENT freed 415K, 5% free 9749K/10247K, paused 1ms+4ms
07-11 10:40:33.660 23488 23488 D ContextScopeImpl: in ContextScope.getContextOrDefault for thread=1
07-11 10:40:33.660 23488 23488 D ContextScopeImpl: returning application context for thread=1
07-11 10:40:33.675 23488 23488 I FeatureCheckerImpl: Configured disabled features: []
07-11 10:40:33.675 23488 23488 D ContextScopeImpl: in ContextScope.getContextOrDefault for thread=1
07-11 10:40:33.675 23488 23488 D ContextScopeImpl: returning application context for thread=1
07-11 10:40:33.679 23488 23488 D ContextScopeImpl: in ContextScope.enter for thread=1
07-11 10:40:33.679 23488 23488 W ContextScopeImpl: thread=1 tried to enter the scope of the application context. Ignored.
07-11 10:40:33.679 23488 23488 D ContextScopeImpl: in ContextScope.getContextOrDefault for thread=1
07-11 10:40:33.679 23488 23488 D ContextScopeImpl: returning application context for thread=1
07-11 10:40:33.679 23488 23488 D DocListDatabase: openHelper points on new database: DocList.db
07-11 10:40:33.679 23488 23488 D DocListDatabase: in openWriteDatabase
07-11 10:40:33.691 23488 23488 I ActivityThread: Pub com.google.android.apps.docs.doclist.account_suggest: com.google.android.apps.docs.doclist.DocListAccountSuggestionProvider
07-11 10:40:33.691 23488 23488 D ContextScopeImpl: in ContextScope.enter for thread=1
07-11 10:40:33.691 23488 23488 W ContextScopeImpl: thread=1 tried to enter the scope of the application context. Ignored.
07-11 10:40:33.691 23488 23488 I ActivityThread: Pub com.google.android.apps.docs: com.google.android.apps.docs.providers.DocListProvider
07-11 10:40:33.691 23488 23488 D ContextScopeImpl: in ContextScope.enter for thread=1
07-11 10:40:33.691 23488 23488 W ContextScopeImpl: thread=1 tried to enter the scope of the application context. Ignored.
07-11 10:40:33.695 23488 23488 W ContextScopeImpl: thread=1 tried to enter the scope of the application context. Ignored.
07-11 10:40:33.707 23488 23502 W ContextScopeImpl: thread=2298 tried to enter the scope of the application context. Ignored.
07-11 10:40:33.726 23488 23488 W ContextScopeImpl: thread=1 tried to enter the scope of the application context. Ignored.
07-11 10:40:33.742   142   344 I ActivityManager: Start proc com.google.android.apps.plus for broadcast com.google.android.apps.plus/com.google.android.picasasync.ConnectivityReceiver: pid=23505 uid=10057 gids={3003, 3002, 1015, 1006}
07-11 10:40:33.816   142   142 I ActivityManager: Process com.google.android.youtube (pid 23450) has died.
07-11 10:40:33.875 23505 23507 D dalvikvm: GC_CONCURRENT freed 159K, 3% free 9373K/9607K, paused 2ms+6ms
07-11 10:40:33.961   142   142 D dalvikvm: GC_FOR_ALLOC freed 367K, 15% free 16018K/18695K, paused 109ms
07-11 10:40:33.964 23505 23505 I ActivityThread: Pub com.google.android.apps.plus.content.ApiProvider: com.google.android.apps.plus.content.EsApiProvider
07-11 10:40:33.964 23505 23505 I ActivityThread: Pub com.google.android.apps.plus.content.EsGooglePhotoProvider: com.google.android.picasasync.PicasaContentProvider
07-11 10:40:34.027 23505 23507 D dalvikvm: GC_CONCURRENT freed 337K, 5% free 9576K/9991K, paused 1ms+1ms
07-11 10:40:34.046 23505 23505 I ActivityThread: Pub com.google.android.apps.plus.content.EsPicasaStoreProvider: com.google.android.picasastore.PicasaPhotoContentProvider
07-11 10:40:34.058 23505 23505 I ActivityThread: Pub com.google.plus.platform: com.google.android.apps.plus.content.AdsProvider
07-11 10:40:34.058 23505 23505 I ActivityThread: Pub com.google.android.apps.plus.iu.EsGoogleIuProvider: com.google.android.apps.plus.iu.InstantUploadProvider
07-11 10:40:34.125 23505 23507 D dalvikvm: GC_CONCURRENT freed 464K, 6% free 9642K/10183K, paused 6ms+2ms
07-11 10:40:34.132 23505 23505 I ActivityThread: Pub com.google.android.apps.plus.content.EsProvider: com.google.android.apps.plus.content.EsProvider
07-11 10:40:34.187   142  1095 I ActivityManager: Start proc com.sirma.mobile.bible.android for broadcast com.sirma.mobile.bible.android/com.youversion.mobile.android.appwidget.ReadingPlanAppWidgetProvider: pid=23523 uid=10063 gids={3003, 1015}
07-11 10:40:34.195 23523 23523 I dalvikvm: Turning on JNI app bug workarounds for target SDK version 9...
07-11 10:40:34.257   142  4986 I ActivityManager: Process com.google.android.apps.docs (pid 23488) has died.
07-11 10:40:34.343 23505 23520 D PicasaPhotoCP: set fsid first time:-1
07-11 10:40:34.351 23523 23525 D dalvikvm: GC_CONCURRENT freed 163K, 3% free 9369K/9607K, paused 2ms+2ms
07-11 10:40:34.371 23523 23523 I ActivityThread: Pub com.youversion.mobile.android.SuggestionProvider: com.youversion.mobile.android.SearchSuggestionProvider
07-11 10:40:34.378 23523 23523 D Bible - Misc: =============== App Started ===============
07-11 10:40:34.730 23505 23507 D dalvikvm: GC_CONCURRENT freed 336K, 5% free 9832K/10247K, paused 5ms+16ms
07-11 10:40:34.738 23505 23537 D PicasaSync: sync account database
07-11 10:40:34.863 23505 23537 D PicasaSync: accounts in DB=1
07-11 10:40:34.875 23505 23537 D PicasaSyncManager: active network: NetworkInfo: type: WIFI[], state: CONNECTED/CONNECTED, reason: (unspecified), extra: (none), roaming: false, failover: false, isAvailable: true
07-11 10:40:34.875 23505 23537 D PicasaSyncManager: background data: true
07-11 10:40:34.910 23523 23525 D dalvikvm: GC_CONCURRENT freed 328K, 5% free 9483K/9927K, paused 20ms+19ms
07-11 10:40:34.957   142   536 I ActivityManager: Process com.google.android.apps.plus (pid 23505) has died.
07-11 10:40:35.035   142   536 D dalvikvm: GC_FOR_ALLOC freed 388K, 15% free 16019K/18695K, paused 55ms
07-11 10:40:35.050 23523 23545 E dalvikvm: ERROR: defineClass(0x40a534d0, reflectasm.java.util.HashtableConstructorAccess, 0x413dd170, 0, 296)
07-11 10:40:35.050 23523 23545 E dalvikvm: ERROR: defineClass(0x413bd608, reflectasm.java.util.HashtableConstructorAccess, 0x413dd170, 0, 296)
07-11 10:40:35.054 23523 23545 E dalvikvm: ERROR: defineClass(0x4132e900, com.youversion.api.objects.BookCollectionConstructorAccess, 0x413c2878, 0, 329)
07-11 10:40:35.054 23523 23545 E dalvikvm: ERROR: defineClass(0x4136c190, com.youversion.api.objects.BookCollectionConstructorAccess, 0x413c2878, 0, 329)
07-11 10:40:35.058 23523 23545 E dalvikvm: ERROR: defineClass(0x40a534d0, reflectasm.java.util.VectorConstructorAccess, 0x413e3138, 0, 290)
07-11 10:40:35.058 23523 23545 E dalvikvm: ERROR: defineClass(0x413be3b8, reflectasm.java.util.VectorConstructorAccess, 0x413e3138, 0, 290)
07-11 10:40:35.062 23523 23545 E dalvikvm: ERROR: defineClass(0x4132e900, com.youversion.api.objects.BookConstructorAccess, 0x413e4390, 0, 309)
07-11 10:40:35.062 23523 23545 E dalvikvm: ERROR: defineClass(0x41363bd8, com.youversion.api.objects.BookConstructorAccess, 0x413e4390, 0, 309)
07-11 10:40:35.183 23523 23545 E dalvikvm: ERROR: defineClass(0x4132e900, com.youversion.api.internal.Chapter$AudioInfoConstructorAccess, 0x413cc150, 0, 337)
07-11 10:40:35.183 23523 23545 E dalvikvm: ERROR: defineClass(0x413cabf8, com.youversion.api.internal.Chapter$AudioInfoConstructorAccess, 0x413cc150, 0, 337)
07-11 10:40:35.187 23523 23545 E dalvikvm: ERROR: defineClass(0x4132e900, com.youversion.api.objects.AudioBibleInfoConstructorAccess, 0x413cf060, 0, 329)
07-11 10:40:35.187 23523 23545 E dalvikvm: ERROR: defineClass(0x413cdb80, com.youversion.api.objects.AudioBibleInfoConstructorAccess, 0x413cf060, 0, 329)
07-11 10:40:35.222 23523 23545 E dalvikvm: ERROR: defineClass(0x4132e900, com.youversion.api.objects.ReadingPlanDayConstructorAccess, 0x413f3fa8, 0, 329)
07-11 10:40:35.222 23523 23545 E dalvikvm: ERROR: defineClass(0x413f2ac8, com.youversion.api.objects.ReadingPlanDayConstructorAccess, 0x413f3fa8, 0, 329)
07-11 10:40:35.222 23523 23545 E dalvikvm: ERROR: defineClass(0x4132e900, com.youversion.api.objects.ReadingPlanAdjustedDayCollectionConstructorAccess, 0x413f90c8, 0, 365)
07-11 10:40:35.226 23523 23545 E dalvikvm: ERROR: defineClass(0x413f78a8, com.youversion.api.objects.ReadingPlanAdjustedDayCollectionConstructorAccess, 0x413f90c8, 0, 365)
07-11 10:40:35.226 23523 23545 E dalvikvm: ERROR: defineClass(0x4132e900, com.youversion.api.objects.ReadingPlanAdjustedDayConstructorAccess, 0x413fb9d0, 0, 345)
07-11 10:40:35.226 23523 23545 E dalvikvm: ERROR: defineClass(0x413fa3e0, com.youversion.api.objects.ReadingPlanAdjustedDayConstructorAccess, 0x413fb9d0, 0, 345)
07-11 10:40:35.226 23523 23545 E dalvikvm: ERROR: defineClass(0x4132e900, com.youversion.api.objects.ReadingPlanReferenceConstructorAccess, 0x413fe6b0, 0, 341)
07-11 10:40:35.226 23523 23545 E dalvikvm: ERROR: defineClass(0x413fd050, com.youversion.api.objects.ReadingPlanReferenceConstructorAccess, 0x413fe6b0, 0, 341)
