07-11 10:34:44.457 19367 19387 D Bible - W/Misc: 	java.net.InetAddress.getAllByName(InetAddress.java:220)
07-11 10:34:44.457 19367 19387 D Bible - W/Misc: 	org.apache.http.impl.conn.DefaultClientConnectionOperator.openConnection(DefaultClientConnectionOperator.java:137)
07-11 10:34:44.461 19367 19387 D Bible - W/Misc: 	org.apache.http.impl.conn.AbstractPoolEntry.open(AbstractPoolEntry.java:164)
07-11 10:34:44.461 19367 19387 D Bible - W/Misc: 	org.apache.http.impl.conn.AbstractPooledConnAdapter.open(AbstractPooledConnAdapter.java:119)
07-11 10:34:44.461 19367 19387 D Bible - W/Misc: 	org.apache.http.impl.client.DefaultRequestDirector.execute(DefaultRequestDirector.java:360)
07-11 10:34:44.465 19367 19387 D Bible - W/Misc: 	org.apache.http.impl.client.AbstractHttpClient.execute(AbstractHttpClient.java:555)
07-11 10:34:44.465 19367 19387 D Bible - W/Misc: 	org.apache.http.impl.client.AbstractHttpClient.execute(AbstractHttpClient.java:487)
07-11 10:34:44.465 19367 19387 D Bible - W/Misc: 	org.apache.http.impl.client.AbstractHttpClient.execute(AbstractHttpClient.java:465)
07-11 10:34:44.465 19367 19387 D Bible - W/Misc: 	js.a(SourceFile:124)
07-11 10:34:44.468 19367 19387 D Bible - W/Misc: 	jp.a(SourceFile:419)
07-11 10:34:44.468 19367 19387 D Bible - W/Misc: 	ju.b(SourceFile:212)
07-11 10:34:44.468 19367 19387 D Bible - W/Misc: 	com.sirma.mobile.bible.android.BibleApp.h(SourceFile:301)
07-11 10:34:44.472 19367 19387 D Bible - W/Misc: 	com.sirma.mobile.bible.android.BibleApp.b(SourceFile:61)
07-11 10:34:44.472 19367 19387 D Bible - W/Misc: 	dk.a(SourceFile:224)
07-11 10:34:44.472 19367 19387 D Bible - W/Misc: 	dk.doInBackground(SourceFile:206)
07-11 10:34:44.472 19367 19387 D Bible - W/Misc: 	android.os.AsyncTask$2.call(AsyncTask.java:264)
07-11 10:34:44.476 19367 19387 D Bible - W/Misc: 	java.util.concurrent.FutureTask$Sync.innerRun(FutureTask.java:305)
07-11 10:34:44.476 19367 19387 D Bible - W/Misc: 	java.util.concurrent.FutureTask.run(FutureTask.java:137)
07-11 10:34:44.476 19367 19387 D Bible - W/Misc: 	java.util.concurrent.ThreadPoolExecutor.runWorker(ThreadPoolExecutor.java:1076)
07-11 10:34:44.480 19367 19387 D Bible - W/Misc: 	java.util.concurrent.ThreadPoolExecutor$Worker.run(ThreadPoolExecutor.java:569)
07-11 10:34:44.480 19367 19387 D Bible - W/Misc: 	java.lang.Thread.run(Thread.java:856)
07-11 10:34:44.480 19367 19387 D Bible - W/Misc: GaiException: getaddrinfo failed: EAI_NODATA (No address associated with hostname)
07-11 10:34:44.484 19367 19387 D Bible - W/Misc: 	libcore.io.Posix.getaddrinfo(Native Method)
07-11 10:34:44.484 19367 19387 D Bible - W/Misc: 	libcore.io.ForwardingOs.getaddrinfo(ForwardingOs.java:55)
07-11 10:34:44.484 19367 19387 D Bible - W/Misc: 	java.net.InetAddress.lookupHostByName(InetAddress.java:411)
07-11 10:34:44.484 19367 19387 D Bible - W/Misc: 	java.net.InetAddress.getAllByNameImpl(InetAddress.java:242)
07-11 10:34:44.488 19367 19387 D Bible - W/Misc: 	java.net.InetAddress.getAllByName(InetAddress.java:220)
07-11 10:34:44.488 19367 19387 D Bible - W/Misc: 	org.apache.http.impl.conn.DefaultClientConnectionOperator.openConnection(DefaultClientConnectionOperator.java:137)
07-11 10:34:44.488 19367 19387 D Bible - W/Misc: 	org.apache.http.impl.conn.AbstractPoolEntry.open(AbstractPoolEntry.java:164)
07-11 10:34:44.488 19367 19387 D Bible - W/Misc: 	org.apache.http.impl.conn.AbstractPooledConnAdapter.open(AbstractPooledConnAdapter.java:119)
07-11 10:34:44.492 19367 19387 D Bible - W/Misc: 	org.apache.http.impl.client.DefaultRequestDirector.execute(DefaultRequestDirector.java:360)
07-11 10:34:44.492 19367 19387 D Bible - W/Misc: 	org.apache.http.impl.client.AbstractHttpClient.execute(AbstractHttpClient.java:555)
07-11 10:34:44.492 19367 19387 D Bible - W/Misc: 	org.apache.http.impl.client.AbstractHttpClient.execute(AbstractHttpClient.java:487)
07-11 10:34:44.496 19367 19387 D Bible - W/Misc: 	org.apache.http.impl.client.AbstractHttpClient.execute(AbstractHttpClient.java:465)
07-11 10:34:44.496 19367 19387 D Bible - W/Misc: 	js.a(SourceFile:124)
07-11 10:34:44.515 19367 19387 D Bible - W/Misc: 	jp.a(SourceFile:419)
07-11 10:34:44.543 19367 19370 D dalvikvm: GC_CONCURRENT freed 443K, 8% free 9704K/10503K, paused 2ms+3ms
07-11 10:34:44.543 19367 19387 D Bible - W/Misc: 	ju.b(SourceFile:212)
07-11 10:34:44.547 19367 19387 D Bible - W/Misc: 	com.sirma.mobile.bible.android.BibleApp.h(SourceFile:301)
07-11 10:34:44.547 19367 19387 D Bible - W/Misc: 	com.sirma.mobile.bible.android.BibleApp.b(SourceFile:61)
07-11 10:34:44.547 19367 19387 D Bible - W/Misc: 	dk.a(SourceFile:224)
07-11 10:34:44.554 19367 19387 D Bible - W/Misc: 	dk.doInBackground(SourceFile:206)
07-11 10:34:44.554 19367 19387 D Bible - W/Misc: 	android.os.AsyncTask$2.call(AsyncTask.java:264)
07-11 10:34:44.558 19367 19387 D Bible - W/Misc: 	java.util.concurrent.FutureTask$Sync.innerRun(FutureTask.java:305)
07-11 10:34:44.558 19367 19387 D Bible - W/Misc: 	java.util.concurrent.FutureTask.run(FutureTask.java:137)
07-11 10:34:44.558 19367 19387 D Bible - W/Misc: 	java.util.concurrent.ThreadPoolExecutor.runWorker(ThreadPoolExecutor.java:1076)
07-11 10:34:44.562 19367 19387 D Bible - W/Misc: 	java.util.concurrent.ThreadPoolExecutor$Worker.run(ThreadPoolExecutor.java:569)
07-11 10:34:44.562 19367 19387 D Bible - W/Misc: 	java.lang.Thread.run(Thread.java:856)
07-11 10:34:44.722   142   202 D Tethering: MasterInitialState.processMessage what=3
07-11 10:34:44.734   142   159 I ActivityManager: Start proc android.process.media for broadcast com.android.providers.downloads/.DownloadReceiver: pid=19414 uid=10012 gids={1015, 1023, 1024, 2001, 3003, 3007}
07-11 10:34:44.781 19414 19414 I ActivityThread: Pub downloads: com.android.providers.downloads.DownloadProvider
07-11 10:34:44.789 19414 19414 I ActivityThread: Pub drm: com.android.providers.drm.DrmProvider
07-11 10:34:44.793 19414 19427 I DownloadManager: in removeSpuriousFiles
07-11 10:34:44.797 19414 19414 I ActivityThread: Pub media: com.android.providers.media.MediaProvider
07-11 10:34:44.851 19414 19427 I DownloadManager: in removeSpuriousFiles, preserving file /mnt/sdcard/Download/session7chandler.mp3
07-11 10:34:44.851 19414 19427 I DownloadManager: in removeSpuriousFiles, preserving file /data/data/com.android.providers.downloads/cache/metadata.json
07-11 10:34:44.851 19414 19427 I DownloadManager: in removeSpuriousFiles, preserving file /data/data/com.android.providers.downloads/cache/metadata-1.json
07-11 10:34:44.851 19414 19427 I DownloadManager: in removeSpuriousFiles, preserving file /mnt/sdcard/Download/2012TOBFestivalguide_WEBLoRes.pdf
07-11 10:34:44.851 19414 19427 I DownloadManager: in removeSpuriousFiles, preserving file /mnt/sdcard/Download/2012TOBFestivalguide_WEBMenuMap.pdf
07-11 10:34:44.855 19414 19427 I DownloadManager: deleting spurious file /cache/backup
07-11 10:34:45.066 19414 19416 D dalvikvm: GC_CONCURRENT freed 368K, 5% free 9164K/9607K, paused 18ms+9ms
07-11 10:34:45.136   142  1095 I ActivityManager: Start proc com.google.android.apps.uploader for broadcast com.google.android.apps.uploader/.ConnectivityBroadcastReceiver: pid=19431 uid=10029 gids={3003}
07-11 10:34:45.144 19431 19431 I dalvikvm: Turning on JNI app bug workarounds for target SDK version 11...
07-11 10:34:45.179   142   344 I ActivityManager: Process com.sirma.mobile.bible.android (pid 19367) has died.
07-11 10:34:45.195 19431 19431 I ActivityThread: Pub com.google.android.apps.uploader: com.google.android.apps.uploader.UploadsContentProvider
07-11 10:34:45.195 19431 19431 I ActivityThread: Pub com.google.photos.provider.Album: com.google.android.apps.uploader.clients.picasa.AlbumProvider
07-11 10:34:45.211 19431 19431 D MediaUploader: UploaderApplication.onCreate
07-11 10:34:45.320 19431 19431 D MediaUploader: nonWifiLimit=20971520, default=20971520
07-11 10:34:45.324 19431 19431 I MediaUploader: No need to wake up
07-11 10:34:45.328 16396 16396 I PhoneLab-WiFiReceiver: Wi-Fi is disconnected!
07-11 10:34:45.343   142  4570 I ActivityManager: Start proc com.sirma.mobile.bible.android for broadcast com.sirma.mobile.bible.android/com.youversion.mobile.android.BaseActivity$BroadcastListener: pid=19447 uid=10063 gids={3003, 1015}
07-11 10:34:45.355 19447 19447 I dalvikvm: Turning on JNI app bug workarounds for target SDK version 9...
07-11 10:34:45.457 19447 19449 D dalvikvm: GC_CONCURRENT freed 169K, 3% free 9363K/9607K, paused 2ms+2ms
07-11 10:34:45.465 19447 19447 I ActivityThread: Pub com.youversion.mobile.android.SuggestionProvider: com.youversion.mobile.android.SearchSuggestionProvider
07-11 10:34:45.480 19447 19447 D Bible - Misc: =============== App Started ===============
07-11 10:34:45.582   142  7413 I ActivityManager: Process android.process.media (pid 19414) has died.
07-11 10:34:45.843 19447 19447 D Bible - W/Misc: no connection 
07-11 10:34:45.859   142   541 I ActivityManager: Start proc com.google.android.youtube for broadcast com.google.android.youtube/.app.prefetch.PrefetchService$DeviceStateReceiver: pid=19469 uid=10067 gids={3003, 1015, 1006}
07-11 10:34:45.965 19447 19449 D dalvikvm: GC_CONCURRENT freed 323K, 5% free 9482K/9927K, paused 10ms+9ms
07-11 10:34:46.004 19447 19467 E dalvikvm: ERROR: defineClass(0x40a534d0, reflectasm.java.util.HashtableConstructorAccess, 0x413a4b70, 0, 296)
07-11 10:34:46.004 19447 19467 E dalvikvm: ERROR: defineClass(0x413a2888, reflectasm.java.util.HashtableConstructorAccess, 0x413a4b70, 0, 296)
07-11 10:34:46.007 19447 19467 E dalvikvm: ERROR: defineClass(0x41330568, com.youversion.api.objects.BookCollectionConstructorAccess, 0x413c6dd8, 0, 329)
07-11 10:34:46.007 19447 19467 E dalvikvm: ERROR: defineClass(0x41380a30, com.youversion.api.objects.BookCollectionConstructorAccess, 0x413c6dd8, 0, 329)
07-11 10:34:46.007 19447 19467 E dalvikvm: ERROR: defineClass(0x40a534d0, reflectasm.java.util.VectorConstructorAccess, 0x413b25d8, 0, 290)
07-11 10:34:46.007 19447 19467 E dalvikvm: ERROR: defineClass(0x413dc210, reflectasm.java.util.VectorConstructorAccess, 0x413b25d8, 0, 290)
07-11 10:34:46.011 19447 19467 E dalvikvm: ERROR: defineClass(0x41330568, com.youversion.api.objects.BookConstructorAccess, 0x413be988, 0, 309)
07-11 10:34:46.011 19447 19467 E dalvikvm: ERROR: defineClass(0x413841f8, com.youversion.api.objects.BookConstructorAccess, 0x413be988, 0, 309)
07-11 10:34:46.015 19469 19471 D dalvikvm: GC_CONCURRENT freed 169K, 3% free 9356K/9607K, paused 2ms+2ms
07-11 10:34:46.023   142   346 I ActivityManager: Process com.sirma.mobile.bible.android (pid 19447) has died.
07-11 10:34:46.090 19469 19469 I ActivityThread: Pub com.google.android.youtube.SuggestionProvider: com.google.android.youtube.core.suggest.SuggestionProvider
07-11 10:34:46.125   142   346 D dalvikvm: GC_FOR_ALLOC freed 874K, 15% free 16067K/18695K, paused 69ms
07-11 10:34:46.179  8163 10187 D dalvikvm: GC_EXPLICIT freed 203K, 7% free 10103K/10823K, paused 2ms+3ms
07-11 10:34:46.468 19469 19471 D dalvikvm: GC_CONCURRENT freed 352K, 5% free 9564K/9991K, paused 14ms+3ms
07-11 10:34:46.468 19469 19478 W CursorWrapperInner: Cursor finalized without prior close()
07-11 10:34:46.468 19469 19478 W CursorWrapperInner: Cursor finalized without prior close()
07-11 10:34:46.586 19469 19471 D dalvikvm: GC_CONCURRENT freed 273K, 4% free 9739K/10119K, paused 2ms+11ms
07-11 10:34:46.621   142  4973 I ActivityManager: Start proc com.google.android.apps.docs for broadcast com.google.android.apps.docs/.receivers.NetworkChangeReceiver: pid=19507 uid=10071 gids={3003, 1015, 1006}
07-11 10:34:46.687   142   541 I ActivityManager: Process com.google.android.apps.uploader (pid 19431) has died.
07-11 10:34:46.871 19507 19507 I PackageInfoHelper: Provided clientMode=RELEASE, packageInfo=PackageInfo{41371478 com.google.android.apps.docs}
07-11 10:34:46.871 19507 19507 I ActivityThread: Pub com.google.android.apps.docs.files: com.google.android.apps.docs.sync.filemanager.FileProvider
07-11 10:34:46.879 19507 19507 I ActivityThread: Pub com.google.android.apps.docs.doclist.search_suggest: com.google.android.apps.docs.doclist.DocListGlobalSearchSuggestionProvider
07-11 10:34:47.105 19507 19509 D dalvikvm: GC_CONCURRENT freed 225K, 4% free 9307K/9607K, paused 10ms+2ms
07-11 10:34:47.109   142  4986 I ActivityManager: Process com.google.android.youtube (pid 19469) has died.
07-11 10:34:47.254   142  4986 D dalvikvm: GC_FOR_ALLOC freed 416K, 15% free 16004K/18695K, paused 110ms
07-11 10:34:47.269 19507 19509 D dalvikvm: GC_CONCURRENT freed 460K, 6% free 9390K/9927K, paused 2ms+2ms
07-11 10:34:47.343 19507 19509 D dalvikvm: GC_CONCURRENT freed 512K, 6% free 9400K/9991K, paused 1ms+2ms
07-11 10:34:47.418 19507 19509 D dalvikvm: GC_CONCURRENT freed 476K, 6% free 9436K/9991K, paused 2ms+2ms
07-11 10:34:47.504 19507 19509 D dalvikvm: GC_CONCURRENT freed 473K, 6% free 9502K/10055K, paused 1ms+2ms
07-11 10:34:47.593 19507 19509 D dalvikvm: GC_CONCURRENT freed 509K, 6% free 9531K/10119K, paused 1ms+2ms
07-11 10:34:47.718 19507 19509 D dalvikvm: GC_CONCURRENT freed 384K, 6% free 9608K/10119K, paused 1ms+3ms
07-11 10:34:47.840 19507 19509 D dalvikvm: GC_CONCURRENT freed 402K, 5% free 9760K/10247K, paused 2ms+3ms
07-11 10:34:47.843 19507 19507 D ContextScopeImpl: in ContextScope.getContextOrDefault for thread=1
07-11 10:34:47.843 19507 19507 D ContextScopeImpl: returning application context for thread=1
07-11 10:34:47.863 19507 19507 I FeatureCheckerImpl: Configured disabled features: []
07-11 10:34:47.863 19507 19507 D ContextScopeImpl: in ContextScope.getContextOrDefault for thread=1
07-11 10:34:47.863 19507 19507 D ContextScopeImpl: returning application context for thread=1
07-11 10:34:47.875 19507 19507 D ContextScopeImpl: in ContextScope.enter for thread=1
07-11 10:34:47.875 19507 19507 W ContextScopeImpl: thread=1 tried to enter the scope of the application context. Ignored.
07-11 10:34:47.875 19507 19507 D ContextScopeImpl: in ContextScope.getContextOrDefault for thread=1
07-11 10:34:47.875 19507 19507 D ContextScopeImpl: returning application context for thread=1
07-11 10:34:47.879 19507 19507 D DocListDatabase: openHelper points on new database: DocList.db
07-11 10:34:47.879 19507 19507 D DocListDatabase: in openWriteDatabase
07-11 10:34:47.890 19507 19507 I ActivityThread: Pub com.google.android.apps.docs.doclist.account_suggest: com.google.android.apps.docs.doclist.DocListAccountSuggestionProvider
07-11 10:34:47.890 19507 19507 D ContextScopeImpl: in ContextScope.enter for thread=1
07-11 10:34:47.890 19507 19507 W ContextScopeImpl: thread=1 tried to enter the scope of the application context. Ignored.
07-11 10:34:47.894 19507 19507 I ActivityThread: Pub com.google.android.apps.docs: com.google.android.apps.docs.providers.DocListProvider
07-11 10:34:47.894 19507 19507 D ContextScopeImpl: in ContextScope.enter for thread=1
07-11 10:34:47.894 19507 19507 W ContextScopeImpl: thread=1 tried to enter the scope of the application context. Ignored.
07-11 10:34:47.898 19507 19507 W ContextScopeImpl: thread=1 tried to enter the scope of the application context. Ignored.
07-11 10:34:47.906 19507 19521 W ContextScopeImpl: thread=1788 tried to enter the scope of the application context. Ignored.
07-11 10:34:47.941   142   153 I ActivityManager: Start proc com.google.android.apps.plus for broadcast com.google.android.apps.plus/com.google.android.picasasync.ConnectivityReceiver: pid=19523 uid=10057 gids={3003, 3002, 1015, 1006}
07-11 10:34:48.004    79    79 D dalvikvm: GC_EXPLICIT freed 38K, 4% free 9027K/9347K, paused 3ms+12ms
07-11 10:34:48.070    79    79 D dalvikvm: GC_EXPLICIT freed <1K, 4% free 9027K/9347K, paused 1ms+9ms
07-11 10:34:48.121    79    79 D dalvikvm: GC_EXPLICIT freed <1K, 4% free 9027K/9347K, paused 4ms+1ms
07-11 10:34:48.183 19523 19525 D dalvikvm: GC_CONCURRENT freed 174K, 3% free 9358K/9607K, paused 2ms+5ms
07-11 10:34:48.238   142  7413 I ActivityManager: Process com.google.android.apps.docs (pid 19507) has died.
07-11 10:34:48.359 19523 19523 I ActivityThread: Pub com.google.android.apps.plus.content.ApiProvider: com.google.android.apps.plus.content.EsApiProvider
07-11 10:34:48.386   142   198 D ConnectivityService: ConnectivityChange for WIFI: CONNECTED/CONNECTED
07-11 10:34:48.406 19523 19523 I ActivityThread: Pub com.google.android.apps.plus.content.EsGooglePhotoProvider: com.google.android.picasasync.PicasaContentProvider
07-11 10:34:48.465   142   193 W NetworkStats: dropping UID delta from unknown iface: iface=wlan0 uid=0 set=DEFAULT tag=0x0 rxBytes=792 rxPackets=5 txBytes=328 txPackets=5 operations=0
07-11 10:34:48.515 19523 19525 D dalvikvm: GC_CONCURRENT freed 337K, 5% free 9577K/9991K, paused 2ms+2ms
07-11 10:34:48.539 19523 19523 I ActivityThread: Pub com.google.android.apps.plus.content.EsPicasaStoreProvider: com.google.android.picasastore.PicasaPhotoContentProvider
07-11 10:34:48.547 19523 19523 I ActivityThread: Pub com.google.plus.platform: com.google.android.apps.plus.content.AdsProvider
07-11 10:34:48.547 19523 19523 I ActivityThread: Pub com.google.android.apps.plus.iu.EsGoogleIuProvider: com.google.android.apps.plus.iu.InstantUploadProvider
07-11 10:34:48.613 19523 19525 D dalvikvm: GC_CONCURRENT freed 453K, 6% free 9651K/10183K, paused 1ms+2ms
07-11 10:34:48.621 19523 19523 I ActivityThread: Pub com.google.android.apps.plus.content.EsProvider: com.google.android.apps.plus.content.EsProvider
07-11 10:34:48.625   142   153 I ActivityManager: Start proc android.process.media for content provider com.android.providers.media/.MediaProvider: pid=19558 uid=10012 gids={1015, 1023, 1024, 2001, 3003, 3007}
07-11 10:34:48.668 19558 19558 I ActivityThread: Pub downloads: com.android.providers.downloads.DownloadProvider
07-11 10:34:48.687 19558 19558 I ActivityThread: Pub drm: com.android.providers.drm.DrmProvider
07-11 10:34:48.695 19558 19558 I ActivityThread: Pub media: com.android.providers.media.MediaProvider
07-11 10:34:48.699 19558 19572 I DownloadManager: in removeSpuriousFiles
07-11 10:34:48.726 19558 19572 I DownloadManager: in removeSpuriousFiles, preserving file /mnt/sdcard/Download/session7chandler.mp3
07-11 10:34:48.726 19558 19572 I DownloadManager: in removeSpuriousFiles, preserving file /data/data/com.android.providers.downloads/cache/metadata.json
07-11 10:34:48.726 19558 19572 I DownloadManager: in removeSpuriousFiles, preserving file /data/data/com.android.providers.downloads/cache/metadata-1.json
07-11 10:34:48.726 19558 19572 I DownloadManager: in removeSpuriousFiles, preserving file /mnt/sdcard/Download/2012TOBFestivalguide_WEBLoRes.pdf
07-11 10:34:48.726 19558 19572 I DownloadManager: in removeSpuriousFiles, preserving file /mnt/sdcard/Download/2012TOBFestivalguide_WEBMenuMap.pdf
07-11 10:34:48.738 19558 19572 I DownloadManager: deleting spurious file /cache/backup
07-11 10:34:48.754 16396 16396 I PhoneLab-WiFiReceiver: Wi-Fi is connected!
07-11 10:34:48.754 16396 16396 I PhoneLab-WiFiReceiver: SSID: UB_Secure BSSID: 00:1f:6d:b9:fa:c1 RSSI: -200 LinkSpeed: -1
07-11 10:34:48.769 16396 16396 I PhoneLab-Locks: wake lock acquired
07-11 10:34:48.773 16396 16396 I PhoneLab-UploadLogs: Transfering log files now
07-11 10:34:48.890 16396 16398 D dalvikvm: GC_CONCURRENT freed 375K, 14% free 9206K/10631K, paused 2ms+2ms
07-11 10:34:48.910 16396 16396 D dalvikvm: GC_FOR_ALLOC freed 178K, 12% free 9398K/10631K, paused 14ms
07-11 10:34:48.929 19523 19574 D PicasaSync: sync account database
07-11 10:34:48.968 19523 19525 D dalvikvm: GC_CONCURRENT freed 301K, 4% free 9879K/10247K, paused 3ms+2ms
07-11 10:34:49.027 16396 16396 I PhoneLab-UploadLogs: OnStartCommand
07-11 10:34:49.043 19558 19560 D dalvikvm: GC_CONCURRENT freed 343K, 5% free 9189K/9607K, paused 8ms+3ms
07-11 10:34:49.070 16396 16398 D dalvikvm: GC_CONCURRENT freed 298K, 10% free 9611K/10631K, paused 6ms+3ms
07-11 10:34:49.109 19523 19574 D PicasaSync: accounts in DB=1
07-11 10:34:49.109 19523 19557 D PicasaPhotoCP: set fsid first time:-1
07-11 10:34:49.113 19523 19574 D PicasaSyncManager: active network: NetworkInfo: type: WIFI[], state: CONNECTED/CONNECTED, reason: (unspecified), extra: (none), roaming: false, failover: false, isAvailable: true
07-11 10:34:49.117 19523 19574 D PicasaSyncManager: background data: true
07-11 10:34:49.179 19523 19574 D PicasaSyncManager: battery info: false
07-11 10:34:49.261 19523 19525 D dalvikvm: GC_CONCURRENT freed 242K, 4% free 10096K/10439K, paused 4ms+2ms
07-11 10:34:49.371   142  1095 I ActivityManager: Process com.google.android.apps.plus (pid 19523) has died.
07-11 10:34:49.386   142   198 D ConnectivityService: NetTransition Wakelock for WifiStateMachine released by timeout
07-11 10:34:49.465   142  1095 D dalvikvm: GC_FOR_ALLOC freed 694K, 15% free 16023K/18695K, paused 62ms
07-11 10:34:49.679   142   198 D ConnectivityService: ConnectivityChange for mobile: CONNECTED/CONNECTED
07-11 10:34:49.711   142   198 D ConnectivityService: ConnectivityChange for mobile: DISCONNECTED/DISCONNECTED
07-11 10:34:49.711   142   198 D ConnectivityService: Attempting to switch to WIFI
07-11 10:34:49.711   142   198 D ConnectivityService: Attempting to switch to WIMAX
07-11 10:34:49.711   142   198 D ConnectivityService: Attempting to switch to BLUETOOTH_TETHER
07-11 10:34:49.715   142   198 D NetUtils: android_net_utils_resetConnections in env=0x196a7d8 clazz=0x3c000001 iface=rmnet0 mask=0x3
07-11 10:34:49.715   142   198 D ConnectivityService: resetConnections(rmnet0, 3)
07-11 10:34:49.851 16396 19579 D dalvikvm: GC_FOR_ALLOC freed 306K, 10% free 9631K/10631K, paused 226ms
07-11 10:34:49.867 16396 19579 D dalvikvm: GC_FOR_ALLOC freed 301K, 10% free 9631K/10631K, paused 12ms
07-11 10:34:49.879 16396 19579 D dalvikvm: GC_FOR_ALLOC freed 301K, 10% free 9632K/10631K, paused 12ms
07-11 10:34:51.504   142   202 D Tethering: MasterInitialState.processMessage what=3
07-11 10:34:51.507  8163  8163 I GTalkService/c: [AndroidEndpoint@1094176448] connect: acct=1000000, state=CONNECTING
07-11 10:34:51.652   142  7413 D dalvikvm: GC_EXPLICIT freed 681K, 15% free 16034K/18695K, paused 7ms+6ms
07-11 10:34:51.668   142   536 I ActivityManager: Start proc com.google.android.apps.uploader for broadcast com.google.android.apps.uploader/.ConnectivityBroadcastReceiver: pid=19586 uid=10029 gids={3003}
07-11 10:34:51.675 19586 19586 I dalvikvm: Turning on JNI app bug workarounds for target SDK version 11...
07-11 10:34:51.707   759   761 D dalvikvm: GC_CONCURRENT freed 389K, 7% free 9565K/10183K, paused 2ms+2ms
07-11 10:34:51.730 19586 19586 I ActivityThread: Pub com.google.android.apps.uploader: com.google.android.apps.uploader.UploadsContentProvider
07-11 10:34:51.730 19586 19586 I ActivityThread: Pub com.google.photos.provider.Album: com.google.android.apps.uploader.clients.picasa.AlbumProvider
07-11 10:34:51.738 19586 19586 D MediaUploader: UploaderApplication.onCreate
07-11 10:34:51.785 19586 19586 D MediaUploader: nonWifiLimit=20971520, default=20971520
07-11 10:34:51.789 19586 19586 I MediaUploader: No need to wake up
07-11 10:34:51.804   142  5832 I ActivityManager: Start proc com.sirma.mobile.bible.android for broadcast com.sirma.mobile.bible.android/com.youversion.mobile.android.BaseActivity$BroadcastListener: pid=19604 uid=10063 gids={3003, 1015}
07-11 10:34:51.812 19604 19604 I dalvikvm: Turning on JNI app bug workarounds for target SDK version 9...
07-11 10:34:51.882   142  4986 I ActivityManager: Process com.google.android.apps.uploader (pid 19586) has died.
07-11 10:34:51.937 19604 19606 D dalvikvm: GC_CONCURRENT freed 156K, 3% free 9376K/9607K, paused 2ms+3ms
07-11 10:34:51.945 19604 19604 I ActivityThread: Pub com.youversion.mobile.android.SuggestionProvider: com.youversion.mobile.android.SearchSuggestionProvider
07-11 10:34:51.961 19604 19604 D Bible - Misc: =============== App Started ===============
07-11 10:34:52.355   142  4973 I ActivityManager: Start proc com.google.android.youtube for broadcast com.google.android.youtube/.app.prefetch.PrefetchService$DeviceStateReceiver: pid=19625 uid=10067 gids={3003, 1015, 1006}
07-11 10:34:52.382   142  5834 I ActivityManager: Process android.process.media (pid 19558) has died.
07-11 10:34:52.515 19604 19606 D dalvikvm: GC_CONCURRENT freed 316K, 5% free 9488K/9927K, paused 2ms+16ms
07-11 10:34:52.519 19604 19624 E dalvikvm: ERROR: defineClass(0x40a534d0, reflectasm.java.util.HashtableConstructorAccess, 0x413a7b48, 0, 296)
07-11 10:34:52.519 19604 19624 E dalvikvm: ERROR: defineClass(0x41368070, reflectasm.java.util.HashtableConstructorAccess, 0x413a7b48, 0, 296)
07-11 10:34:52.531 19604 19624 E dalvikvm: ERROR: defineClass(0x4132be60, com.youversion.api.objects.BookCollectionConstructorAccess, 0x413e25d8, 0, 329)
07-11 10:34:52.531 19604 19624 E dalvikvm: ERROR: defineClass(0x41377760, com.youversion.api.objects.BookCollectionConstructorAccess, 0x413e25d8, 0, 329)
07-11 10:34:52.531 19604 19624 E dalvikvm: ERROR: defineClass(0x40a534d0, reflectasm.java.util.VectorConstructorAccess, 0x413d70d0, 0, 290)
07-11 10:34:52.531 19604 19624 E dalvikvm: ERROR: defineClass(0x413d6a18, reflectasm.java.util.VectorConstructorAccess, 0x413d70d0, 0, 290)
07-11 10:34:52.531 19604 19624 E dalvikvm: ERROR: defineClass(0x4132be60, com.youversion.api.objects.BookConstructorAccess, 0x413e3390, 0, 309)
07-11 10:34:52.531 19604 19624 E dalvikvm: ERROR: defineClass(0x4132daf8, com.youversion.api.objects.BookConstructorAccess, 0x413e3390, 0, 309)
07-11 10:34:52.547 19625 19627 D dalvikvm: GC_CONCURRENT freed 154K, 3% free 9354K/9607K, paused 2ms+2ms
07-11 10:34:52.590 19625 19625 I ActivityThread: Pub com.google.android.youtube.SuggestionProvider: com.google.android.youtube.core.suggest.SuggestionProvider
07-11 10:34:52.660   142  5832 I ActivityManager: Process com.sirma.mobile.bible.android (pid 19604) has died.
07-11 10:34:52.746   142  5832 D dalvikvm: GC_FOR_ALLOC freed 397K, 15% free 16011K/18695K, paused 59ms
07-11 10:34:52.777   142   202 D Tethering: MasterInitialState.processMessage what=3
07-11 10:34:52.785   142   202 D Tethering: MasterInitialState.processMessage what=3
07-11 10:34:52.922   759   761 D dalvikvm: GC_CONCURRENT freed 397K, 7% free 9571K/10183K, paused 2ms+4ms
07-11 10:34:52.972 19625 19627 D dalvikvm: GC_CONCURRENT freed 325K, 5% free 9511K/9927K, paused 9ms+2ms
07-11 10:34:52.972 19625 19634 W CursorWrapperInner: Cursor finalized without prior close()
07-11 10:34:52.972 19625 19634 W CursorWrapperInner: Cursor finalized without prior close()
07-11 10:34:53.086 19625 19627 D dalvikvm: GC_CONCURRENT freed 260K, 4% free 9717K/10055K, paused 2ms+3ms
07-11 10:34:53.230   142  7413 I ActivityManager: Start proc com.google.android.apps.docs for broadcast com.google.android.apps.docs/.receivers.NetworkChangeReceiver: pid=19663 uid=10071 gids={3003, 1015, 1006}
07-11 10:34:53.332   142  3512 I ActivityManager: Process com.google.android.youtube (pid 19625) has died.
07-11 10:34:53.468 18730 18733 D dalvikvm: GC_CONCURRENT freed 416K, 5% free 10404K/10951K, paused 12ms+4ms
07-11 10:34:53.507 19663 19663 I PackageInfoHelper: Provided clientMode=RELEASE, packageInfo=PackageInfo{4136ce70 com.google.android.apps.docs}
07-11 10:34:53.511 19663 19663 I ActivityThread: Pub com.google.android.apps.docs.files: com.google.android.apps.docs.sync.filemanager.FileProvider
07-11 10:34:53.515 19663 19663 I ActivityThread: Pub com.google.android.apps.docs.doclist.search_suggest: com.google.android.apps.docs.doclist.DocListGlobalSearchSuggestionProvider
07-11 10:34:53.531  8163  8164 D dalvikvm: GC_CONCURRENT freed 316K, 6% free 10190K/10823K, paused 6ms+22ms
07-11 10:34:53.629 19663 19665 D dalvikvm: GC_CONCURRENT freed 225K, 4% free 9307K/9607K, paused 2ms+3ms
07-11 10:34:53.738 19663 19665 D dalvikvm: GC_CONCURRENT freed 460K, 6% free 9390K/9927K, paused 2ms+2ms
07-11 10:34:53.824 19663 19665 D dalvikvm: GC_CONCURRENT freed 480K, 6% free 9433K/9991K, paused 2ms+2ms
07-11 10:34:53.910 19663 19665 D dalvikvm: GC_CONCURRENT freed 516K, 6% free 9460K/10055K, paused 2ms+2ms
07-11 10:34:53.992 19663 19665 D dalvikvm: GC_CONCURRENT freed 469K, 6% free 9503K/10055K, paused 2ms+2ms
07-11 10:34:54.086 19663 19665 D dalvikvm: GC_CONCURRENT freed 513K, 6% free 9527K/10119K, paused 2ms+2ms
07-11 10:34:54.242 19663 19665 D dalvikvm: GC_CONCURRENT freed 378K, 5% free 9638K/10119K, paused 2ms+2ms
07-11 10:34:54.371 19663 19663 D ContextScopeImpl: in ContextScope.getContextOrDefault for thread=1
07-11 10:34:54.386 19663 19663 D ContextScopeImpl: returning application context for thread=1
07-11 10:34:54.390 19663 19665 D dalvikvm: GC_CONCURRENT freed 413K, 5% free 9755K/10247K, paused 2ms+3ms
07-11 10:34:54.394 19663 19663 I FeatureCheckerImpl: Configured disabled features: []
07-11 10:34:54.394 19663 19663 D ContextScopeImpl: in ContextScope.getContextOrDefault for thread=1
07-11 10:34:54.394 19663 19663 D ContextScopeImpl: returning application context for thread=1
07-11 10:34:54.414 19663 19663 D ContextScopeImpl: in ContextScope.enter for thread=1
07-11 10:34:54.414 19663 19663 W ContextScopeImpl: thread=1 tried to enter the scope of the application context. Ignored.
07-11 10:34:54.414 19663 19663 D ContextScopeImpl: in ContextScope.getContextOrDefault for thread=1
07-11 10:34:54.414 19663 19663 D ContextScopeImpl: returning application context for thread=1
07-11 10:34:54.418 19663 19663 D DocListDatabase: openHelper points on new database: DocList.db
07-11 10:34:54.418 19663 19663 D DocListDatabase: in openWriteDatabase
07-11 10:34:54.425 19663 19663 I ActivityThread: Pub com.google.android.apps.docs.doclist.account_suggest: com.google.android.apps.docs.doclist.DocListAccountSuggestionProvider
07-11 10:34:54.425 19663 19663 D ContextScopeImpl: in ContextScope.enter for thread=1
07-11 10:34:54.425 19663 19663 W ContextScopeImpl: thread=1 tried to enter the scope of the application context. Ignored.
07-11 10:34:54.425 19663 19663 I ActivityThread: Pub com.google.android.apps.docs: com.google.android.apps.docs.providers.DocListProvider
07-11 10:34:54.425 19663 19663 D ContextScopeImpl: in ContextScope.enter for thread=1
07-11 10:34:54.425 19663 19663 W ContextScopeImpl: thread=1 tried to enter the scope of the application context. Ignored.
07-11 10:34:54.433 19663 19663 W ContextScopeImpl: thread=1 tried to enter the scope of the application context. Ignored.
07-11 10:34:54.441 19663 19681 W ContextScopeImpl: thread=1806 tried to enter the scope of the application context. Ignored.
07-11 10:34:54.476 19663 19663 W ContextScopeImpl: thread=1 tried to enter the scope of the application context. Ignored.
07-11 10:34:54.500   142  4973 I ActivityManager: Start proc com.google.android.apps.plus for broadcast com.google.android.apps.plus/com.google.android.picasasync.ConnectivityReceiver: pid=19684 uid=10057 gids={3003, 3002, 1015, 1006}
07-11 10:34:54.535   142  7413 I ActivityManager: Process com.google.android.apps.docs (pid 19663) has died.
07-11 10:34:54.668   142  7413 D dalvikvm: GC_FOR_ALLOC freed 405K, 15% free 16020K/18695K, paused 102ms
07-11 10:34:54.707 19684 19686 D dalvikvm: GC_CONCURRENT freed 162K, 3% free 9370K/9607K, paused 6ms+2ms
07-11 10:34:54.859 19684 19684 I ActivityThread: Pub com.google.android.apps.plus.content.ApiProvider: com.google.android.apps.plus.content.EsApiProvider
07-11 10:34:54.875   142   198 D ConnectivityService: handleInetConditionHoldEnd: net=1, condition=100, published condition=0
07-11 10:34:54.910 19684 19684 I ActivityThread: Pub com.google.android.apps.plus.content.EsGooglePhotoProvider: com.google.android.picasasync.PicasaContentProvider
07-11 10:34:55.043 16396 16396 I PhoneLab-: 1342017180514.log is deleted
07-11 10:34:55.043 16396 16396 I PhoneLab-: Response: {"data": "done", "err": ""}
07-11 10:34:55.090 16396 16396 I PhoneLab-UploadLogs: No log files to transfer
07-11 10:34:55.090 16396 16396 I PhoneLab-Locks: wake lock released
07-11 10:34:55.129 19684 19686 D dalvikvm: GC_CONCURRENT freed 336K, 5% free 9576K/9991K, paused 2ms+2ms
07-11 10:34:55.152 19684 19684 I ActivityThread: Pub com.google.android.apps.plus.content.EsPicasaStoreProvider: com.google.android.picasastore.PicasaPhotoContentProvider
07-11 10:34:55.156 19684 19684 I ActivityThread: Pub com.google.plus.platform: com.google.android.apps.plus.content.AdsProvider
07-11 10:34:55.160 19684 19684 I ActivityThread: Pub com.google.android.apps.plus.iu.EsGoogleIuProvider: com.google.android.apps.plus.iu.InstantUploadProvider
07-11 10:34:55.215 19684 19686 D dalvikvm: GC_CONCURRENT freed 498K, 6% free 9606K/10183K, paused 1ms+2ms
07-11 10:34:55.218 19684 19684 I ActivityThread: Pub com.google.android.apps.plus.content.EsProvider: com.google.android.apps.plus.content.EsProvider
07-11 10:34:55.238   142  4570 I ActivityManager: Start proc android.process.media for content provider com.android.providers.media/.MediaProvider: pid=19700 uid=10012 gids={1015, 1023, 1024, 2001, 3003, 3007}
07-11 10:34:55.273 19700 19700 I ActivityThread: Pub downloads: com.android.providers.downloads.DownloadProvider
07-11 10:34:55.297 19700 19700 I ActivityThread: Pub drm: com.android.providers.drm.DrmProvider
07-11 10:34:55.300 19700 19714 I DownloadManager: in removeSpuriousFiles
07-11 10:34:55.304 19700 19700 I ActivityThread: Pub media: com.android.providers.media.MediaProvider
07-11 10:34:55.332 19700 19714 I DownloadManager: in removeSpuriousFiles, preserving file /mnt/sdcard/Download/session7chandler.mp3
07-11 10:34:55.332 19700 19714 I DownloadManager: in removeSpuriousFiles, preserving file /data/data/com.android.providers.downloads/cache/metadata.json
07-11 10:34:55.332 19700 19714 I DownloadManager: in removeSpuriousFiles, preserving file /data/data/com.android.providers.downloads/cache/metadata-1.json
07-11 10:34:55.332 19700 19714 I DownloadManager: in removeSpuriousFiles, preserving file /mnt/sdcard/Download/2012TOBFestivalguide_WEBLoRes.pdf
07-11 10:34:55.332 19700 19714 I DownloadManager: in removeSpuriousFiles, preserving file /mnt/sdcard/Download/2012TOBFestivalguide_WEBMenuMap.pdf
07-11 10:34:55.336 19700 19714 I DownloadManager: deleting spurious file /cache/backup
07-11 10:34:55.386   142  5832 I ActivityManager: Start proc com.sirma.mobile.bible.android for broadcast com.sirma.mobile.bible.android/com.youversion.mobile.android.appwidget.ReadingPlanAppWidgetProvider: pid=19717 uid=10063 gids={3003, 1015}
07-11 10:34:55.398 19717 19717 I dalvikvm: Turning on JNI app bug workarounds for target SDK version 9...
07-11 10:34:55.543 19700 19703 D dalvikvm: GC_CONCURRENT freed 370K, 5% free 9161K/9607K, paused 21ms+2ms
07-11 10:34:55.554 19717 19721 D dalvikvm: GC_CONCURRENT freed 169K, 3% free 9363K/9607K, paused 7ms+7ms
07-11 10:34:55.566 19717 19717 I ActivityThread: Pub com.youversion.mobile.android.SuggestionProvider: com.youversion.mobile.android.SearchSuggestionProvider
07-11 10:34:55.593 19717 19717 D Bible - Misc: =============== App Started ===============
07-11 10:34:55.675 19684 19719 D PicasaSync: sync account database
07-11 10:34:55.961 19684 19686 D dalvikvm: GC_CONCURRENT freed 291K, 4% free 9872K/10247K, paused 14ms+3ms
07-11 10:34:56.043   142  4986 I ActivityManager: Start proc com.google.android.apps.uploader for broadcast com.google.android.apps.uploader/.ConnectivityBroadcastReceiver: pid=19744 uid=10029 gids={3003}
07-11 10:34:56.054 19744 19744 I dalvikvm: Turning on JNI app bug workarounds for target SDK version 11...
07-11 10:34:56.105 19744 19744 I ActivityThread: Pub com.google.android.apps.uploader: com.google.android.apps.uploader.UploadsContentProvider
07-11 10:34:56.105 19744 19744 I ActivityThread: Pub com.google.photos.provider.Album: com.google.android.apps.uploader.clients.picasa.AlbumProvider
07-11 10:34:56.109   142   541 I ActivityManager: Process com.google.android.apps.plus (pid 19684) has died.
07-11 10:34:56.136 19744 19744 D MediaUploader: UploaderApplication.onCreate
07-11 10:34:56.172 19744 19744 D MediaUploader: nonWifiLimit=20971520, default=20971520
07-11 10:34:56.175 19744 19744 I MediaUploader: No need to wake up
07-11 10:34:56.234 19717 19721 D dalvikvm: GC_CONCURRENT freed 347K, 5% free 9500K/9927K, paused 2ms+9ms
07-11 10:34:56.257   142   154 I ActivityManager: Start proc com.google.android.youtube for broadcast com.google.android.youtube/.app.prefetch.PrefetchService$DeviceStateReceiver: pid=19761 uid=10067 gids={3003, 1015, 1006}
07-11 10:34:56.293 19717 19742 E dalvikvm: ERROR: defineClass(0x40a534d0, reflectasm.java.util.HashtableConstructorAccess, 0x413b32a8, 0, 296)
07-11 10:34:56.293 19717 19742 E dalvikvm: ERROR: defineClass(0x4132ea00, reflectasm.java.util.HashtableConstructorAccess, 0x413b32a8, 0, 296)
07-11 10:34:56.355 19717 19742 E dalvikvm: ERROR: defineClass(0x41330458, com.youversion.api.objects.BookCollectionConstructorAccess, 0x413c2528, 0, 329)
07-11 10:34:56.355 19717 19742 E dalvikvm: ERROR: defineClass(0x413328a8, com.youversion.api.objects.BookCollectionConstructorAccess, 0x413c2528, 0, 329)
07-11 10:34:56.359 19717 19742 E dalvikvm: ERROR: defineClass(0x40a534d0, reflectasm.java.util.VectorConstructorAccess, 0x413a3be0, 0, 290)
07-11 10:34:56.359 19717 19742 E dalvikvm: ERROR: defineClass(0x413e80f0, reflectasm.java.util.VectorConstructorAccess, 0x413a3be0, 0, 290)
07-11 10:34:56.359 19717 19742 E dalvikvm: ERROR: defineClass(0x41330458, com.youversion.api.objects.BookConstructorAccess, 0x413ddf18, 0, 309)
07-11 10:34:56.359 19717 19742 E dalvikvm: ERROR: defineClass(0x413550e0, com.youversion.api.objects.BookConstructorAccess, 0x413ddf18, 0, 309)
07-11 10:34:56.406 19761 19763 D dalvikvm: GC_CONCURRENT freed 172K, 3% free 9356K/9607K, paused 2ms+2ms
07-11 10:34:56.468   142  5834 I ActivityManager: Process android.process.media (pid 19700) has died.
07-11 10:34:56.476 19761 19761 I ActivityThread: Pub com.google.android.youtube.SuggestionProvider: com.google.android.youtube.core.suggest.SuggestionProvider
07-11 10:34:56.550   142  5834 D dalvikvm: GC_FOR_ALLOC freed 473K, 15% free 16024K/18695K, paused 54ms
07-11 10:34:56.746   142   298 I ActivityManager: Process com.google.android.apps.uploader (pid 19744) has died.
07-11 10:34:56.863 19761 19763 D dalvikvm: GC_CONCURRENT freed 328K, 4% free 9580K/9927K, paused 9ms+3ms
07-11 10:34:56.863 19761 19770 W CursorWrapperInner: Cursor finalized without prior close()
07-11 10:34:56.863 19761 19770 W CursorWrapperInner: Cursor finalized without prior close()
07-11 10:34:56.988 19717 19742 E dalvikvm: ERROR: defineClass(0x41330458, com.youversion.api.internal.Chapter$AudioInfoConstructorAccess, 0x413cd228, 0, 337)
07-11 10:34:56.992 19717 19742 E dalvikvm: ERROR: defineClass(0x413cbd70, com.youversion.api.internal.Chapter$AudioInfoConstructorAccess, 0x413cd228, 0, 337)
07-11 10:34:57.000 19717 19742 E dalvikvm: ERROR: defineClass(0x41330458, com.youversion.api.objects.AudioBibleInfoConstructorAccess, 0x413d0138, 0, 329)
07-11 10:34:57.000 19717 19742 E dalvikvm: ERROR: defineClass(0x413cec58, com.youversion.api.objects.AudioBibleInfoConstructorAccess, 0x413d0138, 0, 329)
07-11 10:34:57.047 19761 19763 D dalvikvm: GC_CONCURRENT freed 299K, 4% free 9738K/10119K, paused 4ms+2ms
07-11 10:34:57.097   142  5834 I ActivityManager: Start proc com.google.android.apps.docs for broadcast com.google.android.apps.docs/.receivers.NetworkChangeReceiver: pid=19799 uid=10071 gids={3003, 1015, 1006}
07-11 10:34:57.172    79    79 D dalvikvm: GC_EXPLICIT freed 38K, 4% free 9027K/9347K, paused 7ms+13ms
07-11 10:34:57.203    79    79 D dalvikvm: GC_EXPLICIT freed <1K, 4% free 9027K/9347K, paused 2ms+5ms
07-11 10:34:57.242    79    79 D dalvikvm: GC_EXPLICIT freed <1K, 4% free 9027K/9347K, paused 1ms+6ms
07-11 10:34:57.277   142   298 I ActivityManager: Process com.sirma.mobile.bible.android (pid 19717) has died.
07-11 10:34:57.277   142   298 W ActivityManager: Scheduling restart of crashed service com.sirma.mobile.bible.android/com.youversion.mobile.android.appwidget.UpdateService in 15879ms
07-11 10:34:57.363   142   298 D dalvikvm: GC_FOR_ALLOC freed 349K, 15% free 16017K/18695K, paused 62ms
07-11 10:34:57.363 19799 19799 I PackageInfoHelper: Provided clientMode=RELEASE, packageInfo=PackageInfo{41372188 com.google.android.apps.docs}
07-11 10:34:57.363 19799 19799 I ActivityThread: Pub com.google.android.apps.docs.files: com.google.android.apps.docs.sync.filemanager.FileProvider
07-11 10:34:57.367 19799 19799 I ActivityThread: Pub com.google.android.apps.docs.doclist.search_suggest: com.google.android.apps.docs.doclist.DocListGlobalSearchSuggestionProvider
07-11 10:34:57.488 19799 19801 D dalvikvm: GC_CONCURRENT freed 226K, 4% free 9306K/9607K, paused 2ms+2ms
07-11 10:34:57.605 19799 19801 D dalvikvm: GC_CONCURRENT freed 395K, 5% free 9455K/9927K, paused 2ms+2ms
07-11 10:34:57.699 19799 19801 D dalvikvm: GC_CONCURRENT freed 541K, 7% free 9436K/10055K, paused 1ms+2ms
07-11 10:34:57.804 19799 19801 D dalvikvm: GC_CONCURRENT freed 483K, 6% free 9464K/10055K, paused 2ms+2ms
07-11 10:34:57.882 19799 19801 D dalvikvm: GC_CONCURRENT freed 505K, 6% free 9470K/10055K, paused 1ms+2ms
07-11 10:34:57.965 19799 19801 D dalvikvm: GC_CONCURRENT freed 527K, 6% free 9513K/10119K, paused 1ms+2ms
07-11 10:34:58.078 19799 19801 D dalvikvm: GC_CONCURRENT freed 366K, 6% free 9606K/10119K, paused 2ms+2ms
07-11 10:34:58.160   142   344 I ActivityManager: Process com.google.android.youtube (pid 19761) has died.
07-11 10:34:58.222 19799 19801 D dalvikvm: GC_CONCURRENT freed 417K, 5% free 9755K/10247K, paused 1ms+3ms
07-11 10:34:58.222 19799 19799 D ContextScopeImpl: in ContextScope.getContextOrDefault for thread=1
07-11 10:34:58.222 19799 19799 D ContextScopeImpl: returning application context for thread=1
07-11 10:34:58.230 19799 19799 I FeatureCheckerImpl: Configured disabled features: []
07-11 10:34:58.234 19799 19799 D ContextScopeImpl: in ContextScope.getContextOrDefault for thread=1
07-11 10:34:58.234 19799 19799 D ContextScopeImpl: returning application context for thread=1
07-11 10:34:58.250 19799 19799 D ContextScopeImpl: in ContextScope.enter for thread=1
07-11 10:34:58.250 19799 19799 W ContextScopeImpl: thread=1 tried to enter the scope of the application context. Ignored.
07-11 10:34:58.250 19799 19799 D ContextScopeImpl: in ContextScope.getContextOrDefault for thread=1
07-11 10:34:58.250 19799 19799 D ContextScopeImpl: returning application context for thread=1
07-11 10:34:58.254 19799 19799 D DocListDatabase: openHelper points on new database: DocList.db
07-11 10:34:58.254 19799 19799 D DocListDatabase: in openWriteDatabase
07-11 10:34:58.261 19799 19799 I ActivityThread: Pub com.google.android.apps.docs.doclist.account_suggest: com.google.android.apps.docs.doclist.DocListAccountSuggestionProvider
07-11 10:34:58.261 19799 19799 D ContextScopeImpl: in ContextScope.enter for thread=1
07-11 10:34:58.261 19799 19799 W ContextScopeImpl: thread=1 tried to enter the scope of the application context. Ignored.
07-11 10:34:58.261 19799 19799 I ActivityThread: Pub com.google.android.apps.docs: com.google.android.apps.docs.providers.DocListProvider
07-11 10:34:58.261 19799 19799 D ContextScopeImpl: in ContextScope.enter for thread=1
07-11 10:34:58.261 19799 19799 W ContextScopeImpl: thread=1 tried to enter the scope of the application context. Ignored.
07-11 10:34:58.265 19799 19799 W ContextScopeImpl: thread=1 tried to enter the scope of the application context. Ignored.
07-11 10:34:58.273 19799 19813 W ContextScopeImpl: thread=1824 tried to enter the scope of the application context. Ignored.
07-11 10:34:58.312 19799 19799 W ContextScopeImpl: thread=1 tried to enter the scope of the application context. Ignored.
07-11 10:34:58.328   142  7413 I ActivityManager: Start proc com.google.android.apps.plus for broadcast com.google.android.apps.plus/com.google.android.picasasync.ConnectivityReceiver: pid=19816 uid=10057 gids={3003, 3002, 1015, 1006}
07-11 10:34:58.480 19816 19818 D dalvikvm: GC_CONCURRENT freed 149K, 3% free 9383K/9607K, paused 1ms+2ms
07-11 10:34:58.566   142   344 I ActivityManager: Process com.google.android.apps.docs (pid 19799) has died.
07-11 10:34:58.625 19816 19816 I ActivityThread: Pub com.google.android.apps.plus.content.ApiProvider: com.google.android.apps.plus.content.EsApiProvider
07-11 10:34:58.648 19816 19816 I ActivityThread: Pub com.google.android.apps.plus.content.EsGooglePhotoProvider: com.google.android.picasasync.PicasaContentProvider
07-11 10:34:58.683   142   344 D dalvikvm: GC_FOR_ALLOC freed 310K, 15% free 16013K/18695K, paused 88ms
07-11 10:34:58.718 19816 19818 D dalvikvm: GC_CONCURRENT freed 336K, 5% free 9577K/9991K, paused 1ms+2ms
07-11 10:34:58.742 19816 19816 I ActivityThread: Pub com.google.android.apps.plus.content.EsPicasaStoreProvider: com.google.android.picasastore.PicasaPhotoContentProvider
07-11 10:34:58.754 19816 19816 I ActivityThread: Pub com.google.plus.platform: com.google.android.apps.plus.content.AdsProvider
07-11 10:34:58.754 19816 19816 I ActivityThread: Pub com.google.android.apps.plus.iu.EsGoogleIuProvider: com.google.android.apps.plus.iu.InstantUploadProvider
07-11 10:34:58.800 19816 19818 D dalvikvm: GC_CONCURRENT freed 499K, 6% free 9606K/10183K, paused 1ms+2ms
07-11 10:34:58.804 19816 19816 I ActivityThread: Pub com.google.android.apps.plus.content.EsProvider: com.google.android.apps.plus.content.EsProvider
07-11 10:34:58.828   142  7413 I ActivityManager: Start proc android.process.media for content provider com.android.providers.media/.MediaProvider: pid=19832 uid=10012 gids={1015, 1023, 1024, 2001, 3003, 3007}
07-11 10:34:58.871 19832 19832 I ActivityThread: Pub downloads: com.android.providers.downloads.DownloadProvider
07-11 10:34:58.882 19832 19832 I ActivityThread: Pub drm: com.android.providers.drm.DrmProvider
07-11 10:34:58.886 19832 19832 I ActivityThread: Pub media: com.android.providers.media.MediaProvider
07-11 10:34:58.890 19832 19846 I DownloadManager: in removeSpuriousFiles
07-11 10:34:58.910 19832 19846 I DownloadManager: in removeSpuriousFiles, preserving file /mnt/sdcard/Download/session7chandler.mp3
07-11 10:34:58.910 19832 19846 I DownloadManager: in removeSpuriousFiles, preserving file /data/data/com.android.providers.downloads/cache/metadata.json
07-11 10:34:58.910 19832 19846 I DownloadManager: in removeSpuriousFiles, preserving file /data/data/com.android.providers.downloads/cache/metadata-1.json
07-11 10:34:58.910 19832 19846 I DownloadManager: in removeSpuriousFiles, preserving file /mnt/sdcard/Download/2012TOBFestivalguide_WEBLoRes.pdf
07-11 10:34:58.910 19832 19846 I DownloadManager: in removeSpuriousFiles, preserving file /mnt/sdcard/Download/2012TOBFestivalguide_WEBMenuMap.pdf
07-11 10:34:58.910 19832 19846 I DownloadManager: deleting spurious file /cache/backup
07-11 10:34:59.011 19816 19849 D PicasaSync: sync account database
07-11 10:34:59.164 19832 19835 D dalvikvm: GC_CONCURRENT freed 336K, 5% free 9196K/9607K, paused 5ms+5ms
07-11 10:34:59.203   142   153 I ActivityManager: Process com.google.android.apps.plus (pid 19816) has died.
07-11 10:34:59.277   142   346 I ActivityManager: Start proc com.google.android.apps.uploader for broadcast com.google.android.apps.uploader/.ConnectivityBroadcastReceiver: pid=19854 uid=10029 gids={3003}
07-11 10:34:59.285 19854 19854 I dalvikvm: Turning on JNI app bug workarounds for target SDK version 11...
07-11 10:34:59.308 19854 19854 I ActivityThread: Pub com.google.android.apps.uploader: com.google.android.apps.uploader.UploadsContentProvider
07-11 10:34:59.308 19854 19854 I ActivityThread: Pub com.google.photos.provider.Album: com.google.android.apps.uploader.clients.picasa.AlbumProvider
07-11 10:34:59.312 19854 19854 D MediaUploader: UploaderApplication.onCreate
07-11 10:34:59.328 19854 19854 D MediaUploader: nonWifiLimit=20971520, default=20971520
07-11 10:34:59.332 19854 19854 I MediaUploader: No need to wake up
07-11 10:34:59.347   142   344 I ActivityManager: Start proc com.sirma.mobile.bible.android for broadcast com.sirma.mobile.bible.android/com.youversion.mobile.android.BaseActivity$BroadcastListener: pid=19870 uid=10063 gids={3003, 1015}
07-11 10:34:59.355 19870 19870 I dalvikvm: Turning on JNI app bug workarounds for target SDK version 9...
07-11 10:34:59.433   142   536 D dalvikvm: GC_EXPLICIT freed 413K, 15% free 16019K/18695K, paused 2ms+5ms
07-11 10:34:59.539 19870 19872 D dalvikvm: GC_CONCURRENT freed 159K, 3% free 9374K/9607K, paused 2ms+3ms
07-11 10:34:59.543 19870 19870 I ActivityThread: Pub com.youversion.mobile.android.SuggestionProvider: com.youversion.mobile.android.SearchSuggestionProvider
07-11 10:34:59.562   142   346 I ActivityManager: Process com.google.android.apps.uploader (pid 19854) has died.
07-11 10:34:59.570 19870 19870 D Bible - Misc: =============== App Started ===============
07-11 10:34:59.961   142  1095 I ActivityManager: Start proc com.google.android.youtube for broadcast com.google.android.youtube/.app.prefetch.PrefetchService$DeviceStateReceiver: pid=19891 uid=10067 gids={3003, 1015, 1006}
07-11 10:35:00.078   142   344 I ActivityManager: Process com.sirma.mobile.bible.android (pid 19870) has died.
07-11 10:35:00.090 19891 19891 I ActivityThread: Pub com.google.android.youtube.SuggestionProvider: com.google.android.youtube.core.suggest.SuggestionProvider
07-11 10:35:00.113 19891 19893 D dalvikvm: GC_CONCURRENT freed 169K, 3% free 9363K/9607K, paused 2ms+13ms
07-11 10:35:00.238  8163  9520 D dalvikvm: GC_EXPLICIT freed 267K, 6% free 10195K/10823K, paused 5ms+3ms
07-11 10:35:00.336 19891 19893 D dalvikvm: GC_CONCURRENT freed 343K, 5% free 9573K/9991K, paused 2ms+3ms
07-11 10:35:00.340 19891 19900 W CursorWrapperInner: Cursor finalized without prior close()
07-11 10:35:00.340 19891 19900 W CursorWrapperInner: Cursor finalized without prior close()
07-11 10:35:00.465   142  1095 I ActivityManager: Start proc com.google.android.apps.docs for broadcast com.google.android.apps.docs/.receivers.NetworkChangeReceiver: pid=19929 uid=10071 gids={3003, 1015, 1006}
