I/PhoneLab-LoggerService(23702): app_36    12216 1     1724   1284  c00f181c 400107b4 S logcat
I/PhoneLab-LoggerService(23702): Logcat pid from database 12216
I/PhoneLab-LoggerService(23702): Logcat process found 12216
I/PhoneLab-LoggerService(23702): Checking Threshold
W/ActivityManager(  155): finishReceiver called but no pending broadcasts
D/dalvikvm(26287): GC_CONCURRENT freed 465K, 11% free 10562K/11847K, paused 2ms+3ms
W/ActivityManager(  155): finishReceiver called but no pending broadcasts
D/dalvikvm(26287): GC_CONCURRENT freed 514K, 11% free 10560K/11847K, paused 2ms+3ms
W/ActivityManager(  155): finishReceiver called but no pending broadcasts
D/dalvikvm(26287): GC_CONCURRENT freed 518K, 11% free 10554K/11847K, paused 1ms+3ms
W/ActivityManager(  155): finishReceiver called but no pending broadcasts
D/dalvikvm(26287): GC_CONCURRENT freed 565K, 12% free 10501K/11847K, paused 14ms+3ms
I/PhoneLab-(23702): Service Running
I/PhoneLab-LoggerService(23702): app_36    12216 1     1724   1284  c00f181c 400107b4 S logcat
I/PhoneLab-LoggerService(23702): Logcat pid from database 12216
I/PhoneLab-LoggerService(23702): Logcat process found 12216
I/PhoneLab-LoggerService(23702): Checking Threshold
D/dalvikvm(23719): GC_CONCURRENT freed 559K, 7% free 11028K/11847K, paused 15ms+9ms
D/dalvikvm(26287): GC_CONCURRENT freed 488K, 13% free 10399K/11847K, paused 12ms+2ms
W/ActivityManager(  155): finishReceiver called but no pending broadcasts
D/dalvikvm(26287): GC_CONCURRENT freed 374K, 12% free 10536K/11847K, paused 2ms+2ms
W/ActivityManager(  155): finishReceiver called but no pending broadcasts
D/dalvikvm(26287): GC_CONCURRENT freed 514K, 12% free 10533K/11847K, paused 2ms+2ms
W/ActivityManager(  155): finishReceiver called but no pending broadcasts
D/dalvikvm(26287): GC_CONCURRENT freed 515K, 12% free 10529K/11847K, paused 2ms+3ms
D/dalvikvm(  337): GC_EXPLICIT freed 138K, 59% free 9737K/23303K, paused 2ms+4ms
D/dalvikvm(  337): GC_FOR_ALLOC freed 368K, 59% free 9730K/23303K, paused 21ms
D/dalvikvm(  337): GC_CONCURRENT freed 320K, 58% free 9869K/23303K, paused 2ms+4ms
D/dalvikvm(  337): GC_CONCURRENT freed 514K, 59% free 9761K/23303K, paused 2ms+3ms
D/dalvikvm(16853): GC_CONCURRENT freed 512K, 6% free 10576K/11207K, paused 9ms+10ms
D/dalvikvm(26287): GC_CONCURRENT freed 510K, 12% free 10507K/11847K, paused 2ms+3ms
D/dalvikvm(26287): GC_CONCURRENT freed 122K, 10% free 10774K/11847K, paused 35ms+2ms
D/dalvikvm(26287): GC_CONCURRENT freed 342K, 8% free 10990K/11847K, paused 9ms+2ms
D/dalvikvm(26287): GC_CONCURRENT freed 769K, 10% free 10752K/11847K, paused 22ms+2ms
D/dalvikvm(26287): GC_CONCURRENT freed 336K, 8% free 10937K/11847K, paused 2ms+3ms
D/dalvikvm(26287): GC_CONCURRENT freed 729K, 10% free 10721K/11847K, paused 9ms+3ms
D/dalvikvm(26287): GC_CONCURRENT freed 312K, 8% free 10972K/11847K, paused 2ms+3ms
I/PhoneLab-(23702): Service Running
I/PhoneLab-LoggerService(23702): app_36    12216 1     1724   1284  c00f181c 400107b4 S logcat
I/PhoneLab-LoggerService(23702): Logcat pid from database 12216
I/PhoneLab-LoggerService(23702): Logcat process found 12216
I/PhoneLab-LoggerService(23702): Checking Threshold
I/PhoneLab-(23702): Service Running
I/PhoneLab-LoggerService(23702): app_36    12216 1     1724   1284  c00f181c 400107b4 S logcat
I/PhoneLab-LoggerService(23702): Logcat pid from database 12216
I/PhoneLab-LoggerService(23702): Logcat process found 12216
I/PhoneLab-LoggerService(23702): Checking Threshold
D/dalvikvm(26287): GC_CONCURRENT freed 796K, 10% free 10702K/11847K, paused 21ms+3ms
D/dalvikvm(26287): GC_CONCURRENT freed 258K, 8% free 10972K/11847K, paused 2ms+3ms
D/dalvikvm(26287): GC_CONCURRENT freed 815K, 10% free 10682K/11847K, paused 2ms+2ms
D/dalvikvm(26287): GC_CONCURRENT freed 258K, 8% free 10933K/11847K, paused 2ms+2ms
D/dalvikvm(26287): GC_CONCURRENT freed 807K, 11% free 10642K/11847K, paused 8ms+6ms
D/dalvikvm(  155): GC_CONCURRENT freed 1438K, 19% free 16375K/20167K, paused 20ms+11ms
D/dalvikvm(  155): GC_EXPLICIT freed 263K, 21% free 16112K/20167K, paused 2ms+6ms
D/dalvikvm(26287): GC_CONCURRENT freed 236K, 8% free 10921K/11847K, paused 2ms+2ms
I/wpa_supplicant(  302): wlan0: CTRL-EVENT-DISCONNECTED bssid=f4:6d:04:6d:25:46 reason=0
D/CommandListener(   75): Clearing all IP addresses on wlan0
D/ConnectivityService(  155): ConnectivityChange for WIFI: DISCONNECTED/DISCONNECTED
D/ConnectivityService(  155): Attempting to switch to mobile
D/ConnectivityService(  155): Attempting to switch to WIMAX
D/ConnectivityService(  155): Attempting to switch to BLUETOOTH_TETHER
E/ConnectivityService(  155): Exception trying to remove a route: java.lang.IllegalStateException: Unable to communicate with native dameon to add routes - com.android.server.NativeDaemonConnectorException: Cmd {interface route remove wlan0 default 192.168.1.1 32 0.0.0.0} failed with code 400 : {Failed to remove route from default table (No such process)}
E/ConnectivityService(  155): Exception trying to remove a route: java.lang.IllegalStateException: Unable to communicate with native dameon to add routes - com.android.server.NativeDaemonConnectorException: Cmd {interface route remove wlan0 default 0.0.0.0 0 192.168.1.1} failed with code 400 : {Failed to remove route from default table (No such process)}
D/NetUtils(  155): android_net_utils_resetConnections in env=0x1aa76f0 clazz=0x3a00001 iface=wlan0 mask=0x3
D/ConnectivityService(  155): resetConnections(wlan0, 3)
W/Smack/Packet(16853): notify conn break (IOEx), close connection
I/qtaguid (16853): Failed write_ctrl(u 82) res=-1 errno=22
I/qtaguid (16853): Untagging socket 82 failed errno=-22
W/NetworkManagementSocketTagger(16853): untagSocket(82) failed with errno -22
D/ConnectivityService(  155): handleInetConditionChange: no active default network - ignore
D/dalvikvm(26287): GC_CONCURRENT freed 839K, 11% free 10591K/11847K, paused 48ms+3ms
D/Tethering(  155): MasterInitialState.processMessage what=3
D/dalvikvm(22836): GC_FOR_ALLOC freed 476K, 8% free 10509K/11335K, paused 44ms
I/ActivityManager(  155): Start proc com.google.android.apps.uploader for broadcast com.google.android.apps.uploader/.ConnectivityBroadcastReceiver: pid=26755 uid=10029 gids={3003}
D/dalvikvm(   79): GC_EXPLICIT freed 37K, 4% free 9031K/9347K, paused 3ms+4ms
I/dalvikvm(26755): Turning on JNI app bug workarounds for target SDK version 11...
D/dalvikvm(   79): GC_EXPLICIT freed <1K, 4% free 9031K/9347K, paused 2ms+5ms
D/dalvikvm(   79): GC_EXPLICIT freed <1K, 4% free 9031K/9347K, paused 3ms+2ms
I/ActivityThread(26755): Pub com.google.android.apps.uploader: com.google.android.apps.uploader.UploadsContentProvider
I/ActivityThread(26755): Pub com.google.photos.provider.Album: com.google.android.apps.uploader.clients.picasa.AlbumProvider
D/MediaUploader(26755): UploaderApplication.onCreate
D/MediaUploader(26755): nonWifiLimit=20971520, default=20971520
I/MediaUploader(26755): No need to wake up
I/PhoneLab-WiFiReceiver(23702): Wi-Fi is disconnected!
I/ActivityManager(  155): Start proc com.google.android.youtube for broadcast com.google.android.youtube/.app.prefetch.PrefetchService$DeviceStateReceiver: pid=26771 uid=10067 gids={3003, 1015, 1006}
D/dalvikvm(26771): GC_CONCURRENT freed 147K, 3% free 9367K/9607K, paused 21ms+3ms
I/ActivityManager(  155): Process com.google.android.apps.genie.geniewidget (pid 25641) has died.
I/ActivityThread(26771): Pub com.google.android.youtube.SuggestionProvider: com.google.android.youtube.core.suggest.SuggestionProvider
