06-10 17:48:38.988  8314  8327 I PhoneLab-LoggerService: app_38    6772  1     1716   1276  c00f181c 400107b4 S logcat
06-10 17:48:38.988  8314  8327 I PhoneLab-LoggerService: Logcat pid from database 6772
06-10 17:48:38.988  8314  8327 I PhoneLab-LoggerService: Logcat process found 6772
06-10 17:48:38.988  8314  8327 I PhoneLab-LoggerService: Checking Threshold
06-10 17:48:38.988  8314  8327 I PhoneLab-: Service Running
06-10 17:49:14.050  8314  8327 I PhoneLab-LoggerService: app_38    6772  1     1716   1276  c00f181c 400107b4 S logcat
06-10 17:49:14.050  8314  8327 I PhoneLab-LoggerService: Logcat pid from database 6772
06-10 17:49:14.050  8314  8327 I PhoneLab-LoggerService: Logcat process found 6772
06-10 17:49:14.050  8314  8327 I PhoneLab-LoggerService: Checking Threshold
06-10 17:49:14.050  8314  8327 I PhoneLab-: Service Running
06-10 17:49:14.082  8314  8327 I PhoneLab-LoggerService: app_38    6772  1     1716   1276  c00f181c 400107b4 S logcat
06-10 17:49:14.082  8314  8327 I PhoneLab-LoggerService: Logcat pid from database 6772
06-10 17:49:14.082  8314  8327 I PhoneLab-LoggerService: Logcat process found 6772
06-10 17:49:14.086  8314  8327 I PhoneLab-LoggerService: Checking Threshold
06-10 17:51:22.086   151   167 I power   : *** set_screen_state 1
06-10 17:51:22.129   151   201 I WindowManager: Lock screen displayed!
06-10 17:51:22.129   389   389 W PowerUI : unknown intent: Intent { act=android.intent.action.ACTION_POWER_CONNECTED flg=0x10000010 }
06-10 17:51:22.226  8314  8314 I PhoneLab-PowerOnReceiver: Power is plugged in!
06-10 17:51:22.226  8314  8314 I PhoneLab-PowerOnReceiver: Rescheduling periodic checking...
06-10 17:51:22.308    79   118 D SurfaceFlinger: Screen about to return, flinger = 0x1061918
06-10 17:51:22.343  8314  8314 I PhoneLab-Locks: wake lock acquired
06-10 17:51:22.375  8314  8314 I PhoneLab-UploadLogs: Transfering log files now
06-10 17:51:22.375  8314  8314 I PhoneLab-UploadLogs: No log files to transfer
06-10 17:51:22.375  8314  8314 I PhoneLab-Locks: wake lock released
06-10 17:51:22.379  8314  8314 I PhoneLab-UploadLogs: OnStartCommand
06-10 17:51:22.632   389   391 D dalvikvm: GC_CONCURRENT freed 796K, 19% free 11173K/13639K, paused 14ms+19ms
06-10 17:51:22.879   389   391 D dalvikvm: GC_CONCURRENT freed 755K, 19% free 11105K/13639K, paused 2ms+14ms
06-10 17:51:23.070   151  1035 I ActivityManager: Process com.google.android.apps.maps:NetworkLocationService (pid 11172) has died.
06-10 17:51:23.074   151  1035 W ActivityManager: Scheduling restart of crashed service com.google.android.apps.maps/com.google.android.location.internal.server.NetworkLocationService in 5000ms
06-10 17:51:23.578  9354  9366 D dalvikvm: GC_EXPLICIT freed 306K, 6% free 9876K/10503K, paused 2ms+12ms
06-10 17:51:28.156   151   168 I ActivityManager: Start proc com.google.android.apps.maps:NetworkLocationService for service com.google.android.apps.maps/com.google.android.location.internal.server.NetworkLocationService: pid=12223 uid=10056 gids={3003, 1015}
06-10 17:51:28.574 12223 12224 D dalvikvm: GC_CONCURRENT freed 173K, 3% free 9362K/9607K, paused 6ms+7ms
06-10 17:51:29.050 12223 12224 D dalvikvm: GC_CONCURRENT freed 157K, 3% free 9686K/9927K, paused 3ms+2ms
06-10 17:51:29.207   151  4678 D dalvikvm: GC_EXPLICIT freed 1586K, 28% free 15532K/21383K, paused 4ms+7ms
06-10 17:51:29.504 12223 12224 D dalvikvm: GC_CONCURRENT freed 169K, 3% free 10069K/10311K, paused 2ms+3ms
06-10 17:51:29.703 12223 12224 D dalvikvm: GC_CONCURRENT freed 667K, 8% free 9881K/10631K, paused 2ms+2ms
06-10 17:51:29.773   151   168 I ActivityManager: Start proc com.google.android.apps.maps:FriendService for broadcast com.google.android.apps.maps/com.google.googlenav.friend.android.ServiceReceiver: pid=12244 uid=10056 gids={3003, 1015}
06-10 17:51:29.894 12244 12247 D dalvikvm: GC_CONCURRENT freed 175K, 3% free 9360K/9607K, paused 3ms+3ms
06-10 17:51:30.066 12244 12247 D dalvikvm: GC_CONCURRENT freed 195K, 3% free 9722K/9991K, paused 2ms+5ms
06-10 17:51:30.230 11797 11799 D dalvikvm: GC_CONCURRENT freed 232K, 4% free 9856K/10183K, paused 9ms+12ms
06-10 17:51:30.296 12223 12243 D dalvikvm: GC_FOR_ALLOC freed 212K, 6% free 10033K/10631K, paused 21ms
06-10 17:51:32.347  8314  8314 I PhoneLab-Locks: wake lock acquired
06-10 17:51:32.371  8314 12258 I PhoneLab-PeriodicCheckService: User info is synched
06-10 17:51:32.382  8314 12258 I PhoneLab-PeriodicCheckService: Logger Service is running
06-10 17:51:32.390  8314  8314 I PhoneLab-Locks: wake lock acquired
06-10 17:51:32.394  8314  8314 I PhoneLab-StatusMonitor: Status Monitoring is started
06-10 17:51:32.398  8314 12258 I PhoneLab-Locks: wake lock acquired
06-10 17:51:32.398  8314 12258 I PhoneLab-PeriodicCheckService: Rescheduling periodic checking...
06-10 17:51:32.402  8314 12258 I PhoneLab-Locks: wake lock released
06-10 17:51:32.418  8314  8314 E PhoneLab-PhoneLabManifest: java.io.FileNotFoundException: /data/data/edu.buffalo.cse.phonelab.phonelabservices/files/manifest.xml: open failed: ENOENT (No such file or directory)
06-10 17:51:32.429  8314  8314 I PhoneLab-Locks: wake lock released
06-10 17:51:32.429  8314  8314 I PhoneLab-UploadLogs: Transfering log files now
06-10 17:51:32.429  8314  8314 I PhoneLab-UploadLogs: No log files to transfer
06-10 17:51:32.429  8314  8314 I PhoneLab-Locks: wake lock released
06-10 17:51:32.433  8314  8314 I PhoneLab-UploadLogs: OnStartCommand
06-10 17:51:32.441  8314  8317 D dalvikvm: GC_CONCURRENT freed 442K, 15% free 9109K/10695K, paused 3ms+3ms
06-10 17:51:34.886  8314  8314 I PhoneLab-PowerOnReceiver: Power is plugged off!
06-10 17:51:52.879   559   878 I EventLogService: Aggregate from 1339363312741 (log), 1339363312741 (data)
06-10 17:51:52.941   559   561 D dalvikvm: GC_CONCURRENT freed 520K, 8% free 11104K/11975K, paused 43ms+3ms
06-10 17:51:53.179   559   559 D dalvikvm: GC_EXPLICIT freed 80K, 8% free 11086K/11975K, paused 21ms+4ms
06-10 17:52:20.230  8314  8327 I PhoneLab-: Service Running
06-10 17:52:20.336  8314  8327 I PhoneLab-LoggerService: app_38    6772  1     1716   1276  c00f181c 400107b4 S logcat
06-10 17:52:20.339  8314  8327 I PhoneLab-LoggerService: Logcat pid from database 6772
06-10 17:52:20.339  8314  8327 I PhoneLab-LoggerService: Logcat process found 6772
06-10 17:52:20.339  8314  8327 I PhoneLab-LoggerService: Checking Threshold
06-10 17:52:20.339  8314  8327 I PhoneLab-: Service Running
06-10 17:52:20.371  8314  8327 I PhoneLab-LoggerService: app_38    6772  1     1716   1276  c00f181c 400107b4 S logcat
06-10 17:52:20.371  8314  8327 I PhoneLab-LoggerService: Logcat pid from database 6772
06-10 17:52:20.371  8314  8327 I PhoneLab-LoggerService: Logcat process found 6772
06-10 17:52:20.371  8314  8327 I PhoneLab-LoggerService: Checking Threshold
06-10 17:52:35.441   151   197 I power   : *** set_screen_state 0
06-10 17:52:35.496    79   118 D SurfaceFlinger: About to give-up screen, flinger = 0x1061918
06-10 17:52:35.605   151   201 V TransportControlView: Create TCV com.android.internal.widget.TransportControlView@41598c80
06-10 17:53:22.433 12223 12224 D dalvikvm: GC_CONCURRENT freed 355K, 6% free 10064K/10631K, paused 14ms+2ms
06-10 17:58:36.121   151   153 D dalvikvm: GC_CONCURRENT freed 1393K, 27% free 15645K/21383K, paused 3ms+6ms
06-10 17:58:38.121   389   391 D dalvikvm: GC_CONCURRENT freed 628K, 19% free 11060K/13639K, paused 2ms+4ms
06-10 17:58:38.265   389   391 D dalvikvm: GC_CONCURRENT freed 725K, 21% free 10911K/13639K, paused 2ms+3ms
06-10 18:02:49.289  9440 12266 I Gmail   : MainSyncRequestProto: lowestBkwdConvoId: 0, highestHandledServerOp: 3949751, normalSync: true
06-10 18:02:50.199  9440  9443 D dalvikvm: GC_CONCURRENT freed 375K, 11% free 9871K/11015K, paused 7ms+2ms
06-10 18:02:51.328  9440 12266 D dalvikvm: GC_EXPLICIT freed 356K, 12% free 9804K/11015K, paused 2ms+3ms
06-10 18:02:51.336  9440 12266 I Gmail   : MainSyncRequestProto: lowestBkwdConvoId: 0, highestHandledServerOp: 3949781, normalSync: true
06-10 18:02:52.750  9440 12266 D dalvikvm: GC_EXPLICIT freed 208K, 11% free 9827K/11015K, paused 1ms+3ms
06-10 18:02:52.757  9440 12266 I Gmail   : MainSyncRequestProto: lowestBkwdConvoId: 0, highestHandledServerOp: 3949781, normalSync: true
06-10 18:02:52.769  9440 12266 W Gmail   : Scheduling index for 300000 ms from now
06-10 18:02:52.793  9440 12266 I Gmail   : Sending notification intent: Intent { act=android.intent.action.PROVIDER_CHANGED dat=content://gmail-ls/unread/^i (has extras) }
06-10 18:02:52.859  9440 12267 W Gmail   : Showing notification with unreadCount of 123 and unseenCount of 123
06-10 18:02:52.980  7598  7599 D dalvikvm: GC_CONCURRENT freed 291K, 6% free 9334K/9863K, paused 2ms+2ms
06-10 18:06:55.156 12223 12224 D dalvikvm: GC_CONCURRENT freed 305K, 4% free 10229K/10631K, paused 8ms+3ms
06-10 18:07:45.175  9440 12271 I Gmail   : MainSyncRequestProto: lowestBkwdConvoId: 0, highestHandledServerOp: 3949781, normalSync: true
06-10 18:07:46.953  9440  9443 D dalvikvm: GC_CONCURRENT freed 375K, 11% free 9870K/11015K, paused 7ms+2ms
06-10 18:07:48.254  9440 12271 D dalvikvm: GC_EXPLICIT freed 294K, 12% free 9803K/11015K, paused 2ms+3ms
06-10 18:07:48.265  9440 12271 I Gmail   : MainSyncRequestProto: lowestBkwdConvoId: 0, highestHandledServerOp: 3949803, normalSync: true
06-10 18:07:50.031  9440 12271 D dalvikvm: GC_FOR_ALLOC freed 125K, 9% free 10042K/11015K, paused 22ms
06-10 18:07:50.304  9440 12271 D dalvikvm: GC_EXPLICIT freed 602K, 11% free 9819K/11015K, paused 4ms+2ms
06-10 18:07:50.316  9440 12271 I Gmail   : MainSyncRequestProto: lowestBkwdConvoId: 0, highestHandledServerOp: 3949803, normalSync: true
06-10 18:07:50.324  9440 12271 W Gmail   : Scheduling index for 300000 ms from now
06-10 18:07:50.351  9440 12271 I Gmail   : Sending notification intent: Intent { act=android.intent.action.PROVIDER_CHANGED dat=content://gmail-ls/unread/^i (has extras) }
06-10 18:07:50.394  9440  9447 I dalvikvm: Jit: resizing JitTable from 8192 to 16384
06-10 18:07:50.437  9440 12272 W Gmail   : Showing notification with unreadCount of 124 and unseenCount of 124
06-10 18:08:36.996   151   162 D AlarmManagerService: Kernel timezone updated to 240 minutes west of GMT
06-10 18:08:36.996   470   470 D SystemClock: Setting time of day to sec=1339366117
06-10 18:08:37.166 10232 10246 V AlarmClock: AlarmInitReceiver finished
06-10 18:13:37.097   151   162 D AlarmManagerService: Kernel timezone updated to 240 minutes west of GMT
06-10 18:15:11.097   389   391 D dalvikvm: GC_CONCURRENT freed 523K, 21% free 10895K/13639K, paused 6ms+3ms
06-10 18:21:32.093  9440  9452 D dalvikvm: GC_EXPLICIT freed 185K, 11% free 9824K/11015K, paused 22ms+3ms
06-10 18:21:32.464  8314  8314 I PhoneLab-Locks: wake lock acquired
06-10 18:21:32.503  8314 12276 I PhoneLab-PeriodicCheckService: User info is synched
06-10 18:21:32.523  8314 12276 I PhoneLab-PeriodicCheckService: Logger Service is running
06-10 18:21:32.531  8314  8314 I PhoneLab-Locks: wake lock acquired
06-10 18:21:32.535  8314  8314 I PhoneLab-StatusMonitor: Status Monitoring is started
06-10 18:21:32.535  8314  8314 E PhoneLab-PhoneLabManifest: java.io.FileNotFoundException: /data/data/edu.buffalo.cse.phonelab.phonelabservices/files/manifest.xml: open failed: ENOENT (No such file or directory)
06-10 18:21:32.535  8314  8314 I PhoneLab-Locks: wake lock released
06-10 18:21:32.543  8314 12276 I PhoneLab-Locks: wake lock acquired
06-10 18:21:32.543  8314  8314 I PhoneLab-UploadLogs: Transfering log files now
06-10 18:21:32.543  8314  8314 I PhoneLab-UploadLogs: No log files to transfer
06-10 18:21:32.543  8314  8314 I PhoneLab-Locks: wake lock released
06-10 18:21:32.546  8314  8314 I PhoneLab-UploadLogs: OnStartCommand
06-10 18:21:32.546  8314 12276 I PhoneLab-PeriodicCheckService: Rescheduling periodic checking...
06-10 18:21:32.546  8314 12276 I PhoneLab-Locks: wake lock released
06-10 18:21:53.179   559  1094 I EventLogService: Aggregate from 1339365112882 (log), 1339365112882 (data)
06-10 18:23:01.234   151   153 D dalvikvm: GC_CONCURRENT freed 1488K, 27% free 15709K/21383K, paused 3ms+7ms
06-10 18:23:02.136  9440  9443 D dalvikvm: GC_CONCURRENT freed 277K, 9% free 10048K/11015K, paused 8ms+2ms
06-10 18:23:27.027  9440  9443 D dalvikvm: GC_CONCURRENT freed 451K, 10% free 9988K/11015K, paused 2ms+1260ms
06-10 18:23:27.257  9440  9443 D dalvikvm: GC_CONCURRENT freed 371K, 10% free 10008K/11015K, paused 2ms+2ms
06-10 18:23:27.453   470   470 D SAN_SERVICE: *******************************************
06-10 18:23:27.453   470   470 D SAN_SERVICE: DM App Phone Service State - 0
06-10 18:23:27.453   470   470 D SAN_SERVICE: *******************************************
06-10 18:23:27.550  9440  9443 D dalvikvm: GC_CONCURRENT freed 352K, 9% free 10045K/11015K, paused 2ms+6ms
06-10 18:23:27.789  9440  9443 D dalvikvm: GC_CONCURRENT freed 616K, 11% free 9821K/11015K, paused 1ms+2ms
06-10 18:23:27.929  9440  9443 D dalvikvm: GC_CONCURRENT freed 328K, 11% free 9899K/11015K, paused 2ms+5ms
06-10 18:23:28.382  9440  9443 D dalvikvm: GC_CONCURRENT freed 472K, 11% free 9810K/11015K, paused 4ms+2ms
06-10 18:23:28.429  9440 12275 W Gmail   : Successful index run, cancel next scheduled index run
06-10 18:23:36.375   470   470 D SAN_SERVICE: *******************************************
06-10 18:23:36.375   470   470 D SAN_SERVICE: DM App Phone Service State - 0
06-10 18:23:36.375   470   470 D SAN_SERVICE: *******************************************
06-10 18:23:57.281   470   470 D SAN_SERVICE: *******************************************
06-10 18:23:57.281   470   470 D SAN_SERVICE: DM App Phone Service State - 0
06-10 18:23:57.285   470   470 D SAN_SERVICE: *******************************************
06-10 18:24:03.074   470   470 D SAN_SERVICE: *******************************************
06-10 18:24:03.074   470   470 D SAN_SERVICE: DM App Phone Service State - 0
06-10 18:24:03.074   470   470 D SAN_SERVICE: *******************************************
06-10 18:24:27.250   151   491 D AlarmManagerService: Kernel timezone updated to 240 minutes west of GMT
06-10 18:24:27.254   470   470 D SystemClock: Setting time of day to sec=1339367067
06-10 18:24:27.167   470   470 D SAN_SERVICE: *******************************************
06-10 18:24:27.167   470   470 D SAN_SERVICE: DM App Phone Service State - 0
06-10 18:24:27.167   470   470 D SAN_SERVICE: *******************************************
06-10 18:24:27.198 10232 10246 V AlarmClock: AlarmInitReceiver finished
06-10 18:24:36.792   470   470 D SAN_SERVICE: *******************************************
06-10 18:24:36.792   470   470 D SAN_SERVICE: DM App Phone Service State - 0
06-10 18:24:36.792   470   470 D SAN_SERVICE: *******************************************
06-10 18:24:38.936   470   470 D SAN_SERVICE: *******************************************
06-10 18:24:38.936   470   470 D SAN_SERVICE: DM App Phone Service State - 0
06-10 18:24:38.936   470   470 D SAN_SERVICE: *******************************************
06-10 18:24:46.276   151   163 D AlarmManagerService: Kernel timezone updated to 240 minutes west of GMT
06-10 18:24:48.624   151   374 D AlarmManagerService: Kernel timezone updated to 240 minutes west of GMT
06-10 18:24:50.058   470   470 D SAN_SERVICE: *******************************************
06-10 18:24:50.058   470   470 D SAN_SERVICE: DM App Phone Service State - 0
06-10 18:24:50.058   470   470 D SAN_SERVICE: *******************************************
06-10 18:24:54.585  8314  8327 I PhoneLab-: Service Running
06-10 18:24:54.710  8314  8327 I PhoneLab-LoggerService: app_38    6772  1     1716   1276  c00f181c 400107b4 S logcat
06-10 18:24:54.710  8314  8327 I PhoneLab-LoggerService: Logcat pid from database 6772
06-10 18:24:54.710  8314  8327 I PhoneLab-LoggerService: Logcat process found 6772
06-10 18:24:54.710  8314  8327 I PhoneLab-LoggerService: Checking Threshold
06-10 18:24:54.710  8314  8327 I PhoneLab-: Service Running
06-10 18:24:54.745  8314  8317 D dalvikvm: GC_CONCURRENT freed 376K, 15% free 9125K/10695K, paused 5ms+2ms
06-10 18:24:54.765  8314  8327 I PhoneLab-LoggerService: app_38    6772  1     1716   1276  c00f181c 400107b4 S logcat
06-10 18:24:54.765  8314  8327 I PhoneLab-LoggerService: Logcat pid from database 6772
06-10 18:24:54.765  8314  8327 I PhoneLab-LoggerService: Logcat process found 6772
06-10 18:24:54.765  8314  8327 I PhoneLab-LoggerService: Checking Threshold
06-10 18:24:54.765  8314  8327 I PhoneLab-: Service Running
06-10 18:24:54.792  8314  8327 I PhoneLab-LoggerService: app_38    6772  1     1716   1276  c00f181c 400107b4 S logcat
06-10 18:24:54.796  8314  8327 I PhoneLab-LoggerService: Logcat pid from database 6772
06-10 18:24:54.796  8314  8327 I PhoneLab-LoggerService: Logcat process found 6772
06-10 18:24:54.796  8314  8327 I PhoneLab-LoggerService: Checking Threshold
06-10 18:24:54.796  8314  8327 I PhoneLab-: Service Running
06-10 18:24:54.823  8314  8327 I PhoneLab-LoggerService: app_38    6772  1     1716   1276  c00f181c 400107b4 S logcat
06-10 18:24:54.823  8314  8327 I PhoneLab-LoggerService: Logcat pid from database 6772
06-10 18:24:54.823  8314  8327 I PhoneLab-LoggerService: Logcat process found 6772
06-10 18:24:54.823  8314  8327 I PhoneLab-LoggerService: Checking Threshold
06-10 18:24:54.823  8314  8327 I PhoneLab-: Service Running
06-10 18:24:54.850  8314  8327 I PhoneLab-LoggerService: app_38    6772  1     1716   1276  c00f181c 400107b4 S logcat
06-10 18:24:54.850  8314  8327 I PhoneLab-LoggerService: Logcat pid from database 6772
06-10 18:24:54.850  8314  8327 I PhoneLab-LoggerService: Logcat process found 6772
06-10 18:24:54.850  8314  8327 I PhoneLab-LoggerService: Checking Threshold
06-10 18:24:54.850  8314  8327 I PhoneLab-: Service Running
06-10 18:24:54.878  8314  8327 I PhoneLab-LoggerService: app_38    6772  1     1716   1276  c00f181c 400107b4 S logcat
06-10 18:24:54.878  8314  8327 I PhoneLab-LoggerService: Logcat pid from database 6772
06-10 18:24:54.878  8314  8327 I PhoneLab-LoggerService: Logcat process found 6772
06-10 18:24:54.878  8314  8327 I PhoneLab-LoggerService: Checking Threshold
06-10 18:24:54.882  8314  8327 I PhoneLab-: Service Running
06-10 18:24:54.905  8314  8327 I PhoneLab-LoggerService: app_38    6772  1     1716   1276  c00f181c 400107b4 S logcat
06-10 18:24:54.909  8314  8327 I PhoneLab-LoggerService: Logcat pid from database 6772
06-10 18:24:54.909  8314  8327 I PhoneLab-LoggerService: Logcat process found 6772
06-10 18:24:54.909  8314  8327 I PhoneLab-LoggerService: Checking Threshold
06-10 18:24:54.909  8314  8327 I PhoneLab-: Service Running
06-10 18:24:54.936  8314  8327 I PhoneLab-LoggerService: app_38    6772  1     1716   1276  c00f181c 400107b4 S logcat
06-10 18:24:54.936  8314  8327 I PhoneLab-LoggerService: Logcat pid from database 6772
06-10 18:24:54.936  8314  8327 I PhoneLab-LoggerService: Logcat process found 6772
06-10 18:24:54.936  8314  8327 I PhoneLab-LoggerService: Checking Threshold
06-10 18:24:54.936  8314  8327 I PhoneLab-: Service Running
06-10 18:24:54.979  8314  8327 I PhoneLab-LoggerService: app_38    6772  1     1716   1276  c00f181c 400107b4 S logcat
06-10 18:24:54.979  8314  8327 I PhoneLab-LoggerService: Logcat pid from database 6772
06-10 18:24:54.979  8314  8327 I PhoneLab-LoggerService: Logcat process found 6772
06-10 18:24:54.979  8314  8327 I PhoneLab-LoggerService: Checking Threshold
06-10 18:24:54.979  8314  8327 I PhoneLab-: Service Running
06-10 18:24:54.987  8314  8317 D dalvikvm: GC_CONCURRENT freed 396K, 15% free 9132K/10695K, paused 2ms+1ms
06-10 18:24:55.018  8314  8327 I PhoneLab-LoggerService: app_38    6772  1     1716   1276  c00f181c 400107b4 S logcat
06-10 18:24:55.018  8314  8327 I PhoneLab-LoggerService: Logcat pid from database 6772
06-10 18:24:55.018  8314  8327 I PhoneLab-LoggerService: Logcat process found 6772
06-10 18:24:55.018  8314  8327 I PhoneLab-LoggerService: Checking Threshold
06-10 18:24:55.018  8314  8327 I PhoneLab-: Service Running
06-10 18:24:55.046  8314  8327 I PhoneLab-LoggerService: app_38    6772  1     1716   1276  c00f181c 400107b4 S logcat
06-10 18:24:55.046  8314  8327 I PhoneLab-LoggerService: Logcat pid from database 6772
06-10 18:24:55.046  8314  8327 I PhoneLab-LoggerService: Logcat process found 6772
06-10 18:24:55.046  8314  8327 I PhoneLab-LoggerService: Checking Threshold
06-10 18:24:55.046  8314  8327 I PhoneLab-: Service Running
06-10 18:24:55.073  8314  8327 I PhoneLab-LoggerService: app_38    6772  1     1716   1276  c00f181c 400107b4 S logcat
06-10 18:24:55.073  8314  8327 I PhoneLab-LoggerService: Logcat pid from database 6772
06-10 18:24:55.073  8314  8327 I PhoneLab-LoggerService: Logcat process found 6772
06-10 18:24:55.077  8314  8327 I PhoneLab-LoggerService: Checking Threshold
06-10 18:24:55.077  8314  8327 I PhoneLab-: Service Running
06-10 18:24:55.104  8314  8327 I PhoneLab-LoggerService: app_38    6772  1     1716   1276  c00f181c 400107b4 S logcat
06-10 18:24:55.104  8314  8327 I PhoneLab-LoggerService: Logcat pid from database 6772
06-10 18:24:55.104  8314  8327 I PhoneLab-LoggerService: Logcat process found 6772
06-10 18:24:55.104  8314  8327 I PhoneLab-LoggerService: Checking Threshold
06-10 18:24:55.104  8314  8327 I PhoneLab-: Service Running
06-10 18:24:55.132  8314  8327 I PhoneLab-LoggerService: app_38    6772  1     1716   1276  c00f181c 400107b4 S logcat
06-10 18:24:55.132  8314  8327 I PhoneLab-LoggerService: Logcat pid from database 6772
06-10 18:24:55.132  8314  8327 I PhoneLab-LoggerService: Logcat process found 6772
06-10 18:24:55.132  8314  8327 I PhoneLab-LoggerService: Checking Threshold
06-10 18:24:55.132  8314  8327 I PhoneLab-: Service Running
06-10 18:24:55.159  8314  8327 I PhoneLab-LoggerService: app_38    6772  1     1716   1276  c00f181c 400107b4 S logcat
06-10 18:24:55.159  8314  8327 I PhoneLab-LoggerService: Logcat pid from database 6772
06-10 18:24:55.159  8314  8327 I PhoneLab-LoggerService: Logcat process found 6772
06-10 18:24:55.159  8314  8327 I PhoneLab-LoggerService: Checking Threshold
06-10 18:24:55.159  8314  8327 I PhoneLab-: Service Running
06-10 18:24:55.186  8314  8327 I PhoneLab-LoggerService: app_38    6772  1     1716   1276  c00f181c 400107b4 S logcat
06-10 18:24:55.186  8314  8327 I PhoneLab-LoggerService: Logcat pid from database 6772
06-10 18:24:55.186  8314  8327 I PhoneLab-LoggerService: Logcat process found 6772
06-10 18:24:55.186  8314  8327 I PhoneLab-LoggerService: Checking Threshold
06-10 18:25:27.202   151   313 D ConnectivityService: ConnectivityChange for mobile: DISCONNECTED/DISCONNECTED
06-10 18:25:27.202   151   313 D ConnectivityService: Attempting to switch to WIFI
06-10 18:28:36.015   151   313 D ConnectivityService: Attempting to switch to WIMAX
06-10 18:28:36.015   151   313 D ConnectivityService: Attempting to switch to BLUETOOTH_TETHER
06-10 18:28:36.023   151   313 D NetUtils: android_net_utils_resetConnections in env=0x891dc0 clazz=0xfcc00001 iface=rmnet0 mask=0x3
06-10 18:28:36.023   151   313 D ConnectivityService: resetConnections(rmnet0, 3)
06-10 18:28:36.211   559 12190 W Smack/Packet: notify conn break (IOEx), close connection
06-10 18:28:36.226   151   153 D dalvikvm: GC_CONCURRENT freed 1658K, 27% free 15725K/21383K, paused 11ms+7ms
06-10 18:28:36.382   559 12190 I qtaguid : Failed write_ctrl(u 71) res=-1 errno=22
06-10 18:28:36.382   559 12190 I qtaguid : Untagging socket 71 failed errno=-22
06-10 18:28:36.382   559 12190 W NetworkManagementSocketTagger: untagSocket(71) failed with errno -22
06-10 18:28:36.437   151   313 D ConnectivityService: handleInetConditionChange: no active default network - ignore
06-10 18:28:39.550   151   316 D Tethering: MasterInitialState.processMessage what=3
06-10 18:28:39.812  9870  9883 D PicasaSyncManager: active network: null
06-10 18:28:39.816  9870  9883 D PicasaSyncManager: background data: true
06-10 18:28:39.847 10121 10121 I MediaUploader: No need to wake up
06-10 18:28:40.261   151   162 D AlarmManagerService: Kernel timezone updated to 240 minutes west of GMT
06-10 18:28:41.238   151  7366 D dalvikvm: GC_EXPLICIT freed 251K, 27% free 15675K/21383K, paused 29ms+9ms
06-10 18:28:46.589   151   313 D ConnectivityService: ConnectivityChange for mobile: CONNECTED/CONNECTED
06-10 18:28:46.660   151   308 D NetworkPolicy: applying policy NetworkPolicy[NetworkTemplate: matchRule=MOBILE_ALL, subscriberId=valid]: cycleDay=8, warningBytes=2147483648, limitBytes=-1, lastSnooze=-1 to ifaces [rmnet0]
06-10 18:33:26.019   151   316 D Tethering: MasterInitialState.processMessage what=3
06-10 18:33:26.090   470   470 D SAN_SERVICE: *******************************************
06-10 18:33:26.090   470   470 D SAN_SERVICE: DM App Phone Service State - 0
06-10 18:33:26.090   470   470 D SAN_SERVICE: *******************************************
06-10 18:33:26.101 10121 10121 I MediaUploader: No need to wake up
06-10 18:33:26.254  9870  9883 D PicasaSyncManager: active network: NetworkInfo: type: mobile[CDMA - 1xRTT], state: CONNECTED/CONNECTED, reason: (unspecified), extra: , roaming: false, failover: false, isAvailable: true
06-10 18:33:26.254  9870  9883 D PicasaSyncManager: background data: true
06-10 18:33:33.285   470   470 D SAN_SERVICE: *******************************************
06-10 18:33:33.285   470   470 D SAN_SERVICE: DM App Phone Service State - 0
06-10 18:33:33.285   470   470 D SAN_SERVICE: *******************************************
06-10 18:33:33.355   559   561 D dalvikvm: GC_CONCURRENT freed 565K, 8% free 11082K/11975K, paused 10ms+4ms
06-10 18:33:39.820   559   559 I GTalkService/c: [AndroidEndpoint@1094371424] connect: acct=1000000, state=CONNECTING
06-10 18:33:39.832   559   559 I GTalkService/c: [GTalkConnection@1094665464] connect: acct=1, state=CONNECTING
06-10 18:33:44.172   151   162 D AlarmManagerService: Kernel timezone updated to 240 minutes west of GMT
06-10 18:34:13.320  8314  8327 I PhoneLab-: Service Running
06-10 18:34:13.410  8314  8317 D dalvikvm: GC_CONCURRENT freed 391K, 15% free 9140K/10695K, paused 2ms+2ms
06-10 18:34:13.418  8314  8327 I PhoneLab-LoggerService: app_38    6772  1     1716   1276  c00f181c 400107b4 S logcat
06-10 18:34:13.418  8314  8327 I PhoneLab-LoggerService: Logcat pid from database 6772
06-10 18:34:13.418  8314  8327 I PhoneLab-LoggerService: Logcat process found 6772
06-10 18:34:13.418  8314  8327 I PhoneLab-LoggerService: Checking Threshold
06-10 18:34:13.418  8314  8327 I PhoneLab-: Service Running
06-10 18:34:13.449  8314  8327 I PhoneLab-LoggerService: app_38    6772  1     1716   1276  c00f181c 400107b4 S logcat
06-10 18:34:13.449  8314  8327 I PhoneLab-LoggerService: Logcat pid from database 6772
06-10 18:34:13.449  8314  8327 I PhoneLab-LoggerService: Logcat process found 6772
06-10 18:34:13.453  8314  8327 I PhoneLab-LoggerService: Checking Threshold
06-10 18:34:13.453  8314  8327 I PhoneLab-: Service Running
06-10 18:34:13.480  8314  8327 I PhoneLab-LoggerService: app_38    6772  1     1716   1276  c00f181c 400107b4 S logcat
06-10 18:34:13.480  8314  8327 I PhoneLab-LoggerService: Logcat pid from database 6772
06-10 18:34:13.480  8314  8327 I PhoneLab-LoggerService: Logcat process found 6772
06-10 18:34:13.480  8314  8327 I PhoneLab-LoggerService: Checking Threshold
06-10 18:34:13.480  8314  8327 I PhoneLab-: Service Running
06-10 18:34:13.508  8314  8327 I PhoneLab-LoggerService: app_38    6772  1     1716   1276  c00f181c 400107b4 S logcat
06-10 18:34:13.508  8314  8327 I PhoneLab-LoggerService: Logcat pid from database 6772
06-10 18:34:13.508  8314  8327 I PhoneLab-LoggerService: Logcat process found 6772
06-10 18:34:13.508  8314  8327 I PhoneLab-LoggerService: Checking Threshold
06-10 18:34:19.566  8314  8327 I PhoneLab-: Service Running
06-10 18:34:19.644  8314  8327 I PhoneLab-LoggerService: app_38    6772  1     1716   1276  c00f181c 400107b4 S logcat
06-10 18:34:19.644  8314  8327 I PhoneLab-LoggerService: Logcat pid from database 6772
06-10 18:34:19.648  8314  8327 I PhoneLab-LoggerService: Logcat process found 6772
06-10 18:34:19.648  8314  8327 I PhoneLab-LoggerService: Checking Threshold
06-10 18:34:25.027   151   493 D AlarmManagerService: Kernel timezone updated to 240 minutes west of GMT
06-10 18:34:47.523   151   151 D AlarmManagerService: Kernel timezone updated to 240 minutes west of GMT
06-10 18:34:47.523   470   470 D SystemClock: Setting time of day to sec=1339367688
06-10 18:34:48.145 10232 10246 V AlarmClock: AlarmInitReceiver finished
06-10 18:38:38.570   151   493 D AlarmManagerService: Kernel timezone updated to 240 minutes west of GMT
06-10 18:41:23.437   151   493 D AlarmManagerService: Kernel timezone updated to 240 minutes west of GMT
06-10 18:48:36.257   151   493 D AlarmManagerService: Kernel timezone updated to 240 minutes west of GMT
06-10 18:48:36.257   470   470 D SystemClock: Setting time of day to sec=1339368517
06-10 18:48:37.211   151   153 D dalvikvm: JIT code cache reset in 4 ms (1048428 bytes 11/0)
06-10 18:48:37.223   151   153 D dalvikvm: GC_CONCURRENT freed 1517K, 27% free 15728K/21383K, paused 2ms+10ms
06-10 18:48:37.250 10232 10246 V AlarmClock: AlarmInitReceiver finished
06-10 18:51:34.015  8314  8314 I PhoneLab-Locks: wake lock acquired
06-10 18:51:34.031  8314 12309 I PhoneLab-PeriodicCheckService: User info is synched
06-10 18:51:34.031  8314 12309 I PhoneLab-PeriodicCheckService: Logger Service is running
06-10 18:51:34.039  8314  8314 I PhoneLab-Locks: wake lock acquired
06-10 18:51:34.043  8314  8314 I PhoneLab-StatusMonitor: Status Monitoring is started
06-10 18:51:34.046  8314 12309 I PhoneLab-Locks: wake lock acquired
06-10 18:51:34.050  8314 12309 I PhoneLab-PeriodicCheckService: Rescheduling periodic checking...
06-10 18:51:34.050  8314 12309 I PhoneLab-Locks: wake lock released
06-10 18:51:34.054  8314  8314 E PhoneLab-PhoneLabManifest: java.io.FileNotFoundException: /data/data/edu.buffalo.cse.phonelab.phonelabservices/files/manifest.xml: open failed: ENOENT (No such file or directory)
06-10 18:51:34.066  8314  8314 I PhoneLab-Locks: wake lock released
06-10 18:51:34.066  8314  8314 I PhoneLab-UploadLogs: Transfering log files now
06-10 18:51:34.066  8314  8314 I PhoneLab-UploadLogs: No log files to transfer
06-10 18:51:34.066  8314  8314 I PhoneLab-Locks: wake lock released
06-10 18:51:34.070  8314  8314 I PhoneLab-UploadLogs: OnStartCommand
06-10 18:51:34.129   559  1011 E GTalkService: connectionClosed: no XMPPConnection - That's strange!
06-10 18:51:34.293   559  1011 E GTalkService: connectionClosed: no XMPPConnection - That's strange!
06-10 18:51:52.515   151   313 D ConnectivityService: handleInetConditionHoldEnd: net=0, condition=0, published condition=0
06-10 18:51:53.375   559  1362 I EventLogService: Aggregate from 1339366913183 (log), 1339366913183 (data)
06-10 18:52:01.675   559   559 I GTalkService/c: [AndroidEndpoint@1094371424] connect: acct=1000000, state=CONNECTING
06-10 18:52:01.687   559   559 I GTalkService/c: [GTalkConnection@1094665464] connect: acct=1, state=CONNECTING
06-10 18:52:01.718   151  1008 D AlarmManagerService: Kernel timezone updated to 240 minutes west of GMT
06-10 18:52:14.761   470   481 I dalvikvm: Jit: resizing JitTable from 8192 to 16384
06-10 18:52:14.781   470   470 D SAN_SERVICE: *******************************************
06-10 18:52:14.781   470   470 D SAN_SERVICE: DM App Phone Service State - 0
06-10 18:52:14.781   470   470 D SAN_SERVICE: *******************************************
06-10 18:52:16.500   470   470 D SAN_SERVICE: *******************************************
06-10 18:52:16.500   470   470 D SAN_SERVICE: DM App Phone Service State - 0
06-10 18:52:16.500   470   470 D SAN_SERVICE: *******************************************
06-10 18:52:28.257   559 12311 W Smack/Packet: notify conn break (IOEx), close connection
06-10 18:52:28.566   559  1011 E GTalkService: connectionClosed: no XMPPConnection - That's strange!
06-10 18:52:28.589   559   561 D dalvikvm: GC_CONCURRENT freed 561K, 8% free 11089K/11975K, paused 16ms+8ms
06-10 18:52:28.589   559  1011 E GTalkService: connectionClosed: no XMPPConnection - That's strange!
06-10 18:53:06.218   151   313 D ConnectivityService: handleInetConditionHoldEnd: net=0, condition=0, published condition=0
06-10 18:53:23.261   559   559 I GTalkService/c: [AndroidEndpoint@1094371424] connect: acct=1000000, state=CONNECTING
06-10 18:53:23.265   559   559 I GTalkService/c: [GTalkConnection@1094665464] connect: acct=1, state=CONNECTING
06-10 18:53:35.113  9440 12319 I Gmail   : MainSyncRequestProto: lowestBkwdConvoId: 0, highestHandledServerOp: 3949803, normalSync: true
06-10 18:53:35.457   151   313 D ConnectivityService: handleInetConditionHoldEnd: net=0, condition=100, published condition=0
06-10 18:53:49.550  9440 12319 E Gmail   : IOException: Connection closed by peer
06-10 18:53:49.605   151   193 D SyncManager: failed sync operation drqiao02@gmail.com (com.google), gmail-ls, SERVER, earliestRunTime 189210915, SyncResult: stats [ numIoExceptions: 1]
06-10 18:53:49.640 11371 11385 D AccountTypeManager: Registering 1 extension packages
06-10 18:53:49.687 11371 11385 I AccountTypeManager: Loaded meta-data for 2 account types, 1 accounts in 68ms(wall) 4ms(cpu)
06-10 18:54:19.179   151   151 D AlarmManagerService: Kernel timezone updated to 240 minutes west of GMT
06-10 18:54:34.421  8314  8327 I PhoneLab-: Service Running
06-10 18:54:34.527  8314  8327 I PhoneLab-LoggerService: app_38    6772  1     1716   1276  c00f181c 400107b4 S logcat
06-10 18:54:34.527  8314  8327 I PhoneLab-LoggerService: Logcat pid from database 6772
06-10 18:54:34.531  8314  8327 I PhoneLab-LoggerService: Logcat process found 6772
06-10 18:54:34.531  8314  8327 I PhoneLab-LoggerService: Checking Threshold
06-10 18:54:34.531  8314  8327 I PhoneLab-: Service Running
06-10 18:54:34.558  8314  8327 I PhoneLab-LoggerService: app_38    6772  1     1716   1276  c00f181c 400107b4 S logcat
06-10 18:54:34.562  8314  8327 I PhoneLab-LoggerService: Logcat pid from database 6772
06-10 18:54:34.562  8314  8327 I PhoneLab-LoggerService: Logcat process found 6772
06-10 18:54:34.562  8314  8327 I PhoneLab-LoggerService: Checking Threshold
06-10 18:54:34.562  8314  8327 I PhoneLab-: Service Running
06-10 18:54:34.593  8314  8317 D dalvikvm: GC_CONCURRENT freed 422K, 15% free 9129K/10695K, paused 2ms+2ms
06-10 18:54:34.609  8314  8327 I PhoneLab-LoggerService: app_38    6772  1     1716   1276  c00f181c 400107b4 S logcat
06-10 18:54:34.609  8314  8327 I PhoneLab-LoggerService: Logcat pid from database 6772
06-10 18:54:34.609  8314  8327 I PhoneLab-LoggerService: Logcat process found 6772
06-10 18:54:34.609  8314  8327 I PhoneLab-LoggerService: Checking Threshold
06-10 18:54:34.613  8314  8327 I PhoneLab-: Service Running
06-10 18:54:34.640  8314  8327 I PhoneLab-LoggerService: app_38    6772  1     1716   1276  c00f181c 400107b4 S logcat
06-10 18:54:34.640  8314  8327 I PhoneLab-LoggerService: Logcat pid from database 6772
06-10 18:54:34.640  8314  8327 I PhoneLab-LoggerService: Logcat process found 6772
06-10 18:54:34.640  8314  8327 I PhoneLab-LoggerService: Checking Threshold
06-10 18:54:34.640  8314  8327 I PhoneLab-: Service Running
06-10 18:54:34.668  8314  8327 I PhoneLab-LoggerService: app_38    6772  1     1716   1276  c00f181c 400107b4 S logcat
06-10 18:54:34.668  8314  8327 I PhoneLab-LoggerService: Logcat pid from database 6772
06-10 18:54:34.668  8314  8327 I PhoneLab-LoggerService: Logcat process found 6772
06-10 18:54:34.668  8314  8327 I PhoneLab-LoggerService: Checking Threshold
06-10 18:54:34.668  8314  8327 I PhoneLab-: Service Running
06-10 18:54:34.695  8314  8327 I PhoneLab-LoggerService: app_38    6772  1     1716   1276  c00f181c 400107b4 S logcat
06-10 18:54:34.695  8314  8327 I PhoneLab-LoggerService: Logcat pid from database 6772
06-10 18:54:34.695  8314  8327 I PhoneLab-LoggerService: Logcat process found 6772
06-10 18:54:34.695  8314  8327 I PhoneLab-LoggerService: Checking Threshold
06-10 18:54:34.695  8314  8327 I PhoneLab-: Service Running
06-10 18:54:34.722  8314  8327 I PhoneLab-LoggerService: app_38    6772  1     1716   1276  c00f181c 400107b4 S logcat
06-10 18:54:34.722  8314  8327 I PhoneLab-LoggerService: Logcat pid from database 6772
06-10 18:54:34.722  8314  8327 I PhoneLab-LoggerService: Logcat process found 6772
06-10 18:54:34.726  8314  8327 I PhoneLab-LoggerService: Checking Threshold
06-10 18:54:34.726  8314  8327 I PhoneLab-: Service Running
06-10 18:54:34.750  8314  8327 I PhoneLab-LoggerService: app_38    6772  1     1716   1276  c00f181c 400107b4 S logcat
06-10 18:54:34.753  8314  8327 I PhoneLab-LoggerService: Logcat pid from database 6772
06-10 18:54:34.753  8314  8327 I PhoneLab-LoggerService: Logcat process found 6772
06-10 18:54:34.753  8314  8327 I PhoneLab-LoggerService: Checking Threshold
06-10 18:54:34.753  8314  8327 I PhoneLab-: Service Running
06-10 18:54:34.781  8314  8327 I PhoneLab-LoggerService: app_38    6772  1     1716   1276  c00f181c 400107b4 S logcat
06-10 18:54:34.781  8314  8327 I PhoneLab-LoggerService: Logcat pid from database 6772
06-10 18:54:34.781  8314  8327 I PhoneLab-LoggerService: Logcat process found 6772
06-10 18:54:34.781  8314  8327 I PhoneLab-LoggerService: Checking Threshold
06-10 18:54:34.781  8314  8327 I PhoneLab-: Service Running
06-10 18:54:34.808  8314  8327 I PhoneLab-LoggerService: app_38    6772  1     1716   1276  c00f181c 400107b4 S logcat
06-10 18:54:34.808  8314  8327 I PhoneLab-LoggerService: Logcat pid from database 6772
06-10 18:54:34.808  8314  8327 I PhoneLab-LoggerService: Logcat process found 6772
06-10 18:54:34.808  8314  8327 I PhoneLab-LoggerService: Checking Threshold
06-10 18:54:35.234  9440 12333 I Gmail   : MainSyncRequestProto: lowestBkwdConvoId: 0, highestHandledServerOp: 3949803, normalSync: true
06-10 18:54:37.132  9440  9443 D dalvikvm: GC_CONCURRENT freed 385K, 11% free 9814K/11015K, paused 16ms+2ms
06-10 18:54:51.046   151  1038 D AlarmManagerService: Kernel timezone updated to 240 minutes west of GMT
06-10 18:54:53.734  9440 12333 D dalvikvm: GC_EXPLICIT freed 303K, 11% free 9824K/11015K, paused 3ms+3ms
06-10 18:54:53.742  9440 12333 I Gmail   : MainSyncRequestProto: lowestBkwdConvoId: 0, highestHandledServerOp: 3949831, normalSync: true
06-10 18:54:55.269  9440 12333 D dalvikvm: GC_EXPLICIT freed 299K, 11% free 9825K/11015K, paused 2ms+3ms
06-10 18:54:55.281  9440 12333 I Gmail   : MainSyncRequestProto: lowestBkwdConvoId: 0, highestHandledServerOp: 3949832, normalSync: true
06-10 18:54:55.289  9440 12333 W Gmail   : Scheduling index for 300000 ms from now
06-10 18:54:55.324  9440 12333 I Gmail   : Sending notification intent: Intent { act=android.intent.action.PROVIDER_CHANGED dat=content://gmail-ls/unread/^i (has extras) }
06-10 18:54:55.394  9440 12334 W Gmail   : Showing notification with unreadCount of 125 and unseenCount of 125
06-10 18:54:55.421 11371 11385 D AccountTypeManager: Registering 1 extension packages
06-10 18:54:55.429 11371 11385 I AccountTypeManager: Loaded meta-data for 2 account types, 1 accounts in 13ms(wall) 3ms(cpu)
06-10 18:55:16.078   389   391 D dalvikvm: GC_CONCURRENT freed 426K, 20% free 10966K/13639K, paused 7ms+4ms
06-10 18:59:00.390   151   162 D dalvikvm: GC_EXPLICIT freed 968K, 27% free 15733K/21383K, paused 3ms+7ms
06-10 18:59:00.421   470   470 D SAN_SERVICE: *******************************************
06-10 18:59:00.421   470   470 D SAN_SERVICE: DM App Phone Service State - 0
06-10 18:59:00.421   470   470 D SAN_SERVICE: *******************************************
06-10 18:59:04.379 12223 12224 D dalvikvm: GC_CONCURRENT freed 419K, 6% free 10274K/10823K, paused 12ms+2ms
06-10 18:59:19.078   151   491 D AlarmManagerService: Kernel timezone updated to 240 minutes west of GMT
06-10 18:59:19.082   470   470 D SystemClock: Setting time of day to sec=1339369159
06-10 18:59:19.069 10232 10246 V AlarmClock: AlarmInitReceiver finished
06-10 18:59:19.155   470   473 D dalvikvm: GC_CONCURRENT freed 950K, 23% free 12285K/15751K, paused 14ms+7ms
06-10 18:59:19.182   470   470 D SAN_SERVICE: *******************************************
06-10 18:59:19.182   470   470 D SAN_SERVICE: DM App Phone Service State - 0
06-10 18:59:19.182   470   470 D SAN_SERVICE: *******************************************
06-10 18:59:45.918   151   374 D AlarmManagerService: Kernel timezone updated to 240 minutes west of GMT
06-10 18:59:54.203   470   470 D SAN_SERVICE: *******************************************
06-10 18:59:54.203   470   470 D SAN_SERVICE: DM App Phone Service State - 0
06-10 18:59:54.203   470   470 D SAN_SERVICE: *******************************************
06-10 18:59:58.125   470   470 D SAN_SERVICE: *******************************************
06-10 18:59:58.125   470   470 D SAN_SERVICE: DM App Phone Service State - 0
06-10 18:59:58.125   470   470 D SAN_SERVICE: *******************************************
06-10 19:00:06.461   151  1008 D AlarmManagerService: Kernel timezone updated to 240 minutes west of GMT
06-10 19:00:19.925   151   162 D AlarmManagerService: Kernel timezone updated to 240 minutes west of GMT
06-10 19:00:19.949   470   470 D SAN_SERVICE: *******************************************
06-10 19:00:19.949   470   470 D SAN_SERVICE: DM App Phone Service State - 0
06-10 19:00:19.949   470   470 D SAN_SERVICE: *******************************************
06-10 19:03:11.050   151   313 D ConnectivityService: ConnectivityChange for mobile: DISCONNECTED/DISCONNECTED
06-10 19:03:11.050   151   313 D ConnectivityService: Attempting to switch to WIFI
06-10 19:03:11.050   151   313 D ConnectivityService: Attempting to switch to WIMAX
06-10 19:03:11.050   151   313 D ConnectivityService: Attempting to switch to BLUETOOTH_TETHER
06-10 19:03:11.125   151   313 D NetUtils: android_net_utils_resetConnections in env=0x891dc0 clazz=0x2b500001 iface=rmnet0 mask=0x3
06-10 19:03:11.125   151   313 D ConnectivityService: resetConnections(rmnet0, 3)
06-10 19:03:11.152   559 12315 W Smack/Packet: notify conn break (IOEx), close connection
06-10 19:03:11.304   559 12315 I qtaguid : Failed write_ctrl(u 71) res=-1 errno=22
06-10 19:03:11.304   559 12315 I qtaguid : Untagging socket 71 failed errno=-22
06-10 19:03:11.304   559 12315 W NetworkManagementSocketTagger: untagSocket(71) failed with errno -22
06-10 19:03:11.343   151   313 D ConnectivityService: handleInetConditionChange: no active default network - ignore
06-10 19:03:11.425   559   561 D dalvikvm: GC_CONCURRENT freed 543K, 8% free 11117K/11975K, paused 16ms+7ms
06-10 19:03:11.496  8314  8327 I PhoneLab-: Service Running
06-10 19:03:12.054  8314  8317 D dalvikvm: GC_CONCURRENT freed 417K, 15% free 9129K/10695K, paused 3ms+7ms
06-10 19:03:12.062  8314  8327 I PhoneLab-LoggerService: app_38    6772  1     1716   1276  c00f181c 400107b4 S logcat
06-10 19:03:12.062  8314  8327 I PhoneLab-LoggerService: Logcat pid from database 6772
06-10 19:03:12.062  8314  8327 I PhoneLab-LoggerService: Logcat process found 6772
06-10 19:03:12.062  8314  8327 I PhoneLab-LoggerService: Checking Threshold
06-10 19:03:12.062  8314  8327 I PhoneLab-: Service Running
06-10 19:03:12.093  8314  8327 I PhoneLab-LoggerService: app_38    6772  1     1716   1276  c00f181c 400107b4 S logcat
06-10 19:03:12.093  8314  8327 I PhoneLab-LoggerService: Logcat pid from database 6772
06-10 19:03:12.093  8314  8327 I PhoneLab-LoggerService: Logcat process found 6772
06-10 19:03:12.093  8314  8327 I PhoneLab-LoggerService: Checking Threshold
06-10 19:03:12.097  8314  8327 I PhoneLab-: Service Running
06-10 19:03:12.125  8314  8327 I PhoneLab-LoggerService: app_38    6772  1     1716   1276  c00f181c 400107b4 S logcat
06-10 19:03:12.125  8314  8327 I PhoneLab-LoggerService: Logcat pid from database 6772
06-10 19:03:12.125  8314  8327 I PhoneLab-LoggerService: Logcat process found 6772
06-10 19:03:12.125  8314  8327 I PhoneLab-LoggerService: Checking Threshold
06-10 19:03:12.125  8314  8327 I PhoneLab-: Service Running
06-10 19:03:12.152  8314  8327 I PhoneLab-LoggerService: app_38    6772  1     1716   1276  c00f181c 400107b4 S logcat
06-10 19:03:12.152  8314  8327 I PhoneLab-LoggerService: Logcat pid from database 6772
06-10 19:03:12.152  8314  8327 I PhoneLab-LoggerService: Logcat process found 6772
06-10 19:03:12.152  8314  8327 I PhoneLab-LoggerService: Checking Threshold
06-10 19:03:12.617   151   491 D AlarmManagerService: Kernel timezone updated to 240 minutes west of GMT
06-10 19:03:15.324   151   316 D Tethering: MasterInitialState.processMessage what=3
06-10 19:03:15.414  9870  9883 D PicasaSyncManager: active network: null
06-10 19:03:15.422 10121 10121 I MediaUploader: No need to wake up
06-10 19:03:15.429  9870  9883 D PicasaSyncManager: background data: true
06-10 19:03:18.511   151   313 D ConnectivityService: ConnectivityChange for mobile: CONNECTED/CONNECTED
06-10 19:03:18.590   151   308 D NetworkPolicy: applying policy NetworkPolicy[NetworkTemplate: matchRule=MOBILE_ALL, subscriberId=valid]: cycleDay=8, warningBytes=2147483648, limitBytes=-1, lastSnooze=-1 to ifaces [rmnet0]
06-10 19:03:18.656   151   153 D dalvikvm: GC_CONCURRENT freed 1564K, 27% free 15738K/21383K, paused 2ms+7ms
06-10 19:03:20.140   559   559 I GTalkService/c: [AndroidEndpoint@1094371424] connect: acct=1000000, state=CONNECTING
06-10 19:03:20.160   559   559 I GTalkService/c: [GTalkConnection@1094665464] connect: acct=1, state=CONNECTING
06-10 19:03:21.609   151   316 D Tethering: MasterInitialState.processMessage what=3
06-10 19:03:21.660 10121 10121 I MediaUploader: No need to wake up
06-10 19:03:21.668  9870  9883 D PicasaSyncManager: active network: NetworkInfo: type: mobile[CDMA - EvDo rev. A], state: CONNECTED/CONNECTED, reason: (unspecified), extra: , roaming: false, failover: false, isAvailable: true
06-10 19:03:21.668  9870  9883 D PicasaSyncManager: background data: true
06-10 19:03:22.113   151   313 D ConnectivityService: handleInetConditionHoldEnd: net=0, condition=100, published condition=0
06-10 19:03:24.066   559   561 D dalvikvm: GC_CONCURRENT freed 569K, 8% free 11122K/11975K, paused 2ms+3ms
06-10 19:04:35.242  9440 12347 I Gmail   : MainSyncRequestProto: lowestBkwdConvoId: 0, highestHandledServerOp: 3949832, normalSync: true
06-10 19:04:36.285  9440  9443 D dalvikvm: GC_CONCURRENT freed 376K, 11% free 9868K/11015K, paused 2ms+3ms
06-10 19:04:46.488  9440 12347 D dalvikvm: GC_EXPLICIT freed 402K, 12% free 9800K/11015K, paused 2ms+2ms
06-10 19:04:46.500  9440 12347 I Gmail   : MainSyncRequestProto: lowestBkwdConvoId: 0, highestHandledServerOp: 3949862, normalSync: true
06-10 19:04:50.941  9440 12347 D dalvikvm: GC_EXPLICIT freed 271K, 11% free 9823K/11015K, paused 4ms+3ms
06-10 19:04:50.949  9440 12347 I Gmail   : MainSyncRequestProto: lowestBkwdConvoId: 0, highestHandledServerOp: 3949862, normalSync: true
06-10 19:04:50.964  9440 12347 W Gmail   : Scheduling index for 300000 ms from now
06-10 19:04:50.984  9440 12347 I Gmail   : Sending notification intent: Intent { act=android.intent.action.PROVIDER_CHANGED dat=content://gmail-ls/unread/^i (has extras) }
06-10 19:04:51.031  9440 12350 W Gmail   : Showing notification with unreadCount of 126 and unseenCount of 126
06-10 19:07:22.058   151   491 D AlarmManagerService: Kernel timezone updated to 240 minutes west of GMT
06-10 19:08:07.300  9440 12352 I Gmail   : MainSyncRequestProto: lowestBkwdConvoId: 0, highestHandledServerOp: 3949862, normalSync: true
06-10 19:08:07.714   470   470 D SAN_SERVICE: *******************************************
06-10 19:08:07.714   470   470 D SAN_SERVICE: DM App Phone Service State - 0
06-10 19:08:07.714   470   470 D SAN_SERVICE: *******************************************
06-10 19:08:09.324  9440  9443 D dalvikvm: GC_CONCURRENT freed 412K, 11% free 9823K/11015K, paused 8ms+4ms
06-10 19:08:09.402  9440 12352 D dalvikvm: GC_EXPLICIT freed 59K, 12% free 9802K/11015K, paused 2ms+3ms
06-10 19:08:09.410  9440 12352 I Gmail   : MainSyncRequestProto: lowestBkwdConvoId: 0, highestHandledServerOp: 3949884, normalSync: true
06-10 19:08:11.382  9440 12352 D dalvikvm: GC_EXPLICIT freed 170K, 11% free 9827K/11015K, paused 2ms+3ms
06-10 19:08:11.390  9440 12352 I Gmail   : MainSyncRequestProto: lowestBkwdConvoId: 0, highestHandledServerOp: 3949884, normalSync: true
06-10 19:08:11.402  9440 12352 W Gmail   : Scheduling index for 300000 ms from now
06-10 19:08:11.429  9440 12352 I Gmail   : Sending notification intent: Intent { act=android.intent.action.PROVIDER_CHANGED dat=content://gmail-ls/unread/^i (has extras) }
06-10 19:08:11.472  9440 12353 W Gmail   : Showing notification with unreadCount of 127 and unseenCount of 127
06-10 19:08:36.468   470   470 D SAN_SERVICE: *******************************************
06-10 19:08:36.468   470   470 D SAN_SERVICE: DM App Phone Service State - 0
06-10 19:08:36.468   470   470 D SAN_SERVICE: *******************************************
06-10 19:13:37.101   389   391 D dalvikvm: GC_CONCURRENT freed 602K, 21% free 10891K/13639K, paused 7ms+3ms
06-10 19:18:36.297   151   552 D AlarmManagerService: Kernel timezone updated to 240 minutes west of GMT
06-10 19:18:36.297   470   470 D SystemClock: Setting time of day to sec=1339370316
06-10 19:18:36.078 10232 10246 V AlarmClock: AlarmInitReceiver finished
06-10 19:18:36.957  8314  8327 I PhoneLab-: Service Running
06-10 19:18:36.957   151   153 D dalvikvm: GC_CONCURRENT freed 1557K, 27% free 15755K/21383K, paused 25ms+7ms
06-10 19:18:38.031  8314  8327 I PhoneLab-LoggerService: app_38    6772  1     1716   1276  c00f181c 400107b4 S logcat
06-10 19:18:38.031  8314  8327 I PhoneLab-LoggerService: Logcat pid from database 6772
06-10 19:18:38.031  8314  8327 I PhoneLab-LoggerService: Logcat process found 6772
06-10 19:18:38.031  8314  8327 I PhoneLab-LoggerService: Checking Threshold
06-10 19:18:38.031  8314  8327 I PhoneLab-: Service Running
