06-08 15:14:14.238  2137  2241 I PhoneLab-: Service Running
06-08 15:14:14.308  2137  2241 I PhoneLab-LoggerService: app_38    1301  1     1788   1348  c00f181c 400107b4 S logcat
06-08 15:14:14.308  2137  2241 I PhoneLab-LoggerService: Logcat pid from database 1301
06-08 15:14:14.308  2137  2241 I PhoneLab-LoggerService: Logcat process found 1301
06-08 15:14:14.308  2137  2241 I PhoneLab-LoggerService: Checking Threshold
06-08 15:14:14.308  2137  2241 I PhoneLab-LoggerService: Starting to rename files
06-08 15:14:14.308  2137  2241 I PhoneLab-LoggerService: Files found .. 2
06-08 15:14:14.308  2137  2241 I PhoneLab-LoggerService: File 1 log.out.1
06-08 15:14:14.324  2137  2241 I PhoneLab-LoggerService: Renamed successfully
06-08 15:15:09.359  2821  2823 D dalvikvm: GC_CONCURRENT freed 424K, 6% free 10268K/10823K, paused 8ms+8ms
06-08 15:15:09.453   559   561 D dalvikvm: GC_CONCURRENT freed 478K, 12% free 10573K/11975K, paused 2ms+3ms
06-08 15:15:54.921   559   561 D dalvikvm: GC_CONCURRENT freed 337K, 12% free 10629K/11975K, paused 16ms+3ms
06-08 15:15:55.050   389   391 D dalvikvm: GC_CONCURRENT freed 548K, 11% free 10757K/12039K, paused 2ms+3ms
06-08 15:15:55.144   151   153 D dalvikvm: GC_CONCURRENT freed 1123K, 26% free 14005K/18695K, paused 12ms+15ms
06-08 15:15:55.179   151  5747 I AudioService:  AudioFocus  requestAudioFocus() from android.media.AudioManager@41681f88
06-08 15:15:55.214    82   122 D AudioHardware: AudioHardware pcm playback is exiting standby.
06-08 15:15:55.214    82   122 D AudioHardware: openPcmOut_l() mPcmOpenCnt: 0
06-08 15:15:55.304   151  5753 I AudioService:  AudioFocus  abandonAudioFocus() from android.media.AudioManager@41681f88
06-08 15:15:55.398   389   391 D dalvikvm: GC_CONCURRENT freed 58K, 8% free 11192K/12039K, paused 2ms+3ms
06-08 15:15:55.414   389   389 D dalvikvm: GC_FOR_ALLOC freed 310K, 10% free 10881K/12039K, paused 16ms
06-08 15:15:55.562   389   391 D dalvikvm: GC_CONCURRENT freed 488K, 10% free 10954K/12039K, paused 2ms+4ms
06-08 15:15:55.839   389   389 D dalvikvm: GC_FOR_ALLOC freed 154K, 10% free 10900K/12039K, paused 16ms
06-08 15:15:55.886   389   389 D dalvikvm: GC_FOR_ALLOC freed 317K, 10% free 10883K/12039K, paused 15ms
06-08 15:15:55.921   389   389 D dalvikvm: GC_FOR_ALLOC freed 281K, 10% free 10883K/12039K, paused 18ms
06-08 15:15:56.082   389   391 D dalvikvm: GC_CONCURRENT freed 457K, 10% free 10940K/12039K, paused 4ms+3ms
06-08 15:15:56.113   389   389 D dalvikvm: GC_FOR_ALLOC freed 58K, 10% free 10882K/12039K, paused 15ms
06-08 15:15:58.308    82   122 D AudioHardware: AudioHardware pcm playback is going to standby.
06-08 15:15:58.312    82   122 D AudioHardware: closePcmOut_l() mPcmOpenCnt: 1
06-08 15:15:58.894   389   391 D dalvikvm: GC_CONCURRENT freed 237K, 8% free 11192K/12039K, paused 7ms+2ms
06-08 15:16:03.109   389   389 D dalvikvm: GC_FOR_ALLOC freed 441K, 11% free 10765K/12039K, paused 17ms
06-08 15:16:03.140   389   389 D dalvikvm: GC_FOR_ALLOC freed 298K, 11% free 10761K/12039K, paused 17ms
06-08 15:16:03.168   389   389 D dalvikvm: GC_FOR_ALLOC freed 256K, 11% free 10761K/12039K, paused 15ms
06-08 15:16:03.242   389   391 D dalvikvm: GC_CONCURRENT freed 362K, 10% free 10955K/12039K, paused 1ms+2ms
06-08 15:16:11.678   151   193 I ActivityManager: Start proc com.google.android.gm for service com.google.android.gm/.provider.MailSyncAdapterService: pid=5756 uid=10019 gids={3003, 1015}
06-08 15:16:11.787  5756  5756 I ActivityThread: Pub gmail-ls: com.google.android.gm.provider.MailProvider
06-08 15:16:11.811  5756  5756 I ActivityThread: Pub com.google.android.gmail.SuggestionProvider: com.google.android.gm.SuggestionsProvider
06-08 15:16:11.818  5756  5756 I ActivityThread: Pub com.google.android.gm: com.google.android.gm.provider.PublicContentProvider
06-08 15:16:11.951   151   552 D dalvikvm: GC_EXPLICIT freed 473K, 27% free 13769K/18695K, paused 10ms+4ms
06-08 15:16:12.197  5756  5759 D dalvikvm: GC_CONCURRENT freed 243K, 4% free 9229K/9607K, paused 3ms+4ms
06-08 15:16:12.373  5756  5759 D dalvikvm: GC_CONCURRENT freed 263K, 4% free 9473K/9863K, paused 2ms+2ms
06-08 15:16:12.608  5756  5774 I Gmail   : calculateUnknownSyncRationalesAndPurgeInBackground: queueing
06-08 15:16:12.787  5756  5772 I Gmail   : MainSyncRequestProto: lowestBkwdConvoId: 0, highestHandledServerOp: 3941712, normalSync: true
06-08 15:16:12.799  5756  5774 I Gmail   : calculateUnknownSyncRationalesAndPurgeInBackground: queueing
06-08 15:16:12.893  5756  5774 I Gmail   : calculateUnknownSyncRationalesAndPurgeInBackground: running
06-08 15:16:12.928  5756  5774 I Gmail   : calculateUnknownSyncRationalesAndPurgeInBackground: running
06-08 15:16:13.389  5756  5759 D dalvikvm: GC_CONCURRENT freed 460K, 6% free 9464K/10055K, paused 11ms+5ms
06-08 15:16:14.490  5756  5759 D dalvikvm: GC_CONCURRENT freed 367K, 6% free 9490K/10055K, paused 2ms+3ms
06-08 15:16:14.619  5756  5772 D dalvikvm: GC_EXPLICIT freed 167K, 6% free 9477K/10055K, paused 2ms+3ms
06-08 15:16:14.635  5756  5772 I Gmail   : MainSyncRequestProto: lowestBkwdConvoId: 0, highestHandledServerOp: 3941755, normalSync: true
06-08 15:16:15.291  5756  5772 D dalvikvm: GC_FOR_ALLOC freed 247K, 6% free 9535K/10119K, paused 14ms
06-08 15:16:15.647  5756  5772 D dalvikvm: GC_EXPLICIT freed 231K, 6% free 9551K/10119K, paused 9ms+3ms
06-08 15:16:15.658  5756  5772 I Gmail   : MainSyncRequestProto: lowestBkwdConvoId: 0, highestHandledServerOp: 3941755, normalSync: true
06-08 15:16:15.756   151  4679 I ActivityManager: Process com.google.android.talk (pid 5670) has died.
06-08 15:16:15.783  5756  5772 W Gmail   : Scheduling index for 300000 ms from now
06-08 15:16:15.807  2685  2685 W Settings: Setting location_providers_allowed has moved from android.provider.Settings.System to android.provider.Settings.Secure, returning read-only value.
06-08 15:16:15.932  5756  5772 I Gmail   : Sending notification intent: Intent { act=android.intent.action.PROVIDER_CHANGED dat=content://gmail-ls/unread/^i (has extras) }
06-08 15:16:16.049  5756  5772 I Gmail   : Sending notification intent: Intent { act=android.intent.action.PROVIDER_CHANGED dat=content://gmail-ls/unread/^iim (has extras) }
06-08 15:16:16.143  5756  5781 W Gmail   : Showing notification with unreadCount of 112 and unseenCount of 31
06-08 15:16:35.457  2137  2241 I PhoneLab-: Service Running
06-08 15:16:35.562  2137  2138 D dalvikvm: GC_CONCURRENT freed 412K, 14% free 9146K/10631K, paused 6ms+2ms
06-08 15:16:35.562  2137  2241 I PhoneLab-LoggerService: app_38    1301  1     1788   1344  c00f181c 400107b4 S logcat
06-08 15:16:35.566  2137  2241 I PhoneLab-LoggerService: Logcat pid from database 1301
06-08 15:16:35.566  2137  2241 I PhoneLab-LoggerService: Logcat process found 1301
06-08 15:16:35.566  2137  2241 I PhoneLab-LoggerService: Checking Threshold
06-08 15:16:35.570  2137  2241 I PhoneLab-LoggerService: Starting to rename files
06-08 15:16:35.570  2137  2241 I PhoneLab-LoggerService: Files found .. 2
06-08 15:16:39.500   559   561 D dalvikvm: GC_CONCURRENT freed 415K, 11% free 10659K/11975K, paused 2ms+3ms
06-08 15:18:03.453  2685  2687 D dalvikvm: GC_CONCURRENT freed 1890K, 16% free 19638K/23239K, paused 19ms+6ms
06-08 15:18:09.683   559   561 D dalvikvm: GC_CONCURRENT freed 517K, 12% free 10623K/11975K, paused 2ms+3ms
06-08 15:18:09.847  2137  2241 I PhoneLab-: Service Running
06-08 15:18:09.918  2137  2241 I PhoneLab-LoggerService: app_38    1301  1     1788   1344  c00f181c 400107b4 S logcat
06-08 15:18:09.918  2137  2241 I PhoneLab-LoggerService: Logcat pid from database 1301
06-08 15:18:09.918  2137  2241 I PhoneLab-LoggerService: Logcat process found 1301
06-08 15:18:09.918  2137  2241 I PhoneLab-LoggerService: Checking Threshold
06-08 15:18:09.918  2137  2241 I PhoneLab-LoggerService: Starting to rename files
06-08 15:18:09.918  2137  2241 I PhoneLab-LoggerService: Files found .. 2
06-08 15:18:22.074   151   153 D dalvikvm: GC_CONCURRENT freed 950K, 26% free 13892K/18695K, paused 996ms+7ms
06-08 15:18:47.371   559   677 D androidNetworkLocationListeners: Still have listener com.google.android.location.internal.client.NetworkLocationClient$1@41361cd0
06-08 15:18:47.507   389   389 D dalvikvm: GC_FOR_ALLOC freed 635K, 11% free 10765K/12039K, paused 18ms
06-08 15:18:47.527   389   389 D dalvikvm: GC_FOR_ALLOC freed 343K, 11% free 10722K/12039K, paused 16ms
06-08 15:18:47.570   389   389 D dalvikvm: GC_FOR_ALLOC freed 305K, 11% free 10722K/12039K, paused 14ms
06-08 15:18:47.593   389   389 D dalvikvm: GC_FOR_ALLOC freed 300K, 12% free 10644K/12039K, paused 14ms
06-08 15:18:47.593   389   389 I dalvikvm-heap: Grow heap (frag case) to 10.760MB for 310416-byte allocation
06-08 15:18:47.609   389   389 D dalvikvm: GC_FOR_ALLOC freed <1K, 12% free 10947K/12359K, paused 15ms
06-08 15:18:47.671   389   389 D dalvikvm: GC_FOR_ALLOC freed 828K, 16% free 10469K/12359K, paused 15ms
06-08 15:18:47.699   389   389 D dalvikvm: GC_FOR_ALLOC freed 350K, 16% free 10428K/12359K, paused 14ms
06-08 15:18:47.718   389   389 D dalvikvm: GC_FOR_ALLOC freed 293K, 16% free 10391K/12359K, paused 15ms
06-08 15:18:47.746   389   389 D dalvikvm: GC_FOR_ALLOC freed 276K, 17% free 10371K/12359K, paused 14ms
06-08 15:18:47.789   389   391 D dalvikvm: GC_CONCURRENT freed 256K, 15% free 10600K/12359K, paused 2ms+3ms
06-08 15:18:49.468  2821  2823 D dalvikvm: GC_CONCURRENT freed 398K, 5% free 10290K/10823K, paused 6ms+7ms
06-08 15:19:11.593   559  5668 D dalvikvm: GC_EXPLICIT freed 260K, 12% free 10616K/11975K, paused 37ms+3ms
06-08 15:19:11.640  5756  5788 I Gmail   : MainSyncRequestProto: lowestBkwdConvoId: 0, highestHandledServerOp: 3941755, normalSync: true
06-08 15:19:12.601  5756  5788 D dalvikvm: GC_EXPLICIT freed 330K, 6% free 9587K/10119K, paused 2ms+3ms
06-08 15:19:12.609  5756  5788 I Gmail   : MainSyncRequestProto: lowestBkwdConvoId: 0, highestHandledServerOp: 3941755, normalSync: true
06-08 15:19:12.621  5756  5788 W Gmail   : Scheduling index for 300000 ms from now
06-08 15:21:28.418   559   878 I EventLogService: Aggregate from 1339181488196 (log), 1339181488196 (data)
06-08 15:25:47.164  5756  5810 I Gmail   : MainSyncRequestProto: lowestBkwdConvoId: 0, highestHandledServerOp: 3941755, normalSync: true
06-08 15:25:48.039  5756  5759 D dalvikvm: GC_CONCURRENT freed 401K, 6% free 9593K/10119K, paused 2ms+3ms
06-08 15:25:48.152  5756  5810 D dalvikvm: GC_EXPLICIT freed 221K, 6% free 9571K/10119K, paused 2ms+3ms
06-08 15:25:48.164  5756  5810 I Gmail   : MainSyncRequestProto: lowestBkwdConvoId: 0, highestHandledServerOp: 3941785, normalSync: true
06-08 15:25:48.707  5756  5810 D dalvikvm: GC_EXPLICIT freed 324K, 6% free 9596K/10183K, paused 4ms+2ms
06-08 15:25:48.714  5756  5810 I Gmail   : MainSyncRequestProto: lowestBkwdConvoId: 0, highestHandledServerOp: 3941785, normalSync: true
06-08 15:25:48.726  5756  5810 W Gmail   : Scheduling index for 300000 ms from now
06-08 15:25:48.757  5756  5810 I Gmail   : Sending notification intent: Intent { act=android.intent.action.PROVIDER_CHANGED dat=content://gmail-ls/unread/^i (has extras) }
06-08 15:25:48.800  5756  5811 W Gmail   : Showing notification with unreadCount of 113 and unseenCount of 32
06-08 15:25:48.910   389   391 D dalvikvm: GC_CONCURRENT freed 553K, 15% free 10516K/12359K, paused 2ms+3ms
06-08 15:25:48.929   389   389 D dalvikvm: GC_FOR_ALLOC freed 330K, 16% free 10482K/12359K, paused 15ms
06-08 15:25:49.148   389   389 D dalvikvm: GC_FOR_ALLOC freed 635K, 18% free 10145K/12359K, paused 17ms
06-08 15:27:00.074   389   391 D dalvikvm: GC_CONCURRENT freed 138K, 16% free 10448K/12359K, paused 1ms+2ms
06-08 15:27:00.339  5756  5813 I Gmail   : MainSyncRequestProto: lowestBkwdConvoId: 0, highestHandledServerOp: 3941785, normalSync: true
06-08 15:27:01.043  5756  5759 D dalvikvm: GC_CONCURRENT freed 400K, 6% free 9617K/10183K, paused 2ms+2ms
06-08 15:27:01.105  5756  5813 D dalvikvm: GC_EXPLICIT freed 55K, 6% free 9574K/10183K, paused 2ms+2ms
06-08 15:27:01.117  5756  5813 I Gmail   : MainSyncRequestProto: lowestBkwdConvoId: 0, highestHandledServerOp: 3941808, normalSync: true
06-08 15:27:02.109  5756  5813 D dalvikvm: GC_EXPLICIT freed 166K, 6% free 9603K/10183K, paused 8ms+3ms
06-08 15:27:02.117  5756  5813 I Gmail   : MainSyncRequestProto: lowestBkwdConvoId: 0, highestHandledServerOp: 3941810, normalSync: true
06-08 15:27:02.129  5756  5813 W Gmail   : Scheduling index for 300000 ms from now
06-08 15:27:02.152  5756  5813 I Gmail   : Sending notification intent: Intent { act=android.intent.action.PROVIDER_CHANGED dat=content://gmail-ls/unread/^i (has extras) }
06-08 15:27:02.191  5756  5814 W Gmail   : Showing notification with unreadCount of 114 and unseenCount of 33
06-08 15:27:56.507  2137  2137 I PhoneLab-Locks: wake lock acquired
06-08 15:27:56.527  2137  5815 I PhoneLab-PeriodicCheckService: User info is synched
06-08 15:27:56.531  2137  5815 I PhoneLab-PeriodicCheckService: Logger Service is running
06-08 15:27:56.535  2137  2137 I PhoneLab-Locks: wake lock acquired
06-08 15:27:56.539  2137  2137 I PhoneLab-StatusMonitor: Status Monitoring is started
06-08 15:27:56.539  2137  5815 I PhoneLab-Locks: wake lock acquired
06-08 15:27:56.543  2137  5815 I PhoneLab-PeriodicCheckService: Rescheduling periodic checking...
06-08 15:27:56.543  2137  5815 I PhoneLab-Locks: wake lock released
06-08 15:27:56.558  2137  2137 E PhoneLab-PhoneLabManifest: java.io.FileNotFoundException: /data/data/edu.buffalo.cse.phonelab.phonelabservices/files/manifest.xml: open failed: ENOENT (No such file or directory)
06-08 15:27:56.574  2137  2137 I PhoneLab-Locks: wake lock released
06-08 15:27:56.578  2137  2137 I PhoneLab-UploadLogs: Transfering log files now
06-08 15:27:56.632  2137  2138 D dalvikvm: GC_CONCURRENT freed 421K, 14% free 9236K/10631K, paused 2ms+2ms
06-08 15:27:56.660  2137  2137 D dalvikvm: GC_FOR_ALLOC freed 215K, 12% free 9419K/10631K, paused 15ms
06-08 15:27:56.691  2137  2137 I PhoneLab-UploadLogs: OnStartCommand
06-08 15:27:56.711  2137  2138 D dalvikvm: GC_CONCURRENT freed 298K, 10% free 9632K/10631K, paused 1ms+7ms
06-08 15:27:56.757  2137  5817 D dalvikvm: GC_FOR_ALLOC freed 307K, 10% free 9652K/10631K, paused 14ms
06-08 15:27:56.773  2137  5817 D dalvikvm: GC_FOR_ALLOC freed 301K, 10% free 9652K/10631K, paused 14ms
06-08 15:27:56.789  2137  5817 D dalvikvm: GC_FOR_ALLOC freed 301K, 10% free 9653K/10631K, paused 14ms
06-08 15:27:57.957  2137  2137 I PhoneLab-: 1339182854311.log is deleted
06-08 15:27:57.961  2137  2137 I PhoneLab-: Response: {"data": "done", "err": ""}
06-08 15:27:57.972  2137  2137 I PhoneLab-UploadLogs: No log files to transfer
06-08 15:27:57.972  2137  2137 I PhoneLab-Locks: wake lock released
06-08 15:32:54.789  5756  5840 I Gmail   : MainSyncRequestProto: lowestBkwdConvoId: 0, highestHandledServerOp: 3941810, normalSync: true
06-08 15:32:54.894   151   153 D dalvikvm: GC_CONCURRENT freed 1138K, 26% free 13856K/18695K, paused 3ms+6ms
06-08 15:33:02.121  1353  1353 I wpa_supplicant: wlan0: CTRL-EVENT-DISCONNECTED bssid=d0:c2:82:67:e7:61 reason=0
06-08 15:33:02.129    76   114 D CommandListener: Clearing all IP addresses on wlan0
06-08 15:33:02.175   151   313 D ConnectivityService: ConnectivityChange for WIFI: DISCONNECTED/DISCONNECTED
06-08 15:33:02.187   151   313 D ConnectivityService: Attempting to switch to mobile
06-08 15:33:02.226   151   313 D ConnectivityService: Attempting to switch to WIMAX
06-08 15:33:02.230   151   313 D ConnectivityService: Attempting to switch to BLUETOOTH_TETHER
06-08 15:33:02.230   151   313 E ConnectivityService: Exception trying to remove a route: java.lang.IllegalStateException: Unable to communicate with native dameon to add routes - com.android.server.NativeDaemonConnectorException: Cmd {interface route remove wlan0 default 128.205.63.254 32 0.0.0.0} failed with code 400 : {Failed to remove route from default table (No such process)}
06-08 15:33:02.234   151   313 D NetUtils: android_net_utils_resetConnections in env=0x891dc0 clazz=0x1d200001 iface=wlan0 mask=0x3
06-08 15:33:02.234   151   313 E ConnectivityService: Exception trying to remove a route: java.lang.IllegalStateException: Unable to communicate with native dameon to add routes - com.android.server.NativeDaemonConnectorException: Cmd {interface route remove wlan0 default 0.0.0.0 0 128.205.63.254} failed with code 400 : {Failed to remove route from default table (No such process)}
06-08 15:33:02.234   151   313 D ConnectivityService: resetConnections(wlan0, 3)
06-08 15:33:02.293   559  5667 W Smack/Packet: notify conn break (IOEx), close connection
06-08 15:33:02.312  5756  5840 E Gmail   : IOException: Read error: ssl=0x922760: I/O error during system call, Connection timed out
06-08 15:33:02.359  5756  5759 D dalvikvm: GC_CONCURRENT freed 458K, 6% free 9608K/10183K, paused 5ms+3ms
06-08 15:33:02.379   151   193 D SyncManager: failed sync operation drqiao02@gmail.com (com.google), gmail-ls, SERVER, earliestRunTime 4377656, SyncResult: stats [ numIoExceptions: 1]
06-08 15:33:02.457   559  5667 I qtaguid : Failed write_ctrl(u 76) res=-1 errno=22
06-08 15:33:02.457   559  5667 I qtaguid : Untagging socket 76 failed errno=-22
06-08 15:33:02.457   559  5667 W NetworkManagementSocketTagger: untagSocket(76) failed with errno -22
06-08 15:33:02.464   151   313 D ConnectivityService: handleInetConditionChange: no active default network - ignore
06-08 15:33:02.726  1353  1353 I wpa_supplicant: wlan0: Trying to associate with d0:c2:82:66:6f:41 (SSID='UB_Wireless' freq=2462 MHz)
06-08 15:33:02.910  1353  1353 I wpa_supplicant: wlan0: Associated with d0:c2:82:66:6f:41
06-08 15:33:02.914  1353  1353 I wpa_supplicant: wlan0: CTRL-EVENT-CONNECTED - Connection to d0:c2:82:66:6f:41 completed (reauth) [id=0 id_str=]
06-08 15:33:03.558   151   313 D ConnectivityService: ConnectivityChange for WIFI: CONNECTED/CONNECTED
06-08 15:33:03.586  2137  2137 I PhoneLab-WiFiReceiver: Wi-Fi is connected!
06-08 15:33:03.586  2137  2137 I PhoneLab-WiFiReceiver: SSID: UB_Wireless BSSID: d0:c2:82:66:6f:41 RSSI: -200 LinkSpeed: -1
06-08 15:33:03.586  2137  2137 I PhoneLab-Locks: wake lock acquired
06-08 15:33:03.589  2137  2137 I PhoneLab-UploadLogs: Transfering log files now
06-08 15:33:03.589  2137  2137 I PhoneLab-UploadLogs: No log files to transfer
06-08 15:33:03.589  2137  2137 I PhoneLab-Locks: wake lock released
06-08 15:33:03.593  2137  2137 I PhoneLab-UploadLogs: OnStartCommand
06-08 15:33:03.617   151   307 W NetworkStats: dropping UID delta from unknown iface: iface=wlan0 uid=0 set=DEFAULT tag=0x0 rxBytes=0 rxPackets=0 txBytes=140 txPackets=2 operations=0
06-08 15:33:04.566   151   313 D ConnectivityService: NetTransition Wakelock for WifiStateMachine released by timeout
06-08 15:33:07.199   151   316 D Tethering: MasterInitialState.processMessage what=3
06-08 15:33:07.234   559   559 I GTalkService/c: [AndroidEndpoint@1094371424] connect: acct=1000000, state=CONNECTING
06-08 15:33:07.234   559   559 I GTalkService/c: [GTalkConnection@1094665464] connect: acct=1, state=CONNECTING
06-08 15:33:07.261  5647  5647 I MediaUploader: No need to wake up
06-08 15:33:07.265  2137  2137 I PhoneLab-WiFiReceiver: Wi-Fi is disconnected!
06-08 15:33:07.273  5627  5644 D PicasaSyncManager: active network: NetworkInfo: type: WIFI[], state: CONNECTED/CONNECTED, reason: (unspecified), extra: (none), roaming: false, failover: false, isAvailable: true
06-08 15:33:07.277  5627  5644 D PicasaSyncManager: background data: true
06-08 15:33:07.371  5756  5870 I Gmail   : MainSyncRequestProto: lowestBkwdConvoId: 0, highestHandledServerOp: 3941810, normalSync: true
06-08 15:33:08.500   151   316 D Tethering: MasterInitialState.processMessage what=3
06-08 15:33:08.562  5647  5647 I MediaUploader: No need to wake up
06-08 15:33:08.566  5627  5644 D PicasaSyncManager: active network: NetworkInfo: type: WIFI[], state: CONNECTED/CONNECTED, reason: (unspecified), extra: (none), roaming: false, failover: false, isAvailable: true
06-08 15:33:08.566  5627  5644 D PicasaSyncManager: background data: true
06-08 15:33:08.664   559   561 D dalvikvm: GC_CONCURRENT freed 377K, 11% free 10668K/11975K, paused 6ms+3ms
06-08 15:33:08.761   151   557 D dalvikvm: GC_EXPLICIT freed 867K, 26% free 13836K/18695K, paused 6ms+7ms
06-08 15:33:09.332   151   313 D ConnectivityService: ConnectivityChange for mobile: CONNECTED/CONNECTED
06-08 15:33:09.367   151   313 D NetUtils: android_net_utils_resetConnections in env=0x891dc0 clazz=0x32300001 iface=rmnet0 mask=0x3
06-08 15:33:09.367   151   313 D ConnectivityService: ConnectivityChange for mobile: DISCONNECTED/DISCONNECTED
06-08 15:33:09.367   151   313 D ConnectivityService: Attempting to switch to WIFI
06-08 15:33:09.367   151   313 D ConnectivityService: Attempting to switch to WIMAX
06-08 15:33:09.367   151   313 D ConnectivityService: Attempting to switch to BLUETOOTH_TETHER
06-08 15:33:09.367   151   313 D ConnectivityService: resetConnections(rmnet0, 3)
06-08 15:33:09.464   151   313 D ConnectivityService: handleInetConditionHoldEnd: net=1, condition=100, published condition=0
06-08 15:33:10.183   151   168 I ActivityManager: Start proc com.google.android.talk for broadcast com.google.android.talk/.ConnectionStateOnlineReceiver: pid=5878 uid=10047 gids={3003, 1015, 1006, 3002}
06-08 15:33:10.214    80    80 D dalvikvm: GC_EXPLICIT freed 37K, 4% free 9031K/9347K, paused 2ms+2ms
06-08 15:33:10.261    80    80 D dalvikvm: GC_EXPLICIT freed <1K, 4% free 9031K/9347K, paused 4ms+4ms
06-08 15:33:10.300    80    80 D dalvikvm: GC_EXPLICIT freed <1K, 4% free 9031K/9347K, paused 4ms+2ms
06-08 15:33:10.312  5878  5878 I ActivityThread: Pub com.google.android.talk.SuggestionProvider: com.google.android.talk.SuggestionsProvider
06-08 15:33:10.371  5878  5878 D vclib:CallStateClient: startListening
06-08 15:33:10.410  5878  5881 D dalvikvm: GC_CONCURRENT freed 163K, 3% free 9372K/9607K, paused 2ms+2ms
06-08 15:33:10.539  5756  5870 D dalvikvm: GC_EXPLICIT freed 244K, 6% free 9635K/10183K, paused 10ms+33ms
06-08 15:33:10.554  5756  5870 I Gmail   : MainSyncRequestProto: lowestBkwdConvoId: 0, highestHandledServerOp: 3941835, normalSync: true
06-08 15:33:11.000  5582  5583 D dalvikvm: GC_CONCURRENT freed 392K, 6% free 9404K/9927K, paused 25ms+2ms
06-08 15:33:11.308  5756  5870 D dalvikvm: GC_FOR_ALLOC freed 59K, 6% free 9671K/10183K, paused 17ms
06-08 15:33:11.343  5756  5870 D dalvikvm: GC_FOR_ALLOC freed 51K, 6% free 9745K/10311K, paused 18ms
06-08 15:33:11.343  5756  5870 I dalvikvm-heap: Grow heap (frag case) to 9.666MB for 83706-byte allocation
06-08 15:33:11.359  5756  5870 D dalvikvm: GC_FOR_ALLOC freed 40K, 7% free 9786K/10439K, paused 16ms
06-08 15:33:11.586  5756  5870 D dalvikvm: GC_EXPLICIT freed 324K, 8% free 9633K/10439K, paused 4ms+3ms
06-08 15:33:11.593  5756  5870 I Gmail   : MainSyncRequestProto: lowestBkwdConvoId: 0, highestHandledServerOp: 3941835, normalSync: true
06-08 15:33:11.601  5756  5870 W Gmail   : Scheduling index for 300000 ms from now
06-08 15:33:11.632  5756  5870 I Gmail   : Sending notification intent: Intent { act=android.intent.action.PROVIDER_CHANGED dat=content://gmail-ls/unread/^i (has extras) }
06-08 15:33:11.683  5756  5901 W Gmail   : Showing notification with unreadCount of 114 and unseenCount of 34
06-08 15:33:11.777   389   391 D dalvikvm: GC_CONCURRENT freed 461K, 16% free 10490K/12359K, paused 6ms+3ms
06-08 15:33:12.437   151   316 D Tethering: MasterInitialState.processMessage what=3
06-08 15:33:12.468   151   316 D Tethering: MasterInitialState.processMessage what=3
06-08 15:33:12.500  5627  5644 D PicasaSyncManager: active network: NetworkInfo: type: WIFI[], state: CONNECTED/CONNECTED, reason: (unspecified), extra: (none), roaming: false, failover: false, isAvailable: true
06-08 15:33:12.511  5627  5644 D PicasaSyncManager: background data: true
06-08 15:33:12.543  5647  5647 I MediaUploader: No need to wake up
06-08 15:33:12.578  5647  5647 I MediaUploader: No need to wake up
06-08 15:33:12.586  5627  5644 D PicasaSyncManager: active network: NetworkInfo: type: WIFI[], state: CONNECTED/CONNECTED, reason: (unspecified), extra: (none), roaming: false, failover: false, isAvailable: true
06-08 15:33:12.586  5627  5644 D PicasaSyncManager: background data: true
06-08 15:33:12.621   559   561 D dalvikvm: GC_CONCURRENT freed 477K, 11% free 10672K/11975K, paused 2ms+3ms
06-08 15:33:12.996   151   313 D ConnectivityService: handleInetConditionHoldEnd: net=1, condition=100, published condition=100
06-08 15:38:19.140  5756  5904 I Gmail   : MainSyncRequestProto: lowestBkwdConvoId: 0, highestHandledServerOp: 3941835, normalSync: true
06-08 15:38:19.336  5756  5759 D dalvikvm: GC_CONCURRENT freed 362K, 8% free 9673K/10439K, paused 2ms+8ms
06-08 15:38:20.050  5756  5904 D dalvikvm: GC_EXPLICIT freed 73K, 8% free 9645K/10439K, paused 2ms+3ms
06-08 15:38:20.062  5756  5904 I Gmail   : MainSyncRequestProto: lowestBkwdConvoId: 0, highestHandledServerOp: 3941854, normalSync: true
06-08 15:38:21.668  5756  5759 D dalvikvm: GC_CONCURRENT freed 332K, 8% free 9703K/10439K, paused 1ms+2ms
06-08 15:38:21.914  5756  5904 D dalvikvm: GC_EXPLICIT freed 155K, 8% free 9685K/10439K, paused 4ms+7ms
06-08 15:38:21.921  5756  5904 I Gmail   : MainSyncRequestProto: lowestBkwdConvoId: 0, highestHandledServerOp: 3941855, normalSync: true
06-08 15:38:21.988   151   153 D dalvikvm: GC_CONCURRENT freed 1059K, 26% free 13857K/18695K, paused 3ms+5ms
06-08 15:38:21.992  5756  5904 W Gmail   : Scheduling index for 300000 ms from now
06-08 15:38:48.183  2137  2241 I PhoneLab-: Service Running
06-08 15:38:48.226  2137  2138 D dalvikvm: GC_CONCURRENT freed 871K, 14% free 9167K/10631K, paused 2ms+1ms
06-08 15:38:48.230  2137  2241 I PhoneLab-LoggerService: app_38    1301  1     1788   1344  c00f181c 400107b4 S logcat
06-08 15:38:48.230  2137  2241 I PhoneLab-LoggerService: Logcat pid from database 1301
06-08 15:38:48.230  2137  2241 I PhoneLab-LoggerService: Logcat process found 1301
06-08 15:38:48.230  2137  2241 I PhoneLab-LoggerService: Checking Threshold
06-08 15:38:48.230  2137  2241 I PhoneLab-: Service Running
06-08 15:38:48.265  2137  2241 I PhoneLab-LoggerService: app_38    1301  1     1788   1344  c00f181c 400107b4 S logcat
06-08 15:38:48.265  2137  2241 I PhoneLab-LoggerService: Logcat pid from database 1301
06-08 15:38:48.265  2137  2241 I PhoneLab-LoggerService: Logcat process found 1301
06-08 15:38:48.265  2137  2241 I PhoneLab-LoggerService: Checking Threshold
06-08 15:38:48.265  2137  2241 I PhoneLab-: Service Running
06-08 15:38:48.293  2137  2241 I PhoneLab-LoggerService: app_38    1301  1     1788   1344  c00f181c 400107b4 S logcat
06-08 15:38:48.293  2137  2241 I PhoneLab-LoggerService: Logcat pid from database 1301
06-08 15:38:48.293  2137  2241 I PhoneLab-LoggerService: Logcat process found 1301
06-08 15:38:48.293  2137  2241 I PhoneLab-LoggerService: Checking Threshold
06-08 15:38:48.293  2137  2241 I PhoneLab-: Service Running
06-08 15:38:48.316  2137  2241 I PhoneLab-LoggerService: app_38    1301  1     1788   1344  c00f181c 400107b4 S logcat
06-08 15:38:48.320  2137  2241 I PhoneLab-LoggerService: Logcat pid from database 1301
06-08 15:38:48.320  2137  2241 I PhoneLab-LoggerService: Logcat process found 1301
06-08 15:38:48.320  2137  2241 I PhoneLab-LoggerService: Checking Threshold
06-08 15:38:48.320  2137  2241 I PhoneLab-: Service Running
06-08 15:38:48.343  2137  2241 I PhoneLab-LoggerService: app_38    1301  1     1788   1344  c00f181c 400107b4 S logcat
06-08 15:38:48.347  2137  2241 I PhoneLab-LoggerService: Logcat pid from database 1301
06-08 15:38:48.347  2137  2241 I PhoneLab-LoggerService: Logcat process found 1301
06-08 15:38:48.347  2137  2241 I PhoneLab-LoggerService: Checking Threshold
06-08 15:38:48.347  2137  2241 I PhoneLab-: Service Running
06-08 15:38:48.375  2137  2241 I PhoneLab-LoggerService: app_38    1301  1     1788   1344  c00f181c 400107b4 S logcat
06-08 15:38:48.375  2137  2241 I PhoneLab-LoggerService: Logcat pid from database 1301
06-08 15:38:48.375  2137  2241 I PhoneLab-LoggerService: Logcat process found 1301
06-08 15:38:48.375  2137  2241 I PhoneLab-LoggerService: Checking Threshold
06-08 15:38:48.375  2137  2241 I PhoneLab-: Service Running
06-08 15:38:48.402  2137  2241 I PhoneLab-LoggerService: app_38    1301  1     1788   1344  c00f181c 400107b4 S logcat
06-08 15:38:48.402  2137  2241 I PhoneLab-LoggerService: Logcat pid from database 1301
06-08 15:38:48.402  2137  2241 I PhoneLab-LoggerService: Logcat process found 1301
06-08 15:38:48.402  2137  2241 I PhoneLab-LoggerService: Checking Threshold
06-08 15:38:48.402  2137  2241 I PhoneLab-: Service Running
06-08 15:38:48.429  2137  2241 I PhoneLab-LoggerService: app_38    1301  1     1788   1344  c00f181c 400107b4 S logcat
06-08 15:38:48.429  2137  2241 I PhoneLab-LoggerService: Logcat pid from database 1301
06-08 15:38:48.429  2137  2241 I PhoneLab-LoggerService: Logcat process found 1301
06-08 15:38:48.429  2137  2241 I PhoneLab-LoggerService: Checking Threshold
06-08 15:38:48.429  2137  2241 I PhoneLab-: Service Running
06-08 15:38:48.468  2137  2138 D dalvikvm: GC_CONCURRENT freed 420K, 14% free 9160K/10631K, paused 2ms+2ms
06-08 15:38:48.476  2137  2241 I PhoneLab-LoggerService: app_38    1301  1     1788   1344  c00f181c 400107b4 S logcat
06-08 15:38:48.476  2137  2241 I PhoneLab-LoggerService: Logcat pid from database 1301
06-08 15:38:48.476  2137  2241 I PhoneLab-LoggerService: Logcat process found 1301
06-08 15:38:48.476  2137  2241 I PhoneLab-LoggerService: Checking Threshold
06-08 15:38:48.476  2137  2241 I PhoneLab-: Service Running
06-08 15:38:48.507  2137  2241 I PhoneLab-LoggerService: app_38    1301  1     1788   1344  c00f181c 400107b4 S logcat
06-08 15:38:48.507  2137  2241 I PhoneLab-LoggerService: Logcat pid from database 1301
06-08 15:38:48.507  2137  2241 I PhoneLab-LoggerService: Logcat process found 1301
06-08 15:38:48.507  2137  2241 I PhoneLab-LoggerService: Checking Threshold
06-08 15:41:18.136  5756  5917 I Gmail   : MainSyncRequestProto: lowestBkwdConvoId: 0, highestHandledServerOp: 3941855, normalSync: true
06-08 15:41:18.836  5756  5917 D dalvikvm: GC_EXPLICIT freed 169K, 8% free 9663K/10439K, paused 2ms+3ms
06-08 15:41:18.843  5756  5917 I Gmail   : MainSyncRequestProto: lowestBkwdConvoId: 0, highestHandledServerOp: 3941855, normalSync: true
06-08 15:41:18.855  5756  5917 W Gmail   : Scheduling index for 300000 ms from now
06-08 15:44:18.140  5756  5940 I Gmail   : MainSyncRequestProto: lowestBkwdConvoId: 0, highestHandledServerOp: 3941855, normalSync: true
06-08 15:44:18.863  5756  5940 D dalvikvm: GC_EXPLICIT freed 354K, 8% free 9655K/10439K, paused 2ms+3ms
06-08 15:44:18.875  5756  5940 I Gmail   : MainSyncRequestProto: lowestBkwdConvoId: 0, highestHandledServerOp: 3941879, normalSync: true
06-08 15:44:19.687  5756  5940 D dalvikvm: GC_EXPLICIT freed 170K, 8% free 9663K/10439K, paused 2ms+4ms
06-08 15:44:19.695  5756  5940 I Gmail   : MainSyncRequestProto: lowestBkwdConvoId: 0, highestHandledServerOp: 3941879, normalSync: true
06-08 15:44:19.707  5756  5940 W Gmail   : Scheduling index for 300000 ms from now
06-08 15:44:19.730  5756  5940 I Gmail   : Sending notification intent: Intent { act=android.intent.action.PROVIDER_CHANGED dat=content://gmail-ls/unread/^i (has extras) }
06-08 15:44:19.773  5756  5941 W Gmail   : Showing notification with unreadCount of 116 and unseenCount of 36
06-08 15:48:20.054   389   391 D dalvikvm: GC_CONCURRENT freed 496K, 16% free 10485K/12359K, paused 2ms+2ms
06-08 15:51:28.464   559   878 I EventLogService: Aggregate from 1339183288421 (log), 1339183288421 (data)
06-08 15:51:28.472  5756  5759 D dalvikvm: GC_CONCURRENT freed 228K, 6% free 9827K/10439K, paused 4ms+3ms
06-08 15:52:16.132  5756  5759 D dalvikvm: GC_CONCURRENT freed 398K, 5% free 9921K/10439K, paused 2ms+3ms
06-08 15:52:16.156  5756  5943 D dalvikvm: GC_FOR_ALLOC freed 71K, 6% free 9939K/10567K, paused 21ms
06-08 15:52:16.457  5756  5759 D dalvikvm: GC_CONCURRENT freed 419K, 7% free 9911K/10567K, paused 2ms+2ms
06-08 15:52:16.675  5756  5759 D dalvikvm: GC_CONCURRENT freed 371K, 7% free 9928K/10567K, paused 2ms+2ms
06-08 15:52:16.871  5756  5759 D dalvikvm: GC_CONCURRENT freed 360K, 6% free 9960K/10567K, paused 1ms+3ms
06-08 15:52:17.027  5756  5759 D dalvikvm: GC_CONCURRENT freed 541K, 8% free 9817K/10567K, paused 2ms+2ms
06-08 15:52:17.218  5756  5759 D dalvikvm: GC_CONCURRENT freed 381K, 7% free 9833K/10567K, paused 1ms+2ms
06-08 15:52:21.132  5756  5759 D dalvikvm: GC_CONCURRENT freed 409K, 7% free 9841K/10567K, paused 1ms+3ms
06-08 15:52:21.332  5756  5759 D dalvikvm: GC_CONCURRENT freed 402K, 7% free 9829K/10567K, paused 2ms+3ms
06-08 15:52:21.488  5756  5759 D dalvikvm: GC_CONCURRENT freed 368K, 7% free 9852K/10567K, paused 2ms+2ms
06-08 15:52:21.683  5756  5759 D dalvikvm: GC_CONCURRENT freed 412K, 7% free 9833K/10567K, paused 2ms+2ms
06-08 15:52:21.793  5756  5759 D dalvikvm: GC_CONCURRENT freed 331K, 7% free 9918K/10567K, paused 2ms+3ms
06-08 15:52:21.984  5756  5759 D dalvikvm: GC_CONCURRENT freed 373K, 6% free 9935K/10567K, paused 1ms+3ms
06-08 15:57:56.246  5756  5759 D dalvikvm: GC_CONCURRENT freed 369K, 6% free 10010K/10567K, paused 2ms+2ms
06-08 15:57:56.394  5756  5759 D dalvikvm: GC_CONCURRENT freed 576K, 8% free 9864K/10631K, paused 2ms+2ms
06-08 15:57:57.011  2137  2137 I PhoneLab-Locks: wake lock acquired
06-08 15:57:57.023  2137  5966 I PhoneLab-PeriodicCheckService: User info is synched
06-08 15:57:57.023  2137  5966 I PhoneLab-PeriodicCheckService: Logger Service is running
06-08 15:57:57.031  2137  2137 I PhoneLab-Locks: wake lock acquired
06-08 15:57:57.035  2137  2137 I PhoneLab-StatusMonitor: Status Monitoring is started
06-08 15:57:57.039  2137  2137 E PhoneLab-PhoneLabManifest: java.io.FileNotFoundException: /data/data/edu.buffalo.cse.phonelab.phonelabservices/files/manifest.xml: open failed: ENOENT (No such file or directory)
06-08 15:57:57.039  2137  2137 I PhoneLab-Locks: wake lock released
06-08 15:57:57.047  2137  5966 I PhoneLab-Locks: wake lock acquired
06-08 15:57:57.047  2137  2137 I PhoneLab-UploadLogs: Transfering log files now
06-08 15:57:57.050  2137  5966 I PhoneLab-PeriodicCheckService: Rescheduling periodic checking...
06-08 15:57:57.050  2137  2137 I PhoneLab-UploadLogs: No log files to transfer
06-08 15:57:57.050  2137  2137 I PhoneLab-Locks: wake lock released
06-08 15:57:57.050  2137  5966 I PhoneLab-Locks: wake lock released
06-08 15:57:57.054  2137  2137 I PhoneLab-UploadLogs: OnStartCommand
06-08 15:59:17.105  5756  5759 D dalvikvm: GC_CONCURRENT freed 426K, 8% free 9826K/10631K, paused 2ms+2ms
06-08 15:59:17.250  5756  5759 D dalvikvm: GC_CONCURRENT freed 369K, 8% free 9860K/10631K, paused 2ms+2ms
06-08 15:59:17.394  5756  5759 D dalvikvm: GC_CONCURRENT freed 418K, 8% free 9831K/10631K, paused 1ms+2ms
06-08 15:59:17.718  5756  5759 D dalvikvm: GC_CONCURRENT freed 378K, 7% free 9964K/10631K, paused 2ms+2ms
06-08 15:59:17.941  5756  5759 D dalvikvm: GC_CONCURRENT freed 416K, 7% free 9935K/10631K, paused 2ms+2ms
06-08 15:59:18.160  5756  5759 D dalvikvm: GC_CONCURRENT freed 423K, 7% free 9897K/10631K, paused 1ms+6ms
06-08 15:59:18.304  5756  5759 D dalvikvm: GC_CONCURRENT freed 428K, 8% free 9865K/10631K, paused 1ms+3ms
06-08 15:59:18.472  5756  5759 D dalvikvm: GC_CONCURRENT freed 427K, 8% free 9861K/10631K, paused 2ms+2ms
06-08 15:59:18.519  5756  5943 D dalvikvm: GC_FOR_ALLOC freed 310K, 8% free 9877K/10631K, paused 20ms
06-08 15:59:18.613  5756  5759 D dalvikvm: GC_CONCURRENT freed 316K, 7% free 9948K/10631K, paused 2ms+3ms
06-08 15:59:18.836  5756  5759 D dalvikvm: GC_CONCURRENT freed 359K, 7% free 9979K/10631K, paused 2ms+2ms
06-08 15:59:19.062  5756  5759 D dalvikvm: GC_CONCURRENT freed 354K, 6% free 10015K/10631K, paused 1ms+2ms
06-08 15:59:55.152  5756  5969 I Gmail   : MainSyncRequestProto: lowestBkwdConvoId: 0, highestHandledServerOp: 3941879, normalSync: true
06-08 15:59:55.289  5756  5759 D dalvikvm: GC_CONCURRENT freed 360K, 6% free 10045K/10631K, paused 2ms+2ms
06-08 15:59:55.570  5756  5759 D dalvikvm: GC_CONCURRENT freed 346K, 6% free 10089K/10631K, paused 2ms+7ms
06-08 15:59:55.851  5756  5943 D dalvikvm: GC_FOR_ALLOC freed 367K, 5% free 10109K/10631K, paused 19ms
06-08 15:59:55.855  5756  5943 I dalvikvm-heap: Grow heap (frag case) to 10.005MB for 65540-byte allocation
06-08 15:59:55.871  5756  5943 D dalvikvm: GC_FOR_ALLOC freed 0K, 6% free 10173K/10759K, paused 17ms
06-08 15:59:56.554  5756  5969 D dalvikvm: GC_FOR_ALLOC freed 811K, 10% free 9705K/10759K, paused 24ms
06-08 15:59:58.433  5756  5969 D dalvikvm: GC_EXPLICIT freed 305K, 10% free 9696K/10759K, paused 2ms+3ms
06-08 15:59:58.445  5756  5969 I Gmail   : MainSyncRequestProto: lowestBkwdConvoId: 0, highestHandledServerOp: 3941926, normalSync: true
06-08 15:59:59.429  5756  5759 D dalvikvm: GC_CONCURRENT freed 345K, 10% free 9737K/10759K, paused 2ms+3ms
06-08 15:59:59.664  5756  5969 D dalvikvm: GC_EXPLICIT freed 178K, 10% free 9744K/10759K, paused 4ms+2ms
06-08 15:59:59.671  5756  5969 I Gmail   : MainSyncRequestProto: lowestBkwdConvoId: 0, highestHandledServerOp: 3941926, normalSync: true
06-08 15:59:59.679  5756  5969 W Gmail   : Scheduling index for 300000 ms from now
06-08 15:59:59.808   151   193 D dalvikvm: GC_EXPLICIT freed 953K, 26% free 13861K/18695K, paused 4ms+5ms
06-08 15:59:59.820  5756  5971 I Gmail   : MainSyncRequestProto: lowestBkwdConvoId: 0, highestHandledServerOp: 3941926, normalSync: true
06-08 16:00:00.129  5756  5971 D dalvikvm: GC_EXPLICIT freed 170K, 10% free 9718K/10759K, paused 1ms+3ms
06-08 16:00:00.136  5756  5971 I Gmail   : MainSyncRequestProto: lowestBkwdConvoId: 0, highestHandledServerOp: 3941926, normalSync: true
06-08 16:00:00.148  5756  5971 W Gmail   : Scheduling index for 300000 ms from now
06-08 16:05:36.117  5756  5994 I Gmail   : MainSyncRequestProto: lowestBkwdConvoId: 0, highestHandledServerOp: 3941926, normalSync: true
06-08 16:05:37.160  5756  5759 D dalvikvm: GC_CONCURRENT freed 396K, 10% free 9717K/10759K, paused 6ms+11ms
06-08 16:05:37.261  5756  5994 D dalvikvm: GC_EXPLICIT freed 168K, 10% free 9710K/10759K, paused 2ms+2ms
06-08 16:05:37.273  5756  5994 I Gmail   : MainSyncRequestProto: lowestBkwdConvoId: 0, highestHandledServerOp: 3941951, normalSync: true
06-08 16:05:37.925  5756  5994 D dalvikvm: GC_FOR_ALLOC freed 147K, 8% free 9923K/10759K, paused 16ms
06-08 16:05:37.945  5756  5994 D dalvikvm: GC_FOR_ALLOC freed 7K, 7% free 10017K/10759K, paused 16ms
06-08 16:05:37.945  5756  5994 I dalvikvm-heap: Grow heap (frag case) to 10.049MB for 206396-byte allocation
06-08 16:05:37.961  5756  5994 D dalvikvm: GC_FOR_ALLOC freed 100K, 9% free 10117K/11015K, paused 15ms
06-08 16:05:38.152  5756  5994 D dalvikvm: GC_EXPLICIT freed 638K, 12% free 9729K/11015K, paused 4ms+2ms
06-08 16:05:38.160  5756  5994 I Gmail   : MainSyncRequestProto: lowestBkwdConvoId: 0, highestHandledServerOp: 3941951, normalSync: true
06-08 16:05:38.172  5756  5994 W Gmail   : Scheduling index for 300000 ms from now
06-08 16:05:38.195  5756  5994 I Gmail   : Sending notification intent: Intent { act=android.intent.action.PROVIDER_CHANGED dat=content://gmail-ls/unread/^i (has extras) }
06-08 16:05:38.222  5756  5994 D dalvikvm: GC_EXPLICIT freed 90K, 12% free 9718K/11015K, paused 2ms+3ms
06-08 16:05:38.265  5756  5995 W Gmail   : Showing notification with unreadCount of 117 and unseenCount of 38
06-08 16:06:06.183   389   391 D dalvikvm: GC_CONCURRENT freed 506K, 17% free 10364K/12359K, paused 2ms+3ms
06-08 16:09:38.105   470   473 D dalvikvm: GC_CONCURRENT freed 400K, 7% free 9512K/10119K, paused 8ms+2ms
06-08 16:14:55.129  5756  6017 I Gmail   : MainSyncRequestProto: lowestBkwdConvoId: 0, highestHandledServerOp: 3941951, normalSync: true
06-08 16:14:56.300  5756  5759 D dalvikvm: GC_CONCURRENT freed 372K, 12% free 9741K/11015K, paused 3ms+5ms
06-08 16:14:56.394  5756  6017 D dalvikvm: GC_EXPLICIT freed 175K, 12% free 9734K/11015K, paused 2ms+2ms
06-08 16:14:56.406  5756  6017 I Gmail   : MainSyncRequestProto: lowestBkwdConvoId: 0, highestHandledServerOp: 3941973, normalSync: true
06-08 16:14:57.257  5756  6017 D dalvikvm: GC_EXPLICIT freed 159K, 12% free 9759K/11015K, paused 2ms+3ms
06-08 16:14:57.269  5756  6017 I Gmail   : MainSyncRequestProto: lowestBkwdConvoId: 0, highestHandledServerOp: 3941973, normalSync: true
06-08 16:14:57.277  5756  6017 W Gmail   : Scheduling index for 300000 ms from now
06-08 16:14:57.304  5756  6017 I Gmail   : Sending notification intent: Intent { act=android.intent.action.PROVIDER_CHANGED dat=content://gmail-ls/unread/^i (has extras) }
06-08 16:14:57.343  5756  6018 W Gmail   : Showing notification with unreadCount of 118 and unseenCount of 39
06-08 16:16:49.148  5756  6020 I Gmail   : MainSyncRequestProto: lowestBkwdConvoId: 0, highestHandledServerOp: 3941973, normalSync: true
06-08 16:16:50.047  5756  5759 D dalvikvm: GC_CONCURRENT freed 409K, 12% free 9760K/11015K, paused 1ms+2ms
06-08 16:16:50.132  5756  6020 D dalvikvm: GC_EXPLICIT freed 109K, 12% free 9739K/11015K, paused 2ms+3ms
06-08 16:16:50.144  5756  6020 I Gmail   : MainSyncRequestProto: lowestBkwdConvoId: 0, highestHandledServerOp: 3942002, normalSync: true
06-08 16:16:50.195  4723  4723 D dalvikvm: GC_EXPLICIT freed 231K, 6% free 9302K/9799K, paused 1ms+2ms
06-08 16:16:50.965  5756  6020 D dalvikvm: GC_EXPLICIT freed 247K, 12% free 9762K/11015K, paused 5ms+2ms
06-08 16:16:50.972  5756  6020 I Gmail   : MainSyncRequestProto: lowestBkwdConvoId: 0, highestHandledServerOp: 3942002, normalSync: true
06-08 16:16:50.984  5756  6020 W Gmail   : Scheduling index for 300000 ms from now
06-08 16:16:51.019  5756  6020 I Gmail   : Sending notification intent: Intent { act=android.intent.action.PROVIDER_CHANGED dat=content://gmail-ls/unread/^i (has extras) }
06-08 16:16:51.066  5756  6021 W Gmail   : Showing notification with unreadCount of 119 and unseenCount of 40
06-08 16:16:51.160   389   391 D dalvikvm: GC_CONCURRENT freed 352K, 16% free 10488K/12359K, paused 1ms+3ms
06-08 16:16:51.300  2137  2241 I PhoneLab-: Service Running
06-08 16:16:51.394  2137  2241 I PhoneLab-LoggerService: app_38    1301  1     1788   1344  c00f181c 400107b4 S logcat
06-08 16:16:51.394  2137  2241 I PhoneLab-LoggerService: Logcat pid from database 1301
06-08 16:16:51.394  2137  2241 I PhoneLab-LoggerService: Logcat process found 1301
06-08 16:16:51.394  2137  2241 I PhoneLab-LoggerService: Checking Threshold
06-08 16:16:51.394  2137  2241 I PhoneLab-: Service Running
06-08 16:16:51.425  2137  2241 I PhoneLab-LoggerService: app_38    1301  1     1788   1344  c00f181c 400107b4 S logcat
06-08 16:16:51.429  2137  2241 I PhoneLab-LoggerService: Logcat pid from database 1301
06-08 16:16:51.429  2137  2241 I PhoneLab-LoggerService: Logcat process found 1301
06-08 16:16:51.429  2137  2241 I PhoneLab-LoggerService: Checking Threshold
06-08 16:16:51.429  2137  2241 I PhoneLab-: Service Running
06-08 16:16:51.461  2137  2241 I PhoneLab-LoggerService: app_38    1301  1     1788   1344  c00f181c 400107b4 S logcat
06-08 16:16:51.461  2137  2241 I PhoneLab-LoggerService: Logcat pid from database 1301
06-08 16:16:51.461  2137  2241 I PhoneLab-LoggerService: Logcat process found 1301
06-08 16:16:51.461  2137  2241 I PhoneLab-LoggerService: Checking Threshold
06-08 16:16:51.461  2137  2241 I PhoneLab-: Service Running
06-08 16:16:51.492  2137  2241 I PhoneLab-LoggerService: app_38    1301  1     1788   1344  c00f181c 400107b4 S logcat
06-08 16:16:51.496  2137  2241 I PhoneLab-LoggerService: Logcat pid from database 1301
06-08 16:16:51.496  2137  2241 I PhoneLab-LoggerService: Logcat process found 1301
06-08 16:16:51.496  2137  2241 I PhoneLab-LoggerService: Checking Threshold
06-08 16:16:51.496  2137  2241 I PhoneLab-: Service Running
06-08 16:16:51.527  2137  2241 I PhoneLab-LoggerService: app_38    1301  1     1788   1344  c00f181c 400107b4 S logcat
06-08 16:16:51.527  2137  2241 I PhoneLab-LoggerService: Logcat pid from database 1301
06-08 16:16:51.527  2137  2241 I PhoneLab-LoggerService: Logcat process found 1301
06-08 16:16:51.527  2137  2241 I PhoneLab-LoggerService: Checking Threshold
06-08 16:16:51.527  2137  2241 I PhoneLab-: Service Running
06-08 16:16:51.578  2137  2138 D dalvikvm: GC_CONCURRENT freed 433K, 14% free 9148K/10631K, paused 2ms+5ms
06-08 16:16:51.578  2137  2241 I PhoneLab-LoggerService: app_38    1301  1     1788   1344  c00f181c 400107b4 S logcat
06-08 16:16:51.582  2137  2241 I PhoneLab-LoggerService: Logcat pid from database 1301
06-08 16:16:51.586  2137  2241 I PhoneLab-LoggerService: Logcat process found 1301
06-08 16:16:51.586  2137  2241 I PhoneLab-LoggerService: Checking Threshold
06-08 16:16:51.586  2137  2241 I PhoneLab-: Service Running
06-08 16:16:51.621  2137  2241 I PhoneLab-LoggerService: app_38    1301  1     1788   1344  c00f181c 400107b4 S logcat
06-08 16:16:51.625  2137  2241 I PhoneLab-LoggerService: Logcat pid from database 1301
06-08 16:16:51.625  2137  2241 I PhoneLab-LoggerService: Logcat process found 1301
06-08 16:16:51.625  2137  2241 I PhoneLab-LoggerService: Checking Threshold
06-08 16:16:51.625  2137  2241 I PhoneLab-: Service Running
06-08 16:16:51.652  2137  2241 I PhoneLab-LoggerService: app_38    1301  1     1788   1344  c00f181c 400107b4 S logcat
06-08 16:16:51.652  2137  2241 I PhoneLab-LoggerService: Logcat pid from database 1301
06-08 16:16:51.652  2137  2241 I PhoneLab-LoggerService: Logcat process found 1301
06-08 16:16:51.652  2137  2241 I PhoneLab-LoggerService: Checking Threshold
06-08 16:16:51.656  2137  2241 I PhoneLab-: Service Running
06-08 16:16:51.679  2137  2241 I PhoneLab-LoggerService: app_38    1301  1     1788   1344  c00f181c 400107b4 S logcat
06-08 16:16:51.683  2137  2241 I PhoneLab-LoggerService: Logcat pid from database 1301
06-08 16:16:51.683  2137  2241 I PhoneLab-LoggerService: Logcat process found 1301
06-08 16:16:51.683  2137  2241 I PhoneLab-LoggerService: Checking Threshold
06-08 16:16:51.683  2137  2241 I PhoneLab-: Service Running
06-08 16:16:51.707  2137  2241 I PhoneLab-LoggerService: app_38    1301  1     1788   1344  c00f181c 400107b4 S logcat
06-08 16:16:51.711  2137  2241 I PhoneLab-LoggerService: Logcat pid from database 1301
06-08 16:16:51.711  2137  2241 I PhoneLab-LoggerService: Logcat process found 1301
06-08 16:16:51.711  2137  2241 I PhoneLab-LoggerService: Checking Threshold
06-08 16:16:51.711  2137  2241 I PhoneLab-: Service Running
06-08 16:16:51.734  2137  2241 I PhoneLab-LoggerService: app_38    1301  1     1788   1344  c00f181c 400107b4 S logcat
06-08 16:16:51.734  2137  2241 I PhoneLab-LoggerService: Logcat pid from database 1301
06-08 16:16:51.734  2137  2241 I PhoneLab-LoggerService: Logcat process found 1301
06-08 16:16:51.738  2137  2241 I PhoneLab-LoggerService: Checking Threshold
06-08 16:16:51.738  2137  2241 I PhoneLab-: Service Running
06-08 16:16:51.761  2137  2241 I PhoneLab-LoggerService: app_38    1301  1     1788   1344  c00f181c 400107b4 S logcat
06-08 16:16:51.765  2137  2241 I PhoneLab-LoggerService: Logcat pid from database 1301
06-08 16:16:51.765  2137  2241 I PhoneLab-LoggerService: Logcat process found 1301
06-08 16:16:51.765  2137  2241 I PhoneLab-LoggerService: Checking Threshold
06-08 16:16:51.765  2137  2241 I PhoneLab-: Service Running
06-08 16:16:51.789  2137  2241 I PhoneLab-LoggerService: app_38    1301  1     1788   1344  c00f181c 400107b4 S logcat
06-08 16:16:51.789  2137  2241 I PhoneLab-LoggerService: Logcat pid from database 1301
06-08 16:16:51.789  2137  2241 I PhoneLab-LoggerService: Logcat process found 1301
06-08 16:16:51.789  2137  2241 I PhoneLab-LoggerService: Checking Threshold
06-08 16:16:51.789  2137  2241 I PhoneLab-: Service Running
06-08 16:16:51.832  2137  2138 D dalvikvm: GC_CONCURRENT freed 392K, 14% free 9147K/10631K, paused 2ms+5ms
06-08 16:16:51.836  2137  2241 I PhoneLab-LoggerService: app_38    1301  1     1788   1344  c00f181c 400107b4 S logcat
06-08 16:16:51.836  2137  2241 I PhoneLab-LoggerService: Logcat pid from database 1301
06-08 16:16:51.836  2137  2241 I PhoneLab-LoggerService: Logcat process found 1301
06-08 16:16:51.836  2137  2241 I PhoneLab-LoggerService: Checking Threshold
06-08 16:16:51.836  2137  2241 I PhoneLab-: Service Running
06-08 16:16:51.867  2137  2241 I PhoneLab-LoggerService: app_38    1301  1     1788   1344  c00f181c 400107b4 S logcat
06-08 16:16:51.867  2137  2241 I PhoneLab-LoggerService: Logcat pid from database 1301
06-08 16:16:51.867  2137  2241 I PhoneLab-LoggerService: Logcat process found 1301
06-08 16:16:51.867  2137  2241 I PhoneLab-LoggerService: Checking Threshold
06-08 16:16:51.867  2137  2241 I PhoneLab-: Service Running
06-08 16:16:51.894  2137  2241 I PhoneLab-LoggerService: app_38    1301  1     1788   1344  c00f181c 400107b4 S logcat
06-08 16:16:51.894  2137  2241 I PhoneLab-LoggerService: Logcat pid from database 1301
06-08 16:16:51.894  2137  2241 I PhoneLab-LoggerService: Logcat process found 1301
06-08 16:16:51.894  2137  2241 I PhoneLab-LoggerService: Checking Threshold
06-08 16:16:51.894  2137  2241 I PhoneLab-: Service Running
06-08 16:16:51.922  2137  2241 I PhoneLab-LoggerService: app_38    1301  1     1788   1344  c00f181c 400107b4 S logcat
06-08 16:16:51.922  2137  2241 I PhoneLab-LoggerService: Logcat pid from database 1301
06-08 16:16:51.922  2137  2241 I PhoneLab-LoggerService: Logcat process found 1301
06-08 16:16:51.922  2137  2241 I PhoneLab-LoggerService: Checking Threshold
06-08 16:16:51.922  2137  2241 I PhoneLab-: Service Running
06-08 16:16:51.949  2137  2241 I PhoneLab-LoggerService: app_38    1301  1     1788   1344  c00f181c 400107b4 S logcat
06-08 16:16:51.949  2137  2241 I PhoneLab-LoggerService: Logcat pid from database 1301
06-08 16:16:51.949  2137  2241 I PhoneLab-LoggerService: Logcat process found 1301
06-08 16:16:51.949  2137  2241 I PhoneLab-LoggerService: Checking Threshold
06-08 16:16:51.949  2137  2241 I PhoneLab-: Service Running
06-08 16:16:51.976  2137  2241 I PhoneLab-LoggerService: app_38    1301  1     1788   1344  c00f181c 400107b4 S logcat
06-08 16:16:51.976  2137  2241 I PhoneLab-LoggerService: Logcat pid from database 1301
06-08 16:16:51.976  2137  2241 I PhoneLab-LoggerService: Logcat process found 1301
06-08 16:16:51.976  2137  2241 I PhoneLab-LoggerService: Checking Threshold
06-08 16:19:32.070   151   206 I power   : *** set_screen_state 1
06-08 16:19:32.082   151   201 I WindowManager: No lock screen!
06-08 16:19:32.089   151   205 I InputDispatcher: Dropped event because input dispatch is disabled.
06-08 16:19:32.109  2685  2685 W Settings: Setting location_providers_allowed has moved from android.provider.Settings.System to android.provider.Settings.Secure, returning read-only value.
06-08 16:19:32.265    79   118 D SurfaceFlinger: Screen about to return, flinger = 0x1061918
06-08 16:19:32.363   485  1497 D NfcService: NFC-C ON
06-08 16:19:32.410   559   677 D androidNetworkLocationListeners: Still have listener com.google.android.location.internal.client.NetworkLocationClient$1@41361cd0
06-08 16:19:32.414   559   677 D androidNetworkLocationListeners: Still have listener com.google.android.location.internal.client.NetworkLocationClient$1@41361cd0
06-08 16:19:32.652   151   153 D dalvikvm: GC_CONCURRENT freed 1077K, 26% free 13886K/18695K, paused 9ms+17ms
06-08 16:19:32.742   389   389 D dalvikvm: GC_FOR_ALLOC freed 316K, 16% free 10407K/12359K, paused 31ms
06-08 16:19:32.789   389   389 D dalvikvm: GC_FOR_ALLOC freed 328K, 17% free 10382K/12359K, paused 28ms
06-08 16:19:33.023   389   391 D dalvikvm: GC_CONCURRENT freed 381K, 16% free 10485K/12359K, paused 4ms+33ms
06-08 16:19:33.351   559   561 D dalvikvm: GC_CONCURRENT freed 380K, 11% free 10726K/11975K, paused 9ms+7ms
06-08 16:19:34.257  2821  2823 D dalvikvm: GC_CONCURRENT freed 419K, 6% free 10282K/10887K, paused 4ms+3ms
06-08 16:19:35.156   559   561 D dalvikvm: GC_CONCURRENT freed 483K, 11% free 10685K/11975K, paused 7ms+5ms
06-08 16:19:37.261   559   561 D dalvikvm: GC_CONCURRENT freed 426K, 11% free 10698K/11975K, paused 2ms+3ms
06-08 16:19:42.363   559   561 D dalvikvm: GC_CONCURRENT freed 432K, 11% free 10699K/11975K, paused 18ms+4ms
06-08 16:20:03.980   151   151 I ActivityManager: Process com.google.android.apps.maps:LocationFriendService (pid 2752) has died.
06-08 16:20:03.980   151   151 W ActivityManager: Scheduling restart of crashed service com.google.android.apps.maps/com.google.googlenav.appwidget.friends.FriendsAppWidgetUpdateService in 5000ms
06-08 16:20:05.070   559  6043 D dalvikvm: GC_EXPLICIT freed 123K, 11% free 10667K/11975K, paused 2ms+5ms
06-08 16:20:09.062   151   168 I ActivityManager: Start proc com.google.android.apps.maps:LocationFriendService for service com.google.android.apps.maps/com.google.googlenav.appwidget.friends.FriendsAppWidgetUpdateService: pid=6044 uid=10056 gids={3003, 1015}
06-08 16:20:09.371  6044  6045 D dalvikvm: GC_CONCURRENT freed 153K, 3% free 9382K/9607K, paused 13ms+2ms
06-08 16:20:09.754  6044  6057 I SqliteDatabaseCpp: sqlite returned: error code = 5, msg = statement aborts at 1: [PRAGMA journal_mode=TRUNCATE] , db=/data/data/com.google.android.apps.maps/databases/webview.db
06-08 16:20:09.847  6044  6045 D dalvikvm: GC_CONCURRENT freed 165K, 3% free 9653K/9927K, paused 2ms+3ms
06-08 16:20:09.859   151   166 W SensorService: Sensor fusion diverged; resetting state.
06-08 16:20:09.910  6044  6053 E SQLiteDatabase: close() was never explicitly called on database '/data/data/com.google.android.apps.maps/databases/webview.db' 
06-08 16:20:09.910  6044  6053 E SQLiteDatabase: android.database.sqlite.DatabaseObjectNotClosedException: Application did not close the cursor or database object that was opened here
06-08 16:20:09.910  6044  6053 E SQLiteDatabase: 	at android.database.sqlite.SQLiteDatabase.<init>(SQLiteDatabase.java:1943)
06-08 16:20:09.910  6044  6053 E SQLiteDatabase: 	at android.database.sqlite.SQLiteDatabase.openDatabase(SQLiteDatabase.java:1007)
06-08 16:20:09.910  6044  6053 E SQLiteDatabase: 	at android.database.sqlite.SQLiteDatabase.openDatabase(SQLiteDatabase.java:986)
06-08 16:20:09.910  6044  6053 E SQLiteDatabase: 	at android.database.sqlite.SQLiteDatabase.openDatabase(SQLiteDatabase.java:962)
06-08 16:20:09.910  6044  6053 E SQLiteDatabase: 	at android.database.sqlite.SQLiteDatabase.openOrCreateDatabase(SQLiteDatabase.java:1043)
06-08 16:20:09.910  6044  6053 E SQLiteDatabase: 	at android.database.sqlite.SQLiteDatabase.openOrCreateDatabase(SQLiteDatabase.java:1036)
06-08 16:20:09.910  6044  6053 E SQLiteDatabase: 	at android.app.ContextImpl.openOrCreateDatabase(ContextImpl.java:761)
06-08 16:20:09.910  6044  6053 E SQLiteDatabase: 	at android.content.ContextWrapper.openOrCreateDatabase(ContextWrapper.java:215)
06-08 16:20:09.910  6044  6053 E SQLiteDatabase: 	at android.webkit.WebViewDatabase.initDatabase(WebViewDatabase.java:223)
06-08 16:20:09.910  6044  6053 E SQLiteDatabase: 	at android.webkit.WebViewDatabase.init(WebViewDatabase.java:209)
06-08 16:20:09.910  6044  6053 E SQLiteDatabase: 	at android.webkit.WebViewDatabase.access$000(WebViewDatabase.java:38)
06-08 16:20:09.910  6044  6053 E SQLiteDatabase: 	at android.webkit.WebViewDatabase$1.run(WebViewDatabase.java:190)
06-08 16:20:10.160   151  1038 D dalvikvm: GC_EXPLICIT freed 608K, 26% free 14020K/18695K, paused 15ms+11ms
06-08 16:20:10.699  4723  4726 D dalvikvm: GC_CONCURRENT freed 332K, 5% free 9403K/9863K, paused 3ms+3ms
06-08 16:20:10.871  4723  4738 V GoogleLoginService: Returning error intent with: ComponentInfo{com.google.android.gsf.login/com.google.android.gsf.login.LoginActivity}
06-08 16:20:11.062  4723  4966 V GoogleLoginService: Returning error intent with: ComponentInfo{com.google.android.gsf.login/com.google.android.gsf.login.LoginActivity}
06-08 16:20:11.218  4723  4734 V GoogleLoginService: Returning error intent with: ComponentInfo{com.google.android.gsf.login/com.google.android.gsf.login.LoginActivity}
06-08 16:20:25.109  2137  2241 I PhoneLab-: Service Running
06-08 16:20:25.160  2137  2241 I PhoneLab-LoggerService: app_38    1301  1     1788   1344  c00f181c 400107b4 S logcat
06-08 16:20:25.160  2137  2241 I PhoneLab-LoggerService: Logcat pid from database 1301
06-08 16:20:25.160  2137  2241 I PhoneLab-LoggerService: Logcat process found 1301
06-08 16:20:25.160  2137  2241 I PhoneLab-LoggerService: Checking Threshold
06-08 16:20:25.164  2137  2241 I PhoneLab-: Service Running
06-08 16:20:25.195  2137  2241 I PhoneLab-LoggerService: app_38    1301  1     1788   1344  c00f181c 400107b4 S logcat
06-08 16:20:25.195  2137  2241 I PhoneLab-LoggerService: Logcat pid from database 1301
06-08 16:20:25.195  2137  2241 I PhoneLab-LoggerService: Logcat process found 1301
06-08 16:20:25.195  2137  2241 I PhoneLab-LoggerService: Checking Threshold
06-08 16:20:46.480   151   166 W SensorService: Sensor fusion diverged; resetting state.
06-08 16:21:04.140   559   561 D dalvikvm: GC_CONCURRENT freed 520K, 11% free 10679K/11975K, paused 2ms+4ms
06-08 16:21:07.570    82   122 D AudioHardware: AudioHardware pcm playback is exiting standby.
06-08 16:21:07.570    82   122 D AudioHardware: openPcmOut_l() mPcmOpenCnt: 0
06-08 16:21:07.863  2685  2687 D dalvikvm: GC_CONCURRENT freed 2167K, 17% free 19493K/23239K, paused 4ms+11ms
06-08 16:21:10.152   151  4678 I ActivityManager: Process com.google.android.apps.maps:MapsBackgroundService (pid 2792) has died.
06-08 16:21:10.156   151  4678 W ActivityManager: Scheduling restart of crashed service com.google.android.apps.maps/com.google.googlenav.networkinitiated.NetworkInitiatedService in 4266388ms
06-08 16:21:10.668    82   122 D AudioHardware: AudioHardware pcm playback is going to standby.
06-08 16:21:10.668    82   122 D AudioHardware: closePcmOut_l() mPcmOpenCnt: 1
06-08 16:21:11.359  2685  2687 D dalvikvm: GC_CONCURRENT freed 2003K, 17% free 19513K/23239K, paused 8ms+11ms
06-08 16:21:12.168    82   122 D AudioHardware: AudioHardware pcm playback is exiting standby.
06-08 16:21:12.168    82   122 D AudioHardware: openPcmOut_l() mPcmOpenCnt: 0
06-08 16:21:15.265    82   122 D AudioHardware: AudioHardware pcm playback is going to standby.
06-08 16:21:15.265    82   122 D AudioHardware: closePcmOut_l() mPcmOpenCnt: 1
06-08 16:21:16.492    82   122 D AudioHardware: AudioHardware pcm playback is exiting standby.
06-08 16:21:16.492    82   122 D AudioHardware: openPcmOut_l() mPcmOpenCnt: 0
06-08 16:21:19.586    82   122 D AudioHardware: AudioHardware pcm playback is going to standby.
06-08 16:21:19.586    82   122 D AudioHardware: closePcmOut_l() mPcmOpenCnt: 1
06-08 16:21:20.754  2685  2687 D dalvikvm: GC_CONCURRENT freed 2024K, 17% free 19476K/23239K, paused 4ms+10ms
06-08 16:21:21.640   151   166 W SensorService: Sensor fusion diverged; resetting state.
06-08 16:21:27.972    82   122 D AudioHardware: AudioHardware pcm playback is exiting standby.
06-08 16:21:27.972    82   122 D AudioHardware: openPcmOut_l() mPcmOpenCnt: 0
06-08 16:21:28.640   559   881 I EventLogService: Aggregate from 1339185088471 (log), 1339185088471 (data)
06-08 16:21:34.046  2685  2687 D dalvikvm: GC_CONCURRENT freed 1945K, 17% free 19481K/23239K, paused 7ms+9ms
06-08 16:21:41.293  2685  2687 D dalvikvm: GC_CONCURRENT freed 1997K, 17% free 19488K/23239K, paused 10ms+16ms
06-08 16:21:43.613    82   122 D AudioHardware: AudioHardware pcm playback is going to standby.
06-08 16:21:43.613    82   122 D AudioHardware: closePcmOut_l() mPcmOpenCnt: 1
06-08 16:21:47.207   389   391 D dalvikvm: GC_CONCURRENT freed 176K, 14% free 10694K/12359K, paused 22ms+4ms
06-08 16:21:48.222  2137  2241 I PhoneLab-: Service Running
06-08 16:21:48.285  2137  2138 D dalvikvm: GC_CONCURRENT freed 414K, 14% free 9148K/10631K, paused 2ms+3ms
06-08 16:21:48.293  2137  2241 I PhoneLab-LoggerService: app_38    1301  1     1788   1344  c00f181c 400107b4 S logcat
06-08 16:21:48.293  2137  2241 I PhoneLab-LoggerService: Logcat pid from database 1301
06-08 16:21:48.293  2137  2241 I PhoneLab-LoggerService: Logcat process found 1301
06-08 16:21:48.293  2137  2241 I PhoneLab-LoggerService: Checking Threshold
06-08 16:21:58.367   151   166 W SensorService: Sensor fusion diverged; resetting state.
06-08 16:22:02.769   151   153 D dalvikvm: GC_CONCURRENT freed 1014K, 25% free 14139K/18695K, paused 43ms+10ms
06-08 16:22:20.171  2821  2823 D dalvikvm: GC_CONCURRENT freed 378K, 6% free 10287K/10887K, paused 3ms+2ms
06-08 16:22:21.461  4610  4611 D dalvikvm: GC_CONCURRENT freed 407K, 6% free 9065K/9607K, paused 20ms+1ms
06-08 16:22:34.058   559   561 D dalvikvm: GC_CONCURRENT freed 559K, 11% free 10660K/11975K, paused 2ms+5ms
06-08 16:22:44.535   151   166 W SensorService: Sensor fusion diverged; resetting state.
06-08 16:23:21.609   151   166 W SensorService: Sensor fusion diverged; resetting state.
06-08 16:23:48.222  2137  2241 I PhoneLab-: Service Running
06-08 16:23:48.312  2137  2241 I PhoneLab-LoggerService: app_38    1301  1     1788   1344  c00f181c 400107b4 S logcat
06-08 16:23:48.312  2137  2241 I PhoneLab-LoggerService: Logcat pid from database 1301
06-08 16:23:48.312  2137  2241 I PhoneLab-LoggerService: Logcat process found 1301
06-08 16:23:48.312  2137  2241 I PhoneLab-LoggerService: Checking Threshold
06-08 16:23:57.683   151   166 W SensorService: Sensor fusion diverged; resetting state.
06-08 16:24:02.898  1353  1353 I wpa_supplicant: wlan0: Associated with d0:c2:82:67:e7:61
06-08 16:24:02.918  1353  1353 I wpa_supplicant: wlan0: CTRL-EVENT-CONNECTED - Connection to d0:c2:82:67:e7:61 completed (reauth) [id=0 id_str=]
06-08 16:24:04.464   559   561 D dalvikvm: GC_CONCURRENT freed 482K, 12% free 10657K/11975K, paused 3ms+4ms
06-08 16:24:05.086  1353  1353 I wpa_supplicant: wlan0: Associated with d0:c2:82:66:6f:41
06-08 16:24:05.086  1353  1353 I wpa_supplicant: wlan0: CTRL-EVENT-CONNECTED - Connection to d0:c2:82:66:6f:41 completed (reauth) [id=0 id_str=]
06-08 16:24:07.371   151   153 D dalvikvm: GC_CONCURRENT freed 1157K, 25% free 14135K/18695K, paused 3ms+9ms
06-08 16:24:28.937  1353  1353 I wpa_supplicant: wlan0: Associated with d0:c2:82:66:5b:71
06-08 16:24:28.980  1353  1353 I wpa_supplicant: wlan0: CTRL-EVENT-CONNECTED - Connection to d0:c2:82:66:5b:71 completed (reauth) [id=0 id_str=]
06-08 16:24:30.355  1353  1353 I wpa_supplicant: wlan0: Associated with d0:c2:82:66:6f:41
06-08 16:24:30.379  1353  1353 I wpa_supplicant: wlan0: CTRL-EVENT-CONNECTED - Connection to d0:c2:82:66:6f:41 completed (reauth) [id=0 id_str=]
06-08 16:24:30.523   151   166 W SensorService: Sensor fusion diverged; resetting state.
06-08 16:24:51.105  2685  2687 D dalvikvm: GC_CONCURRENT freed 1912K, 16% free 19624K/23239K, paused 80ms+11ms
06-08 16:25:10.730   151   166 W SensorService: Sensor fusion diverged; resetting state.
06-08 16:25:22.808  1353  1353 I wpa_supplicant: wlan0: Associated with d0:c2:82:67:e7:61
06-08 16:25:22.808  1353  1353 I wpa_supplicant: wlan0: CTRL-EVENT-CONNECTED - Connection to d0:c2:82:67:e7:61 completed (reauth) [id=0 id_str=]
06-08 16:25:24.394  1353  1353 I wpa_supplicant: wlan0: Associated with d0:c2:82:66:6f:41
06-08 16:25:24.402  1353  1353 I wpa_supplicant: wlan0: CTRL-EVENT-CONNECTED - Connection to d0:c2:82:66:6f:41 completed (reauth) [id=0 id_str=]
06-08 16:25:34.453  2821  2823 D dalvikvm: GC_CONCURRENT freed 374K, 6% free 10306K/10887K, paused 6ms+16ms
06-08 16:25:34.578   559   561 D dalvikvm: GC_CONCURRENT freed 488K, 11% free 10660K/11975K, paused 3ms+4ms
06-08 16:25:44.711  1353  1353 I wpa_supplicant: wlan0: Associated with d0:c2:82:67:e7:61
06-08 16:25:44.711  1353  1353 I wpa_supplicant: wlan0: CTRL-EVENT-CONNECTED - Connection to d0:c2:82:67:e7:61 completed (reauth) [id=0 id_str=]
06-08 16:25:48.222  2137  2241 I PhoneLab-: Service Running
06-08 16:25:48.300  2137  2241 I PhoneLab-LoggerService: app_38    1301  1     1788   1344  c00f181c 400107b4 S logcat
06-08 16:25:48.300  2137  2241 I PhoneLab-LoggerService: Logcat pid from database 1301
06-08 16:25:48.300  2137  2241 I PhoneLab-LoggerService: Logcat process found 1301
06-08 16:25:48.300  2137  2241 I PhoneLab-LoggerService: Checking Threshold
06-08 16:25:48.832   151   166 W SensorService: Sensor fusion diverged; resetting state.
06-08 16:25:48.859  1353  1353 I wpa_supplicant: wlan0: Associated with d0:c2:82:66:6f:41
06-08 16:25:48.863  1353  1353 I wpa_supplicant: wlan0: CTRL-EVENT-CONNECTED - Connection to d0:c2:82:66:6f:41 completed (reauth) [id=0 id_str=]
06-08 16:26:08.504  1353  1353 I wpa_supplicant: wlan0: Associated with d0:c2:82:67:e7:61
06-08 16:26:08.504  1353  1353 I wpa_supplicant: wlan0: CTRL-EVENT-CONNECTED - Connection to d0:c2:82:67:e7:61 completed (reauth) [id=0 id_str=]
06-08 16:26:09.898  1353  1353 I wpa_supplicant: wlan0: Associated with d0:c2:82:66:6f:41
06-08 16:26:09.898  1353  1353 I wpa_supplicant: wlan0: CTRL-EVENT-CONNECTED - Connection to d0:c2:82:66:6f:41 completed (reauth) [id=0 id_str=]
06-08 16:26:16.476   151   153 D dalvikvm: GC_CONCURRENT freed 1127K, 25% free 14163K/18695K, paused 6ms+9ms
06-08 16:26:31.754   151   166 W SensorService: Sensor fusion diverged; resetting state.
06-08 16:27:04.586   559   561 D dalvikvm: GC_CONCURRENT freed 491K, 11% free 10663K/11975K, paused 3ms+7ms
06-08 16:27:10.097   151   166 W SensorService: Sensor fusion diverged; resetting state.
06-08 16:27:48.101   151   166 W SensorService: Sensor fusion diverged; resetting state.
06-08 16:27:48.250  2137  2241 I PhoneLab-: Service Running
06-08 16:27:48.300  2137  2241 I PhoneLab-LoggerService: app_38    1301  1     1788   1344  c00f181c 400107b4 S logcat
06-08 16:27:48.300  2137  2241 I PhoneLab-LoggerService: Logcat pid from database 1301
06-08 16:27:48.300  2137  2241 I PhoneLab-LoggerService: Logcat process found 1301
06-08 16:27:48.304  2137  2241 I PhoneLab-LoggerService: Checking Threshold
06-08 16:27:57.058  2137  2137 I PhoneLab-Locks: wake lock acquired
06-08 16:27:57.097  2137  6110 I PhoneLab-PeriodicCheckService: User info is synched
06-08 16:27:57.109  2137  6110 I PhoneLab-PeriodicCheckService: Logger Service is running
06-08 16:27:57.117  2137  2137 I PhoneLab-Locks: wake lock acquired
06-08 16:27:57.121  2137  2137 I PhoneLab-StatusMonitor: Status Monitoring is started
06-08 16:27:57.121  2137  6110 I PhoneLab-Locks: wake lock acquired
06-08 16:27:57.125  2137  6110 I PhoneLab-PeriodicCheckService: Rescheduling periodic checking...
06-08 16:27:57.125  2137  6110 I PhoneLab-Locks: wake lock released
06-08 16:27:57.156  2137  2137 E PhoneLab-PhoneLabManifest: java.io.FileNotFoundException: /data/data/edu.buffalo.cse.phonelab.phonelabservices/files/manifest.xml: open failed: ENOENT (No such file or directory)
06-08 16:27:57.175  2137  2137 I PhoneLab-Locks: wake lock released
06-08 16:27:57.175  2137  2137 I PhoneLab-UploadLogs: Transfering log files now
06-08 16:27:57.175  2137  2137 I PhoneLab-UploadLogs: No log files to transfer
06-08 16:27:57.175  2137  2137 I PhoneLab-Locks: wake lock released
06-08 16:27:57.179  2137  2137 I PhoneLab-UploadLogs: OnStartCommand
06-08 16:28:26.484   151   166 W SensorService: Sensor fusion diverged; resetting state.
06-08 16:28:27.871   151   153 D dalvikvm: GC_CONCURRENT freed 1187K, 25% free 14139K/18695K, paused 37ms+10ms
06-08 16:28:34.675   559   561 D dalvikvm: GC_CONCURRENT freed 477K, 11% free 10660K/11975K, paused 2ms+4ms
06-08 16:28:56.539  2685  2687 D dalvikvm: GC_CONCURRENT freed 2079K, 17% free 19466K/23239K, paused 21ms+7ms
06-08 16:29:01.183   151   166 W SensorService: Sensor fusion diverged; resetting state.
06-08 16:29:20.265  2821  2823 D dalvikvm: GC_CONCURRENT freed 442K, 6% free 10310K/10887K, paused 3ms+2ms
06-08 16:29:45.171   151   166 W SensorService: Sensor fusion diverged; resetting state.
06-08 16:29:48.222  2137  2241 I PhoneLab-: Service Running
06-08 16:29:48.308  2137  2241 I PhoneLab-LoggerService: app_38    1301  1     1788   1344  c00f181c 400107b4 S logcat
06-08 16:29:48.308  2137  2241 I PhoneLab-LoggerService: Logcat pid from database 1301
06-08 16:29:48.308  2137  2241 I PhoneLab-LoggerService: Logcat process found 1301
06-08 16:29:48.308  2137  2241 I PhoneLab-LoggerService: Checking Threshold
06-08 16:30:04.781   559   561 D dalvikvm: GC_CONCURRENT freed 477K, 11% free 10660K/11975K, paused 3ms+10ms
06-08 16:30:25.871   151   166 W SensorService: Sensor fusion diverged; resetting state.
06-08 16:30:43.132   151   153 D dalvikvm: GC_CONCURRENT freed 1152K, 25% free 14142K/18695K, paused 19ms+8ms
06-08 16:31:04.199   151   166 W SensorService: Sensor fusion diverged; resetting state.
06-08 16:31:35.011   559   561 D dalvikvm: GC_CONCURRENT freed 483K, 11% free 10663K/11975K, paused 2ms+5ms
06-08 16:31:37.910   151   166 W SensorService: Sensor fusion diverged; resetting state.
06-08 16:31:48.226  2137  2241 I PhoneLab-: Service Running
06-08 16:31:48.296  2137  2241 I PhoneLab-LoggerService: app_38    1301  1     1788   1344  c00f181c 400107b4 S logcat
06-08 16:31:48.296  2137  2241 I PhoneLab-LoggerService: Logcat pid from database 1301
06-08 16:31:48.296  2137  2241 I PhoneLab-LoggerService: Logcat process found 1301
06-08 16:31:48.296  2137  2241 I PhoneLab-LoggerService: Checking Threshold
06-08 16:32:14.621   151   166 W SensorService: Sensor fusion diverged; resetting state.
06-08 16:32:16.453  2685  2687 D dalvikvm: GC_CONCURRENT freed 1899K, 17% free 19488K/23239K, paused 3ms+6ms
06-08 16:32:52.230   151   166 W SensorService: Sensor fusion diverged; resetting state.
06-08 16:32:55.320   151   153 D dalvikvm: GC_CONCURRENT freed 1153K, 25% free 14145K/18695K, paused 3ms+9ms
06-08 16:33:05.078  2821  2823 D dalvikvm: GC_CONCURRENT freed 444K, 6% free 10315K/10887K, paused 5ms+4ms
06-08 16:33:05.171   559   561 D dalvikvm: GC_CONCURRENT freed 478K, 11% free 10660K/11975K, paused 2ms+6ms
06-08 16:33:31.687   151   166 W SensorService: Sensor fusion diverged; resetting state.
06-08 16:33:48.222  2137  2241 I PhoneLab-: Service Running
06-08 16:33:48.261  2137  2241 I PhoneLab-LoggerService: app_38    1301  1     1788   1344  c00f181c 400107b4 S logcat
06-08 16:33:48.261  2137  2241 I PhoneLab-LoggerService: Logcat pid from database 1301
06-08 16:33:48.261  2137  2241 I PhoneLab-LoggerService: Logcat process found 1301
06-08 16:33:48.261  2137  2241 I PhoneLab-LoggerService: Checking Threshold
06-08 16:34:09.558   151   166 W SensorService: Sensor fusion diverged; resetting state.
06-08 16:34:35.289   559   561 D dalvikvm: GC_CONCURRENT freed 477K, 11% free 10658K/11975K, paused 3ms+5ms
06-08 16:34:54.242   151   166 W SensorService: Sensor fusion diverged; resetting state.
06-08 16:34:58.078  5756  5759 D dalvikvm: GC_CONCURRENT freed 232K, 10% free 9947K/11015K, paused 2ms+3ms
06-08 16:34:58.273  5756  5759 D dalvikvm: GC_CONCURRENT freed 437K, 11% free 9896K/11015K, paused 2ms+3ms
06-08 16:34:58.511  5756  5759 D dalvikvm: GC_CONCURRENT freed 381K, 11% free 9900K/11015K, paused 2ms+3ms
06-08 16:34:58.714  5756  5759 D dalvikvm: GC_CONCURRENT freed 404K, 11% free 9881K/11015K, paused 2ms+2ms
06-08 16:34:58.898  5756  5759 D dalvikvm: GC_CONCURRENT freed 379K, 10% free 9926K/11015K, paused 2ms+3ms
06-08 16:34:59.086  5756  5759 D dalvikvm: GC_CONCURRENT freed 412K, 10% free 9939K/11015K, paused 1ms+3ms
06-08 16:34:59.296  5756  5759 D dalvikvm: GC_CONCURRENT freed 490K, 11% free 9911K/11015K, paused 2ms+2ms
06-08 16:34:59.511  5756  5759 D dalvikvm: GC_CONCURRENT freed 425K, 11% free 9874K/11015K, paused 2ms+2ms
06-08 16:34:59.609  5756  5759 D dalvikvm: GC_CONCURRENT freed 309K, 10% free 9951K/11015K, paused 2ms+3ms
06-08 16:34:59.882  5756  5759 D dalvikvm: GC_CONCURRENT freed 352K, 9% free 10046K/11015K, paused 1ms+3ms
06-08 16:35:00.129   151   153 D dalvikvm: GC_CONCURRENT freed 1185K, 25% free 14136K/18695K, paused 3ms+10ms
06-08 16:35:00.257  5756  5759 D dalvikvm: GC_CONCURRENT freed 370K, 9% free 10096K/11015K, paused 2ms+2ms
06-08 16:35:00.425  5756  5759 D dalvikvm: GC_CONCURRENT freed 561K, 10% free 9920K/11015K, paused 2ms+2ms
06-08 16:35:00.593  5756  5759 D dalvikvm: GC_CONCURRENT freed 299K, 9% free 10027K/11015K, paused 1ms+3ms
06-08 16:35:00.789  5756  5759 D dalvikvm: GC_CONCURRENT freed 509K, 11% free 9904K/11015K, paused 1ms+2ms
06-08 16:35:00.914  5756  5759 D dalvikvm: GC_CONCURRENT freed 356K, 10% free 9934K/11015K, paused 2ms+3ms
06-08 16:35:01.140  5756  5759 D dalvikvm: GC_CONCURRENT freed 364K, 10% free 9956K/11015K, paused 2ms+2ms
06-08 16:35:01.359  5756  5759 D dalvikvm: GC_CONCURRENT freed 345K, 10% free 10012K/11015K, paused 2ms+3ms
06-08 16:35:01.566  5756  5759 D dalvikvm: GC_CONCURRENT freed 496K, 10% free 9920K/11015K, paused 2ms+3ms
06-08 16:35:01.808  5756  5759 D dalvikvm: GC_CONCURRENT freed 450K, 11% free 9885K/11015K, paused 3ms+3ms
06-08 16:35:01.988  5756  5759 D dalvikvm: GC_CONCURRENT freed 405K, 11% free 9871K/11015K, paused 2ms+5ms
06-08 16:35:02.160  5756  5759 D dalvikvm: GC_CONCURRENT freed 365K, 11% free 9895K/11015K, paused 1ms+18ms
06-08 16:35:02.351  5756  5759 D dalvikvm: GC_CONCURRENT freed 391K, 11% free 9890K/11015K, paused 2ms+2ms
06-08 16:35:02.554  5756  5759 D dalvikvm: GC_CONCURRENT freed 408K, 11% free 9869K/11015K, paused 2ms+3ms
06-08 16:35:02.742  5756  5759 D dalvikvm: GC_CONCURRENT freed 376K, 11% free 9886K/11015K, paused 2ms+2ms
06-08 16:35:02.921  5756  5759 D dalvikvm: GC_CONCURRENT freed 377K, 11% free 9895K/11015K, paused 2ms+2ms
06-08 16:35:03.097  5756  5759 D dalvikvm: GC_CONCURRENT freed 399K, 11% free 9882K/11015K, paused 2ms+3ms
06-08 16:35:03.277  5756  5759 D dalvikvm: GC_CONCURRENT freed 376K, 11% free 9893K/11015K, paused 3ms+3ms
06-08 16:35:03.492  5756  5759 D dalvikvm: GC_CONCURRENT freed 404K, 11% free 9893K/11015K, paused 2ms+3ms
06-08 16:35:03.687  5756  5759 D dalvikvm: GC_CONCURRENT freed 408K, 10% free 9947K/11015K, paused 2ms+2ms
06-08 16:35:03.726  5756  5759 D dalvikvm: GC_CONCURRENT freed 205K, 7% free 10247K/11015K, paused 3ms+2ms
06-08 16:35:03.746  5756  6141 D dalvikvm: GC_FOR_ALLOC freed 253K, 10% free 9993K/11015K, paused 21ms
06-08 16:35:03.785  5756  6141 D dalvikvm: GC_FOR_ALLOC freed <1K, 7% free 10246K/11015K, paused 21ms
06-08 16:35:03.785  5756  6141 I dalvikvm-heap: Grow heap (frag case) to 10.323MB for 258786-byte allocation
06-08 16:35:03.812  5756  6141 D dalvikvm: GC_FOR_ALLOC freed 390K, 11% free 10108K/11271K, paused 23ms
06-08 16:35:04.023  5756  5759 D dalvikvm: GC_CONCURRENT freed 346K, 10% free 10150K/11271K, paused 2ms+3ms
06-08 16:35:04.285  5756  5759 D dalvikvm: GC_CONCURRENT freed 389K, 10% free 10151K/11271K, paused 2ms+3ms
06-08 16:35:04.507  5756  5759 D dalvikvm: GC_CONCURRENT freed 354K, 10% free 10183K/11271K, paused 3ms+4ms
06-08 16:35:04.761  5756  5759 D dalvikvm: GC_CONCURRENT freed 384K, 10% free 10188K/11271K, paused 1ms+3ms
06-08 16:35:05.011  5756  5759 D dalvikvm: GC_CONCURRENT freed 389K, 10% free 10187K/11271K, paused 2ms+2ms
06-08 16:35:05.195  5756  5759 D dalvikvm: GC_CONCURRENT freed 323K, 10% free 10250K/11271K, paused 2ms+3ms
06-08 16:35:05.437  5756  5759 D dalvikvm: GC_CONCURRENT freed 387K, 10% free 10249K/11271K, paused 2ms+3ms
06-08 16:35:05.679  5756  5759 D dalvikvm: GC_CONCURRENT freed 387K, 10% free 10250K/11271K, paused 2ms+3ms
06-08 16:35:05.929  5756  5759 D dalvikvm: GC_CONCURRENT freed 387K, 10% free 10250K/11271K, paused 2ms+2ms
06-08 16:35:06.160  5756  5759 D dalvikvm: GC_CONCURRENT freed 390K, 10% free 10250K/11271K, paused 2ms+3ms
06-08 16:35:06.269  5756  5759 D dalvikvm: GC_CONCURRENT freed 232K, 8% free 10440K/11271K, paused 1ms+3ms
06-08 16:35:06.461  5756  5759 D dalvikvm: GC_CONCURRENT freed 914K, 13% free 9913K/11271K, paused 2ms+5ms
06-08 16:35:06.679  5756  5759 D dalvikvm: GC_CONCURRENT freed 414K, 13% free 9886K/11271K, paused 2ms+2ms
06-08 16:35:06.781  5756  5759 D dalvikvm: GC_CONCURRENT freed 298K, 12% free 9993K/11271K, paused 2ms+2ms
06-08 16:35:07.066  5756  5759 D dalvikvm: GC_CONCURRENT freed 403K, 12% free 9976K/11271K, paused 2ms+2ms
06-08 16:35:07.304  5756  5759 D dalvikvm: GC_CONCURRENT freed 495K, 12% free 9983K/11271K, paused 1ms+3ms
06-08 16:35:07.535  5756  5759 D dalvikvm: GC_CONCURRENT freed 422K, 12% free 9946K/11271K, paused 2ms+2ms
06-08 16:35:07.738  5756  5759 D dalvikvm: GC_CONCURRENT freed 450K, 12% free 9937K/11271K, paused 2ms+5ms
06-08 16:35:07.957  5756  5759 D dalvikvm: GC_CONCURRENT freed 430K, 12% free 9933K/11271K, paused 3ms+2ms
06-08 16:35:08.171  5756  5759 D dalvikvm: GC_CONCURRENT freed 446K, 13% free 9873K/11271K, paused 2ms+2ms
06-08 16:35:08.359  5756  5759 D dalvikvm: GC_CONCURRENT freed 386K, 13% free 9880K/11271K, paused 3ms+2ms
06-08 16:35:08.546  5756  5759 D dalvikvm: GC_CONCURRENT freed 355K, 13% free 9911K/11271K, paused 2ms+4ms
06-08 16:35:08.730  5756  5759 D dalvikvm: GC_CONCURRENT freed 404K, 13% free 9891K/11271K, paused 3ms+2ms
06-08 16:35:08.894  5756  5759 D dalvikvm: GC_CONCURRENT freed 374K, 13% free 9904K/11271K, paused 2ms+4ms
06-08 16:35:09.101  5756  5759 D dalvikvm: GC_CONCURRENT freed 391K, 13% free 9899K/11271K, paused 2ms+3ms
06-08 16:35:09.316  5756  5759 D dalvikvm: GC_CONCURRENT freed 401K, 13% free 9884K/11271K, paused 2ms+3ms
06-08 16:35:09.515  5756  5759 D dalvikvm: GC_CONCURRENT freed 342K, 12% free 9930K/11271K, paused 2ms+3ms
06-08 16:35:09.730  5756  5759 D dalvikvm: GC_CONCURRENT freed 426K, 13% free 9895K/11271K, paused 1ms+9ms
06-08 16:35:09.910  5756  5759 D dalvikvm: GC_CONCURRENT freed 387K, 13% free 9896K/11271K, paused 2ms+3ms
06-08 16:35:10.140  5756  5759 D dalvikvm: GC_CONCURRENT freed 434K, 12% free 9968K/11271K, paused 2ms+3ms
06-08 16:35:10.324  5756  5759 D dalvikvm: GC_CONCURRENT freed 374K, 12% free 9980K/11271K, paused 3ms+2ms
06-08 16:35:10.582  5756  5759 D dalvikvm: GC_CONCURRENT freed 357K, 12% free 10008K/11271K, paused 2ms+3ms
06-08 16:35:10.699  5756  5759 D dalvikvm: GC_CONCURRENT freed 487K, 13% free 9908K/11271K, paused 2ms+5ms
06-08 16:35:10.937  5756  5759 D dalvikvm: GC_CONCURRENT freed 358K, 12% free 9935K/11271K, paused 2ms+3ms
06-08 16:35:11.113  5756  5759 D dalvikvm: GC_CONCURRENT freed 427K, 13% free 9894K/11271K, paused 1ms+3ms
06-08 16:35:11.254  5756  5759 D dalvikvm: GC_CONCURRENT freed 348K, 12% free 9955K/11271K, paused 2ms+3ms
06-08 16:35:11.539  5756  5759 D dalvikvm: GC_CONCURRENT freed 427K, 12% free 9951K/11271K, paused 2ms+3ms
06-08 16:35:11.601  5756  5759 D dalvikvm: GC_CONCURRENT freed 324K, 12% free 10030K/11271K, paused 3ms+3ms
06-08 16:35:11.847  5756  5759 D dalvikvm: GC_CONCURRENT freed 413K, 12% free 10005K/11271K, paused 2ms+8ms
06-08 16:35:12.117  5756  5759 D dalvikvm: GC_CONCURRENT freed 354K, 11% free 10037K/11271K, paused 1ms+3ms
06-08 16:35:12.437  5756  5759 D dalvikvm: GC_CONCURRENT freed 360K, 11% free 10063K/11271K, paused 2ms+2ms
06-08 16:35:12.754  5756  5759 D dalvikvm: GC_CONCURRENT freed 342K, 11% free 10106K/11271K, paused 2ms+2ms
06-08 16:35:12.757  5756  5763 I dalvikvm: Jit: resizing JitTable from 4096 to 8192
06-08 16:35:12.964  5756  5759 D dalvikvm: GC_CONCURRENT freed 617K, 13% free 9878K/11271K, paused 2ms+3ms
06-08 16:35:13.144  5756  5759 D dalvikvm: GC_CONCURRENT freed 390K, 13% free 9881K/11271K, paused 2ms+4ms
06-08 16:35:13.191  5756  6141 D dalvikvm: GC_FOR_ALLOC freed 281K, 12% free 9969K/11271K, paused 24ms
06-08 16:35:13.250  5756  5759 D dalvikvm: GC_CONCURRENT freed 205K, 10% free 10174K/11271K, paused 3ms+3ms
06-08 16:35:13.488  5756  5759 D dalvikvm: GC_CONCURRENT freed 477K, 11% free 10084K/11271K, paused 2ms+4ms
06-08 16:35:13.718  5756  5759 D dalvikvm: GC_CONCURRENT freed 370K, 11% free 10100K/11271K, paused 2ms+2ms
06-08 16:35:13.925  5756  5759 D dalvikvm: GC_CONCURRENT freed 354K, 11% free 10132K/11271K, paused 2ms+4ms
06-08 16:35:14.168  5756  5759 D dalvikvm: GC_CONCURRENT freed 385K, 11% free 10133K/11271K, paused 2ms+2ms
06-08 16:35:14.406  5756  5759 D dalvikvm: GC_CONCURRENT freed 386K, 11% free 10134K/11271K, paused 2ms+4ms
06-08 16:35:14.648  5756  5759 D dalvikvm: GC_CONCURRENT freed 385K, 11% free 10134K/11271K, paused 2ms+3ms
06-08 16:35:14.828  5756  5759 D dalvikvm: GC_CONCURRENT freed 321K, 10% free 10203K/11271K, paused 1ms+3ms
06-08 16:35:15.062  5756  5759 D dalvikvm: GC_CONCURRENT freed 391K, 10% free 10199K/11271K, paused 2ms+4ms
06-08 16:35:15.195  5756  5759 D dalvikvm: GC_CONCURRENT freed 297K, 9% free 10349K/11271K, paused 2ms+2ms
06-08 16:35:15.379  5756  5759 D dalvikvm: GC_CONCURRENT freed 820K, 13% free 9917K/11271K, paused 2ms+6ms
06-08 16:35:15.586  5756  5759 D dalvikvm: GC_CONCURRENT freed 413K, 13% free 9889K/11271K, paused 2ms+3ms
06-08 16:35:15.769  5756  5759 D dalvikvm: GC_CONCURRENT freed 422K, 13% free 9880K/11271K, paused 2ms+2ms
06-08 16:35:15.902  5756  5759 D dalvikvm: GC_CONCURRENT freed 325K, 12% free 9959K/11271K, paused 2ms+2ms
06-08 16:35:16.152  5756  5759 D dalvikvm: GC_CONCURRENT freed 372K, 12% free 9971K/11271K, paused 2ms+3ms
06-08 16:35:16.355  5756  5759 D dalvikvm: GC_CONCURRENT freed 503K, 13% free 9909K/11271K, paused 2ms+2ms
06-08 16:35:16.554  5756  5759 D dalvikvm: GC_CONCURRENT freed 331K, 12% free 9964K/11271K, paused 2ms+2ms
06-08 16:35:16.750  5756  5759 D dalvikvm: GC_CONCURRENT freed 455K, 13% free 9894K/11271K, paused 2ms+3ms
06-08 16:35:16.957  5756  5759 D dalvikvm: GC_CONCURRENT freed 406K, 13% free 9902K/11271K, paused 2ms+3ms
06-08 16:35:17.148  5756  5759 D dalvikvm: GC_CONCURRENT freed 402K, 13% free 9886K/11271K, paused 2ms+3ms
06-08 16:35:17.347  5756  5759 D dalvikvm: GC_CONCURRENT freed 393K, 13% free 9886K/11271K, paused 1ms+3ms
06-08 16:35:17.539  5756  5759 D dalvikvm: GC_CONCURRENT freed 390K, 13% free 9883K/11271K, paused 2ms+3ms
06-08 16:35:17.687  5756  5759 D dalvikvm: GC_CONCURRENT freed 370K, 12% free 9924K/11271K, paused 2ms+2ms
06-08 16:35:17.925  5756  5759 D dalvikvm: GC_CONCURRENT freed 385K, 12% free 9940K/11271K, paused 2ms+5ms
06-08 16:35:18.109  5756  5759 D dalvikvm: GC_CONCURRENT freed 422K, 13% free 9903K/11271K, paused 2ms+4ms
06-08 16:35:18.234  5756  5759 D dalvikvm: GC_CONCURRENT freed 328K, 11% free 10032K/11271K, paused 2ms+2ms
06-08 16:35:18.476  5756  5759 D dalvikvm: GC_CONCURRENT freed 462K, 12% free 9955K/11271K, paused 1ms+3ms
06-08 16:35:18.664  5756  5759 D dalvikvm: GC_CONCURRENT freed 459K, 12% free 9977K/11271K, paused 2ms+2ms
06-08 16:35:18.836  5756  5759 D dalvikvm: GC_CONCURRENT freed 374K, 12% free 9990K/11271K, paused 2ms+3ms
06-08 16:35:19.125  5756  5759 D dalvikvm: GC_CONCURRENT freed 302K, 11% free 10072K/11271K, paused 2ms+2ms
06-08 16:35:19.355  5756  5759 D dalvikvm: GC_CONCURRENT freed 413K, 11% free 10128K/11271K, paused 3ms+2ms
06-08 16:35:19.558  5756  5759 D dalvikvm: GC_CONCURRENT freed 617K, 13% free 9897K/11271K, paused 3ms+2ms
06-08 16:35:19.746  5756  5759 D dalvikvm: GC_CONCURRENT freed 371K, 13% free 9911K/11271K, paused 2ms+3ms
06-08 16:35:19.972  5756  5759 D dalvikvm: GC_CONCURRENT freed 409K, 13% free 9888K/11271K, paused 2ms+3ms
06-08 16:35:20.179  2821  2823 D dalvikvm: GC_CONCURRENT freed 449K, 6% free 10313K/10887K, paused 4ms+4ms
06-08 16:35:20.351  5756  5759 D dalvikvm: GC_CONCURRENT freed 355K, 13% free 9919K/11271K, paused 26ms+8ms
06-08 16:35:20.562  5756  5759 D dalvikvm: GC_CONCURRENT freed 320K, 12% free 9987K/11271K, paused 2ms+3ms
06-08 16:35:20.742  5756  5759 D dalvikvm: GC_CONCURRENT freed 502K, 13% free 9873K/11271K, paused 2ms+3ms
06-08 16:35:20.929  5756  5759 D dalvikvm: GC_CONCURRENT freed 366K, 13% free 9892K/11271K, paused 2ms+3ms
06-08 16:35:21.109  5756  5759 D dalvikvm: GC_CONCURRENT freed 399K, 13% free 9881K/11271K, paused 2ms+2ms
06-08 16:35:21.371  5756  5759 D dalvikvm: GC_CONCURRENT freed 385K, 13% free 9885K/11271K, paused 3ms+3ms
06-08 16:35:21.558  5756  5759 D dalvikvm: GC_CONCURRENT freed 401K, 13% free 9875K/11271K, paused 2ms+2ms
06-08 16:35:21.730  5756  5759 D dalvikvm: GC_CONCURRENT freed 363K, 13% free 9897K/11271K, paused 2ms+2ms
06-08 16:35:21.925  5756  5759 D dalvikvm: GC_CONCURRENT freed 402K, 13% free 9883K/11271K, paused 2ms+3ms
06-08 16:35:22.093  5756  5759 D dalvikvm: GC_CONCURRENT freed 341K, 12% free 9994K/11271K, paused 2ms+3ms
06-08 16:35:22.230  5756  5759 D dalvikvm: GC_CONCURRENT freed 380K, 12% free 10000K/11271K, paused 2ms+3ms
06-08 16:35:22.480  5756  5759 D dalvikvm: GC_CONCURRENT freed 313K, 11% free 10075K/11271K, paused 3ms+3ms
06-08 16:35:22.789  5756  5759 D dalvikvm: GC_CONCURRENT freed 398K, 11% free 10063K/11271K, paused 2ms+3ms
06-08 16:35:22.941  5756  5759 D dalvikvm: GC_CONCURRENT freed 582K, 13% free 9874K/11271K, paused 2ms+2ms
06-08 16:35:23.089  5756  5759 D dalvikvm: GC_CONCURRENT freed 348K, 13% free 9913K/11271K, paused 3ms+2ms
06-08 16:35:23.328  5756  5759 D dalvikvm: GC_CONCURRENT freed 401K, 12% free 10005K/11271K, paused 2ms+3ms
06-08 16:35:23.601  5756  5759 D dalvikvm: GC_CONCURRENT freed 451K, 12% free 9940K/11271K, paused 3ms+2ms
06-08 16:35:23.828  5756  5759 D dalvikvm: GC_CONCURRENT freed 429K, 12% free 9999K/11271K, paused 2ms+2ms
06-08 16:35:24.027  5756  5759 D dalvikvm: GC_CONCURRENT freed 420K, 12% free 9965K/11271K, paused 1ms+3ms
06-08 16:35:24.265  5756  5759 D dalvikvm: GC_CONCURRENT freed 330K, 12% free 10020K/11271K, paused 2ms+3ms
06-08 16:35:24.414  5756  5759 D dalvikvm: GC_CONCURRENT freed 512K, 13% free 9894K/11271K, paused 2ms+2ms
06-08 16:35:24.589  5756  5759 D dalvikvm: GC_CONCURRENT freed 357K, 12% free 9924K/11271K, paused 3ms+3ms
06-08 16:35:24.800  5756  5759 D dalvikvm: GC_CONCURRENT freed 401K, 13% free 9911K/11271K, paused 2ms+2ms
06-08 16:35:25.023  5756  5759 D dalvikvm: GC_CONCURRENT freed 455K, 13% free 9913K/11271K, paused 1ms+5ms
06-08 16:35:25.238  5756  5759 D dalvikvm: GC_CONCURRENT freed 406K, 13% free 9892K/11271K, paused 2ms+3ms
06-08 16:35:25.441  5756  5759 D dalvikvm: GC_CONCURRENT freed 364K, 13% free 9918K/11271K, paused 2ms+2ms
06-08 16:35:25.640  5756  5759 D dalvikvm: GC_CONCURRENT freed 400K, 13% free 9903K/11271K, paused 3ms+2ms
06-08 16:35:25.812  5756  5759 D dalvikvm: GC_CONCURRENT freed 376K, 13% free 9913K/11271K, paused 2ms+3ms
06-08 16:35:26.015  5756  5759 D dalvikvm: GC_CONCURRENT freed 418K, 13% free 9885K/11271K, paused 2ms+2ms
06-08 16:35:26.175  5756  5759 D dalvikvm: GC_CONCURRENT freed 333K, 12% free 9939K/11271K, paused 2ms+3ms
06-08 16:35:26.394  5756  5759 D dalvikvm: GC_CONCURRENT freed 342K, 11% free 10071K/11271K, paused 2ms+2ms
06-08 16:35:26.597  5756  5759 D dalvikvm: GC_CONCURRENT freed 582K, 13% free 9877K/11271K, paused 2ms+2ms
06-08 16:35:26.793  5756  5759 D dalvikvm: GC_CONCURRENT freed 386K, 13% free 9889K/11271K, paused 2ms+2ms
06-08 16:35:27.011  5756  5759 D dalvikvm: GC_CONCURRENT freed 378K, 13% free 9907K/11271K, paused 2ms+2ms
06-08 16:35:27.203  5756  5759 D dalvikvm: GC_CONCURRENT freed 405K, 13% free 9889K/11271K, paused 2ms+3ms
06-08 16:35:27.398  5756  5759 D dalvikvm: GC_CONCURRENT freed 368K, 13% free 9911K/11271K, paused 2ms+2ms
06-08 16:35:27.539  5756  5759 D dalvikvm: GC_CONCURRENT freed 375K, 12% free 9980K/11271K, paused 2ms+3ms
06-08 16:35:27.800  5756  5759 D dalvikvm: GC_CONCURRENT freed 400K, 12% free 9966K/11271K, paused 2ms+2ms
06-08 16:35:28.031  5756  5759 D dalvikvm: GC_CONCURRENT freed 483K, 13% free 9870K/11271K, paused 2ms+5ms
06-08 16:35:28.398  5756  5759 D dalvikvm: GC_CONCURRENT freed 351K, 13% free 9905K/11271K, paused 2ms+3ms
06-08 16:35:28.687   151   166 W SensorService: Sensor fusion diverged; resetting state.
06-08 16:35:28.695  5756  5759 D dalvikvm: GC_CONCURRENT freed 413K, 13% free 9878K/11271K, paused 2ms+3ms
06-08 16:35:28.836  5756  5759 D dalvikvm: GC_CONCURRENT freed 322K, 12% free 9941K/11271K, paused 2ms+2ms
06-08 16:35:29.086  5756  5759 D dalvikvm: GC_CONCURRENT freed 372K, 12% free 9955K/11271K, paused 2ms+3ms
06-08 16:35:29.289  5756  5759 D dalvikvm: GC_CONCURRENT freed 446K, 12% free 9929K/11271K, paused 2ms+3ms
06-08 16:35:29.406  5756  5759 D dalvikvm: GC_CONCURRENT freed 374K, 12% free 9940K/11271K, paused 3ms+3ms
06-08 16:35:29.636  5756  5759 D dalvikvm: GC_CONCURRENT freed 365K, 12% free 9961K/11271K, paused 2ms+3ms
06-08 16:35:29.836  5756  5759 D dalvikvm: GC_CONCURRENT freed 363K, 11% free 10088K/11271K, paused 3ms+2ms
06-08 16:35:29.972  5756  5759 D dalvikvm: GC_CONCURRENT freed 508K, 11% free 10072K/11271K, paused 2ms+2ms
06-08 16:35:30.207  5756  5759 D dalvikvm: GC_CONCURRENT freed 473K, 12% free 9984K/11271K, paused 2ms+3ms
06-08 16:35:30.484  5756  5759 D dalvikvm: GC_CONCURRENT freed 351K, 12% free 10018K/11271K, paused 2ms+3ms
06-08 16:35:30.675  5756  5759 D dalvikvm: GC_CONCURRENT freed 533K, 13% free 9884K/11271K, paused 2ms+2ms
06-08 16:35:30.796  5756  5759 D dalvikvm: GC_CONCURRENT freed 328K, 12% free 9997K/11271K, paused 3ms+3ms
06-08 16:35:30.847  5756  5759 D dalvikvm: GC_CONCURRENT freed 336K, 10% free 10173K/11271K, paused 2ms+3ms
06-08 16:35:31.191  5756  5759 D dalvikvm: GC_CONCURRENT freed 455K, 11% free 10102K/11271K, paused 2ms+3ms
06-08 16:35:31.531  5756  5759 D dalvikvm: GC_CONCURRENT freed 360K, 11% free 10128K/11271K, paused 2ms+3ms
06-08 16:35:31.855  5756  5759 D dalvikvm: GC_CONCURRENT freed 657K, 13% free 9868K/11271K, paused 1ms+4ms
06-08 16:35:32.050  5756  5759 D dalvikvm: GC_CONCURRENT freed 376K, 13% free 9881K/11271K, paused 3ms+2ms
06-08 16:35:32.242  5756  5759 D dalvikvm: GC_CONCURRENT freed 384K, 13% free 9883K/11271K, paused 2ms+4ms
06-08 16:35:32.429  5756  5759 D dalvikvm: GC_CONCURRENT freed 381K, 13% free 9888K/11271K, paused 2ms+3ms
06-08 16:35:32.578  5756  5759 D dalvikvm: GC_CONCURRENT freed 323K, 12% free 9991K/11271K, paused 2ms+2ms
06-08 16:35:32.726  5756  5759 D dalvikvm: GC_CONCURRENT freed 376K, 12% free 9999K/11271K, paused 2ms+2ms
06-08 16:35:33.015  5756  5759 D dalvikvm: GC_CONCURRENT freed 359K, 12% free 10026K/11271K, paused 2ms+2ms
06-08 16:35:33.316  5756  5759 D dalvikvm: GC_CONCURRENT freed 387K, 11% free 10058K/11271K, paused 2ms+3ms
06-08 16:35:33.488  5756  5759 D dalvikvm: GC_CONCURRENT freed 560K, 12% free 9990K/11271K, paused 3ms+3ms
06-08 16:35:33.718  5756  5759 D dalvikvm: GC_CONCURRENT freed 445K, 12% free 9931K/11271K, paused 3ms+2ms
06-08 16:35:33.875  5756  5759 D dalvikvm: GC_CONCURRENT freed 452K, 13% free 9879K/11271K, paused 2ms+2ms
06-08 16:35:34.058  5756  5759 D dalvikvm: GC_CONCURRENT freed 384K, 13% free 9879K/11271K, paused 2ms+3ms
06-08 16:35:34.293  2685  2687 D dalvikvm: GC_CONCURRENT freed 1876K, 16% free 19533K/23239K, paused 3ms+8ms
06-08 16:35:34.402  5756  5759 D dalvikvm: GC_CONCURRENT freed 352K, 13% free 9915K/11271K, paused 2ms+2ms
06-08 16:35:34.539  5756  5759 D dalvikvm: GC_CONCURRENT freed 400K, 12% free 9964K/11271K, paused 2ms+3ms
06-08 16:35:34.804  5756  5759 D dalvikvm: GC_CONCURRENT freed 360K, 12% free 9989K/11271K, paused 3ms+3ms
06-08 16:35:34.953  5756  5759 D dalvikvm: GC_CONCURRENT freed 510K, 13% free 9870K/11271K, paused 2ms+3ms
06-08 16:35:35.175  5756  5759 D dalvikvm: GC_CONCURRENT freed 378K, 13% free 9875K/11271K, paused 3ms+2ms
06-08 16:35:35.347  5756  5759 D dalvikvm: GC_CONCURRENT freed 362K, 13% free 9899K/11271K, paused 2ms+2ms
06-08 16:35:35.570  5756  5759 D dalvikvm: GC_CONCURRENT freed 395K, 13% free 9890K/11271K, paused 2ms+2ms
06-08 16:35:35.742  5756  5759 D dalvikvm: GC_CONCURRENT freed 348K, 12% free 9929K/11271K, paused 2ms+3ms
06-08 16:35:35.925  5756  5759 D dalvikvm: GC_CONCURRENT freed 465K, 13% free 9909K/11271K, paused 1ms+2ms
06-08 16:35:36.132  5756  5759 D dalvikvm: GC_CONCURRENT freed 439K, 13% free 9900K/11271K, paused 2ms+3ms
06-08 16:35:36.332  5756  5759 D dalvikvm: GC_CONCURRENT freed 402K, 13% free 9884K/11271K, paused 2ms+2ms
06-08 16:35:36.519  5756  5759 D dalvikvm: GC_CONCURRENT freed 368K, 13% free 9903K/11271K, paused 2ms+3ms
06-08 16:35:36.691  5756  5759 D dalvikvm: GC_CONCURRENT freed 408K, 13% free 9886K/11271K, paused 2ms+2ms
06-08 16:35:36.886  5756  5759 D dalvikvm: GC_CONCURRENT freed 414K, 13% free 9886K/11271K, paused 2ms+4ms
06-08 16:35:37.082  5756  5759 D dalvikvm: GC_CONCURRENT freed 344K, 12% free 9929K/11271K, paused 2ms+3ms
06-08 16:35:37.265  5756  5759 D dalvikvm: GC_CONCURRENT freed 477K, 13% free 9908K/11271K, paused 2ms+2ms
06-08 16:35:37.464  5756  5759 D dalvikvm: GC_CONCURRENT freed 410K, 13% free 9885K/11271K, paused 2ms+3ms
06-08 16:35:37.652  5756  5759 D dalvikvm: GC_CONCURRENT freed 372K, 13% free 9901K/11271K, paused 2ms+2ms
06-08 16:35:37.867  5756  5759 D dalvikvm: GC_CONCURRENT freed 403K, 13% free 9883K/11271K, paused 2ms+3ms
06-08 16:35:38.089  5756  5759 D dalvikvm: GC_CONCURRENT freed 379K, 13% free 9891K/11271K, paused 2ms+3ms
06-08 16:35:38.285  5756  5759 D dalvikvm: GC_CONCURRENT freed 403K, 13% free 9884K/11271K, paused 3ms+2ms
06-08 16:35:38.468  5756  5759 D dalvikvm: GC_CONCURRENT freed 375K, 13% free 9895K/11271K, paused 3ms+2ms
06-08 16:35:38.664  5756  5759 D dalvikvm: GC_CONCURRENT freed 414K, 13% free 9871K/11271K, paused 2ms+3ms
06-08 16:35:38.871  5756  5759 D dalvikvm: GC_CONCURRENT freed 369K, 13% free 9888K/11271K, paused 3ms+3ms
06-08 16:35:39.058  5756  5759 D dalvikvm: GC_CONCURRENT freed 372K, 13% free 9900K/11271K, paused 2ms+4ms
06-08 16:35:39.277  5756  5759 D dalvikvm: GC_CONCURRENT freed 418K, 13% free 9871K/11271K, paused 2ms+3ms
06-08 16:35:39.445  5756  5759 D dalvikvm: GC_CONCURRENT freed 386K, 12% free 9948K/11271K, paused 2ms+3ms
06-08 16:35:39.644  5756  5759 D dalvikvm: GC_CONCURRENT freed 452K, 12% free 9921K/11271K, paused 3ms+2ms
06-08 16:35:39.851  5756  5759 D dalvikvm: GC_CONCURRENT freed 436K, 13% free 9872K/11271K, paused 2ms+2ms
06-08 16:35:40.031  5756  5759 D dalvikvm: GC_CONCURRENT freed 427K, 12% free 9940K/11271K, paused 1ms+3ms
06-08 16:35:40.183  5756  5759 D dalvikvm: GC_CONCURRENT freed 369K, 12% free 9959K/11271K, paused 2ms+2ms
06-08 16:35:40.437  5756  5759 D dalvikvm: GC_CONCURRENT freed 351K, 12% free 9993K/11271K, paused 3ms+3ms
06-08 16:35:40.668  5756  5759 D dalvikvm: GC_CONCURRENT freed 501K, 13% free 9879K/11271K, paused 3ms+2ms
06-08 16:35:40.886  5756  5759 D dalvikvm: GC_CONCURRENT freed 377K, 13% free 9907K/11271K, paused 2ms+3ms
06-08 16:35:41.066  5756  5759 D dalvikvm: GC_CONCURRENT freed 373K, 13% free 9919K/11271K, paused 2ms+2ms
06-08 16:35:41.261  5756  5759 D dalvikvm: GC_CONCURRENT freed 430K, 13% free 9880K/11271K, paused 7ms+2ms
06-08 16:35:41.437  5756  5759 D dalvikvm: GC_CONCURRENT freed 375K, 12% free 9958K/11271K, paused 2ms+2ms
06-08 16:35:41.640  5756  5759 D dalvikvm: GC_CONCURRENT freed 476K, 13% free 9867K/11271K, paused 3ms+2ms
06-08 16:35:41.843  5756  5759 D dalvikvm: GC_CONCURRENT freed 335K, 12% free 9920K/11271K, paused 3ms+3ms
06-08 16:35:42.031  5756  5759 D dalvikvm: GC_CONCURRENT freed 419K, 12% free 9932K/11271K, paused 2ms+2ms
06-08 16:35:42.246  5756  5759 D dalvikvm: GC_CONCURRENT freed 436K, 13% free 9887K/11271K, paused 2ms+2ms
06-08 16:35:42.433  5756  5759 D dalvikvm: GC_CONCURRENT freed 404K, 13% free 9873K/11271K, paused 2ms+3ms
06-08 16:35:42.609  5756  5759 D dalvikvm: GC_CONCURRENT freed 365K, 13% free 9895K/11271K, paused 2ms+2ms
06-08 16:35:42.800  5756  5759 D dalvikvm: GC_CONCURRENT freed 402K, 13% free 9884K/11271K, paused 1ms+4ms
06-08 16:35:43.004  5756  5759 D dalvikvm: GC_CONCURRENT freed 356K, 13% free 9913K/11271K, paused 2ms+2ms
06-08 16:35:43.531  5756  5759 D dalvikvm: GC_CONCURRENT freed 416K, 12% free 10000K/11271K, paused 2ms+2ms
06-08 16:35:43.582  5756  5759 D dalvikvm: GC_CONCURRENT freed 336K, 10% free 10176K/11271K, paused 2ms+2ms
06-08 16:35:43.812  5756  5759 D dalvikvm: GC_CONCURRENT freed 457K, 11% free 10104K/11271K, paused 2ms+3ms
06-08 16:35:44.062  5756  5759 D dalvikvm: GC_CONCURRENT freed 385K, 11% free 10105K/11271K, paused 2ms+2ms
06-08 16:35:44.273  5756  5759 D dalvikvm: GC_CONCURRENT freed 353K, 11% free 10138K/11271K, paused 2ms+2ms
06-08 16:35:44.515  5756  5759 D dalvikvm: GC_CONCURRENT freed 386K, 11% free 10138K/11271K, paused 2ms+3ms
06-08 16:35:44.761  5756  5759 D dalvikvm: GC_CONCURRENT freed 385K, 11% free 10141K/11271K, paused 2ms+2ms
06-08 16:35:44.941  5756  5759 D dalvikvm: GC_CONCURRENT freed 325K, 10% free 10203K/11271K, paused 2ms+2ms
06-08 16:35:45.175  5756  5759 D dalvikvm: GC_CONCURRENT freed 387K, 10% free 10204K/11271K, paused 1ms+3ms
06-08 16:35:45.425  5756  5759 D dalvikvm: GC_CONCURRENT freed 389K, 10% free 10204K/11271K, paused 1ms+2ms
06-08 16:35:45.523  5756  5759 D dalvikvm: GC_CONCURRENT freed 245K, 9% free 10359K/11271K, paused 3ms+2ms
06-08 16:35:45.695  5756  5759 D dalvikvm: GC_CONCURRENT freed 818K, 12% free 9926K/11271K, paused 2ms+3ms
06-08 16:35:45.929  5756  5759 D dalvikvm: GC_CONCURRENT freed 355K, 12% free 9957K/11271K, paused 2ms+4ms
06-08 16:35:46.156  5756  5759 D dalvikvm: GC_CONCURRENT freed 352K, 12% free 10010K/11271K, paused 2ms+2ms
06-08 16:35:46.336  5756  5759 D dalvikvm: GC_CONCURRENT freed 502K, 13% free 9894K/11271K, paused 2ms+4ms
06-08 16:35:46.504  5756  5759 D dalvikvm: GC_CONCURRENT freed 390K, 13% free 9914K/11271K, paused 2ms+2ms
06-08 16:35:46.718  5756  5759 D dalvikvm: GC_CONCURRENT freed 416K, 13% free 9883K/11271K, paused 2ms+2ms
06-08 16:35:46.902  5756  5759 D dalvikvm: GC_CONCURRENT freed 384K, 13% free 9887K/11271K, paused 4ms+3ms
06-08 16:35:47.046  5756  5759 D dalvikvm: GC_CONCURRENT freed 338K, 12% free 9953K/11271K, paused 2ms+3ms
06-08 16:35:47.296  5756  5759 D dalvikvm: GC_CONCURRENT freed 399K, 12% free 9939K/11271K, paused 2ms+2ms
06-08 16:35:47.527  5756  5759 D dalvikvm: GC_CONCURRENT freed 461K, 13% free 9892K/11271K, paused 2ms+4ms
06-08 16:35:47.734  5756  5759 D dalvikvm: GC_CONCURRENT freed 413K, 13% free 9874K/11271K, paused 2ms+7ms
06-08 16:35:47.910  5756  5759 D dalvikvm: GC_CONCURRENT freed 343K, 13% free 9916K/11271K, paused 2ms+2ms
06-08 16:35:48.078  5756  5759 D dalvikvm: GC_CONCURRENT freed 460K, 12% free 9934K/11271K, paused 3ms+3ms
06-08 16:35:48.222  2137  2241 I PhoneLab-: Service Running
06-08 16:35:48.230  5756  5759 D dalvikvm: GC_CONCURRENT freed 341K, 12% free 9979K/11271K, paused 2ms+6ms
06-08 16:35:48.289  2137  2138 D dalvikvm: GC_CONCURRENT freed 407K, 14% free 9147K/10631K, paused 2ms+10ms
06-08 16:35:48.308  2137  2241 I PhoneLab-LoggerService: app_38    1301  1     1788   1344  c00f181c 400107b4 S logcat
06-08 16:35:48.308  2137  2241 I PhoneLab-LoggerService: Logcat pid from database 1301
06-08 16:35:48.308  2137  2241 I PhoneLab-LoggerService: Logcat process found 1301
06-08 16:35:48.308  2137  2241 I PhoneLab-LoggerService: Checking Threshold
06-08 16:35:48.550  5756  5759 D dalvikvm: GC_CONCURRENT freed 305K, 11% free 10061K/11271K, paused 3ms+2ms
06-08 16:35:48.761  5756  5759 D dalvikvm: GC_CONCURRENT freed 361K, 11% free 10113K/11271K, paused 2ms+3ms
06-08 16:35:48.988  5756  5759 D dalvikvm: GC_CONCURRENT freed 575K, 12% free 9927K/11271K, paused 3ms+4ms
06-08 16:35:49.179  5756  5759 D dalvikvm: GC_CONCURRENT freed 416K, 13% free 9896K/11271K, paused 1ms+3ms
06-08 16:35:49.379  5756  5759 D dalvikvm: GC_CONCURRENT freed 403K, 13% free 9881K/11271K, paused 1ms+7ms
06-08 16:35:49.582  5756  5759 D dalvikvm: GC_CONCURRENT freed 363K, 13% free 9905K/11271K, paused 1ms+3ms
06-08 16:35:49.804  5756  5759 D dalvikvm: GC_CONCURRENT freed 391K, 13% free 9900K/11271K, paused 2ms+2ms
06-08 16:35:50.011  5756  5759 D dalvikvm: GC_CONCURRENT freed 419K, 13% free 9879K/11271K, paused 2ms+2ms
06-08 16:35:50.191  5756  5759 D dalvikvm: GC_CONCURRENT freed 375K, 12% free 9923K/11271K, paused 2ms+2ms
06-08 16:35:50.363  5756  5759 D dalvikvm: GC_CONCURRENT freed 433K, 13% free 9906K/11271K, paused 1ms+3ms
06-08 16:35:50.570  5756  5759 D dalvikvm: GC_CONCURRENT freed 393K, 13% free 9897K/11271K, paused 2ms+2ms
06-08 16:35:50.746  5756  5759 D dalvikvm: GC_CONCURRENT freed 382K, 13% free 9901K/11271K, paused 2ms+3ms
06-08 16:35:50.925  5756  5759 D dalvikvm: GC_CONCURRENT freed 396K, 12% free 9964K/11271K, paused 1ms+3ms
06-08 16:35:51.140  5756  5759 D dalvikvm: GC_CONCURRENT freed 404K, 12% free 9945K/11271K, paused 2ms+3ms
06-08 16:35:51.316  5756  5759 D dalvikvm: GC_CONCURRENT freed 448K, 13% free 9884K/11271K, paused 2ms+3ms
06-08 16:35:51.511  5756  5759 D dalvikvm: GC_CONCURRENT freed 401K, 13% free 9871K/11271K, paused 1ms+3ms
06-08 16:35:51.707  5756  5759 D dalvikvm: GC_CONCURRENT freed 397K, 13% free 9888K/11271K, paused 2ms+3ms
06-08 16:35:51.871  5756  5759 D dalvikvm: GC_CONCURRENT freed 349K, 12% free 9954K/11271K, paused 2ms+2ms
06-08 16:35:52.082  5756  5759 D dalvikvm: GC_CONCURRENT freed 371K, 12% free 9968K/11271K, paused 2ms+2ms
06-08 16:35:52.265  5756  5759 D dalvikvm: GC_CONCURRENT freed 331K, 11% free 10055K/11271K, paused 2ms+3ms
06-08 16:35:52.437  5756  5759 D dalvikvm: GC_CONCURRENT freed 531K, 12% free 9984K/11271K, paused 3ms+2ms
06-08 16:35:52.695  5756  5759 D dalvikvm: GC_CONCURRENT freed 434K, 12% free 9936K/11271K, paused 2ms+2ms
06-08 16:35:52.816  5756  6141 D dalvikvm: GC_FOR_ALLOC freed 307K, 12% free 10003K/11271K, paused 21ms
06-08 16:35:52.851  5756  5759 D dalvikvm: GC_CONCURRENT freed 133K, 9% free 10295K/11271K, paused 3ms+2ms
06-08 16:35:52.875  5756  6141 D dalvikvm: GC_FOR_ALLOC freed 255K, 11% free 10040K/11271K, paused 21ms
06-08 16:35:52.929  5756  6141 D dalvikvm: GC_FOR_ALLOC freed <1K, 8% free 10384K/11271K, paused 21ms
06-08 16:35:52.933  5756  6141 I dalvikvm-heap: Grow heap (frag case) to 10.546MB for 351848-byte allocation
06-08 16:35:52.953  5756  6141 D dalvikvm: GC_FOR_ALLOC freed 528K, 13% free 10199K/11655K, paused 21ms
06-08 16:35:53.179  5756  5759 D dalvikvm: GC_CONCURRENT freed 369K, 13% free 10243K/11655K, paused 3ms+2ms
06-08 16:35:53.429  5756  5759 D dalvikvm: GC_CONCURRENT freed 390K, 13% free 10241K/11655K, paused 2ms+2ms
06-08 16:35:53.636  5756  5759 D dalvikvm: GC_CONCURRENT freed 353K, 12% free 10276K/11655K, paused 2ms+2ms
06-08 16:35:53.875  5756  5759 D dalvikvm: GC_CONCURRENT freed 391K, 12% free 10274K/11655K, paused 1ms+3ms
06-08 16:35:54.109  5756  5759 D dalvikvm: GC_CONCURRENT freed 387K, 12% free 10275K/11655K, paused 2ms+3ms
06-08 16:35:54.316  5756  5759 D dalvikvm: GC_CONCURRENT freed 364K, 12% free 10340K/11655K, paused 2ms+3ms
06-08 16:35:54.566  5756  5759 D dalvikvm: GC_CONCURRENT freed 386K, 12% free 10340K/11655K, paused 2ms+3ms
06-08 16:35:54.804  5756  5759 D dalvikvm: GC_CONCURRENT freed 385K, 12% free 10340K/11655K, paused 2ms+2ms
06-08 16:35:55.050  5756  5759 D dalvikvm: GC_CONCURRENT freed 386K, 12% free 10341K/11655K, paused 2ms+2ms
06-08 16:35:55.285  5756  5759 D dalvikvm: GC_CONCURRENT freed 387K, 12% free 10341K/11655K, paused 3ms+2ms
06-08 16:35:55.527  5756  5759 D dalvikvm: GC_CONCURRENT freed 385K, 12% free 10341K/11655K, paused 2ms+2ms
06-08 16:35:55.765  5756  5759 D dalvikvm: GC_CONCURRENT freed 386K, 12% free 10341K/11655K, paused 2ms+3ms
06-08 16:35:56.007  5756  5759 D dalvikvm: GC_CONCURRENT freed 385K, 12% free 10344K/11655K, paused 3ms+3ms
06-08 16:35:56.226  5756  5759 D dalvikvm: GC_CONCURRENT freed 389K, 11% free 10464K/11655K, paused 2ms+2ms
06-08 16:35:56.336  5756  5759 D dalvikvm: GC_CONCURRENT freed 959K, 16% free 9890K/11655K, paused 2ms+5ms
06-08 16:35:56.488  5756  5759 D dalvikvm: GC_CONCURRENT freed 336K, 15% free 10004K/11655K, paused 2ms+3ms
06-08 16:35:56.687  5756  5759 D dalvikvm: GC_CONCURRENT freed 380K, 15% free 10009K/11655K, paused 2ms+2ms
06-08 16:35:56.968  5756  5759 D dalvikvm: GC_CONCURRENT freed 322K, 14% free 10072K/11655K, paused 2ms+2ms
06-08 16:35:57.132  5756  5759 D dalvikvm: GC_CONCURRENT freed 590K, 16% free 9874K/11655K, paused 2ms+2ms
06-08 16:35:57.332  5756  5759 D dalvikvm: GC_CONCURRENT freed 367K, 16% free 9894K/11655K, paused 1ms+3ms
06-08 16:35:57.523  5756  5759 D dalvikvm: GC_CONCURRENT freed 366K, 15% free 9912K/11655K, paused 2ms+3ms
06-08 16:35:57.711  5756  5759 D dalvikvm: GC_CONCURRENT freed 411K, 16% free 9888K/11655K, paused 4ms+2ms
06-08 16:35:57.918  5756  5759 D dalvikvm: GC_CONCURRENT freed 367K, 15% free 9908K/11655K, paused 2ms+2ms
06-08 16:35:58.117  5756  5759 D dalvikvm: GC_CONCURRENT freed 391K, 16% free 9902K/11655K, paused 2ms+2ms
06-08 16:35:58.289  5756  5759 D dalvikvm: GC_CONCURRENT freed 374K, 15% free 9915K/11655K, paused 2ms+5ms
06-08 16:35:58.496  5756  5759 D dalvikvm: GC_CONCURRENT freed 430K, 15% free 9959K/11655K, paused 2ms+4ms
06-08 16:35:58.726  5756  5759 D dalvikvm: GC_CONCURRENT freed 411K, 15% free 9932K/11655K, paused 2ms+3ms
06-08 16:35:58.925  5756  5759 D dalvikvm: GC_CONCURRENT freed 440K, 16% free 9883K/11655K, paused 2ms+2ms
06-08 16:35:59.097  5756  5759 D dalvikvm: GC_CONCURRENT freed 374K, 16% free 9896K/11655K, paused 3ms+3ms
06-08 16:35:59.261  5756  5759 D dalvikvm: GC_CONCURRENT freed 368K, 15% free 9914K/11655K, paused 2ms+2ms
06-08 16:35:59.492  5756  5759 D dalvikvm: GC_CONCURRENT freed 433K, 16% free 9871K/11655K, paused 2ms+3ms
06-08 16:35:59.714  5756  5759 D dalvikvm: GC_CONCURRENT freed 372K, 16% free 9888K/11655K, paused 2ms+2ms
06-08 16:35:59.882  5756  5759 D dalvikvm: GC_CONCURRENT freed 398K, 16% free 9876K/11655K, paused 1ms+3ms
06-08 16:36:00.113  5756  5759 D dalvikvm: GC_CONCURRENT freed 436K, 16% free 9887K/11655K, paused 3ms+2ms
06-08 16:36:00.339  5756  5759 D dalvikvm: GC_CONCURRENT freed 384K, 16% free 9890K/11655K, paused 3ms+2ms
06-08 16:36:00.519  5756  5759 D dalvikvm: GC_CONCURRENT freed 395K, 16% free 9880K/11655K, paused 2ms+3ms
06-08 16:36:00.695  5756  5759 D dalvikvm: GC_CONCURRENT freed 390K, 16% free 9881K/11655K, paused 2ms+3ms
06-08 16:36:00.871  5756  5759 D dalvikvm: GC_CONCURRENT freed 354K, 15% free 9914K/11655K, paused 1ms+2ms
06-08 16:36:01.078  5756  5759 D dalvikvm: GC_CONCURRENT freed 419K, 16% free 9882K/11655K, paused 2ms+2ms
06-08 16:36:01.250  5756  5759 D dalvikvm: GC_CONCURRENT freed 379K, 15% free 9919K/11655K, paused 2ms+2ms
06-08 16:36:01.418  5756  5759 D dalvikvm: GC_CONCURRENT freed 400K, 16% free 9906K/11655K, paused 2ms+3ms
06-08 16:36:01.488   151   166 W SensorService: Sensor fusion diverged; resetting state.
06-08 16:36:01.632  5756  5759 D dalvikvm: GC_CONCURRENT freed 430K, 15% free 9963K/11655K, paused 2ms+3ms
06-08 16:36:01.679  5756  5759 D dalvikvm: GC_CONCURRENT freed 222K, 13% free 10170K/11655K, paused 2ms+2ms
06-08 16:36:01.832  5756  5759 D dalvikvm: GC_CONCURRENT freed 464K, 14% free 10091K/11655K, paused 2ms+2ms
06-08 16:36:02.066  5756  5759 D dalvikvm: GC_CONCURRENT freed 368K, 14% free 10108K/11655K, paused 3ms+4ms
06-08 16:36:02.289  5756  5759 D dalvikvm: GC_CONCURRENT freed 355K, 13% free 10141K/11655K, paused 2ms+3ms
06-08 16:36:02.535  5756  5759 D dalvikvm: GC_CONCURRENT freed 387K, 13% free 10141K/11655K, paused 2ms+2ms
06-08 16:36:02.773  5756  5759 D dalvikvm: GC_CONCURRENT freed 387K, 13% free 10142K/11655K, paused 2ms+3ms
06-08 16:36:03.000  5756  5759 D dalvikvm: GC_CONCURRENT freed 427K, 13% free 10207K/11655K, paused 2ms+2ms
06-08 16:36:03.242  5756  5759 D dalvikvm: GC_CONCURRENT freed 385K, 13% free 10208K/11655K, paused 1ms+3ms
06-08 16:36:03.492  5756  5759 D dalvikvm: GC_CONCURRENT freed 386K, 13% free 10207K/11655K, paused 2ms+2ms
06-08 16:36:03.629  5756  5759 D dalvikvm: GC_CONCURRENT freed 308K, 12% free 10363K/11655K, paused 1ms+2ms
06-08 16:36:03.832  5756  5759 D dalvikvm: GC_CONCURRENT freed 863K, 16% free 9886K/11655K, paused 2ms+3ms
06-08 16:36:04.043  5756  5759 D dalvikvm: GC_CONCURRENT freed 359K, 15% free 9912K/11655K, paused 2ms+2ms
06-08 16:36:04.261  5756  5759 D dalvikvm: GC_CONCURRENT freed 418K, 16% free 9890K/11655K, paused 2ms+4ms
06-08 16:36:04.414  5756  5759 D dalvikvm: GC_CONCURRENT freed 371K, 15% free 9956K/11655K, paused 2ms+2ms
06-08 16:36:04.632  5756  5759 D dalvikvm: GC_CONCURRENT freed 413K, 15% free 9973K/11655K, paused 3ms+3ms
06-08 16:36:04.804  5756  5759 D dalvikvm: GC_CONCURRENT freed 444K, 15% free 9916K/11655K, paused 7ms+4ms
06-08 16:36:05.031  5756  5759 D dalvikvm: GC_CONCURRENT freed 441K, 16% free 9865K/11655K, paused 2ms+3ms
06-08 16:36:05.257   559   561 D dalvikvm: GC_CONCURRENT freed 482K, 12% free 10657K/11975K, paused 2ms+5ms
06-08 16:36:05.418  5756  5759 D dalvikvm: GC_CONCURRENT freed 365K, 16% free 9884K/11655K, paused 2ms+2ms
06-08 16:36:05.605  5756  5759 D dalvikvm: GC_CONCURRENT freed 402K, 16% free 9879K/11655K, paused 2ms+2ms
06-08 16:36:05.796  5756  5759 D dalvikvm: GC_CONCURRENT freed 339K, 15% free 9926K/11655K, paused 2ms+2ms
06-08 16:36:05.968  5756  5759 D dalvikvm: GC_CONCURRENT freed 418K, 16% free 9893K/11655K, paused 2ms+3ms
06-08 16:36:06.140  5756  5759 D dalvikvm: GC_CONCURRENT freed 363K, 15% free 9917K/11655K, paused 3ms+3ms
06-08 16:36:06.363  5756  5759 D dalvikvm: GC_CONCURRENT freed 440K, 15% free 9948K/11655K, paused 2ms+2ms
06-08 16:36:06.597  5756  5759 D dalvikvm: GC_CONCURRENT freed 407K, 15% free 9928K/11655K, paused 2ms+2ms
06-08 16:36:06.742  5756  5759 D dalvikvm: GC_CONCURRENT freed 390K, 15% free 9923K/11655K, paused 2ms+3ms
06-08 16:36:06.968  5756  5759 D dalvikvm: GC_CONCURRENT freed 375K, 15% free 9946K/11655K, paused 2ms+3ms
06-08 16:36:07.199  5756  5759 D dalvikvm: GC_CONCURRENT freed 355K, 15% free 9979K/11655K, paused 2ms+2ms
06-08 16:36:07.379  5756  5759 D dalvikvm: GC_CONCURRENT freed 504K, 16% free 9868K/11655K, paused 2ms+3ms
06-08 16:36:08.879  5756  5759 D dalvikvm: GC_CONCURRENT freed 273K, 14% free 10057K/11655K, paused 3ms+2ms
06-08 16:36:09.101  5756  5759 D dalvikvm: GC_CONCURRENT freed 419K, 14% free 10028K/11655K, paused 3ms+4ms
06-08 16:36:09.386  5756  5759 D dalvikvm: GC_CONCURRENT freed 361K, 14% free 10054K/11655K, paused 2ms+3ms
06-08 16:36:09.683  5756  5759 D dalvikvm: GC_CONCURRENT freed 359K, 14% free 10082K/11655K, paused 2ms+3ms
06-08 16:36:09.898  5756  5759 D dalvikvm: GC_CONCURRENT freed 568K, 16% free 9899K/11655K, paused 2ms+3ms
06-08 16:36:10.093  5756  5759 D dalvikvm: GC_CONCURRENT freed 411K, 16% free 9875K/11655K, paused 2ms+2ms
06-08 16:36:10.277  5756  5759 D dalvikvm: GC_CONCURRENT freed 368K, 15% free 9996K/11655K, paused 3ms+6ms
06-08 16:36:10.511  5756  5759 D dalvikvm: GC_CONCURRENT freed 437K, 15% free 9947K/11655K, paused 2ms+4ms
06-08 16:36:10.730  5756  5759 D dalvikvm: GC_CONCURRENT freed 441K, 16% free 9891K/11655K, paused 2ms+3ms
06-08 16:36:10.968  5756  5759 D dalvikvm: GC_CONCURRENT freed 425K, 16% free 9875K/11655K, paused 2ms+2ms
06-08 16:36:11.113  5756  5759 D dalvikvm: GC_CONCURRENT freed 347K, 15% free 9917K/11655K, paused 3ms+4ms
06-08 16:36:11.367  5756  5759 D dalvikvm: GC_CONCURRENT freed 360K, 15% free 9942K/11655K, paused 2ms+3ms
06-08 16:36:11.504  5756  5759 D dalvikvm: GC_CONCURRENT freed 493K, 15% free 9920K/11655K, paused 1ms+2ms
06-08 16:36:11.722  5756  5759 D dalvikvm: GC_CONCURRENT freed 437K, 16% free 9868K/11655K, paused 2ms+2ms
06-08 16:36:11.882  5756  5759 D dalvikvm: GC_CONCURRENT freed 336K, 15% free 9918K/11655K, paused 2ms+2ms
06-08 16:36:12.078  5756  5759 D dalvikvm: GC_CONCURRENT freed 439K, 16% free 9905K/11655K, paused 2ms+3ms
06-08 16:36:12.246  5756  5759 D dalvikvm: GC_CONCURRENT freed 381K, 15% free 9910K/11655K, paused 2ms+2ms
06-08 16:36:12.476  5756  5759 D dalvikvm: GC_CONCURRENT freed 416K, 16% free 9883K/11655K, paused 2ms+3ms
06-08 16:36:12.578  5756  5759 D dalvikvm: GC_CONCURRENT freed 325K, 15% free 9943K/11655K, paused 2ms+3ms
06-08 16:36:12.816  5756  5759 D dalvikvm: GC_CONCURRENT freed 353K, 15% free 9976K/11655K, paused 2ms+3ms
06-08 16:36:13.066  5756  5759 D dalvikvm: GC_CONCURRENT freed 352K, 15% free 10010K/11655K, paused 2ms+2ms
06-08 16:36:13.332  5756  5759 D dalvikvm: GC_CONCURRENT freed 517K, 16% free 9883K/11655K, paused 2ms+2ms
06-08 16:36:13.484  5756  5759 D dalvikvm: GC_CONCURRENT freed 344K, 15% free 9935K/11655K, paused 2ms+3ms
06-08 16:36:13.734  5756  5759 D dalvikvm: GC_CONCURRENT freed 445K, 16% free 9875K/11655K, paused 3ms+4ms
06-08 16:36:13.945  5756  5759 D dalvikvm: GC_CONCURRENT freed 379K, 16% free 9886K/11655K, paused 2ms+2ms
06-08 16:36:14.257  5756  5759 D dalvikvm: GC_CONCURRENT freed 418K, 16% free 9884K/11655K, paused 3ms+2ms
06-08 16:36:14.464  5756  5759 D dalvikvm: GC_CONCURRENT freed 371K, 16% free 9899K/11655K, paused 1ms+2ms
06-08 16:36:14.558  5756  5759 D dalvikvm: GC_CONCURRENT freed 315K, 15% free 10003K/11655K, paused 2ms+3ms
06-08 16:36:14.785  5756  5759 D dalvikvm: GC_CONCURRENT freed 408K, 15% free 9981K/11655K, paused 2ms+5ms
06-08 16:36:15.031  5756  5759 D dalvikvm: GC_CONCURRENT freed 386K, 14% free 10045K/11655K, paused 2ms+3ms
06-08 16:36:15.234  5756  5759 D dalvikvm: GC_CONCURRENT freed 412K, 14% free 10095K/11655K, paused 2ms+3ms
06-08 16:36:15.347  5756  5759 D dalvikvm: GC_CONCURRENT freed 488K, 14% free 10102K/11655K, paused 3ms+3ms
06-08 16:36:15.410  5756  5759 D dalvikvm: GC_CONCURRENT freed 337K, 13% free 10184K/11655K, paused 3ms+2ms
06-08 16:36:15.636  5756  5759 D dalvikvm: GC_CONCURRENT freed 484K, 14% free 10102K/11655K, paused 2ms+2ms
06-08 16:36:15.882  5756  5759 D dalvikvm: GC_CONCURRENT freed 385K, 14% free 10103K/11655K, paused 2ms+3ms
06-08 16:36:16.089  5756  5759 D dalvikvm: GC_CONCURRENT freed 353K, 14% free 10135K/11655K, paused 2ms+2ms
06-08 16:36:16.339  5756  5759 D dalvikvm: GC_CONCURRENT freed 386K, 14% free 10140K/11655K, paused 3ms+2ms
06-08 16:36:16.582  5756  5759 D dalvikvm: GC_CONCURRENT freed 389K, 14% free 10137K/11655K, paused 2ms+2ms
06-08 16:36:16.781  5756  5759 D dalvikvm: GC_CONCURRENT freed 374K, 13% free 10201K/11655K, paused 2ms+2ms
06-08 16:36:17.027  5756  5759 D dalvikvm: GC_CONCURRENT freed 386K, 13% free 10202K/11655K, paused 2ms+3ms
06-08 16:36:17.273  5756  5759 D dalvikvm: GC_CONCURRENT freed 386K, 13% free 10204K/11655K, paused 2ms+3ms
06-08 16:36:17.371  5756  5759 D dalvikvm: GC_CONCURRENT freed 235K, 12% free 10358K/11655K, paused 2ms+3ms
06-08 16:36:17.535  5756  5759 D dalvikvm: GC_CONCURRENT freed 826K, 15% free 9917K/11655K, paused 2ms+3ms
06-08 16:36:17.765  5756  5759 D dalvikvm: GC_CONCURRENT freed 434K, 16% free 9872K/11655K, paused 2ms+2ms
06-08 16:36:17.937  5756  5759 D dalvikvm: GC_CONCURRENT freed 337K, 15% free 9924K/11655K, paused 3ms+2ms
06-08 16:36:18.113  5756  5759 D dalvikvm: GC_CONCURRENT freed 430K, 15% free 9951K/11655K, paused 2ms+3ms
06-08 16:36:18.359  5756  5759 D dalvikvm: GC_CONCURRENT freed 429K, 15% free 9910K/11655K, paused 2ms+2ms
06-08 16:36:18.515  5756  5759 D dalvikvm: GC_CONCURRENT freed 360K, 14% free 10027K/11655K, paused 2ms+4ms
06-08 16:36:18.773  5756  5759 D dalvikvm: GC_CONCURRENT freed 437K, 15% free 9975K/11655K, paused 2ms+3ms
06-08 16:36:18.933  5756  5759 D dalvikvm: GC_CONCURRENT freed 307K, 14% free 10064K/11655K, paused 2ms+3ms
06-08 16:36:19.046  5756  5759 D dalvikvm: GC_CONCURRENT freed 500K, 15% free 9951K/11655K, paused 2ms+3ms
06-08 16:36:19.308  5756  5759 D dalvikvm: GC_CONCURRENT freed 327K, 14% free 10036K/11655K, paused 3ms+2ms
06-08 16:36:19.500  5756  5759 D dalvikvm: GC_CONCURRENT freed 550K, 16% free 9875K/11655K, paused 2ms+3ms
06-08 16:36:19.660  5756  5759 D dalvikvm: GC_CONCURRENT freed 355K, 15% free 9950K/11655K, paused 4ms+2ms
06-08 16:36:19.945  5756  5759 D dalvikvm: GC_CONCURRENT freed 397K, 15% free 9938K/11655K, paused 2ms+2ms
06-08 16:36:20.117  5756  5759 D dalvikvm: GC_CONCURRENT freed 438K, 15% free 9929K/11655K, paused 1ms+4ms
06-08 16:36:20.312  5756  5759 D dalvikvm: GC_CONCURRENT freed 437K, 15% free 9951K/11655K, paused 2ms+4ms
06-08 16:36:20.363   389   391 D dalvikvm: GC_CONCURRENT freed 404K, 14% free 10719K/12359K, paused 8ms+5ms
06-08 16:36:20.566  5756  5759 D dalvikvm: GC_CONCURRENT freed 375K, 15% free 9972K/11655K, paused 2ms+4ms
06-08 16:36:20.754  5756  5759 D dalvikvm: GC_CONCURRENT freed 452K, 16% free 9906K/11655K, paused 2ms+3ms
06-08 16:36:20.953  5756  5759 D dalvikvm: GC_CONCURRENT freed 437K, 15% free 9910K/11655K, paused 2ms+3ms
06-08 16:36:21.152  5756  5759 D dalvikvm: GC_CONCURRENT freed 404K, 16% free 9890K/11655K, paused 2ms+2ms
06-08 16:36:21.351  5756  5759 D dalvikvm: GC_CONCURRENT freed 408K, 16% free 9873K/11655K, paused 3ms+3ms
06-08 16:36:21.597  5756  5759 D dalvikvm: GC_CONCURRENT freed 408K, 16% free 9890K/11655K, paused 3ms+3ms
06-08 16:36:21.804  5756  5759 D dalvikvm: GC_CONCURRENT freed 392K, 16% free 9884K/11655K, paused 2ms+3ms
06-08 16:36:21.992  5756  5759 D dalvikvm: GC_CONCURRENT freed 368K, 16% free 9903K/11655K, paused 2ms+3ms
06-08 16:36:22.207  5756  5759 D dalvikvm: GC_CONCURRENT freed 409K, 16% free 9881K/11655K, paused 2ms+4ms
06-08 16:36:22.355  5756  5759 D dalvikvm: GC_CONCURRENT freed 335K, 15% free 9949K/11655K, paused 2ms+3ms
06-08 16:36:22.617  5756  5759 D dalvikvm: GC_CONCURRENT freed 396K, 15% free 9940K/11655K, paused 2ms+2ms
06-08 16:36:22.808  5756  5759 D dalvikvm: GC_CONCURRENT freed 455K, 15% free 9979K/11655K, paused 2ms+5ms
06-08 16:36:23.054  5756  5759 D dalvikvm: GC_CONCURRENT freed 431K, 15% free 9934K/11655K, paused 3ms+2ms
06-08 16:36:23.273  5756  5759 D dalvikvm: GC_CONCURRENT freed 433K, 16% free 9888K/11655K, paused 2ms+3ms
06-08 16:36:23.406  5756  5759 D dalvikvm: GC_CONCURRENT freed 337K, 15% free 9972K/11655K, paused 1ms+3ms
06-08 16:36:23.601  5756  5759 D dalvikvm: GC_CONCURRENT freed 406K, 15% free 9952K/11655K, paused 2ms+3ms
06-08 16:36:23.882  5756  5759 D dalvikvm: GC_CONCURRENT freed 357K, 15% free 9982K/11655K, paused 2ms+3ms
06-08 16:36:24.148  5756  5759 D dalvikvm: GC_CONCURRENT freed 307K, 14% free 10059K/11655K, paused 2ms+2ms
06-08 16:36:24.285  5756  5759 D dalvikvm: GC_CONCURRENT freed 550K, 15% free 9970K/11655K, paused 2ms+2ms
06-08 16:36:24.457  5756  5759 D dalvikvm: GC_CONCURRENT freed 394K, 15% free 9964K/11655K, paused 2ms+4ms
06-08 16:36:24.714  5756  5759 D dalvikvm: GC_CONCURRENT freed 371K, 15% free 9980K/11655K, paused 3ms+3ms
06-08 16:36:24.898  5756  5759 D dalvikvm: GC_CONCURRENT freed 464K, 16% free 9901K/11655K, paused 2ms+3ms
06-08 16:36:25.109  5756  5759 D dalvikvm: GC_CONCURRENT freed 386K, 15% free 9940K/11655K, paused 2ms+3ms
06-08 16:36:25.332  5756  5759 D dalvikvm: GC_CONCURRENT freed 483K, 16% free 9898K/11655K, paused 5ms+2ms
06-08 16:36:25.558  5756  5759 D dalvikvm: GC_CONCURRENT freed 387K, 16% free 9897K/11655K, paused 2ms+5ms
06-08 16:36:25.773  5756  5759 D dalvikvm: GC_CONCURRENT freed 378K, 16% free 9906K/11655K, paused 2ms+3ms
06-08 16:36:25.945  5756  5759 D dalvikvm: GC_CONCURRENT freed 402K, 16% free 9888K/11655K, paused 2ms+3ms
06-08 16:36:26.097  5756  5759 D dalvikvm: GC_CONCURRENT freed 367K, 16% free 9906K/11655K, paused 2ms+2ms
06-08 16:36:26.336  5756  5759 D dalvikvm: GC_CONCURRENT freed 371K, 15% free 9945K/11655K, paused 2ms+2ms
06-08 16:36:26.507  5756  5759 D dalvikvm: GC_CONCURRENT freed 400K, 15% free 9931K/11655K, paused 2ms+2ms
06-08 16:36:26.687  5756  5759 D dalvikvm: GC_CONCURRENT freed 408K, 15% free 9954K/11655K, paused 3ms+3ms
06-08 16:36:26.925  5756  5759 D dalvikvm: GC_CONCURRENT freed 410K, 15% free 9931K/11655K, paused 2ms+3ms
06-08 16:36:27.097  5756  5759 D dalvikvm: GC_CONCURRENT freed 388K, 15% free 9931K/11655K, paused 2ms+3ms
06-08 16:36:27.308  5756  5759 D dalvikvm: GC_CONCURRENT freed 473K, 15% free 9908K/11655K, paused 2ms+3ms
06-08 16:36:27.527  5756  5759 D dalvikvm: GC_CONCURRENT freed 403K, 16% free 9889K/11655K, paused 1ms+2ms
06-08 16:36:27.695  5756  5759 D dalvikvm: GC_CONCURRENT freed 379K, 15% free 9911K/11655K, paused 2ms+4ms
06-08 16:36:27.902  5756  5759 D dalvikvm: GC_CONCURRENT freed 438K, 15% free 9918K/11655K, paused 1ms+3ms
06-08 16:36:28.093  5756  5759 D dalvikvm: GC_CONCURRENT freed 409K, 16% free 9895K/11655K, paused 3ms+3ms
06-08 16:36:28.304  5756  5759 D dalvikvm: GC_CONCURRENT freed 400K, 16% free 9884K/11655K, paused 2ms+2ms
06-08 16:36:28.496  5756  5759 D dalvikvm: GC_CONCURRENT freed 372K, 15% free 9919K/11655K, paused 2ms+3ms
06-08 16:36:28.586  5756  5759 D dalvikvm: GC_CONCURRENT freed 346K, 15% free 9959K/11655K, paused 2ms+2ms
06-08 16:36:28.824  5756  5759 D dalvikvm: GC_CONCURRENT freed 358K, 15% free 9987K/11655K, paused 2ms+2ms
06-08 16:36:29.082  5756  5759 D dalvikvm: GC_CONCURRENT freed 385K, 14% free 10052K/11655K, paused 2ms+3ms
06-08 16:36:29.324  5756  5759 D dalvikvm: GC_CONCURRENT freed 425K, 14% free 10122K/11655K, paused 2ms+3ms
06-08 16:36:29.429  5756  6141 D dalvikvm: GC_FOR_ALLOC freed 473K, 15% free 10007K/11655K, paused 21ms
06-08 16:36:29.453  5756  6141 D dalvikvm: GC_FOR_ALLOC freed 132K, 14% free 10129K/11655K, paused 21ms
06-08 16:36:29.492  5756  5759 D dalvikvm: GC_CONCURRENT freed 254K, 11% free 10385K/11655K, paused 1ms+3ms
06-08 16:36:29.515  5756  6141 D dalvikvm: GC_FOR_ALLOC freed 511K, 13% free 10181K/11655K, paused 21ms
06-08 16:36:29.515  5756  6141 I dalvikvm-heap: Grow heap (frag case) to 10.614MB for 630134-byte allocation
06-08 16:36:29.566  5756  6141 D dalvikvm: GC_FOR_ALLOC freed <1K, 8% free 10796K/11655K, paused 21ms
06-08 16:36:29.566  5756  6141 I dalvikvm-heap: Grow heap (frag case) to 11.214MB for 630130-byte allocation
06-08 16:36:29.601  5756  5759 D dalvikvm: GC_CONCURRENT freed 615K, 13% free 10796K/12295K, paused 1ms+2ms
06-08 16:36:29.863  5756  5759 D dalvikvm: GC_CONCURRENT freed 748K, 15% free 10514K/12295K, paused 2ms+2ms
06-08 16:36:30.109  5756  5759 D dalvikvm: GC_CONCURRENT freed 387K, 15% free 10514K/12295K, paused 2ms+4ms
06-08 16:36:30.328  5756  5759 D dalvikvm: GC_CONCURRENT freed 353K, 15% free 10549K/12295K, paused 2ms+3ms
06-08 16:36:30.574  5756  5759 D dalvikvm: GC_CONCURRENT freed 388K, 15% free 10547K/12295K, paused 2ms+2ms
06-08 16:36:30.812  5756  5759 D dalvikvm: GC_CONCURRENT freed 384K, 15% free 10548K/12295K, paused 2ms+7ms
06-08 16:36:31.054  5756  5759 D dalvikvm: GC_CONCURRENT freed 387K, 15% free 10548K/12295K, paused 2ms+2ms
06-08 16:36:31.230  5756  5759 D dalvikvm: GC_CONCURRENT freed 322K, 14% free 10613K/12295K, paused 2ms+2ms
06-08 16:36:31.480  5756  5759 D dalvikvm: GC_CONCURRENT freed 406K, 14% free 10612K/12295K, paused 2ms+2ms
06-08 16:36:31.726  5756  5759 D dalvikvm: GC_CONCURRENT freed 406K, 14% free 10613K/12295K, paused 2ms+3ms
06-08 16:36:31.980  5756  5759 D dalvikvm: GC_CONCURRENT freed 404K, 14% free 10614K/12295K, paused 1ms+3ms
06-08 16:36:32.226  5756  5759 D dalvikvm: GC_CONCURRENT freed 410K, 14% free 10613K/12295K, paused 2ms+2ms
06-08 16:36:32.488  5756  5759 D dalvikvm: GC_CONCURRENT freed 407K, 14% free 10614K/12295K, paused 3ms+3ms
06-08 16:36:32.734  5756  5759 D dalvikvm: GC_CONCURRENT freed 405K, 14% free 10616K/12295K, paused 2ms+3ms
06-08 16:36:32.992  5756  5759 D dalvikvm: GC_CONCURRENT freed 409K, 14% free 10614K/12295K, paused 3ms+3ms
06-08 16:36:33.160  5756  6141 D dalvikvm: GC_FOR_ALLOC freed 289K, 14% free 10614K/12295K, paused 22ms
06-08 16:36:33.277  5756  5759 D dalvikvm: GC_CONCURRENT freed 277K, 13% free 10742K/12295K, paused 3ms+2ms
06-08 16:36:33.558  5756  5759 D dalvikvm: GC_CONCURRENT freed 450K, 13% free 10742K/12295K, paused 2ms+2ms
06-08 16:36:33.828  5756  5759 D dalvikvm: GC_CONCURRENT freed 448K, 13% free 10744K/12295K, paused 2ms+3ms
06-08 16:36:34.101  5756  5759 D dalvikvm: GC_CONCURRENT freed 452K, 13% free 10742K/12295K, paused 2ms+2ms
06-08 16:36:34.382  5756  5759 D dalvikvm: GC_CONCURRENT freed 447K, 13% free 10743K/12295K, paused 2ms+3ms
06-08 16:36:34.648  5756  5759 D dalvikvm: GC_CONCURRENT freed 449K, 13% free 10743K/12295K, paused 2ms+3ms
06-08 16:36:34.925  5756  5759 D dalvikvm: GC_CONCURRENT freed 448K, 13% free 10743K/12295K, paused 2ms+4ms
06-08 16:36:35.199  5756  5759 D dalvikvm: GC_CONCURRENT freed 447K, 13% free 10746K/12295K, paused 1ms+3ms
06-08 16:36:35.472  5756  5759 D dalvikvm: GC_CONCURRENT freed 452K, 13% free 10745K/12295K, paused 2ms+3ms
06-08 16:36:35.648  5756  5759 D dalvikvm: GC_CONCURRENT freed 291K, 11% free 10993K/12295K, paused 2ms+2ms
06-08 16:36:35.671  5756  6141 D dalvikvm: GC_FOR_ALLOC freed 257K, 12% free 10933K/12295K, paused 21ms
06-08 16:36:35.843  5756  5759 D dalvikvm: GC_CONCURRENT freed 1553K, 20% free 9892K/12295K, paused 2ms+3ms
06-08 16:36:36.007  5756  5759 D dalvikvm: GC_CONCURRENT freed 339K, 19% free 9993K/12295K, paused 2ms+2ms
06-08 16:36:36.257  5756  5759 D dalvikvm: GC_CONCURRENT freed 426K, 20% free 9954K/12295K, paused 2ms+3ms
06-08 16:36:36.418  5756  5759 D dalvikvm: GC_CONCURRENT freed 454K, 20% free 9885K/12295K, paused 3ms+3ms
06-08 16:36:36.601  5756  5759 D dalvikvm: GC_CONCURRENT freed 374K, 20% free 9897K/12295K, paused 2ms+3ms
06-08 16:36:36.789  5756  5759 D dalvikvm: GC_CONCURRENT freed 395K, 20% free 9887K/12295K, paused 2ms+2ms
06-08 16:36:36.964  5756  5759 D dalvikvm: GC_CONCURRENT freed 366K, 20% free 9907K/12295K, paused 1ms+3ms
06-08 16:36:37.152  5756  5759 D dalvikvm: GC_CONCURRENT freed 461K, 20% free 9923K/12295K, paused 1ms+3ms
06-08 16:36:37.386  5756  5759 D dalvikvm: GC_CONCURRENT freed 474K, 20% free 9880K/12295K, paused 1ms+4ms
06-08 16:36:37.554  5756  5759 D dalvikvm: GC_CONCURRENT freed 369K, 20% free 9898K/12295K, paused 2ms+3ms
06-08 16:36:37.765  5756  5759 D dalvikvm: GC_CONCURRENT freed 408K, 20% free 9880K/12295K, paused 2ms+2ms
06-08 16:36:37.918  5756  5759 D dalvikvm: GC_CONCURRENT freed 352K, 19% free 9965K/12295K, paused 2ms+3ms
06-08 16:36:38.140  5756  5759 D dalvikvm: GC_CONCURRENT freed 398K, 20% free 9953K/12295K, paused 2ms+2ms
06-08 16:36:38.351  5756  5759 D dalvikvm: GC_CONCURRENT freed 359K, 19% free 10012K/12295K, paused 3ms+2ms
06-08 16:36:38.543  5756  5759 D dalvikvm: GC_CONCURRENT freed 479K, 20% free 9919K/12295K, paused 2ms+3ms
06-08 16:36:38.730  5756  5759 D dalvikvm: GC_CONCURRENT freed 443K, 20% free 9875K/12295K, paused 3ms+4ms
06-08 16:36:38.820  5756  5759 D dalvikvm: GC_CONCURRENT freed 307K, 20% free 9955K/12295K, paused 2ms+4ms
06-08 16:36:39.101  5756  5759 D dalvikvm: GC_CONCURRENT freed 351K, 19% free 10052K/12295K, paused 2ms+2ms
06-08 16:36:39.336  5756  5759 D dalvikvm: GC_CONCURRENT freed 421K, 18% free 10108K/12295K, paused 2ms+3ms
06-08 16:36:39.543  5756  5759 D dalvikvm: GC_CONCURRENT freed 609K, 20% free 9884K/12295K, paused 2ms+3ms
06-08 16:36:39.773  5756  5759 D dalvikvm: GC_CONCURRENT freed 330K, 20% free 9940K/12295K, paused 2ms+4ms
06-08 16:36:39.984  5756  5759 D dalvikvm: GC_CONCURRENT freed 460K, 20% free 9924K/12295K, paused 3ms+3ms
06-08 16:36:40.191  5756  5759 D dalvikvm: GC_CONCURRENT freed 405K, 19% free 9998K/12295K, paused 2ms+3ms
06-08 16:36:40.382  5756  5759 D dalvikvm: GC_CONCURRENT freed 423K, 19% free 9960K/12295K, paused 2ms+4ms
06-08 16:36:40.609  5756  5759 D dalvikvm: GC_CONCURRENT freed 468K, 20% free 9936K/12295K, paused 2ms+2ms
06-08 16:36:40.824  5756  5759 D dalvikvm: GC_CONCURRENT freed 404K, 20% free 9919K/12295K, paused 2ms+3ms
06-08 16:36:41.093  5756  5759 D dalvikvm: GC_CONCURRENT freed 396K, 20% free 9909K/12295K, paused 2ms+3ms
06-08 16:36:41.296  5756  5759 D dalvikvm: GC_CONCURRENT freed 420K, 20% free 9877K/12295K, paused 1ms+2ms
06-08 16:36:41.351  5756  6141 D dalvikvm: GC_FOR_ALLOC freed 302K, 20% free 9941K/12295K, paused 21ms
06-08 16:36:41.449  5756  5759 D dalvikvm: GC_CONCURRENT freed 305K, 19% free 10028K/12295K, paused 2ms+3ms
06-08 16:36:41.718  5756  5759 D dalvikvm: GC_CONCURRENT freed 363K, 19% free 10051K/12295K, paused 2ms+3ms
06-08 16:36:42.062  5756  5759 D dalvikvm: GC_CONCURRENT freed 369K, 19% free 10067K/12295K, paused 2ms+3ms
06-08 16:36:42.480  5756  5759 D dalvikvm: GC_CONCURRENT freed 361K, 18% free 10090K/12295K, paused 1ms+4ms
06-08 16:36:42.843  5756  5759 D dalvikvm: GC_CONCURRENT freed 366K, 18% free 10110K/12295K, paused 2ms+3ms
06-08 16:36:43.441  5756  5759 D dalvikvm: GC_CONCURRENT freed 378K, 18% free 10118K/12295K, paused 2ms+4ms
06-08 16:36:43.875  5756  5759 D dalvikvm: GC_CONCURRENT freed 572K, 19% free 9973K/12295K, paused 2ms+3ms
06-08 16:36:44.054  5756  5759 D dalvikvm: GC_CONCURRENT freed 387K, 19% free 9972K/12295K, paused 2ms+3ms
06-08 16:36:44.343  5756  5759 D dalvikvm: GC_CONCURRENT freed 362K, 19% free 9996K/12295K, paused 2ms+3ms
06-08 16:36:44.492  5756  5759 D dalvikvm: GC_CONCURRENT freed 477K, 20% free 9959K/12295K, paused 2ms+3ms
06-08 16:36:44.773  5756  5759 D dalvikvm: GC_CONCURRENT freed 385K, 20% free 9959K/12295K, paused 3ms+3ms
06-08 16:36:44.957   151   166 W SensorService: Sensor fusion diverged; resetting state.
06-08 16:36:44.961  5756  5759 D dalvikvm: GC_CONCURRENT freed 449K, 20% free 9899K/12295K, paused 4ms+2ms
06-08 16:36:45.160  5756  5759 D dalvikvm: GC_CONCURRENT freed 393K, 20% free 9892K/12295K, paused 2ms+2ms
06-08 16:36:45.293  5756  5759 D dalvikvm: GC_CONCURRENT freed 319K, 19% free 9995K/12295K, paused 3ms+3ms
06-08 16:36:45.445  5756  5759 D dalvikvm: GC_CONCURRENT freed 379K, 19% free 10003K/12295K, paused 2ms+3ms
06-08 16:36:45.683  5756  5759 D dalvikvm: GC_CONCURRENT freed 322K, 19% free 10077K/12295K, paused 3ms+3ms
06-08 16:36:45.992  5756  5759 D dalvikvm: GC_CONCURRENT freed 395K, 19% free 10068K/12295K, paused 2ms+2ms
06-08 16:36:46.148  5756  5759 D dalvikvm: GC_CONCURRENT freed 575K, 20% free 9880K/12295K, paused 2ms+5ms
06-08 16:36:46.351  5756  5759 D dalvikvm: GC_CONCURRENT freed 382K, 20% free 9887K/12295K, paused 2ms+3ms
06-08 16:36:46.539  5756  5759 D dalvikvm: GC_CONCURRENT freed 401K, 20% free 9878K/12295K, paused 2ms+5ms
06-08 16:36:46.714  5756  5759 D dalvikvm: GC_CONCURRENT freed 354K, 19% free 10007K/12295K, paused 2ms+3ms
06-08 16:36:46.765  5756  5759 D dalvikvm: GC_CONCURRENT freed 343K, 18% free 10176K/12295K, paused 2ms+2ms
06-08 16:36:46.988  5756  5759 D dalvikvm: GC_CONCURRENT freed 460K, 18% free 10102K/12295K, paused 2ms+2ms
06-08 16:36:47.234  5756  5759 D dalvikvm: GC_CONCURRENT freed 386K, 18% free 10105K/12295K, paused 2ms+3ms
06-08 16:36:47.453  5756  5759 D dalvikvm: GC_CONCURRENT freed 357K, 18% free 10135K/12295K, paused 2ms+3ms
06-08 16:36:47.687  5756  5759 D dalvikvm: GC_CONCURRENT freed 384K, 18% free 10136K/12295K, paused 2ms+3ms
06-08 16:36:47.925  5756  5759 D dalvikvm: GC_CONCURRENT freed 385K, 18% free 10137K/12295K, paused 1ms+3ms
06-08 16:36:48.125  5756  5759 D dalvikvm: GC_CONCURRENT freed 361K, 18% free 10201K/12295K, paused 2ms+2ms
06-08 16:36:48.367  5756  5759 D dalvikvm: GC_CONCURRENT freed 386K, 18% free 10201K/12295K, paused 2ms+3ms
06-08 16:36:48.609  5756  5759 D dalvikvm: GC_CONCURRENT freed 386K, 18% free 10204K/12295K, paused 3ms+2ms
06-08 16:36:48.707  5756  5759 D dalvikvm: GC_CONCURRENT freed 234K, 16% free 10357K/12295K, paused 2ms+2ms
06-08 16:36:48.933  5756  5759 D dalvikvm: GC_CONCURRENT freed 835K, 20% free 9908K/12295K, paused 2ms+2ms
06-08 16:36:49.117  5756  5759 D dalvikvm: GC_CONCURRENT freed 389K, 20% free 9906K/12295K, paused 3ms+2ms
06-08 16:36:49.289  5756  5759 D dalvikvm: GC_CONCURRENT freed 377K, 20% free 9915K/12295K, paused 2ms+2ms
06-08 16:36:49.464  5756  5759 D dalvikvm: GC_CONCURRENT freed 464K, 20% free 9940K/12295K, paused 1ms+2ms
06-08 16:36:49.515  5756  5759 D dalvikvm: GC_CONCURRENT freed 199K, 18% free 10169K/12295K, paused 2ms+4ms
06-08 16:36:49.660  5756  5759 D dalvikvm: GC_CONCURRENT freed 469K, 18% free 10087K/12295K, paused 2ms+3ms
06-08 16:36:49.890  5756  5759 D dalvikvm: GC_CONCURRENT freed 370K, 18% free 10103K/12295K, paused 2ms+2ms
06-08 16:36:50.207  5756  5759 D dalvikvm: GC_CONCURRENT freed 375K, 18% free 10136K/12295K, paused 2ms+3ms
06-08 16:36:50.461  5756  5759 D dalvikvm: GC_CONCURRENT freed 389K, 18% free 10138K/12295K, paused 2ms+3ms
06-08 16:36:50.695  5756  5759 D dalvikvm: GC_CONCURRENT freed 387K, 18% free 10137K/12295K, paused 2ms+3ms
06-08 16:36:50.933  5756  5759 D dalvikvm: GC_CONCURRENT freed 386K, 18% free 10138K/12295K, paused 2ms+3ms
06-08 16:36:51.113  5756  5759 D dalvikvm: GC_CONCURRENT freed 322K, 17% free 10205K/12295K, paused 2ms+3ms
06-08 16:36:51.355  5756  5759 D dalvikvm: GC_CONCURRENT freed 389K, 18% free 10203K/12295K, paused 2ms+2ms
06-08 16:36:51.554  5756  5759 D dalvikvm: GC_CONCURRENT freed 321K, 17% free 10322K/12295K, paused 2ms+2ms
06-08 16:36:51.695  5756  5759 D dalvikvm: GC_CONCURRENT freed 868K, 20% free 9931K/12295K, paused 2ms+3ms
06-08 16:36:51.914  5756  5759 D dalvikvm: GC_CONCURRENT freed 376K, 19% free 9965K/12295K, paused 2ms+3ms
06-08 16:36:52.007  5756  5759 D dalvikvm: GC_CONCURRENT freed 396K, 20% free 9954K/12295K, paused 3ms+2ms
06-08 16:36:52.304  5756  5759 D dalvikvm: GC_CONCURRENT freed 370K, 19% free 9969K/12295K, paused 2ms+2ms
06-08 16:36:52.504  5756  5759 D dalvikvm: GC_CONCURRENT freed 477K, 20% free 9881K/12295K, paused 2ms+3ms
06-08 16:36:52.691  5756  5759 D dalvikvm: GC_CONCURRENT freed 407K, 20% free 9905K/12295K, paused 3ms+3ms
06-08 16:36:52.824  5756  5759 D dalvikvm: GC_CONCURRENT freed 339K, 20% free 9953K/12295K, paused 3ms+3ms
06-08 16:36:53.066  5756  5759 D dalvikvm: GC_CONCURRENT freed 326K, 19% free 10013K/12295K, paused 2ms+3ms
06-08 16:36:53.234  5756  5759 D dalvikvm: GC_CONCURRENT freed 510K, 20% free 9890K/12295K, paused 2ms+3ms
06-08 16:36:53.418  5756  5759 D dalvikvm: GC_CONCURRENT freed 370K, 20% free 9906K/12295K, paused 3ms+2ms
06-08 16:36:53.636  5756  5759 D dalvikvm: GC_CONCURRENT freed 423K, 20% free 9869K/12295K, paused 3ms+3ms
06-08 16:36:53.836  5756  5759 D dalvikvm: GC_CONCURRENT freed 353K, 20% free 9901K/12295K, paused 2ms+2ms
06-08 16:36:54.054  5756  5759 D dalvikvm: GC_CONCURRENT freed 409K, 20% free 9880K/12295K, paused 2ms+2ms
06-08 16:36:54.230  5756  5759 D dalvikvm: GC_CONCURRENT freed 386K, 20% free 9880K/12295K, paused 2ms+2ms
06-08 16:36:54.410  5756  5759 D dalvikvm: GC_CONCURRENT freed 392K, 20% free 9875K/12295K, paused 2ms+2ms
06-08 16:36:54.597  5756  5759 D dalvikvm: GC_CONCURRENT freed 391K, 20% free 9871K/12295K, paused 2ms+4ms
06-08 16:36:54.804  5756  5759 D dalvikvm: GC_CONCURRENT freed 329K, 20% free 9932K/12295K, paused 2ms+2ms
06-08 16:36:55.058  5756  5759 D dalvikvm: GC_CONCURRENT freed 447K, 20% free 9893K/12295K, paused 2ms+2ms
06-08 16:36:55.168  5756  5759 D dalvikvm: GC_CONCURRENT freed 325K, 19% free 9978K/12295K, paused 3ms+4ms
06-08 16:36:55.468  5756  5759 D dalvikvm: GC_CONCURRENT freed 392K, 19% free 9972K/12295K, paused 2ms+3ms
06-08 16:36:55.668  5756  5759 D dalvikvm: GC_CONCURRENT freed 478K, 19% free 9961K/12295K, paused 2ms+3ms
06-08 16:36:55.918  5756  5759 D dalvikvm: GC_CONCURRENT freed 478K, 20% free 9875K/12295K, paused 2ms+2ms
06-08 16:36:56.019  5756  5759 D dalvikvm: GC_CONCURRENT freed 323K, 19% free 10007K/12295K, paused 4ms+3ms
06-08 16:36:56.281  5756  5759 D dalvikvm: GC_CONCURRENT freed 372K, 19% free 10020K/12295K, paused 2ms+3ms
06-08 16:36:56.550  5756  5759 D dalvikvm: GC_CONCURRENT freed 368K, 19% free 10041K/12295K, paused 2ms+3ms
06-08 16:36:56.691  5756  5759 D dalvikvm: GC_CONCURRENT freed 549K, 20% free 9902K/12295K, paused 1ms+4ms
06-08 16:36:56.910  5756  5759 D dalvikvm: GC_CONCURRENT freed 443K, 20% free 9885K/12295K, paused 3ms+3ms
06-08 16:36:57.109  5756  5759 D dalvikvm: GC_CONCURRENT freed 390K, 20% free 9881K/12295K, paused 2ms+2ms
06-08 16:36:57.257  5756  5759 D dalvikvm: GC_CONCURRENT freed 351K, 20% free 9916K/12295K, paused 2ms+3ms
06-08 16:36:57.492  5756  5759 D dalvikvm: GC_CONCURRENT freed 438K, 20% free 9884K/12295K, paused 2ms+2ms
06-08 16:36:57.679  5756  5759 D dalvikvm: GC_CONCURRENT freed 406K, 20% free 9920K/12295K, paused 2ms+5ms
06-08 16:36:57.910  5756  5759 D dalvikvm: GC_CONCURRENT freed 429K, 20% free 9877K/12295K, paused 2ms+2ms
06-08 16:36:58.058  5756  5759 D dalvikvm: GC_CONCURRENT freed 353K, 20% free 9908K/12295K, paused 2ms+3ms
06-08 16:36:58.265  5756  5759 D dalvikvm: GC_CONCURRENT freed 427K, 20% free 9868K/12295K, paused 2ms+3ms
06-08 16:36:58.379  5756  5759 D dalvikvm: GC_CONCURRENT freed 332K, 19% free 9981K/12295K, paused 2ms+2ms
06-08 16:36:58.671  5756  5759 D dalvikvm: GC_CONCURRENT freed 401K, 19% free 9967K/12295K, paused 3ms+3ms
06-08 16:36:58.879  5756  5759 D dalvikvm: GC_CONCURRENT freed 456K, 20% free 9897K/12295K, paused 2ms+3ms
06-08 16:36:59.121  5756  5759 D dalvikvm: GC_CONCURRENT freed 368K, 20% free 9923K/12295K, paused 2ms+2ms
06-08 16:36:59.359  5756  5759 D dalvikvm: GC_CONCURRENT freed 451K, 20% free 9886K/12295K, paused 2ms+2ms
06-08 16:36:59.558  5756  5759 D dalvikvm: GC_CONCURRENT freed 375K, 20% free 9912K/12295K, paused 2ms+2ms
06-08 16:36:59.601  5756  6141 D dalvikvm: GC_FOR_ALLOC freed 176K, 19% free 10002K/12295K, paused 21ms
06-08 16:36:59.636  5756  5759 D dalvikvm: GC_CONCURRENT freed 129K, 16% free 10363K/12295K, paused 3ms+2ms
06-08 16:36:59.687  5756  5759 D dalvikvm: GC_CONCURRENT freed 255K, 14% free 10582K/12295K, paused 3ms+3ms
06-08 16:36:59.761  5756  5759 D dalvikvm: GC_CONCURRENT freed 476K, 14% free 10590K/12295K, paused 2ms+2ms
06-08 16:37:00.050  5756  5759 D dalvikvm: GC_CONCURRENT freed 636K, 16% free 10371K/12295K, paused 2ms+4ms
06-08 16:37:00.293  5756  5759 D dalvikvm: GC_CONCURRENT freed 387K, 16% free 10372K/12295K, paused 2ms+3ms
06-08 16:37:00.511  5756  5759 D dalvikvm: GC_CONCURRENT freed 359K, 16% free 10404K/12295K, paused 2ms+4ms
06-08 16:37:00.746  5756  5759 D dalvikvm: GC_CONCURRENT freed 386K, 16% free 10405K/12295K, paused 2ms+3ms
06-08 16:37:00.992  5756  5759 D dalvikvm: GC_CONCURRENT freed 384K, 16% free 10409K/12295K, paused 2ms+2ms
06-08 16:37:01.222  5756  5759 D dalvikvm: GC_CONCURRENT freed 437K, 15% free 10470K/12295K, paused 2ms+3ms
06-08 16:37:01.480  5756  5759 D dalvikvm: GC_CONCURRENT freed 385K, 15% free 10472K/12295K, paused 2ms+3ms
06-08 16:37:01.714  5756  5759 D dalvikvm: GC_CONCURRENT freed 390K, 15% free 10471K/12295K, paused 1ms+4ms
06-08 16:37:01.961  5756  5759 D dalvikvm: GC_CONCURRENT freed 385K, 15% free 10471K/12295K, paused 2ms+2ms
06-08 16:37:02.211  5756  5759 D dalvikvm: GC_CONCURRENT freed 385K, 15% free 10477K/12295K, paused 2ms+3ms
06-08 16:37:02.461  5756  5759 D dalvikvm: GC_CONCURRENT freed 392K, 15% free 10472K/12295K, paused 2ms+2ms
06-08 16:37:02.699  5756  5759 D dalvikvm: GC_CONCURRENT freed 386K, 15% free 10474K/12295K, paused 2ms+3ms
06-08 16:37:02.937  5756  5759 D dalvikvm: GC_CONCURRENT freed 391K, 15% free 10474K/12295K, paused 2ms+4ms
06-08 16:37:03.175  5756  5759 D dalvikvm: GC_CONCURRENT freed 393K, 15% free 10472K/12295K, paused 2ms+3ms
06-08 16:37:03.336  5756  5759 D dalvikvm: GC_CONCURRENT freed 351K, 14% free 10600K/12295K, paused 2ms+2ms
06-08 16:37:03.589  5756  5759 D dalvikvm: GC_CONCURRENT freed 401K, 14% free 10600K/12295K, paused 2ms+3ms
06-08 16:37:03.851  5756  5759 D dalvikvm: GC_CONCURRENT freed 405K, 14% free 10601K/12295K, paused 2ms+2ms
06-08 16:37:04.101  5756  5759 D dalvikvm: GC_CONCURRENT freed 401K, 14% free 10600K/12295K, paused 2ms+3ms
06-08 16:37:04.343  5756  5759 D dalvikvm: GC_CONCURRENT freed 401K, 14% free 10600K/12295K, paused 1ms+4ms
06-08 16:37:04.500  5756  5759 D dalvikvm: GC_CONCURRENT freed 209K, 12% free 10850K/12295K, paused 2ms+2ms
06-08 16:37:04.636  5756  5759 D dalvikvm: GC_CONCURRENT freed 1449K, 20% free 9884K/12295K, paused 2ms+3ms
06-08 16:37:04.742  5756  5759 D dalvikvm: GC_CONCURRENT freed 329K, 20% free 9940K/12295K, paused 3ms+4ms
06-08 16:37:05.019  5756  5759 D dalvikvm: GC_CONCURRENT freed 338K, 19% free 9988K/12295K, paused 2ms+3ms
06-08 16:37:05.175  5756  5759 D dalvikvm: GC_CONCURRENT freed 307K, 19% free 10078K/12295K, paused 2ms+3ms
06-08 16:37:05.379  5756  5759 D dalvikvm: GC_CONCURRENT freed 571K, 20% free 9892K/12295K, paused 2ms+3ms
06-08 16:37:05.480  5756  5759 D dalvikvm: GC_CONCURRENT freed 348K, 19% free 10033K/12295K, paused 2ms+3ms
06-08 16:37:05.742  5756  5759 D dalvikvm: GC_CONCURRENT freed 386K, 19% free 10031K/12295K, paused 2ms+2ms
06-08 16:37:06.027  5756  5759 D dalvikvm: GC_CONCURRENT freed 321K, 18% free 10097K/12295K, paused 2ms+3ms
06-08 16:37:06.191  5756  5759 D dalvikvm: GC_CONCURRENT freed 342K, 18% free 10153K/12295K, paused 2ms+4ms
06-08 16:37:06.453  5756  5759 D dalvikvm: GC_CONCURRENT freed 654K, 20% free 9886K/12295K, paused 2ms+2ms
06-08 16:37:06.629  5756  5759 D dalvikvm: GC_CONCURRENT freed 378K, 20% free 9897K/12295K, paused 1ms+3ms
06-08 16:37:06.808  5756  5759 D dalvikvm: GC_CONCURRENT freed 388K, 20% free 9895K/12295K, paused 1ms+3ms
06-08 16:37:07.023  5756  5759 D dalvikvm: GC_CONCURRENT freed 439K, 20% free 9896K/12295K, paused 2ms+3ms
06-08 16:37:07.195  5756  5759 D dalvikvm: GC_CONCURRENT freed 418K, 20% free 9933K/12295K, paused 1ms+3ms
06-08 16:37:07.254  5756  5759 D dalvikvm: GC_CONCURRENT freed 192K, 18% free 10170K/12295K, paused 1ms+4ms
06-08 16:37:07.406  5756  5759 D dalvikvm: GC_CONCURRENT freed 468K, 18% free 10087K/12295K, paused 2ms+3ms
06-08 16:37:07.632  5756  5759 D dalvikvm: GC_CONCURRENT freed 369K, 18% free 10104K/12295K, paused 2ms+3ms
06-08 16:37:07.843  5756  5759 D dalvikvm: GC_CONCURRENT freed 354K, 18% free 10137K/12295K, paused 2ms+2ms
06-08 16:37:08.086  5756  5759 D dalvikvm: GC_CONCURRENT freed 390K, 18% free 10138K/12295K, paused 2ms+3ms
06-08 16:37:08.332  5756  5759 D dalvikvm: GC_CONCURRENT freed 386K, 18% free 10138K/12295K, paused 3ms+3ms
06-08 16:37:08.574  5756  5759 D dalvikvm: GC_CONCURRENT freed 384K, 18% free 10141K/12295K, paused 2ms+2ms
06-08 16:37:08.750  5756  5759 D dalvikvm: GC_CONCURRENT freed 324K, 18% free 10203K/12295K, paused 3ms+3ms
06-08 16:37:08.992  5756  5759 D dalvikvm: GC_CONCURRENT freed 386K, 18% free 10204K/12295K, paused 2ms+4ms
06-08 16:37:09.195  5756  5759 D dalvikvm: GC_CONCURRENT freed 332K, 17% free 10322K/12295K, paused 2ms+3ms
06-08 16:37:09.308  5756  5759 D dalvikvm: GC_CONCURRENT freed 795K, 20% free 9941K/12295K, paused 2ms+4ms
06-08 16:37:09.543  5756  5759 D dalvikvm: GC_CONCURRENT freed 458K, 20% free 9876K/12295K, paused 2ms+2ms
06-08 16:37:09.730  5756  5759 D dalvikvm: GC_CONCURRENT freed 373K, 20% free 9890K/12295K, paused 2ms+3ms
06-08 16:37:09.929  5756  5759 D dalvikvm: GC_CONCURRENT freed 420K, 20% free 9955K/12295K, paused 2ms+2ms
06-08 16:37:10.156  5756  5759 D dalvikvm: GC_CONCURRENT freed 405K, 20% free 9936K/12295K, paused 1ms+2ms
06-08 16:37:10.324  5756  5759 D dalvikvm: GC_CONCURRENT freed 443K, 20% free 9881K/12295K, paused 2ms+3ms
06-08 16:37:10.519  5756  5759 D dalvikvm: GC_CONCURRENT freed 360K, 20% free 9908K/12295K, paused 2ms+2ms
06-08 16:37:10.718  5756  5759 D dalvikvm: GC_CONCURRENT freed 421K, 20% free 9884K/12295K, paused 2ms+2ms
06-08 16:37:10.914  5756  5759 D dalvikvm: GC_CONCURRENT freed 396K, 20% free 9908K/12295K, paused 1ms+3ms
06-08 16:37:11.066  5756  5759 D dalvikvm: GC_CONCURRENT freed 383K, 20% free 9916K/12295K, paused 2ms+3ms
06-08 16:37:11.320  5756  5759 D dalvikvm: GC_CONCURRENT freed 340K, 19% free 9961K/12295K, paused 1ms+3ms
06-08 16:37:11.484  5756  5759 D dalvikvm: GC_CONCURRENT freed 531K, 20% free 9931K/12295K, paused 2ms+3ms
06-08 16:37:11.593  5756  5759 D dalvikvm: GC_CONCURRENT freed 328K, 19% free 9988K/12295K, paused 2ms+2ms
06-08 16:37:11.882  5756  5759 D dalvikvm: GC_CONCURRENT freed 352K, 19% free 10022K/12295K, paused 3ms+3ms
06-08 16:37:12.175  5756  5759 D dalvikvm: GC_CONCURRENT freed 363K, 19% free 10048K/12295K, paused 3ms+2ms
06-08 16:37:12.312  5756  5759 D dalvikvm: GC_CONCURRENT freed 511K, 20% free 9923K/12295K, paused 2ms+2ms
06-08 16:37:12.562  5756  5759 D dalvikvm: GC_CONCURRENT freed 360K, 20% free 9951K/12295K, paused 3ms+2ms
06-08 16:37:12.824  5756  5759 D dalvikvm: GC_CONCURRENT freed 448K, 19% free 9969K/12295K, paused 2ms+3ms
06-08 16:37:13.039  5756  5759 D dalvikvm: GC_CONCURRENT freed 417K, 20% free 9941K/12295K, paused 2ms+3ms
06-08 16:37:13.273  5756  5759 D dalvikvm: GC_CONCURRENT freed 454K, 20% free 9873K/12295K, paused 2ms+2ms
06-08 16:37:13.441  5756  5759 D dalvikvm: GC_CONCURRENT freed 312K, 20% free 9946K/12295K, paused 2ms+2ms
06-08 16:37:13.648  5756  5759 D dalvikvm: GC_CONCURRENT freed 444K, 20% free 9889K/12295K, paused 2ms+4ms
06-08 16:37:13.820  5756  5759 D dalvikvm: GC_CONCURRENT freed 400K, 20% free 9884K/12295K, paused 2ms+2ms
06-08 16:37:13.980  5756  5759 D dalvikvm: GC_CONCURRENT freed 367K, 20% free 9919K/12295K, paused 3ms+3ms
06-08 16:37:14.199  5756  5759 D dalvikvm: GC_CONCURRENT freed 356K, 19% free 10024K/12295K, paused 2ms+3ms
06-08 16:37:14.418  5756  5759 D dalvikvm: GC_CONCURRENT freed 447K, 19% free 9964K/12295K, paused 1ms+4ms
06-08 16:37:14.648  5756  5759 D dalvikvm: GC_CONCURRENT freed 358K, 19% free 9998K/12295K, paused 2ms+3ms
06-08 16:37:14.816  5756  5759 D dalvikvm: GC_CONCURRENT freed 500K, 20% free 9885K/12295K, paused 2ms+2ms
06-08 16:37:14.988  5756  5759 D dalvikvm: GC_CONCURRENT freed 372K, 20% free 9935K/12295K, paused 2ms+3ms
06-08 16:37:15.183  5756  5759 D dalvikvm: GC_CONCURRENT freed 442K, 20% free 9896K/12295K, paused 2ms+3ms
06-08 16:37:15.355  5756  5759 D dalvikvm: GC_CONCURRENT freed 339K, 19% free 10013K/12295K, paused 2ms+3ms
06-08 16:37:15.629  5756  5759 D dalvikvm: GC_CONCURRENT freed 444K, 20% free 9959K/12295K, paused 2ms+3ms
06-08 16:37:15.793  5756  5759 D dalvikvm: GC_CONCURRENT freed 420K, 20% free 9937K/12295K, paused 2ms+3ms
06-08 16:37:15.843  5756  5759 D dalvikvm: GC_CONCURRENT freed 196K, 18% free 10173K/12295K, paused 2ms+3ms
06-08 16:37:15.992  5756  5759 D dalvikvm: GC_CONCURRENT freed 473K, 18% free 10086K/12295K, paused 3ms+3ms
06-08 16:37:16.218  5756  5759 D dalvikvm: GC_CONCURRENT freed 369K, 18% free 10103K/12295K, paused 3ms+2ms
06-08 16:37:16.429  5756  5759 D dalvikvm: GC_CONCURRENT freed 353K, 18% free 10136K/12295K, paused 3ms+2ms
06-08 16:37:16.668  5756  5759 D dalvikvm: GC_CONCURRENT freed 385K, 18% free 10137K/12295K, paused 3ms+3ms
06-08 16:37:16.910  5756  5759 D dalvikvm: GC_CONCURRENT freed 385K, 18% free 10138K/12295K, paused 2ms+3ms
06-08 16:37:17.136  5756  5759 D dalvikvm: GC_CONCURRENT freed 389K, 18% free 10139K/12295K, paused 2ms+3ms
06-08 16:37:17.308   151   153 D dalvikvm: GC_CONCURRENT freed 1136K, 25% free 14153K/18695K, paused 8ms+10ms
06-08 16:37:17.441  5756  5759 D dalvikvm: GC_CONCURRENT freed 321K, 18% free 10203K/12295K, paused 2ms+3ms
06-08 16:37:17.675  5756  5759 D dalvikvm: GC_CONCURRENT freed 388K, 18% free 10203K/12295K, paused 2ms+3ms
06-08 16:37:17.859  5756  5759 D dalvikvm: GC_CONCURRENT freed 304K, 17% free 10325K/12295K, paused 2ms+2ms
06-08 16:37:17.964  5756  5759 D dalvikvm: GC_CONCURRENT freed 811K, 20% free 9903K/12295K, paused 2ms+2ms
06-08 16:37:18.160  5756  5759 D dalvikvm: GC_CONCURRENT freed 332K, 19% free 9959K/12295K, paused 2ms+3ms
06-08 16:37:18.328  5756  5759 D dalvikvm: GC_CONCURRENT freed 434K, 20% free 9957K/12295K, paused 2ms+2ms
06-08 16:37:18.566  5756  5759 D dalvikvm: GC_CONCURRENT freed 437K, 20% free 9920K/12295K, paused 2ms+3ms
06-08 16:37:18.746  5756  5759 D dalvikvm: GC_CONCURRENT freed 432K, 20% free 9878K/12295K, paused 2ms+3ms
06-08 16:37:18.949  5756  5759 D dalvikvm: GC_CONCURRENT freed 365K, 20% free 9898K/12295K, paused 2ms+2ms
06-08 16:37:19.148  5756  5759 D dalvikvm: GC_CONCURRENT freed 376K, 19% free 9991K/12295K, paused 2ms+5ms
06-08 16:37:19.273  5756  5759 D dalvikvm: GC_CONCURRENT freed 400K, 19% free 9976K/12295K, paused 2ms+3ms
06-08 16:37:19.531  5756  5759 D dalvikvm: GC_CONCURRENT freed 358K, 19% free 10010K/12295K, paused 2ms+2ms
06-08 16:37:19.808  5756  5759 D dalvikvm: GC_CONCURRENT freed 358K, 19% free 10056K/12295K, paused 2ms+3ms
06-08 16:37:20.160  5756  5759 D dalvikvm: GC_CONCURRENT freed 374K, 19% free 10067K/12295K, paused 2ms+4ms
06-08 16:37:20.402  5756  5759 D dalvikvm: GC_CONCURRENT freed 564K, 19% free 9965K/12295K, paused 6ms+2ms
06-08 16:37:20.582  5756  5759 D dalvikvm: GC_CONCURRENT freed 371K, 19% free 9980K/12295K, paused 2ms+3ms
06-08 16:37:20.836  5756  5759 D dalvikvm: GC_CONCURRENT freed 365K, 19% free 10000K/12295K, paused 3ms+3ms
06-08 16:37:21.027  5756  5759 D dalvikvm: GC_CONCURRENT freed 481K, 20% free 9904K/12295K, paused 2ms+4ms
06-08 16:37:21.234  5756  5759 D dalvikvm: GC_CONCURRENT freed 407K, 20% free 9887K/12295K, paused 3ms+3ms
06-08 16:37:21.433  5756  5759 D dalvikvm: GC_CONCURRENT freed 398K, 20% free 9886K/12295K, paused 2ms+3ms
06-08 16:37:21.640  5756  5759 D dalvikvm: GC_CONCURRENT freed 395K, 20% free 9897K/12295K, paused 2ms+4ms
06-08 16:37:21.824  5756  5759 D dalvikvm: GC_CONCURRENT freed 398K, 20% free 9887K/12295K, paused 2ms+2ms
06-08 16:37:22.031  5756  5759 D dalvikvm: GC_CONCURRENT freed 364K, 20% free 9908K/12295K, paused 2ms+2ms
06-08 16:37:22.203  5756  5759 D dalvikvm: GC_CONCURRENT freed 378K, 20% free 9919K/12295K, paused 2ms+2ms
06-08 16:37:22.433  5756  5759 D dalvikvm: GC_CONCURRENT freed 453K, 20% free 9925K/12295K, paused 3ms+3ms
06-08 16:37:22.660  5756  5759 D dalvikvm: GC_CONCURRENT freed 451K, 20% free 9872K/12295K, paused 2ms+3ms
06-08 16:37:22.847  5756  5759 D dalvikvm: GC_CONCURRENT freed 367K, 20% free 9891K/12295K, paused 2ms+2ms
06-08 16:37:23.043  5756  5759 D dalvikvm: GC_CONCURRENT freed 394K, 20% free 9883K/12295K, paused 2ms+3ms
06-08 16:37:23.222  5756  5759 D dalvikvm: GC_CONCURRENT freed 389K, 20% free 9885K/12295K, paused 2ms+2ms
06-08 16:37:23.406  5756  5759 D dalvikvm: GC_CONCURRENT freed 348K, 19% free 9983K/12295K, paused 2ms+6ms
06-08 16:37:23.660  5756  5759 D dalvikvm: GC_CONCURRENT freed 433K, 20% free 9938K/12295K, paused 2ms+3ms
06-08 16:37:23.847  5756  5759 D dalvikvm: GC_CONCURRENT freed 455K, 20% free 9869K/12295K, paused 2ms+2ms
06-08 16:37:24.031  5756  5759 D dalvikvm: GC_CONCURRENT freed 396K, 20% free 9939K/12295K, paused 3ms+2ms
06-08 16:37:24.226  5756  5759 D dalvikvm: GC_CONCURRENT freed 378K, 19% free 9960K/12295K, paused 3ms+2ms
06-08 16:37:24.582  5756  5759 D dalvikvm: GC_CONCURRENT freed 476K, 20% free 9879K/12295K, paused 2ms+3ms
06-08 16:37:24.777  5756  5759 D dalvikvm: GC_CONCURRENT freed 336K, 20% free 9929K/12295K, paused 2ms+3ms
06-08 16:37:24.992  5756  5759 D dalvikvm: GC_CONCURRENT freed 415K, 20% free 9901K/12295K, paused 2ms+2ms
06-08 16:37:25.132  5756  5759 D dalvikvm: GC_CONCURRENT freed 382K, 20% free 9944K/12295K, paused 2ms+3ms
06-08 16:37:25.183  5756  5759 D dalvikvm: GC_CONCURRENT freed 203K, 18% free 10170K/12295K, paused 1ms+3ms
06-08 16:37:25.336  5756  5759 D dalvikvm: GC_CONCURRENT freed 467K, 18% free 10089K/12295K, paused 3ms+2ms
06-08 16:37:25.578  5756  5759 D dalvikvm: GC_CONCURRENT freed 368K, 18% free 10107K/12295K, paused 2ms+3ms
06-08 16:37:25.804  5756  5759 D dalvikvm: GC_CONCURRENT freed 355K, 18% free 10143K/12295K, paused 2ms+2ms
06-08 16:37:26.046  5756  5759 D dalvikvm: GC_CONCURRENT freed 390K, 18% free 10139K/12295K, paused 2ms+3ms
06-08 16:37:26.296  5756  5759 D dalvikvm: GC_CONCURRENT freed 385K, 18% free 10141K/12295K, paused 2ms+3ms
06-08 16:37:26.539  5756  5759 D dalvikvm: GC_CONCURRENT freed 387K, 18% free 10141K/12295K, paused 3ms+3ms
06-08 16:37:26.718  5756  5759 D dalvikvm: GC_CONCURRENT freed 324K, 17% free 10205K/12295K, paused 3ms+2ms
06-08 16:37:26.961  5756  5759 D dalvikvm: GC_CONCURRENT freed 387K, 17% free 10209K/12295K, paused 2ms+4ms
06-08 16:37:27.164  5756  5759 D dalvikvm: GC_CONCURRENT freed 311K, 15% free 10487K/12295K, paused 2ms+3ms
06-08 16:37:27.355  5756  5759 D dalvikvm: GC_CONCURRENT freed 978K, 20% free 9896K/12295K, paused 1ms+2ms
06-08 16:37:27.543  5756  5759 D dalvikvm: GC_CONCURRENT freed 403K, 20% free 9879K/12295K, paused 2ms+3ms
06-08 16:37:27.722  5756  5759 D dalvikvm: GC_CONCURRENT freed 373K, 20% free 9891K/12295K, paused 2ms+3ms
06-08 16:37:27.914  5756  5759 D dalvikvm: GC_CONCURRENT freed 411K, 20% free 9893K/12295K, paused 2ms+4ms
06-08 16:37:28.097  5756  5759 D dalvikvm: GC_CONCURRENT freed 369K, 20% free 9919K/12295K, paused 2ms+2ms
06-08 16:37:28.273  5756  5759 D dalvikvm: GC_CONCURRENT freed 372K, 20% free 9931K/12295K, paused 2ms+2ms
06-08 16:37:28.457  5756  5759 D dalvikvm: GC_CONCURRENT freed 430K, 20% free 9886K/12295K, paused 2ms+2ms
06-08 16:37:28.601  5756  5759 D dalvikvm: GC_CONCURRENT freed 347K, 20% free 9922K/12295K, paused 2ms+2ms
06-08 16:37:28.867  5756  5759 D dalvikvm: GC_CONCURRENT freed 378K, 20% free 9929K/12295K, paused 2ms+4ms
06-08 16:37:29.011  5756  5759 D dalvikvm: GC_CONCURRENT freed 385K, 20% free 9930K/12295K, paused 2ms+4ms
06-08 16:37:29.027   151   166 W SensorService: Sensor fusion diverged; resetting state.
06-08 16:37:29.269  5756  5759 D dalvikvm: GC_CONCURRENT freed 369K, 20% free 9948K/12295K, paused 2ms+2ms
06-08 16:37:29.476  5756  5759 D dalvikvm: GC_CONCURRENT freed 439K, 20% free 9898K/12295K, paused 1ms+4ms
06-08 16:37:29.687  5756  5759 D dalvikvm: GC_CONCURRENT freed 398K, 20% free 9890K/12295K, paused 2ms+2ms
06-08 16:37:29.863  5756  5759 D dalvikvm: GC_CONCURRENT freed 375K, 20% free 9900K/12295K, paused 2ms+2ms
06-08 16:37:30.093  5756  5759 D dalvikvm: GC_CONCURRENT freed 384K, 19% free 9973K/12295K, paused 2ms+3ms
06-08 16:37:30.320  5756  5759 D dalvikvm: GC_CONCURRENT freed 404K, 20% free 9955K/12295K, paused 2ms+3ms
06-08 16:37:30.468  5756  5759 D dalvikvm: GC_CONCURRENT freed 489K, 19% free 9964K/12295K, paused 4ms+3ms
06-08 16:37:30.656  5756  5759 D dalvikvm: GC_CONCURRENT freed 393K, 19% free 9979K/12295K, paused 2ms+4ms
06-08 16:37:30.918  5756  5759 D dalvikvm: GC_CONCURRENT freed 347K, 19% free 10020K/12295K, paused 2ms+3ms
06-08 16:37:31.015  5756  5759 D dalvikvm: GC_CONCURRENT freed 463K, 19% free 10021K/12295K, paused 2ms+3ms
06-08 16:37:31.211  5756  5759 D dalvikvm: GC_CONCURRENT freed 387K, 19% free 10020K/12295K, paused 2ms+4ms
06-08 16:37:31.480  5756  5759 D dalvikvm: GC_CONCURRENT freed 320K, 18% free 10086K/12295K, paused 1ms+2ms
06-08 16:37:31.707  5756  5759 D dalvikvm: GC_CONCURRENT freed 408K, 18% free 10146K/12295K, paused 2ms+4ms
06-08 16:37:31.800  5756  5759 D dalvikvm: GC_CONCURRENT freed 567K, 19% free 9965K/12295K, paused 4ms+5ms
06-08 16:37:32.101  5756  5759 D dalvikvm: GC_CONCURRENT freed 355K, 19% free 9996K/12295K, paused 2ms+2ms
06-08 16:37:32.363  5756  5759 D dalvikvm: GC_CONCURRENT freed 350K, 19% free 10072K/12295K, paused 2ms+3ms
06-08 16:37:32.574  5756  5759 D dalvikvm: GC_CONCURRENT freed 561K, 20% free 9896K/12295K, paused 3ms+2ms
06-08 16:37:32.757  5756  5759 D dalvikvm: GC_CONCURRENT freed 432K, 20% free 9886K/12295K, paused 2ms+3ms
06-08 16:37:32.941  5756  5759 D dalvikvm: GC_CONCURRENT freed 380K, 20% free 9906K/12295K, paused 2ms+4ms
06-08 16:37:33.168  5756  5759 D dalvikvm: GC_CONCURRENT freed 412K, 20% free 9881K/12295K, paused 2ms+3ms
06-08 16:37:33.351  5756  5759 D dalvikvm: GC_CONCURRENT freed 386K, 20% free 9882K/12295K, paused 2ms+2ms
06-08 16:37:33.554  5756  5759 D dalvikvm: GC_CONCURRENT freed 341K, 20% free 9926K/12295K, paused 3ms+4ms
06-08 16:37:33.750  5756  5759 D dalvikvm: GC_CONCURRENT freed 440K, 20% free 9951K/12295K, paused 3ms+3ms
06-08 16:37:34.019  5756  5759 D dalvikvm: GC_CONCURRENT freed 421K, 20% free 9916K/12295K, paused 2ms+2ms
06-08 16:37:34.187  5756  5759 D dalvikvm: GC_CONCURRENT freed 325K, 18% free 10097K/12295K, paused 2ms+3ms
06-08 16:37:34.406  5756  5759 D dalvikvm: GC_CONCURRENT freed 486K, 19% free 9996K/12295K, paused 2ms+2ms
06-08 16:37:34.695  5756  5759 D dalvikvm: GC_CONCURRENT freed 351K, 19% free 10033K/12295K, paused 2ms+3ms
06-08 16:37:34.855  5756  5759 D dalvikvm: GC_CONCURRENT freed 477K, 19% free 9980K/12295K, paused 2ms+3ms
06-08 16:37:35.019  5756  5759 D dalvikvm: GC_CONCURRENT freed 372K, 19% free 9994K/12295K, paused 2ms+2ms
06-08 16:37:35.238   559   561 D dalvikvm: GC_CONCURRENT freed 474K, 12% free 10657K/11975K, paused 2ms+5ms
06-08 16:37:35.421  5756  5759 D dalvikvm: GC_CONCURRENT freed 303K, 19% free 10076K/12295K, paused 3ms+3ms
06-08 16:37:35.671  5756  5759 D dalvikvm: GC_CONCURRENT freed 423K, 18% free 10152K/12295K, paused 2ms+3ms
06-08 16:37:35.882  5756  5759 D dalvikvm: GC_CONCURRENT freed 668K, 20% free 9899K/12295K, paused 3ms+3ms
06-08 16:37:36.078  5756  5759 D dalvikvm: GC_CONCURRENT freed 405K, 20% free 9881K/12295K, paused 2ms+3ms
06-08 16:37:36.265  5756  5759 D dalvikvm: GC_CONCURRENT freed 358K, 20% free 9912K/12295K, paused 2ms+3ms
06-08 16:37:36.484  5756  5759 D dalvikvm: GC_CONCURRENT freed 410K, 20% free 9890K/12295K, paused 3ms+2ms
06-08 16:37:36.679  5756  5759 D dalvikvm: GC_CONCURRENT freed 364K, 20% free 9911K/12295K, paused 1ms+3ms
06-08 16:37:36.867  5756  5759 D dalvikvm: GC_CONCURRENT freed 398K, 20% free 9901K/12295K, paused 3ms+2ms
06-08 16:37:37.054  5756  5759 D dalvikvm: GC_CONCURRENT freed 374K, 20% free 9912K/12295K, paused 3ms+2ms
06-08 16:37:37.230  5756  5759 D dalvikvm: GC_CONCURRENT freed 376K, 20% free 9922K/12295K, paused 2ms+2ms
06-08 16:37:37.492  5756  5759 D dalvikvm: GC_CONCURRENT freed 336K, 19% free 9974K/12295K, paused 2ms+3ms
06-08 16:37:37.660  5756  5759 D dalvikvm: GC_CONCURRENT freed 457K, 20% free 9905K/12295K, paused 2ms+2ms
06-08 16:37:37.859  5756  5759 D dalvikvm: GC_CONCURRENT freed 431K, 20% free 9878K/12295K, paused 2ms+3ms
06-08 16:37:38.058  5756  5759 D dalvikvm: GC_CONCURRENT freed 372K, 20% free 9891K/12295K, paused 3ms+2ms
06-08 16:37:38.238  5756  5759 D dalvikvm: GC_CONCURRENT freed 370K, 20% free 9907K/12295K, paused 3ms+3ms
06-08 16:37:38.421  5756  5759 D dalvikvm: GC_CONCURRENT freed 426K, 20% free 9871K/12295K, paused 2ms+3ms
06-08 16:37:38.605  5756  5759 D dalvikvm: GC_CONCURRENT freed 359K, 20% free 9897K/12295K, paused 2ms+3ms
06-08 16:37:38.796  5756  5759 D dalvikvm: GC_CONCURRENT freed 469K, 20% free 9932K/12295K, paused 2ms+2ms
06-08 16:37:39.074  5756  5759 D dalvikvm: GC_CONCURRENT freed 456K, 20% free 9877K/12295K, paused 3ms+3ms
06-08 16:37:39.226  5756  5759 D dalvikvm: GC_CONCURRENT freed 323K, 20% free 9940K/12295K, paused 2ms+2ms
06-08 16:37:39.464  5756  5759 D dalvikvm: GC_CONCURRENT freed 459K, 20% free 9877K/12295K, paused 2ms+3ms
06-08 16:37:39.660  5756  5759 D dalvikvm: GC_CONCURRENT freed 373K, 20% free 9889K/12295K, paused 2ms+3ms
06-08 16:37:39.847  5756  5759 D dalvikvm: GC_CONCURRENT freed 444K, 20% free 9950K/12295K, paused 2ms+3ms
06-08 16:37:40.093  5756  5759 D dalvikvm: GC_CONCURRENT freed 413K, 20% free 9923K/12295K, paused 2ms+4ms
06-08 16:37:40.211  5756  5759 D dalvikvm: GC_CONCURRENT freed 337K, 19% free 9991K/12295K, paused 3ms+3ms
06-08 16:37:40.519  5756  5759 D dalvikvm: GC_CONCURRENT freed 406K, 19% free 9970K/12295K, paused 2ms+3ms
06-08 16:37:40.718  5756  5759 D dalvikvm: GC_CONCURRENT freed 473K, 20% free 9884K/12295K, paused 2ms+2ms
06-08 16:37:40.882  5756  5759 D dalvikvm: GC_CONCURRENT freed 369K, 20% free 9946K/12295K, paused 3ms+2ms
06-08 16:37:41.101  5756  5759 D dalvikvm: GC_CONCURRENT freed 478K, 20% free 9880K/12295K, paused 2ms+4ms
06-08 16:37:41.300  5756  5759 D dalvikvm: GC_CONCURRENT freed 350K, 20% free 9916K/12295K, paused 2ms+2ms
06-08 16:37:41.504  5756  5759 D dalvikvm: GC_CONCURRENT freed 418K, 20% free 9883K/12295K, paused 2ms+3ms
06-08 16:37:41.687  5756  5759 D dalvikvm: GC_CONCURRENT freed 364K, 20% free 9932K/12295K, paused 2ms+3ms
06-08 16:37:41.859  5756  5759 D dalvikvm: GC_CONCURRENT freed 390K, 20% free 9927K/12295K, paused 1ms+3ms
06-08 16:37:42.054  5756  5759 D dalvikvm: GC_CONCURRENT freed 429K, 20% free 9882K/12295K, paused 2ms+2ms
06-08 16:37:42.246  5756  5759 D dalvikvm: GC_CONCURRENT freed 376K, 20% free 9891K/12295K, paused 1ms+2ms
06-08 16:37:42.418  5756  5759 D dalvikvm: GC_CONCURRENT freed 390K, 20% free 9944K/12295K, paused 3ms+3ms
06-08 16:37:42.648  5756  5759 D dalvikvm: GC_CONCURRENT freed 459K, 20% free 9890K/12295K, paused 2ms+3ms
06-08 16:37:42.847  5756  5759 D dalvikvm: GC_CONCURRENT freed 398K, 20% free 9877K/12295K, paused 2ms+4ms
06-08 16:37:43.039  5756  5759 D dalvikvm: GC_CONCURRENT freed 372K, 20% free 9926K/12295K, paused 2ms+3ms
06-08 16:37:43.257  5756  5759 D dalvikvm: GC_CONCURRENT freed 386K, 19% free 9960K/12295K, paused 3ms+3ms
06-08 16:37:43.441  5756  5759 D dalvikvm: GC_CONCURRENT freed 448K, 20% free 9904K/12295K, paused 1ms+2ms
06-08 16:37:43.644  5756  5759 D dalvikvm: GC_CONCURRENT freed 406K, 20% free 9885K/12295K, paused 2ms+2ms
06-08 16:37:43.828  5756  5759 D dalvikvm: GC_CONCURRENT freed 363K, 20% free 9909K/12295K, paused 2ms+3ms
06-08 16:37:43.996  5756  5759 D dalvikvm: GC_CONCURRENT freed 388K, 20% free 9907K/12295K, paused 2ms+2ms
06-08 16:37:44.218  5756  5759 D dalvikvm: GC_CONCURRENT freed 413K, 20% free 9883K/12295K, paused 2ms+3ms
06-08 16:37:44.355  5756  5759 D dalvikvm: GC_CONCURRENT freed 361K, 20% free 9906K/12295K, paused 2ms+2ms
06-08 16:37:44.593  5756  5759 D dalvikvm: GC_CONCURRENT freed 423K, 20% free 9866K/12295K, paused 2ms+3ms
06-08 16:37:44.781  5756  5759 D dalvikvm: GC_CONCURRENT freed 375K, 20% free 9894K/12295K, paused 3ms+4ms
06-08 16:37:44.957  5756  5759 D dalvikvm: GC_CONCURRENT freed 374K, 19% free 9981K/12295K, paused 3ms+3ms
06-08 16:37:45.191  5756  5759 D dalvikvm: GC_CONCURRENT freed 391K, 19% free 9976K/12295K, paused 2ms+3ms
06-08 16:37:45.382  5756  5759 D dalvikvm: GC_CONCURRENT freed 479K, 20% free 9882K/12295K, paused 2ms+3ms
06-08 16:37:45.570  5756  5759 D dalvikvm: GC_CONCURRENT freed 392K, 20% free 9880K/12295K, paused 2ms+2ms
06-08 16:37:45.765  5756  5759 D dalvikvm: GC_CONCURRENT freed 381K, 20% free 9884K/12295K, paused 2ms+3ms
06-08 16:37:45.933  5756  5759 D dalvikvm: GC_CONCURRENT freed 373K, 20% free 9897K/12295K, paused 3ms+4ms
06-08 16:37:47.171  5756  5759 D dalvikvm: GC_CONCURRENT freed 376K, 20% free 9915K/12295K, paused 2ms+2ms
06-08 16:37:47.394  5756  5759 D dalvikvm: GC_CONCURRENT freed 368K, 19% free 9962K/12295K, paused 2ms+2ms
06-08 16:37:47.574  5756  5759 D dalvikvm: GC_CONCURRENT freed 449K, 19% free 9994K/12295K, paused 2ms+3ms
06-08 16:37:47.785  5756  5759 D dalvikvm: GC_CONCURRENT freed 443K, 20% free 9938K/12295K, paused 2ms+3ms
06-08 16:37:48.027  5756  5759 D dalvikvm: GC_CONCURRENT freed 396K, 19% free 9986K/12295K, paused 2ms+2ms
06-08 16:37:48.175  5756  5759 D dalvikvm: GC_CONCURRENT freed 514K, 19% free 9960K/12295K, paused 1ms+2ms
06-08 16:37:48.222  2137  2241 I PhoneLab-: Service Running
06-08 16:37:48.257  2137  2241 I PhoneLab-LoggerService: app_38    1301  1     1788   1344  c00f181c 400107b4 S logcat
06-08 16:37:48.257  2137  2241 I PhoneLab-LoggerService: Logcat pid from database 1301
06-08 16:37:48.257  2137  2241 I PhoneLab-LoggerService: Logcat process found 1301
06-08 16:37:48.257  2137  2241 I PhoneLab-LoggerService: Checking Threshold
06-08 16:37:48.480  5756  5759 D dalvikvm: GC_CONCURRENT freed 483K, 20% free 9886K/12295K, paused 2ms+3ms
06-08 16:37:48.668  5756  5759 D dalvikvm: GC_CONCURRENT freed 374K, 20% free 9919K/12295K, paused 2ms+3ms
06-08 16:37:48.863  5756  5759 D dalvikvm: GC_CONCURRENT freed 463K, 20% free 9935K/12295K, paused 2ms+3ms
06-08 16:37:49.109  5756  5759 D dalvikvm: GC_CONCURRENT freed 473K, 20% free 9886K/12295K, paused 2ms+3ms
06-08 16:37:49.316  5756  5759 D dalvikvm: GC_CONCURRENT freed 390K, 20% free 9882K/12295K, paused 1ms+2ms
06-08 16:37:49.535  5756  5759 D dalvikvm: GC_CONCURRENT freed 385K, 20% free 9889K/12295K, paused 1ms+3ms
06-08 16:37:49.734  5756  5759 D dalvikvm: GC_CONCURRENT freed 390K, 20% free 9886K/12295K, paused 2ms+3ms
06-08 16:37:49.921  5756  5759 D dalvikvm: GC_CONCURRENT freed 396K, 20% free 9888K/12295K, paused 2ms+2ms
06-08 16:37:50.129  5756  5759 D dalvikvm: GC_CONCURRENT freed 344K, 20% free 9931K/12295K, paused 3ms+2ms
06-08 16:37:50.379  5756  5759 D dalvikvm: GC_CONCURRENT freed 450K, 20% free 9866K/12295K, paused 2ms+3ms
06-08 16:37:50.566  5756  5759 D dalvikvm: GC_CONCURRENT freed 368K, 20% free 9885K/12295K, paused 1ms+3ms
06-08 16:37:50.742  5756  5759 D dalvikvm: GC_CONCURRENT freed 365K, 20% free 9907K/12295K, paused 2ms+2ms
06-08 16:37:50.902  5756  5759 D dalvikvm: GC_CONCURRENT freed 387K, 20% free 9950K/12295K, paused 2ms+2ms
06-08 16:37:51.144  5756  5759 D dalvikvm: GC_CONCURRENT freed 395K, 20% free 9939K/12295K, paused 2ms+2ms
06-08 16:37:51.379  5756  5759 D dalvikvm: GC_CONCURRENT freed 446K, 20% free 9878K/12295K, paused 2ms+2ms
06-08 16:37:51.601  5756  5759 D dalvikvm: GC_CONCURRENT freed 369K, 20% free 9902K/12295K, paused 5ms+2ms
06-08 16:37:51.812  5756  5759 D dalvikvm: GC_CONCURRENT freed 368K, 20% free 9940K/12295K, paused 2ms+3ms
06-08 16:37:51.863  5756  5759 D dalvikvm: GC_CONCURRENT freed 199K, 18% free 10170K/12295K, paused 3ms+3ms
06-08 16:37:52.027  5756  5759 D dalvikvm: GC_CONCURRENT freed 468K, 18% free 10088K/12295K, paused 2ms+2ms
06-08 16:37:52.277  5756  5759 D dalvikvm: GC_CONCURRENT freed 369K, 18% free 10105K/12295K, paused 2ms+2ms
06-08 16:37:52.461    82   122 D AudioHardware: AudioHardware pcm playback is exiting standby.
06-08 16:37:52.461    82   122 D AudioHardware: openPcmOut_l() mPcmOpenCnt: 0
06-08 16:37:52.675  5756  5759 D dalvikvm: GC_CONCURRENT freed 353K, 18% free 10138K/12295K, paused 5ms+4ms
06-08 16:37:53.101  5756  5759 D dalvikvm: GC_CONCURRENT freed 385K, 18% free 10139K/12295K, paused 2ms+3ms
06-08 16:37:53.343  5756  5759 D dalvikvm: GC_CONCURRENT freed 385K, 18% free 10139K/12295K, paused 2ms+2ms
06-08 16:37:53.605  5756  5759 D dalvikvm: GC_CONCURRENT freed 386K, 18% free 10145K/12295K, paused 3ms+3ms
06-08 16:37:53.785  5756  5759 D dalvikvm: GC_CONCURRENT freed 327K, 18% free 10205K/12295K, paused 2ms+2ms
06-08 16:37:54.023  5756  5759 D dalvikvm: GC_CONCURRENT freed 387K, 18% free 10205K/12295K, paused 3ms+3ms
06-08 16:37:54.218  5756  5759 D dalvikvm: GC_CONCURRENT freed 321K, 17% free 10322K/12295K, paused 3ms+2ms
06-08 16:37:54.359  5756  5759 D dalvikvm: GC_CONCURRENT freed 832K, 20% free 9876K/12295K, paused 2ms+3ms
06-08 16:37:54.539  5756  5759 D dalvikvm: GC_CONCURRENT freed 346K, 20% free 9916K/12295K, paused 3ms+3ms
06-08 16:37:54.757  5756  5759 D dalvikvm: GC_CONCURRENT freed 418K, 20% free 9883K/12295K, paused 2ms+3ms
06-08 16:37:54.953  5756  5759 D dalvikvm: GC_CONCURRENT freed 361K, 20% free 9907K/12295K, paused 1ms+5ms
06-08 16:37:55.168  5756  5759 D dalvikvm: GC_CONCURRENT freed 411K, 20% free 9939K/12295K, paused 2ms+2ms
06-08 16:37:55.386  5756  5759 D dalvikvm: GC_CONCURRENT freed 457K, 20% free 9870K/12295K, paused 2ms+4ms
06-08 16:37:55.558    82   122 D AudioHardware: AudioHardware pcm playback is going to standby.
06-08 16:37:55.558    82   122 D AudioHardware: closePcmOut_l() mPcmOpenCnt: 1
06-08 16:37:55.566  5756  5759 D dalvikvm: GC_CONCURRENT freed 365K, 20% free 9914K/12295K, paused 2ms+3ms
06-08 16:37:55.738  5756  5759 D dalvikvm: GC_CONCURRENT freed 398K, 20% free 9902K/12295K, paused 1ms+4ms
06-08 16:37:55.996  5756  5759 D dalvikvm: GC_CONCURRENT freed 343K, 20% free 9945K/12295K, paused 3ms+4ms
06-08 16:37:56.207  5756  5759 D dalvikvm: GC_CONCURRENT freed 447K, 20% free 9885K/12295K, paused 2ms+4ms
06-08 16:37:56.406  5756  5759 D dalvikvm: GC_CONCURRENT freed 391K, 20% free 9893K/12295K, paused 2ms+2ms
06-08 16:37:56.617  5756  5759 D dalvikvm: GC_CONCURRENT freed 388K, 20% free 9891K/12295K, paused 1ms+3ms
06-08 16:37:56.800  5756  5759 D dalvikvm: GC_CONCURRENT freed 383K, 20% free 9898K/12295K, paused 2ms+2ms
06-08 16:37:57.011  5756  5759 D dalvikvm: GC_CONCURRENT freed 391K, 20% free 9892K/12295K, paused 2ms+3ms
06-08 16:37:57.136  5756  5759 D dalvikvm: GC_CONCURRENT freed 310K, 19% free 9969K/12295K, paused 2ms+2ms
06-08 16:37:57.355  5756  5759 D dalvikvm: GC_CONCURRENT freed 397K, 19% free 9959K/12295K, paused 2ms+2ms
06-08 16:37:57.656  5756  5759 D dalvikvm: GC_CONCURRENT freed 361K, 19% free 9985K/12295K, paused 3ms+3ms
06-08 16:37:57.875  5756  5759 D dalvikvm: GC_CONCURRENT freed 499K, 20% free 9873K/12295K, paused 2ms+3ms
06-08 16:37:58.019  5756  5759 D dalvikvm: GC_CONCURRENT freed 330K, 20% free 9931K/12295K, paused 2ms+2ms
06-08 16:37:58.261  5756  5759 D dalvikvm: GC_CONCURRENT freed 371K, 20% free 9955K/12295K, paused 2ms+2ms
06-08 16:37:58.449  5756  5759 D dalvikvm: GC_CONCURRENT freed 444K, 20% free 9917K/12295K, paused 2ms+2ms
06-08 16:37:58.617  5756  5759 D dalvikvm: GC_CONCURRENT freed 393K, 19% free 10014K/12295K, paused 1ms+3ms
06-08 16:37:58.789  5756  5759 D dalvikvm: GC_CONCURRENT freed 434K, 19% free 9995K/12295K, paused 2ms+3ms
06-08 16:37:59.062  5756  5759 D dalvikvm: GC_CONCURRENT freed 330K, 19% free 10054K/12295K, paused 4ms+3ms
06-08 16:37:59.234  5756  5759 D dalvikvm: GC_CONCURRENT freed 570K, 20% free 9889K/12295K, paused 3ms+3ms
06-08 16:37:59.402  5756  5759 D dalvikvm: GC_CONCURRENT freed 343K, 20% free 9934K/12295K, paused 2ms+3ms
06-08 16:37:59.644  5756  5759 D dalvikvm: GC_CONCURRENT freed 375K, 19% free 9965K/12295K, paused 3ms+4ms
06-08 16:37:59.832  5756  5759 D dalvikvm: GC_CONCURRENT freed 467K, 20% free 9926K/12295K, paused 2ms+2ms
06-08 16:38:00.066  5756  5759 D dalvikvm: GC_CONCURRENT freed 432K, 20% free 9879K/12295K, paused 19ms+3ms
06-08 16:38:00.250  5756  5759 D dalvikvm: GC_CONCURRENT freed 370K, 20% free 9894K/12295K, paused 2ms+2ms
06-08 16:38:00.433  5756  5759 D dalvikvm: GC_CONCURRENT freed 355K, 19% free 9980K/12295K, paused 2ms+4ms
06-08 16:38:00.699  5756  5759 D dalvikvm: GC_CONCURRENT freed 417K, 20% free 9952K/12295K, paused 1ms+3ms
06-08 16:38:00.855  5756  5759 D dalvikvm: GC_CONCURRENT freed 431K, 20% free 9923K/12295K, paused 3ms+2ms
06-08 16:38:01.074  5756  5759 D dalvikvm: GC_CONCURRENT freed 435K, 20% free 9873K/12295K, paused 2ms+3ms
06-08 16:38:01.246  5756  5759 D dalvikvm: GC_CONCURRENT freed 361K, 20% free 9902K/12295K, paused 1ms+2ms
06-08 16:38:01.453  5756  5759 D dalvikvm: GC_CONCURRENT freed 385K, 20% free 9905K/12295K, paused 1ms+4ms
06-08 16:38:01.679  5756  5759 D dalvikvm: GC_CONCURRENT freed 330K, 19% free 9996K/12295K, paused 2ms+2ms
06-08 16:38:01.804  5756  5759 D dalvikvm: GC_CONCURRENT freed 376K, 19% free 10006K/12295K, paused 2ms+2ms
06-08 16:38:02.070  5756  5759 D dalvikvm: GC_CONCURRENT freed 337K, 19% free 10053K/12295K, paused 2ms+4ms
06-08 16:38:02.351  5756  5759 D dalvikvm: GC_CONCURRENT freed 353K, 18% free 10087K/12295K, paused 2ms+3ms
06-08 16:38:02.578  5756  5759 D dalvikvm: GC_CONCURRENT freed 600K, 20% free 9886K/12295K, paused 2ms+3ms
06-08 16:38:02.836  5756  5759 D dalvikvm: GC_CONCURRENT freed 395K, 20% free 9893K/12295K, paused 2ms+3ms
06-08 16:38:03.023  5756  5759 D dalvikvm: GC_CONCURRENT freed 382K, 20% free 9896K/12295K, paused 2ms+2ms
06-08 16:38:03.203  5756  5759 D dalvikvm: GC_CONCURRENT freed 412K, 20% free 9871K/12295K, paused 1ms+3ms
06-08 16:38:03.371  5756  5759 D dalvikvm: GC_CONCURRENT freed 335K, 20% free 9923K/12295K, paused 2ms+2ms
06-08 16:38:03.582  5756  5759 D dalvikvm: GC_CONCURRENT freed 437K, 20% free 9874K/12295K, paused 2ms+3ms
06-08 16:38:03.761  5756  5759 D dalvikvm: GC_CONCURRENT freed 377K, 20% free 9890K/12295K, paused 2ms+4ms
06-08 16:38:03.937  5756  5759 D dalvikvm: GC_CONCURRENT freed 363K, 20% free 9942K/12295K, paused 2ms+3ms
06-08 16:38:04.136  5756  5759 D dalvikvm: GC_CONCURRENT freed 449K, 20% free 9879K/12295K, paused 2ms+3ms
06-08 16:38:04.293  5756  5759 D dalvikvm: GC_CONCURRENT freed 329K, 20% free 9936K/12295K, paused 2ms+3ms
06-08 16:38:04.523  5756  5759 D dalvikvm: GC_CONCURRENT freed 455K, 20% free 9877K/12295K, paused 3ms+2ms
06-08 16:38:04.703  5756  5759 D dalvikvm: GC_CONCURRENT freed 369K, 20% free 9894K/12295K, paused 2ms+3ms
06-08 16:38:04.906  5756  5759 D dalvikvm: GC_CONCURRENT freed 427K, 20% free 9877K/12295K, paused 3ms+3ms
06-08 16:38:05.082  5756  5759 D dalvikvm: GC_CONCURRENT freed 364K, 20% free 9929K/12295K, paused 3ms+4ms
06-08 16:38:05.332  5756  5759 D dalvikvm: GC_CONCURRENT freed 378K, 20% free 9943K/12295K, paused 2ms+2ms
06-08 16:38:05.535  5756  5759 D dalvikvm: GC_CONCURRENT freed 447K, 20% free 9909K/12295K, paused 2ms+2ms
06-08 16:38:05.691  5756  5759 D dalvikvm: GC_CONCURRENT freed 387K, 20% free 9912K/12295K, paused 3ms+3ms
06-08 16:38:05.918  5756  5759 D dalvikvm: GC_CONCURRENT freed 355K, 19% free 9971K/12295K, paused 2ms+3ms
06-08 16:38:06.132  5756  5759 D dalvikvm: GC_CONCURRENT freed 435K, 20% free 9921K/12295K, paused 2ms+3ms
06-08 16:38:06.316  5756  5759 D dalvikvm: GC_CONCURRENT freed 416K, 20% free 9890K/12295K, paused 2ms+2ms
06-08 16:38:06.535  5756  5759 D dalvikvm: GC_CONCURRENT freed 432K, 20% free 9904K/12295K, paused 2ms+4ms
06-08 16:38:06.754  5756  5759 D dalvikvm: GC_CONCURRENT freed 419K, 20% free 9877K/12295K, paused 3ms+4ms
06-08 16:38:06.898  5756  5759 D dalvikvm: GC_CONCURRENT freed 273K, 18% free 10092K/12295K, paused 2ms+2ms
06-08 16:38:07.136  5756  5759 D dalvikvm: GC_CONCURRENT freed 477K, 19% free 10000K/12295K, paused 1ms+3ms
06-08 16:38:07.441  5756  5759 D dalvikvm: GC_CONCURRENT freed 384K, 19% free 10006K/12295K, paused 2ms+8ms
06-08 16:38:07.488  5756  6141 D dalvikvm: GC_FOR_ALLOC freed 397K, 19% free 9971K/12295K, paused 25ms
06-08 16:38:07.539  5756  5759 D dalvikvm: GC_CONCURRENT freed 206K, 18% free 10177K/12295K, paused 2ms+3ms
06-08 16:38:07.769  5756  5759 D dalvikvm: GC_CONCURRENT freed 453K, 18% free 10109K/12295K, paused 2ms+3ms
06-08 16:38:08.015  5756  5759 D dalvikvm: GC_CONCURRENT freed 384K, 18% free 10111K/12295K, paused 3ms+3ms
06-08 16:38:08.222  5756  5759 D dalvikvm: GC_CONCURRENT freed 355K, 18% free 10144K/12295K, paused 2ms+3ms
06-08 16:38:08.468  5756  5759 D dalvikvm: GC_CONCURRENT freed 387K, 18% free 10148K/12295K, paused 3ms+4ms
06-08 16:38:08.711  5756  5759 D dalvikvm: GC_CONCURRENT freed 389K, 18% free 10144K/12295K, paused 2ms+2ms
06-08 16:38:08.886  5756  5759 D dalvikvm: GC_CONCURRENT freed 323K, 17% free 10208K/12295K, paused 2ms+3ms
06-08 16:38:09.129  5756  5759 D dalvikvm: GC_CONCURRENT freed 385K, 17% free 10209K/12295K, paused 2ms+3ms
06-08 16:38:09.367  5756  5759 D dalvikvm: GC_CONCURRENT freed 384K, 17% free 10213K/12295K, paused 2ms+3ms
06-08 16:38:09.480  5756  5759 D dalvikvm: GC_CONCURRENT freed 728K, 20% free 9870K/12295K, paused 2ms+4ms
06-08 16:38:09.675  5756  5759 D dalvikvm: GC_CONCURRENT freed 335K, 20% free 9925K/12295K, paused 3ms+2ms
06-08 16:38:09.886  5756  5759 D dalvikvm: GC_CONCURRENT freed 435K, 20% free 9876K/12295K, paused 2ms+3ms
06-08 16:38:10.066  5756  5759 D dalvikvm: GC_CONCURRENT freed 393K, 20% free 9878K/12295K, paused 2ms+3ms
06-08 16:38:10.168  5756  5759 D dalvikvm: GC_CONCURRENT freed 321K, 20% free 9944K/12295K, paused 2ms+2ms
06-08 16:38:10.398  5756  5759 D dalvikvm: GC_CONCURRENT freed 359K, 19% free 9970K/12295K, paused 2ms+2ms
06-08 16:38:10.675  5756  5759 D dalvikvm: GC_CONCURRENT freed 356K, 19% free 10020K/12295K, paused 2ms+4ms
06-08 16:38:10.914  5756  5759 D dalvikvm: GC_CONCURRENT freed 526K, 20% free 9893K/12295K, paused 2ms+2ms
06-08 16:38:11.058  5756  5759 D dalvikvm: GC_CONCURRENT freed 360K, 20% free 9922K/12295K, paused 2ms+3ms
06-08 16:38:11.304  5756  5759 D dalvikvm: GC_CONCURRENT freed 380K, 20% free 9927K/12295K, paused 3ms+3ms
06-08 16:38:11.484  5756  5759 D dalvikvm: GC_CONCURRENT freed 387K, 20% free 9926K/12295K, paused 2ms+3ms
06-08 16:38:11.726  5756  5759 D dalvikvm: GC_CONCURRENT freed 436K, 20% free 9877K/12295K, paused 2ms+3ms
06-08 16:38:11.871  5756  5759 D dalvikvm: GC_CONCURRENT freed 320K, 20% free 9946K/12295K, paused 2ms+2ms
06-08 16:38:12.109  5756  5759 D dalvikvm: GC_CONCURRENT freed 371K, 19% free 9961K/12295K, paused 2ms+5ms
06-08 16:38:12.312  5756  5759 D dalvikvm: GC_CONCURRENT freed 436K, 20% free 9911K/12295K, paused 2ms+2ms
06-08 16:38:12.461  5756  5759 D dalvikvm: GC_CONCURRENT freed 362K, 20% free 9935K/12295K, paused 3ms+3ms
06-08 16:38:12.699  5756  5759 D dalvikvm: GC_CONCURRENT freed 340K, 19% free 9998K/12295K, paused 2ms+3ms
06-08 16:38:12.863  5756  5759 D dalvikvm: GC_CONCURRENT freed 510K, 20% free 9886K/12295K, paused 3ms+3ms
06-08 16:38:13.035  5756  5759 D dalvikvm: GC_CONCURRENT freed 362K, 20% free 9911K/12295K, paused 1ms+3ms
06-08 16:38:13.226  5756  5759 D dalvikvm: GC_CONCURRENT freed 403K, 20% free 9894K/12295K, paused 2ms+2ms
06-08 16:38:13.441  5756  5759 D dalvikvm: GC_CONCURRENT freed 393K, 20% free 9895K/12295K, paused 1ms+2ms
06-08 16:38:13.527  5756  5759 D dalvikvm: GC_CONCURRENT freed 305K, 19% free 10011K/12295K, paused 4ms+3ms
06-08 16:38:13.812  5756  5759 D dalvikvm: GC_CONCURRENT freed 410K, 19% free 9988K/12295K, paused 2ms+3ms
06-08 16:38:14.054  5756  5759 D dalvikvm: GC_CONCURRENT freed 365K, 19% free 10029K/12295K, paused 2ms+3ms
06-08 16:38:14.242  5756  5759 D dalvikvm: GC_CONCURRENT freed 526K, 20% free 9890K/12295K, paused 2ms+2ms
06-08 16:38:14.437  5756  5759 D dalvikvm: GC_CONCURRENT freed 357K, 20% free 9919K/12295K, paused 2ms+2ms
06-08 16:38:14.609  5756  5759 D dalvikvm: GC_CONCURRENT freed 392K, 20% free 9943K/12295K, paused 2ms+2ms
06-08 16:38:14.875  5756  5759 D dalvikvm: GC_CONCURRENT freed 458K, 20% free 9879K/12295K, paused 2ms+2ms
06-08 16:38:15.058  5756  5759 D dalvikvm: GC_CONCURRENT freed 347K, 20% free 9918K/12295K, paused 2ms+3ms
06-08 16:38:15.261  5756  5759 D dalvikvm: GC_CONCURRENT freed 415K, 20% free 9895K/12295K, paused 2ms+3ms
06-08 16:38:15.453  5756  5759 D dalvikvm: GC_CONCURRENT freed 385K, 20% free 9898K/12295K, paused 1ms+2ms
06-08 16:38:15.640  5756  5759 D dalvikvm: GC_CONCURRENT freed 371K, 20% free 9915K/12295K, paused 2ms+3ms
06-08 16:38:15.808  5756  5759 D dalvikvm: GC_CONCURRENT freed 380K, 20% free 9946K/12295K, paused 3ms+4ms
06-08 16:38:16.054  5756  5759 D dalvikvm: GC_CONCURRENT freed 381K, 20% free 9950K/12295K, paused 2ms+3ms
06-08 16:38:16.222  5756  5759 D dalvikvm: GC_CONCURRENT freed 443K, 20% free 9895K/12295K, paused 2ms+3ms
06-08 16:38:16.457  5756  5759 D dalvikvm: GC_CONCURRENT freed 388K, 20% free 9893K/12295K, paused 2ms+2ms
06-08 16:38:16.652  5756  5759 D dalvikvm: GC_CONCURRENT freed 390K, 20% free 9889K/12295K, paused 2ms+3ms
06-08 16:38:16.832  5756  5759 D dalvikvm: GC_CONCURRENT freed 321K, 19% free 9991K/12295K, paused 1ms+3ms
06-08 16:38:16.996  5756  5759 D dalvikvm: GC_CONCURRENT freed 395K, 19% free 9988K/12295K, paused 2ms+2ms
06-08 16:38:17.293  5756  5759 D dalvikvm: GC_CONCURRENT freed 363K, 19% free 10010K/12295K, paused 2ms+3ms
06-08 16:38:17.523  5756  5759 D dalvikvm: GC_CONCURRENT freed 527K, 20% free 9878K/12295K, paused 2ms+6ms
06-08 16:38:17.714  5756  5759 D dalvikvm: GC_CONCURRENT freed 352K, 20% free 9917K/12295K, paused 2ms+4ms
06-08 16:38:17.871  5756  5759 D dalvikvm: GC_CONCURRENT freed 394K, 20% free 9917K/12295K, paused 2ms+2ms
06-08 16:38:18.058  5756  5759 D dalvikvm: GC_CONCURRENT freed 322K, 19% free 10025K/12295K, paused 2ms+3ms
06-08 16:38:18.246  5756  5759 D dalvikvm: GC_CONCURRENT freed 541K, 20% free 9871K/12295K, paused 2ms+2ms
06-08 16:38:18.414  5756  5759 D dalvikvm: GC_CONCURRENT freed 332K, 20% free 9926K/12295K, paused 2ms+3ms
06-08 16:38:18.617  5756  5759 D dalvikvm: GC_CONCURRENT freed 443K, 20% free 9869K/12295K, paused 1ms+4ms
06-08 16:38:18.730  5756  5759 D dalvikvm: GC_CONCURRENT freed 309K, 19% free 10002K/12295K, paused 2ms+4ms
06-08 16:38:19.004  5756  5759 D dalvikvm: GC_CONCURRENT freed 414K, 19% free 9974K/12295K, paused 2ms+2ms
06-08 16:38:19.254  5756  5759 D dalvikvm: GC_CONCURRENT freed 372K, 19% free 9988K/12295K, paused 2ms+2ms
06-08 16:38:19.453  5756  5759 D dalvikvm: GC_CONCURRENT freed 488K, 20% free 9886K/12295K, paused 2ms+3ms
06-08 16:38:19.652  5756  5759 D dalvikvm: GC_CONCURRENT freed 359K, 20% free 9913K/12295K, paused 1ms+2ms
06-08 16:38:19.843  5756  5759 D dalvikvm: GC_CONCURRENT freed 383K, 20% free 9916K/12295K, paused 2ms+2ms
06-08 16:38:19.882   151   166 W SensorService: Sensor fusion diverged; resetting state.
06-08 16:38:20.027  5756  5759 D dalvikvm: GC_CONCURRENT freed 423K, 20% free 9879K/12295K, paused 2ms+3ms
06-08 16:38:20.336  5756  5759 D dalvikvm: GC_CONCURRENT freed 343K, 20% free 9921K/12295K, paused 5ms+3ms
06-08 16:38:20.808  5756  5759 D dalvikvm: GC_CONCURRENT freed 463K, 20% free 9929K/12295K, paused 2ms+2ms
06-08 16:38:21.031  5756  5759 D dalvikvm: GC_CONCURRENT freed 430K, 20% free 9885K/12295K, paused 2ms+6ms
06-08 16:38:21.226  5756  5759 D dalvikvm: GC_CONCURRENT freed 390K, 20% free 9881K/12295K, paused 1ms+2ms
06-08 16:38:21.375  5756  5759 D dalvikvm: GC_CONCURRENT freed 342K, 20% free 9925K/12295K, paused 2ms+3ms
06-08 16:38:21.621  5756  5759 D dalvikvm: GC_CONCURRENT freed 363K, 19% free 9989K/12295K, paused 2ms+2ms
06-08 16:38:21.789  5756  5759 D dalvikvm: GC_CONCURRENT freed 433K, 19% free 10005K/12295K, paused 3ms+3ms
06-08 16:38:22.015  5756  5759 D dalvikvm: GC_CONCURRENT freed 440K, 20% free 9953K/12295K, paused 2ms+3ms
06-08 16:38:22.218  5756  5759 D dalvikvm: GC_CONCURRENT freed 454K, 19% free 9962K/12295K, paused 2ms+2ms
06-08 16:38:22.449  5756  5759 D dalvikvm: GC_CONCURRENT freed 400K, 20% free 9948K/12295K, paused 2ms+2ms
06-08 16:38:22.648  5756  5759 D dalvikvm: GC_CONCURRENT freed 445K, 20% free 9890K/12295K, paused 1ms+3ms
06-08 16:38:22.894  5756  5759 D dalvikvm: GC_CONCURRENT freed 404K, 20% free 9883K/12295K, paused 2ms+3ms
06-08 16:38:23.089  5756  5759 D dalvikvm: GC_CONCURRENT freed 398K, 20% free 9871K/12295K, paused 2ms+3ms
06-08 16:38:23.308  5756  5759 D dalvikvm: GC_CONCURRENT freed 389K, 20% free 9868K/12295K, paused 2ms+4ms
06-08 16:38:23.523  5756  5759 D dalvikvm: GC_CONCURRENT freed 375K, 20% free 9883K/12295K, paused 3ms+3ms
06-08 16:38:23.691  5756  5759 D dalvikvm: GC_CONCURRENT freed 336K, 20% free 9931K/12295K, paused 2ms+2ms
06-08 16:38:23.961  5756  5759 D dalvikvm: GC_CONCURRENT freed 373K, 20% free 9945K/12295K, paused 5ms+2ms
06-08 16:38:24.105  5756  5759 D dalvikvm: GC_CONCURRENT freed 426K, 20% free 9944K/12295K, paused 3ms+3ms
06-08 16:38:24.371  5756  5759 D dalvikvm: GC_CONCURRENT freed 398K, 20% free 9953K/12295K, paused 2ms+2ms
06-08 16:38:24.578  5756  5759 D dalvikvm: GC_CONCURRENT freed 450K, 20% free 9888K/12295K, paused 2ms+3ms
06-08 16:38:24.675  5756  5759 D dalvikvm: GC_CONCURRENT freed 332K, 20% free 9943K/12295K, paused 3ms+2ms
06-08 16:38:24.914  5756  5759 D dalvikvm: GC_CONCURRENT freed 357K, 19% free 9973K/12295K, paused 2ms+3ms
06-08 16:38:25.179  5756  5759 D dalvikvm: GC_CONCURRENT freed 352K, 19% free 10009K/12295K, paused 2ms+4ms
06-08 16:38:25.441  5756  5759 D dalvikvm: GC_CONCURRENT freed 532K, 19% free 9968K/12295K, paused 2ms+3ms
06-08 16:38:25.691  5756  5759 D dalvikvm: GC_CONCURRENT freed 417K, 20% free 9939K/12295K, paused 2ms+3ms
06-08 16:38:25.820  5756  5759 D dalvikvm: GC_CONCURRENT freed 423K, 20% free 9905K/12295K, paused 2ms+2ms
06-08 16:38:26.070  5756  5759 D dalvikvm: GC_CONCURRENT freed 390K, 20% free 9936K/12295K, paused 2ms+2ms
06-08 16:38:26.250  5756  5759 D dalvikvm: GC_CONCURRENT freed 396K, 20% free 9928K/12295K, paused 1ms+3ms
06-08 16:38:26.441  5756  5759 D dalvikvm: GC_CONCURRENT freed 458K, 20% free 9921K/12295K, paused 2ms+3ms
06-08 16:38:26.687  5756  5759 D dalvikvm: GC_CONCURRENT freed 424K, 20% free 9883K/12295K, paused 2ms+2ms
06-08 16:38:26.863  5756  5759 D dalvikvm: GC_CONCURRENT freed 361K, 20% free 9937K/12295K, paused 2ms+3ms
06-08 16:38:27.046  5756  5759 D dalvikvm: GC_CONCURRENT freed 429K, 20% free 9895K/12295K, paused 2ms+8ms
06-08 16:38:27.257  5756  5759 D dalvikvm: GC_CONCURRENT freed 366K, 20% free 9949K/12295K, paused 3ms+2ms
06-08 16:38:27.504  5756  5759 D dalvikvm: GC_CONCURRENT freed 414K, 20% free 9920K/12295K, paused 2ms+3ms
06-08 16:38:27.754  5756  5759 D dalvikvm: GC_CONCURRENT freed 393K, 20% free 9912K/12295K, paused 2ms+2ms
06-08 16:38:27.898  5756  5759 D dalvikvm: GC_CONCURRENT freed 379K, 20% free 9918K/12295K, paused 2ms+2ms
06-08 16:38:28.132  5756  5759 D dalvikvm: GC_CONCURRENT freed 392K, 20% free 9912K/12295K, paused 2ms+4ms
06-08 16:38:28.324  5756  5759 D dalvikvm: GC_CONCURRENT freed 389K, 20% free 9909K/12295K, paused 2ms+3ms
06-08 16:38:28.472  5756  5759 D dalvikvm: GC_CONCURRENT freed 349K, 19% free 10051K/12295K, paused 1ms+5ms
06-08 16:38:28.695  5756  5759 D dalvikvm: GC_CONCURRENT freed 442K, 19% free 9995K/12295K, paused 2ms+5ms
06-08 16:38:28.961  5756  5759 D dalvikvm: GC_CONCURRENT freed 364K, 19% free 10017K/12295K, paused 1ms+3ms
06-08 16:38:29.074  5756  5759 D dalvikvm: GC_CONCURRENT freed 493K, 20% free 9910K/12295K, paused 2ms+4ms
06-08 16:38:29.312  5756  5759 D dalvikvm: GC_CONCURRENT freed 356K, 20% free 9939K/12295K, paused 1ms+3ms
06-08 16:38:29.476  5756  5759 D dalvikvm: GC_CONCURRENT freed 413K, 20% free 9919K/12295K, paused 2ms+2ms
06-08 16:38:29.695  5756  5759 D dalvikvm: GC_CONCURRENT freed 385K, 19% free 9971K/12295K, paused 3ms+3ms
06-08 16:38:29.918  5756  5759 D dalvikvm: GC_CONCURRENT freed 413K, 20% free 9944K/12295K, paused 2ms+2ms
06-08 16:38:30.113  5756  5759 D dalvikvm: GC_CONCURRENT freed 442K, 20% free 9889K/12295K, paused 3ms+3ms
06-08 16:38:30.296  5756  5759 D dalvikvm: GC_CONCURRENT freed 389K, 20% free 9885K/12295K, paused 2ms+2ms
06-08 16:38:30.480  5756  5759 D dalvikvm: GC_CONCURRENT freed 362K, 20% free 9910K/12295K, paused 2ms+2ms
06-08 16:38:30.699  5756  5759 D dalvikvm: GC_CONCURRENT freed 423K, 20% free 9908K/12295K, paused 2ms+2ms
06-08 16:38:30.902  5756  5759 D dalvikvm: GC_CONCURRENT freed 416K, 20% free 9902K/12295K, paused 2ms+2ms
06-08 16:38:31.078  5756  5759 D dalvikvm: GC_CONCURRENT freed 396K, 20% free 9890K/12295K, paused 1ms+4ms
06-08 16:38:31.257  5756  5759 D dalvikvm: GC_CONCURRENT freed 387K, 20% free 9894K/12295K, paused 2ms+3ms
06-08 16:38:31.480  5756  5759 D dalvikvm: GC_CONCURRENT freed 389K, 20% free 9892K/12295K, paused 2ms+3ms
06-08 16:38:31.679  5756  5759 D dalvikvm: GC_CONCURRENT freed 385K, 20% free 9896K/12295K, paused 2ms+4ms
06-08 16:38:31.875  5756  5759 D dalvikvm: GC_CONCURRENT freed 391K, 20% free 9891K/12295K, paused 2ms+3ms
06-08 16:38:32.031  5756  5759 D dalvikvm: GC_CONCURRENT freed 356K, 20% free 9920K/12295K, paused 2ms+3ms
06-08 16:38:32.273  5756  5759 D dalvikvm: GC_CONCURRENT freed 431K, 20% free 9882K/12295K, paused 2ms+2ms
06-08 16:38:32.402  4610  4611 D dalvikvm: GC_CONCURRENT freed 408K, 6% free 9064K/9607K, paused 2ms+2ms
06-08 16:38:32.492  5756  5759 D dalvikvm: GC_CONCURRENT freed 396K, 20% free 9874K/12295K, paused 2ms+2ms
06-08 16:38:32.679  5756  5759 D dalvikvm: GC_CONCURRENT freed 343K, 20% free 9937K/12295K, paused 2ms+2ms
06-08 16:38:32.867  5756  5759 D dalvikvm: GC_CONCURRENT freed 403K, 20% free 9922K/12295K, paused 2ms+3ms
06-08 16:38:33.078  5756  5759 D dalvikvm: GC_CONCURRENT freed 427K, 20% free 9887K/12295K, paused 2ms+3ms
06-08 16:38:33.250  5756  5759 D dalvikvm: GC_CONCURRENT freed 378K, 20% free 9894K/12295K, paused 2ms+3ms
06-08 16:38:33.445  5756  5759 D dalvikvm: GC_CONCURRENT freed 386K, 20% free 9902K/12295K, paused 3ms+2ms
06-08 16:38:33.586  5756  5759 D dalvikvm: GC_CONCURRENT freed 364K, 19% free 9971K/12295K, paused 1ms+3ms
06-08 16:38:33.847  5756  5759 D dalvikvm: GC_CONCURRENT freed 364K, 19% free 9991K/12295K, paused 2ms+3ms
06-08 16:38:34.004  5756  5759 D dalvikvm: GC_CONCURRENT freed 521K, 18% free 10103K/12295K, paused 2ms+2ms
06-08 16:38:34.058  5756  5759 D dalvikvm: GC_CONCURRENT freed 439K, 18% free 10176K/12295K, paused 2ms+2ms
06-08 16:38:34.285  5756  5759 D dalvikvm: GC_CONCURRENT freed 472K, 18% free 10102K/12295K, paused 2ms+2ms
06-08 16:38:34.535  5756  5759 D dalvikvm: GC_CONCURRENT freed 386K, 18% free 10107K/12295K, paused 3ms+2ms
06-08 16:38:34.746  5756  5759 D dalvikvm: GC_CONCURRENT freed 360K, 18% free 10136K/12295K, paused 2ms+2ms
06-08 16:38:34.980  5756  5759 D dalvikvm: GC_CONCURRENT freed 387K, 18% free 10134K/12295K, paused 2ms+4ms
06-08 16:38:35.226  5756  5759 D dalvikvm: GC_CONCURRENT freed 387K, 18% free 10135K/12295K, paused 2ms+2ms
06-08 16:38:35.480  5756  5759 D dalvikvm: GC_CONCURRENT freed 425K, 18% free 10202K/12295K, paused 2ms+3ms
06-08 16:38:35.816    82   122 D AudioHardware: AudioHardware pcm playback is exiting standby.
06-08 16:38:35.816    82   122 D AudioHardware: openPcmOut_l() mPcmOpenCnt: 0
06-08 16:38:35.816  5756  5759 D dalvikvm: GC_CONCURRENT freed 389K, 18% free 10203K/12295K, paused 3ms+4ms
06-08 16:38:36.336  2685  2687 D dalvikvm: JIT code cache reset in 5 ms (1048516 bytes 2/0)
06-08 16:38:36.515  2685  2687 D dalvikvm: GC_CONCURRENT freed 1969K, 16% free 19621K/23239K, paused 9ms+21ms
06-08 16:38:37.121  5756  5759 D dalvikvm: GC_CONCURRENT freed 395K, 18% free 10200K/12295K, paused 8ms+3ms
06-08 16:38:37.218  5756  5759 D dalvikvm: GC_CONCURRENT freed 719K, 20% free 9866K/12295K, paused 2ms+3ms
06-08 16:38:37.418  5756  5759 D dalvikvm: GC_CONCURRENT freed 341K, 20% free 9911K/12295K, paused 1ms+3ms
06-08 16:38:37.648  5756  5759 D dalvikvm: GC_CONCURRENT freed 403K, 20% free 9905K/12295K, paused 2ms+3ms
06-08 16:38:37.832  5756  5759 D dalvikvm: GC_CONCURRENT freed 371K, 20% free 9923K/12295K, paused 3ms+2ms
06-08 16:38:38.070  5756  5759 D dalvikvm: GC_CONCURRENT freed 446K, 20% free 9866K/12295K, paused 2ms+3ms
06-08 16:38:38.211  5756  5759 D dalvikvm: GC_CONCURRENT freed 323K, 19% free 9966K/12295K, paused 4ms+2ms
06-08 16:38:38.441  5756  5759 D dalvikvm: GC_CONCURRENT freed 370K, 19% free 9982K/12295K, paused 2ms+2ms
06-08 16:38:38.695  5756  5759 D dalvikvm: GC_CONCURRENT freed 337K, 19% free 10056K/12295K, paused 2ms+3ms
06-08 16:38:38.882  5756  5759 D dalvikvm: GC_CONCURRENT freed 567K, 20% free 9877K/12295K, paused 2ms+3ms
06-08 16:38:38.914    82   122 D AudioHardware: AudioHardware pcm playback is going to standby.
06-08 16:38:38.914    82   122 D AudioHardware: closePcmOut_l() mPcmOpenCnt: 1
06-08 16:38:39.058  5756  5759 D dalvikvm: GC_CONCURRENT freed 385K, 19% free 9968K/12295K, paused 4ms+2ms
06-08 16:38:39.254  5756  5759 D dalvikvm: GC_CONCURRENT freed 404K, 19% free 9981K/12295K, paused 5ms+2ms
06-08 16:38:39.531  5756  5759 D dalvikvm: GC_CONCURRENT freed 345K, 19% free 10024K/12295K, paused 2ms+3ms
06-08 16:38:39.691  5756  5759 D dalvikvm: GC_CONCURRENT freed 537K, 20% free 9889K/12295K, paused 2ms+3ms
06-08 16:38:39.910  5756  5759 D dalvikvm: GC_CONCURRENT freed 399K, 20% free 9877K/12295K, paused 3ms+2ms
06-08 16:38:40.136  5756  5759 D dalvikvm: GC_CONCURRENT freed 364K, 20% free 9942K/12295K, paused 2ms+5ms
06-08 16:38:40.328  5756  5759 D dalvikvm: GC_CONCURRENT freed 431K, 20% free 9897K/12295K, paused 3ms+3ms
06-08 16:38:40.535  5756  5759 D dalvikvm: GC_CONCURRENT freed 378K, 20% free 9905K/12295K, paused 3ms+2ms
06-08 16:38:40.785  5756  5759 D dalvikvm: GC_CONCURRENT freed 412K, 20% free 9878K/12295K, paused 2ms+4ms
06-08 16:38:40.953  5756  5759 D dalvikvm: GC_CONCURRENT freed 336K, 20% free 9929K/12295K, paused 2ms+3ms
06-08 16:38:41.425  5756  5759 D dalvikvm: GC_CONCURRENT freed 454K, 20% free 9865K/12295K, paused 3ms+3ms
06-08 16:38:41.644    82   122 D AudioHardware: AudioHardware pcm playback is exiting standby.
06-08 16:38:41.644    82   122 D AudioHardware: openPcmOut_l() mPcmOpenCnt: 0
06-08 16:38:41.816  5756  5759 D dalvikvm: GC_CONCURRENT freed 357K, 20% free 9895K/12295K, paused 2ms+3ms
06-08 16:38:42.015  5756  5759 D dalvikvm: GC_CONCURRENT freed 390K, 20% free 9941K/12295K, paused 2ms+3ms
06-08 16:38:42.254  5756  5759 D dalvikvm: GC_CONCURRENT freed 453K, 20% free 9876K/12295K, paused 3ms+2ms
06-08 16:38:42.461  5756  5759 D dalvikvm: GC_CONCURRENT freed 381K, 20% free 9881K/12295K, paused 2ms+2ms
06-08 16:38:42.656  5756  5759 D dalvikvm: GC_CONCURRENT freed 363K, 20% free 9913K/12295K, paused 2ms+4ms
06-08 16:38:42.875  5756  5759 D dalvikvm: GC_CONCURRENT freed 421K, 20% free 9898K/12295K, paused 2ms+3ms
06-08 16:38:43.046  5756  5759 D dalvikvm: GC_CONCURRENT freed 373K, 20% free 9917K/12295K, paused 3ms+4ms
06-08 16:38:43.281  5756  5759 D dalvikvm: GC_CONCURRENT freed 329K, 19% free 9996K/12295K, paused 2ms+3ms
06-08 16:38:43.441  5756  5759 D dalvikvm: GC_CONCURRENT freed 479K, 19% free 9978K/12295K, paused 2ms+3ms
06-08 16:38:43.609  5756  5759 D dalvikvm: GC_CONCURRENT freed 399K, 19% free 9964K/12295K, paused 2ms+4ms
06-08 16:38:43.914  5756  5759 D dalvikvm: GC_CONCURRENT freed 356K, 19% free 9994K/12295K, paused 3ms+4ms
06-08 16:38:44.207  5756  5759 D dalvikvm: GC_CONCURRENT freed 349K, 19% free 10030K/12295K, paused 3ms+3ms
06-08 16:38:44.496  5756  5759 D dalvikvm: GC_CONCURRENT freed 516K, 20% free 9900K/12295K, paused 2ms+2ms
06-08 16:38:44.726  5756  5759 D dalvikvm: GC_CONCURRENT freed 415K, 20% free 9874K/12295K, paused 2ms+4ms
06-08 16:38:44.929  5756  5759 D dalvikvm: GC_CONCURRENT freed 350K, 20% free 9910K/12295K, paused 3ms+3ms
06-08 16:38:45.105  5756  5759 D dalvikvm: GC_CONCURRENT freed 399K, 20% free 9896K/12295K, paused 3ms+3ms
06-08 16:38:45.281  5756  5759 D dalvikvm: GC_CONCURRENT freed 346K, 19% free 9962K/12295K, paused 3ms+3ms
06-08 16:38:45.566  5756  5759 D dalvikvm: GC_CONCURRENT freed 387K, 19% free 9960K/12295K, paused 4ms+7ms
06-08 16:38:45.754  5756  5759 D dalvikvm: GC_CONCURRENT freed 447K, 20% free 9903K/12295K, paused 3ms+2ms
06-08 16:38:45.972  5756  5759 D dalvikvm: GC_CONCURRENT freed 407K, 20% free 9884K/12295K, paused 2ms+2ms
06-08 16:38:46.148  5756  5759 D dalvikvm: GC_CONCURRENT freed 352K, 20% free 9918K/12295K, paused 2ms+4ms
06-08 16:38:46.414  5756  5759 D dalvikvm: GC_CONCURRENT freed 415K, 20% free 9895K/12295K, paused 2ms+4ms
06-08 16:38:46.621  5756  5759 D dalvikvm: GC_CONCURRENT freed 397K, 20% free 9886K/12295K, paused 4ms+4ms
06-08 16:38:46.800  5756  5759 D dalvikvm: GC_CONCURRENT freed 370K, 20% free 9912K/12295K, paused 2ms+3ms
06-08 16:38:47.035  5756  5759 D dalvikvm: GC_CONCURRENT freed 385K, 20% free 9920K/12295K, paused 3ms+2ms
06-08 16:38:47.222  5756  5759 D dalvikvm: GC_CONCURRENT freed 395K, 20% free 9958K/12295K, paused 2ms+3ms
06-08 16:38:47.488  5756  5759 D dalvikvm: GC_CONCURRENT freed 453K, 20% free 9890K/12295K, paused 3ms+2ms
06-08 16:38:47.703  5756  5759 D dalvikvm: GC_CONCURRENT freed 404K, 20% free 9874K/12295K, paused 1ms+4ms
06-08 16:38:48.058  5756  5759 D dalvikvm: GC_CONCURRENT freed 366K, 20% free 9895K/12295K, paused 4ms+4ms
06-08 16:38:48.254  5756  5759 D dalvikvm: GC_CONCURRENT freed 399K, 20% free 9899K/12295K, paused 2ms+3ms
06-08 16:38:48.472  5756  5759 D dalvikvm: GC_CONCURRENT freed 369K, 20% free 9915K/12295K, paused 2ms+2ms
06-08 16:38:48.695  5756  5759 D dalvikvm: GC_CONCURRENT freed 391K, 20% free 9912K/12295K, paused 3ms+5ms
06-08 16:38:49.019  5756  5759 D dalvikvm: GC_CONCURRENT freed 408K, 20% free 9891K/12295K, paused 3ms+3ms
06-08 16:38:49.238  5756  5759 D dalvikvm: GC_CONCURRENT freed 375K, 20% free 9902K/12295K, paused 3ms+3ms
06-08 16:38:49.441  5756  5759 D dalvikvm: GC_CONCURRENT freed 398K, 20% free 9890K/12295K, paused 2ms+5ms
06-08 16:38:49.656  5756  5759 D dalvikvm: GC_CONCURRENT freed 380K, 20% free 9904K/12295K, paused 3ms+3ms
06-08 16:38:49.820  5756  5759 D dalvikvm: GC_CONCURRENT freed 383K, 20% free 9910K/12295K, paused 3ms+4ms
06-08 16:38:50.054  5756  5759 D dalvikvm: GC_CONCURRENT freed 421K, 20% free 9877K/12295K, paused 2ms+5ms
06-08 16:38:50.277  5756  5759 D dalvikvm: GC_CONCURRENT freed 384K, 20% free 9880K/12295K, paused 2ms+3ms
06-08 16:38:50.461  5756  5759 D dalvikvm: GC_CONCURRENT freed 354K, 20% free 9952K/12295K, paused 2ms+6ms
06-08 16:38:50.734  5756  5759 D dalvikvm: GC_CONCURRENT freed 397K, 20% free 9941K/12295K, paused 1ms+3ms
06-08 16:38:50.964    82   122 D AudioHardware: AudioHardware pcm playback is going to standby.
06-08 16:38:50.964    82   122 D AudioHardware: closePcmOut_l() mPcmOpenCnt: 1
06-08 16:38:50.968  5756  5759 D dalvikvm: GC_CONCURRENT freed 454K, 20% free 9874K/12295K, paused 2ms+3ms
06-08 16:38:51.164  5756  5759 D dalvikvm: GC_CONCURRENT freed 371K, 20% free 9889K/12295K, paused 2ms+3ms
06-08 16:38:51.355  5756  5759 D dalvikvm: GC_CONCURRENT freed 377K, 20% free 9901K/12295K, paused 2ms+3ms
06-08 16:38:51.578  5756  5759 D dalvikvm: GC_CONCURRENT freed 403K, 20% free 9884K/12295K, paused 3ms+2ms
06-08 16:38:51.867  5756  5759 D dalvikvm: GC_CONCURRENT freed 378K, 20% free 9897K/12295K, paused 2ms+2ms
06-08 16:38:51.996   151  4678 W InputManagerService: Window already focused, ignoring focus gain of: com.android.internal.view.IInputMethodClient$Stub$Proxy@415873f8
06-08 16:38:52.129  5756  5759 D dalvikvm: GC_CONCURRENT freed 379K, 20% free 9916K/12295K, paused 2ms+2ms
06-08 16:38:52.347  5756  5759 D dalvikvm: GC_CONCURRENT freed 408K, 20% free 9892K/12295K, paused 3ms+2ms
06-08 16:38:52.570  5756  5759 D dalvikvm: GC_CONCURRENT freed 385K, 20% free 9896K/12295K, paused 3ms+3ms
06-08 16:38:52.718  5756  5759 D dalvikvm: GC_CONCURRENT freed 373K, 20% free 9908K/12295K, paused 2ms+2ms
06-08 16:38:53.039  5756  5759 D dalvikvm: GC_CONCURRENT freed 342K, 19% free 9976K/12295K, paused 5ms+13ms
06-08 16:38:53.203  5756  5759 D dalvikvm: GC_CONCURRENT freed 405K, 19% free 9959K/12295K, paused 2ms+3ms
06-08 16:38:53.550  5756  5759 D dalvikvm: GC_CONCURRENT freed 346K, 19% free 10053K/12295K, paused 3ms+3ms
06-08 16:38:53.820  5756  5759 D dalvikvm: GC_CONCURRENT freed 386K, 18% free 10084K/12295K, paused 3ms+3ms
06-08 16:38:53.839   151   166 W SensorService: Sensor fusion diverged; resetting state.
06-08 16:38:53.945  5756  5759 D dalvikvm: GC_CONCURRENT freed 588K, 20% free 9923K/12295K, paused 3ms+3ms
06-08 16:38:54.171  5756  5759 D dalvikvm: GC_CONCURRENT freed 374K, 20% free 9938K/12295K, paused 2ms+3ms
06-08 16:38:54.351  5756  5759 D dalvikvm: GC_CONCURRENT freed 415K, 20% free 9911K/12295K, paused 2ms+4ms
06-08 16:38:54.578  5756  5759 D dalvikvm: GC_CONCURRENT freed 422K, 20% free 9876K/12295K, paused 3ms+2ms
06-08 16:38:54.757  5756  5759 D dalvikvm: GC_CONCURRENT freed 386K, 20% free 9877K/12295K, paused 2ms+3ms
06-08 16:38:54.851  5756  5759 D dalvikvm: GC_CONCURRENT freed 310K, 19% free 10015K/12295K, paused 3ms+3ms
06-08 16:38:55.117  5756  5759 D dalvikvm: GC_CONCURRENT freed 381K, 19% free 10024K/12295K, paused 2ms+3ms
06-08 16:38:55.382  5756  5759 D dalvikvm: GC_CONCURRENT freed 361K, 19% free 10049K/12295K, paused 2ms+4ms
06-08 16:38:55.531  5756  5759 D dalvikvm: GC_CONCURRENT freed 545K, 20% free 9888K/12295K, paused 3ms+4ms
06-08 16:38:55.750  5756  5759 D dalvikvm: GC_CONCURRENT freed 392K, 20% free 9885K/12295K, paused 2ms+4ms
06-08 16:38:55.933  5756  5759 D dalvikvm: GC_CONCURRENT freed 415K, 20% free 9910K/12295K, paused 3ms+3ms
06-08 16:38:56.191  5756  5759 D dalvikvm: GC_CONCURRENT freed 422K, 20% free 9875K/12295K, paused 2ms+2ms
06-08 16:38:56.351  5756  5759 D dalvikvm: GC_CONCURRENT freed 357K, 20% free 9903K/12295K, paused 2ms+3ms
06-08 16:38:56.593  5756  5759 D dalvikvm: GC_CONCURRENT freed 401K, 20% free 9887K/12295K, paused 3ms+3ms
06-08 16:38:56.738  5756  5759 D dalvikvm: GC_CONCURRENT freed 338K, 20% free 9936K/12295K, paused 2ms+2ms
06-08 16:38:56.964  5756  5759 D dalvikvm: GC_CONCURRENT freed 365K, 20% free 9957K/12295K, paused 2ms+2ms
06-08 16:38:57.168  5756  5759 D dalvikvm: GC_CONCURRENT freed 499K, 20% free 9871K/12295K, paused 2ms+3ms
06-08 16:38:57.375  5756  5759 D dalvikvm: GC_CONCURRENT freed 352K, 20% free 9909K/12295K, paused 3ms+4ms
06-08 16:38:57.574  5756  5759 D dalvikvm: GC_CONCURRENT freed 407K, 20% free 9898K/12295K, paused 2ms+3ms
06-08 16:38:57.734  5756  5759 D dalvikvm: GC_CONCURRENT freed 354K, 20% free 9929K/12295K, paused 1ms+4ms
06-08 16:38:57.953  5756  5759 D dalvikvm: GC_CONCURRENT freed 342K, 19% free 9987K/12295K, paused 2ms+2ms
06-08 16:38:58.160  5756  5759 D dalvikvm: GC_CONCURRENT freed 494K, 20% free 9889K/12295K, paused 2ms+3ms
06-08 16:38:58.316  5756  5759 D dalvikvm: GC_CONCURRENT freed 304K, 19% free 10041K/12295K, paused 3ms+2ms
06-08 16:38:58.535  5756  5759 D dalvikvm: GC_CONCURRENT freed 432K, 19% free 9995K/12295K, paused 2ms+2ms
06-08 16:38:58.789  5756  5759 D dalvikvm: GC_CONCURRENT freed 371K, 19% free 10010K/12295K, paused 2ms+3ms
06-08 16:38:58.933  5756  5759 D dalvikvm: GC_CONCURRENT freed 540K, 20% free 9900K/12295K, paused 2ms+4ms
06-08 16:38:59.082  5756  5759 D dalvikvm: GC_CONCURRENT freed 323K, 19% free 9997K/12295K, paused 1ms+2ms
06-08 16:38:59.132  5756  5759 D dalvikvm: GC_CONCURRENT freed 333K, 18% free 10176K/12295K, paused 2ms+3ms
06-08 16:38:59.363  5756  5759 D dalvikvm: GC_CONCURRENT freed 456K, 18% free 10107K/12295K, paused 3ms+2ms
06-08 16:38:59.609  5756  5759 D dalvikvm: GC_CONCURRENT freed 385K, 18% free 10108K/12295K, paused 4ms+2ms
06-08 16:38:59.824  5756  5759 D dalvikvm: GC_CONCURRENT freed 353K, 18% free 10140K/12295K, paused 2ms+4ms
06-08 16:39:00.097  5756  5759 D dalvikvm: GC_CONCURRENT freed 385K, 18% free 10141K/12295K, paused 3ms+2ms
06-08 16:39:00.336  5756  5759 D dalvikvm: GC_CONCURRENT freed 386K, 18% free 10141K/12295K, paused 2ms+2ms
06-08 16:39:00.515  5756  5759 D dalvikvm: GC_CONCURRENT freed 324K, 17% free 10205K/12295K, paused 2ms+2ms
06-08 16:39:00.754  5756  5759 D dalvikvm: GC_CONCURRENT freed 385K, 17% free 10206K/12295K, paused 3ms+3ms
06-08 16:39:00.992  5756  5759 D dalvikvm: GC_CONCURRENT freed 386K, 17% free 10208K/12295K, paused 3ms+2ms
06-08 16:39:01.097  5756  5759 D dalvikvm: GC_CONCURRENT freed 655K, 20% free 9943K/12295K, paused 2ms+3ms
06-08 16:39:01.226  5756  5759 D dalvikvm: GC_CONCURRENT freed 401K, 20% free 9929K/12295K, paused 2ms+4ms
06-08 16:39:01.500  5756  5759 D dalvikvm: GC_CONCURRENT freed 332K, 19% free 9982K/12295K, paused 2ms+3ms
06-08 16:39:01.644  5756  5759 D dalvikvm: GC_CONCURRENT freed 498K, 20% free 9872K/12295K, paused 2ms+3ms
06-08 16:39:01.863  5756  5759 D dalvikvm: GC_CONCURRENT freed 365K, 20% free 9893K/12295K, paused 3ms+3ms
06-08 16:39:02.058  5756  5759 D dalvikvm: GC_CONCURRENT freed 402K, 20% free 9880K/12295K, paused 1ms+3ms
06-08 16:39:02.257  5756  5759 D dalvikvm: GC_CONCURRENT freed 340K, 20% free 9926K/12295K, paused 1ms+4ms
06-08 16:39:02.402  5756  5759 D dalvikvm: GC_CONCURRENT freed 399K, 20% free 9919K/12295K, paused 3ms+3ms
06-08 16:39:02.668  5756  5759 D dalvikvm: GC_CONCURRENT freed 347K, 19% free 9961K/12295K, paused 3ms+2ms
06-08 16:39:03.429  5756  5759 D dalvikvm: GC_CONCURRENT freed 455K, 20% free 9942K/12295K, paused 2ms+3ms
06-08 16:39:04.093  5756  5759 D dalvikvm: GC_CONCURRENT freed 441K, 19% free 9973K/12295K, paused 3ms+3ms
06-08 16:39:04.320  5756  5759 D dalvikvm: GC_CONCURRENT freed 405K, 20% free 9954K/12295K, paused 3ms+3ms
06-08 16:39:04.539  5756  5759 D dalvikvm: GC_CONCURRENT freed 488K, 20% free 9898K/12295K, paused 3ms+15ms
06-08 16:39:04.750  5756  5759 D dalvikvm: GC_CONCURRENT freed 412K, 20% free 9873K/12295K, paused 2ms+2ms
06-08 16:39:04.925  5756  5759 D dalvikvm: GC_CONCURRENT freed 373K, 20% free 9922K/12295K, paused 2ms+3ms
06-08 16:39:05.148  5756  5759 D dalvikvm: GC_CONCURRENT freed 424K, 20% free 9884K/12295K, paused 2ms+3ms
06-08 16:39:05.343   559   561 D dalvikvm: GC_CONCURRENT freed 474K, 12% free 10657K/11975K, paused 4ms+4ms
06-08 16:39:05.531  5756  5759 D dalvikvm: GC_CONCURRENT freed 364K, 20% free 9906K/12295K, paused 2ms+2ms
06-08 16:39:05.726  5756  5759 D dalvikvm: GC_CONCURRENT freed 402K, 20% free 9889K/12295K, paused 2ms+3ms
06-08 16:39:05.824  5756  5759 D dalvikvm: GC_CONCURRENT freed 343K, 19% free 9990K/12295K, paused 2ms+2ms
06-08 16:39:06.089  5756  5759 D dalvikvm: GC_CONCURRENT freed 369K, 19% free 10009K/12295K, paused 2ms+3ms
06-08 16:39:06.320  5756  5759 D dalvikvm: GC_CONCURRENT freed 349K, 19% free 10070K/12295K, paused 3ms+2ms
06-08 16:39:06.468  5756  5759 D dalvikvm: GC_CONCURRENT freed 561K, 20% free 9931K/12295K, paused 2ms+4ms
06-08 16:39:06.726  5756  5759 D dalvikvm: GC_CONCURRENT freed 455K, 20% free 9867K/12295K, paused 2ms+3ms
06-08 16:39:06.910  5756  5759 D dalvikvm: GC_CONCURRENT freed 373K, 20% free 9889K/12295K, paused 2ms+2ms
06-08 16:39:07.113  5756  5759 D dalvikvm: GC_CONCURRENT freed 449K, 20% free 9889K/12295K, paused 2ms+3ms
06-08 16:39:07.351  5756  5759 D dalvikvm: GC_CONCURRENT freed 403K, 20% free 9872K/12295K, paused 1ms+3ms
06-08 16:39:07.515  2821  2823 D dalvikvm: GC_CONCURRENT freed 438K, 6% free 10314K/10887K, paused 2ms+4ms
06-08 16:39:07.586  5756  5759 D dalvikvm: GC_CONCURRENT freed 373K, 20% free 9885K/12295K, paused 2ms+3ms
06-08 16:39:07.773  5756  5759 D dalvikvm: GC_CONCURRENT freed 384K, 20% free 9891K/12295K, paused 2ms+4ms
06-08 16:39:07.988  5756  5759 D dalvikvm: GC_CONCURRENT freed 404K, 20% free 9874K/12295K, paused 1ms+7ms
06-08 16:39:08.140  5756  5759 D dalvikvm: GC_CONCURRENT freed 310K, 20% free 9949K/12295K, paused 2ms+3ms
06-08 16:39:08.375  5756  5759 D dalvikvm: GC_CONCURRENT freed 334K, 19% free 10001K/12295K, paused 3ms+4ms
06-08 16:39:08.535  5756  5759 D dalvikvm: GC_CONCURRENT freed 507K, 20% free 9881K/12295K, paused 2ms+3ms
06-08 16:39:08.734  5756  5759 D dalvikvm: GC_CONCURRENT freed 364K, 20% free 9904K/12295K, paused 2ms+4ms
06-08 16:39:08.890  5756  5759 D dalvikvm: GC_CONCURRENT freed 364K, 20% free 9926K/12295K, paused 3ms+3ms
06-08 16:39:09.129  5756  5759 D dalvikvm: GC_CONCURRENT freed 370K, 20% free 9942K/12295K, paused 1ms+3ms
06-08 16:39:09.265  5756  5759 D dalvikvm: GC_CONCURRENT freed 408K, 20% free 9940K/12295K, paused 2ms+3ms
06-08 16:39:09.312  5756  5759 D dalvikvm: GC_CONCURRENT freed 199K, 18% free 10170K/12295K, paused 2ms+2ms
06-08 16:39:09.461  5756  5759 D dalvikvm: GC_CONCURRENT freed 465K, 18% free 10091K/12295K, paused 1ms+2ms
06-08 16:39:09.699  5756  5759 D dalvikvm: GC_CONCURRENT freed 371K, 18% free 10108K/12295K, paused 2ms+2ms
06-08 16:39:09.918  5756  5759 D dalvikvm: GC_CONCURRENT freed 354K, 18% free 10141K/12295K, paused 2ms+2ms
06-08 16:39:10.175  5756  5759 D dalvikvm: GC_CONCURRENT freed 388K, 18% free 10141K/12295K, paused 2ms+5ms
06-08 16:39:10.433  5756  5759 D dalvikvm: GC_CONCURRENT freed 385K, 18% free 10142K/12295K, paused 1ms+2ms
06-08 16:39:10.675  5756  5759 D dalvikvm: GC_CONCURRENT freed 385K, 18% free 10142K/12295K, paused 2ms+3ms
06-08 16:39:10.851  5756  5759 D dalvikvm: GC_CONCURRENT freed 321K, 17% free 10208K/12295K, paused 2ms+2ms
06-08 16:39:11.097  5756  5759 D dalvikvm: GC_CONCURRENT freed 386K, 17% free 10208K/12295K, paused 3ms+5ms
06-08 16:39:11.293  5756  5759 D dalvikvm: GC_CONCURRENT freed 295K, 16% free 10406K/12295K, paused 2ms+3ms
06-08 16:39:11.449  5756  5759 D dalvikvm: GC_CONCURRENT freed 903K, 20% free 9889K/12295K, paused 2ms+3ms
06-08 16:39:11.668  5756  5759 D dalvikvm: GC_CONCURRENT freed 380K, 20% free 9900K/12295K, paused 2ms+4ms
06-08 16:39:11.851  5756  5759 D dalvikvm: GC_CONCURRENT freed 400K, 20% free 9889K/12295K, paused 2ms+2ms
06-08 16:39:12.050  5756  5759 D dalvikvm: GC_CONCURRENT freed 369K, 20% free 9906K/12295K, paused 2ms+4ms
06-08 16:39:12.269  5756  5759 D dalvikvm: GC_CONCURRENT freed 423K, 20% free 9870K/12295K, paused 3ms+4ms
06-08 16:39:12.464  5756  5759 D dalvikvm: GC_CONCURRENT freed 369K, 20% free 9890K/12295K, paused 2ms+3ms
06-08 16:39:12.679  5756  5759 D dalvikvm: GC_CONCURRENT freed 372K, 20% free 9906K/12295K, paused 2ms+3ms
06-08 16:39:12.863  5756  5759 D dalvikvm: GC_CONCURRENT freed 402K, 20% free 9922K/12295K, paused 1ms+2ms
06-08 16:39:13.062  5756  5759 D dalvikvm: GC_CONCURRENT freed 405K, 20% free 9903K/12295K, paused 3ms+2ms
06-08 16:39:13.254  5756  5759 D dalvikvm: GC_CONCURRENT freed 396K, 20% free 9895K/12295K, paused 2ms+2ms
06-08 16:39:13.441  5756  5759 D dalvikvm: GC_CONCURRENT freed 399K, 20% free 9894K/12295K, paused 2ms+4ms
06-08 16:39:13.656  5756  5759 D dalvikvm: GC_CONCURRENT freed 393K, 20% free 9886K/12295K, paused 3ms+3ms
06-08 16:39:13.843  5756  5759 D dalvikvm: GC_CONCURRENT freed 417K, 20% free 9918K/12295K, paused 2ms+3ms
06-08 16:39:14.058  5756  5759 D dalvikvm: GC_CONCURRENT freed 428K, 20% free 9875K/12295K, paused 2ms+3ms
06-08 16:39:14.238  5756  5759 D dalvikvm: GC_CONCURRENT freed 322K, 20% free 9940K/12295K, paused 2ms+2ms
06-08 16:39:14.496  5756  5759 D dalvikvm: GC_CONCURRENT freed 371K, 20% free 9954K/12295K, paused 2ms+2ms
06-08 16:39:14.679  5756  5759 D dalvikvm: GC_CONCURRENT freed 454K, 20% free 9888K/12295K, paused 3ms+3ms
06-08 16:39:14.843  5756  5759 D dalvikvm: GC_CONCURRENT freed 418K, 19% free 9979K/12295K, paused 2ms+2ms
06-08 16:39:15.031  5756  5759 D dalvikvm: GC_CONCURRENT freed 421K, 20% free 9948K/12295K, paused 2ms+2ms
06-08 16:39:15.285  5756  5759 D dalvikvm: GC_CONCURRENT freed 373K, 19% free 9964K/12295K, paused 1ms+3ms
06-08 16:39:15.480  5756  5759 D dalvikvm: GC_CONCURRENT freed 470K, 20% free 9890K/12295K, paused 2ms+2ms
06-08 16:39:15.687  5756  5759 D dalvikvm: GC_CONCURRENT freed 403K, 20% free 9879K/12295K, paused 2ms+4ms
06-08 16:39:15.867  5756  5759 D dalvikvm: GC_CONCURRENT freed 371K, 20% free 9893K/12295K, paused 2ms+3ms
06-08 16:39:16.070  5756  5759 D dalvikvm: GC_CONCURRENT freed 382K, 19% free 10002K/12295K, paused 2ms+3ms
06-08 16:39:16.316  5756  5759 D dalvikvm: GC_CONCURRENT freed 447K, 20% free 9941K/12295K, paused 2ms+3ms
06-08 16:39:16.468  5756  5759 D dalvikvm: GC_CONCURRENT freed 441K, 19% free 9961K/12295K, paused 2ms+4ms
06-08 16:39:16.726  5756  5759 D dalvikvm: GC_CONCURRENT freed 406K, 20% free 9942K/12295K, paused 2ms+2ms
06-08 16:39:16.937  5756  5759 D dalvikvm: GC_CONCURRENT freed 442K, 20% free 9930K/12295K, paused 2ms+2ms
06-08 16:39:17.132  5756  5759 D dalvikvm: GC_CONCURRENT freed 418K, 20% free 9897K/12295K, paused 2ms+2ms
06-08 16:39:17.312  5756  5759 D dalvikvm: GC_CONCURRENT freed 370K, 20% free 9915K/12295K, paused 2ms+3ms
06-08 16:39:17.492  5756  5759 D dalvikvm: GC_CONCURRENT freed 425K, 20% free 9897K/12295K, paused 3ms+3ms
06-08 16:39:17.644  5756  5759 D dalvikvm: GC_CONCURRENT freed 365K, 20% free 9948K/12295K, paused 2ms+3ms
06-08 16:39:17.925  5756  5759 D dalvikvm: GC_CONCURRENT freed 399K, 20% free 9934K/12295K, paused 2ms+2ms
06-08 16:39:18.078  5756  5759 D dalvikvm: GC_CONCURRENT freed 361K, 19% free 10019K/12295K, paused 2ms+2ms
06-08 16:39:18.363  5756  5759 D dalvikvm: GC_CONCURRENT freed 446K, 20% free 9958K/12295K, paused 3ms+3ms
06-08 16:39:18.586  5756  5759 D dalvikvm: GC_CONCURRENT freed 452K, 20% free 9901K/12295K, paused 2ms+3ms
06-08 16:39:18.769  5756  5759 D dalvikvm: GC_CONCURRENT freed 359K, 20% free 9928K/12295K, paused 2ms+3ms
06-08 16:39:18.964  5756  5759 D dalvikvm: GC_CONCURRENT freed 438K, 20% free 9883K/12295K, paused 2ms+2ms
06-08 16:39:19.168  5756  5759 D dalvikvm: GC_CONCURRENT freed 406K, 20% free 9875K/12295K, paused 2ms+2ms
06-08 16:39:19.332  5756  5759 D dalvikvm: GC_CONCURRENT freed 344K, 20% free 9917K/12295K, paused 2ms+3ms
06-08 16:39:19.539  5756  5759 D dalvikvm: GC_CONCURRENT freed 393K, 20% free 9936K/12295K, paused 3ms+3ms
06-08 16:39:19.789  5756  5759 D dalvikvm: GC_CONCURRENT freed 375K, 20% free 9946K/12295K, paused 2ms+3ms
06-08 16:39:19.937  5756  5759 D dalvikvm: GC_CONCURRENT freed 429K, 20% free 9902K/12295K, paused 2ms+3ms
06-08 16:39:20.187  5756  5759 D dalvikvm: GC_CONCURRENT freed 402K, 20% free 9886K/12295K, paused 2ms+3ms
06-08 16:39:20.390  5756  5759 D dalvikvm: GC_CONCURRENT freed 394K, 20% free 9884K/12295K, paused 1ms+3ms
06-08 16:39:20.566  5756  5759 D dalvikvm: GC_CONCURRENT freed 368K, 20% free 9901K/12295K, paused 2ms+4ms
06-08 16:39:20.781  5756  5759 D dalvikvm: GC_CONCURRENT freed 395K, 20% free 9891K/12295K, paused 2ms+3ms
06-08 16:39:20.961  5756  5759 D dalvikvm: GC_CONCURRENT freed 376K, 20% free 9904K/12295K, paused 2ms+3ms
06-08 16:39:21.168  5756  5759 D dalvikvm: GC_CONCURRENT freed 404K, 19% free 9988K/12295K, paused 2ms+3ms
06-08 16:39:21.328  5756  5759 D dalvikvm: GC_CONCURRENT freed 384K, 19% free 9991K/12295K, paused 3ms+3ms
06-08 16:39:21.589  5756  5759 D dalvikvm: GC_CONCURRENT freed 302K, 19% free 10073K/12295K, paused 2ms+3ms
06-08 16:39:21.808  5756  5759 D dalvikvm: GC_CONCURRENT freed 413K, 18% free 10131K/12295K, paused 2ms+3ms
06-08 16:39:21.984  5756  5759 D dalvikvm: GC_CONCURRENT freed 610K, 20% free 9907K/12295K, paused 3ms+3ms
06-08 16:39:22.183  5756  5759 D dalvikvm: GC_CONCURRENT freed 423K, 19% free 9961K/12295K, paused 3ms+3ms
06-08 16:39:22.441  5756  5759 D dalvikvm: GC_CONCURRENT freed 434K, 19% free 9988K/12295K, paused 1ms+13ms
06-08 16:39:22.648  5756  5759 D dalvikvm: GC_CONCURRENT freed 485K, 20% free 9900K/12295K, paused 2ms+2ms
06-08 16:39:22.808  5756  5759 D dalvikvm: GC_CONCURRENT freed 360K, 19% free 9976K/12295K, paused 2ms+4ms
06-08 16:39:23.046  5756  5759 D dalvikvm: GC_CONCURRENT freed 418K, 20% free 9944K/12295K, paused 4ms+3ms
06-08 16:39:23.230  5756  5759 D dalvikvm: GC_CONCURRENT freed 484K, 20% free 9951K/12295K, paused 2ms+2ms
06-08 16:39:23.453  5756  5759 D dalvikvm: GC_CONCURRENT freed 410K, 19% free 9984K/12295K, paused 3ms+2ms
06-08 16:39:23.648  5756  5759 D dalvikvm: GC_CONCURRENT freed 497K, 20% free 9874K/12295K, paused 3ms+4ms
06-08 16:39:23.933  5756  5759 D dalvikvm: GC_CONCURRENT freed 383K, 20% free 9876K/12295K, paused 2ms+2ms
06-08 16:39:24.132  5756  5759 D dalvikvm: GC_CONCURRENT freed 398K, 20% free 9868K/12295K, paused 2ms+4ms
06-08 16:39:24.312  5756  5759 D dalvikvm: GC_CONCURRENT freed 361K, 20% free 9891K/12295K, paused 2ms+4ms
06-08 16:39:24.480  5756  5759 D dalvikvm: GC_CONCURRENT freed 309K, 19% free 10058K/12295K, paused 1ms+4ms
06-08 16:39:24.726  5756  5759 D dalvikvm: GC_CONCURRENT freed 473K, 19% free 9973K/12295K, paused 3ms+2ms
06-08 16:39:24.976  5756  5759 D dalvikvm: GC_CONCURRENT freed 353K, 19% free 10049K/12295K, paused 1ms+2ms
06-08 16:39:25.164  5756  5759 D dalvikvm: GC_CONCURRENT freed 565K, 20% free 9872K/12295K, paused 3ms+2ms
06-08 16:39:25.336  5756  5759 D dalvikvm: GC_CONCURRENT freed 329K, 20% free 9928K/12295K, paused 2ms+4ms
06-08 16:39:25.582  5756  5759 D dalvikvm: GC_CONCURRENT freed 446K, 20% free 9869K/12295K, paused 2ms+3ms
06-08 16:39:25.691  5756  5759 D dalvikvm: GC_CONCURRENT freed 323K, 19% free 9985K/12295K, paused 2ms+3ms
06-08 16:39:25.945  5756  5759 D dalvikvm: GC_CONCURRENT freed 365K, 19% free 10006K/12295K, paused 2ms+4ms
06-08 16:39:26.164  5756  5759 D dalvikvm: GC_CONCURRENT freed 391K, 18% free 10084K/12295K, paused 3ms+3ms
06-08 16:39:26.359  5756  5759 D dalvikvm: GC_CONCURRENT freed 588K, 20% free 9882K/12295K, paused 2ms+3ms
06-08 16:39:26.546  5756  5759 D dalvikvm: GC_CONCURRENT freed 391K, 20% free 9884K/12295K, paused 2ms+3ms
06-08 16:39:26.750  5756  5759 D dalvikvm: GC_CONCURRENT freed 413K, 20% free 9900K/12295K, paused 3ms+3ms
06-08 16:39:26.910  5756  5759 D dalvikvm: GC_CONCURRENT freed 334K, 19% free 10045K/12295K, paused 1ms+4ms
06-08 16:39:27.175  5756  5759 D dalvikvm: GC_CONCURRENT freed 468K, 19% free 9963K/12295K, paused 2ms+4ms
06-08 16:39:27.402  5756  5759 D dalvikvm: GC_CONCURRENT freed 477K, 20% free 9872K/12295K, paused 2ms+3ms
06-08 16:39:27.574  5756  5759 D dalvikvm: GC_CONCURRENT freed 361K, 20% free 9898K/12295K, paused 2ms+5ms
06-08 16:39:27.804  5756  5759 D dalvikvm: GC_CONCURRENT freed 408K, 20% free 9875K/12295K, paused 3ms+3ms
06-08 16:39:27.988  5756  5759 D dalvikvm: GC_CONCURRENT freed 376K, 20% free 9895K/12295K, paused 2ms+3ms
06-08 16:39:28.160  5756  5759 D dalvikvm: GC_CONCURRENT freed 363K, 20% free 9951K/12295K, paused 2ms+3ms
06-08 16:39:28.343  5756  5759 D dalvikvm: GC_CONCURRENT freed 447K, 20% free 9889K/12295K, paused 2ms+3ms
06-08 16:39:28.523  5756  5759 D dalvikvm: GC_CONCURRENT freed 366K, 20% free 9924K/12295K, paused 3ms+2ms
06-08 16:39:28.746  5756  5759 D dalvikvm: GC_CONCURRENT freed 445K, 20% free 9875K/12295K, paused 2ms+3ms
06-08 16:39:28.937  5756  5759 D dalvikvm: GC_CONCURRENT freed 380K, 20% free 9883K/12295K, paused 2ms+2ms
06-08 16:39:29.132  5756  5759 D dalvikvm: GC_CONCURRENT freed 383K, 20% free 9897K/12295K, paused 2ms+2ms
06-08 16:39:29.324  5756  5759 D dalvikvm: GC_CONCURRENT freed 364K, 20% free 9919K/12295K, paused 2ms+2ms
06-08 16:39:29.492  5756  5759 D dalvikvm: GC_CONCURRENT freed 403K, 20% free 9902K/12295K, paused 2ms+4ms
06-08 16:39:29.691  5756  5759 D dalvikvm: GC_CONCURRENT freed 330K, 20% free 9958K/12295K, paused 2ms+2ms
06-08 16:39:29.898  5756  5759 D dalvikvm: GC_CONCURRENT freed 470K, 20% free 9874K/12295K, paused 2ms+3ms
06-08 16:39:30.035  5756  5759 D dalvikvm: GC_CONCURRENT freed 323K, 20% free 9948K/12295K, paused 2ms+2ms
06-08 16:39:30.312  5756  5759 D dalvikvm: GC_CONCURRENT freed 397K, 20% free 9938K/12295K, paused 2ms+4ms
06-08 16:39:30.496  5756  5759 D dalvikvm: GC_CONCURRENT freed 450K, 20% free 9872K/12295K, paused 2ms+3ms
06-08 16:39:30.687  5756  5759 D dalvikvm: GC_CONCURRENT freed 339K, 20% free 9919K/12295K, paused 2ms+3ms
06-08 16:39:30.879  5756  5759 D dalvikvm: GC_CONCURRENT freed 451K, 20% free 9933K/12295K, paused 3ms+3ms
06-08 16:39:31.074  5756  5759 D dalvikvm: GC_CONCURRENT freed 383K, 20% free 9936K/12295K, paused 3ms+3ms
06-08 16:39:31.312  5756  5759 D dalvikvm: GC_CONCURRENT freed 387K, 19% free 9970K/12295K, paused 2ms+3ms
06-08 16:39:31.539  5756  5759 D dalvikvm: GC_CONCURRENT freed 438K, 20% free 9919K/12295K, paused 2ms+3ms
06-08 16:39:31.722  5756  5759 D dalvikvm: GC_CONCURRENT freed 425K, 20% free 9882K/12295K, paused 3ms+2ms
06-08 16:39:31.890  5756  5759 D dalvikvm: GC_CONCURRENT freed 391K, 20% free 9879K/12295K, paused 3ms+3ms
06-08 16:39:31.988   151   166 W SensorService: Sensor fusion diverged; resetting state.
06-08 16:39:32.046  5756  5759 D dalvikvm: GC_CONCURRENT freed 363K, 20% free 9907K/12295K, paused 2ms+4ms
06-08 16:39:32.277  5756  5759 D dalvikvm: GC_CONCURRENT freed 407K, 20% free 9886K/12295K, paused 2ms+2ms
06-08 16:39:32.461  5756  5759 D dalvikvm: GC_CONCURRENT freed 392K, 20% free 9898K/12295K, paused 3ms+3ms
06-08 16:39:32.601  5756  5759 D dalvikvm: GC_CONCURRENT freed 356K, 19% free 10028K/12295K, paused 3ms+4ms
06-08 16:39:32.863  5756  5759 D dalvikvm: GC_CONCURRENT freed 437K, 19% free 9978K/12295K, paused 3ms+3ms
06-08 16:39:33.035  5756  5759 D dalvikvm: GC_CONCURRENT freed 317K, 19% free 10066K/12295K, paused 2ms+3ms
06-08 16:39:33.230  5756  5759 D dalvikvm: GC_CONCURRENT freed 553K, 20% free 9905K/12295K, paused 1ms+3ms
06-08 16:39:33.421  5756  5759 D dalvikvm: GC_CONCURRENT freed 398K, 20% free 9909K/12295K, paused 2ms+3ms
06-08 16:39:33.578  5756  5759 D dalvikvm: GC_CONCURRENT freed 366K, 20% free 9929K/12295K, paused 3ms+3ms
06-08 16:39:33.832  5756  5759 D dalvikvm: GC_CONCURRENT freed 442K, 20% free 9873K/12295K, paused 2ms+2ms
06-08 16:39:34.027  5756  5759 D dalvikvm: GC_CONCURRENT freed 374K, 20% free 9892K/12295K, paused 3ms+3ms
06-08 16:39:34.144   151   153 D dalvikvm: GC_CONCURRENT freed 1158K, 25% free 14154K/18695K, paused 3ms+9ms
06-08 16:39:34.347  5756  5759 D dalvikvm: GC_CONCURRENT freed 386K, 20% free 9894K/12295K, paused 2ms+3ms
06-08 16:39:39.546  5756  5759 D dalvikvm: GC_CONCURRENT freed 252K, 18% free 10153K/12295K, paused 12ms+4ms
06-08 16:39:39.976  5756  5759 D dalvikvm: GC_CONCURRENT freed 385K, 18% free 10156K/12295K, paused 5ms+2ms
06-08 16:39:40.250  5756  5759 D dalvikvm: GC_CONCURRENT freed 385K, 18% free 10155K/12295K, paused 3ms+3ms
06-08 16:39:40.523  5756  5759 D dalvikvm: GC_CONCURRENT freed 385K, 18% free 10155K/12295K, paused 2ms+4ms
06-08 16:39:40.777  5756  5759 D dalvikvm: GC_CONCURRENT freed 388K, 18% free 10155K/12295K, paused 2ms+3ms
06-08 16:39:41.035  5756  5759 D dalvikvm: GC_CONCURRENT freed 387K, 18% free 10156K/12295K, paused 2ms+3ms
06-08 16:39:41.418  5756  6141 W Gmail   : Successful index run, cancel next scheduled index run
06-08 16:39:48.234  2137  2241 I PhoneLab-: Service Running
06-08 16:39:48.296  2137  2241 I PhoneLab-LoggerService: app_38    1301  1     1788   1344  c00f181c 400107b4 S logcat
06-08 16:39:48.300  2137  2241 I PhoneLab-LoggerService: Logcat pid from database 1301
06-08 16:39:48.300  2137  2241 I PhoneLab-LoggerService: Logcat process found 1301
06-08 16:39:48.300  2137  2241 I PhoneLab-LoggerService: Checking Threshold
06-08 16:40:04.293   151   166 W SensorService: Sensor fusion diverged; resetting state.
06-08 16:40:35.793   559   561 D dalvikvm: GC_CONCURRENT freed 475K, 12% free 10656K/11975K, paused 6ms+18ms
06-08 16:40:39.894  2685  2687 D dalvikvm: GC_CONCURRENT freed 1997K, 16% free 19653K/23239K, paused 20ms+9ms
06-08 16:41:12.812   151   166 W SensorService: Sensor fusion diverged; resetting state.
06-08 16:41:40.000   151   153 D dalvikvm: GC_CONCURRENT freed 1181K, 25% free 14135K/18695K, paused 13ms+11ms
06-08 16:41:48.242  2137  2241 I PhoneLab-: Service Running
06-08 16:41:48.300  2137  2241 I PhoneLab-LoggerService: app_38    1301  1     1788   1344  c00f181c 400107b4 S logcat
06-08 16:41:48.300  2137  2241 I PhoneLab-LoggerService: Logcat pid from database 1301
06-08 16:41:48.300  2137  2241 I PhoneLab-LoggerService: Logcat process found 1301
06-08 16:41:48.300  2137  2241 I PhoneLab-LoggerService: Checking Threshold
06-08 16:41:54.004   151   166 W SensorService: Sensor fusion diverged; resetting state.
06-08 16:42:05.738   559   561 D dalvikvm: GC_CONCURRENT freed 476K, 12% free 10657K/11975K, paused 3ms+4ms
06-08 16:42:36.890   151   166 W SensorService: Sensor fusion diverged; resetting state.
06-08 16:42:50.613  2821  2823 D dalvikvm: GC_CONCURRENT freed 431K, 6% free 10323K/10887K, paused 2ms+7ms
06-08 16:43:24.972   151   166 W SensorService: Sensor fusion diverged; resetting state.
06-08 16:43:35.722   559   561 D dalvikvm: GC_CONCURRENT freed 475K, 12% free 10656K/11975K, paused 2ms+3ms
06-08 16:43:48.222  2137  2241 I PhoneLab-: Service Running
06-08 16:43:48.324  2137  2241 I PhoneLab-LoggerService: app_38    1301  1     1788   1344  c00f181c 400107b4 S logcat
06-08 16:43:48.324  2137  2241 I PhoneLab-LoggerService: Logcat pid from database 1301
06-08 16:43:48.324  2137  2241 I PhoneLab-LoggerService: Logcat process found 1301
06-08 16:43:48.324  2137  2241 I PhoneLab-LoggerService: Checking Threshold
06-08 16:44:00.171   151   153 D dalvikvm: GC_CONCURRENT freed 1147K, 25% free 14149K/18695K, paused 3ms+10ms
06-08 16:44:04.925   151   166 W SensorService: Sensor fusion diverged; resetting state.
06-08 16:44:26.691  2685  2687 D dalvikvm: GC_CONCURRENT freed 2003K, 16% free 19570K/23239K, paused 16ms+7ms
06-08 16:44:45.183   151   166 W SensorService: Sensor fusion diverged; resetting state.
06-08 16:45:05.804   559   561 D dalvikvm: GC_CONCURRENT freed 489K, 12% free 10658K/11975K, paused 3ms+5ms
06-08 16:45:23.359   151   166 W SensorService: Sensor fusion diverged; resetting state.
06-08 16:45:48.222  2137  2241 I PhoneLab-: Service Running
06-08 16:45:48.296  2137  2241 I PhoneLab-LoggerService: app_38    1301  1     1788   1344  c00f181c 400107b4 S logcat
06-08 16:45:48.300  2137  2241 I PhoneLab-LoggerService: Logcat pid from database 1301
06-08 16:45:48.300  2137  2241 I PhoneLab-LoggerService: Logcat process found 1301
06-08 16:45:48.300  2137  2241 I PhoneLab-LoggerService: Checking Threshold
06-08 16:45:49.546   151   552 D dalvikvm: GC_EXPLICIT freed 926K, 25% free 14099K/18695K, paused 3ms+10ms
06-08 16:45:53.957   151   166 W SensorService: Sensor fusion diverged; resetting state.
06-08 16:46:28.988   151   166 W SensorService: Sensor fusion diverged; resetting state.
06-08 16:46:36.031  2821  2823 D dalvikvm: GC_CONCURRENT freed 437K, 6% free 10323K/10887K, paused 3ms+9ms
06-08 16:46:36.156   559   561 D dalvikvm: GC_CONCURRENT freed 493K, 11% free 10659K/11975K, paused 2ms+6ms
06-08 16:47:02.324   151   166 W SensorService: Sensor fusion diverged; resetting state.
06-08 16:47:07.898  2685  2687 D dalvikvm: GC_CONCURRENT freed 1942K, 16% free 19638K/23239K, paused 4ms+11ms
06-08 16:47:15.363  2685  2687 D dalvikvm: GC_CONCURRENT freed 2011K, 16% free 19597K/23239K, paused 4ms+7ms
06-08 16:47:20.843  2685  2687 D dalvikvm: GC_CONCURRENT freed 1996K, 16% free 19618K/23239K, paused 5ms+11ms
06-08 16:47:26.082  2685  2687 D dalvikvm: GC_CONCURRENT freed 2026K, 16% free 19613K/23239K, paused 4ms+10ms
06-08 16:47:31.660  2685  2687 D dalvikvm: GC_CONCURRENT freed 2024K, 16% free 19628K/23239K, paused 7ms+11ms
06-08 16:47:37.175  2685  2687 D dalvikvm: GC_CONCURRENT freed 2039K, 16% free 19621K/23239K, paused 5ms+10ms
06-08 16:47:39.457   151   166 W SensorService: Sensor fusion diverged; resetting state.
06-08 16:47:42.957  2685  2687 D dalvikvm: GC_CONCURRENT freed 1987K, 16% free 19596K/23239K, paused 9ms+7ms
06-08 16:47:48.222  2137  2241 I PhoneLab-: Service Running
06-08 16:47:48.324  2137  2241 I PhoneLab-LoggerService: app_38    1301  1     1788   1344  c00f181c 400107b4 S logcat
06-08 16:47:48.328  2137  2241 I PhoneLab-LoggerService: Logcat pid from database 1301
06-08 16:47:48.328  2137  2241 I PhoneLab-LoggerService: Logcat process found 1301
06-08 16:47:48.328  2137  2241 I PhoneLab-LoggerService: Checking Threshold
06-08 16:48:03.558   151   153 D dalvikvm: GC_CONCURRENT freed 1099K, 25% free 14146K/18695K, paused 3ms+9ms
06-08 16:48:05.972   559   561 D dalvikvm: GC_CONCURRENT freed 480K, 11% free 10658K/11975K, paused 2ms+3ms
06-08 16:48:20.406   151   166 W SensorService: Sensor fusion diverged; resetting state.
06-08 16:48:54.632   151   166 W SensorService: Sensor fusion diverged; resetting state.
06-08 16:49:32.285   151   166 W SensorService: Sensor fusion diverged; resetting state.
06-08 16:49:36.351   559   561 D dalvikvm: GC_CONCURRENT freed 482K, 11% free 10660K/11975K, paused 2ms+5ms
06-08 16:49:48.222  2137  2241 I PhoneLab-: Service Running
06-08 16:49:48.316  2137  2241 I PhoneLab-LoggerService: app_38    1301  1     1788   1344  c00f181c 400107b4 S logcat
06-08 16:49:48.320  2137  2241 I PhoneLab-LoggerService: Logcat pid from database 1301
06-08 16:49:48.320  2137  2241 I PhoneLab-LoggerService: Logcat process found 1301
06-08 16:49:48.320  2137  2241 I PhoneLab-LoggerService: Checking Threshold
06-08 16:50:10.652   151   166 W SensorService: Sensor fusion diverged; resetting state.
06-08 16:50:15.988  2685  2687 D dalvikvm: GC_CONCURRENT freed 1923K, 16% free 19593K/23239K, paused 18ms+8ms
06-08 16:50:17.476  2821  2823 D dalvikvm: GC_CONCURRENT freed 429K, 6% free 10323K/10887K, paused 6ms+6ms
06-08 16:50:18.871   151   153 D dalvikvm: GC_CONCURRENT freed 1162K, 25% free 14143K/18695K, paused 92ms+10ms
06-08 16:50:44.554  5756  6209 I Gmail   : MainSyncRequestProto: lowestBkwdConvoId: 0, highestHandledServerOp: 3942002, normalSync: true
06-08 16:50:44.851  5756  5759 D dalvikvm: GC_CONCURRENT freed 771K, 21% free 9781K/12295K, paused 14ms+4ms
06-08 16:50:45.679  5756  5759 D dalvikvm: GC_CONCURRENT freed 451K, 21% free 9724K/12295K, paused 2ms+2ms
06-08 16:50:45.800  5756  6209 D dalvikvm: GC_EXPLICIT freed 36K, 21% free 9758K/12295K, paused 3ms+4ms
06-08 16:50:45.820  5756  6209 I Gmail   : MainSyncRequestProto: lowestBkwdConvoId: 0, highestHandledServerOp: 3942048, normalSync: true
06-08 16:50:46.562  5756  5759 D dalvikvm: GC_CONCURRENT freed 279K, 20% free 9867K/12295K, paused 3ms+7ms
06-08 16:50:46.972  5756  6209 D dalvikvm: GC_EXPLICIT freed 205K, 21% free 9774K/12295K, paused 6ms+4ms
06-08 16:50:46.984  5756  6209 I Gmail   : MainSyncRequestProto: lowestBkwdConvoId: 0, highestHandledServerOp: 3942049, normalSync: true
06-08 16:50:46.996  5756  6209 W Gmail   : Scheduling index for 300000 ms from now
06-08 16:50:47.027  5756  6209 I Gmail   : Sending notification intent: Intent { act=android.intent.action.PROVIDER_CHANGED dat=content://gmail-ls/unread/^i (has extras) }
06-08 16:50:47.105  5756  6211 W Gmail   : Showing notification with unreadCount of 120 and unseenCount of 41
06-08 16:50:47.281   389   391 D dalvikvm: GC_CONCURRENT freed 406K, 13% free 10760K/12359K, paused 2ms+4ms
06-08 16:50:47.394   389   389 D dalvikvm: GC_FOR_ALLOC freed 360K, 13% free 10840K/12359K, paused 19ms
06-08 16:50:47.679   389   391 D dalvikvm: GC_CONCURRENT freed 653K, 13% free 10793K/12359K, paused 5ms+3ms
06-08 16:50:53.168   151   166 W SensorService: Sensor fusion diverged; resetting state.
06-08 16:51:06.308   559   561 D dalvikvm: GC_CONCURRENT freed 502K, 11% free 10666K/11975K, paused 2ms+6ms
06-08 16:51:26.011   151   166 W SensorService: Sensor fusion diverged; resetting state.
06-08 16:51:28.800   559  1094 I EventLogService: Aggregate from 1339186888642 (log), 1339186888642 (data)
06-08 16:51:48.226  2137  2241 I PhoneLab-: Service Running
06-08 16:51:48.336  2137  2138 D dalvikvm: GC_CONCURRENT freed 418K, 14% free 9148K/10631K, paused 9ms+2ms
06-08 16:51:48.339  2137  2241 I PhoneLab-LoggerService: app_38    1301  1     1788   1344  c00f181c 400107b4 S logcat
06-08 16:51:48.339  2137  2241 I PhoneLab-LoggerService: Logcat pid from database 1301
06-08 16:51:48.339  2137  2241 I PhoneLab-LoggerService: Logcat process found 1301
06-08 16:51:48.339  2137  2241 I PhoneLab-LoggerService: Checking Threshold
06-08 16:52:03.488   151   166 W SensorService: Sensor fusion diverged; resetting state.
06-08 16:52:15.695   151   153 D dalvikvm: GC_CONCURRENT freed 1166K, 25% free 14132K/18695K, paused 9ms+9ms
06-08 16:52:36.332   559   561 D dalvikvm: GC_CONCURRENT freed 543K, 11% free 10670K/11975K, paused 3ms+4ms
06-08 16:52:41.726   151   166 W SensorService: Sensor fusion diverged; resetting state.
06-08 16:53:23.515   151   166 W SensorService: Sensor fusion diverged; resetting state.
06-08 16:53:34.629  2685  2687 D dalvikvm: GC_CONCURRENT freed 1899K, 16% free 19615K/23239K, paused 30ms+8ms
06-08 16:53:45.011  2821  2823 D dalvikvm: GC_CONCURRENT freed 417K, 6% free 10336K/10887K, paused 2ms+3ms
06-08 16:53:48.230  2137  2241 I PhoneLab-: Service Running
06-08 16:53:48.332  2137  2241 I PhoneLab-LoggerService: app_38    1301  1     1788   1344  c00f181c 400107b4 S logcat
06-08 16:53:48.332  2137  2241 I PhoneLab-LoggerService: Logcat pid from database 1301
06-08 16:53:48.332  2137  2241 I PhoneLab-LoggerService: Logcat process found 1301
06-08 16:53:48.332  2137  2241 I PhoneLab-LoggerService: Checking Threshold
06-08 16:54:04.902   151   166 W SensorService: Sensor fusion diverged; resetting state.
06-08 16:54:06.691   559   561 D dalvikvm: GC_CONCURRENT freed 503K, 11% free 10665K/11975K, paused 2ms+5ms
06-08 16:54:23.754   151   153 D dalvikvm: GC_CONCURRENT freed 1149K, 25% free 14137K/18695K, paused 22ms+8ms
06-08 16:54:42.546  4610  4611 D dalvikvm: GC_CONCURRENT freed 407K, 6% free 9065K/9607K, paused 26ms+2ms
06-08 16:54:47.371   151   166 W SensorService: Sensor fusion diverged; resetting state.
06-08 16:55:26.054   151   166 W SensorService: Sensor fusion diverged; resetting state.
06-08 16:55:28.933    82   122 D AudioHardware: AudioHardware pcm playback is exiting standby.
06-08 16:55:28.937    82   122 D AudioHardware: openPcmOut_l() mPcmOpenCnt: 0
06-08 16:55:29.976   151   205 I ActivityManager: START {act=android.intent.action.MAIN cat=[android.intent.category.HOME] flg=0x10200000 cmp=com.android.launcher/com.android.launcher2.Launcher} from pid 151
06-08 16:55:30.222   151   206 I InputReader: Reconfiguring input devices.  changes=0x00000004
06-08 16:55:30.222   151   206 I InputReader: Device reconfigured: id=7, name='mxt224_ts_input', surface size is now 480x800, mode is 1
06-08 16:55:30.238   151  1037 I ActivityManager: Config changed: {1.0 310mcc120mnc en_US layoutdir=0 sw320dp w320dp h508dp nrml long port finger -keyb/v/h -nav/h s.9}
06-08 16:55:30.386  2685  2685 D OpenGLRenderer: Flushing caches (mode 0)
06-08 16:55:30.566   389   391 D dalvikvm: GC_CONCURRENT freed 1044K, 17% free 10281K/12359K, paused 1ms+5ms
06-08 16:55:30.636   151   206 I InputReader: Dropping virtual key from device cypress-touchkey because virtual keys are temporarily disabled for the next 225.716ms.  keyCode=82, scanCode=139
06-08 16:55:30.695   151   167 I Process : Sending signal. PID: 1696 SIG: 3
06-08 16:55:30.699   151   206 I InputReader: Dropping key up from device cypress-touchkey because the key was not down.  keyCode=82, scanCode=139
06-08 16:55:30.707  1696  1700 I dalvikvm: threadid=3: reacting to signal 3
06-08 16:55:30.945  1696  1700 E dalvikvm: Unable to open stack trace file '/data/anr/traces.txt': Is a directory
06-08 16:55:30.949  2685  2685 D OpenGLRenderer: Flushing caches (mode 0)
06-08 16:55:30.953   151   491 I ActivityManager: Process com.google.android.apps.maps:NetworkLocationService (pid 2821) has died.
06-08 16:55:30.957   151   491 W ActivityManager: Scheduling restart of crashed service com.google.android.apps.maps/com.google.android.location.internal.server.NetworkLocationService in 5000ms
06-08 16:55:30.957   151   374 I ActivityManager: Process com.android.sprintmenu (pid 4610) has died.
06-08 16:55:30.961   151   374 W ActivityManager: Scheduling restart of crashed service com.android.sprintmenu/.HiddenPhoneService in 14996ms
06-08 16:55:31.023  2685  2685 D OpenGLRenderer: Flushing caches (mode 1)
06-08 16:55:31.054  2685  2685 W IInputConnectionWrapper: showStatusIcon on inactive InputConnection
06-08 16:55:31.074   151   205 I InputDispatcher: Dropped event because of pending overdue app switch.
06-08 16:55:31.074   151   205 I InputDispatcher: Dropped event because of pending overdue app switch.
06-08 16:55:31.074   151   205 I InputDispatcher: Dropped event because of pending overdue app switch.
06-08 16:55:31.074   151   205 I InputDispatcher: Dropped event because of pending overdue app switch.
06-08 16:55:31.531  1696  1698 D dalvikvm: GC_CONCURRENT freed 1146K, 35% free 12287K/18823K, paused 21ms+8ms
06-08 16:55:31.754   389   391 D dalvikvm: GC_CONCURRENT freed 350K, 17% free 10314K/12359K, paused 3ms+5ms
06-08 16:55:32.031    82   122 D AudioHardware: AudioHardware pcm playback is going to standby.
06-08 16:55:32.031    82   122 D AudioHardware: closePcmOut_l() mPcmOpenCnt: 1
06-08 16:55:33.226   151   200 D dalvikvm: JIT code cache reset in 4 ms (1048532 bytes 3/0)
06-08 16:55:33.242   151   200 D dalvikvm: GC_EXPLICIT freed 865K, 25% free 14037K/18695K, paused 22ms+12ms
06-08 16:55:36.015   151   168 I ActivityManager: Start proc com.google.android.apps.maps:NetworkLocationService for service com.google.android.apps.maps/com.google.android.location.internal.server.NetworkLocationService: pid=6224 uid=10056 gids={3003, 1015}
06-08 16:55:36.371  6224  6225 D dalvikvm: GC_CONCURRENT freed 156K, 3% free 9380K/9607K, paused 20ms+8ms
06-08 16:55:36.824   559   561 D dalvikvm: GC_CONCURRENT freed 500K, 11% free 10676K/11975K, paused 8ms+10ms
06-08 16:55:36.921  6224  6225 D dalvikvm: GC_CONCURRENT freed 158K, 3% free 9712K/9927K, paused 19ms+5ms
06-08 16:55:37.199  6224  6225 D dalvikvm: GC_CONCURRENT freed 163K, 3% free 10075K/10311K, paused 7ms+2ms
06-08 16:55:37.425  6224  6225 D dalvikvm: GC_CONCURRENT freed 666K, 8% free 9881K/10631K, paused 3ms+2ms
06-08 16:55:37.488   151   168 I ActivityManager: Start proc com.google.android.apps.maps:FriendService for broadcast com.google.android.apps.maps/com.google.googlenav.friend.android.ServiceReceiver: pid=6245 uid=10056 gids={3003, 1015}
06-08 16:55:37.629  6245  6248 D dalvikvm: GC_CONCURRENT freed 158K, 3% free 9377K/9607K, paused 4ms+4ms
06-08 16:55:37.843  6245  6248 D dalvikvm: GC_CONCURRENT freed 179K, 3% free 9711K/9991K, paused 2ms+3ms
06-08 16:55:38.019  6224  6244 D dalvikvm: GC_FOR_ALLOC freed 186K, 6% free 9995K/10631K, paused 41ms
06-08 16:55:38.031  6044  6045 D dalvikvm: GC_CONCURRENT freed 250K, 4% free 9864K/10247K, paused 4ms+20ms
06-08 16:55:38.097   151   162 I ActivityManager: Process com.android.vending (pid 1126) has died.
06-08 16:55:38.097   151   493 I WindowManager: WIN DEATH: Window{41393df8 com.android.vending/com.android.vending.AssetBrowserActivity paused=false}
06-08 16:55:46.004   151   168 I ActivityManager: Start proc com.android.sprintmenu for service com.android.sprintmenu/.HiddenPhoneService: pid=6259 uid=1001 gids={3002, 3001, 3003, 1015}
06-08 16:55:48.222  2137  2241 I PhoneLab-: Service Running
06-08 16:55:48.328  2137  2241 I PhoneLab-LoggerService: app_38    1301  1     1788   1344  c00f181c 400107b4 S logcat
06-08 16:55:48.332  2137  2241 I PhoneLab-LoggerService: Logcat pid from database 1301
06-08 16:55:48.332  2137  2241 I PhoneLab-LoggerService: Logcat process found 1301
06-08 16:55:48.332  2137  2241 I PhoneLab-LoggerService: Checking Threshold
06-08 16:55:49.910  6224  6225 D dalvikvm: GC_CONCURRENT freed 339K, 6% free 10039K/10631K, paused 18ms+2ms
06-08 16:56:00.574   151   151 I ActivityManager: Process com.google.android.talk (pid 5878) has died.
06-08 16:56:22.004  2685  2687 D dalvikvm: GC_CONCURRENT freed 1853K, 16% free 19723K/23239K, paused 6ms+13ms
06-08 16:56:32.300   151   162 I ActivityManager: START {act=android.intent.action.MAIN cat=[android.intent.category.LAUNCHER] flg=0x10000000 pkg=spinninghead.carhome cmp=spinninghead.carhome/.CarHome bnds=[0,103][120,253]} from pid 1696
06-08 16:56:32.320    82   122 D AudioHardware: AudioHardware pcm playback is exiting standby.
06-08 16:56:32.320    82   122 D AudioHardware: openPcmOut_l() mPcmOpenCnt: 0
06-08 16:56:32.441   151   493 I ActivityManager: Start proc spinninghead.carhome for activity spinninghead.carhome/.CarHome: pid=6279 uid=10055 gids={3003, 3002, 3001, 1015}
06-08 16:56:32.461  6279  6279 I dalvikvm: Turning on JNI app bug workarounds for target SDK version 8...
06-08 16:56:32.500  1696  1696 D OpenGLRenderer: Flushing caches (mode 1)
06-08 16:56:32.550  1696  1696 D OpenGLRenderer: Flushing caches (mode 0)
06-08 16:56:32.836  6279  6279 D CarHome : LocationPanel ()
06-08 16:56:32.851  6279  6279 D Compass : Compass ()
06-08 16:56:32.851  6279  6279 D Compass : Compass () exit
06-08 16:56:32.855  6279  6279 D Clock   : Clock ()
06-08 16:56:33.004   151   167 I Process : Sending signal. PID: 6279 SIG: 3
06-08 16:56:33.004  6279  6284 I dalvikvm: threadid=3: reacting to signal 3
06-08 16:56:33.054  6279  6284 I dalvikvm: Wrote stack traces to '/data/anr/traces.txt'
06-08 16:56:33.074  6279  6281 D dalvikvm: GC_CONCURRENT freed 191K, 3% free 9335K/9607K, paused 22ms+2ms
06-08 16:56:33.324  6279  6279 I TextToSpeech: Sucessfully bound to com.google.android.tts
06-08 16:56:33.336   559   677 D androidNetworkLocationListeners: Still have listener com.google.android.location.internal.client.NetworkLocationClient$1@41361cd0
06-08 16:56:33.339   559   677 D androidNetworkLocationListeners: Still have listener com.google.android.location.internal.client.NetworkLocationClient$1@41361cd0
06-08 16:56:33.472   151   167 I Process : Sending signal. PID: 6279 SIG: 3
06-08 16:56:33.472  6279  6284 I dalvikvm: threadid=3: reacting to signal 3
06-08 16:56:33.507  6279  6284 I dalvikvm: Wrote stack traces to '/data/anr/traces.txt'
06-08 16:56:33.554  6279  6281 D dalvikvm: GC_CONCURRENT freed 128K, 3% free 9608K/9863K, paused 8ms+4ms
06-08 16:56:33.570  6279  6279 D CarHome : updateColors()
06-08 16:56:33.582  6279  6279 I TextToSpeech: Connected to ComponentInfo{com.google.android.tts/com.google.android.tts.GoogleTTSService}
06-08 16:56:33.582  6279  6279 D CarHome : onInit
06-08 16:56:33.617   389   389 V PhoneStatusBar: setLightsOn(true)
06-08 16:56:33.648  6279  6279 D libEGL  : loaded /system/lib/egl/libGLES_android.so
06-08 16:56:33.656  6279  6279 D libEGL  : loaded /vendor/lib/egl/libEGL_POWERVR_SGX540_120.so
06-08 16:56:33.687  6279  6279 D libEGL  : loaded /vendor/lib/egl/libGLESv1_CM_POWERVR_SGX540_120.so
06-08 16:56:33.695  6279  6279 D libEGL  : loaded /vendor/lib/egl/libGLESv2_POWERVR_SGX540_120.so
06-08 16:56:33.765  6279  6279 D OpenGLRenderer: Enabling debug mode 0
06-08 16:56:33.875  6279  6281 D dalvikvm: GC_CONCURRENT freed 185K, 3% free 9909K/10183K, paused 6ms+3ms
06-08 16:56:33.890  6279  6279 D CarHome : Page Selected: 502
06-08 16:56:33.890  6279  6279 D CarHome : myPosition : 2
06-08 16:56:33.890  6279  6279 D CarHome : myPosition2 : 3
06-08 16:56:33.972   151   167 I Process : Sending signal. PID: 6279 SIG: 3
06-08 16:56:33.972  6279  6284 I dalvikvm: threadid=3: reacting to signal 3
06-08 16:56:33.980  6279  6284 I dalvikvm: Wrote stack traces to '/data/anr/traces.txt'
06-08 16:56:34.230   151   200 I ActivityManager: Displayed spinninghead.carhome/.CarHome: +1s817ms
06-08 16:56:35.414    82   122 D AudioHardware: AudioHardware pcm playback is going to standby.
06-08 16:56:35.414    82   122 D AudioHardware: closePcmOut_l() mPcmOpenCnt: 1
06-08 16:56:36.328   559   690 I System.out: [INFO:9318775]: LogSource: Running flush
06-08 16:56:36.351   559   693 I System.out: [INFO:9318796]: LogSource: Sending payload [bytes=278]
06-08 16:56:36.761   559   561 D dalvikvm: GC_CONCURRENT freed 513K, 11% free 10695K/11975K, paused 48ms+72ms
06-08 16:56:37.402  6279  6281 D dalvikvm: GC_CONCURRENT freed 422K, 6% free 9884K/10439K, paused 7ms+4ms
06-08 16:56:37.890   559   693 I System.out: [INFO:9320337]: LogSource: Response [http=200,length=212]
06-08 16:56:37.929   559   690 I System.out: [INFO:9320366]: LogSource: Read id 8, status code 200
06-08 16:56:38.871   151   552 I ActivityManager: Process android.process.acore (pid 5582) has died.
06-08 16:56:39.484  6279  6313 I CarHome : Weather update cancelled requested within update time limit
06-08 16:56:39.484    82   122 D AudioHardware: AudioHardware pcm playback is exiting standby.
06-08 16:56:39.484    82   122 D AudioHardware: openPcmOut_l() mPcmOpenCnt: 0
06-08 16:56:39.609  6279  6281 D dalvikvm: GC_CONCURRENT freed 407K, 6% free 9899K/10439K, paused 1ms+4ms
06-08 16:56:42.359   151   167 W ActivityManager: Launch timeout has expired, giving up wake lock!
06-08 16:56:42.488   151   167 W ActivityManager: Activity idle timeout for ActivityRecord{41879dd8 spinninghead.carhome/.CarHome}
06-08 16:56:42.656  6279  6281 D dalvikvm: GC_CONCURRENT freed 375K, 5% free 9931K/10439K, paused 1ms+6ms
06-08 16:56:42.906   151   153 D dalvikvm: GC_CONCURRENT freed 1078K, 25% free 14087K/18695K, paused 4ms+19ms
06-08 16:56:43.363   151  5704 I ActivityManager: START {act=spinninghead.carhome.license.LicenseCheck} from pid 6279
06-08 16:56:43.402   559   677 D androidNetworkLocationListeners: Still have listener com.google.android.location.internal.client.NetworkLocationClient$1@41361cd0
06-08 16:56:43.507   151   162 D dalvikvm: GC_EXPLICIT freed 175K, 26% free 13919K/18695K, paused 9ms+6ms
06-08 16:56:43.515   559   677 D androidNetworkLocationListeners: Still have listener com.google.android.location.internal.client.NetworkLocationClient$1@41361cd0
06-08 16:56:43.527   559   677 D androidNetworkLocationListeners: Still have listener com.google.android.location.internal.client.NetworkLocationClient$1@41361cd0
06-08 16:56:43.574  6279  6279 D CarHome : updateColors()
06-08 16:56:43.574  6279  6279 D CarHome : android.support.v4.view.l@413fee48
06-08 16:56:43.582  6279  6279 D CarHome : android.support.v4.view.l@41407318
06-08 16:56:43.593  6279  6279 D CarHome : android.support.v4.view.l@414101c0
06-08 16:56:44.992    82   122 D AudioHardware: AudioHardware pcm playback is going to standby.
06-08 16:56:44.992    82   122 D AudioHardware: closePcmOut_l() mPcmOpenCnt: 1
06-08 16:56:46.046  6279  6281 D dalvikvm: GC_CONCURRENT freed 432K, 6% free 9941K/10503K, paused 3ms+8ms
06-08 16:56:48.742  6279  6281 D dalvikvm: GC_CONCURRENT freed 415K, 6% free 9954K/10503K, paused 2ms+6ms
06-08 16:56:51.339  6279  6281 D dalvikvm: GC_CONCURRENT freed 421K, 6% free 9951K/10503K, paused 2ms+5ms
06-08 16:56:53.957  6279  6281 D dalvikvm: GC_CONCURRENT freed 421K, 6% free 9953K/10503K, paused 2ms+5ms
06-08 16:56:56.558  6279  6281 D dalvikvm: GC_CONCURRENT freed 418K, 6% free 9951K/10503K, paused 2ms+5ms
06-08 16:56:59.140  6279  6281 D dalvikvm: GC_CONCURRENT freed 418K, 6% free 9951K/10503K, paused 2ms+5ms
06-08 16:57:01.769  6279  6281 D dalvikvm: GC_CONCURRENT freed 421K, 6% free 9952K/10503K, paused 2ms+5ms
06-08 16:57:03.898  6279  6281 D dalvikvm: GC_CONCURRENT freed 411K, 6% free 9959K/10503K, paused 2ms+5ms
06-08 16:57:06.457  6279  6281 D dalvikvm: GC_CONCURRENT freed 389K, 5% free 9982K/10503K, paused 2ms+5ms
06-08 16:57:08.863  6279  6281 D dalvikvm: GC_CONCURRENT freed 396K, 6% free 9973K/10503K, paused 3ms+5ms
06-08 16:57:11.328  6279  6281 D dalvikvm: GC_CONCURRENT freed 396K, 6% free 9978K/10503K, paused 2ms+5ms
06-08 16:57:13.726  6279  6281 D dalvikvm: GC_CONCURRENT freed 397K, 6% free 9977K/10503K, paused 2ms+6ms
06-08 16:57:16.140  6279  6281 D dalvikvm: GC_CONCURRENT freed 394K, 6% free 9977K/10503K, paused 3ms+4ms
06-08 16:57:18.554  6279  6281 D dalvikvm: GC_CONCURRENT freed 397K, 6% free 9976K/10503K, paused 2ms+5ms
06-08 16:57:20.976  6279  6281 D dalvikvm: GC_CONCURRENT freed 394K, 6% free 9976K/10503K, paused 3ms+6ms
06-08 16:57:23.390  6279  6281 D dalvikvm: GC_CONCURRENT freed 394K, 6% free 9976K/10503K, paused 3ms+4ms
06-08 16:57:25.855  6279  6281 D dalvikvm: GC_CONCURRENT freed 396K, 6% free 9977K/10503K, paused 2ms+6ms
06-08 16:57:28.324  6279  6281 D dalvikvm: GC_CONCURRENT freed 395K, 6% free 9976K/10503K, paused 2ms+5ms
06-08 16:57:31.000  6279  6281 D dalvikvm: GC_CONCURRENT freed 396K, 6% free 9975K/10503K, paused 2ms+5ms
06-08 16:57:32.211   559   561 D dalvikvm: GC_CONCURRENT freed 563K, 11% free 10689K/11975K, paused 63ms+5ms
06-08 16:57:32.652   151   197 I power   : *** set_screen_state 0
06-08 16:57:32.699    79   118 D SurfaceFlinger: About to give-up screen, flinger = 0x1061918
06-08 16:57:32.851   485  1668 D NfcService: NFC-C OFF, disconnect
06-08 16:57:32.867   559   677 D androidNetworkLocationListeners: Still have listener com.google.android.location.internal.client.NetworkLocationClient$1@41361cd0
06-08 16:57:37.948   151   153 D dalvikvm: GC_CONCURRENT freed 596K, 23% free 14528K/18695K, paused 6ms+7ms
06-08 16:57:37.979   151   201 V TransportControlView: Create TCV com.android.internal.widget.TransportControlView@41601488
06-08 16:57:38.030   389   389 D PhoneStatusBar: disable: < expand icons alerts ticker system_info back home RECENT* clock >
06-08 16:57:38.069   151   201 D android.widget.GridLayout: vertical constraints: y4 - y0 > 0, y1 - y0 > 133, y2 - y1 > 29, y3 - y2 > 29, y4 - y3 > 0, y5 - y4 > 0, y6 - y5 > 453, y7 - y6 > 0, y7 - y0 < 442 are inconsistent; permanently removing: y7 - y0 < 442. 
06-08 16:57:42.035   389   389 V PhoneStatusBar: setLightsOn(true)
06-08 16:57:42.035   389   389 D PhoneStatusBar: disable: < expand icons alerts ticker system_info BACK* HOME* RECENT CLOCK* >
06-08 16:57:42.035   389   389 D PhoneStatusBar: disable: < expand icons alerts ticker system_info back* home* RECENT clock* >
06-08 16:57:43.031   151   201 V TransportControlView: Create TCV com.android.internal.widget.TransportControlView@417544c0
06-08 16:57:45.078   389   389 D PhoneStatusBar: disable: < expand icons alerts ticker system_info back home recent* clock >
06-08 16:57:45.089    82   122 D AudioHardware: AudioHardware pcm playback is exiting standby.
06-08 16:57:45.089    82   122 D AudioHardware: openPcmOut_l() mPcmOpenCnt: 0
06-08 16:57:45.097   485   606 D NfcService: NFC-C ON
06-08 16:57:48.277    82   122 D AudioHardware: AudioHardware pcm playback is going to standby.
06-08 16:57:48.277    82   122 D AudioHardware: closePcmOut_l() mPcmOpenCnt: 1
06-08 16:57:51.863  2137  2241 I PhoneLab-: Service Running
06-08 16:57:51.976  2137  2241 I PhoneLab-LoggerService: app_38    1301  1     1788   1344  c00f181c 400107b4 S logcat
06-08 16:57:51.976  2137  2241 I PhoneLab-LoggerService: Logcat pid from database 1301
06-08 16:57:51.976  2137  2241 I PhoneLab-LoggerService: Logcat process found 1301
06-08 16:57:51.976  2137  2241 I PhoneLab-LoggerService: Checking Threshold
06-08 16:57:57.140  2137  2137 I PhoneLab-Locks: wake lock acquired
06-08 16:57:57.152  2137  6332 I PhoneLab-PeriodicCheckService: User info is synched
06-08 16:57:57.152  2137  6332 I PhoneLab-PeriodicCheckService: Logger Service is running
06-08 16:57:57.164  2137  2137 I PhoneLab-Locks: wake lock acquired
06-08 16:57:57.168  2137  2137 I PhoneLab-StatusMonitor: Status Monitoring is started
06-08 16:57:57.175  2137  6332 I PhoneLab-Locks: wake lock acquired
06-08 16:57:57.183  2137  6332 I PhoneLab-PeriodicCheckService: Rescheduling periodic checking...
06-08 16:57:57.187  2137  6332 I PhoneLab-Locks: wake lock released
06-08 16:57:57.187  2137  2137 E PhoneLab-PhoneLabManifest: java.io.FileNotFoundException: /data/data/edu.buffalo.cse.phonelab.phonelabservices/files/manifest.xml: open failed: ENOENT (No such file or directory)
06-08 16:57:57.203  2137  2137 I PhoneLab-Locks: wake lock released
06-08 16:57:57.207  2137  2137 I PhoneLab-UploadLogs: Transfering log files now
06-08 16:57:57.207  2137  2137 I PhoneLab-UploadLogs: No log files to transfer
06-08 16:57:57.207  2137  2137 I PhoneLab-Locks: wake lock released
06-08 16:57:57.211  2137  2137 I PhoneLab-UploadLogs: OnStartCommand
06-08 16:58:01.023  6279  6281 D dalvikvm: GC_CONCURRENT freed 401K, 6% free 9972K/10503K, paused 7ms+4ms
06-08 16:58:19.312   559   561 D dalvikvm: GC_CONCURRENT freed 556K, 11% free 10690K/11975K, paused 2ms+3ms
06-08 16:58:58.769  6224  6225 D dalvikvm: GC_CONCURRENT freed 342K, 6% free 10082K/10631K, paused 2ms+2ms
06-08 16:59:02.820  6279  6281 D dalvikvm: GC_CONCURRENT freed 390K, 5% free 9979K/10503K, paused 2ms+6ms
06-08 16:59:41.121   151   153 D dalvikvm: GC_CONCURRENT freed 890K, 21% free 14937K/18695K, paused 10ms+11ms
06-08 16:59:49.363   559   561 D dalvikvm: GC_CONCURRENT freed 561K, 11% free 10684K/11975K, paused 2ms+3ms
06-08 17:00:07.789  6279  6281 D dalvikvm: GC_CONCURRENT freed 392K, 6% free 9977K/10503K, paused 2ms+4ms
06-08 17:00:25.234  2137  2241 I PhoneLab-: Service Running
06-08 17:00:25.285  2137  2241 I PhoneLab-LoggerService: app_38    1301  1     1788   1344  c00f181c 400107b4 S logcat
06-08 17:00:25.285  2137  2241 I PhoneLab-LoggerService: Logcat pid from database 1301
06-08 17:00:25.285  2137  2241 I PhoneLab-LoggerService: Logcat process found 1301
06-08 17:00:25.285  2137  2241 I PhoneLab-LoggerService: Checking Threshold
06-08 17:01:12.070  6279  6281 D dalvikvm: GC_CONCURRENT freed 392K, 6% free 9978K/10503K, paused 2ms+6ms
06-08 17:01:19.480   559   561 D dalvikvm: GC_CONCURRENT freed 545K, 11% free 10682K/11975K, paused 2ms+3ms
06-08 17:02:48.445   151   493 I ActivityManager: Start proc android.process.acore for content provider com.android.providers.contacts/.ContactsProvider2: pid=6364 uid=10000 gids={3003, 1015}
06-08 17:02:48.492  6364  6364 I ActivityThread: Pub com.android.voicemail: com.android.providers.contacts.VoicemailContentProvider
06-08 17:02:48.546  6364  6364 I ActivityThread: Pub user_dictionary: com.android.providers.userdictionary.UserDictionaryProvider
06-08 17:02:48.562  6364  6364 I ActivityThread: Pub com.android.social: com.android.providers.contacts.SocialProvider
06-08 17:02:48.566  6364  6364 I ActivityThread: Pub applications: com.android.providers.applications.ApplicationsProvider
06-08 17:02:48.691  6364  6364 I ActivityThread: Pub contacts;com.android.contacts: com.android.providers.contacts.ContactsProvider2
06-08 17:02:48.714  6364  6367 D dalvikvm: GC_CONCURRENT freed 332K, 5% free 9150K/9607K, paused 2ms+2ms
06-08 17:02:48.761  6364  6364 I ActivityThread: Pub call_log: com.android.providers.contacts.CallLogProvider
06-08 17:02:48.906  6364  6367 D dalvikvm: GC_CONCURRENT freed 198K, 4% free 9340K/9671K, paused 2ms+1ms
06-08 17:02:49.480   559   561 D dalvikvm: GC_CONCURRENT freed 503K, 11% free 10684K/11975K, paused 3ms+7ms
06-08 17:02:53.004  2137  2241 I PhoneLab-: Service Running
06-08 17:02:54.121  6279  6281 D dalvikvm: GC_CONCURRENT freed 393K, 5% free 9979K/10503K, paused 2ms+5ms
06-08 17:02:54.230  2137  2241 I PhoneLab-LoggerService: app_38    1301  1     1788   1344  c00f181c 400107b4 S logcat
06-08 17:02:54.230  2137  2241 I PhoneLab-LoggerService: Logcat pid from database 1301
06-08 17:02:54.230  2137  2241 I PhoneLab-LoggerService: Logcat process found 1301
06-08 17:02:54.230  2137  2241 I PhoneLab-LoggerService: Checking Threshold
06-08 17:03:23.781  6279  6298 E CarHome : WeatherQueryError
06-08 17:03:23.781  6279  6298 E CarHome : java.net.SocketException: recvfrom failed: ECONNRESET (Connection reset by peer)
06-08 17:03:23.781  6279  6298 E CarHome : 	at libcore.io.IoBridge.maybeThrowAfterRecvfrom(IoBridge.java:542)
06-08 17:03:23.781  6279  6298 E CarHome : 	at libcore.io.IoBridge.recvfrom(IoBridge.java:506)
06-08 17:03:23.781  6279  6298 E CarHome : 	at java.net.PlainSocketImpl.read(PlainSocketImpl.java:488)
06-08 17:03:23.781  6279  6298 E CarHome : 	at java.net.PlainSocketImpl.access$000(PlainSocketImpl.java:46)
06-08 17:03:23.781  6279  6298 E CarHome : 	at java.net.PlainSocketImpl$PlainSocketInputStream.read(PlainSocketImpl.java:240)
06-08 17:03:23.781  6279  6298 E CarHome : 	at java.io.BufferedInputStream.fillbuf(BufferedInputStream.java:168)
06-08 17:03:23.781  6279  6298 E CarHome : 	at java.io.BufferedInputStream.read(BufferedInputStream.java:227)
06-08 17:03:23.781  6279  6298 E CarHome : 	at libcore.io.Streams.readAsciiLine(Streams.java:201)
06-08 17:03:23.781  6279  6298 E CarHome : 	at libcore.net.http.HttpEngine.readResponseHeaders(HttpEngine.java:544)
06-08 17:03:23.781  6279  6298 E CarHome : 	at libcore.net.http.HttpEngine.readResponse(HttpEngine.java:784)
06-08 17:03:23.781  6279  6298 E CarHome : 	at libcore.net.http.HttpURLConnectionImpl.getResponse(HttpURLConnectionImpl.java:274)
06-08 17:03:23.781  6279  6298 E CarHome : 	at libcore.net.http.HttpURLConnectionImpl.getInputStream(HttpURLConnectionImpl.java:168)
06-08 17:03:23.781  6279  6298 E CarHome : 	at java.net.URL.openStream(URL.java:462)
06-08 17:03:23.781  6279  6298 E CarHome : 	at android.view.t.a(Unknown Source)
06-08 17:03:23.781  6279  6298 E CarHome : 	at android.view.t.doInBackground(Unknown Source)
06-08 17:03:23.781  6279  6298 E CarHome : 	at android.os.AsyncTask$2.call(AsyncTask.java:264)
06-08 17:03:23.781  6279  6298 E CarHome : 	at java.util.concurrent.FutureTask$Sync.innerRun(FutureTask.java:305)
06-08 17:03:23.781  6279  6298 E CarHome : 	at java.util.concurrent.FutureTask.run(FutureTask.java:137)
06-08 17:03:23.781  6279  6298 E CarHome : 	at java.util.concurrent.ThreadPoolExecutor.runWorker(ThreadPoolExecutor.java:1076)
06-08 17:03:23.781  6279  6298 E CarHome : 	at java.util.concurrent.ThreadPoolExecutor$Worker.run(ThreadPoolExecutor.java:569)
06-08 17:03:23.781  6279  6298 E CarHome : 	at java.lang.Thread.run(Thread.java:856)
06-08 17:03:23.781  6279  6298 E CarHome : Caused by: libcore.io.ErrnoException: recvfrom failed: ECONNRESET (Connection reset by peer)
06-08 17:03:23.781  6279  6298 E CarHome : 	at libcore.io.Posix.recvfromBytes(Native Method)
06-08 17:03:23.781  6279  6298 E CarHome : 	at libcore.io.Posix.recvfrom(Posix.java:131)
06-08 17:03:23.781  6279  6298 E CarHome : 	at libcore.io.BlockGuardOs.recvfrom(BlockGuardOs.java:164)
06-08 17:03:23.781  6279  6298 E CarHome : 	at libcore.io.IoBridge.recvfrom(IoBridge.java:503)
06-08 17:03:23.781  6279  6298 E CarHome : 	... 19 more
06-08 17:03:34.578   151   153 D dalvikvm: GC_CONCURRENT freed 2011K, 24% free 14286K/18695K, paused 59ms+8ms
06-08 17:03:44.273  6279  6281 D dalvikvm: GC_CONCURRENT freed 412K, 6% free 9960K/10503K, paused 2ms+10ms
06-08 17:03:45.894  6224  6225 D dalvikvm: GC_CONCURRENT freed 403K, 6% free 10094K/10631K, paused 4ms+3ms
06-08 17:04:08.050  2137  2241 I PhoneLab-: Service Running
06-08 17:04:08.093  2137  2241 I PhoneLab-LoggerService: app_38    1301  1     1788   1344  c00f181c 400107b4 S logcat
06-08 17:04:08.093  2137  2241 I PhoneLab-LoggerService: Logcat pid from database 1301
06-08 17:04:08.093  2137  2241 I PhoneLab-LoggerService: Logcat process found 1301
06-08 17:04:08.093  2137  2241 I PhoneLab-LoggerService: Checking Threshold
06-08 17:04:19.668   559   561 D dalvikvm: GC_CONCURRENT freed 487K, 11% free 10683K/11975K, paused 1ms+5ms
06-08 17:04:50.632  6279  6281 D dalvikvm: GC_CONCURRENT freed 385K, 5% free 9985K/10503K, paused 5ms+5ms
06-08 17:05:01.668  5756  5759 D dalvikvm: GC_CONCURRENT freed 300K, 20% free 9926K/12295K, paused 5ms+6ms
06-08 17:05:01.937  5756  5759 D dalvikvm: GC_CONCURRENT freed 427K, 20% free 9890K/12295K, paused 2ms+2ms
06-08 17:05:02.160  5756  5759 D dalvikvm: GC_CONCURRENT freed 352K, 20% free 9928K/12295K, paused 1ms+2ms
06-08 17:05:02.472  5756  6389 W Gmail   : Successful index run, cancel next scheduled index run
06-08 17:05:03.410   559  1658 D dalvikvm: GC_EXPLICIT freed 15K, 11% free 10668K/11975K, paused 6ms+3ms
06-08 17:05:49.722   559   561 D dalvikvm: GC_CONCURRENT freed 472K, 11% free 10680K/11975K, paused 2ms+4ms
06-08 17:05:57.078  6279  6281 D dalvikvm: GC_CONCURRENT freed 439K, 6% free 9999K/10567K, paused 20ms+5ms
06-08 17:06:15.953  2137  2241 I PhoneLab-: Service Running
06-08 17:06:16.062  2137  2138 D dalvikvm: GC_CONCURRENT freed 420K, 14% free 9148K/10631K, paused 7ms+3ms
06-08 17:06:16.062  2137  2241 I PhoneLab-LoggerService: app_38    1301  1     1788   1344  c00f181c 400107b4 S logcat
06-08 17:06:16.062  2137  2241 I PhoneLab-LoggerService: Logcat pid from database 1301
06-08 17:06:16.062  2137  2241 I PhoneLab-LoggerService: Logcat process found 1301
06-08 17:06:16.062  2137  2241 I PhoneLab-LoggerService: Checking Threshold
06-08 17:06:33.500   151   153 D dalvikvm: GC_CONCURRENT freed 1240K, 24% free 14259K/18695K, paused 16ms+8ms
06-08 17:07:19.836   559   561 D dalvikvm: GC_CONCURRENT freed 479K, 11% free 10674K/11975K, paused 2ms+4ms
06-08 17:07:32.007  6279  6281 D dalvikvm: GC_CONCURRENT freed 443K, 6% free 9994K/10567K, paused 3ms+476ms
06-08 17:08:14.035   389   389 I PowerUI : showing low battery warning: level=14 [-1]
06-08 17:08:14.132   389   391 D dalvikvm: GC_CONCURRENT freed 298K, 16% free 10421K/12359K, paused 10ms+4ms
06-08 17:08:14.375    82    82 I AwesomePlayer: setDataSource_l('/system/media/audio/ui/LowBattery.ogg')
06-08 17:08:14.492    82  3003 I AwesomePlayer: setDataSource_l('/system/media/audio/ui/LowBattery.ogg')
06-08 17:08:14.535    82   122 D AudioHardware: AudioHardware pcm playback is exiting standby.
06-08 17:08:14.535    82   122 D AudioHardware: openPcmOut_l() mPcmOpenCnt: 0
06-08 17:08:14.578   389   389 W MediaPlayer: mediaplayer went away with unhandled events
06-08 17:08:14.578   389   389 W MediaPlayer: mediaplayer went away with unhandled events
06-08 17:08:18.277    82   122 D AudioHardware: AudioHardware pcm playback is going to standby.
06-08 17:08:18.277    82   122 D AudioHardware: closePcmOut_l() mPcmOpenCnt: 1
06-08 17:08:22.988  6224  6225 D dalvikvm: GC_CONCURRENT freed 413K, 6% free 10083K/10631K, paused 2ms+2ms
06-08 17:08:38.011  2137  2241 I PhoneLab-: Service Running
06-08 17:08:41.113  2137  2241 I PhoneLab-LoggerService: app_38    1301  1     1788   1344  c00f181c 400107b4 S logcat
06-08 17:08:41.117  2137  2241 I PhoneLab-LoggerService: Logcat pid from database 1301
06-08 17:08:41.117  2137  2241 I PhoneLab-LoggerService: Logcat process found 1301
06-08 17:08:41.117  2137  2241 I PhoneLab-LoggerService: Checking Threshold
06-08 17:08:43.117  6279  6281 D dalvikvm: GC_CONCURRENT freed 442K, 6% free 9996K/10567K, paused 13ms+4ms
06-08 17:08:47.855   559   677 D androidNetworkLocationListeners: Still have listener com.google.android.location.internal.client.NetworkLocationClient$1@41361cd0
06-08 17:08:48.101   389   400 W MediaPlayer-JNI: MediaPlayer finalized without being released
06-08 17:08:48.101   389   391 D dalvikvm: GC_CONCURRENT freed 426K, 16% free 10481K/12359K, paused 2ms+3ms
06-08 17:08:48.156   389   391 D dalvikvm: GC_CONCURRENT freed 708K, 18% free 10209K/12359K, paused 2ms+3ms
06-08 17:08:48.203   389   391 D dalvikvm: GC_CONCURRENT freed 343K, 17% free 10299K/12359K, paused 1ms+3ms
06-08 17:08:48.281   389   391 D dalvikvm: GC_CONCURRENT freed 469K, 17% free 10294K/12359K, paused 2ms+3ms
06-08 17:08:49.187   559   561 D dalvikvm: GC_CONCURRENT freed 488K, 11% free 10678K/11975K, paused 2ms+3ms
06-08 17:09:08.320   389   389 I PowerUI : updating low battery warning: level=14 [-1]
06-08 17:10:05.054   389   389 I PowerUI : updating low battery warning: level=14 [-1]
06-08 17:14:34.043   389   389 I PowerUI : updating low battery warning: level=13 [-1]
06-08 17:16:32.031   389   389 I PowerUI : updating low battery warning: level=13 [-1]
06-08 17:16:32.340   389   391 D dalvikvm: GC_CONCURRENT freed 424K, 17% free 10270K/12359K, paused 1ms+11ms
06-08 17:16:32.410   151  6429 I AudioService:  AudioFocus  requestAudioFocus() from android.media.AudioManager@41681f88
06-08 17:16:32.422   151  6428 I AudioService:  AudioFocus  abandonAudioFocus() from android.media.AudioManager@41681f88
06-08 17:16:32.500   151   374 I ActivityManager: Process com.google.android.gallery3d (pid 5627) has died.
06-08 17:16:32.531   559   677 D androidNetworkLocationListeners: Still have listener com.google.android.location.internal.client.NetworkLocationClient$1@41361cd0
06-08 17:16:32.543   559   677 D androidNetworkLocationListeners: Still have listener com.google.android.location.internal.client.NetworkLocationClient$1@41361cd0
06-08 17:16:32.617   470   473 D dalvikvm: GC_CONCURRENT freed 402K, 7% free 9496K/10119K, paused 14ms+3ms
06-08 17:16:32.648  6279  6279 D CarHome : updateColors()
06-08 17:16:32.648  6279  6279 D CarHome : android.support.v4.view.l@413fee48
06-08 17:16:32.652  6279  6279 D CarHome : android.support.v4.view.l@41407318
06-08 17:16:32.656  6279  6279 D CarHome : android.support.v4.view.l@414101c0
06-08 17:16:32.679   559   677 D androidNetworkLocationListeners: Still have listener com.google.android.location.internal.client.NetworkLocationClient$1@41361cd0
06-08 17:16:32.761   389   391 D dalvikvm: GC_CONCURRENT freed 237K, 16% free 10422K/12359K, paused 11ms+4ms
06-08 17:16:32.855   389   391 D dalvikvm: GC_CONCURRENT freed 360K, 15% free 10552K/12359K, paused 2ms+2ms
06-08 17:16:32.953   389   391 D dalvikvm: GC_CONCURRENT freed 434K, 15% free 10587K/12359K, paused 3ms+3ms
06-08 17:16:33.043   389   391 D dalvikvm: GC_CONCURRENT freed 621K, 16% free 10487K/12359K, paused 1ms+3ms
06-08 17:16:37.144   151   153 D dalvikvm: GC_CONCURRENT freed 1365K, 25% free 14078K/18695K, paused 4ms+6ms
06-08 17:18:44.039   389   389 I PowerUI : updating low battery warning: level=13 [-1]
06-08 17:19:56.031   389   389 I PowerUI : updating low battery warning: level=13 [-1]
06-08 17:21:28.031   389   389 I PowerUI : updating low battery warning: level=13 [-1]
06-08 17:21:28.918   559  1362 I EventLogService: Aggregate from 1339188688802 (log), 1339188688802 (data)
06-08 17:21:29.039   559   561 D dalvikvm: GC_CONCURRENT freed 421K, 11% free 10685K/11975K, paused 15ms+3ms
06-08 17:22:39.047   151   206 I power   : *** set_screen_state 1
06-08 17:22:39.047   389   389 I PowerUI : updating low battery warning: level=13 [-1]
06-08 17:22:39.050   151   201 I WindowManager: No lock screen!
06-08 17:22:39.246    79   118 D SurfaceFlinger: Screen about to return, flinger = 0x1061918
06-08 17:22:39.328   559   677 D androidNetworkLocationListeners: Still have listener com.google.android.location.internal.client.NetworkLocationClient$1@41361cd0
06-08 17:22:39.394  6279  6279 D CarHome : updateColors()
06-08 17:22:39.394  6279  6279 D CarHome : android.support.v4.view.l@413fee48
06-08 17:22:39.394  6279  6279 D CarHome : android.support.v4.view.l@41407318
06-08 17:22:39.398  6279  6279 D CarHome : android.support.v4.view.l@414101c0
06-08 17:22:39.457   559   677 D androidNetworkLocationListeners: Still have listener com.google.android.location.internal.client.NetworkLocationClient$1@41361cd0
06-08 17:22:39.547   389   389 D dalvikvm: GC_FOR_ALLOC freed 577K, 17% free 10283K/12359K, paused 18ms
06-08 17:22:39.582   389   389 D dalvikvm: GC_FOR_ALLOC freed 374K, 17% free 10263K/12359K, paused 18ms
06-08 17:22:39.644   389   391 D dalvikvm: GC_CONCURRENT freed 311K, 16% free 10399K/12359K, paused 2ms+3ms
06-08 17:22:39.781   389   391 D dalvikvm: GC_CONCURRENT freed 498K, 17% free 10290K/12359K, paused 2ms+4ms
06-08 17:22:41.050  6279  6281 D dalvikvm: GC_CONCURRENT freed 445K, 6% free 9991K/10567K, paused 2ms+4ms
06-08 17:22:42.101   559   690 I System.out: [INFO:10884548]: LogSource: Running flush
06-08 17:22:42.152   559   692 I System.out: [INFO:10884588]: LogSource: Sending payload [bytes=278]
06-08 17:22:43.836   559   692 I System.out: [INFO:10886283]: LogSource: Response [http=200,length=222]
06-08 17:22:43.840   559   690 I System.out: [INFO:10886285]: LogSource: Read id 9, status code 200
06-08 17:22:43.875  6279  6281 D dalvikvm: GC_CONCURRENT freed 438K, 6% free 9999K/10567K, paused 7ms+8ms
06-08 17:22:44.726   559   561 D dalvikvm: GC_CONCURRENT freed 428K, 11% free 10691K/11975K, paused 111ms+66ms
06-08 17:22:46.527  6279  6281 D dalvikvm: GC_CONCURRENT freed 437K, 6% free 9996K/10567K, paused 1ms+4ms
06-08 17:22:46.890    82   122 D AudioHardware: AudioHardware pcm playback is exiting standby.
06-08 17:22:46.890    82   122 D AudioHardware: openPcmOut_l() mPcmOpenCnt: 0
06-08 17:22:46.894   389   389 V PhoneStatusBar: setLightsOn(true)
06-08 17:22:46.996   151   162 W InputManagerService: Window already focused, ignoring focus gain of: com.android.internal.view.IInputMethodClient$Stub$Proxy@41420460
06-08 17:22:48.879   559   677 D androidNetworkLocationListeners: Still have listener com.google.android.location.internal.client.NetworkLocationClient$1@41361cd0
06-08 17:22:49.199   389   389 D dalvikvm: GC_FOR_ALLOC freed 524K, 18% free 10142K/12359K, paused 76ms
06-08 17:22:49.203  6279  6279 D OpenGLRenderer: Flushing caches (mode 0)
06-08 17:22:49.750  6279  6279 D OpenGLRenderer: Flushing caches (mode 1)
06-08 17:22:49.757   151   552 I ActivityManager: Process com.google.android.apps.maps:FriendService (pid 6245) has died.
06-08 17:22:51.937    82   122 D AudioHardware: AudioHardware pcm playback is going to standby.
06-08 17:22:51.937    82   122 D AudioHardware: closePcmOut_l() mPcmOpenCnt: 1
06-08 17:22:53.293   151   197 I power   : *** set_screen_state 0
06-08 17:22:53.355    79   118 D SurfaceFlinger: About to give-up screen, flinger = 0x1061918
06-08 17:22:53.433   485  1668 D NfcService: NFC-C OFF, disconnect
06-08 17:22:53.515   151   153 D dalvikvm: GC_CONCURRENT freed 759K, 23% free 14582K/18695K, paused 4ms+5ms
06-08 17:22:53.527   151   201 V TransportControlView: Create TCV com.android.internal.widget.TransportControlView@41704070
06-08 17:22:53.570   389   389 D PhoneStatusBar: disable: < expand icons alerts ticker system_info back home RECENT* clock >
06-08 17:22:53.590    82   122 D AudioHardware: AudioHardware pcm playback is exiting standby.
06-08 17:22:53.590    82   122 D AudioHardware: openPcmOut_l() mPcmOpenCnt: 0
06-08 17:22:53.621   389   389 D PhoneStatusBar: disable: < expand icons alerts ticker system_info BACK* HOME* RECENT CLOCK* >
06-08 17:22:55.367   151  5704 I ActivityManager: Process com.google.android.apps.uploader (pid 5647) has died.
06-08 17:22:55.461   151  5704 D dalvikvm: GC_FOR_ALLOC freed 129K, 21% free 14799K/18695K, paused 51ms
06-08 17:22:55.461   151  5704 I dalvikvm-heap: Grow heap (frag case) to 14.650MB for 129616-byte allocation
06-08 17:22:55.507   151  5704 D dalvikvm: GC_FOR_ALLOC freed 7K, 21% free 14918K/18823K, paused 45ms
06-08 17:22:56.750    82   122 D AudioHardware: AudioHardware pcm playback is going to standby.
06-08 17:22:56.750    82   122 D AudioHardware: closePcmOut_l() mPcmOpenCnt: 1
06-08 17:23:23.453  6279  6279 D OpenGLRenderer: Flushing caches (mode 1)
06-08 17:23:23.464  2685  2685 D OpenGLRenderer: Flushing caches (mode 2)
06-08 17:23:23.500  2685  2685 D OpenGLRenderer: Flushing caches (mode 0)
06-08 17:23:23.500  2685  2685 D OpenGLRenderer: Flushing caches (mode 0)
06-08 17:23:23.500  2685  2685 W ManagedEGLContext: doTerminate failed: EGL count is 3 but managed count is 1
06-08 17:27:14.015  1353  1353 I wpa_supplicant: wlan0: CTRL-EVENT-DISCONNECTED bssid=d0:c2:82:66:6f:41 reason=0
06-08 17:27:14.035    76   114 D CommandListener: Clearing all IP addresses on wlan0
06-08 17:27:14.054   151   313 D ConnectivityService: ConnectivityChange for WIFI: DISCONNECTED/DISCONNECTED
06-08 17:27:14.062  6279  6279 D OpenGLRenderer: Flushing caches (mode 1)
06-08 17:27:14.066  2685  2685 D OpenGLRenderer: Flushing caches (mode 2)
06-08 17:27:14.066  2685  2685 D OpenGLRenderer: Flushing caches (mode 0)
06-08 17:27:14.066  2685  2685 D OpenGLRenderer: Flushing caches (mode 0)
06-08 17:27:14.066  2685  2685 W ManagedEGLContext: doTerminate failed: EGL count is 3 but managed count is 1
06-08 17:27:14.082   151   313 D ConnectivityService: Attempting to switch to mobile
06-08 17:27:14.093   151   313 D ConnectivityService: Attempting to switch to WIMAX
06-08 17:27:14.117   151   313 D ConnectivityService: Attempting to switch to BLUETOOTH_TETHER
06-08 17:27:14.121   151   313 E ConnectivityService: Exception trying to remove a route: java.lang.IllegalStateException: Unable to communicate with native dameon to add routes - com.android.server.NativeDaemonConnectorException: Cmd {interface route remove wlan0 default 128.205.63.254 32 0.0.0.0} failed with code 400 : {Failed to remove route from default table (No such process)}
06-08 17:27:14.125   151   313 D NetUtils: android_net_utils_resetConnections in env=0x891dc0 clazz=0x8d300001 iface=wlan0 mask=0x3
06-08 17:27:14.125   151   313 E ConnectivityService: Exception trying to remove a route: java.lang.IllegalStateException: Unable to communicate with native dameon to add routes - com.android.server.NativeDaemonConnectorException: Cmd {interface route remove wlan0 default 0.0.0.0 0 128.205.63.254} failed with code 400 : {Failed to remove route from default table (No such process)}
06-08 17:27:14.125   151   313 D ConnectivityService: resetConnections(wlan0, 3)
06-08 17:27:14.250   559  5874 W Smack/Packet: notify conn break (IOEx), close connection
06-08 17:27:14.406   559  5874 I qtaguid : Failed write_ctrl(u 76) res=-1 errno=22
06-08 17:27:14.406   559  5874 I qtaguid : Untagging socket 76 failed errno=-22
06-08 17:27:14.406   559  5874 W NetworkManagementSocketTagger: untagSocket(76) failed with errno -22
06-08 17:27:14.437   151   313 D ConnectivityService: handleInetConditionChange: no active default network - ignore
06-08 17:27:14.746  1353  1353 I wpa_supplicant: wlan0: Trying to associate with d0:c2:82:2d:e5:b0 (SSID='UB_Secure' freq=2437 MHz)
06-08 17:27:17.215   151   316 D Tethering: MasterInitialState.processMessage what=3
06-08 17:27:17.254  6279  6279 D OpenGLRenderer: Flushing caches (mode 2)
06-08 17:27:17.359  2685  2685 D OpenGLRenderer: Flushing caches (mode 2)
06-08 17:27:17.359  2685  2685 D OpenGLRenderer: Flushing caches (mode 0)
06-08 17:27:17.367  2685  2685 D OpenGLRenderer: Flushing caches (mode 0)
06-08 17:27:17.367  2685  2685 W ManagedEGLContext: doTerminate failed: EGL count is 3 but managed count is 1
06-08 17:27:17.390   151  4679 I ActivityManager: Start proc com.google.android.gallery3d for broadcast com.google.android.gallery3d/com.google.android.picasasync.ConnectivityReceiver: pid=6461 uid=10017 gids={3003, 1015}
06-08 17:27:17.550  6461  6461 I ActivityThread: Pub com.google.android.gallery3d.GooglePhotoProvider: com.google.android.picasasync.PicasaContentProvider
06-08 17:27:17.699  6461  6462 D dalvikvm: GC_CONCURRENT freed 418K, 6% free 9118K/9607K, paused 13ms+4ms
06-08 17:27:17.757  6461  6461 I ActivityThread: Pub com.google.android.gallery3d.provider: com.android.gallery3d.provider.GalleryProvider
06-08 17:27:17.816  6461  6462 D dalvikvm: GC_CONCURRENT freed 396K, 5% free 9201K/9671K, paused 1ms+8ms
06-08 17:27:17.890  6461  6461 D UploadsManager: load newPhotoTracker: null
06-08 17:27:17.890  6461  6461 D UploadsManager: load all accounts: null
06-08 17:27:17.890  6461  6461 D UploadsManager: load all account-album pairs: null
06-08 17:27:17.894  6461  6461 V PicasaContentProvider: querySettings: defaults: {sync_on_wifi_only=1, auto_upload_account_type=null, sync_on_battery=1, sync_picasa_on_wifi_only=1, auto_upload_enabled=0, video_upload_wifi_only=1, sync_on_roaming=0, auto_upload_account_name=null}
06-08 17:27:17.906  6461  6461 D UploadsManager:    settings not changed
06-08 17:27:17.933  6461  6474 D PicasaSync: sync account database
06-08 17:27:18.007   151  1038 D dalvikvm: GC_EXPLICIT freed 704K, 22% free 14703K/18823K, paused 6ms+6ms
06-08 17:27:18.070  6461  6474 D PicasaSync: accounts in DB=1
06-08 17:27:18.070  6461  6474 V PicasaContentProvider: querySettings: defaults: {sync_on_wifi_only=1, auto_upload_account_type=null, sync_on_battery=1, sync_picasa_on_wifi_only=1, auto_upload_enabled=0, video_upload_wifi_only=1, sync_on_roaming=0, auto_upload_account_name=null}
06-08 17:27:18.070  6461  6474 D PicasaSyncManager: active network: null
06-08 17:27:18.070  6461  6474 D PicasaSyncManager: background data: true
06-08 17:27:18.129   151   552 I ActivityManager: Start proc com.google.android.apps.uploader for broadcast com.google.android.apps.uploader/.ConnectivityBroadcastReceiver: pid=6477 uid=10031 gids={3003}
06-08 17:27:18.164  6477  6477 I dalvikvm: Turning on JNI app bug workarounds for target SDK version 11...
06-08 17:27:18.207  6461  6474 D PicasaSyncManager: battery info: false
06-08 17:27:18.218  6477  6477 I ActivityThread: Pub com.google.android.apps.uploader: com.google.android.apps.uploader.UploadsContentProvider
06-08 17:27:18.218  6477  6477 I ActivityThread: Pub com.google.photos.provider.Album: com.google.android.apps.uploader.clients.picasa.AlbumProvider
06-08 17:27:18.226  6477  6477 D MediaUploader: UploaderApplication.onCreate
06-08 17:27:18.281  6477  6477 D MediaUploader: nonWifiLimit=20971520, default=20971520
06-08 17:27:18.285  6477  6477 I MediaUploader: No need to wake up
06-08 17:27:18.289  2137  2137 I PhoneLab-WiFiReceiver: Wi-Fi is disconnected!
06-08 17:27:20.859   151   313 D ConnectivityService: ConnectivityChange for mobile: CONNECTED/CONNECTED
06-08 17:27:20.933   151   308 D NetworkPolicy: applying policy NetworkPolicy[NetworkTemplate: matchRule=MOBILE_ALL, subscriberId=valid]: cycleDay=8, warningBytes=2147483648, limitBytes=-1, lastSnooze=-1 to ifaces [rmnet0]
06-08 17:27:21.859   151   313 D ConnectivityService: NetTransition Wakelock for WifiStateMachine released by timeout
06-08 17:27:24.078   151   167 I power   : *** set_screen_state 1
06-08 17:27:24.148  2137  2137 I PhoneLab-PowerOnReceiver: Power is plugged in!
06-08 17:27:24.148  2137  2137 I PhoneLab-PowerOnReceiver: Rescheduling periodic checking...
06-08 17:27:24.168   559   677 D androidNetworkLocationListeners: Still have listener com.google.android.location.internal.client.NetworkLocationClient$1@41361cd0
06-08 17:27:24.168   559   677 D androidNetworkLocationListeners: Still have listener com.google.android.location.internal.client.NetworkLocationClient$1@41361cd0
06-08 17:27:24.175   389   389 W PowerUI : unknown intent: Intent { act=android.intent.action.ACTION_POWER_CONNECTED flg=0x10000010 }
06-08 17:27:24.191   151   201 I WindowManager: Lock screen displayed!
06-08 17:27:24.214   559  1658 I WifiLocationEstimator: Not returning location for the following outliers: [229533826278832]
06-08 17:27:24.269    79   118 D SurfaceFlinger: Screen about to return, flinger = 0x1061918
06-08 17:27:24.300  2137  2137 I PhoneLab-Locks: wake lock acquired
06-08 17:27:24.336  2137  2137 I PhoneLab-UploadLogs: Transfering log files now
06-08 17:27:24.336  2137  2137 I PhoneLab-UploadLogs: No log files to transfer
06-08 17:27:24.336  2137  2137 I PhoneLab-Locks: wake lock released
06-08 17:27:24.339  2137  2137 I PhoneLab-UploadLogs: OnStartCommand
06-08 17:27:24.476   389   391 D dalvikvm: GC_CONCURRENT freed 395K, 18% free 10160K/12359K, paused 7ms+5ms
06-08 17:27:24.562   559   561 D dalvikvm: GC_CONCURRENT freed 579K, 11% free 10668K/11975K, paused 3ms+10ms
06-08 17:27:24.796   389   391 D dalvikvm: GC_CONCURRENT freed 45K, 15% free 10599K/12359K, paused 2ms+4ms
06-08 17:27:24.941  1353  1353 I wpa_supplicant: wlan0: Authentication with d0:c2:82:2d:e5:b0 timed out.
06-08 17:27:25.027   389   389 D dalvikvm: GC_FOR_ALLOC freed 530K, 16% free 10436K/12359K, paused 43ms
06-08 17:27:25.058   389   436 I StorageNotification: UMS connection changed to true (media state mounted)
06-08 17:27:25.168   389   436 I StorageNotification: UMS connection changed to true (media state mounted)
06-08 17:27:25.355   389   391 D dalvikvm: GC_CONCURRENT freed 89K, 13% free 10785K/12359K, paused 7ms+7ms
06-08 17:27:25.507   151   316 D Tethering: MasterInitialState.processMessage what=3
06-08 17:27:25.550   559   559 I GTalkService/c: [AndroidEndpoint@1094371424] connect: acct=1000000, state=CONNECTING
06-08 17:27:25.554   559   559 I GTalkService/c: [GTalkConnection@1094665464] connect: acct=1, state=CONNECTING
06-08 17:27:25.609  6477  6477 I MediaUploader: No need to wake up
06-08 17:27:25.625  6461  6474 D PicasaSyncManager: active network: NetworkInfo: type: mobile[CDMA - EvDo rev. 0], state: CONNECTED/CONNECTED, reason: (unspecified), extra: , roaming: false, failover: true, isAvailable: true
06-08 17:27:25.644  6461  6474 D PicasaSyncManager: background data: true
06-08 17:27:26.058   389   389 D PhoneStatusBar: disable: < expand icons alerts ticker system_info BACK HOME recent* CLOCK >
06-08 17:27:26.062   485  5549 D NfcService: NFC-C ON
06-08 17:27:26.086    82   122 D AudioHardware: AudioHardware pcm playback is exiting standby.
06-08 17:27:26.086    82   122 D AudioHardware: openPcmOut_l() mPcmOpenCnt: 0
06-08 17:27:26.086   389   389 D PhoneStatusBar: disable: < expand icons alerts ticker system_info back* home* recent clock* >
06-08 17:27:26.097   151  1037 W InputManagerService: Window already focused, ignoring focus gain of: com.android.internal.view.IInputMethodClient$Stub$Proxy@41502060
06-08 17:27:26.472   151  5704 I AudioService:  AudioFocus  requestAudioFocus() from android.media.AudioManager@4189e1b8
06-08 17:27:26.484  1353  1353 I wpa_supplicant: wlan0: Trying to associate with d0:c2:82:67:e7:61 (SSID='UB_Wireless' freq=2412 MHz)
06-08 17:27:26.605  1353  1353 I wpa_supplicant: wlan0: Associated with d0:c2:82:67:e7:61
06-08 17:27:26.605  1353  1353 I wpa_supplicant: wlan0: CTRL-EVENT-CONNECTED - Connection to d0:c2:82:67:e7:61 completed (reauth) [id=0 id_str=]
06-08 17:27:27.375  3367  3387 D NetworkSynthesizer: [1094057192] :Timed out executing network fetch : java.util.concurrent.TimeoutException
06-08 17:27:28.082  2137  2241 I PhoneLab-: Service Running
06-08 17:27:28.230  2137  2241 I PhoneLab-LoggerService: app_38    1301  1     1788   1344  c00f181c 400107b4 S logcat
06-08 17:27:28.230  2137  2241 I PhoneLab-LoggerService: Logcat pid from database 1301
06-08 17:27:28.230  2137  2241 I PhoneLab-LoggerService: Logcat process found 1301
06-08 17:27:28.230  2137  2241 I PhoneLab-LoggerService: Checking Threshold
06-08 17:27:28.230  2137  2241 I PhoneLab-: Service Running
06-08 17:27:28.308  2137  2241 I PhoneLab-LoggerService: app_38    1301  1     1788   1344  c00f181c 400107b4 S logcat
06-08 17:27:28.308  2137  2241 I PhoneLab-LoggerService: Logcat pid from database 1301
06-08 17:27:28.308  2137  2241 I PhoneLab-LoggerService: Logcat process found 1301
06-08 17:27:28.308  2137  2241 I PhoneLab-LoggerService: Checking Threshold
06-08 17:27:28.308  2137  2241 I PhoneLab-: Service Running
06-08 17:27:28.332   151   666 I AudioService:  AudioFocus  abandonAudioFocus() from android.media.AudioManager@4189e1b8
06-08 17:27:28.363  2137  2241 I PhoneLab-LoggerService: app_38    1301  1     1788   1344  c00f181c 400107b4 S logcat
06-08 17:27:28.363  2137  2241 I PhoneLab-LoggerService: Logcat pid from database 1301
06-08 17:27:28.363  2137  2241 I PhoneLab-LoggerService: Logcat process found 1301
06-08 17:27:28.363  2137  2241 I PhoneLab-LoggerService: Checking Threshold
06-08 17:27:28.363  2137  2241 I PhoneLab-: Service Running
06-08 17:27:28.402  2137  2138 D dalvikvm: GC_CONCURRENT freed 403K, 14% free 9147K/10631K, paused 4ms+2ms
06-08 17:27:28.488  2137  2241 I PhoneLab-LoggerService: app_38    1301  1     1788   1344  c00f181c 400107b4 S logcat
06-08 17:27:28.488  2137  2241 I PhoneLab-LoggerService: Logcat pid from database 1301
06-08 17:27:28.488  2137  2241 I PhoneLab-LoggerService: Logcat process found 1301
06-08 17:27:28.488  2137  2241 I PhoneLab-LoggerService: Checking Threshold
06-08 17:27:28.492  2137  2241 I PhoneLab-: Service Running
06-08 17:27:28.527  2137  2241 I PhoneLab-LoggerService: app_38    1301  1     1788   1344  c00f181c 400107b4 S logcat
06-08 17:27:28.527  2137  2241 I PhoneLab-LoggerService: Logcat pid from database 1301
06-08 17:27:28.531  2137  2241 I PhoneLab-LoggerService: Logcat process found 1301
06-08 17:27:28.531  2137  2241 I PhoneLab-LoggerService: Checking Threshold
06-08 17:27:28.531  2137  2241 I PhoneLab-: Service Running
06-08 17:27:28.574  2137  2241 I PhoneLab-LoggerService: app_38    1301  1     1788   1344  c00f181c 400107b4 S logcat
06-08 17:27:28.574  2137  2241 I PhoneLab-LoggerService: Logcat pid from database 1301
06-08 17:27:28.574  2137  2241 I PhoneLab-LoggerService: Logcat process found 1301
06-08 17:27:28.574  2137  2241 I PhoneLab-LoggerService: Checking Threshold
06-08 17:27:28.574  2137  2241 I PhoneLab-: Service Running
06-08 17:27:28.605  2137  2241 I PhoneLab-LoggerService: app_38    1301  1     1788   1344  c00f181c 400107b4 S logcat
06-08 17:27:28.605  2137  2241 I PhoneLab-LoggerService: Logcat pid from database 1301
06-08 17:27:28.605  2137  2241 I PhoneLab-LoggerService: Logcat process found 1301
06-08 17:27:28.605  2137  2241 I PhoneLab-LoggerService: Checking Threshold
06-08 17:27:28.605  2137  2241 I PhoneLab-: Service Running
06-08 17:27:28.640  2137  2241 I PhoneLab-LoggerService: app_38    1301  1     1788   1344  c00f181c 400107b4 S logcat
06-08 17:27:28.640  2137  2241 I PhoneLab-LoggerService: Logcat pid from database 1301
06-08 17:27:28.640  2137  2241 I PhoneLab-LoggerService: Logcat process found 1301
06-08 17:27:28.640  2137  2241 I PhoneLab-LoggerService: Checking Threshold
06-08 17:27:28.640  2137  2241 I PhoneLab-: Service Running
06-08 17:27:28.671  2137  2241 I PhoneLab-LoggerService: app_38    1301  1     1788   1344  c00f181c 400107b4 S logcat
06-08 17:27:28.671  2137  2241 I PhoneLab-LoggerService: Logcat pid from database 1301
06-08 17:27:28.671  2137  2241 I PhoneLab-LoggerService: Logcat process found 1301
06-08 17:27:28.671  2137  2241 I PhoneLab-LoggerService: Checking Threshold
06-08 17:27:31.316    82   122 D AudioHardware: AudioHardware pcm playback is going to standby.
06-08 17:27:31.316    82   122 D AudioHardware: closePcmOut_l() mPcmOpenCnt: 1
06-08 17:27:31.625   151   313 D ConnectivityService: ConnectivityChange for WIFI: CONNECTED/CONNECTED
06-08 17:27:31.625   151   313 D ConnectivityService: Policy requires mobile teardown
06-08 17:27:31.644  2137  2137 I PhoneLab-WiFiReceiver: Wi-Fi is connected!
06-08 17:27:31.652  2137  2137 I PhoneLab-WiFiReceiver: SSID: UB_Wireless BSSID: d0:c2:82:67:e7:61 RSSI: -89 LinkSpeed: -1
06-08 17:27:31.652  2137  2137 I PhoneLab-Locks: wake lock acquired
06-08 17:27:31.668  2137  2137 I PhoneLab-UploadLogs: Transfering log files now
06-08 17:27:31.668  2137  2137 I PhoneLab-UploadLogs: No log files to transfer
06-08 17:27:31.668  2137  2137 I PhoneLab-Locks: wake lock released
06-08 17:27:31.691  2137  2137 I PhoneLab-UploadLogs: OnStartCommand
06-08 17:27:31.714   151   313 D ConnectivityService: ConnectivityChange for mobile: DISCONNECTED/DISCONNECTED
06-08 17:27:31.714   151   313 D ConnectivityService: Attempting to switch to WIFI
06-08 17:27:31.714   151   313 D ConnectivityService: Attempting to switch to WIMAX
06-08 17:27:31.714   151   313 D ConnectivityService: Attempting to switch to BLUETOOTH_TETHER
06-08 17:27:31.734   151   313 D NetUtils: android_net_utils_resetConnections in env=0x891dc0 clazz=0xadf00001 iface=rmnet0 mask=0x3
06-08 17:27:31.734   151   313 D ConnectivityService: resetConnections(rmnet0, 3)
06-08 17:27:31.757   151   307 W NetworkStats: dropping UID delta from unknown iface: iface=wlan0 uid=0 set=DEFAULT tag=0x0 rxBytes=0 rxPackets=0 txBytes=272 txPackets=4 operations=0
06-08 17:27:31.847   151   153 D dalvikvm: GC_CONCURRENT freed 1334K, 22% free 14791K/18823K, paused 7ms+11ms
06-08 17:27:31.976   559  1011 E GTalkService: connectionClosed: no XMPPConnection - That's strange!
06-08 17:27:31.976   151   313 D ConnectivityService: handleInetConditionChange: net=0 != default=1 - ignore
06-08 17:27:32.214   559  1011 E GTalkService: connectionClosed: no XMPPConnection - That's strange!
06-08 17:27:33.308   151  4678 I ActivityManager: START {act=android.intent.action.VIEW dat=google.navigation:///?ll=42.994948,-78.686290&q=8186 Melissa Renee Ct
06-08 17:27:33.308   151  4678 I ActivityManager: Buffalo, NY 14221&token=FQQNkAIdrldP-ykxNDFZ2XXTiTEkIco8Ur4X1Q&opt=4:0,5:0 flg=0x10000000 cmp=com.google.android.apps.maps/com.google.android.maps.driveabout.app.NavigationActivity bnds=[0,410][480,506]} from pid -1
06-08 17:27:33.316    82   122 D AudioHardware: AudioHardware pcm playback is exiting standby.
06-08 17:27:33.316    82   122 D AudioHardware: openPcmOut_l() mPcmOpenCnt: 0
06-08 17:27:33.371   151  1035 W KeyguardViewMediator: verifyUnlock called when not externally disabled
06-08 17:27:33.836  2685  2687 D dalvikvm: GC_CONCURRENT freed 1831K, 15% free 19939K/23239K, paused 12ms+10ms
06-08 17:27:33.886   151   167 I Process : Sending signal. PID: 2685 SIG: 3
06-08 17:27:33.886  2685  2690 I dalvikvm: threadid=3: reacting to signal 3
06-08 17:27:34.004  2685  2690 I dalvikvm: Wrote stack traces to '/data/anr/traces.txt'
06-08 17:27:34.132  2685  2685 W Settings: Setting location_providers_allowed has moved from android.provider.Settings.System to android.provider.Settings.Secure, returning read-only value.
06-08 17:27:34.144  1696  1696 D OpenGLRenderer: Flushing caches (mode 1)
06-08 17:27:34.246  2685  2685 D dalvikvm: GC_EXPLICIT freed 200K, 14% free 20065K/23239K, paused 9ms+9ms
06-08 17:27:34.308  2137  2137 I PhoneLab-Locks: wake lock acquired
06-08 17:27:34.316  2137  6542 I PhoneLab-PeriodicCheckService: User info is synched
06-08 17:27:34.320  2137  6542 I PhoneLab-PeriodicCheckService: Logger Service is running
06-08 17:27:34.328  2137  2137 I PhoneLab-Locks: wake lock acquired
06-08 17:27:34.332  2137  2137 I PhoneLab-StatusMonitor: Status Monitoring is started
06-08 17:27:34.336  2137  6542 I PhoneLab-Locks: wake lock acquired
06-08 17:27:34.339  2137  2137 E PhoneLab-PhoneLabManifest: java.io.FileNotFoundException: /data/data/edu.buffalo.cse.phonelab.phonelabservices/files/manifest.xml: open failed: ENOENT (No such file or directory)
06-08 17:27:34.339  2137  6542 I PhoneLab-PeriodicCheckService: Rescheduling periodic checking...
06-08 17:27:34.343  2137  6542 I PhoneLab-Locks: wake lock released
06-08 17:27:34.363  2137  2137 I PhoneLab-Locks: wake lock released
06-08 17:27:34.367  2137  2137 I PhoneLab-UploadLogs: Transfering log files now
06-08 17:27:34.367  2137  2137 I PhoneLab-UploadLogs: No log files to transfer
06-08 17:27:34.367  2137  2137 I PhoneLab-Locks: wake lock released
06-08 17:27:34.371  2137  2137 I PhoneLab-UploadLogs: OnStartCommand
06-08 17:27:34.375   151   167 I Process : Sending signal. PID: 2685 SIG: 3
06-08 17:27:34.375  2685  2690 I dalvikvm: threadid=3: reacting to signal 3
06-08 17:27:34.406  2685  2690 I dalvikvm: Wrote stack traces to '/data/anr/traces.txt'
06-08 17:27:34.703   151   316 D Tethering: MasterInitialState.processMessage what=3
06-08 17:27:34.714   559   559 I GTalkService/c: [AndroidEndpoint@1094371424] connect: acct=1000000, state=CONNECTING
06-08 17:27:34.742   559   559 I GTalkService/c: [GTalkConnection@1094665464] connect: acct=1, state=CONNECTING
06-08 17:27:34.800   151   316 D Tethering: MasterInitialState.processMessage what=3
06-08 17:27:34.812   151   316 D Tethering: MasterInitialState.processMessage what=3
06-08 17:27:34.859  6461  6474 D PicasaSyncManager: active network: NetworkInfo: type: WIFI[], state: CONNECTED/CONNECTED, reason: (unspecified), extra: (none), roaming: false, failover: false, isAvailable: true
06-08 17:27:34.859  6461  6474 D PicasaSyncManager: background data: true
06-08 17:27:34.875   151   167 I Process : Sending signal. PID: 2685 SIG: 3
06-08 17:27:34.875  2685  2690 I dalvikvm: threadid=3: reacting to signal 3
06-08 17:27:34.918  2685  2690 I dalvikvm: Wrote stack traces to '/data/anr/traces.txt'
06-08 17:27:34.961   559   561 D dalvikvm: GC_CONCURRENT freed 430K, 11% free 10684K/11975K, paused 5ms+5ms
06-08 17:27:35.046  6477  6477 I MediaUploader: No need to wake up
06-08 17:27:35.246  6477  6477 I MediaUploader: No need to wake up
06-08 17:27:35.464  6477  6477 I MediaUploader: No need to wake up
06-08 17:27:35.504  1696  1696 D OpenGLRenderer: Flushing caches (mode 0)
06-08 17:27:35.574  2137  2138 D dalvikvm: GC_CONCURRENT freed 412K, 15% free 9124K/10631K, paused 4ms+16ms
06-08 17:27:35.734   151   493 I ActivityManager: Process android.process.acore (pid 6364) has died.
06-08 17:27:35.781  6461  6474 D PicasaSyncManager: active network: NetworkInfo: type: WIFI[], state: CONNECTED/CONNECTED, reason: (unspecified), extra: (none), roaming: false, failover: false, isAvailable: true
06-08 17:27:35.781  6461  6474 D PicasaSyncManager: background data: true
06-08 17:27:35.824   470   912 D dalvikvm: GC_EXPLICIT freed 243K, 7% free 9497K/10119K, paused 673ms+12ms
06-08 17:27:36.414    82   122 D AudioHardware: AudioHardware pcm playback is going to standby.
06-08 17:27:36.414    82   122 D AudioHardware: closePcmOut_l() mPcmOpenCnt: 1
06-08 17:27:38.191    82   122 D AudioHardware: AudioHardware pcm playback is exiting standby.
06-08 17:27:38.191    82   122 D AudioHardware: openPcmOut_l() mPcmOpenCnt: 0
06-08 17:27:38.363   559   677 D androidNetworkLocationListeners: Still have listener com.google.android.location.internal.client.NetworkLocationClient$1@41361cd0
06-08 17:27:38.375   389   391 D dalvikvm: GC_CONCURRENT freed 627K, 14% free 10731K/12359K, paused 10ms+9ms
06-08 17:27:38.476   559  1658 I WifiLocationEstimator: Not returning location for the following outliers: [229533826278832]
06-08 17:27:38.711   389   391 D dalvikvm: GC_CONCURRENT freed 690K, 15% free 10536K/12359K, paused 2ms+3ms
06-08 17:27:38.746   151   167 I Process : Sending signal. PID: 2685 SIG: 3
06-08 17:27:38.746  2685  2690 I dalvikvm: threadid=3: reacting to signal 3
06-08 17:27:38.746   151   167 W ActivityManager: Activity pause timeout for ActivityRecord{4137f138 com.google.android.apps.maps/com.google.android.maps.driveabout.app.NavigationActivity}
06-08 17:27:38.796  2685  2690 I dalvikvm: Wrote stack traces to '/data/anr/traces.txt'
06-08 17:27:38.832   389   391 D dalvikvm: GC_CONCURRENT freed 550K, 16% free 10478K/12359K, paused 2ms+4ms
06-08 17:27:39.066   151   151 I ActivityManager: Process com.google.android.apps.maps (pid 2685) has died.
06-08 17:27:39.066   151  5704 I WindowManager: WIN DEATH: Window{41b22388 com.google.android.apps.maps/com.google.android.maps.MapsActivity paused=false}
06-08 17:27:39.086   151  5704 W WindowManager: Force-removing child win Window{413b7fa0 SurfaceView paused=false} from container Window{41b22388 com.google.android.apps.maps/com.google.android.maps.MapsActivity paused=false}
06-08 17:27:39.089   151  1008 I WindowManager: WIN DEATH: Window{41413b38 SurfaceView paused=false}
06-08 17:27:39.113   151  4679 W WindowManager: Failed looking up window
06-08 17:27:39.113   151  4679 W WindowManager: java.lang.IllegalArgumentException: Requested window android.os.BinderProxy@41808030 does not exist
06-08 17:27:39.113   151  4679 W WindowManager: 	at com.android.server.wm.WindowManagerService.windowForClientLocked(WindowManagerService.java:7163)
06-08 17:27:39.113   151  4679 W WindowManager: 	at com.android.server.wm.WindowManagerService.windowForClientLocked(WindowManagerService.java:7154)
06-08 17:27:39.113   151  4679 W WindowManager: 	at com.android.server.wm.WindowState$DeathRecipient.binderDied(WindowState.java:1545)
06-08 17:27:39.113   151  4679 W WindowManager: 	at android.os.BinderProxy.sendDeathNotice(Binder.java:417)
06-08 17:27:39.113   151  4679 W WindowManager: 	at dalvik.system.NativeStart.run(Native Method)
06-08 17:27:39.113   151  4679 I WindowManager: WIN DEATH: null
06-08 17:27:39.113   151  1035 I WindowManager: WIN DEATH: Window{4174cf20 com.google.android.apps.maps/com.google.android.maps.driveabout.app.NavigationActivity paused=false}
06-08 17:27:39.113   151   162 I WindowManager: WIN DEATH: Window{41614060 com.google.android.apps.maps/com.google.android.maps.driveabout.app.NavigationActivity paused=false}
06-08 17:27:39.121   151   151 W ActivityManager: Force removing ActivityRecord{41886638 com.google.android.apps.maps/com.google.android.maps.MapsActivity}: app died, no saved state
06-08 17:27:39.183   151  1008 W InputManagerService: Got RemoteException sending setActive(false) notification to pid 2685 uid 10056
06-08 17:27:41.285    82   122 D AudioHardware: AudioHardware pcm playback is going to standby.
06-08 17:27:41.285    82   122 D AudioHardware: closePcmOut_l() mPcmOpenCnt: 1
06-08 17:27:43.472  3367  3367 E NetworkSynthesizer: Network tasks did not terminate within timeout.
06-08 17:27:43.500  3367  3367 I flint   : jni: deleting text normalizer ...
06-08 17:27:43.515  3367  3367 I flint   : jni: deleting synthesizer ...
06-08 17:27:43.535  3367  3367 I flint   : jni: deleting project file ...
06-08 17:27:43.535  3367  3367 I flint   : jni: deleting project resource holder ...
06-08 17:27:48.246  2137  2241 I PhoneLab-: Service Running
06-08 17:27:48.308  2137  2241 I PhoneLab-LoggerService: app_38    1301  1     1788   1344  c00f181c 400107b4 S logcat
06-08 17:27:48.308  2137  2241 I PhoneLab-LoggerService: Logcat pid from database 1301
06-08 17:27:48.308  2137  2241 I PhoneLab-LoggerService: Logcat process found 1301
06-08 17:27:48.308  2137  2241 I PhoneLab-LoggerService: Checking Threshold
06-08 17:27:55.671   389   389 D dalvikvm: GC_FOR_ALLOC freed 392K, 16% free 10445K/12359K, paused 19ms
06-08 17:27:55.769   389   391 D dalvikvm: GC_CONCURRENT freed 342K, 15% free 10556K/12359K, paused 2ms+4ms
06-08 17:27:58.773   389   391 D dalvikvm: GC_CONCURRENT freed 330K, 15% free 10613K/12359K, paused 10ms+2ms
06-08 17:28:39.808   151   197 I power   : *** set_screen_state 0
06-08 17:28:39.851    79   118 D SurfaceFlinger: About to give-up screen, flinger = 0x1061918
06-08 17:28:39.902   151   153 D dalvikvm: GC_CONCURRENT freed 2215K, 27% free 13896K/18823K, paused 24ms+8ms
06-08 17:28:39.972   485   606 D NfcService: NFC-C OFF, disconnect
06-08 17:28:44.921   151   201 V TransportControlView: Create TCV com.android.internal.widget.TransportControlView@41704070
06-08 17:28:44.953   389   389 D PhoneStatusBar: disable: < expand icons alerts ticker system_info back home RECENT* clock >
06-08 17:28:45.004   389   389 D PhoneStatusBar: disable: < expand icons alerts ticker system_info BACK* HOME* RECENT CLOCK* >
06-08 17:28:50.906   151   167 I power   : *** set_screen_state 1
06-08 17:28:50.914  2137  2137 I PhoneLab-PowerOnReceiver: Power is plugged off!
06-08 17:28:50.972   151   201 I WindowManager: Lock screen displayed!
06-08 17:28:50.988   389   389 I PowerUI : showing low battery warning: level=12 [-1]
06-08 17:28:51.039    82   123 I AwesomePlayer: setDataSource_l('/system/media/audio/ui/LowBattery.ogg')
06-08 17:28:51.082   151   153 D dalvikvm: GC_CONCURRENT freed 469K, 23% free 14610K/18823K, paused 16ms+6ms
06-08 17:28:51.101    79   118 D SurfaceFlinger: Screen about to return, flinger = 0x1061918
06-08 17:28:51.113    82  3003 I AwesomePlayer: setDataSource_l('/system/media/audio/ui/LowBattery.ogg')
06-08 17:28:51.214    82   122 D AudioHardware: AudioHardware pcm playback is exiting standby.
06-08 17:28:51.214    82   122 D AudioHardware: openPcmOut_l() mPcmOpenCnt: 0
06-08 17:28:51.250   389   389 W MediaPlayer: mediaplayer went away with unhandled events
06-08 17:28:51.250   389   389 W MediaPlayer: mediaplayer went away with unhandled events
06-08 17:28:52.015   389   391 D dalvikvm: GC_CONCURRENT freed 499K, 14% free 10644K/12359K, paused 3ms+19ms
06-08 17:28:52.015   389   436 I StorageNotification: UMS connection changed to false (media state mounted)
06-08 17:28:52.019   389   400 W MediaPlayer-JNI: MediaPlayer finalized without being released
06-08 17:28:52.171   389   391 D dalvikvm: GC_CONCURRENT freed 622K, 16% free 10468K/12359K, paused 2ms+4ms
06-08 17:28:52.398   389   391 D dalvikvm: GC_CONCURRENT freed 596K, 17% free 10262K/12359K, paused 3ms+11ms
06-08 17:28:54.961    82   122 D AudioHardware: AudioHardware pcm playback is going to standby.
06-08 17:28:54.961    82   122 D AudioHardware: closePcmOut_l() mPcmOpenCnt: 1
06-08 17:28:55.468   389   389 D PhoneStatusBar: disable: < expand icons alerts ticker system_info BACK HOME recent* CLOCK >
06-08 17:28:55.472   485  1668 D NfcService: NFC-C ON
06-08 17:28:55.480    82   122 D AudioHardware: AudioHardware pcm playback is exiting standby.
06-08 17:28:55.480    82   122 D AudioHardware: openPcmOut_l() mPcmOpenCnt: 0
06-08 17:28:55.492   389   389 D PhoneStatusBar: disable: < expand icons alerts ticker system_info back* home* recent clock* >
06-08 17:28:56.664   151  2421 W InputManagerService: Window already focused, ignoring focus gain of: com.android.internal.view.IInputMethodClient$Stub$Proxy@41341780
06-08 17:28:59.050  2137  2137 I PhoneLab-PowerOnReceiver: Power is plugged in!
06-08 17:28:59.050  2137  2137 I PhoneLab-PowerOnReceiver: Rescheduling periodic checking...
06-08 17:28:59.062   389   389 W PowerUI : unknown intent: Intent { act=android.intent.action.ACTION_POWER_CONNECTED flg=0x10000010 }
06-08 17:28:59.089  2137  2137 I PhoneLab-Locks: wake lock acquired
06-08 17:28:59.121   151  4678 I ActivityManager: Start proc com.google.android.apps.maps for broadcast com.google.android.apps.maps/com.google.googlenav.android.MapServiceReceiver: pid=6565 uid=10056 gids={3003, 1015}
06-08 17:28:59.199  2137  2138 D dalvikvm: GC_CONCURRENT freed 383K, 15% free 9139K/10631K, paused 8ms+66ms
06-08 17:28:59.203  2137  2137 I PhoneLab-UploadLogs: Transfering log files now
06-08 17:28:59.203  2137  2137 I PhoneLab-UploadLogs: No log files to transfer
06-08 17:28:59.203  2137  2137 I PhoneLab-Locks: wake lock released
06-08 17:28:59.207  2137  2137 I PhoneLab-UploadLogs: OnStartCommand
06-08 17:28:59.382  6565  6566 D dalvikvm: GC_CONCURRENT freed 169K, 3% free 9366K/9607K, paused 2ms+5ms
06-08 17:28:59.398   389   436 I StorageNotification: UMS connection changed to true (media state mounted)
06-08 17:28:59.507   389   436 I StorageNotification: UMS connection changed to true (media state mounted)
06-08 17:28:59.574  6565  6565 I ActivityThread: Pub com.google.android.maps.LayerInfoProvider: com.google.googlenav.layer.LayerInfoProvider
06-08 17:28:59.578   389   391 D dalvikvm: GC_CONCURRENT freed 215K, 16% free 10452K/12359K, paused 3ms+7ms
06-08 17:28:59.621  6565  6565 I ActivityThread: Pub com.google.android.maps.TrafficAppWidgetProvider: com.google.googlenav.appwidget.traffic.TrafficAppWidgetProvider
06-08 17:28:59.629  6565  6565 I ActivityThread: Pub com.google.android.maps.LocalActivePlacesProvider: com.google.googlenav.provider.LocalActivePlacesProvider
06-08 17:28:59.632  6565  6565 I ActivityThread: Pub com.google.android.maps.StarredItemProvider: com.google.googlenav.provider.StarredItemProvider
06-08 17:28:59.703   389   389 D dalvikvm: GC_FOR_ALLOC freed 397K, 16% free 10405K/12359K, paused 37ms
06-08 17:28:59.711    82   122 D AudioHardware: AudioHardware pcm playback is going to standby.
06-08 17:28:59.711    82   122 D AudioHardware: closePcmOut_l() mPcmOpenCnt: 1
06-08 17:28:59.781  6565  6566 D dalvikvm: GC_CONCURRENT freed 188K, 4% free 9686K/9991K, paused 2ms+3ms
06-08 17:28:59.898  6565  6565 I ActivityThread: Pub com.google.android.maps.LocalSuggestionProvider: com.google.googlenav.provider.LocalSuggestionProvider
06-08 17:28:59.898  6565  6565 I ActivityThread: Pub com.google.android.maps.SearchHistoryProvider: com.google.googlenav.provider.SearchHistoryProvider
06-08 17:28:59.898  6565  6565 I ActivityThread: Pub com.google.android.maps.NavigationAvailabilityProvider: com.google.googlenav.provider.NavigationAvailabilityProvider
06-08 17:28:59.902  6565  6565 I ActivityThread: Pub com.google.android.maps.SuggestionProvider: com.google.googlenav.suggest.android.SuggestContentProvider
06-08 17:28:59.925   389   391 D dalvikvm: GC_CONCURRENT freed 229K, 15% free 10605K/12359K, paused 2ms+13ms
06-08 17:29:09.105  2137  2137 I PhoneLab-Locks: wake lock acquired
06-08 17:29:09.140  2137  6580 I PhoneLab-PeriodicCheckService: User info is synched
06-08 17:29:09.148  2137  6580 I PhoneLab-PeriodicCheckService: Logger Service is running
06-08 17:29:09.226   151  2421 D dalvikvm: GC_EXPLICIT freed 516K, 23% free 14562K/18823K, paused 2ms+7ms
06-08 17:29:09.226  2137  2137 I PhoneLab-Locks: wake lock acquired
06-08 17:29:09.234  2137  2137 I PhoneLab-StatusMonitor: Status Monitoring is started
06-08 17:29:09.238  2137  2137 E PhoneLab-PhoneLabManifest: java.io.FileNotFoundException: /data/data/edu.buffalo.cse.phonelab.phonelabservices/files/manifest.xml: open failed: ENOENT (No such file or directory)
06-08 17:29:09.238  2137  2137 I PhoneLab-Locks: wake lock released
06-08 17:29:09.238  2137  6580 I PhoneLab-Locks: wake lock acquired
06-08 17:29:09.246  2137  2137 I PhoneLab-UploadLogs: Transfering log files now
06-08 17:29:09.246  2137  2137 I PhoneLab-UploadLogs: No log files to transfer
06-08 17:29:09.246  2137  2137 I PhoneLab-Locks: wake lock released
06-08 17:29:09.250  2137  2137 I PhoneLab-UploadLogs: OnStartCommand
06-08 17:29:09.250  2137  6580 I PhoneLab-PeriodicCheckService: Rescheduling periodic checking...
06-08 17:29:09.250  2137  6580 I PhoneLab-Locks: wake lock released
06-08 17:29:48.222  2137  2241 I PhoneLab-: Service Running
06-08 17:29:48.312  2137  2241 I PhoneLab-LoggerService: app_38    1301  1     1788   1344  c00f181c 400107b4 S logcat
06-08 17:29:48.316  2137  2241 I PhoneLab-LoggerService: Logcat pid from database 1301
06-08 17:29:48.316  2137  2241 I PhoneLab-LoggerService: Logcat process found 1301
06-08 17:29:48.316  2137  2241 I PhoneLab-LoggerService: Checking Threshold
06-08 17:29:54.906  6585  6585 D AndroidRuntime: 
06-08 17:29:54.906  6585  6585 D AndroidRuntime: >>>>>> AndroidRuntime START com.android.internal.os.RuntimeInit <<<<<<
06-08 17:29:54.906  6585  6585 D AndroidRuntime: CheckJNI is OFF
06-08 17:29:55.277  6585  6585 D AndroidRuntime: Calling main entry com.android.commands.pm.Pm
06-08 17:29:55.296   151   171 I ActivityManager: Start proc com.android.defcontainer for service com.android.defcontainer/.DefaultContainerService: pid=6595 uid=10010 gids={1015, 2001}
06-08 17:29:55.351   151   171 W ActivityManager: No content provider found for permission revoke: file:///data/local/tmp/CarHomeGoogle.apk
06-08 17:29:55.359   151   171 W ActivityManager: No content provider found for permission revoke: file:///data/local/tmp/CarHomeGoogle.apk
06-08 17:29:55.617   151   153 D dalvikvm: GC_CONCURRENT freed 1847K, 26% free 13983K/18823K, paused 3ms+5ms
06-08 17:29:55.640   151   171 E PackageParser: Package com.google.android.carhome has no certificates at entry classes.dex; ignoring!
06-08 17:29:55.711   151   171 D dalvikvm: GC_EXPLICIT freed 52K, 26% free 13932K/18823K, paused 3ms+6ms
06-08 17:29:55.722  6585  6585 D AndroidRuntime: Shutting down VM
06-08 17:29:55.726  6585  6589 D dalvikvm: GC_CONCURRENT freed 120K, 82% free 461K/2560K, paused 0ms+0ms
06-08 17:29:55.730  6585  6592 D dalvikvm: Compiler shutdown in progress - discarding request
06-08 17:29:55.730  6585  6592 D dalvikvm: Compiler shutdown in progress - discarding request
06-08 17:29:55.730  6585  6592 D dalvikvm: Compiler shutdown in progress - discarding request
06-08 17:29:55.730  6585  6592 D dalvikvm: Compiler shutdown in progress - discarding request
06-08 17:29:55.730  6585  6592 D dalvikvm: Compiler shutdown in progress - discarding request
06-08 17:29:55.730  6585  6592 D dalvikvm: Compiler shutdown in progress - discarding request
06-08 17:29:55.730  6585  6592 D dalvikvm: Compiler shutdown in progress - discarding request
06-08 17:29:55.730  6585  6592 D dalvikvm: Compiler shutdown in progress - discarding request
06-08 17:29:55.730  6585  6609 I AndroidRuntime: NOTE: attach of thread 'Binder Thread #3' failed
06-08 17:29:59.582   151   197 I power   : *** set_screen_state 0
06-08 17:29:59.644    79   118 D SurfaceFlinger: About to give-up screen, flinger = 0x1061918
06-08 17:29:59.750   485  1494 D NfcService: NFC-C OFF, disconnect
06-08 17:30:04.671   151   201 V TransportControlView: Create TCV com.android.internal.widget.TransportControlView@41765818
06-08 17:30:04.691   389   389 D PhoneStatusBar: disable: < expand icons alerts ticker system_info back home RECENT* clock >
06-08 17:30:04.707   389   389 D PhoneStatusBar: disable: < expand icons alerts ticker system_info BACK* HOME* RECENT CLOCK* >
06-08 17:30:17.632   151   201 I power   : *** set_screen_state 1
06-08 17:30:17.726   151   201 I WindowManager: Lock screen displayed!
06-08 17:30:17.832    79   118 D SurfaceFlinger: Screen about to return, flinger = 0x1061918
06-08 17:30:19.773   389   389 D PhoneStatusBar: disable: < expand icons alerts ticker system_info BACK HOME recent* CLOCK >
06-08 17:30:19.777   485   606 D NfcService: NFC-C ON
06-08 17:30:19.793   151  1037 W InputManagerService: Window already focused, ignoring focus gain of: com.android.internal.view.IInputMethodClient$Stub$Proxy@4160b258
06-08 17:30:19.796    82   122 D AudioHardware: AudioHardware pcm playback is exiting standby.
06-08 17:30:19.796    82   122 D AudioHardware: openPcmOut_l() mPcmOpenCnt: 0
06-08 17:30:19.796   389   389 D PhoneStatusBar: disable: < expand icons alerts ticker system_info back* home* recent clock* >
06-08 17:30:19.898   151   153 D dalvikvm: GC_CONCURRENT freed 480K, 23% free 14580K/18823K, paused 13ms+8ms
06-08 17:30:21.453   151  5704 I ActivityManager: START {flg=0x10000000 cmp=com.android.systemui/.usb.UsbStorageActivity bnds=[0,119][480,215]} from pid -1
06-08 17:30:21.511   151  1008 W KeyguardViewMediator: verifyUnlock called when not externally disabled
06-08 17:30:21.613  1696  1696 D OpenGLRenderer: Flushing caches (mode 1)
06-08 17:30:21.675  1696  1696 D OpenGLRenderer: Flushing caches (mode 0)
06-08 17:30:21.707    73    97 D VoldCmdListener: volume shared /mnt/sdcard ums
06-08 17:30:21.742   389   391 D dalvikvm: GC_CONCURRENT freed 198K, 12% free 10920K/12359K, paused 2ms+4ms
06-08 17:30:21.796   389   389 D libEGL  : loaded /system/lib/egl/libGLES_android.so
06-08 17:30:21.804   389   389 D libEGL  : loaded /vendor/lib/egl/libEGL_POWERVR_SGX540_120.so
06-08 17:30:21.836   389   389 D libEGL  : loaded /vendor/lib/egl/libGLESv1_CM_POWERVR_SGX540_120.so
06-08 17:30:21.839   389   389 D libEGL  : loaded /vendor/lib/egl/libGLESv2_POWERVR_SGX540_120.so
06-08 17:30:21.902   389   389 D OpenGLRenderer: Enabling debug mode 0
06-08 17:30:22.007   151   167 I Process : Sending signal. PID: 389 SIG: 3
06-08 17:30:22.007   389   393 I dalvikvm: threadid=3: reacting to signal 3
06-08 17:30:22.019   389   393 I dalvikvm: Wrote stack traces to '/data/anr/traces.txt'
06-08 17:30:22.168   151   200 I ActivityManager: Displayed com.android.systemui/.usb.UsbStorageActivity: +658ms
06-08 17:30:23.734    73    97 D VoldCmdListener: storage users /mnt/sdcard
06-08 17:30:26.812    82   122 D AudioHardware: AudioHardware pcm playback is going to standby.
06-08 17:30:26.812    82   122 D AudioHardware: closePcmOut_l() mPcmOpenCnt: 1
06-08 17:30:39.132   151   318 I PackageManager: Updating external media status from mounted to unmounted
06-08 17:30:39.144    82   122 D AudioHardware: AudioHardware pcm playback is exiting standby.
06-08 17:30:39.144    82   122 D AudioHardware: openPcmOut_l() mPcmOpenCnt: 0
06-08 17:30:39.164    73    97 D VoldCmdListener: asec list
06-08 17:30:39.179   151  1035 W InputManagerService: Window already focused, ignoring focus gain of: com.android.internal.view.IInputMethodClient$Stub$Proxy@413dda18
