06-08 14:28:41.191   596   598 D dalvikvm: GC_CONCURRENT freed 186K, 7% free 9910K/10631K, paused 2ms+2ms
06-08 14:28:41.382   596   598 D dalvikvm: GC_CONCURRENT freed 331K, 7% free 9966K/10631K, paused 2ms+3ms
06-08 14:28:41.578   596   598 D dalvikvm: GC_CONCURRENT freed 362K, 7% free 9992K/10631K, paused 2ms+2ms
06-08 14:28:41.832   596   598 D dalvikvm: GC_CONCURRENT freed 348K, 6% free 10039K/10631K, paused 2ms+3ms
06-08 14:28:42.683   559   561 D dalvikvm: GC_CONCURRENT freed 432K, 8% free 10704K/11591K, paused 3ms+3ms
06-08 14:28:42.902   596   598 D dalvikvm: GC_CONCURRENT freed 756K, 9% free 9687K/10631K, paused 4ms+3ms
06-08 14:28:43.195   596   598 D dalvikvm: GC_CONCURRENT freed 164K, 7% free 9910K/10631K, paused 3ms+3ms
06-08 14:28:43.589   596   598 D dalvikvm: GC_CONCURRENT freed 318K, 7% free 9980K/10631K, paused 2ms+3ms
06-08 14:28:43.949   596   598 D dalvikvm: GC_CONCURRENT freed 365K, 6% free 10004K/10631K, paused 2ms+9ms
06-08 14:28:44.140   151   666 D dalvikvm: GC_EXPLICIT freed 309K, 9% free 12508K/13639K, paused 9ms+11ms
06-08 14:28:44.500   596   598 D dalvikvm: GC_CONCURRENT freed 348K, 6% free 10042K/10631K, paused 2ms+4ms
06-08 14:28:45.011   596   598 D dalvikvm: GC_CONCURRENT freed 373K, 6% free 10054K/10631K, paused 7ms+3ms
06-08 14:28:45.445   559   561 D dalvikvm: GC_CONCURRENT freed 453K, 8% free 10700K/11591K, paused 3ms+3ms
06-08 14:28:45.699   596   598 D dalvikvm: GC_CONCURRENT freed 592K, 7% free 9906K/10631K, paused 2ms+2ms
06-08 14:28:45.902   596   598 D dalvikvm: GC_CONCURRENT freed 338K, 7% free 9956K/10631K, paused 3ms+3ms
06-08 14:28:46.097   596   598 D dalvikvm: GC_CONCURRENT freed 363K, 7% free 9981K/10631K, paused 2ms+2ms
06-08 14:28:46.336   596   598 D dalvikvm: GC_CONCURRENT freed 348K, 6% free 10020K/10631K, paused 2ms+3ms
06-08 14:28:46.515   596   683 D dalvikvm: GC_FOR_ALLOC freed 269K, 6% free 10039K/10631K, paused 20ms
06-08 14:28:47.046   559   561 D dalvikvm: GC_CONCURRENT freed 433K, 8% free 10704K/11591K, paused 2ms+3ms
06-08 14:28:47.226   596   598 D dalvikvm: GC_CONCURRENT freed 664K, 9% free 9781K/10631K, paused 2ms+2ms
06-08 14:28:47.683   596   598 D dalvikvm: GC_CONCURRENT freed 226K, 7% free 9940K/10631K, paused 4ms+2ms
06-08 14:28:48.054   596   598 D dalvikvm: GC_CONCURRENT freed 351K, 7% free 9981K/10631K, paused 2ms+3ms
06-08 14:28:48.507   596   598 D dalvikvm: GC_CONCURRENT freed 359K, 6% free 10012K/10631K, paused 4ms+11ms
06-08 14:28:49.226   596   598 D dalvikvm: GC_CONCURRENT freed 334K, 6% free 10067K/10631K, paused 2ms+6ms
06-08 14:28:50.714   559   561 D dalvikvm: GC_CONCURRENT freed 446K, 8% free 10708K/11591K, paused 2ms+4ms
06-08 14:28:51.144   596   598 D dalvikvm: GC_CONCURRENT freed 713K, 8% free 9815K/10631K, paused 8ms+3ms
06-08 14:28:51.578   596   598 D dalvikvm: GC_CONCURRENT freed 257K, 7% free 9944K/10631K, paused 2ms+3ms
06-08 14:28:51.945   596   598 D dalvikvm: GC_CONCURRENT freed 351K, 7% free 9986K/10631K, paused 2ms+3ms
06-08 14:28:52.351   151   162 I ActivityManager: START {act=android.intent.action.MAIN cat=[android.intent.category.LAUNCHER] flg=0x10200000 cmp=com.android.settings/.Settings bnds=[120,556][240,706]} from pid 1696
06-08 14:28:52.379   596   598 D dalvikvm: GC_CONCURRENT freed 365K, 6% free 10008K/10631K, paused 1ms+7ms
06-08 14:28:52.386    82   122 D AudioHardware: AudioHardware pcm playback is exiting standby.
06-08 14:28:52.386    82   122 D AudioHardware: openPcmOut_l() mPcmOpenCnt: 0
06-08 14:28:52.589  1696  1696 D OpenGLRenderer: Flushing caches (mode 1)
06-08 14:28:52.660  1696  1696 D OpenGLRenderer: Flushing caches (mode 0)
06-08 14:28:52.671  1080  1080 W System.err: Removed 2131231170
06-08 14:28:52.671  1080  1080 W System.err: Removed 2131231177
06-08 14:28:52.929   151   167 I Process : Sending signal. PID: 1080 SIG: 3
06-08 14:28:52.929  1080  1085 I dalvikvm: threadid=3: reacting to signal 3
06-08 14:28:52.937  1080  1085 I dalvikvm: Wrote stack traces to '/data/anr/traces.txt'
06-08 14:28:52.980   151   200 I ActivityManager: Displayed com.android.settings/.Settings: +555ms
06-08 14:28:53.246   596   670 D dalvikvm: GC_FOR_ALLOC freed 314K, 6% free 10060K/10631K, paused 21ms
06-08 14:28:55.476    82   122 D AudioHardware: AudioHardware pcm playback is going to standby.
06-08 14:28:55.476    82   122 D AudioHardware: closePcmOut_l() mPcmOpenCnt: 1
06-08 14:28:55.554   559   561 D dalvikvm: GC_CONCURRENT freed 446K, 8% free 10709K/11591K, paused 2ms+2ms
06-08 14:28:55.718   596   598 D dalvikvm: GC_CONCURRENT freed 753K, 9% free 9758K/10631K, paused 2ms+2ms
06-08 14:28:55.902   596   598 D dalvikvm: GC_CONCURRENT freed 211K, 7% free 9933K/10631K, paused 2ms+2ms
06-08 14:28:56.093   596   598 D dalvikvm: GC_CONCURRENT freed 341K, 7% free 9983K/10631K, paused 2ms+3ms
06-08 14:28:56.273   596   598 D dalvikvm: GC_CONCURRENT freed 359K, 6% free 10011K/10631K, paused 2ms+3ms
06-08 14:28:56.527   596   598 D dalvikvm: GC_CONCURRENT freed 334K, 6% free 10064K/10631K, paused 2ms+3ms
06-08 14:28:57.511   559   561 D dalvikvm: GC_CONCURRENT freed 439K, 8% free 10716K/11591K, paused 2ms+3ms
06-08 14:28:58.250   596   598 D dalvikvm: GC_CONCURRENT freed 769K, 9% free 9752K/10631K, paused 1ms+3ms
06-08 14:28:58.519   151   552 I ActivityManager: START {act=android.intent.action.MAIN cmp=com.android.settings/.SubSettings (has extras)} from pid 1080
06-08 14:28:58.531    82   122 D AudioHardware: AudioHardware pcm playback is exiting standby.
06-08 14:28:58.531    82   122 D AudioHardware: openPcmOut_l() mPcmOpenCnt: 0
06-08 14:28:58.621   151   552 D dalvikvm: GC_FOR_ALLOC freed 364K, 8% free 12661K/13639K, paused 44ms
06-08 14:28:58.621   151   552 I dalvikvm-heap: Grow heap (frag case) to 12.562MB for 129616-byte allocation
06-08 14:28:58.664   151   552 D dalvikvm: GC_FOR_ALLOC freed 32K, 8% free 12755K/13767K, paused 43ms
06-08 14:28:58.777  1080  1082 D dalvikvm: GC_CONCURRENT freed 155K, 6% free 9933K/10503K, paused 2ms+8ms
06-08 14:28:58.828   151  1008 D dalvikvm: GC_EXPLICIT freed 146K, 9% free 12627K/13767K, paused 3ms+5ms
06-08 14:28:59.015   151   200 I ActivityManager: Displayed com.android.settings/.SubSettings: +338ms
06-08 14:28:59.046  1080  1080 D OpenGLRenderer: Flushing caches (mode 0)
06-08 14:28:59.125   596   598 D dalvikvm: GC_CONCURRENT freed 221K, 7% free 9919K/10631K, paused 15ms+5ms
06-08 14:28:59.375   596   598 D dalvikvm: GC_CONCURRENT freed 324K, 7% free 9984K/10631K, paused 2ms+3ms
06-08 14:28:59.578  1511  1513 D dalvikvm: GC_CONCURRENT freed 507K, 6% free 10580K/11207K, paused 2ms+2ms
06-08 14:28:59.629   596   598 D dalvikvm: GC_CONCURRENT freed 374K, 6% free 10001K/10631K, paused 2ms+2ms
06-08 14:28:59.910   596   598 D dalvikvm: GC_CONCURRENT freed 337K, 6% free 10048K/10631K, paused 2ms+2ms
06-08 14:29:00.746   559   561 D dalvikvm: GC_CONCURRENT freed 483K, 8% free 10683K/11591K, paused 2ms+3ms
06-08 14:29:00.894   596   674 D dalvikvm: GC_EXPLICIT freed 735K, 10% free 9648K/10631K, paused 5ms+6ms
06-08 14:29:01.027   596   598 D dalvikvm: GC_CONCURRENT freed 138K, 7% free 9894K/10631K, paused 1ms+2ms
06-08 14:29:01.226   596   598 D dalvikvm: GC_CONCURRENT freed 311K, 7% free 9971K/10631K, paused 2ms+2ms
06-08 14:29:01.406   596   598 D dalvikvm: GC_CONCURRENT freed 366K, 7% free 9992K/10631K, paused 2ms+3ms
06-08 14:29:01.621    82   122 D AudioHardware: AudioHardware pcm playback is going to standby.
06-08 14:29:01.621    82   122 D AudioHardware: closePcmOut_l() mPcmOpenCnt: 1
06-08 14:29:01.652   596   598 D dalvikvm: GC_CONCURRENT freed 342K, 6% free 10046K/10631K, paused 2ms+2ms
06-08 14:29:02.039   596   598 D dalvikvm: GC_CONCURRENT freed 382K, 6% free 10047K/10631K, paused 3ms+3ms
06-08 14:29:02.453   559   561 D dalvikvm: GC_CONCURRENT freed 445K, 8% free 10693K/11591K, paused 1ms+4ms
06-08 14:29:02.699   596   598 D dalvikvm: GC_CONCURRENT freed 583K, 7% free 9916K/10631K, paused 1ms+3ms
06-08 14:29:02.949   596   598 D dalvikvm: GC_CONCURRENT freed 332K, 7% free 9971K/10631K, paused 3ms+3ms
06-08 14:29:03.211   596   598 D dalvikvm: GC_CONCURRENT freed 366K, 6% free 9995K/10631K, paused 2ms+3ms
06-08 14:29:03.265    82   122 D AudioHardware: AudioHardware pcm playback is exiting standby.
06-08 14:29:03.265    82   122 D AudioHardware: openPcmOut_l() mPcmOpenCnt: 0
06-08 14:29:03.269  1080  1080 W ResourceType: getEntry failing because entryIndex 129 is beyond type entryCount 3
06-08 14:29:03.425  1080  1082 D dalvikvm: GC_CONCURRENT freed 373K, 6% free 10038K/10567K, paused 2ms+9ms
06-08 14:29:05.554   596   598 D dalvikvm: GC_CONCURRENT freed 345K, 6% free 10041K/10631K, paused 2ms+2ms
06-08 14:29:05.711   596   683 D dalvikvm: GC_FOR_ALLOC freed 228K, 6% free 10034K/10631K, paused 22ms
06-08 14:29:06.355   559   561 D dalvikvm: GC_CONCURRENT freed 449K, 8% free 10691K/11591K, paused 2ms+3ms
06-08 14:29:06.359    82   122 D AudioHardware: AudioHardware pcm playback is going to standby.
06-08 14:29:06.359    82   122 D AudioHardware: closePcmOut_l() mPcmOpenCnt: 1
06-08 14:29:06.511   596   598 D dalvikvm: GC_CONCURRENT freed 673K, 9% free 9763K/10631K, paused 2ms+2ms
06-08 14:29:06.691   596   598 D dalvikvm: GC_CONCURRENT freed 216K, 7% free 9933K/10631K, paused 1ms+2ms
06-08 14:29:06.882   596   598 D dalvikvm: GC_CONCURRENT freed 340K, 7% free 9981K/10631K, paused 2ms+3ms
06-08 14:29:07.074   596   598 D dalvikvm: GC_CONCURRENT freed 362K, 6% free 10006K/10631K, paused 1ms+3ms
06-08 14:29:07.351   596   598 D dalvikvm: GC_CONCURRENT freed 332K, 6% free 10060K/10631K, paused 1ms+2ms
06-08 14:29:08.074   559   561 D dalvikvm: GC_CONCURRENT freed 432K, 8% free 10716K/11591K, paused 2ms+2ms
06-08 14:29:08.234   596   598 D dalvikvm: GC_CONCURRENT freed 701K, 8% free 9809K/10631K, paused 2ms+3ms
06-08 14:29:08.406    82   122 D AudioHardware: AudioHardware pcm playback is exiting standby.
06-08 14:29:08.406    82   122 D AudioHardware: openPcmOut_l() mPcmOpenCnt: 0
06-08 14:29:08.527   596   598 D dalvikvm: GC_CONCURRENT freed 249K, 7% free 9947K/10631K, paused 2ms+2ms
06-08 14:29:08.730   151   374 D dalvikvm: GC_EXPLICIT freed 225K, 9% free 12661K/13767K, paused 3ms+5ms
06-08 14:29:08.828   596   598 D dalvikvm: GC_CONCURRENT freed 349K, 7% free 9985K/10631K, paused 2ms+3ms
06-08 14:29:09.031   596   598 D dalvikvm: GC_CONCURRENT freed 378K, 6% free 10004K/10631K, paused 2ms+3ms
06-08 14:29:09.261   596   619 D dalvikvm: GC_FOR_ALLOC freed 290K, 6% free 10038K/10631K, paused 20ms
06-08 14:29:11.285   559   561 D dalvikvm: GC_CONCURRENT freed 465K, 8% free 10732K/11591K, paused 2ms+4ms
06-08 14:29:11.433   596   598 D dalvikvm: GC_CONCURRENT freed 749K, 9% free 9697K/10631K, paused 2ms+3ms
06-08 14:29:11.500    82   122 D AudioHardware: AudioHardware pcm playback is going to standby.
06-08 14:29:11.500    82   122 D AudioHardware: closePcmOut_l() mPcmOpenCnt: 1
06-08 14:29:11.601   596   598 D dalvikvm: GC_CONCURRENT freed 175K, 7% free 9910K/10631K, paused 2ms+2ms
06-08 14:29:11.793   596   598 D dalvikvm: GC_CONCURRENT freed 323K, 7% free 9975K/10631K, paused 2ms+3ms
06-08 14:29:11.980   596   598 D dalvikvm: GC_CONCURRENT freed 362K, 6% free 10003K/10631K, paused 2ms+3ms
06-08 14:29:12.242   596   598 D dalvikvm: GC_CONCURRENT freed 338K, 6% free 10049K/10631K, paused 2ms+4ms
06-08 14:29:13.000   559   561 D dalvikvm: GC_CONCURRENT freed 460K, 8% free 10763K/11591K, paused 3ms+4ms
06-08 14:29:13.136   596   598 D dalvikvm: GC_CONCURRENT freed 777K, 9% free 9744K/10631K, paused 2ms+3ms
06-08 14:29:13.312   596   598 D dalvikvm: GC_CONCURRENT freed 207K, 7% free 9923K/10631K, paused 2ms+2ms
06-08 14:29:13.531   596   598 D dalvikvm: GC_CONCURRENT freed 333K, 7% free 9977K/10631K, paused 2ms+3ms
06-08 14:29:13.730   596   598 D dalvikvm: GC_CONCURRENT freed 364K, 6% free 10001K/10631K, paused 1ms+3ms
06-08 14:29:13.992   596   598 D dalvikvm: GC_CONCURRENT freed 335K, 6% free 10061K/10631K, paused 2ms+2ms
06-08 14:29:14.785   559   561 D dalvikvm: GC_CONCURRENT freed 462K, 8% free 10778K/11591K, paused 2ms+3ms
06-08 14:29:14.898   596   598 D dalvikvm: GC_CONCURRENT freed 793K, 9% free 9728K/10631K, paused 2ms+3ms
06-08 14:29:15.078   596   598 D dalvikvm: GC_CONCURRENT freed 218K, 7% free 9907K/10631K, paused 1ms+2ms
06-08 14:29:15.265   596   598 D dalvikvm: GC_CONCURRENT freed 320K, 7% free 9978K/10631K, paused 2ms+2ms
06-08 14:29:15.449   596   598 D dalvikvm: GC_CONCURRENT freed 365K, 6% free 10001K/10631K, paused 2ms+2ms
06-08 14:29:15.578  1353  1353 I wpa_supplicant: wlan0: CTRL-EVENT-EAP-FAILURE EAP authentication failed
06-08 14:29:15.746   596   598 D dalvikvm: GC_CONCURRENT freed 331K, 6% free 10054K/10631K, paused 2ms+3ms
06-08 14:29:15.879  1353  1353 I wpa_supplicant: wlan0: CTRL-EVENT-EAP-STARTED EAP authentication started
06-08 14:29:15.879  1353  1353 W wpa_supplicant: EAP: buildIdentity: identity configuration was not available
06-08 14:29:15.879  1353  1353 I wpa_supplicant: wlan0: CTRL-REQ-IDENTITY-1:Identity needed for SSID UB_Secure
06-08 14:29:16.496   559   561 D dalvikvm: GC_CONCURRENT freed 463K, 7% free 10789K/11591K, paused 2ms+2ms
06-08 14:29:16.609   596   598 D dalvikvm: GC_CONCURRENT freed 741K, 9% free 9762K/10631K, paused 1ms+2ms
06-08 14:29:16.746   596   674 D dalvikvm: GC_EXPLICIT freed 154K, 7% free 9903K/10631K, paused 2ms+3ms
06-08 14:29:16.925   596   598 D dalvikvm: GC_CONCURRENT freed 314K, 7% free 9977K/10631K, paused 2ms+3ms
06-08 14:29:17.113   596   598 D dalvikvm: GC_CONCURRENT freed 371K, 6% free 9996K/10631K, paused 2ms+3ms
06-08 14:29:17.367   596   598 D dalvikvm: GC_CONCURRENT freed 344K, 6% free 10048K/10631K, paused 2ms+3ms
06-08 14:29:17.582  1353  1353 I wpa_supplicant: wlan0: Authentication with d0:c2:82:2d:e5:b0 timed out.
06-08 14:29:17.586   151   310 D SupplicantStateTracker: Failed to authenticate, disabling network 1
06-08 14:29:17.586    76   111 D NetlinkEvent: Unexpected netlink message. type=0x30
06-08 14:29:17.589  1353  1353 I wpa_supplicant: wlan0: CTRL-EVENT-DISCONNECTED bssid=00:00:00:00:00:00 reason=0
06-08 14:29:18.086  1353  1353 I wpa_supplicant: wlan0: Trying to associate with d0:c2:82:2d:e6:21 (SSID='UB_Wireless' freq=2437 MHz)
06-08 14:29:18.242  1080  1082 D dalvikvm: GC_CONCURRENT freed 390K, 5% free 10093K/10567K, paused 2ms+7ms
06-08 14:29:18.386   596   598 D dalvikvm: GC_CONCURRENT freed 828K, 9% free 9681K/10631K, paused 2ms+4ms
06-08 14:29:18.449   559   561 D dalvikvm: GC_CONCURRENT freed 445K, 7% free 10813K/11591K, paused 2ms+3ms
06-08 14:29:18.601   596   598 D dalvikvm: GC_CONCURRENT freed 163K, 7% free 9903K/10631K, paused 2ms+3ms
06-08 14:29:18.683   151   491 D dalvikvm: GC_EXPLICIT freed 276K, 9% free 12653K/13767K, paused 3ms+4ms
06-08 14:29:18.847   596   598 D dalvikvm: GC_CONCURRENT freed 307K, 7% free 9984K/10631K, paused 2ms+3ms
06-08 14:29:19.039   596   598 D dalvikvm: GC_CONCURRENT freed 379K, 6% free 9995K/10631K, paused 2ms+3ms
06-08 14:29:19.293   596   598 D dalvikvm: GC_CONCURRENT freed 342K, 6% free 10043K/10631K, paused 2ms+3ms
06-08 14:29:20.343   596   598 D dalvikvm: GC_CONCURRENT freed 781K, 10% free 9655K/10631K, paused 1ms+2ms
06-08 14:29:20.527   596   598 D dalvikvm: GC_CONCURRENT freed 148K, 7% free 9901K/10631K, paused 2ms+2ms
06-08 14:29:20.714   596   598 D dalvikvm: GC_CONCURRENT freed 300K, 7% free 9989K/10631K, paused 2ms+3ms
06-08 14:29:20.910   596   598 D dalvikvm: GC_CONCURRENT freed 380K, 6% free 9996K/10631K, paused 2ms+2ms
06-08 14:29:21.148   596   598 D dalvikvm: GC_CONCURRENT freed 356K, 6% free 10032K/10631K, paused 2ms+3ms
06-08 14:29:21.464   596   598 D dalvikvm: GC_CONCURRENT freed 346K, 6% free 10073K/10631K, paused 2ms+2ms
06-08 14:29:22.023   559   561 D dalvikvm: GC_CONCURRENT freed 441K, 7% free 10875K/11591K, paused 2ms+2ms
06-08 14:29:22.254   596   598 D dalvikvm: GC_CONCURRENT freed 636K, 8% free 9879K/10631K, paused 2ms+3ms
06-08 14:29:22.414    82   122 D AudioHardware: AudioHardware pcm playback is exiting standby.
06-08 14:29:22.414    82   122 D AudioHardware: openPcmOut_l() mPcmOpenCnt: 0
06-08 14:29:22.695   596   598 D dalvikvm: GC_CONCURRENT freed 288K, 7% free 9984K/10631K, paused 3ms+3ms
06-08 14:29:22.925   596   598 D dalvikvm: GC_CONCURRENT freed 373K, 6% free 9999K/10631K, paused 2ms+2ms
06-08 14:29:23.152   596   598 D dalvikvm: GC_CONCURRENT freed 351K, 6% free 10035K/10631K, paused 2ms+3ms
06-08 14:29:23.379   596   619 D dalvikvm: GC_FOR_ALLOC freed 286K, 6% free 10060K/10631K, paused 21ms
06-08 14:29:25.504    82   122 D AudioHardware: AudioHardware pcm playback is going to standby.
06-08 14:29:25.504    82   122 D AudioHardware: closePcmOut_l() mPcmOpenCnt: 1
06-08 14:29:25.640    82   122 D AudioHardware: AudioHardware pcm playback is exiting standby.
06-08 14:29:25.640    82   122 D AudioHardware: openPcmOut_l() mPcmOpenCnt: 0
06-08 14:29:25.687    76   114 D CommandListener: Clearing all IP addresses on wlan0
06-08 14:29:25.867  1080  1082 D dalvikvm: GC_CONCURRENT freed 400K, 5% free 10123K/10631K, paused 3ms+8ms
06-08 14:29:26.011   559   561 D dalvikvm: GC_CONCURRENT freed 683K, 8% free 10689K/11591K, paused 98ms+10ms
06-08 14:29:26.168  1353  1353 I wpa_supplicant: wlan0: Trying to associate with d0:c2:82:67:e7:60 (SSID='UB_Secure' freq=2412 MHz)
06-08 14:29:26.207   596   598 D dalvikvm: GC_CONCURRENT freed 698K, 8% free 9812K/10631K, paused 3ms+2ms
06-08 14:29:26.304  1353  1353 I wpa_supplicant: wlan0: Associated with d0:c2:82:67:e7:60
06-08 14:29:26.304  1353  1353 I wpa_supplicant: wlan0: CTRL-EVENT-EAP-STARTED EAP authentication started
06-08 14:29:26.304  1353  1353 W wpa_supplicant: EAP: buildIdentity: identity configuration was not available
06-08 14:29:26.304  1353  1353 I wpa_supplicant: wlan0: CTRL-REQ-IDENTITY-1:Identity needed for SSID UB_Secure
06-08 14:29:26.539  1080  1082 D dalvikvm: GC_CONCURRENT freed 444K, 6% free 10136K/10695K, paused 2ms+5ms
06-08 14:29:26.668   596   598 D dalvikvm: GC_CONCURRENT freed 243K, 7% free 9958K/10631K, paused 2ms+2ms
06-08 14:29:26.882   596   598 D dalvikvm: GC_CONCURRENT freed 349K, 6% free 9996K/10631K, paused 2ms+2ms
06-08 14:29:27.082   596   598 D dalvikvm: GC_CONCURRENT freed 366K, 6% free 10014K/10631K, paused 2ms+3ms
06-08 14:29:27.390   596   598 D dalvikvm: GC_CONCURRENT freed 323K, 6% free 10086K/10631K, paused 1ms+3ms
06-08 14:29:28.226   559   561 D dalvikvm: GC_CONCURRENT freed 200K, 6% free 10937K/11591K, paused 3ms+3ms
06-08 14:29:28.398   596   598 D dalvikvm: GC_CONCURRENT freed 768K, 9% free 9743K/10631K, paused 1ms+2ms
06-08 14:29:28.574   596   598 D dalvikvm: GC_CONCURRENT freed 205K, 7% free 9924K/10631K, paused 2ms+2ms
06-08 14:29:28.742    82   122 D AudioHardware: AudioHardware pcm playback is going to standby.
06-08 14:29:28.742    82   122 D AudioHardware: closePcmOut_l() mPcmOpenCnt: 1
06-08 14:29:28.769   151   666 D dalvikvm: GC_EXPLICIT freed 261K, 9% free 12658K/13767K, paused 2ms+4ms
06-08 14:29:28.824   596   598 D dalvikvm: GC_CONCURRENT freed 320K, 7% free 9993K/10631K, paused 2ms+3ms
06-08 14:29:29.004   596   598 D dalvikvm: GC_CONCURRENT freed 373K, 6% free 10010K/10631K, paused 1ms+2ms
06-08 14:29:29.304   596   598 D dalvikvm: GC_CONCURRENT freed 336K, 6% free 10059K/10631K, paused 2ms+3ms
06-08 14:29:30.078   559   561 D dalvikvm: GC_CONCURRENT freed 745K, 8% free 10731K/11591K, paused 2ms+4ms
06-08 14:29:30.230   596   598 D dalvikvm: GC_CONCURRENT freed 751K, 9% free 9778K/10631K, paused 2ms+3ms
06-08 14:29:30.421   596   598 D dalvikvm: GC_CONCURRENT freed 226K, 7% free 9939K/10631K, paused 2ms+2ms
06-08 14:29:30.613   596   598 D dalvikvm: GC_CONCURRENT freed 334K, 7% free 9991K/10631K, paused 2ms+2ms
06-08 14:29:30.808   596   598 D dalvikvm: GC_CONCURRENT freed 377K, 6% free 10004K/10631K, paused 2ms+3ms
06-08 14:29:31.097   596   598 D dalvikvm: GC_CONCURRENT freed 329K, 6% free 10072K/10631K, paused 2ms+3ms
06-08 14:29:31.859   559   561 D dalvikvm: GC_CONCURRENT freed 469K, 8% free 10741K/11591K, paused 2ms+3ms
06-08 14:29:32.000   596   598 D dalvikvm: GC_CONCURRENT freed 762K, 9% free 9759K/10631K, paused 2ms+3ms
06-08 14:29:32.183   596   598 D dalvikvm: GC_CONCURRENT freed 219K, 7% free 9935K/10631K, paused 3ms+3ms
06-08 14:29:32.277   596   672 D dalvikvm: GC_EXPLICIT freed 148K, 7% free 9934K/10631K, paused 2ms+4ms
06-08 14:29:32.464   596   598 D dalvikvm: GC_CONCURRENT freed 351K, 7% free 9975K/10631K, paused 1ms+3ms
06-08 14:29:32.648   596   598 D dalvikvm: GC_CONCURRENT freed 349K, 6% free 10017K/10631K, paused 2ms+3ms
06-08 14:29:32.961   596   598 D dalvikvm: GC_CONCURRENT freed 329K, 6% free 10073K/10631K, paused 2ms+3ms
06-08 14:29:33.761   559   561 D dalvikvm: GC_CONCURRENT freed 457K, 8% free 10775K/11591K, paused 2ms+4ms
06-08 14:29:33.906   596   598 D dalvikvm: GC_CONCURRENT freed 743K, 9% free 9765K/10631K, paused 3ms+3ms
06-08 14:29:34.097   596   598 D dalvikvm: GC_CONCURRENT freed 232K, 7% free 9925K/10631K, paused 2ms+2ms
06-08 14:29:34.289   596   598 D dalvikvm: GC_CONCURRENT freed 327K, 7% free 9984K/10631K, paused 2ms+2ms
06-08 14:29:34.476   596   598 D dalvikvm: GC_CONCURRENT freed 365K, 6% free 10012K/10631K, paused 2ms+3ms
06-08 14:29:34.859   596   598 D dalvikvm: GC_CONCURRENT freed 340K, 6% free 10069K/10631K, paused 2ms+3ms
06-08 14:29:35.027  1511  1511 D dalvikvm: GC_FOR_ALLOC freed 264K, 6% free 10586K/11207K, paused 18ms
06-08 14:29:35.027  1511  1511 I dalvikvm-heap: Grow heap (frag case) to 10.530MB for 129616-byte allocation
06-08 14:29:35.046  1511  1511 D dalvikvm: GC_FOR_ALLOC freed 12K, 6% free 10700K/11335K, paused 16ms
06-08 14:29:35.707   559   561 D dalvikvm: GC_CONCURRENT freed 468K, 7% free 10783K/11591K, paused 2ms+3ms
06-08 14:29:35.828   596   598 D dalvikvm: GC_CONCURRENT freed 736K, 9% free 9778K/10631K, paused 2ms+3ms
06-08 14:29:36.027   596   598 D dalvikvm: GC_CONCURRENT freed 231K, 7% free 9935K/10631K, paused 2ms+3ms
06-08 14:29:36.222   596   598 D dalvikvm: GC_CONCURRENT freed 332K, 7% free 9989K/10631K, paused 1ms+2ms
06-08 14:29:36.410   596   598 D dalvikvm: GC_CONCURRENT freed 368K, 6% free 10008K/10631K, paused 2ms+3ms
06-08 14:29:36.699  1258  1291 I PhoneLab-: Service Running
06-08 14:29:36.730   596   598 D dalvikvm: GC_CONCURRENT freed 329K, 6% free 10065K/10631K, paused 2ms+5ms
06-08 14:29:36.765  1258  1291 I PhoneLab-LoggerService: app_38    1301  1258  1788   1416  c00f181c 400107b4 S logcat
06-08 14:29:36.765  1258  1291 I PhoneLab-LoggerService: Logcat pid from database 1301
06-08 14:29:36.765  1258  1291 I PhoneLab-LoggerService: Logcat process found 1301
06-08 14:29:36.765  1258  1291 I PhoneLab-LoggerService: Checking Threshold
06-08 14:29:36.765  1258  1291 I PhoneLab-LoggerService: Starting to rename files
06-08 14:29:36.765  1258  1291 I PhoneLab-LoggerService: Files found .. 2
06-08 14:29:36.765  1258  1291 I PhoneLab-LoggerService: File 1 log.out.1
06-08 14:29:36.773  1258  1291 I PhoneLab-LoggerService: Renamed successfully
06-08 14:29:37.589   151   493 D dalvikvm: GC_EXPLICIT freed 242K, 9% free 12653K/13767K, paused 2ms+5ms
06-08 14:29:37.632   559   561 D dalvikvm: GC_CONCURRENT freed 455K, 7% free 10800K/11591K, paused 27ms+3ms
06-08 14:29:37.734   596   598 D dalvikvm: GC_CONCURRENT freed 730K, 9% free 9777K/10631K, paused 1ms+3ms
06-08 14:29:37.925   596   598 D dalvikvm: GC_CONCURRENT freed 238K, 7% free 9931K/10631K, paused 2ms+3ms
06-08 14:29:38.109   596   598 D dalvikvm: GC_CONCURRENT freed 338K, 7% free 9981K/10631K, paused 4ms+3ms
06-08 14:29:38.300   596   598 D dalvikvm: GC_CONCURRENT freed 366K, 6% free 10001K/10631K, paused 2ms+3ms
06-08 14:29:38.644   596   598 D dalvikvm: GC_CONCURRENT freed 332K, 6% free 10059K/10631K, paused 1ms+3ms
06-08 14:29:40.480   559   561 D dalvikvm: GC_CONCURRENT freed 446K, 7% free 10820K/11591K, paused 2ms+3ms
06-08 14:29:40.543   596   598 D dalvikvm: GC_CONCURRENT freed 733K, 9% free 9777K/10631K, paused 2ms+3ms
06-08 14:29:40.726   596   598 D dalvikvm: GC_CONCURRENT freed 230K, 7% free 9934K/10631K, paused 1ms+2ms
06-08 14:29:40.918   596   598 D dalvikvm: GC_CONCURRENT freed 341K, 7% free 9980K/10631K, paused 2ms+3ms
06-08 14:29:41.101   596   598 D dalvikvm: GC_CONCURRENT freed 362K, 6% free 10002K/10631K, paused 1ms+3ms
06-08 14:29:41.406   596   598 D dalvikvm: GC_CONCURRENT freed 326K, 6% free 10061K/10631K, paused 2ms+3ms
06-08 14:29:41.988    82   122 D AudioHardware: AudioHardware pcm playback is exiting standby.
06-08 14:29:41.988    82   122 D AudioHardware: openPcmOut_l() mPcmOpenCnt: 0
06-08 14:29:42.617   596   598 D dalvikvm: GC_CONCURRENT freed 731K, 9% free 9776K/10631K, paused 1ms+3ms
06-08 14:29:42.816   596   598 D dalvikvm: GC_CONCURRENT freed 236K, 7% free 9928K/10631K, paused 2ms+3ms
06-08 14:29:43.000   596   598 D dalvikvm: GC_CONCURRENT freed 338K, 7% free 9977K/10631K, paused 2ms+3ms
06-08 14:29:43.191   596   598 D dalvikvm: GC_CONCURRENT freed 362K, 6% free 10001K/10631K, paused 2ms+3ms
06-08 14:29:43.527   596   598 D dalvikvm: GC_CONCURRENT freed 329K, 6% free 10058K/10631K, paused 2ms+2ms
06-08 14:29:44.984   559   561 D dalvikvm: GC_CONCURRENT freed 431K, 7% free 10880K/11591K, paused 2ms+3ms
06-08 14:29:45.105    82   122 D AudioHardware: AudioHardware pcm playback is going to standby.
06-08 14:29:45.105    82   122 D AudioHardware: closePcmOut_l() mPcmOpenCnt: 1
06-08 14:29:45.171   596   598 D dalvikvm: GC_CONCURRENT freed 726K, 8% free 9784K/10631K, paused 2ms+3ms
06-08 14:29:45.359   596   598 D dalvikvm: GC_CONCURRENT freed 234K, 7% free 9936K/10631K, paused 2ms+3ms
06-08 14:29:45.543   596   598 D dalvikvm: GC_CONCURRENT freed 339K, 7% free 9985K/10631K, paused 1ms+3ms
06-08 14:29:45.722   596   598 D dalvikvm: GC_CONCURRENT freed 359K, 6% free 10015K/10631K, paused 1ms+3ms
06-08 14:29:46.043   596   598 D dalvikvm: GC_CONCURRENT freed 340K, 6% free 10073K/10631K, paused 2ms+3ms
06-08 14:29:46.734   559   561 D dalvikvm: GC_CONCURRENT freed 682K, 8% free 10715K/11591K, paused 3ms+3ms
06-08 14:29:46.902   596   598 D dalvikvm: GC_CONCURRENT freed 708K, 8% free 9800K/10631K, paused 2ms+3ms
06-08 14:29:47.105   596   598 D dalvikvm: GC_CONCURRENT freed 236K, 7% free 9954K/10631K, paused 2ms+3ms
06-08 14:29:47.316   596   598 D dalvikvm: GC_CONCURRENT freed 353K, 6% free 9997K/10631K, paused 2ms+3ms
06-08 14:29:47.351   596   619 D dalvikvm: GC_EXPLICIT freed 69K, 7% free 9931K/10631K, paused 3ms+3ms
06-08 14:29:47.421   151  1035 D dalvikvm: GC_EXPLICIT freed 245K, 9% free 12644K/13767K, paused 3ms+5ms
06-08 14:29:47.609   596   598 D dalvikvm: GC_CONCURRENT freed 294K, 6% free 10023K/10631K, paused 2ms+2ms
06-08 14:29:47.921   596   598 D dalvikvm: GC_CONCURRENT freed 346K, 6% free 10063K/10631K, paused 2ms+4ms
06-08 14:29:48.214   151  1008 D AlarmManagerService: Kernel timezone updated to 240 minutes west of GMT
06-08 14:29:48.796   559   561 D dalvikvm: GC_CONCURRENT freed 452K, 8% free 10714K/11591K, paused 2ms+2ms
06-08 14:29:48.945   596   598 D dalvikvm: GC_CONCURRENT freed 761K, 9% free 9753K/10631K, paused 2ms+3ms
06-08 14:29:49.113   596   598 D dalvikvm: GC_CONCURRENT freed 215K, 7% free 9925K/10631K, paused 1ms+2ms
06-08 14:29:49.296   596   598 D dalvikvm: GC_CONCURRENT freed 333K, 7% free 9978K/10631K, paused 1ms+3ms
06-08 14:29:49.488   596   598 D dalvikvm: GC_CONCURRENT freed 363K, 6% free 10004K/10631K, paused 2ms+3ms
06-08 14:29:49.812   596   598 D dalvikvm: GC_CONCURRENT freed 334K, 6% free 10056K/10631K, paused 2ms+3ms
06-08 14:29:52.125   559   561 D dalvikvm: GC_CONCURRENT freed 445K, 8% free 10714K/11591K, paused 2ms+3ms
06-08 14:29:52.281   596   598 D dalvikvm: GC_CONCURRENT freed 731K, 9% free 9779K/10631K, paused 2ms+2ms
06-08 14:29:52.457   596   598 D dalvikvm: GC_CONCURRENT freed 230K, 7% free 9941K/10631K, paused 2ms+2ms
06-08 14:29:52.636   596   598 D dalvikvm: GC_CONCURRENT freed 340K, 7% free 9988K/10631K, paused 2ms+4ms
06-08 14:29:52.832   596   598 D dalvikvm: GC_CONCURRENT freed 367K, 6% free 10007K/10631K, paused 1ms+3ms
06-08 14:29:53.156   596   598 D dalvikvm: GC_CONCURRENT freed 329K, 6% free 10068K/10631K, paused 2ms+2ms
06-08 14:29:53.918   559   561 D dalvikvm: GC_CONCURRENT freed 448K, 8% free 10747K/11591K, paused 2ms+3ms
06-08 14:29:54.066   596   598 D dalvikvm: GC_CONCURRENT freed 703K, 8% free 9802K/10631K, paused 1ms+3ms
06-08 14:29:54.265   596   598 D dalvikvm: GC_CONCURRENT freed 245K, 7% free 9948K/10631K, paused 2ms+3ms
06-08 14:29:54.457   596   598 D dalvikvm: GC_CONCURRENT freed 351K, 7% free 9988K/10631K, paused 2ms+3ms
06-08 14:29:54.664   596   598 D dalvikvm: GC_CONCURRENT freed 358K, 6% free 10022K/10631K, paused 2ms+2ms
06-08 14:29:54.964   596   611 D dalvikvm: GC_FOR_ALLOC freed 327K, 6% free 10070K/10631K, paused 20ms
06-08 14:29:55.754   559   561 D dalvikvm: GC_CONCURRENT freed 540K, 8% free 10667K/11591K, paused 2ms+4ms
06-08 14:29:55.859   596   598 D dalvikvm: GC_CONCURRENT freed 690K, 8% free 9818K/10631K, paused 1ms+3ms
06-08 14:29:56.058   596   598 D dalvikvm: GC_CONCURRENT freed 245K, 7% free 9959K/10631K, paused 2ms+2ms
06-08 14:29:56.246   596   598 D dalvikvm: GC_CONCURRENT freed 349K, 6% free 9999K/10631K, paused 2ms+2ms
06-08 14:29:56.449   596   598 D dalvikvm: GC_CONCURRENT freed 361K, 6% free 10028K/10631K, paused 2ms+2ms
06-08 14:29:56.789   596   598 D dalvikvm: GC_CONCURRENT freed 332K, 6% free 10081K/10631K, paused 2ms+3ms
06-08 14:29:58.332   559   561 D dalvikvm: GC_CONCURRENT freed 391K, 8% free 10703K/11591K, paused 2ms+2ms
06-08 14:29:58.500   596   598 D dalvikvm: GC_CONCURRENT freed 712K, 8% free 9793K/10631K, paused 1ms+3ms
06-08 14:29:58.636   151  1035 D dalvikvm: GC_EXPLICIT freed 236K, 9% free 12643K/13767K, paused 2ms+4ms
06-08 14:29:58.757   596   598 D dalvikvm: GC_CONCURRENT freed 239K, 7% free 9950K/10631K, paused 2ms+3ms
06-08 14:29:58.968   596   598 D dalvikvm: GC_CONCURRENT freed 357K, 7% free 9982K/10631K, paused 2ms+3ms
06-08 14:29:59.187   596   598 D dalvikvm: GC_CONCURRENT freed 373K, 6% free 9997K/10631K, paused 2ms+11ms
06-08 14:29:59.504   596   598 D dalvikvm: GC_CONCURRENT freed 326K, 6% free 10055K/10631K, paused 1ms+3ms
06-08 14:30:01.046   559   561 D dalvikvm: GC_CONCURRENT freed 446K, 8% free 10708K/11591K, paused 2ms+3ms
06-08 14:30:01.199   596   598 D dalvikvm: GC_CONCURRENT freed 779K, 9% free 9724K/10631K, paused 2ms+3ms
06-08 14:30:01.382   596   598 D dalvikvm: GC_CONCURRENT freed 192K, 7% free 9917K/10631K, paused 2ms+2ms
06-08 14:30:01.574   596   598 D dalvikvm: GC_CONCURRENT freed 331K, 7% free 9975K/10631K, paused 2ms+11ms
06-08 14:30:01.765   596   598 D dalvikvm: GC_CONCURRENT freed 356K, 6% free 10006K/10631K, paused 2ms+3ms
06-08 14:30:02.054   596   598 D dalvikvm: GC_CONCURRENT freed 343K, 6% free 10051K/10631K, paused 1ms+3ms
06-08 14:30:02.933   559   561 D dalvikvm: GC_CONCURRENT freed 446K, 8% free 10712K/11591K, paused 2ms+3ms
06-08 14:30:03.078   596   598 D dalvikvm: GC_CONCURRENT freed 782K, 9% free 9725K/10631K, paused 2ms+3ms
06-08 14:30:03.238   596   598 D dalvikvm: GC_CONCURRENT freed 190K, 7% free 9921K/10631K, paused 2ms+2ms
06-08 14:30:03.418   596   598 D dalvikvm: GC_CONCURRENT freed 317K, 7% free 9988K/10631K, paused 2ms+2ms
06-08 14:30:03.582   596   619 D dalvikvm: GC_EXPLICIT freed 327K, 7% free 9994K/10631K, paused 3ms+3ms
06-08 14:30:03.613   596   607 I dalvikvm: Jit: resizing JitTable from 4096 to 8192
06-08 14:30:03.847   596   598 D dalvikvm: GC_CONCURRENT freed 330K, 6% free 10050K/10631K, paused 2ms+2ms
06-08 14:30:05.257   559   561 D dalvikvm: GC_CONCURRENT freed 446K, 8% free 10731K/11591K, paused 4ms+4ms
06-08 14:30:05.343   596   598 D dalvikvm: GC_CONCURRENT freed 831K, 9% free 9684K/10631K, paused 1ms+4ms
06-08 14:30:05.511   596   598 D dalvikvm: GC_CONCURRENT freed 157K, 7% free 9911K/10631K, paused 2ms+2ms
06-08 14:30:05.707   596   598 D dalvikvm: GC_CONCURRENT freed 309K, 7% free 9989K/10631K, paused 2ms+3ms
06-08 14:30:05.898   596   598 D dalvikvm: GC_CONCURRENT freed 365K, 6% free 10012K/10631K, paused 2ms+3ms
06-08 14:30:06.164   596   598 D dalvikvm: GC_CONCURRENT freed 343K, 6% free 10057K/10631K, paused 2ms+2ms
06-08 14:30:06.761   596   598 D dalvikvm: GC_CONCURRENT freed 409K, 6% free 10089K/10631K, paused 2ms+3ms
06-08 14:30:08.632   559   561 D dalvikvm: GC_CONCURRENT freed 459K, 8% free 10737K/11591K, paused 7ms+3ms
06-08 14:30:08.847   596   598 D dalvikvm: GC_CONCURRENT freed 590K, 7% free 9906K/10631K, paused 2ms+2ms
06-08 14:30:08.890    82   122 D AudioHardware: AudioHardware pcm playback is exiting standby.
06-08 14:30:08.890    82   122 D AudioHardware: openPcmOut_l() mPcmOpenCnt: 0
06-08 14:30:09.328   596   598 D dalvikvm: GC_CONCURRENT freed 313K, 7% free 9983K/10631K, paused 2ms+3ms
06-08 14:30:09.457   151   163 D dalvikvm: GC_EXPLICIT freed 222K, 9% free 12651K/13767K, paused 2ms+5ms
06-08 14:30:09.589   596   598 D dalvikvm: GC_CONCURRENT freed 367K, 6% free 10003K/10631K, paused 2ms+3ms
06-08 14:30:09.843   596   598 D dalvikvm: GC_CONCURRENT freed 355K, 6% free 10039K/10631K, paused 2ms+2ms
06-08 14:30:10.027   596   611 D dalvikvm: GC_FOR_ALLOC freed 221K, 6% free 10023K/10631K, paused 21ms
06-08 14:30:10.929   559   561 D dalvikvm: GC_CONCURRENT freed 449K, 8% free 10772K/11591K, paused 2ms+3ms
06-08 14:30:10.992  1353  1353 I wpa_supplicant: wlan0: CTRL-EVENT-DISCONNECTED bssid=00:00:00:00:00:00 reason=0
06-08 14:30:11.000    76   114 D CommandListener: Clearing all IP addresses on wlan0
06-08 14:30:11.265  1080  1082 D dalvikvm: GC_CONCURRENT freed 490K, 6% free 10121K/10695K, paused 2ms+5ms
06-08 14:30:11.367   596   598 D dalvikvm: GC_CONCURRENT freed 690K, 9% free 9741K/10631K, paused 2ms+4ms
06-08 14:30:11.472  1353  1353 I wpa_supplicant: wlan0: Trying to associate with d0:c2:82:2d:e5:b1 (SSID='UB_Wireless' freq=2437 MHz)
06-08 14:30:11.558   596   598 D dalvikvm: GC_CONCURRENT freed 196K, 7% free 9931K/10631K, paused 2ms+3ms
06-08 14:30:11.839   596   598 D dalvikvm: GC_CONCURRENT freed 332K, 7% free 9985K/10631K, paused 2ms+2ms
06-08 14:30:12.050   596   598 D dalvikvm: GC_CONCURRENT freed 370K, 6% free 10001K/10631K, paused 2ms+2ms
06-08 14:30:12.371   596   598 D dalvikvm: GC_CONCURRENT freed 331K, 6% free 10056K/10631K, paused 2ms+3ms
06-08 14:30:14.093    82   122 D AudioHardware: AudioHardware pcm playback is going to standby.
06-08 14:30:14.093    82   122 D AudioHardware: closePcmOut_l() mPcmOpenCnt: 1
06-08 14:30:15.218   559   561 D dalvikvm: GC_CONCURRENT freed 468K, 7% free 10783K/11591K, paused 2ms+3ms
06-08 14:30:15.328   596   598 D dalvikvm: GC_CONCURRENT freed 792K, 9% free 9714K/10631K, paused 2ms+3ms
06-08 14:30:15.492   596   598 D dalvikvm: GC_CONCURRENT freed 181K, 7% free 9919K/10631K, paused 2ms+3ms
06-08 14:30:15.683   596   598 D dalvikvm: GC_CONCURRENT freed 320K, 7% free 9989K/10631K, paused 2ms+2ms
06-08 14:30:15.859   596   598 D dalvikvm: GC_CONCURRENT freed 365K, 6% free 10013K/10631K, paused 2ms+3ms
06-08 14:30:16.171   596   598 D dalvikvm: GC_CONCURRENT freed 342K, 6% free 10060K/10631K, paused 2ms+2ms
06-08 14:30:16.906   151   162 D AlarmManagerService: Kernel timezone updated to 240 minutes west of GMT
06-08 14:30:18.437   559   561 D dalvikvm: GC_CONCURRENT freed 468K, 7% free 10802K/11591K, paused 2ms+3ms
06-08 14:30:18.515   559  1663 D dalvikvm: GC_EXPLICIT freed 25K, 7% free 10820K/11591K, paused 3ms+5ms
06-08 14:30:18.558   596   598 D dalvikvm: GC_CONCURRENT freed 790K, 9% free 9720K/10631K, paused 6ms+3ms
06-08 14:30:18.711   596   598 D dalvikvm: GC_CONCURRENT freed 187K, 7% free 9919K/10631K, paused 2ms+3ms
06-08 14:30:18.898   596   598 D dalvikvm: GC_CONCURRENT freed 318K, 7% free 9990K/10631K, paused 2ms+2ms
06-08 14:30:19.093   596   598 D dalvikvm: GC_CONCURRENT freed 368K, 6% free 10008K/10631K, paused 2ms+3ms
06-08 14:30:19.406   596   598 D dalvikvm: GC_CONCURRENT freed 338K, 6% free 10055K/10631K, paused 2ms+3ms
06-08 14:30:20.472   596   598 D dalvikvm: GC_CONCURRENT freed 788K, 9% free 9740K/10631K, paused 2ms+3ms
06-08 14:30:20.629   596   598 D dalvikvm: GC_CONCURRENT freed 204K, 7% free 9926K/10631K, paused 2ms+3ms
06-08 14:30:20.812   596   598 D dalvikvm: GC_CONCURRENT freed 326K, 7% free 9989K/10631K, paused 2ms+3ms
06-08 14:30:20.996   596   598 D dalvikvm: GC_CONCURRENT freed 371K, 6% free 10008K/10631K, paused 2ms+3ms
06-08 14:30:21.296   596   598 D dalvikvm: GC_CONCURRENT freed 330K, 6% free 10063K/10631K, paused 2ms+3ms
06-08 14:30:21.597  1353  1353 I wpa_supplicant: wlan0: Authentication with d0:c2:82:2d:e5:b1 timed out.
06-08 14:30:22.254    82   122 D AudioHardware: AudioHardware pcm playback is exiting standby.
06-08 14:30:22.254    82   122 D AudioHardware: openPcmOut_l() mPcmOpenCnt: 0
06-08 14:30:22.558  1353  1353 I wpa_supplicant: wlan0: Trying to associate with d0:c2:82:67:e7:61 (SSID='UB_Wireless' freq=2412 MHz)
06-08 14:30:22.855  1080  1082 D dalvikvm: GC_CONCURRENT freed 492K, 6% free 10126K/10695K, paused 1ms+4ms
06-08 14:30:23.660   559   561 D dalvikvm: GC_CONCURRENT freed 435K, 7% free 10870K/11591K, paused 2ms+2ms
06-08 14:30:23.824   151  1037 D dalvikvm: GC_EXPLICIT freed 281K, 8% free 12669K/13767K, paused 3ms+5ms
06-08 14:30:23.957   596   598 D dalvikvm: GC_CONCURRENT freed 789K, 9% free 9732K/10631K, paused 2ms+3ms
06-08 14:30:24.254   596   598 D dalvikvm: GC_CONCURRENT freed 201K, 7% free 9917K/10631K, paused 2ms+2ms
06-08 14:30:24.464   596   598 D dalvikvm: GC_CONCURRENT freed 319K, 7% free 9990K/10631K, paused 2ms+3ms
06-08 14:30:24.570  1353  1353 I wpa_supplicant: wlan0: Trying to associate with d0:c2:82:67:e7:61 (SSID='UB_Wireless' freq=2412 MHz)
06-08 14:30:24.605    76   114 D CommandListener: Clearing all IP addresses on wlan0
06-08 14:30:24.605  1353  1353 I wpa_supplicant: wlan0: Associated with d0:c2:82:67:e7:61
06-08 14:30:24.605  1353  1353 I wpa_supplicant: wlan0: CTRL-EVENT-CONNECTED - Connection to d0:c2:82:67:e7:61 completed (reauth) [id=0 id_str=]
06-08 14:30:24.886   596   598 D dalvikvm: GC_CONCURRENT freed 370K, 6% free 10008K/10631K, paused 2ms+2ms
06-08 14:30:25.203   596   598 D dalvikvm: GC_CONCURRENT freed 337K, 6% free 10057K/10631K, paused 2ms+3ms
06-08 14:30:27.156    82   122 D AudioHardware: AudioHardware pcm playback is going to standby.
06-08 14:30:27.156    82   122 D AudioHardware: closePcmOut_l() mPcmOpenCnt: 1
06-08 14:30:28.004   559   561 D dalvikvm: GC_CONCURRENT freed 444K, 6% free 10936K/11591K, paused 2ms+3ms
06-08 14:30:28.125   596   683 D dalvikvm: GC_EXPLICIT freed 776K, 10% free 9655K/10631K, paused 5ms+5ms
06-08 14:30:28.273   596   598 D dalvikvm: GC_CONCURRENT freed 136K, 7% free 9907K/10631K, paused 1ms+2ms
06-08 14:30:28.539   596   598 D dalvikvm: GC_CONCURRENT freed 303K, 6% free 9999K/10631K, paused 2ms+36ms
06-08 14:30:28.601   151   313 D ConnectivityService: ConnectivityChange for WIFI: CONNECTED/CONNECTED
06-08 14:30:28.605   151   313 D ConnectivityService: Policy requires mobile teardown
06-08 14:30:28.625  1258  1258 I PhoneLab-WiFiReceiver: Wi-Fi is connected!
06-08 14:30:28.625  1258  1258 I PhoneLab-WiFiReceiver: SSID: UB_Wireless BSSID: d0:c2:82:67:e7:61 RSSI: -200 LinkSpeed: -1
06-08 14:30:28.625  1258  1258 I PhoneLab-Locks: wake lock acquired
06-08 14:30:28.632  1258  1258 I PhoneLab-UploadLogs: Transfering log files now
06-08 14:30:28.722   151   307 W NetworkStats: dropping UID delta from unknown iface: iface=wlan0 uid=0 set=DEFAULT tag=0x0 rxBytes=0 rxPackets=0 txBytes=272 txPackets=4 operations=0
06-08 14:30:28.726   151   313 D ConnectivityService: ConnectivityChange for mobile: DISCONNECTED/DISCONNECTED
06-08 14:30:28.726   151   313 D ConnectivityService: Attempting to switch to WIFI
06-08 14:30:28.796   151   313 D ConnectivityService: Attempting to switch to WIMAX
06-08 14:30:28.796   151   313 D ConnectivityService: Attempting to switch to BLUETOOTH_TETHER
06-08 14:30:28.804   151   313 D NetUtils: android_net_utils_resetConnections in env=0x891dc0 clazz=0x70400001 iface=rmnet0 mask=0x3
06-08 14:30:28.804   151   313 D ConnectivityService: resetConnections(rmnet0, 3)
06-08 14:30:28.953  1080  1082 D dalvikvm: GC_CONCURRENT freed 494K, 6% free 10123K/10695K, paused 1ms+4ms
06-08 14:30:28.957  1258  1261 D dalvikvm: GC_CONCURRENT freed 399K, 6% free 9415K/9927K, paused 2ms+19ms
06-08 14:30:29.004  1258  1258 D dalvikvm: GC_FOR_ALLOC freed 90K, 6% free 9448K/9991K, paused 43ms
06-08 14:30:29.004  1258  1258 I dalvikvm-heap: Grow heap (frag case) to 9.414MB for 123476-byte allocation
06-08 14:30:29.031  1258  1258 D dalvikvm: GC_FOR_ALLOC freed 56K, 7% free 9512K/10119K, paused 17ms
06-08 14:30:29.031  1258  1258 I dalvikvm-heap: Grow heap (frag case) to 9.601MB for 254548-byte allocation
06-08 14:30:29.058  1258  1267 D dalvikvm: GC_FOR_ALLOC freed 124K, 8% free 9636K/10375K, paused 17ms
06-08 14:30:29.062   559  1491 W Smack/Packet: notify conn break (IOEx), close connection
06-08 14:30:29.086  1258  1258 D dalvikvm: GC_FOR_ALLOC freed 0K, 8% free 9636K/10375K, paused 14ms
06-08 14:30:29.086  1258  1258 I dalvikvm-heap: Grow heap (frag case) to 9.971MB for 516692-byte allocation
06-08 14:30:29.113  1258  1267 D dalvikvm: GC_FOR_ALLOC freed 248K, 10% free 9892K/10887K, paused 16ms
06-08 14:30:29.140  1258  1258 I PhoneLab-UploadLogs: OnStartCommand
06-08 14:30:29.160  1258  1261 D dalvikvm: GC_CONCURRENT freed 140K, 11% free 9765K/10887K, paused 2ms+2ms
06-08 14:30:29.211  1258  1837 D dalvikvm: GC_FOR_ALLOC freed 332K, 11% free 9759K/10887K, paused 15ms
06-08 14:30:29.222   559  1491 I qtaguid : Failed write_ctrl(u 81) res=-1 errno=22
06-08 14:30:29.226   559  1491 I qtaguid : Untagging socket 81 failed errno=-22
06-08 14:30:29.226   559  1491 W NetworkManagementSocketTagger: untagSocket(81) failed with errno -22
06-08 14:30:29.234  1258  1837 D dalvikvm: GC_FOR_ALLOC freed 301K, 11% free 9759K/10887K, paused 20ms
06-08 14:30:29.254  1258  1837 D dalvikvm: GC_FOR_ALLOC freed 301K, 11% free 9760K/10887K, paused 18ms
06-08 14:30:29.257   151   313 D ConnectivityService: handleInetConditionChange: net=0 != default=1 - ignore
06-08 14:30:29.273  1258  1258 I PhoneLab-: 1339180176768.log is deleted
06-08 14:30:29.273  1258  1258 I PhoneLab-: Response: <HTML><HEAD><TITLE> Web Authentication Redirect</TITLE><META http-equiv="Cache-control" content="no-cache"><META http-equiv="Pragma" content="no-cache"><META http-equiv="Expires" content="-1"><META http-equiv="refresh" content="1; URL=https://ubwireless.cit.buffalo.edu/login.html?redirect=107.22.187.240/log/A000002A286CCA/"></HEAD></HTML>
06-08 14:30:29.273  1258  1258 E PhoneLab-: Server response cannot be parsed to JSON object
06-08 14:30:29.375   596   598 D dalvikvm: GC_CONCURRENT freed 391K, 6% free 9996K/10631K, paused 2ms+3ms
06-08 14:30:29.722   596   598 D dalvikvm: GC_CONCURRENT freed 316K, 6% free 10064K/10631K, paused 2ms+3ms
06-08 14:30:30.933   151   162 D AlarmManagerService: Kernel timezone updated to 240 minutes west of GMT
06-08 14:30:32.086   151   316 D Tethering: MasterInitialState.processMessage what=3
06-08 14:30:32.171   151   168 I ActivityManager: Start proc android.process.media for broadcast com.android.providers.downloads/.DownloadReceiver: pid=1840 uid=10012 gids={1015, 1023, 1024, 2001, 3003, 3007}
06-08 14:30:32.195   151   316 D Tethering: MasterInitialState.processMessage what=3
06-08 14:30:32.199   151   316 D Tethering: MasterInitialState.processMessage what=3
06-08 14:30:32.285   559   559 I GTalkService/c: [AndroidEndpoint@1094371424] connect: acct=1000000, state=CONNECTING
06-08 14:30:32.355  1840  1840 I ActivityThread: Pub media: com.android.providers.media.MediaProvider
06-08 14:30:32.371   559   559 I GTalkService/c: [GTalkConnection@1094665464] connect: acct=1, state=CONNECTING
06-08 14:30:32.410   389   391 D dalvikvm: GC_CONCURRENT freed 401K, 9% free 9655K/10567K, paused 10ms+8ms
06-08 14:30:32.613   389   391 D dalvikvm: GC_CONCURRENT freed 203K, 7% free 9921K/10567K, paused 2ms+11ms
06-08 14:30:32.695  1840  1840 I ActivityThread: Pub downloads: com.android.providers.downloads.DownloadProvider
06-08 14:30:32.750  1840  1842 D dalvikvm: GC_CONCURRENT freed 349K, 5% free 9145K/9607K, paused 3ms+9ms
06-08 14:30:32.785   151   153 D dalvikvm: GC_CONCURRENT freed 731K, 8% free 12729K/13767K, paused 23ms+22ms
06-08 14:30:32.785  1840  1840 I ActivityThread: Pub drm: com.android.providers.drm.DrmProvider
06-08 14:30:32.789  1840  1855 I DownloadManager: in removeSpuriousFiles
06-08 14:30:32.816   389   389 D dalvikvm: GC_FOR_ALLOC freed 377K, 8% free 9745K/10567K, paused 64ms
06-08 14:30:32.925   151  1038 I ActivityManager: Start proc com.google.android.apps.uploader for broadcast com.google.android.apps.uploader/.ConnectivityBroadcastReceiver: pid=1857 uid=10031 gids={3003}
06-08 14:30:32.933  1857  1857 I dalvikvm: Turning on JNI app bug workarounds for target SDK version 11...
06-08 14:30:32.980  1111  1125 D PicasaSyncManager: active network: NetworkInfo: type: WIFI[], state: CONNECTED/CONNECTED, reason: (unspecified), extra: (none), roaming: false, failover: false, isAvailable: true
06-08 14:30:32.988  1111  1125 D PicasaSyncManager: background data: true
06-08 14:30:33.031  1857  1857 I ActivityThread: Pub com.google.android.apps.uploader: com.google.android.apps.uploader.UploadsContentProvider
06-08 14:30:33.031  1857  1857 I ActivityThread: Pub com.google.photos.provider.Album: com.google.android.apps.uploader.clients.picasa.AlbumProvider
06-08 14:30:33.043  1857  1857 D MediaUploader: UploaderApplication.onCreate
06-08 14:30:33.078  1857  1857 D MediaUploader: nonWifiLimit=20971520, default=20971520
06-08 14:30:33.082  1857  1857 I MediaUploader: No need to wake up
06-08 14:30:33.132  1111  1125 D PicasaSyncManager: active network: NetworkInfo: type: WIFI[], state: CONNECTED/CONNECTED, reason: (unspecified), extra: (none), roaming: false, failover: false, isAvailable: true
06-08 14:30:33.132  1111  1125 D PicasaSyncManager: background data: true
06-08 14:30:33.152  1857  1857 I MediaUploader: No need to wake up
06-08 14:30:33.207  1111  1125 D PicasaSyncManager: active network: NetworkInfo: type: WIFI[], state: CONNECTED/CONNECTED, reason: (unspecified), extra: (none), roaming: false, failover: false, isAvailable: true
06-08 14:30:33.207  1111  1125 D PicasaSyncManager: background data: true
06-08 14:30:33.234  1857  1857 I MediaUploader: No need to wake up
06-08 14:30:33.246   151   666 I ActivityManager: No longer want com.android.exchange (pid 1303): hidden #16
06-08 14:30:33.254   559   561 D dalvikvm: GC_CONCURRENT freed 638K, 7% free 10845K/11591K, paused 5ms+6ms
06-08 14:30:33.761   596   598 D dalvikvm: GC_CONCURRENT freed 456K, 6% free 10041K/10631K, paused 2ms+3ms
06-08 14:30:34.375   596   598 D dalvikvm: GC_CONCURRENT freed 617K, 8% free 9819K/10631K, paused 2ms+3ms
06-08 14:30:34.578   596   598 D dalvikvm: GC_CONCURRENT freed 249K, 7% free 9958K/10631K, paused 2ms+2ms
06-08 14:30:34.730   151   493 D dalvikvm: GC_EXPLICIT freed 615K, 8% free 12676K/13767K, paused 3ms+4ms
06-08 14:30:34.828   596   598 D dalvikvm: GC_CONCURRENT freed 348K, 6% free 9997K/10631K, paused 2ms+2ms
06-08 14:30:35.039   596   598 D dalvikvm: GC_CONCURRENT freed 368K, 6% free 10019K/10631K, paused 2ms+4ms
06-08 14:30:35.379   596   674 D dalvikvm: GC_FOR_ALLOC freed 307K, 6% free 10059K/10631K, paused 20ms
06-08 14:30:38.191   559   561 D dalvikvm: GC_CONCURRENT freed 534K, 7% free 10826K/11591K, paused 2ms+4ms
06-08 14:30:38.379   596   598 D dalvikvm: GC_CONCURRENT freed 702K, 8% free 9804K/10631K, paused 2ms+3ms
06-08 14:30:38.574   596   598 D dalvikvm: GC_CONCURRENT freed 243K, 7% free 9951K/10631K, paused 2ms+3ms
06-08 14:30:38.773   596   598 D dalvikvm: GC_CONCURRENT freed 349K, 7% free 9989K/10631K, paused 2ms+3ms
06-08 14:30:38.957   596   598 D dalvikvm: GC_CONCURRENT freed 361K, 6% free 10012K/10631K, paused 2ms+3ms
06-08 14:30:39.312   596   598 D dalvikvm: GC_CONCURRENT freed 330K, 6% free 10067K/10631K, paused 2ms+3ms
06-08 14:30:40.132   559   561 D dalvikvm: GC_CONCURRENT freed 442K, 7% free 10892K/11591K, paused 2ms+3ms
06-08 14:30:40.371  1080  1080 D OpenGLRenderer: Flushing caches (mode 0)
06-08 14:30:40.429   596   598 D dalvikvm: GC_CONCURRENT freed 720K, 8% free 9814K/10631K, paused 83ms+3ms
06-08 14:30:40.683   596   598 D dalvikvm: GC_CONCURRENT freed 251K, 7% free 9952K/10631K, paused 2ms+3ms
06-08 14:30:40.863   596   598 D dalvikvm: GC_CONCURRENT freed 348K, 7% free 9992K/10631K, paused 2ms+3ms
06-08 14:30:41.066   596   598 D dalvikvm: GC_CONCURRENT freed 357K, 6% free 10022K/10631K, paused 2ms+2ms
06-08 14:30:41.394   596   683 D dalvikvm: GC_FOR_ALLOC freed 329K, 6% free 10066K/10631K, paused 20ms
06-08 14:30:43.332   559   561 D dalvikvm: GC_CONCURRENT freed 721K, 8% free 10682K/11591K, paused 2ms+3ms
06-08 14:30:43.484   596   598 D dalvikvm: GC_CONCURRENT freed 726K, 8% free 9788K/10631K, paused 1ms+3ms
06-08 14:30:43.664   596   598 D dalvikvm: GC_CONCURRENT freed 226K, 7% free 9950K/10631K, paused 2ms+3ms
06-08 14:30:43.851   596   598 D dalvikvm: GC_CONCURRENT freed 340K, 6% free 9998K/10631K, paused 2ms+3ms
06-08 14:30:44.035   596   598 D dalvikvm: GC_CONCURRENT freed 361K, 6% free 10022K/10631K, paused 2ms+2ms
06-08 14:30:44.382   596   672 D dalvikvm: GC_FOR_ALLOC freed 331K, 6% free 10072K/10631K, paused 21ms
06-08 14:30:45.625   151   552 D dalvikvm: GC_FOR_ALLOC freed 355K, 8% free 12685K/13767K, paused 73ms
06-08 14:30:45.687   151   162 W InputManagerService: Starting input on non-focused client com.android.internal.view.IInputMethodClient$Stub$Proxy@413dd148 (uid=1000 pid=1080)
06-08 14:30:45.707  1080  1080 D OpenGLRenderer: Flushing caches (mode 0)
06-08 14:30:46.238   151   167 I ActivityManager: No longer want com.android.email (pid 1533): hidden #16
06-08 14:30:46.269  1080  1080 D OpenGLRenderer: Flushing caches (mode 1)
06-08 14:30:46.410   559   561 D dalvikvm: GC_CONCURRENT freed 434K, 8% free 10686K/11591K, paused 2ms+2ms
06-08 14:30:46.593   596   598 D dalvikvm: GC_CONCURRENT freed 728K, 8% free 9785K/10631K, paused 1ms+3ms
06-08 14:30:46.812   596   598 D dalvikvm: GC_CONCURRENT freed 229K, 7% free 9943K/10631K, paused 2ms+3ms
06-08 14:30:47.054   596   598 D dalvikvm: GC_CONCURRENT freed 348K, 7% free 9984K/10631K, paused 2ms+2ms
06-08 14:30:47.254   596   598 D dalvikvm: GC_CONCURRENT freed 365K, 6% free 10013K/10631K, paused 2ms+3ms
06-08 14:30:47.492   151   552 I ActivityManager: START {act=android.intent.action.MAIN cat=[android.intent.category.LAUNCHER] flg=0x10200000 cmp=com.android.browser/.BrowserActivity bnds=[384,706][480,802]} from pid 1696
06-08 14:30:47.504    82   122 D AudioHardware: AudioHardware pcm playback is exiting standby.
06-08 14:30:47.504    82   122 D AudioHardware: openPcmOut_l() mPcmOpenCnt: 0
06-08 14:30:47.589   151   552 D dalvikvm: GC_FOR_ALLOC freed 234K, 9% free 12666K/13767K, paused 44ms
06-08 14:30:47.601  1511  1511 D WebViewTimersControl: onBrowserActivityResume
06-08 14:30:47.605  1511  1511 D WebViewTimersControl: Resuming webview timers, view=com.android.browser.BrowserWebView@413a2c98
06-08 14:30:47.605  1511  1511 W BaseUi  : mMainView is already attached to wrapper in attachTabToContentView!
06-08 14:30:47.605  1511  1511 W BaseUi  : mContainer is already attached to content in attachTabToContentView!
06-08 14:30:47.734  1696  1696 D OpenGLRenderer: Flushing caches (mode 0)
06-08 14:30:48.171  1696  1696 D OpenGLRenderer: Flushing caches (mode 1)
06-08 14:30:48.218   596   598 D dalvikvm: GC_CONCURRENT freed 354K, 6% free 10044K/10631K, paused 3ms+4ms
06-08 14:30:48.765   596   598 D dalvikvm: GC_CONCURRENT freed 364K, 6% free 10065K/10631K, paused 2ms+4ms
06-08 14:30:49.363   559   561 D dalvikvm: GC_CONCURRENT freed 441K, 8% free 10699K/11591K, paused 2ms+3ms
06-08 14:30:49.464   151  1038 D dalvikvm: GC_EXPLICIT freed 159K, 9% free 12660K/13767K, paused 3ms+4ms
06-08 14:30:49.597   596   598 D dalvikvm: GC_CONCURRENT freed 583K, 7% free 9914K/10631K, paused 2ms+2ms
06-08 14:30:49.832   596   598 D dalvikvm: GC_CONCURRENT freed 315K, 7% free 9988K/10631K, paused 2ms+3ms
06-08 14:30:50.023   596   598 D dalvikvm: GC_CONCURRENT freed 377K, 6% free 9997K/10631K, paused 1ms+3ms
06-08 14:30:50.254   596   598 D dalvikvm: GC_CONCURRENT freed 355K, 6% free 10026K/10631K, paused 2ms+2ms
06-08 14:30:50.593   596   683 D dalvikvm: GC_FOR_ALLOC freed 317K, 6% free 10075K/10631K, paused 20ms
06-08 14:30:50.593    82   122 D AudioHardware: AudioHardware pcm playback is going to standby.
06-08 14:30:50.593    82   122 D AudioHardware: closePcmOut_l() mPcmOpenCnt: 1
06-08 14:30:53.793   559   561 D dalvikvm: GC_CONCURRENT freed 455K, 8% free 10686K/11591K, paused 2ms+3ms
06-08 14:30:53.937   596   683 D dalvikvm: GC_EXPLICIT freed 694K, 10% free 9652K/10631K, paused 5ms+3ms
06-08 14:30:54.086   596   598 D dalvikvm: GC_CONCURRENT freed 116K, 7% free 9922K/10631K, paused 2ms+2ms
06-08 14:30:54.265   596   598 D dalvikvm: GC_CONCURRENT freed 325K, 7% free 9984K/10631K, paused 1ms+3ms
06-08 14:30:54.445   596   598 D dalvikvm: GC_CONCURRENT freed 356K, 6% free 10017K/10631K, paused 2ms+3ms
06-08 14:30:54.765   596   598 D dalvikvm: GC_CONCURRENT freed 341K, 6% free 10069K/10631K, paused 2ms+3ms
06-08 14:30:56.941   559   561 D dalvikvm: GC_CONCURRENT freed 439K, 8% free 10687K/11591K, paused 3ms+3ms
06-08 14:30:57.156   596   598 D dalvikvm: GC_CONCURRENT freed 808K, 9% free 9721K/10631K, paused 3ms+7ms
06-08 14:30:57.367   596   598 D dalvikvm: GC_CONCURRENT freed 189K, 7% free 9919K/10631K, paused 4ms+2ms
06-08 14:30:57.640   596   598 D dalvikvm: GC_CONCURRENT freed 322K, 7% free 9984K/10631K, paused 2ms+2ms
06-08 14:30:57.921   596   598 D dalvikvm: GC_CONCURRENT freed 361K, 6% free 10009K/10631K, paused 2ms+3ms
06-08 14:30:58.285   596   598 D dalvikvm: GC_CONCURRENT freed 339K, 6% free 10054K/10631K, paused 2ms+4ms
06-08 14:30:58.757  1511  1513 D dalvikvm: GC_CONCURRENT freed 405K, 5% free 10832K/11335K, paused 3ms+8ms
06-08 14:31:01.457   559   561 D dalvikvm: GC_CONCURRENT freed 436K, 8% free 10686K/11591K, paused 2ms+4ms
06-08 14:31:01.636   596   598 D dalvikvm: GC_CONCURRENT freed 789K, 9% free 9740K/10631K, paused 2ms+3ms
06-08 14:31:01.804   596   598 D dalvikvm: GC_CONCURRENT freed 194K, 7% free 9936K/10631K, paused 2ms+3ms
06-08 14:31:02.035   596   598 D dalvikvm: GC_CONCURRENT freed 324K, 6% free 10003K/10631K, paused 2ms+9ms
06-08 14:31:03.254   596   598 D dalvikvm: GC_CONCURRENT freed 377K, 6% free 10016K/10631K, paused 3ms+3ms
06-08 14:31:03.664   596   598 D dalvikvm: GC_CONCURRENT freed 337K, 6% free 10065K/10631K, paused 3ms+2ms
06-08 14:31:04.812   151   374 D dalvikvm: GC_EXPLICIT freed 240K, 8% free 12671K/13767K, paused 36ms+6ms
06-08 14:31:06.007   389   389 D dalvikvm: GC_FOR_ALLOC freed 187K, 7% free 9911K/10567K, paused 26ms
06-08 14:31:06.043   389   389 D dalvikvm: GC_FOR_ALLOC freed 333K, 7% free 9894K/10567K, paused 15ms
06-08 14:31:06.117   389   391 D dalvikvm: GC_CONCURRENT freed 322K, 6% free 10024K/10567K, paused 2ms+3ms
06-08 14:31:06.945   559   561 D dalvikvm: GC_CONCURRENT freed 432K, 8% free 10701K/11591K, paused 2ms+5ms
06-08 14:31:07.519   596   598 D dalvikvm: GC_CONCURRENT freed 813K, 9% free 9695K/10631K, paused 88ms+3ms
06-08 14:31:07.882   596   598 D dalvikvm: GC_CONCURRENT freed 166K, 7% free 9915K/10631K, paused 16ms+2ms
06-08 14:31:08.062   596   598 D dalvikvm: GC_CONCURRENT freed 313K, 6% free 9995K/10631K, paused 2ms+3ms
06-08 14:31:08.269   596   598 D dalvikvm: GC_CONCURRENT freed 372K, 6% free 10015K/10631K, paused 2ms+26ms
06-08 14:31:08.586   596   598 D dalvikvm: GC_CONCURRENT freed 354K, 6% free 10056K/10631K, paused 2ms+2ms
06-08 14:31:09.093   454   457 D dalvikvm: GC_CONCURRENT freed 405K, 5% free 10614K/11143K, paused 2ms+3ms
06-08 14:31:09.257  1511  1513 D dalvikvm: GC_CONCURRENT freed 505K, 6% free 10842K/11463K, paused 3ms+3ms
06-08 14:31:09.414  1511  1511 W IInputConnectionWrapper: getCursorCapsMode on inactive InputConnection
06-08 14:31:09.550  1511  1511 W IInputConnectionWrapper: getCursorCapsMode on inactive InputConnection
06-08 14:31:09.652  1511  1511 W IInputConnectionWrapper: getCursorCapsMode on inactive InputConnection
06-08 14:31:09.773   454   457 D dalvikvm: GC_CONCURRENT freed 594K, 6% free 10621K/11271K, paused 1ms+11ms
06-08 14:31:09.828   151   153 D dalvikvm: GC_CONCURRENT freed 900K, 8% free 12684K/13767K, paused 2ms+5ms
06-08 14:31:09.832  1511  1511 W IInputConnectionWrapper: getCursorCapsMode on inactive InputConnection
06-08 14:31:10.828   454   454 D dalvikvm: GC_FOR_ALLOC freed 387K, 7% free 10525K/11271K, paused 23ms
06-08 14:31:11.355   454   457 D dalvikvm: GC_CONCURRENT freed 475K, 7% free 10552K/11271K, paused 2ms+9ms
06-08 14:31:11.429   389   391 D dalvikvm: GC_CONCURRENT freed 296K, 4% free 10148K/10567K, paused 2ms+3ms
06-08 14:31:11.609   151   153 D dalvikvm: GC_CONCURRENT freed 907K, 8% free 12694K/13767K, paused 3ms+6ms
06-08 14:31:11.898   559   561 D dalvikvm: GC_CONCURRENT freed 461K, 8% free 10717K/11591K, paused 3ms+4ms
06-08 14:31:11.976   596   598 D dalvikvm: GC_CONCURRENT freed 812K, 9% free 9686K/10631K, paused 2ms+5ms
06-08 14:31:12.140   596   598 D dalvikvm: GC_CONCURRENT freed 167K, 7% free 9907K/10631K, paused 2ms+4ms
06-08 14:31:12.429   596   598 D dalvikvm: GC_CONCURRENT freed 306K, 7% free 9986K/10631K, paused 1ms+3ms
06-08 14:31:12.632   596   598 D dalvikvm: GC_CONCURRENT freed 367K, 6% free 10007K/10631K, paused 2ms+2ms
06-08 14:31:12.957   596   598 D dalvikvm: GC_CONCURRENT freed 350K, 6% free 10054K/10631K, paused 2ms+3ms
06-08 14:31:14.566   454   457 D dalvikvm: GC_CONCURRENT freed 518K, 7% free 10484K/11271K, paused 2ms+8ms
06-08 14:31:15.125   454   457 D dalvikvm: GC_CONCURRENT freed 428K, 7% free 10544K/11271K, paused 2ms+4ms
06-08 14:31:15.472   151   153 D dalvikvm: GC_CONCURRENT freed 926K, 8% free 12689K/13767K, paused 2ms+95ms
06-08 14:31:15.629   454   457 D dalvikvm: GC_CONCURRENT freed 460K, 7% free 10487K/11271K, paused 1ms+2ms
06-08 14:31:16.086   559   561 D dalvikvm: GC_CONCURRENT freed 459K, 8% free 10729K/11591K, paused 3ms+3ms
06-08 14:31:16.160   596   598 D dalvikvm: GC_CONCURRENT freed 826K, 9% free 9681K/10631K, paused 2ms+2ms
06-08 14:31:16.332   596   598 D dalvikvm: GC_CONCURRENT freed 161K, 7% free 9907K/10631K, paused 2ms+3ms
06-08 14:31:16.570   596   598 D dalvikvm: GC_CONCURRENT freed 305K, 7% free 9988K/10631K, paused 2ms+3ms
06-08 14:31:16.757   596   598 D dalvikvm: GC_CONCURRENT freed 367K, 6% free 10007K/10631K, paused 2ms+3ms
06-08 14:31:17.093   596   598 D dalvikvm: GC_CONCURRENT freed 348K, 6% free 10046K/10631K, paused 2ms+3ms
06-08 14:31:17.668   596   598 D dalvikvm: GC_CONCURRENT freed 347K, 6% free 10085K/10631K, paused 2ms+3ms
06-08 14:31:20.195   559   561 D dalvikvm: GC_CONCURRENT freed 475K, 8% free 10735K/11591K, paused 2ms+14ms
06-08 14:31:20.347   596   598 D dalvikvm: GC_CONCURRENT freed 637K, 8% free 9873K/10631K, paused 2ms+3ms
06-08 14:31:20.570   596   598 D dalvikvm: GC_CONCURRENT freed 280K, 7% free 9981K/10631K, paused 2ms+2ms
06-08 14:31:20.804   596   598 D dalvikvm: GC_CONCURRENT freed 361K, 6% free 10016K/10631K, paused 2ms+2ms
06-08 14:31:20.875   151  1038 D dalvikvm: GC_EXPLICIT freed 217K, 8% free 12667K/13767K, paused 4ms+4ms
06-08 14:31:21.175   596   598 D dalvikvm: GC_CONCURRENT freed 354K, 6% free 10049K/10631K, paused 2ms+2ms
06-08 14:31:21.949   596   598 D dalvikvm: GC_CONCURRENT freed 416K, 6% free 10081K/10695K, paused 6ms+3ms
06-08 14:31:24.300   596   598 D dalvikvm: GC_CONCURRENT freed 589K, 8% free 9887K/10695K, paused 2ms+4ms
06-08 14:31:24.566   596   619 D dalvikvm: GC_EXPLICIT freed 176K, 8% free 9932K/10695K, paused 2ms+3ms
06-08 14:31:24.754   596   598 D dalvikvm: GC_CONCURRENT freed 328K, 7% free 9994K/10695K, paused 2ms+3ms
06-08 14:31:25.004   596   598 D dalvikvm: GC_CONCURRENT freed 373K, 7% free 10007K/10695K, paused 3ms+2ms
06-08 14:31:25.496   596   598 D dalvikvm: GC_CONCURRENT freed 328K, 6% free 10073K/10695K, paused 2ms+3ms
06-08 14:31:27.918    82   122 D AudioHardware: AudioHardware pcm playback is exiting standby.
06-08 14:31:27.918    82   122 D AudioHardware: openPcmOut_l() mPcmOpenCnt: 0
06-08 14:31:28.097   389   389 D dalvikvm: GC_FOR_ALLOC freed 544K, 8% free 9965K/10759K, paused 75ms
06-08 14:31:28.406   559   561 D dalvikvm: GC_CONCURRENT freed 525K, 8% free 10678K/11591K, paused 3ms+3ms
06-08 14:31:28.625   596   598 D dalvikvm: GC_CONCURRENT freed 722K, 9% free 9759K/10695K, paused 3ms+2ms
06-08 14:31:28.824   596   598 D dalvikvm: GC_CONCURRENT freed 218K, 8% free 9929K/10695K, paused 2ms+2ms
06-08 14:31:29.019   596   598 D dalvikvm: GC_CONCURRENT freed 334K, 7% free 9981K/10695K, paused 2ms+2ms
06-08 14:31:29.230   596   598 D dalvikvm: GC_CONCURRENT freed 368K, 7% free 10002K/10695K, paused 1ms+3ms
06-08 14:31:29.703   596   598 D dalvikvm: GC_CONCURRENT freed 330K, 6% free 10058K/10695K, paused 3ms+3ms
06-08 14:31:31.011    82   122 D AudioHardware: AudioHardware pcm playback is going to standby.
06-08 14:31:31.011    82   122 D AudioHardware: closePcmOut_l() mPcmOpenCnt: 1
06-08 14:31:32.183    82   122 D AudioHardware: AudioHardware pcm playback is exiting standby.
06-08 14:31:32.183    82   122 D AudioHardware: openPcmOut_l() mPcmOpenCnt: 0
06-08 14:31:32.285   151  1035 W InputManagerService: Window already focused, ignoring focus gain of: com.android.internal.view.IInputMethodClient$Stub$Proxy@41416018
06-08 14:31:32.347   559   561 D dalvikvm: GC_CONCURRENT freed 659K, 10% free 10457K/11591K, paused 5ms+6ms
06-08 14:31:32.629  1511  1513 D dalvikvm: GC_CONCURRENT freed 494K, 6% free 10855K/11463K, paused 6ms+4ms
06-08 14:31:32.945   596   598 D dalvikvm: GC_CONCURRENT freed 697K, 9% free 9773K/10695K, paused 27ms+84ms
06-08 14:31:33.793   596   598 D dalvikvm: GC_CONCURRENT freed 225K, 8% free 9944K/10695K, paused 2ms+3ms
06-08 14:31:34.058   596   598 D dalvikvm: GC_CONCURRENT freed 345K, 7% free 9989K/10695K, paused 2ms+8ms
06-08 14:31:34.359   596   598 D dalvikvm: GC_CONCURRENT freed 375K, 7% free 10004K/10695K, paused 2ms+3ms
06-08 14:31:34.718   596   598 D dalvikvm: GC_CONCURRENT freed 328K, 6% free 10065K/10695K, paused 2ms+4ms
06-08 14:31:35.273    82   122 D AudioHardware: AudioHardware pcm playback is going to standby.
06-08 14:31:35.273    82   122 D AudioHardware: closePcmOut_l() mPcmOpenCnt: 1
06-08 14:31:35.800   559   561 D dalvikvm: GC_CONCURRENT freed 444K, 11% free 10405K/11591K, paused 3ms+4ms
06-08 14:31:35.906   596   598 D dalvikvm: GC_CONCURRENT freed 780K, 10% free 9684K/10695K, paused 2ms+3ms
06-08 14:31:36.054   596   598 D dalvikvm: GC_CONCURRENT freed 162K, 8% free 9913K/10695K, paused 2ms+2ms
06-08 14:31:36.250   596   598 D dalvikvm: GC_CONCURRENT freed 315K, 7% free 9987K/10695K, paused 2ms+2ms
06-08 14:31:36.441   596   598 D dalvikvm: GC_CONCURRENT freed 361K, 7% free 10010K/10695K, paused 1ms+3ms
06-08 14:31:36.699  1258  1291 I PhoneLab-: Service Running
06-08 14:31:36.761  1258  1291 I PhoneLab-LoggerService: app_38    1301  1258  1788   1416  c00f181c 400107b4 S logcat
06-08 14:31:36.761  1258  1291 I PhoneLab-LoggerService: Logcat pid from database 1301
06-08 14:31:36.761  1258  1291 I PhoneLab-LoggerService: Logcat process found 1301
06-08 14:31:36.761  1258  1291 I PhoneLab-LoggerService: Checking Threshold
06-08 14:31:36.773  1258  1261 D dalvikvm: GC_CONCURRENT freed 872K, 15% free 9276K/10887K, paused 2ms+2ms
06-08 14:31:36.847   596   598 D dalvikvm: GC_CONCURRENT freed 342K, 7% free 10053K/10695K, paused 2ms+2ms
06-08 14:31:40.011   151   151 D dalvikvm: GC_EXPLICIT freed 315K, 8% free 12681K/13767K, paused 2ms+8ms
06-08 14:31:40.589   454   457 D dalvikvm: GC_CONCURRENT freed 390K, 7% free 10557K/11271K, paused 2ms+20ms
06-08 14:31:40.711   389   391 D dalvikvm: GC_CONCURRENT freed 296K, 7% free 10088K/10759K, paused 2ms+3ms
06-08 14:31:40.929   389   389 D dalvikvm: GC_FOR_ALLOC freed 249K, 9% free 9898K/10759K, paused 79ms
06-08 14:31:41.461   559   561 D dalvikvm: GC_CONCURRENT freed 433K, 11% free 10367K/11591K, paused 5ms+3ms
06-08 14:31:42.347   596   598 D dalvikvm: GC_CONCURRENT freed 786K, 10% free 9658K/10695K, paused 3ms+4ms
06-08 14:31:43.046   559   561 D dalvikvm: GC_CONCURRENT freed 260K, 10% free 10538K/11591K, paused 2ms+3ms
06-08 14:31:43.379   596   598 D dalvikvm: GC_CONCURRENT freed 228K, 8% free 9842K/10695K, paused 2ms+2ms
06-08 14:31:43.379   559   561 D dalvikvm: GC_CONCURRENT freed 203K, 8% free 10724K/11591K, paused 2ms+4ms
06-08 14:31:43.632   596   598 D dalvikvm: GC_CONCURRENT freed 260K, 7% free 9969K/10695K, paused 2ms+3ms
06-08 14:31:43.886   596   598 D dalvikvm: GC_CONCURRENT freed 352K, 7% free 10007K/10695K, paused 2ms+3ms
06-08 14:31:44.105   596   598 D dalvikvm: GC_CONCURRENT freed 356K, 7% free 10041K/10695K, paused 2ms+2ms
06-08 14:31:44.586   596   598 D dalvikvm: GC_CONCURRENT freed 344K, 6% free 10086K/10695K, paused 2ms+3ms
06-08 14:31:45.976   389   389 D dalvikvm: GC_FOR_ALLOC freed 382K, 9% free 9892K/10759K, paused 67ms
06-08 14:31:46.992   559   561 D dalvikvm: GC_CONCURRENT freed 420K, 8% free 10770K/11591K, paused 89ms+5ms
06-08 14:31:47.277  1511  1513 D dalvikvm: GC_CONCURRENT freed 517K, 6% free 10902K/11527K, paused 6ms+5ms
06-08 14:31:47.988   454   457 D dalvikvm: GC_CONCURRENT freed 480K, 7% free 10508K/11271K, paused 2ms+38ms
06-08 14:31:48.035   389   391 D dalvikvm: GC_CONCURRENT freed 274K, 7% free 10085K/10759K, paused 2ms+2ms
06-08 14:31:48.062   151   153 D dalvikvm: GC_CONCURRENT freed 874K, 8% free 12724K/13767K, paused 2ms+25ms
06-08 14:31:48.379   389   389 D dalvikvm: GC_FOR_ALLOC freed 224K, 9% free 9899K/10759K, paused 121ms
06-08 14:31:48.984   596   598 D dalvikvm: GC_CONCURRENT freed 691K, 9% free 9795K/10695K, paused 2ms+3ms
06-08 14:31:49.250   596   598 D dalvikvm: GC_CONCURRENT freed 236K, 7% free 9947K/10695K, paused 2ms+3ms
06-08 14:31:49.570   596   598 D dalvikvm: GC_CONCURRENT freed 343K, 7% free 9990K/10695K, paused 2ms+3ms
06-08 14:31:49.793   596   598 D dalvikvm: GC_CONCURRENT freed 357K, 7% free 10022K/10695K, paused 2ms+3ms
06-08 14:31:50.277   596   598 D dalvikvm: GC_CONCURRENT freed 341K, 6% free 10076K/10695K, paused 2ms+2ms
06-08 14:31:53.156   559   561 D dalvikvm: GC_CONCURRENT freed 451K, 7% free 10793K/11591K, paused 2ms+10ms
06-08 14:31:53.324   596   598 D dalvikvm: GC_CONCURRENT freed 671K, 9% free 9814K/10695K, paused 2ms+4ms
06-08 14:31:53.699   596   598 D dalvikvm: GC_CONCURRENT freed 238K, 7% free 9962K/10695K, paused 2ms+2ms
06-08 14:31:54.183   596   598 D dalvikvm: GC_CONCURRENT freed 350K, 7% free 10008K/10695K, paused 72ms+4ms
06-08 14:31:54.429   596   598 D dalvikvm: GC_CONCURRENT freed 366K, 7% free 10033K/10695K, paused 3ms+2ms
06-08 14:31:54.933   596   598 D dalvikvm: GC_CONCURRENT freed 335K, 6% free 10083K/10695K, paused 2ms+2ms
06-08 14:31:55.953   596   598 D dalvikvm: GC_CONCURRENT freed 698K, 9% free 9791K/10695K, paused 2ms+2ms
06-08 14:31:56.222   596   598 D dalvikvm: GC_CONCURRENT freed 222K, 7% free 9958K/10695K, paused 1ms+2ms
06-08 14:31:56.336   596   611 D dalvikvm: GC_EXPLICIT freed 194K, 7% free 9947K/10695K, paused 2ms+3ms
06-08 14:31:56.398   151   491 D dalvikvm: GC_EXPLICIT freed 334K, 8% free 12671K/13767K, paused 3ms+5ms
06-08 14:31:56.668   596   598 D dalvikvm: GC_CONCURRENT freed 322K, 7% free 10010K/10695K, paused 2ms+3ms
06-08 14:31:56.972   596   598 D dalvikvm: GC_CONCURRENT freed 353K, 7% free 10051K/10695K, paused 1ms+3ms
06-08 14:31:57.609   596   598 D dalvikvm: GC_CONCURRENT freed 362K, 6% free 10073K/10695K, paused 57ms+4ms
06-08 14:31:59.363   454  1887 E ActivityThread: Failed to find provider info for com.android.inputmethod.latin.dictionarypack
06-08 14:31:59.484   454  1887 E BinaryDictionaryGetter: Could not find a dictionary pack
06-08 14:31:59.824   454   457 D dalvikvm: GC_CONCURRENT freed 391K, 7% free 10502K/11271K, paused 17ms+3ms
06-08 14:32:00.277   454   457 D dalvikvm: GC_CONCURRENT freed 180K, 4% free 10834K/11271K, paused 2ms+30ms
06-08 14:32:00.453   454   457 D dalvikvm: GC_CONCURRENT freed 217K, 3% free 11236K/11527K, paused 2ms+4ms
06-08 14:32:00.523   559   561 D dalvikvm: GC_CONCURRENT freed 450K, 7% free 10850K/11591K, paused 178ms+3ms
06-08 14:32:00.816   596   598 D dalvikvm: GC_CONCURRENT freed 617K, 8% free 9867K/10695K, paused 58ms+3ms
06-08 14:32:01.062   596   598 D dalvikvm: GC_CONCURRENT freed 263K, 7% free 9990K/10695K, paused 2ms+2ms
06-08 14:32:01.433   596   598 D dalvikvm: GC_CONCURRENT freed 367K, 7% free 10008K/10695K, paused 1ms+3ms
06-08 14:32:01.683   596   598 D dalvikvm: GC_CONCURRENT freed 351K, 7% free 10043K/10695K, paused 2ms+3ms
06-08 14:32:02.402   596   598 D dalvikvm: GC_CONCURRENT freed 331K, 6% free 10102K/10695K, paused 2ms+2ms
06-08 14:32:05.988   559   561 D dalvikvm: GC_CONCURRENT freed 437K, 6% free 10917K/11591K, paused 2ms+4ms
06-08 14:32:06.171   596   598 D dalvikvm: GC_CONCURRENT freed 724K, 9% free 9772K/10695K, paused 2ms+3ms
06-08 14:32:06.464   596   598 D dalvikvm: GC_CONCURRENT freed 214K, 7% free 9948K/10695K, paused 2ms+2ms
06-08 14:32:06.921   596   598 D dalvikvm: GC_CONCURRENT freed 334K, 7% free 10000K/10695K, paused 2ms+2ms
06-08 14:32:06.992   559   561 D dalvikvm: GC_CONCURRENT freed 584K, 7% free 10878K/11591K, paused 6ms+3ms
06-08 14:32:07.449   596   598 D dalvikvm: GC_CONCURRENT freed 337K, 7% free 10053K/10695K, paused 2ms+2ms
06-08 14:32:07.562   151   313 D ConnectivityService: handleInetConditionHoldEnd: net=1, condition=100, published condition=0
06-08 14:32:09.461  1585  1587 D dalvikvm: GC_CONCURRENT freed 471K, 6% free 9359K/9927K, paused 6ms+2ms
06-08 14:32:09.566   596   598 D dalvikvm: GC_CONCURRENT freed 380K, 6% free 10059K/10695K, paused 2ms+4ms
06-08 14:32:12.437   559   561 D dalvikvm: GC_CONCURRENT freed 543K, 7% free 10849K/11591K, paused 2ms+4ms
06-08 14:32:12.527   596   598 D dalvikvm: GC_CONCURRENT freed 805K, 10% free 9650K/10695K, paused 19ms+5ms
06-08 14:32:12.894   454   457 D dalvikvm: GC_CONCURRENT freed 481K, 6% free 11428K/12039K, paused 5ms+4ms
06-08 14:32:12.937   596   598 D dalvikvm: GC_CONCURRENT freed 120K, 8% free 9915K/10695K, paused 121ms+3ms
06-08 14:32:13.472   596   598 D dalvikvm: GC_CONCURRENT freed 312K, 7% free 9996K/10695K, paused 78ms+3ms
06-08 14:32:13.675   596   598 D dalvikvm: GC_CONCURRENT freed 371K, 7% free 10017K/10695K, paused 2ms+3ms
06-08 14:32:14.050   596   598 D dalvikvm: GC_CONCURRENT freed 347K, 6% free 10057K/10695K, paused 2ms+2ms
06-08 14:32:14.660   596   598 D dalvikvm: GC_CONCURRENT freed 360K, 6% free 10083K/10695K, paused 2ms+3ms
06-08 14:32:15.949   559   561 D dalvikvm: GC_CONCURRENT freed 485K, 7% free 10859K/11591K, paused 3ms+3ms
06-08 14:32:16.054   596   598 D dalvikvm: GC_CONCURRENT freed 616K, 8% free 9867K/10695K, paused 2ms+2ms
06-08 14:32:16.324   151  1035 D dalvikvm: GC_EXPLICIT freed 562K, 8% free 12699K/13767K, paused 3ms+5ms
06-08 14:32:16.757  1236  1236 D OpenGLRenderer: Flushing caches (mode 1)
06-08 14:32:16.976  1430  1432 D dalvikvm: GC_CONCURRENT freed 273K, 5% free 9394K/9799K, paused 2ms+3ms
06-08 14:32:16.992   596   598 D dalvikvm: GC_CONCURRENT freed 266K, 7% free 9987K/10695K, paused 2ms+8ms
06-08 14:32:17.609   596   598 D dalvikvm: GC_CONCURRENT freed 368K, 7% free 10006K/10695K, paused 2ms+4ms
06-08 14:32:18.351   596   598 D dalvikvm: GC_CONCURRENT freed 346K, 7% free 10044K/10695K, paused 2ms+3ms
06-08 14:32:18.859   596   598 D dalvikvm: GC_CONCURRENT freed 340K, 6% free 10090K/10695K, paused 2ms+2ms
06-08 14:32:19.796  1430  1909 D dalvikvm: GC_EXPLICIT freed 360K, 5% free 9442K/9927K, paused 5ms+13ms
06-08 14:32:19.816  1430  1909 I Gmail   : getStartSyncRequest: handledServerOpId: 0, upperFetchedConvoId: 0, lowerFetchedConvoId: 0, ackedClientOp: 0
06-08 14:32:19.855  1236  1236 D OpenGLRenderer: Flushing caches (mode 1)
06-08 14:32:21.859  1430  1432 D dalvikvm: GC_CONCURRENT freed 388K, 6% free 9469K/9991K, paused 2ms+2ms
06-08 14:32:22.203  1430  1432 D dalvikvm: GC_CONCURRENT freed 372K, 6% free 9490K/9991K, paused 8ms+22ms
06-08 14:32:22.394   559  1651 D ContactsSyncAdapter: FAILURE: processed 2140 records in 298139 ms from feed http://www.google.com/m8/feeds/contacts/drqiao02@gmail.com/base2_property-android_linksto-gprofiles, updated time is null
06-08 14:32:22.410   559  1663 D ContactsSyncAdapter: EntityReader thread ended: mForcedClosed is true
06-08 14:32:22.421   559  1662 V ContactsSyncAdapter: GDataFeedFetcher thread ended: mForcedClosed is true
06-08 14:32:22.543  1430  1432 D dalvikvm: GC_CONCURRENT freed 430K, 6% free 9504K/10055K, paused 2ms+14ms
06-08 14:32:22.863  1430  1432 D dalvikvm: GC_CONCURRENT freed 434K, 6% free 9492K/10055K, paused 3ms+3ms
06-08 14:32:23.113  1430  1432 D dalvikvm: GC_CONCURRENT freed 420K, 6% free 9514K/10055K, paused 53ms+2ms
06-08 14:32:23.261  1430  1432 D dalvikvm: GC_CONCURRENT freed 431K, 6% free 9496K/10055K, paused 2ms+2ms
06-08 14:32:23.398  1430  1432 D dalvikvm: GC_CONCURRENT freed 405K, 6% free 9523K/10055K, paused 2ms+2ms
06-08 14:32:23.593  1430  1432 D dalvikvm: GC_CONCURRENT freed 408K, 6% free 9522K/10055K, paused 2ms+60ms
06-08 14:32:23.734  1430  1432 D dalvikvm: GC_CONCURRENT freed 423K, 6% free 9509K/10055K, paused 2ms+2ms
06-08 14:32:23.875  1430  1432 D dalvikvm: GC_CONCURRENT freed 387K, 6% free 9539K/10055K, paused 4ms+2ms
06-08 14:32:24.089  1430  1432 D dalvikvm: GC_CONCURRENT freed 444K, 6% free 9541K/10119K, paused 2ms+62ms
06-08 14:32:25.843   454   457 D dalvikvm: GC_CONCURRENT freed 780K, 7% free 11505K/12359K, paused 3ms+31ms
06-08 14:32:25.945   151   153 D dalvikvm: GC_CONCURRENT freed 916K, 8% free 12704K/13767K, paused 3ms+28ms
06-08 14:32:26.449  1430  1432 D dalvikvm: GC_CONCURRENT freed 410K, 6% free 9574K/10119K, paused 2ms+3ms
06-08 14:32:26.543  1430  1909 I Gmail   : checkLabelsSets changed the label sets to: included([^^out, ^r]), partial([^i, ^f, ^iim]), all([userlabel:-1070197525, userlabel:-764815956, userlabel:-865698022, userlabel:2914456, ^io_im, userlabel:975537515, userlabel:628416567, userlabel:1382828425, userlabel:3655441, userlabel:94101, userlabel:93982, userlabel:-1367603330, userlabel:697207660, userlabel:1932735430, userlabel:-1492276990, userlabel:-1492276991, userlabel:-1492276992, userlabel:791486643, userlabel:-934348968, userlabel:3208415, ^imi, ^iim, ^all, userlabel:2896756, ^imn, userlabel:-2125032259, userlabel:-1351414049, userlabel:443164224, userlabel:-1492276993, userlabel:-1492276994, userlabel:1169406089, userlabel:3106197, userlabel:-563871351, userlabel:-535462700, ^i, ^g, userlabel:1876018584, ^f, ^k, userlabel:-1508083783, userlabel:-808725189, userlabel:2061801365, userlabel:93692, ^b, userlabel:-1414265340, userlabel:98413, userlabel:3026, userlabel:100361430, userlabel:3025, userlabel:109932, ^t, userlabel:105008833, ^u, userlabel:843908213, ^r, userlabel:-1492383895, ^s])
06-08 14:32:26.582  1430  1909 I Gmail   : calculateUnknownSyncRationalesAndPurgeInBackground: queueing
06-08 14:32:26.582  1430  1604 I Gmail   : calculateUnknownSyncRationalesAndPurgeInBackground: running
06-08 14:32:26.754  1430  1909 D dalvikvm: GC_EXPLICIT freed 172K, 6% free 9529K/10119K, paused 4ms+4ms
06-08 14:32:27.035  1430  1909 I Gmail   : MainSyncRequestProto: lowestBkwdConvoId: 1404232364287066113, highestHandledServerOp: 3941381, normalSync: true
06-08 14:32:27.101  1236  1236 D OpenGLRenderer: Flushing caches (mode 1)
06-08 14:32:30.484  1430  1432 D dalvikvm: GC_CONCURRENT freed 360K, 6% free 9554K/10119K, paused 4ms+3ms
06-08 14:32:31.461   151   153 D dalvikvm: GC_CONCURRENT freed 820K, 8% free 12678K/13767K, paused 3ms+4ms
06-08 14:32:35.000  1430  1432 D dalvikvm: GC_CONCURRENT freed 433K, 6% free 9552K/10119K, paused 2ms+3ms
06-08 14:32:35.796  1430  1909 D dalvikvm: GC_EXPLICIT freed 152K, 6% free 9527K/10119K, paused 6ms+3ms
06-08 14:32:35.808  1430  1909 I Gmail   : MainSyncRequestProto: lowestBkwdConvoId: 1403448238018224969, highestHandledServerOp: 3941382, normalSync: true
06-08 14:32:35.890  1236  1236 D OpenGLRenderer: Flushing caches (mode 1)
06-08 14:32:36.879   485   485 I RegisteredComponentCache: ComponentInfo: ResolveInfo{41335270 com.android.apps.tag.TagViewer p=0 o=0 m=0x108000}, techs: android.nfc.tech.Ndef, 
06-08 14:32:36.957   151   167 D PackageManager: generateServicesMap(android.accounts.AccountAuthenticator): 3 services unchanged
06-08 14:32:37.109   151   167 D PackageManager: generateServicesMap(android.content.SyncAdapter): 10 services unchanged
06-08 14:32:37.754  1111  1113 D dalvikvm: GC_CONCURRENT freed 478K, 7% free 9325K/9927K, paused 15ms+11ms
06-08 14:32:37.796  1696  1696 I Launcher: setLoadOnResume
06-08 14:32:39.000  1696  1698 D dalvikvm: GC_CONCURRENT freed 2639K, 37% free 11980K/18823K, paused 7ms+6ms
06-08 14:32:44.918  1430  1432 D dalvikvm: GC_CONCURRENT freed 361K, 6% free 9552K/10119K, paused 4ms+7ms
06-08 14:32:49.304  1430  1432 D dalvikvm: GC_CONCURRENT freed 430K, 6% free 9554K/10119K, paused 2ms+4ms
06-08 14:32:49.976  1430  1909 D dalvikvm: GC_FOR_ALLOC freed 302K, 6% free 9639K/10183K, paused 21ms
06-08 14:32:50.070  1430  1909 D dalvikvm: GC_FOR_ALLOC freed 256K, 7% free 9629K/10247K, paused 20ms
06-08 14:32:50.070  1430  1909 I dalvikvm-heap: Grow heap (frag case) to 9.593MB for 125512-byte allocation
06-08 14:32:50.109  1430  1909 D dalvikvm: GC_FOR_ALLOC freed 11K, 7% free 9740K/10375K, paused 16ms
06-08 14:32:50.129  1430  1909 D dalvikvm: GC_FOR_ALLOC freed 64K, 7% free 9739K/10375K, paused 16ms
06-08 14:32:50.129  1430  1909 I dalvikvm-heap: Grow heap (frag case) to 9.701MB for 125092-byte allocation
06-08 14:32:50.171  1430  1909 D dalvikvm: GC_FOR_ALLOC freed 61K, 7% free 9801K/10503K, paused 39ms
06-08 14:32:50.461  1430  1432 D dalvikvm: GC_CONCURRENT freed 601K, 9% free 9587K/10503K, paused 2ms+6ms
06-08 14:32:50.746  1430  1432 D dalvikvm: GC_CONCURRENT freed 372K, 9% free 9632K/10503K, paused 3ms+4ms
06-08 14:32:51.027  1430  1432 D dalvikvm: GC_CONCURRENT freed 305K, 8% free 9740K/10503K, paused 2ms+2ms
06-08 14:32:51.105  1430  1909 D dalvikvm: GC_FOR_ALLOC freed 442K, 9% free 9641K/10503K, paused 27ms
06-08 14:32:51.203  1430  1909 D dalvikvm: GC_FOR_ALLOC freed 84K, 7% free 9789K/10503K, paused 63ms
06-08 14:32:51.316  1430  1909 D dalvikvm: GC_FOR_ALLOC freed 76K, 7% free 9866K/10503K, paused 107ms
06-08 14:32:51.316  1430  1909 I dalvikvm-heap: Grow heap (frag case) to 9.780MB for 78583-byte allocation
06-08 14:32:51.394  1430  1909 D dalvikvm: GC_FOR_ALLOC freed 153K, 8% free 9789K/10631K, paused 58ms
06-08 14:32:52.531  1430  1432 D dalvikvm: GC_CONCURRENT freed 583K, 10% free 9594K/10631K, paused 2ms+4ms
06-08 14:32:53.015  1430  1432 D dalvikvm: GC_CONCURRENT freed 383K, 10% free 9599K/10631K, paused 101ms+3ms
06-08 14:32:54.230  1430  1432 D dalvikvm: GC_CONCURRENT freed 386K, 10% free 9597K/10631K, paused 2ms+3ms
06-08 14:32:54.714  1430  1432 D dalvikvm: GC_CONCURRENT freed 365K, 10% free 9624K/10631K, paused 3ms+3ms
06-08 14:32:54.929  1430  1432 D dalvikvm: GC_CONCURRENT freed 432K, 10% free 9583K/10631K, paused 2ms+3ms
06-08 14:32:55.211  1430  1432 D dalvikvm: GC_CONCURRENT freed 318K, 9% free 9705K/10631K, paused 2ms+2ms
06-08 14:32:55.793   454   457 D dalvikvm: GC_CONCURRENT freed 797K, 8% free 11494K/12423K, paused 17ms+14ms
06-08 14:32:55.918   389   389 D dalvikvm: GC_FOR_ALLOC freed 312K, 8% free 9957K/10759K, paused 41ms
06-08 14:32:55.941  1430  1432 D dalvikvm: GC_CONCURRENT freed 476K, 10% free 9616K/10631K, paused 3ms+252ms
06-08 14:32:55.992   389   391 D dalvikvm: GC_CONCURRENT freed 385K, 7% free 10010K/10759K, paused 4ms+3ms
06-08 14:32:56.195  1511  1513 D dalvikvm: GC_CONCURRENT freed 608K, 6% free 10897K/11591K, paused 11ms+4ms
06-08 14:32:56.586  1430  1432 D dalvikvm: GC_CONCURRENT freed 327K, 9% free 9687K/10631K, paused 3ms+5ms
06-08 14:32:56.781  1430  1432 D dalvikvm: GC_CONCURRENT freed 486K, 10% free 9588K/10631K, paused 2ms+3ms
06-08 14:32:57.015  1430  1432 D dalvikvm: GC_CONCURRENT freed 326K, 9% free 9680K/10631K, paused 2ms+3ms
06-08 14:32:57.191  1430  1432 D dalvikvm: GC_CONCURRENT freed 414K, 10% free 9656K/10631K, paused 2ms+3ms
06-08 14:32:57.546  1430  1432 D dalvikvm: GC_CONCURRENT freed 345K, 9% free 9735K/10631K, paused 2ms+3ms
06-08 14:32:57.754  1430  1432 D dalvikvm: GC_CONCURRENT freed 476K, 9% free 9691K/10631K, paused 2ms+3ms
06-08 14:32:58.023  1430  1432 D dalvikvm: GC_CONCURRENT freed 481K, 10% free 9601K/10631K, paused 2ms+3ms
06-08 14:32:58.183  1430  1432 D dalvikvm: GC_CONCURRENT freed 321K, 9% free 9681K/10631K, paused 2ms+3ms
06-08 14:32:58.550  1430  1432 D dalvikvm: GC_CONCURRENT freed 438K, 10% free 9649K/10631K, paused 2ms+3ms
06-08 14:32:58.796  1430  1909 D dalvikvm: GC_EXPLICIT freed 441K, 10% free 9584K/10631K, paused 4ms+3ms
06-08 14:32:58.812  1430  1909 I Gmail   : MainSyncRequestProto: lowestBkwdConvoId: 1402175534060075605, highestHandledServerOp: 3941383, normalSync: true
06-08 14:32:58.851  1236  1236 D OpenGLRenderer: Flushing caches (mode 1)
06-08 14:33:00.308    82   122 D AudioHardware: AudioHardware pcm playback is exiting standby.
06-08 14:33:00.308    82   122 D AudioHardware: openPcmOut_l() mPcmOpenCnt: 0
06-08 14:33:00.410   151   163 W InputManagerService: Window already focused, ignoring focus gain of: com.android.internal.view.IInputMethodClient$Stub$Proxy@413929a0
06-08 14:33:03.406    82   122 D AudioHardware: AudioHardware pcm playback is going to standby.
06-08 14:33:03.406    82   122 D AudioHardware: closePcmOut_l() mPcmOpenCnt: 1
06-08 14:33:04.273   151   153 D dalvikvm: GC_CONCURRENT freed 768K, 7% free 12817K/13767K, paused 3ms+14ms
06-08 14:33:04.351   389   391 D dalvikvm: GC_CONCURRENT freed 363K, 7% free 10096K/10759K, paused 2ms+19ms
06-08 14:33:08.808  1430  1432 D dalvikvm: GC_CONCURRENT freed 378K, 10% free 9590K/10631K, paused 2ms+9ms
06-08 14:33:11.664  1430  1432 D dalvikvm: GC_CONCURRENT freed 390K, 10% free 9586K/10631K, paused 3ms+3ms
06-08 14:33:13.890  1430  1432 D dalvikvm: GC_CONCURRENT freed 350K, 10% free 9622K/10631K, paused 2ms+2ms
06-08 14:33:13.980  1430  1432 D dalvikvm: GC_CONCURRENT freed 406K, 10% free 9611K/10631K, paused 1ms+2ms
06-08 14:33:14.355  1430  1432 D dalvikvm: GC_CONCURRENT freed 437K, 10% free 9572K/10631K, paused 3ms+2ms
06-08 14:33:14.843  1430  1432 D dalvikvm: GC_CONCURRENT freed 271K, 9% free 9725K/10631K, paused 2ms+3ms
06-08 14:33:15.168  1430  1432 D dalvikvm: GC_CONCURRENT freed 520K, 10% free 9591K/10631K, paused 4ms+53ms
06-08 14:33:15.562  1430  1432 D dalvikvm: GC_CONCURRENT freed 353K, 10% free 9623K/10631K, paused 2ms+6ms
06-08 14:33:15.949  1430  1432 D dalvikvm: GC_CONCURRENT freed 328K, 9% free 9684K/10631K, paused 3ms+6ms
06-08 14:33:16.359  1430  1432 D dalvikvm: GC_CONCURRENT freed 453K, 10% free 9616K/10631K, paused 2ms+3ms
06-08 14:33:16.929  1430  1432 D dalvikvm: GC_CONCURRENT freed 389K, 10% free 9621K/10631K, paused 2ms+3ms
06-08 14:33:17.367  1430  1432 D dalvikvm: GC_CONCURRENT freed 395K, 10% free 9611K/10631K, paused 2ms+5ms
06-08 14:33:18.238  1430  1432 D dalvikvm: GC_CONCURRENT freed 383K, 10% free 9626K/10631K, paused 2ms+3ms
06-08 14:33:18.714  1430  1432 D dalvikvm: GC_CONCURRENT freed 406K, 10% free 9612K/10631K, paused 4ms+6ms
06-08 14:33:19.152  1430  1432 D dalvikvm: GC_CONCURRENT freed 359K, 10% free 9665K/10631K, paused 4ms+6ms
06-08 14:33:19.453  1430  1432 D dalvikvm: GC_CONCURRENT freed 466K, 10% free 9588K/10631K, paused 3ms+3ms
06-08 14:33:19.699  1430  1432 D dalvikvm: GC_CONCURRENT freed 381K, 10% free 9596K/10631K, paused 2ms+3ms
06-08 14:33:19.976  1430  1432 D dalvikvm: GC_CONCURRENT freed 403K, 10% free 9581K/10631K, paused 2ms+2ms
06-08 14:33:20.418  1430  1432 D dalvikvm: GC_CONCURRENT freed 371K, 10% free 9601K/10631K, paused 8ms+3ms
06-08 14:33:20.668  1430  1909 D dalvikvm: GC_EXPLICIT freed 271K, 10% free 9588K/10631K, paused 2ms+4ms
06-08 14:33:20.691  1430  1909 I Gmail   : MainSyncRequestProto: lowestBkwdConvoId: 1379171930440382575, highestHandledServerOp: 3941383, normalSync: true
06-08 14:33:20.730  1236  1236 D OpenGLRenderer: Flushing caches (mode 1)
06-08 14:33:23.937   454   457 D dalvikvm: GC_CONCURRENT freed 1734K, 16% free 10501K/12423K, paused 5ms+14ms
06-08 14:33:24.625   454   457 D dalvikvm: GC_CONCURRENT freed 405K, 16% free 10528K/12423K, paused 2ms+16ms
06-08 14:33:24.671   151   153 D dalvikvm: GC_CONCURRENT freed 1124K, 9% free 12688K/13895K, paused 4ms+12ms
06-08 14:33:29.699  1511  1518 I dalvikvm: Jit: resizing JitTable from 4096 to 8192
06-08 14:33:30.820  1430  1432 D dalvikvm: GC_CONCURRENT freed 379K, 10% free 9595K/10631K, paused 4ms+3ms
06-08 14:33:31.285  1430  1432 D dalvikvm: GC_CONCURRENT freed 379K, 10% free 9600K/10631K, paused 3ms+7ms
06-08 14:33:31.695    82   122 D AudioHardware: AudioHardware pcm playback is exiting standby.
06-08 14:33:31.695    82   122 D AudioHardware: openPcmOut_l() mPcmOpenCnt: 0
06-08 14:33:31.879   389   389 D dalvikvm: GC_FOR_ALLOC freed 484K, 8% free 9956K/10759K, paused 79ms
06-08 14:33:32.062  1511  1513 D dalvikvm: GC_CONCURRENT freed 570K, 7% free 10905K/11655K, paused 6ms+4ms
06-08 14:33:32.269  1511  1782 D dalvikvm: GC_EXPLICIT freed 91K, 8% free 10826K/11655K, paused 4ms+41ms
06-08 14:33:32.320  1430  1432 D dalvikvm: GC_CONCURRENT freed 388K, 10% free 9598K/10631K, paused 2ms+3ms
06-08 14:33:32.679  1430  1432 D dalvikvm: GC_CONCURRENT freed 393K, 10% free 9593K/10631K, paused 3ms+6ms
06-08 14:33:32.992  1430  1432 D dalvikvm: GC_CONCURRENT freed 382K, 10% free 9595K/10631K, paused 2ms+4ms
06-08 14:33:33.640  1430  1432 D dalvikvm: GC_CONCURRENT freed 373K, 10% free 9623K/10631K, paused 2ms+2ms
06-08 14:33:34.113  1430  1432 D dalvikvm: GC_CONCURRENT freed 395K, 10% free 9612K/10631K, paused 2ms+4ms
06-08 14:33:34.644  1430  1432 D dalvikvm: GC_CONCURRENT freed 379K, 10% free 9619K/10631K, paused 2ms+2ms
06-08 14:33:34.785    82   122 D AudioHardware: AudioHardware pcm playback is going to standby.
06-08 14:33:34.785    82   122 D AudioHardware: closePcmOut_l() mPcmOpenCnt: 1
06-08 14:33:34.836    82   122 D AudioHardware: AudioHardware pcm playback is exiting standby.
06-08 14:33:34.836    82   122 D AudioHardware: openPcmOut_l() mPcmOpenCnt: 0
06-08 14:33:34.961   151   491 W InputManagerService: Window already focused, ignoring focus gain of: com.android.internal.view.IInputMethodClient$Stub$Proxy@41597db0
06-08 14:33:35.125  1430  1432 D dalvikvm: GC_CONCURRENT freed 352K, 9% free 9749K/10631K, paused 3ms+3ms
06-08 14:33:35.546  1430  1432 D dalvikvm: GC_CONCURRENT freed 520K, 10% free 9619K/10631K, paused 2ms+6ms
06-08 14:33:35.820  1430  1432 D dalvikvm: GC_CONCURRENT freed 402K, 10% free 9609K/10631K, paused 2ms+2ms
06-08 14:33:36.222  1430  1432 D dalvikvm: GC_CONCURRENT freed 369K, 10% free 9629K/10631K, paused 2ms+3ms
06-08 14:33:36.343  1430  1432 D dalvikvm: GC_CONCURRENT freed 443K, 10% free 9578K/10631K, paused 2ms+2ms
06-08 14:33:36.671  1430  1432 D dalvikvm: GC_CONCURRENT freed 370K, 10% free 9596K/10631K, paused 1ms+2ms
06-08 14:33:36.757  1258  1291 I PhoneLab-: Service Running
06-08 14:33:37.312  1258  1291 I PhoneLab-LoggerService: app_38    1301  1258  1788   1412  c00f181c 400107b4 S logcat
06-08 14:33:37.312  1258  1291 I PhoneLab-LoggerService: Logcat pid from database 1301
06-08 14:33:37.312  1258  1291 I PhoneLab-LoggerService: Logcat process found 1301
06-08 14:33:37.312  1258  1291 I PhoneLab-LoggerService: Checking Threshold
06-08 14:33:37.668  1430  1432 D dalvikvm: GC_CONCURRENT freed 379K, 10% free 9608K/10631K, paused 2ms+2ms
06-08 14:33:37.933    82   122 D AudioHardware: AudioHardware pcm playback is going to standby.
06-08 14:33:37.933    82   122 D AudioHardware: closePcmOut_l() mPcmOpenCnt: 1
06-08 14:33:37.945  1430  1432 D dalvikvm: GC_CONCURRENT freed 396K, 10% free 9599K/10631K, paused 3ms+3ms
06-08 14:33:38.101  1430  1432 D dalvikvm: GC_CONCURRENT freed 373K, 10% free 9623K/10631K, paused 3ms+2ms
06-08 14:33:38.265  1430  1432 D dalvikvm: GC_CONCURRENT freed 423K, 10% free 9583K/10631K, paused 2ms+2ms
06-08 14:33:38.644  1430  1432 D dalvikvm: GC_CONCURRENT freed 368K, 10% free 9603K/10631K, paused 2ms+3ms
06-08 14:33:39.191  1430  1432 D dalvikvm: GC_CONCURRENT freed 368K, 10% free 9621K/10631K, paused 2ms+2ms
06-08 14:33:39.664  1430  1432 D dalvikvm: GC_CONCURRENT freed 390K, 10% free 9617K/10631K, paused 2ms+4ms
06-08 14:33:39.910  1430  1432 D dalvikvm: GC_CONCURRENT freed 396K, 10% free 9626K/10631K, paused 3ms+2ms
06-08 14:33:40.164  1430  1432 D dalvikvm: GC_CONCURRENT freed 426K, 10% free 9589K/10631K, paused 2ms+3ms
06-08 14:33:40.293  1430  1432 D dalvikvm: GC_CONCURRENT freed 405K, 10% free 9588K/10631K, paused 2ms+3ms
06-08 14:33:40.640  1430  1909 D dalvikvm: GC_EXPLICIT freed 291K, 10% free 9594K/10631K, paused 2ms+4ms
06-08 14:33:40.664  1430  1909 I Gmail   : MainSyncRequestProto: lowestBkwdConvoId: 0, highestHandledServerOp: 3941383, normalSync: true
06-08 14:33:40.707  1236  1236 D OpenGLRenderer: Flushing caches (mode 1)
06-08 14:33:41.765  1430  1432 D dalvikvm: GC_CONCURRENT freed 349K, 10% free 9647K/10631K, paused 2ms+3ms
06-08 14:33:42.535  1430  1432 D dalvikvm: GC_CONCURRENT freed 454K, 10% free 9584K/10631K, paused 2ms+3ms
06-08 14:33:42.605  1430  1909 D dalvikvm: GC_EXPLICIT freed 124K, 11% free 9555K/10631K, paused 2ms+3ms
06-08 14:33:42.629  1430  1909 I Gmail   : MainSyncRequestProto: lowestBkwdConvoId: 0, highestHandledServerOp: 3941411, normalSync: true
06-08 14:33:42.668  1236  1236 D OpenGLRenderer: Flushing caches (mode 1)
06-08 14:33:47.660  1430  1432 D dalvikvm: GC_CONCURRENT freed 336K, 10% free 9606K/10631K, paused 2ms+6ms
06-08 14:33:48.214  1430  1432 D dalvikvm: GC_CONCURRENT freed 365K, 10% free 9626K/10631K, paused 2ms+3ms
06-08 14:33:48.527  1430  1432 D dalvikvm: GC_CONCURRENT freed 407K, 10% free 9606K/10631K, paused 2ms+2ms
06-08 14:33:48.808  1430  1432 D dalvikvm: GC_CONCURRENT freed 381K, 10% free 9616K/10631K, paused 2ms+2ms
06-08 14:33:49.289  1430  1432 D dalvikvm: GC_CONCURRENT freed 387K, 10% free 9617K/10631K, paused 2ms+3ms
06-08 14:33:49.804  1430  1432 D dalvikvm: GC_CONCURRENT freed 377K, 10% free 9631K/10631K, paused 2ms+3ms
06-08 14:33:50.261  1430  1432 D dalvikvm: GC_CONCURRENT freed 401K, 10% free 9617K/10631K, paused 2ms+3ms
06-08 14:33:52.347  1430  1432 D dalvikvm: GC_CONCURRENT freed 381K, 10% free 9650K/10631K, paused 2ms+3ms
06-08 14:33:52.812  1430  1432 D dalvikvm: GC_CONCURRENT freed 421K, 10% free 9616K/10631K, paused 2ms+3ms
06-08 14:33:53.375  1430  1432 D dalvikvm: GC_CONCURRENT freed 379K, 10% free 9627K/10631K, paused 2ms+2ms
06-08 14:33:53.765  1430  1432 D dalvikvm: GC_CONCURRENT freed 402K, 10% free 9612K/10631K, paused 2ms+4ms
06-08 14:33:54.211  1430  1432 D dalvikvm: GC_CONCURRENT freed 265K, 9% free 9763K/10631K, paused 4ms+7ms
06-08 14:33:54.625  1430  1432 D dalvikvm: GC_CONCURRENT freed 540K, 10% free 9610K/10631K, paused 2ms+3ms
06-08 14:33:55.156  1430  1432 D dalvikvm: GC_CONCURRENT freed 293K, 8% free 9791K/10631K, paused 4ms+7ms
06-08 14:33:55.468  1430  1432 D dalvikvm: GC_CONCURRENT freed 579K, 10% free 9612K/10631K, paused 2ms+3ms
06-08 14:33:55.757  1430  1432 D dalvikvm: GC_CONCURRENT freed 340K, 10% free 9674K/10631K, paused 8ms+2ms
06-08 14:33:56.222  1430  1432 D dalvikvm: GC_CONCURRENT freed 454K, 10% free 9609K/10631K, paused 2ms+3ms
06-08 14:33:56.711  1430  1432 D dalvikvm: GC_CONCURRENT freed 383K, 10% free 9611K/10631K, paused 4ms+28ms
06-08 14:33:57.285  1430  1432 D dalvikvm: GC_CONCURRENT freed 396K, 10% free 9601K/10631K, paused 3ms+10ms
06-08 14:33:57.629  1430  1909 D dalvikvm: GC_EXPLICIT freed 288K, 10% free 9571K/10631K, paused 3ms+3ms
06-08 14:33:57.660  1430  1909 I Gmail   : MainSyncRequestProto: lowestBkwdConvoId: 0, highestHandledServerOp: 3941421, normalSync: true
06-08 14:33:57.718  1236  1236 D OpenGLRenderer: Flushing caches (mode 1)
06-08 14:34:03.457  1430  1432 D dalvikvm: GC_CONCURRENT freed 357K, 10% free 9603K/10631K, paused 2ms+3ms
06-08 14:34:03.945  1430  1432 D dalvikvm: GC_CONCURRENT freed 387K, 10% free 9600K/10631K, paused 3ms+4ms
06-08 14:34:04.226  1430  1432 D dalvikvm: GC_CONCURRENT freed 394K, 10% free 9593K/10631K, paused 2ms+2ms
06-08 14:34:04.617  1430  1432 D dalvikvm: GC_CONCURRENT freed 353K, 10% free 9633K/10631K, paused 9ms+2ms
06-08 14:34:06.035  1430  1432 D dalvikvm: GC_CONCURRENT freed 411K, 10% free 9612K/10631K, paused 51ms+12ms
06-08 14:34:06.109  1511  1513 D dalvikvm: GC_CONCURRENT freed 439K, 7% free 10863K/11655K, paused 7ms+4ms
06-08 14:34:06.441  1430  1432 D dalvikvm: GC_CONCURRENT freed 401K, 10% free 9595K/10631K, paused 3ms+3ms
06-08 14:34:07.101  1430  1432 D dalvikvm: GC_CONCURRENT freed 372K, 10% free 9610K/10631K, paused 2ms+3ms
06-08 14:34:07.386  1430  1432 D dalvikvm: GC_CONCURRENT freed 400K, 10% free 9607K/10631K, paused 2ms+3ms
06-08 14:34:07.847  1430  1432 D dalvikvm: GC_CONCURRENT freed 381K, 10% free 9627K/10631K, paused 4ms+6ms
06-08 14:34:08.890  1430  1432 D dalvikvm: GC_CONCURRENT freed 406K, 10% free 9621K/10631K, paused 3ms+2ms
06-08 14:34:10.968  1430  1432 D dalvikvm: GC_CONCURRENT freed 419K, 10% free 9594K/10631K, paused 3ms+3ms
06-08 14:34:11.105   151  1038 D dalvikvm: GC_EXPLICIT freed 643K, 9% free 12697K/13895K, paused 3ms+5ms
06-08 14:34:11.379  1430  1432 D dalvikvm: GC_CONCURRENT freed 388K, 10% free 9591K/10631K, paused 2ms+2ms
06-08 14:34:12.754  1430  1432 D dalvikvm: GC_CONCURRENT freed 336K, 10% free 9659K/10631K, paused 3ms+3ms
06-08 14:34:14.007  1430  1432 D dalvikvm: GC_CONCURRENT freed 435K, 10% free 9610K/10631K, paused 2ms+2ms
06-08 14:34:14.105  1430  1432 D dalvikvm: GC_CONCURRENT freed 426K, 10% free 9570K/10631K, paused 2ms+2ms
06-08 14:34:14.836    82   122 D AudioHardware: AudioHardware pcm playback is exiting standby.
06-08 14:34:14.836    82   122 D AudioHardware: openPcmOut_l() mPcmOpenCnt: 0
06-08 14:34:14.867  1430  1432 D dalvikvm: GC_CONCURRENT freed 164K, 8% free 9830K/10631K, paused 2ms+3ms
06-08 14:34:16.007  1430  1432 D dalvikvm: GC_CONCURRENT freed 602K, 10% free 9618K/10631K, paused 2ms+2ms
06-08 14:34:16.222  1511  1513 D dalvikvm: GC_CONCURRENT freed 501K, 7% free 10884K/11655K, paused 2ms+15ms
06-08 14:34:16.589  1430  1432 D dalvikvm: GC_CONCURRENT freed 391K, 10% free 9627K/10631K, paused 2ms+2ms
06-08 14:34:16.937  1430  1432 D dalvikvm: GC_CONCURRENT freed 416K, 10% free 9596K/10631K, paused 2ms+3ms
06-08 14:34:17.543  1430  1432 D dalvikvm: GC_CONCURRENT freed 367K, 10% free 9618K/10631K, paused 2ms+8ms
06-08 14:34:17.796  1430  1432 D dalvikvm: GC_CONCURRENT freed 419K, 10% free 9595K/10631K, paused 2ms+2ms
06-08 14:34:17.918  1430  1432 D dalvikvm: GC_CONCURRENT freed 404K, 10% free 9576K/10631K, paused 2ms+2ms
06-08 14:34:17.925    82   122 D AudioHardware: AudioHardware pcm playback is going to standby.
06-08 14:34:17.925    82   122 D AudioHardware: closePcmOut_l() mPcmOpenCnt: 1
06-08 14:34:18.289  1430  1432 D dalvikvm: GC_CONCURRENT freed 252K, 9% free 9760K/10631K, paused 4ms+5ms
06-08 14:34:18.660  1430  1432 D dalvikvm: GC_CONCURRENT freed 551K, 10% free 9594K/10631K, paused 2ms+3ms
06-08 14:34:19.152  1430  1432 D dalvikvm: GC_CONCURRENT freed 366K, 10% free 9621K/10631K, paused 2ms+3ms
06-08 14:34:19.398  1430  1909 D dalvikvm: GC_EXPLICIT freed 191K, 10% free 9576K/10631K, paused 4ms+6ms
06-08 14:34:19.418  1430  1909 I Gmail   : MainSyncRequestProto: lowestBkwdConvoId: 0, highestHandledServerOp: 3941421, normalSync: true
06-08 14:34:19.480  1236  1236 D OpenGLRenderer: Flushing caches (mode 1)
06-08 14:34:22.070    82   122 D AudioHardware: AudioHardware pcm playback is exiting standby.
06-08 14:34:22.070    82   122 D AudioHardware: openPcmOut_l() mPcmOpenCnt: 0
06-08 14:34:25.160    82   122 D AudioHardware: AudioHardware pcm playback is going to standby.
06-08 14:34:25.160    82   122 D AudioHardware: closePcmOut_l() mPcmOpenCnt: 1
06-08 14:34:27.242  1430  1432 D dalvikvm: GC_CONCURRENT freed 257K, 9% free 9705K/10631K, paused 2ms+3ms
06-08 14:34:27.343  1430  1432 D dalvikvm: GC_CONCURRENT freed 501K, 10% free 9609K/10631K, paused 2ms+2ms
06-08 14:34:27.597  1430  1432 D dalvikvm: GC_CONCURRENT freed 334K, 10% free 9668K/10631K, paused 1ms+3ms
06-08 14:34:28.257  1430  1432 D dalvikvm: GC_CONCURRENT freed 449K, 10% free 9627K/10631K, paused 51ms+3ms
06-08 14:34:28.496  1430  1432 D dalvikvm: GC_CONCURRENT freed 429K, 10% free 9588K/10631K, paused 3ms+5ms
06-08 14:34:28.824  1430  1432 D dalvikvm: GC_CONCURRENT freed 383K, 10% free 9591K/10631K, paused 2ms+2ms
06-08 14:34:29.468  1430  1432 D dalvikvm: GC_CONCURRENT freed 361K, 10% free 9614K/10631K, paused 2ms+2ms
06-08 14:34:30.175  1430  1432 D dalvikvm: GC_CONCURRENT freed 344K, 9% free 9710K/10631K, paused 2ms+2ms
06-08 14:34:30.273  1511  1513 D dalvikvm: GC_CONCURRENT freed 498K, 7% free 10886K/11655K, paused 2ms+3ms
06-08 14:34:30.312  1430  1432 D dalvikvm: GC_CONCURRENT freed 508K, 10% free 9594K/10631K, paused 6ms+2ms
06-08 14:34:30.468  1430  1432 D dalvikvm: GC_CONCURRENT freed 391K, 10% free 9605K/10631K, paused 2ms+2ms
06-08 14:34:30.578  1430  1432 D dalvikvm: GC_CONCURRENT freed 363K, 10% free 9632K/10631K, paused 1ms+2ms
06-08 14:34:30.671  1430  1432 D dalvikvm: GC_CONCURRENT freed 370K, 10% free 9672K/10631K, paused 2ms+2ms
06-08 14:34:30.757  1430  1432 D dalvikvm: GC_CONCURRENT freed 474K, 10% free 9639K/10631K, paused 2ms+3ms
06-08 14:34:31.730  1430  1432 D dalvikvm: GC_CONCURRENT freed 418K, 10% free 9608K/10631K, paused 2ms+3ms
06-08 14:34:34.070  1430  1432 D dalvikvm: GC_CONCURRENT freed 380K, 10% free 9613K/10631K, paused 2ms+4ms
06-08 14:34:34.160  1430  1432 D dalvikvm: GC_CONCURRENT freed 400K, 10% free 9601K/10631K, paused 1ms+2ms
06-08 14:34:34.273  1430  1432 D dalvikvm: GC_CONCURRENT freed 408K, 10% free 9581K/10631K, paused 2ms+2ms
06-08 14:34:34.554  1430  1432 D dalvikvm: GC_CONCURRENT freed 382K, 10% free 9584K/10631K, paused 2ms+2ms
06-08 14:34:35.281  1430  1432 D dalvikvm: GC_CONCURRENT freed 374K, 10% free 9604K/10631K, paused 2ms+3ms
06-08 14:34:36.281  1430  1432 D dalvikvm: GC_CONCURRENT freed 362K, 10% free 9644K/10631K, paused 9ms+2ms
06-08 14:34:36.711  1430  1432 D dalvikvm: GC_CONCURRENT freed 433K, 10% free 9603K/10631K, paused 2ms+2ms
06-08 14:34:36.828  1430  1432 D dalvikvm: GC_CONCURRENT freed 386K, 10% free 9602K/10631K, paused 2ms+2ms
06-08 14:34:37.164  1353  1353 I wpa_supplicant: wlan0: Associated with d0:c2:82:2d:e6:21
06-08 14:34:37.164  1353  1353 I wpa_supplicant: wlan0: CTRL-EVENT-CONNECTED - Connection to d0:c2:82:2d:e6:21 completed (reauth) [id=0 id_str=]
06-08 14:34:37.433  1430  1432 D dalvikvm: GC_CONCURRENT freed 379K, 10% free 9623K/10631K, paused 2ms+6ms
06-08 14:34:37.632  1430  1432 D dalvikvm: GC_CONCURRENT freed 412K, 10% free 9610K/10631K, paused 1ms+2ms
06-08 14:34:38.046  1511  1513 D dalvikvm: GC_CONCURRENT freed 534K, 7% free 10854K/11655K, paused 2ms+4ms
06-08 14:34:39.320  1430  1432 D dalvikvm: GC_CONCURRENT freed 384K, 10% free 9612K/10631K, paused 90ms+2ms
06-08 14:34:39.539  1430  1432 D dalvikvm: GC_CONCURRENT freed 405K, 10% free 9593K/10631K, paused 2ms+3ms
06-08 14:34:39.660  1430  1432 D dalvikvm: GC_CONCURRENT freed 393K, 10% free 9600K/10631K, paused 2ms+2ms
06-08 14:34:39.816  1430  1432 D dalvikvm: GC_CONCURRENT freed 387K, 10% free 9610K/10631K, paused 3ms+3ms
06-08 14:34:39.996  1430  1432 D dalvikvm: GC_CONCURRENT freed 405K, 10% free 9590K/10631K, paused 2ms+2ms
06-08 14:34:40.566  1430  1432 D dalvikvm: GC_CONCURRENT freed 373K, 10% free 9603K/10631K, paused 4ms+6ms
06-08 14:34:42.437  1430  1432 D dalvikvm: GC_CONCURRENT freed 390K, 10% free 9614K/10631K, paused 2ms+190ms
06-08 14:34:43.449  1430  1432 D dalvikvm: GC_CONCURRENT freed 384K, 10% free 9617K/10631K, paused 2ms+3ms
06-08 14:34:43.574  1430  1432 D dalvikvm: GC_CONCURRENT freed 404K, 10% free 9611K/10631K, paused 2ms+3ms
06-08 14:34:45.230  1430  1432 D dalvikvm: GC_CONCURRENT freed 397K, 10% free 9613K/10631K, paused 2ms+2ms
06-08 14:34:45.254  1511  1513 D dalvikvm: GC_CONCURRENT freed 498K, 7% free 10842K/11655K, paused 5ms+3ms
06-08 14:34:46.254  1430  1432 D dalvikvm: GC_CONCURRENT freed 413K, 10% free 9588K/10631K, paused 6ms+2ms
06-08 14:34:46.625  1430  1432 D dalvikvm: GC_CONCURRENT freed 360K, 10% free 9631K/10631K, paused 2ms+3ms
06-08 14:34:46.902  1430  1432 D dalvikvm: GC_CONCURRENT freed 432K, 10% free 9608K/10631K, paused 9ms+3ms
06-08 14:34:47.019  1430  1432 D dalvikvm: GC_CONCURRENT freed 401K, 10% free 9596K/10631K, paused 2ms+3ms
06-08 14:34:47.488  1430  1432 D dalvikvm: GC_CONCURRENT freed 382K, 10% free 9607K/10631K, paused 7ms+3ms
06-08 14:34:47.754  1430  1432 D dalvikvm: GC_CONCURRENT freed 393K, 10% free 9608K/10631K, paused 2ms+3ms
06-08 14:34:48.031  1430  1432 D dalvikvm: GC_CONCURRENT freed 391K, 10% free 9618K/10631K, paused 2ms+2ms
06-08 14:34:48.132  1430  1432 D dalvikvm: GC_CONCURRENT freed 397K, 10% free 9609K/10631K, paused 2ms+2ms
06-08 14:34:48.250  1430  1432 D dalvikvm: GC_CONCURRENT freed 395K, 10% free 9609K/10631K, paused 2ms+2ms
06-08 14:34:48.664  1430  1909 D dalvikvm: GC_EXPLICIT freed 325K, 10% free 9593K/10631K, paused 4ms+3ms
06-08 14:34:48.683  1430  1909 I Gmail   : MainSyncRequestProto: lowestBkwdConvoId: 0, highestHandledServerOp: 3941421, normalSync: true
06-08 14:34:48.722  1236  1236 D OpenGLRenderer: Flushing caches (mode 1)
06-08 14:34:49.011   151   205 I ActivityManager: START {act=android.intent.action.MAIN cat=[android.intent.category.HOME] flg=0x10200000 cmp=com.android.launcher/com.android.launcher2.Launcher} from pid 151
06-08 14:34:49.121   151   205 D dalvikvm: GC_FOR_ALLOC freed 427K, 9% free 12698K/13895K, paused 50ms
06-08 14:34:49.129  1511  1511 D WebViewTimersControl: onBrowserActivityPause
06-08 14:34:49.132  1511  1764 I SqliteDatabaseCpp: sqlite returned: error code = 1, msg = no such table: Permissions, db=/data/data/com.android.browser/databases/webview.db
06-08 14:34:49.140  1511  1511 D WebViewTimersControl: Pausing webview timers, view=com.android.browser.BrowserWebView@413a2c98
06-08 14:34:49.425  1511  1511 D OpenGLRenderer: Flushing caches (mode 0)
06-08 14:34:49.777   151   162 I ActivityManager: Process com.android.settings (pid 1080) has died.
06-08 14:34:49.789  1511  1511 D OpenGLRenderer: Flushing caches (mode 1)
06-08 14:34:52.597    82   122 D AudioHardware: AudioHardware pcm playback is exiting standby.
06-08 14:34:52.597    82   122 D AudioHardware: openPcmOut_l() mPcmOpenCnt: 0
06-08 14:34:52.816  1696  1698 D dalvikvm: GC_CONCURRENT freed 624K, 35% free 12332K/18823K, paused 11ms+12ms
06-08 14:34:53.043  1696  1698 D dalvikvm: GC_CONCURRENT freed 401K, 31% free 13128K/18823K, paused 3ms+14ms
06-08 14:34:53.148   151   491 W InputManagerService: Starting input on non-focused client com.android.internal.view.IInputMethodClient$Stub$Proxy@414680f0 (uid=10003 pid=1511)
06-08 14:34:53.160  1696  1698 D dalvikvm: GC_CONCURRENT freed 963K, 29% free 13429K/18823K, paused 2ms+10ms
06-08 14:34:53.375  1696  1710 D dalvikvm: GC_FOR_ALLOC freed 1645K, 34% free 12563K/18823K, paused 26ms
06-08 14:34:53.375  1696  1710 I dalvikvm-heap: Grow heap (frag case) to 13.564MB for 1286224-byte allocation
06-08 14:34:53.414  1696  1696 D dalvikvm: GC_FOR_ALLOC freed 2K, 27% free 13816K/18823K, paused 22ms
06-08 14:34:53.496  1696  1698 D dalvikvm: GC_CONCURRENT freed 2K, 25% free 14220K/18823K, paused 2ms+6ms
06-08 14:34:55.492  1430  1432 D dalvikvm: GC_CONCURRENT freed 344K, 10% free 9635K/10631K, paused 2ms+3ms
06-08 14:34:55.687    82   122 D AudioHardware: AudioHardware pcm playback is going to standby.
06-08 14:34:55.687    82   122 D AudioHardware: closePcmOut_l() mPcmOpenCnt: 1
06-08 14:34:55.793  1430  1432 D dalvikvm: GC_CONCURRENT freed 467K, 11% free 9558K/10631K, paused 1ms+3ms
06-08 14:34:56.171  1430  1432 D dalvikvm: GC_CONCURRENT freed 344K, 10% free 9609K/10631K, paused 2ms+2ms
06-08 14:34:56.832  1430  1432 D dalvikvm: GC_CONCURRENT freed 373K, 10% free 9631K/10631K, paused 2ms+5ms
06-08 14:34:57.082  1430  1432 D dalvikvm: GC_CONCURRENT freed 348K, 9% free 9723K/10631K, paused 4ms+5ms
06-08 14:34:57.211  1430  1432 D dalvikvm: GC_CONCURRENT freed 438K, 9% free 9699K/10631K, paused 2ms+7ms
06-08 14:34:57.293  1430  1432 D dalvikvm: GC_CONCURRENT freed 440K, 10% free 9657K/10631K, paused 3ms+3ms
06-08 14:34:57.636  1430  1432 D dalvikvm: GC_CONCURRENT freed 450K, 10% free 9594K/10631K, paused 2ms+3ms
06-08 14:34:58.105  1430  1432 D dalvikvm: GC_CONCURRENT freed 359K, 10% free 9620K/10631K, paused 2ms+3ms
06-08 14:34:58.519  1430  1432 D dalvikvm: GC_CONCURRENT freed 399K, 10% free 9614K/10631K, paused 2ms+3ms
06-08 14:34:58.640  1430  1432 D dalvikvm: GC_CONCURRENT freed 420K, 10% free 9604K/10631K, paused 2ms+2ms
06-08 14:34:59.222  1430  1432 D dalvikvm: GC_CONCURRENT freed 399K, 10% free 9594K/10631K, paused 2ms+2ms
06-08 14:34:59.476  1430  1432 D dalvikvm: GC_CONCURRENT freed 394K, 10% free 9595K/10631K, paused 1ms+3ms
06-08 14:35:00.074  1430  1432 D dalvikvm: GC_CONCURRENT freed 369K, 10% free 9613K/10631K, paused 9ms+2ms
06-08 14:35:00.527  1430  1432 D dalvikvm: GC_CONCURRENT freed 384K, 10% free 9621K/10631K, paused 1ms+3ms
06-08 14:35:00.882  1430  1432 D dalvikvm: GC_CONCURRENT freed 411K, 10% free 9604K/10631K, paused 2ms+2ms
06-08 14:35:01.355  1430  1432 D dalvikvm: GC_CONCURRENT freed 380K, 10% free 9629K/10631K, paused 2ms+3ms
06-08 14:35:01.492  1430  1432 D dalvikvm: GC_CONCURRENT freed 437K, 10% free 9583K/10631K, paused 2ms+2ms
06-08 14:35:01.589  1430  1432 D dalvikvm: GC_CONCURRENT freed 364K, 10% free 9605K/10631K, paused 2ms+3ms
06-08 14:35:01.660  1430  1432 D dalvikvm: GC_CONCURRENT freed 307K, 9% free 9689K/10631K, paused 2ms+2ms
06-08 14:35:03.011  1430  1432 D dalvikvm: GC_CONCURRENT freed 483K, 10% free 9592K/10631K, paused 1ms+2ms
06-08 14:35:03.543  1430  1432 D dalvikvm: GC_CONCURRENT freed 365K, 10% free 9631K/10631K, paused 3ms+7ms
06-08 14:35:03.929  1430  1432 D dalvikvm: GC_CONCURRENT freed 414K, 10% free 9612K/10631K, paused 1ms+2ms
06-08 14:35:04.449  1430  1432 D dalvikvm: GC_CONCURRENT freed 385K, 10% free 9616K/10631K, paused 2ms+3ms
06-08 14:35:05.089  1430  1432 D dalvikvm: GC_CONCURRENT freed 371K, 10% free 9634K/10631K, paused 8ms+2ms
06-08 14:35:05.277  1430  1432 D dalvikvm: GC_CONCURRENT freed 226K, 7% free 9893K/10631K, paused 3ms+3ms
06-08 14:35:05.625  1430  1432 D dalvikvm: GC_CONCURRENT freed 672K, 10% free 9607K/10631K, paused 2ms+2ms
06-08 14:35:06.086  1430  1432 D dalvikvm: GC_CONCURRENT freed 365K, 10% free 9632K/10631K, paused 4ms+5ms
06-08 14:35:06.406  1430  1909 D dalvikvm: GC_EXPLICIT freed 277K, 10% free 9584K/10631K, paused 5ms+2ms
06-08 14:35:06.421  1430  1909 I Gmail   : MainSyncRequestProto: lowestBkwdConvoId: 0, highestHandledServerOp: 3941421, normalSync: true
06-08 14:35:06.468  1236  1236 D OpenGLRenderer: Flushing caches (mode 1)
06-08 14:35:13.433  1430  1432 D dalvikvm: GC_CONCURRENT freed 371K, 10% free 9614K/10631K, paused 3ms+5ms
06-08 14:35:14.082  1430  1432 D dalvikvm: GC_CONCURRENT freed 387K, 10% free 9612K/10631K, paused 3ms+5ms
06-08 14:35:14.593  1430  1432 D dalvikvm: GC_CONCURRENT freed 397K, 10% free 9605K/10631K, paused 2ms+2ms
06-08 14:35:14.832  1430  1432 D dalvikvm: GC_CONCURRENT freed 373K, 10% free 9625K/10631K, paused 2ms+2ms
06-08 14:35:15.613  1430  1432 D dalvikvm: GC_CONCURRENT freed 392K, 10% free 9617K/10631K, paused 2ms+3ms
06-08 14:35:15.972  1430  1432 D dalvikvm: GC_CONCURRENT freed 420K, 10% free 9611K/10631K, paused 2ms+2ms
06-08 14:35:16.293  1430  1432 D dalvikvm: GC_CONCURRENT freed 407K, 10% free 9594K/10631K, paused 2ms+2ms
06-08 14:35:16.785  1430  1432 D dalvikvm: GC_CONCURRENT freed 375K, 10% free 9607K/10631K, paused 1ms+2ms
06-08 14:35:17.121  1430  1432 D dalvikvm: GC_CONCURRENT freed 336K, 9% free 9682K/10631K, paused 2ms+3ms
06-08 14:35:17.910  1430  1432 D dalvikvm: GC_CONCURRENT freed 461K, 10% free 9613K/10631K, paused 16ms+3ms
06-08 14:35:20.078  1430  1432 D dalvikvm: GC_CONCURRENT freed 402K, 10% free 9624K/10631K, paused 3ms+2ms
06-08 14:35:20.625  1430  1432 D dalvikvm: GC_CONCURRENT freed 401K, 10% free 9608K/10631K, paused 13ms+8ms
06-08 14:35:21.097  1430  1432 D dalvikvm: GC_CONCURRENT freed 395K, 10% free 9615K/10631K, paused 2ms+3ms
06-08 14:35:21.402  1430  1432 D dalvikvm: GC_CONCURRENT freed 407K, 10% free 9593K/10631K, paused 2ms+3ms
06-08 14:35:21.808  1430  1432 D dalvikvm: GC_CONCURRENT freed 359K, 10% free 9625K/10631K, paused 2ms+3ms
06-08 14:35:22.129  1430  1432 D dalvikvm: GC_CONCURRENT freed 415K, 10% free 9619K/10631K, paused 10ms+3ms
06-08 14:35:22.222  1430  1432 D dalvikvm: GC_CONCURRENT freed 420K, 10% free 9612K/10631K, paused 1ms+2ms
06-08 14:35:22.296  1430  1432 D dalvikvm: GC_CONCURRENT freed 424K, 10% free 9636K/10631K, paused 1ms+2ms
06-08 14:35:22.566  1430  1432 D dalvikvm: GC_CONCURRENT freed 376K, 9% free 9680K/10631K, paused 2ms+2ms
06-08 14:35:22.648  1430  1432 D dalvikvm: GC_CONCURRENT freed 477K, 10% free 9646K/10631K, paused 1ms+3ms
06-08 14:35:23.171  1430  1432 D dalvikvm: GC_CONCURRENT freed 414K, 10% free 9629K/10631K, paused 5ms+6ms
06-08 14:35:23.269  1430  1432 D dalvikvm: GC_CONCURRENT freed 377K, 10% free 9644K/10631K, paused 1ms+2ms
06-08 14:35:23.351  1430  1432 D dalvikvm: GC_CONCURRENT freed 391K, 10% free 9645K/10631K, paused 2ms+2ms
06-08 14:35:23.429  1430  1432 D dalvikvm: GC_CONCURRENT freed 336K, 9% free 9713K/10631K, paused 3ms+2ms
06-08 14:35:23.511  1430  1432 D dalvikvm: GC_CONCURRENT freed 444K, 9% free 9731K/10631K, paused 2ms+4ms
06-08 14:35:24.171  1430  1432 D dalvikvm: GC_CONCURRENT freed 538K, 10% free 9584K/10631K, paused 2ms+3ms
06-08 14:35:24.402  1430  1432 D dalvikvm: GC_CONCURRENT freed 369K, 10% free 9658K/10631K, paused 2ms+2ms
06-08 14:35:24.484  1430  1432 D dalvikvm: GC_CONCURRENT freed 409K, 10% free 9641K/10631K, paused 2ms+2ms
06-08 14:35:24.570  1430  1432 D dalvikvm: GC_CONCURRENT freed 384K, 10% free 9651K/10631K, paused 2ms+3ms
06-08 14:35:25.175  1430  1432 D dalvikvm: GC_CONCURRENT freed 417K, 10% free 9626K/10631K, paused 2ms+3ms
06-08 14:35:25.308  1430  1432 D dalvikvm: GC_CONCURRENT freed 433K, 10% free 9588K/10631K, paused 1ms+2ms
06-08 14:35:25.613  1430  1432 D dalvikvm: GC_CONCURRENT freed 375K, 10% free 9600K/10631K, paused 1ms+2ms
06-08 14:35:26.109  1430  1432 D dalvikvm: GC_CONCURRENT freed 377K, 10% free 9616K/10631K, paused 2ms+3ms
06-08 14:35:26.230    82   122 D AudioHardware: AudioHardware pcm playback is exiting standby.
06-08 14:35:26.230    82   122 D AudioHardware: openPcmOut_l() mPcmOpenCnt: 0
06-08 14:35:26.332   151   493 I ActivityManager: START {act=android.intent.action.MAIN cat=[android.intent.category.LAUNCHER] flg=0x10200000 cmp=com.android.vending/.AssetBrowserActivity} from pid 1696
06-08 14:35:26.437   151   493 D dalvikvm: GC_FOR_ALLOC freed 455K, 9% free 12701K/13895K, paused 64ms
06-08 14:35:26.488  1696  1696 D OpenGLRenderer: Flushing caches (mode 1)
06-08 14:35:26.648  1696  1696 D OpenGLRenderer: Flushing caches (mode 0)
06-08 14:35:26.961   151   167 I Process : Sending signal. PID: 1126 SIG: 3
06-08 14:35:26.961  1126  1131 I dalvikvm: threadid=3: reacting to signal 3
06-08 14:35:27.031  1126  1128 D dalvikvm: GC_CONCURRENT freed 413K, 6% free 10781K/11399K, paused 7ms+5ms
06-08 14:35:27.043  1126  1131 I dalvikvm: Wrote stack traces to '/data/anr/traces.txt'
06-08 14:35:27.054  1126  1142 D Volley  : [129] DiskBasedCache.clear: Cache cleared.
06-08 14:35:27.058  1430  1432 D dalvikvm: GC_CONCURRENT freed 396K, 10% free 9606K/10631K, paused 4ms+5ms
06-08 14:35:27.105  1126  1146 D Volley  : [133] DiskBasedCache.clear: Cache cleared.
06-08 14:35:27.148   151   491 I ActivityManager: START {cmp=com.android.vending/com.google.android.finsky.activities.FirstRunActivity} from pid 1126
06-08 14:35:27.222   151   491 D dalvikvm: JIT code cache reset in 5 ms (1048424 bytes 1/0)
06-08 14:35:27.234   151   491 D dalvikvm: GC_FOR_ALLOC freed 90K, 8% free 12892K/13895K, paused 50ms
06-08 14:35:27.234   151   491 I dalvikvm-heap: Grow heap (frag case) to 12.788MB for 129616-byte allocation
06-08 14:35:27.281   151   491 D dalvikvm: GC_FOR_ALLOC freed 9K, 8% free 13008K/14023K, paused 43ms
06-08 14:35:27.453   151   167 I Process : Sending signal. PID: 1126 SIG: 3
06-08 14:35:27.453  1126  1131 I dalvikvm: threadid=3: reacting to signal 3
06-08 14:35:27.461  1126  1131 I dalvikvm: Wrote stack traces to '/data/anr/traces.txt'
06-08 14:35:27.593   151  1035 W InputManagerService: Focus gain on non-focused client com.android.internal.view.IInputMethodClient$Stub$Proxy@415b1ad8 (uid=10048 pid=1126)
06-08 14:35:27.722   151   200 I ActivityManager: Displayed com.android.vending/.AssetBrowserActivity: +1s271ms
06-08 14:35:27.808  1126  1126 D dalvikvm: GC_FOR_ALLOC freed 244K, 6% free 10793K/11399K, paused 40ms
06-08 14:35:27.812  1126  1126 I dalvikvm-heap: Grow heap (frag case) to 11.609MB for 1048592-byte allocation
06-08 14:35:27.812  1430  1432 D dalvikvm: GC_CONCURRENT freed 414K, 10% free 9579K/10631K, paused 3ms+62ms
06-08 14:35:27.863  1126  1128 D dalvikvm: GC_CONCURRENT freed 726K, 12% free 11091K/12487K, paused 2ms+2ms
06-08 14:35:27.953  1126  1126 D OpenGLRenderer: Flushing caches (mode 0)
06-08 14:35:28.015   151   666 W InputManagerService: Starting input on non-focused client com.android.internal.view.IInputMethodClient$Stub$Proxy@414be2b0 (uid=10027 pid=1696)
06-08 14:35:28.082   151   200 I ActivityManager: Displayed com.android.vending/com.google.android.finsky.activities.FirstRunActivity: +356ms
06-08 14:35:28.707   151   153 D dalvikvm: GC_CONCURRENT freed 986K, 9% free 12899K/14023K, paused 3ms+5ms
06-08 14:35:28.746  1430  1909 D dalvikvm: GC_EXPLICIT freed 180K, 10% free 9594K/10631K, paused 3ms+3ms
06-08 14:35:28.761  1430  1909 I Gmail   : MainSyncRequestProto: lowestBkwdConvoId: 0, highestHandledServerOp: 3941421, normalSync: true
06-08 14:35:28.808  1236  1236 D OpenGLRenderer: Flushing caches (mode 1)
06-08 14:35:29.328    82   122 D AudioHardware: AudioHardware pcm playback is going to standby.
06-08 14:35:29.328    82   122 D AudioHardware: closePcmOut_l() mPcmOpenCnt: 1
06-08 14:35:35.304   151  1037 I ActivityManager: START {act=android.intent.action.MAIN cat=[android.intent.category.LAUNCHER] flg=0x10000000 pkg=com.android.vending cmp=com.android.vending/.AssetBrowserActivity} from pid 1126
06-08 14:35:35.312    82   122 D AudioHardware: AudioHardware pcm playback is exiting standby.
06-08 14:35:35.312    82   122 D AudioHardware: openPcmOut_l() mPcmOpenCnt: 0
06-08 14:35:35.472   559   875 D dalvikvm: GC_EXPLICIT freed 772K, 11% free 10369K/11591K, paused 5ms+4ms
06-08 14:35:35.562  1236  1236 D OpenGLRenderer: Flushing caches (mode 1)
06-08 14:35:35.589  1126  1143 I ElegantRequestDirector: I/O exception (javax.net.ssl.SSLException) caught when processing request: Write error: ssl=0x8ed348: I/O error during system call, Broken pipe
06-08 14:35:35.589  1126  1143 I ElegantRequestDirector: Retrying request
06-08 14:35:35.632  1126  1128 D dalvikvm: GC_CONCURRENT freed 256K, 9% free 11439K/12487K, paused 4ms+11ms
06-08 14:35:35.691   151   200 I ActivityManager: Displayed com.android.vending/.AssetBrowserActivity: +365ms
06-08 14:35:35.703  1126  1126 D OpenGLRenderer: Flushing caches (mode 0)
06-08 14:35:35.800  1430  1432 D dalvikvm: GC_CONCURRENT freed 386K, 10% free 9596K/10631K, paused 5ms+3ms
06-08 14:35:36.371  1430  1432 D dalvikvm: GC_CONCURRENT freed 389K, 10% free 9595K/10631K, paused 4ms+3ms
06-08 14:35:36.699  1258  1291 I PhoneLab-: Service Running
06-08 14:35:36.839  1258  1291 I PhoneLab-LoggerService: app_38    1301  1258  1788   1344  c00f181c 400107b4 S logcat
06-08 14:35:36.839  1258  1291 I PhoneLab-LoggerService: Logcat pid from database 1301
06-08 14:35:36.839  1258  1291 I PhoneLab-LoggerService: Logcat process found 1301
06-08 14:35:36.839  1258  1291 I PhoneLab-LoggerService: Checking Threshold
06-08 14:35:37.054  1430  1432 D dalvikvm: GC_CONCURRENT freed 368K, 10% free 9615K/10631K, paused 2ms+2ms
06-08 14:35:37.515  1430  1432 D dalvikvm: GC_CONCURRENT freed 409K, 10% free 9591K/10631K, paused 7ms+2ms
06-08 14:35:37.683   485   485 I RegisteredComponentCache: ComponentInfo: ResolveInfo{4135d040 com.android.apps.tag.TagViewer p=0 o=0 m=0x108000}, techs: android.nfc.tech.Ndef, 
06-08 14:35:37.750   151   167 D PackageManager: generateServicesMap(android.accounts.AccountAuthenticator): 3 services unchanged
06-08 14:35:37.902   151   167 D PackageManager: generateServicesMap(android.content.SyncAdapter): 10 services unchanged
06-08 14:35:37.964  1696  1696 I Launcher: setLoadOnResume
06-08 14:35:38.402    82   122 D AudioHardware: AudioHardware pcm playback is going to standby.
06-08 14:35:38.402    82   122 D AudioHardware: closePcmOut_l() mPcmOpenCnt: 1
06-08 14:35:39.543  1126  1126 D Volley  : [1] Request.finish: 4011 ms: [ ] https://android.clients.google.com/vending/api/ApiRequest NORMAL 15 GetMarketMetadataRequestProto
06-08 14:35:39.582  1126  1126 D Finsky  : [1] DownloadImpl.setState: self-update-download from null to UNQUEUED.
06-08 14:35:39.582  1126  1126 D Finsky  : [1] DownloadQueueImpl.add: Download self-update-download added to DownloadQueue
06-08 14:35:39.589  1126  1126 D Finsky  : [1] DownloadImpl.setState: self-update-download from UNQUEUED to QUEUED.
06-08 14:35:39.703    84    84 I installd: free_cache(0) avail 970457088
06-08 14:35:39.730  1696  1698 D dalvikvm: GC_CONCURRENT freed 3870K, 37% free 11976K/18823K, paused 514ms+8ms
06-08 14:35:40.754  1126  1126 D Finsky  : [1] DownloadQueueImpl.startDownload: Download self-update-download starting
06-08 14:35:40.875   151  1038 I ActivityManager: START {flg=0x4000000 cmp=com.android.vending/com.google.android.finsky.activities.TosActivity (has extras)} from pid 1126
06-08 14:35:41.004   151  1038 D dalvikvm: GC_FOR_ALLOC freed 681K, 9% free 12883K/14023K, paused 78ms
06-08 14:35:41.043  1126  1126 D Finsky  : [1] DownloadImpl.setState: self-update-download from QUEUED to DOWNLOADING.
06-08 14:35:41.050  1126  1126 D Finsky  : [1] DownloadQueueImpl.notifyProgress: self-update-download: onProgress 0/-1 Status: 190.
06-08 14:35:41.121  1430  1432 D dalvikvm: GC_CONCURRENT freed 327K, 9% free 9696K/10631K, paused 2ms+4ms
06-08 14:35:41.171  1126  1126 D Finsky  : [1] DownloadQueueImpl.onStart: self-update-download: onStart
06-08 14:35:41.339   151   200 I ActivityManager: Displayed com.android.vending/com.google.android.finsky.activities.TosActivity: +317ms
06-08 14:35:41.343  1126  1126 D Finsky  : [1] DownloadQueueImpl.notifyProgress: self-update-download: onProgress 0/-1 Status: 192.
06-08 14:35:41.437  1840  1952 I DownloadManager: Initiating request for download 1
06-08 14:35:41.476  1430  1432 D dalvikvm: GC_CONCURRENT freed 508K, 10% free 9581K/10631K, paused 4ms+4ms
06-08 14:35:41.937  1840  1842 D dalvikvm: GC_CONCURRENT freed 294K, 5% free 9242K/9671K, paused 17ms+3ms
06-08 14:35:42.668  1430  1432 D dalvikvm: GC_CONCURRENT freed 353K, 10% free 9614K/10631K, paused 5ms+4ms
06-08 14:35:43.898  1430  1432 D dalvikvm: GC_CONCURRENT freed 393K, 10% free 9609K/10631K, paused 3ms+4ms
06-08 14:35:44.769    82   122 D AudioHardware: AudioHardware pcm playback is exiting standby.
06-08 14:35:44.769    82   122 D AudioHardware: openPcmOut_l() mPcmOpenCnt: 0
06-08 14:35:44.859   151   163 D dalvikvm: GC_FOR_ALLOC freed 230K, 9% free 12841K/14023K, paused 80ms
06-08 14:35:44.921  1236  1236 D OpenGLRenderer: Flushing caches (mode 1)
06-08 14:35:44.980  1430  1432 D dalvikvm: GC_CONCURRENT freed 380K, 10% free 9613K/10631K, paused 14ms+5ms
06-08 14:35:44.992  1126  1126 D OpenGLRenderer: Flushing caches (mode 0)
06-08 14:35:45.031  1126  1126 D Finsky  : [1] SelfUpdateScheduler.checkForSelfUpdate: Skipping self-update check as there is an update already queued.
06-08 14:35:45.101  1126  1126 D Finsky  : [1] MainActivity.initializeBilling: Optimistically initializing billing parameters.
06-08 14:35:45.242  1236  1236 D OpenGLRenderer: Flushing caches (mode 1)
06-08 14:35:45.285  1126  1128 D dalvikvm: GC_CONCURRENT freed 550K, 8% free 11607K/12487K, paused 3ms+6ms
06-08 14:35:45.300  1126  1144 I ElegantRequestDirector: I/O exception (javax.net.ssl.SSLException) caught when processing request: Write error: ssl=0x7fbb78: I/O error during system call, Broken pipe
06-08 14:35:45.300  1126  1144 I ElegantRequestDirector: Retrying request
06-08 14:35:45.574  1126  1133 I dalvikvm: Jit: resizing JitTable from 4096 to 8192
06-08 14:35:45.671  1430  1432 D dalvikvm: GC_CONCURRENT freed 405K, 10% free 9623K/10631K, paused 2ms+2ms
06-08 14:35:46.050  1430  1432 D dalvikvm: GC_CONCURRENT freed 394K, 10% free 9620K/10631K, paused 3ms+4ms
06-08 14:35:46.539  1430  1432 D dalvikvm: GC_CONCURRENT freed 413K, 10% free 9596K/10631K, paused 6ms+4ms
06-08 14:35:47.171  1126  1126 D dalvikvm: GC_FOR_ALLOC freed 1895K, 18% free 10327K/12487K, paused 28ms
06-08 14:35:47.269  1126  1128 D dalvikvm: GC_CONCURRENT freed 88K, 15% free 10712K/12487K, paused 3ms+3ms
06-08 14:35:47.664  1126  1128 D dalvikvm: GC_CONCURRENT freed 71K, 11% free 11155K/12487K, paused 89ms+4ms
06-08 14:35:47.859    82   122 D AudioHardware: AudioHardware pcm playback is going to standby.
06-08 14:35:47.859    82   122 D AudioHardware: closePcmOut_l() mPcmOpenCnt: 1
06-08 14:35:47.918  1430  1432 D dalvikvm: GC_CONCURRENT freed 366K, 10% free 9622K/10631K, paused 5ms+2ms
06-08 14:35:48.285  1126  1147 D dalvikvm: GC_FOR_ALLOC freed 137K, 10% free 11364K/12487K, paused 27ms
06-08 14:35:48.285  1126  1147 I dalvikvm-heap: Grow heap (frag case) to 11.665MB for 522256-byte allocation
06-08 14:35:48.332  1126  1149 D dalvikvm: GC_FOR_ALLOC freed <1K, 9% free 11873K/12999K, paused 29ms
06-08 14:35:48.761  1126  1150 D dalvikvm: GC_FOR_ALLOC freed 182K, 7% free 12202K/12999K, paused 26ms
06-08 14:35:48.800  1126  1150 D dalvikvm: GC_FOR_ALLOC freed 91K, 7% free 12201K/12999K, paused 27ms
06-08 14:35:48.800  1126  1150 I dalvikvm-heap: Grow heap (frag case) to 12.482MB for 522256-byte allocation
06-08 14:35:48.843  1126  1148 D dalvikvm: GC_FOR_ALLOC freed <1K, 6% free 12710K/13511K, paused 28ms
06-08 14:35:48.914  1430  1432 D dalvikvm: GC_CONCURRENT freed 405K, 10% free 9605K/10631K, paused 47ms+4ms
06-08 14:35:49.625  1430  1432 D dalvikvm: GC_CONCURRENT freed 384K, 10% free 9608K/10631K, paused 3ms+3ms
06-08 14:35:50.355  1430  1432 D dalvikvm: GC_CONCURRENT freed 384K, 10% free 9610K/10631K, paused 15ms+6ms
06-08 14:35:50.699  1430  1432 D dalvikvm: GC_CONCURRENT freed 400K, 10% free 9596K/10631K, paused 1ms+2ms
06-08 14:35:51.007  1430  1432 D dalvikvm: GC_CONCURRENT freed 386K, 10% free 9595K/10631K, paused 2ms+9ms
06-08 14:35:51.113  1430  1432 D dalvikvm: GC_CONCURRENT freed 367K, 10% free 9640K/10631K, paused 3ms+2ms
06-08 14:35:51.449  1430  1432 D dalvikvm: GC_CONCURRENT freed 435K, 10% free 9595K/10631K, paused 2ms+3ms
06-08 14:35:51.961  1430  1432 D dalvikvm: GC_CONCURRENT freed 388K, 10% free 9605K/10631K, paused 2ms+2ms
06-08 14:35:52.086  1430  1432 D dalvikvm: GC_CONCURRENT freed 408K, 10% free 9599K/10631K, paused 2ms+2ms
06-08 14:35:52.179  1430  1432 D dalvikvm: GC_CONCURRENT freed 385K, 10% free 9603K/10631K, paused 2ms+2ms
06-08 14:35:52.847  1430  1432 D dalvikvm: GC_CONCURRENT freed 402K, 10% free 9602K/10631K, paused 2ms+3ms
06-08 14:35:52.980  1430  1432 D dalvikvm: GC_CONCURRENT freed 403K, 10% free 9586K/10631K, paused 2ms+2ms
06-08 14:35:53.082  1430  1432 D dalvikvm: GC_CONCURRENT freed 364K, 10% free 9614K/10631K, paused 1ms+3ms
06-08 14:35:53.468  1430  1432 D dalvikvm: GC_CONCURRENT freed 395K, 10% free 9605K/10631K, paused 2ms+3ms
06-08 14:35:53.718  1430  1432 D dalvikvm: GC_CONCURRENT freed 395K, 10% free 9595K/10631K, paused 2ms+2ms
06-08 14:35:53.812  1430  1432 D dalvikvm: GC_CONCURRENT freed 360K, 10% free 9627K/10631K, paused 2ms+3ms
06-08 14:35:55.828  1126  1126 D Finsky  : [1] GetBillingCountriesAction.run: Skip getting fresh list of billing countries.
06-08 14:35:55.890  1430  1432 D dalvikvm: GC_CONCURRENT freed 446K, 10% free 9593K/10631K, paused 2ms+3ms
06-08 14:35:56.000  1430  1432 D dalvikvm: GC_CONCURRENT freed 375K, 10% free 9612K/10631K, paused 2ms+2ms
06-08 14:35:56.093  1430  1432 D dalvikvm: GC_CONCURRENT freed 402K, 10% free 9605K/10631K, paused 2ms+3ms
06-08 14:35:56.546  1430  1909 D dalvikvm: GC_EXPLICIT freed 352K, 10% free 9576K/10631K, paused 11ms+3ms
06-08 14:35:56.703  1430  1909 I Gmail   : MainSyncRequestProto: lowestBkwdConvoId: 0, highestHandledServerOp: 3941421, normalSync: true
06-08 14:35:56.816  1236  1236 D OpenGLRenderer: Flushing caches (mode 1)
06-08 14:35:58.175    82   122 D AudioHardware: AudioHardware pcm playback is exiting standby.
06-08 14:35:58.175    82   122 D AudioHardware: openPcmOut_l() mPcmOpenCnt: 0
06-08 14:35:58.675   151   167 D dalvikvm: GC_EXPLICIT freed 443K, 9% free 12862K/14023K, paused 24ms+4ms
06-08 14:35:58.961   454   457 D dalvikvm: GC_CONCURRENT freed 461K, 16% free 10551K/12423K, paused 17ms+5ms
06-08 14:35:59.304   389   391 D dalvikvm: GC_CONCURRENT freed 432K, 8% free 9915K/10759K, paused 5ms+8ms
06-08 14:35:59.531   389   391 D dalvikvm: GC_CONCURRENT freed 382K, 8% free 9938K/10759K, paused 13ms+13ms
06-08 14:36:00.597  1126  1149 D Volley  : [136] BasicNetwork.logSlowRequests: HTTP response for request=<[ ] http://lh4.ggpht.com/7H8eqUGGE5cR4QvIKXxEghhakxlFb5I80TXeZP_9mtM5cjhIMzASLS5Cmzrz29ELvAU=w240 LOW 28> [lifetime=12206], [size=10082], [rc=200], [retryCount=1]
06-08 14:36:00.613  1126  1126 D Volley  : [1] Request.finish: 13153 ms: [ ] http://lh4.ggpht.com/7H8eqUGGE5cR4QvIKXxEghhakxlFb5I80TXeZP_9mtM5cjhIMzASLS5Cmzrz29ELvAU=w240 LOW 28
06-08 14:36:00.707  1840  1842 D dalvikvm: GC_CONCURRENT freed 351K, 5% free 9314K/9799K, paused 5ms+4ms
06-08 14:36:01.293    82   122 D AudioHardware: AudioHardware pcm playback is going to standby.
06-08 14:36:01.293    82   122 D AudioHardware: closePcmOut_l() mPcmOpenCnt: 1
06-08 14:36:02.191  1236  1236 D OpenGLRenderer: Flushing caches (mode 1)
06-08 14:36:02.921   454   474 E ActivityThread: Failed to find provider info for com.android.inputmethod.latin.dictionarypack
06-08 14:36:02.925   454   474 E BinaryDictionaryGetter: Could not find a dictionary pack
06-08 14:36:03.441   454   457 D dalvikvm: GC_CONCURRENT freed 252K, 13% free 10811K/12423K, paused 1ms+5ms
06-08 14:36:03.574   454   457 D dalvikvm: GC_CONCURRENT freed 239K, 11% free 11166K/12423K, paused 2ms+4ms
06-08 14:36:04.254  1236  1236 D OpenGLRenderer: Flushing caches (mode 1)
06-08 14:36:09.332  1126  1126 E Finsky  : [1] 2.onErrorResponse: Failed to send 2 events because of [com.android.volley.TimeoutError]
06-08 14:36:09.332  1126  1126 D Volley  : [1] Request.finish: 7230 ms: [ ] https://android.clients.google.com/fdfe/log NORMAL 32
06-08 14:36:09.621   151  1008 I ActivityManager: START {act=android.intent.action.SEARCH flg=0x10000000 cmp=com.android.vending/.AssetBrowserActivity (has extras)} from pid 1126
06-08 14:36:09.804  1236  1236 D OpenGLRenderer: Flushing caches (mode 1)
06-08 14:36:09.968   389   389 D dalvikvm: GC_FOR_ALLOC freed 419K, 9% free 9893K/10759K, paused 48ms
06-08 14:36:10.160  1126  1126 D Volley  : [1] Request.finish: 22697 ms: [ ] http://lh5.ggpht.com/cSDcREPt6FKd3axrGI06gvQQl8nwCicGV_OiNJ4hkUaae4BepGQzViwhuzrymMvIbw=w480 LOW 29
06-08 14:36:10.214  1126  1126 D Volley  : [1] Request.finish: 22746 ms: [ ] http://lh6.ggpht.com/oLlQU57oTzi-PLHF55Jn3Ccs3GqhwiVG7xYjd5sE9mrwgAEzJ5Qmp2tM7gTBimhFk6Q=w480 LOW 30
06-08 14:36:10.730  1126  1126 D Volley  : [1] Request.finish: 23282 ms: [ ] http://lh3.ggpht.com/LYDtT6eaY9sHPrME3nLGetdaNBlt7GdjTBR4BX5gDeq49MHxlyeSrWaBgd15nB5cJA=w240 LOW 27
06-08 14:36:19.855  1353  1353 I wpa_supplicant: wlan0: Associated with d0:c2:82:2d:e5:b1
06-08 14:36:19.875  1353  1353 I wpa_supplicant: wlan0: CTRL-EVENT-CONNECTED - Connection to d0:c2:82:2d:e5:b1 completed (reauth) [id=0 id_str=]
06-08 14:36:20.136  1126  1128 D dalvikvm: GC_CONCURRENT freed 1104K, 9% free 12793K/14023K, paused 12ms+5ms
06-08 14:36:20.449  1430  1432 D dalvikvm: GC_CONCURRENT freed 362K, 10% free 9603K/10631K, paused 5ms+2ms
06-08 14:36:20.609  1430  1432 D dalvikvm: GC_CONCURRENT freed 387K, 10% free 9614K/10631K, paused 2ms+2ms
06-08 14:36:21.039  1430  1432 D dalvikvm: GC_CONCURRENT freed 405K, 10% free 9595K/10631K, paused 2ms+6ms
06-08 14:36:21.359  1430  1432 D dalvikvm: GC_CONCURRENT freed 380K, 10% free 9620K/10631K, paused 4ms+3ms
06-08 14:36:21.789  1430  1432 D dalvikvm: GC_CONCURRENT freed 397K, 10% free 9609K/10631K, paused 3ms+6ms
06-08 14:36:22.195  1430  1432 D dalvikvm: GC_CONCURRENT freed 412K, 10% free 9587K/10631K, paused 2ms+7ms
06-08 14:36:22.515  1126  1143 D Volley  : [130] BasicNetwork.logSlowRequests: HTTP response for request=<[ ] https://market.android.com/suggest/SuggRequest?query=c&json=1&blob=1&blob_sz=72&hl=en&gl=US NORMAL 31> [lifetime=21360], [size=2], [rc=200], [retryCount=0]
06-08 14:36:22.539  1126  1126 D Volley  : [1] Request.finish: 21386 ms: [ ] https://market.android.com/suggest/SuggRequest?query=c&json=1&blob=1&blob_sz=72&hl=en&gl=US NORMAL 31
06-08 14:36:22.668  1126  1144 D Volley  : [131] BasicNetwork.logSlowRequests: HTTP response for request=<[ ] https://android.clients.google.com/fdfe/search?c=0&q=car%20home NORMAL 34> [lifetime=12922], [size=66818], [rc=200], [retryCount=0]
06-08 14:36:22.910  1126  1126 D Volley  : [1] Request.finish: 13163 ms: [ ] https://android.clients.google.com/fdfe/search?c=0&q=car%20home NORMAL 34
06-08 14:36:23.066  1126  1128 D dalvikvm: GC_CONCURRENT freed 786K, 7% free 13286K/14151K, paused 3ms+5ms
06-08 14:36:23.445  1126  1126 D Finsky  : [1] DownloadQueueImpl.notifyProgress: self-update-download: onProgress 4000309/4000309 Status: 200.
06-08 14:36:23.445  1126  1126 D Finsky  : [1] DownloadBroadcastReceiver.onReceive: Intent received at DownloadBroadcastReceiver
06-08 14:36:23.496  1126  1126 D Finsky  : [1] DownloadImpl.setState: self-update-download from DOWNLOADING to SUCCESS.
06-08 14:36:23.500  1126  1126 D Finsky  : [1] DownloadQueueImpl.onComplete: self-update-download: onComplete
06-08 14:36:23.500  1126  1126 D Finsky  : [1] DownloadQueueImpl.remove: Download self-update-download removed from DownloadQueue
06-08 14:36:23.504  1126  1126 D Finsky  : [1] SelfUpdateScheduler.onComplete: Self-update ready to be installed, waiting for market to close.
06-08 14:36:23.511    84    84 I installd: free_cache(0) avail 965591040
06-08 14:36:23.550  1430  1432 D dalvikvm: GC_CONCURRENT freed 368K, 10% free 9625K/10631K, paused 2ms+2ms
06-08 14:36:24.066  1430  1432 D dalvikvm: GC_CONCURRENT freed 378K, 10% free 9647K/10631K, paused 2ms+2ms
06-08 14:36:24.207  1430  1432 D dalvikvm: GC_CONCURRENT freed 451K, 10% free 9586K/10631K, paused 2ms+3ms
06-08 14:36:24.363  1430  1432 D dalvikvm: GC_CONCURRENT freed 367K, 10% free 9611K/10631K, paused 9ms+2ms
06-08 14:36:24.472  1430  1432 D dalvikvm: GC_CONCURRENT freed 325K, 9% free 9699K/10631K, paused 2ms+2ms
06-08 14:36:24.562  1430  1432 D dalvikvm: GC_CONCURRENT freed 436K, 10% free 9647K/10631K, paused 1ms+2ms
06-08 14:36:24.644  1430  1432 D dalvikvm: GC_CONCURRENT freed 398K, 9% free 9679K/10631K, paused 1ms+2ms
06-08 14:36:24.730  1430  1432 D dalvikvm: GC_CONCURRENT freed 352K, 8% free 9799K/10631K, paused 2ms+2ms
06-08 14:36:24.824  1430  1432 D dalvikvm: GC_CONCURRENT freed 598K, 10% free 9587K/10631K, paused 2ms+3ms
06-08 14:36:24.918  1430  1432 D dalvikvm: GC_CONCURRENT freed 353K, 10% free 9626K/10631K, paused 1ms+3ms
06-08 14:36:25.007  1430  1432 D dalvikvm: GC_CONCURRENT freed 424K, 10% free 9594K/10631K, paused 2ms+2ms
06-08 14:36:25.097  1430  1432 D dalvikvm: GC_CONCURRENT freed 370K, 10% free 9633K/10631K, paused 2ms+3ms
06-08 14:36:25.589  1430  1432 D dalvikvm: GC_CONCURRENT freed 419K, 10% free 9600K/10631K, paused 2ms+3ms
06-08 14:36:25.933  1430  1432 D dalvikvm: GC_CONCURRENT freed 398K, 10% free 9587K/10631K, paused 3ms+6ms
06-08 14:36:26.086  1430  1432 D dalvikvm: GC_CONCURRENT freed 377K, 10% free 9596K/10631K, paused 2ms+2ms
06-08 14:36:26.214  1430  1432 D dalvikvm: GC_CONCURRENT freed 401K, 10% free 9585K/10631K, paused 2ms+2ms
06-08 14:36:26.593  1430  1432 D dalvikvm: GC_CONCURRENT freed 378K, 10% free 9597K/10631K, paused 2ms+2ms
06-08 14:36:27.168  1430  1432 D dalvikvm: GC_CONCURRENT freed 375K, 10% free 9606K/10631K, paused 4ms+5ms
06-08 14:36:27.324  1430  1432 D dalvikvm: GC_CONCURRENT freed 414K, 10% free 9589K/10631K, paused 3ms+3ms
06-08 14:36:27.468  1430  1432 D dalvikvm: GC_CONCURRENT freed 402K, 10% free 9583K/10631K, paused 2ms+9ms
06-08 14:36:27.629  1430  1432 D dalvikvm: GC_CONCURRENT freed 376K, 10% free 9599K/10631K, paused 3ms+2ms
06-08 14:36:28.054  1430  1432 D dalvikvm: GC_CONCURRENT freed 359K, 10% free 9634K/10631K, paused 2ms+2ms
06-08 14:36:28.402  1430  1432 D dalvikvm: GC_CONCURRENT freed 437K, 10% free 9590K/10631K, paused 2ms+3ms
06-08 14:36:28.539  1430  1432 D dalvikvm: GC_CONCURRENT freed 395K, 10% free 9593K/10631K, paused 2ms+3ms
06-08 14:36:28.957  1430  1432 D dalvikvm: GC_CONCURRENT freed 336K, 10% free 9658K/10631K, paused 1ms+3ms
06-08 14:36:29.031  1430  1432 D dalvikvm: GC_CONCURRENT freed 379K, 9% free 9684K/10631K, paused 2ms+4ms
06-08 14:36:29.472  1430  1432 D dalvikvm: GC_CONCURRENT freed 483K, 10% free 9594K/10631K, paused 3ms+5ms
06-08 14:36:29.882  1430  1432 D dalvikvm: GC_CONCURRENT freed 398K, 10% free 9588K/10631K, paused 19ms+3ms
06-08 14:36:31.894  1430  1432 D dalvikvm: GC_CONCURRENT freed 342K, 10% free 9636K/10631K, paused 7ms+2ms
06-08 14:36:32.019  1430  1432 D dalvikvm: GC_CONCURRENT freed 351K, 9% free 9735K/10631K, paused 2ms+2ms
06-08 14:36:32.117  1430  1432 D dalvikvm: GC_CONCURRENT freed 455K, 9% free 9768K/10631K, paused 2ms+2ms
06-08 14:36:32.214  1430  1432 D dalvikvm: GC_CONCURRENT freed 538K, 10% free 9621K/10631K, paused 2ms+2ms
06-08 14:36:32.296  1430  1432 D dalvikvm: GC_CONCURRENT freed 338K, 9% free 9702K/10631K, paused 2ms+3ms
06-08 14:36:32.375  1430  1432 D dalvikvm: GC_CONCURRENT freed 389K, 9% free 9777K/10631K, paused 2ms+2ms
06-08 14:36:32.468  1430  1432 D dalvikvm: GC_CONCURRENT freed 446K, 9% free 9760K/10631K, paused 1ms+2ms
06-08 14:36:32.574  1430  1432 D dalvikvm: GC_CONCURRENT freed 493K, 10% free 9674K/10631K, paused 2ms+2ms
06-08 14:36:32.668  1430  1432 D dalvikvm: GC_CONCURRENT freed 332K, 8% free 9828K/10631K, paused 2ms+2ms
06-08 14:36:32.761  1430  1432 D dalvikvm: GC_CONCURRENT freed 608K, 10% free 9614K/10631K, paused 2ms+2ms
06-08 14:36:32.820  1430  1432 D dalvikvm: GC_CONCURRENT freed 224K, 8% free 9824K/10631K, paused 2ms+2ms
06-08 14:36:32.918  1430  1909 D dalvikvm: GC_FOR_ALLOC freed 415K, 9% free 9772K/10631K, paused 17ms
06-08 14:36:32.941  1430  1909 D dalvikvm: GC_FOR_ALLOC freed 284K, 8% free 9835K/10631K, paused 16ms
06-08 14:36:33.105  1430  1432 D dalvikvm: GC_CONCURRENT freed 645K, 10% free 9578K/10631K, paused 2ms+2ms
06-08 14:36:33.437  1430  1432 D dalvikvm: GC_CONCURRENT freed 317K, 10% free 9651K/10631K, paused 2ms+2ms
06-08 14:36:33.785  1430  1432 D dalvikvm: GC_CONCURRENT freed 448K, 10% free 9589K/10631K, paused 2ms+2ms
06-08 14:36:34.109  1430  1432 D dalvikvm: GC_CONCURRENT freed 327K, 10% free 9655K/10631K, paused 2ms+2ms
06-08 14:36:34.203  1430  1432 D dalvikvm: GC_CONCURRENT freed 448K, 10% free 9618K/10631K, paused 2ms+2ms
06-08 14:36:34.277  1430  1432 D dalvikvm: GC_CONCURRENT freed 373K, 10% free 9663K/10631K, paused 1ms+3ms
06-08 14:36:34.382  1430  1432 D dalvikvm: GC_CONCURRENT freed 451K, 10% free 9598K/10631K, paused 1ms+10ms
06-08 14:36:34.390    82   122 D AudioHardware: AudioHardware pcm playback is exiting standby.
06-08 14:36:34.390    82   122 D AudioHardware: openPcmOut_l() mPcmOpenCnt: 0
06-08 14:36:34.535  1236  1236 D OpenGLRenderer: Flushing caches (mode 1)
06-08 14:36:34.718  1126  1128 D dalvikvm: GC_CONCURRENT freed 721K, 6% free 13991K/14791K, paused 17ms+9ms
06-08 14:36:34.980  1126  1126 D Finsky  : [1] DetailsDataBasedFragment.rebindViews: Page [class=DetailsFragment] loaded in [512 ms] (partial? false)
06-08 14:36:35.293  1236  1236 D OpenGLRenderer: Flushing caches (mode 1)
06-08 14:36:35.359  1236  1236 D OpenGLRenderer: Flushing caches (mode 1)
06-08 14:36:35.488  1126  1126 D Finsky  : [1] DetailsDataBasedFragment.rebindViews: Page [class=DetailsFragment] loaded in [1083 ms] (partial? true)
06-08 14:36:35.554  1126  1128 D dalvikvm: GC_CONCURRENT freed 989K, 7% free 14690K/15751K, paused 9ms+15ms
06-08 14:36:35.828  1126  1150 D dalvikvm: GC_FOR_ALLOC freed 682K, 7% free 15578K/16711K, paused 41ms
06-08 14:36:36.363  1126  1128 D dalvikvm: GC_CONCURRENT freed 881K, 6% free 16756K/17735K, paused 38ms+8ms
06-08 14:36:36.820  1430  1432 D dalvikvm: GC_CONCURRENT freed 372K, 10% free 9628K/10631K, paused 8ms+6ms
06-08 14:36:36.937  1430  1432 D dalvikvm: GC_CONCURRENT freed 402K, 10% free 9637K/10631K, paused 1ms+2ms
06-08 14:36:37.035  1430  1432 D dalvikvm: GC_CONCURRENT freed 437K, 10% free 9647K/10631K, paused 2ms+2ms
06-08 14:36:37.129  1430  1432 D dalvikvm: GC_CONCURRENT freed 447K, 10% free 9658K/10631K, paused 2ms+2ms
06-08 14:36:37.218  1430  1432 D dalvikvm: GC_CONCURRENT freed 428K, 10% free 9632K/10631K, paused 2ms+2ms
06-08 14:36:37.308  1430  1432 D dalvikvm: GC_CONCURRENT freed 452K, 10% free 9623K/10631K, paused 2ms+2ms
06-08 14:36:37.398  1430  1432 D dalvikvm: GC_CONCURRENT freed 415K, 10% free 9616K/10631K, paused 2ms+2ms
06-08 14:36:37.480    82   122 D AudioHardware: AudioHardware pcm playback is going to standby.
06-08 14:36:37.480    82   122 D AudioHardware: closePcmOut_l() mPcmOpenCnt: 1
06-08 14:36:37.492  1430  1432 D dalvikvm: GC_CONCURRENT freed 362K, 9% free 9684K/10631K, paused 2ms+3ms
06-08 14:36:37.578  1430  1432 D dalvikvm: GC_CONCURRENT freed 424K, 9% free 9724K/10631K, paused 2ms+2ms
06-08 14:36:37.652  1430  1432 D dalvikvm: GC_CONCURRENT freed 543K, 10% free 9645K/10631K, paused 2ms+2ms
06-08 14:36:37.746  1430  1432 D dalvikvm: GC_CONCURRENT freed 356K, 9% free 9684K/10631K, paused 1ms+6ms
06-08 14:36:37.843  1430  1432 D dalvikvm: GC_CONCURRENT freed 505K, 10% free 9590K/10631K, paused 3ms+3ms
06-08 14:36:37.925  1430  1432 D dalvikvm: GC_CONCURRENT freed 391K, 10% free 9662K/10631K, paused 2ms+2ms
06-08 14:36:38.015  1430  1432 D dalvikvm: GC_CONCURRENT freed 401K, 10% free 9646K/10631K, paused 2ms+3ms
06-08 14:36:38.086  1430  1432 D dalvikvm: GC_CONCURRENT freed 379K, 9% free 9723K/10631K, paused 1ms+3ms
06-08 14:36:38.171  1430  1432 D dalvikvm: GC_CONCURRENT freed 512K, 10% free 9653K/10631K, paused 2ms+2ms
06-08 14:36:38.250  1430  1432 D dalvikvm: GC_CONCURRENT freed 468K, 9% free 9681K/10631K, paused 2ms+2ms
06-08 14:36:38.328  1430  1432 D dalvikvm: GC_CONCURRENT freed 495K, 10% free 9595K/10631K, paused 2ms+2ms
06-08 14:36:38.418  1430  1432 D dalvikvm: GC_CONCURRENT freed 344K, 10% free 9663K/10631K, paused 2ms+3ms
06-08 14:36:38.507  1430  1432 D dalvikvm: GC_CONCURRENT freed 353K, 9% free 9768K/10631K, paused 2ms+3ms
06-08 14:36:38.589   151   153 D dalvikvm: GC_CONCURRENT freed 803K, 9% free 12893K/14023K, paused 3ms+5ms
06-08 14:36:38.656  1430  1432 D dalvikvm: GC_CONCURRENT freed 463K, 9% free 9750K/10631K, paused 2ms+2ms
06-08 14:36:38.738  1430  1432 D dalvikvm: GC_CONCURRENT freed 498K, 10% free 9637K/10631K, paused 2ms+2ms
06-08 14:36:38.879  1430  1432 D dalvikvm: GC_CONCURRENT freed 450K, 10% free 9574K/10631K, paused 2ms+2ms
06-08 14:36:39.765  1430  1432 D dalvikvm: GC_CONCURRENT freed 331K, 10% free 9633K/10631K, paused 2ms+3ms
06-08 14:36:39.894  1430  1432 D dalvikvm: GC_CONCURRENT freed 436K, 10% free 9612K/10631K, paused 2ms+4ms
06-08 14:36:40.238  1430  1432 D dalvikvm: GC_CONCURRENT freed 397K, 10% free 9604K/10631K, paused 2ms+2ms
06-08 14:36:40.382  1430  1432 D dalvikvm: GC_CONCURRENT freed 402K, 10% free 9590K/10631K, paused 1ms+2ms
06-08 14:36:40.953  1430  1432 D dalvikvm: GC_CONCURRENT freed 358K, 10% free 9628K/10631K, paused 1ms+2ms
06-08 14:36:41.570  1430  1432 D dalvikvm: GC_CONCURRENT freed 405K, 10% free 9615K/10631K, paused 2ms+2ms
06-08 14:36:41.964  1430  1432 D dalvikvm: GC_CONCURRENT freed 408K, 10% free 9595K/10631K, paused 3ms+6ms
06-08 14:36:42.320  1430  1432 D dalvikvm: GC_CONCURRENT freed 387K, 10% free 9594K/10631K, paused 2ms+2ms
06-08 14:36:43.640  1430  1432 D dalvikvm: GC_CONCURRENT freed 364K, 10% free 9618K/10631K, paused 2ms+3ms
06-08 14:36:43.933  1430  1432 D dalvikvm: GC_CONCURRENT freed 412K, 10% free 9602K/10631K, paused 2ms+10ms
06-08 14:36:44.148  1430  1432 D dalvikvm: GC_CONCURRENT freed 399K, 10% free 9593K/10631K, paused 10ms+11ms
06-08 14:36:44.347  1430  1432 D dalvikvm: GC_CONCURRENT freed 388K, 10% free 9604K/10631K, paused 1ms+2ms
06-08 14:36:44.578  1430  1432 D dalvikvm: GC_CONCURRENT freed 394K, 10% free 9615K/10631K, paused 2ms+2ms
06-08 14:36:44.847  1430  1432 D dalvikvm: GC_CONCURRENT freed 444K, 11% free 9568K/10631K, paused 3ms+2ms
06-08 14:36:45.714  1430  1432 D dalvikvm: GC_CONCURRENT freed 348K, 10% free 9610K/10631K, paused 1ms+2ms
06-08 14:36:45.925  1430  1432 D dalvikvm: GC_CONCURRENT freed 405K, 10% free 9589K/10631K, paused 2ms+3ms
06-08 14:36:46.050  1430  1432 D dalvikvm: GC_CONCURRENT freed 318K, 10% free 9674K/10631K, paused 2ms+2ms
06-08 14:36:46.191  1430  1432 D dalvikvm: GC_CONCURRENT freed 445K, 10% free 9615K/10631K, paused 7ms+3ms
06-08 14:36:46.293  1430  1432 D dalvikvm: GC_CONCURRENT freed 330K, 9% free 9737K/10631K, paused 2ms+2ms
06-08 14:36:46.418  1430  1432 D dalvikvm: GC_CONCURRENT freed 479K, 9% free 9720K/10631K, paused 3ms+9ms
06-08 14:36:46.570  1430  1432 D dalvikvm: GC_CONCURRENT freed 513K, 10% free 9605K/10631K, paused 2ms+2ms
06-08 14:36:46.714  1430  1432 D dalvikvm: GC_CONCURRENT freed 356K, 9% free 9697K/10631K, paused 2ms+3ms
06-08 14:36:46.871  1430  1432 D dalvikvm: GC_CONCURRENT freed 418K, 9% free 9695K/10631K, paused 2ms+9ms
06-08 14:36:47.019  1430  1432 D dalvikvm: GC_CONCURRENT freed 491K, 10% free 9597K/10631K, paused 2ms+2ms
06-08 14:36:47.175  1430  1432 D dalvikvm: GC_CONCURRENT freed 366K, 10% free 9640K/10631K, paused 2ms+8ms
06-08 14:36:47.336  1430  1432 D dalvikvm: GC_CONCURRENT freed 442K, 10% free 9630K/10631K, paused 9ms+9ms
06-08 14:36:47.859  1430  1432 D dalvikvm: GC_CONCURRENT freed 414K, 10% free 9601K/10631K, paused 2ms+9ms
06-08 14:36:48.074  1430  1432 D dalvikvm: GC_CONCURRENT freed 403K, 10% free 9611K/10631K, paused 2ms+8ms
06-08 14:36:48.238  1430  1432 D dalvikvm: GC_CONCURRENT freed 384K, 10% free 9636K/10631K, paused 3ms+2ms
06-08 14:36:48.414  1430  1432 D dalvikvm: GC_CONCURRENT freed 431K, 10% free 9603K/10631K, paused 6ms+3ms
06-08 14:36:48.554  1430  1432 D dalvikvm: GC_CONCURRENT freed 351K, 10% free 9641K/10631K, paused 2ms+2ms
06-08 14:36:48.699  1430  1432 D dalvikvm: GC_CONCURRENT freed 476K, 10% free 9618K/10631K, paused 2ms+9ms
06-08 14:36:48.847  1430  1432 D dalvikvm: GC_CONCURRENT freed 408K, 10% free 9623K/10631K, paused 2ms+2ms
06-08 14:36:49.004  1430  1432 D dalvikvm: GC_CONCURRENT freed 366K, 9% free 9684K/10631K, paused 2ms+9ms
06-08 14:36:49.148  1430  1432 D dalvikvm: GC_CONCURRENT freed 436K, 10% free 9644K/10631K, paused 2ms+9ms
06-08 14:36:49.246  1430  1432 D dalvikvm: GC_CONCURRENT freed 392K, 10% free 9650K/10631K, paused 2ms+4ms
06-08 14:36:49.328  1430  1432 D dalvikvm: GC_CONCURRENT freed 354K, 9% free 9720K/10631K, paused 2ms+2ms
06-08 14:36:49.410  1430  1432 D dalvikvm: GC_CONCURRENT freed 446K, 9% free 9730K/10631K, paused 2ms+4ms
06-08 14:36:49.511  1430  1432 D dalvikvm: GC_CONCURRENT freed 468K, 9% free 9715K/10631K, paused 2ms+2ms
06-08 14:36:49.632  1430  1432 D dalvikvm: GC_CONCURRENT freed 469K, 10% free 9661K/10631K, paused 2ms+3ms
06-08 14:36:49.746  1430  1432 D dalvikvm: GC_CONCURRENT freed 349K, 9% free 9727K/10631K, paused 2ms+3ms
06-08 14:36:49.843  1430  1432 D dalvikvm: GC_CONCURRENT freed 506K, 10% free 9671K/10631K, paused 2ms+2ms
06-08 14:36:49.921  1430  1432 D dalvikvm: GC_CONCURRENT freed 342K, 9% free 9779K/10631K, paused 2ms+2ms
06-08 14:36:50.039  1430  1432 D dalvikvm: GC_CONCURRENT freed 568K, 10% free 9600K/10631K, paused 3ms+6ms
06-08 14:36:50.246  1430  1432 D dalvikvm: GC_CONCURRENT freed 326K, 9% free 9676K/10631K, paused 4ms+3ms
06-08 14:36:50.406  1430  1432 D dalvikvm: GC_CONCURRENT freed 361K, 8% free 9796K/10631K, paused 2ms+9ms
06-08 14:36:50.586  1430  1432 D dalvikvm: GC_CONCURRENT freed 527K, 10% free 9655K/10631K, paused 2ms+2ms
06-08 14:36:50.730  1430  1432 D dalvikvm: GC_CONCURRENT freed 441K, 10% free 9603K/10631K, paused 3ms+10ms
06-08 14:36:50.890  1430  1432 D dalvikvm: GC_CONCURRENT freed 353K, 9% free 9691K/10631K, paused 2ms+2ms
06-08 14:36:51.058  1430  1432 D dalvikvm: GC_CONCURRENT freed 404K, 8% free 9824K/10631K, paused 4ms+2ms
06-08 14:36:51.117  1236  1236 D OpenGLRenderer: Flushing caches (mode 1)
06-08 14:36:51.195  1430  1432 D dalvikvm: GC_CONCURRENT freed 509K, 9% free 9723K/10631K, paused 2ms+2ms
06-08 14:36:51.281  1430  1432 D dalvikvm: GC_CONCURRENT freed 544K, 10% free 9609K/10631K, paused 2ms+2ms
06-08 14:36:51.406  1430  1432 D dalvikvm: GC_CONCURRENT freed 383K, 9% free 9705K/10631K, paused 2ms+3ms
06-08 14:36:51.515  1430  1432 D dalvikvm: GC_CONCURRENT freed 389K, 9% free 9714K/10631K, paused 2ms+3ms
06-08 14:36:51.621  1430  1909 D dalvikvm: GC_FOR_ALLOC freed 411K, 10% free 9614K/10631K, paused 26ms
06-08 14:36:51.703  1430  1432 D dalvikvm: GC_CONCURRENT freed 417K, 10% free 9615K/10631K, paused 2ms+2ms
06-08 14:36:51.781  1430  1432 D dalvikvm: GC_CONCURRENT freed 439K, 10% free 9616K/10631K, paused 1ms+2ms
06-08 14:36:51.867  1430  1432 D dalvikvm: GC_CONCURRENT freed 330K, 10% free 9672K/10631K, paused 2ms+2ms
06-08 14:36:51.992  1430  1432 D dalvikvm: GC_CONCURRENT freed 493K, 9% free 9688K/10631K, paused 6ms+2ms
06-08 14:36:52.183  1430  1432 D dalvikvm: GC_CONCURRENT freed 135K, 7% free 9939K/10631K, paused 4ms+3ms
06-08 14:36:52.254  1430  1909 D dalvikvm: GC_FOR_ALLOC freed 0K, 7% free 9939K/10631K, paused 40ms
06-08 14:36:52.254  1430  1909 I dalvikvm-heap: Grow heap (frag case) to 10.023MB for 258786-byte allocation
06-08 14:36:52.293  1430  1909 D dalvikvm: GC_FOR_ALLOC freed 126K, 8% free 10066K/10887K, paused 37ms
06-08 14:36:52.402  1430  1909 D dalvikvm: GC_FOR_ALLOC freed 685K, 12% free 9665K/10887K, paused 38ms
06-08 14:36:52.507  1430  1909 D dalvikvm: GC_FOR_ALLOC freed 107K, 10% free 9866K/10887K, paused 44ms
06-08 14:36:52.593  1430  1909 D dalvikvm: GC_FOR_ALLOC freed 663K, 13% free 9561K/10887K, paused 36ms
06-08 14:36:52.648  1430  1909 D dalvikvm: GC_FOR_ALLOC freed 5K, 11% free 9733K/10887K, paused 38ms
06-08 14:36:52.793  1430  1909 D dalvikvm: GC_FOR_ALLOC freed 175K, 10% free 9904K/10887K, paused 35ms
06-08 14:36:52.843  1430  1909 D dalvikvm: GC_FOR_ALLOC freed 0K, 8% free 10076K/10887K, paused 36ms
06-08 14:36:52.843  1430  1909 I dalvikvm-heap: Grow heap (frag case) to 10.246MB for 351848-byte allocation
06-08 14:36:52.886  1430  1909 D dalvikvm: GC_FOR_ALLOC freed 171K, 10% free 10247K/11271K, paused 39ms
06-08 14:36:53.004  1430  1909 D dalvikvm: GC_FOR_ALLOC freed 914K, 15% free 9665K/11271K, paused 39ms
06-08 14:36:53.113  1430  1432 D dalvikvm: GC_CONCURRENT freed 107K, 11% free 10069K/11271K, paused 2ms+3ms
06-08 14:36:53.187  1430  1432 D dalvikvm: GC_CONCURRENT freed 663K, 13% free 9867K/11271K, paused 1ms+3ms
06-08 14:36:53.261  1430  1432 D dalvikvm: GC_CONCURRENT freed 208K, 11% free 10067K/11271K, paused 3ms+2ms
06-08 14:36:53.316  1430  1909 D dalvikvm: GC_FOR_ALLOC freed 563K, 14% free 9800K/11271K, paused 16ms
06-08 14:36:53.371  1430  1432 D dalvikvm: GC_CONCURRENT freed 2K, 9% free 10272K/11271K, paused 2ms+14ms
06-08 14:36:53.507  1430  1909 D dalvikvm: GC_FOR_ALLOC freed 240K, 9% free 10272K/11271K, paused 21ms
06-08 14:36:53.507  1430  1909 I dalvikvm-heap: Grow heap (frag case) to 10.564MB for 485358-byte allocation
06-08 14:36:53.543  1430  1432 D dalvikvm: GC_CONCURRENT freed 0K, 9% free 10745K/11783K, paused 2ms+2ms
06-08 14:36:53.632  1430  1909 D dalvikvm: GC_FOR_ALLOC freed 1514K, 18% free 9664K/11783K, paused 22ms
06-08 14:36:53.699  1430  1432 D dalvikvm: GC_CONCURRENT freed 106K, 15% free 10065K/11783K, paused 2ms+2ms
06-08 14:36:53.773  1430  1432 D dalvikvm: GC_CONCURRENT freed 659K, 17% free 9867K/11783K, paused 2ms+2ms
06-08 14:36:53.839  1430  1432 D dalvikvm: GC_CONCURRENT freed 209K, 15% free 10068K/11783K, paused 1ms+3ms
06-08 14:36:53.929  1430  1432 D dalvikvm: GC_CONCURRENT freed 669K, 17% free 9866K/11783K, paused 2ms+2ms
06-08 14:36:53.992  1430  1432 D dalvikvm: GC_CONCURRENT freed 659K, 19% free 9662K/11783K, paused 2ms+2ms
06-08 14:36:54.054  1430  1909 D dalvikvm: GC_FOR_ALLOC freed 109K, 17% free 9863K/11783K, paused 16ms
06-08 14:36:54.117  1430  1432 D dalvikvm: GC_CONCURRENT freed 656K, 19% free 9662K/11783K, paused 2ms+2ms
06-08 14:36:54.175  1430  1909 D dalvikvm: GC_FOR_ALLOC freed 109K, 17% free 9863K/11783K, paused 16ms
06-08 14:36:54.226  1430  1432 D dalvikvm: GC_CONCURRENT freed 656K, 19% free 9662K/11783K, paused 2ms+3ms
06-08 14:36:54.285  1430  1909 D dalvikvm: GC_FOR_ALLOC freed 109K, 17% free 9863K/11783K, paused 16ms
06-08 14:36:54.336  1430  1432 D dalvikvm: GC_CONCURRENT freed 656K, 18% free 9662K/11783K, paused 2ms+2ms
06-08 14:36:54.398  1430  1909 D dalvikvm: GC_FOR_ALLOC freed 110K, 17% free 9864K/11783K, paused 16ms
06-08 14:36:54.457  1430  1432 D dalvikvm: GC_CONCURRENT freed 657K, 19% free 9662K/11783K, paused 2ms+2ms
06-08 14:36:54.519  1430  1909 D dalvikvm: GC_FOR_ALLOC freed 109K, 17% free 9863K/11783K, paused 16ms
06-08 14:36:54.570  1430  1432 D dalvikvm: GC_CONCURRENT freed 656K, 19% free 9662K/11783K, paused 1ms+2ms
06-08 14:36:54.629  1430  1909 D dalvikvm: GC_FOR_ALLOC freed 110K, 17% free 9864K/11783K, paused 16ms
06-08 14:36:54.683  1430  1432 D dalvikvm: GC_CONCURRENT freed 662K, 18% free 9662K/11783K, paused 2ms+2ms
06-08 14:36:54.746  1430  1909 D dalvikvm: GC_FOR_ALLOC freed 111K, 17% free 9864K/11783K, paused 18ms
06-08 14:36:54.789  1430  1909 D dalvikvm: GC_FOR_ALLOC freed 663K, 19% free 9561K/11783K, paused 16ms
06-08 14:36:54.812  1430  1909 D dalvikvm: GC_FOR_ALLOC freed 5K, 17% free 9868K/11783K, paused 16ms
06-08 14:36:54.812  1430  1909 I dalvikvm-heap: Grow heap (frag case) to 10.308MB for 630134-byte allocation
06-08 14:36:54.855  1430  1432 D dalvikvm: GC_CONCURRENT freed 0K, 12% free 10484K/11783K, paused 2ms+3ms
06-08 14:36:54.964  1430  1909 D dalvikvm: GC_FOR_ALLOC freed 310K, 12% free 10483K/11783K, paused 16ms
06-08 14:36:54.968  1430  1909 I dalvikvm-heap: Grow heap (frag case) to 10.909MB for 630130-byte allocation
06-08 14:36:54.996  1430  1432 D dalvikvm: GC_CONCURRENT freed 0K, 11% free 11098K/12423K, paused 1ms+2ms
06-08 14:36:55.062  1430  1909 D dalvikvm: GC_FOR_ALLOC freed 1935K, 23% free 9664K/12423K, paused 17ms
06-08 14:36:55.121  1430  1432 D dalvikvm: GC_CONCURRENT freed 106K, 19% free 10064K/12423K, paused 2ms+2ms
06-08 14:36:55.839  1430  1432 D dalvikvm: GC_CONCURRENT freed 889K, 23% free 9572K/12423K, paused 2ms+3ms
06-08 14:36:55.988  1430  1909 D dalvikvm: GC_EXPLICIT freed 183K, 24% free 9552K/12423K, paused 3ms+3ms
06-08 14:36:56.000  1430  1909 I Gmail   : MainSyncRequestProto: lowestBkwdConvoId: 0, highestHandledServerOp: 3941447, normalSync: true
06-08 14:36:56.066  1236  1236 D dalvikvm: GC_EXPLICIT freed 466K, 9% free 9697K/10567K, paused 3ms+4ms
06-08 14:36:56.078  1236  1236 D OpenGLRenderer: Flushing caches (mode 1)
06-08 14:37:00.105   389   391 D dalvikvm: GC_CONCURRENT freed 418K, 9% free 9861K/10759K, paused 2ms+3ms
06-08 14:37:08.019  1430  1432 D dalvikvm: GC_CONCURRENT freed 327K, 23% free 9610K/12423K, paused 2ms+2ms
06-08 14:37:08.117  1430  1432 D dalvikvm: GC_CONCURRENT freed 433K, 23% free 9601K/12423K, paused 1ms+3ms
06-08 14:37:08.386  1430  1432 D dalvikvm: GC_CONCURRENT freed 399K, 23% free 9611K/12423K, paused 2ms+2ms
06-08 14:37:08.500  1430  1432 D dalvikvm: GC_CONCURRENT freed 412K, 23% free 9606K/12423K, paused 2ms+2ms
06-08 14:37:09.175  1430  1432 D dalvikvm: GC_CONCURRENT freed 366K, 23% free 9630K/12423K, paused 2ms+3ms
06-08 14:37:09.550  1430  1432 D dalvikvm: GC_CONCURRENT freed 418K, 23% free 9596K/12423K, paused 2ms+2ms
06-08 14:37:09.629  1430  1432 D dalvikvm: GC_CONCURRENT freed 362K, 23% free 9643K/12423K, paused 1ms+2ms
06-08 14:37:09.718  1430  1432 D dalvikvm: GC_CONCURRENT freed 438K, 23% free 9611K/12423K, paused 2ms+2ms
06-08 14:37:09.800  1430  1432 D dalvikvm: GC_CONCURRENT freed 424K, 23% free 9622K/12423K, paused 2ms+2ms
06-08 14:37:10.168  1430  1432 D dalvikvm: GC_CONCURRENT freed 425K, 23% free 9583K/12423K, paused 1ms+3ms
06-08 14:37:10.777  1430  1432 D dalvikvm: GC_CONCURRENT freed 374K, 23% free 9602K/12423K, paused 4ms+4ms
06-08 14:37:11.101  1430  1432 D dalvikvm: GC_CONCURRENT freed 402K, 23% free 9600K/12423K, paused 4ms+3ms
06-08 14:37:12.101  1430  1432 D dalvikvm: GC_CONCURRENT freed 357K, 23% free 9636K/12423K, paused 2ms+3ms
06-08 14:37:12.937  1430  1432 D dalvikvm: GC_CONCURRENT freed 396K, 23% free 9627K/12423K, paused 2ms+3ms
06-08 14:37:13.793  1430  1432 D dalvikvm: GC_CONCURRENT freed 373K, 23% free 9642K/12423K, paused 2ms+3ms
06-08 14:37:14.242  1430  1432 D dalvikvm: GC_CONCURRENT freed 431K, 23% free 9598K/12423K, paused 1ms+2ms
06-08 14:37:14.882  1430  1432 D dalvikvm: GC_CONCURRENT freed 375K, 23% free 9609K/12423K, paused 4ms+5ms
06-08 14:37:15.156  1430  1432 D dalvikvm: GC_CONCURRENT freed 412K, 23% free 9604K/12423K, paused 2ms+5ms
06-08 14:37:15.890  1430  1432 D dalvikvm: GC_CONCURRENT freed 367K, 23% free 9637K/12423K, paused 4ms+5ms
06-08 14:37:16.757  1430  1909 D dalvikvm: GC_EXPLICIT freed 270K, 23% free 9593K/12423K, paused 4ms+6ms
06-08 14:37:16.785  1430  1909 I Gmail   : MainSyncRequestProto: lowestBkwdConvoId: 0, highestHandledServerOp: 3941447, normalSync: true
06-08 14:37:16.941  1430  1909 W Gmail   : Scheduling index for 300000 ms from now
06-08 14:37:17.054  1236  1236 D OpenGLRenderer: Flushing caches (mode 1)
06-08 14:37:17.054  1430  1909 I Gmail   : Sending notification intent: Intent { act=android.intent.action.PROVIDER_CHANGED dat=content://gmail-ls/unread/^i (has extras) }
06-08 14:37:17.109  1430  1909 I Gmail   : Sending notification intent: Intent { act=android.intent.action.PROVIDER_CHANGED dat=content://gmail-ls/unread/^iim (has extras) }
06-08 14:37:17.324  1430  2009 W Gmail   : Showing notification with unreadCount of 108 and unseenCount of 27
06-08 14:37:17.343   151   193 D SyncManager: handleSyncHandlerMessage: dropping since the sync is no longer active: startTime 739421, mTimeoutStartTime 739421, mHistoryRowId 7, syncOperation drqiao02@gmail.com (com.google), gmail-ls, SERVER, earliestRunTime 438340
06-08 14:37:17.605  1236  1236 D OpenGLRenderer: Flushing caches (mode 1)
06-08 14:37:17.925   389   391 D dalvikvm: GC_CONCURRENT freed 231K, 6% free 10137K/10759K, paused 3ms+9ms
06-08 14:37:17.937   151  2011 I AudioService:  AudioFocus  requestAudioFocus() from android.media.AudioManager@41681f88
06-08 14:37:17.972    82   122 D AudioHardware: AudioHardware pcm playback is exiting standby.
06-08 14:37:17.972    82   122 D AudioHardware: openPcmOut_l() mPcmOpenCnt: 0
06-08 14:37:19.296   559  2017 D ContactsSyncAdapter: resuming download from index 2140, id http://www.google.com/m8/feeds/contacts/drqiao02%40gmail.com/base/4cfb6c980dc79ded
06-08 14:37:19.437  1840  2019 I DownloadManager: Initiating request for download 2
06-08 14:37:19.796  1840  1842 D dalvikvm: GC_CONCURRENT freed 403K, 6% free 9349K/9863K, paused 10ms+20ms
06-08 14:37:19.863   151  2011 I AudioService:  AudioFocus  abandonAudioFocus() from android.media.AudioManager@41681f88
06-08 14:37:20.039   559   561 D dalvikvm: GC_CONCURRENT freed 348K, 11% free 10430K/11591K, paused 34ms+4ms
06-08 14:37:20.421   559   561 D dalvikvm: GC_CONCURRENT freed 214K, 9% free 10633K/11591K, paused 3ms+9ms
06-08 14:37:20.476   596   598 D dalvikvm: GC_CONCURRENT freed 836K, 10% free 9652K/10695K, paused 3ms+3ms
06-08 14:37:20.722   596   598 D dalvikvm: GC_CONCURRENT freed 155K, 8% free 9892K/10695K, paused 3ms+3ms
06-08 14:37:20.925   559   561 D dalvikvm: GC_CONCURRENT freed 161K, 7% free 10888K/11591K, paused 2ms+12ms
06-08 14:37:21.195  1236  1236 D OpenGLRenderer: Flushing caches (mode 1)
06-08 14:37:21.324  1840  2024 I DownloadManager: deleting /data/data/com.android.providers.downloads/cache/downloadfile.jpeg
06-08 14:37:21.449   151   163 D dalvikvm: GC_EXPLICIT freed 594K, 8% free 12913K/14023K, paused 4ms+41ms
06-08 14:37:21.566  1840  2026 I DownloadManager: Initiating request for download 3
06-08 14:37:21.707   596   674 D dalvikvm: GC_EXPLICIT freed 205K, 8% free 9942K/10695K, paused 2ms+6ms
06-08 14:37:21.863   151   162 I ActivityManager: START {flg=0x20010000 cmp=com.android.vending/com.google.android.finsky.activities.PurchaseDialog (has extras)} from pid 1126
06-08 14:37:22.175  1126  1126 D Finsky  : [1] SelfUpdateScheduler.checkForSelfUpdate: Skipping self-update check as there is an update already queued.
06-08 14:37:22.281   151   200 I ActivityManager: Displayed com.android.vending/com.google.android.finsky.activities.PurchaseDialog: +358ms
06-08 14:37:22.293   151   491 I ActivityManager: Process com.android.provision (pid 1670) has died.
06-08 14:37:22.421  1126  1126 D OpenGLRenderer: Flushing caches (mode 0)
06-08 14:37:22.492   596   598 D dalvikvm: GC_CONCURRENT freed 341K, 7% free 9987K/10695K, paused 16ms+3ms
06-08 14:37:23.078  1430  1432 D dalvikvm: GC_CONCURRENT freed 354K, 23% free 9643K/12423K, paused 6ms+3ms
06-08 14:37:23.078  1840  1842 D dalvikvm: GC_CONCURRENT freed 471K, 6% free 9334K/9927K, paused 10ms+3ms
06-08 14:37:23.140  1840  2031 I DownloadManager: deleting /data/data/com.android.providers.downloads/cache/downloadfile.jpeg
06-08 14:37:23.175  1236  1236 D OpenGLRenderer: Flushing caches (mode 1)
06-08 14:37:23.507  1840  2034 I DownloadManager: Initiating request for download 4
06-08 14:37:23.671   596   598 D dalvikvm: GC_CONCURRENT freed 357K, 7% free 10028K/10695K, paused 7ms+3ms
06-08 14:37:24.293   596   598 D dalvikvm: GC_CONCURRENT freed 366K, 7% free 10045K/10695K, paused 2ms+4ms
06-08 14:37:24.566  1236  1236 D OpenGLRenderer: Flushing caches (mode 1)
06-08 14:37:24.609  1840  1842 D dalvikvm: GC_CONCURRENT freed 418K, 7% free 9306K/9927K, paused 2ms+4ms
06-08 14:37:24.613  1840  2039 I DownloadManager: deleting /data/data/com.android.providers.downloads/cache/downloadfile.jpeg
06-08 14:37:24.925    82   122 D AudioHardware: AudioHardware pcm playback is going to standby.
06-08 14:37:24.925    82   122 D AudioHardware: closePcmOut_l() mPcmOpenCnt: 1
06-08 14:37:25.519    82   122 D AudioHardware: AudioHardware pcm playback is exiting standby.
06-08 14:37:25.519    82   122 D AudioHardware: openPcmOut_l() mPcmOpenCnt: 0
06-08 14:37:25.863   596   598 D dalvikvm: GC_CONCURRENT freed 589K, 8% free 9854K/10695K, paused 2ms+3ms
06-08 14:37:25.968   151  1008 D dalvikvm: GC_FOR_ALLOC freed 401K, 8% free 12906K/14023K, paused 45ms
06-08 14:37:26.039  1236  1236 D OpenGLRenderer: Flushing caches (mode 1)
06-08 14:37:26.464  1126  1126 D Finsky  : [1] DetailsDataBasedFragment.rebindViews: Page [class=DetailsFragment] loaded in [51844 ms] (partial? false)
06-08 14:37:26.543   151   167 I Process : Sending signal. PID: 1126 SIG: 3
06-08 14:37:26.543  1126  1131 I dalvikvm: threadid=3: reacting to signal 3
06-08 14:37:26.664  1126  1131 I dalvikvm: Wrote stack traces to '/data/anr/traces.txt'
06-08 14:37:26.726  1126  1128 D dalvikvm: GC_CONCURRENT freed 1330K, 8% free 17431K/18887K, paused 3ms+10ms
06-08 14:37:26.984   151   167 I Process : Sending signal. PID: 1126 SIG: 3
06-08 14:37:26.984  1126  1131 I dalvikvm: threadid=3: reacting to signal 3
06-08 14:37:26.992  1840  2043 I DownloadManager: Initiating request for download 5
06-08 14:37:27.019  1126  1126 D Finsky  : [1] DetailsDataBasedFragment.rebindViews: Page [class=DetailsFragment] loaded in [52625 ms] (partial? true)
06-08 14:37:27.027  1126  1131 I dalvikvm: Wrote stack traces to '/data/anr/traces.txt'
06-08 14:37:27.054  1126  1126 D Finsky  : [1] InstallerImpl.requestInstall: Request install of spinninghead.carhome v=73
06-08 14:37:27.058  1126  1126 D Finsky  : [1] InstallerImpl.kick: Installer kick spinninghead.carhome - starting spinninghead.carhome
06-08 14:37:27.058  1126  1126 D Finsky  : [1] DownloadImpl.setState: spinninghead.carhome from null to UNQUEUED.
06-08 14:37:27.062  1126  1126 D Finsky  : [1] DownloadQueueImpl.add: Download spinninghead.carhome added to DownloadQueue
06-08 14:37:27.066  1126  1126 D Finsky  : [1] DownloadImpl.setState: spinninghead.carhome from UNQUEUED to QUEUED.
06-08 14:37:27.070    84    84 I installd: free_cache(666616) avail 962048000
06-08 14:37:27.281  1126  1126 D Finsky  : [1] 4.run: Applying library update: account=[MoHKtfkXXwMN07AfVziwaMNjk3U], corpus=3, numMutations=1
06-08 14:37:27.289  1126  1126 D Finsky  : [1] DownloadQueueImpl.startDownload: Download spinninghead.carhome starting
06-08 14:37:27.382  1126  1133 I dalvikvm: Jit: resizing JitTable from 8192 to 16384
06-08 14:37:27.496  1126  1126 D Finsky  : [1] DownloadImpl.setState: spinninghead.carhome from QUEUED to DOWNLOADING.
06-08 14:37:27.496   151   167 I Process : Sending signal. PID: 1126 SIG: 3
06-08 14:37:27.500  1126  1131 I dalvikvm: threadid=3: reacting to signal 3
06-08 14:37:27.531  1126  1126 D Finsky  : [1] DownloadQueueImpl.notifyProgress: spinninghead.carhome: onProgress 0/-1 Status: 190.
06-08 14:37:27.539  1126  1131 I dalvikvm: Wrote stack traces to '/data/anr/traces.txt'
06-08 14:37:27.570  1126  1126 D Finsky  : [1] DownloadQueueImpl.onStart: spinninghead.carhome: onStart
06-08 14:37:27.601  1126  1126 D OpenGLRenderer: Flushing caches (mode 0)
06-08 14:37:27.683  1126  1126 D Finsky  : [1] DownloadQueueImpl.notifyProgress: spinninghead.carhome: onProgress 0/-1 Status: 192.
06-08 14:37:27.726  1840  2049 I DownloadManager: Initiating request for download 6
06-08 14:37:27.832   389   391 D dalvikvm: GC_CONCURRENT freed 395K, 6% free 10141K/10759K, paused 2ms+2ms
06-08 14:37:27.933   389   389 D dalvikvm: GC_FOR_ALLOC freed 370K, 6% free 10139K/10759K, paused 28ms
06-08 14:37:27.976   389   389 D dalvikvm: GC_FOR_ALLOC freed 315K, 6% free 10137K/10759K, paused 24ms
06-08 14:37:27.992  1126  1126 D Finsky  : [1] 3.onMutationsApplied: App library has changed, requesting content sync.
06-08 14:37:28.234  1840  2049 I DownloadManager: Initiating request for download 6
06-08 14:37:28.332  1126  1128 D dalvikvm: GC_CONCURRENT freed 1767K, 10% free 17753K/19591K, paused 3ms+15ms
06-08 14:37:28.621  1126  1126 D Finsky  : [1] DetailsDataBasedFragment.rebindViews: Page [class=DetailsFragment] loaded in [54228 ms] (partial? true)
06-08 14:37:28.636    82   122 D AudioHardware: AudioHardware pcm playback is going to standby.
06-08 14:37:28.636    82   122 D AudioHardware: closePcmOut_l() mPcmOpenCnt: 1
06-08 14:37:28.765  1840  1842 D dalvikvm: GC_CONCURRENT freed 360K, 7% free 9330K/9927K, paused 4ms+6ms
06-08 14:37:29.113   596   598 D dalvikvm: GC_CONCURRENT freed 267K, 7% free 9976K/10695K, paused 2ms+3ms
06-08 14:37:29.453   389   391 D dalvikvm: GC_CONCURRENT freed 197K, 5% free 10327K/10759K, paused 3ms+9ms
06-08 14:37:29.941   151   374 D dalvikvm: GC_EXPLICIT freed 349K, 8% free 12905K/14023K, paused 23ms+5ms
06-08 14:37:29.976  1236  1236 D OpenGLRenderer: Flushing caches (mode 1)
06-08 14:37:30.089  1840  2059 I DownloadManager: deleting /data/data/com.android.providers.downloads/cache/downloadfile.jpeg
06-08 14:37:30.191   596   598 D dalvikvm: GC_CONCURRENT freed 368K, 7% free 9995K/10695K, paused 2ms+3ms
06-08 14:37:30.308  1840  2049 I qtaguid : Failed write_ctrl(u 82) res=-1 errno=22
06-08 14:37:30.308  1840  2049 I qtaguid : Untagging socket 82 failed errno=-22
06-08 14:37:30.308  1840  2049 W NetworkManagementSocketTagger: untagSocket(82) failed with errno -22
06-08 14:37:30.586  1840  2061 I DownloadManager: Initiating request for download 7
06-08 14:37:30.601  1126  1126 D Finsky  : [1] DownloadQueueImpl.notifyProgress: spinninghead.carhome: onProgress 666616/666616 Status: 200.
06-08 14:37:30.629  1126  1126 D Finsky  : [1] DownloadBroadcastReceiver.onReceive: Intent received at DownloadBroadcastReceiver
06-08 14:37:30.695   389   389 D dalvikvm: GC_FOR_ALLOC freed 401K, 8% free 10141K/10951K, paused 17ms
06-08 14:37:30.757   389   391 D dalvikvm: GC_CONCURRENT freed 333K, 7% free 10278K/10951K, paused 1ms+3ms
06-08 14:37:30.808  1126  1126 D Finsky  : [1] DownloadImpl.setState: spinninghead.carhome from DOWNLOADING to SUCCESS.
06-08 14:37:30.808  1126  1126 D Finsky  : [1] DownloadQueueImpl.onComplete: spinninghead.carhome: onComplete
06-08 14:37:30.808  1126  1126 D Finsky  : [1] DownloadQueueImpl.remove: Download spinninghead.carhome removed from DownloadQueue
06-08 14:37:30.812    84    84 I installd: free_cache(0) avail 961216512
06-08 14:37:30.843   389   391 D dalvikvm: GC_CONCURRENT freed 499K, 7% free 10190K/10951K, paused 2ms+3ms
06-08 14:37:30.867  1126  1126 D Finsky  : [1] SelfUpdateScheduler.onComplete: Self-update ignoring completed download spinninghead.carhome
06-08 14:37:31.043  1840  2059 D dalvikvm: GC_EXPLICIT freed 384K, 7% free 9313K/9927K, paused 21ms+9ms
06-08 14:37:31.199   151   171 I ActivityManager: Start proc com.android.defcontainer for service com.android.defcontainer/.DefaultContainerService: pid=2064 uid=10010 gids={1015, 2001}
06-08 14:37:31.324   389   391 D dalvikvm: GC_CONCURRENT freed 183K, 5% free 10442K/10951K, paused 2ms+4ms
06-08 14:37:31.433   151   171 W ActivityManager: No content provider found for permission revoke: file:///data/data/com.android.providers.downloads/cache/downloadfile-1.apk
06-08 14:37:31.484   389   389 D dalvikvm: GC_FOR_ALLOC freed 440K, 7% free 10234K/10951K, paused 23ms
06-08 14:37:31.543   596   598 D dalvikvm: GC_CONCURRENT freed 345K, 7% free 10036K/10695K, paused 37ms+3ms
06-08 14:37:31.578   151   171 W ActivityManager: No content provider found for permission revoke: file:///data/data/com.android.providers.downloads/cache/downloadfile-1.apk
06-08 14:37:32.015   151   153 D dalvikvm: GC_CONCURRENT freed 610K, 7% free 13154K/14023K, paused 7ms+6ms
06-08 14:37:32.214  1236  1236 D OpenGLRenderer: Flushing caches (mode 1)
06-08 14:37:32.234  1840  2082 I DownloadManager: deleting /data/data/com.android.providers.downloads/cache/downloadfile.jpeg
06-08 14:37:32.347   151   171 D dalvikvm: GC_FOR_ALLOC freed 801K, 8% free 13152K/14279K, paused 49ms
06-08 14:37:32.492  1840  2084 I DownloadManager: Initiating request for download 8
06-08 14:37:32.523   151   171 I PackageManager: Running dexopt on: spinninghead.carhome
06-08 14:37:32.765  1840  1842 D dalvikvm: GC_CONCURRENT freed 360K, 6% free 9343K/9927K, paused 51ms+5ms
06-08 14:37:32.882   151   666 I ActivityManager: Process edu.buffalo.cse.phonelab.phonelabservices (pid 1258) has died.
06-08 14:37:32.882   151   666 W ActivityManager: Scheduling restart of crashed service edu.buffalo.cse.phonelab.phonelabservices/edu.buffalo.cse.phonelab.utilities.UploadLogs in 5000ms
06-08 14:37:32.882   151   666 W ActivityManager: Scheduling restart of crashed service edu.buffalo.cse.phonelab.phonelabservices/edu.buffalo.cse.phonelab.datalogger.LoggerService in 15000ms
06-08 14:37:32.886   151   162 I WindowManager: WIN DEATH: Window{4142c7c0 edu.buffalo.cse.phonelab.phonelabservices/edu.buffalo.cse.phonelab.phonelabservices.PhoneLabMainView paused=false}
06-08 14:37:33.226  2086  2086 D dalvikvm: DexOpt: load 107ms, verify+opt 313ms
06-08 14:37:33.281   151   168 I ActivityManager: Force stopping package spinninghead.carhome uid=10055
06-08 14:37:33.336   596   598 D dalvikvm: GC_CONCURRENT freed 352K, 6% free 10072K/10695K, paused 2ms+2ms
06-08 14:37:33.519   151   171 D PackageManager: New package installed in /data/app/spinninghead.carhome-1.apk
06-08 14:37:33.675   485   485 I RegisteredComponentCache: ComponentInfo: ResolveInfo{41319908 com.android.apps.tag.TagViewer p=0 o=0 m=0x108000}, techs: android.nfc.tech.Ndef, 
06-08 14:37:33.832  1722  1724 D dalvikvm: GC_CONCURRENT freed 476K, 6% free 9156K/9735K, paused 1ms+1ms
06-08 14:37:33.855   151   167 D PackageManager: generateServicesMap(android.accounts.AccountAuthenticator): 3 services unchanged
06-08 14:37:33.941  1696  1696 I Launcher: setLoadOnResume
06-08 14:37:34.007   151   666 I ActivityManager: Start proc com.google.android.partnersetup for broadcast com.google.android.partnersetup/.RlzPingBroadcastReceiver: pid=2090 uid=10022 gids={3003}
06-08 14:37:34.019   151   167 D PackageManager: generateServicesMap(android.content.SyncAdapter): 10 services unchanged
06-08 14:37:34.058  1111  1113 D dalvikvm: GC_CONCURRENT freed 456K, 7% free 9276K/9927K, paused 2ms+7ms
06-08 14:37:34.226   151   171 D dalvikvm: GC_EXPLICIT freed 981K, 8% free 13207K/14279K, paused 10ms+154ms
06-08 14:37:34.277  1126  1138 D Finsky  : [125] 1.packageInstalled: Package install status for "spinninghead.carhome" is 1
06-08 14:37:34.281   151   167 W ResourceType: Failure getting entry for 0x7f060000 (t=5 e=0) in package 0 (error -75)
06-08 14:37:34.359   151   167 D BackupManagerService: Received broadcast Intent { act=android.intent.action.PACKAGE_ADDED dat=package:spinninghead.carhome flg=0x10000010 (has extras) }
06-08 14:37:34.441  2090  2090 I ActivityThread: Pub com.google.android.partnersetup.rlzprovider: com.google.android.partnersetup.RlzProvider
06-08 14:37:34.445  2090  2090 I ActivityThread: Pub com.google.android.partnersetup.rlzappprovider: com.google.android.partnersetup.RlzAppProvider
06-08 14:37:34.629   151   162 I ActivityManager: Start proc com.android.musicfx for broadcast com.android.musicfx/.Compatibility$Receiver: pid=2104 uid=10034 gids={3003, 3002}
06-08 14:37:34.687   151   167 V BackupManagerService: addPackageParticipantsLocked: #1
06-08 14:37:34.781   151   163 I ActivityManager: Start proc com.svox.pico for broadcast com.svox.pico/.VoiceDataInstallerReceiver: pid=2118 uid=10039 gids={1015}
06-08 14:37:34.875  2118  2118 I ActivityThread: Pub com.svox.pico.providers.SettingsProvider: com.svox.pico.providers.SettingsProvider
06-08 14:37:35.496  1126  1128 D dalvikvm: GC_CONCURRENT freed 2302K, 12% free 17537K/19911K, paused 11ms+20ms
06-08 14:37:35.539  1126  1126 D Finsky  : [1] DetailsDataBasedFragment.rebindViews: Page [class=DetailsFragment] loaded in [61110 ms] (partial? false)
06-08 14:37:35.886  1696  1698 D dalvikvm: GC_CONCURRENT freed 793K, 36% free 12147K/18823K, paused 2ms+13ms
06-08 14:37:36.144  1126  1126 D Finsky  : [1] DetailsDataBasedFragment.rebindViews: Page [class=DetailsFragment] loaded in [61749 ms] (partial? true)
06-08 14:37:36.593  1840  2133 I DownloadManager: deleting /data/data/com.android.providers.downloads/cache/downloadfile.jpeg
06-08 14:37:36.629  1236  1236 D OpenGLRenderer: Flushing caches (mode 1)
06-08 14:37:37.605  1840  2135 I DownloadManager: Initiating request for download 9
06-08 14:37:37.941   151   168 I ActivityManager: Start proc edu.buffalo.cse.phonelab.phonelabservices for service edu.buffalo.cse.phonelab.phonelabservices/edu.buffalo.cse.phonelab.utilities.UploadLogs: pid=2137 uid=10038 gids={3003, 1015, 1007, 2001}
06-08 14:37:38.093  1696  1696 I Launcher: setLoadOnResume
06-08 14:37:38.117  1696  1696 I Launcher: setLoadOnResume
06-08 14:37:38.125  1696  1696 I Launcher: setLoadOnResume
06-08 14:37:38.125  1696  1696 I Launcher: setLoadOnResume
06-08 14:37:38.316  2137  2137 I PhoneLab-UploadLogs: Transfering log files now
06-08 14:37:38.320  1696  1696 I Launcher: setLoadOnResume
06-08 14:37:38.328  2137  2137 I PhoneLab-UploadLogs: No log files to transfer
06-08 14:37:38.328  2137  2137 I PhoneLab-UploadLogs: OnStartCommand
06-08 14:37:38.339  1840  1842 D dalvikvm: GC_CONCURRENT freed 404K, 6% free 9335K/9927K, paused 75ms+5ms
06-08 14:37:38.375   151  1035 I ActivityManager: Process com.google.android.talk (pid 1585) has died.
06-08 14:37:38.492  1696  1696 I Launcher: setLoadOnResume
06-08 14:37:38.625   559   561 D dalvikvm: GC_CONCURRENT freed 617K, 7% free 10894K/11591K, paused 102ms+8ms
06-08 14:37:38.800   596   598 D dalvikvm: GC_CONCURRENT freed 760K, 10% free 9702K/10695K, paused 2ms+2ms
06-08 14:37:38.984   151   153 D dalvikvm: GC_CONCURRENT freed 1156K, 9% free 13022K/14279K, paused 4ms+6ms
06-08 14:37:39.121   596   598 D dalvikvm: GC_CONCURRENT freed 140K, 7% free 9950K/10695K, paused 2ms+6ms
06-08 14:37:39.324  1840  2154 I DownloadManager: deleting /data/data/com.android.providers.downloads/cache/downloadfile.jpeg
06-08 14:37:39.398   151   167 D dalvikvm: GC_EXPLICIT freed 141K, 10% free 12940K/14279K, paused 3ms+4ms
06-08 14:37:39.410  1236  1236 D OpenGLRenderer: Flushing caches (mode 1)
06-08 14:37:39.593  1840  2156 I DownloadManager: Initiating request for download 10
06-08 14:37:39.714   596   598 D dalvikvm: GC_CONCURRENT freed 333K, 7% free 10010K/10695K, paused 2ms+3ms
06-08 14:37:39.824  1840  1842 D dalvikvm: GC_CONCURRENT freed 413K, 7% free 9317K/9927K, paused 8ms+3ms
06-08 14:37:39.996   596   598 D dalvikvm: GC_CONCURRENT freed 363K, 7% free 10035K/10695K, paused 2ms+3ms
06-08 14:37:40.425  1236  1236 D OpenGLRenderer: Flushing caches (mode 1)
06-08 14:37:40.437  1840  2161 I DownloadManager: deleting /data/data/com.android.providers.downloads/cache/downloadfile.jpeg
06-08 14:37:40.492  1430  1432 D dalvikvm: GC_CONCURRENT freed 350K, 23% free 9677K/12423K, paused 10ms+3ms
06-08 14:37:40.671  1840  2163 I DownloadManager: Initiating request for download 11
06-08 14:37:40.687   596   598 D dalvikvm: GC_CONCURRENT freed 327K, 6% free 10095K/10695K, paused 26ms+4ms
06-08 14:37:40.890  1840  1842 D dalvikvm: GC_CONCURRENT freed 398K, 7% free 9319K/9927K, paused 2ms+3ms
06-08 14:37:41.195   151   163 I ActivityManager: START {act=android.intent.action.MAIN cat=[android.intent.category.LAUNCHER] flg=0x10000000 pkg=spinninghead.carhome cmp=spinninghead.carhome/.CarHome} from pid 1126
06-08 14:37:41.199    82   122 D AudioHardware: AudioHardware pcm playback is exiting standby.
06-08 14:37:41.199    82   122 D AudioHardware: openPcmOut_l() mPcmOpenCnt: 0
06-08 14:37:41.336   151   163 D dalvikvm: GC_FOR_ALLOC freed 114K, 10% free 12957K/14279K, paused 81ms
06-08 14:37:41.339   151   163 I dalvikvm-heap: Grow heap (frag case) to 12.851MB for 129616-byte allocation
06-08 14:37:41.398   151   163 D dalvikvm: GC_FOR_ALLOC freed 16K, 10% free 13066K/14407K, paused 45ms
06-08 14:37:41.445   389   389 D dalvikvm: GC_FOR_ALLOC freed 420K, 7% free 10193K/10951K, paused 27ms
06-08 14:37:41.472   151   552 I ActivityManager: Start proc spinninghead.carhome for activity spinninghead.carhome/.CarHome: pid=2166 uid=10055 gids={3003, 3002, 3001, 1015}
06-08 14:37:41.523  2166  2166 I dalvikvm: Turning on JNI app bug workarounds for target SDK version 8...
06-08 14:37:41.570    80    80 D dalvikvm: GC_EXPLICIT freed 37K, 4% free 9031K/9347K, paused 1ms+5ms
06-08 14:37:41.632  1126  1126 D OpenGLRenderer: Flushing caches (mode 1)
06-08 14:37:41.636    80    80 D dalvikvm: GC_EXPLICIT freed <1K, 4% free 9031K/9347K, paused 9ms+2ms
06-08 14:37:41.679    80    80 D dalvikvm: GC_EXPLICIT freed <1K, 4% free 9031K/9347K, paused 2ms+4ms
06-08 14:37:41.722  1126  1126 D OpenGLRenderer: Flushing caches (mode 0)
06-08 14:37:42.031   151   167 I Process : Sending signal. PID: 2166 SIG: 3
06-08 14:37:42.031  2166  2170 I dalvikvm: threadid=3: reacting to signal 3
06-08 14:37:42.218  2166  2170 I dalvikvm: Wrote stack traces to '/data/anr/traces.txt'
06-08 14:37:42.285  2166  2166 D CarHome : LocationPanel ()
06-08 14:37:42.293  2166  2166 D Compass : Compass ()
06-08 14:37:42.293  2166  2166 D Compass : Compass () exit
06-08 14:37:42.296  2166  2166 D Clock   : Clock ()
06-08 14:37:42.336  1236  1236 D OpenGLRenderer: Flushing caches (mode 1)
06-08 14:37:42.531   151   167 I Process : Sending signal. PID: 2166 SIG: 3
06-08 14:37:42.531  2166  2170 I dalvikvm: threadid=3: reacting to signal 3
06-08 14:37:43.082   151   167 I Process : Sending signal. PID: 2166 SIG: 3
06-08 14:37:43.082  2166  2170 I dalvikvm: Wrote stack traces to '/data/anr/traces.txt'
06-08 14:37:43.082  2166  2170 I dalvikvm: threadid=3: reacting to signal 3
06-08 14:37:43.121  2166  2170 E dalvikvm: Unable to open stack trace file '/data/anr/traces.txt': Is a directory
06-08 14:37:43.238  2166  2168 D dalvikvm: GC_CONCURRENT freed 192K, 3% free 9337K/9607K, paused 2ms+2ms
06-08 14:37:43.347   559   561 D dalvikvm: GC_CONCURRENT freed 600K, 7% free 10817K/11591K, paused 5ms+4ms
06-08 14:37:43.445  2166  2166 D dalvikvm: GC_FOR_ALLOC freed 39K, 3% free 9626K/9863K, paused 16ms
06-08 14:37:43.480   389   389 V PhoneStatusBar: setLightsOn(true)
06-08 14:37:43.574   151   167 I Process : Sending signal. PID: 2166 SIG: 3
06-08 14:37:43.574  2166  2170 I dalvikvm: threadid=3: reacting to signal 3
06-08 14:37:43.613   596   598 D dalvikvm: GC_CONCURRENT freed 770K, 9% free 9737K/10695K, paused 2ms+4ms
06-08 14:37:43.668  2166  2170 I dalvikvm: Wrote stack traces to '/data/anr/traces.txt'
06-08 14:37:43.992  1126  1158 D Finsky  : [143] OnCompleteListenerNotifier.doInBackground: Signature check not required.
06-08 14:37:44.011  2166  2166 I ResourceUtils: ResourceUtils loaded resource to string:<html>
06-08 14:37:44.011  2166  2166 I ResourceUtils: <head>
06-08 14:37:44.011  2166  2166 I ResourceUtils: 	
06-08 14:37:44.011  2166  2166 I ResourceUtils: </head>
06-08 14:37:44.011  2166  2166 I ResourceUtils: <body><span style="font-family: Arial;">Thanks for trying CarHome Ultra! (30 Day Trial)</span>
06-08 14:37:44.011  2166  2166 I ResourceUtils: 	<div><span style="font-family: Arial; "><br />
06-08 14:37:44.011  2166  2166 I ResourceUtils: 			</span></div>
06-08 14:37:44.011  2166  2166 I ResourceUtils: 	<div><span style="font-family: Arial;">If you have any suggestions or need help, please send us an email through the Android Market.</span></div>
06-08 14:37:44.011  2166  2166 I ResourceUtils: 	<div>
06-08 14:37:44.011  2166  2166 I ResourceUtils: 		<span style="font-family: Arial; ">
06-08 14:37:44.011  2166  2166 I ResourceUtils: 			<br/>
06-08 14:37:44.011  2166  2166 I ResourceUtils: 			CarHome Ultra includes 18 customizable shortcut buttons, speedometer, compass, weather, and a location panel. 
06-08 14:37:44.011  2166  2166 I ResourceUtils: 			<br/>
06-08 14:37:44.011  2166  2166 I ResourceUtils: 			
06-08 14:37:44.011  2166  2166 I ResourceUtils: 			<ul>			
06-08 14:37:44.011  2166  2166 I ResourceUtils: 			<li><span style="font-family: Arial;">Touch the weather icon to hear the current conditions</span></li>			
06-08 14:37:44.011  2166  2166 I ResourceUtils: 			<li><span style="font-family: Arial;">Speech notifications when you approach a new city (can be disabled)</span></li>
06-08 14:37:44.011  2166  2166 I ResourceUtils: 			<li><span style="font-family: Arial;">Touch the location panel to hear your current location.</span></li>
06-08 14:37:44.011  2166  2166 I ResourceUtils: 			<li><span style="font-family: Arial;">Location panel will show your current address</span></li>			
06-08 14:37:44.011  2166  2166 I ResourceUtils: 			</ul>
06-08 14:37:44.011  2166  2166 I ResourceUtils: 			<br/>
06-08 14:37:44.011  2166  2166 I ResourceUtils: 			CarHome is very battery intensive with the default settings. Users that are not connected to power should press menu->settings and uncheck 'Keep display on'. 
06-08 14:37:44.011  2166  2166 I ResourceUtils: 			<br/>	
06-08 14:37:44.011  2166  2166 I ResourceUtils: 			
06-08 14:37:44.011  2166  2166 I ResourceUtils: 		</span>
06-08 14:37:44.011  2166  2166 I ResourceUtils: 	</div>
06-08 14:37:44.011  2166  2166 I ResourceUtils: </body>
06-08 14:37:44.011  2166  2166 I ResourceUtils: </html>
06-08 14:37:44.035   151   167 I Process : Sending signal. PID: 2166 SIG: 3
06-08 14:37:44.035  2166  2170 I dalvikvm: threadid=3: reacting to signal 3
06-08 14:37:44.035  1840  2184 I DownloadManager: deleting /data/data/com.android.providers.downloads/cache/downloadfile.jpeg
06-08 14:37:44.050  1840  2196 I DownloadManager: Initiating request for download 12
06-08 14:37:44.093  2166  2170 I dalvikvm: Wrote stack traces to '/data/anr/traces.txt'
06-08 14:37:44.289    82   122 D AudioHardware: AudioHardware pcm playback is going to standby.
06-08 14:37:44.289    82   122 D AudioHardware: closePcmOut_l() mPcmOpenCnt: 1
06-08 14:37:44.296   151   171 W ActivityManager: No content provider found for permission revoke: file:///data/data/com.android.providers.downloads/cache/downloadfile.apk
06-08 14:37:44.379  1840  1842 D dalvikvm: GC_CONCURRENT freed 378K, 6% free 9343K/9927K, paused 29ms+4ms
06-08 14:37:44.449  1126  1126 D Finsky  : [1] 1.run: Referrer for spinninghead.carhome cleared
06-08 14:37:44.589   151   167 I Process : Sending signal. PID: 2166 SIG: 3
06-08 14:37:44.589  2166  2170 I dalvikvm: threadid=3: reacting to signal 3
06-08 14:37:45.339  2166  2170 I dalvikvm: Wrote stack traces to '/data/anr/traces.txt'
06-08 14:37:45.355   151   171 W ActivityManager: No content provider found for permission revoke: file:///data/data/com.android.providers.downloads/cache/downloadfile.apk
06-08 14:37:45.390   151   167 I Process : Sending signal. PID: 2166 SIG: 3
06-08 14:37:45.390  2166  2170 I dalvikvm: threadid=3: reacting to signal 3
06-08 14:37:45.441  2166  2170 I dalvikvm: Wrote stack traces to '/data/anr/traces.txt'
06-08 14:37:45.531   596   598 D dalvikvm: GC_CONCURRENT freed 188K, 8% free 9945K/10695K, paused 2ms+2ms
06-08 14:37:45.597  2166  2166 W CarHome : storeShortcut(): 2
06-08 14:37:45.640  2166  2166 W CarHome : storeShortcut(): 1
06-08 14:37:45.703  2166  2168 D dalvikvm: GC_CONCURRENT freed 128K, 3% free 9927K/10183K, paused 12ms+2ms
06-08 14:37:45.781   151   171 D dalvikvm: GC_FOR_ALLOC freed 416K, 8% free 13390K/14407K, paused 112ms
06-08 14:37:45.812  2166  2166 W CarHome : storeShortcut(): 3
06-08 14:37:45.851  2166  2166 W CarHome : storeShortcut(): 4
06-08 14:37:45.855  2166  2166 W CarHome : storeShortcut(): 6
06-08 14:37:45.863   151   167 I Process : Sending signal. PID: 2166 SIG: 3
06-08 14:37:45.863  2166  2170 I dalvikvm: threadid=3: reacting to signal 3
06-08 14:37:45.867  2166  2170 I dalvikvm: Wrote stack traces to '/data/anr/traces.txt'
06-08 14:37:45.945   151   171 D dalvikvm: GC_FOR_ALLOC freed 265K, 8% free 13442K/14599K, paused 42ms
06-08 14:37:46.027  2166  2166 W CarHome : storeShortcut(): 25
06-08 14:37:46.027  2166  2166 W CarHome : storeShortcut(): 26
06-08 14:37:46.031  2166  2166 W CarHome : storeShortcut(): 29
06-08 14:37:46.121  2166  2166 D dalvikvm: GC_FOR_ALLOC freed 395K, 6% free 9948K/10503K, paused 16ms
06-08 14:37:46.125  2166  2166 W CarHome : storeShortcut(): 28
06-08 14:37:46.179  2166  2166 W CarHome : storeShortcut(): 30
06-08 14:37:46.199  2166  2166 D dalvikvm: GC_FOR_ALLOC freed 144K, 5% free 10011K/10503K, paused 17ms
06-08 14:37:46.261  1236  1236 D OpenGLRenderer: Flushing caches (mode 1)
06-08 14:37:46.367   151   167 I Process : Sending signal. PID: 2166 SIG: 3
06-08 14:37:46.367  2166  2170 I dalvikvm: threadid=3: reacting to signal 3
06-08 14:37:46.375  2166  2170 I dalvikvm: Wrote stack traces to '/data/anr/traces.txt'
06-08 14:37:46.476   151   153 D dalvikvm: GC_CONCURRENT freed 474K, 5% free 13996K/14663K, paused 3ms+66ms
06-08 14:37:46.566   151   493 I ActivityManager: Start proc com.google.android.tts for service com.google.android.tts/.GoogleTTSService: pid=2210 uid=10024 gids={3003, 1015}
06-08 14:37:46.570  2166  2166 I TextToSpeech: Sucessfully bound to com.google.android.tts
06-08 14:37:46.867   151   167 I Process : Sending signal. PID: 2166 SIG: 3
06-08 14:37:46.867  2166  2170 I dalvikvm: threadid=3: reacting to signal 3
06-08 14:37:46.879   559   677 D androidNetworkLocationListeners: Still have listener com.google.android.location.internal.client.NetworkLocationClient$1@41361cd0
06-08 14:37:46.886   559   677 D androidNetworkLocationListeners: Still have listener com.google.android.location.internal.client.NetworkLocationClient$1@41361cd0
06-08 14:37:46.910  2166  2170 I dalvikvm: Wrote stack traces to '/data/anr/traces.txt'
06-08 14:37:46.921  2166  2168 D dalvikvm: GC_CONCURRENT freed 280K, 5% free 10172K/10631K, paused 97ms+2ms
06-08 14:37:47.320   151  1035 D dalvikvm: GC_EXPLICIT freed 302K, 4% free 14085K/14663K, paused 2ms+8ms
06-08 14:37:47.339  1840  2204 I DownloadManager: deleting /data/data/com.android.providers.downloads/cache/downloadfile.jpeg
06-08 14:37:47.363  1840  2232 I DownloadManager: Initiating request for download 13
06-08 14:37:47.371   151   167 I Process : Sending signal. PID: 2166 SIG: 3
06-08 14:37:47.371  2166  2170 I dalvikvm: threadid=3: reacting to signal 3
06-08 14:37:47.394  2166  2170 I dalvikvm: Wrote stack traces to '/data/anr/traces.txt'
06-08 14:37:47.437  2210  2210 I flint   : Flint JNI loaded successfully.
06-08 14:37:47.500   389   389 D dalvikvm: GC_FOR_ALLOC freed 358K, 7% free 10191K/10951K, paused 32ms
06-08 14:37:47.578   389   389 D dalvikvm: GC_FOR_ALLOC freed 350K, 8% free 10172K/10951K, paused 30ms
06-08 14:37:47.656  2166  2166 D CarHome : updateColors()
06-08 14:37:47.754   389   391 D dalvikvm: GC_CONCURRENT freed 390K, 7% free 10197K/10951K, paused 2ms+17ms
06-08 14:37:47.796  2210  2210 I flint   : Embedded HMM synthesizer initialized.
06-08 14:37:47.867   151   167 I Process : Sending signal. PID: 2166 SIG: 3
06-08 14:37:47.867  2166  2170 I dalvikvm: threadid=3: reacting to signal 3
06-08 14:37:48.097  2166  2166 D CarHome : Page Selected: 502
06-08 14:37:48.097  2166  2166 D CarHome : myPosition : 2
06-08 14:37:48.097  2166  2166 D CarHome : myPosition2 : 0
06-08 14:37:48.129  2166  2170 E dalvikvm: Unable to open stack trace file '/data/anr/traces.txt': Is a directory
06-08 14:37:48.164  2137  2137 I PhoneLab-LoggerService: Start Logger Service
06-08 14:37:48.222  2137  2241 I PhoneLab-: Service Running
06-08 14:37:48.367   151   167 I Process : Sending signal. PID: 2166 SIG: 3
06-08 14:37:48.367  2166  2170 I dalvikvm: threadid=3: reacting to signal 3
06-08 14:37:48.410  2166  2170 I dalvikvm: Wrote stack traces to '/data/anr/traces.txt'
06-08 14:37:48.457   151   163 I ActivityManager: Process com.google.android.apps.uploader (pid 1857) has died.
06-08 14:37:48.515  2166  2168 D dalvikvm: GC_CONCURRENT freed 272K, 4% free 10302K/10695K, paused 3ms+4ms
06-08 14:37:48.609   559  1658 I WifiLocationEstimator: Not returning location for the following outliers: [229533826278832]
06-08 14:37:48.625  2166  2166 D libEGL  : loaded /system/lib/egl/libGLES_android.so
06-08 14:37:48.636  2166  2166 D libEGL  : loaded /vendor/lib/egl/libEGL_POWERVR_SGX540_120.so
06-08 14:37:48.671  2166  2166 D libEGL  : loaded /vendor/lib/egl/libGLESv1_CM_POWERVR_SGX540_120.so
06-08 14:37:48.679  2166  2166 D libEGL  : loaded /vendor/lib/egl/libGLESv2_POWERVR_SGX540_120.so
06-08 14:37:48.730   151   162 I ActivityManager: Process com.google.android.gallery3d (pid 1111) has died.
06-08 14:37:48.738  2137  2241 I PhoneLab-LoggerService: app_38    1301  1     1788   1344  c00f181c 400107b4 S logcat
06-08 14:37:48.738  2137  2241 I PhoneLab-LoggerService: Logcat pid from database 1301
06-08 14:37:48.738  2137  2241 I PhoneLab-LoggerService: Logcat process found 1301
06-08 14:37:48.738  2137  2241 I PhoneLab-LoggerService: Checking Threshold
06-08 14:37:48.773  2166  2166 D OpenGLRenderer: Enabling debug mode 0
06-08 14:37:48.871   151   167 I Process : Sending signal. PID: 2166 SIG: 3
06-08 14:37:48.871  2166  2170 I dalvikvm: threadid=3: reacting to signal 3
06-08 14:37:48.906  2166  2170 I dalvikvm: Wrote stack traces to '/data/anr/traces.txt'
06-08 14:37:48.910   151   163 I ActivityManager: Process com.google.android.partnersetup (pid 2090) has died.
06-08 14:37:49.035   151   666 I ActivityManager: Process com.android.gallery3d (pid 1722) has died.
06-08 14:37:49.050  2166  2166 I TextToSpeech: Connected to ComponentInfo{com.google.android.tts/com.google.android.tts.GoogleTTSService}
06-08 14:37:49.062  2166  2166 D CarHome : onInit
06-08 14:37:49.367   151   167 I Process : Sending signal. PID: 2166 SIG: 3
06-08 14:37:49.367  2166  2170 I dalvikvm: threadid=3: reacting to signal 3
06-08 14:37:49.379   559   561 D dalvikvm: GC_CONCURRENT freed 363K, 6% free 10930K/11591K, paused 92ms+8ms
06-08 14:37:49.410  2166  2170 I dalvikvm: Wrote stack traces to '/data/anr/traces.txt'
06-08 14:37:49.593  1236  1236 D OpenGLRenderer: Flushing caches (mode 1)
06-08 14:37:49.625   151  2247 I AudioService:  AudioFocus  abandonAudioFocus() from android.media.AudioManager@41681f88
06-08 14:37:49.800   151   491 I ActivityManager: Process com.android.musicfx (pid 2104) has died.
06-08 14:37:49.910   151   167 I Process : Sending signal. PID: 2166 SIG: 3
06-08 14:37:49.910  2166  2170 I dalvikvm: threadid=3: reacting to signal 3
06-08 14:37:50.129  2166  2170 E dalvikvm: Unable to open stack trace file '/data/anr/traces.txt': Is a directory
06-08 14:37:50.144   151   163 I ActivityManager: Process com.svox.pico (pid 2118) has died.
06-08 14:37:50.144   151   151 I ActivityManager: Process com.android.voicedialer (pid 980) has died.
06-08 14:37:50.281   151   493 I ActivityManager: Process com.google.android.gm (pid 1430) has died.
06-08 14:37:50.375   151   200 I ActivityManager: Displayed spinninghead.carhome/.CarHome: +8s924ms
06-08 14:37:50.742  1511  1511 D OpenGLRenderer: Flushing caches (mode 2)
06-08 14:37:50.992   596   598 D dalvikvm: GC_CONCURRENT freed 360K, 7% free 10011K/10695K, paused 3ms+124ms
06-08 14:37:51.015   151   153 D dalvikvm: GC_CONCURRENT freed 1136K, 9% free 14110K/15367K, paused 86ms+8ms
06-08 14:37:51.015   559   690 I System.out: [INFO:993461]: LogSource: Running flush
06-08 14:37:51.050   559   691 I System.out: [INFO:993495]: LogSource: Sending payload [bytes=278]
06-08 14:37:51.109  1236  1236 D OpenGLRenderer: Flushing caches (mode 2)
06-08 14:37:51.113  1696  1696 D OpenGLRenderer: Flushing caches (mode 2)
06-08 14:37:51.414   151  1037 I ActivityManager: Process com.google.android.googlequicksearchbox (pid 1159) has died.
06-08 14:37:51.425   151   167 W ActivityManager: Launch timeout has expired, giving up wake lock!
06-08 14:37:51.535   151   167 W ActivityManager: Activity idle timeout for ActivityRecord{413b2320 spinninghead.carhome/.CarHome}
06-08 14:37:51.906  1696  1696 D OpenGLRenderer: Flushing caches (mode 0)
06-08 14:37:51.918  1511  1511 D OpenGLRenderer: Flushing caches (mode 0)
06-08 14:37:51.925  1840  1842 D dalvikvm: GC_CONCURRENT freed 370K, 6% free 9358K/9927K, paused 153ms+468ms
06-08 14:37:51.925  1511  1511 W ManagedEGLContext: doTerminate failed: EGL count is 2 but managed count is 1
06-08 14:37:52.668  1126  1126 D OpenGLRenderer: Flushing caches (mode 2)
06-08 14:37:52.949  1126  1126 D OpenGLRenderer: Flushing caches (mode 0)
06-08 14:37:53.363   559   691 I System.out: [INFO:995810]: LogSource: Response [http=200,length=222]
06-08 14:37:53.414   559   690 I System.out: [INFO:995857]: LogSource: Read id 4, status code 200
06-08 14:37:53.535  2166  2168 D dalvikvm: GC_CONCURRENT freed 281K, 4% free 10417K/10823K, paused 13ms+11ms
06-08 14:37:54.648    82   122 D AudioHardware: AudioHardware pcm playback is exiting standby.
06-08 14:37:54.648    82   122 D AudioHardware: openPcmOut_l() mPcmOpenCnt: 0
06-08 14:37:54.785   151   168 I ActivityManager: Start proc com.google.android.gm for broadcast com.google.android.gm/.MailIntentReceiver: pid=2256 uid=10019 gids={3003, 1015}
06-08 14:37:55.019  2256  2256 I ActivityThread: Pub gmail-ls: com.google.android.gm.provider.MailProvider
06-08 14:37:55.058  2256  2256 I ActivityThread: Pub com.google.android.gmail.SuggestionProvider: com.google.android.gm.SuggestionsProvider
06-08 14:37:55.066  2256  2256 I ActivityThread: Pub com.google.android.gm: com.google.android.gm.provider.PublicContentProvider
06-08 14:37:56.418  2210  2212 D dalvikvm: GC_CONCURRENT freed 294K, 4% free 9175K/9543K, paused 5ms+6ms
06-08 14:37:56.500  1840  2255 I DownloadManager: deleting /data/data/com.android.providers.downloads/cache/downloadfile.jpeg
06-08 14:37:56.593   151   666 I ActivityManager: START {act=spinninghead.carhome.license.LicenseCheck} from pid 2166
06-08 14:37:56.875   151   153 D dalvikvm: GC_CONCURRENT freed 1230K, 9% free 14084K/15431K, paused 2ms+5ms
06-08 14:37:57.558  2166  2168 D dalvikvm: GC_CONCURRENT freed 364K, 5% free 10473K/10951K, paused 743ms+5ms
06-08 14:37:57.648   151   171 D dalvikvm: GC_FOR_ALLOC freed 1051K, 9% free 14073K/15431K, paused 56ms
06-08 14:37:58.300   151   171 D dalvikvm: GC_FOR_ALLOC freed 1053K, 9% free 14085K/15431K, paused 57ms
06-08 14:37:58.445   151   171 D dalvikvm: GC_FOR_ALLOC freed 1089K, 9% free 14097K/15431K, paused 58ms
06-08 14:37:58.531   559   677 D androidNetworkLocationListeners: Still have listener com.google.android.location.internal.client.NetworkLocationClient$1@41361cd0
06-08 14:37:58.554   559   677 D androidNetworkLocationListeners: Still have listener com.google.android.location.internal.client.NetworkLocationClient$1@41361cd0
06-08 14:37:58.566   559   677 D androidNetworkLocationListeners: Still have listener com.google.android.location.internal.client.NetworkLocationClient$1@41361cd0
06-08 14:37:58.683  2166  2166 D CarHome : updateColors()
06-08 14:37:58.683  2166  2166 D CarHome : android.support.v4.view.l@413f0a20
06-08 14:37:58.687  2166  2166 D CarHome : android.support.v4.view.l@41400cc0
06-08 14:37:58.691  2166  2166 D CarHome : android.support.v4.view.l@41482b58
06-08 14:37:59.000   389   389 D dalvikvm: GC_FOR_ALLOC freed 57K, 6% free 10386K/10951K, paused 35ms
06-08 14:37:59.144  1126  1126 D Finsky  : [1] 5.onFinished: Installation state replication succeeded.
06-08 14:38:00.179    82   122 D AudioHardware: AudioHardware pcm playback is going to standby.
06-08 14:38:00.179    82   122 D AudioHardware: closePcmOut_l() mPcmOpenCnt: 1
06-08 14:38:00.214  1126  1128 D dalvikvm: GC_CONCURRENT freed 2006K, 13% free 17451K/19911K, paused 16ms+144ms
06-08 14:38:00.453   559  1658 I WifiLocationEstimator: Not returning location for the following outliers: [229533826278832]
06-08 14:38:01.535  2166  2168 D dalvikvm: GC_CONCURRENT freed 416K, 5% free 10466K/11015K, paused 3ms+4ms
06-08 14:38:02.175   151   374 I ActivityManager: START {act=android.intent.action.VIEW dat=http://clients3.google.com/generate_204 flg=0x10400000 cmp=com.android.browser/.BrowserActivity bnds=[0,313][480,409]} from pid -1
06-08 14:38:02.179    82   122 D AudioHardware: AudioHardware pcm playback is exiting standby.
06-08 14:38:02.179    82   122 D AudioHardware: openPcmOut_l() mPcmOpenCnt: 0
06-08 14:38:02.886   151   374 D dalvikvm: GC_FOR_ALLOC freed 723K, 9% free 14102K/15431K, paused 121ms
06-08 14:38:02.886   151   374 I dalvikvm-heap: Grow heap (frag case) to 13.969MB for 129616-byte allocation
06-08 14:38:02.961   151   204 D dalvikvm: GC_FOR_ALLOC freed 25K, 9% free 14203K/15559K, paused 65ms
06-08 14:38:02.972   151   666 W KeyguardViewMediator: verifyUnlock called when not externally disabled
06-08 14:38:03.132   389   389 D dalvikvm: GC_FOR_ALLOC freed 414K, 8% free 10177K/10951K, paused 26ms
06-08 14:38:03.246   389   389 V PhoneStatusBar: setLightsOn(true)
06-08 14:38:03.281   559   677 D androidNetworkLocationListeners: Still have listener com.google.android.location.internal.client.NetworkLocationClient$1@41361cd0
06-08 14:38:03.375   151   493 W InputManagerService: Focus gain on non-focused client com.android.internal.view.IInputMethodClient$Stub$Proxy@41448f30 (uid=10055 pid=2166)
06-08 14:38:03.441  1511  1511 D dalvikvm: GC_FOR_ALLOC freed 331K, 9% free 10715K/11655K, paused 81ms
06-08 14:38:03.445  1511  1511 I dalvikvm-heap: Grow heap (frag case) to 10.704MB for 172816-byte allocation
06-08 14:38:03.480  1511  1511 D dalvikvm: GC_FOR_ALLOC freed 20K, 9% free 10863K/11847K, paused 31ms
06-08 14:38:03.488   389   389 D dalvikvm: GC_FOR_ALLOC freed 569K, 10% free 9958K/10951K, paused 30ms
06-08 14:38:03.562   389   391 D dalvikvm: GC_CONCURRENT freed 338K, 8% free 10094K/10951K, paused 2ms+2ms
06-08 14:38:03.605  1511  1511 D WebViewTimersControl: onBrowserActivityResume
06-08 14:38:03.605  1511  1511 D WebViewTimersControl: Resuming webview timers, view=com.android.browser.BrowserWebView@41545610
06-08 14:38:03.617  1511  1511 W BaseUi  : mMainView is already attached to wrapper in attachTabToContentView!
06-08 14:38:03.617  1511  1511 W BaseUi  : mContainer is already attached to content in attachTabToContentView!
06-08 14:38:03.754  1511  1782 D dalvikvm: GC_FOR_ALLOC freed 30K, 9% free 10871K/11847K, paused 36ms
06-08 14:38:03.765  1511  1782 I dalvikvm-heap: Grow heap (frag case) to 10.856MB for 172816-byte allocation
06-08 14:38:03.789   151   167 I Process : Sending signal. PID: 1511 SIG: 3
06-08 14:38:03.789  1511  1515 I dalvikvm: threadid=3: reacting to signal 3
06-08 14:38:03.808  1511  1511 D dalvikvm: GC_FOR_ALLOC freed 5K, 9% free 11035K/12039K, paused 25ms
06-08 14:38:03.847  1511  1515 I dalvikvm: Wrote stack traces to '/data/anr/traces.txt'
06-08 14:38:03.859  1511  1511 W webcore : java.lang.Throwable: EventHub.removeMessages(int what = 107) is not supported before the WebViewCore is set up.
06-08 14:38:03.859  1511  1511 W webcore : 	at android.webkit.WebViewCore$EventHub.removeMessages(WebViewCore.java:1683)
06-08 14:38:03.859  1511  1511 W webcore : 	at android.webkit.WebViewCore$EventHub.access$7900(WebViewCore.java:926)
06-08 14:38:03.859  1511  1511 W webcore : 	at android.webkit.WebViewCore.removeMessages(WebViewCore.java:1795)
06-08 14:38:03.859  1511  1511 W webcore : 	at android.webkit.WebView.sendOurVisibleRect(WebView.java:2917)
06-08 14:38:03.859  1511  1511 W webcore : 	at android.webkit.ZoomManager.setZoomScale(ZoomManager.java:593)
06-08 14:38:03.859  1511  1511 W webcore : 	at android.webkit.ZoomManager.access$1700(ZoomManager.java:49)
06-08 14:38:03.859  1511  1511 W webcore : 	at android.webkit.ZoomManager$PostScale.run(ZoomManager.java:984)
06-08 14:38:03.859  1511  1511 W webcore : 	at android.os.Handler.handleCallback(Handler.java:605)
06-08 14:38:03.859  1511  1511 W webcore : 	at android.os.Handler.dispatchMessage(Handler.java:92)
06-08 14:38:03.859  1511  1511 W webcore : 	at android.os.Looper.loop(Looper.java:137)
06-08 14:38:03.859  1511  1511 W webcore : 	at android.app.ActivityThread.main(ActivityThread.java:4424)
06-08 14:38:03.859  1511  1511 W webcore : 	at java.lang.reflect.Method.invokeNative(Native Method)
06-08 14:38:03.859  1511  1511 W webcore : 	at java.lang.reflect.Method.invoke(Method.java:511)
06-08 14:38:03.859  1511  1511 W webcore : 	at com.android.internal.os.ZygoteInit$MethodAndArgsCaller.run(ZygoteInit.java:784)
06-08 14:38:03.859  1511  1511 W webcore : 	at com.android.internal.os.ZygoteInit.main(ZygoteInit.java:551)
06-08 14:38:03.859  1511  1511 W webcore : 	at dalvik.system.NativeStart.main(Native Method)
06-08 14:38:03.937  2166  2166 D OpenGLRenderer: Flushing caches (mode 0)
06-08 14:38:03.964  2166  2166 D OpenGLRenderer: Flushing caches (mode 1)
06-08 14:38:03.976   151  1008 W InputManagerService: Starting input on non-focused client com.android.internal.view.IInputMethodClient$Stub$Proxy@41448f30 (uid=10055 pid=2166)
06-08 14:38:04.101   596   598 D dalvikvm: GC_CONCURRENT freed 371K, 7% free 10034K/10695K, paused 20ms+8ms
06-08 14:38:04.386   485   485 I RegisteredComponentCache: ComponentInfo: ResolveInfo{41331410 com.android.apps.tag.TagViewer p=0 o=0 m=0x108000}, techs: android.nfc.tech.Ndef, 
06-08 14:38:04.457   151   167 D PackageManager: generateServicesMap(android.accounts.AccountAuthenticator): 3 services unchanged
06-08 14:38:04.601   151   374 I ActivityManager: Start proc com.android.gallery3d for broadcast com.android.gallery3d/.app.PackagesMonitor: pid=2281 uid=10016 gids={3003, 1015}
06-08 14:38:04.683   151   167 D PackageManager: generateServicesMap(android.content.SyncAdapter): 10 services unchanged
06-08 14:38:04.714   559  1658 I WifiLocationEstimator: Not returning location for the following outliers: [229533826278832]
06-08 14:38:04.894   559   561 D dalvikvm: GC_CONCURRENT freed 634K, 7% free 10947K/11655K, paused 3ms+15ms
06-08 14:38:05.054  2281  2281 I ActivityThread: Pub com.android.gallery3d.provider: com.android.gallery3d.provider.GalleryProvider
06-08 14:38:05.144  2210  2210 I flint   : jni: deleting text normalizer ...
06-08 14:38:05.144  2210  2210 I flint   : jni: deleting synthesizer ...
06-08 14:38:05.144  2210  2210 I flint   : jni: deleting project file ...
06-08 14:38:05.144  2210  2210 I flint   : jni: deleting project resource holder ...
06-08 14:38:05.179   151   162 I ActivityManager: Start proc com.google.android.gallery3d for broadcast com.google.android.gallery3d/com.android.gallery3d.app.PackagesMonitor: pid=2297 uid=10017 gids={3003, 1015}
06-08 14:38:05.257  2297  2297 I ActivityThread: Pub com.google.android.gallery3d.GooglePhotoProvider: com.google.android.picasasync.PicasaContentProvider
06-08 14:38:05.277    82   122 D AudioHardware: AudioHardware pcm playback is going to standby.
06-08 14:38:05.277    82   122 D AudioHardware: closePcmOut_l() mPcmOpenCnt: 1
06-08 14:38:05.343  2297  2299 D dalvikvm: GC_CONCURRENT freed 418K, 6% free 9118K/9607K, paused 2ms+3ms
06-08 14:38:05.379  2297  2297 I ActivityThread: Pub com.google.android.gallery3d.provider: com.android.gallery3d.provider.GalleryProvider
06-08 14:38:05.437  2297  2299 D dalvikvm: GC_CONCURRENT freed 403K, 5% free 9296K/9735K, paused 2ms+2ms
06-08 14:38:05.480  2297  2297 D UploadsManager: load newPhotoTracker: null
06-08 14:38:05.480  2297  2297 D UploadsManager: load all accounts: null
06-08 14:38:05.480  2297  2297 D UploadsManager: load all account-album pairs: null
06-08 14:38:05.484  2297  2297 V PicasaContentProvider: querySettings: defaults: {sync_on_wifi_only=1, auto_upload_account_type=null, sync_on_battery=1, sync_picasa_on_wifi_only=1, auto_upload_enabled=0, video_upload_wifi_only=1, sync_on_roaming=0, auto_upload_account_name=null}
06-08 14:38:05.488  2297  2297 D UploadsManager:    settings not changed
06-08 14:38:05.504   151   666 I ActivityManager: Start proc com.android.voicedialer for broadcast com.android.voicedialer/.VoiceDialerReceiver: pid=2313 uid=10051 gids={3002}
06-08 14:38:05.527  2297  2312 D PicasaSync: sync account database
06-08 14:38:05.558   151  1038 I ActivityManager: Start proc com.google.android.googlequicksearchbox for broadcast com.google.android.googlequicksearchbox/.SourceUpdateReceiver: pid=2326 uid=10023 gids={3003}
06-08 14:38:05.609  2326  2326 I ActivityThread: Pub com.google.android.googlequicksearchbox.shortcuts: com.google.android.googlequicksearchbox.WebHistoryProvider
06-08 14:38:05.613  2326  2326 I ActivityThread: Pub com.google.android.googlequicksearchbox.google: com.google.android.googlequicksearchbox.google.GoogleSuggestionProvider
06-08 14:38:05.746   151   171 D dalvikvm: GC_EXPLICIT freed 1391K, 10% free 14155K/15623K, paused 104ms+21ms
06-08 14:38:05.750  2297  2312 D PicasaSync: accounts in DB=1
06-08 14:38:05.765  2297  2312 V PicasaContentProvider: querySettings: defaults: {sync_on_wifi_only=1, auto_upload_account_type=null, sync_on_battery=1, sync_picasa_on_wifi_only=1, auto_upload_enabled=0, video_upload_wifi_only=1, sync_on_roaming=0, auto_upload_account_name=null}
06-08 14:38:05.781  2297  2312 D PicasaSyncManager: active network: NetworkInfo: type: WIFI[], state: CONNECTED/CONNECTED, reason: (unspecified), extra: (none), roaming: false, failover: false, isAvailable: true
06-08 14:38:05.781  2297  2312 D PicasaSyncManager: background data: true
06-08 14:38:05.812  1126  1137 D Finsky  : [124] 1.packageInstalled: Package install status for "com.android.vending" is -104
06-08 14:38:05.812  1126  1137 W Finsky  : [124] 1.packageInstalled: Package name mismatsch: ours:  package manager's: com.android.vending
06-08 14:38:05.914  2297  2312 D PicasaSyncManager: battery info: false
06-08 14:38:06.293   596   598 D dalvikvm: GC_CONCURRENT freed 345K, 6% free 10074K/10695K, paused 7ms+3ms
06-08 14:38:08.359   389   391 D dalvikvm: GC_CONCURRENT freed 572K, 10% free 9909K/10951K, paused 1ms+2ms
06-08 14:38:08.785   596   598 D dalvikvm: GC_CONCURRENT freed 791K, 10% free 9671K/10695K, paused 2ms+3ms
06-08 14:38:08.961   596   598 D dalvikvm: GC_CONCURRENT freed 140K, 8% free 9921K/10695K, paused 2ms+2ms
06-08 14:38:09.187   596   598 D dalvikvm: GC_CONCURRENT freed 299K, 7% free 10008K/10695K, paused 2ms+3ms
06-08 14:38:09.402   596   598 D dalvikvm: GC_CONCURRENT freed 369K, 7% free 10024K/10695K, paused 2ms+3ms
06-08 14:38:09.734   596   598 D dalvikvm: GC_CONCURRENT freed 352K, 6% free 10059K/10695K, paused 2ms+2ms
06-08 14:38:10.343   596   598 D dalvikvm: GC_CONCURRENT freed 359K, 6% free 10086K/10695K, paused 2ms+3ms
06-08 14:38:11.046   559   561 D dalvikvm: GC_CONCURRENT freed 533K, 6% free 11001K/11655K, paused 3ms+3ms
06-08 14:38:11.230   596   598 D dalvikvm: GC_CONCURRENT freed 587K, 8% free 9909K/10695K, paused 2ms+2ms
06-08 14:38:11.492   596   598 D dalvikvm: GC_CONCURRENT freed 301K, 7% free 9996K/10695K, paused 2ms+4ms
06-08 14:38:11.668   151   491 D dalvikvm: GC_EXPLICIT freed 1201K, 17% free 13075K/15623K, paused 4ms+6ms
06-08 14:38:11.812   596   598 D dalvikvm: GC_CONCURRENT freed 364K, 7% free 10024K/10695K, paused 2ms+3ms
06-08 14:38:12.058   596   598 D dalvikvm: GC_CONCURRENT freed 357K, 7% free 10051K/10695K, paused 1ms+3ms
06-08 14:38:12.578   596   598 D dalvikvm: GC_CONCURRENT freed 333K, 6% free 10105K/10695K, paused 2ms+2ms
06-08 14:38:14.394   454   457 D dalvikvm: GC_CONCURRENT freed 1316K, 16% free 10538K/12423K, paused 5ms+2ms
06-08 14:38:14.660   389   391 D dalvikvm: GC_CONCURRENT freed 211K, 8% free 10130K/10951K, paused 4ms+2ms
06-08 14:38:14.765   389   391 D dalvikvm: GC_CONCURRENT freed 540K, 8% free 10079K/10951K, paused 4ms+5ms
06-08 14:38:14.828   559   561 D dalvikvm: GC_CONCURRENT freed 754K, 8% free 10868K/11719K, paused 123ms+5ms
06-08 14:38:14.980   596   598 D dalvikvm: GC_CONCURRENT freed 689K, 9% free 9820K/10695K, paused 2ms+3ms
06-08 14:38:15.183   596   598 D dalvikvm: GC_CONCURRENT freed 233K, 7% free 9980K/10695K, paused 2ms+3ms
06-08 14:38:15.375   596   598 D dalvikvm: GC_CONCURRENT freed 352K, 7% free 10020K/10695K, paused 2ms+3ms
06-08 14:38:15.582   596   598 D dalvikvm: GC_CONCURRENT freed 352K, 6% free 10054K/10695K, paused 2ms+3ms
06-08 14:38:16.023   596   598 D dalvikvm: GC_CONCURRENT freed 333K, 6% free 10109K/10695K, paused 3ms+2ms
06-08 14:38:18.121   559   561 D dalvikvm: GC_CONCURRENT freed 499K, 8% free 10892K/11719K, paused 4ms+3ms
06-08 14:38:18.246   596   598 D dalvikvm: GC_CONCURRENT freed 721K, 9% free 9803K/10695K, paused 2ms+3ms
06-08 14:38:18.445   596   598 D dalvikvm: GC_CONCURRENT freed 227K, 7% free 9968K/10695K, paused 1ms+4ms
06-08 14:38:18.582   596   683 D dalvikvm: GC_EXPLICIT freed 225K, 7% free 9975K/10695K, paused 2ms+3ms
06-08 14:38:18.769   596   598 D dalvikvm: GC_CONCURRENT freed 335K, 7% free 10026K/10695K, paused 2ms+3ms
06-08 14:38:19.129   596   598 D dalvikvm: GC_CONCURRENT freed 347K, 6% free 10073K/10695K, paused 2ms+2ms
06-08 14:38:20.476   596   598 D dalvikvm: GC_CONCURRENT freed 782K, 10% free 9682K/10695K, paused 2ms+3ms
06-08 14:38:20.578   559   561 D dalvikvm: GC_CONCURRENT freed 480K, 7% free 10924K/11719K, paused 9ms+6ms
06-08 14:38:20.730   596   598 D dalvikvm: GC_CONCURRENT freed 156K, 8% free 9914K/10695K, paused 1ms+2ms
06-08 14:38:20.937   596   598 D dalvikvm: GC_CONCURRENT freed 306K, 7% free 9994K/10695K, paused 2ms+4ms
06-08 14:38:21.074    82   122 D AudioHardware: AudioHardware pcm playback is exiting standby.
06-08 14:38:21.074    82   122 D AudioHardware: openPcmOut_l() mPcmOpenCnt: 0
06-08 14:38:21.472   596   598 D dalvikvm: GC_CONCURRENT freed 367K, 7% free 10016K/10695K, paused 2ms+4ms
06-08 14:38:21.793   596   598 D dalvikvm: GC_CONCURRENT freed 345K, 6% free 10061K/10695K, paused 1ms+3ms
06-08 14:38:22.480   596   598 D dalvikvm: GC_CONCURRENT freed 369K, 6% free 10080K/10695K, paused 2ms+3ms
06-08 14:38:24.164    82   122 D AudioHardware: AudioHardware pcm playback is going to standby.
06-08 14:38:24.164    82   122 D AudioHardware: closePcmOut_l() mPcmOpenCnt: 1
06-08 14:38:24.214   596   598 D dalvikvm: GC_CONCURRENT freed 584K, 8% free 9890K/10695K, paused 1ms+2ms
06-08 14:38:24.441   596   598 D dalvikvm: GC_CONCURRENT freed 282K, 7% free 9993K/10695K, paused 2ms+3ms
06-08 14:38:24.636   151   163 D dalvikvm: GC_EXPLICIT freed 328K, 17% free 13091K/15623K, paused 3ms+5ms
06-08 14:38:24.714   596   598 D dalvikvm: GC_CONCURRENT freed 368K, 7% free 10011K/10695K, paused 1ms+3ms
06-08 14:38:24.980   596   598 D dalvikvm: GC_CONCURRENT freed 358K, 7% free 10040K/10695K, paused 2ms+3ms
06-08 14:38:25.414   596   598 D dalvikvm: GC_CONCURRENT freed 334K, 6% free 10092K/10695K, paused 2ms+3ms
06-08 14:38:25.941   151   205 I ActivityManager: START {act=android.intent.action.MAIN cat=[android.intent.category.HOME] flg=0x10200000 cmp=com.android.launcher/com.android.launcher2.Launcher} from pid 151
06-08 14:38:25.980  1511  1511 D WebViewTimersControl: onBrowserActivityPause
06-08 14:38:25.980  1511  1511 D WebViewTimersControl: Pausing webview timers, view=com.android.browser.BrowserWebView@41545610
06-08 14:38:25.988  1511  1764 I SqliteDatabaseCpp: sqlite returned: error code = 1, msg = no such table: Permissions, db=/data/data/com.android.browser/databases/webview.db
06-08 14:38:26.011   151   666 W InputManagerService: Focus gain on non-focused client com.android.internal.view.IInputMethodClient$Stub$Proxy@414680f0 (uid=10003 pid=1511)
06-08 14:38:26.148   389   391 D dalvikvm: GC_CONCURRENT freed 389K, 8% free 10119K/10951K, paused 2ms+8ms
06-08 14:38:26.296  1511  1511 D OpenGLRenderer: Flushing caches (mode 0)
06-08 14:38:26.613   151   205 I ActivityManager: START {act=android.intent.action.MAIN cat=[android.intent.category.HOME] flg=0x10200000 cmp=com.android.launcher/com.android.launcher2.Launcher} from pid 151
06-08 14:38:26.730   559   561 D dalvikvm: GC_CONCURRENT freed 443K, 6% free 11024K/11719K, paused 3ms+20ms
06-08 14:38:27.093   596   598 D dalvikvm: GC_CONCURRENT freed 663K, 9% free 9831K/10695K, paused 3ms+4ms
06-08 14:38:27.449   596   598 D dalvikvm: GC_CONCURRENT freed 231K, 7% free 9988K/10695K, paused 3ms+3ms
06-08 14:38:27.757   596   598 D dalvikvm: GC_CONCURRENT freed 349K, 7% free 10028K/10695K, paused 3ms+3ms
06-08 14:38:28.113   596   598 D dalvikvm: GC_CONCURRENT freed 376K, 7% free 10043K/10695K, paused 2ms+4ms
06-08 14:38:28.152  1511  1511 D OpenGLRenderer: Flushing caches (mode 1)
06-08 14:38:28.636   596   598 D dalvikvm: GC_CONCURRENT freed 323K, 6% free 10116K/10695K, paused 2ms+3ms
06-08 14:38:30.761   559   561 D dalvikvm: GC_CONCURRENT freed 771K, 8% free 10857K/11719K, paused 2ms+3ms
06-08 14:38:30.918   596   598 D dalvikvm: GC_CONCURRENT freed 717K, 8% free 9857K/10695K, paused 2ms+2ms
06-08 14:38:31.179   596   598 D dalvikvm: GC_CONCURRENT freed 268K, 7% free 9975K/10695K, paused 2ms+3ms
06-08 14:38:31.394   596   598 D dalvikvm: GC_CONCURRENT freed 357K, 7% free 10006K/10695K, paused 3ms+2ms
06-08 14:38:31.668   596   598 D dalvikvm: GC_CONCURRENT freed 350K, 7% free 10044K/10695K, paused 1ms+3ms
06-08 14:38:32.168   596   598 D dalvikvm: GC_CONCURRENT freed 340K, 6% free 10092K/10695K, paused 2ms+4ms
06-08 14:38:32.488  1696  1698 D dalvikvm: GC_CONCURRENT freed 918K, 36% free 12166K/18823K, paused 17ms+8ms
06-08 14:38:34.019   559   561 D dalvikvm: GC_CONCURRENT freed 478K, 7% free 10908K/11719K, paused 3ms+4ms
06-08 14:38:34.164   596   598 D dalvikvm: GC_CONCURRENT freed 683K, 9% free 9802K/10695K, paused 2ms+3ms
06-08 14:38:34.367   596   598 D dalvikvm: GC_CONCURRENT freed 213K, 7% free 9978K/10695K, paused 1ms+2ms
06-08 14:38:34.586   596   598 D dalvikvm: GC_CONCURRENT freed 339K, 7% free 10028K/10695K, paused 2ms+3ms
06-08 14:38:34.808   596   598 D dalvikvm: GC_CONCURRENT freed 378K, 7% free 10043K/10695K, paused 2ms+3ms
06-08 14:38:35.250   596   598 D dalvikvm: GC_CONCURRENT freed 324K, 6% free 10108K/10695K, paused 2ms+2ms
06-08 14:38:37.351   559   561 D dalvikvm: GC_CONCURRENT freed 496K, 7% free 10929K/11719K, paused 3ms+3ms
06-08 14:38:37.476   596   598 D dalvikvm: GC_CONCURRENT freed 797K, 10% free 9724K/10695K, paused 2ms+7ms
06-08 14:38:37.722   596   598 D dalvikvm: GC_CONCURRENT freed 176K, 8% free 9934K/10695K, paused 7ms+2ms
06-08 14:38:37.961   596   598 D dalvikvm: GC_CONCURRENT freed 317K, 7% free 10006K/10695K, paused 2ms+4ms
06-08 14:38:38.171   596   598 D dalvikvm: GC_CONCURRENT freed 359K, 7% free 10034K/10695K, paused 2ms+3ms
06-08 14:38:38.652   596   598 D dalvikvm: GC_CONCURRENT freed 340K, 6% free 10082K/10695K, paused 3ms+3ms
06-08 14:38:38.800   151  1038 I ActivityManager: START {act=android.intent.action.MAIN cat=[android.intent.category.LAUNCHER] flg=0x10000000 pkg=spinninghead.carhome cmp=spinninghead.carhome/.CarHome bnds=[0,103][120,253]} from pid 1696
06-08 14:38:38.816    82   122 D AudioHardware: AudioHardware pcm playback is exiting standby.
06-08 14:38:38.816    82   122 D AudioHardware: openPcmOut_l() mPcmOpenCnt: 0
06-08 14:38:38.910   151  1038 D dalvikvm: GC_FOR_ALLOC freed 342K, 17% free 13095K/15623K, paused 82ms
06-08 14:38:39.101  2166  2166 I TextToSpeech: Sucessfully bound to com.google.android.tts
06-08 14:38:39.109   559   677 D androidNetworkLocationListeners: Still have listener com.google.android.location.internal.client.NetworkLocationClient$1@41361cd0
06-08 14:38:39.211  2166  2166 D CarHome : updateColors()
06-08 14:38:39.211  2166  2166 D CarHome : android.support.v4.view.l@413f0a20
06-08 14:38:39.211  2166  2166 D CarHome : android.support.v4.view.l@41400cc0
06-08 14:38:39.214  2166  2166 D CarHome : android.support.v4.view.l@41482b58
06-08 14:38:39.265   151   374 D dalvikvm: GC_EXPLICIT freed 176K, 17% free 13073K/15623K, paused 3ms+19ms
06-08 14:38:39.421   151   167 I Process : Sending signal. PID: 2166 SIG: 3
06-08 14:38:39.421  2166  2170 I dalvikvm: threadid=3: reacting to signal 3
06-08 14:38:39.433  2166  2170 I dalvikvm: Wrote stack traces to '/data/anr/traces.txt'
06-08 14:38:39.441   559   677 D androidNetworkLocationListeners: Still have listener com.google.android.location.internal.client.NetworkLocationClient$1@41361cd0
06-08 14:38:39.461  2210  2210 I flint   : Embedded HMM synthesizer initialized.
06-08 14:38:39.691   389   391 D dalvikvm: GC_CONCURRENT freed 581K, 10% free 9961K/10951K, paused 16ms+11ms
06-08 14:38:39.781  1696  1696 D OpenGLRenderer: Flushing caches (mode 1)
06-08 14:38:39.863   389   389 V PhoneStatusBar: setLightsOn(true)
06-08 14:38:39.902  2166  2166 I TextToSpeech: Connected to ComponentInfo{com.google.android.tts/com.google.android.tts.GoogleTTSService}
06-08 14:38:39.906  2166  2166 D CarHome : onInit
06-08 14:38:39.906   389   391 D dalvikvm: GC_CONCURRENT freed 507K, 10% free 9950K/10951K, paused 7ms+6ms
06-08 14:38:40.023  1696  1696 D OpenGLRenderer: Flushing caches (mode 0)
06-08 14:38:40.023  1511  1511 W IInputConnectionWrapper: showStatusIcon on inactive InputConnection
06-08 14:38:40.023   151   493 W InputManagerService: Starting input on non-focused client com.android.internal.view.IInputMethodClient$Stub$Proxy@414680f0 (uid=10003 pid=1511)
06-08 14:38:40.304  2166  2168 D dalvikvm: GC_CONCURRENT freed 399K, 5% free 10484K/11015K, paused 8ms+16ms
06-08 14:38:40.867   559  1658 I WifiLocationEstimator: Not returning location for the following outliers: [229533826278832]
06-08 14:38:41.906    82   122 D AudioHardware: AudioHardware pcm playback is going to standby.
06-08 14:38:41.906    82   122 D AudioHardware: closePcmOut_l() mPcmOpenCnt: 1
06-08 14:38:42.726  2166  2168 D dalvikvm: GC_CONCURRENT freed 370K, 5% free 10525K/11015K, paused 2ms+9ms
06-08 14:38:43.082    82   122 D AudioHardware: AudioHardware pcm playback is exiting standby.
06-08 14:38:43.082    82   122 D AudioHardware: openPcmOut_l() mPcmOpenCnt: 0
06-08 14:38:45.472  2166  2168 D dalvikvm: GC_CONCURRENT freed 416K, 5% free 10532K/11079K, paused 7ms+5ms
06-08 14:38:46.179    82   122 D AudioHardware: AudioHardware pcm playback is going to standby.
06-08 14:38:46.179    82   122 D AudioHardware: closePcmOut_l() mPcmOpenCnt: 1
06-08 14:38:48.125  2166  2168 D dalvikvm: GC_CONCURRENT freed 421K, 5% free 10528K/11079K, paused 2ms+5ms
06-08 14:38:48.187    82   122 D AudioHardware: AudioHardware pcm playback is exiting standby.
06-08 14:38:48.187    82   122 D AudioHardware: openPcmOut_l() mPcmOpenCnt: 0
06-08 14:38:48.918   151   167 W ActivityManager: Launch timeout has expired, giving up wake lock!
06-08 14:38:48.949   151   167 W ActivityManager: Activity idle timeout for ActivityRecord{413b2320 spinninghead.carhome/.CarHome}
06-08 14:38:49.144   151  1035 I ActivityManager: START {act=spinninghead.carhome.license.LicenseCheck} from pid 2166
06-08 14:38:49.254   559   677 D androidNetworkLocationListeners: Still have listener com.google.android.location.internal.client.NetworkLocationClient$1@41361cd0
06-08 14:38:49.273   559   677 D androidNetworkLocationListeners: Still have listener com.google.android.location.internal.client.NetworkLocationClient$1@41361cd0
06-08 14:38:49.277   559   677 D androidNetworkLocationListeners: Still have listener com.google.android.location.internal.client.NetworkLocationClient$1@41361cd0
06-08 14:38:49.347  2166  2166 D CarHome : updateColors()
06-08 14:38:49.347  2166  2166 D CarHome : android.support.v4.view.l@413f0a20
06-08 14:38:49.347  2166  2166 D CarHome : android.support.v4.view.l@41400cc0
06-08 14:38:49.351  2166  2166 D CarHome : android.support.v4.view.l@41482b58
06-08 14:38:49.500   389   391 D dalvikvm: GC_CONCURRENT freed 193K, 8% free 10167K/10951K, paused 2ms+6ms
06-08 14:38:49.543   389   389 D dalvikvm: GC_FOR_ALLOC freed 366K, 8% free 10161K/10951K, paused 18ms
06-08 14:38:49.574   389   389 D dalvikvm: GC_FOR_ALLOC freed 356K, 8% free 10157K/10951K, paused 19ms
06-08 14:38:49.617   389   389 D dalvikvm: GC_FOR_ALLOC freed 335K, 8% free 10140K/10951K, paused 31ms
06-08 14:38:49.714   389   391 D dalvikvm: GC_CONCURRENT freed 496K, 8% free 10087K/10951K, paused 1ms+6ms
06-08 14:38:50.683   559  1658 I WifiLocationEstimator: Not returning location for the following outliers: [229533826278832]
06-08 14:38:51.281    82   122 D AudioHardware: AudioHardware pcm playback is going to standby.
06-08 14:38:51.281    82   122 D AudioHardware: closePcmOut_l() mPcmOpenCnt: 1
06-08 14:38:51.445  2166  2168 D dalvikvm: GC_CONCURRENT freed 827K, 9% free 10120K/11079K, paused 1ms+5ms
06-08 14:38:52.886   559   561 D dalvikvm: GC_CONCURRENT freed 486K, 6% free 11067K/11719K, paused 106ms+77ms
06-08 14:38:53.929  2166  2168 D dalvikvm: GC_CONCURRENT freed 388K, 9% free 10116K/11079K, paused 2ms+9ms
06-08 14:38:56.379   596   598 D dalvikvm: GC_CONCURRENT freed 771K, 10% free 9709K/10695K, paused 45ms+30ms
06-08 14:38:56.433  2166  2168 D dalvikvm: GC_CONCURRENT freed 385K, 9% free 10117K/11079K, paused 2ms+5ms
06-08 14:38:58.964  2166  2168 D dalvikvm: GC_CONCURRENT freed 389K, 9% free 10116K/11079K, paused 2ms+4ms
06-08 14:38:59.199   596   598 D dalvikvm: GC_CONCURRENT freed 167K, 8% free 9929K/10695K, paused 26ms+21ms
06-08 14:39:01.597  2166  2168 D dalvikvm: GC_CONCURRENT freed 386K, 9% free 10116K/11079K, paused 2ms+5ms
06-08 14:39:04.054   596   598 D dalvikvm: GC_CONCURRENT freed 322K, 7% free 9998K/10695K, paused 2ms+4ms
06-08 14:39:04.117  2166  2168 D dalvikvm: GC_CONCURRENT freed 386K, 9% free 10118K/11079K, paused 3ms+5ms
06-08 14:39:06.562  2166  2168 D dalvikvm: GC_CONCURRENT freed 387K, 9% free 10118K/11079K, paused 2ms+5ms
06-08 14:39:07.410   596   683 D dalvikvm: GC_EXPLICIT freed 247K, 7% free 9987K/10695K, paused 15ms+29ms
06-08 14:39:08.675    82   122 D AudioHardware: AudioHardware pcm playback is exiting standby.
06-08 14:39:08.675    82   122 D AudioHardware: openPcmOut_l() mPcmOpenCnt: 0
06-08 14:39:08.679   151   552 I ActivityManager: START {act=android.intent.action.MAIN cat=[android.intent.category.CAR_MODE] flg=0x10200000 cmp=com.google.android.voicesearch/.RecognitionActivity bnds=[3,267][237,423]} from pid 2166
06-08 14:39:08.711   559   677 D androidNetworkLocationListeners: Still have listener com.google.android.location.internal.client.NetworkLocationClient$1@41361cd0
06-08 14:39:08.781   151   666 I ActivityManager: Start proc com.google.android.voicesearch for activity com.google.android.voicesearch/.RecognitionActivity: pid=2364 uid=10052 gids={3002, 3003, 1015}
06-08 14:39:08.945   389   389 D dalvikvm: GC_FOR_ALLOC freed 514K, 10% free 9953K/10951K, paused 19ms
06-08 14:39:09.011   389   391 D dalvikvm: GC_CONCURRENT freed 307K, 9% free 10070K/10951K, paused 3ms+4ms
06-08 14:39:09.011  2364  2364 I ActivityThread: Pub com.google.android.voicesearch: com.google.android.voicesearch.AudioProvider
06-08 14:39:09.238  2364  2365 D dalvikvm: GC_CONCURRENT freed 304K, 4% free 9231K/9607K, paused 2ms+3ms
06-08 14:39:09.332  2364  2364 D dalvikvm: GC_FOR_ALLOC freed 115K, 4% free 9476K/9863K, paused 15ms
06-08 14:39:09.336   151   167 I Process : Sending signal. PID: 2364 SIG: 3
06-08 14:39:09.336  2364  2366 I dalvikvm: threadid=3: reacting to signal 3
06-08 14:39:09.355  2364  2366 I dalvikvm: Wrote stack traces to '/data/anr/traces.txt'
06-08 14:39:09.390  2364  2364 D dalvikvm: GC_FOR_ALLOC freed 8K, 4% free 9785K/10119K, paused 14ms
06-08 14:39:09.449   559   677 D androidNetworkLocationListeners: Still have listener com.google.android.location.internal.client.NetworkLocationClient$1@41361cd0
06-08 14:39:09.461   559   677 D androidNetworkLocationListeners: Still have listener com.google.android.location.internal.client.NetworkLocationClient$1@41361cd0
06-08 14:39:09.480   151   491 I ActivityManager: START {cmp=com.google.android.voicesearch/.HelpActivity (has extras)} from pid 2364
06-08 14:39:09.621  2364  2364 I RecognitionControllerImpl: State change: STARTING -> CANCELED
06-08 14:39:09.621   151   163 W ActivityManager: Duplicate finish request for ActivityRecord{414069a0 com.google.android.voicesearch/.RecognitionActivity}
06-08 14:39:09.632   151   374 I AudioService:  AudioFocus  abandonAudioFocus() from android.media.AudioManager@4131ca00
06-08 14:39:09.660  2364  2365 D dalvikvm: GC_CONCURRENT freed 270K, 4% free 9919K/10311K, paused 14ms+2ms
06-08 14:39:09.664   559   677 D androidNetworkLocationListeners: Still have listener com.google.android.location.internal.client.NetworkLocationClient$1@41361cd0
06-08 14:39:09.867  2364  2364 D libEGL  : loaded /system/lib/egl/libGLES_android.so
06-08 14:39:09.894   559  1658 I WifiLocationEstimator: Not returning location for the following outliers: [229533826278832]
06-08 14:39:09.910  2364  2364 D libEGL  : loaded /vendor/lib/egl/libEGL_POWERVR_SGX540_120.so
06-08 14:39:09.925  2364  2364 D libEGL  : loaded /vendor/lib/egl/libGLESv1_CM_POWERVR_SGX540_120.so
06-08 14:39:09.929  2364  2364 D libEGL  : loaded /vendor/lib/egl/libGLESv2_POWERVR_SGX540_120.so
06-08 14:39:09.980  1236  1238 D dalvikvm: GC_CONCURRENT freed 350K, 8% free 9733K/10567K, paused 3ms+9ms
06-08 14:39:10.070  2364  2364 D OpenGLRenderer: Enabling debug mode 0
06-08 14:39:10.101   596   598 D dalvikvm: GC_CONCURRENT freed 322K, 7% free 10053K/10695K, paused 48ms+16ms
06-08 14:39:10.230   151   167 I Process : Sending signal. PID: 2364 SIG: 3
06-08 14:39:10.230  2364  2366 I dalvikvm: threadid=3: reacting to signal 3
06-08 14:39:10.257  2364  2366 I dalvikvm: Wrote stack traces to '/data/anr/traces.txt'
06-08 14:39:10.261   151   200 I ActivityManager: Displayed com.google.android.voicesearch/.HelpActivity: +628ms (total +1s537ms)
06-08 14:39:10.265  2364  2364 I RecognitionControllerImpl: State change: CANCELED -> CANCELED
06-08 14:39:10.273  2364  2364 I RecognitionControllerImpl: State change: CANCELED -> CANCELED
06-08 14:39:10.375   559   561 D dalvikvm: GC_CONCURRENT freed 794K, 8% free 10960K/11847K, paused 3ms+12ms
06-08 14:39:10.656  2364  2365 D dalvikvm: GC_CONCURRENT freed 184K, 4% free 10123K/10439K, paused 2ms+6ms
06-08 14:39:10.796   151   153 D dalvikvm: GC_CONCURRENT freed 586K, 15% free 13374K/15623K, paused 3ms+5ms
06-08 14:39:11.168   151  1035 I ActivityManager: Process com.google.android.gm (pid 2256) has died.
06-08 14:39:11.640   596   598 D dalvikvm: GC_CONCURRENT freed 344K, 6% free 10093K/10695K, paused 3ms+39ms
06-08 14:39:11.738  2166  2168 D dalvikvm: GC_CONCURRENT freed 386K, 9% free 10117K/11079K, paused 2ms+11ms
06-08 14:39:11.765    82   122 D AudioHardware: AudioHardware pcm playback is going to standby.
06-08 14:39:11.765    82   122 D AudioHardware: closePcmOut_l() mPcmOpenCnt: 1
06-08 14:39:14.078   596   598 D dalvikvm: GC_CONCURRENT freed 676K, 9% free 9811K/10695K, paused 2ms+3ms
06-08 14:39:14.281   596   598 D dalvikvm: GC_CONCURRENT freed 229K, 7% free 9967K/10695K, paused 2ms+3ms
06-08 14:39:14.464   596   598 D dalvikvm: GC_CONCURRENT freed 343K, 7% free 10012K/10695K, paused 2ms+4ms
06-08 14:39:14.738   596   598 D dalvikvm: GC_CONCURRENT freed 373K, 7% free 10035K/10695K, paused 2ms+2ms
06-08 14:39:15.203   596   598 D dalvikvm: GC_CONCURRENT freed 338K, 6% free 10089K/10695K, paused 2ms+3ms
06-08 14:39:17.296   559   561 D dalvikvm: GC_CONCURRENT freed 464K, 7% free 11035K/11847K, paused 2ms+3ms
06-08 14:39:17.511   596   598 D dalvikvm: GC_CONCURRENT freed 712K, 9% free 9773K/10695K, paused 2ms+2ms
06-08 14:39:17.722   596   598 D dalvikvm: GC_CONCURRENT freed 204K, 7% free 9957K/10695K, paused 2ms+3ms
06-08 14:39:17.914   596   598 D dalvikvm: GC_CONCURRENT freed 350K, 7% free 9994K/10695K, paused 2ms+2ms
06-08 14:39:18.113   596   598 D dalvikvm: GC_CONCURRENT freed 363K, 7% free 10023K/10695K, paused 2ms+2ms
06-08 14:39:18.492   596   598 D dalvikvm: GC_CONCURRENT freed 333K, 6% free 10080K/10695K, paused 2ms+3ms
06-08 14:39:19.816   151   151 D dalvikvm: GC_EXPLICIT freed 322K, 16% free 13205K/15623K, paused 3ms+5ms
06-08 14:39:19.867   559   561 D dalvikvm: GC_CONCURRENT freed 763K, 9% free 10870K/11847K, paused 54ms+3ms
06-08 14:39:19.957   596   598 D dalvikvm: GC_CONCURRENT freed 791K, 10% free 9678K/10695K, paused 2ms+3ms
06-08 14:39:20.097   596   598 D dalvikvm: GC_CONCURRENT freed 150K, 8% free 9916K/10695K, paused 2ms+2ms
06-08 14:39:20.300   596   598 D dalvikvm: GC_CONCURRENT freed 311K, 7% free 9989K/10695K, paused 2ms+2ms
06-08 14:39:20.488   596   598 D dalvikvm: GC_CONCURRENT freed 365K, 7% free 10016K/10695K, paused 2ms+2ms
06-08 14:39:21.000   596   598 D dalvikvm: GC_CONCURRENT freed 338K, 6% free 10065K/10695K, paused 1ms+3ms
06-08 14:39:21.683   596   598 D dalvikvm: GC_CONCURRENT freed 372K, 6% free 10078K/10695K, paused 2ms+4ms
06-08 14:39:24.039   559   561 D dalvikvm: GC_CONCURRENT freed 486K, 9% free 10891K/11847K, paused 2ms+3ms
06-08 14:39:24.254   596   598 D dalvikvm: GC_CONCURRENT freed 578K, 8% free 9899K/10695K, paused 3ms+3ms
06-08 14:39:24.531   596   598 D dalvikvm: GC_CONCURRENT freed 284K, 7% free 10004K/10695K, paused 2ms+3ms
06-08 14:39:24.761   596   598 D dalvikvm: GC_CONCURRENT freed 364K, 7% free 10024K/10695K, paused 2ms+4ms
06-08 14:39:25.019   596   598 D dalvikvm: GC_CONCURRENT freed 350K, 6% free 10061K/10695K, paused 1ms+2ms
06-08 14:39:25.445   596   611 D dalvikvm: GC_FOR_ALLOC freed 326K, 6% free 10105K/10695K, paused 21ms
06-08 14:39:26.535   596   598 D dalvikvm: GC_CONCURRENT freed 685K, 9% free 9837K/10695K, paused 2ms+2ms
06-08 14:39:26.777   596   598 D dalvikvm: GC_CONCURRENT freed 246K, 7% free 9977K/10695K, paused 2ms+3ms
06-08 14:39:26.886   559   561 D dalvikvm: GC_CONCURRENT freed 545K, 9% free 10877K/11847K, paused 2ms+3ms
06-08 14:39:27.043   596   598 D dalvikvm: GC_CONCURRENT freed 346K, 7% free 10016K/10695K, paused 2ms+3ms
06-08 14:39:27.273   596   598 D dalvikvm: GC_CONCURRENT freed 354K, 6% free 10055K/10695K, paused 2ms+2ms
06-08 14:39:27.910   596   598 D dalvikvm: GC_CONCURRENT freed 343K, 6% free 10107K/10695K, paused 2ms+8ms
06-08 14:39:30.433   559   561 D dalvikvm: GC_CONCURRENT freed 458K, 8% free 10914K/11847K, paused 8ms+4ms
06-08 14:39:30.531   596   598 D dalvikvm: GC_CONCURRENT freed 701K, 9% free 9814K/10695K, paused 2ms+3ms
06-08 14:39:30.750   596   598 D dalvikvm: GC_CONCURRENT freed 225K, 7% free 9975K/10695K, paused 2ms+2ms
06-08 14:39:30.945   596   598 D dalvikvm: GC_CONCURRENT freed 346K, 7% free 10018K/10695K, paused 2ms+3ms
06-08 14:39:31.207   596   598 D dalvikvm: GC_CONCURRENT freed 358K, 7% free 10046K/10695K, paused 2ms+7ms
06-08 14:39:31.789   596   598 D dalvikvm: GC_CONCURRENT freed 333K, 6% free 10101K/10695K, paused 1ms+2ms
06-08 14:39:34.371   596   598 D dalvikvm: GC_CONCURRENT freed 735K, 9% free 9771K/10695K, paused 2ms+3ms
06-08 14:39:34.550   596   598 D dalvikvm: GC_CONCURRENT freed 207K, 7% free 9954K/10695K, paused 1ms+3ms
06-08 14:39:34.972   151   151 D dalvikvm: GC_EXPLICIT freed 176K, 16% free 13208K/15623K, paused 6ms+5ms
06-08 14:39:34.984   596   598 D dalvikvm: GC_CONCURRENT freed 329K, 7% free 10017K/10695K, paused 1ms+3ms
06-08 14:39:35.175   596   598 D dalvikvm: GC_CONCURRENT freed 365K, 7% free 10041K/10695K, paused 2ms+4ms
06-08 14:39:35.230   596   611 D dalvikvm: GC_EXPLICIT freed 101K, 7% free 9967K/10695K, paused 2ms+2ms
06-08 14:39:35.679   596   598 D dalvikvm: GC_CONCURRENT freed 280K, 6% free 10085K/10695K, paused 1ms+3ms
06-08 14:39:36.734   559   561 D dalvikvm: GC_CONCURRENT freed 447K, 8% free 10988K/11847K, paused 2ms+3ms
06-08 14:39:36.902   596   598 D dalvikvm: GC_CONCURRENT freed 759K, 10% free 9730K/10695K, paused 2ms+3ms
06-08 14:39:37.062   596   598 D dalvikvm: GC_CONCURRENT freed 181K, 8% free 9941K/10695K, paused 2ms+3ms
06-08 14:39:37.265   596   598 D dalvikvm: GC_CONCURRENT freed 335K, 7% free 9994K/10695K, paused 3ms+3ms
06-08 14:39:37.461   596   598 D dalvikvm: GC_CONCURRENT freed 355K, 7% free 10028K/10695K, paused 2ms+2ms
06-08 14:39:37.867   596   598 D dalvikvm: GC_CONCURRENT freed 347K, 6% free 10074K/10695K, paused 1ms+3ms
06-08 14:39:39.394   559   561 D dalvikvm: GC_CONCURRENT freed 720K, 9% free 10808K/11847K, paused 2ms+3ms
06-08 14:39:39.496   596   598 D dalvikvm: GC_CONCURRENT freed 786K, 10% free 9685K/10695K, paused 2ms+3ms
06-08 14:39:39.695   596   598 D dalvikvm: GC_CONCURRENT freed 153K, 8% free 9919K/10695K, paused 2ms+3ms
06-08 14:39:39.898   596   598 D dalvikvm: GC_CONCURRENT freed 310K, 7% free 9994K/10695K, paused 1ms+3ms
06-08 14:39:40.086   596   598 D dalvikvm: GC_CONCURRENT freed 359K, 7% free 10028K/10695K, paused 2ms+3ms
06-08 14:39:40.425   596   598 D dalvikvm: GC_CONCURRENT freed 344K, 6% free 10075K/10695K, paused 2ms+3ms
06-08 14:39:41.222   596   598 D dalvikvm: GC_CONCURRENT freed 379K, 6% free 10082K/10695K, paused 2ms+3ms
06-08 14:39:42.453   559   561 D dalvikvm: GC_CONCURRENT freed 474K, 9% free 10831K/11847K, paused 2ms+3ms
06-08 14:39:42.586   559  2018 D dalvikvm: GC_EXPLICIT freed 103K, 8% free 10919K/11847K, paused 2ms+9ms
06-08 14:39:42.699   596   598 D dalvikvm: GC_CONCURRENT freed 562K, 8% free 9922K/10695K, paused 2ms+2ms
06-08 14:39:42.933   596   598 D dalvikvm: GC_CONCURRENT freed 305K, 7% free 10003K/10695K, paused 2ms+4ms
06-08 14:39:43.132   596   598 D dalvikvm: GC_CONCURRENT freed 376K, 7% free 10014K/10695K, paused 2ms+2ms
06-08 14:39:43.429   596   598 D dalvikvm: GC_CONCURRENT freed 347K, 7% free 10052K/10695K, paused 2ms+3ms
06-08 14:39:44.000   596   598 D dalvikvm: GC_CONCURRENT freed 351K, 6% free 10087K/10695K, paused 2ms+3ms
06-08 14:39:46.644    82   122 D AudioHardware: AudioHardware pcm playback is exiting standby.
06-08 14:39:46.644    82   122 D AudioHardware: openPcmOut_l() mPcmOpenCnt: 0
06-08 14:39:46.738   151  1038 D dalvikvm: GC_FOR_ALLOC freed 123K, 16% free 13206K/15623K, paused 96ms
06-08 14:39:46.738   151  1038 I dalvikvm-heap: Grow heap (frag case) to 13.094MB for 129616-byte allocation
06-08 14:39:46.793   151   204 D dalvikvm: GC_FOR_ALLOC freed 9K, 16% free 13323K/15751K, paused 41ms
06-08 14:39:46.808   389   389 V PhoneStatusBar: setLightsOn(true)
06-08 14:39:46.816  2364  2364 D OpenGLRenderer: Flushing caches (mode 0)
06-08 14:39:46.820   559   677 D androidNetworkLocationListeners: Still have listener com.google.android.location.internal.client.NetworkLocationClient$1@41361cd0
06-08 14:39:46.847  2364  2364 D OpenGLRenderer: Flushing caches (mode 0)
06-08 14:39:46.867   559   677 D androidNetworkLocationListeners: Still have listener com.google.android.location.internal.client.NetworkLocationClient$1@41361cd0
06-08 14:39:46.894  2166  2166 D CarHome : updateColors()
06-08 14:39:46.894  2166  2166 D CarHome : android.support.v4.view.l@413f0a20
06-08 14:39:46.918   596   598 D dalvikvm: GC_CONCURRENT freed 621K, 8% free 9881K/10695K, paused 2ms+74ms
06-08 14:39:46.933  2166  2166 D CarHome : android.support.v4.view.l@41400cc0
06-08 14:39:46.941  2166  2166 D CarHome : android.support.v4.view.l@41482b58
06-08 14:39:47.050  2166  2168 D dalvikvm: GC_CONCURRENT freed 404K, 9% free 10101K/11079K, paused 18ms+10ms
06-08 14:39:47.109   389   389 D dalvikvm: GC_FOR_ALLOC freed 458K, 10% free 9960K/10951K, paused 66ms
06-08 14:39:47.168  2364  2364 D OpenGLRenderer: Flushing caches (mode 1)
06-08 14:39:47.238   389   391 D dalvikvm: GC_CONCURRENT freed 408K, 9% free 10031K/10951K, paused 3ms+3ms
06-08 14:39:48.218   559  1658 I WifiLocationEstimator: Not returning location for the following outliers: [229533826278832]
06-08 14:39:48.273  2137  2241 I PhoneLab-: Service Running
06-08 14:39:49.949  2166  2168 D dalvikvm: GC_CONCURRENT freed 371K, 9% free 10118K/11079K, paused 3ms+5ms
06-08 14:39:50.164   596   598 D dalvikvm: GC_CONCURRENT freed 263K, 7% free 10008K/10695K, paused 48ms+221ms
06-08 14:39:50.222    82   122 D AudioHardware: AudioHardware pcm playback is going to standby.
06-08 14:39:50.222    82   122 D AudioHardware: closePcmOut_l() mPcmOpenCnt: 1
06-08 14:39:51.593  2137  2241 I PhoneLab-LoggerService: app_38    1301  1     1788   1344  c00f181c 400107b4 S logcat
06-08 14:39:51.636  2137  2241 I PhoneLab-LoggerService: Logcat pid from database 1301
06-08 14:39:51.687  2137  2241 I PhoneLab-LoggerService: Logcat process found 1301
06-08 14:39:51.714  2137  2241 I PhoneLab-LoggerService: Checking Threshold
06-08 14:39:52.074   559   561 D dalvikvm: GC_CONCURRENT freed 622K, 8% free 10930K/11847K, paused 56ms+267ms
06-08 14:39:52.484  2166  2168 D dalvikvm: GC_CONCURRENT freed 389K, 9% free 10119K/11079K, paused 2ms+5ms
06-08 14:39:53.113    82   122 D AudioHardware: AudioHardware pcm playback is exiting standby.
06-08 14:39:53.113    82   122 D AudioHardware: openPcmOut_l() mPcmOpenCnt: 0
06-08 14:39:53.121   151   491 I ActivityManager: START {act=android.intent.action.PICK_ACTIVITY cmp=com.android.settings/.ActivityPicker (has extras)} from pid 2166
06-08 14:39:53.234   151   491 D dalvikvm: GC_FOR_ALLOC freed 267K, 17% free 13224K/15751K, paused 88ms
06-08 14:39:53.250   559   677 D androidNetworkLocationListeners: Still have listener com.google.android.location.internal.client.NetworkLocationClient$1@41361cd0
06-08 14:39:53.273   151   493 I ActivityManager: Start proc com.android.settings for activity com.android.settings/.ActivityPicker: pid=2408 uid=1000 gids={1015, 3002, 3001, 3003, 3007}
06-08 14:39:53.468   389   389 D dalvikvm: GC_FOR_ALLOC freed 463K, 10% free 9947K/10951K, paused 20ms
06-08 14:39:53.535   389   391 D dalvikvm: GC_CONCURRENT freed 325K, 8% free 10089K/10951K, paused 2ms+4ms
06-08 14:39:53.800  2408  2410 D dalvikvm: GC_CONCURRENT freed 180K, 3% free 9340K/9607K, paused 11ms+2ms
06-08 14:39:53.808   151   167 I Process : Sending signal. PID: 2408 SIG: 3
06-08 14:39:53.808  2408  2413 I dalvikvm: threadid=3: reacting to signal 3
06-08 14:39:53.828  2408  2413 I dalvikvm: Wrote stack traces to '/data/anr/traces.txt'
06-08 14:39:53.898   151  1008 D dalvikvm: GC_EXPLICIT freed 173K, 17% free 13204K/15751K, paused 4ms+12ms
06-08 14:39:54.054  2408  2410 D dalvikvm: GC_CONCURRENT freed 94K, 3% free 9645K/9927K, paused 6ms+3ms
06-08 14:39:54.070  2408  2408 D libEGL  : loaded /system/lib/egl/libGLES_android.so
06-08 14:39:54.078  2408  2408 D libEGL  : loaded /vendor/lib/egl/libEGL_POWERVR_SGX540_120.so
06-08 14:39:54.086  2408  2408 D libEGL  : loaded /vendor/lib/egl/libGLESv1_CM_POWERVR_SGX540_120.so
06-08 14:39:54.086  2408  2408 D libEGL  : loaded /vendor/lib/egl/libGLESv2_POWERVR_SGX540_120.so
06-08 14:39:54.156  2408  2408 D OpenGLRenderer: Enabling debug mode 0
06-08 14:39:54.168   151   552 I ActivityManager: Process android.process.media (pid 1840) has died.
06-08 14:39:54.293   151   200 I ActivityManager: Displayed com.android.settings/.ActivityPicker: +1s31ms
06-08 14:39:54.336   151   374 I ActivityManager: Process com.android.browser (pid 1511) has died.
06-08 14:39:54.336   151   374 I WindowManager: WIN DEATH: Window{4143bc00 com.android.browser/com.android.browser.BrowserActivity paused=false}
06-08 14:39:54.457   559  1658 I WifiLocationEstimator: Not returning location for the following outliers: [229533826278832]
06-08 14:39:54.472   596   598 D dalvikvm: GC_CONCURRENT freed 375K, 7% free 10024K/10695K, paused 3ms+6ms
06-08 14:39:54.843   596   598 D dalvikvm: GC_CONCURRENT freed 353K, 6% free 10055K/10695K, paused 2ms+3ms
06-08 14:39:55.367   596   598 D dalvikvm: GC_CONCURRENT freed 334K, 6% free 10108K/10695K, paused 2ms+3ms
06-08 14:39:56.300    82   122 D AudioHardware: AudioHardware pcm playback is going to standby.
06-08 14:39:56.300    82   122 D AudioHardware: closePcmOut_l() mPcmOpenCnt: 1
06-08 14:39:56.574   559   561 D dalvikvm: GC_CONCURRENT freed 618K, 9% free 10869K/11847K, paused 3ms+3ms
06-08 14:39:56.757   596   598 D dalvikvm: GC_CONCURRENT freed 685K, 9% free 9836K/10695K, paused 2ms+2ms
06-08 14:39:56.937    82   122 D AudioHardware: AudioHardware pcm playback is exiting standby.
06-08 14:39:56.937    82   122 D AudioHardware: openPcmOut_l() mPcmOpenCnt: 0
06-08 14:39:56.961   389   389 V PhoneStatusBar: setLightsOn(true)
06-08 14:39:56.984  2408  2408 D OpenGLRenderer: Flushing caches (mode 0)
06-08 14:39:57.050   151   493 I ActivityManager: START {act=android.intent.action.PICK_ACTIVITY cmp=com.android.settings/.ActivityPicker (has extras)} from pid 2166
06-08 14:39:57.125   151   493 D dalvikvm: GC_FOR_ALLOC freed 215K, 17% free 13211K/15751K, paused 47ms
06-08 14:39:57.132   559   677 D androidNetworkLocationListeners: Still have listener com.google.android.location.internal.client.NetworkLocationClient$1@41361cd0
06-08 14:39:57.140   559   677 D androidNetworkLocationListeners: Still have listener com.google.android.location.internal.client.NetworkLocationClient$1@41361cd0
06-08 14:39:57.230  2166  2166 D CarHome : updateColors()
06-08 14:39:57.230  2166  2166 D CarHome : android.support.v4.view.l@413f0a20
06-08 14:39:57.234  2166  2166 D CarHome : android.support.v4.view.l@41400cc0
06-08 14:39:57.238  2166  2166 D CarHome : android.support.v4.view.l@41482b58
06-08 14:39:57.257   151   666 W InputManagerService: Window already focused, ignoring focus gain of: com.android.internal.view.IInputMethodClient$Stub$Proxy@414e7340
06-08 14:39:57.281   389   391 D dalvikvm: GC_CONCURRENT freed 522K, 10% free 9966K/10951K, paused 10ms+3ms
06-08 14:39:57.386   559   677 D androidNetworkLocationListeners: Still have listener com.google.android.location.internal.client.NetworkLocationClient$1@41361cd0
06-08 14:39:57.449   389   391 D dalvikvm: GC_CONCURRENT freed 368K, 8% free 10100K/10951K, paused 3ms+5ms
06-08 14:39:57.636   389   391 D dalvikvm: GC_CONCURRENT freed 413K, 8% free 10129K/10951K, paused 2ms+6ms
06-08 14:39:57.742  2166  2168 D dalvikvm: GC_CONCURRENT freed 260K, 8% free 10247K/11079K, paused 3ms+7ms
06-08 14:39:57.890   389   389 D dalvikvm: GC_FOR_ALLOC freed 363K, 10% free 9946K/10951K, paused 45ms
06-08 14:39:58.015  2408  2410 D dalvikvm: GC_CONCURRENT freed 83K, 2% free 10058K/10247K, paused 2ms+6ms
06-08 14:39:58.031   389   391 D dalvikvm: GC_CONCURRENT freed 388K, 9% free 10042K/10951K, paused 3ms+5ms
06-08 14:39:58.097   596   598 D dalvikvm: GC_CONCURRENT freed 244K, 7% free 9979K/10695K, paused 5ms+130ms
06-08 14:39:58.261   151   200 I ActivityManager: Displayed com.android.settings/.ActivityPicker: +938ms
06-08 14:39:58.343   559  1658 I WifiLocationEstimator: Not returning location for the following outliers: [229533826278832]
06-08 14:39:58.578   596   598 D dalvikvm: GC_CONCURRENT freed 353K, 7% free 10013K/10695K, paused 2ms+3ms
06-08 14:39:58.871   596   598 D dalvikvm: GC_CONCURRENT freed 358K, 7% free 10049K/10695K, paused 3ms+3ms
06-08 14:39:59.394   596   598 D dalvikvm: GC_CONCURRENT freed 338K, 6% free 10098K/10695K, paused 7ms+4ms
06-08 14:40:00.027    82   122 D AudioHardware: AudioHardware pcm playback is going to standby.
06-08 14:40:00.027    82   122 D AudioHardware: closePcmOut_l() mPcmOpenCnt: 1
06-08 14:40:00.464   559   561 D dalvikvm: GC_CONCURRENT freed 353K, 7% free 11027K/11847K, paused 2ms+4ms
06-08 14:40:00.695   596   598 D dalvikvm: GC_CONCURRENT freed 681K, 9% free 9810K/10695K, paused 3ms+3ms
06-08 14:40:00.894   596   598 D dalvikvm: GC_CONCURRENT freed 218K, 7% free 9982K/10695K, paused 2ms+3ms
06-08 14:40:01.089   596   598 D dalvikvm: GC_CONCURRENT freed 345K, 7% free 10029K/10695K, paused 2ms+3ms
06-08 14:40:01.281   596   598 D dalvikvm: GC_CONCURRENT freed 367K, 7% free 10047K/10695K, paused 2ms+2ms
06-08 14:40:01.804   596   598 D dalvikvm: GC_CONCURRENT freed 331K, 6% free 10111K/10695K, paused 3ms+7ms
06-08 14:40:04.566   559   561 D dalvikvm: GC_CONCURRENT freed 749K, 9% free 10832K/11847K, paused 2ms+9ms
06-08 14:40:05.082   596   598 D dalvikvm: GC_CONCURRENT freed 754K, 9% free 9828K/10695K, paused 4ms+48ms
06-08 14:40:05.316   596   598 D dalvikvm: GC_CONCURRENT freed 243K, 7% free 9971K/10695K, paused 2ms+2ms
06-08 14:40:05.543   596   598 D dalvikvm: GC_CONCURRENT freed 349K, 7% free 10010K/10695K, paused 2ms+8ms
06-08 14:40:05.855   596   598 D dalvikvm: GC_CONCURRENT freed 359K, 7% free 10036K/10695K, paused 2ms+2ms
06-08 14:40:06.429   596   598 D dalvikvm: GC_CONCURRENT freed 331K, 6% free 10090K/10695K, paused 2ms+6ms
06-08 14:40:09.257   559   561 D dalvikvm: GC_CONCURRENT freed 468K, 9% free 10884K/11847K, paused 3ms+3ms
06-08 14:40:09.441   596   683 D dalvikvm: GC_EXPLICIT freed 707K, 10% free 9635K/10695K, paused 12ms+15ms
06-08 14:40:09.711   596   598 D dalvikvm: GC_CONCURRENT freed 100K, 8% free 9927K/10695K, paused 28ms+2ms
06-08 14:40:10.031   596   598 D dalvikvm: GC_CONCURRENT freed 299K, 7% free 10016K/10695K, paused 2ms+3ms
06-08 14:40:10.214   151   374 D dalvikvm: GC_EXPLICIT freed 328K, 17% free 13215K/15751K, paused 3ms+5ms
06-08 14:40:10.461   596   598 D dalvikvm: GC_CONCURRENT freed 370K, 7% free 10033K/10695K, paused 2ms+4ms
06-08 14:40:11.000   596   598 D dalvikvm: GC_CONCURRENT freed 348K, 6% free 10073K/10695K, paused 2ms+8ms
06-08 14:40:11.750   596   598 D dalvikvm: GC_CONCURRENT freed 362K, 6% free 10095K/10695K, paused 2ms+4ms
06-08 14:40:12.519   389   389 V PhoneStatusBar: setLightsOn(true)
06-08 14:40:12.523   151  1035 W InputManagerService: Window already focused, ignoring focus gain of: com.android.internal.view.IInputMethodClient$Stub$Proxy@41540f30
06-08 14:40:12.535  2408  2408 D OpenGLRenderer: Flushing caches (mode 0)
06-08 14:40:12.539   559   677 D androidNetworkLocationListeners: Still have listener com.google.android.location.internal.client.NetworkLocationClient$1@41361cd0
06-08 14:40:12.554   559   677 D androidNetworkLocationListeners: Still have listener com.google.android.location.internal.client.NetworkLocationClient$1@41361cd0
06-08 14:40:12.617  2166  2166 D CarHome : updateColors()
06-08 14:40:12.617  2166  2166 D CarHome : android.support.v4.view.l@413f0a20
06-08 14:40:12.617  2166  2166 D CarHome : android.support.v4.view.l@41400cc0
06-08 14:40:12.621  2166  2166 D CarHome : android.support.v4.view.l@41482b58
06-08 14:40:12.742   389   391 D dalvikvm: GC_CONCURRENT freed 345K, 8% free 10132K/10951K, paused 6ms+2ms
06-08 14:40:12.890   389   391 D dalvikvm: GC_CONCURRENT freed 573K, 9% free 9984K/10951K, paused 2ms+7ms
06-08 14:40:12.933  2408  2408 D OpenGLRenderer: Flushing caches (mode 1)
06-08 14:40:12.980  2408  2408 D dalvikvm: GC_EXPLICIT freed 77K, 2% free 10209K/10375K, paused 2ms+4ms
06-08 14:40:13.117   559   561 D dalvikvm: GC_CONCURRENT freed 494K, 8% free 10906K/11847K, paused 5ms+3ms
06-08 14:40:13.972   559  1658 I WifiLocationEstimator: Not returning location for the following outliers: [229533826278832]
06-08 14:40:14.746  2166  2168 D dalvikvm: GC_CONCURRENT freed 316K, 7% free 10318K/11079K, paused 2ms+5ms
06-08 14:40:15.957   596   598 D dalvikvm: GC_CONCURRENT freed 620K, 8% free 9887K/10695K, paused 2ms+59ms
06-08 14:40:17.121  2166  2168 D dalvikvm: GC_CONCURRENT freed 421K, 7% free 10330K/11079K, paused 5ms+6ms
06-08 14:40:17.648  2166  2173 I dalvikvm: Jit: resizing JitTable from 4096 to 8192
06-08 14:40:19.656  2166  2168 D dalvikvm: GC_CONCURRENT freed 398K, 7% free 10320K/11079K, paused 1ms+6ms
06-08 14:40:20.812   596   598 D dalvikvm: GC_CONCURRENT freed 268K, 7% free 10005K/10695K, paused 2ms+45ms
06-08 14:40:22.035  2166  2168 D dalvikvm: GC_CONCURRENT freed 389K, 7% free 10320K/11079K, paused 3ms+5ms
06-08 14:40:24.316  2166  2168 D dalvikvm: GC_CONCURRENT freed 389K, 7% free 10320K/11079K, paused 2ms+6ms
06-08 14:40:25.695   596   598 D dalvikvm: GC_CONCURRENT freed 374K, 7% free 10020K/10695K, paused 43ms+63ms
06-08 14:40:26.820  2166  2168 D dalvikvm: GC_CONCURRENT freed 390K, 7% free 10320K/11079K, paused 3ms+6ms
06-08 14:40:29.300  2166  2168 D dalvikvm: GC_CONCURRENT freed 388K, 7% free 10320K/11079K, paused 2ms+5ms
06-08 14:40:31.507  2166  2168 D dalvikvm: GC_CONCURRENT freed 387K, 7% free 10322K/11079K, paused 2ms+6ms
06-08 14:40:31.961   596   598 D dalvikvm: GC_CONCURRENT freed 349K, 6% free 10057K/10695K, paused 28ms+68ms
06-08 14:40:33.781  2166  2168 D dalvikvm: GC_CONCURRENT freed 390K, 7% free 10321K/11079K, paused 2ms+5ms
06-08 14:40:34.859    82   122 D AudioHardware: AudioHardware pcm playback is exiting standby.
06-08 14:40:34.859    82   122 D AudioHardware: openPcmOut_l() mPcmOpenCnt: 0
06-08 14:40:34.968   151  1008 D dalvikvm: GC_FOR_ALLOC freed 394K, 16% free 13239K/15751K, paused 87ms
06-08 14:40:34.980   559   677 D androidNetworkLocationListeners: Still have listener com.google.android.location.internal.client.NetworkLocationClient$1@41361cd0
06-08 14:40:35.199  2166  2166 D OpenGLRenderer: Flushing caches (mode 0)
06-08 14:40:35.218   389   389 D dalvikvm: GC_FOR_ALLOC freed 414K, 10% free 9950K/10951K, paused 23ms
06-08 14:40:35.312   389   391 D dalvikvm: GC_CONCURRENT freed 291K, 9% free 10053K/10951K, paused 6ms+2ms
06-08 14:40:35.714  2166  2166 D OpenGLRenderer: Flushing caches (mode 1)
06-08 14:40:35.726  2210  2210 I flint   : jni: deleting text normalizer ...
06-08 14:40:35.738  2210  2210 I flint   : jni: deleting synthesizer ...
06-08 14:40:35.742  2210  2210 I flint   : jni: deleting project file ...
06-08 14:40:35.746  2210  2210 I flint   : jni: deleting project resource holder ...
06-08 14:40:35.879   596   670 D dalvikvm: GC_FOR_ALLOC freed 315K, 6% free 10104K/10695K, paused 23ms
06-08 14:40:36.281   559   561 D dalvikvm: GC_CONCURRENT freed 516K, 8% free 10951K/11847K, paused 4ms+7ms
06-08 14:40:37.437   596   598 D dalvikvm: GC_CONCURRENT freed 741K, 9% free 9764K/10695K, paused 2ms+2ms
06-08 14:40:37.632   596   598 D dalvikvm: GC_CONCURRENT freed 193K, 7% free 9960K/10695K, paused 2ms+2ms
06-08 14:40:37.855   596   598 D dalvikvm: GC_CONCURRENT freed 325K, 7% free 10022K/10695K, paused 3ms+3ms
06-08 14:40:37.953    82   122 D AudioHardware: AudioHardware pcm playback is going to standby.
06-08 14:40:37.953    82   122 D AudioHardware: closePcmOut_l() mPcmOpenCnt: 1
06-08 14:40:38.082   596   598 D dalvikvm: GC_CONCURRENT freed 366K, 7% free 10048K/10695K, paused 2ms+3ms
06-08 14:40:38.589   596   598 D dalvikvm: GC_CONCURRENT freed 338K, 6% free 10103K/10695K, paused 2ms+5ms
06-08 14:40:41.742   559   561 D dalvikvm: GC_CONCURRENT freed 457K, 7% free 11040K/11847K, paused 3ms+3ms
06-08 14:40:42.023   596   598 D dalvikvm: GC_CONCURRENT freed 770K, 9% free 9734K/10695K, paused 7ms+6ms
06-08 14:40:42.269   596   598 D dalvikvm: GC_CONCURRENT freed 177K, 8% free 9943K/10695K, paused 2ms+3ms
06-08 14:40:42.515   596   598 D dalvikvm: GC_CONCURRENT freed 317K, 7% free 10014K/10695K, paused 2ms+2ms
06-08 14:40:42.734   596   598 D dalvikvm: GC_CONCURRENT freed 368K, 7% free 10038K/10695K, paused 2ms+3ms
06-08 14:40:43.464   596   598 D dalvikvm: GC_CONCURRENT freed 347K, 6% free 10078K/10695K, paused 2ms+7ms
06-08 14:40:47.058   559   561 D dalvikvm: GC_CONCURRENT freed 763K, 9% free 10851K/11847K, paused 4ms+4ms
06-08 14:40:47.183   596   598 D dalvikvm: GC_CONCURRENT freed 783K, 10% free 9685K/10695K, paused 3ms+3ms
06-08 14:40:47.433   596   598 D dalvikvm: GC_CONCURRENT freed 148K, 8% free 9929K/10695K, paused 2ms+3ms
06-08 14:40:47.750   596   598 D dalvikvm: GC_CONCURRENT freed 305K, 7% free 10011K/10695K, paused 3ms+7ms
06-08 14:40:47.996   151   552 D dalvikvm: GC_EXPLICIT freed 336K, 17% free 13201K/15751K, paused 3ms+6ms
06-08 14:40:48.273   596   598 D dalvikvm: GC_CONCURRENT freed 378K, 7% free 10021K/10695K, paused 3ms+8ms
06-08 14:40:48.691   596   598 D dalvikvm: GC_CONCURRENT freed 351K, 6% free 10062K/10695K, paused 2ms+3ms
06-08 14:40:49.519   596   598 D dalvikvm: GC_CONCURRENT freed 339K, 6% free 10111K/10695K, paused 3ms+4ms
06-08 14:40:52.699    82   122 D AudioHardware: AudioHardware pcm playback is exiting standby.
06-08 14:40:52.699    82   122 D AudioHardware: openPcmOut_l() mPcmOpenCnt: 0
06-08 14:40:52.879  1696  1698 D dalvikvm: GC_CONCURRENT freed 964K, 36% free 12166K/18823K, paused 7ms+9ms
06-08 14:40:53.054  1696  1698 D dalvikvm: GC_CONCURRENT freed 89K, 31% free 13112K/18823K, paused 2ms+5ms
06-08 14:40:53.156  1696  1740 D dalvikvm: GC_FOR_ALLOC freed 962K, 34% free 12442K/18823K, paused 34ms
06-08 14:40:53.156  1696  1740 I dalvikvm-heap: Grow heap (frag case) to 13.446MB for 1286224-byte allocation
06-08 14:40:53.199  1696  1738 D dalvikvm: GC_FOR_ALLOC freed 2K, 28% free 13696K/18823K, paused 28ms
06-08 14:40:53.320  1696  1740 D dalvikvm: GC_FOR_ALLOC freed 1641K, 34% free 12587K/18823K, paused 24ms
06-08 14:40:53.324  1696  1740 I dalvikvm-heap: Grow heap (frag case) to 13.587MB for 1286224-byte allocation
06-08 14:40:53.324   559   561 D dalvikvm: GC_CONCURRENT freed 476K, 9% free 10885K/11847K, paused 2ms+94ms
06-08 14:40:53.359  1696  1696 D dalvikvm: GC_FOR_ALLOC freed 2K, 27% free 13840K/18823K, paused 23ms
06-08 14:40:53.445  1696  1698 D dalvikvm: GC_CONCURRENT freed 498K, 30% free 13344K/18823K, paused 2ms+11ms
06-08 14:40:53.718   596   598 D dalvikvm: GC_CONCURRENT freed 690K, 9% free 9821K/10695K, paused 2ms+3ms
06-08 14:40:53.847  1696  1698 D dalvikvm: GC_CONCURRENT freed 2367K, 35% free 12417K/18823K, paused 2ms+5ms
06-08 14:40:54.066  1696  1710 D dalvikvm: GC_FOR_ALLOC freed 892K, 34% free 12485K/18823K, paused 28ms
06-08 14:40:54.218  1696  1698 D dalvikvm: GC_CONCURRENT freed 924K, 33% free 12715K/18823K, paused 2ms+5ms
06-08 14:40:54.308  1696  1736 D dalvikvm: GC_FOR_ALLOC freed 201K, 29% free 13519K/18823K, paused 29ms
06-08 14:40:54.418  1696  1698 D dalvikvm: GC_CONCURRENT freed 839K, 25% free 14163K/18823K, paused 2ms+7ms
06-08 14:40:54.589  1696  1736 D dalvikvm: GC_FOR_ALLOC freed 2219K, 33% free 12780K/18823K, paused 29ms
06-08 14:40:54.589  1696  1736 I dalvikvm-heap: Grow heap (frag case) to 13.776MB for 1286224-byte allocation
06-08 14:40:54.625  1696  1696 D dalvikvm: GC_FOR_ALLOC freed 5K, 26% free 14030K/18823K, paused 23ms
06-08 14:40:54.699  1696  1698 D dalvikvm: GC_CONCURRENT freed <1K, 26% free 14031K/18823K, paused 2ms+9ms
06-08 14:40:54.859   596   598 D dalvikvm: GC_CONCURRENT freed 227K, 7% free 9983K/10695K, paused 2ms+3ms
06-08 14:40:55.043   596   598 D dalvikvm: GC_CONCURRENT freed 345K, 7% free 10029K/10695K, paused 1ms+3ms
06-08 14:40:55.242   596   598 D dalvikvm: GC_CONCURRENT freed 370K, 7% free 10045K/10695K, paused 2ms+3ms
06-08 14:40:55.691   596   598 D dalvikvm: GC_CONCURRENT freed 324K, 6% free 10104K/10695K, paused 1ms+2ms
06-08 14:40:55.789    82   122 D AudioHardware: AudioHardware pcm playback is going to standby.
06-08 14:40:55.789    82   122 D AudioHardware: closePcmOut_l() mPcmOpenCnt: 1
06-08 14:40:57.144   559   561 D dalvikvm: GC_CONCURRENT freed 488K, 9% free 10900K/11847K, paused 2ms+7ms
06-08 14:40:57.277   596   598 D dalvikvm: GC_CONCURRENT freed 784K, 10% free 9720K/10695K, paused 2ms+2ms
06-08 14:40:57.437   596   598 D dalvikvm: GC_CONCURRENT freed 165K, 8% free 9942K/10695K, paused 1ms+2ms
06-08 14:40:57.629   596   598 D dalvikvm: GC_CONCURRENT freed 316K, 7% free 10011K/10695K, paused 2ms+2ms
06-08 14:40:57.820   596   598 D dalvikvm: GC_CONCURRENT freed 360K, 7% free 10042K/10695K, paused 2ms+4ms
06-08 14:40:58.250   596   598 D dalvikvm: GC_CONCURRENT freed 343K, 6% free 10087K/10695K, paused 1ms+3ms
06-08 14:41:00.367   596   598 D dalvikvm: GC_CONCURRENT freed 787K, 10% free 9685K/10695K, paused 10ms+18ms
06-08 14:41:00.437   559   561 D dalvikvm: GC_CONCURRENT freed 474K, 8% free 10938K/11847K, paused 16ms+4ms
06-08 14:41:00.777   596   598 D dalvikvm: GC_CONCURRENT freed 144K, 8% free 9927K/10695K, paused 1ms+4ms
06-08 14:41:00.937   596   619 D dalvikvm: GC_EXPLICIT freed 42K, 8% free 9922K/10695K, paused 3ms+5ms
06-08 14:41:01.492   596   598 D dalvikvm: GC_CONCURRENT freed 315K, 7% free 9999K/10695K, paused 3ms+8ms
06-08 14:41:01.972   596   598 D dalvikvm: GC_CONCURRENT freed 363K, 7% free 10024K/10695K, paused 2ms+5ms
06-08 14:41:02.914   596   598 D dalvikvm: GC_CONCURRENT freed 344K, 6% free 10065K/10695K, paused 2ms+3ms
06-08 14:41:04.707   596   598 D dalvikvm: GC_CONCURRENT freed 367K, 6% free 10085K/10695K, paused 7ms+3ms
06-08 14:41:04.785  1696  1703 I dalvikvm: Jit: resizing JitTable from 4096 to 8192
06-08 14:41:07.461   596   598 D dalvikvm: GC_CONCURRENT freed 566K, 8% free 9926K/10695K, paused 2ms+7ms
06-08 14:41:07.746   596   598 D dalvikvm: GC_CONCURRENT freed 297K, 7% free 10016K/10695K, paused 2ms+3ms
06-08 14:41:07.961   596   598 D dalvikvm: GC_CONCURRENT freed 366K, 7% free 10036K/10695K, paused 2ms+3ms
06-08 14:41:08.332   151   666 I ActivityManager: START {act=android.intent.action.MAIN cat=[android.intent.category.LAUNCHER] flg=0x10200000 cmp=com.android.vending/.AssetBrowserActivity bnds=[240,556][360,706]} from pid 1696
06-08 14:41:08.351    82   122 D AudioHardware: AudioHardware pcm playback is exiting standby.
06-08 14:41:08.351    82   122 D AudioHardware: openPcmOut_l() mPcmOpenCnt: 0
06-08 14:41:08.351   596   598 D dalvikvm: GC_CONCURRENT freed 359K, 6% free 10062K/10695K, paused 3ms+34ms
06-08 14:41:08.765  1126  1126 D Finsky  : [1] DetailsDataBasedFragment.rebindViews: Page [class=DetailsFragment] loaded in [274352 ms] (partial? false)
06-08 14:41:08.871   151   167 I Process : Sending signal. PID: 1126 SIG: 3
06-08 14:41:08.875  1126  1131 I dalvikvm: threadid=3: reacting to signal 3
06-08 14:41:08.988  1126  1131 I dalvikvm: Wrote stack traces to '/data/anr/traces.txt'
06-08 14:41:09.175  1126  1126 D Finsky  : [1] DetailsDataBasedFragment.rebindViews: Page [class=DetailsFragment] loaded in [274783 ms] (partial? true)
06-08 14:41:09.371   151   167 I Process : Sending signal. PID: 1126 SIG: 3
06-08 14:41:09.371  1126  1131 I dalvikvm: threadid=3: reacting to signal 3
06-08 14:41:09.425  1126  1131 I dalvikvm: Wrote stack traces to '/data/anr/traces.txt'
06-08 14:41:09.629  1126  1128 D dalvikvm: GC_CONCURRENT freed 1908K, 13% free 17500K/19911K, paused 2ms+13ms
06-08 14:41:09.754  1696  1696 D OpenGLRenderer: Flushing caches (mode 0)
06-08 14:41:09.882  1696  1696 D OpenGLRenderer: Flushing caches (mode 1)
06-08 14:41:10.394   596   598 D dalvikvm: GC_CONCURRENT freed 343K, 6% free 10109K/10695K, paused 2ms+3ms
06-08 14:41:11.398   559   561 D dalvikvm: GC_CONCURRENT freed 445K, 7% free 11028K/11847K, paused 2ms+3ms
06-08 14:41:11.441    82   122 D AudioHardware: AudioHardware pcm playback is going to standby.
06-08 14:41:11.441    82   122 D AudioHardware: closePcmOut_l() mPcmOpenCnt: 1
06-08 14:41:11.574   596   598 D dalvikvm: GC_CONCURRENT freed 650K, 8% free 9874K/10695K, paused 2ms+2ms
06-08 14:41:11.699   151   162 D dalvikvm: GC_EXPLICIT freed 391K, 17% free 13202K/15751K, paused 3ms+5ms
06-08 14:41:11.855   596   598 D dalvikvm: GC_CONCURRENT freed 261K, 7% free 9999K/10695K, paused 2ms+2ms
06-08 14:41:12.054   596   598 D dalvikvm: GC_CONCURRENT freed 371K, 7% free 10019K/10695K, paused 2ms+3ms
06-08 14:41:12.293   596   598 D dalvikvm: GC_CONCURRENT freed 349K, 6% free 10060K/10695K, paused 1ms+2ms
06-08 14:41:12.796   596   598 D dalvikvm: GC_CONCURRENT freed 340K, 6% free 10108K/10695K, paused 2ms+2ms
06-08 14:41:15.449   559   561 D dalvikvm: GC_CONCURRENT freed 740K, 9% free 10841K/11847K, paused 2ms+3ms
06-08 14:41:15.601   596   598 D dalvikvm: GC_CONCURRENT freed 681K, 9% free 9833K/10695K, paused 2ms+2ms
06-08 14:41:15.789   596   598 D dalvikvm: GC_CONCURRENT freed 246K, 7% free 9975K/10695K, paused 2ms+2ms
06-08 14:41:15.980   596   598 D dalvikvm: GC_CONCURRENT freed 345K, 7% free 10019K/10695K, paused 2ms+2ms
06-08 14:41:16.203   596   598 D dalvikvm: GC_CONCURRENT freed 355K, 7% free 10052K/10695K, paused 2ms+4ms
06-08 14:41:17.074   596   598 D dalvikvm: GC_CONCURRENT freed 343K, 6% free 10097K/10695K, paused 2ms+3ms
06-08 14:41:18.347   559   561 D dalvikvm: GC_CONCURRENT freed 479K, 9% free 10869K/11847K, paused 3ms+4ms
06-08 14:41:18.492   596   598 D dalvikvm: GC_CONCURRENT freed 701K, 9% free 9802K/10695K, paused 2ms+2ms
06-08 14:41:18.671   596   598 D dalvikvm: GC_CONCURRENT freed 229K, 7% free 9965K/10695K, paused 2ms+2ms
06-08 14:41:18.879   596   598 D dalvikvm: GC_CONCURRENT freed 337K, 7% free 10018K/10695K, paused 2ms+3ms
06-08 14:41:19.058    82   122 D AudioHardware: AudioHardware pcm playback is exiting standby.
06-08 14:41:19.058    82   122 D AudioHardware: openPcmOut_l() mPcmOpenCnt: 0
06-08 14:41:19.105   454   454 D dalvikvm: GC_EXPLICIT freed 187K, 16% free 10475K/12423K, paused 6ms+4ms
06-08 14:41:19.207   454   472 E ActivityThread: Failed to find provider info for com.android.inputmethod.latin.dictionarypack
06-08 14:41:19.214   596   598 D dalvikvm: GC_CONCURRENT freed 365K, 7% free 10043K/10695K, paused 2ms+12ms
06-08 14:41:19.293   454   472 E BinaryDictionaryGetter: Could not find a dictionary pack
06-08 14:41:19.632   389   391 D dalvikvm: GC_CONCURRENT freed 299K, 8% free 10146K/10951K, paused 2ms+7ms
06-08 14:41:19.812   389   389 D dalvikvm: GC_FOR_ALLOC freed 526K, 10% free 9948K/10951K, paused 34ms
06-08 14:41:19.902   454   457 D dalvikvm: GC_CONCURRENT freed 279K, 15% free 10580K/12423K, paused 5ms+4ms
06-08 14:41:20.410   596   598 D dalvikvm: GC_CONCURRENT freed 333K, 6% free 10096K/10695K, paused 1ms+3ms
06-08 14:41:22.152    82   122 D AudioHardware: AudioHardware pcm playback is going to standby.
06-08 14:41:22.152    82   122 D AudioHardware: closePcmOut_l() mPcmOpenCnt: 1
06-08 14:41:23.129  1126  1143 I ElegantRequestDirector: I/O exception (org.apache.http.NoHttpResponseException) caught when processing request: The target server failed to respond
06-08 14:41:23.129  1126  1143 I ElegantRequestDirector: Retrying request
06-08 14:41:23.500   454   457 D dalvikvm: GC_CONCURRENT freed 193K, 13% free 10907K/12423K, paused 2ms+5ms
06-08 14:41:23.668   454   457 D dalvikvm: GC_CONCURRENT freed 220K, 9% free 11316K/12423K, paused 2ms+4ms
06-08 14:41:24.000   559   561 D dalvikvm: GC_CONCURRENT freed 468K, 8% free 10913K/11847K, paused 2ms+2ms
06-08 14:41:24.152   596   598 D dalvikvm: GC_CONCURRENT freed 726K, 9% free 9766K/10695K, paused 2ms+4ms
06-08 14:41:24.390   596   598 D dalvikvm: GC_CONCURRENT freed 199K, 7% free 9952K/10695K, paused 2ms+2ms
06-08 14:41:24.601   596   598 D dalvikvm: GC_CONCURRENT freed 328K, 7% free 10010K/10695K, paused 2ms+3ms
06-08 14:41:24.843   151  1008 D dalvikvm: GC_EXPLICIT freed 331K, 17% free 13205K/15751K, paused 2ms+4ms
06-08 14:41:24.968   596   598 D dalvikvm: GC_CONCURRENT freed 366K, 7% free 10032K/10695K, paused 2ms+3ms
06-08 14:41:25.453   596   598 D dalvikvm: GC_CONCURRENT freed 351K, 6% free 10069K/10695K, paused 2ms+2ms
06-08 14:41:26.851   596   598 D dalvikvm: GC_CONCURRENT freed 777K, 10% free 9680K/10695K, paused 1ms+3ms
06-08 14:41:26.894   151   162 I ActivityManager: START {act=android.intent.action.SEARCH flg=0x10000000 cmp=com.android.vending/.AssetBrowserActivity (has extras)} from pid 1126
06-08 14:41:26.937    82   122 D AudioHardware: AudioHardware pcm playback is exiting standby.
06-08 14:41:26.937    82   122 D AudioHardware: openPcmOut_l() mPcmOpenCnt: 0
06-08 14:41:27.191   389   391 D dalvikvm: GC_CONCURRENT freed 371K, 9% free 10000K/10951K, paused 2ms+7ms
06-08 14:41:27.328   559   561 D dalvikvm: GC_CONCURRENT freed 488K, 8% free 10936K/11847K, paused 6ms+3ms
06-08 14:41:27.507   596   598 D dalvikvm: GC_CONCURRENT freed 146K, 8% free 9927K/10695K, paused 2ms+8ms
06-08 14:41:27.754  1126  1144 D dalvikvm: GC_FOR_ALLOC freed 1357K, 13% free 17363K/19911K, paused 56ms
06-08 14:41:28.398  1126  2475 D dalvikvm: GC_EXPLICIT freed 1000K, 11% free 17762K/19911K, paused 12ms+34ms
06-08 14:41:28.546   596   598 D dalvikvm: GC_CONCURRENT freed 300K, 7% free 10013K/10695K, paused 2ms+10ms
06-08 14:41:28.890   596   598 D dalvikvm: GC_CONCURRENT freed 376K, 7% free 10026K/10695K, paused 2ms+3ms
06-08 14:41:29.414   596   598 D dalvikvm: GC_CONCURRENT freed 340K, 6% free 10081K/10695K, paused 2ms+3ms
06-08 14:41:30.031    82   122 D AudioHardware: AudioHardware pcm playback is going to standby.
06-08 14:41:30.031    82   122 D AudioHardware: closePcmOut_l() mPcmOpenCnt: 1
06-08 14:41:30.226   596   598 D dalvikvm: GC_CONCURRENT freed 374K, 6% free 10093K/10695K, paused 3ms+4ms
06-08 14:41:32.527   596   674 D dalvikvm: GC_EXPLICIT freed 572K, 11% free 9606K/10695K, paused 7ms+3ms
06-08 14:41:32.656   596   598 D dalvikvm: GC_CONCURRENT freed 59K, 8% free 9934K/10695K, paused 2ms+2ms
06-08 14:41:32.836   596   598 D dalvikvm: GC_CONCURRENT freed 308K, 7% free 10012K/10695K, paused 1ms+2ms
06-08 14:41:33.031   596   598 D dalvikvm: GC_CONCURRENT freed 386K, 7% free 10016K/10695K, paused 2ms+3ms
06-08 14:41:33.316   596   598 D dalvikvm: GC_CONCURRENT freed 333K, 6% free 10068K/10695K, paused 2ms+3ms
06-08 14:41:33.820   596   598 D dalvikvm: GC_CONCURRENT freed 352K, 6% free 10106K/10695K, paused 2ms+3ms
06-08 14:41:35.164   559   561 D dalvikvm: GC_CONCURRENT freed 448K, 7% free 11022K/11847K, paused 2ms+3ms
06-08 14:41:35.339   596   598 D dalvikvm: GC_CONCURRENT freed 648K, 8% free 9861K/10695K, paused 2ms+2ms
06-08 14:41:35.543   596   598 D dalvikvm: GC_CONCURRENT freed 257K, 7% free 9992K/10695K, paused 2ms+3ms
06-08 14:41:35.722   596   598 D dalvikvm: GC_CONCURRENT freed 352K, 7% free 10027K/10695K, paused 2ms+3ms
06-08 14:41:36.027   596   598 D dalvikvm: GC_CONCURRENT freed 356K, 6% free 10068K/10695K, paused 2ms+2ms
06-08 14:41:36.468   596   670 D dalvikvm: GC_FOR_ALLOC freed 315K, 6% free 10094K/10695K, paused 20ms
06-08 14:41:38.320   559   561 D dalvikvm: GC_CONCURRENT freed 773K, 9% free 10799K/11847K, paused 2ms+3ms
06-08 14:41:38.488   596   598 D dalvikvm: GC_CONCURRENT freed 676K, 9% free 9838K/10695K, paused 2ms+3ms
06-08 14:41:38.695   596   598 D dalvikvm: GC_CONCURRENT freed 250K, 7% free 9978K/10695K, paused 2ms+3ms
06-08 14:41:38.882   596   598 D dalvikvm: GC_CONCURRENT freed 355K, 7% free 10010K/10695K, paused 2ms+2ms
06-08 14:41:39.129   596   598 D dalvikvm: GC_CONCURRENT freed 358K, 7% free 10039K/10695K, paused 2ms+2ms
06-08 14:41:39.625   596   598 D dalvikvm: GC_CONCURRENT freed 331K, 6% free 10096K/10695K, paused 2ms+3ms
06-08 14:41:42.304   559   561 D dalvikvm: GC_CONCURRENT freed 464K, 9% free 10820K/11847K, paused 2ms+3ms
06-08 14:41:42.449   151   493 D dalvikvm: GC_EXPLICIT freed 208K, 17% free 13200K/15751K, paused 3ms+5ms
06-08 14:41:42.543   596   598 D dalvikvm: GC_CONCURRENT freed 678K, 9% free 9815K/10695K, paused 2ms+2ms
06-08 14:41:42.964   596   598 D dalvikvm: GC_CONCURRENT freed 224K, 7% free 9978K/10695K, paused 3ms+49ms
06-08 14:41:43.449   596   598 D dalvikvm: GC_CONCURRENT freed 348K, 7% free 10025K/10695K, paused 2ms+3ms
06-08 14:41:43.988   596   598 D dalvikvm: GC_CONCURRENT freed 371K, 7% free 10042K/10695K, paused 4ms+12ms
06-08 14:41:45.078   596   598 D dalvikvm: GC_CONCURRENT freed 330K, 6% free 10102K/10695K, paused 4ms+3ms
06-08 14:41:47.820   559   561 D dalvikvm: GC_CONCURRENT freed 477K, 9% free 10837K/11847K, paused 4ms+5ms
06-08 14:41:48.113   596   598 D dalvikvm: GC_CONCURRENT freed 757K, 9% free 9745K/10695K, paused 4ms+3ms
06-08 14:41:48.230  2137  2241 I PhoneLab-: Service Running
06-08 14:41:48.339  2137  2241 I PhoneLab-LoggerService: app_38    1301  1     1788   1344  c00f181c 400107b4 S logcat
06-08 14:41:48.343  2137  2241 I PhoneLab-LoggerService: Logcat pid from database 1301
06-08 14:41:48.343  2137  2241 I PhoneLab-LoggerService: Logcat process found 1301
06-08 14:41:48.343  2137  2241 I PhoneLab-LoggerService: Checking Threshold
06-08 14:41:48.578   596   598 D dalvikvm: GC_CONCURRENT freed 177K, 7% free 9955K/10695K, paused 4ms+5ms
06-08 14:41:49.113   596   598 D dalvikvm: GC_CONCURRENT freed 339K, 7% free 10002K/10695K, paused 2ms+3ms
06-08 14:41:49.531   596   598 D dalvikvm: GC_CONCURRENT freed 353K, 7% free 10035K/10695K, paused 2ms+2ms
06-08 14:41:50.582   596   598 D dalvikvm: GC_CONCURRENT freed 341K, 6% free 10086K/10695K, paused 5ms+4ms
06-08 14:41:53.093   559   561 D dalvikvm: GC_CONCURRENT freed 476K, 9% free 10868K/11847K, paused 5ms+15ms
06-08 14:41:53.242   596   598 D dalvikvm: GC_CONCURRENT freed 788K, 10% free 9685K/10695K, paused 2ms+14ms
06-08 14:41:53.578   596   598 D dalvikvm: GC_CONCURRENT freed 142K, 8% free 9931K/10695K, paused 4ms+5ms
06-08 14:41:53.992   596   598 D dalvikvm: GC_CONCURRENT freed 307K, 7% free 10011K/10695K, paused 3ms+5ms
06-08 14:41:54.199   596   598 D dalvikvm: GC_CONCURRENT freed 371K, 7% free 10029K/10695K, paused 2ms+3ms
06-08 14:41:54.570   596   598 D dalvikvm: GC_CONCURRENT freed 343K, 6% free 10073K/10695K, paused 2ms+2ms
06-08 14:41:55.250   596   598 D dalvikvm: GC_CONCURRENT freed 363K, 6% free 10095K/10695K, paused 2ms+2ms
06-08 14:41:57.140    82   122 D AudioHardware: AudioHardware pcm playback is exiting standby.
06-08 14:41:57.140    82   122 D AudioHardware: openPcmOut_l() mPcmOpenCnt: 0
06-08 14:41:57.703  1126  1143 D dalvikvm: GC_FOR_ALLOC freed 1950K, 15% free 17082K/19911K, paused 76ms
06-08 14:41:57.765  1126  1126 D Finsky  : [1] DetailsDataBasedFragment.rebindViews: Page [class=DetailsFragment] loaded in [633 ms] (partial? false)
06-08 14:41:58.011  1126  1143 I ElegantRequestDirector: I/O exception (org.apache.http.NoHttpResponseException) caught when processing request: The target server failed to respond
06-08 14:41:58.011  1126  1143 I ElegantRequestDirector: Retrying request
06-08 14:41:58.078  1126  1126 D Finsky  : [1] DetailsDataBasedFragment.rebindViews: Page [class=DetailsFragment] loaded in [942 ms] (partial? true)
06-08 14:41:58.265  1126  1144 D dalvikvm: GC_FOR_ALLOC freed 1232K, 14% free 17297K/19911K, paused 63ms
06-08 14:41:58.328  1126  1147 D dalvikvm: GC_FOR_ALLOC freed 112K, 14% free 17230K/19911K, paused 48ms
06-08 14:41:58.328  1126  1147 I dalvikvm-heap: Grow heap (frag case) to 17.057MB for 164176-byte allocation
06-08 14:41:58.386  1126  1143 D dalvikvm: GC_FOR_ALLOC freed 39K, 14% free 17351K/20103K, paused 42ms
06-08 14:41:58.480  1126  1150 D dalvikvm: GC_FOR_ALLOC freed 172K, 14% free 17483K/20103K, paused 43ms
06-08 14:41:58.480  1126  1150 I dalvikvm-heap: Grow heap (frag case) to 17.304MB for 164176-byte allocation
06-08 14:41:58.539  1126  1147 D dalvikvm: GC_FOR_ALLOC freed 21K, 14% free 17621K/20295K, paused 43ms
06-08 14:41:58.621  1126  1148 D dalvikvm: GC_FOR_ALLOC freed 132K, 14% free 17626K/20295K, paused 43ms
06-08 14:41:58.621  1126  1148 I dalvikvm-heap: Grow heap (frag case) to 17.444MB for 164176-byte allocation
06-08 14:41:58.683  1126  1126 D dalvikvm: GC_FOR_ALLOC freed 2K, 14% free 17784K/20487K, paused 47ms
06-08 14:41:58.773  1126  1149 D dalvikvm: GC_FOR_ALLOC freed 82K, 14% free 17805K/20487K, paused 53ms
06-08 14:41:58.773  1126  1149 I dalvikvm-heap: Grow heap (frag case) to 17.620MB for 164176-byte allocation
06-08 14:41:58.836  1126  1126 D dalvikvm: GC_FOR_ALLOC freed 2K, 14% free 17963K/20679K, paused 46ms
06-08 14:41:58.906  1126  1147 D dalvikvm: GC_FOR_ALLOC freed 134K, 13% free 17996K/20679K, paused 48ms
06-08 14:41:58.910  1126  1147 I dalvikvm-heap: Grow heap (frag case) to 17.805MB for 164176-byte allocation
06-08 14:41:58.914   559   561 D dalvikvm: GC_CONCURRENT freed 482K, 9% free 10898K/11847K, paused 36ms+29ms
06-08 14:41:58.968  1126  1126 D dalvikvm: GC_FOR_ALLOC freed <1K, 14% free 18156K/20871K, paused 44ms
06-08 14:41:59.046  1126  1148 D dalvikvm: GC_FOR_ALLOC freed 66K, 13% free 18341K/20871K, paused 44ms
06-08 14:41:59.046  1126  1148 I dalvikvm-heap: Grow heap (frag case) to 18.142MB for 164176-byte allocation
06-08 14:41:59.105  1126  1126 D dalvikvm: GC_FOR_ALLOC freed 4K, 13% free 18497K/21063K, paused 43ms
06-08 14:41:59.816   596   598 D dalvikvm: GC_CONCURRENT freed 600K, 8% free 9891K/10695K, paused 3ms+6ms
06-08 14:42:00.129   596   598 D dalvikvm: GC_CONCURRENT freed 282K, 7% free 9998K/10695K, paused 2ms+3ms
06-08 14:42:00.230    82   122 D AudioHardware: AudioHardware pcm playback is going to standby.
06-08 14:42:00.230    82   122 D AudioHardware: closePcmOut_l() mPcmOpenCnt: 1
06-08 14:42:00.332   596   598 D dalvikvm: GC_CONCURRENT freed 363K, 7% free 10023K/10695K, paused 2ms+4ms
06-08 14:42:00.656   596   598 D dalvikvm: GC_CONCURRENT freed 352K, 6% free 10057K/10695K, paused 2ms+3ms
06-08 14:42:01.125   596   611 D dalvikvm: GC_FOR_ALLOC freed 317K, 6% free 10096K/10695K, paused 23ms
06-08 14:42:02.296   151   162 D dalvikvm: GC_EXPLICIT freed 238K, 17% free 13201K/15751K, paused 3ms+5ms
06-08 14:42:02.421   596   598 D dalvikvm: GC_CONCURRENT freed 665K, 9% free 9825K/10695K, paused 2ms+2ms
06-08 14:42:02.582   596   674 D dalvikvm: GC_EXPLICIT freed 181K, 7% free 9960K/10695K, paused 2ms+3ms
06-08 14:42:02.765   596   598 D dalvikvm: GC_CONCURRENT freed 336K, 7% free 10016K/10695K, paused 2ms+2ms
06-08 14:42:02.890   151   552 I ActivityManager: START {flg=0x20010000 cmp=com.android.vending/com.google.android.finsky.activities.PurchaseDialog (has extras)} from pid 1126
06-08 14:42:02.902    82   122 D AudioHardware: AudioHardware pcm playback is exiting standby.
06-08 14:42:02.902    82   122 D AudioHardware: openPcmOut_l() mPcmOpenCnt: 0
06-08 14:42:03.109   596   598 D dalvikvm: GC_CONCURRENT freed 369K, 7% free 10033K/10695K, paused 3ms+2ms
06-08 14:42:03.129  1126  1126 D Finsky  : [1] SelfUpdateScheduler.checkForSelfUpdate: Skipping self-update check as there is an update already queued.
06-08 14:42:03.203   151   200 I ActivityManager: Displayed com.android.vending/com.google.android.finsky.activities.PurchaseDialog: +292ms
06-08 14:42:03.238   559   561 D dalvikvm: GC_CONCURRENT freed 491K, 8% free 10934K/11847K, paused 2ms+11ms
06-08 14:42:03.257  1126  1126 D OpenGLRenderer: Flushing caches (mode 0)
06-08 14:42:03.625  1126  1128 D dalvikvm: GC_CONCURRENT freed 1396K, 10% free 19094K/21063K, paused 4ms+9ms
06-08 14:42:04.121   596   598 D dalvikvm: GC_CONCURRENT freed 333K, 6% free 10088K/10695K, paused 2ms+2ms
06-08 14:42:05.148  1126  1126 D Finsky  : [1] InstallerImpl.requestInstall: Request install of com.google.android.apps.maps v=608010102
06-08 14:42:05.156  1126  1126 D Finsky  : [1] InstallerImpl.kick: Installer kick com.google.android.apps.maps - starting com.google.android.apps.maps
06-08 14:42:05.273   151   493 D dalvikvm: GC_FOR_ALLOC freed 237K, 17% free 13201K/15751K, paused 51ms
06-08 14:42:05.480  1126  1126 D Finsky  : [1] DetailsDataBasedFragment.rebindViews: Page [class=DetailsFragment] loaded in [8347 ms] (partial? false)
06-08 14:42:05.718  1126  1126 D Finsky  : [1] DetailsDataBasedFragment.rebindViews: Page [class=DetailsFragment] loaded in [8586 ms] (partial? true)
06-08 14:42:05.925  1126  1126 D Finsky  : [1] DownloadImpl.setState: com.google.android.apps.maps from null to UNQUEUED.
06-08 14:42:05.937  1126  1126 D Finsky  : [1] DownloadQueueImpl.add: Download com.google.android.apps.maps added to DownloadQueue
06-08 14:42:05.945  1126  1126 D Finsky  : [1] DownloadImpl.setState: com.google.android.apps.maps from UNQUEUED to QUEUED.
06-08 14:42:06.183  1126  1128 D dalvikvm: JIT code cache reset in 5 ms (1048464 bytes 1/0)
06-08 14:42:06.207    84    84 I installd: free_cache(7106565) avail 953454592
06-08 14:42:06.226  1126  1128 D dalvikvm: GC_CONCURRENT freed 1689K, 9% free 19480K/21255K, paused 2ms+18ms
06-08 14:42:06.425  1126  1126 D Finsky  : [1] DownloadQueueImpl.startDownload: Download com.google.android.apps.maps starting
06-08 14:42:06.504  1126  1126 D OpenGLRenderer: Flushing caches (mode 0)
06-08 14:42:06.855   151   167 I Process : Sending signal. PID: 1126 SIG: 3
06-08 14:42:06.855  1126  1131 I dalvikvm: threadid=3: reacting to signal 3
06-08 14:42:06.906  1126  1131 I dalvikvm: Wrote stack traces to '/data/anr/traces.txt'
06-08 14:42:06.945   151   163 I ActivityManager: Start proc android.process.media for content provider com.android.providers.downloads/.DownloadProvider: pid=2489 uid=10012 gids={1015, 1023, 1024, 2001, 3003, 3007}
06-08 14:42:07.046  2489  2489 I ActivityThread: Pub media: com.android.providers.media.MediaProvider
06-08 14:42:07.332   596   598 D dalvikvm: GC_CONCURRENT freed 767K, 10% free 9727K/10695K, paused 6ms+3ms
06-08 14:42:07.418  2489  2491 D dalvikvm: GC_CONCURRENT freed 344K, 5% free 9137K/9607K, paused 20ms+2ms
06-08 14:42:07.421  2489  2489 I ActivityThread: Pub downloads: com.android.providers.downloads.DownloadProvider
06-08 14:42:07.441  2489  2489 I ActivityThread: Pub drm: com.android.providers.drm.DrmProvider
06-08 14:42:07.441  2489  2504 I DownloadManager: in removeSpuriousFiles
06-08 14:42:07.453  2489  2504 I DownloadManager: in removeSpuriousFiles, preserving file /data/data/com.android.providers.downloads/cache/downloadfile.apk
06-08 14:42:07.539  1126  1126 D Finsky  : [1] DownloadImpl.setState: com.google.android.apps.maps from QUEUED to DOWNLOADING.
06-08 14:42:07.543  1126  1126 D Finsky  : [1] DownloadQueueImpl.onStart: com.google.android.apps.maps: onStart
06-08 14:42:07.589  1126  1126 D Finsky  : [1] DownloadQueueImpl.notifyProgress: com.google.android.apps.maps: onProgress 0/-1 Status: 190.
06-08 14:42:07.699  1126  1126 D Finsky  : [1] DownloadQueueImpl.notifyProgress: com.google.android.apps.maps: onProgress 0/-1 Status: 192.
06-08 14:42:07.847  2489  2508 I DownloadManager: Initiating request for download 14
06-08 14:42:07.910   389   391 D dalvikvm: GC_CONCURRENT freed 321K, 8% free 10145K/10951K, paused 2ms+7ms
06-08 14:42:08.019   389   391 D dalvikvm: GC_CONCURRENT freed 530K, 8% free 10094K/10951K, paused 2ms+4ms
06-08 14:42:08.097   596   598 D dalvikvm: GC_CONCURRENT freed 172K, 8% free 9943K/10695K, paused 67ms+3ms
06-08 14:42:08.222    82   122 D AudioHardware: AudioHardware pcm playback is going to standby.
06-08 14:42:08.222    82   122 D AudioHardware: closePcmOut_l() mPcmOpenCnt: 1
06-08 14:42:08.371   596   598 D dalvikvm: GC_CONCURRENT freed 325K, 7% free 10007K/10695K, paused 2ms+2ms
06-08 14:42:08.609   596   598 D dalvikvm: GC_CONCURRENT freed 360K, 7% free 10031K/10695K, paused 2ms+3ms
06-08 14:42:08.652  2489  2508 I DownloadManager: Initiating request for download 14
06-08 14:42:10.027   596   598 D dalvikvm: GC_CONCURRENT freed 341K, 6% free 10075K/10695K, paused 2ms+3ms
06-08 14:42:10.933  2489  2491 D dalvikvm: GC_CONCURRENT freed 289K, 5% free 9247K/9671K, paused 4ms+4ms
06-08 14:42:13.859    82   122 D AudioHardware: AudioHardware pcm playback is exiting standby.
06-08 14:42:13.859    82   122 D AudioHardware: openPcmOut_l() mPcmOpenCnt: 0
06-08 14:42:14.179   559   561 D dalvikvm: GC_CONCURRENT freed 446K, 7% free 11033K/11847K, paused 2ms+9ms
06-08 14:42:14.343   596   598 D dalvikvm: GC_CONCURRENT freed 777K, 10% free 9682K/10695K, paused 5ms+2ms
06-08 14:42:14.746   596   598 D dalvikvm: GC_CONCURRENT freed 145K, 8% free 9934K/10695K, paused 2ms+3ms
06-08 14:42:15.363   596   598 D dalvikvm: GC_CONCURRENT freed 301K, 7% free 10018K/10695K, paused 4ms+11ms
06-08 14:42:15.734  2489  2508 I qtaguid : Failed write_ctrl(u 58) res=-1 errno=22
06-08 14:42:15.738  2489  2508 I qtaguid : Untagging socket 58 failed errno=-22
06-08 14:42:15.738  2489  2508 W NetworkManagementSocketTagger: untagSocket(58) failed with errno -22
06-08 14:42:15.933  1126  1126 D Finsky  : [1] DownloadQueueImpl.notifyProgress: com.google.android.apps.maps: onProgress 7106565/7106565 Status: 200.
06-08 14:42:15.961  1126  1126 D Finsky  : [1] DownloadBroadcastReceiver.onReceive: Intent received at DownloadBroadcastReceiver
06-08 14:42:15.980  1126  1126 D Finsky  : [1] DownloadImpl.setState: com.google.android.apps.maps from DOWNLOADING to SUCCESS.
06-08 14:42:15.980  1126  1126 D Finsky  : [1] DownloadQueueImpl.onComplete: com.google.android.apps.maps: onComplete
06-08 14:42:15.980  1126  1126 D Finsky  : [1] DownloadQueueImpl.remove: Download com.google.android.apps.maps removed from DownloadQueue
06-08 14:42:15.980  1126  1126 D Finsky  : [1] SelfUpdateScheduler.onComplete: Self-update ignoring completed download com.google.android.apps.maps
06-08 14:42:16.019    84    84 I installd: free_cache(0) avail 946409472
06-08 14:42:16.058   389   391 D dalvikvm: GC_CONCURRENT freed 402K, 8% free 10141K/10951K, paused 1ms+3ms
06-08 14:42:16.097   389   389 D dalvikvm: GC_FOR_ALLOC freed 505K, 10% free 9951K/10951K, paused 17ms
06-08 14:42:16.164   389   391 D dalvikvm: GC_CONCURRENT freed 416K, 9% free 10017K/10951K, paused 1ms+2ms
06-08 14:42:16.355   596   598 D dalvikvm: GC_CONCURRENT freed 373K, 7% free 10034K/10695K, paused 2ms+2ms
06-08 14:42:16.531   151  1035 D dalvikvm: GC_EXPLICIT freed 810K, 16% free 13235K/15751K, paused 2ms+5ms
06-08 14:42:16.644   151   193 I ActivityManager: Start proc com.google.android.gm for service com.google.android.gm/.provider.MailSyncAdapterService: pid=2520 uid=10019 gids={3003, 1015}
06-08 14:42:16.769  2520  2520 I ActivityThread: Pub gmail-ls: com.google.android.gm.provider.MailProvider
06-08 14:42:16.804  2520  2520 I ActivityThread: Pub com.google.android.gmail.SuggestionProvider: com.google.android.gm.SuggestionsProvider
06-08 14:42:16.808  2520  2520 I ActivityThread: Pub com.google.android.gm: com.google.android.gm.provider.PublicContentProvider
06-08 14:42:16.961    82   122 D AudioHardware: AudioHardware pcm playback is going to standby.
06-08 14:42:16.961    82   122 D AudioHardware: closePcmOut_l() mPcmOpenCnt: 1
06-08 14:42:17.039   389   389 D dalvikvm: GC_FOR_ALLOC freed 339K, 9% free 10052K/10951K, paused 17ms
06-08 14:42:17.113   151  1037 W InputManagerService: Window already focused, ignoring focus gain of: com.android.internal.view.IInputMethodClient$Stub$Proxy@413ac9c8
06-08 14:42:17.171   389   391 D dalvikvm: GC_CONCURRENT freed 367K, 8% free 10136K/10951K, paused 3ms+3ms
06-08 14:42:17.269   151   171 W ActivityManager: No content provider found for permission revoke: file:///data/data/com.android.providers.downloads/cache/downloadfile-1.apk
06-08 14:42:17.902  2520  2523 D dalvikvm: GC_CONCURRENT freed 243K, 4% free 9228K/9543K, paused 3ms+3ms
06-08 14:42:17.949   151   171 W ActivityManager: No content provider found for permission revoke: file:///data/data/com.android.providers.downloads/cache/downloadfile-1.apk
06-08 14:42:18.273   596   598 D dalvikvm: GC_CONCURRENT freed 355K, 6% free 10070K/10695K, paused 2ms+3ms
06-08 14:42:18.359  2520  2539 I Gmail   : calculateUnknownSyncRationalesAndPurgeInBackground: queueing
06-08 14:42:18.511  2520  2539 I Gmail   : calculateUnknownSyncRationalesAndPurgeInBackground: queueing
06-08 14:42:18.687   151   153 D dalvikvm: GC_CONCURRENT freed 265K, 12% free 13898K/15751K, paused 18ms+5ms
06-08 14:42:18.847  2520  2535 I Gmail   : MainSyncRequestProto: lowestBkwdConvoId: 0, highestHandledServerOp: 3941447, normalSync: true
06-08 14:42:18.976   151   171 D dalvikvm: GC_FOR_ALLOC freed 370K, 11% free 14117K/15751K, paused 53ms
06-08 14:42:18.980   151   171 I dalvikvm-heap: Grow heap (frag case) to 13.983MB for 129040-byte allocation
06-08 14:42:19.039   151   171 D dalvikvm: GC_FOR_ALLOC freed 62K, 11% free 14180K/15879K, paused 56ms
06-08 14:42:19.043   151   171 I dalvikvm-heap: Grow heap (frag case) to 14.170MB for 260112-byte allocation
06-08 14:42:19.109   151  1037 D dalvikvm: GC_FOR_ALLOC freed 126K, 12% free 14308K/16135K, paused 52ms
06-08 14:42:19.179   151   171 D dalvikvm: GC_FOR_ALLOC freed 3K, 12% free 14308K/16135K, paused 50ms
06-08 14:42:19.179   151   171 I dalvikvm-heap: Grow heap (frag case) to 14.246MB for 208734-byte allocation
06-08 14:42:19.246   151   171 D dalvikvm: GC_FOR_ALLOC freed 255K, 14% free 14256K/16391K, paused 58ms
06-08 14:42:19.500   151   171 D dalvikvm: GC_FOR_ALLOC freed 246K, 12% free 14514K/16391K, paused 142ms
06-08 14:42:19.500   151   171 I dalvikvm-heap: Grow heap (frag case) to 14.447MB for 208689-byte allocation
06-08 14:42:19.574   151   204 D dalvikvm: GC_FOR_ALLOC freed <1K, 12% free 14717K/16647K, paused 63ms
06-08 14:42:19.867   151   171 D dalvikvm: GC_FOR_ALLOC freed 411K, 13% free 14594K/16647K, paused 100ms
06-08 14:42:20.015   151   171 D dalvikvm: GC_FOR_ALLOC freed 128K, 12% free 14721K/16647K, paused 94ms
06-08 14:42:20.023   151   171 I dalvikvm-heap: Grow heap (frag case) to 14.649MB for 208689-byte allocation
06-08 14:42:20.152   151   171 D dalvikvm: GC_FOR_ALLOC freed 255K, 14% free 14670K/16903K, paused 128ms
06-08 14:42:20.648  2520  2523 D dalvikvm: GC_CONCURRENT freed 245K, 4% free 9433K/9799K, paused 3ms+3ms
06-08 14:42:20.828  2520  2539 I Gmail   : calculateUnknownSyncRationalesAndPurgeInBackground: running
06-08 14:42:20.851  2520  2539 I Gmail   : calculateUnknownSyncRationalesAndPurgeInBackground: running
06-08 14:42:21.000  2489  2545 I DownloadManager: Initiating request for download 15
06-08 14:42:21.937  2489  2491 D dalvikvm: GC_CONCURRENT freed 362K, 5% free 9318K/9799K, paused 6ms+16ms
06-08 14:42:22.336   151   153 D dalvikvm: GC_CONCURRENT freed 301K, 8% free 15666K/16903K, paused 3ms+9ms
06-08 14:42:22.961  2489  2549 I DownloadManager: deleting /data/data/com.android.providers.downloads/cache/downloadfile.jpeg
06-08 14:42:23.269  2489  2551 I DownloadManager: Initiating request for download 16
06-08 14:42:23.507   151   153 D dalvikvm: GC_CONCURRENT freed 797K, 6% free 16417K/17351K, paused 4ms+4ms
06-08 14:42:23.683   596   598 D dalvikvm: GC_CONCURRENT freed 351K, 6% free 10104K/10695K, paused 2ms+5ms
06-08 14:42:24.410  2489  2491 D dalvikvm: GC_CONCURRENT freed 375K, 6% free 9358K/9863K, paused 13ms+3ms
06-08 14:42:24.738  2520  2523 D dalvikvm: GC_CONCURRENT freed 353K, 5% free 9518K/9991K, paused 2ms+13ms
06-08 14:42:25.496  2489  2557 I DownloadManager: deleting /data/data/com.android.providers.downloads/cache/downloadfile.jpeg
06-08 14:42:25.949   151   153 D dalvikvm: GC_CONCURRENT freed 1574K, 10% free 16607K/18311K, paused 3ms+15ms
06-08 14:42:26.140  2489  2559 I DownloadManager: Initiating request for download 17
06-08 14:42:26.550   151   171 D dalvikvm: GC_FOR_ALLOC freed 1735K, 11% free 16612K/18631K, paused 200ms
06-08 14:42:26.976   151   171 D dalvikvm: GC_FOR_ALLOC freed 1734K, 11% free 16624K/18631K, paused 69ms
06-08 14:42:27.316   151   171 D dalvikvm: GC_FOR_ALLOC freed 1731K, 11% free 16634K/18631K, paused 69ms
06-08 14:42:27.582   151   171 D dalvikvm: GC_FOR_ALLOC freed 1725K, 11% free 16648K/18631K, paused 69ms
06-08 14:42:28.105   559  2006 D ContactsSyncAdapter: FAILURE: processed 1060 records in 308827 ms from feed http://www.google.com/m8/feeds/contacts/drqiao02@gmail.com/base2_property-android_linksto-gprofiles, updated time is null
06-08 14:42:28.109   559  2018 D ContactsSyncAdapter: EntityReader thread ended: mForcedClosed is true
06-08 14:42:28.218   151   171 D dalvikvm: GC_FOR_ALLOC freed 1798K, 11% free 16659K/18695K, paused 80ms
06-08 14:42:28.238   559  2017 V ContactsSyncAdapter: GDataFeedFetcher thread ended: mForcedClosed is true
06-08 14:42:28.570   151   153 D dalvikvm: GC_CONCURRENT freed 1783K, 11% free 16678K/18695K, paused 3ms+6ms
06-08 14:42:28.879   151   153 D dalvikvm: GC_CONCURRENT freed 1800K, 11% free 16696K/18695K, paused 3ms+6ms
06-08 14:42:29.171  2520  2523 D dalvikvm: GC_CONCURRENT freed 355K, 5% free 9591K/10055K, paused 2ms+2ms
06-08 14:42:29.211  2489  2491 D dalvikvm: GC_CONCURRENT freed 459K, 6% free 9340K/9927K, paused 3ms+12ms
06-08 14:42:29.414   151   153 D dalvikvm: GC_CONCURRENT freed 1783K, 11% free 16710K/18695K, paused 3ms+5ms
06-08 14:42:29.511  2489  2565 I DownloadManager: deleting /data/data/com.android.providers.downloads/cache/downloadfile.jpeg
06-08 14:42:29.785  2489  2567 I DownloadManager: Initiating request for download 18
06-08 14:42:29.925   151   153 D dalvikvm: GC_CONCURRENT freed 1832K, 11% free 16724K/18695K, paused 6ms+6ms
06-08 14:42:30.320   151   153 D dalvikvm: GC_CONCURRENT freed 1852K, 11% free 16736K/18695K, paused 3ms+7ms
06-08 14:42:30.445  2520  2523 D dalvikvm: GC_CONCURRENT freed 391K, 6% free 9600K/10183K, paused 2ms+3ms
06-08 14:42:30.734   151   153 D dalvikvm: GC_CONCURRENT freed 1854K, 11% free 16745K/18695K, paused 4ms+6ms
06-08 14:42:31.093  2489  2491 D dalvikvm: GC_CONCURRENT freed 425K, 7% free 9300K/9927K, paused 3ms+3ms
06-08 14:42:31.121   151   171 I PackageManager: New shared user com.google.android.apps.maps: id=10056
06-08 14:42:31.257   151   171 I PackageManager: Running dexopt on: com.google.android.apps.maps
06-08 14:42:32.011   151   167 D dalvikvm: GC_EXPLICIT freed 1728K, 11% free 16749K/18695K, paused 195ms+54ms
06-08 14:42:32.187  2520  2523 D dalvikvm: GC_CONCURRENT freed 413K, 7% free 9572K/10183K, paused 3ms+3ms
06-08 14:42:33.457  2489  2575 I DownloadManager: deleting /data/data/com.android.providers.downloads/cache/downloadfile.jpeg
06-08 14:42:34.125  2489  2577 I DownloadManager: Initiating request for download 19
06-08 14:42:34.734  2520  2535 D dalvikvm: GC_EXPLICIT freed 172K, 7% free 9547K/10183K, paused 7ms+29ms
06-08 14:42:34.941  2520  2535 I Gmail   : MainSyncRequestProto: lowestBkwdConvoId: 0, highestHandledServerOp: 3941447, normalSync: true
06-08 14:42:35.914  2489  2491 D dalvikvm: GC_CONCURRENT freed 389K, 7% free 9301K/9927K, paused 38ms+54ms
06-08 14:42:36.379  2489  2581 I DownloadManager: deleting /data/data/com.android.providers.downloads/cache/downloadfile.jpeg
06-08 14:42:38.164  2489  2584 I DownloadManager: Initiating request for download 20
06-08 14:42:39.199  2574  2574 D dalvikvm: DexOpt: load 966ms, verify+opt 4305ms
06-08 14:42:39.562   151   168 I ActivityManager: Force stopping package com.google.android.apps.maps uid=10056
06-08 14:42:39.836   151   171 D PackageManager: New package installed in /data/app/com.google.android.apps.maps-1.apk
06-08 14:42:39.925   151   171 W PackageManager: Unknown permission com.android.vending.permission.UPDATE_MARKET_FAILURE in package com.android.vending.updater
06-08 14:42:39.929   151   171 W PackageManager: Unknown permission android.permission.ADD_SYSTEM_SERVICE in package com.android.phone
06-08 14:42:39.945   151   171 W PackageManager: Unknown permission com.google.android.apps.googlevoice.permission.AUTO_SEND in package com.google.android.voicesearch
06-08 14:42:39.949   151   171 W PackageManager: Unknown permission com.android.vending.billing.IBillingAccountService.BIND2 in package com.google.android.gsf.login
06-08 14:42:39.949   151   171 W PackageManager: Not granting permission android.permission.SEND_DOWNLOAD_COMPLETED_INTENTS to package com.android.browser (protectionLevel=2 flags=0x9be45)
06-08 14:42:39.961   151   171 W PackageManager: Unknown permission android.permission.READ_OWNER_DATA in package com.google.android.setupwizard
06-08 14:42:39.961   151   171 W PackageManager: Unknown permission android.permission.WRITE_OWNER_DATA in package com.google.android.setupwizard
06-08 14:42:39.964   151   171 W PackageManager: Unknown permission android.permission.WRITE_CDMA_CARRIER_SETTINGS in package com.android.sprintmenu
06-08 14:42:39.968   151   171 W PackageManager: Unknown permission android.permission.CHANGE_DUN_STATE in package com.android.sprintmenu
06-08 14:42:39.968   151   171 W PackageManager: Unknown permission android.permission.READ_EXTERNAL_STORAGE in package com.android.videoeditor
06-08 14:42:39.988   151   171 W PackageManager: Unknown permission android.permission.READ_EXTERNAL_STORAGE in package com.android.vending
06-08 14:42:40.007   151   171 W PackageManager: Unknown permission com.sprint.internal.permission.CONNECTIONMANAGER in package com.samsung.update
06-08 14:42:40.007   151   171 W PackageManager: Unknown permission com.sprint.internal.permission.SYSTEMPROPERTIES in package com.samsung.update
06-08 14:42:40.015   151   171 W PackageManager: Unknown permission com.sprint.internal.permission.SYSTEMPROPERTIES_WRITE in package com.samsung.update
06-08 14:42:40.015   151   171 W PackageManager: Not granting permission android.permission.DEVICE_POWER to package com.android.deskclock (protectionLevel=2 flags=0x8be45)
06-08 14:42:40.023   151   171 W PackageManager: Unknown permission android.permission.FLAG_RECEIVER_REGISTERED_ONLY_BEFORE_BOOT in package com.samsung.wimax
06-08 14:42:40.031   151   171 W PackageManager: Unknown permission com.android.providers.im.permission.READ_ONLY in package com.google.android.apps.maps
06-08 14:42:40.418   485   485 I RegisteredComponentCache: ComponentInfo: ResolveInfo{4133c7a0 com.android.apps.tag.TagViewer p=0 o=0 m=0x108000}, techs: android.nfc.tech.Ndef, 
06-08 14:42:40.484   454   457 D dalvikvm: GC_CONCURRENT freed 1518K, 16% free 10449K/12423K, paused 3ms+3ms
06-08 14:42:40.554   151   167 D PackageManager: generateServicesMap(android.accounts.AccountAuthenticator): 3 services unchanged
06-08 14:42:40.629  1696  1696 I Launcher: setLoadOnResume
06-08 14:42:40.664  2364  2364 I VoiceActionsFactory: Applications list changed, recalculating supported actions
06-08 14:42:40.765   151   167 D PackageManager: generateServicesMap(android.content.SyncAdapter): 10 services unchanged
06-08 14:42:40.832  2520  2523 D dalvikvm: GC_CONCURRENT freed 354K, 6% free 9589K/10183K, paused 13ms+273ms
06-08 14:42:40.894  2281  2283 D dalvikvm: GC_CONCURRENT freed 369K, 5% free 9167K/9607K, paused 122ms+16ms
06-08 14:42:40.918   151   167 W ResourceType: Failure getting entry for 0x7f060000 (t=5 e=0) in package 0 (error -75)
06-08 14:42:41.046   151   167 D BackupManagerService: Received broadcast Intent { act=android.intent.action.PACKAGE_ADDED dat=package:com.google.android.apps.maps flg=0x10000010 (has extras) }
06-08 14:42:41.144   151   552 I ActivityManager: Start proc com.google.android.partnersetup for broadcast com.google.android.partnersetup/.RlzPingBroadcastReceiver: pid=2589 uid=10022 gids={3003}
06-08 14:42:41.171   151   167 V BackupManagerService: addPackageParticipantsLocked: #1
06-08 14:42:41.203    80    80 D dalvikvm: GC_EXPLICIT freed 37K, 4% free 9031K/9347K, paused 3ms+2ms
06-08 14:42:41.242    80    80 D dalvikvm: GC_EXPLICIT freed <1K, 4% free 9031K/9347K, paused 4ms+3ms
06-08 14:42:41.273    80    80 D dalvikvm: GC_EXPLICIT freed <1K, 4% free 9031K/9347K, paused 2ms+4ms
06-08 14:42:41.320   151   171 D dalvikvm: GC_EXPLICIT freed 3864K, 25% free 14053K/18695K, paused 27ms+7ms
06-08 14:42:41.379  1126  1138 D Finsky  : [125] 1.packageInstalled: Package install status for "com.google.android.apps.maps" is 1
06-08 14:42:41.418  2297  2299 D dalvikvm: GC_CONCURRENT freed 480K, 7% free 9254K/9863K, paused 22ms+5ms
06-08 14:42:41.445  2589  2589 I ActivityThread: Pub com.google.android.partnersetup.rlzprovider: com.google.android.partnersetup.RlzProvider
06-08 14:42:41.461  2589  2589 I ActivityThread: Pub com.google.android.partnersetup.rlzappprovider: com.google.android.partnersetup.RlzAppProvider
06-08 14:42:41.582   151   666 I ActivityManager: Start proc com.android.musicfx for broadcast com.android.musicfx/.Compatibility$Receiver: pid=2602 uid=10034 gids={3003, 3002}
06-08 14:42:42.250   389   391 D dalvikvm: GC_CONCURRENT freed 381K, 8% free 10142K/10951K, paused 18ms+17ms
06-08 14:42:42.336  1696  1698 D dalvikvm: GC_CONCURRENT freed 3341K, 35% free 12306K/18823K, paused 55ms+13ms
06-08 14:42:42.449   151   374 I ActivityManager: Start proc com.svox.pico for broadcast com.svox.pico/.VoiceDataInstallerReceiver: pid=2617 uid=10039 gids={1015}
06-08 14:42:42.461   151   151 I ActivityManager: No longer want com.android.voicedialer (pid 2313): hidden #16
06-08 14:42:42.527  2617  2617 I ActivityThread: Pub com.svox.pico.providers.SettingsProvider: com.svox.pico.providers.SettingsProvider
06-08 14:42:42.543   151  1037 I ActivityManager: No longer want com.google.android.googlequicksearchbox (pid 2326): hidden #16
06-08 14:42:42.586  2520  2535 D dalvikvm: GC_FOR_ALLOC freed 393K, 7% free 9566K/10183K, paused 21ms
06-08 14:42:43.078  1126  1126 D Finsky  : [1] DetailsDataBasedFragment.rebindViews: Page [class=DetailsFragment] loaded in [45917 ms] (partial? false)
06-08 14:42:43.121   151  1008 I ActivityManager: Start proc com.android.voicedialer for broadcast com.android.voicedialer/.VoiceDialerReceiver: pid=2630 uid=10051 gids={3002}
06-08 14:42:43.203   151   374 I ActivityManager: No longer want com.android.quicksearchbox (pid 1173): hidden #16
06-08 14:42:43.476  1126  1126 D Finsky  : [1] DetailsDataBasedFragment.rebindViews: Page [class=DetailsFragment] loaded in [46333 ms] (partial? true)
06-08 14:42:43.671  1126  1128 D dalvikvm: GC_CONCURRENT freed 2296K, 11% free 19265K/21639K, paused 19ms+50ms
06-08 14:42:43.836   151  1038 I ActivityManager: Start proc com.google.android.googlequicksearchbox for broadcast com.google.android.googlequicksearchbox/.SourceUpdateReceiver: pid=2644 uid=10023 gids={3003}
06-08 14:42:44.011  1696  1696 I Launcher: setLoadOnResume
06-08 14:42:44.093  2644  2644 I ActivityThread: Pub com.google.android.googlequicksearchbox.shortcuts: com.google.android.googlequicksearchbox.WebHistoryProvider
06-08 14:42:44.101  2644  2644 I ActivityThread: Pub com.google.android.googlequicksearchbox.google: com.google.android.googlequicksearchbox.google.GoogleSuggestionProvider
06-08 14:42:44.234  1696  1696 I Launcher: setLoadOnResume
06-08 14:42:44.394   151  1035 I ActivityManager: Start proc com.android.quicksearchbox for broadcast com.android.quicksearchbox/.CorporaUpdateReceiver: pid=2658 uid=10042 gids={3003}
06-08 14:42:44.504  2658  2658 I ActivityThread: Pub com.android.quicksearchbox.google: com.android.quicksearchbox.google.GoogleSuggestionProvider
06-08 14:42:44.570  2658  2658 I ActivityThread: Pub com.android.quicksearchbox.shortcuts: com.android.quicksearchbox.ShortcutsProvider
06-08 14:42:44.578   151  1008 I ActivityManager: No longer want com.android.settings (pid 2408): hidden #16
06-08 14:42:44.636  1696  1696 I Launcher: setLoadOnResume
06-08 14:42:44.699  1696  1696 I Launcher: setLoadOnResume
06-08 14:42:44.722  1696  1696 I Launcher: setLoadOnResume
06-08 14:42:44.769  1696  1696 I Launcher: setLoadOnResume
06-08 14:42:45.449  2520  2535 D dalvikvm: GC_FOR_ALLOC freed 318K, 7% free 9533K/10183K, paused 44ms
06-08 14:42:45.597  2489  2491 D dalvikvm: GC_CONCURRENT freed 391K, 7% free 9302K/9927K, paused 2ms+6ms
06-08 14:42:45.668  2489  2673 I DownloadManager: deleting /data/data/com.android.providers.downloads/cache/downloadfile.jpeg
06-08 14:42:45.718  2520  2535 D dalvikvm: GC_FOR_ALLOC freed 269K, 6% free 9589K/10183K, paused 31ms
06-08 14:42:45.898  2520  2535 D dalvikvm: GC_FOR_ALLOC freed 313K, 7% free 9553K/10183K, paused 49ms
06-08 14:42:46.242  2489  2675 I DownloadManager: Initiating request for download 21
06-08 14:42:46.296  2520  2535 D dalvikvm: GC_FOR_ALLOC freed 223K, 7% free 9545K/10183K, paused 36ms
06-08 14:42:46.355  2520  2535 D dalvikvm: GC_FOR_ALLOC freed 206K, 7% free 9569K/10183K, paused 17ms
06-08 14:42:46.406  2520  2535 D dalvikvm: GC_FOR_ALLOC freed 231K, 7% free 9554K/10183K, paused 17ms
06-08 14:42:47.195  2520  2523 D dalvikvm: GC_CONCURRENT freed 363K, 6% free 9584K/10183K, paused 2ms+5ms
06-08 14:42:47.254  2489  2678 D dalvikvm: GC_EXPLICIT freed 372K, 7% free 9276K/9927K, paused 5ms+6ms
06-08 14:42:47.390  2489  2680 I DownloadManager: deleting /data/data/com.android.providers.downloads/cache/downloadfile.jpeg
06-08 14:42:48.214  2489  2682 I DownloadManager: Initiating request for download 22
06-08 14:42:48.269   151  1038 I ActivityManager: START {act=android.intent.action.MAIN cat=[android.intent.category.LAUNCHER] flg=0x10000000 pkg=com.google.android.apps.maps cmp=com.google.android.apps.maps/com.google.android.maps.MapsActivity} from pid 1126
06-08 14:42:48.394    82   122 D AudioHardware: AudioHardware pcm playback is exiting standby.
06-08 14:42:48.394    82   122 D AudioHardware: openPcmOut_l() mPcmOpenCnt: 0
06-08 14:42:48.527   151  2421 I ActivityManager: Start proc com.google.android.apps.maps for activity com.google.android.apps.maps/com.google.android.maps.MapsActivity: pid=2685 uid=10056 gids={3003, 1015}
06-08 14:42:48.543   389   389 D dalvikvm: GC_FOR_ALLOC freed 530K, 9% free 9966K/10951K, paused 107ms
06-08 14:42:48.675  1126  1126 D OpenGLRenderer: Flushing caches (mode 1)
06-08 14:42:48.734  2685  2687 D dalvikvm: GC_CONCURRENT freed 161K, 3% free 9374K/9607K, paused 8ms+2ms
06-08 14:42:48.808  2685  2685 I ActivityThread: Pub com.google.android.maps.LayerInfoProvider: com.google.googlenav.layer.LayerInfoProvider
06-08 14:42:48.824  1126  1126 D OpenGLRenderer: Flushing caches (mode 0)
06-08 14:42:48.953  2685  2685 I ActivityThread: Pub com.google.android.maps.TrafficAppWidgetProvider: com.google.googlenav.appwidget.traffic.TrafficAppWidgetProvider
06-08 14:42:48.957  2685  2685 I ActivityThread: Pub com.google.android.maps.LocalActivePlacesProvider: com.google.googlenav.provider.LocalActivePlacesProvider
06-08 14:42:48.957  2685  2685 I ActivityThread: Pub com.google.android.maps.StarredItemProvider: com.google.googlenav.provider.StarredItemProvider
06-08 14:42:49.152  2685  2687 D dalvikvm: GC_CONCURRENT freed 164K, 3% free 9657K/9927K, paused 2ms+4ms
06-08 14:42:49.183   559   561 D dalvikvm: GC_CONCURRENT freed 1154K, 13% free 10420K/11847K, paused 18ms+15ms
06-08 14:42:49.203   151   167 I Process : Sending signal. PID: 2685 SIG: 3
06-08 14:42:49.203  2685  2690 I dalvikvm: threadid=3: reacting to signal 3
06-08 14:42:49.238  2685  2690 I dalvikvm: Wrote stack traces to '/data/anr/traces.txt'
06-08 14:42:49.312  2685  2685 I ActivityThread: Pub com.google.android.maps.LocalSuggestionProvider: com.google.googlenav.provider.LocalSuggestionProvider
06-08 14:42:49.312  2685  2685 I ActivityThread: Pub com.google.android.maps.SearchHistoryProvider: com.google.googlenav.provider.SearchHistoryProvider
06-08 14:42:49.312  2685  2685 I ActivityThread: Pub com.google.android.maps.NavigationAvailabilityProvider: com.google.googlenav.provider.NavigationAvailabilityProvider
06-08 14:42:49.316  2685  2685 I ActivityThread: Pub com.google.android.maps.SuggestionProvider: com.google.googlenav.suggest.android.SuggestContentProvider
06-08 14:42:49.343  2685  2685 D Maps    : Build: 6080101
06-08 14:42:49.418  2685  2687 D dalvikvm: GC_CONCURRENT freed 188K, 4% free 9922K/10247K, paused 11ms+5ms
06-08 14:42:49.574   151   167 I Process : Sending signal. PID: 2685 SIG: 3
06-08 14:42:49.574  2685  2690 I dalvikvm: threadid=3: reacting to signal 3
06-08 14:42:49.601   559   571 D dalvikvm: GC_EXPLICIT freed 29K, 13% free 10401K/11847K, paused 3ms+3ms
06-08 14:42:49.636  2520  2523 D dalvikvm: GC_CONCURRENT freed 447K, 7% free 9528K/10183K, paused 33ms+3ms
06-08 14:42:49.687  2685  2690 I dalvikvm: Wrote stack traces to '/data/anr/traces.txt'
06-08 14:42:49.808  2685  2687 D dalvikvm: GC_CONCURRENT freed 328K, 4% free 10171K/10567K, paused 2ms+14ms
06-08 14:42:49.875   151  1035 D dalvikvm: GC_EXPLICIT freed 991K, 27% free 13821K/18695K, paused 5ms+9ms
06-08 14:42:50.019   151   163 I ActivityManager: Process spinninghead.carhome (pid 2166) has died.
06-08 14:42:50.386   151   167 I Process : Sending signal. PID: 2685 SIG: 3
06-08 14:42:50.386  2685  2690 I dalvikvm: threadid=3: reacting to signal 3
06-08 14:42:50.461  2685  2690 I dalvikvm: Wrote stack traces to '/data/anr/traces.txt'
06-08 14:42:50.492  2685  2687 D dalvikvm: GC_CONCURRENT freed 282K, 4% free 10436K/10759K, paused 155ms+3ms
06-08 14:42:50.558  2520  2535 D dalvikvm: GC_EXPLICIT freed 200K, 7% free 9517K/10183K, paused 2ms+3ms
06-08 14:42:50.972   151   167 I Process : Sending signal. PID: 2685 SIG: 3
06-08 14:42:50.972  2685  2690 I dalvikvm: threadid=3: reacting to signal 3
06-08 14:42:50.996  2685  2690 I dalvikvm: Wrote stack traces to '/data/anr/traces.txt'
06-08 14:42:51.488    82   122 D AudioHardware: AudioHardware pcm playback is going to standby.
06-08 14:42:51.488    82   122 D AudioHardware: closePcmOut_l() mPcmOpenCnt: 1
06-08 14:42:51.711   151   167 I Process : Sending signal. PID: 2685 SIG: 3
06-08 14:42:51.711  2685  2690 I dalvikvm: threadid=3: reacting to signal 3
06-08 14:42:52.277   151   167 I Process : Sending signal. PID: 2685 SIG: 3
06-08 14:42:52.711  2685  2690 W dalvikvm: threadid=3: spin on suspend #1 threadid=1 (pcf=0)
06-08 14:42:52.777   151   167 I Process : Sending signal. PID: 2685 SIG: 3
06-08 14:42:53.211  1126  1126 D Finsky  : [1] 1.run: Referrer for com.google.android.apps.maps cleared
06-08 14:42:53.320   151   167 I Process : Sending signal. PID: 2685 SIG: 3
06-08 14:42:53.355  2685  2690 W dalvikvm: threadid=3: spin on suspend resolved in 1642 msec
06-08 14:42:53.414  2685  2690 I dalvikvm: Wrote stack traces to '/data/anr/traces.txt'
06-08 14:42:53.414  2685  2690 I dalvikvm: threadid=3: reacting to signal 3
06-08 14:42:53.476  2489  2491 D dalvikvm: GC_CONCURRENT freed 367K, 7% free 9300K/9927K, paused 5ms+5ms
06-08 14:42:53.504  2489  2733 I DownloadManager: deleting /data/data/com.android.providers.downloads/cache/downloadfile.jpeg
06-08 14:42:53.714  2685  2690 E dalvikvm: Unable to open stack trace file '/data/anr/traces.txt': Is a directory
06-08 14:42:53.769   151   167 I Process : Sending signal. PID: 2685 SIG: 3
06-08 14:42:53.769  2685  2690 I dalvikvm: threadid=3: reacting to signal 3
06-08 14:42:53.812  2685  2690 I dalvikvm: Wrote stack traces to '/data/anr/traces.txt'
06-08 14:42:53.957  2685  2687 D dalvikvm: GC_CONCURRENT freed 467K, 5% free 10538K/11079K, paused 8ms+3ms
06-08 14:42:54.269   151   167 I Process : Sending signal. PID: 2685 SIG: 3
06-08 14:42:54.269  2685  2690 I dalvikvm: threadid=3: reacting to signal 3
06-08 14:42:54.324  2685  2690 I dalvikvm: Wrote stack traces to '/data/anr/traces.txt'
06-08 14:42:54.347  2520  2535 I Gmail   : MainSyncRequestProto: lowestBkwdConvoId: 0, highestHandledServerOp: 3941475, normalSync: true
06-08 14:42:54.531  2685  2685 D libEGL  : loaded /system/lib/egl/libGLES_android.so
06-08 14:42:54.605  2685  2685 D libEGL  : loaded /vendor/lib/egl/libEGL_POWERVR_SGX540_120.so
06-08 14:42:54.644  2685  2685 D libEGL  : loaded /vendor/lib/egl/libGLESv1_CM_POWERVR_SGX540_120.so
06-08 14:42:54.671  2685  2685 D libEGL  : loaded /vendor/lib/egl/libGLESv2_POWERVR_SGX540_120.so
06-08 14:42:54.859  2685  2685 D OpenGLRenderer: Enabling debug mode 0
06-08 14:42:54.898   151   167 I Process : Sending signal. PID: 2685 SIG: 3
06-08 14:42:54.898  2685  2690 I dalvikvm: threadid=3: reacting to signal 3
06-08 14:42:54.953  2685  2690 I dalvikvm: Wrote stack traces to '/data/anr/traces.txt'
06-08 14:42:54.984  2685  2687 D dalvikvm: GC_CONCURRENT freed 324K, 5% free 10629K/11079K, paused 7ms+5ms
06-08 14:42:55.254  1236  1766 V GoogleLoginService: Returning error intent with: ComponentInfo{com.google.android.gsf.login/com.google.android.gsf.login.LoginActivity}
06-08 14:42:55.269   151   167 I Process : Sending signal. PID: 2685 SIG: 3
06-08 14:42:55.269  2685  2690 I dalvikvm: threadid=3: reacting to signal 3
06-08 14:42:55.277  2489  2739 I DownloadManager: Initiating request for download 23
06-08 14:42:55.296  2685  2690 I dalvikvm: Wrote stack traces to '/data/anr/traces.txt'
06-08 14:42:55.375  1236  1238 D dalvikvm: GC_CONCURRENT freed 334K, 8% free 9796K/10567K, paused 2ms+10ms
06-08 14:42:55.457  1236  1247 V GoogleLoginService: Returning error intent with: ComponentInfo{com.google.android.gsf.login/com.google.android.gsf.login.LoginActivity}
06-08 14:42:55.515  2685  2687 D dalvikvm: GC_CONCURRENT freed 213K, 3% free 10986K/11271K, paused 3ms+8ms
06-08 14:42:55.625   151   200 I ActivityManager: Displayed com.google.android.apps.maps/com.google.android.maps.MapsActivity: +7s230ms
06-08 14:42:55.793  1236  1247 V GoogleLoginService: Returning error intent with: ComponentInfo{com.google.android.gsf.login/com.google.android.gsf.login.LoginActivity}
06-08 14:42:55.867  2685  2687 D dalvikvm: GC_CONCURRENT freed 139K, 2% free 11492K/11719K, paused 9ms+3ms
06-08 14:42:56.066    79  1791 W SurfaceTexture: [com.google.android.apps.maps/com.google.android.maps.MapsActivity] cancelBuffer: SurfaceTexture has been abandoned!
06-08 14:42:56.289  2685  2744 D dalvikvm: GC_FOR_ALLOC freed 292K, 4% free 11872K/12295K, paused 35ms
06-08 14:42:56.484  2685  2744 D dalvikvm: GC_FOR_ALLOC freed 885K, 9% free 11843K/12935K, paused 36ms
06-08 14:42:56.832   151   168 I ActivityManager: Start proc com.google.android.apps.maps:LocationFriendService for broadcast com.google.android.apps.maps/com.google.googlenav.friend.reporting.LocationReportingIntentReceiver: pid=2752 uid=10056 gids={3003, 1015}
06-08 14:42:56.953  2685  2687 D dalvikvm: GC_CONCURRENT freed 429K, 5% free 12354K/12935K, paused 2ms+8ms
06-08 14:42:57.039  2685  2744 D dalvikvm: GC_FOR_ALLOC freed 48K, 5% free 12406K/12935K, paused 33ms
06-08 14:42:57.039  2685  2744 I dalvikvm-heap: Grow heap (frag case) to 13.184MB for 1048592-byte allocation
06-08 14:42:57.097  2685  2701 D dalvikvm: GC_FOR_ALLOC freed 1K, 5% free 13429K/14023K, paused 43ms
06-08 14:42:57.285  2752  2754 D dalvikvm: GC_CONCURRENT freed 168K, 3% free 9368K/9607K, paused 2ms+10ms
06-08 14:42:57.394  2685  2744 D dalvikvm: GC_FOR_ALLOC freed 1205K, 10% free 12673K/14023K, paused 45ms
06-08 14:42:57.535  2685  2687 D dalvikvm: GC_CONCURRENT freed 171K, 3% free 13625K/14023K, paused 2ms+7ms
06-08 14:42:57.586  2752  2775 I SqliteDatabaseCpp: sqlite returned: error code = 5, msg = statement aborts at 1: [PRAGMA journal_mode=TRUNCATE] , db=/data/data/com.google.android.apps.maps/databases/webview.db
