06-08 14:42:57.746  2685  2744 D dalvikvm: GC_FOR_ALLOC freed 1264K, 11% free 12738K/14215K, paused 97ms
06-08 14:42:57.812  2752  2754 D dalvikvm: GC_CONCURRENT freed 191K, 3% free 9725K/9991K, paused 7ms+8ms
06-08 14:42:57.812  2752  2761 E SQLiteDatabase: close() was never explicitly called on database '/data/data/com.google.android.apps.maps/databases/webview.db' 
06-08 14:42:57.812  2752  2761 E SQLiteDatabase: android.database.sqlite.DatabaseObjectNotClosedException: Application did not close the cursor or database object that was opened here
06-08 14:42:57.812  2752  2761 E SQLiteDatabase: 	at android.database.sqlite.SQLiteDatabase.<init>(SQLiteDatabase.java:1943)
06-08 14:42:57.812  2752  2761 E SQLiteDatabase: 	at android.database.sqlite.SQLiteDatabase.openDatabase(SQLiteDatabase.java:1007)
06-08 14:42:57.812  2752  2761 E SQLiteDatabase: 	at android.database.sqlite.SQLiteDatabase.openDatabase(SQLiteDatabase.java:986)
06-08 14:42:57.812  2752  2761 E SQLiteDatabase: 	at android.database.sqlite.SQLiteDatabase.openDatabase(SQLiteDatabase.java:962)
06-08 14:42:57.812  2752  2761 E SQLiteDatabase: 	at android.database.sqlite.SQLiteDatabase.openOrCreateDatabase(SQLiteDatabase.java:1043)
06-08 14:42:57.812  2752  2761 E SQLiteDatabase: 	at android.database.sqlite.SQLiteDatabase.openOrCreateDatabase(SQLiteDatabase.java:1036)
06-08 14:42:57.812  2752  2761 E SQLiteDatabase: 	at android.app.ContextImpl.openOrCreateDatabase(ContextImpl.java:761)
06-08 14:42:57.812  2752  2761 E SQLiteDatabase: 	at android.content.ContextWrapper.openOrCreateDatabase(ContextWrapper.java:215)
06-08 14:42:57.812  2752  2761 E SQLiteDatabase: 	at android.webkit.WebViewDatabase.initDatabase(WebViewDatabase.java:223)
06-08 14:42:57.812  2752  2761 E SQLiteDatabase: 	at android.webkit.WebViewDatabase.init(WebViewDatabase.java:209)
06-08 14:42:57.812  2752  2761 E SQLiteDatabase: 	at android.webkit.WebViewDatabase.access$000(WebViewDatabase.java:38)
06-08 14:42:57.812  2752  2761 E SQLiteDatabase: 	at android.webkit.WebViewDatabase$1.run(WebViewDatabase.java:190)
06-08 14:42:57.961  2685  2687 D dalvikvm: GC_CONCURRENT freed 1206K, 11% free 12751K/14215K, paused 2ms+16ms
06-08 14:42:58.296  2685  2687 D dalvikvm: GC_CONCURRENT freed 1197K, 10% free 12797K/14215K, paused 3ms+4ms
06-08 14:42:58.445  1236  1248 V GoogleLoginService: Returning error intent with: ComponentInfo{com.google.android.gsf.login/com.google.android.gsf.login.LoginActivity}
06-08 14:42:58.683  2685  2687 D dalvikvm: GC_CONCURRENT freed 1238K, 11% free 12751K/14215K, paused 25ms+6ms
06-08 14:42:58.711  1236  1248 V GoogleLoginService: Returning error intent with: ComponentInfo{com.google.android.gsf.login/com.google.android.gsf.login.LoginActivity}
06-08 14:42:58.953  1236  1766 V GoogleLoginService: Returning error intent with: ComponentInfo{com.google.android.gsf.login/com.google.android.gsf.login.LoginActivity}
06-08 14:42:58.996  1236  1238 D dalvikvm: GC_CONCURRENT freed 376K, 7% free 9841K/10567K, paused 42ms+5ms
06-08 14:42:59.031  2685  2687 D dalvikvm: GC_CONCURRENT freed 1138K, 11% free 12740K/14215K, paused 45ms+3ms
06-08 14:42:59.699  1126  1126 D Finsky  : [1] 5.onFinished: Installation state replication succeeded.
06-08 14:42:59.918   151  1035 I ActivityManager: Start proc com.google.android.apps.maps:MapsBackgroundService for broadcast com.google.android.apps.maps/com.google.googlenav.networkinitiated.NetworkInitiatedReceiver: pid=2792 uid=10056 gids={3003, 1015}
06-08 14:42:59.941  2752  2754 D dalvikvm: GC_CONCURRENT freed 232K, 4% free 9889K/10247K, paused 2ms+3ms
06-08 14:42:59.945  2752  2761 E SQLiteDatabase: close() was never explicitly called on database '/data/data/com.google.android.apps.maps/databases/google_latitude_history.db' 
06-08 14:42:59.945  2752  2761 E SQLiteDatabase: android.database.sqlite.DatabaseObjectNotClosedException: Application did not close the cursor or database object that was opened here
06-08 14:42:59.945  2752  2761 E SQLiteDatabase: 	at android.database.sqlite.SQLiteDatabase.<init>(SQLiteDatabase.java:1943)
06-08 14:42:59.945  2752  2761 E SQLiteDatabase: 	at android.database.sqlite.SQLiteDatabase.openDatabase(SQLiteDatabase.java:1007)
06-08 14:42:59.945  2752  2761 E SQLiteDatabase: 	at android.database.sqlite.SQLiteDatabase.openDatabase(SQLiteDatabase.java:986)
06-08 14:42:59.945  2752  2761 E SQLiteDatabase: 	at android.database.sqlite.SQLiteDatabase.openOrCreateDatabase(SQLiteDatabase.java:1051)
06-08 14:42:59.945  2752  2761 E SQLiteDatabase: 	at android.app.ContextImpl.openOrCreateDatabase(ContextImpl.java:770)
06-08 14:42:59.945  2752  2761 E SQLiteDatabase: 	at android.content.ContextWrapper.openOrCreateDatabase(ContextWrapper.java:221)
06-08 14:42:59.945  2752  2761 E SQLiteDatabase: 	at android.content.ContextWrapper.openOrCreateDatabase(ContextWrapper.java:221)
06-08 14:42:59.945  2752  2761 E SQLiteDatabase: 	at android.database.sqlite.SQLiteOpenHelper.getWritableDatabase(SQLiteOpenHelper.java:157)
06-08 14:42:59.945  2752  2761 E SQLiteDatabase: 	at com.google.googlenav.friend.history.m.a(SourceFile:66)
06-08 14:42:59.945  2752  2761 E SQLiteDatabase: 	at com.google.googlenav.friend.history.LocationHistoryIntentReceiver.onReceive(SourceFile:35)
06-08 14:42:59.945  2752  2761 E SQLiteDatabase: 	at android.app.ActivityThread.handleReceiver(ActivityThread.java:2119)
06-08 14:42:59.945  2752  2761 E SQLiteDatabase: 	at android.app.ActivityThread.access$1500(ActivityThread.java:123)
06-08 14:42:59.945  2752  2761 E SQLiteDatabase: 	at android.app.ActivityThread$H.handleMessage(ActivityThread.java:1197)
06-08 14:42:59.945  2752  2761 E SQLiteDatabase: 	at android.os.Handler.dispatchMessage(Handler.java:99)
06-08 14:42:59.945  2752  2761 E SQLiteDatabase: 	at android.os.Looper.loop(Looper.java:137)
06-08 14:42:59.945  2752  2761 E SQLiteDatabase: 	at android.app.ActivityThread.main(ActivityThread.java:4424)
06-08 14:42:59.945  2752  2761 E SQLiteDatabase: 	at java.lang.reflect.Method.invokeNative(Native Method)
06-08 14:42:59.945  2752  2761 E SQLiteDatabase: 	at java.lang.reflect.Method.invoke(Method.java:511)
06-08 14:42:59.945  2752  2761 E SQLiteDatabase: 	at com.android.internal.os.ZygoteInit$MethodAndArgsCaller.run(ZygoteInit.java:784)
06-08 14:42:59.945  2752  2761 E SQLiteDatabase: 	at com.android.internal.os.ZygoteInit.main(ZygoteInit.java:551)
06-08 14:42:59.945  2752  2761 E SQLiteDatabase: 	at dalvik.system.NativeStart.main(Native Method)
06-08 14:43:00.027  2752  2761 E System  : Uncaught exception thrown by finalizer
06-08 14:43:00.093  2792  2794 D dalvikvm: GC_CONCURRENT freed 170K, 3% free 9365K/9607K, paused 4ms+2ms
06-08 14:43:00.164  2752  2761 E System  : java.lang.IllegalStateException: Don't have database lock!
06-08 14:43:00.164  2752  2761 E System  : 	at android.database.sqlite.SQLiteDatabase.verifyLockOwner(SQLiteDatabase.java:2090)
06-08 14:43:00.164  2752  2761 E System  : 	at android.database.sqlite.SQLiteDatabase$1.entryRemoved(SQLiteDatabase.java:2182)
06-08 14:43:00.164  2752  2761 E System  : 	at android.database.sqlite.SQLiteDatabase$1.entryRemoved(SQLiteDatabase.java:2178)
06-08 14:43:00.164  2752  2761 E System  : 	at android.util.LruCache.trimToSize(LruCache.java:197)
06-08 14:43:00.164  2752  2761 E System  : 	at android.util.LruCache.evictAll(LruCache.java:285)
06-08 14:43:00.164  2752  2761 E System  : 	at android.database.sqlite.SQLiteDatabase.deallocCachedSqlStatements(SQLiteDatabase.java:2143)
06-08 14:43:00.164  2752  2761 E System  : 	at android.database.sqlite.SQLiteDatabase.closeClosable(SQLiteDatabase.java:1126)
06-08 14:43:00.164  2752  2761 E System  : 	at android.database.sqlite.SQLiteDatabase.finalize(SQLiteDatabase.java:1914)
06-08 14:43:00.164  2752  2761 E System  : 	at java.lang.Daemons$FinalizerDaemon.doFinalize(Daemons.java:182)
06-08 14:43:00.164  2752  2761 E System  : 	at java.lang.Daemons$FinalizerDaemon.run(Daemons.java:168)
06-08 14:43:00.164  2752  2761 E System  : 	at java.lang.Thread.run(Thread.java:856)
06-08 14:43:00.320  2792  2794 D dalvikvm: GC_CONCURRENT freed 171K, 3% free 9638K/9927K, paused 2ms+4ms
06-08 14:43:00.433  2520  2523 D dalvikvm: GC_CONCURRENT freed 354K, 7% free 9570K/10183K, paused 23ms+4ms
06-08 14:43:00.441  2792  2808 I SqliteDatabaseCpp: sqlite returned: error code = 5, msg = statement aborts at 1: [PRAGMA journal_mode=TRUNCATE] , db=/data/data/com.google.android.apps.maps/databases/webview.db
06-08 14:43:00.629  2489  2491 D dalvikvm: GC_CONCURRENT freed 392K, 7% free 9294K/9927K, paused 42ms+2ms
06-08 14:43:00.843   389   391 D dalvikvm: GC_CONCURRENT freed 206K, 8% free 10153K/10951K, paused 2ms+3ms
06-08 14:43:00.875   389   389 D dalvikvm: GC_FOR_ALLOC freed 352K, 9% free 9970K/10951K, paused 22ms
06-08 14:43:00.921  2520  2523 D dalvikvm: GC_CONCURRENT freed 399K, 7% free 9564K/10183K, paused 9ms+11ms
06-08 14:43:00.968  2685  2687 D dalvikvm: GC_CONCURRENT freed 1171K, 11% free 12768K/14215K, paused 47ms+4ms
06-08 14:43:01.066   389   391 D dalvikvm: GC_CONCURRENT freed 289K, 8% free 10133K/10951K, paused 2ms+3ms
06-08 14:43:01.207  2489  2812 I DownloadManager: deleting /data/data/com.android.providers.downloads/cache/downloadfile.jpeg
06-08 14:43:01.214  2489  2817 I DownloadManager: Initiating request for download 24
06-08 14:43:01.269   151   552 I ActivityManager: Start proc com.google.android.apps.maps:NetworkLocationService for service com.google.android.apps.maps/com.google.android.location.internal.server.NetworkLocationService: pid=2821 uid=10056 gids={3003, 1015}
06-08 14:43:01.449  2821  2823 D dalvikvm: GC_CONCURRENT freed 173K, 3% free 9363K/9607K, paused 23ms+3ms
06-08 14:43:01.687   151   162 D dalvikvm: GC_EXPLICIT freed 875K, 27% free 13787K/18695K, paused 13ms+6ms
06-08 14:43:01.796  2821  2823 D dalvikvm: GC_CONCURRENT freed 158K, 3% free 9673K/9927K, paused 2ms+3ms
06-08 14:43:02.125  2821  2823 D dalvikvm: GC_CONCURRENT freed 175K, 3% free 10065K/10311K, paused 4ms+3ms
06-08 14:43:02.336  2821  2823 D dalvikvm: GC_CONCURRENT freed 664K, 8% free 9882K/10631K, paused 2ms+2ms
06-08 14:43:02.418   151   163 I ActivityManager: Process com.google.android.voicesearch (pid 2364) has died.
06-08 14:43:02.449    82   123 W AudioFlinger: session id 68 not found for pid 82
06-08 14:43:02.812   151   168 I ActivityManager: Start proc com.google.android.apps.maps:FriendService for broadcast com.google.android.apps.maps/com.google.googlenav.friend.android.ServiceReceiver: pid=2846 uid=10056 gids={3003, 1015}
06-08 14:43:02.980  2846  2848 D dalvikvm: GC_CONCURRENT freed 175K, 3% free 9360K/9607K, paused 3ms+3ms
06-08 14:43:03.168  2846  2848 D dalvikvm: GC_CONCURRENT freed 192K, 3% free 9725K/9991K, paused 2ms+4ms
06-08 14:43:03.222  2685  2750 D dalvikvm: GC_FOR_ALLOC freed 686K, 8% free 13145K/14215K, paused 61ms
06-08 14:43:04.332  2685  2687 D dalvikvm: GC_CONCURRENT freed 536K, 5% free 13982K/14599K, paused 3ms+15ms
06-08 14:43:04.386  2821  2823 D dalvikvm: GC_CONCURRENT freed 218K, 6% free 10099K/10631K, paused 4ms+16ms
06-08 14:43:04.796  2821  2842 I x       : Not returning location for the following outliers: [229533826278832]
06-08 14:43:05.140  2821  2823 D dalvikvm: GC_CONCURRENT freed 437K, 5% free 10186K/10695K, paused 3ms+4ms
06-08 14:43:05.148  2520  2523 D dalvikvm: GC_CONCURRENT freed 379K, 6% free 9577K/10183K, paused 112ms+133ms
06-08 14:43:05.246  2489  2864 I DownloadManager: deleting /data/data/com.android.providers.downloads/cache/downloadfile.jpeg
06-08 14:43:05.293  2489  2491 D dalvikvm: GC_CONCURRENT freed 379K, 7% free 9302K/9927K, paused 7ms+3ms
06-08 14:43:05.398  2685  2687 D dalvikvm: GC_CONCURRENT freed 1253K, 9% free 14358K/15751K, paused 3ms+10ms
06-08 14:43:06.136  2685  2692 I dalvikvm: Jit: resizing JitTable from 4096 to 8192
06-08 14:43:06.187  2685  2687 D dalvikvm: GC_CONCURRENT freed 1720K, 12% free 14471K/16263K, paused 3ms+4ms
06-08 14:43:06.730  2685  2701 D dalvikvm: GC_FOR_ALLOC freed 741K, 11% free 14494K/16263K, paused 40ms
06-08 14:43:06.730  2685  2701 I dalvikvm-heap: Grow heap (frag case) to 14.365MB for 147860-byte allocation
06-08 14:43:06.734  2489  2880 I DownloadManager: Initiating request for download 25
06-08 14:43:06.785  2685  2874 D dalvikvm: GC_FOR_ALLOC freed 15K, 12% free 14623K/16455K, paused 41ms
06-08 14:43:07.097  2685  2750 D dalvikvm: GC_FOR_ALLOC freed 507K, 12% free 14634K/16455K, paused 45ms
06-08 14:43:07.121  2685  2750 I dalvikvm-heap: Grow heap (frag case) to 14.860MB for 524304-byte allocation
06-08 14:43:07.171  2685  2875 D dalvikvm: GC_FOR_ALLOC freed 5K, 12% free 15140K/17031K, paused 37ms
06-08 14:43:07.261  2685  2750 D dalvikvm: GC_FOR_ALLOC freed 244K, 9% free 15556K/17031K, paused 39ms
06-08 14:43:07.265  2685  2750 I dalvikvm-heap: Grow heap (frag case) to 15.953MB for 726450-byte allocation
06-08 14:43:07.316  2685  2744 D dalvikvm: GC_FOR_ALLOC freed <1K, 9% free 16265K/17799K, paused 41ms
06-08 14:43:07.468  2685  2750 D dalvikvm: GC_FOR_ALLOC freed 1576K, 17% free 15114K/18183K, paused 38ms
06-08 14:43:07.933  1236  1248 V GoogleLoginService: Returning error intent with: ComponentInfo{com.google.android.gsf.login/com.google.android.gsf.login.LoginActivity}
06-08 14:43:08.058   151   666 I ActivityManager: Process android.process.acore (pid 596) has died.
06-08 14:43:08.461  1236  1248 V GoogleLoginService: Returning error intent with: ComponentInfo{com.google.android.gsf.login/com.google.android.gsf.login.LoginActivity}
06-08 14:43:08.722  2520  2523 D dalvikvm: GC_CONCURRENT freed 375K, 6% free 9595K/10183K, paused 71ms+7ms
06-08 14:43:08.730  2821  2842 I x       : Not returning location for the following outliers: [229533826278832]
06-08 14:43:08.785  1236  1248 V GoogleLoginService: Returning error intent with: ComponentInfo{com.google.android.gsf.login/com.google.android.gsf.login.LoginActivity}
06-08 14:43:09.328  2489  2886 I DownloadManager: deleting /data/data/com.android.providers.downloads/cache/downloadfile.jpeg
06-08 14:43:09.457  2489  2491 D dalvikvm: GC_CONCURRENT freed 387K, 7% free 9301K/9927K, paused 3ms+3ms
06-08 14:43:09.671  2685  2687 D dalvikvm: GC_CONCURRENT freed 1921K, 17% free 15143K/18183K, paused 2ms+4ms
06-08 14:43:09.832  2489  2888 I DownloadManager: Initiating request for download 26
06-08 14:43:09.890  2520  2535 D dalvikvm: GC_FOR_ALLOC freed 323K, 6% free 9585K/10183K, paused 21ms
06-08 14:43:09.949  2520  2535 D dalvikvm: GC_FOR_ALLOC freed 155K, 6% free 9578K/10183K, paused 34ms
06-08 14:43:10.289  2520  2535 D dalvikvm: GC_EXPLICIT freed 263K, 7% free 9537K/10183K, paused 3ms+3ms
06-08 14:43:10.492  2520  2535 I Gmail   : MainSyncRequestProto: lowestBkwdConvoId: 0, highestHandledServerOp: 3941475, normalSync: true
06-08 14:43:10.914  2685  2687 D dalvikvm: GC_CONCURRENT freed 1665K, 16% free 15402K/18183K, paused 3ms+8ms
06-08 14:43:11.269  2489  2893 I DownloadManager: deleting /data/data/com.android.providers.downloads/cache/downloadfile.jpeg
06-08 14:43:11.398  2489  2491 D dalvikvm: GC_CONCURRENT freed 377K, 7% free 9313K/9927K, paused 6ms+3ms
06-08 14:43:11.476  2489  2895 I DownloadManager: Initiating request for download 27
06-08 14:43:11.949  2685  2687 D dalvikvm: GC_CONCURRENT freed 1688K, 14% free 15639K/18183K, paused 3ms+8ms
06-08 14:43:12.586   151   493 D dalvikvm: GC_EXPLICIT freed 730K, 27% free 13828K/18695K, paused 11ms+13ms
06-08 14:43:12.687  2489  2901 I DownloadManager: deleting /data/data/com.android.providers.downloads/cache/downloadfile.jpeg
06-08 14:43:13.183  2685  2687 D dalvikvm: GC_CONCURRENT freed 2293K, 17% free 15273K/18183K, paused 3ms+9ms
06-08 14:43:13.441   151   168 I ActivityManager: Start proc android.process.acore for broadcast com.android.providers.contacts/.PackageIntentReceiver: pid=2903 uid=10000 gids={3003, 1015}
06-08 14:43:13.480    80    80 D dalvikvm: GC_EXPLICIT freed 37K, 4% free 9031K/9347K, paused 2ms+3ms
06-08 14:43:13.507    80    80 D dalvikvm: GC_EXPLICIT freed <1K, 4% free 9031K/9347K, paused 1ms+3ms
06-08 14:43:13.539    80    80 D dalvikvm: GC_EXPLICIT freed <1K, 4% free 9031K/9347K, paused 1ms+3ms
06-08 14:43:13.605   485   485 I RegisteredComponentCache: ComponentInfo: ResolveInfo{41332d18 com.android.apps.tag.TagViewer p=0 o=0 m=0x108000}, techs: android.nfc.tech.Ndef, 
06-08 14:43:13.777   151   167 D PackageManager: generateServicesMap(android.accounts.AccountAuthenticator): 3 services unchanged
06-08 14:43:13.855  2821  2842 I x       : Not returning location for the following outliers: [229533826278832]
06-08 14:43:14.015  2821  2823 D dalvikvm: GC_CONCURRENT freed 539K, 6% free 10181K/10823K, paused 2ms+16ms
06-08 14:43:14.031  2903  2903 I ActivityThread: Pub com.android.voicemail: com.android.providers.contacts.VoicemailContentProvider
06-08 14:43:14.043  1696  1696 I Launcher: setLoadOnResume
06-08 14:43:14.136  2903  2903 I ActivityThread: Pub user_dictionary: com.android.providers.userdictionary.UserDictionaryProvider
06-08 14:43:14.199  2903  2903 I ActivityThread: Pub com.android.social: com.android.providers.contacts.SocialProvider
06-08 14:43:14.199  2903  2903 I ActivityThread: Pub applications: com.android.providers.applications.ApplicationsProvider
06-08 14:43:14.339  2685  2687 D dalvikvm: GC_CONCURRENT freed 1797K, 16% free 15405K/18183K, paused 5ms+9ms
06-08 14:43:14.398   151   167 D PackageManager: generateServicesMap(android.content.SyncAdapter): 10 services unchanged
06-08 14:43:14.617  2903  2905 D dalvikvm: GC_CONCURRENT freed 346K, 5% free 9148K/9607K, paused 2ms+2ms
06-08 14:43:14.625  2903  2903 I ActivityThread: Pub contacts;com.android.contacts: com.android.providers.contacts.ContactsProvider2
06-08 14:43:14.711  2903  2903 I ActivityThread: Pub call_log: com.android.providers.contacts.CallLogProvider
06-08 14:43:15.660  1696  1698 D dalvikvm: GC_CONCURRENT freed 949K, 35% free 12414K/18823K, paused 67ms+13ms
06-08 14:43:15.882  2903  2905 D dalvikvm: GC_CONCURRENT freed 197K, 4% free 9356K/9671K, paused 29ms+7ms
06-08 14:43:15.914  2489  2918 I DownloadManager: Initiating request for download 28
06-08 14:43:15.949  2520  2523 D dalvikvm: GC_CONCURRENT freed 343K, 6% free 9586K/10183K, paused 2ms+11ms
06-08 14:43:15.953  2489  2491 D dalvikvm: GC_CONCURRENT freed 381K, 7% free 9325K/9927K, paused 3ms+9ms
06-08 14:43:16.586  2685  2687 D dalvikvm: GC_CONCURRENT freed 1818K, 15% free 15510K/18183K, paused 3ms+10ms
06-08 14:43:17.082   151  1038 I ActivityManager: Process com.google.android.tts (pid 2210) has died.
06-08 14:43:18.070    82   122 D AudioHardware: AudioHardware pcm playback is exiting standby.
06-08 14:43:18.070    82   122 D AudioHardware: openPcmOut_l() mPcmOpenCnt: 0
06-08 14:43:18.687  2685  2687 D dalvikvm: GC_CONCURRENT freed 1326K, 11% free 16221K/18183K, paused 45ms+6ms
06-08 14:43:18.906  2821  2842 I x       : Not returning location for the following outliers: [229533826278832]
06-08 14:43:19.156  2685  2685 W View    : couldn't find next focus view specified by user for id 2131755364
06-08 14:43:19.421  2520  2523 D dalvikvm: GC_CONCURRENT freed 385K, 6% free 9594K/10183K, paused 2ms+13ms
06-08 14:43:19.902  2489  2930 I DownloadManager: deleting /data/data/com.android.providers.downloads/cache/downloadfile.jpeg
06-08 14:43:20.043   389   389 D dalvikvm: GC_FOR_ALLOC freed 26K, 8% free 10184K/10951K, paused 40ms
06-08 14:43:20.046   389   389 I dalvikvm-heap: Grow heap (frag case) to 10.178MB for 174736-byte allocation
06-08 14:43:20.086   151   552 I ActivityManager: Process com.google.android.partnersetup (pid 2589) has died.
06-08 14:43:20.097   389   389 D dalvikvm: GC_FOR_ALLOC freed <1K, 8% free 10355K/11143K, paused 48ms
06-08 14:43:20.207   389   389 D dalvikvm: GC_FOR_ALLOC freed 192K, 9% free 10170K/11143K, paused 30ms
06-08 14:43:21.113  2489  2934 I DownloadManager: Initiating request for download 29
06-08 14:43:21.164    82   122 D AudioHardware: AudioHardware pcm playback is going to standby.
06-08 14:43:21.164    82   122 D AudioHardware: closePcmOut_l() mPcmOpenCnt: 1
06-08 14:43:21.187  2489  2491 D dalvikvm: GC_CONCURRENT freed 413K, 7% free 9296K/9927K, paused 26ms+2ms
06-08 14:43:21.488  2685  2687 D dalvikvm: GC_CONCURRENT freed 1137K, 7% free 17041K/18311K, paused 13ms+20ms
06-08 14:43:21.793  2520  2535 D dalvikvm: GC_EXPLICIT freed 246K, 6% free 9575K/10183K, paused 3ms+8ms
06-08 14:43:22.007  2520  2535 I Gmail   : MainSyncRequestProto: lowestBkwdConvoId: 0, highestHandledServerOp: 3941475, normalSync: true
06-08 14:43:22.488  2489  2941 I DownloadManager: deleting /data/data/com.android.providers.downloads/cache/downloadfile.jpeg
06-08 14:43:22.867  2489  2943 I DownloadManager: Initiating request for download 30
06-08 14:43:23.070  2489  2491 D dalvikvm: GC_CONCURRENT freed 374K, 7% free 9316K/9927K, paused 11ms+3ms
06-08 14:43:23.363   151  2421 I ActivityManager: Process com.android.musicfx (pid 2602) has died.
06-08 14:43:23.886  2821  2842 I x       : Not returning location for the following outliers: [229533826278832]
06-08 14:43:24.011  2821  2823 D dalvikvm: GC_CONCURRENT freed 503K, 6% free 10189K/10823K, paused 2ms+3ms
06-08 14:43:24.554  2489  2948 I DownloadManager: deleting /data/data/com.android.providers.downloads/cache/downloadfile.jpeg
06-08 14:43:24.722  2520  2523 D dalvikvm: GC_CONCURRENT freed 366K, 6% free 9596K/10183K, paused 2ms+11ms
06-08 14:43:25.046  2489  2950 D dalvikvm: GC_EXPLICIT freed 350K, 7% free 9299K/9927K, paused 11ms+8ms
06-08 14:43:25.058  2489  2950 I DownloadManager: Initiating request for download 31
06-08 14:43:25.554  2520  2523 D dalvikvm: GC_CONCURRENT freed 398K, 6% free 9582K/10183K, paused 6ms+4ms
06-08 14:43:26.187   151  2421 D dalvikvm: GC_EXPLICIT freed 955K, 26% free 13871K/18695K, paused 11ms+9ms
06-08 14:43:26.304  2520  2535 D dalvikvm: GC_EXPLICIT freed 201K, 7% free 9564K/10183K, paused 6ms+12ms
06-08 14:43:26.386  2520  2535 I Gmail   : MainSyncRequestProto: lowestBkwdConvoId: 0, highestHandledServerOp: 3941475, normalSync: true
06-08 14:43:26.543  2489  2955 I DownloadManager: deleting /data/data/com.android.providers.downloads/cache/downloadfile.jpeg
06-08 14:43:26.742  2489  2957 I DownloadManager: Initiating request for download 32
06-08 14:43:26.800  2489  2491 D dalvikvm: GC_CONCURRENT freed 362K, 7% free 9324K/9927K, paused 3ms+8ms
06-08 14:43:28.644  2489  2963 I DownloadManager: deleting /data/data/com.android.providers.downloads/cache/downloadfile.jpeg
06-08 14:43:28.738  1236  1238 D dalvikvm: GC_CONCURRENT freed 390K, 7% free 9836K/10567K, paused 11ms+5ms
06-08 14:43:28.832  2821  2842 I x       : Not returning location for the following outliers: [229533826278832]
06-08 14:43:28.957   559   561 D dalvikvm: GC_CONCURRENT freed 291K, 12% free 10498K/11847K, paused 11ms+21ms
06-08 14:43:29.164  2489  2965 I DownloadManager: Initiating request for download 33
06-08 14:43:29.238  2520  2523 D dalvikvm: GC_CONCURRENT freed 343K, 6% free 9615K/10183K, paused 3ms+5ms
06-08 14:43:29.324  2489  2491 D dalvikvm: GC_CONCURRENT freed 404K, 7% free 9316K/9927K, paused 11ms+3ms
06-08 14:43:29.847  2520  2535 D dalvikvm: GC_EXPLICIT freed 440K, 7% free 9561K/10183K, paused 3ms+3ms
06-08 14:43:29.863  2520  2535 I Gmail   : MainSyncRequestProto: lowestBkwdConvoId: 0, highestHandledServerOp: 3941475, normalSync: true
06-08 14:43:30.418  2489  2971 I DownloadManager: deleting /data/data/com.android.providers.downloads/cache/downloadfile.jpeg
06-08 14:43:30.527  2489  2973 I DownloadManager: Initiating request for download 34
06-08 14:43:30.640  2489  2491 D dalvikvm: GC_CONCURRENT freed 371K, 6% free 9337K/9927K, paused 2ms+5ms
06-08 14:43:31.214  2685  2685 W View    : couldn't find next focus view specified by user for id 2131755364
06-08 14:43:31.261   151   162 I ActivityManager: Start proc com.google.android.voicesearch for service com.google.android.voicesearch/.ime.VoiceInputMethodService: pid=2979 uid=10052 gids={3002, 3003, 1015}
06-08 14:43:31.582  2979  2979 I ActivityThread: Pub com.google.android.voicesearch: com.google.android.voicesearch.AudioProvider
06-08 14:43:31.839  2979  2979 I VoiceInputMethodService: #onCreate
06-08 14:43:31.921  2685  2685 W View    : couldn't find next focus view specified by user for id 2131755364
06-08 14:43:31.949  2979  2979 I VoiceInputMethodService: #showWindow[true]
06-08 14:43:31.949  2979  2979 I VoiceInputMethodService: #onCreateInputView
06-08 14:43:32.019  2979  2980 D dalvikvm: GC_CONCURRENT freed 196K, 4% free 9299K/9607K, paused 13ms+3ms
06-08 14:43:32.234  2979  2979 D dalvikvm: GC_FOR_ALLOC freed 4K, 4% free 9565K/9863K, paused 17ms
06-08 14:43:32.269  2979  2979 I VoiceInputMethodService: #onStartInputView [false] com.google.android.voicesearch.ime.VoiceInputMethodService@41359be0
06-08 14:43:32.281   151   162 I ActivityManager: Process com.android.defcontainer (pid 2064) has died.
06-08 14:43:32.418  2979  2979 I VoiceInputMethodService: #startRecognition en-US
06-08 14:43:32.449  2979  2979 I VoiceRecognitionDelegate: Create new recognition controller
06-08 14:43:32.543  2979  2980 D dalvikvm: GC_CONCURRENT freed 182K, 3% free 9895K/10183K, paused 4ms+7ms
06-08 14:43:32.605  2979  3000 I RecognitionControllerImpl: startRecognition(RecognitionParameters{session=null,request=0})
06-08 14:43:32.605  2979  3000 I RecognitionControllerImpl: State change: STARTING -> STARTING
06-08 14:43:32.609  2979  3000 I RecognitionControllerImpl: New mic stream.
06-08 14:43:32.898  2979  3000 I MicrophoneInputStream: #new 1
06-08 14:43:32.933   151  1035 I AudioService:  AudioFocus  requestAudioFocus() from android.media.AudioManager@41354230
06-08 14:43:32.937  2979  3000 I RecognitionControllerImpl: State change: STARTING -> RECOGNIZING
06-08 14:43:32.941  2979  3000 I MediaProxyServerConnection: Starting TCP session, [url=http://www.google.com/m/voice-search]
06-08 14:43:32.949    82  3002 D AudioHardware: AudioStreamInALSA::setParameters() input_source=6;routing=262144
06-08 14:43:32.949    82  3002 D AudioHardware: AudioHardware pcm capture is exiting standby.
06-08 14:43:32.988  2979  2980 D dalvikvm: GC_CONCURRENT freed 168K, 3% free 10231K/10503K, paused 14ms+6ms
06-08 14:43:33.261  2979  3004 I RecognitionControllerImpl: onReadyForSpeech, noise level:30.658546, snr:1.5856313
06-08 14:43:33.339  2979  3000 I SpeechServiceHttpClient: Closing the HTTP client.
06-08 14:43:33.339  2979  3000 I qtaguid : Failed write_ctrl(u 54) res=-1 errno=22
06-08 14:43:33.339  2979  3000 I qtaguid : Untagging socket 54 failed errno=-22
06-08 14:43:33.339  2979  3000 W NetworkManagementSocketTagger: untagSocket(54) failed with errno -22
06-08 14:43:33.343  2979  3000 I ServerConnectorImpl: Created session ba94ed6141bf3bcf77548187088bd8d3
06-08 14:43:33.351  2979  3000 I MediaProxyServerConnection: Creating TCP connection to 173.194.73.126:19294
06-08 14:43:33.441  2979  3000 I qtaguid : Failed write_ctrl(t -1 281479271677952 -1) res=-1 errno=9
06-08 14:43:33.441  2979  3000 I qtaguid : Tagging socket -1 with tag 1000100000000(65537) for uid -1 failed errno=-9
06-08 14:43:33.445  2979  3000 I NetworkManagementSocketTagger: tagSocketFd(-1, 65537, -1) failed with errno-9
06-08 14:43:33.550  2979  3009 I MediaProxyTcpConnectionImpl: Sending STUN packet [nextDelay=100]
06-08 14:43:33.613  2979  3000 I MediaProxyTcpConnectionImpl: #receiveStunResponsePacket
06-08 14:43:33.617  2979  2980 D dalvikvm: GC_CONCURRENT freed 193K, 3% free 10447K/10759K, paused 15ms+14ms
06-08 14:43:33.644   151   374 I ActivityManager: Process android.process.acore (pid 2903) has died.
06-08 14:43:33.859  1126  1126 D OpenGLRenderer: Flushing caches (mode 1)
06-08 14:43:33.902  2821  2842 I x       : Not returning location for the following outliers: [229533826278832]
06-08 14:43:33.957  1696  1696 D OpenGLRenderer: Flushing caches (mode 2)
06-08 14:43:34.015  2821  2823 D dalvikvm: GC_CONCURRENT freed 508K, 6% free 10192K/10823K, paused 2ms+3ms
06-08 14:43:34.156  1126  1126 D OpenGLRenderer: Flushing caches (mode 1)
06-08 14:43:34.175  1696  1696 D OpenGLRenderer: Flushing caches (mode 0)
06-08 14:43:34.605   151  1035 D dalvikvm: GC_EXPLICIT freed 617K, 27% free 13826K/18695K, paused 10ms+24ms
06-08 14:43:34.636  2489  3011 I DownloadManager: deleting /data/data/com.android.providers.downloads/cache/downloadfile.jpeg
06-08 14:43:35.222  2520  2539 D dalvikvm: GC_EXPLICIT freed 297K, 6% free 9602K/10183K, paused 20ms+4ms
06-08 14:43:35.886  2979  2979 I com.google.android.voicesearch.ime.VoiceInputMethodService@41359be0: #onInProgressPartialResults
06-08 14:43:35.890  2979  2979 I com.google.android.voicesearch.ime.VoiceInputMethodService@41359be0: #onInProgressPartialResults
06-08 14:43:36.011  2489  3014 I DownloadManager: Initiating request for download 35
06-08 14:43:36.308  2489  2491 D dalvikvm: GC_CONCURRENT freed 372K, 6% free 9355K/9927K, paused 2ms+20ms
06-08 14:43:36.398  2979  2979 I com.google.android.voicesearch.ime.VoiceInputMethodService@41359be0: #onInProgressPartialResults
06-08 14:43:36.671  2979  2979 I com.google.android.voicesearch.ime.VoiceInputMethodService@41359be0: #onInProgressPartialResults
06-08 14:43:37.277  2979  2979 I com.google.android.voicesearch.ime.VoiceInputMethodService@41359be0: #onInProgressPartialResults
06-08 14:43:37.285  2979  2979 I com.google.android.voicesearch.ime.VoiceInputMethodService@41359be0: #onInProgressPartialResults
06-08 14:43:37.285  2979  2979 I com.google.android.voicesearch.ime.VoiceInputMethodService@41359be0: #onInProgressPartialResults
06-08 14:43:37.285  2979  2979 I com.google.android.voicesearch.ime.VoiceInputMethodService@41359be0: #onInProgressPartialResults
06-08 14:43:37.484  2979  2979 I com.google.android.voicesearch.ime.VoiceInputMethodService@41359be0: #onInProgressPartialResults
06-08 14:43:37.785  2979  2979 I com.google.android.voicesearch.ime.VoiceInputMethodService@41359be0: #onInProgressPartialResults
06-08 14:43:37.789  2979  2979 I com.google.android.voicesearch.ime.VoiceInputMethodService@41359be0: #onInProgressPartialResults
06-08 14:43:37.789  2979  2979 I com.google.android.voicesearch.ime.VoiceInputMethodService@41359be0: #onInProgressPartialResults
06-08 14:43:37.789  2979  2979 I com.google.android.voicesearch.ime.VoiceInputMethodService@41359be0: #onInProgressPartialResults
06-08 14:43:37.789  2979  2979 I VoiceInputMethodService: #showWindow[true]
06-08 14:43:38.093  2979  2979 I com.google.android.voicesearch.ime.VoiceInputMethodService@41359be0: #onInProgressPartialResults
06-08 14:43:38.093  2979  2979 I com.google.android.voicesearch.ime.VoiceInputMethodService@41359be0: #onInProgressPartialResults
06-08 14:43:38.093  2979  2979 I com.google.android.voicesearch.ime.VoiceInputMethodService@41359be0: #onInProgressPartialResults
06-08 14:43:38.421  2979  2979 I com.google.android.voicesearch.ime.VoiceInputMethodService@41359be0: #onInProgressPartialResults
06-08 14:43:38.566   454   472 E ActivityThread: Failed to find provider info for com.android.inputmethod.latin.dictionarypack
06-08 14:43:38.605   454   472 E BinaryDictionaryGetter: Could not find a dictionary pack
06-08 14:43:38.703   151   151 I ActivityManager: Start proc android.process.acore for content provider com.android.providers.userdictionary/.UserDictionaryProvider: pid=3023 uid=10000 gids={3003, 1015}
06-08 14:43:38.796  3023  3023 I ActivityThread: Pub com.android.voicemail: com.android.providers.contacts.VoicemailContentProvider
06-08 14:43:38.886  3023  3023 I ActivityThread: Pub user_dictionary: com.android.providers.userdictionary.UserDictionaryProvider
06-08 14:43:38.953  2821  2842 I x       : Not returning location for the following outliers: [229533826278832]
06-08 14:43:38.964  3023  3023 I ActivityThread: Pub com.android.social: com.android.providers.contacts.SocialProvider
06-08 14:43:38.984  3023  3023 I ActivityThread: Pub applications: com.android.providers.applications.ApplicationsProvider
06-08 14:43:39.277  3023  3023 I ActivityThread: Pub contacts;com.android.contacts: com.android.providers.contacts.ContactsProvider2
06-08 14:43:39.390  3023  3025 D dalvikvm: GC_CONCURRENT freed 348K, 5% free 9187K/9607K, paused 7ms+11ms
06-08 14:43:39.496  3023  3023 I ActivityThread: Pub call_log: com.android.providers.contacts.CallLogProvider
06-08 14:43:39.781  2979  2979 I com.google.android.voicesearch.ime.VoiceInputMethodService@41359be0: #onInProgressResults
06-08 14:43:39.875  2685  2685 W View    : couldn't find next focus view specified by user for id 2131755364
06-08 14:43:39.894  2979  2979 I VoiceInputMethodService: #onStartInputView [true] com.google.android.voicesearch.ime.VoiceInputMethodService@41359be0
06-08 14:43:39.894  2979  2979 I VoiceInputMethodService: #showWindow[true]
06-08 14:43:40.382   454   457 D dalvikvm: GC_CONCURRENT freed 910K, 21% free 9922K/12423K, paused 10ms+12ms
06-08 14:43:40.625  2489  3039 I DownloadManager: deleting /data/data/com.android.providers.downloads/cache/downloadfile.jpeg
06-08 14:43:40.812  1126  1126 D OpenGLRenderer: Flushing caches (mode 1)
06-08 14:43:41.734  2489  3042 I DownloadManager: Initiating request for download 36
06-08 14:43:42.152  2520  2523 D dalvikvm: GC_CONCURRENT freed 455K, 6% free 9614K/10183K, paused 13ms+4ms
06-08 14:43:43.195  2489  2491 D dalvikvm: GC_CONCURRENT freed 488K, 7% free 9313K/9927K, paused 18ms+17ms
06-08 14:43:43.488  3023  3025 D dalvikvm: GC_CONCURRENT freed 198K, 4% free 9403K/9735K, paused 3ms+9ms
06-08 14:43:44.023  2821  2842 I x       : Not returning location for the following outliers: [229533826278832]
06-08 14:43:44.289  2821  2823 D dalvikvm: GC_CONCURRENT freed 507K, 6% free 10197K/10823K, paused 6ms+15ms
06-08 14:43:44.816   454   457 D dalvikvm: GC_CONCURRENT freed 189K, 18% free 10245K/12423K, paused 2ms+15ms
06-08 14:43:45.109   454   457 D dalvikvm: GC_CONCURRENT freed 179K, 15% free 10578K/12423K, paused 3ms+12ms
06-08 14:43:45.425   454   457 D dalvikvm: GC_CONCURRENT freed 200K, 13% free 10896K/12423K, paused 4ms+16ms
06-08 14:43:46.468  2489  3047 I DownloadManager: deleting /data/data/com.android.providers.downloads/cache/downloadfile.jpeg
06-08 14:43:46.898  1236  1236 D dalvikvm: GC_EXPLICIT freed 102K, 8% free 9788K/10567K, paused 17ms+26ms
06-08 14:43:46.921  1126  1126 D OpenGLRenderer: Flushing caches (mode 1)
06-08 14:43:47.472   454   457 D dalvikvm: GC_CONCURRENT freed 302K, 11% free 11094K/12423K, paused 9ms+5ms
06-08 14:43:47.781  2520  2535 D dalvikvm: GC_EXPLICIT freed 262K, 7% free 9552K/10183K, paused 32ms+35ms
06-08 14:43:47.929  2489  3051 I DownloadManager: Initiating request for download 37
06-08 14:43:48.089  2520  2535 I Gmail   : MainSyncRequestProto: lowestBkwdConvoId: 0, highestHandledServerOp: 3941475, normalSync: true
06-08 14:43:48.277  2137  2241 I PhoneLab-: Service Running
06-08 14:43:48.363  1126  1126 D OpenGLRenderer: Flushing caches (mode 1)
06-08 14:43:48.718  2137  2241 I PhoneLab-LoggerService: app_38    1301  1     1788   1344  c00f181c 400107b4 S logcat
06-08 14:43:48.718  2137  2241 I PhoneLab-LoggerService: Logcat pid from database 1301
06-08 14:43:48.718  2137  2241 I PhoneLab-LoggerService: Logcat process found 1301
06-08 14:43:48.718  2137  2241 I PhoneLab-LoggerService: Checking Threshold
06-08 14:43:48.734  2137  2241 I PhoneLab-LoggerService: Starting to rename files
06-08 14:43:48.734  2137  2241 I PhoneLab-LoggerService: Files found .. 2
06-08 14:43:48.742  2137  2241 I PhoneLab-LoggerService: File 1 log.out.1
06-08 14:43:48.773  2137  2241 I PhoneLab-LoggerService: Renamed successfully
06-08 14:43:49.031  2821  2842 I x       : Not returning location for the following outliers: [229533826278832]
06-08 14:43:49.429  2489  2491 D dalvikvm: GC_CONCURRENT freed 378K, 6% free 9334K/9927K, paused 5ms+8ms
06-08 14:43:51.789   151   374 D dalvikvm: GC_EXPLICIT freed 621K, 26% free 13842K/18695K, paused 26ms+16ms
06-08 14:43:53.511  2489  3061 I DownloadManager: deleting /data/data/com.android.providers.downloads/cache/downloadfile.jpeg
06-08 14:43:53.523  2489  3062 I DownloadManager: Initiating request for download 38
06-08 14:43:54.062  2821  2842 I x       : Not returning location for the following outliers: [229533826278832]
06-08 14:43:54.242  2821  2823 D dalvikvm: GC_CONCURRENT freed 506K, 6% free 10202K/10823K, paused 3ms+13ms
06-08 14:43:54.339  2979  2979 I com.google.android.voicesearch.ime.VoiceInputMethodService@41359be0: #onInProgressPartialResults
06-08 14:43:54.754  2489  2491 D dalvikvm: GC_CONCURRENT freed 383K, 6% free 9355K/9927K, paused 2ms+5ms
06-08 14:43:55.171  2520  2523 D dalvikvm: GC_CONCURRENT freed 353K, 6% free 9584K/10183K, paused 2ms+3ms
06-08 14:43:55.703  2979  2979 I com.google.android.voicesearch.ime.VoiceInputMethodService@41359be0: #onInProgressResults
06-08 14:43:56.671  2489  3070 I DownloadManager: deleting /data/data/com.android.providers.downloads/cache/downloadfile.jpeg
06-08 14:43:56.789  1126  1126 D OpenGLRenderer: Flushing caches (mode 1)
06-08 14:43:57.492    82   122 D AudioHardware: AudioHardware pcm playback is exiting standby.
06-08 14:43:57.527    82   122 D AudioHardware: openPcmOut_l() mPcmOpenCnt: 0
06-08 14:43:57.554  2489  3072 I DownloadManager: Initiating request for download 39
06-08 14:43:57.839  2520  2523 D dalvikvm: GC_CONCURRENT freed 356K, 6% free 9633K/10183K, paused 37ms+13ms
06-08 14:43:58.164  2520  2535 D dalvikvm: GC_FOR_ALLOC freed 239K, 7% free 9549K/10247K, paused 75ms
06-08 14:43:58.543  2520  2535 D dalvikvm: GC_FOR_ALLOC freed 178K, 7% free 9584K/10247K, paused 55ms
06-08 14:43:58.808  2520  2535 D dalvikvm: GC_FOR_ALLOC freed 135K, 7% free 9552K/10247K, paused 58ms
06-08 14:43:59.019  2979  2980 D dalvikvm: GC_CONCURRENT freed 378K, 5% free 10503K/11015K, paused 7ms+12ms
06-08 14:43:59.109  2821  2842 I x       : Not returning location for the following outliers: [229533826278832]
06-08 14:43:59.359  2520  2535 D dalvikvm: GC_FOR_ALLOC freed 194K, 8% free 9527K/10247K, paused 48ms
06-08 14:43:59.738  2520  2535 D dalvikvm: GC_FOR_ALLOC freed 204K, 8% free 9527K/10247K, paused 38ms
06-08 14:44:00.175  2489  2491 D dalvikvm: GC_CONCURRENT freed 460K, 6% free 9336K/9927K, paused 21ms+4ms
06-08 14:44:00.300  2520  2535 D dalvikvm: GC_FOR_ALLOC freed 90K, 6% free 9654K/10247K, paused 49ms
06-08 14:44:00.390  2685  2692 I dalvikvm: Jit: resizing JitTable from 8192 to 16384
06-08 14:44:00.652    82   122 D AudioHardware: AudioHardware pcm playback is going to standby.
06-08 14:44:00.652    82   122 D AudioHardware: closePcmOut_l() mPcmOpenCnt: 1
06-08 14:44:00.754  2520  2535 D dalvikvm: GC_FOR_ALLOC freed 185K, 7% free 9533K/10247K, paused 55ms
06-08 14:44:00.871  2489  3081 I DownloadManager: deleting /data/data/com.android.providers.downloads/cache/downloadfile.jpeg
06-08 14:44:01.023  2520  2535 D dalvikvm: GC_FOR_ALLOC freed 81K, 6% free 9654K/10247K, paused 73ms
06-08 14:44:01.222  2520  2535 D dalvikvm: GC_FOR_ALLOC freed 183K, 7% free 9538K/10247K, paused 66ms
06-08 14:44:01.406  2520  2535 D dalvikvm: GC_FOR_ALLOC freed 45K, 6% free 9642K/10247K, paused 41ms
06-08 14:44:01.406  2520  2535 I dalvikvm-heap: Grow heap (frag case) to 9.555MB for 71990-byte allocation
06-08 14:44:01.480  2520  2535 D dalvikvm: GC_FOR_ALLOC freed 35K, 7% free 9677K/10375K, paused 73ms
06-08 14:44:02.351  2979  2979 I VoiceInputMethodService: #onViewClicked[false]
06-08 14:44:02.351  2979  2979 I VoiceInputMethodService: #stopRecording
06-08 14:44:02.355  2979  3000 I RecognitionControllerImpl: Will wait for final result for:13000
06-08 14:44:02.711    82  3002 D AudioHardware: AudioHardware pcm capture is going to standby.
06-08 14:44:02.718    82  3002 D AudioHardware: AudioStreamInALSA::setParameters() routing=0
06-08 14:44:02.730  2979  3004 I MicrophoneInputStream: #close - audio release
06-08 14:44:02.738  2979  3010 I RecognitionControllerImpl: State change: RECOGNIZING -> RECOGNIZED
06-08 14:44:02.750  2979  3000 I RecognitionControllerImpl: Final state: RECOGNIZED
06-08 14:44:02.879  2979  3000 I ClientReportBuilder: Scheduling RequestMessage:Header[sessionId=ba94ed6141bf3bcf77548187088bd8d3requestId=0],ClientReportRequest
06-08 14:44:02.879    82   122 D AudioHardware: AudioHardware pcm playback is exiting standby.
06-08 14:44:02.879    82   122 D AudioHardware: openPcmOut_l() mPcmOpenCnt: 0
06-08 14:44:02.879   151   666 I AudioService:  AudioFocus  abandonAudioFocus() from android.media.AudioManager@41354230
06-08 14:44:02.890  2979  2979 I RecognitionControllerImpl: State change: RECOGNIZED -> STOPPED
06-08 14:44:02.890   151   491 I AudioService:  AudioFocus  abandonAudioFocus() from android.media.AudioManager@41354230
06-08 14:44:03.152  2979  3085 I ClientReportSender: Sending 1 client reports over HTTP
06-08 14:44:03.226  2685  2687 D dalvikvm: GC_CONCURRENT freed 2792K, 16% free 16257K/19143K, paused 25ms+24ms
06-08 14:44:03.312  2489  3086 I DownloadManager: Initiating request for download 40
06-08 14:44:03.339  2685  2685 W View    : couldn't find next focus view specified by user for id 2131755364
06-08 14:44:03.363  2979  2979 I VoiceInputMethodService: #showWindow[true]
06-08 14:44:03.363   151  1038 W InputManagerService: Ignoring setImeWindowStatus of uid 10052 token: android.os.Binder@41614900
06-08 14:44:03.488   454  3090 E ActivityThread: Failed to find provider info for com.android.inputmethod.latin.dictionarypack
06-08 14:44:03.492   454  3090 E BinaryDictionaryGetter: Could not find a dictionary pack
06-08 14:44:03.511  2979  2979 I VoiceInputMethodService: #onDestroy
06-08 14:44:03.511  2979  2979 I VoiceInputMethodService: #onFinishInputView false com.google.android.voicesearch.ime.VoiceInputMethodService@41359be0
06-08 14:44:03.625  2685  2685 W View    : couldn't find next focus view specified by user for id 2131755364
06-08 14:44:04.121   454   457 D dalvikvm: GC_CONCURRENT freed 370K, 9% free 11414K/12423K, paused 2ms+10ms
06-08 14:44:04.234  2821  2842 I x       : Not returning location for the following outliers: [229533826278832]
06-08 14:44:04.457  2821  2823 D dalvikvm: GC_CONCURRENT freed 509K, 6% free 10205K/10823K, paused 3ms+11ms
06-08 14:44:04.476   454   454 D dalvikvm: GC_FOR_ALLOC freed 84K, 8% free 11446K/12423K, paused 210ms
06-08 14:44:04.480   454   454 I dalvikvm-heap: Grow heap (frag case) to 11.799MB for 577936-byte allocation
06-08 14:44:04.570   454  3092 D dalvikvm: GC_FOR_ALLOC freed <1K, 8% free 12010K/12999K, paused 79ms
06-08 14:44:04.586   151   153 D dalvikvm: GC_CONCURRENT freed 1087K, 26% free 13937K/18695K, paused 12ms+16ms
06-08 14:44:04.941   454   457 D dalvikvm: GC_CONCURRENT freed 351K, 4% free 12691K/13127K, paused 4ms+5ms
06-08 14:44:05.339  2979  2979 I SpeechServiceHttpClient: Closing the HTTP client.
06-08 14:44:05.421  2520  2535 D dalvikvm: GC_FOR_ALLOC freed 256K, 8% free 9606K/10375K, paused 58ms
06-08 14:44:05.488  2685  2685 W View    : couldn't find next focus view specified by user for id 2131755364
06-08 14:44:05.496   151   163 W InputManagerService: Window already focused, ignoring focus gain of: com.android.internal.view.IInputMethodClient$Stub$Proxy@41652c98
06-08 14:44:05.785  2520  2535 D dalvikvm: GC_FOR_ALLOC freed 254K, 8% free 9566K/10375K, paused 20ms
06-08 14:44:05.871  2520  2535 D dalvikvm: GC_FOR_ALLOC freed 316K, 9% free 9524K/10375K, paused 22ms
06-08 14:44:05.964  2520  2535 D dalvikvm: GC_FOR_ALLOC freed 324K, 9% free 9524K/10375K, paused 33ms
06-08 14:44:06.062  2520  2535 D dalvikvm: GC_FOR_ALLOC freed 360K, 9% free 9524K/10375K, paused 42ms
06-08 14:44:06.136  2520  2535 D dalvikvm: GC_FOR_ALLOC freed 363K, 9% free 9524K/10375K, paused 19ms
06-08 14:44:06.175  2520  2535 D dalvikvm: GC_FOR_ALLOC freed 102K, 7% free 9713K/10375K, paused 20ms
06-08 14:44:06.226  2520  2535 D dalvikvm: GC_FOR_ALLOC freed 265K, 9% free 9524K/10375K, paused 19ms
06-08 14:44:06.265  2520  2535 D dalvikvm: GC_FOR_ALLOC freed 103K, 7% free 9716K/10375K, paused 18ms
06-08 14:44:06.296  2520  2535 D dalvikvm: GC_FOR_ALLOC freed 269K, 9% free 9524K/10375K, paused 18ms
06-08 14:44:06.339  2520  2535 D dalvikvm: GC_FOR_ALLOC freed 114K, 7% free 9737K/10375K, paused 18ms
06-08 14:44:06.406  2520  2535 D dalvikvm: GC_FOR_ALLOC freed 297K, 9% free 9524K/10375K, paused 19ms
06-08 14:44:06.476  2520  2535 D dalvikvm: GC_FOR_ALLOC freed 115K, 7% free 9739K/10375K, paused 20ms
06-08 14:44:06.550  2520  2535 D dalvikvm: GC_FOR_ALLOC freed 299K, 9% free 9524K/10375K, paused 25ms
06-08 14:44:06.629  2489  2507 D dalvikvm: GC_EXPLICIT freed 398K, 7% free 9299K/9927K, paused 8ms+7ms
06-08 14:44:06.722  2520  2535 D dalvikvm: GC_FOR_ALLOC freed 87K, 7% free 9712K/10375K, paused 21ms
06-08 14:44:06.722  2520  2535 I dalvikvm-heap: Grow heap (frag case) to 9.670MB for 121772-byte allocation
06-08 14:44:06.746  2520  2535 D dalvikvm: GC_FOR_ALLOC freed 59K, 7% free 9771K/10503K, paused 23ms
06-08 14:44:07.148  2520  2535 D dalvikvm: GC_FOR_ALLOC freed 342K, 9% free 9594K/10503K, paused 35ms
06-08 14:44:07.203  2489  3103 I DownloadManager: deleting /data/data/com.android.providers.downloads/cache/downloadfile.jpeg
06-08 14:44:07.296  2520  2535 D dalvikvm: GC_FOR_ALLOC freed 143K, 7% free 9776K/10503K, paused 20ms
06-08 14:44:07.625   151   552 D dalvikvm: GC_EXPLICIT freed 389K, 26% free 13841K/18695K, paused 42ms+7ms
06-08 14:44:07.640  2489  3105 I DownloadManager: Initiating request for download 41
06-08 14:44:07.968  2520  2535 D dalvikvm: GC_EXPLICIT freed 491K, 10% free 9555K/10503K, paused 6ms+4ms
06-08 14:44:07.980  2520  2535 I Gmail   : MainSyncRequestProto: lowestBkwdConvoId: 0, highestHandledServerOp: 3941475, normalSync: true
06-08 14:44:08.566  2489  2491 D dalvikvm: GC_CONCURRENT freed 390K, 7% free 9301K/9927K, paused 3ms+4ms
06-08 14:44:08.597  2489  3110 I DownloadManager: deleting /data/data/com.android.providers.downloads/cache/downloadfile.jpeg
06-08 14:44:08.793  2489  3113 I DownloadManager: Initiating request for download 42
06-08 14:44:09.277  2821  2842 I x       : Not returning location for the following outliers: [229533826278832]
06-08 14:44:09.855   151   374 W InputManagerService: Window already focused, ignoring focus gain of: com.android.internal.view.IInputMethodClient$Stub$Proxy@413dfbc8
06-08 14:44:10.234  2489  3122 I DownloadManager: deleting /data/data/com.android.providers.downloads/cache/downloadfile.jpeg
06-08 14:44:10.281  2489  2491 D dalvikvm: GC_CONCURRENT freed 388K, 7% free 9305K/9927K, paused 4ms+26ms
06-08 14:44:12.191  2489  3127 I DownloadManager: Initiating request for download 43
06-08 14:44:12.336  2520  2523 D dalvikvm: GC_CONCURRENT freed 352K, 9% free 9587K/10503K, paused 2ms+4ms
06-08 14:44:13.562  2520  2523 D dalvikvm: GC_CONCURRENT freed 386K, 9% free 9590K/10503K, paused 3ms+9ms
06-08 14:44:13.765  1126  1126 D OpenGLRenderer: Flushing caches (mode 1)
06-08 14:44:13.796  2489  3133 I DownloadManager: deleting /data/data/com.android.providers.downloads/cache/downloadfile.jpeg
06-08 14:44:13.875  2520  2535 D dalvikvm: GC_EXPLICIT freed 100K, 10% free 9548K/10503K, paused 5ms+19ms
06-08 14:44:13.902  2520  2535 I Gmail   : MainSyncRequestProto: lowestBkwdConvoId: 0, highestHandledServerOp: 3941475, normalSync: true
06-08 14:44:13.945  1126  1126 D OpenGLRenderer: Flushing caches (mode 1)
06-08 14:44:14.004  2489  2491 D dalvikvm: GC_CONCURRENT freed 379K, 7% free 9311K/9927K, paused 37ms+3ms
06-08 14:44:14.074  2685  2718 D dalvikvm: GC_EXPLICIT freed 578K, 16% free 16263K/19143K, paused 17ms+9ms
06-08 14:44:14.109  2489  3135 I DownloadManager: Initiating request for download 44
06-08 14:44:14.312  2821  2842 I x       : Not returning location for the following outliers: [229533826278832]
06-08 14:44:14.437  2821  2823 D dalvikvm: GC_CONCURRENT freed 512K, 6% free 10205K/10823K, paused 4ms+3ms
06-08 14:44:14.472    82   122 D AudioHardware: AudioHardware pcm playback is going to standby.
06-08 14:44:14.472    82   122 D AudioHardware: closePcmOut_l() mPcmOpenCnt: 1
06-08 14:44:15.812  2489  3142 I DownloadManager: deleting /data/data/com.android.providers.downloads/cache/downloadfile.jpeg
06-08 14:44:15.937   151  1038 D dalvikvm: GC_EXPLICIT freed 587K, 26% free 13851K/18695K, paused 6ms+8ms
06-08 14:44:16.093  2520  2523 D dalvikvm: GC_CONCURRENT freed 344K, 9% free 9600K/10503K, paused 2ms+7ms
06-08 14:44:16.132  2489  2491 D dalvikvm: GC_CONCURRENT freed 371K, 7% free 9325K/9927K, paused 4ms+4ms
06-08 14:44:16.195  2489  3144 I DownloadManager: Initiating request for download 45
06-08 14:44:16.414  2520  2523 D dalvikvm: GC_CONCURRENT freed 434K, 9% free 9577K/10503K, paused 2ms+3ms
06-08 14:44:16.726  2520  2535 D dalvikvm: GC_EXPLICIT freed 114K, 10% free 9539K/10503K, paused 3ms+3ms
06-08 14:44:16.738  2520  2535 I Gmail   : MainSyncRequestProto: lowestBkwdConvoId: 0, highestHandledServerOp: 3941475, normalSync: true
06-08 14:44:18.406    82   122 D AudioHardware: AudioHardware pcm playback is exiting standby.
06-08 14:44:18.406    82   122 D AudioHardware: openPcmOut_l() mPcmOpenCnt: 0
06-08 14:44:18.832  2489  3151 I DownloadManager: deleting /data/data/com.android.providers.downloads/cache/downloadfile.jpeg
06-08 14:44:19.121  2489  2491 D dalvikvm: GC_CONCURRENT freed 410K, 7% free 9302K/9927K, paused 2ms+3ms
06-08 14:44:19.238  2489  3153 I DownloadManager: Initiating request for download 46
06-08 14:44:19.336  2821  2842 I x       : Not returning location for the following outliers: [229533826278832]
06-08 14:44:19.726  2520  2523 D dalvikvm: GC_CONCURRENT freed 334K, 9% free 9592K/10503K, paused 2ms+3ms
06-08 14:44:20.359  2520  2535 D dalvikvm: GC_EXPLICIT freed 230K, 9% free 9566K/10503K, paused 2ms+8ms
06-08 14:44:20.382  2520  2535 I Gmail   : MainSyncRequestProto: lowestBkwdConvoId: 0, highestHandledServerOp: 3941475, normalSync: true
06-08 14:44:20.531  2520  2535 W Gmail   : Scheduling index for 300000 ms from now
06-08 14:44:20.711  2520  2535 I Gmail   : Sending notification intent: Intent { act=android.intent.action.PROVIDER_CHANGED dat=content://gmail-ls/unread/^i (has extras) }
06-08 14:44:20.765  2489  3159 I DownloadManager: deleting /data/data/com.android.providers.downloads/cache/downloadfile.jpeg
06-08 14:44:20.894  2520  2535 I Gmail   : Sending notification intent: Intent { act=android.intent.action.PROVIDER_CHANGED dat=content://gmail-ls/unread/^iim (has extras) }
06-08 14:44:21.179  2489  3163 I DownloadManager: Initiating request for download 47
06-08 14:44:21.199  2520  3161 W Gmail   : Showing notification with unreadCount of 109 and unseenCount of 28
06-08 14:44:21.211  2489  2491 D dalvikvm: GC_CONCURRENT freed 380K, 7% free 9320K/9927K, paused 89ms+11ms
06-08 14:44:21.500    82   122 D AudioHardware: AudioHardware pcm playback is going to standby.
06-08 14:44:21.500    82   122 D AudioHardware: closePcmOut_l() mPcmOpenCnt: 1
06-08 14:44:21.546   389   391 D dalvikvm: GC_CONCURRENT freed 108K, 6% free 10491K/11143K, paused 9ms+11ms
06-08 14:44:21.636   389   389 D dalvikvm: GC_FOR_ALLOC freed 118K, 7% free 10457K/11143K, paused 27ms
06-08 14:44:21.636   389   389 I dalvikvm-heap: Grow heap (frag case) to 10.454MB for 184336-byte allocation
06-08 14:44:21.656   389   389 D dalvikvm: GC_FOR_ALLOC freed 12K, 7% free 10625K/11335K, paused 20ms
06-08 14:44:21.683   389   389 D dalvikvm: GC_FOR_ALLOC freed 181K, 8% free 10443K/11335K, paused 19ms
06-08 14:44:21.918   389   389 D dalvikvm: GC_FOR_ALLOC freed 402K, 10% free 10223K/11335K, paused 58ms
06-08 14:44:21.961   151  1008 I ActivityManager: Process com.google.android.apps.maps:FriendService (pid 2846) has died.
06-08 14:44:22.097  2685  2685 W View    : couldn't find next focus view specified by user for id 2131755364
06-08 14:44:22.117  2979  2979 I VoiceInputMethodService: #onCreate
06-08 14:44:22.207  2979  2979 I VoiceInputMethodService: #showWindow[true]
06-08 14:44:22.207  2979  2979 I VoiceInputMethodService: #onCreateInputView
06-08 14:44:22.218  2685  2685 W View    : couldn't find next focus view specified by user for id 2131755364
06-08 14:44:22.281  2979  2979 D dalvikvm: GC_FOR_ALLOC freed 827K, 10% free 10083K/11143K, paused 44ms
06-08 14:44:22.367  2979  2979 I VoiceInputMethodService: #onStartInputView [false] com.google.android.voicesearch.ime.VoiceInputMethodService@4148d8d8
06-08 14:44:22.379  2979  2979 I VoiceInputMethodService: #startRecognition en-US
06-08 14:44:22.406  2979  2980 D dalvikvm: GC_CONCURRENT freed 656K, 12% free 9895K/11143K, paused 6ms+9ms
06-08 14:44:22.515  2979  2979 I VoiceRecognitionDelegate: Create new recognition controller
06-08 14:44:22.539  2979  3170 I RecognitionControllerImpl: startRecognition(RecognitionParameters{session=null,request=0})
06-08 14:44:22.539  2979  3170 I RecognitionControllerImpl: State change: STARTING -> STARTING
06-08 14:44:22.543  2979  3170 I RecognitionControllerImpl: New mic stream.
06-08 14:44:22.820  2979  3170 I MicrophoneInputStream: #new 1
06-08 14:44:22.828   151   151 I AudioService:  AudioFocus  requestAudioFocus() from android.media.AudioManager@4132bcf8
06-08 14:44:22.863  2979  2980 D dalvikvm: GC_CONCURRENT freed 47K, 8% free 10360K/11143K, paused 2ms+5ms
06-08 14:44:22.867  2979  3170 I RecognitionControllerImpl: State change: STARTING -> RECOGNIZING
06-08 14:44:22.867  2979  3170 I MediaProxyServerConnection: Starting TCP session, [url=http://www.google.com/m/voice-search]
06-08 14:44:22.867    82  3171 D AudioHardware: AudioStreamInALSA::setParameters() input_source=6;routing=262144
06-08 14:44:22.875    82  3171 D AudioHardware: AudioHardware pcm capture is exiting standby.
06-08 14:44:23.086  2979  3170 I SpeechServiceHttpClient: Closing the HTTP client.
06-08 14:44:23.089  2979  3170 I qtaguid : Failed write_ctrl(u 54) res=-1 errno=22
06-08 14:44:23.089  2979  3170 I qtaguid : Untagging socket 54 failed errno=-22
06-08 14:44:23.089  2979  3170 W NetworkManagementSocketTagger: untagSocket(54) failed with errno -22
06-08 14:44:23.089  2979  3170 I ServerConnectorImpl: Created session d0ce06a1809a367867aec12b6b1b23fc
06-08 14:44:23.089  2979  3170 I MediaProxyServerConnection: Creating TCP connection to 74.125.131.126:19294
06-08 14:44:23.089  2979  3170 I qtaguid : Failed write_ctrl(t -1 281479271677952 -1) res=-1 errno=9
06-08 14:44:23.089  2979  3170 I qtaguid : Tagging socket -1 with tag 1000100000000(65537) for uid -1 failed errno=-9
06-08 14:44:23.089  2979  3170 I NetworkManagementSocketTagger: tagSocketFd(-1, 65537, -1) failed with errno-9
06-08 14:44:23.160  2979  3175 I MediaProxyTcpConnectionImpl: Sending STUN packet [nextDelay=100]
06-08 14:44:23.191  2979  3172 I RecognitionControllerImpl: onReadyForSpeech, noise level:33.192986, snr:-1.7476696
06-08 14:44:23.261  2979  3175 I MediaProxyTcpConnectionImpl: Sending STUN packet [nextDelay=200]
06-08 14:44:23.265  2979  3170 I MediaProxyTcpConnectionImpl: #receiveStunResponsePacket
06-08 14:44:23.312  2979  3176 W MediaProxyTcpConnectionImpl: unexpected stun packet:
06-08 14:44:23.449  1126  1126 D OpenGLRenderer: Flushing caches (mode 2)
06-08 14:44:23.539  1126  1126 D OpenGLRenderer: Flushing caches (mode 0)
06-08 14:44:24.394  2821  2842 I x       : Not returning location for the following outliers: [229533826278832]
06-08 14:44:24.511  2821  2823 D dalvikvm: GC_CONCURRENT freed 495K, 6% free 10221K/10823K, paused 6ms+4ms
06-08 14:44:24.754  2489  3181 I DownloadManager: deleting /data/data/com.android.providers.downloads/cache/downloadfile.jpeg
06-08 14:44:25.343  2520  2523 D dalvikvm: GC_CONCURRENT freed 342K, 9% free 9611K/10503K, paused 46ms+20ms
06-08 14:44:25.796  2979  3170 W ProtoBufUtils: #verifyInProgressRecognizeResponse - missing partial results
06-08 14:44:25.796  2979  3170 W RecognitionControllerImpl: Response sent by the server is not correct
06-08 14:44:25.820  2979  2979 I com.google.android.voicesearch.ime.VoiceInputMethodService@4148d8d8: #onInProgressPartialResults
06-08 14:44:25.820  2979  2979 I com.google.android.voicesearch.ime.VoiceInputMethodService@4148d8d8: #onInProgressPartialResults
06-08 14:44:25.820  2979  2979 I com.google.android.voicesearch.ime.VoiceInputMethodService@4148d8d8: #onInProgressPartialResults
06-08 14:44:26.000  2979  3170 W ProtoBufUtils: #verifyInProgressRecognizeResponse - missing partial results
06-08 14:44:26.000  2979  3170 W RecognitionControllerImpl: Response sent by the server is not correct
06-08 14:44:26.000  2979  3170 W ProtoBufUtils: #verifyInProgressRecognizeResponse - missing partial results
06-08 14:44:26.000  2979  3170 W RecognitionControllerImpl: Response sent by the server is not correct
06-08 14:44:26.000  2979  2979 I com.google.android.voicesearch.ime.VoiceInputMethodService@4148d8d8: #onInProgressPartialResults
06-08 14:44:26.296   151  1037 D dalvikvm: GC_EXPLICIT freed 629K, 26% free 13864K/18695K, paused 6ms+19ms
06-08 14:44:26.328  2979  2979 I com.google.android.voicesearch.ime.VoiceInputMethodService@4148d8d8: #onInProgressPartialResults
06-08 14:44:26.328  2979  2979 I com.google.android.voicesearch.ime.VoiceInputMethodService@4148d8d8: #onInProgressPartialResults
06-08 14:44:26.351  2489  3185 I DownloadManager: Initiating request for download 48
06-08 14:44:26.480  2489  2491 D dalvikvm: GC_CONCURRENT freed 382K, 7% free 9326K/9927K, paused 16ms+16ms
06-08 14:44:26.543   559  3187 D ContactsSyncAdapter: resuming download from index 3199, id http://www.google.com/m8/feeds/contacts/drqiao02%40gmail.com/base/7448f6520c39f949
06-08 14:44:26.605  2979  2979 I com.google.android.voicesearch.ime.VoiceInputMethodService@4148d8d8: #onInProgressPartialResults
06-08 14:44:26.929  2979  2979 I com.google.android.voicesearch.ime.VoiceInputMethodService@4148d8d8: #onInProgressPartialResults
06-08 14:44:26.929  2979  2979 I com.google.android.voicesearch.ime.VoiceInputMethodService@4148d8d8: #onInProgressPartialResults
06-08 14:44:26.933  2979  2979 I com.google.android.voicesearch.ime.VoiceInputMethodService@4148d8d8: #onInProgressPartialResults
06-08 14:44:27.492   559   561 D dalvikvm: GC_CONCURRENT freed 319K, 11% free 10563K/11847K, paused 11ms+11ms
06-08 14:44:27.668  3023  3025 D dalvikvm: GC_CONCURRENT freed 354K, 5% free 9439K/9927K, paused 8ms+12ms
06-08 14:44:28.629  2979  2979 I com.google.android.voicesearch.ime.VoiceInputMethodService@4148d8d8: #onInProgressResults
06-08 14:44:29.293  2489  3192 I DownloadManager: deleting /data/data/com.android.providers.downloads/cache/downloadfile.jpeg
06-08 14:44:29.324  2685  2685 W View    : couldn't find next focus view specified by user for id 2131755364
06-08 14:44:29.347  2979  2979 I VoiceInputMethodService: #onStartInputView [true] com.google.android.voicesearch.ime.VoiceInputMethodService@4148d8d8
06-08 14:44:29.347  2979  2979 I VoiceInputMethodService: #showWindow[true]
06-08 14:44:29.371    82   122 D AudioHardware: AudioHardware pcm playback is exiting standby.
06-08 14:44:29.394    82   122 D AudioHardware: openPcmOut_l() mPcmOpenCnt: 0
06-08 14:44:29.398  2821  2842 I x       : Not returning location for the following outliers: [229533826278832]
06-08 14:44:29.543  2979  2979 I VoiceInputMethodService: #hideWindow
06-08 14:44:29.554  2979  2979 I RecognitionControllerImpl: State change: RECOGNIZING -> STOPPED
06-08 14:44:29.558   151   162 I AudioService:  AudioFocus  abandonAudioFocus() from android.media.AudioManager@4132bcf8
06-08 14:44:29.625  2979  3170 I RecognitionControllerImpl: Will wait for final result for:13000
06-08 14:44:29.625  2979  3170 I RecognitionControllerImpl: Final state: STOPPED
06-08 14:44:29.625  2979  3170 I ServerConnectorImpl: Canceling recognition request
06-08 14:44:29.629  2979  3170 I ClientReportBuilder: Scheduling RequestMessage:Header[sessionId=d0ce06a1809a367867aec12b6b1b23fcrequestId=0],ClientReportRequest
06-08 14:44:29.629   151   151 I AudioService:  AudioFocus  abandonAudioFocus() from android.media.AudioManager@4132bcf8
06-08 14:44:29.644    82  3171 D AudioHardware: AudioHardware pcm capture is going to standby.
06-08 14:44:29.648    82  3171 D AudioHardware: AudioStreamInALSA::setParameters() routing=0
06-08 14:44:29.652  2979  3172 I MicrophoneInputStream: #close - audio release
06-08 14:44:29.796  2821  2823 D dalvikvm: GC_CONCURRENT freed 406K, 6% free 10203K/10823K, paused 6ms+11ms
06-08 14:44:29.812  2979  3198 I ClientReportSender: Sending 1 client reports over HTTP
06-08 14:44:29.832  2685  2685 W View    : couldn't find next focus view specified by user for id 2131755364
06-08 14:44:29.921   454  3201 E ActivityThread: Failed to find provider info for com.android.inputmethod.latin.dictionarypack
06-08 14:44:29.925   454  3201 E BinaryDictionaryGetter: Could not find a dictionary pack
06-08 14:44:29.957  2979  2980 D dalvikvm: GC_CONCURRENT freed 339K, 6% free 10529K/11143K, paused 5ms+6ms
06-08 14:44:29.980  2979  2979 I VoiceInputMethodService: #onFinishInputView false com.google.android.voicesearch.ime.VoiceInputMethodService@4148d8d8
06-08 14:44:29.980   151  1037 W InputManagerService: Ignoring setImeWindowStatus of uid 10052 token: android.os.Binder@41753330
06-08 14:44:30.015  2979  2979 I VoiceInputMethodService: #onDestroy
06-08 14:44:30.121  2685  2685 W View    : couldn't find next focus view specified by user for id 2131755364
06-08 14:44:30.269   454   457 D dalvikvm: GC_CONCURRENT freed 2508K, 19% free 11351K/13959K, paused 5ms+8ms
06-08 14:44:30.707   454   457 D dalvikvm: GC_CONCURRENT freed 277K, 16% free 11850K/13959K, paused 6ms+7ms
06-08 14:44:30.957  2979  2979 I SpeechServiceHttpClient: Closing the HTTP client.
06-08 14:44:30.964   454   457 D dalvikvm: GC_CONCURRENT freed 364K, 11% free 12427K/13959K, paused 7ms+5ms
06-08 14:44:31.105   559   561 D dalvikvm: GC_CONCURRENT freed 256K, 10% free 10697K/11847K, paused 2ms+3ms
06-08 14:44:31.265  2489  3210 I DownloadManager: Initiating request for download 49
06-08 14:44:31.429  2489  2491 D dalvikvm: GC_CONCURRENT freed 405K, 7% free 9320K/9927K, paused 1ms+3ms
06-08 14:44:31.617  3023  3025 D dalvikvm: GC_CONCURRENT freed 224K, 4% free 9633K/9991K, paused 3ms+3ms
06-08 14:44:31.754   559   561 D dalvikvm: GC_CONCURRENT freed 178K, 8% free 10950K/11847K, paused 3ms+4ms
06-08 14:44:32.507    82   122 D AudioHardware: AudioHardware pcm playback is going to standby.
06-08 14:44:32.507    82   122 D AudioHardware: closePcmOut_l() mPcmOpenCnt: 1
06-08 14:44:32.777  2979  3217 I SpeechServiceHttpClient: Closing the HTTP client.
06-08 14:44:32.804  2489  3219 I DownloadManager: deleting /data/data/com.android.providers.downloads/cache/downloadfile.jpeg
06-08 14:44:32.824  2489  2721 D dalvikvm: GC_EXPLICIT freed 321K, 7% free 9286K/9927K, paused 3ms+11ms
06-08 14:44:33.062  2489  3221 I DownloadManager: Initiating request for download 50
06-08 14:44:33.453  3023  3025 D dalvikvm: GC_CONCURRENT freed 267K, 4% free 9782K/10183K, paused 2ms+3ms
06-08 14:44:33.738  3023  3025 D dalvikvm: GC_CONCURRENT freed 341K, 5% free 9836K/10311K, paused 2ms+3ms
06-08 14:44:34.066   151   151 D dalvikvm: GC_EXPLICIT freed 908K, 26% free 13905K/18695K, paused 4ms+8ms
06-08 14:44:34.437  2821  2842 I x       : Not returning location for the following outliers: [229533826278832]
06-08 14:44:35.070  3023  3025 D dalvikvm: GC_CONCURRENT freed 381K, 5% free 9862K/10375K, paused 5ms+19ms
06-08 14:44:35.113  2489  3226 I DownloadManager: deleting /data/data/com.android.providers.downloads/cache/downloadfile.jpeg
06-08 14:44:35.379  2489  2491 D dalvikvm: GC_CONCURRENT freed 357K, 7% free 9317K/9927K, paused 5ms+6ms
06-08 14:44:35.445  2489  3228 I DownloadManager: Initiating request for download 51
06-08 14:44:35.804    82   122 D AudioHardware: AudioHardware pcm playback is exiting standby.
06-08 14:44:35.804    82   122 D AudioHardware: openPcmOut_l() mPcmOpenCnt: 0
06-08 14:44:36.519  3023  3025 D dalvikvm: GC_CONCURRENT freed 376K, 5% free 9933K/10439K, paused 2ms+4ms
06-08 14:44:37.054  2685  2685 D dalvikvm: GC_FOR_ALLOC freed 1392K, 16% free 16235K/19143K, paused 85ms
06-08 14:44:37.921  2489  3243 I DownloadManager: deleting /data/data/com.android.providers.downloads/cache/downloadfile.jpeg
06-08 14:44:38.605  2685  2701 D dalvikvm: GC_FOR_ALLOC freed 1271K, 15% free 16417K/19143K, paused 82ms
06-08 14:44:38.613  2685  2701 I dalvikvm-heap: Grow heap (frag case) to 16.287MB for 188640-byte allocation
06-08 14:44:38.617  2489  2491 D dalvikvm: GC_CONCURRENT freed 392K, 7% free 9309K/9927K, paused 6ms+101ms
06-08 14:44:38.691  2685  2685 D dalvikvm: GC_FOR_ALLOC freed 101K, 15% free 16499K/19335K, paused 67ms
06-08 14:44:38.789  2685  2744 D dalvikvm: GC_FOR_ALLOC freed 69K, 15% free 16513K/19335K, paused 71ms
06-08 14:44:38.793  2685  2744 I dalvikvm-heap: Grow heap (frag case) to 17.200MB for 1048592-byte allocation
06-08 14:44:38.875  2685  2701 D dalvikvm: GC_FOR_ALLOC freed 184K, 16% free 17352K/20423K, paused 71ms
06-08 14:44:38.902    82   122 D AudioHardware: AudioHardware pcm playback is going to standby.
06-08 14:44:38.902    82   122 D AudioHardware: closePcmOut_l() mPcmOpenCnt: 1
06-08 14:44:39.043  2685  2744 D dalvikvm: GC_FOR_ALLOC freed 1236K, 20% free 16499K/20423K, paused 67ms
06-08 14:44:39.183  2489  3246 I DownloadManager: Initiating request for download 52
06-08 14:44:39.347  2685  2744 D dalvikvm: GC_FOR_ALLOC freed 1125K, 19% free 16574K/20423K, paused 145ms
06-08 14:44:39.464  2821  2842 I x       : Not returning location for the following outliers: [229533826278832]
06-08 14:44:39.597  2685  2744 D dalvikvm: GC_FOR_ALLOC freed 1285K, 19% free 16587K/20423K, paused 165ms
06-08 14:44:39.691  2821  2823 D dalvikvm: GC_CONCURRENT freed 507K, 6% free 10207K/10823K, paused 2ms+6ms
06-08 14:44:39.785  2685  2701 D dalvikvm: GC_FOR_ALLOC freed 1299K, 19% free 16690K/20423K, paused 69ms
06-08 14:44:39.921  2685  2744 D dalvikvm: GC_FOR_ALLOC freed 352K, 18% free 16771K/20423K, paused 70ms
06-08 14:44:40.129  2685  2744 D dalvikvm: GC_FOR_ALLOC freed 1426K, 18% free 16872K/20423K, paused 78ms
06-08 14:44:40.238  2685  2701 D dalvikvm: GC_FOR_ALLOC freed 1217K, 18% free 16913K/20423K, paused 77ms
06-08 14:44:40.386  2685  2744 D dalvikvm: GC_FOR_ALLOC freed 119K, 16% free 17225K/20423K, paused 69ms
06-08 14:44:40.386  2685  2744 I dalvikvm-heap: Grow heap (frag case) to 17.895MB for 1048592-byte allocation
06-08 14:44:40.468  2685  2701 D dalvikvm: GC_FOR_ALLOC freed <1K, 16% free 18248K/21511K, paused 69ms
06-08 14:44:40.687  2685  2744 D dalvikvm: GC_FOR_ALLOC freed 1611K, 22% free 16858K/21511K, paused 110ms
06-08 14:44:40.957  2685  2744 D dalvikvm: GC_FOR_ALLOC freed 1116K, 22% free 16863K/21511K, paused 164ms
06-08 14:44:41.203  2685  2744 D dalvikvm: GC_FOR_ALLOC freed 1619K, 21% free 17154K/21511K, paused 105ms
06-08 14:44:41.445  2685  2687 D dalvikvm: GC_CONCURRENT freed 1672K, 19% free 17509K/21511K, paused 3ms+9ms
06-08 14:44:41.734   151  1035 I ActivityManager: Process com.google.android.gallery3d (pid 2297) has died.
06-08 14:44:42.058  2685  2687 D dalvikvm: GC_CONCURRENT freed 1998K, 19% free 17559K/21511K, paused 8ms+5ms
06-08 14:44:42.968  2489  3265 I DownloadManager: deleting /data/data/com.android.providers.downloads/cache/downloadfile.jpeg
06-08 14:44:43.156  2489  3267 I DownloadManager: Initiating request for download 53
06-08 14:44:43.191  2489  2491 D dalvikvm: GC_CONCURRENT freed 379K, 7% free 9326K/9927K, paused 3ms+14ms
06-08 14:44:44.476  2821  2842 I x       : Not returning location for the following outliers: [229533826278832]
06-08 14:44:45.875  2489  3273 I DownloadManager: deleting /data/data/com.android.providers.downloads/cache/downloadfile.jpeg
06-08 14:44:46.046  2489  3275 I DownloadManager: Initiating request for download 54
06-08 14:44:46.093  3023  3025 D dalvikvm: GC_CONCURRENT freed 699K, 8% free 9670K/10503K, paused 2ms+3ms
06-08 14:44:46.203  2489  2491 D dalvikvm: GC_CONCURRENT freed 377K, 6% free 9344K/9927K, paused 2ms+5ms
06-08 14:44:46.804  3023  3025 D dalvikvm: GC_CONCURRENT freed 236K, 7% free 9818K/10503K, paused 2ms+2ms
06-08 14:44:47.027  2520  2523 D dalvikvm: GC_CONCURRENT freed 365K, 9% free 9644K/10503K, paused 2ms+4ms
06-08 14:44:47.187   151  1008 D dalvikvm: GC_EXPLICIT freed 792K, 26% free 13881K/18695K, paused 3ms+8ms
06-08 14:44:47.285  2489  3281 I DownloadManager: deleting /data/data/com.android.providers.downloads/cache/downloadfile.jpeg
06-08 14:44:47.523  3023  3025 D dalvikvm: GC_CONCURRENT freed 337K, 7% free 9867K/10503K, paused 4ms+8ms
06-08 14:44:47.546  2489  3283 I DownloadManager: Initiating request for download 55
06-08 14:44:47.640  3023  3034 D dalvikvm: GC_EXPLICIT freed 114K, 7% free 9799K/10503K, paused 2ms+9ms
06-08 14:44:47.714  2489  2491 D dalvikvm: GC_CONCURRENT freed 427K, 6% free 9366K/9927K, paused 9ms+4ms
06-08 14:44:48.004  3023  3025 D dalvikvm: GC_CONCURRENT freed 303K, 6% free 9883K/10503K, paused 2ms+3ms
06-08 14:44:48.793  2489  3289 I DownloadManager: deleting /data/data/com.android.providers.downloads/cache/downloadfile.jpeg
06-08 14:44:48.937  2489  3291 I DownloadManager: Initiating request for download 56
06-08 14:44:49.043  3023  3025 D dalvikvm: GC_CONCURRENT freed 334K, 6% free 9933K/10503K, paused 2ms+3ms
06-08 14:44:49.343  2489  2491 D dalvikvm: GC_CONCURRENT freed 467K, 7% free 9326K/9927K, paused 2ms+3ms
06-08 14:44:49.484  2821  2842 I x       : Not returning location for the following outliers: [229533826278832]
06-08 14:44:49.589  2821  2823 D dalvikvm: GC_CONCURRENT freed 512K, 6% free 10207K/10823K, paused 2ms+2ms
06-08 14:44:50.179  2489  3296 I DownloadManager: deleting /data/data/com.android.providers.downloads/cache/downloadfile.jpeg
06-08 14:44:50.457  2489  3298 I DownloadManager: Initiating request for download 57
06-08 14:44:50.691  2489  2491 D dalvikvm: GC_CONCURRENT freed 375K, 6% free 9365K/9927K, paused 2ms+3ms
06-08 14:44:51.539   559   561 D dalvikvm: GC_CONCURRENT freed 598K, 8% free 10964K/11847K, paused 3ms+4ms
06-08 14:44:51.855  2489  3305 I DownloadManager: deleting /data/data/com.android.providers.downloads/cache/downloadfile.jpeg
06-08 14:44:51.879    82   122 D AudioHardware: AudioHardware pcm playback is exiting standby.
06-08 14:44:51.879    82   122 D AudioHardware: openPcmOut_l() mPcmOpenCnt: 0
06-08 14:44:52.043  3023  3025 D dalvikvm: GC_CONCURRENT freed 717K, 9% free 9653K/10503K, paused 2ms+3ms
06-08 14:44:52.222  2489  3308 I DownloadManager: Initiating request for download 58
06-08 14:44:52.398  3023  3025 D dalvikvm: GC_CONCURRENT freed 235K, 7% free 9804K/10503K, paused 2ms+2ms
06-08 14:44:52.730   151   151 D dalvikvm: GC_EXPLICIT freed 401K, 26% free 13852K/18695K, paused 3ms+6ms
06-08 14:44:52.781  3023  3025 D dalvikvm: GC_CONCURRENT freed 334K, 7% free 9855K/10503K, paused 3ms+3ms
06-08 14:44:53.074  2489  2491 D dalvikvm: GC_CONCURRENT freed 445K, 6% free 9369K/9927K, paused 2ms+9ms
06-08 14:44:53.144  2489  3312 I DownloadManager: deleting /data/data/com.android.providers.downloads/cache/downloadfile.jpeg
06-08 14:44:53.375  3023  3025 D dalvikvm: GC_CONCURRENT freed 363K, 6% free 9876K/10503K, paused 2ms+4ms
06-08 14:44:53.461  2489  3315 I DownloadManager: Initiating request for download 59
06-08 14:44:54.203  3023  3025 D dalvikvm: GC_CONCURRENT freed 326K, 6% free 9935K/10503K, paused 3ms+3ms
06-08 14:44:54.359  2489  2505 D dalvikvm: GC_EXPLICIT freed 418K, 7% free 9290K/9927K, paused 2ms+5ms
06-08 14:44:54.472  2489  3320 I DownloadManager: deleting /data/data/com.android.providers.downloads/cache/downloadfile.jpeg
06-08 14:44:54.543  2821  2842 I x       : Not returning location for the following outliers: [229533826278832]
06-08 14:44:54.859  2489  3322 I DownloadManager: Initiating request for download 60
06-08 14:44:54.972    82   122 D AudioHardware: AudioHardware pcm playback is going to standby.
06-08 14:44:54.972    82   122 D AudioHardware: closePcmOut_l() mPcmOpenCnt: 1
06-08 14:44:57.441    82   122 D AudioHardware: AudioHardware pcm playback is exiting standby.
06-08 14:44:57.441    82   122 D AudioHardware: openPcmOut_l() mPcmOpenCnt: 0
06-08 14:44:57.714   151  2421 I ActivityManager: START {act=android.intent.action.VIEW dat=google.navigation:///?ll=42.994948,-78.686290&q=8186 Melissa Renee Ct, Buffalo, NY 14221&token=FQQNkAIdrldP-ykxNDFZ2XXTiTEkIco8Ur4X1Q&entry=d&opt=4:0,5:0 cmp=com.google.android.apps.maps/com.google.android.maps.driveabout.app.NavigationActivity} from pid 2685
06-08 14:44:57.968   559   561 D dalvikvm: GC_CONCURRENT freed 616K, 9% free 10868K/11847K, paused 2ms+8ms
06-08 14:44:58.175  2489  2491 D dalvikvm: GC_CONCURRENT freed 367K, 7% free 9310K/9927K, paused 2ms+6ms
06-08 14:44:58.421   151   167 I Process : Sending signal. PID: 2685 SIG: 3
06-08 14:44:58.421  2685  2690 I dalvikvm: threadid=3: reacting to signal 3
06-08 14:44:58.562  2685  2690 I dalvikvm: Wrote stack traces to '/data/anr/traces.txt'
06-08 14:44:58.566  2685  2685 D OpenGLRenderer: Flushing caches (mode 0)
06-08 14:44:58.593   151   200 I ActivityManager: Displayed com.google.android.apps.maps/com.google.android.maps.driveabout.app.NavigationActivity: +685ms
06-08 14:44:58.757  2520  2523 D dalvikvm: GC_CONCURRENT freed 393K, 9% free 9639K/10503K, paused 24ms+6ms
06-08 14:44:58.828  2489  3331 I DownloadManager: deleting /data/data/com.android.providers.downloads/cache/downloadfile.jpeg
06-08 14:44:58.925  2520  2539 D dalvikvm: GC_EXPLICIT freed 79K, 9% free 9569K/10503K, paused 18ms+8ms
06-08 14:44:58.992  3023  3025 D dalvikvm: GC_CONCURRENT freed 742K, 9% free 9632K/10503K, paused 2ms+2ms
06-08 14:44:59.148   389   391 D dalvikvm: GC_CONCURRENT freed 378K, 9% free 10350K/11335K, paused 2ms+9ms
06-08 14:44:59.226   389   391 D dalvikvm: GC_CONCURRENT freed 502K, 9% free 10357K/11335K, paused 2ms+4ms
06-08 14:44:59.375  2489  3335 I DownloadManager: Initiating request for download 61
06-08 14:44:59.480  3023  3025 D dalvikvm: GC_CONCURRENT freed 214K, 7% free 9805K/10503K, paused 2ms+3ms
06-08 14:44:59.578  2821  2842 I x       : Not returning location for the following outliers: [229533826278832]
06-08 14:44:59.703  2821  2823 D dalvikvm: GC_CONCURRENT freed 508K, 6% free 10210K/10823K, paused 2ms+7ms
06-08 14:44:59.918  3023  3025 D dalvikvm: GC_CONCURRENT freed 340K, 7% free 9851K/10503K, paused 2ms+4ms
06-08 14:45:00.156  3023  3025 D dalvikvm: GC_CONCURRENT freed 366K, 6% free 9877K/10503K, paused 2ms+3ms
06-08 14:45:00.433   151   162 D dalvikvm: GC_EXPLICIT freed 571K, 26% free 13880K/18695K, paused 3ms+7ms
06-08 14:45:00.593    82   122 D AudioHardware: AudioHardware pcm playback is going to standby.
06-08 14:45:00.593    82   122 D AudioHardware: closePcmOut_l() mPcmOpenCnt: 1
06-08 14:45:00.750  2489  2491 D dalvikvm: GC_CONCURRENT freed 374K, 7% free 9332K/9927K, paused 3ms+3ms
06-08 14:45:00.796  2489  3340 I DownloadManager: deleting /data/data/com.android.providers.downloads/cache/downloadfile.jpeg
06-08 14:45:00.957  3023  3025 D dalvikvm: GC_CONCURRENT freed 330K, 6% free 9931K/10503K, paused 2ms+3ms
06-08 14:45:00.961  2489  3342 I DownloadManager: Initiating request for download 62
06-08 14:45:01.851  2489  3348 I DownloadManager: deleting /data/data/com.android.providers.downloads/cache/downloadfile.jpeg
06-08 14:45:01.867  2489  2491 D dalvikvm: GC_CONCURRENT freed 407K, 7% free 9316K/9927K, paused 2ms+3ms
06-08 14:45:02.418  2489  3350 I DownloadManager: Initiating request for download 63
06-08 14:45:02.527   559   561 D dalvikvm: GC_CONCURRENT freed 480K, 8% free 10925K/11847K, paused 2ms+4ms
06-08 14:45:02.679  3023  3025 D dalvikvm: GC_CONCURRENT freed 760K, 9% free 9624K/10503K, paused 2ms+3ms
06-08 14:45:02.859  3023  3025 D dalvikvm: GC_CONCURRENT freed 207K, 7% free 9803K/10503K, paused 2ms+2ms
06-08 14:45:03.062  3023  3025 D dalvikvm: GC_CONCURRENT freed 337K, 7% free 9855K/10503K, paused 1ms+3ms
06-08 14:45:03.320    82   122 D AudioHardware: AudioHardware pcm playback is exiting standby.
06-08 14:45:03.320    82   122 D AudioHardware: openPcmOut_l() mPcmOpenCnt: 0
06-08 14:45:03.343  3023  3025 D dalvikvm: GC_CONCURRENT freed 353K, 6% free 9887K/10503K, paused 2ms+3ms
06-08 14:45:03.457  2685  2685 W Settings: Setting location_providers_allowed has moved from android.provider.Settings.System to android.provider.Settings.Secure, returning read-only value.
06-08 14:45:03.789  2685  2687 D dalvikvm: JIT code cache reset in 8 ms (1048548 bytes 1/0)
06-08 14:45:03.812  2685  2687 D dalvikvm: GC_CONCURRENT freed 2342K, 20% free 17264K/21511K, paused 10ms+17ms
06-08 14:45:04.066  2685  2685 I TextToSpeech: Sucessfully bound to com.google.android.tts
06-08 14:45:04.066   151   162 I ActivityManager: Start proc com.google.android.tts for service com.google.android.tts/.GoogleTTSService: pid=3367 uid=10024 gids={3003, 1015}
06-08 14:45:04.472   559  1898 D dalvikvm: GC_EXPLICIT freed 133K, 8% free 10993K/11847K, paused 2ms+6ms
06-08 14:45:04.566   559   677 D androidNetworkLocationListeners: Still have listener com.google.android.location.internal.client.NetworkLocationClient$1@41361cd0
06-08 14:45:04.773   559  1658 I WifiLocationEstimator: Not returning location for the following outliers: [229533826278832]
06-08 14:45:05.160   559   677 D androidNetworkLocationListeners: Still have listener com.google.android.location.internal.client.NetworkLocationClient$1@41361cd0
06-08 14:45:05.199   559  1658 I WifiLocationEstimator: Not returning location for the following outliers: [229533826278832]
06-08 14:45:05.375   151  2421 D dalvikvm: GC_EXPLICIT freed 366K, 26% free 13857K/18695K, paused 4ms+7ms
06-08 14:45:05.406  2821  2842 I x       : Not returning location for the following outliers: [229533826278832]
06-08 14:45:05.433   389   391 D dalvikvm: GC_CONCURRENT freed 514K, 9% free 10341K/11335K, paused 1ms+2ms
06-08 14:45:05.570   389   391 D dalvikvm: GC_CONCURRENT freed 492K, 10% free 10269K/11335K, paused 1ms+6ms
06-08 14:45:05.718  2685  2687 D dalvikvm: GC_CONCURRENT freed 945K, 15% free 18366K/21511K, paused 7ms+8ms
06-08 14:45:06.132  3367  3367 I flint   : Flint JNI loaded successfully.
06-08 14:45:06.324  3367  3367 I flint   : Embedded HMM synthesizer initialized.
06-08 14:45:06.324   151  1038 I ActivityManager: Process com.android.gallery3d (pid 2281) has died.
06-08 14:45:06.414    82   122 D AudioHardware: AudioHardware pcm playback is going to standby.
06-08 14:45:06.414    82   122 D AudioHardware: closePcmOut_l() mPcmOpenCnt: 1
06-08 14:45:06.507    79   126 W SurfaceTexture: [com.google.android.apps.maps/com.google.android.maps.driveabout.app.NavigationActivity] cancelBuffer: SurfaceTexture has been abandoned!
06-08 14:45:06.617  2685  2685 I TextToSpeech: Connected to ComponentInfo{com.google.android.tts/com.google.android.tts.GoogleTTSService}
06-08 14:45:06.742  2489  3379 I DownloadManager: deleting /data/data/com.android.providers.downloads/cache/downloadfile.jpeg
06-08 14:45:06.886  2685  3356 D dalvikvm: GC_FOR_ALLOC freed 1625K, 14% free 18546K/21511K, paused 84ms
06-08 14:45:06.902  2489  2491 D dalvikvm: GC_CONCURRENT freed 379K, 7% free 9328K/9927K, paused 2ms+24ms
06-08 14:45:07.129  2489  3389 I DownloadManager: Initiating request for download 64
06-08 14:45:07.714  3367  3368 D dalvikvm: GC_CONCURRENT freed 326K, 5% free 9209K/9607K, paused 8ms+33ms
06-08 14:45:08.531   389   402 D dalvikvm: GC_EXPLICIT freed 261K, 10% free 10315K/11335K, paused 12ms+5ms
06-08 14:45:08.629   559   561 D dalvikvm: GC_CONCURRENT freed 516K, 8% free 11006K/11847K, paused 12ms+4ms
06-08 14:45:08.757  3367  3368 D dalvikvm: GC_CONCURRENT freed 275K, 5% free 9326K/9735K, paused 3ms+7ms
06-08 14:45:08.937   389   391 D dalvikvm: GC_CONCURRENT freed 307K, 8% free 10519K/11335K, paused 2ms+23ms
06-08 14:45:09.242  3023  3025 D dalvikvm: GC_CONCURRENT freed 353K, 6% free 9923K/10503K, paused 2ms+4ms
06-08 14:45:10.531   151   491 W InputManagerService: Window already focused, ignoring focus gain of: com.android.internal.view.IInputMethodClient$Stub$Proxy@41600988
06-08 14:45:10.707  2685  2687 D dalvikvm: GC_CONCURRENT freed 1623K, 12% free 18971K/21511K, paused 13ms+8ms
06-08 14:45:11.707  3367  3368 D dalvikvm: GC_CONCURRENT freed 409K, 6% free 9322K/9863K, paused 2ms+11ms
06-08 14:45:11.988  2685  2687 D dalvikvm: GC_CONCURRENT freed 1707K, 11% free 19309K/21511K, paused 4ms+9ms
06-08 14:45:12.230  2685  2713 D dalvikvm: GC_FOR_ALLOC freed 462K, 9% free 19752K/21511K, paused 107ms
06-08 14:45:12.363  2489  3413 I DownloadManager: deleting /data/data/com.android.providers.downloads/cache/downloadfile.jpeg
06-08 14:45:12.675  2489  3415 I DownloadManager: Initiating request for download 65
06-08 14:45:12.738  2489  2491 D dalvikvm: GC_CONCURRENT freed 405K, 7% free 9319K/9927K, paused 11ms+3ms
06-08 14:45:12.961  3367  3368 D dalvikvm: GC_CONCURRENT freed 447K, 6% free 9306K/9863K, paused 2ms+3ms
06-08 14:45:13.781  2489  3420 I DownloadManager: deleting /data/data/com.android.providers.downloads/cache/downloadfile.jpeg
06-08 14:45:14.054  2489  3422 I DownloadManager: Initiating request for download 66
06-08 14:45:14.218  2489  2491 D dalvikvm: GC_CONCURRENT freed 378K, 6% free 9346K/9927K, paused 11ms+3ms
06-08 14:45:14.867  3023  3025 D dalvikvm: GC_CONCURRENT freed 794K, 9% free 9602K/10503K, paused 1ms+2ms
06-08 14:45:14.961  3367  3368 D dalvikvm: GC_CONCURRENT freed 452K, 6% free 9311K/9863K, paused 4ms+3ms
06-08 14:45:15.207  2489  3428 I DownloadManager: deleting /data/data/com.android.providers.downloads/cache/downloadfile.jpeg
06-08 14:45:16.125  2520  2523 D dalvikvm: GC_CONCURRENT freed 320K, 9% free 9634K/10503K, paused 8ms+13ms
06-08 14:45:16.359  3023  3025 D dalvikvm: GC_CONCURRENT freed 200K, 7% free 9787K/10503K, paused 3ms+93ms
06-08 14:45:16.894  2685  2687 D dalvikvm: GC_CONCURRENT freed 1833K, 9% free 19985K/21895K, paused 3ms+8ms
06-08 14:45:17.043  3367  3368 D dalvikvm: GC_CONCURRENT freed 461K, 6% free 9283K/9863K, paused 3ms+5ms
06-08 14:45:17.250  2489  3431 I DownloadManager: Initiating request for download 67
06-08 14:45:17.707  2489  2491 D dalvikvm: GC_CONCURRENT freed 459K, 6% free 9342K/9927K, paused 3ms+5ms
06-08 14:45:17.879  3023  3025 D dalvikvm: GC_CONCURRENT freed 327K, 7% free 9854K/10503K, paused 3ms+5ms
06-08 14:45:18.144   151   493 D dalvikvm: GC_EXPLICIT freed 436K, 26% free 13901K/18695K, paused 3ms+10ms
06-08 14:45:18.242    82   122 D AudioHardware: AudioHardware pcm playback is exiting standby.
06-08 14:45:18.242    82   122 D AudioHardware: openPcmOut_l() mPcmOpenCnt: 0
06-08 14:45:18.582  3367  3368 D dalvikvm: GC_CONCURRENT freed 478K, 7% free 9270K/9863K, paused 10ms+21ms
06-08 14:45:19.418  2489  3440 I DownloadManager: deleting /data/data/com.android.providers.downloads/cache/downloadfile.jpeg
06-08 14:45:19.500  3023  3025 D dalvikvm: GC_CONCURRENT freed 368K, 6% free 9875K/10503K, paused 6ms+3ms
06-08 14:45:19.793  3367  3368 D dalvikvm: GC_CONCURRENT freed 413K, 7% free 9259K/9863K, paused 1ms+2ms
06-08 14:45:19.812  2489  3442 I DownloadManager: Initiating request for download 68
06-08 14:45:20.078  2489  2491 D dalvikvm: GC_CONCURRENT freed 380K, 6% free 9369K/9927K, paused 2ms+4ms
06-08 14:45:20.390  3023  3025 D dalvikvm: GC_CONCURRENT freed 337K, 6% free 9921K/10503K, paused 2ms+4ms
06-08 14:45:20.871  2489  3447 I DownloadManager: deleting /data/data/com.android.providers.downloads/cache/downloadfile.jpeg
06-08 14:45:21.000  3367  3368 D dalvikvm: GC_CONCURRENT freed 410K, 7% free 9250K/9863K, paused 2ms+2ms
06-08 14:45:21.238  2489  3449 I DownloadManager: Initiating request for download 69
06-08 14:45:21.339    82   122 D AudioHardware: AudioHardware pcm playback is going to standby.
06-08 14:45:21.339    82   122 D AudioHardware: closePcmOut_l() mPcmOpenCnt: 1
06-08 14:45:21.382  2489  3447 D dalvikvm: GC_EXPLICIT freed 290K, 6% free 9345K/9927K, paused 7ms+8ms
06-08 14:45:21.972  3367  3368 D dalvikvm: GC_CONCURRENT freed 380K, 6% free 9274K/9863K, paused 2ms+3ms
06-08 14:45:22.363  2489  3454 I DownloadManager: deleting /data/data/com.android.providers.downloads/cache/downloadfile.jpeg
06-08 14:45:22.793  2685  2687 D dalvikvm: GC_CONCURRENT freed 2978K, 14% free 19083K/22151K, paused 4ms+20ms
06-08 14:45:23.199  2489  3457 I DownloadManager: Initiating request for download 70
06-08 14:45:23.261  3367  3368 D dalvikvm: GC_CONCURRENT freed 429K, 7% free 9262K/9863K, paused 1ms+3ms
06-08 14:45:23.586  2489  2491 D dalvikvm: GC_CONCURRENT freed 462K, 6% free 9354K/9927K, paused 2ms+11ms
06-08 14:45:24.863  3367  3368 D dalvikvm: GC_CONCURRENT freed 412K, 7% free 9244K/9863K, paused 2ms+3ms
06-08 14:45:25.183  2489  3467 I DownloadManager: deleting /data/data/com.android.providers.downloads/cache/downloadfile.jpeg
06-08 14:45:25.347   559   561 D dalvikvm: GC_CONCURRENT freed 473K, 7% free 11084K/11847K, paused 2ms+3ms
06-08 14:45:25.492  2489  3469 I DownloadManager: Initiating request for download 71
06-08 14:45:25.793  3023  3025 D dalvikvm: GC_CONCURRENT freed 809K, 9% free 9589K/10503K, paused 3ms+3ms
06-08 14:45:26.031  3023  3025 D dalvikvm: GC_CONCURRENT freed 187K, 7% free 9789K/10503K, paused 2ms+2ms
06-08 14:45:26.086  3367  3368 D dalvikvm: GC_CONCURRENT freed 424K, 7% free 9240K/9863K, paused 2ms+9ms
06-08 14:45:26.269  2489  2491 D dalvikvm: GC_CONCURRENT freed 403K, 6% free 9388K/9927K, paused 7ms+5ms
06-08 14:45:26.488   151   374 D dalvikvm: GC_EXPLICIT freed 520K, 26% free 13892K/18695K, paused 3ms+8ms
06-08 14:45:26.707  3023  3025 D dalvikvm: GC_CONCURRENT freed 311K, 7% free 9863K/10503K, paused 2ms+2ms
06-08 14:45:26.796  2489  3474 I DownloadManager: deleting /data/data/com.android.providers.downloads/cache/downloadfile.jpeg
06-08 14:45:27.054  2489  3476 I DownloadManager: Initiating request for download 72
06-08 14:45:27.211  3023  3025 D dalvikvm: GC_CONCURRENT freed 370K, 6% free 9882K/10503K, paused 2ms+3ms
06-08 14:45:27.746  3023  3025 D dalvikvm: GC_CONCURRENT freed 347K, 6% free 9927K/10503K, paused 2ms+3ms
06-08 14:45:27.867  2489  2491 D dalvikvm: GC_CONCURRENT freed 419K, 6% free 9375K/9927K, paused 2ms+4ms
06-08 14:45:28.046  2520  2523 D dalvikvm: GC_CONCURRENT freed 390K, 9% free 9628K/10503K, paused 11ms+5ms
06-08 14:45:28.101  2489  3481 I DownloadManager: deleting /data/data/com.android.providers.downloads/cache/downloadfile.jpeg
06-08 14:45:28.632  2685  2687 D dalvikvm: GC_CONCURRENT freed 1916K, 14% free 19215K/22151K, paused 4ms+11ms
06-08 14:45:29.961  2489  3487 I DownloadManager: Initiating request for download 73
06-08 14:45:32.433   559   561 D dalvikvm: GC_CONCURRENT freed 777K, 8% free 10904K/11847K, paused 29ms+5ms
06-08 14:45:32.461  2489  2491 D dalvikvm: GC_CONCURRENT freed 465K, 6% free 9336K/9927K, paused 2ms+7ms
06-08 14:45:32.500   151  1035 I ActivityManager: Process com.google.android.googlequicksearchbox (pid 2644) has died.
06-08 14:45:32.535  2489  3492 I DownloadManager: deleting /data/data/com.android.providers.downloads/cache/downloadfile.jpeg
06-08 14:45:32.699  3023  3025 D dalvikvm: GC_CONCURRENT freed 814K, 9% free 9593K/10503K, paused 3ms+3ms
06-08 14:45:32.714  2489  3494 I DownloadManager: Initiating request for download 74
06-08 14:45:32.957  3023  3025 D dalvikvm: GC_CONCURRENT freed 202K, 7% free 9786K/10503K, paused 3ms+2ms
06-08 14:45:33.187  3023  3025 D dalvikvm: GC_CONCURRENT freed 311K, 7% free 9863K/10503K, paused 2ms+3ms
06-08 14:45:33.445  3023  3025 D dalvikvm: GC_CONCURRENT freed 370K, 6% free 9884K/10503K, paused 2ms+3ms
06-08 14:45:33.722  2489  3500 I DownloadManager: deleting /data/data/com.android.providers.downloads/cache/downloadfile.jpeg
06-08 14:45:33.734  1236  1238 D dalvikvm: GC_CONCURRENT freed 331K, 7% free 9848K/10567K, paused 2ms+4ms
06-08 14:45:33.828   151  1035 D dalvikvm: GC_EXPLICIT freed 356K, 26% free 13901K/18695K, paused 3ms+8ms
06-08 14:45:33.875  2489  2491 D dalvikvm: GC_CONCURRENT freed 388K, 6% free 9333K/9927K, paused 84ms+11ms
06-08 14:45:34.308  2685  2687 D dalvikvm: GC_CONCURRENT freed 1839K, 13% free 19424K/22151K, paused 3ms+9ms
06-08 14:45:34.519  2489  3504 I DownloadManager: Initiating request for download 75
06-08 14:45:34.839  3023  3025 D dalvikvm: GC_CONCURRENT freed 349K, 6% free 9930K/10503K, paused 2ms+3ms
06-08 14:45:36.777  2489  3511 I DownloadManager: deleting /data/data/com.android.providers.downloads/cache/downloadfile.jpeg
06-08 14:45:36.921  2489  2491 D dalvikvm: GC_CONCURRENT freed 380K, 6% free 9342K/9927K, paused 2ms+3ms
06-08 14:45:36.980  2489  3513 I DownloadManager: Initiating request for download 76
06-08 14:45:37.168  3023  3025 D dalvikvm: GC_CONCURRENT freed 413K, 6% free 9956K/10503K, paused 2ms+4ms
06-08 14:45:37.925   559   561 D dalvikvm: GC_CONCURRENT freed 492K, 8% free 10930K/11847K, paused 4ms+3ms
06-08 14:45:38.238  2489  3517 I DownloadManager: deleting /data/data/com.android.providers.downloads/cache/downloadfile.jpeg
06-08 14:45:38.277  3023  3025 D dalvikvm: GC_CONCURRENT freed 596K, 7% free 9774K/10503K, paused 3ms+4ms
06-08 14:45:38.664  2489  2491 D dalvikvm: GC_CONCURRENT freed 412K, 7% free 9327K/9927K, paused 3ms+4ms
06-08 14:45:38.664  2489  3519 I DownloadManager: Initiating request for download 77
06-08 14:45:38.867  3023  3025 D dalvikvm: GC_CONCURRENT freed 308K, 7% free 9853K/10503K, paused 2ms+3ms
06-08 14:45:39.054  2821  2823 D dalvikvm: GC_CONCURRENT freed 390K, 6% free 10204K/10823K, paused 2ms+3ms
06-08 14:45:39.129  3023  3025 D dalvikvm: GC_CONCURRENT freed 369K, 6% free 9875K/10503K, paused 2ms+3ms
06-08 14:45:39.226  3023  3208 D dalvikvm: GC_EXPLICIT freed 156K, 7% free 9831K/10503K, paused 2ms+4ms
06-08 14:45:39.984  2489  3526 I DownloadManager: deleting /data/data/com.android.providers.downloads/cache/downloadfile.jpeg
06-08 14:45:40.007  2685  2687 D dalvikvm: GC_CONCURRENT freed 2225K, 14% free 19200K/22151K, paused 6ms+10ms
06-08 14:45:40.336  2489  3529 I DownloadManager: Initiating request for download 78
06-08 14:45:40.390  2489  2491 D dalvikvm: GC_CONCURRENT freed 374K, 6% free 9336K/9927K, paused 2ms+4ms
06-08 14:45:40.402  3023  3025 D dalvikvm: GC_CONCURRENT freed 286K, 6% free 9929K/10503K, paused 2ms+12ms
06-08 14:45:41.394  2520  2523 D dalvikvm: GC_CONCURRENT freed 399K, 9% free 9632K/10503K, paused 3ms+7ms
06-08 14:45:41.507  2489  2489 D dalvikvm: GC_EXPLICIT freed 310K, 7% free 9304K/9927K, paused 4ms+3ms
06-08 14:45:41.656  2489  3534 I DownloadManager: deleting /data/data/com.android.providers.downloads/cache/downloadfile.jpeg
06-08 14:45:41.761   151  1035 D dalvikvm: GC_EXPLICIT freed 459K, 26% free 13848K/18695K, paused 2ms+8ms
06-08 14:45:42.421  2489  3536 I DownloadManager: Initiating request for download 79
06-08 14:45:42.812   559   561 D dalvikvm: GC_CONCURRENT freed 490K, 8% free 10966K/11847K, paused 3ms+3ms
06-08 14:45:42.910  3023  3025 D dalvikvm: GC_CONCURRENT freed 782K, 9% free 9590K/10503K, paused 2ms+4ms
06-08 14:45:43.347  2489  2491 D dalvikvm: GC_CONCURRENT freed 344K, 6% free 9348K/9927K, paused 2ms+7ms
06-08 14:45:43.379  3023  3025 D dalvikvm: GC_CONCURRENT freed 187K, 7% free 9793K/10503K, paused 3ms+3ms
06-08 14:45:43.433  2489  3541 I DownloadManager: deleting /data/data/com.android.providers.downloads/cache/downloadfile.jpeg
06-08 14:45:43.582  2489  3543 I DownloadManager: Initiating request for download 80
06-08 14:45:43.781  3023  3025 D dalvikvm: GC_CONCURRENT freed 325K, 7% free 9856K/10503K, paused 2ms+3ms
06-08 14:45:43.996  3023  3025 D dalvikvm: GC_CONCURRENT freed 364K, 6% free 9878K/10503K, paused 2ms+4ms
06-08 14:45:44.582  2489  3548 I DownloadManager: deleting /data/data/com.android.providers.downloads/cache/downloadfile.jpeg
06-08 14:45:44.707  2489  3550 I DownloadManager: Initiating request for download 81
06-08 14:45:44.754  3023  3025 D dalvikvm: GC_CONCURRENT freed 334K, 6% free 9930K/10503K, paused 3ms+3ms
06-08 14:45:44.781  2489  2491 D dalvikvm: GC_CONCURRENT freed 449K, 6% free 9344K/9927K, paused 8ms+4ms
06-08 14:45:45.961  2489  3557 I DownloadManager: deleting /data/data/com.android.providers.downloads/cache/downloadfile.jpeg
06-08 14:45:48.500  2137  2241 I PhoneLab-: Service Running
06-08 14:45:48.644  2137  2241 I PhoneLab-LoggerService: app_38    1301  1     1788   1344  c00f181c 400107b4 S logcat
06-08 14:45:48.644  2137  2241 I PhoneLab-LoggerService: Logcat pid from database 1301
06-08 14:45:48.644  2137  2241 I PhoneLab-LoggerService: Logcat process found 1301
06-08 14:45:48.644  2137  2241 I PhoneLab-LoggerService: Checking Threshold
06-08 14:45:48.648  2137  2241 I PhoneLab-LoggerService: Starting to rename files
06-08 14:45:48.648  2137  2241 I PhoneLab-LoggerService: Files found .. 2
06-08 14:45:48.718  2489  3560 I DownloadManager: Initiating request for download 82
06-08 14:45:48.812  3023  3025 D dalvikvm: GC_CONCURRENT freed 824K, 10% free 9545K/10503K, paused 2ms+6ms
06-08 14:45:48.902  2489  2491 D dalvikvm: GC_CONCURRENT freed 430K, 6% free 9372K/9927K, paused 6ms+3ms
06-08 14:45:49.093  3023  3025 D dalvikvm: GC_CONCURRENT freed 170K, 8% free 9761K/10503K, paused 2ms+4ms
06-08 14:45:49.324  3023  3025 D dalvikvm: GC_CONCURRENT freed 306K, 7% free 9844K/10503K, paused 2ms+2ms
06-08 14:45:49.504   151   493 D dalvikvm: GC_EXPLICIT freed 364K, 26% free 13846K/18695K, paused 4ms+8ms
06-08 14:45:49.632  3023  3025 D dalvikvm: GC_CONCURRENT freed 361K, 6% free 9873K/10503K, paused 2ms+2ms
06-08 14:45:49.992  2489  3566 I DownloadManager: deleting /data/data/com.android.providers.downloads/cache/downloadfile.jpeg
06-08 14:45:50.257   559  1658 I WifiLocationEstimator: Not returning location for the following outliers: [229533826278832]
06-08 14:45:50.308  2489  3568 I DownloadManager: Initiating request for download 83
06-08 14:45:50.382   559   561 D dalvikvm: GC_CONCURRENT freed 639K, 8% free 10974K/11847K, paused 7ms+4ms
06-08 14:45:50.711  2685  2687 D dalvikvm: GC_CONCURRENT freed 2057K, 14% free 19132K/22151K, paused 3ms+9ms
06-08 14:45:51.019  2489  2491 D dalvikvm: GC_CONCURRENT freed 431K, 6% free 9375K/9927K, paused 9ms+10ms
06-08 14:45:51.558  3023  3025 D dalvikvm: GC_CONCURRENT freed 349K, 6% free 9918K/10503K, paused 2ms+3ms
06-08 14:45:51.793  2489  3575 I DownloadManager: deleting /data/data/com.android.providers.downloads/cache/downloadfile.jpeg
06-08 14:45:53.796  2489  3577 I DownloadManager: Initiating request for download 84
06-08 14:45:54.019  2489  2491 D dalvikvm: GC_CONCURRENT freed 420K, 6% free 9371K/9927K, paused 2ms+4ms
06-08 14:45:54.742  2520  2523 D dalvikvm: GC_CONCURRENT freed 404K, 9% free 9638K/10503K, paused 2ms+4ms
06-08 14:45:54.804  2489  3581 I DownloadManager: deleting /data/data/com.android.providers.downloads/cache/downloadfile.jpeg
06-08 14:45:54.929  3023  3025 D dalvikvm: GC_CONCURRENT freed 773K, 10% free 9531K/10503K, paused 3ms+4ms
06-08 14:45:55.097  2489  3584 I DownloadManager: Initiating request for download 85
06-08 14:45:55.191  3023  3025 D dalvikvm: GC_CONCURRENT freed 150K, 8% free 9768K/10503K, paused 2ms+2ms
06-08 14:45:55.464  3023  3025 D dalvikvm: GC_CONCURRENT freed 304K, 7% free 9850K/10503K, paused 2ms+3ms
06-08 14:45:55.750  3023  3025 D dalvikvm: GC_CONCURRENT freed 391K, 7% free 9851K/10503K, paused 2ms+3ms
06-08 14:45:56.086  2489  2491 D dalvikvm: GC_CONCURRENT freed 436K, 6% free 9372K/9927K, paused 3ms+5ms
06-08 14:45:56.156  2489  3588 I DownloadManager: deleting /data/data/com.android.providers.downloads/cache/downloadfile.jpeg
06-08 14:45:56.293   151   167 D dalvikvm: GC_EXPLICIT freed 370K, 26% free 13863K/18695K, paused 4ms+7ms
06-08 14:45:56.488  2489  3592 I DownloadManager: Initiating request for download 86
06-08 14:45:56.785  3023  3025 D dalvikvm: GC_CONCURRENT freed 334K, 6% free 9903K/10503K, paused 3ms+3ms
06-08 14:45:57.586  2489  3597 I DownloadManager: deleting /data/data/com.android.providers.downloads/cache/downloadfile.jpeg
06-08 14:45:57.675  3023  3025 D dalvikvm: GC_CONCURRENT freed 347K, 6% free 9951K/10503K, paused 2ms+3ms
06-08 14:45:57.796  2489  2491 D dalvikvm: GC_CONCURRENT freed 437K, 6% free 9357K/9927K, paused 2ms+3ms
06-08 14:45:57.855  2489  3599 I DownloadManager: Initiating request for download 87
06-08 14:45:58.726  2489  3604 I DownloadManager: deleting /data/data/com.android.providers.downloads/cache/downloadfile.jpeg
06-08 14:45:59.418   559   561 D dalvikvm: GC_CONCURRENT freed 480K, 7% free 11059K/11847K, paused 3ms+3ms
06-08 14:45:59.421  2489  3606 I DownloadManager: Initiating request for download 88
06-08 14:45:59.562  2489  2491 D dalvikvm: GC_CONCURRENT freed 436K, 6% free 9362K/9927K, paused 2ms+5ms
06-08 14:45:59.734  3023  3025 D dalvikvm: GC_CONCURRENT freed 661K, 8% free 9740K/10503K, paused 2ms+3ms
06-08 14:45:59.988  3023  3025 D dalvikvm: GC_CONCURRENT freed 275K, 7% free 9851K/10503K, paused 2ms+3ms
06-08 14:46:00.371  2489  2721 D dalvikvm: GC_EXPLICIT freed 291K, 7% free 9291K/9927K, paused 3ms+8ms
06-08 14:46:00.535  2489  3612 I DownloadManager: deleting /data/data/com.android.providers.downloads/cache/downloadfile.jpeg
06-08 14:46:00.722  3023  3025 D dalvikvm: GC_CONCURRENT freed 361K, 6% free 9879K/10503K, paused 2ms+5ms
06-08 14:46:00.804  2489  3614 I DownloadManager: Initiating request for download 89
06-08 14:46:01.179  3023  3025 D dalvikvm: GC_CONCURRENT freed 356K, 6% free 9912K/10503K, paused 2ms+3ms
06-08 14:46:01.441  2685  2687 D dalvikvm: GC_CONCURRENT freed 1873K, 13% free 19307K/22151K, paused 3ms+11ms
06-08 14:46:01.871  2489  2491 D dalvikvm: GC_CONCURRENT freed 340K, 6% free 9343K/9927K, paused 2ms+3ms
06-08 14:46:01.902  2489  3619 I DownloadManager: deleting /data/data/com.android.providers.downloads/cache/downloadfile.jpeg
06-08 14:46:02.148   151   163 D dalvikvm: GC_EXPLICIT freed 416K, 26% free 13864K/18695K, paused 5ms+6ms
06-08 14:46:02.214  2489  3622 I DownloadManager: Initiating request for download 90
06-08 14:46:02.597  3023  3205 D dalvikvm: GC_FOR_ALLOC freed 323K, 6% free 9953K/10503K, paused 31ms
06-08 14:46:03.211  2520  2523 D dalvikvm: GC_CONCURRENT freed 419K, 9% free 9636K/10503K, paused 5ms+5ms
06-08 14:46:03.269  2489  3626 I DownloadManager: deleting /data/data/com.android.providers.downloads/cache/downloadfile.jpeg
06-08 14:46:03.437  2489  2491 D dalvikvm: GC_CONCURRENT freed 377K, 6% free 9352K/9927K, paused 5ms+3ms
06-08 14:46:03.535  2489  3629 I DownloadManager: Initiating request for download 91
06-08 14:46:04.461   559   561 D dalvikvm: GC_CONCURRENT freed 741K, 9% free 10896K/11847K, paused 2ms+5ms
06-08 14:46:04.816  3023  3025 D dalvikvm: GC_CONCURRENT freed 663K, 8% free 9715K/10503K, paused 2ms+4ms
06-08 14:46:04.863  2489  3634 I DownloadManager: deleting /data/data/com.android.providers.downloads/cache/downloadfile.jpeg
06-08 14:46:05.000  2489  3636 I DownloadManager: Initiating request for download 92
06-08 14:46:05.125  2489  2491 D dalvikvm: GC_CONCURRENT freed 441K, 6% free 9357K/9927K, paused 2ms+3ms
06-08 14:46:05.222  3023  3025 D dalvikvm: GC_CONCURRENT freed 250K, 7% free 9852K/10503K, paused 2ms+3ms
06-08 14:46:05.457  3023  3025 D dalvikvm: GC_CONCURRENT freed 355K, 6% free 9889K/10503K, paused 1ms+3ms
06-08 14:46:05.757  3023  3025 D dalvikvm: GC_CONCURRENT freed 360K, 6% free 9915K/10503K, paused 2ms+4ms
06-08 14:46:06.148  2489  3642 I DownloadManager: deleting /data/data/com.android.providers.downloads/cache/downloadfile.jpeg
06-08 14:46:06.339  2489  3644 I DownloadManager: Initiating request for download 93
06-08 14:46:06.472  2489  2491 D dalvikvm: GC_CONCURRENT freed 428K, 6% free 9364K/9927K, paused 1ms+3ms
06-08 14:46:07.007  3023  3025 D dalvikvm: GC_CONCURRENT freed 341K, 6% free 9970K/10503K, paused 15ms+5ms
06-08 14:46:07.332  2489  3652 I DownloadManager: deleting /data/data/com.android.providers.downloads/cache/downloadfile.jpeg
06-08 14:46:11.437  2685  2687 D dalvikvm: GC_CONCURRENT freed 2005K, 14% free 19224K/22151K, paused 4ms+8ms
06-08 14:46:11.570   151   491 D dalvikvm: GC_EXPLICIT freed 390K, 26% free 13880K/18695K, paused 3ms+7ms
06-08 14:46:11.578  2489  3654 I DownloadManager: Initiating request for download 94
06-08 14:46:11.714   559   561 D dalvikvm: GC_CONCURRENT freed 495K, 8% free 10931K/11847K, paused 2ms+4ms
06-08 14:46:11.914  2489  2491 D dalvikvm: GC_CONCURRENT freed 425K, 6% free 9380K/9927K, paused 2ms+4ms
06-08 14:46:11.918  3023  3025 D dalvikvm: GC_CONCURRENT freed 718K, 8% free 9677K/10503K, paused 2ms+2ms
06-08 14:46:12.398  3023  3025 D dalvikvm: GC_CONCURRENT freed 234K, 7% free 9830K/10503K, paused 32ms+3ms
06-08 14:46:12.675  2520  3661 D dalvikvm: GC_EXPLICIT freed 284K, 9% free 9602K/10503K, paused 7ms+3ms
06-08 14:46:12.855  2489  3662 I DownloadManager: deleting /data/data/com.android.providers.downloads/cache/downloadfile.jpeg
06-08 14:46:13.011  3023  3025 D dalvikvm: GC_CONCURRENT freed 333K, 6% free 9886K/10503K, paused 2ms+5ms
06-08 14:46:13.175  2489  3664 I DownloadManager: Initiating request for download 95
06-08 14:46:13.402  3023  3025 D dalvikvm: GC_CONCURRENT freed 371K, 6% free 9901K/10503K, paused 2ms+2ms
06-08 14:46:13.820  2489  2491 D dalvikvm: GC_CONCURRENT freed 420K, 6% free 9373K/9927K, paused 3ms+4ms
06-08 14:46:14.144  3023  3025 D dalvikvm: GC_CONCURRENT freed 333K, 6% free 9953K/10503K, paused 2ms+7ms
06-08 14:46:14.421  2489  3669 I DownloadManager: deleting /data/data/com.android.providers.downloads/cache/downloadfile.jpeg
06-08 14:46:14.566  2489  3671 I DownloadManager: Initiating request for download 96
06-08 14:46:15.336  2489  2491 D dalvikvm: GC_CONCURRENT freed 428K, 6% free 9373K/9927K, paused 2ms+3ms
06-08 14:46:15.472  1236  1236 D dalvikvm: GC_EXPLICIT freed 205K, 7% free 9828K/10567K, paused 2ms+4ms
06-08 14:46:15.515  2489  3677 I DownloadManager: deleting /data/data/com.android.providers.downloads/cache/downloadfile.jpeg
06-08 14:46:15.714  2489  3679 I DownloadManager: Initiating request for download 97
06-08 14:46:16.293   559   561 D dalvikvm: GC_CONCURRENT freed 498K, 8% free 10969K/11847K, paused 3ms+3ms
06-08 14:46:16.402  3023  3025 D dalvikvm: GC_CONCURRENT freed 751K, 9% free 9631K/10503K, paused 1ms+5ms
06-08 14:46:16.812  2489  3684 I DownloadManager: deleting /data/data/com.android.providers.downloads/cache/downloadfile.jpeg
06-08 14:46:16.836  2489  2491 D dalvikvm: GC_CONCURRENT freed 429K, 6% free 9363K/9927K, paused 2ms+7ms
06-08 14:46:16.906   151  2421 D dalvikvm: JIT code cache reset in 5 ms (1048496 bytes 2/0)
06-08 14:46:16.929   151  2421 D dalvikvm: GC_EXPLICIT freed 389K, 26% free 13883K/18695K, paused 3ms+14ms
06-08 14:46:17.070  3023  3025 D dalvikvm: GC_CONCURRENT freed 195K, 7% free 9824K/10503K, paused 3ms+4ms
06-08 14:46:17.207  2489  3686 I DownloadManager: Initiating request for download 98
06-08 14:46:17.433  3023  3025 D dalvikvm: GC_CONCURRENT freed 332K, 6% free 9884K/10503K, paused 4ms+3ms
06-08 14:46:17.777  3023  3025 D dalvikvm: GC_CONCURRENT freed 374K, 6% free 9905K/10503K, paused 1ms+4ms
06-08 14:46:18.023  2489  3691 D dalvikvm: GC_EXPLICIT freed 302K, 6% free 9355K/9927K, paused 3ms+4ms
06-08 14:46:18.355  2489  3694 I DownloadManager: deleting /data/data/com.android.providers.downloads/cache/downloadfile.jpeg
06-08 14:46:18.488  2489  3696 I DownloadManager: Initiating request for download 99
06-08 14:46:18.847  3023  3025 D dalvikvm: GC_CONCURRENT freed 331K, 6% free 9959K/10503K, paused 2ms+3ms
06-08 14:46:19.281  2520  2523 D dalvikvm: GC_CONCURRENT freed 365K, 9% free 9620K/10503K, paused 5ms+4ms
06-08 14:46:19.394  2489  2491 D dalvikvm: GC_CONCURRENT freed 422K, 6% free 9380K/9927K, paused 2ms+8ms
06-08 14:46:19.402  2489  3701 I DownloadManager: deleting /data/data/com.android.providers.downloads/cache/downloadfile.jpeg
06-08 14:46:19.609  2489  3703 I DownloadManager: Initiating request for download 100
06-08 14:46:23.011  2685  2687 D dalvikvm: GC_CONCURRENT freed 1998K, 13% free 19274K/22151K, paused 2ms+9ms
06-08 14:46:23.339  2489  3711 I DownloadManager: deleting /data/data/com.android.providers.downloads/cache/downloadfile.jpeg
06-08 14:46:23.390  3023  3038 D dalvikvm: GC_EXPLICIT freed 738K, 10% free 9520K/10503K, paused 10ms+8ms
06-08 14:46:23.601  2489  2491 D dalvikvm: GC_CONCURRENT freed 442K, 6% free 9353K/9927K, paused 3ms+4ms
06-08 14:46:23.605  2489  3713 I DownloadManager: Initiating request for download 101
06-08 14:46:23.695  3023  3025 D dalvikvm: GC_CONCURRENT freed 112K, 7% free 9796K/10503K, paused 4ms+3ms
06-08 14:46:23.988  3023  3025 D dalvikvm: GC_CONCURRENT freed 305K, 6% free 9882K/10503K, paused 3ms+2ms
06-08 14:46:24.211  3023  3025 D dalvikvm: GC_CONCURRENT freed 373K, 6% free 9893K/10503K, paused 3ms+3ms
06-08 14:46:24.324   151  1035 D dalvikvm: GC_EXPLICIT freed 372K, 26% free 13847K/18695K, paused 3ms+8ms
06-08 14:46:24.648  2489  3718 I DownloadManager: deleting /data/data/com.android.providers.downloads/cache/downloadfile.jpeg
06-08 14:46:24.812  2489  3720 I DownloadManager: Initiating request for download 102
06-08 14:46:24.953  2489  2491 D dalvikvm: GC_CONCURRENT freed 416K, 6% free 9385K/9927K, paused 2ms+4ms
06-08 14:46:25.187  3023  3025 D dalvikvm: GC_CONCURRENT freed 339K, 6% free 9941K/10503K, paused 3ms+5ms
06-08 14:46:25.816  2489  3725 I DownloadManager: deleting /data/data/com.android.providers.downloads/cache/downloadfile.jpeg
06-08 14:46:25.976  2489  3727 I DownloadManager: Initiating request for download 103
06-08 14:46:26.101  2489  2491 D dalvikvm: GC_CONCURRENT freed 425K, 6% free 9371K/9927K, paused 3ms+4ms
06-08 14:46:26.941  2489  3732 I DownloadManager: deleting /data/data/com.android.providers.downloads/cache/downloadfile.jpeg
06-08 14:46:27.113  2489  3734 I DownloadManager: Initiating request for download 104
06-08 14:46:27.289  3023  3025 D dalvikvm: GC_CONCURRENT freed 400K, 6% free 9969K/10503K, paused 3ms+4ms
06-08 14:46:27.347  2489  2491 D dalvikvm: GC_CONCURRENT freed 429K, 6% free 9365K/9927K, paused 5ms+3ms
06-08 14:46:28.488   559   561 D dalvikvm: GC_CONCURRENT freed 471K, 7% free 11058K/11847K, paused 4ms+6ms
06-08 14:46:28.750  2489  3742 I DownloadManager: deleting /data/data/com.android.providers.downloads/cache/downloadfile.jpeg
06-08 14:46:28.961  3023  3025 D dalvikvm: GC_CONCURRENT freed 583K, 7% free 9806K/10503K, paused 3ms+3ms
06-08 14:46:28.980  2489  3744 I DownloadManager: Initiating request for download 105
06-08 14:46:29.332  3023  3025 D dalvikvm: GC_CONCURRENT freed 308K, 6% free 9884K/10503K, paused 3ms+3ms
06-08 14:46:29.550  3023  3025 D dalvikvm: GC_CONCURRENT freed 376K, 6% free 9900K/10503K, paused 2ms+3ms
06-08 14:46:29.597  2489  2491 D dalvikvm: GC_CONCURRENT freed 392K, 6% free 9404K/9927K, paused 3ms+2ms
06-08 14:46:29.746   151  1038 D dalvikvm: GC_EXPLICIT freed 376K, 26% free 13853K/18695K, paused 3ms+8ms
06-08 14:46:30.230  3023  3025 D dalvikvm: GC_CONCURRENT freed 346K, 6% free 9938K/10503K, paused 2ms+3ms
06-08 14:46:30.379  2520  2523 D dalvikvm: GC_CONCURRENT freed 382K, 9% free 9630K/10503K, paused 2ms+7ms
06-08 14:46:30.609  2489  3749 I DownloadManager: deleting /data/data/com.android.providers.downloads/cache/downloadfile.jpeg
06-08 14:46:30.754  2489  3751 I DownloadManager: Initiating request for download 106
06-08 14:46:32.457  3023  3025 D dalvikvm: GC_CONCURRENT freed 384K, 6% free 9987K/10567K, paused 2ms+4ms
06-08 14:46:33.175  2489  2491 D dalvikvm: GC_CONCURRENT freed 377K, 6% free 9421K/9927K, paused 5ms+6ms
06-08 14:46:33.796   559   561 D dalvikvm: GC_CONCURRENT freed 739K, 9% free 10888K/11847K, paused 9ms+4ms
06-08 14:46:33.898  2489  3759 I DownloadManager: deleting /data/data/com.android.providers.downloads/cache/downloadfile.jpeg
06-08 14:46:34.152  2489  3761 I DownloadManager: Initiating request for download 107
06-08 14:46:34.168  3023  3025 D dalvikvm: GC_CONCURRENT freed 659K, 8% free 9802K/10567K, paused 2ms+3ms
06-08 14:46:34.519  3023  3025 D dalvikvm: GC_CONCURRENT freed 299K, 7% free 9890K/10567K, paused 2ms+4ms
06-08 14:46:34.761  3023  3025 D dalvikvm: GC_CONCURRENT freed 373K, 7% free 9907K/10567K, paused 2ms+4ms
06-08 14:46:35.097  2489  2491 D dalvikvm: GC_CONCURRENT freed 479K, 7% free 9388K/9991K, paused 2ms+10ms
06-08 14:46:35.191  2489  2507 D dalvikvm: GC_EXPLICIT freed 132K, 8% free 9271K/9991K, paused 2ms+5ms
06-08 14:46:35.195  2489  3766 I DownloadManager: deleting /data/data/com.android.providers.downloads/cache/downloadfile.jpeg
06-08 14:46:35.386  2489  3768 I DownloadManager: Initiating request for download 108
06-08 14:46:35.566  3023  3025 D dalvikvm: GC_CONCURRENT freed 360K, 6% free 9942K/10567K, paused 2ms+3ms
06-08 14:46:36.414   559  1658 I WifiLocationEstimator: Not returning location for the following outliers: [229533826278832]
06-08 14:46:36.476  2489  3774 I DownloadManager: deleting /data/data/com.android.providers.downloads/cache/downloadfile.jpeg
06-08 14:46:36.570   151  1008 D dalvikvm: GC_EXPLICIT freed 370K, 26% free 13872K/18695K, paused 3ms+8ms
06-08 14:46:36.757   559   561 D dalvikvm: GC_CONCURRENT freed 393K, 8% free 11001K/11847K, paused 3ms+5ms
06-08 14:46:36.867  2489  2491 D dalvikvm: GC_CONCURRENT freed 305K, 7% free 9350K/9991K, paused 2ms+5ms
06-08 14:46:37.019  2489  3776 I DownloadManager: Initiating request for download 109
06-08 14:46:37.312  3023  3025 D dalvikvm: GC_CONCURRENT freed 338K, 6% free 9992K/10567K, paused 3ms+3ms
06-08 14:46:38.023  2489  3781 I DownloadManager: deleting /data/data/com.android.providers.downloads/cache/downloadfile.jpeg
06-08 14:46:38.308  2489  2491 D dalvikvm: GC_CONCURRENT freed 404K, 7% free 9333K/9991K, paused 2ms+5ms
06-08 14:46:38.375  2489  3783 I DownloadManager: Initiating request for download 110
06-08 14:46:41.004  3023  3025 D dalvikvm: GC_CONCURRENT freed 706K, 8% free 9738K/10567K, paused 2ms+3ms
06-08 14:46:41.242  2520  2523 D dalvikvm: GC_CONCURRENT freed 399K, 9% free 9624K/10503K, paused 2ms+4ms
06-08 14:46:41.394  2489  3788 I DownloadManager: deleting /data/data/com.android.providers.downloads/cache/downloadfile.jpeg
06-08 14:46:41.589  3023  3025 D dalvikvm: GC_CONCURRENT freed 257K, 7% free 9870K/10567K, paused 1ms+3ms
06-08 14:46:41.648  2489  2491 D dalvikvm: GC_CONCURRENT freed 382K, 7% free 9342K/9991K, paused 7ms+3ms
06-08 14:46:41.648  2489  3790 I DownloadManager: Initiating request for download 111
06-08 14:46:41.949  3023  3025 D dalvikvm: GC_CONCURRENT freed 350K, 7% free 9908K/10567K, paused 2ms+2ms
06-08 14:46:42.214  3023  3025 D dalvikvm: GC_CONCURRENT freed 365K, 7% free 9930K/10567K, paused 2ms+3ms
06-08 14:46:42.550  2489  3795 I DownloadManager: deleting /data/data/com.android.providers.downloads/cache/downloadfile.jpeg
06-08 14:46:42.687  2685  2687 D dalvikvm: GC_CONCURRENT freed 2095K, 14% free 19100K/22151K, paused 3ms+8ms
06-08 14:46:42.824  2489  3797 I DownloadManager: Initiating request for download 112
06-08 14:46:42.867  2489  2491 D dalvikvm: GC_CONCURRENT freed 379K, 7% free 9352K/9991K, paused 7ms+4ms
06-08 14:46:43.379  3023  3025 D dalvikvm: GC_CONCURRENT freed 334K, 6% free 9984K/10567K, paused 2ms+3ms
06-08 14:46:43.968  2489  3802 I DownloadManager: deleting /data/data/com.android.providers.downloads/cache/downloadfile.jpeg
06-08 14:46:44.144   151  2421 D dalvikvm: GC_EXPLICIT freed 413K, 26% free 13876K/18695K, paused 3ms+8ms
06-08 14:46:44.211  2489  3804 I DownloadManager: Initiating request for download 113
06-08 14:46:44.339  2489  2491 D dalvikvm: GC_CONCURRENT freed 376K, 7% free 9383K/9991K, paused 2ms+4ms
06-08 14:46:45.957   559   561 D dalvikvm: GC_CONCURRENT freed 542K, 7% free 11021K/11847K, paused 2ms+3ms
06-08 14:46:46.168  2489  3810 I DownloadManager: deleting /data/data/com.android.providers.downloads/cache/downloadfile.jpeg
06-08 14:46:46.367  2489  3812 I DownloadManager: Initiating request for download 114
06-08 14:46:46.418  3023  3025 D dalvikvm: GC_CONCURRENT freed 738K, 9% free 9717K/10567K, paused 2ms+3ms
06-08 14:46:46.515  2489  2491 D dalvikvm: GC_CONCURRENT freed 420K, 7% free 9355K/9991K, paused 2ms+11ms
06-08 14:46:46.769  3023  3025 D dalvikvm: GC_CONCURRENT freed 249K, 7% free 9851K/10567K, paused 2ms+2ms
06-08 14:46:46.996  3023  3025 D dalvikvm: GC_CONCURRENT freed 356K, 7% free 9880K/10567K, paused 2ms+3ms
06-08 14:46:47.214  3023  3025 D dalvikvm: GC_CONCURRENT freed 351K, 7% free 9914K/10567K, paused 1ms+5ms
06-08 14:46:47.527  2489  3818 I DownloadManager: deleting /data/data/com.android.providers.downloads/cache/downloadfile.jpeg
06-08 14:46:48.164  3023  3025 D dalvikvm: GC_CONCURRENT freed 329K, 6% free 9969K/10567K, paused 3ms+3ms
06-08 14:46:48.632  2489  3820 I DownloadManager: Initiating request for download 115
06-08 14:46:48.769  2489  2491 D dalvikvm: GC_CONCURRENT freed 386K, 7% free 9374K/9991K, paused 3ms+3ms
06-08 14:46:49.597  2489  3825 I DownloadManager: deleting /data/data/com.android.providers.downloads/cache/downloadfile.jpeg
06-08 14:46:49.632  2520  2523 D dalvikvm: GC_CONCURRENT freed 378K, 9% free 9630K/10503K, paused 11ms+3ms
06-08 14:46:49.800  2489  3827 I DownloadManager: Initiating request for download 116
06-08 14:46:49.929  2489  2491 D dalvikvm: GC_CONCURRENT freed 383K, 7% free 9378K/9991K, paused 2ms+3ms
06-08 14:46:50.964   559   561 D dalvikvm: GC_CONCURRENT freed 732K, 9% free 10848K/11847K, paused 3ms+6ms
06-08 14:46:51.156  2489  3832 I DownloadManager: deleting /data/data/com.android.providers.downloads/cache/downloadfile.jpeg
06-08 14:46:51.281   151   167 D dalvikvm: GC_EXPLICIT freed 372K, 26% free 13883K/18695K, paused 3ms+8ms
06-08 14:46:51.476  3023  3025 D dalvikvm: GC_CONCURRENT freed 773K, 10% free 9595K/10567K, paused 2ms+5ms
06-08 14:46:51.496  2489  3834 I DownloadManager: Initiating request for download 117
06-08 14:46:51.746  2489  2491 D dalvikvm: GC_CONCURRENT freed 397K, 7% free 9375K/9991K, paused 3ms+4ms
06-08 14:46:51.761  3023  3025 D dalvikvm: GC_CONCURRENT freed 173K, 8% free 9813K/10567K, paused 2ms+19ms
06-08 14:46:51.992  3023  3025 D dalvikvm: GC_CONCURRENT freed 317K, 7% free 9882K/10567K, paused 2ms+3ms
06-08 14:46:52.238  3023  3025 D dalvikvm: GC_CONCURRENT freed 367K, 7% free 9904K/10567K, paused 3ms+6ms
06-08 14:46:53.164  2489  2500 D dalvikvm: GC_EXPLICIT freed 226K, 8% free 9282K/9991K, paused 2ms+5ms
06-08 14:46:53.425  2489  3839 I DownloadManager: deleting /data/data/com.android.providers.downloads/cache/downloadfile.jpeg
06-08 14:46:53.593  2489  3841 I DownloadManager: Initiating request for download 118
06-08 14:46:53.609  3023  3025 D dalvikvm: GC_CONCURRENT freed 338K, 6% free 9952K/10567K, paused 2ms+3ms
06-08 14:46:54.652  2489  2491 D dalvikvm: GC_CONCURRENT freed 339K, 7% free 9338K/9991K, paused 2ms+4ms
06-08 14:46:54.757  2489  3846 I DownloadManager: deleting /data/data/com.android.providers.downloads/cache/downloadfile.jpeg
06-08 14:46:54.953  2489  3848 I DownloadManager: Initiating request for download 119
06-08 14:46:55.781   559   561 D dalvikvm: GC_CONCURRENT freed 475K, 9% free 10877K/11847K, paused 2ms+4ms
06-08 14:46:55.941  3023  3025 D dalvikvm: GC_CONCURRENT freed 790K, 10% free 9546K/10567K, paused 3ms+4ms
06-08 14:46:56.066  2489  2491 D dalvikvm: GC_CONCURRENT freed 379K, 7% free 9347K/9991K, paused 3ms+4ms
06-08 14:46:56.132  2489  3853 I DownloadManager: deleting /data/data/com.android.providers.downloads/cache/downloadfile.jpeg
06-08 14:46:56.339  3023  3025 D dalvikvm: GC_CONCURRENT freed 135K, 8% free 9797K/10567K, paused 2ms+3ms
06-08 14:46:56.363  2489  3855 I DownloadManager: Initiating request for download 120
06-08 14:46:56.679  3023  3025 D dalvikvm: GC_CONCURRENT freed 313K, 7% free 9874K/10567K, paused 2ms+3ms
06-08 14:46:56.921   151   162 D dalvikvm: GC_EXPLICIT freed 360K, 26% free 13877K/18695K, paused 3ms+6ms
06-08 14:46:56.988  3023  3025 D dalvikvm: GC_CONCURRENT freed 367K, 7% free 9900K/10567K, paused 2ms+3ms
06-08 14:46:58.078  3023  3025 D dalvikvm: GC_CONCURRENT freed 358K, 7% free 9929K/10567K, paused 2ms+3ms
06-08 14:46:58.933  2489  2491 D dalvikvm: GC_CONCURRENT freed 382K, 7% free 9356K/9991K, paused 3ms+4ms
06-08 14:46:59.004  2489  3861 I DownloadManager: deleting /data/data/com.android.providers.downloads/cache/downloadfile.jpeg
06-08 14:46:59.019  2489  3862 I DownloadManager: Initiating request for download 121
06-08 14:46:59.523  3023  3025 D dalvikvm: GC_CONCURRENT freed 347K, 6% free 9967K/10567K, paused 2ms+3ms
06-08 14:46:59.894  2520  2523 D dalvikvm: GC_CONCURRENT freed 385K, 9% free 9630K/10503K, paused 2ms+4ms
06-08 14:47:00.129  2489  3869 I DownloadManager: deleting /data/data/com.android.providers.downloads/cache/downloadfile.jpeg
06-08 14:47:00.273  2489  2491 D dalvikvm: GC_CONCURRENT freed 405K, 7% free 9346K/9991K, paused 2ms+2ms
06-08 14:47:00.328  2489  3871 I DownloadManager: Initiating request for download 122
06-08 14:47:01.496   559   561 D dalvikvm: GC_CONCURRENT freed 494K, 8% free 10909K/11847K, paused 4ms+4ms
06-08 14:47:01.562  2489  3876 I DownloadManager: deleting /data/data/com.android.providers.downloads/cache/downloadfile.jpeg
06-08 14:47:01.789  3023  3025 D dalvikvm: GC_CONCURRENT freed 652K, 8% free 9730K/10567K, paused 3ms+3ms
06-08 14:47:01.816  2489  3878 I DownloadManager: Initiating request for download 123
06-08 14:47:01.820  2489  2491 D dalvikvm: GC_CONCURRENT freed 383K, 7% free 9359K/9991K, paused 3ms+5ms
06-08 14:47:01.984  3023  3038 D dalvikvm: GC_EXPLICIT freed 35K, 8% free 9799K/10567K, paused 4ms+5ms
06-08 14:47:02.242  3023  3025 D dalvikvm: GC_CONCURRENT freed 292K, 7% free 9894K/10567K, paused 2ms+3ms
06-08 14:47:02.472  3023  3025 D dalvikvm: GC_CONCURRENT freed 374K, 7% free 9910K/10567K, paused 2ms+2ms
06-08 14:47:02.824  2489  3883 I DownloadManager: deleting /data/data/com.android.providers.downloads/cache/downloadfile.jpeg
06-08 14:47:03.312  3023  3025 D dalvikvm: GC_CONCURRENT freed 360K, 6% free 9935K/10567K, paused 2ms+3ms
06-08 14:47:04.082   151   666 D dalvikvm: GC_EXPLICIT freed 396K, 26% free 13893K/18695K, paused 8ms+8ms
06-08 14:47:04.148  2489  3885 I DownloadManager: Initiating request for download 124
06-08 14:47:04.191  2489  2491 D dalvikvm: GC_CONCURRENT freed 379K, 7% free 9364K/9991K, paused 2ms+4ms
06-08 14:47:04.851  3023  3025 D dalvikvm: GC_CONCURRENT freed 342K, 6% free 9982K/10567K, paused 2ms+3ms
06-08 14:47:05.171  2489  3890 I DownloadManager: deleting /data/data/com.android.providers.downloads/cache/downloadfile.jpeg
06-08 14:47:05.367  2489  3892 I DownloadManager: Initiating request for download 125
06-08 14:47:05.480  2489  2491 D dalvikvm: GC_CONCURRENT freed 411K, 7% free 9352K/9991K, paused 2ms+7ms
06-08 14:47:08.132   559   561 D dalvikvm: GC_CONCURRENT freed 492K, 8% free 10937K/11847K, paused 3ms+3ms
06-08 14:47:08.160  2489  3898 I DownloadManager: deleting /data/data/com.android.providers.downloads/cache/downloadfile.jpeg
06-08 14:47:08.402  3023  3025 D dalvikvm: GC_CONCURRENT freed 668K, 9% free 9714K/10567K, paused 3ms+2ms
06-08 14:47:08.429  2489  3900 I DownloadManager: Initiating request for download 126
06-08 14:47:08.562  2489  2491 D dalvikvm: GC_CONCURRENT freed 373K, 7% free 9377K/9991K, paused 3ms+3ms
06-08 14:47:08.773  3023  3025 D dalvikvm: GC_CONCURRENT freed 230K, 7% free 9875K/10567K, paused 2ms+3ms
06-08 14:47:08.988  3023  3025 D dalvikvm: GC_CONCURRENT freed 357K, 7% free 9908K/10567K, paused 2ms+3ms
06-08 14:47:09.355  3023  3025 D dalvikvm: GC_CONCURRENT freed 361K, 6% free 9939K/10567K, paused 4ms+4ms
06-08 14:47:09.527  2489  3905 I DownloadManager: deleting /data/data/com.android.providers.downloads/cache/downloadfile.jpeg
06-08 14:47:09.668  2489  3905 D dalvikvm: GC_EXPLICIT freed 321K, 7% free 9334K/9991K, paused 5ms+6ms
06-08 14:47:09.734  2489  3907 I DownloadManager: Initiating request for download 127
06-08 14:47:10.339  3023  3025 D dalvikvm: GC_CONCURRENT freed 333K, 6% free 9995K/10567K, paused 2ms+3ms
06-08 14:47:11.140  2520  2523 D dalvikvm: GC_CONCURRENT freed 381K, 9% free 9644K/10503K, paused 6ms+4ms
06-08 14:47:11.226  2489  3913 I DownloadManager: deleting /data/data/com.android.providers.downloads/cache/downloadfile.jpeg
06-08 14:47:11.398   151  1008 D dalvikvm: GC_EXPLICIT freed 384K, 26% free 13901K/18695K, paused 3ms+11ms
06-08 14:47:11.449  2489  2491 D dalvikvm: GC_CONCURRENT freed 358K, 7% free 9363K/9991K, paused 2ms+3ms
06-08 14:47:11.496  2489  3915 I DownloadManager: Initiating request for download 128
06-08 14:47:12.347  2617  2619 D dalvikvm: GC_CONCURRENT freed 404K, 6% free 9066K/9543K, paused 22ms+5ms
06-08 14:47:12.379  2520  3920 D dalvikvm: GC_EXPLICIT freed 85K, 9% free 9573K/10503K, paused 4ms+7ms
06-08 14:47:12.500   559   561 D dalvikvm: GC_CONCURRENT freed 499K, 8% free 10959K/11847K, paused 4ms+3ms
06-08 14:47:12.527  2489  3921 I DownloadManager: deleting /data/data/com.android.providers.downloads/cache/downloadfile.jpeg
06-08 14:47:12.703  3023  3025 D dalvikvm: GC_CONCURRENT freed 739K, 9% free 9708K/10567K, paused 1ms+4ms
06-08 14:47:12.836  2489  2491 D dalvikvm: GC_CONCURRENT freed 413K, 7% free 9340K/9991K, paused 1ms+3ms
06-08 14:47:12.836  2489  3923 I DownloadManager: Initiating request for download 129
06-08 14:47:13.113  3023  3025 D dalvikvm: GC_CONCURRENT freed 252K, 7% free 9843K/10567K, paused 2ms+5ms
06-08 14:47:13.390  3023  3025 D dalvikvm: GC_CONCURRENT freed 342K, 7% free 9890K/10567K, paused 2ms+3ms
06-08 14:47:13.629  3023  3025 D dalvikvm: GC_CONCURRENT freed 362K, 7% free 9915K/10567K, paused 1ms+3ms
06-08 14:47:13.968  2658  2660 D dalvikvm: GC_CONCURRENT freed 365K, 5% free 9105K/9543K, paused 2ms+2ms
06-08 14:47:13.988  2489  3928 I DownloadManager: deleting /data/data/com.android.providers.downloads/cache/downloadfile.jpeg
06-08 14:47:15.078  3023  3025 D dalvikvm: GC_CONCURRENT freed 327K, 6% free 9973K/10567K, paused 2ms+4ms
06-08 14:47:15.273  2489  3931 I DownloadManager: Initiating request for download 130
06-08 14:47:15.324  2489  2491 D dalvikvm: GC_CONCURRENT freed 379K, 7% free 9350K/9991K, paused 3ms+3ms
06-08 14:47:16.293  2489  3936 I DownloadManager: deleting /data/data/com.android.providers.downloads/cache/downloadfile.jpeg
06-08 14:47:16.441  2489  3938 I DownloadManager: Initiating request for download 131
06-08 14:47:16.554  2489  2491 D dalvikvm: GC_CONCURRENT freed 377K, 7% free 9373K/9991K, paused 2ms+4ms
06-08 14:47:17.168  3023  3025 D dalvikvm: GC_CONCURRENT freed 758K, 10% free 9612K/10567K, paused 3ms+3ms
06-08 14:47:17.468   151   167 D dalvikvm: GC_EXPLICIT freed 390K, 26% free 13907K/18695K, paused 3ms+8ms
06-08 14:47:17.496  2489  3944 I DownloadManager: deleting /data/data/com.android.providers.downloads/cache/downloadfile.jpeg
06-08 14:47:17.691  3023  3025 D dalvikvm: GC_CONCURRENT freed 169K, 7% free 9831K/10567K, paused 2ms+13ms
06-08 14:47:17.734  2489  3946 I DownloadManager: Initiating request for download 132
06-08 14:47:17.859  2489  2491 D dalvikvm: GC_CONCURRENT freed 379K, 7% free 9391K/9991K, paused 2ms+3ms
06-08 14:47:18.058  3023  3025 D dalvikvm: GC_CONCURRENT freed 329K, 7% free 9892K/10567K, paused 2ms+2ms
06-08 14:47:18.277  3023  3025 D dalvikvm: GC_CONCURRENT freed 371K, 7% free 9910K/10567K, paused 2ms+3ms
06-08 14:47:18.652  2489  3951 I DownloadManager: deleting /data/data/com.android.providers.downloads/cache/downloadfile.jpeg
06-08 14:47:19.132  2489  3953 I DownloadManager: Initiating request for download 133
06-08 14:47:19.187  3023  3025 D dalvikvm: GC_CONCURRENT freed 334K, 6% free 9963K/10567K, paused 2ms+4ms
06-08 14:47:19.285  2489  2491 D dalvikvm: GC_CONCURRENT freed 424K, 7% free 9376K/9991K, paused 2ms+3ms
06-08 14:47:20.320  2489  3958 I DownloadManager: deleting /data/data/com.android.providers.downloads/cache/downloadfile.jpeg
06-08 14:47:20.453  2489  3960 I DownloadManager: Initiating request for download 134
06-08 14:47:20.652  2489  2491 D dalvikvm: GC_CONCURRENT freed 385K, 7% free 9377K/9991K, paused 3ms+4ms
06-08 14:47:21.660   559  1658 I WifiLocationEstimator: Not returning location for the following outliers: [229533826278832]
06-08 14:47:21.793   559   561 D dalvikvm: GC_CONCURRENT freed 612K, 8% free 10993K/11847K, paused 179ms+5ms
06-08 14:47:22.293  2520  2523 D dalvikvm: GC_CONCURRENT freed 338K, 9% free 9633K/10503K, paused 7ms+8ms
06-08 14:47:22.336  3023  3025 D dalvikvm: GC_CONCURRENT freed 799K, 10% free 9549K/10567K, paused 8ms+7ms
06-08 14:47:22.425  2489  3964 I DownloadManager: deleting /data/data/com.android.providers.downloads/cache/downloadfile.jpeg
06-08 14:47:22.605   559   561 D dalvikvm: GC_CONCURRENT freed 551K, 8% free 10983K/11847K, paused 3ms+4ms
06-08 14:47:22.695  2489  3967 I DownloadManager: Initiating request for download 135
06-08 14:47:22.785  3023  3025 D dalvikvm: GC_CONCURRENT freed 143K, 8% free 9814K/10567K, paused 1ms+2ms
06-08 14:47:22.964  2489  2491 D dalvikvm: GC_CONCURRENT freed 411K, 7% free 9385K/9991K, paused 3ms+6ms
06-08 14:47:23.156  3023  3025 D dalvikvm: GC_CONCURRENT freed 297K, 7% free 9904K/10567K, paused 4ms+3ms
06-08 14:47:23.351   151   162 D dalvikvm: GC_EXPLICIT freed 359K, 26% free 13912K/18695K, paused 4ms+8ms
06-08 14:47:23.675  2630  2632 D dalvikvm: GC_CONCURRENT freed 404K, 6% free 9065K/9543K, paused 6ms+3ms
06-08 14:47:23.699  2489  3973 I DownloadManager: deleting /data/data/com.android.providers.downloads/cache/downloadfile.jpeg
06-08 14:47:23.777  3023  3025 D dalvikvm: GC_CONCURRENT freed 380K, 7% free 9914K/10567K, paused 2ms+5ms
06-08 14:47:24.605  3023  3025 D dalvikvm: GC_CONCURRENT freed 340K, 6% free 9962K/10567K, paused 2ms+4ms
06-08 14:47:24.640  2489  3975 I DownloadManager: Initiating request for download 136
06-08 14:47:24.867  2489  2491 D dalvikvm: GC_CONCURRENT freed 379K, 6% free 9422K/9991K, paused 2ms+4ms
06-08 14:47:25.543  2489  3979 D dalvikvm: GC_EXPLICIT freed 198K, 7% free 9309K/9991K, paused 4ms+9ms
06-08 14:47:25.668  2489  3979 I DownloadManager: deleting /data/data/com.android.providers.downloads/cache/downloadfile.jpeg
06-08 14:47:25.679  2489  3981 I DownloadManager: Initiating request for download 137
06-08 14:47:25.687  3023  3025 D dalvikvm: GC_CONCURRENT freed 343K, 6% free 10007K/10567K, paused 3ms+2ms
06-08 14:47:26.558  2489  3987 I DownloadManager: deleting /data/data/com.android.providers.downloads/cache/downloadfile.jpeg
06-08 14:47:26.703  2489  2491 D dalvikvm: GC_CONCURRENT freed 344K, 7% free 9349K/9991K, paused 2ms+5ms
06-08 14:47:26.773  2489  3989 I DownloadManager: Initiating request for download 138
06-08 14:47:29.550  2489  3994 I DownloadManager: deleting /data/data/com.android.providers.downloads/cache/downloadfile.jpeg
06-08 14:47:29.554  3023  3025 D dalvikvm: GC_CONCURRENT freed 706K, 8% free 9745K/10567K, paused 3ms+6ms
06-08 14:47:29.699  2489  2491 D dalvikvm: GC_CONCURRENT freed 373K, 7% free 9365K/9991K, paused 2ms+3ms
06-08 14:47:29.761  2489  3996 I DownloadManager: Initiating request for download 139
06-08 14:47:30.000  3023  3025 D dalvikvm: GC_CONCURRENT freed 293K, 7% free 9849K/10567K, paused 2ms+3ms
06-08 14:47:30.230  3023  3025 D dalvikvm: GC_CONCURRENT freed 349K, 7% free 9886K/10567K, paused 2ms+3ms
06-08 14:47:30.398   151   491 D dalvikvm: GC_EXPLICIT freed 397K, 26% free 13916K/18695K, paused 4ms+7ms
06-08 14:47:30.781  3023  3025 D dalvikvm: GC_CONCURRENT freed 354K, 7% free 9917K/10567K, paused 20ms+7ms
06-08 14:47:30.879  2489  4002 I DownloadManager: deleting /data/data/com.android.providers.downloads/cache/downloadfile.jpeg
06-08 14:47:31.035  2489  4004 I DownloadManager: Initiating request for download 140
06-08 14:47:31.054  2489  2491 D dalvikvm: GC_CONCURRENT freed 385K, 7% free 9374K/9991K, paused 6ms+5ms
06-08 14:47:31.703  3023  3025 D dalvikvm: GC_CONCURRENT freed 342K, 6% free 9969K/10567K, paused 3ms+3ms
06-08 14:47:31.921  2520  2523 D dalvikvm: GC_CONCURRENT freed 392K, 9% free 9638K/10503K, paused 3ms+3ms
06-08 14:47:31.988  2489  4009 I DownloadManager: deleting /data/data/com.android.providers.downloads/cache/downloadfile.jpeg
06-08 14:47:32.078  1236  1238 D dalvikvm: GC_CONCURRENT freed 359K, 7% free 9854K/10567K, paused 12ms+5ms
06-08 14:47:32.515  2489  4011 I DownloadManager: Initiating request for download 141
06-08 14:47:32.566  2489  2491 D dalvikvm: GC_CONCURRENT freed 411K, 7% free 9354K/9991K, paused 1ms+4ms
06-08 14:47:34.066   559   561 D dalvikvm: GC_CONCURRENT freed 465K, 7% free 11079K/11847K, paused 3ms+7ms
06-08 14:47:34.367  3023  3025 D dalvikvm: GC_CONCURRENT freed 701K, 9% free 9674K/10567K, paused 1ms+2ms
06-08 14:47:34.746  3023  3025 D dalvikvm: GC_CONCURRENT freed 212K, 7% free 9851K/10567K, paused 2ms+3ms
06-08 14:47:34.867  2489  4017 I DownloadManager: deleting /data/data/com.android.providers.downloads/cache/downloadfile.jpeg
06-08 14:47:35.039  2489  4019 I DownloadManager: Initiating request for download 142
06-08 14:47:35.117  3023  3025 D dalvikvm: GC_CONCURRENT freed 342K, 7% free 9895K/10567K, paused 2ms+4ms
06-08 14:47:35.171  2489  2491 D dalvikvm: GC_CONCURRENT freed 377K, 7% free 9372K/9991K, paused 8ms+2ms
06-08 14:47:35.445  3023  3025 D dalvikvm: GC_CONCURRENT freed 373K, 7% free 9909K/10567K, paused 2ms+3ms
06-08 14:47:36.050  3023  3025 D dalvikvm: GC_CONCURRENT freed 327K, 6% free 9966K/10567K, paused 2ms+2ms
06-08 14:47:37.238  2489  4026 I DownloadManager: deleting /data/data/com.android.providers.downloads/cache/downloadfile.jpeg
06-08 14:47:37.324   151  2421 D dalvikvm: GC_EXPLICIT freed 364K, 26% free 13930K/18695K, paused 3ms+10ms
06-08 14:47:37.523  2489  4028 I DownloadManager: Initiating request for download 143
06-08 14:47:37.562  2489  2491 D dalvikvm: GC_CONCURRENT freed 391K, 7% free 9372K/9991K, paused 1ms+3ms
06-08 14:47:39.625   151  1008 I ActivityManager: Process com.svox.pico (pid 2617) has died.
06-08 14:47:40.363   559   561 D dalvikvm: GC_CONCURRENT freed 768K, 8% free 10901K/11847K, paused 2ms+5ms
06-08 14:47:40.566  3023  3025 D dalvikvm: GC_CONCURRENT freed 809K, 10% free 9554K/10567K, paused 4ms+4ms
06-08 14:47:40.910  3023  3025 D dalvikvm: GC_CONCURRENT freed 133K, 8% free 9806K/10567K, paused 3ms+5ms
06-08 14:47:41.578  3023  3035 D dalvikvm: GC_EXPLICIT freed 246K, 7% free 9878K/10567K, paused 6ms+6ms
06-08 14:47:42.300  3023  3025 D dalvikvm: GC_CONCURRENT freed 355K, 7% free 9912K/10567K, paused 2ms+2ms
06-08 14:47:42.550  3023  3025 D dalvikvm: GC_CONCURRENT freed 356K, 6% free 9943K/10567K, paused 3ms+2ms
06-08 14:47:42.914  2489  2491 D dalvikvm: GC_CONCURRENT freed 452K, 7% free 9313K/9991K, paused 3ms+4ms
06-08 14:47:43.742  2489  4035 I DownloadManager: deleting /data/data/com.android.providers.downloads/cache/downloadfile.jpeg
06-08 14:47:43.757  2489  4036 I DownloadManager: Initiating request for download 144
06-08 14:47:44.168  3023  3025 D dalvikvm: GC_CONCURRENT freed 340K, 6% free 9996K/10567K, paused 2ms+3ms
06-08 14:47:44.984  2489  2491 D dalvikvm: GC_CONCURRENT freed 364K, 7% free 9346K/9991K, paused 2ms+4ms
06-08 14:47:45.175  2489  4043 I DownloadManager: deleting /data/data/com.android.providers.downloads/cache/downloadfile.jpeg
06-08 14:47:45.414  2489  4045 I DownloadManager: Initiating request for download 145
06-08 14:47:48.254  2137  2241 I PhoneLab-: Service Running
06-08 14:47:48.328  2137  2138 D dalvikvm: GC_CONCURRENT freed 391K, 6% free 9092K/9607K, paused 7ms+3ms
06-08 14:47:48.367  2137  2241 I PhoneLab-LoggerService: app_38    1301  1     1788   1344  c00f181c 400107b4 S logcat
06-08 14:47:48.375  2137  2241 I PhoneLab-LoggerService: Logcat pid from database 1301
06-08 14:47:48.375  2137  2241 I PhoneLab-LoggerService: Logcat process found 1301
06-08 14:47:48.375  2137  2241 I PhoneLab-LoggerService: Checking Threshold
06-08 14:47:48.379  2137  2241 I PhoneLab-LoggerService: Starting to rename files
06-08 14:47:48.379  2137  2241 I PhoneLab-LoggerService: Files found .. 2
06-08 14:47:48.625  2489  2491 D dalvikvm: GC_CONCURRENT freed 377K, 7% free 9357K/9991K, paused 2ms+9ms
06-08 14:47:48.632   559   561 D dalvikvm: GC_CONCURRENT freed 507K, 8% free 10938K/11847K, paused 3ms+22ms
06-08 14:47:48.687  2489  4051 I DownloadManager: deleting /data/data/com.android.providers.downloads/cache/downloadfile.vcf
06-08 14:47:48.863  3023  3025 D dalvikvm: GC_CONCURRENT freed 756K, 9% free 9705K/10567K, paused 2ms+3ms
06-08 14:47:48.906  2489  4053 I DownloadManager: Initiating request for download 146
06-08 14:47:49.168  3023  3025 D dalvikvm: GC_CONCURRENT freed 238K, 7% free 9851K/10567K, paused 3ms+3ms
06-08 14:47:49.398   151   163 D dalvikvm: GC_EXPLICIT freed 592K, 26% free 13856K/18695K, paused 3ms+7ms
06-08 14:47:49.476  3023  3025 D dalvikvm: GC_CONCURRENT freed 332K, 7% free 9907K/10567K, paused 2ms+4ms
06-08 14:47:49.660  2489  4055 D dalvikvm: GC_EXPLICIT freed 323K, 7% free 9366K/9991K, paused 3ms+5ms
06-08 14:47:49.734  2489  4055 I DownloadManager: deleting /data/data/com.android.providers.downloads/cache/downloadfile.gif
06-08 14:47:49.761  2520  2523 D dalvikvm: GC_CONCURRENT freed 398K, 9% free 9634K/10503K, paused 4ms+3ms
06-08 14:47:49.957  3023  3025 D dalvikvm: GC_CONCURRENT freed 368K, 7% free 9924K/10567K, paused 2ms+2ms
06-08 14:47:50.996  2489  4059 I DownloadManager: Initiating request for download 147
06-08 14:47:51.234  3023  3025 D dalvikvm: GC_CONCURRENT freed 333K, 6% free 9978K/10567K, paused 3ms+4ms
06-08 14:47:51.894  2489  2491 D dalvikvm: GC_CONCURRENT freed 386K, 7% free 9374K/9991K, paused 2ms+4ms
06-08 14:47:51.921  2489  4064 I DownloadManager: deleting /data/data/com.android.providers.downloads/cache/downloadfile.gif
06-08 14:47:52.113  2489  4066 I DownloadManager: Initiating request for download 148
06-08 14:47:53.347   559   561 D dalvikvm: GC_CONCURRENT freed 510K, 8% free 10957K/11847K, paused 2ms+4ms
06-08 14:47:53.472  2489  4072 I DownloadManager: deleting /data/data/com.android.providers.downloads/cache/downloadfile.gif
06-08 14:47:53.515  2489  2491 D dalvikvm: GC_CONCURRENT freed 408K, 7% free 9359K/9991K, paused 6ms+5ms
06-08 14:47:53.535  2489  4073 I DownloadManager: deleting /data/data/com.android.providers.downloads/cache/downloadfile.gif
06-08 14:47:53.629  3023  3025 D dalvikvm: GC_CONCURRENT freed 772K, 10% free 9604K/10567K, paused 2ms+3ms
06-08 14:47:53.789  2489  4075 I DownloadManager: Initiating request for download 149
06-08 14:47:53.820  2489  4077 I DownloadManager: Initiating request for download 149
06-08 14:47:53.957  3023  3025 D dalvikvm: GC_CONCURRENT freed 172K, 8% free 9817K/10567K, paused 3ms+3ms
06-08 14:47:54.109  2489  2491 D dalvikvm: GC_CONCURRENT freed 378K, 7% free 9388K/9991K, paused 3ms+3ms
06-08 14:47:54.293  3023  3025 D dalvikvm: GC_CONCURRENT freed 325K, 7% free 9880K/10567K, paused 2ms+3ms
06-08 14:47:54.515  3023  3025 D dalvikvm: GC_CONCURRENT freed 361K, 7% free 9905K/10567K, paused 3ms+3ms
06-08 14:47:55.015   151  1035 D dalvikvm: GC_EXPLICIT freed 345K, 26% free 13853K/18695K, paused 3ms+8ms
06-08 14:47:55.179  2489  4079 I DownloadManager: deleting /data/data/com.android.providers.downloads/cache/downloadfile.gif
06-08 14:47:55.379  2489  4082 I DownloadManager: Initiating request for download 150
06-08 14:47:55.511  2489  2491 D dalvikvm: GC_CONCURRENT freed 344K, 6% free 9435K/9991K, paused 1ms+3ms
06-08 14:47:55.707  3023  3025 D dalvikvm: GC_CONCURRENT freed 333K, 6% free 9958K/10567K, paused 2ms+5ms
06-08 14:47:56.441  2489  4087 I DownloadManager: deleting /data/data/com.android.providers.downloads/cache/downloadfile.gif
06-08 14:47:56.570  2489  4089 I DownloadManager: Initiating request for download 151
06-08 14:47:56.789  2489  2491 D dalvikvm: GC_CONCURRENT freed 496K, 7% free 9364K/9991K, paused 1ms+3ms
06-08 14:47:57.718  2489  4095 I DownloadManager: deleting /data/data/com.android.providers.downloads/cache/downloadfile.gif
06-08 14:47:58.496  2489  2496 I dalvikvm: Jit: resizing JitTable from 4096 to 8192
06-08 14:47:58.586  2489  4098 I DownloadManager: Initiating request for download 152
06-08 14:47:58.660  3023  3025 D dalvikvm: GC_CONCURRENT freed 794K, 10% free 9555K/10567K, paused 4ms+4ms
06-08 14:47:58.851  2489  2491 D dalvikvm: GC_CONCURRENT freed 382K, 7% free 9390K/9991K, paused 2ms+3ms
06-08 14:47:58.949  3023  3025 D dalvikvm: GC_CONCURRENT freed 142K, 8% free 9799K/10567K, paused 2ms+2ms
06-08 14:47:59.175  3023  3025 D dalvikvm: GC_CONCURRENT freed 298K, 7% free 9889K/10567K, paused 2ms+3ms
06-08 14:47:59.492  3023  3025 D dalvikvm: GC_CONCURRENT freed 362K, 7% free 9915K/10567K, paused 1ms+4ms
06-08 14:47:59.629  2520  2523 D dalvikvm: GC_CONCURRENT freed 396K, 9% free 9633K/10503K, paused 3ms+18ms
06-08 14:47:59.648  2489  4103 I DownloadManager: deleting /data/data/com.android.providers.downloads/cache/downloadfile.gif
06-08 14:48:00.445  3023  3025 D dalvikvm: GC_CONCURRENT freed 354K, 6% free 9957K/10567K, paused 3ms+4ms
06-08 14:48:01.734  2489  4106 I DownloadManager: Initiating request for download 153
06-08 14:48:01.929  3023  3025 D dalvikvm: GC_CONCURRENT freed 376K, 6% free 9968K/10567K, paused 2ms+4ms
06-08 14:48:02.007  2489  2491 D dalvikvm: GC_CONCURRENT freed 382K, 6% free 9428K/9991K, paused 2ms+8ms
06-08 14:48:03.921   559   561 D dalvikvm: GC_CONCURRENT freed 470K, 7% free 11030K/11847K, paused 2ms+6ms
06-08 14:48:04.160   151   666 D dalvikvm: GC_EXPLICIT freed 431K, 26% free 13864K/18695K, paused 3ms+7ms
06-08 14:48:04.382  2489  4112 I DownloadManager: deleting /data/data/com.android.providers.downloads/cache/downloadfile.gif
06-08 14:48:04.445  3023  3025 D dalvikvm: GC_CONCURRENT freed 574K, 8% free 9794K/10567K, paused 2ms+2ms
06-08 14:48:04.562  2489  4114 I DownloadManager: Initiating request for download 154
06-08 14:48:04.855  3023  3025 D dalvikvm: GC_CONCURRENT freed 293K, 7% free 9887K/10567K, paused 2ms+2ms
06-08 14:48:05.086  3023  3025 D dalvikvm: GC_CONCURRENT freed 374K, 7% free 9901K/10567K, paused 2ms+3ms
06-08 14:48:05.328   470   473 D dalvikvm: GC_CONCURRENT freed 469K, 6% free 9521K/10119K, paused 25ms+3ms
06-08 14:48:05.445  2489  2491 D dalvikvm: GC_CONCURRENT freed 449K, 6% free 9415K/9991K, paused 2ms+4ms
06-08 14:48:05.656  2489  4120 I DownloadManager: deleting /data/data/com.android.providers.downloads/cache/downloadfile.gif
06-08 14:48:05.824  3023  3025 D dalvikvm: GC_CONCURRENT freed 355K, 6% free 9937K/10567K, paused 2ms+3ms
06-08 14:48:05.855  2489  4122 I DownloadManager: Initiating request for download 155
06-08 14:48:06.464   559  1658 I WifiLocationEstimator: Not returning location for the following outliers: [229533826278832]
06-08 14:48:06.679   559   561 D dalvikvm: GC_CONCURRENT freed 671K, 8% free 10993K/11847K, paused 2ms+14ms
06-08 14:48:07.179  2489  4126 D dalvikvm: GC_EXPLICIT freed 443K, 7% free 9383K/9991K, paused 18ms+12ms
06-08 14:48:07.218  3023  3208 D dalvikvm: GC_FOR_ALLOC freed 306K, 6% free 9973K/10567K, paused 26ms
06-08 14:48:08.398  2489  4126 I DownloadManager: deleting /data/data/com.android.providers.downloads/cache/downloadfile.jpeg
06-08 14:48:08.402  2489  4128 I DownloadManager: Initiating request for download 156
06-08 14:48:09.269  3023  3025 D dalvikvm: GC_CONCURRENT freed 672K, 8% free 9724K/10567K, paused 2ms+4ms
06-08 14:48:09.718  3023  3025 D dalvikvm: GC_CONCURRENT freed 246K, 7% free 9872K/10567K, paused 1ms+4ms
06-08 14:48:09.765  2489  2491 D dalvikvm: GC_CONCURRENT freed 413K, 7% free 9360K/9991K, paused 2ms+8ms
06-08 14:48:09.793  2489  4135 I DownloadManager: deleting /data/data/com.android.providers.downloads/cache/downloadfile.jpeg
06-08 14:48:09.968   151   666 D dalvikvm: GC_EXPLICIT freed 389K, 26% free 13867K/18695K, paused 3ms+7ms
06-08 14:48:10.031  2489  4137 I DownloadManager: Initiating request for download 157
06-08 14:48:10.199  3023  3025 D dalvikvm: GC_CONCURRENT freed 358K, 7% free 9908K/10567K, paused 1ms+3ms
06-08 14:48:10.519  3023  3025 D dalvikvm: GC_CONCURRENT freed 361K, 7% free 9931K/10567K, paused 1ms+4ms
06-08 14:48:11.078  2489  4142 I DownloadManager: deleting /data/data/com.android.providers.downloads/cache/downloadfile.gif
06-08 14:48:11.160  2489  2491 D dalvikvm: GC_CONCURRENT freed 373K, 7% free 9373K/9991K, paused 2ms+4ms
06-08 14:48:11.265  2489  4144 I DownloadManager: Initiating request for download 158
06-08 14:48:11.589  3023  3025 D dalvikvm: GC_CONCURRENT freed 334K, 6% free 9983K/10567K, paused 2ms+2ms
06-08 14:48:12.269  2520  2523 D dalvikvm: GC_CONCURRENT freed 385K, 9% free 9636K/10503K, paused 2ms+2ms
06-08 14:48:14.386   559   561 D dalvikvm: GC_CONCURRENT freed 459K, 7% free 11095K/11847K, paused 3ms+4ms
06-08 14:48:14.457  2489  4149 I DownloadManager: deleting /data/data/com.android.providers.downloads/cache/downloadfile.gif
06-08 14:48:14.504  2489  4150 I DownloadManager: Initiating request for download 159
06-08 14:48:14.535  2489  2491 D dalvikvm: GC_CONCURRENT freed 403K, 7% free 9361K/9991K, paused 3ms+13ms
06-08 14:48:14.699  3023  3025 D dalvikvm: GC_CONCURRENT freed 759K, 9% free 9619K/10567K, paused 3ms+2ms
06-08 14:48:14.933  3023  3025 D dalvikvm: GC_CONCURRENT freed 173K, 7% free 9833K/10567K, paused 2ms+3ms
06-08 14:48:15.171  3023  3025 D dalvikvm: GC_CONCURRENT freed 329K, 7% free 9889K/10567K, paused 2ms+3ms
06-08 14:48:15.539  2489  4157 I DownloadManager: deleting /data/data/com.android.providers.downloads/cache/downloadfile.gif
06-08 14:48:15.632  3023  3025 D dalvikvm: GC_CONCURRENT freed 368K, 7% free 9914K/10567K, paused 7ms+7ms
06-08 14:48:15.765  2489  4159 I DownloadManager: Initiating request for download 160
06-08 14:48:15.804  2489  2491 D dalvikvm: GC_CONCURRENT freed 378K, 7% free 9381K/9991K, paused 2ms+3ms
06-08 14:48:16.382  3023  3025 D dalvikvm: GC_CONCURRENT freed 333K, 6% free 9965K/10567K, paused 2ms+3ms
06-08 14:48:16.605   151  1037 D dalvikvm: GC_EXPLICIT freed 329K, 26% free 13872K/18695K, paused 4ms+8ms
06-08 14:48:16.722  2489  4165 I DownloadManager: deleting /data/data/com.android.providers.downloads/cache/downloadfile.gif
06-08 14:48:16.906  2489  4167 I DownloadManager: Initiating request for download 161
06-08 14:48:17.019  2489  2491 D dalvikvm: GC_CONCURRENT freed 379K, 6% free 9410K/9991K, paused 2ms+4ms
06-08 14:48:19.812  2520  4172 D dalvikvm: GC_EXPLICIT freed 228K, 9% free 9592K/10503K, paused 5ms+4ms
06-08 14:48:20.039   559   561 D dalvikvm: GC_CONCURRENT freed 819K, 8% free 10939K/11847K, paused 2ms+5ms
06-08 14:48:20.066  2489  4173 I DownloadManager: deleting /data/data/com.android.providers.downloads/cache/downloadfile.vcf
06-08 14:48:20.160  3023  3025 D dalvikvm: GC_CONCURRENT freed 799K, 10% free 9563K/10567K, paused 4ms+5ms
06-08 14:48:20.254  2489  4175 I DownloadManager: Initiating request for download 162
06-08 14:48:20.437  3023  3025 D dalvikvm: GC_CONCURRENT freed 145K, 8% free 9805K/10567K, paused 2ms+5ms
06-08 14:48:20.543  2489  2491 D dalvikvm: GC_CONCURRENT freed 499K, 7% free 9367K/9991K, paused 2ms+4ms
06-08 14:48:20.765  3023  3025 D dalvikvm: GC_CONCURRENT freed 310K, 7% free 9882K/10567K, paused 2ms+3ms
06-08 14:48:20.890  3023  3205 D dalvikvm: GC_EXPLICIT freed 201K, 7% free 9860K/10567K, paused 3ms+3ms
06-08 14:48:21.300  3023  3025 D dalvikvm: GC_CONCURRENT freed 330K, 7% free 9924K/10567K, paused 2ms+4ms
06-08 14:48:21.339  2489  4181 I DownloadManager: deleting /data/data/com.android.providers.downloads/cache/downloadfile.vcf
06-08 14:48:21.480  2489  4183 I DownloadManager: Initiating request for download 163
06-08 14:48:21.707  2489  2491 D dalvikvm: GC_CONCURRENT freed 387K, 6% free 9393K/9991K, paused 2ms+3ms
06-08 14:48:22.078  3023  3025 D dalvikvm: GC_CONCURRENT freed 341K, 6% free 9970K/10567K, paused 2ms+4ms
06-08 14:48:22.414  1236  1236 D dalvikvm: GC_EXPLICIT freed 219K, 7% free 9830K/10567K, paused 3ms+4ms
06-08 14:48:22.511  2489  4188 I DownloadManager: deleting /data/data/com.android.providers.downloads/cache/downloadfile.vcf
06-08 14:48:22.652  2489  4190 I DownloadManager: Initiating request for download 164
06-08 14:48:22.871  2489  2491 D dalvikvm: GC_CONCURRENT freed 381K, 6% free 9426K/9991K, paused 2ms+4ms
06-08 14:48:26.347   151  1037 D dalvikvm: GC_EXPLICIT freed 402K, 26% free 13888K/18695K, paused 3ms+8ms
06-08 14:48:26.570  2489  4196 I DownloadManager: deleting /data/data/com.android.providers.downloads/cache/downloadfile.vcf
06-08 14:48:26.656   559  3188 D dalvikvm: GC_EXPLICIT freed 504K, 8% free 10953K/11847K, paused 8ms+8ms
06-08 14:48:26.765  3023  3025 D dalvikvm: GC_CONCURRENT freed 810K, 10% free 9580K/10567K, paused 2ms+4ms
06-08 14:48:26.793  2489  4198 I DownloadManager: Initiating request for download 165
06-08 14:48:26.996  3023  3025 D dalvikvm: GC_CONCURRENT freed 166K, 8% free 9801K/10567K, paused 2ms+2ms
06-08 14:48:27.250  3023  3025 D dalvikvm: GC_CONCURRENT freed 320K, 7% free 9870K/10567K, paused 2ms+3ms
06-08 14:48:27.566  3023  3025 D dalvikvm: GC_CONCURRENT freed 357K, 7% free 9899K/10567K, paused 2ms+3ms
06-08 14:48:27.589  2489  2491 D dalvikvm: GC_CONCURRENT freed 447K, 6% free 9414K/9991K, paused 2ms+13ms
06-08 14:48:27.636  2489  2505 D dalvikvm: GC_EXPLICIT freed 32K, 7% free 9385K/9991K, paused 6ms+3ms
06-08 14:48:27.824  2489  4203 I DownloadManager: deleting /data/data/com.android.providers.downloads/cache/downloadfile.gif
06-08 14:48:27.984  2489  4205 I DownloadManager: Initiating request for download 166
06-08 14:48:28.351  3023  3025 D dalvikvm: GC_CONCURRENT freed 338K, 6% free 9946K/10567K, paused 3ms+3ms
06-08 14:48:28.859  2489  2491 D dalvikvm: GC_CONCURRENT freed 420K, 7% free 9359K/9991K, paused 3ms+4ms
06-08 14:48:28.918  2489  4209 I DownloadManager: deleting /data/data/com.android.providers.downloads/cache/downloadfile.jpeg
06-08 14:48:29.652  3023  3025 D dalvikvm: GC_CONCURRENT freed 368K, 6% free 9965K/10567K, paused 1ms+3ms
06-08 14:48:31.062  2489  4212 I DownloadManager: Initiating request for download 167
06-08 14:48:31.644  3023  3025 D dalvikvm: GC_CONCURRENT freed 594K, 8% free 9767K/10567K, paused 2ms+3ms
06-08 14:48:32.093  2520  2523 D dalvikvm: GC_CONCURRENT freed 356K, 9% free 9634K/10503K, paused 2ms+4ms
06-08 14:48:32.211  2489  2491 D dalvikvm: GC_CONCURRENT freed 380K, 7% free 9365K/9991K, paused 1ms+16ms
06-08 14:48:32.289  3023  3025 D dalvikvm: GC_CONCURRENT freed 283K, 7% free 9869K/10567K, paused 1ms+3ms
06-08 14:48:32.328  2489  4219 I DownloadManager: deleting /data/data/com.android.providers.downloads/cache/downloadfile.png
06-08 14:48:32.500   151   162 D dalvikvm: GC_EXPLICIT freed 411K, 26% free 13850K/18695K, paused 4ms+7ms
06-08 14:48:32.566  2489  4221 I DownloadManager: Initiating request for download 168
06-08 14:48:32.761  3023  3025 D dalvikvm: GC_CONCURRENT freed 367K, 7% free 9892K/10567K, paused 2ms+2ms
06-08 14:48:33.113  3023  3025 D dalvikvm: GC_CONCURRENT freed 355K, 7% free 9926K/10567K, paused 2ms+3ms
06-08 14:48:33.796  2489  2491 D dalvikvm: GC_CONCURRENT freed 384K, 7% free 9369K/9991K, paused 2ms+4ms
06-08 14:48:33.879  2489  4227 I DownloadManager: deleting /data/data/com.android.providers.downloads/cache/downloadfile.png
06-08 14:48:34.074  2489  4229 I DownloadManager: Initiating request for download 169
06-08 14:48:34.304  3023  3025 D dalvikvm: GC_CONCURRENT freed 337K, 6% free 9976K/10567K, paused 3ms+3ms
06-08 14:48:34.910  2489  2491 D dalvikvm: GC_CONCURRENT freed 397K, 7% free 9365K/9991K, paused 3ms+3ms
06-08 14:48:35.640  2489  4235 I DownloadManager: deleting /data/data/com.android.providers.downloads/cache/downloadfile.gif
06-08 14:48:36.414   559   561 D dalvikvm: GC_CONCURRENT freed 472K, 7% free 11029K/11847K, paused 2ms+3ms
06-08 14:48:36.433  2489  4237 I DownloadManager: Initiating request for download 170
06-08 14:48:36.707  3023  3025 D dalvikvm: GC_CONCURRENT freed 666K, 9% free 9715K/10567K, paused 2ms+2ms
06-08 14:48:36.937  3023  3025 D dalvikvm: GC_CONCURRENT freed 244K, 7% free 9860K/10567K, paused 2ms+3ms
06-08 14:48:37.250  3023  3025 D dalvikvm: GC_CONCURRENT freed 357K, 7% free 9894K/10567K, paused 2ms+2ms
06-08 14:48:37.461  2489  2491 D dalvikvm: GC_CONCURRENT freed 381K, 7% free 9370K/9991K, paused 7ms+3ms
06-08 14:48:37.519  2489  4242 I DownloadManager: deleting /data/data/com.android.providers.downloads/cache/downloadfile.gif
06-08 14:48:37.703  2489  4244 I DownloadManager: Initiating request for download 171
06-08 14:48:38.035  3023  3025 D dalvikvm: GC_CONCURRENT freed 358K, 7% free 9923K/10567K, paused 2ms+3ms
06-08 14:48:38.679   151  1008 D dalvikvm: GC_EXPLICIT freed 329K, 26% free 13850K/18695K, paused 3ms+7ms
06-08 14:48:38.816  2489  4250 I DownloadManager: deleting /data/data/com.android.providers.downloads/cache/downloadfile.gif
06-08 14:48:38.855  2489  2491 D dalvikvm: GC_CONCURRENT freed 371K, 7% free 9384K/9991K, paused 3ms+4ms
06-08 14:48:39.214  3023  3025 D dalvikvm: GC_CONCURRENT freed 337K, 6% free 9972K/10567K, paused 2ms+4ms
06-08 14:48:41.441  2489  4252 I DownloadManager: Initiating request for download 172
06-08 14:48:41.464   559   561 D dalvikvm: GC_CONCURRENT freed 708K, 9% free 10884K/11847K, paused 3ms+3ms
06-08 14:48:41.742  3023  3025 D dalvikvm: GC_CONCURRENT freed 653K, 9% free 9719K/10567K, paused 2ms+14ms
06-08 14:48:41.984  3023  3025 D dalvikvm: GC_CONCURRENT freed 233K, 7% free 9873K/10567K, paused 2ms+5ms
06-08 14:48:42.425  3023  3025 D dalvikvm: GC_CONCURRENT freed 364K, 7% free 9896K/10567K, paused 36ms+13ms
06-08 14:48:42.496  2489  4257 I DownloadManager: deleting /data/data/com.android.providers.downloads/cache/downloadfile.gif
06-08 14:48:42.714  2489  2491 D dalvikvm: GC_CONCURRENT freed 408K, 7% free 9367K/9991K, paused 2ms+4ms
06-08 14:48:42.785  2489  4259 I DownloadManager: Initiating request for download 173
06-08 14:48:42.898  3023  3025 D dalvikvm: GC_CONCURRENT freed 360K, 7% free 9928K/10567K, paused 2ms+4ms
06-08 14:48:43.668  2520  2523 D dalvikvm: GC_CONCURRENT freed 403K, 9% free 9637K/10503K, paused 2ms+3ms
06-08 14:48:43.820  2489  4264 I DownloadManager: deleting /data/data/com.android.providers.downloads/cache/downloadfile.gif
06-08 14:48:43.984  2489  2491 D dalvikvm: GC_CONCURRENT freed 380K, 7% free 9371K/9991K, paused 2ms+4ms
06-08 14:48:44.039  2489  4266 I DownloadManager: Initiating request for download 174
06-08 14:48:44.058  3023  3025 D dalvikvm: GC_CONCURRENT freed 336K, 6% free 9990K/10567K, paused 2ms+5ms
06-08 14:48:45.031  2489  4272 I DownloadManager: deleting /data/data/com.android.providers.downloads/cache/downloadfile.gif
06-08 14:48:45.066  2489  2489 D dalvikvm: GC_EXPLICIT freed 354K, 7% free 9366K/9991K, paused 2ms+4ms
06-08 14:48:45.191  2489  4274 I DownloadManager: Initiating request for download 175
06-08 14:48:46.179   151   493 D dalvikvm: GC_EXPLICIT freed 370K, 26% free 13869K/18695K, paused 3ms+8ms
06-08 14:48:46.238   559   561 D dalvikvm: GC_CONCURRENT freed 506K, 8% free 10906K/11847K, paused 3ms+4ms
06-08 14:48:46.320  2489  4280 I DownloadManager: deleting /data/data/com.android.providers.downloads/cache/downloadfile.gif
06-08 14:48:46.535  3023  3025 D dalvikvm: GC_CONCURRENT freed 734K, 8% free 9728K/10567K, paused 2ms+2ms
06-08 14:48:46.554  2489  2491 D dalvikvm: GC_CONCURRENT freed 361K, 6% free 9395K/9991K, paused 2ms+11ms
06-08 14:48:47.445  3023  3025 D dalvikvm: GC_CONCURRENT freed 260K, 7% free 9854K/10567K, paused 2ms+2ms
06-08 14:48:47.832  3023  3025 D dalvikvm: GC_CONCURRENT freed 349K, 7% free 9893K/10567K, paused 2ms+2ms
06-08 14:48:48.050  3023  3025 D dalvikvm: GC_CONCURRENT freed 358K, 7% free 9919K/10567K, paused 2ms+4ms
06-08 14:48:48.312  2489  4282 I DownloadManager: Initiating request for download 176
06-08 14:48:49.050  3023  3025 D dalvikvm: GC_CONCURRENT freed 328K, 6% free 9978K/10567K, paused 2ms+3ms
06-08 14:48:49.445  2489  4288 I DownloadManager: deleting /data/data/com.android.providers.downloads/cache/downloadfile.gif
06-08 14:48:49.625  2489  2491 D dalvikvm: GC_CONCURRENT freed 422K, 7% free 9357K/9991K, paused 2ms+4ms
06-08 14:48:49.671  2489  4290 I DownloadManager: Initiating request for download 177
06-08 14:48:51.343   559   561 D dalvikvm: GC_CONCURRENT freed 495K, 8% free 10946K/11847K, paused 2ms+4ms
06-08 14:48:51.441   559  1658 I WifiLocationEstimator: Not returning location for the following outliers: [229533826278832]
06-08 14:48:51.636  2489  4296 I DownloadManager: deleting /data/data/com.android.providers.downloads/cache/downloadfile.gif
06-08 14:48:51.664  3023  3025 D dalvikvm: GC_CONCURRENT freed 742K, 9% free 9629K/10567K, paused 2ms+3ms
06-08 14:48:51.707  2489  4297 I DownloadManager: Initiating request for download 178
06-08 14:48:51.843  2489  2491 D dalvikvm: GC_CONCURRENT freed 373K, 7% free 9375K/9991K, paused 8ms+3ms
06-08 14:48:52.203  3023  3025 D dalvikvm: GC_CONCURRENT freed 177K, 7% free 9842K/10567K, paused 2ms+2ms
06-08 14:48:52.441  3023  3025 D dalvikvm: GC_CONCURRENT freed 338K, 7% free 9892K/10567K, paused 1ms+2ms
06-08 14:48:52.664  3023  3025 D dalvikvm: GC_CONCURRENT freed 360K, 7% free 9928K/10567K, paused 2ms+4ms
06-08 14:48:53.058   151   666 D dalvikvm: GC_EXPLICIT freed 337K, 26% free 13870K/18695K, paused 3ms+6ms
06-08 14:48:53.351  2489  4303 I DownloadManager: deleting /data/data/com.android.providers.downloads/cache/downloadfile.gif
06-08 14:48:53.379  2520  2523 D dalvikvm: GC_CONCURRENT freed 397K, 9% free 9629K/10503K, paused 10ms+5ms
06-08 14:48:53.586  2489  4305 I DownloadManager: Initiating request for download 179
06-08 14:48:53.660  3023  3025 D dalvikvm: GC_CONCURRENT freed 342K, 6% free 9970K/10567K, paused 2ms+3ms
06-08 14:48:53.793  2489  2491 D dalvikvm: GC_CONCURRENT freed 373K, 6% free 9400K/9991K, paused 2ms+4ms
06-08 14:48:54.640  2489  4310 I DownloadManager: deleting /data/data/com.android.providers.downloads/cache/downloadfile.gif
06-08 14:48:54.796  2489  4312 I DownloadManager: Initiating request for download 180
06-08 14:48:54.914  2489  2491 D dalvikvm: GC_CONCURRENT freed 408K, 7% free 9387K/9991K, paused 2ms+4ms
06-08 14:48:56.046   559   561 D dalvikvm: GC_CONCURRENT freed 599K, 9% free 10886K/11847K, paused 5ms+3ms
06-08 14:48:56.277  2489  4318 I DownloadManager: deleting /data/data/com.android.providers.downloads/cache/downloadfile.gif
06-08 14:48:56.293  3023  3025 D dalvikvm: GC_CONCURRENT freed 808K, 10% free 9553K/10567K, paused 4ms+3ms
06-08 14:48:56.496  2489  4320 I DownloadManager: Initiating request for download 181
06-08 14:48:56.543  3023  3025 D dalvikvm: GC_CONCURRENT freed 132K, 8% free 9809K/10567K, paused 3ms+3ms
06-08 14:48:56.632  2489  2491 D dalvikvm: GC_CONCURRENT freed 376K, 6% free 9402K/9991K, paused 5ms+4ms
06-08 14:48:56.929  3023  3025 D dalvikvm: GC_CONCURRENT freed 303K, 7% free 9892K/10567K, paused 3ms+4ms
06-08 14:48:57.171  3023  3025 D dalvikvm: GC_CONCURRENT freed 378K, 7% free 9900K/10567K, paused 2ms+3ms
06-08 14:48:57.222  3023  3038 D dalvikvm: GC_EXPLICIT freed 72K, 7% free 9846K/10567K, paused 2ms+3ms
06-08 14:48:57.843  3023  3025 D dalvikvm: GC_CONCURRENT freed 284K, 6% free 9947K/10567K, paused 2ms+6ms
06-08 14:48:57.867  2489  4327 I DownloadManager: deleting /data/data/com.android.providers.downloads/cache/downloadfile.htm
06-08 14:48:58.804  2821  2823 D dalvikvm: GC_CONCURRENT freed 374K, 6% free 10215K/10823K, paused 20ms+2ms
06-08 14:48:59.129  2489  4329 I DownloadManager: Initiating request for download 182
06-08 14:48:59.261  2489  2491 D dalvikvm: GC_CONCURRENT freed 378K, 6% free 9415K/9991K, paused 1ms+8ms
06-08 14:48:59.507  3023  3025 D dalvikvm: GC_CONCURRENT freed 352K, 6% free 9986K/10567K, paused 2ms+3ms
06-08 14:48:59.957   151   552 D dalvikvm: GC_EXPLICIT freed 378K, 26% free 13878K/18695K, paused 4ms+8ms
06-08 14:49:00.300  2489  4334 I DownloadManager: deleting /data/data/com.android.providers.downloads/cache/downloadfile.vcf
06-08 14:49:00.453  2489  4336 I DownloadManager: Initiating request for download 183
06-08 14:49:00.664  2489  2491 D dalvikvm: GC_CONCURRENT freed 462K, 6% free 9419K/9991K, paused 2ms+5ms
06-08 14:49:01.472   559   561 D dalvikvm: GC_CONCURRENT freed 529K, 9% free 10867K/11847K, paused 3ms+4ms
06-08 14:49:01.656  2489  4342 I DownloadManager: deleting /data/data/com.android.providers.downloads/cache/downloadfile.vcf
06-08 14:49:01.867  3023  3025 D dalvikvm: GC_CONCURRENT freed 658K, 8% free 9788K/10567K, paused 2ms+2ms
06-08 14:49:01.867  2489  4344 I DownloadManager: Initiating request for download 184
06-08 14:49:02.214  3023  3025 D dalvikvm: GC_CONCURRENT freed 293K, 7% free 9885K/10567K, paused 2ms+3ms
06-08 14:49:02.437  3023  3025 D dalvikvm: GC_CONCURRENT freed 375K, 7% free 9900K/10567K, paused 3ms+3ms
06-08 14:49:02.617  2489  2491 D dalvikvm: GC_CONCURRENT freed 439K, 6% free 9419K/9991K, paused 1ms+6ms
06-08 14:49:02.824  2489  2501 D dalvikvm: GC_EXPLICIT freed 139K, 7% free 9329K/9991K, paused 2ms+3ms
06-08 14:49:02.964  2520  2523 D dalvikvm: GC_CONCURRENT freed 389K, 9% free 9630K/10503K, paused 5ms+3ms
06-08 14:49:02.988  2489  4350 I DownloadManager: deleting /data/data/com.android.providers.downloads/cache/downloadfile.gif
06-08 14:49:03.093  3023  3025 D dalvikvm: GC_CONCURRENT freed 345K, 6% free 9942K/10567K, paused 2ms+3ms
06-08 14:49:04.097  3023  3025 D dalvikvm: GC_CONCURRENT freed 341K, 6% free 9989K/10567K, paused 2ms+3ms
06-08 14:49:04.207  2489  4352 I DownloadManager: Initiating request for download 185
06-08 14:49:05.046  2489  2491 D dalvikvm: GC_CONCURRENT freed 340K, 7% free 9379K/9991K, paused 2ms+4ms
06-08 14:49:05.457  2489  4358 I DownloadManager: deleting /data/data/com.android.providers.downloads/cache/downloadfile.gif
06-08 14:49:05.695   151  1037 D dalvikvm: GC_EXPLICIT freed 509K, 26% free 13886K/18695K, paused 6ms+8ms
06-08 14:49:05.711  2489  4360 I DownloadManager: Initiating request for download 186
06-08 14:49:06.718   559   561 D dalvikvm: GC_CONCURRENT freed 496K, 9% free 10899K/11847K, paused 3ms+5ms
06-08 14:49:06.855  2489  2491 D dalvikvm: GC_CONCURRENT freed 379K, 6% free 9394K/9991K, paused 4ms+5ms
06-08 14:49:06.902  2489  4365 I DownloadManager: deleting /data/data/com.android.providers.downloads/cache/downloadfile.gif
06-08 14:49:07.054  3023  3025 D dalvikvm: GC_CONCURRENT freed 691K, 8% free 9760K/10567K, paused 2ms+3ms
06-08 14:49:07.113  2489  4367 I DownloadManager: Initiating request for download 187
06-08 14:49:07.410  3023  3025 D dalvikvm: GC_CONCURRENT freed 274K, 7% free 9875K/10567K, paused 2ms+4ms
06-08 14:49:07.671  3023  3025 D dalvikvm: GC_CONCURRENT freed 366K, 7% free 9896K/10567K, paused 2ms+3ms
06-08 14:49:08.023  3023  3025 D dalvikvm: GC_CONCURRENT freed 354K, 7% free 9926K/10567K, paused 2ms+34ms
06-08 14:49:08.175  2489  2491 D dalvikvm: GC_CONCURRENT freed 420K, 7% free 9368K/9991K, paused 2ms+3ms
06-08 14:49:08.230  2489  4373 I DownloadManager: deleting /data/data/com.android.providers.downloads/cache/downloadfile.gif
06-08 14:49:09.105  3023  3025 D dalvikvm: GC_CONCURRENT freed 330K, 6% free 9985K/10567K, paused 2ms+3ms
06-08 14:49:10.121  2489  4375 I DownloadManager: Initiating request for download 188
06-08 14:49:11.535   559   561 D dalvikvm: GC_CONCURRENT freed 493K, 8% free 10915K/11847K, paused 2ms+3ms
06-08 14:49:11.679  3023  3025 D dalvikvm: GC_CONCURRENT freed 753K, 9% free 9691K/10567K, paused 2ms+3ms
06-08 14:49:11.929  3023  3025 D dalvikvm: GC_CONCURRENT freed 237K, 7% free 9845K/10567K, paused 2ms+3ms
06-08 14:49:12.339  2489  2491 D dalvikvm: GC_CONCURRENT freed 379K, 7% free 9376K/9991K, paused 2ms+5ms
06-08 14:49:12.371  2489  4380 I DownloadManager: deleting /data/data/com.android.providers.downloads/cache/downloadfile.gif
06-08 14:49:12.461  3023  3025 D dalvikvm: GC_CONCURRENT freed 336K, 7% free 9897K/10567K, paused 2ms+3ms
06-08 14:49:12.527  2489  4382 I DownloadManager: Initiating request for download 189
06-08 14:49:12.738   151   163 D dalvikvm: GC_EXPLICIT freed 346K, 26% free 13884K/18695K, paused 4ms+7ms
06-08 14:49:12.890  3023  3025 D dalvikvm: GC_CONCURRENT freed 356K, 7% free 9928K/10567K, paused 2ms+5ms
06-08 14:49:13.664  3023  3025 D dalvikvm: GC_CONCURRENT freed 342K, 6% free 9982K/10567K, paused 2ms+3ms
06-08 14:49:15.234  2489  2491 D dalvikvm: GC_CONCURRENT freed 395K, 7% free 9368K/9991K, paused 2ms+4ms
06-08 14:49:16.250   559   561 D dalvikvm: GC_CONCURRENT freed 481K, 8% free 10944K/11847K, paused 2ms+3ms
06-08 14:49:16.343  3023  3025 D dalvikvm: GC_CONCURRENT freed 755K, 9% free 9621K/10567K, paused 2ms+3ms
06-08 14:49:16.566  3023  3025 D dalvikvm: GC_CONCURRENT freed 183K, 8% free 9826K/10567K, paused 3ms+2ms
06-08 14:49:17.168  3023  3025 D dalvikvm: GC_CONCURRENT freed 330K, 7% free 9888K/10567K, paused 2ms+3ms
06-08 14:49:17.406  3023  3025 D dalvikvm: GC_CONCURRENT freed 371K, 7% free 9903K/10567K, paused 2ms+3ms
06-08 14:49:17.714  2489  4390 I DownloadManager: deleting /data/data/com.android.providers.downloads/cache/downloadfile.wma
06-08 14:49:17.726  2489  4391 I DownloadManager: Initiating request for download 190
06-08 14:49:18.433  3023  3025 D dalvikvm: GC_CONCURRENT freed 332K, 6% free 9956K/10567K, paused 2ms+3ms
06-08 14:49:18.691  2489  2491 D dalvikvm: GC_CONCURRENT freed 402K, 7% free 9361K/9991K, paused 2ms+5ms
06-08 14:49:18.769  2489  4397 I DownloadManager: deleting /data/data/com.android.providers.downloads/cache/downloadfile.png
06-08 14:49:18.953  2520  2523 D dalvikvm: GC_CONCURRENT freed 379K, 9% free 9636K/10503K, paused 2ms+4ms
06-08 14:49:18.992  2489  4399 I DownloadManager: Initiating request for download 191
06-08 14:49:20.433  2489  2491 D dalvikvm: GC_CONCURRENT freed 373K, 7% free 9376K/9991K, paused 3ms+4ms
06-08 14:49:21.187  2489  4404 I DownloadManager: deleting /data/data/com.android.providers.downloads/cache/downloadfile.gif
06-08 14:49:21.207  2489  4405 I DownloadManager: Initiating request for download 192
06-08 14:49:21.300  3023  3025 D dalvikvm: GC_CONCURRENT freed 762K, 10% free 9591K/10567K, paused 3ms+4ms
06-08 14:49:21.539   151   193 I ActivityManager: Start proc com.google.android.syncadapters.calendar for service com.google.android.syncadapters.calendar/.CalendarSyncAdapterService: pid=4408 uid=10020 gids={3003}
06-08 14:49:21.648  3023  3025 D dalvikvm: GC_CONCURRENT freed 162K, 8% free 9818K/10567K, paused 6ms+2ms
06-08 14:49:22.211   151   493 I ActivityManager: Start proc com.android.providers.calendar for content provider com.android.providers.calendar/.CalendarProvider2: pid=4425 uid=10006 gids={3003, 1015}
06-08 14:49:22.273  4425  4425 I ActivityThread: Pub com.android.calendar: com.android.providers.calendar.CalendarProvider2
06-08 14:49:22.414   151  1038 D dalvikvm: GC_EXPLICIT freed 398K, 26% free 13906K/18695K, paused 11ms+11ms
06-08 14:49:22.425   151   162 I ActivityManager: Process com.android.voicedialer (pid 2630) has died.
06-08 14:49:22.820  4425  4440 D dalvikvm: GC_FOR_ALLOC freed 378K, 5% free 9158K/9607K, paused 28ms
06-08 14:49:22.925  4425  4427 D dalvikvm: GC_CONCURRENT freed 84K, 5% free 9137K/9607K, paused 2ms+3ms
06-08 14:49:22.964  3023  3025 D dalvikvm: GC_CONCURRENT freed 330K, 7% free 9876K/10567K, paused 2ms+3ms
06-08 14:49:23.082   151   493 I ActivityManager: Process com.google.android.voicesearch (pid 2979) has died.
06-08 14:49:23.129  2489  2491 D dalvikvm: GC_CONCURRENT freed 379K, 7% free 9381K/9991K, paused 4ms+7ms
06-08 14:49:23.214  2489  4444 I DownloadManager: deleting /data/data/com.android.providers.downloads/cache/downloadfile.gif
06-08 14:49:23.593  1236  1238 D dalvikvm: GC_CONCURRENT freed 358K, 7% free 9877K/10567K, paused 20ms+11ms
06-08 14:49:23.668  2489  4448 I DownloadManager: Initiating request for download 193
06-08 14:49:23.816  3023  3025 D dalvikvm: GC_CONCURRENT freed 366K, 7% free 9899K/10567K, paused 3ms+3ms
06-08 14:49:24.273  4408  4409 D dalvikvm: GC_CONCURRENT freed 354K, 5% free 9128K/9607K, paused 3ms+3ms
06-08 14:49:24.863  2489  4456 I DownloadManager: deleting /data/data/com.android.providers.downloads/cache/downloadfile.jpeg
06-08 14:49:24.910  2489  2491 D dalvikvm: GC_CONCURRENT freed 394K, 7% free 9373K/9991K, paused 2ms+5ms
06-08 14:49:25.109  3023  3025 D dalvikvm: GC_CONCURRENT freed 360K, 6% free 9937K/10567K, paused 2ms+5ms
06-08 14:49:25.222  2489  4456 D dalvikvm: GC_EXPLICIT freed 84K, 7% free 9299K/9991K, paused 5ms+12ms
06-08 14:49:25.308  2489  4458 I DownloadManager: Initiating request for download 194
06-08 14:49:25.675   151   193 D SyncManager: failed sync operation drqiao02@gmail.com (com.google), com.android.contacts, SERVER, earliestRunTime 438129, SyncResult: syncAlreadyInProgress: true stats []
06-08 14:49:25.738   151  1035 I ActivityManager: Start proc com.android.browser for content provider com.android.browser/.provider.BrowserProvider2: pid=4461 uid=10003 gids={3003, 1015}
06-08 14:49:25.832  4461  4461 I ActivityThread: Pub com.android.browser;browser: com.android.browser.provider.BrowserProvider2
06-08 14:49:25.847  4461  4461 I ActivityThread: Pub com.android.browser.home: com.android.browser.homepages.HomeProvider
06-08 14:49:25.847  4461  4461 I ActivityThread: Pub com.android.browser.snapshots: com.android.browser.provider.SnapshotProvider
06-08 14:49:26.961   559   561 D dalvikvm: GC_CONCURRENT freed 491K, 8% free 10968K/11847K, paused 16ms+4ms
06-08 14:49:27.074  2489  4486 I DownloadManager: deleting /data/data/com.android.providers.downloads/cache/downloadfile.jpeg
06-08 14:49:27.328  2489  2491 D dalvikvm: GC_CONCURRENT freed 304K, 7% free 9379K/9991K, paused 2ms+10ms
06-08 14:49:27.511  3023  3025 D dalvikvm: GC_CONCURRENT freed 357K, 6% free 9967K/10567K, paused 2ms+4ms
06-08 14:49:27.691   151   491 I ActivityManager: Process com.google.android.gm (pid 2520) has died.
06-08 14:49:27.816   151   374 D dalvikvm: GC_EXPLICIT freed 793K, 26% free 13985K/18695K, paused 4ms+8ms
06-08 14:49:27.839  2489  4490 I DownloadManager: Initiating request for download 195
06-08 14:49:29.984   559  3165 D ContactsSyncAdapter: FAILURE: processed 1000 records in 303474 ms from feed http://www.google.com/m8/feeds/contacts/drqiao02@gmail.com/base2_property-android_linksto-gprofiles, updated time is null
06-08 14:49:29.992   559  3188 D ContactsSyncAdapter: EntityReader thread ended: mForcedClosed is true
06-08 14:49:30.011   559  3187 V ContactsSyncAdapter: GDataFeedFetcher thread ended: mForcedClosed is true
06-08 14:49:30.336  4461  4464 D dalvikvm: GC_CONCURRENT freed 262K, 4% free 9208K/9543K, paused 3ms+2ms
06-08 14:49:30.410   151   193 I ActivityManager: Start proc com.google.android.gallery3d for service com.google.android.gallery3d/com.google.android.picasasync.PicasaSyncService: pid=4495 uid=10017 gids={3003, 1015}
06-08 14:49:30.523  4495  4495 I ActivityThread: Pub com.google.android.gallery3d.GooglePhotoProvider: com.google.android.picasasync.PicasaContentProvider
06-08 14:49:30.554   559   561 D dalvikvm: GC_CONCURRENT freed 964K, 12% free 10526K/11847K, paused 8ms+6ms
06-08 14:49:30.613  4495  4497 D dalvikvm: GC_CONCURRENT freed 417K, 6% free 9118K/9607K, paused 5ms+2ms
06-08 14:49:30.660  4495  4495 I ActivityThread: Pub com.google.android.gallery3d.provider: com.android.gallery3d.provider.GalleryProvider
06-08 14:49:30.867  4495  4497 D dalvikvm: GC_CONCURRENT freed 387K, 6% free 9155K/9671K, paused 2ms+3ms
06-08 14:49:30.961  4495  4495 D UploadsManager: load newPhotoTracker: null
06-08 14:49:30.961  4495  4495 D UploadsManager: load all accounts: null
06-08 14:49:30.961  4495  4495 D UploadsManager: load all account-album pairs: null
06-08 14:49:30.961  4495  4495 V PicasaContentProvider: querySettings: defaults: {sync_on_wifi_only=1, auto_upload_account_type=null, sync_on_battery=1, sync_picasa_on_wifi_only=1, auto_upload_enabled=0, video_upload_wifi_only=1, sync_on_roaming=0, auto_upload_account_name=null}
06-08 14:49:30.968   151   168 I ActivityManager: Start proc com.google.android.gm for broadcast com.google.android.gm/.MailIntentReceiver: pid=4512 uid=10019 gids={3003, 1015}
06-08 14:49:30.984  4495  4495 D UploadsManager:    settings not changed
06-08 14:49:31.007  4495  4509 D PicasaSync: sync account database
06-08 14:49:31.125  4495  4509 D PicasaSync: accounts in DB=1
06-08 14:49:31.125  4495  4509 V PicasaContentProvider: querySettings: defaults: {sync_on_wifi_only=1, auto_upload_account_type=null, sync_on_battery=1, sync_picasa_on_wifi_only=1, auto_upload_enabled=0, video_upload_wifi_only=1, sync_on_roaming=0, auto_upload_account_name=null}
06-08 14:49:31.168  4512  4512 I ActivityThread: Pub gmail-ls: com.google.android.gm.provider.MailProvider
06-08 14:49:31.222  4512  4512 I ActivityThread: Pub com.google.android.gmail.SuggestionProvider: com.google.android.gm.SuggestionsProvider
06-08 14:49:31.230  4495  4509 D PicasaSyncManager: active network: NetworkInfo: type: WIFI[], state: CONNECTED/CONNECTED, reason: (unspecified), extra: (none), roaming: false, failover: false, isAvailable: true
06-08 14:49:31.230  4495  4509 D PicasaSyncManager: background data: true
06-08 14:49:31.234  4512  4512 I ActivityThread: Pub com.google.android.gm: com.google.android.gm.provider.PublicContentProvider
06-08 14:49:31.445  4495  4525 D PicasaSyncService: start to perform sync on drqiao02@gmail.com
06-08 14:49:31.461  2489  4530 I DownloadManager: deleting /data/data/com.android.providers.downloads/cache/downloadfile.png
06-08 14:49:31.609  4495  4509 V PicasaContentProvider: querySettings: defaults: {sync_on_wifi_only=1, auto_upload_account_type=null, sync_on_battery=1, sync_picasa_on_wifi_only=1, auto_upload_enabled=0, video_upload_wifi_only=1, sync_on_roaming=0, auto_upload_account_name=null}
06-08 14:49:31.613  4495  4509 D PicasaSyncManager: request sync for MetadataSyncTask (drqiao02@gmail.com)
06-08 14:49:31.617  4495  4509 D PicasaSyncManager: battery info: false
06-08 14:49:31.629  4495  4509 V PicasaContentProvider: querySettings: defaults: {sync_on_wifi_only=1, auto_upload_account_type=null, sync_on_battery=1, sync_picasa_on_wifi_only=1, auto_upload_enabled=0, video_upload_wifi_only=1, sync_on_roaming=0, auto_upload_account_name=null}
06-08 14:49:31.629  4495  4525 D MetricsUtils: [PicasaSyncManager.getNextSyncTask time:183]
06-08 14:49:31.629  4495  4525 D PicasaSyncManager: perform sync task: MetadataSyncTask (drqiao02@gmail.com)
06-08 14:49:32.523  4495  4525 D PicasaAPI: getAlbums for drqiao02@gmail.com, etag = null
06-08 14:49:32.769  4495  4497 D dalvikvm: GC_CONCURRENT freed 293K, 5% free 9309K/9735K, paused 14ms+9ms
06-08 14:49:32.949   151  2421 I ActivityManager: Process com.google.android.syncadapters.calendar (pid 4408) has died.
06-08 14:49:33.535  4495  4525 V PicasaAPI:    etag: --> W/"DUAMSHg-fSp7ImA9WhVVE0w.",entryCount=1
06-08 14:49:33.535  4495  4525 V PicasaAPI:    done
06-08 14:49:33.535  4495  4525 D MetricsUtils: [PicasaApi.getAlbums in:1994 out:562 time:1012]
06-08 14:49:33.566  4495  4525 D MetricsUtils: [PicasaSyncHelper.syncAlbums drqiao02@gmail.com time:1049]
06-08 14:49:33.578  4495  4525 D PicasaAPI: getAlbumPhotos for 116762801289828330607 / 5739438399771052337, etag: null
06-08 14:49:34.129  4495  4525 V PicasaAPI:    etag: --> W/"DUAMSHg-fSp7ImA9WhVVE0w.",entryCount=1
06-08 14:49:34.129  4495  4525 D PicasaAPI:    done
06-08 14:49:34.129  4495  4525 D MetricsUtils: [PicasaApi.getAlbumPhotos in:2251 out:690 time:551]
06-08 14:49:34.148  4495  4525 D MetricsUtils: [PicasaSyncHelper.syncPhotos 5739438399771052337 time:578]
06-08 14:49:34.214  4495  4525 D PicasaSyncManager: sync complete: SyncResult: stats [ numUpdates: 2]
06-08 14:49:34.425  4495  4497 D dalvikvm: GC_CONCURRENT freed 353K, 5% free 9377K/9863K, paused 25ms+2ms
06-08 14:49:34.425  4495  4509 V PicasaContentProvider: querySettings: defaults: {sync_on_wifi_only=1, auto_upload_account_type=null, sync_on_battery=1, sync_picasa_on_wifi_only=1, auto_upload_enabled=0, video_upload_wifi_only=1, sync_on_roaming=0, auto_upload_account_name=null}
06-08 14:49:34.425  4495  4525 D MetricsUtils: [PicasaSyncManager.getNextSyncTask time:213]
06-08 14:49:34.429  4495  4525 D PicasaSyncManager: perform sync task: PrefetchFullImage (drqiao02@gmail.com)
06-08 14:49:34.640  4495  4525 D PicasaSyncManager: sync complete: SyncResult: stats [ numUpdates: 2]
06-08 14:49:34.691  4495  4509 V PicasaContentProvider: querySettings: defaults: {sync_on_wifi_only=1, auto_upload_account_type=null, sync_on_battery=1, sync_picasa_on_wifi_only=1, auto_upload_enabled=0, video_upload_wifi_only=1, sync_on_roaming=0, auto_upload_account_name=null}
06-08 14:49:34.695  4495  4525 D PicasaSyncManager: perform sync task: PrefetchAlbumCover (drqiao02@gmail.com)
06-08 14:49:35.644  4495  4525 D PicasaSyncManager: sync complete: SyncResult: stats [ numUpdates: 2]
06-08 14:49:35.660  4495  4509 V PicasaContentProvider: querySettings: defaults: {sync_on_wifi_only=1, auto_upload_account_type=null, sync_on_battery=1, sync_picasa_on_wifi_only=1, auto_upload_enabled=0, video_upload_wifi_only=1, sync_on_roaming=0, auto_upload_account_name=null}
06-08 14:49:35.664  4495  4525 D PicasaSyncManager: perform sync task: PrefetchScreenNail (drqiao02@gmail.com)
06-08 14:49:35.875  4495  4497 D dalvikvm: GC_CONCURRENT freed 322K, 5% free 9476K/9927K, paused 5ms+8ms
06-08 14:49:36.632   559  1658 I WifiLocationEstimator: Not returning location for the following outliers: [229533826278832]
06-08 14:49:36.961  4495  4525 D PicasaSyncManager: sync complete: SyncResult: stats [ numUpdates: 2]
06-08 14:49:37.035  4495  4525 D PicasaSyncService: sync finished - false
06-08 14:49:37.277  1236  1238 D dalvikvm: GC_CONCURRENT freed 381K, 7% free 9886K/10567K, paused 3ms+4ms
06-08 14:49:37.535  2685  2687 D dalvikvm: GC_CONCURRENT freed 1935K, 14% free 19100K/22151K, paused 21ms+8ms
06-08 14:49:37.656   559   561 D dalvikvm: GC_CONCURRENT freed 384K, 12% free 10530K/11847K, paused 17ms+4ms
06-08 14:49:38.375   559   561 D dalvikvm: GC_CONCURRENT freed 356K, 11% free 10563K/11847K, paused 3ms+4ms
06-08 14:49:39.800  2489  2491 D dalvikvm: GC_CONCURRENT freed 376K, 7% free 9387K/9991K, paused 2ms+3ms
06-08 14:49:40.855   559   561 D dalvikvm: GC_CONCURRENT freed 371K, 11% free 10604K/11847K, paused 19ms+5ms
06-08 14:49:42.925   559  4552 D ContactsSyncAdapter: resuming download from index 4198, id http://www.google.com/m8/feeds/contacts/drqiao02%40gmail.com/base/207d607a8b311383
06-08 14:49:43.812   559   561 D dalvikvm: GC_CONCURRENT freed 311K, 10% free 10725K/11847K, paused 4ms+4ms
06-08 14:49:44.043  3023  3025 D dalvikvm: GC_CONCURRENT freed 793K, 10% free 9578K/10567K, paused 3ms+3ms
06-08 14:49:44.136   559   561 D dalvikvm: GC_CONCURRENT freed 192K, 8% free 10987K/11847K, paused 2ms+3ms
06-08 14:49:44.277  3023  3205 D dalvikvm: GC_EXPLICIT freed 145K, 8% free 9798K/10567K, paused 2ms+3ms
06-08 14:49:44.500  3023  3025 D dalvikvm: GC_CONCURRENT freed 315K, 7% free 9868K/10567K, paused 1ms+3ms
06-08 14:49:44.734  3023  3025 D dalvikvm: GC_CONCURRENT freed 370K, 7% free 9883K/10567K, paused 2ms+2ms
06-08 14:49:45.273  3023  3025 D dalvikvm: GC_CONCURRENT freed 334K, 6% free 9934K/10567K, paused 2ms+3ms
06-08 14:49:47.730  3023  3025 D dalvikvm: GC_CONCURRENT freed 767K, 10% free 9558K/10567K, paused 2ms+5ms
06-08 14:49:47.902  3023  3025 D dalvikvm: GC_CONCURRENT freed 145K, 8% free 9804K/10567K, paused 1ms+3ms
06-08 14:49:48.187  3023  3025 D dalvikvm: GC_CONCURRENT freed 302K, 7% free 9887K/10567K, paused 2ms+2ms
06-08 14:49:48.234  2137  2241 I PhoneLab-: Service Running
06-08 14:49:48.265  2137  2241 I PhoneLab-LoggerService: app_38    1301  1     1788   1344  c00f181c 400107b4 S logcat
06-08 14:49:48.269  2137  2241 I PhoneLab-LoggerService: Logcat pid from database 1301
06-08 14:49:48.269  2137  2241 I PhoneLab-LoggerService: Logcat process found 1301
06-08 14:49:48.269  2137  2241 I PhoneLab-LoggerService: Checking Threshold
06-08 14:49:48.269  2137  2241 I PhoneLab-LoggerService: Starting to rename files
06-08 14:49:48.269  2137  2241 I PhoneLab-LoggerService: Files found .. 2
06-08 14:49:48.453  3023  3025 D dalvikvm: GC_CONCURRENT freed 378K, 7% free 9894K/10567K, paused 2ms+2ms
06-08 14:49:48.617   151  2421 D dalvikvm: GC_EXPLICIT freed 806K, 26% free 13915K/18695K, paused 4ms+9ms
06-08 14:49:48.933  3023  3025 D dalvikvm: GC_CONCURRENT freed 357K, 7% free 9928K/10567K, paused 2ms+4ms
06-08 14:49:49.734  3023  3025 D dalvikvm: GC_CONCURRENT freed 337K, 6% free 9980K/10567K, paused 3ms+4ms
06-08 14:49:52.144   559   561 D dalvikvm: GC_CONCURRENT freed 435K, 7% free 11099K/11847K, paused 10ms+3ms
06-08 14:49:52.363  3023  3025 D dalvikvm: GC_CONCURRENT freed 680K, 9% free 9697K/10567K, paused 2ms+3ms
06-08 14:49:52.621  3023  3025 D dalvikvm: GC_CONCURRENT freed 238K, 7% free 9845K/10567K, paused 9ms+2ms
06-08 14:49:52.851  3023  3025 D dalvikvm: GC_CONCURRENT freed 366K, 7% free 9870K/10567K, paused 2ms+3ms
06-08 14:49:53.136  3023  3025 D dalvikvm: GC_CONCURRENT freed 370K, 7% free 9894K/10567K, paused 2ms+3ms
06-08 14:49:53.746  3023  3025 D dalvikvm: GC_CONCURRENT freed 326K, 6% free 9953K/10567K, paused 2ms+5ms
06-08 14:49:56.410  4425  4425 I CalendarProvider2: Sending notification intent: Intent { act=android.intent.action.PROVIDER_CHANGED dat=content://com.android.calendar }
06-08 14:49:56.671  4425  4425 W ContentResolver: Failed to get type for: content://com.android.calendar (Unknown URL content://com.android.calendar)
06-08 14:49:56.718   151   168 I ActivityManager: Start proc com.android.calendar for broadcast com.android.calendar/.widget.CalendarAppWidgetService$CalendarFactory: pid=4566 uid=10005 gids={3003}
06-08 14:49:56.808  4566  4566 I ActivityThread: Pub com.android.calendar.CalendarRecentSuggestionsProvider: com.android.calendar.CalendarRecentSuggestionsProvider
06-08 14:49:57.019   559   561 D dalvikvm: GC_CONCURRENT freed 782K, 8% free 10971K/11847K, paused 2ms+4ms
06-08 14:49:57.168   151   552 I ActivityManager: Process com.google.android.gm (pid 4512) has died.
06-08 14:49:57.168   151   552 W ActivityManager: Scheduling restart of crashed service com.google.android.gm/.provider.MailIndexerService in 5000ms
06-08 14:49:57.414  3023  3025 D dalvikvm: GC_CONCURRENT freed 776K, 9% free 9689K/10567K, paused 11ms+7ms
06-08 14:49:57.796  3023  3025 D dalvikvm: GC_CONCURRENT freed 233K, 7% free 9846K/10567K, paused 3ms+4ms
06-08 14:49:58.140  3023  3025 D dalvikvm: GC_CONCURRENT freed 357K, 7% free 9877K/10567K, paused 2ms+5ms
06-08 14:49:58.453  3023  3025 D dalvikvm: GC_CONCURRENT freed 355K, 7% free 9909K/10567K, paused 2ms+3ms
06-08 14:49:59.148  3023  3025 D dalvikvm: GC_CONCURRENT freed 344K, 6% free 9966K/10567K, paused 2ms+3ms
06-08 14:50:02.504   151   168 I ActivityManager: Start proc com.google.android.gm for service com.google.android.gm/.provider.MailIndexerService: pid=4585 uid=10019 gids={3003, 1015}
06-08 14:50:02.629  3023  3025 D dalvikvm: GC_CONCURRENT freed 790K, 10% free 9564K/10567K, paused 6ms+5ms
06-08 14:50:02.820   559   561 D dalvikvm: GC_CONCURRENT freed 504K, 7% free 11036K/11847K, paused 29ms+5ms
06-08 14:50:02.828  4585  4585 I ActivityThread: Pub gmail-ls: com.google.android.gm.provider.MailProvider
06-08 14:50:02.851  4585  4585 I ActivityThread: Pub com.google.android.gmail.SuggestionProvider: com.google.android.gm.SuggestionsProvider
06-08 14:50:02.867  4585  4585 I ActivityThread: Pub com.google.android.gm: com.google.android.gm.provider.PublicContentProvider
06-08 14:50:02.964  4585  4600 W Gmail   : No MailEngine for account: drqiao02@gmail.com
06-08 14:50:03.062  3023  3025 D dalvikvm: GC_CONCURRENT freed 147K, 8% free 9803K/10567K, paused 2ms+4ms
06-08 14:50:03.324  3023  3025 D dalvikvm: GC_CONCURRENT freed 319K, 7% free 9873K/10567K, paused 2ms+4ms
06-08 14:50:03.586  3023  3025 D dalvikvm: GC_CONCURRENT freed 366K, 7% free 9896K/10567K, paused 2ms+3ms
06-08 14:50:04.054  3023  3025 D dalvikvm: GC_CONCURRENT freed 343K, 6% free 9941K/10567K, paused 7ms+4ms
06-08 14:50:04.984  3023  3025 D dalvikvm: GC_CONCURRENT freed 358K, 6% free 9967K/10567K, paused 2ms+4ms
06-08 14:50:06.543  3023  3025 D dalvikvm: GC_CONCURRENT freed 620K, 8% free 9752K/10567K, paused 2ms+3ms
06-08 14:50:06.820  3023  3025 D dalvikvm: GC_CONCURRENT freed 255K, 7% free 9882K/10567K, paused 2ms+3ms
06-08 14:50:07.074  3023  3025 D dalvikvm: GC_CONCURRENT freed 363K, 7% free 9906K/10567K, paused 3ms+3ms
06-08 14:50:07.461  3023  3025 D dalvikvm: GC_CONCURRENT freed 353K, 6% free 9942K/10567K, paused 2ms+3ms
06-08 14:50:08.273  3023  3025 D dalvikvm: GC_CONCURRENT freed 337K, 6% free 9992K/10567K, paused 2ms+2ms
06-08 14:50:11.398   559   561 D dalvikvm: GC_CONCURRENT freed 443K, 6% free 11153K/11847K, paused 3ms+4ms
06-08 14:50:11.621  3023  3025 D dalvikvm: GC_CONCURRENT freed 676K, 8% free 9766K/10567K, paused 5ms+3ms
06-08 14:50:11.820   151  1037 D dalvikvm: GC_EXPLICIT freed 570K, 26% free 13886K/18695K, paused 11ms+7ms
06-08 14:50:12.023  3023  3025 D dalvikvm: GC_CONCURRENT freed 264K, 7% free 9888K/10567K, paused 2ms+5ms
06-08 14:50:12.293  3023  3025 D dalvikvm: GC_CONCURRENT freed 366K, 7% free 9909K/10567K, paused 2ms+2ms
06-08 14:50:12.625  3023  3025 D dalvikvm: GC_CONCURRENT freed 361K, 6% free 9943K/10567K, paused 1ms+2ms
06-08 14:50:13.441  3023  3025 D dalvikvm: GC_CONCURRENT freed 336K, 6% free 9997K/10567K, paused 1ms+3ms
06-08 14:50:15.156   559   561 D dalvikvm: GC_CONCURRENT freed 814K, 8% free 11002K/11911K, paused 2ms+4ms
06-08 14:50:15.316  3023  3025 D dalvikvm: GC_CONCURRENT freed 723K, 8% free 9728K/10567K, paused 2ms+3ms
06-08 14:50:15.550  3023  3025 D dalvikvm: GC_CONCURRENT freed 240K, 7% free 9873K/10567K, paused 2ms+3ms
06-08 14:50:15.679  3023  3038 D dalvikvm: GC_EXPLICIT freed 166K, 7% free 9854K/10567K, paused 2ms+3ms
06-08 14:50:15.910  3023  3025 D dalvikvm: GC_CONCURRENT freed 319K, 7% free 9927K/10567K, paused 2ms+3ms
06-08 14:50:16.363  3023  3025 D dalvikvm: GC_CONCURRENT freed 349K, 6% free 9966K/10567K, paused 1ms+4ms
06-08 14:50:17.101  3023  3025 D dalvikvm: GC_CONCURRENT freed 350K, 6% free 10001K/10567K, paused 2ms+3ms
06-08 14:50:20.054   559   561 D dalvikvm: GC_CONCURRENT freed 541K, 8% free 11035K/11911K, paused 2ms+4ms
06-08 14:50:20.195  3023  3025 D dalvikvm: GC_CONCURRENT freed 672K, 8% free 9770K/10567K, paused 1ms+3ms
06-08 14:50:20.511  3023  3025 D dalvikvm: GC_CONCURRENT freed 268K, 7% free 9889K/10567K, paused 3ms+3ms
06-08 14:50:20.648   151  1008 I ActivityManager: Process com.android.quicksearchbox (pid 2658) has died.
06-08 14:50:20.898  3023  3025 D dalvikvm: GC_CONCURRENT freed 365K, 7% free 9916K/10567K, paused 2ms+3ms
06-08 14:50:21.277  3023  3025 D dalvikvm: GC_CONCURRENT freed 355K, 6% free 9945K/10567K, paused 2ms+3ms
06-08 14:50:21.636   559  1658 I WifiLocationEstimator: Not returning location for the following outliers: [229533826278832]
06-08 14:50:22.504  3023  3045 D dalvikvm: GC_FOR_ALLOC freed 330K, 6% free 9996K/10567K, paused 24ms
06-08 14:50:24.382   559   561 D dalvikvm: GC_CONCURRENT freed 634K, 8% free 10994K/11911K, paused 8ms+4ms
06-08 14:50:24.543  3023  3025 D dalvikvm: GC_CONCURRENT freed 705K, 8% free 9737K/10567K, paused 2ms+3ms
06-08 14:50:24.808  3023  3025 D dalvikvm: GC_CONCURRENT freed 246K, 7% free 9877K/10567K, paused 2ms+3ms
06-08 14:50:25.089  3023  3025 D dalvikvm: GC_CONCURRENT freed 358K, 7% free 9910K/10567K, paused 2ms+4ms
06-08 14:50:25.339  3023  3025 D dalvikvm: GC_CONCURRENT freed 355K, 6% free 9942K/10567K, paused 2ms+3ms
06-08 14:50:26.117  3023  3025 D dalvikvm: GC_CONCURRENT freed 329K, 6% free 10002K/10567K, paused 2ms+7ms
06-08 14:50:29.343   559   561 D dalvikvm: GC_CONCURRENT freed 530K, 8% free 11024K/11911K, paused 2ms+4ms
06-08 14:50:29.461  3023  3025 D dalvikvm: GC_CONCURRENT freed 755K, 9% free 9681K/10567K, paused 2ms+4ms
06-08 14:50:29.691  3023  3025 D dalvikvm: GC_CONCURRENT freed 211K, 7% free 9857K/10567K, paused 3ms+3ms
06-08 14:50:29.855   151  1008 D dalvikvm: GC_EXPLICIT freed 355K, 26% free 13880K/18695K, paused 3ms+8ms
06-08 14:50:30.035  3023  3025 D dalvikvm: GC_CONCURRENT freed 342K, 7% free 9904K/10567K, paused 2ms+3ms
06-08 14:50:30.293  3023  3025 D dalvikvm: GC_CONCURRENT freed 376K, 7% free 9914K/10567K, paused 3ms+9ms
06-08 14:50:31.011  3023  3025 D dalvikvm: GC_CONCURRENT freed 326K, 6% free 9974K/10567K, paused 3ms+3ms
06-08 14:50:34.367  3023  3025 D dalvikvm: GC_CONCURRENT freed 781K, 10% free 9588K/10567K, paused 2ms+4ms
06-08 14:50:34.543  3023  3025 D dalvikvm: GC_CONCURRENT freed 157K, 8% free 9817K/10567K, paused 3ms+3ms
06-08 14:50:34.793  3023  3025 D dalvikvm: GC_CONCURRENT freed 329K, 7% free 9881K/10567K, paused 2ms+3ms
06-08 14:50:35.023  3023  3025 D dalvikvm: GC_CONCURRENT freed 356K, 7% free 9915K/10567K, paused 2ms+2ms
06-08 14:50:35.625  3023  3025 D dalvikvm: GC_CONCURRENT freed 345K, 6% free 9955K/10567K, paused 6ms+3ms
06-08 14:50:37.507   559   561 D dalvikvm: GC_CONCURRENT freed 476K, 7% free 11123K/11911K, paused 2ms+3ms
06-08 14:50:37.593  3023  3025 D dalvikvm: GC_CONCURRENT freed 778K, 10% free 9560K/10567K, paused 2ms+6ms
06-08 14:50:37.777  3023  3025 D dalvikvm: GC_CONCURRENT freed 144K, 8% free 9809K/10567K, paused 2ms+3ms
06-08 14:50:38.054  3023  3025 D dalvikvm: GC_CONCURRENT freed 297K, 7% free 9899K/10567K, paused 1ms+3ms
06-08 14:50:38.296  3023  3025 D dalvikvm: GC_CONCURRENT freed 381K, 7% free 9908K/10567K, paused 3ms+3ms
06-08 14:50:38.718  3023  3025 D dalvikvm: GC_CONCURRENT freed 346K, 6% free 9950K/10567K, paused 2ms+4ms
06-08 14:50:39.507  3023  3025 D dalvikvm: GC_CONCURRENT freed 352K, 6% free 9986K/10567K, paused 6ms+3ms
06-08 14:50:41.156   559   561 D dalvikvm: GC_CONCURRENT freed 770K, 8% free 10966K/11911K, paused 3ms+8ms
06-08 14:50:41.336   559  4555 D dalvikvm: GC_EXPLICIT freed 129K, 8% free 11051K/11911K, paused 2ms+10ms
06-08 14:50:41.406  3023  3025 D dalvikvm: GC_CONCURRENT freed 660K, 8% free 9795K/10567K, paused 1ms+4ms
06-08 14:50:41.711  3023  3025 D dalvikvm: GC_CONCURRENT freed 289K, 7% free 9891K/10567K, paused 2ms+4ms
06-08 14:50:41.957  3023  3025 D dalvikvm: GC_CONCURRENT freed 364K, 7% free 9917K/10567K, paused 8ms+5ms
06-08 14:50:42.273  3023  3025 D dalvikvm: GC_CONCURRENT freed 356K, 6% free 9946K/10567K, paused 2ms+3ms
06-08 14:50:42.843  3023  3208 D dalvikvm: GC_FOR_ALLOC freed 254K, 6% free 9964K/10567K, paused 23ms
06-08 14:50:46.316  3023  3025 D dalvikvm: GC_CONCURRENT freed 761K, 10% free 9615K/10567K, paused 2ms+3ms
06-08 14:50:46.488  3023  3025 D dalvikvm: GC_CONCURRENT freed 166K, 7% free 9838K/10567K, paused 2ms+3ms
06-08 14:50:46.734  3023  3025 D dalvikvm: GC_CONCURRENT freed 323K, 7% free 9900K/10567K, paused 2ms+3ms
06-08 14:50:46.843  3023  3035 D dalvikvm: GC_EXPLICIT freed 175K, 7% free 9865K/10567K, paused 3ms+3ms
06-08 14:50:47.089   151   666 D dalvikvm: GC_EXPLICIT freed 271K, 26% free 13871K/18695K, paused 3ms+7ms
06-08 14:50:47.164  3023  3025 D dalvikvm: GC_CONCURRENT freed 319K, 6% free 9936K/10567K, paused 2ms+4ms
06-08 14:50:47.984  3023  3025 D dalvikvm: GC_CONCURRENT freed 339K, 6% free 9984K/10567K, paused 2ms+2ms
06-08 14:50:50.910   559   561 D dalvikvm: GC_CONCURRENT freed 458K, 7% free 11158K/11911K, paused 5ms+3ms
06-08 14:50:51.121  3023  3025 D dalvikvm: GC_CONCURRENT freed 744K, 9% free 9703K/10567K, paused 2ms+3ms
06-08 14:50:51.347  3023  3025 D dalvikvm: GC_CONCURRENT freed 236K, 7% free 9851K/10567K, paused 2ms+3ms
06-08 14:50:51.570  3023  3025 D dalvikvm: GC_CONCURRENT freed 336K, 7% free 9901K/10567K, paused 2ms+4ms
06-08 14:50:51.816  3023  3025 D dalvikvm: GC_CONCURRENT freed 367K, 7% free 9920K/10567K, paused 2ms+4ms
06-08 14:50:52.355  3023  3025 D dalvikvm: GC_CONCURRENT freed 352K, 6% free 9961K/10567K, paused 2ms+3ms
06-08 14:50:53.793  3023  3025 D dalvikvm: GC_CONCURRENT freed 354K, 6% free 9994K/10567K, paused 2ms+3ms
06-08 14:50:55.300   559   561 D dalvikvm: GC_CONCURRENT freed 820K, 8% free 10995K/11911K, paused 3ms+4ms
06-08 14:50:55.476  3023  3025 D dalvikvm: GC_CONCURRENT freed 629K, 8% free 9812K/10567K, paused 2ms+3ms
06-08 14:50:55.761  3023  3025 D dalvikvm: GC_CONCURRENT freed 293K, 7% free 9905K/10567K, paused 2ms+2ms
06-08 14:50:56.007  3023  3025 D dalvikvm: GC_CONCURRENT freed 360K, 7% free 9930K/10567K, paused 3ms+2ms
06-08 14:50:56.312  3023  3025 D dalvikvm: GC_CONCURRENT freed 353K, 6% free 9961K/10567K, paused 2ms+4ms
06-08 14:50:57.093  3023  3025 D dalvikvm: GC_CONCURRENT freed 333K, 6% free 10012K/10567K, paused 2ms+4ms
06-08 14:51:00.636   559   561 D dalvikvm: GC_CONCURRENT freed 528K, 8% free 11036K/11911K, paused 2ms+5ms
06-08 14:51:00.773  3023  3025 D dalvikvm: GC_CONCURRENT freed 753K, 9% free 9695K/10567K, paused 2ms+3ms
06-08 14:51:00.929  3023  3030 I dalvikvm: Jit: resizing JitTable from 4096 to 8192
06-08 14:51:01.011  3023  3025 D dalvikvm: GC_CONCURRENT freed 223K, 7% free 9858K/10567K, paused 3ms+4ms
06-08 14:51:01.250  3023  3025 D dalvikvm: GC_CONCURRENT freed 335K, 7% free 9912K/10567K, paused 2ms+4ms
06-08 14:51:01.476  3023  3025 D dalvikvm: GC_CONCURRENT freed 373K, 7% free 9930K/10567K, paused 2ms+3ms
06-08 14:51:02.195  3023  3025 D dalvikvm: GC_CONCURRENT freed 327K, 6% free 9990K/10567K, paused 3ms+4ms
06-08 14:51:04.269  3023  3025 D dalvikvm: GC_CONCURRENT freed 779K, 9% free 9662K/10567K, paused 2ms+2ms
06-08 14:51:04.468  3023  3025 D dalvikvm: GC_CONCURRENT freed 198K, 7% free 9849K/10567K, paused 2ms+3ms
06-08 14:51:04.703  3023  3025 D dalvikvm: GC_CONCURRENT freed 339K, 7% free 9900K/10567K, paused 2ms+2ms
06-08 14:51:04.933  3023  3025 D dalvikvm: GC_CONCURRENT freed 359K, 7% free 9928K/10567K, paused 2ms+3ms
06-08 14:51:05.613  3023  3025 D dalvikvm: GC_CONCURRENT freed 343K, 6% free 9976K/10567K, paused 5ms+3ms
06-08 14:51:06.593   559  1658 I WifiLocationEstimator: Not returning location for the following outliers: [229533826278832]
06-08 14:51:06.699   559   561 D dalvikvm: GC_CONCURRENT freed 658K, 8% free 11050K/11911K, paused 3ms+5ms
06-08 14:51:09.937  3023  3025 D dalvikvm: GC_CONCURRENT freed 799K, 10% free 9561K/10567K, paused 2ms+6ms
06-08 14:51:10.086  3023  3025 D dalvikvm: GC_CONCURRENT freed 132K, 7% free 9837K/10567K, paused 2ms+3ms
06-08 14:51:10.406   151  1008 D dalvikvm: GC_EXPLICIT freed 369K, 26% free 13887K/18695K, paused 3ms+8ms
06-08 14:51:10.507  3023  3025 D dalvikvm: GC_CONCURRENT freed 301K, 7% free 9923K/10567K, paused 2ms+5ms
06-08 14:51:10.750  3023  3025 D dalvikvm: GC_CONCURRENT freed 385K, 7% free 9924K/10567K, paused 3ms+5ms
06-08 14:51:10.843   559   561 D dalvikvm: GC_CONCURRENT freed 593K, 8% free 11011K/11911K, paused 2ms+4ms
06-08 14:51:11.226  3023  3025 D dalvikvm: GC_CONCURRENT freed 347K, 6% free 9962K/10567K, paused 1ms+2ms
06-08 14:51:12.046  3023  3025 D dalvikvm: GC_CONCURRENT freed 334K, 6% free 10012K/10567K, paused 2ms+3ms
06-08 14:51:13.726  3023  3025 D dalvikvm: GC_CONCURRENT freed 709K, 8% free 9729K/10567K, paused 2ms+3ms
06-08 14:51:13.964  3023  3025 D dalvikvm: GC_CONCURRENT freed 235K, 7% free 9882K/10567K, paused 4ms+2ms
06-08 14:51:14.199  3023  3025 D dalvikvm: GC_CONCURRENT freed 350K, 7% free 9921K/10567K, paused 2ms+3ms
06-08 14:51:14.437  3023  3025 D dalvikvm: GC_CONCURRENT freed 372K, 6% free 9936K/10567K, paused 1ms+4ms
06-08 14:51:15.230  3023  3025 D dalvikvm: GC_CONCURRENT freed 328K, 6% free 9994K/10567K, paused 1ms+4ms
06-08 14:51:18.746   559   561 D dalvikvm: GC_CONCURRENT freed 480K, 7% free 11091K/11911K, paused 2ms+3ms
06-08 14:51:18.953  3023  3025 D dalvikvm: GC_CONCURRENT freed 803K, 9% free 9640K/10567K, paused 2ms+2ms
06-08 14:51:19.144  3023  3025 D dalvikvm: GC_CONCURRENT freed 182K, 7% free 9844K/10567K, paused 2ms+3ms
06-08 14:51:19.386  3023  3025 D dalvikvm: GC_CONCURRENT freed 318K, 7% free 9914K/10567K, paused 2ms+5ms
06-08 14:51:19.601  3023  3025 D dalvikvm: GC_CONCURRENT freed 366K, 7% free 9933K/10567K, paused 1ms+3ms
06-08 14:51:19.640  3023  3045 D dalvikvm: GC_EXPLICIT freed 60K, 7% free 9873K/10567K, paused 2ms+2ms
06-08 14:51:20.211  3023  3025 D dalvikvm: GC_CONCURRENT freed 274K, 6% free 9985K/10567K, paused 2ms+3ms
06-08 14:51:23.629   559   561 D dalvikvm: GC_CONCURRENT freed 758K, 9% free 10913K/11911K, paused 2ms+3ms
06-08 14:51:23.804  3023  3025 D dalvikvm: GC_CONCURRENT freed 842K, 10% free 9598K/10567K, paused 2ms+3ms
06-08 14:51:23.968  3023  3025 D dalvikvm: GC_CONCURRENT freed 149K, 7% free 9835K/10567K, paused 2ms+2ms
06-08 14:51:24.203  3023  3025 D dalvikvm: GC_CONCURRENT freed 312K, 7% free 9913K/10567K, paused 2ms+3ms
06-08 14:51:24.441  3023  3025 D dalvikvm: GC_CONCURRENT freed 372K, 7% free 9925K/10567K, paused 2ms+2ms
06-08 14:51:24.785  3023  3025 D dalvikvm: GC_CONCURRENT freed 341K, 6% free 9969K/10567K, paused 3ms+3ms
06-08 14:51:25.586  3023  3025 D dalvikvm: GC_CONCURRENT freed 337K, 6% free 10017K/10567K, paused 1ms+6ms
06-08 14:51:27.531   559   561 D dalvikvm: GC_CONCURRENT freed 507K, 9% free 10941K/11911K, paused 3ms+4ms
06-08 14:51:27.707  3023  3025 D dalvikvm: GC_CONCURRENT freed 723K, 9% free 9721K/10567K, paused 3ms+3ms
06-08 14:51:27.933  3023  3025 D dalvikvm: GC_CONCURRENT freed 246K, 7% free 9870K/10567K, paused 2ms+3ms
06-08 14:51:28.156  3023  3025 D dalvikvm: GC_CONCURRENT freed 350K, 7% free 9908K/10567K, paused 2ms+7ms
06-08 14:51:28.195   559   878 I EventLogService: Aggregate from 1339179994810 (log), 1339179686376 (data)
06-08 14:51:28.421   151  1037 D dalvikvm: GC_EXPLICIT freed 344K, 26% free 13878K/18695K, paused 4ms+9ms
06-08 14:51:28.617  3023  3025 D dalvikvm: GC_CONCURRENT freed 357K, 6% free 9945K/10567K, paused 2ms+3ms
06-08 14:51:29.402  3023  3205 D dalvikvm: GC_FOR_ALLOC freed 334K, 6% free 9975K/10567K, paused 23ms
06-08 14:51:31.265   559   561 D dalvikvm: GC_CONCURRENT freed 522K, 8% free 10974K/11911K, paused 4ms+5ms
06-08 14:51:31.421  3023  3025 D dalvikvm: GC_CONCURRENT freed 722K, 9% free 9651K/10567K, paused 3ms+4ms
06-08 14:51:31.625  3023  3025 D dalvikvm: GC_CONCURRENT freed 184K, 7% free 9855K/10567K, paused 2ms+2ms
06-08 14:51:31.851  3023  3025 D dalvikvm: GC_CONCURRENT freed 333K, 7% free 9908K/10567K, paused 3ms+3ms
06-08 14:51:32.078  3023  3025 D dalvikvm: GC_CONCURRENT freed 367K, 7% free 9932K/10567K, paused 2ms+3ms
06-08 14:51:32.691  3023  3025 D dalvikvm: GC_CONCURRENT freed 340K, 6% free 9984K/10567K, paused 2ms+2ms
06-08 14:51:36.945   559   561 D dalvikvm: GC_CONCURRENT freed 527K, 8% free 10988K/11911K, paused 3ms+3ms
06-08 14:51:37.074  3023  3025 D dalvikvm: GC_CONCURRENT freed 833K, 10% free 9609K/10567K, paused 2ms+3ms
06-08 14:51:37.246  3023  3025 D dalvikvm: GC_CONCURRENT freed 173K, 8% free 9826K/10567K, paused 2ms+2ms
06-08 14:51:37.488  3023  3025 D dalvikvm: GC_CONCURRENT freed 316K, 7% free 9898K/10567K, paused 1ms+3ms
06-08 14:51:37.711  3023  3025 D dalvikvm: GC_CONCURRENT freed 368K, 7% free 9916K/10567K, paused 3ms+3ms
06-08 14:51:38.175  3023  3025 D dalvikvm: GC_CONCURRENT freed 341K, 6% free 9961K/10567K, paused 2ms+5ms
06-08 14:51:39.129  3023  3025 D dalvikvm: GC_CONCURRENT freed 356K, 6% free 9992K/10567K, paused 2ms+3ms
06-08 14:51:41.558   559   561 D dalvikvm: GC_CONCURRENT freed 492K, 8% free 11036K/11911K, paused 3ms+5ms
06-08 14:51:41.683  3023  3025 D dalvikvm: GC_CONCURRENT freed 644K, 8% free 9802K/10567K, paused 2ms+3ms
06-08 14:51:41.957  3023  3025 D dalvikvm: GC_CONCURRENT freed 280K, 7% free 9909K/10567K, paused 2ms+3ms
06-08 14:51:42.195  3023  3025 D dalvikvm: GC_CONCURRENT freed 376K, 7% free 9920K/10567K, paused 2ms+3ms
06-08 14:51:42.289   151   491 D CountryDetector: The first listener is added
06-08 14:51:42.543  3023  3025 D dalvikvm: GC_CONCURRENT freed 242K, 5% free 10062K/10567K, paused 5ms+2ms
06-08 14:51:43.031  3023  3025 D dalvikvm: GC_CONCURRENT freed 342K, 5% free 10160K/10631K, paused 2ms+3ms
06-08 14:51:44.132  3023  3025 D dalvikvm: GC_CONCURRENT freed 362K, 5% free 10197K/10695K, paused 2ms+3ms
06-08 14:51:47.152  3023  3025 D dalvikvm: GC_CONCURRENT freed 687K, 8% free 9948K/10759K, paused 2ms+3ms
06-08 14:51:47.410  3023  3025 D dalvikvm: GC_CONCURRENT freed 261K, 7% free 10079K/10759K, paused 2ms+4ms
06-08 14:51:47.652  3023  3025 D dalvikvm: GC_CONCURRENT freed 358K, 7% free 10109K/10759K, paused 2ms+2ms
06-08 14:51:47.957  3023  3025 D dalvikvm: GC_CONCURRENT freed 366K, 6% free 10134K/10759K, paused 2ms+4ms
06-08 14:51:48.234  2137  2241 I PhoneLab-: Service Running
06-08 14:51:48.300  2137  2241 I PhoneLab-LoggerService: app_38    1301  1     1788   1344  c00f181c 400107b4 S logcat
06-08 14:51:48.300  2137  2241 I PhoneLab-LoggerService: Logcat pid from database 1301
06-08 14:51:48.300  2137  2241 I PhoneLab-LoggerService: Logcat process found 1301
06-08 14:51:48.300  2137  2241 I PhoneLab-LoggerService: Checking Threshold
06-08 14:51:48.300  2137  2241 I PhoneLab-LoggerService: Starting to rename files
06-08 14:51:48.304  2137  2241 I PhoneLab-LoggerService: Files found .. 2
06-08 14:51:48.449   151   493 I ActivityManager: Process com.android.sprintmenu (pid 701) has died.
06-08 14:51:48.449   151   493 W ActivityManager: Scheduling restart of crashed service com.android.sprintmenu/.HiddenPhoneService in 5000ms
06-08 14:51:48.859  3023  3025 D dalvikvm: GC_CONCURRENT freed 329K, 6% free 10191K/10759K, paused 2ms+4ms
06-08 14:51:50.859   559   561 D dalvikvm: GC_CONCURRENT freed 478K, 7% free 11123K/11911K, paused 3ms+3ms
06-08 14:51:51.066  3023  3025 D dalvikvm: GC_CONCURRENT freed 744K, 8% free 9913K/10759K, paused 2ms+3ms
06-08 14:51:51.289   151   151 D dalvikvm: GC_EXPLICIT freed 332K, 26% free 13888K/18695K, paused 4ms+7ms
06-08 14:51:51.382  3023  3025 D dalvikvm: GC_CONCURRENT freed 236K, 7% free 10062K/10759K, paused 2ms+3ms
06-08 14:51:51.613  3023  3025 D dalvikvm: GC_CONCURRENT freed 353K, 7% free 10096K/10759K, paused 2ms+2ms
06-08 14:51:51.836   559   561 D dalvikvm: GC_CONCURRENT freed 685K, 8% free 11044K/11911K, paused 2ms+6ms
06-08 14:51:51.921   559   690 I System.out: [INFO:1834357]: LogSource: Running flush
06-08 14:51:51.925   559   693 I System.out: [INFO:1834371]: LogSource: Sending payload [bytes=265]
06-08 14:51:52.359   559   693 I System.out: [INFO:1834804]: LogSource: Response [http=200,length=224]
06-08 14:51:52.359   559   690 I System.out: [INFO:1834805]: LogSource: Read id 5, status code 200
06-08 14:51:52.406  3023  3025 D dalvikvm: GC_CONCURRENT freed 365K, 6% free 10119K/10759K, paused 2ms+3ms
06-08 14:51:53.211  3023  3025 D dalvikvm: GC_CONCURRENT freed 325K, 6% free 10182K/10759K, paused 2ms+3ms
06-08 14:51:53.500   151   168 I ActivityManager: Start proc com.android.sprintmenu for service com.android.sprintmenu/.HiddenPhoneService: pid=4610 uid=1001 gids={3002, 3001, 3003, 1015}
06-08 14:51:53.531    80    80 D dalvikvm: GC_EXPLICIT freed 37K, 4% free 9031K/9347K, paused 2ms+5ms
06-08 14:51:53.566    80    80 D dalvikvm: GC_EXPLICIT freed <1K, 4% free 9031K/9347K, paused 2ms+3ms
06-08 14:51:53.617    80    80 D dalvikvm: GC_EXPLICIT freed <1K, 4% free 9031K/9347K, paused 2ms+7ms
06-08 14:51:54.464   151  2421 I ActivityManager: Process com.google.android.gallery3d (pid 4495) has died.
06-08 14:51:56.785   559   561 D dalvikvm: GC_CONCURRENT freed 588K, 8% free 11022K/11911K, paused 3ms+5ms
06-08 14:51:56.816  3023  3045 D dalvikvm: GC_EXPLICIT freed 734K, 10% free 9702K/10759K, paused 2ms+36ms
06-08 14:51:56.976  3023  3025 D dalvikvm: GC_CONCURRENT freed 114K, 8% free 9989K/10759K, paused 2ms+2ms
06-08 14:51:57.254  3023  3025 D dalvikvm: GC_CONCURRENT freed 287K, 7% free 10086K/10759K, paused 1ms+3ms
06-08 14:51:57.488  3023  3025 D dalvikvm: GC_CONCURRENT freed 364K, 7% free 10108K/10759K, paused 2ms+4ms
06-08 14:51:57.800  3023  3025 D dalvikvm: GC_CONCURRENT freed 360K, 6% free 10137K/10759K, paused 2ms+3ms
06-08 14:51:58.671  3023  3025 D dalvikvm: GC_CONCURRENT freed 332K, 6% free 10192K/10759K, paused 3ms+4ms
06-08 14:52:00.769   389   391 D dalvikvm: GC_CONCURRENT freed 338K, 7% free 10567K/11335K, paused 190ms+3ms
06-08 14:52:01.097   559   561 D dalvikvm: GC_CONCURRENT freed 512K, 8% free 11049K/11911K, paused 2ms+3ms
06-08 14:52:01.191  3023  3025 D dalvikvm: GC_CONCURRENT freed 721K, 8% free 9913K/10759K, paused 3ms+3ms
06-08 14:52:01.418  3023  3025 D dalvikvm: GC_CONCURRENT freed 247K, 7% free 10053K/10759K, paused 2ms+3ms
06-08 14:52:01.648  3023  3025 D dalvikvm: GC_CONCURRENT freed 342K, 7% free 10097K/10759K, paused 3ms+3ms
06-08 14:52:01.882  3023  3025 D dalvikvm: GC_CONCURRENT freed 365K, 6% free 10124K/10759K, paused 2ms+3ms
06-08 14:52:02.683  3023  3045 D dalvikvm: GC_FOR_ALLOC freed 316K, 6% free 10168K/10759K, paused 25ms
06-08 14:52:05.238  3023  3025 D dalvikvm: GC_CONCURRENT freed 748K, 9% free 9822K/10759K, paused 2ms+3ms
06-08 14:52:05.429  3023  3025 D dalvikvm: GC_CONCURRENT freed 177K, 7% free 10036K/10759K, paused 3ms+2ms
06-08 14:52:05.675  3023  3025 D dalvikvm: GC_CONCURRENT freed 328K, 7% free 10098K/10759K, paused 2ms+4ms
06-08 14:52:05.921  3023  3025 D dalvikvm: GC_CONCURRENT freed 383K, 7% free 10105K/10759K, paused 3ms+3ms
06-08 14:52:06.441  3023  3025 D dalvikvm: GC_CONCURRENT freed 333K, 6% free 10167K/10759K, paused 2ms+4ms
06-08 14:52:07.117  3023  3025 D dalvikvm: GC_CONCURRENT freed 349K, 6% free 10206K/10759K, paused 2ms+4ms
06-08 14:52:10.347   559   561 D dalvikvm: GC_CONCURRENT freed 459K, 7% free 11161K/11911K, paused 3ms+4ms
06-08 14:52:10.578  3023  3025 D dalvikvm: GC_CONCURRENT freed 697K, 8% free 9938K/10759K, paused 2ms+3ms
06-08 14:52:10.839  3023  3025 D dalvikvm: GC_CONCURRENT freed 250K, 7% free 10074K/10759K, paused 2ms+3ms
06-08 14:52:11.082  3023  3025 D dalvikvm: GC_CONCURRENT freed 353K, 7% free 10107K/10759K, paused 2ms+2ms
06-08 14:52:11.199   151  2421 D dalvikvm: GC_EXPLICIT freed 363K, 26% free 13882K/18695K, paused 3ms+7ms
06-08 14:52:11.418  3023  3025 D dalvikvm: GC_CONCURRENT freed 370K, 6% free 10124K/10759K, paused 2ms+6ms
06-08 14:52:12.175  3023  3025 D dalvikvm: GC_CONCURRENT freed 334K, 6% free 10174K/10759K, paused 2ms+3ms
06-08 14:52:13.109  2685  2687 D dalvikvm: GC_CONCURRENT freed 1921K, 14% free 19100K/22151K, paused 14ms+8ms
06-08 14:52:14.796   559   561 D dalvikvm: GC_CONCURRENT freed 831K, 8% free 10975K/11911K, paused 3ms+3ms
06-08 14:52:14.945  3023  3025 D dalvikvm: GC_CONCURRENT freed 785K, 9% free 9793K/10759K, paused 2ms+4ms
06-08 14:52:15.121  3023  3025 D dalvikvm: GC_CONCURRENT freed 156K, 7% free 10022K/10759K, paused 3ms+2ms
06-08 14:52:15.351  3023  3025 D dalvikvm: GC_CONCURRENT freed 330K, 7% free 10079K/10759K, paused 2ms+3ms
06-08 14:52:15.593  3023  3025 D dalvikvm: GC_CONCURRENT freed 358K, 7% free 10106K/10759K, paused 3ms+8ms
06-08 14:52:16.117  3023  3025 D dalvikvm: GC_CONCURRENT freed 349K, 6% free 10142K/10759K, paused 2ms+4ms
06-08 14:52:17.261  3023  3025 D dalvikvm: GC_CONCURRENT freed 353K, 6% free 10174K/10759K, paused 2ms+3ms
06-08 14:52:20.199   559   561 D dalvikvm: GC_CONCURRENT freed 496K, 8% free 11015K/11911K, paused 3ms+3ms
06-08 14:52:20.367  3023  3025 D dalvikvm: GC_CONCURRENT freed 621K, 8% free 9961K/10759K, paused 2ms+4ms
06-08 14:52:20.652  3023  3025 D dalvikvm: GC_CONCURRENT freed 264K, 7% free 10084K/10759K, paused 3ms+3ms
06-08 14:52:20.871  3023  3025 D dalvikvm: GC_CONCURRENT freed 364K, 7% free 10113K/10759K, paused 2ms+3ms
06-08 14:52:21.144  3023  3025 D dalvikvm: GC_CONCURRENT freed 360K, 6% free 10138K/10759K, paused 1ms+3ms
06-08 14:52:21.902  3023  3045 D dalvikvm: GC_FOR_ALLOC freed 310K, 6% free 10186K/10759K, paused 25ms
06-08 14:52:25.765  2821  2823 D dalvikvm: GC_CONCURRENT freed 384K, 6% free 10215K/10823K, paused 5ms+3ms
06-08 14:52:26.074   559   561 D dalvikvm: GC_CONCURRENT freed 511K, 8% free 11050K/11911K, paused 3ms+3ms
06-08 14:52:26.168  3023  3025 D dalvikvm: GC_CONCURRENT freed 763K, 9% free 9879K/10759K, paused 2ms+3ms
06-08 14:52:26.375  3023  3025 D dalvikvm: GC_CONCURRENT freed 219K, 7% free 10046K/10759K, paused 2ms+2ms
06-08 14:52:26.629  3023  3025 D dalvikvm: GC_CONCURRENT freed 350K, 7% free 10082K/10759K, paused 2ms+3ms
06-08 14:52:26.859  3023  3025 D dalvikvm: GC_CONCURRENT freed 354K, 6% free 10116K/10759K, paused 2ms+3ms
06-08 14:52:27.593  3023  3025 D dalvikvm: GC_CONCURRENT freed 339K, 6% free 10163K/10759K, paused 2ms+7ms
06-08 14:52:29.820  3023  3038 D dalvikvm: GC_EXPLICIT freed 789K, 10% free 9763K/10759K, paused 9ms+9ms
06-08 14:52:29.968  3023  3025 D dalvikvm: GC_CONCURRENT freed 140K, 7% free 10010K/10759K, paused 2ms+2ms
06-08 14:52:30.207  3023  3025 D dalvikvm: GC_CONCURRENT freed 309K, 7% free 10092K/10759K, paused 2ms+3ms
06-08 14:52:30.445  3023  3025 D dalvikvm: GC_CONCURRENT freed 374K, 7% free 10106K/10759K, paused 1ms+4ms
06-08 14:52:30.925  3023  3025 D dalvikvm: GC_CONCURRENT freed 344K, 6% free 10150K/10759K, paused 3ms+3ms
06-08 14:52:31.898  3023  3025 D dalvikvm: GC_CONCURRENT freed 354K, 6% free 10181K/10759K, paused 3ms+4ms
06-08 14:52:35.355   559   561 D dalvikvm: GC_CONCURRENT freed 460K, 7% free 11158K/11911K, paused 3ms+6ms
06-08 14:52:35.613  3023  3025 D dalvikvm: GC_CONCURRENT freed 643K, 7% free 10009K/10759K, paused 1ms+3ms
06-08 14:52:35.800   151   666 D dalvikvm: GC_EXPLICIT freed 348K, 26% free 13879K/18695K, paused 4ms+8ms
06-08 14:52:36.007  3023  3025 D dalvikvm: GC_CONCURRENT freed 330K, 7% free 10066K/10759K, paused 3ms+3ms
06-08 14:52:36.250  3023  3025 D dalvikvm: GC_CONCURRENT freed 371K, 7% free 10085K/10759K, paused 2ms+3ms
06-08 14:52:36.480  3023  3025 D dalvikvm: GC_CONCURRENT freed 359K, 7% free 10113K/10759K, paused 2ms+3ms
06-08 14:52:37.500  3023  3205 D dalvikvm: GC_FOR_ALLOC freed 290K, 6% free 10149K/10759K, paused 25ms
06-08 14:52:40.004   559   561 D dalvikvm: GC_CONCURRENT freed 678K, 7% free 11147K/11911K, paused 2ms+3ms
06-08 14:52:40.136  3023  3025 D dalvikvm: GC_CONCURRENT freed 786K, 10% free 9750K/10759K, paused 1ms+5ms
06-08 14:52:40.316  3023  3025 D dalvikvm: GC_CONCURRENT freed 137K, 8% free 9998K/10759K, paused 2ms+4ms
06-08 14:52:40.562  3023  3025 D dalvikvm: GC_CONCURRENT freed 297K, 7% free 10087K/10759K, paused 2ms+3ms
06-08 14:52:40.800  3023  3025 D dalvikvm: GC_CONCURRENT freed 368K, 7% free 10106K/10759K, paused 1ms+4ms
06-08 14:52:41.238  3023  3025 D dalvikvm: GC_CONCURRENT freed 361K, 6% free 10136K/10759K, paused 2ms+2ms
06-08 14:52:42.074  3023  3025 D dalvikvm: GC_CONCURRENT freed 346K, 6% free 10179K/10759K, paused 2ms+3ms
06-08 14:52:44.695   559   561 D dalvikvm: GC_CONCURRENT freed 820K, 8% free 10979K/11911K, paused 4ms+4ms
06-08 14:52:44.871  3023  3025 D dalvikvm: GC_CONCURRENT freed 662K, 8% free 9973K/10759K, paused 2ms+2ms
06-08 14:52:45.125  3023  3025 D dalvikvm: GC_CONCURRENT freed 274K, 7% free 10084K/10759K, paused 2ms+2ms
06-08 14:52:45.367  3023  3025 D dalvikvm: GC_CONCURRENT freed 376K, 7% free 10104K/10759K, paused 2ms+4ms
06-08 14:52:45.691  3023  3025 D dalvikvm: GC_CONCURRENT freed 354K, 6% free 10136K/10759K, paused 2ms+5ms
06-08 14:52:46.156  3023  3034 D dalvikvm: GC_FOR_ALLOC freed 224K, 6% free 10138K/10759K, paused 25ms
06-08 14:52:50.086  3023  3025 D dalvikvm: GC_CONCURRENT freed 772K, 10% free 9753K/10759K, paused 2ms+5ms
06-08 14:52:50.121   559   561 D dalvikvm: GC_CONCURRENT freed 515K, 8% free 11025K/11911K, paused 9ms+3ms
06-08 14:52:50.285  3023  3025 D dalvikvm: GC_CONCURRENT freed 136K, 7% free 10012K/10759K, paused 2ms+3ms
06-08 14:52:50.574  3023  3025 D dalvikvm: GC_CONCURRENT freed 297K, 7% free 10103K/10759K, paused 2ms+3ms
06-08 14:52:50.812  3023  3025 D dalvikvm: GC_CONCURRENT freed 378K, 6% free 10118K/10759K, paused 2ms+3ms
06-08 14:52:51.261  3023  3025 D dalvikvm: GC_CONCURRENT freed 354K, 6% free 10158K/10759K, paused 2ms+2ms
06-08 14:52:52.066  3023  3025 D dalvikvm: GC_CONCURRENT freed 338K, 6% free 10206K/10759K, paused 3ms+3ms
06-08 14:52:54.265  3023  3025 D dalvikvm: GC_CONCURRENT freed 719K, 8% free 9923K/10759K, paused 1ms+2ms
06-08 14:52:54.515  3023  3025 D dalvikvm: GC_CONCURRENT freed 243K, 7% free 10071K/10759K, paused 2ms+2ms
06-08 14:52:54.754  3023  3025 D dalvikvm: GC_CONCURRENT freed 359K, 7% free 10096K/10759K, paused 2ms+5ms
06-08 14:52:54.871   151   162 D dalvikvm: GC_EXPLICIT freed 356K, 26% free 13876K/18695K, paused 3ms+7ms
06-08 14:52:55.074  3023  3025 D dalvikvm: GC_CONCURRENT freed 351K, 6% free 10130K/10759K, paused 2ms+4ms
06-08 14:52:55.644  3023  3045 D dalvikvm: GC_FOR_ALLOC freed 266K, 6% free 10141K/10759K, paused 25ms
06-08 14:52:58.105   559   561 D dalvikvm: GC_CONCURRENT freed 505K, 7% free 11078K/11911K, paused 2ms+4ms
06-08 14:52:58.222  3023  3025 D dalvikvm: GC_CONCURRENT freed 780K, 10% free 9749K/10759K, paused 2ms+3ms
06-08 14:52:58.375  3023  3025 D dalvikvm: GC_CONCURRENT freed 137K, 7% free 10007K/10759K, paused 2ms+4ms
06-08 14:52:58.660  3023  3025 D dalvikvm: GC_CONCURRENT freed 309K, 7% free 10084K/10759K, paused 2ms+4ms
06-08 14:52:58.890  3023  3025 D dalvikvm: GC_CONCURRENT freed 367K, 7% free 10108K/10759K, paused 2ms+2ms
06-08 14:52:59.203  3023  3025 D dalvikvm: GC_CONCURRENT freed 352K, 6% free 10142K/10759K, paused 1ms+7ms
06-08 14:53:00.129  3023  3025 D dalvikvm: GC_CONCURRENT freed 339K, 6% free 10197K/10759K, paused 2ms+3ms
06-08 14:53:03.754   559   561 D dalvikvm: GC_CONCURRENT freed 727K, 9% free 10928K/11911K, paused 3ms+3ms
06-08 14:53:03.961  3023  3025 D dalvikvm: GC_CONCURRENT freed 721K, 8% free 9923K/10759K, paused 2ms+3ms
06-08 14:53:04.129  3023  3038 D dalvikvm: GC_EXPLICIT freed 149K, 7% free 10035K/10759K, paused 2ms+4ms
06-08 14:53:04.351  3023  3025 D dalvikvm: GC_CONCURRENT freed 341K, 7% free 10085K/10759K, paused 2ms+3ms
06-08 14:53:04.578  3023  3025 D dalvikvm: GC_CONCURRENT freed 355K, 6% free 10123K/10759K, paused 2ms+3ms
06-08 14:53:05.207  3023  3025 D dalvikvm: GC_CONCURRENT freed 346K, 6% free 10173K/10759K, paused 1ms+3ms
06-08 14:53:06.718  3023  3025 D dalvikvm: GC_CONCURRENT freed 388K, 6% free 10172K/10759K, paused 1ms+3ms
06-08 14:53:08.800   559   561 D dalvikvm: GC_CONCURRENT freed 501K, 9% free 10951K/11911K, paused 2ms+3ms
06-08 14:53:09.000  3023  3025 D dalvikvm: GC_CONCURRENT freed 570K, 8% free 9994K/10759K, paused 2ms+3ms
06-08 14:53:09.308  3023  3025 D dalvikvm: GC_CONCURRENT freed 293K, 7% free 10087K/10759K, paused 2ms+3ms
06-08 14:53:09.570  3023  3025 D dalvikvm: GC_CONCURRENT freed 373K, 7% free 10105K/10759K, paused 2ms+2ms
06-08 14:53:09.988  3023  3025 D dalvikvm: GC_CONCURRENT freed 341K, 6% free 10151K/10759K, paused 3ms+4ms
06-08 14:53:10.910  3023  3025 D dalvikvm: GC_CONCURRENT freed 345K, 6% free 10191K/10759K, paused 7ms+4ms
06-08 14:53:12.734   559   561 D dalvikvm: GC_CONCURRENT freed 545K, 8% free 10969K/11911K, paused 2ms+10ms
06-08 14:53:12.918  3023  3025 D dalvikvm: GC_CONCURRENT freed 691K, 8% free 9946K/10759K, paused 1ms+3ms
06-08 14:53:13.148  3023  3025 D dalvikvm: GC_CONCURRENT freed 246K, 7% free 10085K/10759K, paused 3ms+3ms
06-08 14:53:13.386  3023  3025 D dalvikvm: GC_CONCURRENT freed 358K, 7% free 10112K/10759K, paused 2ms+9ms
06-08 14:53:13.632  3023  3025 D dalvikvm: GC_CONCURRENT freed 365K, 6% free 10133K/10759K, paused 3ms+4ms
06-08 14:53:14.379  3023  3208 D dalvikvm: GC_FOR_ALLOC freed 309K, 6% free 10181K/10759K, paused 25ms
06-08 14:53:18.007   559   561 D dalvikvm: GC_CONCURRENT freed 525K, 8% free 10994K/11911K, paused 3ms+4ms
06-08 14:53:18.148  3023  3025 D dalvikvm: GC_CONCURRENT freed 798K, 9% free 9843K/10759K, paused 2ms+5ms
06-08 14:53:18.339  3023  3025 D dalvikvm: GC_CONCURRENT freed 192K, 7% free 10041K/10759K, paused 2ms+3ms
06-08 14:53:18.461   151  2421 D dalvikvm: GC_EXPLICIT freed 360K, 26% free 13876K/18695K, paused 3ms+6ms
06-08 14:53:18.668  3023  3025 D dalvikvm: GC_CONCURRENT freed 328K, 7% free 10099K/10759K, paused 3ms+4ms
06-08 14:53:18.898  3023  3025 D dalvikvm: GC_CONCURRENT freed 374K, 7% free 10113K/10759K, paused 2ms+2ms
06-08 14:53:19.550  3023  3025 D dalvikvm: GC_CONCURRENT freed 335K, 6% free 10167K/10759K, paused 2ms+3ms
06-08 14:53:22.007   559   561 D dalvikvm: GC_CONCURRENT freed 605K, 9% free 10934K/11911K, paused 3ms+5ms
06-08 14:53:22.156  3023  3025 D dalvikvm: GC_CONCURRENT freed 811K, 10% free 9747K/10759K, paused 10ms+13ms
06-08 14:53:22.453  3023  3025 D dalvikvm: GC_CONCURRENT freed 134K, 7% free 10010K/10759K, paused 2ms+3ms
06-08 14:53:22.742  3023  3025 D dalvikvm: GC_CONCURRENT freed 297K, 7% free 10098K/10759K, paused 2ms+3ms
06-08 14:53:22.972  3023  3025 D dalvikvm: GC_CONCURRENT freed 380K, 7% free 10104K/10759K, paused 2ms+2ms
06-08 14:53:23.406  3023  3025 D dalvikvm: GC_CONCURRENT freed 345K, 6% free 10145K/10759K, paused 2ms+3ms
06-08 14:53:24.273  3023  3025 D dalvikvm: GC_CONCURRENT freed 333K, 6% free 10197K/10759K, paused 2ms+4ms
06-08 14:53:26.000   559   561 D dalvikvm: GC_CONCURRENT freed 514K, 8% free 10961K/11911K, paused 2ms+3ms
06-08 14:53:26.171  3023  3025 D dalvikvm: GC_CONCURRENT freed 695K, 8% free 9934K/10759K, paused 2ms+3ms
06-08 14:53:26.406  3023  3025 D dalvikvm: GC_CONCURRENT freed 249K, 7% free 10071K/10759K, paused 2ms+3ms
06-08 14:53:26.632  3023  3025 D dalvikvm: GC_CONCURRENT freed 356K, 7% free 10106K/10759K, paused 1ms+3ms
06-08 14:53:26.953  3023  3025 D dalvikvm: GC_CONCURRENT freed 356K, 6% free 10135K/10759K, paused 2ms+4ms
06-08 14:53:27.800  3023  3025 D dalvikvm: GC_CONCURRENT freed 333K, 6% free 10186K/10759K, paused 2ms+3ms
06-08 14:53:31.535   559   561 D dalvikvm: GC_CONCURRENT freed 498K, 8% free 10999K/11911K, paused 2ms+4ms
06-08 14:53:31.679  3023  3025 D dalvikvm: GC_CONCURRENT freed 722K, 8% free 9909K/10759K, paused 2ms+3ms
06-08 14:53:31.914  3023  3025 D dalvikvm: GC_CONCURRENT freed 234K, 7% free 10064K/10759K, paused 2ms+3ms
06-08 14:53:32.136  3023  3025 D dalvikvm: GC_CONCURRENT freed 348K, 7% free 10108K/10759K, paused 2ms+4ms
06-08 14:53:32.359  3023  3025 D dalvikvm: GC_CONCURRENT freed 365K, 6% free 10130K/10759K, paused 2ms+4ms
06-08 14:53:33.179  3023  3025 D dalvikvm: GC_CONCURRENT freed 334K, 6% free 10187K/10759K, paused 2ms+3ms
06-08 14:53:35.597  3023  3025 D dalvikvm: GC_CONCURRENT freed 762K, 9% free 9879K/10759K, paused 2ms+4ms
06-08 14:53:35.804  3023  3025 D dalvikvm: GC_CONCURRENT freed 215K, 7% free 10049K/10759K, paused 2ms+3ms
06-08 14:53:35.937  3023  3208 D dalvikvm: GC_EXPLICIT freed 187K, 7% free 10058K/10759K, paused 3ms+4ms
06-08 14:53:36.082   151   162 D dalvikvm: GC_EXPLICIT freed 316K, 26% free 13875K/18695K, paused 3ms+7ms
06-08 14:53:36.257  3023  3025 D dalvikvm: GC_CONCURRENT freed 331K, 6% free 10117K/10759K, paused 2ms+3ms
06-08 14:53:36.636  3023  3025 D dalvikvm: GC_CONCURRENT freed 374K, 6% free 10138K/10759K, paused 2ms+3ms
06-08 14:53:37.546  3023  3025 D dalvikvm: GC_CONCURRENT freed 338K, 6% free 10197K/10759K, paused 2ms+4ms
06-08 14:53:40.339   559   561 D dalvikvm: GC_CONCURRENT freed 536K, 8% free 11029K/11911K, paused 2ms+4ms
06-08 14:53:40.546  3023  3025 D dalvikvm: GC_CONCURRENT freed 698K, 8% free 9938K/10759K, paused 2ms+4ms
06-08 14:53:40.789  3023  3025 D dalvikvm: GC_CONCURRENT freed 259K, 7% free 10065K/10759K, paused 1ms+3ms
06-08 14:53:41.066  3023  3025 D dalvikvm: GC_CONCURRENT freed 358K, 7% free 10097K/10759K, paused 3ms+4ms
06-08 14:53:41.390  3023  3025 D dalvikvm: GC_CONCURRENT freed 358K, 6% free 10127K/10759K, paused 2ms+2ms
06-08 14:53:42.312  3023  3025 D dalvikvm: GC_CONCURRENT freed 336K, 6% free 10178K/10759K, paused 2ms+3ms
06-08 14:53:44.937   559   561 D dalvikvm: GC_CONCURRENT freed 786K, 10% free 10806K/11911K, paused 2ms+3ms
06-08 14:53:45.078  3023  3025 D dalvikvm: GC_CONCURRENT freed 708K, 8% free 9922K/10759K, paused 1ms+4ms
06-08 14:53:45.312  3023  3025 D dalvikvm: GC_CONCURRENT freed 237K, 7% free 10071K/10759K, paused 2ms+3ms
06-08 14:53:45.546  3023  3025 D dalvikvm: GC_CONCURRENT freed 352K, 7% free 10107K/10759K, paused 3ms+3ms
06-08 14:53:45.781  3023  3025 D dalvikvm: GC_CONCURRENT freed 367K, 6% free 10126K/10759K, paused 2ms+3ms
06-08 14:53:46.656  3023  3025 D dalvikvm: GC_CONCURRENT freed 323K, 6% free 10187K/10759K, paused 2ms+3ms
06-08 14:53:48.421  2137  2241 I PhoneLab-: Service Running
06-08 14:53:48.695  2137  2241 I PhoneLab-LoggerService: app_38    1301  1     1788   1344  c00f181c 400107b4 S logcat
06-08 14:53:48.699  2137  2241 I PhoneLab-LoggerService: Logcat pid from database 1301
06-08 14:53:48.699  2137  2241 I PhoneLab-LoggerService: Logcat process found 1301
06-08 14:53:48.699  2137  2241 I PhoneLab-LoggerService: Checking Threshold
06-08 14:53:49.136  2137  2241 I PhoneLab-LoggerService: Starting to rename files
06-08 14:53:49.179  2137  2241 I PhoneLab-LoggerService: Files found .. 2
06-08 14:53:49.902  3023  3025 D dalvikvm: GC_CONCURRENT freed 732K, 8% free 9903K/10759K, paused 2ms+3ms
06-08 14:53:50.129  3023  3025 D dalvikvm: GC_CONCURRENT freed 240K, 7% free 10049K/10759K, paused 2ms+3ms
06-08 14:53:50.355  3023  3025 D dalvikvm: GC_CONCURRENT freed 351K, 7% free 10087K/10759K, paused 2ms+6ms
06-08 14:53:50.578  3023  3025 D dalvikvm: GC_CONCURRENT freed 365K, 7% free 10109K/10759K, paused 2ms+3ms
06-08 14:53:51.836  3023  3025 D dalvikvm: GC_CONCURRENT freed 324K, 6% free 10179K/10759K, paused 2ms+4ms
06-08 14:53:53.703   559   561 D dalvikvm: GC_CONCURRENT freed 492K, 10% free 10802K/11911K, paused 3ms+3ms
06-08 14:53:53.867  3023  3025 D dalvikvm: GC_CONCURRENT freed 710K, 8% free 9935K/10759K, paused 2ms+4ms
06-08 14:53:54.105  3023  3025 D dalvikvm: GC_CONCURRENT freed 258K, 7% free 10066K/10759K, paused 2ms+3ms
06-08 14:53:54.336  3023  3025 D dalvikvm: GC_CONCURRENT freed 360K, 7% free 10093K/10759K, paused 2ms+2ms
06-08 14:53:54.625  3023  3025 D dalvikvm: GC_CONCURRENT freed 363K, 6% free 10116K/10759K, paused 2ms+3ms
06-08 14:53:55.488  3023  3025 D dalvikvm: GC_CONCURRENT freed 328K, 6% free 10178K/10759K, paused 3ms+4ms
06-08 14:53:57.367   559   561 D dalvikvm: GC_CONCURRENT freed 714K, 12% free 10564K/11911K, paused 3ms+3ms
06-08 14:53:57.511  3023  3025 D dalvikvm: GC_CONCURRENT freed 699K, 8% free 9930K/10759K, paused 2ms+3ms
06-08 14:53:57.761   151  1035 D dalvikvm: GC_EXPLICIT freed 325K, 26% free 13874K/18695K, paused 3ms+8ms
06-08 14:53:57.839  3023  3025 D dalvikvm: GC_CONCURRENT freed 350K, 8% free 9964K/10759K, paused 2ms+3ms
06-08 14:53:58.148  3023  3025 D dalvikvm: GC_CONCURRENT freed 378K, 8% free 9980K/10759K, paused 2ms+3ms
06-08 14:54:02.593  3023  3025 D dalvikvm: GC_CONCURRENT freed 624K, 10% free 9771K/10759K, paused 3ms+4ms
06-08 14:54:03.273  3023  3038 D dalvikvm: GC_FOR_ALLOC freed 237K, 11% free 9660K/10759K, paused 21ms
06-08 14:54:03.820  3023  3045 D dalvikvm: GC_FOR_ALLOC freed 169K, 11% free 9644K/10759K, paused 19ms
06-08 14:54:04.492   559   561 D dalvikvm: GC_CONCURRENT freed 449K, 12% free 10501K/11911K, paused 3ms+3ms
06-08 14:54:04.523  3023  3205 D dalvikvm: GC_FOR_ALLOC freed 139K, 11% free 9646K/10759K, paused 20ms
06-08 14:54:05.066  3023  3038 D dalvikvm: GC_FOR_ALLOC freed 155K, 11% free 9657K/10759K, paused 19ms
06-08 14:54:05.613  3023  3045 D dalvikvm: GC_FOR_ALLOC freed 165K, 11% free 9647K/10759K, paused 20ms
06-08 14:54:06.550  3023  3205 D dalvikvm: GC_FOR_ALLOC freed 157K, 11% free 9646K/10759K, paused 19ms
06-08 14:54:06.980   559   561 D dalvikvm: GC_CONCURRENT freed 446K, 12% free 10520K/11911K, paused 7ms+14ms
06-08 14:54:07.359  3023  3038 D dalvikvm: GC_FOR_ALLOC freed 137K, 11% free 9646K/10759K, paused 53ms
06-08 14:54:07.976  3023  3045 D dalvikvm: GC_FOR_ALLOC freed 138K, 11% free 9646K/10759K, paused 20ms
06-08 14:54:08.632  3023  3205 D dalvikvm: GC_FOR_ALLOC freed 155K, 11% free 9646K/10759K, paused 19ms
06-08 14:54:09.421  3023  3034 D dalvikvm: GC_FOR_ALLOC freed 183K, 11% free 9650K/10759K, paused 23ms
06-08 14:54:09.957  3023  3208 D dalvikvm: GC_FOR_ALLOC freed 142K, 11% free 9648K/10759K, paused 20ms
06-08 14:54:10.285   559  4539 D dalvikvm: GC_FOR_ALLOC freed 312K, 12% free 10520K/11911K, paused 30ms
06-08 14:54:10.285   559  4539 I dalvikvm-heap: Grow heap (frag case) to 10.385MB for 43024-byte allocation
06-08 14:54:10.312   559  4539 D dalvikvm: GC_FOR_ALLOC freed 25K, 13% free 10537K/11975K, paused 25ms
06-08 14:54:10.613  3023  3035 D dalvikvm: GC_FOR_ALLOC freed 195K, 11% free 9647K/10759K, paused 19ms
06-08 14:54:11.121  3023  3034 D dalvikvm: GC_FOR_ALLOC freed 153K, 11% free 9647K/10759K, paused 21ms
06-08 14:54:11.750  3023  3208 D dalvikvm: GC_FOR_ALLOC freed 141K, 11% free 9647K/10759K, paused 20ms
06-08 14:54:12.332  3023  3035 D dalvikvm: GC_FOR_ALLOC freed 140K, 11% free 9646K/10759K, paused 19ms
06-08 14:54:12.843  3023  3034 D dalvikvm: GC_FOR_ALLOC freed 138K, 11% free 9646K/10759K, paused 19ms
06-08 14:54:13.406  3023  3208 D dalvikvm: GC_FOR_ALLOC freed 135K, 11% free 9647K/10759K, paused 20ms
06-08 14:54:13.992   559   561 D dalvikvm: GC_CONCURRENT freed 416K, 13% free 10510K/11975K, paused 3ms+6ms
06-08 14:54:14.019  3023  3035 D dalvikvm: GC_FOR_ALLOC freed 139K, 11% free 9648K/10759K, paused 22ms
06-08 14:54:14.578  3023  3034 D dalvikvm: GC_FOR_ALLOC freed 139K, 11% free 9648K/10759K, paused 19ms
06-08 14:54:15.086  3023  3208 D dalvikvm: GC_FOR_ALLOC freed 137K, 11% free 9648K/10759K, paused 20ms
06-08 14:54:15.640  3023  3035 D dalvikvm: GC_FOR_ALLOC freed 141K, 11% free 9648K/10759K, paused 20ms
06-08 14:54:16.230  3023  3034 D dalvikvm: GC_FOR_ALLOC freed 138K, 11% free 9648K/10759K, paused 20ms
06-08 14:54:17.082  3023  3205 D dalvikvm: GC_FOR_ALLOC freed 188K, 11% free 9653K/10759K, paused 18ms
06-08 14:54:17.621  3023  3038 D dalvikvm: GC_FOR_ALLOC freed 159K, 11% free 9649K/10759K, paused 20ms
06-08 14:54:17.918  3023  3034 D dalvikvm: GC_FOR_ALLOC freed 74K, 11% free 9681K/10759K, paused 20ms
06-08 14:54:20.109  3023  3045 D dalvikvm: GC_FOR_ALLOC freed 144K, 11% free 9647K/10759K, paused 20ms
06-08 14:54:20.414   559   561 D dalvikvm: GC_CONCURRENT freed 391K, 13% free 10510K/11975K, paused 17ms+3ms
06-08 14:54:20.867  3023  3205 D dalvikvm: GC_FOR_ALLOC freed 136K, 11% free 9649K/10759K, paused 20ms
06-08 14:54:21.437  3023  3038 D dalvikvm: GC_FOR_ALLOC freed 140K, 11% free 9653K/10759K, paused 19ms
06-08 14:54:22.257  3023  3045 D dalvikvm: GC_FOR_ALLOC freed 138K, 11% free 9650K/10759K, paused 19ms
06-08 14:54:22.796  3023  3205 D dalvikvm: GC_FOR_ALLOC freed 139K, 11% free 9650K/10759K, paused 20ms
06-08 14:54:23.281  3023  3038 D dalvikvm: GC_FOR_ALLOC freed 138K, 11% free 9651K/10759K, paused 20ms
06-08 14:54:23.824  3023  3045 D dalvikvm: GC_FOR_ALLOC freed 140K, 11% free 9650K/10759K, paused 20ms
06-08 14:54:24.296  3023  3205 D dalvikvm: GC_FOR_ALLOC freed 156K, 11% free 9650K/10759K, paused 20ms
06-08 14:54:24.808   559   561 D dalvikvm: GC_CONCURRENT freed 391K, 13% free 10509K/11975K, paused 14ms+4ms
06-08 14:54:24.843  3023  3038 D dalvikvm: GC_FOR_ALLOC freed 137K, 11% free 9650K/10759K, paused 22ms
06-08 14:54:25.312  3023  3045 D dalvikvm: GC_FOR_ALLOC freed 153K, 11% free 9651K/10759K, paused 19ms
06-08 14:54:25.816  3023  3205 D dalvikvm: GC_FOR_ALLOC freed 154K, 11% free 9650K/10759K, paused 20ms
06-08 14:54:27.113  3023  3038 D dalvikvm: GC_FOR_ALLOC freed 134K, 11% free 9652K/10759K, paused 20ms
06-08 14:54:27.441  3023  3034 D dalvikvm: GC_EXPLICIT freed 88K, 11% free 9647K/10759K, paused 2ms+4ms
06-08 14:54:27.929  3023  3208 D dalvikvm: GC_FOR_ALLOC freed 150K, 11% free 9652K/10759K, paused 20ms
06-08 14:54:28.476  3023  3035 D dalvikvm: GC_FOR_ALLOC freed 155K, 11% free 9652K/10759K, paused 20ms
06-08 14:54:29.257   559   561 D dalvikvm: GC_CONCURRENT freed 393K, 13% free 10512K/11975K, paused 17ms+3ms
06-08 14:54:29.296  3023  3045 D dalvikvm: GC_FOR_ALLOC freed 182K, 11% free 9656K/10759K, paused 20ms
06-08 14:54:29.750  3023  3205 D dalvikvm: GC_FOR_ALLOC freed 142K, 11% free 9652K/10759K, paused 20ms
06-08 14:54:30.359  3023  3038 D dalvikvm: GC_FOR_ALLOC freed 151K, 11% free 9651K/10759K, paused 20ms
06-08 14:54:32.363  3023  3045 D dalvikvm: GC_FOR_ALLOC freed 158K, 11% free 9652K/10759K, paused 19ms
06-08 14:54:32.718   151   552 D dalvikvm: GC_EXPLICIT freed 490K, 26% free 13904K/18695K, paused 2ms+9ms
06-08 14:54:34.109   559   561 D dalvikvm: GC_CONCURRENT freed 391K, 13% free 10507K/11975K, paused 20ms+4ms
06-08 14:54:34.140  3023  3038 D dalvikvm: GC_FOR_ALLOC freed 262K, 11% free 9661K/10759K, paused 21ms
06-08 14:54:34.597  3023  3205 D dalvikvm: GC_FOR_ALLOC freed 167K, 11% free 9670K/10759K, paused 27ms
06-08 14:54:35.398  3023  3034 D dalvikvm: GC_FOR_ALLOC freed 205K, 11% free 9650K/10759K, paused 20ms
06-08 14:54:36.211  3023  3205 D dalvikvm: GC_FOR_ALLOC freed 190K, 11% free 9650K/10759K, paused 20ms
06-08 14:54:38.214  3023  3035 D dalvikvm: GC_FOR_ALLOC freed 141K, 11% free 9647K/10759K, paused 19ms
06-08 14:54:39.097   559   561 D dalvikvm: GC_CONCURRENT freed 394K, 13% free 10504K/11975K, paused 3ms+4ms
06-08 14:54:39.140  3023  3038 D dalvikvm: GC_FOR_ALLOC freed 153K, 11% free 9646K/10759K, paused 25ms
06-08 14:54:39.617  3023  3205 D dalvikvm: GC_FOR_ALLOC freed 138K, 11% free 9646K/10759K, paused 20ms
06-08 14:54:39.921   151   193 I ActivityManager: Start proc com.google.android.syncadapters.calendar for service com.google.android.syncadapters.calendar/.CalendarSyncAdapterService: pid=4631 uid=10020 gids={3003}
06-08 14:54:40.582   151  1037 I ActivityManager: Process com.android.browser (pid 4461) has died.
06-08 14:54:41.347   559  1628 D dalvikvm: GC_EXPLICIT freed 113K, 13% free 10493K/11975K, paused 20ms+5ms
06-08 14:54:41.379  4425  4440 I CalendarProvider2: No events to update: uri=content://com.android.calendar/events?account_name=drqiao02%40gmail.com&account_type=com.google&caller_is_syncadapter=true selection=_sync_id IS NOT NULL AND calendar_id=1 selectionArgs=null
06-08 14:54:42.168  4631  4634 D dalvikvm: GC_CONCURRENT freed 279K, 5% free 9193K/9607K, paused 52ms+6ms
06-08 14:54:42.785  4631  4634 D dalvikvm: GC_CONCURRENT freed 321K, 5% free 9284K/9735K, paused 2ms+3ms
06-08 14:54:42.968  4425  4427 D dalvikvm: GC_CONCURRENT freed 216K, 4% free 9327K/9671K, paused 2ms+3ms
06-08 14:54:44.511  4425  4440 I CalendarProvider2: No events to update: uri=content://com.android.calendar/events?account_name=drqiao02%40gmail.com&account_type=com.google&caller_is_syncadapter=true selection=_sync_id IS NOT NULL AND calendar_id=2 selectionArgs=null
06-08 14:54:44.937  4425  4427 D dalvikvm: GC_CONCURRENT freed 468K, 6% free 9277K/9863K, paused 4ms+4ms
06-08 14:54:45.015  4631  4634 D dalvikvm: GC_CONCURRENT freed 361K, 5% free 9391K/9863K, paused 3ms+3ms
06-08 14:54:45.273  4425  4427 D dalvikvm: GC_CONCURRENT freed 256K, 5% free 9407K/9863K, paused 2ms+2ms
06-08 14:54:45.414   151   163 D dalvikvm: GC_EXPLICIT freed 448K, 26% free 13881K/18695K, paused 3ms+7ms
06-08 14:54:45.546  4425  4437 D dalvikvm: GC_EXPLICIT freed 202K, 5% free 9403K/9863K, paused 2ms+3ms
06-08 14:54:46.269  4425  4427 D dalvikvm: GC_CONCURRENT freed 570K, 8% free 9229K/9927K, paused 2ms+3ms
06-08 14:54:46.550  4631  4634 D dalvikvm: GC_CONCURRENT freed 544K, 7% free 9278K/9927K, paused 12ms+8ms
06-08 14:54:46.668   151   193 I ActivityManager: Start proc com.google.android.gallery3d for service com.google.android.gallery3d/com.google.android.picasasync.PicasaSyncService: pid=4661 uid=10017 gids={3003, 1015}
06-08 14:54:46.773  4661  4661 I ActivityThread: Pub com.google.android.gallery3d.GooglePhotoProvider: com.google.android.picasasync.PicasaContentProvider
06-08 14:54:46.879  4661  4664 D dalvikvm: GC_CONCURRENT freed 417K, 6% free 9118K/9607K, paused 3ms+3ms
06-08 14:54:46.921  4661  4661 I ActivityThread: Pub com.google.android.gallery3d.provider: com.android.gallery3d.provider.GalleryProvider
06-08 14:54:47.000  4661  4664 D dalvikvm: GC_CONCURRENT freed 394K, 5% free 9192K/9671K, paused 3ms+3ms
06-08 14:54:47.043  4661  4661 D UploadsManager: load newPhotoTracker: null
06-08 14:54:47.043  4661  4661 D UploadsManager: load all accounts: null
06-08 14:54:47.043  4661  4661 D UploadsManager: load all account-album pairs: null
06-08 14:54:47.046  4661  4661 V PicasaContentProvider: querySettings: defaults: {sync_on_wifi_only=1, auto_upload_account_type=null, sync_on_battery=1, sync_picasa_on_wifi_only=1, auto_upload_enabled=0, video_upload_wifi_only=1, sync_on_roaming=0, auto_upload_account_name=null}
06-08 14:54:47.054  4661  4661 D UploadsManager:    settings not changed
06-08 14:54:47.089  4661  4674 D PicasaSync: sync account database
06-08 14:54:47.121  4661  4676 D PicasaSyncService: start to perform sync on drqiao02@gmail.com
06-08 14:54:47.214  4661  4674 D PicasaSync: accounts in DB=1
06-08 14:54:47.214  4661  4674 V PicasaContentProvider: querySettings: defaults: {sync_on_wifi_only=1, auto_upload_account_type=null, sync_on_battery=1, sync_picasa_on_wifi_only=1, auto_upload_enabled=0, video_upload_wifi_only=1, sync_on_roaming=0, auto_upload_account_name=null}
06-08 14:54:47.222  4661  4674 D PicasaSyncManager: active network: NetworkInfo: type: WIFI[], state: CONNECTED/CONNECTED, reason: (unspecified), extra: (none), roaming: false, failover: false, isAvailable: true
06-08 14:54:47.222  4661  4674 D PicasaSyncManager: background data: true
06-08 14:54:47.226  4661  4674 D PicasaSyncManager: battery info: false
06-08 14:54:47.257  4661  4676 D MetricsUtils: [PicasaSyncManager.getNextSyncTask time:135]
06-08 14:54:47.257  4661  4676 D PicasaSyncService: sync finished - false
06-08 14:54:47.472   151   666 I ActivityManager: Process android.process.media (pid 2489) has died.
06-08 14:54:50.832  3023  3205 D dalvikvm: GC_FOR_ALLOC freed 271K, 10% free 9698K/10759K, paused 58ms
06-08 14:54:51.527  3023  3038 D dalvikvm: GC_FOR_ALLOC freed 189K, 11% free 9650K/10759K, paused 20ms
06-08 14:54:51.921   559   561 D dalvikvm: GC_CONCURRENT freed 459K, 12% free 10546K/11975K, paused 15ms+4ms
06-08 14:54:52.691  3023  3038 D dalvikvm: GC_FOR_ALLOC freed 221K, 11% free 9653K/10759K, paused 41ms
06-08 14:54:53.546  3023  3045 D dalvikvm: GC_FOR_ALLOC freed 238K, 11% free 9652K/10759K, paused 20ms
06-08 14:54:54.359  3023  3038 D dalvikvm: GC_FOR_ALLOC freed 206K, 11% free 9652K/10759K, paused 20ms
06-08 14:54:54.730   151   493 D dalvikvm: GC_EXPLICIT freed 333K, 26% free 13880K/18695K, paused 3ms+7ms
06-08 14:54:54.898   559   561 D dalvikvm: GC_CONCURRENT freed 430K, 13% free 10502K/11975K, paused 6ms+7ms
06-08 14:54:55.394  3023  3045 D dalvikvm: GC_FOR_ALLOC freed 227K, 11% free 9653K/10759K, paused 19ms
06-08 14:54:56.203  3023  3038 D dalvikvm: GC_FOR_ALLOC freed 226K, 11% free 9651K/10759K, paused 20ms
06-08 14:54:56.500  2685  2687 D dalvikvm: GC_CONCURRENT freed 1920K, 14% free 19100K/22151K, paused 18ms+8ms
06-08 14:54:57.023  3023  3045 D dalvikvm: GC_FOR_ALLOC freed 233K, 11% free 9652K/10759K, paused 20ms
06-08 14:54:57.742  3023  3038 D dalvikvm: GC_FOR_ALLOC freed 207K, 11% free 9652K/10759K, paused 23ms
06-08 14:54:58.363   559   561 D dalvikvm: GC_CONCURRENT freed 383K, 13% free 10503K/11975K, paused 9ms+4ms
06-08 14:54:58.539  3023  3045 D dalvikvm: GC_FOR_ALLOC freed 208K, 11% free 9653K/10759K, paused 19ms
06-08 14:54:59.441  3023  3038 D dalvikvm: GC_FOR_ALLOC freed 212K, 11% free 9653K/10759K, paused 20ms
06-08 14:55:00.187  3023  3045 D dalvikvm: GC_FOR_ALLOC freed 212K, 11% free 9650K/10759K, paused 52ms
06-08 14:55:01.238  3023  3034 D dalvikvm: GC_FOR_ALLOC freed 233K, 11% free 9658K/10759K, paused 21ms
06-08 14:55:02.648   559   561 D dalvikvm: GC_CONCURRENT freed 384K, 13% free 10509K/11975K, paused 5ms+5ms
06-08 14:55:02.679  3023  3038 D dalvikvm: GC_FOR_ALLOC freed 305K, 11% free 9661K/10759K, paused 22ms
06-08 14:55:03.496  3023  3045 D dalvikvm: GC_FOR_ALLOC freed 229K, 11% free 9653K/10759K, paused 19ms
06-08 14:55:04.863  3023  3034 D dalvikvm: GC_FOR_ALLOC freed 263K, 11% free 9672K/10759K, paused 20ms
06-08 14:55:05.742  3023  3205 D dalvikvm: GC_FOR_ALLOC freed 227K, 11% free 9655K/10759K, paused 20ms
06-08 14:55:06.566  3023  3034 D dalvikvm: GC_FOR_ALLOC freed 208K, 11% free 9654K/10759K, paused 20ms
06-08 14:55:06.914   559   561 D dalvikvm: GC_CONCURRENT freed 392K, 13% free 10509K/11975K, paused 3ms+3ms
06-08 14:55:07.425  3023  3205 D dalvikvm: GC_FOR_ALLOC freed 209K, 11% free 9656K/10759K, paused 37ms
06-08 14:55:08.004   559   566 I dalvikvm: Jit: resizing JitTable from 8192 to 16384
06-08 14:55:08.203  3023  3034 D dalvikvm: GC_FOR_ALLOC freed 222K, 11% free 9654K/10759K, paused 20ms
06-08 14:55:08.980  3023  3205 D dalvikvm: GC_FOR_ALLOC freed 209K, 11% free 9655K/10759K, paused 19ms
06-08 14:55:10.132  3023  3034 D dalvikvm: GC_FOR_ALLOC freed 226K, 11% free 9656K/10759K, paused 20ms
06-08 14:55:12.402  3023  3035 D dalvikvm: GC_FOR_ALLOC freed 253K, 11% free 9659K/10759K, paused 20ms
06-08 14:55:12.750   559   561 D dalvikvm: GC_CONCURRENT freed 388K, 13% free 10515K/11975K, paused 14ms+4ms
06-08 14:55:13.312  3023  3208 D dalvikvm: GC_FOR_ALLOC freed 210K, 11% free 9656K/10759K, paused 24ms
06-08 14:55:14.129  3023  3035 D dalvikvm: GC_FOR_ALLOC freed 205K, 11% free 9657K/10759K, paused 20ms
06-08 14:55:15.687  3023  3208 D dalvikvm: GC_FOR_ALLOC freed 240K, 11% free 9656K/10759K, paused 20ms
06-08 14:55:15.859  4425  4425 I CalendarProvider2: Sending notification intent: Intent { act=android.intent.action.PROVIDER_CHANGED dat=content://com.android.calendar }
06-08 14:55:15.859  4425  4425 W ContentResolver: Failed to get type for: content://com.android.calendar (Unknown URL content://com.android.calendar)
06-08 14:55:16.996  3023  3038 D dalvikvm: GC_FOR_ALLOC freed 288K, 11% free 9661K/10759K, paused 19ms
06-08 14:55:18.004  3023  3045 D dalvikvm: GC_FOR_ALLOC freed 214K, 11% free 9655K/10759K, paused 21ms
06-08 14:55:18.164   559   561 D dalvikvm: GC_CONCURRENT freed 396K, 13% free 10504K/11975K, paused 6ms+5ms
06-08 14:55:18.828  3023  3038 D dalvikvm: GC_FOR_ALLOC freed 204K, 11% free 9657K/10759K, paused 20ms
06-08 14:55:19.640  3023  3045 D dalvikvm: GC_FOR_ALLOC freed 207K, 11% free 9657K/10759K, paused 19ms
06-08 14:55:20.476  3023  3038 D dalvikvm: GC_FOR_ALLOC freed 208K, 11% free 9657K/10759K, paused 20ms
06-08 14:55:21.961  3023  3045 D dalvikvm: GC_FOR_ALLOC freed 208K, 11% free 9657K/10759K, paused 19ms
06-08 14:55:22.808  3023  3038 D dalvikvm: GC_FOR_ALLOC freed 207K, 11% free 9659K/10759K, paused 20ms
06-08 14:55:23.203   559   561 D dalvikvm: GC_CONCURRENT freed 386K, 13% free 10504K/11975K, paused 3ms+4ms
06-08 14:55:23.511   151  4678 I ActivityManager: Process com.google.android.gm (pid 4585) has died.
06-08 14:55:23.543  3023  3045 D dalvikvm: GC_FOR_ALLOC freed 243K, 11% free 9657K/10759K, paused 20ms
06-08 14:55:24.386  3023  3038 D dalvikvm: GC_FOR_ALLOC freed 222K, 11% free 9659K/10759K, paused 20ms
06-08 14:55:26.882  3023  3045 D dalvikvm: GC_EXPLICIT freed 208K, 11% free 9659K/10759K, paused 2ms+3ms
06-08 14:55:27.863   151  1038 D dalvikvm: GC_EXPLICIT freed 390K, 26% free 13882K/18695K, paused 3ms+7ms
06-08 14:55:27.894  3023  3038 D dalvikvm: GC_FOR_ALLOC freed 209K, 11% free 9660K/10759K, paused 19ms
06-08 14:55:28.785  3023  3205 D dalvikvm: GC_FOR_ALLOC freed 232K, 11% free 9652K/10759K, paused 20ms
06-08 14:55:29.230   559   561 D dalvikvm: GC_CONCURRENT freed 384K, 13% free 10504K/11975K, paused 17ms+3ms
06-08 14:55:29.644  3023  3038 D dalvikvm: GC_FOR_ALLOC freed 222K, 11% free 9652K/10759K, paused 19ms
06-08 14:55:30.683  3023  3208 D dalvikvm: GC_FOR_ALLOC freed 240K, 11% free 9656K/10759K, paused 37ms
06-08 14:55:31.539  3023  3035 D dalvikvm: GC_FOR_ALLOC freed 214K, 11% free 9653K/10759K, paused 21ms
06-08 14:55:32.632  3023  3045 D dalvikvm: GC_FOR_ALLOC freed 263K, 11% free 9656K/10759K, paused 20ms
06-08 14:55:33.214   559   561 D dalvikvm: GC_CONCURRENT freed 394K, 13% free 10503K/11975K, paused 6ms+3ms
06-08 14:55:33.656   151   193 I ActivityManager: Start proc com.google.android.gm for service com.google.android.gm/.provider.MailSyncAdapterService: pid=4689 uid=10019 gids={3003, 1015}
06-08 14:55:34.004  4689  4689 I ActivityThread: Pub gmail-ls: com.google.android.gm.provider.MailProvider
06-08 14:55:34.062  4689  4689 I ActivityThread: Pub com.google.android.gmail.SuggestionProvider: com.google.android.gm.SuggestionsProvider
06-08 14:55:34.070  4689  4689 I ActivityThread: Pub com.google.android.gm: com.google.android.gm.provider.PublicContentProvider
06-08 14:55:34.879  4689  4690 D dalvikvm: GC_CONCURRENT freed 230K, 4% free 9251K/9607K, paused 16ms+3ms
06-08 14:55:35.191   151   374 I ActivityManager: Process com.google.android.gsf.login (pid 1236) has died.
06-08 14:55:35.308  4689  4707 I Gmail   : calculateUnknownSyncRationalesAndPurgeInBackground: queueing
06-08 14:55:35.683  4689  4690 D dalvikvm: GC_CONCURRENT freed 325K, 5% free 9345K/9799K, paused 5ms+4ms
06-08 14:55:35.711  4689  4707 I Gmail   : calculateUnknownSyncRationalesAndPurgeInBackground: queueing
06-08 14:55:35.734  4689  4706 I Gmail   : MainSyncRequestProto: lowestBkwdConvoId: 0, highestHandledServerOp: 3941475, normalSync: true
06-08 14:55:35.820   151   374 I ActivityManager: Start proc android.process.media for content provider com.android.providers.downloads/.DownloadProvider: pid=4710 uid=10012 gids={1015, 1023, 1024, 2001, 3003, 3007}
06-08 14:55:35.875  4710  4710 I ActivityThread: Pub media: com.android.providers.media.MediaProvider
06-08 14:55:36.058   151  2421 I ActivityManager: Start proc com.google.android.gsf.login for service com.google.android.gsf.login/com.google.android.gsf.loginservice.GoogleLoginService: pid=4723 uid=10009 gids={3003, 1015, 1007, 2001, 3006}
06-08 14:55:36.246  4710  4710 I ActivityThread: Pub downloads: com.android.providers.downloads.DownloadProvider
06-08 14:55:36.300  4710  4710 I ActivityThread: Pub drm: com.android.providers.drm.DrmProvider
06-08 14:55:36.304  4710  4741 I DownloadManager: in removeSpuriousFiles
06-08 14:55:36.336  4710  4712 D dalvikvm: GC_CONCURRENT freed 399K, 5% free 9137K/9607K, paused 3ms+2ms
06-08 14:55:36.343  4710  4741 I DownloadManager: in removeSpuriousFiles, preserving file /data/data/com.android.providers.downloads/cache/downloadfile.apk
06-08 14:55:36.343  4710  4741 I DownloadManager: deleting spurious file /data/data/com.android.providers.downloads/cache/downloadfile-1.apk
06-08 14:55:36.343  4710  4741 I DownloadManager: deleting spurious file /data/data/com.android.providers.downloads/cache/downloadfile-1.gif
06-08 14:55:36.730  4689  4707 I Gmail   : calculateUnknownSyncRationalesAndPurgeInBackground: running
06-08 14:55:36.738  4689  4707 I Gmail   : calculateUnknownSyncRationalesAndPurgeInBackground: running
06-08 14:55:36.836   559  1658 I WifiLocationEstimator: Not returning location for the following outliers: [229533826278832]
06-08 14:55:36.914  4710  4747 I DownloadManager: Initiating request for download 196
06-08 14:55:37.453  4689  4690 D dalvikvm: GC_CONCURRENT freed 337K, 5% free 9464K/9927K, paused 6ms+202ms
06-08 14:55:37.750  4710  4712 D dalvikvm: GC_CONCURRENT freed 300K, 5% free 9240K/9671K, paused 3ms+3ms
06-08 14:55:39.242  4710  4755 I DownloadManager: deleting /data/data/com.android.providers.downloads/cache/downloadfile.vcf
06-08 14:55:39.578  4689  4690 D dalvikvm: GC_CONCURRENT freed 309K, 5% free 9550K/9991K, paused 3ms+3ms
06-08 14:55:39.656  4710  4757 I DownloadManager: Initiating request for download 197
06-08 14:55:39.937  4710  4712 D dalvikvm: GC_CONCURRENT freed 343K, 5% free 9329K/9799K, paused 3ms+7ms
06-08 14:55:39.992  4689  4706 D dalvikvm: GC_EXPLICIT freed 431K, 6% free 9509K/10055K, paused 2ms+3ms
06-08 14:55:40.007  4689  4706 I Gmail   : MainSyncRequestProto: lowestBkwdConvoId: 0, highestHandledServerOp: 3941640, normalSync: true
06-08 14:55:40.968   151   666 D dalvikvm: GC_EXPLICIT freed 521K, 26% free 13885K/18695K, paused 3ms+10ms
06-08 14:55:41.136   151   151 I ActivityManager: Process com.google.android.gallery3d (pid 4661) has died.
06-08 14:55:41.214  4710  4763 I DownloadManager: deleting /data/data/com.android.providers.downloads/cache/downloadfile.vcf
06-08 14:55:41.246  4710  4765 I DownloadManager: Initiating request for download 198
06-08 14:55:41.808  4689  4690 D dalvikvm: GC_CONCURRENT freed 370K, 5% free 9555K/10055K, paused 2ms+3ms
06-08 14:55:42.394  4710  4712 D dalvikvm: GC_CONCURRENT freed 380K, 6% free 9354K/9863K, paused 8ms+3ms
06-08 14:55:42.636  4689  4690 D dalvikvm: GC_CONCURRENT freed 425K, 6% free 9571K/10119K, paused 6ms+6ms
06-08 14:55:42.660  2821  2823 D dalvikvm: GC_CONCURRENT freed 374K, 6% free 10225K/10823K, paused 2ms+11ms
06-08 14:55:43.402  4689  4706 D dalvikvm: GC_EXPLICIT freed 245K, 6% free 9552K/10119K, paused 14ms+11ms
06-08 14:55:43.445  4689  4706 I Gmail   : MainSyncRequestProto: lowestBkwdConvoId: 0, highestHandledServerOp: 3941640, normalSync: true
06-08 14:55:43.507  4689  4706 W Gmail   : Scheduling index for 300000 ms from now
06-08 14:55:43.605  4689  4706 I Gmail   : Sending notification intent: Intent { act=android.intent.action.PROVIDER_CHANGED dat=content://gmail-ls/unread/^i (has extras) }
06-08 14:55:43.765  4689  4706 I Gmail   : Sending notification intent: Intent { act=android.intent.action.PROVIDER_CHANGED dat=content://gmail-ls/unread/^iim (has extras) }
06-08 14:55:43.832  4689  4770 W Gmail   : Showing notification with unreadCount of 113 and unseenCount of 32
06-08 14:55:44.445   389   391 D dalvikvm: GC_CONCURRENT freed 307K, 6% free 10765K/11335K, paused 6ms+4ms
06-08 14:55:44.550   559   561 D dalvikvm: GC_CONCURRENT freed 362K, 12% free 10539K/11975K, paused 10ms+118ms
06-08 14:55:46.808   151  1035 I ActivityManager: Process android.process.acore (pid 3023) has died.
06-08 14:55:46.824   151  1038 D CountryDetector: No listener is left
06-08 14:55:47.136  4710  4778 I DownloadManager: deleting /data/data/com.android.providers.downloads/cache/downloadfile.jpeg
06-08 14:55:47.144  4710  4779 I DownloadManager: Initiating request for download 199
06-08 14:55:47.461  4710  4712 D dalvikvm: GC_CONCURRENT freed 500K, 7% free 9315K/9927K, paused 12ms+3ms
06-08 14:55:48.254  2137  2241 I PhoneLab-: Service Running
06-08 14:55:48.425  2137  2241 I PhoneLab-LoggerService: app_38    1301  1     1788   1344  c00f181c 400107b4 S logcat
06-08 14:55:48.425  2137  2241 I PhoneLab-LoggerService: Logcat pid from database 1301
06-08 14:55:48.425  2137  2241 I PhoneLab-LoggerService: Logcat process found 1301
06-08 14:55:48.425  2137  2241 I PhoneLab-LoggerService: Checking Threshold
06-08 14:55:48.429  2137  2241 I PhoneLab-LoggerService: Starting to rename files
06-08 14:55:48.429  2137  2241 I PhoneLab-LoggerService: Files found .. 2
06-08 14:55:52.879  4710  4789 I DownloadManager: deleting /data/data/com.android.providers.downloads/cache/downloadfile.jpeg
06-08 14:55:52.890  4710  4790 I DownloadManager: Initiating request for download 200
06-08 14:55:52.968  4710  4712 D dalvikvm: GC_CONCURRENT freed 403K, 7% free 9301K/9927K, paused 22ms+4ms
06-08 14:55:54.449  4710  4797 I DownloadManager: deleting /data/data/com.android.providers.downloads/cache/downloadfile.vcf
06-08 14:55:54.472  4689  4690 D dalvikvm: GC_CONCURRENT freed 367K, 5% free 9622K/10119K, paused 4ms+3ms
06-08 14:55:54.707  4710  4799 I DownloadManager: Initiating request for download 201
06-08 14:55:54.761  4710  4712 D dalvikvm: GC_CONCURRENT freed 366K, 7% free 9321K/9927K, paused 2ms+4ms
06-08 14:55:55.687  4710  4805 I DownloadManager: deleting /data/data/com.android.providers.downloads/cache/downloadfile.gif
06-08 14:55:55.808  4710  4807 I DownloadManager: Initiating request for download 202
06-08 14:55:55.957  4710  4712 D dalvikvm: GC_CONCURRENT freed 383K, 7% free 9325K/9927K, paused 6ms+7ms
06-08 14:55:58.750   151   666 D dalvikvm: GC_EXPLICIT freed 1042K, 27% free 13772K/18695K, paused 3ms+7ms
06-08 14:55:59.129  4710  4813 I DownloadManager: deleting /data/data/com.android.providers.downloads/cache/downloadfile.gif
06-08 14:55:59.140  4710  4814 I DownloadManager: Initiating request for download 203
06-08 14:55:59.300  4710  4712 D dalvikvm: GC_CONCURRENT freed 368K, 6% free 9346K/9927K, paused 2ms+4ms
06-08 14:56:00.531  4710  4821 I DownloadManager: deleting /data/data/com.android.providers.downloads/cache/downloadfile.txt
06-08 14:56:00.586  4710  4710 D dalvikvm: GC_EXPLICIT freed 375K, 7% free 9271K/9927K, paused 16ms+5ms
06-08 14:56:00.746  4710  4823 I DownloadManager: Initiating request for download 204
06-08 14:56:01.777  4710  4828 I DownloadManager: deleting /data/data/com.android.providers.downloads/cache/downloadfile.txt
06-08 14:56:01.941  4710  4712 D dalvikvm: GC_CONCURRENT freed 359K, 7% free 9299K/9927K, paused 6ms+9ms
06-08 14:56:02.031  4710  4830 I DownloadManager: Initiating request for download 205
06-08 14:56:05.125  4710  4837 I DownloadManager: deleting /data/data/com.android.providers.downloads/cache/downloadfile.png
06-08 14:56:05.175  4710  4838 I DownloadManager: Initiating request for download 206
06-08 14:56:05.179  4710  4712 D dalvikvm: GC_CONCURRENT freed 384K, 7% free 9310K/9927K, paused 6ms+4ms
06-08 14:56:06.203  4710  4846 I DownloadManager: deleting /data/data/com.android.providers.downloads/cache/downloadfile.png
06-08 14:56:06.347  4710  4712 D dalvikvm: GC_CONCURRENT freed 376K, 7% free 9324K/9927K, paused 4ms+5ms
06-08 14:56:06.398  4710  4848 I DownloadManager: Initiating request for download 207
06-08 14:56:07.339   151  1035 D dalvikvm: GC_EXPLICIT freed 435K, 27% free 13758K/18695K, paused 4ms+12ms
06-08 14:56:07.504  4710  4854 I DownloadManager: deleting /data/data/com.android.providers.downloads/cache/downloadfile.png
06-08 14:56:07.527  4689  4690 D dalvikvm: GC_CONCURRENT freed 402K, 6% free 9651K/10183K, paused 5ms+4ms
06-08 14:56:07.750  4710  4712 D dalvikvm: GC_CONCURRENT freed 385K, 7% free 9328K/9927K, paused 4ms+3ms
06-08 14:56:07.804  4710  4856 I DownloadManager: Initiating request for download 208
06-08 14:56:10.535  4710  4862 I DownloadManager: deleting /data/data/com.android.providers.downloads/cache/downloadfile.png
06-08 14:56:10.859  4710  4712 D dalvikvm: GC_CONCURRENT freed 424K, 7% free 9290K/9927K, paused 2ms+4ms
06-08 14:56:10.921  4710  4864 I DownloadManager: Initiating request for download 209
06-08 14:56:12.058  4710  4870 I DownloadManager: deleting /data/data/com.android.providers.downloads/cache/downloadfile.png
06-08 14:56:12.152  4710  4712 D dalvikvm: GC_CONCURRENT freed 380K, 7% free 9298K/9927K, paused 2ms+3ms
06-08 14:56:12.207  4710  4872 I DownloadManager: Initiating request for download 210
06-08 14:56:13.050  4723  4726 D dalvikvm: GC_CONCURRENT freed 307K, 5% free 9168K/9607K, paused 4ms+2ms
06-08 14:56:13.132  4710  4877 I DownloadManager: deleting /data/data/com.android.providers.downloads/cache/downloadfile.png
06-08 14:56:13.261  4710  4712 D dalvikvm: GC_CONCURRENT freed 377K, 7% free 9304K/9927K, paused 5ms+7ms
06-08 14:56:13.316  4710  4879 I DownloadManager: Initiating request for download 211
06-08 14:56:14.992  4710  4886 I DownloadManager: deleting /data/data/com.android.providers.downloads/cache/downloadfile.png
06-08 14:56:15.015  4710  4712 D dalvikvm: GC_CONCURRENT freed 372K, 7% free 9324K/9927K, paused 44ms+3ms
06-08 14:56:16.230  4710  4888 I DownloadManager: Initiating request for download 212
06-08 14:56:17.289   151  1037 D dalvikvm: GC_EXPLICIT freed 395K, 27% free 13774K/18695K, paused 7ms+7ms
06-08 14:56:17.601  4710  4712 D dalvikvm: GC_CONCURRENT freed 379K, 6% free 9335K/9927K, paused 3ms+4ms
06-08 14:56:17.629  4710  4894 I DownloadManager: deleting /data/data/com.android.providers.downloads/cache/downloadfile.png
06-08 14:56:17.789  4710  4896 D dalvikvm: GC_EXPLICIT freed 161K, 8% free 9220K/9927K, paused 2ms+3ms
06-08 14:56:17.793  4710  4896 I DownloadManager: Initiating request for download 213
06-08 14:56:18.933  4689  4701 D dalvikvm: GC_EXPLICIT freed 353K, 6% free 9622K/10183K, paused 3ms+4ms
06-08 14:56:19.101  4710  4902 I DownloadManager: deleting /data/data/com.android.providers.downloads/cache/downloadfile.png
06-08 14:56:19.246  4710  4712 D dalvikvm: GC_CONCURRENT freed 318K, 7% free 9293K/9927K, paused 2ms+3ms
06-08 14:56:19.246  4710  4904 I DownloadManager: Initiating request for download 214
06-08 14:56:19.746  4689  4907 I Gmail   : MainSyncRequestProto: lowestBkwdConvoId: 0, highestHandledServerOp: 3941640, normalSync: true
06-08 14:56:21.722  4689  4907 D dalvikvm: GC_EXPLICIT freed 194K, 6% free 9603K/10183K, paused 3ms+7ms
06-08 14:56:21.757  4710  4912 I DownloadManager: deleting /data/data/com.android.providers.downloads/cache/downloadfile.txt
06-08 14:56:21.761  4689  4907 I Gmail   : MainSyncRequestProto: lowestBkwdConvoId: 0, highestHandledServerOp: 3941640, normalSync: true
06-08 14:56:21.777  4689  4907 W Gmail   : Scheduling index for 300000 ms from now
06-08 14:56:21.937  4710  4712 D dalvikvm: GC_CONCURRENT freed 379K, 7% free 9303K/9927K, paused 3ms+3ms
06-08 14:56:21.937  4710  4914 I DownloadManager: Initiating request for download 215
06-08 14:56:21.988   559  1658 I WifiLocationEstimator: Not returning location for the following outliers: [229533826278832]
06-08 14:56:22.101   559   561 D dalvikvm: GC_CONCURRENT freed 491K, 12% free 10559K/11975K, paused 2ms+4ms
06-08 14:56:23.246  4710  4919 I DownloadManager: deleting /data/data/com.android.providers.downloads/cache/downloadfile.gif
06-08 14:56:23.367  4710  4921 I DownloadManager: Initiating request for download 216
06-08 14:56:23.410  4710  4712 D dalvikvm: GC_CONCURRENT freed 380K, 7% free 9323K/9927K, paused 2ms+3ms
06-08 14:56:24.367   151  1035 D dalvikvm: GC_EXPLICIT freed 437K, 27% free 13777K/18695K, paused 5ms+6ms
06-08 14:56:24.504  4710  4927 I DownloadManager: deleting /data/data/com.android.providers.downloads/cache/downloadfile.gif
06-08 14:56:24.613  4710  4929 I DownloadManager: Initiating request for download 217
06-08 14:56:24.777  4710  4712 D dalvikvm: GC_CONCURRENT freed 377K, 6% free 9332K/9927K, paused 6ms+7ms
06-08 14:56:28.019  4710  4935 I DownloadManager: deleting /data/data/com.android.providers.downloads/cache/downloadfile.gif
06-08 14:56:28.031  4710  4936 I DownloadManager: Initiating request for download 218
06-08 14:56:28.136  4710  4712 D dalvikvm: GC_CONCURRENT freed 419K, 7% free 9302K/9927K, paused 2ms+5ms
06-08 14:56:28.996  4710  4942 I DownloadManager: deleting /data/data/com.android.providers.downloads/cache/downloadfile.gif
06-08 14:56:29.125  4710  4944 I DownloadManager: Initiating request for download 219
06-08 14:56:29.265  4710  4712 D dalvikvm: GC_CONCURRENT freed 375K, 7% free 9318K/9927K, paused 4ms+8ms
06-08 14:56:30.082  4689  4690 D dalvikvm: GC_CONCURRENT freed 410K, 6% free 9648K/10183K, paused 17ms+6ms
06-08 14:56:30.132  4710  4949 I DownloadManager: deleting /data/data/com.android.providers.downloads/cache/downloadfile.gif
06-08 14:56:30.246  4710  4951 I DownloadManager: Initiating request for download 220
06-08 14:56:30.398  4710  4712 D dalvikvm: GC_CONCURRENT freed 380K, 7% free 9329K/9927K, paused 2ms+7ms
06-08 14:56:31.304  4710  4957 I DownloadManager: deleting /data/data/com.android.providers.downloads/cache/downloadfile.gif
06-08 14:56:31.418  4710  4959 I DownloadManager: Initiating request for download 221
06-08 14:56:31.578  4710  4712 D dalvikvm: GC_CONCURRENT freed 374K, 6% free 9351K/9927K, paused 4ms+3ms
06-08 14:56:32.535   151   552 D dalvikvm: GC_EXPLICIT freed 407K, 27% free 13779K/18695K, paused 5ms+7ms
06-08 14:56:32.656  4710  4968 I DownloadManager: deleting /data/data/com.android.providers.downloads/cache/downloadfile.gif
06-08 14:56:32.800  4710  4970 I DownloadManager: Initiating request for download 222
06-08 14:56:32.996  4710  4712 D dalvikvm: GC_CONCURRENT freed 457K, 6% free 9345K/9927K, paused 2ms+4ms
06-08 14:56:33.586  4710  4972 D dalvikvm: GC_EXPLICIT freed 190K, 7% free 9266K/9927K, paused 3ms+3ms
06-08 14:56:33.796  4710  4974 I DownloadManager: deleting /data/data/com.android.providers.downloads/cache/downloadfile.gif
06-08 14:56:33.976  4710  4976 I DownloadManager: Initiating request for download 223
06-08 14:56:34.734  4710  4712 D dalvikvm: GC_CONCURRENT freed 303K, 6% free 9351K/9927K, paused 1ms+6ms
06-08 14:56:34.929  4710  4980 I DownloadManager: deleting /data/data/com.android.providers.downloads/cache/downloadfile.gif
06-08 14:56:37.093  4710  4985 I DownloadManager: Initiating request for download 224
06-08 14:56:38.089  4710  4712 D dalvikvm: GC_CONCURRENT freed 450K, 6% free 9348K/9927K, paused 4ms+6ms
06-08 14:56:38.148  4710  4991 I DownloadManager: deleting /data/data/com.android.providers.downloads/cache/downloadfile.gif
06-08 14:56:38.461  4710  4993 I DownloadManager: Initiating request for download 225
06-08 14:56:39.214  4689  4690 D dalvikvm: GC_CONCURRENT freed 414K, 6% free 9644K/10183K, paused 2ms+4ms
06-08 14:56:39.285  4710  4998 I DownloadManager: deleting /data/data/com.android.providers.downloads/cache/downloadfile.gif
06-08 14:56:39.586  4710  4712 D dalvikvm: GC_CONCURRENT freed 465K, 6% free 9333K/9927K, paused 5ms+4ms
06-08 14:56:39.586  4710  5000 I DownloadManager: Initiating request for download 226
06-08 14:56:40.437   151  1035 D dalvikvm: GC_EXPLICIT freed 439K, 27% free 13786K/18695K, paused 4ms+7ms
06-08 14:56:40.539  4710  5005 I DownloadManager: deleting /data/data/com.android.providers.downloads/cache/downloadfile.gif
06-08 14:56:40.726  4710  5007 I DownloadManager: Initiating request for download 227
06-08 14:56:40.777  4710  4712 D dalvikvm: GC_CONCURRENT freed 395K, 6% free 9334K/9927K, paused 5ms+9ms
06-08 14:56:43.308  4710  5013 I DownloadManager: deleting /data/data/com.android.providers.downloads/cache/downloadfile.gif
06-08 14:56:43.476  4710  5015 I DownloadManager: Initiating request for download 228
06-08 14:56:43.500  4710  4712 D dalvikvm: GC_CONCURRENT freed 429K, 7% free 9299K/9927K, paused 4ms+5ms
06-08 14:56:44.355  4710  5020 I DownloadManager: deleting /data/data/com.android.providers.downloads/cache/downloadfile.gif
06-08 14:56:44.504  4710  5022 I DownloadManager: Initiating request for download 229
06-08 14:56:44.632  4710  4712 D dalvikvm: GC_CONCURRENT freed 376K, 7% free 9307K/9927K, paused 15ms+3ms
06-08 14:56:45.464  4710  5028 I DownloadManager: deleting /data/data/com.android.providers.downloads/cache/downloadfile.gif
06-08 14:56:46.152  4710  5030 I DownloadManager: Initiating request for download 230
06-08 14:56:46.195  4710  4712 D dalvikvm: GC_CONCURRENT freed 377K, 7% free 9315K/9927K, paused 3ms+6ms
06-08 14:56:47.089  4710  5036 I DownloadManager: deleting /data/data/com.android.providers.downloads/cache/downloadfile.gif
06-08 14:56:47.363  4710  5038 I DownloadManager: Initiating request for download 231
06-08 14:56:47.414  4710  4712 D dalvikvm: GC_CONCURRENT freed 378K, 7% free 9326K/9927K, paused 3ms+3ms
06-08 14:56:48.195  4710  4745 D dalvikvm: GC_EXPLICIT freed 305K, 7% free 9287K/9927K, paused 3ms+4ms
06-08 14:56:48.226  4689  4690 D dalvikvm: GC_CONCURRENT freed 436K, 6% free 9647K/10183K, paused 6ms+4ms
06-08 14:56:48.367   151   162 D dalvikvm: GC_EXPLICIT freed 388K, 27% free 13793K/18695K, paused 4ms+7ms
06-08 14:56:48.539  4710  5043 I DownloadManager: deleting /data/data/com.android.providers.downloads/cache/downloadfile.gif
06-08 14:56:48.703  4710  5045 I DownloadManager: Initiating request for download 232
06-08 14:56:49.621  4710  4712 D dalvikvm: GC_CONCURRENT freed 346K, 7% free 9330K/9927K, paused 3ms+5ms
06-08 14:56:49.707  4710  5050 I DownloadManager: deleting /data/data/com.android.providers.downloads/cache/downloadfile.gif
06-08 14:56:49.867  4710  5052 I DownloadManager: Initiating request for download 233
06-08 14:56:50.800  4710  4712 D dalvikvm: GC_CONCURRENT freed 424K, 7% free 9295K/9927K, paused 2ms+4ms
06-08 14:56:50.867  4710  5057 I DownloadManager: deleting /data/data/com.android.providers.downloads/cache/downloadfile.gif
06-08 14:56:51.004  4710  5059 I DownloadManager: Initiating request for download 234
06-08 14:56:51.910  4710  4712 D dalvikvm: GC_CONCURRENT freed 382K, 7% free 9302K/9927K, paused 2ms+2ms
06-08 14:56:51.988  4710  5065 I DownloadManager: deleting /data/data/com.android.providers.downloads/cache/downloadfile.gif
06-08 14:56:52.109  4710  5067 I DownloadManager: Initiating request for download 235
06-08 14:56:53.027  4710  4712 D dalvikvm: GC_CONCURRENT freed 374K, 7% free 9319K/9927K, paused 3ms+3ms
06-08 14:56:53.050  4710  5072 I DownloadManager: deleting /data/data/com.android.providers.downloads/cache/downloadfile.gif
06-08 14:56:53.203  4710  5074 I DownloadManager: Initiating request for download 236
06-08 14:56:54.843   151  4678 D dalvikvm: GC_EXPLICIT freed 384K, 27% free 13800K/18695K, paused 6ms+7ms
06-08 14:56:54.925  4710  4712 D dalvikvm: GC_CONCURRENT freed 376K, 6% free 9334K/9927K, paused 2ms+4ms
06-08 14:56:55.000  4710  5081 I DownloadManager: deleting /data/data/com.android.providers.downloads/cache/downloadfile.gif
06-08 14:56:56.668  4710  5083 I DownloadManager: Initiating request for download 237
06-08 14:56:57.457  4689  4690 D dalvikvm: GC_CONCURRENT freed 413K, 6% free 9643K/10183K, paused 2ms+4ms
06-08 14:56:57.699  4710  4712 D dalvikvm: GC_CONCURRENT freed 424K, 7% free 9299K/9927K, paused 1ms+10ms
06-08 14:56:57.707  4710  5089 I DownloadManager: deleting /data/data/com.android.providers.downloads/cache/downloadfile.gif
06-08 14:56:57.879  4710  5091 I DownloadManager: Initiating request for download 238
06-08 14:56:59.101  4710  5096 I DownloadManager: deleting /data/data/com.android.providers.downloads/cache/downloadfile.gif
06-08 14:56:59.175  4710  4712 D dalvikvm: GC_CONCURRENT freed 375K, 7% free 9311K/9927K, paused 2ms+4ms
06-08 14:56:59.328  4710  5098 I DownloadManager: Initiating request for download 239
06-08 14:57:00.171  4710  5103 I DownloadManager: deleting /data/data/com.android.providers.downloads/cache/downloadfile.gif
06-08 14:57:00.269  4710  4712 D dalvikvm: GC_CONCURRENT freed 386K, 7% free 9313K/9927K, paused 2ms+5ms
06-08 14:57:00.324  4710  5105 I DownloadManager: Initiating request for download 240
06-08 14:57:01.254  4710  5110 D dalvikvm: GC_EXPLICIT freed 355K, 7% free 9311K/9927K, paused 6ms+4ms
06-08 14:57:01.394  4710  5110 I DownloadManager: deleting /data/data/com.android.providers.downloads/cache/downloadfile.gif
06-08 14:57:01.402  4710  5111 I DownloadManager: Initiating request for download 241
06-08 14:57:02.488   151  1037 D dalvikvm: GC_EXPLICIT freed 404K, 27% free 13817K/18695K, paused 3ms+6ms
06-08 14:57:02.629  4710  4712 D dalvikvm: GC_CONCURRENT freed 373K, 7% free 9324K/9927K, paused 3ms+4ms
06-08 14:57:02.691  4710  5117 I DownloadManager: deleting /data/data/com.android.providers.downloads/cache/downloadfile.gif
06-08 14:57:02.699  4710  5118 I DownloadManager: Initiating request for download 242
06-08 14:57:03.586  4689  4690 D dalvikvm: GC_CONCURRENT freed 417K, 6% free 9637K/10183K, paused 3ms+24ms
06-08 14:57:03.613  4710  5125 I DownloadManager: deleting /data/data/com.android.providers.downloads/cache/downloadfile.gif
06-08 14:57:03.746  4710  4712 D dalvikvm: GC_CONCURRENT freed 411K, 7% free 9299K/9927K, paused 2ms+7ms
06-08 14:57:03.851  4710  5127 I DownloadManager: Initiating request for download 243
06-08 14:57:04.793  4710  5132 I DownloadManager: deleting /data/data/com.android.providers.downloads/cache/downloadfile.gif
06-08 14:57:04.953  4710  4712 D dalvikvm: GC_CONCURRENT freed 378K, 7% free 9309K/9927K, paused 4ms+10ms
06-08 14:57:05.031  4710  5134 I DownloadManager: Initiating request for download 244
06-08 14:57:05.933  4710  5140 I DownloadManager: deleting /data/data/com.android.providers.downloads/cache/downloadfile.gif
06-08 14:57:05.964  4689  4707 D dalvikvm: GC_EXPLICIT freed 189K, 6% free 9602K/10183K, paused 6ms+4ms
06-08 14:57:06.203  4710  4712 D dalvikvm: GC_CONCURRENT freed 379K, 7% free 9320K/9927K, paused 5ms+9ms
06-08 14:57:06.285  4710  5142 I DownloadManager: Initiating request for download 245
06-08 14:57:07.031   559  1658 I WifiLocationEstimator: Not returning location for the following outliers: [229533826278832]
06-08 14:57:07.574  4710  5147 I DownloadManager: deleting /data/data/com.android.providers.downloads/cache/downloadfile.gif
06-08 14:57:07.812  2685  2687 D dalvikvm: GC_CONCURRENT freed 1942K, 14% free 19124K/22151K, paused 36ms+9ms
06-08 14:57:07.980  4710  4712 D dalvikvm: GC_CONCURRENT freed 383K, 7% free 9328K/9927K, paused 2ms+4ms
06-08 14:57:07.980  4710  5149 I DownloadManager: Initiating request for download 246
06-08 14:57:09.097   151   552 D dalvikvm: GC_EXPLICIT freed 383K, 27% free 13825K/18695K, paused 4ms+12ms
06-08 14:57:09.160  4710  5154 I DownloadManager: deleting /data/data/com.android.providers.downloads/cache/downloadfile.gif
06-08 14:57:09.347  4710  4712 D dalvikvm: GC_CONCURRENT freed 384K, 6% free 9338K/9927K, paused 3ms+9ms
06-08 14:57:09.347  4710  5156 I DownloadManager: Initiating request for download 247
06-08 14:57:11.211  4710  5161 I DownloadManager: deleting /data/data/com.android.providers.downloads/cache/downloadfile.gif
06-08 14:57:11.230  4710  5162 I DownloadManager: Initiating request for download 248
06-08 14:57:11.336  4710  4712 D dalvikvm: GC_CONCURRENT freed 421K, 7% free 9306K/9927K, paused 2ms+3ms
06-08 14:57:12.324  4710  5169 I DownloadManager: deleting /data/data/com.android.providers.downloads/cache/downloadfile.gif
06-08 14:57:14.254  4710  5171 I DownloadManager: Initiating request for download 249
06-08 14:57:14.382  4710  4712 D dalvikvm: GC_CONCURRENT freed 373K, 7% free 9320K/9927K, paused 3ms+7ms
06-08 14:57:15.527  4710  5177 I DownloadManager: deleting /data/data/com.android.providers.downloads/cache/downloadfile.gif
06-08 14:57:15.718  4710  5179 I DownloadManager: Initiating request for download 250
06-08 14:57:15.867  4710  4712 D dalvikvm: GC_CONCURRENT freed 375K, 6% free 9334K/9927K, paused 2ms+9ms
06-08 14:57:16.414  4710  5179 D dalvikvm: GC_EXPLICIT freed 218K, 7% free 9299K/9927K, paused 17ms+3ms
06-08 14:57:16.750  4710  5185 I DownloadManager: deleting /data/data/com.android.providers.downloads/cache/downloadfile.gif
06-08 14:57:16.859  4710  5187 I DownloadManager: Initiating request for download 251
06-08 14:57:17.453  4710  4712 D dalvikvm: GC_CONCURRENT freed 301K, 6% free 9386K/9927K, paused 2ms+3ms
06-08 14:57:17.617  4689  4690 D dalvikvm: GC_CONCURRENT freed 408K, 6% free 9646K/10183K, paused 4ms+3ms
06-08 14:57:17.816   151  1008 D dalvikvm: GC_EXPLICIT freed 414K, 27% free 13832K/18695K, paused 3ms+8ms
06-08 14:57:17.890  4710  5192 I DownloadManager: deleting /data/data/com.android.providers.downloads/cache/downloadfile.gif
06-08 14:57:18.007  4710  5194 I DownloadManager: Initiating request for download 252
06-08 14:57:19.800  4710  4712 D dalvikvm: GC_CONCURRENT freed 392K, 6% free 9404K/9927K, paused 2ms+4ms
06-08 14:57:19.984  4723  4723 D dalvikvm: GC_EXPLICIT freed 294K, 4% free 9234K/9607K, paused 3ms+3ms
06-08 14:57:20.086  4710  5199 I DownloadManager: deleting /data/data/com.android.providers.downloads/cache/downloadfile.gif
06-08 14:57:20.254  4710  5201 I DownloadManager: Initiating request for download 253
06-08 14:57:20.929  4710  4712 D dalvikvm: GC_CONCURRENT freed 463K, 6% free 9332K/9927K, paused 3ms+5ms
06-08 14:57:21.156  4710  5206 I DownloadManager: deleting /data/data/com.android.providers.downloads/cache/downloadfile.gif
06-08 14:57:21.265  4710  5208 I DownloadManager: Initiating request for download 254
06-08 14:57:22.058  4710  4712 D dalvikvm: GC_CONCURRENT freed 405K, 7% free 9315K/9927K, paused 2ms+3ms
06-08 14:57:22.336  4710  5213 I DownloadManager: deleting /data/data/com.android.providers.downloads/cache/downloadfile.gif
06-08 14:57:22.671  4710  5215 I DownloadManager: Initiating request for download 255
06-08 14:57:24.144  4710  4712 D dalvikvm: GC_CONCURRENT freed 384K, 6% free 9337K/9927K, paused 3ms+5ms
06-08 14:57:24.199  4710  5219 I DownloadManager: deleting /data/data/com.android.providers.downloads/cache/downloadfile.gif
06-08 14:57:24.453  4710  5222 I DownloadManager: Initiating request for download 256
06-08 14:57:25.418  4689  4690 D dalvikvm: GC_CONCURRENT freed 414K, 6% free 9639K/10183K, paused 15ms+4ms
06-08 14:57:25.449  4710  4712 D dalvikvm: GC_CONCURRENT freed 391K, 6% free 9333K/9927K, paused 2ms+4ms
06-08 14:57:25.558   151   167 D dalvikvm: GC_EXPLICIT freed 379K, 26% free 13836K/18695K, paused 4ms+9ms
06-08 14:57:25.582  4710  5227 I DownloadManager: deleting /data/data/com.android.providers.downloads/cache/downloadfile.gif
06-08 14:57:25.839  4710  5229 I DownloadManager: Initiating request for download 257
06-08 14:57:26.867  4710  4712 D dalvikvm: GC_CONCURRENT freed 382K, 6% free 9342K/9927K, paused 1ms+5ms
06-08 14:57:26.929  4710  5235 I DownloadManager: deleting /data/data/com.android.providers.downloads/cache/downloadfile.gif
06-08 14:57:27.046  4710  5237 I DownloadManager: Initiating request for download 258
06-08 14:57:27.957  4710  4712 D dalvikvm: GC_CONCURRENT freed 415K, 7% free 9316K/9927K, paused 2ms+4ms
06-08 14:57:28.035  4710  5243 I DownloadManager: deleting /data/data/com.android.providers.downloads/cache/downloadfile.gif
06-08 14:57:29.882  4710  5245 I DownloadManager: Initiating request for download 259
06-08 14:57:30.773  4710  5249 D dalvikvm: GC_EXPLICIT freed 351K, 7% free 9306K/9927K, paused 3ms+7ms
06-08 14:57:30.832  4710  5249 I DownloadManager: deleting /data/data/com.android.providers.downloads/cache/downloadfile.gif
06-08 14:57:31.386  4710  5252 I DownloadManager: Initiating request for download 260
06-08 14:57:32.343  4710  4712 D dalvikvm: GC_CONCURRENT freed 367K, 7% free 9323K/9927K, paused 3ms+4ms
06-08 14:57:32.468  4710  5257 I DownloadManager: deleting /data/data/com.android.providers.downloads/cache/downloadfile.gif
06-08 14:57:32.476  4710  5258 I DownloadManager: Initiating request for download 261
06-08 14:57:33.433  4710  4712 D dalvikvm: GC_CONCURRENT freed 375K, 6% free 9334K/9927K, paused 2ms+3ms
06-08 14:57:33.476  4710  5265 I DownloadManager: deleting /data/data/com.android.providers.downloads/cache/downloadfile.gif
06-08 14:57:34.921   151   151 D dalvikvm: GC_EXPLICIT freed 444K, 27% free 13809K/18695K, paused 4ms+8ms
06-08 14:57:34.929  4710  5267 I DownloadManager: Initiating request for download 262
06-08 14:57:35.761  4689  4690 D dalvikvm: GC_CONCURRENT freed 418K, 6% free 9647K/10183K, paused 3ms+4ms
06-08 14:57:35.886  4710  4712 D dalvikvm: GC_CONCURRENT freed 370K, 6% free 9355K/9927K, paused 3ms+5ms
06-08 14:57:35.910  4710  5274 I DownloadManager: deleting /data/data/com.android.providers.downloads/cache/downloadfile.gif
06-08 14:57:36.027  4710  5276 I DownloadManager: Initiating request for download 263
06-08 14:57:36.968  4710  5281 I DownloadManager: deleting /data/data/com.android.providers.downloads/cache/downloadfile.gif
06-08 14:57:37.070  4710  5283 I DownloadManager: Initiating request for download 264
06-08 14:57:37.164  4710  4712 D dalvikvm: GC_CONCURRENT freed 458K, 6% free 9334K/9927K, paused 5ms+6ms
06-08 14:57:38.074  4710  5289 I DownloadManager: deleting /data/data/com.android.providers.downloads/cache/downloadfile.gif
06-08 14:57:39.367  4710  5291 I DownloadManager: Initiating request for download 265
06-08 14:57:39.425  4710  4712 D dalvikvm: GC_CONCURRENT freed 391K, 7% free 9329K/9927K, paused 2ms+3ms
06-08 14:57:40.500  4710  5296 I DownloadManager: deleting /data/data/com.android.providers.downloads/cache/downloadfile.gif
06-08 14:57:40.644  4710  5298 I DownloadManager: Initiating request for download 266
06-08 14:57:40.789  4710  4712 D dalvikvm: GC_CONCURRENT freed 372K, 6% free 9352K/9927K, paused 5ms+8ms
06-08 14:57:41.636  4710  5303 I DownloadManager: deleting /data/data/com.android.providers.downloads/cache/downloadfile.gif
06-08 14:57:41.890   151  1035 D dalvikvm: GC_EXPLICIT freed 375K, 27% free 13821K/18695K, paused 7ms+7ms
06-08 14:57:41.898  4710  5305 I DownloadManager: Initiating request for download 267
06-08 14:57:42.093  4710  4712 D dalvikvm: GC_CONCURRENT freed 418K, 6% free 9376K/9927K, paused 14ms+11ms
06-08 14:57:42.933  4710  5311 I DownloadManager: deleting /data/data/com.android.providers.downloads/cache/downloadfile.gif
06-08 14:57:43.000  4689  4690 D dalvikvm: GC_CONCURRENT freed 416K, 6% free 9631K/10183K, paused 2ms+5ms
06-08 14:57:44.339  4710  5313 I DownloadManager: Initiating request for download 268
06-08 14:57:44.519  4710  4712 D dalvikvm: GC_CONCURRENT freed 472K, 7% free 9323K/9927K, paused 3ms+4ms
06-08 14:57:45.293  4710  5319 I DownloadManager: deleting /data/data/com.android.providers.downloads/cache/downloadfile.gif
06-08 14:57:45.453  4710  5321 I DownloadManager: Initiating request for download 269
06-08 14:57:45.519  4710  5319 D dalvikvm: GC_EXPLICIT freed 272K, 7% free 9319K/9927K, paused 6ms+3ms
06-08 14:57:46.394  4710  5327 I DownloadManager: deleting /data/data/com.android.providers.downloads/cache/downloadfile.gif
06-08 14:57:46.546  4710  5329 I DownloadManager: Initiating request for download 270
06-08 14:57:46.714  4710  4712 D dalvikvm: GC_CONCURRENT freed 371K, 6% free 9342K/9927K, paused 4ms+7ms
06-08 14:57:48.011  4710  5335 I DownloadManager: deleting /data/data/com.android.providers.downloads/cache/downloadfile.gif
06-08 14:57:48.129  4710  5337 I DownloadManager: Initiating request for download 271
06-08 14:57:48.226  2137  2241 I PhoneLab-: Service Running
06-08 14:57:48.296  4710  4712 D dalvikvm: GC_CONCURRENT freed 380K, 6% free 9354K/9927K, paused 12ms+4ms
06-08 14:57:48.320  2137  2241 I PhoneLab-LoggerService: app_38    1301  1     1788   1344  c00f181c 400107b4 S logcat
06-08 14:57:48.320  2137  2241 I PhoneLab-LoggerService: Logcat pid from database 1301
06-08 14:57:48.324  2137  2241 I PhoneLab-LoggerService: Logcat process found 1301
06-08 14:57:48.324  2137  2241 I PhoneLab-LoggerService: Checking Threshold
06-08 14:57:48.324  2137  2241 I PhoneLab-LoggerService: Starting to rename files
06-08 14:57:48.324  2137  2241 I PhoneLab-LoggerService: Files found .. 2
06-08 14:57:49.230  4710  5343 I DownloadManager: deleting /data/data/com.android.providers.downloads/cache/downloadfile.jpeg
06-08 14:57:49.496   151   151 D dalvikvm: GC_EXPLICIT freed 379K, 27% free 13829K/18695K, paused 8ms+8ms
06-08 14:57:49.504  4710  5345 I DownloadManager: Initiating request for download 272
06-08 14:57:49.629  4710  4712 D dalvikvm: GC_CONCURRENT freed 414K, 6% free 9382K/9927K, paused 2ms+5ms
06-08 14:57:50.769  4710  5352 I DownloadManager: deleting /data/data/com.android.providers.downloads/cache/downloadfile.jpeg
06-08 14:57:50.902  4710  5354 I DownloadManager: Initiating request for download 273
06-08 14:57:51.011  4710  4712 D dalvikvm: GC_CONCURRENT freed 446K, 6% free 9353K/9927K, paused 2ms+3ms
06-08 14:57:52.039   559  1658 I WifiLocationEstimator: Not returning location for the following outliers: [229533826278832]
06-08 14:57:52.175   559   561 D dalvikvm: GC_CONCURRENT freed 551K, 13% free 10521K/11975K, paused 5ms+8ms
06-08 14:57:52.238  4710  5358 I DownloadManager: deleting /data/data/com.android.providers.downloads/cache/downloadfile.gif
06-08 14:57:52.668   151  1008 I ActivityManager: Process com.google.android.syncadapters.calendar (pid 4631) has died.
06-08 14:57:52.711  4710  5361 I DownloadManager: Initiating request for download 274
06-08 14:57:52.918  4710  4712 D dalvikvm: GC_CONCURRENT freed 454K, 6% free 9359K/9927K, paused 4ms+4ms
06-08 14:57:55.480  4689  4690 D dalvikvm: GC_CONCURRENT freed 422K, 6% free 9648K/10183K, paused 11ms+5ms
06-08 14:57:55.589  4710  5368 I DownloadManager: deleting /data/data/com.android.providers.downloads/cache/downloadfile.gif
06-08 14:57:55.742  4710  5370 I DownloadManager: Initiating request for download 275
06-08 14:57:56.375  2137  2137 I PhoneLab-Locks: wake lock acquired
06-08 14:57:56.433  2137  5372 I PhoneLab-PeriodicCheckService: User info is synched
06-08 14:57:56.441  2137  5372 I PhoneLab-PeriodicCheckService: Logger Service is running
06-08 14:57:56.449  2137  2137 I PhoneLab-Locks: wake lock acquired
06-08 14:57:56.457  2137  2137 I PhoneLab-StatusMonitor: Status Monitoring is started
06-08 14:57:56.457  2137  5372 I PhoneLab-Locks: wake lock acquired
06-08 14:57:56.461  2137  5372 I PhoneLab-PeriodicCheckService: Rescheduling periodic checking...
06-08 14:57:56.464  2137  5372 I PhoneLab-Locks: wake lock released
06-08 14:57:56.539  2137  2137 E PhoneLab-PhoneLabManifest: java.io.FileNotFoundException: /data/data/edu.buffalo.cse.phonelab.phonelabservices/files/manifest.xml: open failed: ENOENT (No such file or directory)
06-08 14:57:56.613  2137  2137 I PhoneLab-Locks: wake lock released
06-08 14:57:56.617  2137  2137 I PhoneLab-UploadLogs: Transfering log files now
06-08 14:57:56.765  2137  2138 D dalvikvm: GC_CONCURRENT freed 440K, 6% free 9116K/9671K, paused 2ms+2ms
06-08 14:57:56.793  4710  4712 D dalvikvm: GC_CONCURRENT freed 436K, 6% free 9360K/9927K, paused 4ms+16ms
06-08 14:57:56.882  2137  2137 D dalvikvm: GC_FOR_ALLOC freed 291K, 6% free 9198K/9735K, paused 21ms
06-08 14:57:56.882  2137  2137 I dalvikvm-heap: Grow heap (frag case) to 9.169MB for 123476-byte allocation
06-08 14:57:56.902  2137  2137 D dalvikvm: GC_FOR_ALLOC freed 56K, 7% free 9262K/9863K, paused 16ms
06-08 14:57:56.902  2137  2137 I dalvikvm-heap: Grow heap (frag case) to 9.357MB for 254548-byte allocation
06-08 14:57:56.921  2137  2137 D dalvikvm: GC_FOR_ALLOC freed 120K, 8% free 9390K/10119K, paused 16ms
06-08 14:57:56.925  2137  2137 I dalvikvm-heap: Grow heap (frag case) to 9.732MB for 516692-byte allocation
06-08 14:57:56.953  2137  2138 D dalvikvm: GC_CONCURRENT freed 248K, 10% free 9646K/10631K, paused 2ms+2ms
06-08 14:57:56.961  2137  2137 I PhoneLab-UploadLogs: OnStartCommand
06-08 14:57:57.050  2137  5376 D dalvikvm: GC_FOR_ALLOC freed 383K, 10% free 9630K/10631K, paused 21ms
06-08 14:57:57.097  2137  5376 D dalvikvm: GC_FOR_ALLOC freed 301K, 10% free 9630K/10631K, paused 44ms
06-08 14:57:57.125  2137  5376 D dalvikvm: GC_FOR_ALLOC freed 301K, 10% free 9637K/10631K, paused 19ms
06-08 14:57:57.144  4710  5377 I DownloadManager: deleting /data/data/com.android.providers.downloads/cache/downloadfile.gif
06-08 14:57:57.359  2137  2137 I PhoneLab-: 1339181028744.log is deleted
06-08 14:57:57.359  2137  2137 I PhoneLab-: Response: {"data": "done", "err": ""}
06-08 14:57:57.367  2137  2137 I PhoneLab-UploadLogs: No log files to transfer
06-08 14:57:57.367  2137  2137 I PhoneLab-Locks: wake lock released
06-08 14:57:57.410  4710  5380 I DownloadManager: Initiating request for download 276
06-08 14:57:58.386  4710  4712 D dalvikvm: GC_CONCURRENT freed 418K, 6% free 9378K/9927K, paused 5ms+15ms
06-08 14:57:58.402  4710  5386 I DownloadManager: deleting /data/data/com.android.providers.downloads/cache/downloadfile.gif
06-08 14:57:58.484   151  2421 D dalvikvm: GC_EXPLICIT freed 543K, 26% free 13849K/18695K, paused 7ms+8ms
06-08 14:57:58.601  4710  5388 I DownloadManager: Initiating request for download 277
06-08 14:58:01.066  4710  5393 I DownloadManager: deleting /data/data/com.android.providers.downloads/cache/downloadfile.gif
06-08 14:58:01.082  4710  5394 I DownloadManager: Initiating request for download 278
06-08 14:58:01.164  4710  4712 D dalvikvm: GC_CONCURRENT freed 431K, 6% free 9364K/9927K, paused 2ms+5ms
06-08 14:58:02.183  4710  5401 D dalvikvm: GC_EXPLICIT freed 364K, 7% free 9290K/9927K, paused 3ms+10ms
06-08 14:58:02.191  4689  4707 D dalvikvm: GC_EXPLICIT freed 294K, 6% free 9627K/10183K, paused 3ms+7ms
06-08 14:58:02.211  4710  5401 I DownloadManager: deleting /data/data/com.android.providers.downloads/cache/downloadfile.gif
06-08 14:58:02.472  4710  5403 I DownloadManager: Initiating request for download 279
06-08 14:58:03.390  4710  4712 D dalvikvm: GC_CONCURRENT freed 354K, 7% free 9329K/9927K, paused 1ms+3ms
06-08 14:58:03.464  4710  5409 I DownloadManager: deleting /data/data/com.android.providers.downloads/cache/downloadfile.gif
06-08 14:58:03.629  4710  5411 I DownloadManager: Initiating request for download 280
06-08 14:58:05.097  4710  4712 D dalvikvm: GC_CONCURRENT freed 380K, 6% free 9337K/9927K, paused 2ms+5ms
06-08 14:58:05.144  4710  5416 I DownloadManager: deleting /data/data/com.android.providers.downloads/cache/downloadfile.gif
06-08 14:58:05.156  4710  5417 I DownloadManager: Initiating request for download 281
06-08 14:58:07.453  2821  2823 D dalvikvm: GC_CONCURRENT freed 433K, 6% free 10244K/10823K, paused 65ms+4ms
06-08 14:58:07.839  4710  4712 D dalvikvm: GC_CONCURRENT freed 374K, 6% free 9348K/9927K, paused 5ms+9ms
06-08 14:58:07.867  4710  5426 I DownloadManager: deleting /data/data/com.android.providers.downloads/cache/downloadfile.gif
06-08 14:58:07.976   151   666 D dalvikvm: GC_EXPLICIT freed 445K, 26% free 13842K/18695K, paused 3ms+7ms
06-08 14:58:07.980  4710  5427 I DownloadManager: Initiating request for download 282
06-08 14:58:08.839  4710  5433 I DownloadManager: deleting /data/data/com.android.providers.downloads/cache/downloadfile.gif
06-08 14:58:08.961  4710  5435 I DownloadManager: Initiating request for download 283
06-08 14:58:09.129  4710  4712 D dalvikvm: GC_CONCURRENT freed 404K, 6% free 9396K/9927K, paused 4ms+11ms
06-08 14:58:09.937  4710  5440 I DownloadManager: deleting /data/data/com.android.providers.downloads/cache/downloadfile.gif
06-08 14:58:10.750  4710  5442 I DownloadManager: Initiating request for download 284
06-08 14:58:10.906  4710  4712 D dalvikvm: GC_CONCURRENT freed 443K, 6% free 9355K/9927K, paused 4ms+8ms
06-08 14:58:11.898  4710  5447 I DownloadManager: deleting /data/data/com.android.providers.downloads/cache/downloadfile.gif
06-08 14:58:12.031  4710  5449 I DownloadManager: Initiating request for download 285
06-08 14:58:12.226  4710  4712 D dalvikvm: GC_CONCURRENT freed 452K, 6% free 9344K/9927K, paused 2ms+4ms
06-08 14:58:12.933  4689  4690 D dalvikvm: GC_CONCURRENT freed 403K, 6% free 9649K/10183K, paused 2ms+7ms
06-08 14:58:12.941  4710  5455 I DownloadManager: deleting /data/data/com.android.providers.downloads/cache/downloadfile.gif
06-08 14:58:13.187  4710  5457 I DownloadManager: Initiating request for download 286
06-08 14:58:13.425  4710  4712 D dalvikvm: GC_CONCURRENT freed 414K, 6% free 9407K/9927K, paused 3ms+4ms
06-08 14:58:14.254  4710  5464 I DownloadManager: deleting /data/data/com.android.providers.downloads/cache/downloadfile.gif
06-08 14:58:16.152   151   163 D dalvikvm: GC_EXPLICIT freed 386K, 26% free 13851K/18695K, paused 3ms+8ms
06-08 14:58:16.191  4710  5466 I DownloadManager: Initiating request for download 287
06-08 14:58:16.406  4710  4712 D dalvikvm: GC_CONCURRENT freed 393K, 6% free 9407K/9927K, paused 2ms+5ms
06-08 14:58:17.257  4710  5473 I DownloadManager: deleting /data/data/com.android.providers.downloads/cache/downloadfile.gif
06-08 14:58:17.429  4710  5475 I DownloadManager: Initiating request for download 288
06-08 14:58:17.488  4710  5473 D dalvikvm: GC_EXPLICIT freed 278K, 7% free 9318K/9927K, paused 7ms+5ms
06-08 14:58:18.515  4710  5482 I DownloadManager: deleting /data/data/com.android.providers.downloads/cache/downloadfile.gif
06-08 14:58:18.660  4710  5484 I DownloadManager: Initiating request for download 289
06-08 14:58:18.699  4710  4712 D dalvikvm: GC_CONCURRENT freed 377K, 6% free 9334K/9927K, paused 2ms+5ms
06-08 14:58:19.546  4710  5490 I DownloadManager: deleting /data/data/com.android.providers.downloads/cache/downloadfile.gif
06-08 14:58:19.679  4710  5492 I DownloadManager: Initiating request for download 290
06-08 14:58:19.730  4710  4712 D dalvikvm: GC_CONCURRENT freed 380K, 6% free 9342K/9927K, paused 2ms+3ms
06-08 14:58:22.519  4710  5498 I DownloadManager: deleting /data/data/com.android.providers.downloads/cache/downloadfile.gif
06-08 14:58:22.535  4710  5499 I DownloadManager: Initiating request for download 291
06-08 14:58:22.582  4710  4712 D dalvikvm: GC_CONCURRENT freed 381K, 6% free 9347K/9927K, paused 3ms+4ms
06-08 14:58:23.414  4689  4690 D dalvikvm: GC_CONCURRENT freed 408K, 6% free 9644K/10183K, paused 3ms+4ms
06-08 14:58:23.480  4710  5507 I DownloadManager: deleting /data/data/com.android.providers.downloads/cache/downloadfile.gif
06-08 14:58:23.554   151   151 D dalvikvm: GC_EXPLICIT freed 379K, 26% free 13858K/18695K, paused 5ms+8ms
06-08 14:58:23.796  4710  5509 I DownloadManager: Initiating request for download 292
06-08 14:58:23.972  4710  4712 D dalvikvm: GC_CONCURRENT freed 401K, 6% free 9397K/9927K, paused 4ms+12ms
06-08 14:58:24.726  4710  5514 I DownloadManager: deleting /data/data/com.android.providers.downloads/cache/downloadfile.gif
06-08 14:58:37.078   559  1658 I WifiLocationEstimator: Not returning location for the following outliers: [229533826278832]
06-08 14:59:20.757  4689  5537 I Gmail   : MainSyncRequestProto: lowestBkwdConvoId: 0, highestHandledServerOp: 3941640, normalSync: true
06-08 14:59:21.679  4689  4690 D dalvikvm: GC_CONCURRENT freed 428K, 6% free 9623K/10183K, paused 7ms+3ms
06-08 14:59:21.808  4689  5537 D dalvikvm: GC_EXPLICIT freed 193K, 7% free 9568K/10183K, paused 2ms+3ms
06-08 14:59:21.820  4689  5537 I Gmail   : MainSyncRequestProto: lowestBkwdConvoId: 0, highestHandledServerOp: 3941656, normalSync: true
06-08 14:59:21.832  4689  5537 W Gmail   : Scheduling index for 300000 ms from now
06-08 14:59:21.859  4689  5537 I Gmail   : Sending notification intent: Intent { act=android.intent.action.PROVIDER_CHANGED dat=content://gmail-ls/unread/^i (has extras) }
06-08 14:59:21.957  4689  5538 W Gmail   : Showing notification with unreadCount of 112 and unseenCount of 31
06-08 14:59:22.070   559  1658 I WifiLocationEstimator: Not returning location for the following outliers: [229533826278832]
06-08 14:59:22.160   389   391 D dalvikvm: GC_CONCURRENT freed 617K, 7% free 10653K/11399K, paused 6ms+3ms
06-08 14:59:22.300   559   561 D dalvikvm: GC_CONCURRENT freed 506K, 13% free 10526K/11975K, paused 2ms+4ms
06-08 14:59:48.230  2137  2241 I PhoneLab-: Service Running
06-08 14:59:48.351  2137  2241 I PhoneLab-LoggerService: app_38    1301  1     1788   1344  c00f181c 400107b4 S logcat
06-08 14:59:48.351  2137  2241 I PhoneLab-LoggerService: Logcat pid from database 1301
06-08 14:59:48.351  2137  2241 I PhoneLab-LoggerService: Logcat process found 1301
06-08 14:59:48.351  2137  2241 I PhoneLab-LoggerService: Checking Threshold
06-08 15:00:07.140   559  1658 I WifiLocationEstimator: Not returning location for the following outliers: [229533826278832]
06-08 15:00:07.808  2685  2687 D dalvikvm: GC_CONCURRENT freed 1986K, 14% free 19137K/22151K, paused 10ms+8ms
06-08 15:00:13.195   151   153 D dalvikvm: GC_CONCURRENT freed 929K, 26% free 14016K/18695K, paused 7ms+9ms
06-08 15:00:52.242   559  1658 I WifiLocationEstimator: Not returning location for the following outliers: [229533826278832]
06-08 15:00:52.421   559   561 D dalvikvm: GC_CONCURRENT freed 516K, 13% free 10517K/11975K, paused 3ms+19ms
06-08 15:01:37.359   559  1658 I WifiLocationEstimator: Not returning location for the following outliers: [229533826278832]
06-08 15:01:48.250  2137  2241 I PhoneLab-: Service Running
06-08 15:01:48.300  2137  2241 I PhoneLab-LoggerService: app_38    1301  1     1788   1344  c00f181c 400107b4 S logcat
06-08 15:01:48.300  2137  2241 I PhoneLab-LoggerService: Logcat pid from database 1301
06-08 15:01:48.300  2137  2241 I PhoneLab-LoggerService: Logcat process found 1301
06-08 15:01:48.300  2137  2241 I PhoneLab-LoggerService: Checking Threshold
06-08 15:01:48.308  2137  2138 D dalvikvm: GC_CONCURRENT freed 910K, 14% free 9154K/10631K, paused 1ms+1ms
06-08 15:01:51.742  2821  2823 D dalvikvm: GC_CONCURRENT freed 452K, 6% free 10236K/10823K, paused 72ms+3ms
06-08 15:02:06.812   151   197 I power   : *** set_screen_state 0
06-08 15:02:06.886   151   206 I InputReader: Reconfiguring input devices.  changes=0x00000004
06-08 15:02:06.886   151   206 I InputReader: Device reconfigured: id=7, name='mxt224_ts_input', surface size is now 480x800, mode is 1
06-08 15:02:06.890    79   118 D SurfaceFlinger: About to give-up screen, flinger = 0x1061918
06-08 15:02:06.992   151   167 I ActivityManager: Config changed: {1.0 310mcc120mnc en_US layoutdir=0 sw320dp w533dp h294dp nrml long land finger -keyb/v/h -nav/h s.8}
06-08 15:02:07.488  2685  2685 D OpenGLRenderer: Flushing caches (mode 0)
06-08 15:02:07.640   151   153 D dalvikvm: GC_CONCURRENT freed 1055K, 25% free 14159K/18695K, paused 30ms+31ms
06-08 15:02:07.777   151   201 V TransportControlView: Create TCV com.android.internal.widget.TransportControlView@4137e3d8
06-08 15:02:07.781   389   389 D dalvikvm: GC_FOR_ALLOC freed 533K, 9% free 10394K/11399K, paused 107ms
06-08 15:02:07.879   389   389 D dalvikvm: GC_FOR_ALLOC freed 223K, 9% free 10475K/11399K, paused 75ms
06-08 15:02:07.879   389   389 I dalvikvm-heap: Grow heap (frag case) to 10.595MB for 310416-byte allocation
06-08 15:02:07.914   151   201 D android.widget.GridLayout: vertical constraints: y1 - y0 > 123, y2 - y1 > 29, y3 - y2 > 29, y4 - y3 > 0, y5 - y4 > 0, y6 - y5 > 453, y7 - y6 > 0, y7 - y0 < 480 are inconsistent; permanently removing: y7 - y0 < 480. 
06-08 15:02:07.964   389  5547 D dalvikvm: GC_FOR_ALLOC freed <1K, 9% free 10778K/11719K, paused 75ms
06-08 15:02:07.968   151   201 V TransportControlView: Create TCV com.android.internal.widget.TransportControlView@415ecd20
06-08 15:02:08.046   389   389 D dalvikvm: GC_FOR_ALLOC freed 182K, 10% free 10597K/11719K, paused 56ms
06-08 15:02:08.082  2685  2687 D dalvikvm: GC_CONCURRENT freed 1632K, 12% free 19541K/22151K, paused 9ms+48ms
06-08 15:02:08.093    82   122 D AudioHardware: AudioHardware pcm playback is exiting standby.
06-08 15:02:08.093    82   122 D AudioHardware: openPcmOut_l() mPcmOpenCnt: 0
06-08 15:02:08.117   389   389 D dalvikvm: GC_FOR_ALLOC freed 182K, 9% free 10718K/11719K, paused 61ms
06-08 15:02:08.117   389   389 I dalvikvm-heap: Grow heap (frag case) to 10.833MB for 310416-byte allocation
06-08 15:02:08.222   389   389 D dalvikvm: GC_FOR_ALLOC freed <1K, 9% free 11021K/12039K, paused 105ms
06-08 15:02:08.254   559   875 D dalvikvm: GC_EXPLICIT freed 254K, 13% free 10512K/11975K, paused 2ms+11ms
06-08 15:02:08.320   151  2421 W InputManagerService: Window already focused, ignoring focus gain of: com.android.internal.view.IInputMethodClient$Stub$Proxy@41338c38
06-08 15:02:08.414   151   200 W WindowManager: Window freeze timeout expired.
06-08 15:02:08.414   151   200 W WindowManager: Force clearing orientation change: Window{4174cf20 com.google.android.apps.maps/com.google.android.maps.driveabout.app.NavigationActivity paused=false}
06-08 15:02:08.445   485  5549 D NfcService: NFC-C OFF, disconnect
06-08 15:02:08.597   389   389 D dalvikvm: GC_FOR_ALLOC freed 311K, 11% free 10731K/12039K, paused 25ms
06-08 15:02:08.605   389   389 D PhoneStatusBar: disable: < expand icons alerts ticker system_info back home recent clock >
06-08 15:02:10.625   151   200 D dalvikvm: GC_EXPLICIT freed 425K, 22% free 14641K/18695K, paused 23ms+6ms
06-08 15:02:11.250    82   122 D AudioHardware: AudioHardware pcm playback is going to standby.
06-08 15:02:11.254    82   122 D AudioHardware: closePcmOut_l() mPcmOpenCnt: 1
06-08 15:02:19.183  4689  5570 I Gmail   : MainSyncRequestProto: lowestBkwdConvoId: 0, highestHandledServerOp: 3941656, normalSync: true
06-08 15:02:20.039  4689  4690 D dalvikvm: GC_CONCURRENT freed 361K, 6% free 9618K/10183K, paused 2ms+3ms
06-08 15:02:20.277  4689  5570 D dalvikvm: GC_EXPLICIT freed 473K, 6% free 9575K/10183K, paused 1ms+2ms
06-08 15:02:20.285  4689  5570 I Gmail   : MainSyncRequestProto: lowestBkwdConvoId: 0, highestHandledServerOp: 3941711, normalSync: true
06-08 15:02:21.379  4689  5570 D dalvikvm: GC_FOR_ALLOC freed 50K, 6% free 9604K/10183K, paused 15ms
06-08 15:02:21.402  4689  5570 D dalvikvm: GC_FOR_ALLOC freed 34K, 6% free 9645K/10247K, paused 14ms
06-08 15:02:21.402  4689  5570 I dalvikvm-heap: Grow heap (frag case) to 9.538MB for 50378-byte allocation
06-08 15:02:21.418  4689  5570 D dalvikvm: GC_FOR_ALLOC freed 24K, 7% free 9670K/10311K, paused 14ms
06-08 15:02:21.629  4689  5570 D dalvikvm: GC_EXPLICIT freed 239K, 8% free 9586K/10311K, paused 5ms+3ms
06-08 15:02:21.636  4689  5570 I Gmail   : MainSyncRequestProto: lowestBkwdConvoId: 0, highestHandledServerOp: 3941712, normalSync: true
06-08 15:02:21.648  4689  5570 W Gmail   : Scheduling index for 300000 ms from now
06-08 15:02:21.675  4689  5570 I Gmail   : Sending notification intent: Intent { act=android.intent.action.PROVIDER_CHANGED dat=content://gmail-ls/unread/^i (has extras) }
06-08 15:02:21.715  4689  5571 W Gmail   : Showing notification with unreadCount of 111 and unseenCount of 30
06-08 15:02:21.722  4689  5570 I Gmail   : Sending notification intent: Intent { act=android.intent.action.PROVIDER_CHANGED dat=content://gmail-ls/unread/^iim (has extras) }
06-08 15:02:21.828   389   391 D dalvikvm: GC_CONCURRENT freed 359K, 11% free 10820K/12039K, paused 6ms+3ms
06-08 15:02:22.425   559  1658 I WifiLocationEstimator: Not returning location for the following outliers: [229533826278832]
06-08 15:03:08.273   559  1658 I WifiLocationEstimator: Not returning location for the following outliers: [229533826278832]
06-08 15:03:08.367   559   561 D dalvikvm: GC_CONCURRENT freed 493K, 13% free 10530K/11975K, paused 2ms+8ms
06-08 15:03:42.269  1353  1353 I wpa_supplicant: wlan0: CTRL-EVENT-DISCONNECTED bssid=d0:c2:82:2d:e5:b1 reason=0
06-08 15:03:42.281    76   114 D CommandListener: Clearing all IP addresses on wlan0
06-08 15:03:42.312   151   313 D ConnectivityService: ConnectivityChange for WIFI: DISCONNECTED/DISCONNECTED
06-08 15:03:42.332   151   313 D ConnectivityService: Attempting to switch to mobile
06-08 15:03:42.382   151   313 D ConnectivityService: Attempting to switch to WIMAX
06-08 15:03:42.382   151   313 D ConnectivityService: Attempting to switch to BLUETOOTH_TETHER
06-08 15:03:42.390   151   313 E ConnectivityService: Exception trying to remove a route: java.lang.IllegalStateException: Unable to communicate with native dameon to add routes - com.android.server.NativeDaemonConnectorException: Cmd {interface route remove wlan0 default 128.205.63.254 32 0.0.0.0} failed with code 400 : {Failed to remove route from default table (No such process)}
06-08 15:03:42.394   151   313 D NetUtils: android_net_utils_resetConnections in env=0x891dc0 clazz=0xa0500001 iface=wlan0 mask=0x3
06-08 15:03:42.394   151   313 E ConnectivityService: Exception trying to remove a route: java.lang.IllegalStateException: Unable to communicate with native dameon to add routes - com.android.server.NativeDaemonConnectorException: Cmd {interface route remove wlan0 default 0.0.0.0 0 128.205.63.254} failed with code 400 : {Failed to remove route from default table (No such process)}
06-08 15:03:42.394   151   313 D ConnectivityService: resetConnections(wlan0, 3)
06-08 15:03:42.437   559  1906 W Smack/Packet: notify conn break (IOEx), close connection
06-08 15:03:42.609   559  1906 I qtaguid : Failed write_ctrl(u 81) res=-1 errno=22
06-08 15:03:42.609   559  1906 I qtaguid : Untagging socket 81 failed errno=-22
06-08 15:03:42.609   559  1906 W NetworkManagementSocketTagger: untagSocket(81) failed with errno -22
06-08 15:03:42.632   151   313 D ConnectivityService: handleInetConditionChange: no active default network - ignore
06-08 15:03:42.703   151   374 I ActivityManager: Start proc android.process.acore for content provider com.android.providers.contacts/.ContactsProvider2: pid=5582 uid=10000 gids={3003, 1015}
06-08 15:03:42.761  5582  5582 I ActivityThread: Pub com.android.voicemail: com.android.providers.contacts.VoicemailContentProvider
06-08 15:03:42.812  5582  5582 I ActivityThread: Pub user_dictionary: com.android.providers.userdictionary.UserDictionaryProvider
06-08 15:03:42.832  5582  5582 I ActivityThread: Pub com.android.social: com.android.providers.contacts.SocialProvider
06-08 15:03:42.836  5582  5582 I ActivityThread: Pub applications: com.android.providers.applications.ApplicationsProvider
06-08 15:03:42.855  1353  1353 I wpa_supplicant: wlan0: Trying to associate with d0:c2:82:67:e7:61 (SSID='UB_Wireless' freq=2412 MHz)
06-08 15:03:42.984  1353  1353 I wpa_supplicant: wlan0: Associated with d0:c2:82:67:e7:61
06-08 15:03:42.984  1353  1353 I wpa_supplicant: wlan0: CTRL-EVENT-CONNECTED - Connection to d0:c2:82:67:e7:61 completed (reauth) [id=0 id_str=]
06-08 15:03:43.054  5582  5583 D dalvikvm: GC_CONCURRENT freed 330K, 5% free 9146K/9607K, paused 5ms+8ms
06-08 15:03:43.101  5582  5582 I ActivityThread: Pub contacts;com.android.contacts: com.android.providers.contacts.ContactsProvider2
06-08 15:03:43.230  5582  5582 I ActivityThread: Pub call_log: com.android.providers.contacts.CallLogProvider
06-08 15:03:43.461   151   552 I ActivityManager: Process com.android.providers.calendar (pid 4425) has died.
06-08 15:03:43.523  2685  2685 W Settings: Setting location_providers_allowed has moved from android.provider.Settings.System to android.provider.Settings.Secure, returning read-only value.
06-08 15:03:43.652   151   313 D ConnectivityService: ConnectivityChange for WIFI: CONNECTED/CONNECTED
06-08 15:03:43.699  2685  3356 D dalvikvm: GC_FOR_ALLOC freed 821K, 14% free 19244K/22151K, paused 107ms
06-08 15:03:43.699  2685  3356 I dalvikvm-heap: Grow heap (frag case) to 19.868MB for 1048592-byte allocation
06-08 15:03:43.703  2137  2137 I PhoneLab-WiFiReceiver: Wi-Fi is connected!
06-08 15:03:43.730  2137  2137 I PhoneLab-WiFiReceiver: SSID: UB_Wireless BSSID: d0:c2:82:67:e7:61 RSSI: -200 LinkSpeed: -1
06-08 15:03:43.730  2137  2137 I PhoneLab-Locks: wake lock acquired
06-08 15:03:43.734  2137  2137 I PhoneLab-UploadLogs: Transfering log files now
06-08 15:03:43.734  2137  2137 I PhoneLab-UploadLogs: No log files to transfer
06-08 15:03:43.734  2137  2137 I PhoneLab-Locks: wake lock released
06-08 15:03:43.750  2137  2137 I PhoneLab-UploadLogs: OnStartCommand
06-08 15:03:43.754   151   307 W NetworkStats: dropping UID delta from unknown iface: iface=wlan0 uid=0 set=DEFAULT tag=0x0 rxBytes=0 rxPackets=0 txBytes=140 txPackets=2 operations=0
06-08 15:03:43.894   151   153 D dalvikvm: GC_CONCURRENT freed 2134K, 26% free 13907K/18695K, paused 52ms+11ms
06-08 15:03:43.914  2685  2713 D dalvikvm: GC_FOR_ALLOC freed 47K, 13% free 20221K/23239K, paused 204ms
06-08 15:03:43.992   151   167 I Process : Sending signal. PID: 2685 SIG: 3
06-08 15:03:43.992  2685  2690 I dalvikvm: threadid=3: reacting to signal 3
06-08 15:03:43.992  2685  2690 D dalvikvm: ExtrMon: insns 0x6 not valid (0x0 - 0x0)
06-08 15:03:44.074  2685  2690 D dalvikvm: ExtrMon: insns 0x0 not valid (0x0 - 0x0)
06-08 15:03:44.117  2685  2690 I dalvikvm: Wrote stack traces to '/data/anr/traces.txt'
06-08 15:03:44.136   151   167 W ActivityManager: Activity pause timeout for ActivityRecord{4137f138 com.google.android.apps.maps/com.google.android.maps.driveabout.app.NavigationActivity}
06-08 15:03:44.140   151   167 I Process : Sending signal. PID: 2685 SIG: 3
06-08 15:03:44.140  2685  2690 I dalvikvm: threadid=3: reacting to signal 3
06-08 15:03:44.156  2685  2690 I dalvikvm: Wrote stack traces to '/data/anr/traces.txt'
06-08 15:03:44.261  5582  5583 D dalvikvm: GC_CONCURRENT freed 191K, 3% free 9389K/9671K, paused 6ms+3ms
06-08 15:03:44.652   151   313 D ConnectivityService: NetTransition Wakelock for WifiStateMachine released by timeout
06-08 15:03:45.422   151   316 D Tethering: MasterInitialState.processMessage what=3
06-08 15:03:45.500   151  1037 I ActivityManager: Start proc com.google.android.gallery3d for broadcast com.google.android.gallery3d/com.google.android.picasasync.ConnectivityReceiver: pid=5627 uid=10017 gids={3003, 1015}
06-08 15:03:45.691   151   163 I ActivityManager: Process com.android.calendar (pid 4566) has died.
06-08 15:03:45.757  2685  2685 W Settings: Setting location_providers_allowed has moved from android.provider.Settings.System to android.provider.Settings.Secure, returning read-only value.
06-08 15:03:45.797   559   559 I GTalkService/c: [AndroidEndpoint@1094371424] connect: acct=1000000, state=CONNECTING
06-08 15:03:45.800   559   559 I GTalkService/c: [GTalkConnection@1094665464] connect: acct=1, state=CONNECTING
06-08 15:03:46.015  5627  5627 I ActivityThread: Pub com.google.android.gallery3d.GooglePhotoProvider: com.google.android.picasasync.PicasaContentProvider
06-08 15:03:46.222  5627  5631 D dalvikvm: GC_CONCURRENT freed 418K, 6% free 9118K/9607K, paused 20ms+4ms
06-08 15:03:46.277  5627  5627 I ActivityThread: Pub com.google.android.gallery3d.provider: com.android.gallery3d.provider.GalleryProvider
06-08 15:03:46.711  5627  5631 D dalvikvm: GC_CONCURRENT freed 396K, 6% free 9167K/9671K, paused 3ms+79ms
06-08 15:03:46.750   151   316 D Tethering: MasterInitialState.processMessage what=3
06-08 15:03:46.812  5627  5627 D UploadsManager: load newPhotoTracker: null
06-08 15:03:46.812  5627  5627 D UploadsManager: load all accounts: null
06-08 15:03:46.812  5627  5627 D UploadsManager: load all account-album pairs: null
06-08 15:03:46.816  5627  5627 V PicasaContentProvider: querySettings: defaults: {sync_on_wifi_only=1, auto_upload_account_type=null, sync_on_battery=1, sync_picasa_on_wifi_only=1, auto_upload_enabled=0, video_upload_wifi_only=1, sync_on_roaming=0, auto_upload_account_name=null}
06-08 15:03:46.820  5627  5627 D UploadsManager:    settings not changed
06-08 15:03:46.840  5627  5644 D PicasaSync: sync account database
06-08 15:03:46.871  5627  5644 D PicasaSync: accounts in DB=1
06-08 15:03:46.875  5627  5644 V PicasaContentProvider: querySettings: defaults: {sync_on_wifi_only=1, auto_upload_account_type=null, sync_on_battery=1, sync_picasa_on_wifi_only=1, auto_upload_enabled=0, video_upload_wifi_only=1, sync_on_roaming=0, auto_upload_account_name=null}
06-08 15:03:46.875  5627  5644 D PicasaSyncManager: active network: NetworkInfo: type: WIFI[], state: CONNECTED/CONNECTED, reason: (unspecified), extra: (none), roaming: false, failover: false, isAvailable: true
06-08 15:03:46.875  5627  5644 D PicasaSyncManager: background data: true
06-08 15:03:47.011   151   151 I ActivityManager: Start proc com.google.android.apps.uploader for broadcast com.google.android.apps.uploader/.ConnectivityBroadcastReceiver: pid=5647 uid=10031 gids={3003}
06-08 15:03:47.023  5647  5647 I dalvikvm: Turning on JNI app bug workarounds for target SDK version 11...
06-08 15:03:47.058  5627  5644 D PicasaSyncManager: battery info: false
06-08 15:03:47.090  5647  5647 I ActivityThread: Pub com.google.android.apps.uploader: com.google.android.apps.uploader.UploadsContentProvider
06-08 15:03:47.093  5647  5647 I ActivityThread: Pub com.google.photos.provider.Album: com.google.android.apps.uploader.clients.picasa.AlbumProvider
06-08 15:03:47.101  5647  5647 D MediaUploader: UploaderApplication.onCreate
06-08 15:03:47.297  5647  5647 D MediaUploader: nonWifiLimit=20971520, default=20971520
06-08 15:03:47.304  5647  5647 I MediaUploader: No need to wake up
06-08 15:03:47.312  2137  2137 I PhoneLab-WiFiReceiver: Wi-Fi is disconnected!
06-08 15:03:47.437   151  4679 D dalvikvm: GC_EXPLICIT freed 493K, 27% free 13790K/18695K, paused 4ms+6ms
06-08 15:03:47.472  5647  5647 I MediaUploader: No need to wake up
06-08 15:03:47.484  5627  5644 D PicasaSyncManager: active network: NetworkInfo: type: WIFI[], state: CONNECTED/CONNECTED, reason: (unspecified), extra: (none), roaming: false, failover: false, isAvailable: true
06-08 15:03:47.484  5627  5644 D PicasaSyncManager: background data: true
06-08 15:03:48.242   559   561 D dalvikvm: GC_CONCURRENT freed 370K, 12% free 10555K/11975K, paused 23ms+9ms
06-08 15:03:48.785   151   313 D ConnectivityService: handleInetConditionHoldEnd: net=1, condition=100, published condition=0
06-08 15:03:48.797   151   168 I ActivityManager: Start proc com.google.android.talk for broadcast com.google.android.talk/.ConnectionStateOnlineReceiver: pid=5670 uid=10047 gids={3003, 1015, 1006, 3002}
06-08 15:03:49.082  5670  5670 I ActivityThread: Pub com.google.android.talk.SuggestionProvider: com.google.android.talk.SuggestionsProvider
06-08 15:03:49.300  5670  5670 D vclib:CallStateClient: startListening
06-08 15:03:49.367  5670  5672 D dalvikvm: GC_CONCURRENT freed 173K, 3% free 9361K/9607K, paused 21ms+9ms
06-08 15:03:49.644   151   313 D ConnectivityService: ConnectivityChange for mobile: CONNECTED/CONNECTED
06-08 15:03:49.679   151   313 D ConnectivityService: ConnectivityChange for mobile: DISCONNECTED/DISCONNECTED
06-08 15:03:49.679   151   313 D ConnectivityService: Attempting to switch to WIFI
06-08 15:03:49.699   151   313 D NetUtils: android_net_utils_resetConnections in env=0x891dc0 clazz=0xb5f00001 iface=rmnet0 mask=0x3
06-08 15:03:49.699   151   313 D ConnectivityService: Attempting to switch to WIMAX
06-08 15:03:49.699   151   313 D ConnectivityService: Attempting to switch to BLUETOOTH_TETHER
06-08 15:03:49.699   151   313 D ConnectivityService: resetConnections(rmnet0, 3)
06-08 15:03:50.640   151   493 I ActivityManager: Process com.google.android.gm (pid 4689) has died.
06-08 15:03:50.675  2685  2685 W Settings: Setting location_providers_allowed has moved from android.provider.Settings.System to android.provider.Settings.Secure, returning read-only value.
06-08 15:03:53.511   151   316 D Tethering: MasterInitialState.processMessage what=3
06-08 15:03:53.539  5627  5644 D PicasaSyncManager: active network: NetworkInfo: type: WIFI[], state: CONNECTED/CONNECTED, reason: (unspecified), extra: (none), roaming: false, failover: false, isAvailable: true
06-08 15:03:53.543  5627  5644 D PicasaSyncManager: background data: true
06-08 15:03:53.554   151   316 D Tethering: MasterInitialState.processMessage what=3
06-08 15:03:53.574   559   561 D dalvikvm: GC_CONCURRENT freed 480K, 12% free 10560K/11975K, paused 2ms+15ms
06-08 15:03:53.601  5647  5647 I MediaUploader: No need to wake up
06-08 15:03:53.636  5647  5647 I MediaUploader: No need to wake up
06-08 15:03:53.644  5627  5644 D PicasaSyncManager: active network: NetworkInfo: type: WIFI[], state: CONNECTED/CONNECTED, reason: (unspecified), extra: (none), roaming: false, failover: false, isAvailable: true
06-08 15:03:53.644  5627  5644 D PicasaSyncManager: background data: true
06-08 15:03:54.004   151   313 D ConnectivityService: handleInetConditionHoldEnd: net=1, condition=100, published condition=100
06-08 15:04:00.226   151   153 D dalvikvm: GC_CONCURRENT freed 1005K, 26% free 13861K/18695K, paused 12ms+6ms
06-08 15:04:18.300  2137  2241 I PhoneLab-: Service Running
06-08 15:04:18.414  2137  2241 I PhoneLab-LoggerService: app_38    1301  1     1788   1344  c00f181c 400107b4 S logcat
06-08 15:04:18.414  2137  2241 I PhoneLab-LoggerService: Logcat pid from database 1301
06-08 15:04:18.414  2137  2241 I PhoneLab-LoggerService: Logcat process found 1301
06-08 15:04:18.414  2137  2241 I PhoneLab-LoggerService: Checking Threshold
06-08 15:04:35.804  2685  2687 D dalvikvm: GC_CONCURRENT freed 2533K, 16% free 19608K/23239K, paused 28ms+5ms
06-08 15:04:38.343   559  1658 D WifiLocator: Not enough positive cache hits compared to misses. Need server request. hasLocation=3 noLocation=0 cacheMiss=4
06-08 15:04:38.343   559  1658 D NetworkLocator: New location significantly newer than previous. Reporting it.
06-08 15:04:38.371   559   690 I System.out: [INFO:2600815]: LogSource: Running flush
06-08 15:04:38.375   559   692 I System.out: [INFO:2600822]: LogSource: Sending payload [bytes=473]
06-08 15:04:38.671   559   692 I System.out: [INFO:2601118]: LogSource: Response [http=200,length=296]
06-08 15:04:38.675   559   690 I System.out: [INFO:2601121]: LogSource: Read id 6, status code 200
06-08 15:04:38.711   559  1658 D WifiLocator: Too many no-location APs. Will not compute a location nor go to the server. hasLocation=0 noLocation=0 cacheMiss=0
06-08 15:05:10.773  4610  4611 D dalvikvm: GC_CONCURRENT freed 403K, 6% free 9066K/9543K, paused 22ms+4ms
06-08 15:05:22.246   559   561 D dalvikvm: GC_CONCURRENT freed 520K, 12% free 10553K/11975K, paused 2ms+3ms
06-08 15:06:06.695  2821  2823 D dalvikvm: GC_CONCURRENT freed 384K, 6% free 10235K/10823K, paused 13ms+2ms
06-08 15:06:07.234   470   473 D dalvikvm: GC_CONCURRENT freed 379K, 6% free 9527K/10119K, paused 7ms+3ms
06-08 15:06:13.507  2137  2241 I PhoneLab-: Service Running
06-08 15:06:13.578  2137  2241 I PhoneLab-LoggerService: app_38    1301  1     1788   1344  c00f181c 400107b4 S logcat
06-08 15:06:13.578  2137  2241 I PhoneLab-LoggerService: Logcat pid from database 1301
06-08 15:06:13.578  2137  2241 I PhoneLab-LoggerService: Logcat process found 1301
06-08 15:06:13.578  2137  2241 I PhoneLab-LoggerService: Checking Threshold
06-08 15:06:19.828   151   153 D dalvikvm: GC_CONCURRENT freed 1018K, 26% free 13928K/18695K, paused 19ms+6ms
06-08 15:06:53.554   559   561 D dalvikvm: GC_CONCURRENT freed 515K, 12% free 10549K/11975K, paused 2ms+3ms
06-08 15:07:09.054  4710  4712 D dalvikvm: GC_CONCURRENT freed 461K, 7% free 9332K/9927K, paused 11ms+3ms
06-08 15:08:17.168  2137  2241 I PhoneLab-: Service Running
06-08 15:08:17.234  2137  2241 I PhoneLab-LoggerService: app_38    1301  1     1788   1344  c00f181c 400107b4 S logcat
06-08 15:08:17.234  2137  2241 I PhoneLab-LoggerService: Logcat pid from database 1301
06-08 15:08:17.234  2137  2241 I PhoneLab-LoggerService: Logcat process found 1301
06-08 15:08:17.234  2137  2241 I PhoneLab-LoggerService: Checking Threshold
06-08 15:08:23.593   559   561 D dalvikvm: GC_CONCURRENT freed 510K, 12% free 10550K/11975K, paused 2ms+3ms
06-08 15:09:24.781   151   153 D dalvikvm: GC_CONCURRENT freed 1057K, 26% free 13973K/18695K, paused 19ms+7ms
06-08 15:09:53.621   559  1658 D WifiLocator: Not enough positive cache hits compared to misses. Need server request. hasLocation=3 noLocation=0 cacheMiss=7
06-08 15:09:53.621   559  1658 D NetworkLocator: Not reporting location since the new location has worse accuracy than the previous one.
06-08 15:09:53.648   559   690 I System.out: [INFO:2916093]: LogSource: Running flush
06-08 15:09:53.648   559   691 I System.out: [INFO:2916095]: LogSource: Sending payload [bytes=502]
06-08 15:09:53.863   559   561 D dalvikvm: GC_CONCURRENT freed 405K, 12% free 10575K/11975K, paused 2ms+7ms
06-08 15:09:54.109   559   691 I System.out: [INFO:2916551]: LogSource: Response [http=200,length=351]
06-08 15:09:54.113   559   690 I System.out: [INFO:2916561]: LogSource: Read id 7, status code 200
06-08 15:10:05.695  2821  2823 D dalvikvm: GC_CONCURRENT freed 363K, 6% free 10256K/10823K, paused 12ms+2ms
06-08 15:10:18.011  2137  2241 I PhoneLab-: Service Running
06-08 15:10:18.046  2137  2241 I PhoneLab-LoggerService: app_38    1301  1     1788   1344  c00f181c 400107b4 S logcat
06-08 15:10:18.046  2137  2241 I PhoneLab-LoggerService: Logcat pid from database 1301
06-08 15:10:18.046  2137  2241 I PhoneLab-LoggerService: Logcat process found 1301
06-08 15:10:18.046  2137  2241 I PhoneLab-LoggerService: Checking Threshold
06-08 15:10:38.742   559   561 D dalvikvm: GC_CONCURRENT freed 523K, 12% free 10570K/11975K, paused 3ms+3ms
06-08 15:11:49.796   389   397 I dalvikvm: Jit: resizing JitTable from 4096 to 8192
06-08 15:12:08.828   559   561 D dalvikvm: GC_CONCURRENT freed 513K, 12% free 10573K/11975K, paused 2ms+3ms
06-08 15:12:17.004  2137  2241 I PhoneLab-: Service Running
06-08 15:12:20.046  2137  2241 I PhoneLab-LoggerService: app_38    1301  1     1788   1344  c00f181c 400107b4 S logcat
06-08 15:12:20.050  2137  2241 I PhoneLab-LoggerService: Logcat pid from database 1301
06-08 15:12:20.050  2137  2241 I PhoneLab-LoggerService: Logcat process found 1301
06-08 15:12:20.050  2137  2241 I PhoneLab-LoggerService: Checking Threshold
06-08 15:12:42.070   151   153 D dalvikvm: GC_CONCURRENT freed 1120K, 26% free 13968K/18695K, paused 22ms+7ms
06-08 15:13:37.703  4723  4726 D dalvikvm: GC_CONCURRENT freed 368K, 6% free 9296K/9799K, paused 2ms+2ms
06-08 15:13:38.996   559   561 D dalvikvm: GC_CONCURRENT freed 510K, 12% free 10576K/11975K, paused 3ms+11ms
