06-21 04:32:45.117   453   453 I PhoneLab-StatusMonitorLocation: Learning Signal Strgth
06-21 04:32:45.117   453   453 I PhoneLab-Locks: wake lock acquired
06-21 04:32:45.121   281   585 D androidNetworkLocationListeners: Still have listener com.google.android.location.internal.client.NetworkLocationClient$1@413b06d0
06-21 04:32:45.128   281   585 D androidNetworkLocationListeners: Still have listener com.google.android.location.internal.client.NetworkLocationClient$1@413b06d0
06-21 04:32:45.136   453   453 I PhoneLab-StatusMonitorBattery: Battery_level: 83
06-21 04:32:45.140   453   453 I PhoneLab-Locks: wake lock released
06-21 04:32:45.144   453   453 I PhoneLab-StatusMonitorSignal: Signal_Strength: -65 asu: 24
06-21 04:32:45.144   453   453 I PhoneLab-Locks: wake lock released
06-21 04:32:46.449   453   453 I PhoneLab-StatusMonitorLocation: Location_Latitude: 42.9950183 Longitude: -78.6861948 Accuracy: 21.0
06-21 04:32:46.449   281   585 D androidNetworkLocationListeners: Still have listener com.google.android.location.internal.client.NetworkLocationClient$1@413b06d0
06-21 04:32:46.449   453   453 I PhoneLab-Locks: wake lock released
06-21 04:32:46.476   281   283 D dalvikvm: GC_CONCURRENT freed 494K, 6% free 10511K/11143K, paused 2ms+4ms
06-21 04:41:10.554   810   813 D dalvikvm: GC_CONCURRENT freed 544K, 21% free 11207K/14023K, paused 2ms+7ms
06-21 04:41:10.804   810  3684 W Gmail   : Successful index run, cancel next scheduled index run
06-21 04:42:45.113   453   453 I PhoneLab-Locks: wake lock acquired
06-21 04:42:45.179   453   453 I PhoneLab-StatusMonitor: Status Monitoring is started
06-21 04:42:45.238   453   455 D dalvikvm: GC_CONCURRENT freed 513K, 15% free 9240K/10823K, paused 2ms+6ms
06-21 04:42:45.273   453   453 I PhoneLab-StatusMonitor: Value: 10 - unit: min
06-21 04:42:45.273   453   453 I PhoneLab-StatusMonitor: Running interval: 600000
06-21 04:42:45.281   453   453 I PhoneLab-StatusMonitor: Rescheduling status monitoring...
06-21 04:42:45.281   453   453 I PhoneLab-Locks: wake lock released
06-21 04:45:11.023   453   453 I PhoneLab-StatusMonitorLocation: Learning Location
06-21 04:45:11.023   453   453 I PhoneLab-Locks: wake lock acquired
06-21 04:45:11.090   141   143 D dalvikvm: GC_CONCURRENT freed 1023K, 13% free 13867K/15815K, paused 19ms+20ms
06-21 04:45:11.113   453   453 I PhoneLab-Locks: wake lock acquired
06-21 04:45:11.117   453   453 I PhoneLab-StatusMonitorLocation: Learning Signal Strgth
06-21 04:45:11.117   453   453 I PhoneLab-Locks: wake lock acquired
06-21 04:45:11.117   281   585 D androidNetworkLocationListeners: Still have listener com.google.android.location.internal.client.NetworkLocationClient$1@413b06d0
06-21 04:45:11.129   281   585 D androidNetworkLocationListeners: Still have listener com.google.android.location.internal.client.NetworkLocationClient$1@413b06d0
06-21 04:45:11.140   453   453 I PhoneLab-StatusMonitorBattery: Battery_level: 83
06-21 04:45:11.140   453   453 I PhoneLab-Locks: wake lock released
06-21 04:45:11.144   453   453 I PhoneLab-StatusMonitorSignal: Signal_Strength: -65 asu: 24
06-21 04:45:11.144   453   453 I PhoneLab-Locks: wake lock released
06-21 04:45:11.160   453   455 D dalvikvm: GC_CONCURRENT freed 430K, 16% free 9199K/10823K, paused 7ms+2ms
06-21 04:45:12.414   281   585 D androidNetworkLocationListeners: Still have listener com.google.android.location.internal.client.NetworkLocationClient$1@413b06d0
06-21 04:45:12.414   453   453 I PhoneLab-StatusMonitorLocation: Location_Latitude: 42.995018 Longitude: -78.6861935 Accuracy: 21.0
06-21 04:45:12.418   453   453 I PhoneLab-Locks: wake lock released
06-21 04:45:12.445   281   283 D dalvikvm: GC_CONCURRENT freed 471K, 6% free 10506K/11143K, paused 2ms+3ms
06-21 04:52:30.039   453   453 I PhoneLab-Locks: wake lock acquired
06-21 04:52:30.066   453  3690 I PhoneLab-PeriodicCheckService: User info is synched
06-21 04:52:30.066   453  3690 I PhoneLab-PeriodicCheckService: Logger Service is running
06-21 04:52:30.093   281  1024 I EventLogService: Aggregate from 1340266949852 (log), 1340266949852 (data)
06-21 04:52:30.097   453  3690 I PhoneLab-Locks: wake lock acquired
06-21 04:52:30.097   453   453 I PhoneLab-UploadLogs: Transfering log files now
06-21 04:52:30.101   453   453 I PhoneLab-UploadLogs: No log files to transfer
06-21 04:52:30.101   453   453 I PhoneLab-Locks: wake lock released
06-21 04:52:30.101   453   453 I PhoneLab-UploadLogs: OnStartCommand
06-21 04:52:30.105   453  3690 I PhoneLab-PeriodicCheckService: Rescheduling periodic checking...
06-21 04:52:30.105   453  3690 I PhoneLab-Locks: wake lock released
06-21 04:52:45.297   453   453 I PhoneLab-Locks: wake lock acquired
06-21 04:52:45.328   453   453 I PhoneLab-StatusMonitor: Status Monitoring is started
06-21 04:52:45.386   453   455 D dalvikvm: GC_CONCURRENT freed 365K, 14% free 9344K/10823K, paused 1ms+2ms
06-21 04:52:45.386   453   453 I PhoneLab-StatusMonitor: Value: 10 - unit: min
06-21 04:52:45.386   453   453 I PhoneLab-StatusMonitor: Running interval: 600000
06-21 04:52:45.394   453   453 I PhoneLab-StatusMonitor: Rescheduling status monitoring...
06-21 04:52:45.394   453   453 I PhoneLab-Locks: wake lock released
06-21 04:54:39.043   453   453 I PhoneLab-StatusMonitorLocation: Learning Location
06-21 04:54:39.043   453   453 I PhoneLab-Locks: wake lock acquired
06-21 04:54:39.078   453   453 I PhoneLab-Locks: wake lock acquired
06-21 04:54:39.082   453   453 I PhoneLab-StatusMonitorLocation: Learning Signal Strgth
06-21 04:54:39.082   453   453 I PhoneLab-Locks: wake lock acquired
06-21 04:54:39.086   281   585 D androidNetworkLocationListeners: Still have listener com.google.android.location.internal.client.NetworkLocationClient$1@413b06d0
06-21 04:54:39.093   281   585 D androidNetworkLocationListeners: Still have listener com.google.android.location.internal.client.NetworkLocationClient$1@413b06d0
06-21 04:54:39.101   453   453 I PhoneLab-StatusMonitorBattery: Battery_level: 83
06-21 04:54:39.101   453   453 I PhoneLab-Locks: wake lock released
06-21 04:54:39.105   453   453 I PhoneLab-StatusMonitorSignal: Signal_Strength: -65 asu: 24
06-21 04:54:39.105   453   453 I PhoneLab-Locks: wake lock released
06-21 04:54:40.390   281   283 D dalvikvm: GC_CONCURRENT freed 509K, 6% free 10508K/11143K, paused 2ms+3ms
06-21 04:54:40.402   453   453 I PhoneLab-StatusMonitorLocation: Location_Latitude: 42.9950146 Longitude: -78.6861978 Accuracy: 21.0
06-21 04:54:40.402   281   585 D androidNetworkLocationListeners: Still have listener com.google.android.location.internal.client.NetworkLocationClient$1@413b06d0
06-21 04:54:40.402   453   453 I PhoneLab-Locks: wake lock released
06-21 05:02:45.136   679   681 D dalvikvm: GC_CONCURRENT freed 418K, 11% free 10436K/11719K, paused 13ms+3ms
06-21 05:02:45.394   453   453 I PhoneLab-Locks: wake lock acquired
06-21 05:02:45.398   453   453 I PhoneLab-StatusMonitor: Status Monitoring is started
06-21 05:02:45.449   453   455 D dalvikvm: GC_CONCURRENT freed 526K, 14% free 9329K/10823K, paused 1ms+2ms
06-21 05:02:45.449   453   453 I PhoneLab-StatusMonitor: Value: 10 - unit: min
06-21 05:02:45.449   453   453 I PhoneLab-StatusMonitor: Running interval: 600000
06-21 05:02:45.457   453   453 I PhoneLab-StatusMonitor: Rescheduling status monitoring...
06-21 05:02:45.457   453   453 I PhoneLab-Locks: wake lock released
06-21 05:02:45.461   453   453 I PhoneLab-StatusMonitorLocation: Learning Location
