07-18 10:58:01.457   141   784 D dalvikvm: GC_EXPLICIT freed 343K, 9% free 13131K/14407K, paused 3ms+5ms
07-18 10:58:01.711   274  1102 E TalkProvider: [TalkProvider] caught android.database.sqlite.SQLiteConstraintException: error code 19: constraint failed inserting message
07-18 10:58:01.895   274  1102 E TalkProvider: [TalkProvider] caught android.database.sqlite.SQLiteConstraintException: error code 19: constraint failed inserting message
07-18 10:58:02.234   274  1102 E TalkProvider: [TalkProvider] caught android.database.sqlite.SQLiteConstraintException: error code 19: constraint failed inserting message
07-18 10:58:02.434   274  1102 E TalkProvider: [TalkProvider] caught android.database.sqlite.SQLiteConstraintException: error code 19: constraint failed inserting message
07-18 10:58:02.805   274  1102 E TalkProvider: [TalkProvider] caught android.database.sqlite.SQLiteConstraintException: error code 19: constraint failed inserting message
07-18 10:58:03.113   274  1102 E TalkProvider: [TalkProvider] caught android.database.sqlite.SQLiteConstraintException: error code 19: constraint failed inserting message
07-18 10:58:03.188   274   276 D dalvikvm: GC_CONCURRENT freed 373K, 7% free 10285K/10951K, paused 2ms+8ms
07-18 10:58:03.504   274  1102 E TalkProvider: [TalkProvider] caught android.database.sqlite.SQLiteConstraintException: error code 19: constraint failed inserting message
07-18 10:58:03.809   274  1102 E TalkProvider: [TalkProvider] caught android.database.sqlite.SQLiteConstraintException: error code 19: constraint failed inserting message
07-18 10:58:03.969   274  1102 E TalkProvider: [TalkProvider] caught android.database.sqlite.SQLiteConstraintException: error code 19: constraint failed inserting message
07-18 10:58:04.160   274  1102 E TalkProvider: [TalkProvider] caught android.database.sqlite.SQLiteConstraintException: error code 19: constraint failed inserting message
07-18 10:58:04.516   274  1102 E TalkProvider: [TalkProvider] caught android.database.sqlite.SQLiteConstraintException: error code 19: constraint failed inserting message
07-18 10:58:04.746   766   768 D dalvikvm: GC_CONCURRENT freed 406K, 6% free 9510K/10055K, paused 2ms+3ms
07-18 10:58:04.777   274  1102 E TalkProvider: [TalkProvider] caught android.database.sqlite.SQLiteConstraintException: error code 19: constraint failed inserting message
07-18 10:58:05.004   274  1102 E TalkProvider: [TalkProvider] caught android.database.sqlite.SQLiteConstraintException: error code 19: constraint failed inserting message
07-18 10:58:05.324   274  1102 E TalkProvider: [TalkProvider] caught android.database.sqlite.SQLiteConstraintException: error code 19: constraint failed inserting message
07-18 10:58:05.719   274   276 D dalvikvm: GC_CONCURRENT freed 343K, 6% free 10337K/10951K, paused 4ms+4ms
07-18 10:58:05.828   141  1117 I AudioService:  AudioFocus  requestAudioFocus() from android.media.AudioManager@41562ad0
07-18 10:58:05.852    81   121 D AudioHardware: AudioHardware pcm playback is exiting standby.
07-18 10:58:05.852    81   121 D AudioHardware: openPcmOut_l() mPcmOpenCnt: 0
07-18 10:58:05.898   274  1102 E TalkProvider: [TalkProvider] caught android.database.sqlite.SQLiteConstraintException: error code 19: constraint failed inserting message
07-18 10:58:05.977   211   213 D dalvikvm: GC_CONCURRENT freed 394K, 9% free 9783K/10695K, paused 2ms+3ms
07-18 10:58:06.074   211   213 D dalvikvm: GC_CONCURRENT freed 312K, 8% free 9936K/10695K, paused 2ms+2ms
07-18 10:58:06.855   274  1102 E TalkProvider: [TalkProvider] caught android.database.sqlite.SQLiteConstraintException: error code 19: constraint failed inserting message
07-18 10:58:07.355   211   213 D dalvikvm: GC_CONCURRENT freed 340K, 7% free 10001K/10695K, paused 2ms+3ms
07-18 10:58:07.441   274  1102 E TalkProvider: [TalkProvider] caught android.database.sqlite.SQLiteConstraintException: error code 19: constraint failed inserting message
07-18 10:58:07.746   141  1117 I AudioService:  AudioFocus  abandonAudioFocus() from android.media.AudioManager@41562ad0
07-18 10:58:07.914   274  1102 E TalkProvider: [TalkProvider] caught android.database.sqlite.SQLiteConstraintException: error code 19: constraint failed inserting message
07-18 10:58:08.305   274  1102 E TalkProvider: [TalkProvider] caught android.database.sqlite.SQLiteConstraintException: error code 19: constraint failed inserting message
07-18 10:58:09.199   766   768 D dalvikvm: GC_CONCURRENT freed 406K, 6% free 9511K/10055K, paused 2ms+3ms
07-18 10:58:10.836    81   121 D AudioHardware: AudioHardware pcm playback is going to standby.
07-18 10:58:10.836    81   121 D AudioHardware: closePcmOut_l() mPcmOpenCnt: 1
07-18 10:58:17.711   766   768 D dalvikvm: GC_CONCURRENT freed 345K, 5% free 9576K/10055K, paused 2ms+3ms
07-18 10:58:18.418   766   768 D dalvikvm: GC_CONCURRENT freed 367K, 5% free 9615K/10119K, paused 2ms+4ms
07-18 10:58:19.105   766   768 D dalvikvm: GC_CONCURRENT freed 423K, 6% free 9625K/10183K, paused 2ms+5ms
07-18 10:58:20.301   766   768 D dalvikvm: GC_CONCURRENT freed 433K, 6% free 9616K/10183K, paused 2ms+3ms
07-18 10:58:21.648   766   768 D dalvikvm: GC_CONCURRENT freed 433K, 6% free 9613K/10183K, paused 4ms+6ms
07-18 10:58:26.227   766   768 D dalvikvm: GC_CONCURRENT freed 464K, 6% free 9583K/10183K, paused 3ms+2ms
07-18 10:58:26.930   766   768 D dalvikvm: GC_CONCURRENT freed 344K, 6% free 9623K/10183K, paused 5ms+7ms
07-18 10:58:27.957   766   768 D dalvikvm: GC_CONCURRENT freed 430K, 6% free 9617K/10183K, paused 6ms+2ms
07-18 10:58:30.523   766   768 D dalvikvm: GC_CONCURRENT freed 476K, 6% free 9573K/10183K, paused 2ms+3ms
07-18 10:58:30.977   141   168 I power   : *** set_screen_state 0
07-18 10:58:31.027    78   117 D SurfaceFlinger: About to give-up screen, flinger = 0xab4918
07-18 10:58:31.141   141   172 D dalvikvm: GC_FOR_ALLOC freed 418K, 8% free 13374K/14407K, paused 44ms
07-18 10:58:31.195   141   172 D dalvikvm: GC_FOR_ALLOC freed 31K, 8% free 13451K/14535K, paused 50ms
07-18 10:58:31.277   141   172 D dalvikvm: GC_FOR_ALLOC freed 23K, 8% free 13557K/14663K, paused 40ms
07-18 10:58:31.316   141   172 D dalvikvm: GC_FOR_ALLOC freed 1K, 8% free 13658K/14791K, paused 40ms
07-18 10:58:31.328   141   172 V TransportControlView: Create TCV com.android.internal.widget.TransportControlView@4177dc90
07-18 10:58:32.152   766   768 D dalvikvm: GC_CONCURRENT freed 359K, 6% free 9598K/10183K, paused 2ms+8ms
07-18 10:58:36.156   766   768 D dalvikvm: GC_CONCURRENT freed 472K, 6% free 9573K/10183K, paused 13ms+2ms
07-18 10:58:37.512   766   768 D dalvikvm: GC_CONCURRENT freed 372K, 6% free 9588K/10183K, paused 6ms+10ms
07-18 10:58:41.617   766   768 D dalvikvm: GC_CONCURRENT freed 414K, 7% free 9560K/10183K, paused 13ms+2ms
07-18 10:58:42.703   766   768 D dalvikvm: GC_CONCURRENT freed 338K, 6% free 9610K/10183K, paused 1ms+2ms
07-18 10:58:43.375   141   172 I power   : *** set_screen_state 1
07-18 10:58:43.480   141   172 I WindowManager: Lock screen displayed!
07-18 10:58:43.570    78   117 D SurfaceFlinger: Screen about to return, flinger = 0xab4918
07-18 10:58:43.727   766   768 D dalvikvm: GC_CONCURRENT freed 400K, 6% free 9647K/10183K, paused 2ms+5ms
07-18 10:58:45.422   211   211 D PhoneStatusBar: disable: < expand icons alerts ticker system_info BACK HOME recent* CLOCK >
07-18 10:58:45.438   211   211 D PhoneStatusBar: disable: < expand icons alerts ticker system_info back* home* recent clock* >
07-18 10:58:45.465    81   121 D AudioHardware: AudioHardware pcm playback is exiting standby.
07-18 10:58:45.465    81   121 D AudioHardware: openPcmOut_l() mPcmOpenCnt: 0
07-18 10:58:46.078   766   768 D dalvikvm: GC_CONCURRENT freed 417K, 6% free 9630K/10183K, paused 4ms+3ms
07-18 10:58:47.543   766   768 D dalvikvm: GC_CONCURRENT freed 428K, 6% free 9618K/10183K, paused 4ms+7ms
07-18 10:58:48.629    81   121 D AudioHardware: AudioHardware pcm playback is going to standby.
07-18 10:58:48.629    81   121 D AudioHardware: closePcmOut_l() mPcmOpenCnt: 1
07-18 10:58:49.590   766   768 D dalvikvm: GC_CONCURRENT freed 432K, 6% free 9616K/10183K, paused 2ms+3ms
07-18 10:58:50.242   766   768 D dalvikvm: GC_CONCURRENT freed 414K, 6% free 9631K/10183K, paused 4ms+8ms
07-18 10:58:52.027   766   768 D dalvikvm: GC_CONCURRENT freed 477K, 7% free 9570K/10183K, paused 5ms+10ms
07-18 10:58:53.684   766   768 D dalvikvm: GC_CONCURRENT freed 344K, 6% free 9611K/10183K, paused 5ms+3ms
07-18 10:58:56.102   766   768 D dalvikvm: GC_CONCURRENT freed 464K, 6% free 9583K/10183K, paused 9ms+3ms
07-18 10:58:58.160   766   768 D dalvikvm: GC_CONCURRENT freed 390K, 6% free 9578K/10183K, paused 3ms+6ms
07-18 10:59:00.246   766   768 D dalvikvm: GC_CONCURRENT freed 371K, 6% free 9593K/10183K, paused 2ms+3ms
07-18 10:59:01.234   766   768 D dalvikvm: GC_CONCURRENT freed 371K, 6% free 9606K/10183K, paused 3ms+6ms
07-18 10:59:02.328   766   768 D dalvikvm: GC_CONCURRENT freed 420K, 6% free 9626K/10183K, paused 2ms+3ms
07-18 10:59:03.750   766   768 D dalvikvm: GC_CONCURRENT freed 484K, 7% free 9563K/10183K, paused 2ms+3ms
07-18 10:59:03.918   766   768 D dalvikvm: GC_CONCURRENT freed 447K, 7% free 9506K/10183K, paused 1ms+3ms
07-18 10:59:04.059   766   768 D dalvikvm: GC_CONCURRENT freed 372K, 7% free 9525K/10183K, paused 1ms+4ms
07-18 10:59:04.199   766   768 D dalvikvm: GC_CONCURRENT freed 414K, 7% free 9503K/10183K, paused 1ms+3ms
07-18 10:59:04.332   766   768 D dalvikvm: GC_CONCURRENT freed 364K, 7% free 9535K/10183K, paused 3ms+2ms
07-18 10:59:04.488   766   768 D dalvikvm: GC_CONCURRENT freed 422K, 7% free 9506K/10183K, paused 2ms+2ms
07-18 10:59:04.633   766   768 D dalvikvm: GC_CONCURRENT freed 364K, 7% free 9540K/10183K, paused 2ms+2ms
07-18 10:59:04.777   766   768 D dalvikvm: GC_CONCURRENT freed 422K, 7% free 9517K/10183K, paused 2ms+2ms
07-18 10:59:04.918   766   768 D dalvikvm: GC_CONCURRENT freed 373K, 7% free 9532K/10183K, paused 2ms+2ms
07-18 10:59:05.195   766   768 D dalvikvm: GC_CONCURRENT freed 395K, 7% free 9523K/10183K, paused 2ms+2ms
07-18 10:59:05.754   766  1108 D dalvikvm: GC_EXPLICIT freed 43K, 7% free 9510K/10183K, paused 10ms+3ms
07-18 10:59:05.773   766  1108 I Gmail   : MainSyncRequestProto: lowestBkwdConvoId: 0, highestHandledServerOp: 4058556, normalSync: true
07-18 10:59:12.570   766   768 D dalvikvm: GC_CONCURRENT freed 324K, 6% free 9573K/10183K, paused 3ms+3ms
07-18 10:59:14.621   766   768 D dalvikvm: GC_CONCURRENT freed 392K, 7% free 9566K/10183K, paused 2ms+4ms
07-18 10:59:16.672   766   768 D dalvikvm: GC_CONCURRENT freed 418K, 7% free 9533K/10183K, paused 7ms+3ms
07-18 10:59:17.762   766   768 D dalvikvm: GC_CONCURRENT freed 348K, 7% free 9569K/10183K, paused 2ms+5ms
07-18 10:59:19.969   766   768 D dalvikvm: GC_CONCURRENT freed 393K, 7% free 9561K/10183K, paused 3ms+6ms
07-18 10:59:21.223   766   768 D dalvikvm: GC_CONCURRENT freed 361K, 6% free 9587K/10183K, paused 3ms+3ms
07-18 10:59:23.590   766   768 D dalvikvm: GC_CONCURRENT freed 397K, 6% free 9575K/10183K, paused 9ms+3ms
07-18 10:59:24.461   766   768 D dalvikvm: GC_CONCURRENT freed 375K, 6% free 9587K/10183K, paused 5ms+3ms
07-18 10:59:26.594   766   768 D dalvikvm: GC_CONCURRENT freed 433K, 7% free 9538K/10183K, paused 3ms+8ms
07-18 10:59:27.859   766   768 D dalvikvm: GC_CONCURRENT freed 357K, 7% free 9568K/10183K, paused 5ms+6ms
07-18 10:59:30.461   766   768 D dalvikvm: GC_CONCURRENT freed 364K, 6% free 9589K/10183K, paused 2ms+4ms
07-18 10:59:31.539   766   768 D dalvikvm: GC_CONCURRENT freed 399K, 6% free 9577K/10183K, paused 6ms+9ms
07-18 10:59:34.102   766   768 D dalvikvm: GC_CONCURRENT freed 429K, 7% free 9533K/10183K, paused 5ms+6ms
07-18 10:59:35.188   766   768 D dalvikvm: GC_CONCURRENT freed 376K, 7% free 9543K/10183K, paused 2ms+3ms
07-18 10:59:36.445   766   768 D dalvikvm: GC_CONCURRENT freed 369K, 7% free 9558K/10183K, paused 4ms+2ms
07-18 10:59:38.285   766   768 D dalvikvm: GC_CONCURRENT freed 362K, 6% free 9581K/10183K, paused 4ms+3ms
07-18 10:59:40.762   766   768 D dalvikvm: GC_CONCURRENT freed 428K, 7% free 9540K/10183K, paused 1ms+3ms
07-18 10:59:41.473   766   768 D dalvikvm: GC_CONCURRENT freed 331K, 6% free 9595K/10183K, paused 2ms+7ms
07-18 10:59:43.695   766   768 D dalvikvm: GC_CONCURRENT freed 451K, 6% free 9594K/10183K, paused 2ms+3ms
07-18 10:59:44.469   766   768 D dalvikvm: GC_CONCURRENT freed 377K, 6% free 9604K/10183K, paused 2ms+3ms
07-18 10:59:45.699   766   768 D dalvikvm: GC_CONCURRENT freed 448K, 6% free 9596K/10183K, paused 2ms+5ms
07-18 10:59:45.891   141   168 I power   : *** set_screen_state 0
07-18 10:59:45.941    78   117 D SurfaceFlinger: About to give-up screen, flinger = 0xab4918
07-18 10:59:45.992   141   169 D dalvikvm: GC_FOR_ALLOC freed 1010K, 12% free 13247K/14919K, paused 62ms
07-18 10:59:46.082   917  1041 D IOCollector: Waiting for the ScannerThread to start.
07-18 10:59:46.090   917  1130 D IOCollector: Real collector stared with config: Scanner types: [128, 16, 64]; Dest: MEMORY; ScanDuration: 10000, SensorDelay: {4=1}; Data path: null; Key path: null; View opted out WIFI APs: false
07-18 10:59:46.102   917  1130 D IOCollector: J started.
07-18 10:59:46.160   211   211 D dalvikvm: GC_FOR_ALLOC freed 341K, 7% free 10009K/10695K, paused 15ms
07-18 10:59:46.160   211   211 I dalvikvm-heap: Grow heap (frag case) to 10.021MB for 186256-byte allocation
07-18 10:59:46.180   211   211 D dalvikvm: GC_FOR_ALLOC freed 49K, 7% free 10141K/10887K, paused 18ms
07-18 10:59:46.215   211   211 D dalvikvm: GC_FOR_ALLOC freed 349K, 9% free 9959K/10887K, paused 16ms
07-18 10:59:46.250   917  1130 D IOCollector: aq started.
07-18 10:59:46.262   917  1130 D IOCollector: F started.
07-18 10:59:46.262   211   213 D dalvikvm: GC_CONCURRENT freed 420K, 9% free 9959K/10887K, paused 2ms+3ms
07-18 10:59:46.270   917  1130 D IOCollector: RealCollector started.
07-18 10:59:46.395   211   213 D dalvikvm: GC_CONCURRENT freed 374K, 9% free 9973K/10887K, paused 1ms+3ms
07-18 10:59:46.934   459  1052 I PhoneLab-: Service Running
07-18 10:59:47.035   459  1052 I PhoneLab-LoggerService: app_38    1055  459   1428   1060  c00f181c 400107b4 S logcat
07-18 10:59:47.035   459  1052 I PhoneLab-LoggerService: Logcat pid from database 1055
07-18 10:59:47.039   459  1052 I PhoneLab-LoggerService: Logcat process found 1055
07-18 10:59:47.039   459  1052 I PhoneLab-LoggerService: Checking Threshold
07-18 10:59:47.039   459  1052 I PhoneLab-LoggerService: Starting to rename files
07-18 10:59:47.039   459  1052 I PhoneLab-LoggerService: Files found .. 2
07-18 10:59:47.039   459  1052 I PhoneLab-LoggerService: File 1 log.out.1
07-18 10:59:47.055   459  1052 I PhoneLab-LoggerService: Renamed successfully
07-18 10:59:47.512   766   768 D dalvikvm: GC_CONCURRENT freed 448K, 6% free 9598K/10183K, paused 3ms+3ms
07-18 10:59:50.219   766   768 D dalvikvm: GC_CONCURRENT freed 456K, 6% free 9591K/10183K, paused 2ms+3ms
07-18 10:59:50.293   766  1108 D dalvikvm: GC_FOR_ALLOC freed 80K, 7% free 9568K/10183K, paused 18ms
07-18 10:59:50.293   766  1108 I dalvikvm-heap: Grow heap (frag case) to 9.487MB for 72876-byte allocation
07-18 10:59:50.324   766  1108 D dalvikvm: GC_FOR_ALLOC freed 7K, 7% free 9631K/10311K, paused 19ms
07-18 10:59:50.344   766  1108 D dalvikvm: GC_FOR_ALLOC freed 39K, 7% free 9630K/10311K, paused 17ms
07-18 10:59:50.344   766  1108 I dalvikvm-heap: Grow heap (frag case) to 9.548MB for 72768-byte allocation
07-18 10:59:50.363   766  1108 D dalvikvm: GC_FOR_ALLOC freed 35K, 8% free 9666K/10439K, paused 16ms
07-18 10:59:50.793   766   768 D dalvikvm: GC_CONCURRENT freed 471K, 9% free 9586K/10439K, paused 2ms+3ms
07-18 10:59:50.977   141   172 D dalvikvm: GC_FOR_ALLOC freed 869K, 13% free 13093K/14919K, paused 47ms
07-18 10:59:50.984   141   172 V TransportControlView: Create TCV com.android.internal.widget.TransportControlView@415efba8
07-18 10:59:51.035   211   211 D PhoneStatusBar: disable: < expand icons alerts ticker system_info back home RECENT* clock >
07-18 10:59:51.043   211   211 D PhoneStatusBar: disable: < expand icons alerts ticker system_info BACK* HOME* RECENT CLOCK* >
07-18 10:59:51.305   766   768 D dalvikvm: GC_CONCURRENT freed 365K, 8% free 9617K/10439K, paused 2ms+3ms
07-18 10:59:51.359   766  1108 D dalvikvm: GC_FOR_ALLOC freed 101K, 8% free 9706K/10439K, paused 15ms
07-18 10:59:51.359   766  1108 I dalvikvm-heap: Grow heap (frag case) to 9.671MB for 124310-byte allocation
07-18 10:59:51.375   766  1108 D dalvikvm: GC_FOR_ALLOC freed 60K, 8% free 9767K/10567K, paused 15ms
07-18 10:59:51.543   766  1108 D dalvikvm: GC_FOR_ALLOC freed 388K, 10% free 9599K/10567K, paused 51ms
07-18 10:59:51.598   766  1108 D dalvikvm: GC_FOR_ALLOC freed 141K, 8% free 9778K/10567K, paused 21ms
07-18 10:59:51.906   766  1108 D dalvikvm: GC_FOR_ALLOC freed 539K, 10% free 9569K/10567K, paused 33ms
07-18 10:59:52.277   766   768 D dalvikvm: GC_CONCURRENT freed 337K, 9% free 9620K/10567K, paused 2ms+3ms
07-18 10:59:52.871   766   768 D dalvikvm: GC_CONCURRENT freed 405K, 10% free 9609K/10567K, paused 3ms+15ms
07-18 10:59:53.102   766   768 D dalvikvm: GC_CONCURRENT freed 460K, 10% free 9559K/10567K, paused 2ms+3ms
07-18 10:59:53.328   766   768 D dalvikvm: GC_CONCURRENT freed 314K, 9% free 9691K/10567K, paused 2ms+2ms
07-18 10:59:53.391   766  1108 D dalvikvm: GC_FOR_ALLOC freed 413K, 10% free 9565K/10567K, paused 16ms
07-18 10:59:53.742   766   768 D dalvikvm: GC_CONCURRENT freed 379K, 10% free 9572K/10567K, paused 2ms+2ms
07-18 10:59:53.910   917   919 D dalvikvm: GC_CONCURRENT freed 198K, 4% free 10433K/10759K, paused 3ms+2ms
07-18 10:59:53.992   766   768 D dalvikvm: GC_CONCURRENT freed 410K, 10% free 9549K/10567K, paused 2ms+2ms
07-18 10:59:54.410   141   172 I power   : *** set_screen_state 1
07-18 10:59:54.531   917  1130 D IOCollector: J stopped.
07-18 10:59:54.535   141   172 I WindowManager: Lock screen displayed!
07-18 10:59:54.586   766   768 D dalvikvm: GC_CONCURRENT freed 364K, 9% free 9635K/10567K, paused 3ms+3ms
07-18 10:59:54.645   766  1108 D dalvikvm: GC_FOR_ALLOC freed 173K, 8% free 9786K/10567K, paused 16ms
07-18 10:59:54.648    78   117 D SurfaceFlinger: Screen about to return, flinger = 0xab4918
07-18 10:59:54.727   917  1130 D IOCollector: aq stopped.
07-18 10:59:54.738   917  1130 D IOCollector: All scanner finished.
07-18 10:59:54.742   211   211 D dalvikvm: GC_FOR_ALLOC freed 237K, 9% free 9952K/10887K, paused 26ms
07-18 10:59:54.773   917  1130 D IOCollector: F stopped.
07-18 10:59:54.781   917  1130 D IOCollector: F has been stopped before. Skipping
07-18 10:59:54.793   211   211 D dalvikvm: GC_FOR_ALLOC freed 315K, 9% free 9948K/10887K, paused 18ms
07-18 10:59:54.895   211   213 D dalvikvm: GC_CONCURRENT freed 393K, 8% free 10037K/10887K, paused 4ms+5ms
07-18 10:59:55.117   917  1130 D IOCollector: SignalCollector.ScannerThread is quiting.
07-18 10:59:55.270   917   919 D dalvikvm: GC_CONCURRENT freed 593K, 7% free 10411K/11079K, paused 2ms+4ms
07-18 10:59:56.281   766   768 D dalvikvm: GC_CONCURRENT freed 583K, 10% free 9594K/10567K, paused 2ms+6ms
07-18 10:59:57.973   766   768 D dalvikvm: GC_CONCURRENT freed 345K, 9% free 9634K/10567K, paused 3ms+2ms
07-18 10:59:59.262   766  1108 D dalvikvm: GC_EXPLICIT freed 377K, 10% free 9563K/10567K, paused 3ms+3ms
07-18 10:59:59.316   766  1108 I Gmail   : MainSyncRequestProto: lowestBkwdConvoId: 0, highestHandledServerOp: 4074385, normalSync: true
07-18 11:00:01.508   766   768 D dalvikvm: GC_CONCURRENT freed 379K, 10% free 9569K/10567K, paused 4ms+3ms
07-18 11:00:02.211   766   768 D dalvikvm: GC_CONCURRENT freed 375K, 10% free 9582K/10567K, paused 2ms+4ms
07-18 11:00:04.492   766   768 D dalvikvm: GC_CONCURRENT freed 378K, 10% free 9606K/10567K, paused 2ms+3ms
07-18 11:00:04.863   766   768 D dalvikvm: GC_CONCURRENT freed 408K, 10% free 9582K/10567K, paused 2ms+2ms
07-18 11:00:04.895   141   168 I power   : *** set_screen_state 0
07-18 11:00:04.953    78   117 D SurfaceFlinger: About to give-up screen, flinger = 0xab4918
07-18 11:00:04.992   141   172 V TransportControlView: Create TCV com.android.internal.widget.TransportControlView@415650e8
07-18 11:00:06.473   766   768 D dalvikvm: GC_CONCURRENT freed 250K, 7% free 9843K/10567K, paused 1ms+3ms
07-18 11:00:06.863   766   768 D dalvikvm: GC_CONCURRENT freed 592K, 9% free 9638K/10567K, paused 4ms+5ms
07-18 11:00:06.910   766  1108 D dalvikvm: GC_FOR_ALLOC freed 107K, 8% free 9742K/10567K, paused 15ms
07-18 11:00:06.926   766  1108 D dalvikvm: GC_FOR_ALLOC freed 69K, 8% free 9812K/10567K, paused 14ms
07-18 11:00:06.926   766  1108 I dalvikvm-heap: Grow heap (frag case) to 9.724MB for 71378-byte allocation
07-18 11:00:06.941   766  1108 D dalvikvm: GC_FOR_ALLOC freed 139K, 9% free 9742K/10695K, paused 15ms
07-18 11:00:07.332   766  1108 D dalvikvm: GC_EXPLICIT freed 343K, 11% free 9544K/10695K, paused 15ms+2ms
07-18 11:00:07.359   766  1108 I Gmail   : MainSyncRequestProto: lowestBkwdConvoId: 0, highestHandledServerOp: 4075595, normalSync: true
07-18 11:00:07.445   141   143 D dalvikvm: GC_CONCURRENT freed 603K, 11% free 13387K/14919K, paused 3ms+5ms
07-18 11:00:11.551   766   768 D dalvikvm: GC_CONCURRENT freed 372K, 11% free 9557K/10695K, paused 6ms+4ms
07-18 11:00:13.758   141   172 I power   : *** set_screen_state 1
07-18 11:00:13.855   141   172 I WindowManager: Lock screen displayed!
07-18 11:00:13.977    78   117 D SurfaceFlinger: Screen about to return, flinger = 0xab4918
07-18 11:00:15.613   766   768 D dalvikvm: GC_CONCURRENT freed 370K, 11% free 9572K/10695K, paused 2ms+3ms
07-18 11:00:16.758   766   768 D dalvikvm: GC_CONCURRENT freed 385K, 11% free 9573K/10695K, paused 6ms+6ms
07-18 11:00:17.754   766   768 D dalvikvm: GC_CONCURRENT freed 370K, 11% free 9587K/10695K, paused 2ms+3ms
07-18 11:00:18.445   766   768 D dalvikvm: GC_CONCURRENT freed 375K, 11% free 9598K/10695K, paused 2ms+4ms
07-18 11:00:21.750   766   768 D dalvikvm: GC_CONCURRENT freed 395K, 11% free 9587K/10695K, paused 2ms+3ms
07-18 11:00:23.047   766   768 D dalvikvm: GC_CONCURRENT freed 398K, 11% free 9577K/10695K, paused 3ms+6ms
07-18 11:00:24.258   141   168 I power   : *** set_screen_state 0
07-18 11:00:24.313    78   117 D SurfaceFlinger: About to give-up screen, flinger = 0xab4918
07-18 11:00:24.465   141   172 D dalvikvm: GC_FOR_ALLOC freed 326K, 9% free 13688K/14919K, paused 40ms
07-18 11:00:24.516   141   172 D dalvikvm: GC_FOR_ALLOC freed 12K, 8% free 13780K/14919K, paused 45ms
07-18 11:00:24.523   141   172 V TransportControlView: Create TCV com.android.internal.widget.TransportControlView@415ecad8
07-18 11:00:24.551   917  1041 D IOCollector: Waiting for the ScannerThread to start.
07-18 11:00:24.555   917  1134 D IOCollector: Real collector stared with config: Scanner types: [128, 16, 64]; Dest: MEMORY; ScanDuration: 10000, SensorDelay: {4=1}; Data path: null; Key path: null; View opted out WIFI APs: false
07-18 11:00:24.586   917  1134 D IOCollector: J started.
07-18 11:00:24.652   211   211 D dalvikvm: GC_FOR_ALLOC freed 349K, 9% free 9969K/10887K, paused 20ms
07-18 11:00:24.680   211   211 D dalvikvm: GC_FOR_ALLOC freed 190K, 9% free 9957K/10887K, paused 17ms
07-18 11:00:24.691   917  1134 D IOCollector: aq started.
07-18 11:00:24.691   917  1134 D IOCollector: F started.
07-18 11:00:24.691   917  1134 D IOCollector: RealCollector started.
07-18 11:00:24.727   211   213 D dalvikvm: GC_CONCURRENT freed 399K, 9% free 9957K/10887K, paused 2ms+2ms
07-18 11:00:24.887   211   211 D dalvikvm: GC_FOR_ALLOC freed 355K, 9% free 9956K/10887K, paused 16ms
07-18 11:00:24.941   766   768 D dalvikvm: GC_CONCURRENT freed 374K, 11% free 9588K/10695K, paused 2ms+2ms
07-18 11:00:25.648   766   768 D dalvikvm: GC_CONCURRENT freed 342K, 10% free 9631K/10695K, paused 6ms+4ms
07-18 11:00:26.316   766   768 D dalvikvm: GC_CONCURRENT freed 408K, 11% free 9612K/10695K, paused 3ms+6ms
07-18 11:00:26.914   917   919 D dalvikvm: GC_CONCURRENT freed 215K, 5% free 10598K/11079K, paused 3ms+6ms
07-18 11:00:29.227   766   768 D dalvikvm: GC_CONCURRENT freed 436K, 11% free 9563K/10695K, paused 3ms+5ms
07-18 11:00:32.234   766   768 D dalvikvm: GC_CONCURRENT freed 397K, 11% free 9550K/10695K, paused 21ms+2ms
07-18 11:00:34.016   766   768 D dalvikvm: GC_CONCURRENT freed 347K, 11% free 9589K/10695K, paused 2ms+2ms
07-18 11:00:34.609   917   917 D IOCollector: J stopped.
07-18 11:00:34.637   917   917 D IOCollector: aq stopped.
07-18 11:00:34.637   917   917 D IOCollector: All scanner finished.
07-18 11:00:34.637   917   917 D IOCollector: F stopped.
07-18 11:00:34.641   141   141 W ActivityManager: finishReceiver called but no pending broadcasts
07-18 11:00:34.730   917   919 D dalvikvm: GC_CONCURRENT freed 539K, 6% free 10516K/11143K, paused 3ms+2ms
07-18 11:00:34.805   211   211 D dalvikvm: GC_FOR_ALLOC freed 211K, 9% free 9952K/10887K, paused 15ms
07-18 11:00:34.832   211   211 D dalvikvm: GC_FOR_ALLOC freed 181K, 9% free 9949K/10887K, paused 18ms
07-18 11:00:34.852   211   211 D dalvikvm: GC_FOR_ALLOC freed 159K, 9% free 9949K/10887K, paused 14ms
07-18 11:00:34.910   211   211 D dalvikvm: GC_FOR_ALLOC freed 349K, 9% free 9949K/10887K, paused 16ms
07-18 11:00:34.922   917  1134 D dalvikvm: GC_FOR_ALLOC freed 114K, 6% free 10523K/11143K, paused 102ms
07-18 11:00:34.977   917  1134 D dalvikvm: GC_FOR_ALLOC freed 38K, 6% free 10544K/11143K, paused 51ms
07-18 11:00:35.008   917  1134 D dalvikvm: GC_FOR_ALLOC freed 7K, 6% free 10551K/11143K, paused 33ms
07-18 11:00:35.012   917  1134 I dalvikvm-heap: Grow heap (frag case) to 10.406MB for 30714-byte allocation
07-18 11:00:35.039   917  1134 D dalvikvm: GC_FOR_ALLOC freed 56K, 7% free 10525K/11207K, paused 30ms
07-18 11:00:35.059   917  1134 D IOCollector: SignalCollector.ScannerThread is quiting.
07-18 11:00:35.156   917   919 D dalvikvm: GC_CONCURRENT freed 469K, 6% free 10568K/11207K, paused 2ms+3ms
07-18 11:00:35.203   917   924 I dalvikvm: Total arena pages for JIT: 18
07-18 11:00:37.762   766   768 D dalvikvm: GC_CONCURRENT freed 403K, 11% free 9571K/10695K, paused 12ms+2ms
07-18 11:00:38.926   766   768 D dalvikvm: GC_CONCURRENT freed 387K, 11% free 9574K/10695K, paused 4ms+5ms
07-18 11:00:42.648   766   768 D dalvikvm: GC_CONCURRENT freed 404K, 11% free 9555K/10695K, paused 13ms+2ms
07-18 11:00:45.457   766   768 D dalvikvm: GC_CONCURRENT freed 356K, 11% free 9585K/10695K, paused 13ms+2ms
07-18 11:00:48.988   766   768 D dalvikvm: GC_CONCURRENT freed 415K, 11% free 9554K/10695K, paused 12ms+2ms
07-18 11:00:49.508   766   768 D dalvikvm: GC_CONCURRENT freed 324K, 11% free 9617K/10695K, paused 2ms+3ms
07-18 11:00:50.039   766   768 D dalvikvm: GC_CONCURRENT freed 390K, 11% free 9612K/10695K, paused 7ms+3ms
07-18 11:00:52.551   766   768 D dalvikvm: GC_CONCURRENT freed 441K, 11% free 9556K/10695K, paused 2ms+2ms
07-18 11:00:56.801   766   768 D dalvikvm: GC_CONCURRENT freed 367K, 11% free 9574K/10695K, paused 7ms+2ms
07-18 11:00:58.844   766   768 D dalvikvm: GC_CONCURRENT freed 394K, 11% free 9594K/10695K, paused 2ms+3ms
07-18 11:00:59.152   766   768 D dalvikvm: GC_CONCURRENT freed 424K, 11% free 9560K/10695K, paused 1ms+2ms
07-18 11:00:59.391   766   768 D dalvikvm: GC_CONCURRENT freed 385K, 11% free 9571K/10695K, paused 2ms+2ms
07-18 11:00:59.918   766   768 D dalvikvm: GC_CONCURRENT freed 364K, 11% free 9592K/10695K, paused 4ms+5ms
07-18 11:01:00.195   766   768 D dalvikvm: GC_CONCURRENT freed 387K, 11% free 9598K/10695K, paused 1ms+5ms
07-18 11:01:00.402   766   768 D dalvikvm: GC_CONCURRENT freed 431K, 11% free 9564K/10695K, paused 1ms+2ms
07-18 11:01:00.641   766   768 D dalvikvm: GC_CONCURRENT freed 392K, 11% free 9568K/10695K, paused 2ms+3ms
07-18 11:01:00.805   766   768 D dalvikvm: GC_CONCURRENT freed 254K, 10% free 9710K/10695K, paused 3ms+5ms
07-18 11:01:00.852   766  1108 D dalvikvm: GC_FOR_ALLOC freed 238K, 10% free 9690K/10695K, paused 15ms
07-18 11:01:01.023   766   768 D dalvikvm: GC_CONCURRENT freed 410K, 9% free 9739K/10695K, paused 1ms+2ms
07-18 11:01:01.340   766   768 D dalvikvm: GC_CONCURRENT freed 559K, 11% free 9575K/10695K, paused 2ms+2ms
07-18 11:01:01.785   766   768 D dalvikvm: GC_CONCURRENT freed 395K, 11% free 9569K/10695K, paused 7ms+3ms
07-18 11:01:02.227   766   768 D dalvikvm: GC_CONCURRENT freed 378K, 11% free 9588K/10695K, paused 1ms+3ms
07-18 11:01:02.770   766   768 D dalvikvm: GC_CONCURRENT freed 390K, 11% free 9586K/10695K, paused 1ms+3ms
07-18 11:01:03.645   766   768 D dalvikvm: GC_CONCURRENT freed 353K, 11% free 9622K/10695K, paused 2ms+3ms
07-18 11:01:04.363   766   768 D dalvikvm: GC_CONCURRENT freed 405K, 11% free 9615K/10695K, paused 2ms+2ms
07-18 11:01:05.559   766  1108 D dalvikvm: GC_EXPLICIT freed 367K, 11% free 9548K/10695K, paused 15ms+3ms
07-18 11:01:05.594   766  1108 I Gmail   : MainSyncRequestProto: lowestBkwdConvoId: 0, highestHandledServerOp: 4092976, normalSync: true
07-18 11:01:14.773   766   768 D dalvikvm: GC_CONCURRENT freed 380K, 11% free 9554K/10695K, paused 13ms+2ms
07-18 11:01:17.797   766   768 D dalvikvm: GC_CONCURRENT freed 381K, 11% free 9558K/10695K, paused 12ms+2ms
07-18 11:01:19.512   766   768 D dalvikvm: GC_CONCURRENT freed 397K, 11% free 9548K/10695K, paused 7ms+2ms
07-18 11:01:23.395   766   768 D dalvikvm: GC_CONCURRENT freed 381K, 11% free 9552K/10695K, paused 13ms+2ms
07-18 11:01:25.246   766   768 D dalvikvm: GC_CONCURRENT freed 340K, 11% free 9596K/10695K, paused 3ms+5ms
07-18 11:01:28.527   766   768 D dalvikvm: GC_CONCURRENT freed 432K, 11% free 9549K/10695K, paused 12ms+2ms
07-18 11:01:31.875   766   768 D dalvikvm: GC_CONCURRENT freed 366K, 11% free 9574K/10695K, paused 2ms+3ms
07-18 11:01:33.336   766   768 D dalvikvm: GC_CONCURRENT freed 386K, 11% free 9575K/10695K, paused 7ms+2ms
07-18 11:01:34.445   766   768 D dalvikvm: GC_CONCURRENT freed 368K, 11% free 9598K/10695K, paused 3ms+5ms
07-18 11:01:35.527   766   768 D dalvikvm: GC_CONCURRENT freed 379K, 11% free 9604K/10695K, paused 6ms+2ms
07-18 11:01:38.539   766   768 D dalvikvm: GC_CONCURRENT freed 398K, 11% free 9591K/10695K, paused 2ms+3ms
07-18 11:01:39.621   766   768 D dalvikvm: GC_CONCURRENT freed 380K, 11% free 9596K/10695K, paused 2ms+3ms
07-18 11:01:42.996   766   768 D dalvikvm: GC_CONCURRENT freed 399K, 11% free 9581K/10695K, paused 12ms+2ms
07-18 11:01:45.922   766   768 D dalvikvm: GC_CONCURRENT freed 412K, 11% free 9555K/10695K, paused 12ms+2ms
07-18 11:01:46.859   766   768 D dalvikvm: GC_CONCURRENT freed 341K, 11% free 9602K/10695K, paused 2ms+3ms
07-18 11:01:46.930   459  1052 I PhoneLab-: Service Running
07-18 11:01:46.965   459  1052 I PhoneLab-LoggerService: app_38    1055  459   1428   1060  c00f181c 400107b4 S logcat
07-18 11:01:46.969   459  1052 I PhoneLab-LoggerService: Logcat pid from database 1055
07-18 11:01:46.969   459  1052 I PhoneLab-LoggerService: Logcat process found 1055
07-18 11:01:46.969   459  1052 I PhoneLab-LoggerService: Checking Threshold
07-18 11:01:46.969   459  1052 I PhoneLab-LoggerService: Starting to rename files
07-18 11:01:46.969   459  1052 I PhoneLab-LoggerService: Files found .. 2
07-18 11:01:47.586   766   768 D dalvikvm: GC_CONCURRENT freed 366K, 11% free 9623K/10695K, paused 3ms+6ms
07-18 11:01:50.309   766   768 D dalvikvm: GC_CONCURRENT freed 443K, 11% free 9565K/10695K, paused 6ms+2ms
07-18 11:01:54.137   766   768 D dalvikvm: GC_CONCURRENT freed 396K, 11% free 9554K/10695K, paused 3ms+5ms
07-18 11:01:55.117   766   768 D dalvikvm: GC_CONCURRENT freed 344K, 11% free 9598K/10695K, paused 3ms+6ms
07-18 11:01:56.598   766   768 D dalvikvm: GC_CONCURRENT freed 386K, 11% free 9597K/10695K, paused 2ms+3ms
07-18 11:01:57.270   766   768 D dalvikvm: GC_CONCURRENT freed 382K, 11% free 9607K/10695K, paused 2ms+2ms
07-18 11:01:57.688   766   768 D dalvikvm: GC_CONCURRENT freed 373K, 10% free 9676K/10695K, paused 3ms+5ms
07-18 11:01:57.848   766   768 D dalvikvm: GC_CONCURRENT freed 380K, 10% free 9728K/10695K, paused 2ms+2ms
07-18 11:01:58.160   766   768 D dalvikvm: GC_CONCURRENT freed 432K, 10% free 9698K/10695K, paused 4ms+2ms
07-18 11:01:58.219   766  1108 D dalvikvm: GC_FOR_ALLOC freed 441K, 10% free 9629K/10695K, paused 15ms
07-18 11:01:58.563   766   768 D dalvikvm: GC_CONCURRENT freed 451K, 11% free 9572K/10695K, paused 3ms+5ms
07-18 11:01:58.832   766   768 D dalvikvm: GC_CONCURRENT freed 392K, 11% free 9581K/10695K, paused 2ms+5ms
07-18 11:01:59.121   766   768 D dalvikvm: GC_CONCURRENT freed 408K, 11% free 9558K/10695K, paused 3ms+5ms
07-18 11:01:59.430   766   768 D dalvikvm: GC_CONCURRENT freed 278K, 10% free 9689K/10695K, paused 3ms+4ms
07-18 11:01:59.895   766   768 D dalvikvm: GC_CONCURRENT freed 505K, 11% free 9575K/10695K, paused 6ms+2ms
07-18 11:02:00.203   766   768 D dalvikvm: GC_CONCURRENT freed 270K, 10% free 9692K/10695K, paused 3ms+5ms
07-18 11:02:00.328   766   773 I dalvikvm: Jit: resizing JitTable from 4096 to 8192
07-18 11:02:00.773   766   768 D dalvikvm: GC_CONCURRENT freed 364K, 9% free 9778K/10695K, paused 1ms+3ms
07-18 11:02:00.816   766  1108 D dalvikvm: GC_FOR_ALLOC freed 107K, 9% free 9743K/10695K, paused 16ms
07-18 11:02:00.816   766  1108 I dalvikvm-heap: Grow heap (frag case) to 9.726MB for 144404-byte allocation
07-18 11:02:00.832   766  1108 D dalvikvm: GC_FOR_ALLOC freed 70K, 10% free 9813K/10887K, paused 15ms
07-18 11:02:02.488   766   768 D dalvikvm: GC_CONCURRENT freed 595K, 12% free 9678K/10887K, paused 7ms+2ms
07-18 11:02:02.797   766   768 D dalvikvm: GC_CONCURRENT freed 503K, 13% free 9559K/10887K, paused 4ms+4ms
07-18 11:02:03.238   766   768 D dalvikvm: GC_CONCURRENT freed 375K, 12% free 9590K/10887K, paused 3ms+5ms
07-18 11:02:03.750   766   768 D dalvikvm: GC_CONCURRENT freed 432K, 13% free 9569K/10887K, paused 2ms+3ms
07-18 11:02:04.461   766   768 D dalvikvm: GC_CONCURRENT freed 348K, 12% free 9609K/10887K, paused 7ms+11ms
07-18 11:02:04.898   766   768 D dalvikvm: GC_CONCURRENT freed 331K, 11% free 9705K/10887K, paused 4ms+5ms
07-18 11:02:05.477   766   768 D dalvikvm: GC_CONCURRENT freed 446K, 12% free 9658K/10887K, paused 6ms+10ms
07-18 11:02:05.766   766   768 D dalvikvm: GC_CONCURRENT freed 456K, 12% free 9597K/10887K, paused 2ms+2ms
07-18 11:02:06.332   766   768 D dalvikvm: GC_CONCURRENT freed 411K, 13% free 9572K/10887K, paused 2ms+3ms
07-18 11:02:06.805   766  1108 D dalvikvm: GC_EXPLICIT freed 141K, 13% free 9533K/10887K, paused 16ms+3ms
07-18 11:02:06.848   766  1108 I Gmail   : MainSyncRequestProto: lowestBkwdConvoId: 0, highestHandledServerOp: 4110847, normalSync: true
07-18 11:02:12.980   766   768 D dalvikvm: GC_CONCURRENT freed 347K, 13% free 9572K/10887K, paused 2ms+3ms
07-18 11:02:13.867   766   768 D dalvikvm: GC_CONCURRENT freed 341K, 12% free 9615K/10887K, paused 2ms+6ms
07-18 11:02:18.074   766   768 D dalvikvm: GC_CONCURRENT freed 445K, 13% free 9556K/10887K, paused 12ms+2ms
07-18 11:02:19.699   766   768 D dalvikvm: GC_CONCURRENT freed 376K, 13% free 9563K/10887K, paused 2ms+2ms
07-18 11:02:21.461   766   768 D dalvikvm: GC_CONCURRENT freed 343K, 12% free 9608K/10887K, paused 7ms+3ms
07-18 11:02:22.641   766   768 D dalvikvm: GC_CONCURRENT freed 393K, 12% free 9601K/10887K, paused 3ms+5ms
07-18 11:02:26.344   766   768 D dalvikvm: GC_CONCURRENT freed 422K, 13% free 9565K/10887K, paused 3ms+5ms
07-18 11:02:28.711   766   768 D dalvikvm: GC_CONCURRENT freed 374K, 13% free 9577K/10887K, paused 2ms+3ms
07-18 11:02:30.164   766   768 D dalvikvm: GC_CONCURRENT freed 386K, 13% free 9577K/10887K, paused 6ms+2ms
07-18 11:02:34.105   766   768 D dalvikvm: GC_CONCURRENT freed 392K, 13% free 9572K/10887K, paused 3ms+5ms
07-18 11:02:35.898   766   768 D dalvikvm: GC_CONCURRENT freed 353K, 12% free 9604K/10887K, paused 12ms+2ms
07-18 11:02:37.273   766   768 D dalvikvm: GC_CONCURRENT freed 417K, 13% free 9572K/10887K, paused 3ms+6ms
07-18 11:02:39.059   766   768 D dalvikvm: GC_CONCURRENT freed 365K, 12% free 9595K/10887K, paused 2ms+3ms
07-18 11:02:40.473   766   768 D dalvikvm: GC_CONCURRENT freed 407K, 13% free 9573K/10887K, paused 7ms+2ms
07-18 11:02:42.594   766   768 D dalvikvm: GC_CONCURRENT freed 399K, 13% free 9559K/10887K, paused 12ms+2ms
07-18 11:02:45.422   766   768 D dalvikvm: GC_CONCURRENT freed 382K, 13% free 9563K/10887K, paused 7ms+2ms
07-18 11:02:47.863   766   768 D dalvikvm: GC_CONCURRENT freed 386K, 13% free 9563K/10887K, paused 12ms+2ms
07-18 11:02:49.387   766   768 D dalvikvm: GC_CONCURRENT freed 375K, 13% free 9573K/10887K, paused 6ms+12ms
07-18 11:02:52.102   766   768 D dalvikvm: GC_CONCURRENT freed 358K, 12% free 9606K/10887K, paused 2ms+5ms
07-18 11:02:52.535   766   768 D dalvikvm: GC_CONCURRENT freed 386K, 12% free 9623K/10887K, paused 5ms+2ms
07-18 11:02:53.039   766   768 D dalvikvm: GC_CONCURRENT freed 409K, 12% free 9600K/10887K, paused 1ms+3ms
07-18 11:02:53.371   141   165 I ActivityManager: Start proc com.google.android.syncadapters.calendar for service com.google.android.syncadapters.calendar/.CalendarSyncAdapterService: pid=1139 uid=10020 gids={3003}
07-18 11:02:53.523   141   420 D dalvikvm: GC_EXPLICIT freed 1026K, 11% free 13406K/15047K, paused 2ms+6ms
07-18 11:02:53.602   766  1108 D dalvikvm: GC_EXPLICIT freed 364K, 12% free 9588K/10887K, paused 6ms+3ms
07-18 11:02:53.652   766  1108 I Gmail   : MainSyncRequestProto: lowestBkwdConvoId: 0, highestHandledServerOp: 4129031, normalSync: true
07-18 11:02:53.680   766  1108 W Gmail   : Scheduling index for 300000 ms from now
07-18 11:02:53.691   766  1108 I Gmail   : Sending notification intent: Intent { act=android.intent.action.PROVIDER_CHANGED dat=content://gmail-ls/unread/^i (has extras) }
07-18 11:02:53.742   766  1156 W Gmail   : Showing notification with unreadCount of 101 and unseenCount of 101
07-18 11:02:53.746   766  1108 I Gmail   : Sending notification intent: Intent { act=android.intent.action.PROVIDER_CHANGED dat=content://gmail-ls/unread/^iim (has extras) }
07-18 11:02:53.824   141  1158 I AudioService:  AudioFocus  requestAudioFocus() from android.media.AudioManager@41562ad0
07-18 11:02:53.844    81   121 D AudioHardware: AudioHardware pcm playback is exiting standby.
07-18 11:02:53.844    81   121 D AudioHardware: openPcmOut_l() mPcmOpenCnt: 0
07-18 11:02:53.953   211   213 D dalvikvm: GC_CONCURRENT freed 309K, 8% free 10056K/10887K, paused 2ms+3ms
07-18 11:02:53.988   141   165 D SyncManager: handleSyncHandlerMessage: dropping since the sync is no longer active: startTime 48132, mTimeoutStartTime 48132, mHistoryRowId 1, syncOperation drqiao02@gmail.com (com.google), gmail-ls, PERIODIC, earliestRunTime 26165
07-18 11:02:54.047   211   213 D dalvikvm: GC_CONCURRENT freed 314K, 7% free 10186K/10887K, paused 2ms+2ms
07-18 11:02:54.176   211   211 D dalvikvm: GC_FOR_ALLOC freed 186K, 8% free 10038K/10887K, paused 31ms
07-18 11:02:55.242   295   298 D dalvikvm: GC_CONCURRENT freed 540K, 7% free 9188K/9863K, paused 2ms+2ms
07-18 11:02:55.363   295  1166 I DownloadManager: Initiating request for download 476
07-18 11:02:55.727   141  1158 I AudioService:  AudioFocus  abandonAudioFocus() from android.media.AudioManager@41562ad0
07-18 11:02:56.383  1139  1141 D dalvikvm: GC_CONCURRENT freed 308K, 5% free 9172K/9607K, paused 3ms+3ms
07-18 11:02:56.855   295   298 D dalvikvm: GC_CONCURRENT freed 293K, 6% free 9308K/9863K, paused 2ms+3ms
07-18 11:02:57.504   274   276 D dalvikvm: GC_CONCURRENT freed 397K, 6% free 10327K/10951K, paused 2ms+7ms
07-18 11:02:57.688   766  1173 I Gmail   : MainSyncRequestProto: lowestBkwdConvoId: 0, highestHandledServerOp: 4129031, normalSync: true
07-18 11:02:57.711   766   768 D dalvikvm: GC_CONCURRENT freed 354K, 12% free 9623K/10887K, paused 2ms+2ms
07-18 11:02:57.770   239   241 D dalvikvm: GC_CONCURRENT freed 457K, 6% free 9341K/9927K, paused 1ms+2ms
07-18 11:02:58.816    81   121 D AudioHardware: AudioHardware pcm playback is going to standby.
07-18 11:02:58.816    81   121 D AudioHardware: closePcmOut_l() mPcmOpenCnt: 1
07-18 11:02:58.953   295  1172 I DownloadManager: deleting /data/data/com.android.providers.downloads/cache/downloadfile-2.jpeg
07-18 11:02:59.117   295  1175 I DownloadManager: Initiating request for download 477
07-18 11:03:00.168   295   298 D dalvikvm: GC_CONCURRENT freed 359K, 5% free 9377K/9863K, paused 1ms+3ms
07-18 11:03:00.488   766   768 D dalvikvm: GC_CONCURRENT freed 400K, 12% free 9608K/10887K, paused 7ms+3ms
07-18 11:03:02.441   295  1181 I DownloadManager: deleting /data/data/com.android.providers.downloads/cache/downloadfile-2.jpeg
07-18 11:03:03.355   295  1183 I DownloadManager: Initiating request for download 478
07-18 11:03:04.277   295   298 D dalvikvm: GC_CONCURRENT freed 398K, 6% free 9396K/9927K, paused 2ms+3ms
07-18 11:03:04.348   766   768 D dalvikvm: GC_CONCURRENT freed 353K, 12% free 9642K/10887K, paused 2ms+2ms
07-18 11:03:04.828   766   768 D dalvikvm: GC_CONCURRENT freed 386K, 12% free 9640K/10887K, paused 1ms+3ms
07-18 11:03:05.203   766   768 D dalvikvm: GC_CONCURRENT freed 259K, 11% free 9769K/10887K, paused 12ms+2ms
07-18 11:03:05.488   766   768 D dalvikvm: GC_CONCURRENT freed 537K, 12% free 9616K/10887K, paused 1ms+3ms
07-18 11:03:05.523   295  1188 I DownloadManager: deleting /data/data/com.android.providers.downloads/cache/downloadfile-2.jpeg
07-18 11:03:07.141   295  1190 I DownloadManager: Initiating request for download 479
07-18 11:03:07.176   766   768 D dalvikvm: GC_CONCURRENT freed 164K, 9% free 9951K/10887K, paused 2ms+2ms
07-18 11:03:07.398   766   768 D dalvikvm: GC_CONCURRENT freed 619K, 11% free 9734K/10887K, paused 1ms+1ms
07-18 11:03:07.816   766   768 D dalvikvm: GC_CONCURRENT freed 515K, 12% free 9603K/10887K, paused 1ms+2ms
07-18 11:03:07.977   766  1173 D dalvikvm: GC_EXPLICIT freed 39K, 13% free 9579K/10887K, paused 5ms+5ms
07-18 11:03:08.059   295   298 D dalvikvm: GC_CONCURRENT freed 400K, 6% free 9411K/9927K, paused 1ms+3ms
07-18 11:03:08.070   766  1173 I Gmail   : MainSyncRequestProto: lowestBkwdConvoId: 0, highestHandledServerOp: 4130332, normalSync: true
07-18 11:03:09.035   141   491 D dalvikvm: GC_EXPLICIT freed 544K, 11% free 13400K/15047K, paused 3ms+5ms
07-18 11:03:09.180   295  1197 I DownloadManager: deleting /data/data/com.android.providers.downloads/cache/downloadfile-2.jpeg
07-18 11:03:09.355   295  1199 I DownloadManager: Initiating request for download 480
07-18 11:03:09.781   766   768 D dalvikvm: GC_CONCURRENT freed 314K, 12% free 9653K/10887K, paused 2ms+4ms
07-18 11:03:10.758   766   768 D dalvikvm: GC_CONCURRENT freed 382K, 12% free 9658K/10887K, paused 6ms+11ms
07-18 11:03:11.863   295   298 D dalvikvm: GC_CONCURRENT freed 425K, 6% free 9438K/9991K, paused 2ms+3ms
07-18 11:03:12.227   295  1205 I DownloadManager: deleting /data/data/com.android.providers.downloads/cache/downloadfile-2.jpeg
07-18 11:03:12.238   295  1206 I DownloadManager: Initiating request for download 481
07-18 11:03:13.012   766   768 D dalvikvm: GC_CONCURRENT freed 392K, 12% free 9652K/10887K, paused 2ms+3ms
07-18 11:03:14.098   766   768 D dalvikvm: GC_CONCURRENT freed 397K, 12% free 9641K/10887K, paused 6ms+3ms
07-18 11:03:14.270   295   298 D dalvikvm: GC_CONCURRENT freed 502K, 7% free 9360K/9991K, paused 2ms+3ms
07-18 11:03:14.570   295  1212 I DownloadManager: deleting /data/data/com.android.providers.downloads/cache/downloadfile-2.jpeg
07-18 11:03:14.742   295  1216 I DownloadManager: Initiating request for download 482
07-18 11:03:15.016   766   768 D dalvikvm: GC_CONCURRENT freed 348K, 12% free 9682K/10887K, paused 4ms+6ms
07-18 11:03:15.289   766   768 D dalvikvm: GC_CONCURRENT freed 290K, 11% free 9782K/10887K, paused 2ms+2ms
07-18 11:03:15.668   766  1173 D dalvikvm: GC_EXPLICIT freed 434K, 12% free 9603K/10887K, paused 5ms+3ms
07-18 11:03:15.719   766  1173 I Gmail   : MainSyncRequestProto: lowestBkwdConvoId: 0, highestHandledServerOp: 4131823, normalSync: true
07-18 11:03:16.219   295   298 D dalvikvm: GC_CONCURRENT freed 345K, 6% free 9404K/9991K, paused 12ms+3ms
07-18 11:03:16.406   295  1222 D dalvikvm: GC_EXPLICIT freed 176K, 7% free 9313K/9991K, paused 2ms+3ms
07-18 11:03:16.484   295  1222 I DownloadManager: deleting /data/data/com.android.providers.downloads/cache/downloadfile-2.jpeg
07-18 11:03:16.492   295  1223 I DownloadManager: Initiating request for download 483
07-18 11:03:18.801   295   298 D dalvikvm: GC_CONCURRENT freed 356K, 7% free 9345K/9991K, paused 2ms+4ms
07-18 11:03:20.434   295  1230 I DownloadManager: deleting /data/data/com.android.providers.downloads/cache/downloadfile-2.jpeg
07-18 11:03:20.617   295  1232 I DownloadManager: Initiating request for download 484
07-18 11:03:21.066   766   768 D dalvikvm: GC_CONCURRENT freed 372K, 12% free 9617K/10887K, paused 7ms+2ms
07-18 11:03:24.211   295   298 D dalvikvm: GC_CONCURRENT freed 388K, 7% free 9364K/9991K, paused 2ms+2ms
07-18 11:03:24.309   766   768 D dalvikvm: GC_CONCURRENT freed 369K, 12% free 9638K/10887K, paused 2ms+4ms
07-18 11:03:24.340   141   784 D dalvikvm: GC_EXPLICIT freed 360K, 11% free 13401K/15047K, paused 2ms+5ms
07-18 11:03:24.488   295  1238 I DownloadManager: deleting /data/data/com.android.providers.downloads/cache/downloadfile-2.jpeg
07-18 11:03:24.656   295  1240 I DownloadManager: Initiating request for download 485
07-18 11:03:27.098   766   768 D dalvikvm: GC_CONCURRENT freed 403K, 12% free 9620K/10887K, paused 12ms+2ms
07-18 11:03:28.434   766   768 D dalvikvm: GC_CONCURRENT freed 387K, 12% free 9618K/10887K, paused 2ms+5ms
07-18 11:03:30.703   766   768 D dalvikvm: GC_CONCURRENT freed 393K, 12% free 9610K/10887K, paused 12ms+3ms
07-18 11:03:31.305   766   768 D dalvikvm: GC_CONCURRENT freed 324K, 12% free 9675K/10887K, paused 2ms+3ms
07-18 11:03:34.352   766   768 D dalvikvm: GC_CONCURRENT freed 444K, 12% free 9631K/10887K, paused 13ms+2ms
07-18 11:03:34.758   766   768 D dalvikvm: GC_CONCURRENT freed 391K, 12% free 9625K/10887K, paused 3ms+6ms
07-18 11:03:35.105   766   768 D dalvikvm: GC_CONCURRENT freed 397K, 12% free 9625K/10887K, paused 2ms+3ms
07-18 11:03:36.340   295   298 D dalvikvm: GC_CONCURRENT freed 376K, 7% free 9374K/9991K, paused 2ms+4ms
07-18 11:03:36.598   295  1245 I DownloadManager: deleting /data/data/com.android.providers.downloads/cache/downloadfile-2.jpeg
07-18 11:03:36.727   766   768 D dalvikvm: GC_CONCURRENT freed 369K, 12% free 9640K/10887K, paused 2ms+4ms
07-18 11:03:36.758   295  1247 I DownloadManager: Initiating request for download 486
07-18 11:03:37.152   766   768 D dalvikvm: GC_CONCURRENT freed 384K, 12% free 9642K/10887K, paused 3ms+5ms
07-18 11:03:37.793   766   768 D dalvikvm: GC_CONCURRENT freed 367K, 11% free 9690K/10887K, paused 2ms+4ms
07-18 11:03:38.125   295   298 D dalvikvm: GC_CONCURRENT freed 414K, 7% free 9352K/9991K, paused 2ms+2ms
07-18 11:03:39.414   766  1252 E Gmail   : No attachments found with downloadId 486
07-18 11:03:39.570   766   768 D dalvikvm: GC_CONCURRENT freed 446K, 11% free 9698K/10887K, paused 2ms+3ms
07-18 11:03:39.855   766   768 D dalvikvm: GC_CONCURRENT freed 479K, 12% free 9613K/10887K, paused 2ms+2ms
07-18 11:03:40.152   766   768 D dalvikvm: GC_CONCURRENT freed 376K, 12% free 9654K/10887K, paused 1ms+4ms
07-18 11:03:40.523   766   768 D dalvikvm: GC_CONCURRENT freed 409K, 11% free 9726K/10887K, paused 4ms+5ms
07-18 11:03:40.953   766  1173 D dalvikvm: GC_EXPLICIT freed 263K, 12% free 9589K/10887K, paused 8ms+2ms
07-18 11:03:41.008   766  1173 I Gmail   : MainSyncRequestProto: lowestBkwdConvoId: 0, highestHandledServerOp: 4138161, normalSync: true
07-18 11:03:46.930   459  1052 I PhoneLab-: Service Running
07-18 11:03:46.977   459  1052 I PhoneLab-LoggerService: app_38    1055  459   1428   1060  c00f181c 400107b4 S logcat
07-18 11:03:46.977   459  1052 I PhoneLab-LoggerService: Logcat pid from database 1055
07-18 11:03:46.980   459  1052 I PhoneLab-LoggerService: Logcat process found 1055
07-18 11:03:46.980   459  1052 I PhoneLab-LoggerService: Checking Threshold
07-18 11:03:46.980   459  1052 I PhoneLab-LoggerService: Starting to rename files
07-18 11:03:46.980   459  1052 I PhoneLab-LoggerService: Files found .. 2
07-18 11:03:47.148   766   768 D dalvikvm: GC_CONCURRENT freed 327K, 12% free 9658K/10887K, paused 1ms+3ms
07-18 11:03:47.727   766   768 D dalvikvm: GC_CONCURRENT freed 377K, 12% free 9671K/10887K, paused 2ms+3ms
07-18 11:03:48.430   766   768 D dalvikvm: GC_CONCURRENT freed 387K, 12% free 9669K/10887K, paused 4ms+6ms
07-18 11:03:51.813   766   768 D dalvikvm: GC_CONCURRENT freed 434K, 12% free 9633K/10887K, paused 2ms+3ms
07-18 11:03:52.535   766   768 D dalvikvm: GC_CONCURRENT freed 366K, 12% free 9654K/10887K, paused 2ms+3ms
07-18 11:03:54.199   766   768 D dalvikvm: GC_CONCURRENT freed 442K, 12% free 9598K/10887K, paused 6ms+7ms
07-18 11:03:56.410   766   768 D dalvikvm: GC_CONCURRENT freed 386K, 12% free 9599K/10887K, paused 13ms+2ms
07-18 11:04:00.293   766   768 D dalvikvm: GC_CONCURRENT freed 372K, 12% free 9613K/10887K, paused 3ms+5ms
07-18 11:04:04.242   766   768 D dalvikvm: GC_CONCURRENT freed 401K, 12% free 9597K/10887K, paused 13ms+2ms
07-18 11:04:06.500   766   768 D dalvikvm: GC_CONCURRENT freed 365K, 12% free 9622K/10887K, paused 1ms+3ms
07-18 11:04:09.574   766   768 D dalvikvm: GC_CONCURRENT freed 389K, 12% free 9616K/10887K, paused 2ms+2ms
07-18 11:04:11.207   766   768 D dalvikvm: GC_CONCURRENT freed 352K, 12% free 9655K/10887K, paused 1ms+3ms
07-18 11:04:13.875   766   768 D dalvikvm: GC_CONCURRENT freed 421K, 12% free 9620K/10887K, paused 13ms+2ms
07-18 11:04:17.977   766   768 D dalvikvm: GC_CONCURRENT freed 408K, 12% free 9597K/10887K, paused 12ms+2ms
07-18 11:04:20.473   766   768 D dalvikvm: GC_CONCURRENT freed 375K, 12% free 9607K/10887K, paused 3ms+6ms
07-18 11:04:21.613   766   768 D dalvikvm: GC_CONCURRENT freed 358K, 12% free 9635K/10887K, paused 7ms+3ms
07-18 11:04:24.418   766   768 D dalvikvm: GC_CONCURRENT freed 403K, 12% free 9617K/10887K, paused 13ms+2ms
07-18 11:04:25.461   766   768 D dalvikvm: GC_CONCURRENT freed 379K, 12% free 9625K/10887K, paused 1ms+3ms
07-18 11:04:27.023   766   768 D dalvikvm: GC_CONCURRENT freed 399K, 12% free 9611K/10887K, paused 7ms+2ms
07-18 11:04:28.637   766   768 D dalvikvm: GC_CONCURRENT freed 351K, 12% free 9649K/10887K, paused 2ms+3ms
07-18 11:04:29.984   766   768 D dalvikvm: GC_CONCURRENT freed 421K, 12% free 9628K/10887K, paused 2ms+3ms
07-18 11:04:30.469   766   768 D dalvikvm: GC_CONCURRENT freed 340K, 11% free 9698K/10887K, paused 1ms+3ms
07-18 11:04:30.762   766   768 D dalvikvm: GC_CONCURRENT freed 441K, 12% free 9657K/10887K, paused 5ms+5ms
07-18 11:04:30.852   766   768 D dalvikvm: GC_CONCURRENT freed 270K, 11% free 9776K/10887K, paused 1ms+2ms
07-18 11:04:31.184   766   768 D dalvikvm: GC_CONCURRENT freed 494K, 11% free 9717K/10887K, paused 2ms+5ms
07-18 11:04:31.426   766   768 D dalvikvm: GC_CONCURRENT freed 420K, 12% free 9687K/10887K, paused 2ms+3ms
07-18 11:04:31.602   766   768 D dalvikvm: GC_CONCURRENT freed 329K, 10% free 9834K/10887K, paused 3ms+4ms
07-18 11:04:31.707   766   768 D dalvikvm: GC_CONCURRENT freed 628K, 12% free 9591K/10887K, paused 1ms+2ms
07-18 11:04:31.953   766   768 D dalvikvm: GC_CONCURRENT freed 223K, 11% free 9793K/10887K, paused 2ms+2ms
07-18 11:04:32.195   766  1173 D dalvikvm: GC_FOR_ALLOC freed 454K, 11% free 9696K/10887K, paused 19ms
07-18 11:04:32.246   766  1173 D dalvikvm: GC_FOR_ALLOC freed 119K, 10% free 9859K/10887K, paused 16ms
07-18 11:04:32.246   766  1173 I dalvikvm-heap: Grow heap (frag case) to 9.884MB for 191262-byte allocation
07-18 11:04:32.262   766  1173 D dalvikvm: GC_FOR_ALLOC freed 93K, 11% free 9952K/11079K, paused 15ms
07-18 11:04:32.516   766   768 D dalvikvm: GC_CONCURRENT freed 718K, 14% free 9624K/11079K, paused 6ms+2ms
07-18 11:04:32.906   766   768 D dalvikvm: GC_CONCURRENT freed 422K, 13% free 9656K/11079K, paused 2ms+2ms
07-18 11:04:35.012   766   768 D dalvikvm: GC_CONCURRENT freed 294K, 12% free 9812K/11079K, paused 2ms+2ms
07-18 11:04:35.277   766   768 D dalvikvm: GC_CONCURRENT freed 593K, 14% free 9605K/11079K, paused 2ms+3ms
07-18 11:04:35.797   766   768 D dalvikvm: GC_CONCURRENT freed 367K, 14% free 9622K/11079K, paused 7ms+2ms
07-18 11:04:36.355   766   768 D dalvikvm: GC_CONCURRENT freed 368K, 13% free 9652K/11079K, paused 4ms+6ms
07-18 11:04:36.816   766   768 D dalvikvm: GC_CONCURRENT freed 344K, 13% free 9730K/11079K, paused 2ms+3ms
07-18 11:04:37.129   766   768 D dalvikvm: GC_CONCURRENT freed 506K, 14% free 9616K/11079K, paused 2ms+2ms
07-18 11:04:37.789   766   768 D dalvikvm: GC_CONCURRENT freed 366K, 14% free 9637K/11079K, paused 3ms+6ms
07-18 11:04:38.070   766   768 D dalvikvm: GC_CONCURRENT freed 349K, 13% free 9691K/11079K, paused 2ms+2ms
07-18 11:04:38.426   766   768 D dalvikvm: GC_CONCURRENT freed 349K, 12% free 9784K/11079K, paused 2ms+3ms
07-18 11:04:38.656   766   768 D dalvikvm: GC_CONCURRENT freed 567K, 14% free 9613K/11079K, paused 2ms+2ms
07-18 11:04:39.184   766   768 D dalvikvm: GC_CONCURRENT freed 278K, 12% free 9777K/11079K, paused 7ms+2ms
07-18 11:04:39.258   766   768 D dalvikvm: GC_CONCURRENT freed 431K, 13% free 9740K/11079K, paused 2ms+2ms
07-18 11:04:39.652   766   768 D dalvikvm: GC_CONCURRENT freed 529K, 14% free 9595K/11079K, paused 1ms+2ms
07-18 11:04:40.000   766  1173 D dalvikvm: GC_EXPLICIT freed 58K, 14% free 9581K/11079K, paused 17ms+3ms
07-18 11:04:40.063   766  1173 I Gmail   : MainSyncRequestProto: lowestBkwdConvoId: 0, highestHandledServerOp: 4156435, normalSync: true
07-18 11:04:43.898   766   768 D dalvikvm: GC_CONCURRENT freed 345K, 14% free 9627K/11079K, paused 2ms+2ms
07-18 11:04:44.293   766   768 D dalvikvm: GC_CONCURRENT freed 398K, 14% free 9631K/11079K, paused 2ms+3ms
07-18 11:04:44.555   766   768 D dalvikvm: GC_CONCURRENT freed 394K, 14% free 9626K/11079K, paused 1ms+2ms
07-18 11:04:44.941   766   768 D dalvikvm: GC_CONCURRENT freed 388K, 14% free 9630K/11079K, paused 2ms+3ms
07-18 11:04:45.211   766   768 D dalvikvm: GC_CONCURRENT freed 262K, 12% free 9805K/11079K, paused 3ms+4ms
07-18 11:04:45.516   766   768 D dalvikvm: GC_CONCURRENT freed 582K, 13% free 9656K/11079K, paused 13ms+2ms
07-18 11:04:45.598   766   768 D dalvikvm: GC_CONCURRENT freed 389K, 13% free 9730K/11079K, paused 2ms+2ms
07-18 11:04:45.898   766   768 D dalvikvm: GC_CONCURRENT freed 500K, 14% free 9623K/11079K, paused 1ms+3ms
07-18 11:04:46.145   766   768 D dalvikvm: GC_CONCURRENT freed 341K, 13% free 9698K/11079K, paused 2ms+4ms
07-18 11:04:46.266   766   768 D dalvikvm: GC_CONCURRENT freed 490K, 14% free 9602K/11079K, paused 1ms+3ms
07-18 11:04:46.629   766   768 D dalvikvm: GC_CONCURRENT freed 313K, 13% free 9707K/11079K, paused 4ms+5ms
07-18 11:04:46.832   766   768 D dalvikvm: GC_CONCURRENT freed 366K, 12% free 9768K/11079K, paused 4ms+4ms
07-18 11:04:47.344   766   768 D dalvikvm: GC_CONCURRENT freed 531K, 14% free 9626K/11079K, paused 6ms+2ms
07-18 11:04:48.336   766   768 D dalvikvm: GC_CONCURRENT freed 379K, 13% free 9639K/11079K, paused 12ms+2ms
07-18 11:04:48.727   766   768 D dalvikvm: GC_CONCURRENT freed 258K, 12% free 9808K/11079K, paused 1ms+3ms
07-18 11:04:49.207   766   768 D dalvikvm: GC_CONCURRENT freed 548K, 13% free 9671K/11079K, paused 2ms+2ms
07-18 11:04:49.797   766   768 D dalvikvm: GC_CONCURRENT freed 388K, 13% free 9679K/11079K, paused 4ms+5ms
07-18 11:04:50.168   766   768 D dalvikvm: GC_CONCURRENT freed 339K, 12% free 9777K/11079K, paused 1ms+2ms
07-18 11:04:50.477   766   768 D dalvikvm: GC_CONCURRENT freed 551K, 14% free 9615K/11079K, paused 2ms+2ms
07-18 11:04:50.660   766   768 D dalvikvm: GC_CONCURRENT freed 251K, 12% free 9789K/11079K, paused 2ms+2ms
07-18 11:04:51.059   766   768 D dalvikvm: GC_CONCURRENT freed 350K, 11% free 9877K/11079K, paused 2ms+3ms
07-18 11:04:51.133   766   768 D dalvikvm: GC_CONCURRENT freed 396K, 11% free 9877K/11079K, paused 2ms+2ms
07-18 11:04:51.824   766   768 D dalvikvm: GC_CONCURRENT freed 617K, 13% free 9646K/11079K, paused 3ms+5ms
07-18 11:04:52.566   766  1173 D dalvikvm: GC_EXPLICIT freed 351K, 14% free 9603K/11079K, paused 31ms+3ms
07-18 11:04:52.629   766  1173 I Gmail   : MainSyncRequestProto: lowestBkwdConvoId: 0, highestHandledServerOp: 4156445, normalSync: true
07-18 11:04:55.223   766   768 D dalvikvm: GC_CONCURRENT freed 345K, 13% free 9653K/11079K, paused 3ms+5ms
07-18 11:04:55.523   766   768 D dalvikvm: GC_CONCURRENT freed 348K, 13% free 9719K/11079K, paused 7ms+2ms
07-18 11:04:55.902   766   768 D dalvikvm: GC_CONCURRENT freed 463K, 13% free 9643K/11079K, paused 2ms+2ms
07-18 11:04:56.188   766   768 D dalvikvm: GC_CONCURRENT freed 425K, 14% free 9604K/11079K, paused 7ms+2ms
07-18 11:04:56.410   766   768 D dalvikvm: GC_CONCURRENT freed 385K, 14% free 9606K/11079K, paused 2ms+2ms
07-18 11:04:56.754   766   768 D dalvikvm: GC_CONCURRENT freed 360K, 14% free 9632K/11079K, paused 2ms+3ms
07-18 11:04:57.008   766   768 D dalvikvm: GC_CONCURRENT freed 281K, 12% free 9778K/11079K, paused 2ms+5ms
07-18 11:04:57.277   766   768 D dalvikvm: GC_CONCURRENT freed 554K, 13% free 9647K/11079K, paused 7ms+2ms
07-18 11:04:57.570   766   768 D dalvikvm: GC_CONCURRENT freed 418K, 14% free 9614K/11079K, paused 2ms+2ms
07-18 11:04:57.703   766   768 D dalvikvm: GC_CONCURRENT freed 263K, 12% free 9770K/11079K, paused 2ms+2ms
07-18 11:04:58.160   766   768 D dalvikvm: GC_CONCURRENT freed 531K, 14% free 9639K/11079K, paused 2ms+3ms
07-18 11:04:58.578   766   768 D dalvikvm: GC_CONCURRENT freed 396K, 14% free 9629K/11079K, paused 2ms+3ms
07-18 11:04:58.988   766   768 D dalvikvm: GC_CONCURRENT freed 337K, 13% free 9684K/11079K, paused 3ms+5ms
07-18 11:04:59.313   766   768 D dalvikvm: GC_CONCURRENT freed 454K, 14% free 9627K/11079K, paused 1ms+2ms
07-18 11:04:59.730   766   768 D dalvikvm: GC_CONCURRENT freed 370K, 13% free 9652K/11079K, paused 2ms+3ms
07-18 11:05:00.184   766   768 D dalvikvm: GC_CONCURRENT freed 427K, 14% free 9614K/11079K, paused 2ms+5ms
07-18 11:05:01.594   766   768 D dalvikvm: GC_CONCURRENT freed 392K, 14% free 9623K/11079K, paused 1ms+2ms
07-18 11:05:01.973   766   768 D dalvikvm: GC_CONCURRENT freed 373K, 13% free 9688K/11079K, paused 1ms+3ms
07-18 11:05:02.320   766   768 D dalvikvm: GC_CONCURRENT freed 306K, 12% free 9801K/11079K, paused 2ms+3ms
07-18 11:05:02.699   766   768 D dalvikvm: GC_CONCURRENT freed 573K, 14% free 9627K/11079K, paused 7ms+2ms
07-18 11:05:02.848   766   768 D dalvikvm: GC_CONCURRENT freed 381K, 14% free 9636K/11079K, paused 2ms+2ms
07-18 11:05:03.039   766   768 D dalvikvm: GC_CONCURRENT freed 410K, 13% free 9678K/11079K, paused 3ms+5ms
07-18 11:05:03.430   766   768 D dalvikvm: GC_CONCURRENT freed 386K, 13% free 9688K/11079K, paused 2ms+5ms
07-18 11:05:03.922   766   768 D dalvikvm: GC_CONCURRENT freed 455K, 14% free 9621K/11079K, paused 7ms+10ms
07-18 11:05:04.477   766  1173 D dalvikvm: GC_EXPLICIT freed 191K, 14% free 9585K/11079K, paused 34ms+2ms
07-18 11:05:04.539   766  1173 I Gmail   : MainSyncRequestProto: lowestBkwdConvoId: 0, highestHandledServerOp: 4156445, normalSync: true
07-18 11:05:05.285   766   768 D dalvikvm: GC_CONCURRENT freed 370K, 14% free 9603K/11079K, paused 1ms+2ms
07-18 11:05:05.500   766  1173 D dalvikvm: GC_EXPLICIT freed 46K, 14% free 9594K/11079K, paused 8ms+2ms
07-18 11:05:05.559   766  1173 I Gmail   : MainSyncRequestProto: lowestBkwdConvoId: 0, highestHandledServerOp: 4156445, normalSync: true
07-18 11:05:06.758   766   768 D dalvikvm: GC_CONCURRENT freed 286K, 13% free 9709K/11079K, paused 3ms+5ms
07-18 11:05:06.930   766   768 D dalvikvm: GC_CONCURRENT freed 348K, 12% free 9776K/11079K, paused 1ms+2ms
07-18 11:05:07.113   766   768 D dalvikvm: GC_CONCURRENT freed 550K, 14% free 9611K/11079K, paused 2ms+4ms
07-18 11:05:07.207   766   768 D dalvikvm: GC_CONCURRENT freed 299K, 13% free 9700K/11079K, paused 2ms+3ms
07-18 11:05:07.281   766   768 D dalvikvm: GC_CONCURRENT freed 331K, 12% free 9760K/11079K, paused 2ms+2ms
07-18 11:05:07.531   766   768 D dalvikvm: GC_CONCURRENT freed 364K, 12% free 9798K/11079K, paused 4ms+5ms
07-18 11:05:07.629   766   768 D dalvikvm: GC_CONCURRENT freed 590K, 14% free 9594K/11079K, paused 2ms+2ms
07-18 11:05:08.020   766  1173 D dalvikvm: GC_EXPLICIT freed 139K, 14% free 9607K/11079K, paused 8ms+3ms
07-18 11:05:08.078   766  1173 I Gmail   : MainSyncRequestProto: lowestBkwdConvoId: 0, highestHandledServerOp: 4156445, normalSync: true
07-18 11:05:10.871   766   768 D dalvikvm: GC_CONCURRENT freed 360K, 14% free 9633K/11079K, paused 3ms+4ms
07-18 11:05:11.145   766   768 D dalvikvm: GC_CONCURRENT freed 327K, 13% free 9719K/11079K, paused 3ms+5ms
07-18 11:05:11.445   766   768 D dalvikvm: GC_CONCURRENT freed 463K, 13% free 9675K/11079K, paused 2ms+3ms
07-18 11:05:11.695   766   768 D dalvikvm: GC_CONCURRENT freed 444K, 13% free 9648K/11079K, paused 2ms+3ms
07-18 11:05:12.031   766   768 D dalvikvm: GC_CONCURRENT freed 419K, 14% free 9638K/11079K, paused 2ms+3ms
07-18 11:05:12.371   766   768 D dalvikvm: GC_CONCURRENT freed 388K, 14% free 9638K/11079K, paused 7ms+2ms
07-18 11:05:12.691   766   768 D dalvikvm: GC_CONCURRENT freed 388K, 13% free 9739K/11079K, paused 3ms+5ms
07-18 11:05:12.949   766   768 D dalvikvm: GC_CONCURRENT freed 460K, 13% free 9723K/11079K, paused 6ms+8ms
07-18 11:05:13.367   766   768 D dalvikvm: GC_CONCURRENT freed 484K, 13% free 9642K/11079K, paused 2ms+6ms
07-18 11:05:13.582   766   768 D dalvikvm: GC_CONCURRENT freed 281K, 12% free 9799K/11079K, paused 1ms+1ms
07-18 11:05:15.102   766   768 D dalvikvm: GC_CONCURRENT freed 567K, 14% free 9619K/11079K, paused 2ms+2ms
07-18 11:05:15.582   766   768 D dalvikvm: GC_CONCURRENT freed 359K, 13% free 9657K/11079K, paused 4ms+5ms
07-18 11:05:16.105   766   768 D dalvikvm: GC_CONCURRENT freed 389K, 13% free 9655K/11079K, paused 2ms+6ms
07-18 11:05:16.770   766   768 D dalvikvm: GC_CONCURRENT freed 371K, 13% free 9672K/11079K, paused 3ms+6ms
07-18 11:05:17.250   766   768 D dalvikvm: GC_CONCURRENT freed 421K, 14% free 9639K/11079K, paused 3ms+5ms
07-18 11:05:17.727   766   768 D dalvikvm: GC_CONCURRENT freed 403K, 14% free 9627K/11079K, paused 6ms+7ms
07-18 11:05:18.586   766  1173 D dalvikvm: GC_EXPLICIT freed 326K, 14% free 9625K/11079K, paused 33ms+3ms
07-18 11:05:18.645   766  1173 I Gmail   : MainSyncRequestProto: lowestBkwdConvoId: 0, highestHandledServerOp: 4156452, normalSync: true
07-18 11:05:19.625   766   768 D dalvikvm: GC_CONCURRENT freed 261K, 12% free 9770K/11079K, paused 1ms+2ms
07-18 11:05:19.887   766   768 D dalvikvm: GC_CONCURRENT freed 537K, 14% free 9622K/11079K, paused 4ms+5ms
07-18 11:05:20.105   766  1173 D dalvikvm: GC_EXPLICIT freed 107K, 14% free 9604K/11079K, paused 2ms+6ms
07-18 11:05:20.164   766  1173 I Gmail   : MainSyncRequestProto: lowestBkwdConvoId: 0, highestHandledServerOp: 4156452, normalSync: true
07-18 11:05:22.465   766   768 D dalvikvm: GC_CONCURRENT freed 346K, 13% free 9648K/11079K, paused 2ms+2ms
07-18 11:05:22.805   766   768 D dalvikvm: GC_CONCURRENT freed 317K, 12% free 9778K/11079K, paused 2ms+3ms
07-18 11:05:23.211   766   768 D dalvikvm: GC_CONCURRENT freed 520K, 13% free 9645K/11079K, paused 4ms+5ms
07-18 11:05:23.367   766   768 D dalvikvm: GC_CONCURRENT freed 172K, 11% free 9881K/11079K, paused 3ms+4ms
07-18 11:05:23.723   766   768 D dalvikvm: GC_CONCURRENT freed 634K, 14% free 9633K/11079K, paused 2ms+3ms
07-18 11:05:24.047   766   768 D dalvikvm: GC_CONCURRENT freed 366K, 13% free 9652K/11079K, paused 2ms+5ms
07-18 11:05:24.441   766   768 D dalvikvm: GC_CONCURRENT freed 293K, 12% free 9799K/11079K, paused 3ms+5ms
07-18 11:05:24.996   766   768 D dalvikvm: GC_CONCURRENT freed 560K, 14% free 9627K/11079K, paused 2ms+3ms
07-18 11:05:25.406   766   768 D dalvikvm: GC_CONCURRENT freed 382K, 13% free 9648K/11079K, paused 2ms+2ms
07-18 11:05:26.043   766   768 D dalvikvm: GC_CONCURRENT freed 384K, 13% free 9650K/11079K, paused 7ms+2ms
07-18 11:05:26.309   766   768 D dalvikvm: GC_CONCURRENT freed 261K, 11% free 9862K/11079K, paused 2ms+2ms
07-18 11:05:28.395   766   768 D dalvikvm: GC_CONCURRENT freed 593K, 13% free 9661K/11079K, paused 3ms+6ms
07-18 11:05:28.695   766   768 D dalvikvm: GC_CONCURRENT freed 430K, 14% free 9633K/11079K, paused 6ms+3ms
07-18 11:05:29.172   766   768 D dalvikvm: GC_CONCURRENT freed 291K, 13% free 9742K/11079K, paused 3ms+5ms
07-18 11:05:29.660   766   768 D dalvikvm: GC_CONCURRENT freed 501K, 13% free 9644K/11079K, paused 6ms+10ms
07-18 11:05:29.887   766   768 D dalvikvm: GC_CONCURRENT freed 283K, 12% free 9777K/11079K, paused 2ms+2ms
07-18 11:05:30.066   766   768 D dalvikvm: GC_CONCURRENT freed 581K, 13% free 9692K/11079K, paused 1ms+2ms
07-18 11:05:30.469   766   768 D dalvikvm: GC_CONCURRENT freed 422K, 13% free 9655K/11079K, paused 6ms+10ms
07-18 11:05:30.832   766   768 D dalvikvm: GC_CONCURRENT freed 413K, 13% free 9661K/11079K, paused 6ms+2ms
07-18 11:05:31.098   766   768 D dalvikvm: GC_CONCURRENT freed 441K, 14% free 9604K/11079K, paused 2ms+2ms
07-18 11:05:31.582   766  1173 D dalvikvm: GC_EXPLICIT freed 146K, 14% free 9595K/11079K, paused 2ms+3ms
07-18 11:05:31.641   766  1173 I Gmail   : MainSyncRequestProto: lowestBkwdConvoId: 0, highestHandledServerOp: 4156463, normalSync: true
07-18 11:05:34.305   766   768 D dalvikvm: GC_CONCURRENT freed 172K, 12% free 9841K/11079K, paused 1ms+2ms
07-18 11:05:34.688   766   768 D dalvikvm: GC_CONCURRENT freed 577K, 13% free 9713K/11079K, paused 3ms+2ms
07-18 11:05:34.938   766   768 D dalvikvm: GC_CONCURRENT freed 423K, 13% free 9679K/11079K, paused 2ms+3ms
07-18 11:05:35.191   766   768 D dalvikvm: GC_CONCURRENT freed 442K, 14% free 9621K/11079K, paused 2ms+3ms
07-18 11:05:35.438   766   768 D dalvikvm: GC_CONCURRENT freed 360K, 13% free 9663K/11079K, paused 2ms+2ms
07-18 11:05:35.684   766   768 D dalvikvm: GC_CONCURRENT freed 354K, 13% free 9730K/11079K, paused 2ms+5ms
07-18 11:05:35.941   766   768 D dalvikvm: GC_CONCURRENT freed 396K, 13% free 9742K/11079K, paused 2ms+2ms
07-18 11:05:36.422   766   768 D dalvikvm: GC_CONCURRENT freed 488K, 13% free 9663K/11079K, paused 4ms+5ms
07-18 11:05:36.754   766   768 D dalvikvm: GC_CONCURRENT freed 334K, 13% free 9715K/11079K, paused 3ms+2ms
07-18 11:05:36.926   766   768 D dalvikvm: GC_CONCURRENT freed 311K, 12% free 9793K/11079K, paused 3ms+4ms
07-18 11:05:37.133   766   768 D dalvikvm: GC_CONCURRENT freed 569K, 14% free 9612K/11079K, paused 4ms+4ms
07-18 11:05:37.465   766   768 D dalvikvm: GC_CONCURRENT freed 265K, 12% free 9852K/11079K, paused 6ms+2ms
07-18 11:05:37.680   766   768 D dalvikvm: GC_CONCURRENT freed 622K, 14% free 9622K/11079K, paused 7ms+10ms
07-18 11:05:37.887   766   768 D dalvikvm: GC_CONCURRENT freed 304K, 13% free 9711K/11079K, paused 3ms+5ms
07-18 11:05:38.563   766   768 D dalvikvm: GC_CONCURRENT freed 438K, 13% free 9665K/11079K, paused 7ms+2ms
07-18 11:05:38.938   766   768 D dalvikvm: GC_CONCURRENT freed 358K, 13% free 9739K/11079K, paused 1ms+4ms
07-18 11:05:39.996   766   768 D dalvikvm: GC_CONCURRENT freed 465K, 12% free 9758K/11079K, paused 3ms+5ms
07-18 11:05:40.438   766   768 D dalvikvm: GC_CONCURRENT freed 499K, 13% free 9651K/11079K, paused 6ms+2ms
07-18 11:05:40.746   766   768 D dalvikvm: GC_CONCURRENT freed 374K, 13% free 9736K/11079K, paused 2ms+2ms
07-18 11:05:40.820   766   768 D dalvikvm: GC_CONCURRENT freed 375K, 12% free 9820K/11079K, paused 1ms+2ms
07-18 11:05:40.926   766   768 D dalvikvm: GC_CONCURRENT freed 594K, 14% free 9619K/11079K, paused 1ms+2ms
07-18 11:05:41.230   766   768 D dalvikvm: GC_CONCURRENT freed 214K, 11% free 9910K/11079K, paused 3ms+4ms
07-18 11:05:41.332   766   768 D dalvikvm: GC_CONCURRENT freed 217K, 9% free 10094K/11079K, paused 1ms+2ms
07-18 11:05:41.633   766   768 D dalvikvm: GC_CONCURRENT freed 799K, 13% free 9699K/11079K, paused 2ms+2ms
07-18 11:05:42.148   766   768 D dalvikvm: GC_CONCURRENT freed 439K, 13% free 9645K/11079K, paused 2ms+3ms
07-18 11:05:42.938   766  1173 D dalvikvm: GC_EXPLICIT freed 287K, 14% free 9615K/11079K, paused 32ms+2ms
07-18 11:05:42.992   766  1173 I Gmail   : MainSyncRequestProto: lowestBkwdConvoId: 0, highestHandledServerOp: 4156463, normalSync: true
07-18 11:05:44.910   766   768 D dalvikvm: GC_CONCURRENT freed 380K, 14% free 9621K/11079K, paused 2ms+3ms
07-18 11:05:45.027   766   768 D dalvikvm: GC_CONCURRENT freed 405K, 14% free 9604K/11079K, paused 2ms+2ms
07-18 11:05:45.211   766   768 D dalvikvm: GC_CONCURRENT freed 286K, 13% free 9710K/11079K, paused 1ms+2ms
07-18 11:05:45.871   766   768 D dalvikvm: GC_CONCURRENT freed 417K, 12% free 9770K/11079K, paused 2ms+3ms
07-18 11:05:46.016   766   768 D dalvikvm: GC_CONCURRENT freed 428K, 12% free 9752K/11079K, paused 2ms+3ms
07-18 11:05:46.262   766   768 D dalvikvm: GC_CONCURRENT freed 429K, 12% free 9822K/11079K, paused 3ms+4ms
07-18 11:05:46.473   766   768 D dalvikvm: GC_CONCURRENT freed 413K, 12% free 9813K/11079K, paused 2ms+2ms
07-18 11:05:46.746   766   768 D dalvikvm: GC_CONCURRENT freed 530K, 13% free 9676K/11079K, paused 2ms+5ms
07-18 11:05:46.930   459  1052 I PhoneLab-: Service Running
07-18 11:05:46.969   459  1052 I PhoneLab-LoggerService: app_38    1055  459   1428   1060  c00f181c 400107b4 S logcat
07-18 11:05:46.973   459  1052 I PhoneLab-LoggerService: Logcat pid from database 1055
07-18 11:05:46.973   459  1052 I PhoneLab-LoggerService: Logcat process found 1055
07-18 11:05:46.973   459  1052 I PhoneLab-LoggerService: Checking Threshold
07-18 11:05:46.973   459  1052 I PhoneLab-LoggerService: Starting to rename files
07-18 11:05:46.973   459  1052 I PhoneLab-LoggerService: Files found .. 2
07-18 11:05:47.023   766   768 D dalvikvm: GC_CONCURRENT freed 391K, 13% free 9686K/11079K, paused 2ms+2ms
07-18 11:05:47.359   766   768 D dalvikvm: GC_CONCURRENT freed 429K, 13% free 9653K/11079K, paused 6ms+3ms
07-18 11:05:47.703   766   768 D dalvikvm: GC_CONCURRENT freed 416K, 14% free 9638K/11079K, paused 1ms+3ms
07-18 11:05:47.949   766  1173 D dalvikvm: GC_FOR_ALLOC freed 326K, 13% free 9690K/11079K, paused 32ms
07-18 11:05:48.012   766   768 D dalvikvm: GC_CONCURRENT freed 95K, 10% free 10060K/11079K, paused 2ms+2ms
07-18 11:05:48.359   766   768 D dalvikvm: GC_CONCURRENT freed 818K, 14% free 9630K/11079K, paused 7ms+3ms
07-18 11:05:48.762   766   768 D dalvikvm: GC_CONCURRENT freed 256K, 12% free 9777K/11079K, paused 2ms+2ms
07-18 11:05:49.066   766   768 D dalvikvm: GC_CONCURRENT freed 511K, 13% free 9665K/11079K, paused 2ms+5ms
07-18 11:05:49.555   766  1173 D dalvikvm: GC_EXPLICIT freed 270K, 14% free 9608K/11079K, paused 8ms+2ms
07-18 11:05:49.609   766  1173 I Gmail   : MainSyncRequestProto: lowestBkwdConvoId: 0, highestHandledServerOp: 4156463, normalSync: true
07-18 11:05:52.625   766   768 D dalvikvm: GC_CONCURRENT freed 324K, 13% free 9702K/11079K, paused 4ms+5ms
07-18 11:05:53.086   766   768 D dalvikvm: GC_CONCURRENT freed 461K, 13% free 9663K/11079K, paused 2ms+2ms
07-18 11:05:53.621   766   768 D dalvikvm: GC_CONCURRENT freed 402K, 13% free 9651K/11079K, paused 2ms+5ms
07-18 11:05:53.965   766   768 D dalvikvm: GC_CONCURRENT freed 268K, 12% free 9816K/11079K, paused 4ms+5ms
07-18 11:05:54.250   766   768 D dalvikvm: GC_CONCURRENT freed 575K, 13% free 9667K/11079K, paused 3ms+5ms
07-18 11:05:54.828   766   768 D dalvikvm: GC_CONCURRENT freed 386K, 13% free 9676K/11079K, paused 4ms+5ms
07-18 11:05:55.203   766   768 D dalvikvm: GC_CONCURRENT freed 397K, 13% free 9666K/11079K, paused 6ms+3ms
07-18 11:05:55.398   766   768 D dalvikvm: GC_CONCURRENT freed 436K, 13% free 9741K/11079K, paused 4ms+5ms
07-18 11:05:55.645   766   768 D dalvikvm: GC_CONCURRENT freed 512K, 14% free 9629K/11079K, paused 2ms+2ms
07-18 11:05:56.074   766   768 D dalvikvm: GC_CONCURRENT freed 323K, 12% free 9780K/11079K, paused 2ms+2ms
07-18 11:05:56.305   766   768 D dalvikvm: GC_CONCURRENT freed 453K, 12% free 9764K/11079K, paused 7ms+2ms
07-18 11:05:56.512   766   768 D dalvikvm: GC_CONCURRENT freed 536K, 14% free 9628K/11079K, paused 2ms+3ms
07-18 11:05:56.906   766   768 D dalvikvm: GC_CONCURRENT freed 334K, 12% free 9753K/11079K, paused 1ms+2ms
07-18 11:05:57.461   766   768 D dalvikvm: GC_CONCURRENT freed 491K, 12% free 9757K/11079K, paused 3ms+5ms
07-18 11:05:57.984   766   768 D dalvikvm: GC_CONCURRENT freed 501K, 13% free 9652K/11079K, paused 6ms+2ms
07-18 11:05:58.324   766   768 D dalvikvm: GC_CONCURRENT freed 409K, 13% free 9664K/11079K, paused 7ms+2ms
07-18 11:05:58.691   766   768 D dalvikvm: GC_CONCURRENT freed 262K, 12% free 9828K/11079K, paused 6ms+2ms
07-18 11:05:59.188   766   768 D dalvikvm: GC_CONCURRENT freed 607K, 14% free 9620K/11079K, paused 12ms+3ms
07-18 11:05:59.492   766   768 D dalvikvm: GC_CONCURRENT freed 372K, 14% free 9636K/11079K, paused 2ms+3ms
07-18 11:05:59.934   766   768 D dalvikvm: GC_CONCURRENT freed 193K, 11% free 9898K/11079K, paused 1ms+3ms
07-18 11:06:00.609   766  1173 D dalvikvm: GC_EXPLICIT freed 517K, 14% free 9610K/11079K, paused 36ms+3ms
07-18 11:06:00.664   766  1173 I Gmail   : MainSyncRequestProto: lowestBkwdConvoId: 0, highestHandledServerOp: 4156463, normalSync: true
07-18 11:06:00.703   141   192 W NetworkStats: dropping UID delta from unknown iface: iface=rmnet0 uid=0 set=DEFAULT tag=0x0 rxBytes=0 rxPackets=0 txBytes=62 txPackets=1 operations=0
07-18 11:06:03.742   766   768 D dalvikvm: GC_CONCURRENT freed 146K, 11% free 9925K/11079K, paused 2ms+5ms
07-18 11:06:03.832   766   768 D dalvikvm: GC_CONCURRENT freed 225K, 9% free 10106K/11079K, paused 2ms+2ms
07-18 11:06:04.262   766   768 D dalvikvm: GC_CONCURRENT freed 846K, 13% free 9653K/11079K, paused 2ms+2ms
07-18 11:06:04.754   766   768 D dalvikvm: GC_CONCURRENT freed 398K, 13% free 9645K/11079K, paused 3ms+5ms
07-18 11:06:05.211   766   768 D dalvikvm: GC_CONCURRENT freed 271K, 12% free 9844K/11079K, paused 3ms+5ms
07-18 11:06:05.488   766   768 D dalvikvm: GC_CONCURRENT freed 537K, 13% free 9726K/11079K, paused 2ms+5ms
07-18 11:06:05.852   766   768 D dalvikvm: GC_CONCURRENT freed 454K, 13% free 9723K/11079K, paused 7ms+2ms
07-18 11:06:07.883   766   768 D dalvikvm: GC_CONCURRENT freed 479K, 13% free 9642K/11079K, paused 2ms+2ms
07-18 11:06:08.195   766   768 D dalvikvm: GC_CONCURRENT freed 387K, 13% free 9646K/11079K, paused 2ms+3ms
07-18 11:06:08.547   766   768 D dalvikvm: GC_CONCURRENT freed 411K, 14% free 9638K/11079K, paused 2ms+3ms
07-18 11:06:08.863   766   768 D dalvikvm: GC_CONCURRENT freed 329K, 13% free 9744K/11079K, paused 6ms+2ms
07-18 11:06:08.938   766   768 D dalvikvm: GC_CONCURRENT freed 381K, 12% free 9846K/11079K, paused 2ms+2ms
07-18 11:06:09.176   766   768 D dalvikvm: GC_CONCURRENT freed 608K, 14% free 9622K/11079K, paused 2ms+2ms
07-18 11:06:09.465   766   768 D dalvikvm: GC_CONCURRENT freed 364K, 13% free 9693K/11079K, paused 7ms+2ms
07-18 11:06:10.031   766   768 D dalvikvm: GC_CONCURRENT freed 393K, 13% free 9702K/11079K, paused 5ms+2ms
07-18 11:06:10.410   766   768 D dalvikvm: GC_CONCURRENT freed 460K, 14% free 9632K/11079K, paused 7ms+2ms
07-18 11:06:10.727   766   768 D dalvikvm: GC_CONCURRENT freed 232K, 11% free 9880K/11079K, paused 4ms+4ms
07-18 11:06:10.934   766   768 D dalvikvm: GC_CONCURRENT freed 652K, 14% free 9614K/11079K, paused 2ms+2ms
07-18 11:06:11.316   766   768 D dalvikvm: GC_CONCURRENT freed 356K, 13% free 9649K/11079K, paused 2ms+3ms
07-18 11:06:11.789   766   768 D dalvikvm: GC_CONCURRENT freed 396K, 13% free 9648K/11079K, paused 6ms+2ms
07-18 11:06:12.141   766   768 D dalvikvm: GC_CONCURRENT freed 378K, 13% free 9675K/11079K, paused 7ms+9ms
07-18 11:06:12.523   766   768 D dalvikvm: GC_CONCURRENT freed 431K, 14% free 9631K/11079K, paused 1ms+2ms
07-18 11:06:13.055   766   768 D dalvikvm: GC_CONCURRENT freed 269K, 12% free 9823K/11079K, paused 3ms+5ms
07-18 11:06:13.949   766  1173 D dalvikvm: GC_EXPLICIT freed 508K, 14% free 9623K/11079K, paused 31ms+3ms
07-18 11:06:14.000   766  1173 I Gmail   : MainSyncRequestProto: lowestBkwdConvoId: 0, highestHandledServerOp: 4156463, normalSync: true
07-18 11:06:16.594   766   768 D dalvikvm: GC_CONCURRENT freed 166K, 11% free 9948K/11079K, paused 3ms+3ms
07-18 11:06:16.992   766   768 D dalvikvm: GC_CONCURRENT freed 657K, 12% free 9771K/11079K, paused 1ms+2ms
07-18 11:06:17.176   766   768 D dalvikvm: GC_CONCURRENT freed 537K, 14% free 9631K/11079K, paused 2ms+2ms
07-18 11:06:17.477   766   768 D dalvikvm: GC_CONCURRENT freed 390K, 14% free 9633K/11079K, paused 2ms+4ms
07-18 11:06:17.902   766   768 D dalvikvm: GC_CONCURRENT freed 395K, 13% free 9671K/11079K, paused 3ms+5ms
07-18 11:06:18.340   766   768 D dalvikvm: GC_CONCURRENT freed 390K, 13% free 9686K/11079K, paused 3ms+5ms
07-18 11:06:18.598   766   768 D dalvikvm: GC_CONCURRENT freed 400K, 13% free 9679K/11079K, paused 2ms+3ms
07-18 11:06:18.895   766   768 D dalvikvm: GC_CONCURRENT freed 216K, 11% free 9934K/11079K, paused 3ms+5ms
07-18 11:06:19.320   766   768 D dalvikvm: GC_CONCURRENT freed 670K, 13% free 9649K/11079K, paused 1ms+3ms
07-18 11:06:21.262   766   768 D dalvikvm: GC_CONCURRENT freed 391K, 13% free 9681K/11079K, paused 4ms+5ms
07-18 11:06:21.574   766   768 D dalvikvm: GC_CONCURRENT freed 401K, 13% free 9694K/11079K, paused 2ms+5ms
07-18 11:06:21.773   766   768 D dalvikvm: GC_CONCURRENT freed 326K, 11% free 9861K/11079K, paused 3ms+4ms
07-18 11:06:21.953   766   768 D dalvikvm: GC_CONCURRENT freed 410K, 12% free 9837K/11079K, paused 1ms+2ms
07-18 11:06:22.309   766   768 D dalvikvm: GC_CONCURRENT freed 583K, 13% free 9671K/11079K, paused 2ms+5ms
07-18 11:06:22.391   766   768 D dalvikvm: GC_CONCURRENT freed 429K, 13% free 9748K/11079K, paused 2ms+2ms
07-18 11:06:22.707   766   768 D dalvikvm: GC_CONCURRENT freed 504K, 13% free 9644K/11079K, paused 1ms+3ms
07-18 11:06:23.227   766   768 D dalvikvm: GC_CONCURRENT freed 386K, 13% free 9661K/11079K, paused 7ms+10ms
07-18 11:06:23.516   766   768 D dalvikvm: GC_CONCURRENT freed 426K, 14% free 9622K/11079K, paused 2ms+3ms
07-18 11:06:23.641   766   768 D dalvikvm: GC_CONCURRENT freed 146K, 11% free 9863K/11079K, paused 2ms+3ms
07-18 11:06:23.941   766   768 D dalvikvm: GC_CONCURRENT freed 621K, 14% free 9629K/11079K, paused 2ms+3ms
07-18 11:06:24.547   766   768 D dalvikvm: GC_CONCURRENT freed 344K, 13% free 9680K/11079K, paused 3ms+5ms
07-18 11:06:24.898   766   768 D dalvikvm: GC_CONCURRENT freed 280K, 12% free 9794K/11079K, paused 6ms+2ms
07-18 11:06:25.121   766   768 D dalvikvm: GC_CONCURRENT freed 563K, 14% free 9631K/11079K, paused 2ms+2ms
07-18 11:06:25.922   766  1173 D dalvikvm: GC_EXPLICIT freed 250K, 14% free 9618K/11079K, paused 32ms+3ms
07-18 11:06:25.969   766  1173 I Gmail   : MainSyncRequestProto: lowestBkwdConvoId: 0, highestHandledServerOp: 4156463, normalSync: true
07-18 11:06:27.344   766   768 D dalvikvm: GC_CONCURRENT freed 260K, 12% free 9752K/11079K, paused 2ms+3ms
07-18 11:06:27.684   766   768 D dalvikvm: GC_CONCURRENT freed 423K, 13% free 9731K/11079K, paused 3ms+5ms
07-18 11:06:28.027   766   768 D dalvikvm: GC_CONCURRENT freed 469K, 13% free 9675K/11079K, paused 3ms+5ms
07-18 11:06:28.270   766   768 D dalvikvm: GC_CONCURRENT freed 441K, 13% free 9652K/11079K, paused 7ms+9ms
07-18 11:06:28.516   766   768 D dalvikvm: GC_CONCURRENT freed 416K, 14% free 9620K/11079K, paused 2ms+2ms
07-18 11:06:28.691   766   768 D dalvikvm: GC_CONCURRENT freed 136K, 11% free 9871K/11079K, paused 4ms+5ms
07-18 11:06:28.871   766   768 D dalvikvm: GC_CONCURRENT freed 607K, 13% free 9702K/11079K, paused 3ms+4ms
07-18 11:06:29.078   766   768 D dalvikvm: GC_CONCURRENT freed 328K, 12% free 9758K/11079K, paused 3ms+4ms
07-18 11:06:29.145   766   768 D dalvikvm: GC_CONCURRENT freed 378K, 11% free 9892K/11079K, paused 2ms+2ms
07-18 11:06:29.422   766   768 D dalvikvm: GC_CONCURRENT freed 648K, 13% free 9727K/11079K, paused 2ms+5ms
07-18 11:06:29.543   766   768 D dalvikvm: GC_CONCURRENT freed 499K, 14% free 9622K/11079K, paused 2ms+2ms
07-18 11:06:29.848   766  1173 D dalvikvm: GC_EXPLICIT freed 77K, 14% free 9606K/11079K, paused 2ms+3ms
07-18 11:06:29.902   766  1173 I Gmail   : MainSyncRequestProto: lowestBkwdConvoId: 0, highestHandledServerOp: 4156463, normalSync: true
07-18 11:06:32.863   766   768 D dalvikvm: GC_CONCURRENT freed 338K, 13% free 9659K/11079K, paused 2ms+3ms
07-18 11:06:33.160   766   768 D dalvikvm: GC_CONCURRENT freed 307K, 12% free 9804K/11079K, paused 3ms+5ms
07-18 11:06:33.520   766   768 D dalvikvm: GC_CONCURRENT freed 545K, 13% free 9713K/11079K, paused 2ms+3ms
07-18 11:06:33.813   766   768 D dalvikvm: GC_CONCURRENT freed 442K, 13% free 9683K/11079K, paused 2ms+4ms
07-18 11:06:35.750   766   768 D dalvikvm: GC_CONCURRENT freed 417K, 13% free 9655K/11079K, paused 3ms+6ms
07-18 11:06:36.301   766   768 D dalvikvm: GC_CONCURRENT freed 300K, 12% free 9821K/11079K, paused 2ms+2ms
07-18 11:06:36.469   766   768 D dalvikvm: GC_CONCURRENT freed 350K, 11% free 9956K/11079K, paused 2ms+2ms
07-18 11:06:36.707   766   768 D dalvikvm: GC_CONCURRENT freed 714K, 14% free 9627K/11079K, paused 2ms+2ms
07-18 11:06:37.223   766   768 D dalvikvm: GC_CONCURRENT freed 364K, 13% free 9658K/11079K, paused 1ms+2ms
07-18 11:06:37.637   766   768 D dalvikvm: GC_CONCURRENT freed 414K, 14% free 9634K/11079K, paused 7ms+11ms
07-18 11:06:38.227   766   768 D dalvikvm: GC_CONCURRENT freed 356K, 13% free 9664K/11079K, paused 4ms+5ms
07-18 11:06:38.816   766   768 D dalvikvm: GC_CONCURRENT freed 324K, 12% free 9787K/11079K, paused 13ms+2ms
07-18 11:06:39.051   766   768 D dalvikvm: GC_CONCURRENT freed 559K, 14% free 9639K/11079K, paused 2ms+2ms
07-18 11:06:39.148   766   768 D dalvikvm: GC_CONCURRENT freed 391K, 14% free 9638K/11079K, paused 1ms+2ms
07-18 11:06:39.660   766   768 D dalvikvm: GC_CONCURRENT freed 246K, 11% free 9895K/11079K, paused 2ms+3ms
07-18 11:06:40.027   766   768 D dalvikvm: GC_CONCURRENT freed 640K, 13% free 9645K/11079K, paused 2ms+2ms
07-18 11:06:40.555   766   768 D dalvikvm: GC_CONCURRENT freed 347K, 13% free 9689K/11079K, paused 3ms+6ms
07-18 11:06:40.906   766   768 D dalvikvm: GC_CONCURRENT freed 233K, 11% free 9932K/11079K, paused 4ms+4ms
07-18 11:06:41.246   766   768 D dalvikvm: GC_CONCURRENT freed 687K, 14% free 9632K/11079K, paused 3ms+5ms
07-18 11:06:41.660   766   768 D dalvikvm: GC_CONCURRENT freed 371K, 13% free 9658K/11079K, paused 1ms+3ms
07-18 11:06:42.313   766  1173 D dalvikvm: GC_EXPLICIT freed 206K, 14% free 9609K/11079K, paused 34ms+3ms
07-18 11:06:42.359   766  1173 I Gmail   : MainSyncRequestProto: lowestBkwdConvoId: 0, highestHandledServerOp: 4156463, normalSync: true
07-18 11:06:45.977   766   768 D dalvikvm: GC_CONCURRENT freed 320K, 13% free 9677K/11079K, paused 2ms+3ms
07-18 11:06:46.246   766   768 D dalvikvm: GC_CONCURRENT freed 429K, 13% free 9645K/11079K, paused 2ms+4ms
07-18 11:06:46.391   766   768 D dalvikvm: GC_CONCURRENT freed 114K, 10% free 9981K/11079K, paused 2ms+2ms
07-18 11:06:46.953   766   768 D dalvikvm: GC_CONCURRENT freed 690K, 13% free 9684K/11079K, paused 2ms+3ms
07-18 11:06:47.488   766   768 D dalvikvm: GC_CONCURRENT freed 359K, 13% free 9717K/11079K, paused 3ms+6ms
07-18 11:06:47.766   766   768 D dalvikvm: GC_CONCURRENT freed 347K, 12% free 9815K/11079K, paused 2ms+2ms
07-18 11:06:48.066   766   768 D dalvikvm: GC_CONCURRENT freed 562K, 13% free 9640K/11079K, paused 3ms+4ms
07-18 11:06:48.223   766   768 D dalvikvm: GC_CONCURRENT freed 399K, 14% free 9635K/11079K, paused 1ms+3ms
07-18 11:06:48.434   766   768 D dalvikvm: GC_CONCURRENT freed 168K, 11% free 9880K/11079K, paused 2ms+3ms
07-18 11:06:48.969   766   768 D dalvikvm: GC_CONCURRENT freed 619K, 13% free 9653K/11079K, paused 1ms+3ms
07-18 11:06:49.520   766   768 D dalvikvm: GC_CONCURRENT freed 382K, 13% free 9667K/11079K, paused 7ms+10ms
07-18 11:06:49.922   766   768 D dalvikvm: GC_CONCURRENT freed 419K, 13% free 9681K/11079K, paused 12ms+2ms
07-18 11:06:50.219   766   768 D dalvikvm: GC_CONCURRENT freed 417K, 13% free 9650K/11079K, paused 3ms+5ms
07-18 11:06:52.254   766   768 D dalvikvm: GC_CONCURRENT freed 384K, 13% free 9659K/11079K, paused 2ms+3ms
07-18 11:06:52.703   766   768 D dalvikvm: GC_CONCURRENT freed 389K, 13% free 9656K/11079K, paused 3ms+5ms
07-18 11:06:52.816   766   768 D dalvikvm: GC_CONCURRENT freed 401K, 13% free 9650K/11079K, paused 1ms+2ms
07-18 11:06:53.137   766   768 D dalvikvm: GC_CONCURRENT freed 381K, 13% free 9673K/11079K, paused 2ms+2ms
07-18 11:06:53.617   766   768 D dalvikvm: GC_CONCURRENT freed 414K, 13% free 9649K/11079K, paused 2ms+3ms
07-18 11:06:53.719   766   768 D dalvikvm: GC_CONCURRENT freed 381K, 13% free 9680K/11079K, paused 2ms+2ms
07-18 11:06:54.059   766   768 D dalvikvm: GC_CONCURRENT freed 277K, 12% free 9803K/11079K, paused 2ms+2ms
07-18 11:06:54.488   766   768 D dalvikvm: GC_CONCURRENT freed 544K, 13% free 9645K/11079K, paused 1ms+3ms
07-18 11:06:54.762   766   768 D dalvikvm: GC_CONCURRENT freed 401K, 14% free 9628K/11079K, paused 1ms+2ms
07-18 11:06:54.957   766   768 D dalvikvm: GC_CONCURRENT freed 180K, 11% free 9877K/11079K, paused 2ms+2ms
07-18 11:06:55.027   766   768 D dalvikvm: GC_CONCURRENT freed 405K, 11% free 9867K/11079K, paused 2ms+2ms
07-18 11:06:55.395   766   768 D dalvikvm: GC_CONCURRENT freed 499K, 12% free 9782K/11079K, paused 1ms+2ms
07-18 11:06:55.824   766   768 D dalvikvm: GC_CONCURRENT freed 538K, 14% free 9629K/11079K, paused 1ms+2ms
07-18 11:06:56.207   766  1173 D dalvikvm: GC_EXPLICIT freed 108K, 14% free 9606K/11079K, paused 32ms+3ms
07-18 11:06:56.258   766  1173 I Gmail   : MainSyncRequestProto: lowestBkwdConvoId: 0, highestHandledServerOp: 4156463, normalSync: true
07-18 11:06:59.152   766   768 D dalvikvm: GC_CONCURRENT freed 347K, 13% free 9668K/11079K, paused 2ms+2ms
07-18 11:06:59.328   766   768 D dalvikvm: GC_CONCURRENT freed 331K, 13% free 9746K/11079K, paused 2ms+5ms
07-18 11:06:59.563   766   768 D dalvikvm: GC_CONCURRENT freed 358K, 12% free 9782K/11079K, paused 2ms+3ms
07-18 11:07:00.066   766   768 D dalvikvm: GC_CONCURRENT freed 519K, 13% free 9648K/11079K, paused 5ms+3ms
07-18 11:07:00.355   766   768 D dalvikvm: GC_CONCURRENT freed 393K, 14% free 9639K/11079K, paused 2ms+2ms
07-18 11:07:00.680   766   768 D dalvikvm: GC_CONCURRENT freed 391K, 14% free 9635K/11079K, paused 2ms+5ms
07-18 11:07:01.063   766   768 D dalvikvm: GC_CONCURRENT freed 325K, 13% free 9709K/11079K, paused 3ms+6ms
07-18 11:07:01.336   766   768 D dalvikvm: GC_CONCURRENT freed 461K, 14% free 9639K/11079K, paused 3ms+5ms
07-18 11:07:01.641   766   768 D dalvikvm: GC_CONCURRENT freed 284K, 12% free 9769K/11079K, paused 3ms+5ms
07-18 11:07:01.832   766   768 D dalvikvm: GC_CONCURRENT freed 512K, 13% free 9669K/11079K, paused 2ms+3ms
07-18 11:07:02.520   766   768 D dalvikvm: GC_CONCURRENT freed 411K, 13% free 9664K/11079K, paused 7ms+2ms
07-18 11:07:02.707   766   768 D dalvikvm: GC_CONCURRENT freed 165K, 11% free 9958K/11079K, paused 1ms+2ms
07-18 11:07:02.984   766   768 D dalvikvm: GC_CONCURRENT freed 643K, 13% free 9706K/11079K, paused 3ms+5ms
07-18 11:07:03.348   766   768 D dalvikvm: GC_CONCURRENT freed 460K, 13% free 9641K/11079K, paused 6ms+2ms
07-18 11:07:03.820   766   768 D dalvikvm: GC_CONCURRENT freed 368K, 13% free 9659K/11079K, paused 1ms+3ms
07-18 11:07:06.086   766   768 D dalvikvm: GC_CONCURRENT freed 388K, 13% free 9655K/11079K, paused 1ms+3ms
07-18 11:07:06.625   766   768 D dalvikvm: GC_CONCURRENT freed 290K, 12% free 9752K/11079K, paused 3ms+3ms
07-18 11:07:07.039   766   768 D dalvikvm: GC_CONCURRENT freed 488K, 13% free 9655K/11079K, paused 2ms+5ms
07-18 11:07:07.277   766   768 D dalvikvm: GC_CONCURRENT freed 419K, 14% free 9624K/11079K, paused 2ms+2ms
07-18 11:07:07.754   766   768 D dalvikvm: GC_CONCURRENT freed 315K, 13% free 9727K/11079K, paused 6ms+3ms
07-18 11:07:08.254   766   768 D dalvikvm: GC_CONCURRENT freed 462K, 13% free 9653K/11079K, paused 1ms+2ms
07-18 11:07:09.129   766  1173 D dalvikvm: GC_EXPLICIT freed 336K, 14% free 9626K/11079K, paused 16ms+3ms
07-18 11:07:09.176   766  1173 I Gmail   : MainSyncRequestProto: lowestBkwdConvoId: 0, highestHandledServerOp: 4156463, normalSync: true
07-18 11:07:09.281   141   143 D dalvikvm: GC_CONCURRENT freed 915K, 11% free 13460K/15047K, paused 2ms+5ms
07-18 11:07:12.598   766   768 D dalvikvm: GC_CONCURRENT freed 267K, 12% free 9774K/11079K, paused 3ms+6ms
07-18 11:07:12.828   766   768 D dalvikvm: GC_CONCURRENT freed 554K, 14% free 9604K/11079K, paused 1ms+2ms
07-18 11:07:13.016   766   768 D dalvikvm: GC_CONCURRENT freed 391K, 14% free 9618K/11079K, paused 2ms+2ms
07-18 11:07:13.121   766   768 D dalvikvm: GC_CONCURRENT freed 387K, 14% free 9618K/11079K, paused 2ms+2ms
07-18 11:07:13.668   766   768 D dalvikvm: GC_CONCURRENT freed 378K, 14% free 9629K/11079K, paused 2ms+2ms
07-18 11:07:14.141   766   768 D dalvikvm: GC_CONCURRENT freed 338K, 13% free 9713K/11079K, paused 4ms+5ms
07-18 11:07:14.586   766   768 D dalvikvm: GC_CONCURRENT freed 395K, 12% free 9778K/11079K, paused 7ms+2ms
07-18 11:07:14.785   766   768 D dalvikvm: GC_CONCURRENT freed 546K, 14% free 9625K/11079K, paused 3ms+5ms
07-18 11:07:15.227   766   768 D dalvikvm: GC_CONCURRENT freed 305K, 12% free 9779K/11079K, paused 3ms+6ms
07-18 11:07:15.516   766   768 D dalvikvm: GC_CONCURRENT freed 374K, 11% free 9886K/11079K, paused 2ms+3ms
07-18 11:07:15.840   766   768 D dalvikvm: GC_CONCURRENT freed 535K, 12% free 9848K/11079K, paused 4ms+5ms
07-18 11:07:16.199   766   768 D dalvikvm: GC_CONCURRENT freed 618K, 14% free 9626K/11079K, paused 2ms+2ms
07-18 11:07:16.641   766   768 D dalvikvm: GC_CONCURRENT freed 399K, 14% free 9623K/11079K, paused 6ms+2ms
07-18 11:07:16.930   766   768 D dalvikvm: GC_CONCURRENT freed 382K, 13% free 9740K/11079K, paused 3ms+4ms
07-18 11:07:17.504   766   768 D dalvikvm: GC_CONCURRENT freed 487K, 13% free 9640K/11079K, paused 6ms+2ms
07-18 11:07:17.859   766   768 D dalvikvm: GC_CONCURRENT freed 311K, 13% free 9746K/11079K, paused 6ms+9ms
07-18 11:07:17.953   766   768 D dalvikvm: GC_CONCURRENT freed 440K, 13% free 9725K/11079K, paused 1ms+2ms
07-18 11:07:18.500   766   768 D dalvikvm: GC_CONCURRENT freed 481K, 13% free 9664K/11079K, paused 2ms+2ms
07-18 11:07:19.445   766   768 D dalvikvm: GC_CONCURRENT freed 452K, 14% free 9599K/11079K, paused 1ms+2ms
07-18 11:07:19.805   766   768 D dalvikvm: GC_CONCURRENT freed 393K, 14% free 9628K/11079K, paused 1ms+2ms
07-18 11:07:20.125   766   768 D dalvikvm: GC_CONCURRENT freed 331K, 12% free 9752K/11079K, paused 1ms+2ms
07-18 11:07:20.500   766   768 D dalvikvm: GC_CONCURRENT freed 510K, 13% free 9665K/11079K, paused 6ms+2ms
07-18 11:07:20.730   766   768 D dalvikvm: GC_CONCURRENT freed 457K, 14% free 9608K/11079K, paused 1ms+2ms
07-18 11:07:21.258   766   768 D dalvikvm: GC_CONCURRENT freed 363K, 14% free 9634K/11079K, paused 2ms+5ms
07-18 11:07:22.000   766  1173 D dalvikvm: GC_EXPLICIT freed 282K, 14% free 9601K/11079K, paused 16ms+3ms
07-18 11:07:22.047   766  1173 I Gmail   : MainSyncRequestProto: lowestBkwdConvoId: 0, highestHandledServerOp: 4156463, normalSync: true
07-18 11:07:24.273   766   768 D dalvikvm: GC_CONCURRENT freed 360K, 13% free 9706K/11079K, paused 2ms+3ms
07-18 11:07:24.605   766   768 D dalvikvm: GC_CONCURRENT freed 311K, 12% free 9851K/11079K, paused 3ms+4ms
07-18 11:07:24.988   766   768 D dalvikvm: GC_CONCURRENT freed 611K, 14% free 9627K/11079K, paused 2ms+3ms
07-18 11:07:25.105   766   768 D dalvikvm: GC_CONCURRENT freed 143K, 11% free 9945K/11079K, paused 2ms+2ms
07-18 11:07:25.926   766   768 D dalvikvm: GC_CONCURRENT freed 706K, 14% free 9632K/11079K, paused 2ms+2ms
07-18 11:07:26.227   766   768 D dalvikvm: GC_CONCURRENT freed 412K, 14% free 9614K/11079K, paused 1ms+2ms
07-18 11:07:26.789   766   768 D dalvikvm: GC_CONCURRENT freed 371K, 14% free 9636K/11079K, paused 2ms+2ms
07-18 11:07:27.324   766   768 D dalvikvm: GC_CONCURRENT freed 406K, 14% free 9629K/11079K, paused 2ms+3ms
07-18 11:07:27.715   766   768 D dalvikvm: GC_CONCURRENT freed 317K, 13% free 9706K/11079K, paused 1ms+2ms
07-18 11:07:28.137   766   768 D dalvikvm: GC_CONCURRENT freed 463K, 14% free 9630K/11079K, paused 6ms+2ms
07-18 11:07:28.352   766   768 D dalvikvm: GC_CONCURRENT freed 423K, 14% free 9609K/11079K, paused 1ms+2ms
07-18 11:07:29.055   766   768 D dalvikvm: GC_CONCURRENT freed 317K, 13% free 9677K/11079K, paused 6ms+2ms
07-18 11:07:29.496   766   768 D dalvikvm: GC_CONCURRENT freed 440K, 14% free 9624K/11079K, paused 3ms+5ms
07-18 11:07:29.805   766   768 D dalvikvm: GC_CONCURRENT freed 403K, 13% free 9662K/11079K, paused 3ms+4ms
07-18 11:07:30.258   766   768 D dalvikvm: GC_CONCURRENT freed 318K, 12% free 9781K/11079K, paused 7ms+2ms
07-18 11:07:30.578   766   768 D dalvikvm: GC_CONCURRENT freed 556K, 14% free 9625K/11079K, paused 2ms+3ms
07-18 11:07:30.828   766   768 D dalvikvm: GC_CONCURRENT freed 402K, 13% free 9718K/11079K, paused 2ms+2ms
07-18 11:07:31.059   766   768 D dalvikvm: GC_CONCURRENT freed 509K, 14% free 9595K/11079K, paused 1ms+2ms
07-18 11:07:31.773   766   768 D dalvikvm: GC_CONCURRENT freed 352K, 14% free 9638K/11079K, paused 13ms+2ms
07-18 11:07:34.199   766   768 D dalvikvm: GC_CONCURRENT freed 419K, 14% free 9606K/11079K, paused 1ms+2ms
07-18 11:07:34.629   766  1173 D dalvikvm: GC_EXPLICIT freed 86K, 14% free 9580K/11079K, paused 32ms+2ms
07-18 11:07:34.672   766  1173 I Gmail   : MainSyncRequestProto: lowestBkwdConvoId: 0, highestHandledServerOp: 4156463, normalSync: true
07-18 11:07:34.766   141   157 D dalvikvm: GC_EXPLICIT freed 124K, 11% free 13410K/15047K, paused 3ms+5ms
07-18 11:07:37.883   766   768 D dalvikvm: GC_CONCURRENT freed 321K, 13% free 9654K/11079K, paused 7ms+2ms
07-18 11:07:38.277   766   768 D dalvikvm: GC_CONCURRENT freed 420K, 14% free 9625K/11079K, paused 6ms+3ms
07-18 11:07:38.570   766   768 D dalvikvm: GC_CONCURRENT freed 432K, 13% free 9683K/11079K, paused 3ms+5ms
07-18 11:07:39.063   766   768 D dalvikvm: GC_CONCURRENT freed 399K, 13% free 9692K/11079K, paused 4ms+5ms
07-18 11:07:39.594   766   768 D dalvikvm: GC_CONCURRENT freed 453K, 13% free 9641K/11079K, paused 1ms+2ms
07-18 11:07:39.863   766   768 D dalvikvm: GC_CONCURRENT freed 415K, 14% free 9612K/11079K, paused 2ms+3ms
07-18 11:07:40.730   766   768 D dalvikvm: GC_CONCURRENT freed 344K, 13% free 9651K/11079K, paused 12ms+2ms
07-18 11:07:41.242   766   768 D dalvikvm: GC_CONCURRENT freed 400K, 13% free 9667K/11079K, paused 1ms+2ms
07-18 11:07:41.836   766   768 D dalvikvm: GC_CONCURRENT freed 431K, 13% free 9640K/11079K, paused 6ms+3ms
07-18 11:07:42.383   766   768 D dalvikvm: GC_CONCURRENT freed 404K, 13% free 9646K/11079K, paused 2ms+5ms
07-18 11:07:42.844   766   768 D dalvikvm: GC_CONCURRENT freed 302K, 12% free 9804K/11079K, paused 6ms+2ms
07-18 11:07:43.465   766   768 D dalvikvm: GC_CONCURRENT freed 563K, 14% free 9633K/11079K, paused 7ms+11ms
07-18 11:07:43.973   766   768 D dalvikvm: GC_CONCURRENT freed 392K, 14% free 9630K/11079K, paused 2ms+2ms
07-18 11:07:44.324   766   768 D dalvikvm: GC_CONCURRENT freed 411K, 14% free 9611K/11079K, paused 2ms+2ms
07-18 11:07:44.660   766   768 D dalvikvm: GC_CONCURRENT freed 392K, 14% free 9619K/11079K, paused 1ms+3ms
07-18 11:07:44.863   766   768 D dalvikvm: GC_CONCURRENT freed 361K, 13% free 9707K/11079K, paused 2ms+2ms
07-18 11:07:45.242   766   768 D dalvikvm: GC_CONCURRENT freed 438K, 13% free 9693K/11079K, paused 7ms+2ms
07-18 11:07:45.621   766   768 D dalvikvm: GC_CONCURRENT freed 478K, 14% free 9601K/11079K, paused 7ms+2ms
07-18 11:07:46.453   766  1173 D dalvikvm: GC_EXPLICIT freed 153K, 14% free 9578K/11079K, paused 16ms+3ms
07-18 11:07:46.496   766  1173 I Gmail   : MainSyncRequestProto: lowestBkwdConvoId: 0, highestHandledServerOp: 4156463, normalSync: true
07-18 11:07:46.934   459  1052 I PhoneLab-: Service Running
07-18 11:07:47.000   459  1052 I PhoneLab-LoggerService: app_38    1055  459   1428   1060  c00f181c 400107b4 S logcat
07-18 11:07:47.000   459  1052 I PhoneLab-LoggerService: Logcat pid from database 1055
07-18 11:07:47.000   459  1052 I PhoneLab-LoggerService: Logcat process found 1055
07-18 11:07:47.000   459  1052 I PhoneLab-LoggerService: Checking Threshold
07-18 11:07:47.000   459  1052 I PhoneLab-LoggerService: Starting to rename files
07-18 11:07:47.000   459  1052 I PhoneLab-LoggerService: Files found .. 2
07-18 11:07:47.398   459   459 I PhoneLab-Locks: wake lock acquired
07-18 11:07:47.430   459   459 I PhoneLab-StatusMonitor: Status Monitoring is started
07-18 11:07:47.484   459   462 D dalvikvm: GC_CONCURRENT freed 499K, 6% free 9224K/9799K, paused 1ms+3ms
07-18 11:07:47.512   459   459 I PhoneLab-StatusMonitor: Value: 10 - unit: min
07-18 11:07:47.512   459   459 I PhoneLab-StatusMonitor: Running interval: 600000
07-18 11:07:47.520   459   459 I PhoneLab-StatusMonitor: Rescheduling status monitoring...
07-18 11:07:47.520   459   459 I PhoneLab-Locks: wake lock released
07-18 11:07:47.523   459   459 I PhoneLab-StatusMonitorLocation: Learning Location
07-18 11:07:47.523   459   459 I PhoneLab-Locks: wake lock acquired
07-18 11:07:47.527   459   459 I PhoneLab-Locks: wake lock acquired
07-18 11:07:47.527   274   556 D androidNetworkLocationListeners: Still have listener com.google.android.location.internal.client.NetworkLocationClient$1@4139a548
07-18 11:07:47.531   459   459 I PhoneLab-StatusMonitorLocation: Learning Signal Strgth
07-18 11:07:47.531   459   459 I PhoneLab-Locks: wake lock acquired
07-18 11:07:47.539   274   556 D androidNetworkLocationListeners: Still have listener com.google.android.location.internal.client.NetworkLocationClient$1@4139a548
07-18 11:07:47.543   459   459 I PhoneLab-StatusMonitorBattery: Battery_level: 73
07-18 11:07:47.547   459   459 I PhoneLab-Locks: wake lock released
07-18 11:07:47.547   459   459 I PhoneLab-StatusMonitorSignal: Signal_Strength: -76 asu: 19
07-18 11:07:47.547   459   459 I PhoneLab-Locks: wake lock released
07-18 11:07:48.051   766   768 D dalvikvm: GC_CONCURRENT freed 326K, 13% free 9663K/11079K, paused 2ms+3ms
07-18 11:07:48.340   766   768 D dalvikvm: GC_CONCURRENT freed 429K, 14% free 9631K/11079K, paused 2ms+5ms
07-18 11:07:48.566   766   768 D dalvikvm: GC_CONCURRENT freed 407K, 14% free 9631K/11079K, paused 2ms+2ms
07-18 11:07:48.668   766   768 D dalvikvm: GC_CONCURRENT freed 397K, 14% free 9636K/11079K, paused 2ms+2ms
07-18 11:07:48.777   459   459 I PhoneLab-StatusMonitorLocation: Location_Latitude: 42.9949802 Longitude: -78.6862432 Accuracy: 25.0
07-18 11:07:48.777   274   556 D androidNetworkLocationListeners: Still have listener com.google.android.location.internal.client.NetworkLocationClient$1@4139a548
07-18 11:07:48.777   459   459 I PhoneLab-Locks: wake lock released
07-18 11:07:48.824   766   768 D dalvikvm: GC_CONCURRENT freed 379K, 13% free 9651K/11079K, paused 2ms+2ms
07-18 11:07:49.270   766   768 D dalvikvm: GC_CONCURRENT freed 413K, 14% free 9623K/11079K, paused 2ms+3ms
07-18 11:07:49.578   766  1173 D dalvikvm: GC_EXPLICIT freed 77K, 14% free 9584K/11079K, paused 8ms+2ms
07-18 11:07:49.617   766  1173 I Gmail   : MainSyncRequestProto: lowestBkwdConvoId: 0, highestHandledServerOp: 4156463, normalSync: true
07-18 11:07:50.113   274   276 D dalvikvm: GC_CONCURRENT freed 523K, 7% free 10280K/10951K, paused 2ms+4ms
07-18 11:07:52.590   766   768 D dalvikvm: GC_CONCURRENT freed 148K, 11% free 9934K/11079K, paused 2ms+2ms
07-18 11:07:52.855   766   768 D dalvikvm: GC_CONCURRENT freed 730K, 13% free 9643K/11079K, paused 2ms+2ms
07-18 11:07:53.094   766   768 D dalvikvm: GC_CONCURRENT freed 334K, 13% free 9714K/11079K, paused 2ms+2ms
07-18 11:07:53.625   766   768 D dalvikvm: GC_CONCURRENT freed 477K, 14% free 9635K/11079K, paused 1ms+2ms
07-18 11:07:54.500   766   768 D dalvikvm: GC_CONCURRENT freed 367K, 13% free 9654K/11079K, paused 2ms+3ms
07-18 11:07:55.039   766   768 D dalvikvm: GC_CONCURRENT freed 412K, 13% free 9716K/11079K, paused 3ms+5ms
07-18 11:07:55.539   766   768 D dalvikvm: GC_CONCURRENT freed 475K, 13% free 9664K/11079K, paused 7ms+2ms
07-18 11:07:56.125   766   768 D dalvikvm: GC_CONCURRENT freed 428K, 14% free 9634K/11079K, paused 2ms+2ms
07-18 11:07:56.570   766   768 D dalvikvm: GC_CONCURRENT freed 400K, 14% free 9629K/11079K, paused 2ms+2ms
07-18 11:07:56.961   766   768 D dalvikvm: GC_CONCURRENT freed 394K, 14% free 9636K/11079K, paused 4ms+5ms
07-18 11:07:57.695   766   768 D dalvikvm: GC_CONCURRENT freed 385K, 14% free 9637K/11079K, paused 6ms+3ms
07-18 11:07:57.898   766   768 D dalvikvm: GC_CONCURRENT freed 190K, 12% free 9834K/11079K, paused 3ms+4ms
07-18 11:07:58.410   766   768 D dalvikvm: GC_CONCURRENT freed 559K, 13% free 9697K/11079K, paused 7ms+3ms
07-18 11:07:58.906   766   768 D dalvikvm: GC_CONCURRENT freed 482K, 13% free 9669K/11079K, paused 1ms+2ms
07-18 11:07:59.320   766   768 D dalvikvm: GC_CONCURRENT freed 430K, 13% free 9655K/11079K, paused 2ms+3ms
07-18 11:07:59.602   766   768 D dalvikvm: GC_CONCURRENT freed 442K, 14% free 9599K/11079K, paused 2ms+2ms
07-18 11:08:00.090   766   768 D dalvikvm: GC_CONCURRENT freed 356K, 13% free 9643K/11079K, paused 1ms+3ms
07-18 11:08:00.531   766   768 D dalvikvm: GC_CONCURRENT freed 389K, 13% free 9743K/11079K, paused 7ms+2ms
07-18 11:08:01.289   766  1173 D dalvikvm: GC_EXPLICIT freed 367K, 14% free 9594K/11079K, paused 33ms+3ms
07-18 11:08:01.332   766  1173 I Gmail   : MainSyncRequestProto: lowestBkwdConvoId: 0, highestHandledServerOp: 4156463, normalSync: true
07-18 11:08:04.273   766   768 D dalvikvm: GC_CONCURRENT freed 354K, 13% free 9687K/11079K, paused 7ms+5ms
07-18 11:08:06.566   766   768 D dalvikvm: GC_CONCURRENT freed 298K, 12% free 9835K/11079K, paused 2ms+3ms
07-18 11:08:06.730   766   768 D dalvikvm: GC_CONCURRENT freed 415K, 12% free 9854K/11079K, paused 3ms+4ms
07-18 11:08:06.801   766   768 D dalvikvm: GC_CONCURRENT freed 403K, 12% free 9845K/11079K, paused 2ms+2ms
07-18 11:08:07.074   766   768 D dalvikvm: GC_CONCURRENT freed 593K, 13% free 9730K/11079K, paused 3ms+5ms
07-18 11:08:07.500   766   768 D dalvikvm: GC_CONCURRENT freed 468K, 13% free 9665K/11079K, paused 3ms+6ms
07-18 11:08:07.910   766   768 D dalvikvm: GC_CONCURRENT freed 432K, 14% free 9619K/11079K, paused 6ms+2ms
07-18 11:08:08.105   766   768 D dalvikvm: GC_CONCURRENT freed 422K, 13% free 9663K/11079K, paused 2ms+2ms
07-18 11:08:08.438   766   768 D dalvikvm: GC_CONCURRENT freed 425K, 14% free 9630K/11079K, paused 2ms+3ms
07-18 11:08:08.906   766   768 D dalvikvm: GC_CONCURRENT freed 351K, 13% free 9675K/11079K, paused 2ms+3ms
07-18 11:08:09.445   766   768 D dalvikvm: GC_CONCURRENT freed 430K, 13% free 9693K/11079K, paused 2ms+2ms
07-18 11:08:09.910   766   768 D dalvikvm: GC_CONCURRENT freed 450K, 13% free 9641K/11079K, paused 1ms+2ms
07-18 11:08:10.188   766   768 D dalvikvm: GC_CONCURRENT freed 288K, 12% free 9823K/11079K, paused 7ms+2ms
07-18 11:08:10.395   766   768 D dalvikvm: GC_CONCURRENT freed 614K, 14% free 9597K/11079K, paused 3ms+2ms
07-18 11:08:10.504   766   768 D dalvikvm: GC_CONCURRENT freed 390K, 13% free 9672K/11079K, paused 2ms+2ms
07-18 11:08:10.902   766   768 D dalvikvm: GC_CONCURRENT freed 405K, 13% free 9681K/11079K, paused 2ms+3ms
07-18 11:08:11.297   766   768 D dalvikvm: GC_CONCURRENT freed 430K, 13% free 9674K/11079K, paused 2ms+2ms
07-18 11:08:12.043   766   768 D dalvikvm: GC_CONCURRENT freed 418K, 13% free 9657K/11079K, paused 2ms+2ms
07-18 11:08:12.645   766   768 D dalvikvm: GC_CONCURRENT freed 405K, 13% free 9640K/11079K, paused 7ms+2ms
07-18 11:08:13.066   766   768 D dalvikvm: GC_CONCURRENT freed 387K, 13% free 9649K/11079K, paused 2ms+2ms
07-18 11:08:13.566   766   768 D dalvikvm: GC_CONCURRENT freed 413K, 13% free 9645K/11079K, paused 4ms+5ms
07-18 11:08:14.996   766   768 D dalvikvm: GC_CONCURRENT freed 400K, 13% free 9654K/11079K, paused 13ms+3ms
07-18 11:08:15.254   766   768 D dalvikvm: GC_CONCURRENT freed 449K, 14% free 9592K/11079K, paused 1ms+2ms
07-18 11:08:15.871   766  1173 D dalvikvm: GC_EXPLICIT freed 169K, 14% free 9579K/11079K, paused 16ms+2ms
07-18 11:08:15.910   766  1173 I Gmail   : MainSyncRequestProto: lowestBkwdConvoId: 0, highestHandledServerOp: 4156501, normalSync: true
07-18 11:08:15.957   239   262 D dalvikvm: GC_EXPLICIT freed 278K, 6% free 9355K/9927K, paused 2ms+3ms
07-18 11:08:19.121   766   768 D dalvikvm: GC_CONCURRENT freed 328K, 13% free 9658K/11079K, paused 2ms+3ms
07-18 11:08:19.469   766   768 D dalvikvm: GC_CONCURRENT freed 405K, 13% free 9668K/11079K, paused 7ms+10ms
07-18 11:08:19.793   766   768 D dalvikvm: GC_CONCURRENT freed 341K, 13% free 9738K/11079K, paused 3ms+4ms
07-18 11:08:20.074   766   768 D dalvikvm: GC_CONCURRENT freed 520K, 14% free 9616K/11079K, paused 2ms+3ms
07-18 11:08:20.238   766   768 D dalvikvm: GC_CONCURRENT freed 211K, 11% free 9868K/11079K, paused 2ms+2ms
07-18 11:08:20.664   766   768 D dalvikvm: GC_CONCURRENT freed 524K, 12% free 9787K/11079K, paused 3ms+5ms
07-18 11:08:21.098   766   768 D dalvikvm: GC_CONCURRENT freed 544K, 14% free 9632K/11079K, paused 2ms+3ms
07-18 11:08:21.383   766   768 D dalvikvm: GC_CONCURRENT freed 392K, 13% free 9646K/11079K, paused 2ms+4ms
07-18 11:08:21.500   766   768 D dalvikvm: GC_CONCURRENT freed 441K, 14% free 9599K/11079K, paused 2ms+3ms
07-18 11:08:21.926   766   768 D dalvikvm: GC_CONCURRENT freed 362K, 13% free 9658K/11079K, paused 12ms+2ms
07-18 11:08:22.270   766   768 D dalvikvm: GC_CONCURRENT freed 428K, 14% free 9617K/11079K, paused 2ms+2ms
07-18 11:08:22.570   766   768 D dalvikvm: GC_CONCURRENT freed 394K, 14% free 9616K/11079K, paused 1ms+2ms
07-18 11:08:22.891   766   768 D dalvikvm: GC_CONCURRENT freed 397K, 14% free 9615K/11079K, paused 7ms+2ms
07-18 11:08:23.281   766   768 D dalvikvm: GC_CONCURRENT freed 363K, 13% free 9666K/11079K, paused 6ms+2ms
07-18 11:08:23.441   141   491 I ActivityManager: No longer want com.android.settings (pid 353): hidden #16
07-18 11:08:23.535   766   768 D dalvikvm: GC_CONCURRENT freed 196K, 11% free 9934K/11079K, paused 2ms+2ms
07-18 11:08:23.699   766  1173 D dalvikvm: GC_EXPLICIT freed 404K, 14% free 9579K/11079K, paused 3ms+7ms
07-18 11:08:23.770   766  1173 I Gmail   : MainSyncRequestProto: lowestBkwdConvoId: 0, highestHandledServerOp: 4156501, normalSync: true
07-18 11:08:23.848   766  1173 D dalvikvm: GC_EXPLICIT freed 45K, 14% free 9581K/11079K, paused 5ms+2ms
07-18 11:08:23.852   766  1173 W Gmail   : Scheduling index for 300000 ms from now
07-18 11:08:23.875   766  1173 I Gmail   : Sending notification intent: Intent { act=android.intent.action.PROVIDER_CHANGED dat=content://gmail-ls/unread/^i (has extras) }
07-18 11:08:23.898   766  1266 W Gmail   : Showing notification with unreadCount of 100 and unseenCount of 100
07-18 11:08:23.980   766  1173 I Gmail   : Sending notification intent: Intent { act=android.intent.action.PROVIDER_CHANGED dat=content://gmail-ls/unread/^iim (has extras) }
07-18 11:08:24.000   211   213 D dalvikvm: GC_CONCURRENT freed 214K, 6% free 10255K/10887K, paused 2ms+2ms
07-18 11:08:24.039   141   165 D SyncManager: handleSyncHandlerMessage: dropping since the sync is no longer active: startTime 352367, mTimeoutStartTime 352367, mHistoryRowId 3, syncOperation drqiao02@gmail.com (com.google), gmail-ls, PERIODIC, earliestRunTime 26165
07-18 11:08:24.281   295  1270 I DownloadManager: Initiating request for download 487
07-18 11:08:25.055   295   298 D dalvikvm: GC_CONCURRENT freed 346K, 6% free 9393K/9991K, paused 3ms+6ms
07-18 11:08:25.988   274   276 D dalvikvm: GC_CONCURRENT freed 282K, 5% free 10407K/10951K, paused 16ms+3ms
07-18 11:08:26.668   766  1278 E Gmail   : No attachments found with downloadId 487
07-18 11:08:27.234   274   276 D dalvikvm: GC_CONCURRENT freed 182K, 3% free 10654K/10951K, paused 2ms+3ms
07-18 11:08:27.289   274   282 I dalvikvm: Jit: resizing JitTable from 4096 to 8192
07-18 11:08:27.355   442   445 D dalvikvm: GC_CONCURRENT freed 400K, 6% free 9458K/9991K, paused 9ms+3ms
07-18 11:08:27.641   274   276 D dalvikvm: GC_CONCURRENT freed 345K, 4% free 10822K/11271K, paused 2ms+3ms
07-18 11:08:27.816   442   445 D dalvikvm: GC_CONCURRENT freed 182K, 4% free 9690K/9991K, paused 2ms+3ms
07-18 11:08:28.512   442   445 D dalvikvm: GC_CONCURRENT freed 315K, 5% free 9798K/10247K, paused 2ms+3ms
07-18 11:08:28.777   442   445 D dalvikvm: GC_CONCURRENT freed 408K, 6% free 9831K/10375K, paused 2ms+3ms
07-18 11:08:28.875   141   491 D dalvikvm: GC_EXPLICIT freed 797K, 12% free 13353K/15047K, paused 2ms+6ms
07-18 11:08:29.063   442   445 D dalvikvm: GC_CONCURRENT freed 411K, 6% free 9828K/10375K, paused 2ms+3ms
07-18 11:08:29.445   442   445 D dalvikvm: GC_CONCURRENT freed 407K, 6% free 9831K/10375K, paused 1ms+2ms
07-18 11:08:30.953   442   445 D dalvikvm: GC_CONCURRENT freed 737K, 9% free 9520K/10375K, paused 2ms+2ms
07-18 11:08:31.125   442   445 D dalvikvm: GC_CONCURRENT freed 147K, 6% free 9760K/10375K, paused 1ms+2ms
07-18 11:08:31.234   442   465 D dalvikvm: GC_EXPLICIT freed 138K, 6% free 9785K/10375K, paused 2ms+3ms
07-18 11:08:31.508   442   445 D dalvikvm: GC_CONCURRENT freed 311K, 5% free 9864K/10375K, paused 2ms+4ms
07-18 11:08:31.707   442   445 D dalvikvm: GC_CONCURRENT freed 445K, 6% free 9862K/10439K, paused 2ms+2ms
07-18 11:08:32.289   442   445 D dalvikvm: GC_CONCURRENT freed 395K, 6% free 9911K/10439K, paused 2ms+2ms
07-18 11:08:33.777   274   276 D dalvikvm: GC_CONCURRENT freed 476K, 6% free 10859K/11463K, paused 2ms+3ms
07-18 11:08:33.941   442   445 D dalvikvm: GC_CONCURRENT freed 639K, 8% free 9691K/10439K, paused 2ms+3ms
07-18 11:08:34.141   442   445 D dalvikvm: GC_CONCURRENT freed 272K, 7% free 9813K/10439K, paused 2ms+2ms
07-18 11:08:34.223   141   784 D dalvikvm: GC_EXPLICIT freed 177K, 12% free 13279K/15047K, paused 3ms+4ms
07-18 11:08:34.402   442   445 D dalvikvm: GC_CONCURRENT freed 352K, 6% free 9853K/10439K, paused 2ms+2ms
07-18 11:08:34.922   442   445 D dalvikvm: GC_CONCURRENT freed 399K, 6% free 9905K/10439K, paused 1ms+2ms
07-18 11:08:36.738   274   276 D dalvikvm: GC_CONCURRENT freed 776K, 8% free 10626K/11527K, paused 2ms+3ms
07-18 11:08:36.832   442   445 D dalvikvm: GC_CONCURRENT freed 751K, 9% free 9588K/10439K, paused 1ms+2ms
07-18 11:08:36.988   442   445 D dalvikvm: GC_CONCURRENT freed 213K, 7% free 9765K/10439K, paused 1ms+2ms
07-18 11:08:37.352   442   445 D dalvikvm: GC_CONCURRENT freed 313K, 6% free 9841K/10439K, paused 1ms+3ms
07-18 11:08:37.582   442   445 D dalvikvm: GC_CONCURRENT freed 360K, 6% free 9870K/10439K, paused 2ms+3ms
07-18 11:08:37.988   442   445 D dalvikvm: GC_CONCURRENT freed 414K, 6% free 9895K/10439K, paused 1ms+2ms
07-18 11:08:38.637   442   445 D dalvikvm: GC_CONCURRENT freed 412K, 6% free 9889K/10439K, paused 1ms+2ms
07-18 11:08:39.742   442   445 D dalvikvm: GC_CONCURRENT freed 538K, 7% free 9764K/10439K, paused 2ms+2ms
07-18 11:08:39.930   442   445 D dalvikvm: GC_CONCURRENT freed 306K, 6% free 9848K/10439K, paused 2ms+2ms
07-18 11:08:40.102   442   445 D dalvikvm: GC_CONCURRENT freed 370K, 6% free 9868K/10439K, paused 2ms+3ms
07-18 11:08:40.762   442   461 D dalvikvm: GC_FOR_ALLOC freed 341K, 6% free 9925K/10503K, paused 19ms
07-18 11:08:44.070   274   276 D dalvikvm: GC_CONCURRENT freed 422K, 8% free 10659K/11527K, paused 2ms+3ms
07-18 11:08:44.180   442   445 D dalvikvm: GC_CONCURRENT freed 748K, 9% free 9621K/10503K, paused 2ms+3ms
07-18 11:08:44.480   442   445 D dalvikvm: GC_CONCURRENT freed 382K, 9% free 9623K/10503K, paused 2ms+3ms
07-18 11:08:44.559   141   492 D dalvikvm: GC_EXPLICIT freed 111K, 12% free 13280K/15047K, paused 2ms+5ms
07-18 11:08:45.656   442   465 D dalvikvm: GC_FOR_ALLOC freed 371K, 10% free 9486K/10503K, paused 16ms
07-18 11:08:46.340   442   461 D dalvikvm: GC_FOR_ALLOC freed 195K, 11% free 9433K/10503K, paused 15ms
07-18 11:08:46.871   274  1265 D dalvikvm: GC_EXPLICIT freed 466K, 10% free 10382K/11527K, paused 2ms+3ms
07-18 11:08:47.082   766  1281 I Gmail   : MainSyncRequestProto: lowestBkwdConvoId: 0, highestHandledServerOp: 4156501, normalSync: true
07-18 11:08:50.691   766   768 D dalvikvm: GC_CONCURRENT freed 341K, 14% free 9625K/11079K, paused 1ms+3ms
07-18 11:08:50.957   766   768 D dalvikvm: GC_CONCURRENT freed 299K, 12% free 9819K/11079K, paused 2ms+2ms
07-18 11:08:51.051   766   768 D dalvikvm: GC_CONCURRENT freed 559K, 13% free 9699K/11079K, paused 1ms+3ms
07-18 11:08:51.270   766   768 D dalvikvm: GC_CONCURRENT freed 494K, 14% free 9591K/11079K, paused 7ms+9ms
07-18 11:08:51.781   766   768 D dalvikvm: GC_CONCURRENT freed 343K, 14% free 9635K/11079K, paused 1ms+3ms
07-18 11:08:52.305   766   768 D dalvikvm: GC_CONCURRENT freed 378K, 13% free 9649K/11079K, paused 7ms+10ms
07-18 11:08:52.539   766   768 D dalvikvm: GC_CONCURRENT freed 438K, 14% free 9611K/11079K, paused 2ms+2ms
07-18 11:08:52.695   766   768 D dalvikvm: GC_CONCURRENT freed 405K, 14% free 9589K/11079K, paused 2ms+2ms
07-18 11:08:53.043   766   768 D dalvikvm: GC_CONCURRENT freed 368K, 14% free 9610K/11079K, paused 2ms+2ms
07-18 11:08:53.359   766   768 D dalvikvm: GC_CONCURRENT freed 361K, 13% free 9680K/11079K, paused 6ms+2ms
07-18 11:08:53.566   766   768 D dalvikvm: GC_CONCURRENT freed 454K, 14% free 9634K/11079K, paused 3ms+4ms
07-18 11:08:53.852   766   768 D dalvikvm: GC_CONCURRENT freed 365K, 13% free 9660K/11079K, paused 12ms+2ms
07-18 11:08:54.223   766   768 D dalvikvm: GC_CONCURRENT freed 370K, 13% free 9706K/11079K, paused 7ms+2ms
07-18 11:08:54.578   766   768 D dalvikvm: GC_CONCURRENT freed 416K, 13% free 9686K/11079K, paused 2ms+2ms
07-18 11:08:54.867   766   768 D dalvikvm: GC_CONCURRENT freed 469K, 14% free 9611K/11079K, paused 1ms+2ms
07-18 11:08:55.238   766   768 D dalvikvm: GC_CONCURRENT freed 331K, 13% free 9705K/11079K, paused 6ms+2ms
07-18 11:08:55.688   766   768 D dalvikvm: GC_CONCURRENT freed 442K, 13% free 9650K/11079K, paused 6ms+3ms
07-18 11:08:56.172   766   768 D dalvikvm: GC_CONCURRENT freed 406K, 13% free 9739K/11079K, paused 14ms+2ms
07-18 11:08:56.434   766   768 D dalvikvm: GC_CONCURRENT freed 452K, 13% free 9724K/11079K, paused 7ms+2ms
07-18 11:08:56.645   766   768 D dalvikvm: GC_CONCURRENT freed 253K, 11% free 9924K/11079K, paused 2ms+2ms
07-18 11:08:57.090   766   768 D dalvikvm: GC_CONCURRENT freed 696K, 14% free 9615K/11079K, paused 2ms+2ms
07-18 11:08:57.719   766   768 D dalvikvm: GC_CONCURRENT freed 368K, 13% free 9639K/11079K, paused 7ms+2ms
07-18 11:08:58.160   766   768 D dalvikvm: GC_CONCURRENT freed 401K, 14% free 9634K/11079K, paused 7ms+2ms
07-18 11:08:58.516   766   768 D dalvikvm: GC_CONCURRENT freed 347K, 13% free 9689K/11079K, paused 1ms+2ms
07-18 11:08:59.141   766   768 D dalvikvm: GC_CONCURRENT freed 466K, 14% free 9613K/11079K, paused 2ms+3ms
07-18 11:08:59.520   766   768 D dalvikvm: GC_CONCURRENT freed 216K, 11% free 9902K/11079K, paused 1ms+2ms
07-18 11:09:00.219   766   768 D dalvikvm: GC_CONCURRENT freed 674K, 14% free 9614K/11079K, paused 1ms+2ms
07-18 11:09:00.816   766  1281 D dalvikvm: GC_EXPLICIT freed 154K, 14% free 9580K/11079K, paused 16ms+2ms
07-18 11:09:00.852   766  1281 I Gmail   : MainSyncRequestProto: lowestBkwdConvoId: 0, highestHandledServerOp: 4156501, normalSync: true
07-18 11:09:04.473   766   768 D dalvikvm: GC_CONCURRENT freed 348K, 14% free 9629K/11079K, paused 10ms+3ms
07-18 11:09:04.766   766   768 D dalvikvm: GC_CONCURRENT freed 407K, 14% free 9622K/11079K, paused 2ms+2ms
07-18 11:09:05.180   766   768 D dalvikvm: GC_CONCURRENT freed 392K, 14% free 9629K/11079K, paused 2ms+3ms
07-18 11:09:05.578   766   768 D dalvikvm: GC_CONCURRENT freed 385K, 13% free 9640K/11079K, paused 7ms+2ms
07-18 11:09:05.980   766   768 D dalvikvm: GC_CONCURRENT freed 406K, 13% free 9642K/11079K, paused 2ms+5ms
07-18 11:09:06.332   766   768 D dalvikvm: GC_CONCURRENT freed 412K, 14% free 9616K/11079K, paused 2ms+3ms
07-18 11:09:08.191   766   768 D dalvikvm: GC_CONCURRENT freed 377K, 13% free 9641K/11079K, paused 2ms+3ms
07-18 11:09:08.293   766   768 D dalvikvm: GC_CONCURRENT freed 442K, 14% free 9608K/11079K, paused 2ms+2ms
07-18 11:09:08.668   766   768 D dalvikvm: GC_CONCURRENT freed 317K, 12% free 9774K/11079K, paused 1ms+2ms
07-18 11:09:09.293   766   768 D dalvikvm: GC_CONCURRENT freed 519K, 13% free 9712K/11079K, paused 6ms+8ms
07-18 11:09:09.355   766   768 D dalvikvm: GC_CONCURRENT freed 136K, 10% free 10077K/11079K, paused 1ms+2ms
07-18 11:09:09.867   766   768 D dalvikvm: GC_CONCURRENT freed 760K, 13% free 9724K/11079K, paused 2ms+6ms
07-18 11:09:10.094   766   768 D dalvikvm: GC_CONCURRENT freed 296K, 12% free 9824K/11079K, paused 2ms+2ms
07-18 11:09:10.305   766   768 D dalvikvm: GC_CONCURRENT freed 379K, 11% free 9928K/11079K, paused 4ms+5ms
07-18 11:09:10.828   766   768 D dalvikvm: GC_CONCURRENT freed 643K, 13% free 9719K/11079K, paused 1ms+2ms
07-18 11:09:11.117   766   768 D dalvikvm: GC_CONCURRENT freed 497K, 14% free 9607K/11079K, paused 2ms+2ms
07-18 11:09:11.563   766   768 D dalvikvm: GC_CONCURRENT freed 374K, 14% free 9623K/11079K, paused 2ms+2ms
07-18 11:09:12.258   766   768 D dalvikvm: GC_CONCURRENT freed 376K, 13% free 9644K/11079K, paused 2ms+2ms
07-18 11:09:13.070   766   768 D dalvikvm: GC_CONCURRENT freed 393K, 13% free 9717K/11079K, paused 2ms+2ms
07-18 11:09:13.395   766   768 D dalvikvm: GC_CONCURRENT freed 460K, 13% free 9644K/11079K, paused 1ms+3ms
07-18 11:09:14.391   766   768 D dalvikvm: GC_CONCURRENT freed 402K, 14% free 9626K/11079K, paused 2ms+2ms
07-18 11:09:14.688   766  1281 D dalvikvm: GC_EXPLICIT freed 67K, 14% free 9582K/11079K, paused 31ms+3ms
07-18 11:09:14.723   766  1281 I Gmail   : MainSyncRequestProto: lowestBkwdConvoId: 0, highestHandledServerOp: 4156501, normalSync: true
07-18 11:09:17.578   766   768 D dalvikvm: GC_CONCURRENT freed 294K, 13% free 9679K/11079K, paused 3ms+5ms
07-18 11:09:17.930   766   768 D dalvikvm: GC_CONCURRENT freed 460K, 14% free 9611K/11079K, paused 7ms+10ms
07-18 11:09:18.344   766   768 D dalvikvm: GC_CONCURRENT freed 369K, 13% free 9652K/11079K, paused 7ms+2ms
07-18 11:09:18.563   766   768 D dalvikvm: GC_CONCURRENT freed 360K, 12% free 9751K/11079K, paused 7ms+10ms
07-18 11:09:18.664   766   768 D dalvikvm: GC_CONCURRENT freed 406K, 13% free 9742K/11079K, paused 2ms+2ms
07-18 11:09:18.875   766   768 D dalvikvm: GC_CONCURRENT freed 429K, 13% free 9707K/11079K, paused 6ms+2ms
07-18 11:09:19.180   766   768 D dalvikvm: GC_CONCURRENT freed 416K, 13% free 9678K/11079K, paused 3ms+4ms
07-18 11:09:19.496   766  1281 D dalvikvm: GC_FOR_ALLOC freed 294K, 13% free 9710K/11079K, paused 21ms
07-18 11:09:19.605   766   768 D dalvikvm: GC_CONCURRENT freed 502K, 14% free 9603K/11079K, paused 2ms+2ms
07-18 11:09:20.180   766   768 D dalvikvm: GC_CONCURRENT freed 361K, 14% free 9628K/11079K, paused 2ms+2ms
07-18 11:09:20.527   766   768 D dalvikvm: GC_CONCURRENT freed 401K, 14% free 9619K/11079K, paused 7ms+2ms
07-18 11:09:20.746   766   768 D dalvikvm: GC_CONCURRENT freed 396K, 14% free 9613K/11079K, paused 2ms+2ms
07-18 11:09:22.578   766   768 D dalvikvm: GC_CONCURRENT freed 388K, 14% free 9616K/11079K, paused 1ms+2ms
07-18 11:09:23.164   766   768 D dalvikvm: GC_CONCURRENT freed 361K, 13% free 9644K/11079K, paused 2ms+2ms
07-18 11:09:23.785   766   768 D dalvikvm: GC_CONCURRENT freed 283K, 12% free 9836K/11079K, paused 3ms+5ms
07-18 11:09:24.043   766   768 D dalvikvm: GC_CONCURRENT freed 624K, 14% free 9604K/11079K, paused 6ms+2ms
07-18 11:09:24.570   766   768 D dalvikvm: GC_CONCURRENT freed 359K, 14% free 9629K/11079K, paused 1ms+2ms
07-18 11:09:25.594   766   768 D dalvikvm: GC_CONCURRENT freed 380K, 13% free 9660K/11079K, paused 7ms+11ms
07-18 11:09:25.855   766  1281 D dalvikvm: GC_FOR_ALLOC freed 196K, 12% free 9826K/11079K, paused 16ms
07-18 11:09:26.102   766   768 D dalvikvm: GC_CONCURRENT freed 624K, 14% free 9618K/11079K, paused 2ms+2ms
07-18 11:09:26.660   766   768 D dalvikvm: GC_CONCURRENT freed 367K, 14% free 9638K/11079K, paused 2ms+3ms
07-18 11:09:27.426   766  1281 D dalvikvm: GC_EXPLICIT freed 301K, 14% free 9594K/11079K, paused 31ms+2ms
07-18 11:09:27.461   766  1281 I Gmail   : MainSyncRequestProto: lowestBkwdConvoId: 0, highestHandledServerOp: 4156511, normalSync: true
07-18 11:09:29.762   766   768 D dalvikvm: GC_CONCURRENT freed 442K, 13% free 9659K/11079K, paused 2ms+2ms
07-18 11:09:30.070   766   768 D dalvikvm: GC_CONCURRENT freed 394K, 13% free 9652K/11079K, paused 2ms+3ms
07-18 11:09:30.598   766   768 D dalvikvm: GC_CONCURRENT freed 409K, 14% free 9628K/11079K, paused 3ms+5ms
07-18 11:09:31.047   766   768 D dalvikvm: GC_CONCURRENT freed 391K, 14% free 9633K/11079K, paused 2ms+2ms
07-18 11:09:31.547   766   768 D dalvikvm: GC_CONCURRENT freed 324K, 13% free 9692K/11079K, paused 2ms+5ms
07-18 11:09:31.910   766   768 D dalvikvm: GC_CONCURRENT freed 409K, 13% free 9749K/11079K, paused 7ms+2ms
07-18 11:09:32.254   766   768 D dalvikvm: GC_CONCURRENT freed 522K, 14% free 9615K/11079K, paused 6ms+2ms
07-18 11:09:32.941   766   768 D dalvikvm: GC_CONCURRENT freed 352K, 13% free 9676K/11079K, paused 2ms+5ms
07-18 11:09:33.355   766   768 D dalvikvm: GC_CONCURRENT freed 458K, 14% free 9604K/11079K, paused 3ms+2ms
07-18 11:09:33.551   766   768 D dalvikvm: GC_CONCURRENT freed 382K, 14% free 9615K/11079K, paused 2ms+2ms
07-18 11:09:34.090   766   768 D dalvikvm: GC_CONCURRENT freed 383K, 13% free 9674K/11079K, paused 6ms+10ms
07-18 11:09:34.152   766   768 D dalvikvm: GC_CONCURRENT freed 280K, 12% free 9793K/11079K, paused 1ms+2ms
07-18 11:09:34.602   766   768 D dalvikvm: GC_CONCURRENT freed 558K, 14% free 9621K/11079K, paused 3ms+5ms
07-18 11:09:36.750   766   768 D dalvikvm: GC_CONCURRENT freed 390K, 14% free 9638K/11079K, paused 6ms+5ms
07-18 11:09:37.355   766   768 D dalvikvm: GC_CONCURRENT freed 384K, 13% free 9661K/11079K, paused 13ms+3ms
07-18 11:09:37.758   766   768 D dalvikvm: GC_CONCURRENT freed 410K, 13% free 9668K/11079K, paused 2ms+2ms
07-18 11:09:37.980   766   768 D dalvikvm: GC_CONCURRENT freed 289K, 12% free 9767K/11079K, paused 3ms+5ms
07-18 11:09:38.223   766   768 D dalvikvm: GC_CONCURRENT freed 526K, 14% free 9631K/11079K, paused 7ms+2ms
07-18 11:09:38.473   766   768 D dalvikvm: GC_CONCURRENT freed 419K, 14% free 9610K/11079K, paused 1ms+3ms
07-18 11:09:39.113   766   768 D dalvikvm: GC_CONCURRENT freed 371K, 14% free 9629K/11079K, paused 12ms+3ms
07-18 11:09:39.805   766   768 D dalvikvm: GC_CONCURRENT freed 409K, 14% free 9620K/11079K, paused 7ms+2ms
07-18 11:09:40.520   766  1281 D dalvikvm: GC_EXPLICIT freed 325K, 14% free 9581K/11079K, paused 15ms+3ms
07-18 11:09:40.555   766  1281 I Gmail   : MainSyncRequestProto: lowestBkwdConvoId: 0, highestHandledServerOp: 4156533, normalSync: true
07-18 11:09:41.934   766   768 D dalvikvm: GC_CONCURRENT freed 313K, 12% free 9754K/11079K, paused 1ms+2ms
07-18 11:09:42.105   766   768 D dalvikvm: GC_CONCURRENT freed 536K, 14% free 9603K/11079K, paused 2ms+2ms
07-18 11:09:42.285   766   768 D dalvikvm: GC_CONCURRENT freed 244K, 12% free 9758K/11079K, paused 3ms+5ms
07-18 11:09:42.391   766   768 D dalvikvm: GC_CONCURRENT freed 549K, 14% free 9595K/11079K, paused 1ms+2ms
07-18 11:09:42.871   766  1281 D dalvikvm: GC_EXPLICIT freed 282K, 14% free 9617K/11079K, paused 3ms+3ms
07-18 11:09:42.910   766  1281 I Gmail   : MainSyncRequestProto: lowestBkwdConvoId: 0, highestHandledServerOp: 4156538, normalSync: true
07-18 11:09:45.895   766   768 D dalvikvm: GC_CONCURRENT freed 437K, 13% free 9679K/11079K, paused 1ms+2ms
07-18 11:09:46.199   766   768 D dalvikvm: GC_CONCURRENT freed 408K, 13% free 9697K/11079K, paused 2ms+5ms
07-18 11:09:46.523   766   768 D dalvikvm: GC_CONCURRENT freed 461K, 14% free 9633K/11079K, paused 2ms+2ms
07-18 11:09:46.918   766   768 D dalvikvm: GC_CONCURRENT freed 429K, 13% free 9657K/11079K, paused 7ms+3ms
07-18 11:09:46.930   459  1052 I PhoneLab-: Service Running
07-18 11:09:46.961   459  1052 I PhoneLab-LoggerService: app_38    1055  459   1428   1060  c00f181c 400107b4 S logcat
07-18 11:09:46.961   459  1052 I PhoneLab-LoggerService: Logcat pid from database 1055
07-18 11:09:46.961   459  1052 I PhoneLab-LoggerService: Logcat process found 1055
07-18 11:09:46.961   459  1052 I PhoneLab-LoggerService: Checking Threshold
07-18 11:09:46.961   459  1052 I PhoneLab-LoggerService: Starting to rename files
07-18 11:09:46.961   459  1052 I PhoneLab-LoggerService: Files found .. 2
07-18 11:09:47.113   766   768 D dalvikvm: GC_CONCURRENT freed 360K, 13% free 9716K/11079K, paused 2ms+2ms
07-18 11:09:47.563   766   768 D dalvikvm: GC_CONCURRENT freed 453K, 13% free 9649K/11079K, paused 7ms+2ms
07-18 11:09:47.801   766   768 D dalvikvm: GC_CONCURRENT freed 413K, 14% free 9623K/11079K, paused 2ms+2ms
07-18 11:09:47.992   766   768 D dalvikvm: GC_CONCURRENT freed 178K, 11% free 9905K/11079K, paused 1ms+2ms
07-18 11:09:48.074   766   768 D dalvikvm: GC_CONCURRENT freed 691K, 14% free 9599K/11079K, paused 2ms+2ms
07-18 11:09:48.359   766   768 D dalvikvm: GC_CONCURRENT freed 379K, 14% free 9619K/11079K, paused 1ms+2ms
07-18 11:09:48.883   766   768 D dalvikvm: GC_CONCURRENT freed 379K, 14% free 9625K/11079K, paused 6ms+2ms
07-18 11:09:49.547   766   768 D dalvikvm: GC_CONCURRENT freed 393K, 13% free 9644K/11079K, paused 13ms+3ms
07-18 11:09:50.121   766   768 D dalvikvm: GC_CONCURRENT freed 390K, 13% free 9643K/11079K, paused 1ms+2ms
07-18 11:09:50.527   766   768 D dalvikvm: GC_CONCURRENT freed 392K, 13% free 9658K/11079K, paused 3ms+2ms
07-18 11:09:51.129   766   768 D dalvikvm: GC_CONCURRENT freed 368K, 13% free 9699K/11079K, paused 12ms+2ms
07-18 11:09:51.188   766   768 D dalvikvm: GC_CONCURRENT freed 182K, 11% free 9923K/11079K, paused 1ms+2ms
07-18 11:09:51.883   766   768 D dalvikvm: GC_CONCURRENT freed 664K, 13% free 9657K/11079K, paused 1ms+2ms
07-18 11:09:52.535   766   768 D dalvikvm: GC_CONCURRENT freed 394K, 13% free 9657K/11079K, paused 1ms+3ms
07-18 11:09:53.027   766   768 D dalvikvm: GC_CONCURRENT freed 409K, 14% free 9634K/11079K, paused 6ms+2ms
07-18 11:09:53.375   766   768 D dalvikvm: GC_CONCURRENT freed 355K, 13% free 9667K/11079K, paused 2ms+2ms
07-18 11:09:53.824   766   768 D dalvikvm: GC_CONCURRENT freed 410K, 13% free 9663K/11079K, paused 2ms+2ms
07-18 11:09:54.324   766   768 D dalvikvm: GC_CONCURRENT freed 436K, 14% free 9630K/11079K, paused 2ms+3ms
07-18 11:09:55.352   766  1281 D dalvikvm: GC_EXPLICIT freed 288K, 14% free 9606K/11079K, paused 16ms+3ms
07-18 11:09:55.383   766  1281 I Gmail   : MainSyncRequestProto: lowestBkwdConvoId: 0, highestHandledServerOp: 4156538, normalSync: true
07-18 11:09:58.699   766   768 D dalvikvm: GC_CONCURRENT freed 316K, 13% free 9679K/11079K, paused 7ms+2ms
07-18 11:09:58.977   766   768 D dalvikvm: GC_CONCURRENT freed 345K, 13% free 9727K/11079K, paused 3ms+4ms
07-18 11:09:59.457   766   768 D dalvikvm: GC_CONCURRENT freed 485K, 14% free 9630K/11079K, paused 1ms+2ms
07-18 11:10:00.074   766   768 D dalvikvm: GC_CONCURRENT freed 365K, 13% free 9653K/11079K, paused 7ms+2ms
07-18 11:10:00.371   766   768 D dalvikvm: GC_CONCURRENT freed 418K, 14% free 9619K/11079K, paused 2ms+2ms
07-18 11:10:00.574   766   768 D dalvikvm: GC_CONCURRENT freed 395K, 14% free 9617K/11079K, paused 2ms+2ms
07-18 11:10:00.840   766   768 D dalvikvm: GC_CONCURRENT freed 254K, 12% free 9776K/11079K, paused 4ms+5ms
07-18 11:10:01.234   766   768 D dalvikvm: GC_CONCURRENT freed 484K, 12% free 9764K/11079K, paused 7ms+2ms
07-18 11:10:01.555   766   768 D dalvikvm: GC_CONCURRENT freed 434K, 12% free 9818K/11079K, paused 3ms+4ms
07-18 11:10:01.641   766   768 D dalvikvm: GC_CONCURRENT freed 525K, 13% free 9685K/11079K, paused 1ms+2ms
07-18 11:10:02.031   766   768 D dalvikvm: GC_CONCURRENT freed 419K, 13% free 9655K/11079K, paused 7ms+10ms
07-18 11:10:02.309   766   768 D dalvikvm: GC_CONCURRENT freed 432K, 14% free 9611K/11079K, paused 2ms+3ms
07-18 11:10:03.008   766   768 D dalvikvm: GC_CONCURRENT freed 368K, 14% free 9628K/11079K, paused 13ms+2ms
07-18 11:10:05.031   766   768 D dalvikvm: GC_CONCURRENT freed 242K, 12% free 9838K/11079K, paused 4ms+2ms
07-18 11:10:05.227   766   768 D dalvikvm: GC_CONCURRENT freed 614K, 14% free 9612K/11079K, paused 3ms+5ms
07-18 11:10:05.652   766   768 D dalvikvm: GC_CONCURRENT freed 360K, 13% free 9641K/11079K, paused 6ms+2ms
07-18 11:10:06.227   766   768 D dalvikvm: GC_CONCURRENT freed 384K, 13% free 9657K/11079K, paused 7ms+2ms
07-18 11:10:06.598   766   768 D dalvikvm: GC_CONCURRENT freed 422K, 14% free 9622K/11079K, paused 1ms+3ms
07-18 11:10:07.145   766   768 D dalvikvm: GC_CONCURRENT freed 378K, 14% free 9628K/11079K, paused 7ms+10ms
07-18 11:10:08.059   766   768 D dalvikvm: GC_CONCURRENT freed 362K, 13% free 9653K/11079K, paused 13ms+2ms
07-18 11:10:08.648   766   768 D dalvikvm: GC_CONCURRENT freed 375K, 13% free 9710K/11079K, paused 1ms+2ms
07-18 11:10:09.297   766   768 D dalvikvm: GC_CONCURRENT freed 489K, 14% free 9613K/11079K, paused 6ms+2ms
07-18 11:10:10.082   766  1281 D dalvikvm: GC_EXPLICIT freed 208K, 14% free 9585K/11079K, paused 16ms+3ms
07-18 11:10:10.113   766  1281 I Gmail   : MainSyncRequestProto: lowestBkwdConvoId: 0, highestHandledServerOp: 4156549, normalSync: true
07-18 11:10:13.047   766   768 D dalvikvm: GC_CONCURRENT freed 378K, 14% free 9623K/11079K, paused 2ms+2ms
07-18 11:10:13.676   766   768 D dalvikvm: GC_CONCURRENT freed 260K, 12% free 9816K/11079K, paused 1ms+2ms
07-18 11:10:14.207   766   768 D dalvikvm: GC_CONCURRENT freed 571K, 13% free 9688K/11079K, paused 7ms+2ms
07-18 11:10:14.535   766   768 D dalvikvm: GC_CONCURRENT freed 279K, 11% free 9895K/11079K, paused 3ms+5ms
07-18 11:10:14.867   766   768 D dalvikvm: GC_CONCURRENT freed 525K, 12% free 9793K/11079K, paused 4ms+5ms
07-18 11:10:15.266   766   768 D dalvikvm: GC_CONCURRENT freed 534K, 13% free 9648K/11079K, paused 7ms+2ms
07-18 11:10:15.586   766   768 D dalvikvm: GC_CONCURRENT freed 393K, 13% free 9648K/11079K, paused 6ms+2ms
07-18 11:10:15.660   766   768 D dalvikvm: GC_CONCURRENT freed 341K, 13% free 9713K/11079K, paused 2ms+2ms
07-18 11:10:15.871   766   768 D dalvikvm: GC_CONCURRENT freed 391K, 12% free 9792K/11079K, paused 1ms+2ms
07-18 11:10:16.242   766   768 D dalvikvm: GC_CONCURRENT freed 548K, 14% free 9634K/11079K, paused 6ms+2ms
07-18 11:10:16.555   766   768 D dalvikvm: GC_CONCURRENT freed 401K, 14% free 9618K/11079K, paused 3ms+5ms
07-18 11:10:16.891   766   768 D dalvikvm: GC_CONCURRENT freed 307K, 13% free 9744K/11079K, paused 2ms+2ms
07-18 11:10:17.414   766   768 D dalvikvm: GC_CONCURRENT freed 412K, 13% free 9739K/11079K, paused 7ms+2ms
07-18 11:10:18.117   766   768 D dalvikvm: GC_CONCURRENT freed 488K, 13% free 9651K/11079K, paused 2ms+2ms
07-18 11:10:18.660   766   768 D dalvikvm: GC_CONCURRENT freed 408K, 14% free 9634K/11079K, paused 3ms+3ms
07-18 11:10:20.855   766   768 D dalvikvm: GC_CONCURRENT freed 377K, 13% free 9655K/11079K, paused 2ms+2ms
07-18 11:10:21.551   766   768 D dalvikvm: GC_CONCURRENT freed 349K, 13% free 9716K/11079K, paused 7ms+2ms
07-18 11:10:21.918   766   768 D dalvikvm: GC_CONCURRENT freed 483K, 14% free 9629K/11079K, paused 2ms+2ms
07-18 11:10:22.203   766   768 D dalvikvm: GC_CONCURRENT freed 408K, 14% free 9609K/11079K, paused 1ms+2ms
07-18 11:10:22.695   766   768 D dalvikvm: GC_CONCURRENT freed 232K, 12% free 9811K/11079K, paused 2ms+2ms
07-18 11:10:22.992   766   768 D dalvikvm: GC_CONCURRENT freed 581K, 13% free 9662K/11079K, paused 3ms+5ms
07-18 11:10:24.105   766   768 D dalvikvm: GC_CONCURRENT freed 438K, 14% free 9610K/11079K, paused 2ms+2ms
07-18 11:10:24.402   766  1281 D dalvikvm: GC_EXPLICIT freed 42K, 14% free 9587K/11079K, paused 12ms+2ms
07-18 11:10:24.430   766  1281 I Gmail   : MainSyncRequestProto: lowestBkwdConvoId: 0, highestHandledServerOp: 4156571, normalSync: true
07-18 11:10:27.992   766   768 D dalvikvm: GC_CONCURRENT freed 339K, 13% free 9683K/11079K, paused 15ms+2ms
07-18 11:10:28.051   766   768 D dalvikvm: GC_CONCURRENT freed 285K, 12% free 9813K/11079K, paused 2ms+2ms
07-18 11:10:28.574   766   768 D dalvikvm: GC_CONCURRENT freed 549K, 13% free 9652K/11079K, paused 2ms+3ms
07-18 11:10:28.695   766   768 D dalvikvm: GC_CONCURRENT freed 426K, 14% free 9626K/11079K, paused 1ms+2ms
07-18 11:10:29.168   766   768 D dalvikvm: GC_CONCURRENT freed 385K, 14% free 9627K/11079K, paused 2ms+4ms
07-18 11:10:29.898   766   768 D dalvikvm: GC_CONCURRENT freed 357K, 13% free 9658K/11079K, paused 2ms+3ms
07-18 11:10:30.371   766   768 D dalvikvm: GC_CONCURRENT freed 414K, 13% free 9639K/11079K, paused 2ms+6ms
07-18 11:10:30.766   766   768 D dalvikvm: GC_CONCURRENT freed 397K, 14% free 9628K/11079K, paused 2ms+3ms
07-18 11:10:31.125   766   768 D dalvikvm: GC_CONCURRENT freed 207K, 11% free 9887K/11079K, paused 2ms+2ms
07-18 11:10:31.496   766   768 D dalvikvm: GC_CONCURRENT freed 655K, 14% free 9620K/11079K, paused 2ms+3ms
07-18 11:10:32.012   766   768 D dalvikvm: GC_CONCURRENT freed 272K, 12% free 9837K/11079K, paused 2ms+2ms
07-18 11:10:32.227   766   768 D dalvikvm: GC_CONCURRENT freed 419K, 11% free 9914K/11079K, paused 3ms+5ms
07-18 11:10:32.551   766   768 D dalvikvm: GC_CONCURRENT freed 669K, 13% free 9646K/11079K, paused 4ms+5ms
07-18 11:10:33.035   766   768 D dalvikvm: GC_CONCURRENT freed 400K, 14% free 9632K/11079K, paused 3ms+5ms
07-18 11:10:33.617   766   768 D dalvikvm: GC_CONCURRENT freed 334K, 13% free 9699K/11079K, paused 13ms+2ms
07-18 11:10:33.816   766   768 D dalvikvm: GC_CONCURRENT freed 326K, 12% free 9772K/11079K, paused 2ms+2ms
07-18 11:10:34.152   766   768 D dalvikvm: GC_CONCURRENT freed 480K, 13% free 9711K/11079K, paused 6ms+2ms
07-18 11:10:34.535   766   768 D dalvikvm: GC_CONCURRENT freed 506K, 13% free 9673K/11079K, paused 2ms+3ms
07-18 11:10:35.262   766  1281 D dalvikvm: GC_EXPLICIT freed 238K, 14% free 9600K/11079K, paused 16ms+3ms
07-18 11:10:35.289   766  1281 I Gmail   : MainSyncRequestProto: lowestBkwdConvoId: 0, highestHandledServerOp: 4156571, normalSync: true
07-18 11:10:38.258   766   768 D dalvikvm: GC_CONCURRENT freed 344K, 13% free 9658K/11079K, paused 3ms+5ms
07-18 11:10:38.641   766   768 D dalvikvm: GC_CONCURRENT freed 342K, 13% free 9739K/11079K, paused 3ms+5ms
07-18 11:10:38.961   766   768 D dalvikvm: GC_CONCURRENT freed 412K, 13% free 9738K/11079K, paused 4ms+5ms
07-18 11:10:39.168   766   768 D dalvikvm: GC_CONCURRENT freed 422K, 13% free 9718K/11079K, paused 4ms+5ms
07-18 11:10:39.781   766   768 D dalvikvm: GC_CONCURRENT freed 454K, 13% free 9651K/11079K, paused 7ms+3ms
07-18 11:10:40.230   766   768 D dalvikvm: GC_CONCURRENT freed 402K, 13% free 9643K/11079K, paused 2ms+2ms
07-18 11:10:40.602   766   768 D dalvikvm: GC_CONCURRENT freed 409K, 14% free 9635K/11079K, paused 2ms+2ms
07-18 11:10:41.027   766   768 D dalvikvm: GC_CONCURRENT freed 362K, 13% free 9664K/11079K, paused 7ms+2ms
07-18 11:10:41.258   766   768 D dalvikvm: GC_CONCURRENT freed 339K, 13% free 9720K/11079K, paused 2ms+2ms
07-18 11:10:41.656   766   768 D dalvikvm: GC_CONCURRENT freed 474K, 14% free 9630K/11079K, paused 2ms+3ms
07-18 11:10:41.973   766   768 D dalvikvm: GC_CONCURRENT freed 285K, 13% free 9747K/11079K, paused 2ms+2ms
07-18 11:10:42.195   766   768 D dalvikvm: GC_CONCURRENT freed 512K, 14% free 9635K/11079K, paused 7ms+10ms
07-18 11:10:42.512   766   768 D dalvikvm: GC_CONCURRENT freed 344K, 13% free 9698K/11079K, paused 1ms+5ms
07-18 11:10:42.645   766   768 D dalvikvm: GC_CONCURRENT freed 487K, 14% free 9612K/11079K, paused 2ms+3ms
07-18 11:10:43.113   766   768 D dalvikvm: GC_CONCURRENT freed 377K, 14% free 9631K/11079K, paused 4ms+5ms
07-18 11:10:43.566   766   768 D dalvikvm: GC_CONCURRENT freed 397K, 13% free 9730K/11079K, paused 2ms+3ms
07-18 11:10:43.637   766   768 D dalvikvm: GC_CONCURRENT freed 478K, 13% free 9737K/11079K, paused 2ms+2ms
07-18 11:10:44.125   766   768 D dalvikvm: GC_CONCURRENT freed 368K, 12% free 9787K/11079K, paused 6ms+7ms
07-18 11:10:44.688   766   768 D dalvikvm: GC_CONCURRENT freed 538K, 13% free 9641K/11079K, paused 1ms+3ms
07-18 11:10:47.246   766   768 D dalvikvm: GC_CONCURRENT freed 396K, 13% free 9646K/11079K, paused 2ms+3ms
07-18 11:10:47.715   766   768 D dalvikvm: GC_CONCURRENT freed 406K, 14% free 9635K/11079K, paused 2ms+2ms
07-18 11:10:48.906   766  1281 D dalvikvm: GC_EXPLICIT freed 346K, 14% free 9620K/11079K, paused 1ms+2ms
07-18 11:10:48.934   766  1281 I Gmail   : MainSyncRequestProto: lowestBkwdConvoId: 0, highestHandledServerOp: 4156571, normalSync: true
07-18 11:10:50.773   766   768 D dalvikvm: GC_CONCURRENT freed 371K, 13% free 9685K/11079K, paused 2ms+2ms
07-18 11:10:50.844   766   768 D dalvikvm: GC_CONCURRENT freed 172K, 11% free 9966K/11079K, paused 1ms+2ms
07-18 11:10:51.129   766   768 D dalvikvm: GC_CONCURRENT freed 737K, 14% free 9634K/11079K, paused 1ms+3ms
07-18 11:10:51.660   766   768 D dalvikvm: GC_CONCURRENT freed 377K, 13% free 9648K/11079K, paused 2ms+5ms
07-18 11:10:52.152   766   768 D dalvikvm: GC_CONCURRENT freed 403K, 14% free 9634K/11079K, paused 3ms+6ms
07-18 11:10:52.734   766   768 D dalvikvm: GC_CONCURRENT freed 357K, 13% free 9671K/11079K, paused 3ms+6ms
07-18 11:10:53.238   766   768 D dalvikvm: GC_CONCURRENT freed 414K, 13% free 9652K/11079K, paused 2ms+3ms
07-18 11:10:53.977   766   768 D dalvikvm: GC_CONCURRENT freed 395K, 13% free 9649K/11079K, paused 6ms+3ms
07-18 11:10:54.582   766   768 D dalvikvm: GC_CONCURRENT freed 383K, 13% free 9656K/11079K, paused 1ms+2ms
07-18 11:10:55.441   766   768 D dalvikvm: GC_CONCURRENT freed 365K, 13% free 9675K/11079K, paused 2ms+3ms
07-18 11:10:55.980   766   768 D dalvikvm: GC_CONCURRENT freed 442K, 13% free 9694K/11079K, paused 6ms+3ms
07-18 11:10:56.418   766   768 D dalvikvm: GC_CONCURRENT freed 465K, 14% free 9614K/11079K, paused 2ms+2ms
07-18 11:10:56.695   766  1281 D dalvikvm: GC_EXPLICIT freed 47K, 14% free 9591K/11079K, paused 16ms+3ms
07-18 11:10:56.719   766  1281 I Gmail   : MainSyncRequestProto: lowestBkwdConvoId: 0, highestHandledServerOp: 4156571, normalSync: true
07-18 11:10:59.641   766   768 D dalvikvm: GC_CONCURRENT freed 241K, 12% free 9798K/11079K, paused 2ms+3ms
07-18 11:11:01.543   766   768 D dalvikvm: GC_CONCURRENT freed 518K, 13% free 9671K/11079K, paused 13ms+2ms
07-18 11:11:01.824   766   768 D dalvikvm: GC_CONCURRENT freed 284K, 12% free 9772K/11079K, paused 3ms+5ms
07-18 11:11:02.035   766   768 D dalvikvm: GC_CONCURRENT freed 545K, 14% free 9615K/11079K, paused 2ms+2ms
07-18 11:11:03.055   766   768 D dalvikvm: GC_CONCURRENT freed 351K, 13% free 9682K/11079K, paused 13ms+2ms
07-18 11:11:03.359   766   768 D dalvikvm: GC_CONCURRENT freed 452K, 14% free 9616K/11079K, paused 3ms+4ms
07-18 11:11:03.453   766   768 D dalvikvm: GC_CONCURRENT freed 153K, 11% free 9907K/11079K, paused 1ms+2ms
07-18 11:11:03.863   766   768 D dalvikvm: GC_CONCURRENT freed 662K, 14% free 9632K/11079K, paused 3ms+5ms
07-18 11:11:04.285   766   768 D dalvikvm: GC_CONCURRENT freed 278K, 12% free 9835K/11079K, paused 2ms+2ms
07-18 11:11:04.637   766   768 D dalvikvm: GC_CONCURRENT freed 602K, 14% free 9619K/11079K, paused 2ms+2ms
07-18 11:11:05.129   766   768 D dalvikvm: GC_CONCURRENT freed 364K, 13% free 9738K/11079K, paused 3ms+5ms
07-18 11:11:05.453   766   768 D dalvikvm: GC_CONCURRENT freed 433K, 13% free 9703K/11079K, paused 3ms+5ms
07-18 11:11:05.762   766   768 D dalvikvm: GC_CONCURRENT freed 458K, 14% free 9628K/11079K, paused 1ms+3ms
07-18 11:11:06.508   766   768 D dalvikvm: GC_CONCURRENT freed 343K, 13% free 9676K/11079K, paused 2ms+3ms
07-18 11:11:07.090   766   768 D dalvikvm: GC_CONCURRENT freed 375K, 12% free 9777K/11079K, paused 12ms+3ms
07-18 11:11:07.168   766   768 D dalvikvm: GC_CONCURRENT freed 433K, 13% free 9747K/11079K, paused 2ms+2ms
07-18 11:11:07.410   766   768 D dalvikvm: GC_CONCURRENT freed 472K, 13% free 9674K/11079K, paused 1ms+2ms
07-18 11:11:07.770   766   768 D dalvikvm: GC_CONCURRENT freed 277K, 12% free 9794K/11079K, paused 2ms+2ms
07-18 11:11:08.363   766   768 D dalvikvm: GC_CONCURRENT freed 545K, 13% free 9640K/11079K, paused 4ms+6ms
07-18 11:11:08.984   766  1281 D dalvikvm: GC_EXPLICIT freed 166K, 14% free 9593K/11079K, paused 16ms+2ms
07-18 11:11:09.008   766  1281 I Gmail   : MainSyncRequestProto: lowestBkwdConvoId: 0, highestHandledServerOp: 4156582, normalSync: true
07-18 11:11:10.129   766   768 D dalvikvm: GC_CONCURRENT freed 410K, 13% free 9670K/11079K, paused 2ms+2ms
07-18 11:11:10.176   766   768 D dalvikvm: GC_CONCURRENT freed 428K, 13% free 9743K/11079K, paused 2ms+3ms
07-18 11:11:10.410   766   768 D dalvikvm: GC_CONCURRENT freed 334K, 11% free 9896K/11079K, paused 6ms+2ms
07-18 11:11:10.594   766   768 D dalvikvm: GC_CONCURRENT freed 655K, 13% free 9647K/11079K, paused 3ms+5ms
07-18 11:11:10.828   766   768 D dalvikvm: GC_CONCURRENT freed 393K, 13% free 9657K/11079K, paused 7ms+2ms
07-18 11:11:11.254   766   768 D dalvikvm: GC_CONCURRENT freed 401K, 13% free 9648K/11079K, paused 2ms+2ms
07-18 11:11:11.629   766   768 D dalvikvm: GC_CONCURRENT freed 392K, 13% free 9705K/11079K, paused 7ms+2ms
07-18 11:11:12.133   766   768 D dalvikvm: GC_CONCURRENT freed 465K, 13% free 9645K/11079K, paused 1ms+2ms
07-18 11:11:13.250   766  1281 D dalvikvm: GC_EXPLICIT freed 133K, 14% free 9607K/11079K, paused 16ms+3ms
07-18 11:11:13.273   766  1281 I Gmail   : MainSyncRequestProto: lowestBkwdConvoId: 0, highestHandledServerOp: 4156582, normalSync: true
07-18 11:11:15.906   766   768 D dalvikvm: GC_CONCURRENT freed 328K, 13% free 9666K/11079K, paused 2ms+3ms
07-18 11:11:16.438   766   768 D dalvikvm: GC_CONCURRENT freed 391K, 13% free 9659K/11079K, paused 2ms+3ms
07-18 11:11:17.012   766   768 D dalvikvm: GC_CONCURRENT freed 324K, 12% free 9750K/11079K, paused 2ms+3ms
07-18 11:11:17.238   766   768 D dalvikvm: GC_CONCURRENT freed 512K, 14% free 9625K/11079K, paused 2ms+2ms
07-18 11:11:17.551   766   768 D dalvikvm: GC_CONCURRENT freed 283K, 12% free 9757K/11079K, paused 2ms+2ms
07-18 11:11:17.773   766   768 D dalvikvm: GC_CONCURRENT freed 401K, 12% free 9752K/11079K, paused 6ms+2ms
07-18 11:11:17.848   766   768 D dalvikvm: GC_CONCURRENT freed 428K, 13% free 9742K/11079K, paused 2ms+2ms
07-18 11:11:18.035   766   768 D dalvikvm: GC_CONCURRENT freed 387K, 12% free 9796K/11079K, paused 3ms+4ms
07-18 11:11:18.391   766   768 D dalvikvm: GC_CONCURRENT freed 319K, 11% free 9925K/11079K, paused 7ms+2ms
07-18 11:11:18.578   766   768 D dalvikvm: GC_CONCURRENT freed 555K, 12% free 9842K/11079K, paused 2ms+2ms
07-18 11:11:18.957   766   768 D dalvikvm: GC_CONCURRENT freed 598K, 14% free 9636K/11079K, paused 2ms+3ms
07-18 11:11:19.527   766   768 D dalvikvm: GC_CONCURRENT freed 316K, 13% free 9739K/11079K, paused 7ms+2ms
07-18 11:11:20.027   766   768 D dalvikvm: GC_CONCURRENT freed 342K, 11% free 9880K/11079K, paused 6ms+10ms
07-18 11:11:20.133   766   768 D dalvikvm: GC_CONCURRENT freed 286K, 9% free 10086K/11079K, paused 1ms+2ms
07-18 11:11:20.578   766   768 D dalvikvm: GC_CONCURRENT freed 841K, 14% free 9630K/11079K, paused 2ms+2ms
07-18 11:11:21.094   766   768 D dalvikvm: GC_CONCURRENT freed 394K, 13% free 9664K/11079K, paused 7ms+7ms
07-18 11:11:21.945   766   768 D dalvikvm: GC_CONCURRENT freed 409K, 13% free 9642K/11079K, paused 1ms+3ms
07-18 11:11:22.238   766  1281 D dalvikvm: GC_EXPLICIT freed 55K, 14% free 9596K/11079K, paused 39ms+2ms
07-18 11:11:22.262   766  1281 I Gmail   : MainSyncRequestProto: lowestBkwdConvoId: 0, highestHandledServerOp: 4156587, normalSync: true
07-18 11:11:22.313   239   241 D dalvikvm: GC_CONCURRENT freed 388K, 6% free 9401K/9927K, paused 2ms+2ms
07-18 11:11:25.875   766   768 D dalvikvm: GC_CONCURRENT freed 371K, 13% free 9642K/11079K, paused 2ms+2ms
07-18 11:11:25.980   766   768 D dalvikvm: GC_CONCURRENT freed 419K, 13% free 9656K/11079K, paused 1ms+2ms
07-18 11:11:26.395   766   768 D dalvikvm: GC_CONCURRENT freed 389K, 13% free 9654K/11079K, paused 6ms+2ms
07-18 11:11:26.574   766   768 D dalvikvm: GC_CONCURRENT freed 273K, 12% free 9817K/11079K, paused 2ms+4ms
07-18 11:11:26.793   766   768 D dalvikvm: GC_CONCURRENT freed 579K, 14% free 9622K/11079K, paused 4ms+2ms
07-18 11:11:27.363   766   768 D dalvikvm: GC_CONCURRENT freed 365K, 13% free 9655K/11079K, paused 2ms+2ms
07-18 11:11:28.816   766   768 D dalvikvm: GC_CONCURRENT freed 390K, 13% free 9657K/11079K, paused 3ms+5ms
07-18 11:11:29.250   766   768 D dalvikvm: GC_CONCURRENT freed 395K, 13% free 9652K/11079K, paused 1ms+3ms
07-18 11:11:30.016   766   768 D dalvikvm: GC_CONCURRENT freed 363K, 13% free 9689K/11079K, paused 6ms+3ms
07-18 11:11:30.453   766   768 D dalvikvm: GC_CONCURRENT freed 379K, 13% free 9720K/11079K, paused 7ms+2ms
07-18 11:11:30.516   766   768 D dalvikvm: GC_CONCURRENT freed 127K, 10% free 10028K/11079K, paused 1ms+2ms
07-18 11:11:30.910   766   768 D dalvikvm: GC_CONCURRENT freed 792K, 14% free 9638K/11079K, paused 2ms+3ms
07-18 11:11:31.520   766   768 D dalvikvm: GC_CONCURRENT freed 370K, 13% free 9653K/11079K, paused 1ms+2ms
07-18 11:11:32.488   766   768 D dalvikvm: GC_CONCURRENT freed 364K, 13% free 9674K/11079K, paused 3ms+6ms
07-18 11:11:33.270   766   768 D dalvikvm: GC_CONCURRENT freed 419K, 13% free 9641K/11079K, paused 1ms+2ms
07-18 11:11:33.719   766  1281 D dalvikvm: GC_EXPLICIT freed 119K, 14% free 9598K/11079K, paused 31ms+3ms
07-18 11:11:33.738   766  1281 I Gmail   : MainSyncRequestProto: lowestBkwdConvoId: 0, highestHandledServerOp: 4156587, normalSync: true
07-18 11:11:37.625   766   768 D dalvikvm: GC_CONCURRENT freed 328K, 13% free 9706K/11079K, paused 2ms+5ms
07-18 11:11:38.051   766   768 D dalvikvm: GC_CONCURRENT freed 458K, 14% free 9637K/11079K, paused 6ms+2ms
07-18 11:11:38.449   766   768 D dalvikvm: GC_CONCURRENT freed 262K, 12% free 9805K/11079K, paused 3ms+5ms
07-18 11:11:38.848   766   768 D dalvikvm: GC_CONCURRENT freed 556K, 13% free 9657K/11079K, paused 7ms+3ms
07-18 11:11:38.953   766   768 D dalvikvm: GC_CONCURRENT freed 428K, 13% free 9646K/11079K, paused 2ms+2ms
07-18 11:11:39.051   766   768 D dalvikvm: GC_CONCURRENT freed 446K, 13% free 9662K/11079K, paused 2ms+2ms
07-18 11:11:39.465   766   768 D dalvikvm: GC_CONCURRENT freed 418K, 13% free 9676K/11079K, paused 4ms+4ms
07-18 11:11:39.676   766   768 D dalvikvm: GC_CONCURRENT freed 449K, 14% free 9626K/11079K, paused 6ms+2ms
07-18 11:11:39.859   766   768 D dalvikvm: GC_CONCURRENT freed 234K, 11% free 9866K/11079K, paused 3ms+4ms
07-18 11:11:40.082   766   768 D dalvikvm: GC_CONCURRENT freed 634K, 14% free 9620K/11079K, paused 2ms+2ms
07-18 11:11:40.859   766   768 D dalvikvm: GC_CONCURRENT freed 340K, 13% free 9674K/11079K, paused 7ms+3ms
07-18 11:11:41.652   766   768 D dalvikvm: GC_CONCURRENT freed 359K, 13% free 9731K/11079K, paused 1ms+2ms
07-18 11:11:42.063   766   768 D dalvikvm: GC_CONCURRENT freed 514K, 13% free 9652K/11079K, paused 6ms+2ms
07-18 11:11:42.512   766   768 D dalvikvm: GC_CONCURRENT freed 343K, 13% free 9726K/11079K, paused 13ms+2ms
07-18 11:11:42.574   766   768 D dalvikvm: GC_CONCURRENT freed 127K, 9% free 10106K/11079K, paused 2ms+1ms
07-18 11:11:42.926   766   768 D dalvikvm: GC_CONCURRENT freed 856K, 13% free 9640K/11079K, paused 2ms+2ms
07-18 11:11:43.484   766   768 D dalvikvm: GC_CONCURRENT freed 367K, 13% free 9696K/11079K, paused 7ms+2ms
07-18 11:11:43.887   766   768 D dalvikvm: GC_CONCURRENT freed 441K, 13% free 9650K/11079K, paused 2ms+2ms
07-18 11:11:44.289   766   768 D dalvikvm: GC_CONCURRENT freed 334K, 13% free 9719K/11079K, paused 1ms+2ms
07-18 11:11:44.887   766   768 D dalvikvm: GC_CONCURRENT freed 458K, 12% free 9752K/11079K, paused 7ms+2ms
07-18 11:11:45.164   766   768 D dalvikvm: GC_CONCURRENT freed 508K, 14% free 9631K/11079K, paused 2ms+2ms
07-18 11:11:45.500   766   768 D dalvikvm: GC_CONCURRENT freed 393K, 14% free 9632K/11079K, paused 2ms+3ms
07-18 11:11:45.852   766   768 D dalvikvm: GC_CONCURRENT freed 385K, 13% free 9643K/11079K, paused 2ms+2ms
07-18 11:11:46.070   766   768 D dalvikvm: GC_CONCURRENT freed 288K, 12% free 9826K/11079K, paused 1ms+3ms
07-18 11:11:46.309   766   768 D dalvikvm: GC_CONCURRENT freed 607K, 14% free 9620K/11079K, paused 13ms+2ms
07-18 11:11:46.930   459  1052 I PhoneLab-: Service Running
07-18 11:11:46.961   459  1052 I PhoneLab-LoggerService: app_38    1055  459   1428   1060  c00f181c 400107b4 S logcat
07-18 11:11:46.961   459  1052 I PhoneLab-LoggerService: Logcat pid from database 1055
07-18 11:11:46.961   459  1052 I PhoneLab-LoggerService: Logcat process found 1055
07-18 11:11:46.961   459  1052 I PhoneLab-LoggerService: Checking Threshold
07-18 11:11:46.961   459  1052 I PhoneLab-LoggerService: Starting to rename files
07-18 11:11:46.961   459  1052 I PhoneLab-LoggerService: Files found .. 2
07-18 11:11:47.254   766   768 D dalvikvm: GC_CONCURRENT freed 373K, 14% free 9633K/11079K, paused 2ms+3ms
07-18 11:11:48.699   766  1281 D dalvikvm: GC_EXPLICIT freed 96K, 14% free 9599K/11079K, paused 31ms+2ms
07-18 11:11:48.719   766  1281 I Gmail   : MainSyncRequestProto: lowestBkwdConvoId: 0, highestHandledServerOp: 4156601, normalSync: true
07-18 11:11:50.813   766   768 D dalvikvm: GC_CONCURRENT freed 372K, 13% free 9646K/11079K, paused 1ms+4ms
07-18 11:11:50.926   766   768 D dalvikvm: GC_CONCURRENT freed 418K, 13% free 9659K/11079K, paused 2ms+2ms
07-18 11:11:51.227   766   768 D dalvikvm: GC_CONCURRENT freed 410K, 13% free 9641K/11079K, paused 2ms+2ms
07-18 11:11:51.613   766   768 D dalvikvm: GC_CONCURRENT freed 394K, 13% free 9655K/11079K, paused 2ms+2ms
07-18 11:11:52.020   766   768 D dalvikvm: GC_CONCURRENT freed 304K, 13% free 9738K/11079K, paused 4ms+5ms
07-18 11:11:52.965   766   768 D dalvikvm: GC_CONCURRENT freed 454K, 13% free 9669K/11079K, paused 2ms+3ms
07-18 11:11:53.305   766  1281 D dalvikvm: GC_EXPLICIT freed 106K, 14% free 9602K/11079K, paused 8ms+3ms
07-18 11:11:53.324   766  1281 I Gmail   : MainSyncRequestProto: lowestBkwdConvoId: 0, highestHandledServerOp: 4156616, normalSync: true
07-18 11:11:56.531   766   768 D dalvikvm: GC_CONCURRENT freed 337K, 13% free 9697K/11079K, paused 3ms+5ms
07-18 11:11:56.895   766   768 D dalvikvm: GC_CONCURRENT freed 410K, 13% free 9747K/11079K, paused 2ms+5ms
07-18 11:11:57.473   766   768 D dalvikvm: GC_CONCURRENT freed 489K, 13% free 9646K/11079K, paused 2ms+2ms
07-18 11:11:59.059   766   768 D dalvikvm: GC_CONCURRENT freed 380K, 13% free 9660K/11079K, paused 4ms+4ms
07-18 11:11:59.457   766   768 D dalvikvm: GC_CONCURRENT freed 250K, 11% free 9914K/11079K, paused 3ms+4ms
07-18 11:11:59.953   766   768 D dalvikvm: GC_CONCURRENT freed 658K, 13% free 9657K/11079K, paused 2ms+2ms
07-18 11:12:00.117   141   143 D dalvikvm: GC_CONCURRENT freed 889K, 12% free 13347K/15047K, paused 3ms+5ms
07-18 11:12:00.355   766   768 D dalvikvm: GC_CONCURRENT freed 420K, 14% free 9638K/11079K, paused 2ms+2ms
07-18 11:12:01.031   766   768 D dalvikvm: GC_CONCURRENT freed 256K, 12% free 9817K/11079K, paused 13ms+3ms
07-18 11:12:01.223   766   768 D dalvikvm: GC_CONCURRENT freed 611K, 14% free 9590K/11079K, paused 4ms+4ms
07-18 11:12:01.844   766   768 D dalvikvm: GC_CONCURRENT freed 370K, 13% free 9662K/11079K, paused 6ms+2ms
07-18 11:12:02.219   766   768 D dalvikvm: GC_CONCURRENT freed 440K, 14% free 9607K/11079K, paused 1ms+3ms
07-18 11:12:03.117   766   768 D dalvikvm: GC_CONCURRENT freed 352K, 13% free 9650K/11079K, paused 2ms+6ms
07-18 11:12:03.473   766   768 D dalvikvm: GC_CONCURRENT freed 434K, 14% free 9602K/11079K, paused 2ms+2ms
07-18 11:12:03.781   766   768 D dalvikvm: GC_CONCURRENT freed 390K, 13% free 9691K/11079K, paused 4ms+4ms
07-18 11:12:04.000   766   768 D dalvikvm: GC_CONCURRENT freed 237K, 11% free 9928K/11079K, paused 2ms+2ms
07-18 11:12:04.758   766   768 D dalvikvm: GC_CONCURRENT freed 690K, 13% free 9652K/11079K, paused 13ms+2ms
07-18 11:12:05.234   141   148 I dalvikvm: Jit: resizing JitTable from 8192 to 16384
07-18 11:12:05.457   766   768 D dalvikvm: GC_CONCURRENT freed 416K, 14% free 9628K/11079K, paused 4ms+5ms
07-18 11:12:06.441   766  1281 D dalvikvm: GC_EXPLICIT freed 342K, 14% free 9591K/11079K, paused 15ms+3ms
07-18 11:12:06.457   766  1281 I Gmail   : MainSyncRequestProto: lowestBkwdConvoId: 0, highestHandledServerOp: 4156616, normalSync: true
07-18 11:12:09.813   766   768 D dalvikvm: GC_CONCURRENT freed 350K, 14% free 9630K/11079K, paused 3ms+5ms
07-18 11:12:10.023   766   768 D dalvikvm: GC_CONCURRENT freed 241K, 12% free 9847K/11079K, paused 2ms+2ms
07-18 11:12:10.461   766   768 D dalvikvm: GC_CONCURRENT freed 577K, 13% free 9662K/11079K, paused 4ms+5ms
07-18 11:12:10.820   766   768 D dalvikvm: GC_CONCURRENT freed 443K, 14% free 9603K/11079K, paused 6ms+2ms
07-18 11:12:11.164   766   768 D dalvikvm: GC_CONCURRENT freed 270K, 13% free 9744K/11079K, paused 1ms+2ms
07-18 11:12:11.371   766   768 D dalvikvm: GC_CONCURRENT freed 313K, 12% free 9826K/11079K, paused 4ms+5ms
07-18 11:12:13.738   766   768 D dalvikvm: GC_CONCURRENT freed 554K, 13% free 9677K/11079K, paused 3ms+5ms
07-18 11:12:14.328   766   768 D dalvikvm: GC_CONCURRENT freed 302K, 12% free 9766K/11079K, paused 3ms+6ms
07-18 11:12:14.539   766   768 D dalvikvm: GC_CONCURRENT freed 534K, 13% free 9704K/11079K, paused 3ms+4ms
07-18 11:12:14.910   766   768 D dalvikvm: GC_CONCURRENT freed 448K, 13% free 9652K/11079K, paused 6ms+2ms
07-18 11:12:15.227   766   768 D dalvikvm: GC_CONCURRENT freed 344K, 12% free 9776K/11079K, paused 2ms+2ms
07-18 11:12:15.719   766   768 D dalvikvm: GC_CONCURRENT freed 511K, 13% free 9672K/11079K, paused 7ms+2ms
07-18 11:12:16.180   766   768 D dalvikvm: GC_CONCURRENT freed 438K, 14% free 9627K/11079K, paused 1ms+2ms
07-18 11:12:16.656   766   768 D dalvikvm: GC_CONCURRENT freed 400K, 14% free 9613K/11079K, paused 2ms+2ms
07-18 11:12:17.430   766   768 D dalvikvm: GC_CONCURRENT freed 362K, 14% free 9639K/11079K, paused 2ms+2ms
07-18 11:12:17.715   766   768 D dalvikvm: GC_CONCURRENT freed 288K, 12% free 9790K/11079K, paused 2ms+2ms
07-18 11:12:18.078   766   768 D dalvikvm: GC_CONCURRENT freed 566K, 14% free 9612K/11079K, paused 7ms+10ms
07-18 11:12:18.605   766   768 D dalvikvm: GC_CONCURRENT freed 383K, 14% free 9615K/11079K, paused 2ms+2ms
07-18 11:12:19.156   766   768 D dalvikvm: GC_CONCURRENT freed 390K, 14% free 9611K/11079K, paused 2ms+2ms
07-18 11:12:20.176   766   768 D dalvikvm: GC_CONCURRENT freed 379K, 14% free 9617K/11079K, paused 2ms+3ms
07-18 11:12:20.496   766  1281 D dalvikvm: GC_EXPLICIT freed 54K, 14% free 9575K/11079K, paused 15ms+3ms
07-18 11:12:20.512   766  1281 I Gmail   : MainSyncRequestProto: lowestBkwdConvoId: 0, highestHandledServerOp: 4156616, normalSync: true
07-18 11:12:23.742   766   768 D dalvikvm: GC_CONCURRENT freed 339K, 14% free 9626K/11079K, paused 3ms+6ms
07-18 11:12:24.281   766   768 D dalvikvm: GC_CONCURRENT freed 369K, 13% free 9643K/11079K, paused 2ms+5ms
07-18 11:12:24.863   766   768 D dalvikvm: GC_CONCURRENT freed 349K, 13% free 9707K/11079K, paused 4ms+6ms
07-18 11:12:25.270   766   768 D dalvikvm: GC_CONCURRENT freed 454K, 13% free 9708K/11079K, paused 6ms+10ms
07-18 11:12:25.617   766   768 D dalvikvm: GC_CONCURRENT freed 474K, 14% free 9623K/11079K, paused 2ms+3ms
07-18 11:12:26.168   766   768 D dalvikvm: GC_CONCURRENT freed 373K, 14% free 9637K/11079K, paused 2ms+2ms
07-18 11:12:26.758   766   768 D dalvikvm: GC_CONCURRENT freed 322K, 12% free 9795K/11079K, paused 1ms+2ms
07-18 11:12:28.746   766   768 D dalvikvm: GC_CONCURRENT freed 570K, 14% free 9634K/11079K, paused 2ms+2ms
07-18 11:12:29.164   766   768 D dalvikvm: GC_CONCURRENT freed 381K, 13% free 9705K/11079K, paused 4ms+5ms
07-18 11:12:29.676   766   768 D dalvikvm: GC_CONCURRENT freed 339K, 12% free 9787K/11079K, paused 7ms+2ms
07-18 11:12:29.844   766   768 D dalvikvm: GC_CONCURRENT freed 325K, 11% free 9957K/11079K, paused 2ms+2ms
07-18 11:12:29.926   766   768 D dalvikvm: GC_CONCURRENT freed 486K, 11% free 9949K/11079K, paused 2ms+2ms
07-18 11:12:30.457   766   768 D dalvikvm: GC_CONCURRENT freed 670K, 13% free 9707K/11079K, paused 7ms+3ms
07-18 11:12:30.820   766   768 D dalvikvm: GC_CONCURRENT freed 479K, 14% free 9634K/11079K, paused 7ms+10ms
07-18 11:12:31.246   766   768 D dalvikvm: GC_CONCURRENT freed 398K, 14% free 9638K/11079K, paused 1ms+3ms
07-18 11:12:31.602   766   768 D dalvikvm: GC_CONCURRENT freed 258K, 12% free 9849K/11079K, paused 1ms+2ms
07-18 11:12:31.723   766   768 D dalvikvm: GC_CONCURRENT freed 637K, 14% free 9596K/11079K, paused 2ms+2ms
07-18 11:12:32.461   766   768 D dalvikvm: GC_CONCURRENT freed 310K, 13% free 9691K/11079K, paused 6ms+2ms
07-18 11:12:33.328   766   768 D dalvikvm: GC_CONCURRENT freed 419K, 13% free 9713K/11079K, paused 6ms+11ms
07-18 11:12:33.387   766   768 D dalvikvm: GC_CONCURRENT freed 210K, 11% free 9953K/11079K, paused 2ms+1ms
07-18 11:12:33.922   766   768 D dalvikvm: GC_CONCURRENT freed 768K, 14% free 9597K/11079K, paused 2ms+2ms
07-18 11:12:34.676   766  1281 D dalvikvm: GC_EXPLICIT freed 381K, 14% free 9577K/11079K, paused 16ms+2ms
07-18 11:12:34.688   766  1281 I Gmail   : MainSyncRequestProto: lowestBkwdConvoId: 0, highestHandledServerOp: 4156648, normalSync: true
07-18 11:12:41.652   766   768 D dalvikvm: GC_CONCURRENT freed 220K, 12% free 9771K/11079K, paused 3ms+5ms
07-18 11:12:41.961   766   768 D dalvikvm: GC_CONCURRENT freed 346K, 12% free 9815K/11079K, paused 3ms+5ms
07-18 11:12:42.133   766   768 D dalvikvm: GC_CONCURRENT freed 617K, 14% free 9602K/11079K, paused 2ms+3ms
07-18 11:12:42.574   766   768 D dalvikvm: GC_CONCURRENT freed 314K, 13% free 9700K/11079K, paused 6ms+5ms
07-18 11:12:42.898   766   768 D dalvikvm: GC_CONCURRENT freed 452K, 13% free 9647K/11079K, paused 2ms+3ms
07-18 11:12:43.004   766   768 D dalvikvm: GC_CONCURRENT freed 485K, 14% free 9633K/11079K, paused 2ms+2ms
07-18 11:12:43.520   766   768 D dalvikvm: GC_CONCURRENT freed 405K, 14% free 9623K/11079K, paused 7ms+10ms
07-18 11:12:44.023   766   768 D dalvikvm: GC_CONCURRENT freed 386K, 14% free 9623K/11079K, paused 7ms+2ms
07-18 11:12:44.746   766   768 D dalvikvm: GC_CONCURRENT freed 359K, 13% free 9683K/11079K, paused 1ms+3ms
07-18 11:12:45.160   766   768 D dalvikvm: GC_CONCURRENT freed 454K, 14% free 9620K/11079K, paused 2ms+3ms
07-18 11:12:45.480   766   768 D dalvikvm: GC_CONCURRENT freed 178K, 11% free 9939K/11079K, paused 1ms+2ms
07-18 11:12:45.988   766   768 D dalvikvm: GC_CONCURRENT freed 696K, 14% free 9632K/11079K, paused 2ms+3ms
07-18 11:12:47.539   766   768 D dalvikvm: GC_CONCURRENT freed 377K, 13% free 9650K/11079K, paused 13ms+3ms
07-18 11:12:47.793   766   768 D dalvikvm: GC_CONCURRENT freed 303K, 13% free 9739K/11079K, paused 6ms+8ms
07-18 11:12:47.918   766   768 D dalvikvm: GC_CONCURRENT freed 439K, 13% free 9733K/11079K, paused 1ms+2ms
07-18 11:12:47.984   766   768 D dalvikvm: GC_CONCURRENT freed 393K, 12% free 9836K/11079K, paused 2ms+1ms
07-18 11:12:48.055   766   768 D dalvikvm: GC_CONCURRENT freed 395K, 11% free 9898K/11079K, paused 1ms+3ms
07-18 11:12:48.125   766   768 D dalvikvm: GC_CONCURRENT freed 461K, 12% free 9849K/11079K, paused 2ms+2ms
07-18 11:12:48.191   766   768 D dalvikvm: GC_CONCURRENT freed 416K, 12% free 9851K/11079K, paused 2ms+2ms
07-18 11:12:48.258   766   768 D dalvikvm: GC_CONCURRENT freed 377K, 11% free 9916K/11079K, paused 2ms+2ms
07-18 11:12:48.332   766   768 D dalvikvm: GC_CONCURRENT freed 439K, 11% free 9921K/11079K, paused 2ms+2ms
07-18 11:12:48.402   766   768 D dalvikvm: GC_CONCURRENT freed 456K, 11% free 9933K/11079K, paused 1ms+2ms
07-18 11:12:48.730   766   768 D dalvikvm: GC_CONCURRENT freed 708K, 14% free 9625K/11079K, paused 2ms+3ms
07-18 11:12:49.012   766   768 D dalvikvm: GC_CONCURRENT freed 349K, 13% free 9674K/11079K, paused 2ms+2ms
07-18 11:12:49.453   766   768 D dalvikvm: GC_CONCURRENT freed 478K, 14% free 9636K/11079K, paused 1ms+3ms
07-18 11:12:51.324   766   768 D dalvikvm: GC_CONCURRENT freed 477K, 13% free 9670K/11079K, paused 13ms+2ms
07-18 11:12:51.379   766   768 D dalvikvm: GC_CONCURRENT freed 442K, 13% free 9656K/11079K, paused 2ms+2ms
07-18 11:12:51.609   766   768 D dalvikvm: GC_CONCURRENT freed 474K, 13% free 9667K/11079K, paused 2ms+2ms
07-18 11:12:51.648   766   768 D dalvikvm: GC_CONCURRENT freed 453K, 13% free 9686K/11079K, paused 1ms+2ms
07-18 11:12:51.699   766   768 D dalvikvm: GC_CONCURRENT freed 349K, 12% free 9808K/11079K, paused 2ms+2ms
07-18 11:12:51.992   766   768 D dalvikvm: GC_CONCURRENT freed 503K, 13% free 9702K/11079K, paused 2ms+2ms
07-18 11:12:52.293   766   768 D dalvikvm: GC_CONCURRENT freed 472K, 14% free 9634K/11079K, paused 2ms+2ms
07-18 11:12:52.641   766   768 D dalvikvm: GC_CONCURRENT freed 403K, 14% free 9625K/11079K, paused 2ms+3ms
07-18 11:12:53.031   766   768 D dalvikvm: GC_CONCURRENT freed 379K, 14% free 9634K/11079K, paused 2ms+2ms
07-18 11:12:53.285   766   768 D dalvikvm: GC_CONCURRENT freed 439K, 13% free 9700K/11079K, paused 1ms+2ms
07-18 11:12:53.309   766  1281 D dalvikvm: GC_FOR_ALLOC freed 460K, 13% free 9657K/11079K, paused 15ms
07-18 11:12:53.352   766   768 D dalvikvm: GC_CONCURRENT freed 294K, 12% free 9770K/11079K, paused 2ms+2ms
07-18 11:12:53.387   766   768 D dalvikvm: GC_CONCURRENT freed 467K, 12% free 9812K/11079K, paused 1ms+2ms
07-18 11:12:53.426   766   768 D dalvikvm: GC_CONCURRENT freed 338K, 11% free 9961K/11079K, paused 4ms+3ms
07-18 11:12:53.492   766   768 D dalvikvm: GC_CONCURRENT freed 483K, 11% free 9864K/11079K, paused 2ms+3ms
07-18 11:12:53.586   766   768 D dalvikvm: GC_CONCURRENT freed 398K, 11% free 9923K/11079K, paused 2ms+2ms
07-18 11:12:53.672   766   768 D dalvikvm: GC_CONCURRENT freed 464K, 11% free 9939K/11079K, paused 2ms+2ms
07-18 11:12:54.023   766   768 D dalvikvm: GC_CONCURRENT freed 559K, 12% free 9768K/11079K, paused 2ms+2ms
07-18 11:12:54.129   766   768 D dalvikvm: GC_CONCURRENT freed 534K, 14% free 9636K/11079K, paused 2ms+2ms
07-18 11:12:54.594   766   768 D dalvikvm: GC_CONCURRENT freed 423K, 13% free 9641K/11079K, paused 13ms+3ms
07-18 11:12:54.676   766   768 D dalvikvm: GC_CONCURRENT freed 392K, 13% free 9664K/11079K, paused 1ms+2ms
07-18 11:12:55.473   766   768 D dalvikvm: GC_CONCURRENT freed 362K, 13% free 9712K/11079K, paused 3ms+5ms
07-18 11:12:55.574   766   768 D dalvikvm: GC_CONCURRENT freed 463K, 13% free 9661K/11079K, paused 2ms+2ms
07-18 11:12:55.641   766   768 D dalvikvm: GC_CONCURRENT freed 358K, 13% free 9718K/11079K, paused 2ms+2ms
07-18 11:12:57.289   766   768 D dalvikvm: GC_CONCURRENT freed 481K, 13% free 9681K/11079K, paused 2ms+3ms
07-18 11:12:57.363   766   768 D dalvikvm: GC_CONCURRENT freed 315K, 12% free 9817K/11079K, paused 1ms+2ms
07-18 11:12:57.430   766   768 D dalvikvm: GC_CONCURRENT freed 494K, 12% free 9822K/11079K, paused 1ms+2ms
07-18 11:12:57.523   766   768 D dalvikvm: GC_CONCURRENT freed 584K, 13% free 9677K/11079K, paused 1ms+3ms
07-18 11:12:57.598   766   768 D dalvikvm: GC_CONCURRENT freed 313K, 12% free 9756K/11079K, paused 2ms+2ms
07-18 11:12:57.684   766   768 D dalvikvm: GC_CONCURRENT freed 474K, 13% free 9695K/11079K, paused 2ms+1ms
07-18 11:12:57.754   766   768 D dalvikvm: GC_CONCURRENT freed 325K, 12% free 9801K/11079K, paused 1ms+2ms
07-18 11:12:58.461   766   768 D dalvikvm: GC_CONCURRENT freed 566K, 14% free 9619K/11079K, paused 2ms+2ms
07-18 11:12:59.066   766  1281 D dalvikvm: GC_EXPLICIT freed 111K, 14% free 9583K/11079K, paused 34ms+2ms
07-18 11:12:59.078   766  1281 I Gmail   : MainSyncRequestProto: lowestBkwdConvoId: 0, highestHandledServerOp: 4156648, normalSync: true
07-18 11:13:03.441   766   768 D dalvikvm: GC_CONCURRENT freed 361K, 14% free 9614K/11079K, paused 2ms+2ms
07-18 11:13:05.504   766   768 D dalvikvm: GC_CONCURRENT freed 371K, 14% free 9633K/11079K, paused 1ms+3ms
07-18 11:13:05.613   766   768 D dalvikvm: GC_CONCURRENT freed 409K, 13% free 9640K/11079K, paused 2ms+2ms
07-18 11:13:05.977   766   768 D dalvikvm: GC_CONCURRENT freed 396K, 13% free 9643K/11079K, paused 2ms+2ms
07-18 11:13:06.266   766   768 D dalvikvm: GC_CONCURRENT freed 397K, 13% free 9671K/11079K, paused 2ms+2ms
07-18 11:13:06.359   766   768 D dalvikvm: GC_CONCURRENT freed 447K, 13% free 9683K/11079K, paused 2ms+3ms
07-18 11:13:06.438   766   768 D dalvikvm: GC_CONCURRENT freed 381K, 13% free 9697K/11079K, paused 2ms+2ms
07-18 11:13:06.516   766   768 D dalvikvm: GC_CONCURRENT freed 452K, 14% free 9639K/11079K, paused 1ms+2ms
07-18 11:13:06.605   766   768 D dalvikvm: GC_CONCURRENT freed 418K, 13% free 9647K/11079K, paused 1ms+2ms
07-18 11:13:06.684   766   768 D dalvikvm: GC_CONCURRENT freed 409K, 13% free 9698K/11079K, paused 2ms+2ms
07-18 11:13:06.770   766   768 D dalvikvm: GC_CONCURRENT freed 394K, 12% free 9792K/11079K, paused 2ms+2ms
07-18 11:13:06.832   766   768 D dalvikvm: GC_CONCURRENT freed 434K, 12% free 9849K/11079K, paused 1ms+2ms
07-18 11:13:06.902   766   768 D dalvikvm: GC_CONCURRENT freed 520K, 13% free 9750K/11079K, paused 1ms+2ms
07-18 11:13:06.969   766   768 D dalvikvm: GC_CONCURRENT freed 364K, 11% free 9867K/11079K, paused 2ms+2ms
07-18 11:13:07.031   766   768 D dalvikvm: GC_CONCURRENT freed 537K, 12% free 9812K/11079K, paused 2ms+2ms
07-18 11:13:07.098   766   768 D dalvikvm: GC_CONCURRENT freed 371K, 11% free 9871K/11079K, paused 2ms+2ms
07-18 11:13:07.164   766   768 D dalvikvm: GC_CONCURRENT freed 287K, 10% free 10048K/11079K, paused 2ms+2ms
07-18 11:13:07.211   766  1281 D dalvikvm: GC_FOR_ALLOC freed 608K, 13% free 9694K/11079K, paused 15ms
07-18 11:13:07.266   766   768 D dalvikvm: GC_CONCURRENT freed 5K, 8% free 10198K/11079K, paused 2ms+2ms
07-18 11:13:07.281   766  1281 D dalvikvm: GC_FOR_ALLOC freed 308K, 11% free 9890K/11079K, paused 15ms
07-18 11:13:07.348   766   768 D dalvikvm: GC_CONCURRENT freed 658K, 14% free 9633K/11079K, paused 2ms+3ms
07-18 11:13:07.422   766   768 D dalvikvm: GC_CONCURRENT freed 403K, 13% free 9718K/11079K, paused 2ms+2ms
07-18 11:13:07.504   766   768 D dalvikvm: GC_CONCURRENT freed 420K, 13% free 9711K/11079K, paused 1ms+3ms
07-18 11:13:07.586   766   768 D dalvikvm: GC_CONCURRENT freed 400K, 13% free 9713K/11079K, paused 2ms+2ms
07-18 11:13:09.551   766   768 D dalvikvm: GC_CONCURRENT freed 483K, 14% free 9620K/11079K, paused 12ms+2ms
07-18 11:13:09.637   766   768 D dalvikvm: GC_CONCURRENT freed 385K, 13% free 9693K/11079K, paused 1ms+2ms
07-18 11:13:09.723   766   768 D dalvikvm: GC_CONCURRENT freed 455K, 13% free 9641K/11079K, paused 1ms+1ms
07-18 11:13:09.809   766   768 D dalvikvm: GC_CONCURRENT freed 413K, 13% free 9675K/11079K, paused 2ms+2ms
07-18 11:13:10.156   766   768 D dalvikvm: GC_CONCURRENT freed 434K, 13% free 9683K/11079K, paused 1ms+2ms
07-18 11:13:10.258   766   768 D dalvikvm: GC_CONCURRENT freed 379K, 13% free 9695K/11079K, paused 2ms+2ms
07-18 11:13:10.355   766   768 D dalvikvm: GC_CONCURRENT freed 451K, 13% free 9692K/11079K, paused 2ms+2ms
07-18 11:13:10.461   766   768 D dalvikvm: GC_CONCURRENT freed 446K, 13% free 9663K/11079K, paused 1ms+2ms
07-18 11:13:10.551   766   768 D dalvikvm: GC_CONCURRENT freed 431K, 13% free 9660K/11079K, paused 2ms+2ms
07-18 11:13:10.621   766   768 D dalvikvm: GC_CONCURRENT freed 317K, 12% free 9842K/11079K, paused 1ms+2ms
07-18 11:13:10.707   766   768 D dalvikvm: GC_CONCURRENT freed 599K, 13% free 9749K/11079K, paused 1ms+2ms
07-18 11:13:10.797   766   768 D dalvikvm: GC_CONCURRENT freed 416K, 12% free 9811K/11079K, paused 1ms+2ms
07-18 11:13:10.879   766   768 D dalvikvm: GC_CONCURRENT freed 491K, 13% free 9746K/11079K, paused 1ms+2ms
07-18 11:13:10.973   766   768 D dalvikvm: GC_CONCURRENT freed 453K, 13% free 9749K/11079K, paused 1ms+3ms
07-18 11:13:11.047   766   768 D dalvikvm: GC_CONCURRENT freed 442K, 13% free 9702K/11079K, paused 2ms+2ms
07-18 11:13:11.137   766   768 D dalvikvm: GC_CONCURRENT freed 198K, 10% free 10005K/11079K, paused 2ms+2ms
07-18 11:13:11.234   766   768 D dalvikvm: GC_CONCURRENT freed 656K, 13% free 9740K/11079K, paused 1ms+3ms
07-18 11:13:11.320   766   768 D dalvikvm: GC_CONCURRENT freed 488K, 13% free 9693K/11079K, paused 2ms+2ms
07-18 11:13:11.410   766   768 D dalvikvm: GC_CONCURRENT freed 458K, 13% free 9724K/11079K, paused 2ms+2ms
07-18 11:13:11.477   766   768 D dalvikvm: GC_CONCURRENT freed 441K, 13% free 9669K/11079K, paused 2ms+3ms
07-18 11:13:11.574   766   768 D dalvikvm: GC_CONCURRENT freed 456K, 13% free 9658K/11079K, paused 1ms+3ms
07-18 11:13:11.648   766   768 D dalvikvm: GC_CONCURRENT freed 329K, 12% free 9758K/11079K, paused 2ms+2ms
07-18 11:13:11.750   766   768 D dalvikvm: GC_CONCURRENT freed 523K, 14% free 9622K/11079K, paused 2ms+2ms
07-18 11:13:11.840   766   768 D dalvikvm: GC_CONCURRENT freed 342K, 13% free 9687K/11079K, paused 1ms+2ms
07-18 11:13:11.965   766   768 D dalvikvm: GC_CONCURRENT freed 435K, 13% free 9666K/11079K, paused 2ms+3ms
07-18 11:13:12.066   766   768 D dalvikvm: GC_CONCURRENT freed 365K, 13% free 9747K/11079K, paused 2ms+2ms
07-18 11:13:12.129   766   768 D dalvikvm: GC_CONCURRENT freed 522K, 13% free 9642K/11079K, paused 2ms+2ms
07-18 11:13:12.184   766   768 D dalvikvm: GC_CONCURRENT freed 218K, 12% free 9851K/11079K, paused 1ms+2ms
07-18 11:13:12.664   766   768 D dalvikvm: GC_CONCURRENT freed 608K, 14% free 9633K/11079K, paused 2ms+3ms
07-18 11:13:14.527   766   768 D dalvikvm: GC_CONCURRENT freed 403K, 14% free 9622K/11079K, paused 7ms+2ms
07-18 11:13:14.664   766   768 D dalvikvm: GC_CONCURRENT freed 399K, 14% free 9623K/11079K, paused 1ms+2ms
07-18 11:13:14.762   766   768 D dalvikvm: GC_CONCURRENT freed 413K, 13% free 9643K/11079K, paused 1ms+2ms
07-18 11:13:15.180   766   768 D dalvikvm: GC_CONCURRENT freed 401K, 13% free 9680K/11079K, paused 1ms+2ms
07-18 11:13:15.563   766   768 D dalvikvm: GC_CONCURRENT freed 459K, 14% free 9610K/11079K, paused 13ms+2ms
07-18 11:13:15.887   766   768 D dalvikvm: GC_CONCURRENT freed 406K, 13% free 9674K/11079K, paused 2ms+3ms
07-18 11:13:15.934   766   768 D dalvikvm: GC_CONCURRENT freed 465K, 13% free 9660K/11079K, paused 2ms+2ms
07-18 11:13:15.938   766  1281 E Gmail   : Dictionary checksum mismatch for conversation 1386951732074685110. Expected 84bd06b5 but was f26704c1
07-18 11:13:15.938   766  1281 W Gmail   : handleConversationProto: Could not deflate conversation 1386951732074685110. marking conversation as dirty
07-18 11:13:16.098   766   768 D dalvikvm: GC_CONCURRENT freed 442K, 14% free 9607K/11079K, paused 2ms+5ms
07-18 11:13:16.242   766   768 D dalvikvm: GC_CONCURRENT freed 382K, 14% free 9632K/11079K, paused 2ms+3ms
07-18 11:13:16.344   766   768 D dalvikvm: GC_CONCURRENT freed 403K, 13% free 9653K/11079K, paused 1ms+3ms
07-18 11:13:16.762   766   768 D dalvikvm: GC_CONCURRENT freed 413K, 14% free 9637K/11079K, paused 2ms+3ms
07-18 11:13:18.887   766  1281 D dalvikvm: GC_EXPLICIT freed 76K, 14% free 9590K/11079K, paused 32ms+2ms
07-18 11:13:18.895   766  1281 I Gmail   : MainSyncRequestProto: lowestBkwdConvoId: 0, highestHandledServerOp: 4156648, normalSync: true
07-18 11:13:18.992   141   157 D dalvikvm: GC_EXPLICIT freed 810K, 12% free 13306K/15047K, paused 2ms+5ms
07-18 11:13:19.426   766  1281 W Gmail   : handleConversationProto: Dirty conversation 1386951732074685110 synced successfully. Marking as dirty in DB
07-18 11:13:19.656   766  1281 D dalvikvm: GC_EXPLICIT freed 216K, 14% free 9612K/11079K, paused 2ms+3ms
07-18 11:13:19.664   766  1281 I Gmail   : MainSyncRequestProto: lowestBkwdConvoId: 0, highestHandledServerOp: 4156654, normalSync: true
07-18 11:13:19.676   766  1281 W Gmail   : Scheduling index for 300000 ms from now
07-18 11:13:19.703   766  1281 I Gmail   : Sending notification intent: Intent { act=android.intent.action.PROVIDER_CHANGED dat=content://gmail-ls/unread/^i (has extras) }
07-18 11:13:19.711   766  1281 I Gmail   : Sending notification intent: Intent { act=android.intent.action.PROVIDER_CHANGED dat=content://gmail-ls/unread/^iim (has extras) }
07-18 11:13:19.738   766  1292 W Gmail   : Showing notification with unreadCount of 100 and unseenCount of 100
07-18 11:13:19.871   141   338 I ActivityManager: Start proc com.android.browser for content provider com.android.browser/.provider.BrowserProvider2: pid=1294 uid=10003 gids={3003, 1015}
07-18 11:13:19.887   141   469 I ActivityManager: No longer want com.google.android.gallery3d (pid 949): hidden #16
07-18 11:13:19.961  1294  1294 I ActivityThread: Pub com.android.browser;browser: com.android.browser.provider.BrowserProvider2
07-18 11:13:19.969  1294  1294 I ActivityThread: Pub com.android.browser.home: com.android.browser.homepages.HomeProvider
07-18 11:13:19.973  1294  1294 I ActivityThread: Pub com.android.browser.snapshots: com.android.browser.provider.SnapshotProvider
07-18 11:13:20.371   295  1317 I DownloadManager: Initiating request for download 488
07-18 11:13:20.727   295   298 D dalvikvm: GC_CONCURRENT freed 407K, 7% free 9376K/9991K, paused 2ms+13ms
07-18 11:13:21.371   295  1326 I DownloadManager: deleting /data/data/com.android.providers.downloads/cache/downloadfile-4.jpeg
07-18 11:13:21.566   274   276 D dalvikvm: GC_CONCURRENT freed 271K, 9% free 10505K/11527K, paused 2ms+3ms
07-18 11:13:21.641   295  1328 I DownloadManager: Initiating request for download 489
07-18 11:13:21.992   295   298 D dalvikvm: GC_CONCURRENT freed 416K, 7% free 9389K/9991K, paused 10ms+11ms
07-18 11:13:22.059   141   165 I ActivityManager: Start proc com.google.android.gallery3d for service com.google.android.gallery3d/com.google.android.picasasync.PicasaSyncService: pid=1330 uid=10017 gids={3003, 1015}
07-18 11:13:22.133  1330  1330 I ActivityThread: Pub com.google.android.gallery3d.GooglePhotoProvider: com.google.android.picasasync.PicasaContentProvider
07-18 11:13:22.215  1330  1333 D dalvikvm: GC_CONCURRENT freed 418K, 6% free 9114K/9607K, paused 3ms+2ms
07-18 11:13:22.254  1330  1330 I ActivityThread: Pub com.google.android.gallery3d.provider: com.android.gallery3d.provider.GalleryProvider
07-18 11:13:22.305  1330  1333 D dalvikvm: GC_CONCURRENT freed 391K, 6% free 9157K/9671K, paused 1ms+2ms
07-18 11:13:22.332  1330  1330 D UploadsManager: load newPhotoTracker: null
07-18 11:13:22.332  1330  1330 D UploadsManager: load all accounts: null
07-18 11:13:22.332  1330  1330 D UploadsManager: load all account-album pairs: null
07-18 11:13:22.336  1330  1330 V PicasaContentProvider: querySettings: defaults: {sync_on_wifi_only=1, auto_upload_account_type=null, sync_on_battery=1, sync_picasa_on_wifi_only=1, auto_upload_enabled=0, video_upload_wifi_only=1, sync_on_roaming=0, auto_upload_account_name=null}
07-18 11:13:22.340  1330  1330 D UploadsManager:    settings not changed
07-18 11:13:22.344  1330  1343 D PicasaSync: sync account database
07-18 11:13:22.363  1330  1343 D PicasaSync: accounts in DB=1
07-18 11:13:22.367  1330  1343 V PicasaContentProvider: querySettings: defaults: {sync_on_wifi_only=1, auto_upload_account_type=null, sync_on_battery=1, sync_picasa_on_wifi_only=1, auto_upload_enabled=0, video_upload_wifi_only=1, sync_on_roaming=0, auto_upload_account_name=null}
07-18 11:13:22.371  1330  1343 D PicasaSyncManager: active network: NetworkInfo: type: WIFI[], state: CONNECTED/CONNECTED, reason: (unspecified), extra: (none), roaming: false, failover: false, isAvailable: true
07-18 11:13:22.371  1330  1343 D PicasaSyncManager: background data: true
07-18 11:13:22.445  1330  1346 D PicasaSyncService: start to perform sync on drqiao02@gmail.com
07-18 11:13:22.465  1330  1343 V PicasaContentProvider: querySettings: defaults: {sync_on_wifi_only=1, auto_upload_account_type=null, sync_on_battery=1, sync_picasa_on_wifi_only=1, auto_upload_enabled=0, video_upload_wifi_only=1, sync_on_roaming=0, auto_upload_account_name=null}
07-18 11:13:22.469  1330  1343 D PicasaSyncManager: request sync for MetadataSyncTask (drqiao02@gmail.com)
07-18 11:13:22.477  1330  1343 D PicasaSyncManager: battery info: false
07-18 11:13:22.527  1330  1343 V PicasaContentProvider: querySettings: defaults: {sync_on_wifi_only=1, auto_upload_account_type=null, sync_on_battery=1, sync_picasa_on_wifi_only=1, auto_upload_enabled=0, video_upload_wifi_only=1, sync_on_roaming=0, auto_upload_account_name=null}
07-18 11:13:22.527  1330  1346 D PicasaSyncManager: perform sync task: MetadataSyncTask (drqiao02@gmail.com)
07-18 11:13:22.664   295  1350 I DownloadManager: deleting /data/data/com.android.providers.downloads/cache/downloadfile-4.jpeg
07-18 11:13:22.699   239   241 D dalvikvm: GC_CONCURRENT freed 362K, 5% free 9450K/9927K, paused 2ms+2ms
07-18 11:13:23.160  1330  1346 D PicasaAPI: getAlbums for drqiao02@gmail.com, etag = W/"DUAMSHg-fSp7ImA9WhVVE0w."
07-18 11:13:23.289   295  1355 I DownloadManager: Initiating request for download 490
07-18 11:13:23.574   295   298 D dalvikvm: GC_CONCURRENT freed 364K, 6% free 9429K/9991K, paused 1ms+6ms
07-18 11:13:23.594  1330  1333 D dalvikvm: GC_CONCURRENT freed 294K, 5% free 9307K/9735K, paused 2ms+2ms
07-18 11:13:24.008   917   919 D dalvikvm: GC_CONCURRENT freed 361K, 5% free 10647K/11207K, paused 8ms+5ms
07-18 11:13:24.379   766   768 D dalvikvm: GC_CONCURRENT freed 398K, 14% free 9639K/11079K, paused 1ms+7ms
07-18 11:13:24.988  1330  1346 V PicasaAPI:    etag: --> W/"DkEBQ38zfSp7ImA9WhJRFUg.",entryCount=1
07-18 11:13:24.992  1330  1346 V PicasaAPI:    done
07-18 11:13:24.992  1330  1346 D MetricsUtils: [PicasaApi.getAlbums in:2122 out:607 time:1830]
07-18 11:13:25.895  1330  1346 D MetricsUtils: [PicasaSyncHelper.syncAlbums drqiao02@gmail.com time:2744]
07-18 11:13:25.914  1330  1346 D PicasaAPI: getAlbumPhotos for 116762801289828330607 / 5739438399771052337, etag: W/"DUAMSHg-fSp7ImA9WhVVE0w."
07-18 11:13:26.059   141   469 D dalvikvm: GC_EXPLICIT freed 621K, 12% free 13372K/15047K, paused 3ms+6ms
07-18 11:13:26.090   295  1360 I DownloadManager: deleting /data/data/com.android.providers.downloads/cache/downloadfile-4.jpeg
07-18 11:13:26.090   295   295 D dalvikvm: GC_EXPLICIT freed 397K, 7% free 9364K/9991K, paused 2ms+4ms
07-18 11:13:26.313   295  1362 I DownloadManager: Initiating request for download 491
07-18 11:13:26.336  1330  1346 D PicasaAPI:    done
07-18 11:13:26.336  1330  1346 D MetricsUtils: [PicasaApi.getAlbumPhotos in:207 out:735 time:425]
07-18 11:13:26.336  1330  1346 D MetricsUtils: [PicasaSyncHelper.syncPhotos 5739438399771052337 time:436]
07-18 11:13:26.367  1330  1346 D PicasaSyncManager: sync complete: SyncResult: stats []
07-18 11:13:26.504  1330  1343 V PicasaContentProvider: querySettings: defaults: {sync_on_wifi_only=1, auto_upload_account_type=null, sync_on_battery=1, sync_picasa_on_wifi_only=1, auto_upload_enabled=0, video_upload_wifi_only=1, sync_on_roaming=0, auto_upload_account_name=null}
07-18 11:13:26.508  1330  1346 D MetricsUtils: [PicasaSyncManager.getNextSyncTask time:138]
07-18 11:13:26.512  1330  1346 D PicasaSyncManager: perform sync task: PrefetchFullImage (drqiao02@gmail.com)
07-18 11:13:26.598  1330  1333 D dalvikvm: GC_CONCURRENT freed 333K, 5% free 9394K/9863K, paused 1ms+3ms
07-18 11:13:26.648  1330  1346 D PicasaSyncManager: sync complete: SyncResult: stats []
07-18 11:13:26.656  1330  1343 V PicasaContentProvider: querySettings: defaults: {sync_on_wifi_only=1, auto_upload_account_type=null, sync_on_battery=1, sync_picasa_on_wifi_only=1, auto_upload_enabled=0, video_upload_wifi_only=1, sync_on_roaming=0, auto_upload_account_name=null}
07-18 11:13:26.660  1330  1346 D PicasaSyncManager: perform sync task: PrefetchAlbumCover (drqiao02@gmail.com)
07-18 11:13:26.699  1330  1346 D PicasaSyncManager: sync complete: SyncResult: stats []
07-18 11:13:26.719  1330  1343 V PicasaContentProvider: querySettings: defaults: {sync_on_wifi_only=1, auto_upload_account_type=null, sync_on_battery=1, sync_picasa_on_wifi_only=1, auto_upload_enabled=0, video_upload_wifi_only=1, sync_on_roaming=0, auto_upload_account_name=null}
07-18 11:13:26.723  1330  1346 D PicasaSyncManager: perform sync task: PrefetchScreenNail (drqiao02@gmail.com)
07-18 11:13:26.781  1330  1346 D PicasaSyncManager: sync complete: SyncResult: stats []
07-18 11:13:26.824  1330  1346 D PicasaSyncService: sync finished - false
07-18 11:13:26.867   766  1364 I Gmail   : MainSyncRequestProto: lowestBkwdConvoId: 0, highestHandledServerOp: 4156654, normalSync: true
07-18 11:13:27.195   766  1364 D dalvikvm: GC_EXPLICIT freed 129K, 14% free 9607K/11079K, paused 2ms+4ms
07-18 11:13:27.207   766  1364 I Gmail   : MainSyncRequestProto: lowestBkwdConvoId: 0, highestHandledServerOp: 4156654, normalSync: true
07-18 11:13:27.219   766  1364 W Gmail   : Scheduling index for 300000 ms from now
07-18 11:13:27.918   274   276 D dalvikvm: GC_CONCURRENT freed 383K, 9% free 10509K/11527K, paused 16ms+3ms
07-18 11:13:29.102   295   298 D dalvikvm: GC_CONCURRENT freed 438K, 7% free 9315K/9991K, paused 2ms+4ms
07-18 11:13:29.199   295  1371 I DownloadManager: deleting /data/data/com.android.providers.downloads/cache/downloadfile-4.jpeg
07-18 11:13:29.414   295  1373 I DownloadManager: Initiating request for download 492
07-18 11:13:29.469   442   461 D dalvikvm: GC_EXPLICIT freed 196K, 10% free 9478K/10503K, paused 2ms+3ms
07-18 11:13:30.234   295   298 D dalvikvm: GC_CONCURRENT freed 381K, 7% free 9326K/9991K, paused 3ms+3ms
07-18 11:13:30.285  1139  1141 D dalvikvm: GC_CONCURRENT freed 347K, 5% free 9273K/9735K, paused 5ms+2ms
07-18 11:13:30.328   766  1380 E Gmail   : No attachments found with downloadId 492
07-18 11:13:30.660   141   152 I ActivityManager: No longer want com.google.android.apps.maps:FriendService (pid 890): hidden #16
07-18 11:13:31.004  1330  1384 D PicasaSyncService: start to perform sync on drqiao02@gmail.com
07-18 11:13:31.016  1330  1384 D PicasaSyncService: sync finished - false
07-18 11:13:31.730  1139  1141 D dalvikvm: GC_CONCURRENT freed 390K, 6% free 9276K/9799K, paused 13ms+2ms
07-18 11:13:31.836  1004  1006 D dalvikvm: GC_CONCURRENT freed 252K, 4% free 9286K/9671K, paused 2ms+3ms
07-18 11:13:31.961   141   492 D dalvikvm: GC_EXPLICIT freed 601K, 12% free 13342K/15047K, paused 3ms+5ms
07-18 11:13:32.109  1004  1155 D dalvikvm: GC_EXPLICIT freed 237K, 6% free 9167K/9671K, paused 3ms+2ms
07-18 11:13:48.152   766  1395 I Gmail   : MainSyncRequestProto: lowestBkwdConvoId: 0, highestHandledServerOp: 4156654, normalSync: true
07-18 11:13:48.554   766  1395 D dalvikvm: GC_EXPLICIT freed 242K, 14% free 9617K/11079K, paused 2ms+3ms
07-18 11:13:48.566   766  1395 I Gmail   : MainSyncRequestProto: lowestBkwdConvoId: 0, highestHandledServerOp: 4156654, normalSync: true
07-18 11:13:48.578   766  1395 W Gmail   : Scheduling index for 300000 ms from now
07-18 11:13:48.789   295  1397 I DownloadManager: Initiating request for download 493
07-18 11:13:49.703   295   298 D dalvikvm: GC_CONCURRENT freed 304K, 6% free 9408K/9991K, paused 12ms+3ms
07-18 11:13:49.820   766  1401 E Gmail   : No attachments found with downloadId 493
07-18 11:16:48.214   766  1404 I Gmail   : MainSyncRequestProto: lowestBkwdConvoId: 0, highestHandledServerOp: 4156654, normalSync: true
07-18 11:16:48.984   766   768 D dalvikvm: GC_CONCURRENT freed 405K, 14% free 9608K/11079K, paused 2ms+3ms
07-18 11:16:49.070   766  1404 D dalvikvm: GC_EXPLICIT freed 105K, 14% free 9580K/11079K, paused 3ms+3ms
07-18 11:16:49.082   766  1404 I Gmail   : MainSyncRequestProto: lowestBkwdConvoId: 0, highestHandledServerOp: 4156728, normalSync: true
07-18 11:16:49.582   766   768 D dalvikvm: GC_CONCURRENT freed 365K, 14% free 9603K/11079K, paused 1ms+2ms
07-18 11:16:49.820   766  1404 D dalvikvm: GC_EXPLICIT freed 160K, 14% free 9604K/11079K, paused 2ms+4ms
07-18 11:16:49.832   766  1404 I Gmail   : MainSyncRequestProto: lowestBkwdConvoId: 0, highestHandledServerOp: 4156732, normalSync: true
07-18 11:16:49.843   766  1404 W Gmail   : Scheduling index for 300000 ms from now
07-18 11:16:49.871   766  1404 I Gmail   : Sending notification intent: Intent { act=android.intent.action.PROVIDER_CHANGED dat=content://gmail-ls/unread/^i (has extras) }
07-18 11:16:49.898   766  1405 W Gmail   : Showing notification with unreadCount of 102 and unseenCount of 102
07-18 11:16:50.144   295  1407 I DownloadManager: Initiating request for download 494
07-18 11:16:51.160   295   298 D dalvikvm: GC_CONCURRENT freed 457K, 6% free 9395K/9991K, paused 11ms+3ms
07-18 11:16:51.289   766  1411 E Gmail   : No attachments found with downloadId 494
07-18 11:17:12.402   211   213 D dalvikvm: GC_CONCURRENT freed 369K, 5% free 10349K/10887K, paused 3ms+7ms
07-18 11:17:12.429   141  1413 I AudioService:  AudioFocus  requestAudioFocus() from android.media.AudioManager@41562ad0
07-18 11:17:12.445    81   121 D AudioHardware: AudioHardware pcm playback is exiting standby.
07-18 11:17:12.445    81   121 D AudioHardware: openPcmOut_l() mPcmOpenCnt: 0
07-18 11:17:12.484   211   211 D dalvikvm: GC_FOR_ALLOC freed 91K, 6% free 10286K/10887K, paused 15ms
07-18 11:17:12.488   211   211 I dalvikvm-heap: Grow heap (frag case) to 10.291MB for 186256-byte allocation
07-18 11:17:12.535   274  1102 E TalkProvider: [TalkProvider] caught android.database.sqlite.SQLiteConstraintException: error code 19: constraint failed inserting message
07-18 11:17:12.535   211   211 D dalvikvm: GC_FOR_ALLOC freed 14K, 6% free 10453K/11079K, paused 48ms
07-18 11:17:14.328   141  1413 I AudioService:  AudioFocus  abandonAudioFocus() from android.media.AudioManager@41562ad0
07-18 11:17:14.484   459  1052 I PhoneLab-: Service Running
07-18 11:17:14.558   459  1052 I PhoneLab-LoggerService: app_38    1055  459   1428   1060  c00f181c 400107b4 S logcat
07-18 11:17:14.558   459  1052 I PhoneLab-LoggerService: Logcat pid from database 1055
07-18 11:17:14.562   459  1052 I PhoneLab-LoggerService: Logcat process found 1055
07-18 11:17:14.562   459  1052 I PhoneLab-LoggerService: Checking Threshold
07-18 11:17:14.562   459  1052 I PhoneLab-LoggerService: Starting to rename files
07-18 11:17:14.562   459  1052 I PhoneLab-LoggerService: Files found .. 2
07-18 11:17:14.562   459  1052 I PhoneLab-: Service Running
07-18 11:17:14.586   459   462 D dalvikvm: GC_CONCURRENT freed 483K, 7% free 9188K/9799K, paused 1ms+6ms
07-18 11:17:14.609   459  1052 I PhoneLab-LoggerService: app_38    1055  459   1428   1060  c00f181c 400107b4 S logcat
07-18 11:17:14.609   459  1052 I PhoneLab-LoggerService: Logcat pid from database 1055
07-18 11:17:14.609   459  1052 I PhoneLab-LoggerService: Logcat process found 1055
07-18 11:17:14.609   459  1052 I PhoneLab-LoggerService: Checking Threshold
07-18 11:17:14.609   459  1052 I PhoneLab-LoggerService: Starting to rename files
07-18 11:17:14.609   459  1052 I PhoneLab-LoggerService: Files found .. 2
07-18 11:17:17.414    81   121 D AudioHardware: AudioHardware pcm playback is going to standby.
07-18 11:17:17.418    81   121 D AudioHardware: closePcmOut_l() mPcmOpenCnt: 1
07-18 11:17:37.168   274   276 D dalvikvm: GC_CONCURRENT freed 386K, 9% free 10509K/11527K, paused 2ms+3ms
07-18 11:17:37.589   141  1421 I AudioService:  AudioFocus  requestAudioFocus() from android.media.AudioManager@41562ad0
07-18 11:17:37.613    81   121 D AudioHardware: AudioHardware pcm playback is exiting standby.
07-18 11:17:37.613    81   121 D AudioHardware: openPcmOut_l() mPcmOpenCnt: 0
07-18 11:17:37.617   274  1102 E TalkProvider: [TalkProvider] caught android.database.sqlite.SQLiteConstraintException: error code 19: constraint failed inserting message
07-18 11:17:39.504   141  1421 I AudioService:  AudioFocus  abandonAudioFocus() from android.media.AudioManager@41562ad0
07-18 11:17:40.636  1004  1004 I CalendarProvider2: Sending notification intent: Intent { act=android.intent.action.PROVIDER_CHANGED dat=content://com.android.calendar }
07-18 11:17:40.640  1004  1004 W ContentResolver: Failed to get type for: content://com.android.calendar (Unknown URL content://com.android.calendar)
07-18 11:17:42.589    81   121 D AudioHardware: AudioHardware pcm playback is going to standby.
07-18 11:17:42.589    81   121 D AudioHardware: closePcmOut_l() mPcmOpenCnt: 1
07-18 11:17:47.554   459   459 I PhoneLab-Locks: wake lock acquired
07-18 11:17:47.578   459   459 I PhoneLab-StatusMonitor: Status Monitoring is started
07-18 11:17:47.640   459   462 D dalvikvm: GC_CONCURRENT freed 413K, 6% free 9279K/9799K, paused 2ms+2ms
07-18 11:17:47.644   459   459 I PhoneLab-StatusMonitor: Value: 10 - unit: min
07-18 11:17:47.644   459   459 I PhoneLab-StatusMonitor: Running interval: 600000
07-18 11:17:47.648   459   459 I PhoneLab-StatusMonitor: Rescheduling status monitoring...
07-18 11:17:47.648   459   459 I PhoneLab-Locks: wake lock released
07-18 11:17:47.656   459   459 I PhoneLab-StatusMonitorLocation: Learning Location
07-18 11:17:47.656   459   459 I PhoneLab-Locks: wake lock acquired
07-18 11:17:47.664   459   459 I PhoneLab-Locks: wake lock acquired
07-18 11:17:47.664   274   556 D androidNetworkLocationListeners: Still have listener com.google.android.location.internal.client.NetworkLocationClient$1@4139a548
07-18 11:17:47.668   459   459 I PhoneLab-StatusMonitorLocation: Learning Signal Strgth
07-18 11:17:47.668   459   459 I PhoneLab-Locks: wake lock acquired
07-18 11:17:47.675   274   556 D androidNetworkLocationListeners: Still have listener com.google.android.location.internal.client.NetworkLocationClient$1@4139a548
07-18 11:17:47.675   459   459 I PhoneLab-StatusMonitorBattery: Battery_level: 72
07-18 11:17:47.679   459   459 I PhoneLab-Locks: wake lock released
07-18 11:17:47.683   459   459 I PhoneLab-StatusMonitorSignal: Signal_Strength: -86 asu: 14
07-18 11:17:47.683   459   459 I PhoneLab-Locks: wake lock released
07-18 11:17:48.949   459   459 I PhoneLab-StatusMonitorLocation: Location_Latitude: 42.9950334 Longitude: -78.6862398 Accuracy: 86.0
07-18 11:17:48.953   274   556 D androidNetworkLocationListeners: Still have listener com.google.android.location.internal.client.NetworkLocationClient$1@4139a548
07-18 11:17:48.953   459   459 I PhoneLab-Locks: wake lock released
07-18 11:17:50.285   274   276 D dalvikvm: GC_CONCURRENT freed 526K, 10% free 10485K/11527K, paused 2ms+2ms
07-18 11:21:40.179   141  1431 I AudioService:  AudioFocus  abandonAudioFocus() from android.media.AudioManager@41562ad0
07-18 11:21:40.246   211   211 D dalvikvm: GC_FOR_ALLOC freed 794K, 10% free 9976K/11079K, paused 22ms
07-18 11:21:40.285   211   211 D dalvikvm: GC_FOR_ALLOC freed 361K, 11% free 9942K/11079K, paused 14ms
07-18 11:21:40.367   211   213 D dalvikvm: GC_CONCURRENT freed 355K, 10% free 10078K/11079K, paused 2ms+3ms
07-18 11:23:13.543   274  1102 E TalkProvider: [TalkProvider] caught android.database.sqlite.SQLiteConstraintException: error code 19: constraint failed inserting message
07-18 11:23:13.793   274  1102 E TalkProvider: [TalkProvider] caught android.database.sqlite.SQLiteConstraintException: error code 19: constraint failed inserting message
07-18 11:26:04.297   141   143 D dalvikvm: GC_CONCURRENT freed 942K, 12% free 13384K/15047K, paused 11ms+8ms
07-18 11:26:04.297   141  1433 I AudioService:  AudioFocus  requestAudioFocus() from android.media.AudioManager@41562ad0
07-18 11:26:04.320   274  1102 E TalkProvider: [TalkProvider] caught android.database.sqlite.SQLiteConstraintException: error code 19: constraint failed inserting message
07-18 11:26:04.328    81   121 D AudioHardware: AudioHardware pcm playback is exiting standby.
07-18 11:26:04.328    81   121 D AudioHardware: openPcmOut_l() mPcmOpenCnt: 0
07-18 11:26:04.437   141  1439 I AudioService:  AudioFocus  abandonAudioFocus() from android.media.AudioManager@41562ad0
07-18 11:26:04.468   211   213 D dalvikvm: GC_CONCURRENT freed 336K, 8% free 10215K/11079K, paused 5ms+3ms
07-18 11:26:04.511   211   211 D dalvikvm: GC_FOR_ALLOC freed 386K, 10% free 10011K/11079K, paused 17ms
07-18 11:26:04.574   211   211 D dalvikvm: GC_FOR_ALLOC freed 351K, 10% free 10012K/11079K, paused 17ms
07-18 11:26:04.715   211   213 D dalvikvm: GC_CONCURRENT freed 370K, 9% free 10095K/11079K, paused 4ms+2ms
07-18 11:26:06.785   459  1052 I PhoneLab-: Service Running
07-18 11:26:06.851   459  1052 I PhoneLab-LoggerService: app_38    1055  459   1428   1060  c00f181c 400107b4 S logcat
07-18 11:26:06.851   459  1052 I PhoneLab-LoggerService: Logcat pid from database 1055
07-18 11:26:06.851   459  1052 I PhoneLab-LoggerService: Logcat process found 1055
07-18 11:26:06.851   459  1052 I PhoneLab-LoggerService: Checking Threshold
07-18 11:26:06.855   459  1052 I PhoneLab-LoggerService: Starting to rename files
07-18 11:26:06.855   459  1052 I PhoneLab-LoggerService: Files found .. 2
07-18 11:26:06.855   459  1052 I PhoneLab-: Service Running
07-18 11:26:06.882   459  1052 I PhoneLab-LoggerService: app_38    1055  459   1428   1060  c00f181c 400107b4 S logcat
07-18 11:26:06.882   459  1052 I PhoneLab-LoggerService: Logcat pid from database 1055
07-18 11:26:06.882   459  1052 I PhoneLab-LoggerService: Logcat process found 1055
07-18 11:26:06.882   459  1052 I PhoneLab-LoggerService: Checking Threshold
07-18 11:26:06.882   459  1052 I PhoneLab-LoggerService: Starting to rename files
07-18 11:26:06.882   459  1052 I PhoneLab-LoggerService: Files found .. 2
07-18 11:26:06.886   459  1052 I PhoneLab-: Service Running
07-18 11:26:06.910   459  1052 I PhoneLab-LoggerService: app_38    1055  459   1428   1060  c00f181c 400107b4 S logcat
07-18 11:26:06.914   459  1052 I PhoneLab-LoggerService: Logcat pid from database 1055
07-18 11:26:06.914   459  1052 I PhoneLab-LoggerService: Logcat process found 1055
07-18 11:26:06.914   459  1052 I PhoneLab-LoggerService: Checking Threshold
07-18 11:26:06.914   459  1052 I PhoneLab-LoggerService: Starting to rename files
07-18 11:26:06.914   459  1052 I PhoneLab-LoggerService: Files found .. 2
07-18 11:26:06.914   459  1052 I PhoneLab-: Service Running
07-18 11:26:06.941   459  1052 I PhoneLab-LoggerService: app_38    1055  459   1428   1060  c00f181c 400107b4 S logcat
07-18 11:26:06.945   459  1052 I PhoneLab-LoggerService: Logcat pid from database 1055
07-18 11:26:06.945   459  1052 I PhoneLab-LoggerService: Logcat process found 1055
07-18 11:26:06.945   459  1052 I PhoneLab-LoggerService: Checking Threshold
07-18 11:26:06.945   459  1052 I PhoneLab-LoggerService: Starting to rename files
07-18 11:26:06.945   459  1052 I PhoneLab-LoggerService: Files found .. 2
07-18 11:26:06.945   459  1052 I PhoneLab-: Service Running
07-18 11:26:06.972   459  1052 I PhoneLab-LoggerService: app_38    1055  459   1428   1060  c00f181c 400107b4 S logcat
07-18 11:26:06.972   459  1052 I PhoneLab-LoggerService: Logcat pid from database 1055
07-18 11:26:06.972   459  1052 I PhoneLab-LoggerService: Logcat process found 1055
07-18 11:26:06.972   459  1052 I PhoneLab-LoggerService: Checking Threshold
07-18 11:26:06.976   459  1052 I PhoneLab-LoggerService: Starting to rename files
07-18 11:26:06.976   459  1052 I PhoneLab-LoggerService: Files found .. 2
07-18 11:26:07.441    81   121 D AudioHardware: AudioHardware pcm playback is going to standby.
07-18 11:26:07.441    81   121 D AudioHardware: closePcmOut_l() mPcmOpenCnt: 1
07-18 11:26:41.086   141   141 D dalvikvm: GC_EXPLICIT freed 140K, 12% free 13266K/15047K, paused 3ms+5ms
07-18 11:27:05.257   141   170 I ActivityManager: Start proc com.google.android.apps.maps for service com.google.android.apps.maps/com.google.googlenav.prefetch.android.PrefetcherService: pid=1447 uid=10056 gids={3003, 1015}
07-18 11:27:05.371  1447  1450 D dalvikvm: GC_CONCURRENT freed 171K, 3% free 9360K/9607K, paused 3ms+2ms
07-18 11:27:05.425  1447  1447 I ActivityThread: Pub com.google.android.maps.LayerInfoProvider: com.google.googlenav.layer.LayerInfoProvider
07-18 11:27:05.445  1447  1447 I ActivityThread: Pub com.google.android.maps.TrafficAppWidgetProvider: com.google.googlenav.appwidget.traffic.TrafficAppWidgetProvider
07-18 11:27:05.453  1447  1447 I ActivityThread: Pub com.google.android.maps.LocalActivePlacesProvider: com.google.googlenav.provider.LocalActivePlacesProvider
07-18 11:27:05.453  1447  1447 I ActivityThread: Pub com.google.android.maps.StarredItemProvider: com.google.googlenav.provider.StarredItemProvider
07-18 11:27:05.539  1447  1450 D dalvikvm: GC_CONCURRENT freed 193K, 4% free 9684K/9991K, paused 2ms+7ms
07-18 11:27:05.625  1447  1447 I ActivityThread: Pub com.google.android.maps.LocalSuggestionProvider: com.google.googlenav.provider.LocalSuggestionProvider
07-18 11:27:05.625  1447  1447 I ActivityThread: Pub com.google.android.maps.SearchHistoryProvider: com.google.googlenav.provider.SearchHistoryProvider
07-18 11:27:05.625  1447  1447 I ActivityThread: Pub com.google.android.maps.NavigationAvailabilityProvider: com.google.googlenav.provider.NavigationAvailabilityProvider
07-18 11:27:05.625  1447  1447 I ActivityThread: Pub com.google.android.maps.SuggestionProvider: com.google.googlenav.suggest.android.SuggestContentProvider
07-18 11:27:05.757  1447  1450 D dalvikvm: GC_CONCURRENT freed 231K, 3% free 10004K/10311K, paused 3ms+3ms
07-18 11:27:46.574   766   768 D dalvikvm: GC_CONCURRENT freed 294K, 13% free 9696K/11079K, paused 2ms+3ms
07-18 11:27:46.929   459   459 I PhoneLab-Locks: wake lock acquired
07-18 11:27:46.941   459  1480 I PhoneLab-PeriodicCheckService: User info is synched
07-18 11:27:46.941   459  1480 I PhoneLab-PeriodicCheckService: Logger Service is running
07-18 11:27:46.941   459  1480 I PhoneLab-Locks: wake lock acquired
07-18 11:27:46.945   459   459 I PhoneLab-UploadLogs: Transfering log files now
07-18 11:27:46.949   459  1480 I PhoneLab-PeriodicCheckService: Rescheduling periodic checking...
07-18 11:27:46.949   459  1480 I PhoneLab-Locks: wake lock released
07-18 11:27:47.015   459   462 D dalvikvm: GC_CONCURRENT freed 615K, 7% free 9236K/9927K, paused 2ms+3ms
07-18 11:27:47.050   459   459 D dalvikvm: GC_FOR_ALLOC freed 244K, 7% free 9283K/9927K, paused 14ms
07-18 11:27:47.050   459   459 I dalvikvm-heap: Grow heap (frag case) to 9.255MB for 123476-byte allocation
07-18 11:27:47.066   459   459 D dalvikvm: GC_FOR_ALLOC freed 56K, 8% free 9347K/10055K, paused 13ms
07-18 11:27:47.066   459   459 I dalvikvm-heap: Grow heap (frag case) to 9.443MB for 254548-byte allocation
07-18 11:27:47.082   459   459 D dalvikvm: GC_FOR_ALLOC freed 120K, 9% free 9475K/10311K, paused 12ms
07-18 11:27:47.086   459   459 I dalvikvm-heap: Grow heap (frag case) to 9.818MB for 516692-byte allocation
07-18 11:27:47.113   459   462 D dalvikvm: GC_CONCURRENT freed 248K, 11% free 9730K/10823K, paused 2ms+2ms
07-18 11:27:47.117   459   459 I PhoneLab-UploadLogs: OnStartCommand
07-18 11:27:47.226   459  1482 D dalvikvm: GC_FOR_ALLOC freed 383K, 11% free 9714K/10823K, paused 16ms
07-18 11:27:47.238   459  1482 D dalvikvm: GC_FOR_ALLOC freed 301K, 11% free 9714K/10823K, paused 12ms
07-18 11:27:47.261   459  1482 D dalvikvm: GC_FOR_ALLOC freed 301K, 11% free 9720K/10823K, paused 18ms
07-18 11:27:47.652   459   459 I PhoneLab-Locks: wake lock acquired
07-18 11:27:47.656   459   459 I PhoneLab-StatusMonitor: Status Monitoring is started
07-18 11:27:47.695   459   462 D dalvikvm: GC_CONCURRENT freed 454K, 10% free 9778K/10823K, paused 2ms+3ms
07-18 11:27:47.726   459   459 I PhoneLab-StatusMonitor: Value: 10 - unit: min
07-18 11:27:47.726   459   459 I PhoneLab-StatusMonitor: Running interval: 600000
07-18 11:27:47.730   459   459 I PhoneLab-StatusMonitor: Rescheduling status monitoring...
07-18 11:27:47.734   459   459 I PhoneLab-Locks: wake lock released
07-18 11:27:47.738   459   459 I PhoneLab-StatusMonitorLocation: Learning Location
07-18 11:27:47.738   459   459 I PhoneLab-Locks: wake lock acquired
07-18 11:27:47.742   459   459 I PhoneLab-Locks: wake lock acquired
07-18 11:27:47.742   274   556 D androidNetworkLocationListeners: Still have listener com.google.android.location.internal.client.NetworkLocationClient$1@4139a548
07-18 11:27:47.746   459   459 I PhoneLab-StatusMonitorLocation: Learning Signal Strgth
07-18 11:27:47.746   459   459 I PhoneLab-Locks: wake lock acquired
07-18 11:27:47.757   274   556 D androidNetworkLocationListeners: Still have listener com.google.android.location.internal.client.NetworkLocationClient$1@4139a548
07-18 11:27:47.757   459   459 I PhoneLab-StatusMonitorBattery: Battery_level: 72
07-18 11:27:47.757   459   459 I PhoneLab-Locks: wake lock released
07-18 11:27:47.761   459   459 I PhoneLab-StatusMonitorSignal: Signal_Strength: -86 asu: 14
07-18 11:27:47.761   459   459 I PhoneLab-Locks: wake lock released
07-18 11:27:48.222   766   768 D dalvikvm: GC_CONCURRENT freed 428K, 13% free 9653K/11079K, paused 1ms+2ms
07-18 11:27:48.879   459   459 I PhoneLab-: 1342623587042.log is deleted
07-18 11:27:48.879   459   459 I PhoneLab-: Response: {"data": "done", "err": ""}
07-18 11:27:48.886   459   459 I PhoneLab-UploadLogs: No log files to transfer
07-18 11:27:48.886   459   459 I PhoneLab-Locks: wake lock released
07-18 11:27:49.015   459   459 I PhoneLab-StatusMonitorLocation: Location_Latitude: 42.9950307 Longitude: -78.6862416 Accuracy: 86.0
07-18 11:27:49.015   274   556 D androidNetworkLocationListeners: Still have listener com.google.android.location.internal.client.NetworkLocationClient$1@4139a548
07-18 11:27:49.019   459   459 I PhoneLab-Locks: wake lock released
07-18 11:27:49.043   274   276 D dalvikvm: GC_CONCURRENT freed 442K, 9% free 10510K/11527K, paused 2ms+4ms
07-18 11:27:49.793   766   768 D dalvikvm: GC_CONCURRENT freed 386K, 13% free 9653K/11079K, paused 2ms+2ms
07-18 11:27:50.765   766   768 D dalvikvm: GC_CONCURRENT freed 385K, 13% free 9654K/11079K, paused 2ms+2ms
07-18 11:27:51.789   274  1487 I EventLogService: Aggregate from 1342623471716 (log), 1342623471716 (data)
07-18 11:27:52.808   766   768 D dalvikvm: GC_CONCURRENT freed 386K, 13% free 9654K/11079K, paused 2ms+2ms
07-18 11:27:53.769   766   768 D dalvikvm: GC_CONCURRENT freed 387K, 13% free 9654K/11079K, paused 2ms+2ms
07-18 11:28:16.214   766  1489 I Gmail   : MainSyncRequestProto: lowestBkwdConvoId: 0, highestHandledServerOp: 4156732, normalSync: true
07-18 11:28:24.101   766   768 D dalvikvm: GC_CONCURRENT freed 427K, 14% free 9613K/11079K, paused 13ms+2ms
07-18 11:28:25.097   766  1489 D dalvikvm: GC_EXPLICIT freed 267K, 14% free 9603K/11079K, paused 2ms+2ms
07-18 11:28:25.109   766  1489 I Gmail   : MainSyncRequestProto: lowestBkwdConvoId: 0, highestHandledServerOp: 4156769, normalSync: true
07-18 11:28:25.761   766  1489 D dalvikvm: GC_EXPLICIT freed 150K, 14% free 9624K/11079K, paused 2ms+2ms
07-18 11:28:25.773   766  1489 I Gmail   : MainSyncRequestProto: lowestBkwdConvoId: 0, highestHandledServerOp: 4156769, normalSync: true
07-18 11:28:25.781   766  1489 W Gmail   : Scheduling index for 300000 ms from now
07-18 11:28:25.808   766  1489 I Gmail   : Sending notification intent: Intent { act=android.intent.action.PROVIDER_CHANGED dat=content://gmail-ls/unread/^i (has extras) }
07-18 11:28:25.836   766  1494 W Gmail   : Showing notification with unreadCount of 103 and unseenCount of 103
07-18 11:28:25.886   141   492 I ActivityManager: No longer want com.google.android.apps.maps:LocationFriendService (pid 1020): hidden #16
07-18 11:28:26.496   295  1497 I DownloadManager: Initiating request for download 495
07-18 11:28:26.804   295   298 D dalvikvm: GC_CONCURRENT freed 387K, 6% free 9410K/9991K, paused 2ms+4ms
07-18 11:28:27.640   766  1500 D dalvikvm: GC_EXPLICIT freed 216K, 14% free 9631K/11079K, paused 9ms+3ms
07-18 11:28:27.644   766  1500 E Gmail   : No attachments found with downloadId 495
07-18 11:29:16.175   766  1502 I Gmail   : MainSyncRequestProto: lowestBkwdConvoId: 0, highestHandledServerOp: 4156769, normalSync: true
07-18 11:29:16.980   766   768 D dalvikvm: GC_CONCURRENT freed 398K, 14% free 9620K/11079K, paused 1ms+2ms
07-18 11:29:17.039   766  1502 D dalvikvm: GC_EXPLICIT freed 33K, 14% free 9604K/11079K, paused 2ms+2ms
07-18 11:29:17.046   766  1502 I Gmail   : MainSyncRequestProto: lowestBkwdConvoId: 0, highestHandledServerOp: 4156802, normalSync: true
07-18 11:29:17.855   766   768 D dalvikvm: GC_CONCURRENT freed 438K, 13% free 9677K/11079K, paused 2ms+2ms
07-18 11:29:17.886   766   768 D dalvikvm: GC_CONCURRENT freed 410K, 12% free 9772K/11079K, paused 1ms+2ms
07-18 11:29:17.992   766   768 D dalvikvm: GC_CONCURRENT freed 450K, 13% free 9710K/11079K, paused 2ms+2ms
07-18 11:29:18.160   766  1502 D dalvikvm: GC_EXPLICIT freed 117K, 14% free 9618K/11079K, paused 4ms+3ms
07-18 11:29:18.168   766  1502 I Gmail   : MainSyncRequestProto: lowestBkwdConvoId: 0, highestHandledServerOp: 4156802, normalSync: true
07-18 11:29:18.179   766  1502 W Gmail   : Scheduling index for 300000 ms from now
07-18 11:29:18.203   766  1502 I Gmail   : Sending notification intent: Intent { act=android.intent.action.PROVIDER_CHANGED dat=content://gmail-ls/unread/^i (has extras) }
07-18 11:29:18.234   766  1504 W Gmail   : Showing notification with unreadCount of 104 and unseenCount of 104
07-18 11:29:18.269   766  1502 I Gmail   : Sending notification intent: Intent { act=android.intent.action.PROVIDER_CHANGED dat=content://gmail-ls/unread/^iim (has extras) }
07-18 11:29:18.324   211   213 D dalvikvm: GC_CONCURRENT freed 510K, 10% free 9987K/11079K, paused 2ms+3ms
07-18 11:29:18.437   766  1506 I Gmail   : MainSyncRequestProto: lowestBkwdConvoId: 0, highestHandledServerOp: 4156802, normalSync: true
07-18 11:29:19.527   295  1508 I DownloadManager: Initiating request for download 496
07-18 11:29:19.586   766  1506 D dalvikvm: GC_EXPLICIT freed 250K, 13% free 9650K/11079K, paused 2ms+3ms
07-18 11:29:19.593   766  1506 I Gmail   : MainSyncRequestProto: lowestBkwdConvoId: 0, highestHandledServerOp: 4156802, normalSync: true
07-18 11:29:19.636   274   276 D dalvikvm: GC_CONCURRENT freed 394K, 9% free 10502K/11527K, paused 2ms+3ms
07-18 11:29:19.636   766  1506 W Gmail   : Scheduling index for 300000 ms from now
07-18 11:29:19.754   141   143 D dalvikvm: GC_CONCURRENT freed 849K, 12% free 13354K/15047K, paused 2ms+5ms
07-18 11:29:19.964   295   298 D dalvikvm: GC_CONCURRENT freed 483K, 7% free 9384K/9991K, paused 6ms+12ms
07-18 11:29:20.421   766  1511 E Gmail   : No attachments found with downloadId 496
07-18 11:29:25.402   274  1102 E TalkProvider: [TalkProvider] caught android.database.sqlite.SQLiteConstraintException: error code 19: constraint failed inserting message
07-18 11:29:25.722   141  1513 I AudioService:  AudioFocus  requestAudioFocus() from android.media.AudioManager@41562ad0
07-18 11:29:25.785   141   297 D dalvikvm: GC_EXPLICIT freed 120K, 12% free 13327K/15047K, paused 3ms+4ms
07-18 11:29:25.797    81   121 D AudioHardware: AudioHardware pcm playback is exiting standby.
07-18 11:29:25.797    81   121 D AudioHardware: openPcmOut_l() mPcmOpenCnt: 0
07-18 11:29:25.820   274  1102 E TalkProvider: [TalkProvider] caught android.database.sqlite.SQLiteConstraintException: error code 19: constraint failed inserting message
07-18 11:29:25.996   211   213 D dalvikvm: GC_CONCURRENT freed 225K, 8% free 10222K/11079K, paused 1ms+3ms
07-18 11:29:26.054   211   211 D dalvikvm: GC_FOR_ALLOC freed 362K, 10% free 10019K/11079K, paused 20ms
07-18 11:29:26.269   211   213 D dalvikvm: GC_CONCURRENT freed 305K, 8% free 10200K/11079K, paused 3ms+5ms
07-18 11:29:27.683   141  1513 I AudioService:  AudioFocus  abandonAudioFocus() from android.media.AudioManager@41562ad0
07-18 11:29:30.769    81   121 D AudioHardware: AudioHardware pcm playback is going to standby.
07-18 11:29:30.769    81   121 D AudioHardware: closePcmOut_l() mPcmOpenCnt: 1
07-18 11:31:47.257   766  1519 I Gmail   : MainSyncRequestProto: lowestBkwdConvoId: 0, highestHandledServerOp: 4156802, normalSync: true
07-18 11:31:47.547   141  1521 I AudioService:  AudioFocus  requestAudioFocus() from android.media.AudioManager@41562ad0
07-18 11:31:47.566    81   121 D AudioHardware: AudioHardware pcm playback is exiting standby.
07-18 11:31:47.566    81   121 D AudioHardware: openPcmOut_l() mPcmOpenCnt: 0
07-18 11:31:47.586   274  1102 E TalkProvider: [TalkProvider] caught android.database.sqlite.SQLiteConstraintException: error code 19: constraint failed inserting message
07-18 11:31:47.855   766   768 D dalvikvm: GC_CONCURRENT freed 433K, 14% free 9620K/11079K, paused 2ms+2ms
07-18 11:31:47.968   766  1519 D dalvikvm: GC_EXPLICIT freed 127K, 14% free 9601K/11079K, paused 2ms+3ms
07-18 11:31:47.980   766  1519 I Gmail   : MainSyncRequestProto: lowestBkwdConvoId: 0, highestHandledServerOp: 4156845, normalSync: true
07-18 11:31:48.613   766  1519 D dalvikvm: GC_EXPLICIT freed 230K, 14% free 9629K/11079K, paused 1ms+3ms
07-18 11:31:48.621   766  1519 I Gmail   : MainSyncRequestProto: lowestBkwdConvoId: 0, highestHandledServerOp: 4156845, normalSync: true
07-18 11:31:48.632   766  1519 W Gmail   : Scheduling index for 300000 ms from now
07-18 11:31:48.664   766  1519 I Gmail   : Sending notification intent: Intent { act=android.intent.action.PROVIDER_CHANGED dat=content://gmail-ls/unread/^i (has extras) }
07-18 11:31:48.703   766  1519 I Gmail   : Sending notification intent: Intent { act=android.intent.action.PROVIDER_CHANGED dat=content://gmail-ls/unread/^iim (has extras) }
07-18 11:31:48.703   766  1527 W Gmail   : Showing notification with unreadCount of 105 and unseenCount of 105
07-18 11:31:48.800   211   211 D dalvikvm: GC_FOR_ALLOC freed 223K, 7% free 10309K/11079K, paused 16ms
07-18 11:31:48.800   211   211 I dalvikvm-heap: Grow heap (frag case) to 10.312MB for 184336-byte allocation
07-18 11:31:48.816   211   211 D dalvikvm: GC_FOR_ALLOC freed 41K, 8% free 10447K/11271K, paused 17ms
07-18 11:31:48.840   211   211 D dalvikvm: GC_FOR_ALLOC freed 181K, 9% free 10266K/11271K, paused 17ms
07-18 11:31:48.937   766  1529 I Gmail   : MainSyncRequestProto: lowestBkwdConvoId: 0, highestHandledServerOp: 4156845, normalSync: true
07-18 11:31:49.047   211   211 D dalvikvm: GC_FOR_ALLOC freed 401K, 11% free 10045K/11271K, paused 27ms
07-18 11:31:49.218   295  1531 I DownloadManager: Initiating request for download 497
07-18 11:31:49.269   766  1529 D dalvikvm: GC_EXPLICIT freed 266K, 13% free 9645K/11079K, paused 2ms+3ms
07-18 11:31:49.285   766  1529 I Gmail   : MainSyncRequestProto: lowestBkwdConvoId: 0, highestHandledServerOp: 4156845, normalSync: true
07-18 11:31:49.300   766  1529 W Gmail   : Scheduling index for 300000 ms from now
07-18 11:31:49.394   295   298 D dalvikvm: GC_CONCURRENT freed 385K, 7% free 9390K/9991K, paused 2ms+3ms
07-18 11:31:49.449   141  1521 I AudioService:  AudioFocus  abandonAudioFocus() from android.media.AudioManager@41562ad0
07-18 11:31:50.054   766  1536 E Gmail   : No attachments found with downloadId 497
07-18 11:31:52.539    81   121 D AudioHardware: AudioHardware pcm playback is going to standby.
07-18 11:31:52.539    81   121 D AudioHardware: closePcmOut_l() mPcmOpenCnt: 1
07-18 11:32:21.011   141   172 I power   : *** set_screen_state 1
07-18 11:32:21.082   141   172 I WindowManager: Lock screen displayed!
07-18 11:32:21.211    78   117 D SurfaceFlinger: Screen about to return, flinger = 0xab4918
07-18 11:32:22.234   211   211 D PhoneStatusBar: disable: < expand icons alerts ticker system_info BACK HOME recent* CLOCK >
07-18 11:32:22.257    81   121 D AudioHardware: AudioHardware pcm playback is exiting standby.
07-18 11:32:22.257    81   121 D AudioHardware: openPcmOut_l() mPcmOpenCnt: 0
07-18 11:32:22.261   141   141 W InputManagerService: Window already focused, ignoring focus gain of: com.android.internal.view.IInputMethodClient$Stub$Proxy@41709248
07-18 11:32:22.265   211   211 D PhoneStatusBar: disable: < expand icons alerts ticker system_info back* home* recent clock* >
07-18 11:32:22.640   274  1102 D dalvikvm: GC_EXPLICIT freed 293K, 9% free 10535K/11527K, paused 10ms+10ms
07-18 11:32:25.418    81   121 D AudioHardware: AudioHardware pcm playback is going to standby.
07-18 11:32:25.418    81   121 D AudioHardware: closePcmOut_l() mPcmOpenCnt: 1
07-18 11:32:31.664   141   168 I power   : *** set_screen_state 0
07-18 11:32:31.718    78   117 D SurfaceFlinger: About to give-up screen, flinger = 0xab4918
07-18 11:32:31.839   141   143 D dalvikvm: GC_CONCURRENT freed 648K, 9% free 13739K/15047K, paused 2ms+6ms
07-18 11:32:31.867   141   172 V TransportControlView: Create TCV com.android.internal.widget.TransportControlView@4167fdd0
07-18 11:32:31.898   211   211 D PhoneStatusBar: disable: < expand icons alerts ticker system_info back home RECENT* clock >
07-18 11:32:31.918    81   121 D AudioHardware: AudioHardware pcm playback is exiting standby.
07-18 11:32:31.918    81   121 D AudioHardware: openPcmOut_l() mPcmOpenCnt: 0
07-18 11:32:31.921   211   211 D PhoneStatusBar: disable: < expand icons alerts ticker system_info BACK* HOME* RECENT CLOCK* >
07-18 11:32:35.078    81   121 D AudioHardware: AudioHardware pcm playback is going to standby.
07-18 11:32:35.078    81   121 D AudioHardware: closePcmOut_l() mPcmOpenCnt: 1
07-18 11:34:48.504   766  1541 I Gmail   : MainSyncRequestProto: lowestBkwdConvoId: 0, highestHandledServerOp: 4156845, normalSync: true
07-18 11:34:49.847   766  1541 D dalvikvm: GC_EXPLICIT freed 206K, 14% free 9636K/11079K, paused 2ms+3ms
07-18 11:34:49.859   766  1541 I Gmail   : MainSyncRequestProto: lowestBkwdConvoId: 0, highestHandledServerOp: 4156874, normalSync: true
07-18 11:34:50.425   766  1541 D dalvikvm: GC_EXPLICIT freed 337K, 14% free 9634K/11079K, paused 4ms+3ms
07-18 11:34:50.433   766  1541 I Gmail   : MainSyncRequestProto: lowestBkwdConvoId: 0, highestHandledServerOp: 4156874, normalSync: true
07-18 11:34:50.445   766  1541 W Gmail   : Scheduling index for 300000 ms from now
07-18 11:34:50.652   295   298 D dalvikvm: GC_CONCURRENT freed 430K, 7% free 9347K/9991K, paused 2ms+3ms
07-18 11:34:50.691   295  1543 I DownloadManager: Initiating request for download 498
07-18 11:34:51.636   766  1546 E Gmail   : No attachments found with downloadId 498
07-18 11:34:51.691   295  1545 D dalvikvm: GC_EXPLICIT freed 383K, 7% free 9302K/9991K, paused 1ms+2ms
07-18 11:36:33.511   211   213 D dalvikvm: GC_CONCURRENT freed 221K, 10% free 10242K/11271K, paused 2ms+9ms
07-18 11:36:33.515   141  1548 I AudioService:  AudioFocus  requestAudioFocus() from android.media.AudioManager@41562ad0
07-18 11:36:33.535    81   121 D AudioHardware: AudioHardware pcm playback is exiting standby.
07-18 11:36:33.535    81   121 D AudioHardware: openPcmOut_l() mPcmOpenCnt: 0
07-18 11:36:33.570   274  1102 E TalkProvider: [TalkProvider] caught android.database.sqlite.SQLiteConstraintException: error code 19: constraint failed inserting message
07-18 11:36:33.648   211   213 D dalvikvm: GC_CONCURRENT freed 248K, 8% free 10439K/11271K, paused 2ms+3ms
07-18 11:36:35.425   141  1548 I AudioService:  AudioFocus  abandonAudioFocus() from android.media.AudioManager@41562ad0
07-18 11:36:38.511    81   121 D AudioHardware: AudioHardware pcm playback is going to standby.
07-18 11:36:38.511    81   121 D AudioHardware: closePcmOut_l() mPcmOpenCnt: 1
07-18 11:37:47.734   459   459 I PhoneLab-Locks: wake lock acquired
07-18 11:37:47.820   141   141 D dalvikvm: GC_EXPLICIT freed 1000K, 11% free 13512K/15047K, paused 6ms+5ms
07-18 11:37:47.824   459   459 I PhoneLab-StatusMonitor: Status Monitoring is started
07-18 11:37:47.863   459   462 D dalvikvm: GC_CONCURRENT freed 1016K, 15% free 9273K/10823K, paused 2ms+2ms
07-18 11:37:47.890   459   459 I PhoneLab-StatusMonitor: Value: 10 - unit: min
07-18 11:37:47.890   459   459 I PhoneLab-StatusMonitor: Running interval: 600000
07-18 11:37:47.894   459   459 I PhoneLab-StatusMonitor: Rescheduling status monitoring...
07-18 11:37:47.898   459   459 I PhoneLab-Locks: wake lock released
07-18 11:37:47.902   459   459 I PhoneLab-StatusMonitorLocation: Learning Location
07-18 11:37:47.902   459   459 I PhoneLab-Locks: wake lock acquired
07-18 11:37:47.906   459   459 I PhoneLab-Locks: wake lock acquired
07-18 11:37:47.906   459   459 I PhoneLab-StatusMonitorLocation: Learning Signal Strgth
07-18 11:37:47.906   459   459 I PhoneLab-Locks: wake lock acquired
07-18 11:37:47.910   274   556 D androidNetworkLocationListeners: Still have listener com.google.android.location.internal.client.NetworkLocationClient$1@4139a548
07-18 11:37:47.918   459   459 I PhoneLab-StatusMonitorBattery: Battery_level: 72
07-18 11:37:47.921   459   459 I PhoneLab-Locks: wake lock released
07-18 11:37:47.925   459   459 I PhoneLab-StatusMonitorSignal: Signal_Strength: -76 asu: 19
07-18 11:37:47.925   459   459 I PhoneLab-Locks: wake lock released
07-18 11:37:47.925   274   556 D androidNetworkLocationListeners: Still have listener com.google.android.location.internal.client.NetworkLocationClient$1@4139a548
07-18 11:37:48.074   766  1557 I Gmail   : getStartSyncRequest: handledServerOpId: 4156874, upperFetchedConvoId: 1404232364287066112, lowerFetchedConvoId: 0, ackedClientOp: 0
07-18 11:37:48.664   766   768 D dalvikvm: GC_CONCURRENT freed 367K, 13% free 9671K/11079K, paused 2ms+3ms
07-18 11:37:48.773   766   768 D dalvikvm: GC_CONCURRENT freed 450K, 14% free 9632K/11079K, paused 2ms+2ms
07-18 11:37:48.886   766   768 D dalvikvm: GC_CONCURRENT freed 383K, 13% free 9650K/11079K, paused 1ms+2ms
07-18 11:37:49.007   766   768 D dalvikvm: GC_CONCURRENT freed 423K, 14% free 9638K/11079K, paused 2ms+2ms
07-18 11:37:49.144   459   459 I PhoneLab-StatusMonitorLocation: Location_Latitude: 42.9950326 Longitude: -78.6862356 Accuracy: 86.0
07-18 11:37:49.144   274   556 D androidNetworkLocationListeners: Still have listener com.google.android.location.internal.client.NetworkLocationClient$1@4139a548
07-18 11:37:49.148   459   459 I PhoneLab-Locks: wake lock released
07-18 11:37:49.203   766   768 D dalvikvm: GC_CONCURRENT freed 391K, 13% free 9643K/11079K, paused 2ms+2ms
07-18 11:37:49.332   766   768 D dalvikvm: GC_CONCURRENT freed 414K, 13% free 9640K/11079K, paused 2ms+2ms
07-18 11:37:49.445   766   768 D dalvikvm: GC_CONCURRENT freed 395K, 13% free 9642K/11079K, paused 1ms+3ms
07-18 11:37:49.566   766   768 D dalvikvm: GC_CONCURRENT freed 414K, 13% free 9640K/11079K, paused 2ms+3ms
07-18 11:37:49.695   766   768 D dalvikvm: GC_CONCURRENT freed 391K, 13% free 9642K/11079K, paused 2ms+2ms
07-18 11:37:49.812   766  1557 I Gmail   : checkLabelsSets changed the label sets to: included([^^out, ^r]), partial([^i, ^f, ^iim]), all([userlabel:-1070197525, userlabel:-764815956, userlabel:-865698022, userlabel:2914456, ^io_im, userlabel:975537515, userlabel:628416567, userlabel:1382828425, userlabel:3655441, userlabel:94101, userlabel:93982, userlabel:-1367603330, userlabel:697207660, userlabel:1932735430, userlabel:-1492276990, userlabel:-1492276991, userlabel:-1492276992, userlabel:791486643, userlabel:-934348968, userlabel:3208415, ^imi, ^iim, ^all, userlabel:2896756, ^imn, userlabel:-2125032259, userlabel:-1351414049, userlabel:443164224, userlabel:-1492276993, userlabel:-1492276994, userlabel:1169406089, userlabel:3106197, userlabel:-563871351, userlabel:-535462700, ^i, ^g, userlabel:1876018584, ^f, ^k, userlabel:-1508083783, userlabel:-808725189, userlabel:2061801365, userlabel:93692, ^b, userlabel:-1414265340, userlabel:98413, userlabel:3026, userlabel:100361430, userlabel:3025, userlabel:109932, ^t, userlabel:105008833, ^u, userlabel:843908213, ^r, userlabel:-1492383895, ^s])
07-18 11:37:49.882   766   768 D dalvikvm: GC_CONCURRENT freed 421K, 14% free 9606K/11079K, paused 2ms+2ms
07-18 11:37:49.929   766  1557 D dalvikvm: GC_EXPLICIT freed 6K, 14% free 9604K/11079K, paused 2ms+2ms
07-18 11:37:49.941   766  1557 I Gmail   : MainSyncRequestProto: lowestBkwdConvoId: 0, highestHandledServerOp: 4156874, normalSync: true
07-18 11:37:49.949   766  1557 W Gmail   : Scheduling index for 300000 ms from now
07-18 11:37:49.972   766  1557 I Gmail   : Sending notification intent: Intent { act=android.intent.action.PROVIDER_CHANGED dat=content://gmail-ls/unread/^i (has extras) }
07-18 11:37:50.000   766  1558 W Gmail   : Showing notification with unreadCount of 106 and unseenCount of 106
07-18 11:37:50.043   766  1557 I Gmail   : Sending notification intent: Intent { act=android.intent.action.PROVIDER_CHANGED dat=content://gmail-ls/unread/^iim (has extras) }
07-18 11:37:50.097   211   213 D dalvikvm: GC_CONCURRENT freed 611K, 10% free 10249K/11271K, paused 2ms+2ms
07-18 11:37:50.339   211   211 D dalvikvm: GC_FOR_ALLOC freed 601K, 12% free 10005K/11271K, paused 26ms
07-18 11:37:50.445   274   276 D dalvikvm: GC_CONCURRENT freed 533K, 9% free 10513K/11527K, paused 3ms+6ms
07-18 11:37:50.562   295  1561 I DownloadManager: Initiating request for download 499
07-18 11:37:50.878   295   298 D dalvikvm: GC_CONCURRENT freed 326K, 7% free 9375K/9991K, paused 1ms+3ms
07-18 11:37:51.304   766  1566 E Gmail   : No attachments found with downloadId 499
07-18 11:40:48.222   766  1568 I Gmail   : MainSyncRequestProto: lowestBkwdConvoId: 0, highestHandledServerOp: 4156874, normalSync: true
07-18 11:40:53.847   766   768 D dalvikvm: GC_CONCURRENT freed 356K, 13% free 9643K/11079K, paused 6ms+2ms
07-18 11:40:53.961   766  1568 D dalvikvm: GC_EXPLICIT freed 317K, 14% free 9607K/11079K, paused 1ms+2ms
07-18 11:40:53.972   766  1568 I Gmail   : MainSyncRequestProto: lowestBkwdConvoId: 0, highestHandledServerOp: 4156981, normalSync: true
07-18 11:40:54.640   459  1052 I PhoneLab-: Service Running
07-18 11:40:54.750   459   462 D dalvikvm: GC_CONCURRENT freed 452K, 15% free 9227K/10823K, paused 2ms+2ms
07-18 11:40:54.754   459  1052 I PhoneLab-LoggerService: app_38    1055  459   1428   1060  c00f181c 400107b4 S logcat
07-18 11:40:54.754   459  1052 I PhoneLab-LoggerService: Logcat pid from database 1055
07-18 11:40:54.761   459  1052 I PhoneLab-LoggerService: Logcat process found 1055
07-18 11:40:54.761   459  1052 I PhoneLab-LoggerService: Checking Threshold
07-18 11:40:54.761   459  1052 I PhoneLab-: Service Running
07-18 11:40:54.793   459  1052 I PhoneLab-LoggerService: app_38    1055  459   1428   1060  c00f181c 400107b4 S logcat
07-18 11:40:54.793   459  1052 I PhoneLab-LoggerService: Logcat pid from database 1055
07-18 11:40:54.793   459  1052 I PhoneLab-LoggerService: Logcat process found 1055
07-18 11:40:54.793   459  1052 I PhoneLab-LoggerService: Checking Threshold
07-18 11:40:54.793   459  1052 I PhoneLab-: Service Running
07-18 11:40:54.820   459  1052 I PhoneLab-LoggerService: app_38    1055  459   1428   1060  c00f181c 400107b4 S logcat
07-18 11:40:54.820   459  1052 I PhoneLab-LoggerService: Logcat pid from database 1055
07-18 11:40:54.820   459  1052 I PhoneLab-LoggerService: Logcat process found 1055
07-18 11:40:54.820   459  1052 I PhoneLab-LoggerService: Checking Threshold
07-18 11:40:54.820   459  1052 I PhoneLab-: Service Running
07-18 11:40:54.851   459  1052 I PhoneLab-LoggerService: app_38    1055  459   1428   1060  c00f181c 400107b4 S logcat
07-18 11:40:54.851   459  1052 I PhoneLab-LoggerService: Logcat pid from database 1055
07-18 11:40:54.851   459  1052 I PhoneLab-LoggerService: Logcat process found 1055
07-18 11:40:54.851   459  1052 I PhoneLab-LoggerService: Checking Threshold
07-18 11:40:54.851   459  1052 I PhoneLab-: Service Running
07-18 11:40:54.882   459  1052 I PhoneLab-LoggerService: app_38    1055  459   1428   1060  c00f181c 400107b4 S logcat
07-18 11:40:54.882   459  1052 I PhoneLab-LoggerService: Logcat pid from database 1055
07-18 11:40:54.882   459  1052 I PhoneLab-LoggerService: Logcat process found 1055
07-18 11:40:54.882   459  1052 I PhoneLab-LoggerService: Checking Threshold
07-18 11:40:54.882   459  1052 I PhoneLab-: Service Running
07-18 11:40:54.914   459  1052 I PhoneLab-LoggerService: app_38    1055  459   1428   1060  c00f181c 400107b4 S logcat
07-18 11:40:54.914   459  1052 I PhoneLab-LoggerService: Logcat pid from database 1055
07-18 11:40:54.914   459  1052 I PhoneLab-LoggerService: Logcat process found 1055
07-18 11:40:54.914   459  1052 I PhoneLab-LoggerService: Checking Threshold
07-18 11:40:54.914   459  1052 I PhoneLab-: Service Running
07-18 11:40:54.945   459  1052 I PhoneLab-LoggerService: app_38    1055  459   1428   1060  c00f181c 400107b4 S logcat
07-18 11:40:54.945   459  1052 I PhoneLab-LoggerService: Logcat pid from database 1055
07-18 11:40:54.945   459  1052 I PhoneLab-LoggerService: Logcat process found 1055
07-18 11:40:54.945   459  1052 I PhoneLab-LoggerService: Checking Threshold
07-18 11:40:55.148   766   768 D dalvikvm: GC_CONCURRENT freed 339K, 13% free 9680K/11079K, paused 7ms+3ms
07-18 11:40:55.375   766   768 D dalvikvm: GC_CONCURRENT freed 453K, 13% free 9726K/11079K, paused 6ms+2ms
07-18 11:40:55.605   766  1568 D dalvikvm: GC_EXPLICIT freed 339K, 13% free 9663K/11079K, paused 4ms+3ms
07-18 11:40:55.617   766  1568 I Gmail   : MainSyncRequestProto: lowestBkwdConvoId: 0, highestHandledServerOp: 4156981, normalSync: true
07-18 11:40:55.629   766  1568 W Gmail   : Scheduling index for 300000 ms from now
07-18 11:40:55.652   766  1568 I Gmail   : Sending notification intent: Intent { act=android.intent.action.PROVIDER_CHANGED dat=content://gmail-ls/unread/^i (has extras) }
07-18 11:40:55.683   766  1576 W Gmail   : Showing notification with unreadCount of 107 and unseenCount of 107
07-18 11:40:55.695   766  1568 I Gmail   : Sending notification intent: Intent { act=android.intent.action.PROVIDER_CHANGED dat=content://gmail-ls/unread/^iim (has extras) }
07-18 11:40:55.781   211   213 D dalvikvm: GC_CONCURRENT freed 179K, 10% free 10214K/11271K, paused 2ms+2ms
07-18 11:40:56.011   295  1579 I DownloadManager: Initiating request for download 500
07-18 11:40:56.312   295   298 D dalvikvm: GC_CONCURRENT freed 362K, 6% free 9408K/9991K, paused 3ms+9ms
07-18 11:40:57.218   766  1582 E Gmail   : No attachments found with downloadId 500
07-18 11:47:48.031   459   459 I PhoneLab-Locks: wake lock acquired
07-18 11:47:48.035   459   459 I PhoneLab-StatusMonitor: Status Monitoring is started
07-18 11:47:48.101   459   462 D dalvikvm: GC_CONCURRENT freed 486K, 15% free 9252K/10823K, paused 2ms+3ms
07-18 11:47:48.129   459   459 I PhoneLab-StatusMonitor: Value: 10 - unit: min
07-18 11:47:48.129   459   459 I PhoneLab-StatusMonitor: Running interval: 600000
07-18 11:47:48.136   459   459 I PhoneLab-StatusMonitor: Rescheduling status monitoring...
07-18 11:47:48.136   459   459 I PhoneLab-Locks: wake lock released
07-18 11:47:48.140   459   459 I PhoneLab-StatusMonitorLocation: Learning Location
07-18 11:47:48.140   459   459 I PhoneLab-Locks: wake lock acquired
07-18 11:47:48.144   459   459 I PhoneLab-Locks: wake lock acquired
07-18 11:47:48.148   459   459 I PhoneLab-StatusMonitorLocation: Learning Signal Strgth
07-18 11:47:48.148   459   459 I PhoneLab-Locks: wake lock acquired
07-18 11:47:48.148   274   556 D androidNetworkLocationListeners: Still have listener com.google.android.location.internal.client.NetworkLocationClient$1@4139a548
07-18 11:47:48.156   274   556 D androidNetworkLocationListeners: Still have listener com.google.android.location.internal.client.NetworkLocationClient$1@4139a548
07-18 11:47:48.160   459   459 I PhoneLab-StatusMonitorBattery: Battery_level: 72
07-18 11:47:48.168   459   459 I PhoneLab-Locks: wake lock released
07-18 11:47:48.172   459   459 I PhoneLab-StatusMonitorSignal: Signal_Strength: -86 asu: 14
07-18 11:47:48.172   459   459 I PhoneLab-Locks: wake lock released
07-18 11:47:49.433   459   459 I PhoneLab-StatusMonitorLocation: Location_Latitude: 42.995035 Longitude: -78.6862379 Accuracy: 86.0
07-18 11:47:49.433   274   556 D androidNetworkLocationListeners: Still have listener com.google.android.location.internal.client.NetworkLocationClient$1@4139a548
07-18 11:47:49.433   459   459 I PhoneLab-Locks: wake lock released
07-18 11:47:50.734   274   276 D dalvikvm: GC_CONCURRENT freed 526K, 9% free 10499K/11527K, paused 2ms+3ms
07-18 11:48:46.132   141   143 D dalvikvm: GC_CONCURRENT freed 957K, 10% free 13570K/15047K, paused 2ms+5ms
07-18 11:48:46.234   766  1587 I Gmail   : MainSyncRequestProto: lowestBkwdConvoId: 0, highestHandledServerOp: 4156981, normalSync: true
07-18 11:48:46.664   766   768 D dalvikvm: GC_CONCURRENT freed 388K, 13% free 9661K/11079K, paused 15ms+3ms
07-18 11:48:47.488   766  1587 D dalvikvm: GC_EXPLICIT freed 165K, 14% free 9635K/11079K, paused 2ms+3ms
07-18 11:48:47.500   766  1587 I Gmail   : MainSyncRequestProto: lowestBkwdConvoId: 0, highestHandledServerOp: 4157032, normalSync: true
07-18 11:48:48.000   766   768 D dalvikvm: GC_CONCURRENT freed 356K, 13% free 9665K/11079K, paused 2ms+2ms
07-18 11:48:48.601   766  1587 D dalvikvm: GC_EXPLICIT freed 138K, 13% free 9643K/11079K, paused 2ms+2ms
07-18 11:48:48.613   766  1587 I Gmail   : MainSyncRequestProto: lowestBkwdConvoId: 0, highestHandledServerOp: 4157042, normalSync: true
07-18 11:48:48.621   766  1587 W Gmail   : Scheduling index for 300000 ms from now
07-18 11:48:48.703   766  1589 I Gmail   : MainSyncRequestProto: lowestBkwdConvoId: 0, highestHandledServerOp: 4157042, normalSync: true
07-18 11:48:48.746   239   262 D dalvikvm: GC_EXPLICIT freed 327K, 5% free 9498K/9927K, paused 2ms+4ms
07-18 11:48:48.890   141   346 D dalvikvm: GC_EXPLICIT freed 220K, 11% free 13513K/15047K, paused 2ms+4ms
07-18 11:48:48.988   766  1589 D dalvikvm: GC_EXPLICIT freed 168K, 13% free 9657K/11079K, paused 2ms+3ms
07-18 11:48:49.011   766  1589 I Gmail   : MainSyncRequestProto: lowestBkwdConvoId: 0, highestHandledServerOp: 4157042, normalSync: true
07-18 11:48:49.011   295  1591 I DownloadManager: Initiating request for download 501
07-18 11:48:49.031   766  1589 W Gmail   : Scheduling index for 300000 ms from now
07-18 11:48:49.066   295   298 D dalvikvm: GC_CONCURRENT freed 433K, 6% free 9418K/9991K, paused 2ms+3ms
07-18 11:48:50.468   766  1596 E Gmail   : No attachments found with downloadId 501
07-18 11:49:48.136   766  1598 I Gmail   : MainSyncRequestProto: lowestBkwdConvoId: 0, highestHandledServerOp: 4157042, normalSync: true
07-18 11:49:48.511   766  1598 D dalvikvm: GC_EXPLICIT freed 176K, 13% free 9652K/11079K, paused 2ms+3ms
07-18 11:49:48.523   766  1598 I Gmail   : MainSyncRequestProto: lowestBkwdConvoId: 0, highestHandledServerOp: 4157042, normalSync: true
07-18 11:49:48.535   766  1598 W Gmail   : Scheduling index for 300000 ms from now
07-18 11:49:48.597   766   824 D dalvikvm: GC_EXPLICIT freed 110K, 14% free 9634K/11079K, paused 3ms+3ms
07-18 11:49:48.824   295   298 D dalvikvm: GC_CONCURRENT freed 507K, 7% free 9357K/9991K, paused 2ms+3ms
07-18 11:49:48.894   295  1600 I DownloadManager: Initiating request for download 502
07-18 11:49:50.015   295   298 D dalvikvm: GC_CONCURRENT freed 394K, 7% free 9352K/9991K, paused 1ms+2ms
07-18 11:49:50.074   766  1604 E Gmail   : No attachments found with downloadId 502
07-18 11:53:49.484   917   919 D dalvikvm: GC_CONCURRENT freed 818K, 9% free 10281K/11207K, paused 6ms+2ms
07-18 11:57:46.953   459   459 I PhoneLab-Locks: wake lock acquired
07-18 11:57:46.968   459  1606 I PhoneLab-PeriodicCheckService: User info is synched
07-18 11:57:46.968   459  1606 I PhoneLab-PeriodicCheckService: Logger Service is running
07-18 11:57:46.968   459  1606 I PhoneLab-Locks: wake lock acquired
07-18 11:57:46.972   459   459 I PhoneLab-UploadLogs: Transfering log files now
07-18 11:57:46.972   459   459 I PhoneLab-UploadLogs: No log files to transfer
07-18 11:57:46.972   459   459 I PhoneLab-Locks: wake lock released
07-18 11:57:46.972   459   459 I PhoneLab-UploadLogs: OnStartCommand
07-18 11:57:46.980   459  1606 I PhoneLab-PeriodicCheckService: Rescheduling periodic checking...
07-18 11:57:46.980   459  1606 I PhoneLab-Locks: wake lock released
07-18 11:57:47.168   766   768 D dalvikvm: GC_CONCURRENT freed 364K, 13% free 9655K/11079K, paused 2ms+3ms
07-18 11:57:48.140   459   459 I PhoneLab-Locks: wake lock acquired
07-18 11:57:48.144   459   459 I PhoneLab-StatusMonitor: Status Monitoring is started
07-18 11:57:48.253   459   462 D dalvikvm: GC_CONCURRENT freed 513K, 15% free 9250K/10823K, paused 21ms+2ms
07-18 11:57:48.281   459   459 I PhoneLab-StatusMonitor: Value: 10 - unit: min
07-18 11:57:48.281   459   459 I PhoneLab-StatusMonitor: Running interval: 600000
07-18 11:57:48.289   459   459 I PhoneLab-StatusMonitor: Rescheduling status monitoring...
07-18 11:57:48.289   459   459 I PhoneLab-Locks: wake lock released
07-18 11:57:48.293   459   459 I PhoneLab-StatusMonitorLocation: Learning Location
07-18 11:57:48.293   459   459 I PhoneLab-Locks: wake lock acquired
07-18 11:57:48.296   459   459 I PhoneLab-Locks: wake lock acquired
07-18 11:57:48.296   274   556 D androidNetworkLocationListeners: Still have listener com.google.android.location.internal.client.NetworkLocationClient$1@4139a548
07-18 11:57:48.300   459   459 I PhoneLab-StatusMonitorLocation: Learning Signal Strgth
07-18 11:57:48.300   459   459 I PhoneLab-Locks: wake lock acquired
07-18 11:57:48.304   274   556 D androidNetworkLocationListeners: Still have listener com.google.android.location.internal.client.NetworkLocationClient$1@4139a548
07-18 11:57:48.304   459   459 I PhoneLab-StatusMonitorBattery: Battery_level: 72
07-18 11:57:48.304   459   459 I PhoneLab-Locks: wake lock released
07-18 11:57:48.308   459   459 I PhoneLab-StatusMonitorSignal: Signal_Strength: -86 asu: 14
07-18 11:57:48.308   459   459 I PhoneLab-Locks: wake lock released
07-18 11:57:49.586   274   663 D CellLocator: Primary cell miss in cache. Need server request.
07-18 11:57:49.586   274   663 D NetworkLocator: New location significantly newer than previous. Reporting it.
07-18 11:57:50.433   274   558 I System.out: [INFO:3621349]: LogSource: Running flush
07-18 11:57:50.636   274   560 I System.out: [INFO:3621555]: LogSource: Sending payload [bytes=429]
07-18 11:57:50.687   274   556 D androidNetworkLocationListeners: Still have listener com.google.android.location.internal.client.NetworkLocationClient$1@4139a548
07-18 11:57:50.687   459   459 I PhoneLab-StatusMonitorLocation: Location_Latitude: 42.9950436 Longitude: -78.6862324 Accuracy: 85.0
07-18 11:57:50.695   459   459 I PhoneLab-Locks: wake lock released
07-18 11:57:50.718   274   276 D dalvikvm: GC_CONCURRENT freed 400K, 9% free 10498K/11527K, paused 137ms+4ms
07-18 11:57:50.804   370   373 D dalvikvm: GC_CONCURRENT freed 415K, 6% free 9505K/10055K, paused 64ms+3ms
07-18 11:57:51.039   766   768 D dalvikvm: GC_CONCURRENT freed 315K, 12% free 9808K/11079K, paused 2ms+3ms
07-18 11:57:51.226   274   560 I System.out: [INFO:3622145]: LogSource: Response [http=200,length=206]
07-18 11:57:51.226   274   558 I System.out: [INFO:3622146]: LogSource: Read id 2, status code 200
07-18 11:57:51.234   274   663 D WifiLocator: Too many no-location APs. Will not compute a location nor go to the server. hasLocation=0 noLocation=0 cacheMiss=0
07-18 11:57:51.367   766   768 D dalvikvm: GC_CONCURRENT freed 398K, 12% free 9795K/11079K, paused 2ms+5ms
07-18 11:57:51.578   766   768 D dalvikvm: GC_CONCURRENT freed 456K, 13% free 9727K/11079K, paused 2ms+2ms
07-18 11:57:51.722   766   768 D dalvikvm: GC_CONCURRENT freed 299K, 12% free 9830K/11079K, paused 2ms+2ms
07-18 11:57:51.765   766   768 D dalvikvm: GC_CONCURRENT freed 239K, 10% free 9994K/11079K, paused 2ms+2ms
07-18 11:57:51.886   274  1612 I EventLogService: Aggregate from 1342625271790 (log), 1342625271790 (data)
07-18 11:57:52.011   766   768 D dalvikvm: GC_CONCURRENT freed 470K, 11% free 9913K/11079K, paused 1ms+3ms
07-18 11:57:52.410   766   768 D dalvikvm: GC_CONCURRENT freed 357K, 11% free 9941K/11079K, paused 2ms+2ms
07-18 11:57:52.730   766   768 D dalvikvm: GC_CONCURRENT freed 609K, 13% free 9722K/11079K, paused 2ms+2ms
07-18 11:57:52.898   766   768 D dalvikvm: GC_CONCURRENT freed 386K, 13% free 9736K/11079K, paused 2ms+2ms
07-18 11:57:55.019   766  1605 D dalvikvm: GC_FOR_ALLOC freed 258K, 12% free 9819K/11079K, paused 513ms
07-18 11:57:55.300   766   768 D dalvikvm: GC_CONCURRENT freed 206K, 10% free 10029K/11079K, paused 2ms+2ms
07-18 11:57:55.605   766   768 D dalvikvm: GC_CONCURRENT freed 474K, 11% free 9942K/11079K, paused 2ms+2ms
07-18 11:58:32.195   766  1614 I Gmail   : MainSyncRequestProto: lowestBkwdConvoId: 0, highestHandledServerOp: 4157042, normalSync: true
07-18 11:58:32.406   766   768 D dalvikvm: GC_CONCURRENT freed 357K, 10% free 9972K/11079K, paused 2ms+2ms
07-18 11:58:33.472   766   768 D dalvikvm: GC_CONCURRENT freed 689K, 13% free 9670K/11079K, paused 13ms+3ms
07-18 11:58:33.886   766   768 D dalvikvm: GC_CONCURRENT freed 403K, 13% free 9674K/11079K, paused 2ms+3ms
07-18 11:58:33.965   766  1614 D dalvikvm: GC_EXPLICIT freed 35K, 13% free 9674K/11079K, paused 2ms+3ms
07-18 11:58:33.984   766  1614 I Gmail   : MainSyncRequestProto: lowestBkwdConvoId: 0, highestHandledServerOp: 4157088, normalSync: true
07-18 11:58:34.718   766  1614 D dalvikvm: GC_EXPLICIT freed 248K, 13% free 9699K/11079K, paused 4ms+3ms
07-18 11:58:34.726   766  1614 I Gmail   : MainSyncRequestProto: lowestBkwdConvoId: 0, highestHandledServerOp: 4157088, normalSync: true
07-18 11:58:34.738   766  1614 W Gmail   : Scheduling index for 300000 ms from now
07-18 11:58:34.894   766  1614 I Gmail   : Sending notification intent: Intent { act=android.intent.action.PROVIDER_CHANGED dat=content://gmail-ls/unread/^i (has extras) }
07-18 11:58:34.910   766   773 I dalvikvm: Jit: resizing JitTable from 8192 to 16384
07-18 11:58:34.941   766  1615 W Gmail   : Showing notification with unreadCount of 108 and unseenCount of 108
07-18 11:58:35.371   295  1617 I DownloadManager: Initiating request for download 503
07-18 11:58:35.695   295   298 D dalvikvm: GC_CONCURRENT freed 316K, 6% free 9448K/9991K, paused 2ms+3ms
07-18 11:58:36.558   766  1621 E Gmail   : No attachments found with downloadId 503
07-18 12:01:45.355   766  1623 I Gmail   : MainSyncRequestProto: lowestBkwdConvoId: 0, highestHandledServerOp: 4157088, normalSync: true
07-18 12:01:45.746   766   768 D dalvikvm: GC_CONCURRENT freed 395K, 13% free 9710K/11079K, paused 2ms+3ms
07-18 12:01:45.836   766  1623 D dalvikvm: GC_EXPLICIT freed 119K, 13% free 9680K/11079K, paused 2ms+3ms
07-18 12:01:45.847   766  1623 I Gmail   : MainSyncRequestProto: lowestBkwdConvoId: 0, highestHandledServerOp: 4157113, normalSync: true
07-18 12:01:46.472   766  1623 D dalvikvm: GC_EXPLICIT freed 323K, 13% free 9704K/11079K, paused 4ms+3ms
07-18 12:01:46.480   766  1623 I Gmail   : MainSyncRequestProto: lowestBkwdConvoId: 0, highestHandledServerOp: 4157113, normalSync: true
07-18 12:01:46.492   766  1623 W Gmail   : Scheduling index for 300000 ms from now
07-18 12:01:46.523   766  1623 I Gmail   : Sending notification intent: Intent { act=android.intent.action.PROVIDER_CHANGED dat=content://gmail-ls/unread/^i (has extras) }
07-18 12:01:46.554   766  1624 W Gmail   : Showing notification with unreadCount of 109 and unseenCount of 109
07-18 12:01:46.754   211   213 D dalvikvm: GC_CONCURRENT freed 445K, 10% free 10166K/11271K, paused 104ms+5ms
07-18 12:01:46.898   141   143 D dalvikvm: GC_CONCURRENT freed 946K, 10% free 13568K/15047K, paused 2ms+5ms
07-18 12:01:46.964   141   157 D dalvikvm: GC_EXPLICIT freed 87K, 11% free 13480K/15047K, paused 2ms+4ms
07-18 12:01:47.312   295  1626 I DownloadManager: Initiating request for download 504
07-18 12:01:47.363   295   298 D dalvikvm: GC_CONCURRENT freed 389K, 6% free 9474K/9991K, paused 1ms+3ms
07-18 12:01:48.507   766  1629 E Gmail   : No attachments found with downloadId 504
07-18 12:03:12.316   766  1631 I Gmail   : MainSyncRequestProto: lowestBkwdConvoId: 0, highestHandledServerOp: 4157113, normalSync: true
07-18 12:03:12.761   766   768 D dalvikvm: GC_CONCURRENT freed 395K, 13% free 9715K/11079K, paused 2ms+3ms
07-18 12:03:12.867   766  1631 D dalvikvm: GC_EXPLICIT freed 193K, 13% free 9673K/11079K, paused 2ms+3ms
07-18 12:03:12.879   766  1631 I Gmail   : MainSyncRequestProto: lowestBkwdConvoId: 0, highestHandledServerOp: 4157144, normalSync: true
07-18 12:03:13.300   766   768 D dalvikvm: GC_CONCURRENT freed 106K, 10% free 10036K/11079K, paused 2ms+2ms
07-18 12:03:13.625   766  1631 D dalvikvm: GC_EXPLICIT freed 495K, 13% free 9691K/11079K, paused 9ms+3ms
07-18 12:03:13.632   766  1631 I Gmail   : MainSyncRequestProto: lowestBkwdConvoId: 0, highestHandledServerOp: 4157144, normalSync: true
07-18 12:03:13.632   459  1052 I PhoneLab-: Service Running
07-18 12:03:13.679   459   462 D dalvikvm: GC_CONCURRENT freed 437K, 15% free 9227K/10823K, paused 2ms+10ms
07-18 12:03:13.683   459  1052 I PhoneLab-LoggerService: app_38    1055  459   1428   1060  c00f181c 400107b4 S logcat
07-18 12:03:13.683   459  1052 I PhoneLab-LoggerService: Logcat pid from database 1055
07-18 12:03:13.683   459  1052 I PhoneLab-LoggerService: Logcat process found 1055
07-18 12:03:13.683   459  1052 I PhoneLab-LoggerService: Checking Threshold
07-18 12:03:13.683   459  1052 I PhoneLab-: Service Running
07-18 12:03:13.715   766  1631 W Gmail   : Scheduling index for 300000 ms from now
07-18 12:03:13.726   459  1052 I PhoneLab-LoggerService: app_38    1055  459   1428   1060  c00f181c 400107b4 S logcat
07-18 12:03:13.726   459  1052 I PhoneLab-LoggerService: Logcat pid from database 1055
07-18 12:03:13.726   459  1052 I PhoneLab-LoggerService: Logcat process found 1055
07-18 12:03:13.726   459  1052 I PhoneLab-LoggerService: Checking Threshold
07-18 12:03:13.726   459  1052 I PhoneLab-: Service Running
07-18 12:03:13.761   459  1052 I PhoneLab-LoggerService: app_38    1055  459   1428   1060  c00f181c 400107b4 S logcat
07-18 12:03:13.761   459  1052 I PhoneLab-LoggerService: Logcat pid from database 1055
07-18 12:03:13.761   459  1052 I PhoneLab-LoggerService: Logcat process found 1055
07-18 12:03:13.761   459  1052 I PhoneLab-LoggerService: Checking Threshold
07-18 12:03:13.761   459  1052 I PhoneLab-: Service Running
07-18 12:03:13.793   459  1052 I PhoneLab-LoggerService: app_38    1055  459   1428   1060  c00f181c 400107b4 S logcat
07-18 12:03:13.793   459  1052 I PhoneLab-LoggerService: Logcat pid from database 1055
07-18 12:03:13.793   459  1052 I PhoneLab-LoggerService: Logcat process found 1055
07-18 12:03:13.793   459  1052 I PhoneLab-LoggerService: Checking Threshold
07-18 12:03:13.793   459  1052 I PhoneLab-: Service Running
07-18 12:03:13.820   459  1052 I PhoneLab-LoggerService: app_38    1055  459   1428   1060  c00f181c 400107b4 S logcat
07-18 12:03:13.824   459  1052 I PhoneLab-LoggerService: Logcat pid from database 1055
07-18 12:03:13.824   459  1052 I PhoneLab-LoggerService: Logcat process found 1055
07-18 12:03:13.824   459  1052 I PhoneLab-LoggerService: Checking Threshold
07-18 12:03:13.824   459  1052 I PhoneLab-: Service Running
07-18 12:03:13.855   459  1052 I PhoneLab-LoggerService: app_38    1055  459   1428   1060  c00f181c 400107b4 S logcat
07-18 12:03:13.855   459  1052 I PhoneLab-LoggerService: Logcat pid from database 1055
07-18 12:03:13.855   459  1052 I PhoneLab-LoggerService: Logcat process found 1055
07-18 12:03:13.855   459  1052 I PhoneLab-LoggerService: Checking Threshold
07-18 12:03:13.855   459  1052 I PhoneLab-: Service Running
07-18 12:03:13.882   459  1052 I PhoneLab-LoggerService: app_38    1055  459   1428   1060  c00f181c 400107b4 S logcat
07-18 12:03:13.886   459  1052 I PhoneLab-LoggerService: Logcat pid from database 1055
07-18 12:03:13.886   459  1052 I PhoneLab-LoggerService: Logcat process found 1055
07-18 12:03:13.886   459  1052 I PhoneLab-LoggerService: Checking Threshold
07-18 12:03:13.886   459  1052 I PhoneLab-: Service Running
07-18 12:03:13.898   766  1631 I Gmail   : Sending notification intent: Intent { act=android.intent.action.PROVIDER_CHANGED dat=content://gmail-ls/unread/^i (has extras) }
07-18 12:03:13.918   459  1052 I PhoneLab-LoggerService: app_38    1055  459   1428   1060  c00f181c 400107b4 S logcat
07-18 12:03:13.918   459  1052 I PhoneLab-LoggerService: Logcat pid from database 1055
07-18 12:03:13.918   459  1052 I PhoneLab-LoggerService: Logcat process found 1055
07-18 12:03:13.918   459  1052 I PhoneLab-LoggerService: Checking Threshold
07-18 12:03:13.918   459  1052 I PhoneLab-: Service Running
07-18 12:03:13.988   766  1641 W Gmail   : Showing notification with unreadCount of 110 and unseenCount of 110
07-18 12:03:13.988   459   462 D dalvikvm: GC_CONCURRENT freed 400K, 15% free 9230K/10823K, paused 1ms+2ms
07-18 12:03:14.039   459  1052 I PhoneLab-LoggerService: app_38    1055  459   1428   1060  c00f181c 400107b4 S logcat
07-18 12:03:14.039   459  1052 I PhoneLab-LoggerService: Logcat pid from database 1055
07-18 12:03:14.039   459  1052 I PhoneLab-LoggerService: Logcat process found 1055
07-18 12:03:14.039   459  1052 I PhoneLab-LoggerService: Checking Threshold
07-18 12:03:14.043   459  1052 I PhoneLab-: Service Running
07-18 12:03:14.090   459  1052 I PhoneLab-LoggerService: app_38    1055  459   1428   1060  c00f181c 400107b4 S logcat
07-18 12:03:14.090   459  1052 I PhoneLab-LoggerService: Logcat pid from database 1055
07-18 12:03:14.090   459  1052 I PhoneLab-LoggerService: Logcat process found 1055
07-18 12:03:14.090   459  1052 I PhoneLab-LoggerService: Checking Threshold
07-18 12:03:14.090   459  1052 I PhoneLab-: Service Running
07-18 12:03:14.136   459  1052 I PhoneLab-LoggerService: app_38    1055  459   1428   1060  c00f181c 400107b4 S logcat
07-18 12:03:14.136   459  1052 I PhoneLab-LoggerService: Logcat pid from database 1055
07-18 12:03:14.136   459  1052 I PhoneLab-LoggerService: Logcat process found 1055
07-18 12:03:14.136   459  1052 I PhoneLab-LoggerService: Checking Threshold
07-18 12:03:14.480   295   298 D dalvikvm: GC_CONCURRENT freed 567K, 7% free 9359K/10055K, paused 1ms+5ms
07-18 12:03:14.570   295  1645 I DownloadManager: Initiating request for download 505
07-18 12:03:15.422   295  1645 W DownloadManager: Aborting request for download 505: http error 415, mContinuingDownload: false
07-18 12:03:15.484   766  1648 E Gmail   : No attachments found with downloadId 505
07-18 12:05:08.261   766  1650 I Gmail   : MainSyncRequestProto: lowestBkwdConvoId: 0, highestHandledServerOp: 4157144, normalSync: true
07-18 12:05:09.078   274   276 D dalvikvm: GC_CONCURRENT freed 366K, 9% free 10532K/11527K, paused 2ms+3ms
07-18 12:05:09.242   766  1650 D dalvikvm: GC_EXPLICIT freed 279K, 13% free 9723K/11079K, paused 5ms+7ms
07-18 12:05:09.254   766  1650 I Gmail   : MainSyncRequestProto: lowestBkwdConvoId: 0, highestHandledServerOp: 4157178, normalSync: true
07-18 12:05:10.035   766   768 D dalvikvm: GC_CONCURRENT freed 478K, 12% free 9757K/11079K, paused 2ms+3ms
07-18 12:05:10.070   766   768 D dalvikvm: GC_CONCURRENT freed 405K, 12% free 9857K/11079K, paused 2ms+2ms
07-18 12:05:10.121   766   768 D dalvikvm: GC_CONCURRENT freed 432K, 12% free 9853K/11079K, paused 1ms+2ms
07-18 12:05:10.359   766  1650 D dalvikvm: GC_EXPLICIT freed 211K, 12% free 9785K/11079K, paused 2ms+2ms
07-18 12:05:10.371   766  1650 I Gmail   : MainSyncRequestProto: lowestBkwdConvoId: 0, highestHandledServerOp: 4157178, normalSync: true
07-18 12:05:10.379   766  1650 W Gmail   : Scheduling index for 300000 ms from now
07-18 12:05:10.445   295   298 D dalvikvm: GC_CONCURRENT freed 380K, 7% free 9364K/10055K, paused 1ms+3ms
07-18 12:05:10.480   766  1653 I Gmail   : MainSyncRequestProto: lowestBkwdConvoId: 0, highestHandledServerOp: 4157178, normalSync: true
07-18 12:05:10.711   295  1655 I DownloadManager: Initiating request for download 506
07-18 12:05:10.800   766  1653 D dalvikvm: GC_EXPLICIT freed 258K, 13% free 9709K/11079K, paused 5ms+4ms
07-18 12:05:10.812   766  1653 I Gmail   : MainSyncRequestProto: lowestBkwdConvoId: 0, highestHandledServerOp: 4157178, normalSync: true
07-18 12:05:10.824   766  1653 W Gmail   : Scheduling index for 300000 ms from now
07-18 12:05:11.082   295   298 D dalvikvm: GC_CONCURRENT freed 330K, 7% free 9438K/10055K, paused 6ms+11ms
07-18 12:05:12.015   766  1660 E Gmail   : No attachments found with downloadId 506
07-18 12:07:48.320   459   459 I PhoneLab-Locks: wake lock acquired
07-18 12:07:48.343   459   459 I PhoneLab-StatusMonitor: Status Monitoring is started
07-18 12:07:48.390   459   462 D dalvikvm: GC_CONCURRENT freed 481K, 15% free 9256K/10823K, paused 2ms+2ms
07-18 12:07:48.398   459   459 I PhoneLab-StatusMonitor: Value: 10 - unit: min
07-18 12:07:48.398   459   459 I PhoneLab-StatusMonitor: Running interval: 600000
07-18 12:07:48.414   459   459 I PhoneLab-StatusMonitor: Rescheduling status monitoring...
07-18 12:07:48.414   459   459 I PhoneLab-Locks: wake lock released
07-18 12:09:14.019   459   459 I PhoneLab-StatusMonitorLocation: Learning Location
07-18 12:09:14.019   459   459 I PhoneLab-Locks: wake lock acquired
07-18 12:09:14.058   459   459 I PhoneLab-Locks: wake lock acquired
07-18 12:09:14.062   459   459 I PhoneLab-StatusMonitorLocation: Learning Signal Strgth
07-18 12:09:14.062   459   459 I PhoneLab-Locks: wake lock acquired
07-18 12:09:14.093   211   213 D dalvikvm: GC_CONCURRENT freed 395K, 10% free 10156K/11271K, paused 2ms+3ms
07-18 12:09:14.105   274   556 D androidNetworkLocationListeners: Still have listener com.google.android.location.internal.client.NetworkLocationClient$1@4139a548
07-18 12:09:14.113   274   556 D androidNetworkLocationListeners: Still have listener com.google.android.location.internal.client.NetworkLocationClient$1@4139a548
07-18 12:09:14.117   459   459 I PhoneLab-StatusMonitorBattery: Battery_level: 72
07-18 12:09:14.121   459   459 I PhoneLab-Locks: wake lock released
07-18 12:09:14.121   459   459 I PhoneLab-StatusMonitorSignal: Signal_Strength: -86 asu: 14
07-18 12:09:14.121   459   459 I PhoneLab-Locks: wake lock released
07-18 12:09:15.379   459   459 I PhoneLab-StatusMonitorLocation: Location_Latitude: 42.9950414 Longitude: -78.6862374 Accuracy: 85.0
07-18 12:09:15.379   274   556 D androidNetworkLocationListeners: Still have listener com.google.android.location.internal.client.NetworkLocationClient$1@4139a548
07-18 12:09:15.382   459   459 I PhoneLab-Locks: wake lock released
07-18 12:09:16.683   274   276 D dalvikvm: GC_CONCURRENT freed 518K, 9% free 10504K/11527K, paused 2ms+4ms
07-18 12:11:13.222   766  1665 I Gmail   : MainSyncRequestProto: lowestBkwdConvoId: 0, highestHandledServerOp: 4157178, normalSync: true
07-18 12:11:14.648   766   768 D dalvikvm: GC_CONCURRENT freed 402K, 13% free 9701K/11079K, paused 4ms+5ms
07-18 12:11:14.777   766  1665 D dalvikvm: GC_EXPLICIT freed 239K, 13% free 9705K/11079K, paused 2ms+2ms
07-18 12:11:14.785   766  1665 I Gmail   : MainSyncRequestProto: lowestBkwdConvoId: 0, highestHandledServerOp: 4157227, normalSync: true
07-18 12:11:15.468   766   768 D dalvikvm: GC_CONCURRENT freed 383K, 13% free 9716K/11079K, paused 3ms+5ms
07-18 12:11:15.574   766  1665 D dalvikvm: GC_EXPLICIT freed 33K, 13% free 9706K/11079K, paused 4ms+2ms
07-18 12:11:15.582   766  1665 I Gmail   : MainSyncRequestProto: lowestBkwdConvoId: 0, highestHandledServerOp: 4157246, normalSync: true
07-18 12:11:15.593   766  1665 W Gmail   : Scheduling index for 300000 ms from now
07-18 12:11:15.617   766  1665 I Gmail   : Sending notification intent: Intent { act=android.intent.action.PROVIDER_CHANGED dat=content://gmail-ls/unread/^i (has extras) }
07-18 12:11:15.652   766  1667 W Gmail   : Showing notification with unreadCount of 111 and unseenCount of 111
07-18 12:11:15.664   766  1665 I Gmail   : Sending notification intent: Intent { act=android.intent.action.PROVIDER_CHANGED dat=content://gmail-ls/unread/^iim (has extras) }
07-18 12:11:15.836   141   420 D dalvikvm: GC_EXPLICIT freed 887K, 10% free 13582K/15047K, paused 5ms+13ms
07-18 12:11:15.879   766  1669 I Gmail   : MainSyncRequestProto: lowestBkwdConvoId: 0, highestHandledServerOp: 4157246, normalSync: true
07-18 12:11:16.097   295   298 D dalvikvm: GC_CONCURRENT freed 346K, 6% free 9483K/10055K, paused 4ms+3ms
07-18 12:11:16.152   295  1671 I DownloadManager: Initiating request for download 507
07-18 12:11:16.203   295  1670 D dalvikvm: GC_EXPLICIT freed 231K, 8% free 9276K/10055K, paused 2ms+6ms
07-18 12:11:16.234   766  1669 D dalvikvm: GC_EXPLICIT freed 239K, 12% free 9750K/11079K, paused 6ms+7ms
07-18 12:11:16.250   766  1669 I Gmail   : MainSyncRequestProto: lowestBkwdConvoId: 0, highestHandledServerOp: 4157246, normalSync: true
07-18 12:11:16.257   766  1669 W Gmail   : Scheduling index for 300000 ms from now
07-18 12:11:17.546   295  1671 W DownloadManager: Aborting request for download 507: http error 415, mContinuingDownload: false
07-18 12:11:17.683   766  1674 E Gmail   : No attachments found with downloadId 507
07-18 12:17:48.433   459   459 I PhoneLab-Locks: wake lock acquired
07-18 12:17:48.468   459   459 I PhoneLab-StatusMonitor: Status Monitoring is started
07-18 12:17:48.527   459   462 D dalvikvm: GC_CONCURRENT freed 464K, 15% free 9303K/10823K, paused 1ms+1ms
07-18 12:17:48.543   459   459 I PhoneLab-StatusMonitor: Value: 10 - unit: min
07-18 12:17:48.543   459   459 I PhoneLab-StatusMonitor: Running interval: 600000
07-18 12:17:48.550   459   459 I PhoneLab-StatusMonitor: Rescheduling status monitoring...
07-18 12:17:48.554   459   459 I PhoneLab-Locks: wake lock released
07-18 12:17:48.558   459   459 I PhoneLab-StatusMonitorLocation: Learning Location
07-18 12:17:48.558   459   459 I PhoneLab-Locks: wake lock acquired
07-18 12:17:48.562   459   459 I PhoneLab-Locks: wake lock acquired
07-18 12:17:48.566   274   556 D androidNetworkLocationListeners: Still have listener com.google.android.location.internal.client.NetworkLocationClient$1@4139a548
07-18 12:17:48.570   459   459 I PhoneLab-StatusMonitorLocation: Learning Signal Strgth
07-18 12:17:48.570   459   459 I PhoneLab-Locks: wake lock acquired
07-18 12:17:48.578   274   556 D androidNetworkLocationListeners: Still have listener com.google.android.location.internal.client.NetworkLocationClient$1@4139a548
07-18 12:17:48.605   459   459 I PhoneLab-StatusMonitorBattery: Battery_level: 72
07-18 12:17:48.609   459   459 I PhoneLab-Locks: wake lock released
07-18 12:17:48.613   459   459 I PhoneLab-StatusMonitorSignal: Signal_Strength: -86 asu: 14
07-18 12:17:48.613   459   459 I PhoneLab-Locks: wake lock released
07-18 12:17:49.832   459   459 I PhoneLab-StatusMonitorLocation: Location_Latitude: 42.9950335 Longitude: -78.6862361 Accuracy: 86.0
07-18 12:17:49.832   274   556 D androidNetworkLocationListeners: Still have listener com.google.android.location.internal.client.NetworkLocationClient$1@4139a548
07-18 12:17:49.836   459   459 I PhoneLab-Locks: wake lock released
07-18 12:17:51.129   274   276 D dalvikvm: GC_CONCURRENT freed 499K, 9% free 10517K/11527K, paused 2ms+4ms
07-18 12:19:17.367   459  1052 I PhoneLab-: Service Running
07-18 12:19:17.437   459  1052 I PhoneLab-LoggerService: app_38    1055  459   1428   1060  c00f181c 400107b4 S logcat
07-18 12:19:17.437   459  1052 I PhoneLab-LoggerService: Logcat pid from database 1055
07-18 12:19:17.437   459  1052 I PhoneLab-LoggerService: Logcat process found 1055
07-18 12:19:17.437   459  1052 I PhoneLab-LoggerService: Checking Threshold
07-18 12:19:17.437   459  1052 I PhoneLab-: Service Running
07-18 12:19:17.465   459  1052 I PhoneLab-LoggerService: app_38    1055  459   1428   1060  c00f181c 400107b4 S logcat
07-18 12:19:17.465   459  1052 I PhoneLab-LoggerService: Logcat pid from database 1055
07-18 12:19:17.465   459  1052 I PhoneLab-LoggerService: Logcat process found 1055
07-18 12:19:17.465   459  1052 I PhoneLab-LoggerService: Checking Threshold
07-18 12:19:17.465   459  1052 I PhoneLab-: Service Running
07-18 12:19:17.492   459  1052 I PhoneLab-LoggerService: app_38    1055  459   1428   1060  c00f181c 400107b4 S logcat
07-18 12:19:17.496   459  1052 I PhoneLab-LoggerService: Logcat pid from database 1055
07-18 12:19:17.496   459  1052 I PhoneLab-LoggerService: Logcat process found 1055
07-18 12:19:17.496   459  1052 I PhoneLab-LoggerService: Checking Threshold
07-18 12:19:17.496   459  1052 I PhoneLab-: Service Running
07-18 12:19:17.523   459  1052 I PhoneLab-LoggerService: app_38    1055  459   1428   1060  c00f181c 400107b4 S logcat
07-18 12:19:17.523   459  1052 I PhoneLab-LoggerService: Logcat pid from database 1055
07-18 12:19:17.523   459  1052 I PhoneLab-LoggerService: Logcat process found 1055
07-18 12:19:17.523   459  1052 I PhoneLab-LoggerService: Checking Threshold
07-18 12:19:17.523   459  1052 I PhoneLab-: Service Running
07-18 12:19:17.562   459   462 D dalvikvm: GC_CONCURRENT freed 472K, 15% free 9232K/10823K, paused 1ms+5ms
07-18 12:19:17.570   459  1052 I PhoneLab-LoggerService: app_38    1055  459   1428   1060  c00f181c 400107b4 S logcat
07-18 12:19:17.570   459  1052 I PhoneLab-LoggerService: Logcat pid from database 1055
07-18 12:19:17.570   459  1052 I PhoneLab-LoggerService: Logcat process found 1055
07-18 12:19:17.570   459  1052 I PhoneLab-LoggerService: Checking Threshold
07-18 12:19:17.570   459  1052 I PhoneLab-: Service Running
07-18 12:19:17.601   459  1052 I PhoneLab-LoggerService: app_38    1055  459   1428   1060  c00f181c 400107b4 S logcat
07-18 12:19:17.601   459  1052 I PhoneLab-LoggerService: Logcat pid from database 1055
07-18 12:19:17.605   459  1052 I PhoneLab-LoggerService: Logcat process found 1055
07-18 12:19:17.605   459  1052 I PhoneLab-LoggerService: Checking Threshold
07-18 12:19:17.605   459  1052 I PhoneLab-: Service Running
07-18 12:19:17.632   459  1052 I PhoneLab-LoggerService: app_38    1055  459   1428   1060  c00f181c 400107b4 S logcat
07-18 12:19:17.632   459  1052 I PhoneLab-LoggerService: Logcat pid from database 1055
07-18 12:19:17.632   459  1052 I PhoneLab-LoggerService: Logcat process found 1055
07-18 12:19:17.632   459  1052 I PhoneLab-LoggerService: Checking Threshold
07-18 12:19:17.632   459  1052 I PhoneLab-: Service Running
07-18 12:19:17.660   459  1052 I PhoneLab-LoggerService: app_38    1055  459   1428   1060  c00f181c 400107b4 S logcat
07-18 12:19:17.660   459  1052 I PhoneLab-LoggerService: Logcat pid from database 1055
07-18 12:19:17.660   459  1052 I PhoneLab-LoggerService: Logcat process found 1055
07-18 12:19:17.660   459  1052 I PhoneLab-LoggerService: Checking Threshold
07-18 12:27:14.429   766   768 D dalvikvm: GC_CONCURRENT freed 338K, 12% free 9802K/11079K, paused 2ms+3ms
07-18 12:27:14.578   766   768 D dalvikvm: GC_CONCURRENT freed 400K, 11% free 9879K/11079K, paused 2ms+2ms
07-18 12:27:14.781   766   768 D dalvikvm: GC_CONCURRENT freed 431K, 12% free 9839K/11079K, paused 2ms+2ms
07-18 12:27:14.937   766   768 D dalvikvm: GC_CONCURRENT freed 439K, 12% free 9858K/11079K, paused 2ms+2ms
07-18 12:27:15.179   766   768 D dalvikvm: GC_CONCURRENT freed 477K, 12% free 9789K/11079K, paused 2ms+2ms
07-18 12:27:15.336   766   768 D dalvikvm: GC_CONCURRENT freed 411K, 12% free 9767K/11079K, paused 2ms+2ms
07-18 12:27:15.488   766   768 D dalvikvm: GC_CONCURRENT freed 355K, 12% free 9803K/11079K, paused 2ms+2ms
07-18 12:27:47.007   459   459 I PhoneLab-Locks: wake lock acquired
07-18 12:27:47.023   459  1689 I PhoneLab-PeriodicCheckService: User info is synched
07-18 12:27:47.023   459  1689 I PhoneLab-PeriodicCheckService: Logger Service is running
07-18 12:27:47.023   459  1689 I PhoneLab-Locks: wake lock acquired
07-18 12:27:47.027   459   459 I PhoneLab-UploadLogs: Transfering log files now
07-18 12:27:47.027   459   459 I PhoneLab-UploadLogs: No log files to transfer
07-18 12:27:47.027   459   459 I PhoneLab-Locks: wake lock released
07-18 12:27:47.031   459   459 I PhoneLab-UploadLogs: OnStartCommand
07-18 12:27:47.035   459  1689 I PhoneLab-PeriodicCheckService: Rescheduling periodic checking...
07-18 12:27:47.035   459  1689 I PhoneLab-Locks: wake lock released
07-18 12:27:47.316   766   768 D dalvikvm: GC_CONCURRENT freed 447K, 12% free 9788K/11079K, paused 2ms+2ms
07-18 12:27:47.480   766   768 D dalvikvm: GC_CONCURRENT freed 402K, 12% free 9783K/11079K, paused 1ms+2ms
07-18 12:27:47.629   766   768 D dalvikvm: GC_CONCURRENT freed 364K, 12% free 9809K/11079K, paused 2ms+2ms
07-18 12:27:47.789   766   768 D dalvikvm: GC_CONCURRENT freed 424K, 12% free 9785K/11079K, paused 2ms+2ms
07-18 12:27:47.929   766   768 D dalvikvm: GC_CONCURRENT freed 394K, 12% free 9804K/11079K, paused 2ms+4ms
07-18 12:27:48.097   766   768 D dalvikvm: GC_CONCURRENT freed 439K, 12% free 9816K/11079K, paused 1ms+2ms
07-18 12:27:48.289   766   768 D dalvikvm: GC_CONCURRENT freed 427K, 12% free 9789K/11079K, paused 1ms+2ms
07-18 12:27:48.437   766   768 D dalvikvm: GC_CONCURRENT freed 388K, 12% free 9814K/11079K, paused 2ms+3ms
07-18 12:27:48.554   459   459 I PhoneLab-Locks: wake lock acquired
07-18 12:27:48.558   459   459 I PhoneLab-StatusMonitor: Status Monitoring is started
07-18 12:27:48.605   459   462 D dalvikvm: GC_CONCURRENT freed 478K, 15% free 9265K/10823K, paused 1ms+2ms
07-18 12:27:48.617   459   459 I PhoneLab-StatusMonitor: Value: 10 - unit: min
07-18 12:27:48.617   459   459 I PhoneLab-StatusMonitor: Running interval: 600000
07-18 12:27:48.629   459   459 I PhoneLab-StatusMonitor: Rescheduling status monitoring...
07-18 12:27:48.629   459   459 I PhoneLab-Locks: wake lock released
07-18 12:27:48.636   459   459 I PhoneLab-StatusMonitorLocation: Learning Location
07-18 12:27:48.636   459   459 I PhoneLab-Locks: wake lock acquired
07-18 12:27:48.640   459   459 I PhoneLab-Locks: wake lock acquired
07-18 12:27:48.644   459   459 I PhoneLab-StatusMonitorLocation: Learning Signal Strgth
07-18 12:27:48.644   459   459 I PhoneLab-Locks: wake lock acquired
07-18 12:27:48.644   274   556 D androidNetworkLocationListeners: Still have listener com.google.android.location.internal.client.NetworkLocationClient$1@4139a548
07-18 12:27:48.675   274   556 D androidNetworkLocationListeners: Still have listener com.google.android.location.internal.client.NetworkLocationClient$1@4139a548
07-18 12:27:48.679   459   459 I PhoneLab-StatusMonitorBattery: Battery_level: 72
07-18 12:27:48.679   459   459 I PhoneLab-Locks: wake lock released
07-18 12:27:48.687   459   459 I PhoneLab-StatusMonitorSignal: Signal_Strength: -86 asu: 14
07-18 12:27:48.687   459   459 I PhoneLab-Locks: wake lock released
07-18 12:27:48.695   766   768 D dalvikvm: GC_CONCURRENT freed 403K, 12% free 9802K/11079K, paused 2ms+98ms
07-18 12:27:48.867   766   768 D dalvikvm: GC_CONCURRENT freed 429K, 12% free 9770K/11079K, paused 1ms+3ms
07-18 12:27:49.011   766   768 D dalvikvm: GC_CONCURRENT freed 367K, 12% free 9799K/11079K, paused 2ms+2ms
07-18 12:27:49.152   766   768 D dalvikvm: GC_CONCURRENT freed 399K, 12% free 9793K/11079K, paused 2ms+2ms
07-18 12:27:49.304   766   768 D dalvikvm: GC_CONCURRENT freed 375K, 11% free 9869K/11079K, paused 2ms+2ms
07-18 12:27:49.527   766   768 D dalvikvm: GC_CONCURRENT freed 451K, 12% free 9820K/11079K, paused 2ms+3ms
07-18 12:27:49.675   766   768 D dalvikvm: GC_CONCURRENT freed 430K, 12% free 9782K/11079K, paused 2ms+3ms
07-18 12:27:49.820   766   768 D dalvikvm: GC_CONCURRENT freed 398K, 12% free 9777K/11079K, paused 2ms+2ms
07-18 12:27:49.925   459   459 I PhoneLab-StatusMonitorLocation: Location_Latitude: 42.9950277 Longitude: -78.6862406 Accuracy: 87.0
07-18 12:27:49.925   274   556 D androidNetworkLocationListeners: Still have listener com.google.android.location.internal.client.NetworkLocationClient$1@4139a548
07-18 12:27:49.925   459   459 I PhoneLab-Locks: wake lock released
07-18 12:27:50.047   766   768 D dalvikvm: GC_CONCURRENT freed 368K, 12% free 9802K/11079K, paused 2ms+2ms
07-18 12:27:50.214   766   768 D dalvikvm: GC_CONCURRENT freed 352K, 12% free 9856K/11079K, paused 1ms+2ms
07-18 12:27:50.375   766   768 D dalvikvm: GC_CONCURRENT freed 437K, 12% free 9810K/11079K, paused 2ms+2ms
07-18 12:27:50.519   766   768 D dalvikvm: GC_CONCURRENT freed 398K, 12% free 9807K/11079K, paused 1ms+2ms
07-18 12:27:50.691   766   768 D dalvikvm: GC_CONCURRENT freed 399K, 12% free 9798K/11079K, paused 2ms+2ms
07-18 12:27:50.832   766   768 D dalvikvm: GC_CONCURRENT freed 404K, 12% free 9843K/11079K, paused 2ms+2ms
07-18 12:27:51.031   766   768 D dalvikvm: GC_CONCURRENT freed 467K, 12% free 9765K/11079K, paused 2ms+2ms
07-18 12:27:51.199   274   276 D dalvikvm: GC_CONCURRENT freed 491K, 9% free 10498K/11527K, paused 2ms+3ms
07-18 12:27:51.277   766   768 D dalvikvm: GC_CONCURRENT freed 353K, 12% free 9803K/11079K, paused 1ms+2ms
07-18 12:27:51.429   766   768 D dalvikvm: GC_CONCURRENT freed 420K, 12% free 9778K/11079K, paused 2ms+2ms
07-18 12:27:51.566   766   768 D dalvikvm: GC_CONCURRENT freed 340K, 11% free 9906K/11079K, paused 1ms+2ms
07-18 12:27:51.711   766   768 D dalvikvm: GC_CONCURRENT freed 447K, 11% free 9867K/11079K, paused 2ms+2ms
07-18 12:27:51.914   766   768 D dalvikvm: GC_CONCURRENT freed 370K, 11% free 9889K/11079K, paused 2ms+3ms
07-18 12:27:51.949   274   659 I EventLogService: Aggregate from 1342627071891 (log), 1342627071891 (data)
07-18 12:27:54.211   766   768 D dalvikvm: GC_CONCURRENT freed 397K, 11% free 9933K/11079K, paused 2ms+3ms
07-18 12:27:54.296   766   768 D dalvikvm: GC_CONCURRENT freed 394K, 10% free 10035K/11079K, paused 2ms+3ms
07-18 12:27:54.546   766   768 D dalvikvm: GC_CONCURRENT freed 540K, 11% free 9885K/11079K, paused 2ms+2ms
07-18 12:27:54.769   766   768 D dalvikvm: GC_CONCURRENT freed 368K, 11% free 9907K/11079K, paused 2ms+2ms
07-18 12:27:54.933   766   768 D dalvikvm: GC_CONCURRENT freed 501K, 12% free 9794K/11079K, paused 1ms+2ms
07-18 12:28:31.171   766  1695 I Gmail   : MainSyncRequestProto: lowestBkwdConvoId: 0, highestHandledServerOp: 4157246, normalSync: true
07-18 12:28:31.890   766   768 D dalvikvm: GC_CONCURRENT freed 459K, 13% free 9742K/11079K, paused 13ms+3ms
07-18 12:28:32.453   766  1695 D dalvikvm: GC_EXPLICIT freed 397K, 13% free 9722K/11079K, paused 3ms+3ms
07-18 12:28:32.468   766  1695 I Gmail   : MainSyncRequestProto: lowestBkwdConvoId: 0, highestHandledServerOp: 4157282, normalSync: true
07-18 12:28:33.039   766  1695 D dalvikvm: GC_EXPLICIT freed 196K, 13% free 9742K/11079K, paused 4ms+3ms
07-18 12:28:33.050   766  1695 I Gmail   : MainSyncRequestProto: lowestBkwdConvoId: 0, highestHandledServerOp: 4157282, normalSync: true
07-18 12:28:33.062   766  1695 W Gmail   : Scheduling index for 300000 ms from now
07-18 12:28:33.093   766  1695 I Gmail   : Sending notification intent: Intent { act=android.intent.action.PROVIDER_CHANGED dat=content://gmail-ls/unread/^i (has extras) }
07-18 12:28:33.132   766  1696 W Gmail   : Showing notification with unreadCount of 112 and unseenCount of 112
07-18 12:28:33.390   295   298 D dalvikvm: GC_CONCURRENT freed 322K, 8% free 9349K/10055K, paused 3ms+3ms
07-18 12:28:33.476   295  1698 I DownloadManager: Initiating request for download 508
07-18 12:28:34.539   295   298 D dalvikvm: GC_CONCURRENT freed 324K, 7% free 9409K/10055K, paused 3ms+5ms
07-18 12:28:34.617   766  1701 E Gmail   : No attachments found with downloadId 508
07-18 12:29:01.066   211   213 D dalvikvm: GC_CONCURRENT freed 369K, 10% free 10233K/11271K, paused 1ms+16ms
07-18 12:29:01.125   141   143 D dalvikvm: GC_CONCURRENT freed 1009K, 10% free 13590K/15047K, paused 3ms+5ms
07-18 12:37:49.007   459   459 I PhoneLab-Locks: wake lock acquired
07-18 12:37:49.015   459   459 I PhoneLab-StatusMonitor: Status Monitoring is started
07-18 12:37:49.062   459   462 D dalvikvm: GC_CONCURRENT freed 514K, 15% free 9263K/10823K, paused 2ms+3ms
07-18 12:37:49.086   459   459 I PhoneLab-StatusMonitor: Value: 10 - unit: min
07-18 12:37:49.086   459   459 I PhoneLab-StatusMonitor: Running interval: 600000
07-18 12:37:49.093   459   459 I PhoneLab-StatusMonitor: Rescheduling status monitoring...
07-18 12:37:49.097   459   459 I PhoneLab-Locks: wake lock released
07-18 12:37:49.105   459   459 I PhoneLab-StatusMonitorLocation: Learning Location
07-18 12:37:49.105   459   459 I PhoneLab-Locks: wake lock acquired
07-18 12:37:49.121   459   459 I PhoneLab-Locks: wake lock acquired
07-18 12:37:49.125   459   459 I PhoneLab-StatusMonitorLocation: Learning Signal Strgth
07-18 12:37:49.125   459   459 I PhoneLab-Locks: wake lock acquired
07-18 12:37:49.129   274   556 D androidNetworkLocationListeners: Still have listener com.google.android.location.internal.client.NetworkLocationClient$1@4139a548
07-18 12:37:49.136   274   556 D androidNetworkLocationListeners: Still have listener com.google.android.location.internal.client.NetworkLocationClient$1@4139a548
07-18 12:37:49.144   459   459 I PhoneLab-StatusMonitorBattery: Battery_level: 72
07-18 12:37:49.148   459   459 I PhoneLab-Locks: wake lock released
07-18 12:37:49.152   459   459 I PhoneLab-StatusMonitorSignal: Signal_Strength: -86 asu: 14
07-18 12:37:49.152   459   459 I PhoneLab-Locks: wake lock released
07-18 12:37:50.402   459   459 I PhoneLab-StatusMonitorLocation: Location_Latitude: 42.9950294 Longitude: -78.6862392 Accuracy: 86.0
07-18 12:37:50.402   274   556 D androidNetworkLocationListeners: Still have listener com.google.android.location.internal.client.NetworkLocationClient$1@4139a548
07-18 12:37:50.402   459   459 I PhoneLab-Locks: wake lock released
07-18 12:37:51.703   274   276 D dalvikvm: GC_CONCURRENT freed 500K, 9% free 10510K/11527K, paused 2ms+3ms
07-18 12:43:30.058   459  1052 I PhoneLab-: Service Running
07-18 12:43:30.136   917   919 D dalvikvm: GC_CONCURRENT freed 388K, 9% free 10298K/11207K, paused 2ms+7ms
07-18 12:43:30.140   459  1052 I PhoneLab-LoggerService: app_38    1055  459   1428   1060  c00f181c 400107b4 S logcat
07-18 12:43:30.140   459  1052 I PhoneLab-LoggerService: Logcat pid from database 1055
07-18 12:43:30.140   459  1052 I PhoneLab-LoggerService: Logcat process found 1055
07-18 12:43:30.140   459  1052 I PhoneLab-LoggerService: Checking Threshold
07-18 12:43:30.140   459  1052 I PhoneLab-: Service Running
07-18 12:43:30.179   459  1052 I PhoneLab-LoggerService: app_38    1055  459   1428   1060  c00f181c 400107b4 S logcat
07-18 12:43:30.179   459  1052 I PhoneLab-LoggerService: Logcat pid from database 1055
07-18 12:43:30.179   459  1052 I PhoneLab-LoggerService: Logcat process found 1055
07-18 12:43:30.179   459  1052 I PhoneLab-LoggerService: Checking Threshold
07-18 12:43:30.179   459  1052 I PhoneLab-: Service Running
07-18 12:43:30.211   459  1052 I PhoneLab-LoggerService: app_38    1055  459   1428   1060  c00f181c 400107b4 S logcat
07-18 12:43:30.211   459  1052 I PhoneLab-LoggerService: Logcat pid from database 1055
07-18 12:43:30.211   459  1052 I PhoneLab-LoggerService: Logcat process found 1055
07-18 12:43:30.211   459  1052 I PhoneLab-LoggerService: Checking Threshold
07-18 12:43:30.211   459  1052 I PhoneLab-: Service Running
07-18 12:43:30.253   459   462 D dalvikvm: GC_CONCURRENT freed 445K, 15% free 9220K/10823K, paused 2ms+2ms
07-18 12:43:30.257   459  1052 I PhoneLab-LoggerService: app_38    1055  459   1428   1060  c00f181c 400107b4 S logcat
07-18 12:43:30.257   459  1052 I PhoneLab-LoggerService: Logcat pid from database 1055
07-18 12:43:30.257   459  1052 I PhoneLab-LoggerService: Logcat process found 1055
07-18 12:43:30.257   459  1052 I PhoneLab-LoggerService: Checking Threshold
07-18 12:43:30.257   459  1052 I PhoneLab-: Service Running
07-18 12:43:30.296   459  1052 I PhoneLab-LoggerService: app_38    1055  459   1428   1060  c00f181c 400107b4 S logcat
07-18 12:43:30.296   459  1052 I PhoneLab-LoggerService: Logcat pid from database 1055
07-18 12:43:30.296   459  1052 I PhoneLab-LoggerService: Logcat process found 1055
07-18 12:43:30.296   459  1052 I PhoneLab-LoggerService: Checking Threshold
07-18 12:43:30.296   459  1052 I PhoneLab-: Service Running
07-18 12:43:30.328   459  1052 I PhoneLab-LoggerService: app_38    1055  459   1428   1060  c00f181c 400107b4 S logcat
07-18 12:43:30.328   459  1052 I PhoneLab-LoggerService: Logcat pid from database 1055
07-18 12:43:30.328   459  1052 I PhoneLab-LoggerService: Logcat process found 1055
07-18 12:43:30.328   459  1052 I PhoneLab-LoggerService: Checking Threshold
07-18 12:43:30.328   459  1052 I PhoneLab-: Service Running
07-18 12:43:30.359   459  1052 I PhoneLab-LoggerService: app_38    1055  459   1428   1060  c00f181c 400107b4 S logcat
07-18 12:43:30.359   459  1052 I PhoneLab-LoggerService: Logcat pid from database 1055
07-18 12:43:30.359   459  1052 I PhoneLab-LoggerService: Logcat process found 1055
07-18 12:43:30.359   459  1052 I PhoneLab-LoggerService: Checking Threshold
07-18 12:43:30.359   459  1052 I PhoneLab-: Service Running
07-18 12:43:30.421   459  1052 I PhoneLab-LoggerService: app_38    1055  459   1428   1060  c00f181c 400107b4 S logcat
07-18 12:43:30.421   459  1052 I PhoneLab-LoggerService: Logcat pid from database 1055
07-18 12:43:30.421   459  1052 I PhoneLab-LoggerService: Logcat process found 1055
07-18 12:43:30.421   459  1052 I PhoneLab-LoggerService: Checking Threshold
07-18 12:43:30.421   459  1052 I PhoneLab-: Service Running
07-18 12:43:30.457   459  1052 I PhoneLab-LoggerService: app_38    1055  459   1428   1060  c00f181c 400107b4 S logcat
07-18 12:43:30.457   459  1052 I PhoneLab-LoggerService: Logcat pid from database 1055
07-18 12:43:30.457   459  1052 I PhoneLab-LoggerService: Logcat process found 1055
07-18 12:43:30.457   459  1052 I PhoneLab-LoggerService: Checking Threshold
07-18 12:43:30.457   459  1052 I PhoneLab-: Service Running
07-18 12:43:30.488   459  1052 I PhoneLab-LoggerService: app_38    1055  459   1428   1060  c00f181c 400107b4 S logcat
07-18 12:43:30.488   459  1052 I PhoneLab-LoggerService: Logcat pid from database 1055
07-18 12:43:30.488   459  1052 I PhoneLab-LoggerService: Logcat process found 1055
07-18 12:43:30.488   459  1052 I PhoneLab-LoggerService: Checking Threshold
07-18 12:43:30.488   459  1052 I PhoneLab-: Service Running
07-18 12:43:30.531   459  1052 I PhoneLab-LoggerService: app_38    1055  459   1428   1060  c00f181c 400107b4 S logcat
07-18 12:43:30.531   459  1052 I PhoneLab-LoggerService: Logcat pid from database 1055
07-18 12:43:30.531   459  1052 I PhoneLab-LoggerService: Logcat process found 1055
07-18 12:43:30.531   459  1052 I PhoneLab-LoggerService: Checking Threshold
07-18 12:43:30.531   459  1052 I PhoneLab-: Service Running
07-18 12:43:30.574   459   462 D dalvikvm: GC_CONCURRENT freed 401K, 15% free 9235K/10823K, paused 2ms+10ms
07-18 12:43:30.582   459  1052 I PhoneLab-LoggerService: app_38    1055  459   1428   1060  c00f181c 400107b4 S logcat
07-18 12:43:30.582   459  1052 I PhoneLab-LoggerService: Logcat pid from database 1055
07-18 12:43:30.582   459  1052 I PhoneLab-LoggerService: Logcat process found 1055
07-18 12:43:30.582   459  1052 I PhoneLab-LoggerService: Checking Threshold
07-18 12:43:30.734   766   768 D dalvikvm: GC_CONCURRENT freed 301K, 12% free 9835K/11079K, paused 2ms+2ms
07-18 12:43:30.890   766   768 D dalvikvm: GC_CONCURRENT freed 437K, 12% free 9789K/11079K, paused 2ms+2ms
07-18 12:43:31.035   766   768 D dalvikvm: GC_CONCURRENT freed 404K, 12% free 9781K/11079K, paused 1ms+3ms
07-18 12:43:31.183   766   768 D dalvikvm: GC_CONCURRENT freed 386K, 12% free 9781K/11079K, paused 2ms+2ms
07-18 12:43:31.336   766   768 D dalvikvm: GC_CONCURRENT freed 369K, 12% free 9804K/11079K, paused 2ms+2ms
07-18 12:43:31.414   766   768 D dalvikvm: GC_CONCURRENT freed 345K, 11% free 9897K/11079K, paused 1ms+3ms
07-18 12:43:31.625   766   768 D dalvikvm: GC_CONCURRENT freed 415K, 11% free 9873K/11079K, paused 1ms+2ms
07-18 12:43:31.824   766   768 D dalvikvm: GC_CONCURRENT freed 372K, 11% free 9893K/11079K, paused 2ms+2ms
07-18 12:43:32.007   766   768 D dalvikvm: GC_CONCURRENT freed 503K, 12% free 9775K/11079K, paused 1ms+3ms
07-18 12:43:32.128   766   768 D dalvikvm: GC_CONCURRENT freed 326K, 11% free 9938K/11079K, paused 2ms+2ms
07-18 12:44:30.320   766   768 D dalvikvm: GC_CONCURRENT freed 392K, 11% free 9941K/11079K, paused 1ms+2ms
07-18 12:44:30.527   766   768 D dalvikvm: GC_CONCURRENT freed 392K, 11% free 9949K/11079K, paused 1ms+1ms
07-18 12:44:30.695   766   768 D dalvikvm: GC_CONCURRENT freed 533K, 12% free 9807K/11079K, paused 1ms+2ms
07-18 12:44:30.839   766   768 D dalvikvm: GC_CONCURRENT freed 397K, 12% free 9802K/11079K, paused 2ms+2ms
07-18 12:44:30.996   766   768 D dalvikvm: GC_CONCURRENT freed 409K, 12% free 9792K/11079K, paused 2ms+3ms
07-18 12:44:31.109   766   768 D dalvikvm: GC_CONCURRENT freed 286K, 10% free 10017K/11079K, paused 2ms+2ms
07-18 12:44:31.324   766   768 D dalvikvm: GC_CONCURRENT freed 524K, 11% free 9885K/11079K, paused 1ms+2ms
07-18 12:44:31.550   766   768 D dalvikvm: GC_CONCURRENT freed 360K, 11% free 9916K/11079K, paused 2ms+2ms
07-18 12:45:00.140   766  1722 I Gmail   : getStartSyncRequest: handledServerOpId: 4157282, upperFetchedConvoId: 1404232364287066112, lowerFetchedConvoId: 0, ackedClientOp: 0
07-18 12:45:00.203   766   768 D dalvikvm: GC_CONCURRENT freed 500K, 12% free 9825K/11079K, paused 1ms+2ms
07-18 12:45:00.347   141   469 D dalvikvm: GC_EXPLICIT freed 687K, 10% free 13556K/15047K, paused 2ms+5ms
07-18 12:45:00.500   766   768 D dalvikvm: GC_CONCURRENT freed 401K, 12% free 9822K/11079K, paused 2ms+2ms
07-18 12:45:00.613   766   768 D dalvikvm: GC_CONCURRENT freed 371K, 12% free 9854K/11079K, paused 2ms+3ms
07-18 12:45:00.754   766   768 D dalvikvm: GC_CONCURRENT freed 407K, 11% free 9945K/11079K, paused 1ms+2ms
07-18 12:45:00.937   766   768 D dalvikvm: GC_CONCURRENT freed 454K, 11% free 9881K/11079K, paused 1ms+2ms
07-18 12:45:01.121   766   768 D dalvikvm: GC_CONCURRENT freed 481K, 12% free 9806K/11079K, paused 2ms+2ms
07-18 12:45:01.289   766   768 D dalvikvm: GC_CONCURRENT freed 347K, 12% free 9851K/11079K, paused 2ms+2ms
07-18 12:45:01.668   766   768 D dalvikvm: GC_CONCURRENT freed 431K, 12% free 9830K/11079K, paused 2ms+3ms
07-18 12:45:01.777   766   768 D dalvikvm: GC_CONCURRENT freed 392K, 12% free 9835K/11079K, paused 2ms+2ms
07-18 12:45:01.898   766   768 D dalvikvm: GC_CONCURRENT freed 414K, 12% free 9832K/11079K, paused 2ms+3ms
07-18 12:45:02.035   766   768 D dalvikvm: GC_CONCURRENT freed 390K, 12% free 9859K/11079K, paused 2ms+2ms
07-18 12:45:02.160   766   768 D dalvikvm: GC_CONCURRENT freed 423K, 12% free 9840K/11079K, paused 2ms+2ms
07-18 12:45:02.293   766   768 D dalvikvm: GC_CONCURRENT freed 424K, 12% free 9826K/11079K, paused 2ms+3ms
07-18 12:45:02.410   766   768 D dalvikvm: GC_CONCURRENT freed 385K, 12% free 9843K/11079K, paused 2ms+2ms
07-18 12:45:02.539   766   768 D dalvikvm: GC_CONCURRENT freed 423K, 12% free 9831K/11079K, paused 2ms+3ms
07-18 12:45:02.648   766   768 D dalvikvm: GC_CONCURRENT freed 391K, 12% free 9835K/11079K, paused 2ms+2ms
07-18 12:45:02.734   766  1722 I Gmail   : checkLabelsSets changed the label sets to: included([^^out, ^r]), partial([^i, ^f, ^iim]), all([userlabel:-1070197525, userlabel:-764815956, userlabel:-865698022, userlabel:2914456, ^io_im, userlabel:975537515, userlabel:628416567, userlabel:1382828425, userlabel:3655441, userlabel:94101, userlabel:93982, userlabel:-1367603330, userlabel:697207660, userlabel:1932735430, userlabel:-1492276990, userlabel:-1492276991, userlabel:-1492276992, userlabel:791486643, userlabel:-934348968, userlabel:3208415, ^imi, ^iim, ^all, userlabel:2896756, ^imn, userlabel:-2125032259, userlabel:-1351414049, userlabel:443164224, userlabel:-1492276993, userlabel:-1492276994, userlabel:1169406089, userlabel:3106197, userlabel:-563871351, userlabel:-535462700, ^i, ^g, userlabel:1876018584, ^f, ^k, userlabel:-1508083783, userlabel:-808725189, userlabel:2061801365, userlabel:93692, ^b, userlabel:-1414265340, userlabel:98413, userlabel:3026, userlabel:100361430, userlabel:3025, userlabel:109932, ^t, userlabel:105008833, ^u, userlabel:843908213, ^r, userlabel:-1492383895, ^s])
07-18 12:45:02.832   766  1722 D dalvikvm: GC_EXPLICIT freed 361K, 13% free 9740K/11079K, paused 2ms+4ms
07-18 12:45:02.851   766  1722 I Gmail   : MainSyncRequestProto: lowestBkwdConvoId: 0, highestHandledServerOp: 4157282, normalSync: true
07-18 12:45:02.863   766  1722 W Gmail   : Scheduling index for 300000 ms from now
07-18 12:45:02.933   766   824 D dalvikvm: GC_EXPLICIT freed 88K, 13% free 9748K/11079K, paused 5ms+2ms
07-18 12:45:02.957   766  1724 I Gmail   : MainSyncRequestProto: lowestBkwdConvoId: 0, highestHandledServerOp: 4157282, normalSync: true
07-18 12:45:03.605   295  1726 I DownloadManager: Initiating request for download 509
07-18 12:45:03.660   295   298 D dalvikvm: GC_CONCURRENT freed 326K, 6% free 9471K/10055K, paused 2ms+3ms
07-18 12:45:04.246   766  1724 D dalvikvm: GC_EXPLICIT freed 105K, 12% free 9761K/11079K, paused 2ms+3ms
07-18 12:45:04.254   766  1724 I Gmail   : MainSyncRequestProto: lowestBkwdConvoId: 0, highestHandledServerOp: 4157324, normalSync: true
07-18 12:45:04.414   766  1729 E Gmail   : No attachments found with downloadId 509
07-18 12:45:05.601   766  1724 D dalvikvm: GC_EXPLICIT freed 255K, 12% free 9770K/11079K, paused 1ms+3ms
07-18 12:45:05.613   766  1724 I Gmail   : MainSyncRequestProto: lowestBkwdConvoId: 0, highestHandledServerOp: 4157324, normalSync: true
07-18 12:45:05.625   766  1724 W Gmail   : Scheduling index for 300000 ms from now
07-18 12:45:05.879   295   298 D dalvikvm: GC_CONCURRENT freed 562K, 7% free 9358K/10055K, paused 5ms+5ms
07-18 12:45:05.988   295  1732 I DownloadManager: Initiating request for download 510
07-18 12:45:06.586   295   298 D dalvikvm: GC_CONCURRENT freed 328K, 7% free 9420K/10055K, paused 12ms+2ms
07-18 12:45:07.113   766  1737 E Gmail   : No attachments found with downloadId 510
07-18 12:47:48.683   459  1052 I PhoneLab-: Service Running
07-18 12:47:48.757   459  1052 I PhoneLab-LoggerService: app_38    1055  459   1428   1060  c00f181c 400107b4 S logcat
07-18 12:47:48.757   459  1052 I PhoneLab-LoggerService: Logcat pid from database 1055
07-18 12:47:48.757   459  1052 I PhoneLab-LoggerService: Logcat process found 1055
07-18 12:47:48.757   459  1052 I PhoneLab-LoggerService: Checking Threshold
07-18 12:47:48.757   459  1052 I PhoneLab-: Service Running
07-18 12:47:48.785   459  1052 I PhoneLab-LoggerService: app_38    1055  459   1428   1060  c00f181c 400107b4 S logcat
07-18 12:47:48.785   459  1052 I PhoneLab-LoggerService: Logcat pid from database 1055
07-18 12:47:48.785   459  1052 I PhoneLab-LoggerService: Logcat process found 1055
07-18 12:47:48.785   459  1052 I PhoneLab-LoggerService: Checking Threshold
07-18 12:47:48.785   459  1052 I PhoneLab-: Service Running
07-18 12:47:48.812   459  1052 I PhoneLab-LoggerService: app_38    1055  459   1428   1060  c00f181c 400107b4 S logcat
07-18 12:47:48.812   459  1052 I PhoneLab-LoggerService: Logcat pid from database 1055
07-18 12:47:48.812   459  1052 I PhoneLab-LoggerService: Logcat process found 1055
07-18 12:47:48.812   459  1052 I PhoneLab-LoggerService: Checking Threshold
07-18 12:47:49.117   459   459 I PhoneLab-Locks: wake lock acquired
07-18 12:47:49.148   459   459 I PhoneLab-StatusMonitor: Status Monitoring is started
07-18 12:47:49.195   459   462 D dalvikvm: GC_CONCURRENT freed 480K, 15% free 9265K/10823K, paused 2ms+2ms
07-18 12:47:49.207   459   459 I PhoneLab-StatusMonitor: Value: 10 - unit: min
07-18 12:47:49.207   459   459 I PhoneLab-StatusMonitor: Running interval: 600000
07-18 12:47:49.218   459   459 I PhoneLab-StatusMonitor: Rescheduling status monitoring...
07-18 12:47:49.218   459   459 I PhoneLab-Locks: wake lock released
07-18 12:47:49.222   459   459 I PhoneLab-StatusMonitorLocation: Learning Location
07-18 12:47:49.222   459   459 I PhoneLab-Locks: wake lock acquired
07-18 12:47:49.226   459   459 I PhoneLab-Locks: wake lock acquired
07-18 12:47:49.230   459   459 I PhoneLab-StatusMonitorLocation: Learning Signal Strgth
07-18 12:47:49.230   459   459 I PhoneLab-Locks: wake lock acquired
07-18 12:47:49.234   274   556 D androidNetworkLocationListeners: Still have listener com.google.android.location.internal.client.NetworkLocationClient$1@4139a548
07-18 12:47:49.242   274   556 D androidNetworkLocationListeners: Still have listener com.google.android.location.internal.client.NetworkLocationClient$1@4139a548
07-18 12:47:49.246   459   459 I PhoneLab-StatusMonitorBattery: Battery_level: 72
07-18 12:47:49.250   459   459 I PhoneLab-Locks: wake lock released
07-18 12:47:49.253   459   459 I PhoneLab-StatusMonitorSignal: Signal_Strength: -86 asu: 14
07-18 12:47:49.253   459   459 I PhoneLab-Locks: wake lock released
07-18 12:47:50.515   459   459 I PhoneLab-StatusMonitorLocation: Location_Latitude: 42.9950266 Longitude: -78.6862343 Accuracy: 87.0
07-18 12:47:50.515   274   556 D androidNetworkLocationListeners: Still have listener com.google.android.location.internal.client.NetworkLocationClient$1@4139a548
07-18 12:47:50.515   459   459 I PhoneLab-Locks: wake lock released
07-18 12:47:51.804   274   276 D dalvikvm: GC_CONCURRENT freed 507K, 9% free 10514K/11527K, paused 2ms+3ms
07-18 12:57:46.339   766   768 D dalvikvm: GC_CONCURRENT freed 236K, 10% free 10020K/11079K, paused 2ms+3ms
07-18 12:57:46.703   766   768 D dalvikvm: GC_CONCURRENT freed 485K, 11% free 9923K/11079K, paused 3ms+2ms
07-18 12:57:46.949   766   768 D dalvikvm: GC_CONCURRENT freed 518K, 12% free 9802K/11079K, paused 2ms+2ms
07-18 12:57:47.035   459   459 I PhoneLab-Locks: wake lock acquired
07-18 12:57:47.043   459  1747 I PhoneLab-PeriodicCheckService: User info is synched
07-18 12:57:47.043   459  1747 I PhoneLab-PeriodicCheckService: Logger Service is running
07-18 12:57:47.043   459  1747 I PhoneLab-Locks: wake lock acquired
07-18 12:57:47.047   459   459 I PhoneLab-UploadLogs: Transfering log files now
07-18 12:57:47.047   459   459 I PhoneLab-UploadLogs: No log files to transfer
07-18 12:57:47.047   459   459 I PhoneLab-Locks: wake lock released
07-18 12:57:47.047   459   459 I PhoneLab-UploadLogs: OnStartCommand
07-18 12:57:47.050   459  1747 I PhoneLab-PeriodicCheckService: Rescheduling periodic checking...
07-18 12:57:47.062   459  1747 I PhoneLab-Locks: wake lock released
07-18 12:57:47.257   766   768 D dalvikvm: GC_CONCURRENT freed 341K, 12% free 9854K/11079K, paused 2ms+2ms
07-18 12:57:47.476   766   768 D dalvikvm: GC_CONCURRENT freed 380K, 11% free 9881K/11079K, paused 1ms+2ms
07-18 12:57:47.625   766   768 D dalvikvm: GC_CONCURRENT freed 474K, 12% free 9794K/11079K, paused 2ms+2ms
07-18 12:57:47.769   766   768 D dalvikvm: GC_CONCURRENT freed 377K, 12% free 9807K/11079K, paused 2ms+2ms
07-18 12:57:47.918   766   768 D dalvikvm: GC_CONCURRENT freed 394K, 12% free 9836K/11079K, paused 1ms+2ms
07-18 12:57:48.043   766   768 D dalvikvm: GC_CONCURRENT freed 364K, 11% free 9949K/11079K, paused 2ms+2ms
07-18 12:57:48.285   766   768 D dalvikvm: GC_CONCURRENT freed 473K, 11% free 9867K/11079K, paused 1ms+2ms
07-18 12:57:48.437   766   768 D dalvikvm: GC_CONCURRENT freed 409K, 11% free 9952K/11079K, paused 2ms+2ms
07-18 12:57:48.601   766   768 D dalvikvm: GC_CONCURRENT freed 438K, 11% free 9904K/11079K, paused 2ms+2ms
07-18 12:57:48.843   766   768 D dalvikvm: GC_CONCURRENT freed 502K, 12% free 9823K/11079K, paused 1ms+3ms
07-18 12:57:48.953   766   768 D dalvikvm: GC_CONCURRENT freed 310K, 10% free 9999K/11079K, paused 1ms+2ms
07-18 12:57:49.203   766   768 D dalvikvm: GC_CONCURRENT freed 481K, 11% free 9910K/11079K, paused 2ms+2ms
07-18 12:57:49.218   459   459 I PhoneLab-Locks: wake lock acquired
07-18 12:57:49.222   459   459 I PhoneLab-StatusMonitor: Status Monitoring is started
07-18 12:57:49.269   459   462 D dalvikvm: GC_CONCURRENT freed 516K, 15% free 9259K/10823K, paused 2ms+2ms
07-18 12:57:49.281   459   459 I PhoneLab-StatusMonitor: Value: 10 - unit: min
07-18 12:57:49.281   459   459 I PhoneLab-StatusMonitor: Running interval: 600000
07-18 12:57:49.293   459   459 I PhoneLab-StatusMonitor: Rescheduling status monitoring...
07-18 12:57:49.297   459   459 I PhoneLab-Locks: wake lock released
07-18 12:57:49.300   459   459 I PhoneLab-StatusMonitorLocation: Learning Location
07-18 12:57:49.300   459   459 I PhoneLab-Locks: wake lock acquired
07-18 12:57:49.304   459   459 I PhoneLab-Locks: wake lock acquired
07-18 12:57:49.308   459   459 I PhoneLab-StatusMonitorLocation: Learning Signal Strgth
07-18 12:57:49.308   459   459 I PhoneLab-Locks: wake lock acquired
07-18 12:57:49.312   274   556 D androidNetworkLocationListeners: Still have listener com.google.android.location.internal.client.NetworkLocationClient$1@4139a548
07-18 12:57:49.316   274   556 D androidNetworkLocationListeners: Still have listener com.google.android.location.internal.client.NetworkLocationClient$1@4139a548
07-18 12:57:49.320   459   459 I PhoneLab-StatusMonitorBattery: Battery_level: 72
07-18 12:57:49.320   459   459 I PhoneLab-Locks: wake lock released
07-18 12:57:49.320   459   459 I PhoneLab-StatusMonitorSignal: Signal_Strength: -86 asu: 14
07-18 12:57:49.320   459   459 I PhoneLab-Locks: wake lock released
07-18 12:57:49.507   766   768 D dalvikvm: GC_CONCURRENT freed 488K, 12% free 9830K/11079K, paused 2ms+2ms
07-18 12:57:49.652   766   768 D dalvikvm: GC_CONCURRENT freed 399K, 12% free 9840K/11079K, paused 2ms+2ms
07-18 12:57:49.800   766   768 D dalvikvm: GC_CONCURRENT freed 410K, 12% free 9839K/11079K, paused 2ms+2ms
07-18 12:57:49.875   766   768 D dalvikvm: GC_CONCURRENT freed 349K, 11% free 9883K/11079K, paused 1ms+2ms
07-18 12:57:50.097   766   768 D dalvikvm: GC_CONCURRENT freed 373K, 11% free 9901K/11079K, paused 2ms+2ms
07-18 12:57:50.316   766   768 D dalvikvm: GC_CONCURRENT freed 371K, 11% free 9921K/11079K, paused 2ms+3ms
07-18 12:57:50.464   766   768 D dalvikvm: GC_CONCURRENT freed 489K, 12% free 9832K/11079K, paused 2ms+2ms
07-18 12:57:50.558   459   459 I PhoneLab-StatusMonitorLocation: Location_Latitude: 42.9950279 Longitude: -78.6862297 Accuracy: 86.0
07-18 12:57:50.558   274   556 D androidNetworkLocationListeners: Still have listener com.google.android.location.internal.client.NetworkLocationClient$1@4139a548
07-18 12:57:50.558   459   459 I PhoneLab-Locks: wake lock released
07-18 12:57:50.699   766   768 D dalvikvm: GC_CONCURRENT freed 400K, 12% free 9825K/11079K, paused 1ms+2ms
07-18 12:57:50.836   766   768 D dalvikvm: GC_CONCURRENT freed 334K, 11% free 9948K/11079K, paused 1ms+2ms
07-18 12:57:50.964   766   768 D dalvikvm: GC_CONCURRENT freed 432K, 11% free 9908K/11079K, paused 2ms+3ms
07-18 12:57:51.179   766   768 D dalvikvm: GC_CONCURRENT freed 370K, 11% free 9940K/11079K, paused 2ms+3ms
07-18 12:57:51.418   766   768 D dalvikvm: GC_CONCURRENT freed 389K, 11% free 9943K/11079K, paused 1ms+2ms
07-18 12:57:51.562   766   768 D dalvikvm: GC_CONCURRENT freed 524K, 12% free 9821K/11079K, paused 1ms+3ms
07-18 12:57:51.797   766   768 D dalvikvm: GC_CONCURRENT freed 388K, 12% free 9824K/11079K, paused 1ms+2ms
07-18 12:57:51.828   274   276 D dalvikvm: GC_CONCURRENT freed 521K, 9% free 10505K/11527K, paused 2ms+3ms
07-18 12:57:51.953   766   768 D dalvikvm: GC_CONCURRENT freed 313K, 11% free 9953K/11079K, paused 2ms+2ms
07-18 12:57:52.007   274  1103 I EventLogService: Aggregate from 1342628871952 (log), 1342628871952 (data)
07-18 12:57:52.109   766   768 D dalvikvm: GC_CONCURRENT freed 426K, 11% free 9919K/11079K, paused 5ms+2ms
07-18 12:57:52.320   766   768 D dalvikvm: GC_CONCURRENT freed 375K, 11% free 9937K/11079K, paused 2ms+2ms
07-18 12:57:52.539   766   768 D dalvikvm: GC_CONCURRENT freed 372K, 11% free 9956K/11079K, paused 2ms+2ms
07-18 12:57:52.707   766   768 D dalvikvm: GC_CONCURRENT freed 547K, 12% free 9796K/11079K, paused 1ms+2ms
07-18 12:57:55.281   766   768 D dalvikvm: GC_CONCURRENT freed 320K, 11% free 9880K/11079K, paused 1ms+2ms
07-18 12:57:55.425   766   768 D dalvikvm: GC_CONCURRENT freed 481K, 12% free 9826K/11079K, paused 1ms+2ms
07-18 12:58:02.074   766   768 D dalvikvm: GC_CONCURRENT freed 410K, 12% free 9814K/11079K, paused 2ms+2ms
07-18 12:58:02.183   766  1752 I Gmail   : MainSyncRequestProto: lowestBkwdConvoId: 0, highestHandledServerOp: 4157324, normalSync: true
07-18 12:58:02.757   766   768 D dalvikvm: GC_CONCURRENT freed 398K, 12% free 9808K/11079K, paused 2ms+2ms
07-18 12:58:03.285   766  1752 D dalvikvm: GC_EXPLICIT freed 425K, 12% free 9766K/11079K, paused 3ms+3ms
07-18 12:58:03.300   766  1752 I Gmail   : MainSyncRequestProto: lowestBkwdConvoId: 0, highestHandledServerOp: 4157382, normalSync: true
07-18 12:58:03.855   766  1752 D dalvikvm: GC_EXPLICIT freed 178K, 12% free 9787K/11079K, paused 4ms+6ms
07-18 12:58:03.867   766  1752 I Gmail   : MainSyncRequestProto: lowestBkwdConvoId: 0, highestHandledServerOp: 4157382, normalSync: true
07-18 12:58:03.875   766  1752 W Gmail   : Scheduling index for 300000 ms from now
07-18 12:58:03.914   766  1752 I Gmail   : Sending notification intent: Intent { act=android.intent.action.PROVIDER_CHANGED dat=content://gmail-ls/unread/^i (has extras) }
07-18 12:58:03.953   766  1753 W Gmail   : Showing notification with unreadCount of 113 and unseenCount of 113
07-18 12:58:04.324   295   298 D dalvikvm: GC_CONCURRENT freed 333K, 6% free 9471K/10055K, paused 2ms+3ms
07-18 12:58:04.347   295  1755 I DownloadManager: Initiating request for download 511
07-18 12:58:05.484   766  1758 E Gmail   : No attachments found with downloadId 511
07-18 12:58:05.504   295  1759 I DownloadManager: Initiating request for download 511
07-18 12:58:05.504   295  1759 W DownloadManager: Aborting request for download 511: Trying to resume a download that can't be resumed
07-18 12:58:05.652   295   298 D dalvikvm: GC_CONCURRENT freed 468K, 6% free 9458K/10055K, paused 2ms+3ms
07-18 12:58:05.773   141   297 D dalvikvm: GC_EXPLICIT freed 922K, 10% free 13601K/15047K, paused 2ms+5ms
07-18 13:05:53.172   766  1767 I Gmail   : MainSyncRequestProto: lowestBkwdConvoId: 0, highestHandledServerOp: 4157382, normalSync: true
07-18 13:05:53.554   766   768 D dalvikvm: GC_CONCURRENT freed 358K, 12% free 9828K/11079K, paused 4ms+11ms
07-18 13:05:54.000   766  1767 D dalvikvm: GC_EXPLICIT freed 413K, 12% free 9780K/11079K, paused 2ms+2ms
07-18 13:05:54.007   766  1767 I Gmail   : MainSyncRequestProto: lowestBkwdConvoId: 0, highestHandledServerOp: 4157420, normalSync: true
07-18 13:05:54.554   766  1767 D dalvikvm: GC_EXPLICIT freed 273K, 12% free 9802K/11079K, paused 2ms+3ms
07-18 13:05:54.566   766  1767 I Gmail   : MainSyncRequestProto: lowestBkwdConvoId: 0, highestHandledServerOp: 4157420, normalSync: true
07-18 13:05:54.578   766  1767 W Gmail   : Scheduling index for 300000 ms from now
07-18 13:05:54.617   766  1767 I Gmail   : Sending notification intent: Intent { act=android.intent.action.PROVIDER_CHANGED dat=content://gmail-ls/unread/^i (has extras) }
07-18 13:05:54.656   766  1768 W Gmail   : Showing notification with unreadCount of 114 and unseenCount of 114
07-18 13:05:54.746   211   213 D dalvikvm: GC_CONCURRENT freed 430K, 10% free 10237K/11271K, paused 2ms+3ms
07-18 13:05:55.836   295   298 D dalvikvm: GC_CONCURRENT freed 290K, 5% free 9564K/10055K, paused 2ms+3ms
07-18 13:05:55.902   295  1770 I DownloadManager: Initiating request for download 512
07-18 13:05:56.632   766  1773 E Gmail   : No attachments found with downloadId 512
07-18 13:07:48.082   917   919 D dalvikvm: GC_CONCURRENT freed 367K, 8% free 10316K/11207K, paused 2ms+2ms
07-18 13:07:49.312   459   459 I PhoneLab-Locks: wake lock acquired
07-18 13:07:49.347   459   459 I PhoneLab-StatusMonitor: Status Monitoring is started
07-18 13:07:49.386   459   462 D dalvikvm: GC_CONCURRENT freed 516K, 15% free 9254K/10823K, paused 1ms+2ms
07-18 13:07:49.406   459   459 I PhoneLab-StatusMonitor: Value: 10 - unit: min
07-18 13:07:49.406   459   459 I PhoneLab-StatusMonitor: Running interval: 600000
07-18 13:07:49.414   459   459 I PhoneLab-StatusMonitor: Rescheduling status monitoring...
07-18 13:07:49.414   459   459 I PhoneLab-Locks: wake lock released
07-18 13:09:54.031   459   459 I PhoneLab-StatusMonitorLocation: Learning Location
07-18 13:09:54.043   459   459 I PhoneLab-Locks: wake lock acquired
07-18 13:09:54.058   459   459 I PhoneLab-Locks: wake lock acquired
07-18 13:09:54.066   459   459 I PhoneLab-StatusMonitorLocation: Learning Signal Strgth
07-18 13:09:54.066   459   459 I PhoneLab-Locks: wake lock acquired
07-18 13:09:54.074   274   556 D androidNetworkLocationListeners: Still have listener com.google.android.location.internal.client.NetworkLocationClient$1@4139a548
07-18 13:09:54.078   274   556 D androidNetworkLocationListeners: Still have listener com.google.android.location.internal.client.NetworkLocationClient$1@4139a548
07-18 13:09:54.082   459   459 I PhoneLab-StatusMonitorBattery: Battery_level: 72
07-18 13:09:54.082   459   459 I PhoneLab-Locks: wake lock released
07-18 13:09:54.086   459   459 I PhoneLab-StatusMonitorSignal: Signal_Strength: -76 asu: 19
07-18 13:09:54.086   459   459 I PhoneLab-Locks: wake lock released
07-18 13:09:55.367   459   459 I PhoneLab-StatusMonitorLocation: Location_Latitude: 42.9950307 Longitude: -78.6862379 Accuracy: 86.0
07-18 13:09:55.371   274   556 D androidNetworkLocationListeners: Still have listener com.google.android.location.internal.client.NetworkLocationClient$1@4139a548
07-18 13:09:55.371   459   459 I PhoneLab-Locks: wake lock released
07-18 13:09:56.648   274   276 D dalvikvm: GC_CONCURRENT freed 497K, 9% free 10519K/11527K, paused 15ms+4ms
07-18 13:14:14.289   766  1779 I Gmail   : MainSyncRequestProto: lowestBkwdConvoId: 0, highestHandledServerOp: 4157420, normalSync: true
07-18 13:14:14.343   766   768 D dalvikvm: GC_CONCURRENT freed 308K, 11% free 9886K/11079K, paused 2ms+3ms
07-18 13:14:15.269   766   768 D dalvikvm: GC_CONCURRENT freed 469K, 12% free 9810K/11079K, paused 2ms+3ms
07-18 13:14:15.367   766  1779 D dalvikvm: GC_EXPLICIT freed 141K, 12% free 9803K/11079K, paused 2ms+2ms
07-18 13:14:15.382   766  1779 I Gmail   : MainSyncRequestProto: lowestBkwdConvoId: 0, highestHandledServerOp: 4157447, normalSync: true
07-18 13:14:15.933   766  1779 D dalvikvm: GC_EXPLICIT freed 183K, 12% free 9827K/11079K, paused 2ms+3ms
07-18 13:14:15.945   766  1779 I Gmail   : MainSyncRequestProto: lowestBkwdConvoId: 0, highestHandledServerOp: 4157447, normalSync: true
07-18 13:14:15.953   766  1779 W Gmail   : Scheduling index for 300000 ms from now
07-18 13:14:15.988   766  1779 I Gmail   : Sending notification intent: Intent { act=android.intent.action.PROVIDER_CHANGED dat=content://gmail-ls/unread/^i (has extras) }
07-18 13:14:16.031   766  1781 W Gmail   : Showing notification with unreadCount of 115 and unseenCount of 115
07-18 13:14:16.144   295   298 D dalvikvm: GC_CONCURRENT freed 645K, 8% free 9340K/10119K, paused 2ms+3ms
07-18 13:14:16.406   295  1783 I DownloadManager: Initiating request for download 513
07-18 13:14:16.761   295   298 D dalvikvm: GC_CONCURRENT freed 324K, 7% free 9414K/10119K, paused 4ms+6ms
07-18 13:14:17.808   766  1786 E Gmail   : No attachments found with downloadId 513
07-18 13:14:17.828   295  1787 I DownloadManager: Initiating request for download 513
07-18 13:14:17.828   295  1787 W DownloadManager: Aborting request for download 513: Trying to resume a download that can't be resumed
07-18 13:14:18.011   295   298 D dalvikvm: GC_CONCURRENT freed 349K, 7% free 9458K/10119K, paused 2ms+2ms
07-18 13:17:49.089   141   143 D dalvikvm: GC_CONCURRENT freed 1014K, 10% free 13623K/15047K, paused 6ms+6ms
07-18 13:17:49.429   459   459 I PhoneLab-Locks: wake lock acquired
07-18 13:17:49.464   459   459 I PhoneLab-StatusMonitor: Status Monitoring is started
07-18 13:17:49.503   459   462 D dalvikvm: GC_CONCURRENT freed 515K, 15% free 9250K/10823K, paused 2ms+2ms
07-18 13:17:49.523   459   459 I PhoneLab-StatusMonitor: Value: 10 - unit: min
07-18 13:17:49.523   459   459 I PhoneLab-StatusMonitor: Running interval: 600000
07-18 13:17:49.527   459   459 I PhoneLab-StatusMonitor: Rescheduling status monitoring...
07-18 13:17:49.527   459   459 I PhoneLab-Locks: wake lock released
07-18 13:17:49.535   459   459 I PhoneLab-StatusMonitorLocation: Learning Location
07-18 13:17:49.535   459   459 I PhoneLab-Locks: wake lock acquired
07-18 13:17:49.539   459   459 I PhoneLab-Locks: wake lock acquired
07-18 13:17:49.539   274   556 D androidNetworkLocationListeners: Still have listener com.google.android.location.internal.client.NetworkLocationClient$1@4139a548
07-18 13:17:49.543   459   459 I PhoneLab-StatusMonitorLocation: Learning Signal Strgth
07-18 13:17:49.543   459   459 I PhoneLab-Locks: wake lock acquired
07-18 13:17:49.554   274   556 D androidNetworkLocationListeners: Still have listener com.google.android.location.internal.client.NetworkLocationClient$1@4139a548
07-18 13:17:49.574   459   459 I PhoneLab-StatusMonitorBattery: Battery_level: 72
07-18 13:17:49.578   459   459 I PhoneLab-Locks: wake lock released
07-18 13:17:49.582   459   459 I PhoneLab-StatusMonitorSignal: Signal_Strength: -86 asu: 14
07-18 13:17:49.582   459   459 I PhoneLab-Locks: wake lock released
07-18 13:17:50.843   459   459 I PhoneLab-StatusMonitorLocation: Location_Latitude: 42.9949794 Longitude: -78.6862416 Accuracy: 23.0
07-18 13:17:50.847   274   556 D androidNetworkLocationListeners: Still have listener com.google.android.location.internal.client.NetworkLocationClient$1@4139a548
07-18 13:17:50.847   459   459 I PhoneLab-Locks: wake lock released
07-18 13:17:52.128   274   276 D dalvikvm: GC_CONCURRENT freed 522K, 9% free 10509K/11527K, paused 2ms+3ms
07-18 13:21:26.222   766  1796 I Gmail   : MainSyncRequestProto: lowestBkwdConvoId: 0, highestHandledServerOp: 4157447, normalSync: true
07-18 13:21:26.601   766   768 D dalvikvm: GC_CONCURRENT freed 358K, 11% free 9868K/11079K, paused 2ms+3ms
07-18 13:21:27.011   766  1796 D dalvikvm: GC_EXPLICIT freed 349K, 12% free 9822K/11079K, paused 2ms+3ms
07-18 13:21:27.027   766  1796 I Gmail   : MainSyncRequestProto: lowestBkwdConvoId: 0, highestHandledServerOp: 4157481, normalSync: true
07-18 13:21:27.101   141   453 D dalvikvm: GC_EXPLICIT freed 329K, 10% free 13565K/15047K, paused 2ms+5ms
07-18 13:21:27.621   766  1796 D dalvikvm: GC_EXPLICIT freed 373K, 12% free 9823K/11079K, paused 2ms+3ms
07-18 13:21:27.632   766  1796 I Gmail   : MainSyncRequestProto: lowestBkwdConvoId: 0, highestHandledServerOp: 4157481, normalSync: true
07-18 13:21:27.644   766  1796 W Gmail   : Scheduling index for 300000 ms from now
07-18 13:21:27.668   766  1796 I Gmail   : Sending notification intent: Intent { act=android.intent.action.PROVIDER_CHANGED dat=content://gmail-ls/unread/^i (has extras) }
07-18 13:21:27.703   766  1797 W Gmail   : Showing notification with unreadCount of 116 and unseenCount of 116
07-18 13:21:27.781   211   213 D dalvikvm: GC_CONCURRENT freed 440K, 10% free 10236K/11271K, paused 1ms+2ms
07-18 13:21:28.086   295  1799 I DownloadManager: Initiating request for download 514
07-18 13:21:28.379   295   298 D dalvikvm: GC_CONCURRENT freed 313K, 6% free 9535K/10119K, paused 6ms+14ms
07-18 13:21:29.386   766  1802 E Gmail   : No attachments found with downloadId 514
07-18 13:27:46.254   766   768 D dalvikvm: GC_CONCURRENT freed 305K, 11% free 9910K/11079K, paused 1ms+2ms
07-18 13:27:46.394   766   768 D dalvikvm: GC_CONCURRENT freed 402K, 11% free 9898K/11079K, paused 1ms+2ms
07-18 13:27:46.750   766   768 D dalvikvm: GC_CONCURRENT freed 425K, 11% free 9893K/11079K, paused 2ms+3ms
07-18 13:27:46.910   766   768 D dalvikvm: GC_CONCURRENT freed 397K, 11% free 9886K/11079K, paused 1ms+2ms
07-18 13:27:47.047   766   768 D dalvikvm: GC_CONCURRENT freed 402K, 11% free 9907K/11079K, paused 2ms+2ms
07-18 13:27:47.062   459   459 I PhoneLab-Locks: wake lock acquired
07-18 13:27:47.078   459  1805 I PhoneLab-PeriodicCheckService: User info is synched
07-18 13:27:47.078   459  1805 I PhoneLab-PeriodicCheckService: Logger Service is running
07-18 13:27:47.078   459  1805 I PhoneLab-Locks: wake lock acquired
07-18 13:27:47.082   459   459 I PhoneLab-UploadLogs: Transfering log files now
07-18 13:27:47.082   459   459 I PhoneLab-UploadLogs: No log files to transfer
07-18 13:27:47.082   459   459 I PhoneLab-Locks: wake lock released
07-18 13:27:47.082   459   459 I PhoneLab-UploadLogs: OnStartCommand
07-18 13:27:47.086   459  1805 I PhoneLab-PeriodicCheckService: Rescheduling periodic checking...
07-18 13:27:47.086   459  1805 I PhoneLab-Locks: wake lock released
07-18 13:27:49.359   766   768 D dalvikvm: GC_CONCURRENT freed 455K, 11% free 9888K/11079K, paused 1ms+2ms
07-18 13:27:49.531   459   459 I PhoneLab-Locks: wake lock acquired
07-18 13:27:49.535   459   459 I PhoneLab-StatusMonitor: Status Monitoring is started
07-18 13:27:49.543   766   768 D dalvikvm: GC_CONCURRENT freed 413K, 11% free 9870K/11079K, paused 1ms+3ms
07-18 13:27:49.574   459   462 D dalvikvm: GC_CONCURRENT freed 511K, 15% free 9251K/10823K, paused 2ms+2ms
07-18 13:27:49.593   459   459 I PhoneLab-StatusMonitor: Value: 10 - unit: min
07-18 13:27:49.593   459   459 I PhoneLab-StatusMonitor: Running interval: 600000
07-18 13:27:49.601   459   459 I PhoneLab-StatusMonitor: Rescheduling status monitoring...
07-18 13:27:49.601   459   459 I PhoneLab-Locks: wake lock released
07-18 13:27:49.609   459   459 I PhoneLab-StatusMonitorLocation: Learning Location
07-18 13:27:49.609   459   459 I PhoneLab-Locks: wake lock acquired
07-18 13:27:49.613   459   459 I PhoneLab-Locks: wake lock acquired
07-18 13:27:49.617   459   459 I PhoneLab-StatusMonitorLocation: Learning Signal Strgth
07-18 13:27:49.617   459   459 I PhoneLab-Locks: wake lock acquired
07-18 13:27:49.621   274   556 D androidNetworkLocationListeners: Still have listener com.google.android.location.internal.client.NetworkLocationClient$1@4139a548
07-18 13:27:49.625   274   556 D androidNetworkLocationListeners: Still have listener com.google.android.location.internal.client.NetworkLocationClient$1@4139a548
07-18 13:27:49.644   459   459 I PhoneLab-StatusMonitorBattery: Battery_level: 72
07-18 13:27:49.648   459   459 I PhoneLab-Locks: wake lock released
07-18 13:27:49.652   459   459 I PhoneLab-StatusMonitorSignal: Signal_Strength: -86 asu: 14
07-18 13:27:49.652   459   459 I PhoneLab-Locks: wake lock released
07-18 13:27:49.761   766   768 D dalvikvm: GC_CONCURRENT freed 356K, 11% free 9907K/11079K, paused 2ms+2ms
07-18 13:27:49.961   766   768 D dalvikvm: GC_CONCURRENT freed 338K, 11% free 9963K/11079K, paused 2ms+2ms
07-18 13:27:50.082   766   768 D dalvikvm: GC_CONCURRENT freed 493K, 11% free 9864K/11079K, paused 1ms+3ms
07-18 13:27:50.183   766   768 D dalvikvm: GC_CONCURRENT freed 334K, 11% free 9922K/11079K, paused 2ms+2ms
07-18 13:27:50.398   766   768 D dalvikvm: GC_CONCURRENT freed 374K, 11% free 9939K/11079K, paused 2ms+2ms
07-18 13:27:50.566   766   768 D dalvikvm: GC_CONCURRENT freed 466K, 11% free 9868K/11079K, paused 2ms+2ms
07-18 13:27:50.722   766   768 D dalvikvm: GC_CONCURRENT freed 398K, 11% free 9877K/11079K, paused 2ms+3ms
07-18 13:27:50.867   459   459 I PhoneLab-StatusMonitorLocation: Location_Latitude: 42.9949802 Longitude: -78.6862434 Accuracy: 25.0
07-18 13:27:50.867   274   556 D androidNetworkLocationListeners: Still have listener com.google.android.location.internal.client.NetworkLocationClient$1@4139a548
07-18 13:27:50.867   459   459 I PhoneLab-Locks: wake lock released
07-18 13:27:50.949   766   768 D dalvikvm: GC_CONCURRENT freed 447K, 11% free 9906K/11079K, paused 2ms+2ms
07-18 13:27:51.109   766   768 D dalvikvm: GC_CONCURRENT freed 412K, 11% free 9961K/11079K, paused 2ms+2ms
07-18 13:27:51.207   766   768 D dalvikvm: GC_CONCURRENT freed 389K, 11% free 9967K/11079K, paused 2ms+2ms
07-18 13:27:51.418   766   768 D dalvikvm: GC_CONCURRENT freed 361K, 10% free 9999K/11079K, paused 1ms+2ms
07-18 13:27:51.648   766   768 D dalvikvm: GC_CONCURRENT freed 355K, 10% free 10032K/11079K, paused 2ms+3ms
07-18 13:27:51.910   766   768 D dalvikvm: GC_CONCURRENT freed 365K, 10% free 10055K/11079K, paused 1ms+2ms
07-18 13:27:52.093   274  1104 I EventLogService: Aggregate from 1342630672011 (log), 1342630672011 (data)
07-18 13:27:52.129   274   276 D dalvikvm: GC_CONCURRENT freed 512K, 9% free 10509K/11527K, paused 2ms+3ms
07-18 13:27:52.293   766   768 D dalvikvm: GC_CONCURRENT freed 387K, 9% free 10123K/11079K, paused 2ms+2ms
07-18 13:27:52.437   766   768 D dalvikvm: GC_CONCURRENT freed 623K, 11% free 9897K/11079K, paused 1ms+2ms
07-18 13:27:52.574   766   768 D dalvikvm: GC_CONCURRENT freed 375K, 10% free 9979K/11079K, paused 1ms+2ms
07-18 13:27:52.718   766   768 D dalvikvm: GC_CONCURRENT freed 428K, 11% free 9943K/11079K, paused 1ms+2ms
07-18 13:27:52.929   766   768 D dalvikvm: GC_CONCURRENT freed 371K, 11% free 9963K/11079K, paused 2ms+3ms
07-18 13:27:55.207   766   768 D dalvikvm: GC_CONCURRENT freed 494K, 11% free 9963K/11079K, paused 2ms+3ms
