07-01 03:27:34.504   364   364 D wpa_supplicant: wpa_driver_wext_driver_cmd mj rssi -89  len = 12, 12
07-01 03:27:34.504   364   364 D wpa_supplicant: wpa_driver_wext_driver_cmd LINKSPEED len = 248
07-01 03:27:34.504   364   364 D wpa_supplicant: wpa_driver_wext_driver_cmd LinkSpeed 5 len = 11, 11
07-01 03:27:35.074   364   364 D wpa_supplicant: RTM_NEWLINK: operstate=1 ifi_flags=0x11043 ([UP][RUNNING][LOWER_UP])
07-01 03:27:35.074   364   364 D wpa_supplicant: RTM_NEWLINK, IFLA_IFNAME: Interface 'wlan0' added
07-01 03:27:35.074   364   364 D wpa_supplicant: Wireless event: cmd=0x8c00 len=20
07-01 03:27:37.508   364   364 D wpa_supplicant: wpa_driver_wext_driver_cmd RSSI len = 248
07-01 03:27:37.508   364   364 D wpa_supplicant: wpa_driver_wext_driver_cmd mj rssi -89  len = 12, 12
07-01 03:27:37.508   364   364 D wpa_supplicant: wpa_driver_wext_driver_cmd LINKSPEED len = 248
07-01 03:27:37.508   364   364 D wpa_supplicant: wpa_driver_wext_driver_cmd LinkSpeed 11 len = 12, 12
07-01 03:27:37.918  3586  3600 W dalvikvm: dvmFindClassByName rejecting 'com/spotify/mobile/android/core/internal/HttpConnection'
07-01 03:27:38.015   364   364 D wpa_supplicant: RTM_NEWLINK: operstate=1 ifi_flags=0x11043 ([UP][RUNNING][LOWER_UP])
07-01 03:27:38.015   364   364 D wpa_supplicant: RTM_NEWLINK, IFLA_IFNAME: Interface 'wlan0' added
07-01 03:27:38.015   364   364 D wpa_supplicant: Wireless event: cmd=0x8c00 len=20
07-01 03:27:38.062   364   364 D wpa_supplicant: RTM_NEWLINK: operstate=1 ifi_flags=0x11043 ([UP][RUNNING][LOWER_UP])
07-01 03:27:38.062   364   364 D wpa_supplicant: RTM_NEWLINK, IFLA_IFNAME: Interface 'wlan0' added
07-01 03:27:38.062   364   364 D wpa_supplicant: Wireless event: cmd=0x8c00 len=20
07-01 03:27:38.101   364   364 D wpa_supplicant: RTM_NEWLINK: operstate=1 ifi_flags=0x11043 ([UP][RUNNING][LOWER_UP])
07-01 03:27:38.101   364   364 D wpa_supplicant: RTM_NEWLINK, IFLA_IFNAME: Interface 'wlan0' added
07-01 03:27:38.101   364   364 D wpa_supplicant: Wireless event: cmd=0x8c00 len=20
07-01 03:27:38.718  3586  3589 D dalvikvm: GC_CONCURRENT freed 256K, 4% free 9279K/9607K, paused 60ms+6ms
07-01 03:27:39.215  3512  3514 D dalvikvm: GC_CONCURRENT freed 429K, 6% free 10262K/10823K, paused 2ms+3ms
07-01 03:27:39.238  3586  3589 D dalvikvm: GC_CONCURRENT freed 334K, 5% free 9372K/9799K, paused 2ms+2ms
07-01 03:27:39.746 32045 32045 D dalvikvm: GC_EXPLICIT freed 14K, 7% free 9182K/9863K, paused 2ms+3ms
07-01 03:27:40.066  3037  3050 I PhoneLab-: Service Running
07-01 03:27:40.215  3037  3050 I PhoneLab-LoggerService: app_37    1563  1     1856   1404  c00f181c 400107b4 S logcat
07-01 03:27:40.215  3037  3050 I PhoneLab-LoggerService: Logcat pid from database 1563
07-01 03:27:40.218  3037  3050 I PhoneLab-LoggerService: Logcat process found 1563
07-01 03:27:40.218  3037  3050 I PhoneLab-LoggerService: Checking Threshold
07-01 03:27:40.218  3037  3050 I PhoneLab-LoggerService: Starting to rename files
07-01 03:27:40.222  3037  3050 I PhoneLab-LoggerService: Files found .. 2
07-01 03:27:40.222  3037  3050 I PhoneLab-LoggerService: File 1 log.out.1
07-01 03:27:40.226  3037  3050 I PhoneLab-LoggerService: Renamed successfully
07-01 03:27:40.508   364   364 D wpa_supplicant: wpa_driver_wext_driver_cmd RSSI len = 248
07-01 03:27:40.508   364   364 D wpa_supplicant: wpa_driver_wext_driver_cmd mj rssi -89  len = 12, 12
07-01 03:27:40.508   364   364 D wpa_supplicant: wpa_driver_wext_driver_cmd LINKSPEED len = 248
07-01 03:27:40.508   364   364 D wpa_supplicant: wpa_driver_wext_driver_cmd LinkSpeed 5 len = 11, 11
07-01 03:27:40.758   364   364 D wpa_supplicant: RTM_NEWLINK: operstate=1 ifi_flags=0x11043 ([UP][RUNNING][LOWER_UP])
07-01 03:27:40.758   364   364 D wpa_supplicant: RTM_NEWLINK, IFLA_IFNAME: Interface 'wlan0' added
07-01 03:27:40.758   364   364 D wpa_supplicant: Wireless event: cmd=0x8c00 len=20
07-01 03:27:41.047   364   364 D wpa_supplicant: RTM_NEWLINK: operstate=1 ifi_flags=0x11043 ([UP][RUNNING][LOWER_UP])
07-01 03:27:41.047   364   364 D wpa_supplicant: RTM_NEWLINK, IFLA_IFNAME: Interface 'wlan0' added
07-01 03:27:41.047   364   364 D wpa_supplicant: Wireless event: cmd=0x8c00 len=20
07-01 03:27:41.090   364   364 D wpa_supplicant: RTM_NEWLINK: operstate=1 ifi_flags=0x11043 ([UP][RUNNING][LOWER_UP])
07-01 03:27:41.090   364   364 D wpa_supplicant: RTM_NEWLINK, IFLA_IFNAME: Interface 'wlan0' added
07-01 03:27:41.090   364   364 D wpa_supplicant: Wireless event: cmd=0x8c00 len=20
07-01 03:27:41.910  3586  3609 D dalvikvm: GC_FOR_ALLOC freed 114K, 6% free 9461K/9991K, paused 16ms
07-01 03:27:41.910  3586  3609 I dalvikvm-heap: Grow heap (frag case) to 9.487MB for 187540-byte allocation
07-01 03:27:41.933  3586  3595 D dalvikvm: GC_FOR_ALLOC freed 89K, 7% free 9555K/10183K, paused 14ms
07-01 03:27:42.508  3586  3609 D dalvikvm: GC_FOR_ALLOC freed 27K, 7% free 9529K/10183K, paused 72ms
07-01 03:27:42.519  3586  3609 I dalvikvm-heap: Grow heap (frag case) to 9.733MB for 376900-byte allocation
07-01 03:27:42.601   151   163 I ActivityManager: Process android.process.media (pid 32045) has died.
07-01 03:27:42.617  3586  3609 D dalvikvm: GC_FOR_ALLOC freed 183K, 9% free 9713K/10567K, paused 96ms
07-01 03:27:43.449  3586  3589 D dalvikvm: GC_CONCURRENT freed 754K, 12% free 9381K/10567K, paused 8ms+2ms
07-01 03:27:43.515   364   364 D wpa_supplicant: wpa_driver_wext_driver_cmd RSSI len = 248
07-01 03:27:43.519   364   364 D wpa_supplicant: wpa_driver_wext_driver_cmd mj rssi -83  len = 12, 12
07-01 03:27:43.519   364   364 D wpa_supplicant: wpa_driver_wext_driver_cmd LINKSPEED len = 248
07-01 03:27:43.519   364   364 D wpa_supplicant: wpa_driver_wext_driver_cmd LinkSpeed 11 len = 12, 12
07-01 03:27:43.660  3512  3512 D dalvikvm: GC_FOR_ALLOC freed 78K, 6% free 10245K/10823K, paused 30ms
07-01 03:27:43.660  3512  3512 I dalvikvm-heap: Grow heap (frag case) to 10.148MB for 78160-byte allocation
07-01 03:27:43.687  3512  3528 D dalvikvm: GC_FOR_ALLOC freed 3K, 6% free 10318K/10951K, paused 19ms
07-01 03:27:43.996  3351  3351 D OpenGLRenderer: Flushing caches (mode 1)
07-01 03:27:46.008   151   588 I ActivityManager: Start proc android.process.media for content provider com.android.providers.media/.MediaProvider: pid=3620 uid=10012 gids={1015, 1023, 1024, 2001, 3003, 3007}
07-01 03:27:46.054  3620  3620 I ActivityThread: Pub media: com.android.providers.media.MediaProvider
07-01 03:27:46.234  3012  3014 D dalvikvm: GC_CONCURRENT freed 2245K, 45% free 13349K/23879K, paused 33ms+5ms
07-01 03:27:46.390  3620  3620 I ActivityThread: Pub downloads: com.android.providers.downloads.DownloadProvider
07-01 03:27:46.437   151   167 I Process : Sending signal. PID: 3012 SIG: 3
07-01 03:27:46.437  3012  3016 I dalvikvm: threadid=3: reacting to signal 3
07-01 03:27:46.445  3620  3620 I ActivityThread: Pub drm: com.android.providers.drm.DrmProvider
07-01 03:27:46.449  3620  3635 I DownloadManager: in removeSpuriousFiles
07-01 03:27:46.468  3620  3623 D dalvikvm: GC_CONCURRENT freed 347K, 5% free 9150K/9607K, paused 2ms+10ms
07-01 03:27:46.468  3012  3016 I dalvikvm: Wrote stack traces to '/data/anr/traces.txt'
07-01 03:27:46.508  3012  3216 I GalleryEGLConfigChooser: Config chosen: R5 G6 B5 A0 D24 S8 ID7 CAVEAT12344 
07-01 03:27:46.535   364   364 D wpa_supplicant: wpa_driver_wext_driver_cmd RSSI len = 248
07-01 03:27:46.535   364   364 D wpa_supplicant: wpa_driver_wext_driver_cmd mj rssi -89  len = 12, 12
07-01 03:27:46.535   364   364 D wpa_supplicant: wpa_driver_wext_driver_cmd LINKSPEED len = 248
07-01 03:27:46.535   364   364 D wpa_supplicant: wpa_driver_wext_driver_cmd LinkSpeed 11 len = 12, 12
07-01 03:27:46.543  3012  3216 I GLRootView: GLObject has changed from com.google.android.gles_jni.GLImpl@41ae3fc0 to com.google.android.gles_jni.GLImpl@4137f6f0
07-01 03:27:46.547  3012  3216 I GLRootView: onSurfaceChanged: 480x800, gl10: com.google.android.gles_jni.GLImpl@4137f6f0
07-01 03:27:46.550  3620  3635 I DownloadManager: in removeSpuriousFiles, preserving file /mnt/sdcard/Download/IMG_5116.JPG
07-01 03:27:46.562  3620  3635 I DownloadManager: in removeSpuriousFiles, preserving file /mnt/sdcard/Download/IMG_5154.JPG
07-01 03:27:46.562  3620  3635 I DownloadManager: in removeSpuriousFiles, preserving file /mnt/sdcard/Download/IMG_5244.JPG
07-01 03:27:46.562  3620  3635 I DownloadManager: in removeSpuriousFiles, preserving file /mnt/sdcard/Download/IMG_5239.JPG
07-01 03:27:46.566  3620  3635 I DownloadManager: in removeSpuriousFiles, preserving file /mnt/sdcard/Download/IMG_5080.JPG
07-01 03:27:46.566  3620  3635 I DownloadManager: in removeSpuriousFiles, preserving file /mnt/sdcard/Download/IMG_5233.JPG
07-01 03:27:46.566  3620  3635 I DownloadManager: in removeSpuriousFiles, preserving file /mnt/sdcard/Download/photo.JPG
07-01 03:27:46.566  3620  3635 I DownloadManager: in removeSpuriousFiles, preserving file /mnt/sdcard/Download/TO Days INN Jamaica.jpg
07-01 03:27:46.578   151   162 W InputManagerService: Starting input on non-focused client com.android.internal.view.IInputMethodClient$Stub$Proxy@4133d518 (uid=10053 pid=3512)
07-01 03:27:46.582  3512  3512 W IInputConnectionWrapper: showStatusIcon on inactive InputConnection
07-01 03:27:46.590  3620  3635 I DownloadManager: in removeSpuriousFiles, preserving file /mnt/sdcard/Download/TO Manhattan.jpg
07-01 03:27:46.590  3620  3635 I DownloadManager: in removeSpuriousFiles, preserving file /data/data/com.android.providers.downloads/cache/metadata.json
07-01 03:27:46.590  3620  3635 I DownloadManager: in removeSpuriousFiles, preserving file /data/data/com.android.providers.downloads/cache/en_general.htm
07-01 03:27:46.590  3620  3635 I DownloadManager: in removeSpuriousFiles, preserving file /mnt/sdcard/Download/Swype-Installer.apk
07-01 03:27:46.590  3620  3635 I DownloadManager: in removeSpuriousFiles, preserving file /mnt/sdcard/Download/Swype-Installer-1.apk
07-01 03:27:46.590  3620  3635 I DownloadManager: in removeSpuriousFiles, preserving file /data/data/com.android.providers.downloads/cache/metadata-1.json
07-01 03:27:46.593  3620  3635 I DownloadManager: in removeSpuriousFiles, preserving file /data/data/com.android.providers.downloads/cache/metadata-2.json
07-01 03:27:46.593  3620  3635 I DownloadManager: in removeSpuriousFiles, preserving file /mnt/sdcard/Download/IMG_5116-007.JPG
07-01 03:27:46.601  3620  3635 I DownloadManager: in removeSpuriousFiles, preserving file /mnt/sdcard/Download/IMG_5154-003.JPG
07-01 03:27:46.617  3620  3635 I DownloadManager: deleting spurious file /cache/backup
07-01 03:27:46.742   398   413 D dalvikvm: GC_EXPLICIT freed 440K, 57% free 10910K/25287K, paused 1ms+13ms
07-01 03:27:46.933   398   400 D dalvikvm: GC_CONCURRENT freed 746K, 58% free 10718K/25287K, paused 3ms+4ms
07-01 03:27:46.937   151   167 I Process : Sending signal. PID: 3012 SIG: 3
07-01 03:27:46.941  3012  3016 I dalvikvm: threadid=3: reacting to signal 3
07-01 03:27:46.976  3012  3030 D dalvikvm: GC_FOR_ALLOC freed 67K, 43% free 13850K/23879K, paused 54ms
07-01 03:27:47.031  3012  3016 I dalvikvm: Wrote stack traces to '/data/anr/traces.txt'
07-01 03:27:47.043   398   400 D dalvikvm: GC_CONCURRENT freed 789K, 59% free 10454K/25287K, paused 2ms+18ms
07-01 03:27:47.191   398   400 D dalvikvm: GC_CONCURRENT freed 605K, 60% free 10254K/25287K, paused 1ms+4ms
07-01 03:27:47.269   398   400 D dalvikvm: GC_CONCURRENT freed 486K, 60% free 10246K/25287K, paused 2ms+4ms
07-01 03:27:47.488  3012  3034 D dalvikvm: GC_FOR_ALLOC freed 76K, 38% free 15023K/23879K, paused 23ms
07-01 03:27:47.593  3012  3035 D dalvikvm: GC_FOR_ALLOC freed 62K, 33% free 16044K/23879K, paused 20ms
07-01 03:27:47.652  3012  3030 D dalvikvm: GC_FOR_ALLOC freed 45K, 29% free 17112K/23879K, paused 21ms
07-01 03:27:47.777  3012  3027 D skia    : WARNING: One-shot allocator has already allocated (alloc count = 1)
07-01 03:27:47.789  3012  3027 D skia    : WARNING: One-shot allocator has already allocated (alloc count = 1)
07-01 03:27:47.847  3012  3014 D dalvikvm: GC_CONCURRENT freed 299K, 22% free 18740K/23879K, paused 3ms+3ms
07-01 03:27:47.867  3012  3027 D skia    : WARNING: One-shot allocator has already allocated (alloc count = 1)
07-01 03:27:47.941  3012  3027 D dalvikvm: GC_FOR_ALLOC freed 2056K, 24% free 18235K/23879K, paused 23ms
07-01 03:27:47.961  3012  3027 D skia    : WARNING: One-shot allocator has already allocated (alloc count = 1)
07-01 03:27:47.988  3012  3027 D skia    : WARNING: One-shot allocator has already allocated (alloc count = 1)
07-01 03:27:48.035  3012  3014 D dalvikvm: GC_CONCURRENT freed 1619K, 23% free 18626K/23879K, paused 2ms+5ms
07-01 03:27:48.070  3012  3027 D skia    : WARNING: One-shot allocator has already allocated (alloc count = 1)
07-01 03:27:48.101  3012  3027 D skia    : WARNING: One-shot allocator has already allocated (alloc count = 1)
07-01 03:27:48.113  3012  3027 D skia    : WARNING: One-shot allocator has already allocated (alloc count = 1)
07-01 03:27:48.152  3012  3014 D dalvikvm: GC_CONCURRENT freed 1567K, 21% free 18984K/23879K, paused 3ms+4ms
07-01 03:27:48.172  3012  3027 D skia    : WARNING: One-shot allocator has already allocated (alloc count = 1)
07-01 03:27:48.187  3012  3027 D skia    : WARNING: One-shot allocator has already allocated (alloc count = 1)
07-01 03:27:48.203  3012  3027 D skia    : WARNING: One-shot allocator has already allocated (alloc count = 1)
07-01 03:27:48.222  3012  3027 D dalvikvm: GC_FOR_ALLOC freed 2044K, 22% free 18732K/23879K, paused 21ms
07-01 03:27:48.230  3012  3027 D skia    : WARNING: One-shot allocator has already allocated (alloc count = 1)
07-01 03:27:48.242  3012  3027 D skia    : WARNING: One-shot allocator has already allocated (alloc count = 1)
07-01 03:27:48.265  3012  3027 D dalvikvm: GC_FOR_ALLOC freed 2299K, 24% free 18202K/23879K, paused 21ms
07-01 03:27:48.277  3012  3027 D skia    : WARNING: One-shot allocator has already allocated (alloc count = 1)
07-01 03:27:48.289  3012  3027 D skia    : WARNING: One-shot allocator has already allocated (alloc count = 1)
07-01 03:27:48.312  3012  3027 D dalvikvm: GC_FOR_ALLOC freed 1584K, 24% free 18202K/23879K, paused 20ms
07-01 03:27:48.324  3012  3027 D skia    : WARNING: One-shot allocator has already allocated (alloc count = 1)
07-01 03:27:48.336  3012  3027 D skia    : WARNING: One-shot allocator has already allocated (alloc count = 1)
07-01 03:27:48.343  3012  3027 D skia    : WARNING: One-shot allocator has already allocated (alloc count = 1)
07-01 03:27:48.363  3012  3027 D dalvikvm: GC_FOR_ALLOC freed 1728K, 24% free 18277K/23879K, paused 22ms
07-01 03:27:48.386  3012  3027 D skia    : WARNING: One-shot allocator has already allocated (alloc count = 1)
07-01 03:27:48.410  3012  3027 D skia    : WARNING: One-shot allocator has already allocated (alloc count = 1)
07-01 03:27:48.449  3012  3014 D dalvikvm: GC_CONCURRENT freed 1846K, 23% free 18458K/23879K, paused 1ms+3ms
07-01 03:27:48.472  3012  3027 D skia    : WARNING: One-shot allocator has already allocated (alloc count = 1)
07-01 03:27:48.488  3012  3027 D skia    : WARNING: One-shot allocator has already allocated (alloc count = 1)
07-01 03:27:48.511  3012  3027 D dalvikvm: GC_FOR_ALLOC freed 2072K, 24% free 18202K/23879K, paused 20ms
07-01 03:27:48.523  3012  3027 D skia    : WARNING: One-shot allocator has already allocated (alloc count = 1)
07-01 03:27:48.539  3012  3027 D skia    : WARNING: One-shot allocator has already allocated (alloc count = 1)
07-01 03:27:48.578  3012  3014 D dalvikvm: GC_CONCURRENT freed 1562K, 23% free 18594K/23879K, paused 2ms+3ms
07-01 03:27:48.601  3012  3027 D skia    : WARNING: One-shot allocator has already allocated (alloc count = 1)
07-01 03:27:48.617  3012  3027 D skia    : WARNING: One-shot allocator has already allocated (alloc count = 1)
07-01 03:27:48.633  3012  3027 D skia    : WARNING: One-shot allocator has already allocated (alloc count = 1)
07-01 03:27:48.672  3012  3014 D dalvikvm: GC_CONCURRENT freed 2103K, 23% free 18446K/23879K, paused 2ms+4ms
07-01 03:27:48.695  3012  3027 D skia    : WARNING: One-shot allocator has already allocated (alloc count = 1)
07-01 03:27:48.707  3012  3027 D skia    : WARNING: One-shot allocator has already allocated (alloc count = 1)
07-01 03:27:48.715  3012  3027 D skia    : WARNING: One-shot allocator has already allocated (alloc count = 1)
07-01 03:27:48.738  3012  3027 D dalvikvm: GC_FOR_ALLOC freed 1940K, 24% free 18202K/23879K, paused 20ms
07-01 03:27:48.750  3012  3027 D skia    : WARNING: One-shot allocator has already allocated (alloc count = 1)
07-01 03:27:48.769  3012  3027 D skia    : WARNING: One-shot allocator has already allocated (alloc count = 1)
07-01 03:27:48.789  3012  3027 D dalvikvm: GC_FOR_ALLOC freed 1816K, 24% free 18202K/23879K, paused 20ms
07-01 03:27:48.800  3012  3027 D skia    : WARNING: One-shot allocator has already allocated (alloc count = 1)
07-01 03:27:48.812  3012  3027 D skia    : WARNING: One-shot allocator has already allocated (alloc count = 1)
07-01 03:27:48.836  3012  3027 D dalvikvm: GC_FOR_ALLOC freed 1572K, 24% free 18202K/23879K, paused 20ms
07-01 03:27:48.843  3012  3027 D skia    : WARNING: One-shot allocator has already allocated (alloc count = 1)
07-01 03:27:48.851  3012  3027 D skia    : WARNING: One-shot allocator has already allocated (alloc count = 1)
07-01 03:27:48.867  3012  3027 D skia    : WARNING: One-shot allocator has already allocated (alloc count = 1)
07-01 03:27:48.914  3012  3014 D dalvikvm: GC_CONCURRENT freed 1786K, 23% free 18459K/23879K, paused 2ms+3ms
07-01 03:27:48.937  3012  3027 D skia    : WARNING: One-shot allocator has already allocated (alloc count = 1)
07-01 03:27:48.953  3012  3027 D skia    : WARNING: One-shot allocator has already allocated (alloc count = 1)
07-01 03:27:49.496   151   497 I ActivityManager: START {act=android.intent.action.SEND typ=image/* cmp=com.whatsapp/.ContactPicker (has extras)} from pid 3012
07-01 03:27:49.539   364   364 D wpa_supplicant: wpa_driver_wext_driver_cmd RSSI len = 248
07-01 03:27:49.543   364   364 D wpa_supplicant: wpa_driver_wext_driver_cmd mj rssi -88  len = 12, 12
07-01 03:27:49.543   364   364 D wpa_supplicant: wpa_driver_wext_driver_cmd LINKSPEED len = 248
07-01 03:27:49.543   364   364 D wpa_supplicant: wpa_driver_wext_driver_cmd LinkSpeed 11 len = 12, 12
07-01 03:27:49.644  3012  3012 D OpenGLRenderer: Flushing caches (mode 1)
07-01 03:27:49.652  3012  3014 D dalvikvm: GC_CONCURRENT freed 2177K, 24% free 18205K/23879K, paused 2ms+4ms
07-01 03:27:49.722  3512  3512 D dalvikvm: GC_FOR_ALLOC freed 154K, 6% free 10361K/10951K, paused 22ms
07-01 03:27:49.722  3512  3512 I dalvikvm-heap: Grow heap (frag case) to 10.335MB for 155248-byte allocation
07-01 03:27:49.754  3512  3512 D dalvikvm: GC_FOR_ALLOC freed 11K, 6% free 10501K/11143K, paused 24ms
07-01 03:27:49.890   398   398 V PhoneStatusBar: setLightsOn(true)
07-01 03:27:49.929  3351  3351 D OpenGLRenderer: Flushing caches (mode 2)
07-01 03:27:49.929  3351  3351 D OpenGLRenderer: Flushing caches (mode 0)
07-01 03:27:49.929  3351  3351 W ManagedEGLContext: doTerminate failed: EGL count is 2 but managed count is 1
07-01 03:27:50.074  3512  3514 D dalvikvm: GC_CONCURRENT freed 51K, 3% free 10839K/11143K, paused 3ms+4ms
07-01 03:27:50.097   151   167 I Process : Sending signal. PID: 3512 SIG: 3
07-01 03:27:50.097  3512  3517 I dalvikvm: threadid=3: reacting to signal 3
07-01 03:27:50.136  3512  3517 I dalvikvm: Wrote stack traces to '/data/anr/traces.txt'
07-01 03:27:50.246   151   199 I ActivityManager: Displayed com.whatsapp/.ContactPicker: +653ms
07-01 03:27:50.355  3012  3012 D OpenGLRenderer: Flushing caches (mode 0)
07-01 03:27:50.465  3012  3012 V StateManager: saveState
07-01 03:27:50.465  3012  3012 V StateManager: saveState class com.android.gallery3d.app.AlbumSetPage
07-01 03:27:50.465  3012  3012 V StateManager: saveState class com.android.gallery3d.app.AlbumPage
07-01 03:27:50.465  3012  3012 V StateManager: saveState class com.android.gallery3d.app.PhotoPage
07-01 03:27:50.515  3012  3012 D OpenGLRenderer: Flushing caches (mode 1)
07-01 03:27:52.011  3512  3514 D dalvikvm: GC_CONCURRENT freed 250K, 4% free 11139K/11527K, paused 10ms+5ms
07-01 03:27:52.547   364   364 D wpa_supplicant: wpa_driver_wext_driver_cmd RSSI len = 248
07-01 03:27:52.554   364   364 D wpa_supplicant: wpa_driver_wext_driver_cmd mj rssi -89  len = 12, 12
07-01 03:27:52.554   364   364 D wpa_supplicant: wpa_driver_wext_driver_cmd LINKSPEED len = 248
07-01 03:27:52.558   364   364 D wpa_supplicant: wpa_driver_wext_driver_cmd LinkSpeed 11 len = 12, 12
07-01 03:27:52.910   151  3109 I ActivityManager: START {dat=content://media/external/images/media/1609 flg=0x14000000 cmp=com.whatsapp/.Conversation (has extras)} from pid 3512
07-01 03:27:53.031   151   153 D dalvikvm: JIT code cache reset in 5 ms (1048492 bytes 97/0)
07-01 03:27:53.047   151   153 D dalvikvm: GC_CONCURRENT freed 1892K, 30% free 17312K/24391K, paused 10ms+13ms
07-01 03:27:53.320  3512  3514 D dalvikvm: GC_CONCURRENT freed 280K, 4% free 11585K/11975K, paused 3ms+4ms
07-01 03:27:53.347  3512  3512 D dalvikvm: GC_FOR_ALLOC freed 10K, 4% free 11574K/11975K, paused 26ms
07-01 03:27:53.355  3512  3512 I dalvikvm-heap: Grow heap (frag case) to 14.887MB for 3686416-byte allocation
07-01 03:27:53.394  3512  3521 D dalvikvm: GC_FOR_ALLOC freed 0K, 3% free 15174K/15623K, paused 23ms
07-01 03:27:53.461   151   167 I Process : Sending signal. PID: 3512 SIG: 3
07-01 03:27:53.461  3512  3517 I dalvikvm: threadid=3: reacting to signal 3
07-01 03:27:53.468  3512  3517 I dalvikvm: Wrote stack traces to '/data/anr/traces.txt'
07-01 03:27:53.515  3512  3512 D dalvikvm: GC_FOR_ALLOC freed 2K, 3% free 16773K/17223K, paused 23ms
07-01 03:27:53.605  3512  3512 D dalvikvm: GC_FOR_ALLOC freed 5252K, 31% free 12919K/18567K, paused 24ms
07-01 03:27:53.605  3512  3512 I dalvikvm-heap: Grow heap (frag case) to 13.982MB for 1360144-byte allocation
07-01 03:27:53.656  3512  3514 D dalvikvm: GC_CONCURRENT freed 2K, 24% free 14245K/18567K, paused 3ms+6ms
07-01 03:27:53.961   151   167 I Process : Sending signal. PID: 3512 SIG: 3
07-01 03:27:53.961  3512  3517 I dalvikvm: threadid=3: reacting to signal 3
07-01 03:27:53.965  3512  3517 I dalvikvm: Wrote stack traces to '/data/anr/traces.txt'
07-01 03:27:54.082   364   364 D wpa_supplicant: RTM_NEWLINK: operstate=1 ifi_flags=0x11043 ([UP][RUNNING][LOWER_UP])
07-01 03:27:54.082   364   364 D wpa_supplicant: RTM_NEWLINK, IFLA_IFNAME: Interface 'wlan0' added
07-01 03:27:54.082   364   364 D wpa_supplicant: Wireless event: cmd=0x8c00 len=20
07-01 03:27:54.144   364   364 D wpa_supplicant: RTM_NEWLINK: operstate=1 ifi_flags=0x11043 ([UP][RUNNING][LOWER_UP])
07-01 03:27:54.144   364   364 D wpa_supplicant: RTM_NEWLINK, IFLA_IFNAME: Interface 'wlan0' added
07-01 03:27:54.144   364   364 D wpa_supplicant: Wireless event: cmd=0x8c00 len=20
07-01 03:27:54.343   398   398 V PhoneStatusBar: setLightsOn(true)
07-01 03:27:54.461   151   167 I Process : Sending signal. PID: 3512 SIG: 3
07-01 03:27:54.461  3512  3517 I dalvikvm: threadid=3: reacting to signal 3
07-01 03:27:54.488  3512  3517 I dalvikvm: Wrote stack traces to '/data/anr/traces.txt'
07-01 03:27:54.758  3512  3514 D dalvikvm: GC_CONCURRENT freed 2815K, 30% free 13089K/18567K, paused 2ms+8ms
07-01 03:27:54.789   151   199 I ActivityManager: Displayed com.whatsapp/.Conversation: +1s831ms
07-01 03:27:55.570   364   364 D wpa_supplicant: wpa_driver_wext_driver_cmd RSSI len = 248
07-01 03:27:55.578   364   364 D wpa_supplicant: wpa_driver_wext_driver_cmd mj rssi -90  len = 12, 12
07-01 03:27:55.578   364   364 D wpa_supplicant: wpa_driver_wext_driver_cmd LINKSPEED len = 248
07-01 03:27:55.578   364   364 D wpa_supplicant: wpa_driver_wext_driver_cmd LinkSpeed 11 len = 12, 12
07-01 03:27:58.582   364   364 D wpa_supplicant: wpa_driver_wext_driver_cmd RSSI len = 248
07-01 03:27:58.593   364   364 D wpa_supplicant: wpa_driver_wext_driver_cmd mj rssi -91  len = 12, 12
07-01 03:27:58.593   364   364 D wpa_supplicant: wpa_driver_wext_driver_cmd LINKSPEED len = 248
07-01 03:27:58.601   364   364 D wpa_supplicant: wpa_driver_wext_driver_cmd LinkSpeed 11 len = 12, 12
07-01 03:27:59.062  3012  3012 D OpenGLRenderer: Flushing caches (mode 2)
07-01 03:27:59.062  3012  3012 D OpenGLRenderer: Flushing caches (mode 0)
07-01 03:27:59.066  3351  3351 D OpenGLRenderer: Flushing caches (mode 1)
07-01 03:27:59.761   364   364 D wpa_supplicant: RTM_NEWLINK: operstate=1 ifi_flags=0x11043 ([UP][RUNNING][LOWER_UP])
07-01 03:27:59.761   364   364 D wpa_supplicant: RTM_NEWLINK, IFLA_IFNAME: Interface 'wlan0' added
07-01 03:27:59.761   364   364 D wpa_supplicant: Wireless event: cmd=0x8c00 len=20
07-01 03:27:59.804   364   364 D wpa_supplicant: RTM_NEWLINK: operstate=1 ifi_flags=0x11043 ([UP][RUNNING][LOWER_UP])
07-01 03:27:59.804   364   364 D wpa_supplicant: RTM_NEWLINK, IFLA_IFNAME: Interface 'wlan0' added
07-01 03:27:59.804   364   364 D wpa_supplicant: Wireless event: cmd=0x8c00 len=20
07-01 03:27:59.871   364   364 D wpa_supplicant: RTM_NEWLINK: operstate=1 ifi_flags=0x11043 ([UP][RUNNING][LOWER_UP])
07-01 03:27:59.871   364   364 D wpa_supplicant: RTM_NEWLINK, IFLA_IFNAME: Interface 'wlan0' added
07-01 03:27:59.871   364   364 D wpa_supplicant: Wireless event: cmd=0x8c00 len=20
07-01 03:27:59.929   364   364 D wpa_supplicant: RTM_NEWLINK: operstate=1 ifi_flags=0x11043 ([UP][RUNNING][LOWER_UP])
07-01 03:27:59.929   364   364 D wpa_supplicant: RTM_NEWLINK, IFLA_IFNAME: Interface 'wlan0' added
07-01 03:27:59.929   364   364 D wpa_supplicant: Wireless event: cmd=0x8c00 len=20
07-01 03:27:59.984   364   364 D wpa_supplicant: RTM_NEWLINK: operstate=1 ifi_flags=0x11043 ([UP][RUNNING][LOWER_UP])
07-01 03:27:59.984   364   364 D wpa_supplicant: RTM_NEWLINK, IFLA_IFNAME: Interface 'wlan0' added
07-01 03:27:59.984   364   364 D wpa_supplicant: Wireless event: cmd=0x8c00 len=20
07-01 03:28:00.672  3512  3519 I dalvikvm: Jit: resizing JitTable from 4096 to 8192
07-01 03:28:00.746  3620  3620 D MediaScannerReceiver: action: android.intent.action.MEDIA_SCANNER_SCAN_FILE path: /mnt/sdcard/WhatsApp/Media/WhatsApp Images/IMG-20120701-WA0002.jpg
07-01 03:28:01.031    81   121 D AudioHardware: AudioHardware pcm playback is exiting standby.
07-01 03:28:01.031    81   121 D AudioHardware: openPcmOut_l() mPcmOpenCnt: 0
07-01 03:28:01.613   364   364 D wpa_supplicant: wpa_driver_wext_driver_cmd RSSI len = 248
07-01 03:28:01.625   364   364 D wpa_supplicant: wpa_driver_wext_driver_cmd mj rssi -89  len = 12, 12
07-01 03:28:01.625   364   364 D wpa_supplicant: wpa_driver_wext_driver_cmd LINKSPEED len = 248
07-01 03:28:01.625   364   364 D wpa_supplicant: wpa_driver_wext_driver_cmd LinkSpeed 5 len = 11, 11
07-01 03:28:04.375    81   121 D AudioHardware: AudioHardware pcm playback is going to standby.
07-01 03:28:04.375    81   121 D AudioHardware: closePcmOut_l() mPcmOpenCnt: 1
07-01 03:28:04.640   364   364 D wpa_supplicant: wpa_driver_wext_driver_cmd RSSI len = 248
07-01 03:28:04.648   364   364 D wpa_supplicant: wpa_driver_wext_driver_cmd mj rssi -83  len = 12, 12
07-01 03:28:04.652   364   364 D wpa_supplicant: wpa_driver_wext_driver_cmd LINKSPEED len = 248
07-01 03:28:04.652   364   364 D wpa_supplicant: wpa_driver_wext_driver_cmd LinkSpeed 5 len = 11, 11
07-01 03:28:07.664   364   364 D wpa_supplicant: wpa_driver_wext_driver_cmd RSSI len = 248
07-01 03:28:07.664   364   364 D wpa_supplicant: wpa_driver_wext_driver_cmd mj rssi -85  len = 12, 12
07-01 03:28:07.664   364   364 D wpa_supplicant: wpa_driver_wext_driver_cmd LINKSPEED len = 248
07-01 03:28:07.668   364   364 D wpa_supplicant: wpa_driver_wext_driver_cmd LinkSpeed 5 len = 11, 11
07-01 03:28:09.070  3512  3541 D dalvikvm: GC_EXPLICIT freed 716K, 30% free 13121K/18567K, paused 4ms+6ms
07-01 03:28:09.242   151   582 D dalvikvm: GC_EXPLICIT freed 351K, 30% free 17128K/24391K, paused 3ms+8ms
07-01 03:28:09.359   398   398 D dalvikvm: GC_FOR_ALLOC freed 443K, 60% free 10144K/25287K, paused 18ms
07-01 03:28:09.457   398   400 D dalvikvm: GC_CONCURRENT freed 365K, 60% free 10272K/25287K, paused 4ms+4ms
07-01 03:28:09.656   398   400 D dalvikvm: GC_CONCURRENT freed 370K, 60% free 10303K/25287K, paused 3ms+4ms
07-01 03:28:09.797   151   167 D dalvikvm: GC_EXPLICIT freed 37K, 30% free 17102K/24391K, paused 9ms+11ms
07-01 03:28:10.449  3512  3650 W AsyncPlayer: Notification sound delayed by 1199msecs
07-01 03:28:10.461    81   121 D AudioHardware: AudioHardware pcm playback is exiting standby.
07-01 03:28:10.461    81   121 D AudioHardware: openPcmOut_l() mPcmOpenCnt: 0
07-01 03:28:10.672   364   364 D wpa_supplicant: wpa_driver_wext_driver_cmd RSSI len = 248
07-01 03:28:10.679   364   364 D wpa_supplicant: wpa_driver_wext_driver_cmd mj rssi -81  len = 12, 12
07-01 03:28:10.679   364   364 D wpa_supplicant: wpa_driver_wext_driver_cmd LINKSPEED len = 248
07-01 03:28:10.679   364   364 D wpa_supplicant: wpa_driver_wext_driver_cmd LinkSpeed 5 len = 11, 11
07-01 03:28:13.687   364   364 D wpa_supplicant: wpa_driver_wext_driver_cmd RSSI len = 248
07-01 03:28:13.695   364   364 D wpa_supplicant: wpa_driver_wext_driver_cmd mj rssi -85  len = 12, 12
07-01 03:28:13.695   364   364 D wpa_supplicant: wpa_driver_wext_driver_cmd LINKSPEED len = 248
07-01 03:28:13.699   364   364 D wpa_supplicant: wpa_driver_wext_driver_cmd LinkSpeed 5 len = 11, 11
07-01 03:28:13.789   398   398 V PhoneStatusBar: setLightsOn(true)
07-01 03:28:14.004  3351  3351 D OpenGLRenderer: Flushing caches (mode 1)
07-01 03:28:14.035   151   199 I ActivityManager: Displayed com.whatsapp/.Conversations: +441ms
07-01 03:28:14.226 32273 32326 D dalvikvm: GC_EXPLICIT freed 337K, 8% free 9459K/10183K, paused 2ms+3ms
07-01 03:28:15.086   151   570 I ActivityManager: START {flg=0x14000000 cmp=com.whatsapp/.Conversation (has extras)} from pid 3512
07-01 03:28:15.113    81   121 D AudioHardware: AudioHardware pcm playback is going to standby.
07-01 03:28:15.113    81   121 D AudioHardware: closePcmOut_l() mPcmOpenCnt: 1
07-01 03:28:15.359   398   400 D dalvikvm: GC_CONCURRENT freed 511K, 60% free 10222K/25287K, paused 2ms+8ms
07-01 03:28:15.500   398   400 D dalvikvm: GC_CONCURRENT freed 563K, 61% free 10088K/25287K, paused 2ms+8ms
07-01 03:28:15.566   398   398 V PhoneStatusBar: setLightsOn(true)
07-01 03:28:15.613  3512  3514 D dalvikvm: GC_CONCURRENT freed 1027K, 28% free 13393K/18567K, paused 6ms+9ms
07-01 03:28:15.656   151   167 I Process : Sending signal. PID: 3512 SIG: 3
07-01 03:28:15.656  3512  3517 I dalvikvm: threadid=3: reacting to signal 3
07-01 03:28:15.668  3512  3517 I dalvikvm: Wrote stack traces to '/data/anr/traces.txt'
07-01 03:28:15.847   151   199 I ActivityManager: Displayed com.whatsapp/.Conversation: +704ms
07-01 03:28:16.703   364   364 D wpa_supplicant: wpa_driver_wext_driver_cmd RSSI len = 248
07-01 03:28:16.703   364   364 D wpa_supplicant: wpa_driver_wext_driver_cmd mj rssi -90  len = 12, 12
07-01 03:28:16.703   364   364 D wpa_supplicant: wpa_driver_wext_driver_cmd LINKSPEED len = 248
07-01 03:28:16.707   364   364 D wpa_supplicant: wpa_driver_wext_driver_cmd LinkSpeed 5 len = 11, 11
07-01 03:28:17.011  7711  7713 D dalvikvm: GC_CONCURRENT freed 1502K, 19% free 12641K/15559K, paused 7ms+23ms
07-01 03:28:17.226   398   400 D dalvikvm: GC_CONCURRENT freed 394K, 60% free 10195K/25287K, paused 4ms+4ms
07-01 03:28:17.715   364   364 D wpa_supplicant: RTM_NEWLINK: operstate=1 ifi_flags=0x11043 ([UP][RUNNING][LOWER_UP])
07-01 03:28:17.715   364   364 D wpa_supplicant: RTM_NEWLINK, IFLA_IFNAME: Interface 'wlan0' added
07-01 03:28:17.715   364   364 D wpa_supplicant: Wireless event: cmd=0x8c00 len=20
07-01 03:28:18.023   364   364 D wpa_supplicant: RTM_NEWLINK: operstate=1 ifi_flags=0x11043 ([UP][RUNNING][LOWER_UP])
07-01 03:28:18.023   364   364 D wpa_supplicant: RTM_NEWLINK, IFLA_IFNAME: Interface 'wlan0' added
07-01 03:28:18.023   364   364 D wpa_supplicant: Wireless event: cmd=0x8c00 len=20
07-01 03:28:18.047   364   364 D wpa_supplicant: RTM_NEWLINK: operstate=1 ifi_flags=0x11043 ([UP][RUNNING][LOWER_UP])
07-01 03:28:18.047   364   364 D wpa_supplicant: RTM_NEWLINK, IFLA_IFNAME: Interface 'wlan0' added
07-01 03:28:18.047   364   364 D wpa_supplicant: Wireless event: cmd=0x8c00 len=20
07-01 03:28:18.851   364   364 D wpa_supplicant: RTM_NEWLINK: operstate=1 ifi_flags=0x11043 ([UP][RUNNING][LOWER_UP])
07-01 03:28:18.851   364   364 D wpa_supplicant: RTM_NEWLINK, IFLA_IFNAME: Interface 'wlan0' added
07-01 03:28:18.851   364   364 D wpa_supplicant: Wireless event: cmd=0x8c00 len=20
07-01 03:28:19.711   364   364 D wpa_supplicant: wpa_driver_wext_driver_cmd RSSI len = 248
07-01 03:28:19.718   364   364 D wpa_supplicant: wpa_driver_wext_driver_cmd mj rssi -89  len = 12, 12
07-01 03:28:19.718   364   364 D wpa_supplicant: wpa_driver_wext_driver_cmd LINKSPEED len = 248
07-01 03:28:19.718   364   364 D wpa_supplicant: wpa_driver_wext_driver_cmd LinkSpeed 11 len = 12, 12
07-01 03:28:19.828   364   364 D wpa_supplicant: RTM_NEWLINK: operstate=1 ifi_flags=0x11043 ([UP][RUNNING][LOWER_UP])
07-01 03:28:19.828   364   364 D wpa_supplicant: RTM_NEWLINK, IFLA_IFNAME: Interface 'wlan0' added
07-01 03:28:19.828   364   364 D wpa_supplicant: Wireless event: cmd=0x8c00 len=20
07-01 03:28:19.894   364   364 D wpa_supplicant: RTM_NEWLINK: operstate=1 ifi_flags=0x11043 ([UP][RUNNING][LOWER_UP])
07-01 03:28:19.894   364   364 D wpa_supplicant: RTM_NEWLINK, IFLA_IFNAME: Interface 'wlan0' added
07-01 03:28:19.894   364   364 D wpa_supplicant: Wireless event: cmd=0x8c00 len=20
07-01 03:28:20.543  3111  3114 D dalvikvm: GC_CONCURRENT freed 452K, 6% free 9601K/10183K, paused 13ms+2ms
07-01 03:28:21.797   466   466 D dalvikvm: GC_EXPLICIT freed 595K, 13% free 12274K/13959K, paused 3ms+4ms
07-01 03:28:22.683   364   364 D wpa_supplicant: RTM_NEWLINK: operstate=1 ifi_flags=0x11043 ([UP][RUNNING][LOWER_UP])
07-01 03:28:22.683   364   364 D wpa_supplicant: RTM_NEWLINK, IFLA_IFNAME: Interface 'wlan0' added
07-01 03:28:22.683   364   364 D wpa_supplicant: Wireless event: cmd=0x8c00 len=20
07-01 03:28:22.722   364   364 D wpa_supplicant: wpa_driver_wext_driver_cmd RSSI len = 248
07-01 03:28:22.722   364   364 D wpa_supplicant: wpa_driver_wext_driver_cmd mj rssi -90  len = 12, 12
07-01 03:28:22.722   364   364 D wpa_supplicant: wpa_driver_wext_driver_cmd LINKSPEED len = 248
07-01 03:28:22.722   364   364 D wpa_supplicant: wpa_driver_wext_driver_cmd LinkSpeed 11 len = 12, 12
07-01 03:28:25.726   364   364 D wpa_supplicant: wpa_driver_wext_driver_cmd RSSI len = 248
07-01 03:28:25.742   364   364 D wpa_supplicant: wpa_driver_wext_driver_cmd mj rssi -88  len = 12, 12
07-01 03:28:25.742   364   364 D wpa_supplicant: wpa_driver_wext_driver_cmd LINKSPEED len = 248
07-01 03:28:25.746   364   364 D wpa_supplicant: wpa_driver_wext_driver_cmd LinkSpeed 11 len = 12, 12
07-01 03:28:26.738   641   641 D dalvikvm: GC_EXPLICIT freed 68K, 4% free 9038K/9347K, paused 2ms+2ms
07-01 03:28:26.988   364   364 D wpa_supplicant: RTM_NEWLINK: operstate=1 ifi_flags=0x11043 ([UP][RUNNING][LOWER_UP])
07-01 03:28:26.988   364   364 D wpa_supplicant: RTM_NEWLINK, IFLA_IFNAME: Interface 'wlan0' added
07-01 03:28:26.988   364   364 D wpa_supplicant: Wireless event: cmd=0x8c00 len=20
07-01 03:28:27.476    81   121 D AudioHardware: AudioHardware pcm playback is exiting standby.
07-01 03:28:27.476    81   121 D AudioHardware: openPcmOut_l() mPcmOpenCnt: 0
07-01 03:28:28.758   364   364 D wpa_supplicant: wpa_driver_wext_driver_cmd RSSI len = 248
07-01 03:28:28.765   364   364 D wpa_supplicant: wpa_driver_wext_driver_cmd mj rssi -89  len = 12, 12
07-01 03:28:28.765   364   364 D wpa_supplicant: wpa_driver_wext_driver_cmd LINKSPEED len = 248
07-01 03:28:28.773   364   364 D wpa_supplicant: wpa_driver_wext_driver_cmd LinkSpeed 11 len = 12, 12
07-01 03:28:29.004  3351  3351 D OpenGLRenderer: Flushing caches (mode 1)
07-01 03:28:30.066   364   364 D wpa_supplicant: RTM_NEWLINK: operstate=1 ifi_flags=0x11043 ([UP][RUNNING][LOWER_UP])
07-01 03:28:30.066   364   364 D wpa_supplicant: RTM_NEWLINK, IFLA_IFNAME: Interface 'wlan0' added
07-01 03:28:30.066   364   364 D wpa_supplicant: Wireless event: cmd=0x8c00 len=20
07-01 03:28:30.183   364   364 D wpa_supplicant: RTM_NEWLINK: operstate=1 ifi_flags=0x11043 ([UP][RUNNING][LOWER_UP])
07-01 03:28:30.183   364   364 D wpa_supplicant: RTM_NEWLINK, IFLA_IFNAME: Interface 'wlan0' added
07-01 03:28:30.183   364   364 D wpa_supplicant: Wireless event: cmd=0x8c00 len=20
07-01 03:28:30.285   364   364 D wpa_supplicant: RTM_NEWLINK: operstate=1 ifi_flags=0x11043 ([UP][RUNNING][LOWER_UP])
07-01 03:28:30.285   364   364 D wpa_supplicant: RTM_NEWLINK, IFLA_IFNAME: Interface 'wlan0' added
07-01 03:28:30.285   364   364 D wpa_supplicant: Wireless event: cmd=0x8c00 len=20
07-01 03:28:30.386   364   364 D wpa_supplicant: RTM_NEWLINK: operstate=1 ifi_flags=0x11043 ([UP][RUNNING][LOWER_UP])
07-01 03:28:30.386   364   364 D wpa_supplicant: RTM_NEWLINK, IFLA_IFNAME: Interface 'wlan0' added
07-01 03:28:30.386   364   364 D wpa_supplicant: Wireless event: cmd=0x8c00 len=20
07-01 03:28:30.547   364   364 D wpa_supplicant: RTM_NEWLINK: operstate=1 ifi_flags=0x11043 ([UP][RUNNING][LOWER_UP])
07-01 03:28:30.547   364   364 D wpa_supplicant: RTM_NEWLINK, IFLA_IFNAME: Interface 'wlan0' added
07-01 03:28:30.547   364   364 D wpa_supplicant: Wireless event: cmd=0x8c00 len=20
07-01 03:28:30.593   364   364 D wpa_supplicant: RTM_NEWLINK: operstate=1 ifi_flags=0x11043 ([UP][RUNNING][LOWER_UP])
07-01 03:28:30.593   364   364 D wpa_supplicant: RTM_NEWLINK, IFLA_IFNAME: Interface 'wlan0' added
07-01 03:28:30.593   364   364 D wpa_supplicant: Wireless event: cmd=0x8c00 len=20
07-01 03:28:30.687   364   364 D wpa_supplicant: RTM_NEWLINK: operstate=1 ifi_flags=0x11043 ([UP][RUNNING][LOWER_UP])
07-01 03:28:30.687   364   364 D wpa_supplicant: RTM_NEWLINK, IFLA_IFNAME: Interface 'wlan0' added
07-01 03:28:30.687   364   364 D wpa_supplicant: Wireless event: cmd=0x8c00 len=20
07-01 03:28:30.800   364   364 D wpa_supplicant: RTM_NEWLINK: operstate=1 ifi_flags=0x11043 ([UP][RUNNING][LOWER_UP])
07-01 03:28:30.800   364   364 D wpa_supplicant: RTM_NEWLINK, IFLA_IFNAME: Interface 'wlan0' added
07-01 03:28:30.800   364   364 D wpa_supplicant: Wireless event: cmd=0x8c00 len=20
07-01 03:28:30.824    81   121 D AudioHardware: AudioHardware pcm playback is going to standby.
07-01 03:28:30.824    81   121 D AudioHardware: closePcmOut_l() mPcmOpenCnt: 1
07-01 03:28:30.906   364   364 D wpa_supplicant: RTM_NEWLINK: operstate=1 ifi_flags=0x11043 ([UP][RUNNING][LOWER_UP])
07-01 03:28:30.906   364   364 D wpa_supplicant: RTM_NEWLINK, IFLA_IFNAME: Interface 'wlan0' added
07-01 03:28:30.906   364   364 D wpa_supplicant: Wireless event: cmd=0x8c00 len=20
07-01 03:28:31.148   364   364 D wpa_supplicant: RTM_NEWLINK: operstate=1 ifi_flags=0x11043 ([UP][RUNNING][LOWER_UP])
07-01 03:28:31.148   364   364 D wpa_supplicant: RTM_NEWLINK, IFLA_IFNAME: Interface 'wlan0' added
07-01 03:28:31.148   364   364 D wpa_supplicant: Wireless event: cmd=0x8c00 len=20
07-01 03:28:31.242   364   364 D wpa_supplicant: RTM_NEWLINK: operstate=1 ifi_flags=0x11043 ([UP][RUNNING][LOWER_UP])
07-01 03:28:31.242   364   364 D wpa_supplicant: RTM_NEWLINK, IFLA_IFNAME: Interface 'wlan0' added
07-01 03:28:31.242   364   364 D wpa_supplicant: Wireless event: cmd=0x8c00 len=20
07-01 03:28:31.289   364   364 D wpa_supplicant: RTM_NEWLINK: operstate=1 ifi_flags=0x11043 ([UP][RUNNING][LOWER_UP])
07-01 03:28:31.289   364   364 D wpa_supplicant: RTM_NEWLINK, IFLA_IFNAME: Interface 'wlan0' added
07-01 03:28:31.289   364   364 D wpa_supplicant: Wireless event: cmd=0x8c00 len=20
07-01 03:28:31.500   364   364 D wpa_supplicant: RTM_NEWLINK: operstate=1 ifi_flags=0x11043 ([UP][RUNNING][LOWER_UP])
07-01 03:28:31.500   364   364 D wpa_supplicant: RTM_NEWLINK, IFLA_IFNAME: Interface 'wlan0' added
07-01 03:28:31.500   364   364 D wpa_supplicant: Wireless event: cmd=0x8c00 len=20
07-01 03:28:31.781   364   364 D wpa_supplicant: wpa_driver_wext_driver_cmd RSSI len = 248
07-01 03:28:31.781   364   364 D wpa_supplicant: wpa_driver_wext_driver_cmd mj rssi -89  len = 12, 12
07-01 03:28:31.781   364   364 D wpa_supplicant: wpa_driver_wext_driver_cmd LINKSPEED len = 248
07-01 03:28:31.789   364   364 D wpa_supplicant: wpa_driver_wext_driver_cmd LinkSpeed 11 len = 12, 12
07-01 03:28:33.211  7711  7711 W Suggest : String pool got too big: 19
07-01 03:28:34.070   398   398 D dalvikvm: GC_EXPLICIT freed 183K, 60% free 10230K/25287K, paused 7ms+10ms
07-01 03:28:34.793   364   364 D wpa_supplicant: wpa_driver_wext_driver_cmd RSSI len = 248
07-01 03:28:34.800   364   364 D wpa_supplicant: wpa_driver_wext_driver_cmd mj rssi -89  len = 12, 12
07-01 03:28:34.800   364   364 D wpa_supplicant: wpa_driver_wext_driver_cmd LINKSPEED len = 248
07-01 03:28:34.800   364   364 D wpa_supplicant: wpa_driver_wext_driver_cmd LinkSpeed 11 len = 12, 12
07-01 03:28:35.226  7711  7711 W Suggest : String pool got too big: 19
07-01 03:28:37.804   364   364 D wpa_supplicant: wpa_driver_wext_driver_cmd RSSI len = 248
07-01 03:28:37.812   364   364 D wpa_supplicant: wpa_driver_wext_driver_cmd mj rssi -89  len = 12, 12
07-01 03:28:37.812   364   364 D wpa_supplicant: wpa_driver_wext_driver_cmd LINKSPEED len = 248
07-01 03:28:37.812   364   364 D wpa_supplicant: wpa_driver_wext_driver_cmd LinkSpeed 1 len = 11, 11
07-01 03:28:39.082  7711  7711 D dalvikvm: GC_EXPLICIT freed 625K, 17% free 12953K/15559K, paused 2ms+3ms
07-01 03:28:39.687   364   364 D wpa_supplicant: RTM_NEWLINK: operstate=1 ifi_flags=0x11043 ([UP][RUNNING][LOWER_UP])
07-01 03:28:39.687   364   364 D wpa_supplicant: RTM_NEWLINK, IFLA_IFNAME: Interface 'wlan0' added
07-01 03:28:39.687   364   364 D wpa_supplicant: Wireless event: cmd=0x8c00 len=20
07-01 03:28:39.718    81   121 D AudioHardware: AudioHardware pcm playback is exiting standby.
07-01 03:28:39.718    81   121 D AudioHardware: openPcmOut_l() mPcmOpenCnt: 0
07-01 03:28:40.816   364   364 D wpa_supplicant: wpa_driver_wext_driver_cmd RSSI len = 248
07-01 03:28:40.824   364   364 D wpa_supplicant: wpa_driver_wext_driver_cmd mj rssi -88  len = 12, 12
07-01 03:28:40.824   364   364 D wpa_supplicant: wpa_driver_wext_driver_cmd LINKSPEED len = 248
07-01 03:28:40.828   364   364 D wpa_supplicant: wpa_driver_wext_driver_cmd LinkSpeed 1 len = 11, 11
07-01 03:28:43.066    81   121 D AudioHardware: AudioHardware pcm playback is going to standby.
07-01 03:28:43.066    81   121 D AudioHardware: closePcmOut_l() mPcmOpenCnt: 1
07-01 03:28:43.836   364   364 D wpa_supplicant: wpa_driver_wext_driver_cmd RSSI len = 248
07-01 03:28:43.847   364   364 D wpa_supplicant: wpa_driver_wext_driver_cmd mj rssi -77  len = 12, 12
07-01 03:28:43.847   364   364 D wpa_supplicant: wpa_driver_wext_driver_cmd LINKSPEED len = 248
07-01 03:28:43.855   364   364 D wpa_supplicant: wpa_driver_wext_driver_cmd LinkSpeed 1 len = 11, 11
07-01 03:28:43.984  3351  3351 D OpenGLRenderer: Flushing caches (mode 1)
07-01 03:28:46.886   364   364 D wpa_supplicant: wpa_driver_wext_driver_cmd RSSI len = 248
07-01 03:28:46.898   364   364 D wpa_supplicant: wpa_driver_wext_driver_cmd mj rssi -80  len = 12, 12
07-01 03:28:46.898   364   364 D wpa_supplicant: wpa_driver_wext_driver_cmd LINKSPEED len = 248
07-01 03:28:46.902   364   364 D wpa_supplicant: wpa_driver_wext_driver_cmd LinkSpeed 1 len = 11, 11
07-01 03:28:49.914   364   364 D wpa_supplicant: wpa_driver_wext_driver_cmd RSSI len = 248
07-01 03:28:49.922   364   364 D wpa_supplicant: wpa_driver_wext_driver_cmd mj rssi -80  len = 12, 12
07-01 03:28:49.922   364   364 D wpa_supplicant: wpa_driver_wext_driver_cmd LINKSPEED len = 248
07-01 03:28:49.929   364   364 D wpa_supplicant: wpa_driver_wext_driver_cmd LinkSpeed 1 len = 11, 11
07-01 03:28:50.906   398   400 D dalvikvm: GC_CONCURRENT freed 637K, 61% free 10047K/25287K, paused 2ms+6ms
07-01 03:28:50.980   364   364 D wpa_supplicant: RTM_NEWLINK: operstate=1 ifi_flags=0x11043 ([UP][RUNNING][LOWER_UP])
07-01 03:28:50.980   364   364 D wpa_supplicant: RTM_NEWLINK, IFLA_IFNAME: Interface 'wlan0' added
07-01 03:28:50.980   364   364 D wpa_supplicant: Wireless event: cmd=0x8c00 len=20
07-01 03:28:51.734   398   398 V PhoneStatusBar: setLightsOn(true)
07-01 03:28:52.769   151   546 I ActivityManager: START {flg=0x14000000 cmp=com.whatsapp/.Conversation (has extras)} from pid 3512
07-01 03:28:52.937   364   364 D wpa_supplicant: wpa_driver_wext_driver_cmd RSSI len = 248
07-01 03:28:52.945  3512  3514 D dalvikvm: GC_CONCURRENT freed 1673K, 30% free 13176K/18567K, paused 3ms+8ms
07-01 03:28:52.945   364   364 D wpa_supplicant: wpa_driver_wext_driver_cmd mj rssi -89  len = 12, 12
07-01 03:28:52.945   364   364 D wpa_supplicant: wpa_driver_wext_driver_cmd LINKSPEED len = 248
07-01 03:28:52.945   364   364 D wpa_supplicant: wpa_driver_wext_driver_cmd LinkSpeed 1 len = 11, 11
07-01 03:28:53.078   364   364 D wpa_supplicant: RTM_NEWLINK: operstate=1 ifi_flags=0x11043 ([UP][RUNNING][LOWER_UP])
07-01 03:28:53.078   364   364 D wpa_supplicant: RTM_NEWLINK, IFLA_IFNAME: Interface 'wlan0' added
07-01 03:28:53.078   364   364 D wpa_supplicant: Wireless event: cmd=0x8c00 len=20
07-01 03:28:53.093   398   398 V PhoneStatusBar: setLightsOn(true)
07-01 03:28:53.129   364   364 D wpa_supplicant: RTM_NEWLINK: operstate=1 ifi_flags=0x11043 ([UP][RUNNING][LOWER_UP])
07-01 03:28:53.129   364   364 D wpa_supplicant: RTM_NEWLINK, IFLA_IFNAME: Interface 'wlan0' added
07-01 03:28:53.129   364   364 D wpa_supplicant: Wireless event: cmd=0x8c00 len=20
07-01 03:28:53.297   364   364 D wpa_supplicant: RTM_NEWLINK: operstate=1 ifi_flags=0x11043 ([UP][RUNNING][LOWER_UP])
07-01 03:28:53.297   364   364 D wpa_supplicant: RTM_NEWLINK, IFLA_IFNAME: Interface 'wlan0' added
07-01 03:28:53.297   364   364 D wpa_supplicant: Wireless event: cmd=0x8c00 len=20
07-01 03:28:53.312   151   167 I Process : Sending signal. PID: 3512 SIG: 3
07-01 03:28:53.312  3512  3517 I dalvikvm: threadid=3: reacting to signal 3
07-01 03:28:53.332  3512  3517 I dalvikvm: Wrote stack traces to '/data/anr/traces.txt'
07-01 03:28:53.336   151   199 I ActivityManager: Displayed com.whatsapp/.Conversation: +528ms
07-01 03:28:53.398   364   364 D wpa_supplicant: RTM_NEWLINK: operstate=1 ifi_flags=0x11043 ([UP][RUNNING][LOWER_UP])
07-01 03:28:53.398   364   364 D wpa_supplicant: RTM_NEWLINK, IFLA_IFNAME: Interface 'wlan0' added
07-01 03:28:53.398   364   364 D wpa_supplicant: Wireless event: cmd=0x8c00 len=20
07-01 03:28:53.433   364   364 D wpa_supplicant: RTM_NEWLINK: operstate=1 ifi_flags=0x11043 ([UP][RUNNING][LOWER_UP])
07-01 03:28:53.433   364   364 D wpa_supplicant: RTM_NEWLINK, IFLA_IFNAME: Interface 'wlan0' added
07-01 03:28:53.433   364   364 D wpa_supplicant: Wireless event: cmd=0x8c00 len=20
07-01 03:28:53.590   364   364 D wpa_supplicant: RTM_NEWLINK: operstate=1 ifi_flags=0x11043 ([UP][RUNNING][LOWER_UP])
07-01 03:28:53.590   364   364 D wpa_supplicant: RTM_NEWLINK, IFLA_IFNAME: Interface 'wlan0' added
07-01 03:28:53.590   364   364 D wpa_supplicant: Wireless event: cmd=0x8c00 len=20
07-01 03:28:54.000   364   364 D wpa_supplicant: RTM_NEWLINK: operstate=1 ifi_flags=0x11043 ([UP][RUNNING][LOWER_UP])
07-01 03:28:54.000   364   364 D wpa_supplicant: RTM_NEWLINK, IFLA_IFNAME: Interface 'wlan0' added
07-01 03:28:54.000   364   364 D wpa_supplicant: Wireless event: cmd=0x8c00 len=20
07-01 03:28:54.031   364   364 D wpa_supplicant: RTM_NEWLINK: operstate=1 ifi_flags=0x11043 ([UP][RUNNING][LOWER_UP])
07-01 03:28:54.031   364   364 D wpa_supplicant: RTM_NEWLINK, IFLA_IFNAME: Interface 'wlan0' added
07-01 03:28:54.031   364   364 D wpa_supplicant: Wireless event: cmd=0x8c00 len=20
07-01 03:28:54.207   364   364 D wpa_supplicant: RTM_NEWLINK: operstate=1 ifi_flags=0x11043 ([UP][RUNNING][LOWER_UP])
07-01 03:28:54.207   364   364 D wpa_supplicant: RTM_NEWLINK, IFLA_IFNAME: Interface 'wlan0' added
07-01 03:28:54.207   364   364 D wpa_supplicant: Wireless event: cmd=0x8c00 len=20
07-01 03:28:54.457   364   364 D wpa_supplicant: RTM_NEWLINK: operstate=1 ifi_flags=0x11043 ([UP][RUNNING][LOWER_UP])
07-01 03:28:54.457   364   364 D wpa_supplicant: RTM_NEWLINK, IFLA_IFNAME: Interface 'wlan0' added
07-01 03:28:54.457   364   364 D wpa_supplicant: Wireless event: cmd=0x8c00 len=20
07-01 03:28:55.953   364   364 D wpa_supplicant: wpa_driver_wext_driver_cmd RSSI len = 248
07-01 03:28:55.961   364   364 D wpa_supplicant: wpa_driver_wext_driver_cmd mj rssi -89  len = 12, 12
07-01 03:28:55.961   364   364 D wpa_supplicant: wpa_driver_wext_driver_cmd LINKSPEED len = 248
07-01 03:28:55.961   364   364 D wpa_supplicant: wpa_driver_wext_driver_cmd LinkSpeed 1 len = 11, 11
07-01 03:28:56.590   398   400 D dalvikvm: GC_CONCURRENT freed 318K, 60% free 10219K/25287K, paused 5ms+4ms
07-01 03:28:56.761   398   400 D dalvikvm: GC_CONCURRENT freed 433K, 60% free 10230K/25287K, paused 2ms+4ms
07-01 03:28:58.640 22615 22615 D dalvikvm: GC_EXPLICIT freed 2673K, 35% free 12074K/18503K, paused 24ms+3ms
07-01 03:28:58.972   364   364 D wpa_supplicant: wpa_driver_wext_driver_cmd RSSI len = 248
07-01 03:28:58.980   364   364 D wpa_supplicant: wpa_driver_wext_driver_cmd mj rssi -90  len = 12, 12
07-01 03:28:58.980   364   364 D wpa_supplicant: wpa_driver_wext_driver_cmd LINKSPEED len = 248
07-01 03:28:58.980   364   364 D wpa_supplicant: wpa_driver_wext_driver_cmd LinkSpeed 1 len = 11, 11
07-01 03:28:59.008  3351  3351 D OpenGLRenderer: Flushing caches (mode 1)
07-01 03:29:01.992   364   364 D wpa_supplicant: wpa_driver_wext_driver_cmd RSSI len = 248
07-01 03:29:02.000   364   364 D wpa_supplicant: wpa_driver_wext_driver_cmd mj rssi -89  len = 12, 12
07-01 03:29:02.000   364   364 D wpa_supplicant: wpa_driver_wext_driver_cmd LINKSPEED len = 248
07-01 03:29:02.004   364   364 D wpa_supplicant: wpa_driver_wext_driver_cmd LinkSpeed 1 len = 11, 11
07-01 03:29:05.008   364   364 D wpa_supplicant: wpa_driver_wext_driver_cmd RSSI len = 248
