07-03 17:18:48.416   594   594 I SetupWizard: SetupWizardActivity.onCreate() completed
07-03 17:18:48.416   594   594 I SetupWizard: onActivityResult(10001, 3)
07-03 17:18:48.416   594   594 I SetupWizard: onWelcomeScreenCompleted()
07-03 17:18:48.416   594   594 I SetupWizard: getSimState() == 5
07-03 17:18:48.416   594   594 V SetupWizard: otasp not needed, skipping activation
07-03 17:18:48.416   594   594 I SetupWizard: onActivationActivityCompleted(-1)
07-03 17:18:48.416   594   594 I SetupWizard: starting activity 10007
07-03 17:18:48.420   158   509 I ActivityManager: START {act=com.google.android.accounts.AccountIntro cmp=com.google.android.gsf.login/.AccountIntroActivity (has extras)} from pid 594
07-03 17:18:48.424   594   594 V NetworkMonitor: Intent { act=android.net.conn.CONNECTIVITY_CHANGE flg=0x10000010 (has extras) }
07-03 17:18:48.424   594   594 V NetworkMonitor: Network is UP, Checkin has NOT succeeded, GLS is NOT connected
07-03 17:18:48.424   594   594 V NetworkMonitor: GLS onServiceConnected
07-03 17:18:48.428   594   594 V NetworkMonitor: Network is UP, Checkin has NOT succeeded, GLS IS connected
07-03 17:18:48.428   594   594 V NetworkMonitor: Network is UP, Checkin has NOT succeeded, GLS IS connected
07-03 17:18:48.482   638   638 W GLSUser : GLS Activity without session
07-03 17:18:48.494   638   638 W GLSActivity: Accepting legacy allowSkip from intent
07-03 17:18:48.506   638   638 I GLSActivity: Starting account intro Intent { act=com.google.android.accounts.AccountIntro cmp=com.google.android.gsf.login/.AccountIntroActivity (has extras) }
07-03 17:18:48.506   158   601 I ActivityManager: START {cmp=com.google.android.gsf.login/.AccountIntroUIActivity (has extras)} from pid 638
07-03 17:18:48.541   158   578 W BackupManagerService: dataChanged but no participant pkg='com.android.providers.settings' uid=10012
07-03 17:18:48.568   638   641 D dalvikvm: GC_CONCURRENT freed 304K, 5% free 9188K/9607K, paused 3ms+2ms
07-03 17:18:48.580   638   638 D dalvikvm: GC_FOR_ALLOC freed 0K, 5% free 9188K/9607K, paused 14ms
07-03 17:18:48.580   638   638 I dalvikvm-heap: Grow heap (frag case) to 9.388MB for 364120-byte allocation
07-03 17:18:48.615   638   638 D dalvikvm: GC_FOR_ALLOC freed 0K, 5% free 9543K/9991K, paused 14ms
07-03 17:18:48.767   638   638 D libEGL  : loaded /system/lib/egl/libGLES_android.so
07-03 17:18:48.771   638   638 D libEGL  : loaded /vendor/lib/egl/libEGL_POWERVR_SGX540_120.so
07-03 17:18:48.779   638   638 D libEGL  : loaded /vendor/lib/egl/libGLESv1_CM_POWERVR_SGX540_120.so
07-03 17:18:48.783   638   638 D libEGL  : loaded /vendor/lib/egl/libGLESv2_POWERVR_SGX540_120.so
07-03 17:18:48.849   638   638 D OpenGLRenderer: Enabling debug mode 0
07-03 17:18:49.010   158   174 I Process : Sending signal. PID: 638 SIG: 3
07-03 17:18:49.014   638   643 I dalvikvm: threadid=3: reacting to signal 3
07-03 17:18:49.017   638   643 I dalvikvm: Wrote stack traces to '/data/anr/traces.txt'
07-03 17:18:49.045   158   207 I ActivityManager: Displayed com.google.android.gsf.login/.AccountIntroUIActivity: +536ms (total +6s140ms)
07-03 17:18:49.045   594   594 D OpenGLRenderer: Flushing caches (mode 0)
07-03 17:18:49.135   579   674 I ContactDirectoryManager: deleted 0 stale rows which don't have any relevant directory
07-03 17:18:49.189   579   674 I ContactDirectoryManager: Discovered 0 contact directories in 27ms
07-03 17:18:49.193   579   674 I ContactsProvider: Upgrading aggregation algorithm
07-03 17:18:49.271   594   594 V SetupWizard: SetupWizardActivity.onDestroy()
07-03 17:18:49.279   594   594 V NetworkMonitor: Stopped NetworkMonitor
07-03 17:18:49.295   594   594 D OpenGLRenderer: Flushing caches (mode 1)
07-03 17:18:49.338   579   674 I ContactsProvider: Aggregation algorithm upgraded for 0 contacts, in 5ms
07-03 17:18:49.377   579   674 I ContactsFTS: Rebuild contact search index in 17ms, 0 contacts
07-03 17:18:49.459   545   546 D dalvikvm: GC_CONCURRENT freed 347K, 5% free 9322K/9799K, paused 2ms+4ms
07-03 17:18:49.607    82   692 E MetadataRetrieverClient: failed to extract an album art
07-03 17:18:51.170   158   170 I ActivityManager: START {cmp=com.google.android.gsf.login/.WaitForDeviceCountryActivity (has extras)} from pid 638
07-03 17:18:51.189   594   594 D OpenGLRenderer: Flushing caches (mode 1)
07-03 17:18:51.349   158   161 D dalvikvm: GC_CONCURRENT freed 658K, 12% free 11648K/13191K, paused 2ms+7ms
07-03 17:18:51.404   158   207 I ActivityManager: Displayed com.google.android.gsf.login/.WaitForDeviceCountryActivity: +228ms
07-03 17:18:51.424   638   638 D OpenGLRenderer: Flushing caches (mode 0)
07-03 17:18:52.306   158   175 I ActivityManager: Start proc com.android.email for service com.android.email/.service.AccountService: pid=1286 uid=10013 gids={3003, 1015}
07-03 17:18:52.353  1286  1286 I ActivityThread: Pub com.android.email.provider;com.android.email.notifier: com.android.email.provider.EmailProvider
07-03 17:18:52.361  1286  1286 I ActivityThread: Pub com.android.email.attachmentprovider: com.android.email.provider.AttachmentProvider
07-03 17:18:52.416  1264  1278 D ExchangeService: Received deviceId from Email app: androidc1834965561
07-03 17:18:52.416  1264  1278 D ExchangeService: Reconciling accounts...
07-03 17:18:52.416   158   169 I ActivityManager: No longer want com.google.android.onetimeinitializer (pid 1048): hidden #16
07-03 17:18:52.439  1264  1303 D Eas Debug: Logging: 
07-03 17:18:52.443  1264  1264 D ExchangeService: !!! EAS ExchangeService, onStartCommand, startingUp = true, running = false
07-03 17:18:52.451  1264  1276 D Eas Debug: Logging: 
07-03 17:18:52.908  1064  1064 I PhoneLab-Locks: wake lock acquired
07-03 17:18:52.947  1064  1317 W PhoneLab-PeriodicCheckService: User info is not synched yet
07-03 17:18:52.971  1064  1064 I PhoneLab-RegistrationReceiver: C2DM Registration Receiver is fired
07-03 17:18:52.974  1064  1317 W PhoneLab-PeriodicCheckService: Logger Service is not running starting now...
07-03 17:18:52.990  1064  1317 I PhoneLab-Locks: wake lock acquired
07-03 17:18:52.994  1064  1317 I PhoneLab-PeriodicCheckService: Rescheduling periodic checking...
07-03 17:18:53.002  1064  1317 I PhoneLab-Locks: wake lock released
07-03 17:18:53.053  1064  1064 I PhoneLab-RegistrationReceiver: Shared Preferences Settings updated successfully
07-03 17:18:53.064  1064  1064 I PhoneLab-LoggerService: Start Logger Service
07-03 17:18:53.064  1064  1322 I PhoneLab-: Service Running
07-03 17:18:53.111  1064  1064 I PhoneLab-UploadLogs: Transfering log files now
07-03 17:18:53.119  1064  1064 I PhoneLab-UploadLogs: No log files to transfer
07-03 17:18:53.119  1064  1064 I PhoneLab-Locks: wake lock released
07-03 17:18:53.119  1064  1064 I PhoneLab-UploadLogs: OnStartCommand
07-03 17:18:53.119  1064  1064 I PhoneLab-Locks: wake lock acquired
07-03 17:18:53.131  1064  1064 I PhoneLab-StatusMonitor: Status Monitoring is started
07-03 17:18:53.150  1286  1288 D dalvikvm: GC_CONCURRENT freed 227K, 4% free 9245K/9607K, paused 8ms+53ms
07-03 17:18:53.158  1064  1322 I PhoneLab-LoggerService: Logcat pid from database -1
07-03 17:18:53.158  1064  1322 I PhoneLab-LoggerService: Logcat process not found, starting process
07-03 17:18:53.158  1064  1322 I System.out: /mnt/sdcard/.log/
07-03 17:18:53.162  1064  1064 E PhoneLab-PhoneLabManifest: java.io.FileNotFoundException: /data/data/edu.buffalo.cse.phonelab.phonelabservices/files/manifest.xml: open failed: ENOENT (No such file or directory)
07-03 17:18:53.174  1064  1064 I PhoneLab-Locks: wake lock released
07-03 17:18:53.260  1064  1067 D dalvikvm: GC_CONCURRENT freed 383K, 6% free 9120K/9607K, paused 2ms+9ms
07-03 17:18:53.318  1064  1322 I PhoneLab-LoggerService: app_36    1325  1064  744    372   c010c604 40010474 D logcat
07-03 17:18:53.353  1064  1322 I PhoneLab-LoggerService: PID to db1325
07-03 17:18:53.732   545   546 D dalvikvm: GC_CONCURRENT freed 453K, 6% free 9276K/9863K, paused 3ms+6ms
07-03 17:18:53.877   158   481 I ActivityManager: START {cmp=com.google.android.gsf.login/.CreateAccountActivity (has extras)} from pid 638
07-03 17:18:53.896   158   477 I ActivityManager: START {cmp=com.google.android.gsf.login/.NameActivity (has extras)} from pid 638
07-03 17:18:53.920   594   594 D OpenGLRenderer: Flushing caches (mode 1)
07-03 17:18:54.037   638   641 D dalvikvm: GC_CONCURRENT freed 144K, 3% free 9915K/10183K, paused 1ms+3ms
07-03 17:18:54.256   491   491 I RegisteredComponentCache: ComponentInfo: ResolveInfo{41363f28 com.android.apps.tag.TagViewer p=0 o=0 m=0x108000}, techs: android.nfc.tech.Ndef, 
07-03 17:18:54.264   158   174 D PackageManager: generateServicesMap(android.accounts.AccountAuthenticator): 3 services unchanged
07-03 17:18:54.291   491   491 I RegisteredComponentCache: ComponentInfo: ResolveInfo{413522a0 com.android.apps.tag.TagViewer p=0 o=0 m=0x108000}, techs: android.nfc.tech.Ndef, 
07-03 17:18:54.299  1079  1122 W Launcher.Model: Nobody to tell about the new app.  Launcher is probably loading.
07-03 17:18:54.365   491   491 I RegisteredComponentCache: ComponentInfo: ResolveInfo{4134e850 com.android.apps.tag.TagViewer p=0 o=0 m=0x108000}, techs: android.nfc.tech.Ndef, 
07-03 17:18:54.385   158   174 D PackageManager: generateServicesMap(android.content.SyncAdapter): 9 services unchanged
07-03 17:18:54.408  1079  1122 W Launcher.Model: Nobody to tell about the new app.  Launcher is probably loading.
07-03 17:18:54.420  1079  1082 D dalvikvm: GC_CONCURRENT freed 455K, 6% free 9246K/9799K, paused 2ms+17ms
07-03 17:18:54.556   158   207 I ActivityManager: Displayed com.google.android.gsf.login/.NameActivity: +657ms (total +677ms)
07-03 17:18:54.568   638   638 D OpenGLRenderer: Flushing caches (mode 0)
07-03 17:18:54.588   158   161 D dalvikvm: GC_CONCURRENT freed 559K, 11% free 11751K/13191K, paused 2ms+10ms
07-03 17:18:54.666  1079  1122 W Launcher.Model: Nobody to tell about the new app.  Launcher is probably loading.
07-03 17:18:54.701   158   174 D PackageManager: generateServicesMap(android.accounts.AccountAuthenticator): 3 services unchanged
07-03 17:18:54.713   158   174 D PackageManager: generateServicesMap(android.content.SyncAdapter): 9 services unchanged
07-03 17:18:54.740   457   460 D dalvikvm: GC_CONCURRENT freed 122K, 3% free 9708K/9927K, paused 2ms+5ms
07-03 17:18:54.744   158   165 I dalvikvm: Jit: resizing JitTable from 4096 to 8192
07-03 17:18:54.846   158   174 D PackageManager: generateServicesMap(android.accounts.AccountAuthenticator): 3 services unchanged
07-03 17:18:54.853   158   174 D PackageManager: generateServicesMap(android.content.SyncAdapter): 9 services unchanged
07-03 17:18:55.010  1125  1127 D dalvikvm: GC_CONCURRENT freed 412K, 6% free 9332K/9863K, paused 2ms+2ms
07-03 17:18:55.236   457   457 D dalvikvm: GC_FOR_ALLOC freed 222K, 4% free 9840K/10183K, paused 72ms
07-03 17:18:55.240   457   457 I dalvikvm-heap: Grow heap (frag case) to 10.225MB for 577936-byte allocation
07-03 17:18:55.303   457   460 D dalvikvm: GC_CONCURRENT freed 10K, 4% free 10394K/10759K, paused 2ms+3ms
07-03 17:18:55.342   393   393 D dalvikvm: GC_FOR_ALLOC freed 233K, 8% free 10108K/10887K, paused 64ms
07-03 17:18:55.627   393   395 D dalvikvm: GC_CONCURRENT freed 258K, 6% free 10274K/10887K, paused 9ms+5ms
07-03 17:18:55.713   158   161 D dalvikvm: GC_CONCURRENT freed 599K, 12% free 11728K/13191K, paused 4ms+4ms
07-03 17:18:55.795   579   581 D dalvikvm: GC_CONCURRENT freed 355K, 5% free 9505K/9991K, paused 1ms+5ms
07-03 17:18:55.810   664   667 D dalvikvm: GC_CONCURRENT freed 309K, 6% free 9518K/10055K, paused 3ms+3ms
07-03 17:18:56.369   664  1259 I CheckinTask: From server: 176 gservices
07-03 17:18:56.756   158   481 D dalvikvm: GC_EXPLICIT freed 235K, 12% free 11623K/13191K, paused 3ms+4ms
07-03 17:18:56.916    82   131 D AudioHardware: AudioHardware pcm playback is going to standby.
07-03 17:18:56.916    82   131 D AudioHardware: closePcmOut_l() mPcmOpenCnt: 1
07-03 17:18:57.201   664  1259 I GservicesProvider: main update completed
07-03 17:18:57.217   594   594 V NetworkMonitor: Intent { act=com.google.gservices.intent.action.GSERVICES_CHANGED flg=0x10 }
07-03 17:18:57.221   158   175 I ActivityManager: Start proc com.google.android.partnersetup for broadcast com.google.android.partnersetup/.GservicesChangedReceiver: pid=1339 uid=10020 gids={3003}
07-03 17:18:57.256  1339  1339 I ActivityThread: Pub com.google.android.partnersetup.rlzprovider: com.google.android.partnersetup.RlzProvider
07-03 17:18:57.260  1339  1339 I ActivityThread: Pub com.google.android.partnersetup.rlzappprovider: com.google.android.partnersetup.RlzAppProvider
07-03 17:18:57.385   664   667 D dalvikvm: GC_CONCURRENT freed 394K, 5% free 9652K/10119K, paused 2ms+3ms
07-03 17:18:57.420   158   477 I ActivityManager: Start proc com.google.android.voicesearch for broadcast com.google.android.voicesearch/.GservicesBroadcastReceiver: pid=1359 uid=10049 gids={3002, 3003, 1015}
07-03 17:18:57.463  1359  1359 I ActivityThread: Pub com.google.android.voicesearch: com.google.android.voicesearch.AudioProvider
07-03 17:18:57.478   594   594 V NetworkMonitor: Network is UP, Checkin HAS succeeded, GLS IS connected
07-03 17:18:57.494   594   594 V NetworkMonitor: Reporting network CONNECTED
07-03 17:18:57.545  1359  1359 I PersonalizationPrefManagerImpl: No google account found
07-03 17:18:57.576  1359  1361 D dalvikvm: GC_CONCURRENT freed 320K, 5% free 9221K/9607K, paused 1ms+2ms
07-03 17:18:57.611   158   602 I ActivityManager: No longer want com.android.launcher (pid 1079): hidden #16
07-03 17:18:57.631   664  1355 I SystemUpdateService: cancelUpdate (empty URL)
07-03 17:18:57.674   158   562 I ActivityManager: START {flg=0x10000000 cmp=com.google.android.gsf/.update.SystemUpdateInstallDialog} from pid 664
07-03 17:18:57.681  1359  1375 I VoiceImeLanguageUpdater: #internalUpdateLanguages #56
07-03 17:18:57.736   158   508 W InputManagerService: Window already focused, ignoring focus gain of: com.android.internal.view.IInputMethodClient$Stub$Proxy@414d13a8
07-03 17:18:57.760   158   158 I ActivityManager: START {flg=0x10000000 cmp=com.google.android.gsf/.update.SystemUpdateDownloadDialog} from pid 664
07-03 17:18:57.842   158   161 D dalvikvm: GC_CONCURRENT freed 456K, 11% free 11819K/13191K, paused 4ms+4ms
07-03 17:18:57.912   664   664 V SystemUpdateService: onPostExecute: false
07-03 17:18:58.447   158   174 I Process : Sending signal. PID: 638 SIG: 3
07-03 17:18:58.447   638   643 I dalvikvm: threadid=3: reacting to signal 3
07-03 17:18:58.486   638   643 I dalvikvm: Wrote stack traces to '/data/anr/traces.txt'
07-03 17:18:58.748   158   481 W ResourceType: Failure getting entry for 0x7f060000 (t=5 e=0) in package 0 (error -75)
07-03 17:18:58.928   158   602 W InputManagerService: Window already focused, ignoring focus gain of: com.android.internal.view.IInputMethodClient$Stub$Proxy@41679f60
07-03 17:18:58.967   158   174 I Process : Sending signal. PID: 638 SIG: 3
07-03 17:18:58.967   638   643 I dalvikvm: threadid=3: reacting to signal 3
07-03 17:18:58.982   638   643 I dalvikvm: Wrote stack traces to '/data/anr/traces.txt'
07-03 17:18:59.146   158   158 I ActivityManager: No longer want com.android.calendar (pid 684): hidden #16
07-03 17:18:59.181   664   667 D dalvikvm: GC_CONCURRENT freed 407K, 6% free 9652K/10183K, paused 2ms+7ms
07-03 17:18:59.334   393   393 D dalvikvm: GC_FOR_ALLOC freed 205K, 6% free 10326K/10887K, paused 17ms
07-03 17:18:59.369   393   393 D dalvikvm: GC_FOR_ALLOC freed 182K, 6% free 10318K/10887K, paused 18ms
07-03 17:18:59.408   393   393 D dalvikvm: GC_FOR_ALLOC freed 281K, 6% free 10318K/10887K, paused 16ms
07-03 17:18:59.533   393   395 D dalvikvm: GC_CONCURRENT freed 414K, 6% free 10352K/10951K, paused 5ms+3ms
07-03 17:18:59.564   393   393 D dalvikvm: GC_FOR_ALLOC freed 35K, 6% free 10316K/10951K, paused 16ms
07-03 17:18:59.724   545   546 D dalvikvm: GC_CONCURRENT freed 377K, 6% free 9287K/9863K, paused 1ms+2ms
07-03 17:18:59.928   158   477 W BackupManagerService: dataChanged but no participant pkg='com.android.providers.settings' uid=10012
07-03 17:18:59.974   664  1259 D dalvikvm: GC_FOR_ALLOC freed 183K, 6% free 9654K/10183K, paused 18ms
07-03 17:18:59.974   664  1259 I dalvikvm-heap: Grow heap (frag case) to 9.573MB for 79014-byte allocation
07-03 17:19:00.037   664   679 D dalvikvm: GC_FOR_ALLOC freed 41K, 7% free 9690K/10311K, paused 49ms
07-03 17:19:00.064   664  1259 D dalvikvm: GC_FOR_ALLOC freed 5K, 5% free 9800K/10311K, paused 16ms
07-03 17:19:00.111   664  1259 I CheckinTask: Sending checkin request (10106 bytes)
07-03 17:19:00.627    82   132 E MetadataRetrieverClient: failed to extract an album art
07-03 17:19:00.717    82    82 E MetadataRetrieverClient: failed to extract an album art
07-03 17:19:00.986    82   131 D AudioHardware: AudioHardware pcm playback is exiting standby.
07-03 17:19:00.986    82   131 D AudioHardware: openPcmOut_l() mPcmOpenCnt: 0
07-03 17:19:01.033   158   576 I ActivityManager: START {cmp=com.google.android.gsf.login/.AccountIntroUIActivity (has extras)} from pid 638
07-03 17:19:01.084   594   594 D OpenGLRenderer: Flushing caches (mode 1)
07-03 17:19:01.103   638   638 D dalvikvm: GC_FOR_ALLOC freed 483K, 7% free 9555K/10183K, paused 16ms
07-03 17:19:01.295   158   207 I ActivityManager: Displayed com.google.android.gsf.login/.AccountIntroUIActivity: +261ms (total +3s600ms)
07-03 17:19:01.353   638   638 D OpenGLRenderer: Flushing caches (mode 0)
07-03 17:19:01.353   638   641 D dalvikvm: GC_CONCURRENT freed 52K, 3% free 9928K/10183K, paused 4ms+6ms
07-03 17:19:01.404   393   393 D dalvikvm: GC_FOR_ALLOC freed 380K, 6% free 10316K/10951K, paused 72ms
07-03 17:19:02.361   545   546 D dalvikvm: GC_CONCURRENT freed 443K, 6% free 9288K/9863K, paused 4ms+2ms
07-03 17:19:03.849   158   161 D dalvikvm: GC_CONCURRENT freed 717K, 11% free 11801K/13191K, paused 3ms+4ms
07-03 17:19:03.877   158   477 I ActivityManager: START {cmp=com.google.android.gsf.login/.LoginActivity (has extras)} from pid 638
07-03 17:19:03.896   158   169 I ActivityManager: START {cmp=com.google.android.gsf.login/.UsernamePasswordActivity (has extras)} from pid 638
07-03 17:19:03.939   594   594 D OpenGLRenderer: Flushing caches (mode 1)
07-03 17:19:03.943   638   638 W GLSActivity: No such policy while creating link, id='google_privacy'
07-03 17:19:03.943   638   638 W GLSActivity: No such policy while creating link, id='android_privacy'
07-03 17:19:04.236   158   207 I ActivityManager: Displayed com.google.android.gsf.login/.UsernamePasswordActivity: +335ms (total +358ms)
07-03 17:19:04.287   638   638 D OpenGLRenderer: Flushing caches (mode 0)
07-03 17:19:04.560   393   395 D dalvikvm: GC_CONCURRENT freed 188K, 3% free 10655K/10951K, paused 2ms+4ms
07-03 17:19:06.248   545   546 D dalvikvm: GC_CONCURRENT freed 445K, 6% free 9285K/9863K, paused 2ms+2ms
07-03 17:19:06.451    82   132 E MetadataRetrieverClient: failed to extract an album art
07-03 17:19:06.838    82   131 D AudioHardware: AudioHardware pcm playback is going to standby.
07-03 17:19:06.838    82   131 D AudioHardware: closePcmOut_l() mPcmOpenCnt: 1
07-03 17:19:07.154   158   509 W BackupManagerService: dataChanged but no participant pkg='com.android.providers.settings' uid=10012
07-03 17:19:07.482   664  1382 I GTalkService/c: [AndroidEndpoint@1094563336] connect: acct=1000000, state=CONNECTING
07-03 17:19:10.174   545   546 D dalvikvm: GC_CONCURRENT freed 433K, 6% free 9296K/9863K, paused 2ms+4ms
07-03 17:19:10.439    82    82 E MetadataRetrieverClient: failed to extract an album art
07-03 17:19:11.260   545  1017 I MediaProvider: Upgrading media database from version 0 to 408, which will destroy all old data
07-03 17:19:11.459   545   546 D dalvikvm: GC_CONCURRENT freed 395K, 6% free 9334K/9863K, paused 2ms+13ms
07-03 17:19:11.521   457   460 D dalvikvm: GC_CONCURRENT freed 434K, 5% free 10513K/11015K, paused 2ms+3ms
07-03 17:19:11.592   545  1017 I SqliteDatabaseCpp: sqlite returned: error code = 17, msg = statement aborts at 71: [UPDATE files SET date_modified=0 WHERE media_type=2;] database schema has changed, db=/data/data/com.android.providers.downloads/databases/downloads.db
07-03 17:19:11.603   545  1017 I SqliteDatabaseCpp: sqlite returned: error code = 17, msg = statement aborts at 71: [UPDATE files SET date_modified=0 WHERE media_type=2;] database schema has changed, db=/data/data/com.android.providers.downloads/databases/downloads.db
07-03 17:19:11.623   545  1017 I SqliteDatabaseCpp: sqlite returned: error code = 17, msg = statement aborts at 71: [UPDATE files SET date_modified=0;] database schema has changed, db=/data/data/com.android.providers.downloads/databases/downloads.db
07-03 17:19:11.924   545  1017 W MediaScanner: Error opening directory '/mnt/sdcard/.android_secure/', skipping: Permission denied.
07-03 17:19:12.510   545  1017 D dalvikvm: GC_FOR_ALLOC freed 316K, 7% free 9302K/9927K, paused 20ms
07-03 17:19:12.740   545  1017 D dalvikvm: GC_FOR_ALLOC freed 162K, 7% free 9294K/9927K, paused 15ms
07-03 17:19:12.849   545  1017 D dalvikvm: GC_FOR_ALLOC freed 136K, 7% free 9295K/9927K, paused 30ms
07-03 17:19:12.990   545  1017 D dalvikvm: GC_FOR_ALLOC freed 136K, 7% free 9296K/9927K, paused 30ms
07-03 17:19:13.115   545  1017 D dalvikvm: GC_FOR_ALLOC freed 136K, 7% free 9297K/9927K, paused 29ms
07-03 17:19:13.310   545  1017 D dalvikvm: GC_FOR_ALLOC freed 136K, 7% free 9298K/9927K, paused 83ms
07-03 17:19:13.463   545  1017 D dalvikvm: GC_FOR_ALLOC freed 137K, 7% free 9300K/9927K, paused 18ms
07-03 17:19:13.560   545  1017 D dalvikvm: GC_FOR_ALLOC freed 136K, 7% free 9301K/9927K, paused 17ms
07-03 17:19:13.740   545  1017 D dalvikvm: GC_FOR_ALLOC freed 144K, 7% free 9304K/9927K, paused 17ms
07-03 17:19:13.885   545  1017 D dalvikvm: GC_FOR_ALLOC freed 137K, 7% free 9304K/9927K, paused 18ms
07-03 17:19:14.002   545  1017 D dalvikvm: GC_FOR_ALLOC freed 136K, 7% free 9306K/9927K, paused 30ms
07-03 17:19:14.139   545  1017 D dalvikvm: GC_FOR_ALLOC freed 136K, 7% free 9307K/9927K, paused 31ms
07-03 17:19:14.373   545  1017 D dalvikvm: GC_FOR_ALLOC freed 136K, 7% free 9308K/9927K, paused 17ms
07-03 17:19:15.404   158   161 D dalvikvm: GC_CONCURRENT freed 697K, 12% free 11673K/13191K, paused 6ms+6ms
07-03 17:19:16.799   545  1017 D dalvikvm: GC_FOR_ALLOC freed 294K, 7% free 9329K/9927K, paused 22ms
07-03 17:19:16.931   545  1017 D dalvikvm: GC_FOR_ALLOC freed 148K, 7% free 9320K/9927K, paused 30ms
07-03 17:19:17.099   545  1017 D dalvikvm: GC_FOR_ALLOC freed 134K, 7% free 9320K/9927K, paused 17ms
07-03 17:19:18.424   457   460 D dalvikvm: GC_CONCURRENT freed 506K, 6% free 10546K/11143K, paused 1ms+12ms
07-03 17:19:18.947   545   546 D dalvikvm: GC_CONCURRENT freed 362K, 6% free 9342K/9927K, paused 3ms+2ms
07-03 17:19:21.002   545   546 D dalvikvm: GC_CONCURRENT freed 355K, 6% free 9372K/9927K, paused 3ms+6ms
07-03 17:19:23.342   545   546 D dalvikvm: GC_CONCURRENT freed 400K, 6% free 9393K/9927K, paused 2ms+2ms
07-03 17:19:23.896   664   667 D dalvikvm: GC_CONCURRENT freed 390K, 5% free 9857K/10375K, paused 4ms+3ms
07-03 17:19:26.041    82   131 D AudioHardware: AudioHardware pcm playback is exiting standby.
07-03 17:19:26.041    82   131 D AudioHardware: openPcmOut_l() mPcmOpenCnt: 0
07-03 17:19:26.068   158   575 I ActivityManager: START {cmp=com.google.android.gsf.login/.LoginActivityTask (has extras)} from pid 638
07-03 17:19:26.080   594   594 D OpenGLRenderer: Flushing caches (mode 1)
07-03 17:19:26.389   158   161 D dalvikvm: GC_CONCURRENT freed 555K, 12% free 11670K/13191K, paused 2ms+13ms
07-03 17:19:26.439   638   641 D dalvikvm: GC_CONCURRENT freed 291K, 4% free 10108K/10503K, paused 2ms+34ms
07-03 17:19:26.439   393   393 D dalvikvm: GC_FOR_ALLOC freed 581K, 8% free 10335K/11143K, paused 104ms
07-03 17:19:26.498   158   207 I ActivityManager: Displayed com.google.android.gsf.login/.LoginActivityTask: +429ms
07-03 17:19:26.521   638   638 W IInputConnectionWrapper: finishComposingText on inactive InputConnection
07-03 17:19:26.521   638   638 W IInputConnectionWrapper: finishComposingText on inactive InputConnection
07-03 17:19:26.560   638   638 D OpenGLRenderer: Flushing caches (mode 0)
07-03 17:19:27.096   158   318 D ConnectivityService: handleInetConditionHoldEnd: net=0, condition=100, published condition=0
07-03 17:19:27.553   545   546 D dalvikvm: GC_CONCURRENT freed 371K, 6% free 9425K/9927K, paused 3ms+5ms
07-03 17:19:29.131    82   131 D AudioHardware: AudioHardware pcm playback is going to standby.
07-03 17:19:29.131    82   131 D AudioHardware: closePcmOut_l() mPcmOpenCnt: 1
07-03 17:19:31.314   545   546 D dalvikvm: GC_CONCURRENT freed 400K, 6% free 9458K/9991K, paused 4ms+6ms
07-03 17:19:33.096   158   158 I AccountManagerService: the accounts changed, sending broadcast of android.accounts.LOGIN_ACCOUNTS_CHANGED
07-03 17:19:33.131   638   641 D dalvikvm: GC_CONCURRENT freed 833K, 9% free 9676K/10631K, paused 4ms+18ms
07-03 17:19:33.142   158   175 I ActivityManager: Start proc com.android.browser for broadcast com.android.browser/.AccountsChangedReceiver: pid=1396 uid=10003 gids={3003, 1015}
07-03 17:19:33.252   158   602 D SyncManager: setIsSyncable: Account {name=mcmanojster@gmail.com, type=com.google}, provider gmail-ls -> 1
07-03 17:19:33.260  1396  1396 I ActivityThread: Pub com.android.browser;browser: com.android.browser.provider.BrowserProvider2
07-03 17:19:33.275  1396  1396 I ActivityThread: Pub com.android.browser.home: com.android.browser.homepages.HomeProvider
07-03 17:19:33.275  1396  1396 I ActivityThread: Pub com.android.browser.snapshots: com.android.browser.provider.SnapshotProvider
07-03 17:19:33.338   158   169 D SyncManager: setSyncAutomatically: , provider subscribedfeeds -> true
07-03 17:19:33.338  1125  1125 I PicasaSyncManager: account change detect - update database
07-03 17:19:33.338  1125  1147 D PicasaSync: sync account database
07-03 17:19:33.342  1264  1417 D ExchangeService: Reconciling accounts...
07-03 17:19:33.342  1286  1416 I Email   : System accounts updated.
07-03 17:19:33.357  1286  1416 I Email   : ReconcilePopImapAccountsSync: start
07-03 17:19:33.373  1286  1416 I Email   : ReconcilePopImapAccountsSync: done
07-03 17:19:33.381  1125  1147 D PicasaSync: accounts in DB=0
07-03 17:19:33.389  1264  1264 D ExchangeService: !!! EAS ExchangeService, onStartCommand, startingUp = false, running = false
07-03 17:19:33.404  1264  1423 D ExchangeService: Reconciling accounts...
07-03 17:19:33.408  1125  1147 V PicasaContentProvider: querySettings: defaults: {sync_on_wifi_only=1, auto_upload_account_type=null, sync_on_battery=1, sync_picasa_on_wifi_only=1, auto_upload_enabled=0, video_upload_wifi_only=1, sync_on_roaming=0, auto_upload_account_name=null}
07-03 17:19:33.494   749   751 D dalvikvm: GC_CONCURRENT freed 374K, 6% free 9229K/9735K, paused 5ms+4ms
07-03 17:19:33.689   158   200 I ActivityManager: Start proc com.google.android.syncadapters.calendar for service com.google.android.syncadapters.calendar/.CalendarSyncAdapterService: pid=1429 uid=10018 gids={3003}
07-03 17:19:33.806   158   158 D SyncManager: setIsSyncable: Account {name=mcmanojster@gmail.com, type=com.google}, provider com.android.calendar -> 1
07-03 17:19:33.834   158   477 D SyncManager: setIsSyncable: Account {name=mcmanojster@gmail.com, type=com.google}, provider com.android.contacts -> 1
07-03 17:19:33.877   158   161 D dalvikvm: GC_CONCURRENT freed 544K, 11% free 11789K/13191K, paused 3ms+6ms
07-03 17:19:33.947  1396  1398 D dalvikvm: GC_CONCURRENT freed 298K, 4% free 9226K/9607K, paused 3ms+4ms
07-03 17:19:34.201  1148  1150 D dalvikvm: GC_CONCURRENT freed 341K, 5% free 9340K/9799K, paused 2ms+11ms
07-03 17:19:34.431  1339  1341 D dalvikvm: GC_CONCURRENT freed 330K, 5% free 9201K/9607K, paused 2ms+7ms
07-03 17:19:34.451   664   667 D dalvikvm: GC_CONCURRENT freed 708K, 8% free 9678K/10503K, paused 3ms+14ms
07-03 17:19:34.478  1339  1339 I RlzPingService: Setting next ping for 1341436774363
07-03 17:19:34.607   158   161 D dalvikvm: GC_CONCURRENT freed 620K, 11% free 11778K/13191K, paused 3ms+4ms
07-03 17:19:34.674  1148  1166 D Volley  : [126] DiskBasedCache.clear: Cache cleared.
07-03 17:19:34.674  1148  1170 D Volley  : [130] DiskBasedCache.clear: Cache cleared.
07-03 17:19:34.724  1148  1148 W Finsky  : [1] FinskyApp.getDfeApi: Fall back to primary account.
07-03 17:19:34.885   158   562 D dalvikvm: GC_EXPLICIT freed 299K, 11% free 11828K/13191K, paused 3ms+5ms
07-03 17:19:34.931   664   682 D dalvikvm: GC_EXPLICIT freed 81K, 9% free 9650K/10503K, paused 2ms+4ms
07-03 17:19:34.990  1396  1415 D dalvikvm: GC_FOR_ALLOC freed 499K, 7% free 9209K/9863K, paused 52ms
07-03 17:19:35.080  1396  1398 D dalvikvm: GC_CONCURRENT freed 276K, 7% free 9269K/9863K, paused 1ms+4ms
07-03 17:19:35.283   158   576 D SyncManager: setIsSyncable: Account {name=mcmanojster@gmail.com, type=com.google}, provider subscribedfeeds -> 1
07-03 17:19:35.482  1125  1461 D PicasaSyncService: initialize account: mcmanojster@gmail.com
07-03 17:19:35.482   158   576 D SyncManager: setIsSyncable: Account {name=mcmanojster@gmail.com, type=com.google}, provider com.google.android.gallery3d.GooglePhotoProvider -> 1
07-03 17:19:35.529   158   602 D SyncManager: setIsSyncable: Account {name=mcmanojster@gmail.com, type=com.google}, provider com.android.browser -> 1
07-03 17:19:35.627   579   674 I ContactDirectoryManager: deleted 0 stale rows which don't have any relevant directory
07-03 17:19:35.760   664  1259 I CheckinTask: Sending checkin request (6207 bytes)
07-03 17:19:35.959   579   674 I ContactDirectoryManager: Discovered 0 contact directories in 28ms
07-03 17:19:36.146  1148  1148 D Finsky  : [1] 2.run: Loaded library for account: [nMsz4jzFJ0ZQWRnRG8-9sBpeQIs]
07-03 17:19:36.146  1148  1148 D Finsky  : [1] 2.run: Finished loading 1 libraries.
07-03 17:19:36.318   664  1459 V ContactsSyncAdapter: No contacts feed data; creating new feedSyncState...
07-03 17:19:36.342   545   546 D dalvikvm: GC_CONCURRENT freed 376K, 6% free 9483K/9991K, paused 3ms+5ms
07-03 17:19:40.553   545   546 D dalvikvm: GC_CONCURRENT freed 407K, 6% free 9515K/10055K, paused 2ms+3ms
07-03 17:19:40.799  1148  1159 D libEGL  : loaded /system/lib/egl/libGLES_android.so
07-03 17:19:40.810   158   161 D dalvikvm: GC_CONCURRENT freed 673K, 11% free 11743K/13191K, paused 4ms+8ms
07-03 17:19:40.814  1148  1159 D libEGL  : loaded /vendor/lib/egl/libEGL_POWERVR_SGX540_120.so
07-03 17:19:40.830  1148  1159 D libEGL  : loaded /vendor/lib/egl/libGLESv1_CM_POWERVR_SGX540_120.so
07-03 17:19:40.838  1148  1159 D libEGL  : loaded /vendor/lib/egl/libGLESv2_POWERVR_SGX540_120.so
07-03 17:19:41.420  1148  1150 D dalvikvm: GC_CONCURRENT freed 346K, 5% free 9447K/9863K, paused 4ms+2ms
07-03 17:19:41.439   664   667 D dalvikvm: GC_CONCURRENT freed 285K, 8% free 9753K/10503K, paused 3ms+3ms
07-03 17:19:44.240   664  1259 I CheckinTask: Sending checkin request (5163 bytes)
07-03 17:19:44.959   664   667 D dalvikvm: GC_CONCURRENT freed 412K, 8% free 9736K/10503K, paused 16ms+3ms
07-03 17:19:45.010   545   546 D dalvikvm: GC_CONCURRENT freed 384K, 6% free 9540K/10055K, paused 2ms+3ms
07-03 17:19:45.135   664  1456 I GTalkService/c: [GTalkConnection@1095186320] connect: acct=1, state=CONNECTING
07-03 17:19:45.834   158   158 I ActivityManager: No longer want com.android.deskclock (pid 1244): hidden #16
07-03 17:19:47.576   638   641 D dalvikvm: GC_CONCURRENT freed 590K, 11% free 9494K/10631K, paused 4ms+3ms
07-03 17:19:48.576  1092  1094 D dalvikvm: GC_CONCURRENT freed 329K, 5% free 9400K/9863K, paused 2ms+3ms
07-03 17:19:48.959   545   546 D dalvikvm: GC_CONCURRENT freed 414K, 6% free 9570K/10119K, paused 9ms+2ms
07-03 17:19:49.420   664   667 D dalvikvm: GC_CONCURRENT freed 364K, 8% free 9763K/10503K, paused 3ms+3ms
07-03 17:19:50.060   664  1259 I CheckinTask: Checkin success: https://android.clients.google.com/checkin (4 requests sent)
07-03 17:19:51.236  1148  1150 D dalvikvm: GC_CONCURRENT freed 387K, 5% free 9524K/9991K, paused 2ms+3ms
07-03 17:19:51.619   545   546 D dalvikvm: GC_CONCURRENT freed 392K, 6% free 9594K/10119K, paused 4ms+6ms
07-03 17:19:51.744   664   667 D dalvikvm: GC_CONCURRENT freed 389K, 7% free 9781K/10503K, paused 2ms+4ms
07-03 17:19:52.056   664   667 D dalvikvm: GC_CONCURRENT freed 313K, 7% free 9859K/10503K, paused 3ms+3ms
07-03 17:19:54.123   158   161 D dalvikvm: GC_CONCURRENT freed 531K, 11% free 11765K/13191K, paused 10ms+3ms
07-03 17:19:55.357   664   667 D dalvikvm: GC_CONCURRENT freed 495K, 8% free 9753K/10503K, paused 8ms+4ms
07-03 17:19:55.431   475   475 D SAN_SERVICE: *******************************************
07-03 17:19:55.431   475   475 D SAN_SERVICE: DM App Phone Service State - 0
07-03 17:19:55.431   475   475 D SAN_SERVICE: *******************************************
07-03 17:19:55.482   579   581 D dalvikvm: GC_CONCURRENT freed 372K, 6% free 9552K/10055K, paused 2ms+2ms
07-03 17:19:56.357   545   546 D dalvikvm: GC_CONCURRENT freed 377K, 6% free 9610K/10119K, paused 2ms+2ms
07-03 17:19:56.650   545  1017 D dalvikvm: GC_FOR_ALLOC freed 237K, 7% free 9608K/10247K, paused 41ms
07-03 17:19:56.908   545  1017 D dalvikvm: GC_FOR_ALLOC freed 217K, 7% free 9610K/10247K, paused 43ms
07-03 17:19:57.201   545  1017 D dalvikvm: GC_FOR_ALLOC freed 217K, 7% free 9612K/10247K, paused 33ms
07-03 17:19:57.564   545  1017 D dalvikvm: GC_FOR_ALLOC freed 217K, 7% free 9615K/10247K, paused 33ms
07-03 17:19:58.310   158   467 E ThrottleService: Error reading data file
07-03 17:19:59.271   545  1017 D dalvikvm: GC_FOR_ALLOC freed 217K, 7% free 9617K/10247K, paused 59ms
07-03 17:19:59.521   545  1017 D dalvikvm: GC_FOR_ALLOC freed 217K, 7% free 9619K/10247K, paused 43ms
07-03 17:19:59.853   545  1017 D dalvikvm: GC_FOR_ALLOC freed 217K, 7% free 9621K/10247K, paused 32ms
07-03 17:20:00.131   545  1017 D dalvikvm: GC_FOR_ALLOC freed 217K, 7% free 9624K/10247K, paused 32ms
07-03 17:20:00.221  1148  1148 W Finsky  : [1] LibraryUpdateListener.onErrorResponse: Library replication failed: com.android.volley.TimeoutError
07-03 17:20:00.224  1148  1148 D Volley  : [1] Request.finish: 24062 ms: [ ] https://android.clients.google.com/fdfe/replicateLibrary NORMAL 3
07-03 17:20:00.455  1148  1150 D dalvikvm: GC_CONCURRENT freed 222K, 4% free 9700K/10055K, paused 2ms+2ms
07-03 17:20:01.310    82   132 E MetadataRetrieverClient: failed to extract an album art
07-03 17:20:01.396   638  1391 D GLSUser : Market result: -4
07-03 17:20:01.494   158   575 I ActivityManager: START {cmp=com.google.android.gsf.login/.SyncIntroActivity (has extras)} from pid 638
07-03 17:20:01.560   594   594 D OpenGLRenderer: Flushing caches (mode 1)
07-03 17:20:01.588   158   161 D dalvikvm: GC_CONCURRENT freed 523K, 10% free 11878K/13191K, paused 7ms+5ms
07-03 17:20:01.705   638   641 D dalvikvm: GC_CONCURRENT freed 269K, 10% free 9622K/10631K, paused 2ms+12ms
07-03 17:20:01.787   158   207 I ActivityManager: Displayed com.google.android.gsf.login/.SyncIntroActivity: +280ms
07-03 17:20:01.803   638   638 D OpenGLRenderer: Flushing caches (mode 0)
07-03 17:20:02.420   545   546 D dalvikvm: GC_CONCURRENT freed 358K, 6% free 9653K/10247K, paused 7ms+3ms
07-03 17:20:04.517   749   749 I CalendarProvider2: Sending notification intent: Intent { act=android.intent.action.PROVIDER_CHANGED dat=content://com.android.calendar }
07-03 17:20:04.517   749   749 W ContentResolver: Failed to get type for: content://com.android.calendar (Unknown URL content://com.android.calendar)
07-03 17:20:04.607   158   175 I ActivityManager: Start proc com.android.calendar for broadcast com.android.calendar/.widget.CalendarAppWidgetService$CalendarFactory: pid=1477 uid=10005 gids={3003}
07-03 17:20:04.619   158   509 I ActivityManager: No longer want com.google.android.apps.uploader (pid 1213): hidden #16
07-03 17:20:04.658  1477  1477 I ActivityThread: Pub com.android.calendar.CalendarRecentSuggestionsProvider: com.android.calendar.CalendarRecentSuggestionsProvider
07-03 17:20:04.838   158   578 I ActivityManager: No longer want com.android.voicedialer (pid 1111): hidden #16
07-03 17:20:04.928   664   667 D dalvikvm: GC_CONCURRENT freed 225K, 6% free 9936K/10503K, paused 5ms+4ms
07-03 17:20:05.170   579   581 D dalvikvm: GC_CONCURRENT freed 224K, 4% free 9764K/10119K, paused 2ms+2ms
07-03 17:20:05.529   579   581 D dalvikvm: GC_CONCURRENT freed 273K, 4% free 9907K/10311K, paused 2ms+3ms
07-03 17:20:06.014   545   546 D dalvikvm: GC_CONCURRENT freed 349K, 6% free 9688K/10247K, paused 9ms+2ms
07-03 17:20:06.982   579   581 D dalvikvm: GC_CONCURRENT freed 345K, 5% free 9971K/10439K, paused 2ms+2ms
07-03 17:20:07.224   579   581 D dalvikvm: GC_CONCURRENT freed 428K, 6% free 9944K/10503K, paused 1ms+6ms
07-03 17:20:07.408   158   169 D dalvikvm: GC_EXPLICIT freed 393K, 11% free 11741K/13191K, paused 2ms+4ms
07-03 17:20:07.517   579   581 D dalvikvm: GC_CONCURRENT freed 394K, 5% free 9982K/10503K, paused 2ms+4ms
07-03 17:20:07.701   579   581 D dalvikvm: GC_CONCURRENT freed 328K, 5% free 10042K/10567K, paused 2ms+3ms
07-03 17:20:08.748   664   667 D dalvikvm: GC_CONCURRENT freed 449K, 6% free 9924K/10503K, paused 2ms+3ms
07-03 17:20:08.916   579   581 D dalvikvm: GC_CONCURRENT freed 684K, 8% free 9772K/10567K, paused 2ms+3ms
07-03 17:20:09.209   579   581 D dalvikvm: GC_CONCURRENT freed 248K, 7% free 9912K/10567K, paused 3ms+2ms
07-03 17:20:09.486   579   581 D dalvikvm: GC_CONCURRENT freed 359K, 6% free 9941K/10567K, paused 2ms+2ms
07-03 17:20:09.748   579   581 D dalvikvm: GC_CONCURRENT freed 365K, 6% free 9969K/10567K, paused 2ms+3ms
07-03 17:20:09.971   545   546 D dalvikvm: GC_CONCURRENT freed 372K, 5% free 9740K/10247K, paused 2ms+3ms
07-03 17:20:10.037   579   581 D dalvikvm: GC_CONCURRENT freed 365K, 6% free 9991K/10567K, paused 2ms+2ms
07-03 17:20:10.295   579   581 D dalvikvm: GC_CONCURRENT freed 360K, 6% free 10075K/10631K, paused 2ms+3ms
07-03 17:20:10.693   664   667 D dalvikvm: GC_CONCURRENT freed 457K, 6% free 9916K/10503K, paused 3ms+3ms
07-03 17:20:11.131   579   581 D dalvikvm: GC_CONCURRENT freed 752K, 9% free 9758K/10631K, paused 2ms+3ms
07-03 17:20:11.404   664   667 D dalvikvm: GC_CONCURRENT freed 243K, 5% free 10066K/10503K, paused 3ms+3ms
07-03 17:20:13.123   579   581 D dalvikvm: GC_CONCURRENT freed 199K, 7% free 9951K/10631K, paused 3ms+2ms
07-03 17:20:13.814   158   174 V BackupManagerService: beginRestoreSession: pkg=null transport=null
07-03 17:20:13.826    82   131 D AudioHardware: AudioHardware pcm playback is exiting standby.
07-03 17:20:13.826    82   131 D AudioHardware: openPcmOut_l() mPcmOpenCnt: 0
07-03 17:20:13.838   158   174 D RestoreSession: restoreAll token=1 observer=android.app.backup.RestoreSession$RestoreObserverWrapper@41676f38
07-03 17:20:13.842  1148  1168 D Volley  : [128] BasicNetwork.logSlowRequests: HTTP response for request=<[ ] https://android.clients.google.com/vending/api/ApiRequest NORMAL 4 GetMarketMetadataRequestProto> [lifetime=32449], [size=471], [rc=200], [retryCount=1]
07-03 17:20:13.846   158   329 D BackupManagerService: MSG_RUN_RESTORE observer=android.app.backup.RestoreSession$RestoreObserverWrapper@41676f38
07-03 17:20:13.955  1148  1148 D Finsky  : [1] GetMarketMetadataListener.onResponse: Paid apps enabled.
07-03 17:20:13.971  1148  1148 D Volley  : [1] Request.finish: 32567 ms: [ ] https://android.clients.google.com/vending/api/ApiRequest NORMAL 4 GetMarketMetadataRequestProto
07-03 17:20:13.974  1148  1150 D dalvikvm: GC_CONCURRENT freed 670K, 7% free 9595K/10311K, paused 3ms+2ms
07-03 17:20:14.139   158   329 V LocalTransport: start restore 1
07-03 17:20:14.142   158   329 V LocalTransport:   no more packages to restore
07-03 17:20:14.146   158   329 V LocalTransport: finishRestore()
07-03 17:20:14.146   158   329 I BackupManagerService: No restore data available
07-03 17:20:14.146   158   174 D RestoreSession: endRestoreSession
07-03 17:20:14.150   158   477 D SyncManager: setSyncAutomatically: , provider com.android.contacts -> true
07-03 17:20:14.174   158   329 I BackupManagerService: Restore complete.
07-03 17:20:14.236   158   329 V LocalTransport: finishRestore()
07-03 17:20:14.240   158   161 D dalvikvm: GC_CONCURRENT freed 611K, 11% free 11811K/13191K, paused 3ms+4ms
07-03 17:20:14.248   158   578 D SyncManager: setSyncAutomatically: , provider com.android.contacts -> true
07-03 17:20:14.248   158   578 D SyncManager: setSyncAutomatically: already set to true, doing nothing
07-03 17:20:14.248   158   169 D SyncManager: setSyncAutomatically: , provider com.android.email.provider -> true
07-03 17:20:14.248   158   329 V BackupManagerService: Clearing restore session and halting timeout
07-03 17:20:14.314   158   170 D SyncManager: setSyncAutomatically: , provider com.android.email.provider -> true
07-03 17:20:14.314   158   170 D SyncManager: setSyncAutomatically: already set to true, doing nothing
07-03 17:20:14.314   158   508 D SyncManager: setSyncAutomatically: , provider subscribedfeeds -> true
07-03 17:20:14.314   158   508 D SyncManager: setSyncAutomatically: already set to true, doing nothing
07-03 17:20:14.314   158   602 D SyncManager: setSyncAutomatically: , provider com.android.calendar -> true
07-03 17:20:14.349   158   575 D SyncManager: setSyncAutomatically: , provider com.android.browser -> true
07-03 17:20:14.392   158   576 D SyncManager: setSyncAutomatically: , provider com.google.android.gallery3d.GooglePhotoProvider -> true
07-03 17:20:14.439   638   641 D dalvikvm: GC_CONCURRENT freed 403K, 10% free 9661K/10631K, paused 3ms+11ms
07-03 17:20:14.494   158   161 D dalvikvm: GC_CONCURRENT freed 691K, 11% free 11816K/13191K, paused 2ms+4ms
07-03 17:20:14.502   158   477 D SyncManager: setSyncAutomatically: , provider com.android.calendar -> true
07-03 17:20:14.502   158   477 D SyncManager: setSyncAutomatically: already set to true, doing nothing
07-03 17:20:14.510   158   174 I BackupManagerService: Backup enabled => true
07-03 17:20:14.639   638   638 D GLSActivity: AccountIntro: activity result: -1
07-03 17:20:14.654   594   594 I SetupWizard: onActivityResult(10007, -1)
07-03 17:20:14.654   594   594 I SetupWizard: account setup completed with resultCode -1
07-03 17:20:14.654   594   594 I SetupWizard: starting activity 10005
07-03 17:20:14.697   158   161 D dalvikvm: GC_CONCURRENT freed 648K, 11% free 11867K/13191K, paused 3ms+5ms
07-03 17:20:14.721   158   509 I ActivityManager: START {cmp=com.google.android.setupwizard/.LocationSharingActivity (has extras)} from pid 594
07-03 17:20:14.732   158   174 I BackupTransportService: enableBackup() succeeded
07-03 17:20:14.760   594   594 V NetworkMonitor: Starting NetworkMonitor
07-03 17:20:14.764   594   594 I SetupWizard: disabling notifications and status bar
07-03 17:20:14.834   594   597 D dalvikvm: GC_CONCURRENT freed 210K, 3% free 9902K/10183K, paused 3ms+3ms
07-03 17:20:14.846   594   594 V NetworkMonitor: Intent { act=android.net.conn.CONNECTIVITY_CHANGE flg=0x10000010 (has extras) }
07-03 17:20:14.846   594   594 V NetworkMonitor: Network is UP, Checkin HAS succeeded, GLS is NOT connected
07-03 17:20:14.846   594   594 V NetworkMonitor: GLS onServiceConnected
07-03 17:20:14.846   594   594 V NetworkMonitor: Network is UP, Checkin HAS succeeded, GLS IS connected
07-03 17:20:14.846   594   594 V NetworkMonitor: Reporting network CONNECTED
07-03 17:20:14.846   594   594 V NetworkMonitor: Network is UP, Checkin HAS succeeded, GLS IS connected
07-03 17:20:15.092   158   207 I ActivityManager: Displayed com.google.android.setupwizard/.LocationSharingActivity: +353ms
07-03 17:20:15.092   638   638 D OpenGLRenderer: Flushing caches (mode 0)
07-03 17:20:15.166   579   720 D dalvikvm: GC_EXPLICIT freed 197K, 7% free 9910K/10631K, paused 3ms+18ms
07-03 17:20:15.568   545   546 D dalvikvm: GC_CONCURRENT freed 383K, 6% free 9795K/10311K, paused 1ms+3ms
07-03 17:20:16.193   664   667 D dalvikvm: GC_CONCURRENT freed 245K, 4% free 10256K/10631K, paused 2ms+3ms
07-03 17:20:16.736   579   581 D dalvikvm: GC_CONCURRENT freed 331K, 7% free 9966K/10631K, paused 1ms+3ms
07-03 17:20:16.920    82   131 D AudioHardware: AudioHardware pcm playback is going to standby.
07-03 17:20:16.920    82   131 D AudioHardware: closePcmOut_l() mPcmOpenCnt: 1
07-03 17:20:17.017   579   581 D dalvikvm: GC_CONCURRENT freed 410K, 7% free 9945K/10631K, paused 2ms+3ms
07-03 17:20:17.279   579   581 D dalvikvm: GC_CONCURRENT freed 362K, 7% free 9968K/10631K, paused 2ms+3ms
07-03 17:20:17.556   579   581 D dalvikvm: GC_CONCURRENT freed 337K, 6% free 10024K/10631K, paused 2ms+3ms
07-03 17:20:18.185   664   667 D dalvikvm: GC_CONCURRENT freed 457K, 6% free 10248K/10823K, paused 3ms+3ms
07-03 17:20:18.252   579   581 D dalvikvm: GC_CONCURRENT freed 796K, 10% free 9622K/10631K, paused 2ms+3ms
07-03 17:20:18.381   579   581 D dalvikvm: GC_CONCURRENT freed 131K, 8% free 9885K/10631K, paused 2ms+3ms
07-03 17:20:18.736   545   546 D dalvikvm: GC_CONCURRENT freed 394K, 6% free 9848K/10375K, paused 2ms+2ms
07-03 17:20:18.814   579   581 D dalvikvm: GC_CONCURRENT freed 325K, 7% free 9950K/10631K, paused 2ms+3ms
07-03 17:20:19.080   579   581 D dalvikvm: GC_CONCURRENT freed 366K, 7% free 9971K/10631K, paused 2ms+2ms
07-03 17:20:19.357   579   581 D dalvikvm: GC_CONCURRENT freed 380K, 7% free 9978K/10631K, paused 3ms+3ms
07-03 17:20:19.447    82   131 D AudioHardware: AudioHardware pcm playback is exiting standby.
07-03 17:20:19.447    82   131 D AudioHardware: openPcmOut_l() mPcmOpenCnt: 0
07-03 17:20:19.619  1148  1148 W Finsky  : [1] 2.onErrorResponse: Update check failed: com.android.volley.TimeoutError
07-03 17:20:19.619  1148  1148 D Finsky  : [1] 3.run: Scheduling new run. (failures=1)
07-03 17:20:19.646   158   158 D dalvikvm: GC_EXPLICIT freed 664K, 11% free 11853K/13191K, paused 3ms+6ms
07-03 17:20:19.658  1148  1148 D Volley  : [1] Request.finish: 19148 ms: [ ] https://android.clients.google.com/fdfe/bulkDetails NORMAL 5
07-03 17:20:19.674   664   825 I NetworkLocationRealOs: No existing nlp persistent state.
07-03 17:20:19.732   158   562 I ActivityManager: No longer want com.android.settings (pid 1230): hidden #16
07-03 17:20:19.744   594   594 I SetupWizard: onActivityResult(10005, -1)
07-03 17:20:19.744   594   594 I SetupWizard: starting activity 10010
07-03 17:20:19.748   158   602 I ActivityManager: START {cmp=com.google.android.gsf.login/.NameActivity (has extras)} from pid 594
07-03 17:20:19.760   638   638 W GLSUser : GLS Activity without session
07-03 17:20:19.939   638   641 D dalvikvm: GC_CONCURRENT freed 375K, 9% free 9705K/10631K, paused 2ms+3ms
07-03 17:20:19.986   664   667 D dalvikvm: GC_CONCURRENT freed 297K, 4% free 10513K/10887K, paused 2ms+3ms
07-03 17:20:20.025   158   207 I ActivityManager: Displayed com.google.android.gsf.login/.NameActivity: +274ms
07-03 17:20:20.029   594   594 D OpenGLRenderer: Flushing caches (mode 0)
07-03 17:20:20.170   457   460 D dalvikvm: GC_CONCURRENT freed 389K, 6% free 10547K/11143K, paused 2ms+2ms
07-03 17:20:20.408   158   175 I ActivityManager: Start proc com.android.settings for broadcast com.android.settings/.widget.SettingsAppWidgetProvider: pid=1515 uid=1000 gids={1015, 3002, 3001, 3003, 3007}
07-03 17:20:20.455   594   594 V NetworkMonitor: Stopped NetworkMonitor
07-03 17:20:20.603   393   395 D dalvikvm: GC_CONCURRENT freed 294K, 6% free 10519K/11143K, paused 13ms+12ms
07-03 17:20:20.709   594   594 D OpenGLRenderer: Flushing caches (mode 1)
07-03 17:20:20.724  1515  1515 D LocalBluetoothProfileManager: LocalBluetoothProfileManager construction complete
07-03 17:20:20.740   158   562 I ActivityManager: No longer want com.google.android.googlequicksearchbox (pid 1183): hidden #16
07-03 17:20:20.803   158   161 D dalvikvm: GC_CONCURRENT freed 585K, 11% free 11851K/13191K, paused 3ms+4ms
07-03 17:20:20.998   664   667 D dalvikvm: GC_CONCURRENT freed 174K, 3% free 10884K/11143K, paused 2ms+5ms
07-03 17:20:21.092   664   675 I dalvikvm: Jit: resizing JitTable from 4096 to 8192
07-03 17:20:21.139   664  1528 D WifiLocator: Too many no-location APs. Will not compute a location nor go to the server. hasLocation=0 noLocation=0 cacheMiss=0
07-03 17:20:21.142   664  1528 D CellLocator: Primary cell miss in cache. Need server request.
07-03 17:20:21.162   664   821 I System.out: [INFO:106468]: LogSource: Running flush
07-03 17:20:21.201   664   822 I System.out: [INFO:106505]: LogSource: Sending payload [bytes=270]
07-03 17:20:21.396   579   581 D dalvikvm: GC_CONCURRENT freed 338K, 6% free 10029K/10631K, paused 2ms+3ms
07-03 17:20:21.639   579   581 D dalvikvm: GC_CONCURRENT freed 333K, 6% free 10085K/10631K, paused 2ms+3ms
07-03 17:20:22.537    82   131 D AudioHardware: AudioHardware pcm playback is going to standby.
07-03 17:20:22.537    82   131 D AudioHardware: closePcmOut_l() mPcmOpenCnt: 1
07-03 17:20:24.025   664   667 D dalvikvm: GC_CONCURRENT freed 661K, 7% free 10751K/11527K, paused 3ms+3ms
07-03 17:20:24.287   579   581 D dalvikvm: GC_CONCURRENT freed 797K, 9% free 9723K/10631K, paused 2ms+3ms
07-03 17:20:24.533   579   581 D dalvikvm: GC_CONCURRENT freed 198K, 7% free 9912K/10631K, paused 2ms+2ms
07-03 17:20:24.834   579   581 D dalvikvm: GC_CONCURRENT freed 329K, 7% free 9969K/10631K, paused 2ms+3ms
07-03 17:20:25.107   579   581 D dalvikvm: GC_CONCURRENT freed 380K, 7% free 9975K/10631K, paused 2ms+3ms
07-03 17:20:25.189   545   546 D dalvikvm: GC_CONCURRENT freed 349K, 5% free 9892K/10375K, paused 2ms+3ms
07-03 17:20:25.459   579   581 D dalvikvm: GC_CONCURRENT freed 349K, 6% free 10017K/10631K, paused 3ms+2ms
07-03 17:20:25.709   579   581 D dalvikvm: GC_CONCURRENT freed 334K, 6% free 10070K/10631K, paused 2ms+4ms
07-03 17:20:26.127   664   667 D dalvikvm: GC_CONCURRENT freed 494K, 7% free 10732K/11527K, paused 2ms+5ms
07-03 17:20:26.201   664   821 I System.out: [INFO:111504]: LogSource: Running delayed flush
07-03 17:20:26.209   664   821 I System.out: [INFO:111515]: LogSource: Running flush
07-03 17:20:26.213   664   824 I System.out: [INFO:111517]: LogSource: Sending payload [bytes=69]
07-03 17:20:26.431   664  1473 D dalvikvm: GC_EXPLICIT freed 491K, 8% free 10645K/11527K, paused 2ms+14ms
07-03 17:20:26.498   579   581 D dalvikvm: GC_CONCURRENT freed 703K, 8% free 9804K/10631K, paused 3ms+3ms
07-03 17:20:26.826   579   581 D dalvikvm: GC_CONCURRENT freed 249K, 7% free 9944K/10631K, paused 2ms+3ms
07-03 17:20:27.127   579   581 D dalvikvm: GC_CONCURRENT freed 369K, 7% free 9966K/10631K, paused 3ms+2ms
07-03 17:20:27.447   579   581 D dalvikvm: GC_CONCURRENT freed 374K, 7% free 9981K/10631K, paused 2ms+2ms
07-03 17:20:27.803   579   581 D dalvikvm: GC_CONCURRENT freed 345K, 6% free 10029K/10631K, paused 3ms+3ms
07-03 17:20:28.099   579   581 D dalvikvm: GC_CONCURRENT freed 333K, 6% free 10087K/10631K, paused 2ms+3ms
07-03 17:20:28.185   545   546 D dalvikvm: GC_CONCURRENT freed 365K, 5% free 9942K/10439K, paused 1ms+3ms
07-03 17:20:28.697   664   667 D dalvikvm: GC_CONCURRENT freed 524K, 9% free 10562K/11527K, paused 3ms+4ms
07-03 17:20:28.838   579   581 D dalvikvm: GC_CONCURRENT freed 721K, 8% free 9784K/10631K, paused 3ms+2ms
07-03 17:20:29.111   579   581 D dalvikvm: GC_CONCURRENT freed 221K, 7% free 9947K/10631K, paused 2ms+2ms
07-03 17:20:29.435   579   581 D dalvikvm: GC_CONCURRENT freed 364K, 7% free 9971K/10631K, paused 1ms+3ms
07-03 17:20:29.689   579   581 D dalvikvm: GC_CONCURRENT freed 369K, 7% free 9989K/10631K, paused 2ms+2ms
07-03 17:20:29.892   579   581 D dalvikvm: GC_CONCURRENT freed 354K, 6% free 10029K/10631K, paused 2ms+2ms
07-03 17:20:30.084   579   581 D dalvikvm: GC_CONCURRENT freed 341K, 6% free 10077K/10631K, paused 2ms+3ms
07-03 17:20:31.392   664   667 D dalvikvm: GC_CONCURRENT freed 480K, 10% free 10485K/11527K, paused 3ms+3ms
07-03 17:20:31.560   579   581 D dalvikvm: GC_CONCURRENT freed 693K, 8% free 9821K/10631K, paused 2ms+3ms
07-03 17:20:31.826   579   581 D dalvikvm: GC_CONCURRENT freed 197K, 6% free 10010K/10631K, paused 2ms+2ms
07-03 17:20:31.951   158   508 D dalvikvm: GC_EXPLICIT freed 541K, 11% free 11786K/13191K, paused 3ms+4ms
07-03 17:20:32.162   579   581 D dalvikvm: GC_CONCURRENT freed 361K, 6% free 10039K/10631K, paused 2ms+3ms
07-03 17:20:32.428   579   581 D dalvikvm: GC_CONCURRENT freed 374K, 6% free 10053K/10631K, paused 2ms+3ms
07-03 17:20:32.732   579   581 D dalvikvm: GC_CONCURRENT freed 411K, 6% free 10086K/10631K, paused 2ms+4ms
07-03 17:20:32.869   545   546 D dalvikvm: GC_CONCURRENT freed 380K, 5% free 9993K/10503K, paused 1ms+3ms
07-03 17:20:32.990   579   717 D dalvikvm: GC_FOR_ALLOC freed 318K, 6% free 10155K/10695K, paused 23ms
07-03 17:20:33.599   664   667 D dalvikvm: GC_CONCURRENT freed 497K, 10% free 10385K/11527K, paused 2ms+4ms
07-03 17:20:33.760   579   581 D dalvikvm: GC_CONCURRENT freed 864K, 10% free 9710K/10695K, paused 2ms+3ms
07-03 17:20:33.974   579   581 D dalvikvm: GC_CONCURRENT freed 160K, 8% free 9946K/10695K, paused 2ms+2ms
07-03 17:20:34.174   579   581 D dalvikvm: GC_CONCURRENT freed 327K, 7% free 10007K/10695K, paused 2ms+2ms
07-03 17:20:34.392   579   581 D dalvikvm: GC_CONCURRENT freed 360K, 7% free 10035K/10695K, paused 2ms+3ms
07-03 17:20:34.588   579   581 D dalvikvm: GC_CONCURRENT freed 358K, 6% free 10063K/10695K, paused 2ms+3ms
07-03 17:20:35.404   579   581 D dalvikvm: GC_CONCURRENT freed 325K, 6% free 10130K/10695K, paused 2ms+3ms
07-03 17:20:36.017   664   667 D dalvikvm: GC_CONCURRENT freed 483K, 11% free 10298K/11527K, paused 2ms+3ms
07-03 17:20:36.205   579   581 D dalvikvm: GC_CONCURRENT freed 746K, 9% free 9823K/10695K, paused 2ms+3ms
07-03 17:20:36.529   579   581 D dalvikvm: GC_CONCURRENT freed 227K, 7% free 9985K/10695K, paused 2ms+7ms
07-03 17:20:36.775   579   581 D dalvikvm: GC_CONCURRENT freed 342K, 7% free 10030K/10695K, paused 2ms+3ms
07-03 17:20:36.869   579   717 D dalvikvm: GC_EXPLICIT freed 127K, 7% free 9986K/10695K, paused 3ms+3ms
07-03 17:20:37.142   579   581 D dalvikvm: GC_CONCURRENT freed 332K, 7% free 10051K/10695K, paused 2ms+3ms
07-03 17:20:37.400   579   581 D dalvikvm: GC_CONCURRENT freed 357K, 6% free 10088K/10695K, paused 2ms+3ms
07-03 17:20:37.603   545   546 D dalvikvm: GC_CONCURRENT freed 387K, 5% free 10046K/10567K, paused 2ms+2ms
07-03 17:20:37.705   579   581 D dalvikvm: GC_CONCURRENT freed 332K, 6% free 10145K/10695K, paused 2ms+3ms
07-03 17:20:38.439   664   667 D dalvikvm: GC_CONCURRENT freed 494K, 12% free 10206K/11527K, paused 2ms+3ms
07-03 17:20:38.631   579   581 D dalvikvm: GC_CONCURRENT freed 746K, 8% free 9856K/10695K, paused 2ms+3ms
07-03 17:20:39.060   579   581 D dalvikvm: GC_CONCURRENT freed 258K, 7% free 9992K/10695K, paused 3ms+3ms
07-03 17:20:39.267   579   581 D dalvikvm: GC_CONCURRENT freed 352K, 7% free 10029K/10695K, paused 2ms+2ms
07-03 17:20:39.642   579   581 D dalvikvm: GC_CONCURRENT freed 376K, 7% free 10041K/10695K, paused 2ms+12ms
07-03 17:20:40.021   579   581 D dalvikvm: GC_CONCURRENT freed 355K, 6% free 10071K/10695K, paused 1ms+2ms
07-03 17:20:40.275   579   581 D dalvikvm: GC_CONCURRENT freed 324K, 6% free 10142K/10695K, paused 2ms+4ms
07-03 17:20:40.928   664   667 D dalvikvm: GC_CONCURRENT freed 189K, 10% free 10423K/11527K, paused 3ms+3ms
07-03 17:20:41.103   579   581 D dalvikvm: GC_CONCURRENT freed 776K, 9% free 9806K/10695K, paused 2ms+2ms
07-03 17:20:41.185   664   821 E GlsClient-query: requestFailed
07-03 17:20:41.185   664   821 E GlsClient-query: com.google.common.async.WatchdogException
07-03 17:20:41.185   664   821 E GlsClient-query: 	at com.google.common.async.AsyncHttpRequestFactory$AsyncHttpRequestImpl.watchdogFired(Unknown Source)
07-03 17:20:41.185   664   821 E GlsClient-query: 	at com.google.common.async.AsyncHttpRequestFactory$WatchdogTask.run(Unknown Source)
07-03 17:20:41.185   664   821 E GlsClient-query: 	at com.google.common.task.AbstractTask.runInternal(Unknown Source)
07-03 17:20:41.185   664   821 E GlsClient-query: 	at com.google.common.task.TimerTask.runInternal(Unknown Source)
07-03 17:20:41.185   664   821 E GlsClient-query: 	at com.google.common.task.TaskRunner.run(Unknown Source)
07-03 17:20:41.185   664   821 E GlsClient-query: 	at com.google.common.lang.BaseThreadFactory$ThreadImpl.run(Unknown Source)
07-03 17:20:41.185   664  1528 D WifiLocator: Too many no-location APs. Will not compute a location nor go to the server. hasLocation=0 noLocation=0 cacheMiss=0
07-03 17:20:41.189   664  1528 D CellLocator: Primary cell miss in cache. Need server request.
07-03 17:20:41.471   579   581 D dalvikvm: GC_CONCURRENT freed 307K, 8% free 9884K/10695K, paused 2ms+2ms
07-03 17:20:41.521   158   477 D CountryDetector: The first listener is added
07-03 17:20:41.674   579   581 D dalvikvm: GC_CONCURRENT freed 244K, 7% free 10029K/10695K, paused 3ms+2ms
07-03 17:20:41.982   579   581 D dalvikvm: GC_CONCURRENT freed 272K, 6% free 10144K/10695K, paused 2ms+3ms
07-03 17:20:42.181   158   169 D dalvikvm: GC_EXPLICIT freed 383K, 11% free 11792K/13191K, paused 3ms+4ms
07-03 17:20:42.322   579   581 D dalvikvm: GC_CONCURRENT freed 404K, 5% free 10166K/10695K, paused 3ms+3ms
07-03 17:20:42.549   545   546 D dalvikvm: GC_CONCURRENT freed 348K, 5% free 10089K/10567K, paused 2ms+3ms
07-03 17:20:42.611   579   581 D dalvikvm: GC_CONCURRENT freed 342K, 6% free 10219K/10759K, paused 2ms+3ms
07-03 17:20:45.392   664   667 D dalvikvm: GC_CONCURRENT freed 752K, 13% free 10059K/11527K, paused 2ms+2ms
07-03 17:20:46.213   664   821 I System.out: [INFO:131518]: LogSource: Resending com.google.masf.protocol.PlainRequest@41552ea8
07-03 17:20:48.006   545   546 D dalvikvm: GC_CONCURRENT freed 360K, 5% free 10140K/10631K, paused 7ms+2ms
07-03 17:20:52.877   545   546 D dalvikvm: GC_CONCURRENT freed 390K, 5% free 10173K/10695K, paused 8ms+4ms
07-03 17:20:53.068  1064  1322 I PhoneLab-: Service Running
07-03 17:20:53.162  1064  1322 I PhoneLab-LoggerService: app_36    1325  1064  1828   1456  c00f181c 400107b4 S logcat
07-03 17:20:53.162  1064  1322 I PhoneLab-LoggerService: Logcat pid from database 1325
07-03 17:20:53.162  1064  1322 I PhoneLab-LoggerService: Logcat process found 1325
07-03 17:20:53.166  1064  1322 I PhoneLab-LoggerService: Checking Threshold
07-03 17:20:53.166  1064  1322 I PhoneLab-LoggerService: Starting to rename files
07-03 17:20:53.166  1064  1322 I PhoneLab-LoggerService: Files found .. 3
07-03 17:20:53.170  1064  1322 I PhoneLab-LoggerService: File 1 log.out.1
07-03 17:20:53.193  1064  1322 I PhoneLab-LoggerService: Renamed successfully
07-03 17:20:53.193  1064  1322 I PhoneLab-LoggerService: File 2 log.out.2
07-03 17:20:53.197  1064  1322 I PhoneLab-LoggerService: Renamed successfully
07-03 17:20:53.514   664   667 D dalvikvm: GC_CONCURRENT freed 339K, 12% free 10145K/11527K, paused 3ms+4ms
07-03 17:20:57.478   545   546 D dalvikvm: GC_CONCURRENT freed 377K, 5% free 10185K/10695K, paused 9ms+2ms
07-03 17:20:57.545   579   581 D dalvikvm: GC_CONCURRENT freed 794K, 9% free 9875K/10823K, paused 2ms+3ms
07-03 17:20:58.115   664   822 I System.out: [INFO:143418]: LogSource: Response [http=200,length=125]
07-03 17:20:58.478  1148  1148 W Finsky  : [1] 3.onErrorResponse: Received error: com.android.volley.TimeoutError
07-03 17:20:58.494  1148  1148 D Volley  : [1] Request.finish: 44526 ms: [ ] https://android.clients.google.com/fdfe/checkInstrument NORMAL 6
07-03 17:20:58.529  1148  1148 E Finsky  : [1] 2.onErrorResponse: Failed to send 1 events because of [com.android.volley.TimeoutError]
07-03 17:20:58.529  1148  1148 D Volley  : [1] Request.finish: 42131 ms: [ ] https://android.clients.google.com/fdfe/log NORMAL 7
07-03 17:21:02.256   545   546 D dalvikvm: GC_CONCURRENT freed 422K, 6% free 10203K/10759K, paused 7ms+2ms
07-03 17:21:05.256   664   824 I System.out: [INFO:150560]: LogSource: Response [http=200,length=26]
07-03 17:21:05.580   545   546 D dalvikvm: GC_CONCURRENT freed 403K, 5% free 10226K/10759K, paused 8ms+3ms
07-03 17:21:08.572   545   546 D dalvikvm: GC_CONCURRENT freed 383K, 5% free 10246K/10759K, paused 10ms+3ms
07-03 17:21:08.658   579   717 D dalvikvm: GC_FOR_ALLOC freed 181K, 11% free 9732K/10823K, paused 24ms
07-03 17:21:09.662   664   809 D androidNetworkLocationListeners: Still have listener com.google.android.location.internal.client.NetworkLocationClient$1@4133a358
07-03 17:21:09.670   664   809 D androidNetworkLocationListeners: Still have listener com.google.android.location.internal.client.NetworkLocationClient$1@4133a358
07-03 17:21:09.674   664  1528 D WifiLocator: Too many no-location APs. Will not compute a location nor go to the server. hasLocation=0 noLocation=0 cacheMiss=0
07-03 17:21:09.674   664  1528 D CellLocator: Primary cell miss in cache. Need server request.
07-03 17:21:09.689   664   821 I System.out: [INFO:154993]: LogSource: Running flush
07-03 17:21:09.693   664   823 I System.out: [INFO:154996]: LogSource: Sending payload [bytes=296]
07-03 17:21:11.213   664   823 I System.out: [INFO:156518]: LogSource: Response [http=200,length=149]
07-03 17:21:11.221   664   821 I System.out: [INFO:156523]: LogSource: Read id 3, status code 200
07-03 17:21:11.240   664  1528 D WifiLocator: Too many no-location APs. Will not compute a location nor go to the server. hasLocation=0 noLocation=0 cacheMiss=0
07-03 17:21:11.248   664   821 I System.out: [INFO:156551]: LogSource: Read id 2, status code 200
07-03 17:21:11.267   664   821 I System.out: [INFO:156570]: LogSource: Running flush
07-03 17:21:11.267   664   822 I System.out: [INFO:156572]: LogSource: Sending payload [bytes=265]
07-03 17:21:13.232   158   161 D dalvikvm: GC_CONCURRENT freed 570K, 11% free 11789K/13191K, paused 26ms+3ms
07-03 17:21:13.510   545   546 D dalvikvm: GC_CONCURRENT freed 417K, 6% free 10276K/10823K, paused 40ms+2ms
07-03 17:21:16.260   158  1535 W LocationBasedCountryDetector: Exception occurs when getting country from location
07-03 17:21:16.267   664   821 I System.out: [INFO:161573]: LogSource: Running delayed flush
07-03 17:21:16.279   664   821 I System.out: [INFO:161583]: LogSource: Running flush
07-03 17:21:16.287   664   824 I System.out: [INFO:161593]: LogSource: Sending payload [bytes=265]
07-03 17:21:17.674   664   822 I System.out: [INFO:162977]: LogSource: Response [http=200,length=210]
07-03 17:21:17.674   664   821 I System.out: [INFO:162980]: LogSource: Read id 4, status code 200
07-03 17:21:17.978   664   824 I System.out: [INFO:163281]: LogSource: Response [http=200,length=210]
07-03 17:21:17.998   664   821 I System.out: [INFO:163302]: LogSource: Read id 4, status code 200
07-03 17:21:18.631   545   546 D dalvikvm: GC_CONCURRENT freed 383K, 5% free 10309K/10823K, paused 7ms+3ms
07-03 17:21:20.662   664   667 D dalvikvm: GC_CONCURRENT freed 359K, 12% free 10170K/11527K, paused 5ms+6ms
07-03 17:21:22.025   579   593 D dalvikvm: GC_FOR_ALLOC freed 161K, 11% free 9719K/10823K, paused 19ms
07-03 17:21:22.041  1148  1150 D dalvikvm: GC_CONCURRENT freed 414K, 7% free 9595K/10311K, paused 11ms+3ms
07-03 17:21:23.201   545   546 D dalvikvm: GC_CONCURRENT freed 417K, 6% free 10335K/10887K, paused 8ms+3ms
07-03 17:21:24.021  1148  1168 D Volley  : [128] BasicNetwork.logSlowRequests: HTTP response for request=<[ ] https://android.clients.google.com/fdfe/log NORMAL 8> [lifetime=10520], [size=4], [rc=200], [retryCount=0]
07-03 17:21:24.037  1148  1148 D Volley  : [1] Request.finish: 10540 ms: [ ] https://android.clients.google.com/fdfe/log NORMAL 8
07-03 17:21:26.998   545   546 D dalvikvm: GC_CONCURRENT freed 394K, 5% free 10359K/10887K, paused 7ms+2ms
07-03 17:21:31.635   545   546 D dalvikvm: GC_CONCURRENT freed 373K, 5% free 10382K/10887K, paused 7ms+5ms
07-03 17:21:36.963   545   546 D dalvikvm: GC_CONCURRENT freed 405K, 5% free 10411K/10951K, paused 8ms+3ms
07-03 17:21:39.986   545   546 D dalvikvm: GC_CONCURRENT freed 386K, 5% free 10434K/10951K, paused 5ms+5ms
07-03 17:21:41.779   579  1001 D dalvikvm: GC_FOR_ALLOC freed 232K, 11% free 9726K/10823K, paused 25ms
07-03 17:21:43.533   545   546 D dalvikvm: GC_CONCURRENT freed 418K, 6% free 10464K/11015K, paused 7ms+2ms
07-03 17:21:44.154    82   131 D AudioHardware: AudioHardware pcm playback is exiting standby.
07-03 17:21:44.154    82   131 D AudioHardware: openPcmOut_l() mPcmOpenCnt: 0
07-03 17:21:44.369   579   581 D dalvikvm: GC_CONCURRENT freed 471K, 10% free 9766K/10823K, paused 2ms+3ms
07-03 17:21:44.389   158   161 D dalvikvm: GC_CONCURRENT freed 607K, 11% free 11800K/13191K, paused 2ms+4ms
07-03 17:21:45.377   579   581 D dalvikvm: GC_CONCURRENT freed 506K, 10% free 9772K/10823K, paused 2ms+4ms
07-03 17:21:45.459   579   581 D dalvikvm: GC_CONCURRENT freed 513K, 10% free 9770K/10823K, paused 1ms+3ms
07-03 17:21:45.670   594   594 I SetupWizard: onActivityResult(10010, -1)
07-03 17:21:45.674   594   594 I SetupWizard: starting activity 10012
07-03 17:21:45.678   158   575 I ActivityManager: START {cmp=com.google.android.setupwizard/.SetupCompleteActivity (has extras)} from pid 594
07-03 17:21:45.713   594   594 V NetworkMonitor: Starting NetworkMonitor
07-03 17:21:45.717   594   594 I SetupWizard: disabling notifications and status bar
07-03 17:21:45.760   594   597 D dalvikvm: GC_CONCURRENT freed 400K, 5% free 9935K/10439K, paused 4ms+8ms
07-03 17:21:45.771   638   641 D dalvikvm: GC_CONCURRENT freed 409K, 9% free 9744K/10631K, paused 5ms+7ms
07-03 17:21:45.783   594   594 D dalvikvm: GC_FOR_ALLOC freed 513K, 10% free 9421K/10439K, paused 25ms
07-03 17:21:45.787   594   594 I dalvikvm-heap: Grow heap (frag case) to 9.801MB for 558016-byte allocation
07-03 17:21:45.826   594   594 D dalvikvm: GC_FOR_ALLOC freed 0K, 10% free 9966K/11015K, paused 15ms
07-03 17:21:45.834   594   594 V NetworkMonitor: Intent { act=android.net.conn.CONNECTIVITY_CHANGE flg=0x10000010 (has extras) }
07-03 17:21:45.838   594   594 V NetworkMonitor: Network is UP, Checkin HAS succeeded, GLS is NOT connected
07-03 17:21:45.838   594   594 V NetworkMonitor: GLS onServiceConnected
07-03 17:21:45.838   594   594 V NetworkMonitor: Network is UP, Checkin HAS succeeded, GLS IS connected
07-03 17:21:45.838   594   594 V NetworkMonitor: Reporting network CONNECTED
07-03 17:21:45.838   594   594 V NetworkMonitor: Network is UP, Checkin HAS succeeded, GLS IS connected
07-03 17:21:45.881   158   508 W InputManagerService: Starting input on non-focused client com.android.internal.view.IInputMethodClient$Stub$Proxy@414e5028 (uid=10009 pid=638)
07-03 17:21:45.889   638   638 W IInputConnectionWrapper: showStatusIcon on inactive InputConnection
07-03 17:21:45.994   393   393 D dalvikvm: GC_FOR_ALLOC freed 559K, 8% free 10318K/11143K, paused 44ms
07-03 17:21:46.056   158   207 I ActivityManager: Displayed com.google.android.setupwizard/.SetupCompleteActivity: +371ms
07-03 17:21:46.056   638   638 D OpenGLRenderer: Flushing caches (mode 0)
07-03 17:21:47.154   158   161 D dalvikvm: GC_CONCURRENT freed 478K, 10% free 11890K/13191K, paused 5ms+4ms
07-03 17:21:47.244    82   131 D AudioHardware: AudioHardware pcm playback is going to standby.
07-03 17:21:47.244    82   131 D AudioHardware: closePcmOut_l() mPcmOpenCnt: 1
07-03 17:21:48.607   545   546 D dalvikvm: GC_CONCURRENT freed 394K, 5% free 10488K/11015K, paused 7ms+3ms
07-03 17:21:48.775   594   594 I SetupWizard: enabling notifications
07-03 17:21:48.818    82   131 D AudioHardware: AudioHardware pcm playback is exiting standby.
07-03 17:21:48.818    82   131 D AudioHardware: openPcmOut_l() mPcmOpenCnt: 0
07-03 17:21:48.951   491  1546 D NfcService: NFC-C ON
07-03 17:21:48.990   594   594 V SetupWizard: System thinks we're the home activity. Removing SetupWizard...
07-03 17:21:49.099   158   161 D dalvikvm: GC_CONCURRENT freed 657K, 10% free 11948K/13191K, paused 2ms+4ms
07-03 17:21:49.185   158   509 I ActivityManager: START {act=android.intent.action.MAIN cat=[android.intent.category.HOME] flg=0x10200000 cmp=com.android.launcher/com.android.launcher2.Launcher} from pid 594
07-03 17:21:49.232   594   594 V SetupWizard: *** SetupWizard completed ***
07-03 17:21:49.232   594   594 I Process : Sending signal. PID: 594 SIG: 9
07-03 17:21:49.240   158   481 I WindowManager: WIN DEATH: Window{41468b48 com.google.android.setupwizard/com.google.android.setupwizard.SetupCompleteActivity paused=true}
07-03 17:21:49.240   158   477 I StatusBarManagerService: binder died for pkg=com.google.android.setupwizard
07-03 17:21:49.244   158   575 I StatusBarManagerService: binder died for pkg=com.google.android.setupwizard
07-03 17:21:49.244   158   602 I StatusBarManagerService: binder died for pkg=com.google.android.setupwizard
07-03 17:21:49.244   158   169 I ActivityManager: Process com.google.android.setupwizard (pid 594) has died.
07-03 17:21:49.244   158   169 W ActivityManager: Force removing ActivityRecord{413d1298 com.google.android.setupwizard/.SetupCompleteActivity}: app died, no saved state
07-03 17:21:49.244   158   158 I StatusBarManagerService: binder died for pkg=com.google.android.setupwizard
07-03 17:21:49.256   393   393 D PhoneStatusBar: disable: < expand* icons* alerts* ticker system_info* BACK home* recent* clock >
07-03 17:21:49.275   158   169 I ActivityManager: Start proc com.android.launcher for activity com.android.launcher/com.android.launcher2.Launcher: pid=1548 uid=10025 gids={}
07-03 17:21:49.279   158   562 I ActivityManager: No longer want com.android.quicksearchbox (pid 1197): hidden #16
07-03 17:21:49.361  1548  1548 I ActivityThread: Pub com.android.launcher2.settings: com.android.launcher2.LauncherProvider
07-03 17:21:49.451   638   638 D OpenGLRenderer: Flushing caches (mode 1)
07-03 17:21:49.517  1548  1550 D dalvikvm: GC_CONCURRENT freed 273K, 5% free 9206K/9607K, paused 2ms+2ms
07-03 17:21:49.791  1548  1550 D dalvikvm: GC_CONCURRENT freed 86K, 2% free 9550K/9735K, paused 9ms+9ms
07-03 17:21:49.806   158   174 I Process : Sending signal. PID: 1548 SIG: 3
07-03 17:21:49.806  1548  1552 I dalvikvm: threadid=3: reacting to signal 3
07-03 17:21:49.826  1548  1552 I dalvikvm: Wrote stack traces to '/data/anr/traces.txt'
07-03 17:21:49.857  1548  1548 D dalvikvm: GC_FOR_ALLOC freed 42K, 2% free 9541K/9735K, paused 20ms
07-03 17:21:49.857  1548  1548 I dalvikvm-heap: Grow heap (frag case) to 10.759MB for 1440016-byte allocation
07-03 17:21:49.896  1548  1550 D dalvikvm: GC_CONCURRENT freed 1K, 2% free 10945K/11143K, paused 2ms+10ms
07-03 17:21:50.107   393   393 D PhoneStatusBar: disable: < expand icons alerts ticker system_info back* home recent clock >
07-03 17:21:50.115  1548  1548 D libEGL  : loaded /system/lib/egl/libGLES_android.so
07-03 17:21:50.119  1548  1548 D libEGL  : loaded /vendor/lib/egl/libEGL_POWERVR_SGX540_120.so
07-03 17:21:50.123  1548  1548 D libEGL  : loaded /vendor/lib/egl/libGLESv1_CM_POWERVR_SGX540_120.so
07-03 17:21:50.127  1548  1548 D libEGL  : loaded /vendor/lib/egl/libGLESv2_POWERVR_SGX540_120.so
07-03 17:21:50.178  1548  1548 D OpenGLRenderer: Enabling debug mode 0
07-03 17:21:50.185   158   170 W InputManagerService: Got RemoteException sending setActive(false) notification to pid 594 uid 10040
07-03 17:21:50.240  1548  1548 D dalvikvm: GC_FOR_ALLOC freed 243K, 4% free 11180K/11527K, paused 18ms
07-03 17:21:50.244  1548  1548 I dalvikvm-heap: Grow heap (frag case) to 12.381MB for 1463056-byte allocation
07-03 17:21:50.275  1548  1550 D dalvikvm: GC_CONCURRENT freed 14K, 4% free 12594K/12999K, paused 1ms+5ms
07-03 17:21:50.306   158   174 I Process : Sending signal. PID: 1548 SIG: 3
07-03 17:21:50.306  1548  1552 I dalvikvm: threadid=3: reacting to signal 3
07-03 17:21:50.310  1548  1552 I dalvikvm: Wrote stack traces to '/data/anr/traces.txt'
07-03 17:21:50.471   158   207 I ActivityManager: Displayed com.android.launcher/com.android.launcher2.Launcher: +1s218ms
07-03 17:21:50.646  1548  1548 D dalvikvm: GC_FOR_ALLOC freed 1434K, 14% free 11972K/13895K, paused 25ms
07-03 17:21:50.818   158   161 D dalvikvm: GC_CONCURRENT freed 596K, 9% free 12048K/13191K, paused 10ms+12ms
07-03 17:21:51.248  1548  1550 D dalvikvm: GC_CONCURRENT freed 183K, 9% free 12654K/13895K, paused 2ms+4ms
07-03 17:21:51.545  1548  1561 D Launcher.Model: going to save icon bitmap for info=ShortcutInfo(title=Camera)
07-03 17:21:51.615  1548  1561 D Launcher.Model: going to save icon bitmap for info=ShortcutInfo(title=Browser)
07-03 17:21:51.685  1548  1561 D Launcher.Model: going to save icon bitmap for info=ShortcutInfo(title=Messaging)
07-03 17:21:51.744  1548  1561 D Launcher.Model: going to save icon bitmap for info=ShortcutInfo(title=People)
07-03 17:21:51.834  1548  1561 D Launcher.Model: going to save icon bitmap for info=ShortcutInfo(title=Phone)
07-03 17:21:51.877  1548  1561 D Launcher.Model: going to save icon bitmap for info=ShortcutInfo(title=Settings)
07-03 17:21:51.916    82   131 D AudioHardware: AudioHardware pcm playback is going to standby.
07-03 17:21:51.916    82   131 D AudioHardware: closePcmOut_l() mPcmOpenCnt: 1
07-03 17:21:52.256  1548  1548 D dalvikvm: GC_FOR_ALLOC freed 624K, 8% free 12899K/13895K, paused 20ms
07-03 17:21:52.260  1548  1548 I dalvikvm-heap: Grow heap (frag case) to 14.061MB for 1463056-byte allocation
07-03 17:21:52.291  1548  1550 D dalvikvm: GC_CONCURRENT freed 11K, 7% free 14317K/15367K, paused 2ms+3ms
07-03 17:21:52.396    82   131 D AudioHardware: AudioHardware pcm playback is exiting standby.
07-03 17:21:52.396    82   131 D AudioHardware: openPcmOut_l() mPcmOpenCnt: 0
07-03 17:21:52.420  1548  1548 D dalvikvm: GC_FOR_ALLOC freed 1432K, 17% free 12891K/15367K, paused 20ms
07-03 17:21:52.420  1548  1548 I dalvikvm-heap: Grow heap (frag case) to 14.053MB for 1463056-byte allocation
07-03 17:21:52.482  1548  1550 D dalvikvm: GC_CONCURRENT freed <1K, 7% free 14320K/15367K, paused 1ms+34ms
07-03 17:21:54.846   545   546 D dalvikvm: GC_CONCURRENT freed 373K, 5% free 10511K/11015K, paused 3ms+11ms
07-03 17:21:54.959   579   581 D dalvikvm: GC_CONCURRENT freed 406K, 10% free 9748K/10823K, paused 3ms+2ms
07-03 17:21:55.486    82   131 D AudioHardware: AudioHardware pcm playback is going to standby.
07-03 17:21:55.486    82   131 D AudioHardware: closePcmOut_l() mPcmOpenCnt: 1
07-03 17:21:58.330   545   546 D dalvikvm: GC_CONCURRENT freed 405K, 5% free 10539K/11079K, paused 8ms+3ms
07-03 17:21:59.221   491   491 I RegisteredComponentCache: ComponentInfo: ResolveInfo{4135c2b8 com.android.apps.tag.TagViewer p=0 o=0 m=0x108000}, techs: android.nfc.tech.Ndef, 
07-03 17:21:59.224   158   174 D PackageManager: generateServicesMap(android.accounts.AccountAuthenticator): 3 services unchanged
07-03 17:21:59.275  1359  1359 I VoiceActionsFactory: Applications list changed, recalculating supported actions
07-03 17:21:59.275   158   174 D PackageManager: generateServicesMap(android.content.SyncAdapter): 9 services unchanged
07-03 17:21:59.724   158   481 I ActivityManager: Start proc com.android.voicedialer for broadcast com.android.voicedialer/.VoiceDialerReceiver: pid=1572 uid=10048 gids={3002}
07-03 17:21:59.803   158   602 I ActivityManager: Start proc com.google.android.googlequicksearchbox for broadcast com.google.android.googlequicksearchbox/.SourceUpdateReceiver: pid=1585 uid=10021 gids={3003}
07-03 17:21:59.803   158   602 I ActivityManager: No longer want com.google.android.voicesearch (pid 1359): hidden #16
07-03 17:21:59.900  1585  1585 I ActivityThread: Pub com.google.android.googlequicksearchbox.shortcuts: com.google.android.googlequicksearchbox.WebHistoryProvider
07-03 17:21:59.908  1585  1585 I ActivityThread: Pub com.google.android.googlequicksearchbox.google: com.google.android.googlequicksearchbox.google.GoogleSuggestionProvider
07-03 17:21:59.959   158   576 I ActivityManager: Start proc com.android.quicksearchbox for broadcast com.android.quicksearchbox/.CorporaUpdateReceiver: pid=1599 uid=10039 gids={3003}
07-03 17:21:59.959   158   576 I ActivityManager: No longer want com.android.exchange (pid 1264): hidden #16
07-03 17:22:00.014    80    80 D dalvikvm: GC_EXPLICIT freed 37K, 4% free 9031K/9347K, paused 4ms+2ms
07-03 17:22:00.088    80    80 D dalvikvm: GC_EXPLICIT freed <1K, 4% free 9031K/9347K, paused 28ms+4ms
07-03 17:22:00.099  1599  1599 I ActivityThread: Pub com.android.quicksearchbox.google: com.android.quicksearchbox.google.GoogleSuggestionProvider
07-03 17:22:00.123  1599  1599 I ActivityThread: Pub com.android.quicksearchbox.shortcuts: com.android.quicksearchbox.ShortcutsProvider
07-03 17:22:00.142    80    80 D dalvikvm: GC_EXPLICIT freed <1K, 4% free 9031K/9347K, paused 2ms+2ms
07-03 17:22:00.158   158   509 I ActivityManager: No longer want com.android.email (pid 1286): hidden #16
07-03 17:22:00.303  1125  1127 D dalvikvm: GC_CONCURRENT freed 475K, 7% free 9266K/9863K, paused 2ms+7ms
07-03 17:22:01.068    82   131 D AudioHardware: AudioHardware pcm playback is exiting standby.
07-03 17:22:01.068    82   131 D AudioHardware: openPcmOut_l() mPcmOpenCnt: 0
07-03 17:22:01.334   158   161 D dalvikvm: GC_CONCURRENT freed 697K, 10% free 11982K/13191K, paused 2ms+8ms
07-03 17:22:02.092  1548  1548 D dalvikvm: GC_FOR_ALLOC freed 2093K, 15% free 13105K/15367K, paused 24ms
07-03 17:22:02.092  1548  1548 I dalvikvm-heap: Grow heap (frag case) to 14.262MB for 1463056-byte allocation
07-03 17:22:02.127  1548  1617 D dalvikvm: GC_FOR_ALLOC freed 45K, 6% free 14489K/15367K, paused 22ms
07-03 17:22:02.209  1548  1550 D dalvikvm: GC_CONCURRENT freed 290K, 7% free 14678K/15623K, paused 2ms+9ms
07-03 17:22:02.279  1548  1548 D dalvikvm: GC_FOR_ALLOC freed 1K, 7% free 15580K/16583K, paused 39ms
07-03 17:22:02.377  1548  1618 D dalvikvm: GC_FOR_ALLOC freed 65K, 6% free 16100K/17031K, paused 43ms
07-03 17:22:02.381  1548  1618 I dalvikvm-heap: Grow heap (frag case) to 17.018MB for 1286224-byte allocation
07-03 17:22:02.420  1548  1617 D dalvikvm: GC_FOR_ALLOC freed 1430K, 14% free 15926K/18311K, paused 25ms
07-03 17:22:02.736  1548  1619 D dalvikvm: GC_FOR_ALLOC freed 3515K, 23% free 14212K/18311K, paused 28ms
07-03 17:22:02.896  1548  1619 D dalvikvm: GC_FOR_ALLOC freed 983K, 21% free 14604K/18311K, paused 27ms
07-03 17:22:03.611   545   546 D dalvikvm: GC_CONCURRENT freed 383K, 5% free 10561K/11079K, paused 3ms+5ms
07-03 17:22:04.158    82   131 D AudioHardware: AudioHardware pcm playback is going to standby.
07-03 17:22:04.158    82   131 D AudioHardware: closePcmOut_l() mPcmOpenCnt: 1
07-03 17:22:04.236  1548  1548 D dalvikvm: GC_FOR_ALLOC freed 595K, 22% free 14451K/18311K, paused 47ms
07-03 17:22:04.240  1548  1548 I dalvikvm-heap: Grow heap (frag case) to 15.577MB for 1463056-byte allocation
07-03 17:22:04.260  1548  1548 D dalvikvm: GC_FOR_ALLOC freed 1K, 20% free 15879K/19783K, paused 20ms
07-03 17:22:04.349    82   131 D AudioHardware: AudioHardware pcm playback is exiting standby.
07-03 17:22:04.349    82   131 D AudioHardware: openPcmOut_l() mPcmOpenCnt: 0
07-03 17:22:04.365  1548  1548 D dalvikvm: GC_FOR_ALLOC freed 1429K, 27% free 14451K/19783K, paused 25ms
07-03 17:22:07.439    82   131 D AudioHardware: AudioHardware pcm playback is going to standby.
07-03 17:22:07.439    82   131 D AudioHardware: closePcmOut_l() mPcmOpenCnt: 1
07-03 17:22:07.974   393   395 D dalvikvm: GC_CONCURRENT freed 411K, 8% free 10294K/11143K, paused 8ms+7ms
07-03 17:22:08.076   545   546 D dalvikvm: GC_CONCURRENT freed 416K, 5% free 10592K/11143K, paused 4ms+2ms
07-03 17:22:08.291   664   667 D dalvikvm: GC_CONCURRENT freed 364K, 12% free 10190K/11527K, paused 4ms+4ms
07-03 17:22:10.877   158   170 I ActivityManager: START {act=android.intent.action.MAIN cat=[android.intent.category.APP_MARKET] flg=0x10000000 cmp=com.android.vending/.AssetBrowserActivity} from pid 1548
07-03 17:22:10.885    82   131 D AudioHardware: AudioHardware pcm playback is exiting standby.
07-03 17:22:10.885    82   131 D AudioHardware: openPcmOut_l() mPcmOpenCnt: 0
07-03 17:22:11.127  1548  1548 D OpenGLRenderer: Flushing caches (mode 1)
07-03 17:22:11.221  1148  1166 D Volley  : [126] DiskBasedCache.clear: Cache cleared.
07-03 17:22:11.287  1148  1170 D Volley  : [130] DiskBasedCache.clear: Cache cleared.
07-03 17:22:11.291  1148  1150 D dalvikvm: GC_CONCURRENT freed 308K, 7% free 9686K/10311K, paused 7ms+7ms
07-03 17:22:11.291   158   508 I ActivityManager: START {cmp=com.android.vending/com.google.android.finsky.activities.FirstRunActivity} from pid 1148
07-03 17:22:11.385  1148  1148 D OpenGLRenderer: Enabling debug mode 0
07-03 17:22:11.408  1548  1548 D OpenGLRenderer: Flushing caches (mode 0)
07-03 17:22:11.603   158   161 D dalvikvm: GC_CONCURRENT freed 496K, 8% free 12228K/13191K, paused 3ms+5ms
07-03 17:22:11.889   158   174 I Process : Sending signal. PID: 1148 SIG: 3
07-03 17:22:11.889  1148  1152 I dalvikvm: threadid=3: reacting to signal 3
07-03 17:22:11.900  1148  1152 I dalvikvm: Wrote stack traces to '/data/anr/traces.txt'
07-03 17:22:12.021  1148  1148 D dalvikvm: GC_FOR_ALLOC freed 133K, 6% free 9786K/10311K, paused 20ms
07-03 17:22:12.021  1148  1148 I dalvikvm-heap: Grow heap (frag case) to 10.625MB for 1048592-byte allocation
07-03 17:22:12.060  1148  1150 D dalvikvm: GC_CONCURRENT freed 4K, 6% free 10805K/11399K, paused 2ms+3ms
07-03 17:22:12.103  1148  1148 D dalvikvm: GC_FOR_ALLOC freed 5K, 6% free 10822K/11399K, paused 20ms
07-03 17:22:12.103  1148  1148 I dalvikvm-heap: Grow heap (frag case) to 10.790MB for 160016-byte allocation
07-03 17:22:12.131  1148  1148 D dalvikvm: GC_FOR_ALLOC freed 1K, 6% free 10977K/11591K, paused 19ms
07-03 17:22:12.232  1148  1148 D OpenGLRenderer: Flushing caches (mode 0)
07-03 17:22:12.271   158   169 W InputManagerService: Starting input on non-focused client com.android.internal.view.IInputMethodClient$Stub$Proxy@41533770 (uid=10025 pid=1548)
07-03 17:22:12.334   158   207 I ActivityManager: Displayed com.android.vending/com.google.android.finsky.activities.FirstRunActivity: +948ms (total +1s354ms)
07-03 17:22:13.072   545   546 D dalvikvm: GC_CONCURRENT freed 393K, 5% free 10616K/11143K, paused 3ms+7ms
07-03 17:22:13.365   158   576 I ActivityManager: START {act=android.intent.action.MAIN cat=[android.intent.category.LAUNCHER] flg=0x10000000 pkg=com.android.vending cmp=com.android.vending/.AssetBrowserActivity} from pid 1148
07-03 17:22:13.537   158   161 D dalvikvm: GC_CONCURRENT freed 873K, 8% free 12158K/13191K, paused 18ms+4ms
07-03 17:22:13.646   638   638 D OpenGLRenderer: Flushing caches (mode 1)
07-03 17:22:13.705   158   207 I ActivityManager: Displayed com.android.vending/.AssetBrowserActivity: +291ms
07-03 17:22:13.721  1148  1148 D OpenGLRenderer: Flushing caches (mode 0)
07-03 17:22:16.439    82   131 D AudioHardware: AudioHardware pcm playback is going to standby.
07-03 17:22:16.439    82   131 D AudioHardware: closePcmOut_l() mPcmOpenCnt: 1
07-03 17:22:17.998   545   546 D dalvikvm: GC_CONCURRENT freed 426K, 6% free 10646K/11207K, paused 9ms+3ms
07-03 17:22:21.154   545   546 D dalvikvm: GC_CONCURRENT freed 403K, 5% free 10669K/11207K, paused 3ms+6ms
07-03 17:22:21.760   158   174 D PackageManager: generateServicesMap(android.accounts.AccountAuthenticator): 3 services unchanged
07-03 17:22:21.767   491   491 I RegisteredComponentCache: ComponentInfo: ResolveInfo{41339ea8 com.android.apps.tag.TagViewer p=0 o=0 m=0x108000}, techs: android.nfc.tech.Ndef, 
07-03 17:22:21.838   158   174 D PackageManager: generateServicesMap(android.content.SyncAdapter): 9 services unchanged
07-03 17:22:21.971  1548  1548 I Launcher: setLoadOnResume
07-03 17:22:22.060  1548  1550 D dalvikvm: GC_CONCURRENT freed 4692K, 42% free 11539K/19783K, paused 1ms+6ms
07-03 17:22:26.158   545   546 D dalvikvm: GC_CONCURRENT freed 437K, 6% free 10701K/11271K, paused 3ms+7ms
07-03 17:22:29.506   158   161 D dalvikvm: GC_CONCURRENT freed 679K, 8% free 12137K/13191K, paused 3ms+5ms
07-03 17:22:31.267   545   546 D dalvikvm: GC_CONCURRENT freed 410K, 5% free 10730K/11271K, paused 5ms+7ms
07-03 17:22:31.541    82   132 E MetadataRetrieverClient: failed to extract an album art
07-03 17:22:33.814  1148  1150 D dalvikvm: GC_CONCURRENT freed 372K, 5% free 11148K/11655K, paused 6ms+8ms
07-03 17:22:34.154   545   546 D dalvikvm: GC_CONCURRENT freed 440K, 6% free 10761K/11335K, paused 3ms+3ms
07-03 17:22:35.256   545  1017 V MediaScanner: pruneDeadThumbnailFiles... android.database.sqlite.SQLiteCursor@414e2820
07-03 17:22:35.318   545  1017 V MediaScanner: /pruneDeadThumbnailFiles... android.database.sqlite.SQLiteCursor@414e2820
07-03 17:22:40.326   579   720 D dalvikvm: GC_FOR_ALLOC freed 337K, 10% free 9750K/10823K, paused 33ms
07-03 17:22:42.053  1148  1167 D Volley  : [127] BasicNetwork.logSlowRequests: HTTP response for request=<[ ] https://android.clients.google.com/vending/api/ApiRequest NORMAL 12 GetMarketMetadataRequestProto> [lifetime=28497], [size=472], [rc=200], [retryCount=0]
07-03 17:22:42.107  1148  1148 D Volley  : [1] Request.finish: 28565 ms: [ ] https://android.clients.google.com/vending/api/ApiRequest NORMAL 12 GetMarketMetadataRequestProto
07-03 17:22:42.127   638   638 D OpenGLRenderer: Flushing caches (mode 1)
07-03 17:22:42.154   638   638 D OpenGLRenderer: Flushing caches (mode 1)
07-03 17:22:42.158  1148  1148 D Finsky  : [1] DownloadImpl.setState: self-update-download from null to UNQUEUED.
07-03 17:22:42.158  1148  1148 D Finsky  : [1] DownloadQueueImpl.add: Download self-update-download added to DownloadQueue
07-03 17:22:42.162  1148  1148 D Finsky  : [1] DownloadImpl.setState: self-update-download from UNQUEUED to QUEUED.
07-03 17:22:42.174    84    84 I installd: free_cache(0) avail 980013056
07-03 17:22:43.080  1148  1148 D Finsky  : [1] DownloadQueueImpl.startDownload: Download self-update-download starting
07-03 17:22:43.174  1148  1148 D Finsky  : [1] DownloadImpl.setState: self-update-download from QUEUED to DOWNLOADING.
07-03 17:22:43.181  1148  1148 D Finsky  : [1] DownloadQueueImpl.onStart: self-update-download: onStart
07-03 17:22:43.267  1148  1148 D Finsky  : [1] DownloadQueueImpl.notifyProgress: self-update-download: onProgress 0/-1 Status: 192.
07-03 17:22:43.299   545  1629 I DownloadManager: Initiating request for download 2
07-03 17:22:52.014   638   638 D OpenGLRenderer: Flushing caches (mode 1)
07-03 17:22:53.064  1064  1322 I PhoneLab-: Service Running
07-03 17:22:53.185  1064  1322 I PhoneLab-LoggerService: app_36    1325  1064  1828   1456  c00f181c 400107b4 S logcat
07-03 17:22:53.185  1064  1322 I PhoneLab-LoggerService: Logcat pid from database 1325
07-03 17:22:53.185  1064  1322 I PhoneLab-LoggerService: Logcat process found 1325
07-03 17:22:53.185  1064  1322 I PhoneLab-LoggerService: Checking Threshold
07-03 17:22:53.189  1064  1322 I PhoneLab-LoggerService: Starting to rename files
07-03 17:22:53.189  1064  1322 I PhoneLab-LoggerService: Files found .. 3
07-03 17:22:54.197   545   546 D dalvikvm: GC_CONCURRENT freed 1826K, 18% free 9439K/11399K, paused 9ms+3ms
07-03 17:22:58.271   638   638 D OpenGLRenderer: Flushing caches (mode 1)
07-03 17:23:07.592   664   667 D dalvikvm: GC_CONCURRENT freed 360K, 12% free 10219K/11527K, paused 15ms+3ms
07-03 17:23:08.596   158   169 D dalvikvm: GC_EXPLICIT freed 353K, 9% free 12098K/13191K, paused 3ms+4ms
07-03 17:23:13.842   158   204 I power   : *** set_screen_state 0
07-03 17:23:13.881    79   123 D SurfaceFlinger: About to give-up screen, flinger = 0x1e7d918
07-03 17:23:14.014   491  1636 D NfcService: NFC-C OFF, disconnect
07-03 17:23:16.342  1148  1148 D Volley  : [1] Request.finish: 34236 ms: [ ] https://android.clients.google.com/fdfe/toc NORMAL 13
07-03 17:23:16.490   638   638 D OpenGLRenderer: Flushing caches (mode 1)
07-03 17:23:19.006   158   208 D dalvikvm: GC_FOR_ALLOC freed 117K, 7% free 12303K/13191K, paused 51ms
07-03 17:23:19.006   158   208 I dalvikvm-heap: Grow heap (frag case) to 12.189MB for 104992-byte allocation
07-03 17:23:19.053   158  1637 D dalvikvm: GC_FOR_ALLOC freed 6K, 7% free 12399K/13319K, paused 42ms
07-03 17:23:19.103   158   208 D dalvikvm: GC_FOR_ALLOC freed <1K, 7% free 12400K/13319K, paused 41ms
07-03 17:23:19.103   158   208 I dalvikvm-heap: Grow heap (frag case) to 12.284MB for 104992-byte allocation
07-03 17:23:19.158   158  1637 D dalvikvm: GC_FOR_ALLOC freed <1K, 8% free 12502K/13447K, paused 39ms
07-03 17:23:19.217   158   208 D dalvikvm: GC_FOR_ALLOC freed 8K, 7% free 12512K/13447K, paused 39ms
07-03 17:23:19.217   158   208 I dalvikvm-heap: Grow heap (frag case) to 12.393MB for 104992-byte allocation
07-03 17:23:19.271   158  1637 D dalvikvm: GC_FOR_ALLOC freed 1K, 8% free 12613K/13575K, paused 43ms
07-03 17:23:19.318   158   208 D dalvikvm: GC_FOR_ALLOC freed <1K, 8% free 12614K/13575K, paused 39ms
07-03 17:23:19.318   158   208 I dalvikvm-heap: Grow heap (frag case) to 12.493MB for 104992-byte allocation
07-03 17:23:19.377   158  1637 D dalvikvm: GC_FOR_ALLOC freed <1K, 8% free 12716K/13703K, paused 42ms
07-03 17:23:19.424   158   208 D dalvikvm: GC_FOR_ALLOC freed <1K, 7% free 12826K/13703K, paused 39ms
07-03 17:23:19.431   158   208 V TransportControlView: Create TCV com.android.internal.widget.TransportControlView@4157da18
07-03 17:23:19.478   393   393 D PhoneStatusBar: disable: < expand icons alerts ticker system_info back home RECENT* clock >
07-03 17:23:19.486   638   638 D OpenGLRenderer: Flushing caches (mode 1)
07-03 17:23:19.549   393   393 D PhoneStatusBar: disable: < expand icons alerts ticker system_info BACK* HOME* RECENT clock >
07-03 17:23:19.588   393   393 D PhoneStatusBar: disable: < expand icons alerts ticker system_info BACK HOME RECENT CLOCK* >
07-03 17:23:21.592  1148  1150 D dalvikvm: GC_CONCURRENT freed 1886K, 17% free 9891K/11911K, paused 7ms+3ms
07-03 17:23:36.049   579  1001 D dalvikvm: GC_FOR_ALLOC freed 286K, 10% free 9765K/10823K, paused 22ms
07-03 17:23:46.533  1148  1148 E Finsky  : [1] 2.onErrorResponse: Failed to send 1 events because of [com.android.volley.TimeoutError]
07-03 17:23:46.537  1148  1148 D Volley  : [1] Request.finish: 48349 ms: [ ] https://android.clients.google.com/fdfe/log NORMAL 14
07-03 17:24:06.228   545   546 D dalvikvm: GC_CONCURRENT freed 295K, 17% free 9528K/11399K, paused 8ms+3ms
07-03 17:24:35.791   158   208 I power   : *** set_screen_state 1
07-03 17:24:35.881   158   208 I WindowManager: Lock screen displayed!
07-03 17:24:35.994    79   123 D SurfaceFlinger: Screen about to return, flinger = 0x1e7d918
07-03 17:24:37.271   393   393 D PhoneStatusBar: disable: < expand icons alerts ticker system_info BACK HOME recent* CLOCK >
07-03 17:24:37.283    82   131 D AudioHardware: AudioHardware pcm playback is exiting standby.
07-03 17:24:37.283    82   131 D AudioHardware: openPcmOut_l() mPcmOpenCnt: 0
07-03 17:24:37.287   158   508 W InputManagerService: Window already focused, ignoring focus gain of: com.android.internal.view.IInputMethodClient$Stub$Proxy@415f2830
07-03 17:24:37.299   393   393 D PhoneStatusBar: disable: < expand icons alerts ticker system_info back* home* recent clock* >
07-03 17:24:37.318   491  1667 D NfcService: NFC-C ON
07-03 17:24:40.443    82   131 D AudioHardware: AudioHardware pcm playback is going to standby.
07-03 17:24:40.443    82   131 D AudioHardware: closePcmOut_l() mPcmOpenCnt: 1
07-03 17:24:47.467   158   213 I InputReader: Reconfiguring input devices.  changes=0x00000004
07-03 17:24:47.467   158   213 I InputReader: Device reconfigured: id=7, name='mxt224_ts_input', surface size is now 480x800, mode is 1
07-03 17:24:47.517   158   174 I ActivityManager: Config changed: {1.0 310mcc120mnc en_US layoutdir=0 sw320dp w533dp h294dp nrml long land finger -keyb/v/h -nav/h s.6}
07-03 17:24:47.545  1148  1148 D OpenGLRenderer: Flushing caches (mode 0)
07-03 17:24:47.693  1148  1148 D dalvikvm: GC_EXPLICIT freed 367K, 18% free 9866K/11911K, paused 2ms+3ms
07-03 17:24:47.795   393   395 D dalvikvm: GC_CONCURRENT freed 474K, 9% free 10238K/11143K, paused 1ms+3ms
07-03 17:24:47.814   393   393 D dalvikvm: GC_FOR_ALLOC freed 21K, 9% free 10217K/11143K, paused 18ms
07-03 17:24:47.814   393   393 I dalvikvm-heap: Grow heap (frag case) to 10.339MB for 310416-byte allocation
07-03 17:24:47.838   393   393 D dalvikvm: GC_FOR_ALLOC freed <1K, 9% free 10520K/11463K, paused 16ms
07-03 17:24:47.865   393   393 D dalvikvm: GC_FOR_ALLOC freed 181K, 10% free 10338K/11463K, paused 23ms
07-03 17:24:47.865   393   393 I dalvikvm-heap: Grow heap (frag case) to 10.458MB for 310416-byte allocation
07-03 17:24:47.912   393   393 D dalvikvm: GC_FOR_ALLOC freed <1K, 10% free 10641K/11783K, paused 47ms
07-03 17:24:47.986  1148  1148 D Finsky  : [1] SelfUpdateScheduler.checkForSelfUpdate: Skipping self-update check as there is an update already queued.
07-03 17:24:49.603   158   213 I InputReader: Reconfiguring input devices.  changes=0x00000004
07-03 17:24:49.603   158   213 I InputReader: Device reconfigured: id=7, name='mxt224_ts_input', surface size is now 480x800, mode is 1
07-03 17:24:49.654   158   174 I ActivityManager: Config changed: {1.0 310mcc120mnc en_US layoutdir=0 sw320dp w320dp h508dp nrml long port finger -keyb/v/h -nav/h s.7}
07-03 17:24:49.693  1148  1148 D OpenGLRenderer: Flushing caches (mode 0)
07-03 17:24:49.744  1148  1148 D dalvikvm: GC_EXPLICIT freed 313K, 18% free 9883K/11911K, paused 5ms+4ms
07-03 17:24:49.967   393   395 D dalvikvm: GC_CONCURRENT freed 953K, 15% free 10119K/11783K, paused 2ms+8ms
07-03 17:24:49.990  1148  1148 D Finsky  : [1] SelfUpdateScheduler.checkForSelfUpdate: Skipping self-update check as there is an update already queued.
07-03 17:24:51.748   158   212 I ActivityManager: START {act=android.intent.action.MAIN cat=[android.intent.category.HOME] flg=0x10200000 cmp=com.android.launcher/com.android.launcher2.Launcher} from pid 158
07-03 17:24:51.834   158   212 D dalvikvm: GC_FOR_ALLOC freed 676K, 7% free 12927K/13831K, paused 51ms
07-03 17:24:51.943  1148  1148 D OpenGLRenderer: Flushing caches (mode 0)
07-03 17:24:52.306  1148  1148 D OpenGLRenderer: Flushing caches (mode 1)
07-03 17:24:52.998    82   131 D AudioHardware: AudioHardware pcm playback is exiting standby.
07-03 17:24:52.998    82   131 D AudioHardware: openPcmOut_l() mPcmOpenCnt: 0
07-03 17:24:53.080  1064  1322 I PhoneLab-: Service Running
07-03 17:24:53.189  1548  1550 D dalvikvm: GC_CONCURRENT freed 549K, 41% free 11707K/19783K, paused 3ms+9ms
07-03 17:24:53.291  1548  1676 D dalvikvm: GC_FOR_ALLOC freed 440K, 41% free 11743K/19783K, paused 24ms
07-03 17:24:53.377  1548  1550 D dalvikvm: GC_CONCURRENT freed 1K, 37% free 12647K/19783K, paused 4ms+5ms
07-03 17:24:53.514  1548  1562 D dalvikvm: GC_FOR_ALLOC freed 973K, 39% free 12070K/19783K, paused 23ms
07-03 17:24:53.517  1548  1562 I dalvikvm-heap: Grow heap (frag case) to 13.083MB for 1286224-byte allocation
07-03 17:24:53.556  1548  1548 D dalvikvm: GC_FOR_ALLOC freed 3K, 33% free 13323K/19783K, paused 24ms
07-03 17:24:53.670  1064  1322 I PhoneLab-LoggerService: app_36    1325  1064  1828   1456  c00f181c 400107b4 S logcat
07-03 17:24:53.670  1064  1322 I PhoneLab-LoggerService: Logcat pid from database 1325
07-03 17:24:53.670  1064  1322 I PhoneLab-LoggerService: Logcat process found 1325
07-03 17:24:53.670  1064  1322 I PhoneLab-LoggerService: Checking Threshold
07-03 17:24:53.674  1064  1322 I PhoneLab-LoggerService: Starting to rename files
07-03 17:24:53.674  1064  1322 I PhoneLab-LoggerService: Files found .. 3
07-03 17:24:53.736  1548  1550 D dalvikvm: GC_CONCURRENT freed 250K, 32% free 13536K/19783K, paused 2ms+5ms
07-03 17:24:54.014  1548  1550 D dalvikvm: GC_CONCURRENT freed 2559K, 38% free 12358K/19783K, paused 5ms+6ms
07-03 17:24:54.142  1548  1550 D dalvikvm: GC_CONCURRENT freed 787K, 36% free 12662K/19783K, paused 2ms+4ms
07-03 17:24:54.267   158   207 D dalvikvm: GC_EXPLICIT freed 1012K, 13% free 12119K/13831K, paused 3ms+7ms
07-03 17:24:54.369   158   207 D dalvikvm: GC_EXPLICIT freed 10K, 13% free 12109K/13831K, paused 3ms+9ms
07-03 17:24:54.721   158   578 I ActivityManager: START {act=android.intent.action.MAIN cat=[android.intent.category.APP_MARKET] flg=0x10000000 cmp=com.android.vending/.AssetBrowserActivity} from pid 1548
07-03 17:24:54.834  1548  1548 D OpenGLRenderer: Flushing caches (mode 0)
07-03 17:24:54.947  1548  1548 D OpenGLRenderer: Flushing caches (mode 1)
07-03 17:24:54.947   158   509 W InputManagerService: Starting input on non-focused client com.android.internal.view.IInputMethodClient$Stub$Proxy@41533770 (uid=10025 pid=1548)
07-03 17:24:57.806    82   131 D AudioHardware: AudioHardware pcm playback is going to standby.
07-03 17:24:57.806    82   131 D AudioHardware: closePcmOut_l() mPcmOpenCnt: 1
07-03 17:25:01.943   664   667 D dalvikvm: GC_CONCURRENT freed 427K, 12% free 10188K/11527K, paused 39ms+3ms
07-03 17:25:06.088   638   649 I GLSUser : GLS error: NetworkError
07-03 17:25:06.115   638   638 D OpenGLRenderer: Flushing caches (mode 1)
07-03 17:25:06.127   158   200 D SyncManager: failed sync operation mcmanojster@gmail.com (com.google), subscribedfeeds, POLL, earliestRunTime 145154, SyncResult: stats [ numAuthExceptions: 1]
07-03 17:25:06.135   158   200 D SyncManager: not retrying sync operation because the error is a hard error: mcmanojster@gmail.com (com.google), subscribedfeeds, POLL, earliestRunTime 477690
07-03 17:25:26.744   638   641 D dalvikvm: GC_CONCURRENT freed 484K, 9% free 9712K/10631K, paused 5ms+4ms
07-03 17:25:27.193  1148  1150 D dalvikvm: GC_CONCURRENT freed 295K, 17% free 9972K/11911K, paused 9ms+4ms
07-03 17:25:35.342   638   638 D OpenGLRenderer: Flushing caches (mode 1)
07-03 17:25:35.431   545   546 D dalvikvm: GC_CONCURRENT freed 335K, 16% free 9576K/11399K, paused 2ms+4ms
07-03 17:25:35.506   749   884 I CalendarProvider2: No events to update: uri=content://com.android.calendar/events?account_name=mcmanojster%40gmail.com&account_type=com.google&caller_is_syncadapter=true selection=_sync_id IS NOT NULL AND calendar_id=1 selectionArgs=null
07-03 17:25:35.588  1429  1432 D dalvikvm: GC_CONCURRENT freed 342K, 5% free 9126K/9543K, paused 3ms+2ms
07-03 17:25:55.209   158   204 I power   : *** set_screen_state 0
07-03 17:25:55.248    79   123 D SurfaceFlinger: About to give-up screen, flinger = 0x1e7d918
07-03 17:25:55.435   158   161 D dalvikvm: GC_CONCURRENT freed 544K, 12% free 12274K/13831K, paused 11ms+4ms
07-03 17:25:55.439   491   588 D NfcService: NFC-C OFF, disconnect
07-03 17:26:00.346   158   208 V TransportControlView: Create TCV com.android.internal.widget.TransportControlView@413c4aa8
07-03 17:26:00.396   638   638 D OpenGLRenderer: Flushing caches (mode 1)
07-03 17:26:00.408   393   393 D PhoneStatusBar: disable: < expand icons alerts ticker system_info back home RECENT* clock >
07-03 17:26:00.435   158   161 D dalvikvm: GC_CONCURRENT freed 104K, 7% free 12985K/13831K, paused 2ms+5ms
07-03 17:26:00.447   393   393 D PhoneStatusBar: disable: < expand icons alerts ticker system_info BACK* HOME* RECENT CLOCK* >
07-03 17:26:05.396  1148  1148 D Volley  : [1] Request.finish: 77407 ms: [ ] https://android.clients.google.com/fdfe/toc NORMAL 18
07-03 17:26:05.545   158   174 D dalvikvm: GC_EXPLICIT freed 62K, 7% free 12991K/13831K, paused 13ms+4ms
07-03 17:26:05.556   638   638 D OpenGLRenderer: Flushing caches (mode 1)
07-03 17:26:08.877  1429  1699 W GDataClient: Unable to execute HTTP request.javax.net.ssl.SSLException: Connection closed by peer
07-03 17:26:08.939  1429  1699 D CalendarSyncAdapter: IO error, ignoring rest of feed
07-03 17:26:08.939  1429  1699 D CalendarSyncAdapter: javax.net.ssl.SSLException: Connection closed by peer
07-03 17:26:08.939  1429  1699 D CalendarSyncAdapter: 	at org.apache.harmony.xnet.provider.jsse.NativeCrypto.SSL_do_handshake(Native Method)
07-03 17:26:08.939  1429  1699 D CalendarSyncAdapter: 	at org.apache.harmony.xnet.provider.jsse.OpenSSLSocketImpl.startHandshake(OpenSSLSocketImpl.java:410)
07-03 17:26:08.939  1429  1699 D CalendarSyncAdapter: 	at org.apache.harmony.xnet.provider.jsse.OpenSSLSocketImpl.startHandshake(OpenSSLSocketImpl.java:257)
07-03 17:26:08.939  1429  1699 D CalendarSyncAdapter: 	at android.net.SSLCertificateSocketFactory.verifyHostname(SSLCertificateSocketFactory.java:191)
07-03 17:26:08.939  1429  1699 D CalendarSyncAdapter: 	at android.net.SSLCertificateSocketFactory.createSocket(SSLCertificateSocketFactory.java:276)
07-03 17:26:08.939  1429  1699 D CalendarSyncAdapter: 	at org.apache.http.conn.ssl.SSLSocketFactory.createSocket(SSLSocketFactory.java:375)
07-03 17:26:08.939  1429  1699 D CalendarSyncAdapter: 	at com.google.android.common.http.GoogleHttpClient$WrappedLayeredSocketFactory.createSocket(GoogleHttpClient.java:159)
07-03 17:26:08.939  1429  1699 D CalendarSyncAdapter: 	at org.apache.http.impl.conn.DefaultClientConnectionOperator.openConnection(DefaultClientConnectionOperator.java:165)
07-03 17:26:08.939  1429  1699 D CalendarSyncAdapter: 	at org.apache.http.impl.conn.AbstractPoolEntry.open(AbstractPoolEntry.java:164)
07-03 17:26:08.939  1429  1699 D CalendarSyncAdapter: 	at org.apache.http.impl.conn.AbstractPooledConnAdapter.open(AbstractPooledConnAdapter.java:119)
07-03 17:26:08.939  1429  1699 D CalendarSyncAdapter: 	at org.apache.http.impl.client.DefaultRequestDirector.execute(DefaultRequestDirector.java:360)
07-03 17:26:08.939  1429  1699 D CalendarSyncAdapter: 	at org.apache.http.impl.client.AbstractHttpClient.execute(AbstractHttpClient.java:555)
07-03 17:26:08.939  1429  1699 D CalendarSyncAdapter: 	at org.apache.http.impl.client.AbstractHttpClient.execute(AbstractHttpClient.java:487)
07-03 17:26:08.939  1429  1699 D CalendarSyncAdapter: 	at android.net.http.AndroidHttpClient.execute(AndroidHttpClient.java:257)
07-03 17:26:08.939  1429  1699 D CalendarSyncAdapter: 	at com.google.android.common.http.GoogleHttpClient.executeWithoutRewriting(GoogleHttpClient.java:202)
07-03 17:26:08.939  1429  1699 D CalendarSyncAdapter: 	at com.google.android.common.http.GoogleHttpClient.execute(GoogleHttpClient.java:259)
07-03 17:26:08.939  1429  1699 D CalendarSyncAdapter: 	at com.google.android.common.http.GoogleHttpClient.execute(GoogleHttpClient.java:312)
07-03 17:26:08.939  1429  1699 D CalendarSyncAdapter: 	at com.google.android.common.gdata2.AndroidGDataClient.createAndExecuteMethod(AndroidGDataClient.java:281)
07-03 17:26:08.939  1429  1699 D CalendarSyncAdapter: 	at com.google.android.syncadapters.HttpsOnlyAndroidGDataClient.createAndExecuteMethod(HttpsOnlyAndroidGDataClient.java:32)
07-03 17:26:08.939  1429  1699 D CalendarSyncAdapter: 	at com.google.android.common.gdata2.AndroidGDataClient.getFeedAsStream(AndroidGDataClient.java:415)
07-03 17:26:08.939  1429  1699 D CalendarSyncAdapter: 	at com.google.wireless.gdata2.client.GDataServiceClient.getParserForFeed(GDataServiceClient.java:108)
07-03 17:26:08.939  1429  1699 D CalendarSyncAdapter: 	at com.google.android.syncadapters.GDataFeedFetcher.fetchFeed(GDataFeedFetcher.java:184)
07-03 17:26:08.939  1429  1699 D CalendarSyncAdapter: 	at com.google.android.syncadapters.GDataFeedFetcher.run(GDataFeedFetcher.java:98)
07-03 17:26:08.939  1429  1699 D CalendarSyncAdapter: 	at com.google.android.syncadapters.calendar.CalendarSyncAdapter$CalendarGDataFeedFetcher.run(CalendarSyncAdapter.java:2738)
07-03 17:26:08.939  1429  1699 D CalendarSyncAdapter: 	at java.lang.Thread.run(Thread.java:856)
07-03 17:26:08.978  1429  1681 D CalendarSyncAdapter: getServerDiffs failed
07-03 17:26:08.978  1429  1681 D CalendarSyncAdapter: java.io.IOException: Connection failed during feed read of https://www.google.com/calendar/feeds/mcmanojster%40gmail.com/private/full
07-03 17:26:08.978  1429  1681 D CalendarSyncAdapter: 	at com.google.android.syncadapters.calendar.CalendarSyncAdapter.getServerDiffsImpl(CalendarSyncAdapter.java:2264)
07-03 17:26:08.978  1429  1681 D CalendarSyncAdapter: 	at com.google.android.syncadapters.calendar.CalendarSyncAdapter.getServerDiffsForFeed(CalendarSyncAdapter.java:1954)
07-03 17:26:08.978  1429  1681 D CalendarSyncAdapter: 	at com.google.android.syncadapters.calendar.CalendarSyncAdapter.getServerDiffsOrig(CalendarSyncAdapter.java:945)
07-03 17:26:08.978  1429  1681 D CalendarSyncAdapter: 	at com.google.android.syncadapters.calendar.CalendarSyncAdapter.innerPerformSync(CalendarSyncAdapter.java:417)
07-03 17:26:08.978  1429  1681 D CalendarSyncAdapter: 	at com.google.android.syncadapters.calendar.CalendarSyncAdapter.onPerformLoggedSync(CalendarSyncAdapter.java:302)
07-03 17:26:08.978  1429  1681 D CalendarSyncAdapter: 	at com.google.android.common.LoggingThreadedSyncAdapter.onPerformSync(LoggingThreadedSyncAdapter.java:33)
07-03 17:26:08.978  1429  1681 D CalendarSyncAdapter: 	at android.content.AbstractThreadedSyncAdapter$SyncThread.run(AbstractThreadedSyncAdapter.java:247)
07-03 17:26:08.978  1429  1681 D CalendarSyncAdapter: FAILURE: processed 0 records in 33497 ms from feed https://www.google.com/calendar/feeds/mcmanojster%40gmail.com/private/full, updated time is null
07-03 17:26:08.994   158   200 D SyncManager: failed sync operation mcmanojster@gmail.com (com.google), com.android.calendar, USER, earliestRunTime 145793, SyncResult: stats [ numIoExceptions: 2]
07-03 17:26:09.209   638   638 D OpenGLRenderer: Flushing caches (mode 1)
07-03 17:26:15.482   638   638 D OpenGLRenderer: Flushing caches (mode 1)
07-03 17:26:17.873   579  1001 D dalvikvm: GC_FOR_ALLOC freed 382K, 10% free 9758K/10823K, paused 28ms
07-03 17:26:18.096   664   667 D dalvikvm: GC_CONCURRENT freed 371K, 12% free 10201K/11527K, paused 8ms+5ms
07-03 17:26:39.611   545   546 D dalvikvm: GC_CONCURRENT freed 380K, 16% free 9581K/11399K, paused 8ms+4ms
07-03 17:26:44.580   545   558 D dalvikvm: GC_EXPLICIT freed 168K, 18% free 9452K/11399K, paused 2ms+4ms
07-03 17:26:45.529  1148  1148 D Volley  : [1] Request.finish: 115534 ms: [ ] https://android.clients.google.com/fdfe/toc NORMAL 21
07-03 17:26:53.064  1064  1322 I PhoneLab-: Service Running
07-03 17:26:53.135  1064  1322 I PhoneLab-LoggerService: app_36    1325  1064  1828   1456  c00f181c 400107b4 S logcat
07-03 17:26:53.135  1064  1322 I PhoneLab-LoggerService: Logcat pid from database 1325
07-03 17:26:53.135  1064  1322 I PhoneLab-LoggerService: Logcat process found 1325
07-03 17:26:53.135  1064  1322 I PhoneLab-LoggerService: Checking Threshold
07-03 17:26:53.135  1064  1322 I PhoneLab-LoggerService: Starting to rename files
07-03 17:26:53.135  1064  1322 I PhoneLab-LoggerService: Files found .. 3
07-03 17:27:14.846   579   593 D dalvikvm: GC_FOR_ALLOC freed 277K, 10% free 9758K/10823K, paused 54ms
07-03 17:27:15.209  1148  1150 D dalvikvm: GC_CONCURRENT freed 444K, 17% free 9912K/11911K, paused 7ms+2ms
07-03 17:28:06.471   545   546 D dalvikvm: GC_CONCURRENT freed 270K, 17% free 9568K/11399K, paused 12ms+6ms
07-03 17:28:26.650   579   713 D dalvikvm: GC_FOR_ALLOC freed 271K, 11% free 9732K/10823K, paused 21ms
07-03 17:28:32.646   158   208 I power   : *** set_screen_state 1
07-03 17:28:32.728   158   208 I WindowManager: Lock screen displayed!
07-03 17:28:32.846    79   123 D SurfaceFlinger: Screen about to return, flinger = 0x1e7d918
07-03 17:28:34.674   393   393 D PhoneStatusBar: disable: < expand icons alerts ticker system_info BACK HOME recent* CLOCK >
07-03 17:28:34.678   491  1636 D NfcService: NFC-C ON
07-03 17:28:34.681    82   131 D AudioHardware: AudioHardware pcm playback is exiting standby.
07-03 17:28:34.681    82   131 D AudioHardware: openPcmOut_l() mPcmOpenCnt: 0
07-03 17:28:34.693   158   481 W InputManagerService: Window already focused, ignoring focus gain of: com.android.internal.view.IInputMethodClient$Stub$Proxy@417bce90
07-03 17:28:34.697   393   393 D PhoneStatusBar: disable: < expand icons alerts ticker system_info back* home* recent clock* >
07-03 17:28:34.896   158   165 I dalvikvm: Jit: resizing JitTable from 8192 to 16384
07-03 17:28:37.846    82   131 D AudioHardware: AudioHardware pcm playback is going to standby.
07-03 17:28:37.846    82   131 D AudioHardware: closePcmOut_l() mPcmOpenCnt: 1
07-03 17:28:39.447  1064  1064 I PhoneLab-PowerOnReceiver: Power is plugged off!
07-03 17:28:39.584   158   161 D dalvikvm: GC_CONCURRENT freed 971K, 8% free 12956K/14023K, paused 3ms+12ms
07-03 17:28:39.615  1064  1067 D dalvikvm: GC_CONCURRENT freed 482K, 6% free 9103K/9671K, paused 2ms+12ms
07-03 17:28:40.467   393   439 I StorageNotification: UMS connection changed to false (media state mounted)
07-03 17:28:40.533   393   395 D dalvikvm: GC_CONCURRENT freed 320K, 13% free 10281K/11783K, paused 2ms+3ms
07-03 17:28:40.588   393   393 D dalvikvm: GC_FOR_ALLOC freed 555K, 15% free 10088K/11783K, paused 16ms
07-03 17:28:40.654   393   395 D dalvikvm: GC_CONCURRENT freed 518K, 15% free 10066K/11783K, paused 2ms+2ms
07-03 17:28:40.748   393   395 D dalvikvm: GC_CONCURRENT freed 485K, 15% free 10060K/11783K, paused 3ms+4ms
07-03 17:28:53.072  1064  1322 I PhoneLab-: Service Running
07-03 17:28:53.174  1064  1322 I PhoneLab-LoggerService: app_36    1325  1064  1828   1456  c00f181c 400107b4 S logcat
07-03 17:28:53.174  1064  1322 I PhoneLab-LoggerService: Logcat pid from database 1325
07-03 17:28:53.174  1064  1322 I PhoneLab-LoggerService: Logcat process found 1325
07-03 17:28:53.174  1064  1322 I PhoneLab-LoggerService: Checking Threshold
07-03 17:28:53.174  1064  1322 I PhoneLab-LoggerService: Starting to rename files
07-03 17:28:53.178  1064  1322 I PhoneLab-LoggerService: Files found .. 3
07-03 17:29:00.806   664   667 D dalvikvm: GC_CONCURRENT freed 403K, 12% free 10184K/11527K, paused 6ms+3ms
07-03 17:29:01.506   158   212 I ActivityManager: START {act=android.intent.action.MAIN cat=[android.intent.category.HOME] flg=0x10200000 cmp=com.android.launcher/com.android.launcher2.Launcher} from pid 158
07-03 17:29:01.627  1148  1148 D OpenGLRenderer: Flushing caches (mode 0)
07-03 17:29:01.666  1148  1148 D OpenGLRenderer: Flushing caches (mode 1)
07-03 17:29:02.482    82   131 D AudioHardware: AudioHardware pcm playback is exiting standby.
07-03 17:29:02.482    82   131 D AudioHardware: openPcmOut_l() mPcmOpenCnt: 0
07-03 17:29:02.740  1548  1550 D dalvikvm: GC_CONCURRENT freed 1849K, 40% free 11973K/19783K, paused 2ms+8ms
07-03 17:29:02.853  1548  1550 D dalvikvm: GC_CONCURRENT freed 282K, 37% free 12660K/19783K, paused 4ms+4ms
07-03 17:29:02.935  1548  1619 D dalvikvm: GC_FOR_ALLOC freed 974K, 40% free 11932K/19783K, paused 27ms
07-03 17:29:02.939  1548  1619 I dalvikvm-heap: Grow heap (frag case) to 12.947MB for 1286224-byte allocation
07-03 17:29:02.982  1548  1618 D dalvikvm: GC_FOR_ALLOC freed 2K, 34% free 13185K/19783K, paused 26ms
07-03 17:29:03.084  1548  1550 D dalvikvm: GC_CONCURRENT freed 136K, 32% free 13524K/19783K, paused 2ms+10ms
07-03 17:29:03.357  1548  1550 D dalvikvm: GC_CONCURRENT freed 2690K, 38% free 12296K/19783K, paused 3ms+7ms
07-03 17:29:03.459  1548  1562 D dalvikvm: GC_FOR_ALLOC freed 662K, 39% free 12113K/19783K, paused 27ms
07-03 17:29:03.564  1548  1550 D dalvikvm: GC_CONCURRENT freed 9K, 35% free 13012K/19783K, paused 2ms+9ms
07-03 17:29:03.767  1548  1550 D dalvikvm: GC_CONCURRENT freed 429K, 30% free 13904K/19783K, paused 3ms+4ms
07-03 17:29:03.896  1548  1550 D dalvikvm: GC_CONCURRENT freed 1568K, 30% free 13904K/19783K, paused 3ms+7ms
07-03 17:29:04.056  1548  1676 D dalvikvm: GC_FOR_ALLOC freed 641K, 27% free 14503K/19783K, paused 36ms
07-03 17:29:04.185  1548  1550 D dalvikvm: GC_CONCURRENT freed 2750K, 32% free 13553K/19783K, paused 2ms+3ms
07-03 17:29:04.666   158   508 I ActivityManager: START {act=android.intent.action.MAIN cat=[android.intent.category.APP_MARKET] flg=0x10000000 cmp=com.android.vending/.AssetBrowserActivity} from pid 1548
07-03 17:29:04.744   158   508 D dalvikvm: GC_FOR_ALLOC freed 1092K, 14% free 12145K/14023K, paused 44ms
07-03 17:29:04.830  1548  1548 D OpenGLRenderer: Flushing caches (mode 0)
07-03 17:29:04.959   158   576 W InputManagerService: Starting input on non-focused client com.android.internal.view.IInputMethodClient$Stub$Proxy@41533770 (uid=10025 pid=1548)
07-03 17:29:04.963  1548  1548 D OpenGLRenderer: Flushing caches (mode 1)
07-03 17:29:06.752  1548  1619 D dalvikvm: GC_FOR_ALLOC freed 3199K, 41% free 11685K/19783K, paused 32ms
07-03 17:29:06.838  1548  1619 D dalvikvm: GC_FOR_ALLOC freed 317K, 41% free 11752K/19783K, paused 35ms
07-03 17:29:06.931  1548  1550 D dalvikvm: GC_CONCURRENT freed <1K, 37% free 12655K/19783K, paused 3ms+10ms
07-03 17:29:06.998   158   174 I Process : Sending signal. PID: 1548 SIG: 3
07-03 17:29:06.998  1548  1552 I dalvikvm: threadid=3: reacting to signal 3
07-03 17:29:07.025  1548  1552 I dalvikvm: Wrote stack traces to '/data/anr/traces.txt'
07-03 17:29:07.099  1548  1562 D dalvikvm: GC_FOR_ALLOC freed 74K, 36% free 12734K/19783K, paused 41ms
07-03 17:29:07.115  1548  1562 I dalvikvm-heap: Grow heap (frag case) to 13.731MB for 1286224-byte allocation
07-03 17:29:07.158  1548  1619 D dalvikvm: GC_FOR_ALLOC freed 1K, 30% free 13989K/19783K, paused 25ms
07-03 17:29:07.228  1148  1148 D OpenGLRenderer: Flushing caches (mode 0)
07-03 17:29:07.314  1548  1550 D dalvikvm: GC_CONCURRENT freed 159K, 29% free 14140K/19783K, paused 2ms+10ms
07-03 17:29:07.514  1548  1550 D dalvikvm: GC_CONCURRENT freed 3355K, 38% free 12460K/19783K, paused 2ms+5ms
07-03 17:29:07.611  1548  1676 D dalvikvm: GC_FOR_ALLOC freed 979K, 37% free 12484K/19783K, paused 31ms
07-03 17:29:07.732    82   131 D AudioHardware: AudioHardware pcm playback is going to standby.
07-03 17:29:07.732    82   131 D AudioHardware: closePcmOut_l() mPcmOpenCnt: 1
07-03 17:29:07.760  1148  1148 D OpenGLRenderer: Flushing caches (mode 1)
07-03 17:29:07.803  1148  1148 D dalvikvm: GC_EXPLICIT freed 113K, 17% free 9896K/11911K, paused 3ms+4ms
07-03 17:29:15.232   579   598 D dalvikvm: GC_FOR_ALLOC freed 228K, 10% free 9742K/10823K, paused 17ms
07-03 17:29:39.412   158   170 D dalvikvm: GC_EXPLICIT freed 425K, 14% free 12156K/14023K, paused 3ms+4ms
07-03 17:29:42.279   545   546 D dalvikvm: GC_CONCURRENT freed 386K, 17% free 9568K/11399K, paused 2ms+4ms
07-03 17:30:06.896   158   204 I power   : *** set_screen_state 0
07-03 17:30:06.935    79   123 D SurfaceFlinger: About to give-up screen, flinger = 0x1e7d918
07-03 17:30:07.033   491  1665 D NfcService: NFC-C OFF, disconnect
07-03 17:30:12.056   158   161 D dalvikvm: GC_CONCURRENT freed 311K, 11% free 12561K/14023K, paused 2ms+4ms
07-03 17:30:12.099   158   208 D dalvikvm: GC_FOR_ALLOC freed 17K, 9% free 12856K/14023K, paused 36ms
07-03 17:30:12.099   158   208 I dalvikvm-heap: Grow heap (frag case) to 12.729MB for 104992-byte allocation
07-03 17:30:12.150   158   208 D dalvikvm: GC_FOR_ALLOC freed 1K, 9% free 12957K/14151K, paused 37ms
07-03 17:30:12.154   158   208 V TransportControlView: Create TCV com.android.internal.widget.TransportControlView@4151b3a8
07-03 17:30:12.178   638   638 D OpenGLRenderer: Flushing caches (mode 1)
07-03 17:30:12.181   393   393 D PhoneStatusBar: disable: < expand icons alerts ticker system_info back home RECENT* clock >
07-03 17:30:12.197   393   393 D PhoneStatusBar: disable: < expand icons alerts ticker system_info BACK* HOME* RECENT CLOCK* >
07-03 17:30:15.310   158   208 I power   : *** set_screen_state 1
07-03 17:30:15.396   158   208 I WindowManager: Lock screen displayed!
07-03 17:30:15.525    79   123 D SurfaceFlinger: Screen about to return, flinger = 0x1e7d918
07-03 17:30:16.584   393   393 D PhoneStatusBar: disable: < expand icons alerts ticker system_info BACK HOME recent* CLOCK >
07-03 17:30:16.588   491   588 D NfcService: NFC-C ON
07-03 17:30:16.607    82   131 D AudioHardware: AudioHardware pcm playback is exiting standby.
07-03 17:30:16.607    82   131 D AudioHardware: openPcmOut_l() mPcmOpenCnt: 0
07-03 17:30:16.611   158   508 W InputManagerService: Window already focused, ignoring focus gain of: com.android.internal.view.IInputMethodClient$Stub$Proxy@41565990
07-03 17:30:16.615   393   393 D PhoneStatusBar: disable: < expand icons alerts ticker system_info back* home* recent clock* >
07-03 17:30:19.701   638   638 D OpenGLRenderer: Flushing caches (mode 1)
07-03 17:30:20.471   158   576 I ActivityManager: START {act=android.intent.action.MAIN cat=[android.intent.category.LAUNCHER] flg=0x10200000 cmp=com.android.vending/.AssetBrowserActivity} from pid 1548
07-03 17:30:20.549   158   576 D dalvikvm: GC_FOR_ALLOC freed 434K, 9% free 12983K/14151K, paused 43ms
07-03 17:30:20.701  1148  1148 D Finsky  : [1] SelfUpdateScheduler.checkForSelfUpdate: Skipping self-update check as there is an update already queued.
07-03 17:30:20.736   638   638 D OpenGLRenderer: Flushing caches (mode 1)
07-03 17:30:20.760  1548  1548 D OpenGLRenderer: Flushing caches (mode 1)
07-03 17:30:20.900  1148  1150 D dalvikvm: GC_CONCURRENT freed 300K, 17% free 10005K/11911K, paused 4ms+4ms
07-03 17:30:20.935   158   207 I ActivityManager: Displayed com.android.vending/.AssetBrowserActivity: +357ms
07-03 17:30:20.963  1548  1548 D OpenGLRenderer: Flushing caches (mode 0)
07-03 17:30:21.049   158   169 W InputManagerService: Starting input on non-focused client com.android.internal.view.IInputMethodClient$Stub$Proxy@41533770 (uid=10025 pid=1548)
07-03 17:30:23.439    82   131 D AudioHardware: AudioHardware pcm playback is going to standby.
07-03 17:30:23.439    82   131 D AudioHardware: closePcmOut_l() mPcmOpenCnt: 1
07-03 17:30:25.127    82   131 D AudioHardware: AudioHardware pcm playback is exiting standby.
07-03 17:30:25.127    82   131 D AudioHardware: openPcmOut_l() mPcmOpenCnt: 0
07-03 17:30:26.017   158   477 W InputManagerService: Window already focused, ignoring focus gain of: com.android.internal.view.IInputMethodClient$Stub$Proxy@41561c58
07-03 17:30:29.033    82   131 D AudioHardware: AudioHardware pcm playback is going to standby.
07-03 17:30:29.033    82   131 D AudioHardware: closePcmOut_l() mPcmOpenCnt: 1
07-03 17:30:41.154  1148  1150 D dalvikvm: GC_CONCURRENT freed 408K, 16% free 10011K/11911K, paused 2ms+3ms
07-03 17:30:41.900   579   598 D dalvikvm: GC_FOR_ALLOC freed 252K, 10% free 9755K/10823K, paused 20ms
07-03 17:30:43.201   638   638 D OpenGLRenderer: Flushing caches (mode 1)
07-03 17:30:43.939   638   638 D OpenGLRenderer: Flushing caches (mode 1)
07-03 17:30:53.064  1064  1322 I PhoneLab-: Service Running
07-03 17:30:53.154  1064  1322 I PhoneLab-LoggerService: app_36    1325  1064  1828   1456  c00f181c 400107b4 S logcat
07-03 17:30:53.154  1064  1322 I PhoneLab-LoggerService: Logcat pid from database 1325
07-03 17:30:53.154  1064  1322 I PhoneLab-LoggerService: Logcat process found 1325
07-03 17:30:53.154  1064  1322 I PhoneLab-LoggerService: Checking Threshold
07-03 17:30:53.158  1064  1322 I PhoneLab-LoggerService: Starting to rename files
07-03 17:30:53.158  1064  1322 I PhoneLab-LoggerService: Files found .. 3
07-03 17:30:58.517   545   546 D dalvikvm: GC_CONCURRENT freed 382K, 17% free 9571K/11399K, paused 2ms+3ms
07-03 17:31:00.228  1148  1150 D dalvikvm: GC_CONCURRENT freed 402K, 16% free 10102K/11911K, paused 2ms+3ms
07-03 17:31:02.967  1148  1168 D Volley  : [128] BasicNetwork.logSlowRequests: HTTP response for request=<[ ] https://android.clients.google.com/fdfe/replicateLibrary NORMAL 26> [lifetime=43285], [size=1989], [rc=200], [retryCount=1]
07-03 17:31:03.029  1148  1148 D Volley  : [1] Request.finish: 43349 ms: [ ] https://android.clients.google.com/fdfe/replicateLibrary NORMAL 26
07-03 17:31:03.385  1148  1148 D Finsky  : [1] 3.onMutationsApplied: App library has changed, requesting content sync.
07-03 17:31:03.607  1148  1150 D dalvikvm: GC_CONCURRENT freed 287K, 15% free 10203K/11911K, paused 3ms+3ms
07-03 17:31:03.740   638   638 D OpenGLRenderer: Flushing caches (mode 1)
07-03 17:31:04.451  1148  1167 D Volley  : [127] BasicNetwork.logSlowRequests: HTTP response for request=<[ ] https://android.clients.google.com/fdfe/toc NORMAL 28> [lifetime=43746], [size=645], [rc=200], [retryCount=1]
07-03 17:31:04.482   158   601 I ActivityManager: START {flg=0x4000000 cmp=com.android.vending/com.google.android.finsky.activities.TosActivity (has extras)} from pid 1148
07-03 17:31:04.549   158   601 D dalvikvm: GC_FOR_ALLOC freed 1275K, 14% free 12211K/14151K, paused 44ms
07-03 17:31:04.553  1148  1148 D Volley  : [1] Request.finish: 43850 ms: [ ] https://android.clients.google.com/fdfe/toc NORMAL 28
07-03 17:31:04.697  1148  1150 D dalvikvm: GC_CONCURRENT freed 446K, 15% free 10147K/11911K, paused 3ms+7ms
07-03 17:31:04.783   158   207 I ActivityManager: Displayed com.android.vending/com.google.android.finsky.activities.TosActivity: +229ms
07-03 17:31:08.974   664   667 D dalvikvm: GC_CONCURRENT freed 331K, 12% free 10240K/11527K, paused 22ms+3ms
07-03 17:31:12.861    82   131 D AudioHardware: AudioHardware pcm playback is exiting standby.
07-03 17:31:12.861    82   131 D AudioHardware: openPcmOut_l() mPcmOpenCnt: 0
07-03 17:31:12.967  1148  1148 D Finsky  : [1] SelfUpdateScheduler.checkForSelfUpdate: Skipping self-update check as there is an update already queued.
07-03 17:31:12.971  1148  1148 D OpenGLRenderer: Flushing caches (mode 0)
07-03 17:31:13.006  1148  1148 D Finsky  : [1] MainActivity.initializeBilling: Optimistically initializing billing parameters.
07-03 17:31:15.955    82   131 D AudioHardware: AudioHardware pcm playback is going to standby.
07-03 17:31:15.955    82   131 D AudioHardware: closePcmOut_l() mPcmOpenCnt: 1
07-03 17:31:18.529  1148  1150 D dalvikvm: GC_CONCURRENT freed 315K, 15% free 10221K/11911K, paused 2ms+2ms
07-03 17:31:18.685  1148  1155 I dalvikvm: Jit: resizing JitTable from 4096 to 8192
07-03 17:31:20.006  1148  1168 D Volley  : [128] BasicNetwork.logSlowRequests: HTTP response for request=<[ ] https://android.clients.google.com/fdfe/bulkDetails NORMAL 29> [lifetime=16285], [size=5], [rc=200], [retryCount=0]
07-03 17:31:20.056  1148  1148 D Volley  : [1] Request.finish: 16340 ms: [ ] https://android.clients.google.com/fdfe/bulkDetails NORMAL 29
07-03 17:31:20.092  1148  1150 D dalvikvm: GC_CONCURRENT freed 392K, 15% free 10237K/11911K, paused 2ms+3ms
07-03 17:31:23.135  1148  1857 D Finsky  : [161] RadioConnectionFactoryImpl.createNewConnection: Creating new RadioConnection of type HIPRI
07-03 17:31:23.146   158   169 D ConnectivityService: startUsingNetworkFeature reconnecting to 0: enableHIPRI
07-03 17:31:23.213   158   318 D ConnectivityService: ConnectivityChange for mobile_hipri: CONNECTED/CONNECTED
07-03 17:31:23.342   158   313 D NetworkPolicy: applying policy NetworkPolicy[NetworkTemplate: matchRule=MOBILE_ALL, subscriberId=valid]: cycleDay=3, warningBytes=2147483648, limitBytes=-1, lastSnooze=-1 to ifaces [rmnet0, rmnet0]
07-03 17:31:23.408   158   161 D dalvikvm: GC_CONCURRENT freed 687K, 14% free 12227K/14151K, paused 2ms+6ms
07-03 17:31:26.326   158   321 D Tethering: MasterInitialState.processMessage what=3
07-03 17:31:26.385  1125  1147 D PicasaSyncManager: active network: NetworkInfo: type: mobile[CDMA - 1xRTT], state: CONNECTED/CONNECTED, reason: (unspecified), extra: , roaming: false, failover: false, isAvailable: true
07-03 17:31:26.385  1125  1147 D PicasaSyncManager: background data: true
07-03 17:31:26.463   158   562 I ActivityManager: Start proc com.google.android.apps.uploader for broadcast com.google.android.apps.uploader/.ConnectivityBroadcastReceiver: pid=1866 uid=10029 gids={3003}
07-03 17:31:26.474  1866  1866 I dalvikvm: Turning on JNI app bug workarounds for target SDK version 11...
07-03 17:31:26.549  1866  1866 I ActivityThread: Pub com.google.android.apps.uploader: com.google.android.apps.uploader.UploadsContentProvider
07-03 17:31:26.549  1866  1866 I ActivityThread: Pub com.google.photos.provider.Album: com.google.android.apps.uploader.clients.picasa.AlbumProvider
07-03 17:31:26.556  1866  1866 D MediaUploader: UploaderApplication.onCreate
07-03 17:31:26.588  1866  1866 D MediaUploader: nonWifiLimit=20971520, default=20971520
07-03 17:31:26.596  1866  1866 I MediaUploader: No need to wake up
07-03 17:31:28.756  1148  1857 D Finsky  : [161] RadioConnectionImpl.stop: Giving back radio.
07-03 17:31:28.783   158   477 D ConnectivityService: stopUsingNetworkFeature: teardown net 0: enableHIPRI
07-03 17:31:28.795   158   318 D ConnectivityService: ConnectivityChange for mobile_hipri: DISCONNECTED/DISCONNECTED
07-03 17:31:28.803  1148  1148 D Finsky  : [1] 2.onErrorResponse: CarrierProvisioningAction encountered an error: com.android.volley.TimeoutError
07-03 17:31:28.806  1148  1148 D Volley  : [1] Request.finish: 5689 ms: [ ] http://68.28.31.7/http://vm.sprintpcs.com/CarrierBilling/getProvisioning NORMAL 36
07-03 17:31:28.881   158   313 D NetworkPolicy: applying policy NetworkPolicy[NetworkTemplate: matchRule=MOBILE_ALL, subscriberId=valid]: cycleDay=3, warningBytes=2147483648, limitBytes=-1, lastSnooze=-1 to ifaces [rmnet0]
07-03 17:31:28.892   158   313 D NetworkPolicy: applying policy NetworkPolicy[NetworkTemplate: matchRule=MOBILE_ALL, subscriberId=valid]: cycleDay=3, warningBytes=2147483648, limitBytes=-1, lastSnooze=-1 to ifaces [rmnet0]
07-03 17:31:31.861   158   321 D Tethering: MasterInitialState.processMessage what=3
07-03 17:31:31.998  1866  1866 I MediaUploader: No need to wake up
07-03 17:31:32.010  1125  1147 D PicasaSyncManager: active network: NetworkInfo: type: mobile[CDMA - 1xRTT], state: CONNECTED/CONNECTED, reason: (unspecified), extra: , roaming: false, failover: false, isAvailable: true
07-03 17:31:32.033  1125  1147 D PicasaSyncManager: background data: true
07-03 17:31:32.049   158   321 D Tethering: MasterInitialState.processMessage what=3
07-03 17:31:32.053  1125  1147 D PicasaSyncManager: active network: NetworkInfo: type: mobile[CDMA - 1xRTT], state: CONNECTED/CONNECTED, reason: (unspecified), extra: , roaming: false, failover: false, isAvailable: true
07-03 17:31:32.099  1125  1147 D PicasaSyncManager: background data: true
07-03 17:31:32.127   158   477 D dalvikvm: GC_EXPLICIT freed 544K, 14% free 12231K/14151K, paused 4ms+4ms
07-03 17:31:32.158  1866  1866 I MediaUploader: No need to wake up
07-03 17:31:32.455   158   318 D ConnectivityService: handleInetConditionHoldEnd: net=0, condition=100, published condition=100
07-03 17:31:33.334   638   641 D dalvikvm: GC_CONCURRENT freed 396K, 9% free 9762K/10631K, paused 13ms+3ms
07-03 17:31:33.560   638   638 D OpenGLRenderer: Flushing caches (mode 1)
07-03 17:31:33.670   638   638 D OpenGLRenderer: Flushing caches (mode 1)
07-03 17:31:44.392   638   638 D OpenGLRenderer: Flushing caches (mode 1)
07-03 17:31:44.416   638   638 D OpenGLRenderer: Flushing caches (mode 1)
07-03 17:31:52.041   664   667 D dalvikvm: GC_CONCURRENT freed 375K, 12% free 10259K/11527K, paused 20ms+3ms
07-03 17:31:52.092   664  1841 I BookmarksSync: Sync failed due to soft error: Connection closed by peer
07-03 17:31:52.099   158   200 D SyncManager: failed sync operation mcmanojster@gmail.com (com.google), com.android.browser, SERVER, earliestRunTime 185927, SyncResult: stats [ numIoExceptions: 1]
07-03 17:31:52.299   638  1393 D dalvikvm: GC_EXPLICIT freed 93K, 9% free 9703K/10631K, paused 3ms+4ms
07-03 17:31:52.318   638   638 D OpenGLRenderer: Flushing caches (mode 1)
07-03 17:31:53.834  1148  1150 D dalvikvm: GC_CONCURRENT freed 475K, 15% free 10220K/11911K, paused 11ms+6ms
07-03 17:31:57.889  1148  1168 D Volley  : [128] BasicNetwork.logSlowRequests: HTTP response for request=<[ ] https://android.clients.google.com/fdfe/browse?c=0 NORMAL 34> [lifetime=37835], [size=7378], [rc=200], [retryCount=1]
07-03 17:31:57.947  1148  1148 D Volley  : [1] Request.finish: 44905 ms: [ ] https://android.clients.google.com/fdfe/browse?c=0 NORMAL 34
07-03 17:31:58.053  1148  1150 D dalvikvm: GC_CONCURRENT freed 366K, 13% free 10366K/11911K, paused 2ms+4ms
07-03 17:31:58.080   638   638 D OpenGLRenderer: Flushing caches (mode 1)
07-03 17:31:58.096  1148  1148 D dalvikvm: GC_FOR_ALLOC freed 235K, 15% free 10228K/11911K, paused 25ms
07-03 17:31:58.096  1148  1148 I dalvikvm-heap: Grow heap (frag case) to 10.432MB for 392720-byte allocation
07-03 17:31:58.139  1148  1148 D dalvikvm: GC_FOR_ALLOC freed 9K, 14% free 10602K/12295K, paused 22ms
07-03 17:31:59.810  1148  1167 D Volley  : [127] BasicNetwork.logSlowRequests: HTTP response for request=<[ ] https://android.clients.google.com/fdfe/acceptTos NORMAL 31> [lifetime=46952], [size=5], [rc=200], [retryCount=1]
07-03 17:31:59.865  1148  1148 D Volley  : [1] Request.finish: 47011 ms: [ ] https://android.clients.google.com/fdfe/acceptTos NORMAL 31
07-03 17:31:59.885  1148  1150 D dalvikvm: GC_CONCURRENT freed 83K, 12% free 10937K/12295K, paused 2ms+3ms
07-03 17:32:00.541   545   546 D dalvikvm: GC_CONCURRENT freed 394K, 17% free 9561K/11399K, paused 20ms+3ms
07-03 17:32:02.756    82   131 D AudioHardware: AudioHardware pcm playback is exiting standby.
07-03 17:32:02.756    82   131 D AudioHardware: openPcmOut_l() mPcmOpenCnt: 0
07-03 17:32:02.799   638   638 D OpenGLRenderer: Flushing caches (mode 1)
07-03 17:32:05.846    82   131 D AudioHardware: AudioHardware pcm playback is going to standby.
07-03 17:32:05.846    82   131 D AudioHardware: closePcmOut_l() mPcmOpenCnt: 1
07-03 17:32:06.408   638   638 D OpenGLRenderer: Flushing caches (mode 1)
07-03 17:32:16.494  1148  1148 D Volley  : [1] Request.finish: 18303 ms: [ ] http://lh3.ggpht.com/YOV6l8Fmy8mZwMoZRjBq0UI7yTqcQSuq8qq4tgfPW9BRpK2T7EsmsSoNQaS37r8IRZc LOW 41
07-03 17:32:16.498  1148  1148 D Volley  : [1] Request.finish: 18317 ms: [ ] http://lh4.ggpht.com/ilJaGsv39Okj9EeM_lkJfzt4XVE_ID2MT5KkOW3vfjpLZJfEAbLBA8Ray_4WnnPS3w=w480 LOW 43
07-03 17:32:16.502  1148  1148 D Volley  : [1] Request.finish: 18437 ms: [ ] http://lh6.ggpht.com/R3P-ZEJ0RXuxlhwZxakHUuyDDmy8g-TJXO9jC7PeXpgB1LDOrzKGFr5kW_f8V6ouFPhc=w480 LOW 40
07-03 17:32:16.502  1148  1148 D Volley  : [1] Request.finish: 18327 ms: [ ] http://lh6.ggpht.com/2aAmdpU3enNoW4k5NYdACCEdvJczoctRUnOXtTXFIgS9_x0-VFx_ezKdeiEg9-Gh81Zd=w480 LOW 42
07-03 17:32:24.678   475   479 D dalvikvm: GC_CONCURRENT freed 367K, 5% free 9558K/10055K, paused 24ms+3ms
07-03 17:32:31.611  1148  1148 D Volley  : [1] Request.finish: 33396 ms: [ ] http://lh6.ggpht.com/qeYCOa4llgmBRGE5mj2iWGvDfZEWvAe4R66Ov1V0ASlUTZh45f-CbRTEPbKkUYe1oQ=w480 LOW 44
07-03 17:32:31.627  1148  1148 D Volley  : [1] Request.finish: 33424 ms: [ ] http://lh6.ggpht.com/au2JjUZGoFHNs8SGtF7WfLNSexu9UtRmNBXSl5a9HQm0hDvZca0FSHwEWTCogCMr2iMY=w240 LOW 46
07-03 17:32:31.654  1148  1148 D Volley  : [1] Request.finish: 33455 ms: [ ] http://lh3.ggpht.com/1utlUH43_ofaGH8Pdzzxqg3Gbr5BCSPMxiQN6lM2-aJUEuKdVTI3EOjSpoJuvbPmQIQ=w240 LOW 45
07-03 17:32:31.685  1148  1150 D dalvikvm: GC_CONCURRENT freed 516K, 11% free 10947K/12295K, paused 11ms+4ms
07-03 17:32:32.916   638   638 D OpenGLRenderer: Flushing caches (mode 1)
07-03 17:32:36.517  1148  1148 D Volley  : [1] Request.finish: 77783 ms: [ ] https://android.clients.google.com/vending/api/ApiRequest NORMAL 35 ContentSyncRequestProto
07-03 17:32:36.549   638   638 D OpenGLRenderer: Flushing caches (mode 1)
07-03 17:32:45.314  1148  1148 D Volley  : [1] Request.finish: 42538 ms: [ ] https://android.clients.google.com/fdfe/browse?c=3 NORMAL 48
07-03 17:32:45.353   638   638 D OpenGLRenderer: Flushing caches (mode 1)
07-03 17:32:48.404    82   131 D AudioHardware: AudioHardware pcm playback is exiting standby.
07-03 17:32:48.404    82   131 D AudioHardware: openPcmOut_l() mPcmOpenCnt: 0
07-03 17:32:51.506    82   131 D AudioHardware: AudioHardware pcm playback is going to standby.
07-03 17:32:51.506    82   131 D AudioHardware: closePcmOut_l() mPcmOpenCnt: 1
07-03 17:32:51.834   158   204 I power   : *** set_screen_state 0
07-03 17:32:51.869    79   123 D SurfaceFlinger: About to give-up screen, flinger = 0x1e7d918
07-03 17:32:51.951   158   161 D dalvikvm: GC_CONCURRENT freed 598K, 13% free 12421K/14151K, paused 2ms+4ms
07-03 17:32:51.990   158   208 V TransportControlView: Create TCV com.android.internal.widget.TransportControlView@413af1a0
07-03 17:32:52.037   491  1546 D NfcService: NFC-C OFF, disconnect
07-03 17:32:52.107   393   393 D PhoneStatusBar: disable: < expand icons alerts ticker system_info back home RECENT* clock >
07-03 17:32:52.135   638   638 D OpenGLRenderer: Flushing caches (mode 1)
07-03 17:32:52.135    82   131 D AudioHardware: AudioHardware pcm playback is exiting standby.
07-03 17:32:52.135    82   131 D AudioHardware: openPcmOut_l() mPcmOpenCnt: 0
07-03 17:32:52.146   393   393 D PhoneStatusBar: disable: < expand icons alerts ticker system_info BACK* HOME* RECENT CLOCK* >
07-03 17:32:52.221   158   161 D dalvikvm: GC_CONCURRENT freed 114K, 8% free 13102K/14151K, paused 3ms+7ms
07-03 17:32:52.767   158   208 I power   : *** set_screen_state 1
07-03 17:32:52.834   158   208 I WindowManager: Lock screen displayed!
07-03 17:32:52.967    79   123 D SurfaceFlinger: Screen about to return, flinger = 0x1e7d918
07-03 17:32:53.068  1064  1322 I PhoneLab-: Service Running
07-03 17:32:53.236  1064  1322 I PhoneLab-LoggerService: app_36    1325  1064  1828   1452  c00f181c 400107b4 S logcat
07-03 17:32:53.236  1064  1322 I PhoneLab-LoggerService: Logcat pid from database 1325
07-03 17:32:53.236  1064  1322 I PhoneLab-LoggerService: Logcat process found 1325
07-03 17:32:53.236  1064  1322 I PhoneLab-LoggerService: Checking Threshold
07-03 17:32:53.236  1064  1322 I PhoneLab-LoggerService: Starting to rename files
07-03 17:32:53.236  1064  1322 I PhoneLab-LoggerService: Files found .. 3
07-03 17:32:54.060   393   393 D PhoneStatusBar: disable: < expand icons alerts ticker system_info BACK HOME recent* CLOCK >
07-03 17:32:54.080   393   393 D PhoneStatusBar: disable: < expand icons alerts ticker system_info back* home* recent clock* >
07-03 17:32:54.088   158   158 W InputManagerService: Window already focused, ignoring focus gain of: com.android.internal.view.IInputMethodClient$Stub$Proxy@41686138
07-03 17:32:54.096   491  1665 D NfcService: NFC-C ON
07-03 17:32:56.689   457   460 D dalvikvm: GC_CONCURRENT freed 850K, 10% free 10095K/11143K, paused 2ms+11ms
07-03 17:32:56.744   457   457 D dalvikvm: GC_FOR_ALLOC freed 71K, 11% free 10024K/11143K, paused 46ms
07-03 17:32:56.744   457   457 I dalvikvm-heap: Grow heap (frag case) to 10.406MB for 577936-byte allocation
07-03 17:32:56.803   457   457 D dalvikvm: GC_FOR_ALLOC freed <1K, 5% free 10588K/11143K, paused 43ms
07-03 17:32:56.834   393   393 D dalvikvm: GC_FOR_ALLOC freed 519K, 16% free 9906K/11783K, paused 42ms
07-03 17:32:57.014   393   393 D dalvikvm: GC_FOR_ALLOC freed 374K, 17% free 9880K/11783K, paused 23ms
07-03 17:32:57.396   545  1925 D dalvikvm: GC_EXPLICIT freed 204K, 17% free 9476K/11399K, paused 3ms+8ms
07-03 17:33:00.541    82   131 D AudioHardware: AudioHardware pcm playback is going to standby.
07-03 17:33:00.541    82   131 D AudioHardware: closePcmOut_l() mPcmOpenCnt: 1
07-03 17:33:02.221   158   509 I ActivityManager: START {act=android.intent.action.SEARCH flg=0x10000000 cmp=com.android.vending/.AssetBrowserActivity (has extras)} from pid 1148
07-03 17:33:02.408   393   395 D dalvikvm: GC_CONCURRENT freed 210K, 15% free 10057K/11783K, paused 2ms+18ms
07-03 17:33:05.974   158   213 I InputReader: Reconfiguring input devices.  changes=0x00000004
07-03 17:33:05.974   158   213 I InputReader: Device reconfigured: id=7, name='mxt224_ts_input', surface size is now 480x800, mode is 1
07-03 17:33:06.037   158   174 I ActivityManager: Config changed: {1.0 310mcc120mnc en_US layoutdir=0 sw320dp w533dp h294dp nrml long land finger -keyb/v/h -nav/h s.8}
07-03 17:33:06.060  1148  1148 D OpenGLRenderer: Flushing caches (mode 0)
07-03 17:33:06.217   393   393 D dalvikvm: GC_FOR_ALLOC freed 719K, 18% free 9673K/11783K, paused 48ms
07-03 17:33:06.232  1148  1150 D dalvikvm: GC_CONCURRENT freed 530K, 11% free 10960K/12295K, paused 2ms+9ms
07-03 17:33:06.373  1148  1148 D Finsky  : [1] SelfUpdateScheduler.checkForSelfUpdate: Skipping self-update check as there is an update already queued.
07-03 17:33:06.791   457   460 D dalvikvm: GC_CONCURRENT freed 830K, 9% free 10218K/11143K, paused 2ms+30ms
07-03 17:33:06.931   393   395 D dalvikvm: GC_CONCURRENT freed 48K, 16% free 10010K/11783K, paused 3ms+14ms
07-03 17:33:08.681   158   207 D dalvikvm: GC_EXPLICIT freed 737K, 9% free 13001K/14151K, paused 18ms+10ms
07-03 17:33:10.553   158   213 I InputReader: Reconfiguring input devices.  changes=0x00000004
07-03 17:33:10.553   158   213 I InputReader: Device reconfigured: id=7, name='mxt224_ts_input', surface size is now 480x800, mode is 1
07-03 17:33:10.623   158   174 I ActivityManager: Config changed: {1.0 310mcc120mnc en_US layoutdir=0 sw320dp w320dp h508dp nrml long port finger -keyb/v/h -nav/h s.9}
07-03 17:33:10.654  1148  1148 D OpenGLRenderer: Flushing caches (mode 0)
07-03 17:33:10.658  1148  1148 D OpenGLRenderer: Flushing caches (mode 0)
07-03 17:33:10.767  1148  1148 D dalvikvm: GC_EXPLICIT freed 310K, 11% free 11013K/12295K, paused 5ms+4ms
07-03 17:33:10.806   158   169 W WindowManager: Force-removing child win Window{417e6f28 PopupWindow:413951a8 paused=false} from container Window{41647da8 com.android.vending/com.android.vending.AssetBrowserActivity paused=false}
07-03 17:33:10.873   393   393 D dalvikvm: GC_FOR_ALLOC freed 675K, 18% free 9673K/11783K, paused 41ms
07-03 17:33:10.994  1148  1148 E InputQueue-JNI: channel '417e6f28 PopupWindow:413951a8 (client)' ~ Publisher closed input channel or an error occurred.  events=0x8
07-03 17:33:10.994    79  1570 E SurfaceTexture: [PopupWindow:413951a8] query: SurfaceTexture has been abandoned!
07-03 17:33:10.994  1148  1148 E libEGL  : eglMakeCurrent:674 error 300b (EGL_BAD_NATIVE_WINDOW)
07-03 17:33:10.998  1148  1148 E HardwareRenderer: eglMakeCurrent failed EGL_BAD_NATIVE_WINDOW
07-03 17:33:11.006    79   125 W SurfaceTexture: [PopupWindow:413951a8] cancelBuffer: SurfaceTexture has been abandoned!
07-03 17:33:11.006  1148  1148 W HardwareRenderer: Mountain View, we've had a problem here. Switching back to software rendering.
07-03 17:33:11.006   158   170 W WindowManager: Failed looking up window
07-03 17:33:11.006   158   170 W WindowManager: java.lang.IllegalArgumentException: Requested window android.os.BinderProxy@417e6cd8 does not exist
07-03 17:33:11.006   158   170 W WindowManager: 	at com.android.server.wm.WindowManagerService.windowForClientLocked(WindowManagerService.java:7163)
07-03 17:33:11.006   158   170 W WindowManager: 	at com.android.server.wm.WindowManagerService.windowForClientLocked(WindowManagerService.java:7154)
07-03 17:33:11.006   158   170 W WindowManager: 	at com.android.server.wm.WindowManagerService.removeWindow(WindowManagerService.java:2209)
07-03 17:33:11.006   158   170 W WindowManager: 	at com.android.server.wm.Session.remove(Session.java:149)
07-03 17:33:11.006   158   170 W WindowManager: 	at android.view.IWindowSession$Stub.onTransact(IWindowSession.java:124)
07-03 17:33:11.006   158   170 W WindowManager: 	at com.android.server.wm.Session.onTransact(Session.java:111)
07-03 17:33:11.006   158   170 W WindowManager: 	at android.os.Binder.execTransact(Binder.java:338)
07-03 17:33:11.006   158   170 W WindowManager: 	at dalvik.system.NativeStart.run(Native Method)
07-03 17:33:11.014  1148  1148 D Finsky  : [1] SelfUpdateScheduler.checkForSelfUpdate: Skipping self-update check as there is an update already queued.
07-03 17:33:11.084   158   158 D dalvikvm: GC_EXPLICIT freed 872K, 14% free 12223K/14151K, paused 3ms+5ms
07-03 17:33:11.248  1148  1148 D dalvikvm: GC_EXPLICIT freed 289K, 10% free 11114K/12295K, paused 6ms+9ms
07-03 17:33:11.408  1148  1148 W IInputConnectionWrapper: showStatusIcon on inactive InputConnection
07-03 17:33:11.443  1148  1148 W IInputConnectionWrapper: getCursorCapsMode on inactive InputConnection
07-03 17:33:11.666   393   395 D dalvikvm: GC_CONCURRENT freed 49K, 15% free 10069K/11783K, paused 1ms+3ms
07-03 17:33:12.713   457   460 D dalvikvm: GC_CONCURRENT freed 413K, 9% free 10216K/11143K, paused 2ms+2ms
07-03 17:33:12.982  1148  1148 D Volley  : [1] Request.finish: 74774 ms: [ ] http://lh5.ggpht.com/IL39XOOB6ZCYiv32tBXtkjC6iO3fu3azuIiji1ggmyYL3rEVBMOx4-anl8vGl1yEpekE=w240 LOW 47
07-03 17:33:13.467   158   207 D dalvikvm: GC_EXPLICIT freed 163K, 14% free 12229K/14151K, paused 3ms+4ms
07-03 17:33:13.498    82   131 D AudioHardware: AudioHardware pcm playback is exiting standby.
07-03 17:33:13.498    82   131 D AudioHardware: openPcmOut_l() mPcmOpenCnt: 0
07-03 17:33:13.724   457   457 D dalvikvm: GC_FOR_ALLOC freed 229K, 10% free 10131K/11143K, paused 66ms
07-03 17:33:13.724   457   457 I dalvikvm-heap: Grow heap (frag case) to 10.510MB for 577936-byte allocation
07-03 17:33:13.791   457   460 D dalvikvm: GC_CONCURRENT freed 1K, 9% free 10695K/11719K, paused 1ms+9ms
07-03 17:33:13.830   393   395 D dalvikvm: GC_CONCURRENT freed 413K, 15% free 10062K/11783K, paused 2ms+14ms
07-03 17:33:14.017   393   395 D dalvikvm: GC_CONCURRENT freed 495K, 15% free 10064K/11783K, paused 7ms+13ms
07-03 17:33:14.389   393   395 D dalvikvm: GC_CONCURRENT freed 520K, 16% free 10011K/11783K, paused 3ms+3ms
07-03 17:33:15.435  1148  1148 E Finsky  : [1] 2.onErrorResponse: Failed to send 1 events because of [com.android.volley.TimeoutError]
07-03 17:33:15.459  1148  1148 D Volley  : [1] Request.finish: 62430 ms: [ ] https://android.clients.google.com/fdfe/log NORMAL 49
07-03 17:33:15.506   638   638 D OpenGLRenderer: Flushing caches (mode 1)
07-03 17:33:16.068   158   212 I ActivityManager: START {act=android.intent.action.MAIN cat=[android.intent.category.HOME] flg=0x10200000 cmp=com.android.launcher/com.android.launcher2.Launcher} from pid 158
07-03 17:33:16.213  1148  1148 D OpenGLRenderer: Flushing caches (mode 0)
07-03 17:33:16.252  1148  1148 W IInputConnectionWrapper: showStatusIcon on inactive InputConnection
07-03 17:33:16.252  1148  1148 D OpenGLRenderer: Flushing caches (mode 1)
07-03 17:33:16.588    82   131 D AudioHardware: AudioHardware pcm playback is going to standby.
07-03 17:33:16.588    82   131 D AudioHardware: closePcmOut_l() mPcmOpenCnt: 1
07-03 17:33:17.306    82   131 D AudioHardware: AudioHardware pcm playback is exiting standby.
07-03 17:33:17.306    82   131 D AudioHardware: openPcmOut_l() mPcmOpenCnt: 0
07-03 17:33:17.545  1548  1550 D dalvikvm: GC_CONCURRENT freed 1951K, 42% free 11598K/19783K, paused 3ms+7ms
07-03 17:33:17.627  1548  1617 D dalvikvm: GC_FOR_ALLOC freed 350K, 41% free 11691K/19783K, paused 26ms
07-03 17:33:17.627  1548  1617 I dalvikvm-heap: Grow heap (frag case) to 12.368MB for 925072-byte allocation
07-03 17:33:17.666  1548  1548 D dalvikvm: GC_FOR_ALLOC freed <1K, 37% free 12593K/19783K, paused 23ms
07-03 17:33:17.771  1548  1550 D dalvikvm: GC_CONCURRENT freed 66K, 36% free 12680K/19783K, paused 2ms+6ms
07-03 17:33:17.806  1548  1618 D dalvikvm: GC_FOR_ALLOC freed 1K, 36% free 12679K/19783K, paused 30ms
07-03 17:33:17.806  1548  1618 I dalvikvm-heap: Grow heap (frag case) to 13.677MB for 1286224-byte allocation
07-03 17:33:17.857  1548  1619 D dalvikvm: GC_FOR_ALLOC freed 0K, 30% free 13935K/19783K, paused 36ms
07-03 17:33:18.084  1548  1550 D dalvikvm: GC_CONCURRENT freed 3621K, 40% free 11871K/19783K, paused 6ms+6ms
07-03 17:33:18.287  1548  1550 D dalvikvm: GC_CONCURRENT freed 466K, 38% free 12289K/19783K, paused 4ms+4ms
07-03 17:33:18.392  1548  1550 D dalvikvm: GC_CONCURRENT freed 288K, 35% free 13043K/19783K, paused 4ms+9ms
07-03 17:33:18.494  1548  1676 D dalvikvm: GC_FOR_ALLOC freed 394K, 35% free 12909K/19783K, paused 26ms
07-03 17:33:18.607  1548  1550 D dalvikvm: GC_CONCURRENT freed 910K, 33% free 13263K/19783K, paused 3ms+3ms
07-03 17:33:18.748  1548  1550 D dalvikvm: GC_CONCURRENT freed 1580K, 34% free 13079K/19783K, paused 2ms+6ms
07-03 17:33:18.889   158   575 I ActivityManager: START {act=android.intent.action.MAIN cat=[android.intent.category.LAUNCHER] flg=0x10200000 cmp=com.android.settings/.Settings} from pid 1548
07-03 17:33:19.103  1548  1548 D OpenGLRenderer: Flushing caches (mode 1)
07-03 17:33:19.123  1548  1550 D dalvikvm: GC_CONCURRENT freed 1185K, 34% free 13181K/19783K, paused 2ms+12ms
07-03 17:33:19.178  1548  1548 D OpenGLRenderer: Flushing caches (mode 0)
07-03 17:33:19.185  1515  1515 W System.err: Removed 2131231170
07-03 17:33:19.189  1515  1515 W System.err: Removed 2131231177
07-03 17:33:19.264  1515  1517 D dalvikvm: GC_CONCURRENT freed 157K, 3% free 9359K/9607K, paused 3ms+3ms
07-03 17:33:19.306  1515  1515 D libEGL  : loaded /system/lib/egl/libGLES_android.so
07-03 17:33:19.314  1515  1515 D libEGL  : loaded /vendor/lib/egl/libEGL_POWERVR_SGX540_120.so
07-03 17:33:19.318  1515  1515 D libEGL  : loaded /vendor/lib/egl/libGLESv1_CM_POWERVR_SGX540_120.so
07-03 17:33:19.322  1515  1515 D libEGL  : loaded /vendor/lib/egl/libGLESv2_POWERVR_SGX540_120.so
07-03 17:33:19.377  1515  1515 D OpenGLRenderer: Enabling debug mode 0
07-03 17:33:19.435   158   174 I Process : Sending signal. PID: 1515 SIG: 3
07-03 17:33:19.435  1515  1519 I dalvikvm: threadid=3: reacting to signal 3
07-03 17:33:19.467  1515  1519 I dalvikvm: Wrote stack traces to '/data/anr/traces.txt'
07-03 17:33:19.529   158   170 W InputManagerService: Starting input on non-focused client com.android.internal.view.IInputMethodClient$Stub$Proxy@41533770 (uid=10025 pid=1548)
07-03 17:33:19.705   158   207 I ActivityManager: Displayed com.android.settings/.Settings: +769ms
07-03 17:33:21.838    82   131 D AudioHardware: AudioHardware pcm playback is going to standby.
07-03 17:33:21.838    82   131 D AudioHardware: closePcmOut_l() mPcmOpenCnt: 1
07-03 17:33:23.662   158   161 D dalvikvm: GC_CONCURRENT freed 615K, 13% free 12415K/14151K, paused 25ms+5ms
07-03 17:33:24.670    76   118 D SoftapController: Softap fwReload - Ok
07-03 17:33:24.674    76   118 D CommandListener: Setting iface cfg
07-03 17:33:24.674    76   118 D CommandListener: Trying to bring down wlan0
07-03 17:33:24.674    76   118 D CommandListener: broadcast flag ignored
07-03 17:33:24.674    76   118 D CommandListener: multicast flag ignored
07-03 17:33:24.674   158   315 D NetworkManagementService: rsp <213 00:90:4c:11:22:33 0.0.0.0 0 [down broadcast multicast]>
07-03 17:33:24.674   158   315 D NetworkManagementService: flags <[down broadcast multicast]>
07-03 17:33:24.728  1960  1960 I wpa_supplicant: rfkill: Cannot open RFKILL control device
07-03 17:33:24.795   158   315 E WifiConfigStore: Error parsing configurationjava.io.FileNotFoundException: /data/misc/wifi/ipconfig.txt: open failed: ENOENT (No such file or directory)
07-03 17:33:27.295    82   131 D AudioHardware: AudioHardware pcm playback is exiting standby.
07-03 17:33:27.295    82   131 D AudioHardware: openPcmOut_l() mPcmOpenCnt: 0
07-03 17:33:27.303   158   508 I ActivityManager: START {act=android.intent.action.MAIN cmp=com.android.settings/.SubSettings (has extras)} from pid 1515
07-03 17:33:27.455  1515  1517 D dalvikvm: GC_CONCURRENT freed 185K, 3% free 9640K/9927K, paused 1ms+3ms
07-03 17:33:27.681   158   207 I ActivityManager: Displayed com.android.settings/.SubSettings: +342ms
07-03 17:33:27.717  1515  1515 D OpenGLRenderer: Flushing caches (mode 0)
07-03 17:33:30.389    82   131 D AudioHardware: AudioHardware pcm playback is going to standby.
07-03 17:33:30.389    82   131 D AudioHardware: closePcmOut_l() mPcmOpenCnt: 1
07-03 17:33:30.502    82   131 D AudioHardware: AudioHardware pcm playback is exiting standby.
07-03 17:33:30.502    82   131 D AudioHardware: openPcmOut_l() mPcmOpenCnt: 0
07-03 17:33:30.537  1515  1515 W ResourceType: getEntry failing because entryIndex 129 is beyond type entryCount 3
07-03 17:33:30.674  1515  1517 D dalvikvm: GC_CONCURRENT freed 148K, 3% free 9945K/10183K, paused 2ms+4ms
07-03 17:33:30.713    86    86 I keystore: uid: 1000 action: s -> 1 state: 3 -> 3 retry: 4
07-03 17:33:30.713    86    86 I keystore: uid: 1000 action: s -> 1 state: 3 -> 3 retry: 4
07-03 17:33:33.592    82   131 D AudioHardware: AudioHardware pcm playback is going to standby.
07-03 17:33:33.592    82   131 D AudioHardware: closePcmOut_l() mPcmOpenCnt: 1
07-03 17:33:33.662   393   393 D dalvikvm: GC_FOR_ALLOC freed 449K, 17% free 9895K/11783K, paused 48ms
07-03 17:33:33.861   393   393 D dalvikvm: GC_FOR_ALLOC freed 388K, 17% free 9878K/11783K, paused 37ms
07-03 17:33:33.998  1515  1517 D dalvikvm: GC_CONCURRENT freed 251K, 4% free 10134K/10503K, paused 2ms+4ms
07-03 17:33:38.389   393   395 D dalvikvm: GC_CONCURRENT freed 18K, 13% free 10367K/11783K, paused 1ms+3ms
07-03 17:33:38.611   393   393 D dalvikvm: GC_FOR_ALLOC freed 557K, 14% free 10178K/11783K, paused 37ms
07-03 17:33:40.357   158   161 D dalvikvm: GC_CONCURRENT freed 719K, 13% free 12428K/14151K, paused 8ms+6ms
07-03 17:33:41.408   664  1896 W GDataClient: Unable to execute HTTP request.java.net.SocketTimeoutException: Read timed out
07-03 17:33:41.428   664  1896 D ContactsSyncAdapter: IOException downloading photo
07-03 17:33:41.471   158   200 D SyncManager: failed sync operation mcmanojster@gmail.com (com.google), com.android.contacts, SERVER, earliestRunTime 145088, SyncResult: stats [ numIoExceptions: 1]
07-03 17:33:41.642  1125  1968 D PicasaSyncService: start to perform sync on mcmanojster@gmail.com
07-03 17:33:41.685  1125  1147 V PicasaContentProvider: querySettings: defaults: {sync_on_wifi_only=1, auto_upload_account_type=null, sync_on_battery=1, sync_picasa_on_wifi_only=1, auto_upload_enabled=0, video_upload_wifi_only=1, sync_on_roaming=0, auto_upload_account_name=null}
07-03 17:33:41.689  1125  1147 D PicasaSyncManager: reject MetadataSyncTask (mcmanojster@gmail.com) for wifi connection
07-03 17:33:41.721  1125  1968 D PicasaSyncService: sync finished - false
07-03 17:33:41.775  1125  1147 V PicasaContentProvider: querySettings: defaults: {sync_on_wifi_only=1, auto_upload_account_type=null, sync_on_battery=1, sync_picasa_on_wifi_only=1, auto_upload_enabled=0, video_upload_wifi_only=1, sync_on_roaming=0, auto_upload_account_name=null}
07-03 17:33:41.775  1125  1147 D PicasaSyncManager: reject MetadataSyncTask (mcmanojster@gmail.com) for wifi connection
07-03 17:33:41.834   664   664 D dalvikvm: GC_EXPLICIT freed 421K, 12% free 10214K/11527K, paused 2ms+4ms
07-03 17:33:45.662  1148  1148 D Volley  : [1] Request.finish: 142539 ms: [ ] https://android.clients.google.com/vending/api/ApiRequest NORMAL 37 PurchaseMetadataRequestProto
07-03 17:33:45.666  1148  1167 D Volley  : [127] Request.finish: 57264 ms: [X] https://android.clients.google.com/fdfe/browse?c=3 NORMAL 50
07-03 17:33:47.056   457   460 D dalvikvm: GC_CONCURRENT freed 647K, 10% free 10581K/11719K, paused 2ms+5ms
07-03 17:34:07.760   638   638 D OpenGLRenderer: Flushing caches (mode 1)
07-03 17:34:16.889  1148  1148 W Finsky  : [1] 2.onErrorResponse: BillingEventRecorder got error: com.android.volley.TimeoutError
07-03 17:34:16.912  1148  1148 D Volley  : [1] Request.finish: 168082 ms: [ ] https://android.clients.google.com/vending/api/ApiRequest NORMAL 38 BillingEventRequestProto
07-03 17:34:16.916  1148  1168 D Volley  : [128] Request.finish: 78592 ms: [X] https://market.android.com/suggest/SuggRequest?query=w&json=1&blob=1&blob_sz=72&hl=en&gl=US NORMAL 53
07-03 17:34:16.928   638   638 D OpenGLRenderer: Flushing caches (mode 1)
07-03 17:34:16.935  1148  1168 D Volley  : [128] Request.finish: 74628 ms: [X] https://android.clients.google.com/fdfe/search?c=3&q=whatsapp NORMAL 55
07-03 17:34:16.951   638   638 D OpenGLRenderer: Flushing caches (mode 1)
07-03 17:34:17.385   545   546 D dalvikvm: GC_CONCURRENT freed 295K, 17% free 9569K/11399K, paused 24ms+4ms
07-03 17:34:18.373  1515  1517 D dalvikvm: GC_CONCURRENT freed 498K, 6% free 10117K/10695K, paused 7ms+4ms
07-03 17:34:45.642   664  1969 W GDataClient: Unable to execute HTTP request.javax.net.ssl.SSLException: Connection closed by peer
07-03 17:34:47.092  1148  1148 D Volley  : [1] Request.finish: 114275 ms: [ ] https://android.clients.google.com/fdfe/browse?c=3 NORMAL 52
07-03 17:34:47.119   638   638 D OpenGLRenderer: Flushing caches (mode 1)
07-03 17:34:47.541   158   204 I power   : *** set_screen_state 0
07-03 17:34:47.603    79   123 D SurfaceFlinger: About to give-up screen, flinger = 0x1e7d918
07-03 17:34:47.791   491  1667 D NfcService: NFC-C OFF, disconnect
07-03 17:34:47.814  1515  1515 D OpenGLRenderer: Flushing caches (mode 0)
07-03 17:34:47.865   393   395 D dalvikvm: GC_CONCURRENT freed 383K, 13% free 10290K/11783K, paused 2ms+6ms
07-03 17:34:47.892   158   161 D dalvikvm: GC_CONCURRENT freed 678K, 11% free 12603K/14151K, paused 11ms+23ms
07-03 17:34:48.045  1515  1515 W IInputConnectionWrapper: getCursorCapsMode on inactive InputConnection
07-03 17:34:48.162   393   395 D dalvikvm: GC_CONCURRENT freed 493K, 13% free 10298K/11783K, paused 1ms+2ms
07-03 17:34:48.221   393   393 D dalvikvm: GC_FOR_ALLOC freed 557K, 15% free 10103K/11783K, paused 15ms
07-03 17:34:48.279   393   395 D dalvikvm: GC_CONCURRENT freed 490K, 15% free 10103K/11783K, paused 2ms+2ms
07-03 17:34:48.361   393   395 D dalvikvm: GC_CONCURRENT freed 313K, 14% free 10212K/11783K, paused 1ms+3ms
07-03 17:34:48.459   158   213 I power   : *** set_screen_state 1
07-03 17:34:48.471   158   208 I WindowManager: No lock screen!
07-03 17:34:48.654    79   123 D SurfaceFlinger: Screen about to return, flinger = 0x1e7d918
07-03 17:34:48.748   491   588 D NfcService: NFC-C ON
07-03 17:34:48.998   158   174 I Process : Sending signal. PID: 1515 SIG: 3
07-03 17:34:48.998  1515  1519 I dalvikvm: threadid=3: reacting to signal 3
07-03 17:34:49.002  1515  1519 I dalvikvm: Wrote stack traces to '/data/anr/traces.txt'
07-03 17:34:49.193  1515  1517 D dalvikvm: GC_CONCURRENT freed 486K, 6% free 10122K/10695K, paused 3ms+8ms
07-03 17:34:49.506   158   174 I Process : Sending signal. PID: 1515 SIG: 3
07-03 17:34:49.506  1515  1519 I dalvikvm: threadid=3: reacting to signal 3
07-03 17:34:49.521  1515  1519 I dalvikvm: Wrote stack traces to '/data/anr/traces.txt'
07-03 17:34:51.814   457   460 D dalvikvm: GC_CONCURRENT freed 420K, 10% free 10552K/11719K, paused 4ms+7ms
07-03 17:34:52.142   393   395 D dalvikvm: GC_CONCURRENT freed 375K, 13% free 10349K/11783K, paused 4ms+12ms
07-03 17:34:53.064  1064  1322 I PhoneLab-: Service Running
07-03 17:34:53.166  1064  1322 I PhoneLab-LoggerService: app_36    1325  1064  1828   1452  c00f181c 400107b4 S logcat
07-03 17:34:53.166  1064  1322 I PhoneLab-LoggerService: Logcat pid from database 1325
07-03 17:34:53.166  1064  1322 I PhoneLab-LoggerService: Logcat process found 1325
07-03 17:34:53.170  1064  1322 I PhoneLab-LoggerService: Checking Threshold
07-03 17:34:53.170  1064  1322 I PhoneLab-LoggerService: Starting to rename files
07-03 17:34:53.170  1064  1322 I PhoneLab-LoggerService: Files found .. 3
07-03 17:34:58.599   457   460 D dalvikvm: GC_CONCURRENT freed 457K, 10% free 10558K/11719K, paused 8ms+4ms
07-03 17:34:59.935  1515  1517 D dalvikvm: GC_CONCURRENT freed 432K, 6% free 10153K/10759K, paused 1ms+4ms
07-03 17:35:02.365    82   131 D AudioHardware: AudioHardware pcm playback is exiting standby.
07-03 17:35:02.365    82   131 D AudioHardware: openPcmOut_l() mPcmOpenCnt: 0
07-03 17:35:02.486   158   575 D dalvikvm: GC_EXPLICIT freed 690K, 12% free 12458K/14151K, paused 15ms+5ms
07-03 17:35:02.502   158   315 D WifiConfigStore: IP config changed SSID = "UB_Secure" linkProperties: LinkAddresses: [] Routes: [] DnsAddresses: [] 
07-03 17:35:02.502   158   315 D WifiConfigStore: proxy changed SSID = "UB_Secure"
07-03 17:35:02.572    76   118 D CommandListener: Clearing all IP addresses on wlan0
07-03 17:35:02.588   158   318 D ConnectivityService: ConnectivityChange for WIFI: DISCONNECTED/DISCONNECTED
07-03 17:35:02.588   158   318 D ConnectivityService: Attempting to switch to mobile
07-03 17:35:02.642   158   318 D ConnectivityService: Attempting to switch to WIMAX
07-03 17:35:02.642   158   318 D ConnectivityService: Attempting to switch to BLUETOOTH_TETHER
07-03 17:35:02.654   158   312 W NetworkStats: dropping UID delta from unknown iface: iface=wlan0 uid=0 set=DEFAULT tag=0x0 rxBytes=0 rxPackets=0 txBytes=384 txPackets=6 operations=0
07-03 17:35:02.752   158   313 D NetworkPolicy: applying policy NetworkPolicy[NetworkTemplate: matchRule=MOBILE_ALL, subscriberId=valid]: cycleDay=3, warningBytes=2147483648, limitBytes=-1, lastSnooze=-1 to ifaces [rmnet0]
07-03 17:35:02.760   158   313 D NetworkPolicy: applying policy NetworkPolicy[NetworkTemplate: matchRule=MOBILE_ALL, subscriberId=valid]: cycleDay=3, warningBytes=2147483648, limitBytes=-1, lastSnooze=-1 to ifaces [rmnet0]
07-03 17:35:02.896   393   395 D dalvikvm: GC_CONCURRENT freed 506K, 13% free 10275K/11783K, paused 2ms+11ms
07-03 17:35:03.049   393   393 D dalvikvm: GC_FOR_ALLOC freed 723K, 16% free 9918K/11783K, paused 41ms
07-03 17:35:03.049  1960  1960 I wpa_supplicant: wlan0: Trying to associate with d0:c2:82:84:8d:51 (SSID='UB_Secure' freq=2462 MHz)
07-03 17:35:03.209   393   395 D dalvikvm: GC_CONCURRENT freed 359K, 16% free 9988K/11783K, paused 2ms+11ms
07-03 17:35:05.478  1515  1517 D dalvikvm: GC_CONCURRENT freed 591K, 8% free 10005K/10759K, paused 4ms+4ms
07-03 17:35:05.678   158   321 D Tethering: MasterInitialState.processMessage what=3
07-03 17:35:05.748   158   321 D Tethering: MasterInitialState.processMessage what=3
07-03 17:35:05.814  1866  1866 I MediaUploader: No need to wake up
07-03 17:35:05.818  1064  1064 I PhoneLab-WiFiReceiver: Wi-Fi is disconnected!
07-03 17:35:05.857  1125  1147 D PicasaSyncManager: active network: NetworkInfo: type: mobile[CDMA - 1xRTT], state: CONNECTED/CONNECTED, reason: (unspecified), extra: , roaming: false, failover: false, isAvailable: true
07-03 17:35:05.857  1125  1147 D PicasaSyncManager: background data: true
07-03 17:35:05.861  1125  1147 D PicasaSyncManager: active network: NetworkInfo: type: mobile[CDMA - 1xRTT], state: CONNECTED/CONNECTED, reason: (unspecified), extra: , roaming: false, failover: false, isAvailable: true
07-03 17:35:05.861  1125  1147 D PicasaSyncManager: background data: true
07-03 17:35:05.885   664   667 D dalvikvm: GC_CONCURRENT freed 357K, 11% free 10298K/11527K, paused 9ms+4ms
07-03 17:35:05.908  1866  1866 I MediaUploader: No need to wake up
07-03 17:35:06.256   158   318 D ConnectivityService: handleInetConditionHoldEnd: net=0, condition=100, published condition=100
07-03 17:35:06.869  1960  1960 I wpa_supplicant: wlan0: Trying to associate with d0:c2:82:84:8d:51 (SSID='UB_Secure' freq=2462 MHz)
07-03 17:35:09.400    82   131 D AudioHardware: AudioHardware pcm playback is going to standby.
07-03 17:35:09.404    82   131 D AudioHardware: closePcmOut_l() mPcmOpenCnt: 1
07-03 17:35:16.928  1960  1960 I wpa_supplicant: wlan0: Authentication with d0:c2:82:84:8d:51 timed out.
07-03 17:35:16.931    76   118 D CommandListener: Clearing all IP addresses on wlan0
07-03 17:35:17.099  1515  1517 D dalvikvm: GC_CONCURRENT freed 329K, 7% free 10107K/10759K, paused 2ms+5ms
07-03 17:35:17.217   638   638 D OpenGLRenderer: Flushing caches (mode 1)
07-03 17:35:17.310  1148  1148 D Volley  : [1] Request.finish: 130966 ms: [ ] https://android.clients.google.com/fdfe/search?c=3&q=whatsapp NORMAL 58
07-03 17:35:17.365   638   638 D OpenGLRenderer: Flushing caches (mode 1)
07-03 17:35:19.803  1960  1960 I wpa_supplicant: wlan0: Trying to associate with d0:c2:82:84:8d:51 (SSID='UB_Secure' freq=2462 MHz)
07-03 17:35:23.732    82   131 D AudioHardware: AudioHardware pcm playback is exiting standby.
07-03 17:35:23.732    82   131 D AudioHardware: openPcmOut_l() mPcmOpenCnt: 0
07-03 17:35:23.912  1515  1517 D dalvikvm: GC_CONCURRENT freed 449K, 7% free 10076K/10759K, paused 2ms+4ms
07-03 17:35:25.990  1960  1960 I wpa_supplicant: wlan0: Trying to associate with d0:c2:82:84:8d:51 (SSID='UB_Secure' freq=2462 MHz)
07-03 17:35:28.494    82   131 D AudioHardware: AudioHardware pcm playback is going to standby.
07-03 17:35:28.494    82   131 D AudioHardware: closePcmOut_l() mPcmOpenCnt: 1
07-03 17:35:29.455   664  1969 W GDataClient: Unable to execute HTTP request.javax.net.ssl.SSLException: SSL handshake aborted: ssl=0x3f04a8: I/O error during system call, Connection reset by peer
07-03 17:35:29.639    82   131 D AudioHardware: AudioHardware pcm playback is exiting standby.
07-03 17:35:29.639    82   131 D AudioHardware: openPcmOut_l() mPcmOpenCnt: 0
07-03 17:35:29.822  1515  1517 D dalvikvm: GC_CONCURRENT freed 449K, 7% free 10059K/10759K, paused 2ms+4ms
07-03 17:35:33.533  1148  1150 D dalvikvm: GC_CONCURRENT freed 643K, 11% free 11041K/12295K, paused 4ms+4ms
07-03 17:35:34.228  1515  1517 D dalvikvm: GC_CONCURRENT freed 482K, 7% free 10011K/10759K, paused 2ms+3ms
07-03 17:35:35.541  1960  1960 I wpa_supplicant: wlan0: Trying to associate with d0:c2:82:84:8d:51 (SSID='UB_Secure' freq=2462 MHz)
07-03 17:35:38.053    82   131 D AudioHardware: AudioHardware pcm playback is going to standby.
07-03 17:35:38.053    82   131 D AudioHardware: closePcmOut_l() mPcmOpenCnt: 1
07-03 17:35:40.783    82   131 D AudioHardware: AudioHardware pcm playback is exiting standby.
07-03 17:35:40.783    82   131 D AudioHardware: openPcmOut_l() mPcmOpenCnt: 0
07-03 17:35:40.959  1515  1517 D dalvikvm: GC_CONCURRENT freed 432K, 7% free 10019K/10759K, paused 3ms+3ms
07-03 17:35:41.346   638   638 D OpenGLRenderer: Flushing caches (mode 1)
07-03 17:35:42.033    76   118 D CommandListener: Clearing all IP addresses on wlan0
07-03 17:35:42.201   158   161 D dalvikvm: JIT code cache reset in 8 ms (1048568 bytes 1/0)
07-03 17:35:42.236   158   161 D dalvikvm: GC_CONCURRENT freed 674K, 12% free 12542K/14151K, paused 11ms+26ms
07-03 17:35:42.287  1148  1148 D Volley  : [1] Request.finish: 151337 ms: [ ] https://android.clients.google.com/fdfe/search?c=3&q=whatsapp NORMAL 62
07-03 17:35:43.525    86    86 I keystore: uid: 1000 action: s -> 1 state: 3 -> 3 retry: 4
07-03 17:35:43.525    86    86 I keystore: uid: 1000 action: s -> 1 state: 3 -> 3 retry: 4
07-03 17:35:43.568  1515  1517 D dalvikvm: GC_CONCURRENT freed 382K, 7% free 10062K/10759K, paused 2ms+4ms
07-03 17:35:46.416   393   395 D dalvikvm: GC_CONCURRENT freed 435K, 15% free 10053K/11783K, paused 3ms+5ms
07-03 17:35:46.498    82   131 D AudioHardware: AudioHardware pcm playback is going to standby.
07-03 17:35:46.498    82   131 D AudioHardware: closePcmOut_l() mPcmOpenCnt: 1
07-03 17:35:49.990  1515  1517 D dalvikvm: GC_CONCURRENT freed 345K, 6% free 10150K/10759K, paused 2ms+3ms
07-03 17:35:55.033   664   667 D dalvikvm: GC_CONCURRENT freed 365K, 11% free 10319K/11527K, paused 2ms+3ms
07-03 17:36:03.092   545   546 D dalvikvm: GC_CONCURRENT freed 387K, 17% free 9569K/11399K, paused 2ms+4ms
07-03 17:36:10.084   393   395 D dalvikvm: GC_CONCURRENT freed 278K, 14% free 10197K/11783K, paused 2ms+3ms
07-03 17:36:10.174   393   395 D dalvikvm: GC_CONCURRENT freed 332K, 13% free 10309K/11783K, paused 1ms+3ms
07-03 17:36:11.517  1148  1148 E Finsky  : [1] 2.onErrorResponse: Failed to send 1 events because of [com.android.volley.TimeoutError]
07-03 17:36:11.533  1148  1148 D Volley  : [1] Request.finish: 165562 ms: [ ] https://android.clients.google.com/fdfe/log NORMAL 65
07-03 17:36:13.162   393   395 D dalvikvm: GC_CONCURRENT freed 330K, 12% free 10371K/11783K, paused 16ms+3ms
07-03 17:36:18.619   158   575 D AlarmManagerService: Kernel timezone updated to 240 minutes west of GMT
07-03 17:36:18.623   475   475 D SystemClock: Setting time of day to sec=1341351379
07-03 17:36:19.144   158   481 I ActivityManager: Start proc com.android.deskclock for broadcast com.android.deskclock/.AlarmInitReceiver: pid=2033 uid=10011 gids={}
07-03 17:36:19.191  2033  2033 I ActivityThread: Pub com.android.deskclock: com.android.deskclock.AlarmProvider
07-03 17:36:19.289  2033  2046 V AlarmClock: AlarmInitReceiver finished
07-03 17:36:21.082   475   475 D SAN_SERVICE: *******************************************
07-03 17:36:21.082   475   475 D SAN_SERVICE: DM App Phone Service State - 0
07-03 17:36:21.082   475   475 D SAN_SERVICE: *******************************************
07-03 17:36:21.617   475   475 D SAN_SERVICE: *******************************************
07-03 17:36:21.617   475   475 D SAN_SERVICE: DM App Phone Service State - 0
07-03 17:36:21.617   475   475 D SAN_SERVICE: *******************************************
07-03 17:36:22.066   158   158 D AlarmManagerService: Kernel timezone updated to 240 minutes west of GMT
07-03 17:36:37.640   457   460 D dalvikvm: GC_CONCURRENT freed 477K, 11% free 10516K/11719K, paused 2ms+5ms
07-03 17:36:39.937  1515  1517 D dalvikvm: GC_CONCURRENT freed 442K, 7% free 10096K/10759K, paused 2ms+3ms
07-03 17:36:42.984   158   578 D AlarmManagerService: Kernel timezone updated to 240 minutes west of GMT
07-03 17:36:43.086   158   161 D dalvikvm: GC_CONCURRENT freed 806K, 12% free 12510K/14151K, paused 3ms+7ms
07-03 17:36:46.140   457   460 D dalvikvm: GC_CONCURRENT freed 451K, 11% free 10523K/11719K, paused 2ms+3ms
07-03 17:36:53.043   158   315 D WifiConfigStore: IP config changed SSID = "UB_Secure" linkProperties: LinkAddresses: [] Routes: [] DnsAddresses: [] 
07-03 17:36:53.043   158   315 D WifiConfigStore: proxy changed SSID = "UB_Secure"
07-03 17:36:53.066    82   131 D AudioHardware: AudioHardware pcm playback is exiting standby.
07-03 17:36:53.066    82   131 D AudioHardware: openPcmOut_l() mPcmOpenCnt: 0
07-03 17:36:53.109    76   118 D CommandListener: Clearing all IP addresses on wlan0
07-03 17:36:53.386   393   395 D dalvikvm: GC_CONCURRENT freed 674K, 15% free 10124K/11783K, paused 3ms+12ms
07-03 17:36:53.535  1064  1322 I PhoneLab-: Service Running
07-03 17:36:53.586  1515  1517 D dalvikvm: GC_CONCURRENT freed 374K, 6% free 10137K/10759K, paused 2ms+4ms
07-03 17:36:53.590  1960  1960 I wpa_supplicant: wlan0: Trying to associate with d0:c2:82:84:8d:51 (SSID='UB_Secure' freq=2462 MHz)
07-03 17:36:53.765  1064  1322 I PhoneLab-LoggerService: app_36    1325  1064  1828   1452  c00f181c 400107b4 S logcat
07-03 17:36:53.765  1064  1322 I PhoneLab-LoggerService: Logcat pid from database 1325
07-03 17:36:53.765  1064  1322 I PhoneLab-LoggerService: Logcat process found 1325
07-03 17:36:53.765  1064  1322 I PhoneLab-LoggerService: Checking Threshold
07-03 17:36:53.765  1064  1322 I PhoneLab-LoggerService: Starting to rename files
07-03 17:36:53.769  1064  1322 I PhoneLab-LoggerService: Files found .. 3
07-03 17:36:54.972   158   509 D AlarmManagerService: Kernel timezone updated to 240 minutes west of GMT
07-03 17:36:55.691   664  1969 W GDataClient: Unable to execute HTTP request.java.net.SocketTimeoutException: Read timed out
07-03 17:36:57.722  1515  1517 D dalvikvm: GC_CONCURRENT freed 473K, 7% free 10094K/10759K, paused 3ms+8ms
07-03 17:36:58.129  1960  1960 I wpa_supplicant: wlan0: Trying to associate with d0:c2:82:84:8d:51 (SSID='UB_Secure' freq=2462 MHz)
07-03 17:37:00.547    76   118 D CommandListener: Clearing all IP addresses on wlan0
07-03 17:37:00.621  1960  1960 I wpa_supplicant: wlan0: CTRL-EVENT-TERMINATING 
07-03 17:37:00.640    82   131 D AudioHardware: AudioHardware pcm playback is going to standby.
07-03 17:37:00.640    82   131 D AudioHardware: closePcmOut_l() mPcmOpenCnt: 1
07-03 17:37:00.847    76   115 W Netd    : No subsystem found in netlink event
07-03 17:37:00.847    76   115 D NetlinkEvent: Unexpected netlink message. type=0x11
07-03 17:37:03.898  1515  1515 D dalvikvm: GC_FOR_ALLOC freed 414K, 7% free 10018K/10759K, paused 24ms
07-03 17:37:04.004   158   161 D dalvikvm: GC_CONCURRENT freed 769K, 12% free 12538K/14151K, paused 2ms+4ms
07-03 17:37:04.953    76   118 D SoftapController: Softap fwReload - Ok
07-03 17:37:04.953   158   315 D NetworkManagementService: rsp <213 00:90:4c:11:22:33 0.0.0.0 0 [down broadcast multicast]>
07-03 17:37:04.957    76   118 D CommandListener: Setting iface cfg
07-03 17:37:04.957    76   118 D CommandListener: Trying to bring down wlan0
07-03 17:37:04.957    76   118 D CommandListener: broadcast flag ignored
07-03 17:37:04.957    76   118 D CommandListener: multicast flag ignored
07-03 17:37:04.957   158   315 D NetworkManagementService: flags <[down broadcast multicast]>
07-03 17:37:04.965  2064  2064 I wpa_supplicant: rfkill: Cannot open RFKILL control device
07-03 17:37:05.359   158   576 D AlarmManagerService: Kernel timezone updated to 240 minutes west of GMT
07-03 17:37:05.547  2064  2064 I wpa_supplicant: wlan0: Trying to associate with d0:c2:82:84:8d:51 (SSID='UB_Secure' freq=2462 MHz)
07-03 17:37:05.761  2064  2064 I wpa_supplicant: wlan0: Associated with d0:c2:82:84:8d:51
07-03 17:37:05.785  2064  2064 I wpa_supplicant: wlan0: CTRL-EVENT-EAP-STARTED EAP authentication started
07-03 17:37:05.804  2064  2064 I wpa_supplicant: wlan0: CTRL-EVENT-EAP-PROPOSED-METHOD vendor=0 method=4 -> NAK
07-03 17:37:05.808  2064  2064 I wpa_supplicant: wlan0: CTRL-EVENT-EAP-PROPOSED-METHOD vendor=0 method=25
07-03 17:37:05.808  2064  2064 I wpa_supplicant: wlan0: CTRL-EVENT-EAP-METHOD EAP vendor 0 method 25 (PEAP) selected
07-03 17:37:05.886  2064  2064 I wpa_supplicant: wlan0: CTRL-EVENT-EAP-PEER-CERT depth=2 subject='/C=US/O=Entrust.net/OU=www.entrust.net/CPS incorp. by ref. (limits liab.)/OU=(c) 1999 Entrust.net Limited/CN=Entrust.net Secure Server Certification Authority'
07-03 17:37:05.890  2064  2064 I wpa_supplicant: wlan0: CTRL-EVENT-EAP-PEER-CERT depth=2 subject='/C=US/O=Entrust.net/OU=www.entrust.net/CPS incorp. by ref. (limits liab.)/OU=(c) 1999 Entrust.net Limited/CN=Entrust.net Secure Server Certification Authority'
07-03 17:37:05.894  2064  2064 I wpa_supplicant: wlan0: CTRL-EVENT-EAP-PEER-CERT depth=1 subject='/C=US/ST=UT/L=Salt Lake City/O=The USERTRUST Network/CN=USERTrust Legacy Secure Server CA'
07-03 17:37:05.894  2064  2064 I wpa_supplicant: wlan0: CTRL-EVENT-EAP-PEER-CERT depth=0 subject='/C=US/postalCode=14260/ST=New York/L=Buffalo/street=305 Computing Center/O=SUNY AT BUFFALO/OU=Office of the President/OU=Issued through UNIVERSITY AT BUFFALO E-PKI Manager/OU=PremiumSSL Legacy/CN=ubsecure.acsu.buffalo.edu'
07-03 17:37:06.019  1515  1517 D dalvikvm: GC_CONCURRENT freed 326K, 7% free 10102K/10759K, paused 2ms+4ms
07-03 17:37:06.062  2064  2064 I wpa_supplicant: EAP-MSCHAPV2: Authentication succeeded
07-03 17:37:06.062  2064  2064 I wpa_supplicant: EAP-TLV: TLV Result - Success - EAP-TLV/Phase2 Completed
07-03 17:37:06.070  2064  2064 I wpa_supplicant: wlan0: CTRL-EVENT-EAP-SUCCESS EAP authentication completed successfully
07-03 17:37:06.097  2064  2064 I wpa_supplicant: wlan0: WPA: Key negotiation completed with d0:c2:82:84:8d:51 [PTK=CCMP GTK=TKIP]
07-03 17:37:06.097  2064  2064 I wpa_supplicant: wlan0: CTRL-EVENT-CONNECTED - Connection to d0:c2:82:84:8d:51 completed (auth) [id=0 id_str=]
07-03 17:37:11.336   158   318 D ConnectivityService: ConnectivityChange for WIFI: CONNECTED/CONNECTED
07-03 17:37:11.336   158   318 D ConnectivityService: Policy requires mobile teardown
07-03 17:37:11.386  1064  1064 I PhoneLab-WiFiReceiver: Wi-Fi is connected!
07-03 17:37:11.402  1064  1064 I PhoneLab-WiFiReceiver: SSID: UB_Secure BSSID: d0:c2:82:84:8d:51 RSSI: -200 LinkSpeed: -1
07-03 17:37:11.406  1064  1064 I PhoneLab-Locks: wake lock acquired
07-03 17:37:11.437  1064  1064 I PhoneLab-UploadLogs: Transfering log files now
07-03 17:37:11.476   158   318 D ConnectivityService: ConnectivityChange for mobile: DISCONNECTED/DISCONNECTED
07-03 17:37:11.476   158   318 D ConnectivityService: Attempting to switch to WIFI
07-03 17:37:11.476   158   318 D ConnectivityService: Attempting to switch to WIMAX
07-03 17:37:11.480   158   312 W NetworkStats: dropping UID delta from unknown iface: iface=wlan0 uid=0 set=DEFAULT tag=0x0 rxBytes=72 rxPackets=1 txBytes=252 txPackets=4 operations=0
07-03 17:37:11.480   158   318 D ConnectivityService: Attempting to switch to BLUETOOTH_TETHER
07-03 17:37:11.492   158   318 D ConnectivityService: resetConnections(rmnet0, 3)
07-03 17:37:11.496   158   318 D NetUtils: android_net_utils_resetConnections in env=0x25aa18 clazz=0x6b400001 iface=rmnet0 mask=0x3
07-03 17:37:11.640  1064  1067 D dalvikvm: GC_CONCURRENT freed 508K, 7% free 9147K/9735K, paused 2ms+10ms
07-03 17:37:11.715  1064  1064 D dalvikvm: GC_FOR_ALLOC freed 132K, 6% free 9174K/9735K, paused 31ms
07-03 17:37:11.734  1064  1064 D dalvikvm: GC_FOR_ALLOC freed 82K, 6% free 9215K/9799K, paused 16ms
07-03 17:37:11.738  1064  1064 I dalvikvm-heap: Grow heap (frag case) to 9.185MB for 123476-byte allocation
07-03 17:37:11.754  1064  1064 D dalvikvm: GC_FOR_ALLOC freed 56K, 7% free 9279K/9927K, paused 15ms
07-03 17:37:11.754  1064  1064 I dalvikvm-heap: Grow heap (frag case) to 9.373MB for 254548-byte allocation
07-03 17:37:11.769  1064  1064 D dalvikvm: GC_FOR_ALLOC freed 120K, 8% free 9407K/10183K, paused 13ms
07-03 17:37:11.769  1064  1064 I dalvikvm-heap: Grow heap (frag case) to 9.748MB for 516692-byte allocation
07-03 17:37:11.773   664  1387 W Smack/Packet: notify conn break (IOEx), close connection
07-03 17:37:11.801  1064  1067 D dalvikvm: GC_CONCURRENT freed 248K, 10% free 9663K/10695K, paused 1ms+2ms
07-03 17:37:11.801  1064  1064 I PhoneLab-UploadLogs: OnStartCommand
07-03 17:37:11.875   545  1629 W DownloadManager: Aborting request for download 2: while reading response: javax.net.ssl.SSLException: Read error: ssl=0x3f1278: I/O error during system call, Connection timed out
07-03 17:37:11.883  1064  2097 D dalvikvm: GC_FOR_ALLOC freed 382K, 10% free 9647K/10695K, paused 22ms
07-03 17:37:11.906  1064  2097 D dalvikvm: GC_FOR_ALLOC freed 301K, 10% free 9648K/10695K, paused 22ms
07-03 17:37:11.926   664  1387 I qtaguid : Failed write_ctrl(u 81) res=-1 errno=22
07-03 17:37:11.929   664  1387 I qtaguid : Untagging socket 81 failed errno=-22
07-03 17:37:11.933   664  1387 W NetworkManagementSocketTagger: untagSocket(81) failed with errno -22
07-03 17:37:11.933  1064  2097 D dalvikvm: GC_FOR_ALLOC freed 301K, 10% free 9654K/10695K, paused 20ms
07-03 17:37:11.945   158   318 D ConnectivityService: handleInetConditionChange: net=0 != default=1 - ignore
07-03 17:37:12.047  1148  1148 D Finsky  : [1] DownloadQueueImpl.notifyProgress: self-update-download: onProgress 2422297/5322241 Status: 194.
07-03 17:37:12.062   664   667 D dalvikvm: GC_CONCURRENT freed 343K, 11% free 10371K/11527K, paused 9ms+14ms
07-03 17:37:12.101   545  2100 I DownloadManager: Initiating request for download 1
07-03 17:37:12.121   545  2101 I DownloadManager: Initiating request for download 2
07-03 17:37:12.386   393   395 D dalvikvm: GC_CONCURRENT freed 631K, 17% free 9877K/11783K, paused 2ms+2ms
07-03 17:37:12.519  1064  1064 I PhoneLab-: 1341350453173.log is deleted
07-03 17:37:12.519  1064  1064 I PhoneLab-: Response: {"data": "done", "err": ""}
07-03 17:37:12.570  1064  1067 D dalvikvm: GC_CONCURRENT freed 953K, 15% free 9192K/10695K, paused 3ms+4ms
07-03 17:37:12.703  1064  1067 D dalvikvm: GC_CONCURRENT freed 305K, 14% free 9295K/10695K, paused 2ms+2ms
07-03 17:37:12.726  1515  1517 D dalvikvm: GC_CONCURRENT freed 396K, 6% free 10129K/10759K, paused 2ms+5ms
07-03 17:37:12.758  1064  1064 D dalvikvm: GC_FOR_ALLOC freed 120K, 12% free 9423K/10695K, paused 45ms
07-03 17:37:12.886   158   161 D dalvikvm: GC_CONCURRENT freed 776K, 12% free 12515K/14151K, paused 2ms+5ms
07-03 17:37:12.906  1064  1067 D dalvikvm: GC_CONCURRENT freed 254K, 10% free 9680K/10695K, paused 31ms+17ms
07-03 17:37:12.953  1064  2108 D dalvikvm: GC_FOR_ALLOC freed 350K, 10% free 9657K/10695K, paused 20ms
07-03 17:37:12.972  1064  2108 D dalvikvm: GC_FOR_ALLOC freed 301K, 10% free 9658K/10695K, paused 19ms
07-03 17:37:13.000  1064  2108 D dalvikvm: GC_FOR_ALLOC freed 301K, 10% free 9659K/10695K, paused 22ms
07-03 17:37:13.062   158   175 I ActivityManager: Start proc com.google.android.inputmethod.latin.dictionarypack for broadcast com.google.android.inputmethod.latin.dictionarypack/.UpdateHandler: pid=2110 uid=10024 gids={3003, 1015}
07-03 17:37:13.117  2110  2110 I ActivityThread: Pub com.android.inputmethod.latin.dictionarypack: com.google.android.inputmethod.latin.dictionarypack.DictionaryProvider
07-03 17:37:13.176   545   546 D dalvikvm: GC_CONCURRENT freed 454K, 17% free 9517K/11399K, paused 3ms+40ms
07-03 17:37:13.250   158   602 D dalvikvm: GC_EXPLICIT freed 74K, 12% free 12479K/14151K, paused 3ms+6ms
07-03 17:37:13.293  1064  1064 I PhoneLab-: 1341350453197.log is deleted
07-03 17:37:13.293  1064  1064 I PhoneLab-: Response: {"data": "done", "err": ""}
07-03 17:37:13.293  1064  1064 I PhoneLab-UploadLogs: No log files to transfer
07-03 17:37:13.293  1064  1064 I PhoneLab-Locks: wake lock released
07-03 17:37:13.758   158   575 I ActivityManager: No longer want com.google.android.partnersetup (pid 1339): hidden #16
07-03 17:37:13.777  2110  2113 D dalvikvm: GC_CONCURRENT freed 334K, 5% free 9145K/9607K, paused 4ms+3ms
07-03 17:37:13.894   545  2132 I DownloadManager: Initiating request for download 3
07-03 17:37:14.027   664   667 D dalvikvm: GC_CONCURRENT freed 392K, 11% free 10368K/11527K, paused 3ms+5ms
07-03 17:37:14.113   158   212 I ActivityManager: START {act=android.intent.action.MAIN cat=[android.intent.category.HOME] flg=0x10200000 cmp=com.android.launcher/com.android.launcher2.Launcher} from pid 158
07-03 17:37:14.297  1515  1515 D OpenGLRenderer: Flushing caches (mode 0)
07-03 17:37:14.371  1515  1515 D OpenGLRenderer: Flushing caches (mode 1)
07-03 17:37:14.484   158   321 D Tethering: MasterInitialState.processMessage what=3
07-03 17:37:14.527   158   321 D Tethering: MasterInitialState.processMessage what=3
07-03 17:37:14.547   158   321 D Tethering: MasterInitialState.processMessage what=3
07-03 17:37:14.566   664   664 I GTalkService/c: [AndroidEndpoint@1094563336] connect: acct=1000000, state=CONNECTING
07-03 17:37:14.578   664   664 I GTalkService/c: [GTalkConnection@1095186320] connect: acct=1, state=CONNECTING
07-03 17:37:14.594  1125  1147 D PicasaSyncManager: active network: NetworkInfo: type: WIFI[], state: CONNECTED/CONNECTED, reason: (unspecified), extra: (none), roaming: false, failover: false, isAvailable: true
07-03 17:37:14.621  1125  1147 D PicasaSyncManager: background data: true
07-03 17:37:14.656  1866  1866 I MediaUploader: No need to wake up
07-03 17:37:14.750  1866  1866 I MediaUploader: No need to wake up
07-03 17:37:14.976  1866  1866 I MediaUploader: No need to wake up
07-03 17:37:14.980   158   477 I ActivityManager: No longer want com.google.android.talk (pid 1092): hidden #16
07-03 17:37:15.152  1125  1127 D dalvikvm: GC_CONCURRENT freed 352K, 6% free 9303K/9863K, paused 23ms+9ms
07-03 17:37:15.320  1125  1147 D PicasaSyncManager: request sync for MetadataSyncTask (mcmanojster@gmail.com)
07-03 17:37:15.359  1125  1147 D PicasaSyncManager: active network: NetworkInfo: type: WIFI[], state: CONNECTED/CONNECTED, reason: (unspecified), extra: (none), roaming: false, failover: false, isAvailable: true
07-03 17:37:15.371  1125  1147 D PicasaSyncManager: background data: true
07-03 17:37:15.656    82   131 D AudioHardware: AudioHardware pcm playback is exiting standby.
07-03 17:37:15.656    82   131 D AudioHardware: openPcmOut_l() mPcmOpenCnt: 0
07-03 17:37:15.828   158   601 W InputManagerService: Starting input on non-focused client com.android.internal.view.IInputMethodClient$Stub$Proxy@414e2c98 (uid=1000 pid=1515)
07-03 17:37:15.906  1548  1618 D dalvikvm: GC_FOR_ALLOC freed 2706K, 41% free 11727K/19783K, paused 32ms
07-03 17:37:15.910  1548  1618 I dalvikvm-heap: Grow heap (frag case) to 12.403MB for 925072-byte allocation
07-03 17:37:15.949  1548  1548 D dalvikvm: GC_FOR_ALLOC freed 31K, 37% free 12598K/19783K, paused 23ms
07-03 17:37:16.008  1548  1550 D dalvikvm: GC_CONCURRENT freed <1K, 37% free 12598K/19783K, paused 2ms+7ms
07-03 17:37:16.086  1548  1562 D dalvikvm: GC_FOR_ALLOC freed 65K, 36% free 12664K/19783K, paused 28ms
07-03 17:37:16.094  1548  1562 I dalvikvm-heap: Grow heap (frag case) to 13.663MB for 1286224-byte allocation
07-03 17:37:16.136  1548  1618 D dalvikvm: GC_FOR_ALLOC freed 1K, 30% free 13918K/19783K, paused 27ms
07-03 17:37:16.285  1548  1550 D dalvikvm: GC_CONCURRENT freed 5K, 29% free 14091K/19783K, paused 2ms+7ms
07-03 17:37:16.617  1548  1550 D dalvikvm: GC_CONCURRENT freed 3215K, 37% free 12515K/19783K, paused 2ms+4ms
07-03 17:37:16.679  1548  1619 D dalvikvm: GC_FOR_ALLOC freed 323K, 37% free 12574K/19783K, paused 21ms
07-03 17:37:16.855  1548  1550 D dalvikvm: GC_CONCURRENT freed 964K, 36% free 12779K/19783K, paused 2ms+7ms
07-03 17:37:16.890  1548  1617 D dalvikvm: GC_FOR_ALLOC freed 24K, 35% free 12905K/19783K, paused 31ms
07-03 17:37:16.929  1548  1619 D dalvikvm: GC_FOR_ALLOC freed 3K, 29% free 14159K/19783K, paused 21ms
07-03 17:37:17.140   638   638 D OpenGLRenderer: Flushing caches (mode 1)
07-03 17:37:17.179   158   161 D dalvikvm: GC_CONCURRENT freed 716K, 12% free 12510K/14151K, paused 3ms+7ms
07-03 17:37:17.261   749   891 I CalendarProvider2: No events to update: uri=content://com.android.calendar/events?account_name=mcmanojster%40gmail.com&account_type=com.google&caller_is_syncadapter=true selection=_sync_id IS NOT NULL AND calendar_id=1 selectionArgs=null
07-03 17:37:17.359  1548  1550 D dalvikvm: GC_CONCURRENT freed 3081K, 36% free 12781K/19783K, paused 2ms+3ms
07-03 17:37:17.492  1548  1550 D dalvikvm: GC_CONCURRENT freed 821K, 34% free 13183K/19783K, paused 3ms+4ms
07-03 17:37:17.640   457  2147 E BinaryDictionaryFileDumper: Could not copy a word list. Will not be able to use it.
07-03 17:37:17.769   158   312 W NetworkStats: dropping UID delta from unknown iface: iface=rmnet0 uid=10009 set=DEFAULT tag=0x0 rxBytes=0 rxPackets=0 txBytes=60 txPackets=1 operations=0
07-03 17:37:17.804  1429  1432 D dalvikvm: GC_CONCURRENT freed 341K, 5% free 9213K/9671K, paused 3ms+2ms
07-03 17:37:17.906   545   546 D dalvikvm: GC_CONCURRENT freed 378K, 17% free 9523K/11399K, paused 1ms+4ms
07-03 17:37:18.265   158   575 I ActivityManager: START {act=android.intent.action.MAIN cat=[android.intent.category.LAUNCHER] flg=0x10200000 cmp=com.android.vending/.AssetBrowserActivity} from pid 1548
07-03 17:37:18.429   638   638 D OpenGLRenderer: Flushing caches (mode 1)
07-03 17:37:18.547  1548  1548 D OpenGLRenderer: Flushing caches (mode 1)
07-03 17:37:18.597  1548  1548 D OpenGLRenderer: Flushing caches (mode 0)
07-03 17:37:18.597   158   601 W InputManagerService: Starting input on non-focused client com.android.internal.view.IInputMethodClient$Stub$Proxy@41533770 (uid=10025 pid=1548)
07-03 17:37:18.824  1148  1150 D dalvikvm: GC_CONCURRENT freed 546K, 10% free 11091K/12295K, paused 7ms+4ms
07-03 17:37:18.965   749   751 D dalvikvm: GC_CONCURRENT freed 407K, 6% free 9262K/9799K, paused 22ms+5ms
07-03 17:37:19.082  1148  1148 D dalvikvm: GC_FOR_ALLOC freed 168K, 9% free 11253K/12295K, paused 34ms
07-03 17:37:19.082  1148  1148 I dalvikvm-heap: Grow heap (frag case) to 11.088MB for 29600-byte allocation
07-03 17:37:19.113  1148  1148 D dalvikvm: GC_FOR_ALLOC freed 11K, 9% free 11271K/12359K, paused 25ms
07-03 17:37:19.144  1148  1148 D dalvikvm: GC_FOR_ALLOC freed <1K, 9% free 11302K/12359K, paused 26ms
07-03 17:37:19.144  1148  1148 I dalvikvm-heap: Grow heap (frag case) to 11.135MB for 29600-byte allocation
07-03 17:37:19.176  1148  1148 D dalvikvm: GC_FOR_ALLOC freed <1K, 9% free 11330K/12423K, paused 28ms
07-03 17:37:19.472  1148  1150 D dalvikvm: GC_CONCURRENT freed 286K, 5% free 11814K/12423K, paused 4ms+7ms
07-03 17:37:20.660   638   638 D OpenGLRenderer: Flushing caches (mode 1)
07-03 17:37:21.234    82   131 D AudioHardware: AudioHardware pcm playback is going to standby.
07-03 17:37:21.234    82   131 D AudioHardware: closePcmOut_l() mPcmOpenCnt: 1
07-03 17:37:21.840  1429  1432 D dalvikvm: GC_CONCURRENT freed 325K, 5% free 9277K/9735K, paused 4ms+78ms
07-03 17:37:21.926  1148  1148 D Finsky  : [1] DownloadQueueImpl.notifyProgress: self-update-download: onProgress 5322241/5322241 Status: 200.
07-03 17:37:21.933  1148  1148 D Finsky  : [1] DownloadBroadcastReceiver.onReceive: Intent received at DownloadBroadcastReceiver
07-03 17:37:21.949  1148  1148 D Finsky  : [1] DownloadImpl.setState: self-update-download from DOWNLOADING to SUCCESS.
07-03 17:37:21.953  1148  1148 D Finsky  : [1] DownloadQueueImpl.onComplete: self-update-download: onComplete
07-03 17:37:21.953  1148  1148 D Finsky  : [1] DownloadQueueImpl.remove: Download self-update-download removed from DownloadQueue
07-03 17:37:21.953  1148  1148 D Finsky  : [1] SelfUpdateScheduler.onComplete: Self-update ready to be installed, waiting for market to close.
07-03 17:37:21.957    84    84 I installd: free_cache(0) avail 972877824
07-03 17:37:22.074   638   638 D OpenGLRenderer: Flushing caches (mode 1)
07-03 17:37:22.277   664   667 D dalvikvm: GC_CONCURRENT freed 425K, 11% free 10335K/11527K, paused 4ms+8ms
07-03 17:37:23.144   158   576 D dalvikvm: GC_EXPLICIT freed 571K, 12% free 12519K/14151K, paused 3ms+5ms
07-03 17:37:23.332  1396  1398 D dalvikvm: GC_CONCURRENT freed 357K, 5% free 9424K/9863K, paused 5ms+3ms
07-03 17:37:23.367  1396  1842 D dalvikvm: GC_EXPLICIT freed 219K, 7% free 9221K/9863K, paused 2ms+2ms
07-03 17:37:23.761  1396  1398 D dalvikvm: GC_CONCURRENT freed 354K, 6% free 9336K/9863K, paused 1ms+3ms
07-03 17:37:23.875   664   667 D dalvikvm: GC_CONCURRENT freed 349K, 11% free 10370K/11527K, paused 2ms+3ms
07-03 17:37:24.043   664  2166 D dalvikvm: GC_EXPLICIT freed 105K, 11% free 10293K/11527K, paused 3ms+3ms
07-03 17:37:24.226   638   638 D OpenGLRenderer: Flushing caches (mode 1)
07-03 17:37:24.297   579   581 D dalvikvm: GC_CONCURRENT freed 369K, 10% free 9771K/10823K, paused 2ms+2ms
07-03 17:37:24.543   638   638 D OpenGLRenderer: Flushing caches (mode 1)
07-03 17:37:25.144   664   667 D dalvikvm: GC_CONCURRENT freed 304K, 10% free 10396K/11527K, paused 24ms+3ms
07-03 17:37:25.992   579  1001 D dalvikvm: GC_EXPLICIT freed 260K, 10% free 9747K/10823K, paused 1ms+3ms
07-03 17:37:26.746   579   593 D dalvikvm: GC_FOR_ALLOC freed 230K, 11% free 9733K/10823K, paused 18ms
07-03 17:37:27.136    82   131 D AudioHardware: AudioHardware pcm playback is exiting standby.
07-03 17:37:27.136    82   131 D AudioHardware: openPcmOut_l() mPcmOpenCnt: 0
07-03 17:37:27.183   638   638 D OpenGLRenderer: Flushing caches (mode 1)
07-03 17:37:27.445  1148  1150 D dalvikvm: GC_CONCURRENT freed 404K, 4% free 12364K/12871K, paused 3ms+5ms
07-03 17:37:27.617  1148  1148 D Finsky  : [1] DetailsDataBasedFragment.rebindViews: Page [class=DetailsFragment] loaded in [480 ms] (partial? false)
07-03 17:37:27.879   638   638 D OpenGLRenderer: Flushing caches (mode 1)
07-03 17:37:27.933   638   638 D OpenGLRenderer: Flushing caches (mode 1)
07-03 17:37:28.023   579  1001 D dalvikvm: GC_FOR_ALLOC freed 210K, 11% free 9734K/10823K, paused 70ms
07-03 17:37:28.039  1148  1150 D dalvikvm: GC_CONCURRENT freed 750K, 7% free 12752K/13575K, paused 3ms+7ms
07-03 17:37:28.140  1148  1148 D Finsky  : [1] DetailsDataBasedFragment.rebindViews: Page [class=DetailsFragment] loaded in [983 ms] (partial? true)
07-03 17:37:28.301  1148  1173 D dalvikvm: GC_FOR_ALLOC freed 528K, 6% free 13256K/14023K, paused 42ms
07-03 17:37:28.633  1148  1150 D dalvikvm: GC_CONCURRENT freed 488K, 4% free 14229K/14791K, paused 3ms+7ms
07-03 17:37:29.781   664   667 D dalvikvm: GC_CONCURRENT freed 427K, 11% free 10361K/11527K, paused 23ms+2ms
07-03 17:37:29.808   579   593 D dalvikvm: GC_FOR_ALLOC freed 223K, 11% free 9733K/10823K, paused 19ms
07-03 17:37:30.226    82   131 D AudioHardware: AudioHardware pcm playback is going to standby.
07-03 17:37:30.226    82   131 D AudioHardware: closePcmOut_l() mPcmOpenCnt: 1
07-03 17:37:30.308    82   131 D AudioHardware: AudioHardware pcm playback is exiting standby.
07-03 17:37:30.308    82   131 D AudioHardware: openPcmOut_l() mPcmOpenCnt: 0
07-03 17:37:30.312   158   578 I ActivityManager: START {flg=0x20010000 cmp=com.android.vending/com.google.android.finsky.activities.PurchaseDialog (has extras)} from pid 1148
07-03 17:37:30.500  1148  1148 D Finsky  : [1] SelfUpdateScheduler.checkForSelfUpdate: Skipping self-update check as there is an update already queued.
07-03 17:37:30.586   158   207 I ActivityManager: Displayed com.android.vending/com.google.android.finsky.activities.PurchaseDialog: +240ms
07-03 17:37:30.957  1148  1148 D OpenGLRenderer: Flushing caches (mode 0)
07-03 17:37:31.418  1148  1150 D dalvikvm: GC_CONCURRENT freed 979K, 7% free 14943K/16007K, paused 3ms+11ms
07-03 17:37:31.457   158   170 D dalvikvm: GC_EXPLICIT freed 498K, 12% free 12532K/14151K, paused 2ms+22ms
07-03 17:37:31.558   579  1001 D dalvikvm: GC_FOR_ALLOC freed 204K, 11% free 9734K/10823K, paused 38ms
07-03 17:37:33.179   579   717 D dalvikvm: GC_FOR_ALLOC freed 278K, 11% free 9738K/10823K, paused 18ms
07-03 17:37:33.406    82   131 D AudioHardware: AudioHardware pcm playback is going to standby.
07-03 17:37:33.406    82   131 D AudioHardware: closePcmOut_l() mPcmOpenCnt: 1
07-03 17:37:34.082   664   667 D dalvikvm: GC_CONCURRENT freed 389K, 11% free 10365K/11527K, paused 23ms+3ms
07-03 17:37:34.113   579   713 D dalvikvm: GC_FOR_ALLOC freed 248K, 11% free 9733K/10823K, paused 18ms
07-03 17:37:35.152   579   720 D dalvikvm: GC_FOR_ALLOC freed 273K, 11% free 9737K/10823K, paused 18ms
07-03 17:37:35.875   579   593 D dalvikvm: GC_FOR_ALLOC freed 210K, 11% free 9733K/10823K, paused 17ms
07-03 17:37:36.636   579   720 D dalvikvm: GC_FOR_ALLOC freed 205K, 11% free 9733K/10823K, paused 17ms
07-03 17:37:37.562   579   593 D dalvikvm: GC_FOR_ALLOC freed 213K, 11% free 9733K/10823K, paused 17ms
07-03 17:37:37.969  1148  1148 D Finsky  : [1] InstallerImpl.requestInstall: Request install of com.whatsapp v=29946
07-03 17:37:37.980  1148  1148 D Finsky  : [1] InstallerImpl.kick: Installer kick com.whatsapp - starting com.whatsapp
07-03 17:37:37.984    82   131 D AudioHardware: AudioHardware pcm playback is exiting standby.
07-03 17:37:37.984    82   131 D AudioHardware: openPcmOut_l() mPcmOpenCnt: 0
07-03 17:37:38.086   638   638 D OpenGLRenderer: Flushing caches (mode 1)
07-03 17:37:38.297  1148  1148 D Finsky  : [1] DetailsDataBasedFragment.rebindViews: Page [class=DetailsFragment] loaded in [11157 ms] (partial? false)
07-03 17:37:38.582   158   174 I Process : Sending signal. PID: 1148 SIG: 3
07-03 17:37:38.582  1148  1152 I dalvikvm: threadid=3: reacting to signal 3
07-03 17:37:38.594   664   667 D dalvikvm: GC_CONCURRENT freed 397K, 11% free 10358K/11527K, paused 41ms+6ms
07-03 17:37:38.629  1148  1152 I dalvikvm: Wrote stack traces to '/data/anr/traces.txt'
07-03 17:37:38.644  1148  1148 D Finsky  : [1] DetailsDataBasedFragment.rebindViews: Page [class=DetailsFragment] loaded in [11509 ms] (partial? true)
07-03 17:37:38.648  1148  1148 D Finsky  : [1] DownloadImpl.setState: com.whatsapp from null to UNQUEUED.
07-03 17:37:38.648  1148  1148 D Finsky  : [1] DownloadQueueImpl.add: Download com.whatsapp added to DownloadQueue
07-03 17:37:38.652  1148  1148 D Finsky  : [1] DownloadImpl.setState: com.whatsapp from UNQUEUED to QUEUED.
07-03 17:37:38.660    84    84 I installd: free_cache(5095497) avail 972398592
07-03 17:37:38.871  1148  1148 D Finsky  : [1] DownloadQueueImpl.startDownload: Download com.whatsapp starting
07-03 17:37:38.996  1148  1155 I dalvikvm: Jit: resizing JitTable from 8192 to 16384
07-03 17:37:39.008  1148  1150 D dalvikvm: GC_CONCURRENT freed 1557K, 10% free 15378K/17031K, paused 3ms+13ms
07-03 17:37:39.082   158   174 I Process : Sending signal. PID: 1148 SIG: 3
07-03 17:37:39.082  1148  1152 I dalvikvm: threadid=3: reacting to signal 3
07-03 17:37:39.140  1148  1152 I dalvikvm: Wrote stack traces to '/data/anr/traces.txt'
07-03 17:37:39.340  1148  1148 D Finsky  : [1] DownloadImpl.setState: com.whatsapp from QUEUED to DOWNLOADING.
07-03 17:37:39.344  1148  1148 D Finsky  : [1] DownloadQueueImpl.notifyProgress: com.whatsapp: onProgress 0/-1 Status: 190.
07-03 17:37:39.386  1148  1148 D Finsky  : [1] DownloadQueueImpl.notifyProgress: com.whatsapp: onProgress 0/-1 Status: 192.
07-03 17:37:39.394  1148  1148 D Finsky  : [1] DownloadQueueImpl.onStart: com.whatsapp: onStart
07-03 17:37:39.422  1148  1148 D OpenGLRenderer: Flushing caches (mode 0)
07-03 17:37:39.426   545  2184 I DownloadManager: Initiating request for download 4
07-03 17:37:39.648   393   395 D dalvikvm: GC_CONCURRENT freed 234K, 15% free 10089K/11783K, paused 2ms+6ms
07-03 17:37:39.820   393   395 D dalvikvm: GC_CONCURRENT freed 556K, 16% free 9947K/11783K, paused 3ms+9ms
07-03 17:37:39.898   579   720 D dalvikvm: GC_FOR_ALLOC freed 207K, 11% free 9734K/10823K, paused 28ms
07-03 17:37:40.250   545  2184 I DownloadManager: Initiating request for download 4
07-03 17:37:41.082    82   131 D AudioHardware: AudioHardware pcm playback is going to standby.
07-03 17:37:41.082    82   131 D AudioHardware: closePcmOut_l() mPcmOpenCnt: 1
07-03 17:37:41.176   158   312 W NetworkStats: dropping UID delta from unknown iface: iface=rmnet0 uid=10009 set=DEFAULT tag=0x0 rxBytes=0 rxPackets=0 txBytes=180 txPackets=3 operations=0
07-03 17:37:42.297   579   593 D dalvikvm: GC_FOR_ALLOC freed 223K, 11% free 9736K/10823K, paused 21ms
07-03 17:37:45.258   158   161 D dalvikvm: GC_CONCURRENT freed 760K, 12% free 12557K/14151K, paused 8ms+6ms
07-03 17:37:45.328   545   546 D dalvikvm: GC_CONCURRENT freed 393K, 17% free 9518K/11399K, paused 2ms+3ms
07-03 17:37:45.793   545  2184 I qtaguid : Failed write_ctrl(u 68) res=-1 errno=22
07-03 17:37:45.793   545  2184 I qtaguid : Untagging socket 68 failed errno=-22
07-03 17:37:45.797   545  2184 W NetworkManagementSocketTagger: untagSocket(68) failed with errno -22
07-03 17:37:46.066  1148  1148 D Finsky  : [1] DownloadQueueImpl.notifyProgress: com.whatsapp: onProgress 5095497/5095497 Status: 200.
07-03 17:37:46.113  1148  1148 D Finsky  : [1] DownloadBroadcastReceiver.onReceive: Intent received at DownloadBroadcastReceiver
07-03 17:37:46.207   393   395 D dalvikvm: GC_CONCURRENT freed 279K, 15% free 10101K/11783K, paused 1ms+3ms
07-03 17:37:46.238   545   558 D dalvikvm: GC_EXPLICIT freed 162K, 18% free 9411K/11399K, paused 2ms+3ms
07-03 17:37:46.242  1148  1148 D Finsky  : [1] DownloadImpl.setState: com.whatsapp from DOWNLOADING to SUCCESS.
07-03 17:37:46.250  1148  1148 D Finsky  : [1] DownloadQueueImpl.onComplete: com.whatsapp: onComplete
07-03 17:37:46.250  1148  1148 D Finsky  : [1] DownloadQueueImpl.remove: Download com.whatsapp removed from DownloadQueue
07-03 17:37:46.258  1148  1148 D Finsky  : [1] SelfUpdateScheduler.onComplete: Self-update ignoring completed download com.whatsapp
07-03 17:37:46.293   393   395 D dalvikvm: GC_CONCURRENT freed 503K, 15% free 10042K/11783K, paused 1ms+6ms
07-03 17:37:46.301    84    84 I installd: free_cache(0) avail 967237632
07-03 17:37:46.465   579   593 D dalvikvm: GC_FOR_ALLOC freed 225K, 11% free 9734K/10823K, paused 20ms
07-03 17:37:46.629   158   178 I ActivityManager: Start proc com.android.defcontainer for service com.android.defcontainer/.DefaultContainerService: pid=2197 uid=10010 gids={1015, 2001}
07-03 17:37:46.726   393   395 D dalvikvm: GC_CONCURRENT freed 476K, 16% free 9967K/11783K, paused 2ms+3ms
07-03 17:37:46.836   393   395 D dalvikvm: GC_CONCURRENT freed 211K, 14% free 10182K/11783K, paused 2ms+3ms
07-03 17:37:46.929   158   178 W ActivityManager: No content provider found for permission revoke: file:///data/data/com.android.providers.downloads/cache/downloadfile-1.apk
07-03 17:37:47.015   393   393 D dalvikvm: GC_FOR_ALLOC freed 547K, 16% free 10009K/11783K, paused 21ms
07-03 17:37:47.125   158   178 W ActivityManager: No content provider found for permission revoke: file:///data/data/com.android.providers.downloads/cache/downloadfile-1.apk
07-03 17:37:47.410   158   161 D dalvikvm: GC_CONCURRENT freed 435K, 9% free 12970K/14151K, paused 2ms+4ms
07-03 17:37:47.488   158   178 D dalvikvm: GC_FOR_ALLOC freed 448K, 8% free 13070K/14151K, paused 47ms
07-03 17:37:47.734   158   161 D dalvikvm: GC_CONCURRENT freed 376K, 4% free 13650K/14151K, paused 2ms+4ms
07-03 17:37:48.484   158   161 D dalvikvm: GC_CONCURRENT freed 711K, 6% free 14023K/14855K, paused 6ms+5ms
07-03 17:37:48.660   579   717 D dalvikvm: GC_FOR_ALLOC freed 228K, 11% free 9733K/10823K, paused 21ms
07-03 17:37:48.769   158   161 D dalvikvm: GC_CONCURRENT freed 1139K, 9% free 14049K/15367K, paused 2ms+5ms
07-03 17:37:48.953   158   161 D dalvikvm: GC_CONCURRENT freed 1206K, 9% free 14049K/15431K, paused 3ms+5ms
07-03 17:37:49.129   158   161 D dalvikvm: GC_CONCURRENT freed 1145K, 9% free 14046K/15431K, paused 2ms+4ms
07-03 17:37:49.320   158   161 D dalvikvm: GC_CONCURRENT freed 1140K, 9% free 14063K/15431K, paused 2ms+5ms
07-03 17:37:49.480   158   161 D dalvikvm: GC_CONCURRENT freed 1144K, 9% free 14061K/15431K, paused 3ms+6ms
07-03 17:37:49.687   158   161 D dalvikvm: GC_CONCURRENT freed 1150K, 9% free 14069K/15431K, paused 3ms+6ms
07-03 17:37:49.816   579   713 D dalvikvm: GC_FOR_ALLOC freed 225K, 11% free 9732K/10823K, paused 25ms
07-03 17:37:50.156   158   161 D dalvikvm: GC_CONCURRENT freed 1164K, 9% free 14085K/15431K, paused 2ms+11ms
07-03 17:37:50.367   158   161 D dalvikvm: GC_CONCURRENT freed 1155K, 9% free 14096K/15431K, paused 3ms+5ms
07-03 17:37:50.496   158   178 I PackageManager: Running dexopt on: com.whatsapp
07-03 17:37:50.836   749   749 I CalendarProvider2: Sending notification intent: Intent { act=android.intent.action.PROVIDER_CHANGED dat=content://com.android.calendar }
07-03 17:37:50.836   749   749 W ContentResolver: Failed to get type for: content://com.android.calendar (Unknown URL content://com.android.calendar)
07-03 17:37:51.117  2211  2211 D dalvikvm: DexOpt: 'Landroid/media/MediaMetadataRetriever;' has an earlier definition; blocking out
07-03 17:37:51.457  2211  2211 D dalvikvm: DexOpt: 'Lorg/apache/commons/codec/Decoder;' has an earlier definition; blocking out
07-03 17:37:51.457  2211  2211 D dalvikvm: DexOpt: 'Lorg/apache/commons/codec/BinaryDecoder;' has an earlier definition; blocking out
07-03 17:37:51.457  2211  2211 D dalvikvm: DexOpt: 'Lorg/apache/commons/codec/Encoder;' has an earlier definition; blocking out
07-03 17:37:51.457  2211  2211 D dalvikvm: DexOpt: 'Lorg/apache/commons/codec/BinaryEncoder;' has an earlier definition; blocking out
07-03 17:37:51.461  2211  2211 D dalvikvm: DexOpt: 'Lorg/apache/commons/codec/DecoderException;' has an earlier definition; blocking out
07-03 17:37:51.461  2211  2211 D dalvikvm: DexOpt: 'Lorg/apache/commons/codec/EncoderException;' has an earlier definition; blocking out
07-03 17:37:51.461  2211  2211 D dalvikvm: DexOpt: 'Lorg/apache/commons/codec/StringDecoder;' has an earlier definition; blocking out
07-03 17:37:51.461  2211  2211 D dalvikvm: DexOpt: 'Lorg/apache/commons/codec/StringEncoder;' has an earlier definition; blocking out
07-03 17:37:51.465  2211  2211 D dalvikvm: DexOpt: 'Lorg/apache/commons/codec/StringEncoderComparator;' has an earlier definition; blocking out
07-03 17:37:51.465  2211  2211 D dalvikvm: DexOpt: 'Lorg/apache/commons/codec/binary/Base64;' has an earlier definition; blocking out
07-03 17:37:51.465  2211  2211 D dalvikvm: DexOpt: 'Lorg/apache/commons/codec/binary/BinaryCodec;' has an earlier definition; blocking out
07-03 17:37:51.465  2211  2211 D dalvikvm: DexOpt: 'Lorg/apache/commons/codec/binary/Hex;' has an earlier definition; blocking out
07-03 17:37:51.465  2211  2211 D dalvikvm: DexOpt: 'Lorg/apache/commons/codec/language/DoubleMetaphone$DoubleMetaphoneResult;' has an earlier definition; blocking out
07-03 17:37:51.465  2211  2211 D dalvikvm: DexOpt: 'Lorg/apache/commons/codec/language/DoubleMetaphone;' has an earlier definition; blocking out
07-03 17:37:51.465  2211  2211 D dalvikvm: DexOpt: 'Lorg/apache/commons/codec/language/Metaphone;' has an earlier definition; blocking out
07-03 17:37:51.465  2211  2211 D dalvikvm: DexOpt: 'Lorg/apache/commons/codec/language/RefinedSoundex;' has an earlier definition; blocking out
07-03 17:37:51.465  2211  2211 D dalvikvm: DexOpt: 'Lorg/apache/commons/codec/language/Soundex;' has an earlier definition; blocking out
07-03 17:37:51.465  2211  2211 D dalvikvm: DexOpt: 'Lorg/apache/commons/codec/language/SoundexUtils;' has an earlier definition; blocking out
07-03 17:37:51.465  2211  2211 D dalvikvm: DexOpt: 'Lorg/apache/commons/codec/net/RFC1522Codec;' has an earlier definition; blocking out
07-03 17:37:51.465  2211  2211 D dalvikvm: DexOpt: 'Lorg/apache/commons/codec/net/BCodec;' has an earlier definition; blocking out
07-03 17:37:51.465  2211  2211 D dalvikvm: DexOpt: 'Lorg/apache/commons/codec/net/QCodec;' has an earlier definition; blocking out
07-03 17:37:51.465  2211  2211 D dalvikvm: DexOpt: 'Lorg/apache/commons/codec/net/QuotedPrintableCodec;' has an earlier definition; blocking out
07-03 17:37:51.465  2211  2211 D dalvikvm: DexOpt: 'Lorg/apache/commons/codec/net/URLCodec;' has an earlier definition; blocking out
07-03 17:37:51.469  2211  2211 D dalvikvm: DexOpt: not verifying/optimizing 'Landroid/media/MediaMetadataRetriever;': multiple definitions
07-03 17:37:51.726   664   667 D dalvikvm: GC_CONCURRENT freed 390K, 11% free 10356K/11527K, paused 21ms+63ms
07-03 17:37:51.851  2211  2211 I dalvikvm: DexOpt: not resolving ambiguous class 'Landroid/media/MediaMetadataRetriever;'
07-03 17:37:51.972   579  1001 D dalvikvm: GC_FOR_ALLOC freed 208K, 11% free 9733K/10823K, paused 35ms
07-03 17:37:52.746  2211  2211 I dalvikvm: DexOpt: not resolving ambiguous class 'Landroid/media/MediaMetadataRetriever;'
07-03 17:37:53.097  2211  2211 D dalvikvm: DexOpt: not verifying/optimizing 'Lorg/apache/commons/codec/Decoder;': multiple definitions
07-03 17:37:53.097  2211  2211 D dalvikvm: DexOpt: not verifying/optimizing 'Lorg/apache/commons/codec/BinaryDecoder;': multiple definitions
07-03 17:37:53.097  2211  2211 D dalvikvm: DexOpt: not verifying/optimizing 'Lorg/apache/commons/codec/Encoder;': multiple definitions
07-03 17:37:53.097  2211  2211 D dalvikvm: DexOpt: not verifying/optimizing 'Lorg/apache/commons/codec/BinaryEncoder;': multiple definitions
07-03 17:37:53.097  2211  2211 D dalvikvm: DexOpt: not verifying/optimizing 'Lorg/apache/commons/codec/DecoderException;': multiple definitions
07-03 17:37:53.097  2211  2211 D dalvikvm: DexOpt: not verifying/optimizing 'Lorg/apache/commons/codec/EncoderException;': multiple definitions
07-03 17:37:53.097  2211  2211 D dalvikvm: DexOpt: not verifying/optimizing 'Lorg/apache/commons/codec/StringDecoder;': multiple definitions
07-03 17:37:53.097  2211  2211 D dalvikvm: DexOpt: not verifying/optimizing 'Lorg/apache/commons/codec/StringEncoder;': multiple definitions
07-03 17:37:53.097  2211  2211 D dalvikvm: DexOpt: not verifying/optimizing 'Lorg/apache/commons/codec/StringEncoderComparator;': multiple definitions
07-03 17:37:53.097  2211  2211 D dalvikvm: DexOpt: not verifying/optimizing 'Lorg/apache/commons/codec/binary/Base64;': multiple definitions
07-03 17:37:53.097  2211  2211 I dalvikvm: DexOpt: not resolving ambiguous class 'Lorg/apache/commons/codec/binary/Base64;'
07-03 17:37:53.097  2211  2211 I dalvikvm: DexOpt: not resolving ambiguous class 'Lorg/apache/commons/codec/binary/Base64;'
07-03 17:37:53.097  2211  2211 D dalvikvm: DexOpt: not verifying/optimizing 'Lorg/apache/commons/codec/binary/BinaryCodec;': multiple definitions
07-03 17:37:53.097  2211  2211 D dalvikvm: DexOpt: not verifying/optimizing 'Lorg/apache/commons/codec/binary/Hex;': multiple definitions
07-03 17:37:53.097  2211  2211 I dalvikvm: DexOpt: not resolving ambiguous class 'Lorg/apache/commons/codec/binary/Hex;'
07-03 17:37:53.097  2211  2211 I dalvikvm: DexOpt: not resolving ambiguous class 'Lorg/apache/commons/codec/EncoderException;'
07-03 17:37:53.097  2211  2211 D dalvikvm: DexOpt: not verifying/optimizing 'Lorg/apache/commons/codec/language/DoubleMetaphone$DoubleMetaphoneResult;': multiple definitions
07-03 17:37:53.097  2211  2211 D dalvikvm: DexOpt: not verifying/optimizing 'Lorg/apache/commons/codec/language/DoubleMetaphone;': multiple definitions
07-03 17:37:53.097  2211  2211 D dalvikvm: DexOpt: not verifying/optimizing 'Lorg/apache/commons/codec/language/Metaphone;': multiple definitions
07-03 17:37:53.101  2211  2211 D dalvikvm: DexOpt: not verifying/optimizing 'Lorg/apache/commons/codec/language/RefinedSoundex;': multiple definitions
07-03 17:37:53.101  2211  2211 D dalvikvm: DexOpt: not verifying/optimizing 'Lorg/apache/commons/codec/language/Soundex;': multiple definitions
07-03 17:37:53.101  2211  2211 D dalvikvm: DexOpt: not verifying/optimizing 'Lorg/apache/commons/codec/language/SoundexUtils;': multiple definitions
07-03 17:37:53.101  2211  2211 D dalvikvm: DexOpt: not verifying/optimizing 'Lorg/apache/commons/codec/net/RFC1522Codec;': multiple definitions
07-03 17:37:53.101  2211  2211 D dalvikvm: DexOpt: not verifying/optimizing 'Lorg/apache/commons/codec/net/BCodec;': multiple definitions
07-03 17:37:53.101  2211  2211 D dalvikvm: DexOpt: not verifying/optimizing 'Lorg/apache/commons/codec/net/QCodec;': multiple definitions
07-03 17:37:53.101  2211  2211 D dalvikvm: DexOpt: not verifying/optimizing 'Lorg/apache/commons/codec/net/QuotedPrintableCodec;': multiple definitions
07-03 17:37:53.101  2211  2211 D dalvikvm: DexOpt: not verifying/optimizing 'Lorg/apache/commons/codec/net/URLCodec;': multiple definitions
07-03 17:37:53.101  2211  2211 I dalvikvm: DexOpt: not resolving ambiguous class 'Lorg/apache/commons/codec/DecoderException;'
07-03 17:37:53.109  2211  2211 I dalvikvm: DexOpt: not resolving ambiguous class 'Lorg/apache/commons/codec/binary/Base64;'
07-03 17:37:53.133  2211  2211 D dalvikvm: DexOpt: load 414ms, verify+opt 1665ms
07-03 17:37:53.801   158   175 I ActivityManager: Force stopping package com.whatsapp uid=10053
07-03 17:37:53.961   158   161 D dalvikvm: GC_CONCURRENT freed 1196K, 9% free 14105K/15431K, paused 14ms+16ms
07-03 17:37:54.117   158   178 D PackageManager: New package installed in /data/app/com.whatsapp-1.apk
07-03 17:37:54.133   158   178 W PackageManager: Unknown permission com.android.vending.permission.UPDATE_MARKET_FAILURE in package com.android.vending.updater
07-03 17:37:54.160   579   593 D dalvikvm: GC_FOR_ALLOC freed 209K, 11% free 9733K/10823K, paused 24ms
07-03 17:37:54.160   158   178 W PackageManager: Unknown permission android.permission.ADD_SYSTEM_SERVICE in package com.android.phone
07-03 17:37:54.172   158   178 W PackageManager: Unknown permission com.google.android.apps.googlevoice.permission.AUTO_SEND in package com.google.android.voicesearch
07-03 17:37:54.172   158   178 W PackageManager: Unknown permission com.google.android.gm.permission.AUTO_SEND in package com.google.android.voicesearch
07-03 17:37:54.176   158   178 W PackageManager: Unknown permission com.android.vending.billing.IBillingAccountService.BIND2 in package com.google.android.gsf.login
07-03 17:37:54.179   158   178 W PackageManager: Not granting permission android.permission.SEND_DOWNLOAD_COMPLETED_INTENTS to package com.android.browser (protectionLevel=2 flags=0x9be45)
07-03 17:37:54.179   158   178 W PackageManager: Unknown permission com.google.android.gm.permission.READ_GMAIL in package com.google.android.talk
07-03 17:37:54.191   158   178 W PackageManager: Unknown permission android.permission.READ_OWNER_DATA in package com.google.android.setupwizard
07-03 17:37:54.191   158   178 W PackageManager: Unknown permission android.permission.WRITE_OWNER_DATA in package com.google.android.setupwizard
07-03 17:37:54.195   158   178 W PackageManager: Unknown permission android.permission.WRITE_CDMA_CARRIER_SETTINGS in package com.android.sprintmenu
07-03 17:37:54.195   158   178 W PackageManager: Unknown permission android.permission.CHANGE_DUN_STATE in package com.android.sprintmenu
07-03 17:37:54.195   158   178 W PackageManager: Unknown permission android.permission.READ_EXTERNAL_STORAGE in package com.android.videoeditor
07-03 17:37:54.199   158   178 W PackageManager: Unknown permission com.google.android.gm.permission.READ_GMAIL in package com.google.android.apps.uploader
07-03 17:37:54.203   158   178 W PackageManager: Unknown permission android.permission.READ_EXTERNAL_STORAGE in package com.android.vending
07-03 17:37:54.211   158   178 W PackageManager: Unknown permission com.sprint.internal.permission.CONNECTIONMANAGER in package com.samsung.update
07-03 17:37:54.211   158   178 W PackageManager: Unknown permission com.sprint.internal.permission.SYSTEMPROPERTIES in package com.samsung.update
07-03 17:37:54.211   158   178 W PackageManager: Unknown permission com.sprint.internal.permission.SYSTEMPROPERTIES_WRITE in package com.samsung.update
07-03 17:37:54.211   158   178 W PackageManager: Not granting permission android.permission.DEVICE_POWER to package com.android.deskclock (protectionLevel=2 flags=0x8be45)
07-03 17:37:54.215   158   178 W PackageManager: Unknown permission android.permission.FLAG_RECEIVER_REGISTERED_ONLY_BEFORE_BOOT in package com.samsung.wimax
07-03 17:37:54.219   158   178 W PackageManager: Not granting permission android.permission.WRITE_SECURE_SETTINGS to package com.whatsapp (protectionLevel=3 flags=0xbe44)
07-03 17:37:54.433   158   174 D PackageManager: generateServicesMap(android.accounts.AccountAuthenticator): 4 services:
07-03 17:37:54.433   158   174 D PackageManager:   New service added: ServiceInfo: AuthenticatorDescription {type=com.whatsapp}, ComponentInfo{com.whatsapp/com.whatsapp.accountsync.AccountAuthenticatorService}, uid 10053
07-03 17:37:54.472   491   491 I RegisteredComponentCache: ComponentInfo: ResolveInfo{413906a0 com.android.apps.tag.TagViewer p=0 o=0 m=0x108000}, techs: android.nfc.tech.Ndef, 
07-03 17:37:54.590   158   174 D PackageManager: generateServicesMap(android.content.SyncAdapter): 10 services:
07-03 17:37:54.590   158   174 D PackageManager:   New service added: ServiceInfo: SyncAdapterType {name=com.android.contacts, type=com.whatsapp, userVisible=true, supportsUploading=false, isAlwaysSyncable=false, allowParallelSyncs=false, settingsActivity=null}, ComponentInfo{com.whatsapp/com.whatsapp.accountsync.ContactsSyncAdapterService}, uid 10053
07-03 17:37:54.617   158   158 I ActivityManager: Start proc com.google.android.partnersetup for broadcast com.google.android.partnersetup/.RlzPingBroadcastReceiver: pid=2214 uid=10020 gids={3003}
07-03 17:37:54.660  1548  1548 I Launcher: setLoadOnResume
07-03 17:37:54.676  1548  1550 D dalvikvm: GC_CONCURRENT freed 2899K, 42% free 11566K/19783K, paused 29ms+86ms
07-03 17:37:54.703  1125  1147 D PicasaSyncManager: request sync for MetadataSyncTask (mcmanojster@gmail.com)
07-03 17:37:54.824   158   174 W ResourceType: Failure getting entry for 0x7f060000 (t=5 e=0) in package 0 (error -75)
07-03 17:37:54.871   158   178 D dalvikvm: GC_EXPLICIT freed 2191K, 18% free 12694K/15431K, paused 11ms+60ms
07-03 17:37:54.906  2214  2214 I ActivityThread: Pub com.google.android.partnersetup.rlzprovider: com.google.android.partnersetup.RlzProvider
07-03 17:37:54.914  2214  2214 I ActivityThread: Pub com.google.android.partnersetup.rlzappprovider: com.google.android.partnersetup.RlzAppProvider
07-03 17:37:55.008  1148  1159 D Finsky  : [121] 1.packageInstalled: Package install status for "com.whatsapp" is 1
07-03 17:37:55.027   158   174 D BackupManagerService: Received broadcast Intent { act=android.intent.action.PACKAGE_ADDED dat=package:com.whatsapp flg=0x10000010 (has extras) }
07-03 17:37:55.097   158   508 I ActivityManager: Start proc com.android.musicfx for broadcast com.android.musicfx/.Compatibility$Receiver: pid=2228 uid=10032 gids={3003, 3002}
07-03 17:37:55.293   158   174 V BackupManagerService: addPackageParticipantsLocked: #1
07-03 17:37:55.375   158   170 I ActivityManager: No longer want com.android.voicedialer (pid 1572): hidden #16
07-03 17:37:55.461   158   477 I ActivityManager: Start proc com.svox.pico for broadcast com.svox.pico/.VoiceDataInstallerReceiver: pid=2242 uid=10037 gids={1015}
07-03 17:37:55.605  2242  2242 I ActivityThread: Pub com.svox.pico.providers.SettingsProvider: com.svox.pico.providers.SettingsProvider
07-03 17:37:55.609   158   169 I ActivityManager: No longer want com.google.android.googlequicksearchbox (pid 1585): hidden #16
07-03 17:37:56.097  1148  1148 D Finsky  : [1] DetailsDataBasedFragment.rebindViews: Page [class=DetailsFragment] loaded in [28962 ms] (partial? false)
07-03 17:37:56.125   158   578 I ActivityManager: Start proc com.android.voicedialer for broadcast com.android.voicedialer/.VoiceDialerReceiver: pid=2260 uid=10048 gids={3002}
07-03 17:37:56.187   158   169 I ActivityManager: No longer want com.android.quicksearchbox (pid 1599): hidden #16
07-03 17:37:56.586   158   602 I ActivityManager: Start proc com.google.android.googlequicksearchbox for broadcast com.google.android.googlequicksearchbox/.SourceUpdateReceiver: pid=2273 uid=10021 gids={3003}
07-03 17:37:56.695  1148  1148 D Finsky  : [1] DetailsDataBasedFragment.rebindViews: Page [class=DetailsFragment] loaded in [29562 ms] (partial? true)
07-03 17:37:56.804  2273  2273 I ActivityThread: Pub com.google.android.googlequicksearchbox.shortcuts: com.google.android.googlequicksearchbox.WebHistoryProvider
07-03 17:37:56.816  2273  2273 I ActivityThread: Pub com.google.android.googlequicksearchbox.google: com.google.android.googlequicksearchbox.google.GoogleSuggestionProvider
07-03 17:37:56.902   158   161 D dalvikvm: GC_CONCURRENT freed 830K, 18% free 12680K/15431K, paused 2ms+13ms
07-03 17:37:56.949   158   576 I ActivityManager: Start proc com.android.quicksearchbox for broadcast com.android.quicksearchbox/.CorporaUpdateReceiver: pid=2287 uid=10039 gids={3003}
07-03 17:37:56.953   158   576 I ActivityManager: No longer want com.android.deskclock (pid 2033): hidden #16
07-03 17:37:57.035  2287  2287 I ActivityThread: Pub com.android.quicksearchbox.google: com.android.quicksearchbox.google.GoogleSuggestionProvider
07-03 17:37:57.062  2287  2287 I ActivityThread: Pub com.android.quicksearchbox.shortcuts: com.android.quicksearchbox.ShortcutsProvider
07-03 17:37:57.074   158   562 I ActivityManager: No longer want com.google.android.apps.uploader (pid 1866): hidden #16
07-03 17:37:57.105   158   602 I ActivityManager: No longer want com.google.android.inputmethod.latin.dictionarypack (pid 2110): hidden #16
07-03 17:37:57.156   158   578 I ActivityManager: No longer want com.google.android.syncadapters.calendar (pid 1429): hidden #16
07-03 17:37:57.265  1148  1150 D dalvikvm: GC_CONCURRENT freed 2079K, 13% free 15402K/17543K, paused 8ms+16ms
07-03 17:37:57.984   579   717 D dalvikvm: GC_FOR_ALLOC freed 278K, 10% free 9789K/10823K, paused 23ms
07-03 17:37:58.566  1548  1548 I Launcher: setLoadOnResume
07-03 17:37:58.582  1548  1548 I Launcher: setLoadOnResume
07-03 17:37:58.582  1548  1548 I Launcher: setLoadOnResume
07-03 17:37:58.582  1548  1548 I Launcher: setLoadOnResume
07-03 17:37:58.597  1548  1548 I Launcher: setLoadOnResume
07-03 17:37:58.668  1548  1548 I Launcher: setLoadOnResume
07-03 17:37:58.707  1548  1550 D dalvikvm: GC_CONCURRENT freed 532K, 41% free 11802K/19783K, paused 8ms+6ms
07-03 17:37:58.980   579   713 D dalvikvm: GC_FOR_ALLOC freed 297K, 10% free 9745K/10823K, paused 24ms
07-03 17:37:59.496   158   169 D dalvikvm: GC_EXPLICIT freed 115K, 19% free 12624K/15431K, paused 3ms+4ms
07-03 17:37:59.761   579   713 D dalvikvm: GC_FOR_ALLOC freed 213K, 11% free 9740K/10823K, paused 17ms
07-03 17:38:00.691   664   667 D dalvikvm: GC_CONCURRENT freed 388K, 11% free 10357K/11527K, paused 22ms+3ms
07-03 17:38:00.867   579   598 D dalvikvm: GC_FOR_ALLOC freed 206K, 11% free 9739K/10823K, paused 17ms
07-03 17:38:01.265   393   395 D dalvikvm: GC_CONCURRENT freed 246K, 14% free 10214K/11783K, paused 2ms+4ms
07-03 17:38:02.465    82   131 D AudioHardware: AudioHardware pcm playback is exiting standby.
07-03 17:38:02.465    82   131 D AudioHardware: openPcmOut_l() mPcmOpenCnt: 0
07-03 17:38:02.480   158   481 I ActivityManager: START {act=android.intent.action.MAIN cat=[android.intent.category.LAUNCHER] flg=0x10000000 pkg=com.whatsapp cmp=com.whatsapp/.Main} from pid 1148
07-03 17:38:03.023   158   602 I ActivityManager: Start proc com.whatsapp for activity com.whatsapp/.Main: pid=2303 uid=10053 gids={1015, 3003}
07-03 17:38:03.074  2303  2303 I dalvikvm: Turning on JNI app bug workarounds for target SDK version 7...
07-03 17:38:03.082  1148  1148 D OpenGLRenderer: Flushing caches (mode 1)
07-03 17:38:03.097    80    80 D dalvikvm: GC_EXPLICIT freed 36K, 4% free 9031K/9347K, paused 9ms+13ms
07-03 17:38:03.140    80    80 D dalvikvm: GC_EXPLICIT freed <1K, 4% free 9031K/9347K, paused 13ms+2ms
07-03 17:38:03.172    80    80 D dalvikvm: GC_EXPLICIT freed <1K, 4% free 9031K/9347K, paused 1ms+2ms
07-03 17:38:03.195  1148  1148 D OpenGLRenderer: Flushing caches (mode 0)
07-03 17:38:03.406  2303  2306 D dalvikvm: GC_CONCURRENT freed 178K, 3% free 9345K/9607K, paused 2ms+2ms
07-03 17:38:03.582   158   174 I Process : Sending signal. PID: 2303 SIG: 3
07-03 17:38:03.582  2303  2308 I dalvikvm: threadid=3: reacting to signal 3
07-03 17:38:03.605  2303  2308 I dalvikvm: Wrote stack traces to '/data/anr/traces.txt'
07-03 17:38:03.648   579   713 D dalvikvm: GC_FOR_ALLOC freed 203K, 11% free 9741K/10823K, paused 54ms
07-03 17:38:03.703  2303  2306 D dalvikvm: GC_CONCURRENT freed 332K, 5% free 9585K/9991K, paused 2ms+4ms
07-03 17:38:03.730  2303  2303 W Resources: Converting to string: TypedValue{t=0x10/d=0x0 a=-1}
07-03 17:38:03.730  2303  2303 W Resources: Converting to string: TypedValue{t=0x10/d=0x0 a=-1}
07-03 17:38:03.750  2303  2303 W Resources: Converting to string: TypedValue{t=0x10/d=0x1 a=-1}
07-03 17:38:03.750  2303  2303 W Resources: Converting to string: TypedValue{t=0x10/d=0x1 a=-1}
07-03 17:38:03.750  2303  2303 W Resources: Converting to string: TypedValue{t=0x10/d=0x0 a=-1}
07-03 17:38:03.750  2303  2303 W Resources: Converting to string: TypedValue{t=0x10/d=0x0 a=-1}
07-03 17:38:03.754  2303  2303 W Resources: Converting to string: TypedValue{t=0x10/d=0x1 a=-1}
07-03 17:38:03.754  2303  2303 W Resources: Converting to string: TypedValue{t=0x10/d=0x1 a=-1}
07-03 17:38:03.754  2303  2303 W Resources: Converting to string: TypedValue{t=0x10/d=0x0 a=-1}
07-03 17:38:03.754  2303  2303 W Resources: Converting to string: TypedValue{t=0x10/d=0x0 a=-1}
07-03 17:38:03.855  2303  2303 I dalvikvm: Could not find method android.media.MediaMetadataRetriever.captureFrame, referenced from method com.whatsapp.q3.a
07-03 17:38:03.855  2303  2303 W dalvikvm: VFY: unable to resolve virtual method 502: Landroid/media/MediaMetadataRetriever;.captureFrame ()Landroid/graphics/Bitmap;
07-03 17:38:03.855  2303  2303 D dalvikvm: VFY: replacing opcode 0x6e at 0x0134
07-03 17:38:04.004  2303  2306 D dalvikvm: GC_CONCURRENT freed 387K, 5% free 9719K/10183K, paused 2ms+3ms
07-03 17:38:04.082   158   174 I Process : Sending signal. PID: 2303 SIG: 3
07-03 17:38:04.082  2303  2308 I dalvikvm: threadid=3: reacting to signal 3
07-03 17:38:04.094  2303  2308 I dalvikvm: Wrote stack traces to '/data/anr/traces.txt'
07-03 17:38:04.172   158   481 I ActivityManager: START {cmp=com.whatsapp/.EULA} from pid 2303
07-03 17:38:04.324  2303  2306 D dalvikvm: GC_CONCURRENT freed 148K, 3% free 9992K/10247K, paused 26ms+50ms
07-03 17:38:04.344  2303  2303 D dalvikvm: GC_FOR_ALLOC freed 259K, 6% free 9733K/10247K, paused 19ms
07-03 17:38:04.347  2303  2303 I dalvikvm-heap: Grow heap (frag case) to 11.039MB for 1536016-byte allocation
07-03 17:38:04.379  2303  2312 D dalvikvm: GC_FOR_ALLOC freed 0K, 5% free 11233K/11783K, paused 17ms
07-03 17:38:04.465   393   393 V PhoneStatusBar: setLightsOn(true)
07-03 17:38:04.644   158   207 I ActivityManager: Displayed com.whatsapp/.EULA: +419ms (total +1s650ms)
07-03 17:38:05.152   158   169 I ActivityManager: No longer want com.android.settings (pid 1515): hidden #16
07-03 17:38:05.320   158   562 I WindowManager: WIN DEATH: Window{41655840 com.android.settings/com.android.settings.Settings paused=false}
07-03 17:38:05.324   158   509 I WindowManager: WIN DEATH: Window{4144c278 com.android.settings/com.android.settings.SubSettings paused=false}
07-03 17:38:05.523  1148  1148 D Finsky  : [1] 1.run: Referrer for com.whatsapp cleared
07-03 17:38:05.554    82   131 D AudioHardware: AudioHardware pcm playback is going to standby.
07-03 17:38:05.554    82   131 D AudioHardware: closePcmOut_l() mPcmOpenCnt: 1
07-03 17:38:05.906   491   491 I RegisteredComponentCache: ComponentInfo: ResolveInfo{4133b968 com.android.apps.tag.TagViewer p=0 o=0 m=0x108000}, techs: android.nfc.tech.Ndef, 
07-03 17:38:05.918   158   174 D PackageManager: generateServicesMap(android.accounts.AccountAuthenticator): 4 services unchanged
07-03 17:38:06.047   158   174 D PackageManager: generateServicesMap(android.content.SyncAdapter): 10 services unchanged
07-03 17:38:06.140   579   713 D dalvikvm: GC_FOR_ALLOC freed 217K, 10% free 9746K/10823K, paused 19ms
07-03 17:38:06.152  1125  1147 D PicasaSyncManager: request sync for MetadataSyncTask (mcmanojster@gmail.com)
07-03 17:38:06.992   579   720 D dalvikvm: GC_FOR_ALLOC freed 251K, 10% free 9748K/10823K, paused 18ms
07-03 17:38:07.961   579   717 D dalvikvm: GC_FOR_ALLOC freed 225K, 10% free 9746K/10823K, paused 30ms
07-03 17:38:08.926   664   667 D dalvikvm: GC_CONCURRENT freed 383K, 11% free 10359K/11527K, paused 22ms+3ms
07-03 17:38:08.953   579   720 D dalvikvm: GC_FOR_ALLOC freed 234K, 10% free 9747K/10823K, paused 18ms
07-03 17:38:09.902   579   717 D dalvikvm: GC_FOR_ALLOC freed 256K, 10% free 9748K/10823K, paused 17ms
07-03 17:38:10.258   158   161 D dalvikvm: GC_CONCURRENT freed 619K, 18% free 12794K/15431K, paused 19ms+5ms
07-03 17:38:10.277   638   638 D OpenGLRenderer: Flushing caches (mode 1)
07-03 17:38:10.886   579   713 D dalvikvm: GC_FOR_ALLOC freed 216K, 10% free 9749K/10823K, paused 18ms
07-03 17:38:11.394    82   131 D AudioHardware: AudioHardware pcm playback is exiting standby.
07-03 17:38:11.394    82   131 D AudioHardware: openPcmOut_l() mPcmOpenCnt: 0
07-03 17:38:11.746   579   593 D dalvikvm: GC_FOR_ALLOC freed 237K, 10% free 9747K/10823K, paused 39ms
07-03 17:38:12.062  1148  1474 D Finsky  : [143] OnCompleteListenerNotifier.doInBackground: Signature check not required.
07-03 17:38:12.156   158   178 W ActivityManager: No content provider found for permission revoke: file:///data/data/com.android.providers.downloads/cache/downloadfile.apk
07-03 17:38:12.488   158   508 I ActivityManager: START {cmp=com.whatsapp/.RegisterPhone (has extras)} from pid 2303
07-03 17:38:12.558   664   667 D dalvikvm: GC_CONCURRENT freed 382K, 10% free 10410K/11527K, paused 3ms+36ms
07-03 17:38:12.633  2303  2306 D dalvikvm: GC_CONCURRENT freed 424K, 5% free 11556K/12103K, paused 2ms+4ms
07-03 17:38:12.902   158   178 W ActivityManager: No content provider found for permission revoke: file:///data/data/com.android.providers.downloads/cache/downloadfile.apk
07-03 17:38:13.015   158   174 I Process : Sending signal. PID: 2303 SIG: 3
07-03 17:38:13.015  2303  2308 I dalvikvm: threadid=3: reacting to signal 3
07-03 17:38:13.039  2303  2308 I dalvikvm: Wrote stack traces to '/data/anr/traces.txt'
07-03 17:38:13.117  2303  2306 D dalvikvm: GC_CONCURRENT freed 512K, 5% free 11902K/12487K, paused 2ms+4ms
07-03 17:38:13.199  2303  2303 D dalvikvm: GC_FOR_ALLOC freed 488K, 6% free 12175K/12935K, paused 22ms
07-03 17:38:13.390  2303  2306 D dalvikvm: GC_CONCURRENT freed 514K, 5% free 12734K/13319K, paused 2ms+3ms
07-03 17:38:13.437   579   717 D dalvikvm: GC_FOR_ALLOC freed 276K, 10% free 9759K/10823K, paused 58ms
07-03 17:38:13.515   158   174 I Process : Sending signal. PID: 2303 SIG: 3
07-03 17:38:13.515  2303  2308 I dalvikvm: threadid=3: reacting to signal 3
07-03 17:38:13.535  2303  2308 I dalvikvm: Wrote stack traces to '/data/anr/traces.txt'
07-03 17:38:13.660   393   393 V PhoneStatusBar: setLightsOn(true)
07-03 17:38:13.836  2303  2306 D dalvikvm: GC_CONCURRENT freed 736K, 7% free 13160K/14023K, paused 3ms+10ms
07-03 17:38:13.883   158   207 I ActivityManager: Displayed com.whatsapp/.RegisterPhone: +1s366ms
07-03 17:38:13.926   158   161 D dalvikvm: GC_CONCURRENT freed 614K, 16% free 13098K/15431K, paused 3ms+13ms
07-03 17:38:13.969   457   460 D dalvikvm: GC_CONCURRENT freed 340K, 10% free 10605K/11719K, paused 2ms+4ms
07-03 17:38:14.195   393   395 D dalvikvm: GC_CONCURRENT freed 512K, 14% free 10135K/11783K, paused 2ms+6ms
07-03 17:38:14.351   393   395 D dalvikvm: GC_CONCURRENT freed 577K, 16% free 9954K/11783K, paused 1ms+4ms
07-03 17:38:14.418   158   178 D dalvikvm: GC_FOR_ALLOC freed 407K, 15% free 13231K/15431K, paused 45ms
07-03 17:38:14.500   158   178 D dalvikvm: GC_FOR_ALLOC freed 194K, 15% free 13233K/15431K, paused 49ms
07-03 17:38:14.590   158   178 D dalvikvm: GC_FOR_ALLOC freed 62K, 14% free 13296K/15431K, paused 78ms
07-03 17:38:14.590   158   178 I dalvikvm-heap: Grow heap (frag case) to 13.137MB for 81565-byte allocation
07-03 17:38:14.672   158   169 D dalvikvm: GC_FOR_ALLOC freed 0K, 15% free 13376K/15559K, paused 68ms
07-03 17:38:14.949   158   161 D dalvikvm: GC_CONCURRENT freed 523K, 12% free 13833K/15559K, paused 3ms+4ms
07-03 17:38:15.367   158   161 D dalvikvm: GC_CONCURRENT freed 940K, 10% free 14021K/15559K, paused 2ms+4ms
07-03 17:38:15.453   579   593 D dalvikvm: GC_EXPLICIT freed 276K, 10% free 9745K/10823K, paused 4ms+5ms
07-03 17:38:15.511    82   131 D AudioHardware: AudioHardware pcm playback is going to standby.
07-03 17:38:15.511    82   131 D AudioHardware: closePcmOut_l() mPcmOpenCnt: 1
07-03 17:38:15.590   158   161 D dalvikvm: GC_CONCURRENT freed 1132K, 10% free 14044K/15559K, paused 3ms+5ms
07-03 17:38:15.750   158   161 D dalvikvm: GC_CONCURRENT freed 1183K, 10% free 14043K/15559K, paused 3ms+6ms
07-03 17:38:15.910   158   161 D dalvikvm: GC_CONCURRENT freed 1167K, 10% free 14043K/15559K, paused 3ms+5ms
07-03 17:38:16.078   158   161 D dalvikvm: GC_CONCURRENT freed 1137K, 10% free 14054K/15559K, paused 2ms+5ms
07-03 17:38:16.285   664  2167 D dalvikvm: GC_FOR_ALLOC freed 345K, 11% free 10356K/11527K, paused 31ms
07-03 17:38:16.308   158   161 D dalvikvm: GC_CONCURRENT freed 1117K, 10% free 14104K/15559K, paused 2ms+5ms
07-03 17:38:16.515   158   161 D dalvikvm: GC_CONCURRENT freed 1173K, 10% free 14080K/15559K, paused 3ms+6ms
07-03 17:38:16.769   158   178 D dalvikvm: GC_EXPLICIT freed 1058K, 10% free 14033K/15559K, paused 2ms+20ms
07-03 17:38:16.773  1148  1159 D Finsky  : [121] 1.packageInstalled: Package install status for "com.android.vending" is -104
07-03 17:38:16.773  1148  1159 W Finsky  : [121] 1.packageInstalled: Package name mismatsch: ours:  package manager's: com.android.vending
07-03 17:38:17.035   579   593 D dalvikvm: GC_FOR_ALLOC freed 234K, 10% free 9745K/10823K, paused 30ms
07-03 17:38:17.285   158   601 D dalvikvm: GC_EXPLICIT freed 1301K, 19% free 12741K/15559K, paused 2ms+5ms
07-03 17:38:17.332  1125  2338 D PicasaSyncService: start to perform sync on mcmanojster@gmail.com
07-03 17:38:17.336  1125  2338 D PicasaSyncManager: perform sync task: MetadataSyncTask (mcmanojster@gmail.com)
07-03 17:38:17.457  1125  1127 D dalvikvm: GC_CONCURRENT freed 471K, 7% free 9268K/9863K, paused 2ms+5ms
07-03 17:38:17.551   638   641 D dalvikvm: GC_CONCURRENT freed 300K, 8% free 9789K/10631K, paused 1ms+3ms
07-03 17:38:20.328   638   638 D OpenGLRenderer: Flushing caches (mode 1)
07-03 17:38:20.363   638   638 D OpenGLRenderer: Flushing caches (mode 1)
07-03 17:38:20.371  1125  2338 D PicasaAPI: getAlbums for mcmanojster@gmail.com, etag = null
07-03 17:38:21.160  1125  1127 D dalvikvm: GC_CONCURRENT freed 288K, 6% free 9363K/9863K, paused 2ms+2ms
07-03 17:38:21.269  1125  2338 V PicasaAPI:    etag: --> W/"CEYARHk-eSp7ImA9WhVbE0w.",entryCount=3
07-03 17:38:21.269  1125  2338 V PicasaAPI:    done
07-03 17:38:21.273  1125  2338 D MetricsUtils: [PicasaApi.getAlbums in:2511 out:608 time:903]
07-03 17:38:21.293  1125  2338 D MetricsUtils: [PicasaSyncHelper.syncAlbums mcmanojster@gmail.com time:926]
07-03 17:38:21.347  1125  2338 D PicasaAPI: getAlbumPhotos for 101971325733298569232 / 5103300062247513425, etag: null
07-03 17:38:22.265  1125  2338 V PicasaAPI:    etag: --> W/"CUYMRH06fyp7ImA9WhVUF0o.",entryCount=5
07-03 17:38:22.269  1125  2338 D PicasaAPI:    done
07-03 17:38:22.269  1125  2338 D MetricsUtils: [PicasaApi.getAlbumPhotos in:4158 out:733 time:922]
07-03 17:38:22.304  1125  2338 D MetricsUtils: [PicasaSyncHelper.syncPhotos 5103300062247513425 time:1005]
07-03 17:38:22.308  1125  2338 D PicasaAPI: getAlbumPhotos for 101971325733298569232 / 5625940079940897089, etag: null
07-03 17:38:22.629  1125  2338 V PicasaAPI:    etag: --> W/"CE8ASHg_eyp7ImA9WhRUFkw.",entryCount=1
07-03 17:38:22.629  1125  2338 D PicasaAPI:    done
07-03 17:38:22.629  1125  2338 D MetricsUtils: [PicasaApi.getAlbumPhotos in:2532 out:733 time:321]
07-03 17:38:22.648  1125  2338 D MetricsUtils: [PicasaSyncHelper.syncPhotos 5625940079940897089 time:344]
07-03 17:38:22.648  1125  2338 D PicasaAPI: getAlbumPhotos for 101971325733298569232 / 5625941485711907553, etag: null
07-03 17:38:22.687    82   131 D AudioHardware: AudioHardware pcm playback is exiting standby.
07-03 17:38:22.687    82   131 D AudioHardware: openPcmOut_l() mPcmOpenCnt: 0
07-03 17:38:23.113  1125  2338 V PicasaAPI:    etag: --> W/"C0IDRn46eSp7ImA9WhZaGEQ.",entryCount=0
07-03 17:38:23.113  1125  2338 D PicasaAPI:    done
07-03 17:38:23.113  1125  2338 D MetricsUtils: [PicasaApi.getAlbumPhotos in:1613 out:733 time:464]
07-03 17:38:23.140  1125  2338 D MetricsUtils: [PicasaSyncHelper.syncPhotos 5625941485711907553 time:491]
07-03 17:38:23.172  1125  2338 D PicasaSyncManager: sync complete: SyncResult: stats [ numUpdates: 9]
07-03 17:38:23.277  1125  2338 D MetricsUtils: [PicasaSyncManager.getNextSyncTask time:102]
07-03 17:38:23.277  1125  2338 D PicasaSyncManager: perform sync task: PrefetchFullImage (mcmanojster@gmail.com)
07-03 17:38:23.402  1125  1127 D dalvikvm: GC_CONCURRENT freed 408K, 6% free 9388K/9927K, paused 4ms+6ms
07-03 17:38:24.480  1125  2338 D MetricsUtils: [PrefetchHelper.cleanCache time:1162]
07-03 17:38:24.539  1125  2338 D PicasaSyncManager: sync complete: SyncResult: stats [ numUpdates: 9]
07-03 17:38:24.562  1125  2338 D PicasaSyncManager: perform sync task: PrefetchAlbumCover (mcmanojster@gmail.com)
07-03 17:38:24.754   158   601 I ActivityManager: START {cmp=com.whatsapp/.RegisterName} from pid 2303
07-03 17:38:24.933   393   393 V PhoneStatusBar: setLightsOn(true)
07-03 17:38:25.074   158   207 I ActivityManager: Displayed com.whatsapp/.RegisterName: +261ms
07-03 17:38:25.304   457   460 D dalvikvm: GC_CONCURRENT freed 453K, 10% free 10563K/11719K, paused 3ms+9ms
07-03 17:38:25.640  1125  1127 D dalvikvm: GC_CONCURRENT freed 338K, 5% free 9484K/9927K, paused 2ms+2ms
07-03 17:38:25.777    82   131 D AudioHardware: AudioHardware pcm playback is going to standby.
07-03 17:38:25.777    82   131 D AudioHardware: closePcmOut_l() mPcmOpenCnt: 1
07-03 17:38:26.058  1125  2338 D PicasaSyncManager: sync complete: SyncResult: stats [ numUpdates: 9]
07-03 17:38:26.136  1125  2338 D PicasaSyncManager: perform sync task: PrefetchScreenNail (mcmanojster@gmail.com)
07-03 17:38:29.011  1125  1127 D dalvikvm: GC_CONCURRENT freed 364K, 5% free 9559K/10055K, paused 2ms+2ms
07-03 17:38:31.847   638   638 D OpenGLRenderer: Flushing caches (mode 1)
07-03 17:38:32.320  1125  2338 D PicasaSyncManager: sync complete: SyncResult: stats [ numUpdates: 9]
07-03 17:38:32.344  1125  2338 D PicasaSyncService: sync finished - false
07-03 17:38:32.386   158   200 I ActivityManager: Start proc com.google.android.syncadapters.calendar for service com.google.android.syncadapters.calendar/.CalendarSyncAdapterService: pid=2350 uid=10018 gids={3003}
07-03 17:38:32.558   638   638 D OpenGLRenderer: Flushing caches (mode 1)
07-03 17:38:32.594   749   891 D dalvikvm: GC_EXPLICIT freed 286K, 6% free 9277K/9799K, paused 3ms+5ms
07-03 17:38:32.621   638   638 D OpenGLRenderer: Flushing caches (mode 1)
07-03 17:38:32.926  2350  2353 D dalvikvm: GC_CONCURRENT freed 278K, 4% free 9194K/9543K, paused 3ms+3ms
07-03 17:38:33.308   158   170 I ActivityManager: No longer want com.android.browser (pid 1396): hidden #16
07-03 17:38:33.558   638   638 D OpenGLRenderer: Flushing caches (mode 1)
07-03 17:38:34.039  2303  2326 D dalvikvm: GC_EXPLICIT freed 697K, 6% free 13630K/14407K, paused 3ms+6ms
07-03 17:38:36.277   457   457 W TextView: TextView does not support text selection. Action mode cancelled.
07-03 17:38:36.429    82   131 D AudioHardware: AudioHardware pcm playback is exiting standby.
07-03 17:38:36.429    82   131 D AudioHardware: openPcmOut_l() mPcmOpenCnt: 0
07-03 17:38:36.523   158   576 I ActivityManager: Start proc com.google.android.inputmethod.latin.dictionarypack for content provider com.google.android.inputmethod.latin.dictionarypack/.DictionaryProvider: pid=2376 uid=10024 gids={3003, 1015}
07-03 17:38:36.554  2376  2376 I ActivityThread: Pub com.android.inputmethod.latin.dictionarypack: com.google.android.inputmethod.latin.dictionarypack.DictionaryProvider
07-03 17:38:36.597   158   508 I ActivityManager: No longer want com.android.calendar (pid 1477): hidden #16
07-03 17:38:36.844   457   460 D dalvikvm: GC_CONCURRENT freed 192K, 8% free 10880K/11719K, paused 4ms+4ms
07-03 17:38:39.523    82   131 D AudioHardware: AudioHardware pcm playback is going to standby.
07-03 17:38:39.523    82   131 D AudioHardware: closePcmOut_l() mPcmOpenCnt: 1
07-03 17:38:43.785    82   131 D AudioHardware: AudioHardware pcm playback is exiting standby.
07-03 17:38:43.785    82   131 D AudioHardware: openPcmOut_l() mPcmOpenCnt: 0
07-03 17:38:46.875  2303  2303 I SqliteDatabaseCpp: sqlite returned: error code = 14, msg = cannot open file at line 27701 of [8609a15dfa], db=/data/data/com.whatsapp/databases/msgstore.db
07-03 17:38:46.875  2303  2303 I SqliteDatabaseCpp: sqlite returned: error code = 14, msg = os_unix.c: open() at line 27701 - "" errno=2 path=/data/data/com.whatsapp/databases/msgstore.db, db=/data/data/com.whatsapp/databases/msgstore.db
07-03 17:38:46.879  2303  2303 E SqliteDatabaseCpp: sqlite3_open_v2("/data/data/com.whatsapp/databases/msgstore.db", &handle, 2, NULL) failed
07-03 17:38:46.883  2303  2303 E SQLiteDatabase: Failed to open the database. closing it.
07-03 17:38:46.883  2303  2303 E SQLiteDatabase: android.database.sqlite.SQLiteCantOpenDatabaseException: unable to open database file
07-03 17:38:46.883  2303  2303 E SQLiteDatabase: 	at android.database.sqlite.SQLiteDatabase.dbopen(Native Method)
07-03 17:38:46.883  2303  2303 E SQLiteDatabase: 	at android.database.sqlite.SQLiteDatabase.openDatabase(SQLiteDatabase.java:1013)
07-03 17:38:46.883  2303  2303 E SQLiteDatabase: 	at android.database.sqlite.SQLiteDatabase.openDatabase(SQLiteDatabase.java:986)
07-03 17:38:46.883  2303  2303 E SQLiteDatabase: 	at android.database.sqlite.SQLiteDatabase.openDatabase(SQLiteDatabase.java:962)
07-03 17:38:46.883  2303  2303 E SQLiteDatabase: 	at com.whatsapp.op.b(op.java:86)
07-03 17:38:46.883  2303  2303 E SQLiteDatabase: 	at com.whatsapp.op.d(op.java:1226)
07-03 17:38:46.883  2303  2303 E SQLiteDatabase: 	at com.whatsapp.a0.onClick(a0.java:13)
07-03 17:38:46.883  2303  2303 E SQLiteDatabase: 	at android.view.View.performClick(View.java:3511)
07-03 17:38:46.883  2303  2303 E SQLiteDatabase: 	at android.view.View$PerformClick.run(View.java:14105)
07-03 17:38:46.883  2303  2303 E SQLiteDatabase: 	at android.os.Handler.handleCallback(Handler.java:605)
07-03 17:38:46.883  2303  2303 E SQLiteDatabase: 	at android.os.Handler.dispatchMessage(Handler.java:92)
07-03 17:38:46.883  2303  2303 E SQLiteDatabase: 	at android.os.Looper.loop(Looper.java:137)
07-03 17:38:46.883  2303  2303 E SQLiteDatabase: 	at android.app.ActivityThread.main(ActivityThread.java:4424)
07-03 17:38:46.883  2303  2303 E SQLiteDatabase: 	at java.lang.reflect.Method.invokeNative(Native Method)
07-03 17:38:46.883  2303  2303 E SQLiteDatabase: 	at java.lang.reflect.Method.invoke(Method.java:511)
07-03 17:38:46.883  2303  2303 E SQLiteDatabase: 	at com.android.internal.os.ZygoteInit$MethodAndArgsCaller.run(ZygoteInit.java:784)
07-03 17:38:46.883  2303  2303 E SQLiteDatabase: 	at com.android.internal.os.ZygoteInit.main(ZygoteInit.java:551)
07-03 17:38:46.883  2303  2303 E SQLiteDatabase: 	at dalvik.system.NativeStart.main(Native Method)
07-03 17:38:47.058   158   161 D dalvikvm: GC_CONCURRENT freed 760K, 18% free 12791K/15559K, paused 2ms+6ms
07-03 17:38:49.945    82   131 D AudioHardware: AudioHardware pcm playback is going to standby.
07-03 17:38:49.945    82   131 D AudioHardware: closePcmOut_l() mPcmOpenCnt: 1
07-03 17:38:50.386    82   131 D AudioHardware: AudioHardware pcm playback is exiting standby.
07-03 17:38:50.386    82   131 D AudioHardware: openPcmOut_l() mPcmOpenCnt: 0
07-03 17:38:50.594  2303  2310 I dalvikvm: Total arena pages for JIT: 11
07-03 17:38:50.597  2303  2310 I dalvikvm: Total arena pages for JIT: 12
07-03 17:38:50.597  2303  2310 I dalvikvm: Total arena pages for JIT: 13
07-03 17:38:50.597  2303  2310 I dalvikvm: Total arena pages for JIT: 14
07-03 17:38:50.597  2303  2310 I dalvikvm: Total arena pages for JIT: 15
07-03 17:38:50.597  2303  2310 I dalvikvm: Total arena pages for JIT: 16
07-03 17:38:50.597  2303  2310 I dalvikvm: Total arena pages for JIT: 17
07-03 17:38:50.609  2303  2310 I dalvikvm: Total arena pages for JIT: 18
07-03 17:38:51.535  2303  2306 D dalvikvm: GC_CONCURRENT freed 2988K, 21% free 12053K/15175K, paused 2ms+4ms
07-03 17:38:52.351  2303  2306 D dalvikvm: GC_CONCURRENT freed 989K, 22% free 11949K/15175K, paused 2ms+4ms
07-03 17:38:53.070  1064  1322 I PhoneLab-: Service Running
07-03 17:38:53.082  2303  2306 D dalvikvm: GC_CONCURRENT freed 848K, 22% free 11949K/15175K, paused 2ms+3ms
07-03 17:38:53.136  1064  1322 I PhoneLab-LoggerService: app_36    1325  1064  1828   1452  c00f181c 400107b4 S logcat
07-03 17:38:53.140  1064  1322 I PhoneLab-LoggerService: Logcat pid from database 1325
07-03 17:38:53.140  1064  1322 I PhoneLab-LoggerService: Logcat process found 1325
07-03 17:38:53.140  1064  1322 I PhoneLab-LoggerService: Checking Threshold
07-03 17:38:53.152  1064  1067 D dalvikvm: GC_CONCURRENT freed 873K, 15% free 9172K/10695K, paused 2ms+2ms
07-03 17:38:53.476    82   131 D AudioHardware: AudioHardware pcm playback is going to standby.
07-03 17:38:53.476    82   131 D AudioHardware: closePcmOut_l() mPcmOpenCnt: 1
07-03 17:38:54.254  2303  2306 D dalvikvm: GC_CONCURRENT freed 873K, 21% free 12051K/15175K, paused 2ms+4ms
07-03 17:38:54.496  1548  1548 I Launcher: setLoadOnResume
07-03 17:38:54.566  1548  1548 I Launcher: setLoadOnResume
07-03 17:38:54.605  1548  1548 I Launcher: setLoadOnResume
07-03 17:38:54.605  1548  1548 I Launcher: setLoadOnResume
07-03 17:38:54.633  1548  1548 I Launcher: setLoadOnResume
07-03 17:38:54.703  1548  1548 I Launcher: setLoadOnResume
07-03 17:38:55.070  2303  2404 I SqliteDatabaseCpp: sqlite returned: error code = 14, msg = cannot open file at line 27701 of [8609a15dfa], db=/data/data/com.whatsapp/databases/msgstore.db
07-03 17:38:55.074  2303  2404 I SqliteDatabaseCpp: sqlite returned: error code = 14, msg = os_unix.c: open() at line 27701 - "" errno=2 path=/data/data/com.whatsapp/databases/wa.db, db=/data/data/com.whatsapp/databases/msgstore.db
07-03 17:38:55.082  2303  2404 E SqliteDatabaseCpp: sqlite3_open_v2("/data/data/com.whatsapp/databases/wa.db", &handle, 2, NULL) failed
07-03 17:38:55.097  2303  2404 E SQLiteDatabase: Failed to open the database. closing it.
07-03 17:38:55.097  2303  2404 E SQLiteDatabase: android.database.sqlite.SQLiteCantOpenDatabaseException: unable to open database file
07-03 17:38:55.097  2303  2404 E SQLiteDatabase: 	at android.database.sqlite.SQLiteDatabase.dbopen(Native Method)
07-03 17:38:55.097  2303  2404 E SQLiteDatabase: 	at android.database.sqlite.SQLiteDatabase.openDatabase(SQLiteDatabase.java:1013)
07-03 17:38:55.097  2303  2404 E SQLiteDatabase: 	at android.database.sqlite.SQLiteDatabase.openDatabase(SQLiteDatabase.java:986)
07-03 17:38:55.097  2303  2404 E SQLiteDatabase: 	at android.database.sqlite.SQLiteDatabase.openDatabase(SQLiteDatabase.java:962)
07-03 17:38:55.097  2303  2404 E SQLiteDatabase: 	at com.whatsapp.j.a(j.java:45)
07-03 17:38:55.097  2303  2404 E SQLiteDatabase: 	at com.whatsapp.j.getWritableDatabase(j.java:42)
07-03 17:38:55.097  2303  2404 E SQLiteDatabase: 	at com.whatsapp.j.getReadableDatabase(j.java:64)
07-03 17:38:55.097  2303  2404 E SQLiteDatabase: 	at com.whatsapp.gq.a(gq.java:460)
07-03 17:38:55.097  2303  2404 E SQLiteDatabase: 	at com.whatsapp.zo.a(zo.java:245)
07-03 17:38:55.097  2303  2404 E SQLiteDatabase: 	at com.whatsapp.jt.b(jt.java:2)
07-03 17:38:55.097  2303  2404 E SQLiteDatabase: 	at com.whatsapp.ay.a(ay.java:3)
07-03 17:38:55.097  2303  2404 E SQLiteDatabase: 	at com.whatsapp.ay.a(ay.java:492)
07-03 17:38:55.097  2303  2404 E SQLiteDatabase: 	at com.whatsapp.qy.a(qy.java:3)
07-03 17:38:55.097  2303  2404 E SQLiteDatabase: 	at com.whatsapp.ay.k(ay.java:370)
07-03 17:38:55.097  2303  2404 E SQLiteDatabase: 	at com.whatsapp.messaging.x.run(x.java:9)
07-03 17:38:55.136  2303  2306 D dalvikvm: GC_CONCURRENT freed 770K, 20% free 12291K/15175K, paused 4ms+4ms
07-03 17:38:55.148  2303  2310 I dalvikvm: Jit: resizing JitTable from 4096 to 8192
07-03 17:38:55.453   158   170 I AccountManagerService: the accounts changed, sending broadcast of android.accounts.LOGIN_ACCOUNTS_CHANGED
07-03 17:38:55.488   158   175 I ActivityManager: Start proc com.android.browser for broadcast com.android.browser/.AccountsChangedReceiver: pid=2411 uid=10003 gids={3003, 1015}
07-03 17:38:55.523  1125  1125 I PicasaSyncManager: account change detect - update database
07-03 17:38:55.523  1125  1147 D PicasaSync: sync account database
07-03 17:38:55.543   664   667 D dalvikvm: GC_CONCURRENT freed 387K, 10% free 10436K/11527K, paused 31ms+17ms
07-03 17:38:55.551  2411  2411 I ActivityThread: Pub com.android.browser;browser: com.android.browser.provider.BrowserProvider2
07-03 17:38:55.570  1125  1147 D PicasaSync: accounts in DB=1
07-03 17:38:55.578  2411  2411 I ActivityThread: Pub com.android.browser.home: com.android.browser.homepages.HomeProvider
07-03 17:38:55.578  2411  2411 I ActivityThread: Pub com.android.browser.snapshots: com.android.browser.provider.SnapshotProvider
07-03 17:38:55.586  1125  1147 V PicasaContentProvider: querySettings: defaults: {sync_on_wifi_only=1, auto_upload_account_type=null, sync_on_battery=1, sync_picasa_on_wifi_only=1, auto_upload_enabled=0, video_upload_wifi_only=1, sync_on_roaming=0, auto_upload_account_name=null}
07-03 17:38:55.668   158   575 I ActivityManager: Start proc com.android.email for broadcast com.android.email/.service.EmailBroadcastReceiver: pid=2433 uid=10013 gids={3003, 1015}
07-03 17:38:55.668   158   575 I ActivityManager: No longer want com.google.android.partnersetup (pid 2214): hidden #16
07-03 17:38:55.750   158   170 D SyncManager: setSyncAutomatically: , provider subscribedfeeds -> true
07-03 17:38:55.828   638   638 D OpenGLRenderer: Flushing caches (mode 1)
07-03 17:38:55.836   158   562 D SyncManager: setIsSyncable: Account {name=17169064784, type=com.whatsapp}, provider com.android.contacts -> 1
07-03 17:38:55.879   158   170 D SyncManager: setSyncAutomatically: already set to true, doing nothing
07-03 17:38:55.914  2433  2433 I ActivityThread: Pub com.android.email.provider;com.android.email.notifier: com.android.email.provider.EmailProvider
07-03 17:38:55.957  2433  2433 I ActivityThread: Pub com.android.email.attachmentprovider: com.android.email.provider.AttachmentProvider
07-03 17:38:56.152   158   508 I ActivityManager: Start proc com.android.exchange for service com.android.exchange/.ExchangeService: pid=2450 uid=10014 gids={3003, 1015}
07-03 17:38:56.176   158   481 D dalvikvm: GC_EXPLICIT freed 325K, 18% free 12795K/15559K, paused 9ms+5ms
07-03 17:38:56.183   579   581 D dalvikvm: GC_CONCURRENT freed 299K, 10% free 9832K/10823K, paused 16ms+15ms
07-03 17:38:56.215  2450  2450 I ActivityThread: Pub com.android.exchange.directory.provider: com.android.exchange.provider.ExchangeDirectoryProvider
07-03 17:38:56.246  2450  2464 D ExchangeService: !!! EAS ExchangeService, onCreate
07-03 17:38:56.250  2450  2450 D ExchangeService: !!! EAS ExchangeService, onStartCommand, startingUp = false, running = false
07-03 17:38:56.312  2450  2467 D ExchangeService: Reconciling accounts...
07-03 17:38:56.316  2450  2461 D Eas Debug: Logging: 
07-03 17:38:56.316   158   169 I ActivityManager: Start proc com.google.android.partnersetup for broadcast com.google.android.partnersetup/.RlzPingBroadcastReceiver: pid=2470 uid=10020 gids={3003}
07-03 17:38:56.375  2433  2478 I Email   : System accounts updated.
07-03 17:38:56.379  2433  2478 I Email   : ReconcilePopImapAccountsSync: start
07-03 17:38:56.390  2450  2465 D ExchangeService: Received deviceId from Email app: androidc1834965561
07-03 17:38:56.390  2450  2465 D ExchangeService: Reconciling accounts...
07-03 17:38:56.398  2450  2450 D ExchangeService: !!! EAS ExchangeService, onStartCommand, startingUp = true, running = false
07-03 17:38:56.418  2470  2470 I ActivityThread: Pub com.google.android.partnersetup.rlzprovider: com.google.android.partnersetup.RlzProvider
07-03 17:38:56.429  2450  2461 D Eas Debug: Logging: 
07-03 17:38:56.496  2470  2470 I ActivityThread: Pub com.google.android.partnersetup.rlzappprovider: com.google.android.partnersetup.RlzAppProvider
07-03 17:38:56.586   158   169 I ActivityManager: Start proc com.google.android.talk for broadcast com.google.android.talk/.AccountChangedReceiver: pid=2499 uid=10044 gids={3003, 1015, 1006, 3002}
07-03 17:38:56.761  2499  2499 I ActivityThread: Pub com.google.android.talk.SuggestionProvider: com.google.android.talk.SuggestionsProvider
07-03 17:38:56.820   749   749 I CalendarProvider2: Sending notification intent: Intent { act=android.intent.action.PROVIDER_CHANGED dat=content://com.android.calendar }
07-03 17:38:56.820   749   749 W ContentResolver: Failed to get type for: content://com.android.calendar (Unknown URL content://com.android.calendar)
07-03 17:38:56.883  2499  2499 D vclib:CallStateClient: startListening
07-03 17:38:56.937  2499  2501 D dalvikvm: GC_CONCURRENT freed 139K, 3% free 9342K/9607K, paused 4ms+2ms
07-03 17:38:56.996  1148  1166 D Volley  : [126] DiskBasedCache.clear: Cache cleared.
07-03 17:38:57.000  1148  1170 D Volley  : [130] DiskBasedCache.clear: Cache cleared.
07-03 17:38:57.047   158   170 I ActivityManager: Start proc com.android.calendar for broadcast com.android.calendar/.widget.CalendarAppWidgetService$CalendarFactory: pid=2520 uid=10005 gids={3003}
07-03 17:38:57.113  2520  2520 I ActivityThread: Pub com.android.calendar.CalendarRecentSuggestionsProvider: com.android.calendar.CalendarRecentSuggestionsProvider
07-03 17:38:57.234   638   638 D OpenGLRenderer: Flushing caches (mode 1)
07-03 17:38:57.355   158   169 I ActivityManager: No longer want android.process.media (pid 545): hidden #16
07-03 17:38:57.383  2499  2510 I ActivityThread: Removing dead content provider: media
07-03 17:38:57.406   158   509 I ActivityManager: Kill com.google.android.talk (pid 2499): provider com.android.providers.media.MediaProvider in dying process android.process.media
07-03 17:38:57.445   158   158 I ActivityManager: Process com.google.android.talk (pid 2499) has died.
07-03 17:38:57.488   158   169 I ActivityManager: START {cmp=com.whatsapp/.Main} from pid 2303
07-03 17:38:57.535   158   601 I ActivityManager: START {cmp=com.whatsapp/.Conversations} from pid 2303
07-03 17:38:57.652  2303  2303 D dalvikvm: GC_FOR_ALLOC freed 980K, 20% free 12215K/15175K, paused 53ms
07-03 17:38:57.765   393   393 V PhoneStatusBar: setLightsOn(true)
07-03 17:38:58.101   158   174 I Process : Sending signal. PID: 2303 SIG: 3
07-03 17:38:58.101  2303  2308 I dalvikvm: threadid=3: reacting to signal 3
07-03 17:38:58.148  2303  2308 I dalvikvm: Wrote stack traces to '/data/anr/traces.txt'
07-03 17:38:58.152   158   207 I ActivityManager: Displayed com.whatsapp/.Conversations: +615ms (total +641ms)
07-03 17:38:58.183   638   638 D OpenGLRenderer: Flushing caches (mode 1)
07-03 17:38:58.203   393   395 D dalvikvm: GC_CONCURRENT freed 243K, 14% free 10165K/11783K, paused 2ms+9ms
07-03 17:38:58.340   638   638 D OpenGLRenderer: Flushing caches (mode 1)
07-03 17:38:58.363   638   638 D OpenGLRenderer: Flushing caches (mode 1)
07-03 17:38:58.515  2433  2478 I Email   : ReconcilePopImapAccountsSync: done
07-03 17:38:58.519  2450  2450 D ExchangeService: !!! EAS ExchangeService, onStartCommand, startingUp = true, running = false
07-03 17:38:58.554   638   638 D OpenGLRenderer: Flushing caches (mode 1)
07-03 17:38:58.578   158   509 I ActivityManager: No longer want com.android.musicfx (pid 2228): hidden #16
07-03 17:38:58.582   158   575 I ActivityManager: No longer want com.svox.pico (pid 2242): hidden #16
07-03 17:38:58.711   664   667 D dalvikvm: GC_CONCURRENT freed 416K, 10% free 10421K/11527K, paused 2ms+10ms
07-03 17:38:58.750  2433  2435 D dalvikvm: GC_CONCURRENT freed 248K, 4% free 9244K/9607K, paused 3ms+2ms
07-03 17:38:58.797  1148  1167 D dalvikvm: GC_FOR_ALLOC freed 1449K, 16% free 14879K/17543K, paused 107ms
07-03 17:38:59.656  1148  1150 D dalvikvm: GC_CONCURRENT freed 1639K, 14% free 15191K/17543K, paused 3ms+13ms
07-03 17:38:59.890   158   161 D dalvikvm: GC_CONCURRENT freed 847K, 18% free 12782K/15559K, paused 2ms+5ms
07-03 17:38:59.894   638   638 D OpenGLRenderer: Flushing caches (mode 1)
07-03 17:39:00.023   638   638 D OpenGLRenderer: Flushing caches (mode 1)
07-03 17:39:00.097  1148  1148 D Finsky  : [1] DetailsDataBasedFragment.rebindViews: Page [class=DetailsFragment] loaded in [92958 ms] (partial? true)
07-03 17:39:00.324   638   638 D OpenGLRenderer: Flushing caches (mode 1)
07-03 17:39:00.539   579   581 D dalvikvm: GC_CONCURRENT freed 326K, 9% free 9891K/10823K, paused 2ms+3ms
07-03 17:39:00.812   579   581 D dalvikvm: GC_CONCURRENT freed 362K, 9% free 9913K/10823K, paused 2ms+3ms
07-03 17:39:01.144   579   581 D dalvikvm: GC_CONCURRENT freed 365K, 9% free 9933K/10823K, paused 6ms+4ms
07-03 17:39:01.461   158   602 D SyncManager: setSyncAutomatically: , provider com.android.contacts -> true
07-03 17:39:01.547   158   562 I ActivityManager: No longer want com.android.voicedialer (pid 2260): hidden #16
07-03 17:39:02.117   664   682 D dalvikvm: GC_EXPLICIT freed 252K, 10% free 10376K/11527K, paused 2ms+4ms
07-03 17:39:02.179   579   674 I ContactDirectoryManager: deleted 0 stale rows which don't have any relevant directory
07-03 17:39:02.246   579   674 I ContactDirectoryManager: Discovered 0 contact directories in 34ms
07-03 17:39:02.445   579   593 D dalvikvm: GC_EXPLICIT freed 383K, 10% free 9775K/10823K, paused 4ms+42ms
07-03 17:39:02.590  2303  2306 D dalvikvm: GC_CONCURRENT freed 419K, 16% free 12760K/15175K, paused 3ms+9ms
07-03 17:39:02.633   158   477 D dalvikvm: GC_EXPLICIT freed 294K, 19% free 12749K/15559K, paused 8ms+9ms
07-03 17:39:02.652   638   638 D OpenGLRenderer: Flushing caches (mode 1)
07-03 17:39:03.281   638   638 D OpenGLRenderer: Flushing caches (mode 1)
07-03 17:39:03.301   638   641 D dalvikvm: GC_CONCURRENT freed 369K, 8% free 9809K/10631K, paused 3ms+2ms
07-03 17:39:03.734  1125  2554 D PicasaSyncService: start to perform sync on mcmanojster@gmail.com
07-03 17:39:03.754  1125  2554 D PicasaSyncManager: perform sync task: MetadataSyncTask (mcmanojster@gmail.com)
07-03 17:39:03.812   638   638 D OpenGLRenderer: Flushing caches (mode 1)
07-03 17:39:03.847   638   638 D OpenGLRenderer: Flushing caches (mode 1)
07-03 17:39:03.851  1125  2554 D PicasaAPI: getAlbums for mcmanojster@gmail.com, etag = W/"CEYARHk-eSp7ImA9WhVbE0w."
07-03 17:39:04.105  1125  2554 V PicasaAPI:    done
07-03 17:39:04.105  1125  2554 D MetricsUtils: [PicasaApi.getAlbums in:361 out:653 time:254]
07-03 17:39:04.109  1125  2554 D MetricsUtils: [PicasaSyncHelper.syncAlbums mcmanojster@gmail.com time:259]
07-03 17:39:04.129  1125  2554 D PicasaAPI: getAlbumPhotos for 101971325733298569232 / 5103300062247513425, etag: W/"CUYMRH06fyp7ImA9WhVUF0o."
07-03 17:39:04.652  1125  2554 D PicasaAPI:    done
07-03 17:39:04.652  1125  2554 D MetricsUtils: [PicasaApi.getAlbumPhotos in:207 out:778 time:523]
07-03 17:39:04.656  1125  2554 D MetricsUtils: [PicasaSyncHelper.syncPhotos 5103300062247513425 time:528]
07-03 17:39:04.679  1125  2554 D PicasaAPI: getAlbumPhotos for 101971325733298569232 / 5625940079940897089, etag: W/"CE8ASHg_eyp7ImA9WhRUFkw."
07-03 17:39:04.988  1125  2554 D PicasaAPI:    done
07-03 17:39:04.992  1125  2554 D MetricsUtils: [PicasaApi.getAlbumPhotos in:207 out:778 time:313]
07-03 17:39:04.992  1125  2554 D MetricsUtils: [PicasaSyncHelper.syncPhotos 5625940079940897089 time:329]
07-03 17:39:05.019  1125  2554 D PicasaAPI: getAlbumPhotos for 101971325733298569232 / 5625941485711907553, etag: W/"C0IDRn46eSp7ImA9WhZaGEQ."
07-03 17:39:05.488  1125  2554 D PicasaAPI:    done
07-03 17:39:05.492  1125  2554 D MetricsUtils: [PicasaApi.getAlbumPhotos in:207 out:778 time:475]
07-03 17:39:05.496  1125  2554 D MetricsUtils: [PicasaSyncHelper.syncPhotos 5625941485711907553 time:496]
07-03 17:39:05.613  1125  2554 D PicasaSyncManager: sync complete: SyncResult: stats []
07-03 17:39:05.730  1125  1127 D dalvikvm: GC_CONCURRENT freed 363K, 5% free 9623K/10119K, paused 2ms+3ms
07-03 17:39:05.789  1125  2554 D MetricsUtils: [PicasaSyncManager.getNextSyncTask time:172]
07-03 17:39:05.789  1125  2554 D PicasaSyncManager: perform sync task: PrefetchFullImage (mcmanojster@gmail.com)
07-03 17:39:05.879  1125  2554 D PicasaSyncManager: sync complete: SyncResult: stats []
07-03 17:39:05.902  1125  2554 D PicasaSyncManager: perform sync task: PrefetchAlbumCover (mcmanojster@gmail.com)
07-03 17:39:05.953  1125  2554 D PicasaSyncManager: sync complete: SyncResult: stats []
07-03 17:39:05.980  1125  2554 D PicasaSyncManager: perform sync task: PrefetchScreenNail (mcmanojster@gmail.com)
07-03 17:39:06.035  1125  2554 D PicasaSyncManager: sync complete: SyncResult: stats []
07-03 17:39:06.058  1125  2554 D PicasaSyncService: sync finished - false
07-03 17:39:06.152   638   638 D OpenGLRenderer: Flushing caches (mode 1)
07-03 17:39:06.418  2350  2353 D dalvikvm: GC_CONCURRENT freed 354K, 5% free 9266K/9735K, paused 16ms+2ms
07-03 17:39:06.511   158   200 I ActivityManager: Start proc com.whatsapp:contacts for service com.whatsapp/.accountsync.ContactsSyncAdapterService: pid=2558 uid=10053 gids={1015, 3003}
07-03 17:39:06.519  2558  2558 I dalvikvm: Turning on JNI app bug workarounds for target SDK version 7...
07-03 17:39:06.648  2558  2561 D dalvikvm: GC_CONCURRENT freed 176K, 3% free 9345K/9607K, paused 2ms+2ms
07-03 17:39:06.719   158   158 I ActivityManager: No longer want com.google.android.googlequicksearchbox (pid 2273): hidden #16
07-03 17:39:54.613    82   131 D AudioHardware: AudioHardware pcm playback is exiting standby.
07-03 17:39:54.613    82   131 D AudioHardware: openPcmOut_l() mPcmOpenCnt: 0
07-03 17:39:54.617   158   481 I ActivityManager: START {flg=0x14000000 cmp=com.whatsapp/.Conversation (has extras)} from pid 2303
07-03 17:39:54.871  2303  2303 D dalvikvm: GC_FOR_ALLOC freed 160K, 12% free 13377K/15175K, paused 37ms
07-03 17:39:54.879  2303  2303 I dalvikvm-heap: Grow heap (frag case) to 16.650MB for 3686416-byte allocation
07-03 17:39:54.929  2303  2312 D dalvikvm: GC_FOR_ALLOC freed 14K, 10% free 16962K/18823K, paused 36ms
07-03 17:39:55.015  2303  2306 D dalvikvm: GC_CONCURRENT freed <1K, 10% free 16962K/18823K, paused 3ms+9ms
07-03 17:39:55.082  2303  2303 D dalvikvm: GC_FOR_ALLOC freed <1K, 10% free 16963K/18823K, paused 36ms
07-03 17:39:55.086  2303  2303 I dalvikvm-heap: Grow heap (frag case) to 18.198MB for 1637776-byte allocation
07-03 17:39:55.121  2303  2303 D dalvikvm: GC_FOR_ALLOC freed <1K, 10% free 18562K/20423K, paused 37ms
07-03 17:39:55.195  2303  2303 D dalvikvm: GC_FOR_ALLOC freed <1K, 10% free 18562K/20423K, paused 36ms
07-03 17:39:55.199  2303  2303 I dalvikvm-heap: Grow heap (frag case) to 19.459MB for 1322896-byte allocation
07-03 17:39:55.234  2303  2303 D dalvikvm: GC_FOR_ALLOC freed <1K, 9% free 19854K/21767K, paused 37ms
07-03 17:39:55.238   158   174 I Process : Sending signal. PID: 2303 SIG: 3
07-03 17:39:55.238  2303  2308 I dalvikvm: threadid=3: reacting to signal 3
07-03 17:39:55.246  2303  2308 I dalvikvm: Wrote stack traces to '/data/anr/traces.txt'
07-03 17:39:55.453   393   393 V PhoneStatusBar: setLightsOn(true)
07-03 17:39:55.664   158   207 I ActivityManager: Displayed com.whatsapp/.Conversation: +925ms
07-03 17:39:56.804   638   638 D OpenGLRenderer: Flushing caches (mode 1)
07-03 17:39:56.937   664   667 D dalvikvm: GC_CONCURRENT freed 367K, 10% free 10394K/11527K, paused 11ms+7ms
07-03 17:39:57.730    82   131 D AudioHardware: AudioHardware pcm playback is going to standby.
07-03 17:39:57.730    82   131 D AudioHardware: closePcmOut_l() mPcmOpenCnt: 1
07-03 17:39:58.047   393   393 V PhoneStatusBar: setLightsOn(true)
07-03 17:39:58.156   158   161 D dalvikvm: GC_CONCURRENT freed 697K, 18% free 12914K/15559K, paused 3ms+11ms
07-03 17:39:58.426  2303  2540 D dalvikvm: GC_EXPLICIT freed 5666K, 32% free 14876K/21767K, paused 3ms+8ms
07-03 17:40:00.238    82   131 D AudioHardware: AudioHardware pcm playback is exiting standby.
07-03 17:40:00.238    82   131 D AudioHardware: openPcmOut_l() mPcmOpenCnt: 0
07-03 17:40:00.238   158   578 I ActivityManager: START {flg=0x14000000 cmp=com.whatsapp/.Conversation (has extras)} from pid 2303
07-03 17:40:00.539   393   393 V PhoneStatusBar: setLightsOn(true)
07-03 17:40:00.738   158   207 I ActivityManager: Displayed com.whatsapp/.Conversation: +375ms
07-03 17:40:01.261   393   393 V PhoneStatusBar: setLightsOn(true)
07-03 17:40:02.117   158   562 I ActivityManager: START {flg=0x14000000 cmp=com.whatsapp/.Conversation (has extras)} from pid 2303
07-03 17:40:02.242   158   562 D dalvikvm: GC_FOR_ALLOC freed 603K, 19% free 12753K/15559K, paused 74ms
07-03 17:40:02.433   393   393 V PhoneStatusBar: setLightsOn(true)
07-03 17:40:02.609   158   207 I ActivityManager: Displayed com.whatsapp/.Conversation: +342ms
07-03 17:40:05.136   393   393 V PhoneStatusBar: setLightsOn(true)
07-03 17:40:05.187    82   131 D AudioHardware: AudioHardware pcm playback is going to standby.
07-03 17:40:05.187    82   131 D AudioHardware: closePcmOut_l() mPcmOpenCnt: 1
07-03 17:40:06.636  1148  1148 D Finsky  : [1] DetailsDataBasedFragment.rebindViews: Page [class=DetailsFragment] loaded in [159501 ms] (partial? false)
07-03 17:40:06.722   158   174 I Process : Sending signal. PID: 1148 SIG: 3
07-03 17:40:06.722  1148  1152 I dalvikvm: threadid=3: reacting to signal 3
07-03 17:40:06.769  1148  1150 D dalvikvm: GC_CONCURRENT freed 2191K, 15% free 15027K/17543K, paused 7ms+13ms
07-03 17:40:06.785  1148  1152 I dalvikvm: Wrote stack traces to '/data/anr/traces.txt'
07-03 17:40:07.027  1148  1148 D Finsky  : [1] DetailsDataBasedFragment.rebindViews: Page [class=DetailsFragment] loaded in [159894 ms] (partial? true)
07-03 17:40:07.187   158   169 D dalvikvm: GC_EXPLICIT freed 487K, 19% free 12743K/15559K, paused 3ms+10ms
07-03 17:40:07.187  2303  2303 W IInputConnectionWrapper: showStatusIcon on inactive InputConnection
07-03 17:40:07.187   158   169 W InputManagerService: Starting input on non-focused client com.android.internal.view.IInputMethodClient$Stub$Proxy@4158e050 (uid=10053 pid=2303)
07-03 17:40:07.222   158   174 I Process : Sending signal. PID: 1148 SIG: 3
07-03 17:40:07.222  1148  1152 I dalvikvm: threadid=3: reacting to signal 3
07-03 17:40:07.246  1148  1152 I dalvikvm: Wrote stack traces to '/data/anr/traces.txt'
07-03 17:40:07.984   158   174 I ActivityManager: No longer want com.android.quicksearchbox (pid 2287): hidden #16
07-03 17:40:09.394   158   212 I ActivityManager: START {act=android.intent.action.MAIN cat=[android.intent.category.HOME] flg=0x10200000 cmp=com.android.launcher/com.android.launcher2.Launcher} from pid 158
07-03 17:40:09.558  1148  1148 D OpenGLRenderer: Flushing caches (mode 0)
07-03 17:40:09.738  1148  1148 D OpenGLRenderer: Flushing caches (mode 1)
07-03 17:40:13.250   158   602 I ActivityManager: START {act=android.intent.action.MAIN cat=[android.intent.category.LAUNCHER] flg=0x10200000 cmp=com.whatsapp/.Main bnds=[360,103][480,253]} from pid 1548
07-03 17:40:13.273    82   131 D AudioHardware: AudioHardware pcm playback is exiting standby.
07-03 17:40:13.273    82   131 D AudioHardware: openPcmOut_l() mPcmOpenCnt: 0
07-03 17:40:13.324   158   508 I ActivityManager: START {cmp=com.whatsapp/.Conversations} from pid 2303
07-03 17:40:13.461  1548  1550 D dalvikvm: GC_CONCURRENT freed 729K, 40% free 11942K/19783K, paused 9ms+9ms
07-03 17:40:13.469   393   393 V PhoneStatusBar: setLightsOn(true)
07-03 17:40:13.508  1548  1548 D OpenGLRenderer: Flushing caches (mode 1)
07-03 17:40:13.679   158   207 I ActivityManager: Displayed com.whatsapp/.Conversations: +316ms (total +380ms)
07-03 17:40:13.703  1548  1548 D OpenGLRenderer: Flushing caches (mode 0)
07-03 17:40:15.168  2303  2303 W IInputConnectionWrapper: showStatusIcon on inactive InputConnection
07-03 17:40:15.168   158   578 W InputManagerService: Starting input on non-focused client com.android.internal.view.IInputMethodClient$Stub$Proxy@4158e050 (uid=10053 pid=2303)
07-03 17:40:15.914   158   601 I ActivityManager: START {act=android.intent.action.MAIN cat=[android.intent.category.LAUNCHER] flg=0x10000000 pkg=com.whatsapp cmp=com.whatsapp/.Main bnds=[0,103][120,253]} from pid 1548
07-03 17:40:16.000   158   601 D dalvikvm: GC_FOR_ALLOC freed 558K, 18% free 12775K/15559K, paused 58ms
07-03 17:40:16.054   158   562 I ActivityManager: START {cmp=com.whatsapp/.Conversations} from pid 2303
07-03 17:40:16.160   393   393 V PhoneStatusBar: setLightsOn(true)
07-03 17:40:16.211  1548  1548 D OpenGLRenderer: Flushing caches (mode 1)
07-03 17:40:16.355   158   207 I ActivityManager: Displayed com.whatsapp/.Conversations: +294ms (total +339ms)
07-03 17:40:16.367  1548  1548 D OpenGLRenderer: Flushing caches (mode 0)
07-03 17:40:18.097   158   212 I ActivityManager: START {act=android.intent.action.MAIN cat=[android.intent.category.HOME] flg=0x10200000 cmp=com.android.launcher/com.android.launcher2.Launcher} from pid 158
07-03 17:40:18.207  2303  2303 W IInputConnectionWrapper: showStatusIcon on inactive InputConnection
07-03 17:40:18.207   158   509 W InputManagerService: Starting input on non-focused client com.android.internal.view.IInputMethodClient$Stub$Proxy@4158e050 (uid=10053 pid=2303)
07-03 17:40:18.988    82   131 D AudioHardware: AudioHardware pcm playback is going to standby.
07-03 17:40:18.988    82   131 D AudioHardware: closePcmOut_l() mPcmOpenCnt: 1
07-03 17:40:23.355   158   477 I ActivityManager: START {act=android.intent.action.MAIN cat=[android.intent.category.LAUNCHER] flg=0x10200000 cmp=com.whatsapp/.Main bnds=[360,103][480,253]} from pid 1548
07-03 17:40:23.383    82   131 D AudioHardware: AudioHardware pcm playback is exiting standby.
07-03 17:40:23.383    82   131 D AudioHardware: openPcmOut_l() mPcmOpenCnt: 0
07-03 17:40:23.422   158   575 I ActivityManager: START {cmp=com.whatsapp/.Conversations} from pid 2303
07-03 17:40:23.426   158   508 W ActivityManager: Duplicate finish request for ActivityRecord{41663648 com.whatsapp/.Main}
07-03 17:40:23.508  1548  1548 D OpenGLRenderer: Flushing caches (mode 1)
07-03 17:40:23.547   393   393 V PhoneStatusBar: setLightsOn(true)
07-03 17:40:23.605  2303  2306 D dalvikvm: GC_CONCURRENT freed 883K, 28% free 15828K/21767K, paused 4ms+25ms
07-03 17:40:23.676  1548  1548 D OpenGLRenderer: Flushing caches (mode 0)
07-03 17:40:24.621   158   509 D dalvikvm: GC_FOR_ALLOC freed 538K, 18% free 12760K/15559K, paused 97ms
07-03 17:40:24.707   158   477 W InputManagerService: Starting input on non-focused client com.android.internal.view.IInputMethodClient$Stub$Proxy@4158e050 (uid=10053 pid=2303)
07-03 17:40:24.711  2303  2303 W IInputConnectionWrapper: showStatusIcon on inactive InputConnection
07-03 17:40:24.789   664  1141 E GTalkService: connectionClosed: no XMPPConnection - That's strange!
07-03 17:40:24.902   664  1141 E GTalkService: connectionClosed: no XMPPConnection - That's strange!
07-03 17:40:25.273   158   174 I ActivityManager: No longer want com.android.defcontainer (pid 2197): hidden #16
07-03 17:40:26.187  1548  1550 D dalvikvm: GC_CONCURRENT freed 976K, 40% free 11903K/19783K, paused 11ms+9ms
07-03 17:40:26.476    82   131 D AudioHardware: AudioHardware pcm playback is going to standby.
07-03 17:40:26.476    82   131 D AudioHardware: closePcmOut_l() mPcmOpenCnt: 1
07-03 17:40:27.820   158   318 D ConnectivityService: handleInetConditionHoldEnd: net=1, condition=0, published condition=0
07-03 17:40:29.535   158   562 I ActivityManager: START {act=android.intent.action.MAIN cat=[android.intent.category.LAUNCHER] flg=0x10200000 cmp=com.android.contacts/.activities.PeopleActivity bnds=[96,706][192,802]} from pid 1548
07-03 17:40:29.543    82   131 D AudioHardware: AudioHardware pcm playback is exiting standby.
07-03 17:40:29.543    82   131 D AudioHardware: openPcmOut_l() mPcmOpenCnt: 0
07-03 17:40:29.672   158   576 I ActivityManager: Start proc com.android.contacts for activity com.android.contacts/.activities.PeopleActivity: pid=2610 uid=10000 gids={3003, 1015}
07-03 17:40:29.746  1548  1548 D OpenGLRenderer: Flushing caches (mode 1)
07-03 17:40:29.793  1548  1548 D OpenGLRenderer: Flushing caches (mode 0)
07-03 17:40:29.871  2610  2624 D AccountTypeManager: Registering external account type=com.whatsapp, packageName=com.whatsapp
07-03 17:40:29.890  2610  2624 W ResourceType: getEntry failing because entryIndex 606 is beyond type entryCount 189
07-03 17:40:29.890  2610  2610 I ContactsIntentResolver: Called with action: android.intent.action.MAIN
07-03 17:40:29.890  2610  2624 W ResourceType: Failure getting entry for 0x7f02025e (t=1 e=606) in package 0 (error -2147483647)
07-03 17:40:29.918  2610  2624 D AccountTypeManager: Registering 1 extension packages
07-03 17:40:29.937  2610  2624 I AccountTypeManager: Loaded meta-data for 3 account types, 2 accounts in 84ms(wall) 18ms(cpu)
07-03 17:40:30.011  2610  2612 D dalvikvm: GC_CONCURRENT freed 197K, 4% free 9312K/9607K, paused 3ms+3ms
07-03 17:40:30.027  2610  2610 I ContactPhotoManager: Cache adj: 0.5
07-03 17:40:30.199   158   174 I Process : Sending signal. PID: 2610 SIG: 3
07-03 17:40:30.199  2610  2614 I dalvikvm: threadid=3: reacting to signal 3
07-03 17:40:30.219  2610  2614 I dalvikvm: Wrote stack traces to '/data/anr/traces.txt'
07-03 17:40:30.332  2610  2610 D libEGL  : loaded /system/lib/egl/libGLES_android.so
07-03 17:40:30.344  2610  2610 D libEGL  : loaded /vendor/lib/egl/libEGL_POWERVR_SGX540_120.so
07-03 17:40:30.351  2610  2610 D libEGL  : loaded /vendor/lib/egl/libGLESv1_CM_POWERVR_SGX540_120.so
07-03 17:40:30.371   579   581 D dalvikvm: GC_CONCURRENT freed 317K, 9% free 9851K/10823K, paused 5ms+6ms
07-03 17:40:30.371  2610  2610 D libEGL  : loaded /vendor/lib/egl/libGLESv2_POWERVR_SGX540_120.so
07-03 17:40:30.433  2610  2610 D OpenGLRenderer: Enabling debug mode 0
07-03 17:40:30.515   158   207 I ActivityManager: Displayed com.android.contacts/.activities.PeopleActivity: +940ms (total +7s120ms)
07-03 17:40:30.722  2610  2612 D dalvikvm: GC_CONCURRENT freed 135K, 3% free 9624K/9863K, paused 2ms+8ms
07-03 17:40:30.926   579   598 D dalvikvm: GC_EXPLICIT freed 142K, 10% free 9753K/10823K, paused 5ms+5ms
07-03 17:40:32.465   158   170 I ActivityManager: START {act=android.intent.action.INSERT dat=content://com.android.contacts/contacts cmp=com.android.contacts/.activities.ContactEditorActivity} from pid 2610
07-03 17:40:32.566   158   575 I ActivityManager: START {cmp=com.android.contacts/.activities.ContactEditorAccountsChangedActivity} from pid 2610
07-03 17:40:32.715  2610  2612 D dalvikvm: GC_CONCURRENT freed 107K, 3% free 9954K/10183K, paused 2ms+7ms
07-03 17:40:32.785   158   207 I ActivityManager: Displayed com.android.contacts/.activities.ContactEditorActivity: +283ms
07-03 17:40:32.789   158   207 I ActivityManager: Displayed com.android.contacts/.activities.ContactEditorAccountsChangedActivity: +203ms
07-03 17:40:32.816  2610  2610 D OpenGLRenderer: Flushing caches (mode 0)
07-03 17:40:33.097  2610  2625 V ContactPhotoManager: Preloaded 13 photos.  Cached bytes: 63667
07-03 17:40:35.535    82   131 D AudioHardware: AudioHardware pcm playback is going to standby.
07-03 17:40:35.535    82   131 D AudioHardware: closePcmOut_l() mPcmOpenCnt: 1
07-03 17:40:36.722    82   131 D AudioHardware: AudioHardware pcm playback is exiting standby.
07-03 17:40:36.722    82   131 D AudioHardware: openPcmOut_l() mPcmOpenCnt: 0
07-03 17:40:36.816   158   170 D dalvikvm: GC_FOR_ALLOC freed 497K, 17% free 12919K/15559K, paused 77ms
07-03 17:40:37.090  2610  2612 D dalvikvm: GC_CONCURRENT freed 215K, 4% free 10222K/10567K, paused 3ms+3ms
07-03 17:40:37.324   158   174 I Process : Sending signal. PID: 2610 SIG: 3
07-03 17:40:37.324  2610  2614 I dalvikvm: threadid=3: reacting to signal 3
07-03 17:40:37.347  2610  2614 I dalvikvm: Wrote stack traces to '/data/anr/traces.txt'
07-03 17:40:37.441  2610  2612 D dalvikvm: GC_CONCURRENT freed 218K, 4% free 10421K/10759K, paused 2ms+4ms
07-03 17:40:37.472  2610  2610 D OpenGLRenderer: Flushing caches (mode 0)
07-03 17:40:37.769   664   664 I GTalkService/c: [AndroidEndpoint@1094563336] connect: acct=1000000, state=CONNECTING
07-03 17:40:37.773   664   664 I GTalkService/c: [GTalkConnection@1095186320] connect: acct=1, state=CONNECTING
07-03 17:40:38.414  2610  2610 D ContactEditorFragment: onSaveCompleted(0, null
07-03 17:40:38.594  2610  2612 D dalvikvm: GC_CONCURRENT freed 206K, 3% free 10738K/11015K, paused 2ms+4ms
07-03 17:40:38.719  2610  2610 D OpenGLRenderer: Flushing caches (mode 0)
07-03 17:40:39.894   158   212 I ActivityManager: START {act=android.intent.action.MAIN cat=[android.intent.category.HOME] flg=0x10200000 cmp=com.android.launcher/com.android.launcher2.Launcher} from pid 158
07-03 17:40:40.031   158   212 D dalvikvm: GC_FOR_ALLOC freed 377K, 18% free 12889K/15559K, paused 85ms
07-03 17:40:40.117  2610  2610 D OpenGLRenderer: Flushing caches (mode 0)
07-03 17:40:40.140   158   602 W InputManagerService: Starting input on non-focused client com.android.internal.view.IInputMethodClient$Stub$Proxy@414cc4c8 (uid=10000 pid=2610)
07-03 17:40:40.148  2610  2610 D OpenGLRenderer: Flushing caches (mode 1)
07-03 17:40:41.152   158   601 I ActivityManager: START {act=android.intent.action.MAIN cat=[android.intent.category.LAUNCHER] flg=0x10200000 cmp=com.whatsapp/.Main bnds=[360,103][480,253]} from pid 1548
07-03 17:40:41.293   158   562 I ActivityManager: START {cmp=com.whatsapp/.Conversations} from pid 2303
07-03 17:40:41.441   457   478 D dalvikvm: GC_EXPLICIT freed 485K, 11% free 10484K/11719K, paused 2ms+3ms
07-03 17:40:41.461  1548  1548 D OpenGLRenderer: Flushing caches (mode 1)
07-03 17:40:41.469  1548  1548 D OpenGLRenderer: Flushing caches (mode 0)
07-03 17:40:41.480   393   393 V PhoneStatusBar: setLightsOn(true)
07-03 17:40:41.652   158   207 I ActivityManager: Displayed com.whatsapp/.Conversations: +354ms (total +395ms)
07-03 17:40:42.500   158   477 I ActivityManager: START {flg=0x14000000 cmp=com.whatsapp/.Conversation (has extras)} from pid 2303
07-03 17:40:42.578   158   477 D dalvikvm: GC_FOR_ALLOC freed 349K, 18% free 12904K/15559K, paused 44ms
07-03 17:40:42.734   393   393 V PhoneStatusBar: setLightsOn(true)
07-03 17:40:43.094   158   174 I Process : Sending signal. PID: 2303 SIG: 3
07-03 17:40:43.094  2303  2308 I dalvikvm: threadid=3: reacting to signal 3
07-03 17:40:43.109  2303  2308 I dalvikvm: Wrote stack traces to '/data/anr/traces.txt'
07-03 17:40:43.136   158   207 I ActivityManager: Displayed com.whatsapp/.Conversation: +543ms
07-03 17:40:45.047   158   576 I ActivityManager: START {cmp=com.whatsapp/.ContactInfo (has extras)} from pid 2303
07-03 17:40:45.234   393   393 V PhoneStatusBar: setLightsOn(true)
07-03 17:40:45.347   158   207 I ActivityManager: Displayed com.whatsapp/.ContactInfo: +262ms
07-03 17:40:45.386  2303  2306 D dalvikvm: GC_CONCURRENT freed 2544K, 30% free 15318K/21767K, paused 3ms+9ms
07-03 17:40:48.125    82   131 D AudioHardware: AudioHardware pcm playback is going to standby.
07-03 17:40:48.125    82   131 D AudioHardware: closePcmOut_l() mPcmOpenCnt: 1
07-03 17:40:48.351   158   601 I ActivityManager: START {act=android.intent.action.DIAL dat=tel:xxxxxx-xxx-xxxx cmp=com.android.contacts/.activities.DialtactsActivity} from pid 2303
07-03 17:40:48.386    82   131 D AudioHardware: AudioHardware pcm playback is exiting standby.
07-03 17:40:48.386    82   131 D AudioHardware: openPcmOut_l() mPcmOpenCnt: 0
07-03 17:40:48.418   158   207 D dalvikvm: GC_FOR_ALLOC freed 354K, 17% free 12953K/15559K, paused 46ms
07-03 17:40:48.422   158   207 I dalvikvm-heap: Grow heap (frag case) to 13.723MB for 1048592-byte allocation
07-03 17:40:48.508   158   601 D dalvikvm: GC_FOR_ALLOC freed 17K, 17% free 13960K/16647K, paused 73ms
07-03 17:40:48.679  2610  2610 D dalvikvm: GC_FOR_ALLOC freed 374K, 5% free 10653K/11207K, paused 57ms
07-03 17:40:48.691  2610  2610 I dalvikvm-heap: Grow heap (frag case) to 11.471MB for 1048592-byte allocation
07-03 17:40:48.711   158   161 D dalvikvm: GC_CONCURRENT freed 15K, 16% free 14101K/16647K, paused 3ms+6ms
07-03 17:40:48.754  2610  2612 D dalvikvm: GC_CONCURRENT freed 427K, 9% free 11249K/12295K, paused 3ms+3ms
07-03 17:40:48.851  2610  2610 D dalvikvm: GC_FOR_ALLOC freed 24K, 8% free 11382K/12295K, paused 28ms
07-03 17:40:48.851  2610  2610 I dalvikvm-heap: Grow heap (frag case) to 11.232MB for 50776-byte allocation
07-03 17:40:48.879  2610  2610 D dalvikvm: GC_FOR_ALLOC freed 4K, 8% free 11427K/12359K, paused 25ms
07-03 17:40:48.906  2610  2610 D dalvikvm: GC_FOR_ALLOC freed 1K, 8% free 11487K/12359K, paused 21ms
07-03 17:40:48.933  2610  2610 D dalvikvm: GC_FOR_ALLOC freed 1K, 8% free 11540K/12423K, paused 22ms
07-03 17:40:48.965  2610  2610 D dalvikvm: GC_FOR_ALLOC freed <1K, 8% free 11594K/12487K, paused 25ms
07-03 17:40:49.000  2610  2610 D dalvikvm: GC_FOR_ALLOC freed 1K, 7% free 11703K/12551K, paused 28ms
07-03 17:40:49.035  2610  2610 D dalvikvm: GC_FOR_ALLOC freed 2K, 7% free 11812K/12679K, paused 27ms
07-03 17:40:49.062   158   174 I Process : Sending signal. PID: 2610 SIG: 3
07-03 17:40:49.062  2610  2614 I dalvikvm: threadid=3: reacting to signal 3
07-03 17:40:49.070  2610  2614 I dalvikvm: Wrote stack traces to '/data/anr/traces.txt'
07-03 17:40:49.324   158   509 W InputManagerService: Starting input on non-focused client com.android.internal.view.IInputMethodClient$Stub$Proxy@4158e050 (uid=10053 pid=2303)
07-03 17:40:49.336  2610  2648 E DefaultVoicemailNotifier: No voicemails to notify about: clear the notification.
07-03 17:40:49.484   158   207 I ActivityManager: Displayed com.android.contacts/.activities.DialtactsActivity: +923ms
07-03 17:40:50.386   158   169 I ActivityManager: moveTaskToBack: 17
07-03 17:40:50.508   393   393 V PhoneStatusBar: setLightsOn(true)
07-03 17:40:50.531  2610  2610 W IInputConnectionWrapper: showStatusIcon on inactive InputConnection
07-03 17:40:50.531   158   602 W InputManagerService: Starting input on non-focused client com.android.internal.view.IInputMethodClient$Stub$Proxy@414cc4c8 (uid=10000 pid=2610)
07-03 17:40:50.543  2610  2610 D OpenGLRenderer: Flushing caches (mode 0)
07-03 17:40:50.566  2610  2610 D OpenGLRenderer: Flushing caches (mode 1)
07-03 17:40:50.566   158   158 W InputManagerService: Window already focused, ignoring focus gain of: com.android.internal.view.IInputMethodClient$Stub$Proxy@414599b0
07-03 17:40:51.144  2610  2652 E DefaultVoicemailNotifier: No voicemails to notify about: clear the notification.
07-03 17:40:51.476    82   131 D AudioHardware: AudioHardware pcm playback is going to standby.
07-03 17:40:51.476    82   131 D AudioHardware: closePcmOut_l() mPcmOpenCnt: 1
07-03 17:40:53.082  1064  1322 I PhoneLab-: Service Running
07-03 17:40:53.121  1064  1322 I PhoneLab-LoggerService: app_36    1325  1064  1828   1452  c00f181c 400107b4 S logcat
07-03 17:40:53.121  1064  1322 I PhoneLab-LoggerService: Logcat pid from database 1325
07-03 17:40:53.121  1064  1322 I PhoneLab-LoggerService: Logcat process found 1325
07-03 17:40:53.121  1064  1322 I PhoneLab-LoggerService: Checking Threshold
07-03 17:40:54.320    82   131 D AudioHardware: AudioHardware pcm playback is exiting standby.
07-03 17:40:54.320    82   131 D AudioHardware: openPcmOut_l() mPcmOpenCnt: 0
07-03 17:40:58.250   158   576 W InputManagerService: Window already focused, ignoring focus gain of: com.android.internal.view.IInputMethodClient$Stub$Proxy@414c9280
07-03 17:41:01.336    82   131 D AudioHardware: AudioHardware pcm playback is going to standby.
07-03 17:41:01.336    82   131 D AudioHardware: closePcmOut_l() mPcmOpenCnt: 1
07-03 17:41:08.172   158   477 I ActivityManager: START {act=android.intent.action.DIAL dat=tel:xxxxxx-xxx-xxxx cmp=com.android.contacts/.activities.DialtactsActivity} from pid 2303
07-03 17:41:08.183    82   131 D AudioHardware: AudioHardware pcm playback is exiting standby.
07-03 17:41:08.183    82   131 D AudioHardware: openPcmOut_l() mPcmOpenCnt: 0
07-03 17:41:08.289   158   477 D dalvikvm: GC_FOR_ALLOC freed 1319K, 22% free 13061K/16647K, paused 84ms
07-03 17:41:08.418  2610  2660 E DefaultVoicemailNotifier: No voicemails to notify about: clear the notification.
07-03 17:41:08.484   158   601 W InputManagerService: Starting input on non-focused client com.android.internal.view.IInputMethodClient$Stub$Proxy@4158e050 (uid=10053 pid=2303)
07-03 17:41:09.910   158   169 D dalvikvm: GC_EXPLICIT freed 203K, 22% free 13034K/16647K, paused 6ms+4ms
07-03 17:41:09.984   158   601 D AlarmManagerService: Kernel timezone updated to 240 minutes west of GMT
07-03 17:41:11.211   158   578 W InputManagerService: Window already focused, ignoring focus gain of: com.android.internal.view.IInputMethodClient$Stub$Proxy@415cc418
07-03 17:41:12.511   158   158 I ActivityManager: START {act=android.intent.action.INSERT_OR_EDIT typ=vnd.android.cursor.item/person cmp=com.android.contacts/.activities.ContactSelectionActivity (has extras)} from pid 2610
07-03 17:41:12.636  2610  2610 I ContactsIntentResolver: Called with action: android.intent.action.INSERT_OR_EDIT
07-03 17:41:12.761  2610  2612 D dalvikvm: GC_CONCURRENT freed 288K, 4% free 12425K/12871K, paused 3ms+9ms
07-03 17:41:12.969   158   207 I ActivityManager: Displayed com.android.contacts/.activities.ContactSelectionActivity: +358ms
07-03 17:41:13.019  2610  2610 D OpenGLRenderer: Flushing caches (mode 0)
07-03 17:41:13.261  2610  2670 E DefaultVoicemailNotifier: No voicemails to notify about: clear the notification.
07-03 17:41:15.594    82   131 D AudioHardware: AudioHardware pcm playback is going to standby.
07-03 17:41:15.594    82   131 D AudioHardware: closePcmOut_l() mPcmOpenCnt: 1
07-03 17:41:19.988   158   481 I ActivityManager: START {act=android.intent.action.INSERT dat=content://com.android.contacts/contacts flg=0x2000000 cmp=com.android.contacts/.activities.ContactEditorActivity (has extras)} from pid 2610
07-03 17:41:20.000    82   131 D AudioHardware: AudioHardware pcm playback is exiting standby.
07-03 17:41:20.000    82   131 D AudioHardware: openPcmOut_l() mPcmOpenCnt: 0
07-03 17:41:20.152  2610  2612 D dalvikvm: GC_CONCURRENT freed 478K, 5% free 13053K/13639K, paused 26ms+3ms
07-03 17:41:20.390   158   562 D AlarmManagerService: Kernel timezone updated to 240 minutes west of GMT
07-03 17:41:20.527   158   174 I Process : Sending signal. PID: 2610 SIG: 3
07-03 17:41:20.531  2610  2614 I dalvikvm: threadid=3: reacting to signal 3
07-03 17:41:20.554  2610  2614 I dalvikvm: Wrote stack traces to '/data/anr/traces.txt'
07-03 17:41:20.679   158   207 I ActivityManager: Displayed com.android.contacts/.activities.ContactEditorActivity: +654ms
07-03 17:41:20.836  2610  2610 D OpenGLRenderer: Flushing caches (mode 0)
07-03 17:41:21.039   393   395 D dalvikvm: GC_CONCURRENT freed 424K, 14% free 10231K/11783K, paused 1ms+14ms
07-03 17:41:23.090    82   131 D AudioHardware: AudioHardware pcm playback is going to standby.
07-03 17:41:23.090    82   131 D AudioHardware: closePcmOut_l() mPcmOpenCnt: 1
07-03 17:41:49.750    82   131 D AudioHardware: AudioHardware pcm playback is exiting standby.
07-03 17:41:49.750    82   131 D AudioHardware: openPcmOut_l() mPcmOpenCnt: 0
07-03 17:41:50.019   393   395 D dalvikvm: GC_CONCURRENT freed 662K, 15% free 10043K/11783K, paused 2ms+17ms
07-03 17:41:50.109   579   581 D dalvikvm: GC_CONCURRENT freed 283K, 9% free 9889K/10823K, paused 2ms+3ms
07-03 17:41:50.347  2610  2697 V ContactSaveService: Saved contact. New URI: content://com.android.contacts/contacts/lookup/664r246-5137414F/246
07-03 17:41:50.355  2610  2610 D ContactEditorFragment: onSaveCompleted(0, content://com.android.contacts/contacts/lookup/664r246-5137414F/246
07-03 17:41:50.363   158   481 I ActivityManager: START {act=android.intent.action.VIEW dat=content://com.android.contacts/contacts/lookup/664r246-5137414F/246 cmp=com.android.contacts/.activities.ContactDetailActivity} from pid 2610
07-03 17:41:50.504  2610  2610 I ContactDetailActivity: content://com.android.contacts/contacts/lookup/664r246-5137414F/246
07-03 17:41:50.640   158   207 I ActivityManager: Displayed com.android.contacts/.activities.ContactDetailActivity: +234ms
07-03 17:41:50.648  2610  2610 D OpenGLRenderer: Flushing caches (mode 0)
07-03 17:41:50.726  2610  2610 I ContactLoader: Registering content observer for content://com.android.contacts/contacts/lookup/664r246-5137414F/246
07-03 17:41:50.816  2610  2610 D dalvikvm: GC_FOR_ALLOC freed 675K, 6% free 13576K/14343K, paused 49ms
07-03 17:41:51.203   158   170 D AlarmManagerService: Kernel timezone updated to 240 minutes west of GMT
07-03 17:41:52.488   579   581 D dalvikvm: GC_CONCURRENT freed 359K, 9% free 9915K/10823K, paused 4ms+3ms
07-03 17:41:52.840    82   131 D AudioHardware: AudioHardware pcm playback is going to standby.
07-03 17:41:52.840    82   131 D AudioHardware: closePcmOut_l() mPcmOpenCnt: 1
07-03 17:41:54.086   579   593 D dalvikvm: GC_EXPLICIT freed 173K, 10% free 9810K/10823K, paused 2ms+3ms
07-03 17:41:54.133  2610  2610 I ContactLoader: Registering content observer for content://com.android.contacts/contacts/lookup/664r246-5137414F.844r247-5137414F/246
07-03 17:41:55.238   158   601 D AlarmManagerService: Kernel timezone updated to 240 minutes west of GMT
07-03 17:42:20.340   158   161 D dalvikvm: GC_CONCURRENT freed 807K, 22% free 13108K/16647K, paused 24ms+6ms
07-03 17:42:20.554   638   638 D OpenGLRenderer: Flushing caches (mode 1)
07-03 17:42:20.672  2610  2628 D dalvikvm: GC_EXPLICIT freed 663K, 9% free 13678K/14983K, paused 5ms+15ms
07-03 17:42:20.679  2610  2610 I ContactLoader: Registering content observer for content://com.android.contacts/contacts/lookup/664r246-5137414F.844r247-5137414F/246
07-03 17:42:20.847  2303  2306 D dalvikvm: GC_CONCURRENT freed 2017K, 30% free 15254K/21767K, paused 3ms+15ms
07-03 17:42:22.125   579   581 D dalvikvm: GC_CONCURRENT freed 282K, 9% free 9913K/10823K, paused 2ms+4ms
07-03 17:42:22.390  2610  2610 I ContactLoader: Registering content observer for content://com.android.contacts/contacts/lookup/664i3766aabd0b6467fb.844r247-5137414F/246
07-03 17:42:22.406  2610  2610 W AccountTypeManager: Unknown type=com.google, mime=vnd.com.google.cursor.item/contact_misc
07-03 17:42:22.547   158   169 D dalvikvm: GC_EXPLICIT freed 161K, 22% free 13044K/16647K, paused 2ms+5ms
07-03 17:42:24.804  2610  2610 D OpenGLRenderer: Flushing caches (mode 0)
07-03 17:42:24.808  2610  2708 E DefaultVoicemailNotifier: No voicemails to notify about: clear the notification.
07-03 17:42:25.379   158   212 I ActivityManager: START {act=android.intent.action.MAIN cat=[android.intent.category.HOME] flg=0x10200000 cmp=com.android.launcher/com.android.launcher2.Launcher} from pid 158
07-03 17:42:25.554  2610  2610 D OpenGLRenderer: Flushing caches (mode 0)
07-03 17:42:25.574  2610  2610 W IInputConnectionWrapper: showStatusIcon on inactive InputConnection
07-03 17:42:25.574   158   170 W InputManagerService: Starting input on non-focused client com.android.internal.view.IInputMethodClient$Stub$Proxy@414cc4c8 (uid=10000 pid=2610)
07-03 17:42:25.578  2610  2610 D OpenGLRenderer: Flushing caches (mode 1)
07-03 17:42:26.203  2610  2712 E DefaultVoicemailNotifier: No voicemails to notify about: clear the notification.
07-03 17:42:26.640   158   576 I ActivityManager: START {act=android.intent.action.MAIN cat=[android.intent.category.LAUNCHER] flg=0x10200000 cmp=com.whatsapp/.Main bnds=[360,103][480,253]} from pid 1548
07-03 17:42:26.652    82   131 D AudioHardware: AudioHardware pcm playback is exiting standby.
07-03 17:42:26.652    82   131 D AudioHardware: openPcmOut_l() mPcmOpenCnt: 0
07-03 17:42:26.824   393   393 V PhoneStatusBar: setLightsOn(true)
07-03 17:42:26.836  1548  1548 D OpenGLRenderer: Flushing caches (mode 0)
07-03 17:42:26.984  1548  1548 D OpenGLRenderer: Flushing caches (mode 1)
07-03 17:42:27.480  2303  2706 D dalvikvm: GC_EXPLICIT freed 296K, 31% free 15123K/21767K, paused 3ms+7ms
07-03 17:42:27.605   579   713 D dalvikvm: GC_EXPLICIT freed 385K, 9% free 9904K/10823K, paused 2ms+6ms
07-03 17:42:29.742    82   131 D AudioHardware: AudioHardware pcm playback is going to standby.
07-03 17:42:29.742    82   131 D AudioHardware: closePcmOut_l() mPcmOpenCnt: 1
07-03 17:42:33.051   158   576 D AlarmManagerService: Kernel timezone updated to 240 minutes west of GMT
07-03 17:42:38.500   393   393 V PhoneStatusBar: setLightsOn(true)
07-03 17:42:41.648   393   393 V PhoneStatusBar: setLightsOn(true)
07-03 17:42:42.051   158   161 D dalvikvm: GC_CONCURRENT freed 853K, 22% free 13071K/16647K, paused 2ms+6ms
07-03 17:42:53.066  1064  1322 I PhoneLab-: Service Running
07-03 17:42:53.176  1064  1322 I PhoneLab-LoggerService: app_36    1325  1064  1828   1452  c00f181c 400107b4 S logcat
07-03 17:42:53.176  1064  1322 I PhoneLab-LoggerService: Logcat pid from database 1325
07-03 17:42:53.176  1064  1322 I PhoneLab-LoggerService: Logcat process found 1325
07-03 17:42:53.176  1064  1322 I PhoneLab-LoggerService: Checking Threshold
07-03 17:43:15.258   158   212 I ActivityManager: START {act=android.intent.action.MAIN cat=[android.intent.category.HOME] flg=0x10200000 cmp=com.android.launcher/com.android.launcher2.Launcher} from pid 158
07-03 17:43:15.386   158   508 W InputManagerService: Starting input on non-focused client com.android.internal.view.IInputMethodClient$Stub$Proxy@4158e050 (uid=10053 pid=2303)
07-03 17:43:15.390  2303  2303 W IInputConnectionWrapper: showStatusIcon on inactive InputConnection
07-03 17:43:20.683    82   131 D AudioHardware: AudioHardware pcm playback is exiting standby.
07-03 17:43:20.683    82   131 D AudioHardware: openPcmOut_l() mPcmOpenCnt: 0
07-03 17:43:20.828  1548  1550 D dalvikvm: GC_CONCURRENT freed 942K, 41% free 11835K/19783K, paused 28ms+12ms
07-03 17:43:20.898  1548  1562 D dalvikvm: GC_FOR_ALLOC freed 324K, 40% free 11954K/19783K, paused 26ms
07-03 17:43:20.988  1548  1550 D dalvikvm: GC_CONCURRENT freed 23K, 35% free 12903K/19783K, paused 3ms+8ms
07-03 17:43:21.070  1548  1619 D dalvikvm: GC_FOR_ALLOC freed 45K, 35% free 12948K/19783K, paused 39ms
07-03 17:43:21.191  1548  1550 D dalvikvm: GC_CONCURRENT freed 53K, 29% free 14174K/19783K, paused 3ms+7ms
07-03 17:43:21.433  1548  1617 D dalvikvm: GC_FOR_ALLOC freed 3974K, 41% free 11722K/19783K, paused 27ms
07-03 17:43:21.613  1548  1550 D dalvikvm: GC_CONCURRENT freed 533K, 40% free 12055K/19783K, paused 11ms+4ms
07-03 17:43:21.726  1548  1617 D dalvikvm: GC_FOR_ALLOC freed 794K, 39% free 12138K/19783K, paused 25ms
07-03 17:43:21.863  1548  1618 D dalvikvm: GC_FOR_ALLOC freed 684K, 38% free 12308K/19783K, paused 21ms
07-03 17:43:21.922  1548  1618 D dalvikvm: GC_FOR_ALLOC freed 284K, 38% free 12409K/19783K, paused 26ms
07-03 17:43:22.051  1548  1550 D dalvikvm: GC_CONCURRENT freed 6K, 33% free 13421K/19783K, paused 2ms+5ms
07-03 17:43:22.172  1548  1676 D dalvikvm: GC_FOR_ALLOC freed 1375K, 35% free 13026K/19783K, paused 31ms
07-03 17:43:22.281  1548  1550 D dalvikvm: GC_CONCURRENT freed 334K, 30% free 13997K/19783K, paused 3ms+8ms
07-03 17:43:22.441  1548  1676 D dalvikvm: GC_FOR_ALLOC freed 1928K, 32% free 13519K/19783K, paused 28ms
07-03 17:43:23.773    82   131 D AudioHardware: AudioHardware pcm playback is going to standby.
07-03 17:43:23.773    82   131 D AudioHardware: closePcmOut_l() mPcmOpenCnt: 1
07-03 17:43:25.586    82   131 D AudioHardware: AudioHardware pcm playback is exiting standby.
07-03 17:43:25.586    82   131 D AudioHardware: openPcmOut_l() mPcmOpenCnt: 0
07-03 17:43:25.683   158   170 I ActivityManager: START {act=android.intent.action.MAIN cat=[android.intent.category.LAUNCHER] flg=0x10200000 cmp=edu.buffalo.cse.phonelab.phonelabservices/.PhoneLabMainView} from pid 1548
07-03 17:43:25.898  1064  1064 I PhoneLab-PhoneLabMainView: Rescheduling periodic checking...
07-03 17:43:25.906  1064  1064 I System.out: /data/data/edu.buffalo.cse.phonelab.phonelabservices
07-03 17:43:25.910  1064  1067 D dalvikvm: GC_CONCURRENT freed 163K, 12% free 9442K/10695K, paused 7ms+2ms
07-03 17:43:25.922  1548  1548 D OpenGLRenderer: Flushing caches (mode 1)
07-03 17:43:25.996  1064  1064 D libEGL  : loaded /system/lib/egl/libGLES_android.so
07-03 17:43:26.008  1064  1064 D libEGL  : loaded /vendor/lib/egl/libEGL_POWERVR_SGX540_120.so
07-03 17:43:26.015  1064  1064 D libEGL  : loaded /vendor/lib/egl/libGLESv1_CM_POWERVR_SGX540_120.so
07-03 17:43:26.023  1064  1064 D libEGL  : loaded /vendor/lib/egl/libGLESv2_POWERVR_SGX540_120.so
07-03 17:43:26.058  1548  1548 D OpenGLRenderer: Flushing caches (mode 0)
07-03 17:43:26.105  1064  1064 D OpenGLRenderer: Enabling debug mode 0
07-03 17:43:26.238   158   174 I Process : Sending signal. PID: 1064 SIG: 3
07-03 17:43:26.238  1064  1070 I dalvikvm: threadid=3: reacting to signal 3
07-03 17:43:26.254  1064  1070 I dalvikvm: Wrote stack traces to '/data/anr/traces.txt'
07-03 17:43:26.347   158   207 I ActivityManager: Displayed edu.buffalo.cse.phonelab.phonelabservices/.PhoneLabMainView: +610ms
07-03 17:43:26.367   158   602 W InputManagerService: Starting input on non-focused client com.android.internal.view.IInputMethodClient$Stub$Proxy@41533770 (uid=10025 pid=1548)
07-03 17:43:28.094  1064  1064 I PhoneLab-PhoneLabMainView: Logs will be shown
07-03 17:43:28.097   158   562 I ActivityManager: START {cmp=edu.buffalo.cse.phonelab.phonelabservices/.LogListView} from pid 1064
07-03 17:43:28.144  1064  1064 I PhoneLab-LogListView: No log files to show
07-03 17:43:28.199   158   207 I ActivityManager: Displayed edu.buffalo.cse.phonelab.phonelabservices/.LogListView: +85ms
07-03 17:43:28.207  1064  1064 D OpenGLRenderer: Flushing caches (mode 0)
07-03 17:43:30.109  1064  1064 D OpenGLRenderer: Flushing caches (mode 0)
07-03 17:43:31.051  1064  1064 I PhoneLab-PhoneLabMainView: Settings will be shown
07-03 17:43:31.070   158   158 I ActivityManager: START {cmp=edu.buffalo.cse.phonelab.phonelabservices/.SettingsView} from pid 1064
07-03 17:43:31.254   158   161 D dalvikvm: GC_CONCURRENT freed 688K, 20% free 13352K/16647K, paused 3ms+4ms
07-03 17:43:31.285   158   207 I ActivityManager: Displayed edu.buffalo.cse.phonelab.phonelabservices/.SettingsView: +179ms
07-03 17:43:31.293  1064  1064 D OpenGLRenderer: Flushing caches (mode 0)
07-03 17:43:32.258  1064  1064 I PhoneLab-SettingsView: Upload setings has been changed by the user: mobile data is not allowed
07-03 17:43:33.558  1064  1064 D OpenGLRenderer: Flushing caches (mode 0)
07-03 17:43:35.011  1064  1064 I PhoneLab-PhoneLabMainView: See All applications
07-03 17:43:35.027   158   562 I ActivityManager: START {cmp=edu.buffalo.cse.phonelab.phonelabservices/.ApplicationList} from pid 1064
07-03 17:43:35.133  1064  1064 E PhoneLab-PhoneLabManifest: java.io.FileNotFoundException: /data/data/edu.buffalo.cse.phonelab.phonelabservices/files/manifest.xml: open failed: ENOENT (No such file or directory)
07-03 17:43:35.133  1064  1067 D dalvikvm: GC_CONCURRENT freed 241K, 10% free 9640K/10695K, paused 4ms+4ms
07-03 17:43:35.222   158   207 I ActivityManager: Displayed edu.buffalo.cse.phonelab.phonelabservices/.ApplicationList: +167ms
07-03 17:43:35.230  1064  1064 D OpenGLRenderer: Flushing caches (mode 0)
07-03 17:43:35.957  1064  1064 I PhoneLab-Locks: wake lock acquired
07-03 17:43:35.980  1064  2738 W PhoneLab-PeriodicCheckService: User info is not synched yet
07-03 17:43:35.996  1064  2738 I PhoneLab-PeriodicCheckService: Logger Service is running
07-03 17:43:36.008  1064  2738 I PhoneLab-Locks: wake lock acquired
07-03 17:43:36.011  1064  2738 I PhoneLab-PeriodicCheckService: Rescheduling periodic checking...
07-03 17:43:36.015  1064  2738 I PhoneLab-Locks: wake lock released
07-03 17:43:36.023  1064  1064 I PhoneLab-Locks: wake lock acquired
07-03 17:43:36.062  1064  1064 I PhoneLab-UploadLogs: Transfering log files now
07-03 17:43:36.062  1064  1064 I PhoneLab-UploadLogs: No log files to transfer
07-03 17:43:36.062  1064  1064 I PhoneLab-Locks: wake lock released
07-03 17:43:36.062  1064  1064 I PhoneLab-UploadLogs: OnStartCommand
07-03 17:43:36.066  1064  1064 I PhoneLab-StatusMonitor: Status Monitoring is started
07-03 17:43:36.066  1064  1064 E PhoneLab-PhoneLabManifest: java.io.FileNotFoundException: /data/data/edu.buffalo.cse.phonelab.phonelabservices/files/manifest.xml: open failed: ENOENT (No such file or directory)
07-03 17:43:36.066  1064  1064 I PhoneLab-Locks: wake lock released
07-03 17:43:36.074  1064  1064 D OpenGLRenderer: Flushing caches (mode 0)
07-03 17:43:36.258   664   667 D dalvikvm: GC_CONCURRENT freed 360K, 10% free 10429K/11527K, paused 3ms+10ms
07-03 17:43:36.363  1064  1064 I PhoneLab-RegistrationReceiver: C2DM Registration Receiver is fired
07-03 17:43:36.363  1064  1064 I PhoneLab-Locks: wake lock acquired
07-03 17:43:36.426  1064  1064 I PhoneLab-RegistrationReceiver: Shared Preferences Settings updated successfully
07-03 17:43:36.429  1064  2742 I PhoneLab-RegistrationService: C2DM Registration Service is started!
07-03 17:43:36.433  1064  2742 I PhoneLab-RegistrationService: Registration Id: APA91bFXlXHC3mCtJy_fA5OEZMWf54yk4hVznuvBsPOQMQN3gFXj0aoCas6m9G_OfGvgpnbfBP2NtuWIDvCJl806iiMI7CnlY-LFF77MehtGDPbtwDoE2CZGIuZFDMSRH-9WMYsMuCCcC7fb6I8XnoT4B8o2fF2R72nDecKlROtEnCxI7C0IKKzyB2yAPtd1TTQVdQynOj_T
07-03 17:43:36.433  1064  2742 I PhoneLab-RegistrationService: Sending registration ID to server
07-03 17:43:36.652  1064  2742 I PhoneLab-RegistrationService: {"data": {"id": "A000002A27881D", "email": "phonelab@gmail.com", "reg_id": "APA91bFXlXHC3mCtJy_fA5OEZMWf54yk4hVznuvBsPOQMQN3gFXj0aoCas6m9G_OfGvgpnbfBP2NtuWIDvCJl806iiMI7CnlY-LFF77MehtGDPbtwDoE2CZGIuZFDMSRH-9WMYsMuCCcC7fb6I8XnoT4B8o2fF2R72nDecKlROtEnCxI7C0IKKzyB2yAPtd1TTQVdQynOj_T", "collapse_key": "", "last_messaged": "", "failed_push": false, "update_interval": "10", "active": "D", "created": "2012-06-22T16:00:00", "updated": "2012-06-22T16:00:00"}, "error": ""}
07-03 17:43:36.699  1064  2742 I PhoneLab-RegistrationService: Shared Preferences Settings updated successfully
07-03 17:43:36.699  1064  2742 I PhoneLab-RegistrationService: C2DM Registration Service is done!
07-03 17:43:36.699  1064  2742 I PhoneLab-Locks: wake lock released
07-03 17:43:37.129  1548  1550 D dalvikvm: GC_CONCURRENT freed 3149K, 41% free 11838K/19783K, paused 2ms+4ms
07-03 17:43:37.207  1548  1619 D dalvikvm: GC_FOR_ALLOC freed 345K, 40% free 11876K/19783K, paused 28ms
07-03 17:43:37.289  1548  1550 D dalvikvm: GC_CONCURRENT freed <1K, 36% free 12779K/19783K, paused 1ms+4ms
07-03 17:43:37.402  1548  1617 D dalvikvm: GC_FOR_ALLOC freed 74K, 36% free 12858K/19783K, paused 47ms
07-03 17:43:37.437   158   174 I Process : Sending signal. PID: 1548 SIG: 3
07-03 17:43:37.437  1548  1552 I dalvikvm: threadid=3: reacting to signal 3
07-03 17:43:37.484  1548  1552 I dalvikvm: Wrote stack traces to '/data/anr/traces.txt'
07-03 17:43:37.496  1548  1550 D dalvikvm: GC_CONCURRENT freed 2K, 29% free 14134K/19783K, paused 3ms+3ms
07-03 17:43:37.594  1064  1064 D OpenGLRenderer: Flushing caches (mode 0)
07-03 17:43:37.777  1548  1550 D dalvikvm: GC_CONCURRENT freed 2755K, 34% free 13241K/19783K, paused 6ms+7ms
07-03 17:43:37.918  1548  1550 D dalvikvm: GC_CONCURRENT freed 1738K, 36% free 12791K/19783K, paused 2ms+4ms
07-03 17:43:38.105    82   131 D AudioHardware: AudioHardware pcm playback is going to standby.
07-03 17:43:38.105    82   131 D AudioHardware: closePcmOut_l() mPcmOpenCnt: 1
07-03 17:43:38.140   158   174 I ActivityManager: No longer want com.google.android.inputmethod.latin.dictionarypack (pid 2376): hidden #16
07-03 17:43:38.176  1064  1064 D OpenGLRenderer: Flushing caches (mode 1)
07-03 17:43:42.008  1548  1555 I dalvikvm: Jit: resizing JitTable from 4096 to 8192
07-03 17:43:44.187    82   131 D AudioHardware: AudioHardware pcm playback is exiting standby.
07-03 17:43:44.187    82   131 D AudioHardware: openPcmOut_l() mPcmOpenCnt: 0
07-03 17:43:44.281   158   575 I ActivityManager: START {act=android.intent.action.MAIN cat=[android.intent.category.LAUNCHER] flg=0x10200000 cmp=com.android.email/.activity.Welcome} from pid 1548
07-03 17:43:44.426   158   161 D dalvikvm: GC_CONCURRENT freed 1046K, 21% free 13286K/16647K, paused 4ms+5ms
07-03 17:43:44.519  1548  1548 D OpenGLRenderer: Flushing caches (mode 1)
07-03 17:43:44.523   158   158 I ActivityManager: START {flg=0x2000000 cmp=com.android.email/.activity.setup.AccountSetupBasics (has extras)} from pid 2433
07-03 17:43:44.543  2450  2450 D ExchangeService: !!! EAS ExchangeService, onStartCommand, startingUp = false, running = false
07-03 17:43:44.570  1548  1548 D OpenGLRenderer: Flushing caches (mode 0)
07-03 17:43:44.613  2433  2433 W ResourceType: Failure getting entry for 0x7f0b0023 (t=10 e=35) in package 0 (error -75)
07-03 17:43:44.613  2433  2433 W ResourceType: Failure getting entry for 0x7f0b0023 (t=10 e=35) in package 0 (error -75)
07-03 17:43:44.629  2450  2747 D ExchangeService: Reconciling accounts...
07-03 17:43:44.703  2433  2433 D libEGL  : loaded /system/lib/egl/libGLES_android.so
07-03 17:43:44.707  2433  2433 D libEGL  : loaded /vendor/lib/egl/libEGL_POWERVR_SGX540_120.so
07-03 17:43:44.711  2433  2433 D libEGL  : loaded /vendor/lib/egl/libGLESv1_CM_POWERVR_SGX540_120.so
07-03 17:43:44.715  2433  2433 D libEGL  : loaded /vendor/lib/egl/libGLESv2_POWERVR_SGX540_120.so
07-03 17:43:44.773  2433  2433 D OpenGLRenderer: Enabling debug mode 0
07-03 17:43:45.035   158   174 I Process : Sending signal. PID: 2433 SIG: 3
07-03 17:43:45.035  2433  2438 I dalvikvm: threadid=3: reacting to signal 3
07-03 17:43:45.082  2433  2438 I dalvikvm: Wrote stack traces to '/data/anr/traces.txt'
07-03 17:43:45.125   457   460 D dalvikvm: GC_CONCURRENT freed 432K, 10% free 10564K/11719K, paused 14ms+3ms
07-03 17:43:45.230   158   207 I ActivityManager: Displayed com.android.email/.activity.setup.AccountSetupBasics: +699ms (total +800ms)
07-03 17:43:45.328   393   393 D dalvikvm: GC_FOR_ALLOC freed 456K, 16% free 9953K/11783K, paused 96ms
07-03 17:43:45.359   158   170 W InputManagerService: Starting input on non-focused client com.android.internal.view.IInputMethodClient$Stub$Proxy@41533770 (uid=10025 pid=1548)
07-03 17:43:47.277    82   131 D AudioHardware: AudioHardware pcm playback is going to standby.
07-03 17:43:47.277    82   131 D AudioHardware: closePcmOut_l() mPcmOpenCnt: 1
07-03 17:43:47.429   664  1141 E GTalkService: connectionClosed: no XMPPConnection - That's strange!
07-03 17:43:47.597   664  1141 E GTalkService: connectionClosed: no XMPPConnection - That's strange!
07-03 17:43:50.445   158   318 D ConnectivityService: handleInetConditionHoldEnd: net=1, condition=0, published condition=0
07-03 17:44:05.597   457   460 D dalvikvm: GC_CONCURRENT freed 407K, 10% free 10563K/11719K, paused 2ms+3ms
07-03 17:44:08.426   457   460 D dalvikvm: GC_CONCURRENT freed 450K, 10% free 10565K/11719K, paused 2ms+3ms
07-03 17:44:10.281    82   131 D AudioHardware: AudioHardware pcm playback is exiting standby.
07-03 17:44:10.281    82   131 D AudioHardware: openPcmOut_l() mPcmOpenCnt: 0
07-03 17:44:10.386   158   170 I ActivityManager: START {cmp=com.android.email/.activity.setup.AccountSetupAccountType} from pid 2433
07-03 17:44:10.449  2450  2544 D ExchangeService: !!! EAS ExchangeService, onCreate
07-03 17:44:10.449  2450  2450 D ExchangeService: !!! EAS ExchangeService, onStartCommand, startingUp = false, running = false
07-03 17:44:10.609   393   395 D dalvikvm: GC_CONCURRENT freed 249K, 15% free 10128K/11783K, paused 2ms+3ms
07-03 17:44:10.683   158   207 I ActivityManager: Displayed com.android.email/.activity.setup.AccountSetupAccountType: +272ms
07-03 17:44:10.699  2450  2465 D ExchangeService: Reconciling accounts...
07-03 17:44:10.707  2433  2433 D OpenGLRenderer: Flushing caches (mode 0)
07-03 17:44:10.844  2433  2435 D dalvikvm: GC_CONCURRENT freed 214K, 4% free 9451K/9799K, paused 4ms+4ms
07-03 17:44:13.293   664   664 I GTalkService/c: [AndroidEndpoint@1094563336] connect: acct=1000000, state=CONNECTING
07-03 17:44:13.293   664   664 I GTalkService/c: [GTalkConnection@1095186320] connect: acct=1, state=CONNECTING
07-03 17:44:13.375    82   131 D AudioHardware: AudioHardware pcm playback is going to standby.
07-03 17:44:13.375    82   131 D AudioHardware: closePcmOut_l() mPcmOpenCnt: 1
07-03 17:44:14.301   158   578 I ActivityManager: START {cmp=com.android.email/.activity.setup.AccountSetupIncoming} from pid 2433
07-03 17:44:14.308    82   131 D AudioHardware: AudioHardware pcm playback is exiting standby.
07-03 17:44:14.308    82   131 D AudioHardware: openPcmOut_l() mPcmOpenCnt: 0
07-03 17:44:14.676   158   207 I ActivityManager: Displayed com.android.email/.activity.setup.AccountSetupIncoming: +354ms
07-03 17:44:14.687  2433  2433 D OpenGLRenderer: Flushing caches (mode 0)
07-03 17:44:14.711   158   161 D dalvikvm: GC_CONCURRENT freed 941K, 20% free 13395K/16647K, paused 4ms+17ms
07-03 17:44:15.004   393   393 D dalvikvm: GC_FOR_ALLOC freed 524K, 16% free 9949K/11783K, paused 50ms
07-03 17:44:15.168   393   395 D dalvikvm: GC_CONCURRENT freed 396K, 16% free 9962K/11783K, paused 2ms+3ms
07-03 17:44:17.402    82   131 D AudioHardware: AudioHardware pcm playback is going to standby.
07-03 17:44:17.402    82   131 D AudioHardware: closePcmOut_l() mPcmOpenCnt: 1
07-03 17:44:20.441   393   393 D dalvikvm: GC_FOR_ALLOC freed 396K, 16% free 9932K/11783K, paused 33ms
07-03 17:44:20.597   393   395 D dalvikvm: GC_CONCURRENT freed 368K, 15% free 10018K/11783K, paused 8ms+12ms
07-03 17:44:21.535  2433  2433 D OpenGLRenderer: Flushing caches (mode 0)
07-03 17:44:23.711   158   169 D dalvikvm: GC_EXPLICIT freed 242K, 20% free 13341K/16647K, paused 19ms+5ms
07-03 17:44:23.719   158   477 I ActivityManager: START {cmp=com.android.email/.activity.setup.AccountSetupAccountType} from pid 2433
07-03 17:44:23.726    82   131 D AudioHardware: AudioHardware pcm playback is exiting standby.
07-03 17:44:23.726    82   131 D AudioHardware: openPcmOut_l() mPcmOpenCnt: 0
07-03 17:44:23.773  2450  2464 D ExchangeService: !!! EAS ExchangeService, onCreate
07-03 17:44:23.773  2450  2450 D ExchangeService: !!! EAS ExchangeService, onStartCommand, startingUp = false, running = false
07-03 17:44:23.844  2450  2747 D ExchangeService: Reconciling accounts...
07-03 17:44:23.890   158   207 I ActivityManager: Displayed com.android.email/.activity.setup.AccountSetupAccountType: +153ms
07-03 17:44:23.894  2433  2433 D OpenGLRenderer: Flushing caches (mode 0)
07-03 17:44:24.023   475   475 D SAN_SERVICE: *******************************************
07-03 17:44:24.023   475   475 D SAN_SERVICE: DM App Phone Service State - 0
07-03 17:44:24.023   475   475 D SAN_SERVICE: *******************************************
07-03 17:44:24.465   158   575 D AlarmManagerService: Kernel timezone updated to 240 minutes west of GMT
07-03 17:44:25.535   158   169 I ActivityManager: START {cmp=com.android.email/.activity.setup.AccountSetupIncoming} from pid 2433
07-03 17:44:25.676  2433  2435 D dalvikvm: GC_CONCURRENT freed 205K, 4% free 9691K/9991K, paused 3ms+4ms
07-03 17:44:25.844   158   207 I ActivityManager: Displayed com.android.email/.activity.setup.AccountSetupIncoming: +267ms
07-03 17:44:25.890  2433  2433 D OpenGLRenderer: Flushing caches (mode 0)
07-03 17:44:25.988   457   460 D dalvikvm: GC_CONCURRENT freed 400K, 10% free 10564K/11719K, paused 2ms+24ms
07-03 17:44:26.094   393   393 D dalvikvm: GC_EXPLICIT freed 139K, 16% free 9927K/11783K, paused 14ms+10ms
07-03 17:44:26.242   393   393 D dalvikvm: GC_FOR_ALLOC freed 366K, 16% free 9931K/11783K, paused 36ms
07-03 17:44:26.394   393   395 D dalvikvm: GC_CONCURRENT freed 388K, 16% free 9958K/11783K, paused 5ms+4ms
07-03 17:44:26.457   158   578 D AlarmManagerService: Kernel timezone updated to 240 minutes west of GMT
07-03 17:44:26.515   475   479 D dalvikvm: GC_CONCURRENT freed 459K, 6% free 9533K/10119K, paused 9ms+3ms
07-03 17:44:28.500   158   170 D AlarmManagerService: Kernel timezone updated to 240 minutes west of GMT
07-03 17:44:28.633    82   131 D AudioHardware: AudioHardware pcm playback is going to standby.
07-03 17:44:28.633    82   131 D AudioHardware: closePcmOut_l() mPcmOpenCnt: 1
07-03 17:44:29.500   158   158 D AlarmManagerService: Kernel timezone updated to 240 minutes west of GMT
07-03 17:44:30.394   393   393 D dalvikvm: GC_FOR_ALLOC freed 412K, 16% free 9914K/11783K, paused 29ms
07-03 17:44:30.594   393   395 D dalvikvm: GC_CONCURRENT freed 372K, 16% free 9977K/11783K, paused 2ms+9ms
07-03 17:44:30.656  2433  2433 D OpenGLRenderer: Flushing caches (mode 0)
07-03 17:44:32.140   158   575 W InputManagerService: Starting input on non-focused client com.android.internal.view.IInputMethodClient$Stub$Proxy@41569bd0 (uid=10013 pid=2433)
07-03 17:44:32.144  2433  2433 W IInputConnectionWrapper: showStatusIcon on inactive InputConnection
07-03 17:44:32.234  1548  1550 D dalvikvm: GC_CONCURRENT freed 1995K, 40% free 11940K/19783K, paused 2ms+11ms
07-03 17:44:32.316  1548  1550 D dalvikvm: GC_CONCURRENT freed 64K, 36% free 12779K/19783K, paused 3ms+8ms
07-03 17:44:32.426  1548  1562 D dalvikvm: GC_FOR_ALLOC freed 74K, 35% free 12879K/19783K, paused 40ms
07-03 17:44:32.433   158   174 I Process : Sending signal. PID: 1548 SIG: 3
07-03 17:44:32.433  1548  1552 I dalvikvm: threadid=3: reacting to signal 3
07-03 17:44:32.453  1548  1552 I dalvikvm: Wrote stack traces to '/data/anr/traces.txt'
07-03 17:44:32.492  1548  1676 D dalvikvm: GC_FOR_ALLOC freed 4K, 29% free 14131K/19783K, paused 21ms
07-03 17:44:32.594  1548  1550 D dalvikvm: GC_CONCURRENT freed 2K, 28% free 14419K/19783K, paused 3ms+7ms
07-03 17:44:32.676  2433  2433 D OpenGLRenderer: Flushing caches (mode 0)
07-03 17:44:32.773   158   158 I ActivityManager: Process com.android.calendar (pid 2520) has died.
07-03 17:44:32.890  1548  1550 D dalvikvm: GC_CONCURRENT freed 3509K, 36% free 12823K/19783K, paused 3ms+4ms
07-03 17:44:32.980  1548  1619 D dalvikvm: GC_FOR_ALLOC freed 980K, 36% free 12789K/19783K, paused 27ms
07-03 17:44:33.246  2433  2433 D OpenGLRenderer: Flushing caches (mode 1)
07-03 17:44:35.519   158   562 D AlarmManagerService: Kernel timezone updated to 240 minutes west of GMT
07-03 17:44:39.496   158   575 D AlarmManagerService: Kernel timezone updated to 240 minutes west of GMT
