07-12 18:08:03.296   158  5989 I ActivityManager: Start proc com.google.android.apps.uploader for broadcast com.google.android.apps.uploader/.ConnectivityBroadcastReceiver: pid=29749 uid=10029 gids={3003}
07-12 18:08:03.304 29749 29749 I dalvikvm: Turning on JNI app bug workarounds for target SDK version 11...
07-12 18:08:03.332 29733 29747 D PicasaSyncManager: battery info: false
07-12 18:08:03.355 29749 29749 I ActivityThread: Pub com.google.android.apps.uploader: com.google.android.apps.uploader.UploadsContentProvider
07-12 18:08:03.355 29749 29749 I ActivityThread: Pub com.google.photos.provider.Album: com.google.android.apps.uploader.clients.picasa.AlbumProvider
07-12 18:08:03.363 29749 29749 D MediaUploader: UploaderApplication.onCreate
07-12 18:08:03.406 29749 29749 D MediaUploader: nonWifiLimit=20971520, default=20971520
07-12 18:08:03.410 29749 29749 I MediaUploader: No need to wake up
07-12 18:08:03.418 28558 28558 I PhoneLab-WiFiReceiver: Wi-Fi is disconnected!
07-12 18:08:03.531   158  5941 I ActivityManager: Start proc com.google.android.youtube for broadcast com.google.android.youtube/.app.prefetch.PrefetchService$DeviceStateReceiver: pid=29765 uid=10058 gids={3003, 1015, 1006}
07-12 18:08:03.683 29765 29767 D dalvikvm: GC_CONCURRENT freed 172K, 3% free 9356K/9607K, paused 2ms+2ms
07-12 18:08:03.754 29765 29765 I ActivityThread: Pub com.google.android.youtube.SuggestionProvider: com.google.android.youtube.core.suggest.SuggestionProvider
07-12 18:08:04.242 29765 29767 D dalvikvm: GC_CONCURRENT freed 363K, 5% free 9515K/9991K, paused 9ms+3ms
07-12 18:08:04.246 29765 29774 W CursorWrapperInner: Cursor finalized without prior close()
07-12 18:08:04.246 29765 29774 W CursorWrapperInner: Cursor finalized without prior close()
07-12 18:08:04.328   158   508 I ActivityManager: Process com.google.android.apps.maps:NetworkLocationService (pid 28447) has died.
07-12 18:08:04.347   158   508 W ActivityManager: Scheduling restart of crashed service com.google.android.apps.maps/com.google.android.location.internal.server.NetworkLocationService in 5000ms
07-12 18:08:04.394 29765 29767 D dalvikvm: GC_CONCURRENT freed 347K, 5% free 9700K/10119K, paused 2ms+3ms
07-12 18:08:04.515 29765 29767 D dalvikvm: GC_CONCURRENT freed 313K, 4% free 9927K/10311K, paused 2ms+3ms
07-12 18:08:04.718   158 13021 D dalvikvm: GC_EXPLICIT freed 1346K, 23% free 20236K/25991K, paused 8ms+8ms
07-12 18:08:09.390   158   175 I ActivityManager: Start proc com.google.android.apps.maps:NetworkLocationService for service com.google.android.apps.maps/com.google.android.location.internal.server.NetworkLocationService: pid=29806 uid=10054 gids={3003, 1015}
07-12 18:08:09.425    80    80 D dalvikvm: GC_EXPLICIT freed 38K, 4% free 9031K/9347K, paused 2ms+12ms
07-12 18:08:09.453    80    80 D dalvikvm: GC_EXPLICIT freed <1K, 4% free 9031K/9347K, paused 2ms+2ms
07-12 18:08:09.492    80    80 D dalvikvm: GC_EXPLICIT freed <1K, 4% free 9031K/9347K, paused 1ms+2ms
07-12 18:08:09.558 29806 29808 D dalvikvm: GC_CONCURRENT freed 178K, 3% free 9358K/9607K, paused 2ms+2ms
07-12 18:08:09.617 25109 25109 I wpa_supplicant: wlan0: Authentication with d0:c2:82:66:6b:f1 timed out.
07-12 18:08:09.832   158   170 I ActivityManager: Process com.android.sprintmenu (pid 28520) has died.
07-12 18:08:09.832   158   170 W ActivityManager: Scheduling restart of crashed service com.android.sprintmenu/.HiddenPhoneService in 5000ms
07-12 18:08:10.082 29806 29808 D dalvikvm: GC_CONCURRENT freed 162K, 3% free 9677K/9927K, paused 2ms+3ms
07-12 18:08:10.164   158   509 I ActivityManager: Process com.google.android.apps.maps:LocationFriendService (pid 28481) has died.
07-12 18:08:10.164   158   509 W ActivityManager: Scheduling restart of crashed service com.google.android.apps.maps/com.google.googlenav.appwidget.friends.FriendsAppWidgetUpdateService in 14669ms
07-12 18:08:10.418 29806 29808 D dalvikvm: GC_CONCURRENT freed 171K, 3% free 10068K/10311K, paused 2ms+3ms
07-12 18:08:10.586 29806 29808 D dalvikvm: GC_CONCURRENT freed 668K, 8% free 9887K/10631K, paused 2ms+2ms
07-12 18:08:10.703   158   175 I ActivityManager: Start proc com.google.android.apps.maps:FriendService for broadcast com.google.android.apps.maps/com.google.googlenav.friend.android.ServiceReceiver: pid=29828 uid=10054 gids={3003, 1015}
07-12 18:08:10.828 29828 29831 D dalvikvm: GC_CONCURRENT freed 153K, 3% free 9382K/9607K, paused 2ms+2ms
07-12 18:08:10.984 29828 29831 D dalvikvm: GC_CONCURRENT freed 182K, 4% free 9688K/9991K, paused 2ms+2ms
07-12 18:08:11.035   158   477 I ActivityManager: Start proc com.google.android.apps.maps:LocationFriendService for broadcast com.google.android.apps.maps/com.google.googlenav.friend.reporting.LocationReportingIntentReceiver: pid=29841 uid=10054 gids={3003, 1015}
07-12 18:08:11.129   158  7192 I ActivityManager: Process com.viber.voip:keepAliveReceiver (pid 29317) has died.
07-12 18:08:11.183 29841 29843 D dalvikvm: GC_CONCURRENT freed 156K, 3% free 9380K/9607K, paused 2ms+2ms
07-12 18:08:11.183 25109 25109 I wpa_supplicant: wlan0: Trying to associate with d0:c2:82:66:6b:f1 (SSID='UB_Secure' freq=2462 MHz)
07-12 18:08:11.386 29841 29843 D dalvikvm: GC_CONCURRENT freed 191K, 4% free 9679K/9991K, paused 11ms+2ms
07-12 18:08:11.441   158   477 I ActivityManager: Process com.whatsapp:contacts (pid 29434) has died.
07-12 18:08:11.484 29806 29813 I dalvikvm: Total arena pages for JIT: 11
07-12 18:08:11.515 29806 29813 I dalvikvm: Total arena pages for JIT: 12
07-12 18:08:11.515 29806 29813 I dalvikvm: Total arena pages for JIT: 13
07-12 18:08:11.519 29806 29813 I dalvikvm: Total arena pages for JIT: 14
07-12 18:08:11.519 29806 29813 I dalvikvm: Total arena pages for JIT: 15
07-12 18:08:11.523 29806 29813 I dalvikvm: Total arena pages for JIT: 16
07-12 18:08:11.523 29806 29813 I dalvikvm: Total arena pages for JIT: 17
07-12 18:08:11.621  3050  3052 D dalvikvm: GC_CONCURRENT freed 416K, 7% free 9617K/10247K, paused 5ms+2ms
07-12 18:08:11.675  3050  3061 V GoogleLoginService: Returning error intent with: ComponentInfo{com.google.android.gsf.login/com.google.android.gsf.login.LoginActivity}
07-12 18:08:11.691 29806 29813 I dalvikvm: Total arena pages for JIT: 18
07-12 18:08:11.703 29806 29808 D dalvikvm: GC_CONCURRENT freed 246K, 6% free 10068K/10631K, paused 1ms+6ms
07-12 18:08:11.746  3050  3062 V GoogleLoginService: Returning error intent with: ComponentInfo{com.google.android.gsf.login/com.google.android.gsf.login.LoginActivity}
07-12 18:08:14.945   158   175 I ActivityManager: Start proc com.android.sprintmenu for service com.android.sprintmenu/.HiddenPhoneService: pid=29861 uid=1001 gids={3002, 3001, 3003, 1015}
07-12 18:08:14.972   158  5941 I ActivityManager: Process com.pandora.android (pid 29468) has died.
07-12 18:08:14.972   158  5941 W ActivityManager: Scheduling restart of crashed service com.pandora.android/.PandoraService in 19858ms
07-12 18:08:15.078  1548  1550 D dalvikvm: GC_CONCURRENT freed 934K, 39% free 12251K/19783K, paused 1ms+4ms
07-12 18:08:17.046 29806 29808 D dalvikvm: GC_CONCURRENT freed 340K, 5% free 10176K/10695K, paused 3ms+2ms
07-12 18:08:17.050 29806 29826 W System.err: java.net.UnknownHostException: Unable to resolve host "www.google.com": No address associated with hostname
07-12 18:08:17.074 29806 29826 W System.err: 	at java.net.InetAddress.lookupHostByName(InetAddress.java:426)
07-12 18:08:17.074 29806 29826 W System.err: 	at java.net.InetAddress.getAllByNameImpl(InetAddress.java:242)
07-12 18:08:17.074 29806 29826 W System.err: 	at java.net.InetAddress.getAllByName(InetAddress.java:220)
07-12 18:08:17.074 29806 29826 W System.err: 	at org.apache.http.impl.conn.DefaultClientConnectionOperator.openConnection(DefaultClientConnectionOperator.java:137)
07-12 18:08:17.074 29806 29826 W System.err: 	at org.apache.http.impl.conn.AbstractPoolEntry.open(AbstractPoolEntry.java:164)
07-12 18:08:17.074 29806 29826 W System.err: 	at org.apache.http.impl.conn.AbstractPooledConnAdapter.open(AbstractPooledConnAdapter.java:119)
07-12 18:08:17.074 29806 29826 W System.err: 	at org.apache.http.impl.client.DefaultRequestDirector.execute(DefaultRequestDirector.java:360)
07-12 18:08:17.074 29806 29826 W System.err: 	at org.apache.http.impl.client.AbstractHttpClient.execute(AbstractHttpClient.java:555)
07-12 18:08:17.074 29806 29826 W System.err: 	at org.apache.http.impl.client.AbstractHttpClient.execute(AbstractHttpClient.java:487)
07-12 18:08:17.074 29806 29826 W System.err: 	at android.net.http.AndroidHttpClient.execute(AndroidHttpClient.java:257)
07-12 18:08:17.074 29806 29826 W System.err: 	at e.a.a(SourceFile:202)
07-12 18:08:17.078 29806 29826 W System.err: 	at e.a.execute(SourceFile:244)
07-12 18:08:17.078 29806 29826 W System.err: 	at e.a.execute(SourceFile:312)
07-12 18:08:17.078 29806 29826 W System.err: 	at am.c.a(SourceFile:126)
07-12 18:08:17.078 29806 29826 W System.err: 	at am.c.f(SourceFile:172)
07-12 18:08:17.078 29806 29826 W System.err: 	at p.d.run(SourceFile:419)
07-12 18:08:17.078 29806 29826 W System.err: 	at p.c.c(SourceFile:225)
07-12 18:08:17.078 29806 29826 W System.err: 	at p.c.run(SourceFile:199)
07-12 18:08:17.078 29806 29826 W System.err: 	at ao.c.run(SourceFile:96)
07-12 18:08:17.078 29806 29826 W System.err: Caused by: libcore.io.GaiException: getaddrinfo failed: EAI_NODATA (No address associated with hostname)
07-12 18:08:17.082 29806 29826 W System.err: 	at libcore.io.Posix.getaddrinfo(Native Method)
07-12 18:08:17.082 29806 29826 W System.err: 	at libcore.io.ForwardingOs.getaddrinfo(ForwardingOs.java:55)
07-12 18:08:17.082 29806 29826 W System.err: 	at java.net.InetAddress.lookupHostByName(InetAddress.java:411)
07-12 18:08:17.082 29806 29826 W System.err: 	... 18 more
07-12 18:08:21.199 25109 25109 I wpa_supplicant: wlan0: Authentication with d0:c2:82:66:6b:f1 timed out.
07-12 18:08:22.031 28558 28571 I PhoneLab-: Service Running
07-12 18:08:22.117 28558 28571 I PhoneLab-LoggerService: app_36    1325  1     1828   1376  c00f181c 400107b4 S logcat
07-12 18:08:22.121 28558 28571 I PhoneLab-LoggerService: Logcat pid from database 1325
07-12 18:08:22.121 28558 28571 I PhoneLab-LoggerService: Logcat process found 1325
07-12 18:08:22.121 28558 28571 I PhoneLab-LoggerService: Checking Threshold
07-12 18:08:22.679   158   174 V BackupManagerService: Running a backup pass
07-12 18:08:22.691   158   329 V BackupManagerService: Backup requested but nothing pending
07-12 18:08:22.773 25109 25109 I wpa_supplicant: wlan0: Trying to associate with d0:c2:82:2d:e5:b1 (SSID='UB_Secure' freq=2437 MHz)
07-12 18:08:23.324   393   395 D dalvikvm: GC_CONCURRENT freed 287K, 62% free 10980K/28231K, paused 6ms+4ms
07-12 18:08:23.535   393   395 D dalvikvm: GC_CONCURRENT freed 618K, 62% free 10958K/28231K, paused 2ms+5ms
07-12 18:08:32.910 25109 25109 I wpa_supplicant: wlan0: Authentication with d0:c2:82:2d:e5:b1 timed out.
07-12 18:08:34.484 25109 25109 I wpa_supplicant: wlan0: Trying to associate with d0:c2:82:2d:e6:d1 (SSID='UB_Secure' freq=2462 MHz)
07-12 18:08:34.609 25109 25109 I wpa_supplicant: wlan0: Associated with d0:c2:82:2d:e6:d1
07-12 18:08:34.625 25109 25109 I wpa_supplicant: wlan0: CTRL-EVENT-EAP-STARTED EAP authentication started
07-12 18:08:34.632 25109 25109 I wpa_supplicant: wlan0: CTRL-EVENT-EAP-PROPOSED-METHOD vendor=0 method=4 -> NAK
07-12 18:08:34.636 25109 25109 I wpa_supplicant: wlan0: CTRL-EVENT-EAP-PROPOSED-METHOD vendor=0 method=25
07-12 18:08:34.636 25109 25109 I wpa_supplicant: wlan0: CTRL-EVENT-EAP-METHOD EAP vendor 0 method 25 (PEAP) selected
07-12 18:08:34.695 25109 25109 I wpa_supplicant: wlan0: CTRL-EVENT-EAP-PEER-CERT depth=2 subject='/C=US/O=Entrust.net/OU=www.entrust.net/CPS incorp. by ref. (limits liab.)/OU=(c) 1999 Entrust.net Limited/CN=Entrust.net Secure Server Certification Authority'
07-12 18:08:34.695 25109 25109 I wpa_supplicant: wlan0: CTRL-EVENT-EAP-PEER-CERT depth=2 subject='/C=US/O=Entrust.net/OU=www.entrust.net/CPS incorp. by ref. (limits liab.)/OU=(c) 1999 Entrust.net Limited/CN=Entrust.net Secure Server Certification Authority'
07-12 18:08:34.699 25109 25109 I wpa_supplicant: wlan0: CTRL-EVENT-EAP-PEER-CERT depth=1 subject='/C=US/ST=UT/L=Salt Lake City/O=The USERTRUST Network/CN=USERTrust Legacy Secure Server CA'
07-12 18:08:34.699 25109 25109 I wpa_supplicant: wlan0: CTRL-EVENT-EAP-PEER-CERT depth=0 subject='/C=US/postalCode=14260/ST=New York/L=Buffalo/street=305 Computing Center/O=SUNY AT BUFFALO/OU=Office of the President/OU=Issued through UNIVERSITY AT BUFFALO E-PKI Manager/OU=PremiumSSL Legacy/CN=ubsecure.acsu.buffalo.edu'
07-12 18:08:34.863 25109 25109 I wpa_supplicant: EAP-MSCHAPV2: Authentication succeeded
07-12 18:08:34.871 25109 25109 I wpa_supplicant: EAP-TLV: TLV Result - Success - EAP-TLV/Phase2 Completed
07-12 18:08:34.879 25109 25109 I wpa_supplicant: wlan0: CTRL-EVENT-EAP-SUCCESS EAP authentication completed successfully
07-12 18:08:34.894 25109 25109 I wpa_supplicant: wlan0: WPA: Key negotiation completed with d0:c2:82:2d:e6:d1 [PTK=CCMP GTK=TKIP]
07-12 18:08:34.894 25109 25109 I wpa_supplicant: wlan0: CTRL-EVENT-CONNECTED - Connection to d0:c2:82:2d:e6:d1 completed (reauth) [id=0 id_str=]
07-12 18:08:34.894  7423  7451 D NetlinkEvent: Unexpected netlink message. type=0xf
07-12 18:08:34.925   158   175 I ActivityManager: Start proc com.pandora.android for service com.pandora.android/.PandoraService: pid=29881 uid=10060 gids={3003, 3002, 3001, 1015}
07-12 18:08:34.941 29881 29881 I dalvikvm: Turning on JNI app bug workarounds for target SDK version 10...
07-12 18:08:35.043   158   602 I ActivityManager: Process android.process.acore (pid 29701) has died.
07-12 18:08:35.211 29881 29881 I ActivityThread: Pub com.pandora.provider: com.pandora.android.provider.StationProvider
07-12 18:08:35.726   158   562 I ActivityManager: Process android.process.media (pid 29717) has died.
07-12 18:08:36.898   158   318 D ConnectivityService: ConnectivityChange for WIFI: CONNECTED/CONNECTED
07-12 18:08:36.961 28558 28558 I PhoneLab-WiFiReceiver: Wi-Fi is connected!
07-12 18:08:36.980 28558 28558 I PhoneLab-WiFiReceiver: SSID: UB_Secure BSSID: d0:c2:82:2d:e6:d1 RSSI: -200 LinkSpeed: -1
07-12 18:08:36.984 28558 28558 I PhoneLab-Locks: wake lock acquired
07-12 18:08:37.007 28558 28558 I PhoneLab-UploadLogs: Transfering log files now
07-12 18:08:37.015 28558 28558 I PhoneLab-UploadLogs: No log files to transfer
07-12 18:08:37.015 28558 28558 I PhoneLab-Locks: wake lock released
07-12 18:08:37.019 28558 28558 I PhoneLab-UploadLogs: OnStartCommand
07-12 18:08:37.039   158   312 W NetworkStats: dropping UID delta from unknown iface: iface=wlan0 uid=0 set=DEFAULT tag=0x0 rxBytes=0 rxPackets=0 txBytes=196 txPackets=3 operations=0
07-12 18:08:37.898   158   318 D ConnectivityService: NetTransition Wakelock for WifiStateMachine released by timeout
07-12 18:08:44.031   158   321 D Tethering: MasterInitialState.processMessage what=3
07-12 18:08:44.070   158   175 I ActivityManager: Start proc android.process.media for broadcast com.android.providers.downloads/.DownloadReceiver: pid=29927 uid=10012 gids={1015, 1023, 1024, 2001, 3003, 3007}
07-12 18:08:44.121 29927 29927 I ActivityThread: Pub media: com.android.providers.media.MediaProvider
07-12 18:08:44.136  7548  7548 I GTalkService/c: [AndroidEndpoint@1095110048] connect: acct=1000000, state=CONNECTING
07-12 18:08:44.136  7548  7548 I GTalkService/c: [GTalkConnection@1095359312] connect: acct=1, state=CONNECTING
07-12 18:08:44.757   158   602 I ActivityManager: Process com.google.android.gallery3d (pid 29733) has died.
07-12 18:08:44.859 29927 29927 I ActivityThread: Pub downloads: com.android.providers.downloads.DownloadProvider
07-12 18:08:44.879 29927 29929 D dalvikvm: GC_CONCURRENT freed 346K, 5% free 9136K/9607K, paused 2ms+2ms
07-12 18:08:44.906 29927 29927 I ActivityThread: Pub drm: com.android.providers.drm.DrmProvider
07-12 18:08:44.906 29927 29943 I DownloadManager: in removeSpuriousFiles
07-12 18:08:44.937 29927 29943 I DownloadManager: in removeSpuriousFiles, preserving file /data/data/com.android.providers.downloads/cache/metadata.json
07-12 18:08:44.937 29927 29943 I DownloadManager: in removeSpuriousFiles, preserving file /data/data/com.android.providers.downloads/cache/en_general.htm
07-12 18:08:44.937 29927 29943 I DownloadManager: in removeSpuriousFiles, preserving file /data/data/com.android.providers.downloads/cache/metadata-1.json
07-12 18:08:44.941 29927 29943 I DownloadManager: deleting spurious file /cache/backup
07-12 18:08:44.957   158  5989 I ActivityManager: Start proc com.google.android.gallery3d for broadcast com.google.android.gallery3d/com.google.android.picasasync.ConnectivityReceiver: pid=29944 uid=10016 gids={3003, 1015}
07-12 18:08:45.035   158   161 D dalvikvm: GC_CONCURRENT freed 1860K, 22% free 20389K/25991K, paused 13ms+8ms
07-12 18:08:45.093   158   602 I ActivityManager: Process ccc71.bmw (pid 28542) has died.
07-12 18:08:45.093   158   602 W ActivityManager: Scheduling restart of crashed service ccc71.bmw/ccc71.utils.billing.ccc71_billing_svc in 5000ms
07-12 18:08:45.093   158   602 W ActivityManager: Scheduling restart of crashed service ccc71.bmw/.lib.bmw_service in 15000ms
07-12 18:08:45.125 29944 29944 I ActivityThread: Pub com.google.android.gallery3d.GooglePhotoProvider: com.google.android.picasasync.PicasaContentProvider
07-12 18:08:45.211 29944 29946 D dalvikvm: GC_CONCURRENT freed 419K, 6% free 9117K/9607K, paused 1ms+2ms
07-12 18:08:45.246 29944 29944 I ActivityThread: Pub com.google.android.gallery3d.provider: com.android.gallery3d.provider.GalleryProvider
07-12 18:08:45.293 29944 29946 D dalvikvm: GC_CONCURRENT freed 383K, 6% free 9156K/9671K, paused 1ms+1ms
07-12 18:08:45.332 29944 29944 D UploadsManager: load newPhotoTracker: null
07-12 18:08:45.332 29944 29944 D UploadsManager: load all accounts: null
07-12 18:08:45.332 29944 29944 D UploadsManager: load all account-album pairs: null
07-12 18:08:45.332 29944 29944 V PicasaContentProvider: querySettings: defaults: {sync_on_wifi_only=1, auto_upload_account_type=null, sync_on_battery=1, sync_picasa_on_wifi_only=1, auto_upload_enabled=0, video_upload_wifi_only=1, sync_on_roaming=0, auto_upload_account_name=null}
07-12 18:08:45.339 29944 29944 D UploadsManager:    settings not changed
07-12 18:08:45.343 29944 29958 D PicasaSync: sync account database
07-12 18:08:45.375 29944 29958 D PicasaSync: accounts in DB=1
07-12 18:08:45.379 29944 29958 V PicasaContentProvider: querySettings: defaults: {sync_on_wifi_only=1, auto_upload_account_type=null, sync_on_battery=1, sync_picasa_on_wifi_only=1, auto_upload_enabled=0, video_upload_wifi_only=1, sync_on_roaming=0, auto_upload_account_name=null}
07-12 18:08:45.379 29944 29958 D PicasaSyncManager: active network: NetworkInfo: type: WIFI[], state: CONNECTED/CONNECTED, reason: (unspecified), extra: (none), roaming: false, failover: false, isAvailable: true
07-12 18:08:45.379 29944 29958 D PicasaSyncManager: background data: true
07-12 18:08:45.414 29944 29958 D PicasaSyncManager: battery info: false
07-12 18:08:45.457  7548  7548 D dalvikvm: GC_EXPLICIT freed 344K, 7% free 10767K/11463K, paused 3ms+4ms
07-12 18:08:45.500 29749 29749 I MediaUploader: No need to wake up
07-12 18:08:47.109   158   562 I ActivityManager: Start proc android.process.acore for content provider com.android.providers.contacts/.ContactsProvider2: pid=29961 uid=10000 gids={3003, 1015}
07-12 18:08:47.152 29961 29961 I ActivityThread: Pub com.android.voicemail: com.android.providers.contacts.VoicemailContentProvider
07-12 18:08:47.195 29961 29961 I ActivityThread: Pub user_dictionary: com.android.providers.userdictionary.UserDictionaryProvider
07-12 18:08:47.222 29961 29961 I ActivityThread: Pub com.android.social: com.android.providers.contacts.SocialProvider
07-12 18:08:47.222 29961 29961 I ActivityThread: Pub applications: com.android.providers.applications.ApplicationsProvider
07-12 18:08:47.320 29961 29961 I ActivityThread: Pub contacts;com.android.contacts: com.android.providers.contacts.ContactsProvider2
07-12 18:08:47.336 29961 29963 D dalvikvm: GC_CONCURRENT freed 351K, 5% free 9184K/9607K, paused 2ms+2ms
07-12 18:08:47.375 28977 28992 D dalvikvm: GC_EXPLICIT freed 123K, 4% free 9583K/9927K, paused 3ms+4ms
07-12 18:08:47.414 29961 29961 I ActivityThread: Pub call_log: com.android.providers.contacts.CallLogProvider
07-12 18:08:47.882 29961 29963 D dalvikvm: GC_CONCURRENT freed 234K, 4% free 9380K/9735K, paused 3ms+18ms
07-12 18:08:50.175   158   175 I ActivityManager: Start proc ccc71.bmw for service ccc71.bmw/ccc71.utils.billing.ccc71_billing_svc: pid=29983 uid=10066 gids={1015, 3003}
07-12 18:08:50.203 29983 29983 I dalvikvm: Turning on JNI app bug workarounds for target SDK version 11...
07-12 18:08:50.211   158   318 D ConnectivityService: handleInetConditionHoldEnd: net=1, condition=100, published condition=0
07-12 18:08:50.777   158   175 I ActivityManager: Start proc com.google.android.talk for broadcast com.google.android.talk/.ConnectionStateOnlineReceiver: pid=29996 uid=10044 gids={3003, 1015, 1006, 3002}
07-12 18:08:50.894 29996 29996 I ActivityThread: Pub com.google.android.talk.SuggestionProvider: com.google.android.talk.SuggestionsProvider
07-12 18:08:50.941   158   601 I ActivityManager: Process com.google.android.apps.maps:FriendService (pid 29828) has died.
07-12 18:08:51.254   158   170 I ActivityManager: Process com.pandora.android (pid 29881) has died.
07-12 18:08:51.254   158   170 W ActivityManager: Scheduling restart of crashed service com.pandora.android/.PandoraService in 79432ms
07-12 18:08:51.504 29996 29996 D vclib:CallStateClient: startListening
07-12 18:08:51.593 29996 29998 D dalvikvm: GC_CONCURRENT freed 135K, 3% free 9360K/9607K, paused 36ms+3ms
07-12 18:08:51.832   158   158 I ActivityManager: Process com.android.email (pid 29166) has died.
07-12 18:08:51.839 29961 29963 D dalvikvm: GC_CONCURRENT freed 350K, 5% free 9446K/9927K, paused 2ms+16ms
07-12 18:08:52.043   158   175 I ActivityManager: Start proc com.android.email for broadcast com.android.email/.service.AttachmentDownloadService$Watchdog: pid=30019 uid=10013 gids={3003, 1015}
07-12 18:08:52.250 30019 30019 I ActivityThread: Pub com.android.email.provider;com.android.email.notifier: com.android.email.provider.EmailProvider
07-12 18:08:52.304 30019 30019 I ActivityThread: Pub com.android.email.attachmentprovider: com.android.email.provider.AttachmentProvider
07-12 18:08:52.496   158   158 I ActivityManager: Start proc com.android.exchange for service com.android.exchange/.ExchangeService: pid=30035 uid=10014 gids={3003, 1015}
07-12 18:08:52.539    80    80 D dalvikvm: GC_EXPLICIT freed 37K, 4% free 9031K/9347K, paused 2ms+2ms
07-12 18:08:52.593    80    80 D dalvikvm: GC_EXPLICIT freed <1K, 4% free 9031K/9347K, paused 2ms+7ms
07-12 18:08:52.640    80    80 D dalvikvm: GC_EXPLICIT freed <1K, 4% free 9031K/9347K, paused 1ms+6ms
07-12 18:08:52.711   158   578 D dalvikvm: GC_EXPLICIT freed 1129K, 23% free 20213K/25991K, paused 9ms+9ms
07-12 18:08:52.730   158 13021 I ActivityManager: Process com.google.android.gallery3d (pid 29944) has died.
07-12 18:08:52.820 30035 30035 I ActivityThread: Pub com.android.exchange.directory.provider: com.android.exchange.provider.ExchangeDirectoryProvider
07-12 18:08:52.929 30035 30051 D ExchangeService: !!! EAS ExchangeService, onCreate
07-12 18:08:52.933 30035 30035 D ExchangeService: !!! EAS ExchangeService, onStartCommand, startingUp = false, running = false
07-12 18:08:52.972 30035 30048 D Eas Debug: Logging: 
07-12 18:08:53.019 30035 30035 D ExchangeService: !!! EAS ExchangeService, onStartCommand, startingUp = true, running = false
07-12 18:08:53.019 30035 30054 D ExchangeService: Received deviceId from Email app: androidc1834965561
07-12 18:08:53.019 30035 30054 D ExchangeService: Reconciling accounts...
07-12 18:08:53.035 30035 30049 D Eas Debug: Logging: 
07-12 18:08:53.175  7548  7551 D dalvikvm: GC_CONCURRENT freed 450K, 6% free 10784K/11463K, paused 13ms+3ms
07-12 18:08:53.199   158   169 I ActivityManager: Process com.google.android.youtube (pid 29765) has died.
07-12 18:08:53.312 30019 30021 D dalvikvm: GC_CONCURRENT freed 261K, 4% free 9208K/9543K, paused 3ms+2ms
07-12 18:08:53.824 30019 30069 I Email   : ReconcilePopImapAccountsSync: start
07-12 18:08:53.859 30019 30071 D AttachmentService: Count: 0
07-12 18:08:53.894 30019 30071 D AttachmentService: *** All done; shutting down service
07-12 18:08:53.914 30019 30069 I Email   : ReconcilePopImapAccountsSync: done
07-12 18:08:53.918 30019 30059 I Email   : ReconcilePopImapAccountsSync: start
07-12 18:08:53.992 30019 30059 I Email   : ReconcilePopImapAccountsSync: done
07-12 18:08:55.082 30019 30021 D dalvikvm: GC_CONCURRENT freed 225K, 4% free 9380K/9735K, paused 512ms+5ms
07-12 18:09:00.254 30019 30021 D dalvikvm: GC_CONCURRENT freed 342K, 5% free 9451K/9927K, paused 2ms+3ms
07-12 18:09:00.367   158   576 D dalvikvm: GC_EXPLICIT freed 629K, 23% free 20208K/25991K, paused 4ms+8ms
07-12 18:09:00.398 30019 30033 D Email   : *** synchronizeMailboxGeneric ***
07-12 18:09:00.546 29983 29983 I battery_widget_monitor: onStartCommand
07-12 18:09:00.578 29983 29983 W battery_widget_monitor: Cannot find capacity file or matching model in internal DB
07-12 18:09:00.757 29983 29983 V battery_widget_monitor: BMW on Build Model:Full Android on Crespo4G
07-12 18:09:00.761 29983 29983 W battery_widget_monitor: Consumption not available
07-12 18:09:00.765 29983 29983 I battery_widget_monitor: Got initial Intent android.intent.action.BATTERY_CHANGED
07-12 18:09:00.765 29983 29983 I battery_widget_monitor: Loaded 1342110394210_93_20.198822_23.959816_3.9795964_0
07-12 18:09:00.777 29983 29983 W battery_widget_monitor: Recovering widgets information
07-12 18:09:00.785 29983 29983 D battery_widget_monitor: Found 0 widgets 
07-12 18:09:00.804 29983 29983 I battery_widget_monitor: Loading 2 records starting @ 28487
07-12 18:09:00.804 29983 29983 I battery_widget_monitor: Skipping history byte:28367
07-12 18:09:00.816 29983 29983 I battery_widget_monitor: Last record date: Jul 12, 2012 6:07:38 PM
07-12 18:09:00.820 29983 29983 W battery_widget_monitor: Registered bmw_watcher (screen false, since 0 seconds)
07-12 18:09:00.820 29983 29983 W battery_widget_monitor: Registered bmw_scheduler
07-12 18:09:00.820 29983 29983 D battery_widget_monitor: Scheduling saves every 600 seconds.
07-12 18:09:00.820 29983 29983 D battery_widget_monitor:   logging is active and awakes phone
07-12 18:09:04.328 30019 30069 I Email   : ReconcilePopImapAccountsSync: start
07-12 18:09:04.367 30019 30069 I Email   : ReconcilePopImapAccountsSync: done
07-12 18:09:25.402 30019 30033 W SSLCertificateSocketFactory: Bypassing SSL security checks at caller's request
07-12 18:09:39.011 25109 25109 I wpa_supplicant: wlan0: CTRL-EVENT-DISCONNECTED bssid=d0:c2:82:2d:e6:d1 reason=0
07-12 18:09:39.019  7423  7454 D CommandListener: Clearing all IP addresses on wlan0
07-12 18:09:39.062   158   318 D ConnectivityService: ConnectivityChange for WIFI: DISCONNECTED/DISCONNECTED
07-12 18:09:39.109   158   318 D ConnectivityService: Attempting to switch to mobile
07-12 18:09:39.109   158   318 D ConnectivityService: Attempting to switch to WIMAX
07-12 18:09:39.113   158   318 D ConnectivityService: Attempting to switch to BLUETOOTH_TETHER
07-12 18:09:39.117   158   318 E ConnectivityService: Exception trying to remove a route: java.lang.IllegalStateException: Unable to communicate with native dameon to add routes - com.android.server.NativeDaemonConnectorException: Cmd {interface route remove wlan0 default 67.20.209.254 32 0.0.0.0} failed with code 400 : {Failed to remove route from default table (No such process)}
07-12 18:09:39.121   158   318 E ConnectivityService: Exception trying to remove a route: java.lang.IllegalStateException: Unable to communicate with native dameon to add routes - com.android.server.NativeDaemonConnectorException: Cmd {interface route remove wlan0 default 0.0.0.0 0 67.20.209.254} failed with code 400 : {Failed to remove route from default table (No such process)}
07-12 18:09:39.121   158   318 D NetUtils: android_net_utils_resetConnections in env=0x25aa18 clazz=0x62200001 iface=wlan0 mask=0x3
07-12 18:09:39.121   158   318 D ConnectivityService: resetConnections(wlan0, 3)
07-12 18:09:39.136 30019 30033 W Email   : Exception detected: Read error: ssl=0x3658a0: I/O error during system call, Connection timed out
07-12 18:09:39.140  7548 29980 W Smack/Packet: notify conn break (IOEx), close connection
07-12 18:09:39.140 30019 30033 W Email   : Last network activities:
07-12 18:09:39.140 30019 30033 W Email   : * OK IMAP4 ready
07-12 18:09:39.140 30019 30033 W Email   : 1 CAPABILITY
07-12 18:09:39.140 30019 30033 W Email   : * CAPABILITY IMAP4rev1 UIDPLUS UNSELECT IDLE NAMESPACE QUOTA CHILDREN SASL-IR AUTH=PLAIN
07-12 18:09:39.140 30019 30033 W Email   : 1 OK completed
07-12 18:09:39.140 30019 30033 W Email   : [IMAP command redacted]
07-12 18:09:39.140 30019 30033 W Email   : * CAPABILITY IMAP4rev1 UNSELECT IDLE NAMESPACE QUOTA ID XLIST CHILDREN X-GM-EXT-1 UIDPLUS COMPRESS=DEFLATE
07-12 18:09:39.140 30019 30033 W Email   : 2 OK manojmyl@buffalo.edu Manoj Mylapore Chandrasekaran authenticated (Success)
07-12 18:09:39.140 30019 30033 W Email   : 3 NAMESPACE
07-12 18:09:39.250 30019 30033 D Email   : *** synchronizeMailboxGeneric ***
07-12 18:09:39.289  7548 29980 I qtaguid : Failed write_ctrl(u 74) res=-1 errno=22
07-12 18:09:39.289  7548 29980 I qtaguid : Untagging socket 74 failed errno=-22
07-12 18:09:39.289  7548 29980 W NetworkManagementSocketTagger: untagSocket(74) failed with errno -22
07-12 18:09:39.297   158   318 D ConnectivityService: handleInetConditionChange: no active default network - ignore
07-12 18:09:39.609 25109 25109 I wpa_supplicant: wlan0: Trying to associate with d0:c2:82:2d:e6:d1 (SSID='UB_Secure' freq=2462 MHz)
07-12 18:09:42.156   158   321 D Tethering: MasterInitialState.processMessage what=3
07-12 18:09:42.242   158   481 I ActivityManager: Start proc com.google.android.gallery3d for broadcast com.google.android.gallery3d/com.google.android.picasasync.ConnectivityReceiver: pid=30080 uid=10016 gids={3003, 1015}
07-12 18:09:42.351 30080 30080 I ActivityThread: Pub com.google.android.gallery3d.GooglePhotoProvider: com.google.android.picasasync.PicasaContentProvider
07-12 18:09:42.496 30080 30082 D dalvikvm: GC_CONCURRENT freed 418K, 6% free 9118K/9607K, paused 4ms+2ms
07-12 18:09:42.531   158 13021 I ActivityManager: Process com.google.android.apps.uploader (pid 29749) has died.
07-12 18:09:42.535 30080 30080 I ActivityThread: Pub com.google.android.gallery3d.provider: com.android.gallery3d.provider.GalleryProvider
07-12 18:09:42.648 30080 30082 D dalvikvm: GC_CONCURRENT freed 396K, 5% free 9192K/9671K, paused 5ms+3ms
07-12 18:09:42.656 30080 30080 D UploadsManager: load newPhotoTracker: null
07-12 18:09:42.656 30080 30080 D UploadsManager: load all accounts: null
07-12 18:09:42.656 30080 30080 D UploadsManager: load all account-album pairs: null
07-12 18:09:42.660 30080 30080 V PicasaContentProvider: querySettings: defaults: {sync_on_wifi_only=1, auto_upload_account_type=null, sync_on_battery=1, sync_picasa_on_wifi_only=1, auto_upload_enabled=0, video_upload_wifi_only=1, sync_on_roaming=0, auto_upload_account_name=null}
07-12 18:09:42.672 30080 30080 D UploadsManager:    settings not changed
07-12 18:09:42.675 30080 30093 D PicasaSync: sync account database
07-12 18:09:42.711 30080 30093 D PicasaSync: accounts in DB=1
07-12 18:09:42.711 30080 30093 V PicasaContentProvider: querySettings: defaults: {sync_on_wifi_only=1, auto_upload_account_type=null, sync_on_battery=1, sync_picasa_on_wifi_only=1, auto_upload_enabled=0, video_upload_wifi_only=1, sync_on_roaming=0, auto_upload_account_name=null}
07-12 18:09:42.715 30080 30093 D PicasaSyncManager: active network: null
07-12 18:09:42.715 30080 30093 D PicasaSyncManager: background data: true
07-12 18:09:42.777   158 13021 I ActivityManager: Start proc com.google.android.apps.uploader for broadcast com.google.android.apps.uploader/.ConnectivityBroadcastReceiver: pid=30095 uid=10029 gids={3003}
07-12 18:09:42.781 30080 30093 D PicasaSyncManager: battery info: false
07-12 18:09:42.785 30095 30095 I dalvikvm: Turning on JNI app bug workarounds for target SDK version 11...
07-12 18:09:42.836 30095 30095 I ActivityThread: Pub com.google.android.apps.uploader: com.google.android.apps.uploader.UploadsContentProvider
07-12 18:09:42.836 30095 30095 I ActivityThread: Pub com.google.photos.provider.Album: com.google.android.apps.uploader.clients.picasa.AlbumProvider
07-12 18:09:42.843 30095 30095 D MediaUploader: UploaderApplication.onCreate
07-12 18:09:42.886 30095 30095 D MediaUploader: nonWifiLimit=20971520, default=20971520
07-12 18:09:42.906 30095 30095 I MediaUploader: No need to wake up
07-12 18:09:42.914 28558 28558 I PhoneLab-WiFiReceiver: Wi-Fi is disconnected!
07-12 18:09:42.980   158  5941 I ActivityManager: Start proc com.google.android.youtube for broadcast com.google.android.youtube/.app.prefetch.PrefetchService$DeviceStateReceiver: pid=30111 uid=10058 gids={3003, 1015, 1006}
07-12 18:09:43.004   158   169 I ActivityManager: Process com.google.android.talk (pid 29996) has died.
07-12 18:09:43.199 30111 30113 D dalvikvm: GC_CONCURRENT freed 150K, 3% free 9358K/9607K, paused 2ms+6ms
07-12 18:09:43.254 30111 30111 I ActivityThread: Pub com.google.android.youtube.SuggestionProvider: com.google.android.youtube.core.suggest.SuggestionProvider
07-12 18:09:43.285   158   578 I ActivityManager: Process com.android.exchange (pid 30035) has died.
07-12 18:09:43.582   158  5989 I ActivityManager: Process com.android.email (pid 30019) has died.
07-12 18:09:43.675 30111 30113 D dalvikvm: GC_CONCURRENT freed 359K, 5% free 9560K/9991K, paused 2ms+3ms
07-12 18:09:43.687 30111 30120 W CursorWrapperInner: Cursor finalized without prior close()
07-12 18:09:43.687 30111 30120 W CursorWrapperInner: Cursor finalized without prior close()
07-12 18:09:43.769 30111 30113 D dalvikvm: GC_CONCURRENT freed 370K, 5% free 9741K/10183K, paused 2ms+3ms
07-12 18:09:43.882 30111 30113 D dalvikvm: GC_CONCURRENT freed 324K, 5% free 9940K/10375K, paused 2ms+3ms
07-12 18:09:49.703 25109 25109 I wpa_supplicant: wlan0: Authentication with d0:c2:82:2d:e6:d1 timed out.
07-12 18:09:50.976 28977 28980 D dalvikvm: GC_CONCURRENT freed 411K, 6% free 9642K/10183K, paused 116ms+2ms
07-12 18:09:51.269 25109 25109 I wpa_supplicant: wlan0: Trying to associate with d0:c2:82:2d:e6:d1 (SSID='UB_Secure' freq=2462 MHz)
07-12 18:09:52.082   158   175 I ActivityManager: Start proc com.android.email for broadcast com.android.email/.service.AttachmentDownloadService$Watchdog: pid=30150 uid=10013 gids={3003, 1015}
07-12 18:09:52.117   158   169 I ActivityManager: Process android.process.acore (pid 29961) has died.
07-12 18:09:52.125 30150 30150 I ActivityThread: Pub com.android.email.provider;com.android.email.notifier: com.android.email.provider.EmailProvider
07-12 18:09:52.152 30150 30150 I ActivityThread: Pub com.android.email.attachmentprovider: com.android.email.provider.AttachmentProvider
07-12 18:09:52.191   158  5989 I ActivityManager: Start proc com.android.exchange for service com.android.exchange/.ExchangeService: pid=30166 uid=10014 gids={3003, 1015}
07-12 18:09:52.226 30166 30166 I ActivityThread: Pub com.android.exchange.directory.provider: com.android.exchange.provider.ExchangeDirectoryProvider
07-12 18:09:52.254 30166 30181 D ExchangeService: !!! EAS ExchangeService, onCreate
07-12 18:09:52.257 30166 30166 D ExchangeService: !!! EAS ExchangeService, onStartCommand, startingUp = false, running = false
07-12 18:09:52.261 30166 30180 D Eas Debug: Logging: 
07-12 18:09:52.289 30166 30184 D ExchangeService: Received deviceId from Email app: androidc1834965561
07-12 18:09:52.293 30166 30184 D ExchangeService: Reconciling accounts...
07-12 18:09:52.300 30166 30166 D ExchangeService: !!! EAS ExchangeService, onStartCommand, startingUp = true, running = false
07-12 18:09:52.304 30166 30179 D Eas Debug: Logging: 
07-12 18:09:52.355   158   601 I ActivityManager: Process com.google.android.gallery3d (pid 30080) has died.
07-12 18:09:52.531   158   576 D dalvikvm: GC_EXPLICIT freed 1751K, 23% free 20273K/25991K, paused 4ms+9ms
07-12 18:09:52.586 30150 30152 D dalvikvm: GC_CONCURRENT freed 247K, 4% free 9224K/9543K, paused 2ms+2ms
07-12 18:09:52.765 30150 30197 I Email   : ReconcilePopImapAccountsSync: start
07-12 18:09:53.031 30150 30199 D AttachmentService: Count: 0
07-12 18:09:53.117 30150 30189 I Email   : ReconcilePopImapAccountsSync: already running
07-12 18:09:53.132 30150 30197 I Email   : ReconcilePopImapAccountsSync: done
07-12 18:09:53.324 30150 30164 D Email   : *** synchronizeMailboxGeneric ***
07-12 18:09:53.343 30150 30189 I Email   : ReconcilePopImapAccountsSync: start
07-12 18:09:53.367 30150 30164 W SSLCertificateSocketFactory: Bypassing SSL security checks at caller's request
07-12 18:09:53.371 30150 30189 I Email   : ReconcilePopImapAccountsSync: done
07-12 18:09:53.429 30150 30152 D dalvikvm: GC_CONCURRENT freed 251K, 4% free 9415K/9799K, paused 1ms+3ms
07-12 18:09:53.433 30150 30164 D Email   : *** synchronizeMailboxGeneric ***
07-12 18:10:01.297 25109 25109 I wpa_supplicant: wlan0: Authentication with d0:c2:82:2d:e6:d1 timed out.
07-12 18:10:02.840 25109 25109 I wpa_supplicant: wlan0: Trying to associate with d0:c2:82:67:e7:61 (SSID='UB_Secure' freq=2437 MHz)
07-12 18:10:03.047 25109 25109 I wpa_supplicant: wlan0: Associated with d0:c2:82:67:e7:61
07-12 18:10:03.058  7423  7451 D NetlinkEvent: Unexpected netlink message. type=0x0
07-12 18:10:03.097 25109 25109 I wpa_supplicant: wlan0: CTRL-EVENT-EAP-STARTED EAP authentication started
07-12 18:10:03.101 25109 25109 I wpa_supplicant: wlan0: CTRL-EVENT-EAP-PROPOSED-METHOD vendor=0 method=4 -> NAK
07-12 18:10:03.105 25109 25109 I wpa_supplicant: wlan0: CTRL-EVENT-EAP-PROPOSED-METHOD vendor=0 method=25
07-12 18:10:03.105 25109 25109 I wpa_supplicant: wlan0: CTRL-EVENT-EAP-METHOD EAP vendor 0 method 25 (PEAP) selected
07-12 18:10:03.281 25109 25109 I wpa_supplicant: wlan0: CTRL-EVENT-EAP-PEER-CERT depth=2 subject='/C=US/O=Entrust.net/OU=www.entrust.net/CPS incorp. by ref. (limits liab.)/OU=(c) 1999 Entrust.net Limited/CN=Entrust.net Secure Server Certification Authority'
07-12 18:10:03.285 25109 25109 I wpa_supplicant: wlan0: CTRL-EVENT-EAP-PEER-CERT depth=2 subject='/C=US/O=Entrust.net/OU=www.entrust.net/CPS incorp. by ref. (limits liab.)/OU=(c) 1999 Entrust.net Limited/CN=Entrust.net Secure Server Certification Authority'
07-12 18:10:03.293 25109 25109 I wpa_supplicant: wlan0: CTRL-EVENT-EAP-PEER-CERT depth=1 subject='/C=US/ST=UT/L=Salt Lake City/O=The USERTRUST Network/CN=USERTrust Legacy Secure Server CA'
07-12 18:10:03.312 25109 25109 I wpa_supplicant: wlan0: CTRL-EVENT-EAP-PEER-CERT depth=0 subject='/C=US/postalCode=14260/ST=New York/L=Buffalo/street=305 Computing Center/O=SUNY AT BUFFALO/OU=Office of the President/OU=Issued through UNIVERSITY AT BUFFALO E-PKI Manager/OU=PremiumSSL Legacy/CN=ubsecure.acsu.buffalo.edu'
07-12 18:10:03.465   393   395 D dalvikvm: GC_CONCURRENT freed 583K, 62% free 10975K/28231K, paused 2ms+4ms
07-12 18:10:03.535 25109 25109 I wpa_supplicant: EAP-MSCHAPV2: Authentication succeeded
07-12 18:10:03.539 25109 25109 I wpa_supplicant: EAP-TLV: TLV Result - Success - EAP-TLV/Phase2 Completed
07-12 18:10:03.543 25109 25109 I wpa_supplicant: wlan0: CTRL-EVENT-EAP-SUCCESS EAP authentication completed successfully
07-12 18:10:03.558 25109 25109 I wpa_supplicant: wlan0: WPA: Key negotiation completed with d0:c2:82:67:e7:61 [PTK=CCMP GTK=TKIP]
07-12 18:10:03.558 25109 25109 I wpa_supplicant: wlan0: CTRL-EVENT-CONNECTED - Connection to d0:c2:82:67:e7:61 completed (reauth) [id=0 id_str=]
07-12 18:10:03.593   393   395 D dalvikvm: GC_CONCURRENT freed 620K, 62% free 10949K/28231K, paused 2ms+8ms
07-12 18:10:04.293   158   318 D ConnectivityService: ConnectivityChange for WIFI: CONNECTED/CONNECTED
07-12 18:10:04.312 28558 28558 I PhoneLab-WiFiReceiver: Wi-Fi is connected!
07-12 18:10:04.312 28558 28558 I PhoneLab-WiFiReceiver: SSID: UB_Secure BSSID: d0:c2:82:67:e7:61 RSSI: -200 LinkSpeed: -1
07-12 18:10:04.316 28558 28558 I PhoneLab-Locks: wake lock acquired
07-12 18:10:04.363   158   312 W NetworkStats: dropping UID delta from unknown iface: iface=wlan0 uid=0 set=DEFAULT tag=0x0 rxBytes=0 rxPackets=0 txBytes=140 txPackets=2 operations=0
07-12 18:10:04.453   158   170 D dalvikvm: GC_EXPLICIT freed 561K, 23% free 20223K/25991K, paused 8ms+12ms
07-12 18:10:04.480 28558 28558 I PhoneLab-UploadLogs: Transfering log files now
07-12 18:10:04.484 28558 28558 I PhoneLab-UploadLogs: No log files to transfer
07-12 18:10:04.484 28558 28558 I PhoneLab-Locks: wake lock released
07-12 18:10:04.484 28558 28558 I PhoneLab-UploadLogs: OnStartCommand
07-12 18:10:05.304   158   318 D ConnectivityService: NetTransition Wakelock for WifiStateMachine released by timeout
07-12 18:10:08.023   158   321 D Tethering: MasterInitialState.processMessage what=3
07-12 18:10:08.105   158  7192 I ActivityManager: Start proc com.google.android.gallery3d for broadcast com.google.android.gallery3d/com.google.android.picasasync.ConnectivityReceiver: pid=30233 uid=10016 gids={3003, 1015}
07-12 18:10:08.132   158   575 I ActivityManager: Process com.google.android.youtube (pid 30111) has died.
07-12 18:10:08.140  7548  7548 I GTalkService/c: [AndroidEndpoint@1095110048] connect: acct=1000000, state=CONNECTING
07-12 18:10:08.144  7548  7548 I GTalkService/c: [GTalkConnection@1095359312] connect: acct=1, state=CONNECTING
07-12 18:10:08.316 30233 30233 I ActivityThread: Pub com.google.android.gallery3d.GooglePhotoProvider: com.google.android.picasasync.PicasaContentProvider
07-12 18:10:08.332 25874 25876 D dalvikvm: GC_CONCURRENT freed 1857K, 29% free 12771K/17863K, paused 9ms+8ms
07-12 18:10:08.398 30233 30235 D dalvikvm: GC_CONCURRENT freed 418K, 6% free 9117K/9607K, paused 1ms+1ms
07-12 18:10:08.433 30233 30233 I ActivityThread: Pub com.google.android.gallery3d.provider: com.android.gallery3d.provider.GalleryProvider
07-12 18:10:08.484 30233 30235 D dalvikvm: GC_CONCURRENT freed 408K, 5% free 9196K/9671K, paused 1ms+2ms
07-12 18:10:08.500 30233 30233 D UploadsManager: load newPhotoTracker: null
07-12 18:10:08.500 30233 30233 D UploadsManager: load all accounts: null
07-12 18:10:08.500 30233 30233 D UploadsManager: load all account-album pairs: null
07-12 18:10:08.500 30233 30233 V PicasaContentProvider: querySettings: defaults: {sync_on_wifi_only=1, auto_upload_account_type=null, sync_on_battery=1, sync_picasa_on_wifi_only=1, auto_upload_enabled=0, video_upload_wifi_only=1, sync_on_roaming=0, auto_upload_account_name=null}
07-12 18:10:08.507 30233 30233 D UploadsManager:    settings not changed
07-12 18:10:08.531 30233 30246 D PicasaSync: sync account database
07-12 18:10:08.547 30095 30095 I MediaUploader: No need to wake up
07-12 18:10:08.582 30150 30199 D AttachmentService: *** All done; shutting down service
07-12 18:10:08.597   158  5989 I ActivityManager: Start proc com.google.android.youtube for broadcast com.google.android.youtube/.app.prefetch.PrefetchService$DeviceStateReceiver: pid=30248 uid=10058 gids={3003, 1015, 1006}
07-12 18:10:08.734 30248 30250 D dalvikvm: GC_CONCURRENT freed 164K, 3% free 9365K/9607K, paused 2ms+2ms
07-12 18:10:08.734 30248 30248 I ActivityThread: Pub com.google.android.youtube.SuggestionProvider: com.google.android.youtube.core.suggest.SuggestionProvider
07-12 18:10:08.910 30233 30246 D PicasaSync: accounts in DB=1
07-12 18:10:08.922 30233 30246 V PicasaContentProvider: querySettings: defaults: {sync_on_wifi_only=1, auto_upload_account_type=null, sync_on_battery=1, sync_picasa_on_wifi_only=1, auto_upload_enabled=0, video_upload_wifi_only=1, sync_on_roaming=0, auto_upload_account_name=null}
07-12 18:10:08.925 30233 30246 D PicasaSyncManager: active network: NetworkInfo: type: WIFI[], state: CONNECTED/CONNECTED, reason: (unspecified), extra: (none), roaming: false, failover: false, isAvailable: true
07-12 18:10:08.925 30233 30246 D PicasaSyncManager: background data: true
07-12 18:10:08.961 30248 30250 D dalvikvm: GC_CONCURRENT freed 362K, 5% free 9558K/9991K, paused 1ms+3ms
07-12 18:10:08.968 30248 30257 W CursorWrapperInner: Cursor finalized without prior close()
07-12 18:10:08.968 30248 30257 W CursorWrapperInner: Cursor finalized without prior close()
07-12 18:10:09.019   158  5941 I ActivityManager: Process com.android.email (pid 30150) has died.
07-12 18:10:09.066 30248 30250 D dalvikvm: GC_CONCURRENT freed 365K, 5% free 9746K/10183K, paused 2ms+3ms
07-12 18:10:09.183 30248 30250 D dalvikvm: GC_CONCURRENT freed 330K, 5% free 9957K/10375K, paused 9ms+2ms
07-12 18:10:09.195 30233 30246 D PicasaSyncManager: battery info: false
07-12 18:10:09.851  7548  7551 D dalvikvm: GC_CONCURRENT freed 458K, 6% free 10790K/11463K, paused 2ms+9ms
07-12 18:10:10.425   158   169 I ActivityManager: Start proc android.process.acore for content provider com.android.providers.contacts/.ContactsProvider2: pid=30289 uid=10000 gids={3003, 1015}
07-12 18:10:10.472 30289 30289 I ActivityThread: Pub com.android.voicemail: com.android.providers.contacts.VoicemailContentProvider
07-12 18:10:10.496 28977 28992 D dalvikvm: GC_EXPLICIT freed 162K, 6% free 9588K/10183K, paused 4ms+3ms
07-12 18:10:10.515 30289 30289 I ActivityThread: Pub user_dictionary: com.android.providers.userdictionary.UserDictionaryProvider
07-12 18:10:10.539   158  5941 I ActivityManager: Process com.google.android.gallery3d (pid 30233) has died.
07-12 18:10:10.550 30289 30289 I ActivityThread: Pub com.android.social: com.android.providers.contacts.SocialProvider
07-12 18:10:10.550 30289 30289 I ActivityThread: Pub applications: com.android.providers.applications.ApplicationsProvider
07-12 18:10:10.640 30289 30291 D dalvikvm: GC_CONCURRENT freed 337K, 5% free 9147K/9607K, paused 2ms+3ms
07-12 18:10:10.644 30289 30289 I ActivityThread: Pub contacts;com.android.contacts: com.android.providers.contacts.ContactsProvider2
07-12 18:10:10.726 30289 30289 I ActivityThread: Pub call_log: com.android.providers.contacts.CallLogProvider
07-12 18:10:10.941 30289 30291 D dalvikvm: GC_CONCURRENT freed 222K, 4% free 9343K/9671K, paused 2ms+2ms
07-12 18:10:11.875 30289 30291 D dalvikvm: GC_CONCURRENT freed 201K, 4% free 9528K/9863K, paused 3ms+6ms
07-12 18:10:12.152   158   318 D ConnectivityService: handleInetConditionHoldEnd: net=1, condition=100, published condition=0
07-12 18:10:12.890   158   175 I ActivityManager: Start proc com.google.android.talk for broadcast com.google.android.talk/.ConnectionStateOnlineReceiver: pid=30310 uid=10044 gids={3003, 1015, 1006, 3002}
07-12 18:10:12.988 30310 30310 I ActivityThread: Pub com.google.android.talk.SuggestionProvider: com.google.android.talk.SuggestionsProvider
07-12 18:10:13.215 30310 30310 D vclib:CallStateClient: startListening
07-12 18:10:13.246 30310 30313 D dalvikvm: GC_CONCURRENT freed 180K, 3% free 9355K/9607K, paused 5ms+2ms
07-12 18:10:13.664  7548 15539 D dalvikvm: GC_EXPLICIT freed 261K, 7% free 10754K/11463K, paused 89ms+38ms
07-12 18:10:22.105   158   175 I ActivityManager: Start proc com.android.email for broadcast com.android.email/.service.AttachmentDownloadService$Watchdog: pid=30336 uid=10013 gids={3003, 1015}
07-12 18:10:22.156 30336 30336 I ActivityThread: Pub com.android.email.provider;com.android.email.notifier: com.android.email.provider.EmailProvider
07-12 18:10:22.171 30336 30336 I ActivityThread: Pub com.android.email.attachmentprovider: com.android.email.provider.AttachmentProvider
07-12 18:10:22.222 30166 30352 D ExchangeService: !!! EAS ExchangeService, onCreate
07-12 18:10:22.222 30166 30166 D ExchangeService: !!! EAS ExchangeService, onStartCommand, startingUp = false, running = false
07-12 18:10:22.234 30166 30180 D Eas Debug: Logging: 
07-12 18:10:22.242 30166 30356 D ExchangeService: Reconciling accounts...
07-12 18:10:22.546 30336 30338 D dalvikvm: GC_CONCURRENT freed 257K, 4% free 9212K/9543K, paused 2ms+2ms
07-12 18:10:22.691   158   481 D dalvikvm: GC_EXPLICIT freed 1139K, 23% free 20237K/25991K, paused 3ms+8ms
07-12 18:10:22.753   158  5941 I ActivityManager: Process com.google.android.youtube (pid 30248) has died.
07-12 18:10:22.843 30336 30363 I Email   : ReconcilePopImapAccountsSync: start
07-12 18:10:22.996 30336 30365 D AttachmentService: Count: 0
07-12 18:10:23.089 30336 30365 D AttachmentService: *** All done; shutting down service
07-12 18:10:23.109 30336 30363 I Email   : ReconcilePopImapAccountsSync: done
07-12 18:10:23.125 30336 30367 I Email   : ReconcilePopImapAccountsSync: start
07-12 18:10:23.277 30336 30367 I Email   : ReconcilePopImapAccountsSync: done
07-12 18:10:23.543 30336 30338 D dalvikvm: GC_CONCURRENT freed 223K, 4% free 9378K/9735K, paused 11ms+11ms
07-12 18:10:27.796 30336 30338 D dalvikvm: GC_CONCURRENT freed 346K, 5% free 9447K/9927K, paused 5ms+2ms
07-12 18:10:27.847 30336 30350 D Email   : *** synchronizeMailboxGeneric ***
07-12 18:10:29.941 28558 28571 I PhoneLab-: Service Running
07-12 18:10:30.136 28558 28571 I PhoneLab-LoggerService: app_36    1325  1     1828   1376  c00f181c 400107b4 S logcat
07-12 18:10:30.136 28558 28571 I PhoneLab-LoggerService: Logcat pid from database 1325
07-12 18:10:30.136 28558 28571 I PhoneLab-LoggerService: Logcat process found 1325
07-12 18:10:30.136 28558 28571 I PhoneLab-LoggerService: Checking Threshold
07-12 18:10:30.734 30336 30364 I Email   : ReconcilePopImapAccountsSync: start
07-12 18:10:30.757 30336 30364 I Email   : ReconcilePopImapAccountsSync: done
07-12 18:10:30.976 30336 30350 W SSLCertificateSocketFactory: Bypassing SSL security checks at caller's request
07-12 18:10:31.343   158   175 I ActivityManager: Start proc com.pandora.android for service com.pandora.android/.PandoraService: pid=30371 uid=10060 gids={3003, 3002, 3001, 1015}
