07-15 19:16:53.515 25769 25792 D skia    : WARNING: One-shot allocator has already allocated (alloc count = 1)
07-15 19:16:53.550 25769 25792 D dalvikvm: GC_FOR_ALLOC freed 2197K, 27% free 26902K/36743K, paused 26ms
07-15 19:16:53.574 25769 25792 D skia    : WARNING: One-shot allocator has already allocated (alloc count = 1)
07-15 19:16:53.609 25769 25792 D skia    : WARNING: One-shot allocator has already allocated (alloc count = 1)
07-15 19:16:53.636 25769 25792 D dalvikvm: GC_FOR_ALLOC freed 1566K, 27% free 26869K/36743K, paused 24ms
07-15 19:16:53.648 25769 25792 D skia    : WARNING: One-shot allocator has already allocated (alloc count = 1)
07-15 19:16:53.660 25769 25792 D skia    : WARNING: One-shot allocator has already allocated (alloc count = 1)
07-15 19:16:53.687 25769 25792 D dalvikvm: GC_FOR_ALLOC freed 1552K, 27% free 26869K/36743K, paused 25ms
07-15 19:16:53.699 25769 25792 D skia    : WARNING: One-shot allocator has already allocated (alloc count = 1)
07-15 19:16:53.715 25769 25792 D skia    : WARNING: One-shot allocator has already allocated (alloc count = 1)
07-15 19:16:53.742 25769 25792 D dalvikvm: GC_FOR_ALLOC freed 1552K, 27% free 26869K/36743K, paused 25ms
07-15 19:16:53.754 25769 25792 D skia    : WARNING: One-shot allocator has already allocated (alloc count = 1)
07-15 19:16:53.777 25769 25792 D skia    : WARNING: One-shot allocator has already allocated (alloc count = 1)
07-15 19:16:53.785 25769 25792 D skia    : WARNING: One-shot allocator has already allocated (alloc count = 1)
07-15 19:16:53.812 25769 25792 D dalvikvm: GC_FOR_ALLOC freed 1799K, 27% free 26880K/36743K, paused 24ms
07-15 19:16:53.824 25769 25792 D skia    : WARNING: One-shot allocator has already allocated (alloc count = 1)
07-15 19:16:53.840 25769 25792 D skia    : WARNING: One-shot allocator has already allocated (alloc count = 1)
07-15 19:16:53.867 25769 25792 D dalvikvm: GC_FOR_ALLOC freed 1820K, 27% free 26869K/36743K, paused 24ms
07-15 19:16:53.890 25769 25792 D skia    : WARNING: One-shot allocator has already allocated (alloc count = 1)
07-15 19:16:53.902 25769 25792 D skia    : WARNING: One-shot allocator has already allocated (alloc count = 1)
07-15 19:16:53.910 25769 25792 D skia    : WARNING: One-shot allocator has already allocated (alloc count = 1)
07-15 19:16:53.937 25769 25792 D dalvikvm: GC_FOR_ALLOC freed 1821K, 27% free 26869K/36743K, paused 24ms
07-15 19:16:53.961 25769 25792 D skia    : WARNING: One-shot allocator has already allocated (alloc count = 1)
07-15 19:16:53.972 25769 25792 D skia    : WARNING: One-shot allocator has already allocated (alloc count = 1)
07-15 19:16:54.019 25769 25771 D dalvikvm: GC_CONCURRENT freed 1415K, 26% free 27391K/36743K, paused 1ms+4ms
07-15 19:16:54.035 25769 25792 D skia    : WARNING: One-shot allocator has already allocated (alloc count = 1)
07-15 19:16:54.054 25769 25792 D skia    : WARNING: One-shot allocator has already allocated (alloc count = 1)
07-15 19:16:54.074 25769 25792 D skia    : WARNING: One-shot allocator has already allocated (alloc count = 1)
07-15 19:16:54.101 25769 25792 D dalvikvm: GC_FOR_ALLOC freed 2182K, 27% free 26869K/36743K, paused 24ms
07-15 19:16:54.113 25769 25792 D skia    : WARNING: One-shot allocator has already allocated (alloc count = 1)
07-15 19:16:54.129 25769 25792 D skia    : WARNING: One-shot allocator has already allocated (alloc count = 1)
07-15 19:16:54.156 25769 25792 D dalvikvm: GC_FOR_ALLOC freed 1552K, 27% free 26869K/36743K, paused 24ms
07-15 19:16:54.168 25769 25792 D skia    : WARNING: One-shot allocator has already allocated (alloc count = 1)
07-15 19:16:54.183 25769 25792 D skia    : WARNING: One-shot allocator has already allocated (alloc count = 1)
07-15 19:16:54.211 25769 25792 D dalvikvm: GC_FOR_ALLOC freed 1552K, 27% free 26869K/36743K, paused 24ms
07-15 19:16:54.222 25769 25792 D skia    : WARNING: One-shot allocator has already allocated (alloc count = 1)
07-15 19:16:54.246 25769 25792 D skia    : WARNING: One-shot allocator has already allocated (alloc count = 1)
07-15 19:16:54.273 25769 25792 D dalvikvm: GC_FOR_ALLOC freed 1655K, 27% free 26869K/36743K, paused 24ms
07-15 19:16:54.289 25769 25792 D skia    : WARNING: One-shot allocator has already allocated (alloc count = 1)
07-15 19:16:54.304 25769 25792 D skia    : WARNING: One-shot allocator has already allocated (alloc count = 1)
07-15 19:16:54.351 25769 25771 D dalvikvm: GC_CONCURRENT freed 1552K, 26% free 27255K/36743K, paused 1ms+4ms
07-15 19:16:54.379 25769 25792 D skia    : WARNING: One-shot allocator has already allocated (alloc count = 1)
07-15 19:16:54.394 25769 25792 D skia    : WARNING: One-shot allocator has already allocated (alloc count = 1)
07-15 19:16:54.418 25769 25792 D skia    : WARNING: One-shot allocator has already allocated (alloc count = 1)
07-15 19:16:54.445 25769 25792 D dalvikvm: GC_FOR_ALLOC freed 2178K, 27% free 26869K/36743K, paused 24ms
07-15 19:16:54.465 25769 25792 D skia    : WARNING: One-shot allocator has already allocated (alloc count = 1)
07-15 19:16:54.480 25769 25792 D skia    : WARNING: One-shot allocator has already allocated (alloc count = 1)
07-15 19:16:54.523 25769 25771 D dalvikvm: GC_CONCURRENT freed 1407K, 26% free 27391K/36743K, paused 2ms+4ms
07-15 19:16:54.539 25769 25792 D skia    : WARNING: One-shot allocator has already allocated (alloc count = 1)
07-15 19:16:54.562 25769 25792 D skia    : WARNING: One-shot allocator has already allocated (alloc count = 1)
07-15 19:16:54.570 25769 25792 D skia    : WARNING: One-shot allocator has already allocated (alloc count = 1)
07-15 19:16:54.582 25769 25792 D skia    : WARNING: One-shot allocator has already allocated (alloc count = 1)
07-15 19:16:54.609 25769 25792 D dalvikvm: GC_FOR_ALLOC freed 1898K, 26% free 27391K/36743K, paused 25ms
07-15 19:16:54.621 25769 25792 D skia    : WARNING: One-shot allocator has already allocated (alloc count = 1)
07-15 19:16:54.636 25769 25792 D skia    : WARNING: One-shot allocator has already allocated (alloc count = 1)
07-15 19:16:54.664 25769 25792 D dalvikvm: GC_FOR_ALLOC freed 2335K, 27% free 26869K/36743K, paused 24ms
07-15 19:16:54.675 25769 25792 D skia    : WARNING: One-shot allocator has already allocated (alloc count = 1)
07-15 19:16:54.691 25769 25792 D skia    : WARNING: One-shot allocator has already allocated (alloc count = 1)
07-15 19:16:54.715 25769 25792 D skia    : WARNING: One-shot allocator has already allocated (alloc count = 1)
07-15 19:16:54.738 25769 25792 D dalvikvm: GC_FOR_ALLOC freed 1532K, 26% free 27252K/36743K, paused 25ms
07-15 19:16:54.754 25769 25792 D skia    : WARNING: One-shot allocator has already allocated (alloc count = 1)
07-15 19:16:54.769 25769 25792 D skia    : WARNING: One-shot allocator has already allocated (alloc count = 1)
07-15 19:16:54.820 25769 25771 D dalvikvm: GC_CONCURRENT freed 1672K, 25% free 27627K/36743K, paused 1ms+3ms
07-15 19:16:54.847 25769 25792 D skia    : WARNING: One-shot allocator has already allocated (alloc count = 1)
07-15 19:16:54.875 25769 25792 D skia    : WARNING: One-shot allocator has already allocated (alloc count = 1)
07-15 19:16:54.918 25769 25771 D dalvikvm: GC_CONCURRENT freed 2160K, 26% free 27395K/36743K, paused 1ms+4ms
07-15 19:16:54.937 25769 25792 D skia    : WARNING: One-shot allocator has already allocated (alloc count = 1)
07-15 19:16:54.961 25769 25792 D skia    : WARNING: One-shot allocator has already allocated (alloc count = 1)
07-15 19:16:54.976 25769 25792 D skia    : WARNING: One-shot allocator has already allocated (alloc count = 1)
07-15 19:16:55.004 25769 25792 D dalvikvm: GC_FOR_ALLOC freed 2197K, 27% free 26869K/36743K, paused 24ms
07-15 19:16:55.015 25769 25792 D skia    : WARNING: One-shot allocator has already allocated (alloc count = 1)
07-15 19:16:55.035 25769 25792 D skia    : WARNING: One-shot allocator has already allocated (alloc count = 1)
07-15 19:16:55.082 25769 25771 D dalvikvm: GC_CONCURRENT freed 1533K, 26% free 27375K/36743K, paused 2ms+4ms
07-15 19:16:55.097 25769 25792 D skia    : WARNING: One-shot allocator has already allocated (alloc count = 1)
07-15 19:16:55.113 25769 25792 D skia    : WARNING: One-shot allocator has already allocated (alloc count = 1)
07-15 19:16:55.132 25769 25792 D skia    : WARNING: One-shot allocator has already allocated (alloc count = 1)
07-15 19:16:55.156 25769 25792 D dalvikvm: GC_FOR_ALLOC freed 2318K, 27% free 26869K/36743K, paused 23ms
07-15 19:16:55.172 25769 25792 D skia    : WARNING: One-shot allocator has already allocated (alloc count = 1)
07-15 19:16:55.187 25769 25792 D skia    : WARNING: One-shot allocator has already allocated (alloc count = 1)
07-15 19:16:55.207 25769 25792 D skia    : WARNING: One-shot allocator has already allocated (alloc count = 1)
07-15 19:16:55.230 25769 25792 D dalvikvm: GC_FOR_ALLOC freed 1548K, 27% free 27124K/36743K, paused 24ms
07-15 19:16:55.257 25769 25792 D skia    : WARNING: One-shot allocator has already allocated (alloc count = 1)
07-15 19:16:56.840 24463 24476 I PhoneLab-: Service Running
07-15 19:16:56.976 24463 24476 I PhoneLab-LoggerService: app_36    1177  1     1448   1000  c00f181c 400107b4 S logcat
07-15 19:16:56.976 24463 24476 I PhoneLab-LoggerService: Logcat pid from database 1177
07-15 19:16:56.976 24463 24476 I PhoneLab-LoggerService: Logcat process found 1177
07-15 19:16:56.976 24463 24476 I PhoneLab-LoggerService: Checking Threshold
07-15 19:16:56.984 24463 24476 I PhoneLab-LoggerService: Starting to rename files
07-15 19:16:56.984 24463 24476 I PhoneLab-LoggerService: Files found .. 2
07-15 19:16:56.984 24463 24476 I PhoneLab-LoggerService: File 1 log.out.1
07-15 19:16:56.992 24463 24476 I PhoneLab-LoggerService: Renamed successfully
07-15 19:16:58.160   145   417 I ActivityManager: START {act=com.android.camera.action.CROP dat=content://media/external/images/media/23 cmp=com.google.android.gallery3d/com.android.gallery3d.app.CropImage} from pid 25769
07-15 19:16:58.382   145  3066 I ActivityManager: Start proc com.google.android.gallery3d:crop for activity com.google.android.gallery3d/com.android.gallery3d.app.CropImage: pid=25900 uid=10016 gids={3003, 1015}
07-15 19:16:58.410   145   156 W InputManagerService: Window already focused, ignoring focus gain of: com.android.internal.view.IInputMethodClient$Stub$Proxy@417a7550
07-15 19:16:58.590 25769 25769 D OpenGLRenderer: Flushing caches (mode 1)
07-15 19:16:58.632 25769 25769 D OpenGLRenderer: Flushing caches (mode 0)
07-15 19:16:59.058   145   161 I Process : Sending signal. PID: 25900 SIG: 3
07-15 19:16:59.058 25900 25903 I dalvikvm: threadid=3: reacting to signal 3
07-15 19:16:59.097 25900 25903 I dalvikvm: Wrote stack traces to '/data/anr/traces.txt'
07-15 19:16:59.109 25900 25901 D dalvikvm: GC_CONCURRENT freed 192K, 4% free 9305K/9607K, paused 5ms+3ms
07-15 19:16:59.140 25900 25900 D libEGL  : loaded /system/lib/egl/libGLES_android.so
07-15 19:16:59.152 25900 25900 D libEGL  : loaded /vendor/lib/egl/libEGL_POWERVR_SGX540_120.so
07-15 19:16:59.187 25900 25900 D libEGL  : loaded /vendor/lib/egl/libGLESv1_CM_POWERVR_SGX540_120.so
07-15 19:16:59.191 25900 25900 D libEGL  : loaded /vendor/lib/egl/libGLESv2_POWERVR_SGX540_120.so
07-15 19:16:59.242 25900 25900 D OpenGLRenderer: Enabling debug mode 0
07-15 19:16:59.281 25900 25914 I GalleryEGLConfigChooser: Config chosen: R5 G6 B5 A0 D24 S8 ID7 CAVEAT12344 
07-15 19:16:59.336 25900 25914 I GLRootView: onSurfaceChanged: 480x800, gl10: com.google.android.gles_jni.GLImpl@41313f00
07-15 19:16:59.340 25900 25914 I GLRootView: layout content pane 480x800
07-15 19:16:59.433   145   175 I ActivityManager: Displayed com.google.android.gallery3d/com.android.gallery3d.app.CropImage: +1s87ms
07-15 19:16:59.449 25769 25769 V StateManager: saveState
07-15 19:16:59.449 25769 25769 V StateManager: saveState class com.android.gallery3d.app.PhotoPage
07-15 19:16:59.465 25769 25769 D OpenGLRenderer: Flushing caches (mode 2)
07-15 19:16:59.468 25769 25769 D OpenGLRenderer: Flushing caches (mode 0)
07-15 19:16:59.578 25900 25900 D dalvikvm: GC_FOR_ALLOC freed 66K, 3% free 9324K/9607K, paused 22ms
07-15 19:16:59.582 25900 25900 I dalvikvm-heap: Grow heap (frag case) to 10.345MB for 1228816-byte allocation
07-15 19:16:59.632 25900 25901 D dalvikvm: GC_CONCURRENT freed 2K, 3% free 10521K/10823K, paused 1ms+13ms
07-15 19:17:00.070 25900 25918 D dalvikvm: GC_FOR_ALLOC freed 7K, 3% free 10782K/11079K, paused 84ms
07-15 19:17:00.156 25900 25915 D dalvikvm: GC_FOR_ALLOC freed <1K, 3% free 10898K/11207K, paused 65ms
07-15 19:17:00.187 25900 25915 I dalvikvm-heap: Grow heap (frag case) to 11.221MB for 534544-byte allocation
07-15 19:17:00.371 25900 25914 D dalvikvm: GC_FOR_ALLOC freed 3K, 4% free 11417K/11783K, paused 17ms
07-15 19:17:00.386 25900 25915 D skia    : WARNING: One-shot allocator has already allocated (alloc count = 1)
07-15 19:17:00.410 25900 25915 D dalvikvm: GC_FOR_ALLOC freed 762K, 10% free 10917K/12103K, paused 16ms
07-15 19:17:00.441 25900 25901 D dalvikvm: GC_CONCURRENT freed 373K, 9% free 11061K/12103K, paused 2ms+3ms
07-15 19:17:00.457 25900 25915 D skia    : WARNING: One-shot allocator has already allocated (alloc count = 1)
07-15 19:17:00.468 25900 25915 D skia    : WARNING: One-shot allocator has already allocated (alloc count = 1)
07-15 19:17:00.507 25900 25901 D dalvikvm: GC_CONCURRENT freed 913K, 11% free 10800K/12103K, paused 2ms+2ms
07-15 19:17:00.539 25900 25915 D skia    : WARNING: One-shot allocator has already allocated (alloc count = 1)
07-15 19:17:00.554 25900 25915 D dalvikvm: GC_FOR_ALLOC freed 256K, 10% free 10929K/12103K, paused 16ms
07-15 19:17:00.574 25900 25915 D dalvikvm: GC_FOR_ALLOC freed 641K, 13% free 10544K/12103K, paused 15ms
07-15 19:17:00.574 25900 25915 I dalvikvm-heap: Grow heap (frag case) to 10.878MB for 538640-byte allocation
07-15 19:17:00.601 25900 25901 D dalvikvm: GC_CONCURRENT freed <1K, 9% free 11070K/12103K, paused 2ms+2ms
07-15 19:17:00.621 25900 25915 D skia    : WARNING: One-shot allocator has already allocated (alloc count = 1)
07-15 19:17:00.656 25900 25901 D dalvikvm: GC_CONCURRENT freed 782K, 10% free 10932K/12103K, paused 2ms+3ms
07-15 19:17:00.683 25900 25915 D skia    : WARNING: One-shot allocator has already allocated (alloc count = 1)
07-15 19:17:00.703 25900 25915 D dalvikvm: GC_FOR_ALLOC freed 644K, 13% free 10544K/12103K, paused 16ms
07-15 19:17:00.707 25900 25915 I dalvikvm-heap: Grow heap (frag case) to 10.867MB for 526352-byte allocation
07-15 19:17:00.734 25900 25901 D dalvikvm: GC_CONCURRENT freed <1K, 9% free 11058K/12103K, paused 2ms+2ms
07-15 19:17:00.754 25900 25915 D skia    : WARNING: One-shot allocator has already allocated (alloc count = 1)
07-15 19:17:00.773 25900 25915 D dalvikvm: GC_FOR_ALLOC freed 770K, 13% free 10544K/12103K, paused 16ms
07-15 19:17:00.773 25900 25915 I dalvikvm-heap: Grow heap (frag case) to 10.875MB for 534544-byte allocation
07-15 19:17:00.800 25900 25901 D dalvikvm: GC_CONCURRENT freed <1K, 9% free 11066K/12103K, paused 2ms+2ms
07-15 19:17:00.816 25900 25915 D skia    : WARNING: One-shot allocator has already allocated (alloc count = 1)
07-15 19:17:00.851 25900 25901 D dalvikvm: GC_CONCURRENT freed 778K, 11% free 10844K/12103K, paused 2ms+2ms
07-15 19:17:00.875 25900 25915 D skia    : WARNING: One-shot allocator has already allocated (alloc count = 1)
07-15 19:17:00.894 25900 25915 D dalvikvm: GC_FOR_ALLOC freed 755K, 13% free 10544K/12103K, paused 16ms
07-15 19:17:00.894 25900 25915 I dalvikvm-heap: Grow heap (frag case) to 10.875MB for 534544-byte allocation
07-15 19:17:00.925 25900 25901 D dalvikvm: GC_CONCURRENT freed <1K, 9% free 11066K/12103K, paused 2ms+2ms
07-15 19:17:00.941 25900 25915 D skia    : WARNING: One-shot allocator has already allocated (alloc count = 1)
07-15 19:17:00.961 25900 25915 D dalvikvm: GC_FOR_ALLOC freed 778K, 13% free 10544K/12103K, paused 16ms
07-15 19:17:00.965 25900 25915 I dalvikvm-heap: Grow heap (frag case) to 10.871MB for 530448-byte allocation
07-15 19:17:00.992 25900 25901 D dalvikvm: GC_CONCURRENT freed <1K, 9% free 11062K/12103K, paused 2ms+2ms
07-15 19:17:01.007 25900 25915 D skia    : WARNING: One-shot allocator has already allocated (alloc count = 1)
07-15 19:17:01.031 25900 25915 D dalvikvm: GC_FOR_ALLOC freed 774K, 13% free 10544K/12103K, paused 16ms
07-15 19:17:01.031 25900 25915 I dalvikvm-heap: Grow heap (frag case) to 10.878MB for 538640-byte allocation
07-15 19:17:01.058 25900 25901 D dalvikvm: GC_CONCURRENT freed <1K, 9% free 11070K/12103K, paused 2ms+3ms
07-15 19:17:01.078 25900 25915 D skia    : WARNING: One-shot allocator has already allocated (alloc count = 1)
07-15 19:17:01.097 25900 25915 D dalvikvm: GC_FOR_ALLOC freed 782K, 13% free 10544K/12103K, paused 15ms
07-15 19:17:01.097 25900 25915 I dalvikvm-heap: Grow heap (frag case) to 10.867MB for 526352-byte allocation
07-15 19:17:01.129 25900 25901 D dalvikvm: GC_CONCURRENT freed <1K, 9% free 11058K/12103K, paused 1ms+2ms
07-15 19:17:01.144 25900 25915 D skia    : WARNING: One-shot allocator has already allocated (alloc count = 1)
07-15 19:17:01.164 25900 25915 D dalvikvm: GC_FOR_ALLOC freed 770K, 13% free 10544K/12103K, paused 16ms
07-15 19:17:01.164 25900 25915 I dalvikvm-heap: Grow heap (frag case) to 10.875MB for 534544-byte allocation
07-15 19:17:01.191 25900 25901 D dalvikvm: GC_CONCURRENT freed <1K, 9% free 11066K/12103K, paused 2ms+2ms
07-15 19:17:01.211 25900 25915 D skia    : WARNING: One-shot allocator has already allocated (alloc count = 1)
07-15 19:17:01.242 25900 25901 D dalvikvm: GC_CONCURRENT freed 778K, 10% free 10926K/12103K, paused 2ms+3ms
07-15 19:17:01.273 25900 25915 D skia    : WARNING: One-shot allocator has already allocated (alloc count = 1)
07-15 19:17:01.300 25900 25901 D dalvikvm: GC_CONCURRENT freed 382K, 9% free 11055K/12103K, paused 2ms+3ms
07-15 19:17:01.316 25900 25915 D skia    : WARNING: One-shot allocator has already allocated (alloc count = 1)
07-15 19:17:01.336 25900 25915 D dalvikvm: GC_FOR_ALLOC freed 906K, 13% free 10544K/12103K, paused 16ms
07-15 19:17:01.336 25900 25915 I dalvikvm-heap: Grow heap (frag case) to 10.875MB for 534544-byte allocation
07-15 19:17:01.367 25900 25901 D dalvikvm: GC_CONCURRENT freed <1K, 9% free 11066K/12103K, paused 2ms+2ms
07-15 19:17:01.382 25900 25915 D skia    : WARNING: One-shot allocator has already allocated (alloc count = 1)
07-15 19:17:01.406 25900 25915 D dalvikvm: GC_FOR_ALLOC freed 778K, 13% free 10544K/12103K, paused 15ms
07-15 19:17:01.406 25900 25915 I dalvikvm-heap: Grow heap (frag case) to 10.872MB for 530448-byte allocation
07-15 19:17:01.433 25900 25901 D dalvikvm: GC_CONCURRENT freed <1K, 9% free 11062K/12103K, paused 2ms+3ms
07-15 19:17:01.449 25900 25915 D skia    : WARNING: One-shot allocator has already allocated (alloc count = 1)
07-15 19:17:01.484 25900 25901 D dalvikvm: GC_CONCURRENT freed 774K, 10% free 10930K/12103K, paused 2ms+2ms
07-15 19:17:01.511 25900 25915 D skia    : WARNING: One-shot allocator has already allocated (alloc count = 1)
07-15 19:17:01.535 25900 25915 D dalvikvm: GC_FOR_ALLOC freed 641K, 13% free 10544K/12103K, paused 17ms
07-15 19:17:01.535 25900 25915 I dalvikvm-heap: Grow heap (frag case) to 10.879MB for 538640-byte allocation
07-15 19:17:01.566 25900 25901 D dalvikvm: GC_CONCURRENT freed <1K, 9% free 11070K/12103K, paused 2ms+3ms
07-15 19:17:01.582 25900 25915 D skia    : WARNING: One-shot allocator has already allocated (alloc count = 1)
07-15 19:17:01.590 25900 25915 D skia    : WARNING: One-shot allocator has already allocated (alloc count = 1)
07-15 19:17:01.625 25900 25901 D dalvikvm: GC_CONCURRENT freed 922K, 11% free 10800K/12103K, paused 2ms+3ms
07-15 19:17:01.652 25900 25915 D skia    : WARNING: One-shot allocator has already allocated (alloc count = 1)
07-15 19:17:01.668 25900 25915 D dalvikvm: GC_FOR_ALLOC freed 256K, 10% free 10933K/12103K, paused 15ms
07-15 19:17:01.691 25900 25915 D dalvikvm: GC_FOR_ALLOC freed 644K, 13% free 10544K/12103K, paused 16ms
07-15 19:17:01.691 25900 25915 I dalvikvm-heap: Grow heap (frag case) to 10.868MB for 526352-byte allocation
07-15 19:17:01.722 25900 25901 D dalvikvm: GC_CONCURRENT freed <1K, 9% free 11058K/12103K, paused 2ms+2ms
07-15 19:17:01.738 25900 25915 D skia    : WARNING: One-shot allocator has already allocated (alloc count = 1)
07-15 19:17:01.757 25900 25915 D dalvikvm: GC_FOR_ALLOC freed 770K, 13% free 10544K/12103K, paused 16ms
07-15 19:17:01.757 25900 25915 I dalvikvm-heap: Grow heap (frag case) to 10.875MB for 534544-byte allocation
07-15 19:17:01.789 25900 25901 D dalvikvm: GC_CONCURRENT freed <1K, 9% free 11066K/12103K, paused 3ms+2ms
07-15 19:17:01.804 25900 25915 D skia    : WARNING: One-shot allocator has already allocated (alloc count = 1)
07-15 19:17:01.824 25900 25915 D skia    : WARNING: One-shot allocator has already allocated (alloc count = 1)
07-15 19:17:01.855 25900 25901 D dalvikvm: GC_CONCURRENT freed 778K, 10% free 10943K/12103K, paused 2ms+3ms
07-15 19:17:01.898 25900 25901 D dalvikvm: GC_CONCURRENT freed 654K, 11% free 10839K/12103K, paused 2ms+3ms
07-15 19:17:01.918 25900 25915 D skia    : WARNING: One-shot allocator has already allocated (alloc count = 1)
07-15 19:17:01.941 25900 25915 D dalvikvm: GC_FOR_ALLOC freed 749K, 13% free 10545K/12103K, paused 16ms
07-15 19:17:01.941 25900 25915 I dalvikvm-heap: Grow heap (frag case) to 10.875MB for 534544-byte allocation
07-15 19:17:01.984 25900 25901 D dalvikvm: GC_CONCURRENT freed <1K, 9% free 11067K/12103K, paused 2ms+2ms
07-15 19:17:02.011 25900 25915 D skia    : WARNING: One-shot allocator has already allocated (alloc count = 1)
07-15 19:17:02.039 25900 25915 D dalvikvm: GC_FOR_ALLOC freed 522K, 11% free 10801K/12103K, paused 16ms
07-15 19:17:02.082 25900 25901 D dalvikvm: GC_CONCURRENT freed 0K, 7% free 11319K/12103K, paused 2ms+3ms
07-15 19:17:02.109 25900 25915 D skia    : WARNING: One-shot allocator has already allocated (alloc count = 1)
07-15 19:17:02.132 25900 25915 D dalvikvm: GC_FOR_ALLOC freed 518K, 9% free 11057K/12103K, paused 17ms
07-15 19:17:02.136 25900 25915 I dalvikvm-heap: Grow heap (frag case) to 11.380MB for 538640-byte allocation
07-15 19:17:02.152 25900 25915 D skia    : WARNING: One-shot allocator has already allocated (alloc count = 1)
07-15 19:17:02.172 25900 25915 D dalvikvm: GC_FOR_ALLOC freed 0K, 9% free 11583K/12679K, paused 16ms
07-15 19:17:02.195 25900 25915 D dalvikvm: GC_FOR_ALLOC freed 526K, 11% free 11313K/12679K, paused 17ms
07-15 19:17:02.215 25900 25915 D skia    : WARNING: One-shot allocator has already allocated (alloc count = 1)
07-15 19:17:02.234 25900 25915 D dalvikvm: GC_FOR_ALLOC freed 0K, 7% free 11827K/12679K, paused 17ms
07-15 19:17:02.261 25900 25915 D dalvikvm: GC_FOR_ALLOC freed 1282K, 15% free 10801K/12679K, paused 16ms
07-15 19:17:02.304 25900 25901 D dalvikvm: GC_CONCURRENT freed <1K, 11% free 11307K/12679K, paused 2ms+3ms
07-15 19:17:02.320 25900 25915 D skia    : WARNING: One-shot allocator has already allocated (alloc count = 1)
07-15 19:17:02.367 25900 25901 D dalvikvm: GC_CONCURRENT freed 761K, 12% free 11184K/12679K, paused 2ms+3ms
07-15 19:17:02.394 25900 25915 D skia    : WARNING: One-shot allocator has already allocated (alloc count = 1)
07-15 19:17:02.418 25900 25915 D dalvikvm: GC_FOR_ALLOC freed 893K, 15% free 10801K/12679K, paused 16ms
07-15 19:17:02.461 25900 25901 D dalvikvm: GC_CONCURRENT freed <1K, 11% free 11323K/12679K, paused 3ms+2ms
07-15 19:17:02.484 25900 25915 D skia    : WARNING: One-shot allocator has already allocated (alloc count = 1)
07-15 19:17:02.511 25900 25915 D dalvikvm: GC_FOR_ALLOC freed 778K, 15% free 10801K/12679K, paused 16ms
07-15 19:17:02.550 25900 25901 D dalvikvm: GC_CONCURRENT freed <1K, 11% free 11319K/12679K, paused 2ms+2ms
07-15 19:17:02.578 25900 25915 D skia    : WARNING: One-shot allocator has already allocated (alloc count = 1)
07-15 19:17:02.621 25900 25901 D dalvikvm: GC_CONCURRENT freed 774K, 12% free 11187K/12679K, paused 2ms+3ms
07-15 19:17:02.656 25900 25915 D skia    : WARNING: One-shot allocator has already allocated (alloc count = 1)
07-15 19:17:02.675 25900 25915 D dalvikvm: GC_FOR_ALLOC freed 641K, 15% free 10801K/12679K, paused 16ms
07-15 19:17:02.707 25900 25901 D dalvikvm: GC_CONCURRENT freed <1K, 11% free 11311K/12679K, paused 1ms+3ms
07-15 19:17:02.722 25900 25915 D skia    : WARNING: One-shot allocator has already allocated (alloc count = 1)
07-15 19:17:02.750 25900 25915 D skia    : WARNING: One-shot allocator has already allocated (alloc count = 1)
07-15 19:17:02.765 25900 25915 D dalvikvm: GC_FOR_ALLOC freed 765K, 13% free 11060K/12679K, paused 16ms
07-15 19:17:02.789 25900 25915 D dalvikvm: GC_FOR_ALLOC freed 770K, 15% free 10801K/12679K, paused 16ms
07-15 19:17:02.808 25900 25915 D skia    : WARNING: One-shot allocator has already allocated (alloc count = 1)
07-15 19:17:02.824 25900 25915 D dalvikvm: GC_FOR_ALLOC freed <1K, 12% free 11182K/12679K, paused 16ms
07-15 19:17:02.843 25900 25915 D dalvikvm: GC_FOR_ALLOC freed 636K, 15% free 10801K/12679K, paused 16ms
07-15 19:17:02.875 25900 25901 D dalvikvm: GC_CONCURRENT freed <1K, 11% free 11315K/12679K, paused 2ms+2ms
07-15 19:17:02.890 25900 25915 D skia    : WARNING: One-shot allocator has already allocated (alloc count = 1)
07-15 19:17:02.914 25900 25915 D dalvikvm: GC_FOR_ALLOC freed 770K, 15% free 10801K/12679K, paused 16ms
07-15 19:17:02.941 25900 25901 D dalvikvm: GC_CONCURRENT freed <1K, 11% free 11323K/12679K, paused 2ms+2ms
07-15 19:17:02.961 25900 25915 D skia    : WARNING: One-shot allocator has already allocated (alloc count = 1)
07-15 19:17:02.980 25900 25915 D skia    : WARNING: One-shot allocator has already allocated (alloc count = 1)
07-15 19:17:03.011 25900 25901 D dalvikvm: GC_CONCURRENT freed 778K, 11% free 11301K/12679K, paused 2ms+2ms
07-15 19:17:03.027 25900 25915 D skia    : WARNING: One-shot allocator has already allocated (alloc count = 1)
07-15 19:17:03.047 25900 25915 D dalvikvm: GC_FOR_ALLOC freed 1120K, 15% free 10802K/12679K, paused 16ms
07-15 19:17:03.078 25900 25901 D dalvikvm: GC_CONCURRENT freed <1K, 11% free 11323K/12679K, paused 2ms+2ms
07-15 19:17:03.093 25900 25915 D skia    : WARNING: One-shot allocator has already allocated (alloc count = 1)
07-15 19:17:03.113 25900 25915 D dalvikvm: GC_FOR_ALLOC freed 778K, 15% free 10801K/12679K, paused 16ms
07-15 19:17:03.144 25900 25901 D dalvikvm: GC_CONCURRENT freed <1K, 11% free 11319K/12679K, paused 2ms+3ms
07-15 19:17:03.160 25900 25915 D skia    : WARNING: One-shot allocator has already allocated (alloc count = 1)
07-15 19:17:03.179 25900 25915 D dalvikvm: GC_FOR_ALLOC freed 774K, 15% free 10801K/12679K, paused 15ms
07-15 19:17:03.211 25900 25901 D dalvikvm: GC_CONCURRENT freed <1K, 11% free 11327K/12679K, paused 2ms+3ms
07-15 19:17:03.226 25900 25915 D skia    : WARNING: One-shot allocator has already allocated (alloc count = 1)
07-15 19:17:03.273 25900 25901 D dalvikvm: GC_CONCURRENT freed 782K, 11% free 11299K/12679K, paused 1ms+3ms
07-15 19:17:03.289 25900 25915 D skia    : WARNING: One-shot allocator has already allocated (alloc count = 1)
07-15 19:17:03.308 25900 25915 D dalvikvm: GC_FOR_ALLOC freed 754K, 15% free 10802K/12679K, paused 16ms
07-15 19:17:03.340 25900 25901 D dalvikvm: GC_CONCURRENT freed <1K, 11% free 11323K/12679K, paused 2ms+3ms
07-15 19:17:03.359 25900 25915 D skia    : WARNING: One-shot allocator has already allocated (alloc count = 1)
07-15 19:17:03.382 25900 25915 D skia    : WARNING: One-shot allocator has already allocated (alloc count = 1)
07-15 19:17:03.402 25900 25915 D dalvikvm: GC_FOR_ALLOC freed 778K, 12% free 11184K/12679K, paused 16ms
07-15 19:17:03.422 25900 25915 D dalvikvm: GC_FOR_ALLOC freed 893K, 15% free 10802K/12679K, paused 17ms
07-15 19:17:03.453 25900 25901 D dalvikvm: GC_CONCURRENT freed <1K, 11% free 11324K/12679K, paused 2ms+3ms
07-15 19:17:03.468 25900 25915 D skia    : WARNING: One-shot allocator has already allocated (alloc count = 1)
07-15 19:17:03.515 25900 25901 D dalvikvm: GC_CONCURRENT freed 778K, 11% free 11303K/12679K, paused 2ms+3ms
07-15 19:17:03.535 25900 25915 D skia    : WARNING: One-shot allocator has already allocated (alloc count = 1)
07-15 19:17:03.554 25900 25915 D skia    : WARNING: One-shot allocator has already allocated (alloc count = 1)
07-15 19:17:03.570 25900 25915 D dalvikvm: GC_FOR_ALLOC freed 758K, 13% free 11059K/12679K, paused 16ms
07-15 19:17:03.597 25900 25915 D dalvikvm: GC_FOR_ALLOC freed 768K, 15% free 10802K/12679K, paused 17ms
07-15 19:17:03.625 25900 25915 D skia    : WARNING: One-shot allocator has already allocated (alloc count = 1)
07-15 19:17:03.644 25900 25915 D dalvikvm: GC_FOR_ALLOC freed <1K, 12% free 11179K/12679K, paused 17ms
07-15 19:17:03.664 25900 25915 D dalvikvm: GC_FOR_ALLOC freed 633K, 15% free 10802K/12679K, paused 16ms
07-15 19:17:03.695 25900 25901 D dalvikvm: GC_CONCURRENT freed <1K, 11% free 11328K/12679K, paused 2ms+5ms
07-15 19:17:03.722 25900 25915 D skia    : WARNING: One-shot allocator has already allocated (alloc count = 1)
07-15 19:17:03.769 25900 25901 D dalvikvm: GC_CONCURRENT freed 782K, 12% free 11190K/12679K, paused 2ms+3ms
07-15 19:17:03.812 25900 25915 D skia    : WARNING: One-shot allocator has already allocated (alloc count = 1)
07-15 19:17:03.836 25900 25915 D dalvikvm: GC_FOR_ALLOC freed 388K, 13% free 11058K/12679K, paused 17ms
07-15 19:17:03.855 25900 25915 D skia    : WARNING: One-shot allocator has already allocated (alloc count = 1)
07-15 19:17:03.879 25900 25915 D dalvikvm: GC_FOR_ALLOC freed 256K, 11% free 11316K/12679K, paused 17ms
07-15 19:17:03.906 25900 25915 D dalvikvm: GC_FOR_ALLOC freed 514K, 13% free 11058K/12679K, paused 19ms
07-15 19:17:03.922 25900 25915 D skia    : WARNING: One-shot allocator has already allocated (alloc count = 1)
07-15 19:17:03.945 25900 25915 D dalvikvm: GC_FOR_ALLOC freed 0K, 9% free 11580K/12679K, paused 18ms
07-15 19:17:03.968 25900 25915 D skia    : WARNING: One-shot allocator has already allocated (alloc count = 1)
07-15 19:17:04.011 25900 25901 D dalvikvm: GC_CONCURRENT freed 778K, 9% free 11557K/12679K, paused 2ms+3ms
07-15 19:17:04.054 25900 25901 D dalvikvm: GC_CONCURRENT freed 755K, 9% free 11564K/12679K, paused 1ms+3ms
07-15 19:17:04.070 25900 25915 D skia    : WARNING: One-shot allocator has already allocated (alloc count = 1)
07-15 19:17:04.093 25900 25915 D dalvikvm: GC_FOR_ALLOC freed 762K, 13% free 11058K/12679K, paused 16ms
07-15 19:17:04.109 25900 25915 D skia    : WARNING: One-shot allocator has already allocated (alloc count = 1)
07-15 19:17:04.129 25900 25915 D dalvikvm: GC_FOR_ALLOC freed <1K, 9% free 11576K/12679K, paused 17ms
07-15 19:17:04.152 25900 25915 D dalvikvm: GC_FOR_ALLOC freed 774K, 13% free 11058K/12679K, paused 17ms
07-15 19:17:04.172 25900 25915 D skia    : WARNING: One-shot allocator has already allocated (alloc count = 1)
07-15 19:17:04.187 25900 25915 D dalvikvm: GC_FOR_ALLOC freed <1K, 9% free 11584K/12679K, paused 17ms
07-15 19:17:04.211 25900 25915 D dalvikvm: GC_FOR_ALLOC freed 782K, 13% free 11058K/12679K, paused 16ms
07-15 19:17:04.226 25900 25915 D skia    : WARNING: One-shot allocator has already allocated (alloc count = 1)
07-15 19:17:04.246 25900 25915 D dalvikvm: GC_FOR_ALLOC freed <1K, 9% free 11572K/12679K, paused 16ms
07-15 19:17:04.289 25900 25901 D dalvikvm: GC_CONCURRENT freed 770K, 9% free 11580K/12679K, paused 2ms+2ms
07-15 19:17:04.312 25900 25915 D skia    : WARNING: One-shot allocator has already allocated (alloc count = 1)
07-15 19:17:04.332 25900 25915 D skia    : WARNING: One-shot allocator has already allocated (alloc count = 1)
07-15 19:17:04.363 25900 25901 D dalvikvm: GC_CONCURRENT freed 778K, 9% free 11567K/12679K, paused 2ms+3ms
07-15 19:17:04.398 25900 25915 D skia    : WARNING: One-shot allocator has already allocated (alloc count = 1)
07-15 19:17:04.414 25900 25915 D dalvikvm: GC_FOR_ALLOC freed 765K, 10% free 11433K/12679K, paused 16ms
07-15 19:17:35.515 25900 25919 D dalvikvm: GC_FOR_ALLOC freed 933K, 13% free 11071K/12679K, paused 20ms
07-15 19:17:35.562 25900 25919 I dalvikvm-heap: Grow heap (frag case) to 22.060MB for 11722940-byte allocation
07-15 19:17:35.613 25900 25911 D dalvikvm: GC_FOR_ALLOC freed 7K, 7% free 22512K/24135K, paused 38ms
07-15 19:17:35.691 25900 25901 D dalvikvm: GC_CONCURRENT freed <1K, 7% free 22516K/24135K, paused 3ms+3ms
07-15 19:17:35.711 25900 25919 D dalvikvm: GC_FOR_ALLOC freed <1K, 7% free 22515K/24135K, paused 19ms
07-15 19:17:35.715 25900 25919 I dalvikvm-heap: Grow heap (frag case) to 23.211MB for 1212432-byte allocation
07-15 19:17:35.757 25900 25900 D dalvikvm: GC_FOR_ALLOC freed 0K, 7% free 23699K/25351K, paused 26ms
07-15 19:17:35.800 25900 25919 D skia    : WARNING: One-shot allocator has already allocated (alloc count = 1)
07-15 19:17:35.824 25900 25919 D dalvikvm: GC_FOR_ALLOC freed <1K, 7% free 23699K/25351K, paused 25ms
07-15 19:17:35.832 25900 25919 I dalvikvm-heap: Grow heap (frag case) to 24.211MB for 1048592-byte allocation
07-15 19:17:35.863 25900 25919 D dalvikvm: GC_FOR_ALLOC freed 0K, 7% free 24723K/26439K, paused 29ms
07-15 19:17:35.949 25900 25919 D dalvikvm: GC_FOR_ALLOC freed 2208K, 15% free 22515K/26439K, paused 20ms
07-15 19:17:35.980 25900 25919 D skia    : WARNING: One-shot allocator has already allocated (alloc count = 1)
07-15 19:17:36.004 25900 25919 D dalvikvm: GC_FOR_ALLOC freed <1K, 11% free 23699K/26439K, paused 19ms
07-15 19:17:36.082 25900 25919 D dalvikvm: GC_FOR_ALLOC freed 2208K, 15% free 22515K/26439K, paused 19ms
07-15 19:17:36.105 25900 25919 D skia    : WARNING: One-shot allocator has already allocated (alloc count = 1)
07-15 19:17:36.164 25900 25919 D dalvikvm: GC_FOR_ALLOC freed 1565K, 15% free 22515K/26439K, paused 18ms
07-15 19:17:36.195 25900 25919 D skia    : WARNING: One-shot allocator has already allocated (alloc count = 1)
07-15 19:17:36.218 25900 25919 D dalvikvm: GC_FOR_ALLOC freed <1K, 11% free 23699K/26439K, paused 21ms
07-15 19:17:36.297 25900 25919 D dalvikvm: GC_FOR_ALLOC freed 2208K, 15% free 22515K/26439K, paused 19ms
07-15 19:17:36.332 25900 25919 D skia    : WARNING: One-shot allocator has already allocated (alloc count = 1)
07-15 19:17:36.355 25900 25919 D dalvikvm: GC_FOR_ALLOC freed <1K, 11% free 23699K/26439K, paused 20ms
07-15 19:17:36.433 25900 25919 D dalvikvm: GC_FOR_ALLOC freed 2208K, 15% free 22515K/26439K, paused 19ms
07-15 19:17:36.457 25900 25919 D skia    : WARNING: One-shot allocator has already allocated (alloc count = 1)
07-15 19:17:36.515 25900 25919 D dalvikvm: GC_FOR_ALLOC freed 1565K, 15% free 22515K/26439K, paused 19ms
07-15 19:17:36.550 25900 25919 D skia    : WARNING: One-shot allocator has already allocated (alloc count = 1)
07-15 19:17:36.570 25900 25919 D dalvikvm: GC_FOR_ALLOC freed <1K, 11% free 23699K/26439K, paused 22ms
07-15 19:17:36.652 25900 25919 D dalvikvm: GC_FOR_ALLOC freed 2208K, 15% free 22515K/26439K, paused 19ms
07-15 19:17:36.687 25900 25919 D skia    : WARNING: One-shot allocator has already allocated (alloc count = 1)
07-15 19:17:36.707 25900 25919 D dalvikvm: GC_FOR_ALLOC freed <1K, 11% free 23699K/26439K, paused 20ms
07-15 19:17:36.789 25900 25919 D dalvikvm: GC_FOR_ALLOC freed 2208K, 15% free 22515K/26439K, paused 19ms
07-15 19:17:36.812 25900 25919 D skia    : WARNING: One-shot allocator has already allocated (alloc count = 1)
07-15 19:17:36.867 25900 25919 D dalvikvm: GC_FOR_ALLOC freed 1565K, 15% free 22515K/26439K, paused 19ms
07-15 19:17:36.898 25900 25919 D skia    : WARNING: One-shot allocator has already allocated (alloc count = 1)
07-15 19:17:36.922 25900 25919 D dalvikvm: GC_FOR_ALLOC freed <1K, 11% free 23699K/26439K, paused 19ms
07-15 19:17:37.000 25900 25919 D dalvikvm: GC_FOR_ALLOC freed 2208K, 15% free 22515K/26439K, paused 19ms
07-15 19:17:37.031 25900 25919 D skia    : WARNING: One-shot allocator has already allocated (alloc count = 1)
07-15 19:17:37.050 25900 25919 D dalvikvm: GC_FOR_ALLOC freed <1K, 11% free 23699K/26439K, paused 18ms
07-15 19:17:37.132 25900 25919 D dalvikvm: GC_FOR_ALLOC freed 2208K, 15% free 22515K/26439K, paused 19ms
07-15 19:17:37.152 25900 25919 D skia    : WARNING: One-shot allocator has already allocated (alloc count = 1)
07-15 19:17:37.199 25900 25919 D skia    : WARNING: One-shot allocator has already allocated (alloc count = 1)
07-15 19:17:37.238 25900 25901 D dalvikvm: GC_CONCURRENT freed 1565K, 14% free 22965K/26439K, paused 2ms+3ms
07-15 19:17:37.254 25900 25919 D skia    : WARNING: One-shot allocator has already allocated (alloc count = 1)
07-15 19:17:37.261 25900 25919 D skia    : WARNING: One-shot allocator has already allocated (alloc count = 1)
07-15 19:17:38.472 25769 25884 I GalleryEGLConfigChooser: Config chosen: R5 G6 B5 A0 D24 S8 ID7 CAVEAT12344 
07-15 19:17:38.488 25769 25884 I GLRootView: GLObject has changed from com.google.android.gles_jni.GLImpl@42672950 to com.google.android.gles_jni.GLImpl@42420bd8
07-15 19:17:38.488 25769 25884 I GLRootView: onSurfaceChanged: 480x800, gl10: com.google.android.gles_jni.GLImpl@42420bd8
07-15 19:17:38.550 25769 25884 I GLRootView: onSurfaceChanged: 480x800, gl10: com.google.android.gles_jni.GLImpl@42420bd8
07-15 19:17:38.590 25769 25783 D dalvikvm: GC_FOR_ALLOC freed 4276K, 33% free 24754K/36743K, paused 35ms
07-15 19:17:38.750 25900 25900 D OpenGLRenderer: Flushing caches (mode 0)
07-15 19:17:38.914 25769 25792 D dalvikvm: GC_FOR_ALLOC freed 13592K, 67% free 12198K/36743K, paused 35ms
07-15 19:17:38.925 25769 25792 I dalvikvm-heap: Grow heap (frag case) to 14.780MB for 2934248-byte allocation
07-15 19:17:38.972 25769 25884 D dalvikvm: GC_FOR_ALLOC freed 3K, 60% free 15060K/36743K, paused 37ms
07-15 19:17:38.976 25900 25900 D OpenGLRenderer: Flushing caches (mode 2)
07-15 19:17:38.976 25900 25900 D OpenGLRenderer: Flushing caches (mode 0)
07-15 19:17:39.023 25769 25771 D dalvikvm: GC_CONCURRENT freed <1K, 60% free 15060K/36743K, paused 1ms+4ms
07-15 19:17:39.367 25769 25783 D dalvikvm: GC_FOR_ALLOC freed 345K, 55% free 16577K/36743K, paused 26ms
07-15 19:17:39.504 25769 25792 D dalvikvm: GC_FOR_ALLOC freed 98K, 52% free 17831K/36743K, paused 31ms
07-15 19:17:39.629 25769 25771 D dalvikvm: GC_CONCURRENT freed 2940K, 55% free 16818K/36743K, paused 2ms+3ms
07-15 19:17:39.816 25769 25783 D dalvikvm: GC_FOR_ALLOC freed 513K, 51% free 18215K/36743K, paused 28ms
07-15 19:17:39.910 25769 25771 D dalvikvm: GC_CONCURRENT freed 42K, 46% free 20113K/36743K, paused 2ms+4ms
07-15 19:17:39.996 25769 25771 D dalvikvm: GC_CONCURRENT freed 115K, 41% free 21943K/36743K, paused 2ms+4ms
07-15 19:17:40.070 25769 25792 D dalvikvm: GC_FOR_ALLOC freed 133K, 39% free 22732K/36743K, paused 24ms
07-15 19:17:40.156 25769 25771 D dalvikvm: GC_CONCURRENT freed 55K, 33% free 24711K/36743K, paused 1ms+4ms
07-15 19:17:40.234 25769 25771 D dalvikvm: GC_CONCURRENT freed 140K, 28% free 26540K/36743K, paused 2ms+4ms
07-15 19:17:40.324 25769 25787 D skia    : WARNING: One-shot allocator has already allocated (alloc count = 1)
07-15 19:17:40.343 25769 25787 D skia    : WARNING: One-shot allocator has already allocated (alloc count = 1)
07-15 19:17:40.355 25769 25787 D skia    : WARNING: One-shot allocator has already allocated (alloc count = 1)
07-15 19:17:40.414 25769 25787 D skia    : WARNING: One-shot allocator has already allocated (alloc count = 1)
07-15 19:17:40.480 25769 25771 D dalvikvm: GC_CONCURRENT freed 1213K, 26% free 27312K/36743K, paused 3ms+7ms
07-15 19:17:40.539 25769 25787 D skia    : WARNING: One-shot allocator has already allocated (alloc count = 1)
07-15 19:17:40.590 25769 25787 D skia    : WARNING: One-shot allocator has already allocated (alloc count = 1)
07-15 19:17:40.668 25769 25771 D dalvikvm: GC_CONCURRENT freed 2168K, 27% free 27128K/36743K, paused 1ms+3ms
07-15 19:17:40.718 25769 25787 D skia    : WARNING: One-shot allocator has already allocated (alloc count = 1)
07-15 19:17:40.785 25769 25787 D skia    : WARNING: One-shot allocator has already allocated (alloc count = 1)
07-15 19:17:40.836 25769 25787 D skia    : WARNING: One-shot allocator has already allocated (alloc count = 1)
07-15 19:17:40.871 25769 25787 D dalvikvm: GC_FOR_ALLOC freed 1953K, 27% free 27071K/36743K, paused 27ms
07-15 19:17:40.918 25769 25787 D skia    : WARNING: One-shot allocator has already allocated (alloc count = 1)
07-15 19:17:40.980 25769 25787 D skia    : WARNING: One-shot allocator has already allocated (alloc count = 1)
07-15 19:17:41.035 25769 25787 D skia    : WARNING: One-shot allocator has already allocated (alloc count = 1)
07-15 19:17:41.093 25769 25771 D dalvikvm: GC_CONCURRENT freed 1668K, 26% free 27331K/36743K, paused 2ms+4ms
07-15 19:17:41.156 25769 25787 D skia    : WARNING: One-shot allocator has already allocated (alloc count = 1)
07-15 19:17:41.218 25769 25787 D skia    : WARNING: One-shot allocator has already allocated (alloc count = 1)
07-15 19:17:41.250 25769 25787 D dalvikvm: GC_FOR_ALLOC freed 2197K, 27% free 27038K/36743K, paused 26ms
07-15 19:17:41.277 25769 25787 D skia    : WARNING: One-shot allocator has already allocated (alloc count = 1)
07-15 19:17:41.316 25769 25787 D skia    : WARNING: One-shot allocator has already allocated (alloc count = 1)
07-15 19:17:41.343 25769 25787 D dalvikvm: GC_FOR_ALLOC freed 1818K, 28% free 26782K/36743K, paused 22ms
07-15 19:17:41.355 25769 25787 D skia    : WARNING: One-shot allocator has already allocated (alloc count = 1)
07-15 19:17:41.367 25769 25787 D skia    : WARNING: One-shot allocator has already allocated (alloc count = 1)
07-15 19:17:41.390 25769 25787 D dalvikvm: GC_FOR_ALLOC freed 1572K, 28% free 26782K/36743K, paused 23ms
07-15 19:17:41.402 25769 25787 D skia    : WARNING: One-shot allocator has already allocated (alloc count = 1)
07-15 19:17:41.414 25769 25787 D skia    : WARNING: One-shot allocator has already allocated (alloc count = 1)
07-15 19:17:41.437 25769 25787 D dalvikvm: GC_FOR_ALLOC freed 1580K, 28% free 26782K/36743K, paused 22ms
07-15 19:17:41.449 25769 25787 D skia    : WARNING: One-shot allocator has already allocated (alloc count = 1)
07-15 19:17:41.461 25769 25787 D skia    : WARNING: One-shot allocator has already allocated (alloc count = 1)
07-15 19:17:41.488 25769 25787 D dalvikvm: GC_FOR_ALLOC freed 1572K, 28% free 26782K/36743K, paused 22ms
07-15 19:17:41.496 25769 25787 D skia    : WARNING: One-shot allocator has already allocated (alloc count = 1)
07-15 19:17:41.507 25769 25787 D skia    : WARNING: One-shot allocator has already allocated (alloc count = 1)
07-15 19:17:41.531 25769 25787 D dalvikvm: GC_FOR_ALLOC freed 1554K, 28% free 26782K/36743K, paused 22ms
07-15 19:17:41.543 25769 25787 D skia    : WARNING: One-shot allocator has already allocated (alloc count = 1)
07-15 19:17:41.554 25769 25787 D skia    : WARNING: One-shot allocator has already allocated (alloc count = 1)
07-15 19:17:41.578 25769 25787 D dalvikvm: GC_FOR_ALLOC freed 1584K, 28% free 26782K/36743K, paused 21ms
07-15 19:17:41.590 25769 25787 D skia    : WARNING: One-shot allocator has already allocated (alloc count = 1)
07-15 19:17:41.601 25769 25787 D skia    : WARNING: One-shot allocator has already allocated (alloc count = 1)
07-15 19:17:41.609 25769 25787 D skia    : WARNING: One-shot allocator has already allocated (alloc count = 1)
07-15 19:17:41.632 25769 25787 D dalvikvm: GC_FOR_ALLOC freed 1568K, 27% free 27041K/36743K, paused 22ms
07-15 19:17:41.644 25769 25787 D skia    : WARNING: One-shot allocator has already allocated (alloc count = 1)
07-15 19:17:41.660 25769 25787 D skia    : WARNING: One-shot allocator has already allocated (alloc count = 1)
07-15 19:17:41.679 25769 25787 D dalvikvm: GC_FOR_ALLOC freed 1564K, 26% free 27317K/36743K, paused 21ms
07-15 19:17:41.695 25769 25787 D skia    : WARNING: One-shot allocator has already allocated (alloc count = 1)
07-15 19:17:41.707 25769 25787 D skia    : WARNING: One-shot allocator has already allocated (alloc count = 1)
07-15 19:17:41.730 25769 25787 D dalvikvm: GC_FOR_ALLOC freed 2359K, 28% free 26783K/36743K, paused 21ms
07-15 19:17:41.738 25769 25787 D skia    : WARNING: One-shot allocator has already allocated (alloc count = 1)
07-15 19:17:41.746 25769 25787 D skia    : WARNING: One-shot allocator has already allocated (alloc count = 1)
07-15 19:17:41.773 25769 25787 D dalvikvm: GC_FOR_ALLOC freed 1546K, 28% free 26783K/36743K, paused 22ms
07-15 19:17:41.781 25769 25787 D skia    : WARNING: One-shot allocator has already allocated (alloc count = 1)
07-15 19:17:41.793 25769 25787 D skia    : WARNING: One-shot allocator has already allocated (alloc count = 1)
07-15 19:17:41.820 25769 25787 D dalvikvm: GC_FOR_ALLOC freed 1548K, 28% free 26783K/36743K, paused 22ms
07-15 19:17:41.828 25769 25787 D skia    : WARNING: One-shot allocator has already allocated (alloc count = 1)
07-15 19:17:41.836 25769 25787 D skia    : WARNING: One-shot allocator has already allocated (alloc count = 1)
07-15 19:17:41.863 25769 25787 D dalvikvm: GC_FOR_ALLOC freed 1550K, 28% free 26783K/36743K, paused 22ms
07-15 19:17:41.871 25769 25787 D skia    : WARNING: One-shot allocator has already allocated (alloc count = 1)
07-15 19:17:41.886 25769 25787 D skia    : WARNING: One-shot allocator has already allocated (alloc count = 1)
07-15 19:17:41.910 25769 25787 D dalvikvm: GC_FOR_ALLOC freed 1548K, 28% free 26783K/36743K, paused 22ms
07-15 19:17:41.922 25769 25787 D skia    : WARNING: One-shot allocator has already allocated (alloc count = 1)
07-15 19:17:41.929 25769 25787 D skia    : WARNING: One-shot allocator has already allocated (alloc count = 1)
07-15 19:17:41.953 25769 25787 D dalvikvm: GC_FOR_ALLOC freed 1552K, 28% free 26783K/36743K, paused 22ms
07-15 19:17:41.965 25769 25787 D skia    : WARNING: One-shot allocator has already allocated (alloc count = 1)
07-15 19:17:41.976 25769 25787 D skia    : WARNING: One-shot allocator has already allocated (alloc count = 1)
07-15 19:17:42.000 25769 25787 D dalvikvm: GC_FOR_ALLOC freed 1548K, 28% free 26783K/36743K, paused 21ms
07-15 19:17:42.011 25769 25787 D skia    : WARNING: One-shot allocator has already allocated (alloc count = 1)
07-15 19:17:42.019 25769 25787 D skia    : WARNING: One-shot allocator has already allocated (alloc count = 1)
07-15 19:17:42.047 25769 25787 D dalvikvm: GC_FOR_ALLOC freed 1554K, 28% free 26783K/36743K, paused 22ms
07-15 19:17:42.054 25769 25787 D skia    : WARNING: One-shot allocator has already allocated (alloc count = 1)
07-15 19:17:42.066 25769 25787 D skia    : WARNING: One-shot allocator has already allocated (alloc count = 1)
07-15 19:17:42.093 25769 25787 D dalvikvm: GC_FOR_ALLOC freed 1548K, 28% free 26783K/36743K, paused 22ms
07-15 19:17:42.101 25769 25787 D skia    : WARNING: One-shot allocator has already allocated (alloc count = 1)
07-15 19:17:49.414 25769 25787 D skia    : WARNING: One-shot allocator has already allocated (alloc count = 1)
07-15 19:17:49.461 25769 25787 D skia    : WARNING: One-shot allocator has already allocated (alloc count = 1)
07-15 19:17:49.515 25769 25771 D dalvikvm: GC_CONCURRENT freed 1287K, 26% free 27525K/36743K, paused 1ms+5ms
07-15 19:17:49.988 25769 25792 D dalvikvm: GC_FOR_ALLOC freed 2246K, 29% free 26149K/36743K, paused 25ms
07-15 19:17:50.007 25769 25787 D skia    : WARNING: One-shot allocator has already allocated (alloc count = 1)
07-15 19:17:50.050 25769 25771 D dalvikvm: GC_CONCURRENT freed 779K, 26% free 27344K/36743K, paused 2ms+4ms
07-15 19:17:50.082 25769 25787 D skia    : WARNING: One-shot allocator has already allocated (alloc count = 1)
07-15 19:17:50.097 25769 25787 D skia    : WARNING: One-shot allocator has already allocated (alloc count = 1)
07-15 19:17:50.148 25769 25787 D skia    : WARNING: One-shot allocator has already allocated (alloc count = 1)
07-15 19:17:50.179 25769 25787 D skia    : WARNING: One-shot allocator has already allocated (alloc count = 1)
07-15 19:17:50.211 25769 25787 D dalvikvm: GC_FOR_ALLOC freed 1813K, 26% free 27384K/36743K, paused 25ms
07-15 19:17:50.257 25769 25787 D skia    : WARNING: One-shot allocator has already allocated (alloc count = 1)
07-15 19:17:50.293 25769 25787 D skia    : WARNING: One-shot allocator has already allocated (alloc count = 1)
07-15 19:17:50.382 25769 25771 D dalvikvm: GC_CONCURRENT freed 2204K, 27% free 27157K/36743K, paused 2ms+5ms
07-15 19:17:50.425 25769 25787 D skia    : WARNING: One-shot allocator has already allocated (alloc count = 1)
07-15 19:17:50.906 25769 25791 D dalvikvm: GC_FOR_ALLOC freed 2074K, 30% free 26012K/36743K, paused 25ms
07-15 19:17:50.949 25769 25787 D skia    : WARNING: One-shot allocator has already allocated (alloc count = 1)
07-15 19:17:50.992 25769 25771 D dalvikvm: GC_CONCURRENT freed 642K, 26% free 27351K/36743K, paused 2ms+4ms
07-15 19:17:51.031 25769 25787 D skia    : WARNING: One-shot allocator has already allocated (alloc count = 1)
07-15 19:17:51.082 25769 25787 D skia    : WARNING: One-shot allocator has already allocated (alloc count = 1)
07-15 19:17:51.113 25769 25787 D skia    : WARNING: One-shot allocator has already allocated (alloc count = 1)
07-15 19:17:51.144 25769 25787 D dalvikvm: GC_FOR_ALLOC freed 2198K, 27% free 26858K/36743K, paused 24ms
07-15 19:17:51.168 25769 25787 D skia    : WARNING: One-shot allocator has already allocated (alloc count = 1)
07-15 19:17:51.203 25769 25787 D skia    : WARNING: One-shot allocator has already allocated (alloc count = 1)
07-15 19:17:51.234 25769 25787 D dalvikvm: GC_FOR_ALLOC freed 1533K, 27% free 26858K/36743K, paused 23ms
07-15 19:17:51.254 25769 25787 D skia    : WARNING: One-shot allocator has already allocated (alloc count = 1)
07-15 19:17:51.269 25769 25787 D skia    : WARNING: One-shot allocator has already allocated (alloc count = 1)
07-15 19:17:51.297 25769 25787 D dalvikvm: GC_FOR_ALLOC freed 1589K, 27% free 26825K/36743K, paused 22ms
07-15 19:17:51.308 25769 25787 D skia    : WARNING: One-shot allocator has already allocated (alloc count = 1)
07-15 19:17:51.324 25769 25787 D skia    : WARNING: One-shot allocator has already allocated (alloc count = 1)
07-15 19:17:51.367 25769 25771 D dalvikvm: GC_CONCURRENT freed 1548K, 26% free 27208K/36743K, paused 1ms+5ms
07-15 19:17:51.394 25769 25787 D skia    : WARNING: One-shot allocator has already allocated (alloc count = 1)
07-15 19:17:51.414 25769 25787 D skia    : WARNING: One-shot allocator has already allocated (alloc count = 1)
07-15 19:17:51.429 25769 25787 D skia    : WARNING: One-shot allocator has already allocated (alloc count = 1)
07-15 19:17:51.453 25769 25787 D dalvikvm: GC_FOR_ALLOC freed 1668K, 26% free 27347K/36743K, paused 22ms
07-15 19:17:51.468 25769 25787 D skia    : WARNING: One-shot allocator has already allocated (alloc count = 1)
07-15 19:17:51.496 25769 25787 D skia    : WARNING: One-shot allocator has already allocated (alloc count = 1)
07-15 19:17:51.519 25769 25787 D dalvikvm: GC_FOR_ALLOC freed 2194K, 27% free 26825K/36743K, paused 23ms
07-15 19:17:51.543 25769 25787 D skia    : WARNING: One-shot allocator has already allocated (alloc count = 1)
07-15 19:17:51.558 25769 25787 D skia    : WARNING: One-shot allocator has already allocated (alloc count = 1)
07-15 19:17:51.578 25769 25787 D skia    : WARNING: One-shot allocator has already allocated (alloc count = 1)
07-15 19:17:51.601 25769 25787 D dalvikvm: GC_FOR_ALLOC freed 1593K, 27% free 27025K/36743K, paused 22ms
07-15 19:17:51.617 25769 25787 D skia    : WARNING: One-shot allocator has already allocated (alloc count = 1)
07-15 19:17:51.632 25769 25787 D skia    : WARNING: One-shot allocator has already allocated (alloc count = 1)
07-15 19:17:51.656 25769 25787 D dalvikvm: GC_FOR_ALLOC freed 1476K, 26% free 27347K/36743K, paused 24ms
07-15 19:17:51.672 25769 25787 D skia    : WARNING: One-shot allocator has already allocated (alloc count = 1)
07-15 19:17:51.695 25769 25787 D skia    : WARNING: One-shot allocator has already allocated (alloc count = 1)
07-15 19:17:51.750 25769 25771 D dalvikvm: GC_CONCURRENT freed 1935K, 26% free 27337K/36743K, paused 2ms+6ms
07-15 19:17:51.773 25769 25787 D skia    : WARNING: One-shot allocator has already allocated (alloc count = 1)
07-15 19:17:51.793 25769 25787 D skia    : WARNING: One-shot allocator has already allocated (alloc count = 1)
07-15 19:17:51.820 25769 25787 D dalvikvm: GC_FOR_ALLOC freed 2311K, 27% free 26826K/36743K, paused 23ms
07-15 19:17:51.832 25769 25787 D skia    : WARNING: One-shot allocator has already allocated (alloc count = 1)
07-15 19:17:51.855 25769 25787 D skia    : WARNING: One-shot allocator has already allocated (alloc count = 1)
07-15 19:17:51.875 25769 25787 D skia    : WARNING: One-shot allocator has already allocated (alloc count = 1)
07-15 19:17:51.918 25769 25771 D dalvikvm: GC_CONCURRENT freed 1416K, 26% free 27340K/36743K, paused 2ms+4ms
07-15 19:17:51.957 25769 25787 D skia    : WARNING: One-shot allocator has already allocated (alloc count = 1)
07-15 19:17:51.980 25769 25787 D skia    : WARNING: One-shot allocator has already allocated (alloc count = 1)
07-15 19:17:52.011 25769 25787 D dalvikvm: GC_FOR_ALLOC freed 1935K, 27% free 27081K/36743K, paused 25ms
07-15 19:17:52.027 25769 25787 D skia    : WARNING: One-shot allocator has already allocated (alloc count = 1)
07-15 19:17:52.566 25769 25783 D dalvikvm: GC_FOR_ALLOC freed 2316K, 31% free 25655K/36743K, paused 33ms
07-15 19:17:52.593 25769 25787 D skia    : WARNING: One-shot allocator has already allocated (alloc count = 1)
07-15 19:17:52.644 25769 25771 D dalvikvm: GC_CONCURRENT freed 1K, 25% free 27632K/36743K, paused 2ms+4ms
07-15 19:17:52.679 25769 25787 D skia    : WARNING: One-shot allocator has already allocated (alloc count = 1)
07-15 19:17:52.691 25769 25787 D skia    : WARNING: One-shot allocator has already allocated (alloc count = 1)
07-15 19:17:52.742 25769 25787 D skia    : WARNING: One-shot allocator has already allocated (alloc count = 1)
07-15 19:17:52.769 25769 25787 D dalvikvm: GC_FOR_ALLOC freed 2624K, 27% free 26854K/36743K, paused 23ms
07-15 19:17:52.781 25769 25787 D skia    : WARNING: One-shot allocator has already allocated (alloc count = 1)
07-15 19:17:52.808 25769 25787 D skia    : WARNING: One-shot allocator has already allocated (alloc count = 1)
07-15 19:17:52.851 25769 25771 D dalvikvm: GC_CONCURRENT freed 1427K, 26% free 27368K/36743K, paused 2ms+6ms
07-15 19:17:52.867 25769 25787 D skia    : WARNING: One-shot allocator has already allocated (alloc count = 1)
07-15 19:17:52.886 25769 25787 D skia    : WARNING: One-shot allocator has already allocated (alloc count = 1)
07-15 19:17:52.906 25769 25787 D skia    : WARNING: One-shot allocator has already allocated (alloc count = 1)
07-15 19:17:52.929 25769 25787 D dalvikvm: GC_FOR_ALLOC freed 2304K, 27% free 26854K/36743K, paused 22ms
07-15 19:17:52.941 25769 25787 D skia    : WARNING: One-shot allocator has already allocated (alloc count = 1)
07-15 19:17:52.957 25769 25787 D skia    : WARNING: One-shot allocator has already allocated (alloc count = 1)
07-15 19:17:52.980 25769 25787 D dalvikvm: GC_FOR_ALLOC freed 1552K, 27% free 26854K/36743K, paused 23ms
07-15 19:17:52.996 25769 25787 D skia    : WARNING: One-shot allocator has already allocated (alloc count = 1)
07-15 19:17:53.007 25769 25787 D skia    : WARNING: One-shot allocator has already allocated (alloc count = 1)
07-15 19:17:53.035 25769 25787 D dalvikvm: GC_FOR_ALLOC freed 1552K, 27% free 26854K/36743K, paused 23ms
07-15 19:17:53.047 25769 25787 D skia    : WARNING: One-shot allocator has already allocated (alloc count = 1)
07-15 19:17:53.070 25769 25787 D skia    : WARNING: One-shot allocator has already allocated (alloc count = 1)
07-15 19:17:53.078 25769 25787 D skia    : WARNING: One-shot allocator has already allocated (alloc count = 1)
07-15 19:17:53.101 25769 25787 D dalvikvm: GC_FOR_ALLOC freed 1799K, 27% free 26865K/36743K, paused 23ms
07-15 19:17:53.117 25769 25787 D skia    : WARNING: One-shot allocator has already allocated (alloc count = 1)
07-15 19:17:53.129 25769 25787 D skia    : WARNING: One-shot allocator has already allocated (alloc count = 1)
07-15 19:17:53.156 25769 25787 D dalvikvm: GC_FOR_ALLOC freed 1564K, 27% free 27110K/36743K, paused 23ms
07-15 19:17:53.179 25769 25787 D skia    : WARNING: One-shot allocator has already allocated (alloc count = 1)
07-15 19:17:53.191 25769 25787 D skia    : WARNING: One-shot allocator has already allocated (alloc count = 1)
07-15 19:17:53.199 25769 25787 D skia    : WARNING: One-shot allocator has already allocated (alloc count = 1)
07-15 19:17:53.226 25769 25787 D dalvikvm: GC_FOR_ALLOC freed 2077K, 27% free 26854K/36743K, paused 22ms
07-15 19:17:53.246 25769 25787 D skia    : WARNING: One-shot allocator has already allocated (alloc count = 1)
07-15 19:17:53.265 25769 25787 D skia    : WARNING: One-shot allocator has already allocated (alloc count = 1)
07-15 19:17:53.355 25769 25771 D dalvikvm: GC_CONCURRENT freed 1420K, 26% free 27379K/36743K, paused 3ms+10ms
07-15 19:17:53.379 25769 25787 D skia    : WARNING: One-shot allocator has already allocated (alloc count = 1)
07-15 19:17:53.398 25769 25787 D skia    : WARNING: One-shot allocator has already allocated (alloc count = 1)
07-15 19:17:53.890 25769 25792 D dalvikvm: GC_FOR_ALLOC freed 3114K, 31% free 25627K/36743K, paused 24ms
07-15 19:17:53.945 25769 25787 D skia    : WARNING: One-shot allocator has already allocated (alloc count = 1)
07-15 19:17:53.988 25769 25787 D dalvikvm: GC_FOR_ALLOC freed 648K, 27% free 26859K/36743K, paused 23ms
07-15 19:17:54.011 25769 25787 D skia    : WARNING: One-shot allocator has already allocated (alloc count = 1)
07-15 19:17:54.066 25769 25787 D skia    : WARNING: One-shot allocator has already allocated (alloc count = 1)
07-15 19:17:54.113 25769 25771 D dalvikvm: GC_CONCURRENT freed 1427K, 26% free 27372K/36743K, paused 2ms+4ms
07-15 19:17:54.144 25769 25787 D skia    : WARNING: One-shot allocator has already allocated (alloc count = 1)
07-15 19:17:54.175 25769 25787 D skia    : WARNING: One-shot allocator has already allocated (alloc count = 1)
07-15 19:17:54.211 25769 25787 D skia    : WARNING: One-shot allocator has already allocated (alloc count = 1)
07-15 19:17:54.238 25769 25787 D dalvikvm: GC_FOR_ALLOC freed 2336K, 27% free 26826K/36743K, paused 22ms
07-15 19:17:54.250 25769 25787 D skia    : WARNING: One-shot allocator has already allocated (alloc count = 1)
07-15 19:17:54.265 25769 25787 D skia    : WARNING: One-shot allocator has already allocated (alloc count = 1)
07-15 19:17:54.289 25769 25787 D dalvikvm: GC_FOR_ALLOC freed 1556K, 27% free 26826K/36743K, paused 23ms
07-15 19:17:54.304 25769 25787 D skia    : WARNING: One-shot allocator has already allocated (alloc count = 1)
07-15 19:17:54.320 25769 25787 D skia    : WARNING: One-shot allocator has already allocated (alloc count = 1)
07-15 19:17:54.359 25769 25771 D dalvikvm: GC_CONCURRENT freed 1548K, 26% free 27208K/36743K, paused 2ms+4ms
07-15 19:17:54.390 25769 25787 D skia    : WARNING: One-shot allocator has already allocated (alloc count = 1)
07-15 19:17:54.406 25769 25787 D skia    : WARNING: One-shot allocator has already allocated (alloc count = 1)
07-15 19:17:54.422 25769 25787 D skia    : WARNING: One-shot allocator has already allocated (alloc count = 1)
07-15 19:17:54.445 25769 25787 D dalvikvm: GC_FOR_ALLOC freed 1668K, 26% free 27348K/36743K, paused 23ms
07-15 19:17:54.461 25769 25787 D skia    : WARNING: One-shot allocator has already allocated (alloc count = 1)
07-15 19:17:54.484 25769 25787 D skia    : WARNING: One-shot allocator has already allocated (alloc count = 1)
07-15 19:17:54.511 25769 25787 D dalvikvm: GC_FOR_ALLOC freed 2194K, 27% free 26826K/36743K, paused 23ms
07-15 19:17:54.539 25769 25787 D skia    : WARNING: One-shot allocator has already allocated (alloc count = 1)
07-15 19:17:54.554 25769 25787 D skia    : WARNING: One-shot allocator has already allocated (alloc count = 1)
07-15 19:17:54.574 25769 25787 D skia    : WARNING: One-shot allocator has already allocated (alloc count = 1)
07-15 19:17:54.597 25769 25787 D dalvikvm: GC_FOR_ALLOC freed 1593K, 27% free 27025K/36743K, paused 24ms
07-15 19:17:54.613 25769 25787 D skia    : WARNING: One-shot allocator has already allocated (alloc count = 1)
07-15 19:17:54.629 25769 25787 D skia    : WARNING: One-shot allocator has already allocated (alloc count = 1)
07-15 19:17:54.656 25769 25787 D dalvikvm: GC_FOR_ALLOC freed 1476K, 26% free 27348K/36743K, paused 26ms
07-15 19:17:54.672 25769 25787 D skia    : WARNING: One-shot allocator has already allocated (alloc count = 1)
07-15 19:17:54.703 25769 25787 D skia    : WARNING: One-shot allocator has already allocated (alloc count = 1)
07-15 19:17:54.781 25769 25771 D dalvikvm: GC_CONCURRENT freed 1940K, 26% free 27338K/36743K, paused 2ms+11ms
07-15 19:17:54.945 25769 25787 D skia    : WARNING: One-shot allocator has already allocated (alloc count = 1)
07-15 19:17:55.090 25769 25787 D skia    : WARNING: One-shot allocator has already allocated (alloc count = 1)
07-15 19:17:55.148 25769 25787 D skia    : WARNING: One-shot allocator has already allocated (alloc count = 1)
07-15 19:17:55.175 25769 25787 D dalvikvm: GC_FOR_ALLOC freed 2065K, 27% free 27126K/36743K, paused 26ms
07-15 19:17:55.238 25769 25787 D skia    : WARNING: One-shot allocator has already allocated (alloc count = 1)
07-15 19:17:55.289 25769 25787 D skia    : WARNING: One-shot allocator has already allocated (alloc count = 1)
07-15 19:17:55.332 25769 25787 D dalvikvm: GC_FOR_ALLOC freed 2056K, 27% free 26826K/36743K, paused 26ms
07-15 19:17:55.371 25769 25787 D skia    : WARNING: One-shot allocator has already allocated (alloc count = 1)
07-15 19:17:55.586 25769 25787 D skia    : WARNING: One-shot allocator has already allocated (alloc count = 1)
07-15 19:17:55.820 25769 25787 D dalvikvm: GC_FOR_ALLOC freed 1195K, 26% free 27338K/36743K, paused 44ms
07-15 19:17:55.890 25769 25787 D skia    : WARNING: One-shot allocator has already allocated (alloc count = 1)
07-15 19:17:55.918 25769 25787 D dalvikvm: GC_FOR_ALLOC freed 1558K, 25% free 27609K/36743K, paused 23ms
07-15 19:17:55.949 25769 25787 D skia    : WARNING: One-shot allocator has already allocated (alloc count = 1)
07-15 19:17:55.972 25769 25787 D skia    : WARNING: One-shot allocator has already allocated (alloc count = 1)
07-15 19:17:56.004 25769 25787 D dalvikvm: GC_FOR_ALLOC freed 2135K, 26% free 27337K/36743K, paused 26ms
07-15 19:17:56.039 25769 25787 D skia    : WARNING: One-shot allocator has already allocated (alloc count = 1)
07-15 19:17:56.062 25769 25787 D skia    : WARNING: One-shot allocator has already allocated (alloc count = 1)
07-15 19:17:56.101 25769 25787 D dalvikvm: GC_FOR_ALLOC freed 1309K, 25% free 27851K/36743K, paused 26ms
07-15 19:17:56.125 25769 25787 D skia    : WARNING: One-shot allocator has already allocated (alloc count = 1)
07-15 19:17:56.144 25769 25787 D skia    : WARNING: One-shot allocator has already allocated (alloc count = 1)
07-15 19:17:56.172 25769 25787 D dalvikvm: GC_FOR_ALLOC freed 1287K, 23% free 28363K/36743K, paused 23ms
07-15 19:17:56.191 25769 25787 D skia    : WARNING: One-shot allocator has already allocated (alloc count = 1)
07-15 19:17:56.211 25769 25787 D skia    : WARNING: One-shot allocator has already allocated (alloc count = 1)
07-15 19:17:56.238 25769 25787 D skia    : WARNING: One-shot allocator has already allocated (alloc count = 1)
07-15 19:17:56.265 25769 25787 D dalvikvm: GC_FOR_ALLOC freed 1042K, 21% free 29134K/36743K, paused 25ms
07-15 19:17:56.300 25769 25787 D skia    : WARNING: One-shot allocator has already allocated (alloc count = 1)
07-15 19:17:56.320 25769 25787 D skia    : WARNING: One-shot allocator has already allocated (alloc count = 1)
07-15 19:17:56.379 25769 25771 D dalvikvm: GC_CONCURRENT freed 898K, 18% free 30158K/36743K, paused 2ms+4ms
07-15 19:17:56.406 25769 25787 D skia    : WARNING: One-shot allocator has already allocated (alloc count = 1)
07-15 19:17:56.429 25769 25787 D skia    : WARNING: One-shot allocator has already allocated (alloc count = 1)
07-15 19:17:56.457 25769 25787 D dalvikvm: GC_FOR_ALLOC freed 1802K, 18% free 30156K/36743K, paused 25ms
07-15 19:17:56.476 25769 25787 D skia    : WARNING: One-shot allocator has already allocated (alloc count = 1)
07-15 19:17:56.496 25769 25787 D skia    : WARNING: One-shot allocator has already allocated (alloc count = 1)
07-15 19:17:56.523 25769 25787 D dalvikvm: GC_FOR_ALLOC freed 1045K, 17% free 30668K/36743K, paused 25ms
07-15 19:17:56.543 25769 25787 D skia    : WARNING: One-shot allocator has already allocated (alloc count = 1)
07-15 19:17:56.566 25769 25787 D skia    : WARNING: One-shot allocator has already allocated (alloc count = 1)
07-15 19:17:56.597 25769 25787 D dalvikvm: GC_FOR_ALLOC freed 1289K, 16% free 31180K/36743K, paused 26ms
07-15 19:17:56.625 25769 25787 D skia    : WARNING: One-shot allocator has already allocated (alloc count = 1)
07-15 19:17:56.668 25769 25787 D skia    : WARNING: One-shot allocator has already allocated (alloc count = 1)
07-15 19:17:56.757 25769 25771 D dalvikvm: GC_CONCURRENT freed 905K, 13% free 32222K/36743K, paused 2ms+5ms
07-15 19:17:56.785 25769 25787 D skia    : WARNING: One-shot allocator has already allocated (alloc count = 1)
07-15 19:17:56.812 25769 25787 D skia    : WARNING: One-shot allocator has already allocated (alloc count = 1)
07-15 19:17:56.836 25769 25787 D skia    : WARNING: One-shot allocator has already allocated (alloc count = 1)
07-15 19:17:56.875 25769 25787 D dalvikvm: GC_FOR_ALLOC freed 1574K, 12% free 32461K/36743K, paused 28ms
07-15 19:17:56.886   145   417 I ActivityManager: Process edu.buffalo.cse.phonelab.phonelabservices (pid 24463) has died.
07-15 19:17:56.886   145   417 W ActivityManager: Scheduling restart of crashed service edu.buffalo.cse.phonelab.phonelabservices/edu.buffalo.cse.phonelab.datalogger.LoggerService in 5000ms
07-15 19:17:56.914 25769 25787 D skia    : WARNING: One-shot allocator has already allocated (alloc count = 1)
07-15 19:17:56.941 25769 25787 D skia    : WARNING: One-shot allocator has already allocated (alloc count = 1)
07-15 19:17:56.972 25769 25787 D dalvikvm: GC_FOR_ALLOC freed 1289K, 11% free 32973K/36743K, paused 26ms
07-15 19:17:56.992 25769 25787 D skia    : WARNING: One-shot allocator has already allocated (alloc count = 1)
07-15 19:17:57.023 25769 25787 D dalvikvm: GC_FOR_ALLOC freed 518K, 10% free 33229K/36743K, paused 27ms
07-15 19:17:57.023 25769 25787 I dalvikvm-heap: Grow heap (frag case) to 33.034MB for 538640-byte allocation
07-15 19:17:57.058 25769 25884 D dalvikvm: GC_FOR_ALLOC freed 0K, 10% free 33755K/37319K, paused 24ms
07-15 19:17:57.082 25769 25787 D skia    : WARNING: One-shot allocator has already allocated (alloc count = 1)
07-15 19:17:57.113 25769 25787 D dalvikvm: GC_FOR_ALLOC freed 527K, 11% free 33485K/37319K, paused 26ms
07-15 19:17:57.129 25769 25787 D skia    : WARNING: One-shot allocator has already allocated (alloc count = 1)
07-15 19:17:57.160 25769 25787 D dalvikvm: GC_FOR_ALLOC freed 514K, 10% free 33741K/37319K, paused 26ms
07-15 19:17:57.172 25769 25787 D skia    : WARNING: One-shot allocator has already allocated (alloc count = 1)
07-15 19:17:57.207 25769 25787 D dalvikvm: GC_FOR_ALLOC freed 522K, 9% free 33997K/37319K, paused 26ms
07-15 19:17:57.234 25769 25787 D skia    : WARNING: One-shot allocator has already allocated (alloc count = 1)
07-15 19:17:57.269 25769 25787 D dalvikvm: GC_FOR_ALLOC freed 375K, 9% free 34253K/37319K, paused 26ms
07-15 19:17:57.300 25769 25787 D dalvikvm: GC_FOR_ALLOC freed 255K, 9% free 34254K/37319K, paused 25ms
07-15 19:17:57.300 25769 25787 I dalvikvm-heap: Grow heap (frag case) to 34.027MB for 530448-byte allocation
07-15 19:17:57.336 25769 25884 D dalvikvm: GC_FOR_ALLOC freed 0K, 9% free 34772K/37895K, paused 24ms
07-15 19:17:57.355 25769 25787 D skia    : WARNING: One-shot allocator has already allocated (alloc count = 1)
07-15 19:17:59.793 25769 25787 D dalvikvm: GC_FOR_ALLOC freed 1433K, 11% free 33742K/37895K, paused 52ms
07-15 19:17:59.808 25769 25787 D skia    : WARNING: One-shot allocator has already allocated (alloc count = 1)
07-15 19:18:00.172 25769 25787 D skia    : WARNING: One-shot allocator has already allocated (alloc count = 1)
07-15 19:18:00.320 25769 25787 D skia    : WARNING: One-shot allocator has already allocated (alloc count = 1)
07-15 19:18:00.355 25769 25787 D dalvikvm: GC_FOR_ALLOC freed 7603K, 27% free 27995K/37895K, paused 31ms
07-15 19:18:00.382 25769 25787 D skia    : WARNING: One-shot allocator has already allocated (alloc count = 1)
07-15 19:18:01.246 25769 25787 D skia    : WARNING: One-shot allocator has already allocated (alloc count = 1)
07-15 19:18:01.277 25769 25787 D dalvikvm: GC_FOR_ALLOC freed 2093K, 28% free 27595K/37895K, paused 29ms
07-15 19:18:01.304 25769 25787 D skia    : WARNING: One-shot allocator has already allocated (alloc count = 1)
07-15 19:18:01.324 25769 25787 D skia    : WARNING: One-shot allocator has already allocated (alloc count = 1)
07-15 19:18:01.351 25769 25787 D dalvikvm: GC_FOR_ALLOC freed 1043K, 26% free 28107K/37895K, paused 26ms
07-15 19:18:01.375 25769 25787 D skia    : WARNING: One-shot allocator has already allocated (alloc count = 1)
07-15 19:18:01.390 25769 25787 D skia    : WARNING: One-shot allocator has already allocated (alloc count = 1)
07-15 19:18:01.422 25769 25787 D dalvikvm: GC_FOR_ALLOC freed 1043K, 25% free 28619K/37895K, paused 25ms
07-15 19:18:01.441 25769 25787 D skia    : WARNING: One-shot allocator has already allocated (alloc count = 1)
07-15 19:18:01.461 25769 25787 D skia    : WARNING: One-shot allocator has already allocated (alloc count = 1)
07-15 19:18:02.050   145   162 I ActivityManager: Start proc edu.buffalo.cse.phonelab.phonelabservices for service edu.buffalo.cse.phonelab.phonelabservices/edu.buffalo.cse.phonelab.datalogger.LoggerService: pid=25923 uid=10036 gids={3003, 1015, 1007, 2001}
07-15 19:18:02.070   145  1736 I ActivityManager: Process com.google.android.apps.maps:NetworkLocationService (pid 23676) has died.
07-15 19:18:02.070   145  1736 W ActivityManager: Scheduling restart of crashed service com.google.android.apps.maps/com.google.android.location.internal.server.NetworkLocationService in 5000ms
07-15 19:18:02.297 25923 25923 I PhoneLab-LoggerService: Start Logger Service
07-15 19:18:02.379 25923 25936 I PhoneLab-: Service Running
07-15 19:18:02.488 25923 25936 I PhoneLab-LoggerService: app_36    1177  1     1448   996   c00f181c 400107b4 S logcat
07-15 19:18:02.488 25923 25936 I PhoneLab-LoggerService: Logcat pid from database 1177
07-15 19:18:02.492 25923 25936 I PhoneLab-LoggerService: Logcat process found 1177
07-15 19:18:02.492 25923 25936 I PhoneLab-LoggerService: Checking Threshold
07-15 19:18:02.492 25923 25936 I PhoneLab-LoggerService: Starting to rename files
07-15 19:18:02.496 25923 25936 I PhoneLab-LoggerService: Files found .. 2
07-15 19:18:03.910 25769 25771 D dalvikvm: GC_CONCURRENT freed 3039K, 28% free 27628K/37895K, paused 4ms+5ms
07-15 19:18:03.937 25769 25787 D skia    : WARNING: One-shot allocator has already allocated (alloc count = 1)
07-15 19:18:04.168 25769 25787 D skia    : WARNING: One-shot allocator has already allocated (alloc count = 1)
07-15 19:18:04.390 25769 25787 D skia    : WARNING: One-shot allocator has already allocated (alloc count = 1)
07-15 19:18:04.453 25769 25771 D dalvikvm: GC_CONCURRENT freed 1003K, 25% free 28627K/37895K, paused 4ms+7ms
07-15 19:18:04.566 25769 25787 D skia    : WARNING: One-shot allocator has already allocated (alloc count = 1)
07-15 19:18:04.582 25769 25787 D skia    : WARNING: One-shot allocator has already allocated (alloc count = 1)
07-15 19:18:04.656 25769 25787 D dalvikvm: GC_FOR_ALLOC freed 1575K, 25% free 28619K/37895K, paused 31ms
07-15 19:18:04.683 25769 25787 D skia    : WARNING: One-shot allocator has already allocated (alloc count = 1)
07-15 19:18:04.703 25769 25787 D skia    : WARNING: One-shot allocator has already allocated (alloc count = 1)
07-15 19:18:04.840 25769 25787 D dalvikvm: GC_FOR_ALLOC freed 1045K, 24% free 29132K/37895K, paused 48ms
07-15 19:18:04.855 25769 25787 D skia    : WARNING: One-shot allocator has already allocated (alloc count = 1)
07-15 19:18:04.879 25769 25787 D skia    : WARNING: One-shot allocator has already allocated (alloc count = 1)
07-15 19:18:04.937 25769 25771 D dalvikvm: GC_CONCURRENT freed 1531K, 22% free 29646K/37895K, paused 2ms+4ms
07-15 19:18:04.965 25769 25787 D skia    : WARNING: One-shot allocator has already allocated (alloc count = 1)
07-15 19:18:04.984 25769 25787 D skia    : WARNING: One-shot allocator has already allocated (alloc count = 1)
07-15 19:18:05.058 25769 25771 D dalvikvm: GC_CONCURRENT freed 1534K, 21% free 30157K/37895K, paused 2ms+5ms
07-15 19:18:05.086 25769 25787 D skia    : WARNING: One-shot allocator has already allocated (alloc count = 1)
07-15 19:18:07.093   145   162 I ActivityManager: Start proc com.google.android.apps.maps:NetworkLocationService for service com.google.android.apps.maps/com.google.android.location.internal.server.NetworkLocationService: pid=25940 uid=10054 gids={3003, 1015}
07-15 19:18:07.132 25769 25787 D skia    : WARNING: One-shot allocator has already allocated (alloc count = 1)
07-15 19:18:07.215 25769 25787 D dalvikvm: GC_FOR_ALLOC freed 4325K, 28% free 27595K/37895K, paused 51ms
07-15 19:18:07.343   145  1480 D dalvikvm: GC_EXPLICIT freed 831K, 25% free 16559K/21895K, paused 18ms+18ms
07-15 19:18:07.398 25769 25787 D skia    : WARNING: One-shot allocator has already allocated (alloc count = 1)
07-15 19:18:07.504 25769 25787 D skia    : WARNING: One-shot allocator has already allocated (alloc count = 1)
07-15 19:18:07.558 25940 25942 D dalvikvm: GC_CONCURRENT freed 158K, 3% free 9378K/9607K, paused 2ms+5ms
07-15 19:18:07.570 25769 25787 D dalvikvm: GC_FOR_ALLOC freed 1054K, 26% free 28107K/37895K, paused 63ms
07-15 19:18:07.668 25769 25787 D skia    : WARNING: One-shot allocator has already allocated (alloc count = 1)
07-15 19:18:07.695 25769 25787 D skia    : WARNING: One-shot allocator has already allocated (alloc count = 1)
07-15 19:18:07.734 25769 25787 D dalvikvm: GC_FOR_ALLOC freed 1049K, 25% free 28618K/37895K, paused 34ms
07-15 19:18:07.953 25769 25787 D skia    : WARNING: One-shot allocator has already allocated (alloc count = 1)
07-15 19:18:08.007 25769 25787 D skia    : WARNING: One-shot allocator has already allocated (alloc count = 1)
07-15 19:18:08.234 25940 25942 D dalvikvm: GC_CONCURRENT freed 154K, 3% free 9677K/9927K, paused 5ms+3ms
07-15 19:18:08.765 25940 25942 D dalvikvm: GC_CONCURRENT freed 173K, 3% free 10067K/10311K, paused 3ms+3ms
07-15 19:18:09.007 25940 25942 D dalvikvm: GC_CONCURRENT freed 665K, 8% free 9887K/10631K, paused 2ms+2ms
07-15 19:18:09.117   145   162 I ActivityManager: Start proc com.google.android.apps.maps:FriendService for broadcast com.google.android.apps.maps/com.google.googlenav.friend.android.ServiceReceiver: pid=25961 uid=10054 gids={3003, 1015}
07-15 19:18:09.320 25961 25964 D dalvikvm: GC_CONCURRENT freed 161K, 3% free 9375K/9607K, paused 3ms+23ms
07-15 19:18:09.547 25961 25964 D dalvikvm: GC_CONCURRENT freed 182K, 3% free 9736K/9991K, paused 6ms+7ms
07-15 19:18:09.605   145   417 I ActivityManager: Start proc com.google.android.apps.maps:LocationFriendService for broadcast com.google.android.apps.maps/com.google.googlenav.friend.reporting.LocationReportingIntentReceiver: pid=25974 uid=10054 gids={3003, 1015}
07-15 19:18:09.707   145   461 I ActivityManager: Process com.google.android.gallery3d:crop (pid 25900) has died.
07-15 19:18:09.746 25974 25976 D dalvikvm: GC_CONCURRENT freed 163K, 3% free 9373K/9607K, paused 2ms+2ms
07-15 19:18:09.980 25974 25976 D dalvikvm: GC_CONCURRENT freed 189K, 4% free 9671K/9991K, paused 5ms+3ms
07-15 19:18:10.113 25940 25947 I dalvikvm: Total arena pages for JIT: 11
07-15 19:18:10.113 25940 25947 I dalvikvm: Total arena pages for JIT: 12
07-15 19:18:10.113 25940 25947 I dalvikvm: Total arena pages for JIT: 13
07-15 19:18:10.113 25940 25947 I dalvikvm: Total arena pages for JIT: 14
07-15 19:18:10.113 25940 25947 I dalvikvm: Total arena pages for JIT: 15
07-15 19:18:10.113 25940 25947 I dalvikvm: Total arena pages for JIT: 16
07-15 19:18:10.113 25940 25947 I dalvikvm: Total arena pages for JIT: 17
07-15 19:18:10.191 25940 25942 D dalvikvm: GC_CONCURRENT freed 205K, 6% free 10097K/10631K, paused 2ms+2ms
07-15 19:18:10.211   145  1480 I ActivityManager: Start proc com.google.android.gsf.login for service com.google.android.gsf.login/com.google.android.gsf.loginservice.GoogleLoginService: pid=25993 uid=10009 gids={3003, 1015, 1007, 2001, 3006}
07-15 19:18:11.429 25993 25995 D dalvikvm: GC_CONCURRENT freed 302K, 4% free 9168K/9543K, paused 22ms+1ms
07-15 19:18:11.882 25940 25942 D dalvikvm: GC_CONCURRENT freed 438K, 6% free 10129K/10695K, paused 2ms+2ms
07-15 19:18:12.894 25993 26004 V GoogleLoginService: Returning error intent with: ComponentInfo{com.google.android.gsf.login/com.google.android.gsf.login.LoginActivity}
07-15 19:18:13.187 25993 26005 V GoogleLoginService: Returning error intent with: ComponentInfo{com.google.android.gsf.login/com.google.android.gsf.login.LoginActivity}
07-15 19:18:13.215 25993 25995 D dalvikvm: GC_CONCURRENT freed 323K, 5% free 9287K/9735K, paused 5ms+2ms
07-15 19:18:19.066 25769 25787 D dalvikvm: GC_FOR_ALLOC freed 2971K, 28% free 27338K/37895K, paused 32ms
07-15 19:18:19.093 25769 25787 D skia    : WARNING: One-shot allocator has already allocated (alloc count = 1)
07-15 19:18:19.109 25769 25787 D skia    : WARNING: One-shot allocator has already allocated (alloc count = 1)
07-15 19:18:19.140 25769 25787 D dalvikvm: GC_FOR_ALLOC freed 1545K, 28% free 27594K/37895K, paused 25ms
07-15 19:18:19.164 25769 25787 D skia    : WARNING: One-shot allocator has already allocated (alloc count = 1)
07-15 19:18:19.347 25769 25787 D skia    : WARNING: One-shot allocator has already allocated (alloc count = 1)
07-15 19:18:19.449 25769 25787 D dalvikvm: GC_FOR_ALLOC freed 1836K, 28% free 27337K/37895K, paused 29ms
07-15 19:18:19.480 25769 25787 D skia    : WARNING: One-shot allocator has already allocated (alloc count = 1)
07-15 19:18:19.515 25769 25787 D skia    : WARNING: One-shot allocator has already allocated (alloc count = 1)
07-15 19:18:19.550 25769 25787 D dalvikvm: GC_FOR_ALLOC freed 1540K, 28% free 27593K/37895K, paused 29ms
07-15 19:18:19.574 25769 25787 D skia    : WARNING: One-shot allocator has already allocated (alloc count = 1)
07-15 19:18:19.601 25769 25787 D skia    : WARNING: One-shot allocator has already allocated (alloc count = 1)
07-15 19:18:19.629 25769 25787 D dalvikvm: GC_FOR_ALLOC freed 1820K, 28% free 27594K/37895K, paused 24ms
07-15 19:18:19.652 25769 25787 D skia    : WARNING: One-shot allocator has already allocated (alloc count = 1)
07-15 19:18:19.695 25769 25787 D skia    : WARNING: One-shot allocator has already allocated (alloc count = 1)
07-15 19:18:19.726 25769 25787 D dalvikvm: GC_FOR_ALLOC freed 1799K, 28% free 27594K/37895K, paused 26ms
07-15 19:18:19.750 25769 25787 D skia    : WARNING: One-shot allocator has already allocated (alloc count = 1)
07-15 19:18:20.605 25769 25787 D skia    : WARNING: One-shot allocator has already allocated (alloc count = 1)
07-15 19:18:20.652 25769 25787 D dalvikvm: GC_FOR_ALLOC freed 1317K, 26% free 28106K/37895K, paused 26ms
07-15 19:18:20.683 25769 25787 D skia    : WARNING: One-shot allocator has already allocated (alloc count = 1)
07-15 19:18:20.711 25769 25787 D skia    : WARNING: One-shot allocator has already allocated (alloc count = 1)
07-15 19:18:20.742 25769 25787 D skia    : WARNING: One-shot allocator has already allocated (alloc count = 1)
07-15 19:18:20.765 25769 25787 D dalvikvm: GC_FOR_ALLOC freed 1907K, 26% free 28105K/37895K, paused 24ms
07-15 19:18:22.996 25769 25787 D skia    : WARNING: One-shot allocator has already allocated (alloc count = 1)
07-15 19:18:23.175 25769 25787 D skia    : WARNING: One-shot allocator has already allocated (alloc count = 1)
07-15 19:18:23.574 25769 25787 D dalvikvm: GC_FOR_ALLOC freed 1600K, 26% free 28362K/37895K, paused 48ms
07-15 19:18:23.597 25769 25787 D skia    : WARNING: One-shot allocator has already allocated (alloc count = 1)
07-15 19:18:23.789 25769 25787 D skia    : WARNING: One-shot allocator has already allocated (alloc count = 1)
07-15 19:18:25.121 25769 25787 D dalvikvm: GC_FOR_ALLOC freed 2142K, 27% free 27850K/37895K, paused 25ms
07-15 19:18:25.140 25769 25787 D skia    : WARNING: One-shot allocator has already allocated (alloc count = 1)
07-15 19:18:25.172 25769 25787 D skia    : WARNING: One-shot allocator has already allocated (alloc count = 1)
07-15 19:18:25.203 25769 25787 D dalvikvm: GC_FOR_ALLOC freed 1302K, 26% free 28106K/37895K, paused 25ms
07-15 19:18:25.230 25769 25787 D skia    : WARNING: One-shot allocator has already allocated (alloc count = 1)
07-15 19:18:25.257 25769 25787 D skia    : WARNING: One-shot allocator has already allocated (alloc count = 1)
07-15 19:18:25.293 25769 25787 D skia    : WARNING: One-shot allocator has already allocated (alloc count = 1)
07-15 19:18:25.351 25769 25771 D dalvikvm: GC_CONCURRENT freed 1818K, 26% free 28281K/37895K, paused 3ms+5ms
07-15 19:18:25.367 25769 25787 D skia    : WARNING: One-shot allocator has already allocated (alloc count = 1)
07-15 19:18:25.379 25769 25787 D skia    : WARNING: One-shot allocator has already allocated (alloc count = 1)
07-15 19:18:25.406 25769 25787 D dalvikvm: GC_FOR_ALLOC freed 1806K, 26% free 28106K/37895K, paused 25ms
07-15 19:18:25.425 25769 25787 D skia    : WARNING: One-shot allocator has already allocated (alloc count = 1)
07-15 19:18:25.433 25769 25787 D skia    : WARNING: One-shot allocator has already allocated (alloc count = 1)
07-15 19:18:25.445 25769 25787 D skia    : WARNING: One-shot allocator has already allocated (alloc count = 1)
07-15 19:18:25.468 25769 25787 D dalvikvm: GC_FOR_ALLOC freed 2008K, 27% free 27993K/37895K, paused 23ms
07-15 19:18:25.668 25769 25787 D skia    : WARNING: One-shot allocator has already allocated (alloc count = 1)
07-15 19:18:25.699 25769 25787 D skia    : WARNING: One-shot allocator has already allocated (alloc count = 1)
07-15 19:18:25.726 25769 25787 D dalvikvm: GC_FOR_ALLOC freed 1185K, 25% free 28616K/37895K, paused 25ms
07-15 19:18:25.765 25769 25787 D skia    : WARNING: One-shot allocator has already allocated (alloc count = 1)
07-15 19:18:25.797 25769 25787 D dalvikvm: GC_FOR_ALLOC freed 1538K, 25% free 28619K/37895K, paused 24ms
07-15 19:18:25.812 25769 25787 D skia    : WARNING: One-shot allocator has already allocated (alloc count = 1)
07-15 19:18:25.832 25769 25787 D skia    : WARNING: One-shot allocator has already allocated (alloc count = 1)
07-15 19:18:25.882 25769 25771 D dalvikvm: GC_CONCURRENT freed 1788K, 24% free 28875K/37895K, paused 2ms+4ms
07-15 19:18:39.742 25769 25769 V StateManager: finishState class com.android.gallery3d.app.PhotoPage
07-15 19:18:39.797 25769 25769 V StateManager: no more state, finish activity
07-15 19:18:39.871 25736 25736 V CameraHolder: open camera 0
07-15 19:18:39.886    82  6260 I CameraService: Opening camera 0
07-15 19:18:39.886    82  6260 I CameraHardwareSec: int android::HAL_camera_device_open(const hw_module_t*, const char*, hw_device_t**): open camera 0
07-15 19:18:39.886    82  6260 E SecCamera: initCamera: m_cam_fd(12), m_jpeg_fd(0)
07-15 19:18:39.886    82  6260 I SecCamera: Name of input channel[0] is S5K4ECGX
07-15 19:18:39.890    82  6260 E SecCamera: initCamera: m_cam_fd2(18)
07-15 19:18:39.890    82  6260 I SecCamera: Name of input channel[0] is S5K4ECGX
07-15 19:18:39.890    82  6260 I SecCamera: initCamera : initialized
07-15 19:18:39.890    82  6260 I SecCamera: Name of input channel[0] is S5K4ECGX
07-15 19:18:39.890    82  6260 I CameraHardwareSec: int android::HAL_camera_device_open(const hw_module_t*, const char*, hw_device_t**): opened camera 0 (0x88ece8)
07-15 19:18:39.890    82 26012 I CameraHardwareSec: int android::CameraHardwareSec::previewThreadWrapper(): starting
07-15 19:18:39.890    82 26012 I CameraHardwareSec: int android::CameraHardwareSec::previewThreadWrapper(): calling mSecCamera->stopPreview() and waiting
07-15 19:18:39.890    82 26012 W SecCamera: int android::SecCamera::stopPreview(): doing nothing because m_flag_camera_start is zero
07-15 19:18:39.914    82  6260 I AwesomePlayer: setDataSource_l('/system/media/audio/ui/camera_click.ogg')
07-15 19:18:39.937    82  6260 I AwesomePlayer: setDataSource_l('/system/media/audio/ui/VideoRecord.ogg')
07-15 19:18:39.968 25736 25736 D Camera  : app passed NULL surface
07-15 19:18:39.980 25736 25736 V camera  : Preview size is 640x480
07-15 19:18:39.992 25736 25736 V camera  : startPreview
07-15 19:18:39.992    82 12607 E CameraHardwareSec: preview window is NULL!
07-15 19:18:39.992    82 12607 I CameraHardwareSec: virtual android::status_t android::CameraHardwareSec::startPreview() : deferring
07-15 19:18:40.004 25736 25736 V camera  : surfaceChanged. w=480. h=640
07-15 19:18:40.355   145   161 I Process : Sending signal. PID: 25736 SIG: 3
07-15 19:18:40.355 25736 25740 I dalvikvm: threadid=3: reacting to signal 3
07-15 19:18:40.386 25736 25740 I dalvikvm: Wrote stack traces to '/data/anr/traces.txt'
07-15 19:18:40.718    82   126 D CameraHardwareSec: mPreviewHeap(fd(12), size(460800), width(640), height(480))
07-15 19:18:40.722    82 26012 I CameraHardwareSec: int android::CameraHardwareSec::previewThreadWrapper(): return from wait
07-15 19:18:40.773 25736 25736 D CameraStorage: External storage state=mounted
07-15 19:18:40.808 25736 25736 D Thumbnail: getLastVideoThumbnail: /mnt/sdcard/DCIM/Camera/VID_20120704_221123.mp4
07-15 19:18:40.851   145   161 I Process : Sending signal. PID: 25736 SIG: 3
07-15 19:18:40.851 25736 25740 I dalvikvm: threadid=3: reacting to signal 3
07-15 19:18:40.855 25736 25740 I dalvikvm: Wrote stack traces to '/data/anr/traces.txt'
07-15 19:18:40.925 25736 25738 D dalvikvm: GC_CONCURRENT freed 468K, 22% free 12235K/15623K, paused 10ms+3ms
07-15 19:18:41.105 25769 25769 D OpenGLRenderer: Flushing caches (mode 0)
07-15 19:18:41.105 25736 25736 W IInputConnectionWrapper: showStatusIcon on inactive InputConnection
07-15 19:18:41.582 25769 25769 D OpenGLRenderer: Flushing caches (mode 2)
07-15 19:18:41.582 25769 25769 D OpenGLRenderer: Flushing caches (mode 0)
07-15 19:18:41.609 25769 25769 V StateManager: destroy
07-15 19:18:41.672 25769 25769 D dalvikvm: GC_EXPLICIT freed 2528K, 31% free 26354K/37895K, paused 2ms+7ms
07-15 19:18:43.929   145   156 I ActivityManager: START {act=com.android.camera.action.REVIEW dat=content://media/external/images/media/2594 cmp=com.google.android.gallery3d/com.android.gallery3d.app.Gallery} from pid 25736
07-15 19:18:43.976 25736 25736 V camera  : stopPreview
07-15 19:18:44.355    82 26012 I CameraHardwareSec: int android::CameraHardwareSec::previewThreadWrapper(): calling mSecCamera->stopPreview() and waiting
07-15 19:18:44.410    82  7888 I CameraHardwareSec: void android::CameraHardwareSec::stopPreviewInternal() : preview not running, doing nothing
07-15 19:18:44.414    82   126 I CameraHardwareSec: void android::CameraHardwareSec::stopPreviewInternal() : preview not running, doing nothing
07-15 19:18:44.414    82 26012 I CameraHardwareSec: int android::CameraHardwareSec::previewThreadWrapper(): return from wait
07-15 19:18:44.414    82 26012 I CameraHardwareSec: int android::CameraHardwareSec::previewThreadWrapper(): exiting
07-15 19:18:44.414    82 26012 W SecCamera: int android::SecCamera::stopPreview(): doing nothing because m_flag_camera_start is zero
07-15 19:18:44.418    82   126 W SecCamera: int android::SecCamera::stopRecord(): doing nothing because m_flag_record_start is zero
07-15 19:18:44.418    82   126 I SecCamera: DeinitCamera: m_cam_fd(12)
07-15 19:18:44.425    82   126 I SecCamera: DeinitCamera: m_cam_fd2(18)
07-15 19:18:44.445    82   126 E CameraHardwareSec: preview window is NULL!
07-15 19:18:44.445    82   126 I CameraService: Destroying camera 0
07-15 19:18:44.445    82   126 I CameraHardwareSec: int android::HAL_camera_device_close(hw_device_t*)
07-15 19:18:44.445    82   126 I SecCamera: DeinitCamera : already deinitialized
07-15 19:18:44.453    82   498 W AudioFlinger: session id 785 not found for pid 82
07-15 19:18:44.453    82   498 W AudioFlinger: session id 786 not found for pid 82
07-15 19:18:44.461   145   161 I Process : Sending signal. PID: 25736 SIG: 3
07-15 19:18:44.461 25736 25740 I dalvikvm: threadid=3: reacting to signal 3
07-15 19:18:44.461   145   161 W ActivityManager: Activity pause timeout for ActivityRecord{41789a18 com.android.camera/.Camera}
07-15 19:18:44.465 25736 25740 I dalvikvm: Wrote stack traces to '/data/anr/traces.txt'
07-15 19:18:44.539 25769 25769 V StateManager: startState class com.android.gallery3d.app.PhotoPage
07-15 19:18:44.652 25769 26023 I GalleryEGLConfigChooser: Config chosen: R5 G6 B5 A0 D24 S8 ID7 CAVEAT12344 
07-15 19:18:44.691 25769 26023 I GLRootView: onSurfaceChanged: 480x800, gl10: com.google.android.gles_jni.GLImpl@413c7790
07-15 19:18:44.691 25769 26023 I GLRootView: layout content pane 480x800
07-15 19:18:44.715   145   175 I ActivityManager: Displayed com.google.android.gallery3d/com.android.gallery3d.app.Gallery: +247ms
07-15 19:18:44.761 25736 25736 D OpenGLRenderer: Flushing caches (mode 1)
07-15 19:18:44.812 25736 25736 D OpenGLRenderer: Flushing caches (mode 0)
07-15 19:18:44.914 25769 26023 I GLRootView: layout content pane 480x800
07-15 19:18:45.027 25769 26023 D dalvikvm: GC_FOR_ALLOC freed 15648K, 68% free 12467K/37895K, paused 38ms
07-15 19:18:45.066 25769 26023 D dalvikvm: GC_FOR_ALLOC freed 1364K, 69% free 11779K/37895K, paused 29ms
07-15 19:18:45.105 25769 26023 D dalvikvm: GC_FOR_ALLOC freed <1K, 68% free 12455K/37895K, paused 26ms
07-15 19:18:45.132 25736 25736 D OpenGLRenderer: Flushing caches (mode 2)
07-15 19:18:45.144 25769 26023 D dalvikvm: GC_FOR_ALLOC freed <1K, 66% free 13132K/37895K, paused 30ms
07-15 19:18:45.218 25736 25736 D OpenGLRenderer: Flushing caches (mode 0)
07-15 19:18:45.222 25769 25783 D dalvikvm: GC_FOR_ALLOC freed 19K, 64% free 13755K/37895K, paused 30ms
07-15 19:18:45.316 25769 25771 D dalvikvm: GC_CONCURRENT freed 17K, 60% free 15276K/37895K, paused 2ms+4ms
07-15 19:18:45.468 25769 25771 D dalvikvm: GC_CONCURRENT freed 115K, 55% free 17107K/37895K, paused 2ms+4ms
07-15 19:18:45.609 25769 25771 D dalvikvm: GC_CONCURRENT freed 126K, 51% free 18929K/37895K, paused 2ms+7ms
07-15 19:18:45.730 25769 25783 D dalvikvm: GC_FOR_ALLOC freed 113K, 48% free 19717K/37895K, paused 32ms
07-15 19:18:45.890 25769 25771 D dalvikvm: GC_CONCURRENT freed 49K, 43% free 21705K/37895K, paused 3ms+5ms
07-15 19:18:46.105 25769 25792 D dalvikvm: GC_FOR_ALLOC freed 214K, 39% free 23395K/37895K, paused 31ms
07-15 19:18:46.672 25769 25771 D dalvikvm: GC_CONCURRENT freed 198K, 34% free 25244K/37895K, paused 3ms+5ms
07-15 19:18:46.976 25769 25771 D dalvikvm: GC_CONCURRENT freed 216K, 29% free 26955K/37895K, paused 2ms+4ms
07-15 19:18:47.187 25769 25783 D dalvikvm: GC_FOR_ALLOC freed 1349K, 29% free 27202K/37895K, paused 26ms
07-15 19:18:47.468 25769 25791 D skia    : WARNING: One-shot allocator has already allocated (alloc count = 1)
07-15 19:18:47.496 25769 25791 D dalvikvm: GC_FOR_ALLOC freed 70K, 24% free 28935K/37895K, paused 27ms
07-15 19:18:47.547 25769 25791 D skia    : WARNING: One-shot allocator has already allocated (alloc count = 1)
07-15 19:18:47.652 25769 25791 D skia    : WARNING: One-shot allocator has already allocated (alloc count = 1)
07-15 19:18:47.691 25769 25791 D dalvikvm: GC_FOR_ALLOC freed 1685K, 24% free 28925K/37895K, paused 27ms
07-15 19:18:47.797 25769 25791 D skia    : WARNING: One-shot allocator has already allocated (alloc count = 1)
07-15 19:18:47.843 25769 25791 D skia    : WARNING: One-shot allocator has already allocated (alloc count = 1)
07-15 19:18:47.910 25769 25791 D skia    : WARNING: One-shot allocator has already allocated (alloc count = 1)
07-15 19:18:47.984 25769 25771 D dalvikvm: GC_CONCURRENT freed 915K, 21% free 29953K/37895K, paused 3ms+6ms
07-15 19:18:48.074 25769 25791 D skia    : WARNING: One-shot allocator has already allocated (alloc count = 1)
07-15 19:18:48.148 25769 25791 D skia    : WARNING: One-shot allocator has already allocated (alloc count = 1)
07-15 19:18:48.183 25769 25791 D dalvikvm: GC_FOR_ALLOC freed 1318K, 21% free 30207K/37895K, paused 29ms
07-15 19:18:48.230 25769 25791 D skia    : WARNING: One-shot allocator has already allocated (alloc count = 1)
07-15 19:18:48.269 25769 25791 D skia    : WARNING: One-shot allocator has already allocated (alloc count = 1)
07-15 19:18:48.328 25769 25791 D skia    : WARNING: One-shot allocator has already allocated (alloc count = 1)
07-15 19:18:48.355 25769 25791 D dalvikvm: GC_FOR_ALLOC freed 1037K, 19% free 31019K/37895K, paused 27ms
07-15 19:18:48.414 25769 25791 D skia    : WARNING: One-shot allocator has already allocated (alloc count = 1)
07-15 19:18:48.461 25769 25791 D skia    : WARNING: One-shot allocator has already allocated (alloc count = 1)
07-15 19:18:48.519 25769 25771 D dalvikvm: GC_CONCURRENT freed 1032K, 16% free 31964K/37895K, paused 2ms+5ms
07-15 19:18:48.554 25769 25791 D skia    : WARNING: One-shot allocator has already allocated (alloc count = 1)
07-15 19:18:48.578 25769 25791 D skia    : WARNING: One-shot allocator has already allocated (alloc count = 1)
07-15 19:18:48.609 25769 25791 D dalvikvm: GC_FOR_ALLOC freed 1806K, 16% free 31967K/37895K, paused 26ms
07-15 19:18:48.629 25769 25791 D skia    : WARNING: One-shot allocator has already allocated (alloc count = 1)
07-15 19:18:48.648 25769 25791 D skia    : WARNING: One-shot allocator has already allocated (alloc count = 1)
07-15 19:18:48.679 25769 25791 D dalvikvm: GC_FOR_ALLOC freed 1044K, 15% free 32479K/37895K, paused 25ms
07-15 19:18:48.699 25769 25791 D skia    : WARNING: One-shot allocator has already allocated (alloc count = 1)
07-15 19:18:48.715 25769 25791 D skia    : WARNING: One-shot allocator has already allocated (alloc count = 1)
07-15 19:18:48.793 25769 25771 D dalvikvm: GC_CONCURRENT freed 1036K, 12% free 33375K/37895K, paused 2ms+4ms
07-15 19:18:48.820 25769 25791 D skia    : WARNING: One-shot allocator has already allocated (alloc count = 1)
07-15 19:18:48.847 25769 25791 D skia    : WARNING: One-shot allocator has already allocated (alloc count = 1)
07-15 19:18:48.867 25769 25791 D skia    : WARNING: One-shot allocator has already allocated (alloc count = 1)
07-15 19:18:48.894 25769 25791 D dalvikvm: GC_FOR_ALLOC freed 4092K, 18% free 31198K/37895K, paused 26ms
07-15 19:18:48.910 25769 25791 D skia    : WARNING: One-shot allocator has already allocated (alloc count = 1)
07-15 19:18:48.925 25769 25791 D skia    : WARNING: One-shot allocator has already allocated (alloc count = 1)
07-15 19:18:48.953 25769 25791 D dalvikvm: GC_FOR_ALLOC freed 1796K, 18% free 31209K/37895K, paused 27ms
07-15 19:18:48.968 25769 25791 D skia    : WARNING: One-shot allocator has already allocated (alloc count = 1)
07-15 19:18:48.988 25769 25791 D skia    : WARNING: One-shot allocator has already allocated (alloc count = 1)
07-15 19:18:49.019 25769 25791 D dalvikvm: GC_FOR_ALLOC freed 2321K, 20% free 30687K/37895K, paused 25ms
07-15 19:18:49.043 25769 25791 D skia    : WARNING: One-shot allocator has already allocated (alloc count = 1)
07-15 19:18:49.070 25769 25791 D skia    : WARNING: One-shot allocator has already allocated (alloc count = 1)
07-15 19:18:49.086 25769 25791 D skia    : WARNING: One-shot allocator has already allocated (alloc count = 1)
07-15 19:18:49.117 25769 25791 D dalvikvm: GC_FOR_ALLOC freed 1275K, 18% free 31213K/37895K, paused 31ms
07-15 19:18:49.140 25769 25791 D skia    : WARNING: One-shot allocator has already allocated (alloc count = 1)
07-15 19:18:49.168 25769 25791 D skia    : WARNING: One-shot allocator has already allocated (alloc count = 1)
07-15 19:18:49.195 25769 25791 D dalvikvm: GC_FOR_ALLOC freed 2071K, 20% free 30687K/37895K, paused 25ms
07-15 19:18:49.207 25769 25791 D skia    : WARNING: One-shot allocator has already allocated (alloc count = 1)
07-15 19:18:49.230 25769 25791 D skia    : WARNING: One-shot allocator has already allocated (alloc count = 1)
07-15 19:18:49.257 25769 25791 D skia    : WARNING: One-shot allocator has already allocated (alloc count = 1)
07-15 19:18:49.340 25769 25771 D dalvikvm: GC_CONCURRENT freed 1293K, 18% free 31342K/37895K, paused 2ms+5ms
07-15 19:18:49.394 25769 25791 D skia    : WARNING: One-shot allocator has already allocated (alloc count = 1)
07-15 19:18:49.429 25769 25791 D skia    : WARNING: One-shot allocator has already allocated (alloc count = 1)
07-15 19:18:49.472 25769 25791 D dalvikvm: GC_FOR_ALLOC freed 1391K, 17% free 31712K/37895K, paused 28ms
07-15 19:18:49.492 25769 25791 D skia    : WARNING: One-shot allocator has already allocated (alloc count = 1)
07-15 19:18:49.515 25769 25791 D skia    : WARNING: One-shot allocator has already allocated (alloc count = 1)
07-15 19:18:49.543 25769 25791 D dalvikvm: GC_FOR_ALLOC freed 1284K, 15% free 32224K/37895K, paused 25ms
07-15 19:18:49.562 25769 25791 D skia    : WARNING: One-shot allocator has already allocated (alloc count = 1)
07-15 19:18:49.586 25769 25791 D skia    : WARNING: One-shot allocator has already allocated (alloc count = 1)
07-15 19:18:49.617 25769 25791 D dalvikvm: GC_FOR_ALLOC freed 1040K, 14% free 32737K/37895K, paused 25ms
07-15 19:18:49.636 25769 25791 D skia    : WARNING: One-shot allocator has already allocated (alloc count = 1)
07-15 19:18:49.656 25769 25791 D skia    : WARNING: One-shot allocator has already allocated (alloc count = 1)
07-15 19:18:49.687 25769 25791 D dalvikvm: GC_FOR_ALLOC freed 1040K, 13% free 33249K/37895K, paused 27ms
07-15 19:18:49.707 25769 25791 D skia    : WARNING: One-shot allocator has already allocated (alloc count = 1)
07-15 19:18:49.730 25769 25791 D skia    : WARNING: One-shot allocator has already allocated (alloc count = 1)
07-15 19:18:49.800 25769 25771 D dalvikvm: GC_CONCURRENT freed 1032K, 10% free 34144K/37895K, paused 2ms+5ms
07-15 19:18:49.836 25769 25791 D skia    : WARNING: One-shot allocator has already allocated (alloc count = 1)
07-15 19:18:49.875 25769 25791 D skia    : WARNING: One-shot allocator has already allocated (alloc count = 1)
07-15 19:18:49.918 25769 25791 D skia    : WARNING: One-shot allocator has already allocated (alloc count = 1)
07-15 19:18:49.945 25769 25791 D dalvikvm: GC_FOR_ALLOC freed 3060K, 13% free 32991K/37895K, paused 26ms
07-15 19:18:49.957 25769 25791 D skia    : WARNING: One-shot allocator has already allocated (alloc count = 1)
07-15 19:18:50.500   145   181 I InputReader: Dropping virtual key from device cypress-touchkey because virtual keys are temporarily disabled for the next 231.862ms.  keyCode=4, scanCode=158
07-15 19:18:50.558   145   181 I InputReader: Dropping key up from device cypress-touchkey because the key was not down.  keyCode=4, scanCode=158
07-15 19:18:57.308 25769 25787 D dalvikvm: GC_FOR_ALLOC freed 8411K, 32% free 25948K/37895K, paused 28ms
07-15 19:18:57.382 25769 25792 D dalvikvm: GC_FOR_ALLOC freed 3626K, 39% free 23442K/37895K, paused 27ms
07-15 19:18:57.449 25769 25783 D dalvikvm: GC_FOR_ALLOC freed 135K, 35% free 24639K/37895K, paused 24ms
07-15 19:18:57.504 25769 25787 D dalvikvm: GC_FOR_ALLOC freed 49K, 32% free 25845K/37895K, paused 25ms
07-15 19:18:57.558 25769 25792 D dalvikvm: GC_FOR_ALLOC freed 55K, 29% free 27036K/37895K, paused 23ms
07-15 19:18:57.906   145   458 I ActivityManager: START {act=android.intent.action.VIEW dat=content://media/external/video/media/30 typ=video/* cmp=com.google.android.gallery3d/com.android.gallery3d.app.MovieActivity (has extras)} from pid 25769
07-15 19:18:58.254   145  2107 I AudioService:  AudioFocus  requestAudioFocus() from android.media.AudioManager@426673c8
07-15 19:18:58.351 25769 25771 D dalvikvm: GC_CONCURRENT freed 2822K, 31% free 26171K/37895K, paused 10ms+5ms
07-15 19:18:58.429    82 26028 I OMXCodec: [OMX.SEC.AVC.Decoder] AVC profile = 66 (Baseline), level = 31
07-15 19:18:58.429    82 26028 I OMXCodec: [OMX.SEC.AVC.Decoder] video dimensions are 720 x 480
07-15 19:18:58.465   145   175 I ActivityManager: Displayed com.google.android.gallery3d/com.android.gallery3d.app.MovieActivity: +459ms
07-15 19:18:58.554 25769 25769 D OpenGLRenderer: Flushing caches (mode 0)
07-15 19:18:58.586 25769 25769 D MediaPlayer: getMetadata
07-15 19:18:58.695 25769 25769 V StateManager: saveState
07-15 19:18:58.695 25769 25769 V StateManager: saveState class com.android.gallery3d.app.PhotoPage
07-15 19:18:59.058    82 26033 W SoftAAC : Sample rate was 32000 Hz, but now is 16000 Hz
07-15 19:18:59.109    82   125 D AudioHardware: AudioHardware pcm playback is exiting standby.
07-15 19:18:59.109    82   125 D AudioHardware: openPcmOut_l() mPcmOpenCnt: 0
07-15 19:19:02.648    82    82 W AudioFlinger: session id 787 not found for pid 25769
07-15 19:19:02.715 25769 26023 I GalleryEGLConfigChooser: Config chosen: R5 G6 B5 A0 D24 S8 ID7 CAVEAT12344 
07-15 19:19:02.730 25769 26023 I GLRootView: GLObject has changed from com.google.android.gles_jni.GLImpl@413c7790 to com.google.android.gles_jni.GLImpl@42689be8
07-15 19:19:02.730 25769 26023 I GLRootView: onSurfaceChanged: 480x800, gl10: com.google.android.gles_jni.GLImpl@42689be8
07-15 19:19:02.769 25769 26023 I GLRootView: onSurfaceChanged: 480x800, gl10: com.google.android.gles_jni.GLImpl@42689be8
07-15 19:19:02.949 25769 25769 D OpenGLRenderer: Flushing caches (mode 0)
07-15 19:19:03.027 25769 25771 D dalvikvm: GC_CONCURRENT freed 13607K, 62% free 14608K/37895K, paused 2ms+9ms
07-15 19:19:03.117   145   383 I AudioService:  AudioFocus  abandonAudioFocus() from android.media.AudioManager@426673c8
07-15 19:19:03.218 25769 25771 D dalvikvm: GC_CONCURRENT freed 260K, 58% free 16198K/37895K, paused 2ms+6ms
07-15 19:19:03.355 25769 25792 D dalvikvm: GC_FOR_ALLOC freed 155K, 54% free 17454K/37895K, paused 30ms
07-15 19:19:03.472 25769 25771 D dalvikvm: GC_CONCURRENT freed 73K, 49% free 19411K/37895K, paused 1ms+5ms
07-15 19:19:03.554 25769 25792 D dalvikvm: GC_FOR_ALLOC freed 154K, 46% free 20651K/37895K, paused 26ms
07-15 19:19:03.636 25769 25771 D dalvikvm: GC_CONCURRENT freed 58K, 41% free 22630K/37895K, paused 2ms+4ms
07-15 19:19:03.722 25769 25771 D dalvikvm: GC_CONCURRENT freed 108K, 36% free 24462K/37895K, paused 2ms+4ms
07-15 19:19:03.855 25769 25771 D dalvikvm: GC_CONCURRENT freed 185K, 31% free 26310K/37895K, paused 2ms+4ms
07-15 19:19:04.000 25769 25791 D dalvikvm: GC_FOR_ALLOC freed 184K, 27% free 28038K/37895K, paused 27ms
07-15 19:19:05.625    82   125 D AudioHardware: AudioHardware pcm playback is going to standby.
07-15 19:19:05.625    82   125 D AudioHardware: closePcmOut_l() mPcmOpenCnt: 1
07-15 19:19:15.554 25769 25787 D dalvikvm: GC_FOR_ALLOC freed 2570K, 28% free 27307K/37895K, paused 35ms
07-15 19:19:15.613 25769 25792 D dalvikvm: GC_FOR_ALLOC freed 3488K, 35% free 24934K/37895K, paused 26ms
07-15 19:19:15.672 25769 25791 D dalvikvm: GC_FOR_ALLOC freed 47K, 32% free 26101K/37895K, paused 27ms
07-15 19:19:15.715 25769 25787 D dalvikvm: GC_FOR_ALLOC freed 13K, 29% free 27205K/37895K, paused 24ms
07-15 19:19:17.257   145  2107 I ActivityManager: START {act=android.intent.action.VIEW dat=content://media/external/video/media/2570 typ=video/* cmp=com.google.android.gallery3d/com.android.gallery3d.app.MovieActivity (has extras)} from pid 25769
07-15 19:19:17.386   145   379 I AudioService:  AudioFocus  requestAudioFocus() from android.media.AudioManager@41305f20
07-15 19:19:17.500    82 26041 I OMXCodec: [OMX.SEC.AVC.Decoder] AVC profile = 66 (Baseline), level = 31
07-15 19:19:17.500    82 26041 I OMXCodec: [OMX.SEC.AVC.Decoder] video dimensions are 720 x 480
07-15 19:19:17.523   145   175 I ActivityManager: Displayed com.google.android.gallery3d/com.android.gallery3d.app.MovieActivity: +185ms
07-15 19:19:17.629 25769 25769 D OpenGLRenderer: Flushing caches (mode 0)
07-15 19:19:17.648 25769 25769 D MediaPlayer: getMetadata
07-15 19:19:17.750 25769 25769 V StateManager: saveState
07-15 19:19:17.750 25769 25769 V StateManager: saveState class com.android.gallery3d.app.PhotoPage
07-15 19:19:17.769   145   148 D dalvikvm: GC_CONCURRENT freed 1767K, 25% free 16558K/21895K, paused 9ms+11ms
07-15 19:19:18.172    82 26046 W SoftAAC : Sample rate was 32000 Hz, but now is 16000 Hz
07-15 19:19:18.203    82   125 D AudioHardware: AudioHardware pcm playback is exiting standby.
07-15 19:19:18.203    82   125 D AudioHardware: openPcmOut_l() mPcmOpenCnt: 0
07-15 19:19:25.988   145   176 I InputQueue-JNI: Sending finished signal for input channel 'hidden nav (client)' since it is being unregistered while an input message is still in progress.
07-15 19:19:26.007   145   176 I InputQueue-JNI: Ignoring finish signal on channel that is no longer registered.
07-15 19:19:26.906    82 26041 W TimedEventQueue: Event 633 was not found in the queue, already cancelled?
07-15 19:19:29.914    82   125 D AudioHardware: AudioHardware pcm playback is going to standby.
07-15 19:19:29.914    82   125 D AudioHardware: closePcmOut_l() mPcmOpenCnt: 1
07-15 19:19:36.242 25923 25923 I PhoneLab-PowerOnReceiver: Power is plugged in!
07-15 19:19:36.242 25923 25923 I PhoneLab-PowerOnReceiver: Rescheduling periodic checking...
07-15 19:19:36.340   215   215 W PowerUI : unknown intent: Intent { act=android.intent.action.ACTION_POWER_CONNECTED flg=0x10000010 }
07-15 19:19:36.347 25923 25923 I PhoneLab-Locks: wake lock acquired
07-15 19:19:36.390   145   383 I ActivityManager: Start proc com.google.android.youtube for broadcast com.google.android.youtube/.app.prefetch.PrefetchService$DeviceStateReceiver: pid=26051 uid=10058 gids={3003, 1015, 1006}
07-15 19:19:36.394 25923 25923 I PhoneLab-UploadLogs: Transfering log files now
07-15 19:19:36.394 25794 25794 W battery_widget_monitor: BAT0 - 57=>43 since 5h07m
07-15 19:19:36.590 25923 25925 D dalvikvm: GC_CONCURRENT freed 410K, 6% free 9125K/9607K, paused 11ms+4ms
07-15 19:19:36.683 25923 25923 D dalvikvm: GC_FOR_ALLOC freed 275K, 5% free 9194K/9671K, paused 30ms
07-15 19:19:36.703 25923 25923 D dalvikvm: GC_FOR_ALLOC freed 56K, 6% free 9258K/9799K, paused 14ms
07-15 19:19:36.703 25923 25923 I dalvikvm-heap: Grow heap (frag case) to 9.352MB for 254548-byte allocation
07-15 19:19:36.711 26051 26053 D dalvikvm: GC_CONCURRENT freed 162K, 3% free 9360K/9607K, paused 2ms+2ms
07-15 19:19:36.730 25923 25923 D dalvikvm: GC_FOR_ALLOC freed 120K, 7% free 9386K/10055K, paused 27ms
07-15 19:19:36.734 25923 25923 I dalvikvm-heap: Grow heap (frag case) to 9.727MB for 516692-byte allocation
07-15 19:19:37.152 25923 25925 D dalvikvm: GC_CONCURRENT freed 248K, 9% free 9642K/10567K, paused 1ms+387ms
07-15 19:19:37.172 26051 26051 I ActivityThread: Pub com.google.android.youtube.SuggestionProvider: com.google.android.youtube.core.suggest.SuggestionProvider
07-15 19:19:37.175 25923 25923 I PhoneLab-UploadLogs: OnStartCommand
07-15 19:19:37.582 26051 26053 D dalvikvm: GC_CONCURRENT freed 347K, 5% free 9573K/9991K, paused 4ms+4ms
07-15 19:19:37.582 26051 26060 W CursorWrapperInner: Cursor finalized without prior close()
07-15 19:19:37.582 26051 26060 W CursorWrapperInner: Cursor finalized without prior close()
07-15 19:19:37.703 26051 26053 D dalvikvm: GC_CONCURRENT freed 409K, 5% free 9703K/10183K, paused 2ms+3ms
07-15 19:19:37.761 25923 26066 D dalvikvm: GC_FOR_ALLOC freed 382K, 9% free 9627K/10567K, paused 111ms
07-15 19:19:37.808 26051 26053 D dalvikvm: GC_CONCURRENT freed 296K, 4% free 9944K/10311K, paused 2ms+3ms
07-15 19:19:37.843 25923 26066 D dalvikvm: GC_FOR_ALLOC freed 301K, 9% free 9627K/10567K, paused 80ms
07-15 19:19:37.890 25923 26066 D dalvikvm: GC_FOR_ALLOC freed 301K, 9% free 9633K/10567K, paused 40ms
07-15 19:19:39.238    82   125 D AudioHardware: AudioHardware pcm playback is exiting standby.
07-15 19:19:39.238    82   125 D AudioHardware: openPcmOut_l() mPcmOpenCnt: 0
07-15 19:19:46.367 25923 25923 I PhoneLab-Locks: wake lock acquired
07-15 19:19:46.425 25923 26095 I PhoneLab-PeriodicCheckService: User info is synched
07-15 19:19:46.437 25923 26095 I PhoneLab-PeriodicCheckService: Logger Service is running
07-15 19:19:46.441 25923 26095 I PhoneLab-Locks: wake lock acquired
07-15 19:19:46.441 25923 25923 I PhoneLab-UploadLogs: OnStartCommand
07-15 19:19:46.449 25923 26095 I PhoneLab-PeriodicCheckService: Rescheduling periodic checking...
07-15 19:19:46.453 25923 26095 I PhoneLab-Locks: wake lock released
07-15 19:19:47.070 25923 25923 I PhoneLab-: 1342394216987.log is deleted
07-15 19:19:47.070 25923 25923 I PhoneLab-: Response: {"data": "done", "err": ""}
07-15 19:19:47.070 25923 25923 I PhoneLab-UploadLogs: No log files to transfer
07-15 19:19:47.070 25923 25923 I PhoneLab-Locks: wake lock released
07-15 19:20:02.414 25923 25936 I PhoneLab-: Service Running
07-15 19:20:02.590 25923 25936 I PhoneLab-LoggerService: app_36    1177  1     1448   996   c00f181c 400107b4 S logcat
07-15 19:20:02.590 25923 25936 I PhoneLab-LoggerService: Logcat pid from database 1177
07-15 19:20:02.590 25923 25936 I PhoneLab-LoggerService: Logcat process found 1177
07-15 19:20:02.590 25923 25936 I PhoneLab-LoggerService: Checking Threshold
07-15 19:20:02.601 25923 25925 D dalvikvm: GC_CONCURRENT freed 883K, 14% free 9153K/10567K, paused 2ms+8ms
07-15 19:20:19.816   145   176 I InputQueue-JNI: Sending finished signal for input channel 'hidden nav (client)' since it is being unregistered while an input message is still in progress.
07-15 19:20:19.828   145   176 I InputQueue-JNI: Ignoring finish signal on channel that is no longer registered.
07-15 19:20:21.293    82 26041 W TimedEventQueue: Event 3769 was not found in the queue, already cancelled?
07-15 19:20:22.496    82 26041 W TimedEventQueue: Event 3832 was not found in the queue, already cancelled?
07-15 19:20:23.304    82  7888 W AudioFlinger: session id 788 not found for pid 25769
07-15 19:20:23.336 25769 26023 I GalleryEGLConfigChooser: Config chosen: R5 G6 B5 A0 D24 S8 ID7 CAVEAT12344 
07-15 19:20:23.351 25769 26023 I GLRootView: GLObject has changed from com.google.android.gles_jni.GLImpl@42689be8 to com.google.android.gles_jni.GLImpl@41ec0cd0
07-15 19:20:23.351 25769 26023 I GLRootView: onSurfaceChanged: 480x800, gl10: com.google.android.gles_jni.GLImpl@41ec0cd0
07-15 19:20:23.422 25769 25791 D dalvikvm: GC_FOR_ALLOC freed 2792K, 31% free 26279K/37895K, paused 26ms
07-15 19:20:23.433 25769 26023 I GLRootView: onSurfaceChanged: 480x800, gl10: com.google.android.gles_jni.GLImpl@41ec0cd0
07-15 19:20:23.535 25769 25769 D OpenGLRenderer: Flushing caches (mode 0)
07-15 19:20:23.707 25769 25771 D dalvikvm: GC_CONCURRENT freed 13562K, 62% free 14738K/37895K, paused 2ms+6ms
07-15 19:20:23.754   145   458 I AudioService:  AudioFocus  abandonAudioFocus() from android.media.AudioManager@41305f20
07-15 19:20:23.890 25769 25771 D dalvikvm: GC_CONCURRENT freed 148K, 57% free 16431K/37895K, paused 2ms+4ms
07-15 19:20:24.035 25769 25771 D dalvikvm: GC_CONCURRENT freed 74K, 52% free 18292K/37895K, paused 2ms+4ms
07-15 19:20:24.125 25769 25771 D dalvikvm: GC_CONCURRENT freed 118K, 47% free 20099K/37895K, paused 2ms+4ms
07-15 19:20:24.230 25769 25771 D dalvikvm: GC_CONCURRENT freed 143K, 43% free 21979K/37895K, paused 2ms+6ms
07-15 19:20:24.300 25769 25771 D dalvikvm: GC_CONCURRENT freed 67K, 38% free 23837K/37895K, paused 2ms+4ms
07-15 19:20:24.547 25769 25771 D dalvikvm: GC_CONCURRENT freed 204K, 33% free 25659K/37895K, paused 2ms+4ms
07-15 19:20:24.742 25769 25771 D dalvikvm: GC_CONCURRENT freed 179K, 28% free 27524K/37895K, paused 2ms+6ms
07-15 19:20:24.918 25769 25783 D dalvikvm: GC_FOR_ALLOC freed 1314K, 29% free 27120K/37895K, paused 32ms
07-15 19:20:25.519    82   125 D AudioHardware: AudioHardware pcm playback is going to standby.
07-15 19:20:25.519    82   125 D AudioHardware: closePcmOut_l() mPcmOpenCnt: 1
07-15 19:20:26.433 25769 25791 D dalvikvm: GC_FOR_ALLOC freed 1264K, 29% free 27124K/37895K, paused 52ms
07-15 19:20:27.547 25769 25783 D dalvikvm: GC_FOR_ALLOC freed 1302K, 29% free 27126K/37895K, paused 47ms
07-15 19:20:28.047 25769 25769 V StateManager: finishState class com.android.gallery3d.app.PhotoPage
07-15 19:20:28.105 25769 25769 V StateManager: no more state, finish activity
07-15 19:20:28.164 25923 25923 I PhoneLab-Locks: wake lock acquired
07-15 19:20:28.168 25923 25923 I PhoneLab-StatusMonitor: Status Monitoring is started
07-15 19:20:28.172 25736 25736 V CameraHolder: open camera 0
07-15 19:20:28.172    82 12607 I CameraService: Opening camera 0
07-15 19:20:28.172    82 12607 I CameraHardwareSec: int android::HAL_camera_device_open(const hw_module_t*, const char*, hw_device_t**): open camera 0
07-15 19:20:28.175    82 12607 E SecCamera: initCamera: m_cam_fd(12), m_jpeg_fd(0)
07-15 19:20:28.175    82 12607 I SecCamera: Name of input channel[0] is S5K4ECGX
07-15 19:20:28.191    82 12607 E SecCamera: initCamera: m_cam_fd2(18)
07-15 19:20:28.191    82 12607 I SecCamera: Name of input channel[0] is S5K4ECGX
07-15 19:20:28.191    82 12607 I SecCamera: initCamera : initialized
07-15 19:20:28.191    82 12607 I SecCamera: Name of input channel[0] is S5K4ECGX
07-15 19:20:28.191    82 12607 I CameraHardwareSec: int android::HAL_camera_device_open(const hw_module_t*, const char*, hw_device_t**): opened camera 0 (0x8a8878)
07-15 19:20:28.195    82 12607 I AwesomePlayer: setDataSource_l('/system/media/audio/ui/camera_click.ogg')
07-15 19:20:28.199    82 26106 I CameraHardwareSec: int android::CameraHardwareSec::previewThreadWrapper(): starting
07-15 19:20:28.199    82 26106 I CameraHardwareSec: int android::CameraHardwareSec::previewThreadWrapper(): calling mSecCamera->stopPreview() and waiting
07-15 19:20:28.199    82 26106 W SecCamera: int android::SecCamera::stopPreview(): doing nothing because m_flag_camera_start is zero
07-15 19:20:28.215    82 12607 I AwesomePlayer: setDataSource_l('/system/media/audio/ui/VideoRecord.ogg')
07-15 19:20:28.257 25736 25736 D Camera  : app passed NULL surface
07-15 19:20:28.261 25736 25736 V camera  : Preview size is 640x480
07-15 19:20:28.265 25736 25736 V camera  : startPreview
07-15 19:20:28.269    82  7888 E CameraHardwareSec: preview window is NULL!
07-15 19:20:28.269    82  7888 I CameraHardwareSec: virtual android::status_t android::CameraHardwareSec::startPreview() : deferring
07-15 19:20:28.277 25736 25736 V camera  : surfaceChanged. w=480. h=640
07-15 19:20:28.343 25923 25925 D dalvikvm: GC_CONCURRENT freed 378K, 14% free 9190K/10567K, paused 1ms+2ms
07-15 19:20:28.425 25923 25923 I PhoneLab-StatusMonitor: Value: 10 - unit: min
07-15 19:20:28.425 25923 25923 I PhoneLab-StatusMonitor: Running interval: 600000
07-15 19:20:28.433 25923 25923 I PhoneLab-StatusMonitor: Rescheduling status monitoring...
07-15 19:20:28.437 25923 25923 I PhoneLab-Locks: wake lock released
07-15 19:20:28.441 25923 25923 I PhoneLab-StatusMonitorLocation: Learning Location
07-15 19:20:28.441 25923 25923 I PhoneLab-Locks: wake lock acquired
07-15 19:20:28.492 25923 25923 I PhoneLab-Locks: wake lock acquired
07-15 19:20:28.500 25923 25923 I PhoneLab-StatusMonitorLocation: Learning Signal Strgth
07-15 19:20:28.500 25923 25923 I PhoneLab-Locks: wake lock acquired
07-15 19:20:28.500 15980 16078 D androidNetworkLocationListeners: Still have listener com.google.android.location.internal.client.NetworkLocationClient$1@413a9ae8
07-15 19:20:28.504 15980 16078 D androidNetworkLocationListeners: Still have listener com.google.android.location.internal.client.NetworkLocationClient$1@413a9ae8
07-15 19:20:28.523 25923 25923 I PhoneLab-StatusMonitorBattery: Battery_level: 43
07-15 19:20:28.523 25923 25923 I PhoneLab-Locks: wake lock released
07-15 19:20:28.527 25923 25923 I PhoneLab-StatusMonitorSignal: Signal_Strength: -96 asu: 9
07-15 19:20:28.527 25923 25923 I PhoneLab-Locks: wake lock released
07-15 19:20:28.648   145   161 I Process : Sending signal. PID: 25736 SIG: 3
07-15 19:20:28.648 25736 25740 I dalvikvm: threadid=3: reacting to signal 3
07-15 19:20:28.664 25736 25740 I dalvikvm: Wrote stack traces to '/data/anr/traces.txt'
07-15 19:20:29.090    82   126 D CameraHardwareSec: mPreviewHeap(fd(12), size(460800), width(640), height(480))
07-15 19:20:29.093    82 26106 I CameraHardwareSec: int android::CameraHardwareSec::previewThreadWrapper(): return from wait
07-15 19:20:29.144   145   161 I Process : Sending signal. PID: 25736 SIG: 3
07-15 19:20:29.144 25736 25740 I dalvikvm: threadid=3: reacting to signal 3
07-15 19:20:29.195 25736 25740 I dalvikvm: Wrote stack traces to '/data/anr/traces.txt'
07-15 19:20:29.215 25736 25736 D CameraStorage: External storage state=mounted
07-15 19:20:29.226 25736 25738 D dalvikvm: GC_CONCURRENT freed 2200K, 30% free 10984K/15623K, paused 6ms+9ms
07-15 19:20:29.304 25611 25614 D dalvikvm: GC_CONCURRENT freed 338K, 9% free 9240K/10055K, paused 2ms+2ms
07-15 19:20:29.476 25769 25769 D OpenGLRenderer: Flushing caches (mode 0)
07-15 19:20:29.894 25923 25923 I PhoneLab-StatusMonitorLocation: Location_Latitude: 42.9536724 Longitude: -78.8282887 Accuracy: 25.0
07-15 19:20:29.898 15980 16078 D androidNetworkLocationListeners: Still have listener com.google.android.location.internal.client.NetworkLocationClient$1@413a9ae8
07-15 19:20:29.898 25923 25923 I PhoneLab-Locks: wake lock released
07-15 19:20:30.027 15980 15981 D dalvikvm: GC_CONCURRENT freed 364K, 6% free 10575K/11207K, paused 16ms+4ms
07-15 19:20:30.121 25769 25769 D OpenGLRenderer: Flushing caches (mode 1)
07-15 19:20:30.121 25769 25769 V StateManager: destroy
07-15 19:20:30.179 25769 25769 D dalvikvm: GC_EXPLICIT freed 2416K, 32% free 25919K/37895K, paused 2ms+6ms
07-15 19:20:39.902   145  1480 D dalvikvm: GC_EXPLICIT freed 1035K, 25% free 16534K/21895K, paused 4ms+17ms
07-15 19:20:39.914 15980 18424 I EventLogService: Aggregate from 1342392639662 (log), 1342392639662 (data)
07-15 19:21:00.117 25769 25769 D OpenGLRenderer: Flushing caches (mode 2)
07-15 19:21:22.715   145   180 I ActivityManager: START {act=android.intent.action.MAIN cat=[android.intent.category.HOME] flg=0x10200000 cmp=com.android.launcher/com.android.launcher2.Launcher} from pid 145
07-15 19:21:22.742 25736 25736 V camera  : stopPreview
07-15 19:21:23.101    82 26106 I CameraHardwareSec: int android::CameraHardwareSec::previewThreadWrapper(): calling mSecCamera->stopPreview() and waiting
07-15 19:21:23.152    82   126 I CameraHardwareSec: void android::CameraHardwareSec::stopPreviewInternal() : preview not running, doing nothing
07-15 19:21:23.152    82  6260 I CameraHardwareSec: void android::CameraHardwareSec::stopPreviewInternal() : preview not running, doing nothing
07-15 19:21:23.152    82 26106 I CameraHardwareSec: int android::CameraHardwareSec::previewThreadWrapper(): return from wait
07-15 19:21:23.156    82 26106 I CameraHardwareSec: int android::CameraHardwareSec::previewThreadWrapper(): exiting
07-15 19:21:23.156    82 26106 W SecCamera: int android::SecCamera::stopPreview(): doing nothing because m_flag_camera_start is zero
07-15 19:21:23.156    82  6260 W SecCamera: int android::SecCamera::stopRecord(): doing nothing because m_flag_record_start is zero
07-15 19:21:23.156    82  6260 I SecCamera: DeinitCamera: m_cam_fd(12)
07-15 19:21:23.168    82  6260 I SecCamera: DeinitCamera: m_cam_fd2(18)
07-15 19:21:23.187    82  6260 E CameraHardwareSec: preview window is NULL!
07-15 19:21:23.191    82  6260 I CameraService: Destroying camera 0
07-15 19:21:23.191    82  6260 I CameraHardwareSec: int android::HAL_camera_device_close(hw_device_t*)
07-15 19:21:23.191    82  6260 I SecCamera: DeinitCamera : already deinitialized
07-15 19:21:23.203    82   498 W AudioFlinger: session id 789 not found for pid 82
07-15 19:21:23.203    82   498 W AudioFlinger: session id 790 not found for pid 82
07-15 19:21:23.242   145   161 I Process : Sending signal. PID: 25736 SIG: 3
07-15 19:21:23.242 25736 25740 I dalvikvm: threadid=3: reacting to signal 3
07-15 19:21:23.242   145   161 W ActivityManager: Activity pause timeout for ActivityRecord{41789a18 com.android.camera/.Camera}
07-15 19:21:23.246 25736 25740 I dalvikvm: Wrote stack traces to '/data/anr/traces.txt'
07-15 19:21:23.527 25736 25736 D OpenGLRenderer: Flushing caches (mode 0)
07-15 19:21:23.586 25736 25736 D OpenGLRenderer: Flushing caches (mode 1)
07-15 19:21:24.078 25736 25736 D OpenGLRenderer: Flushing caches (mode 1)
07-15 19:21:25.371   145   172 I power   : *** set_screen_state 0
07-15 19:21:25.422    79   122 D SurfaceFlinger: About to give-up screen, flinger = 0x477918
07-15 19:21:25.425   145   176 D UnlockScreen: portrait mode
07-15 19:21:25.547   145   176 V TransportControlView: Create TCV com.android.internal.widget.TransportControlView@4131e7b0
07-15 19:21:25.601   367  1447 D NfcService: NFC-C OFF, disconnect
07-15 19:21:25.644 25736 25736 D OpenGLRenderer: Flushing caches (mode 2)
07-15 19:21:25.644 25736 25736 D OpenGLRenderer: Flushing caches (mode 0)
07-15 19:21:25.687   215   215 D PhoneStatusBar: disable: < EXPAND* icons alerts TICKER* system_info back home RECENT* clock >
07-15 19:21:25.777   215   215 D PhoneStatusBar: disable: < EXPAND icons alerts TICKER system_info BACK* HOME* RECENT CLOCK* >
07-15 19:21:52.386 22993 22993 I wpa_supplicant: wlan0: WPA: Group rekeying completed with 98:fc:11:c3:3f:e6 [GTK=TKIP]
07-15 19:22:02.379 25923 25936 I PhoneLab-: Service Running
07-15 19:22:02.468 25923 25936 I PhoneLab-LoggerService: app_36    1177  1     1448   996   c00f181c 400107b4 S logcat
07-15 19:22:02.468 25923 25936 I PhoneLab-LoggerService: Logcat pid from database 1177
07-15 19:22:02.468 25923 25936 I PhoneLab-LoggerService: Logcat process found 1177
07-15 19:22:02.468 25923 25936 I PhoneLab-LoggerService: Checking Threshold
07-15 19:24:02.379 25923 25936 I PhoneLab-: Service Running
07-15 19:24:02.468 25923 25936 I PhoneLab-LoggerService: app_36    1177  1     1448   996   c00f181c 400107b4 S logcat
07-15 19:24:02.468 25923 25936 I PhoneLab-LoggerService: Logcat pid from database 1177
07-15 19:24:02.468 25923 25936 I PhoneLab-LoggerService: Logcat process found 1177
07-15 19:24:02.468 25923 25936 I PhoneLab-LoggerService: Checking Threshold
07-15 19:24:06.925 26127 26127 D dalvikvm: Late-enabling CheckJNI
07-15 19:24:06.929   145   157 I ActivityManager: Start proc com.viber.voip:keepAliveReceiver for broadcast com.viber.voip/com.viber.service.KeepAliveReceiver: pid=26127 uid=10063 gids={3003, 1015, 3002, 3001, 1007, 1006}
07-15 19:24:06.984 26127 26127 I dalvikvm: Turning on JNI app bug workarounds for target SDK version 5...
07-15 19:24:07.172 26127 26127 D ACRA    : Retrieve application default SharedPreferences.
07-15 19:24:07.172 26127 26127 D ACRA    : Set OnSharedPreferenceChangeListener.
07-15 19:24:07.187 26127 26127 D ACRA    : ACRA is enabled for com.viber.voip, intializing...
07-15 19:24:07.289 26127 26127 D ACRA    : Looking for error files in /data/data/com.viber.voip/files
07-15 19:24:07.332 26127 26130 D dalvikvm: GC_CONCURRENT freed 254K, 4% free 9273K/9607K, paused 8ms+6ms
07-15 19:24:07.418 26127 26127 E ServiceLocator: ServiceLocator$VoipServiceConnection.onServiceConnected ext: android.os.BinderProxy@4134c398
07-15 19:26:02.379 25923 25936 I PhoneLab-: Service Running
07-15 19:26:02.476 25923 25936 I PhoneLab-LoggerService: app_36    1177  1     1448   996   c00f181c 400107b4 S logcat
07-15 19:26:02.476 25923 25936 I PhoneLab-LoggerService: Logcat pid from database 1177
07-15 19:26:02.476 25923 25936 I PhoneLab-LoggerService: Logcat process found 1177
07-15 19:26:02.476 25923 25936 I PhoneLab-LoggerService: Checking Threshold
07-15 19:26:19.800   145   174 I ActivityManager: Start proc com.android.email for service com.android.email/.service.MailService: pid=26153 uid=10013 gids={3003, 1015}
07-15 19:26:19.933 26153 26153 I ActivityThread: Pub com.android.email.provider;com.android.email.notifier: com.android.email.provider.EmailProvider
07-15 19:26:19.968 26153 26153 I ActivityThread: Pub com.android.email.attachmentprovider: com.android.email.provider.AttachmentProvider
07-15 19:26:20.058   145  2682 I ActivityManager: Start proc com.android.exchange for service com.android.exchange/.ExchangeService: pid=26169 uid=10014 gids={3003, 1015}
07-15 19:26:20.097 26153 26181 I Email   : ReconcilePopImapAccountsSync: start
07-15 19:26:20.172 26169 26169 I ActivityThread: Pub com.android.exchange.directory.provider: com.android.exchange.provider.ExchangeDirectoryProvider
07-15 19:26:20.222 26169 26185 D ExchangeService: !!! EAS ExchangeService, onCreate
07-15 19:26:20.234 26169 26169 D ExchangeService: !!! EAS ExchangeService, onStartCommand, startingUp = false, running = false
07-15 19:26:20.265 26169 26183 D Eas Debug: Logging: 
07-15 19:26:20.320 26169 26186 D ExchangeService: Received deviceId from Email app: androidc1834965561
07-15 19:26:20.320 26169 26186 D ExchangeService: Reconciling accounts...
07-15 19:26:20.328 26169 26169 D ExchangeService: !!! EAS ExchangeService, onStartCommand, startingUp = true, running = false
07-15 19:26:20.332 26169 26183 D Eas Debug: Logging: 
07-15 19:26:20.453 26153 26155 D dalvikvm: GC_CONCURRENT freed 259K, 4% free 9210K/9543K, paused 7ms+3ms
07-15 19:26:20.695 26153 26193 I Email   : ReconcilePopImapAccountsSync: already running
07-15 19:26:20.797   145   148 D dalvikvm: GC_CONCURRENT freed 1170K, 22% free 17118K/21895K, paused 9ms+6ms
07-15 19:26:20.863 26153 26181 I Email   : ReconcilePopImapAccountsSync: done
07-15 19:26:20.961 26153 26201 D AttachmentService: Count: 0
07-15 19:26:20.996 26153 26201 D AttachmentService: *** All done; shutting down service
07-15 19:26:21.007 26153 26182 I Email   : ReconcilePopImapAccountsSync: start
07-15 19:26:21.035 26153 26182 I Email   : ReconcilePopImapAccountsSync: done
07-15 19:26:21.211 26153 26155 D dalvikvm: GC_CONCURRENT freed 224K, 4% free 9378K/9735K, paused 17ms+3ms
07-15 19:26:33.793   145  2682 D dalvikvm: GC_EXPLICIT freed 138K, 23% free 17071K/21895K, paused 3ms+8ms
07-15 19:26:33.847 26153 26155 D dalvikvm: GC_CONCURRENT freed 348K, 5% free 9448K/9927K, paused 2ms+3ms
07-15 19:26:33.894 26153 26167 D Email   : *** synchronizeMailboxGeneric ***
07-15 19:26:37.902 26153 26168 I Email   : ReconcilePopImapAccountsSync: start
07-15 19:26:37.929 26153 26168 I Email   : ReconcilePopImapAccountsSync: done
07-15 19:26:40.191 26153 26167 D Email   : *** synchronizeMailboxGeneric ***
07-15 19:26:43.047 26153 26180 I Email   : ReconcilePopImapAccountsSync: start
07-15 19:26:43.086 26153 26180 I Email   : ReconcilePopImapAccountsSync: done
07-15 19:26:43.371 26153 26167 W SSLCertificateSocketFactory: Bypassing SSL security checks at caller's request
07-15 19:26:44.699 26153 26155 D dalvikvm: GC_CONCURRENT freed 334K, 5% free 9522K/9991K, paused 14ms+2ms
07-15 19:26:49.007 26153 26167 D dalvikvm: GC_EXPLICIT freed 120K, 6% free 9486K/9991K, paused 5ms+2ms
07-15 19:26:49.117   145  1736 D dalvikvm: GC_EXPLICIT freed 95K, 23% free 17075K/21895K, paused 3ms+7ms
07-15 19:26:49.132 26153 26167 D Email   : *** synchronizeMailboxGeneric ***
07-15 19:26:58.820 26153 26167 D Email   : *** synchronizeMailboxGeneric ***
07-15 19:28:02.379 25923 25936 I PhoneLab-: Service Running
07-15 19:28:02.484 25923 25925 D dalvikvm: GC_CONCURRENT freed 395K, 13% free 9210K/10567K, paused 2ms+2ms
07-15 19:28:02.488 25923 25936 I PhoneLab-LoggerService: app_36    1177  1     1448   996   c00f181c 400107b4 S logcat
07-15 19:28:02.488 25923 25936 I PhoneLab-LoggerService: Logcat pid from database 1177
07-15 19:28:02.488 25923 25936 I PhoneLab-LoggerService: Logcat process found 1177
07-15 19:28:02.488 25923 25936 I PhoneLab-LoggerService: Checking Threshold
07-15 19:30:02.379 25923 25936 I PhoneLab-: Service Running
07-15 19:30:02.445 25923 25936 I PhoneLab-LoggerService: app_36    1177  1     1448   996   c00f181c 400107b4 S logcat
07-15 19:30:02.445 25923 25936 I PhoneLab-LoggerService: Logcat pid from database 1177
07-15 19:30:02.449 25923 25936 I PhoneLab-LoggerService: Logcat process found 1177
07-15 19:30:02.449 25923 25936 I PhoneLab-LoggerService: Checking Threshold
07-15 19:30:28.449 25923 25923 I PhoneLab-Locks: wake lock acquired
07-15 19:30:28.476 25923 25923 I PhoneLab-StatusMonitor: Status Monitoring is started
07-15 19:30:28.554 25923 25923 I PhoneLab-StatusMonitor: Value: 10 - unit: min
07-15 19:30:28.554 25923 25925 D dalvikvm: GC_CONCURRENT freed 419K, 12% free 9361K/10567K, paused 2ms+2ms
07-15 19:30:28.558 25923 25923 I PhoneLab-StatusMonitor: Running interval: 600000
07-15 19:30:28.570 25923 25923 I PhoneLab-StatusMonitor: Rescheduling status monitoring...
07-15 19:30:28.574 25923 25923 I PhoneLab-Locks: wake lock released
07-15 19:30:28.578 25923 25923 I PhoneLab-StatusMonitorLocation: Learning Location
07-15 19:30:28.578 25923 25923 I PhoneLab-Locks: wake lock acquired
07-15 19:30:28.590 25923 25923 I PhoneLab-Locks: wake lock acquired
07-15 19:30:28.590 15980 16078 D androidNetworkLocationListeners: Still have listener com.google.android.location.internal.client.NetworkLocationClient$1@413a9ae8
07-15 19:30:28.593 25923 25923 I PhoneLab-StatusMonitorLocation: Learning Signal Strgth
07-15 19:30:28.593 25923 25923 I PhoneLab-Locks: wake lock acquired
07-15 19:30:28.601 15980 16078 D androidNetworkLocationListeners: Still have listener com.google.android.location.internal.client.NetworkLocationClient$1@413a9ae8
07-15 19:30:28.609 25923 25923 I PhoneLab-StatusMonitorBattery: Battery_level: 47
07-15 19:30:28.609 25923 25923 I PhoneLab-Locks: wake lock released
07-15 19:30:28.613 25923 25923 I PhoneLab-StatusMonitorSignal: Signal_Strength: -86 asu: 14
07-15 19:30:28.613 25923 25923 I PhoneLab-Locks: wake lock released
07-15 19:30:29.902 15980 15981 D dalvikvm: GC_CONCURRENT freed 549K, 6% free 10543K/11207K, paused 2ms+2ms
07-15 19:30:29.914 25923 25923 I PhoneLab-StatusMonitorLocation: Location_Latitude: 42.9536776 Longitude: -78.8282666 Accuracy: 27.0
07-15 19:30:29.914 15980 16078 D androidNetworkLocationListeners: Still have listener com.google.android.location.internal.client.NetworkLocationClient$1@413a9ae8
07-15 19:30:29.918 25923 25923 I PhoneLab-Locks: wake lock released
07-15 19:31:25.250   215   217 D dalvikvm: GC_CONCURRENT freed 385K, 53% free 10151K/21319K, paused 1ms+4ms
07-15 19:32:02.379 25923 25936 I PhoneLab-: Service Running
07-15 19:32:02.445 25923 25936 I PhoneLab-LoggerService: app_36    1177  1     1448   996   c00f181c 400107b4 S logcat
07-15 19:32:02.449 25923 25936 I PhoneLab-LoggerService: Logcat pid from database 1177
07-15 19:32:02.449 25923 25936 I PhoneLab-LoggerService: Logcat process found 1177
07-15 19:32:02.449 25923 25936 I PhoneLab-LoggerService: Checking Threshold
07-15 19:33:55.715 25940 25942 D dalvikvm: GC_CONCURRENT freed 361K, 5% free 10219K/10695K, paused 5ms+3ms
07-15 19:34:02.379 25923 25936 I PhoneLab-: Service Running
07-15 19:34:02.453 25923 25936 I PhoneLab-LoggerService: app_36    1177  1     1448   996   c00f181c 400107b4 S logcat
07-15 19:34:02.453 25923 25936 I PhoneLab-LoggerService: Logcat pid from database 1177
07-15 19:34:02.453 25923 25936 I PhoneLab-LoggerService: Logcat process found 1177
07-15 19:34:02.457 25923 25936 I PhoneLab-LoggerService: Checking Threshold
07-15 19:36:02.379 25923 25936 I PhoneLab-: Service Running
07-15 19:36:02.461 25923 25936 I PhoneLab-LoggerService: app_36    1177  1     1448   996   c00f181c 400107b4 S logcat
07-15 19:36:02.461 25923 25936 I PhoneLab-LoggerService: Logcat pid from database 1177
07-15 19:36:02.461 25923 25936 I PhoneLab-LoggerService: Logcat process found 1177
07-15 19:36:02.461 25923 25936 I PhoneLab-LoggerService: Checking Threshold
07-15 19:38:02.379 25923 25936 I PhoneLab-: Service Running
07-15 19:38:02.445 25923 25936 I PhoneLab-LoggerService: app_36    1177  1     1448   996   c00f181c 400107b4 S logcat
07-15 19:38:02.445 25923 25936 I PhoneLab-LoggerService: Logcat pid from database 1177
07-15 19:38:02.445 25923 25936 I PhoneLab-LoggerService: Logcat process found 1177
07-15 19:38:02.445 25923 25936 I PhoneLab-LoggerService: Checking Threshold
07-15 19:38:19.828   145   156 I ActivityManager: Start proc android.process.acore for content provider com.android.providers.contacts/.ContactsProvider2: pid=26221 uid=10000 gids={3003, 1015}
07-15 19:38:19.859    80    80 D dalvikvm: GC_EXPLICIT freed 38K, 4% free 9031K/9347K, paused 2ms+2ms
07-15 19:38:19.929 26221 26221 I ActivityThread: Pub com.android.voicemail: com.android.providers.contacts.VoicemailContentProvider
07-15 19:38:19.929    80    80 D dalvikvm: GC_EXPLICIT freed <1K, 4% free 9031K/9347K, paused 1ms+5ms
07-15 19:38:19.980 26221 26221 I ActivityThread: Pub user_dictionary: com.android.providers.userdictionary.UserDictionaryProvider
07-15 19:38:20.004    80    80 D dalvikvm: GC_EXPLICIT freed <1K, 4% free 9031K/9347K, paused 2ms+6ms
07-15 19:38:20.011 26221 26221 I ActivityThread: Pub com.android.social: com.android.providers.contacts.SocialProvider
07-15 19:38:20.011 26221 26221 I ActivityThread: Pub applications: com.android.providers.applications.ApplicationsProvider
07-15 19:38:20.140 26221 26225 D dalvikvm: GC_CONCURRENT freed 348K, 5% free 9147K/9607K, paused 2ms+1ms
07-15 19:38:20.140 26221 26221 I ActivityThread: Pub contacts;com.android.contacts: com.android.providers.contacts.ContactsProvider2
07-15 19:38:20.265 26221 26221 I ActivityThread: Pub call_log: com.android.providers.contacts.CallLogProvider
07-15 19:38:21.613 26221 26225 D dalvikvm: GC_CONCURRENT freed 174K, 4% free 9362K/9671K, paused 5ms+2ms
07-15 19:38:25.347 25940 25942 D dalvikvm: GC_CONCURRENT freed 364K, 5% free 10293K/10759K, paused 18ms+4ms
07-15 19:38:40.398 25487 25489 D dalvikvm: GC_CONCURRENT freed 275K, 6% free 9999K/10567K, paused 10ms+6ms
07-15 19:38:45.535 25487 25489 D dalvikvm: GC_CONCURRENT freed 355K, 5% free 10081K/10567K, paused 2ms+4ms
07-15 19:40:02.398 25923 25936 I PhoneLab-: Service Running
07-15 19:40:02.531 25923 25936 I PhoneLab-LoggerService: app_36    1177  1     1448   996   c00f181c 400107b4 S logcat
07-15 19:40:02.531 25923 25936 I PhoneLab-LoggerService: Logcat pid from database 1177
07-15 19:40:02.531 25923 25936 I PhoneLab-LoggerService: Logcat process found 1177
07-15 19:40:02.531 25923 25936 I PhoneLab-LoggerService: Checking Threshold
07-15 19:40:28.609 25923 25923 I PhoneLab-Locks: wake lock acquired
07-15 19:40:28.664 25923 25923 I PhoneLab-StatusMonitor: Status Monitoring is started
07-15 19:40:28.742 25923 25925 D dalvikvm: GC_CONCURRENT freed 625K, 13% free 9248K/10567K, paused 2ms+3ms
07-15 19:40:28.793 25923 25923 I PhoneLab-StatusMonitor: Value: 10 - unit: min
07-15 19:40:28.793 25923 25923 I PhoneLab-StatusMonitor: Running interval: 600000
07-15 19:40:28.800 25923 25923 I PhoneLab-StatusMonitor: Rescheduling status monitoring...
07-15 19:40:28.800 25923 25923 I PhoneLab-Locks: wake lock released
07-15 19:40:28.808 25923 25923 I PhoneLab-StatusMonitorLocation: Learning Location
07-15 19:40:28.808 25923 25923 I PhoneLab-Locks: wake lock acquired
07-15 19:40:28.816 25923 25923 I PhoneLab-Locks: wake lock acquired
07-15 19:40:28.816 15980 16078 D androidNetworkLocationListeners: Still have listener com.google.android.location.internal.client.NetworkLocationClient$1@413a9ae8
07-15 19:40:28.820 25923 25923 I PhoneLab-StatusMonitorLocation: Learning Signal Strgth
07-15 19:40:28.820 25923 25923 I PhoneLab-Locks: wake lock acquired
07-15 19:40:28.832 15980 16078 D androidNetworkLocationListeners: Still have listener com.google.android.location.internal.client.NetworkLocationClient$1@413a9ae8
07-15 19:40:28.843 25923 25923 I PhoneLab-StatusMonitorBattery: Battery_level: 53
07-15 19:40:28.847 25923 25923 I PhoneLab-Locks: wake lock released
07-15 19:40:28.847 25923 25923 I PhoneLab-StatusMonitorSignal: Signal_Strength: -76 asu: 19
07-15 19:40:28.847 25923 25923 I PhoneLab-Locks: wake lock released
07-15 19:40:30.164 25923 25923 I PhoneLab-StatusMonitorLocation: Location_Latitude: 42.9536754 Longitude: -78.828275 Accuracy: 25.0
07-15 19:40:30.164 25923 25923 I PhoneLab-Locks: wake lock released
07-15 19:40:30.168 15980 16078 D androidNetworkLocationListeners: Still have listener com.google.android.location.internal.client.NetworkLocationClient$1@413a9ae8
07-15 19:40:30.199 15980 15981 D dalvikvm: GC_CONCURRENT freed 488K, 6% free 10548K/11207K, paused 2ms+5ms
07-15 19:41:43.152 26153 26181 I Email   : ReconcilePopImapAccountsSync: start
07-15 19:41:43.183 26153 26181 I Email   : ReconcilePopImapAccountsSync: done
07-15 19:41:43.187 26153 26167 W Email   : Received BYE
07-15 19:41:45.465 26153 26155 D dalvikvm: GC_CONCURRENT freed 355K, 5% free 9582K/10055K, paused 2ms+3ms
07-15 19:41:49.972   145   379 D dalvikvm: GC_EXPLICIT freed 1117K, 22% free 17171K/21895K, paused 6ms+8ms
07-15 19:41:50.011 26153 26167 D Email   : *** synchronizeMailboxGeneric ***
07-15 19:42:01.652 26153 26193 I Email   : ReconcilePopImapAccountsSync: start
07-15 19:42:01.687 26153 26193 I Email   : ReconcilePopImapAccountsSync: done
07-15 19:42:02.379 25923 25936 I PhoneLab-: Service Running
07-15 19:42:02.484 25923 25936 I PhoneLab-LoggerService: app_36    1177  1     1448   996   c00f181c 400107b4 S logcat
07-15 19:42:02.484 25923 25936 I PhoneLab-LoggerService: Logcat pid from database 1177
07-15 19:42:02.484 25923 25936 I PhoneLab-LoggerService: Logcat process found 1177
07-15 19:42:02.484 25923 25936 I PhoneLab-LoggerService: Checking Threshold
07-15 19:42:03.652 26153 26155 D dalvikvm: GC_CONCURRENT freed 386K, 6% free 9598K/10119K, paused 1ms+11ms
07-15 19:42:03.691 26153 26167 D Email   : *** synchronizeMailboxGeneric ***
07-15 19:44:02.379 25923 25936 I PhoneLab-: Service Running
07-15 19:44:02.453 25923 25936 I PhoneLab-LoggerService: app_36    1177  1     1448   996   c00f181c 400107b4 S logcat
07-15 19:44:02.453 25923 25936 I PhoneLab-LoggerService: Logcat pid from database 1177
07-15 19:44:02.453 25923 25936 I PhoneLab-LoggerService: Logcat process found 1177
07-15 19:44:02.453 25923 25936 I PhoneLab-LoggerService: Checking Threshold
07-15 19:44:02.465 25923 25925 D dalvikvm: GC_CONCURRENT freed 430K, 13% free 9212K/10567K, paused 1ms+2ms
07-15 19:45:28.547   145   176 I power   : *** set_screen_state 1
07-15 19:45:28.695   145   176 I WindowManager: Lock screen displayed!
07-15 19:45:28.773    79   122 D SurfaceFlinger: Screen about to return, flinger = 0x477918
07-15 19:45:28.882 25794 25794 V battery_widget_monitor: Refreshing data on SCREEN ON
07-15 19:45:30.828    86    86 I keystore: uid: 1000 action: p -> 1 state: 1 -> 1 retry: 4
07-15 19:45:30.847   215   215 D PhoneStatusBar: disable: < expand* icons alerts ticker* system_info BACK HOME recent* CLOCK >
07-15 19:45:30.851   367   427 D NfcService: NFC-C ON
07-15 19:45:30.914   145  1480 W InputManagerService: Window already focused, ignoring focus gain of: com.android.internal.view.IInputMethodClient$Stub$Proxy@41550c08
07-15 19:45:30.925   215   215 D PhoneStatusBar: disable: < expand icons alerts ticker system_info back* home* recent clock* >
07-15 19:45:32.211 26221 26225 D dalvikvm: GC_CONCURRENT freed 369K, 6% free 9428K/9927K, paused 3ms+6ms
07-15 19:45:32.574   145   417 I ActivityManager: START {act=android.intent.action.MAIN cat=[android.intent.category.LAUNCHER] flg=0x10200000 cmp=com.android.contacts/.activities.PeopleActivity bnds=[96,706][192,802]} from pid 16947
07-15 19:45:32.824   145   315 I ActivityManager: Start proc com.android.contacts for activity com.android.contacts/.activities.PeopleActivity: pid=26256 uid=10000 gids={3003, 1015}
07-15 19:45:32.914 16947 16947 D OpenGLRenderer: Flushing caches (mode 1)
07-15 19:45:33.047 16947 16947 D OpenGLRenderer: Flushing caches (mode 0)
07-15 19:45:33.093 26256 26256 I ContactsIntentResolver: Called with action: android.intent.action.MAIN
07-15 19:45:33.117 26256 26270 D AccountTypeManager: Registering external account type=com.viber.voip.account, packageName=com.viber.voip
07-15 19:45:33.183 26256 26270 W ResourceType: getEntry failing because entryIndex 333 is beyond type entryCount 189
07-15 19:45:33.183 26256 26270 W ResourceType: Failure getting entry for 0x7f02014d (t=1 e=333) in package 0 (error -2147483647)
07-15 19:45:33.187 26256 26270 W ResourceType: getEntry failing because entryIndex 316 is beyond type entryCount 189
07-15 19:45:33.187 26256 26270 W ResourceType: Failure getting entry for 0x7f02013c (t=1 e=316) in package 0 (error -2147483647)
07-15 19:45:33.187 26256 26270 D AccountTypeManager: Registering external account type=com.whatsapp, packageName=com.whatsapp
07-15 19:45:33.203 26256 26270 W ResourceType: getEntry failing because entryIndex 606 is beyond type entryCount 189
07-15 19:45:33.203 26256 26270 W ResourceType: Failure getting entry for 0x7f02025e (t=1 e=606) in package 0 (error -2147483647)
07-15 19:45:33.215 26256 26270 D AccountTypeManager: Registering external account type=com.facebook.auth.login, packageName=com.facebook.katana
07-15 19:45:33.242 26256 26257 D dalvikvm: GC_CONCURRENT freed 204K, 3% free 9331K/9607K, paused 5ms+4ms
07-15 19:45:33.293 26256 26256 I ContactPhotoManager: Cache adj: 0.5
07-15 19:45:33.336 26256 26270 W ResourceType: getEntry failing because entryIndex 346 is beyond type entryCount 189
07-15 19:45:33.336 26256 26270 W ResourceType: Failure getting entry for 0x7f02015a (t=1 e=346) in package 0 (error -2147483647)
07-15 19:45:33.336 26256 26270 D AccountTypeManager: Registering 1 extension packages
07-15 19:45:33.351 26256 26270 I AccountTypeManager: Loaded meta-data for 5 account types, 3 accounts in 279ms(wall) 38ms(cpu)
07-15 19:45:33.363   145   161 I Process : Sending signal. PID: 26256 SIG: 3
07-15 19:45:33.363 26256 26259 I dalvikvm: threadid=3: reacting to signal 3
07-15 19:45:33.402 26256 26259 I dalvikvm: Wrote stack traces to '/data/anr/traces.txt'
07-15 19:45:33.828 26256 26256 D libEGL  : loaded /system/lib/egl/libGLES_android.so
07-15 19:45:33.840 26256 26256 D libEGL  : loaded /vendor/lib/egl/libEGL_POWERVR_SGX540_120.so
07-15 19:45:33.859   145   161 I Process : Sending signal. PID: 26256 SIG: 3
07-15 19:45:33.859 26256 26259 I dalvikvm: threadid=3: reacting to signal 3
07-15 19:45:33.914 26256 26256 D libEGL  : loaded /vendor/lib/egl/libGLESv1_CM_POWERVR_SGX540_120.so
07-15 19:45:33.925 26256 26259 I dalvikvm: Wrote stack traces to '/data/anr/traces.txt'
07-15 19:45:33.933 26256 26256 D libEGL  : loaded /vendor/lib/egl/libGLESv2_POWERVR_SGX540_120.so
07-15 19:45:33.984 26256 26256 D OpenGLRenderer: Enabling debug mode 0
07-15 19:45:34.082 26256 26257 D dalvikvm: GC_CONCURRENT freed 160K, 3% free 9578K/9863K, paused 30ms+3ms
07-15 19:45:34.254   145   175 I ActivityManager: Displayed com.android.contacts/.activities.PeopleActivity: +1s561ms
07-15 19:45:34.656 26256 26257 D dalvikvm: GC_CONCURRENT freed 107K, 3% free 9904K/10119K, paused 6ms+4ms
07-15 19:45:35.687 26256 26271 V ContactPhotoManager: Preloaded 9 photos.  Cached bytes: 63667
07-15 19:45:44.297   145   180 I ActivityManager: START {act=android.intent.action.MAIN cat=[android.intent.category.HOME] flg=0x10200000 cmp=com.android.launcher/com.android.launcher2.Launcher} from pid 145
07-15 19:45:44.414 26256 26256 D OpenGLRenderer: Flushing caches (mode 0)
07-15 19:45:44.449   145   157 W InputManagerService: Starting input on non-focused client com.android.internal.view.IInputMethodClient$Stub$Proxy@418ffa08 (uid=10000 pid=26256)
07-15 19:45:44.453 26256 26256 D OpenGLRenderer: Flushing caches (mode 1)
07-15 19:45:46.129 16947 16949 D dalvikvm: GC_CONCURRENT freed 699K, 36% free 12356K/19271K, paused 8ms+8ms
07-15 19:45:46.312 16947 16949 D dalvikvm: GC_CONCURRENT freed 142K, 32% free 13262K/19271K, paused 4ms+10ms
07-15 19:45:46.500   145   417 I ActivityManager: Process com.whatsapp (pid 25487) has died.
07-15 19:45:46.550   145   417 W ActivityManager: Scheduling restart of crashed service com.whatsapp/.messaging.MessageService in 5000ms
07-15 19:45:46.617 16947 17004 D dalvikvm: GC_FOR_ALLOC freed 1120K, 31% free 13444K/19271K, paused 23ms
07-15 19:45:46.726 16947 16949 D dalvikvm: GC_CONCURRENT freed 24K, 29% free 13870K/19271K, paused 3ms+8ms
07-15 19:45:46.984 16947 16949 D dalvikvm: GC_CONCURRENT freed 2025K, 31% free 13446K/19271K, paused 3ms+5ms
07-15 19:45:47.273 16947 16969 D dalvikvm: GC_FOR_ALLOC freed 1794K, 34% free 12763K/19271K, paused 27ms
07-15 19:45:47.461 16947 16970 D dalvikvm: GC_FOR_ALLOC freed 925K, 34% free 12879K/19271K, paused 41ms
07-15 19:45:47.515 16947 17004 D dalvikvm: GC_FOR_ALLOC freed 24K, 29% free 13784K/19271K, paused 24ms
07-15 19:45:47.683 16947 16949 D dalvikvm: GC_CONCURRENT freed 911K, 26% free 14422K/19271K, paused 4ms+6ms
07-15 19:45:51.679   145   162 I ActivityManager: Start proc com.whatsapp for service com.whatsapp/.messaging.MessageService: pid=26279 uid=10053 gids={1015, 3003}
07-15 19:45:51.715 26279 26279 I dalvikvm: Turning on JNI app bug workarounds for target SDK version 7...
07-15 19:45:51.855   145   157 I ActivityManager: Process com.android.sprintmenu (pid 25162) has died.
07-15 19:45:51.859   145   157 W ActivityManager: Scheduling restart of crashed service com.android.sprintmenu/.HiddenPhoneService in 5000ms
07-15 19:45:52.000 26279 26280 D dalvikvm: GC_CONCURRENT freed 159K, 3% free 9369K/9607K, paused 7ms+4ms
07-15 19:45:52.371   145   417 I ActivityManager: Process com.google.android.youtube (pid 26051) has died.
07-15 19:45:52.578 26279 26280 D dalvikvm: GC_CONCURRENT freed 288K, 4% free 9610K/9991K, paused 4ms+3ms
07-15 19:45:53.191   145  2955 I ActivityManager: START {act=android.intent.action.MAIN cat=[android.intent.category.LAUNCHER] flg=0x10200000 cmp=com.android.contacts/.activities.PeopleActivity} from pid 16947
07-15 19:45:53.480   145  3066 D dalvikvm: GC_EXPLICIT freed 1188K, 22% free 17151K/21895K, paused 22ms+12ms
07-15 19:45:53.586 16947 16947 D OpenGLRenderer: Flushing caches (mode 1)
07-15 19:45:53.590 26279 26279 I dalvikvm: Could not find method android.media.MediaMetadataRetriever.captureFrame, referenced from method com.whatsapp.q3.a
07-15 19:45:53.590 26279 26279 W dalvikvm: VFY: unable to resolve virtual method 502: Landroid/media/MediaMetadataRetriever;.captureFrame ()Landroid/graphics/Bitmap;
07-15 19:45:53.590 26279 26279 D dalvikvm: VFY: replacing opcode 0x6e at 0x0134
07-15 19:45:53.730   145   161 I Process : Sending signal. PID: 26256 SIG: 3
07-15 19:45:53.734 26256 26259 I dalvikvm: threadid=3: reacting to signal 3
07-15 19:45:53.777 26256 26259 I dalvikvm: Wrote stack traces to '/data/anr/traces.txt'
07-15 19:45:53.894 26279 26280 D dalvikvm: GC_CONCURRENT freed 329K, 5% free 9792K/10247K, paused 6ms+3ms
07-15 19:45:53.949 16947 16947 D OpenGLRenderer: Flushing caches (mode 0)
07-15 19:45:54.050 26279 26280 D dalvikvm: GC_CONCURRENT freed 330K, 4% free 9962K/10375K, paused 1ms+3ms
07-15 19:45:54.218   145   507 W InputManagerService: Starting input on non-focused client com.android.internal.view.IInputMethodClient$Stub$Proxy@4175b7f0 (uid=10025 pid=16947)
07-15 19:45:56.343 26279 26280 D dalvikvm: GC_CONCURRENT freed 301K, 5% free 10144K/10567K, paused 3ms+6ms
07-15 19:45:56.898   145   162 I ActivityManager: Start proc com.android.sprintmenu for service com.android.sprintmenu/.HiddenPhoneService: pid=26309 uid=1001 gids={3002, 3001, 3003, 1015}
07-15 19:45:58.488   145  2955 W InputManagerService: Window already focused, ignoring focus gain of: com.android.internal.view.IInputMethodClient$Stub$Proxy@41789020
07-15 19:46:00.527 26256 26257 D dalvikvm: GC_CONCURRENT freed 221K, 4% free 10103K/10439K, paused 14ms+4ms
07-15 19:46:02.402 25923 25936 I PhoneLab-: Service Running
07-15 19:46:02.504 25923 25936 I PhoneLab-LoggerService: app_36    1177  1     1448   996   c00f181c 400107b4 S logcat
07-15 19:46:02.504 25923 25936 I PhoneLab-LoggerService: Logcat pid from database 1177
07-15 19:46:02.504 25923 25936 I PhoneLab-LoggerService: Logcat process found 1177
07-15 19:46:02.504 25923 25936 I PhoneLab-LoggerService: Checking Threshold
07-15 19:46:04.562 26256 26257 D dalvikvm: GC_CONCURRENT freed 205K, 4% free 10310K/10695K, paused 5ms+4ms
07-15 19:46:06.343 26256 26257 D dalvikvm: GC_CONCURRENT freed 432K, 5% free 10352K/10887K, paused 4ms+4ms
07-15 19:46:14.433   145  1736 I ActivityManager: START {act=android.intent.action.VIEW dat=content://com.android.contacts/contacts/lookup/664i716458728f9aec23.844r243-2D37412F4B35/228 cmp=com.android.contacts/.activities.ContactDetailActivity} from pid 26256
07-15 19:46:14.656 26256 26256 I ContactDetailActivity: content://com.android.contacts/contacts/lookup/664i716458728f9aec23.844r243-2D37412F4B35/228
07-15 19:46:14.804   145   175 I ActivityManager: Displayed com.android.contacts/.activities.ContactDetailActivity: +255ms
07-15 19:46:14.816 26256 26256 D OpenGLRenderer: Flushing caches (mode 0)
07-15 19:46:14.898 26256 26256 I ContactLoader: Registering content observer for content://com.android.contacts/contacts/lookup/664i716458728f9aec23.844r243-2D37412F4B35/228
07-15 19:46:14.929 26256 26256 W AccountTypeManager: Unknown type=com.google, mime=vnd.com.google.cursor.item/contact_misc
07-15 19:46:14.984 26256 26257 D dalvikvm: GC_CONCURRENT freed 223K, 4% free 10560K/10887K, paused 4ms+6ms
07-15 19:46:16.570 26256 26257 D dalvikvm: GC_CONCURRENT freed 80K, 3% free 10938K/11207K, paused 2ms+6ms
07-15 19:46:16.632 26256 26256 D OpenGLRenderer: Flushing caches (mode 0)
07-15 19:46:30.414 26256 26257 D dalvikvm: GC_CONCURRENT freed 560K, 6% free 10907K/11591K, paused 3ms+10ms
07-15 19:46:37.840   145   145 I ActivityManager: START {cmp=com.android.contacts/.list.AccountFilterActivity} from pid 26256
07-15 19:46:38.054   145   175 I ActivityManager: Displayed com.android.contacts/.list.AccountFilterActivity: +125ms
07-15 19:46:38.062 26256 26256 D OpenGLRenderer: Flushing caches (mode 0)
07-15 19:46:40.484 26256 26257 D dalvikvm: GC_CONCURRENT freed 977K, 10% free 10605K/11655K, paused 2ms+9ms
07-15 19:46:40.488 26256 26256 D OpenGLRenderer: Flushing caches (mode 0)
07-15 19:46:42.937   145   157 I ActivityManager: START {cmp=com.android.contacts/.list.AccountFilterActivity} from pid 26256
07-15 19:46:43.105   145   175 I ActivityManager: Displayed com.android.contacts/.list.AccountFilterActivity: +121ms
07-15 19:46:43.113 26256 26256 D OpenGLRenderer: Flushing caches (mode 0)
07-15 19:46:45.136 26256 26256 V ContactList: New filter: account: com.facebook.auth.login manojmc89
07-15 19:46:45.254 26256 26256 D OpenGLRenderer: Flushing caches (mode 0)
07-15 19:46:45.289 26221 26225 D dalvikvm: GC_CONCURRENT freed 375K, 5% free 9508K/9991K, paused 6ms+17ms
07-15 19:46:45.531 26256 26256 D dalvikvm: GC_EXPLICIT freed 187K, 9% free 10661K/11655K, paused 5ms+5ms
07-15 19:46:47.523   145   715 I ActivityManager: START {cmp=com.android.contacts/.list.AccountFilterActivity} from pid 26256
07-15 19:46:47.738   145   175 I ActivityManager: Displayed com.android.contacts/.list.AccountFilterActivity: +124ms
07-15 19:46:47.746 26256 26256 D OpenGLRenderer: Flushing caches (mode 0)
07-15 19:46:51.640   145   715 D dalvikvm: GC_FOR_ALLOC freed 1843K, 24% free 16733K/21895K, paused 117ms
07-15 19:46:51.664 26256 26256 V ContactList: New filter: account: com.whatsapp 17169064784
07-15 19:46:51.750 26256 26256 D OpenGLRenderer: Flushing caches (mode 0)
07-15 19:46:51.828 26221 26252 D dalvikvm: GC_EXPLICIT freed 162K, 6% free 9429K/9991K, paused 5ms+3ms
07-15 19:46:52.035 26256 26256 D dalvikvm: GC_EXPLICIT freed 262K, 9% free 10653K/11655K, paused 2ms+5ms
07-15 19:46:56.386   145  1736 I ActivityManager: START {cmp=com.android.contacts/.list.AccountFilterActivity} from pid 26256
07-15 19:46:56.629   145   175 I ActivityManager: Displayed com.android.contacts/.list.AccountFilterActivity: +144ms
07-15 19:46:56.636 26256 26256 D OpenGLRenderer: Flushing caches (mode 0)
07-15 19:46:59.859 26256 26256 V ContactList: New filter: account: com.google mcmanojster@gmail.com
07-15 19:46:59.949 26256 26256 D OpenGLRenderer: Flushing caches (mode 0)
07-15 19:47:00.195 26256 26257 D dalvikvm: GC_CONCURRENT freed 448K, 9% free 10656K/11655K, paused 2ms+6ms
07-15 19:47:00.230 26256 26256 D dalvikvm: GC_EXPLICIT freed 96K, 10% free 10560K/11655K, paused 2ms+4ms
07-15 19:47:05.015   215   217 D dalvikvm: GC_CONCURRENT freed 352K, 53% free 10193K/21319K, paused 4ms+5ms
07-15 19:47:05.211   215   217 D dalvikvm: GC_CONCURRENT freed 460K, 53% free 10139K/21319K, paused 3ms+4ms
07-15 19:47:10.988 26256 26257 D dalvikvm: GC_CONCURRENT freed 352K, 10% free 10596K/11655K, paused 7ms+9ms
07-15 19:47:14.968 26256 26298 D dalvikvm: GC_EXPLICIT freed 341K, 11% free 10426K/11655K, paused 3ms+5ms
07-15 19:47:15.007 26221 26225 D dalvikvm: GC_CONCURRENT freed 333K, 5% free 9523K/9991K, paused 1ms+3ms
07-15 19:47:15.453   145   145 D dalvikvm: GC_EXPLICIT freed 727K, 24% free 16682K/21895K, paused 4ms+9ms
07-15 19:47:16.632   215   215 D dalvikvm: GC_FOR_ALLOC freed 402K, 53% free 10105K/21319K, paused 58ms
07-15 19:47:19.863 26256 26257 D dalvikvm: GC_CONCURRENT freed 369K, 11% free 10463K/11655K, paused 9ms+4ms
07-15 19:47:27.074   145   180 I ActivityManager: START {act=android.intent.action.MAIN cat=[android.intent.category.HOME] flg=0x10200000 cmp=com.android.launcher/com.android.launcher2.Launcher} from pid 145
07-15 19:47:27.379 26256 26256 D OpenGLRenderer: Flushing caches (mode 0)
07-15 19:47:27.429 26256 26256 D OpenGLRenderer: Flushing caches (mode 1)
07-15 19:47:59.265   145   315 I ActivityManager: START {act=android.intent.action.MAIN cat=[android.intent.category.LAUNCHER] flg=0x10200000 cmp=com.android.contacts/.activities.PeopleActivity bnds=[96,706][192,802]} from pid 16947
07-15 19:47:59.402 16947 16947 D OpenGLRenderer: Flushing caches (mode 0)
07-15 19:47:59.484   145   507 I ActivityManager: Process com.google.android.apps.maps:LocationFriendService (pid 25974) has died.
07-15 19:47:59.519 16947 16947 D OpenGLRenderer: Flushing caches (mode 1)
07-15 19:48:01.152   145  1480 I ActivityManager: START {act=android.intent.action.INSERT dat=content://com.android.contacts/contacts cmp=com.android.contacts/.activities.ContactEditorActivity} from pid 26256
07-15 19:48:01.289 26256 26257 D dalvikvm: GC_CONCURRENT freed 420K, 11% free 10460K/11655K, paused 9ms+9ms
07-15 19:48:01.570 26256 26257 D dalvikvm: GC_CONCURRENT freed 201K, 8% free 10726K/11655K, paused 2ms+5ms
07-15 19:48:01.687   145   161 I Process : Sending signal. PID: 26256 SIG: 3
07-15 19:48:01.687 26256 26259 I dalvikvm: threadid=3: reacting to signal 3
07-15 19:48:01.765 26256 26259 I dalvikvm: Wrote stack traces to '/data/anr/traces.txt'
07-15 19:48:02.113 26256 26257 D dalvikvm: GC_CONCURRENT freed 219K, 6% free 10974K/11655K, paused 8ms+6ms
07-15 19:48:02.187   145   161 I Process : Sending signal. PID: 26256 SIG: 3
07-15 19:48:02.187 26256 26259 I dalvikvm: threadid=3: reacting to signal 3
07-15 19:48:02.218 26256 26259 I dalvikvm: Wrote stack traces to '/data/anr/traces.txt'
07-15 19:48:02.375   145   175 I ActivityManager: Displayed com.android.contacts/.activities.ContactEditorActivity: +1s190ms
07-15 19:48:02.379 25923 25936 I PhoneLab-: Service Running
07-15 19:48:02.394 26256 26256 D OpenGLRenderer: Flushing caches (mode 0)
07-15 19:48:02.625   215   215 D dalvikvm: GC_FOR_ALLOC freed 343K, 53% free 10131K/21319K, paused 72ms
07-15 19:48:02.797   215   215 D dalvikvm: GC_FOR_ALLOC freed 386K, 53% free 10110K/21319K, paused 21ms
07-15 19:48:02.906 25923 25936 I PhoneLab-LoggerService: app_36    1177  1     1448   996   c00f181c 400107b4 S logcat
07-15 19:48:02.910 25923 25936 I PhoneLab-LoggerService: Logcat pid from database 1177
07-15 19:48:02.910 25923 25936 I PhoneLab-LoggerService: Logcat process found 1177
07-15 19:48:02.910 25923 25936 I PhoneLab-LoggerService: Checking Threshold
07-15 19:48:08.679   329   331 D dalvikvm: GC_CONCURRENT freed 779K, 21% free 11739K/14727K, paused 2ms+4ms
07-15 19:48:13.136 26221 26232 D dalvikvm: GC_EXPLICIT freed 343K, 5% free 9503K/9991K, paused 2ms+3ms
07-15 19:48:18.867 26256 26257 D dalvikvm: GC_CONCURRENT freed 366K, 5% free 11158K/11655K, paused 5ms+3ms
07-15 19:48:21.422   145  1736 D CountryDetector: The first listener is added
07-15 19:48:21.449   215   217 D dalvikvm: GC_CONCURRENT freed 214K, 52% free 10293K/21319K, paused 2ms+16ms
07-15 19:48:21.781 26221 26225 D dalvikvm: GC_CONCURRENT freed 312K, 5% free 9685K/10119K, paused 3ms+3ms
07-15 19:48:22.285 26256 26346 V ContactSaveService: Saved contact. New URI: content://com.android.contacts/contacts/lookup/664r250-2D2F2F4527/250
07-15 19:48:22.285 26256 26256 D ContactEditorFragment: onSaveCompleted(0, content://com.android.contacts/contacts/lookup/664r250-2D2F2F4527/250
07-15 19:48:22.312   145  3066 I ActivityManager: START {act=android.intent.action.VIEW dat=content://com.android.contacts/contacts/lookup/664r250-2D2F2F4527/250 cmp=com.android.contacts/.activities.ContactDetailActivity} from pid 26256
07-15 19:48:22.390 26256 26256 I ContactDetailActivity: content://com.android.contacts/contacts/lookup/664r250-2D2F2F4527/250
07-15 19:48:22.496   145   175 I ActivityManager: Displayed com.android.contacts/.activities.ContactDetailActivity: +158ms
07-15 19:48:22.500 26256 26256 D OpenGLRenderer: Flushing caches (mode 0)
07-15 19:48:22.597 24291 24309 D ViberContactManager: -+-+-+- begin addressbook dump -+-+-+-
07-15 19:48:22.644 24291 24309 D ViberContactManager: addressbook dump: got portion 0 of 1 contacts / galloc cnt=10304, galloc sz=23018; heapalloc sz=11549040, heapfree sz=104080, heap sz=12177408
07-15 19:48:22.675 24291 24309 D ViberContactManager: addressbook dump: commit portion 0 of 1 contacts / galloc cnt=10304, galloc sz=23018; heapalloc sz=11549160, heapfree sz=103960, heap sz=12177408
07-15 19:48:22.679 24291 24309 D ViberContactManager: -+-+-+- end addressbook dump -+-+-+-
07-15 19:48:22.715 26256 26262 I dalvikvm: Jit: resizing JitTable from 4096 to 8192
07-15 19:48:22.769 26256 26256 I ContactLoader: Registering content observer for content://com.android.contacts/contacts/lookup/664r250-2D2F2F4527/250
07-15 19:48:22.898 26256 26257 D dalvikvm: GC_CONCURRENT freed 228K, 3% free 11638K/11975K, paused 3ms+13ms
07-15 19:48:24.113 26279 26280 D dalvikvm: GC_CONCURRENT freed 562K, 7% free 10000K/10695K, paused 7ms+2ms
07-15 19:48:25.547   145  2955 I ActivityManager: START {act=android.intent.action.SENDTO dat=smsto:xxxxxxxxx-xxxx cmp=android/com.android.internal.app.ResolverActivity} from pid 26256
07-15 19:48:25.734   145   175 I ActivityManager: Displayed android/com.android.internal.app.ResolverActivity: +162ms
07-15 19:48:26.078 26279 26280 D dalvikvm: GC_CONCURRENT freed 294K, 6% free 10093K/10695K, paused 2ms+10ms
07-15 19:48:26.937   145   715 W InputManagerService: Window already focused, ignoring focus gain of: com.android.internal.view.IInputMethodClient$Stub$Proxy@41721c00
07-15 19:48:27.675   145   417 I ActivityManager: START {flg=0x4000000 cmp=com.android.contacts/.activities.PeopleActivity} from pid 26256
07-15 19:48:27.750   145   458 W ActivityManager: Duplicate finish request for ActivityRecord{418dcce8 com.android.contacts/.activities.ContactDetailActivity}
07-15 19:48:27.793 26256 26256 I ContactsIntentResolver: Called with action: null
07-15 19:48:27.925 26256 26256 D OpenGLRenderer: Flushing caches (mode 0)
07-15 19:48:27.992 26221 26225 D dalvikvm: GC_CONCURRENT freed 317K, 5% free 9796K/10247K, paused 14ms+3ms
07-15 19:48:37.465   145   417 I ActivityManager: START {act=android.intent.action.VIEW dat=content://com.android.contacts/contacts/lookup/664r250-2D2F2F4527/250 cmp=com.android.contacts/.activities.ContactDetailActivity} from pid 26256
07-15 19:48:37.660   145   417 D dalvikvm: GC_FOR_ALLOC freed 1549K, 24% free 16853K/21895K, paused 138ms
07-15 19:48:37.722 26256 26256 I ContactDetailActivity: content://com.android.contacts/contacts/lookup/664r250-2D2F2F4527/250
07-15 19:48:37.804   145   175 I ActivityManager: Displayed com.android.contacts/.activities.ContactDetailActivity: +119ms
07-15 19:48:37.812 26256 26256 D OpenGLRenderer: Flushing caches (mode 0)
07-15 19:48:37.941 26256 26256 I ContactLoader: Registering content observer for content://com.android.contacts/contacts/lookup/664r250-2D2F2F4527/250
07-15 19:48:38.027 26256 26257 D dalvikvm: GC_CONCURRENT freed 696K, 7% free 11728K/12551K, paused 3ms+12ms
07-15 19:48:38.062 26256 26256 D dalvikvm: GC_FOR_ALLOC freed 30K, 7% free 11697K/12551K, paused 31ms
07-15 19:48:38.062 26256 26256 I dalvikvm-heap: Grow heap (frag case) to 11.771MB for 291616-byte allocation
07-15 19:48:38.101 26256 26265 D dalvikvm: GC_FOR_ALLOC freed 8K, 7% free 11974K/12871K, paused 26ms
07-15 19:48:38.132 26256 26265 W CursorWrapperInner: Cursor finalized without prior close()
07-15 19:48:40.644   145  2107 W InputManagerService: Window already focused, ignoring focus gain of: com.android.internal.view.IInputMethodClient$Stub$Proxy@417af458
07-15 19:48:41.953 26256 26256 D OpenGLRenderer: Flushing caches (mode 0)
07-15 19:48:42.199 24291 24294 D dalvikvm: GC_CONCURRENT freed 363K, 6% free 9607K/10183K, paused 4ms+3ms
07-15 19:48:44.652   145   180 I ActivityManager: START {act=android.intent.action.MAIN cat=[android.intent.category.HOME] flg=0x10200000 cmp=com.android.launcher/com.android.launcher2.Launcher} from pid 145
07-15 19:48:44.750 26256 26256 D OpenGLRenderer: Flushing caches (mode 0)
07-15 19:48:44.769   145  2682 W InputManagerService: Starting input on non-focused client com.android.internal.view.IInputMethodClient$Stub$Proxy@418ffa08 (uid=10000 pid=26256)
07-15 19:48:44.773 26256 26256 D OpenGLRenderer: Flushing caches (mode 1)
07-15 19:48:46.933   145   172 I power   : *** set_screen_state 0
07-15 19:48:46.961   145   176 D UnlockScreen: portrait mode
07-15 19:48:47.000    79   122 D SurfaceFlinger: About to give-up screen, flinger = 0x477918
07-15 19:48:47.109   145   176 V TransportControlView: Create TCV com.android.internal.widget.TransportControlView@41320388
07-15 19:48:47.129   367   844 D NfcService: NFC-C OFF, disconnect
07-15 19:48:47.402   215   215 D PhoneStatusBar: disable: < EXPAND* icons alerts TICKER* system_info back home RECENT* clock >
07-15 19:48:47.429   215   215 D PhoneStatusBar: disable: < EXPAND icons alerts TICKER system_info BACK* HOME* RECENT CLOCK* >
07-15 19:48:49.726   145   379 I ActivityManager: Process com.google.android.apps.maps:NetworkLocationService (pid 25940) has died.
07-15 19:48:49.726   145   379 W ActivityManager: Scheduling restart of crashed service com.google.android.apps.maps/com.google.android.location.internal.server.NetworkLocationService in 5000ms
07-15 19:48:52.371 26221 26225 D dalvikvm: GC_CONCURRENT freed 404K, 6% free 9838K/10375K, paused 3ms+7ms
07-15 19:48:52.570 15980 15981 D dalvikvm: GC_CONCURRENT freed 370K, 6% free 10570K/11207K, paused 9ms+8ms
07-15 19:48:52.941 26221 26355 D dalvikvm: GC_EXPLICIT freed 194K, 7% free 9724K/10375K, paused 31ms+3ms
07-15 19:48:53.101   145   715 D dalvikvm: GC_EXPLICIT freed 1210K, 22% free 17147K/21895K, paused 3ms+8ms
07-15 19:48:54.793   145   162 I ActivityManager: Start proc com.google.android.apps.maps:NetworkLocationService for service com.google.android.apps.maps/com.google.android.location.internal.server.NetworkLocationService: pid=26374 uid=10054 gids={3003, 1015}
07-15 19:48:54.996 26374 26375 D dalvikvm: GC_CONCURRENT freed 161K, 3% free 9375K/9607K, paused 5ms+2ms
07-15 19:48:55.554 26374 26375 D dalvikvm: GC_CONCURRENT freed 155K, 3% free 9676K/9927K, paused 6ms+2ms
07-15 19:48:55.933 26374 26375 D dalvikvm: GC_CONCURRENT freed 171K, 3% free 10068K/10311K, paused 4ms+3ms
07-15 19:48:56.101 26374 26375 D dalvikvm: GC_CONCURRENT freed 667K, 8% free 9887K/10631K, paused 1ms+2ms
07-15 19:48:56.218   145   461 I ActivityManager: Start proc com.google.android.apps.maps:LocationFriendService for broadcast com.google.android.apps.maps/com.google.googlenav.friend.reporting.LocationReportingIntentReceiver: pid=26396 uid=10054 gids={3003, 1015}
07-15 19:48:56.300   145   458 I ActivityManager: Process com.facebook.katana (pid 24637) has died.
07-15 19:48:56.300   145   458 W ActivityManager: Scheduling restart of crashed service com.facebook.katana/.service.BackgroundDetectionService in 5000ms
07-15 19:48:56.304   145   458 W ActivityManager: Scheduling restart of crashed service com.facebook.katana/.service.MediaUploadService in 5000ms
07-15 19:48:56.304   145   458 W ActivityManager: Scheduling restart of crashed service com.facebook.katana/com.facebook.orca.push.mqtt.MqttPushService in 14999ms
07-15 19:48:56.355 26396 26399 D dalvikvm: GC_CONCURRENT freed 163K, 3% free 9373K/9607K, paused 2ms+3ms
07-15 19:48:56.507 15980 19627 D dalvikvm: GC_EXPLICIT freed 85K, 6% free 10549K/11207K, paused 3ms+4ms
07-15 19:48:56.617 26396 26399 D dalvikvm: GC_CONCURRENT freed 191K, 3% free 9666K/9927K, paused 29ms+3ms
07-15 19:48:56.629 26374 26378 I dalvikvm: Total arena pages for JIT: 11
07-15 19:48:56.629 26374 26378 I dalvikvm: Total arena pages for JIT: 12
07-15 19:48:56.632 26374 26378 I dalvikvm: Total arena pages for JIT: 13
07-15 19:48:56.632 26374 26378 I dalvikvm: Total arena pages for JIT: 14
07-15 19:48:56.636 26374 26378 I dalvikvm: Total arena pages for JIT: 15
07-15 19:48:56.636 26374 26378 I dalvikvm: Total arena pages for JIT: 16
07-15 19:48:56.636 26374 26378 I dalvikvm: Total arena pages for JIT: 17
07-15 19:48:56.843 26374 26378 I dalvikvm: Total arena pages for JIT: 18
07-15 19:48:56.847 26374 26375 D dalvikvm: GC_CONCURRENT freed 179K, 5% free 10125K/10631K, paused 2ms+2ms
07-15 19:48:57.035 25993 26005 V GoogleLoginService: Returning error intent with: ComponentInfo{com.google.android.gsf.login/com.google.android.gsf.login.LoginActivity}
07-15 19:48:57.215 26374 26375 D dalvikvm: GC_CONCURRENT freed 378K, 5% free 10194K/10695K, paused 5ms+2ms
07-15 19:48:59.109 26374 26375 D dalvikvm: GC_CONCURRENT freed 408K, 5% free 10269K/10759K, paused 2ms+3ms
07-15 19:48:59.711 25993 26007 V GoogleLoginService: Returning error intent with: ComponentInfo{com.google.android.gsf.login/com.google.android.gsf.login.LoginActivity}
07-15 19:49:01.363   145   162 I ActivityManager: Start proc com.facebook.katana for service com.facebook.katana/.service.MediaUploadService: pid=26418 uid=10056 gids={3003, 1006, 1015}
07-15 19:49:01.382 26418 26418 I dalvikvm: Turning on JNI app bug workarounds for target SDK version 10...
07-15 19:49:01.586 26418 26420 D dalvikvm: GC_CONCURRENT freed 159K, 3% free 9377K/9607K, paused 2ms+2ms
07-15 19:49:01.687 26418 26420 D dalvikvm: GC_CONCURRENT freed 124K, 3% free 9680K/9927K, paused 1ms+2ms
07-15 19:49:01.793 26418 26418 I ActivityThread: Pub com.facebook.katana.provider.ObservedContactsProvider: com.facebook.katana.provider.ObservedContactsProvider
07-15 19:49:01.847 26418 26418 I ActivityThread: Pub com.facebook.katana.provider.LoggingProvider: com.facebook.katana.provider.LoggingProvider
07-15 19:49:01.851 26418 26418 I ActivityThread: Pub com.facebook.katana.provider.NotificationsProvider: com.facebook.katana.provider.NotificationsProvider
07-15 19:49:01.855 26418 26418 I ActivityThread: Pub com.facebook.katana.provider.KeyValueProvider: com.facebook.katana.provider.KeyValueProvider
07-15 19:49:01.855 26418 26418 I ActivityThread: Pub com.facebook.katana.provider.CacheProvider: com.facebook.katana.provider.CacheProvider
07-15 19:49:01.867 26418 26418 I ActivityThread: Pub com.facebook.katana.provider.UserValuesProvider: com.facebook.katana.provider.UserValuesProvider
07-15 19:49:01.871 26418 26418 I ActivityThread: Pub com.facebook.katana.provider.VaultImageProvider: com.facebook.katana.provider.VaultImageProvider
07-15 19:49:01.875 26418 26418 I ActivityThread: Pub com.facebook.katana.provider.PagesProvider: com.facebook.katana.provider.PagesProvider
07-15 19:49:01.879 26418 26418 I ActivityThread: Pub com.facebook.katana.provider.MailboxProvider: com.facebook.katana.provider.MailboxProvider
07-15 19:49:01.886 26418 26418 I ActivityThread: Pub com.facebook.katana.provider.MobileEventLogProvider: com.facebook.katana.provider.MobileEventLogProvider
07-15 19:49:01.890 26418 26418 I ActivityThread: Pub com.facebook.katana.provider.PushNotificationsProvider: com.facebook.katana.provider.PushNotificationsProvider
07-15 19:49:01.890 26418 26418 I ActivityThread: Pub com.facebook.katana.provider.UserStatusesProvider: com.facebook.katana.provider.UserStatusesProvider
07-15 19:49:01.890 26418 26418 I ActivityThread: Pub com.facebook.katana.provider.PhotosProvider: com.facebook.katana.provider.PhotosProvider
07-15 19:49:01.894 26418 26418 I ActivityThread: Pub com.facebook.katana.provider.EventsProvider: com.facebook.katana.provider.EventsProvider
07-15 19:49:01.894 26418 26418 I ActivityThread: Pub com.facebook.katana.provider.ConnectionsProvider: com.facebook.katana.provider.ConnectionsProvider
07-15 19:49:01.906 26418 26418 I ActivityThread: Pub com.facebook.orca.notify.FbandroidMessagesForegroundProvider: com.facebook.orca.notify.FbandroidMessagesForegroundProvider
07-15 19:49:01.961 26418 26418 D ACRA    : Retrieve application default SharedPreferences.
07-15 19:49:01.992 26418 26418 D ACRA    : Set OnSharedPreferenceChangeListener.
07-15 19:49:02.000 26418 26418 D ACRA    : ACRA is enabled for com.facebook.katana, intializing...
07-15 19:49:02.039 26418 26418 D ACRA    : Looking for error files in /data/data/com.facebook.katana/app_acra-reports
07-15 19:49:02.199 26418 26418 W nalizableReferenceQueue: Could not load Finalizer in its own class loader.Loading Finalizer in the current class loader instead. As a result, you will not be ableto garbage collect this class loader. To support reclaiming this class loader, eitherresolve the underlying issue, or move Google Collections to your system class path.
07-15 19:49:02.199 26418 26418 W nalizableReferenceQueue: java.io.FileNotFoundException: com/google/common/base/internal/Finalizer.class
07-15 19:49:02.199 26418 26418 W nalizableReferenceQueue: 	at com.google.common.base.FinalizableReferenceQueue$DecoupledLoader.getBaseUrl(FinalizableReferenceQueue.java:243)
07-15 19:49:02.199 26418 26418 W nalizableReferenceQueue: 	at com.google.common.base.FinalizableReferenceQueue$DecoupledLoader.loadFinalizer(FinalizableReferenceQueue.java:227)
07-15 19:49:02.199 26418 26418 W nalizableReferenceQueue: 	at com.google.common.base.FinalizableReferenceQueue.loadFinalizer(FinalizableReferenceQueue.java:155)
07-15 19:49:02.199 26418 26418 W nalizableReferenceQueue: 	at com.google.common.base.FinalizableReferenceQueue.<clinit>(FinalizableReferenceQueue.java:84)
07-15 19:49:02.199 26418 26418 W nalizableReferenceQueue: 	at com.google.common.collect.CustomConcurrentHashMap$QueueHolder.<clinit>(CustomConcurrentHashMap.java:650)
07-15 19:49:02.199 26418 26418 W nalizableReferenceQueue: 	at com.google.common.collect.CustomConcurrentHashMap$WeakEntry.<init>(CustomConcurrentHashMap.java:1342)
07-15 19:49:02.199 26418 26418 W nalizableReferenceQueue: 	at com.google.common.collect.CustomConcurrentHashMap$EntryFactory$9.newEntry(CustomConcurrentHashMap.java:453)
07-15 19:49:02.199 26418 26418 W nalizableReferenceQueue: 	at com.google.common.collect.CustomConcurrentHashMap.a(CustomConcurrentHashMap.java:1715)
07-15 19:49:02.199 26418 26418 W nalizableReferenceQueue: 	at com.google.common.collect.ComputingConcurrentHashMap$ComputingSegment.a(ComputingConcurrentHashMap.java:123)
07-15 19:49:02.199 26418 26418 W nalizableReferenceQueue: 	at com.google.common.collect.ComputingConcurrentHashMap.apply(ComputingConcurrentHashMap.java:71)
07-15 19:49:02.199 26418 26418 W nalizableReferenceQueue: 	at com.google.common.collect.MapMaker$ComputingMapAdapter.get(MapMaker.java:848)
07-15 19:49:02.199 26418 26418 W nalizableReferenceQueue: 	at com.google.inject.internal.Annotations$AnnotationChecker.a(Annotations.java:90)
07-15 19:49:02.199 26418 26418 W nalizableReferenceQueue: 	at com.google.inject.internal.Annotations.c(Annotations.java:108)
07-15 19:49:02.199 26418 26418 W nalizableReferenceQueue: 	at com.google.inject.Key.d(Key.java:369)
07-15 19:49:02.199 26418 26418 W nalizableReferenceQueue: 	at com.google.inject.Key.b(Key.java:356)
07-15 19:49:02.199 26418 26418 W nalizableReferenceQueue: 	at com.google.inject.Key.a(Key.java:267)
07-15 19:49:02.199 26418 26418 W nalizableReferenceQueue: 	at com.facebook.orca.inject.binder.AnnotatedBindingBuilderImpl.a(AnnotatedBindingBuilderImpl.java:22)
07-15 19:49:02.199 26418 26418 W nalizableReferenceQueue: 	at com.facebook.orca.app.FbBaseModule.a(FbBaseModule.java:75)
07-15 19:49:02.199 26418 26418 W nalizableReferenceQueue: 	at com.facebook.orca.inject.AbstractModule.a(AbstractModule.java:19)
07-15 19:49:02.199 26418 26418 W nalizableReferenceQueue: 	at com.facebook.orca.inject.FbInjectorImpl.a(FbInjectorImpl.java:63)
07-15 19:49:02.199 26418 26418 W nalizableReferenceQueue: 	at com.facebook.orca.inject.FbInjectorImpl.<init>(FbInjectorImpl.java:41)
07-15 19:49:02.199 26418 26418 W nalizableReferenceQueue: 	at com.facebook.orca.inject.FbInjector.a(FbInjector.java:40)
07-15 19:49:02.199 26418 26418 W nalizableReferenceQueue: 	at com.facebook.katana.FacebookApplication.onCreate(FacebookApplication.java:102)
07-15 19:49:02.199 26418 26418 W nalizableReferenceQueue: 	at android.app.Instrumentation.callApplicationOnCreate(Instrumentation.java:969)
07-15 19:49:02.199 26418 26418 W nalizableReferenceQueue: 	at android.app.ActivityThread.handleBindApplication(ActivityThread.java:3954)
07-15 19:49:02.199 26418 26418 W nalizableReferenceQueue: 	at android.app.ActivityThread.access$1300(ActivityThread.java:123)
07-15 19:49:02.199 26418 26418 W nalizableReferenceQueue: 	at android.app.ActivityThread$H.handleMessage(ActivityThread.java:1185)
07-15 19:49:02.199 26418 26418 W nalizableReferenceQueue: 	at android.os.Handler.dispatchMessage(Handler.java:99)
07-15 19:49:02.199 26418 26418 W nalizableReferenceQueue: 	at android.os.Looper.loop(Looper.java:137)
07-15 19:49:02.199 26418 26418 W nalizableReferenceQueue: 	at android.app.ActivityThread.main(ActivityThread.java:4424)
07-15 19:49:02.199 26418 26418 W nalizableReferenceQueue: 	at java.lang.reflect.Method.invokeNative(Native Method)
07-15 19:49:02.199 26418 26418 W nalizableReferenceQueue: 	at java.lang.reflect.Method.invoke(Method.java:511)
07-15 19:49:02.199 26418 26418 W nalizableReferenceQueue: 	at com.android.internal.os.ZygoteInit$MethodAndArgsCaller.run(ZygoteInit.java:784)
07-15 19:49:02.199 26418 26418 W nalizableReferenceQueue: 	at com.android.internal.os.ZygoteInit.main(ZygoteInit.java:551)
07-15 19:49:02.199 26418 26418 W nalizableReferenceQueue: 	at dalvik.system.NativeStart.main(Native Method)
07-15 19:49:02.203 26418 26418 I Finalizer: Couldn't access Thread.inheritableThreadLocals. Reference finalizer threads will inherit thread local values.
07-15 19:49:02.246 26418 26420 D dalvikvm: GC_CONCURRENT freed 366K, 5% free 9872K/10311K, paused 4ms+3ms
07-15 19:49:02.379 26418 26420 D dalvikvm: GC_CONCURRENT freed 399K, 5% free 10024K/10503K, paused 2ms+2ms
07-15 19:49:02.496   145  2955 I ActivityManager: Process com.google.android.gallery3d (pid 25769) has died.
07-15 19:49:02.566 26418 26420 D dalvikvm: GC_CONCURRENT freed 435K, 5% free 10125K/10631K, paused 5ms+3ms
07-15 19:49:02.953 26418 26420 D dalvikvm: GC_CONCURRENT freed 299K, 4% free 10280K/10695K, paused 9ms+39ms
07-15 19:49:03.121 26418 26435 W Resources: Converting to string: TypedValue{t=0x10/d=0xffffffff a=-1}
07-15 19:49:03.394 26418 26420 D dalvikvm: GC_CONCURRENT freed 389K, 5% free 10427K/10887K, paused 2ms+4ms
07-15 19:49:03.632 26418 26420 D dalvikvm: GC_CONCURRENT freed 343K, 4% free 10529K/10951K, paused 2ms+4ms
07-15 19:49:05.343 26418 26420 D dalvikvm: GC_CONCURRENT freed 307K, 4% free 10648K/11079K, paused 2ms+3ms
07-15 19:49:05.836 26418 26420 D dalvikvm: GC_CONCURRENT freed 385K, 5% free 10734K/11207K, paused 2ms+3ms
07-15 19:49:07.250 26418 26420 D dalvikvm: GC_CONCURRENT freed 464K, 6% free 10746K/11335K, paused 15ms+4ms
07-15 19:49:46.507 25923 25923 I PhoneLab-Locks: wake lock acquired
07-15 19:49:46.531 25923 26453 I PhoneLab-PeriodicCheckService: User info is synched
07-15 19:49:46.535 25923 26453 I PhoneLab-PeriodicCheckService: Logger Service is running
07-15 19:49:46.535 25923 26453 I PhoneLab-Locks: wake lock acquired
07-15 19:49:46.539 25923 26453 I PhoneLab-PeriodicCheckService: Rescheduling periodic checking...
07-15 19:49:46.543 25923 25923 I PhoneLab-UploadLogs: Transfering log files now
07-15 19:49:46.543 25923 25923 I PhoneLab-UploadLogs: No log files to transfer
07-15 19:49:46.543 25923 25923 I PhoneLab-Locks: wake lock released
07-15 19:49:46.543 25923 25923 I PhoneLab-UploadLogs: OnStartCommand
07-15 19:49:46.543 25923 26453 I PhoneLab-Locks: wake lock released
07-15 19:50:02.379 25923 25936 I PhoneLab-: Service Running
07-15 19:50:02.465 25923 25936 I PhoneLab-LoggerService: app_36    1177  1     1448   996   c00f181c 400107b4 S logcat
07-15 19:50:02.465 25923 25936 I PhoneLab-LoggerService: Logcat pid from database 1177
07-15 19:50:02.468 25923 25936 I PhoneLab-LoggerService: Logcat process found 1177
07-15 19:50:02.468 25923 25936 I PhoneLab-LoggerService: Checking Threshold
07-15 19:50:04.336   145   715 D dalvikvm: GC_EXPLICIT freed 758K, 22% free 17133K/21895K, paused 6ms+8ms
07-15 19:50:28.820 25923 25923 I PhoneLab-Locks: wake lock acquired
07-15 19:50:28.859 25923 25923 I PhoneLab-StatusMonitor: Status Monitoring is started
07-15 19:50:28.933 25923 25925 D dalvikvm: GC_CONCURRENT freed 472K, 13% free 9250K/10567K, paused 1ms+3ms
07-15 19:50:28.976 25923 25923 I PhoneLab-StatusMonitor: Value: 10 - unit: min
07-15 19:50:28.976 25923 25923 I PhoneLab-StatusMonitor: Running interval: 600000
07-15 19:50:28.984 25923 25923 I PhoneLab-StatusMonitor: Rescheduling status monitoring...
07-15 19:50:28.984 25923 25923 I PhoneLab-Locks: wake lock released
07-15 19:50:28.988 25923 25923 I PhoneLab-StatusMonitorLocation: Learning Location
07-15 19:50:28.988 25923 25923 I PhoneLab-Locks: wake lock acquired
07-15 19:50:28.992 25923 25923 I PhoneLab-Locks: wake lock acquired
07-15 19:50:28.996 15980 16078 D androidNetworkLocationListeners: Still have listener com.google.android.location.internal.client.NetworkLocationClient$1@413a9ae8
07-15 19:50:29.000 25923 25923 I PhoneLab-StatusMonitorLocation: Learning Signal Strgth
07-15 19:50:29.000 25923 25923 I PhoneLab-Locks: wake lock acquired
07-15 19:50:29.007 15980 16078 D androidNetworkLocationListeners: Still have listener com.google.android.location.internal.client.NetworkLocationClient$1@413a9ae8
07-15 19:50:29.011 25923 25923 I PhoneLab-StatusMonitorBattery: Battery_level: 59
07-15 19:50:29.015 25923 25923 I PhoneLab-Locks: wake lock released
07-15 19:50:29.015 25923 25923 I PhoneLab-StatusMonitorSignal: Signal_Strength: -86 asu: 14
07-15 19:50:29.015 25923 25923 I PhoneLab-Locks: wake lock released
07-15 19:50:30.289 25923 25923 I PhoneLab-StatusMonitorLocation: Location_Latitude: 42.953675 Longitude: -78.8282765 Accuracy: 27.0
07-15 19:50:30.289 15980 16078 D androidNetworkLocationListeners: Still have listener com.google.android.location.internal.client.NetworkLocationClient$1@413a9ae8
07-15 19:50:30.293 25923 25923 I PhoneLab-Locks: wake lock released
07-15 19:50:31.617 15980 15981 D dalvikvm: GC_CONCURRENT freed 483K, 6% free 10554K/11207K, paused 2ms+4ms
07-15 19:50:40.015 15980 18888 I EventLogService: Aggregate from 1342394439916 (log), 1342394439916 (data)
07-15 19:52:02.379 25923 25936 I PhoneLab-: Service Running
07-15 19:52:02.445 25923 25936 I PhoneLab-LoggerService: app_36    1177  1     1448   996   c00f181c 400107b4 S logcat
07-15 19:52:02.449 25923 25936 I PhoneLab-LoggerService: Logcat pid from database 1177
07-15 19:52:02.449 25923 25936 I PhoneLab-LoggerService: Logcat process found 1177
07-15 19:52:02.449 25923 25936 I PhoneLab-LoggerService: Checking Threshold
07-15 19:52:11.125   145   161 V BackupManagerService: Running a backup pass
07-15 19:52:11.136   145   214 V BackupManagerService: Backup requested but nothing pending
07-15 19:54:02.379 25923 25936 I PhoneLab-: Service Running
07-15 19:54:02.445 25923 25936 I PhoneLab-LoggerService: app_36    1177  1     1448   996   c00f181c 400107b4 S logcat
07-15 19:54:02.445 25923 25936 I PhoneLab-LoggerService: Logcat pid from database 1177
07-15 19:54:02.449 25923 25936 I PhoneLab-LoggerService: Logcat process found 1177
07-15 19:54:02.449 25923 25936 I PhoneLab-LoggerService: Checking Threshold
07-15 19:55:57.293 26279 26280 D dalvikvm: GC_CONCURRENT freed 466K, 7% free 10039K/10695K, paused 10ms+3ms
07-15 19:56:02.379 25923 25936 I PhoneLab-: Service Running
07-15 19:56:02.445 25923 25936 I PhoneLab-LoggerService: app_36    1177  1     1448   996   c00f181c 400107b4 S logcat
07-15 19:56:02.445 25923 25936 I PhoneLab-LoggerService: Logcat pid from database 1177
07-15 19:56:02.445 25923 25936 I PhoneLab-LoggerService: Logcat process found 1177
07-15 19:56:02.445 25923 25936 I PhoneLab-LoggerService: Checking Threshold
07-15 19:56:52.902 26153 26182 I Email   : ReconcilePopImapAccountsSync: start
07-15 19:56:52.933 26153 26167 W Email   : Received BYE
07-15 19:56:52.945 26153 26182 I Email   : ReconcilePopImapAccountsSync: done
07-15 19:57:02.215 26153 26155 D dalvikvm: GC_CONCURRENT freed 423K, 6% free 9565K/10119K, paused 8ms+3ms
07-15 19:57:02.269 26153 26167 D Email   : *** synchronizeMailboxGeneric ***
07-15 19:57:06.195 26153 26180 I Email   : ReconcilePopImapAccountsSync: start
07-15 19:57:06.234 26153 26180 I Email   : ReconcilePopImapAccountsSync: done
07-15 19:57:07.816 26153 26167 D dalvikvm: GC_EXPLICIT freed 165K, 6% free 9567K/10119K, paused 2ms+3ms
07-15 19:57:07.886 26153 26167 D Email   : *** synchronizeMailboxGeneric ***
07-15 19:58:02.379 25923 25936 I PhoneLab-: Service Running
07-15 19:58:02.457 25923 25936 I PhoneLab-LoggerService: app_36    1177  1     1448   996   c00f181c 400107b4 S logcat
07-15 19:58:02.457 25923 25936 I PhoneLab-LoggerService: Logcat pid from database 1177
07-15 19:58:02.457 25923 25936 I PhoneLab-LoggerService: Logcat process found 1177
07-15 19:58:02.457 25923 25936 I PhoneLab-LoggerService: Checking Threshold
07-15 19:58:02.465 25923 25925 D dalvikvm: GC_CONCURRENT freed 435K, 13% free 9211K/10567K, paused 2ms+2ms
07-15 19:58:06.746 22993 22993 I wpa_supplicant: wlan0: WPA: Group rekeying completed with 98:fc:11:c3:3f:e6 [GTK=TKIP]
07-15 20:00:00.136   215   217 D dalvikvm: GC_CONCURRENT freed 548K, 53% free 10135K/21319K, paused 2ms+4ms
07-15 20:00:02.379 25923 25936 I PhoneLab-: Service Running
07-15 20:00:02.461 25923 25936 I PhoneLab-LoggerService: app_36    1177  1     1448   996   c00f181c 400107b4 S logcat
07-15 20:00:02.461 25923 25936 I PhoneLab-LoggerService: Logcat pid from database 1177
07-15 20:00:02.461 25923 25936 I PhoneLab-LoggerService: Logcat process found 1177
07-15 20:00:02.461 25923 25936 I PhoneLab-LoggerService: Checking Threshold
07-15 20:00:29.004 25923 25923 I PhoneLab-Locks: wake lock acquired
07-15 20:00:29.031 25923 25923 I PhoneLab-StatusMonitor: Status Monitoring is started
07-15 20:00:29.105 25923 25925 D dalvikvm: GC_CONCURRENT freed 400K, 12% free 9312K/10567K, paused 1ms+5ms
07-15 20:00:29.105 25923 25923 I PhoneLab-StatusMonitor: Value: 10 - unit: min
07-15 20:00:29.109 25923 25923 I PhoneLab-StatusMonitor: Running interval: 600000
07-15 20:00:29.117 25923 25923 I PhoneLab-StatusMonitor: Rescheduling status monitoring...
07-15 20:00:29.117 25923 25923 I PhoneLab-Locks: wake lock released
07-15 20:00:29.121 25923 25923 I PhoneLab-StatusMonitorLocation: Learning Location
07-15 20:00:29.121 25923 25923 I PhoneLab-Locks: wake lock acquired
07-15 20:00:29.222   145   417 D dalvikvm: GC_EXPLICIT freed 1171K, 22% free 17167K/21895K, paused 8ms+8ms
07-15 20:00:29.222 25923 25923 I PhoneLab-Locks: wake lock acquired
07-15 20:00:29.226 25923 25923 I PhoneLab-StatusMonitorLocation: Learning Signal Strgth
07-15 20:00:29.226 25923 25923 I PhoneLab-Locks: wake lock acquired
07-15 20:00:29.226 15980 16078 D androidNetworkLocationListeners: Still have listener com.google.android.location.internal.client.NetworkLocationClient$1@413a9ae8
07-15 20:00:29.234 15980 16078 D androidNetworkLocationListeners: Still have listener com.google.android.location.internal.client.NetworkLocationClient$1@413a9ae8
07-15 20:00:29.238 25923 25923 I PhoneLab-StatusMonitorBattery: Battery_level: 65
07-15 20:00:29.242 25923 25923 I PhoneLab-Locks: wake lock released
07-15 20:00:29.242 25923 25923 I PhoneLab-StatusMonitorSignal: Signal_Strength: -76 asu: 19
07-15 20:00:29.242 25923 25923 I PhoneLab-Locks: wake lock released
07-15 20:00:30.515 25923 25923 I PhoneLab-StatusMonitorLocation: Location_Latitude: 42.953672 Longitude: -78.8282843 Accuracy: 27.0
07-15 20:00:30.519 15980 16078 D androidNetworkLocationListeners: Still have listener com.google.android.location.internal.client.NetworkLocationClient$1@413a9ae8
07-15 20:00:30.519 25923 25923 I PhoneLab-Locks: wake lock released
07-15 20:00:31.824 15980 15981 D dalvikvm: GC_CONCURRENT freed 521K, 6% free 10544K/11207K, paused 2ms+3ms
07-15 20:00:42.496 22993 22993 I wpa_supplicant: wlan0: WPA: Group rekeying completed with 98:fc:11:c3:3f:e6 [GTK=TKIP]
07-15 20:02:02.379 25923 25936 I PhoneLab-: Service Running
07-15 20:02:02.445 25923 25936 I PhoneLab-LoggerService: app_36    1177  1     1448   996   c00f181c 400107b4 S logcat
07-15 20:02:02.449 25923 25936 I PhoneLab-LoggerService: Logcat pid from database 1177
07-15 20:02:02.449 25923 25936 I PhoneLab-LoggerService: Logcat process found 1177
07-15 20:02:02.449 25923 25936 I PhoneLab-LoggerService: Checking Threshold
07-15 20:04:02.379 25923 25936 I PhoneLab-: Service Running
07-15 20:04:02.445 25923 25936 I PhoneLab-LoggerService: app_36    1177  1     1448   996   c00f181c 400107b4 S logcat
07-15 20:04:02.445 25923 25936 I PhoneLab-LoggerService: Logcat pid from database 1177
07-15 20:04:02.445 25923 25936 I PhoneLab-LoggerService: Logcat process found 1177
07-15 20:04:02.445 25923 25936 I PhoneLab-LoggerService: Checking Threshold
07-15 20:06:02.379 25923 25936 I PhoneLab-: Service Running
07-15 20:06:02.445 25923 25936 I PhoneLab-LoggerService: app_36    1177  1     1448   996   c00f181c 400107b4 S logcat
07-15 20:06:02.445 25923 25936 I PhoneLab-LoggerService: Logcat pid from database 1177
07-15 20:06:02.445 25923 25936 I PhoneLab-LoggerService: Logcat process found 1177
07-15 20:06:02.445 25923 25936 I PhoneLab-LoggerService: Checking Threshold
07-15 20:08:02.379 25923 25936 I PhoneLab-: Service Running
07-15 20:08:02.445 25923 25936 I PhoneLab-LoggerService: app_36    1177  1     1448   996   c00f181c 400107b4 S logcat
07-15 20:08:02.449 25923 25936 I PhoneLab-LoggerService: Logcat pid from database 1177
07-15 20:08:02.449 25923 25936 I PhoneLab-LoggerService: Logcat process found 1177
07-15 20:08:02.449 25923 25936 I PhoneLab-LoggerService: Checking Threshold
07-15 20:08:19.691 26418 26420 D dalvikvm: GC_CONCURRENT freed 515K, 6% free 10752K/11399K, paused 2ms+3ms
07-15 20:10:02.379 25923 25936 I PhoneLab-: Service Running
07-15 20:10:02.449 25923 25936 I PhoneLab-LoggerService: app_36    1177  1     1448   996   c00f181c 400107b4 S logcat
07-15 20:10:02.449 25923 25936 I PhoneLab-LoggerService: Logcat pid from database 1177
07-15 20:10:02.449 25923 25936 I PhoneLab-LoggerService: Logcat process found 1177
07-15 20:10:02.449 25923 25936 I PhoneLab-LoggerService: Checking Threshold
07-15 20:10:29.140 25923 25923 I PhoneLab-Locks: wake lock acquired
07-15 20:10:29.175 25923 25923 I PhoneLab-StatusMonitor: Status Monitoring is started
07-15 20:10:29.211 25923 25925 D dalvikvm: GC_CONCURRENT freed 588K, 13% free 9235K/10567K, paused 1ms+3ms
07-15 20:10:29.234 25923 25923 I PhoneLab-StatusMonitor: Value: 10 - unit: min
07-15 20:10:29.234 25923 25923 I PhoneLab-StatusMonitor: Running interval: 600000
07-15 20:10:29.242 25923 25923 I PhoneLab-StatusMonitor: Rescheduling status monitoring...
07-15 20:10:29.242 25923 25923 I PhoneLab-Locks: wake lock released
07-15 20:10:29.246 25923 25923 I PhoneLab-StatusMonitorLocation: Learning Location
07-15 20:10:29.246 25923 25923 I PhoneLab-Locks: wake lock acquired
07-15 20:10:29.250 25923 25923 I PhoneLab-Locks: wake lock acquired
07-15 20:10:29.250 15980 16078 D androidNetworkLocationListeners: Still have listener com.google.android.location.internal.client.NetworkLocationClient$1@413a9ae8
07-15 20:10:29.254 25923 25923 I PhoneLab-StatusMonitorLocation: Learning Signal Strgth
07-15 20:10:29.254 25923 25923 I PhoneLab-Locks: wake lock acquired
07-15 20:10:29.261 15980 16078 D androidNetworkLocationListeners: Still have listener com.google.android.location.internal.client.NetworkLocationClient$1@413a9ae8
07-15 20:10:29.261 25923 25923 I PhoneLab-StatusMonitorBattery: Battery_level: 71
07-15 20:10:29.265 25923 25923 I PhoneLab-Locks: wake lock released
07-15 20:10:29.269 25923 25923 I PhoneLab-StatusMonitorSignal: Signal_Strength: -86 asu: 14
07-15 20:10:29.269 25923 25923 I PhoneLab-Locks: wake lock released
07-15 20:10:30.547 25923 25923 I PhoneLab-StatusMonitorLocation: Location_Latitude: 42.9536618 Longitude: -78.8282785 Accuracy: 22.0
07-15 20:10:30.550 15980 16078 D androidNetworkLocationListeners: Still have listener com.google.android.location.internal.client.NetworkLocationClient$1@413a9ae8
07-15 20:10:30.550 25923 25923 I PhoneLab-Locks: wake lock released
07-15 20:10:31.871 15980 15981 D dalvikvm: GC_CONCURRENT freed 486K, 6% free 10542K/11207K, paused 2ms+6ms
07-15 20:12:02.379 25923 25936 I PhoneLab-: Service Running
07-15 20:12:02.457 25923 25936 I PhoneLab-LoggerService: app_36    1177  1     1448   996   c00f181c 400107b4 S logcat
07-15 20:12:02.457 25923 25936 I PhoneLab-LoggerService: Logcat pid from database 1177
07-15 20:12:02.457 25923 25936 I PhoneLab-LoggerService: Logcat process found 1177
07-15 20:12:02.457 25923 25936 I PhoneLab-LoggerService: Checking Threshold
07-15 20:12:02.465 25923 25925 D dalvikvm: GC_CONCURRENT freed 422K, 13% free 9212K/10567K, paused 1ms+2ms
07-15 20:12:05.074 26153 26168 I Email   : ReconcilePopImapAccountsSync: start
07-15 20:12:05.093 26153 26167 W Email   : Received BYE
07-15 20:12:05.105 26153 26168 I Email   : ReconcilePopImapAccountsSync: done
07-15 20:12:13.207 26153 26155 D dalvikvm: GC_CONCURRENT freed 376K, 6% free 9610K/10119K, paused 13ms+3ms
07-15 20:12:13.273 26153 26167 D Email   : *** synchronizeMailboxGeneric ***
07-15 20:12:16.636 26153 26181 I Email   : ReconcilePopImapAccountsSync: start
07-15 20:12:16.660 26153 26181 I Email   : ReconcilePopImapAccountsSync: done
07-15 20:12:17.929 26153 26167 D Email   : *** synchronizeMailboxGeneric ***
07-15 20:14:02.379 25923 25936 I PhoneLab-: Service Running
07-15 20:14:02.445 25923 25936 I PhoneLab-LoggerService: app_36    1177  1     1448   996   c00f181c 400107b4 S logcat
07-15 20:14:02.445 25923 25936 I PhoneLab-LoggerService: Logcat pid from database 1177
07-15 20:14:02.449 25923 25936 I PhoneLab-LoggerService: Logcat process found 1177
07-15 20:14:02.449 25923 25936 I PhoneLab-LoggerService: Checking Threshold
07-15 20:16:02.379 25923 25936 I PhoneLab-: Service Running
07-15 20:16:02.445 25923 25936 I PhoneLab-LoggerService: app_36    1177  1     1448   996   c00f181c 400107b4 S logcat
07-15 20:16:02.445 25923 25936 I PhoneLab-LoggerService: Logcat pid from database 1177
07-15 20:16:02.449 25923 25936 I PhoneLab-LoggerService: Logcat process found 1177
07-15 20:16:02.449 25923 25936 I PhoneLab-LoggerService: Checking Threshold
07-15 20:17:35.410   145   417 D AlarmManagerService: Kernel timezone updated to 240 minutes west of GMT
07-15 20:17:35.539   145   379 D dalvikvm: GC_EXPLICIT freed 1061K, 22% free 17192K/21895K, paused 29ms+8ms
07-15 20:17:35.543   348   348 D SystemClock: Setting time of day to sec=1342397855
07-15 20:17:35.241   145   162 I ActivityManager: Start proc com.android.calendar for broadcast com.android.calendar/.widget.CalendarAppWidgetService$CalendarFactory: pid=26489 uid=10005 gids={3003}
07-15 20:17:35.323 26489 26489 I ActivityThread: Pub com.android.calendar.CalendarRecentSuggestionsProvider: com.android.calendar.CalendarRecentSuggestionsProvider
07-15 20:17:35.377   145  2682 I ActivityManager: Start proc com.android.deskclock for broadcast com.android.deskclock/.AlarmInitReceiver: pid=26505 uid=10011 gids={}
07-15 20:17:35.401   145  1480 I ActivityManager: Start proc com.android.providers.calendar for content provider com.android.providers.calendar/.CalendarProvider2: pid=26517 uid=10006 gids={3003, 1015}
07-15 20:17:35.471 26517 26517 I ActivityThread: Pub com.android.calendar: com.android.providers.calendar.CalendarProvider2
07-15 20:17:35.491 26505 26505 I ActivityThread: Pub com.android.deskclock: com.android.deskclock.AlarmProvider
07-15 20:17:35.549 26505 26531 V AlarmClock: AlarmInitReceiver finished
07-15 20:17:35.549   145  2955 I ActivityManager: No longer want com.android.camera (pid 25736): hidden #16
07-15 20:17:35.596   145   180 W InputDispatcher: channel '4190e1b0 com.android.camera/com.android.camera.Camera (server)' ~ Consumer closed input channel or an error occurred.  events=0x8
07-15 20:17:35.596   145   180 E InputDispatcher: channel '4190e1b0 com.android.camera/com.android.camera.Camera (server)' ~ Channel is unrecoverably broken and will be disposed!
07-15 20:17:35.596   145   180 W InputDispatcher: Attempted to unregister already unregistered input channel '4190e1b0 com.android.camera/com.android.camera.Camera (server)'
07-15 20:17:35.596   145   180 I WindowManager: WINDOW DIED Window{4190e1b0 com.android.camera/com.android.camera.Camera paused=false}
07-15 20:17:35.596   145   180 W WindowManager: Force-removing child win Window{41938ba8 SurfaceView paused=false} from container Window{4190e1b0 com.android.camera/com.android.camera.Camera paused=false}
07-15 20:17:35.608   145   315 W WindowManager: Failed looking up window
07-15 20:17:35.608   145   315 W WindowManager: java.lang.IllegalArgumentException: Requested window android.os.BinderProxy@4166eba0 does not exist
07-15 20:17:35.608   145   315 W WindowManager: 	at com.android.server.wm.WindowManagerService.windowForClientLocked(WindowManagerService.java:7163)
07-15 20:17:35.608   145   315 W WindowManager: 	at com.android.server.wm.WindowManagerService.windowForClientLocked(WindowManagerService.java:7154)
07-15 20:17:35.608   145   315 W WindowManager: 	at com.android.server.wm.WindowState$DeathRecipient.binderDied(WindowState.java:1545)
07-15 20:17:35.608   145   315 W WindowManager: 	at android.os.BinderProxy.sendDeathNotice(Binder.java:417)
07-15 20:17:35.608   145   315 W WindowManager: 	at dalvik.system.NativeStart.run(Native Method)
07-15 20:17:35.608   145   315 I WindowManager: WIN DEATH: null
07-15 20:17:35.663   145 26534 I UsageStats: Deleting usage file : usage-20120711
07-15 20:17:36.663 26517 26517 I CalendarProvider2: Sending notification intent: Intent { act=android.intent.action.PROVIDER_CHANGED dat=content://com.android.calendar }
07-15 20:17:36.667 26517 26517 W ContentResolver: Failed to get type for: content://com.android.calendar (Unknown URL content://com.android.calendar)
07-15 20:18:02.377 25923 25936 I PhoneLab-: Service Running
07-15 20:18:02.444 25923 25936 I PhoneLab-LoggerService: app_36    1177  1     1448   996   c00f181c 400107b4 S logcat
07-15 20:18:02.444 25923 25936 I PhoneLab-LoggerService: Logcat pid from database 1177
07-15 20:18:02.444 25923 25936 I PhoneLab-LoggerService: Logcat process found 1177
07-15 20:18:02.444 25923 25936 I PhoneLab-LoggerService: Checking Threshold
07-15 20:18:10.870   145  2682 D AlarmManagerService: Kernel timezone updated to 240 minutes west of GMT
07-15 20:19:00.010   145   162 I ActivityManager: No longer want com.android.exchange (pid 26169): hidden #16
07-15 20:19:00.014   145   162 I ActivityManager: No longer want android.process.media (pid 25611): hidden #17
07-15 20:19:00.127   145   157 I UsageStats: No package stats for pkg:com.android.launcher
07-15 20:19:46.225 25923 25923 I PhoneLab-Locks: wake lock acquired
07-15 20:19:46.272 25923 26539 I PhoneLab-PeriodicCheckService: User info is synched
07-15 20:19:46.292 25923 26539 I PhoneLab-PeriodicCheckService: Logger Service is running
07-15 20:19:46.292 25923 26539 I PhoneLab-Locks: wake lock acquired
07-15 20:19:46.295 25923 25923 I PhoneLab-UploadLogs: Transfering log files now
07-15 20:19:46.295 25923 25923 I PhoneLab-UploadLogs: No log files to transfer
07-15 20:19:46.295 25923 25923 I PhoneLab-Locks: wake lock released
07-15 20:19:46.295 25923 25923 I PhoneLab-UploadLogs: OnStartCommand
07-15 20:19:46.295 25923 26539 I PhoneLab-PeriodicCheckService: Rescheduling periodic checking...
07-15 20:19:46.299 25923 26539 I PhoneLab-Locks: wake lock released
07-15 20:19:46.299   145   145 I ActivityManager: No longer want com.whatsapp (pid 26279): hidden #16
07-15 20:19:46.307   145   715 W ActivityManager: Scheduling restart of crashed service com.whatsapp/.messaging.MessageService in 5000ms
07-15 20:19:51.350   145   162 I ActivityManager: Start proc com.whatsapp for service com.whatsapp/.messaging.MessageService: pid=26540 uid=10053 gids={1015, 3003}
07-15 20:19:51.377 26540 26540 I dalvikvm: Turning on JNI app bug workarounds for target SDK version 7...
07-15 20:19:51.542 26540 26542 D dalvikvm: GC_CONCURRENT freed 174K, 3% free 9345K/9607K, paused 2ms+2ms
07-15 20:19:51.749 26540 26542 D dalvikvm: GC_CONCURRENT freed 298K, 4% free 9611K/9991K, paused 2ms+3ms
07-15 20:19:52.163 26540 26540 I dalvikvm: Could not find method android.media.MediaMetadataRetriever.captureFrame, referenced from method com.whatsapp.q3.a
07-15 20:19:52.163 26540 26540 W dalvikvm: VFY: unable to resolve virtual method 502: Landroid/media/MediaMetadataRetriever;.captureFrame ()Landroid/graphics/Bitmap;
07-15 20:19:52.163 26540 26540 D dalvikvm: VFY: replacing opcode 0x6e at 0x0134
07-15 20:19:52.288 26540 26542 D dalvikvm: GC_CONCURRENT freed 331K, 5% free 9789K/10247K, paused 2ms+2ms
07-15 20:19:52.409 26540 26542 D dalvikvm: GC_CONCURRENT freed 313K, 4% free 9979K/10375K, paused 2ms+2ms
07-15 20:19:54.385 26540 26542 D dalvikvm: GC_CONCURRENT freed 312K, 4% free 10147K/10567K, paused 3ms+4ms
07-15 20:20:02.377 25923 25936 I PhoneLab-: Service Running
07-15 20:20:02.440 25923 25936 I PhoneLab-LoggerService: app_36    1177  1     1448   996   c00f181c 400107b4 S logcat
07-15 20:20:02.444 25923 25936 I PhoneLab-LoggerService: Logcat pid from database 1177
07-15 20:20:02.444 25923 25936 I PhoneLab-LoggerService: Logcat process found 1177
07-15 20:20:02.444 25923 25936 I PhoneLab-LoggerService: Checking Threshold
07-15 20:20:28.924 25923 25923 I PhoneLab-Locks: wake lock acquired
07-15 20:20:28.956 25923 25923 I PhoneLab-StatusMonitor: Status Monitoring is started
07-15 20:20:29.002 25923 25925 D dalvikvm: GC_CONCURRENT freed 466K, 13% free 9258K/10567K, paused 1ms+2ms
07-15 20:20:29.022 25923 25923 I PhoneLab-StatusMonitor: Value: 10 - unit: min
07-15 20:20:29.022 25923 25923 I PhoneLab-StatusMonitor: Running interval: 600000
07-15 20:20:29.030 25923 25923 I PhoneLab-StatusMonitor: Rescheduling status monitoring...
07-15 20:20:29.030 25923 25923 I PhoneLab-Locks: wake lock released
07-15 20:20:29.034 25923 25923 I PhoneLab-StatusMonitorLocation: Learning Location
07-15 20:20:29.034 25923 25923 I PhoneLab-Locks: wake lock acquired
07-15 20:20:29.038 25923 25923 I PhoneLab-Locks: wake lock acquired
07-15 20:20:29.038 15980 16078 D androidNetworkLocationListeners: Still have listener com.google.android.location.internal.client.NetworkLocationClient$1@413a9ae8
07-15 20:20:29.041 25923 25923 I PhoneLab-StatusMonitorLocation: Learning Signal Strgth
07-15 20:20:29.041 25923 25923 I PhoneLab-Locks: wake lock acquired
07-15 20:20:29.049 15980 16078 D androidNetworkLocationListeners: Still have listener com.google.android.location.internal.client.NetworkLocationClient$1@413a9ae8
07-15 20:20:29.049 25923 25923 I PhoneLab-StatusMonitorBattery: Battery_level: 76
07-15 20:20:29.057 25923 25923 I PhoneLab-Locks: wake lock released
07-15 20:20:29.061 25923 25923 I PhoneLab-StatusMonitorSignal: Signal_Strength: -86 asu: 14
07-15 20:20:29.061 25923 25923 I PhoneLab-Locks: wake lock released
07-15 20:20:30.335 25923 25923 I PhoneLab-StatusMonitorLocation: Location_Latitude: 42.9536661 Longitude: -78.8282761 Accuracy: 27.0
07-15 20:20:30.335 15980 16078 D androidNetworkLocationListeners: Still have listener com.google.android.location.internal.client.NetworkLocationClient$1@413a9ae8
07-15 20:20:30.335 25923 25923 I PhoneLab-Locks: wake lock released
07-15 20:20:31.647 15980 15981 D dalvikvm: GC_CONCURRENT freed 507K, 6% free 10547K/11207K, paused 2ms+3ms
07-15 20:20:40.120 15980 16572 I EventLogService: Aggregate from 1342396240019 (log), 1342396240019 (data)
07-15 20:21:00.120   215   217 D dalvikvm: GC_CONCURRENT freed 353K, 53% free 10173K/21319K, paused 2ms+4ms
07-15 20:22:02.377 25923 25936 I PhoneLab-: Service Running
07-15 20:22:02.440 25923 25936 I PhoneLab-LoggerService: app_36    1177  1     1448   996   c00f181c 400107b4 S logcat
07-15 20:22:02.444 25923 25936 I PhoneLab-LoggerService: Logcat pid from database 1177
07-15 20:22:02.444 25923 25936 I PhoneLab-LoggerService: Logcat process found 1177
07-15 20:22:02.444 25923 25936 I PhoneLab-LoggerService: Checking Threshold
07-15 20:23:20.417   145   148 D dalvikvm: GC_CONCURRENT freed 1974K, 22% free 17139K/21895K, paused 39ms+8ms
07-15 20:24:02.377 25923 25936 I PhoneLab-: Service Running
07-15 20:24:02.444 25923 25936 I PhoneLab-LoggerService: app_36    1177  1     1448   996   c00f181c 400107b4 S logcat
07-15 20:24:02.444 25923 25936 I PhoneLab-LoggerService: Logcat pid from database 1177
07-15 20:24:02.444 25923 25936 I PhoneLab-LoggerService: Logcat process found 1177
07-15 20:24:02.444 25923 25936 I PhoneLab-LoggerService: Checking Threshold
07-15 20:26:02.377 25923 25936 I PhoneLab-: Service Running
07-15 20:26:02.452 25923 25936 I PhoneLab-LoggerService: app_36    1177  1     1448   996   c00f181c 400107b4 S logcat
07-15 20:26:02.452 25923 25936 I PhoneLab-LoggerService: Logcat pid from database 1177
07-15 20:26:02.452 25923 25936 I PhoneLab-LoggerService: Logcat process found 1177
07-15 20:26:02.452 25923 25936 I PhoneLab-LoggerService: Checking Threshold
07-15 20:26:02.460 25923 25925 D dalvikvm: GC_CONCURRENT freed 439K, 13% free 9210K/10567K, paused 1ms+2ms
07-15 20:27:16.334 26153 26193 I Email   : ReconcilePopImapAccountsSync: start
07-15 20:27:16.362 26153 26167 W Email   : Received BYE
07-15 20:27:16.366 26153 26193 I Email   : ReconcilePopImapAccountsSync: done
07-15 20:27:17.698 26153 26155 D dalvikvm: GC_CONCURRENT freed 370K, 5% free 9687K/10183K, paused 2ms+3ms
07-15 20:27:22.417 26153 26167 D Email   : *** synchronizeMailboxGeneric ***
07-15 20:27:25.233 26153 26182 I Email   : ReconcilePopImapAccountsSync: start
07-15 20:27:25.327   145   379 D dalvikvm: GC_EXPLICIT freed 298K, 22% free 17092K/21895K, paused 4ms+7ms
07-15 20:27:25.335 26153 26182 I Email   : ReconcilePopImapAccountsSync: done
07-15 20:27:27.538 26153 26155 D dalvikvm: GC_CONCURRENT freed 435K, 6% free 9677K/10247K, paused 2ms+3ms
07-15 20:27:27.616 26153 26167 D dalvikvm: GC_EXPLICIT freed 130K, 7% free 9608K/10247K, paused 5ms+3ms
07-15 20:27:27.620 26153 26167 D Email   : *** synchronizeMailboxGeneric ***
07-15 20:28:02.377 25923 25936 I PhoneLab-: Service Running
07-15 20:28:02.440 25923 25936 I PhoneLab-LoggerService: app_36    1177  1     1448   996   c00f181c 400107b4 S logcat
07-15 20:28:02.444 25923 25936 I PhoneLab-LoggerService: Logcat pid from database 1177
07-15 20:28:02.444 25923 25936 I PhoneLab-LoggerService: Logcat process found 1177
07-15 20:28:02.444 25923 25936 I PhoneLab-LoggerService: Checking Threshold
07-15 20:30:02.377 25923 25936 I PhoneLab-: Service Running
07-15 20:30:02.463 25923 25936 I PhoneLab-LoggerService: app_36    1177  1     1448   996   c00f181c 400107b4 S logcat
07-15 20:30:02.463 25923 25936 I PhoneLab-LoggerService: Logcat pid from database 1177
07-15 20:30:02.463 25923 25936 I PhoneLab-LoggerService: Logcat process found 1177
07-15 20:30:02.463 25923 25936 I PhoneLab-LoggerService: Checking Threshold
07-15 20:30:29.053 25923 25923 I PhoneLab-Locks: wake lock acquired
07-15 20:30:29.081 25923 25923 I PhoneLab-StatusMonitor: Status Monitoring is started
07-15 20:30:29.143 25923 25925 D dalvikvm: GC_CONCURRENT freed 452K, 13% free 9269K/10567K, paused 1ms+2ms
07-15 20:30:29.147 25923 25923 I PhoneLab-StatusMonitor: Value: 10 - unit: min
07-15 20:30:29.147 25923 25923 I PhoneLab-StatusMonitor: Running interval: 600000
07-15 20:30:29.159 25923 25923 I PhoneLab-StatusMonitor: Rescheduling status monitoring...
07-15 20:30:29.159 25923 25923 I PhoneLab-Locks: wake lock released
07-15 20:30:29.163 25923 25923 I PhoneLab-StatusMonitorLocation: Learning Location
07-15 20:30:29.163 25923 25923 I PhoneLab-Locks: wake lock acquired
07-15 20:30:29.167 25923 25923 I PhoneLab-Locks: wake lock acquired
07-15 20:30:29.167 15980 16078 D androidNetworkLocationListeners: Still have listener com.google.android.location.internal.client.NetworkLocationClient$1@413a9ae8
07-15 20:30:29.170 25923 25923 I PhoneLab-StatusMonitorLocation: Learning Signal Strgth
07-15 20:30:29.170 25923 25923 I PhoneLab-Locks: wake lock acquired
07-15 20:30:29.178 15980 16078 D androidNetworkLocationListeners: Still have listener com.google.android.location.internal.client.NetworkLocationClient$1@413a9ae8
07-15 20:30:29.182 25923 25923 I PhoneLab-StatusMonitorBattery: Battery_level: 81
07-15 20:30:29.186 25923 25923 I PhoneLab-Locks: wake lock released
07-15 20:30:29.186 25923 25923 I PhoneLab-StatusMonitorSignal: Signal_Strength: -86 asu: 14
07-15 20:30:29.186 25923 25923 I PhoneLab-Locks: wake lock released
07-15 20:30:30.463 25923 25923 I PhoneLab-StatusMonitorLocation: Location_Latitude: 42.9536661 Longitude: -78.828286 Accuracy: 23.0
07-15 20:30:30.463 15980 16078 D androidNetworkLocationListeners: Still have listener com.google.android.location.internal.client.NetworkLocationClient$1@413a9ae8
07-15 20:30:30.467 25923 25923 I PhoneLab-Locks: wake lock released
07-15 20:30:31.780 15980 15981 D dalvikvm: GC_CONCURRENT freed 511K, 6% free 10547K/11207K, paused 2ms+3ms
07-15 20:30:55.545 26374 26375 D dalvikvm: GC_CONCURRENT freed 398K, 5% free 10291K/10823K, paused 1ms+2ms
07-15 20:32:02.377 25923 25936 I PhoneLab-: Service Running
07-15 20:32:02.440 25923 25936 I PhoneLab-LoggerService: app_36    1177  1     1448   996   c00f181c 400107b4 S logcat
07-15 20:32:02.440 25923 25936 I PhoneLab-LoggerService: Logcat pid from database 1177
07-15 20:32:02.444 25923 25936 I PhoneLab-LoggerService: Logcat process found 1177
07-15 20:32:02.444 25923 25936 I PhoneLab-LoggerService: Checking Threshold
07-15 20:34:02.377 25923 25936 I PhoneLab-: Service Running
07-15 20:34:02.440 25923 25936 I PhoneLab-LoggerService: app_36    1177  1     1448   996   c00f181c 400107b4 S logcat
07-15 20:34:02.444 25923 25936 I PhoneLab-LoggerService: Logcat pid from database 1177
07-15 20:34:02.444 25923 25936 I PhoneLab-LoggerService: Logcat process found 1177
07-15 20:34:02.444 25923 25936 I PhoneLab-LoggerService: Checking Threshold
07-15 20:36:02.377 25923 25936 I PhoneLab-: Service Running
07-15 20:36:02.440 25923 25936 I PhoneLab-LoggerService: app_36    1177  1     1448   996   c00f181c 400107b4 S logcat
07-15 20:36:02.444 25923 25936 I PhoneLab-LoggerService: Logcat pid from database 1177
07-15 20:36:02.444 25923 25936 I PhoneLab-LoggerService: Logcat process found 1177
07-15 20:36:02.444 25923 25936 I PhoneLab-LoggerService: Checking Threshold
07-15 20:38:02.377 25923 25936 I PhoneLab-: Service Running
07-15 20:38:02.440 25923 25936 I PhoneLab-LoggerService: app_36    1177  1     1448   996   c00f181c 400107b4 S logcat
07-15 20:38:02.440 25923 25936 I PhoneLab-LoggerService: Logcat pid from database 1177
07-15 20:38:02.444 25923 25936 I PhoneLab-LoggerService: Logcat process found 1177
07-15 20:38:02.444 25923 25936 I PhoneLab-LoggerService: Checking Threshold
07-15 20:40:02.377 25923 25936 I PhoneLab-: Service Running
07-15 20:40:02.440 25923 25936 I PhoneLab-LoggerService: app_36    1177  1     1448   996   c00f181c 400107b4 S logcat
07-15 20:40:02.440 25923 25936 I PhoneLab-LoggerService: Logcat pid from database 1177
07-15 20:40:02.444 25923 25936 I PhoneLab-LoggerService: Logcat process found 1177
07-15 20:40:02.444 25923 25936 I PhoneLab-LoggerService: Checking Threshold
07-15 20:40:12.596 15980 18604 I CheckinService: Preparing to send checkin request
07-15 20:40:12.596 15980 18604 I EventLogService: Accumulating logs since 1342398040126
07-15 20:40:12.788 15980 18604 D dalvikvm: GC_FOR_ALLOC freed 211K, 5% free 10695K/11207K, paused 25ms
07-15 20:40:12.995 15980 18604 I CheckinTask: Sending checkin request (14416 bytes)
07-15 20:40:15.268 15980 15981 D dalvikvm: GC_CONCURRENT freed 333K, 5% free 10815K/11335K, paused 15ms+3ms
07-15 20:40:16.760 15980 15981 D dalvikvm: GC_CONCURRENT freed 530K, 7% free 10809K/11527K, paused 2ms+3ms
07-15 20:40:16.760 15980 18604 I CheckinTask: Sending checkin request (19671 bytes)
07-15 20:40:18.049 15980 18604 D dalvikvm: GC_FOR_ALLOC freed 364K, 7% free 10794K/11527K, paused 21ms
07-15 20:40:18.108 15980 18604 I CheckinTask: Sending checkin request (14402 bytes)
07-15 20:40:18.854 15980 18604 I CheckinTask: Sending checkin request (5564 bytes)
07-15 20:40:20.170 15980 15981 D dalvikvm: GC_CONCURRENT freed 628K, 8% free 10635K/11527K, paused 2ms+3ms
07-15 20:40:20.174 15980 18604 I CheckinTask: Checkin success: https://android.clients.google.com/checkin (4 requests sent)
07-15 20:40:29.182 25923 25923 I PhoneLab-Locks: wake lock acquired
07-15 20:40:29.210 25923 25923 I PhoneLab-StatusMonitor: Status Monitoring is started
07-15 20:40:29.241 25923 25925 D dalvikvm: GC_CONCURRENT freed 548K, 13% free 9233K/10567K, paused 1ms+2ms
07-15 20:40:29.268 25923 25923 I PhoneLab-StatusMonitor: Value: 10 - unit: min
07-15 20:40:29.268 25923 25923 I PhoneLab-StatusMonitor: Running interval: 600000
07-15 20:40:29.276 25923 25923 I PhoneLab-StatusMonitor: Rescheduling status monitoring...
07-15 20:40:29.276 25923 25923 I PhoneLab-Locks: wake lock released
07-15 20:40:29.280 25923 25923 I PhoneLab-StatusMonitorLocation: Learning Location
07-15 20:40:29.280 25923 25923 I PhoneLab-Locks: wake lock acquired
07-15 20:40:29.284 25923 25923 I PhoneLab-Locks: wake lock acquired
07-15 20:40:29.288 25923 25923 I PhoneLab-StatusMonitorLocation: Learning Signal Strgth
07-15 20:40:29.288 25923 25923 I PhoneLab-Locks: wake lock acquired
07-15 20:40:29.288 15980 16078 D androidNetworkLocationListeners: Still have listener com.google.android.location.internal.client.NetworkLocationClient$1@413a9ae8
07-15 20:40:29.295 15980 16078 D androidNetworkLocationListeners: Still have listener com.google.android.location.internal.client.NetworkLocationClient$1@413a9ae8
07-15 20:40:29.315 25923 25923 I PhoneLab-StatusMonitorBattery: Battery_level: 85
07-15 20:40:29.315 25923 25923 I PhoneLab-Locks: wake lock released
07-15 20:40:29.315 25923 25923 I PhoneLab-StatusMonitorSignal: Signal_Strength: -86 asu: 14
07-15 20:40:29.315 25923 25923 I PhoneLab-Locks: wake lock released
07-15 20:40:29.331 25923 25925 D dalvikvm: GC_CONCURRENT freed 431K, 14% free 9189K/10567K, paused 2ms+2ms
07-15 20:40:30.569 25923 25923 I PhoneLab-StatusMonitorLocation: Location_Latitude: 42.9536626 Longitude: -78.8282834 Accuracy: 22.0
07-15 20:40:30.569 15980 16078 D androidNetworkLocationListeners: Still have listener com.google.android.location.internal.client.NetworkLocationClient$1@413a9ae8
07-15 20:40:30.569 25923 25923 I PhoneLab-Locks: wake lock released
07-15 20:40:31.897 15980 15981 D dalvikvm: GC_CONCURRENT freed 547K, 9% free 10584K/11527K, paused 2ms+3ms
07-15 20:42:02.378 25923 25936 I PhoneLab-: Service Running
07-15 20:42:02.444 25923 25936 I PhoneLab-LoggerService: app_36    1177  1     1448   996   c00f181c 400107b4 S logcat
07-15 20:42:02.444 25923 25936 I PhoneLab-LoggerService: Logcat pid from database 1177
07-15 20:42:02.444 25923 25936 I PhoneLab-LoggerService: Logcat process found 1177
07-15 20:42:02.444 25923 25936 I PhoneLab-LoggerService: Checking Threshold
07-15 20:42:25.256 26153 26180 I Email   : ReconcilePopImapAccountsSync: start
07-15 20:42:25.295 26153 26167 W Email   : Received BYE
07-15 20:42:25.303 26153 26180 I Email   : ReconcilePopImapAccountsSync: done
07-15 20:42:31.663 26153 26155 D dalvikvm: GC_CONCURRENT freed 332K, 6% free 9663K/10247K, paused 1ms+2ms
07-15 20:42:31.772   145   507 D dalvikvm: GC_EXPLICIT freed 1043K, 22% free 17179K/21895K, paused 4ms+8ms
07-15 20:42:31.792 26153 26167 D Email   : *** synchronizeMailboxGeneric ***
07-15 20:42:35.799 26153 26168 I Email   : ReconcilePopImapAccountsSync: start
07-15 20:42:35.823 26153 26168 I Email   : ReconcilePopImapAccountsSync: done
07-15 20:42:38.624 26153 26167 D Email   : *** synchronizeMailboxGeneric ***
07-15 20:44:00.120   215   217 D dalvikvm: GC_CONCURRENT freed 386K, 53% free 10178K/21319K, paused 2ms+4ms
07-15 20:44:02.377 25923 25936 I PhoneLab-: Service Running
07-15 20:44:02.440 25923 25936 I PhoneLab-LoggerService: app_36    1177  1     1448   996   c00f181c 400107b4 S logcat
07-15 20:44:02.440 25923 25936 I PhoneLab-LoggerService: Logcat pid from database 1177
07-15 20:44:02.444 25923 25936 I PhoneLab-LoggerService: Logcat process found 1177
07-15 20:44:02.444 25923 25936 I PhoneLab-LoggerService: Checking Threshold
07-15 20:46:02.377 25923 25936 I PhoneLab-: Service Running
07-15 20:46:02.440 25923 25936 I PhoneLab-LoggerService: app_36    1177  1     1448   996   c00f181c 400107b4 S logcat
07-15 20:46:02.444 25923 25936 I PhoneLab-LoggerService: Logcat pid from database 1177
07-15 20:46:02.444 25923 25936 I PhoneLab-LoggerService: Logcat process found 1177
07-15 20:46:02.444 25923 25936 I PhoneLab-LoggerService: Checking Threshold
07-15 20:48:02.378 25923 25936 I PhoneLab-: Service Running
07-15 20:48:02.444 25923 25936 I PhoneLab-LoggerService: app_36    1177  1     1448   996   c00f181c 400107b4 S logcat
07-15 20:48:02.444 25923 25936 I PhoneLab-LoggerService: Logcat pid from database 1177
07-15 20:48:02.448 25923 25936 I PhoneLab-LoggerService: Logcat process found 1177
07-15 20:48:02.448 25923 25936 I PhoneLab-LoggerService: Checking Threshold
07-15 20:49:46.319 25923 25923 I PhoneLab-Locks: wake lock acquired
07-15 20:49:46.350 25923 26605 I PhoneLab-PeriodicCheckService: User info is synched
07-15 20:49:46.350 25923 26605 I PhoneLab-PeriodicCheckService: Logger Service is running
07-15 20:49:46.354 25923 26605 I PhoneLab-Locks: wake lock acquired
07-15 20:49:46.354 25923 25923 I PhoneLab-UploadLogs: Transfering log files now
07-15 20:49:46.354 25923 25923 I PhoneLab-UploadLogs: No log files to transfer
07-15 20:49:46.354 25923 25923 I PhoneLab-Locks: wake lock released
07-15 20:49:46.358 25923 25923 I PhoneLab-UploadLogs: OnStartCommand
07-15 20:49:46.358 25923 26605 I PhoneLab-PeriodicCheckService: Rescheduling periodic checking...
07-15 20:49:46.358 25923 26605 I PhoneLab-Locks: wake lock released
07-15 20:49:59.456   145   176 I power   : *** set_screen_state 1
07-15 20:49:59.499   145   173 I ActivityManager: No longer want com.android.sprintmenu (pid 26309): hidden #16
07-15 20:49:59.553 25794 25794 V battery_widget_monitor: Refreshing data on SCREEN ON
07-15 20:49:59.569   145   176 I WindowManager: Lock screen displayed!
07-15 20:49:59.581   145   156 W ActivityManager: Scheduling restart of crashed service com.android.sprintmenu/.HiddenPhoneService in 5000ms
07-15 20:49:59.670    79   122 D SurfaceFlinger: Screen about to return, flinger = 0x477918
07-15 20:50:01.280 25923 25923 I PhoneLab-PowerOnReceiver: Power is plugged off!
07-15 20:50:01.311 25794 25794 W battery_widget_monitor: AC0 - 43=>88 since 1h30m
07-15 20:50:01.350 25923 25925 D dalvikvm: GC_CONCURRENT freed 390K, 13% free 9194K/10567K, paused 2ms+2ms
07-15 20:50:02.377 25923 25936 I PhoneLab-: Service Running
07-15 20:50:02.444 25923 25936 I PhoneLab-LoggerService: app_36    1177  1     1448   996   c00f181c 400107b4 S logcat
07-15 20:50:02.448 25923 25936 I PhoneLab-LoggerService: Logcat pid from database 1177
07-15 20:50:02.448 25923 25936 I PhoneLab-LoggerService: Logcat process found 1177
07-15 20:50:02.448 25923 25936 I PhoneLab-LoggerService: Checking Threshold
07-15 20:50:04.600   145   162 I ActivityManager: Start proc com.android.sprintmenu for service com.android.sprintmenu/.HiddenPhoneService: pid=26610 uid=1001 gids={3002, 3001, 3003, 1015}
07-15 20:50:04.667    80    80 D dalvikvm: GC_EXPLICIT freed 37K, 4% free 9031K/9347K, paused 3ms+21ms
07-15 20:50:04.752    80    80 D dalvikvm: GC_EXPLICIT freed <1K, 4% free 9031K/9347K, paused 1ms+2ms
07-15 20:50:04.780    80    80 D dalvikvm: GC_EXPLICIT freed <1K, 4% free 9031K/9347K, paused 2ms+2ms
07-15 20:50:29.280 25923 25923 I PhoneLab-Locks: wake lock acquired
07-15 20:50:29.295 25923 25923 I PhoneLab-StatusMonitor: Status Monitoring is started
07-15 20:50:29.420 25923 25925 D dalvikvm: GC_CONCURRENT freed 396K, 12% free 9300K/10567K, paused 3ms+2ms
07-15 20:50:29.424 25923 25923 I PhoneLab-StatusMonitor: Value: 10 - unit: min
07-15 20:50:29.424 25923 25923 I PhoneLab-StatusMonitor: Running interval: 600000
07-15 20:50:29.432 25923 25923 I PhoneLab-StatusMonitor: Rescheduling status monitoring...
07-15 20:50:29.436 25923 25923 I PhoneLab-Locks: wake lock released
07-15 20:50:29.440 25923 25923 I PhoneLab-StatusMonitorLocation: Learning Location
07-15 20:50:29.440 25923 25923 I PhoneLab-Locks: wake lock acquired
07-15 20:50:29.440 25923 25923 I PhoneLab-Locks: wake lock acquired
07-15 20:50:29.444 15980 16078 D androidNetworkLocationListeners: Still have listener com.google.android.location.internal.client.NetworkLocationClient$1@413a9ae8
07-15 20:50:29.452 25923 25923 I PhoneLab-StatusMonitorLocation: Learning Signal Strgth
07-15 20:50:29.452 25923 25923 I PhoneLab-Locks: wake lock acquired
07-15 20:50:29.460 15980 16078 D androidNetworkLocationListeners: Still have listener com.google.android.location.internal.client.NetworkLocationClient$1@413a9ae8
07-15 20:50:29.467 25923 25923 I PhoneLab-StatusMonitorBattery: Battery_level: 88
07-15 20:50:29.467 25923 25923 I PhoneLab-Locks: wake lock released
07-15 20:50:29.471 25923 25923 I PhoneLab-StatusMonitorSignal: Signal_Strength: -86 asu: 14
07-15 20:50:29.471 25923 25923 I PhoneLab-Locks: wake lock released
07-15 20:50:30.717 25923 25923 I PhoneLab-StatusMonitorLocation: Location_Latitude: 42.9537504 Longitude: -78.8281216 Accuracy: 25.0
07-15 20:50:30.717 15980 16078 D androidNetworkLocationListeners: Still have listener com.google.android.location.internal.client.NetworkLocationClient$1@413a9ae8
07-15 20:50:30.717 25923 25923 I PhoneLab-Locks: wake lock released
07-15 20:50:31.920 15980 16088 D WifiLocator: Not enough positive cache hits compared to misses. Need server request. hasLocation=3 noLocation=0 cacheMiss=4
07-15 20:50:31.920 15980 16088 D NetworkLocator: Not reporting location since the new location has worse accuracy than the previous one.
07-15 20:50:31.928 15980 15987 I dalvikvm: Jit: resizing JitTable from 8192 to 16384
07-15 20:50:31.956 15980 16080 I System.out: [INFO:105905104]: LogSource: Running flush
07-15 20:50:31.960 15980 16081 I System.out: [INFO:105905106]: LogSource: Sending payload [bytes=596]
07-15 20:50:33.155 15980 15981 D dalvikvm: GC_CONCURRENT freed 441K, 9% free 10580K/11527K, paused 31ms+3ms
07-15 20:50:33.534 15980 16081 I System.out: [INFO:105906680]: LogSource: Response [http=200,length=325]
07-15 20:50:33.534 15980 16080 I System.out: [INFO:105906681]: LogSource: Read id 4, status code 200
07-15 20:50:34.963   145   181 I InputReader: Dropping virtual key from device cypress-touchkey because virtual keys are temporarily disabled for the next 239.880ms.  keyCode=4, scanCode=158
07-15 20:50:36.389   145   181 I InputReader: Dropping key up from device cypress-touchkey because the key was not down.  keyCode=4, scanCode=158
07-15 20:50:36.698   145   181 I InputReader: Dropping virtual key from device cypress-touchkey because virtual keys are temporarily disabled for the next 248.474ms.  keyCode=4, scanCode=158
07-15 20:50:36.764   145   181 I InputReader: Dropping key up from device cypress-touchkey because the key was not down.  keyCode=4, scanCode=158
07-15 20:50:40.217 15980 18424 I EventLogService: Aggregate from 1342399212603 (log), 1342398040126 (data)
07-15 20:51:01.788   145   172 I power   : *** set_screen_state 0
07-15 20:51:01.803   145   176 D UnlockScreen: portrait mode
07-15 20:51:01.831    79   122 D SurfaceFlinger: About to give-up screen, flinger = 0x477918
07-15 20:51:01.870   145   176 V TransportControlView: Create TCV com.android.internal.widget.TransportControlView@41854350
07-15 20:52:02.377 25923 25936 I PhoneLab-: Service Running
07-15 20:52:02.444 25923 25936 I PhoneLab-LoggerService: app_36    1177  1     1448   996   c00f181c 400107b4 S logcat
07-15 20:52:02.444 25923 25936 I PhoneLab-LoggerService: Logcat pid from database 1177
07-15 20:52:02.444 25923 25936 I PhoneLab-LoggerService: Logcat process found 1177
07-15 20:52:02.444 25923 25936 I PhoneLab-LoggerService: Checking Threshold
07-15 20:52:20.866   145   161 V BackupManagerService: Running a backup pass
07-15 20:52:20.878   145   214 V BackupManagerService: Backup requested but nothing pending
07-15 20:53:19.393   145   148 D dalvikvm: JIT code cache reset in 4 ms (1048520 bytes 28/0)
07-15 20:53:19.417   145   148 D dalvikvm: GC_CONCURRENT freed 1922K, 21% free 17299K/21895K, paused 4ms+19ms
07-15 20:54:02.377 25923 25936 I PhoneLab-: Service Running
07-15 20:54:02.440 25923 25936 I PhoneLab-LoggerService: app_36    1177  1     1448   996   c00f181c 400107b4 S logcat
07-15 20:54:02.444 25923 25936 I PhoneLab-LoggerService: Logcat pid from database 1177
07-15 20:54:02.444 25923 25936 I PhoneLab-LoggerService: Logcat process found 1177
07-15 20:54:02.444 25923 25936 I PhoneLab-LoggerService: Checking Threshold
07-15 20:56:02.378 25923 25936 I PhoneLab-: Service Running
07-15 20:56:02.440 25923 25936 I PhoneLab-LoggerService: app_36    1177  1     1448   996   c00f181c 400107b4 S logcat
07-15 20:56:02.444 25923 25936 I PhoneLab-LoggerService: Logcat pid from database 1177
07-15 20:56:02.444 25923 25936 I PhoneLab-LoggerService: Logcat process found 1177
07-15 20:56:02.444 25923 25936 I PhoneLab-LoggerService: Checking Threshold
07-15 20:57:35.846 26153 26181 I Email   : ReconcilePopImapAccountsSync: start
07-15 20:57:35.881 26153 26167 W Email   : Received BYE
07-15 20:57:35.889 26153 26181 I Email   : ReconcilePopImapAccountsSync: done
07-15 20:57:37.710 26153 26155 D dalvikvm: GC_CONCURRENT freed 333K, 5% free 9738K/10247K, paused 2ms+3ms
07-15 20:57:42.491   145   417 D dalvikvm: GC_EXPLICIT freed 400K, 22% free 17213K/21895K, paused 4ms+7ms
07-15 20:57:42.514 26153 26167 D Email   : *** synchronizeMailboxGeneric ***
07-15 20:57:45.655 26153 26193 I Email   : ReconcilePopImapAccountsSync: start
07-15 20:57:45.682 26153 26193 I Email   : ReconcilePopImapAccountsSync: done
07-15 20:57:47.276 26153 26155 D dalvikvm: GC_CONCURRENT freed 426K, 6% free 9751K/10311K, paused 2ms+3ms
07-15 20:57:47.303 26153 26167 D Email   : *** synchronizeMailboxGeneric ***
07-15 20:58:02.381 25923 25936 I PhoneLab-: Service Running
07-15 20:58:02.444 25923 25936 I PhoneLab-LoggerService: app_36    1177  1     1448   996   c00f181c 400107b4 S logcat
07-15 20:58:02.444 25923 25936 I PhoneLab-LoggerService: Logcat pid from database 1177
07-15 20:58:02.444 25923 25936 I PhoneLab-LoggerService: Logcat process found 1177
07-15 20:58:02.444 25923 25936 I PhoneLab-LoggerService: Checking Threshold
07-15 21:00:02.377 25923 25936 I PhoneLab-: Service Running
07-15 21:00:02.444 25923 25936 I PhoneLab-LoggerService: app_36    1177  1     1448   996   c00f181c 400107b4 S logcat
07-15 21:00:02.448 25923 25936 I PhoneLab-LoggerService: Logcat pid from database 1177
07-15 21:00:02.448 25923 25936 I PhoneLab-LoggerService: Logcat process found 1177
07-15 21:00:02.448 25923 25936 I PhoneLab-LoggerService: Checking Threshold
07-15 21:00:29.456 25923 25923 I PhoneLab-Locks: wake lock acquired
07-15 21:00:29.483 25923 25923 I PhoneLab-StatusMonitor: Status Monitoring is started
07-15 21:00:29.518 25923 25925 D dalvikvm: GC_CONCURRENT freed 580K, 13% free 9232K/10567K, paused 2ms+2ms
07-15 21:00:29.542 25923 25923 I PhoneLab-StatusMonitor: Value: 10 - unit: min
07-15 21:00:29.542 25923 25923 I PhoneLab-StatusMonitor: Running interval: 600000
07-15 21:00:29.549 25923 25923 I PhoneLab-StatusMonitor: Rescheduling status monitoring...
07-15 21:00:29.553 25923 25923 I PhoneLab-Locks: wake lock released
07-15 21:00:29.557 25923 25923 I PhoneLab-StatusMonitorLocation: Learning Location
07-15 21:00:29.557 25923 25923 I PhoneLab-Locks: wake lock acquired
07-15 21:00:29.557 25923 25923 I PhoneLab-Locks: wake lock acquired
07-15 21:00:29.561 15980 16078 D androidNetworkLocationListeners: Still have listener com.google.android.location.internal.client.NetworkLocationClient$1@413a9ae8
07-15 21:00:29.561 25923 25923 I PhoneLab-StatusMonitorLocation: Learning Signal Strgth
07-15 21:00:29.561 25923 25923 I PhoneLab-Locks: wake lock acquired
07-15 21:00:29.573 15980 16078 D androidNetworkLocationListeners: Still have listener com.google.android.location.internal.client.NetworkLocationClient$1@413a9ae8
07-15 21:00:29.577 25923 25923 I PhoneLab-StatusMonitorBattery: Battery_level: 88
07-15 21:00:29.577 25923 25923 I PhoneLab-Locks: wake lock released
07-15 21:00:29.581 25923 25923 I PhoneLab-StatusMonitorSignal: Signal_Strength: -96 asu: 9
07-15 21:00:29.581 25923 25923 I PhoneLab-Locks: wake lock released
07-15 21:00:30.877 15980 15981 D dalvikvm: GC_CONCURRENT freed 518K, 9% free 10582K/11527K, paused 2ms+3ms
07-15 21:00:30.897 25923 25923 I PhoneLab-StatusMonitorLocation: Location_Latitude: 42.9537464 Longitude: -78.8280996 Accuracy: 26.0
07-15 21:00:30.901 25923 25923 I PhoneLab-Locks: wake lock released
07-15 21:00:30.909 15980 16078 D androidNetworkLocationListeners: Still have listener com.google.android.location.internal.client.NetworkLocationClient$1@413a9ae8
07-15 21:00:49.667 22993 22993 I wpa_supplicant: wlan0: WPA: Group rekeying completed with 98:fc:11:c3:3f:e6 [GTK=TKIP]
07-15 21:01:16.651 22993 22993 I wpa_supplicant: wlan0: WPA: Group rekeying completed with 98:fc:11:c3:3f:e6 [GTK=TKIP]
07-15 21:02:02.377 25923 25936 I PhoneLab-: Service Running
07-15 21:02:02.456 25923 25936 I PhoneLab-LoggerService: app_36    1177  1     1448   996   c00f181c 400107b4 S logcat
07-15 21:02:02.456 25923 25936 I PhoneLab-LoggerService: Logcat pid from database 1177
07-15 21:02:02.456 25923 25936 I PhoneLab-LoggerService: Logcat process found 1177
07-15 21:02:02.456 25923 25936 I PhoneLab-LoggerService: Checking Threshold
07-15 21:02:02.460 25923 25925 D dalvikvm: GC_CONCURRENT freed 424K, 13% free 9209K/10567K, paused 1ms+2ms
07-15 21:04:00.120   215   217 D dalvikvm: GC_CONCURRENT freed 404K, 53% free 10168K/21319K, paused 2ms+4ms
07-15 21:04:02.377 25923 25936 I PhoneLab-: Service Running
07-15 21:04:02.440 25923 25936 I PhoneLab-LoggerService: app_36    1177  1     1448   996   c00f181c 400107b4 S logcat
07-15 21:04:02.440 25923 25936 I PhoneLab-LoggerService: Logcat pid from database 1177
07-15 21:04:02.444 25923 25936 I PhoneLab-LoggerService: Logcat process found 1177
07-15 21:04:02.444 25923 25936 I PhoneLab-LoggerService: Checking Threshold
07-15 21:06:02.377 25923 25936 I PhoneLab-: Service Running
07-15 21:06:02.440 25923 25936 I PhoneLab-LoggerService: app_36    1177  1     1448   996   c00f181c 400107b4 S logcat
07-15 21:06:02.440 25923 25936 I PhoneLab-LoggerService: Logcat pid from database 1177
07-15 21:06:02.444 25923 25936 I PhoneLab-LoggerService: Logcat process found 1177
07-15 21:06:02.444 25923 25936 I PhoneLab-LoggerService: Checking Threshold
07-15 21:08:02.377 25923 25936 I PhoneLab-: Service Running
07-15 21:08:02.440 25923 25936 I PhoneLab-LoggerService: app_36    1177  1     1448   996   c00f181c 400107b4 S logcat
07-15 21:08:02.444 25923 25936 I PhoneLab-LoggerService: Logcat pid from database 1177
07-15 21:08:02.444 25923 25936 I PhoneLab-LoggerService: Logcat process found 1177
07-15 21:08:02.444 25923 25936 I PhoneLab-LoggerService: Checking Threshold
07-15 21:10:02.377 25923 25936 I PhoneLab-: Service Running
07-15 21:10:02.440 25923 25936 I PhoneLab-LoggerService: app_36    1177  1     1448   996   c00f181c 400107b4 S logcat
07-15 21:10:02.440 25923 25936 I PhoneLab-LoggerService: Logcat pid from database 1177
07-15 21:10:02.444 25923 25936 I PhoneLab-LoggerService: Logcat process found 1177
07-15 21:10:02.444 25923 25936 I PhoneLab-LoggerService: Checking Threshold
07-15 21:10:29.573 25923 25923 I PhoneLab-Locks: wake lock acquired
07-15 21:10:29.600 25923 25923 I PhoneLab-StatusMonitor: Status Monitoring is started
07-15 21:10:29.639 25923 25925 D dalvikvm: GC_CONCURRENT freed 464K, 13% free 9254K/10567K, paused 2ms+2ms
07-15 21:10:29.659 25923 25923 I PhoneLab-StatusMonitor: Value: 10 - unit: min
07-15 21:10:29.659 25923 25923 I PhoneLab-StatusMonitor: Running interval: 600000
07-15 21:10:29.667 25923 25923 I PhoneLab-StatusMonitor: Rescheduling status monitoring...
07-15 21:10:29.667 25923 25923 I PhoneLab-Locks: wake lock released
07-15 21:10:29.670 25923 25923 I PhoneLab-StatusMonitorLocation: Learning Location
07-15 21:10:29.670 25923 25923 I PhoneLab-Locks: wake lock acquired
07-15 21:10:29.674 25923 25923 I PhoneLab-Locks: wake lock acquired
07-15 21:10:29.674 15980 16078 D androidNetworkLocationListeners: Still have listener com.google.android.location.internal.client.NetworkLocationClient$1@413a9ae8
07-15 21:10:29.678 25923 25923 I PhoneLab-StatusMonitorLocation: Learning Signal Strgth
07-15 21:10:29.678 25923 25923 I PhoneLab-Locks: wake lock acquired
07-15 21:10:29.686 15980 16078 D androidNetworkLocationListeners: Still have listener com.google.android.location.internal.client.NetworkLocationClient$1@413a9ae8
07-15 21:10:29.686 25923 25923 I PhoneLab-StatusMonitorBattery: Battery_level: 88
07-15 21:10:29.690 25923 25923 I PhoneLab-Locks: wake lock released
07-15 21:10:29.694 25923 25923 I PhoneLab-StatusMonitorSignal: Signal_Strength: -96 asu: 9
07-15 21:10:29.694 25923 25923 I PhoneLab-Locks: wake lock released
07-15 21:10:30.991 15980 15981 D dalvikvm: GC_CONCURRENT freed 527K, 9% free 10575K/11527K, paused 2ms+3ms
07-15 21:10:31.006 25923 25923 I PhoneLab-StatusMonitorLocation: Location_Latitude: 42.9537482 Longitude: -78.8281063 Accuracy: 26.0
07-15 21:10:31.006 15980 16078 D androidNetworkLocationListeners: Still have listener com.google.android.location.internal.client.NetworkLocationClient$1@413a9ae8
07-15 21:10:31.006 25923 25923 I PhoneLab-Locks: wake lock released
07-15 21:12:02.377 25923 25936 I PhoneLab-: Service Running
07-15 21:12:02.463 25923 25936 I PhoneLab-LoggerService: app_36    1177  1     1448   996   c00f181c 400107b4 S logcat
07-15 21:12:02.463 25923 25936 I PhoneLab-LoggerService: Logcat pid from database 1177
07-15 21:12:02.463 25923 25936 I PhoneLab-LoggerService: Logcat process found 1177
07-15 21:12:02.463 25923 25936 I PhoneLab-LoggerService: Checking Threshold
07-15 21:12:45.702 26153 26182 I Email   : ReconcilePopImapAccountsSync: start
07-15 21:12:45.717 26153 26167 W Email   : Received BYE
07-15 21:12:45.729 26153 26182 I Email   : ReconcilePopImapAccountsSync: done
07-15 21:12:53.483 26153 26167 D dalvikvm: GC_EXPLICIT freed 403K, 6% free 9751K/10311K, paused 2ms+3ms
07-15 21:12:53.577   145   461 D dalvikvm: GC_EXPLICIT freed 880K, 22% free 17275K/21895K, paused 4ms+8ms
07-15 21:12:53.600 26153 26167 D Email   : *** synchronizeMailboxGeneric ***
07-15 21:12:56.413 26153 26180 I Email   : ReconcilePopImapAccountsSync: start
07-15 21:12:56.436 26153 26180 I Email   : ReconcilePopImapAccountsSync: done
07-15 21:12:58.631 26153 26167 D Email   : *** synchronizeMailboxGeneric ***
07-15 21:14:02.378 25923 25936 I PhoneLab-: Service Running
07-15 21:14:02.440 25923 25936 I PhoneLab-LoggerService: app_36    1177  1     1448   996   c00f181c 400107b4 S logcat
07-15 21:14:02.440 25923 25936 I PhoneLab-LoggerService: Logcat pid from database 1177
07-15 21:14:02.444 25923 25936 I PhoneLab-LoggerService: Logcat process found 1177
07-15 21:14:02.444 25923 25936 I PhoneLab-LoggerService: Checking Threshold
07-15 21:15:35.581 25794 25797 D dalvikvm: GC_CONCURRENT freed 410K, 6% free 9191K/9735K, paused 2ms+2ms
07-15 21:16:02.377 25923 25936 I PhoneLab-: Service Running
07-15 21:16:02.440 25923 25936 I PhoneLab-LoggerService: app_36    1177  1     1448   996   c00f181c 400107b4 S logcat
07-15 21:16:02.440 25923 25936 I PhoneLab-LoggerService: Logcat pid from database 1177
07-15 21:16:02.444 25923 25936 I PhoneLab-LoggerService: Logcat process found 1177
07-15 21:16:02.444 25923 25936 I PhoneLab-LoggerService: Checking Threshold
07-15 21:18:02.377 25923 25936 I PhoneLab-: Service Running
07-15 21:18:02.460 25923 25925 D dalvikvm: GC_CONCURRENT freed 434K, 13% free 9216K/10567K, paused 1ms+2ms
07-15 21:18:02.463 25923 25936 I PhoneLab-LoggerService: app_36    1177  1     1448   996   c00f181c 400107b4 S logcat
07-15 21:18:02.463 25923 25936 I PhoneLab-LoggerService: Logcat pid from database 1177
07-15 21:18:02.463 25923 25936 I PhoneLab-LoggerService: Logcat process found 1177
07-15 21:18:02.463 25923 25936 I PhoneLab-LoggerService: Checking Threshold
07-15 21:19:46.377 25923 25923 I PhoneLab-Locks: wake lock acquired
07-15 21:19:46.409 25923 26662 I PhoneLab-PeriodicCheckService: User info is synched
07-15 21:19:46.413 25923 26662 I PhoneLab-PeriodicCheckService: Logger Service is running
07-15 21:19:46.413 25923 26662 I PhoneLab-Locks: wake lock acquired
07-15 21:19:46.417 25923 25923 I PhoneLab-UploadLogs: Transfering log files now
07-15 21:19:46.417 25923 25923 I PhoneLab-UploadLogs: No log files to transfer
07-15 21:19:46.417 25923 25923 I PhoneLab-Locks: wake lock released
07-15 21:19:46.420 25923 25923 I PhoneLab-UploadLogs: OnStartCommand
07-15 21:19:46.420 25923 26662 I PhoneLab-PeriodicCheckService: Rescheduling periodic checking...
07-15 21:19:46.420 25923 26662 I PhoneLab-Locks: wake lock released
07-15 21:20:02.377 25923 25936 I PhoneLab-: Service Running
07-15 21:20:02.440 25923 25936 I PhoneLab-LoggerService: app_36    1177  1     1448   996   c00f181c 400107b4 S logcat
07-15 21:20:02.440 25923 25936 I PhoneLab-LoggerService: Logcat pid from database 1177
07-15 21:20:02.444 25923 25936 I PhoneLab-LoggerService: Logcat process found 1177
07-15 21:20:02.444 25923 25936 I PhoneLab-LoggerService: Checking Threshold
07-15 21:20:27.897   145   162 I ActivityManager: No longer want com.google.android.apps.maps:NetworkLocationService (pid 26374): hidden #16
07-15 21:20:27.948   145   417 W ActivityManager: Scheduling restart of crashed service com.google.android.apps.maps/com.google.android.location.internal.server.NetworkLocationService in 5000ms
07-15 21:20:29.690 25923 25923 I PhoneLab-Locks: wake lock acquired
07-15 21:20:29.717 25923 25923 I PhoneLab-StatusMonitor: Status Monitoring is started
07-15 21:20:29.776 25923 25925 D dalvikvm: GC_CONCURRENT freed 455K, 13% free 9272K/10567K, paused 1ms+2ms
07-15 21:20:29.780 25923 25923 I PhoneLab-StatusMonitor: Value: 10 - unit: min
07-15 21:20:29.780 25923 25923 I PhoneLab-StatusMonitor: Running interval: 600000
07-15 21:20:29.795 25923 25923 I PhoneLab-StatusMonitor: Rescheduling status monitoring...
07-15 21:20:29.795 25923 25923 I PhoneLab-Locks: wake lock released
07-15 21:20:29.799 25923 25923 I PhoneLab-StatusMonitorLocation: Learning Location
07-15 21:20:29.799 25923 25923 I PhoneLab-Locks: wake lock acquired
07-15 21:20:29.799 25923 25923 I PhoneLab-Locks: wake lock acquired
07-15 21:20:29.803 15980 16078 D androidNetworkLocationListeners: Still have listener com.google.android.location.internal.client.NetworkLocationClient$1@413a9ae8
07-15 21:20:29.803 25923 25923 I PhoneLab-StatusMonitorLocation: Learning Signal Strgth
07-15 21:20:29.803 25923 25923 I PhoneLab-Locks: wake lock acquired
07-15 21:20:29.815 15980 16078 D androidNetworkLocationListeners: Still have listener com.google.android.location.internal.client.NetworkLocationClient$1@413a9ae8
07-15 21:20:29.815 25923 25923 I PhoneLab-StatusMonitorBattery: Battery_level: 88
07-15 21:20:29.819 25923 25923 I PhoneLab-Locks: wake lock released
07-15 21:20:29.827 25923 25923 I PhoneLab-StatusMonitorSignal: Signal_Strength: -96 asu: 9
07-15 21:20:29.827 25923 25923 I PhoneLab-Locks: wake lock released
07-15 21:20:31.116 15980 15981 D dalvikvm: GC_CONCURRENT freed 517K, 9% free 10576K/11527K, paused 2ms+3ms
07-15 21:20:31.127 25923 25923 I PhoneLab-StatusMonitorLocation: Location_Latitude: 42.9537376 Longitude: -78.8281351 Accuracy: 26.0
07-15 21:20:31.127 15980 16078 D androidNetworkLocationListeners: Still have listener com.google.android.location.internal.client.NetworkLocationClient$1@413a9ae8
07-15 21:20:31.131 25923 25923 I PhoneLab-Locks: wake lock released
07-15 21:20:32.963   145   162 I ActivityManager: Start proc com.google.android.apps.maps:NetworkLocationService for service com.google.android.apps.maps/com.google.android.location.internal.server.NetworkLocationService: pid=26667 uid=10054 gids={3003, 1015}
07-15 21:20:33.081 26667 26670 D dalvikvm: GC_CONCURRENT freed 152K, 3% free 9384K/9607K, paused 2ms+2ms
07-15 21:20:33.385 26667 26670 D dalvikvm: GC_CONCURRENT freed 191K, 3% free 9705K/9991K, paused 1ms+3ms
07-15 21:20:33.561 26667 26670 D dalvikvm: GC_CONCURRENT freed 141K, 3% free 10095K/10311K, paused 2ms+3ms
07-15 21:20:33.721 26667 26670 D dalvikvm: GC_CONCURRENT freed 660K, 8% free 9887K/10631K, paused 2ms+2ms
07-15 21:20:33.874 26667 26674 I dalvikvm: Total arena pages for JIT: 11
07-15 21:20:33.877 26667 26674 I dalvikvm: Total arena pages for JIT: 12
07-15 21:20:33.877 26667 26674 I dalvikvm: Total arena pages for JIT: 13
07-15 21:20:33.877 26667 26674 I dalvikvm: Total arena pages for JIT: 14
07-15 21:20:33.881 26667 26674 I dalvikvm: Total arena pages for JIT: 15
07-15 21:20:33.881 26667 26674 I dalvikvm: Total arena pages for JIT: 16
07-15 21:20:33.881 26667 26674 I dalvikvm: Total arena pages for JIT: 17
07-15 21:20:34.014 26667 26674 I dalvikvm: Total arena pages for JIT: 18
07-15 21:20:34.065 26667 26670 D dalvikvm: GC_CONCURRENT freed 227K, 6% free 10098K/10631K, paused 2ms+4ms
07-15 21:20:34.315 26667 26670 D dalvikvm: GC_CONCURRENT freed 328K, 5% free 10194K/10695K, paused 1ms+2ms
07-15 21:20:36.108 26418 26420 D dalvikvm: GC_CONCURRENT freed 400K, 5% free 10868K/11399K, paused 2ms+3ms
07-15 21:20:36.440 26667 26670 D dalvikvm: GC_CONCURRENT freed 408K, 5% free 10269K/10759K, paused 2ms+2ms
07-15 21:20:40.417   145   507 D dalvikvm: GC_EXPLICIT freed 949K, 22% free 17138K/21895K, paused 4ms+8ms
07-15 21:20:40.420 15980 18888 I EventLogService: Aggregate from 1342399840221 (log), 1342399840221 (data)
07-15 21:22:02.378 25923 25936 I PhoneLab-: Service Running
07-15 21:22:02.440 25923 25936 I PhoneLab-LoggerService: app_36    1177  1     1448   996   c00f181c 400107b4 S logcat
07-15 21:22:02.444 25923 25936 I PhoneLab-LoggerService: Logcat pid from database 1177
07-15 21:22:02.444 25923 25936 I PhoneLab-LoggerService: Logcat process found 1177
07-15 21:22:02.444 25923 25936 I PhoneLab-LoggerService: Checking Threshold
07-15 21:24:02.377 25923 25936 I PhoneLab-: Service Running
07-15 21:24:02.440 25923 25936 I PhoneLab-LoggerService: app_36    1177  1     1448   996   c00f181c 400107b4 S logcat
07-15 21:24:02.444 25923 25936 I PhoneLab-LoggerService: Logcat pid from database 1177
07-15 21:24:02.444 25923 25936 I PhoneLab-LoggerService: Logcat process found 1177
07-15 21:24:02.444 25923 25936 I PhoneLab-LoggerService: Checking Threshold
07-15 21:26:02.378 25923 25936 I PhoneLab-: Service Running
07-15 21:26:02.440 25923 25936 I PhoneLab-LoggerService: app_36    1177  1     1448   996   c00f181c 400107b4 S logcat
07-15 21:26:02.440 25923 25936 I PhoneLab-LoggerService: Logcat pid from database 1177
07-15 21:26:02.444 25923 25936 I PhoneLab-LoggerService: Logcat process found 1177
07-15 21:26:02.444 25923 25936 I PhoneLab-LoggerService: Checking Threshold
07-15 21:27:56.436 26153 26168 I Email   : ReconcilePopImapAccountsSync: start
07-15 21:27:56.467 26153 26167 W Email   : Received BYE
07-15 21:27:56.479 26153 26168 I Email   : ReconcilePopImapAccountsSync: done
07-15 21:27:58.104 26153 26155 D dalvikvm: GC_CONCURRENT freed 362K, 5% free 9820K/10311K, paused 3ms+3ms
07-15 21:28:00.124   215   217 D dalvikvm: GC_CONCURRENT freed 370K, 53% free 10182K/21319K, paused 2ms+4ms
07-15 21:28:02.377 25923 25936 I PhoneLab-: Service Running
07-15 21:28:02.448 25923 25936 I PhoneLab-LoggerService: app_36    1177  1     1448   996   c00f181c 400107b4 S logcat
07-15 21:28:02.448 25923 25936 I PhoneLab-LoggerService: Logcat pid from database 1177
07-15 21:28:02.448 25923 25936 I PhoneLab-LoggerService: Logcat process found 1177
07-15 21:28:02.448 25923 25936 I PhoneLab-LoggerService: Checking Threshold
07-15 21:28:02.510 26153 26167 D Email   : *** synchronizeMailboxGeneric ***
07-15 21:28:05.331 26153 26181 I Email   : ReconcilePopImapAccountsSync: start
07-15 21:28:05.358 26153 26181 I Email   : ReconcilePopImapAccountsSync: done
07-15 21:28:06.936 26153 26155 D dalvikvm: GC_CONCURRENT freed 410K, 6% free 9829K/10375K, paused 1ms+3ms
07-15 21:28:06.967 26153 26167 D Email   : *** synchronizeMailboxGeneric ***
07-15 21:30:02.377 25923 25936 I PhoneLab-: Service Running
07-15 21:30:02.440 25923 25936 I PhoneLab-LoggerService: app_36    1177  1     1448   996   c00f181c 400107b4 S logcat
07-15 21:30:02.444 25923 25936 I PhoneLab-LoggerService: Logcat pid from database 1177
07-15 21:30:02.444 25923 25936 I PhoneLab-LoggerService: Logcat process found 1177
07-15 21:30:02.444 25923 25936 I PhoneLab-LoggerService: Checking Threshold
07-15 21:30:29.815 25923 25923 I PhoneLab-Locks: wake lock acquired
07-15 21:30:29.842 25923 25923 I PhoneLab-StatusMonitor: Status Monitoring is started
07-15 21:30:29.878 25923 25925 D dalvikvm: GC_CONCURRENT freed 544K, 13% free 9240K/10567K, paused 2ms+2ms
07-15 21:30:29.905 25923 25923 I PhoneLab-StatusMonitor: Value: 10 - unit: min
07-15 21:30:29.905 25923 25923 I PhoneLab-StatusMonitor: Running interval: 600000
07-15 21:30:29.913 25923 25923 I PhoneLab-StatusMonitor: Rescheduling status monitoring...
07-15 21:30:29.913 25923 25923 I PhoneLab-Locks: wake lock released
07-15 21:30:29.917 25923 25923 I PhoneLab-StatusMonitorLocation: Learning Location
07-15 21:30:29.917 25923 25923 I PhoneLab-Locks: wake lock acquired
07-15 21:30:29.917 25923 25923 I PhoneLab-Locks: wake lock acquired
07-15 21:30:29.920 15980 16078 D androidNetworkLocationListeners: Still have listener com.google.android.location.internal.client.NetworkLocationClient$1@413a9ae8
07-15 21:30:29.920 25923 25923 I PhoneLab-StatusMonitorLocation: Learning Signal Strgth
07-15 21:30:29.920 25923 25923 I PhoneLab-Locks: wake lock acquired
07-15 21:30:29.932 15980 16078 D androidNetworkLocationListeners: Still have listener com.google.android.location.internal.client.NetworkLocationClient$1@413a9ae8
07-15 21:30:29.932 25923 25923 I PhoneLab-StatusMonitorBattery: Battery_level: 88
07-15 21:30:29.936 25923 25923 I PhoneLab-Locks: wake lock released
07-15 21:30:29.948 25923 25923 I PhoneLab-StatusMonitorSignal: Signal_Strength: -86 asu: 14
07-15 21:30:29.948 25923 25923 I PhoneLab-Locks: wake lock released
07-15 21:30:29.963 25923 25925 D dalvikvm: GC_CONCURRENT freed 440K, 14% free 9183K/10567K, paused 1ms+2ms
07-15 21:30:31.221 15980 15981 D dalvikvm: GC_CONCURRENT freed 502K, 9% free 10592K/11527K, paused 2ms+3ms
07-15 21:30:31.237 25923 25923 I PhoneLab-StatusMonitorLocation: Location_Latitude: 42.953727 Longitude: -78.8280903 Accuracy: 24.0
07-15 21:30:31.237 15980 16078 D androidNetworkLocationListeners: Still have listener com.google.android.location.internal.client.NetworkLocationClient$1@413a9ae8
07-15 21:30:31.237 25923 25923 I PhoneLab-Locks: wake lock released
07-15 21:32:02.378 25923 25936 I PhoneLab-: Service Running
07-15 21:32:02.440 25923 25936 I PhoneLab-LoggerService: app_36    1177  1     1448   996   c00f181c 400107b4 S logcat
07-15 21:32:02.444 25923 25936 I PhoneLab-LoggerService: Logcat pid from database 1177
07-15 21:32:02.444 25923 25936 I PhoneLab-LoggerService: Logcat process found 1177
07-15 21:32:02.444 25923 25936 I PhoneLab-LoggerService: Checking Threshold
07-15 21:34:02.378 25923 25936 I PhoneLab-: Service Running
07-15 21:34:02.444 25923 25936 I PhoneLab-LoggerService: app_36    1177  1     1448   996   c00f181c 400107b4 S logcat
07-15 21:34:02.444 25923 25936 I PhoneLab-LoggerService: Logcat pid from database 1177
07-15 21:34:02.444 25923 25936 I PhoneLab-LoggerService: Logcat process found 1177
07-15 21:34:02.444 25923 25936 I PhoneLab-LoggerService: Checking Threshold
07-15 21:36:02.377 25923 25936 I PhoneLab-: Service Running
07-15 21:36:02.444 25923 25936 I PhoneLab-LoggerService: app_36    1177  1     1448   996   c00f181c 400107b4 S logcat
07-15 21:36:02.444 25923 25936 I PhoneLab-LoggerService: Logcat pid from database 1177
07-15 21:36:02.444 25923 25936 I PhoneLab-LoggerService: Logcat process found 1177
07-15 21:36:02.444 25923 25936 I PhoneLab-LoggerService: Checking Threshold
07-15 21:38:02.378 25923 25936 I PhoneLab-: Service Running
07-15 21:38:02.440 25923 25936 I PhoneLab-LoggerService: app_36    1177  1     1448   996   c00f181c 400107b4 S logcat
07-15 21:38:02.444 25923 25936 I PhoneLab-LoggerService: Logcat pid from database 1177
07-15 21:38:02.444 25923 25936 I PhoneLab-LoggerService: Logcat process found 1177
07-15 21:38:02.444 25923 25936 I PhoneLab-LoggerService: Checking Threshold
07-15 21:40:02.378 25923 25936 I PhoneLab-: Service Running
07-15 21:40:02.440 25923 25936 I PhoneLab-LoggerService: app_36    1177  1     1448   996   c00f181c 400107b4 S logcat
07-15 21:40:02.440 25923 25936 I PhoneLab-LoggerService: Logcat pid from database 1177
07-15 21:40:02.440 25923 25936 I PhoneLab-LoggerService: Logcat process found 1177
07-15 21:40:02.440 25923 25936 I PhoneLab-LoggerService: Checking Threshold
07-15 21:40:29.936 25923 25923 I PhoneLab-Locks: wake lock acquired
07-15 21:40:29.963 25923 25923 I PhoneLab-StatusMonitor: Status Monitoring is started
07-15 21:40:30.002 25923 25925 D dalvikvm: GC_CONCURRENT freed 446K, 13% free 9249K/10567K, paused 2ms+2ms
07-15 21:40:30.022 25923 25923 I PhoneLab-StatusMonitor: Value: 10 - unit: min
07-15 21:40:30.022 25923 25923 I PhoneLab-StatusMonitor: Running interval: 600000
07-15 21:40:30.030 25923 25923 I PhoneLab-StatusMonitor: Rescheduling status monitoring...
07-15 21:40:30.030 25923 25923 I PhoneLab-Locks: wake lock released
07-15 21:40:30.034 25923 25923 I PhoneLab-StatusMonitorLocation: Learning Location
07-15 21:40:30.034 25923 25923 I PhoneLab-Locks: wake lock acquired
07-15 21:40:30.124   145   458 D dalvikvm: GC_EXPLICIT freed 1625K, 22% free 17167K/21895K, paused 3ms+9ms
07-15 21:40:30.131 25923 25923 I PhoneLab-Locks: wake lock acquired
07-15 21:40:30.131 15980 16078 D androidNetworkLocationListeners: Still have listener com.google.android.location.internal.client.NetworkLocationClient$1@413a9ae8
07-15 21:40:30.135 25923 25923 I PhoneLab-StatusMonitorLocation: Learning Signal Strgth
07-15 21:40:30.135 25923 25923 I PhoneLab-Locks: wake lock acquired
07-15 21:40:30.143 15980 16078 D androidNetworkLocationListeners: Still have listener com.google.android.location.internal.client.NetworkLocationClient$1@413a9ae8
07-15 21:40:30.143 25923 25923 I PhoneLab-StatusMonitorBattery: Battery_level: 87
07-15 21:40:30.147 25923 25923 I PhoneLab-Locks: wake lock released
07-15 21:40:30.155 25923 25923 I PhoneLab-StatusMonitorSignal: Signal_Strength: -96 asu: 9
07-15 21:40:30.155 25923 25923 I PhoneLab-Locks: wake lock released
07-15 21:40:31.448 15980 15981 D dalvikvm: GC_CONCURRENT freed 542K, 9% free 10574K/11527K, paused 2ms+3ms
07-15 21:40:31.460 25923 25923 I PhoneLab-StatusMonitorLocation: Location_Latitude: 42.953725 Longitude: -78.8280893 Accuracy: 24.0
07-15 21:40:31.463 25923 25923 I PhoneLab-Locks: wake lock released
07-15 21:40:31.471 15980 16078 D androidNetworkLocationListeners: Still have listener com.google.android.location.internal.client.NetworkLocationClient$1@413a9ae8
07-15 21:42:02.378 25923 25936 I PhoneLab-: Service Running
07-15 21:42:02.440 25923 25936 I PhoneLab-LoggerService: app_36    1177  1     1448   996   c00f181c 400107b4 S logcat
07-15 21:42:02.444 25923 25936 I PhoneLab-LoggerService: Logcat pid from database 1177
07-15 21:42:02.444 25923 25936 I PhoneLab-LoggerService: Logcat process found 1177
07-15 21:42:02.444 25923 25936 I PhoneLab-LoggerService: Checking Threshold
07-15 21:43:05.374 26153 26193 I Email   : ReconcilePopImapAccountsSync: start
07-15 21:43:05.393 26153 26167 W Email   : Received BYE
07-15 21:43:05.397 26153 26193 I Email   : ReconcilePopImapAccountsSync: done
07-15 21:43:11.045 26153 26155 D dalvikvm: GC_CONCURRENT freed 423K, 6% free 9820K/10375K, paused 2ms+2ms
07-15 21:43:11.081 26153 26167 D Email   : *** synchronizeMailboxGeneric ***
07-15 21:43:13.858 26153 26182 I Email   : ReconcilePopImapAccountsSync: start
07-15 21:43:13.909 26153 26182 D dalvikvm: GC_EXPLICIT freed 156K, 6% free 9776K/10375K, paused 2ms+3ms
07-15 21:43:13.913 26153 26182 I Email   : ReconcilePopImapAccountsSync: done
07-15 21:43:15.764 26153 26167 D Email   : *** synchronizeMailboxGeneric ***
07-15 21:44:02.378 25923 25936 I PhoneLab-: Service Running
07-15 21:44:02.440 25923 25936 I PhoneLab-LoggerService: app_36    1177  1     1448   996   c00f181c 400107b4 S logcat
07-15 21:44:02.444 25923 25936 I PhoneLab-LoggerService: Logcat pid from database 1177
07-15 21:44:02.444 25923 25936 I PhoneLab-LoggerService: Logcat process found 1177
07-15 21:44:02.444 25923 25936 I PhoneLab-LoggerService: Checking Threshold
07-15 21:46:02.378 25923 25936 I PhoneLab-: Service Running
07-15 21:46:02.456 25923 25925 D dalvikvm: GC_CONCURRENT freed 430K, 13% free 9215K/10567K, paused 2ms+2ms
07-15 21:46:02.460 25923 25936 I PhoneLab-LoggerService: app_36    1177  1     1448   996   c00f181c 400107b4 S logcat
07-15 21:46:02.460 25923 25936 I PhoneLab-LoggerService: Logcat pid from database 1177
07-15 21:46:02.460 25923 25936 I PhoneLab-LoggerService: Logcat process found 1177
07-15 21:46:02.460 25923 25936 I PhoneLab-LoggerService: Checking Threshold
07-15 21:48:02.377 25923 25936 I PhoneLab-: Service Running
07-15 21:48:02.440 25923 25936 I PhoneLab-LoggerService: app_36    1177  1     1448   996   c00f181c 400107b4 S logcat
07-15 21:48:02.440 25923 25936 I PhoneLab-LoggerService: Logcat pid from database 1177
07-15 21:48:02.444 25923 25936 I PhoneLab-LoggerService: Logcat process found 1177
07-15 21:48:02.444 25923 25936 I PhoneLab-LoggerService: Checking Threshold
07-15 21:49:46.444 25923 25923 I PhoneLab-Locks: wake lock acquired
07-15 21:49:46.483 25923 26719 I PhoneLab-PeriodicCheckService: User info is synched
07-15 21:49:46.483 25923 26719 I PhoneLab-PeriodicCheckService: Logger Service is running
07-15 21:49:46.487 25923 26719 I PhoneLab-Locks: wake lock acquired
07-15 21:49:46.487 25923 25923 I PhoneLab-UploadLogs: Transfering log files now
07-15 21:49:46.487 25923 25923 I PhoneLab-UploadLogs: No log files to transfer
07-15 21:49:46.487 25923 25923 I PhoneLab-Locks: wake lock released
07-15 21:49:46.491 25923 25923 I PhoneLab-UploadLogs: OnStartCommand
07-15 21:49:46.491 25923 26719 I PhoneLab-PeriodicCheckService: Rescheduling periodic checking...
07-15 21:49:46.491 25923 26719 I PhoneLab-Locks: wake lock released
07-15 21:50:02.378 25923 25936 I PhoneLab-: Service Running
07-15 21:50:02.444 25923 25936 I PhoneLab-LoggerService: app_36    1177  1     1448   996   c00f181c 400107b4 S logcat
07-15 21:50:02.448 25923 25936 I PhoneLab-LoggerService: Logcat pid from database 1177
07-15 21:50:02.448 25923 25936 I PhoneLab-LoggerService: Logcat process found 1177
07-15 21:50:02.448 25923 25936 I PhoneLab-LoggerService: Checking Threshold
07-15 21:50:30.069 25923 25923 I PhoneLab-Locks: wake lock acquired
07-15 21:50:30.085 25923 25923 I PhoneLab-StatusMonitor: Status Monitoring is started
07-15 21:50:30.128 25923 25925 D dalvikvm: GC_CONCURRENT freed 468K, 13% free 9258K/10567K, paused 1ms+2ms
07-15 21:50:30.139 25923 25923 I PhoneLab-StatusMonitor: Value: 10 - unit: min
07-15 21:50:30.139 25923 25923 I PhoneLab-StatusMonitor: Running interval: 600000
07-15 21:50:30.151 25923 25923 I PhoneLab-StatusMonitor: Rescheduling status monitoring...
07-15 21:50:30.151 25923 25923 I PhoneLab-Locks: wake lock released
07-15 21:50:30.159 25923 25923 I PhoneLab-StatusMonitorLocation: Learning Location
07-15 21:50:30.159 25923 25923 I PhoneLab-Locks: wake lock acquired
07-15 21:50:30.159 25923 25923 I PhoneLab-Locks: wake lock acquired
07-15 21:50:30.163 15980 16078 D androidNetworkLocationListeners: Still have listener com.google.android.location.internal.client.NetworkLocationClient$1@413a9ae8
07-15 21:50:30.163 25923 25923 I PhoneLab-StatusMonitorLocation: Learning Signal Strgth
07-15 21:50:30.163 25923 25923 I PhoneLab-Locks: wake lock acquired
07-15 21:50:30.174 15980 16078 D androidNetworkLocationListeners: Still have listener com.google.android.location.internal.client.NetworkLocationClient$1@413a9ae8
07-15 21:50:30.174 25923 25923 I PhoneLab-StatusMonitorBattery: Battery_level: 87
07-15 21:50:30.174 25923 25923 I PhoneLab-Locks: wake lock released
07-15 21:50:30.178 25923 25923 I PhoneLab-StatusMonitorSignal: Signal_Strength: -96 asu: 9
07-15 21:50:30.178 25923 25923 I PhoneLab-Locks: wake lock released
07-15 21:50:31.479 25923 25923 I PhoneLab-StatusMonitorLocation: Location_Latitude: 42.9537441 Longitude: -78.8281156 Accuracy: 27.0
07-15 21:50:31.479 25923 25923 I PhoneLab-Locks: wake lock released
07-15 21:50:31.483 15980 16078 D androidNetworkLocationListeners: Still have listener com.google.android.location.internal.client.NetworkLocationClient$1@413a9ae8
07-15 21:50:31.565 15980 15981 D dalvikvm: GC_CONCURRENT freed 483K, 9% free 10573K/11527K, paused 2ms+3ms
07-15 21:50:31.596   145   315 D dalvikvm: GC_EXPLICIT freed 691K, 22% free 17131K/21895K, paused 3ms+8ms
07-15 21:50:40.510 15980 17992 I EventLogService: Aggregate from 1342401640426 (log), 1342401640426 (data)
07-15 21:50:40.573   145  3066 I ActivityManager: No longer want com.google.android.gsf.login (pid 25993): hidden #16
07-15 21:52:02.378 25923 25936 I PhoneLab-: Service Running
07-15 21:52:02.440 25923 25936 I PhoneLab-LoggerService: app_36    1177  1     1448   996   c00f181c 400107b4 S logcat
07-15 21:52:02.440 25923 25936 I PhoneLab-LoggerService: Logcat pid from database 1177
07-15 21:52:02.444 25923 25936 I PhoneLab-LoggerService: Logcat process found 1177
07-15 21:52:02.444 25923 25936 I PhoneLab-LoggerService: Checking Threshold
07-15 21:52:30.604   145   161 V BackupManagerService: Running a backup pass
07-15 21:52:30.620   145   214 V BackupManagerService: Backup requested but nothing pending
07-15 21:53:00.131   215   217 D dalvikvm: GC_CONCURRENT freed 390K, 53% free 10187K/21319K, paused 2ms+5ms
07-15 21:54:02.378 25923 25936 I PhoneLab-: Service Running
07-15 21:54:02.440 25923 25936 I PhoneLab-LoggerService: app_36    1177  1     1448   996   c00f181c 400107b4 S logcat
07-15 21:54:02.440 25923 25936 I PhoneLab-LoggerService: Logcat pid from database 1177
07-15 21:54:02.444 25923 25936 I PhoneLab-LoggerService: Logcat process found 1177
07-15 21:54:02.444 25923 25936 I PhoneLab-LoggerService: Checking Threshold
07-15 21:56:02.378 25923 25936 I PhoneLab-: Service Running
07-15 21:56:02.475 25923 25936 I PhoneLab-LoggerService: app_36    1177  1     1448   996   c00f181c 400107b4 S logcat
07-15 21:56:02.475 25923 25936 I PhoneLab-LoggerService: Logcat pid from database 1177
07-15 21:56:02.475 25923 25936 I PhoneLab-LoggerService: Logcat process found 1177
07-15 21:56:02.475 25923 25936 I PhoneLab-LoggerService: Checking Threshold
07-15 21:58:02.378 25923 25936 I PhoneLab-: Service Running
07-15 21:58:02.440 25923 25936 I PhoneLab-LoggerService: app_36    1177  1     1448   996   c00f181c 400107b4 S logcat
07-15 21:58:02.440 25923 25936 I PhoneLab-LoggerService: Logcat pid from database 1177
07-15 21:58:02.444 25923 25936 I PhoneLab-LoggerService: Logcat process found 1177
07-15 21:58:02.444 25923 25936 I PhoneLab-LoggerService: Checking Threshold
07-15 21:58:13.885 26153 26168 I Email   : ReconcilePopImapAccountsSync: start
07-15 21:58:13.921 26153 26167 W Email   : Received BYE
07-15 21:58:13.928 26153 26168 I Email   : ReconcilePopImapAccountsSync: done
07-15 21:58:17.698 26153 26155 D dalvikvm: GC_CONCURRENT freed 334K, 6% free 9847K/10375K, paused 13ms+3ms
07-15 21:58:22.905 26153 26167 D Email   : *** synchronizeMailboxGeneric ***
07-15 21:58:26.956 26153 26180 I Email   : ReconcilePopImapAccountsSync: start
07-15 21:58:26.979 26153 26180 I Email   : ReconcilePopImapAccountsSync: done
07-15 21:58:29.225 26153 26167 D Email   : *** synchronizeMailboxGeneric ***
07-15 21:58:32.956 26153 26155 D dalvikvm: GC_CONCURRENT freed 322K, 5% free 9939K/10375K, paused 14ms+3ms
07-15 22:00:02.378 25923 25936 I PhoneLab-: Service Running
07-15 22:00:02.456 25923 25925 D dalvikvm: GC_CONCURRENT freed 431K, 13% free 9217K/10567K, paused 2ms+2ms
07-15 22:00:02.460 25923 25936 I PhoneLab-LoggerService: app_36    1177  1     1448   996   c00f181c 400107b4 S logcat
07-15 22:00:02.460 25923 25936 I PhoneLab-LoggerService: Logcat pid from database 1177
07-15 22:00:02.460 25923 25936 I PhoneLab-LoggerService: Logcat process found 1177
07-15 22:00:02.460 25923 25936 I PhoneLab-LoggerService: Checking Threshold
07-15 22:00:30.170 25923 25923 I PhoneLab-Locks: wake lock acquired
07-15 22:00:30.202 25923 25923 I PhoneLab-StatusMonitor: Status Monitoring is started
07-15 22:00:30.260 25923 25925 D dalvikvm: GC_CONCURRENT freed 386K, 12% free 9341K/10567K, paused 2ms+2ms
07-15 22:00:30.264 25923 25923 I PhoneLab-StatusMonitor: Value: 10 - unit: min
07-15 22:00:30.264 25923 25923 I PhoneLab-StatusMonitor: Running interval: 600000
07-15 22:00:30.272 25923 25923 I PhoneLab-StatusMonitor: Rescheduling status monitoring...
07-15 22:00:30.272 25923 25923 I PhoneLab-Locks: wake lock released
07-15 22:00:30.276 25923 25923 I PhoneLab-StatusMonitorLocation: Learning Location
07-15 22:00:30.276 25923 25923 I PhoneLab-Locks: wake lock acquired
07-15 22:00:30.280 25923 25923 I PhoneLab-Locks: wake lock acquired
07-15 22:00:30.280 15980 16078 D androidNetworkLocationListeners: Still have listener com.google.android.location.internal.client.NetworkLocationClient$1@413a9ae8
07-15 22:00:30.288 25923 25923 I PhoneLab-StatusMonitorLocation: Learning Signal Strgth
07-15 22:00:30.288 25923 25923 I PhoneLab-Locks: wake lock acquired
07-15 22:00:30.299 15980 16078 D androidNetworkLocationListeners: Still have listener com.google.android.location.internal.client.NetworkLocationClient$1@413a9ae8
07-15 22:00:30.299 25923 25923 I PhoneLab-StatusMonitorBattery: Battery_level: 87
07-15 22:00:30.303 25923 25923 I PhoneLab-Locks: wake lock released
07-15 22:00:30.307 25923 25923 I PhoneLab-StatusMonitorSignal: Signal_Strength: -96 asu: 9
07-15 22:00:30.307 25923 25923 I PhoneLab-Locks: wake lock released
07-15 22:00:31.612 15980 15981 D dalvikvm: GC_CONCURRENT freed 512K, 9% free 10577K/11527K, paused 2ms+3ms
07-15 22:00:31.624 15980 16078 D androidNetworkLocationListeners: Still have listener com.google.android.location.internal.client.NetworkLocationClient$1@413a9ae8
07-15 22:00:31.624 25923 25923 I PhoneLab-StatusMonitorLocation: Location_Latitude: 42.9537553 Longitude: -78.8280913 Accuracy: 24.0
07-15 22:00:31.628 25923 25923 I PhoneLab-Locks: wake lock released
07-15 22:01:26.530 22993 22993 I wpa_supplicant: wlan0: WPA: Group rekeying completed with 98:fc:11:c3:3f:e6 [GTK=TKIP]
07-15 22:02:02.378 25923 25936 I PhoneLab-: Service Running
07-15 22:02:02.440 25923 25936 I PhoneLab-LoggerService: app_36    1177  1     1448   996   c00f181c 400107b4 S logcat
07-15 22:02:02.440 25923 25936 I PhoneLab-LoggerService: Logcat pid from database 1177
07-15 22:02:02.444 25923 25936 I PhoneLab-LoggerService: Logcat process found 1177
07-15 22:02:02.444 25923 25936 I PhoneLab-LoggerService: Checking Threshold
07-15 22:04:02.378 25923 25936 I PhoneLab-: Service Running
07-15 22:04:02.440 25923 25936 I PhoneLab-LoggerService: app_36    1177  1     1448   996   c00f181c 400107b4 S logcat
07-15 22:04:02.440 25923 25936 I PhoneLab-LoggerService: Logcat pid from database 1177
07-15 22:04:02.444 25923 25936 I PhoneLab-LoggerService: Logcat process found 1177
07-15 22:04:02.444 25923 25936 I PhoneLab-LoggerService: Checking Threshold
07-15 22:06:02.378 25923 25936 I PhoneLab-: Service Running
07-15 22:06:02.440 25923 25936 I PhoneLab-LoggerService: app_36    1177  1     1448   996   c00f181c 400107b4 S logcat
07-15 22:06:02.440 25923 25936 I PhoneLab-LoggerService: Logcat pid from database 1177
07-15 22:06:02.440 25923 25936 I PhoneLab-LoggerService: Logcat process found 1177
07-15 22:06:02.440 25923 25936 I PhoneLab-LoggerService: Checking Threshold
07-15 22:08:02.378 25923 25936 I PhoneLab-: Service Running
07-15 22:08:02.440 25923 25936 I PhoneLab-LoggerService: app_36    1177  1     1448   996   c00f181c 400107b4 S logcat
07-15 22:08:02.440 25923 25936 I PhoneLab-LoggerService: Logcat pid from database 1177
07-15 22:08:02.440 25923 25936 I PhoneLab-LoggerService: Logcat process found 1177
07-15 22:08:02.440 25923 25936 I PhoneLab-LoggerService: Checking Threshold
07-15 22:10:02.378 25923 25936 I PhoneLab-: Service Running
07-15 22:10:02.440 25923 25936 I PhoneLab-LoggerService: app_36    1177  1     1448   996   c00f181c 400107b4 S logcat
07-15 22:10:02.444 25923 25936 I PhoneLab-LoggerService: Logcat pid from database 1177
07-15 22:10:02.444 25923 25936 I PhoneLab-LoggerService: Logcat process found 1177
07-15 22:10:02.444 25923 25936 I PhoneLab-LoggerService: Checking Threshold
07-15 22:10:30.295 25923 25923 I PhoneLab-Locks: wake lock acquired
07-15 22:10:30.319 25923 25923 I PhoneLab-StatusMonitor: Status Monitoring is started
07-15 22:10:30.358 25923 25925 D dalvikvm: GC_CONCURRENT freed 603K, 13% free 9250K/10567K, paused 2ms+2ms
07-15 22:10:30.378 25923 25923 I PhoneLab-StatusMonitor: Value: 10 - unit: min
07-15 22:10:30.378 25923 25923 I PhoneLab-StatusMonitor: Running interval: 600000
07-15 22:10:30.385 25923 25923 I PhoneLab-StatusMonitor: Rescheduling status monitoring...
07-15 22:10:30.385 25923 25923 I PhoneLab-Locks: wake lock released
07-15 22:10:30.389 25923 25923 I PhoneLab-StatusMonitorLocation: Learning Location
07-15 22:10:30.389 25923 25923 I PhoneLab-Locks: wake lock acquired
07-15 22:10:30.483   145  1736 D dalvikvm: GC_EXPLICIT freed 1645K, 22% free 17169K/21895K, paused 3ms+9ms
07-15 22:10:30.487 25923 25923 I PhoneLab-Locks: wake lock acquired
07-15 22:10:30.487 15980 16078 D androidNetworkLocationListeners: Still have listener com.google.android.location.internal.client.NetworkLocationClient$1@413a9ae8
07-15 22:10:30.491 25923 25923 I PhoneLab-StatusMonitorLocation: Learning Signal Strgth
07-15 22:10:30.491 25923 25923 I PhoneLab-Locks: wake lock acquired
07-15 22:10:30.499 15980 16078 D androidNetworkLocationListeners: Still have listener com.google.android.location.internal.client.NetworkLocationClient$1@413a9ae8
07-15 22:10:30.499 25923 25923 I PhoneLab-StatusMonitorBattery: Battery_level: 86
07-15 22:10:30.503 25923 25923 I PhoneLab-Locks: wake lock released
07-15 22:10:30.506 25923 25923 I PhoneLab-StatusMonitorSignal: Signal_Strength: -96 asu: 9
07-15 22:10:30.506 25923 25923 I PhoneLab-Locks: wake lock released
07-15 22:10:31.799 25923 25923 I PhoneLab-StatusMonitorLocation: Location_Latitude: 42.9537481 Longitude: -78.8280996 Accuracy: 25.0
07-15 22:10:31.799 15980 16078 D androidNetworkLocationListeners: Still have listener com.google.android.location.internal.client.NetworkLocationClient$1@413a9ae8
07-15 22:10:31.803 25923 25923 I PhoneLab-Locks: wake lock released
07-15 22:10:31.823 15980 15981 D dalvikvm: GC_CONCURRENT freed 490K, 9% free 10573K/11527K, paused 2ms+4ms
07-15 22:12:02.378 25923 25936 I PhoneLab-: Service Running
07-15 22:12:02.440 25923 25936 I PhoneLab-LoggerService: app_36    1177  1     1448   996   c00f181c 400107b4 S logcat
07-15 22:12:02.444 25923 25936 I PhoneLab-LoggerService: Logcat pid from database 1177
07-15 22:12:02.444 25923 25936 I PhoneLab-LoggerService: Logcat process found 1177
07-15 22:12:02.444 25923 25936 I PhoneLab-LoggerService: Checking Threshold
07-15 22:13:27.006 26153 26181 I Email   : ReconcilePopImapAccountsSync: start
07-15 22:13:27.022 26153 26167 W Email   : Received BYE
07-15 22:13:27.030 26153 26181 I Email   : ReconcilePopImapAccountsSync: done
07-15 22:13:33.217 26153 26167 D Email   : *** synchronizeMailboxGeneric ***
07-15 22:13:36.030 26153 26193 I Email   : ReconcilePopImapAccountsSync: start
07-15 22:13:36.077 26153 26155 D dalvikvm: GC_CONCURRENT freed 510K, 7% free 9859K/10503K, paused 2ms+3ms
07-15 22:13:36.096 26153 26193 I Email   : ReconcilePopImapAccountsSync: done
07-15 22:13:37.436 26153 26167 D dalvikvm: GC_EXPLICIT freed 174K, 7% free 9813K/10503K, paused 2ms+3ms
07-15 22:13:37.444 26153 26167 D Email   : *** synchronizeMailboxGeneric ***
07-15 22:14:02.378 25923 25936 I PhoneLab-: Service Running
07-15 22:14:02.456 25923 25925 D dalvikvm: GC_CONCURRENT freed 426K, 13% free 9214K/10567K, paused 1ms+1ms
07-15 22:14:02.460 25923 25936 I PhoneLab-LoggerService: app_36    1177  1     1448   996   c00f181c 400107b4 S logcat
07-15 22:14:02.460 25923 25936 I PhoneLab-LoggerService: Logcat pid from database 1177
07-15 22:14:02.460 25923 25936 I PhoneLab-LoggerService: Logcat process found 1177
07-15 22:14:02.460 25923 25936 I PhoneLab-LoggerService: Checking Threshold
07-15 22:16:02.378 25923 25936 I PhoneLab-: Service Running
07-15 22:16:02.440 25923 25936 I PhoneLab-LoggerService: app_36    1177  1     1448   996   c00f181c 400107b4 S logcat
07-15 22:16:02.444 25923 25936 I PhoneLab-LoggerService: Logcat pid from database 1177
07-15 22:16:02.444 25923 25936 I PhoneLab-LoggerService: Logcat process found 1177
07-15 22:16:02.444 25923 25936 I PhoneLab-LoggerService: Checking Threshold
07-15 22:17:00.135   215   217 D dalvikvm: GC_CONCURRENT freed 395K, 53% free 10183K/21319K, paused 1ms+5ms
07-15 22:18:02.378 25923 25936 I PhoneLab-: Service Running
07-15 22:18:02.440 25923 25936 I PhoneLab-LoggerService: app_36    1177  1     1448   996   c00f181c 400107b4 S logcat
07-15 22:18:02.444 25923 25936 I PhoneLab-LoggerService: Logcat pid from database 1177
07-15 22:18:02.444 25923 25936 I PhoneLab-LoggerService: Logcat process found 1177
07-15 22:18:02.444 25923 25936 I PhoneLab-LoggerService: Checking Threshold
07-15 22:19:46.514 25923 25923 I PhoneLab-Locks: wake lock acquired
07-15 22:19:46.561 25923 25935 D dalvikvm: GC_EXPLICIT freed 163K, 14% free 9177K/10567K, paused 10ms+2ms
07-15 22:19:46.565 25923 26754 I PhoneLab-PeriodicCheckService: User info is synched
07-15 22:19:46.569 25923 26754 I PhoneLab-PeriodicCheckService: Logger Service is running
07-15 22:19:46.569 25923 26754 I PhoneLab-Locks: wake lock acquired
07-15 22:19:46.573 25923 25923 I PhoneLab-UploadLogs: Transfering log files now
07-15 22:19:46.573 25923 25923 I PhoneLab-UploadLogs: No log files to transfer
07-15 22:19:46.573 25923 25923 I PhoneLab-Locks: wake lock released
07-15 22:19:46.577 25923 25923 I PhoneLab-UploadLogs: OnStartCommand
07-15 22:19:46.577 25923 26754 I PhoneLab-PeriodicCheckService: Rescheduling periodic checking...
07-15 22:19:46.577 25923 26754 I PhoneLab-Locks: wake lock released
07-15 22:20:02.378 25923 25936 I PhoneLab-: Service Running
07-15 22:20:02.440 25923 25936 I PhoneLab-LoggerService: app_36    1177  1     1448   996   c00f181c 400107b4 S logcat
07-15 22:20:02.444 25923 25936 I PhoneLab-LoggerService: Logcat pid from database 1177
07-15 22:20:02.444 25923 25936 I PhoneLab-LoggerService: Logcat process found 1177
07-15 22:20:02.444 25923 25936 I PhoneLab-LoggerService: Checking Threshold
07-15 22:20:30.413 25923 25923 I PhoneLab-Locks: wake lock acquired
07-15 22:20:30.436 25923 25923 I PhoneLab-StatusMonitor: Status Monitoring is started
07-15 22:20:30.495 25923 25925 D dalvikvm: GC_CONCURRENT freed 395K, 13% free 9287K/10567K, paused 2ms+2ms
07-15 22:20:30.499 25923 25923 I PhoneLab-StatusMonitor: Value: 10 - unit: min
07-15 22:20:30.499 25923 25923 I PhoneLab-StatusMonitor: Running interval: 600000
07-15 22:20:30.506 25923 25923 I PhoneLab-StatusMonitor: Rescheduling status monitoring...
07-15 22:20:30.506 25923 25923 I PhoneLab-Locks: wake lock released
07-15 22:20:30.514 25923 25923 I PhoneLab-StatusMonitorLocation: Learning Location
07-15 22:20:30.514 25923 25923 I PhoneLab-Locks: wake lock acquired
07-15 22:20:30.518 25923 25923 I PhoneLab-Locks: wake lock acquired
07-15 22:20:30.518 15980 16078 D androidNetworkLocationListeners: Still have listener com.google.android.location.internal.client.NetworkLocationClient$1@413a9ae8
07-15 22:20:30.522 25923 25923 I PhoneLab-StatusMonitorLocation: Learning Signal Strgth
07-15 22:20:30.522 25923 25923 I PhoneLab-Locks: wake lock acquired
07-15 22:20:30.530 15980 16078 D androidNetworkLocationListeners: Still have listener com.google.android.location.internal.client.NetworkLocationClient$1@413a9ae8
07-15 22:20:30.530 25923 25923 I PhoneLab-StatusMonitorBattery: Battery_level: 86
07-15 22:20:30.534 25923 25923 I PhoneLab-Locks: wake lock released
07-15 22:20:30.538 25923 25923 I PhoneLab-StatusMonitorSignal: Signal_Strength: -96 asu: 9
07-15 22:20:30.538 25923 25923 I PhoneLab-Locks: wake lock released
07-15 22:20:31.842 25923 25923 I PhoneLab-StatusMonitorLocation: Location_Latitude: 42.9537294 Longitude: -78.8281453 Accuracy: 24.0
07-15 22:20:31.842 25923 25923 I PhoneLab-Locks: wake lock released
07-15 22:20:31.846 15980 16078 D androidNetworkLocationListeners: Still have listener com.google.android.location.internal.client.NetworkLocationClient$1@413a9ae8
07-15 22:20:31.928 15980 15981 D dalvikvm: GC_CONCURRENT freed 484K, 9% free 10573K/11527K, paused 2ms+3ms
07-15 22:20:31.960   145   458 D dalvikvm: GC_EXPLICIT freed 722K, 22% free 17121K/21895K, paused 3ms+8ms
07-15 22:20:39.284 26418 26420 D dalvikvm: GC_CONCURRENT freed 490K, 6% free 10910K/11527K, paused 16ms+3ms
07-15 22:20:40.604 15980 16572 I EventLogService: Aggregate from 1342403440518 (log), 1342403440518 (data)
07-15 22:22:02.378 25923 25936 I PhoneLab-: Service Running
07-15 22:22:02.440 25923 25936 I PhoneLab-LoggerService: app_36    1177  1     1448   996   c00f181c 400107b4 S logcat
07-15 22:22:02.440 25923 25936 I PhoneLab-LoggerService: Logcat pid from database 1177
07-15 22:22:02.444 25923 25936 I PhoneLab-LoggerService: Logcat process found 1177
07-15 22:22:02.444 25923 25936 I PhoneLab-LoggerService: Checking Threshold
07-15 22:24:02.378 25923 25936 I PhoneLab-: Service Running
07-15 22:24:02.440 25923 25936 I PhoneLab-LoggerService: app_36    1177  1     1448   996   c00f181c 400107b4 S logcat
07-15 22:24:02.440 25923 25936 I PhoneLab-LoggerService: Logcat pid from database 1177
07-15 22:24:02.440 25923 25936 I PhoneLab-LoggerService: Logcat process found 1177
07-15 22:24:02.444 25923 25936 I PhoneLab-LoggerService: Checking Threshold
07-15 22:26:02.378 25923 25936 I PhoneLab-: Service Running
07-15 22:26:02.448 25923 25936 I PhoneLab-LoggerService: app_36    1177  1     1448   996   c00f181c 400107b4 S logcat
07-15 22:26:02.448 25923 25936 I PhoneLab-LoggerService: Logcat pid from database 1177
07-15 22:26:02.448 25923 25936 I PhoneLab-LoggerService: Logcat process found 1177
07-15 22:26:02.448 25923 25936 I PhoneLab-LoggerService: Checking Threshold
07-15 22:28:02.378 25923 25936 I PhoneLab-: Service Running
07-15 22:28:02.440 25923 25936 I PhoneLab-LoggerService: app_36    1177  1     1448   996   c00f181c 400107b4 S logcat
07-15 22:28:02.440 25923 25936 I PhoneLab-LoggerService: Logcat pid from database 1177
07-15 22:28:02.440 25923 25936 I PhoneLab-LoggerService: Logcat process found 1177
07-15 22:28:02.440 25923 25936 I PhoneLab-LoggerService: Checking Threshold
07-15 22:28:36.073 26153 26182 I Email   : ReconcilePopImapAccountsSync: start
07-15 22:28:36.088 26153 26167 W Email   : Received BYE
07-15 22:28:36.096 26153 26182 I Email   : ReconcilePopImapAccountsSync: done
07-15 22:28:41.725 26153 26155 D dalvikvm: GC_CONCURRENT freed 348K, 7% free 9850K/10503K, paused 2ms+3ms
07-15 22:28:41.760 26153 26167 D Email   : *** synchronizeMailboxGeneric ***
07-15 22:28:44.635 26153 26168 I Email   : ReconcilePopImapAccountsSync: start
07-15 22:28:44.659 26153 26168 I Email   : ReconcilePopImapAccountsSync: done
07-15 22:28:46.542 26153 26167 D Email   : *** synchronizeMailboxGeneric ***
07-15 22:29:26.288 26667 26670 D dalvikvm: GC_CONCURRENT freed 401K, 5% free 10288K/10823K, paused 2ms+3ms
07-15 22:30:02.378 25923 25936 I PhoneLab-: Service Running
07-15 22:30:02.440 25923 25936 I PhoneLab-LoggerService: app_36    1177  1     1448   996   c00f181c 400107b4 S logcat
07-15 22:30:02.444 25923 25936 I PhoneLab-LoggerService: Logcat pid from database 1177
07-15 22:30:02.444 25923 25936 I PhoneLab-LoggerService: Logcat process found 1177
07-15 22:30:02.444 25923 25936 I PhoneLab-LoggerService: Checking Threshold
07-15 22:30:30.545 25923 25923 I PhoneLab-Locks: wake lock acquired
07-15 22:30:30.557 25923 25923 I PhoneLab-StatusMonitor: Status Monitoring is started
07-15 22:30:30.592 25923 25925 D dalvikvm: GC_CONCURRENT freed 560K, 13% free 9236K/10567K, paused 1ms+2ms
07-15 22:30:30.616 25923 25923 I PhoneLab-StatusMonitor: Value: 10 - unit: min
07-15 22:30:30.616 25923 25923 I PhoneLab-StatusMonitor: Running interval: 600000
07-15 22:30:30.624 25923 25923 I PhoneLab-StatusMonitor: Rescheduling status monitoring...
07-15 22:30:30.624 25923 25923 I PhoneLab-Locks: wake lock released
07-15 22:30:30.628 25923 25923 I PhoneLab-StatusMonitorLocation: Learning Location
07-15 22:30:30.628 25923 25923 I PhoneLab-Locks: wake lock acquired
07-15 22:30:30.631 25923 25923 I PhoneLab-Locks: wake lock acquired
07-15 22:30:30.631 15980 16078 D androidNetworkLocationListeners: Still have listener com.google.android.location.internal.client.NetworkLocationClient$1@413a9ae8
07-15 22:30:30.635 25923 25923 I PhoneLab-StatusMonitorLocation: Learning Signal Strgth
07-15 22:30:30.635 25923 25923 I PhoneLab-Locks: wake lock acquired
07-15 22:30:30.655 15980 16078 D androidNetworkLocationListeners: Still have listener com.google.android.location.internal.client.NetworkLocationClient$1@413a9ae8
07-15 22:30:30.670 25923 25923 I PhoneLab-StatusMonitorBattery: Battery_level: 85
07-15 22:30:30.702 25923 25923 I PhoneLab-Locks: wake lock released
07-15 22:30:30.717 25923 25923 I PhoneLab-StatusMonitorSignal: Signal_Strength: -96 asu: 9
07-15 22:30:30.717 25923 25923 I PhoneLab-Locks: wake lock released
07-15 22:30:30.729   145   379 D dalvikvm: GC_EXPLICIT freed 998K, 22% free 17117K/21895K, paused 3ms+8ms
07-15 22:30:32.045 15980 15981 D dalvikvm: GC_CONCURRENT freed 512K, 9% free 10577K/11527K, paused 2ms+3ms
07-15 22:30:32.053 25923 25923 I PhoneLab-StatusMonitorLocation: Location_Latitude: 42.9537461 Longitude: -78.828099 Accuracy: 26.0
07-15 22:30:32.057 15980 16078 D androidNetworkLocationListeners: Still have listener com.google.android.location.internal.client.NetworkLocationClient$1@413a9ae8
07-15 22:30:32.057 25923 25923 I PhoneLab-Locks: wake lock released
07-15 22:32:02.378 25923 25936 I PhoneLab-: Service Running
07-15 22:32:02.456 25923 25925 D dalvikvm: GC_CONCURRENT freed 429K, 13% free 9198K/10567K, paused 2ms+2ms
07-15 22:32:02.456 25923 25936 I PhoneLab-LoggerService: app_36    1177  1     1448   996   c00f181c 400107b4 S logcat
07-15 22:32:02.460 25923 25936 I PhoneLab-LoggerService: Logcat pid from database 1177
07-15 22:32:02.460 25923 25936 I PhoneLab-LoggerService: Logcat process found 1177
07-15 22:32:02.460 25923 25936 I PhoneLab-LoggerService: Checking Threshold
07-15 22:34:02.378 25923 25936 I PhoneLab-: Service Running
07-15 22:34:02.444 25923 25936 I PhoneLab-LoggerService: app_36    1177  1     1448   996   c00f181c 400107b4 S logcat
07-15 22:34:02.444 25923 25936 I PhoneLab-LoggerService: Logcat pid from database 1177
07-15 22:34:02.448 25923 25936 I PhoneLab-LoggerService: Logcat process found 1177
07-15 22:34:02.448 25923 25936 I PhoneLab-LoggerService: Checking Threshold
07-15 22:36:02.378 25923 25936 I PhoneLab-: Service Running
07-15 22:36:02.444 25923 25936 I PhoneLab-LoggerService: app_36    1177  1     1448   996   c00f181c 400107b4 S logcat
07-15 22:36:02.444 25923 25936 I PhoneLab-LoggerService: Logcat pid from database 1177
07-15 22:36:02.444 25923 25936 I PhoneLab-LoggerService: Logcat process found 1177
07-15 22:36:02.444 25923 25936 I PhoneLab-LoggerService: Checking Threshold
07-15 22:38:02.378 25923 25936 I PhoneLab-: Service Running
07-15 22:38:02.444 25923 25936 I PhoneLab-LoggerService: app_36    1177  1     1448   996   c00f181c 400107b4 S logcat
07-15 22:38:02.444 25923 25936 I PhoneLab-LoggerService: Logcat pid from database 1177
07-15 22:38:02.444 25923 25936 I PhoneLab-LoggerService: Logcat process found 1177
07-15 22:38:02.444 25923 25936 I PhoneLab-LoggerService: Checking Threshold
07-15 22:38:46.573 26540 26542 D dalvikvm: GC_CONCURRENT freed 675K, 8% free 9894K/10695K, paused 2ms+2ms
07-15 22:39:00.053 26540 26542 D dalvikvm: GC_CONCURRENT freed 377K, 8% free 9939K/10695K, paused 2ms+3ms
07-15 22:39:00.327   145  2107 I ActivityManager: Start proc android.process.media for content provider com.android.providers.media/.MediaProvider: pid=26786 uid=10012 gids={1015, 1023, 1024, 2001, 3003, 3007}
07-15 22:39:00.389 26786 26786 I ActivityThread: Pub media: com.android.providers.media.MediaProvider
07-15 22:39:00.456   215   217 D dalvikvm: GC_CONCURRENT freed 366K, 53% free 10230K/21319K, paused 1ms+7ms
07-15 22:39:00.499   145   417 I ActivityManager: START {flg=0x10040000 cmp=com.whatsapp/.PopupNotificationLocked} from pid 26540
07-15 22:39:00.538   145  1480 I ActivityManager: START {flg=0x10040000 cmp=com.whatsapp/.PopupNotificationLocked} from pid 26540
07-15 22:39:00.553 16947 16947 D OpenGLRenderer: Flushing caches (mode 0)
07-15 22:39:00.612   215   217 D dalvikvm: GC_CONCURRENT freed 445K, 52% free 10281K/21319K, paused 3ms+5ms
07-15 22:39:00.753 26540 26540 D dalvikvm: GC_FOR_ALLOC freed 228K, 6% free 10107K/10695K, paused 46ms
07-15 22:39:00.776 26786 26786 I ActivityThread: Pub downloads: com.android.providers.downloads.DownloadProvider
07-15 22:39:00.799 26540 26542 D dalvikvm: GC_CONCURRENT freed 39K, 6% free 10088K/10695K, paused 2ms+7ms
07-15 22:39:00.827 26786 26786 I ActivityThread: Pub drm: com.android.providers.drm.DrmProvider
07-15 22:39:00.827 26786 26802 I DownloadManager: in removeSpuriousFiles
07-15 22:39:00.866 26540 26540 D dalvikvm: GC_FOR_ALLOC freed <1K, 6% free 10088K/10695K, paused 66ms
07-15 22:39:00.866 26540 26540 I dalvikvm-heap: Grow heap (frag case) to 9.940MB for 20416-byte allocation
07-15 22:39:00.878 26786 26789 D dalvikvm: GC_CONCURRENT freed 368K, 5% free 9167K/9607K, paused 2ms+2ms
07-15 22:39:00.878 26786 26802 I DownloadManager: in removeSpuriousFiles, preserving file /data/data/com.android.providers.downloads/cache/metadata.json
07-15 22:39:00.878 26786 26802 I DownloadManager: in removeSpuriousFiles, preserving file /data/data/com.android.providers.downloads/cache/en_general.htm
07-15 22:39:00.878 26786 26802 I DownloadManager: in removeSpuriousFiles, preserving file /data/data/com.android.providers.downloads/cache/metadata-1.json
07-15 22:39:00.878 26786 26802 I DownloadManager: in removeSpuriousFiles, preserving file /data/data/com.android.providers.downloads/cache/metadata-2.json
07-15 22:39:00.878 26786 26802 I DownloadManager: in removeSpuriousFiles, preserving file /data/data/com.android.providers.downloads/cache/downloadfile.jpeg
07-15 22:39:00.881 26786 26802 I DownloadManager: deleting spurious file /cache/backup
07-15 22:39:00.913 26540 26785 D dalvikvm: GC_FOR_ALLOC freed <1K, 7% free 10108K/10759K, paused 24ms
07-15 22:39:00.960 16947 16947 D OpenGLRenderer: Flushing caches (mode 1)
07-15 22:39:01.026   145   161 I Process : Sending signal. PID: 26540 SIG: 3
07-15 22:39:01.026 26540 26545 I dalvikvm: threadid=3: reacting to signal 3
07-15 22:39:01.073 26540 26545 I dalvikvm: Wrote stack traces to '/data/anr/traces.txt'
07-15 22:39:01.081   145   161 I Process : Sending signal. PID: 26540 SIG: 3
07-15 22:39:01.081 26540 26545 I dalvikvm: threadid=3: reacting to signal 3
07-15 22:39:01.081   145   161 W ActivityManager: Activity pause timeout for ActivityRecord{4133fec0 com.whatsapp/.PopupNotificationLocked}
07-15 22:39:01.092 26540 26545 I dalvikvm: Wrote stack traces to '/data/anr/traces.txt'
07-15 22:39:01.249    82   125 D AudioHardware: AudioHardware pcm playback is exiting standby.
07-15 22:39:01.249    82   125 D AudioHardware: openPcmOut_l() mPcmOpenCnt: 0
07-15 22:39:01.405 26540 26542 D dalvikvm: GC_CONCURRENT freed 255K, 5% free 10276K/10759K, paused 2ms+3ms
07-15 22:39:01.471   145   157 I ActivityManager: START {flg=0x10040000 cmp=com.whatsapp/.PopupNotificationLocked} from pid 26540
07-15 22:39:01.503   145   161 I Process : Sending signal. PID: 26540 SIG: 3
07-15 22:39:01.503 26540 26545 I dalvikvm: threadid=3: reacting to signal 3
07-15 22:39:01.506 26540 26545 I dalvikvm: Wrote stack traces to '/data/anr/traces.txt'
07-15 22:39:01.616   145   145 I ActivityManager: START {flg=0x10040000 cmp=com.whatsapp/.PopupNotificationLocked} from pid 26540
07-15 22:39:01.831   215   215 D PhoneStatusBar: disable: < EXPAND icons alerts TICKER system_info back* home* RECENT clock* >
07-15 22:39:01.838   215   215 V PhoneStatusBar: setLightsOn(true)
07-15 22:39:01.952   145   175 I ActivityManager: Displayed com.whatsapp/.PopupNotificationLocked: +1s451ms
07-15 22:39:01.960 26540 26540 W IInputConnectionWrapper: showStatusIcon on inactive InputConnection
07-15 22:39:02.331   145  2682 I power   : *** set_screen_state 1
07-15 22:39:02.397 25794 25794 V battery_widget_monitor: Refreshing data on SCREEN ON
07-15 22:39:02.413   145   176 W WindowManager: Aborted waiting for drawn: Window{415e6a38 Keyguard paused=false}
07-15 22:39:02.413   145   176 I WindowManager: Lock screen displayed!
07-15 22:39:02.565    79   122 D SurfaceFlinger: Screen about to return, flinger = 0x477918
07-15 22:39:05.225    82   125 D AudioHardware: AudioHardware pcm playback is going to standby.
07-15 22:39:05.225    82   125 D AudioHardware: closePcmOut_l() mPcmOpenCnt: 1
07-15 22:39:07.909   145   172 I power   : *** set_screen_state 0
07-15 22:39:07.936   145   176 D UnlockScreen: portrait mode
07-15 22:39:07.967    79   122 D SurfaceFlinger: About to give-up screen, flinger = 0x477918
07-15 22:39:08.065   145   176 V TransportControlView: Create TCV com.android.internal.widget.TransportControlView@4131e7b0
07-15 22:39:08.112 26540 26542 D dalvikvm: GC_CONCURRENT freed 400K, 6% free 10289K/10887K, paused 3ms+9ms
07-15 22:39:09.393   145   176 I power   : *** set_screen_state 1
07-15 22:39:09.514   145   176 W WindowManager: Aborted waiting for drawn: Window{415e6a38 Keyguard paused=false}
07-15 22:39:09.518   145   176 I WindowManager: Lock screen displayed!
07-15 22:39:09.612    79   122 D SurfaceFlinger: Screen about to return, flinger = 0x477918
07-15 22:39:10.686   145  2682 I ActivityManager: START {flg=0x14000000 cmp=com.whatsapp/.Conversation (has extras)} from pid 26540
07-15 22:39:10.811   215   215 D PhoneStatusBar: disable: < EXPAND icons alerts TICKER system_info BACK* HOME* RECENT CLOCK* >
07-15 22:39:11.022 26540 26540 D dalvikvm: GC_FOR_ALLOC freed 62K, 4% free 10559K/10887K, paused 30ms
07-15 22:39:11.073 26540 26540 D dalvikvm: GC_FOR_ALLOC freed 7K, 3% free 10861K/11143K, paused 28ms
07-15 22:39:11.116 26540 26540 D dalvikvm: GC_FOR_ALLOC freed 10K, 3% free 10958K/11271K, paused 22ms
07-15 22:39:11.128 26540 26540 I dalvikvm-heap: Grow heap (frag case) to 14.286MB for 3686416-byte allocation
07-15 22:39:11.163 26540 26549 D dalvikvm: GC_FOR_ALLOC freed 2K, 3% free 14556K/14919K, paused 22ms
07-15 22:39:11.217 26540 26542 D dalvikvm: GC_CONCURRENT freed <1K, 3% free 14556K/14919K, paused 2ms+5ms
07-15 22:39:11.284   145   161 I Process : Sending signal. PID: 26540 SIG: 3
07-15 22:39:11.284 26540 26545 I dalvikvm: threadid=3: reacting to signal 3
07-15 22:39:11.288 26540 26545 I dalvikvm: Wrote stack traces to '/data/anr/traces.txt'
07-15 22:39:11.335 26540 26540 D dalvikvm: GC_FOR_ALLOC freed <1K, 3% free 16156K/16519K, paused 23ms
07-15 22:39:11.499   215   215 D dalvikvm: GC_FOR_ALLOC freed 506K, 53% free 10143K/21319K, paused 77ms
07-15 22:39:11.784   145   161 I Process : Sending signal. PID: 26540 SIG: 3
07-15 22:39:11.788 26540 26545 I dalvikvm: threadid=3: reacting to signal 3
07-15 22:39:11.815 26540 26545 I dalvikvm: Wrote stack traces to '/data/anr/traces.txt'
07-15 22:39:12.284   145   161 I Process : Sending signal. PID: 26540 SIG: 3
07-15 22:39:12.284 26540 26545 I dalvikvm: threadid=3: reacting to signal 3
07-15 22:39:12.296 26540 26545 I dalvikvm: Wrote stack traces to '/data/anr/traces.txt'
07-15 22:39:12.393   145   175 I ActivityManager: Displayed com.whatsapp/.Conversation: +1s613ms
07-15 22:39:12.479    86    86 I keystore: uid: 1000 action: p -> 1 state: 1 -> 1 retry: 4
07-15 22:39:12.499   215   215 D PhoneStatusBar: disable: < expand* icons alerts ticker* system_info BACK HOME recent* CLOCK >
07-15 22:39:12.549   215   215 V PhoneStatusBar: setLightsOn(true)
07-15 22:39:12.549   215   215 D PhoneStatusBar: disable: < expand icons alerts ticker system_info back* home* recent clock* >
07-15 22:39:12.577   367  1481 D NfcService: NFC-C ON
07-15 22:39:16.198 15980 15981 D dalvikvm: GC_CONCURRENT freed 364K, 8% free 10608K/11527K, paused 2ms+3ms
07-15 22:39:16.346 26221 26225 D dalvikvm: GC_CONCURRENT freed 277K, 6% free 9834K/10375K, paused 2ms+10ms
07-15 22:39:17.046   145  2955 D dalvikvm: GC_EXPLICIT freed 1890K, 23% free 17047K/21895K, paused 4ms+10ms
07-15 22:39:17.776   215   217 D dalvikvm: GC_CONCURRENT freed 398K, 53% free 10138K/21319K, paused 2ms+9ms
07-15 22:39:17.932   215   217 D dalvikvm: GC_CONCURRENT freed 476K, 53% free 10125K/21319K, paused 2ms+7ms
07-15 22:39:19.491 26221 26363 D dalvikvm: GC_EXPLICIT freed 287K, 6% free 9755K/10375K, paused 4ms+3ms
07-15 22:39:19.628   329   331 D dalvikvm: GC_CONCURRENT freed 850K, 21% free 11755K/14727K, paused 5ms+5ms
07-15 22:39:22.924   145  3066 I ActivityManager: Start proc com.google.android.inputmethod.latin.dictionarypack for content provider com.google.android.inputmethod.latin.dictionarypack/.DictionaryProvider: pid=26820 uid=10024 gids={3003, 1015}
07-15 22:39:22.995 26820 26820 I ActivityThread: Pub com.android.inputmethod.latin.dictionarypack: com.google.android.inputmethod.latin.dictionarypack.DictionaryProvider
07-15 22:39:23.053   145  2682 I ActivityManager: No longer want com.android.deskclock (pid 26505): hidden #16
07-15 22:39:24.506 26540 26542 D dalvikvm: GC_CONCURRENT freed 5709K, 33% free 12406K/18247K, paused 10ms+15ms
07-15 22:39:28.581   329   331 D dalvikvm: GC_CONCURRENT freed 377K, 18% free 12166K/14727K, paused 4ms+8ms
07-15 22:39:30.206   145   379 W InputManagerService: Window already focused, ignoring focus gain of: com.android.internal.view.IInputMethodClient$Stub$Proxy@4176f020
07-15 22:39:30.210   215   215 V PhoneStatusBar: setLightsOn(true)
07-15 22:39:45.417    82   125 D AudioHardware: AudioHardware pcm playback is exiting standby.
07-15 22:39:45.417    82   125 D AudioHardware: openPcmOut_l() mPcmOpenCnt: 0
07-15 22:39:48.760    82   125 D AudioHardware: AudioHardware pcm playback is going to standby.
07-15 22:39:48.760    82   125 D AudioHardware: closePcmOut_l() mPcmOpenCnt: 1
07-15 22:40:02.378 25923 25936 I PhoneLab-: Service Running
07-15 22:40:02.463 25923 25936 I PhoneLab-LoggerService: app_36    1177  1     1448   996   c00f181c 400107b4 S logcat
07-15 22:40:02.463 25923 25936 I PhoneLab-LoggerService: Logcat pid from database 1177
07-15 22:40:02.463 25923 25936 I PhoneLab-LoggerService: Logcat process found 1177
07-15 22:40:02.463 25923 25936 I PhoneLab-LoggerService: Checking Threshold
07-15 22:40:30.655 25923 25923 I PhoneLab-Locks: wake lock acquired
07-15 22:40:30.686 25923 25923 I PhoneLab-StatusMonitor: Status Monitoring is started
07-15 22:40:30.729 25923 25925 D dalvikvm: GC_CONCURRENT freed 465K, 13% free 9244K/10567K, paused 1ms+2ms
07-15 22:40:30.749 25923 25923 I PhoneLab-StatusMonitor: Value: 10 - unit: min
07-15 22:40:30.749 25923 25923 I PhoneLab-StatusMonitor: Running interval: 600000
07-15 22:40:30.756 25923 25923 I PhoneLab-StatusMonitor: Rescheduling status monitoring...
07-15 22:40:30.756 25923 25923 I PhoneLab-Locks: wake lock released
07-15 22:40:30.760 25923 25923 I PhoneLab-StatusMonitorLocation: Learning Location
07-15 22:40:30.760 25923 25923 I PhoneLab-Locks: wake lock acquired
07-15 22:40:30.768 25923 25923 I PhoneLab-Locks: wake lock acquired
07-15 22:40:30.768 15980 16078 D androidNetworkLocationListeners: Still have listener com.google.android.location.internal.client.NetworkLocationClient$1@413a9ae8
07-15 22:40:30.772 25923 25923 I PhoneLab-StatusMonitorLocation: Learning Signal Strgth
07-15 22:40:30.772 25923 25923 I PhoneLab-Locks: wake lock acquired
07-15 22:40:30.784 15980 16078 D androidNetworkLocationListeners: Still have listener com.google.android.location.internal.client.NetworkLocationClient$1@413a9ae8
07-15 22:40:30.784 25923 25923 I PhoneLab-StatusMonitorBattery: Battery_level: 85
07-15 22:40:30.788 25923 25923 I PhoneLab-Locks: wake lock released
07-15 22:40:30.792 25923 25923 I PhoneLab-StatusMonitorSignal: Signal_Strength: -96 asu: 9
07-15 22:40:30.792 25923 25923 I PhoneLab-Locks: wake lock released
07-15 22:40:32.061 25923 25923 I PhoneLab-StatusMonitorLocation: Location_Latitude: 42.9538216 Longitude: -78.8280625 Accuracy: 27.0
07-15 22:40:32.061 25923 25923 I PhoneLab-Locks: wake lock released
07-15 22:40:32.061 15980 16078 D androidNetworkLocationListeners: Still have listener com.google.android.location.internal.client.NetworkLocationClient$1@413a9ae8
07-15 22:40:33.397 15980 15981 D dalvikvm: GC_CONCURRENT freed 532K, 9% free 10605K/11527K, paused 2ms+4ms
07-15 22:40:45.503   145   172 I power   : *** set_screen_state 0
07-15 22:40:45.565    79   122 D SurfaceFlinger: About to give-up screen, flinger = 0x477918
07-15 22:40:45.772   367  1447 D NfcService: NFC-C OFF, disconnect
07-15 22:40:45.819   215   217 D dalvikvm: GC_CONCURRENT freed 258K, 52% free 10297K/21319K, paused 3ms+9ms
07-15 22:40:45.928 26540 26542 D dalvikvm: GC_CONCURRENT freed 720K, 31% free 12727K/18247K, paused 2ms+7ms
07-15 22:40:50.538   145   176 D UnlockScreen: portrait mode
07-15 22:40:50.585   145   176 V TransportControlView: Create TCV com.android.internal.widget.TransportControlView@4132eb18
07-15 22:40:50.624   145   176 I ActivityManager: Start proc com.google.android.gsf.login for service com.google.android.gsf.login/com.google.android.gsf.loginservice.GoogleLoginService: pid=26848 uid=10009 gids={3003, 1015, 1007, 2001, 3006}
07-15 22:40:50.628   215   215 D PhoneStatusBar: disable: < EXPAND* icons alerts TICKER* system_info back home RECENT* clock >
07-15 22:40:50.655   215   215 D PhoneStatusBar: disable: < EXPAND icons alerts TICKER system_info BACK* HOME* RECENT CLOCK* >
07-15 22:40:50.870   145   156 I ActivityManager: No longer want com.android.providers.calendar (pid 26517): hidden #16
07-15 22:41:16.487   145   176 I power   : *** set_screen_state 1
07-15 22:41:16.608 25794 25794 V battery_widget_monitor: Refreshing data on SCREEN ON
07-15 22:41:16.624   145   176 I WindowManager: Lock screen displayed!
07-15 22:41:16.694    79   122 D SurfaceFlinger: Screen about to return, flinger = 0x477918
07-15 22:41:18.639    86    86 I keystore: uid: 1000 action: p -> 1 state: 1 -> 1 retry: 4
07-15 22:41:18.659   215   215 D PhoneStatusBar: disable: < expand* icons alerts ticker* system_info BACK HOME recent* CLOCK >
07-15 22:41:18.671   367   427 D NfcService: NFC-C ON
07-15 22:41:18.686   145   145 W InputManagerService: Window already focused, ignoring focus gain of: com.android.internal.view.IInputMethodClient$Stub$Proxy@41692a20
07-15 22:41:18.713   215   215 V PhoneStatusBar: setLightsOn(true)
07-15 22:41:18.713   215   215 D PhoneStatusBar: disable: < expand icons alerts ticker system_info back* home* recent clock* >
07-15 22:41:19.198 24291 24294 D dalvikvm: GC_CONCURRENT freed 433K, 6% free 9635K/10183K, paused 8ms+2ms
07-15 22:41:21.296   215   215 D dalvikvm: GC_FOR_ALLOC freed 498K, 53% free 10134K/21319K, paused 79ms
07-15 22:41:21.467   215   215 D dalvikvm: GC_FOR_ALLOC freed 397K, 53% free 10114K/21319K, paused 25ms
07-15 22:41:28.413 26540 26547 I dalvikvm: Jit: resizing JitTable from 4096 to 8192
07-15 22:41:33.456    82   125 D AudioHardware: AudioHardware pcm playback is exiting standby.
07-15 22:41:33.456    82   125 D AudioHardware: openPcmOut_l() mPcmOpenCnt: 0
07-15 22:41:36.803    82   125 D AudioHardware: AudioHardware pcm playback is going to standby.
07-15 22:41:36.803    82   125 D AudioHardware: closePcmOut_l() mPcmOpenCnt: 1
07-15 22:41:43.237   329   331 D dalvikvm: GC_CONCURRENT freed 906K, 18% free 12182K/14727K, paused 5ms+5ms
07-15 22:41:47.237 26540 26542 D dalvikvm: GC_CONCURRENT freed 1129K, 31% free 12717K/18247K, paused 2ms+5ms
07-15 22:41:52.049   145   148 D dalvikvm: GC_CONCURRENT freed 1968K, 23% free 17024K/21895K, paused 3ms+30ms
07-15 22:41:53.256    82   125 D AudioHardware: AudioHardware pcm playback is exiting standby.
07-15 22:41:53.256    82   125 D AudioHardware: openPcmOut_l() mPcmOpenCnt: 0
07-15 22:41:56.608    82   125 D AudioHardware: AudioHardware pcm playback is going to standby.
07-15 22:41:56.608    82   125 D AudioHardware: closePcmOut_l() mPcmOpenCnt: 1
07-15 22:41:57.655   145   181 I InputReader: Reconfiguring input devices.  changes=0x00000004
07-15 22:41:57.655   145   181 I InputReader: Device reconfigured: id=7, name='mxt224_ts_input', surface size is now 480x800, mode is 1
07-15 22:41:57.733   145   161 I ActivityManager: Config changed: {1.0 310mcc120mnc en_US layoutdir=0 sw320dp w533dp h294dp nrml long land finger -keyb/v/h -nav/h s.119}
07-15 22:41:57.975   215   215 D dalvikvm: GC_FOR_ALLOC freed 242K, 53% free 10130K/21319K, paused 51ms
07-15 22:41:58.042   215   215 D dalvikvm: GC_FOR_ALLOC freed 205K, 53% free 10227K/21319K, paused 55ms
07-15 22:41:58.452   329   329 D dalvikvm: GC_FOR_ALLOC freed 1182K, 21% free 11768K/14727K, paused 101ms
07-15 22:41:59.635   329   331 D dalvikvm: GC_CONCURRENT freed 67K, 15% free 12529K/14727K, paused 11ms+5ms
07-15 22:42:00.737   145   175 D dalvikvm: GC_EXPLICIT freed 740K, 25% free 16464K/21895K, paused 52ms+8ms
07-15 22:42:02.378 25923 25936 I PhoneLab-: Service Running
07-15 22:42:02.491 25923 25936 I PhoneLab-LoggerService: app_36    1177  1     1448   996   c00f181c 400107b4 S logcat
07-15 22:42:02.491 25923 25936 I PhoneLab-LoggerService: Logcat pid from database 1177
07-15 22:42:02.491 25923 25936 I PhoneLab-LoggerService: Logcat process found 1177
07-15 22:42:02.491 25923 25936 I PhoneLab-LoggerService: Checking Threshold
07-15 22:42:11.413   145   181 I InputReader: Reconfiguring input devices.  changes=0x00000004
07-15 22:42:11.413   145   181 I InputReader: Device reconfigured: id=7, name='mxt224_ts_input', surface size is now 480x800, mode is 1
07-15 22:42:11.506   145   161 I ActivityManager: Config changed: {1.0 310mcc120mnc en_US layoutdir=0 sw320dp w320dp h508dp nrml long port finger -keyb/v/h -nav/h s.120}
07-15 22:42:11.628   215   217 D dalvikvm: GC_CONCURRENT freed 48K, 51% free 10563K/21319K, paused 1ms+11ms
07-15 22:42:12.049   215   217 D dalvikvm: GC_CONCURRENT freed 657K, 52% free 10307K/21319K, paused 2ms+9ms
07-15 22:42:14.378   145   175 D dalvikvm: GC_EXPLICIT freed 229K, 26% free 16413K/21895K, paused 60ms+6ms
07-15 22:42:38.952   145   180 I ActivityManager: START {act=android.intent.action.MAIN cat=[android.intent.category.HOME] flg=0x10200000 cmp=com.android.launcher/com.android.launcher2.Launcher} from pid 145
07-15 22:42:39.397   215   217 D dalvikvm: GC_CONCURRENT freed 569K, 53% free 10182K/21319K, paused 2ms+3ms
07-15 22:42:39.456 26540 26540 W IInputConnectionWrapper: showStatusIcon on inactive InputConnection
07-15 22:42:39.456   145   315 W InputManagerService: Starting input on non-focused client com.android.internal.view.IInputMethodClient$Stub$Proxy@41573288 (uid=10053 pid=26540)
07-15 22:42:39.885   145   379 I ActivityManager: No longer want com.android.calendar (pid 26489): hidden #16
07-15 22:42:39.885   145   379 I ActivityManager: No longer want com.android.contacts (pid 26256): hidden #17
07-15 22:42:39.952   145   315 I WindowManager: WIN DEATH: Window{41330260 com.android.contacts/com.android.contacts.activities.PeopleActivity paused=false}
07-15 22:42:47.850   145   145 I ActivityManager: START {flg=0x10040000 cmp=com.whatsapp/.PopupNotification} from pid 26540
07-15 22:42:47.975    82   125 D AudioHardware: AudioHardware pcm playback is exiting standby.
07-15 22:42:47.975    82   125 D AudioHardware: openPcmOut_l() mPcmOpenCnt: 0
07-15 22:42:47.991   215   217 D dalvikvm: GC_CONCURRENT freed 345K, 52% free 10347K/21319K, paused 2ms+15ms
07-15 22:42:48.237 26540 26540 D dalvikvm: GC_EXPLICIT freed 612K, 30% free 12930K/18247K, paused 7ms+11ms
07-15 22:42:48.338   215   215 V PhoneStatusBar: setLightsOn(true)
07-15 22:42:48.389   145   161 I Process : Sending signal. PID: 26540 SIG: 3
07-15 22:42:48.389 26540 26545 I dalvikvm: threadid=3: reacting to signal 3
07-15 22:42:48.417 26540 26545 I dalvikvm: Wrote stack traces to '/data/anr/traces.txt'
07-15 22:42:48.424   145   175 I ActivityManager: Displayed com.whatsapp/.PopupNotification: +538ms
07-15 22:42:50.901   215   217 D dalvikvm: GC_CONCURRENT freed 402K, 52% free 10339K/21319K, paused 6ms+4ms
07-15 22:42:51.948    82   125 D AudioHardware: AudioHardware pcm playback is going to standby.
07-15 22:42:51.948    82   125 D AudioHardware: closePcmOut_l() mPcmOpenCnt: 1
07-15 22:42:58.042   145  2107 I ActivityManager: START {flg=0x14000000 cmp=com.whatsapp/.Conversation (has extras)} from pid 26540
07-15 22:42:58.147 16947 16947 D OpenGLRenderer: Flushing caches (mode 0)
07-15 22:42:58.499   215   217 D dalvikvm: GC_CONCURRENT freed 600K, 53% free 10198K/21319K, paused 2ms+9ms
07-15 22:42:58.530   215   215 V PhoneStatusBar: setLightsOn(true)
07-15 22:42:58.643   145   161 I Process : Sending signal. PID: 26540 SIG: 3
07-15 22:42:58.643 26540 26545 I dalvikvm: threadid=3: reacting to signal 3
07-15 22:42:58.659 16947 16947 D OpenGLRenderer: Flushing caches (mode 1)
07-15 22:42:58.682 26540 26545 I dalvikvm: Wrote stack traces to '/data/anr/traces.txt'
07-15 22:42:58.803   145   175 I ActivityManager: Displayed com.whatsapp/.Conversation: +665ms
07-15 22:43:05.608   145   181 I InputReader: Reconfiguring input devices.  changes=0x00000004
07-15 22:43:05.608   145   181 I InputReader: Device reconfigured: id=7, name='mxt224_ts_input', surface size is now 480x800, mode is 1
07-15 22:43:05.635   145   161 I ActivityManager: Config changed: {1.0 310mcc120mnc en_US layoutdir=0 sw320dp w533dp h294dp nrml long land finger -keyb/v/h -nav/h s.121}
07-15 22:43:05.889   215   217 D dalvikvm: GC_CONCURRENT freed 473K, 53% free 10193K/21319K, paused 2ms+3ms
07-15 22:43:08.167   145   175 D dalvikvm: GC_EXPLICIT freed 541K, 25% free 16581K/21895K, paused 36ms+8ms
07-15 22:43:12.924   145   181 I InputReader: Reconfiguring input devices.  changes=0x00000004
07-15 22:43:12.924   145   181 I InputReader: Device reconfigured: id=7, name='mxt224_ts_input', surface size is now 480x800, mode is 1
07-15 22:43:12.995   145   161 I ActivityManager: Config changed: {1.0 310mcc120mnc en_US layoutdir=0 sw320dp w320dp h508dp nrml long port finger -keyb/v/h -nav/h s.122}
07-15 22:43:14.987   329   331 D dalvikvm: GC_CONCURRENT freed 1796K, 20% free 11902K/14727K, paused 2ms+5ms
07-15 22:43:15.256   215   217 D dalvikvm: GC_CONCURRENT freed 379K, 52% free 10280K/21319K, paused 2ms+4ms
07-15 22:43:15.424   215   217 D dalvikvm: GC_CONCURRENT freed 424K, 52% free 10259K/21319K, paused 3ms+3ms
07-15 22:43:17.518   145   175 D dalvikvm: GC_EXPLICIT freed 219K, 25% free 16533K/21895K, paused 17ms+13ms
07-15 22:43:20.006   329   331 D dalvikvm: GC_CONCURRENT freed 545K, 18% free 12192K/14727K, paused 2ms+4ms
07-15 22:43:23.003   215   215 V PhoneStatusBar: setLightsOn(true)
07-15 22:43:23.049   145  1736 W InputManagerService: Window already focused, ignoring focus gain of: com.android.internal.view.IInputMethodClient$Stub$Proxy@418b9de0
07-15 22:43:25.706 26540 26542 D dalvikvm: GC_CONCURRENT freed 1044K, 29% free 13069K/18247K, paused 3ms+12ms
07-15 22:43:31.549    82   125 D AudioHardware: AudioHardware pcm playback is exiting standby.
07-15 22:43:31.549    82   125 D AudioHardware: openPcmOut_l() mPcmOpenCnt: 0
07-15 22:43:34.905    82   125 D AudioHardware: AudioHardware pcm playback is going to standby.
07-15 22:43:34.905    82   125 D AudioHardware: closePcmOut_l() mPcmOpenCnt: 1
07-15 22:43:44.233    82   125 D AudioHardware: AudioHardware pcm playback is exiting standby.
07-15 22:43:44.233    82   125 D AudioHardware: openPcmOut_l() mPcmOpenCnt: 0
07-15 22:43:44.690 26153 26180 I Email   : ReconcilePopImapAccountsSync: start
07-15 22:43:44.811   145   417 D dalvikvm: GC_EXPLICIT freed 74K, 25% free 16537K/21895K, paused 4ms+8ms
07-15 22:43:44.811 26153 26180 I Email   : ReconcilePopImapAccountsSync: done
07-15 22:43:45.167   145   172 I power   : *** set_screen_state 0
07-15 22:43:45.190   145   176 D UnlockScreen: portrait mode
07-15 22:43:45.221    79   122 D SurfaceFlinger: About to give-up screen, flinger = 0x477918
07-15 22:43:45.249   145   176 V TransportControlView: Create TCV com.android.internal.widget.TransportControlView@4131e7b0
07-15 22:43:45.354   215   215 D PhoneStatusBar: disable: < EXPAND* icons alerts TICKER* system_info back home RECENT* clock >
07-15 22:43:45.440   215   215 D PhoneStatusBar: disable: < EXPAND icons alerts TICKER system_info BACK* HOME* RECENT CLOCK* >
07-15 22:43:45.510   367   844 D NfcService: NFC-C OFF, disconnect
07-15 22:43:45.585   215   217 D dalvikvm: GC_CONCURRENT freed 542K, 53% free 10148K/21319K, paused 2ms+7ms
07-15 22:43:45.639 26153 26167 W Email   : Received BYE
07-15 22:43:45.874   145   176 I power   : *** set_screen_state 1
07-15 22:43:46.006   145   176 I WindowManager: Lock screen displayed!
07-15 22:43:46.061    79   122 D SurfaceFlinger: Screen about to return, flinger = 0x477918
07-15 22:43:46.760 26153 26155 D dalvikvm: GC_CONCURRENT freed 372K, 7% free 9872K/10503K, paused 2ms+3ms
07-15 22:43:47.538    86    86 I keystore: uid: 1000 action: p -> 1 state: 1 -> 1 retry: 4
07-15 22:43:47.557   215   215 D PhoneStatusBar: disable: < expand* icons alerts ticker* system_info BACK HOME recent* CLOCK >
07-15 22:43:47.561   367  1447 D NfcService: NFC-C ON
07-15 22:43:47.573   145   315 W InputManagerService: Window already focused, ignoring focus gain of: com.android.internal.view.IInputMethodClient$Stub$Proxy@41627c90
07-15 22:43:47.588   215   215 D PhoneStatusBar: disable: < expand icons alerts ticker system_info back* home* recent clock* >
07-15 22:43:47.592   215   215 V PhoneStatusBar: setLightsOn(true)
07-15 22:43:48.999    82   125 D AudioHardware: AudioHardware pcm playback is going to standby.
07-15 22:43:48.999    82   125 D AudioHardware: closePcmOut_l() mPcmOpenCnt: 1
07-15 22:43:50.409   215   217 D dalvikvm: GC_CONCURRENT freed 298K, 52% free 10340K/21319K, paused 2ms+8ms
07-15 22:43:51.159 26153 26167 D Email   : *** synchronizeMailboxGeneric ***
07-15 22:43:53.237 26153 26181 I Email   : ReconcilePopImapAccountsSync: start
07-15 22:43:53.288 26153 26181 I Email   : ReconcilePopImapAccountsSync: done
07-15 22:43:54.381 26153 26155 D dalvikvm: GC_CONCURRENT freed 394K, 7% free 9865K/10503K, paused 2ms+3ms
07-15 22:43:54.616 26153 26167 D Email   : *** synchronizeMailboxGeneric ***
07-15 22:44:00.049 26540 26542 D dalvikvm: GC_CONCURRENT freed 1642K, 30% free 12774K/18247K, paused 2ms+4ms
07-15 22:44:01.241    82   125 D AudioHardware: AudioHardware pcm playback is exiting standby.
07-15 22:44:01.241    82   125 D AudioHardware: openPcmOut_l() mPcmOpenCnt: 0
07-15 22:44:02.378 25923 25936 I PhoneLab-: Service Running
07-15 22:44:02.456 25923 25936 I PhoneLab-LoggerService: app_36    1177  1     1448   996   c00f181c 400107b4 S logcat
07-15 22:44:02.456 25923 25936 I PhoneLab-LoggerService: Logcat pid from database 1177
07-15 22:44:02.456 25923 25936 I PhoneLab-LoggerService: Logcat process found 1177
07-15 22:44:02.456 25923 25936 I PhoneLab-LoggerService: Checking Threshold
07-15 22:44:04.592    82   125 D AudioHardware: AudioHardware pcm playback is going to standby.
07-15 22:44:04.592    82   125 D AudioHardware: closePcmOut_l() mPcmOpenCnt: 1
07-15 22:44:06.342   145   180 I ActivityManager: START {act=android.intent.action.MAIN cat=[android.intent.category.HOME] flg=0x10200000 cmp=com.android.launcher/com.android.launcher2.Launcher} from pid 145
07-15 22:44:06.565   215   217 D dalvikvm: GC_CONCURRENT freed 583K, 52% free 10263K/21319K, paused 3ms+8ms
07-15 22:44:06.756   329 11437 D dalvikvm: GC_EXPLICIT freed 829K, 18% free 12172K/14727K, paused 3ms+4ms
07-15 22:44:08.163   145   172 I power   : *** set_screen_state 0
07-15 22:44:08.174   145   176 D UnlockScreen: portrait mode
07-15 22:44:08.225    79   122 D SurfaceFlinger: About to give-up screen, flinger = 0x477918
07-15 22:44:08.338   145   148 D dalvikvm: GC_CONCURRENT freed 1011K, 21% free 17408K/21895K, paused 4ms+8ms
07-15 22:44:08.350   145   176 V TransportControlView: Create TCV com.android.internal.widget.TransportControlView@41708458
07-15 22:44:08.440   215   215 D PhoneStatusBar: disable: < EXPAND* icons alerts TICKER* system_info back home RECENT* clock >
07-15 22:44:08.463   215   215 D PhoneStatusBar: disable: < EXPAND icons alerts TICKER system_info BACK* HOME* RECENT CLOCK* >
07-15 22:44:08.483   348   348 D dalvikvm: GC_EXPLICIT freed 727K, 15% free 11936K/13959K, paused 12ms+12ms
07-15 22:44:08.487   367  1482 D NfcService: NFC-C OFF, disconnect
07-15 22:44:27.522   145  1736 D dalvikvm: GC_EXPLICIT freed 626K, 22% free 17100K/21895K, paused 15ms+7ms
07-15 22:44:27.573   145  1736 I ActivityManager: START {flg=0x10040000 cmp=com.whatsapp/.PopupNotificationLocked} from pid 26540
07-15 22:44:27.667    82   125 D AudioHardware: AudioHardware pcm playback is exiting standby.
07-15 22:44:27.667    82   125 D AudioHardware: openPcmOut_l() mPcmOpenCnt: 0
07-15 22:44:27.698   215   217 D dalvikvm: GC_CONCURRENT freed 479K, 52% free 10281K/21319K, paused 1ms+3ms
07-15 22:44:27.909 16947 16947 D OpenGLRenderer: Flushing caches (mode 1)
