07-16 03:16:24.452 27748 27762 D Email   : *** synchronizeMailboxGeneric ***
07-16 03:17:00.124   215   217 D dalvikvm: GC_CONCURRENT freed 388K, 53% free 10152K/21319K, paused 2ms+4ms
07-16 03:18:02.378 25923 25936 I PhoneLab-: Service Running
07-16 03:18:02.445 25923 25936 I PhoneLab-LoggerService: app_36    1177  1     1448   1000  c00f181c 400107b4 S logcat
07-16 03:18:02.448 25923 25936 I PhoneLab-LoggerService: Logcat pid from database 1177
07-16 03:18:02.448 25923 25936 I PhoneLab-LoggerService: Logcat process found 1177
07-16 03:18:02.448 25923 25936 I PhoneLab-LoggerService: Checking Threshold
07-16 03:18:02.448 25923 25936 I PhoneLab-LoggerService: Starting to rename files
07-16 03:18:02.448 25923 25936 I PhoneLab-LoggerService: Files found .. 2
07-16 03:18:02.448 25923 25936 I PhoneLab-LoggerService: File 1 log.out.1
07-16 03:18:02.452 25923 25936 I PhoneLab-LoggerService: Renamed successfully
07-16 03:19:46.718 25923 25923 I PhoneLab-Locks: wake lock acquired
07-16 03:19:46.737 25923 28355 I PhoneLab-PeriodicCheckService: User info is synched
07-16 03:19:46.737 25923 28355 I PhoneLab-PeriodicCheckService: Logger Service is running
07-16 03:19:46.741 25923 28355 I PhoneLab-Locks: wake lock acquired
07-16 03:19:46.741 25923 25923 I PhoneLab-UploadLogs: Transfering log files now
07-16 03:19:46.741 25923 28355 I PhoneLab-PeriodicCheckService: Rescheduling periodic checking...
07-16 03:19:46.745 25923 28355 I PhoneLab-Locks: wake lock released
07-16 03:19:46.796 25923 25925 D dalvikvm: GC_CONCURRENT freed 571K, 17% free 9275K/11079K, paused 1ms+3ms
07-16 03:19:46.823 25923 25923 D dalvikvm: GC_FOR_ALLOC freed 235K, 16% free 9360K/11079K, paused 14ms
07-16 03:19:46.843 25923 25923 D dalvikvm: GC_FOR_ALLOC freed 120K, 15% free 9488K/11079K, paused 12ms
07-16 03:19:46.870 25923 25923 I PhoneLab-UploadLogs: OnStartCommand
07-16 03:19:46.878 25923 25925 D dalvikvm: GC_CONCURRENT freed 249K, 12% free 9751K/11079K, paused 2ms+2ms
07-16 03:19:46.937 25923 28357 D dalvikvm: GC_FOR_ALLOC freed 357K, 13% free 9720K/11079K, paused 14ms
07-16 03:19:46.952 25923 28357 D dalvikvm: GC_FOR_ALLOC freed 301K, 13% free 9720K/11079K, paused 14ms
07-16 03:19:46.968 25923 28357 D dalvikvm: GC_FOR_ALLOC freed 301K, 13% free 9721K/11079K, paused 14ms
07-16 03:19:49.609 25923 25923 I PhoneLab-: 1342423082451.log is deleted
07-16 03:19:49.609 25923 25923 I PhoneLab-: Response: {"data": "done", "err": ""}
07-16 03:19:49.620 25923 25923 I PhoneLab-UploadLogs: No log files to transfer
07-16 03:19:49.620 25923 25923 I PhoneLab-Locks: wake lock released
07-16 03:20:02.378 25923 25936 I PhoneLab-: Service Running
07-16 03:20:02.445 25923 25936 I PhoneLab-LoggerService: app_36    1177  1     1448   1000  c00f181c 400107b4 S logcat
07-16 03:20:02.448 25923 25936 I PhoneLab-LoggerService: Logcat pid from database 1177
07-16 03:20:02.448 25923 25936 I PhoneLab-LoggerService: Logcat process found 1177
07-16 03:20:02.448 25923 25936 I PhoneLab-LoggerService: Checking Threshold
07-16 03:20:07.339 22993 22993 I wpa_supplicant: wlan0: WPA: Group rekeying completed with 98:fc:11:c3:3f:e6 [GTK=TKIP]
07-16 03:20:33.472 25923 25923 I PhoneLab-Locks: wake lock acquired
07-16 03:20:33.499 25923 25923 I PhoneLab-StatusMonitor: Status Monitoring is started
07-16 03:20:33.534 25923 25925 D dalvikvm: GC_CONCURRENT freed 977K, 17% free 9255K/11079K, paused 2ms+2ms
07-16 03:20:33.558 25923 25923 I PhoneLab-StatusMonitor: Value: 10 - unit: min
07-16 03:20:33.558 25923 25923 I PhoneLab-StatusMonitor: Running interval: 600000
07-16 03:20:33.566 25923 25923 I PhoneLab-StatusMonitor: Rescheduling status monitoring...
07-16 03:20:33.566 25923 25923 I PhoneLab-Locks: wake lock released
07-16 03:20:33.570 25923 25923 I PhoneLab-StatusMonitorLocation: Learning Location
07-16 03:20:33.570 25923 25923 I PhoneLab-Locks: wake lock acquired
07-16 03:20:33.570 25923 25923 I PhoneLab-Locks: wake lock acquired
07-16 03:20:33.573 15980 16078 D androidNetworkLocationListeners: Still have listener com.google.android.location.internal.client.NetworkLocationClient$1@413a9ae8
07-16 03:20:33.585 25923 25923 I PhoneLab-StatusMonitorLocation: Learning Signal Strgth
07-16 03:20:33.585 25923 25923 I PhoneLab-Locks: wake lock acquired
07-16 03:20:33.601 15980 16078 D androidNetworkLocationListeners: Still have listener com.google.android.location.internal.client.NetworkLocationClient$1@413a9ae8
07-16 03:20:33.605 25923 25923 I PhoneLab-StatusMonitorBattery: Battery_level: 53
07-16 03:20:33.605 25923 25923 I PhoneLab-Locks: wake lock released
07-16 03:20:33.609 25923 25923 I PhoneLab-StatusMonitorSignal: Signal_Strength: -76 asu: 19
07-16 03:20:33.609 25923 25923 I PhoneLab-Locks: wake lock released
07-16 03:20:33.616 25923 25925 D dalvikvm: GC_CONCURRENT freed 452K, 17% free 9196K/11079K, paused 6ms+1ms
07-16 03:20:34.886 25923 25923 I PhoneLab-StatusMonitorLocation: Location_Latitude: 42.9536742 Longitude: -78.8282657 Accuracy: 25.0
07-16 03:20:34.886 15980 16078 D androidNetworkLocationListeners: Still have listener com.google.android.location.internal.client.NetworkLocationClient$1@413a9ae8
07-16 03:20:34.886 25923 25923 I PhoneLab-Locks: wake lock released
07-16 03:20:36.195 15980 15981 D dalvikvm: GC_CONCURRENT freed 488K, 8% free 10633K/11527K, paused 2ms+3ms
07-16 03:20:41.628 15980 18424 I EventLogService: Aggregate from 1342421441533 (log), 1342421441533 (data)
07-16 03:22:02.378 25923 25936 I PhoneLab-: Service Running
07-16 03:22:02.445 25923 25936 I PhoneLab-LoggerService: app_36    1177  1     1448   1000  c00f181c 400107b4 S logcat
07-16 03:22:02.448 25923 25936 I PhoneLab-LoggerService: Logcat pid from database 1177
07-16 03:22:02.448 25923 25936 I PhoneLab-LoggerService: Logcat process found 1177
07-16 03:22:02.448 25923 25936 I PhoneLab-LoggerService: Checking Threshold
07-16 03:24:02.378 25923 25936 I PhoneLab-: Service Running
07-16 03:24:02.445 25923 25936 I PhoneLab-LoggerService: app_36    1177  1     1448   1000  c00f181c 400107b4 S logcat
07-16 03:24:02.448 25923 25936 I PhoneLab-LoggerService: Logcat pid from database 1177
07-16 03:24:02.448 25923 25936 I PhoneLab-LoggerService: Logcat process found 1177
07-16 03:24:02.448 25923 25936 I PhoneLab-LoggerService: Checking Threshold
07-16 03:26:02.378 25923 25936 I PhoneLab-: Service Running
07-16 03:26:02.445 25923 25936 I PhoneLab-LoggerService: app_36    1177  1     1448   1000  c00f181c 400107b4 S logcat
07-16 03:26:02.445 25923 25936 I PhoneLab-LoggerService: Logcat pid from database 1177
07-16 03:26:02.448 25923 25936 I PhoneLab-LoggerService: Logcat process found 1177
07-16 03:26:02.448 25923 25936 I PhoneLab-LoggerService: Checking Threshold
07-16 03:28:02.378 25923 25936 I PhoneLab-: Service Running
07-16 03:28:02.456 25923 25936 I PhoneLab-LoggerService: app_36    1177  1     1448   1000  c00f181c 400107b4 S logcat
07-16 03:28:02.456 25923 25936 I PhoneLab-LoggerService: Logcat pid from database 1177
07-16 03:28:02.456 25923 25936 I PhoneLab-LoggerService: Logcat process found 1177
07-16 03:28:02.456 25923 25936 I PhoneLab-LoggerService: Checking Threshold
07-16 03:30:02.378 25923 25936 I PhoneLab-: Service Running
07-16 03:30:02.445 25923 25936 I PhoneLab-LoggerService: app_36    1177  1     1448   1000  c00f181c 400107b4 S logcat
07-16 03:30:02.445 25923 25936 I PhoneLab-LoggerService: Logcat pid from database 1177
07-16 03:30:02.448 25923 25936 I PhoneLab-LoggerService: Logcat process found 1177
07-16 03:30:02.448 25923 25936 I PhoneLab-LoggerService: Checking Threshold
07-16 03:30:33.609 25923 25923 I PhoneLab-Locks: wake lock acquired
07-16 03:30:33.628 25923 25923 I PhoneLab-StatusMonitor: Status Monitoring is started
07-16 03:30:33.667 25923 25925 D dalvikvm: GC_CONCURRENT freed 455K, 17% free 9252K/11079K, paused 2ms+2ms
07-16 03:30:33.687 25923 25923 I PhoneLab-StatusMonitor: Value: 10 - unit: min
07-16 03:30:33.687 25923 25923 I PhoneLab-StatusMonitor: Running interval: 600000
07-16 03:30:33.695 25923 25923 I PhoneLab-StatusMonitor: Rescheduling status monitoring...
07-16 03:30:33.695 25923 25923 I PhoneLab-Locks: wake lock released
07-16 03:30:33.702 25923 25923 I PhoneLab-StatusMonitorLocation: Learning Location
07-16 03:30:33.702 25923 25923 I PhoneLab-Locks: wake lock acquired
07-16 03:30:33.702 25923 25923 I PhoneLab-Locks: wake lock acquired
07-16 03:30:33.706 25923 25923 I PhoneLab-StatusMonitorLocation: Learning Signal Strgth
07-16 03:30:33.706 25923 25923 I PhoneLab-Locks: wake lock acquired
07-16 03:30:33.706 15980 16078 D androidNetworkLocationListeners: Still have listener com.google.android.location.internal.client.NetworkLocationClient$1@413a9ae8
07-16 03:30:33.718 15980 16078 D androidNetworkLocationListeners: Still have listener com.google.android.location.internal.client.NetworkLocationClient$1@413a9ae8
07-16 03:30:33.722 25923 25923 I PhoneLab-StatusMonitorBattery: Battery_level: 51
07-16 03:30:33.722 25923 25923 I PhoneLab-Locks: wake lock released
07-16 03:30:33.726 25923 25923 I PhoneLab-StatusMonitorSignal: Signal_Strength: -76 asu: 19
07-16 03:30:33.726 25923 25923 I PhoneLab-Locks: wake lock released
07-16 03:30:35.058 25923 25923 I PhoneLab-StatusMonitorLocation: Location_Latitude: 42.9536726 Longitude: -78.8282684 Accuracy: 23.0
07-16 03:30:35.058 15980 16078 D androidNetworkLocationListeners: Still have listener com.google.android.location.internal.client.NetworkLocationClient$1@413a9ae8
07-16 03:30:35.058 25923 25923 I PhoneLab-Locks: wake lock released
07-16 03:30:35.175   145   157 D dalvikvm: GC_EXPLICIT freed 1467K, 23% free 17074K/21895K, paused 3ms+8ms
07-16 03:30:35.214 28176 28179 D dalvikvm: GC_CONCURRENT freed 433K, 6% free 10157K/10695K, paused 2ms+2ms
07-16 03:30:36.499 15980 15981 D dalvikvm: GC_CONCURRENT freed 531K, 8% free 10636K/11527K, paused 2ms+3ms
07-16 03:31:23.320 27748 27777 I Email   : ReconcilePopImapAccountsSync: start
07-16 03:31:23.331 27748 27762 W Email   : Received BYE
07-16 03:31:23.343 27748 27777 I Email   : ReconcilePopImapAccountsSync: done
07-16 03:31:24.007 27748 27750 D dalvikvm: GC_CONCURRENT freed 413K, 7% free 9847K/10503K, paused 7ms+3ms
07-16 03:31:26.249 27748 27762 D dalvikvm: GC_EXPLICIT freed 133K, 7% free 9790K/10503K, paused 1ms+3ms
07-16 03:31:26.284 27748 27762 D Email   : *** synchronizeMailboxGeneric ***
07-16 03:31:28.034 27748 27788 I Email   : ReconcilePopImapAccountsSync: start
07-16 03:31:28.058 27748 27788 I Email   : ReconcilePopImapAccountsSync: done
07-16 03:31:28.941 27748 27762 D Email   : *** synchronizeMailboxGeneric ***
07-16 03:32:02.378 25923 25936 I PhoneLab-: Service Running
07-16 03:32:02.445 25923 25936 I PhoneLab-LoggerService: app_36    1177  1     1448   1000  c00f181c 400107b4 S logcat
07-16 03:32:02.445 25923 25936 I PhoneLab-LoggerService: Logcat pid from database 1177
07-16 03:32:02.445 25923 25936 I PhoneLab-LoggerService: Logcat process found 1177
07-16 03:32:02.445 25923 25936 I PhoneLab-LoggerService: Checking Threshold
07-16 03:34:02.378 25923 25936 I PhoneLab-: Service Running
07-16 03:34:02.445 25923 25936 I PhoneLab-LoggerService: app_36    1177  1     1448   1000  c00f181c 400107b4 S logcat
07-16 03:34:02.448 25923 25936 I PhoneLab-LoggerService: Logcat pid from database 1177
07-16 03:34:02.448 25923 25936 I PhoneLab-LoggerService: Logcat process found 1177
07-16 03:34:02.448 25923 25936 I PhoneLab-LoggerService: Checking Threshold
07-16 03:36:02.378 25923 25936 I PhoneLab-: Service Running
07-16 03:36:02.456 25923 25925 D dalvikvm: GC_CONCURRENT freed 428K, 17% free 9231K/11079K, paused 2ms+2ms
07-16 03:36:02.460 25923 25936 I PhoneLab-LoggerService: app_36    1177  1     1448   1000  c00f181c 400107b4 S logcat
07-16 03:36:02.460 25923 25936 I PhoneLab-LoggerService: Logcat pid from database 1177
07-16 03:36:02.460 25923 25936 I PhoneLab-LoggerService: Logcat process found 1177
07-16 03:36:02.460 25923 25936 I PhoneLab-LoggerService: Checking Threshold
07-16 03:38:02.378 25923 25936 I PhoneLab-: Service Running
07-16 03:38:02.445 25923 25936 I PhoneLab-LoggerService: app_36    1177  1     1448   1000  c00f181c 400107b4 S logcat
07-16 03:38:02.445 25923 25936 I PhoneLab-LoggerService: Logcat pid from database 1177
07-16 03:38:02.445 25923 25936 I PhoneLab-LoggerService: Logcat process found 1177
07-16 03:38:02.445 25923 25936 I PhoneLab-LoggerService: Checking Threshold
07-16 03:40:02.378 25923 25936 I PhoneLab-: Service Running
07-16 03:40:02.445 25923 25936 I PhoneLab-LoggerService: app_36    1177  1     1448   1000  c00f181c 400107b4 S logcat
07-16 03:40:02.448 25923 25936 I PhoneLab-LoggerService: Logcat pid from database 1177
07-16 03:40:02.448 25923 25936 I PhoneLab-LoggerService: Logcat process found 1177
07-16 03:40:02.448 25923 25936 I PhoneLab-LoggerService: Checking Threshold
07-16 03:40:33.714 25923 25923 I PhoneLab-Locks: wake lock acquired
07-16 03:40:33.745 25923 25923 I PhoneLab-StatusMonitor: Status Monitoring is started
07-16 03:40:33.804 25923 25925 D dalvikvm: GC_CONCURRENT freed 442K, 17% free 9300K/11079K, paused 1ms+3ms
07-16 03:40:33.812 25923 25923 I PhoneLab-StatusMonitor: Value: 10 - unit: min
07-16 03:40:33.812 25923 25923 I PhoneLab-StatusMonitor: Running interval: 600000
07-16 03:40:33.823 25923 25923 I PhoneLab-StatusMonitor: Rescheduling status monitoring...
07-16 03:40:33.823 25923 25923 I PhoneLab-Locks: wake lock released
07-16 03:40:33.831 25923 25923 I PhoneLab-StatusMonitorLocation: Learning Location
07-16 03:40:33.831 25923 25923 I PhoneLab-Locks: wake lock acquired
07-16 03:40:33.831 25923 25923 I PhoneLab-Locks: wake lock acquired
07-16 03:40:33.835 15980 16078 D androidNetworkLocationListeners: Still have listener com.google.android.location.internal.client.NetworkLocationClient$1@413a9ae8
07-16 03:40:33.835 25923 25923 I PhoneLab-StatusMonitorLocation: Learning Signal Strgth
07-16 03:40:33.835 25923 25923 I PhoneLab-Locks: wake lock acquired
07-16 03:40:33.851 15980 16078 D androidNetworkLocationListeners: Still have listener com.google.android.location.internal.client.NetworkLocationClient$1@413a9ae8
07-16 03:40:33.851 25923 25923 I PhoneLab-StatusMonitorBattery: Battery_level: 50
07-16 03:40:33.855 25923 25923 I PhoneLab-Locks: wake lock released
07-16 03:40:33.859 25923 25923 I PhoneLab-StatusMonitorSignal: Signal_Strength: -86 asu: 14
07-16 03:40:33.859 25923 25923 I PhoneLab-Locks: wake lock released
07-16 03:40:35.120 25923 25923 I PhoneLab-StatusMonitorLocation: Location_Latitude: 42.9536602 Longitude: -78.828298 Accuracy: 24.0
07-16 03:40:35.124 15980 16078 D androidNetworkLocationListeners: Still have listener com.google.android.location.internal.client.NetworkLocationClient$1@413a9ae8
07-16 03:40:35.124 25923 25923 I PhoneLab-Locks: wake lock released
07-16 03:40:36.429 15980 15981 D dalvikvm: GC_CONCURRENT freed 472K, 8% free 10632K/11527K, paused 2ms+2ms
07-16 03:41:00.128   215   217 D dalvikvm: GC_CONCURRENT freed 386K, 53% free 10151K/21319K, paused 1ms+4ms
07-16 03:42:02.378 25923 25936 I PhoneLab-: Service Running
07-16 03:42:02.445 25923 25936 I PhoneLab-LoggerService: app_36    1177  1     1448   1000  c00f181c 400107b4 S logcat
07-16 03:42:02.445 25923 25936 I PhoneLab-LoggerService: Logcat pid from database 1177
07-16 03:42:02.448 25923 25936 I PhoneLab-LoggerService: Logcat process found 1177
07-16 03:42:02.448 25923 25936 I PhoneLab-LoggerService: Checking Threshold
07-16 03:44:02.378 25923 25936 I PhoneLab-: Service Running
07-16 03:44:02.445 25923 25936 I PhoneLab-LoggerService: app_36    1177  1     1448   1000  c00f181c 400107b4 S logcat
07-16 03:44:02.445 25923 25936 I PhoneLab-LoggerService: Logcat pid from database 1177
07-16 03:44:02.445 25923 25936 I PhoneLab-LoggerService: Logcat process found 1177
07-16 03:44:02.445 25923 25936 I PhoneLab-LoggerService: Checking Threshold
07-16 03:46:02.378 25923 25936 I PhoneLab-: Service Running
07-16 03:46:02.445 25923 25936 I PhoneLab-LoggerService: app_36    1177  1     1448   1000  c00f181c 400107b4 S logcat
07-16 03:46:02.445 25923 25936 I PhoneLab-LoggerService: Logcat pid from database 1177
07-16 03:46:02.448 25923 25936 I PhoneLab-LoggerService: Logcat process found 1177
07-16 03:46:02.448 25923 25936 I PhoneLab-LoggerService: Checking Threshold
07-16 03:46:28.081 27748 27776 I Email   : ReconcilePopImapAccountsSync: start
07-16 03:46:28.179   145   379 D dalvikvm: GC_EXPLICIT freed 888K, 23% free 17064K/21895K, paused 4ms+8ms
07-16 03:46:28.183 27748 27762 W Email   : Received BYE
07-16 03:46:28.195 27748 27776 I Email   : ReconcilePopImapAccountsSync: done
07-16 03:46:28.616 27748 27750 D dalvikvm: GC_CONCURRENT freed 307K, 6% free 9875K/10503K, paused 2ms+4ms
07-16 03:46:31.081 27748 27762 D Email   : *** synchronizeMailboxGeneric ***
07-16 03:46:32.800 27748 27763 I Email   : ReconcilePopImapAccountsSync: start
07-16 03:46:32.823 27748 27763 I Email   : ReconcilePopImapAccountsSync: done
07-16 03:46:33.745 27748 27750 D dalvikvm: GC_CONCURRENT freed 399K, 7% free 9863K/10503K, paused 12ms+2ms
07-16 03:46:33.823 27748 27762 D Email   : *** synchronizeMailboxGeneric ***
07-16 03:48:02.378 25923 25936 I PhoneLab-: Service Running
07-16 03:48:02.472 25923 25936 I PhoneLab-LoggerService: app_36    1177  1     1448   1000  c00f181c 400107b4 S logcat
07-16 03:48:02.472 25923 25936 I PhoneLab-LoggerService: Logcat pid from database 1177
07-16 03:48:02.472 25923 25936 I PhoneLab-LoggerService: Logcat process found 1177
07-16 03:48:02.472 25923 25936 I PhoneLab-LoggerService: Checking Threshold
07-16 03:49:46.765 25923 25923 I PhoneLab-Locks: wake lock acquired
07-16 03:49:46.792 25923 28391 I PhoneLab-PeriodicCheckService: User info is synched
07-16 03:49:46.796 25923 28391 I PhoneLab-PeriodicCheckService: Logger Service is running
07-16 03:49:46.796 25923 28391 I PhoneLab-Locks: wake lock acquired
07-16 03:49:46.800 25923 25923 I PhoneLab-UploadLogs: Transfering log files now
07-16 03:49:46.800 25923 25923 I PhoneLab-UploadLogs: No log files to transfer
07-16 03:49:46.800 25923 25923 I PhoneLab-Locks: wake lock released
07-16 03:49:46.800 25923 25923 I PhoneLab-UploadLogs: OnStartCommand
07-16 03:49:46.800 25923 28391 I PhoneLab-PeriodicCheckService: Rescheduling periodic checking...
07-16 03:49:46.804 25923 28391 I PhoneLab-Locks: wake lock released
07-16 03:50:02.378 25923 25936 I PhoneLab-: Service Running
07-16 03:50:02.456 25923 25936 I PhoneLab-LoggerService: app_36    1177  1     1448   1000  c00f181c 400107b4 S logcat
07-16 03:50:02.456 25923 25936 I PhoneLab-LoggerService: Logcat pid from database 1177
07-16 03:50:02.456 25923 25936 I PhoneLab-LoggerService: Logcat process found 1177
07-16 03:50:02.456 25923 25936 I PhoneLab-LoggerService: Checking Threshold
07-16 03:50:02.464 25923 25925 D dalvikvm: GC_CONCURRENT freed 484K, 17% free 9219K/11079K, paused 2ms+2ms
07-16 03:50:33.866 25923 25923 I PhoneLab-Locks: wake lock acquired
07-16 03:50:33.894 25923 25923 I PhoneLab-StatusMonitor: Status Monitoring is started
07-16 03:50:33.941 25923 25923 I PhoneLab-StatusMonitor: Value: 10 - unit: min
07-16 03:50:33.948 25923 25923 I PhoneLab-StatusMonitor: Running interval: 600000
07-16 03:50:33.956 25923 25925 D dalvikvm: GC_CONCURRENT freed 463K, 17% free 9267K/11079K, paused 2ms+2ms
07-16 03:50:33.960 25923 25923 I PhoneLab-StatusMonitor: Rescheduling status monitoring...
07-16 03:50:33.960 25923 25923 I PhoneLab-Locks: wake lock released
07-16 03:50:33.964 25923 25923 I PhoneLab-StatusMonitorLocation: Learning Location
07-16 03:50:33.964 25923 25923 I PhoneLab-Locks: wake lock acquired
07-16 03:50:33.968 25923 25923 I PhoneLab-Locks: wake lock acquired
07-16 03:50:33.968 15980 16078 D androidNetworkLocationListeners: Still have listener com.google.android.location.internal.client.NetworkLocationClient$1@413a9ae8
07-16 03:50:33.976 25923 25923 I PhoneLab-StatusMonitorLocation: Learning Signal Strgth
07-16 03:50:33.976 25923 25923 I PhoneLab-Locks: wake lock acquired
07-16 03:50:33.988 15980 16078 D androidNetworkLocationListeners: Still have listener com.google.android.location.internal.client.NetworkLocationClient$1@413a9ae8
07-16 03:50:33.991 25923 25923 I PhoneLab-StatusMonitorBattery: Battery_level: 48
07-16 03:50:33.991 25923 25923 I PhoneLab-Locks: wake lock released
07-16 03:50:33.995 25923 25923 I PhoneLab-StatusMonitorSignal: Signal_Strength: -86 asu: 14
07-16 03:50:33.995 25923 25923 I PhoneLab-Locks: wake lock released
07-16 03:50:35.253 25923 25923 I PhoneLab-StatusMonitorLocation: Location_Latitude: 42.9536708 Longitude: -78.8282667 Accuracy: 21.0
07-16 03:50:35.257 15980 16078 D androidNetworkLocationListeners: Still have listener com.google.android.location.internal.client.NetworkLocationClient$1@413a9ae8
07-16 03:50:35.257 25923 25923 I PhoneLab-Locks: wake lock released
07-16 03:50:36.566 15980 15981 D dalvikvm: GC_CONCURRENT freed 472K, 8% free 10632K/11527K, paused 2ms+3ms
07-16 03:50:41.749 15980 18888 I EventLogService: Aggregate from 1342423241631 (log), 1342423241631 (data)
07-16 03:52:02.378 25923 25936 I PhoneLab-: Service Running
07-16 03:52:02.445 25923 25936 I PhoneLab-LoggerService: app_36    1177  1     1448   1000  c00f181c 400107b4 S logcat
07-16 03:52:02.445 25923 25936 I PhoneLab-LoggerService: Logcat pid from database 1177
07-16 03:52:02.448 25923 25936 I PhoneLab-LoggerService: Logcat process found 1177
07-16 03:52:02.448 25923 25936 I PhoneLab-LoggerService: Checking Threshold
07-16 03:53:29.066   145   161 V BackupManagerService: Running a backup pass
07-16 03:53:29.077   145   214 V BackupManagerService: Backup requested but nothing pending
07-16 03:54:02.378 25923 25936 I PhoneLab-: Service Running
07-16 03:54:02.445 25923 25936 I PhoneLab-LoggerService: app_36    1177  1     1448   1000  c00f181c 400107b4 S logcat
07-16 03:54:02.445 25923 25936 I PhoneLab-LoggerService: Logcat pid from database 1177
07-16 03:54:02.448 25923 25936 I PhoneLab-LoggerService: Logcat process found 1177
07-16 03:54:02.448 25923 25936 I PhoneLab-LoggerService: Checking Threshold
07-16 03:56:02.378 25923 25936 I PhoneLab-: Service Running
07-16 03:56:02.445 25923 25936 I PhoneLab-LoggerService: app_36    1177  1     1448   1000  c00f181c 400107b4 S logcat
07-16 03:56:02.445 25923 25936 I PhoneLab-LoggerService: Logcat pid from database 1177
07-16 03:56:02.445 25923 25936 I PhoneLab-LoggerService: Logcat process found 1177
07-16 03:56:02.448 25923 25936 I PhoneLab-LoggerService: Checking Threshold
07-16 03:58:02.378 25923 25936 I PhoneLab-: Service Running
07-16 03:58:02.445 25923 25936 I PhoneLab-LoggerService: app_36    1177  1     1448   1000  c00f181c 400107b4 S logcat
07-16 03:58:02.445 25923 25936 I PhoneLab-LoggerService: Logcat pid from database 1177
07-16 03:58:02.445 25923 25936 I PhoneLab-LoggerService: Logcat process found 1177
07-16 03:58:02.445 25923 25936 I PhoneLab-LoggerService: Checking Threshold
07-16 04:00:00.456 26540 26547 I dalvikvm: Total arena pages for JIT: 11
07-16 04:00:00.456 26540 26547 I dalvikvm: Total arena pages for JIT: 12
07-16 04:00:00.456 26540 26547 I dalvikvm: Total arena pages for JIT: 13
07-16 04:00:00.460 26540 26547 I dalvikvm: Total arena pages for JIT: 14
07-16 04:00:00.460 26540 26547 I dalvikvm: Total arena pages for JIT: 15
07-16 04:00:00.460 26540 26547 I dalvikvm: Total arena pages for JIT: 16
07-16 04:00:00.460 26540 26547 I dalvikvm: Total arena pages for JIT: 17
07-16 04:00:00.472 26540 26547 I dalvikvm: Total arena pages for JIT: 18
07-16 04:00:00.784 26540 26542 D dalvikvm: GC_CONCURRENT freed 859K, 25% free 13795K/18247K, paused 5ms+3ms
07-16 04:00:01.175 26540 26781 D dalvikvm: GC_FOR_ALLOC freed 1158K, 26% free 13661K/18247K, paused 25ms
07-16 04:00:02.378 25923 25936 I PhoneLab-: Service Running
07-16 04:00:02.445 25923 25936 I PhoneLab-LoggerService: app_36    1177  1     1448   1000  c00f181c 400107b4 S logcat
07-16 04:00:02.445 25923 25936 I PhoneLab-LoggerService: Logcat pid from database 1177
07-16 04:00:02.445 25923 25936 I PhoneLab-LoggerService: Logcat process found 1177
07-16 04:00:02.448 25923 25936 I PhoneLab-LoggerService: Checking Threshold
07-16 04:00:33.980 25923 25923 I PhoneLab-Locks: wake lock acquired
07-16 04:00:34.011 25923 25923 I PhoneLab-StatusMonitor: Status Monitoring is started
07-16 04:00:34.070 25923 25925 D dalvikvm: GC_CONCURRENT freed 481K, 17% free 9298K/11079K, paused 2ms+3ms
07-16 04:00:34.093 25923 25923 I PhoneLab-StatusMonitor: Value: 10 - unit: min
07-16 04:00:34.093 25923 25923 I PhoneLab-StatusMonitor: Running interval: 600000
07-16 04:00:34.101 25923 25923 I PhoneLab-StatusMonitor: Rescheduling status monitoring...
07-16 04:00:34.101 25923 25923 I PhoneLab-Locks: wake lock released
07-16 04:00:34.105 25923 25923 I PhoneLab-StatusMonitorLocation: Learning Location
07-16 04:00:34.105 25923 25923 I PhoneLab-Locks: wake lock acquired
07-16 04:00:34.195   145  2955 D dalvikvm: GC_EXPLICIT freed 1276K, 23% free 17075K/21895K, paused 4ms+8ms
07-16 04:00:34.198 25923 25923 I PhoneLab-Locks: wake lock acquired
07-16 04:00:34.198 15980 16078 D androidNetworkLocationListeners: Still have listener com.google.android.location.internal.client.NetworkLocationClient$1@413a9ae8
07-16 04:00:34.202 25923 25923 I PhoneLab-StatusMonitorLocation: Learning Signal Strgth
07-16 04:00:34.202 25923 25923 I PhoneLab-Locks: wake lock acquired
07-16 04:00:34.210 25923 25923 I PhoneLab-StatusMonitorBattery: Battery_level: 46
07-16 04:00:34.214 15980 16078 D androidNetworkLocationListeners: Still have listener com.google.android.location.internal.client.NetworkLocationClient$1@413a9ae8
07-16 04:00:34.218 25923 25923 I PhoneLab-Locks: wake lock released
07-16 04:00:34.218 25923 25923 I PhoneLab-StatusMonitorSignal: Signal_Strength: -86 asu: 14
07-16 04:00:34.218 25923 25923 I PhoneLab-Locks: wake lock released
07-16 04:00:35.480 25923 25923 I PhoneLab-StatusMonitorLocation: Location_Latitude: 42.9536661 Longitude: -78.828274 Accuracy: 23.0
07-16 04:00:35.480 15980 16078 D androidNetworkLocationListeners: Still have listener com.google.android.location.internal.client.NetworkLocationClient$1@413a9ae8
07-16 04:00:35.480 25923 25923 I PhoneLab-Locks: wake lock released
07-16 04:00:36.784 15980 15981 D dalvikvm: GC_CONCURRENT freed 525K, 8% free 10635K/11527K, paused 2ms+3ms
07-16 04:01:32.823 27748 27772 I Email   : ReconcilePopImapAccountsSync: start
07-16 04:01:32.855 27748 27762 W Email   : Received BYE
07-16 04:01:32.866 27748 27772 I Email   : ReconcilePopImapAccountsSync: done
07-16 04:01:33.433 27748 27750 D dalvikvm: GC_CONCURRENT freed 406K, 7% free 9860K/10503K, paused 7ms+3ms
07-16 04:01:35.499 27748 27762 D Email   : *** synchronizeMailboxGeneric ***
07-16 04:01:37.159 27748 27777 I Email   : ReconcilePopImapAccountsSync: start
07-16 04:01:37.202 27748 27777 D dalvikvm: GC_EXPLICIT freed 250K, 7% free 9811K/10503K, paused 2ms+3ms
07-16 04:01:37.210 27748 27777 I Email   : ReconcilePopImapAccountsSync: done
07-16 04:01:38.136 27748 27762 D Email   : *** synchronizeMailboxGeneric ***
07-16 04:02:02.378 25923 25936 I PhoneLab-: Service Running
07-16 04:02:02.445 25923 25936 I PhoneLab-LoggerService: app_36    1177  1     1448   1000  c00f181c 400107b4 S logcat
07-16 04:02:02.448 25923 25936 I PhoneLab-LoggerService: Logcat pid from database 1177
07-16 04:02:02.448 25923 25936 I PhoneLab-LoggerService: Logcat process found 1177
07-16 04:02:02.448 25923 25936 I PhoneLab-LoggerService: Checking Threshold
07-16 04:04:02.378 25923 25936 I PhoneLab-: Service Running
07-16 04:04:02.452 25923 25936 I PhoneLab-LoggerService: app_36    1177  1     1448   1000  c00f181c 400107b4 S logcat
07-16 04:04:02.452 25923 25936 I PhoneLab-LoggerService: Logcat pid from database 1177
07-16 04:04:02.452 25923 25936 I PhoneLab-LoggerService: Logcat process found 1177
07-16 04:04:02.452 25923 25936 I PhoneLab-LoggerService: Checking Threshold
07-16 04:04:02.464 25923 25925 D dalvikvm: GC_CONCURRENT freed 467K, 17% free 9219K/11079K, paused 1ms+2ms
07-16 04:05:00.128   215   217 D dalvikvm: GC_CONCURRENT freed 384K, 53% free 10152K/21319K, paused 2ms+4ms
07-16 04:06:02.378 25923 25936 I PhoneLab-: Service Running
07-16 04:06:02.445 25923 25936 I PhoneLab-LoggerService: app_36    1177  1     1448   1000  c00f181c 400107b4 S logcat
07-16 04:06:02.445 25923 25936 I PhoneLab-LoggerService: Logcat pid from database 1177
07-16 04:06:02.448 25923 25936 I PhoneLab-LoggerService: Logcat process found 1177
07-16 04:06:02.448 25923 25936 I PhoneLab-LoggerService: Checking Threshold
07-16 04:08:02.378 25923 25936 I PhoneLab-: Service Running
07-16 04:08:02.476 25923 25936 I PhoneLab-LoggerService: app_36    1177  1     1448   1000  c00f181c 400107b4 S logcat
07-16 04:08:02.476 25923 25936 I PhoneLab-LoggerService: Logcat pid from database 1177
07-16 04:08:02.476 25923 25936 I PhoneLab-LoggerService: Logcat process found 1177
07-16 04:08:02.476 25923 25936 I PhoneLab-LoggerService: Checking Threshold
07-16 04:10:02.378 25923 25936 I PhoneLab-: Service Running
07-16 04:10:02.445 25923 25936 I PhoneLab-LoggerService: app_36    1177  1     1448   1000  c00f181c 400107b4 S logcat
07-16 04:10:02.445 25923 25936 I PhoneLab-LoggerService: Logcat pid from database 1177
07-16 04:10:02.445 25923 25936 I PhoneLab-LoggerService: Logcat process found 1177
07-16 04:10:02.448 25923 25936 I PhoneLab-LoggerService: Checking Threshold
07-16 04:10:34.120 25923 25923 I PhoneLab-Locks: wake lock acquired
07-16 04:10:34.148 25923 25923 I PhoneLab-StatusMonitor: Status Monitoring is started
07-16 04:10:34.195 25923 25925 D dalvikvm: GC_CONCURRENT freed 465K, 17% free 9265K/11079K, paused 1ms+2ms
07-16 04:10:34.202 25923 25923 I PhoneLab-StatusMonitor: Value: 10 - unit: min
07-16 04:10:34.202 25923 25923 I PhoneLab-StatusMonitor: Running interval: 600000
07-16 04:10:34.214 25923 25923 I PhoneLab-StatusMonitor: Rescheduling status monitoring...
07-16 04:10:34.214 25923 25923 I PhoneLab-Locks: wake lock released
07-16 04:10:34.218 25923 25923 I PhoneLab-StatusMonitorLocation: Learning Location
07-16 04:10:34.218 25923 25923 I PhoneLab-Locks: wake lock acquired
07-16 04:10:34.222 25923 25923 I PhoneLab-Locks: wake lock acquired
07-16 04:10:34.222 15980 16078 D androidNetworkLocationListeners: Still have listener com.google.android.location.internal.client.NetworkLocationClient$1@413a9ae8
07-16 04:10:34.222 25923 25923 I PhoneLab-StatusMonitorLocation: Learning Signal Strgth
07-16 04:10:34.222 25923 25923 I PhoneLab-Locks: wake lock acquired
07-16 04:10:34.234 15980 16078 D androidNetworkLocationListeners: Still have listener com.google.android.location.internal.client.NetworkLocationClient$1@413a9ae8
07-16 04:10:34.234 25923 25923 I PhoneLab-StatusMonitorBattery: Battery_level: 45
07-16 04:10:34.238 25923 25923 I PhoneLab-Locks: wake lock released
07-16 04:10:34.241 25923 25923 I PhoneLab-StatusMonitorSignal: Signal_Strength: -76 asu: 19
07-16 04:10:34.241 25923 25923 I PhoneLab-Locks: wake lock released
07-16 04:10:35.495 25923 25923 I PhoneLab-StatusMonitorLocation: Location_Latitude: 42.9536597 Longitude: -78.828286 Accuracy: 20.0
07-16 04:10:35.495 15980 16078 D androidNetworkLocationListeners: Still have listener com.google.android.location.internal.client.NetworkLocationClient$1@413a9ae8
07-16 04:10:35.495 25923 25923 I PhoneLab-Locks: wake lock released
07-16 04:10:36.820 15980 15981 D dalvikvm: GC_CONCURRENT freed 473K, 8% free 10632K/11527K, paused 2ms+3ms
07-16 04:12:02.378 25923 25936 I PhoneLab-: Service Running
07-16 04:12:02.445 25923 25936 I PhoneLab-LoggerService: app_36    1177  1     1448   1000  c00f181c 400107b4 S logcat
07-16 04:12:02.448 25923 25936 I PhoneLab-LoggerService: Logcat pid from database 1177
07-16 04:12:02.448 25923 25936 I PhoneLab-LoggerService: Logcat process found 1177
07-16 04:12:02.448 25923 25936 I PhoneLab-LoggerService: Checking Threshold
07-16 04:14:02.378 25923 25936 I PhoneLab-: Service Running
07-16 04:14:02.445 25923 25936 I PhoneLab-LoggerService: app_36    1177  1     1448   1000  c00f181c 400107b4 S logcat
07-16 04:14:02.445 25923 25936 I PhoneLab-LoggerService: Logcat pid from database 1177
07-16 04:14:02.445 25923 25936 I PhoneLab-LoggerService: Logcat process found 1177
07-16 04:14:02.445 25923 25936 I PhoneLab-LoggerService: Checking Threshold
07-16 04:16:02.378 25923 25936 I PhoneLab-: Service Running
07-16 04:16:02.445 25923 25936 I PhoneLab-LoggerService: app_36    1177  1     1448   1000  c00f181c 400107b4 S logcat
07-16 04:16:02.445 25923 25936 I PhoneLab-LoggerService: Logcat pid from database 1177
07-16 04:16:02.445 25923 25936 I PhoneLab-LoggerService: Logcat process found 1177
07-16 04:16:02.445 25923 25936 I PhoneLab-LoggerService: Checking Threshold
07-16 04:16:37.284   145   174 D dalvikvm: GC_EXPLICIT freed 889K, 23% free 17068K/21895K, paused 28ms+7ms
07-16 04:16:37.288 27748 27788 I Email   : ReconcilePopImapAccountsSync: start
07-16 04:16:37.308 27748 27762 W Email   : Received BYE
07-16 04:16:37.316 27748 27788 I Email   : ReconcilePopImapAccountsSync: done
07-16 04:16:37.902 27748 27750 D dalvikvm: GC_CONCURRENT freed 369K, 7% free 9848K/10503K, paused 7ms+2ms
07-16 04:16:40.105 27748 27762 D Email   : *** synchronizeMailboxGeneric ***
07-16 04:16:41.851 27748 27776 I Email   : ReconcilePopImapAccountsSync: start
07-16 04:16:41.874 27748 27776 I Email   : ReconcilePopImapAccountsSync: done
07-16 04:16:42.741 27748 27762 D Email   : *** synchronizeMailboxGeneric ***
07-16 04:16:43.468 27748 27750 D dalvikvm: GC_CONCURRENT freed 313K, 6% free 9921K/10503K, paused 13ms+3ms
07-16 04:18:02.378 25923 25936 I PhoneLab-: Service Running
07-16 04:18:02.445 25923 25936 I PhoneLab-LoggerService: app_36    1177  1     1448   1000  c00f181c 400107b4 S logcat
07-16 04:18:02.445 25923 25936 I PhoneLab-LoggerService: Logcat pid from database 1177
07-16 04:18:02.445 25923 25936 I PhoneLab-LoggerService: Logcat process found 1177
07-16 04:18:02.445 25923 25936 I PhoneLab-LoggerService: Checking Threshold
07-16 04:19:46.823 25923 25923 I PhoneLab-Locks: wake lock acquired
07-16 04:19:46.855 25923 28424 I PhoneLab-PeriodicCheckService: User info is synched
07-16 04:19:46.874 25923 28424 I PhoneLab-PeriodicCheckService: Logger Service is running
07-16 04:19:46.878 25923 28424 I PhoneLab-Locks: wake lock acquired
07-16 04:19:46.878 25923 25923 I PhoneLab-UploadLogs: Transfering log files now
07-16 04:19:46.882 25923 25923 I PhoneLab-UploadLogs: No log files to transfer
07-16 04:19:46.882 25923 25923 I PhoneLab-Locks: wake lock released
07-16 04:19:46.882 25923 25923 I PhoneLab-UploadLogs: OnStartCommand
07-16 04:19:46.882 25923 28424 I PhoneLab-PeriodicCheckService: Rescheduling periodic checking...
07-16 04:19:46.882 25923 28424 I PhoneLab-Locks: wake lock released
07-16 04:19:46.894 25923 25925 D dalvikvm: GC_CONCURRENT freed 447K, 17% free 9208K/11079K, paused 2ms+2ms
07-16 04:20:02.378 25923 25936 I PhoneLab-: Service Running
07-16 04:20:02.445 25923 25936 I PhoneLab-LoggerService: app_36    1177  1     1448   1000  c00f181c 400107b4 S logcat
07-16 04:20:02.445 25923 25936 I PhoneLab-LoggerService: Logcat pid from database 1177
07-16 04:20:02.448 25923 25936 I PhoneLab-LoggerService: Logcat process found 1177
07-16 04:20:02.448 25923 25936 I PhoneLab-LoggerService: Checking Threshold
07-16 04:20:17.257 22993 22993 I wpa_supplicant: wlan0: WPA: Group rekeying completed with 98:fc:11:c3:3f:e6 [GTK=TKIP]
07-16 04:20:34.249 25923 25923 I PhoneLab-Locks: wake lock acquired
07-16 04:20:34.265 25923 25923 I PhoneLab-StatusMonitor: Status Monitoring is started
07-16 04:20:34.316 25923 25925 D dalvikvm: GC_CONCURRENT freed 401K, 16% free 9309K/11079K, paused 2ms+2ms
07-16 04:20:34.316 25923 25923 I PhoneLab-StatusMonitor: Value: 10 - unit: min
07-16 04:20:34.316 25923 25923 I PhoneLab-StatusMonitor: Running interval: 600000
07-16 04:20:34.323 25923 25923 I PhoneLab-StatusMonitor: Rescheduling status monitoring...
07-16 04:20:34.323 25923 25923 I PhoneLab-Locks: wake lock released
07-16 04:20:34.327 25923 25923 I PhoneLab-StatusMonitorLocation: Learning Location
07-16 04:20:34.327 25923 25923 I PhoneLab-Locks: wake lock acquired
07-16 04:20:34.331 25923 25923 I PhoneLab-Locks: wake lock acquired
07-16 04:20:34.331 15980 16078 D androidNetworkLocationListeners: Still have listener com.google.android.location.internal.client.NetworkLocationClient$1@413a9ae8
07-16 04:20:34.339 25923 25923 I PhoneLab-StatusMonitorLocation: Learning Signal Strgth
07-16 04:20:34.339 25923 25923 I PhoneLab-Locks: wake lock acquired
07-16 04:20:34.347 15980 16078 D androidNetworkLocationListeners: Still have listener com.google.android.location.internal.client.NetworkLocationClient$1@413a9ae8
07-16 04:20:34.351 25923 25923 I PhoneLab-StatusMonitorBattery: Battery_level: 44
07-16 04:20:34.355 25923 25923 I PhoneLab-Locks: wake lock released
07-16 04:20:34.359 25923 25923 I PhoneLab-StatusMonitorSignal: Signal_Strength: -76 asu: 19
07-16 04:20:34.359 25923 25923 I PhoneLab-Locks: wake lock released
07-16 04:20:35.613 25923 25923 I PhoneLab-StatusMonitorLocation: Location_Latitude: 42.9536678 Longitude: -78.8282888 Accuracy: 27.0
07-16 04:20:35.613 15980 16078 D androidNetworkLocationListeners: Still have listener com.google.android.location.internal.client.NetworkLocationClient$1@413a9ae8
07-16 04:20:35.613 25923 25923 I PhoneLab-Locks: wake lock released
07-16 04:20:36.956 15980 15981 D dalvikvm: GC_CONCURRENT freed 486K, 8% free 10631K/11527K, paused 2ms+3ms
07-16 04:20:41.851 15980 16572 I EventLogService: Aggregate from 1342425041754 (log), 1342425041754 (data)
07-16 04:20:44.351 22993 22993 I wpa_supplicant: wlan0: WPA: Group rekeying completed with 98:fc:11:c3:3f:e6 [GTK=TKIP]
07-16 04:22:02.378 25923 25936 I PhoneLab-: Service Running
07-16 04:22:02.445 25923 25936 I PhoneLab-LoggerService: app_36    1177  1     1448   1000  c00f181c 400107b4 S logcat
07-16 04:22:02.448 25923 25936 I PhoneLab-LoggerService: Logcat pid from database 1177
07-16 04:22:02.448 25923 25936 I PhoneLab-LoggerService: Logcat process found 1177
07-16 04:22:02.448 25923 25936 I PhoneLab-LoggerService: Checking Threshold
07-16 04:24:02.378 25923 25936 I PhoneLab-: Service Running
07-16 04:24:02.445 25923 25936 I PhoneLab-LoggerService: app_36    1177  1     1448   1000  c00f181c 400107b4 S logcat
07-16 04:24:02.445 25923 25936 I PhoneLab-LoggerService: Logcat pid from database 1177
07-16 04:24:02.445 25923 25936 I PhoneLab-LoggerService: Logcat process found 1177
07-16 04:24:02.445 25923 25936 I PhoneLab-LoggerService: Checking Threshold
07-16 04:26:02.378 25923 25936 I PhoneLab-: Service Running
07-16 04:26:02.445 25923 25936 I PhoneLab-LoggerService: app_36    1177  1     1448   1000  c00f181c 400107b4 S logcat
07-16 04:26:02.448 25923 25936 I PhoneLab-LoggerService: Logcat pid from database 1177
07-16 04:26:02.448 25923 25936 I PhoneLab-LoggerService: Logcat process found 1177
07-16 04:26:02.448 25923 25936 I PhoneLab-LoggerService: Checking Threshold
07-16 04:28:02.378 25923 25936 I PhoneLab-: Service Running
07-16 04:28:02.445 25923 25936 I PhoneLab-LoggerService: app_36    1177  1     1448   1000  c00f181c 400107b4 S logcat
07-16 04:28:02.445 25923 25936 I PhoneLab-LoggerService: Logcat pid from database 1177
07-16 04:28:02.445 25923 25936 I PhoneLab-LoggerService: Logcat process found 1177
07-16 04:28:02.448 25923 25936 I PhoneLab-LoggerService: Checking Threshold
07-16 04:29:00.128   215   217 D dalvikvm: GC_CONCURRENT freed 384K, 53% free 10151K/21319K, paused 2ms+4ms
07-16 04:30:02.378 25923 25936 I PhoneLab-: Service Running
07-16 04:30:02.445 25923 25936 I PhoneLab-LoggerService: app_36    1177  1     1448   1000  c00f181c 400107b4 S logcat
07-16 04:30:02.445 25923 25936 I PhoneLab-LoggerService: Logcat pid from database 1177
07-16 04:30:02.445 25923 25936 I PhoneLab-LoggerService: Logcat process found 1177
07-16 04:30:02.445 25923 25936 I PhoneLab-LoggerService: Checking Threshold
07-16 04:30:34.343 25923 25923 I PhoneLab-Locks: wake lock acquired
07-16 04:30:34.374 25923 25923 I PhoneLab-StatusMonitor: Status Monitoring is started
07-16 04:30:34.409 25923 25925 D dalvikvm: GC_CONCURRENT freed 583K, 17% free 9237K/11079K, paused 1ms+2ms
07-16 04:30:34.433 25923 25923 I PhoneLab-StatusMonitor: Value: 10 - unit: min
07-16 04:30:34.433 25923 25923 I PhoneLab-StatusMonitor: Running interval: 600000
07-16 04:30:34.523   145  2107 D dalvikvm: GC_EXPLICIT freed 1274K, 23% free 17072K/21895K, paused 4ms+8ms
07-16 04:30:34.527 25923 25923 I PhoneLab-StatusMonitor: Rescheduling status monitoring...
07-16 04:30:34.527 25923 25923 I PhoneLab-Locks: wake lock released
07-16 04:30:34.530 25923 25923 I PhoneLab-StatusMonitorLocation: Learning Location
07-16 04:30:34.530 25923 25923 I PhoneLab-Locks: wake lock acquired
07-16 04:30:34.534 25923 25923 I PhoneLab-Locks: wake lock acquired
07-16 04:30:34.534 15980 16078 D androidNetworkLocationListeners: Still have listener com.google.android.location.internal.client.NetworkLocationClient$1@413a9ae8
07-16 04:30:34.538 25923 25923 I PhoneLab-StatusMonitorLocation: Learning Signal Strgth
07-16 04:30:34.538 25923 25923 I PhoneLab-Locks: wake lock acquired
07-16 04:30:34.546 25923 25923 I PhoneLab-StatusMonitorBattery: Battery_level: 42
07-16 04:30:34.546 25923 25923 I PhoneLab-Locks: wake lock released
07-16 04:30:34.546 25923 25923 I PhoneLab-StatusMonitorSignal: Signal_Strength: -76 asu: 19
07-16 04:30:34.546 25923 25923 I PhoneLab-Locks: wake lock released
07-16 04:30:34.554 15980 16078 D androidNetworkLocationListeners: Still have listener com.google.android.location.internal.client.NetworkLocationClient$1@413a9ae8
07-16 04:30:34.581 15980 16088 D dalvikvm: GC_EXPLICIT freed 76K, 8% free 10627K/11527K, paused 7ms+3ms
07-16 04:30:35.859 25923 25923 I PhoneLab-StatusMonitorLocation: Location_Latitude: 42.9536744 Longitude: -78.8282716 Accuracy: 23.0
07-16 04:30:35.859 15980 16078 D androidNetworkLocationListeners: Still have listener com.google.android.location.internal.client.NetworkLocationClient$1@413a9ae8
07-16 04:30:35.859 25923 25923 I PhoneLab-Locks: wake lock released
07-16 04:30:37.171 15980 15981 D dalvikvm: GC_CONCURRENT freed 456K, 8% free 10632K/11527K, paused 2ms+2ms
07-16 04:31:41.894 27748 27763 I Email   : ReconcilePopImapAccountsSync: start
07-16 04:31:41.925 27748 27762 W Email   : Received BYE
07-16 04:31:41.933 27748 27763 I Email   : ReconcilePopImapAccountsSync: done
07-16 04:31:44.519 27748 27762 D Email   : *** synchronizeMailboxGeneric ***
07-16 04:31:46.120 27748 27750 D dalvikvm: GC_CONCURRENT freed 501K, 7% free 9869K/10503K, paused 1ms+3ms
07-16 04:31:46.132 27748 27772 I Email   : ReconcilePopImapAccountsSync: start
07-16 04:31:46.155 27748 27772 I Email   : ReconcilePopImapAccountsSync: done
07-16 04:31:47.077 27748 27762 D dalvikvm: GC_EXPLICIT freed 188K, 7% free 9814K/10503K, paused 2ms+3ms
07-16 04:31:47.093 27748 27762 D Email   : *** synchronizeMailboxGeneric ***
07-16 04:32:02.378 25923 25936 I PhoneLab-: Service Running
07-16 04:32:02.456 25923 25936 I PhoneLab-LoggerService: app_36    1177  1     1448   1000  c00f181c 400107b4 S logcat
07-16 04:32:02.456 25923 25936 I PhoneLab-LoggerService: Logcat pid from database 1177
07-16 04:32:02.456 25923 25936 I PhoneLab-LoggerService: Logcat process found 1177
07-16 04:32:02.456 25923 25936 I PhoneLab-LoggerService: Checking Threshold
07-16 04:32:02.464 25923 25925 D dalvikvm: GC_CONCURRENT freed 416K, 17% free 9218K/11079K, paused 2ms+2ms
07-16 04:34:02.378 25923 25936 I PhoneLab-: Service Running
07-16 04:34:02.445 25923 25936 I PhoneLab-LoggerService: app_36    1177  1     1448   1000  c00f181c 400107b4 S logcat
07-16 04:34:02.445 25923 25936 I PhoneLab-LoggerService: Logcat pid from database 1177
07-16 04:34:02.448 25923 25936 I PhoneLab-LoggerService: Logcat process found 1177
07-16 04:34:02.448 25923 25936 I PhoneLab-LoggerService: Checking Threshold
07-16 04:36:02.378 25923 25936 I PhoneLab-: Service Running
07-16 04:36:02.445 25923 25936 I PhoneLab-LoggerService: app_36    1177  1     1448   1000  c00f181c 400107b4 S logcat
07-16 04:36:02.445 25923 25936 I PhoneLab-LoggerService: Logcat pid from database 1177
07-16 04:36:02.445 25923 25936 I PhoneLab-LoggerService: Logcat process found 1177
07-16 04:36:02.448 25923 25936 I PhoneLab-LoggerService: Checking Threshold
07-16 04:36:59.261 28176 28179 D dalvikvm: GC_CONCURRENT freed 412K, 6% free 10151K/10695K, paused 14ms+2ms
07-16 04:38:02.378 25923 25936 I PhoneLab-: Service Running
07-16 04:38:02.445 25923 25936 I PhoneLab-LoggerService: app_36    1177  1     1448   1000  c00f181c 400107b4 S logcat
07-16 04:38:02.445 25923 25936 I PhoneLab-LoggerService: Logcat pid from database 1177
07-16 04:38:02.445 25923 25936 I PhoneLab-LoggerService: Logcat process found 1177
07-16 04:38:02.445 25923 25936 I PhoneLab-LoggerService: Checking Threshold
07-16 04:40:02.378 25923 25936 I PhoneLab-: Service Running
07-16 04:40:02.445 25923 25936 I PhoneLab-LoggerService: app_36    1177  1     1448   1000  c00f181c 400107b4 S logcat
07-16 04:40:02.445 25923 25936 I PhoneLab-LoggerService: Logcat pid from database 1177
07-16 04:40:02.448 25923 25936 I PhoneLab-LoggerService: Logcat process found 1177
07-16 04:40:02.448 25923 25936 I PhoneLab-LoggerService: Checking Threshold
07-16 04:40:34.558 25923 25923 I PhoneLab-Locks: wake lock acquired
07-16 04:40:34.577 25923 25923 I PhoneLab-StatusMonitor: Status Monitoring is started
07-16 04:40:34.617 25923 25925 D dalvikvm: GC_CONCURRENT freed 468K, 17% free 9259K/11079K, paused 2ms+2ms
07-16 04:40:34.628 25923 25923 I PhoneLab-StatusMonitor: Value: 10 - unit: min
07-16 04:40:34.628 25923 25923 I PhoneLab-StatusMonitor: Running interval: 600000
07-16 04:40:34.640 25923 25923 I PhoneLab-StatusMonitor: Rescheduling status monitoring...
07-16 04:40:34.640 25923 25923 I PhoneLab-Locks: wake lock released
07-16 04:40:34.644 25923 25923 I PhoneLab-StatusMonitorLocation: Learning Location
07-16 04:40:34.644 25923 25923 I PhoneLab-Locks: wake lock acquired
07-16 04:40:34.648 25923 25923 I PhoneLab-Locks: wake lock acquired
07-16 04:40:34.648 15980 16078 D androidNetworkLocationListeners: Still have listener com.google.android.location.internal.client.NetworkLocationClient$1@413a9ae8
07-16 04:40:34.652 25923 25923 I PhoneLab-StatusMonitorLocation: Learning Signal Strgth
07-16 04:40:34.652 25923 25923 I PhoneLab-Locks: wake lock acquired
07-16 04:40:34.683 25923 25923 D dalvikvm: GC_EXPLICIT freed 279K, 18% free 9194K/11079K, paused 2ms+2ms
07-16 04:40:34.687 15980 16078 D androidNetworkLocationListeners: Still have listener com.google.android.location.internal.client.NetworkLocationClient$1@413a9ae8
07-16 04:40:34.695 25923 25923 I PhoneLab-StatusMonitorBattery: Battery_level: 40
07-16 04:40:34.695 25923 25923 I PhoneLab-Locks: wake lock released
07-16 04:40:34.699 25923 25923 I PhoneLab-StatusMonitorSignal: Signal_Strength: -86 asu: 14
07-16 04:40:34.699 25923 25923 I PhoneLab-Locks: wake lock released
07-16 04:40:35.948 25923 25923 I PhoneLab-StatusMonitorLocation: Location_Latitude: 42.9536793 Longitude: -78.8282762 Accuracy: 20.0
07-16 04:40:35.948 15980 16078 D androidNetworkLocationListeners: Still have listener com.google.android.location.internal.client.NetworkLocationClient$1@413a9ae8
07-16 04:40:35.952 25923 25923 I PhoneLab-Locks: wake lock released
07-16 04:40:36.050   145  1736 D dalvikvm: GC_EXPLICIT freed 695K, 23% free 17052K/21895K, paused 3ms+8ms
07-16 04:40:37.355 15980 15981 D dalvikvm: GC_CONCURRENT freed 470K, 8% free 10632K/11527K, paused 2ms+3ms
07-16 04:42:02.378 25923 25936 I PhoneLab-: Service Running
07-16 04:42:02.445 25923 25936 I PhoneLab-LoggerService: app_36    1177  1     1448   1000  c00f181c 400107b4 S logcat
07-16 04:42:02.445 25923 25936 I PhoneLab-LoggerService: Logcat pid from database 1177
07-16 04:42:02.448 25923 25936 I PhoneLab-LoggerService: Logcat process found 1177
07-16 04:42:02.448 25923 25936 I PhoneLab-LoggerService: Checking Threshold
07-16 04:44:02.378 25923 25936 I PhoneLab-: Service Running
07-16 04:44:02.445 25923 25936 I PhoneLab-LoggerService: app_36    1177  1     1448   1000  c00f181c 400107b4 S logcat
07-16 04:44:02.448 25923 25936 I PhoneLab-LoggerService: Logcat pid from database 1177
07-16 04:44:02.448 25923 25936 I PhoneLab-LoggerService: Logcat process found 1177
07-16 04:44:02.448 25923 25936 I PhoneLab-LoggerService: Checking Threshold
07-16 04:46:02.378 25923 25936 I PhoneLab-: Service Running
07-16 04:46:02.445 25923 25936 I PhoneLab-LoggerService: app_36    1177  1     1448   1000  c00f181c 400107b4 S logcat
07-16 04:46:02.445 25923 25936 I PhoneLab-LoggerService: Logcat pid from database 1177
07-16 04:46:02.445 25923 25936 I PhoneLab-LoggerService: Logcat process found 1177
07-16 04:46:02.445 25923 25936 I PhoneLab-LoggerService: Checking Threshold
07-16 04:46:46.171 27748 27777 I Email   : ReconcilePopImapAccountsSync: start
07-16 04:46:46.198 27748 27762 W Email   : Received BYE
07-16 04:46:46.206 27748 27777 I Email   : ReconcilePopImapAccountsSync: done
07-16 04:46:49.034 27748 27750 D dalvikvm: GC_CONCURRENT freed 350K, 7% free 9849K/10503K, paused 1ms+3ms
07-16 04:46:49.073 27748 27762 D Email   : *** synchronizeMailboxGeneric ***
07-16 04:46:51.097   145 28456 I ActivityManager: Start proc android.process.media for content provider com.android.providers.media/.MediaProvider: pid=28457 uid=10012 gids={1015, 1023, 1024, 2001, 3003, 3007}
07-16 04:46:51.148 28457 28457 I ActivityThread: Pub media: com.android.providers.media.MediaProvider
07-16 04:46:51.230   215   215 D dalvikvm: GC_FOR_ALLOC freed 319K, 53% free 10179K/21319K, paused 55ms
07-16 04:46:51.312   215   217 D dalvikvm: GC_CONCURRENT freed 530K, 53% free 10144K/21319K, paused 2ms+3ms
07-16 04:46:51.386 28457 28457 I ActivityThread: Pub downloads: com.android.providers.downloads.DownloadProvider
07-16 04:46:51.429 28457 28457 I ActivityThread: Pub drm: com.android.providers.drm.DrmProvider
07-16 04:46:51.429 28457 28472 I DownloadManager: in removeSpuriousFiles
