07-03 12:31:53.391  6294  6294 I Finalizer: Couldn't access Thread.inheritableThreadLocals. Reference finalizer threads will inherit thread local values.
07-03 12:31:53.590  6294  6297 D dalvikvm: GC_CONCURRENT freed 360K, 5% free 9876K/10311K, paused 3ms+3ms
07-03 12:31:53.723  4441  4454 I GeckoAppShell: Taking whole-screen screenshot, viewport: ImmutableViewportMetrics v=(4.860016,29167.756,484.86005,29857.756) p=(0.0,0.0,623.0,45699.0) c=(0.0,0.0,1000.0,73404.5) z=0.6225681
07-03 12:31:53.832  6294  6297 D dalvikvm: GC_CONCURRENT freed 420K, 5% free 9996K/10503K, paused 1ms+3ms
07-03 12:31:54.281  4441  4472 I Gecko   : Compositor: Composite took 79 ms.
07-03 12:31:54.391  6294  6297 D dalvikvm: GC_CONCURRENT freed 398K, 5% free 10161K/10631K, paused 68ms+17ms
07-03 12:31:54.524  6294  6310 W Resources: Converting to string: TypedValue{t=0x10/d=0xffffffff a=-1}
07-03 12:31:54.817   145   395 D dalvikvm: GC_EXPLICIT freed 798K, 27% free 17959K/24455K, paused 115ms+16ms
07-03 12:31:54.899  4441  4454 D dalvikvm: GC_FOR_ALLOC freed 2558K, 24% free 10885K/14279K, paused 46ms
07-03 12:31:54.903  4441  4454 I dalvikvm-heap: Grow heap (frag case) to 12.700MB for 2097168-byte allocation
07-03 12:31:54.938  4441  4472 D dalvikvm: GC_FOR_ALLOC freed 24K, 10% free 12909K/14279K, paused 24ms
07-03 12:31:54.938   145 22722 I ActivityManager: Process android.process.acore (pid 6206) has died.
07-03 12:31:54.938   145 22722 I ActivityManager: Kill com.whatsapp (pid 6183): provider com.android.providers.contacts.ContactsProvider2 in dying process android.process.acore
07-03 12:31:54.961  4441  4472 I Gecko   : Compositor: Composite took 70 ms.
07-03 12:31:55.008  4441  4443 D dalvikvm: GC_CONCURRENT freed 2K, 10% free 12909K/14279K, paused 2ms+15ms
07-03 12:31:55.035   145 21614 I ActivityManager: Process com.whatsapp (pid 6183) has died.
07-03 12:31:55.035   145 21614 W ActivityManager: Scheduling restart of crashed service com.whatsapp/.messaging.MessageService in 33892ms
07-03 12:31:55.301  6294  6297 D dalvikvm: GC_CONCURRENT freed 325K, 5% free 10314K/10759K, paused 3ms+4ms
07-03 12:31:55.391  4441  4441 I GeckoSubdocumentScrollHelper: Got message: Panning:Override
07-03 12:31:55.524  4441  4441 I GeckoSubdocumentScrollHelper: Got message: Panning:CancelOverride
07-03 12:31:55.582  4441  4472 I Gecko   : Compositor: Composite took 51 ms.
07-03 12:31:55.957  4441  4472 I Gecko   : Compositor: Composite took 114 ms.
07-03 12:31:56.121  4441  4472 I Gecko   : Compositor: Composite took 59 ms.
07-03 12:31:56.188  4441  4472 I Gecko   : Compositor: Composite took 54 ms.
07-03 12:31:56.270  4441  4441 D GeckoPanZoomController: Finishing animation at ImmutableViewportMetrics v=(4.860016,29307.547,484.86005,29997.547) p=(0.0,0.0,623.0,45699.0) c=(0.0,0.0,1000.0,73404.5) z=0.6225681
07-03 12:31:56.281  4441  4472 I Gecko   : Compositor: Composite took 34 ms.
07-03 12:31:56.395  4441  4472 I Gecko   : Compositor: Composite took 49 ms.
07-03 12:31:56.555  6231  6234 D dalvikvm: GC_CONCURRENT freed 414K, 5% free 10392K/10887K, paused 20ms+6ms
07-03 12:31:57.000   145  9966 I ActivityManager: Start proc com.google.android.apps.maps:LocationFriendService for service com.google.android.apps.maps/com.google.googlenav.friend.reporting.LocationReceiverService: pid=6326 uid=10056 gids={3003, 1015}
07-03 12:31:57.258  6326  6329 D dalvikvm: GC_CONCURRENT freed 166K, 3% free 9370K/9607K, paused 2ms+4ms
07-03 12:31:57.418  6294  6297 D dalvikvm: GC_CONCURRENT freed 326K, 5% free 10427K/10887K, paused 3ms+5ms
07-03 12:31:57.485  6326  6329 D dalvikvm: GC_CONCURRENT freed 151K, 3% free 9654K/9927K, paused 13ms+2ms
07-03 12:31:57.805  4441  4441 I GeckoSubdocumentScrollHelper: Got message: Panning:Override
07-03 12:31:57.938  4441  4441 I GeckoSubdocumentScrollHelper: Got message: Panning:CancelOverride
07-03 12:31:58.031  6326  6329 D dalvikvm: GC_CONCURRENT freed 246K, 4% free 9905K/10247K, paused 2ms+2ms
07-03 12:31:58.422  4441  4441 D GeckoPanZoomController: Finishing animation at ImmutableViewportMetrics v=(4.860016,29442.703,484.86005,30132.703) p=(0.0,0.0,623.0,45699.0) c=(0.0,0.0,1000.0,73404.5) z=0.6225681
07-03 12:31:58.895  4441  4472 I Gecko   : Compositor: Composite took 47 ms.
07-03 12:31:59.203  6294  6297 D dalvikvm: GC_CONCURRENT freed 315K, 5% free 10504K/10951K, paused 3ms+2ms
07-03 12:31:59.231  4441  4454 I GeckoAppShell: Taking whole-screen screenshot, viewport: ImmutableViewportMetrics v=(4.860016,29442.703,484.86005,30132.703) p=(0.0,0.0,623.0,45699.0) c=(0.0,0.0,1000.0,73404.5) z=0.6225681
07-03 12:31:59.399  4441  4472 I Gecko   : Compositor: Composite took 46 ms.
07-03 12:31:59.680  4441  4454 D dalvikvm: GC_FOR_ALLOC freed 2500K, 24% free 10885K/14279K, paused 29ms
07-03 12:31:59.680  4441  4454 I dalvikvm-heap: Grow heap (frag case) to 12.701MB for 2097168-byte allocation
07-03 12:31:59.723  4441  4443 D dalvikvm: GC_CONCURRENT freed 24K, 10% free 12909K/14279K, paused 2ms+5ms
07-03 12:32:02.922  4441  4441 I GeckoSubdocumentScrollHelper: Got message: Panning:Override
07-03 12:32:03.098  4441  4441 I GeckoSubdocumentScrollHelper: Got message: Panning:CancelOverride
07-03 12:32:03.164  4441  4472 I Gecko   : Compositor: Composite took 58 ms.
07-03 12:32:03.227  4441  4472 I Gecko   : Compositor: Composite took 34 ms.
07-03 12:32:03.352  4441  4472 I Gecko   : Compositor: Composite took 32 ms.
07-03 12:32:03.442  4441  4472 I Gecko   : Compositor: Composite took 32 ms.
07-03 12:32:03.906  4441  4472 I Gecko   : Compositor: Composite took 55 ms.
07-03 12:32:03.945  4441  4441 D GeckoPanZoomController: Finishing animation at ImmutableViewportMetrics v=(4.860016,29520.047,484.86005,30210.047) p=(0.0,0.0,623.0,45699.0) c=(0.0,0.0,1000.0,73404.5) z=0.6225681
07-03 12:32:04.414  4441  4472 I Gecko   : Compositor: Composite took 59 ms.
07-03 12:32:06.242  4441  4441 I GeckoSubdocumentScrollHelper: Got message: Panning:Override
07-03 12:32:06.328  4441  4441 I GeckoSubdocumentScrollHelper: Got message: Panning:CancelOverride
07-03 12:32:06.488  4441  4472 I Gecko   : Compositor: Composite took 30 ms.
07-03 12:32:07.106  4441  4472 I Gecko   : Compositor: Composite took 43 ms.
07-03 12:32:07.176  4441  4441 D GeckoPanZoomController: Finishing animation at ImmutableViewportMetrics v=(4.860016,29713.059,484.86005,30403.059) p=(0.0,0.0,623.0,45699.0) c=(0.0,0.0,1000.0,73404.5) z=0.6225681
07-03 12:32:07.207  4441  4472 I Gecko   : Compositor: Composite took 30 ms.
07-03 12:32:07.363  4441  4441 I GeckoSubdocumentScrollHelper: Got message: Panning:Override
07-03 12:32:07.449  4441  4441 I GeckoSubdocumentScrollHelper: Got message: Panning:CancelOverride
07-03 12:32:07.535  4441  4472 I Gecko   : Compositor: Composite took 37 ms.
07-03 12:32:07.582  4441  4472 I Gecko   : Compositor: Composite took 30 ms.
07-03 12:32:08.016  4441  4472 I Gecko   : Compositor: Composite took 32 ms.
07-03 12:32:08.047  4441  4472 I Gecko   : Compositor: Composite took 32 ms.
07-03 12:32:08.336  4441  4472 I Gecko   : Compositor: Composite took 30 ms.
07-03 12:32:08.442  4441  4472 I Gecko   : Compositor: Composite took 30 ms.
07-03 12:32:08.516  4441  4472 I Gecko   : Compositor: Composite took 33 ms.
07-03 12:32:08.766  4441  4441 D GeckoPanZoomController: Finishing animation at ImmutableViewportMetrics v=(4.860016,29799.777,484.86005,30489.777) p=(0.0,0.0,623.0,45699.0) c=(0.0,0.0,1000.0,73404.5) z=0.6225681
07-03 12:32:08.965   145   162 I ActivityManager: Start proc edu.buffalo.cse.phonelab.phonelabservices for service edu.buffalo.cse.phonelab.phonelabservices/edu.buffalo.cse.phonelab.datalogger.LoggerService: pid=6355 uid=10037 gids={3003, 1015, 1007, 2001}
07-03 12:32:08.981  4441  4454 I GeckoAppShell: Taking whole-screen screenshot, viewport: ImmutableViewportMetrics v=(4.860016,29799.777,484.86005,30489.777) p=(0.0,0.0,623.0,45699.0) c=(0.0,0.0,1000.0,73404.5) z=0.6225681
07-03 12:32:09.016  6355  6355 I PhoneLab-LoggerService: Start Logger Service
07-03 12:32:09.035  6355  6368 I PhoneLab-: Service Running
07-03 12:32:09.410  4441  4472 I Gecko   : Compositor: Composite took 125 ms.
07-03 12:32:09.422   145   156 I ActivityManager: Process com.google.android.apps.maps:LocationFriendService (pid 6326) has died.
07-03 12:32:09.442  4441  4454 D dalvikvm: GC_FOR_ALLOC freed 2774K, 24% free 10895K/14279K, paused 44ms
07-03 12:32:09.445  4441  4454 I dalvikvm-heap: Grow heap (frag case) to 12.710MB for 2097168-byte allocation
07-03 12:32:09.477  4441  4472 D dalvikvm: GC_FOR_ALLOC freed 34K, 10% free 12909K/14279K, paused 22ms
07-03 12:32:09.504  4441  4472 I Gecko   : Compositor: Composite took 92 ms.
07-03 12:32:09.504  4441  4441 E GeckoApp: low memory
07-03 12:32:09.547  4441  4443 D dalvikvm: GC_CONCURRENT freed 2K, 10% free 12909K/14279K, paused 2ms+6ms
07-03 12:32:09.582  4441  4441 D dalvikvm: GC_EXPLICIT freed 2048K, 24% free 10861K/14279K, paused 3ms+6ms
07-03 12:32:09.625  4441  4472 I Gecko   : Compositor: Composite took 42 ms.
07-03 12:32:09.668  6355  6368 I PhoneLab-LoggerService: app_37    1360  1     1436   992   c00f181c 400107b4 S logcat
07-03 12:32:09.668  6355  6368 I PhoneLab-LoggerService: Logcat pid from database 1360
07-03 12:32:09.668  6355  6368 I PhoneLab-LoggerService: Logcat process found 1360
07-03 12:32:09.672  6355  6368 I PhoneLab-LoggerService: Checking Threshold
07-03 12:32:09.672  6355  6368 I PhoneLab-LoggerService: Starting to rename files
07-03 12:32:09.672  6355  6368 I PhoneLab-LoggerService: Files found .. 3
07-03 12:32:09.672  6355  6368 I PhoneLab-LoggerService: File 1 log.out.1
07-03 12:32:09.684  6355  6368 I PhoneLab-LoggerService: Renamed successfully
07-03 12:32:10.422   145   329 I ActivityManager: Start proc android.process.acore for content provider com.android.providers.contacts/.ContactsProvider2: pid=6372 uid=10000 gids={3003, 1015}
07-03 12:32:10.481  6372  6372 I ActivityThread: Pub call_log: com.android.providers.contacts.CallLogProvider
07-03 12:32:10.528  6372  6372 I ActivityThread: Pub com.android.voicemail: com.android.providers.contacts.VoicemailContentProvider
07-03 12:32:10.531  6372  6372 I ActivityThread: Pub user_dictionary: com.android.providers.userdictionary.UserDictionaryProvider
07-03 12:32:10.543  6372  6372 I ActivityThread: Pub com.android.social: com.android.providers.contacts.SocialProvider
07-03 12:32:10.543  6372  6372 I ActivityThread: Pub applications: com.android.providers.applications.ApplicationsProvider
07-03 12:32:10.625  6372  6372 I ActivityThread: Pub contacts;com.android.contacts: com.android.providers.contacts.ContactsProvider2
07-03 12:32:10.656  6372  6374 D dalvikvm: GC_CONCURRENT freed 354K, 5% free 9182K/9607K, paused 2ms+3ms
07-03 12:32:10.707  4441  4441 I GeckoSubdocumentScrollHelper: Got message: Panning:Override
07-03 12:32:10.840  4441  4441 I GeckoSubdocumentScrollHelper: Got message: Panning:CancelOverride
07-03 12:32:11.035  6372  6374 D dalvikvm: GC_CONCURRENT freed 235K, 4% free 9367K/9735K, paused 2ms+10ms
07-03 12:32:11.453  4441  4441 D GeckoPanZoomController: Finishing animation at ImmutableViewportMetrics v=(4.860016,29963.84,484.86005,30653.84) p=(0.0,0.0,623.0,45699.0) c=(0.0,0.0,1000.0,73404.5) z=0.6225681
07-03 12:32:11.938  4441  4472 I Gecko   : Compositor: Composite took 56 ms.
07-03 12:32:12.039  4441  4441 I GeckoSubdocumentScrollHelper: Got message: Panning:Override
07-03 12:32:12.223  4441  4441 I GeckoSubdocumentScrollHelper: Got message: Panning:CancelOverride
07-03 12:32:12.746  4441  4472 I Gecko   : Compositor: Composite took 30 ms.
07-03 12:32:13.379  4441  4441 D GeckoPanZoomController: Finishing animation at ImmutableViewportMetrics v=(4.860016,29882.766,484.86005,30572.766) p=(0.0,0.0,623.0,45699.0) c=(0.0,0.0,1000.0,73404.5) z=0.6225681
07-03 12:32:13.391  4441  4472 I Gecko   : Compositor: Composite took 85 ms.
07-03 12:32:13.414  4441  4441 I GeckoSubdocumentScrollHelper: Got message: Panning:Override
07-03 12:32:13.461  4441  4443 D dalvikvm: GC_CONCURRENT freed 476K, 24% free 10885K/14279K, paused 68ms+11ms
07-03 12:32:13.539  4441  4441 I GeckoSubdocumentScrollHelper: Got message: Panning:CancelOverride
07-03 12:32:13.559  6372  6374 D dalvikvm: GC_CONCURRENT freed 190K, 4% free 9604K/9927K, paused 12ms+2ms
07-03 12:32:15.192  4441  4441 D GeckoPanZoomController: Finishing animation at ImmutableViewportMetrics v=(4.860016,29887.453,484.86005,30577.453) p=(0.0,0.0,623.0,45699.0) c=(0.0,0.0,1000.0,73404.5) z=0.6225681
07-03 12:32:15.215  4441  4472 I Gecko   : Compositor: Composite took 63 ms.
07-03 12:32:15.766  4441  4441 I GeckoSubdocumentScrollHelper: Got message: Panning:Override
07-03 12:32:15.774  4441  4472 I Gecko   : Compositor: Composite took 41 ms.
07-03 12:32:15.875  4441  4441 I GeckoSubdocumentScrollHelper: Got message: Panning:CancelOverride
07-03 12:32:15.945  4441  4472 I Gecko   : Compositor: Composite took 30 ms.
07-03 12:32:16.008  4441  4472 I Gecko   : Compositor: Composite took 30 ms.
07-03 12:32:16.406  4441  4443 D dalvikvm: GC_CONCURRENT freed 513K, 24% free 10893K/14279K, paused 2ms+14ms
07-03 12:32:16.434  4441  4472 I Gecko   : Compositor: Composite took 39 ms.
07-03 12:32:16.703  4441  4441 D GeckoPanZoomController: Finishing animation at ImmutableViewportMetrics v=(4.860016,30065.455,484.86005,30755.455) p=(0.0,0.0,623.0,45699.0) c=(0.0,0.0,1000.0,73404.5) z=0.6225681
07-03 12:32:16.895  4441  4454 I GeckoAppShell: Taking whole-screen screenshot, viewport: ImmutableViewportMetrics v=(4.860016,30065.455,484.86005,30755.455) p=(0.0,0.0,623.0,45699.0) c=(0.0,0.0,1000.0,73404.5) z=0.6225681
07-03 12:32:16.922  4441  4472 I Gecko   : Compositor: Composite took 59 ms.
07-03 12:32:17.731  4441  4472 I Gecko   : Compositor: Composite took 35 ms.
07-03 12:32:17.805  4441  4454 D dalvikvm: GC_FOR_ALLOC freed 191K, 24% free 10871K/14279K, paused 22ms
07-03 12:32:17.813  4441  4454 I dalvikvm-heap: Grow heap (frag case) to 12.687MB for 2097168-byte allocation
07-03 12:32:17.848  4441  4443 D dalvikvm: GC_CONCURRENT freed 10K, 10% free 12909K/14279K, paused 2ms+6ms
07-03 12:32:18.211  4441  4441 I GeckoSubdocumentScrollHelper: Got message: Panning:Override
07-03 12:32:18.223  3664  3664 D dalvikvm: GC_EXPLICIT freed <1K, 8% free 10584K/11399K, paused 20ms+7ms
07-03 12:32:18.492  4441  4441 I GeckoSubdocumentScrollHelper: Got message: Panning:CancelOverride
07-03 12:32:18.547  4441  4472 I Gecko   : Compositor: Composite took 41 ms.
07-03 12:32:18.594  4441  4472 I Gecko   : Compositor: Composite took 34 ms.
07-03 12:32:18.754  4441  4472 I Gecko   : Compositor: Composite took 30 ms.
07-03 12:32:18.965   145   162 I ActivityManager: Start proc com.android.sprintmenu for service com.android.sprintmenu/.HiddenPhoneService: pid=6393 uid=1001 gids={3002, 3001, 3003, 1015}
07-03 12:32:19.695  4441  4441 D GeckoPanZoomController: Finishing animation at ImmutableViewportMetrics v=(4.860016,30278.637,484.86005,30968.637) p=(0.0,0.0,623.0,45699.0) c=(0.0,0.0,1000.0,73404.5) z=0.6225681
07-03 12:32:19.758  4441  4472 I Gecko   : Compositor: Composite took 36 ms.
07-03 12:32:20.293  4441  4472 I Gecko   : Compositor: Composite took 69 ms.
07-03 12:32:20.301  4441  4441 I GeckoSubdocumentScrollHelper: Got message: Panning:Override
07-03 12:32:20.336  4441  4441 I GeckoSubdocumentScrollHelper: Got message: Panning:CancelOverride
07-03 12:32:20.547  4441  4472 I Gecko   : Compositor: Composite took 32 ms.
07-03 12:32:21.090  4441  4472 I Gecko   : Compositor: Composite took 41 ms.
07-03 12:32:21.129  4441  4472 I Gecko   : Compositor: Composite took 30 ms.
07-03 12:32:21.172  4441  4472 I Gecko   : Compositor: Composite took 31 ms.
07-03 12:32:21.926  4441  4454 I GeckoAppShell: Taking whole-screen screenshot, viewport: ImmutableViewportMetrics v=(4.860016,30975.17,484.86005,31665.17) p=(0.0,0.0,623.0,45699.0) c=(0.0,0.0,1000.0,73404.5) z=0.6225681
07-03 12:32:21.957  4441  4472 I Gecko   : Compositor: Composite took 65 ms.
07-03 12:32:21.965  4441  4441 I GeckoSubdocumentScrollHelper: Got message: Panning:Override
07-03 12:32:22.266  4441  4441 D GeckoPanZoomController: Finishing animation at ImmutableViewportMetrics v=(4.860016,30981.27,484.86005,31671.27) p=(0.0,0.0,623.0,45699.0) c=(0.0,0.0,1000.0,73404.5) z=0.6225681
07-03 12:32:22.360  4441  4454 D dalvikvm: GC_FOR_ALLOC freed 2837K, 24% free 10891K/14279K, paused 25ms
07-03 12:32:22.363  4441  4454 I dalvikvm-heap: Grow heap (frag case) to 12.706MB for 2097168-byte allocation
07-03 12:32:22.395  4441  4457 D dalvikvm: GC_FOR_ALLOC freed 30K, 10% free 12909K/14279K, paused 21ms
07-03 12:32:22.418  4441  4441 I GeckoSubdocumentScrollHelper: Got message: Panning:CancelOverride
07-03 12:32:22.457  4441  4443 D dalvikvm: GC_CONCURRENT freed 1K, 10% free 12909K/14279K, paused 2ms+7ms
07-03 12:32:22.524  4441  4472 I Gecko   : Compositor: Composite took 56 ms.
07-03 12:32:23.231  4441  4472 I Gecko   : Compositor: Composite took 104 ms.
07-03 12:32:23.293   145   161 D dalvikvm: GC_EXPLICIT freed 397K, 27% free 17947K/24455K, paused 18ms+7ms
07-03 12:32:28.141  4441  4454 I GeckoAppShell: Taking whole-screen screenshot, viewport: ImmutableViewportMetrics v=(4.860016,30981.27,484.86005,31671.27) p=(0.0,0.0,623.0,45699.0) c=(0.0,0.0,1000.0,73404.5) z=0.6225681
07-03 12:32:28.305   216   216 D dalvikvm: GC_EXPLICIT freed 12K, 31% free 9991K/14343K, paused 11ms+5ms
07-03 12:32:28.594  4441  4454 D dalvikvm: GC_FOR_ALLOC freed 2134K, 24% free 10867K/14279K, paused 21ms
07-03 12:32:28.594  4441  4454 I dalvikvm-heap: Grow heap (frag case) to 12.682MB for 2097168-byte allocation
07-03 12:32:28.629  4441  4443 D dalvikvm: GC_CONCURRENT freed 6K, 10% free 12909K/14279K, paused 2ms+4ms
07-03 12:32:29.008   145   162 I ActivityManager: Start proc com.whatsapp for service com.whatsapp/.messaging.MessageService: pid=6412 uid=10068 gids={1015, 3003}
07-03 12:32:29.016  6412  6412 I dalvikvm: Turning on JNI app bug workarounds for target SDK version 7...
07-03 12:32:29.371  6412  6415 D dalvikvm: GC_CONCURRENT freed 176K, 3% free 9334K/9607K, paused 1ms+5ms
07-03 12:32:29.391  4441  4441 I GeckoSubdocumentScrollHelper: Got message: Panning:Override
07-03 12:32:29.531  4441  4441 I GeckoSubdocumentScrollHelper: Got message: Panning:CancelOverride
07-03 12:32:29.621  4441  4472 I Gecko   : Compositor: Composite took 87 ms.
07-03 12:32:29.656  4441  4472 I Gecko   : Compositor: Composite took 33 ms.
07-03 12:32:29.793  4441  4441 D GeckoPanZoomController: Finishing animation at ImmutableViewportMetrics v=(4.860016,31046.113,484.86005,31736.113) p=(0.0,0.0,623.0,45699.0) c=(0.0,0.0,1000.0,73404.5) z=0.6225681
07-03 12:32:29.860  6412  6415 D dalvikvm: GC_CONCURRENT freed 284K, 4% free 9569K/9927K, paused 3ms+3ms
07-03 12:32:29.926   145   361 I ActivityManager: Process android.process.acore (pid 6372) has died.
07-03 12:32:30.164   145   157 I ActivityManager: Start proc android.process.acore for content provider com.android.providers.contacts/.ContactsProvider2: pid=6433 uid=10000 gids={3003, 1015}
07-03 12:32:30.242    79    79 D dalvikvm: GC_EXPLICIT freed 38K, 4% free 9031K/9347K, paused 4ms+10ms
07-03 12:32:30.281  6433  6433 I ActivityThread: Pub call_log: com.android.providers.contacts.CallLogProvider
07-03 12:32:30.285  6412  6412 I dalvikvm: Could not find method android.media.MediaMetadataRetriever.captureFrame, referenced from method com.whatsapp.q3.a
07-03 12:32:30.285  6412  6412 W dalvikvm: VFY: unable to resolve virtual method 502: Landroid/media/MediaMetadataRetriever;.captureFrame ()Landroid/graphics/Bitmap;
07-03 12:32:30.285  6412  6412 D dalvikvm: VFY: replacing opcode 0x6e at 0x0134
07-03 12:32:30.336  6433  6433 I ActivityThread: Pub com.android.voicemail: com.android.providers.contacts.VoicemailContentProvider
07-03 12:32:30.336  6433  6433 I ActivityThread: Pub user_dictionary: com.android.providers.userdictionary.UserDictionaryProvider
07-03 12:32:30.367    79    79 D dalvikvm: GC_EXPLICIT freed <1K, 4% free 9031K/9347K, paused 6ms+21ms
07-03 12:32:30.367  6433  6433 I ActivityThread: Pub com.android.social: com.android.providers.contacts.SocialProvider
07-03 12:32:30.375  6433  6433 I ActivityThread: Pub applications: com.android.providers.applications.ApplicationsProvider
07-03 12:32:30.379  4441  4472 I Gecko   : Compositor: Composite took 34 ms.
07-03 12:32:30.422  4441  4472 I Gecko   : Compositor: Composite took 40 ms.
07-03 12:32:30.457  4441  4472 I Gecko   : Compositor: Composite took 34 ms.
07-03 12:32:30.492  4441  4472 I Gecko   : Compositor: Composite took 34 ms.
07-03 12:32:30.582    79    79 D dalvikvm: GC_EXPLICIT freed <1K, 4% free 9031K/9347K, paused 11ms+45ms
07-03 12:32:30.610  4441  4472 I Gecko   : Compositor: Composite took 69 ms.
07-03 12:32:30.668  6412  6415 D dalvikvm: GC_CONCURRENT freed 304K, 4% free 9805K/10183K, paused 7ms+15ms
07-03 12:32:30.703  4441  4472 I Gecko   : Compositor: Composite took 30 ms.
07-03 12:32:30.715  6433  6433 I ActivityThread: Pub contacts;com.android.contacts: com.android.providers.contacts.ContactsProvider2
07-03 12:32:30.758  6433  6436 D dalvikvm: GC_CONCURRENT freed 362K, 5% free 9173K/9607K, paused 3ms+6ms
07-03 12:32:31.024  4441  4441 I GeckoSubdocumentScrollHelper: Got message: Panning:Override
07-03 12:32:31.078  6412  6415 D dalvikvm: GC_CONCURRENT freed 281K, 4% free 9971K/10375K, paused 5ms+12ms
07-03 12:32:31.129  4441  4441 I GeckoSubdocumentScrollHelper: Got message: Panning:CancelOverride
07-03 12:32:31.231  4441  4472 I Gecko   : Compositor: Composite took 30 ms.
07-03 12:32:31.660  4441  4472 I Gecko   : Compositor: Composite took 31 ms.
07-03 12:32:31.926  4441  4472 I Gecko   : Compositor: Composite took 60 ms.
07-03 12:32:32.000  4441  4472 I Gecko   : Compositor: Composite took 40 ms.
07-03 12:32:32.094  4441  4472 I Gecko   : Compositor: Composite took 31 ms.
07-03 12:32:32.117  4441  4441 D GeckoPanZoomController: Finishing animation at ImmutableViewportMetrics v=(4.860016,31430.943,484.86005,32120.943) p=(0.0,0.0,623.0,45699.0) c=(0.0,0.0,1000.0,73404.5) z=0.6225681
07-03 12:32:32.445  6433  6436 D dalvikvm: GC_CONCURRENT freed 149K, 3% free 9454K/9735K, paused 6ms+30ms
07-03 12:32:33.781  6412  6415 D dalvikvm: GC_CONCURRENT freed 289K, 4% free 10136K/10503K, paused 3ms+5ms
07-03 12:32:34.828  4441  4454 I GeckoAppShell: Taking whole-screen screenshot, viewport: ImmutableViewportMetrics v=(4.860016,31430.943,484.86005,32120.943) p=(0.0,0.0,623.0,45699.0) c=(0.0,0.0,1000.0,73404.5) z=0.6225681
07-03 12:32:35.262  4441  4454 D dalvikvm: GC_FOR_ALLOC freed 2553K, 24% free 10885K/14279K, paused 24ms
07-03 12:32:35.266  4441  4454 I dalvikvm-heap: Grow heap (frag case) to 12.701MB for 2097168-byte allocation
07-03 12:32:35.305  4441  4443 D dalvikvm: GC_CONCURRENT freed 24K, 10% free 12909K/14279K, paused 2ms+6ms
07-03 12:32:35.645  6433  6436 D dalvikvm: GC_CONCURRENT freed 257K, 4% free 9615K/9991K, paused 105ms+7ms
07-03 12:32:35.735  4441  4441 I GeckoSubdocumentScrollHelper: Got message: Panning:Override
07-03 12:32:35.879  4441  4441 I GeckoSubdocumentScrollHelper: Got message: Panning:CancelOverride
07-03 12:32:35.965  4441  4472 I Gecko   : Compositor: Composite took 76 ms.
07-03 12:32:36.965  4441  4472 I Gecko   : Compositor: Composite took 48 ms.
07-03 12:32:37.274  1401  1401 D dalvikvm: GC_EXPLICIT freed <1K, 7% free 9578K/10247K, paused 7ms+3ms
07-03 12:32:38.227  4441  4472 I Gecko   : Compositor: Composite took 30 ms.
07-03 12:32:38.836  4441  4472 I Gecko   : Compositor: Composite took 33 ms.
07-03 12:32:38.906  4441  4472 I Gecko   : Compositor: Composite took 32 ms.
07-03 12:32:39.195  4441  4472 I Gecko   : Compositor: Composite took 31 ms.
07-03 12:32:39.703  4441  4441 D GeckoPanZoomController: Finishing animation at ImmutableViewportMetrics v=(4.860016,31684.75,484.86005,32374.75) p=(0.0,0.0,623.0,45699.0) c=(0.0,0.0,1000.0,73404.5) z=0.6225681
07-03 12:32:40.973  4441  4454 I GeckoAppShell: Taking whole-screen screenshot, viewport: ImmutableViewportMetrics v=(4.860016,31684.75,484.86005,32374.75) p=(0.0,0.0,623.0,45699.0) c=(0.0,0.0,1000.0,73404.5) z=0.6225681
07-03 12:32:41.320  4441  4454 D dalvikvm: GC_FOR_ALLOC freed 2912K, 24% free 10900K/14279K, paused 28ms
07-03 12:32:41.324  4441  4454 I dalvikvm-heap: Grow heap (frag case) to 12.714MB for 2097168-byte allocation
07-03 12:32:41.360  4441  4443 D dalvikvm: GC_CONCURRENT freed 38K, 10% free 12909K/14279K, paused 2ms+5ms
07-03 12:32:41.766  4441  4441 I GeckoSubdocumentScrollHelper: Got message: Panning:Override
07-03 12:32:41.977  4441  4441 I GeckoSubdocumentScrollHelper: Got message: Panning:CancelOverride
07-03 12:32:42.020  4441  4472 I Gecko   : Compositor: Composite took 36 ms.
07-03 12:32:42.082  4441  4472 I Gecko   : Compositor: Composite took 31 ms.
07-03 12:32:42.172  4441  4472 I Gecko   : Compositor: Composite took 32 ms.
07-03 12:32:42.301  4441  4472 I Gecko   : Compositor: Composite took 30 ms.
07-03 12:32:42.348   345   345 D dalvikvm: GC_EXPLICIT freed 13K, 14% free 11957K/13895K, paused 15ms+9ms
07-03 12:32:42.348  4441  4441 D GeckoPanZoomController: Finishing animation at ImmutableViewportMetrics v=(4.860016,31764.438,484.86005,32454.438) p=(0.0,0.0,623.0,45699.0) c=(0.0,0.0,1000.0,73404.5) z=0.6225681
07-03 12:32:42.793  4441  4472 I Gecko   : Compositor: Composite took 50 ms.
07-03 12:32:42.844  4441  4441 I GeckoSubdocumentScrollHelper: Got message: Panning:Override
07-03 12:32:43.039  4441  4441 I GeckoSubdocumentScrollHelper: Got message: Panning:CancelOverride
07-03 12:32:43.477  4441  4472 I Gecko   : Compositor: Composite took 38 ms.
07-03 12:32:43.570  4441  4472 I Gecko   : Compositor: Composite took 65 ms.
07-03 12:32:43.758  4441  4472 I Gecko   : Compositor: Composite took 39 ms.
07-03 12:32:44.168  4441  4441 D GeckoPanZoomController: Finishing animation at ImmutableViewportMetrics v=(4.860016,31811.313,484.86005,32501.313) p=(0.0,0.0,623.0,45699.0) c=(0.0,0.0,1000.0,73404.5) z=0.6225681
07-03 12:32:44.207  4441  4472 I Gecko   : Compositor: Composite took 61 ms.
07-03 12:32:44.578  4441  4472 I Gecko   : Compositor: Composite took 36 ms.
07-03 12:32:44.883  4441  4472 I Gecko   : Compositor: Composite took 41 ms.
07-03 12:32:44.922  4441  4472 I Gecko   : Compositor: Composite took 38 ms.
07-03 12:32:45.000  4441  4441 I GeckoSubdocumentScrollHelper: Got message: Panning:Override
07-03 12:32:45.172  4441  4441 I GeckoSubdocumentScrollHelper: Got message: Panning:CancelOverride
07-03 12:32:45.524  4441  4472 I Gecko   : Compositor: Composite took 32 ms.
07-03 12:32:45.688  4441  4441 D GeckoPanZoomController: Finishing animation at ImmutableViewportMetrics v=(4.860016,31937.875,484.86005,32627.875) p=(0.0,0.0,623.0,45699.0) c=(0.0,0.0,1000.0,73404.5) z=0.6225681
07-03 12:32:46.223  4441  4472 I Gecko   : Compositor: Composite took 40 ms.
07-03 12:32:47.754  4441  4454 I GeckoAppShell: Taking whole-screen screenshot, viewport: ImmutableViewportMetrics v=(4.860016,31937.875,484.86005,32627.875) p=(0.0,0.0,623.0,45699.0) c=(0.0,0.0,1000.0,73404.5) z=0.6225681
07-03 12:32:48.090  4441  4454 D dalvikvm: GC_FOR_ALLOC freed 2603K, 24% free 10892K/14279K, paused 25ms
07-03 12:32:48.094  4441  4454 I dalvikvm-heap: Grow heap (frag case) to 12.707MB for 2097168-byte allocation
07-03 12:32:48.133  4441  4443 D dalvikvm: GC_CONCURRENT freed 31K, 10% free 12909K/14279K, paused 2ms+5ms
07-03 12:32:50.871  4441  4441 I GeckoSubdocumentScrollHelper: Got message: Panning:Override
07-03 12:32:50.981  4441  4441 I GeckoSubdocumentScrollHelper: Got message: Panning:CancelOverride
07-03 12:32:51.098  4441  4472 I Gecko   : Compositor: Composite took 110 ms.
07-03 12:32:51.149  4441  4472 I Gecko   : Compositor: Composite took 30 ms.
07-03 12:32:51.207  4441  4472 I Gecko   : Compositor: Composite took 31 ms.
07-03 12:32:51.680  4441  4472 I Gecko   : Compositor: Composite took 43 ms.
07-03 12:32:52.367   454   454 D dalvikvm: GC_EXPLICIT freed 4K, 4% free 9037K/9347K, paused 4ms+11ms
07-03 12:32:52.442  4441  4472 I Gecko   : Compositor: Composite took 50 ms.
07-03 12:32:52.449  4441  4441 I GeckoSubdocumentScrollHelper: Got message: Panning:Override
07-03 12:32:52.500  4441  4441 I GeckoSubdocumentScrollHelper: Got message: Panning:CancelOverride
07-03 12:32:52.852  4441  4441 D GeckoPanZoomController: Finishing animation at ImmutableViewportMetrics v=(4.860016,32275.879,484.86005,32965.89) p=(0.0,0.0,623.0,45699.0) c=(0.0,0.0,1000.0,73404.5) z=0.6225681
07-03 12:32:53.137  4441  4472 I Gecko   : Compositor: Composite took 62 ms.
07-03 12:32:53.149  4441  4441 I GeckoSubdocumentScrollHelper: Got message: Panning:Override
07-03 12:32:53.184  4441  4441 I GeckoSubdocumentScrollHelper: Got message: Panning:CancelOverride
07-03 12:32:53.309  4441  4472 I Gecko   : Compositor: Composite took 30 ms.
07-03 12:32:53.672   145   145 I ActivityManager: Start proc com.google.android.apps.maps:LocationFriendService for service com.google.android.apps.maps/com.google.googlenav.friend.reporting.LocationReceiverService: pid=6467 uid=10056 gids={3003, 1015}
07-03 12:32:53.766  4441  4472 I Gecko   : Compositor: Composite took 32 ms.
07-03 12:32:53.852  4441  4472 I Gecko   : Compositor: Composite took 54 ms.
07-03 12:32:54.020  6467  6468 D dalvikvm: GC_CONCURRENT freed 153K, 3% free 9382K/9607K, paused 2ms+2ms
07-03 12:32:54.309  4441  4472 I Gecko   : Compositor: Composite took 31 ms.
07-03 12:32:54.633  6467  6468 D dalvikvm: GC_CONCURRENT freed 159K, 3% free 9692K/9927K, paused 19ms+4ms
07-03 12:32:55.020  4441  4472 I Gecko   : Compositor: Composite took 38 ms.
07-03 12:32:55.074  4441  4472 I Gecko   : Compositor: Composite took 33 ms.
07-03 12:32:55.215   145   348 I ActivityManager: Process android.process.acore (pid 6433) has died.
07-03 12:32:55.375  6467  6468 D dalvikvm: GC_CONCURRENT freed 279K, 4% free 9916K/10311K, paused 2ms+18ms
07-03 12:32:56.113  4441  4454 I GeckoAppShell: Taking whole-screen screenshot, viewport: ImmutableViewportMetrics v=(14.412258,32221.191,494.4123,32911.203) p=(0.0,0.0,623.0,45699.0) c=(0.0,0.0,1000.0,73404.5) z=0.6225681
07-03 12:32:56.203  4441  4441 D GeckoPanZoomController: Finishing animation at ImmutableViewportMetrics v=(14.881008,32221.191,494.88104,32911.203) p=(0.0,0.0,623.0,45699.0) c=(0.0,0.0,1000.0,73404.5) z=0.6225681
07-03 12:32:56.219  4441  4472 I Gecko   : Compositor: Composite took 58 ms.
07-03 12:32:56.551  4441  4454 D dalvikvm: GC_FOR_ALLOC freed 3093K, 24% free 10900K/14279K, paused 32ms
07-03 12:32:56.555  4441  4454 I dalvikvm-heap: Grow heap (frag case) to 12.714MB for 2097168-byte allocation
07-03 12:32:56.594  4441  4443 D dalvikvm: GC_CONCURRENT freed 39K, 10% free 12909K/14279K, paused 3ms+5ms
07-03 12:32:56.602  4441  4472 I Gecko   : Compositor: Composite took 47 ms.
07-03 12:32:56.699  4441  4472 I Gecko   : Compositor: Composite took 34 ms.
07-03 12:33:00.379  4441  4441 I GeckoSubdocumentScrollHelper: Got message: Panning:Override
07-03 12:33:00.488  4441  4441 I GeckoSubdocumentScrollHelper: Got message: Panning:CancelOverride
07-03 12:33:00.656  4441  4472 I Gecko   : Compositor: Composite took 32 ms.
07-03 12:33:01.067   145  9966 I ActivityManager: Process com.google.android.apps.maps:LocationFriendService (pid 6467) has died.
07-03 12:33:01.356  4441  4441 I GeckoSubdocumentScrollHelper: Got message: Panning:Override
07-03 12:33:01.363  4441  4472 I Gecko   : Compositor: Composite took 95 ms.
07-03 12:33:01.410  4441  4441 I GeckoSubdocumentScrollHelper: Got message: Panning:CancelOverride
07-03 12:33:01.578  4441  4454 I GeckoAppShell: Taking whole-screen screenshot, viewport: ImmutableViewportMetrics v=(14.881008,32602.072,494.88104,33292.074) p=(0.0,0.0,623.0,45699.0) c=(0.0,0.0,1000.0,73404.5) z=0.6225681
07-03 12:33:01.910  4441  4472 I Gecko   : Compositor: Composite took 33 ms.
07-03 12:33:02.055  4441  4472 I Gecko   : Compositor: Composite took 30 ms.
07-03 12:33:02.485  4441  4454 D dalvikvm: GC_FOR_ALLOC freed 2615K, 24% free 10887K/14279K, paused 27ms
07-03 12:33:02.488  4441  4454 I dalvikvm-heap: Grow heap (frag case) to 12.702MB for 2097168-byte allocation
07-03 12:33:02.524  4441  4472 D dalvikvm: GC_FOR_ALLOC freed 25K, 10% free 12910K/14279K, paused 25ms
07-03 12:33:02.551  4441  4441 I GeckoSubdocumentScrollHelper: Got message: Panning:Override
07-03 12:33:02.578  4441  4472 I Gecko   : Compositor: Composite took 128 ms.
07-03 12:33:02.629  4441  4443 D dalvikvm: GC_CONCURRENT freed 14K, 10% free 12913K/14279K, paused 7ms+12ms
07-03 12:33:02.664  4441  4472 I Gecko   : Compositor: Composite took 84 ms.
07-03 12:33:02.863  4441  4472 I Gecko   : Compositor: Composite took 30 ms.
07-03 12:33:03.457  4441  4441 I GeckoSubdocumentScrollHelper: Got message: Panning:CancelOverride
07-03 12:33:03.469  4441  4441 I GeckoSubdocumentScrollHelper: Got message: Panning:Override
07-03 12:33:03.531  4441  4472 I Gecko   : Compositor: Composite took 95 ms.
07-03 12:33:04.094  4441  4441 D GeckoPanZoomController: Finishing animation at ImmutableViewportMetrics v=(14.881008,33143.293,494.88104,33833.297) p=(0.0,0.0,623.0,45699.0) c=(0.0,0.0,1000.0,73404.5) z=0.6225681
07-03 12:33:04.133  4441  4472 I Gecko   : Compositor: Composite took 62 ms.
07-03 12:33:04.145  4441  4441 I GeckoSubdocumentScrollHelper: Got message: Panning:CancelOverride
07-03 12:33:04.172  4441  4441 I GeckoSubdocumentScrollHelper: Got message: Panning:Override
07-03 12:33:04.188  4441  4472 I Gecko   : Compositor: Composite took 31 ms.
07-03 12:33:06.172   362   362 D dalvikvm: GC_EXPLICIT freed <1K, 6% free 9102K/9607K, paused 49ms+2ms
07-03 12:33:06.895  4441  4454 I GeckoAppShell: Taking whole-screen screenshot, viewport: ImmutableViewportMetrics v=(14.881008,33143.293,494.88104,33833.297) p=(0.0,0.0,623.0,45699.0) c=(0.0,0.0,1000.0,73404.5) z=0.6225681
07-03 12:33:07.301  4441  4454 D dalvikvm: GC_FOR_ALLOC freed 2496K, 24% free 10881K/14279K, paused 26ms
07-03 12:33:07.301  4441  4454 I dalvikvm-heap: Grow heap (frag case) to 12.696MB for 2097168-byte allocation
07-03 12:33:07.344  4441  4443 D dalvikvm: GC_CONCURRENT freed 20K, 10% free 12909K/14279K, paused 2ms+6ms
07-03 12:33:08.809  4441  4441 I GeckoSubdocumentScrollHelper: Got message: Panning:Override
07-03 12:33:08.891  4441  4441 I GeckoSubdocumentScrollHelper: Got message: Panning:CancelOverride
07-03 12:33:08.981  4441  4472 I Gecko   : Compositor: Composite took 83 ms.
07-03 12:33:09.086  4441  4472 I Gecko   : Compositor: Composite took 31 ms.
07-03 12:33:09.500  4441  4472 I Gecko   : Compositor: Composite took 40 ms.
07-03 12:33:09.567  4441  4441 D GeckoPanZoomController: Finishing animation at ImmutableViewportMetrics v=(14.881008,33310.02,494.88104,34000.023) p=(0.0,0.0,623.0,45699.0) c=(0.0,0.0,1000.0,73404.5) z=0.6225681
07-03 12:33:10.047  4441  4472 I Gecko   : Compositor: Composite took 48 ms.
07-03 12:33:10.379  4441  4441 I GeckoSubdocumentScrollHelper: Got message: Panning:Override
07-03 12:33:10.473  4441  4441 I GeckoSubdocumentScrollHelper: Got message: Panning:CancelOverride
07-03 12:33:10.520  4441  4472 I Gecko   : Compositor: Composite took 31 ms.
07-03 12:33:10.719  4441  4472 I Gecko   : Compositor: Composite took 31 ms.
07-03 12:33:11.125  4441  4441 D GeckoPanZoomController: Finishing animation at ImmutableViewportMetrics v=(14.881008,33429.84,494.88104,34119.844) p=(0.0,0.0,623.0,45699.0) c=(0.0,0.0,1000.0,73404.5) z=0.6225681
07-03 12:33:11.164  4441  4472 I Gecko   : Compositor: Composite took 50 ms.
07-03 12:33:11.344  4441  4441 I GeckoSubdocumentScrollHelper: Got message: Panning:Override
07-03 12:33:11.535  4441  4441 I GeckoSubdocumentScrollHelper: Got message: Panning:CancelOverride
07-03 12:33:11.809  4441  4472 I Gecko   : Compositor: Composite took 31 ms.
07-03 12:33:12.035  4441  4441 D GeckoPanZoomController: Finishing animation at ImmutableViewportMetrics v=(14.881008,33516.56,494.88104,34206.563) p=(0.0,0.0,623.0,45699.0) c=(0.0,0.0,1000.0,73404.5) z=0.6225681
07-03 12:33:13.875  4441  4441 I GeckoSubdocumentScrollHelper: Got message: Panning:Override
07-03 12:33:14.059  4441  4441 I GeckoSubdocumentScrollHelper: Got message: Panning:CancelOverride
07-03 12:33:14.238  4441  4441 D GeckoPanZoomController: Finishing animation at ImmutableViewportMetrics v=(14.881008,33563.434,494.88104,34253.438) p=(0.0,0.0,623.0,45699.0) c=(0.0,0.0,1000.0,73404.5) z=0.6225681
07-03 12:33:14.469  4441  4454 I GeckoAppShell: Taking whole-screen screenshot, viewport: ImmutableViewportMetrics v=(14.881008,33563.434,494.88104,34253.438) p=(0.0,0.0,623.0,45699.0) c=(0.0,0.0,1000.0,73404.5) z=0.6225681
07-03 12:33:14.563  4441  4441 E GeckoApp: low memory
07-03 12:33:14.641  4441  4472 I Gecko   : Compositor: Composite took 44 ms.
07-03 12:33:14.992  4441  4454 D dalvikvm: GC_FOR_ALLOC freed 2717K, 24% free 10896K/14279K, paused 32ms
07-03 12:33:14.996  4441  4454 I dalvikvm-heap: Grow heap (frag case) to 12.710MB for 2097168-byte allocation
07-03 12:33:15.028  4441  4498 D dalvikvm: GC_FOR_ALLOC freed 34K, 10% free 12910K/14279K, paused 21ms
07-03 12:33:15.047  4441  4472 I Gecko   : Compositor: Composite took 60 ms.
07-03 12:33:15.090  4441  4441 D dalvikvm: GC_EXPLICIT freed 2K, 10% free 12911K/14279K, paused 2ms+5ms
07-03 12:33:15.117  4441  4441 I GeckoSubdocumentScrollHelper: Got message: Panning:Override
07-03 12:33:15.153  4441  4472 I Gecko   : Compositor: Composite took 62 ms.
07-03 12:33:15.168  4441  4441 I GeckoSubdocumentScrollHelper: Got message: Panning:CancelOverride
07-03 12:33:15.215  4441  4472 I Gecko   : Compositor: Composite took 31 ms.
07-03 12:33:15.594  4441  4472 I Gecko   : Compositor: Composite took 31 ms.
07-03 12:33:15.649  4441  4441 D GeckoPanZoomController: Finishing animation at ImmutableViewportMetrics v=(14.881008,33617.027,494.88104,34307.03) p=(0.0,0.0,623.0,45699.0) c=(0.0,0.0,1000.0,73404.5) z=0.6225681
07-03 12:33:15.742  4441  4441 I GeckoSubdocumentScrollHelper: Got message: Panning:Override
07-03 12:33:15.832  4441  4441 I GeckoSubdocumentScrollHelper: Got message: Panning:CancelOverride
07-03 12:33:16.004  4441  4472 I Gecko   : Compositor: Composite took 30 ms.
07-03 12:33:16.059  4441  4472 I Gecko   : Compositor: Composite took 32 ms.
07-03 12:33:16.149  4441  4472 I Gecko   : Compositor: Composite took 30 ms.
07-03 12:33:16.168  4441  4472 I Gecko   : Compositor: Composite took 30 ms.
07-03 12:33:16.453  4441  4472 I Gecko   : Compositor: Composite took 32 ms.
07-03 12:33:16.531  4441  4441 I GeckoSubdocumentScrollHelper: Got message: Panning:Override
07-03 12:33:16.723  4441  4441 I GeckoSubdocumentScrollHelper: Got message: Panning:CancelOverride
07-03 12:33:17.297  4441  4472 I Gecko   : Compositor: Composite took 34 ms.
07-03 12:33:17.387  4441  4441 D GeckoPanZoomController: Finishing animation at ImmutableViewportMetrics v=(14.881008,33909.727,494.88104,34599.73) p=(0.0,0.0,623.0,45699.0) c=(0.0,0.0,1000.0,73404.5) z=0.6225681
07-03 12:33:17.848  4441  4472 I Gecko   : Compositor: Composite took 49 ms.
07-03 12:33:19.606  4441  4454 I GeckoAppShell: Taking whole-screen screenshot, viewport: ImmutableViewportMetrics v=(14.881008,33909.727,494.88104,34599.73) p=(0.0,0.0,623.0,45699.0) c=(0.0,0.0,1000.0,73404.5) z=0.6225681
07-03 12:33:19.695  3664  3664 D dalvikvm: GC_EXPLICIT freed <1K, 8% free 10584K/11399K, paused 7ms+5ms
07-03 12:33:20.250  4441  4454 D dalvikvm: GC_FOR_ALLOC freed 2616K, 24% free 10889K/14279K, paused 24ms
07-03 12:33:20.254  4441  4454 I dalvikvm-heap: Grow heap (frag case) to 12.704MB for 2097168-byte allocation
07-03 12:33:20.289  4441  4443 D dalvikvm: GC_CONCURRENT freed 27K, 10% free 12909K/14279K, paused 4ms+5ms
07-03 12:33:23.102   345   345 D SAN_SERVICE: *******************************************
07-03 12:33:23.102   345   345 D SAN_SERVICE: DM App Phone Service State - 0
07-03 12:33:23.102   345   345 D SAN_SERVICE: *******************************************
07-03 12:33:27.508  4441  4441 I GeckoSubdocumentScrollHelper: Got message: Panning:Override
07-03 12:33:27.543  4441  4441 I GeckoSubdocumentScrollHelper: Got message: Panning:CancelOverride
07-03 12:33:27.606  4441  4472 I Gecko   : Compositor: Composite took 48 ms.
07-03 12:33:28.199  4441  4472 I Gecko   : Compositor: Composite took 35 ms.
07-03 12:33:28.285  4441  4441 D GeckoPanZoomController: Finishing animation at ImmutableViewportMetrics v=(14.881008,34082.098,494.88104,34772.1) p=(0.0,0.0,623.0,45699.0) c=(0.0,0.0,1000.0,73404.5) z=0.6225681
07-03 12:33:28.758  4441  4472 I Gecko   : Compositor: Composite took 65 ms.
07-03 12:33:28.918  4441  4472 I Gecko   : Compositor: Composite took 30 ms.
07-03 12:33:32.613  4441  4454 I GeckoAppShell: Taking whole-screen screenshot, viewport: ImmutableViewportMetrics v=(14.881008,34082.098,494.88104,34772.1) p=(0.0,0.0,623.0,45699.0) c=(0.0,0.0,1000.0,73404.5) z=0.6225681
07-03 12:33:32.981  4441  4454 D dalvikvm: GC_FOR_ALLOC freed 2326K, 24% free 10875K/14279K, paused 23ms
07-03 12:33:32.985  4441  4454 I dalvikvm-heap: Grow heap (frag case) to 12.690MB for 2097168-byte allocation
07-03 12:33:33.020  4441  4443 D dalvikvm: GC_CONCURRENT freed 14K, 10% free 12909K/14279K, paused 2ms+6ms
07-03 12:33:33.055  3211  3211 D dalvikvm: GC_EXPLICIT freed 118K, 6% free 10084K/10695K, paused 59ms+4ms
07-03 12:33:33.231  4441  4441 I GeckoSubdocumentScrollHelper: Got message: Panning:Override
07-03 12:33:33.504  4441  4441 I GeckoSubdocumentScrollHelper: Got message: Panning:CancelOverride
07-03 12:33:33.555  4441  4472 I Gecko   : Compositor: Composite took 38 ms.
07-03 12:33:34.336  4441  4441 D GeckoPanZoomController: Finishing animation at ImmutableViewportMetrics v=(14.881008,34140.69,494.88104,34830.695) p=(0.0,0.0,623.0,45699.0) c=(0.0,0.0,1000.0,73404.5) z=0.6225681
07-03 12:33:37.293  4441  4441 I GeckoSubdocumentScrollHelper: Got message: Panning:Override
07-03 12:33:37.481  4441  4441 I GeckoSubdocumentScrollHelper: Got message: Panning:CancelOverride
07-03 12:33:37.524  4441  4472 I Gecko   : Compositor: Composite took 30 ms.
07-03 12:33:38.078  4441  4472 I Gecko   : Compositor: Composite took 36 ms.
07-03 12:33:38.172  4441  4441 D GeckoPanZoomController: Finishing animation at ImmutableViewportMetrics v=(14.881008,34288.176,494.88104,34978.18) p=(0.0,0.0,623.0,45699.0) c=(0.0,0.0,1000.0,73404.5) z=0.6225681
07-03 12:33:38.547  4441  4472 I Gecko   : Compositor: Composite took 46 ms.
07-03 12:33:38.789  4441  4441 I GeckoSubdocumentScrollHelper: Got message: Panning:Override
07-03 12:33:38.801  4441  4472 I Gecko   : Compositor: Composite took 35 ms.
07-03 12:33:38.918  4441  4441 I GeckoSubdocumentScrollHelper: Got message: Panning:CancelOverride
07-03 12:33:39.387  4441  4454 I GeckoAppShell: Taking whole-screen screenshot, viewport: ImmutableViewportMetrics v=(14.881008,34434.332,494.88104,35124.336) p=(0.0,0.0,623.0,45699.0) c=(0.0,0.0,1000.0,73404.5) z=0.6225681
07-03 12:33:39.492  4441  4472 I Gecko   : Compositor: Composite took 32 ms.
07-03 12:33:39.547  4441  4472 I Gecko   : Compositor: Composite took 30 ms.
07-03 12:33:39.840  4441  4441 D GeckoPanZoomController: Finishing animation at ImmutableViewportMetrics v=(14.881008,34477.84,494.88104,35167.844) p=(0.0,0.0,623.0,45699.0) c=(0.0,0.0,1000.0,73404.5) z=0.6225681
07-03 12:33:40.004  4441  4454 D dalvikvm: GC_FOR_ALLOC freed 2746K, 24% free 10895K/14279K, paused 29ms
07-03 12:33:40.004  4441  4454 I dalvikvm-heap: Grow heap (frag case) to 12.709MB for 2097168-byte allocation
07-03 12:33:40.047  4441  4443 D dalvikvm: GC_CONCURRENT freed 34K, 10% free 12909K/14279K, paused 2ms+5ms
07-03 12:33:40.086  4441  4472 I Gecko   : Compositor: Composite took 76 ms.
07-03 12:33:40.094  4441  4441 I GeckoSubdocumentScrollHelper: Got message: Panning:Override
07-03 12:33:40.149  4441  4472 I Gecko   : Compositor: Composite took 60 ms.
07-03 12:33:40.309  4441  4441 I GeckoSubdocumentScrollHelper: Got message: Panning:CancelOverride
07-03 12:33:40.500  4441  4472 I Gecko   : Compositor: Composite took 30 ms.
07-03 12:33:40.625  4441  4472 I Gecko   : Compositor: Composite took 32 ms.
07-03 12:33:40.750  4441  4472 I Gecko   : Compositor: Composite took 31 ms.
07-03 12:33:40.840  4441  4472 I Gecko   : Compositor: Composite took 32 ms.
07-03 12:33:41.094  4441  4472 I Gecko   : Compositor: Composite took 31 ms.
07-03 12:33:41.324  4441  4472 I Gecko   : Compositor: Composite took 32 ms.
07-03 12:33:41.332   145   161 D dalvikvm: GC_EXPLICIT freed 555K, 27% free 17957K/24455K, paused 15ms+21ms
07-03 12:33:41.457  4441  4441 D GeckoPanZoomController: Finishing animation at ImmutableViewportMetrics v=(14.881008,34642.51,494.88104,35332.516) p=(0.0,0.0,623.0,45699.0) c=(0.0,0.0,1000.0,73404.5) z=0.6225681
07-03 12:33:41.781  4441  4472 I Gecko   : Compositor: Composite took 52 ms.
07-03 12:33:42.043  4441  4472 I Gecko   : Compositor: Composite took 75 ms.
07-03 12:33:42.535  4441  4441 I GeckoSubdocumentScrollHelper: Got message: Panning:Override
07-03 12:33:42.668  4441  4441 I GeckoSubdocumentScrollHelper: Got message: Panning:CancelOverride
07-03 12:33:42.793  4441  4472 I Gecko   : Compositor: Composite took 30 ms.
07-03 12:33:43.500  4441  4441 D GeckoPanZoomController: Finishing animation at ImmutableViewportMetrics v=(14.881008,34797.98,494.88104,35487.984) p=(0.0,0.0,623.0,45699.0) c=(0.0,0.0,1000.0,73404.5) z=0.6225681
07-03 12:33:43.930  4441  4441 I GeckoSubdocumentScrollHelper: Got message: Panning:Override
07-03 12:33:44.000  4441  4441 I GeckoSubdocumentScrollHelper: Got message: Panning:CancelOverride
07-03 12:33:44.086  4441  4472 I Gecko   : Compositor: Composite took 31 ms.
07-03 12:33:44.391  4441  4472 I Gecko   : Compositor: Composite took 30 ms.
07-03 12:33:44.473  4441  4454 I GeckoAppShell: Taking whole-screen screenshot, viewport: ImmutableViewportMetrics v=(14.881008,34732.355,494.88104,35422.36) p=(0.0,0.0,623.0,45699.0) c=(0.0,0.0,1000.0,73404.5) z=0.6225681
07-03 12:33:45.035  4441  4454 D dalvikvm: GC_FOR_ALLOC freed 2815K, 24% free 10898K/14279K, paused 26ms
07-03 12:33:45.039  4441  4454 I dalvikvm-heap: Grow heap (frag case) to 12.712MB for 2097168-byte allocation
07-03 12:33:45.082  4441  4443 D dalvikvm: GC_CONCURRENT freed 36K, 10% free 12909K/14279K, paused 2ms+14ms
07-03 12:33:45.172  4441  4472 I Gecko   : Compositor: Composite took 39 ms.
07-03 12:33:45.270  4441  4472 I Gecko   : Compositor: Composite took 30 ms.
07-03 12:33:45.699  4441  4472 I Gecko   : Compositor: Composite took 35 ms.
07-03 12:33:45.789  4441  4472 I Gecko   : Compositor: Composite took 32 ms.
07-03 12:33:45.856  4441  4441 D GeckoPanZoomController: Finishing animation at ImmutableViewportMetrics v=(14.881008,34865.17,494.88104,35555.176) p=(0.0,0.0,623.0,45699.0) c=(0.0,0.0,1000.0,73404.5) z=0.6225681
07-03 12:33:46.285  4441  4472 I Gecko   : Compositor: Composite took 58 ms.
07-03 12:33:48.820   216   216 D dalvikvm: GC_EXPLICIT freed 19K, 31% free 9991K/14343K, paused 2ms+3ms
07-03 12:33:50.086  4441  4441 I GeckoSubdocumentScrollHelper: Got message: Panning:Override
07-03 12:33:50.164  4441  4441 I GeckoSubdocumentScrollHelper: Got message: Panning:CancelOverride
07-03 12:33:50.469  4441  4472 I Gecko   : Compositor: Composite took 30 ms.
07-03 12:33:50.676  4441  4454 I GeckoAppShell: Taking whole-screen screenshot, viewport: ImmutableViewportMetrics v=(14.881008,34957.094,494.88104,35647.098) p=(0.0,0.0,623.0,45699.0) c=(0.0,0.0,1000.0,73404.5) z=0.6225681
07-03 12:33:50.778  4441  4441 D GeckoPanZoomController: Finishing animation at ImmutableViewportMetrics v=(14.881008,34958.215,494.88104,35648.22) p=(0.0,0.0,623.0,45699.0) c=(0.0,0.0,1000.0,73404.5) z=0.6225681
07-03 12:33:51.059  4441  4454 D dalvikvm: GC_FOR_ALLOC freed 2491K, 24% free 10882K/14279K, paused 24ms
07-03 12:33:51.063  4441  4454 I dalvikvm-heap: Grow heap (frag case) to 12.697MB for 2097168-byte allocation
07-03 12:33:51.098  4441  4443 D dalvikvm: GC_CONCURRENT freed 21K, 10% free 12909K/14279K, paused 1ms+5ms
07-03 12:33:51.102  4441  4441 I GeckoSubdocumentScrollHelper: Got message: Panning:Override
07-03 12:33:51.149  4441  4441 I GeckoSubdocumentScrollHelper: Got message: Panning:CancelOverride
07-03 12:33:51.192  4441  4472 I Gecko   : Compositor: Composite took 36 ms.
07-03 12:33:51.348  4441  4472 I Gecko   : Compositor: Composite took 31 ms.
07-03 12:33:51.551  4441  4472 I Gecko   : Compositor: Composite took 33 ms.
07-03 12:33:51.879  4441  4441 D GeckoPanZoomController: Finishing animation at ImmutableViewportMetrics v=(14.881008,35000.402,494.88104,35690.406) p=(0.0,0.0,623.0,45699.0) c=(0.0,0.0,1000.0,73404.5) z=0.6225681
07-03 12:33:52.367  4441  4472 I Gecko   : Compositor: Composite took 34 ms.
07-03 12:33:55.426   145   348 I ActivityManager: Start proc com.google.android.apps.maps:LocationFriendService for service com.google.android.apps.maps/com.google.googlenav.friend.reporting.LocationReceiverService: pid=6532 uid=10056 gids={3003, 1015}
07-03 12:33:55.660  6532  6535 D dalvikvm: GC_CONCURRENT freed 156K, 3% free 9380K/9607K, paused 5ms+2ms
07-03 12:33:56.125  4441  4441 I GeckoSubdocumentScrollHelper: Got message: Panning:Override
07-03 12:33:56.137  6532  6535 D dalvikvm: GC_CONCURRENT freed 152K, 3% free 9663K/9927K, paused 4ms+17ms
07-03 12:33:56.199  4441  4454 I GeckoAppShell: Taking whole-screen screenshot, viewport: ImmutableViewportMetrics v=(14.881008,35000.402,494.88104,35690.406) p=(0.0,0.0,623.0,45699.0) c=(0.0,0.0,1000.0,73404.5) z=0.6225681
07-03 12:33:56.219  4441  4441 I GeckoSubdocumentScrollHelper: Got message: Panning:CancelOverride
07-03 12:33:56.348  4441  4472 I Gecko   : Compositor: Composite took 54 ms.
07-03 12:33:56.762  4441  4472 I Gecko   : Compositor: Composite took 35 ms.
07-03 12:33:56.774   145   145 I ActivityManager: Process com.facebook.katana (pid 6294) has died.
07-03 12:33:56.774   145   145 W ActivityManager: Scheduling restart of crashed service com.facebook.katana/.service.MediaUploadService in 5000ms
07-03 12:33:56.852  4441  4472 I Gecko   : Compositor: Composite took 31 ms.
