07-01 09:48:28.027 19959 19972 I PhoneLab-LoggerService: Checking Threshold
07-01 09:49:19.515   145   202 D ConnectivityService: ConnectivityChange for WIMAX: DISCONNECTED/SCANNING
07-01 09:49:19.515   145   202 D ConnectivityService: Attempting to switch to mobile
07-01 09:49:19.515   145   202 D ConnectivityService: Attempting to switch to WIFI
07-01 09:49:19.515   145   202 D ConnectivityService: Attempting to switch to BLUETOOTH_TETHER
07-01 09:49:19.558   145   198 D NetworkPolicy: applying policy NetworkPolicy[NetworkTemplate: matchRule=MOBILE_ALL, subscriberId=valid]: cycleDay=20, warningBytes=2147483648, limitBytes=-1, lastSnooze=-1 to ifaces [rmnet0]
07-01 09:49:19.593   145   198 D NetworkPolicy: applying policy NetworkPolicy[NetworkTemplate: matchRule=MOBILE_ALL, subscriberId=valid]: cycleDay=20, warningBytes=2147483648, limitBytes=-1, lastSnooze=-1 to ifaces [rmnet0]
07-01 09:49:20.086   306   306 I wpa_supplicant: wlan0: Trying to associate with 00:14:a9:c8:31:11 (SSID='UB_Secure' freq=2412 MHz)
07-01 09:49:20.242   306   306 I wpa_supplicant: wlan0: Associated with 00:14:a9:c8:31:11
07-01 09:49:20.254   306   306 I wpa_supplicant: wlan0: CTRL-EVENT-EAP-STARTED EAP authentication started
07-01 09:49:20.265   306   306 I wpa_supplicant: wlan0: CTRL-EVENT-EAP-PROPOSED-METHOD vendor=0 method=4 -> NAK
07-01 09:49:20.273   306   306 I wpa_supplicant: wlan0: CTRL-EVENT-EAP-PROPOSED-METHOD vendor=0 method=25
07-01 09:49:20.293   306   306 I wpa_supplicant: wlan0: CTRL-EVENT-EAP-METHOD EAP vendor 0 method 25 (PEAP) selected
07-01 09:49:20.355   306   306 I wpa_supplicant: wlan0: CTRL-EVENT-EAP-PEER-CERT depth=2 subject='/C=US/O=Entrust.net/OU=www.entrust.net/CPS incorp. by ref. (limits liab.)/OU=(c) 1999 Entrust.net Limited/CN=Entrust.net Secure Server Certification Authority'
07-01 09:49:20.363   306   306 I wpa_supplicant: wlan0: CTRL-EVENT-EAP-PEER-CERT depth=2 subject='/C=US/O=Entrust.net/OU=www.entrust.net/CPS incorp. by ref. (limits liab.)/OU=(c) 1999 Entrust.net Limited/CN=Entrust.net Secure Server Certification Authority'
07-01 09:49:20.363   306   306 I wpa_supplicant: wlan0: CTRL-EVENT-EAP-PEER-CERT depth=1 subject='/C=US/ST=UT/L=Salt Lake City/O=The USERTRUST Network/CN=USERTrust Legacy Secure Server CA'
07-01 09:49:20.367   306   306 I wpa_supplicant: wlan0: CTRL-EVENT-EAP-PEER-CERT depth=0 subject='/C=US/postalCode=14260/ST=New York/L=Buffalo/street=305 Computing Center/O=SUNY AT BUFFALO/OU=Office of the President/OU=Issued through UNIVERSITY AT BUFFALO E-PKI Manager/OU=PremiumSSL Legacy/CN=ubsecure.acsu.buffalo.edu'
07-01 09:49:20.425  8727  8729 D dalvikvm: GC_CONCURRENT freed 371K, 6% free 10178K/10759K, paused 3ms+10ms
07-01 09:49:20.519   306   306 I wpa_supplicant: EAP-MSCHAPV2: Authentication succeeded
07-01 09:49:20.523   306   306 I wpa_supplicant: EAP-TLV: TLV Result - Success - EAP-TLV/Phase2 Completed
07-01 09:49:20.527   306   306 I wpa_supplicant: wlan0: CTRL-EVENT-EAP-SUCCESS EAP authentication completed successfully
07-01 09:49:20.574 21168 21171 D dalvikvm: GC_CONCURRENT freed 588K, 7% free 10419K/11143K, paused 2ms+3ms
07-01 09:49:20.601   306   306 I wpa_supplicant: wlan0: WPA: Key negotiation completed with 00:14:a9:c8:31:11 [PTK=CCMP GTK=TKIP]
07-01 09:49:20.601   306   306 I wpa_supplicant: wlan0: CTRL-EVENT-CONNECTED - Connection to 00:14:a9:c8:31:11 completed (reauth) [id=0 id_str=]
07-01 09:49:20.648 20055 20058 D dalvikvm: GC_CONCURRENT freed 377K, 8% free 10255K/11079K, paused 1ms+3ms
07-01 09:49:22.547   145   206 D Tethering: MasterInitialState.processMessage what=3
07-01 09:49:22.609   145   206 D Tethering: MasterInitialState.processMessage what=3
07-01 09:49:22.652  8727  8739 D dalvikvm: GC_EXPLICIT freed 49K, 6% free 10145K/10759K, paused 2ms+3ms
07-01 09:49:22.668 21518 21518 I MediaUploader: No need to wake up
07-01 09:49:22.707 21534 21534 W ContextScopeImpl: thread=1 tried to enter the scope of the application context. Ignored.
07-01 09:49:22.738 19998 21551 D PicasaSyncManager: active network: NetworkInfo: type: mobile[CDMA - EvDo rev. A], state: CONNECTED/CONNECTED, reason: (unspecified), extra: , roaming: false, failover: false, isAvailable: true
07-01 09:49:22.738 19998 21551 D PicasaSyncManager: background data: true
07-01 09:49:22.793 21518 21518 I MediaUploader: No need to wake up
07-01 09:49:22.840 20719 20721 D dalvikvm: GC_CONCURRENT freed 537K, 6% free 10604K/11271K, paused 8ms+3ms
07-01 09:49:22.863 21534 21534 W ContextScopeImpl: thread=1 tried to enter the scope of the application context. Ignored.
07-01 09:49:22.890 19998 21551 D PicasaSyncManager: active network: NetworkInfo: type: mobile[CDMA - EvDo rev. A], state: CONNECTED/CONNECTED, reason: (unspecified), extra: , roaming: false, failover: false, isAvailable: true
07-01 09:49:22.894 19998 21551 D PicasaSyncManager: background data: true
07-01 09:49:23.090   145   202 D ConnectivityService: handleInetConditionHoldEnd: net=0, condition=100, published condition=100
07-01 09:49:25.695   145   202 D ConnectivityService: ConnectivityChange for WIFI: CONNECTED/CONNECTED
07-01 09:49:25.695   145   202 D ConnectivityService: Policy requires mobile teardown
07-01 09:49:25.750 19959 19959 I PhoneLab-WiFiReceiver: Wi-Fi is connected!
07-01 09:49:25.757 19959 19959 I PhoneLab-WiFiReceiver: SSID: UB_Secure BSSID: 00:14:a9:c8:31:11 RSSI: -200 LinkSpeed: -1
07-01 09:49:25.757 19959 19959 I PhoneLab-Locks: wake lock acquired
07-01 09:49:25.765 19959 19959 I PhoneLab-UploadLogs: Transfering log files now
07-01 09:49:25.765 19959 19959 I PhoneLab-UploadLogs: No log files to transfer
07-01 09:49:25.765 19959 19959 I PhoneLab-Locks: wake lock released
07-01 09:49:25.777 19959 19959 I PhoneLab-UploadLogs: OnStartCommand
07-01 09:49:25.797   145   202 D ConnectivityService: ConnectivityChange for mobile: DISCONNECTED/DISCONNECTED
07-01 09:49:25.804   145   202 D ConnectivityService: Attempting to switch to WIFI
07-01 09:49:25.804   145   202 D ConnectivityService: Attempting to switch to WIMAX
07-01 09:49:25.804   145   197 W NetworkStats: dropping UID delta from unknown iface: iface=wlan0 uid=0 set=DEFAULT tag=0x0 rxBytes=664 rxPackets=2 txBytes=328 txPackets=5 operations=0
07-01 09:49:25.804   145   202 D ConnectivityService: Attempting to switch to BLUETOOTH_TETHER
07-01 09:49:25.808   145   202 D NetUtils: android_net_utils_resetConnections in env=0x9a76d8 clazz=0x93500001 iface=rmnet0 mask=0x3
07-01 09:49:25.808   145   202 D ConnectivityService: resetConnections(rmnet0, 3)
07-01 09:49:25.965   145   202 D ConnectivityService: ConnectivityChange for WIMAX: DISCONNECTED/SCANNING
07-01 09:49:25.965   145   202 D ConnectivityService: Attempting to switch to mobile
07-01 09:49:25.965   145   202 D ConnectivityService: Attempting to switch to WIFI
07-01 09:49:25.965   145   202 D ConnectivityService: Attempting to switch to BLUETOOTH_TETHER
07-01 09:49:26.004  8727 21725 W Smack/Packet: notify conn break (IOEx), close connection
07-01 09:49:26.007   145   147 D dalvikvm: GC_CONCURRENT freed 1686K, 17% free 15825K/19015K, paused 2ms+7ms
07-01 09:49:26.043   145   202 D ConnectivityService: ConnectivityChange for mobile: CONNECTED/CONNECTED
07-01 09:49:26.070   145   202 D NetUtils: android_net_utils_resetConnections in env=0x9a76d8 clazz=0x9ea00001 iface=rmnet0 mask=0x3
07-01 09:49:26.070   145   202 D ConnectivityService: ConnectivityChange for mobile: DISCONNECTED/DISCONNECTED
07-01 09:49:26.070   145   202 D ConnectivityService: Attempting to switch to WIFI
07-01 09:49:26.070   145   202 D ConnectivityService: Attempting to switch to WIMAX
07-01 09:49:26.070   145   202 D ConnectivityService: Attempting to switch to BLUETOOTH_TETHER
07-01 09:49:26.070   145   202 D ConnectivityService: resetConnections(rmnet0, 3)
07-01 09:49:26.312  8727 21725 I qtaguid : Failed write_ctrl(u 80) res=-1 errno=22
07-01 09:49:26.312  8727 21725 I qtaguid : Untagging socket 80 failed errno=-22
07-01 09:49:26.312  8727 21725 W NetworkManagementSocketTagger: untagSocket(80) failed with errno -22
07-01 09:49:26.316   145   202 D ConnectivityService: handleInetConditionChange: net=0 != default=1 - ignore
07-01 09:49:28.820   145   206 D Tethering: MasterInitialState.processMessage what=3
07-01 09:49:28.867  8727  8727 I GTalkService/c: [AndroidEndpoint@1094161344] connect: acct=1000000, state=CONNECTING
07-01 09:49:28.871  8727  8727 I GTalkService/c: [GTalkConnection@1094682200] connect: acct=1, state=CONNECTING
07-01 09:49:28.910 21518 21518 I MediaUploader: No need to wake up
07-01 09:49:28.957 21534 21534 W ContextScopeImpl: thread=1 tried to enter the scope of the application context. Ignored.
07-01 09:49:29.035 19998 21551 D PicasaSyncManager: active network: NetworkInfo: type: WIFI[], state: CONNECTED/CONNECTED, reason: (unspecified), extra: (none), roaming: false, failover: false, isAvailable: true
07-01 09:49:29.054 21518 21518 I MediaUploader: No need to wake up
07-01 09:49:29.101 21534 21534 W ContextScopeImpl: thread=1 tried to enter the scope of the application context. Ignored.
07-01 09:49:29.187 19998 21551 D PicasaSyncManager: background data: true
07-01 09:49:29.191   145   206 D Tethering: MasterInitialState.processMessage what=3
07-01 09:49:29.191   145   206 D Tethering: MasterInitialState.processMessage what=3
07-01 09:49:29.195   145   206 D Tethering: MasterInitialState.processMessage what=3
07-01 09:49:29.215   145   206 D Tethering: MasterInitialState.processMessage what=3
07-01 09:49:29.218   145   206 D Tethering: MasterInitialState.processMessage what=3
07-01 09:49:29.222   145   206 D Tethering: MasterInitialState.processMessage what=3
07-01 09:49:29.234 21518 21518 I MediaUploader: No need to wake up
07-01 09:49:29.273 21534 21534 W ContextScopeImpl: thread=1 tried to enter the scope of the application context. Ignored.
07-01 09:49:29.433 21518 21518 I MediaUploader: No need to wake up
07-01 09:49:29.488 21534 21534 W ContextScopeImpl: thread=1 tried to enter the scope of the application context. Ignored.
07-01 09:49:29.566   145   147 D dalvikvm: GC_CONCURRENT freed 1740K, 17% free 15789K/19015K, paused 6ms+6ms
07-01 09:49:29.586 19998 21551 D PicasaSyncManager: active network: NetworkInfo: type: WIFI[], state: CONNECTED/CONNECTED, reason: (unspecified), extra: (none), roaming: false, failover: false, isAvailable: true
07-01 09:49:29.613 21518 21518 I MediaUploader: No need to wake up
07-01 09:49:29.648 21534 21534 W ContextScopeImpl: thread=1 tried to enter the scope of the application context. Ignored.
07-01 09:49:29.695 19998 21551 D PicasaSyncManager: background data: true
07-01 09:49:29.715 21518 21518 I MediaUploader: No need to wake up
07-01 09:49:29.754 21534 21534 W ContextScopeImpl: thread=1 tried to enter the scope of the application context. Ignored.
07-01 09:49:29.773 19998 21551 D PicasaSyncManager: active network: NetworkInfo: type: WIFI[], state: CONNECTED/CONNECTED, reason: (unspecified), extra: (none), roaming: false, failover: false, isAvailable: true
07-01 09:49:29.773 19998 21551 D PicasaSyncManager: background data: true
07-01 09:49:29.800 19998 21551 D PicasaSyncManager: active network: NetworkInfo: type: WIFI[], state: CONNECTED/CONNECTED, reason: (unspecified), extra: (none), roaming: false, failover: false, isAvailable: true
07-01 09:49:29.808 19998 21551 D PicasaSyncManager: background data: true
07-01 09:49:29.867  8727  8729 D dalvikvm: GC_CONCURRENT freed 405K, 6% free 10143K/10759K, paused 15ms+2ms
07-01 09:49:29.890 21518 21518 I MediaUploader: No need to wake up
07-01 09:49:29.937 21534 21534 W ContextScopeImpl: thread=1 tried to enter the scope of the application context. Ignored.
07-01 09:49:29.968 20028 20030 D dalvikvm: GC_CONCURRENT freed 386K, 6% free 9364K/9863K, paused 1ms+4ms
07-01 09:49:30.000 19998 21551 D PicasaSyncManager: active network: NetworkInfo: type: WIFI[], state: CONNECTED/CONNECTED, reason: (unspecified), extra: (none), roaming: false, failover: false, isAvailable: true
07-01 09:49:30.000 19998 21551 D PicasaSyncManager: background data: true
07-01 09:49:32.078   145   202 D ConnectivityService: handleInetConditionHoldEnd: net=1, condition=100, published condition=0
07-01 09:49:32.621   145   329 D dalvikvm: GC_EXPLICIT freed 531K, 18% free 15765K/19015K, paused 7ms+5ms
07-01 09:49:33.582  8727  8729 D dalvikvm: GC_CONCURRENT freed 360K, 6% free 10173K/10759K, paused 2ms+3ms
07-01 09:49:33.754 21587 21589 D dalvikvm: GC_CONCURRENT freed 473K, 6% free 9345K/9927K, paused 2ms+2ms
07-01 09:49:58.289   145   145 W ActivityManager: finishReceiver called but no pending broadcasts
07-01 09:49:58.367 21168 21171 D dalvikvm: GC_CONCURRENT freed 394K, 6% free 10536K/11143K, paused 2ms+3ms
07-01 09:50:07.117   145   361 W ActivityManager: finishReceiver called but no pending broadcasts
07-01 09:50:07.187 21168 21171 D dalvikvm: GC_CONCURRENT freed 515K, 6% free 10532K/11143K, paused 1ms+3ms
07-01 09:50:15.875   145   365 W ActivityManager: finishReceiver called but no pending broadcasts
07-01 09:50:15.945 21168 21171 D dalvikvm: GC_CONCURRENT freed 522K, 6% free 10522K/11143K, paused 2ms+2ms
07-01 09:50:19.179   216   218 D dalvikvm: GC_CONCURRENT freed 195K, 32% free 9885K/14343K, paused 2ms+3ms
07-01 09:50:19.234   216   216 D dalvikvm: GC_FOR_ALLOC freed 654K, 33% free 9690K/14343K, paused 18ms
07-01 09:50:19.359   216   218 D dalvikvm: GC_CONCURRENT freed 384K, 33% free 9746K/14343K, paused 2ms+3ms
07-01 09:50:20.437 21168 21171 D dalvikvm: GC_CONCURRENT freed 542K, 6% free 10491K/11143K, paused 2ms+2ms
07-01 09:50:24.281 20055 20058 D dalvikvm: GC_CONCURRENT freed 488K, 8% free 10277K/11079K, paused 4ms+3ms
07-01 09:50:24.800 21168 21171 D dalvikvm: GC_CONCURRENT freed 164K, 4% free 10715K/11143K, paused 22ms+2ms
07-01 09:50:26.164 20055 20058 D dalvikvm: GC_CONCURRENT freed 537K, 8% free 10251K/11079K, paused 2ms+3ms
07-01 09:50:28.211 20055 20058 D dalvikvm: GC_CONCURRENT freed 488K, 8% free 10249K/11079K, paused 2ms+3ms
07-01 09:50:28.480   306   306 I wpa_supplicant: wlan0: CTRL-EVENT-DISCONNECTED bssid=00:14:a9:c8:31:11 reason=0
07-01 09:50:28.504    75   115 D CommandListener: Clearing all IP addresses on wlan0
07-01 09:50:28.582   145   202 D ConnectivityService: ConnectivityChange for WIFI: DISCONNECTED/DISCONNECTED
07-01 09:50:28.590   145   202 D ConnectivityService: Attempting to switch to mobile
07-01 09:50:28.593   145   202 D ConnectivityService: Attempting to switch to WIMAX
07-01 09:50:28.593   145   202 D ConnectivityService: Attempting to switch to BLUETOOTH_TETHER
07-01 09:50:28.632   145   202 E ConnectivityService: Exception trying to remove a route: java.lang.IllegalStateException: Unable to communicate with native dameon to add routes - com.android.server.NativeDaemonConnectorException: Cmd {interface route remove wlan0 default 67.20.211.254 32 0.0.0.0} failed with code 400 : {Failed to remove route from default table (No such process)}
07-01 09:50:28.636   145   202 D NetUtils: android_net_utils_resetConnections in env=0x9a76d8 clazz=0xba400001 iface=wlan0 mask=0x3
07-01 09:50:28.636   145   202 E ConnectivityService: Exception trying to remove a route: java.lang.IllegalStateException: Unable to communicate with native dameon to add routes - com.android.server.NativeDaemonConnectorException: Cmd {interface route remove wlan0 default 0.0.0.0 0 67.20.211.254} failed with code 400 : {Failed to remove route from default table (No such process)}
07-01 09:50:28.636   145   202 D ConnectivityService: resetConnections(wlan0, 3)
07-01 09:50:28.648   145   202 D ConnectivityService: ConnectivityChange for WIMAX: DISCONNECTED/SCANNING
07-01 09:50:28.664   145   202 D ConnectivityService: Attempting to switch to mobile
07-01 09:50:28.664   145   202 D ConnectivityService: Attempting to switch to WIFI
07-01 09:50:28.668   145   202 D ConnectivityService: Attempting to switch to BLUETOOTH_TETHER
07-01 09:50:28.793  8727 21833 W Smack/Packet: notify conn break (IOEx), close connection
07-01 09:50:28.840 21224 21225 D dalvikvm: GC_CONCURRENT freed 420K, 8% free 9935K/10759K, paused 9ms+4ms
07-01 09:50:29.015  8727 21833 I qtaguid : Failed write_ctrl(u 80) res=-1 errno=22
07-01 09:50:29.015  8727 21833 I qtaguid : Untagging socket 80 failed errno=-22
07-01 09:50:29.015  8727 21833 W NetworkManagementSocketTagger: untagSocket(80) failed with errno -22
07-01 09:50:29.019   145   202 D ConnectivityService: handleInetConditionChange: no active default network - ignore
07-01 09:50:29.269   306   306 I wpa_supplicant: wlan0: Trying to associate with 00:1a:a2:dd:b1:a1 (SSID='UB_Secure' freq=2437 MHz)
07-01 09:50:29.433   306   306 I wpa_supplicant: wlan0: Associated with 00:1a:a2:dd:b1:a1
07-01 09:50:29.433   306   306 I wpa_supplicant: wlan0: CTRL-EVENT-EAP-STARTED EAP authentication started
07-01 09:50:29.441   306   306 I wpa_supplicant: wlan0: CTRL-EVENT-EAP-PROPOSED-METHOD vendor=0 method=4 -> NAK
07-01 09:50:29.445   306   306 I wpa_supplicant: wlan0: CTRL-EVENT-EAP-PROPOSED-METHOD vendor=0 method=25
07-01 09:50:29.445   306   306 I wpa_supplicant: wlan0: CTRL-EVENT-EAP-METHOD EAP vendor 0 method 25 (PEAP) selected
07-01 09:50:29.500   306   306 I wpa_supplicant: wlan0: CTRL-EVENT-EAP-PEER-CERT depth=2 subject='/C=US/O=Entrust.net/OU=www.entrust.net/CPS incorp. by ref. (limits liab.)/OU=(c) 1999 Entrust.net Limited/CN=Entrust.net Secure Server Certification Authority'
07-01 09:50:29.500   306   306 I wpa_supplicant: wlan0: CTRL-EVENT-EAP-PEER-CERT depth=2 subject='/C=US/O=Entrust.net/OU=www.entrust.net/CPS incorp. by ref. (limits liab.)/OU=(c) 1999 Entrust.net Limited/CN=Entrust.net Secure Server Certification Authority'
07-01 09:50:29.500   306   306 I wpa_supplicant: wlan0: CTRL-EVENT-EAP-PEER-CERT depth=1 subject='/C=US/ST=UT/L=Salt Lake City/O=The USERTRUST Network/CN=USERTrust Legacy Secure Server CA'
07-01 09:50:29.504   306   306 I wpa_supplicant: wlan0: CTRL-EVENT-EAP-PEER-CERT depth=0 subject='/C=US/postalCode=14260/ST=New York/L=Buffalo/street=305 Computing Center/O=SUNY AT BUFFALO/OU=Office of the President/OU=Issued through UNIVERSITY AT BUFFALO E-PKI Manager/OU=PremiumSSL Legacy/CN=ubsecure.acsu.buffalo.edu'
07-01 09:50:29.668   306   306 I wpa_supplicant: EAP-MSCHAPV2: Authentication succeeded
07-01 09:50:29.675   306   306 I wpa_supplicant: EAP-TLV: TLV Result - Success - EAP-TLV/Phase2 Completed
07-01 09:50:29.687   306   306 I wpa_supplicant: wlan0: CTRL-EVENT-EAP-SUCCESS EAP authentication completed successfully
07-01 09:50:29.730   306   306 I wpa_supplicant: wlan0: WPA: Key negotiation completed with 00:1a:a2:dd:b1:a1 [PTK=CCMP GTK=TKIP]
07-01 09:50:29.730   306   306 I wpa_supplicant: wlan0: CTRL-EVENT-CONNECTED - Connection to 00:1a:a2:dd:b1:a1 completed (reauth) [id=0 id_str=]
07-01 09:50:29.840 21168 21171 D dalvikvm: GC_CONCURRENT freed 235K, 4% free 10969K/11335K, paused 2ms+4ms
07-01 09:50:30.289 21168 21171 D dalvikvm: GC_CONCURRENT freed 576K, 7% free 10964K/11719K, paused 14ms+4ms
07-01 09:50:30.343 20055 20058 D dalvikvm: GC_CONCURRENT freed 433K, 8% free 10270K/11079K, paused 1ms+3ms
07-01 09:50:30.398   145   202 D ConnectivityService: ConnectivityChange for WIFI: CONNECTED/CONNECTED
07-01 09:50:30.410 19959 19959 I PhoneLab-WiFiReceiver: Wi-Fi is connected!
07-01 09:50:30.410 19959 19959 I PhoneLab-WiFiReceiver: SSID: UB_Secure BSSID: 00:1a:a2:dd:b1:a1 RSSI: -200 LinkSpeed: -1
07-01 09:50:30.414 19959 19959 I PhoneLab-Locks: wake lock acquired
07-01 09:50:30.418 19959 19959 I PhoneLab-UploadLogs: Transfering log files now
07-01 09:50:30.422 19959 19959 I PhoneLab-UploadLogs: No log files to transfer
07-01 09:50:30.422 19959 19959 I PhoneLab-Locks: wake lock released
07-01 09:50:30.441 19959 19959 I PhoneLab-UploadLogs: OnStartCommand
07-01 09:50:30.445   145   197 W NetworkStats: dropping UID delta from unknown iface: iface=wlan0 uid=0 set=DEFAULT tag=0x0 rxBytes=0 rxPackets=0 txBytes=140 txPackets=2 operations=0
07-01 09:50:30.570   145   147 D dalvikvm: GC_CONCURRENT freed 1467K, 17% free 15871K/19015K, paused 2ms+8ms
07-01 09:50:31.402   145   202 D ConnectivityService: NetTransition Wakelock for WifiStateMachine released by timeout
07-01 09:50:31.660   145   206 D Tethering: MasterInitialState.processMessage what=3
07-01 09:50:31.675  8727  8727 I GTalkService/c: [AndroidEndpoint@1094161344] connect: acct=1000000, state=CONNECTING
07-01 09:50:31.675  8727  8727 I GTalkService/c: [GTalkConnection@1094682200] connect: acct=1, state=CONNECTING
07-01 09:50:31.711   145   206 D Tethering: MasterInitialState.processMessage what=3
07-01 09:50:31.812   145   145 D dalvikvm: GC_EXPLICIT freed 234K, 18% free 15740K/19015K, paused 9ms+7ms
07-01 09:50:31.855 21518 21518 I MediaUploader: No need to wake up
07-01 09:50:31.859 19959 19959 I PhoneLab-WiFiReceiver: Wi-Fi is disconnected!
07-01 09:50:31.929 19779 19780 D dalvikvm: GC_CONCURRENT freed 463K, 6% free 10872K/11463K, paused 3ms+9ms
07-01 09:50:31.965 21534 21534 W ContextScopeImpl: thread=1 tried to enter the scope of the application context. Ignored.
07-01 09:50:32.023 19998 21551 D PicasaSyncManager: active network: NetworkInfo: type: WIFI[], state: CONNECTED/CONNECTED, reason: (unspecified), extra: (none), roaming: false, failover: false, isAvailable: true
07-01 09:50:32.023 19998 21551 D PicasaSyncManager: background data: true
07-01 09:50:32.054 21518 21518 I MediaUploader: No need to wake up
07-01 09:50:32.097 21534 21534 W ContextScopeImpl: thread=1 tried to enter the scope of the application context. Ignored.
07-01 09:50:32.136 19998 21551 D PicasaSyncManager: active network: NetworkInfo: type: WIFI[], state: CONNECTED/CONNECTED, reason: (unspecified), extra: (none), roaming: false, failover: false, isAvailable: true
07-01 09:50:32.156 19998 21551 D PicasaSyncManager: background data: true
07-01 09:50:32.320  8727  8729 D dalvikvm: GC_CONCURRENT freed 367K, 5% free 10247K/10759K, paused 7ms+8ms
07-01 09:50:32.367 20055 20058 D dalvikvm: GC_CONCURRENT freed 455K, 8% free 10270K/11079K, paused 1ms+3ms
07-01 09:50:32.406   345   826 D dalvikvm: GC_EXPLICIT freed 337K, 8% free 11640K/12615K, paused 8ms+3ms
07-01 09:50:33.453   145   206 D Tethering: MasterInitialState.processMessage what=3
07-01 09:50:33.539 21518 21518 I MediaUploader: No need to wake up
07-01 09:50:33.582 21534 21534 W ContextScopeImpl: thread=1 tried to enter the scope of the application context. Ignored.
07-01 09:50:33.625 19998 21551 D PicasaSyncManager: active network: NetworkInfo: type: WIFI[], state: CONNECTED/CONNECTED, reason: (unspecified), extra: (none), roaming: false, failover: false, isAvailable: true
07-01 09:50:33.625 19998 21551 D PicasaSyncManager: background data: true
07-01 09:50:34.195 20055 20058 D dalvikvm: GC_CONCURRENT freed 456K, 8% free 10270K/11079K, paused 2ms+3ms
07-01 09:50:34.734   145   202 D ConnectivityService: handleInetConditionHoldEnd: net=1, condition=100, published condition=0
07-01 09:50:35.574  8727  8729 D dalvikvm: GC_CONCURRENT freed 474K, 6% free 10234K/10823K, paused 2ms+120ms
07-01 09:50:35.769   145   202 D ConnectivityService: ConnectivityChange for mobile: CONNECTED/CONNECTED
07-01 09:50:35.800   145   202 D NetUtils: android_net_utils_resetConnections in env=0x9a76d8 clazz=0xd4f00001 iface=rmnet0 mask=0x3
07-01 09:50:35.800   145   202 D ConnectivityService: ConnectivityChange for mobile: DISCONNECTED/DISCONNECTED
07-01 09:50:35.800   145   202 D ConnectivityService: Attempting to switch to WIFI
07-01 09:50:35.800   145   202 D ConnectivityService: Attempting to switch to WIMAX
07-01 09:50:35.800   145   202 D ConnectivityService: Attempting to switch to BLUETOOTH_TETHER
07-01 09:50:35.800   145   202 D ConnectivityService: resetConnections(rmnet0, 3)
07-01 09:50:36.207 20055 20058 D dalvikvm: GC_CONCURRENT freed 457K, 8% free 10269K/11079K, paused 1ms+4ms
07-01 09:50:36.789 21168 21171 D dalvikvm: GC_CONCURRENT freed 621K, 8% free 10872K/11719K, paused 1ms+4ms
07-01 09:50:38.148 20055 20058 D dalvikvm: GC_CONCURRENT freed 454K, 8% free 10269K/11079K, paused 2ms+2ms
07-01 09:50:38.855   145   206 D Tethering: MasterInitialState.processMessage what=3
07-01 09:50:38.894   145   206 D Tethering: MasterInitialState.processMessage what=3
07-01 09:50:38.965 21518 21518 I MediaUploader: No need to wake up
07-01 09:50:39.101 21534 21534 W ContextScopeImpl: thread=1 tried to enter the scope of the application context. Ignored.
07-01 09:50:39.140   145   147 D dalvikvm: GC_CONCURRENT freed 1505K, 17% free 15923K/19015K, paused 2ms+35ms
07-01 09:50:39.269   145  9966 D dalvikvm: GC_EXPLICIT freed 133K, 17% free 15833K/19015K, paused 5ms+8ms
07-01 09:50:39.328 19998 21551 D PicasaSyncManager: active network: NetworkInfo: type: WIFI[], state: CONNECTED/CONNECTED, reason: (unspecified), extra: (none), roaming: false, failover: false, isAvailable: true
07-01 09:50:39.336 19998 21551 D PicasaSyncManager: background data: true
07-01 09:50:39.351 21518 21518 I MediaUploader: No need to wake up
07-01 09:50:39.398 21534 21534 W ContextScopeImpl: thread=1 tried to enter the scope of the application context. Ignored.
07-01 09:50:39.414   145   202 D ConnectivityService: handleInetConditionHoldEnd: net=1, condition=100, published condition=100
07-01 09:50:39.457 19998 21551 D PicasaSyncManager: active network: NetworkInfo: type: WIFI[], state: CONNECTED/CONNECTED, reason: (unspecified), extra: (none), roaming: false, failover: false, isAvailable: true
07-01 09:50:39.465 19998 21551 D PicasaSyncManager: background data: true
07-01 09:50:39.687 21168 21171 D dalvikvm: GC_CONCURRENT freed 390K, 7% free 11002K/11719K, paused 2ms+6ms
07-01 09:50:39.722 21168 21857 D dalvikvm: GC_FOR_ALLOC freed 175K, 7% free 10992K/11783K, paused 29ms
07-01 09:50:40.164 20055 20058 D dalvikvm: GC_CONCURRENT freed 453K, 8% free 10269K/11079K, paused 3ms+4ms
07-01 09:50:42.183 20055 20058 D dalvikvm: GC_CONCURRENT freed 454K, 8% free 10269K/11079K, paused 3ms+2ms
07-01 09:50:44.140 20055 20058 D dalvikvm: GC_CONCURRENT freed 453K, 8% free 10269K/11079K, paused 2ms+3ms
07-01 09:50:45.148 21168 21171 D dalvikvm: GC_CONCURRENT freed 734K, 9% free 10788K/11783K, paused 2ms+8ms
07-01 09:50:46.156 20055 20058 D dalvikvm: GC_CONCURRENT freed 452K, 8% free 10270K/11079K, paused 2ms+3ms
07-01 09:50:47.090  8727  8738 D dalvikvm: GC_EXPLICIT freed 298K, 6% free 10264K/10823K, paused 2ms+4ms
07-01 09:50:48.129 20055 20055 D dalvikvm: GC_EXPLICIT freed 284K, 8% free 10219K/11079K, paused 3ms+3ms
07-01 09:50:49.050 21168 21171 D dalvikvm: GC_CONCURRENT freed 344K, 7% free 11025K/11783K, paused 2ms+3ms
07-01 09:50:49.101 21168 21857 D dalvikvm: GC_FOR_ALLOC freed 222K, 7% free 10976K/11783K, paused 29ms
07-01 09:50:49.238 20055 20058 D dalvikvm: GC_CONCURRENT freed 398K, 8% free 10269K/11079K, paused 2ms+2ms
07-01 09:50:51.164 20055 20058 D dalvikvm: GC_CONCURRENT freed 461K, 8% free 10271K/11079K, paused 2ms+2ms
07-01 09:50:53.148 20055 20058 D dalvikvm: GC_CONCURRENT freed 471K, 8% free 10273K/11079K, paused 2ms+3ms
07-01 09:50:54.347 21168 21171 D dalvikvm: GC_CONCURRENT freed 752K, 9% free 10778K/11783K, paused 2ms+4ms
07-01 09:50:55.164 20055 20058 D dalvikvm: GC_CONCURRENT freed 473K, 8% free 10274K/11079K, paused 2ms+3ms
07-01 09:50:57.160 20055 20058 D dalvikvm: GC_CONCURRENT freed 475K, 8% free 10274K/11079K, paused 2ms+3ms
07-01 09:50:58.800 21168 21171 D dalvikvm: GC_CONCURRENT freed 327K, 7% free 11035K/11783K, paused 2ms+3ms
07-01 09:50:58.867 21168 21857 D dalvikvm: GC_FOR_ALLOC freed 197K, 7% free 10998K/11783K, paused 25ms
07-01 09:50:58.867 21168 21857 I dalvikvm-heap: Grow heap (frag case) to 10.872MB for 64468-byte allocation
07-01 09:50:58.902 21168 21842 D dalvikvm: GC_FOR_ALLOC freed 31K, 7% free 11029K/11847K, paused 24ms
07-01 09:50:59.222   145   333 D dalvikvm: GC_EXPLICIT freed 1186K, 17% free 15926K/19015K, paused 3ms+10ms
07-01 09:50:59.359 20055 20058 D dalvikvm: GC_CONCURRENT freed 472K, 8% free 10275K/11079K, paused 2ms+2ms
07-01 09:51:01.152 20055 20058 D dalvikvm: GC_CONCURRENT freed 475K, 8% free 10273K/11079K, paused 2ms+3ms
07-01 09:51:03.164 20055 20058 D dalvikvm: GC_CONCURRENT freed 471K, 8% free 10273K/11079K, paused 2ms+3ms
07-01 09:51:04.414 21168 21171 D dalvikvm: GC_CONCURRENT freed 794K, 9% free 10782K/11847K, paused 21ms+3ms
07-01 09:51:05.156 20055 20058 D dalvikvm: GC_CONCURRENT freed 472K, 8% free 10274K/11079K, paused 1ms+3ms
07-01 09:51:05.179 19959 19972 I PhoneLab-: Service Running
07-01 09:51:05.234 19959 19962 D dalvikvm: GC_CONCURRENT freed 389K, 14% free 9158K/10631K, paused 3ms+9ms
07-01 09:51:05.250 19959 19972 I PhoneLab-LoggerService: app_37    1360  1     1436   1000  c00f181c 400107b4 S logcat
07-01 09:51:05.250 19959 19972 I PhoneLab-LoggerService: Logcat pid from database 1360
07-01 09:51:05.250 19959 19972 I PhoneLab-LoggerService: Logcat process found 1360
07-01 09:51:05.250 19959 19972 I PhoneLab-LoggerService: Checking Threshold
07-01 09:51:05.250 19959 19972 I PhoneLab-LoggerService: Starting to rename files
07-01 09:51:05.254 19959 19972 I PhoneLab-LoggerService: Files found .. 2
07-01 09:51:05.254 19959 19972 I PhoneLab-LoggerService: File 1 log.out.1
07-01 09:51:05.257 19959 19972 I PhoneLab-LoggerService: Renamed successfully
07-01 09:51:06.086 21168 21175 I dalvikvm: Jit: resizing JitTable from 4096 to 8192
07-01 09:51:07.140 20055 20058 D dalvikvm: GC_CONCURRENT freed 473K, 8% free 10274K/11079K, paused 2ms+2ms
07-01 09:51:08.640 21168 21171 D dalvikvm: GC_CONCURRENT freed 327K, 8% free 11016K/11847K, paused 2ms+4ms
07-01 09:51:08.718 21168 21857 D dalvikvm: GC_FOR_ALLOC freed 331K, 8% free 10962K/11847K, paused 26ms
07-01 09:51:09.211 20055 20058 D dalvikvm: GC_CONCURRENT freed 472K, 8% free 10275K/11079K, paused 2ms+3ms
07-01 09:51:11.144 20055 20058 D dalvikvm: GC_CONCURRENT freed 473K, 8% free 10276K/11079K, paused 2ms+2ms
07-01 09:51:13.140 20055 20058 D dalvikvm: GC_CONCURRENT freed 473K, 8% free 10276K/11079K, paused 3ms+3ms
07-01 09:51:14.152 20055 21997 D dalvikvm: GC_EXPLICIT freed 80K, 8% free 10214K/11079K, paused 2ms+3ms
07-01 09:51:14.476 21168 21171 D dalvikvm: GC_CONCURRENT freed 683K, 9% free 10808K/11847K, paused 22ms+4ms
07-01 09:51:15.136 20055 20058 D dalvikvm: GC_CONCURRENT freed 395K, 8% free 10273K/11079K, paused 2ms+4ms
07-01 09:51:16.660  8727  8729 D dalvikvm: GC_CONCURRENT freed 309K, 5% free 10388K/10823K, paused 3ms+6ms
07-01 09:51:17.179 20055 20058 D dalvikvm: GC_CONCURRENT freed 469K, 8% free 10277K/11079K, paused 2ms+3ms
07-01 09:51:18.484 21168 21171 D dalvikvm: GC_CONCURRENT freed 365K, 8% free 11017K/11847K, paused 2ms+3ms
07-01 09:51:18.550 21168 21857 D dalvikvm: GC_FOR_ALLOC freed 368K, 8% free 10933K/11847K, paused 26ms
07-01 09:51:19.218 20055 20058 D dalvikvm: GC_CONCURRENT freed 471K, 8% free 10277K/11079K, paused 1ms+2ms
07-01 09:51:20.316   145   333 D dalvikvm: GC_EXPLICIT freed 1186K, 17% free 15926K/19015K, paused 4ms+9ms
07-01 09:51:20.484 20055 20058 D dalvikvm: GC_CONCURRENT freed 452K, 8% free 10261K/11079K, paused 1ms+4ms
07-01 09:51:21.679 21168 21171 D dalvikvm: GC_CONCURRENT freed 797K, 11% free 10654K/11847K, paused 2ms+3ms
07-01 09:51:22.140 20055 20058 D dalvikvm: GC_CONCURRENT freed 458K, 8% free 10269K/11079K, paused 2ms+2ms
07-01 09:51:24.199 20055 20058 D dalvikvm: GC_CONCURRENT freed 458K, 8% free 10271K/11079K, paused 2ms+2ms
07-01 09:51:26.160 20055 20058 D dalvikvm: GC_CONCURRENT freed 460K, 8% free 10271K/11079K, paused 2ms+3ms
07-01 09:51:27.539 21168 21171 D dalvikvm: GC_CONCURRENT freed 158K, 8% free 10916K/11847K, paused 21ms+4ms
07-01 09:51:28.179 20055 20058 D dalvikvm: GC_CONCURRENT freed 460K, 8% free 10272K/11079K, paused 2ms+7ms
07-01 09:51:28.320 21168 21171 D dalvikvm: GC_CONCURRENT freed 418K, 7% free 11038K/11847K, paused 2ms+2ms
07-01 09:51:30.140 20055 20058 D dalvikvm: GC_CONCURRENT freed 459K, 8% free 10272K/11079K, paused 2ms+3ms
07-01 09:51:32.132 20055 20058 D dalvikvm: GC_CONCURRENT freed 458K, 8% free 10273K/11079K, paused 1ms+3ms
07-01 09:51:34.156 20055 20058 D dalvikvm: GC_CONCURRENT freed 457K, 8% free 10273K/11079K, paused 2ms+4ms
07-01 09:51:34.570 21168 21171 D dalvikvm: GC_CONCURRENT freed 803K, 10% free 10781K/11847K, paused 1ms+3ms
07-01 09:51:36.160 20055 20058 D dalvikvm: GC_CONCURRENT freed 458K, 8% free 10274K/11079K, paused 2ms+2ms
07-01 09:51:37.097  8727  8739 D dalvikvm: GC_EXPLICIT freed 301K, 5% free 10343K/10823K, paused 2ms+6ms
07-01 09:51:38.195 20055 20058 D dalvikvm: GC_CONCURRENT freed 460K, 8% free 10274K/11079K, paused 2ms+5ms
07-01 09:51:38.304 21168 21171 D dalvikvm: GC_CONCURRENT freed 321K, 7% free 11023K/11847K, paused 1ms+3ms
07-01 09:51:38.351 21168 21857 D dalvikvm: GC_FOR_ALLOC freed 228K, 8% free 10967K/11847K, paused 26ms
07-01 09:51:40.168 20055 20058 D dalvikvm: GC_CONCURRENT freed 462K, 8% free 10272K/11079K, paused 2ms+3ms
07-01 09:51:41.132 20055 20055 D dalvikvm: GC_EXPLICIT freed 67K, 8% free 10211K/11079K, paused 1ms+3ms
07-01 09:51:41.257   145  1150 D dalvikvm: GC_EXPLICIT freed 1126K, 17% free 15906K/19015K, paused 2ms+9ms
07-01 09:51:42.148 20055 20058 D dalvikvm: GC_CONCURRENT freed 392K, 8% free 10272K/11079K, paused 2ms+4ms
07-01 09:51:44.175 20055 20058 D dalvikvm: GC_CONCURRENT freed 462K, 8% free 10270K/11079K, paused 4ms+6ms
07-01 09:51:44.199 21168 21171 D dalvikvm: GC_CONCURRENT freed 700K, 9% free 10791K/11847K, paused 6ms+6ms
07-01 09:51:46.152 20055 20058 D dalvikvm: GC_CONCURRENT freed 460K, 8% free 10271K/11079K, paused 2ms+4ms
07-01 09:51:48.242 21168 21171 D dalvikvm: GC_CONCURRENT freed 318K, 7% free 11058K/11847K, paused 4ms+12ms
07-01 09:51:48.297 20055 20058 D dalvikvm: GC_CONCURRENT freed 460K, 8% free 10272K/11079K, paused 1ms+5ms
07-01 09:51:48.340 21168 21857 D dalvikvm: GC_FOR_ALLOC freed 325K, 8% free 10967K/11847K, paused 26ms
07-01 09:51:50.203 20055 20058 D dalvikvm: GC_CONCURRENT freed 460K, 8% free 10272K/11079K, paused 2ms+3ms
07-01 09:51:50.910 19959 19972 I PhoneLab-: Service Running
07-01 09:51:51.019 19959 19972 I PhoneLab-LoggerService: app_37    1360  1     1436   1000  c00f181c 400107b4 S logcat
07-01 09:51:51.019 19959 19972 I PhoneLab-LoggerService: Logcat pid from database 1360
07-01 09:51:51.019 19959 19972 I PhoneLab-LoggerService: Logcat process found 1360
07-01 09:51:51.019 19959 19972 I PhoneLab-LoggerService: Checking Threshold
07-01 09:51:51.023 19959 19972 I PhoneLab-LoggerService: Starting to rename files
07-01 09:51:51.023 19959 19972 I PhoneLab-LoggerService: Files found .. 2
07-01 09:51:52.160 20055 20058 D dalvikvm: GC_CONCURRENT freed 476K, 8% free 10280K/11079K, paused 2ms+3ms
07-01 09:51:54.152 20055 20058 D dalvikvm: GC_CONCURRENT freed 543K, 8% free 10247K/11079K, paused 2ms+4ms
07-01 09:51:54.203 21168 21171 D dalvikvm: GC_CONCURRENT freed 682K, 9% free 10807K/11847K, paused 1ms+3ms
07-01 09:51:56.156 20055 20058 D dalvikvm: GC_CONCURRENT freed 510K, 8% free 10248K/11079K, paused 2ms+2ms
07-01 09:51:58.027 21168 21171 D dalvikvm: GC_CONCURRENT freed 318K, 7% free 11056K/11847K, paused 2ms+4ms
07-01 09:51:58.086 21168 21857 D dalvikvm: GC_FOR_ALLOC freed 254K, 8% free 10978K/11847K, paused 29ms
07-01 09:51:58.230 20055 20058 D dalvikvm: GC_CONCURRENT freed 507K, 8% free 10248K/11079K, paused 2ms+2ms
07-01 09:52:00.242 20055 20058 D dalvikvm: GC_CONCURRENT freed 508K, 8% free 10249K/11079K, paused 2ms+5ms
07-01 09:52:02.222 20055 20058 D dalvikvm: GC_CONCURRENT freed 505K, 8% free 10254K/11079K, paused 2ms+3ms
07-01 09:52:03.062 21168 21171 D dalvikvm: GC_CONCURRENT freed 740K, 10% free 10765K/11847K, paused 2ms+14ms
07-01 09:52:03.195   145   396 D dalvikvm: JIT code cache reset in 5 ms (1048568 bytes 7/0)
07-01 09:52:03.218   145   396 D dalvikvm: GC_EXPLICIT freed 1193K, 17% free 15924K/19015K, paused 3ms+15ms
07-01 09:52:04.195 20055 20058 D dalvikvm: GC_CONCURRENT freed 515K, 8% free 10250K/11079K, paused 2ms+4ms
07-01 09:52:06.191  8727  8729 D dalvikvm: GC_CONCURRENT freed 354K, 5% free 10399K/10887K, paused 2ms+10ms
07-01 09:52:06.289 20055 20058 D dalvikvm: GC_CONCURRENT freed 513K, 8% free 10248K/11079K, paused 2ms+3ms
07-01 09:52:07.664 21168 21171 D dalvikvm: GC_CONCURRENT freed 310K, 8% free 11009K/11847K, paused 1ms+4ms
07-01 09:52:07.757 21168 21857 D dalvikvm: GC_FOR_ALLOC freed 388K, 8% free 10958K/11847K, paused 26ms
07-01 09:52:08.082 20055 21127 D dalvikvm: GC_EXPLICIT freed 285K, 8% free 10217K/11079K, paused 2ms+2ms
07-01 09:52:09.152 20055 20058 D dalvikvm: GC_CONCURRENT freed 483K, 8% free 10244K/11079K, paused 2ms+4ms
07-01 09:52:11.211 20055 20058 D dalvikvm: GC_CONCURRENT freed 506K, 8% free 10244K/11079K, paused 6ms+3ms
07-01 09:52:13.175 20055 20058 D dalvikvm: GC_CONCURRENT freed 505K, 8% free 10245K/11079K, paused 2ms+2ms
07-01 09:52:13.937 21168 21171 D dalvikvm: GC_CONCURRENT freed 678K, 9% free 10802K/11847K, paused 20ms+4ms
07-01 09:52:15.168 20055 20058 D dalvikvm: GC_CONCURRENT freed 507K, 8% free 10245K/11079K, paused 2ms+3ms
07-01 09:52:17.152 20055 20058 D dalvikvm: GC_CONCURRENT freed 507K, 8% free 10246K/11079K, paused 2ms+4ms
07-01 09:52:17.660 21168 21171 D dalvikvm: GC_CONCURRENT freed 337K, 7% free 11026K/11847K, paused 2ms+3ms
07-01 09:52:19.207 20055 20058 D dalvikvm: GC_CONCURRENT freed 503K, 8% free 10251K/11079K, paused 1ms+4ms
07-01 09:52:20.277 21168 21171 D dalvikvm: GC_CONCURRENT freed 1060K, 11% free 10634K/11847K, paused 2ms+3ms
07-01 09:52:20.406 20055 20058 D dalvikvm: GC_CONCURRENT freed 502K, 8% free 10257K/11079K, paused 1ms+4ms
07-01 09:52:22.187 20055 20058 D dalvikvm: GC_CONCURRENT freed 490K, 8% free 10271K/11079K, paused 2ms+2ms
07-01 09:52:23.660   145   396 D dalvikvm: GC_EXPLICIT freed 1161K, 17% free 15916K/19015K, paused 3ms+8ms
07-01 09:52:24.164 20055 20058 D dalvikvm: GC_CONCURRENT freed 507K, 8% free 10250K/11079K, paused 2ms+3ms
07-01 09:52:24.824 21168 21171 D dalvikvm: GC_CONCURRENT freed 212K, 9% free 10855K/11847K, paused 2ms+4ms
07-01 09:52:26.121  8727  8739 D dalvikvm: GC_EXPLICIT freed 340K, 5% free 10360K/10887K, paused 2ms+5ms
07-01 09:52:26.226 20055 20058 D dalvikvm: GC_CONCURRENT freed 489K, 8% free 10247K/11079K, paused 2ms+3ms
07-01 09:52:27.453 21168 21171 D dalvikvm: GC_CONCURRENT freed 376K, 7% free 11087K/11847K, paused 2ms+3ms
07-01 09:52:28.226 20055 20058 D dalvikvm: GC_CONCURRENT freed 488K, 8% free 10245K/11079K, paused 2ms+3ms
07-01 09:52:30.148 20055 20058 D dalvikvm: GC_CONCURRENT freed 484K, 8% free 10245K/11079K, paused 2ms+2ms
07-01 09:52:32.215 20055 20058 D dalvikvm: GC_CONCURRENT freed 486K, 8% free 10246K/11079K, paused 19ms+2ms
07-01 09:52:33.082 20055 20055 D dalvikvm: GC_EXPLICIT freed 42K, 8% free 10210K/11079K, paused 2ms+3ms
07-01 09:52:33.461 21168 21171 D dalvikvm: GC_CONCURRENT freed 901K, 9% free 10822K/11847K, paused 2ms+3ms
07-01 09:52:34.156 20055 20058 D dalvikvm: GC_CONCURRENT freed 416K, 8% free 10274K/11079K, paused 2ms+3ms
07-01 09:52:36.164 20055 20058 D dalvikvm: GC_CONCURRENT freed 513K, 8% free 10247K/11079K, paused 2ms+3ms
07-01 09:52:36.644   345   345 D SAN_SERVICE: *******************************************
07-01 09:52:36.648   345   345 D SAN_SERVICE: DM App Phone Service State - 0
07-01 09:52:36.648   345   345 D SAN_SERVICE: *******************************************
07-01 09:52:37.261 21168 21171 D dalvikvm: GC_CONCURRENT freed 413K, 8% free 11009K/11847K, paused 10ms+8ms
07-01 09:52:38.179 20055 20058 D dalvikvm: GC_CONCURRENT freed 486K, 8% free 10247K/11079K, paused 2ms+3ms
07-01 09:52:40.156 20055 20058 D dalvikvm: GC_CONCURRENT freed 485K, 8% free 10248K/11079K, paused 2ms+3ms
07-01 09:52:41.019 21168 21171 D dalvikvm: GC_CONCURRENT freed 866K, 10% free 10702K/11847K, paused 2ms+4ms
07-01 09:52:41.570   345   345 D SAN_SERVICE: *******************************************
07-01 09:52:41.570   345   345 D SAN_SERVICE: DM App Phone Service State - 0
07-01 09:52:41.570   345   345 D SAN_SERVICE: *******************************************
07-01 09:52:42.050   345   345 D SAN_SERVICE: *******************************************
07-01 09:52:42.050   345   345 D SAN_SERVICE: DM App Phone Service State - 0
07-01 09:52:42.050   345   345 D SAN_SERVICE: *******************************************
07-01 09:52:42.207 20055 20058 D dalvikvm: GC_CONCURRENT freed 486K, 8% free 10248K/11079K, paused 3ms+2ms
07-01 09:52:44.164 20055 20058 D dalvikvm: GC_CONCURRENT freed 486K, 8% free 10249K/11079K, paused 2ms+3ms
07-01 09:52:45.168   145   310 D dalvikvm: GC_EXPLICIT freed 1189K, 17% free 15933K/19015K, paused 3ms+9ms
07-01 09:52:46.211 20055 20058 D dalvikvm: GC_CONCURRENT freed 467K, 8% free 10267K/11079K, paused 1ms+3ms
07-01 09:52:46.929 21168 21171 D dalvikvm: GC_CONCURRENT freed 203K, 8% free 10975K/11847K, paused 20ms+4ms
07-01 09:52:47.058 21168 21857 D dalvikvm: GC_FOR_ALLOC freed 337K, 8% free 11012K/11847K, paused 33ms
07-01 09:52:47.062 21168 21857 I dalvikvm-heap: Grow heap (frag case) to 10.885MB for 64492-byte allocation
07-01 09:52:47.129 21168 21271 D dalvikvm: GC_FOR_ALLOC freed 31K, 8% free 11043K/11911K, paused 58ms
07-01 09:52:48.160 20055 20058 D dalvikvm: GC_CONCURRENT freed 476K, 8% free 10275K/11079K, paused 2ms+4ms
07-01 09:52:50.168 20055 20058 D dalvikvm: GC_CONCURRENT freed 482K, 8% free 10275K/11079K, paused 2ms+3ms
07-01 09:52:52.183  8727  8729 D dalvikvm: GC_CONCURRENT freed 358K, 5% free 10393K/10887K, paused 3ms+10ms
07-01 09:52:52.242 20055 20058 D dalvikvm: GC_CONCURRENT freed 483K, 8% free 10276K/11079K, paused 1ms+3ms
07-01 09:52:52.996 21168 21171 D dalvikvm: GC_CONCURRENT freed 798K, 10% free 10796K/11911K, paused 21ms+3ms
07-01 09:52:54.168 20055 20058 D dalvikvm: GC_CONCURRENT freed 533K, 8% free 10249K/11079K, paused 2ms+3ms
07-01 09:52:56.175 20055 20058 D dalvikvm: GC_CONCURRENT freed 508K, 8% free 10250K/11079K, paused 1ms+3ms
07-01 09:52:56.894 21168 21171 D dalvikvm: GC_CONCURRENT freed 304K, 8% free 11064K/11911K, paused 2ms+4ms
07-01 09:52:56.945 21168 21857 D dalvikvm: GC_FOR_ALLOC freed 257K, 8% free 10982K/11911K, paused 26ms
07-01 09:52:58.207 20055 20058 D dalvikvm: GC_CONCURRENT freed 508K, 8% free 10251K/11079K, paused 2ms+3ms
07-01 09:53:00.101 20055 21167 D dalvikvm: GC_EXPLICIT freed 290K, 8% free 10215K/11079K, paused 1ms+3ms
07-01 09:53:01.144 20055 20058 D dalvikvm: GC_CONCURRENT freed 477K, 8% free 10247K/11079K, paused 2ms+3ms
07-01 09:53:02.035 21168 21171 D dalvikvm: GC_CONCURRENT freed 740K, 10% free 10769K/11911K, paused 2ms+5ms
07-01 09:53:03.179 20055 20058 D dalvikvm: GC_CONCURRENT freed 508K, 8% free 10247K/11079K, paused 8ms+3ms
07-01 09:53:05.164 20055 20058 D dalvikvm: GC_CONCURRENT freed 502K, 8% free 10253K/11079K, paused 2ms+3ms
07-01 09:53:06.730 21168 21171 D dalvikvm: GC_CONCURRENT freed 306K, 8% free 11039K/11911K, paused 2ms+3ms
07-01 09:53:06.812 21168 21857 D dalvikvm: GC_FOR_ALLOC freed 275K, 8% free 10983K/11911K, paused 42ms
07-01 09:53:07.187   145   156 D dalvikvm: GC_EXPLICIT freed 1185K, 17% free 15922K/19015K, paused 4ms+10ms
07-01 09:53:07.297 20055 20058 D dalvikvm: GC_CONCURRENT freed 514K, 8% free 10249K/11079K, paused 2ms+4ms
07-01 09:53:09.168 20055 20058 D dalvikvm: GC_CONCURRENT freed 505K, 8% free 10251K/11079K, paused 2ms+3ms
07-01 09:53:11.152 20055 20058 D dalvikvm: GC_CONCURRENT freed 512K, 8% free 10247K/11079K, paused 2ms+2ms
07-01 09:53:12.660 21168 21171 D dalvikvm: GC_CONCURRENT freed 714K, 10% free 10799K/11911K, paused 21ms+4ms
07-01 09:53:13.191 20055 20058 D dalvikvm: GC_CONCURRENT freed 503K, 8% free 10252K/11079K, paused 2ms+3ms
07-01 09:53:15.195 20055 20058 D dalvikvm: GC_CONCURRENT freed 508K, 8% free 10253K/11079K, paused 3ms+4ms
07-01 09:53:16.093  8727  8739 D dalvikvm: GC_EXPLICIT freed 346K, 5% free 10370K/10887K, paused 2ms+6ms
07-01 09:53:16.586 21168 21171 D dalvikvm: GC_CONCURRENT freed 349K, 8% free 11030K/11911K, paused 1ms+3ms
07-01 09:53:17.121 21559 21562 D dalvikvm: GC_CONCURRENT freed 404K, 6% free 9065K/9543K, paused 3ms+4ms
07-01 09:53:17.195 20055 20058 D dalvikvm: GC_CONCURRENT freed 513K, 8% free 10248K/11079K, paused 3ms+4ms
07-01 09:53:19.191 20055 20058 D dalvikvm: GC_CONCURRENT freed 512K, 8% free 10246K/11079K, paused 1ms+3ms
07-01 09:53:20.300 21168 21171 D dalvikvm: GC_CONCURRENT freed 978K, 10% free 10721K/11911K, paused 7ms+6ms
07-01 09:53:20.468 20055 20058 D dalvikvm: GC_CONCURRENT freed 482K, 8% free 10275K/11079K, paused 2ms+2ms
07-01 09:53:22.148 20055 20058 D dalvikvm: GC_CONCURRENT freed 538K, 8% free 10247K/11079K, paused 2ms+4ms
07-01 09:53:22.570   345   345 D SAN_SERVICE: *******************************************
07-01 09:53:22.570   345   345 D SAN_SERVICE: DM App Phone Service State - 0
07-01 09:53:22.570   345   345 D SAN_SERVICE: *******************************************
07-01 09:53:23.066   345   345 D SAN_SERVICE: *******************************************
07-01 09:53:23.066   345   345 D SAN_SERVICE: DM App Phone Service State - 0
07-01 09:53:23.070   345   345 D SAN_SERVICE: *******************************************
07-01 09:53:24.132 21168 21171 D dalvikvm: GC_CONCURRENT freed 317K, 9% free 10861K/11911K, paused 2ms+6ms
07-01 09:53:24.222 20055 20058 D dalvikvm: GC_CONCURRENT freed 483K, 8% free 10275K/11079K, paused 2ms+2ms
07-01 09:53:25.117 20055 20055 D dalvikvm: GC_EXPLICIT freed 70K, 8% free 10212K/11079K, paused 2ms+3ms
07-01 09:53:26.160 20055 20058 D dalvikvm: GC_CONCURRENT freed 466K, 8% free 10253K/11079K, paused 2ms+3ms
07-01 09:53:26.332 21168 21171 D dalvikvm: GC_CONCURRENT freed 373K, 8% free 11046K/11911K, paused 1ms+3ms
07-01 09:53:26.382 21168 21857 D dalvikvm: GC_FOR_ALLOC freed 288K, 9% free 10932K/11911K, paused 26ms
07-01 09:53:26.605   145   348 D dalvikvm: GC_EXPLICIT freed 1137K, 17% free 15911K/19015K, paused 9ms+9ms
07-01 09:53:27.582   345   345 D SAN_SERVICE: *******************************************
07-01 09:53:27.582   345   345 D SAN_SERVICE: DM App Phone Service State - 0
07-01 09:53:27.582   345   345 D SAN_SERVICE: *******************************************
07-01 09:53:28.047   345   345 D SAN_SERVICE: *******************************************
07-01 09:53:28.047   345   345 D SAN_SERVICE: DM App Phone Service State - 0
07-01 09:53:28.047   345   345 D SAN_SERVICE: *******************************************
07-01 09:53:28.160 20055 20058 D dalvikvm: GC_CONCURRENT freed 504K, 8% free 10258K/11079K, paused 2ms+3ms
07-01 09:53:30.183 20055 20058 D dalvikvm: GC_CONCURRENT freed 506K, 8% free 10261K/11079K, paused 8ms+3ms
07-01 09:53:31.937 21168 21171 D dalvikvm: GC_CONCURRENT freed 630K, 10% free 10816K/11911K, paused 21ms+4ms
07-01 09:53:32.226 20055 20058 D dalvikvm: GC_CONCURRENT freed 511K, 8% free 10281K/11079K, paused 2ms+3ms
07-01 09:53:34.187 20055 20058 D dalvikvm: GC_CONCURRENT freed 532K, 8% free 10257K/11079K, paused 2ms+3ms
07-01 09:53:36.101 21168 21171 D dalvikvm: GC_CONCURRENT freed 342K, 8% free 11057K/11911K, paused 2ms+4ms
07-01 09:53:36.230 20055 20058 D dalvikvm: GC_CONCURRENT freed 503K, 8% free 10262K/11079K, paused 2ms+8ms
07-01 09:53:36.265 21168 21857 D dalvikvm: GC_FOR_ALLOC freed 365K, 8% free 10974K/11911K, paused 46ms
07-01 09:53:37.781   345   345 D SAN_SERVICE: *******************************************
07-01 09:53:37.781   345   345 D SAN_SERVICE: DM App Phone Service State - 0
07-01 09:53:37.781   345   345 D SAN_SERVICE: *******************************************
07-01 09:53:38.058   345   345 D SAN_SERVICE: *******************************************
07-01 09:53:38.058   345   345 D SAN_SERVICE: DM App Phone Service State - 0
07-01 09:53:38.058   345   345 D SAN_SERVICE: *******************************************
07-01 09:53:38.179 20055 20058 D dalvikvm: GC_CONCURRENT freed 497K, 8% free 10274K/11079K, paused 2ms+3ms
07-01 09:53:40.152 20055 20058 D dalvikvm: GC_CONCURRENT freed 515K, 8% free 10271K/11079K, paused 2ms+3ms
07-01 09:53:41.574 21168 21171 D dalvikvm: GC_CONCURRENT freed 688K, 10% free 10821K/11911K, paused 1ms+3ms
07-01 09:53:42.152 20055 20058 D dalvikvm: GC_CONCURRENT freed 516K, 8% free 10265K/11079K, paused 3ms+3ms
07-01 09:53:42.793  8727  8729 D dalvikvm: GC_CONCURRENT freed 405K, 5% free 10414K/10951K, paused 3ms+5ms
07-01 09:53:43.843 21168 21168 D dalvikvm: GC_EXPLICIT freed 118K, 9% free 10855K/11911K, paused 2ms+4ms
07-01 09:53:44.195 20055 20058 D dalvikvm: GC_CONCURRENT freed 510K, 8% free 10264K/11079K, paused 2ms+3ms
07-01 09:53:45.789 21168 21171 D dalvikvm: GC_CONCURRENT freed 348K, 7% free 11081K/11911K, paused 2ms+3ms
07-01 09:53:45.840 21168 21857 D dalvikvm: GC_FOR_ALLOC freed 222K, 8% free 10983K/11911K, paused 26ms
07-01 09:53:46.164 20055 20058 D dalvikvm: GC_CONCURRENT freed 495K, 8% free 10280K/11079K, paused 2ms+3ms
07-01 09:53:48.082   345   345 D SAN_SERVICE: *******************************************
07-01 09:53:48.082   345   345 D SAN_SERVICE: DM App Phone Service State - 0
07-01 09:53:48.082   345   345 D SAN_SERVICE: *******************************************
07-01 09:53:48.215   145  1150 D dalvikvm: GC_EXPLICIT freed 1263K, 17% free 15932K/19015K, paused 3ms+10ms
07-01 09:53:48.328 20055 20058 D dalvikvm: GC_CONCURRENT freed 515K, 8% free 10275K/11079K, paused 1ms+3ms
07-01 09:53:50.187 20055 20058 D dalvikvm: GC_CONCURRENT freed 519K, 8% free 10268K/11079K, paused 3ms+3ms
07-01 09:53:50.914 19959 19972 I PhoneLab-: Service Running
07-01 09:53:50.996 19959 19972 I PhoneLab-LoggerService: app_37    1360  1     1436   1000  c00f181c 400107b4 S logcat
07-01 09:53:51.000 19959 19972 I PhoneLab-LoggerService: Logcat pid from database 1360
07-01 09:53:51.000 19959 19972 I PhoneLab-LoggerService: Logcat process found 1360
07-01 09:53:51.000 19959 19972 I PhoneLab-LoggerService: Checking Threshold
07-01 09:53:51.000 19959 19972 I PhoneLab-LoggerService: Starting to rename files
07-01 09:53:51.000 19959 19972 I PhoneLab-LoggerService: Files found .. 2
07-01 09:53:51.090 21168 21171 D dalvikvm: GC_CONCURRENT freed 697K, 10% free 10813K/11911K, paused 3ms+5ms
07-01 09:53:52.109 20055 21099 D dalvikvm: GC_EXPLICIT freed 359K, 8% free 10214K/11079K, paused 2ms+3ms
07-01 09:53:53.160 20055 20058 D dalvikvm: GC_CONCURRENT freed 468K, 8% free 10255K/11079K, paused 2ms+7ms
07-01 09:53:55.097 20055 20062 I dalvikvm: Jit: resizing JitTable from 4096 to 8192
07-01 09:53:55.207 20055 20058 D dalvikvm: GC_CONCURRENT freed 492K, 8% free 10270K/11079K, paused 3ms+3ms
07-01 09:53:55.355 21168 21171 D dalvikvm: GC_CONCURRENT freed 327K, 8% free 11071K/11911K, paused 1ms+4ms
07-01 09:53:55.445 21168 21857 D dalvikvm: GC_FOR_ALLOC freed 413K, 8% free 10986K/11911K, paused 27ms
07-01 09:53:57.160 20055 20058 D dalvikvm: GC_CONCURRENT freed 502K, 8% free 10278K/11079K, paused 2ms+3ms
07-01 09:53:57.375   306   306 I wpa_supplicant: wlan0: CTRL-EVENT-DISCONNECTED bssid=00:1a:a2:dd:b1:a1 reason=0
07-01 09:53:57.390    75   115 D CommandListener: Clearing all IP addresses on wlan0
07-01 09:53:57.453   145   202 D ConnectivityService: ConnectivityChange for WIFI: DISCONNECTED/DISCONNECTED
07-01 09:53:57.457   145   202 D ConnectivityService: Attempting to switch to mobile
07-01 09:53:57.461   145   202 D ConnectivityService: Attempting to switch to WIMAX
07-01 09:53:57.461   145   202 D ConnectivityService: Attempting to switch to BLUETOOTH_TETHER
07-01 09:53:57.504   145   202 E ConnectivityService: Exception trying to remove a route: java.lang.IllegalStateException: Unable to communicate with native dameon to add routes - com.android.server.NativeDaemonConnectorException: Cmd {interface route remove wlan0 default 67.20.211.254 32 0.0.0.0} failed with code 400 : {Failed to remove route from default table (No such process)}
07-01 09:53:57.507   145   202 D NetUtils: android_net_utils_resetConnections in env=0x9a76d8 clazz=0xe3200001 iface=wlan0 mask=0x3
07-01 09:53:57.507   145   202 E ConnectivityService: Exception trying to remove a route: java.lang.IllegalStateException: Unable to communicate with native dameon to add routes - com.android.server.NativeDaemonConnectorException: Cmd {interface route remove wlan0 default 0.0.0.0 0 67.20.211.254} failed with code 400 : {Failed to remove route from default table (No such process)}
07-01 09:53:57.507   145   202 D ConnectivityService: resetConnections(wlan0, 3)
07-01 09:53:57.519   145   202 D ConnectivityService: ConnectivityChange for WIMAX: DISCONNECTED/SCANNING
07-01 09:53:57.543   145   202 D ConnectivityService: Attempting to switch to mobile
07-01 09:53:57.543   145   202 D ConnectivityService: Attempting to switch to WIFI
07-01 09:53:57.543   145   202 D ConnectivityService: Attempting to switch to BLUETOOTH_TETHER
07-01 09:53:57.746  8727 21900 W Smack/Packet: notify conn break (IOEx), close connection
07-01 09:53:57.918  8727 21900 I qtaguid : Failed write_ctrl(u 80) res=-1 errno=22
07-01 09:53:57.918  8727 21900 I qtaguid : Untagging socket 80 failed errno=-22
07-01 09:53:57.929  8727 21900 W NetworkManagementSocketTagger: untagSocket(80) failed with errno -22
07-01 09:53:57.965   145   202 D ConnectivityService: handleInetConditionChange: no active default network - ignore
07-01 09:53:58.226   306   306 I wpa_supplicant: wlan0: Trying to associate with 00:14:a9:c8:31:11 (SSID='UB_Secure' freq=2412 MHz)
07-01 09:53:58.343   345   345 D SAN_SERVICE: *******************************************
07-01 09:53:58.347   345   345 D SAN_SERVICE: DM App Phone Service State - 0
07-01 09:53:58.363   306   306 I wpa_supplicant: wlan0: Associated with 00:14:a9:c8:31:11
07-01 09:53:58.363   306   306 I wpa_supplicant: wlan0: CTRL-EVENT-EAP-STARTED EAP authentication started
07-01 09:53:58.375   306   306 I wpa_supplicant: wlan0: CTRL-EVENT-EAP-PROPOSED-METHOD vendor=0 method=4 -> NAK
07-01 09:53:58.375   345   345 D SAN_SERVICE: *******************************************
07-01 09:53:58.379   306   306 I wpa_supplicant: wlan0: CTRL-EVENT-EAP-PROPOSED-METHOD vendor=0 method=25
07-01 09:53:58.379   306   306 I wpa_supplicant: wlan0: CTRL-EVENT-EAP-METHOD EAP vendor 0 method 25 (PEAP) selected
07-01 09:53:58.433   306   306 I wpa_supplicant: wlan0: CTRL-EVENT-EAP-PEER-CERT depth=2 subject='/C=US/O=Entrust.net/OU=www.entrust.net/CPS incorp. by ref. (limits liab.)/OU=(c) 1999 Entrust.net Limited/CN=Entrust.net Secure Server Certification Authority'
07-01 09:53:58.433   306   306 I wpa_supplicant: wlan0: CTRL-EVENT-EAP-PEER-CERT depth=2 subject='/C=US/O=Entrust.net/OU=www.entrust.net/CPS incorp. by ref. (limits liab.)/OU=(c) 1999 Entrust.net Limited/CN=Entrust.net Secure Server Certification Authority'
07-01 09:53:58.433   306   306 I wpa_supplicant: wlan0: CTRL-EVENT-EAP-PEER-CERT depth=1 subject='/C=US/ST=UT/L=Salt Lake City/O=The USERTRUST Network/CN=USERTrust Legacy Secure Server CA'
07-01 09:53:58.433   306   306 I wpa_supplicant: wlan0: CTRL-EVENT-EAP-PEER-CERT depth=0 subject='/C=US/postalCode=14260/ST=New York/L=Buffalo/street=305 Computing Center/O=SUNY AT BUFFALO/OU=Office of the President/OU=Issued through UNIVERSITY AT BUFFALO E-PKI Manager/OU=PremiumSSL Legacy/CN=ubsecure.acsu.buffalo.edu'
07-01 09:53:58.597   306   306 I wpa_supplicant: EAP-MSCHAPV2: Authentication succeeded
07-01 09:53:58.605   306   306 I wpa_supplicant: EAP-TLV: TLV Result - Success - EAP-TLV/Phase2 Completed
07-01 09:53:58.613   306   306 I wpa_supplicant: wlan0: CTRL-EVENT-EAP-SUCCESS EAP authentication completed successfully
07-01 09:53:58.644   306   306 I wpa_supplicant: wlan0: WPA: Key negotiation completed with 00:14:a9:c8:31:11 [PTK=CCMP GTK=TKIP]
07-01 09:53:58.644   306   306 I wpa_supplicant: wlan0: CTRL-EVENT-CONNECTED - Connection to 00:14:a9:c8:31:11 completed (reauth) [id=0 id_str=]
07-01 09:53:59.043   345   345 D SAN_SERVICE: *******************************************
07-01 09:53:59.043   345   345 D SAN_SERVICE: DM App Phone Service State - 0
07-01 09:53:59.043   345   345 D SAN_SERVICE: *******************************************
07-01 09:53:59.242 20055 20058 D dalvikvm: GC_CONCURRENT freed 516K, 8% free 10280K/11079K, paused 2ms+2ms
07-01 09:53:59.390   145   202 D ConnectivityService: ConnectivityChange for WIFI: CONNECTED/CONNECTED
07-01 09:53:59.402 19959 19959 I PhoneLab-WiFiReceiver: Wi-Fi is connected!
07-01 09:53:59.406 19959 19959 I PhoneLab-WiFiReceiver: SSID: UB_Secure BSSID: 00:14:a9:c8:31:11 RSSI: -200 LinkSpeed: -1
07-01 09:53:59.406 19959 19959 I PhoneLab-Locks: wake lock acquired
07-01 09:53:59.410 19959 19959 I PhoneLab-UploadLogs: Transfering log files now
07-01 09:53:59.429   145   197 W NetworkStats: dropping UID delta from unknown iface: iface=wlan0 uid=0 set=DEFAULT tag=0x0 rxBytes=0 rxPackets=0 txBytes=76 txPackets=1 operations=0
07-01 09:53:59.519 19959 19962 D dalvikvm: GC_CONCURRENT freed 423K, 14% free 9199K/10631K, paused 3ms+2ms
07-01 09:53:59.558 19959 19962 D dalvikvm: GC_CONCURRENT freed 271K, 12% free 9421K/10631K, paused 2ms+3ms
07-01 09:53:59.570 19959 19959 D dalvikvm: GC_FOR_ALLOC freed 0K, 12% free 9421K/10631K, paused 13ms
07-01 09:53:59.574 19959 19959 I dalvikvm-heap: Grow heap (frag case) to 9.762MB for 516692-byte allocation
07-01 09:53:59.593 19959 19959 D dalvikvm: GC_FOR_ALLOC freed 252K, 14% free 9673K/11143K, paused 14ms
07-01 09:53:59.597 19959 19959 I PhoneLab-UploadLogs: OnStartCommand
07-01 09:54:00.390   145   202 D ConnectivityService: NetTransition Wakelock for WifiStateMachine released by timeout
07-01 09:54:00.422 19959 22363 D dalvikvm: GC_FOR_ALLOC freed 352K, 14% free 9654K/11143K, paused 15ms
07-01 09:54:00.437 19959 22363 D dalvikvm: GC_FOR_ALLOC freed 301K, 14% free 9655K/11143K, paused 14ms
07-01 09:54:00.453 19959 22363 D dalvikvm: GC_FOR_ALLOC freed 301K, 14% free 9656K/11143K, paused 14ms
07-01 09:54:00.527   145   206 D Tethering: MasterInitialState.processMessage what=3
07-01 09:54:00.570   145   206 D Tethering: MasterInitialState.processMessage what=3
07-01 09:54:00.601  8727  8727 I GTalkService/c: [AndroidEndpoint@1094161344] connect: acct=1000000, state=CONNECTING
07-01 09:54:00.605  8727  8727 I GTalkService/c: [GTalkConnection@1094682200] connect: acct=1, state=CONNECTING
07-01 09:54:00.660 21518 21518 I MediaUploader: No need to wake up
07-01 09:54:00.664 19959 19959 I PhoneLab-WiFiReceiver: Wi-Fi is disconnected!
07-01 09:54:00.785 21534 21534 W ContextScopeImpl: thread=1 tried to enter the scope of the application context. Ignored.
07-01 09:54:00.804   145   147 D dalvikvm: GC_CONCURRENT freed 1682K, 17% free 15925K/19015K, paused 5ms+9ms
07-01 09:54:00.840 21534 21535 D dalvikvm: GC_CONCURRENT freed 381K, 5% free 9938K/10439K, paused 3ms+3ms
07-01 09:54:00.918 19998 21551 D PicasaSyncManager: active network: NetworkInfo: type: WIFI[], state: CONNECTED/CONNECTED, reason: (unspecified), extra: (none), roaming: false, failover: false, isAvailable: true
07-01 09:54:00.918 19998 21551 D PicasaSyncManager: background data: true
07-01 09:54:00.933 21518 21518 I MediaUploader: No need to wake up
07-01 09:54:00.984 21534 21534 W ContextScopeImpl: thread=1 tried to enter the scope of the application context. Ignored.
07-01 09:54:01.043 19998 21551 D PicasaSyncManager: active network: NetworkInfo: type: WIFI[], state: CONNECTED/CONNECTED, reason: (unspecified), extra: (none), roaming: false, failover: false, isAvailable: true
07-01 09:54:01.047 19998 21551 D PicasaSyncManager: background data: true
07-01 09:54:01.136  8727  8729 D dalvikvm: GC_CONCURRENT freed 505K, 6% free 10349K/10951K, paused 3ms+15ms
07-01 09:54:01.191  8727 21268 D dalvikvm: GC_EXPLICIT freed 94K, 7% free 10254K/10951K, paused 4ms+4ms
07-01 09:54:01.297 20055 20058 D dalvikvm: GC_CONCURRENT freed 522K, 8% free 10269K/11079K, paused 2ms+2ms
07-01 09:54:02.070 21168 21171 D dalvikvm: GC_CONCURRENT freed 691K, 10% free 10829K/11911K, paused 9ms+4ms
07-01 09:54:02.476   145   206 D Tethering: MasterInitialState.processMessage what=3
07-01 09:54:02.535 21518 21518 I MediaUploader: No need to wake up
07-01 09:54:02.590 21534 21534 W ContextScopeImpl: thread=1 tried to enter the scope of the application context. Ignored.
07-01 09:54:02.718 19998 21551 D PicasaSyncManager: active network: NetworkInfo: type: WIFI[], state: CONNECTED/CONNECTED, reason: (unspecified), extra: (none), roaming: false, failover: false, isAvailable: true
07-01 09:54:02.718 19998 21551 D PicasaSyncManager: background data: true
07-01 09:54:02.871   145   503 D dalvikvm: GC_EXPLICIT freed 642K, 17% free 15860K/19015K, paused 3ms+8ms
07-01 09:54:03.211 20055 20058 D dalvikvm: GC_CONCURRENT freed 481K, 8% free 10299K/11079K, paused 2ms+5ms
07-01 09:54:05.195 20055 20058 D dalvikvm: GC_CONCURRENT freed 515K, 8% free 10291K/11079K, paused 2ms+3ms
07-01 09:54:05.414 21168 21171 D dalvikvm: GC_CONCURRENT freed 315K, 7% free 11100K/11911K, paused 2ms+3ms
07-01 09:54:05.472 21168 21857 D dalvikvm: GC_FOR_ALLOC freed 299K, 8% free 10981K/11911K, paused 29ms
07-01 09:54:06.004   145   202 D ConnectivityService: handleInetConditionHoldEnd: net=1, condition=100, published condition=0
07-01 09:54:06.617  8727  8729 D dalvikvm: GC_CONCURRENT freed 346K, 6% free 10296K/10951K, paused 2ms+3ms
07-01 09:54:07.152 20055 20058 D dalvikvm: GC_CONCURRENT freed 534K, 8% free 10264K/11079K, paused 2ms+4ms
07-01 09:54:07.629  8727 22383 D dalvikvm: GC_FOR_ALLOC freed 134K, 7% free 10276K/10951K, paused 27ms
07-01 09:54:07.629  8727 22383 I dalvikvm-heap: Grow heap (frag case) to 10.121MB for 16400-byte allocation
07-01 09:54:07.652  8727 22383 D dalvikvm: GC_FOR_ALLOC freed 8K, 7% free 10284K/11015K, paused 23ms
07-01 09:54:09.148 20055 20058 D dalvikvm: GC_CONCURRENT freed 504K, 8% free 10260K/11079K, paused 2ms+2ms
07-01 09:54:10.172 20055 20058 D dalvikvm: GC_CONCURRENT freed 402K, 8% free 10250K/11079K, paused 2ms+3ms
07-01 09:54:10.687 19959 22363 W System.err: java.net.SocketTimeoutException
07-01 09:54:10.703 19959 22363 W System.err: 	at java.net.PlainSocketImpl.read(PlainSocketImpl.java:491)
07-01 09:54:10.703 19959 22363 W System.err: 	at java.net.PlainSocketImpl.access$000(PlainSocketImpl.java:46)
07-01 09:54:10.703 19959 22363 W System.err: 	at java.net.PlainSocketImpl$PlainSocketInputStream.read(PlainSocketImpl.java:240)
07-01 09:54:10.703 19959 22363 W System.err: 	at org.apache.http.impl.io.AbstractSessionInputBuffer.fillBuffer(AbstractSessionInputBuffer.java:103)
07-01 09:54:10.707 19959 22363 W System.err: 	at org.apache.http.impl.io.AbstractSessionInputBuffer.readLine(AbstractSessionInputBuffer.java:191)
07-01 09:54:10.707 19959 22363 W System.err: 	at org.apache.http.impl.conn.DefaultResponseParser.parseHead(DefaultResponseParser.java:82)
07-01 09:54:10.707 19959 22363 W System.err: 	at org.apache.http.impl.io.AbstractMessageParser.parse(AbstractMessageParser.java:174)
07-01 09:54:10.707 19959 22363 W System.err: 	at org.apache.http.impl.AbstractHttpClientConnection.receiveResponseHeader(AbstractHttpClientConnection.java:180)
07-01 09:54:10.707 19959 22363 W System.err: 	at org.apache.http.impl.conn.DefaultClientConnection.receiveResponseHeader(DefaultClientConnection.java:235)
07-01 09:54:10.707 19959 22363 W System.err: 	at org.apache.http.impl.conn.AbstractClientConnAdapter.receiveResponseHeader(AbstractClientConnAdapter.java:259)
07-01 09:54:10.707 19959 22363 W System.err: 	at org.apache.http.protocol.HttpRequestExecutor.doReceiveResponse(HttpRequestExecutor.java:279)
07-01 09:54:10.707 19959 22363 W System.err: 	at org.apache.http.protocol.HttpRequestExecutor.execute(HttpRequestExecutor.java:121)
07-01 09:54:10.711 19959 22363 W System.err: 	at org.apache.http.impl.client.DefaultRequestDirector.execute(DefaultRequestDirector.java:428)
07-01 09:54:10.711 19959 22363 W System.err: 	at org.apache.http.impl.client.AbstractHttpClient.execute(AbstractHttpClient.java:555)
07-01 09:54:10.711 19959 22363 W System.err: 	at org.apache.http.impl.client.AbstractHttpClient.execute(AbstractHttpClient.java:487)
07-01 09:54:10.711 19959 22363 W System.err: 	at com.loopj.android.http.AsyncHttpRequest.makeRequest(Unknown Source)
07-01 09:54:10.711 19959 22363 W System.err: 	at com.loopj.android.http.AsyncHttpRequest.makeRequestWithRetries(Unknown Source)
07-01 09:54:10.711 19959 22363 W System.err: 	at com.loopj.android.http.AsyncHttpRequest.run(Unknown Source)
07-01 09:54:10.711 19959 22363 W System.err: 	at java.util.concurrent.Executors$RunnableAdapter.call(Executors.java:442)
07-01 09:54:10.711 19959 22363 W System.err: 	at java.util.concurrent.FutureTask$Sync.innerRun(FutureTask.java:305)
07-01 09:54:10.711 19959 22363 W System.err: 	at java.util.concurrent.FutureTask.run(FutureTask.java:137)
07-01 09:54:10.711 19959 22363 W System.err: 	at java.util.concurrent.ThreadPoolExecutor.runWorker(ThreadPoolExecutor.java:1076)
07-01 09:54:10.711 19959 22363 W System.err: 	at java.util.concurrent.ThreadPoolExecutor$Worker.run(ThreadPoolExecutor.java:569)
07-01 09:54:10.711 19959 22363 W System.err: 	at java.lang.Thread.run(Thread.java:856)
07-01 09:54:10.715 19959 22363 W System.err: java.net.SocketTimeoutException
07-01 09:54:10.715 19959 22363 W System.err: 	at java.net.PlainSocketImpl.read(PlainSocketImpl.java:491)
07-01 09:54:10.718 19959 22363 W System.err: 	at java.net.PlainSocketImpl.access$000(PlainSocketImpl.java:46)
07-01 09:54:10.718 19959 22363 W System.err: 	at java.net.PlainSocketImpl$PlainSocketInputStream.read(PlainSocketImpl.java:240)
07-01 09:54:10.718 19959 22363 W System.err: 	at org.apache.http.impl.io.AbstractSessionInputBuffer.fillBuffer(AbstractSessionInputBuffer.java:103)
07-01 09:54:10.718 19959 22363 W System.err: 	at org.apache.http.impl.io.AbstractSessionInputBuffer.readLine(AbstractSessionInputBuffer.java:191)
07-01 09:54:10.718 19959 22363 W System.err: 	at org.apache.http.impl.conn.DefaultResponseParser.parseHead(DefaultResponseParser.java:82)
07-01 09:54:10.718 19959 22363 W System.err: 	at org.apache.http.impl.io.AbstractMessageParser.parse(AbstractMessageParser.java:174)
07-01 09:54:10.722 19959 22363 W System.err: 	at org.apache.http.impl.AbstractHttpClientConnection.receiveResponseHeader(AbstractHttpClientConnection.java:180)
07-01 09:54:10.722 19959 22363 W System.err: 	at org.apache.http.impl.conn.DefaultClientConnection.receiveResponseHeader(DefaultClientConnection.java:235)
07-01 09:54:10.722 19959 22363 W System.err: 	at org.apache.http.impl.conn.AbstractClientConnAdapter.receiveResponseHeader(AbstractClientConnAdapter.java:259)
07-01 09:54:10.722 19959 22363 W System.err: 	at org.apache.http.protocol.HttpRequestExecutor.doReceiveResponse(HttpRequestExecutor.java:279)
07-01 09:54:10.722 19959 22363 W System.err: 	at org.apache.http.protocol.HttpRequestExecutor.execute(HttpRequestExecutor.java:121)
07-01 09:54:10.722 19959 22363 W System.err: 	at org.apache.http.impl.client.DefaultRequestDirector.execute(DefaultRequestDirector.java:428)
07-01 09:54:10.722 19959 22363 W System.err: 	at org.apache.http.impl.client.AbstractHttpClient.execute(AbstractHttpClient.java:555)
07-01 09:54:10.722 19959 22363 W System.err: 	at org.apache.http.impl.client.AbstractHttpClient.execute(AbstractHttpClient.java:487)
07-01 09:54:10.722 19959 22363 W System.err: 	at com.loopj.android.http.AsyncHttpRequest.makeRequest(Unknown Source)
07-01 09:54:10.722 19959 22363 W System.err: 	at com.loopj.android.http.AsyncHttpRequest.makeRequestWithRetries(Unknown Source)
07-01 09:54:10.722 19959 22363 W System.err: 	at com.loopj.android.http.AsyncHttpRequest.run(Unknown Source)
07-01 09:54:10.726 19959 22363 W System.err: 	at java.util.concurrent.Executors$RunnableAdapter.call(Executors.java:442)
07-01 09:54:10.726 19959 22363 W System.err: 	at java.util.concurrent.FutureTask$Sync.innerRun(FutureTask.java:305)
07-01 09:54:10.726 19959 22363 W System.err: 	at java.util.concurrent.FutureTask.run(FutureTask.java:137)
07-01 09:54:10.726 19959 22363 W System.err: 	at java.util.concurrent.ThreadPoolExecutor.runWorker(ThreadPoolExecutor.java:1076)
07-01 09:54:10.726 19959 22363 W System.err: 	at java.util.concurrent.ThreadPoolExecutor$Worker.run(ThreadPoolExecutor.java:569)
07-01 09:54:10.726 19959 22363 W System.err: 	at java.lang.Thread.run(Thread.java:856)
07-01 09:54:10.726 19959 19959 E PhoneLab-: Transfering 1341150665254.log failed
07-01 09:54:10.726 19959 19959 I PhoneLab-Locks: wake lock released
07-01 09:54:11.925   145   202 D ConnectivityService: ConnectivityChange for mobile: CONNECTED/CONNECTED
07-01 09:54:11.957   145   202 D NetUtils: android_net_utils_resetConnections in env=0x9a76d8 clazz=0xfe400001 iface=rmnet0 mask=0x3
07-01 09:54:11.957   145   202 D ConnectivityService: ConnectivityChange for mobile: DISCONNECTED/DISCONNECTED
07-01 09:54:11.957   145   202 D ConnectivityService: Attempting to switch to WIFI
07-01 09:54:11.957   145   202 D ConnectivityService: Attempting to switch to WIMAX
07-01 09:54:11.957   145   202 D ConnectivityService: Attempting to switch to BLUETOOTH_TETHER
07-01 09:54:11.957   145   202 D ConnectivityService: resetConnections(rmnet0, 3)
07-01 09:54:12.195 21168 21171 D dalvikvm: GC_CONCURRENT freed 691K, 10% free 10835K/11911K, paused 9ms+5ms
07-01 09:54:12.316 20055 20058 D dalvikvm: GC_CONCURRENT freed 485K, 8% free 10272K/11079K, paused 1ms+3ms
07-01 09:54:14.222 20055 20058 D dalvikvm: GC_CONCURRENT freed 511K, 8% free 10272K/11079K, paused 2ms+4ms
07-01 09:54:15.062   145   206 D Tethering: MasterInitialState.processMessage what=3
07-01 09:54:15.101   145   206 D Tethering: MasterInitialState.processMessage what=3
07-01 09:54:15.129 21518 21518 I MediaUploader: No need to wake up
07-01 09:54:15.183 21534 21534 W ContextScopeImpl: thread=1 tried to enter the scope of the application context. Ignored.
07-01 09:54:15.257 19998 21551 D PicasaSyncManager: active network: NetworkInfo: type: WIFI[], state: CONNECTED/CONNECTED, reason: (unspecified), extra: (none), roaming: false, failover: false, isAvailable: true
07-01 09:54:15.285 19998 21551 D PicasaSyncManager: background data: true
07-01 09:54:15.293 21518 21518 I MediaUploader: No need to wake up
07-01 09:54:15.453 21534 21534 W ContextScopeImpl: thread=1 tried to enter the scope of the application context. Ignored.
07-01 09:54:15.504   145   329 D dalvikvm: GC_EXPLICIT freed 1462K, 16% free 16016K/19015K, paused 3ms+9ms
07-01 09:54:15.519 19998 21551 D PicasaSyncManager: active network: NetworkInfo: type: WIFI[], state: CONNECTED/CONNECTED, reason: (unspecified), extra: (none), roaming: false, failover: false, isAvailable: true
07-01 09:54:15.523 19998 21551 D PicasaSyncManager: background data: true
07-01 09:54:15.609   145   202 D ConnectivityService: handleInetConditionHoldEnd: net=1, condition=100, published condition=100
07-01 09:54:15.777 21168 21171 D dalvikvm: GC_CONCURRENT freed 332K, 7% free 11105K/11911K, paused 2ms+3ms
07-01 09:54:15.840 21168 21857 D dalvikvm: GC_FOR_ALLOC freed 313K, 8% free 11001K/11911K, paused 30ms
07-01 09:54:16.175 20055 20058 D dalvikvm: GC_CONCURRENT freed 505K, 8% free 10277K/11079K, paused 2ms+4ms
07-01 09:54:18.093 20055 20055 D dalvikvm: GC_EXPLICIT freed 368K, 8% free 10218K/11079K, paused 3ms+2ms
07-01 09:54:19.074   345   345 D SAN_SERVICE: *******************************************
07-01 09:54:19.074   345   345 D SAN_SERVICE: DM App Phone Service State - 0
07-01 09:54:19.074   345   345 D SAN_SERVICE: *******************************************
07-01 09:54:19.195 20055 20058 D dalvikvm: GC_CONCURRENT freed 465K, 8% free 10259K/11079K, paused 2ms+3ms
07-01 09:54:20.324 21168 21171 D dalvikvm: GC_CONCURRENT freed 893K, 10% free 10768K/11911K, paused 2ms+4ms
07-01 09:54:20.449 20055 20058 D dalvikvm: GC_CONCURRENT freed 496K, 8% free 10275K/11079K, paused 3ms+3ms
07-01 09:54:21.175 20055 20058 D dalvikvm: GC_CONCURRENT freed 490K, 8% free 10292K/11079K, paused 3ms+3ms
07-01 09:54:21.449   306   306 I wpa_supplicant: wlan0: CTRL-EVENT-DISCONNECTED bssid=00:14:a9:c8:31:11 reason=0
07-01 09:54:21.449    75   115 D CommandListener: Clearing all IP addresses on wlan0
07-01 09:54:21.468   145   202 D ConnectivityService: ConnectivityChange for WIFI: DISCONNECTED/DISCONNECTED
07-01 09:54:21.472   145   202 D ConnectivityService: Attempting to switch to mobile
07-01 09:54:21.472   145   202 D ConnectivityService: Attempting to switch to WIMAX
07-01 09:54:21.472   145   202 D ConnectivityService: Attempting to switch to BLUETOOTH_TETHER
07-01 09:54:21.496   145   202 E ConnectivityService: Exception trying to remove a route: java.lang.IllegalStateException: Unable to communicate with native dameon to add routes - com.android.server.NativeDaemonConnectorException: Cmd {interface route remove wlan0 default 67.20.211.254 32 0.0.0.0} failed with code 400 : {Failed to remove route from default table (No such process)}
07-01 09:54:21.504   145   202 E ConnectivityService: Exception trying to remove a route: java.lang.IllegalStateException: Unable to communicate with native dameon to add routes - com.android.server.NativeDaemonConnectorException: Cmd {interface route remove wlan0 default 0.0.0.0 0 67.20.211.254} failed with code 400 : {Failed to remove route from default table (No such process)}
07-01 09:54:21.507   145   202 D ConnectivityService: resetConnections(wlan0, 3)
07-01 09:54:21.515   145   202 D NetUtils: android_net_utils_resetConnections in env=0x9a76d8 clazz=0xc700001 iface=wlan0 mask=0x3
07-01 09:54:21.554   145   202 D ConnectivityService: ConnectivityChange for WIMAX: DISCONNECTED/SCANNING
07-01 09:54:21.558   145   202 D ConnectivityService: Attempting to switch to mobile
07-01 09:54:21.558   145   202 D ConnectivityService: Attempting to switch to WIFI
07-01 09:54:21.562   145   202 D ConnectivityService: Attempting to switch to BLUETOOTH_TETHER
07-01 09:54:21.691  8727 22383 W Smack/Packet: notify conn break (IOEx), close connection
07-01 09:54:21.847  8727 22383 I qtaguid : Failed write_ctrl(u 80) res=-1 errno=22
07-01 09:54:21.847  8727 22383 I qtaguid : Untagging socket 80 failed errno=-22
07-01 09:54:21.847  8727 22383 W NetworkManagementSocketTagger: untagSocket(80) failed with errno -22
07-01 09:54:21.898   145   202 D ConnectivityService: handleInetConditionChange: no active default network - ignore
07-01 09:54:22.125   306   306 I wpa_supplicant: wlan0: Trying to associate with e8:40:40:ac:24:31 (SSID='UB_Secure' freq=2412 MHz)
07-01 09:54:22.215 19612 19634 D dalvikvm: GC_EXPLICIT freed 287K, 8% free 9809K/10567K, paused 2ms+4ms
07-01 09:54:22.300  8727  8729 D dalvikvm: GC_CONCURRENT freed 345K, 7% free 10324K/11015K, paused 2ms+5ms
07-01 09:54:23.172 20055 20058 D dalvikvm: GC_CONCURRENT freed 491K, 7% free 10327K/11079K, paused 1ms+3ms
07-01 09:54:24.113   345   345 D SAN_SERVICE: *******************************************
07-01 09:54:24.113   345   345 D SAN_SERVICE: DM App Phone Service State - 0
07-01 09:54:24.113   345   345 D SAN_SERVICE: *******************************************
07-01 09:54:24.148   345   347 D dalvikvm: GC_CONCURRENT freed 725K, 8% free 11661K/12615K, paused 3ms+4ms
07-01 09:54:24.613   145   206 D Tethering: MasterInitialState.processMessage what=3
07-01 09:54:24.648   145   206 D Tethering: MasterInitialState.processMessage what=3
07-01 09:54:24.699 21518 21518 I MediaUploader: No need to wake up
07-01 09:54:24.703 19959 19959 I PhoneLab-WiFiReceiver: Wi-Fi is disconnected!
07-01 09:54:24.793 21518 21518 I MediaUploader: No need to wake up
07-01 09:54:24.867 19998 21551 D PicasaSyncManager: active network: null
07-01 09:54:24.867 19998 21551 D PicasaSyncManager: background data: true
07-01 09:54:24.945 19998 21551 D PicasaSyncManager: active network: null
07-01 09:54:24.945 19998 21551 D PicasaSyncManager: background data: true
07-01 09:54:25.215 20055 20058 D dalvikvm: GC_CONCURRENT freed 574K, 8% free 10265K/11079K, paused 2ms+8ms
07-01 09:54:25.351 21168 21171 D dalvikvm: GC_CONCURRENT freed 305K, 8% free 11016K/11911K, paused 2ms+3ms
07-01 09:54:25.422 21168 21857 D dalvikvm: GC_FOR_ALLOC freed 197K, 8% free 11002K/11911K, paused 26ms
07-01 09:54:25.422 21168 21857 I dalvikvm-heap: Grow heap (frag case) to 10.875MB for 64414-byte allocation
07-01 09:54:25.461 21168 21842 D dalvikvm: GC_FOR_ALLOC freed 0K, 8% free 11065K/11975K, paused 28ms
07-01 09:54:26.148 20055 20058 D dalvikvm: GC_CONCURRENT freed 423K, 8% free 10226K/11079K, paused 2ms+3ms
07-01 09:54:26.773   145   147 D dalvikvm: GC_CONCURRENT freed 1712K, 17% free 15950K/19015K, paused 3ms+8ms
07-01 09:54:28.179   145   395 D dalvikvm: GC_EXPLICIT freed 199K, 17% free 15818K/19015K, paused 3ms+7ms
07-01 09:54:28.277 20055 20058 D dalvikvm: GC_CONCURRENT freed 491K, 8% free 10241K/11079K, paused 2ms+4ms
07-01 09:54:29.109   145   202 D ConnectivityService: ConnectivityChange for mobile: CONNECTED/CONNECTED
07-01 09:54:29.218   145   198 D NetworkPolicy: applying policy NetworkPolicy[NetworkTemplate: matchRule=MOBILE_ALL, subscriberId=valid]: cycleDay=20, warningBytes=2147483648, limitBytes=-1, lastSnooze=-1 to ifaces [rmnet0]
07-01 09:54:30.113   145   202 D ConnectivityService: NetTransition Wakelock for WifiStateMachine released by timeout
07-01 09:54:30.164 20055 20058 D dalvikvm: GC_CONCURRENT freed 498K, 8% free 10251K/11079K, paused 2ms+3ms
07-01 09:54:31.476  8727  8727 I GTalkService/c: [AndroidEndpoint@1094161344] connect: acct=1000000, state=CONNECTING
07-01 09:54:31.480  8727  8727 I GTalkService/c: [GTalkConnection@1094682200] connect: acct=1, state=CONNECTING
07-01 09:54:32.132   306   306 I wpa_supplicant: wlan0: Authentication with e8:40:40:ac:24:31 timed out.
07-01 09:54:32.187   145   206 D Tethering: MasterInitialState.processMessage what=3
07-01 09:54:32.257 21518 21518 I MediaUploader: No need to wake up
07-01 09:54:32.304 21534 21534 W ContextScopeImpl: thread=1 tried to enter the scope of the application context. Ignored.
07-01 09:54:32.340 19998 21551 D PicasaSyncManager: active network: NetworkInfo: type: mobile[CDMA - EvDo rev. A], state: CONNECTED/CONNECTED, reason: (unspecified), extra: , roaming: false, failover: true, isAvailable: true
07-01 09:54:32.363 19998 21551 D PicasaSyncManager: background data: true
07-01 09:54:32.386 20055 20058 D dalvikvm: GC_CONCURRENT freed 506K, 8% free 10255K/11079K, paused 2ms+3ms
07-01 09:54:32.957   216   218 D dalvikvm: GC_CONCURRENT freed 215K, 31% free 9991K/14343K, paused 1ms+3ms
07-01 09:54:33.062   216   218 D dalvikvm: GC_CONCURRENT freed 343K, 30% free 10108K/14343K, paused 2ms+7ms
07-01 09:54:33.187 21168 21171 D dalvikvm: GC_CONCURRENT freed 806K, 10% free 10818K/11975K, paused 2ms+3ms
07-01 09:54:33.398   216   216 D dalvikvm: GC_FOR_ALLOC freed 486K, 31% free 9974K/14343K, paused 20ms
07-01 09:54:33.457  8727  8729 D dalvikvm: GC_CONCURRENT freed 429K, 7% free 10302K/11015K, paused 3ms+4ms
07-01 09:54:33.488   216   218 D dalvikvm: GC_CONCURRENT freed 407K, 31% free 10040K/14343K, paused 1ms+3ms
07-01 09:54:34.207 20055 20058 D dalvikvm: GC_CONCURRENT freed 521K, 8% free 10245K/11079K, paused 3ms+3ms
07-01 09:54:34.265  8727  8782 D dalvikvm: GC_EXPLICIT freed 138K, 7% free 10254K/11015K, paused 11ms+3ms
07-01 09:54:34.371   306   306 I wpa_supplicant: wlan0: Trying to associate with 00:1a:a2:dd:b1:a1 (SSID='UB_Secure' freq=2437 MHz)
07-01 09:54:34.570   306   306 I wpa_supplicant: wlan0: Associated with 00:1a:a2:dd:b1:a1
07-01 09:54:34.590   306   306 I wpa_supplicant: wlan0: CTRL-EVENT-EAP-STARTED EAP authentication started
07-01 09:54:34.593   306   306 I wpa_supplicant: wlan0: CTRL-EVENT-EAP-PROPOSED-METHOD vendor=0 method=4 -> NAK
07-01 09:54:34.601   306   306 I wpa_supplicant: wlan0: CTRL-EVENT-EAP-PROPOSED-METHOD vendor=0 method=25
07-01 09:54:34.601   306   306 I wpa_supplicant: wlan0: CTRL-EVENT-EAP-METHOD EAP vendor 0 method 25 (PEAP) selected
07-01 09:54:34.656   306   306 I wpa_supplicant: wlan0: CTRL-EVENT-EAP-PEER-CERT depth=2 subject='/C=US/O=Entrust.net/OU=www.entrust.net/CPS incorp. by ref. (limits liab.)/OU=(c) 1999 Entrust.net Limited/CN=Entrust.net Secure Server Certification Authority'
07-01 09:54:34.656   306   306 I wpa_supplicant: wlan0: CTRL-EVENT-EAP-PEER-CERT depth=2 subject='/C=US/O=Entrust.net/OU=www.entrust.net/CPS incorp. by ref. (limits liab.)/OU=(c) 1999 Entrust.net Limited/CN=Entrust.net Secure Server Certification Authority'
07-01 09:54:34.656   306   306 I wpa_supplicant: wlan0: CTRL-EVENT-EAP-PEER-CERT depth=1 subject='/C=US/ST=UT/L=Salt Lake City/O=The USERTRUST Network/CN=USERTrust Legacy Secure Server CA'
07-01 09:54:34.656   306   306 I wpa_supplicant: wlan0: CTRL-EVENT-EAP-PEER-CERT depth=0 subject='/C=US/postalCode=14260/ST=New York/L=Buffalo/street=305 Computing Center/O=SUNY AT BUFFALO/OU=Office of the President/OU=Issued through UNIVERSITY AT BUFFALO E-PKI Manager/OU=PremiumSSL Legacy/CN=ubsecure.acsu.buffalo.edu'
07-01 09:54:34.808   306   306 I wpa_supplicant: EAP-MSCHAPV2: Authentication succeeded
07-01 09:54:34.812   306   306 I wpa_supplicant: EAP-TLV: TLV Result - Success - EAP-TLV/Phase2 Completed
07-01 09:54:34.824   306   306 I wpa_supplicant: wlan0: CTRL-EVENT-EAP-SUCCESS EAP authentication completed successfully
07-01 09:54:34.867   306   306 I wpa_supplicant: wlan0: WPA: Key negotiation completed with 00:1a:a2:dd:b1:a1 [PTK=CCMP GTK=TKIP]
07-01 09:54:34.867   306   306 I wpa_supplicant: wlan0: CTRL-EVENT-CONNECTED - Connection to 00:1a:a2:dd:b1:a1 completed (reauth) [id=0 id_str=]
07-01 09:54:35.414 21224 21225 D dalvikvm: GC_CONCURRENT freed 382K, 8% free 9946K/10759K, paused 4ms+7ms
07-01 09:54:35.461   145   202 D ConnectivityService: handleInetConditionHoldEnd: net=0, condition=100, published condition=0
07-01 09:54:35.566 21168 21171 D dalvikvm: GC_CONCURRENT freed 331K, 8% free 11040K/11975K, paused 3ms+2ms
07-01 09:54:35.925   216   218 D dalvikvm: GC_CONCURRENT freed 512K, 31% free 9946K/14343K, paused 2ms+3ms
07-01 09:54:36.218 20055 20058 D dalvikvm: GC_CONCURRENT freed 513K, 8% free 10241K/11079K, paused 2ms+3ms
07-01 09:54:38.172 20055 20058 D dalvikvm: GC_CONCURRENT freed 520K, 8% free 10231K/11079K, paused 2ms+4ms
07-01 09:54:39.191   145   310 D dalvikvm: GC_EXPLICIT freed 1158K, 17% free 15932K/19015K, paused 2ms+9ms
07-01 09:54:40.136 20055 20058 D dalvikvm: GC_CONCURRENT freed 499K, 8% free 10229K/11079K, paused 2ms+3ms
07-01 09:54:41.078   306   306 I wpa_supplicant: wlan0: CTRL-EVENT-DISCONNECTED bssid=00:1a:a2:dd:b1:a1 reason=0
07-01 09:54:41.078    75   115 D CommandListener: Clearing all IP addresses on wlan0
07-01 09:54:41.093   145   202 D ConnectivityService: ConnectivityChange for WIFI: DISCONNECTED/DISCONNECTED
07-01 09:54:41.093   145   202 D ConnectivityService: Attempting to switch to mobile
07-01 09:54:41.093   145   202 D ConnectivityService: Attempting to switch to WIMAX
07-01 09:54:41.093   145   202 D ConnectivityService: Attempting to switch to BLUETOOTH_TETHER
07-01 09:54:41.121   145   197 W NetworkStats: dropping UID delta from unknown iface: iface=wlan0 uid=0 set=DEFAULT tag=0x0 rxBytes=0 rxPackets=0 txBytes=328 txPackets=5 operations=0
07-01 09:54:41.152   145   198 D NetworkPolicy: applying policy NetworkPolicy[NetworkTemplate: matchRule=MOBILE_ALL, subscriberId=valid]: cycleDay=20, warningBytes=2147483648, limitBytes=-1, lastSnooze=-1 to ifaces [rmnet0]
07-01 09:54:41.199   145   198 D NetworkPolicy: applying policy NetworkPolicy[NetworkTemplate: matchRule=MOBILE_ALL, subscriberId=valid]: cycleDay=20, warningBytes=2147483648, limitBytes=-1, lastSnooze=-1 to ifaces [rmnet0]
07-01 09:54:41.300 20055 20058 D dalvikvm: GC_CONCURRENT freed 400K, 8% free 10225K/11079K, paused 2ms+3ms
07-01 09:54:41.601   306   306 I wpa_supplicant: wlan0: Trying to associate with 00:13:80:94:4a:a1 (SSID='UB_Secure' freq=2462 MHz)
07-01 09:54:41.781   306   306 I wpa_supplicant: wlan0: Associated with 00:13:80:94:4a:a1
07-01 09:54:41.824   306   306 I wpa_supplicant: wlan0: CTRL-EVENT-EAP-STARTED EAP authentication started
07-01 09:54:41.832   306   306 I wpa_supplicant: wlan0: CTRL-EVENT-EAP-STARTED EAP authentication started
07-01 09:54:41.836   306   306 I wpa_supplicant: wlan0: CTRL-EVENT-EAP-PROPOSED-METHOD vendor=0 method=4 -> NAK
07-01 09:54:41.840   306   306 I wpa_supplicant: wlan0: CTRL-EVENT-EAP-PROPOSED-METHOD vendor=0 method=25
07-01 09:54:41.840   306   306 I wpa_supplicant: wlan0: CTRL-EVENT-EAP-METHOD EAP vendor 0 method 25 (PEAP) selected
07-01 09:54:41.898   306   306 I wpa_supplicant: wlan0: CTRL-EVENT-EAP-PEER-CERT depth=2 subject='/C=US/O=Entrust.net/OU=www.entrust.net/CPS incorp. by ref. (limits liab.)/OU=(c) 1999 Entrust.net Limited/CN=Entrust.net Secure Server Certification Authority'
07-01 09:54:41.898   306   306 I wpa_supplicant: wlan0: CTRL-EVENT-EAP-PEER-CERT depth=2 subject='/C=US/O=Entrust.net/OU=www.entrust.net/CPS incorp. by ref. (limits liab.)/OU=(c) 1999 Entrust.net Limited/CN=Entrust.net Secure Server Certification Authority'
07-01 09:54:41.898   306   306 I wpa_supplicant: wlan0: CTRL-EVENT-EAP-PEER-CERT depth=1 subject='/C=US/ST=UT/L=Salt Lake City/O=The USERTRUST Network/CN=USERTrust Legacy Secure Server CA'
07-01 09:54:41.898   306   306 I wpa_supplicant: wlan0: CTRL-EVENT-EAP-PEER-CERT depth=0 subject='/C=US/postalCode=14260/ST=New York/L=Buffalo/street=305 Computing Center/O=SUNY AT BUFFALO/OU=Office of the President/OU=Issued through UNIVERSITY AT BUFFALO E-PKI Manager/OU=PremiumSSL Legacy/CN=ubsecure.acsu.buffalo.edu'
07-01 09:54:41.929 21168 21171 D dalvikvm: GC_CONCURRENT freed 835K, 11% free 10761K/11975K, paused 2ms+3ms
07-01 09:54:42.062   306   306 I wpa_supplicant: EAP-MSCHAPV2: Authentication succeeded
07-01 09:54:42.066   306   306 I wpa_supplicant: EAP-TLV: TLV Result - Success - EAP-TLV/Phase2 Completed
07-01 09:54:42.074   306   306 I wpa_supplicant: wlan0: CTRL-EVENT-EAP-SUCCESS EAP authentication completed successfully
07-01 09:54:42.101   306   306 I wpa_supplicant: wlan0: WPA: Key negotiation completed with 00:13:80:94:4a:a1 [PTK=CCMP GTK=TKIP]
07-01 09:54:42.101   306   306 I wpa_supplicant: wlan0: CTRL-EVENT-CONNECTED - Connection to 00:13:80:94:4a:a1 completed (reauth) [id=0 id_str=]
07-01 09:54:42.140 19959 19962 D dalvikvm: GC_CONCURRENT freed 921K, 19% free 9120K/11143K, paused 2ms+3ms
07-01 09:54:43.117 20055 21167 D dalvikvm: GC_EXPLICIT freed 307K, 8% free 10194K/11079K, paused 2ms+4ms
07-01 09:54:44.109   145   206 D Tethering: MasterInitialState.processMessage what=3
07-01 09:54:44.136   145   206 D Tethering: MasterInitialState.processMessage what=3
07-01 09:54:44.226 21518 21518 I MediaUploader: No need to wake up
07-01 09:54:44.234 19959 19959 I PhoneLab-WiFiReceiver: Wi-Fi is disconnected!
07-01 09:54:44.312 20719 20721 D dalvikvm: GC_CONCURRENT freed 408K, 7% free 10595K/11271K, paused 14ms+3ms
07-01 09:54:44.343 21534 21534 W ContextScopeImpl: thread=1 tried to enter the scope of the application context. Ignored.
07-01 09:54:44.375 19998 21551 D PicasaSyncManager: active network: NetworkInfo: type: mobile[CDMA - EvDo rev. A], state: CONNECTED/CONNECTED, reason: (unspecified), extra: , roaming: false, failover: false, isAvailable: true
07-01 09:54:44.375 19998 21551 D PicasaSyncManager: background data: true
07-01 09:54:44.406   345   345 D SAN_SERVICE: *******************************************
07-01 09:54:44.406   345   345 D SAN_SERVICE: DM App Phone Service State - 0
07-01 09:54:44.410   345   345 D SAN_SERVICE: *******************************************
07-01 09:54:44.472 21518 21518 I MediaUploader: No need to wake up
07-01 09:54:44.523 21534 21534 W ContextScopeImpl: thread=1 tried to enter the scope of the application context. Ignored.
07-01 09:54:44.558 19998 21551 D PicasaSyncManager: active network: NetworkInfo: type: mobile[CDMA - EvDo rev. A], state: CONNECTED/CONNECTED, reason: (unspecified), extra: , roaming: false, failover: false, isAvailable: true
07-01 09:54:44.570 19998 21551 D PicasaSyncManager: background data: true
07-01 09:54:44.593 20055 20058 D dalvikvm: GC_CONCURRENT freed 480K, 8% free 10220K/11079K, paused 2ms+10ms
07-01 09:54:44.629  8727  8729 D dalvikvm: GC_CONCURRENT freed 354K, 7% free 10313K/11015K, paused 2ms+5ms
07-01 09:54:44.640   145   202 D ConnectivityService: handleInetConditionHoldEnd: net=0, condition=100, published condition=100
07-01 09:54:45.078   345   345 D SAN_SERVICE: *******************************************
07-01 09:54:45.078   345   345 D SAN_SERVICE: DM App Phone Service State - 0
07-01 09:54:45.078   345   345 D SAN_SERVICE: *******************************************
07-01 09:54:45.254   145   202 D ConnectivityService: ConnectivityChange for WIFI: CONNECTED/CONNECTED
07-01 09:54:45.257   145   202 D ConnectivityService: Policy requires mobile teardown
07-01 09:54:45.269 19959 19959 I PhoneLab-WiFiReceiver: Wi-Fi is connected!
07-01 09:54:45.273 19959 19959 I PhoneLab-WiFiReceiver: SSID: UB_Secure BSSID: 00:13:80:94:4a:a1 RSSI: -200 LinkSpeed: -1
07-01 09:54:45.273 19959 19959 I PhoneLab-Locks: wake lock acquired
07-01 09:54:45.281 19959 19959 I PhoneLab-UploadLogs: Transfering log files now
07-01 09:54:45.336   145   197 W NetworkStats: dropping UID delta from unknown iface: iface=wlan0 uid=0 set=DEFAULT tag=0x0 rxBytes=56 rxPackets=2 txBytes=272 txPackets=4 operations=0
07-01 09:54:45.336   145   202 D ConnectivityService: ConnectivityChange for mobile: DISCONNECTED/DISCONNECTED
07-01 09:54:45.336   145   202 D ConnectivityService: Attempting to switch to WIFI
07-01 09:54:45.336   145   202 D ConnectivityService: Attempting to switch to WIMAX
07-01 09:54:45.336   145   202 D ConnectivityService: Attempting to switch to BLUETOOTH_TETHER
07-01 09:54:45.340   145   202 D NetUtils: android_net_utils_resetConnections in env=0x9a76d8 clazz=0x3ed00001 iface=rmnet0 mask=0x3
07-01 09:54:45.340   145   202 D ConnectivityService: resetConnections(rmnet0, 3)
07-01 09:54:45.507 19959 19962 D dalvikvm: GC_CONCURRENT freed 345K, 18% free 9232K/11143K, paused 7ms+2ms
07-01 09:54:45.562 19959 19959 D dalvikvm: GC_FOR_ALLOC freed 177K, 16% free 9424K/11143K, paused 38ms
07-01 09:54:45.590 19959 19959 I PhoneLab-UploadLogs: OnStartCommand
07-01 09:54:45.652   145   147 D dalvikvm: GC_CONCURRENT freed 1743K, 17% free 15920K/19015K, paused 2ms+8ms
07-01 09:54:45.715  8727 22473 W Smack/Packet: notify conn break (IOEx), close connection
07-01 09:54:45.746 19959 19962 D dalvikvm: GC_CONCURRENT freed 298K, 14% free 9637K/11143K, paused 2ms+5ms
07-01 09:54:45.785 19959 22537 D dalvikvm: GC_FOR_ALLOC freed 306K, 14% free 9657K/11143K, paused 24ms
07-01 09:54:45.824 19959 22537 D dalvikvm: GC_FOR_ALLOC freed 301K, 14% free 9657K/11143K, paused 37ms
07-01 09:54:45.859 19959 22537 D dalvikvm: GC_FOR_ALLOC freed 301K, 14% free 9658K/11143K, paused 27ms
07-01 09:54:45.879  8727 22473 I qtaguid : Failed write_ctrl(u 80) res=-1 errno=22
07-01 09:54:45.879  8727 22473 I qtaguid : Untagging socket 80 failed errno=-22
07-01 09:54:45.879  8727 22473 W NetworkManagementSocketTagger: untagSocket(80) failed with errno -22
07-01 09:54:45.886   145   202 D ConnectivityService: handleInetConditionChange: net=0 != default=1 - ignore
07-01 09:54:45.980 21168 21171 D dalvikvm: GC_CONCURRENT freed 272K, 8% free 11055K/11975K, paused 2ms+3ms
07-01 09:54:46.082 21168 21857 D dalvikvm: GC_FOR_ALLOC freed 343K, 9% free 10937K/11975K, paused 53ms
07-01 09:54:46.265 21224 21324 D dalvikvm: GC_EXPLICIT freed 149K, 8% free 9920K/10759K, paused 3ms+3ms
07-01 09:54:46.320 20055 20058 D dalvikvm: GC_CONCURRENT freed 484K, 8% free 10245K/11079K, paused 3ms+3ms
07-01 09:54:46.797 19959 19959 I PhoneLab-: 1341150665254.log is deleted
07-01 09:54:46.797 19959 19959 I PhoneLab-: Response: {"data": "done", "err": ""}
07-01 09:54:46.800 19959 19959 I PhoneLab-UploadLogs: No log files to transfer
07-01 09:54:46.800 19959 19959 I PhoneLab-Locks: wake lock released
07-01 09:54:48.195 20055 20058 D dalvikvm: GC_CONCURRENT freed 514K, 8% free 10242K/11079K, paused 2ms+3ms
07-01 09:54:48.343   145   206 D Tethering: MasterInitialState.processMessage what=3
07-01 09:54:48.425   145   206 D Tethering: MasterInitialState.processMessage what=3
07-01 09:54:48.429   145   206 D Tethering: MasterInitialState.processMessage what=3
07-01 09:54:48.429  8727  8727 I GTalkService/c: [AndroidEndpoint@1094161344] connect: acct=1000000, state=CONNECTING
07-01 09:54:48.433  8727  8727 I GTalkService/c: [GTalkConnection@1094682200] connect: acct=1, state=CONNECTING
07-01 09:54:48.500 21518 21518 I MediaUploader: No need to wake up
07-01 09:54:48.547 21534 21534 W ContextScopeImpl: thread=1 tried to enter the scope of the application context. Ignored.
07-01 09:54:48.617 19998 21551 D PicasaSyncManager: active network: NetworkInfo: type: WIFI[], state: CONNECTED/CONNECTED, reason: (unspecified), extra: (none), roaming: false, failover: false, isAvailable: true
07-01 09:54:48.621 19998 21551 D PicasaSyncManager: background data: true
07-01 09:54:48.695 21518 21518 I MediaUploader: No need to wake up
07-01 09:54:48.734 20028 20030 D dalvikvm: GC_CONCURRENT freed 439K, 6% free 9362K/9927K, paused 2ms+8ms
07-01 09:54:48.757 21534 21534 W ContextScopeImpl: thread=1 tried to enter the scope of the application context. Ignored.
07-01 09:54:48.804 19296 19299 D dalvikvm: GC_CONCURRENT freed 502K, 6% free 10317K/10951K, paused 2ms+5ms
07-01 09:54:48.890 21518 21518 I MediaUploader: No need to wake up
07-01 09:54:48.933 21534 21534 W ContextScopeImpl: thread=1 tried to enter the scope of the application context. Ignored.
07-01 09:54:49.109 19998 20002 D dalvikvm: GC_CONCURRENT freed 1226K, 19% free 13398K/16455K, paused 8ms+6ms
07-01 09:54:49.250 19998 21551 D PicasaSyncManager: active network: NetworkInfo: type: WIFI[], state: CONNECTED/CONNECTED, reason: (unspecified), extra: (none), roaming: false, failover: false, isAvailable: true
07-01 09:54:49.254 19998 21551 D PicasaSyncManager: background data: true
07-01 09:54:49.402  8727  8729 D dalvikvm: GC_CONCURRENT freed 430K, 7% free 10287K/11015K, paused 4ms+5ms
07-01 09:54:49.601   145   365 D dalvikvm: GC_EXPLICIT freed 841K, 17% free 15859K/19015K, paused 7ms+8ms
07-01 09:54:49.617   345   345 D SAN_SERVICE: *******************************************
07-01 09:54:49.617   345   345 D SAN_SERVICE: DM App Phone Service State - 0
07-01 09:54:49.617   345   345 D SAN_SERVICE: *******************************************
07-01 09:54:50.070   345   345 D SAN_SERVICE: *******************************************
07-01 09:54:50.070   345   345 D SAN_SERVICE: DM App Phone Service State - 0
07-01 09:54:50.070   345   345 D SAN_SERVICE: *******************************************
07-01 09:54:50.187 20055 20058 D dalvikvm: GC_CONCURRENT freed 529K, 8% free 10224K/11079K, paused 2ms+3ms
07-01 09:54:50.340   145   202 D ConnectivityService: handleInetConditionHoldEnd: net=1, condition=100, published condition=0
07-01 09:54:52.211 20055 20058 D dalvikvm: GC_CONCURRENT freed 492K, 8% free 10244K/11079K, paused 2ms+3ms
07-01 09:54:54.195 20055 20058 D dalvikvm: GC_CONCURRENT freed 481K, 8% free 10274K/11079K, paused 2ms+4ms
07-01 09:54:55.625 21168 21171 D dalvikvm: GC_CONCURRENT freed 577K, 10% free 10878K/11975K, paused 65ms+2ms
07-01 09:54:56.254 21168 21171 D dalvikvm: GC_CONCURRENT freed 496K, 9% free 10969K/11975K, paused 2ms+2ms
07-01 09:54:56.269 20055 20058 D dalvikvm: GC_CONCURRENT freed 504K, 8% free 10281K/11079K, paused 2ms+4ms
07-01 09:54:58.164 20055 20058 D dalvikvm: GC_CONCURRENT freed 526K, 8% free 10267K/11079K, paused 1ms+4ms
07-01 09:55:00.179 20055 20058 D dalvikvm: GC_CONCURRENT freed 504K, 8% free 10292K/11079K, paused 2ms+3ms
07-01 09:55:02.183 20055 20058 D dalvikvm: GC_CONCURRENT freed 515K, 8% free 10289K/11079K, paused 2ms+3ms
07-01 09:55:04.175 20055 20058 D dalvikvm: GC_CONCURRENT freed 523K, 8% free 10278K/11079K, paused 2ms+3ms
07-01 09:55:04.425   306   306 I wpa_supplicant: wlan0: CTRL-EVENT-DISCONNECTED bssid=00:13:80:94:4a:a1 reason=0
07-01 09:55:04.461    75   115 D CommandListener: Clearing all IP addresses on wlan0
07-01 09:55:04.507   145   202 D ConnectivityService: ConnectivityChange for WIFI: DISCONNECTED/DISCONNECTED
07-01 09:55:04.511   145   202 D ConnectivityService: Attempting to switch to mobile
07-01 09:55:04.511   145   202 D ConnectivityService: Attempting to switch to WIMAX
07-01 09:55:04.511   145   202 D ConnectivityService: Attempting to switch to BLUETOOTH_TETHER
07-01 09:55:04.550   145   202 D NetUtils: android_net_utils_resetConnections in env=0x9a76d8 clazz=0x4f100001 iface=wlan0 mask=0x3
07-01 09:55:04.550   145   202 E ConnectivityService: Exception trying to remove a route: java.lang.IllegalStateException: Unable to communicate with native dameon to add routes - com.android.server.NativeDaemonConnectorException: Cmd {interface route remove wlan0 default 67.20.211.254 32 0.0.0.0} failed with code 400 : {Failed to remove route from default table (No such process)}
07-01 09:55:04.550   145   202 E ConnectivityService: Exception trying to remove a route: java.lang.IllegalStateException: Unable to communicate with native dameon to add routes - com.android.server.NativeDaemonConnectorException: Cmd {interface route remove wlan0 default 0.0.0.0 0 67.20.211.254} failed with code 400 : {Failed to remove route from default table (No such process)}
07-01 09:55:04.550   145   202 D ConnectivityService: resetConnections(wlan0, 3)
07-01 09:55:04.664  8727 22561 W Smack/Packet: notify conn break (IOEx), close connection
07-01 09:55:04.867   345   345 D SAN_SERVICE: *******************************************
07-01 09:55:04.867   345   345 D SAN_SERVICE: DM App Phone Service State - 0
07-01 09:55:04.867   345   345 D SAN_SERVICE: *******************************************
07-01 09:55:04.882  8727 22561 I qtaguid : Failed write_ctrl(u 80) res=-1 errno=22
07-01 09:55:04.882  8727 22561 I qtaguid : Untagging socket 80 failed errno=-22
07-01 09:55:04.882  8727 22561 W NetworkManagementSocketTagger: untagSocket(80) failed with errno -22
07-01 09:55:04.886   145   202 D ConnectivityService: handleInetConditionChange: no active default network - ignore
07-01 09:55:05.082   345   345 D SAN_SERVICE: *******************************************
07-01 09:55:05.082   345   345 D SAN_SERVICE: DM App Phone Service State - 0
07-01 09:55:05.082   345   345 D SAN_SERVICE: *******************************************
07-01 09:55:05.218   145   145 D dalvikvm: GC_EXPLICIT freed 1230K, 17% free 15829K/19015K, paused 2ms+9ms
07-01 09:55:05.355 21168 21171 D dalvikvm: GC_CONCURRENT freed 632K, 10% free 10872K/11975K, paused 24ms+5ms
07-01 09:55:05.761   306   306 I wpa_supplicant: wlan0: Trying to associate with 00:14:a9:c8:31:11 (SSID='UB_Secure' freq=2412 MHz)
07-01 09:55:06.183 20055 20058 D dalvikvm: GC_CONCURRENT freed 513K, 8% free 10277K/11079K, paused 2ms+3ms
07-01 09:55:06.382 21168 21171 D dalvikvm: GC_CONCURRENT freed 347K, 8% free 11113K/11975K, paused 2ms+2ms
07-01 09:55:07.105  8727  8742 D dalvikvm: GC_EXPLICIT freed 385K, 7% free 10261K/11015K, paused 2ms+5ms
07-01 09:55:07.597   145   206 D Tethering: MasterInitialState.processMessage what=3
07-01 09:55:07.695 21518 21518 I MediaUploader: No need to wake up
07-01 09:55:07.699 19959 19959 I PhoneLab-WiFiReceiver: Wi-Fi is disconnected!
07-01 09:55:07.765 19998 21551 D PicasaSyncManager: active network: null
07-01 09:55:07.769 19998 21551 D PicasaSyncManager: background data: true
07-01 09:55:07.859 20028 20041 D dalvikvm: GC_EXPLICIT freed 255K, 8% free 9196K/9927K, paused 6ms+3ms
07-01 09:55:08.218 20055 20058 D dalvikvm: GC_CONCURRENT freed 512K, 8% free 10276K/11079K, paused 2ms+3ms
07-01 09:55:10.140 20055 20055 D dalvikvm: GC_EXPLICIT freed 416K, 8% free 10193K/11079K, paused 2ms+3ms
07-01 09:55:11.187 20055 20058 D dalvikvm: GC_CONCURRENT freed 472K, 8% free 10226K/11079K, paused 2ms+3ms
07-01 09:55:13.066   145   202 D ConnectivityService: ConnectivityChange for mobile: CONNECTED/CONNECTED
07-01 09:55:13.160   145   198 D NetworkPolicy: applying policy NetworkPolicy[NetworkTemplate: matchRule=MOBILE_ALL, subscriberId=valid]: cycleDay=20, warningBytes=2147483648, limitBytes=-1, lastSnooze=-1 to ifaces [rmnet0]
07-01 09:55:13.293 20055 20058 D dalvikvm: GC_CONCURRENT freed 495K, 8% free 10243K/11079K, paused 1ms+3ms
07-01 09:55:14.066   145   202 D ConnectivityService: NetTransition Wakelock for WifiStateMachine released by timeout
07-01 09:55:15.191 20055 20058 D dalvikvm: GC_CONCURRENT freed 497K, 8% free 10257K/11079K, paused 2ms+4ms
07-01 09:55:15.902   306   306 I wpa_supplicant: wlan0: Authentication with 00:14:a9:c8:31:11 timed out.
07-01 09:55:16.113   145   206 D Tethering: MasterInitialState.processMessage what=3
07-01 09:55:16.136  8727  8727 I GTalkService/c: [AndroidEndpoint@1094161344] connect: acct=1000000, state=CONNECTING
07-01 09:55:16.140  8727  8727 I GTalkService/c: [GTalkConnection@1094682200] connect: acct=1, state=CONNECTING
07-01 09:55:16.175 21518 21518 I MediaUploader: No need to wake up
07-01 09:55:16.226 21534 21534 W ContextScopeImpl: thread=1 tried to enter the scope of the application context. Ignored.
07-01 09:55:16.289 19998 21551 D PicasaSyncManager: active network: NetworkInfo: type: mobile[CDMA - EvDo rev. A], state: CONNECTED/CONNECTED, reason: (unspecified), extra: , roaming: false, failover: true, isAvailable: true
07-01 09:55:16.289 19998 21551 D PicasaSyncManager: background data: true
07-01 09:55:16.406 21168 21171 D dalvikvm: GC_CONCURRENT freed 818K, 10% free 10885K/11975K, paused 2ms+15ms
07-01 09:55:16.613   306   306 I wpa_supplicant: wlan0: Trying to associate with 58:35:d9:38:be:51 (SSID='UB_Secure' freq=2462 MHz)
07-01 09:55:16.820   216   216 D dalvikvm: GC_FOR_ALLOC freed 332K, 31% free 9990K/14343K, paused 18ms
07-01 09:55:16.914 21168 21171 D dalvikvm: GC_CONCURRENT freed 488K, 9% free 10965K/11975K, paused 2ms+37ms
07-01 09:55:16.925   216   218 D dalvikvm: GC_CONCURRENT freed 330K, 30% free 10171K/14343K, paused 2ms+2ms
07-01 09:55:17.230 20055 20058 D dalvikvm: GC_CONCURRENT freed 535K, 8% free 10229K/11079K, paused 2ms+2ms
07-01 09:55:17.832  8727  8729 D dalvikvm: GC_CONCURRENT freed 414K, 7% free 10251K/11015K, paused 3ms+3ms
07-01 09:55:18.953   145   396 D dalvikvm: GC_EXPLICIT freed 1419K, 17% free 15836K/19015K, paused 44ms+8ms
07-01 09:55:19.183   145   365 W ActivityManager: finishReceiver called but no pending broadcasts
07-01 09:55:19.336 20055 20058 D dalvikvm: GC_CONCURRENT freed 503K, 8% free 10235K/11079K, paused 1ms+4ms
07-01 09:55:19.402   216   218 D dalvikvm: GC_CONCURRENT freed 522K, 30% free 10125K/14343K, paused 2ms+3ms
07-01 09:55:19.484   216   216 D dalvikvm: GC_FOR_ALLOC freed 370K, 30% free 10121K/14343K, paused 19ms
07-01 09:55:19.539   216   218 D dalvikvm: GC_CONCURRENT freed 499K, 30% free 10087K/14343K, paused 3ms+3ms
07-01 09:55:19.593   216   218 D dalvikvm: GC_CONCURRENT freed 558K, 31% free 9996K/14343K, paused 1ms+3ms
07-01 09:55:20.320 21168 21171 D dalvikvm: GC_CONCURRENT freed 1112K, 13% free 10501K/11975K, paused 2ms+4ms
07-01 09:55:20.340   345   345 D SAN_SERVICE: *******************************************
07-01 09:55:20.340   345   345 D SAN_SERVICE: DM App Phone Service State - 0
07-01 09:55:20.340   345   345 D SAN_SERVICE: *******************************************
07-01 09:55:20.523 20055 20058 D dalvikvm: GC_CONCURRENT freed 509K, 8% free 10233K/11079K, paused 2ms+3ms
07-01 09:55:20.582   145   202 D ConnectivityService: handleInetConditionHoldEnd: net=0, condition=100, published condition=0
07-01 09:55:21.086   345   345 D SAN_SERVICE: *******************************************
07-01 09:55:21.086   345   345 D SAN_SERVICE: DM App Phone Service State - 0
07-01 09:55:21.086   345   345 D SAN_SERVICE: *******************************************
07-01 09:55:22.183 20055 20058 D dalvikvm: GC_CONCURRENT freed 479K, 8% free 10263K/11079K, paused 3ms+4ms
07-01 09:55:22.390 21224 21225 D dalvikvm: GC_CONCURRENT freed 366K, 8% free 9939K/10759K, paused 2ms+4ms
07-01 09:55:23.070 19612 19629 D dalvikvm: GC_EXPLICIT freed 317K, 8% free 9810K/10567K, paused 6ms+4ms
07-01 09:55:24.179 20055 20058 D dalvikvm: GC_CONCURRENT freed 514K, 8% free 10259K/11079K, paused 1ms+2ms
07-01 09:55:25.402   345   345 D SAN_SERVICE: *******************************************
07-01 09:55:25.402   345   345 D SAN_SERVICE: DM App Phone Service State - 0
07-01 09:55:25.402   345   345 D SAN_SERVICE: *******************************************
07-01 09:55:26.121   345   345 D SAN_SERVICE: *******************************************
07-01 09:55:26.125   345   345 D SAN_SERVICE: DM App Phone Service State - 0
07-01 09:55:26.125   345   345 D SAN_SERVICE: *******************************************
07-01 09:55:26.144 21168 21171 D dalvikvm: GC_CONCURRENT freed 210K, 11% free 10685K/11975K, paused 16ms+3ms
07-01 09:55:26.261 20055 20058 D dalvikvm: GC_CONCURRENT freed 535K, 8% free 10235K/11079K, paused 2ms+3ms
07-01 09:55:26.703   306   306 I wpa_supplicant: wlan0: Authentication with 58:35:d9:38:be:51 timed out.
07-01 09:55:28.211 20055 20058 D dalvikvm: GC_CONCURRENT freed 486K, 8% free 10260K/11079K, paused 2ms+2ms
07-01 09:55:28.246   306   306 I wpa_supplicant: wlan0: Trying to associate with 00:21:1c:79:54:31 (SSID='UB_Secure' freq=2462 MHz)
07-01 09:55:29.406   145  1150 W ActivityManager: finishReceiver called but no pending broadcasts
07-01 09:55:29.539 21168 21171 D dalvikvm: GC_CONCURRENT freed 354K, 10% free 10885K/11975K, paused 2ms+5ms
07-01 09:55:29.617   216   216 D dalvikvm: GC_FOR_ALLOC freed 443K, 31% free 9914K/14343K, paused 17ms
07-01 09:55:29.668   216   218 D dalvikvm: GC_CONCURRENT freed 497K, 31% free 9900K/14343K, paused 1ms+2ms
07-01 09:55:37.164 21168 21171 D dalvikvm: GC_CONCURRENT freed 537K, 10% free 10890K/11975K, paused 2ms+2ms
07-01 09:55:50.125   306   306 I wpa_supplicant: wlan0: Authentication with 00:21:1c:79:54:31 timed out.
07-01 09:55:51.359   145   361 D dalvikvm: GC_EXPLICIT freed 771K, 17% free 15803K/19015K, paused 3ms+7ms
07-01 09:55:51.890   306   306 I wpa_supplicant: wlan0: Trying to associate with 00:13:80:94:4a:a1 (SSID='UB_Secure' freq=2462 MHz)
07-01 09:55:51.925   306   306 I wpa_supplicant: wlan0: Associated with 00:13:80:94:4a:a1
07-01 09:55:52.011    75   112 D NetlinkEvent: Unexpected netlink message. type=0x0
07-01 09:56:15.019   306   306 I wpa_supplicant: wlan0: CTRL-EVENT-DISCONNECTED bssid=00:13:80:94:4a:a1 reason=0
07-01 09:56:15.019    75   112 D NetlinkEvent: Unexpected netlink message. type=0x0
07-01 09:56:17.015   306   306 I wpa_supplicant: wlan0: Trying to associate with e8:40:40:ac:31:b1 (SSID='UB_Secure' freq=2462 MHz)
07-01 09:56:20.121   306   306 I wpa_supplicant: wlan0: CTRL-EVENT-DISCONNECTED bssid=e8:40:40:ac:31:b1 reason=0
07-01 09:56:20.336 21168 21171 D dalvikvm: GC_CONCURRENT freed 588K, 9% free 10915K/11975K, paused 2ms+7ms
07-01 09:56:20.382 20055 20058 D dalvikvm: GC_CONCURRENT freed 533K, 8% free 10238K/11079K, paused 2ms+3ms
07-01 09:56:20.703   306   306 I wpa_supplicant: wlan0: Trying to associate with 58:35:d9:38:be:51 (SSID='UB_Secure' freq=2462 MHz)
07-01 09:56:20.781   306   306 I wpa_supplicant: wlan0: Associated with 58:35:d9:38:be:51
07-01 09:56:20.781   306   306 I wpa_supplicant: wlan0: CTRL-EVENT-EAP-STARTED EAP authentication started
07-01 09:56:20.785   306   306 I wpa_supplicant: wlan0: CTRL-EVENT-EAP-PROPOSED-METHOD vendor=0 method=4 -> NAK
07-01 09:56:20.789    75   112 D NetlinkEvent: Unexpected netlink message. type=0x0
07-01 09:56:20.793   306   306 I wpa_supplicant: wlan0: CTRL-EVENT-EAP-PROPOSED-METHOD vendor=0 method=25
07-01 09:56:20.793   306   306 I wpa_supplicant: wlan0: CTRL-EVENT-EAP-METHOD EAP vendor 0 method 25 (PEAP) selected
07-01 09:56:20.836   306   306 I wpa_supplicant: wlan0: CTRL-EVENT-EAP-PEER-CERT depth=2 subject='/C=US/O=Entrust.net/OU=www.entrust.net/CPS incorp. by ref. (limits liab.)/OU=(c) 1999 Entrust.net Limited/CN=Entrust.net Secure Server Certification Authority'
07-01 09:56:20.836   306   306 I wpa_supplicant: wlan0: CTRL-EVENT-EAP-PEER-CERT depth=2 subject='/C=US/O=Entrust.net/OU=www.entrust.net/CPS incorp. by ref. (limits liab.)/OU=(c) 1999 Entrust.net Limited/CN=Entrust.net Secure Server Certification Authority'
07-01 09:56:20.839   306   306 I wpa_supplicant: wlan0: CTRL-EVENT-EAP-PEER-CERT depth=1 subject='/C=US/ST=UT/L=Salt Lake City/O=The USERTRUST Network/CN=USERTrust Legacy Secure Server CA'
07-01 09:56:20.839   306   306 I wpa_supplicant: wlan0: CTRL-EVENT-EAP-PEER-CERT depth=0 subject='/C=US/postalCode=14260/ST=New York/L=Buffalo/street=305 Computing Center/O=SUNY AT BUFFALO/OU=Office of the President/OU=Issued through UNIVERSITY AT BUFFALO E-PKI Manager/OU=PremiumSSL Legacy/CN=ubsecure.acsu.buffalo.edu'
07-01 09:56:21.035   306   306 I wpa_supplicant: EAP-MSCHAPV2: Authentication succeeded
07-01 09:56:21.039   306   306 I wpa_supplicant: EAP-TLV: TLV Result - Success - EAP-TLV/Phase2 Completed
07-01 09:56:21.046   306   306 I wpa_supplicant: wlan0: CTRL-EVENT-EAP-SUCCESS EAP authentication completed successfully
07-01 09:56:21.121   306   306 I wpa_supplicant: wlan0: WPA: Key negotiation completed with 58:35:d9:38:be:51 [PTK=CCMP GTK=TKIP]
07-01 09:56:21.121   306   306 I wpa_supplicant: wlan0: CTRL-EVENT-CONNECTED - Connection to 58:35:d9:38:be:51 completed (reauth) [id=0 id_str=]
07-01 09:56:21.738   145   202 D ConnectivityService: ConnectivityChange for WIFI: CONNECTED/CONNECTED
07-01 09:56:21.738   145   202 D ConnectivityService: Policy requires mobile teardown
07-01 09:56:21.789 19959 19959 I PhoneLab-WiFiReceiver: Wi-Fi is connected!
07-01 09:56:21.796 19959 19959 I PhoneLab-WiFiReceiver: SSID: UB_Secure BSSID: 58:35:d9:38:be:51 RSSI: -200 LinkSpeed: -1
07-01 09:56:21.796 19959 19959 I PhoneLab-Locks: wake lock acquired
07-01 09:56:21.812 19959 19959 I PhoneLab-UploadLogs: Transfering log files now
07-01 09:56:21.820 19959 19959 I PhoneLab-UploadLogs: No log files to transfer
07-01 09:56:21.824 19959 19959 I PhoneLab-Locks: wake lock released
07-01 09:56:21.824 19959 19959 I PhoneLab-UploadLogs: OnStartCommand
07-01 09:56:21.871   145   202 D ConnectivityService: ConnectivityChange for mobile: DISCONNECTED/DISCONNECTED
07-01 09:56:21.871   145   197 W NetworkStats: dropping UID delta from unknown iface: iface=wlan0 uid=0 set=DEFAULT tag=0x0 rxBytes=0 rxPackets=0 txBytes=76 txPackets=1 operations=0
07-01 09:56:21.871   145   202 D ConnectivityService: Attempting to switch to WIFI
07-01 09:56:21.871   145   202 D ConnectivityService: Attempting to switch to WIMAX
07-01 09:56:21.871   145   202 D ConnectivityService: Attempting to switch to BLUETOOTH_TETHER
07-01 09:56:21.875   145   202 D NetUtils: android_net_utils_resetConnections in env=0x9a76d8 clazz=0x72b00001 iface=rmnet0 mask=0x3
07-01 09:56:21.875   145   202 D ConnectivityService: resetConnections(rmnet0, 3)
07-01 09:56:21.968   216   218 D dalvikvm: GC_CONCURRENT freed 463K, 32% free 9867K/14343K, paused 2ms+9ms
07-01 09:56:22.035  8727 22633 W Smack/Packet: notify conn break (IOEx), close connection
07-01 09:56:22.086   216   218 D dalvikvm: GC_CONCURRENT freed 583K, 33% free 9702K/14343K, paused 2ms+6ms
07-01 09:56:22.156  8727  8729 D dalvikvm: GC_CONCURRENT freed 343K, 7% free 10292K/11015K, paused 2ms+3ms
07-01 09:56:22.277  8727 22633 I qtaguid : Failed write_ctrl(u 80) res=-1 errno=22
07-01 09:56:22.277  8727 22633 I qtaguid : Untagging socket 80 failed errno=-22
07-01 09:56:22.277  8727 22633 W NetworkManagementSocketTagger: untagSocket(80) failed with errno -22
07-01 09:56:22.281   145   202 D ConnectivityService: handleInetConditionChange: net=0 != default=1 - ignore
07-01 09:56:23.789 19959 19972 I PhoneLab-: Service Running
07-01 09:56:23.871 19959 19962 D dalvikvm: GC_CONCURRENT freed 876K, 18% free 9171K/11143K, paused 2ms+2ms
07-01 09:56:23.875 19959 19972 I PhoneLab-LoggerService: app_37    1360  1     1436   1000  c00f181c 400107b4 S logcat
07-01 09:56:23.875 19959 19972 I PhoneLab-LoggerService: Logcat pid from database 1360
07-01 09:56:23.875 19959 19972 I PhoneLab-LoggerService: Logcat process found 1360
07-01 09:56:23.875 19959 19972 I PhoneLab-LoggerService: Checking Threshold
07-01 09:56:24.867   145   206 D Tethering: MasterInitialState.processMessage what=3
07-01 09:56:24.894  8727  8727 I GTalkService/c: [AndroidEndpoint@1094161344] connect: acct=1000000, state=CONNECTING
07-01 09:56:24.898  8727  8727 I GTalkService/c: [GTalkConnection@1094682200] connect: acct=1, state=CONNECTING
07-01 09:56:24.925   145   206 D Tethering: MasterInitialState.processMessage what=3
07-01 09:56:24.937   145   206 D Tethering: MasterInitialState.processMessage what=3
07-01 09:56:24.968 21518 21518 I MediaUploader: No need to wake up
07-01 09:56:25.015 21534 21534 W ContextScopeImpl: thread=1 tried to enter the scope of the application context. Ignored.
07-01 09:56:25.070 19998 21551 D PicasaSyncManager: active network: NetworkInfo: type: WIFI[], state: CONNECTED/CONNECTED, reason: (unspecified), extra: (none), roaming: false, failover: false, isAvailable: true
07-01 09:56:25.074 19998 21551 D PicasaSyncManager: background data: true
07-01 09:56:25.082 21518 21518 I MediaUploader: No need to wake up
07-01 09:56:25.144 21534 21534 W ContextScopeImpl: thread=1 tried to enter the scope of the application context. Ignored.
07-01 09:56:25.273 21518 21518 I MediaUploader: No need to wake up
07-01 09:56:25.316 21534 21534 W ContextScopeImpl: thread=1 tried to enter the scope of the application context. Ignored.
07-01 09:56:25.433   145   147 D dalvikvm: GC_CONCURRENT freed 1547K, 17% free 15827K/19015K, paused 2ms+7ms
07-01 09:56:25.476 19998 21551 D PicasaSyncManager: active network: NetworkInfo: type: WIFI[], state: CONNECTED/CONNECTED, reason: (unspecified), extra: (none), roaming: false, failover: false, isAvailable: true
07-01 09:56:25.480 19998 21551 D PicasaSyncManager: background data: true
07-01 09:56:25.781  8727  8729 D dalvikvm: GC_CONCURRENT freed 413K, 7% free 10276K/11015K, paused 2ms+3ms
07-01 09:56:26.558   145   202 D ConnectivityService: handleInetConditionHoldEnd: net=1, condition=100, published condition=0
07-01 09:56:27.199 21587 21589 D dalvikvm: GC_CONCURRENT freed 465K, 7% free 9361K/9991K, paused 2ms+3ms
07-01 09:56:49.070   345   345 D SAN_SERVICE: *******************************************
07-01 09:56:49.070   345   345 D SAN_SERVICE: DM App Phone Service State - 0
07-01 09:56:49.070   345   345 D SAN_SERVICE: *******************************************
07-01 09:56:49.238   345   345 D SAN_SERVICE: *******************************************
07-01 09:56:49.238   345   345 D SAN_SERVICE: DM App Phone Service State - 0
07-01 09:56:49.238   345   345 D SAN_SERVICE: *******************************************
07-01 09:57:53.476   345   345 D SAN_SERVICE: *******************************************
07-01 09:57:53.476   345   345 D SAN_SERVICE: DM App Phone Service State - 0
07-01 09:57:53.476   345   345 D SAN_SERVICE: *******************************************
07-01 09:57:53.687   345   345 D SAN_SERVICE: *******************************************
07-01 09:57:53.687   345   345 D SAN_SERVICE: DM App Phone Service State - 0
07-01 09:57:53.687   345   345 D SAN_SERVICE: *******************************************
07-01 09:57:59.011   306   306 I wpa_supplicant: wlan0: CTRL-EVENT-DISCONNECTED bssid=58:35:d9:38:be:51 reason=0
07-01 09:57:59.011    75   115 D CommandListener: Clearing all IP addresses on wlan0
07-01 09:57:59.027   145   202 D ConnectivityService: ConnectivityChange for WIFI: DISCONNECTED/DISCONNECTED
07-01 09:57:59.031   145   202 D ConnectivityService: Attempting to switch to mobile
07-01 09:57:59.031   145   202 D ConnectivityService: Attempting to switch to WIMAX
07-01 09:57:59.031   145   202 D ConnectivityService: Attempting to switch to BLUETOOTH_TETHER
07-01 09:57:59.043   145   202 E ConnectivityService: Exception trying to remove a route: java.lang.IllegalStateException: Unable to communicate with native dameon to add routes - com.android.server.NativeDaemonConnectorException: Cmd {interface route remove wlan0 default 67.20.211.254 32 0.0.0.0} failed with code 400 : {Failed to remove route from default table (No such process)}
07-01 09:57:59.043   145   202 E ConnectivityService: Exception trying to remove a route: java.lang.IllegalStateException: Unable to communicate with native dameon to add routes - com.android.server.NativeDaemonConnectorException: Cmd {interface route remove wlan0 default 0.0.0.0 0 67.20.211.254} failed with code 400 : {Failed to remove route from default table (No such process)}
07-01 09:57:59.050   145   202 D NetUtils: android_net_utils_resetConnections in env=0x9a76d8 clazz=0x87000001 iface=wlan0 mask=0x3
07-01 09:57:59.050   145   202 D ConnectivityService: resetConnections(wlan0, 3)
07-01 09:57:59.195   345   347 D dalvikvm: GC_CONCURRENT freed 772K, 8% free 11663K/12615K, paused 3ms+7ms
07-01 09:57:59.215  8727 22712 W Smack/Packet: notify conn break (IOEx), close connection
07-01 09:57:59.367  8727 22712 I qtaguid : Failed write_ctrl(u 80) res=-1 errno=22
07-01 09:57:59.367  8727 22712 I qtaguid : Untagging socket 80 failed errno=-22
07-01 09:57:59.367  8727 22712 W NetworkManagementSocketTagger: untagSocket(80) failed with errno -22
07-01 09:57:59.371   145   202 D ConnectivityService: handleInetConditionChange: no active default network - ignore
07-01 09:57:59.609   306   306 I wpa_supplicant: wlan0: Trying to associate with d0:c2:82:2d:f2:a1 (SSID='UB_Secure' freq=2462 MHz)
07-01 09:57:59.660   306   306 I wpa_supplicant: wlan0: Associated with d0:c2:82:2d:f2:a1
07-01 09:57:59.660   306   306 I wpa_supplicant: wlan0: CTRL-EVENT-EAP-STARTED EAP authentication started
07-01 09:57:59.664   306   306 I wpa_supplicant: wlan0: CTRL-EVENT-EAP-PROPOSED-METHOD vendor=0 method=4 -> NAK
07-01 09:57:59.668   306   306 I wpa_supplicant: wlan0: CTRL-EVENT-EAP-PROPOSED-METHOD vendor=0 method=25
07-01 09:57:59.668   306   306 I wpa_supplicant: wlan0: CTRL-EVENT-EAP-METHOD EAP vendor 0 method 25 (PEAP) selected
07-01 09:57:59.715   306   306 I wpa_supplicant: wlan0: CTRL-EVENT-EAP-PEER-CERT depth=2 subject='/C=US/O=Entrust.net/OU=www.entrust.net/CPS incorp. by ref. (limits liab.)/OU=(c) 1999 Entrust.net Limited/CN=Entrust.net Secure Server Certification Authority'
07-01 09:57:59.715   306   306 I wpa_supplicant: wlan0: CTRL-EVENT-EAP-PEER-CERT depth=2 subject='/C=US/O=Entrust.net/OU=www.entrust.net/CPS incorp. by ref. (limits liab.)/OU=(c) 1999 Entrust.net Limited/CN=Entrust.net Secure Server Certification Authority'
07-01 09:57:59.715   306   306 I wpa_supplicant: wlan0: CTRL-EVENT-EAP-PEER-CERT depth=1 subject='/C=US/ST=UT/L=Salt Lake City/O=The USERTRUST Network/CN=USERTrust Legacy Secure Server CA'
07-01 09:57:59.718   306   306 I wpa_supplicant: wlan0: CTRL-EVENT-EAP-PEER-CERT depth=0 subject='/C=US/postalCode=14260/ST=New York/L=Buffalo/street=305 Computing Center/O=SUNY AT BUFFALO/OU=Office of the President/OU=Issued through UNIVERSITY AT BUFFALO E-PKI Manager/OU=PremiumSSL Legacy/CN=ubsecure.acsu.buffalo.edu'
07-01 09:57:59.871   306   306 I wpa_supplicant: EAP-MSCHAPV2: Authentication succeeded
07-01 09:57:59.875   306   306 I wpa_supplicant: EAP-TLV: TLV Result - Success - EAP-TLV/Phase2 Completed
07-01 09:57:59.882   306   306 I wpa_supplicant: wlan0: CTRL-EVENT-EAP-SUCCESS EAP authentication completed successfully
07-01 09:57:59.953   306   306 I wpa_supplicant: wlan0: WPA: Key negotiation completed with d0:c2:82:2d:f2:a1 [PTK=CCMP GTK=TKIP]
07-01 09:57:59.957   306   306 I wpa_supplicant: wlan0: CTRL-EVENT-CONNECTED - Connection to d0:c2:82:2d:f2:a1 completed (reauth) [id=0 id_str=]
07-01 09:58:00.558   145   202 D ConnectivityService: ConnectivityChange for WIFI: CONNECTED/CONNECTED
07-01 09:58:00.590 19959 19959 I PhoneLab-WiFiReceiver: Wi-Fi is connected!
07-01 09:58:00.590 19959 19959 I PhoneLab-WiFiReceiver: SSID: UB_Secure BSSID: d0:c2:82:2d:f2:a1 RSSI: -200 LinkSpeed: -1
07-01 09:58:00.590 19959 19959 I PhoneLab-Locks: wake lock acquired
07-01 09:58:00.593 19959 19959 I PhoneLab-UploadLogs: Transfering log files now
07-01 09:58:00.593 19959 19959 I PhoneLab-UploadLogs: No log files to transfer
07-01 09:58:00.593 19959 19959 I PhoneLab-Locks: wake lock released
07-01 09:58:00.597 19959 19959 I PhoneLab-UploadLogs: OnStartCommand
07-01 09:58:00.613   145   197 W NetworkStats: dropping UID delta from unknown iface: iface=wlan0 uid=0 set=DEFAULT tag=0x0 rxBytes=0 rxPackets=0 txBytes=136 txPackets=2 operations=0
07-01 09:58:01.562   145   202 D ConnectivityService: NetTransition Wakelock for WifiStateMachine released by timeout
07-01 09:58:03.023   145   206 D Tethering: MasterInitialState.processMessage what=3
07-01 09:58:03.043  8727  8727 I GTalkService/c: [AndroidEndpoint@1094161344] connect: acct=1000000, state=CONNECTING
07-01 09:58:03.047  8727  8727 I GTalkService/c: [GTalkConnection@1094682200] connect: acct=1, state=CONNECTING
07-01 09:58:03.175   145   157 D dalvikvm: GC_EXPLICIT freed 1110K, 17% free 15820K/19015K, paused 3ms+7ms
07-01 09:58:03.187 21518 21518 I MediaUploader: No need to wake up
07-01 09:58:03.191 19959 19959 I PhoneLab-WiFiReceiver: Wi-Fi is disconnected!
07-01 09:58:03.222 21534 21534 W ContextScopeImpl: thread=1 tried to enter the scope of the application context. Ignored.
07-01 09:58:03.257 19998 21551 D PicasaSyncManager: active network: NetworkInfo: type: WIFI[], state: CONNECTED/CONNECTED, reason: (unspecified), extra: (none), roaming: false, failover: false, isAvailable: true
07-01 09:58:03.261 19998 21551 D PicasaSyncManager: background data: true
07-01 09:58:03.332  8727  8729 D dalvikvm: GC_CONCURRENT freed 422K, 7% free 10251K/11015K, paused 2ms+3ms
07-01 09:58:03.632   145   310 D AlarmManagerService: Kernel timezone updated to 240 minutes west of GMT
07-01 09:58:03.632   345   345 D SystemClock: Setting time of day to sec=1341151085
07-01 09:58:05.059   145   162 I ActivityManager: Start proc com.android.calendar for broadcast com.android.calendar/.widget.CalendarAppWidgetService$CalendarFactory: pid=22760 uid=10005 gids={3003}
07-01 09:58:05.207   345   345 D SAN_SERVICE: *******************************************
07-01 09:58:05.207   345   345 D SAN_SERVICE: DM App Phone Service State - 0
07-01 09:58:05.207   345   345 D SAN_SERVICE: *******************************************
07-01 09:58:05.371 22760 22760 I ActivityThread: Pub com.android.calendar.CalendarRecentSuggestionsProvider: com.android.calendar.CalendarRecentSuggestionsProvider
07-01 09:58:05.520   145   365 I ActivityManager: Start proc com.android.deskclock for broadcast com.android.deskclock/.AlarmInitReceiver: pid=22777 uid=10011 gids={}
07-01 09:58:05.520   145   365 I ActivityManager: No longer want com.google.android.gm (pid 20088): hidden #16
07-01 09:58:05.657 22777 22777 I ActivityThread: Pub com.android.deskclock: com.android.deskclock.AlarmProvider
07-01 09:58:05.664   145   156 I ActivityManager: Start proc com.android.providers.calendar for content provider com.android.providers.calendar/.CalendarProvider2: pid=22791 uid=10006 gids={3003, 1015}
07-01 09:58:05.684   145   396 I ActivityManager: No longer want com.google.android.apps.maps:FriendService (pid 21189): hidden #16
07-01 09:58:05.746   145   206 D Tethering: MasterInitialState.processMessage what=3
07-01 09:58:05.801 22791 22791 I ActivityThread: Pub com.android.calendar: com.android.providers.calendar.CalendarProvider2
07-01 09:58:05.813 22777 22804 V AlarmClock: AlarmInitReceiver finished
07-01 09:58:05.813   145   145 I ActivityManager: No longer want com.google.android.maps.mytracks (pid 20245): hidden #16
07-01 09:58:05.910  8727  8782 D dalvikvm: GC_EXPLICIT freed 210K, 8% free 10237K/11015K, paused 2ms+3ms
07-01 09:58:05.934 21224 21225 D dalvikvm: GC_CONCURRENT freed 383K, 8% free 9946K/10759K, paused 2ms+7ms
07-01 09:58:05.957 21168 21171 D dalvikvm: GC_CONCURRENT freed 940K, 13% free 10520K/11975K, paused 2ms+15ms
07-01 09:58:06.051 21518 21518 I MediaUploader: No need to wake up
07-01 09:58:06.094 21534 21534 W ContextScopeImpl: thread=1 tried to enter the scope of the application context. Ignored.
07-01 09:58:06.133 19998 21551 D PicasaSyncManager: active network: NetworkInfo: type: WIFI[], state: CONNECTED/CONNECTED, reason: (unspecified), extra: (none), roaming: false, failover: false, isAvailable: true
07-01 09:58:06.137 19998 21551 D PicasaSyncManager: background data: true
07-01 09:58:06.457   145   202 D ConnectivityService: handleInetConditionHoldEnd: net=1, condition=100, published condition=0
07-01 09:58:07.207 22791 22791 I CalendarProvider2: Sending notification intent: Intent { act=android.intent.action.PROVIDER_CHANGED dat=content://com.android.calendar }
07-01 09:58:07.207 22791 22791 W ContentResolver: Failed to get type for: content://com.android.calendar (Unknown URL content://com.android.calendar)
07-01 09:58:19.180   145   202 D ConnectivityService: ConnectivityChange for mobile: CONNECTED/CONNECTED
07-01 09:58:19.211   145   202 D NetUtils: android_net_utils_resetConnections in env=0x9a76d8 clazz=0x9cb00001 iface=rmnet0 mask=0x3
07-01 09:58:19.211   145   202 D ConnectivityService: ConnectivityChange for mobile: DISCONNECTED/DISCONNECTED
07-01 09:58:19.211   145   202 D ConnectivityService: Attempting to switch to WIFI
07-01 09:58:19.211   145   202 D ConnectivityService: Attempting to switch to WIMAX
07-01 09:58:19.211   145   202 D ConnectivityService: Attempting to switch to BLUETOOTH_TETHER
07-01 09:58:19.211   145   202 D ConnectivityService: resetConnections(rmnet0, 3)
07-01 09:58:19.410   145   147 D dalvikvm: GC_CONCURRENT freed 1653K, 17% free 15832K/19015K, paused 2ms+6ms
07-01 09:58:20.039   145   348 D AlarmManagerService: Kernel timezone updated to 240 minutes west of GMT
07-01 09:58:21.922 20055 20058 D dalvikvm: GC_CONCURRENT freed 512K, 8% free 10238K/11079K, paused 1ms+4ms
07-01 09:58:22.262   145   206 D Tethering: MasterInitialState.processMessage what=3
07-01 09:58:22.321   145   206 D Tethering: MasterInitialState.processMessage what=3
07-01 09:58:22.352 21518 21518 I MediaUploader: No need to wake up
07-01 09:58:22.395 21534 21534 W ContextScopeImpl: thread=1 tried to enter the scope of the application context. Ignored.
07-01 09:58:22.461 19998 21551 D PicasaSyncManager: active network: NetworkInfo: type: WIFI[], state: CONNECTED/CONNECTED, reason: (unspecified), extra: (none), roaming: false, failover: false, isAvailable: true
07-01 09:58:22.489 21518 21518 I MediaUploader: No need to wake up
07-01 09:58:22.512 19998 21551 D PicasaSyncManager: background data: true
07-01 09:58:22.555 21534 21534 W ContextScopeImpl: thread=1 tried to enter the scope of the application context. Ignored.
07-01 09:58:22.582 21534 21535 D dalvikvm: GC_CONCURRENT freed 400K, 5% free 9981K/10503K, paused 2ms+2ms
07-01 09:58:22.614 19998 21551 D PicasaSyncManager: active network: NetworkInfo: type: WIFI[], state: CONNECTED/CONNECTED, reason: (unspecified), extra: (none), roaming: false, failover: false, isAvailable: true
07-01 09:58:22.614 19998 21551 D PicasaSyncManager: background data: true
07-01 09:58:22.637  8727  8729 D dalvikvm: GC_CONCURRENT freed 398K, 7% free 10266K/11015K, paused 2ms+11ms
07-01 09:58:22.797   145   202 D ConnectivityService: handleInetConditionHoldEnd: net=1, condition=100, published condition=100
07-01 09:58:26.746   145   145 D AlarmManagerService: Kernel timezone updated to 240 minutes west of GMT
07-01 09:58:27.050   345   345 D SAN_SERVICE: *******************************************
07-01 09:58:27.050   345   345 D SAN_SERVICE: DM App Phone Service State - 0
07-01 09:58:27.050   345   345 D SAN_SERVICE: *******************************************
07-01 09:58:27.093   345   345 D SAN_SERVICE: *******************************************
07-01 09:58:27.093   345   345 D SAN_SERVICE: DM App Phone Service State - 0
07-01 09:58:27.093   345   345 D SAN_SERVICE: *******************************************
07-01 09:58:29.597 19998 22825 I SqliteDatabaseCpp: sqlite returned: error code = 1, msg = no such column: wipeout_stats, db=/data/data/com.google.android.apps.plus/databases/iu.upload.db
07-01 09:58:29.609 19998 22825 W System.err: android.database.sqlite.SQLiteException: no such column: wipeout_stats: , while compiling: SELECT wipeout_stats  FROM account_status
07-01 09:58:29.652 19998 22825 W System.err: 	at android.database.sqlite.SQLiteCompiledSql.native_compile(Native Method)
07-01 09:58:29.652 19998 22825 W System.err: 	at android.database.sqlite.SQLiteCompiledSql.<init>(SQLiteCompiledSql.java:68)
07-01 09:58:29.652 19998 22825 W System.err: 	at android.database.sqlite.SQLiteProgram.compileSql(SQLiteProgram.java:143)
07-01 09:58:29.652 19998 22825 W System.err: 	at android.database.sqlite.SQLiteProgram.compileAndbindAllArgs(SQLiteProgram.java:361)
07-01 09:58:29.652 19998 22825 W System.err: 	at android.database.sqlite.SQLiteStatement.acquireAndLock(SQLiteStatement.java:260)
07-01 09:58:29.652 19998 22825 W System.err: 	at android.database.sqlite.SQLiteStatement.simpleQueryForLong(SQLiteStatement.java:137)
07-01 09:58:29.652 19998 22825 W System.err: 	at android.database.DatabaseUtils.longForQuery(DatabaseUtils.java:791)
07-01 09:58:29.652 19998 22825 W System.err: 	at android.database.DatabaseUtils.longForQuery(DatabaseUtils.java:779)
07-01 09:58:29.652 19998 22825 W System.err: 	at com.google.android.apps.plus.content.EsAccountsData.isContactsStatsWipeoutNeeded(EsAccountsData.java:641)
07-01 09:58:29.672 19998 22825 W System.err: 	at com.google.android.apps.plus.service.EsService.processIntent(EsService.java:4246)
07-01 09:58:29.679 19998 22825 W System.err: 	at com.google.android.apps.plus.service.ServiceThread$1.run(ServiceThread.java:50)
07-01 09:58:29.679 19998 22825 W System.err: 	at android.os.Handler.handleCallback(Handler.java:605)
07-01 09:58:29.679 19998 22825 W System.err: 	at android.os.Handler.dispatchMessage(Handler.java:92)
07-01 09:58:29.679 19998 22825 W System.err: 	at android.os.Looper.loop(Looper.java:137)
07-01 09:58:29.679 19998 22825 W System.err: 	at com.google.android.apps.plus.service.ServiceThread.run(ServiceThread.java:122)
07-01 09:58:31.726 19998 20002 D dalvikvm: GC_CONCURRENT freed 1364K, 19% free 13388K/16455K, paused 10ms+5ms
07-01 09:58:37.750 19998 20002 D dalvikvm: GC_CONCURRENT freed 1174K, 18% free 13592K/16455K, paused 4ms+4ms
07-01 09:58:37.820 19998 22826 D dalvikvm: GC_FOR_ALLOC freed 442K, 18% free 13652K/16455K, paused 38ms
07-01 09:58:37.820 19998 22826 I dalvikvm-heap: Grow heap (frag case) to 13.729MB for 342101-byte allocation
07-01 09:58:37.855 19998 22826 D dalvikvm: GC_FOR_ALLOC freed 0K, 17% free 13987K/16839K, paused 37ms
07-01 09:58:38.172   145   395 D AlarmManagerService: Kernel timezone updated to 240 minutes west of GMT
07-01 09:58:38.613 19998 20002 D dalvikvm: GC_CONCURRENT freed 1037K, 15% free 14479K/16839K, paused 2ms+3ms
07-01 09:58:40.390 19998 20002 D dalvikvm: GC_CONCURRENT freed 1695K, 15% free 14476K/16839K, paused 3ms+3ms
07-01 09:58:41.898 19998 20672 D dalvikvm: GC_EXPLICIT freed 2224K, 18% free 13864K/16839K, paused 3ms+3ms
07-01 09:58:42.000   145   361 D dalvikvm: GC_EXPLICIT freed 987K, 17% free 15786K/19015K, paused 2ms+8ms
07-01 09:58:42.511 19998 22826 I SqliteDatabaseCpp: sqlite returned: error code = 1, msg = no such column: last_stats_sync_time, db=/data/data/com.google.android.apps.plus/databases/iu.upload.db
07-01 09:58:42.519 19998 22826 E EsSyncAdapterService: Sync failure
07-01 09:58:42.519 19998 22826 E EsSyncAdapterService: android.database.sqlite.SQLiteException: no such column: last_stats_sync_time: , while compiling: SELECT last_stats_sync_time  FROM account_status
07-01 09:58:42.519 19998 22826 E EsSyncAdapterService: 	at android.database.sqlite.SQLiteCompiledSql.native_compile(Native Method)
07-01 09:58:42.519 19998 22826 E EsSyncAdapterService: 	at android.database.sqlite.SQLiteCompiledSql.<init>(SQLiteCompiledSql.java:68)
07-01 09:58:42.519 19998 22826 E EsSyncAdapterService: 	at android.database.sqlite.SQLiteProgram.compileSql(SQLiteProgram.java:143)
07-01 09:58:42.519 19998 22826 E EsSyncAdapterService: 	at android.database.sqlite.SQLiteProgram.compileAndbindAllArgs(SQLiteProgram.java:361)
07-01 09:58:42.519 19998 22826 E EsSyncAdapterService: 	at android.database.sqlite.SQLiteStatement.acquireAndLock(SQLiteStatement.java:260)
07-01 09:58:42.519 19998 22826 E EsSyncAdapterService: 	at android.database.sqlite.SQLiteStatement.simpleQueryForLong(SQLiteStatement.java:137)
07-01 09:58:42.519 19998 22826 E EsSyncAdapterService: 	at android.database.DatabaseUtils.longForQuery(DatabaseUtils.java:791)
07-01 09:58:42.519 19998 22826 E EsSyncAdapterService: 	at android.database.DatabaseUtils.longForQuery(DatabaseUtils.java:779)
07-01 09:58:42.519 19998 22826 E EsSyncAdapterService: 	at com.google.android.apps.plus.content.EsAccountsData.queryLastStatsSyncTimestamp(EsAccountsData.java:570)
07-01 09:58:42.519 19998 22826 E EsSyncAdapterService: 	at com.google.android.apps.plus.service.EsSyncAdapterService.syncContactsStatsIfNecessary(EsSyncAdapterService.java:670)
07-01 09:58:42.519 19998 22826 E EsSyncAdapterService: 	at com.google.android.apps.plus.service.EsSyncAdapterService.doFullSync(EsSyncAdapterService.java:633)
07-01 09:58:42.519 19998 22826 E EsSyncAdapterService: 	at com.google.android.apps.plus.service.EsSyncAdapterService.doSync(EsSyncAdapterService.java:566)
07-01 09:58:42.519 19998 22826 E EsSyncAdapterService: 	at com.google.android.apps.plus.service.EsSyncAdapterService.access$100(EsSyncAdapterService.java:52)
07-01 09:58:42.519 19998 22826 E EsSyncAdapterService: 	at com.google.android.apps.plus.service.EsSyncAdapterService$SyncAdapterImpl.onPerformSync(EsSyncAdapterService.java:408)
07-01 09:58:42.519 19998 22826 E EsSyncAdapterService: 	at android.content.AbstractThreadedSyncAdapter$SyncThread.run(AbstractThreadedSyncAdapter.java:247)
07-01 09:58:42.531   145   169 D SyncManager: failed sync operation lokeshmandvekar@gmail.com (com.google), com.google.android.apps.plus.content.EsProvider, SERVER, earliestRunTime 42300065, SyncResult: stats [ numParseExceptions: 1]
07-01 09:58:42.535   145   169 D SyncManager: not retrying sync operation because the error is a hard error: lokeshmandvekar@gmail.com (com.google), com.google.android.apps.plus.content.EsProvider, SERVER, earliestRunTime 42313017
07-01 09:58:59.961 19612 19615 D dalvikvm: GC_CONCURRENT freed 378K, 8% free 9816K/10567K, paused 2ms+3ms
07-01 09:59:00.050 19612 19629 D dalvikvm: GC_EXPLICIT freed 113K, 8% free 9724K/10567K, paused 27ms+3ms
07-01 09:59:00.312 19998 20002 D dalvikvm: GC_CONCURRENT freed 2024K, 21% free 13378K/16839K, paused 2ms+4ms
07-01 09:59:13.332   345   345 D SAN_SERVICE: *******************************************
07-01 09:59:13.332   345   345 D SAN_SERVICE: DM App Phone Service State - 0
07-01 09:59:13.332   345   345 D SAN_SERVICE: *******************************************
07-01 09:59:13.566 21224 22830 D dalvikvm: GC_EXPLICIT freed 157K, 7% free 10025K/10759K, paused 6ms+7ms
07-01 09:59:14.011 19612 19615 D dalvikvm: GC_CONCURRENT freed 264K, 7% free 9845K/10567K, paused 1ms+3ms
07-01 09:59:20.961 19959 19972 I PhoneLab-: Service Running
07-01 09:59:21.355 19959 19972 I PhoneLab-LoggerService: app_37    1360  1     1436   1000  c00f181c 400107b4 S logcat
07-01 09:59:21.355 19959 19972 I PhoneLab-LoggerService: Logcat pid from database 1360
07-01 09:59:21.355 19959 19972 I PhoneLab-LoggerService: Logcat process found 1360
07-01 09:59:21.355 19959 19972 I PhoneLab-LoggerService: Checking Threshold
07-01 09:59:21.742 21168 21171 D dalvikvm: GC_CONCURRENT freed 415K, 13% free 10493K/11975K, paused 2ms+2ms
07-01 09:59:23.129 20055 20058 D dalvikvm: GC_CONCURRENT freed 471K, 8% free 10277K/11079K, paused 2ms+2ms
07-01 09:59:23.562 21224 21225 D dalvikvm: GC_CONCURRENT freed 415K, 7% free 10007K/10759K, paused 2ms+3ms
07-01 09:59:27.136   345   345 D SAN_SERVICE: *******************************************
07-01 09:59:27.140   345   345 D SAN_SERVICE: DM App Phone Service State - 0
07-01 09:59:27.140   345   345 D SAN_SERVICE: *******************************************
07-01 09:59:28.144   145   365 D AlarmManagerService: Kernel timezone updated to 240 minutes west of GMT
07-01 09:59:29.144   145  1150 D AlarmManagerService: Kernel timezone updated to 240 minutes west of GMT
07-01 09:59:32.039   345   345 D SAN_SERVICE: *******************************************
07-01 09:59:32.043   345   345 D SAN_SERVICE: DM App Phone Service State - 0
07-01 09:59:32.043   345   345 D SAN_SERVICE: *******************************************
07-01 09:59:32.457   345   345 D SAN_SERVICE: *******************************************
07-01 09:59:32.457   345   345 D SAN_SERVICE: DM App Phone Service State - 0
07-01 09:59:32.457   345   345 D SAN_SERVICE: *******************************************
07-01 09:59:36.836   345   345 D SAN_SERVICE: *******************************************
07-01 09:59:36.836   345   345 D SAN_SERVICE: DM App Phone Service State - 0
07-01 09:59:36.836   345   345 D SAN_SERVICE: *******************************************
07-01 09:59:56.433   145   310 D AlarmManagerService: Kernel timezone updated to 240 minutes west of GMT
07-01 09:59:56.449   345   345 D SAN_SERVICE: *******************************************
07-01 09:59:56.449   345   345 D SAN_SERVICE: DM App Phone Service State - 0
07-01 09:59:56.449   345   345 D SAN_SERVICE: *******************************************
07-01 10:00:01.316   145   157 D dalvikvm: GC_EXPLICIT freed 903K, 18% free 15782K/19015K, paused 3ms+6ms
07-01 10:00:04.129   145   361 D AlarmManagerService: Kernel timezone updated to 240 minutes west of GMT
07-01 10:00:04.164   345   345 D SAN_SERVICE: *******************************************
07-01 10:00:04.164   345   345 D SAN_SERVICE: DM App Phone Service State - 0
07-01 10:00:04.164   345   345 D SAN_SERVICE: *******************************************
07-01 10:00:09.515   145   310 D AlarmManagerService: Kernel timezone updated to 240 minutes west of GMT
07-01 10:00:09.546   345   345 D SAN_SERVICE: *******************************************
07-01 10:00:09.546   345   345 D SAN_SERVICE: DM App Phone Service State - 0
07-01 10:00:09.546   345   345 D SAN_SERVICE: *******************************************
07-01 10:00:12.105 19779 19780 D dalvikvm: GC_CONCURRENT freed 510K, 6% free 10891K/11527K, paused 3ms+7ms
07-01 10:00:20.644 19959 19972 I PhoneLab-: Service Running
07-01 10:00:20.714 19959 19972 I PhoneLab-LoggerService: app_37    1360  1     1436   1000  c00f181c 400107b4 S logcat
07-01 10:00:20.718 19959 19972 I PhoneLab-LoggerService: Logcat pid from database 1360
07-01 10:00:20.718 19959 19972 I PhoneLab-LoggerService: Logcat process found 1360
07-01 10:00:20.718 19959 19972 I PhoneLab-LoggerService: Checking Threshold
07-01 10:00:23.082 21168 21171 D dalvikvm: GC_CONCURRENT freed 501K, 13% free 10504K/11975K, paused 1ms+3ms
07-01 10:00:32.070   145   161 I power   : *** set_screen_state 1
07-01 10:00:32.086   145   177 I WindowManager: Lock screen displayed!
07-01 10:00:32.090 19959 19959 I PhoneLab-PowerOnReceiver: Power is plugged in!
07-01 10:00:32.090 19959 19959 I PhoneLab-PowerOnReceiver: Rescheduling periodic checking...
07-01 10:00:32.125   216   216 W PowerUI : unknown intent: Intent { act=android.intent.action.ACTION_POWER_CONNECTED flg=0x10000010 }
07-01 10:00:32.261    78   121 D SurfaceFlinger: Screen about to return, flinger = 0x457918
07-01 10:00:32.308 19959 19959 I PhoneLab-Locks: wake lock acquired
07-01 10:00:32.320 19959 19959 I PhoneLab-UploadLogs: Transfering log files now
07-01 10:00:32.320 19959 19959 I PhoneLab-UploadLogs: No log files to transfer
07-01 10:00:32.320 19959 19959 I PhoneLab-Locks: wake lock released
07-01 10:00:32.336 19959 19959 I PhoneLab-UploadLogs: OnStartCommand
07-01 10:00:32.894 20719 20721 D dalvikvm: GC_CONCURRENT freed 411K, 6% free 10653K/11271K, paused 2ms+13ms
07-01 10:00:33.632 20719 20721 D dalvikvm: GC_CONCURRENT freed 398K, 6% free 10703K/11271K, paused 3ms+3ms
07-01 10:00:42.336 19959 19959 I PhoneLab-Locks: wake lock acquired
07-01 10:00:42.398 19959 22856 I PhoneLab-PeriodicCheckService: User info is synched
07-01 10:00:42.406 19959 22856 I PhoneLab-PeriodicCheckService: Logger Service is running
07-01 10:00:42.410 19959 19959 I PhoneLab-Locks: wake lock acquired
07-01 10:00:42.414 19959 19959 I PhoneLab-StatusMonitor: Status Monitoring is started
07-01 10:00:42.429 19959 22856 I PhoneLab-Locks: wake lock acquired
07-01 10:00:42.433 19959 19959 E PhoneLab-PhoneLabManifest: java.io.FileNotFoundException: /data/data/edu.buffalo.cse.phonelab.phonelabservices/files/manifest.xml: open failed: ENOENT (No such file or directory)
07-01 10:00:42.433 19959 19959 I PhoneLab-Locks: wake lock released
07-01 10:00:42.437 19959 19959 I PhoneLab-UploadLogs: Transfering log files now
07-01 10:00:42.437 19959 19959 I PhoneLab-UploadLogs: No log files to transfer
07-01 10:00:42.437 19959 22856 I PhoneLab-PeriodicCheckService: Rescheduling periodic checking...
07-01 10:00:42.437 19959 19959 I PhoneLab-Locks: wake lock released
07-01 10:00:42.441 19959 22856 I PhoneLab-Locks: wake lock released
07-01 10:00:42.441 19959 19959 I PhoneLab-UploadLogs: OnStartCommand
07-01 10:00:42.457 19959 19962 D dalvikvm: GC_CONCURRENT freed 455K, 18% free 9139K/11143K, paused 2ms+2ms
07-01 10:01:04.886   145  1150 D AlarmManagerService: Kernel timezone updated to 240 minutes west of GMT
07-01 10:01:07.914   145   156 D AlarmManagerService: Kernel timezone updated to 240 minutes west of GMT
07-01 10:01:11.953   345   345 D SAN_SERVICE: *******************************************
07-01 10:01:11.953   345   345 D SAN_SERVICE: DM App Phone Service State - 0
07-01 10:01:11.953   345   345 D SAN_SERVICE: *******************************************
07-01 10:01:13.015   216   216 D PhoneStatusBar: disable: < expand icons alerts ticker system_info BACK HOME recent* CLOCK >
07-01 10:01:13.054   145  1149 W InputManagerService: Window already focused, ignoring focus gain of: com.android.internal.view.IInputMethodClient$Stub$Proxy@415e5048
07-01 10:01:13.070   216   216 D PhoneStatusBar: disable: < expand icons alerts ticker system_info back* home* recent clock* >
07-01 10:01:13.097   362 12108 D NfcService: NFC-C ON
07-01 10:01:13.367  8727  8729 D dalvikvm: GC_CONCURRENT freed 327K, 7% free 10326K/11015K, paused 2ms+5ms
07-01 10:01:13.578 19612 19615 D dalvikvm: GC_CONCURRENT freed 375K, 7% free 9857K/10567K, paused 2ms+3ms
07-01 10:01:13.773 19612 19615 D dalvikvm: GC_CONCURRENT freed 387K, 7% free 9861K/10567K, paused 1ms+3ms
07-01 10:01:14.945   145   156 D AlarmManagerService: Kernel timezone updated to 240 minutes west of GMT
07-01 10:01:14.953   345   345 D SAN_SERVICE: *******************************************
07-01 10:01:14.953   345   345 D SAN_SERVICE: DM App Phone Service State - 0
07-01 10:01:14.953   345   345 D SAN_SERVICE: *******************************************
07-01 10:01:23.101 21168 21171 D dalvikvm: GC_CONCURRENT freed 448K, 13% free 10502K/11975K, paused 2ms+5ms
07-01 10:01:23.129 20055 22858 D dalvikvm: GC_EXPLICIT freed 442K, 8% free 10195K/11079K, paused 3ms+3ms
07-01 10:01:24.222   145   161 V BackupManagerService: Running a backup pass
07-01 10:01:24.254   145   215 V BackupManagerService: Backup requested but nothing pending
07-01 10:01:56.757 19959 19972 I PhoneLab-: Service Running
07-01 10:01:56.832 19959 19972 I PhoneLab-LoggerService: app_37    1360  1     1436   1000  c00f181c 400107b4 S logcat
07-01 10:01:56.836 19959 19972 I PhoneLab-LoggerService: Logcat pid from database 1360
07-01 10:01:56.836 19959 19972 I PhoneLab-LoggerService: Logcat process found 1360
07-01 10:01:56.836 19959 19972 I PhoneLab-LoggerService: Checking Threshold
07-01 10:02:15.441   145   365 D AlarmManagerService: Kernel timezone updated to 240 minutes west of GMT
07-01 10:02:17.433   145   310 D AlarmManagerService: Kernel timezone updated to 240 minutes west of GMT
07-01 10:02:20.488   345   347 D dalvikvm: GC_CONCURRENT freed 822K, 8% free 11672K/12615K, paused 2ms+3ms
07-01 10:02:20.707   345   345 D SAN_SERVICE: *******************************************
07-01 10:02:20.707   345   345 D SAN_SERVICE: DM App Phone Service State - 0
07-01 10:02:20.707   345   345 D SAN_SERVICE: *******************************************
07-01 10:02:21.480   345   345 D SAN_SERVICE: *******************************************
07-01 10:02:21.480   345   345 D SAN_SERVICE: DM App Phone Service State - 0
07-01 10:02:21.480   345   345 D SAN_SERVICE: *******************************************
07-01 10:02:22.441   145   396 D AlarmManagerService: Kernel timezone updated to 240 minutes west of GMT
07-01 10:02:22.793   145   395 D dalvikvm: GC_EXPLICIT freed 1427K, 17% free 15819K/19015K, paused 26ms+9ms
07-01 10:02:22.808   345   345 D SAN_SERVICE: *******************************************
07-01 10:02:22.808   345   345 D SAN_SERVICE: DM App Phone Service State - 0
07-01 10:02:22.808   345   345 D SAN_SERVICE: *******************************************
07-01 10:02:23.320 20055 20058 D dalvikvm: GC_CONCURRENT freed 467K, 8% free 10240K/11079K, paused 2ms+12ms
07-01 10:02:23.363 21168 21171 D dalvikvm: GC_CONCURRENT freed 490K, 13% free 10518K/11975K, paused 2ms+7ms
07-01 10:02:23.449   345   345 D SAN_SERVICE: *******************************************
07-01 10:02:23.449   345   345 D SAN_SERVICE: DM App Phone Service State - 0
07-01 10:02:23.449   345   345 D SAN_SERVICE: *******************************************
07-01 10:02:30.039   145   202 D ConnectivityService: ConnectivityChange for WIMAX: DISCONNECTED/SCANNING
07-01 10:02:30.043   145   202 D ConnectivityService: Attempting to switch to mobile
07-01 10:02:30.043   145   202 D ConnectivityService: Attempting to switch to WIFI
07-01 10:02:30.043   145   202 D ConnectivityService: Attempting to switch to BLUETOOTH_TETHER
07-01 10:02:33.074   145   206 D Tethering: MasterInitialState.processMessage what=3
07-01 10:02:33.152   145   206 D Tethering: MasterInitialState.processMessage what=3
07-01 10:02:33.191 21518 21518 I MediaUploader: No need to wake up
07-01 10:02:33.246 21534 21534 W ContextScopeImpl: thread=1 tried to enter the scope of the application context. Ignored.
07-01 10:02:33.320  8727  8729 D dalvikvm: GC_CONCURRENT freed 426K, 7% free 10293K/11015K, paused 2ms+6ms
07-01 10:02:33.336 21518 21518 I MediaUploader: No need to wake up
07-01 10:02:33.390 21534 21534 W ContextScopeImpl: thread=1 tried to enter the scope of the application context. Ignored.
07-01 10:02:33.449 19998 21551 D PicasaSyncManager: active network: NetworkInfo: type: WIFI[], state: CONNECTED/CONNECTED, reason: (unspecified), extra: (none), roaming: false, failover: false, isAvailable: true
07-01 10:02:33.449 19998 21551 D PicasaSyncManager: background data: true
07-01 10:02:33.472 19998 21551 D PicasaSyncManager: active network: NetworkInfo: type: WIFI[], state: CONNECTED/CONNECTED, reason: (unspecified), extra: (none), roaming: false, failover: false, isAvailable: true
07-01 10:02:33.476 19998 21551 D PicasaSyncManager: background data: true
07-01 10:02:33.625   145   202 D ConnectivityService: handleInetConditionHoldEnd: net=1, condition=100, published condition=100
07-01 10:03:00.961   145   156 D AlarmManagerService: Kernel timezone updated to 240 minutes west of GMT
07-01 10:03:07.218   145   202 D ConnectivityService: ConnectivityChange for mobile: DISCONNECTED/DISCONNECTED
07-01 10:03:07.218   145   202 D ConnectivityService: Attempting to switch to WIFI
07-01 10:03:07.222   145   202 D NetUtils: android_net_utils_resetConnections in env=0x9a76d8 clazz=0xbdd00001 iface=rmnet0 mask=0x3
07-01 10:03:07.222   145   202 D ConnectivityService: Attempting to switch to WIMAX
07-01 10:03:07.222   145   202 D ConnectivityService: Attempting to switch to BLUETOOTH_TETHER
07-01 10:03:07.222   145   202 D ConnectivityService: resetConnections(rmnet0, 3)
07-01 10:03:07.472   145   147 D dalvikvm: GC_CONCURRENT freed 2442K, 21% free 15079K/19015K, paused 2ms+7ms
07-01 10:03:10.254   145   206 D Tethering: MasterInitialState.processMessage what=3
07-01 10:03:10.328   145   206 D Tethering: MasterInitialState.processMessage what=3
07-01 10:03:10.371 21518 21518 I MediaUploader: No need to wake up
07-01 10:03:10.429 21534 21534 W ContextScopeImpl: thread=1 tried to enter the scope of the application context. Ignored.
07-01 10:03:10.515 21518 21518 I MediaUploader: No need to wake up
07-01 10:03:10.531 19998 21551 D PicasaSyncManager: active network: NetworkInfo: type: WIFI[], state: CONNECTED/CONNECTED, reason: (unspecified), extra: (none), roaming: false, failover: false, isAvailable: true
07-01 10:03:10.566 19998 21551 D PicasaSyncManager: background data: true
07-01 10:03:10.578 21534 21534 W ContextScopeImpl: thread=1 tried to enter the scope of the application context. Ignored.
07-01 10:03:10.625 19998 21551 D PicasaSyncManager: active network: NetworkInfo: type: WIFI[], state: CONNECTED/CONNECTED, reason: (unspecified), extra: (none), roaming: false, failover: false, isAvailable: true
07-01 10:03:10.625 19998 21551 D PicasaSyncManager: background data: true
07-01 10:03:10.679 20028 20030 D dalvikvm: GC_CONCURRENT freed 265K, 7% free 9316K/9927K, paused 2ms+3ms
07-01 10:03:10.800   145   202 D ConnectivityService: handleInetConditionHoldEnd: net=1, condition=100, published condition=100
07-01 10:03:23.297 20055 20058 D dalvikvm: GC_CONCURRENT freed 438K, 8% free 10236K/11079K, paused 2ms+2ms
07-01 10:03:33.738   145   202 D NetUtils: android_net_utils_resetConnections in env=0x9a76d8 clazz=0xc8b00001 iface=rmnet0 mask=0x3
07-01 10:03:33.738   145   202 D ConnectivityService: ConnectivityChange for mobile: DISCONNECTED/DISCONNECTED
07-01 10:03:33.738   145   202 D ConnectivityService: Attempting to switch to WIFI
07-01 10:03:33.738   145   202 D ConnectivityService: Attempting to switch to WIMAX
07-01 10:03:33.738   145   202 D ConnectivityService: Attempting to switch to BLUETOOTH_TETHER
07-01 10:03:33.738   145   202 D ConnectivityService: resetConnections(rmnet0, 3)
07-01 10:03:36.765   145   206 D Tethering: MasterInitialState.processMessage what=3
07-01 10:03:36.816   145   206 D Tethering: MasterInitialState.processMessage what=3
07-01 10:03:36.875 21518 21518 I MediaUploader: No need to wake up
07-01 10:03:36.933 21534 21534 W ContextScopeImpl: thread=1 tried to enter the scope of the application context. Ignored.
07-01 10:03:37.004 21518 21518 I MediaUploader: No need to wake up
07-01 10:03:37.050 21534 21534 W ContextScopeImpl: thread=1 tried to enter the scope of the application context. Ignored.
07-01 10:03:37.070 19998 21551 D PicasaSyncManager: active network: NetworkInfo: type: WIFI[], state: CONNECTED/CONNECTED, reason: (unspecified), extra: (none), roaming: false, failover: false, isAvailable: true
07-01 10:03:37.078 19998 21551 D PicasaSyncManager: background data: true
07-01 10:03:37.168 19998 21551 D PicasaSyncManager: active network: NetworkInfo: type: WIFI[], state: CONNECTED/CONNECTED, reason: (unspecified), extra: (none), roaming: false, failover: false, isAvailable: true
07-01 10:03:37.172 19998 21551 D PicasaSyncManager: background data: true
07-01 10:03:37.195   145   147 D dalvikvm: GC_CONCURRENT freed 1424K, 21% free 15061K/19015K, paused 3ms+6ms
07-01 10:03:37.250 21224 21225 D dalvikvm: GC_CONCURRENT freed 478K, 8% free 9926K/10759K, paused 57ms+7ms
07-01 10:03:37.281 20719 20719 D dalvikvm: GC_EXPLICIT freed 314K, 6% free 10618K/11271K, paused 12ms+10ms
07-01 10:03:37.336   145   202 D ConnectivityService: handleInetConditionHoldEnd: net=1, condition=100, published condition=100
07-01 10:03:50.910 19959 19972 I PhoneLab-: Service Running
07-01 10:03:50.992 19959 19972 I PhoneLab-LoggerService: app_37    1360  1     1436   1000  c00f181c 400107b4 S logcat
07-01 10:03:50.992 19959 19972 I PhoneLab-LoggerService: Logcat pid from database 1360
07-01 10:03:50.992 19959 19972 I PhoneLab-LoggerService: Logcat process found 1360
07-01 10:03:50.992 19959 19972 I PhoneLab-LoggerService: Checking Threshold
07-01 10:04:14.996   345   345 D SAN_SERVICE: *******************************************
07-01 10:04:14.996   345   345 D SAN_SERVICE: DM App Phone Service State - 0
07-01 10:04:14.996   345   345 D SAN_SERVICE: *******************************************
07-01 10:04:15.738   345   345 D SAN_SERVICE: *******************************************
07-01 10:04:15.738   345   345 D SAN_SERVICE: DM App Phone Service State - 0
07-01 10:04:15.738   345   345 D SAN_SERVICE: *******************************************
07-01 10:04:20.035   345   345 D SAN_SERVICE: *******************************************
07-01 10:04:20.035   345   345 D SAN_SERVICE: DM App Phone Service State - 0
07-01 10:04:20.039   345   345 D SAN_SERVICE: *******************************************
07-01 10:04:22.394   145   202 D NetUtils: android_net_utils_resetConnections in env=0x9a76d8 clazz=0xd4000001 iface=rmnet0 mask=0x3
07-01 10:04:22.394   145   202 D ConnectivityService: ConnectivityChange for mobile: DISCONNECTED/DISCONNECTED
07-01 10:04:22.394   145   202 D ConnectivityService: Attempting to switch to WIFI
07-01 10:04:22.394   145   202 D ConnectivityService: Attempting to switch to WIMAX
07-01 10:04:22.394   145   202 D ConnectivityService: Attempting to switch to BLUETOOTH_TETHER
07-01 10:04:22.394   145   202 D ConnectivityService: resetConnections(rmnet0, 3)
07-01 10:04:23.285 21168 21171 D dalvikvm: GC_CONCURRENT freed 524K, 13% free 10505K/11975K, paused 2ms+3ms
07-01 10:04:23.433 20055 20058 D dalvikvm: GC_CONCURRENT freed 344K, 8% free 10284K/11079K, paused 2ms+3ms
07-01 10:04:23.824 20055 20058 D dalvikvm: GC_CONCURRENT freed 244K, 6% free 10476K/11079K, paused 4ms+3ms
07-01 10:04:25.445   145   206 D Tethering: MasterInitialState.processMessage what=3
07-01 10:04:25.488   145   206 D Tethering: MasterInitialState.processMessage what=3
07-01 10:04:25.625   145   156 D dalvikvm: GC_EXPLICIT freed 842K, 21% free 15057K/19015K, paused 3ms+7ms
07-01 10:04:25.652 21518 21518 I MediaUploader: No need to wake up
07-01 10:04:25.715 21534 21534 W ContextScopeImpl: thread=1 tried to enter the scope of the application context. Ignored.
07-01 10:04:25.785 21518 21518 I MediaUploader: No need to wake up
07-01 10:04:25.843 21534 21534 W ContextScopeImpl: thread=1 tried to enter the scope of the application context. Ignored.
07-01 10:04:25.879 19998 21551 D PicasaSyncManager: active network: NetworkInfo: type: WIFI[], state: CONNECTED/CONNECTED, reason: (unspecified), extra: (none), roaming: false, failover: false, isAvailable: true
07-01 10:04:25.879 19998 21551 D PicasaSyncManager: background data: true
07-01 10:04:25.882 19998 21551 D PicasaSyncManager: active network: NetworkInfo: type: WIFI[], state: CONNECTED/CONNECTED, reason: (unspecified), extra: (none), roaming: false, failover: false, isAvailable: true
07-01 10:04:25.882 19998 21551 D PicasaSyncManager: background data: true
07-01 10:04:25.957  8727  8729 D dalvikvm: GC_CONCURRENT freed 464K, 7% free 10250K/11015K, paused 2ms+3ms
07-01 10:04:26.011   145   202 D ConnectivityService: handleInetConditionHoldEnd: net=1, condition=100, published condition=100
07-01 10:04:39.437   145   202 D ConnectivityService: ConnectivityChange for mobile: CONNECTED/CONNECTED
07-01 10:04:39.468   145   202 D NetUtils: android_net_utils_resetConnections in env=0x9a76d8 clazz=0xe0000001 iface=rmnet0 mask=0x3
07-01 10:04:39.468   145   202 D ConnectivityService: ConnectivityChange for mobile: DISCONNECTED/DISCONNECTED
07-01 10:04:39.468   145   202 D ConnectivityService: Attempting to switch to WIFI
07-01 10:04:39.468   145   202 D ConnectivityService: Attempting to switch to WIMAX
07-01 10:04:39.468   145   202 D ConnectivityService: Attempting to switch to BLUETOOTH_TETHER
07-01 10:04:39.468   145   202 D ConnectivityService: resetConnections(rmnet0, 3)
07-01 10:04:39.605   345   347 D dalvikvm: GC_CONCURRENT freed 785K, 8% free 11698K/12615K, paused 2ms+4ms
07-01 10:04:40.562   145   329 D AlarmManagerService: Kernel timezone updated to 240 minutes west of GMT
07-01 10:04:41.570   145   396 D AlarmManagerService: Kernel timezone updated to 240 minutes west of GMT
07-01 10:04:42.507   145   206 D Tethering: MasterInitialState.processMessage what=3
07-01 10:04:42.554   145   206 D Tethering: MasterInitialState.processMessage what=3
07-01 10:04:42.617 21518 21518 I MediaUploader: No need to wake up
07-01 10:04:42.675 21534 21534 W ContextScopeImpl: thread=1 tried to enter the scope of the application context. Ignored.
07-01 10:04:42.730 19998 21551 D PicasaSyncManager: active network: NetworkInfo: type: WIFI[], state: CONNECTED/CONNECTED, reason: (unspecified), extra: (none), roaming: false, failover: false, isAvailable: true
07-01 10:04:42.730 19998 21551 D PicasaSyncManager: background data: true
07-01 10:04:42.769 21518 21518 I MediaUploader: No need to wake up
07-01 10:04:42.812 21534 21534 W ContextScopeImpl: thread=1 tried to enter the scope of the application context. Ignored.
07-01 10:04:42.843 19998 21551 D PicasaSyncManager: active network: NetworkInfo: type: WIFI[], state: CONNECTED/CONNECTED, reason: (unspecified), extra: (none), roaming: false, failover: false, isAvailable: true
07-01 10:04:42.847 19998 21551 D PicasaSyncManager: background data: true
07-01 10:04:43.058   145   202 D ConnectivityService: handleInetConditionHoldEnd: net=1, condition=100, published condition=100
07-01 10:04:47.250   145   156 D AlarmManagerService: Kernel timezone updated to 240 minutes west of GMT
07-01 10:04:49.304   145   396 D AlarmManagerService: Kernel timezone updated to 240 minutes west of GMT
07-01 10:04:53.586   345   345 D SAN_SERVICE: *******************************************
07-01 10:04:53.586   345   345 D SAN_SERVICE: DM App Phone Service State - 0
07-01 10:04:53.586   345   345 D SAN_SERVICE: *******************************************
07-01 10:04:54.277   345   345 D SAN_SERVICE: *******************************************
07-01 10:04:54.277   345   345 D SAN_SERVICE: DM App Phone Service State - 0
07-01 10:04:54.277   345   345 D SAN_SERVICE: *******************************************
07-01 10:04:55.293   145   156 D AlarmManagerService: Kernel timezone updated to 240 minutes west of GMT
07-01 10:04:55.566   345   345 D SAN_SERVICE: *******************************************
07-01 10:04:55.566   345   345 D SAN_SERVICE: DM App Phone Service State - 0
07-01 10:04:55.566   345   345 D SAN_SERVICE: *******************************************
07-01 10:04:56.332   345   345 D SAN_SERVICE: *******************************************
07-01 10:04:56.332   345   345 D SAN_SERVICE: DM App Phone Service State - 0
07-01 10:04:56.332   345   345 D SAN_SERVICE: *******************************************
07-01 10:05:23.511   145   147 D dalvikvm: GC_CONCURRENT freed 1389K, 21% free 15078K/19015K, paused 3ms+7ms
07-01 10:05:23.547 21168 21171 D dalvikvm: GC_CONCURRENT freed 418K, 13% free 10504K/11975K, paused 2ms+2ms
07-01 10:05:23.625 20055 20058 D dalvikvm: GC_CONCURRENT freed 711K, 8% free 10273K/11079K, paused 2ms+2ms
07-01 10:05:50.910 19959 19972 I PhoneLab-: Service Running
07-01 10:05:50.992 19959 19972 I PhoneLab-LoggerService: app_37    1360  1     1436   1000  c00f181c 400107b4 S logcat
07-01 10:05:50.992 19959 19972 I PhoneLab-LoggerService: Logcat pid from database 1360
07-01 10:05:50.992 19959 19972 I PhoneLab-LoggerService: Logcat process found 1360
07-01 10:05:50.992 19959 19972 I PhoneLab-LoggerService: Checking Threshold
07-01 10:05:56.406   145  1150 D AlarmManagerService: Kernel timezone updated to 240 minutes west of GMT
07-01 10:05:59.394   145   157 D AlarmManagerService: Kernel timezone updated to 240 minutes west of GMT
07-01 10:06:04.902   345   345 D SAN_SERVICE: *******************************************
07-01 10:06:04.902   345   345 D SAN_SERVICE: DM App Phone Service State - 0
07-01 10:06:04.902   345   345 D SAN_SERVICE: *******************************************
07-01 10:06:05.422   345   345 D SAN_SERVICE: *******************************************
07-01 10:06:05.422   345   345 D SAN_SERVICE: DM App Phone Service State - 0
07-01 10:06:05.422   345   345 D SAN_SERVICE: *******************************************
07-01 10:06:06.433   145   156 D AlarmManagerService: Kernel timezone updated to 240 minutes west of GMT
07-01 10:06:06.445   345   345 D SAN_SERVICE: *******************************************
07-01 10:06:06.445   345   345 D SAN_SERVICE: DM App Phone Service State - 0
07-01 10:06:06.445   345   345 D SAN_SERVICE: *******************************************
07-01 10:06:13.812   145   156 D AlarmManagerService: Kernel timezone updated to 240 minutes west of GMT
07-01 10:06:23.586 20055 20058 D dalvikvm: GC_CONCURRENT freed 379K, 8% free 10287K/11079K, paused 2ms+2ms
07-01 10:06:31.574   145   310 D AlarmManagerService: Kernel timezone updated to 240 minutes west of GMT
07-01 10:06:33.074   345   345 D SAN_SERVICE: *******************************************
07-01 10:06:33.074   345   345 D SAN_SERVICE: DM App Phone Service State - 0
07-01 10:06:33.074   345   345 D SAN_SERVICE: *******************************************
07-01 10:06:36.230   345   345 D SAN_SERVICE: *******************************************
07-01 10:06:36.230   345   345 D SAN_SERVICE: DM App Phone Service State - 0
07-01 10:06:36.230   345   345 D SAN_SERVICE: *******************************************
07-01 10:07:23.465 21168 21171 D dalvikvm: GC_CONCURRENT freed 501K, 13% free 10515K/11975K, paused 1ms+2ms
07-01 10:07:23.531  8727  8739 D dalvikvm: GC_EXPLICIT freed 296K, 7% free 10251K/11015K, paused 2ms+3ms
07-01 10:07:50.910 19959 19972 I PhoneLab-: Service Running
07-01 10:07:51.004 19959 19972 I PhoneLab-LoggerService: app_37    1360  1     1436   1000  c00f181c 400107b4 S logcat
07-01 10:07:51.004 19959 19972 I PhoneLab-LoggerService: Logcat pid from database 1360
07-01 10:07:51.004 19959 19972 I PhoneLab-LoggerService: Logcat process found 1360
07-01 10:07:51.004 19959 19972 I PhoneLab-LoggerService: Checking Threshold
07-01 10:08:15.457   145   395 D AlarmManagerService: Kernel timezone updated to 240 minutes west of GMT
07-01 10:08:15.461   345   345 D SystemClock: Setting time of day to sec=1341151696
07-01 10:08:16.171   145   365 D dalvikvm: GC_EXPLICIT freed 706K, 21% free 15077K/19015K, paused 3ms+7ms
07-01 10:08:16.218 22777 22804 V AlarmClock: AlarmInitReceiver finished
07-01 10:08:16.261 22791 22793 D dalvikvm: GC_CONCURRENT freed 325K, 5% free 9147K/9607K, paused 2ms+2ms
07-01 10:08:18.030   145   145 D AlarmManagerService: Kernel timezone updated to 240 minutes west of GMT
07-01 10:08:20.354   345   345 D SAN_SERVICE: *******************************************
07-01 10:08:20.354   345   345 D SAN_SERVICE: DM App Phone Service State - 0
07-01 10:08:20.354   345   345 D SAN_SERVICE: *******************************************
07-01 10:08:21.093   345   345 D SAN_SERVICE: *******************************************
07-01 10:08:21.093   345   345 D SAN_SERVICE: DM App Phone Service State - 0
07-01 10:08:21.093   345   345 D SAN_SERVICE: *******************************************
07-01 10:08:22.018   145   329 D AlarmManagerService: Kernel timezone updated to 240 minutes west of GMT
07-01 10:08:22.046   216   218 D dalvikvm: GC_CONCURRENT freed 427K, 33% free 9660K/14343K, paused 18ms+3ms
07-01 10:08:23.491   345   345 D SAN_SERVICE: *******************************************
07-01 10:08:23.491   345   345 D SAN_SERVICE: DM App Phone Service State - 0
07-01 10:08:23.491   345   345 D SAN_SERVICE: *******************************************
07-01 10:08:23.765   345   345 D SAN_SERVICE: *******************************************
07-01 10:08:23.765   345   345 D SAN_SERVICE: DM App Phone Service State - 0
07-01 10:08:23.765   345   345 D SAN_SERVICE: *******************************************
07-01 10:08:24.229 20055 20058 D dalvikvm: GC_CONCURRENT freed 484K, 7% free 10364K/11079K, paused 2ms+2ms
07-01 10:08:34.733   145   348 D AlarmManagerService: Kernel timezone updated to 240 minutes west of GMT
07-01 10:09:10.143   306   306 I wpa_supplicant: wlan0: Associated with d0:c2:82:2d:ea:c1
07-01 10:09:10.155   306   306 I wpa_supplicant: wlan0: CTRL-EVENT-EAP-STARTED EAP authentication started
07-01 10:09:10.159   306   306 I wpa_supplicant: wlan0: CTRL-EVENT-EAP-PROPOSED-METHOD vendor=0 method=4 -> NAK
07-01 10:09:10.163   306   306 I wpa_supplicant: wlan0: CTRL-EVENT-EAP-PROPOSED-METHOD vendor=0 method=25
07-01 10:09:10.163   306   306 I wpa_supplicant: wlan0: CTRL-EVENT-EAP-METHOD EAP vendor 0 method 25 (PEAP) selected
07-01 10:09:10.214   306   306 I wpa_supplicant: wlan0: CTRL-EVENT-EAP-PEER-CERT depth=2 subject='/C=US/O=Entrust.net/OU=www.entrust.net/CPS incorp. by ref. (limits liab.)/OU=(c) 1999 Entrust.net Limited/CN=Entrust.net Secure Server Certification Authority'
07-01 10:09:10.214   306   306 I wpa_supplicant: wlan0: CTRL-EVENT-EAP-PEER-CERT depth=2 subject='/C=US/O=Entrust.net/OU=www.entrust.net/CPS incorp. by ref. (limits liab.)/OU=(c) 1999 Entrust.net Limited/CN=Entrust.net Secure Server Certification Authority'
07-01 10:09:10.214   306   306 I wpa_supplicant: wlan0: CTRL-EVENT-EAP-PEER-CERT depth=1 subject='/C=US/ST=UT/L=Salt Lake City/O=The USERTRUST Network/CN=USERTrust Legacy Secure Server CA'
07-01 10:09:10.229   306   306 I wpa_supplicant: wlan0: CTRL-EVENT-EAP-PEER-CERT depth=0 subject='/C=US/postalCode=14260/ST=New York/L=Buffalo/street=305 Computing Center/O=SUNY AT BUFFALO/OU=Office of the President/OU=Issued through UNIVERSITY AT BUFFALO E-PKI Manager/OU=PremiumSSL Legacy/CN=ubsecure.acsu.buffalo.edu'
07-01 10:09:10.397   306   306 I wpa_supplicant: EAP-MSCHAPV2: Authentication succeeded
07-01 10:09:10.409   306   306 I wpa_supplicant: EAP-TLV: TLV Result - Success - EAP-TLV/Phase2 Completed
07-01 10:09:10.417   306   306 I wpa_supplicant: wlan0: CTRL-EVENT-EAP-SUCCESS EAP authentication completed successfully
07-01 10:09:10.433  8727  9064 I EventLogService: Aggregate from 1341149950187 (log), 1341149950187 (data)
07-01 10:09:10.444   306   306 I wpa_supplicant: wlan0: WPA: Key negotiation completed with d0:c2:82:2d:ea:c1 [PTK=CCMP GTK=TKIP]
07-01 10:09:10.444   306   306 I wpa_supplicant: wlan0: CTRL-EVENT-CONNECTED - Connection to d0:c2:82:2d:ea:c1 completed (reauth) [id=0 id_str=]
07-01 10:09:24.253 21168 21171 D dalvikvm: GC_CONCURRENT freed 456K, 12% free 10571K/11975K, paused 2ms+3ms
07-01 10:09:24.393 20055 20058 D dalvikvm: GC_CONCURRENT freed 527K, 8% free 10287K/11079K, paused 2ms+2ms
07-01 10:09:45.268   345   345 D SAN_SERVICE: *******************************************
07-01 10:09:45.268   345   345 D SAN_SERVICE: DM App Phone Service State - 0
07-01 10:09:45.268   345   345 D SAN_SERVICE: *******************************************
07-01 10:09:51.503 19959 19972 I PhoneLab-: Service Running
07-01 10:09:51.604 19959 19972 I PhoneLab-LoggerService: app_37    1360  1     1436   1000  c00f181c 400107b4 S logcat
07-01 10:09:51.604 19959 19972 I PhoneLab-LoggerService: Logcat pid from database 1360
07-01 10:09:51.604 19959 19972 I PhoneLab-LoggerService: Logcat process found 1360
07-01 10:09:51.604 19959 19972 I PhoneLab-LoggerService: Checking Threshold
07-01 10:10:03.569   345   345 D SAN_SERVICE: *******************************************
07-01 10:10:03.569   345   345 D SAN_SERVICE: DM App Phone Service State - 0
07-01 10:10:03.569   345   345 D SAN_SERVICE: *******************************************
07-01 10:10:07.593   345   345 D SAN_SERVICE: *******************************************
07-01 10:10:07.593   345   345 D SAN_SERVICE: DM App Phone Service State - 0
07-01 10:10:07.593   345   345 D SAN_SERVICE: *******************************************
07-01 10:10:23.495   145   361 D AlarmManagerService: Kernel timezone updated to 240 minutes west of GMT
07-01 10:10:24.331 21168 21171 D dalvikvm: GC_CONCURRENT freed 506K, 13% free 10508K/11975K, paused 2ms+3ms
07-01 10:10:24.491   145  1150 D AlarmManagerService: Kernel timezone updated to 240 minutes west of GMT
07-01 10:10:24.741   345   345 D SAN_SERVICE: *******************************************
07-01 10:10:24.741   345   345 D SAN_SERVICE: DM App Phone Service State - 0
07-01 10:10:24.741   345   345 D SAN_SERVICE: *******************************************
07-01 10:10:25.495   345   345 D SAN_SERVICE: *******************************************
07-01 10:10:25.495   345   345 D SAN_SERVICE: DM App Phone Service State - 0
07-01 10:10:25.495   345   345 D SAN_SERVICE: *******************************************
07-01 10:10:27.100   345   345 D SAN_SERVICE: *******************************************
07-01 10:10:27.100   345   345 D SAN_SERVICE: DM App Phone Service State - 0
07-01 10:10:27.100   345   345 D SAN_SERVICE: *******************************************
07-01 10:10:27.522   145   310 D AlarmManagerService: Kernel timezone updated to 240 minutes west of GMT
07-01 10:10:32.870   345   345 D SAN_SERVICE: *******************************************
07-01 10:10:32.870   345   345 D SAN_SERVICE: DM App Phone Service State - 0
07-01 10:10:32.870   345   345 D SAN_SERVICE: *******************************************
07-01 10:10:34.030   145   147 D dalvikvm: GC_CONCURRENT freed 1403K, 21% free 15097K/19015K, paused 2ms+6ms
07-01 10:10:39.632   345   345 D SAN_SERVICE: *******************************************
07-01 10:10:39.632   345   345 D SAN_SERVICE: DM App Phone Service State - 0
07-01 10:10:39.632   345   345 D SAN_SERVICE: *******************************************
07-01 10:10:49.933   345   345 D SAN_SERVICE: *******************************************
07-01 10:10:49.936   345   345 D SAN_SERVICE: DM App Phone Service State - 0
07-01 10:10:49.936   345   345 D SAN_SERVICE: *******************************************
07-01 10:10:50.171   345   345 D SAN_SERVICE: *******************************************
07-01 10:10:50.171   345   345 D SAN_SERVICE: DM App Phone Service State - 0
07-01 10:10:50.171   345   345 D SAN_SERVICE: *******************************************
07-01 10:10:51.663   345   345 D SAN_SERVICE: *******************************************
07-01 10:10:51.663   345   345 D SAN_SERVICE: DM App Phone Service State - 0
07-01 10:10:51.663   345   345 D SAN_SERVICE: *******************************************
07-01 10:10:52.202   345   345 D SAN_SERVICE: *******************************************
07-01 10:10:52.202   345   345 D SAN_SERVICE: DM App Phone Service State - 0
07-01 10:10:52.202   345   345 D SAN_SERVICE: *******************************************
07-01 10:10:53.409   345   345 D SAN_SERVICE: *******************************************
07-01 10:10:53.409   345   345 D SAN_SERVICE: DM App Phone Service State - 0
07-01 10:10:53.413   345   345 D SAN_SERVICE: *******************************************
07-01 10:10:53.913   345   345 D SAN_SERVICE: *******************************************
07-01 10:10:53.913   345   345 D SAN_SERVICE: DM App Phone Service State - 0
07-01 10:10:53.913   345   345 D SAN_SERVICE: *******************************************
07-01 10:10:59.577   345   345 D SAN_SERVICE: *******************************************
07-01 10:10:59.577   345   345 D SAN_SERVICE: DM App Phone Service State - 0
07-01 10:10:59.577   345   345 D SAN_SERVICE: *******************************************
07-01 10:10:59.604   345   347 D dalvikvm: GC_CONCURRENT freed 827K, 8% free 11659K/12615K, paused 5ms+3ms
07-01 10:11:00.054   345   345 D SAN_SERVICE: *******************************************
07-01 10:11:00.054   345   345 D SAN_SERVICE: DM App Phone Service State - 0
07-01 10:11:00.054   345   345 D SAN_SERVICE: *******************************************
07-01 10:11:03.780   345   345 D SAN_SERVICE: *******************************************
07-01 10:11:03.780   345   345 D SAN_SERVICE: DM App Phone Service State - 0
07-01 10:11:03.780   345   345 D SAN_SERVICE: *******************************************
07-01 10:11:04.003   345   345 D SAN_SERVICE: *******************************************
07-01 10:11:04.003   345   345 D SAN_SERVICE: DM App Phone Service State - 0
07-01 10:11:04.003   345   345 D SAN_SERVICE: *******************************************
07-01 10:11:04.448   345   345 D SAN_SERVICE: *******************************************
07-01 10:11:04.448   345   345 D SAN_SERVICE: DM App Phone Service State - 0
07-01 10:11:04.448   345   345 D SAN_SERVICE: *******************************************
07-01 10:11:24.253   345   345 D SAN_SERVICE: *******************************************
07-01 10:11:24.253   345   345 D SAN_SERVICE: DM App Phone Service State - 0
07-01 10:11:24.253   345   345 D SAN_SERVICE: *******************************************
07-01 10:11:24.374 21168 21171 D dalvikvm: GC_CONCURRENT freed 500K, 13% free 10520K/11975K, paused 2ms+3ms
07-01 10:11:24.472 20055 20058 D dalvikvm: GC_CONCURRENT freed 503K, 8% free 10294K/11079K, paused 2ms+3ms
07-01 10:11:24.487   345   345 D SAN_SERVICE: *******************************************
07-01 10:11:24.487   345   345 D SAN_SERVICE: DM App Phone Service State - 0
07-01 10:11:24.487   345   345 D SAN_SERVICE: *******************************************
07-01 10:11:25.284   345   345 D SAN_SERVICE: *******************************************
07-01 10:11:25.284   345   345 D SAN_SERVICE: DM App Phone Service State - 0
07-01 10:11:25.284   345   345 D SAN_SERVICE: *******************************************
07-01 10:11:33.366   145 22722 D AlarmManagerService: Kernel timezone updated to 240 minutes west of GMT
07-01 10:11:40.390   145 21614 D AlarmManagerService: Kernel timezone updated to 240 minutes west of GMT
07-01 10:11:40.499   345   345 D SAN_SERVICE: *******************************************
07-01 10:11:40.503   345   345 D SAN_SERVICE: DM App Phone Service State - 0
07-01 10:11:40.503   345   345 D SAN_SERVICE: *******************************************
07-01 10:11:43.890   345   345 D SAN_SERVICE: *******************************************
07-01 10:11:43.890   345   345 D SAN_SERVICE: DM App Phone Service State - 0
07-01 10:11:43.890   345   345 D SAN_SERVICE: *******************************************
07-01 10:11:44.386   145  1149 D AlarmManagerService: Kernel timezone updated to 240 minutes west of GMT
07-01 10:11:44.393   345   345 D SAN_SERVICE: *******************************************
07-01 10:11:44.393   345   345 D SAN_SERVICE: DM App Phone Service State - 0
07-01 10:11:44.393   345   345 D SAN_SERVICE: *******************************************
07-01 10:11:46.374   145   145 D AlarmManagerService: Kernel timezone updated to 240 minutes west of GMT
07-01 10:11:50.401   145  9966 D AlarmManagerService: Kernel timezone updated to 240 minutes west of GMT
07-01 10:11:50.909 19959 19972 I PhoneLab-: Service Running
07-01 10:11:50.987 19959 19972 I PhoneLab-LoggerService: app_37    1360  1     1436   1000  c00f181c 400107b4 S logcat
07-01 10:11:50.987 19959 19972 I PhoneLab-LoggerService: Logcat pid from database 1360
07-01 10:11:50.987 19959 19972 I PhoneLab-LoggerService: Logcat process found 1360
07-01 10:11:50.987 19959 19972 I PhoneLab-LoggerService: Checking Threshold
07-01 10:11:51.147   345   345 D SAN_SERVICE: *******************************************
07-01 10:11:51.147   345   345 D SAN_SERVICE: DM App Phone Service State - 0
07-01 10:11:51.147   345   345 D SAN_SERVICE: *******************************************
07-01 10:11:51.440   345   345 D SAN_SERVICE: *******************************************
07-01 10:11:51.440   345   345 D SAN_SERVICE: DM App Phone Service State - 0
07-01 10:11:51.440   345   345 D SAN_SERVICE: *******************************************
07-01 10:11:54.440   145   156 D AlarmManagerService: Kernel timezone updated to 240 minutes west of GMT
07-01 10:11:54.460   345   345 D SAN_SERVICE: *******************************************
07-01 10:11:54.460   345   345 D SAN_SERVICE: DM App Phone Service State - 0
07-01 10:11:54.460   345   345 D SAN_SERVICE: *******************************************
07-01 10:11:58.163   345   345 D SAN_SERVICE: *******************************************
07-01 10:11:58.163   345   345 D SAN_SERVICE: DM App Phone Service State - 0
07-01 10:11:58.163   345   345 D SAN_SERVICE: *******************************************
07-01 10:12:00.382   145  9966 D AlarmManagerService: Kernel timezone updated to 240 minutes west of GMT
07-01 10:12:06.300   345   345 D SAN_SERVICE: *******************************************
07-01 10:12:06.300   345   345 D SAN_SERVICE: DM App Phone Service State - 0
07-01 10:12:06.300   345   345 D SAN_SERVICE: *******************************************
07-01 10:12:16.479 19612 19615 D dalvikvm: GC_CONCURRENT freed 419K, 7% free 9828K/10567K, paused 2ms+3ms
07-01 10:12:16.835  8727  8729 D dalvikvm: GC_CONCURRENT freed 372K, 7% free 10267K/11015K, paused 2ms+3ms
07-01 10:12:24.472   145 21614 D dalvikvm: GC_EXPLICIT freed 537K, 21% free 15090K/19015K, paused 3ms+8ms
07-01 10:12:24.561 20055 20058 D dalvikvm: GC_CONCURRENT freed 473K, 7% free 10326K/11079K, paused 2ms+2ms
07-01 10:12:55.624   145 21614 D AlarmManagerService: Kernel timezone updated to 240 minutes west of GMT
07-01 10:13:05.690   145   361 D AlarmManagerService: Kernel timezone updated to 240 minutes west of GMT
07-01 10:13:06.671   145  9966 D AlarmManagerService: Kernel timezone updated to 240 minutes west of GMT
07-01 10:13:10.444   345   345 D SAN_SERVICE: *******************************************
07-01 10:13:10.444   345   345 D SAN_SERVICE: DM App Phone Service State - 0
07-01 10:13:10.444   345   345 D SAN_SERVICE: *******************************************
07-01 10:13:12.679   145   348 D AlarmManagerService: Kernel timezone updated to 240 minutes west of GMT
07-01 10:13:18.136   345   345 D SAN_SERVICE: *******************************************
07-01 10:13:18.136   345   345 D SAN_SERVICE: DM App Phone Service State - 0
07-01 10:13:18.136   345   345 D SAN_SERVICE: *******************************************
07-01 10:13:24.417 21168 21171 D dalvikvm: GC_CONCURRENT freed 515K, 13% free 10517K/11975K, paused 2ms+3ms
07-01 10:13:24.554 20055 20058 D dalvikvm: GC_CONCURRENT freed 433K, 8% free 10291K/11079K, paused 2ms+3ms
07-01 10:13:50.917 19959 19972 I PhoneLab-: Service Running
07-01 10:13:50.991 19959 19972 I PhoneLab-LoggerService: app_37    1360  1     1436   1000  c00f181c 400107b4 S logcat
07-01 10:13:50.991 19959 19972 I PhoneLab-LoggerService: Logcat pid from database 1360
07-01 10:13:50.991 19959 19972 I PhoneLab-LoggerService: Logcat process found 1360
07-01 10:13:50.991 19959 19972 I PhoneLab-LoggerService: Checking Threshold
07-01 10:13:50.995 19959 19962 D dalvikvm: GC_CONCURRENT freed 375K, 18% free 9165K/11143K, paused 2ms+3ms
07-01 10:14:00.011   145   162 I ActivityManager: No longer want com.google.android.apps.maps:NetworkLocationService (pid 21168): hidden #16
07-01 10:14:00.104   145  1150 W ActivityManager: Scheduling restart of crashed service com.google.android.apps.maps/com.google.android.location.internal.server.NetworkLocationService in 5000ms
07-01 10:14:05.124   145   162 I ActivityManager: Start proc com.google.android.apps.maps:NetworkLocationService for service com.google.android.apps.maps/com.google.android.location.internal.server.NetworkLocationService: pid=22963 uid=10056 gids={3003, 1015}
07-01 10:14:05.339 22963 22965 D dalvikvm: GC_CONCURRENT freed 175K, 3% free 9360K/9607K, paused 2ms+2ms
07-01 10:14:05.706 22963 22965 D dalvikvm: GC_CONCURRENT freed 179K, 3% free 9704K/9991K, paused 1ms+3ms
07-01 10:14:06.007 22963 22965 D dalvikvm: GC_CONCURRENT freed 158K, 3% free 10079K/10311K, paused 2ms+3ms
07-01 10:14:06.186 22963 22965 D dalvikvm: GC_CONCURRENT freed 661K, 8% free 9886K/10631K, paused 1ms+2ms
07-01 10:14:06.257   145   162 I ActivityManager: Start proc com.google.android.apps.maps:FriendService for broadcast com.google.android.apps.maps/com.google.googlenav.friend.android.ServiceReceiver: pid=22984 uid=10056 gids={3003, 1015}
07-01 10:14:06.300    79    79 D dalvikvm: GC_EXPLICIT freed 37K, 4% free 9031K/9347K, paused 2ms+12ms
07-01 10:14:06.347    79    79 D dalvikvm: GC_EXPLICIT freed <1K, 4% free 9031K/9347K, paused 1ms+2ms
07-01 10:14:06.390    79    79 D dalvikvm: GC_EXPLICIT freed <1K, 4% free 9031K/9347K, paused 1ms+6ms
07-01 10:14:06.440 22984 22987 D dalvikvm: GC_CONCURRENT freed 177K, 3% free 9358K/9607K, paused 2ms+2ms
07-01 10:14:06.593 22984 22987 D dalvikvm: GC_CONCURRENT freed 197K, 3% free 9706K/9991K, paused 2ms+2ms
07-01 10:14:06.667   145  1149 I ActivityManager: No longer want com.xabber.androiddev (pid 19296): hidden #16
07-01 10:14:06.671   145   396 W ActivityManager: Scheduling restart of crashed service com.xabber.androiddev/com.xabber.android.service.XMPPService in 5000ms
07-01 10:14:06.753 22963 22970 I dalvikvm: Total arena pages for JIT: 11
07-01 10:14:06.761 22963 22970 I dalvikvm: Total arena pages for JIT: 12
07-01 10:14:06.761 22963 22970 I dalvikvm: Total arena pages for JIT: 13
07-01 10:14:06.761 22963 22970 I dalvikvm: Total arena pages for JIT: 14
07-01 10:14:06.761 22963 22970 I dalvikvm: Total arena pages for JIT: 15
07-01 10:14:06.765 22963 22970 I dalvikvm: Total arena pages for JIT: 16
07-01 10:14:06.765 22963 22970 I dalvikvm: Total arena pages for JIT: 17
07-01 10:14:06.850 22963 22970 I dalvikvm: Total arena pages for JIT: 18
07-01 10:14:06.968 22963 22965 D dalvikvm: GC_CONCURRENT freed 202K, 5% free 10184K/10631K, paused 2ms+3ms
07-01 10:14:08.370   145   310 D AlarmManagerService: Kernel timezone updated to 240 minutes west of GMT
07-01 10:14:08.370 22963 22965 D dalvikvm: GC_CONCURRENT freed 575K, 7% free 10174K/10823K, paused 2ms+2ms
07-01 10:14:08.511 20055 20058 D dalvikvm: GC_CONCURRENT freed 471K, 8% free 10286K/11079K, paused 2ms+3ms
07-01 10:14:10.440   145   310 D AlarmManagerService: Kernel timezone updated to 240 minutes west of GMT
07-01 10:14:11.753 22999 22999 D dalvikvm: Late-enabling CheckJNI
07-01 10:14:11.753   145   162 I ActivityManager: Start proc com.xabber.androiddev for service com.xabber.androiddev/com.xabber.android.service.XMPPService: pid=22999 uid=10063 gids={3003, 1015}
07-01 10:14:11.768 22999 22999 I dalvikvm: Turning on JNI app bug workarounds for target SDK version 9...
07-01 10:14:12.073 22999 23000 D dalvikvm: GC_CONCURRENT freed 223K, 4% free 9313K/9607K, paused 4ms+2ms
07-01 10:14:12.097 22999 22999 D dalvikvm: GC_FOR_ALLOC freed 273K, 6% free 9427K/9927K, paused 14ms
07-01 10:14:12.210 22999 23000 D dalvikvm: GC_CONCURRENT freed 192K, 3% free 9774K/10055K, paused 2ms+4ms
07-01 10:14:12.331 22999 23000 D dalvikvm: GC_CONCURRENT freed 428K, 5% free 9875K/10375K, paused 1ms+5ms
07-01 10:14:12.378   145   145 D AlarmManagerService: Kernel timezone updated to 240 minutes west of GMT
07-01 10:14:12.401 22999 22999 I com.xabber.android.service.XMPPService@41376d10: onCreate
07-01 10:14:12.401 22999 22999 I com.xabber.android.data.Application@413690d0: onStart
07-01 10:14:12.413 22999 23013 I com.xabber.android.data.LogManager@4136bd30: onLoad
07-01 10:14:12.507 22999 23000 D dalvikvm: GC_CONCURRENT freed 168K, 3% free 10137K/10439K, paused 2ms+3ms
07-01 10:14:12.608 19612 19633 D dalvikvm: GC_EXPLICIT freed 198K, 8% free 9746K/10567K, paused 2ms+4ms
07-01 10:14:13.222 22999 23000 D dalvikvm: GC_CONCURRENT freed 269K, 4% free 10299K/10695K, paused 2ms+2ms
07-01 10:14:14.429   145 22722 D AlarmManagerService: Kernel timezone updated to 240 minutes west of GMT
07-01 10:14:17.464   145   156 D AlarmManagerService: Kernel timezone updated to 240 minutes west of GMT
07-01 10:14:24.202   345   345 D SAN_SERVICE: *******************************************
07-01 10:14:24.202   345   345 D SAN_SERVICE: DM App Phone Service State - 0
07-01 10:14:24.202   345   345 D SAN_SERVICE: *******************************************
07-01 10:14:24.487   345   345 D SAN_SERVICE: *******************************************
07-01 10:14:24.487   345   345 D SAN_SERVICE: DM App Phone Service State - 0
07-01 10:14:24.487   345   345 D SAN_SERVICE: *******************************************
07-01 10:14:27.194   345   345 D SAN_SERVICE: *******************************************
07-01 10:14:27.194   345   345 D SAN_SERVICE: DM App Phone Service State - 0
07-01 10:14:27.194   345   345 D SAN_SERVICE: *******************************************
07-01 10:14:27.464   145  9966 D AlarmManagerService: Kernel timezone updated to 240 minutes west of GMT
07-01 10:14:27.475   345   345 D SAN_SERVICE: *******************************************
07-01 10:14:27.475   345   345 D SAN_SERVICE: DM App Phone Service State - 0
07-01 10:14:27.475   345   345 D SAN_SERVICE: *******************************************
07-01 10:15:29.155   145   310 D AlarmManagerService: Kernel timezone updated to 240 minutes west of GMT
07-01 10:15:30.128   145  1149 D AlarmManagerService: Kernel timezone updated to 240 minutes west of GMT
07-01 10:15:34.261   345   345 D SAN_SERVICE: *******************************************
07-01 10:15:34.261   345   345 D SAN_SERVICE: DM App Phone Service State - 0
07-01 10:15:34.261   345   345 D SAN_SERVICE: *******************************************
07-01 10:15:34.382 22963 22965 D dalvikvm: GC_CONCURRENT freed 413K, 6% free 10263K/10823K, paused 2ms+2ms
07-01 10:15:38.671   345   345 D SAN_SERVICE: *******************************************
07-01 10:15:38.671   345   345 D SAN_SERVICE: DM App Phone Service State - 0
07-01 10:15:38.671   345   345 D SAN_SERVICE: *******************************************
07-01 10:15:39.620   145   157 D AlarmManagerService: Kernel timezone updated to 240 minutes west of GMT
07-01 10:15:50.909 19959 19972 I PhoneLab-: Service Running
07-01 10:15:51.018 19959 19972 I PhoneLab-LoggerService: app_37    1360  1     1436   996   c00f181c 400107b4 S logcat
07-01 10:15:51.022 19959 19972 I PhoneLab-LoggerService: Logcat pid from database 1360
07-01 10:15:51.022 19959 19972 I PhoneLab-LoggerService: Logcat process found 1360
07-01 10:15:51.022 19959 19972 I PhoneLab-LoggerService: Checking Threshold
07-01 10:15:53.265   345   345 D SAN_SERVICE: *******************************************
07-01 10:15:53.265   345   345 D SAN_SERVICE: DM App Phone Service State - 0
07-01 10:15:53.265   345   345 D SAN_SERVICE: *******************************************
07-01 10:15:53.710   145  1149 D AlarmManagerService: Kernel timezone updated to 240 minutes west of GMT
07-01 10:15:54.686   145  1150 D AlarmManagerService: Kernel timezone updated to 240 minutes west of GMT
07-01 10:16:00.448   345   345 D SAN_SERVICE: *******************************************
07-01 10:16:00.448   345   345 D SAN_SERVICE: DM App Phone Service State - 0
07-01 10:16:00.448   345   345 D SAN_SERVICE: *******************************************
07-01 10:16:00.710   145 21614 D AlarmManagerService: Kernel timezone updated to 240 minutes west of GMT
07-01 10:16:00.737   345   345 D SAN_SERVICE: *******************************************
07-01 10:16:00.737   345   345 D SAN_SERVICE: DM App Phone Service State - 0
07-01 10:16:00.741   345   345 D SAN_SERVICE: *******************************************
07-01 10:16:00.761   345   347 D dalvikvm: GC_CONCURRENT freed 753K, 8% free 11663K/12615K, paused 1ms+3ms
07-01 10:16:02.725   345   345 D SAN_SERVICE: *******************************************
07-01 10:16:02.729   345   345 D SAN_SERVICE: DM App Phone Service State - 1
07-01 10:16:02.729   345   345 D SAN_SERVICE: *******************************************
07-01 10:16:04.800   345   345 D SAN_SERVICE: *******************************************
07-01 10:16:04.800   345   345 D SAN_SERVICE: DM App Phone Service State - 0
07-01 10:16:04.800   345   345 D SAN_SERVICE: *******************************************
07-01 10:16:05.710   145  1150 D AlarmManagerService: Kernel timezone updated to 240 minutes west of GMT
07-01 10:16:05.964   145   147 D dalvikvm: GC_CONCURRENT freed 1441K, 21% free 15168K/19015K, paused 17ms+8ms
07-01 10:16:06.210   345   345 D SAN_SERVICE: *******************************************
07-01 10:16:06.210   345   345 D SAN_SERVICE: DM App Phone Service State - 0
07-01 10:16:06.210   345   345 D SAN_SERVICE: *******************************************
07-01 10:16:06.749   345   345 D SAN_SERVICE: *******************************************
07-01 10:16:06.749   345   345 D SAN_SERVICE: DM App Phone Service State - 0
07-01 10:16:06.749   345   345 D SAN_SERVICE: *******************************************
07-01 10:16:08.573   345   345 D SAN_SERVICE: *******************************************
07-01 10:16:08.573   345   345 D SAN_SERVICE: DM App Phone Service State - 0
07-01 10:16:08.573   345   345 D SAN_SERVICE: *******************************************
07-01 10:16:08.690 22963 22965 D dalvikvm: GC_CONCURRENT freed 465K, 5% free 10351K/10887K, paused 2ms+8ms
07-01 10:16:08.811 20055 20058 D dalvikvm: GC_CONCURRENT freed 523K, 8% free 10275K/11079K, paused 1ms+2ms
07-01 10:16:09.452   345   345 D SAN_SERVICE: *******************************************
07-01 10:16:09.452   345   345 D SAN_SERVICE: DM App Phone Service State - 0
07-01 10:16:09.452   345   345 D SAN_SERVICE: *******************************************
07-01 10:16:09.538   345   345 D SAN_SERVICE: *******************************************
07-01 10:16:09.538   345   345 D SAN_SERVICE: DM App Phone Service State - 0
07-01 10:16:09.538   345   345 D SAN_SERVICE: *******************************************
07-01 10:16:09.686   145   156 D AlarmManagerService: Kernel timezone updated to 240 minutes west of GMT
07-01 10:16:13.690   345   345 D SAN_SERVICE: *******************************************
07-01 10:16:13.690   345   345 D SAN_SERVICE: DM App Phone Service State - 0
07-01 10:16:13.690   345   345 D SAN_SERVICE: *******************************************
07-01 10:16:13.878   145   329 D AlarmManagerService: Kernel timezone updated to 240 minutes west of GMT
07-01 10:16:20.218   345   345 D SAN_SERVICE: *******************************************
07-01 10:16:20.218   345   345 D SAN_SERVICE: DM App Phone Service State - 0
07-01 10:16:20.218   345   345 D SAN_SERVICE: *******************************************
07-01 10:17:07.507   145   348 D dalvikvm: GC_EXPLICIT freed 418K, 21% free 15041K/19015K, paused 2ms+6ms
07-01 10:17:08.897 20055 20058 D dalvikvm: GC_CONCURRENT freed 508K, 8% free 10277K/11079K, paused 2ms+2ms
07-01 10:17:11.003   145   156 D AlarmManagerService: Kernel timezone updated to 240 minutes west of GMT
07-01 10:17:14.003   145   310 D AlarmManagerService: Kernel timezone updated to 240 minutes west of GMT
07-01 10:17:18.765   345   345 D SAN_SERVICE: *******************************************
07-01 10:17:18.765   345   345 D SAN_SERVICE: DM App Phone Service State - 0
07-01 10:17:18.765   345   345 D SAN_SERVICE: *******************************************
07-01 10:17:19.069   345   345 D SAN_SERVICE: *******************************************
07-01 10:17:19.069   345   345 D SAN_SERVICE: DM App Phone Service State - 0
07-01 10:17:19.069   345   345 D SAN_SERVICE: *******************************************
07-01 10:17:20.015   145   395 D AlarmManagerService: Kernel timezone updated to 240 minutes west of GMT
07-01 10:17:20.022   345   345 D SAN_SERVICE: *******************************************
07-01 10:17:20.022   345   345 D SAN_SERVICE: DM App Phone Service State - 0
07-01 10:17:20.022   345   345 D SAN_SERVICE: *******************************************
07-01 10:17:20.061 22963 22965 D dalvikvm: GC_CONCURRENT freed 431K, 6% free 10324K/10887K, paused 2ms+2ms
07-01 10:17:28.722   145   157 D AlarmManagerService: Kernel timezone updated to 240 minutes west of GMT
07-01 10:17:50.909 19959 19972 I PhoneLab-: Service Running
07-01 10:17:50.987 19959 19972 I PhoneLab-LoggerService: app_37    1360  1     1436   996   c00f181c 400107b4 S logcat
07-01 10:17:50.987 19959 19972 I PhoneLab-LoggerService: Logcat pid from database 1360
07-01 10:17:50.987 19959 19972 I PhoneLab-LoggerService: Logcat process found 1360
07-01 10:17:50.987 19959 19972 I PhoneLab-LoggerService: Checking Threshold
07-01 10:18:08.995 20055 20058 D dalvikvm: GC_CONCURRENT freed 487K, 8% free 10272K/11079K, paused 2ms+2ms
07-01 10:18:24.956   345   345 D SAN_SERVICE: *******************************************
07-01 10:18:24.956   345   345 D SAN_SERVICE: DM App Phone Service State - 0
07-01 10:18:24.956   345   345 D SAN_SERVICE: *******************************************
07-01 10:18:25.366   145   396 D AlarmManagerService: Kernel timezone updated to 240 minutes west of GMT
07-01 10:18:25.370   345   345 D SystemClock: Setting time of day to sec=1341152305
07-01 10:18:25.078 22777 22804 V AlarmClock: AlarmInitReceiver finished
07-01 10:18:25.183  8727  8729 D dalvikvm: GC_CONCURRENT freed 381K, 7% free 10303K/11015K, paused 2ms+5ms
07-01 10:18:28.582   345   345 D SAN_SERVICE: *******************************************
07-01 10:18:28.582   345   345 D SAN_SERVICE: DM App Phone Service State - 0
07-01 10:18:28.582   345   345 D SAN_SERVICE: *******************************************
07-01 10:18:29.039   145   157 D AlarmManagerService: Kernel timezone updated to 240 minutes west of GMT
07-01 10:18:30.937   345   345 D SAN_SERVICE: *******************************************
07-01 10:18:30.937   345   345 D SAN_SERVICE: DM App Phone Service State - 0
07-01 10:18:30.937   345   345 D SAN_SERVICE: *******************************************
07-01 10:18:39.390   145 21614 D AlarmManagerService: Kernel timezone updated to 240 minutes west of GMT
07-01 10:18:54.769   345   345 D SAN_SERVICE: *******************************************
07-01 10:18:54.769   345   345 D SAN_SERVICE: DM App Phone Service State - 0
07-01 10:18:54.773   345   345 D SAN_SERVICE: *******************************************
07-01 10:18:55.035   345   345 D SAN_SERVICE: *******************************************
07-01 10:18:55.035   345   345 D SAN_SERVICE: DM App Phone Service State - 0
07-01 10:18:55.035   345   345 D SAN_SERVICE: *******************************************
07-01 10:19:00.011   145   162 I ActivityManager: No longer want com.android.sprintmenu (pid 21559): hidden #16
07-01 10:19:00.066   145  1150 W ActivityManager: Scheduling restart of crashed service com.android.sprintmenu/.HiddenPhoneService in 5000ms
07-01 10:19:00.746   345   345 D SAN_SERVICE: *******************************************
07-01 10:19:00.746   345   345 D SAN_SERVICE: DM App Phone Service State - 0
07-01 10:19:00.746   345   345 D SAN_SERVICE: *******************************************
07-01 10:19:04.484   345   345 D SAN_SERVICE: *******************************************
07-01 10:19:04.484   345   345 D SAN_SERVICE: DM App Phone Service State - 0
07-01 10:19:04.484   345   345 D SAN_SERVICE: *******************************************
07-01 10:19:05.082   145   348 D AlarmManagerService: Kernel timezone updated to 240 minutes west of GMT
07-01 10:19:05.101   145   162 I ActivityManager: Start proc com.android.sprintmenu for service com.android.sprintmenu/.HiddenPhoneService: pid=23052 uid=1001 gids={3002, 3001, 3003, 1015}
07-01 10:19:06.562   345   345 D SAN_SERVICE: *******************************************
07-01 10:19:06.562   345   345 D SAN_SERVICE: DM App Phone Service State - 0
07-01 10:19:06.562   345   345 D SAN_SERVICE: *******************************************
07-01 10:19:07.078   145   348 D AlarmManagerService: Kernel timezone updated to 240 minutes west of GMT
07-01 10:19:07.086   345   345 D SAN_SERVICE: *******************************************
07-01 10:19:07.086   345   345 D SAN_SERVICE: DM App Phone Service State - 0
07-01 10:19:07.090   345   345 D SAN_SERVICE: *******************************************
07-01 10:19:08.636 22963 22965 D dalvikvm: GC_CONCURRENT freed 538K, 6% free 10339K/10951K, paused 2ms+3ms
07-01 10:19:09.070   145  1149 D AlarmManagerService: Kernel timezone updated to 240 minutes west of GMT
07-01 10:19:10.066   345   345 D SAN_SERVICE: *******************************************
07-01 10:19:10.066   345   345 D SAN_SERVICE: DM App Phone Service State - 0
07-01 10:19:10.066   345   345 D SAN_SERVICE: *******************************************
07-01 10:19:12.070   145 22722 D AlarmManagerService: Kernel timezone updated to 240 minutes west of GMT
07-01 10:19:12.308   345   345 D SAN_SERVICE: *******************************************
07-01 10:19:12.320   345   345 D SAN_SERVICE: DM App Phone Service State - 0
07-01 10:19:12.324   345   345 D SAN_SERVICE: *******************************************
07-01 10:19:12.347   345   347 D dalvikvm: GC_CONCURRENT freed 820K, 8% free 11661K/12615K, paused 1ms+3ms
07-01 10:19:12.558   345   345 D SAN_SERVICE: *******************************************
07-01 10:19:12.558   345   345 D SAN_SERVICE: DM App Phone Service State - 0
07-01 10:19:12.558   345   345 D SAN_SERVICE: *******************************************
07-01 10:19:16.051   145   310 D AlarmManagerService: Kernel timezone updated to 240 minutes west of GMT
07-01 10:19:16.699   345   345 D SAN_SERVICE: *******************************************
07-01 10:19:16.699   345   345 D SAN_SERVICE: DM App Phone Service State - 0
07-01 10:19:16.699   345   345 D SAN_SERVICE: *******************************************
07-01 10:19:23.004   345   345 D SAN_SERVICE: *******************************************
07-01 10:19:23.004   345   345 D SAN_SERVICE: DM App Phone Service State - 0
07-01 10:19:23.004   345   345 D SAN_SERVICE: *******************************************
07-01 10:19:50.906 19959 19972 I PhoneLab-: Service Running
07-01 10:19:50.980 19959 19972 I PhoneLab-LoggerService: app_37    1360  1     1436   996   c00f181c 400107b4 S logcat
07-01 10:19:50.980 19959 19972 I PhoneLab-LoggerService: Logcat pid from database 1360
07-01 10:19:50.980 19959 19972 I PhoneLab-LoggerService: Logcat process found 1360
07-01 10:19:50.980 19959 19972 I PhoneLab-LoggerService: Checking Threshold
07-01 10:20:00.097   216   218 D dalvikvm: GC_CONCURRENT freed 401K, 33% free 9645K/14343K, paused 4ms+3ms
07-01 10:20:08.801 20055 20058 D dalvikvm: GC_CONCURRENT freed 472K, 7% free 10309K/11079K, paused 2ms+2ms
07-01 10:20:08.914 20055 20058 D dalvikvm: GC_CONCURRENT freed 288K, 7% free 10413K/11079K, paused 2ms+2ms
07-01 10:20:09.687 20055 20058 D dalvikvm: GC_CONCURRENT freed 355K, 5% free 10531K/11079K, paused 20ms+2ms
07-01 10:20:14.426   145   365 D AlarmManagerService: Kernel timezone updated to 240 minutes west of GMT
07-01 10:20:17.422   145   396 D AlarmManagerService: Kernel timezone updated to 240 minutes west of GMT
07-01 10:20:22.207   345   345 D SAN_SERVICE: *******************************************
07-01 10:20:22.207   345   345 D SAN_SERVICE: DM App Phone Service State - 0
07-01 10:20:22.207   345   345 D SAN_SERVICE: *******************************************
07-01 10:20:22.468   345   345 D SAN_SERVICE: *******************************************
07-01 10:20:22.468   345   345 D SAN_SERVICE: DM App Phone Service State - 0
07-01 10:20:22.468   345   345 D SAN_SERVICE: *******************************************
07-01 10:20:24.457   145   365 D AlarmManagerService: Kernel timezone updated to 240 minutes west of GMT
07-01 10:20:24.695   345   345 D SAN_SERVICE: *******************************************
07-01 10:20:24.695   345   345 D SAN_SERVICE: DM App Phone Service State - 0
07-01 10:20:24.695   345   345 D SAN_SERVICE: *******************************************
07-01 10:20:25.441   345   345 D SAN_SERVICE: *******************************************
07-01 10:20:25.441   345   345 D SAN_SERVICE: DM App Phone Service State - 0
07-01 10:20:25.441   345   345 D SAN_SERVICE: *******************************************
07-01 10:20:31.363   145 21614 D AlarmManagerService: Kernel timezone updated to 240 minutes west of GMT
07-01 10:20:43.375   145   147 D dalvikvm: GC_CONCURRENT freed 1288K, 21% free 15134K/19015K, paused 26ms+7ms
07-01 10:21:08.781 22963 22965 D dalvikvm: GC_CONCURRENT freed 506K, 6% free 10344K/10951K, paused 2ms+3ms
07-01 10:21:30.019   145  1150 D AlarmManagerService: Kernel timezone updated to 240 minutes west of GMT
07-01 10:21:33.031   145 22722 D AlarmManagerService: Kernel timezone updated to 240 minutes west of GMT
07-01 10:21:36.051   145   348 D AlarmManagerService: Kernel timezone updated to 240 minutes west of GMT
07-01 10:21:40.070   345   345 D SAN_SERVICE: *******************************************
07-01 10:21:40.070   345   345 D SAN_SERVICE: DM App Phone Service State - 0
07-01 10:21:40.070   345   345 D SAN_SERVICE: *******************************************
07-01 10:21:41.531   345   345 D SAN_SERVICE: *******************************************
07-01 10:21:41.535   345   345 D SAN_SERVICE: DM App Phone Service State - 0
07-01 10:21:41.535   345   345 D SAN_SERVICE: *******************************************
07-01 10:21:42.043   145   329 D AlarmManagerService: Kernel timezone updated to 240 minutes west of GMT
07-01 10:21:42.121   145   361 D dalvikvm: GC_EXPLICIT freed 253K, 21% free 15026K/19015K, paused 3ms+6ms
07-01 10:21:42.129   345   345 D SAN_SERVICE: *******************************************
07-01 10:21:42.129   345   345 D SAN_SERVICE: DM App Phone Service State - 0
07-01 10:21:42.129   345   345 D SAN_SERVICE: *******************************************
07-01 10:21:48.367   145  1149 D AlarmManagerService: Kernel timezone updated to 240 minutes west of GMT
07-01 10:21:50.910 19959 19972 I PhoneLab-: Service Running
07-01 10:21:50.992 19959 19972 I PhoneLab-LoggerService: app_37    1360  1     1436   996   c00f181c 400107b4 S logcat
07-01 10:21:50.992 19959 19972 I PhoneLab-LoggerService: Logcat pid from database 1360
07-01 10:21:50.992 19959 19972 I PhoneLab-LoggerService: Logcat process found 1360
07-01 10:21:50.992 19959 19972 I PhoneLab-LoggerService: Checking Threshold
07-01 10:22:08.926 20055 20058 D dalvikvm: GC_CONCURRENT freed 744K, 8% free 10320K/11143K, paused 2ms+3ms
07-01 10:22:45.355   145   156 D AlarmManagerService: Kernel timezone updated to 240 minutes west of GMT
07-01 10:23:07.668 22963 22965 D dalvikvm: GC_CONCURRENT freed 390K, 6% free 10339K/10951K, paused 2ms+2ms
07-01 10:23:09.035 20055 20058 D dalvikvm: GC_CONCURRENT freed 476K, 8% free 10354K/11143K, paused 2ms+3ms
07-01 10:23:34.898 19612 19615 D dalvikvm: GC_CONCURRENT freed 312K, 8% free 9824K/10567K, paused 1ms+3ms
07-01 10:23:49.832   145   157 D AlarmManagerService: Kernel timezone updated to 240 minutes west of GMT
07-01 10:23:50.496   345   345 D SAN_SERVICE: *******************************************
07-01 10:23:50.496   345   345 D SAN_SERVICE: DM App Phone Service State - 0
07-01 10:23:50.496   345   345 D SAN_SERVICE: *******************************************
07-01 10:23:50.535   345   345 D SAN_SERVICE: *******************************************
07-01 10:23:50.535   345   345 D SAN_SERVICE: DM App Phone Service State - 0
07-01 10:23:50.535   345   345 D SAN_SERVICE: *******************************************
07-01 10:23:50.851   345   345 D SAN_SERVICE: *******************************************
07-01 10:23:50.851   345   345 D SAN_SERVICE: DM App Phone Service State - 0
07-01 10:23:50.851   345   345 D SAN_SERVICE: *******************************************
07-01 10:23:50.910 19959 19972 I PhoneLab-: Service Running
07-01 10:23:50.941 19959 19972 I PhoneLab-LoggerService: app_37    1360  1     1436   996   c00f181c 400107b4 S logcat
07-01 10:23:50.945 19959 19972 I PhoneLab-LoggerService: Logcat pid from database 1360
07-01 10:23:50.945 19959 19972 I PhoneLab-LoggerService: Logcat process found 1360
07-01 10:23:50.945 19959 19972 I PhoneLab-LoggerService: Checking Threshold
07-01 10:23:54.566   345   345 D SAN_SERVICE: *******************************************
07-01 10:23:54.566   345   345 D SAN_SERVICE: DM App Phone Service State - 0
07-01 10:23:54.566   345   345 D SAN_SERVICE: *******************************************
07-01 10:24:08.871   145  9966 D AlarmManagerService: Kernel timezone updated to 240 minutes west of GMT
07-01 10:24:08.988 22963 22965 D dalvikvm: GC_CONCURRENT freed 496K, 6% free 10355K/10951K, paused 2ms+3ms
07-01 10:24:20.922   145   157 D AlarmManagerService: Kernel timezone updated to 240 minutes west of GMT
07-01 10:24:31.746   345   345 D SAN_SERVICE: *******************************************
07-01 10:24:31.746   345   345 D SAN_SERVICE: DM App Phone Service State - 0
07-01 10:24:31.746   345   345 D SAN_SERVICE: *******************************************
07-01 10:24:41.523   145 22722 D AlarmManagerService: Kernel timezone updated to 240 minutes west of GMT
07-01 10:24:46.601   145   348 D AlarmManagerService: Kernel timezone updated to 240 minutes west of GMT
07-01 10:24:46.668   345   345 D SAN_SERVICE: *******************************************
07-01 10:24:46.668   345   345 D SAN_SERVICE: DM App Phone Service State - 0
07-01 10:24:46.668   345   345 D SAN_SERVICE: *******************************************
07-01 10:24:48.562   145  1149 D AlarmManagerService: Kernel timezone updated to 240 minutes west of GMT
07-01 10:24:48.840   345   345 D SAN_SERVICE: *******************************************
07-01 10:24:48.840   345   345 D SAN_SERVICE: DM App Phone Service State - 0
07-01 10:24:48.840   345   345 D SAN_SERVICE: *******************************************
07-01 10:24:49.593   345   345 D SAN_SERVICE: *******************************************
07-01 10:24:49.593   345   345 D SAN_SERVICE: DM App Phone Service State - 0
07-01 10:24:49.593   345   345 D SAN_SERVICE: *******************************************
07-01 10:24:51.586   145  9966 D AlarmManagerService: Kernel timezone updated to 240 minutes west of GMT
07-01 10:24:52.343   345   345 D SAN_SERVICE: *******************************************
07-01 10:24:52.343   345   345 D SAN_SERVICE: DM App Phone Service State - 0
07-01 10:24:52.343   345   345 D SAN_SERVICE: *******************************************
07-01 10:24:52.597   345   345 D SAN_SERVICE: *******************************************
07-01 10:24:52.597   345   345 D SAN_SERVICE: DM App Phone Service State - 0
07-01 10:24:52.597   345   345 D SAN_SERVICE: *******************************************
07-01 10:24:59.332   345   345 D SAN_SERVICE: *******************************************
07-01 10:24:59.332   345   345 D SAN_SERVICE: DM App Phone Service State - 0
07-01 10:24:59.332   345   345 D SAN_SERVICE: *******************************************
07-01 10:24:59.390   345   345 D SAN_SERVICE: *******************************************
07-01 10:24:59.390   345   345 D SAN_SERVICE: DM App Phone Service State - 0
07-01 10:24:59.390   345   345 D SAN_SERVICE: *******************************************
07-01 10:24:59.597   145   329 D AlarmManagerService: Kernel timezone updated to 240 minutes west of GMT
07-01 10:25:03.312   345   345 D SAN_SERVICE: *******************************************
07-01 10:25:03.312   345   345 D SAN_SERVICE: DM App Phone Service State - 0
07-01 10:25:03.312   345   345 D SAN_SERVICE: *******************************************
07-01 10:25:04.047   345   345 D SAN_SERVICE: *******************************************
07-01 10:25:04.047   345   345 D SAN_SERVICE: DM App Phone Service State - 0
07-01 10:25:04.047   345   345 D SAN_SERVICE: *******************************************
07-01 10:25:04.590   145   157 D AlarmManagerService: Kernel timezone updated to 240 minutes west of GMT
07-01 10:25:09.035 22963 22965 D dalvikvm: GC_CONCURRENT freed 488K, 6% free 10378K/10951K, paused 2ms+3ms
07-01 10:25:09.140 20055 20058 D dalvikvm: GC_CONCURRENT freed 553K, 8% free 10310K/11143K, paused 2ms+2ms
07-01 10:25:09.269   345   345 D SAN_SERVICE: *******************************************
07-01 10:25:09.269   345   345 D SAN_SERVICE: DM App Phone Service State - 0
07-01 10:25:09.269   345   345 D SAN_SERVICE: *******************************************
07-01 10:25:09.297   345   347 D dalvikvm: GC_CONCURRENT freed 764K, 8% free 11658K/12615K, paused 2ms+3ms
07-01 10:25:09.367 20055 20058 D dalvikvm: GC_CONCURRENT freed 377K, 7% free 10441K/11143K, paused 2ms+3ms
07-01 10:25:09.922 20055 20058 D dalvikvm: GC_CONCURRENT freed 332K, 6% free 10553K/11143K, paused 2ms+2ms
07-01 10:25:13.437   345   345 D SAN_SERVICE: *******************************************
07-01 10:25:13.437   345   345 D SAN_SERVICE: DM App Phone Service State - 0
07-01 10:25:13.437   345   345 D SAN_SERVICE: *******************************************
07-01 10:25:35.613   345   345 D SAN_SERVICE: *******************************************
07-01 10:25:35.613   345   345 D SAN_SERVICE: DM App Phone Service State - 0
07-01 10:25:35.613   345   345 D SAN_SERVICE: *******************************************
07-01 10:25:45.375   345   345 D SAN_SERVICE: *******************************************
07-01 10:25:45.375   345   345 D SAN_SERVICE: DM App Phone Service State - 0
07-01 10:25:45.375   345   345 D SAN_SERVICE: *******************************************
07-01 10:25:46.566   145   147 D dalvikvm: GC_CONCURRENT freed 1403K, 21% free 15127K/19015K, paused 25ms+7ms
07-01 10:25:49.394   345   345 D SAN_SERVICE: *******************************************
07-01 10:25:49.394   345   345 D SAN_SERVICE: DM App Phone Service State - 0
07-01 10:25:49.394   345   345 D SAN_SERVICE: *******************************************
07-01 10:25:50.910 19959 19972 I PhoneLab-: Service Running
07-01 10:25:50.980 19959 19972 I PhoneLab-LoggerService: app_37    1360  1     1436   996   c00f181c 400107b4 S logcat
07-01 10:25:50.980 19959 19972 I PhoneLab-LoggerService: Logcat pid from database 1360
07-01 10:25:50.980 19959 19972 I PhoneLab-LoggerService: Logcat process found 1360
07-01 10:25:50.980 19959 19972 I PhoneLab-LoggerService: Checking Threshold
07-01 10:26:00.418   145  1149 D AlarmManagerService: Kernel timezone updated to 240 minutes west of GMT
07-01 10:26:02.414   145   395 D AlarmManagerService: Kernel timezone updated to 240 minutes west of GMT
07-01 10:26:05.429   345   345 D SAN_SERVICE: *******************************************
07-01 10:26:05.429   345   345 D SAN_SERVICE: DM App Phone Service State - 0
07-01 10:26:05.429   345   345 D SAN_SERVICE: *******************************************
07-01 10:26:07.426   145   396 D AlarmManagerService: Kernel timezone updated to 240 minutes west of GMT
07-01 10:26:07.437   345   345 D SAN_SERVICE: *******************************************
07-01 10:26:07.437   345   345 D SAN_SERVICE: DM App Phone Service State - 0
07-01 10:26:07.437   345   345 D SAN_SERVICE: *******************************************
07-01 10:26:09.133 20055 21301 D dalvikvm: GC_EXPLICIT freed 304K, 8% free 10265K/11143K, paused 2ms+3ms
07-01 10:26:11.480   345   345 D SAN_SERVICE: *******************************************
07-01 10:26:11.480   345   345 D SAN_SERVICE: DM App Phone Service State - 0
07-01 10:26:11.480   345   345 D SAN_SERVICE: *******************************************
07-01 10:26:11.851   145   157 D AlarmManagerService: Kernel timezone updated to 240 minutes west of GMT
07-01 10:26:35.593   345   345 D SAN_SERVICE: *******************************************
07-01 10:26:35.593   345   345 D SAN_SERVICE: DM App Phone Service State - 0
07-01 10:26:35.593   345   345 D SAN_SERVICE: *******************************************
07-01 10:26:38.836   345   345 D SAN_SERVICE: *******************************************
07-01 10:26:38.836   345   345 D SAN_SERVICE: DM App Phone Service State - 0
07-01 10:26:38.836   345   345 D SAN_SERVICE: *******************************************
07-01 10:27:09.179 22963 22965 D dalvikvm: GC_CONCURRENT freed 562K, 6% free 10379K/11015K, paused 2ms+2ms
07-01 10:27:09.301 20055 20058 D dalvikvm: GC_CONCURRENT freed 432K, 8% free 10340K/11143K, paused 3ms+3ms
07-01 10:27:09.531   145   310 D AlarmManagerService: Kernel timezone updated to 240 minutes west of GMT
07-01 10:27:10.547   145  1150 D AlarmManagerService: Kernel timezone updated to 240 minutes west of GMT
07-01 10:27:13.820   345   345 D SAN_SERVICE: *******************************************
07-01 10:27:13.820   345   345 D SAN_SERVICE: DM App Phone Service State - 0
07-01 10:27:13.820   345   345 D SAN_SERVICE: *******************************************
07-01 10:27:14.590   345   345 D SAN_SERVICE: *******************************************
07-01 10:27:14.590   345   345 D SAN_SERVICE: DM App Phone Service State - 0
07-01 10:27:14.590   345   345 D SAN_SERVICE: *******************************************
07-01 10:27:15.574   145   310 D AlarmManagerService: Kernel timezone updated to 240 minutes west of GMT
07-01 10:27:16.996  8727 22759 D dalvikvm: GC_EXPLICIT freed 399K, 7% free 10267K/11015K, paused 25ms+5ms
07-01 10:27:17.254   345   345 D SAN_SERVICE: *******************************************
07-01 10:27:17.254   345   345 D SAN_SERVICE: DM App Phone Service State - 0
07-01 10:27:17.254   345   345 D SAN_SERVICE: *******************************************
07-01 10:27:17.785   345   345 D SAN_SERVICE: *******************************************
07-01 10:27:17.785   345   345 D SAN_SERVICE: DM App Phone Service State - 0
07-01 10:27:17.785   345   345 D SAN_SERVICE: *******************************************
07-01 10:27:32.508   145  9966 D AlarmManagerService: Kernel timezone updated to 240 minutes west of GMT
07-01 10:27:50.910 19959 19972 I PhoneLab-: Service Running
07-01 10:27:51.004 19959 19972 I PhoneLab-LoggerService: app_37    1360  1     1436   996   c00f181c 400107b4 S logcat
07-01 10:27:51.004 19959 19972 I PhoneLab-LoggerService: Logcat pid from database 1360
07-01 10:27:51.004 19959 19972 I PhoneLab-LoggerService: Logcat process found 1360
07-01 10:27:51.004 19959 19972 I PhoneLab-LoggerService: Checking Threshold
07-01 10:28:09.281   145   396 D dalvikvm: GC_EXPLICIT freed 930K, 21% free 15070K/19015K, paused 3ms+6ms
07-01 10:28:09.379 20055 20058 D dalvikvm: GC_CONCURRENT freed 496K, 8% free 10328K/11143K, paused 2ms+3ms
07-01 10:29:00.011   145   162 I ActivityManager: No longer want com.google.android.apps.currents (pid 20804): hidden #16
07-01 10:29:09.316 22963 22965 D dalvikvm: GC_CONCURRENT freed 508K, 6% free 10382K/11015K, paused 2ms+2ms
07-01 10:29:17.453   145   396 D AlarmManagerService: Kernel timezone updated to 240 minutes west of GMT
07-01 10:29:17.453   345   345 D SystemClock: Setting time of day to sec=1341152957
07-01 10:29:17.109 22777 22804 V AlarmClock: AlarmInitReceiver finished
07-01 10:29:17.179 22760 22761 D dalvikvm: GC_CONCURRENT freed 307K, 4% free 9162K/9543K, paused 2ms+3ms
07-01 10:29:27.898   345   345 D SAN_SERVICE: *******************************************
07-01 10:29:27.898   345   345 D SAN_SERVICE: DM App Phone Service State - 0
07-01 10:29:27.898   345   345 D SAN_SERVICE: *******************************************
07-01 10:29:28.101   145   395 D AlarmManagerService: Kernel timezone updated to 240 minutes west of GMT
07-01 10:29:43.113   345   345 D SAN_SERVICE: *******************************************
07-01 10:29:43.113   345   345 D SAN_SERVICE: DM App Phone Service State - 0
07-01 10:29:43.113   345   345 D SAN_SERVICE: *******************************************
07-01 10:29:50.913 19959 19972 I PhoneLab-: Service Running
07-01 10:29:50.992 19959 19962 D dalvikvm: GC_CONCURRENT freed 403K, 18% free 9152K/11143K, paused 2ms+4ms
07-01 10:29:51.007 19959 19972 I PhoneLab-LoggerService: app_37    1360  1     1436   996   c00f181c 400107b4 S logcat
07-01 10:29:51.007 19959 19972 I PhoneLab-LoggerService: Logcat pid from database 1360
07-01 10:29:51.007 19959 19972 I PhoneLab-LoggerService: Logcat process found 1360
07-01 10:29:51.007 19959 19972 I PhoneLab-LoggerService: Checking Threshold
07-01 10:29:59.066   345   345 D SAN_SERVICE: *******************************************
07-01 10:29:59.066   345   345 D SAN_SERVICE: DM App Phone Service State - 0
07-01 10:29:59.066   345   345 D SAN_SERVICE: *******************************************
07-01 10:29:59.132   145   365 D AlarmManagerService: Kernel timezone updated to 240 minutes west of GMT
07-01 10:29:59.378   345   345 D SAN_SERVICE: *******************************************
07-01 10:29:59.378   345   345 D SAN_SERVICE: DM App Phone Service State - 0
07-01 10:29:59.378   345   345 D SAN_SERVICE: *******************************************
07-01 10:30:00.081   345   345 D SAN_SERVICE: *******************************************
07-01 10:30:00.081   345   345 D SAN_SERVICE: DM App Phone Service State - 0
07-01 10:30:00.081   345   345 D SAN_SERVICE: *******************************************
07-01 10:30:01.460   345   345 D SAN_SERVICE: *******************************************
07-01 10:30:01.460   345   345 D SAN_SERVICE: DM App Phone Service State - 0
07-01 10:30:01.460   345   345 D SAN_SERVICE: *******************************************
07-01 10:30:02.156   145 21614 D AlarmManagerService: Kernel timezone updated to 240 minutes west of GMT
07-01 10:30:09.070 22963 22965 D dalvikvm: GC_CONCURRENT freed 412K, 6% free 10371K/11015K, paused 2ms+2ms
07-01 10:30:09.093 20055 20058 D dalvikvm: GC_CONCURRENT freed 513K, 8% free 10325K/11143K, paused 2ms+2ms
07-01 10:30:11.550   345   345 D SAN_SERVICE: *******************************************
07-01 10:30:11.550   345   345 D SAN_SERVICE: DM App Phone Service State - 0
07-01 10:30:11.550   345   345 D SAN_SERVICE: *******************************************
07-01 10:30:16.413   345   345 D SAN_SERVICE: *******************************************
07-01 10:30:16.413   345   345 D SAN_SERVICE: DM App Phone Service State - 0
07-01 10:30:16.413   345   345 D SAN_SERVICE: *******************************************
07-01 10:30:42.363 19959 19959 I PhoneLab-Locks: wake lock acquired
07-01 10:30:42.394 19959 23128 I PhoneLab-PeriodicCheckService: User info is synched
07-01 10:30:42.398 19959 23128 I PhoneLab-PeriodicCheckService: Logger Service is running
07-01 10:30:42.402 19959 19959 I PhoneLab-Locks: wake lock acquired
07-01 10:30:42.406 19959 19959 I PhoneLab-StatusMonitor: Status Monitoring is started
07-01 10:30:42.410 19959 19959 E PhoneLab-PhoneLabManifest: java.io.FileNotFoundException: /data/data/edu.buffalo.cse.phonelab.phonelabservices/files/manifest.xml: open failed: ENOENT (No such file or directory)
07-01 10:30:42.410 19959 19959 I PhoneLab-Locks: wake lock released
07-01 10:30:42.410 19959 23128 I PhoneLab-Locks: wake lock acquired
07-01 10:30:42.413 19959 19959 I PhoneLab-UploadLogs: Transfering log files now
07-01 10:30:42.413 19959 19959 I PhoneLab-UploadLogs: No log files to transfer
07-01 10:30:42.413 19959 19959 I PhoneLab-Locks: wake lock released
07-01 10:30:42.417 19959 19959 I PhoneLab-UploadLogs: OnStartCommand
07-01 10:30:42.417 19959 23128 I PhoneLab-PeriodicCheckService: Rescheduling periodic checking...
07-01 10:30:42.417 19959 23128 I PhoneLab-Locks: wake lock released
07-01 10:31:00.074   145   329 D AlarmManagerService: Kernel timezone updated to 240 minutes west of GMT
07-01 10:31:02.050   145   310 D AlarmManagerService: Kernel timezone updated to 240 minutes west of GMT
07-01 10:31:05.285   345   345 D SAN_SERVICE: *******************************************
07-01 10:31:05.285   345   345 D SAN_SERVICE: DM App Phone Service State - 0
07-01 10:31:05.285   345   345 D SAN_SERVICE: *******************************************
07-01 10:31:06.078   345   345 D SAN_SERVICE: *******************************************
07-01 10:31:06.078   345   345 D SAN_SERVICE: DM App Phone Service State - 0
07-01 10:31:06.078   345   345 D SAN_SERVICE: *******************************************
07-01 10:31:09.015   145   329 D AlarmManagerService: Kernel timezone updated to 240 minutes west of GMT
07-01 10:31:09.148 20055 20058 D dalvikvm: GC_CONCURRENT freed 479K, 8% free 10352K/11143K, paused 2ms+3ms
07-01 10:31:09.316   345   345 D SAN_SERVICE: *******************************************
07-01 10:31:09.316   345   345 D SAN_SERVICE: DM App Phone Service State - 0
07-01 10:31:09.316   345   345 D SAN_SERVICE: *******************************************
07-01 10:31:10.062   345   345 D SAN_SERVICE: *******************************************
07-01 10:31:10.062   345   345 D SAN_SERVICE: DM App Phone Service State - 0
07-01 10:31:10.062   345   345 D SAN_SERVICE: *******************************************
07-01 10:31:12.081   145   395 D AlarmManagerService: Kernel timezone updated to 240 minutes west of GMT
07-01 10:31:50.910 19959 19972 I PhoneLab-: Service Running
07-01 10:31:50.988 19959 19972 I PhoneLab-LoggerService: app_37    1360  1     1436   996   c00f181c 400107b4 S logcat
07-01 10:31:50.988 19959 19972 I PhoneLab-LoggerService: Logcat pid from database 1360
07-01 10:31:50.988 19959 19972 I PhoneLab-LoggerService: Logcat process found 1360
07-01 10:31:50.988 19959 19972 I PhoneLab-LoggerService: Checking Threshold
07-01 10:32:07.917   145   147 D dalvikvm: GC_CONCURRENT freed 1357K, 21% free 15118K/19015K, paused 11ms+7ms
07-01 10:32:09.124 22963 22965 D dalvikvm: GC_CONCURRENT freed 505K, 6% free 10377K/11015K, paused 2ms+2ms
07-01 10:32:10.585   145   365 D AlarmManagerService: Kernel timezone updated to 240 minutes west of GMT
07-01 10:32:10.617   345   347 D dalvikvm: GC_CONCURRENT freed 754K, 8% free 11657K/12615K, paused 22ms+8ms
07-01 10:32:12.574   145   348 D AlarmManagerService: Kernel timezone updated to 240 minutes west of GMT
07-01 10:32:15.367   345   345 D SAN_SERVICE: *******************************************
07-01 10:32:15.367   345   345 D SAN_SERVICE: DM App Phone Service State - 0
07-01 10:32:15.367   345   345 D SAN_SERVICE: *******************************************
07-01 10:32:15.613   345   345 D SAN_SERVICE: *******************************************
07-01 10:32:15.617   345   345 D SAN_SERVICE: DM App Phone Service State - 0
07-01 10:32:15.617   345   345 D SAN_SERVICE: *******************************************
07-01 10:32:17.593   145 21614 D AlarmManagerService: Kernel timezone updated to 240 minutes west of GMT
07-01 10:32:17.605   345   345 D SAN_SERVICE: *******************************************
07-01 10:32:17.605   345   345 D SAN_SERVICE: DM App Phone Service State - 0
07-01 10:32:17.605   345   345 D SAN_SERVICE: *******************************************
07-01 10:32:21.585   145 21614 D AlarmManagerService: Kernel timezone updated to 240 minutes west of GMT
07-01 10:33:09.277 20055 20058 D dalvikvm: GC_CONCURRENT freed 556K, 8% free 10321K/11143K, paused 2ms+2ms
07-01 10:33:50.910 19959 19972 I PhoneLab-: Service Running
07-01 10:33:51.007 19959 19972 I PhoneLab-LoggerService: app_37    1360  1     1436   996   c00f181c 400107b4 S logcat
07-01 10:33:51.007 19959 19972 I PhoneLab-LoggerService: Logcat pid from database 1360
07-01 10:33:51.007 19959 19972 I PhoneLab-LoggerService: Logcat process found 1360
07-01 10:33:51.007 19959 19972 I PhoneLab-LoggerService: Checking Threshold
07-01 10:34:09.245 22963 22965 D dalvikvm: GC_CONCURRENT freed 512K, 6% free 10377K/11015K, paused 2ms+4ms
07-01 10:34:09.382 20055 20058 D dalvikvm: GC_CONCURRENT freed 466K, 8% free 10359K/11143K, paused 2ms+3ms
07-01 10:34:09.515 20055 20058 D dalvikvm: GC_CONCURRENT freed 301K, 6% free 10534K/11143K, paused 2ms+2ms
07-01 10:34:18.878   145   310 D AlarmManagerService: Kernel timezone updated to 240 minutes west of GMT
07-01 10:34:20.597   345   345 D SAN_SERVICE: *******************************************
07-01 10:34:20.597   345   345 D SAN_SERVICE: DM App Phone Service State - 0
07-01 10:34:20.597   345   345 D SAN_SERVICE: *******************************************
07-01 10:34:20.890   345   345 D SAN_SERVICE: *******************************************
07-01 10:34:20.890   345   345 D SAN_SERVICE: DM App Phone Service State - 0
07-01 10:34:20.890   345   345 D SAN_SERVICE: *******************************************
07-01 10:34:20.910   216   218 D dalvikvm: GC_CONCURRENT freed 385K, 33% free 9645K/14343K, paused 48ms+2ms
07-01 10:34:21.218   345   345 D SAN_SERVICE: *******************************************
07-01 10:34:21.218   345   345 D SAN_SERVICE: DM App Phone Service State - 0
07-01 10:34:21.218   345   345 D SAN_SERVICE: *******************************************
07-01 10:34:25.620   345   345 D SAN_SERVICE: *******************************************
07-01 10:34:25.620   345   345 D SAN_SERVICE: DM App Phone Service State - 0
07-01 10:34:25.620   345   345 D SAN_SERVICE: *******************************************
07-01 10:34:39.394   345   345 D SAN_SERVICE: *******************************************
07-01 10:34:39.394   345   345 D SAN_SERVICE: DM App Phone Service State - 0
07-01 10:34:39.398   345   345 D SAN_SERVICE: *******************************************
07-01 10:34:39.882   145   156 D AlarmManagerService: Kernel timezone updated to 240 minutes west of GMT
07-01 10:34:40.910   145   145 D AlarmManagerService: Kernel timezone updated to 240 minutes west of GMT
07-01 10:34:43.995   145  9966 D dalvikvm: GC_EXPLICIT freed 551K, 21% free 15076K/19015K, paused 35ms+6ms
07-01 10:34:44.007   145   310 D AlarmManagerService: Kernel timezone updated to 240 minutes west of GMT
07-01 10:34:44.019   345   345 D SAN_SERVICE: *******************************************
07-01 10:34:44.019   345   345 D SAN_SERVICE: DM App Phone Service State - 0
07-01 10:34:44.019   345   345 D SAN_SERVICE: *******************************************
07-01 10:34:48.917   145   395 D AlarmManagerService: Kernel timezone updated to 240 minutes west of GMT
07-01 10:34:49.644   345   345 D SAN_SERVICE: *******************************************
07-01 10:34:49.648   345   345 D SAN_SERVICE: DM App Phone Service State - 0
07-01 10:34:49.648   345   345 D SAN_SERVICE: *******************************************
07-01 10:34:49.929   345   345 D SAN_SERVICE: *******************************************
07-01 10:34:49.929   345   345 D SAN_SERVICE: DM App Phone Service State - 0
07-01 10:34:49.929   345   345 D SAN_SERVICE: *******************************************
07-01 10:34:52.925   145   348 D AlarmManagerService: Kernel timezone updated to 240 minutes west of GMT
07-01 10:34:52.937   345   345 D SAN_SERVICE: *******************************************
07-01 10:34:52.937   345   345 D SAN_SERVICE: DM App Phone Service State - 0
07-01 10:34:52.937   345   345 D SAN_SERVICE: *******************************************
07-01 10:34:53.089   345   345 D SAN_SERVICE: *******************************************
07-01 10:34:53.089   345   345 D SAN_SERVICE: DM App Phone Service State - 0
07-01 10:34:53.089   345   345 D SAN_SERVICE: *******************************************
07-01 10:34:59.507   145   156 D AlarmManagerService: Kernel timezone updated to 240 minutes west of GMT
07-01 10:35:00.027   145   162 I ActivityManager: No longer want com.whatsapp (pid 21224): hidden #16
07-01 10:35:00.078   145   157 W ActivityManager: Scheduling restart of crashed service com.whatsapp/.messaging.MessageService in 5000ms
07-01 10:35:05.148   145   162 I ActivityManager: Start proc com.whatsapp for service com.whatsapp/.messaging.MessageService: pid=23143 uid=10068 gids={1015, 3003}
07-01 10:35:05.152 23143 23143 I dalvikvm: Turning on JNI app bug workarounds for target SDK version 7...
07-01 10:35:05.324 23143 23145 D dalvikvm: GC_CONCURRENT freed 163K, 3% free 9369K/9607K, paused 2ms+3ms
07-01 10:35:05.546 23143 23145 D dalvikvm: GC_CONCURRENT freed 292K, 4% free 9615K/9991K, paused 2ms+4ms
07-01 10:35:05.870 23143 23143 I dalvikvm: Could not find method android.media.MediaMetadataRetriever.captureFrame, referenced from method com.whatsapp.q3.a
07-01 10:35:05.870 23143 23143 W dalvikvm: VFY: unable to resolve virtual method 501: Landroid/media/MediaMetadataRetriever;.captureFrame ()Landroid/graphics/Bitmap;
07-01 10:35:05.870 23143 23143 D dalvikvm: VFY: replacing opcode 0x6e at 0x0134
07-01 10:35:06.038 23143 23145 D dalvikvm: GC_CONCURRENT freed 440K, 6% free 9730K/10247K, paused 2ms+3ms
07-01 10:35:06.288 23143 23145 D dalvikvm: GC_CONCURRENT freed 229K, 4% free 10041K/10375K, paused 2ms+6ms
07-01 10:35:07.456   345   345 D SAN_SERVICE: *******************************************
07-01 10:35:07.456   345   345 D SAN_SERVICE: DM App Phone Service State - 0
07-01 10:35:07.456   345   345 D SAN_SERVICE: *******************************************
07-01 10:35:09.312 22963 22965 D dalvikvm: GC_CONCURRENT freed 496K, 6% free 10393K/11015K, paused 2ms+2ms
07-01 10:35:09.445 20055 20058 D dalvikvm: GC_CONCURRENT freed 716K, 8% free 10328K/11143K, paused 2ms+3ms
07-01 10:35:28.761  8727  8729 D dalvikvm: GC_CONCURRENT freed 374K, 7% free 10277K/11015K, paused 50ms+4ms
07-01 10:35:28.867 19612 19615 D dalvikvm: GC_CONCURRENT freed 385K, 8% free 9824K/10567K, paused 2ms+12ms
07-01 10:35:50.913 19959 19972 I PhoneLab-: Service Running
07-01 10:35:51.007 19959 19972 I PhoneLab-LoggerService: app_37    1360  1     1436   996   c00f181c 400107b4 S logcat
07-01 10:35:51.007 19959 19972 I PhoneLab-LoggerService: Logcat pid from database 1360
07-01 10:35:51.011 19959 19972 I PhoneLab-LoggerService: Logcat process found 1360
07-01 10:35:51.011 19959 19972 I PhoneLab-LoggerService: Checking Threshold
07-01 10:35:54.066   145  9966 D AlarmManagerService: Kernel timezone updated to 240 minutes west of GMT
07-01 10:35:56.066   145   361 D AlarmManagerService: Kernel timezone updated to 240 minutes west of GMT
07-01 10:36:04.054   145   310 D AlarmManagerService: Kernel timezone updated to 240 minutes west of GMT
07-01 10:36:05.066   145 22722 D AlarmManagerService: Kernel timezone updated to 240 minutes west of GMT
07-01 10:36:08.382   145 22722 D AlarmManagerService: Kernel timezone updated to 240 minutes west of GMT
07-01 10:36:11.656   345   345 D SAN_SERVICE: *******************************************
07-01 10:36:11.656   345   345 D SAN_SERVICE: DM App Phone Service State - 0
07-01 10:36:11.656   345   345 D SAN_SERVICE: *******************************************
07-01 10:36:12.382   345   345 D SAN_SERVICE: *******************************************
07-01 10:36:12.382   345   345 D SAN_SERVICE: DM App Phone Service State - 0
07-01 10:36:12.382   345   345 D SAN_SERVICE: *******************************************
07-01 10:36:15.144   345   345 D SAN_SERVICE: *******************************************
07-01 10:36:15.144   345   345 D SAN_SERVICE: DM App Phone Service State - 0
07-01 10:36:15.144   345   345 D SAN_SERVICE: *******************************************
07-01 10:36:15.410   145 21614 D AlarmManagerService: Kernel timezone updated to 240 minutes west of GMT
07-01 10:36:15.421   345   345 D SAN_SERVICE: *******************************************
07-01 10:36:15.421   345   345 D SAN_SERVICE: DM App Phone Service State - 0
07-01 10:36:15.421   345   345 D SAN_SERVICE: *******************************************
07-01 10:37:09.441 22963 22965 D dalvikvm: GC_CONCURRENT freed 513K, 6% free 10391K/11015K, paused 5ms+3ms
07-01 10:37:09.542 20055 20058 D dalvikvm: GC_CONCURRENT freed 533K, 8% free 10306K/11143K, paused 2ms+3ms
07-01 10:37:16.363   145  1150 D AlarmManagerService: Kernel timezone updated to 240 minutes west of GMT
07-01 10:37:17.203   345   345 D SAN_SERVICE: *******************************************
07-01 10:37:17.203   345   345 D SAN_SERVICE: DM App Phone Service State - 0
07-01 10:37:17.203   345   345 D SAN_SERVICE: *******************************************
07-01 10:37:17.304   345   345 D SAN_SERVICE: *******************************************
07-01 10:37:17.304   345   345 D SAN_SERVICE: DM App Phone Service State - 0
07-01 10:37:17.304   345   345 D SAN_SERVICE: *******************************************
07-01 10:37:20.913   345   345 D SAN_SERVICE: *******************************************
07-01 10:37:20.913   345   345 D SAN_SERVICE: DM App Phone Service State - 0
07-01 10:37:20.913   345   345 D SAN_SERVICE: *******************************************
07-01 10:37:21.370   145   348 D AlarmManagerService: Kernel timezone updated to 240 minutes west of GMT
07-01 10:37:27.156   345   345 D SAN_SERVICE: *******************************************
07-01 10:37:27.156   345   345 D SAN_SERVICE: DM App Phone Service State - 0
07-01 10:37:27.156   345   345 D SAN_SERVICE: *******************************************
07-01 10:37:34.804   345   345 D SAN_SERVICE: *******************************************
07-01 10:37:34.804   345   345 D SAN_SERVICE: DM App Phone Service State - 0
07-01 10:37:34.804   345   345 D SAN_SERVICE: *******************************************
07-01 10:37:50.913 19959 19972 I PhoneLab-: Service Running
07-01 10:37:50.999 19959 19972 I PhoneLab-LoggerService: app_37    1360  1     1436   996   c00f181c 400107b4 S logcat
07-01 10:37:50.999 19959 19972 I PhoneLab-LoggerService: Logcat pid from database 1360
07-01 10:37:50.999 19959 19972 I PhoneLab-LoggerService: Logcat process found 1360
07-01 10:37:50.999 19959 19972 I PhoneLab-LoggerService: Checking Threshold
07-01 10:38:09.613 22963 22965 D dalvikvm: GC_CONCURRENT freed 404K, 6% free 10393K/11015K, paused 2ms+5ms
07-01 10:38:09.675 20055 20058 D dalvikvm: GC_CONCURRENT freed 478K, 8% free 10330K/11143K, paused 2ms+2ms
07-01 10:38:24.995   345   345 D SAN_SERVICE: *******************************************
07-01 10:38:24.995   345   345 D SAN_SERVICE: DM App Phone Service State - 0
07-01 10:38:24.995   345   345 D SAN_SERVICE: *******************************************
07-01 10:38:26.167   145   147 D dalvikvm: GC_CONCURRENT freed 1448K, 21% free 15111K/19015K, paused 3ms+6ms
07-01 10:38:33.038   345   345 D SAN_SERVICE: *******************************************
07-01 10:38:33.050   345   345 D SAN_SERVICE: DM App Phone Service State - 0
07-01 10:38:33.050   345   345 D SAN_SERVICE: *******************************************
07-01 10:38:33.081   345   347 D dalvikvm: GC_CONCURRENT freed 752K, 8% free 11659K/12615K, paused 2ms+4ms
07-01 10:38:39.007   345   345 D SAN_SERVICE: *******************************************
07-01 10:38:39.007   345   345 D SAN_SERVICE: DM App Phone Service State - 0
07-01 10:38:39.007   345   345 D SAN_SERVICE: *******************************************
07-01 10:38:50.003   145 21614 D AlarmManagerService: Kernel timezone updated to 240 minutes west of GMT
07-01 10:38:53.628   345   345 D SAN_SERVICE: *******************************************
07-01 10:38:53.628   345   345 D SAN_SERVICE: DM App Phone Service State - 0
07-01 10:38:53.628   345   345 D SAN_SERVICE: *******************************************
07-01 10:38:54.031   145   396 D AlarmManagerService: Kernel timezone updated to 240 minutes west of GMT
07-01 10:38:55.792   345   345 D SAN_SERVICE: *******************************************
07-01 10:38:55.792   345   345 D SAN_SERVICE: DM App Phone Service State - 0
07-01 10:38:55.792   345   345 D SAN_SERVICE: *******************************************
07-01 10:38:56.035   145   365 D AlarmManagerService: Kernel timezone updated to 240 minutes west of GMT
07-01 10:38:56.042   345   345 D SAN_SERVICE: *******************************************
07-01 10:38:56.042   345   345 D SAN_SERVICE: DM App Phone Service State - 0
07-01 10:38:56.042   345   345 D SAN_SERVICE: *******************************************
07-01 10:38:58.035   145   157 D AlarmManagerService: Kernel timezone updated to 240 minutes west of GMT
07-01 10:38:59.273   345   345 D SAN_SERVICE: *******************************************
07-01 10:38:59.273   345   345 D SAN_SERVICE: DM App Phone Service State - 0
07-01 10:38:59.273   345   345 D SAN_SERVICE: *******************************************
07-01 10:39:00.050   345   345 D SAN_SERVICE: *******************************************
07-01 10:39:00.050   345   345 D SAN_SERVICE: DM App Phone Service State - 0
07-01 10:39:00.050   345   345 D SAN_SERVICE: *******************************************
07-01 10:39:02.515   345   345 D SAN_SERVICE: *******************************************
07-01 10:39:02.519   345   345 D SAN_SERVICE: DM App Phone Service State - 0
07-01 10:39:02.519   345   345 D SAN_SERVICE: *******************************************
07-01 10:39:02.699   345   345 D SAN_SERVICE: *******************************************
07-01 10:39:02.699   345   345 D SAN_SERVICE: DM App Phone Service State - 0
07-01 10:39:02.699   345   345 D SAN_SERVICE: *******************************************
07-01 10:39:03.058   145   329 D AlarmManagerService: Kernel timezone updated to 240 minutes west of GMT
07-01 10:39:06.761   345   345 D SAN_SERVICE: *******************************************
07-01 10:39:06.761   345   345 D SAN_SERVICE: DM App Phone Service State - 0
07-01 10:39:06.761   345   345 D SAN_SERVICE: *******************************************
07-01 10:39:08.050   145 22722 D AlarmManagerService: Kernel timezone updated to 240 minutes west of GMT
07-01 10:39:10.589  8727 11693 I EventLogService: Aggregate from 1341151750439 (log), 1341151750439 (data)
07-01 10:39:14.035   345   345 D SAN_SERVICE: *******************************************
07-01 10:39:14.035   345   345 D SAN_SERVICE: DM App Phone Service State - 0
07-01 10:39:14.035   345   345 D SAN_SERVICE: *******************************************
07-01 10:39:50.910 19959 19972 I PhoneLab-: Service Running
07-01 10:39:50.980 19959 19972 I PhoneLab-LoggerService: app_37    1360  1     1436   996   c00f181c 400107b4 S logcat
07-01 10:39:50.980 19959 19972 I PhoneLab-LoggerService: Logcat pid from database 1360
07-01 10:39:50.980 19959 19972 I PhoneLab-LoggerService: Logcat process found 1360
07-01 10:39:50.980 19959 19972 I PhoneLab-LoggerService: Checking Threshold
07-01 10:40:03.578   145  1149 D AlarmManagerService: Kernel timezone updated to 240 minutes west of GMT
07-01 10:40:03.581   345   345 D SystemClock: Setting time of day to sec=1341153604
07-01 10:40:04.181   145  9966 D dalvikvm: GC_EXPLICIT freed 645K, 21% free 15062K/19015K, paused 3ms+7ms
07-01 10:40:04.232 22777 22804 V AlarmClock: AlarmInitReceiver finished
07-01 10:40:10.029   145   365 D AlarmManagerService: Kernel timezone updated to 240 minutes west of GMT
07-01 10:40:10.126 22963 22965 D dalvikvm: GC_CONCURRENT freed 505K, 6% free 10399K/11015K, paused 2ms+3ms
07-01 10:40:10.244 20055 20058 D dalvikvm: GC_CONCURRENT freed 517K, 8% free 10321K/11143K, paused 2ms+3ms
07-01 10:40:13.087   145  9966 D AlarmManagerService: Kernel timezone updated to 240 minutes west of GMT
07-01 10:40:13.314   345   345 D SAN_SERVICE: *******************************************
07-01 10:40:13.314   345   345 D SAN_SERVICE: DM App Phone Service State - 0
07-01 10:40:13.314   345   345 D SAN_SERVICE: *******************************************
07-01 10:40:14.052   145   157 D AlarmManagerService: Kernel timezone updated to 240 minutes west of GMT
07-01 10:40:17.455   145   395 D AlarmManagerService: Kernel timezone updated to 240 minutes west of GMT
07-01 10:40:22.689   345   345 D SAN_SERVICE: *******************************************
07-01 10:40:22.689   345   345 D SAN_SERVICE: DM App Phone Service State - 0
07-01 10:40:22.689   345   345 D SAN_SERVICE: *******************************************
07-01 10:41:10.349 20055 20058 D dalvikvm: GC_CONCURRENT freed 416K, 8% free 10331K/11143K, paused 2ms+4ms
07-01 10:41:10.474 20055 20058 D dalvikvm: GC_CONCURRENT freed 249K, 7% free 10467K/11143K, paused 2ms+2ms
07-01 10:41:17.099   145   156 D AlarmManagerService: Kernel timezone updated to 240 minutes west of GMT
07-01 10:41:20.122   145   348 D AlarmManagerService: Kernel timezone updated to 240 minutes west of GMT
07-01 10:41:23.126   145   310 D AlarmManagerService: Kernel timezone updated to 240 minutes west of GMT
07-01 10:41:25.103   145   157 D AlarmManagerService: Kernel timezone updated to 240 minutes west of GMT
07-01 10:41:31.939   345   345 D SAN_SERVICE: *******************************************
07-01 10:41:31.939   345   345 D SAN_SERVICE: DM App Phone Service State - 0
07-01 10:41:31.939   345   345 D SAN_SERVICE: *******************************************
07-01 10:41:32.150   345   345 D SAN_SERVICE: *******************************************
07-01 10:41:32.150   345   345 D SAN_SERVICE: DM App Phone Service State - 0
07-01 10:41:32.150   345   345 D SAN_SERVICE: *******************************************
07-01 10:41:34.154   145   329 D AlarmManagerService: Kernel timezone updated to 240 minutes west of GMT
07-01 10:41:34.165   345   345 D SAN_SERVICE: *******************************************
07-01 10:41:34.165   345   345 D SAN_SERVICE: DM App Phone Service State - 0
07-01 10:41:34.165   345   345 D SAN_SERVICE: *******************************************
07-01 10:41:34.212 22963 22965 D dalvikvm: GC_CONCURRENT freed 402K, 6% free 10384K/11015K, paused 3ms+2ms
07-01 10:41:51.404 19959 19972 I PhoneLab-: Service Running
07-01 10:41:51.486 19959 19972 I PhoneLab-LoggerService: app_37    1360  1     1436   996   c00f181c 400107b4 S logcat
07-01 10:41:51.486 19959 19972 I PhoneLab-LoggerService: Logcat pid from database 1360
07-01 10:41:51.486 19959 19972 I PhoneLab-LoggerService: Logcat process found 1360
07-01 10:41:51.486 19959 19972 I PhoneLab-LoggerService: Checking Threshold
07-01 10:41:51.501 19959 19962 D dalvikvm: GC_CONCURRENT freed 407K, 18% free 9151K/11143K, paused 1ms+2ms
07-01 10:42:10.283  8727  8729 D dalvikvm: GC_CONCURRENT freed 410K, 7% free 10256K/11015K, paused 2ms+11ms
07-01 10:42:10.396 20055 20058 D dalvikvm: GC_CONCURRENT freed 631K, 8% free 10339K/11143K, paused 2ms+3ms
07-01 10:42:35.580   145   157 D AlarmManagerService: Kernel timezone updated to 240 minutes west of GMT
07-01 10:42:39.560   145   395 D AlarmManagerService: Kernel timezone updated to 240 minutes west of GMT
07-01 10:42:42.591   145 21614 D AlarmManagerService: Kernel timezone updated to 240 minutes west of GMT
07-01 10:42:43.126   345   345 D SAN_SERVICE: *******************************************
07-01 10:42:43.126   345   345 D SAN_SERVICE: DM App Phone Service State - 0
07-01 10:42:43.126   345   345 D SAN_SERVICE: *******************************************
07-01 10:42:45.591   145  1149 D AlarmManagerService: Kernel timezone updated to 240 minutes west of GMT
07-01 10:42:46.595   145   145 D AlarmManagerService: Kernel timezone updated to 240 minutes west of GMT
07-01 10:42:52.673   345   345 D SAN_SERVICE: *******************************************
07-01 10:42:52.673   345   345 D SAN_SERVICE: DM App Phone Service State - 0
07-01 10:42:52.673   345   345 D SAN_SERVICE: *******************************************
07-01 10:43:10.396 22963 22965 D dalvikvm: GC_CONCURRENT freed 498K, 6% free 10397K/11015K, paused 2ms+3ms
07-01 10:43:10.521 20055 20058 D dalvikvm: GC_CONCURRENT freed 465K, 8% free 10314K/11143K, paused 2ms+2ms
07-01 10:43:14.107   145   169 I ActivityManager: Start proc com.google.android.gm for service com.google.android.gm/.provider.MailSyncAdapterService: pid=23218 uid=10075 gids={3003, 1015}
07-01 10:43:14.236 23218 23218 I ActivityThread: Pub gmail-ls: com.google.android.gm.provider.MailProvider
07-01 10:43:14.259 23218 23218 I ActivityThread: Pub com.google.android.gm: com.google.android.gm.provider.PublicContentProvider
07-01 10:43:14.271 23218 23218 I ActivityThread: Pub com.google.android.gmail.SuggestionProvider: com.google.android.gm.SuggestionsProvider
07-01 10:43:14.388 23218 23221 D dalvikvm: GC_CONCURRENT freed 207K, 4% free 9264K/9607K, paused 2ms+2ms
07-01 10:43:14.759 23218 23236 I Gmail   : calculateUnknownSyncRationalesAndPurgeInBackground: queueing
07-01 10:43:14.810 23218 23236 I Gmail   : calculateUnknownSyncRationalesAndPurgeInBackground: queueing
07-01 10:43:14.861 23218 23221 D dalvikvm: GC_CONCURRENT freed 243K, 4% free 9424K/9799K, paused 3ms+2ms
07-01 10:43:14.896 23218 23234 I Gmail   : MainSyncRequestProto: lowestBkwdConvoId: 0, highestHandledServerOp: 3285040, normalSync: true
07-01 10:43:14.919 23218 23236 I Gmail   : calculateUnknownSyncRationalesAndPurgeInBackground: running
07-01 10:43:14.931 23218 23236 I Gmail   : calculateUnknownSyncRationalesAndPurgeInBackground: running
07-01 10:43:15.544 23218 23221 D dalvikvm: GC_CONCURRENT freed 330K, 5% free 9553K/9991K, paused 3ms+3ms
07-01 10:43:16.177   145  1149 D AlarmManagerService: Kernel timezone updated to 240 minutes west of GMT
07-01 10:43:16.365 23218 23221 D dalvikvm: GC_CONCURRENT freed 436K, 6% free 9553K/10119K, paused 2ms+2ms
07-01 10:43:16.548 23218 23234 D dalvikvm: GC_EXPLICIT freed 188K, 6% free 9541K/10119K, paused 4ms+3ms
07-01 10:43:16.556 23218 23234 I Gmail   : MainSyncRequestProto: lowestBkwdConvoId: 0, highestHandledServerOp: 3285175, normalSync: true
07-01 10:43:17.701 23218 23234 D dalvikvm: GC_EXPLICIT freed 242K, 6% free 9595K/10119K, paused 2ms+3ms
07-01 10:43:17.705 23218 23234 I Gmail   : MainSyncRequestProto: lowestBkwdConvoId: 0, highestHandledServerOp: 3285175, normalSync: true
07-01 10:43:17.708 23218 23234 I Gmail   : lowestBackward conversation id 0
07-01 10:43:17.724 23218 23234 W Gmail   : Scheduling index for 300000 ms from now
07-01 10:43:17.904 23218 23234 I Gmail   : Sending notification intent: Intent { act=android.intent.action.PROVIDER_CHANGED dat=content://gmail-ls/unread/^i (has extras) }
07-01 10:43:17.982 23218 23242 W Gmail   : Showing notification with unreadCount of 2 and unseenCount of 2
07-01 10:43:17.982 23218 23234 I Gmail   : Sending notification intent: Intent { act=android.intent.action.PROVIDER_CHANGED dat=content://gmail-ls/unread/^iim (has extras) }
07-01 10:43:18.103   216   218 D dalvikvm: GC_CONCURRENT freed 316K, 32% free 9782K/14343K, paused 1ms+3ms
07-01 10:43:18.150   145   396 I ActivityManager: No longer want com.google.android.talk (pid 21587): hidden #16
07-01 10:43:18.189   216   218 D dalvikvm: GC_CONCURRENT freed 352K, 32% free 9895K/14343K, paused 1ms+2ms
07-01 10:43:18.380   216   218 D dalvikvm: GC_CONCURRENT freed 341K, 31% free 9942K/14343K, paused 3ms+5ms
07-01 10:43:18.732 20028 23245 I DownloadManager: Initiating request for download 659
07-01 10:43:18.794 20028 20030 D dalvikvm: GC_CONCURRENT freed 386K, 7% free 9320K/9927K, paused 8ms+4ms
07-01 10:43:19.837 20028 20030 D dalvikvm: GC_CONCURRENT freed 444K, 7% free 9262K/9927K, paused 2ms+2ms
07-01 10:43:20.224 20028 23252 I DownloadManager: deleting /data/data/com.android.providers.downloads/cache/downloadfile.pdf
07-01 10:43:20.326   145   396 D dalvikvm: GC_EXPLICIT freed 900K, 21% free 15140K/19015K, paused 8ms+7ms
07-01 10:43:28.169   145   175 I ActivityManager: Start proc com.google.android.maps.mytracks for service com.google.android.maps.mytracks/com.google.android.apps.mytracks.services.RemoveTempFilesService: pid=23254 uid=10072 gids={3003, 3002, 3001, 1015}
07-01 10:43:28.177 23254 23254 I dalvikvm: Turning on JNI app bug workarounds for target SDK version 7...
07-01 10:43:28.283 23254 23254 I ActivityThread: Pub com.google.android.maps.mytracks.search: com.google.android.apps.mytracks.content.SearchEngineProvider
07-01 10:43:28.287 23254 23254 I ActivityThread: Pub com.google.android.maps.mytracks: com.google.android.apps.mytracks.content.MyTracksProvider
07-01 10:43:28.345   145  9966 I ActivityManager: No longer want com.google.android.apps.uploader (pid 21518): hidden #16
07-01 10:43:47.162   145   348 D AlarmManagerService: Kernel timezone updated to 240 minutes west of GMT
07-01 10:43:47.665   345   345 D SAN_SERVICE: *******************************************
07-01 10:43:47.665   345   345 D SAN_SERVICE: DM App Phone Service State - 0
07-01 10:43:47.665   345   345 D SAN_SERVICE: *******************************************
07-01 10:43:47.751   345   345 D SAN_SERVICE: *******************************************
07-01 10:43:47.751   345   345 D SAN_SERVICE: DM App Phone Service State - 0
07-01 10:43:47.751   345   345 D SAN_SERVICE: *******************************************
07-01 10:43:50.908 19959 19972 I PhoneLab-: Service Running
07-01 10:43:51.013 19959 19972 I PhoneLab-LoggerService: app_37    1360  1     1436   996   c00f181c 400107b4 S logcat
07-01 10:43:51.013 19959 19972 I PhoneLab-LoggerService: Logcat pid from database 1360
07-01 10:43:51.013 19959 19972 I PhoneLab-LoggerService: Logcat process found 1360
07-01 10:43:51.013 19959 19972 I PhoneLab-LoggerService: Checking Threshold
07-01 10:43:51.763   345   345 D SAN_SERVICE: *******************************************
07-01 10:43:51.763   345   345 D SAN_SERVICE: DM App Phone Service State - 0
07-01 10:43:51.767   345   345 D SAN_SERVICE: *******************************************
07-01 10:43:57.619   145   348 D AlarmManagerService: Kernel timezone updated to 240 minutes west of GMT
07-01 10:44:05.697   345   345 D SAN_SERVICE: *******************************************
07-01 10:44:05.697   345   345 D SAN_SERVICE: DM App Phone Service State - 0
07-01 10:44:05.697   345   345 D SAN_SERVICE: *******************************************
07-01 10:44:09.099   145 22722 I ActivityManager: No longer want com.google.android.apps.docs (pid 21534): hidden #16
07-01 10:44:09.099   145 22722 I ActivityManager: No longer want com.google.android.youtube (pid 20719): hidden #17
07-01 10:44:26.271   345   345 D SAN_SERVICE: *******************************************
07-01 10:44:26.271   345   345 D SAN_SERVICE: DM App Phone Service State - 0
07-01 10:44:26.271   345   345 D SAN_SERVICE: *******************************************
07-01 10:44:26.779   345   345 D SAN_SERVICE: *******************************************
07-01 10:44:26.779   345   345 D SAN_SERVICE: DM App Phone Service State - 0
07-01 10:44:26.779   345   345 D SAN_SERVICE: *******************************************
07-01 10:44:30.603   345   345 D SAN_SERVICE: *******************************************
07-01 10:44:30.603   345   345 D SAN_SERVICE: DM App Phone Service State - 0
07-01 10:44:30.603   345   345 D SAN_SERVICE: *******************************************
07-01 10:44:31.056   345   345 D SAN_SERVICE: *******************************************
07-01 10:44:31.060   345   345 D SAN_SERVICE: DM App Phone Service State - 0
07-01 10:44:31.060   345   345 D SAN_SERVICE: *******************************************
07-01 10:44:42.419   145   162 I ActivityManager: Start proc com.google.android.apps.maps:MapsBackgroundService for broadcast com.google.android.apps.maps/com.google.googlenav.networkinitiated.NetworkInitiatedReceiver: pid=23273 uid=10056 gids={3003, 1015}
07-01 10:44:42.431   145  9966 I ActivityManager: No longer want com.google.android.apps.plus (pid 19998): hidden #16
07-01 10:44:42.501   145  1150 W ActivityManager: Scheduling restart of crashed service com.google.android.apps.plus/.hangout.GCommService in 5000ms
07-01 10:44:42.537 23273 23275 D dalvikvm: GC_CONCURRENT freed 166K, 3% free 9370K/9607K, paused 2ms+2ms
07-01 10:44:42.607  8727  8727 W GTalkService: [DataMsgMgr] broadcast intent callback: result=CANCELLED forIntent { act=com.google.android.c2dm.intent.RECEIVE cat=[com.google.android.apps.maps] (has extras) }
07-01 10:44:42.681 23273 23275 D dalvikvm: GC_CONCURRENT freed 195K, 3% free 9656K/9927K, paused 2ms+3ms
07-01 10:44:42.790 23273 23288 I SqliteDatabaseCpp: sqlite returned: error code = 5, msg = statement aborts at 1: [PRAGMA journal_mode=TRUNCATE] , db=/data/data/com.google.android.apps.maps/databases/webview.db
07-01 10:44:42.861 20055 20058 D dalvikvm: GC_CONCURRENT freed 491K, 8% free 10297K/11143K, paused 2ms+6ms
07-01 10:44:42.892  8727 21371 D dalvikvm: GC_EXPLICIT freed 183K, 7% free 10249K/11015K, paused 2ms+4ms
07-01 10:44:44.244 22963 22965 D dalvikvm: GC_CONCURRENT freed 491K, 6% free 10417K/11015K, paused 2ms+3ms
07-01 10:44:44.400 20055 20058 D dalvikvm: GC_CONCURRENT freed 327K, 8% free 10354K/11143K, paused 2ms+3ms
07-01 10:44:44.556 20055 20058 D dalvikvm: GC_CONCURRENT freed 338K, 6% free 10489K/11143K, paused 2ms+2ms
07-01 10:44:44.947 20055 20058 D dalvikvm: GC_CONCURRENT freed 610K, 8% free 10331K/11143K, paused 2ms+3ms
07-01 10:44:45.767   345   345 D SAN_SERVICE: *******************************************
07-01 10:44:45.767   345   345 D SAN_SERVICE: DM App Phone Service State - 0
07-01 10:44:45.767   345   345 D SAN_SERVICE: *******************************************
07-01 10:44:46.076   345   345 D SAN_SERVICE: *******************************************
07-01 10:44:46.076   345   345 D SAN_SERVICE: DM App Phone Service State - 0
07-01 10:44:46.076   345   345 D SAN_SERVICE: *******************************************
07-01 10:44:47.568   145   162 I ActivityManager: Start proc com.google.android.apps.plus for service com.google.android.apps.plus/.hangout.GCommService: pid=23297 uid=10060 gids={3003, 3002, 1015, 1006}
07-01 10:44:47.740 23297 23300 D dalvikvm: GC_CONCURRENT freed 164K, 3% free 9371K/9607K, paused 3ms+2ms
07-01 10:44:47.837 23297 23297 I ActivityThread: Pub com.google.android.apps.plus.content.ApiProvider: com.google.android.apps.plus.content.EsApiProvider
07-01 10:44:47.865 23297 23297 I ActivityThread: Pub com.google.android.apps.plus.content.EsGooglePhotoProvider: com.google.android.picasasync.PicasaContentProvider
07-01 10:44:48.068 23297 23300 D dalvikvm: GC_CONCURRENT freed 337K, 5% free 9579K/9991K, paused 7ms+2ms
07-01 10:44:48.095 23297 23297 I ActivityThread: Pub com.google.android.apps.plus.content.EsPicasaStoreProvider: com.google.android.picasastore.PicasaPhotoContentProvider
07-01 10:44:48.103 23297 23297 I ActivityThread: Pub com.google.plus.platform: com.google.android.apps.plus.content.AdsProvider
07-01 10:44:48.103 23297 23297 I ActivityThread: Pub com.google.android.apps.plus.iu.EsGoogleIuProvider: com.google.android.apps.plus.iu.InstantUploadProvider
07-01 10:44:48.181 23297 23300 D dalvikvm: GC_CONCURRENT freed 502K, 6% free 9607K/10183K, paused 2ms+2ms
07-01 10:44:48.193 23297 23297 I ActivityThread: Pub com.google.android.apps.plus.content.EsProvider: com.google.android.apps.plus.content.EsProvider
07-01 10:44:48.314 23297 23300 D dalvikvm: GC_CONCURRENT freed 209K, 3% free 9961K/10247K, paused 2ms+3ms
07-01 10:44:48.322 23297 23311 D PicasaPhotoCP: set fsid first time:-1
07-01 10:44:48.435 23297 23300 D dalvikvm: GC_CONCURRENT freed 153K, 3% free 10321K/10567K, paused 2ms+4ms
07-01 10:44:48.517 23297 23300 D dalvikvm: GC_CONCURRENT freed 313K, 5% free 10448K/10951K, paused 2ms+2ms
07-01 10:44:48.537 23297 23297 D dalvikvm: GC_FOR_ALLOC freed <1K, 5% free 10447K/10951K, paused 21ms
07-01 10:44:48.537 23297 23297 I dalvikvm-heap: Grow heap (frag case) to 10.519MB for 260112-byte allocation
07-01 10:44:48.568 23297 23297 D dalvikvm: GC_FOR_ALLOC freed 126K, 6% free 10575K/11207K, paused 19ms
07-01 10:44:48.595 23297 23297 D dalvikvm: GC_FOR_ALLOC freed 311K, 6% free 10568K/11207K, paused 19ms
07-01 10:44:48.615 23297 23297 D dalvikvm: GC_FOR_ALLOC freed 62K, 6% free 10632K/11207K, paused 19ms
07-01 10:44:48.615 23297 23297 I dalvikvm-heap: Grow heap (frag case) to 10.700MB for 260112-byte allocation
07-01 10:44:48.638 23297 23297 D dalvikvm: GC_FOR_ALLOC freed 126K, 7% free 10760K/11463K, paused 20ms
07-01 10:44:48.662 23297 23297 D dalvikvm: GC_FOR_ALLOC freed 307K, 7% free 10751K/11463K, paused 20ms
07-01 10:44:48.685 23297 23297 D dalvikvm: GC_FOR_ALLOC freed 62K, 6% free 10815K/11463K, paused 19ms
07-01 10:44:48.685 23297 23297 I dalvikvm-heap: Grow heap (frag case) to 10.878MB for 260112-byte allocation
07-01 10:44:48.708 23297 23297 D dalvikvm: GC_FOR_ALLOC freed 126K, 7% free 10943K/11719K, paused 19ms
07-01 10:44:48.830 23297 23300 D dalvikvm: GC_CONCURRENT freed 347K, 5% free 11210K/11719K, paused 1ms+3ms
07-01 10:44:49.017 23297 23300 D dalvikvm: GC_CONCURRENT freed 156K, 2% free 11812K/12039K, paused 2ms+3ms
07-01 10:44:49.216 23297 23300 D dalvikvm: GC_CONCURRENT freed 583K, 6% free 12216K/12871K, paused 2ms+3ms
07-01 10:44:49.462 23297 23300 D dalvikvm: GC_CONCURRENT freed 249K, 3% free 13062K/13383K, paused 1ms+3ms
07-01 10:44:49.521 23297 23297 D dalvikvm: Trying to load lib /data/data/com.google.android.apps.plus/lib/libgcomm_jni.so 0x41343548
07-01 10:44:49.857 23297 23297 D dalvikvm: Added shared lib /data/data/com.google.android.apps.plus/lib/libgcomm_jni.so 0x41343548
07-01 10:44:49.857 23297 23297 V gcomm_native: [static void util::JniHelper::SetJavaVm(JavaVM*) jni_helper.cpp(15) 400cd488] JavaVM 0x80b3e0
07-01 10:44:49.857 23297 23297 V gcomm_native: [jint JNI_OnLoad(JavaVM*, void*) jni_helper.cpp(97) 400cd488] JNI_OnLoad
07-01 10:44:49.857 23297 23297 I gcomm_native: [jboolean Java_com_google_android_apps_plus_hangout_GCommNativeWrapper_nativeStaticInitialize(JNIEnv*, _jclass*, _jobject*, _jstring*, _jstring*, _jstring*, jboolean, _jstring*, _jstring*) gcomm_native_wrapper.cpp(972) 400cd488] GComm Static Native initializing
07-01 10:44:56.302   345   345 D SAN_SERVICE: *******************************************
07-01 10:44:56.302   345   345 D SAN_SERVICE: DM App Phone Service State - 0
07-01 10:44:56.302   345   345 D SAN_SERVICE: *******************************************
07-01 10:45:06.537   345   345 D SAN_SERVICE: *******************************************
07-01 10:45:06.537   345   345 D SAN_SERVICE: DM App Phone Service State - 0
07-01 10:45:06.537   345   345 D SAN_SERVICE: *******************************************
07-01 10:45:07.009   345   345 D SAN_SERVICE: *******************************************
07-01 10:45:07.009   345   345 D SAN_SERVICE: DM App Phone Service State - 0
07-01 10:45:07.009   345   345 D SAN_SERVICE: *******************************************
07-01 10:45:07.115   345   347 D dalvikvm: GC_CONCURRENT freed 750K, 8% free 11661K/12615K, paused 24ms+3ms
07-01 10:45:08.165 23143 23145 D dalvikvm: GC_CONCURRENT freed 557K, 7% free 9888K/10567K, paused 2ms+3ms
07-01 10:45:11.634   345   345 D SAN_SERVICE: *******************************************
07-01 10:45:11.634   345   345 D SAN_SERVICE: DM App Phone Service State - 0
07-01 10:45:11.634   345   345 D SAN_SERVICE: *******************************************
07-01 10:45:12.244   345   345 D SAN_SERVICE: *******************************************
07-01 10:45:12.244   345   345 D SAN_SERVICE: DM App Phone Service State - 0
07-01 10:45:12.247   345   345 D SAN_SERVICE: *******************************************
07-01 10:45:16.955   345   345 D SAN_SERVICE: *******************************************
07-01 10:45:16.955   345   345 D SAN_SERVICE: DM App Phone Service State - 0
07-01 10:45:16.955   345   345 D SAN_SERVICE: *******************************************
07-01 10:45:36.935   345   345 D SAN_SERVICE: *******************************************
07-01 10:45:36.935   345   345 D SAN_SERVICE: DM App Phone Service State - 0
07-01 10:45:36.935   345   345 D SAN_SERVICE: *******************************************
07-01 10:45:37.173   345   345 D SAN_SERVICE: *******************************************
07-01 10:45:37.173   345   345 D SAN_SERVICE: DM App Phone Service State - 0
07-01 10:45:37.173   345   345 D SAN_SERVICE: *******************************************
07-01 10:45:37.638   345   345 D SAN_SERVICE: *******************************************
07-01 10:45:37.638   345   345 D SAN_SERVICE: DM App Phone Service State - 0
07-01 10:45:37.638   345   345 D SAN_SERVICE: *******************************************
07-01 10:45:44.369 22963 22965 D dalvikvm: GC_CONCURRENT freed 437K, 6% free 10398K/11015K, paused 2ms+3ms
07-01 10:45:50.908 19959 19972 I PhoneLab-: Service Running
07-01 10:45:50.986 19959 19972 I PhoneLab-LoggerService: app_37    1360  1     1436   996   c00f181c 400107b4 S logcat
07-01 10:45:50.990 19959 19972 I PhoneLab-LoggerService: Logcat pid from database 1360
07-01 10:45:50.990 19959 19972 I PhoneLab-LoggerService: Logcat process found 1360
07-01 10:45:50.990 19959 19972 I PhoneLab-LoggerService: Checking Threshold
07-01 10:45:52.357   345   345 D SAN_SERVICE: *******************************************
07-01 10:45:52.357   345   345 D SAN_SERVICE: DM App Phone Service State - 0
07-01 10:45:52.357   345   345 D SAN_SERVICE: *******************************************
07-01 10:45:52.622   345   345 D SAN_SERVICE: *******************************************
07-01 10:45:52.622   345   345 D SAN_SERVICE: DM App Phone Service State - 0
07-01 10:45:52.622   345   345 D SAN_SERVICE: *******************************************
07-01 10:45:53.369   345   345 D SAN_SERVICE: *******************************************
07-01 10:45:53.369   345   345 D SAN_SERVICE: DM App Phone Service State - 0
07-01 10:45:53.369   345   345 D SAN_SERVICE: *******************************************
07-01 10:46:05.228   345   345 D SAN_SERVICE: *******************************************
07-01 10:46:05.232   345   345 D SAN_SERVICE: DM App Phone Service State - 0
07-01 10:46:05.236   345   345 D SAN_SERVICE: *******************************************
07-01 10:46:05.744   345   345 D SAN_SERVICE: *******************************************
07-01 10:46:05.744   345   345 D SAN_SERVICE: DM App Phone Service State - 0
07-01 10:46:05.744   345   345 D SAN_SERVICE: *******************************************
07-01 10:46:14.130   145   147 D dalvikvm: GC_CONCURRENT freed 1423K, 21% free 15141K/19015K, paused 3ms+8ms
07-01 10:46:14.173 23218 23345 I Gmail   : MainSyncRequestProto: lowestBkwdConvoId: 0, highestHandledServerOp: 3285175, normalSync: true
07-01 10:46:14.845 23218 23221 D dalvikvm: GC_CONCURRENT freed 307K, 5% free 9678K/10119K, paused 2ms+2ms
07-01 10:46:15.673 23218 23221 D dalvikvm: GC_CONCURRENT freed 491K, 7% free 9624K/10247K, paused 1ms+2ms
07-01 10:46:16.353 23218 23345 D dalvikvm: GC_EXPLICIT freed 346K, 7% free 9621K/10247K, paused 2ms+3ms
07-01 10:46:16.357 23218 23345 I Gmail   : MainSyncRequestProto: lowestBkwdConvoId: 0, highestHandledServerOp: 3285230, normalSync: true
07-01 10:46:16.361 23218 23345 I Gmail   : lowestBackward conversation id 0
07-01 10:46:16.369 23218 23345 W Gmail   : Scheduling index for 300000 ms from now
07-01 10:46:16.497 23218 23345 I Gmail   : Sending notification intent: Intent { act=android.intent.action.PROVIDER_CHANGED dat=content://gmail-ls/unread/^i (has extras) }
07-01 10:46:16.580   216   216 D dalvikvm: GC_FOR_ALLOC freed 607K, 33% free 9699K/14343K, paused 17ms
07-01 10:46:16.638   216   218 D dalvikvm: GC_CONCURRENT freed 339K, 32% free 9835K/14343K, paused 2ms+3ms
07-01 10:46:16.662 23218 23345 I Gmail   : Sending notification intent: Intent { act=android.intent.action.PROVIDER_CHANGED dat=content://gmail-ls/unread/^iim (has extras) }
07-01 10:46:16.744   216   218 D dalvikvm: GC_CONCURRENT freed 546K, 32% free 9788K/14343K, paused 2ms+2ms
07-01 10:46:18.201   345   345 D SAN_SERVICE: *******************************************
07-01 10:46:18.201   345   345 D SAN_SERVICE: DM App Phone Service State - 0
07-01 10:46:18.201   345   345 D SAN_SERVICE: *******************************************
07-01 10:46:18.435   345   345 D SAN_SERVICE: *******************************************
07-01 10:46:18.435   345   345 D SAN_SERVICE: DM App Phone Service State - 0
07-01 10:46:18.435   345   345 D SAN_SERVICE: *******************************************
07-01 10:46:28.255   145   145 D dalvikvm: GC_EXPLICIT freed 283K, 22% free 15009K/19015K, paused 33ms+6ms
07-01 10:46:28.306   345   345 D SAN_SERVICE: *******************************************
07-01 10:46:28.306   345   345 D SAN_SERVICE: DM App Phone Service State - 0
07-01 10:46:28.306   345   345 D SAN_SERVICE: *******************************************
07-01 10:46:43.806   345   345 D SAN_SERVICE: *******************************************
07-01 10:46:43.806   345   345 D SAN_SERVICE: DM App Phone Service State - 0
07-01 10:46:43.806   345   345 D SAN_SERVICE: *******************************************
07-01 10:46:44.040   345   345 D SAN_SERVICE: *******************************************
07-01 10:46:44.040   345   345 D SAN_SERVICE: DM App Phone Service State - 0
07-01 10:46:44.040   345   345 D SAN_SERVICE: *******************************************
07-01 10:46:44.412 20055 20058 D dalvikvm: GC_CONCURRENT freed 498K, 8% free 10345K/11143K, paused 1ms+3ms
07-01 10:47:09.380   345   345 D SAN_SERVICE: *******************************************
07-01 10:47:09.380   345   345 D SAN_SERVICE: DM App Phone Service State - 0
07-01 10:47:09.380   345   345 D SAN_SERVICE: *******************************************
07-01 10:47:10.158   345   345 D SAN_SERVICE: *******************************************
07-01 10:47:10.158   345   345 D SAN_SERVICE: DM App Phone Service State - 0
07-01 10:47:10.158   345   345 D SAN_SERVICE: *******************************************
07-01 10:47:10.388   345   345 D SAN_SERVICE: *******************************************
07-01 10:47:10.388   345   345 D SAN_SERVICE: DM App Phone Service State - 0
07-01 10:47:10.388   345   345 D SAN_SERVICE: *******************************************
07-01 10:47:11.173   345   345 D SAN_SERVICE: *******************************************
07-01 10:47:11.173   345   345 D SAN_SERVICE: DM App Phone Service State - 0
07-01 10:47:11.173   345   345 D SAN_SERVICE: *******************************************
07-01 10:47:15.412   345   345 D SAN_SERVICE: *******************************************
07-01 10:47:15.412   345   345 D SAN_SERVICE: DM App Phone Service State - 0
07-01 10:47:15.412   345   345 D SAN_SERVICE: *******************************************
07-01 10:47:23.747   145   169 I ActivityManager: Start proc com.google.android.apps.currents for service com.google.android.apps.currents/com.google.apps.dots.android.app.service.SyncService: pid=23351 uid=10078 gids={3003, 1015}
07-01 10:47:24.005 23351 23351 I ActivityThread: Pub com.google.apps.dots.android.app.provider.SuggestionProvider: com.google.apps.dots.android.app.provider.SuggestionProvider
07-01 10:47:24.009 23351 23351 I ActivityThread: Pub com.google.android.apps.currents.exported: com.google.apps.dots.android.app.provider.ExportedContentProvider
07-01 10:47:24.080 23351 23354 D dalvikvm: GC_CONCURRENT freed 175K, 3% free 9360K/9607K, paused 2ms+2ms
07-01 10:47:24.138 23351 23354 D dalvikvm: GC_CONCURRENT freed 265K, 5% free 9585K/9991K, paused 2ms+2ms
07-01 10:47:24.255 23351 23354 D dalvikvm: GC_CONCURRENT freed 231K, 4% free 9836K/10183K, paused 2ms+2ms
07-01 10:47:24.380 23351 23354 D dalvikvm: GC_CONCURRENT freed 234K, 4% free 10092K/10439K, paused 1ms+2ms
07-01 10:47:24.419 23351 23351 I DotsContentUris: content://com.google.android.apps.currents
07-01 10:47:24.431 23351 23351 I ActivityThread: Pub com.google.android.apps.currents: com.google.apps.dots.android.app.provider.DotsContentProvider
07-01 10:47:24.439 23351 23351 I DotsApplication: Starting up...
07-01 10:47:24.693 23351 23354 D dalvikvm: GC_CONCURRENT freed 405K, 5% free 10125K/10631K, paused 2ms+5ms
07-01 10:47:24.912 23351 23354 D dalvikvm: GC_CONCURRENT freed 309K, 4% free 10330K/10759K, paused 2ms+3ms
07-01 10:47:24.966 23351 23370 I SyncService: Starting sync (10:47:24)
07-01 10:47:26.599 23351 23354 D dalvikvm: GC_CONCURRENT freed 283K, 4% free 10471K/10887K, paused 2ms+2ms
07-01 10:47:26.955 23351 23354 D dalvikvm: GC_CONCURRENT freed 217K, 4% free 10664K/11015K, paused 2ms+3ms
07-01 10:47:27.068 23351 23354 D dalvikvm: GC_CONCURRENT freed 437K, 6% free 10747K/11335K, paused 2ms+2ms
07-01 10:47:27.267 23351 23354 D dalvikvm: GC_CONCURRENT freed 506K, 6% free 10694K/11335K, paused 2ms+2ms
07-01 10:47:27.747 23351 23354 D dalvikvm: GC_CONCURRENT freed 355K, 5% free 10770K/11335K, paused 3ms+2ms
07-01 10:47:29.021   145   310 D SyncManager: setSyncAutomatically: , provider com.google.android.apps.currents -> true
07-01 10:47:29.021   145   310 D SyncManager: setSyncAutomatically: already set to true, doing nothing
07-01 10:47:29.751   345   345 D SAN_SERVICE: *******************************************
07-01 10:47:29.751   345   345 D SAN_SERVICE: DM App Phone Service State - 0
07-01 10:47:29.751   345   345 D SAN_SERVICE: *******************************************
07-01 10:47:29.806 23351 23354 D dalvikvm: GC_CONCURRENT freed 406K, 5% free 10866K/11399K, paused 3ms+3ms
07-01 10:47:29.951 23351 23354 D dalvikvm: GC_CONCURRENT freed 274K, 5% free 11121K/11591K, paused 3ms+3ms
07-01 10:47:30.158 23351 23354 D dalvikvm: GC_CONCURRENT freed 239K, 4% free 11487K/11847K, paused 2ms+3ms
07-01 10:47:30.415   145   145 D dalvikvm: GC_EXPLICIT freed 654K, 21% free 15041K/19015K, paused 3ms+7ms
07-01 10:47:30.529   345   345 D SAN_SERVICE: *******************************************
07-01 10:47:30.529   345   345 D SAN_SERVICE: DM App Phone Service State - 0
07-01 10:47:30.529   345   345 D SAN_SERVICE: *******************************************
07-01 10:47:30.544 23351 23354 D dalvikvm: GC_CONCURRENT freed 1047K, 10% free 11179K/12359K, paused 2ms+3ms
07-01 10:47:30.826   345   345 D SAN_SERVICE: *******************************************
07-01 10:47:30.826   345   345 D SAN_SERVICE: DM App Phone Service State - 0
07-01 10:47:30.826   345   345 D SAN_SERVICE: *******************************************
07-01 10:47:31.146 23351 23354 D dalvikvm: GC_CONCURRENT freed 540K, 10% free 11233K/12359K, paused 2ms+3ms
07-01 10:47:31.341 23351 23354 D dalvikvm: GC_CONCURRENT freed 592K, 9% free 11254K/12359K, paused 1ms+2ms
07-01 10:47:33.068 23351 23354 D dalvikvm: GC_CONCURRENT freed 514K, 9% free 11358K/12359K, paused 2ms+3ms
07-01 10:47:33.724 23351 23354 D dalvikvm: GC_CONCURRENT freed 712K, 9% free 11300K/12359K, paused 2ms+2ms
07-01 10:47:33.876 23351 23354 D dalvikvm: GC_CONCURRENT freed 590K, 9% free 11344K/12359K, paused 2ms+2ms
07-01 10:47:34.037 23351 23354 D dalvikvm: GC_CONCURRENT freed 644K, 9% free 11351K/12359K, paused 2ms+3ms
07-01 10:47:34.173 23351 23373 D dalvikvm: GC_FOR_ALLOC freed 565K, 9% free 11357K/12359K, paused 29ms
07-01 10:47:34.173 23351 23373 I dalvikvm-heap: Grow heap (frag case) to 11.224MB for 67588-byte allocation
07-01 10:47:34.201 23351 23373 D dalvikvm: GC_FOR_ALLOC freed 6K, 9% free 11416K/12487K, paused 26ms
07-01 10:47:35.189 23351 23354 D dalvikvm: GC_CONCURRENT freed 794K, 10% free 11299K/12487K, paused 2ms+3ms
07-01 10:47:35.372 23351 23354 D dalvikvm: GC_CONCURRENT freed 614K, 10% free 11331K/12487K, paused 3ms+4ms
07-01 10:47:35.560 23351 23354 D dalvikvm: GC_CONCURRENT freed 629K, 10% free 11346K/12487K, paused 2ms+2ms
07-01 10:47:35.798 23351 23354 D dalvikvm: GC_CONCURRENT freed 636K, 10% free 11358K/12487K, paused 15ms+3ms
07-01 10:47:36.142   345   345 D SAN_SERVICE: *******************************************
07-01 10:47:36.142   345   345 D SAN_SERVICE: DM App Phone Service State - 0
07-01 10:47:36.142   345   345 D SAN_SERVICE: *******************************************
07-01 10:47:36.763 23351 23354 D dalvikvm: GC_CONCURRENT freed 688K, 10% free 11326K/12487K, paused 3ms+3ms
07-01 10:47:37.376 23351 23354 D dalvikvm: GC_CONCURRENT freed 603K, 9% free 11402K/12487K, paused 2ms+3ms
07-01 10:47:37.552 23351 23354 D dalvikvm: GC_CONCURRENT freed 631K, 9% free 11436K/12487K, paused 2ms+3ms
07-01 10:47:38.404 23351 23354 D dalvikvm: GC_CONCURRENT freed 666K, 9% free 11450K/12487K, paused 2ms+2ms
07-01 10:47:38.912 23351 23354 D dalvikvm: GC_CONCURRENT freed 674K, 9% free 11459K/12487K, paused 2ms+2ms
07-01 10:47:39.560 23351 23354 D dalvikvm: GC_CONCURRENT freed 616K, 8% free 11530K/12487K, paused 2ms+2ms
07-01 10:47:39.740 23351 23354 D dalvikvm: GC_CONCURRENT freed 663K, 8% free 11575K/12487K, paused 2ms+3ms
07-01 10:47:40.048   345   345 D SAN_SERVICE: *******************************************
07-01 10:47:40.048   345   345 D SAN_SERVICE: DM App Phone Service State - 0
07-01 10:47:40.048   345   345 D SAN_SERVICE: *******************************************
07-01 10:47:40.099 23351 23354 D dalvikvm: GC_CONCURRENT freed 790K, 8% free 11564K/12487K, paused 3ms+2ms
07-01 10:47:40.400   345   345 D SAN_SERVICE: *******************************************
07-01 10:47:40.400   345   345 D SAN_SERVICE: DM App Phone Service State - 0
07-01 10:47:40.400   345   345 D SAN_SERVICE: *******************************************
07-01 10:47:42.220 23351 23354 D dalvikvm: GC_CONCURRENT freed 663K, 7% free 11626K/12487K, paused 2ms+2ms
07-01 10:47:42.412 23351 23354 D dalvikvm: GC_CONCURRENT freed 765K, 8% free 11662K/12551K, paused 2ms+3ms
07-01 10:47:42.755 23351 23354 D dalvikvm: GC_CONCURRENT freed 738K, 7% free 11680K/12551K, paused 2ms+3ms
07-01 10:47:43.490 23351 23354 D dalvikvm: GC_CONCURRENT freed 811K, 8% free 11671K/12615K, paused 2ms+3ms
07-01 10:47:44.154 23351 23354 D dalvikvm: GC_CONCURRENT freed 807K, 8% free 11677K/12615K, paused 2ms+3ms
07-01 10:47:44.337 22963 22965 D dalvikvm: GC_CONCURRENT freed 486K, 6% free 10424K/11015K, paused 2ms+3ms
07-01 10:47:44.462 20055 20058 D dalvikvm: GC_CONCURRENT freed 525K, 8% free 10332K/11143K, paused 2ms+3ms
07-01 10:47:44.997 23351 23354 D dalvikvm: GC_CONCURRENT freed 815K, 8% free 11672K/12615K, paused 2ms+3ms
07-01 10:47:45.529 23351 23354 D dalvikvm: GC_CONCURRENT freed 725K, 7% free 11758K/12615K, paused 2ms+2ms
07-01 10:47:45.705 23351 23354 D dalvikvm: GC_CONCURRENT freed 750K, 7% free 11795K/12679K, paused 2ms+2ms
07-01 10:47:45.732   345   345 D SAN_SERVICE: *******************************************
07-01 10:47:45.732   345   345 D SAN_SERVICE: DM App Phone Service State - 0
07-01 10:47:45.732   345   345 D SAN_SERVICE: *******************************************
07-01 10:47:46.107 23351 23354 D dalvikvm: GC_CONCURRENT freed 797K, 8% free 11813K/12743K, paused 2ms+3ms
07-01 10:47:47.701   145   395 D dalvikvm: GC_EXPLICIT freed 792K, 21% free 15031K/19015K, paused 16ms+6ms
07-01 10:47:47.818 23351 23354 D dalvikvm: GC_CONCURRENT freed 931K, 9% free 11744K/12807K, paused 2ms+2ms
07-01 10:47:47.935 23351 23373 D dalvikvm: GC_FOR_ALLOC freed 613K, 8% free 11818K/12807K, paused 28ms
07-01 10:47:48.103 23351 23373 D dalvikvm: GC_EXPLICIT freed 389K, 9% free 11812K/12871K, paused 2ms+4ms
07-01 10:47:49.451 23351 23354 D dalvikvm: GC_CONCURRENT freed 831K, 9% free 11786K/12871K, paused 2ms+3ms
07-01 10:47:49.619 23351 23354 D dalvikvm: GC_CONCURRENT freed 751K, 9% free 11832K/12871K, paused 2ms+3ms
07-01 10:47:49.798 23351 23354 D dalvikvm: GC_CONCURRENT freed 774K, 8% free 11870K/12871K, paused 2ms+3ms
07-01 10:47:49.974 23351 23354 D dalvikvm: GC_CONCURRENT freed 827K, 8% free 11908K/12871K, paused 2ms+2ms
07-01 10:47:50.372   145   145 D dalvikvm: GC_EXPLICIT freed 226K, 22% free 15015K/19015K, paused 3ms+6ms
07-01 10:47:50.455 23351 23354 D dalvikvm: GC_CONCURRENT freed 654K, 7% free 12146K/12935K, paused 2ms+4ms
07-01 10:47:50.908 19959 19972 I PhoneLab-: Service Running
07-01 10:47:51.111 19959 19972 I PhoneLab-LoggerService: app_37    1360  1     1436   996   c00f181c 400107b4 S logcat
07-01 10:47:51.111 19959 19972 I PhoneLab-LoggerService: Logcat pid from database 1360
07-01 10:47:51.115 19959 19972 I PhoneLab-LoggerService: Logcat process found 1360
07-01 10:47:51.115 19959 19972 I PhoneLab-LoggerService: Checking Threshold
07-01 10:47:53.712 23351 23354 D dalvikvm: GC_CONCURRENT freed 1368K, 12% free 11754K/13255K, paused 2ms+3ms
07-01 10:47:53.869 23351 23354 D dalvikvm: GC_CONCURRENT freed 728K, 11% free 11824K/13255K, paused 2ms+3ms
07-01 10:47:54.029 23351 23354 D dalvikvm: GC_CONCURRENT freed 767K, 11% free 11864K/13255K, paused 2ms+2ms
07-01 10:47:54.189 23351 23354 D dalvikvm: GC_CONCURRENT freed 783K, 11% free 11905K/13255K, paused 2ms+3ms
07-01 10:47:54.353 23351 23354 D dalvikvm: GC_CONCURRENT freed 802K, 10% free 11939K/13255K, paused 2ms+4ms
07-01 10:47:54.591 23351 23354 D dalvikvm: GC_CONCURRENT freed 770K, 10% free 12016K/13255K, paused 2ms+3ms
07-01 10:47:54.947   145   348 D dalvikvm: GC_EXPLICIT freed 298K, 22% free 15015K/19015K, paused 3ms+7ms
07-01 10:47:55.068 23351 23354 D dalvikvm: GC_CONCURRENT freed 663K, 8% free 12224K/13255K, paused 2ms+4ms
07-01 10:47:56.130   345   345 D SAN_SERVICE: *******************************************
07-01 10:47:56.130   345   345 D SAN_SERVICE: DM App Phone Service State - 0
07-01 10:47:56.130   345   345 D SAN_SERVICE: *******************************************
07-01 10:47:56.365   345   345 D SAN_SERVICE: *******************************************
07-01 10:47:56.365   345   345 D SAN_SERVICE: DM App Phone Service State - 0
07-01 10:47:56.365   345   345 D SAN_SERVICE: *******************************************
07-01 10:47:56.497 23351 23354 D dalvikvm: GC_CONCURRENT freed 1361K, 12% free 11843K/13319K, paused 2ms+3ms
07-01 10:47:57.603 23351 23354 D dalvikvm: GC_CONCURRENT freed 807K, 11% free 11867K/13319K, paused 2ms+3ms
07-01 10:47:59.607 23351 23354 D dalvikvm: GC_CONCURRENT freed 930K, 12% free 11758K/13319K, paused 2ms+3ms
07-01 10:47:59.845 23351 23373 D dalvikvm: GC_FOR_ALLOC freed 504K, 11% free 11891K/13319K, paused 28ms
07-01 10:47:59.845 23351 23373 I dalvikvm-heap: Grow heap (frag case) to 11.792MB for 115560-byte allocation
07-01 10:47:59.876 23351 23373 D dalvikvm: GC_FOR_ALLOC freed 60K, 12% free 11943K/13447K, paused 28ms
07-01 10:47:59.915 23351 23373 D dalvikvm: GC_FOR_ALLOC freed 1K, 12% free 11943K/13447K, paused 33ms
07-01 10:47:59.919 23351 23373 I dalvikvm-heap: Grow heap (frag case) to 11.956MB for 233162-byte allocation
07-01 10:47:59.947 23351 23373 D dalvikvm: GC_FOR_ALLOC freed 112K, 13% free 12058K/13703K, paused 27ms
07-01 10:47:59.978 23351 23373 D dalvikvm: GC_FOR_ALLOC freed 232K, 13% free 11966K/13703K, paused 27ms
07-01 10:48:00.165 23351 23354 D dalvikvm: GC_CONCURRENT freed 936K, 14% free 11884K/13703K, paused 2ms+3ms
07-01 10:48:00.982 23351 23354 D dalvikvm: GC_CONCURRENT freed 812K, 14% free 11900K/13703K, paused 2ms+3ms
07-01 10:48:01.142 23351 23354 D dalvikvm: GC_CONCURRENT freed 786K, 13% free 11992K/13703K, paused 2ms+3ms
07-01 10:48:01.904 23351 23354 D dalvikvm: GC_CONCURRENT freed 938K, 14% free 11917K/13703K, paused 2ms+3ms
07-01 10:48:02.060 23351 23354 D dalvikvm: GC_CONCURRENT freed 784K, 13% free 11980K/13703K, paused 2ms+3ms
07-01 10:48:03.931 23351 23354 D dalvikvm: GC_CONCURRENT freed 922K, 14% free 11921K/13703K, paused 9ms+2ms
07-01 10:48:04.357 23351 23354 D dalvikvm: GC_CONCURRENT freed 842K, 14% free 11919K/13703K, paused 2ms+3ms
07-01 10:48:04.642 23351 23354 D dalvikvm: GC_CONCURRENT freed 876K, 14% free 11883K/13703K, paused 2ms+3ms
07-01 10:48:04.861 23351 23354 D dalvikvm: GC_CONCURRENT freed 871K, 14% free 11838K/13703K, paused 2ms+2ms
07-01 10:48:05.021 23351 23354 D dalvikvm: GC_CONCURRENT freed 752K, 14% free 11902K/13703K, paused 2ms+4ms
07-01 10:48:05.400 23351 23354 D dalvikvm: GC_CONCURRENT freed 1384K, 18% free 11366K/13703K, paused 5ms+3ms
07-01 10:48:05.658   345   345 D SAN_SERVICE: *******************************************
07-01 10:48:05.658   345   345 D SAN_SERVICE: DM App Phone Service State - 0
07-01 10:48:05.658   345   345 D SAN_SERVICE: *******************************************
07-01 10:48:06.494   345   345 D SAN_SERVICE: *******************************************
07-01 10:48:06.494   345   345 D SAN_SERVICE: DM App Phone Service State - 0
07-01 10:48:06.494   345   345 D SAN_SERVICE: *******************************************
07-01 10:48:06.708 23351 23354 D dalvikvm: GC_CONCURRENT freed 572K, 17% free 11456K/13703K, paused 22ms+2ms
07-01 10:48:06.912 23351 23370 I SyncService: sync service finished (10:48:06)
07-01 10:48:10.837   345   345 D SAN_SERVICE: *******************************************
07-01 10:48:10.837   345   345 D SAN_SERVICE: DM App Phone Service State - 0
07-01 10:48:10.841   345   345 D SAN_SERVICE: *******************************************
07-01 10:48:22.564   345   345 D SAN_SERVICE: *******************************************
07-01 10:48:22.564   345   345 D SAN_SERVICE: DM App Phone Service State - 0
07-01 10:48:22.564   345   345 D SAN_SERVICE: *******************************************
07-01 10:48:23.580   345   345 D SAN_SERVICE: *******************************************
07-01 10:48:23.580   345   345 D SAN_SERVICE: DM App Phone Service State - 0
07-01 10:48:23.580   345   345 D SAN_SERVICE: *******************************************
07-01 10:48:26.587   145   145 D AlarmManagerService: Kernel timezone updated to 240 minutes west of GMT
07-01 10:48:38.580   145   396 D AlarmManagerService: Kernel timezone updated to 240 minutes west of GMT
07-01 10:48:38.685   345   345 D SAN_SERVICE: *******************************************
07-01 10:48:38.685   345   345 D SAN_SERVICE: DM App Phone Service State - 0
07-01 10:48:38.685   345   345 D SAN_SERVICE: *******************************************
07-01 10:48:41.619   145   365 D AlarmManagerService: Kernel timezone updated to 240 minutes west of GMT
07-01 10:48:41.849   345   345 D SAN_SERVICE: *******************************************
07-01 10:48:41.849   345   345 D SAN_SERVICE: DM App Phone Service State - 0
07-01 10:48:41.849   345   345 D SAN_SERVICE: *******************************************
07-01 10:48:42.619   345   345 D SAN_SERVICE: *******************************************
07-01 10:48:42.619   345   345 D SAN_SERVICE: DM App Phone Service State - 0
07-01 10:48:42.619   345   345 D SAN_SERVICE: *******************************************
07-01 10:48:43.599   145 21614 D AlarmManagerService: Kernel timezone updated to 240 minutes west of GMT
07-01 10:48:44.415 22963 22965 D dalvikvm: GC_CONCURRENT freed 455K, 5% free 10487K/11015K, paused 2ms+3ms
07-01 10:48:44.548 20055 20058 D dalvikvm: GC_CONCURRENT freed 387K, 8% free 10350K/11143K, paused 2ms+2ms
07-01 10:48:47.583   145   156 D AlarmManagerService: Kernel timezone updated to 240 minutes west of GMT
07-01 10:48:48.662   345   345 D SAN_SERVICE: *******************************************
07-01 10:48:48.662   345   345 D SAN_SERVICE: DM App Phone Service State - 0
07-01 10:48:48.662   345   345 D SAN_SERVICE: *******************************************
07-01 10:48:48.677   345   347 D dalvikvm: GC_CONCURRENT freed 788K, 8% free 11652K/12615K, paused 1ms+3ms
07-01 10:48:51.669   145   329 D AlarmManagerService: Kernel timezone updated to 240 minutes west of GMT
07-01 10:48:51.923   345   345 D SAN_SERVICE: *******************************************
07-01 10:48:51.923   345   345 D SAN_SERVICE: DM App Phone Service State - 0
07-01 10:48:51.923   345   345 D SAN_SERVICE: *******************************************
07-01 10:48:55.869   345   345 D SAN_SERVICE: *******************************************
07-01 10:48:55.869   345   345 D SAN_SERVICE: DM App Phone Service State - 0
07-01 10:48:55.869   345   345 D SAN_SERVICE: *******************************************
07-01 10:48:57.622   145 21614 D AlarmManagerService: Kernel timezone updated to 240 minutes west of GMT
07-01 10:49:03.310   345   345 D SAN_SERVICE: *******************************************
07-01 10:49:03.310   345   345 D SAN_SERVICE: DM App Phone Service State - 0
07-01 10:49:03.310   345   345 D SAN_SERVICE: *******************************************
07-01 10:49:14.185 23218 23385 I Gmail   : MainSyncRequestProto: lowestBkwdConvoId: 0, highestHandledServerOp: 3285230, normalSync: true
07-01 10:49:15.154 23218 23221 D dalvikvm: GC_CONCURRENT freed 421K, 7% free 9587K/10247K, paused 2ms+2ms
07-01 10:49:15.251 23218 23385 D dalvikvm: GC_EXPLICIT freed 199K, 7% free 9620K/10247K, paused 2ms+2ms
07-01 10:49:15.255 23218 23385 I Gmail   : MainSyncRequestProto: lowestBkwdConvoId: 0, highestHandledServerOp: 3285264, normalSync: true
07-01 10:49:15.966 23218 23385 D dalvikvm: GC_EXPLICIT freed 185K, 6% free 9645K/10247K, paused 2ms+3ms
07-01 10:49:15.970 23218 23385 I Gmail   : MainSyncRequestProto: lowestBkwdConvoId: 0, highestHandledServerOp: 3285264, normalSync: true
07-01 10:49:15.974 23218 23385 I Gmail   : lowestBackward conversation id 0
07-01 10:49:15.982 23218 23385 W Gmail   : Scheduling index for 300000 ms from now
07-01 10:49:16.013 23218 23385 I Gmail   : Sending notification intent: Intent { act=android.intent.action.PROVIDER_CHANGED dat=content://gmail-ls/unread/^i (has extras) }
07-01 10:49:16.048 23218 23386 W Gmail   : Showing notification with unreadCount of 1 and unseenCount of 1
07-01 10:49:16.103 23218 23385 I Gmail   : Sending notification intent: Intent { act=android.intent.action.PROVIDER_CHANGED dat=content://gmail-ls/unread/^iim (has extras) }
07-01 10:49:16.443   216   218 D dalvikvm: GC_CONCURRENT freed 294K, 31% free 9982K/14343K, paused 1ms+4ms
07-01 10:49:16.603   216   218 D dalvikvm: GC_CONCURRENT freed 564K, 32% free 9825K/14343K, paused 4ms+5ms
07-01 10:49:16.693 20028 23388 I DownloadManager: Initiating request for download 660
07-01 10:49:16.841 20028 20030 D dalvikvm: GC_CONCURRENT freed 278K, 6% free 9375K/9927K, paused 6ms+4ms
07-01 10:49:19.689 20028 23395 I DownloadManager: deleting /data/data/com.android.providers.downloads/cache/downloadfile.pdf
07-01 10:49:44.521 22963 22965 D dalvikvm: GC_CONCURRENT freed 476K, 6% free 10413K/11015K, paused 2ms+5ms
07-01 10:49:44.540 20055 23400 D dalvikvm: GC_EXPLICIT freed 73K, 8% free 10297K/11143K, paused 8ms+5ms
07-01 10:49:50.908 19959 19972 I PhoneLab-: Service Running
07-01 10:49:50.982 19959 19972 I PhoneLab-LoggerService: app_37    1360  1     1436   996   c00f181c 400107b4 S logcat
07-01 10:49:50.982 19959 19972 I PhoneLab-LoggerService: Logcat pid from database 1360
07-01 10:49:50.982 19959 19972 I PhoneLab-LoggerService: Logcat process found 1360
07-01 10:49:50.982 19959 19972 I PhoneLab-LoggerService: Checking Threshold
07-01 10:49:55.095   145  1150 D AlarmManagerService: Kernel timezone updated to 240 minutes west of GMT
07-01 10:49:58.095   145 22722 D AlarmManagerService: Kernel timezone updated to 240 minutes west of GMT
07-01 10:50:02.115   145  9966 D AlarmManagerService: Kernel timezone updated to 240 minutes west of GMT
07-01 10:50:04.107   145   395 D AlarmManagerService: Kernel timezone updated to 240 minutes west of GMT
07-01 10:50:10.099   345   345 D SystemClock: Setting time of day to sec=1341154211
07-01 10:50:11.056 22777 22804 V AlarmClock: AlarmInitReceiver finished
07-01 10:50:11.134   345   345 D SAN_SERVICE: *******************************************
07-01 10:50:11.138   345   345 D SAN_SERVICE: DM App Phone Service State - 0
07-01 10:50:11.138   345   345 D SAN_SERVICE: *******************************************
07-01 10:50:11.224   145   147 D dalvikvm: GC_CONCURRENT freed 1242K, 21% free 15150K/19015K, paused 3ms+10ms
07-01 10:50:11.290  8727  8729 D dalvikvm: GC_CONCURRENT freed 396K, 7% free 10285K/11015K, paused 2ms+5ms
07-01 10:50:14.036   145   156 D AlarmManagerService: Kernel timezone updated to 240 minutes west of GMT
07-01 10:50:14.044   345   345 D SAN_SERVICE: *******************************************
07-01 10:50:14.044   345   345 D SAN_SERVICE: DM App Phone Service State - 0
07-01 10:50:14.044   345   345 D SAN_SERVICE: *******************************************
07-01 10:50:16.400   145   396 D dalvikvm: GC_EXPLICIT freed 130K, 21% free 15052K/19015K, paused 8ms+6ms
07-01 10:50:45.513 20055 20058 D dalvikvm: GC_CONCURRENT freed 421K, 7% free 10374K/11143K, paused 1ms+2ms
07-01 10:51:15.614   145  9966 D AlarmManagerService: Kernel timezone updated to 240 minutes west of GMT
07-01 10:51:15.630   345   345 D SAN_SERVICE: *******************************************
07-01 10:51:15.630   345   345 D SAN_SERVICE: DM App Phone Service State - 0
07-01 10:51:15.630   345   345 D SAN_SERVICE: *******************************************
07-01 10:51:20.150   345   345 D SAN_SERVICE: *******************************************
07-01 10:51:20.150   345   345 D SAN_SERVICE: DM App Phone Service State - 0
07-01 10:51:20.150   345   345 D SAN_SERVICE: *******************************************
07-01 10:51:24.017   145   396 D AlarmManagerService: Kernel timezone updated to 240 minutes west of GMT
07-01 10:51:29.427   345   345 D SAN_SERVICE: *******************************************
07-01 10:51:29.427   345   345 D SAN_SERVICE: DM App Phone Service State - 0
07-01 10:51:29.427   345   345 D SAN_SERVICE: *******************************************
07-01 10:51:36.298   345   345 D SAN_SERVICE: *******************************************
07-01 10:51:36.302   345   345 D SAN_SERVICE: DM App Phone Service State - 0
07-01 10:51:36.302   345   345 D SAN_SERVICE: *******************************************
07-01 10:51:36.841   345   345 D SAN_SERVICE: *******************************************
07-01 10:51:36.841   345   345 D SAN_SERVICE: DM App Phone Service State - 0
07-01 10:51:36.841   345   345 D SAN_SERVICE: *******************************************
07-01 10:51:37.345   345   345 D SAN_SERVICE: *******************************************
07-01 10:51:37.345   345   345 D SAN_SERVICE: DM App Phone Service State - 0
07-01 10:51:37.345   345   345 D SAN_SERVICE: *******************************************
07-01 10:51:45.548 22963 22965 D dalvikvm: GC_CONCURRENT freed 503K, 6% free 10421K/11015K, paused 1ms+3ms
07-01 10:51:45.677 20055 20058 D dalvikvm: GC_CONCURRENT freed 486K, 7% free 10390K/11143K, paused 2ms+2ms
07-01 10:51:46.552   345   345 D SAN_SERVICE: *******************************************
07-01 10:51:46.552   345   345 D SAN_SERVICE: DM App Phone Service State - 0
07-01 10:51:46.552   345   345 D SAN_SERVICE: *******************************************
07-01 10:51:46.794   345   345 D SAN_SERVICE: *******************************************
07-01 10:51:46.794   345   345 D SAN_SERVICE: DM App Phone Service State - 0
07-01 10:51:46.794   345   345 D SAN_SERVICE: *******************************************
07-01 10:51:51.829 19959 19972 I PhoneLab-: Service Running
07-01 10:51:51.864   345   345 D SAN_SERVICE: *******************************************
07-01 10:51:51.864   345   345 D SAN_SERVICE: DM App Phone Service State - 0
07-01 10:51:51.864   345   345 D SAN_SERVICE: *******************************************
07-01 10:51:51.903 19959 19972 I PhoneLab-LoggerService: app_37    1360  1     1436   996   c00f181c 400107b4 S logcat
07-01 10:51:51.903 19959 19972 I PhoneLab-LoggerService: Logcat pid from database 1360
07-01 10:51:51.903 19959 19972 I PhoneLab-LoggerService: Logcat process found 1360
07-01 10:51:51.903 19959 19972 I PhoneLab-LoggerService: Checking Threshold
07-01 10:51:56.853   345   345 D SAN_SERVICE: *******************************************
07-01 10:51:56.853   345   345 D SAN_SERVICE: DM App Phone Service State - 0
07-01 10:51:56.853   345   345 D SAN_SERVICE: *******************************************
07-01 10:52:02.177   345   345 D SAN_SERVICE: *******************************************
07-01 10:52:02.181   345   345 D SAN_SERVICE: DM App Phone Service State - 0
07-01 10:52:02.181   345   345 D SAN_SERVICE: *******************************************
07-01 10:52:02.696   345   345 D SAN_SERVICE: *******************************************
07-01 10:52:02.696   345   345 D SAN_SERVICE: DM App Phone Service State - 0
07-01 10:52:02.696   345   345 D SAN_SERVICE: *******************************************
07-01 10:52:12.282   145   329 D AlarmManagerService: Kernel timezone updated to 240 minutes west of GMT
07-01 10:52:23.243   145   145 D AlarmManagerService: Kernel timezone updated to 240 minutes west of GMT
07-01 10:52:33.388   345   345 D SAN_SERVICE: *******************************************
07-01 10:52:33.388   345   345 D SAN_SERVICE: DM App Phone Service State - 0
07-01 10:52:33.388   345   345 D SAN_SERVICE: *******************************************
07-01 10:52:34.169   345   345 D SAN_SERVICE: *******************************************
07-01 10:52:34.169   345   345 D SAN_SERVICE: DM App Phone Service State - 0
07-01 10:52:34.169   345   345 D SAN_SERVICE: *******************************************
07-01 10:52:48.290   345   345 D SAN_SERVICE: *******************************************
07-01 10:52:48.290   345   345 D SAN_SERVICE: DM App Phone Service State - 0
07-01 10:52:48.290   345   345 D SAN_SERVICE: *******************************************
07-01 10:52:48.536   345   345 D SAN_SERVICE: *******************************************
07-01 10:52:48.536   345   345 D SAN_SERVICE: DM App Phone Service State - 0
07-01 10:52:48.536   345   345 D SAN_SERVICE: *******************************************
07-01 10:52:48.552   216   218 D dalvikvm: GC_CONCURRENT freed 295K, 31% free 9914K/14343K, paused 18ms+3ms
07-01 10:52:55.380   345   345 D SAN_SERVICE: *******************************************
07-01 10:52:55.380   345   345 D SAN_SERVICE: DM App Phone Service State - 0
07-01 10:52:55.380   345   345 D SAN_SERVICE: *******************************************
07-01 10:52:56.118   345   345 D SAN_SERVICE: *******************************************
07-01 10:52:56.118   345   345 D SAN_SERVICE: DM App Phone Service State - 0
07-01 10:52:56.118   345   345 D SAN_SERVICE: *******************************************
07-01 10:52:56.364   345   345 D SAN_SERVICE: *******************************************
07-01 10:52:56.364   345   345 D SAN_SERVICE: DM App Phone Service State - 0
07-01 10:52:56.364   345   345 D SAN_SERVICE: *******************************************
07-01 10:52:57.345   145  9966 D AlarmManagerService: Kernel timezone updated to 240 minutes west of GMT
07-01 10:53:07.884   145   396 I ActivityManager: No longer want com.google.android.apps.maps:FriendService (pid 22984): hidden #16
07-01 10:53:10.349   145   329 D AlarmManagerService: Kernel timezone updated to 240 minutes west of GMT
07-01 10:53:10.579   345   345 D SAN_SERVICE: *******************************************
07-01 10:53:10.579   345   345 D SAN_SERVICE: DM App Phone Service State - 0
07-01 10:53:10.579   345   345 D SAN_SERVICE: *******************************************
07-01 10:53:11.407   345   345 D SAN_SERVICE: *******************************************
07-01 10:53:11.407   345   345 D SAN_SERVICE: DM App Phone Service State - 0
07-01 10:53:11.407   345   345 D SAN_SERVICE: *******************************************
07-01 10:53:15.110   345   345 D SAN_SERVICE: *******************************************
07-01 10:53:15.110   345   345 D SAN_SERVICE: DM App Phone Service State - 0
07-01 10:53:15.110   345   345 D SAN_SERVICE: *******************************************
07-01 10:53:16.407   145  9966 D AlarmManagerService: Kernel timezone updated to 240 minutes west of GMT
07-01 10:53:32.028   345   345 D SAN_SERVICE: *******************************************
07-01 10:53:32.028   345   345 D SAN_SERVICE: DM App Phone Service State - 0
07-01 10:53:32.028   345   345 D SAN_SERVICE: *******************************************
07-01 10:53:44.415 22963 22965 D dalvikvm: GC_CONCURRENT freed 401K, 6% free 10409K/11015K, paused 1ms+2ms
07-01 10:53:45.751 20055 20058 D dalvikvm: GC_CONCURRENT freed 537K, 7% free 10364K/11143K, paused 1ms+3ms
07-01 10:53:50.911 19959 19972 I PhoneLab-: Service Running
07-01 10:53:51.017 19959 19972 I PhoneLab-LoggerService: app_37    1360  1     1436   996   c00f181c 400107b4 S logcat
07-01 10:53:51.017 19959 19972 I PhoneLab-LoggerService: Logcat pid from database 1360
07-01 10:53:51.017 19959 19972 I PhoneLab-LoggerService: Logcat process found 1360
07-01 10:53:51.017 19959 19972 I PhoneLab-LoggerService: Checking Threshold
07-01 10:54:45.732 22963 22965 D dalvikvm: GC_CONCURRENT freed 489K, 6% free 10420K/11015K, paused 2ms+2ms
07-01 10:54:45.767 22963 22983 D dalvikvm: GC_EXPLICIT freed 18K, 6% free 10401K/11015K, paused 2ms+3ms
07-01 10:54:45.876 20055 20058 D dalvikvm: GC_CONCURRENT freed 485K, 7% free 10386K/11143K, paused 2ms+2ms
07-01 10:55:33.286   345   345 D SAN_SERVICE: *******************************************
07-01 10:55:33.286   345   345 D SAN_SERVICE: DM App Phone Service State - 0
07-01 10:55:33.286   345   345 D SAN_SERVICE: *******************************************
07-01 10:55:33.552   345   345 D SAN_SERVICE: *******************************************
07-01 10:55:33.556   345   345 D SAN_SERVICE: DM App Phone Service State - 0
07-01 10:55:33.556   345   345 D SAN_SERVICE: *******************************************
07-01 10:55:34.302   345   345 D SAN_SERVICE: *******************************************
07-01 10:55:34.302   345   345 D SAN_SERVICE: DM App Phone Service State - 0
07-01 10:55:34.302   345   345 D SAN_SERVICE: *******************************************
07-01 10:55:45.911 20055 20058 D dalvikvm: GC_CONCURRENT freed 398K, 7% free 10379K/11143K, paused 2ms+2ms
07-01 10:55:46.052 20055 20058 D dalvikvm: GC_CONCURRENT freed 254K, 6% free 10541K/11143K, paused 4ms+2ms
07-01 10:55:50.907 19959 19972 I PhoneLab-: Service Running
07-01 10:55:51.009 19959 19972 I PhoneLab-LoggerService: app_37    1360  1     1436   996   c00f181c 400107b4 S logcat
07-01 10:55:51.009 19959 19972 I PhoneLab-LoggerService: Logcat pid from database 1360
07-01 10:55:51.009 19959 19972 I PhoneLab-LoggerService: Logcat process found 1360
07-01 10:55:51.009 19959 19972 I PhoneLab-LoggerService: Checking Threshold
07-01 10:56:02.786   345   345 D SAN_SERVICE: *******************************************
07-01 10:56:02.786   345   345 D SAN_SERVICE: DM App Phone Service State - 0
07-01 10:56:02.786   345   345 D SAN_SERVICE: *******************************************
07-01 10:56:03.317   345   345 D SAN_SERVICE: *******************************************
07-01 10:56:03.321   345   345 D SAN_SERVICE: DM App Phone Service State - 0
07-01 10:56:03.321   345   345 D SAN_SERVICE: *******************************************
07-01 10:56:04.614   345   345 D SAN_SERVICE: *******************************************
07-01 10:56:04.614   345   345 D SAN_SERVICE: DM App Phone Service State - 0
07-01 10:56:04.614   345   345 D SAN_SERVICE: *******************************************
07-01 10:56:05.341   345   345 D SAN_SERVICE: *******************************************
07-01 10:56:05.341   345   345 D SAN_SERVICE: DM App Phone Service State - 0
07-01 10:56:05.341   345   345 D SAN_SERVICE: *******************************************
07-01 10:56:07.935   345   345 D SAN_SERVICE: *******************************************
07-01 10:56:07.939   345   345 D SAN_SERVICE: DM App Phone Service State - 0
07-01 10:56:07.939   345   345 D SAN_SERVICE: *******************************************
07-01 10:56:38.411   345   345 D SAN_SERVICE: *******************************************
07-01 10:56:38.411   345   345 D SAN_SERVICE: DM App Phone Service State - 0
07-01 10:56:38.411   345   345 D SAN_SERVICE: *******************************************
07-01 10:56:38.435   345   347 D dalvikvm: GC_CONCURRENT freed 751K, 8% free 11652K/12615K, paused 3ms+3ms
07-01 10:56:38.716   345   345 D SAN_SERVICE: *******************************************
07-01 10:56:38.716   345   345 D SAN_SERVICE: DM App Phone Service State - 0
07-01 10:56:38.716   345   345 D SAN_SERVICE: *******************************************
07-01 10:56:38.939   345   345 D SAN_SERVICE: *******************************************
07-01 10:56:38.939   345   345 D SAN_SERVICE: DM App Phone Service State - 0
07-01 10:56:38.939   345   345 D SAN_SERVICE: *******************************************
07-01 10:56:45.860 22963 22965 D dalvikvm: GC_CONCURRENT freed 499K, 6% free 10414K/11015K, paused 1ms+2ms
07-01 10:56:45.985 20055 20058 D dalvikvm: GC_CONCURRENT freed 717K, 8% free 10336K/11143K, paused 2ms+3ms
07-01 10:56:49.591   345   345 D SAN_SERVICE: *******************************************
07-01 10:56:49.591   345   345 D SAN_SERVICE: DM App Phone Service State - 0
07-01 10:56:49.591   345   345 D SAN_SERVICE: *******************************************
07-01 10:56:50.091   345   345 D SAN_SERVICE: *******************************************
07-01 10:56:50.091   345   345 D SAN_SERVICE: DM App Phone Service State - 0
07-01 10:56:50.091   345   345 D SAN_SERVICE: *******************************************
07-01 10:56:55.157   345   345 D SAN_SERVICE: *******************************************
07-01 10:56:55.157   345   345 D SAN_SERVICE: DM App Phone Service State - 0
07-01 10:56:55.157   345   345 D SAN_SERVICE: *******************************************
07-01 10:56:59.638   345   345 D SAN_SERVICE: *******************************************
07-01 10:56:59.638   345   345 D SAN_SERVICE: DM App Phone Service State - 0
07-01 10:56:59.638   345   345 D SAN_SERVICE: *******************************************
07-01 10:57:00.079   345   345 D SAN_SERVICE: *******************************************
07-01 10:57:00.079   345   345 D SAN_SERVICE: DM App Phone Service State - 0
07-01 10:57:00.079   345   345 D SAN_SERVICE: *******************************************
07-01 10:57:09.357   345   345 D SAN_SERVICE: *******************************************
07-01 10:57:09.357   345   345 D SAN_SERVICE: DM App Phone Service State - 0
07-01 10:57:09.357   345   345 D SAN_SERVICE: *******************************************
07-01 10:57:10.091   345   345 D SAN_SERVICE: *******************************************
07-01 10:57:10.091   345   345 D SAN_SERVICE: DM App Phone Service State - 0
07-01 10:57:10.091   345   345 D SAN_SERVICE: *******************************************
07-01 10:57:14.446   345   345 D SAN_SERVICE: *******************************************
07-01 10:57:14.446   345   345 D SAN_SERVICE: DM App Phone Service State - 0
07-01 10:57:14.446   345   345 D SAN_SERVICE: *******************************************
07-01 10:57:16.982   345   345 D SAN_SERVICE: *******************************************
07-01 10:57:16.982   345   345 D SAN_SERVICE: DM App Phone Service State - 0
07-01 10:57:16.982   345   345 D SAN_SERVICE: *******************************************
07-01 10:57:17.489   345   345 D SAN_SERVICE: *******************************************
07-01 10:57:17.489   345   345 D SAN_SERVICE: DM App Phone Service State - 0
07-01 10:57:17.489   345   345 D SAN_SERVICE: *******************************************
07-01 10:57:22.489   145   145 D AlarmManagerService: Kernel timezone updated to 240 minutes west of GMT
07-01 10:57:22.575   345   345 D SAN_SERVICE: *******************************************
07-01 10:57:22.575   345   345 D SAN_SERVICE: DM App Phone Service State - 0
07-01 10:57:22.575   345   345 D SAN_SERVICE: *******************************************
07-01 10:57:23.505   145   145 D AlarmManagerService: Kernel timezone updated to 240 minutes west of GMT
07-01 10:57:33.275   345   345 D SAN_SERVICE: *******************************************
07-01 10:57:33.275   345   345 D SAN_SERVICE: DM App Phone Service State - 0
07-01 10:57:33.275   345   345 D SAN_SERVICE: *******************************************
07-01 10:57:33.380   145   147 D dalvikvm: GC_CONCURRENT freed 1253K, 20% free 15217K/19015K, paused 2ms+8ms
07-01 10:57:37.278   345   345 D SAN_SERVICE: *******************************************
07-01 10:57:37.278   345   345 D SAN_SERVICE: DM App Phone Service State - 0
07-01 10:57:37.282   345   345 D SAN_SERVICE: *******************************************
07-01 10:57:41.517   145   310 D AlarmManagerService: Kernel timezone updated to 240 minutes west of GMT
07-01 10:57:44.661   145   156 D dalvikvm: GC_EXPLICIT freed 196K, 21% free 15053K/19015K, paused 3ms+6ms
07-01 10:57:45.978 22963 22965 D dalvikvm: GC_CONCURRENT freed 497K, 6% free 10429K/11015K, paused 2ms+3ms
07-01 10:57:46.110 20055 20058 D dalvikvm: GC_CONCURRENT freed 380K, 8% free 10352K/11143K, paused 1ms+2ms
07-01 10:57:48.552   145  9966 D AlarmManagerService: Kernel timezone updated to 240 minutes west of GMT
07-01 10:57:50.907 19959 19972 I PhoneLab-: Service Running
07-01 10:57:51.021 19959 19962 D dalvikvm: GC_CONCURRENT freed 388K, 18% free 9162K/11143K, paused 1ms+4ms
07-01 10:57:51.036 19959 19972 I PhoneLab-LoggerService: app_37    1360  1     1436   996   c00f181c 400107b4 S logcat
07-01 10:57:51.036 19959 19972 I PhoneLab-LoggerService: Logcat pid from database 1360
07-01 10:57:51.036 19959 19972 I PhoneLab-LoggerService: Logcat process found 1360
07-01 10:57:51.036 19959 19972 I PhoneLab-LoggerService: Checking Threshold
07-01 10:57:54.212   345   345 D SAN_SERVICE: *******************************************
07-01 10:57:54.212   345   345 D SAN_SERVICE: DM App Phone Service State - 0
07-01 10:57:54.212   345   345 D SAN_SERVICE: *******************************************
07-01 10:58:25.150   145   310 D AlarmManagerService: Kernel timezone updated to 240 minutes west of GMT
07-01 10:58:30.021 23218 23221 D dalvikvm: GC_CONCURRENT freed 306K, 6% free 9725K/10247K, paused 6ms+3ms
07-01 10:58:30.036 23218 23449 W Gmail   : Successful index run, cancel next scheduled index run
07-01 10:58:31.173 23297 23451 I SqliteDatabaseCpp: sqlite returned: error code = 1, msg = no such column: wipeout_stats, db=/data/data/com.google.android.apps.plus/databases/iu.upload.db
07-01 10:58:31.177 23297 23451 W System.err: android.database.sqlite.SQLiteException: no such column: wipeout_stats: , while compiling: SELECT wipeout_stats  FROM account_status
07-01 10:58:31.204 23297 23451 W System.err: 	at android.database.sqlite.SQLiteCompiledSql.native_compile(Native Method)
07-01 10:58:31.204 23297 23451 W System.err: 	at android.database.sqlite.SQLiteCompiledSql.<init>(SQLiteCompiledSql.java:68)
07-01 10:58:31.204 23297 23451 W System.err: 	at android.database.sqlite.SQLiteProgram.compileSql(SQLiteProgram.java:143)
07-01 10:58:31.204 23297 23451 W System.err: 	at android.database.sqlite.SQLiteProgram.compileAndbindAllArgs(SQLiteProgram.java:361)
07-01 10:58:31.204 23297 23451 W System.err: 	at android.database.sqlite.SQLiteStatement.acquireAndLock(SQLiteStatement.java:260)
07-01 10:58:31.204 23297 23451 W System.err: 	at android.database.sqlite.SQLiteStatement.simpleQueryForLong(SQLiteStatement.java:137)
07-01 10:58:31.204 23297 23451 W System.err: 	at android.database.DatabaseUtils.longForQuery(DatabaseUtils.java:791)
07-01 10:58:31.204 23297 23451 W System.err: 	at android.database.DatabaseUtils.longForQuery(DatabaseUtils.java:779)
07-01 10:58:31.204 23297 23451 W System.err: 	at com.google.android.apps.plus.content.EsAccountsData.isContactsStatsWipeoutNeeded(EsAccountsData.java:641)
07-01 10:58:31.204 23297 23451 W System.err: 	at com.google.android.apps.plus.service.EsService.processIntent(EsService.java:4246)
07-01 10:58:31.204 23297 23451 W System.err: 	at com.google.android.apps.plus.service.ServiceThread$1.run(ServiceThread.java:50)
07-01 10:58:31.204 23297 23451 W System.err: 	at android.os.Handler.handleCallback(Handler.java:605)
07-01 10:58:31.204 23297 23451 W System.err: 	at android.os.Handler.dispatchMessage(Handler.java:92)
07-01 10:58:31.204 23297 23451 W System.err: 	at android.os.Looper.loop(Looper.java:137)
07-01 10:58:31.208 23297 23451 W System.err: 	at com.google.android.apps.plus.service.ServiceThread.run(ServiceThread.java:122)
07-01 10:58:32.665 23297 23300 D dalvikvm: GC_CONCURRENT freed 1372K, 11% free 12980K/14471K, paused 3ms+3ms
07-01 10:58:33.989 23297 23452 E dalvikvm: Could not find class 'android.app.Notification$InboxStyle', referenced from method com.google.android.apps.plus.service.AndroidNotification.createDigestNotification
07-01 10:58:33.989 23297 23452 W dalvikvm: VFY: unable to resolve new-instance 41 (Landroid/app/Notification$InboxStyle;) in Lcom/google/android/apps/plus/service/AndroidNotification;
