07-07 18:19:19.343   143   152 W MediaPlayer-JNI: MediaPlayer finalized without being released
07-07 18:19:19.347   143   145 D dalvikvm: GC_CONCURRENT freed 1180K, 11% free 14565K/16199K, paused 18ms+5ms
07-07 18:19:22.464   293   294 D dalvikvm: GC_CONCURRENT freed 862K, 8% free 11950K/12935K, paused 1ms+3ms
07-07 18:19:24.171   293  1283 D MediaProvider: object removed 7584
07-07 18:19:24.371   293  1283 D MediaProvider: object removed 7599
07-07 18:19:24.601   293  1283 D MediaProvider: object removed 7569
07-07 18:19:24.785   293  1283 D MediaProvider: object removed 7283
07-07 18:19:24.964   293  1283 D MediaProvider: object removed 7108
07-07 18:19:25.132   293  1283 D MediaProvider: object removed 7103
07-07 18:19:25.308   293  1283 D MediaProvider: object removed 7606
07-07 18:19:25.542   293  1283 D MediaProvider: object removed 7296
07-07 18:19:25.746   293  1283 D MediaProvider: object removed 7631
07-07 18:19:25.929   293  1283 D MediaProvider: object removed 7557
07-07 18:19:26.144   293  1283 D MediaProvider: object removed 7305
07-07 18:19:27.124   293  1283 D MediaProvider: object removed 7365
07-07 18:19:27.648   293  1283 D MediaProvider: object removed 7356
07-07 18:19:27.886   293  1283 D MediaProvider: object removed 7563
07-07 18:19:28.058   293  1283 D MediaProvider: object removed 7274
07-07 18:19:28.273   293  1283 D MediaProvider: object removed 7728
07-07 18:19:28.296   293  1323 D dalvikvm: GC_EXPLICIT freed 401K, 8% free 11962K/12935K, paused 13ms+3ms
07-07 18:19:28.464   293  1283 D MediaProvider: object removed 7359
07-07 18:19:28.640   293  1283 D MediaProvider: object removed 7643
07-07 18:19:28.886   293  1283 D MediaProvider: object removed 7707
07-07 18:19:29.089   293  1283 D MediaProvider: object removed 7034
07-07 18:19:29.265   293  1283 D MediaProvider: object removed 7515
07-07 18:19:29.308  1160  1175 D dalvikvm: GC_EXPLICIT freed 843K, 7% free 12754K/13703K, paused 2ms+3ms
07-07 18:19:29.445   293  1283 D MediaProvider: object removed 7177
07-07 18:19:29.644   293  1283 D MediaProvider: object removed 7487
07-07 18:19:29.835   293  1283 D MediaProvider: object removed 7588
07-07 18:19:30.097   293  1283 D MediaProvider: object removed 7139
07-07 18:19:30.281   293  1283 D MediaProvider: object removed 7518
07-07 18:19:30.449   293  1283 D MediaProvider: object removed 7135
07-07 18:19:30.636   293  1283 D MediaProvider: object removed 7032
07-07 18:19:30.906   293  1283 D MediaProvider: object removed 7502
07-07 18:19:31.109   293  1283 D MediaProvider: object removed 7142
07-07 18:19:31.312   293  1283 D MediaProvider: object removed 7053
07-07 18:19:31.519   293  1283 D MediaProvider: object removed 7695
07-07 18:19:31.687   293  1283 D MediaProvider: object removed 7485
07-07 18:19:31.914   293  1283 D MediaProvider: object removed 7445
07-07 18:19:32.093   293  1283 D MediaProvider: object removed 7560
07-07 18:19:32.304   293  1283 D MediaProvider: object removed 7701
07-07 18:19:32.535   293  1283 D MediaProvider: object removed 7104
07-07 18:19:32.777   293  1283 D MediaProvider: object removed 7281
07-07 18:19:32.968   293  1283 D MediaProvider: object removed 7613
07-07 18:19:33.019   293   307 D dalvikvm: GC_EXPLICIT freed 322K, 8% free 11973K/12935K, paused 3ms+4ms
07-07 18:19:33.085   293  1283 D MediaProvider: object removed 7737
07-07 18:19:33.406   293  1283 D MediaProvider: object removed 7703
07-07 18:19:34.999   293  1283 D MediaProvider: object removed 7475
07-07 18:19:35.179   293  1283 D MediaProvider: object removed 7316
07-07 18:19:35.410   293  1283 D MediaProvider: object removed 7074
07-07 18:19:35.589   293  1283 D MediaProvider: object removed 7340
07-07 18:19:36.093   293  1283 D MediaProvider: object removed 7127
07-07 18:19:36.238   143   400 D AlarmManagerService: Kernel timezone updated to 240 minutes west of GMT
07-07 18:19:36.269   293  1283 D MediaProvider: object removed 7304
07-07 18:19:36.476  1160  1175 D dalvikvm: GC_EXPLICIT freed 260K, 7% free 12779K/13703K, paused 2ms+4ms
07-07 18:19:36.492   293  1283 D MediaProvider: object removed 7548
07-07 18:19:36.582   344   344 D SAN_SERVICE: *******************************************
07-07 18:19:36.582   344   344 D SAN_SERVICE: DM App Phone Service State - 0
07-07 18:19:36.582   344   344 D SAN_SERVICE: *******************************************
07-07 18:19:36.621   293  1283 D MediaProvider: object removed 7702
07-07 18:19:36.851   293  1283 D MediaProvider: object removed 7457
07-07 18:19:36.980   344   344 D SAN_SERVICE: *******************************************
07-07 18:19:36.980   344   344 D SAN_SERVICE: DM App Phone Service State - 0
07-07 18:19:36.980   344   344 D SAN_SERVICE: *******************************************
07-07 18:19:37.019   293  1283 D MediaProvider: object removed 7371
07-07 18:19:37.191   293  1283 D MediaProvider: object removed 7722
07-07 18:19:37.363   143   387 D AlarmManagerService: Kernel timezone updated to 240 minutes west of GMT
07-07 18:19:37.457   293  1283 D MediaProvider: object removed 7354
07-07 18:19:37.636   293  1283 D MediaProvider: object removed 7574
07-07 18:19:37.808   293  1283 D MediaProvider: object removed 7265
07-07 18:19:38.082   293  1283 D MediaProvider: object removed 7271
07-07 18:19:38.269   293  1283 D MediaProvider: object removed 7295
07-07 18:19:38.445   293  1283 D MediaProvider: object removed 7323
07-07 18:19:38.578   293  1283 D MediaProvider: object removed 7226
07-07 18:19:38.742   293  1283 D MediaProvider: object removed 7046
07-07 18:19:38.968   293  1283 D MediaProvider: object removed 7076
07-07 18:19:39.117   293   797 D dalvikvm: GC_EXPLICIT freed 342K, 8% free 11960K/12935K, paused 2ms+4ms
07-07 18:19:39.148   293  1283 D MediaProvider: object removed 2511
07-07 18:19:39.425   293  1283 D MediaProvider: object removed 7620
07-07 18:19:39.636   293  1283 D MediaProvider: object removed 7319
07-07 18:19:39.804   293  1283 D MediaProvider: object removed 7723
07-07 18:19:40.046   293  1283 D MediaProvider: object removed 7037
07-07 18:19:40.210   293  1283 D MediaProvider: object removed 7732
07-07 18:19:40.382   293  1283 D MediaProvider: object removed 7264
07-07 18:19:40.613   293  1283 D MediaProvider: object removed 7257
07-07 18:19:40.816   143   202 D ConnectivityService: ConnectivityChange for WIMAX: DISCONNECTED/SCANNING
07-07 18:19:40.816   143   202 D ConnectivityService: Attempting to switch to mobile
07-07 18:19:40.816   143   202 D ConnectivityService: Attempting to switch to wifi
07-07 18:19:40.816   143   202 D ConnectivityService: Attempting to switch to BLUETOOTH_TETHER
07-07 18:19:40.863   293  1283 D MediaProvider: object removed 7284
07-07 18:19:41.136   143   145 D dalvikvm: GC_CONCURRENT freed 1402K, 11% free 14552K/16199K, paused 96ms+5ms
07-07 18:19:41.167   143   198 D NetworkPolicy: applying policy NetworkPolicy[NetworkTemplate: matchRule=MOBILE_ALL, subscriberId=valid]: cycleDay=20, warningBytes=2147483648, limitBytes=-1, lastSnooze=-1 to ifaces [rmnet0]
07-07 18:19:41.183   143   198 D NetworkPolicy: applying policy NetworkPolicy[NetworkTemplate: matchRule=MOBILE_ALL, subscriberId=valid]: cycleDay=20, warningBytes=2147483648, limitBytes=-1, lastSnooze=-1 to ifaces [rmnet0]
07-07 18:19:41.226   293  1283 D MediaProvider: object removed 7982
07-07 18:19:41.433   293  1283 D MediaProvider: object removed 7084
07-07 18:19:41.613   293  1283 D MediaProvider: object removed 7577
07-07 18:19:41.789   293  1283 D MediaProvider: object removed 7638
07-07 18:19:42.019   293  1283 D MediaProvider: object removed 7038
07-07 18:19:42.191   293  1283 D MediaProvider: object removed 7251
07-07 18:19:42.402  1160  1175 D dalvikvm: GC_EXPLICIT freed 277K, 7% free 12785K/13703K, paused 2ms+4ms
07-07 18:19:42.449   293  1283 D MediaProvider: object removed 7516
07-07 18:19:42.636   293  1283 D MediaProvider: object removed 7600
07-07 18:19:42.890   293  1283 D MediaProvider: object removed 7367
07-07 18:19:43.078   293  1283 D MediaProvider: object removed 7632
07-07 18:19:43.234   143   143 D dalvikvm: GC_EXPLICIT freed 262K, 11% free 14515K/16199K, paused 3ms+5ms
07-07 18:19:43.261   293  1283 D MediaProvider: object removed 7673
07-07 18:19:43.507   293  1283 D MediaProvider: object removed 7098
07-07 18:19:43.699   293  1283 D MediaProvider: object removed 7589
07-07 18:19:43.828   143   206 D Tethering: MasterInitialState.processMessage what=3
07-07 18:19:43.832   143   206 D Tethering: MasterInitialState.processMessage what=3
07-07 18:19:44.078  1093  1093 I MediaUploader: No need to wake up
07-07 18:19:44.144  1160  1180 D PicasaSyncManager: active network: NetworkInfo: type: mobile[CDMA - EvDo rev. A], state: CONNECTED/CONNECTED, reason: (unspecified), extra: , roaming: false, failover: false, isAvailable: true
07-07 18:19:44.144  1160  1180 D PicasaSyncManager: background data: true
07-07 18:19:44.218   293  1323 D dalvikvm: GC_EXPLICIT freed 345K, 8% free 11946K/12935K, paused 4ms+4ms
07-07 18:19:44.351   143   202 D ConnectivityService: handleInetConditionHoldEnd: net=0, condition=100, published condition=100
07-07 18:19:45.191  1226  1226 W ContextScopeImpl: thread=1 tried to enter the scope of the application context. Ignored.
07-07 18:19:45.257  1093  1093 I MediaUploader: No need to wake up
07-07 18:19:45.324  1226  1226 W ContextScopeImpl: thread=1 tried to enter the scope of the application context. Ignored.
07-07 18:19:45.332  1160  1180 D PicasaSyncManager: active network: NetworkInfo: type: mobile[CDMA - EvDo rev. A], state: CONNECTED/CONNECTED, reason: (unspecified), extra: , roaming: false, failover: false, isAvailable: true
07-07 18:19:45.332  1160  1180 D PicasaSyncManager: background data: true
07-07 18:19:45.445   293  1283 D MediaProvider: object removed 7302
07-07 18:19:45.558   293  1283 D MediaProvider: object removed 7733
07-07 18:19:45.726   293  1283 D MediaProvider: object removed 7157
07-07 18:19:45.984   293  1283 D MediaProvider: object removed 7028
07-07 18:19:46.132   293  1283 D MediaProvider: object removed 7641
07-07 18:19:46.304   293  1283 D MediaProvider: object removed 7746
07-07 18:19:46.574  1247  1249 D dalvikvm: GC_CONCURRENT freed 478K, 6% free 10081K/10695K, paused 2ms+2ms
07-07 18:19:46.578   293  1283 D MediaProvider: object removed 7174
07-07 18:19:46.792   293  1283 D MediaProvider: object removed 7364
07-07 18:19:46.984   293  1283 D MediaProvider: object removed 7189
07-07 18:19:47.156   293  1283 D MediaProvider: object removed 7674
07-07 18:19:47.296   143   202 D ConnectivityService: ConnectivityChange for WIMAX: DISCONNECTED/SCANNING
07-07 18:19:47.296   143   202 D ConnectivityService: Attempting to switch to mobile
07-07 18:19:47.296   143   202 D ConnectivityService: Attempting to switch to wifi
07-07 18:19:47.296   143   202 D ConnectivityService: Attempting to switch to BLUETOOTH_TETHER
07-07 18:19:47.308   822  1292 I PhoneLab-: Service Running
07-07 18:19:47.363   143   198 D NetworkPolicy: applying policy NetworkPolicy[NetworkTemplate: matchRule=MOBILE_ALL, subscriberId=valid]: cycleDay=20, warningBytes=2147483648, limitBytes=-1, lastSnooze=-1 to ifaces [rmnet0]
07-07 18:19:47.417   143   198 D NetworkPolicy: applying policy NetworkPolicy[NetworkTemplate: matchRule=MOBILE_ALL, subscriberId=valid]: cycleDay=20, warningBytes=2147483648, limitBytes=-1, lastSnooze=-1 to ifaces [rmnet0]
07-07 18:19:47.488   822  1292 I PhoneLab-LoggerService: app_37    1296  822   1436   1068  c00f181c 400107b4 S logcat
07-07 18:19:47.488   822  1292 I PhoneLab-LoggerService: Logcat pid from database 1296
07-07 18:19:47.488   822  1292 I PhoneLab-LoggerService: Logcat process found 1296
07-07 18:19:47.488   822  1292 I PhoneLab-LoggerService: Checking Threshold
07-07 18:19:47.488   822  1292 I PhoneLab-LoggerService: Starting to rename files
07-07 18:19:47.492   822  1292 I PhoneLab-LoggerService: Files found .. 3
07-07 18:19:47.492   822  1292 I PhoneLab-LoggerService: File 1 log.out.1
07-07 18:19:47.492   822   824 D dalvikvm: GC_CONCURRENT freed 907K, 14% free 9136K/10567K, paused 3ms+3ms
07-07 18:19:47.562   822  1292 I PhoneLab-LoggerService: Renamed successfully
07-07 18:19:47.589   293  1283 D MediaProvider: object removed 7978
07-07 18:19:49.031   293  1283 D MediaProvider: object removed 7681
07-07 18:19:49.714   293  1283 D MediaProvider: object removed 7166
07-07 18:19:49.941   293  1283 D MediaProvider: object removed 7260
07-07 18:19:50.117   293  1283 D MediaProvider: object removed 7992
07-07 18:19:50.292   293  1283 D MediaProvider: object removed 7493
07-07 18:19:50.324   143   206 D Tethering: MasterInitialState.processMessage what=3
07-07 18:19:50.359   143   206 D Tethering: MasterInitialState.processMessage what=3
07-07 18:19:50.398  1093  1093 I MediaUploader: No need to wake up
07-07 18:19:50.445  1160  1180 D PicasaSyncManager: active network: NetworkInfo: type: mobile[CDMA - EvDo rev. A], state: CONNECTED/CONNECTED, reason: (unspecified), extra: , roaming: false, failover: false, isAvailable: true
07-07 18:19:50.445  1160  1180 D PicasaSyncManager: background data: true
07-07 18:19:50.496  1226  1226 W ContextScopeImpl: thread=1 tried to enter the scope of the application context. Ignored.
07-07 18:19:50.593   143   145 D dalvikvm: GC_CONCURRENT freed 1268K, 11% free 14566K/16199K, paused 2ms+5ms
07-07 18:19:50.628  1093  1093 I MediaUploader: No need to wake up
07-07 18:19:50.703  1226  1226 W ContextScopeImpl: thread=1 tried to enter the scope of the application context. Ignored.
07-07 18:19:50.707  1160  1180 D PicasaSyncManager: active network: NetworkInfo: type: mobile[CDMA - EvDo rev. A], state: CONNECTED/CONNECTED, reason: (unspecified), extra: , roaming: false, failover: false, isAvailable: true
07-07 18:19:50.707  1160  1180 D PicasaSyncManager: background data: true
07-07 18:19:50.757   293  1283 D MediaProvider: object removed 7454
07-07 18:19:50.863   143   202 D ConnectivityService: handleInetConditionHoldEnd: net=0, condition=100, published condition=100
07-07 18:19:50.921   293  1283 D MediaProvider: object removed 7542
07-07 18:19:51.160   293  1283 D MediaProvider: object removed 7520
07-07 18:19:51.324  1160  1175 D dalvikvm: GC_EXPLICIT freed 335K, 7% free 12784K/13703K, paused 4ms+4ms
07-07 18:19:51.343   293  1283 D MediaProvider: object removed 7503
07-07 18:19:51.570   293  1283 D MediaProvider: object removed 7680
07-07 18:19:51.777   293  1283 D MediaProvider: object removed 7337
07-07 18:19:51.933   293  1283 D MediaProvider: object removed 7247
07-07 18:19:51.964   293   307 D dalvikvm: GC_EXPLICIT freed 437K, 8% free 11997K/12935K, paused 8ms+5ms
07-07 18:19:52.054   293  1283 D MediaProvider: object removed 3225
07-07 18:19:52.214   293  1283 D MediaProvider: object removed 7130
07-07 18:19:52.464   293  1283 D MediaProvider: object removed 7506
07-07 18:19:52.664   293  1283 D MediaProvider: object removed 7719
07-07 18:19:52.808   221   223 D dalvikvm: GC_CONCURRENT freed 434K, 31% free 9857K/14215K, paused 6ms+4ms
07-07 18:19:52.843   293  1283 D MediaProvider: object removed 7342
07-07 18:19:53.093   293  1283 D MediaProvider: object removed 7750
07-07 18:19:53.300   293  1283 D MediaProvider: object removed 7382
07-07 18:19:53.421   293  1283 D MediaProvider: object removed 7147
07-07 18:19:53.593   293  1283 D MediaProvider: object removed 7486
07-07 18:19:53.773   293  1283 D MediaProvider: object removed 7716
07-07 18:19:54.035   293  1283 D MediaProvider: object removed 7078
07-07 18:19:54.226   293  1283 D MediaProvider: object removed 7687
07-07 18:19:54.402   293  1283 D MediaProvider: object removed 7633
07-07 18:19:54.613   293  1283 D MediaProvider: object removed 7245
07-07 18:19:54.812   293  1283 D MediaProvider: object removed 7637
07-07 18:19:54.980   293  1283 D MediaProvider: object removed 7993
07-07 18:19:55.183   293  1283 D MediaProvider: object removed 7667
07-07 18:19:55.402   293  1283 D MediaProvider: object removed 7699
07-07 18:19:55.785   344   344 D SAN_SERVICE: *******************************************
07-07 18:19:55.785   344   344 D SAN_SERVICE: DM App Phone Service State - 0
07-07 18:19:55.785   344   344 D SAN_SERVICE: *******************************************
07-07 18:19:55.804   293  1283 D MediaProvider: object removed 7555
07-07 18:19:56.265   344   344 D SAN_SERVICE: *******************************************
07-07 18:19:56.265   344   344 D SAN_SERVICE: DM App Phone Service State - 0
07-07 18:19:56.265   344   344 D SAN_SERVICE: *******************************************
07-07 18:19:57.953   293  1283 D MediaProvider: object removed 7259
07-07 18:19:58.160   293  1283 D MediaProvider: object removed 7967
07-07 18:19:58.351   293  1283 D MediaProvider: object removed 7248
07-07 18:19:58.542   293   797 D dalvikvm: GC_EXPLICIT freed 417K, 8% free 11910K/12935K, paused 2ms+4ms
07-07 18:19:58.570   293  1283 D MediaProvider: object removed 7190
07-07 18:19:58.742   293  1283 D MediaProvider: object removed 7661
07-07 18:19:58.914   293  1283 D MediaProvider: object removed 7547
07-07 18:19:59.140  1160  1175 D dalvikvm: GC_EXPLICIT freed 274K, 7% free 12783K/13703K, paused 6ms+4ms
07-07 18:19:59.175   293  1283 D MediaProvider: object removed 7576
07-07 18:19:59.363   293  1283 D MediaProvider: object removed 7595
07-07 18:19:59.507   293  1283 D MediaProvider: object removed 7221
07-07 18:19:59.781   293  1283 D MediaProvider: object removed 7077
07-07 18:19:59.980   293  1283 D MediaProvider: object removed 7348
07-07 18:20:00.230   293  1283 D MediaProvider: object removed 7509
07-07 18:20:00.406   293  1283 D MediaProvider: object removed 7612
07-07 18:20:00.695   293  1283 D MediaProvider: object removed 7969
07-07 18:20:00.886   293  1283 D MediaProvider: object removed 7604
07-07 18:20:00.898   344   344 D SAN_SERVICE: *******************************************
07-07 18:20:00.898   344   344 D SAN_SERVICE: DM App Phone Service State - 0
07-07 18:20:00.898   344   344 D SAN_SERVICE: *******************************************
07-07 18:20:01.078   293  1283 D MediaProvider: object removed 7062
07-07 18:20:01.257   293  1283 D MediaProvider: object removed 7158
07-07 18:20:01.441   344   344 D SAN_SERVICE: *******************************************
07-07 18:20:01.441   344   344 D SAN_SERVICE: DM App Phone Service State - 0
07-07 18:20:01.441   344   344 D SAN_SERVICE: *******************************************
07-07 18:20:01.445   293  1283 D MediaProvider: object removed 7308
07-07 18:20:01.597   293  1283 D MediaProvider: object removed 7289
07-07 18:20:01.761   293  1283 D MediaProvider: object removed 7071
07-07 18:20:02.007   293  1283 D MediaProvider: object removed 7525
07-07 18:20:02.199   293  1283 D MediaProvider: object removed 7590
07-07 18:20:02.472   293  1283 D MediaProvider: object removed 7100
07-07 18:20:02.632   293  1283 D MediaProvider: object removed 7227
07-07 18:20:02.874   293  1283 D MediaProvider: object removed 7492
07-07 18:20:03.082   293  1283 D MediaProvider: object removed 7030
07-07 18:20:03.230   293  1283 D MediaProvider: object removed 7184
07-07 18:20:03.265   293  1323 D dalvikvm: GC_EXPLICIT freed 343K, 8% free 11906K/12935K, paused 9ms+4ms
07-07 18:20:03.425   293  1283 D MediaProvider: object removed 7651
07-07 18:20:03.636   293  1283 D MediaProvider: object removed 7270
07-07 18:20:03.800   293  1283 D MediaProvider: object removed 7297
07-07 18:20:03.988   293  1283 D MediaProvider: object removed 7123
07-07 18:20:04.156   293  1283 D MediaProvider: object removed 7720
07-07 18:20:04.398   293  1283 D MediaProvider: object removed 7575
07-07 18:20:04.550   293  1283 D MediaProvider: object removed 7217
07-07 18:20:04.777  1160  1211 D dalvikvm: GC_EXPLICIT freed 281K, 7% free 12780K/13703K, paused 2ms+4ms
07-07 18:20:04.796   293  1283 D MediaProvider: object removed 7580
07-07 18:20:04.902   143   311 D dalvikvm: GC_EXPLICIT freed 983K, 11% free 14549K/16199K, paused 2ms+6ms
07-07 18:20:04.992   293  1283 D MediaProvider: object removed 7201
07-07 18:20:05.171   293  1283 D MediaProvider: object removed 7320
07-07 18:20:05.347   293  1283 D MediaProvider: object removed 7090
07-07 18:20:05.562   293  1283 D MediaProvider: object removed 7381
07-07 18:20:05.746   293  1283 D MediaProvider: object removed 7223
07-07 18:20:05.929   293  1283 D MediaProvider: object removed 7489
07-07 18:20:07.136   293  1283 D MediaProvider: object removed 7544
07-07 18:20:07.304   344   344 D SAN_SERVICE: *******************************************
07-07 18:20:07.304   344   344 D SAN_SERVICE: DM App Phone Service State - 0
07-07 18:20:07.304   344   344 D SAN_SERVICE: *******************************************
07-07 18:20:07.339   293  1283 D MediaProvider: object removed 7346
07-07 18:20:07.562   293  1283 D MediaProvider: object removed 7345
07-07 18:20:07.738   293  1283 D MediaProvider: object removed 7332
07-07 18:20:07.929   293  1283 D MediaProvider: object removed 7203
07-07 18:20:08.132   293  1283 D MediaProvider: object removed 7488
07-07 18:20:08.304   293  1283 D MediaProvider: object removed 7511
07-07 18:20:08.488   293  1283 D MediaProvider: object removed 7461
07-07 18:20:08.644   293   307 D dalvikvm: GC_EXPLICIT freed 347K, 9% free 11889K/12935K, paused 2ms+4ms
07-07 18:20:08.671   293  1283 D MediaProvider: object removed 7688
07-07 18:20:08.828   293  1283 D MediaProvider: object removed 7237
07-07 18:20:09.089   293  1283 D MediaProvider: object removed 7980
07-07 18:20:10.117   293  1283 D MediaProvider: object removed 7540
07-07 18:20:11.175   293  1283 D MediaProvider: object removed 7027
07-07 18:20:11.347   293  1283 D MediaProvider: object removed 7705
07-07 18:20:11.589   293  1283 D MediaProvider: object removed 6486
07-07 18:20:11.749   293  1283 D MediaProvider: object removed 7499
07-07 18:20:11.921   293  1283 D MediaProvider: object removed 7624
07-07 18:20:12.097   293  1283 D MediaProvider: object removed 7212
07-07 18:20:12.359   293  1283 D MediaProvider: object removed 7991
07-07 18:20:12.597   293  1283 D MediaProvider: object removed 7501
07-07 18:20:12.777   293  1283 D MediaProvider: object removed 7326
07-07 18:20:12.835  1160  1194 D dalvikvm: GC_EXPLICIT freed 282K, 7% free 12787K/13703K, paused 3ms+5ms
07-07 18:20:12.882   293  1283 D MediaProvider: object removed 7036
07-07 18:20:13.093   293  1283 D MediaProvider: object removed 7659
07-07 18:20:13.265   293  1283 D MediaProvider: object removed 7155
07-07 18:20:13.445   293  1283 D MediaProvider: object removed 7137
07-07 18:20:13.609   293  1283 D MediaProvider: object removed 7981
07-07 18:20:13.785   293  1283 D MediaProvider: object removed 7565
07-07 18:20:14.031   293  1283 D MediaProvider: object removed 7696
07-07 18:20:14.230   293  1283 D MediaProvider: object removed 7635
07-07 18:20:14.480   293  1283 D MediaProvider: object removed 7080
07-07 18:20:14.683   293  1283 D MediaProvider: object removed 6482
07-07 18:20:14.960   293  1283 D MediaProvider: object removed 7288
07-07 18:20:14.988   293   307 D dalvikvm: GC_EXPLICIT freed 352K, 9% free 11872K/12935K, paused 2ms+4ms
07-07 18:20:15.089   293  1283 D MediaProvider: object removed 7303
07-07 18:20:15.304   293  1283 D MediaProvider: object removed 7974
07-07 18:20:15.542   293  1283 D MediaProvider: object removed 7526
07-07 18:20:15.761   293  1283 D MediaProvider: object removed 7244
07-07 18:20:15.882   293  1283 D MediaProvider: object removed 7581
07-07 18:20:16.152   293  1283 D MediaProvider: object removed 7611
07-07 18:20:16.335   293  1283 D MediaProvider: object removed 7197
07-07 18:20:16.464   293  1283 D MediaProvider: object removed 7369
07-07 18:20:16.691   293  1283 D MediaProvider: object removed 7521
07-07 18:20:16.874   293  1283 D MediaProvider: object removed 7528
07-07 18:20:17.035   293  1283 D MediaProvider: object removed 7138
07-07 18:20:17.289   293  1283 D MediaProvider: object removed 7194
07-07 18:20:17.437   293  1283 D MediaProvider: object removed 7255
07-07 18:20:17.605   344   344 D SAN_SERVICE: *******************************************
07-07 18:20:17.605   344   344 D SAN_SERVICE: DM App Phone Service State - 0
07-07 18:20:17.605   344   344 D SAN_SERVICE: *******************************************
07-07 18:20:17.707   293  1283 D MediaProvider: object removed 7376
07-07 18:20:17.902   293  1283 D MediaProvider: object removed 7173
07-07 18:20:18.105   344   344 D SAN_SERVICE: *******************************************
07-07 18:20:18.105   344   344 D SAN_SERVICE: DM App Phone Service State - 0
07-07 18:20:18.105   344   344 D SAN_SERVICE: *******************************************
07-07 18:20:18.132   293  1283 D MediaProvider: object removed 7462
07-07 18:20:18.289   293  1283 D MediaProvider: object removed 7333
07-07 18:20:18.515  1160  1175 D dalvikvm: GC_EXPLICIT freed 287K, 7% free 12778K/13703K, paused 2ms+4ms
07-07 18:20:18.531   293  1283 D MediaProvider: object removed 7300
07-07 18:20:18.671   293  1283 D MediaProvider: object removed 7374
07-07 18:20:18.976   293  1283 D MediaProvider: object removed 7556
07-07 18:20:19.203   293  1283 D MediaProvider: object removed 7984
07-07 18:20:19.406   293  1283 D MediaProvider: object removed 7727
07-07 18:20:19.464   293   307 D dalvikvm: GC_EXPLICIT freed 342K, 9% free 11856K/12935K, paused 4ms+4ms
07-07 18:20:19.531   293  1283 D MediaProvider: object removed 7601
07-07 18:20:19.785   293  1283 D MediaProvider: object removed 7211
07-07 18:20:19.953   293  1283 D MediaProvider: object removed 7321
07-07 18:20:20.089   293  1283 D MediaProvider: object removed 7056
07-07 18:20:20.257   293  1283 D MediaProvider: object removed 7232
07-07 18:20:20.511   293  1283 D MediaProvider: object removed 7605
07-07 18:20:20.664   293  1283 D MediaProvider: object removed 7709
07-07 18:20:20.921   293  1283 D MediaProvider: object removed 7058
07-07 18:20:21.097   293  1283 D MediaProvider: object removed 7610
07-07 18:20:21.230   293  1283 D MediaProvider: object removed 7318
07-07 18:20:21.476   293  1283 D MediaProvider: object removed 7496
07-07 18:20:21.679   293  1283 D MediaProvider: object removed 7471
07-07 18:20:21.890   293  1283 D MediaProvider: object removed 7121
07-07 18:20:22.082   293  1283 D MediaProvider: object removed 7133
07-07 18:20:22.289   293  1283 D MediaProvider: object removed 7724
07-07 18:20:22.570   293  1283 D MediaProvider: object removed 7049
07-07 18:20:22.808   293  1283 D MediaProvider: object removed 7628
07-07 18:20:23.007   293  1283 D MediaProvider: object removed 7498
07-07 18:20:23.144   293  1283 D MediaProvider: object removed 7545
07-07 18:20:23.406   293  1283 D MediaProvider: object removed 7327
07-07 18:20:23.585   293  1283 D MediaProvider: object removed 7730
07-07 18:20:23.781   293  1283 D MediaProvider: object removed 7465
07-07 18:20:23.984   293  1283 D MediaProvider: object removed 7583
07-07 18:20:24.249   293  1283 D MediaProvider: object removed 7267
07-07 18:20:24.300   293   797 D dalvikvm: GC_EXPLICIT freed 351K, 9% free 11843K/12935K, paused 9ms+3ms
07-07 18:20:24.363   293  1283 D MediaProvider: object removed 7596
07-07 18:20:24.378  1160  1194 D dalvikvm: GC_EXPLICIT freed 275K, 7% free 12786K/13703K, paused 2ms+9ms
07-07 18:20:24.617   293  1283 D MediaProvider: object removed 7140
07-07 18:20:25.687   293  1283 D MediaProvider: object removed 7652
07-07 18:20:26.667   293  1283 D MediaProvider: object removed 7224
07-07 18:20:26.917   293  1283 D MediaProvider: object removed 7474
07-07 18:20:27.097   293  1283 D MediaProvider: object removed 7694
07-07 18:20:27.230   293  1283 D MediaProvider: object removed 7979
07-07 18:20:27.441   293  1283 D MediaProvider: object removed 7623
07-07 18:20:27.624   293  1283 D MediaProvider: object removed 7512
07-07 18:20:27.804   344   344 D SAN_SERVICE: *******************************************
07-07 18:20:27.804   344   344 D SAN_SERVICE: DM App Phone Service State - 0
07-07 18:20:27.804   344   344 D SAN_SERVICE: *******************************************
07-07 18:20:27.824   344   350 D dalvikvm: GC_CONCURRENT freed 429K, 6% free 9499K/10055K, paused 2ms+2ms
07-07 18:20:27.945   293  1283 D MediaProvider: object removed 7081
07-07 18:20:28.152   293  1283 D MediaProvider: object removed 7236
07-07 18:20:28.335   293  1283 D MediaProvider: object removed 7594
07-07 18:20:28.574   293  1283 D MediaProvider: object removed 7480
07-07 18:20:28.785   293  1283 D MediaProvider: object removed 7650
07-07 18:20:29.101   293  1283 D MediaProvider: object removed 7739
07-07 18:20:29.566   143   145 D dalvikvm: GC_CONCURRENT freed 1270K, 11% free 14538K/16199K, paused 3ms+5ms
07-07 18:20:29.570   293  1283 D MediaProvider: object removed 7677
07-07 18:20:29.695   293  1283 D MediaProvider: object removed 7172
07-07 18:20:29.898   293  1283 D MediaProvider: object removed 7642
07-07 18:20:30.128   293  1283 D MediaProvider: object removed 7645
07-07 18:20:30.312   293  1283 D MediaProvider: object removed 7559
07-07 18:20:30.519   293  1283 D MediaProvider: object removed 7880
07-07 18:20:30.664   293  1283 D MediaProvider: object removed 7344
07-07 18:20:30.722   293  1323 D dalvikvm: GC_EXPLICIT freed 335K, 9% free 11836K/12935K, paused 4ms+6ms
07-07 18:20:30.789   293  1283 D MediaProvider: object removed 7507
07-07 18:20:31.062   293  1283 D MediaProvider: object removed 7235
07-07 18:20:31.234   293  1283 D MediaProvider: object removed 7220
07-07 18:20:31.410   293  1283 D MediaProvider: object removed 7598
07-07 18:20:31.523   143   177 I power   : *** set_screen_state 1
07-07 18:20:31.613   143   177 I WindowManager: Lock screen displayed!
07-07 18:20:31.718    78   121 D SurfaceFlinger: Screen about to return, flinger = 0x1ddb918
07-07 18:20:31.820   293  1283 D MediaProvider: object removed 7539
07-07 18:20:31.957   293  1283 D MediaProvider: object removed 7541
07-07 18:20:32.160   293  1283 D MediaProvider: object removed 7163
07-07 18:20:32.281  1160  1211 D dalvikvm: GC_EXPLICIT freed 284K, 7% free 12781K/13703K, paused 4ms+11ms
07-07 18:20:32.347   293  1283 D MediaProvider: object removed 7298
07-07 18:20:32.609   293  1283 D MediaProvider: object removed 7965
07-07 18:20:32.988   293  1283 D MediaProvider: object removed 7742
07-07 18:20:33.058   221   221 D PhoneStatusBar: disable: < expand icons alerts ticker system_info BACK HOME recent* CLOCK >
07-07 18:20:33.082   143   400 W InputManagerService: Window already focused, ignoring focus gain of: com.android.internal.view.IInputMethodClient$Stub$Proxy@418c0e90
07-07 18:20:33.085   221   221 D PhoneStatusBar: disable: < expand icons alerts ticker system_info back* home* recent clock* >
07-07 18:20:33.175   293  1283 D MediaProvider: object removed 7736
07-07 18:20:33.410   293  1283 D MediaProvider: object removed 7209
07-07 18:20:33.476   143  1404 W NotificationService: STOP command without a player
07-07 18:20:33.703   293  1283 D MediaProvider: object removed 7740
07-07 18:20:33.882   293  1283 D MediaProvider: object removed 7128
07-07 18:20:34.113   293  1283 D MediaProvider: object removed 7685
07-07 18:20:34.246   293  1283 D MediaProvider: object removed 7109
07-07 18:20:34.464   293  1283 D MediaProvider: object removed 7472
07-07 18:20:34.726   293  1283 D MediaProvider: object removed 7495
07-07 18:20:34.867   143   155 D dalvikvm: GC_EXPLICIT freed 521K, 11% free 14551K/16199K, paused 6ms+7ms
07-07 18:20:35.343   143   155 I ActivityManager: START {dat=content://mms-sms/conversations/1 flg=0x34000000 cmp=com.android.mms/.ui.ComposeMessageActivity bnds=[0,119][480,215]} from pid -1
07-07 18:20:35.425   143   400 W KeyguardViewMediator: verifyUnlock called when not externally disabled
07-07 18:20:35.667   371   371 D OpenGLRenderer: Flushing caches (mode 1)
07-07 18:20:35.714  1344  1344 W Mms/cache: RecipientId 1 not in cache!
07-07 18:20:35.757  1344  1344 D Mms/compose: [1] [initialize] savedInstanceState = null intent = Intent { dat=content://mms-sms/conversations/1 flg=0x34000000 cmp=com.android.mms/.ui.ComposeMessageActivity bnds=[0,119][480,215] } mConversation = [(716) 435-9899] (tid 1)
07-07 18:20:35.796   371   371 D OpenGLRenderer: Flushing caches (mode 0)
07-07 18:20:35.906  1344  1347 D dalvikvm: GC_CONCURRENT freed 303K, 5% free 9585K/9991K, paused 10ms+3ms
07-07 18:20:35.914   143   159 I Process : Sending signal. PID: 1344 SIG: 3
07-07 18:20:35.914  1344  1349 I dalvikvm: threadid=3: reacting to signal 3
07-07 18:20:35.925   293  1283 D MediaProvider: object removed 7041
07-07 18:20:35.937  1344  1349 I dalvikvm: Wrote stack traces to '/data/anr/traces.txt'
07-07 18:20:36.121  1344  1344 D libEGL  : loaded /system/lib/egl/libGLES_android.so
07-07 18:20:36.128  1344  1344 D libEGL  : loaded /vendor/lib/egl/libEGL_POWERVR_SGX540_120.so
07-07 18:20:36.132  1344  1344 D libEGL  : loaded /vendor/lib/egl/libGLESv1_CM_POWERVR_SGX540_120.so
07-07 18:20:36.136  1344  1344 D libEGL  : loaded /vendor/lib/egl/libGLESv2_POWERVR_SGX540_120.so
07-07 18:20:36.183  1344  1344 D OpenGLRenderer: Enabling debug mode 0
07-07 18:20:36.390  1344  1409 D Mms     : [165] markAsRead: update read/seen for thread uri: content://mms-sms/conversations/1
07-07 18:20:36.414   143   159 I Process : Sending signal. PID: 1344 SIG: 3
07-07 18:20:36.414  1344  1349 I dalvikvm: threadid=3: reacting to signal 3
07-07 18:20:36.417   293  1283 D MediaProvider: object removed 7210
07-07 18:20:36.433  1344  1349 I dalvikvm: Wrote stack traces to '/data/anr/traces.txt'
07-07 18:20:36.710   344   389 D dalvikvm: GC_EXPLICIT freed 175K, 6% free 9507K/10055K, paused 2ms+10ms
07-07 18:20:36.781   221   223 D dalvikvm: GC_CONCURRENT freed 550K, 32% free 9800K/14215K, paused 2ms+4ms
07-07 18:20:36.914   143   159 I Process : Sending signal. PID: 1344 SIG: 3
07-07 18:20:36.914  1344  1349 I dalvikvm: threadid=3: reacting to signal 3
07-07 18:20:36.917  1344  1349 I dalvikvm: Wrote stack traces to '/data/anr/traces.txt'
07-07 18:20:36.976   143   176 I ActivityManager: Displayed com.android.mms/.ui.ComposeMessageActivity: +1s563ms
07-07 18:20:37.164   293  1283 D MediaProvider: object removed 7088
07-07 18:20:37.378   293  1283 D MediaProvider: object removed 7179
07-07 18:20:37.429   293   307 D dalvikvm: GC_EXPLICIT freed 347K, 9% free 11818K/12935K, paused 2ms+4ms
07-07 18:20:37.515   293  1283 D MediaProvider: object removed 7234
07-07 18:20:37.718   293  1283 D MediaProvider: object removed 7579
07-07 18:20:37.878   293  1283 D MediaProvider: object removed 7242
07-07 18:20:38.175   293  1283 D MediaProvider: object removed 7718
07-07 18:20:38.359   293  1283 D MediaProvider: object removed 7066
07-07 18:20:38.550   293  1283 D MediaProvider: object removed 7553
07-07 18:20:38.785   293  1283 D MediaProvider: object removed 7533
07-07 18:20:38.976   293  1283 D MediaProvider: object removed 7125
07-07 18:20:39.222   293  1283 D MediaProvider: object removed 7561
07-07 18:20:39.414   293  1283 D MediaProvider: object removed 7086
07-07 18:20:39.636  1160  1175 D dalvikvm: GC_EXPLICIT freed 295K, 7% free 12785K/13703K, paused 5ms+4ms
07-07 18:20:39.652   293  1283 D MediaProvider: object removed 7622
07-07 18:20:39.812   293  1283 D MediaProvider: object removed 7165
07-07 18:20:40.062   293  1283 D MediaProvider: object removed 7469
07-07 18:20:40.261   293  1283 D MediaProvider: object removed 7238
07-07 18:20:40.464   293  1283 D MediaProvider: object removed 7678
07-07 18:20:40.710   293  1283 D MediaProvider: object removed 7656
07-07 18:20:40.874   293  1283 D MediaProvider: object removed 7482
07-07 18:20:41.136   293  1283 D MediaProvider: object removed 7150
07-07 18:20:41.300   293  1283 D MediaProvider: object removed 7031
07-07 18:20:41.484   293  1283 D MediaProvider: object removed 7225
07-07 18:20:41.710   293  1283 D MediaProvider: object removed 7567
07-07 18:20:41.906   293   307 D dalvikvm: GC_EXPLICIT freed 341K, 9% free 11800K/12935K, paused 2ms+4ms
07-07 18:20:41.929   293  1283 D MediaProvider: object removed 7591
07-07 18:20:42.175   293  1283 D MediaProvider: object removed 7239
07-07 18:20:42.484   293  1283 D MediaProvider: object removed 7647
07-07 18:20:42.644   293  1283 D MediaProvider: object removed 7443
07-07 18:20:42.832   293  1283 D MediaProvider: object removed 7272
07-07 18:20:43.042   293  1283 D MediaProvider: object removed 7115
07-07 18:20:43.226   293  1283 D MediaProvider: object removed 7377
07-07 18:20:43.402   293  1283 D MediaProvider: object removed 7362
07-07 18:20:44.914   293  1283 D MediaProvider: object removed 2523
07-07 18:20:45.148   293  1283 D MediaProvider: object removed 7714
07-07 18:20:45.324   293  1283 D MediaProvider: object removed 7033
07-07 18:20:45.562   293  1283 D MediaProvider: object removed 7047
07-07 18:20:45.695   293  1283 D MediaProvider: object removed 7089
07-07 18:20:45.867   293  1283 D MediaProvider: object removed 7042
07-07 18:20:46.035   293  1283 D MediaProvider: object removed 7669
07-07 18:20:46.207   293  1283 D MediaProvider: object removed 7490
07-07 18:20:46.398   293  1283 D MediaProvider: object removed 7116
07-07 18:20:46.644   293  1283 D MediaProvider: object removed 7202
07-07 18:20:46.863   293  1283 D MediaProvider: object removed 7325
07-07 18:20:46.867  1160  1175 D dalvikvm: GC_EXPLICIT freed 284K, 7% free 12794K/13703K, paused 20ms+5ms
07-07 18:20:48.449   293  1283 D MediaProvider: object removed 7069
07-07 18:20:48.664   293  1283 D MediaProvider: object removed 7040
07-07 18:20:48.863   293  1283 D MediaProvider: object removed 7654
07-07 18:20:49.042   293  1283 D MediaProvider: object removed 7092
07-07 18:20:49.195   293   797 D dalvikvm: GC_EXPLICIT freed 344K, 9% free 11791K/12935K, paused 5ms+4ms
07-07 18:20:49.230   293  1283 D MediaProvider: object removed 7717
07-07 18:20:49.410   293  1283 D MediaProvider: object removed 7241
07-07 18:20:49.664   293  1283 D MediaProvider: object removed 7291
07-07 18:20:49.828   293  1283 D MediaProvider: object removed 7537
07-07 18:20:50.003   293  1283 D MediaProvider: object removed 2506
07-07 18:20:50.175   293  1283 D MediaProvider: object removed 7106
07-07 18:20:50.363   293  1283 D MediaProvider: object removed 7287
07-07 18:20:50.531   293  1283 D MediaProvider: object removed 7986
07-07 18:20:50.789   293  1283 D MediaProvider: object removed 7463
07-07 18:20:51.050   293  1283 D MediaProvider: object removed 7749
07-07 18:20:51.070   520   522 D dalvikvm: GC_CONCURRENT freed 479K, 6% free 10486K/11079K, paused 2ms+4ms
07-07 18:20:51.136  1247  1249 D dalvikvm: GC_CONCURRENT freed 508K, 6% free 10085K/10695K, paused 2ms+3ms
07-07 18:20:51.332   293  1283 D MediaProvider: object removed 7660
07-07 18:20:51.546   143   145 D dalvikvm: GC_CONCURRENT freed 1840K, 14% free 13973K/16199K, paused 11ms+7ms
07-07 18:20:51.656   293  1283 D MediaProvider: object removed 7111
07-07 18:20:51.835   293  1283 D MediaProvider: object removed 7068
07-07 18:20:51.996   293  1283 D MediaProvider: object removed 7504
07-07 18:20:52.367   293  1283 D MediaProvider: object removed 7704
07-07 18:20:52.542   293  1283 D MediaProvider: object removed 7572
07-07 18:20:52.808   293  1283 D MediaProvider: object removed 7452
07-07 18:20:52.945   293  1283 D MediaProvider: object removed 7124
07-07 18:20:53.121   293  1283 D MediaProvider: object removed 7468
07-07 18:20:53.347   293  1283 D MediaProvider: object removed 7449
07-07 18:20:53.539   293  1283 D MediaProvider: object removed 7706
07-07 18:20:53.777   293  1283 D MediaProvider: object removed 7146
07-07 18:20:53.964   293  1283 D MediaProvider: object removed 7336
07-07 18:20:54.109   293  1323 D dalvikvm: GC_EXPLICIT freed 349K, 9% free 11774K/12935K, paused 2ms+14ms
07-07 18:20:54.164  1160  1175 D dalvikvm: GC_EXPLICIT freed 284K, 7% free 12792K/13703K, paused 8ms+4ms
07-07 18:20:55.058  1344  1344 W IInputConnectionWrapper: showStatusIcon on inactive InputConnection
07-07 18:20:55.058   143   400 W InputManagerService: Starting input on non-focused client com.android.internal.view.IInputMethodClient$Stub$Proxy@41763058 (uid=10031 pid=1344)
07-07 18:20:55.089  1344  1344 D OpenGLRenderer: Flushing caches (mode 0)
07-07 18:20:55.117   293  1283 D MediaProvider: object removed 7094
07-07 18:20:55.117  1344  1344 D OpenGLRenderer: Flushing caches (mode 1)
07-07 18:20:55.308   293  1283 D MediaProvider: object removed 7324
07-07 18:20:55.457   293  1283 D MediaProvider: object removed 7148
07-07 18:20:55.843   293  1283 D MediaProvider: object removed 7676
07-07 18:20:56.136   293  1283 D MediaProvider: object removed 7277
07-07 18:20:56.304   293  1283 D MediaProvider: object removed 7164
07-07 18:20:56.601   143   403 D dalvikvm: GC_EXPLICIT freed 435K, 14% free 13942K/16199K, paused 3ms+5ms
07-07 18:20:56.609   293  1283 D MediaProvider: object removed 7989
07-07 18:20:56.765   293  1283 D MediaProvider: object removed 7442
07-07 18:20:56.941   293  1283 D MediaProvider: object removed 7607
07-07 18:20:57.089   293  1283 D MediaProvider: object removed 7532
07-07 18:20:57.316   293  1283 D MediaProvider: object removed 7477
07-07 18:20:57.589   344   344 D SAN_SERVICE: *******************************************
07-07 18:20:57.589   344   344 D SAN_SERVICE: DM App Phone Service State - 0
07-07 18:20:57.589   344   344 D SAN_SERVICE: *******************************************
07-07 18:20:58.406   293  1283 D MediaProvider: object removed 7290
07-07 18:20:59.675   293  1283 D MediaProvider: object removed 7263
07-07 18:20:59.843   293  1283 D MediaProvider: object removed 7072
07-07 18:21:00.042   293  1283 D MediaProvider: object removed 7273
07-07 18:21:00.289   293  1283 D MediaProvider: object removed 7085
07-07 18:21:00.457   293  1283 D MediaProvider: object removed 7253
07-07 18:21:00.640   293  1283 D MediaProvider: object removed 7185
07-07 18:21:00.855   293  1283 D MediaProvider: object removed 7370
07-07 18:21:01.062   293  1283 D MediaProvider: object removed 7060
07-07 18:21:01.292   293  1283 D MediaProvider: object removed 7070
07-07 18:21:01.449   293  1283 D MediaProvider: object removed 7328
07-07 18:21:01.632   293  1283 D MediaProvider: object removed 7466
07-07 18:21:01.667   293   307 D dalvikvm: GC_EXPLICIT freed 340K, 10% free 11766K/12935K, paused 3ms+4ms
07-07 18:21:01.761   293  1283 D MediaProvider: object removed 7051
07-07 18:21:01.992   371   372 D dalvikvm: GC_CONCURRENT freed 872K, 9% free 11589K/12679K, paused 6ms+3ms
07-07 18:21:02.027   293  1283 D MediaProvider: object removed 7276
07-07 18:21:02.316   293  1283 D MediaProvider: object removed 3451
07-07 18:21:02.484   293  1283 D MediaProvider: object removed 7741
07-07 18:21:02.664  1160  1211 D dalvikvm: GC_EXPLICIT freed 291K, 7% free 12786K/13703K, paused 5ms+4ms
07-07 18:21:02.667   293  1283 D MediaProvider: object removed 7375
07-07 18:21:02.847   293  1283 D MediaProvider: object removed 7330
07-07 18:21:03.027   293  1283 D MediaProvider: object removed 7380
07-07 18:21:03.281   293  1283 D MediaProvider: object removed 7578
07-07 18:21:03.417   143   395 I ActivityManager: START {act=android.intent.action.MAIN cat=[android.intent.category.LAUNCHER] flg=0x10200000 cmp=com.google.android.apps.genie.geniewidget/.activities.NewsActivity bnds=[360,103][480,253]} from pid 371
07-07 18:21:03.496   143   154 I ActivityManager: Start proc com.google.android.apps.genie.geniewidget for activity com.google.android.apps.genie.geniewidget/.activities.NewsActivity: pid=1419 uid=10017 gids={3003, 1015}
07-07 18:21:03.511  1419  1419 I dalvikvm: Turning on JNI app bug workarounds for target SDK version 11...
07-07 18:21:03.589   371   371 D OpenGLRenderer: Flushing caches (mode 1)
07-07 18:21:03.597   371   371 D OpenGLRenderer: Flushing caches (mode 0)
07-07 18:21:03.597   293  1283 D MediaProvider: object removed 7266
07-07 18:21:03.609  1419  1419 I ActivityThread: Pub com.google.android.apps.genie.geniewidget.weather: com.google.android.apps.genie.geniewidget.providers.WeatherProvider
07-07 18:21:03.679  1419  1419 I ActivityThread: Pub com.google.android.apps.genie.geniewidget.newsimage: com.google.android.apps.genie.geniewidget.providers.NewsImageProvider
07-07 18:21:03.824   305   309 D dalvikvm: GC_CONCURRENT freed 490K, 6% free 9974K/10567K, paused 16ms+4ms
07-07 18:21:03.882  1419  1420 D dalvikvm: GC_CONCURRENT freed 345K, 5% free 9190K/9607K, paused 2ms+3ms
07-07 18:21:03.898  1419  1428 W CursorWrapperInner: Cursor finalized without prior close()
07-07 18:21:03.906  1419  1419 W Genie   : Cache file not found: java.io.FileNotFoundException: /data/data/com.google.android.apps.genie.geniewidget/cache/genie_iconcache: open failed: ENOENT (No such file or directory)
07-07 18:21:03.906  1419  1428 W CursorWrapperInner: Cursor finalized without prior close()
07-07 18:21:04.003   293  1283 D MediaProvider: object removed 7697
07-07 18:21:04.042   143   159 I Process : Sending signal. PID: 1419 SIG: 3
07-07 18:21:04.042  1419  1423 I dalvikvm: threadid=3: reacting to signal 3
07-07 18:21:04.101  1419  1423 I dalvikvm: Wrote stack traces to '/data/anr/traces.txt'
07-07 18:21:04.140  1419  1420 D dalvikvm: GC_CONCURRENT freed 351K, 5% free 9335K/9799K, paused 3ms+18ms
07-07 18:21:04.316  1419  1419 I Genie   : refresh service retry #0, ignoreMASFCache = false
07-07 18:21:04.328   221   221 V PhoneStatusBar: setLightsOn(true)
07-07 18:21:04.363   293  1283 D MediaProvider: object removed 7311
07-07 18:21:04.390   143   176 I ActivityManager: Displayed com.google.android.apps.genie.geniewidget/.activities.NewsActivity: +905ms
07-07 18:21:04.464   305   467 D androidNetworkLocationListeners: Still have listener com.google.android.location.internal.client.NetworkLocationClient$1@413237f8
07-07 18:21:04.472   305   467 D androidNetworkLocationListeners: Still have listener com.google.android.location.internal.client.NetworkLocationClient$1@413237f8
07-07 18:21:04.476   305   519 D WifiLocator: Too many no-location APs. Will not compute a location nor go to the server. hasLocation=0 noLocation=0 cacheMiss=0
07-07 18:21:04.492   305   519 D CellLocator: Primary cell miss in cache. Need server request.
07-07 18:21:04.511   305   519 D WifiLocator: Too many no-location APs. Will not compute a location nor go to the server. hasLocation=0 noLocation=0 cacheMiss=0
07-07 18:21:04.511   305   519 D CellLocator: Primary cell miss in cache. Need server request.
07-07 18:21:04.515   305   481 I System.out: [INFO:226607]: LogSource: Running flush
07-07 18:21:04.519   305   489 I System.out: [INFO:226611]: LogSource: Sending payload [bytes=386]
07-07 18:21:04.644   293  1283 D MediaProvider: object removed 7483
07-07 18:21:04.851   293  1283 D MediaProvider: object removed 7451
07-07 18:21:06.164   293  1283 D MediaProvider: object removed 7301
07-07 18:21:06.394   293  1283 D MediaProvider: object removed 7964
07-07 18:21:06.589   293  1283 D MediaProvider: object removed 7093
07-07 18:21:06.878   293  1283 D MediaProvider: object removed 7279
07-07 18:21:07.097   305   489 I System.out: [INFO:229188]: LogSource: Response [http=200,length=88]
07-07 18:21:07.238   305   481 I System.out: [INFO:229332]: LogSource: Read id 4, status code 200
07-07 18:21:07.242   305   519 D WifiLocator: Too many no-location APs. Will not compute a location nor go to the server. hasLocation=0 noLocation=0 cacheMiss=0
07-07 18:21:07.300   305   467 D androidNetworkLocationListeners: Still have listener com.google.android.location.internal.client.NetworkLocationClient$1@413237f8
07-07 18:21:07.515   344   344 D SAN_SERVICE: *******************************************
07-07 18:21:07.515   344   344 D SAN_SERVICE: DM App Phone Service State - 0
07-07 18:21:07.515   344   344 D SAN_SERVICE: *******************************************
07-07 18:21:07.695   305   481 I System.out: [INFO:229787]: LogSource: Running flush
07-07 18:21:07.695   305   484 I System.out: [INFO:229788]: LogSource: Sending payload [bytes=265]
07-07 18:21:07.730   344   344 D SAN_SERVICE: *******************************************
07-07 18:21:07.730   344   344 D SAN_SERVICE: DM App Phone Service State - 0
07-07 18:21:07.734   344   344 D SAN_SERVICE: *******************************************
07-07 18:21:07.914   305   519 D WifiLocator: Too many no-location APs. Will not compute a location nor go to the server. hasLocation=0 noLocation=0 cacheMiss=0
07-07 18:21:07.914   305   519 D CellLocator: Primary cell miss in cache. Need server request.
07-07 18:21:07.929   305   481 I System.out: [INFO:230021]: LogSource: Running flush
07-07 18:21:07.933   305   486 I System.out: [INFO:230024]: LogSource: Sending payload [bytes=385]
07-07 18:21:08.359  1419  1420 D dalvikvm: GC_CONCURRENT freed 223K, 4% free 9524K/9863K, paused 2ms+3ms
07-07 18:21:08.621   293  1283 D MediaProvider: object removed 7530
07-07 18:21:08.855   293  1283 D MediaProvider: object removed 7646
07-07 18:21:09.351  1419  1420 D dalvikvm: GC_CONCURRENT freed 374K, 5% free 9583K/10055K, paused 2ms+3ms
07-07 18:21:09.476   305   484 I System.out: [INFO:231536]: LogSource: Response [http=200,length=210]
07-07 18:21:09.476   305   481 I System.out: [INFO:231570]: LogSource: Read id 5, status code 200
07-07 18:21:09.621   293  1283 D MediaProvider: object removed 7519
07-07 18:21:09.683  1419  1420 D dalvikvm: GC_CONCURRENT freed 386K, 5% free 9655K/10119K, paused 2ms+2ms
07-07 18:21:09.742  1419  1419 D dalvikvm: GC_FOR_ALLOC freed 30K, 4% free 9716K/10119K, paused 20ms
07-07 18:21:09.746  1419  1419 I dalvikvm-heap: Grow heap (frag case) to 10.694MB for 1192336-byte allocation
07-07 18:21:09.792  1419  1420 D dalvikvm: GC_CONCURRENT freed 3K, 5% free 10876K/11335K, paused 2ms+3ms
07-07 18:21:10.054  1419  1420 D dalvikvm: GC_CONCURRENT freed 150K, 3% free 11296K/11527K, paused 2ms+3ms
07-07 18:21:10.374   305   309 D dalvikvm: GC_CONCURRENT freed 347K, 5% free 10045K/10567K, paused 3ms+69ms
