07-03 18:03:00.242   835   835 D ViewPager: gravity: 48 hgrav: 0 vgrav: 48
07-03 18:03:00.257   835   835 D ViewPager: gravity: 48 hgrav: 0 vgrav: 48
07-03 18:03:00.355   835   835 D ViewPager: gravity: 48 hgrav: 0 vgrav: 48
07-03 18:03:00.363   835   835 D ViewPager: gravity: 48 hgrav: 0 vgrav: 48
07-03 18:03:00.578   145 28236 I ActivityManager: Process com.google.android.apps.docs (pid 1048) has died.
07-03 18:03:00.781   216   218 D dalvikvm: GC_CONCURRENT freed 216K, 30% free 10151K/14343K, paused 2ms+2ms
07-03 18:03:00.812   145 21614 I ActivityManager: Start proc com.google.android.apps.maps:LocationFriendService for service com.google.android.apps.maps/com.google.googlenav.friend.reporting.LocationReceiverService: pid=1104 uid=10056 gids={3003, 1015}
07-03 18:03:00.871  1084  1086 D dalvikvm: GC_CONCURRENT freed 303K, 5% free 9200K/9607K, paused 8ms+3ms
07-03 18:03:01.027  1104  1107 D dalvikvm: GC_CONCURRENT freed 156K, 3% free 9380K/9607K, paused 2ms+5ms
07-03 18:03:01.210   145 21614 D dalvikvm: GC_EXPLICIT freed 1665K, 32% free 17595K/25543K, paused 8ms+13ms
07-03 18:03:01.226   145   156 I ActivityManager: Process com.google.android.apps.uploader (pid 984) has died.
07-03 18:03:01.359   145   395 I ActivityManager: Start proc com.google.android.apps.uploader for broadcast com.google.android.apps.uploader/.ConnectivityBroadcastReceiver: pid=1123 uid=10030 gids={3003}
07-03 18:03:01.390  1123  1123 I dalvikvm: Turning on JNI app bug workarounds for target SDK version 11...
07-03 18:03:01.464  1123  1123 I ActivityThread: Pub com.google.android.apps.uploader: com.google.android.apps.uploader.UploadsContentProvider
07-03 18:03:01.464  1123  1123 I ActivityThread: Pub com.google.photos.provider.Album: com.google.android.apps.uploader.clients.picasa.AlbumProvider
07-03 18:03:01.472  1123  1123 D MediaUploader: UploaderApplication.onCreate
07-03 18:03:01.789  1123  1123 D MediaUploader: nonWifiLimit=20971520, default=20971520
07-03 18:03:01.804  1123  1123 I MediaUploader: No need to wake up
07-03 18:03:01.906   145   348 I ActivityManager: Start proc com.google.android.youtube for broadcast com.google.android.youtube/.app.prefetch.PrefetchService$DeviceStateReceiver: pid=1140 uid=10057 gids={3003, 1015, 1006}
07-03 18:03:01.937  1104  1107 D dalvikvm: GC_CONCURRENT freed 135K, 3% free 9677K/9927K, paused 2ms+5ms
07-03 18:03:02.218   145   181 I ActivityManager: START {act=android.intent.action.MAIN cat=[android.intent.category.HOME] flg=0x10200000 cmp=com.android.launcher/com.android.launcher2.Launcher} from pid 145
07-03 18:03:02.343  1104  1154 I SqliteDatabaseCpp: sqlite returned: error code = 5, msg = statement aborts at 1: [PRAGMA journal_mode=TRUNCATE] , db=/data/data/com.google.android.apps.maps/databases/webview.db
07-03 18:03:02.456   145   145 I ActivityManager: Start proc android.process.acore for content provider com.android.providers.contacts/.ContactsProvider2: pid=1157 uid=10000 gids={3003, 1015}
07-03 18:03:02.597  1140  1140 I ActivityThread: Pub com.google.android.youtube.SuggestionProvider: com.google.android.youtube.core.suggest.SuggestionProvider
07-03 18:03:02.601  1140  1143 D dalvikvm: GC_CONCURRENT freed 157K, 3% free 9367K/9607K, paused 2ms+5ms
07-03 18:03:02.734 24625 24642 D androidNetworkLocationListeners: Still have listener com.google.android.location.internal.client.NetworkLocationClient$1@41394000
07-03 18:03:02.796   145   156 I ActivityManager: Process com.google.android.apps.uploader (pid 1123) has died.
07-03 18:03:02.859  1067  1103 D PicasaSync: sync account database
07-03 18:03:02.871  1157  1157 I ActivityThread: Pub call_log: com.android.providers.contacts.CallLogProvider
07-03 18:03:02.929 24625 24650 D WifiLocator: Too many no-location APs. Will not compute a location nor go to the server. hasLocation=0 noLocation=0 cacheMiss=0
07-03 18:03:02.937 24625 24650 D CellLocator: Primary cell miss in cache. Need server request.
07-03 18:03:03.058  1157  1157 I ActivityThread: Pub com.android.voicemail: com.android.providers.contacts.VoicemailContentProvider
07-03 18:03:03.058  1157  1157 I ActivityThread: Pub user_dictionary: com.android.providers.userdictionary.UserDictionaryProvider
07-03 18:03:03.066 24625 24644 I System.out: [INFO:7254843]: LogSource: Running flush
07-03 18:03:03.074 24625 24647 I System.out: [INFO:7254851]: LogSource: Sending payload [bytes=383]
07-03 18:03:03.085   145   161 I Process : Sending signal. PID: 29974 SIG: 3
07-03 18:03:03.109 29974 29976 I dalvikvm: threadid=3: reacting to signal 3
07-03 18:03:03.242 29974 29976 I dalvikvm: Wrote stack traces to '/data/anr/traces.txt'
07-03 18:03:03.261 24625 24647 I System.out: [SEVERE:7255038]: LogSource: AsyncHttpRequestImpl.run(): exception thrown : Unable to resolve host "www.google.com": No address associated with hostname: java.net.UnknownHostException
07-03 18:03:03.261 24625 24644 E GlsClient-query: requestFailed
07-03 18:03:03.261 24625 24650 D WifiLocator: Too many no-location APs. Will not compute a location nor go to the server. hasLocation=0 noLocation=0 cacheMiss=0
07-03 18:03:03.261 24625 24650 D CellLocator: Primary cell miss in cache. Need server request.
07-03 18:03:03.320  1157  1157 I ActivityThread: Pub com.android.social: com.android.providers.contacts.SocialProvider
07-03 18:03:03.320  1157  1157 I ActivityThread: Pub applications: com.android.providers.applications.ApplicationsProvider
07-03 18:03:03.558   145   161 I Process : Sending signal. PID: 29974 SIG: 3
07-03 18:03:03.558 29974 29976 I dalvikvm: threadid=3: reacting to signal 3
07-03 18:03:03.683   835   835 D OpenGLRenderer: Flushing caches (mode 1)
07-03 18:03:03.726  1157  1159 D dalvikvm: GC_CONCURRENT freed 328K, 5% free 9149K/9607K, paused 133ms+2ms
07-03 18:03:03.742 29974 29976 I dalvikvm: Wrote stack traces to '/data/anr/traces.txt'
07-03 18:03:03.769  1157  1157 I ActivityThread: Pub contacts;com.android.contacts: com.android.providers.contacts.ContactsProvider2
07-03 18:03:03.914   216   218 D dalvikvm: GC_CONCURRENT freed 689K, 31% free 9918K/14343K, paused 8ms+11ms
07-03 18:03:04.054   145   161 I Process : Sending signal. PID: 29974 SIG: 3
07-03 18:03:04.054 29974 29976 I dalvikvm: threadid=3: reacting to signal 3
07-03 18:03:04.062 29974 29976 I dalvikvm: Wrote stack traces to '/data/anr/traces.txt'
07-03 18:03:04.203   145   202 D ConnectivityService: ConnectivityChange for mobile: CONNECTED/CONNECTED
07-03 18:03:04.578   145   198 D NetworkPolicy: applying policy NetworkPolicy[NetworkTemplate: matchRule=MOBILE_ALL, subscriberId=valid]: cycleDay=20, warningBytes=2147483648, limitBytes=-1, lastSnooze=-1 to ifaces [rmnet0]
07-03 18:03:04.605   145   161 I Process : Sending signal. PID: 29974 SIG: 3
07-03 18:03:04.605 29974 29976 I dalvikvm: threadid=3: reacting to signal 3
07-03 18:03:04.660 29974 29976 I dalvikvm: Wrote stack traces to '/data/anr/traces.txt'
07-03 18:03:04.664   145   156 I ActivityManager: Process com.google.android.apps.currents (pid 806) has died.
07-03 18:03:04.664   145   156 W ActivityManager: Scheduling restart of crashed service com.google.android.apps.currents/com.google.apps.dots.android.app.service.DotsSyncService in 5000ms
07-03 18:03:04.675  1140  1143 D dalvikvm: GC_CONCURRENT freed 324K, 5% free 9512K/9927K, paused 109ms+4ms
07-03 18:03:04.675  1140  1151 W CursorWrapperInner: Cursor finalized without prior close()
07-03 18:03:04.675  1140  1151 W CursorWrapperInner: Cursor finalized without prior close()
07-03 18:03:04.718   145   181 I ActivityManager: START {act=android.intent.action.MAIN cat=[android.intent.category.HOME] flg=0x10200000 cmp=com.android.launcher/com.android.launcher2.Launcher} from pid 145
07-03 18:03:04.878  1140  1143 D dalvikvm: GC_CONCURRENT freed 299K, 4% free 9748K/10119K, paused 2ms+7ms
07-03 18:03:05.015   145   181 I ActivityManager: START {act=android.intent.action.MAIN cat=[android.intent.category.HOME] flg=0x10200000 cmp=com.android.launcher/com.android.launcher2.Launcher} from pid 145
07-03 18:03:05.066  1140  1143 D dalvikvm: GC_CONCURRENT freed 394K, 5% free 9909K/10375K, paused 2ms+6ms
07-03 18:03:05.199  1104  1107 W dalvikvm: threadid=2: spin on suspend #1 threadid=12 (pcf=0)
07-03 18:03:05.199  1104  1107 D dalvikvm: Temporarily moving tid 1180 to fg (was 0)
07-03 18:03:05.199  1104  1107 D dalvikvm: Temporarily raised priority on tid 1180 (19 -> 0)
07-03 18:03:05.210  1104  1107 W dalvikvm: threadid=2: spin on suspend resolved in 1010 msec
07-03 18:03:05.210  1104  1107 D dalvikvm: Restored policy of 1180 to 0
07-03 18:03:05.210  1104  1107 D dalvikvm: Restored priority on 1180 to 19
07-03 18:03:05.277  1140  1143 D dalvikvm: GC_CONCURRENT freed 367K, 5% free 10064K/10503K, paused 2ms+10ms
07-03 18:03:05.410  1104  1107 D dalvikvm: GC_CONCURRENT freed 280K, 4% free 9887K/10247K, paused 5ms+5ms
07-03 18:03:05.460  1140  1143 D dalvikvm: GC_CONCURRENT freed 382K, 5% free 10241K/10695K, paused 8ms+7ms
07-03 18:03:05.472  1104  1113 E SQLiteDatabase: close() was never explicitly called on database '/data/data/com.google.android.apps.maps/databases/webview.db' 
07-03 18:03:05.472  1104  1113 E SQLiteDatabase: android.database.sqlite.DatabaseObjectNotClosedException: Application did not close the cursor or database object that was opened here
07-03 18:03:05.472  1104  1113 E SQLiteDatabase: 	at android.database.sqlite.SQLiteDatabase.<init>(SQLiteDatabase.java:1943)
07-03 18:03:05.472  1104  1113 E SQLiteDatabase: 	at android.database.sqlite.SQLiteDatabase.openDatabase(SQLiteDatabase.java:1007)
07-03 18:03:05.472  1104  1113 E SQLiteDatabase: 	at android.database.sqlite.SQLiteDatabase.openDatabase(SQLiteDatabase.java:986)
07-03 18:03:05.472  1104  1113 E SQLiteDatabase: 	at android.database.sqlite.SQLiteDatabase.openDatabase(SQLiteDatabase.java:962)
07-03 18:03:05.472  1104  1113 E SQLiteDatabase: 	at android.database.sqlite.SQLiteDatabase.openOrCreateDatabase(SQLiteDatabase.java:1043)
07-03 18:03:05.472  1104  1113 E SQLiteDatabase: 	at android.database.sqlite.SQLiteDatabase.openOrCreateDatabase(SQLiteDatabase.java:1036)
07-03 18:03:05.472  1104  1113 E SQLiteDatabase: 	at android.app.ContextImpl.openOrCreateDatabase(ContextImpl.java:761)
07-03 18:03:05.472  1104  1113 E SQLiteDatabase: 	at android.content.ContextWrapper.openOrCreateDatabase(ContextWrapper.java:215)
07-03 18:03:05.472  1104  1113 E SQLiteDatabase: 	at android.webkit.WebViewDatabase.initDatabase(WebViewDatabase.java:223)
07-03 18:03:05.472  1104  1113 E SQLiteDatabase: 	at android.webkit.WebViewDatabase.init(WebViewDatabase.java:209)
07-03 18:03:05.472  1104  1113 E SQLiteDatabase: 	at android.webkit.WebViewDatabase.access$000(WebViewDatabase.java:38)
07-03 18:03:05.472  1104  1113 E SQLiteDatabase: 	at android.webkit.WebViewDatabase$1.run(WebViewDatabase.java:190)
07-03 18:03:06.078   145   145 I ActivityManager: Start proc com.google.android.apps.docs for broadcast com.google.android.apps.docs/.receivers.NetworkChangeReceiver: pid=1206 uid=10077 gids={3003, 1015, 1006}
07-03 18:03:07.308   145   206 D Tethering: MasterInitialState.processMessage what=3
07-03 18:03:07.343   145   365 W AudioService:   RemoteControlClient died
07-03 18:03:08.078   145   162 W ActivityManager: Failure sending broadcast Intent { act=android.net.conn.CONNECTIVITY_CHANGE flg=0x10000010 (has extras) }
07-03 18:03:08.078   145   162 W ActivityManager: android.os.DeadObjectException
07-03 18:03:08.078   145   162 W ActivityManager: 	at android.os.BinderProxy.transact(Native Method)
07-03 18:03:08.078   145   162 W ActivityManager: 	at android.app.ApplicationThreadProxy.scheduleRegisteredReceiver(ApplicationThreadNative.java:946)
07-03 18:03:08.078   145   162 W ActivityManager: 	at com.android.server.am.ActivityManagerService.performReceiveLocked(ActivityManagerService.java:12826)
07-03 18:03:08.078   145   162 W ActivityManager: 	at com.android.server.am.ActivityManagerService.deliverToRegisteredReceiverLocked(ActivityManagerService.java:12891)
07-03 18:03:08.078   145   162 W ActivityManager: 	at com.android.server.am.ActivityManagerService.processNextBroadcast(ActivityManagerService.java:12949)
07-03 18:03:08.078   145   162 W ActivityManager: 	at com.android.server.am.ActivityManagerService.access$100(ActivityManagerService.java:151)
07-03 18:03:08.078   145   162 W ActivityManager: 	at com.android.server.am.ActivityManagerService$2.handleMessage(ActivityManagerService.java:993)
07-03 18:03:08.078   145   162 W ActivityManager: 	at android.os.Handler.dispatchMessage(Handler.java:99)
07-03 18:03:08.078   145   162 W ActivityManager: 	at android.os.Looper.loop(Looper.java:137)
07-03 18:03:08.078   145   162 W ActivityManager: 	at com.android.server.am.ActivityManagerService$AThread.run(ActivityManagerService.java:1414)
07-03 18:03:08.081   145   162 W ActivityManager: Failure sending broadcast Intent { act=android.net.conn.CONNECTIVITY_CHANGE flg=0x10000010 (has extras) }
07-03 18:03:08.081   145   162 W ActivityManager: android.os.DeadObjectException
07-03 18:03:08.081   145   162 W ActivityManager: 	at android.os.BinderProxy.transact(Native Method)
07-03 18:03:08.081   145   162 W ActivityManager: 	at android.app.ApplicationThreadProxy.scheduleRegisteredReceiver(ApplicationThreadNative.java:946)
07-03 18:03:08.081   145   162 W ActivityManager: 	at com.android.server.am.ActivityManagerService.performReceiveLocked(ActivityManagerService.java:12826)
07-03 18:03:08.081   145   162 W ActivityManager: 	at com.android.server.am.ActivityManagerService.deliverToRegisteredReceiverLocked(ActivityManagerService.java:12891)
07-03 18:03:08.081   145   162 W ActivityManager: 	at com.android.server.am.ActivityManagerService.processNextBroadcast(ActivityManagerService.java:12949)
07-03 18:03:08.081   145   162 W ActivityManager: 	at com.android.server.am.ActivityManagerService.access$100(ActivityManagerService.java:151)
07-03 18:03:08.081   145   162 W ActivityManager: 	at com.android.server.am.ActivityManagerService$2.handleMessage(ActivityManagerService.java:993)
07-03 18:03:08.081   145   162 W ActivityManager: 	at android.os.Handler.dispatchMessage(Handler.java:99)
07-03 18:03:08.081   145   162 W ActivityManager: 	at android.os.Looper.loop(Looper.java:137)
07-03 18:03:08.081   145   162 W ActivityManager: 	at com.android.server.am.ActivityManagerService$AThread.run(ActivityManagerService.java:1414)
07-03 18:03:08.085   145 21614 I ActivityManager: Process com.spotify.mobile.android.service (pid 31937) has died.
07-03 18:03:08.085   145 21614 W ActivityManager: Scheduling restart of crashed service com.spotify.mobile.android.ui/com.spotify.mobile.android.service.SpotifyService in 5000ms
07-03 18:03:08.933   145   365 I ActivityManager: START {act=android.intent.action.MAIN cat=[android.intent.category.LAUNCHER] flg=0x10200000 cmp=com.android.settings/.Settings bnds=[240,556][360,706]} from pid 29974
07-03 18:03:09.003  1206  1206 I PackageInfoHelper: Provided clientMode=RELEASE, packageInfo=PackageInfo{4137fc20 com.google.android.apps.docs}
07-03 18:03:09.003  1206  1206 I ActivityThread: Pub com.google.android.apps.docs.files: com.google.android.apps.docs.sync.filemanager.FileProvider
07-03 18:03:09.007  1206  1206 I ActivityThread: Pub com.google.android.apps.docs.doclist.search_suggest: com.google.android.apps.docs.doclist.DocListGlobalSearchSuggestionProvider
07-03 18:03:09.371   145 21614 I ActivityManager: Start proc com.android.settings for activity com.android.settings/.Settings: pid=1221 uid=1000 gids={1015, 3002, 3001, 3003, 3007}
07-03 18:03:09.398  1206  1209 D dalvikvm: GC_CONCURRENT freed 208K, 3% free 9324K/9607K, paused 1ms+7ms
07-03 18:03:09.410   145  9966 I ActivityManager: START {act=android.intent.action.MAIN cat=[android.intent.category.LAUNCHER] flg=0x10200000 cmp=com.android.settings/.Settings bnds=[240,556][360,706]} from pid 29974
07-03 18:03:09.847  1206  1209 D dalvikvm: GC_CONCURRENT freed 456K, 6% free 9399K/9927K, paused 2ms+3ms
07-03 18:03:10.121   145   161 I Process : Sending signal. PID: 1221 SIG: 3
07-03 18:03:10.121  1221  1226 I dalvikvm: threadid=3: reacting to signal 3
07-03 18:03:10.171  1221  1226 I dalvikvm: Wrote stack traces to '/data/anr/traces.txt'
07-03 18:03:10.175   835   835 W IInputConnectionWrapper: showStatusIcon on inactive InputConnection
07-03 18:03:10.175   145  1150 W InputManagerService: Starting input on non-focused client com.android.internal.view.IInputMethodClient$Stub$Proxy@4190a098 (uid=10056 pid=835)
07-03 18:03:10.218  1206  1209 D dalvikvm: GC_CONCURRENT freed 504K, 6% free 9413K/9991K, paused 2ms+3ms
07-03 18:03:10.316  1206  1209 D dalvikvm: GC_CONCURRENT freed 530K, 7% free 9449K/10055K, paused 1ms+4ms
07-03 18:03:10.433  1221  1223 D dalvikvm: GC_CONCURRENT freed 135K, 3% free 9346K/9607K, paused 2ms+2ms
07-03 18:03:10.437 29974 29974 D OpenGLRenderer: Flushing caches (mode 1)
07-03 18:03:10.480  1206  1209 D dalvikvm: GC_CONCURRENT freed 483K, 6% free 9478K/10055K, paused 3ms+2ms
07-03 18:03:10.617  1206  1209 D dalvikvm: GC_CONCURRENT freed 526K, 6% free 9518K/10119K, paused 2ms+5ms
07-03 18:03:10.675  1221  1221 D LocalBluetoothProfileManager: LocalBluetoothProfileManager construction complete
07-03 18:03:10.675   145   161 I Process : Sending signal. PID: 1221 SIG: 3
07-03 18:03:10.675  1221  1226 I dalvikvm: threadid=3: reacting to signal 3
07-03 18:03:10.683  1221  1226 I dalvikvm: Wrote stack traces to '/data/anr/traces.txt'
07-03 18:03:10.863  1221  1221 D libEGL  : loaded /system/lib/egl/libGLES_android.so
07-03 18:03:10.871  1221  1221 D libEGL  : loaded /vendor/lib/egl/libEGL_POWERVR_SGX540_120.so
07-03 18:03:10.914  1221  1221 D libEGL  : loaded /vendor/lib/egl/libGLESv1_CM_POWERVR_SGX540_120.so
07-03 18:03:10.917  1221  1221 D libEGL  : loaded /vendor/lib/egl/libGLESv2_POWERVR_SGX540_120.so
07-03 18:03:10.972  1206  1209 D dalvikvm: GC_CONCURRENT freed 348K, 5% free 9642K/10119K, paused 2ms+6ms
07-03 18:03:11.066  1221  1221 D OpenGLRenderer: Enabling debug mode 0
07-03 18:03:11.167   145   161 I Process : Sending signal. PID: 1221 SIG: 3
07-03 18:03:11.167  1221  1226 I dalvikvm: threadid=3: reacting to signal 3
07-03 18:03:11.191  1221  1226 I dalvikvm: Wrote stack traces to '/data/anr/traces.txt'
07-03 18:03:11.367  1206  1209 D dalvikvm: GC_CONCURRENT freed 383K, 5% free 9765K/10247K, paused 2ms+3ms
07-03 18:03:11.394  1206  1206 D ContextScopeImpl: in ContextScope.getContextOrDefault for thread=1
07-03 18:03:11.394  1206  1206 D ContextScopeImpl: returning application context for thread=1
07-03 18:03:11.425  1206  1206 I FeatureCheckerImpl: Configured disabled features: []
07-03 18:03:11.425  1206  1206 D ContextScopeImpl: in ContextScope.getContextOrDefault for thread=1
07-03 18:03:11.425  1206  1206 D ContextScopeImpl: returning application context for thread=1
07-03 18:03:11.445  1206  1206 D ContextScopeImpl: in ContextScope.enter for thread=1
07-03 18:03:11.449  1206  1206 W ContextScopeImpl: thread=1 tried to enter the scope of the application context. Ignored.
07-03 18:03:11.449  1206  1206 D ContextScopeImpl: in ContextScope.getContextOrDefault for thread=1
07-03 18:03:11.449  1206  1206 D ContextScopeImpl: returning application context for thread=1
07-03 18:03:11.449  1206  1206 D DocListDatabase: openHelper points on new database: DocList.db
07-03 18:03:11.449  1206  1206 D DocListDatabase: in openWriteDatabase
07-03 18:03:11.484  1206  1206 I ActivityThread: Pub com.google.android.apps.docs.doclist.account_suggest: com.google.android.apps.docs.doclist.DocListAccountSuggestionProvider
07-03 18:03:11.492  1206  1206 D ContextScopeImpl: in ContextScope.enter for thread=1
07-03 18:03:11.492  1206  1206 W ContextScopeImpl: thread=1 tried to enter the scope of the application context. Ignored.
07-03 18:03:11.492  1206  1206 I ActivityThread: Pub com.google.android.apps.docs: com.google.android.apps.docs.providers.DocListProvider
07-03 18:03:11.492  1206  1206 D ContextScopeImpl: in ContextScope.enter for thread=1
07-03 18:03:11.492  1206  1206 W ContextScopeImpl: thread=1 tried to enter the scope of the application context. Ignored.
07-03 18:03:11.496  1206  1206 W ContextScopeImpl: thread=1 tried to enter the scope of the application context. Ignored.
07-03 18:03:11.574  1206  1240 W ContextScopeImpl: thread=14943 tried to enter the scope of the application context. Ignored.
07-03 18:03:11.652  1206  1206 W ContextScopeImpl: thread=1 tried to enter the scope of the application context. Ignored.
07-03 18:03:11.667   145   161 I Process : Sending signal. PID: 1221 SIG: 3
07-03 18:03:11.667  1221  1226 I dalvikvm: threadid=3: reacting to signal 3
07-03 18:03:11.675  1221  1226 I dalvikvm: Wrote stack traces to '/data/anr/traces.txt'
07-03 18:03:11.691  1067  1069 D dalvikvm: GC_CONCURRENT freed 312K, 5% free 9828K/10247K, paused 527ms+663ms
07-03 18:03:11.749   145   176 I ActivityManager: Displayed com.android.settings/.Settings: +2s507ms
07-03 18:03:12.195   145   365 I ActivityManager: Start proc com.google.android.apps.uploader for broadcast com.google.android.apps.uploader/.ConnectivityBroadcastReceiver: pid=1246 uid=10030 gids={3003}
07-03 18:03:12.222  1246  1246 I dalvikvm: Turning on JNI app bug workarounds for target SDK version 11...
07-03 18:03:12.328  1246  1246 I ActivityThread: Pub com.google.android.apps.uploader: com.google.android.apps.uploader.UploadsContentProvider
07-03 18:03:12.331  1246  1246 I ActivityThread: Pub com.google.photos.provider.Album: com.google.android.apps.uploader.clients.picasa.AlbumProvider
07-03 18:03:12.335  1246  1246 D MediaUploader: UploaderApplication.onCreate
07-03 18:03:12.425  1246  1246 D MediaUploader: nonWifiLimit=20971520, default=20971520
07-03 18:03:12.437  1246  1246 I MediaUploader: No need to wake up
07-03 18:03:12.796   835   835 D OpenGLRenderer: Flushing caches (mode 0)
07-03 18:03:12.843  1067  1083 D PicasaPhotoCP: set fsid first time:-1
07-03 18:03:13.031 29974 29974 D OpenGLRenderer: Flushing caches (mode 0)
07-03 18:03:13.374   145   147 D dalvikvm: GC_CONCURRENT freed 2138K, 32% free 17504K/25543K, paused 22ms+9ms
07-03 18:03:13.468 29974 29974 D OpenGLRenderer: Flushing caches (mode 2)
07-03 18:03:13.519   835   835 D OpenGLRenderer: Flushing caches (mode 0)
07-03 18:03:13.519   145   162 I ActivityManager: Start proc com.spotify.mobile.android.service for service com.spotify.mobile.android.ui/com.spotify.mobile.android.service.SpotifyService: pid=1264 uid=10055 gids={3003, 1015}
07-03 18:03:13.566   145 21614 I ActivityManager: Process com.google.android.youtube (pid 1140) has died.
07-03 18:03:13.570   145  1121 I ActivityManager: Applications Memory Usage (kB):
07-03 18:03:13.570   145  1121 I ActivityManager: Uptime: 225539495 Realtime: 244159019
07-03 18:03:13.570   145  1121 I ActivityManager: Total PSS by OOM adjustment:
07-03 18:03:13.570   145  1121 I ActivityManager:     27214 kB: System
07-03 18:03:13.570   145  1121 I ActivityManager:                27214 kB: system (pid 145)
07-03 18:03:13.570   145  1121 I ActivityManager:     28579 kB: Persistent
07-03 18:03:13.570   145  1121 I ActivityManager:                12525 kB: com.android.phone (pid 345)
07-03 18:03:13.570   145  1121 I ActivityManager:                12260 kB: com.android.systemui (pid 216)
07-03 18:03:13.570   145  1121 I ActivityManager:                 3794 kB: com.android.nfc (pid 362)
07-03 18:03:13.570   145  1121 I ActivityManager:     37554 kB: Foreground
07-03 18:03:13.570   145  1121 I ActivityManager:                27375 kB: com.android.launcher (pid 29974)
07-03 18:03:13.570   145  1121 I ActivityManager:                10179 kB: com.google.process.gapps (pid 24625)
07-03 18:03:13.570   145  1121 I ActivityManager:     24231 kB: Visible
07-03 18:03:13.570   145  1121 I ActivityManager:                13466 kB: com.google.android.gsf.login (pid 1401)
07-03 18:03:13.570   145  1121 I ActivityManager:                 8125 kB: com.klye.ime.latin (pid 10674)
07-03 18:03:13.570   145  1121 I ActivityManager:                 2640 kB: com.android.smspush (pid 454)
07-03 18:03:13.570   145  1121 I ActivityManager:     46686 kB: Perceptible
07-03 18:03:13.570   145  1121 I ActivityManager:                46686 kB: com.google.android.apps.maps (pid 835)
07-03 18:03:13.570   145  1121 I ActivityManager:     35666 kB: A Services
07-03 18:03:13.570   145  1121 I ActivityManager:                 8530 kB: com.facebook.katana (pid 31834)
07-03 18:03:13.570   145  1121 I ActivityManager:                 7294 kB: com.google.android.apps.maps:LocationFriendService (pid 1104)
07-03 18:03:13.570   145  1121 I ActivityManager:                 7194 kB: com.google.android.apps.maps:NetworkLocationService (pid 29724)
07-03 18:03:13.570   145  1121 I ActivityManager:                 5872 kB: com.google.android.apps.plus (pid 1067)
07-03 18:03:13.570   145  1121 I ActivityManager:                 4146 kB: android.process.media (pid 1084)
07-03 18:03:13.570   145  1121 I ActivityManager:                 2630 kB: edu.buffalo.cse.phonelab.phonelabservices (pid 902)
07-03 18:03:13.570   145  1121 I ActivityManager:     13835 kB: Previous
07-03 18:03:13.570   145  1121 I ActivityManager:                 7568 kB: com.google.android.apps.translate (pid 32365)
07-03 18:03:13.570   145  1121 I ActivityManager:                 6267 kB: com.google.android.tts (pid 32380)
07-03 18:03:13.570   145  1121 I ActivityManager:     17548 kB: B Services
07-03 18:03:13.570   145  1121 I ActivityManager:                 5553 kB: com.whatsapp (pid 677)
07-03 18:03:13.570   145  1121 I ActivityManager:                 5203 kB: com.xabber.androiddev (pid 713)
07-03 18:03:13.570   145  1121 I ActivityManager:                 4556 kB: com.google.android.apps.googlevoice (pid 31312)
07-03 18:03:13.570   145  1121 I ActivityManager:                 2236 kB: com.android.sprintmenu (pid 739)
07-03 18:03:13.570   145  1121 I ActivityManager: 
07-03 18:03:13.570   145  1121 I ActivityManager: Total PSS: 231313 kB
07-03 18:03:13.570   145  1121 I ActivityManager:   PID      Vss      Rss      Pss      Uss  cmdline
07-03 18:03:13.570   145  1121 I ActivityManager:   835   72180K   72148K   46601K   41984K  com.google.android.apps.maps
07-03 18:03:13.570   145  1121 I ActivityManager:   145   47224K   47128K   29231K   26824K  system_server
07-03 18:03:13.570   145  1121 I ActivityManager: 29974   46740K   46692K   25982K   23236K  com.android.launcher
07-03 18:03:13.570   145  1121 I ActivityManager:  1221   42004K   41952K   17971K   14136K  com.android.settings
07-03 18:03:13.570   145  1121 I ActivityManager:    78   29744K   22688K   14337K    6800K  /system/bin/surfaceflinger
07-03 18:03:13.570   145  1121 I ActivityManager:  1401   28336K   28284K   13490K   12904K  com.google.android.gsf.login
07-03 18:03:13.570   145  1121 I ActivityManager:   345   27180K   27108K   12504K   11864K  com.android.phone
07-03 18:03:13.570   145  1121 I ActivityManager:   216   31464K   31408K   11929K    8100K  com.android.systemui
07-03 18:03:13.570   145  1121 I ActivityManager: 24625   27208K   27124K   10021K    9156K  com.google.process.gapps
07-03 18:03:13.570   145  1121 I ActivityManager:  1140   30884K   30828K    9591K    7916K  <unknown>
07-03 18:03:13.570   145  1121 I ActivityManager:  1206   30176K   30108K    9270K    7876K  com.google.android.apps.docs
07-03 18:03:13.570   145  1121 I ActivityManager: 31834   23520K   23456K    8523K    7936K  com.facebook.katana
07-03 18:03:13.570   145  1121 I ActivityManager: 32365   22212K   22164K    7557K    6984K  com.google.android.apps.translate
07-03 18:03:13.570   145  1121 I ActivityManager: 10674   23384K   23316K    7280K    6516K  com.klye.ime.latin
07-03 18:03:13.570   145  1121 I ActivityManager: 29724   23392K   23336K    7181K    6384K  com.google.android.apps.maps:NetworkLocationService
07-03 18:03:13.570   145  1121 I ActivityManager:  1104   27724K   27664K    6428K    4592K  com.google.android.apps.maps:LocationFriendService
07-03 18:03:13.570   145  1121 I ActivityManager: 32380   21544K   21452K    6255K    5640K  com.google.android.tts
07-03 18:03:13.570   145  1121 I ActivityManager:  1067   26396K   26320K    5932K    4620K  com.google.android.apps.plus
07-03 18:03:13.570   145  1121 I ActivityManager:   677   24104K   24044K    5625K    4688K  com.whatsapp
07-03 18:03:13.570   145  1121 I ActivityManager:   713   24356K   24292K    5533K    4568K  com.xabber.androiddev
07-03 18:03:13.570   145  1121 I ActivityManager: 31312   20072K   19972K    4539K    3920K  com.google.android.apps.googlevoice
07-03 18:03:13.570   145  1121 I ActivityManager:  1084   24772K   24708K    4113K    2904K  android.process.media
07-03 18:03:13.570   145  1121 I ActivityManager:  1157   24660K   24588K    4108K    2872K  android.process.acore
07-03 18:03:13.570   145  1121 I ActivityManager:   362   18716K   18624K    3830K    3208K  com.android.nfc
07-03 18:03:13.570   145  1121 I ActivityManager:    81    3220K    3220K    2903K    2860K  /system/bin/mediaserver
07-03 18:03:13.570   145  1121 I ActivityManager:   454   17816K   17704K    2661K    1956K  com.android.smspush
07-03 18:03:13.570   145  1121 I ActivityManager:   902   21764K   21664K    2613K    1564K  edu.buffalo.cse.phonelab.phonelabservices
07-03 18:03:13.570   145  1121 I ActivityManager:   739   20420K   20316K    2254K    1280K  com.android.sprintmenu
07-03 18:03:13.570   145  1121 I ActivityManager:    79   18500K   18372K    1832K    1008K  zygote
07-03 18:03:13.570   145  1121 I ActivityManager:    80    1008K    1008K     879K     876K  /system/bin/drmserver
07-03 18:03:13.570   145  1121 I ActivityManager:  1360     992K     988K     849K     844K  logcat
07-03 18:03:13.570   145  1121 I ActivityManager:    77    1088K    1088K     787K     768K  /system/bin/rild
07-03 18:03:13.570   145  1121 I ActivityManager:  1237     788K     780K     606K     576K  procrank
07-03 18:03:13.570   145  1121 I ActivityManager: 22127     620K     620K     441K     420K  /system/bin/netd
07-03 18:03:13.570   145  1121 I ActivityManager:    88     368K     368K     352K     352K  /sbin/adbd
07-03 18:03:13.570   145  1121 I ActivityManager:    86     492K     488K  
07-03 18:03:13.617   145   156 I ActivityManager: Start proc com.google.android.youtube for broadcast com.google.android.youtube/.app.prefetch.PrefetchService$DeviceStateReceiver: pid=1279 uid=10057 gids={3003, 1015, 1006}
07-03 18:03:13.640   145 22722 I WindowManager: WIN DEATH: Window{41854a50 com.google.android.apps.translate/com.google.android.apps.translate.HomeActivity paused=false}
07-03 18:03:13.640   145 28236 I ActivityManager: Process com.google.android.apps.translate (pid 32365) has died.
07-03 18:03:13.726   835   835 D OpenGLRenderer: Flushing caches (mode 2)
07-03 18:03:13.746 29974 29974 D OpenGLRenderer: Flushing caches (mode 0)
07-03 18:03:13.796  1264  1264 D dalvikvm: Trying to load lib /data/data/com.spotify.mobile.android.ui/lib/liborbit-jni-spotify.so 0x413421f8
07-03 18:03:13.820 32380 32380 I flint   : jni: deleting text normalizer ...
07-03 18:03:13.882 32380 32380 I flint   : jni: deleting synthesizer ...
07-03 18:03:13.894 32380 32380 I flint   : jni: deleting project file ...
07-03 18:03:13.894 32380 32380 I flint   : jni: deleting project resource holder ...
07-03 18:03:13.992  1264  1264 D dalvikvm: Added shared lib /data/data/com.spotify.mobile.android.ui/lib/liborbit-jni-spotify.so 0x413421f8
07-03 18:03:14.031   835   835 D OpenGLRenderer: Flushing caches (mode 0)
07-03 18:03:14.050   835   835 D OpenGLRenderer: Flushing caches (mode 0)
07-03 18:03:14.050   835   835 D OpenGLRenderer: Flushing caches (mode 0)
07-03 18:03:14.050   835   835 W ManagedEGLContext: doTerminate failed: EGL count is 2 but managed count is 1
07-03 18:03:14.339  1279  1281 D dalvikvm: GC_CONCURRENT freed 172K, 3% free 9360K/9607K, paused 11ms+7ms
07-03 18:03:14.460  1279  1279 I ActivityThread: Pub com.google.android.youtube.SuggestionProvider: com.google.android.youtube.core.suggest.SuggestionProvider
07-03 18:03:14.765   677   682 D dalvikvm: GC_CONCURRENT freed 445K, 7% free 9963K/10695K, paused 103ms+17ms
07-03 18:03:14.906   145 22722 I ActivityManager: START {act=android.intent.action.MAIN cmp=com.android.settings/.SubSettings (has extras)} from pid 1221
07-03 18:03:15.402  1067  1103 D PicasaSync: accounts in DB=1
07-03 18:03:15.425  1279  1281 D dalvikvm: GC_CONCURRENT freed 328K, 5% free 9487K/9927K, paused 46ms+2ms
07-03 18:03:15.425  1279  1288 W CursorWrapperInner: Cursor finalized without prior close()
07-03 18:03:15.425  1279  1288 W CursorWrapperInner: Cursor finalized without prior close()
07-03 18:03:15.492  1221  1223 D dalvikvm: GC_CONCURRENT freed 132K, 3% free 9690K/9927K, paused 18ms+8ms
07-03 18:03:15.558  1157  1159 D dalvikvm: GC_CONCURRENT freed 152K, 3% free 9409K/9671K, paused 29ms+3ms
07-03 18:03:15.671  1279  1281 D dalvikvm: GC_CONCURRENT freed 330K, 4% free 9717K/10119K, paused 1ms+4ms
07-03 18:03:15.710   145   161 I Process : Sending signal. PID: 1221 SIG: 3
07-03 18:03:15.710  1221  1226 I dalvikvm: threadid=3: reacting to signal 3
07-03 18:03:15.765  1221  1226 I dalvikvm: Wrote stack traces to '/data/anr/traces.txt'
07-03 18:03:15.796  1279  1281 D dalvikvm: GC_CONCURRENT freed 335K, 4% free 9905K/10311K, paused 2ms+4ms
07-03 18:03:15.964  1279  1281 D dalvikvm: GC_CONCURRENT freed 410K, 5% free 10022K/10503K, paused 2ms+6ms
07-03 18:03:16.015  1067  1103 D PicasaSyncManager: active network: NetworkInfo: type: mobile[CDMA - EvDo rev. A], state: CONNECTED/CONNECTED, reason: (unspecified), extra: , roaming: false, failover: true, isAvailable: true
07-03 18:03:16.023  1067  1103 D PicasaSyncManager: background data: true
07-03 18:03:16.121   145   161 I Process : Sending signal. PID: 1221 SIG: 3
07-03 18:03:16.121  1221  1226 I dalvikvm: threadid=3: reacting to signal 3
07-03 18:03:16.167  1221  1226 I dalvikvm: Wrote stack traces to '/data/anr/traces.txt'
07-03 18:03:16.222  1279  1281 D dalvikvm: GC_CONCURRENT freed 341K, 4% free 10219K/10631K, paused 7ms+8ms
07-03 18:03:16.515   145   161 I Process : Sending signal. PID: 1221 SIG: 3
07-03 18:03:16.519  1221  1226 I dalvikvm: threadid=3: reacting to signal 3
07-03 18:03:16.640  1221  1226 I dalvikvm: Wrote stack traces to '/data/anr/traces.txt'
07-03 18:03:16.687   145   176 I ActivityManager: Displayed com.android.settings/.SubSettings: +1s671ms
07-03 18:03:16.703  1206  1206 W ContextScopeImpl: thread=1 tried to enter the scope of the application context. Ignored.
07-03 18:03:16.785  1221  1221 D OpenGLRenderer: Flushing caches (mode 0)
07-03 18:03:17.062  1279  1281 D dalvikvm: GC_CONCURRENT freed 384K, 5% free 10310K/10823K, paused 3ms+21ms
07-03 18:03:17.253   835   996 D dalvikvm: GC_FOR_ALLOC freed 1470K, 10% free 19423K/21511K, paused 668ms
07-03 18:03:17.492  1067  1103 D PicasaSyncManager: battery info: true
07-03 18:03:17.531   835   996 D dalvikvm: GC_FOR_ALLOC freed 75K, 10% free 19427K/21575K, paused 258ms
07-03 18:03:17.531   835   996 I dalvikvm-heap: Grow heap (frag case) to 19.103MB for 65552-byte allocation
07-03 18:03:17.753   835   948 D dalvikvm: GC_FOR_ALLOC freed 32K, 11% free 19459K/21703K, paused 210ms
07-03 18:03:17.831  1067  1103 D PicasaSyncManager: active network: NetworkInfo: type: mobile[CDMA - EvDo rev. A], state: CONNECTED/CONNECTED, reason: (unspecified), extra: , roaming: false, failover: true, isAvailable: true
07-03 18:03:17.843  1067  1103 D PicasaSyncManager: background data: true
07-03 18:03:17.988   835   996 D dalvikvm: GC_FOR_ALLOC freed <1K, 11% free 19495K/21703K, paused 225ms
07-03 18:03:17.988   835   996 I dalvikvm-heap: Grow heap (frag case) to 19.193MB for 90124-byte allocation
07-03 18:03:18.222   835   948 D dalvikvm: GC_FOR_ALLOC freed 36K, 11% free 19547K/21831K, paused 224ms
07-03 18:03:18.277  1067  1069 D dalvikvm: GC_CONCURRENT freed 202K, 4% free 10055K/10375K, paused 2ms+16ms
07-03 18:03:18.499   835   996 D dalvikvm: GC_FOR_ALLOC freed 152K, 11% free 19439K/21831K, paused 262ms
07-03 18:03:18.800  1067  1069 D dalvikvm: GC_CONCURRENT freed 158K, 3% free 10355K/10631K, paused 2ms+2ms
07-03 18:03:18.984  1067  1069 D dalvikvm: GC_CONCURRENT freed 309K, 5% free 10484K/10951K, paused 2ms+10ms
07-03 18:03:19.023  1067  1097 D dalvikvm: GC_FOR_ALLOC freed 0K, 5% free 10484K/10951K, paused 21ms
07-03 18:03:19.027  1067  1097 I dalvikvm-heap: Grow heap (frag case) to 10.555MB for 260112-byte allocation
07-03 18:03:19.058  1067  1097 D dalvikvm: GC_FOR_ALLOC freed 126K, 6% free 10612K/11207K, paused 21ms
07-03 18:03:19.101  1067  1097 D dalvikvm: GC_FOR_ALLOC freed 311K, 6% free 10605K/11207K, paused 22ms
07-03 18:03:19.156  1067  1097 D dalvikvm: GC_FOR_ALLOC freed 62K, 5% free 10669K/11207K, paused 23ms
07-03 18:03:19.160  1067  1097 I dalvikvm-heap: Grow heap (frag case) to 10.736MB for 260112-byte allocation
07-03 18:03:19.218  1067  1097 D dalvikvm: GC_FOR_ALLOC freed 126K, 6% free 10797K/11463K, paused 32ms
07-03 18:03:19.281  1067  1097 D dalvikvm: GC_FOR_ALLOC freed 307K, 6% free 10788K/11463K, paused 22ms
07-03 18:03:19.312  1067  1097 D dalvikvm: GC_FOR_ALLOC freed 62K, 6% free 10852K/11463K, paused 21ms
07-03 18:03:19.316  1067  1097 I dalvikvm-heap: Grow heap (frag case) to 10.915MB for 260112-byte allocation
07-03 18:03:19.367  1067  1097 D dalvikvm: GC_FOR_ALLOC freed 126K, 7% free 10980K/11719K, paused 22ms
07-03 18:03:19.613  1067  1069 D dalvikvm: GC_CONCURRENT freed 331K, 5% free 11193K/11719K, paused 3ms+2ms
07-03 18:03:19.636  1221  1221 D MediaPlayer: Couldn't open file on client side, trying server side
07-03 18:03:19.652    81   525 E MediaPlayerService: Couldn't open fd for content://settings/system/ringtone
07-03 18:03:19.652  1221  1221 E MediaPlayer: Unable to to create media player
07-03 18:03:19.652  1221  1221 E RingtoneManager: Failed to open ringtone content://settings/system/ringtone
07-03 18:03:19.808  1067  1069 D dalvikvm: GC_CONCURRENT freed 140K, 3% free 11711K/11975K, paused 2ms+3ms
07-03 18:03:19.898  1221  1221 D MediaPlayer: Couldn't open file on client side, trying server side
07-03 18:03:19.902    81 13245 E MediaPlayerService: Couldn't open fd for content://settings/system/ringtone
07-03 18:03:19.902  1221  1221 E MediaPlayer: Unable to to create media player
07-03 18:03:19.902  1221  1221 E RingtoneManager: Failed to open ringtone content://settings/system/ringtone
07-03 18:03:19.906  1221  1221 D MediaPlayer: Couldn't open file on client side, trying server side
07-03 18:03:19.906    81 13245 E MediaPlayerService: Couldn't open fd for content://settings/system/notification_sound
07-03 18:03:19.906  1221  1221 E MediaPlayer: Unable to to create media player
07-03 18:03:19.906  1221  1221 E RingtoneManager: Failed to open ringtone content://settings/system/notification_sound
07-03 18:03:19.933   835   835 D OpenGLRenderer: Flushing caches (mode 2)
07-03 18:03:19.933   835   835 D OpenGLRenderer: Flushing caches (mode 0)
07-03 18:03:19.937   835   835 D OpenGLRenderer: Flushing caches (mode 0)
07-03 18:03:19.949   835   835 D OpenGLRenderer: Flushing caches (mode 0)
07-03 18:03:19.953   835   835 W ManagedEGLContext: doTerminate failed: EGL count is 2 but managed count is 1
07-03 18:03:20.183  1067  1069 D dalvikvm: GC_CONCURRENT freed 333K, 4% free 12204K/12679K, paused 2ms+9ms
07-03 18:03:20.476  1279  1281 D dalvikvm: GC_CONCURRENT freed 359K, 5% free 10399K/10887K, paused 3ms+3ms
07-03 18:03:20.628  1067  1069 D dalvikvm: GC_CONCURRENT freed 434K, 5% free 12776K/13319K, paused 3ms+2ms
07-03 18:03:21.289 24625 24625 I GTalkService/c: [AndroidEndpoint@1094614032] connect: acct=1000000, state=CONNECTING
07-03 18:03:21.292 24625 24625 I GTalkService/c: [GTalkConnection@1094036472] connect: acct=1, state=CONNECTING
07-03 18:03:21.785  1157  1159 D dalvikvm: GC_CONCURRENT freed 280K, 5% free 9578K/9991K, paused 55ms+3ms
07-03 18:03:21.933   145   156 D dalvikvm: GC_EXPLICIT freed 828K, 32% free 17378K/25543K, paused 94ms+9ms
07-03 18:03:22.183  1221  1231 W MediaPlayer-JNI: MediaPlayer finalized without being released
07-03 18:03:22.183  1221  1231 W MediaPlayer-JNI: MediaPlayer finalized without being released
07-03 18:03:22.187  1221  1231 W MediaPlayer-JNI: MediaPlayer finalized without being released
07-03 18:03:22.187  1221  1223 D dalvikvm: GC_CONCURRENT freed 191K, 2% free 10118K/10311K, paused 64ms+4ms
07-03 18:03:22.605  1084  1086 D dalvikvm: GC_CONCURRENT freed 398K, 6% free 9238K/9735K, paused 3ms+2ms
07-03 18:03:22.628  1221  1221 W MediaPlayer: mediaplayer went away with unhandled events
07-03 18:03:22.628  1221  1221 W MediaPlayer: mediaplayer went away with unhandled events
07-03 18:03:22.757  1221  1221 W MediaPlayer: mediaplayer went away with unhandled events
07-03 18:03:22.757  1221  1221 W MediaPlayer: mediaplayer went away with unhandled events
07-03 18:03:23.210    81   129 D AudioHardware: AudioHardware pcm playback is exiting standby.
07-03 18:03:23.210    81   129 D AudioHardware: openPcmOut_l() mPcmOpenCnt: 0
07-03 18:03:23.539   835   835 D OpenGLRenderer: Flushing caches (mode 2)
07-03 18:03:23.542   835   835 D OpenGLRenderer: Flushing caches (mode 0)
07-03 18:03:23.542   835   835 D OpenGLRenderer: Flushing caches (mode 0)
07-03 18:03:23.542   835   835 D OpenGLRenderer: Flushing caches (mode 0)
07-03 18:03:23.542   835   835 W ManagedEGLContext: doTerminate failed: EGL count is 2 but managed count is 1
07-03 18:03:24.343 24625 24628 D dalvikvm: GC_CONCURRENT freed 336K, 7% free 10067K/10759K, paused 22ms+4ms
07-03 18:03:27.863   145   202 D ConnectivityService: handleInetConditionHoldEnd: net=0, condition=100, published condition=0
07-03 18:03:27.941   145 22722 W InputManagerService: Window already focused, ignoring focus gain of: com.android.internal.view.IInputMethodClient$Stub$Proxy@417e4868
07-03 18:03:28.781   145   181 I ActivityManager: START {act=android.intent.action.MAIN cat=[android.intent.category.HOME] flg=0x10200000 cmp=com.android.launcher/com.android.launcher2.Launcher} from pid 145
07-03 18:03:29.039   145   181 I ActivityManager: START {act=android.intent.action.MAIN cat=[android.intent.category.HOME] flg=0x10200000 cmp=com.android.launcher/com.android.launcher2.Launcher} from pid 145
07-03 18:03:29.078  1221  1221 D OpenGLRenderer: Flushing caches (mode 1)
07-03 18:03:29.218  1221  1221 D OpenGLRenderer: Flushing caches (mode 0)
07-03 18:03:29.269   145   181 I ActivityManager: START {act=android.intent.action.MAIN cat=[android.intent.category.HOME] flg=0x10200000 cmp=com.android.launcher/com.android.launcher2.Launcher} from pid 145
07-03 18:03:29.324   145   145 W InputManagerService: Starting input on non-focused client com.android.internal.view.IInputMethodClient$Stub$Proxy@4185b500 (uid=1000 pid=1221)
07-03 18:03:29.402   145   162 I ActivityManager: Start proc com.google.android.talk for broadcast com.google.android.talk/.ConnectionStateOnlineReceiver: pid=1376 uid=10045 gids={3003, 1015, 1006, 3002}
07-03 18:03:29.468    79    79 D dalvikvm: GC_EXPLICIT freed 38K, 4% free 9031K/9347K, paused 3ms+9ms
07-03 18:03:29.554   145   181 I ActivityManager: START {act=android.intent.action.MAIN cat=[android.intent.category.HOME] flg=0x10200000 cmp=com.android.launcher/com.android.launcher2.Launcher} from pid 145
07-03 18:03:29.570    79    79 D dalvikvm: GC_EXPLICIT freed <1K, 4% free 9031K/9347K, paused 4ms+18ms
07-03 18:03:29.656    79    79 D dalvikvm: GC_EXPLICIT freed <1K, 4% free 9031K/9347K, paused 1ms+5ms
07-03 18:03:29.769   145   181 I ActivityManager: START {act=android.intent.action.MAIN cat=[android.intent.category.HOME] flg=0x10200000 cmp=com.android.launcher/com.android.launcher2.Launcher} from pid 145
07-03 18:03:29.972  1376  1376 I ActivityThread: Pub com.google.android.talk.SuggestionProvider: com.google.android.talk.SuggestionsProvider
07-03 18:03:30.136   145  9966 I ActivityManager: Process com.google.android.apps.maps:LocationFriendService (pid 1104) has died.
07-03 18:03:30.214  1376  1376 D vclib:CallStateClient: startListening
07-03 18:03:30.234  1376  1377 D dalvikvm: GC_CONCURRENT freed 151K, 3% free 9338K/9607K, paused 31ms+3ms
07-03 18:03:30.382   835   835 D OpenGLRenderer: Flushing caches (mode 2)
07-03 18:03:30.382   835   835 D OpenGLRenderer: Flushing caches (mode 0)
07-03 18:03:30.382   835   835 D OpenGLRenderer: Flushing caches (mode 0)
07-03 18:03:30.382   835   835 D OpenGLRenderer: Flushing caches (mode 0)
07-03 18:03:30.382   835   835 W ManagedEGLContext: doTerminate failed: EGL count is 2 but managed count is 1
07-03 18:03:30.527 24625 24636 D dalvikvm: GC_EXPLICIT freed 299K, 7% free 10105K/10759K, paused 16ms+9ms
07-03 18:03:30.921    81   129 D AudioHardware: AudioHardware pcm playback is going to standby.
07-03 18:03:30.921    81   129 D AudioHardware: closePcmOut_l() mPcmOpenCnt: 1
07-03 18:03:35.281 24625 24628 D dalvikvm: GC_CONCURRENT freed 316K, 6% free 10178K/10759K, paused 2ms+4ms
07-03 18:03:35.718  1157  1159 D dalvikvm: GC_CONCURRENT freed 475K, 7% free 9511K/10119K, paused 6ms+3ms
07-03 18:03:35.742 29974 29975 D dalvikvm: GC_CONCURRENT freed 832K, 16% free 11790K/13895K, paused 7ms+2ms
07-03 18:03:35.792   145 21614 I ActivityManager: START {act=android.intent.action.MAIN cat=[android.intent.category.LAUNCHER] flg=0x10200000 cmp=com.google.android.apps.maps/com.google.android.maps.driveabout.app.DestinationActivity bnds=[240,405][360,555]} from pid 29974
07-03 18:03:35.953 24625 24642 D androidNetworkLocationListeners: Still have listener com.google.android.location.internal.client.NetworkLocationClient$1@41394000
07-03 18:03:35.960 24625 24642 D androidNetworkLocationListeners: Still have listener com.google.android.location.internal.client.NetworkLocationClient$1@41394000
07-03 18:03:35.992 29974 29974 D OpenGLRenderer: Flushing caches (mode 1)
07-03 18:03:35.996 24625 24650 D WifiLocator: Too many no-location APs. Will not compute a location nor go to the server. hasLocation=0 noLocation=0 cacheMiss=0
07-03 18:03:35.999 24625 24650 D CellLocator: Primary cell miss in cache. Need server request.
07-03 18:03:36.015 24625 24644 I System.out: [INFO:7287794]: LogSource: Running flush
07-03 18:03:36.027   835   835 D ViewPager: gravity: 48 hgrav: 0 vgrav: 48
07-03 18:03:36.031   835   835 D ViewPager: gravity: 48 hgrav: 0 vgrav: 48
07-03 18:03:36.066 24625 24646 I System.out: [INFO:7287843]: LogSource: Sending payload [bytes=383]
07-03 18:03:36.187   145   329 I ActivityManager: Process com.google.android.apps.uploader (pid 1246) has died.
07-03 18:03:36.347   145   161 I Process : Sending signal. PID: 835 SIG: 3
07-03 18:03:36.347   835   840 I dalvikvm: threadid=3: reacting to signal 3
07-03 18:03:36.624   835   840 I dalvikvm: Wrote stack traces to '/data/anr/traces.txt'
07-03 18:03:36.738   835   835 D ViewPager: gravity: 48 hgrav: 0 vgrav: 48
07-03 18:03:36.738   835   835 D ViewPager: gravity: 48 hgrav: 0 vgrav: 48
07-03 18:03:36.871   835   835 D ViewPager: gravity: 48 hgrav: 0 vgrav: 48
07-03 18:03:36.874   835   835 D ViewPager: gravity: 48 hgrav: 0 vgrav: 48
07-03 18:03:36.902 10674 10676 D dalvikvm: GC_CONCURRENT freed 1195K, 22% free 10008K/12743K, paused 1ms+3ms
07-03 18:03:36.925 10674 10674 D dalvikvm: GC_FOR_ALLOC freed 2K, 22% free 10005K/12743K, paused 22ms
07-03 18:03:36.925 10674 10674 I dalvikvm-heap: Grow heap (frag case) to 10.545MB for 739216-byte allocation
07-03 18:03:36.956 10674 10674 D dalvikvm: GC_FOR_ALLOC freed 0K, 16% free 10727K/12743K, paused 31ms
07-03 18:03:36.988   216   218 D dalvikvm: GC_CONCURRENT freed 450K, 31% free 9965K/14343K, paused 19ms+34ms
07-03 18:03:37.242   835   835 D ViewPager: gravity: 48 hgrav: 0 vgrav: 48
07-03 18:03:37.242   835   835 D ViewPager: gravity: 48 hgrav: 0 vgrav: 48
07-03 18:03:37.265 29974 29974 D OpenGLRenderer: Flushing caches (mode 0)
07-03 18:03:37.265   835   835 D ViewPager: gravity: 48 hgrav: 0 vgrav: 48
07-03 18:03:37.265   835   835 D ViewPager: gravity: 48 hgrav: 0 vgrav: 48
07-03 18:03:37.339   216   218 D dalvikvm: GC_CONCURRENT freed 488K, 31% free 9974K/14343K, paused 2ms+6ms
07-03 18:03:37.390   145   156 I ActivityManager: Process com.google.android.tts (pid 32380) has died.
07-03 18:03:37.714  1221  1221 D OpenGLRenderer: Flushing caches (mode 2)
07-03 18:03:37.722 29974 29974 D OpenGLRenderer: Flushing caches (mode 1)
07-03 18:03:37.730  1221  1221 D OpenGLRenderer: Flushing caches (mode 0)
07-03 18:03:37.734  1221  1221 D OpenGLRenderer: Flushing caches (mode 0)
07-03 18:03:38.144 24625 24646 I System.out: [INFO:7289923]: LogSource: Response [http=200,length=88]
07-03 18:03:38.148 24625 24644 I System.out: [INFO:7289925]: LogSource: Read id 5, status code 200
07-03 18:03:38.148 24625 24650 D WifiLocator: Too many no-location APs. Will not compute a location nor go to the server. hasLocation=0 noLocation=0 cacheMiss=0
07-03 18:03:38.339   145   333 I ActivityManager: Start proc com.google.android.apps.maps:LocationFriendService for service com.google.android.apps.maps/com.google.googlenav.friend.reporting.LocationReceiverService: pid=1421 uid=10056 gids={3003, 1015}
07-03 18:03:38.507   145  4009 D dalvikvm: GC_EXPLICIT freed 1136K, 32% free 17422K/25543K, paused 113ms+9ms
07-03 18:03:38.511   835   835 D ViewPager: gravity: 48 hgrav: 0 vgrav: 48
07-03 18:03:38.511   835   835 D ViewPager: gravity: 48 hgrav: 0 vgrav: 48
07-03 18:03:38.679  1421  1423 D dalvikvm: GC_CONCURRENT freed 153K, 3% free 9382K/9607K, paused 9ms+2ms
07-03 18:03:40.128   145   156 I ActivityManager: Process com.google.android.youtube (pid 1279) has died.
07-03 18:03:40.886 29974 29974 D OpenGLRenderer: Flushing caches (mode 2)
07-03 18:03:40.898 29974 29974 D OpenGLRenderer: Flushing caches (mode 0)
07-03 18:03:41.828  1157  1159 D dalvikvm: GC_CONCURRENT freed 358K, 6% free 9538K/10119K, paused 18ms+4ms
07-03 18:03:43.769   835   839 D dalvikvm: GC_CONCURRENT freed 1658K, 10% free 19713K/21831K, paused 6ms+11ms
