07-02 05:01:21.600 29313 29313 D dalvikvm: GC_EXPLICIT freed 295K, 4% free 10625K/11015K, paused 18ms+3ms
07-02 05:01:26.654  3921  3921 D dalvikvm: GC_EXPLICIT freed 87K, 6% free 10494K/11143K, paused 26ms+3ms
07-02 05:01:39.432 28908 28921 I PhoneLab-: Service Running
07-02 05:01:39.521 28908 28921 I PhoneLab-LoggerService: app_37    1360  1     1436   1000  c00f181c 400107b4 S logcat
07-02 05:01:39.521 28908 28921 I PhoneLab-LoggerService: Logcat pid from database 1360
07-02 05:01:39.521 28908 28921 I PhoneLab-LoggerService: Logcat process found 1360
07-02 05:01:39.525 28908 28921 I PhoneLab-LoggerService: Checking Threshold
07-02 05:01:39.525 28908 28921 I PhoneLab-LoggerService: Starting to rename files
07-02 05:01:39.525 28908 28921 I PhoneLab-LoggerService: Files found .. 2
07-02 05:01:39.525 28908 28921 I PhoneLab-LoggerService: File 1 log.out.1
07-02 05:01:39.529 28908 28921 I PhoneLab-LoggerService: Renamed successfully
07-02 05:01:55.299 28342 28345 D dalvikvm: GC_CONCURRENT freed 495K, 6% free 10419K/11015K, paused 1ms+4ms
07-02 05:01:55.408   145   310 D dalvikvm: GC_EXPLICIT freed 381K, 27% free 17288K/23367K, paused 3ms+7ms
07-02 05:01:55.435 29835 29842 I dalvikvm: Total arena pages for JIT: 18
07-02 05:01:55.517 29835 29838 D dalvikvm: GC_CONCURRENT freed 456K, 6% free 9948K/10503K, paused 2ms+2ms
07-02 05:02:55.709   216   218 D dalvikvm: GC_CONCURRENT freed 207K, 29% free 10184K/14343K, paused 8ms+5ms
07-02 05:02:55.795   216   218 D dalvikvm: GC_CONCURRENT freed 518K, 30% free 10156K/14343K, paused 2ms+3ms
07-02 05:02:56.537   145   396 I ActivityManager: Process com.google.android.apps.maps:LocationFriendService (pid 29835) has died.
07-02 05:03:00.365   145   333 I ActivityManager: Start proc com.google.android.apps.maps:LocationFriendService for service com.google.android.apps.maps/com.google.googlenav.friend.reporting.LocationReceiverService: pid=29900 uid=10056 gids={3003, 1015}
07-02 05:03:00.482 29900 29903 D dalvikvm: GC_CONCURRENT freed 153K, 3% free 9382K/9607K, paused 2ms+2ms
07-02 05:03:00.631   216   218 D dalvikvm: GC_CONCURRENT freed 398K, 30% free 10180K/14343K, paused 2ms+2ms
07-02 05:03:00.682   216   218 D dalvikvm: GC_CONCURRENT freed 604K, 31% free 9998K/14343K, paused 1ms+3ms
07-02 05:03:00.717 29900 29903 D dalvikvm: GC_CONCURRENT freed 129K, 3% free 9674K/9927K, paused 2ms+20ms
07-02 05:03:00.986 29900 29903 D dalvikvm: GC_CONCURRENT freed 337K, 4% free 9901K/10311K, paused 2ms+17ms
07-02 05:03:03.760   145   200 D DhcpInfoInternal: makeLinkProperties with empty dns2!
07-02 05:03:03.764   145   200 D DhcpInfoInternal: makeLinkProperties with empty dns2!
07-02 05:03:39.432 28908 28921 I PhoneLab-: Service Running
07-02 05:03:39.517 28908 28921 I PhoneLab-LoggerService: app_37    1360  1     1436   1000  c00f181c 400107b4 S logcat
07-02 05:03:39.517 28908 28921 I PhoneLab-LoggerService: Logcat pid from database 1360
07-02 05:03:39.517 28908 28921 I PhoneLab-LoggerService: Logcat process found 1360
07-02 05:03:39.517 28908 28921 I PhoneLab-LoggerService: Checking Threshold
07-02 05:03:39.517 28908 28921 I PhoneLab-LoggerService: Starting to rename files
07-02 05:03:39.517 28908 28921 I PhoneLab-LoggerService: Files found .. 2
07-02 05:03:54.076 23141 23141 W GeckoBatteryManager: When charging, level should increase!
07-02 05:03:55.408 28342 28345 D dalvikvm: GC_CONCURRENT freed 509K, 6% free 10421K/11015K, paused 2ms+2ms
07-02 05:03:55.443 29900 29907 I dalvikvm: Total arena pages for JIT: 11
07-02 05:03:55.443 29900 29907 I dalvikvm: Total arena pages for JIT: 12
07-02 05:03:55.443 29900 29907 I dalvikvm: Total arena pages for JIT: 13
07-02 05:03:55.447 29900 29907 I dalvikvm: Total arena pages for JIT: 14
07-02 05:03:55.447 29900 29907 I dalvikvm: Total arena pages for JIT: 15
07-02 05:03:55.447 29900 29907 I dalvikvm: Total arena pages for JIT: 16
07-02 05:03:55.447 29900 29907 I dalvikvm: Total arena pages for JIT: 17
07-02 05:03:55.525 29900 29907 I dalvikvm: Total arena pages for JIT: 18
07-02 05:03:55.557 29900 29903 D dalvikvm: GC_CONCURRENT freed 449K, 6% free 9976K/10503K, paused 2ms+2ms
07-02 05:04:37.717   145   175 I ActivityManager: Start proc com.twitter.android for service com.twitter.android/.client.AppService: pid=29944 uid=10064 gids={3003, 1015}
07-02 05:04:37.725 29944 29944 I dalvikvm: Turning on JNI app bug workarounds for target SDK version 11...
07-02 05:04:37.826 29944 29944 I ActivityThread: Pub com.twitter.android.provider.GlobalDatabaseProvider: com.twitter.android.provider.GlobalDatabaseProvider
07-02 05:04:37.834 29944 29944 I ActivityThread: Pub com.twitter.android.provider.TwitterProvider: com.twitter.android.provider.TwitterProvider
07-02 05:04:37.971   145   157 I ActivityManager: Process com.google.android.apps.maps:NetworkLocationService (pid 28342) has died.
07-02 05:04:37.971   145   157 W ActivityManager: Scheduling restart of crashed service com.google.android.apps.maps/com.google.android.location.internal.server.NetworkLocationService in 5000ms
07-02 05:04:38.025 29944 29945 D dalvikvm: GC_CONCURRENT freed 204K, 4% free 9272K/9607K, paused 2ms+2ms
07-02 05:04:38.213 29944 29945 D dalvikvm: GC_CONCURRENT freed 172K, 4% free 9499K/9799K, paused 1ms+2ms
07-02 05:04:38.346 29944 29945 D dalvikvm: GC_CONCURRENT freed 310K, 5% free 9633K/10055K, paused 2ms+1ms
07-02 05:04:38.463 29944 29945 D dalvikvm: GC_CONCURRENT freed 304K, 5% free 9762K/10183K, paused 1ms+2ms
07-02 05:04:38.580 29944 29945 D dalvikvm: GC_CONCURRENT freed 304K, 5% free 9893K/10311K, paused 2ms+3ms
07-02 05:04:38.701 29944 29945 D dalvikvm: GC_CONCURRENT freed 298K, 5% free 10019K/10439K, paused 1ms+1ms
07-02 05:04:38.814 29944 29945 D dalvikvm: GC_CONCURRENT freed 295K, 4% free 10148K/10567K, paused 1ms+2ms
07-02 05:04:38.928 29944 29945 D dalvikvm: GC_CONCURRENT freed 294K, 4% free 10273K/10695K, paused 1ms+2ms
07-02 05:04:39.096 29944 29945 D dalvikvm: GC_CONCURRENT freed 483K, 6% free 10219K/10823K, paused 2ms+2ms
07-02 05:04:39.213 29944 29945 D dalvikvm: GC_CONCURRENT freed 341K, 5% free 10298K/10823K, paused 1ms+1ms
07-02 05:04:39.350 29944 29945 D dalvikvm: GC_CONCURRENT freed 323K, 5% free 10387K/10823K, paused 6ms+3ms
07-02 05:04:39.478 29944 29945 D dalvikvm: GC_CONCURRENT freed 372K, 5% free 10475K/10951K, paused 2ms+2ms
07-02 05:04:39.592 29944 29945 D dalvikvm: GC_CONCURRENT freed 339K, 5% free 10555K/11015K, paused 2ms+2ms
07-02 05:04:39.713 29944 29945 D dalvikvm: GC_CONCURRENT freed 323K, 5% free 10636K/11079K, paused 1ms+2ms
07-02 05:04:39.838 29944 29945 D dalvikvm: GC_CONCURRENT freed 370K, 5% free 10724K/11207K, paused 1ms+2ms
07-02 05:04:39.959 29944 29945 D dalvikvm: GC_CONCURRENT freed 395K, 5% free 10817K/11335K, paused 1ms+2ms
07-02 05:04:40.779 29944 29945 D dalvikvm: GC_CONCURRENT freed 343K, 4% free 11010K/11463K, paused 2ms+2ms
07-02 05:04:42.752 29944 29945 D dalvikvm: GC_CONCURRENT freed 456K, 5% free 11138K/11719K, paused 4ms+2ms
07-02 05:04:43.037   145   162 I ActivityManager: Start proc com.google.android.apps.maps:NetworkLocationService for service com.google.android.apps.maps/com.google.android.location.internal.server.NetworkLocationService: pid=29965 uid=10056 gids={3003, 1015}
07-02 05:04:43.060   145   156 I ActivityManager: Process com.android.sprintmenu (pid 28423) has died.
07-02 05:04:43.060   145   156 W ActivityManager: Scheduling restart of crashed service com.android.sprintmenu/.HiddenPhoneService in 5000ms
07-02 05:04:43.178 29965 29968 D dalvikvm: GC_CONCURRENT freed 158K, 3% free 9377K/9607K, paused 2ms+2ms
07-02 05:04:43.557 29965 29968 D dalvikvm: GC_CONCURRENT freed 154K, 3% free 9676K/9927K, paused 3ms+2ms
07-02 05:04:43.596   145   365 I ActivityManager: Process com.chess (pid 29879) has died.
07-02 05:04:43.920 29965 29968 D dalvikvm: GC_CONCURRENT freed 168K, 3% free 10071K/10311K, paused 2ms+3ms
07-02 05:04:44.088 29965 29968 D dalvikvm: GC_CONCURRENT freed 670K, 8% free 9887K/10695K, paused 2ms+2ms
07-02 05:04:44.182   145   162 I ActivityManager: Start proc com.google.android.apps.maps:FriendService for broadcast com.google.android.apps.maps/com.google.googlenav.friend.android.ServiceReceiver: pid=29986 uid=10056 gids={3003, 1015}
07-02 05:04:44.314 29986 29988 D dalvikvm: GC_CONCURRENT freed 161K, 3% free 9375K/9607K, paused 2ms+2ms
07-02 05:04:44.443 29986 29988 D dalvikvm: GC_CONCURRENT freed 175K, 3% free 9668K/9927K, paused 1ms+2ms
07-02 05:04:44.568 29965 29972 I dalvikvm: Total arena pages for JIT: 11
07-02 05:04:44.572 29965 29972 I dalvikvm: Total arena pages for JIT: 12
07-02 05:04:44.572 29965 29972 I dalvikvm: Total arena pages for JIT: 13
07-02 05:04:44.572 29965 29972 I dalvikvm: Total arena pages for JIT: 14
07-02 05:04:44.580 29965 29972 I dalvikvm: Total arena pages for JIT: 15
07-02 05:04:44.580 29965 29972 I dalvikvm: Total arena pages for JIT: 16
07-02 05:04:44.580 29965 29972 I dalvikvm: Total arena pages for JIT: 17
07-02 05:04:44.658 29965 29972 I dalvikvm: Total arena pages for JIT: 18
07-02 05:04:44.674   145 28236 I ActivityManager: Process com.twitter.android (pid 29944) has died.
07-02 05:04:44.838 29965 29968 D dalvikvm: GC_CONCURRENT freed 199K, 5% free 10166K/10695K, paused 1ms+2ms
07-02 05:04:45.232 29965 29968 D dalvikvm: GC_CONCURRENT freed 410K, 6% free 10212K/10759K, paused 2ms+3ms
07-02 05:04:46.420 29900 29903 D dalvikvm: GC_CONCURRENT freed 438K, 6% free 10039K/10567K, paused 2ms+3ms
07-02 05:04:48.135   145   162 I ActivityManager: Start proc com.android.sprintmenu for service com.android.sprintmenu/.HiddenPhoneService: pid=30001 uid=1001 gids={3002, 3001, 3003, 1015}
07-02 05:05:28.635   145   200 D DhcpInfoInternal: makeLinkProperties with empty dns2!
07-02 05:05:28.635   145   200 D DhcpInfoInternal: makeLinkProperties with empty dns2!
07-02 05:05:39.435 28908 28921 I PhoneLab-: Service Running
07-02 05:05:39.517 28908 28921 I PhoneLab-LoggerService: app_37    1360  1     1436   1000  c00f181c 400107b4 S logcat
07-02 05:05:39.517 28908 28921 I PhoneLab-LoggerService: Logcat pid from database 1360
07-02 05:05:39.517 28908 28921 I PhoneLab-LoggerService: Logcat process found 1360
07-02 05:05:39.517 28908 28921 I PhoneLab-LoggerService: Checking Threshold
07-02 05:05:39.517 28908 28921 I PhoneLab-LoggerService: Starting to rename files
07-02 05:05:39.517 28908 28921 I PhoneLab-LoggerService: Files found .. 2
07-02 05:05:46.646 29965 29968 D dalvikvm: GC_CONCURRENT freed 526K, 6% free 10223K/10823K, paused 2ms+7ms
07-02 05:06:00.088   216   218 D dalvikvm: GC_CONCURRENT freed 418K, 31% free 9967K/14343K, paused 1ms+2ms
07-02 05:06:01.158 30038 30038 D dalvikvm: Late-enabling CheckJNI
07-02 05:06:01.158   145   162 I ActivityManager: Start proc com.chess for broadcast com.chess/.backend.AlarmReceiver: pid=30038 uid=10079 gids={3003, 1015}
07-02 05:06:01.303 30038 30040 D dalvikvm: GC_CONCURRENT freed 162K, 3% free 9373K/9607K, paused 1ms+2ms
07-02 05:06:01.389 30038 30052 D GetStringObjTask: retrieving from url = http://www.chess.com/api/get_move_status?id=y3ICtufzg6w7rQqcD3KFujVaIanpYba4bIpaeKElV1LNz3Sz4Fk9Yh5CeWaj8h4bQ2RY0CxFVgA%2ByBE5DE%2B1cAuw4i%2Bp2GVj5RbuDPEUotReGbS25iAukuBsuUd%2Fl5dp
07-02 05:06:01.435   145  4009 I ActivityManager: Process com.google.android.apps.maps:FriendService (pid 29986) has died.
07-02 05:06:01.846 30038 30052 D GetStringObjTask: WebRequest SERVER RESPONSE: Success+0
07-02 05:06:46.814   216   218 D dalvikvm: GC_CONCURRENT freed 383K, 31% free 10011K/14343K, paused 2ms+3ms
07-02 05:06:46.865   216   218 D dalvikvm: GC_CONCURRENT freed 458K, 31% free 10006K/14343K, paused 2ms+2ms
07-02 05:06:46.924 29900 29903 D dalvikvm: GC_CONCURRENT freed 536K, 7% free 9981K/10631K, paused 2ms+2ms
07-02 05:06:46.963   216   218 D dalvikvm: GC_CONCURRENT freed 424K, 31% free 10030K/14343K, paused 2ms+5ms
07-02 05:06:51.947   145 21614 D dalvikvm: GC_EXPLICIT freed 1571K, 26% free 17361K/23367K, paused 7ms+9ms
07-02 05:06:52.080   216   218 D dalvikvm: GC_CONCURRENT freed 439K, 31% free 10001K/14343K, paused 2ms+2ms
07-02 05:06:52.131   216   218 D dalvikvm: GC_CONCURRENT freed 456K, 31% free 9998K/14343K, paused 2ms+5ms
07-02 05:06:52.170 29900 29903 D dalvikvm: GC_CONCURRENT freed 433K, 6% free 10006K/10631K, paused 12ms+7ms
07-02 05:06:52.236   216   218 D dalvikvm: GC_CONCURRENT freed 424K, 31% free 10036K/14343K, paused 4ms+3ms
07-02 05:07:14.103 29965 29968 D dalvikvm: GC_CONCURRENT freed 391K, 5% free 10314K/10823K, paused 2ms+13ms
07-02 05:07:28.158   145  1149 I ActivityManager: Process com.google.android.apps.maps:LocationFriendService (pid 29900) has died.
07-02 05:07:39.432 28908 28921 I PhoneLab-: Service Running
07-02 05:07:39.502 28908 28921 I PhoneLab-LoggerService: app_37    1360  1     1436   1000  c00f181c 400107b4 S logcat
07-02 05:07:39.502 28908 28921 I PhoneLab-LoggerService: Logcat pid from database 1360
07-02 05:07:39.502 28908 28921 I PhoneLab-LoggerService: Logcat process found 1360
07-02 05:07:39.502 28908 28921 I PhoneLab-LoggerService: Checking Threshold
07-02 05:07:39.502 28908 28921 I PhoneLab-LoggerService: Starting to rename files
07-02 05:07:39.502 28908 28921 I PhoneLab-LoggerService: Files found .. 2
07-02 05:07:46.760 29965 29968 D dalvikvm: GC_CONCURRENT freed 479K, 6% free 10400K/10951K, paused 2ms+2ms
07-02 05:07:46.779   145  9966 I ActivityManager: Start proc com.google.android.apps.maps:LocationFriendService for service com.google.android.apps.maps/com.google.googlenav.friend.reporting.LocationReceiverService: pid=30065 uid=10056 gids={3003, 1015}
07-02 05:07:46.896 30065 30068 D dalvikvm: GC_CONCURRENT freed 168K, 3% free 9367K/9607K, paused 2ms+2ms
07-02 05:07:47.025 30065 30068 D dalvikvm: GC_CONCURRENT freed 166K, 3% free 9684K/9927K, paused 2ms+3ms
07-02 05:07:47.346 30065 30068 D dalvikvm: GC_CONCURRENT freed 317K, 4% free 9920K/10311K, paused 2ms+3ms
07-02 05:07:53.525   145   200 D DhcpInfoInternal: makeLinkProperties with empty dns2!
07-02 05:07:53.529   145   200 D DhcpInfoInternal: makeLinkProperties with empty dns2!
07-02 05:08:46.850 30065 30072 I dalvikvm: Total arena pages for JIT: 11
07-02 05:08:46.850 30065 30072 I dalvikvm: Total arena pages for JIT: 12
07-02 05:08:46.850 30065 30072 I dalvikvm: Total arena pages for JIT: 13
07-02 05:08:46.850 30065 30072 I dalvikvm: Total arena pages for JIT: 14
07-02 05:08:46.850 30065 30072 I dalvikvm: Total arena pages for JIT: 15
07-02 05:08:46.850 30065 30072 I dalvikvm: Total arena pages for JIT: 16
07-02 05:08:46.850 30065 30072 I dalvikvm: Total arena pages for JIT: 17
07-02 05:08:46.920 30065 30068 D dalvikvm: GC_CONCURRENT freed 396K, 5% free 10001K/10503K, paused 1ms+2ms
07-02 05:09:21.017  3921  4048 I EventLogService: Aggregate from 1341218360855 (log), 1341218360855 (data)
07-02 05:09:39.432 28908 28921 I PhoneLab-: Service Running
07-02 05:09:39.553 28908 28921 I PhoneLab-LoggerService: app_37    1360  1     1436   1000  c00f181c 400107b4 S logcat
07-02 05:09:39.553 28908 28921 I PhoneLab-LoggerService: Logcat pid from database 1360
07-02 05:09:39.553 28908 28921 I PhoneLab-LoggerService: Logcat process found 1360
07-02 05:09:39.553 28908 28921 I PhoneLab-LoggerService: Checking Threshold
07-02 05:09:39.553 28908 28921 I PhoneLab-LoggerService: Starting to rename files
07-02 05:09:39.553 28908 28921 I PhoneLab-LoggerService: Files found .. 2
07-02 05:09:42.697   145   175 I ActivityManager: Start proc com.twitter.android for service com.twitter.android/.client.AppService: pid=30109 uid=10064 gids={3003, 1015}
07-02 05:09:42.705 30109 30109 I dalvikvm: Turning on JNI app bug workarounds for target SDK version 11...
07-02 05:09:42.728   145   396 I ActivityManager: Process com.google.android.apps.googlevoice (pid 28701) has died.
07-02 05:09:42.728   145   396 W ActivityManager: Scheduling restart of crashed service com.google.android.apps.googlevoice/.CallLogService in 5000ms
07-02 05:09:42.728   145   396 W ActivityManager: Scheduling restart of crashed service com.google.android.apps.googlevoice/.UpdateService in 15000ms
07-02 05:09:42.830 30109 30109 I ActivityThread: Pub com.twitter.android.provider.GlobalDatabaseProvider: com.twitter.android.provider.GlobalDatabaseProvider
07-02 05:09:42.838 30109 30109 I ActivityThread: Pub com.twitter.android.provider.TwitterProvider: com.twitter.android.provider.TwitterProvider
07-02 05:09:43.045 30109 30111 D dalvikvm: GC_CONCURRENT freed 215K, 4% free 9265K/9607K, paused 74ms+2ms
07-02 05:09:43.279 30109 30111 D dalvikvm: GC_CONCURRENT freed 173K, 4% free 9495K/9799K, paused 2ms+2ms
07-02 05:09:43.420 30109 30111 D dalvikvm: GC_CONCURRENT freed 304K, 5% free 9627K/10055K, paused 1ms+2ms
07-02 05:09:43.541 30109 30111 D dalvikvm: GC_CONCURRENT freed 299K, 5% free 9759K/10183K, paused 1ms+2ms
07-02 05:09:43.670 30109 30111 D dalvikvm: GC_CONCURRENT freed 315K, 5% free 9887K/10311K, paused 1ms+2ms
07-02 05:09:43.787 30109 30111 D dalvikvm: GC_CONCURRENT freed 310K, 5% free 10020K/10439K, paused 2ms+1ms
07-02 05:09:43.904 30109 30111 D dalvikvm: GC_CONCURRENT freed 291K, 4% free 10166K/10567K, paused 1ms+4ms
07-02 05:09:44.017 30109 30111 D dalvikvm: GC_CONCURRENT freed 309K, 4% free 10280K/10695K, paused 1ms+2ms
07-02 05:09:44.185 30109 30111 D dalvikvm: GC_CONCURRENT freed 478K, 6% free 10223K/10823K, paused 2ms+2ms
07-02 05:09:44.310 30109 30111 D dalvikvm: GC_CONCURRENT freed 330K, 5% free 10298K/10823K, paused 1ms+2ms
07-02 05:09:44.443 30109 30111 D dalvikvm: GC_CONCURRENT freed 317K, 5% free 10386K/10823K, paused 2ms+2ms
07-02 05:09:44.560 30109 30111 D dalvikvm: GC_CONCURRENT freed 373K, 5% free 10474K/10951K, paused 2ms+2ms
07-02 05:09:44.678 30109 30111 D dalvikvm: GC_CONCURRENT freed 352K, 5% free 10558K/11015K, paused 2ms+2ms
07-02 05:09:44.807 30109 30111 D dalvikvm: GC_CONCURRENT freed 327K, 4% free 10638K/11079K, paused 2ms+2ms
07-02 05:09:44.943 30109 30111 D dalvikvm: GC_CONCURRENT freed 372K, 5% free 10727K/11207K, paused 2ms+2ms
07-02 05:09:45.068 30109 30111 D dalvikvm: GC_CONCURRENT freed 407K, 5% free 10823K/11335K, paused 2ms+2ms
07-02 05:09:46.084 30109 30111 D dalvikvm: GC_CONCURRENT freed 333K, 4% free 11006K/11463K, paused 2ms+2ms
07-02 05:09:46.822 29965 29968 D dalvikvm: GC_CONCURRENT freed 541K, 6% free 10397K/11015K, paused 1ms+2ms
07-02 05:09:46.865   145   396 I ActivityManager: Process com.chess (pid 30038) has died.
07-02 05:09:47.475 30065 30072 I dalvikvm: Total arena pages for JIT: 18
07-02 05:09:47.752   145   162 I ActivityManager: Start proc com.google.android.apps.googlevoice for service com.google.android.apps.googlevoice/.CallLogService: pid=30132 uid=10054 gids={3003, 1015}
07-02 05:09:48.103 30132 30135 D dalvikvm: GC_CONCURRENT freed 249K, 4% free 9287K/9607K, paused 11ms+2ms
07-02 05:09:48.271   145  1149 I ActivityManager: Start proc android.process.acore for content provider com.android.providers.contacts/.VoicemailContentProvider: pid=30148 uid=10000 gids={3003, 1015}
07-02 05:09:48.400 30148 30148 I ActivityThread: Pub call_log: com.android.providers.contacts.CallLogProvider
07-02 05:09:48.443 30148 30148 I ActivityThread: Pub com.android.voicemail: com.android.providers.contacts.VoicemailContentProvider
07-02 05:09:48.443 30148 30148 I ActivityThread: Pub user_dictionary: com.android.providers.userdictionary.UserDictionaryProvider
07-02 05:09:48.455 30148 30148 I ActivityThread: Pub com.android.social: com.android.providers.contacts.SocialProvider
07-02 05:09:48.455 30148 30148 I ActivityThread: Pub applications: com.android.providers.applications.ApplicationsProvider
07-02 05:09:48.564 30148 30150 D dalvikvm: GC_CONCURRENT freed 345K, 5% free 9150K/9607K, paused 3ms+6ms
07-02 05:09:48.611   145   396 I ActivityManager: Process com.google.android.apps.maps:LocationFriendService (pid 30065) has died.
07-02 05:09:48.623 30148 30148 I ActivityThread: Pub contacts;com.android.contacts: com.android.providers.contacts.ContactsProvider2
07-02 05:09:49.240   145 30130 I ActivityManager: Applications Memory Usage (kB):
07-02 05:09:49.240   145 30130 I ActivityManager: Uptime: 100562920 Realtime: 111376479
07-02 05:09:49.240   145 30130 I ActivityManager: Total PSS by OOM adjustment:
07-02 05:09:49.240   145 30130 I ActivityManager:     29721 kB: System
07-02 05:09:49.240   145 30130 I ActivityManager:                29721 kB: system (pid 145)
07-02 05:09:49.240   145 30130 I ActivityManager:     28829 kB: Persistent
07-02 05:09:49.240   145 30130 I ActivityManager:                12496 kB: com.android.phone (pid 345)
07-02 05:09:49.240   145 30130 I ActivityManager:                12378 kB: com.android.systemui (pid 216)
07-02 05:09:49.240   145 30130 I ActivityManager:                 3955 kB: com.android.nfc (pid 362)
07-02 05:09:49.240   145 30130 I ActivityManager:     30367 kB: Foreground
07-02 05:09:49.240   145 30130 I ActivityManager:                30367 kB: com.android.launcher (pid 375)
07-02 05:09:49.240   145 30130 I ActivityManager:     17121 kB: Visible
07-02 05:09:49.240   145 30130 I ActivityManager:                 9546 kB: com.twitter.android (pid 30109)
07-02 05:09:49.240   145 30130 I ActivityManager:                 4702 kB: com.google.android.gsf.login (pid 1401)
07-02 05:09:49.240   145 30130 I ActivityManager:                 2873 kB: com.android.smspush (pid 454)
07-02 05:09:49.240   145 30130 I ActivityManager:      5699 kB: Perceptible
07-02 05:09:49.240   145 30130 I ActivityManager:                 5699 kB: com.klye.ime.latin (pid 10674)
07-02 05:09:49.240   145 30130 I ActivityManager:     38673 kB: A Services
07-02 05:09:49.240   145 30130 I ActivityManager:                11985 kB: com.google.process.gapps (pid 3921)
07-02 05:09:49.240   145 30130 I ActivityManager:                 9542 kB: com.facebook.katana (pid 29313)
07-02 05:09:49.240   145 30130 I ActivityManager:                 9350 kB: com.google.android.apps.maps:NetworkLocationService (pid 29965)
07-02 05:09:49.240   145 30130 I ActivityManager:                 7796 kB: com.google.android.apps.maps:LocationFriendService (pid 30065)
07-02 05:09:49.240   145 30130 I ActivityManager:     77124 kB: Previous
07-02 05:09:49.240   145 30130 I ActivityManager:                77124 kB: org.mozilla.firefox_beta (pid 23141)
07-02 05:09:49.240   145 30130 I ActivityManager:     25201 kB: B Services
07-02 05:09:49.240   145 30130 I ActivityManager:                 6437 kB: com.whatsapp (pid 29472)
07-02 05:09:49.240   145 30130 I ActivityManager:                 6311 kB: com.google.android.apps.maps (pid 10087)
07-02 05:09:49.240   145 30130 I ActivityManager:                 5840 kB: com.xabber.androiddev (pid 29061)
07-02 05:09:49.240   145 30130 I ActivityManager:                 3675 kB: edu.buffalo.cse.phonelab.phonelabservices (pid 28908)
07-02 05:09:49.240   145 30130 I ActivityManager:                 2938 kB: com.android.sprintmenu (pid 30001)
07-02 05:09:49.240   145 30130 I ActivityManager: 
07-02 05:09:49.240   145 30130 I ActivityManager: Total PSS: 252735 kB
07-02 05:09:49.240   145 30130 I ActivityManager:   PID      Vss      Rss      Pss      Uss  cmdline
07-02 05:09:49.240   145 30130 I ActivityManager: 23141   95296K   94800K   77157K   76044K  org.mozilla.firefox_beta
07-02 05:09:49.240   145 30130 I ActivityManager:   375   50128K   50044K   30432K   27772K  com.android.launcher
07-02 05:09:49.240   145 30130 I ActivityManager:   145   48260K   48196K   29663K   26836K  system_server
07-02 05:09:49.240   145 30130 I ActivityManager:    78   26576K   19520K   12740K    6828K  /system/bin/surfaceflinger
07-02 05:09:49.240   145 30130 I ActivityManager:   345   28460K   28380K   12505K   11616K  com.android.phone
07-02 05:09:49.240   145 30130 I ActivityManager:   216   32572K   32516K   12354K    8128K  com.android.systemui
07-02 05:09:49.240   145 30130 I ActivityManager:  3921   28952K   28868K   11953K   10924K  com.google.process.gapps
07-02 05:09:49.240   145 30130 I ActivityManager: 29965   31036K   30976K   10153K    7920K  com.google.android.apps.maps:NetworkLocationService
07-02 05:09:49.240   145 30130 I ActivityManager: 30109   30532K   30468K    9510K    7448K  com.twitter.android
07-02 05:09:49.240   145 30130 I ActivityManager: 29313   30660K   30564K    9480K    7608K  com.facebook.katana
07-02 05:09:49.240   145 30130 I ActivityManager: 29472   27224K   27124K    6401K    4792K  com.whatsapp
07-02 05:09:49.240   145 30130 I ActivityManager: 10087   23336K   23240K    6378K    5408K  com.google.android.apps.maps
07-02 05:09:49.240   145 30130 I ActivityManager: 30132   25704K   25636K    5957K    4540K  com.google.android.apps.googlevoice
07-02 05:09:49.240   145 30130 I ActivityManager: 29061   26032K   25936K    5819K    4404K  com.xabber.androiddev
07-02 05:09:49.240   145 30130 I ActivityManager: 10674   21856K   21756K    5700K    4828K  com.klye.ime.latin
07-02 05:09:49.240   145 30130 I ActivityManager: 30148   26084K   26012K    5641K    4060K  android.process.acore
07-02 05:09:49.240   145 30130 I ActivityManager:  1401   21480K   21380K    4699K    3752K  com.google.android.gsf.login
07-02 05:09:49.240   145 30130 I ActivityManager:   362   19872K   19780K    4000K    3156K  com.android.nfc
07-02 05:09:49.240   145 30130 I ActivityManager: 28908   23152K   23052K    3637K    2340K  edu.buffalo.cse.phonelab.phonelabservices
07-02 05:09:49.240   145 30130 I ActivityManager: 30001   21984K   21880K    2896K    1516K  com.android.sprintmenu
07-02 05:09:49.240   145 30130 I ActivityManager:   454   19128K   19016K    2871K    1912K  com.android.smspush
07-02 05:09:49.240   145 30130 I ActivityManager:    81    2644K    2644K    2217K    2180K  /system/bin/mediaserver
07-02 05:09:49.240   145 30130 I ActivityManager:    79   18976K   18848K    2050K     956K  zygote
07-02 05:09:49.240   145 30130 I ActivityManager:    80    1184K    1184K     882K     872K  /system/bin/drmserver
07-02 05:09:49.240   145 30130 I ActivityManager:  1360    1000K     996K     848K     844K  logcat
07-02 05:09:49.240   145 30130 I ActivityManager:    77    1068K    1068K     738K     720K  /system/bin/rild
07-02 05:09:49.240   145 30130 I ActivityManager: 30147     800K     792K     667K     664K  procrank
07-02 05:09:49.240   145 30130 I ActivityManager:   306     804K     800K     534K     516K  /system/bin/wpa_supplicant
07-02 05:09:49.240   145 30130 I ActivityManager: 23821     588K     584K     382K     364K  /system/bin/netd
07-02 05:09:49.240   145 30130 I ActivityManager:    86     520K     516K     306K     296K  /system/vendor/bin/gpsd
07-02 05:09:49.240   145 30130 I ActivityManager:    72     452K     448K     292K     284K  /system/bin/vold
07-02 05:09:49.240   145 30130 I ActivityManager:   303     432K     432K     280K     276K  /system/bin/bluetoothd
07-02 05:09:49.240   145 30130 I ActivityManager:    88     244K     244K     228K     228K  /sbin/adbd
07-02 05:09:49.240   145 30130 I ActivityManager: 27052     352K     348K     196K     192K  /system/bin/dhcpcd
07-02 05:09:49.240   145 30130 I ActivityManager:    85     260K     252K     162K     160K  /system/bin/keystore
07-02 05:09:49.240   145 30130 I ActivityManager:    82     280K     272K     143K     140K  /system/bin/dbus-daemon
07-02 05:09:49.240   145 30130 I ActivityManager:     1     204K     204K     142K     104K  /init
07-02 05:09:49.240   145 30130 I ActivityManager:    61     160K     160K     122K      84K  /sbin/ueventd
07-02 05:09:49.240   145 30130 I ActivityManager:    87     212K     208K     106K     104K  /system/bin/sh
07-02 05:09:49.240   145 30130 I ActivityManager:    83     244K     236K      99K     
07-02 05:09:49.314 30148 30150 D dalvikvm: GC_CONCURRENT freed 207K, 4% free 9330K/9671K, paused 1ms+2ms
07-02 05:09:50.170 30148 30150 D dalvikvm: GC_CONCURRENT freed 173K, 3% free 9602K/9863K, paused 2ms+4ms
07-02 05:09:50.471 30109 30111 D dalvikvm: GC_CONCURRENT freed 379K, 5% free 11227K/11719K, paused 2ms+2ms
07-02 05:09:55.162   362   362 D dalvikvm: GC_EXPLICIT freed <1K, 6% free 9102K/9607K, paused 16ms+2ms
07-02 05:09:58.557   145 22722 D CountryDetector: The first listener is added
07-02 05:09:58.584 30132 30135 D dalvikvm: GC_CONCURRENT freed 355K, 5% free 9426K/9863K, paused 2ms+2ms
07-02 05:09:58.584 30132 30141 W CursorWrapperInner: Cursor finalized without prior close()
07-02 05:09:58.584 30132 30141 W CursorWrapperInner: Cursor finalized without prior close()
07-02 05:09:58.584 30132 30141 W CursorWrapperInner: Cursor finalized without prior close()
07-02 05:09:58.795 30148 30150 D dalvikvm: GC_CONCURRENT freed 539K, 7% free 9625K/10247K, paused 9ms+8ms
07-02 05:09:58.916 30132 30135 D dalvikvm: GC_CONCURRENT freed 360K, 5% free 9567K/9991K, paused 2ms+18ms
07-02 05:09:59.350 30148 30150 D dalvikvm: GC_CONCURRENT freed 339K, 5% free 9798K/10247K, paused 2ms+4ms
07-02 05:09:59.521   145   365 D dalvikvm: GC_EXPLICIT freed 1885K, 26% free 17326K/23367K, paused 3ms+7ms
07-02 05:09:59.584 30132 30135 D dalvikvm: GC_CONCURRENT freed 257K, 4% free 9777K/10183K, paused 1ms+2ms
07-02 05:09:59.635 30148 30163 D dalvikvm: GC_EXPLICIT freed 236K, 6% free 9697K/10247K, paused 6ms+3ms
07-02 05:10:05.295   375   375 D dalvikvm: GC_EXPLICIT freed 122K, 22% free 11541K/14791K, paused 18ms+5ms
07-02 05:10:10.334   145   161 D dalvikvm: GC_EXPLICIT freed 96K, 27% free 17259K/23367K, paused 23ms+7ms
07-02 05:10:18.443   145   200 D DhcpInfoInternal: makeLinkProperties with empty dns2!
07-02 05:10:18.443   145   200 D DhcpInfoInternal: makeLinkProperties with empty dns2!
07-02 05:10:26.557   216   216 D dalvikvm: GC_EXPLICIT freed 108K, 31% free 9967K/14343K, paused 16ms+3ms
07-02 05:10:31.572  1401  1401 D dalvikvm: GC_EXPLICIT freed <1K, 5% free 9465K/9927K, paused 14ms+3ms
07-02 05:10:36.623   345   345 D dalvikvm: GC_EXPLICIT freed 27K, 13% free 12185K/13895K, paused 18ms+4ms
07-02 05:10:41.568   454   454 D dalvikvm: GC_EXPLICIT freed <1K, 4% free 9037K/9347K, paused 13ms+2ms
07-02 05:10:46.920   145 28236 I ActivityManager: Start proc com.google.android.apps.maps:LocationFriendService for service com.google.android.apps.maps/com.google.googlenav.friend.reporting.LocationReceiverService: pid=30195 uid=10056 gids={3003, 1015}
07-02 05:10:46.963    79    79 D dalvikvm: GC_EXPLICIT freed 38K, 4% free 9031K/9347K, paused 3ms+2ms
07-02 05:10:47.014    79    79 D dalvikvm: GC_EXPLICIT freed <1K, 4% free 9031K/9347K, paused 2ms+1ms
07-02 05:10:47.072    79    79 D dalvikvm: GC_EXPLICIT freed <1K, 4% free 9031K/9347K, paused 1ms+6ms
07-02 05:10:47.080   145  1150 I ActivityManager: Process com.twitter.android (pid 30109) has died.
07-02 05:10:47.139 30195 30196 D dalvikvm: GC_CONCURRENT freed 178K, 3% free 9357K/9607K, paused 20ms+3ms
07-02 05:10:47.553 30195 30196 D dalvikvm: GC_CONCURRENT freed 134K, 3% free 9669K/9927K, paused 10ms+7ms
07-02 05:10:48.174 30195 30196 D dalvikvm: GC_CONCURRENT freed 268K, 4% free 9882K/10247K, paused 2ms+2ms
07-02 05:10:48.225 30195 30199 I dalvikvm: Total arena pages for JIT: 11
07-02 05:10:48.228 30195 30199 I dalvikvm: Total arena pages for JIT: 12
07-02 05:10:48.228 30195 30199 I dalvikvm: Total arena pages for JIT: 13
07-02 05:10:48.232 30195 30199 I dalvikvm: Total arena pages for JIT: 14
07-02 05:10:48.232 30195 30199 I dalvikvm: Total arena pages for JIT: 15
07-02 05:10:48.232 30195 30199 I dalvikvm: Total arena pages for JIT: 16
07-02 05:10:48.236 30195 30199 I dalvikvm: Total arena pages for JIT: 17
07-02 05:10:48.314   145   396 I ActivityManager: Process android.process.acore (pid 30148) has died.
07-02 05:10:48.318   145   348 D CountryDetector: No listener is left
07-02 05:10:53.428   362   362 D dalvikvm: GC_EXPLICIT freed <1K, 6% free 9102K/9607K, paused 15ms+3ms
07-02 05:10:58.439   375   375 D dalvikvm: GC_EXPLICIT freed 32K, 22% free 11541K/14791K, paused 16ms+4ms
07-02 05:11:01.162 30218 30218 D dalvikvm: Late-enabling CheckJNI
07-02 05:11:01.162   145   162 I ActivityManager: Start proc com.chess for broadcast com.chess/.backend.AlarmReceiver: pid=30218 uid=10079 gids={3003, 1015}
07-02 05:11:01.322 30218 30220 D dalvikvm: GC_CONCURRENT freed 152K, 3% free 9384K/9607K, paused 2ms+2ms
07-02 05:11:01.416 30218 30232 D GetStringObjTask: retrieving from url = http://www.chess.com/api/get_move_status?id=y3ICtufzg6w7rQqcD3KFujVaIanpYba4bIpaeKElV1LNz3Sz4Fk9Yh5CeWaj8h4bQ2RY0CxFVgA%2ByBE5DE%2B1cAuw4i%2Bp2GVj5RbuDPEUotReGbS25iAukuBsuUd%2Fl5dp
07-02 05:11:01.889 30218 30232 D GetStringObjTask: WebRequest SERVER RESPONSE: Success+0
07-02 05:11:06.549   145   161 D dalvikvm: GC_EXPLICIT freed 402K, 27% free 17265K/23367K, paused 26ms+6ms
07-02 05:11:11.514   216   216 D dalvikvm: GC_EXPLICIT freed 11K, 31% free 9960K/14343K, paused 43ms+3ms
07-02 05:11:16.584  1401  1401 D dalvikvm: GC_EXPLICIT freed <1K, 5% free 9465K/9927K, paused 14ms+3ms
07-02 05:11:21.596   345   345 D dalvikvm: GC_EXPLICIT freed 2K, 13% free 12185K/13895K, paused 18ms+3ms
07-02 05:11:26.580   454   454 D dalvikvm: GC_EXPLICIT freed <1K, 4% free 9037K/9347K, paused 13ms+2ms
07-02 05:11:31.592 10674 10674 D dalvikvm: GC_EXPLICIT freed <1K, 18% free 10015K/12167K, paused 16ms+2ms
07-02 05:11:36.603 10087 10087 D dalvikvm: GC_EXPLICIT freed <1K, 4% free 10910K/11335K, paused 16ms+2ms
07-02 05:11:39.435 28908 28921 I PhoneLab-: Service Running
07-02 05:11:39.529 28908 28921 I PhoneLab-LoggerService: app_37    1360  1     1436   996   c00f181c 400107b4 S logcat
07-02 05:11:39.529 28908 28921 I PhoneLab-LoggerService: Logcat pid from database 1360
07-02 05:11:39.529 28908 28921 I PhoneLab-LoggerService: Logcat process found 1360
07-02 05:11:39.529 28908 28921 I PhoneLab-LoggerService: Checking Threshold
07-02 05:11:39.533 28908 28921 I PhoneLab-LoggerService: Starting to rename files
07-02 05:11:39.533 28908 28921 I PhoneLab-LoggerService: Files found .. 2
07-02 05:11:41.541 23141 23141 E GeckoApp: low memory
07-02 05:11:41.650 23141 23141 D dalvikvm: GC_EXPLICIT freed 18K, 21% free 10629K/13447K, paused 17ms+4ms
07-02 05:11:46.955 29965 29968 D dalvikvm: GC_CONCURRENT freed 504K, 6% free 10405K/11015K, paused 2ms+3ms
07-02 05:11:47.049 30195 30199 I dalvikvm: Total arena pages for JIT: 18
07-02 05:11:47.088 30195 30196 D dalvikvm: GC_CONCURRENT freed 453K, 6% free 9961K/10503K, paused 2ms+3ms
07-02 05:11:51.939 29061 29061 D dalvikvm: GC_EXPLICIT freed 68K, 4% free 10275K/10695K, paused 15ms+2ms
07-02 05:11:56.943 29472 29472 D dalvikvm: GC_EXPLICIT freed 81K, 7% free 9868K/10503K, paused 17ms+2ms
07-02 05:12:06.607 28908 28908 D dalvikvm: GC_EXPLICIT freed 310K, 5% free 9068K/9479K, paused 14ms+2ms
07-02 05:12:11.611 29965 29965 D dalvikvm: GC_EXPLICIT freed 88K, 6% free 10381K/11015K, paused 17ms+2ms
07-02 05:12:16.611 30001 30001 D dalvikvm: GC_EXPLICIT freed 60K, 4% free 9056K/9347K, paused 22ms+1ms
07-02 05:12:21.764 29313 29313 D dalvikvm: GC_EXPLICIT freed 287K, 4% free 10656K/11079K, paused 30ms+3ms
07-02 05:12:26.693  3921  3921 D dalvikvm: GC_EXPLICIT freed 288K, 6% free 10565K/11143K, paused 26ms+4ms
07-02 05:12:31.635 30132 30132 D dalvikvm: GC_EXPLICIT freed 87K, 5% free 9744K/10247K, paused 16ms+2ms
07-02 05:12:43.342   145   200 D DhcpInfoInternal: makeLinkProperties with empty dns2!
07-02 05:12:43.346   145   200 D DhcpInfoInternal: makeLinkProperties with empty dns2!
07-02 05:12:47.084 30195 30196 D dalvikvm: GC_CONCURRENT freed 475K, 6% free 9960K/10567K, paused 2ms+2ms
07-02 05:13:30.502   145   175 I ActivityManager: Start proc com.google.android.gm for service com.google.android.gm/.provider.MailIndexerService: pid=30257 uid=10075 gids={3003, 1015}
07-02 05:13:30.537   145   175 I ActivityManager: Start proc com.google.android.apps.plus for service com.google.android.apps.plus/.service.EsService: pid=30270 uid=10060 gids={3003, 3002, 1015, 1006}
07-02 05:13:30.576   145   329 I ActivityManager: Process com.google.android.apps.maps:LocationFriendService (pid 30195) has died.
07-02 05:13:30.803 30257 30257 I ActivityThread: Pub gmail-ls: com.google.android.gm.provider.MailProvider
07-02 05:13:30.834 30257 30257 I ActivityThread: Pub com.google.android.gm: com.google.android.gm.provider.PublicContentProvider
07-02 05:13:30.846 30257 30257 I ActivityThread: Pub com.google.android.gmail.SuggestionProvider: com.google.android.gm.SuggestionsProvider
07-02 05:13:30.924 30270 30273 D dalvikvm: GC_CONCURRENT freed 154K, 3% free 9381K/9607K, paused 1ms+2ms
07-02 05:13:31.123 30270 30270 I ActivityThread: Pub com.google.android.apps.plus.content.ApiProvider: com.google.android.apps.plus.content.EsApiProvider
07-02 05:13:31.146 30270 30270 I ActivityThread: Pub com.google.android.apps.plus.content.EsGooglePhotoProvider: com.google.android.picasasync.PicasaContentProvider
07-02 05:13:31.256 30270 30273 D dalvikvm: GC_CONCURRENT freed 335K, 5% free 9581K/9991K, paused 6ms+2ms
07-02 05:13:31.291 30270 30270 I ActivityThread: Pub com.google.android.apps.plus.content.EsPicasaStoreProvider: com.google.android.picasastore.PicasaPhotoContentProvider
07-02 05:13:31.310 30270 30270 I ActivityThread: Pub com.google.plus.platform: com.google.android.apps.plus.content.AdsProvider
07-02 05:13:31.310 30270 30270 I ActivityThread: Pub com.google.android.apps.plus.iu.EsGoogleIuProvider: com.google.android.apps.plus.iu.InstantUploadProvider
07-02 05:13:31.400 30270 30273 D dalvikvm: GC_CONCURRENT freed 500K, 6% free 9608K/10183K, paused 2ms+2ms
07-02 05:13:31.404 30270 30270 I ActivityThread: Pub com.google.android.apps.plus.content.EsProvider: com.google.android.apps.plus.content.EsProvider
07-02 05:13:31.639   145 21614 I ActivityManager: Start proc android.process.media for content provider com.android.providers.media/.MediaProvider: pid=30293 uid=10012 gids={1015, 1023, 1024, 2001, 3003, 3007}
07-02 05:13:31.752 30293 30293 I ActivityThread: Pub downloads: com.android.providers.downloads.DownloadProvider
07-02 05:13:31.791 30293 30293 I ActivityThread: Pub drm: com.android.providers.drm.DrmProvider
07-02 05:13:31.791 30293 30308 I DownloadManager: in removeSpuriousFiles
07-02 05:13:31.807 30293 30293 I ActivityThread: Pub media: com.android.providers.media.MediaProvider
07-02 05:13:31.822 30293 30308 I DownloadManager: in removeSpuriousFiles, preserving file /data/data/com.android.providers.downloads/cache/metadata.json
07-02 05:13:31.822 30293 30308 I DownloadManager: in removeSpuriousFiles, preserving file /data/data/com.android.providers.downloads/cache/en_general.htm
07-02 05:13:31.822 30293 30308 I DownloadManager: in removeSpuriousFiles, preserving file /mnt/sdcard/Download/img-thing.jpeg
07-02 05:13:31.822 30293 30308 I DownloadManager: in removeSpuriousFiles, preserving file /data/data/com.android.providers.downloads/cache/metadata-1.json
07-02 05:13:31.822 30293 30308 I DownloadManager: in removeSpuriousFiles, preserving file /data/data/com.android.providers.downloads/cache/downloadfile.jpeg
07-02 05:13:31.822 30293 30308 I DownloadManager: in removeSpuriousFiles, preserving file /data/data/com.android.providers.downloads/cache/metadata-2.json
07-02 05:13:31.822 30293 30308 I DownloadManager: in removeSpuriousFiles, preserving file /data/data/com.android.providers.downloads/cache/metadata-3.json
07-02 05:13:31.826 30293 30308 I DownloadManager: deleting spurious file /cache/backup
07-02 05:13:32.166 30293 30295 D dalvikvm: GC_CONCURRENT freed 370K, 5% free 9166K/9607K, paused 2ms+4ms
07-02 05:13:32.435 30270 30273 D dalvikvm: GC_CONCURRENT freed 250K, 4% free 9921K/10247K, paused 11ms+90ms
07-02 05:13:33.041 30270 30289 D PicasaPhotoCP: set fsid first time:-1
07-02 05:13:33.139 30270 30273 D dalvikvm: GC_CONCURRENT freed 165K, 3% free 10312K/10567K, paused 2ms+3ms
07-02 05:13:33.232 30270 30273 D dalvikvm: GC_CONCURRENT freed 315K, 5% free 10457K/10951K, paused 2ms+8ms
07-02 05:13:33.252 30270 30292 D dalvikvm: GC_FOR_ALLOC freed <1K, 5% free 10456K/10951K, paused 20ms
07-02 05:13:33.252 30270 30292 I dalvikvm-heap: Grow heap (frag case) to 10.528MB for 260112-byte allocation
07-02 05:13:33.283 30270 30292 D dalvikvm: GC_FOR_ALLOC freed 126K, 6% free 10584K/11207K, paused 18ms
07-02 05:13:33.365 30270 30292 D dalvikvm: GC_FOR_ALLOC freed 311K, 6% free 10577K/11207K, paused 28ms
07-02 05:13:33.408 30270 30292 D dalvikvm: GC_FOR_ALLOC freed 62K, 6% free 10641K/11207K, paused 40ms
07-02 05:13:33.408 30270 30292 I dalvikvm-heap: Grow heap (frag case) to 10.708MB for 260112-byte allocation
07-02 05:13:33.416 30257 30258 D dalvikvm: GC_CONCURRENT freed 206K, 4% free 9270K/9607K, paused 2ms+6ms
07-02 05:13:33.439 30270 30292 D dalvikvm: GC_FOR_ALLOC freed 126K, 7% free 10769K/11463K, paused 27ms
07-02 05:13:33.467 30270 30292 D dalvikvm: GC_FOR_ALLOC freed 307K, 7% free 10760K/11463K, paused 20ms
07-02 05:13:33.490 30270 30292 D dalvikvm: GC_FOR_ALLOC freed 62K, 6% free 10824K/11463K, paused 20ms
07-02 05:13:33.494 30270 30292 I dalvikvm-heap: Grow heap (frag case) to 10.887MB for 260112-byte allocation
07-02 05:13:33.517 30270 30292 D dalvikvm: GC_FOR_ALLOC freed 126K, 7% free 10952K/11719K, paused 21ms
07-02 05:13:33.674 30270 30273 D dalvikvm: GC_CONCURRENT freed 353K, 5% free 11242K/11719K, paused 2ms+3ms
07-02 05:13:33.846 30270 30273 D dalvikvm: GC_CONCURRENT freed 168K, 3% free 11853K/12103K, paused 2ms+3ms
07-02 05:13:33.932   145 28236 I ActivityManager: Process com.chess (pid 30218) has died.
07-02 05:13:34.049 30257 30307 I Gmail   : calculateUnknownSyncRationalesAndPurgeInBackground: queueing
07-02 05:13:34.068 30257 30307 I Gmail   : calculateUnknownSyncRationalesAndPurgeInBackground: queueing
07-02 05:13:34.127 30270 30273 D dalvikvm: GC_CONCURRENT freed 568K, 5% free 12232K/12871K, paused 2ms+4ms
07-02 05:13:34.193 30257 30307 I Gmail   : calculateUnknownSyncRationalesAndPurgeInBackground: running
07-02 05:13:34.213 30257 30307 I Gmail   : calculateUnknownSyncRationalesAndPurgeInBackground: running
07-02 05:13:34.260 30257 30258 D dalvikvm: GC_CONCURRENT freed 253K, 4% free 9412K/9799K, paused 2ms+1ms
07-02 05:13:34.350 30270 30273 D dalvikvm: GC_CONCURRENT freed 246K, 3% free 13066K/13383K, paused 2ms+3ms
07-02 05:13:34.443 30270 30292 I SqliteDatabaseCpp: sqlite returned: error code = 1, msg = no such column: wipeout_stats, db=/data/data/com.google.android.apps.plus/databases/es0.db
07-02 05:13:34.447 30270 30292 W System.err: android.database.sqlite.SQLiteException: no such column: wipeout_stats: , while compiling: SELECT wipeout_stats  FROM account_status
07-02 05:13:34.459 30270 30292 W System.err: 	at android.database.sqlite.SQLiteCompiledSql.native_compile(Native Method)
07-02 05:13:34.459 30270 30292 W System.err: 	at android.database.sqlite.SQLiteCompiledSql.<init>(SQLiteCompiledSql.java:68)
07-02 05:13:34.459 30270 30292 W System.err: 	at android.database.sqlite.SQLiteProgram.compileSql(SQLiteProgram.java:143)
07-02 05:13:34.459 30270 30292 W System.err: 	at android.database.sqlite.SQLiteProgram.compileAndbindAllArgs(SQLiteProgram.java:361)
07-02 05:13:34.459 30270 30292 W System.err: 	at android.database.sqlite.SQLiteStatement.acquireAndLock(SQLiteStatement.java:260)
07-02 05:13:34.459 30270 30292 W System.err: 	at android.database.sqlite.SQLiteStatement.simpleQueryForLong(SQLiteStatement.java:137)
07-02 05:13:34.459 30270 30292 W System.err: 	at android.database.DatabaseUtils.longForQuery(DatabaseUtils.java:791)
07-02 05:13:34.459 30270 30292 W System.err: 	at android.database.DatabaseUtils.longForQuery(DatabaseUtils.java:779)
07-02 05:13:34.459 30270 30292 W System.err: 	at com.google.android.apps.plus.content.EsAccountsData.isContactsStatsWipeoutNeeded(EsAccountsData.java:641)
07-02 05:13:34.463 30270 30292 W System.err: 	at com.google.android.apps.plus.service.EsService.processIntent(EsService.java:4246)
07-02 05:13:34.463 30270 30292 W System.err: 	at com.google.android.apps.plus.service.ServiceThread$1.run(ServiceThread.java:50)
07-02 05:13:34.463 30270 30292 W System.err: 	at android.os.Handler.handleCallback(Handler.java:605)
07-02 05:13:34.463 30270 30292 W System.err: 	at android.os.Handler.dispatchMessage(Handler.java:92)
07-02 05:13:34.463 30270 30292 W System.err: 	at android.os.Looper.loop(Looper.java:137)
07-02 05:13:34.463 30270 30292 W System.err: 	at com.google.android.apps.plus.service.ServiceThread.run(ServiceThread.java:122)
07-02 05:13:34.525   145  1150 I ActivityManager: Process com.google.android.gm (pid 30257) has died.
07-02 05:13:39.435 28908 28921 I PhoneLab-: Service Running
07-02 05:13:39.545 28908 28921 I PhoneLab-LoggerService: app_37    1360  1     1436   996   c00f181c 400107b4 S logcat
07-02 05:13:39.545 28908 28921 I PhoneLab-LoggerService: Logcat pid from database 1360
07-02 05:13:39.545 28908 28921 I PhoneLab-LoggerService: Logcat process found 1360
07-02 05:13:39.549 28908 28921 I PhoneLab-LoggerService: Checking Threshold
07-02 05:13:39.549 28908 28921 I PhoneLab-LoggerService: Starting to rename files
07-02 05:13:39.549 28908 28921 I PhoneLab-LoggerService: Files found .. 2
07-02 05:13:39.588   362   362 D dalvikvm: GC_EXPLICIT freed <1K, 6% free 9102K/9607K, paused 2ms+3ms
07-02 05:13:44.670   375   375 D dalvikvm: GC_EXPLICIT freed 42K, 22% free 11541K/14791K, paused 16ms+5ms
07-02 05:13:47.060 29965 29968 D dalvikvm: GC_CONCURRENT freed 491K, 6% free 10401K/11015K, paused 2ms+2ms
07-02 05:13:47.115   145  1149 I ActivityManager: Start proc com.google.android.apps.maps:LocationFriendService for service com.google.android.apps.maps/com.google.googlenav.friend.reporting.LocationReceiverService: pid=30320 uid=10056 gids={3003, 1015}
07-02 05:13:47.139   145  4009 I ActivityManager: Process edu.buffalo.cse.phonelab.phonelabservices (pid 28908) has died.
07-02 05:13:47.139   145  4009 W ActivityManager: Scheduling restart of crashed service edu.buffalo.cse.phonelab.phonelabservices/edu.buffalo.cse.phonelab.datalogger.LoggerService in 5000ms
07-02 05:13:47.283 30320 30322 D dalvikvm: GC_CONCURRENT freed 163K, 3% free 9372K/9607K, paused 2ms+2ms
07-02 05:13:47.607   145  9966 I ActivityManager: Process com.google.android.apps.plus (pid 30270) has died.
07-02 05:13:47.685 30320 30322 D dalvikvm: GC_CONCURRENT freed 150K, 3% free 9667K/9927K, paused 20ms+1ms
07-02 05:13:48.225  3921  3933 D dalvikvm: GC_EXPLICIT freed 126K, 6% free 10477K/11143K, paused 2ms+4ms
07-02 05:13:48.326 30320 30322 D dalvikvm: GC_CONCURRENT freed 270K, 4% free 9913K/10311K, paused 2ms+2ms
07-02 05:13:48.353 30320 30327 I dalvikvm: Total arena pages for JIT: 11
07-02 05:13:48.353 30320 30327 I dalvikvm: Total arena pages for JIT: 12
07-02 05:13:48.361 30320 30327 I dalvikvm: Total arena pages for JIT: 13
07-02 05:13:48.361 30320 30327 I dalvikvm: Total arena pages for JIT: 14
07-02 05:13:48.361 30320 30327 I dalvikvm: Total arena pages for JIT: 15
07-02 05:13:48.361 30320 30327 I dalvikvm: Total arena pages for JIT: 16
07-02 05:13:48.361 30320 30327 I dalvikvm: Total arena pages for JIT: 17
07-02 05:13:52.205   145   162 I ActivityManager: Start proc edu.buffalo.cse.phonelab.phonelabservices for service edu.buffalo.cse.phonelab.phonelabservices/edu.buffalo.cse.phonelab.datalogger.LoggerService: pid=30343 uid=10037 gids={3003, 1015, 1007, 2001}
07-02 05:13:52.252 30343 30343 I PhoneLab-LoggerService: Start Logger Service
07-02 05:13:52.264 30343 30356 I PhoneLab-: Service Running
07-02 05:13:52.353 30343 30356 I PhoneLab-LoggerService: app_37    1360  1     1436   996   c00f181c 400107b4 S logcat
07-02 05:13:52.353 30343 30356 I PhoneLab-LoggerService: Logcat pid from database 1360
07-02 05:13:52.353 30343 30356 I PhoneLab-LoggerService: Logcat process found 1360
07-02 05:13:52.353 30343 30356 I PhoneLab-LoggerService: Checking Threshold
07-02 05:13:52.353 30343 30356 I PhoneLab-LoggerService: Starting to rename files
07-02 05:13:52.353 30343 30356 I PhoneLab-LoggerService: Files found .. 2
07-02 05:13:52.838   145   161 D dalvikvm: GC_EXPLICIT freed 1241K, 26% free 17303K/23367K, paused 24ms+7ms
07-02 05:13:57.760   216   216 D dalvikvm: GC_EXPLICIT freed 23K, 31% free 9960K/14343K, paused 18ms+2ms
07-02 05:14:05.123  1401  1401 D dalvikvm: GC_EXPLICIT freed <1K, 5% free 9465K/9927K, paused 1ms+2ms
07-02 05:14:10.213   345   345 D dalvikvm: GC_EXPLICIT freed 8K, 13% free 12185K/13895K, paused 18ms+3ms
07-02 05:14:15.201   454   454 D dalvikvm: GC_EXPLICIT freed <1K, 4% free 9037K/9347K, paused 14ms+2ms
07-02 05:14:20.209 10674 10674 D dalvikvm: GC_EXPLICIT freed <1K, 18% free 10015K/12167K, paused 16ms+3ms
07-02 05:14:25.213 10087 10087 D dalvikvm: GC_EXPLICIT freed <1K, 4% free 10910K/11335K, paused 19ms+2ms
07-02 05:14:30.139 23141 23141 E GeckoApp: low memory
07-02 05:14:30.225 23141 23141 D dalvikvm: GC_EXPLICIT freed 5K, 21% free 10629K/13447K, paused 18ms+5ms
07-02 05:14:35.221 29061 29061 D dalvikvm: GC_EXPLICIT freed 17K, 4% free 10275K/10695K, paused 16ms+3ms
07-02 05:14:40.228 29472 29472 D dalvikvm: GC_EXPLICIT freed 46K, 7% free 9868K/10503K, paused 17ms+3ms
07-02 05:14:45.232 29965 29965 D dalvikvm: GC_EXPLICIT freed 35K, 6% free 10385K/11015K, paused 15ms+2ms
07-02 05:14:47.166 30320 30327 I dalvikvm: Total arena pages for JIT: 18
07-02 05:14:47.201 30320 30322 D dalvikvm: GC_CONCURRENT freed 439K, 6% free 9950K/10503K, paused 2ms+3ms
07-02 05:14:49.807   145   175 I ActivityManager: Start proc com.twitter.android for service com.twitter.android/.client.AppService: pid=30363 uid=10064 gids={3003, 1015}
07-02 05:14:49.814 30363 30363 I dalvikvm: Turning on JNI app bug workarounds for target SDK version 11...
07-02 05:14:49.892   145   361 D dalvikvm: GC_EXPLICIT freed 125K, 27% free 17268K/23367K, paused 3ms+6ms
07-02 05:14:49.998 30363 30363 I ActivityThread: Pub com.twitter.android.provider.GlobalDatabaseProvider: com.twitter.android.provider.GlobalDatabaseProvider
07-02 05:14:50.006 30363 30363 I ActivityThread: Pub com.twitter.android.provider.TwitterProvider: com.twitter.android.provider.TwitterProvider
07-02 05:14:50.127   145   348 I ActivityManager: Process com.xabber.androiddev (pid 29061) has died.
07-02 05:14:50.127   145   348 W ActivityManager: Scheduling restart of crashed service com.xabber.androiddev/com.xabber.android.service.XMPPService in 5000ms
07-02 05:14:50.135 30363 30365 D dalvikvm: GC_CONCURRENT freed 188K, 4% free 9289K/9607K, paused 3ms+1ms
07-02 05:14:50.435 30363 30365 D dalvikvm: GC_CONCURRENT freed 225K, 4% free 9516K/9863K, paused 3ms+1ms
07-02 05:14:50.557 30363 30365 D dalvikvm: GC_CONCURRENT freed 295K, 5% free 9633K/10055K, paused 2ms+1ms
07-02 05:14:50.670 30363 30365 D dalvikvm: GC_CONCURRENT freed 296K, 5% free 9759K/10183K, paused 2ms+2ms
07-02 05:14:50.803 30363 30365 D dalvikvm: GC_CONCURRENT freed 301K, 5% free 9888K/10311K, paused 2ms+2ms
07-02 05:14:50.928 30363 30365 D dalvikvm: GC_CONCURRENT freed 310K, 5% free 10020K/10439K, paused 1ms+2ms
07-02 05:14:51.053 30363 30365 D dalvikvm: GC_CONCURRENT freed 292K, 4% free 10164K/10567K, paused 1ms+2ms
07-02 05:14:51.166 30363 30365 D dalvikvm: GC_CONCURRENT freed 310K, 4% free 10281K/10695K, paused 1ms+2ms
07-02 05:14:51.350 30363 30365 D dalvikvm: GC_CONCURRENT freed 489K, 6% free 10223K/10823K, paused 6ms+2ms
07-02 05:14:51.475 30363 30365 D dalvikvm: GC_CONCURRENT freed 320K, 5% free 10303K/10823K, paused 2ms+2ms
07-02 05:14:51.596 30363 30365 D dalvikvm: GC_CONCURRENT freed 320K, 5% free 10388K/10823K, paused 2ms+2ms
07-02 05:14:51.717 30363 30365 D dalvikvm: GC_CONCURRENT freed 361K, 5% free 10472K/10951K, paused 2ms+2ms
07-02 05:14:51.850 30363 30365 D dalvikvm: GC_CONCURRENT freed 347K, 5% free 10554K/11015K, paused 1ms+2ms
07-02 05:14:51.982 30363 30365 D dalvikvm: GC_CONCURRENT freed 336K, 4% free 10638K/11079K, paused 1ms+2ms
07-02 05:14:52.103 30363 30365 D dalvikvm: GC_CONCURRENT freed 365K, 5% free 10733K/11207K, paused 1ms+2ms
07-02 05:14:52.244 30363 30365 D dalvikvm: GC_CONCURRENT freed 413K, 5% free 10822K/11335K, paused 2ms+2ms
07-02 05:14:53.260 30363 30365 D dalvikvm: GC_CONCURRENT freed 337K, 4% free 11009K/11463K, paused 2ms+3ms
07-02 05:14:54.994 30363 30365 D dalvikvm: GC_CONCURRENT freed 384K, 5% free 11224K/11719K, paused 3ms+3ms
07-02 05:14:55.185 30383 30383 D dalvikvm: Late-enabling CheckJNI
07-02 05:14:55.185   145   162 I ActivityManager: Start proc com.xabber.androiddev for service com.xabber.androiddev/com.xabber.android.service.XMPPService: pid=30383 uid=10063 gids={3003, 1015}
07-02 05:14:55.201 30383 30383 I dalvikvm: Turning on JNI app bug workarounds for target SDK version 9...
07-02 05:14:55.225   145   348 I ActivityManager: Process android.process.media (pid 30293) has died.
07-02 05:14:55.631 30383 30386 D dalvikvm: GC_CONCURRENT freed 223K, 4% free 9313K/9607K, paused 4ms+2ms
07-02 05:14:55.658 30383 30383 D dalvikvm: GC_FOR_ALLOC freed 299K, 6% free 9427K/9927K, paused 12ms
07-02 05:14:55.760 30383 30386 D dalvikvm: GC_CONCURRENT freed 192K, 3% free 9774K/10055K, paused 2ms+2ms
07-02 05:14:55.877 30383 30386 D dalvikvm: GC_CONCURRENT freed 400K, 5% free 9903K/10375K, paused 2ms+2ms
07-02 05:14:55.959 30383 30383 I com.xabber.android.service.XMPPService@4137a048: onCreate
07-02 05:14:55.963 30383 30383 I com.xabber.android.data.Application@4136f328: onStart
07-02 05:14:55.982 30383 30397 I com.xabber.android.data.LogManager@41371f88: onLoad
07-02 05:14:56.103 30383 30386 D dalvikvm: GC_CONCURRENT freed 191K, 4% free 10120K/10439K, paused 2ms+3ms
07-02 05:14:56.182   145   396 I ActivityManager: Start proc android.process.acore for content provider com.android.providers.contacts/.ContactsProvider2: pid=30399 uid=10000 gids={3003, 1015}
07-02 05:14:56.213   145   361 I ActivityManager: Process com.twitter.android (pid 30363) has died.
07-02 05:14:56.225 30399 30399 I ActivityThread: Pub call_log: com.android.providers.contacts.CallLogProvider
07-02 05:14:56.275 30399 30399 I ActivityThread: Pub com.android.voicemail: com.android.providers.contacts.VoicemailContentProvider
07-02 05:14:56.279 30399 30399 I ActivityThread: Pub user_dictionary: com.android.providers.userdictionary.UserDictionaryProvider
07-02 05:14:56.291 30399 30399 I ActivityThread: Pub com.android.social: com.android.providers.contacts.SocialProvider
07-02 05:14:56.295 30399 30399 I ActivityThread: Pub applications: com.android.providers.applications.ApplicationsProvider
07-02 05:14:56.369 30399 30399 I ActivityThread: Pub contacts;com.android.contacts: com.android.providers.contacts.ContactsProvider2
07-02 05:14:56.377 30399 30401 D dalvikvm: GC_CONCURRENT freed 342K, 5% free 9193K/9607K, paused 2ms+2ms
07-02 05:14:56.592 30399 30401 D dalvikvm: GC_CONCURRENT freed 236K, 4% free 9372K/9735K, paused 2ms+2ms
07-02 05:14:57.514 30399 30401 D dalvikvm: GC_CONCURRENT freed 232K, 4% free 9560K/9927K, paused 2ms+2ms
07-02 05:14:58.029 30383 30386 D dalvikvm: GC_CONCURRENT freed 275K, 4% free 10299K/10695K, paused 2ms+3ms
07-02 05:15:05.131 30001 30001 D dalvikvm: GC_EXPLICIT freed 1K, 4% free 9055K/9347K, paused 10ms+2ms
07-02 05:15:08.252   145   200 D DhcpInfoInternal: makeLinkProperties with empty dns2!
07-02 05:15:08.252   145   200 D DhcpInfoInternal: makeLinkProperties with empty dns2!
07-02 05:15:12.459 29313 29313 D dalvikvm: GC_EXPLICIT freed 39K, 5% free 10617K/11079K, paused 7ms+4ms
07-02 05:15:17.471 30132 30132 D dalvikvm: GC_EXPLICIT freed 3K, 5% free 9740K/10247K, paused 15ms+2ms
07-02 05:15:25.232  3921  3921 D dalvikvm: GC_EXPLICIT freed 22K, 7% free 10468K/11143K, paused 2ms+3ms
07-02 05:15:47.244 29965 29968 D dalvikvm: GC_CONCURRENT freed 494K, 6% free 10402K/11015K, paused 2ms+2ms
07-02 05:15:47.533 30320 30322 D dalvikvm: GC_CONCURRENT freed 473K, 6% free 9952K/10503K, paused 7ms+2ms
07-02 05:15:52.264 30343 30356 I PhoneLab-: Service Running
07-02 05:15:52.373 30343 30356 I PhoneLab-LoggerService: app_37    1360  1     1436   996   c00f181c 400107b4 S logcat
07-02 05:15:52.373 30343 30356 I PhoneLab-LoggerService: Logcat pid from database 1360
07-02 05:15:52.373 30343 30356 I PhoneLab-LoggerService: Logcat process found 1360
07-02 05:15:52.373 30343 30356 I PhoneLab-LoggerService: Checking Threshold
07-02 05:15:52.377 30343 30356 I PhoneLab-LoggerService: Starting to rename files
07-02 05:15:52.377 30343 30356 I PhoneLab-LoggerService: Files found .. 2
07-02 05:15:52.381   145   396 I ActivityManager: Process android.process.acore (pid 30399) has died.
07-02 05:16:01.162 30439 30439 D dalvikvm: Late-enabling CheckJNI
07-02 05:16:01.162   145   162 I ActivityManager: Start proc com.chess for broadcast com.chess/.backend.AlarmReceiver: pid=30439 uid=10079 gids={3003, 1015}
07-02 05:16:01.338 30439 30442 D dalvikvm: GC_CONCURRENT freed 173K, 3% free 9363K/9607K, paused 2ms+3ms
07-02 05:16:01.525 30439 30453 D GetStringObjTask: retrieving from url = http://www.chess.com/api/get_move_status?id=y3ICtufzg6w7rQqcD3KFujVaIanpYba4bIpaeKElV1LNz3Sz4Fk9Yh5CeWaj8h4bQ2RY0CxFVgA%2ByBE5DE%2B1cAuw4i%2Bp2GVj5RbuDPEUotReGbS25iAukuBsuUd%2Fl5dp
07-02 05:16:02.057 30439 30453 D GetStringObjTask: WebRequest SERVER RESPONSE: Success+0
07-02 05:16:47.830   216   218 D dalvikvm: GC_CONCURRENT freed 210K, 29% free 10235K/14343K, paused 11ms+3ms
07-02 05:16:48.435   145   395 I ActivityManager: Process com.google.android.apps.maps:LocationFriendService (pid 30320) has died.
07-02 05:16:51.338   145   333 I ActivityManager: Start proc com.google.android.apps.maps:LocationFriendService for service com.google.android.apps.maps/com.google.googlenav.friend.reporting.LocationReceiverService: pid=30457 uid=10056 gids={3003, 1015}
07-02 05:16:51.365    79    79 D dalvikvm: GC_EXPLICIT freed 38K, 4% free 9031K/9347K, paused 2ms+4ms
07-02 05:16:51.404    79    79 D dalvikvm: GC_EXPLICIT freed <1K, 4% free 9031K/9347K, paused 2ms+2ms
07-02 05:16:51.428    79    79 D dalvikvm: GC_EXPLICIT freed <1K, 4% free 9031K/9347K, paused 2ms+1ms
07-02 05:16:51.545 30457 30460 D dalvikvm: GC_CONCURRENT freed 178K, 3% free 9357K/9607K, paused 2ms+2ms
07-02 05:16:51.658   216   218 D dalvikvm: GC_CONCURRENT freed 625K, 31% free 10001K/14343K, paused 2ms+3ms
07-02 05:16:51.732   216   218 D dalvikvm: GC_CONCURRENT freed 315K, 30% free 10129K/14343K, paused 2ms+2ms
07-02 05:16:51.865 30457 30460 D dalvikvm: GC_CONCURRENT freed 140K, 3% free 9678K/9927K, paused 14ms+4ms
07-02 05:16:52.369 30457 30460 D dalvikvm: GC_CONCURRENT freed 283K, 4% free 9846K/10247K, paused 10ms+2ms
07-02 05:16:52.584 30457 30460 D dalvikvm: GC_CONCURRENT freed 326K, 5% free 9951K/10375K, paused 1ms+2ms
07-02 05:17:32.588   145   157 I ActivityManager: Process com.google.android.apps.maps:LocationFriendService (pid 30457) has died.
07-02 05:17:33.135   145   200 D DhcpInfoInternal: makeLinkProperties with empty dns2!
07-02 05:17:33.135   145   200 D DhcpInfoInternal: makeLinkProperties with empty dns2!
07-02 05:17:46.010 23141 23141 W GeckoBatteryManager: When charging, level should increase!
07-02 05:17:47.322 29965 29968 D dalvikvm: GC_CONCURRENT freed 509K, 6% free 10405K/11015K, paused 2ms+2ms
07-02 05:17:47.342   145   157 I ActivityManager: Start proc com.google.android.apps.maps:LocationFriendService for service com.google.android.apps.maps/com.google.googlenav.friend.reporting.LocationReceiverService: pid=30498 uid=10056 gids={3003, 1015}
07-02 05:17:47.459 30498 30501 D dalvikvm: GC_CONCURRENT freed 153K, 3% free 9382K/9607K, paused 1ms+2ms
07-02 05:17:47.666 30498 30501 D dalvikvm: GC_CONCURRENT freed 189K, 3% free 9710K/9991K, paused 2ms+3ms
07-02 05:17:47.850 30498 30505 I dalvikvm: Total arena pages for JIT: 11
07-02 05:17:47.850 30498 30505 I dalvikvm: Total arena pages for JIT: 12
07-02 05:17:47.850 30498 30505 I dalvikvm: Total arena pages for JIT: 13
07-02 05:17:47.853 30498 30505 I dalvikvm: Total arena pages for JIT: 14
07-02 05:17:47.853 30498 30505 I dalvikvm: Total arena pages for JIT: 15
07-02 05:17:47.853 30498 30505 I dalvikvm: Total arena pages for JIT: 16
07-02 05:17:47.853 30498 30505 I dalvikvm: Total arena pages for JIT: 17
07-02 05:17:47.857 30498 30501 D dalvikvm: GC_CONCURRENT freed 270K, 4% free 9953K/10311K, paused 2ms+2ms
07-02 05:17:52.264 30343 30356 I PhoneLab-: Service Running
07-02 05:17:52.365   145   365 I ActivityManager: Process com.google.android.apps.maps:LocationFriendService (pid 30498) has died.
07-02 05:17:52.416 30343 30356 I PhoneLab-LoggerService: app_37    1360  1     1436   996   c00f181c 400107b4 S logcat
07-02 05:17:52.416 30343 30356 I PhoneLab-LoggerService: Logcat pid from database 1360
07-02 05:17:52.416 30343 30356 I PhoneLab-LoggerService: Logcat process found 1360
07-02 05:17:52.416 30343 30356 I PhoneLab-LoggerService: Checking Threshold
07-02 05:17:52.416 30343 30356 I PhoneLab-LoggerService: Starting to rename files
07-02 05:17:52.416 30343 30356 I PhoneLab-LoggerService: Files found .. 2
07-02 05:18:47.361   145  4009 I ActivityManager: Start proc com.google.android.apps.maps:LocationFriendService for service com.google.android.apps.maps/com.google.googlenav.friend.reporting.LocationReceiverService: pid=30522 uid=10056 gids={3003, 1015}
07-02 05:18:47.482 30522 30525 D dalvikvm: GC_CONCURRENT freed 156K, 3% free 9380K/9607K, paused 2ms+2ms
07-02 05:18:47.682 30522 30525 D dalvikvm: GC_CONCURRENT freed 195K, 3% free 9723K/9991K, paused 2ms+3ms
07-02 05:18:47.861 30522 30525 D dalvikvm: GC_CONCURRENT freed 280K, 4% free 9929K/10311K, paused 5ms+2ms
07-02 05:19:47.443 29965 29968 D dalvikvm: GC_CONCURRENT freed 512K, 6% free 10405K/11015K, paused 2ms+2ms
07-02 05:19:47.482 30522 30529 I dalvikvm: Total arena pages for JIT: 11
07-02 05:19:47.482 30522 30529 I dalvikvm: Total arena pages for JIT: 12
07-02 05:19:47.482 30522 30529 I dalvikvm: Total arena pages for JIT: 13
07-02 05:19:47.482 30522 30529 I dalvikvm: Total arena pages for JIT: 14
07-02 05:19:47.482 30522 30529 I dalvikvm: Total arena pages for JIT: 15
07-02 05:19:47.486 30522 30529 I dalvikvm: Total arena pages for JIT: 16
07-02 05:19:47.486 30522 30529 I dalvikvm: Total arena pages for JIT: 17
07-02 05:19:47.521 30522 30529 I dalvikvm: Total arena pages for JIT: 18
07-02 05:19:47.603 30522 30525 D dalvikvm: GC_CONCURRENT freed 468K, 6% free 10023K/10567K, paused 3ms+2ms
07-02 05:19:52.264 30343 30356 I PhoneLab-: Service Running
07-02 05:19:52.330 30343 30356 I PhoneLab-LoggerService: app_37    1360  1     1436   996   c00f181c 400107b4 S logcat
07-02 05:19:52.330 30343 30356 I PhoneLab-LoggerService: Logcat pid from database 1360
07-02 05:19:52.330 30343 30356 I PhoneLab-LoggerService: Logcat process found 1360
07-02 05:19:52.330 30343 30356 I PhoneLab-LoggerService: Checking Threshold
07-02 05:19:52.334 30343 30356 I PhoneLab-LoggerService: Starting to rename files
07-02 05:19:52.334 30343 30356 I PhoneLab-LoggerService: Files found .. 2
07-02 05:19:54.834   145   175 I ActivityManager: Start proc com.twitter.android for service com.twitter.android/.client.AppService: pid=30549 uid=10064 gids={3003, 1015}
07-02 05:19:54.842 30549 30549 I dalvikvm: Turning on JNI app bug workarounds for target SDK version 11...
07-02 05:19:54.943 30549 30549 I ActivityThread: Pub com.twitter.android.provider.GlobalDatabaseProvider: com.twitter.android.provider.GlobalDatabaseProvider
07-02 05:19:54.951 30549 30549 I ActivityThread: Pub com.twitter.android.provider.TwitterProvider: com.twitter.android.provider.TwitterProvider
07-02 05:19:55.174 30549 30551 D dalvikvm: GC_CONCURRENT freed 204K, 3% free 9266K/9543K, paused 1ms+2ms
07-02 05:19:55.486 30549 30551 D dalvikvm: GC_CONCURRENT freed 176K, 4% free 9496K/9799K, paused 2ms+2ms
07-02 05:19:55.619 30549 30551 D dalvikvm: GC_CONCURRENT freed 297K, 5% free 9627K/10055K, paused 2ms+2ms
07-02 05:19:55.748 30549 30551 D dalvikvm: GC_CONCURRENT freed 312K, 5% free 9763K/10183K, paused 1ms+2ms
07-02 05:19:55.861 30549 30551 D dalvikvm: GC_CONCURRENT freed 299K, 5% free 9886K/10311K, paused 1ms+2ms
07-02 05:19:55.975 30549 30551 D dalvikvm: GC_CONCURRENT freed 305K, 5% free 10018K/10439K, paused 2ms+1ms
07-02 05:19:56.096 30549 30551 D dalvikvm: GC_CONCURRENT freed 307K, 4% free 10152K/10567K, paused 1ms+2ms
07-02 05:19:56.213 30549 30551 D dalvikvm: GC_CONCURRENT freed 303K, 4% free 10279K/10695K, paused 2ms+1ms
07-02 05:19:56.381 30549 30551 D dalvikvm: GC_CONCURRENT freed 476K, 6% free 10230K/10823K, paused 2ms+2ms
07-02 05:19:56.498 30549 30551 D dalvikvm: GC_CONCURRENT freed 333K, 5% free 10298K/10823K, paused 2ms+2ms
07-02 05:19:56.623 30549 30551 D dalvikvm: GC_CONCURRENT freed 317K, 5% free 10386K/10823K, paused 2ms+2ms
07-02 05:19:56.752 30549 30551 D dalvikvm: GC_CONCURRENT freed 366K, 5% free 10474K/10951K, paused 1ms+2ms
07-02 05:19:56.865 30549 30551 D dalvikvm: GC_CONCURRENT freed 353K, 5% free 10557K/11015K, paused 1ms+2ms
07-02 05:19:56.982 30549 30551 D dalvikvm: GC_CONCURRENT freed 335K, 4% free 10640K/11079K, paused 1ms+2ms
07-02 05:19:57.100 30549 30551 D dalvikvm: GC_CONCURRENT freed 364K, 5% free 10726K/11207K, paused 2ms+2ms
07-02 05:19:57.232 30549 30551 D dalvikvm: GC_CONCURRENT freed 395K, 5% free 10818K/11335K, paused 2ms+2ms
07-02 05:19:57.260   145   395 I ActivityManager: Process com.facebook.katana (pid 29313) has died.
07-02 05:19:57.260   145   395 W ActivityManager: Scheduling restart of crashed service com.facebook.katana/com.facebook.orca.push.mqtt.MqttPushService in 5000ms
07-02 05:19:57.260   145   395 W ActivityManager: Scheduling restart of crashed service com.facebook.katana/.service.MediaUploadService in 15000ms
07-02 05:19:57.408   145   147 D dalvikvm: GC_CONCURRENT freed 1868K, 26% free 17336K/23367K, paused 13ms+9ms
07-02 05:19:57.990   145   200 D DhcpInfoInternal: makeLinkProperties with empty dns2!
07-02 05:19:57.994   145   200 D DhcpInfoInternal: makeLinkProperties with empty dns2!
07-02 05:19:58.350 30549 30551 D dalvikvm: GC_CONCURRENT freed 336K, 5% free 11001K/11463K, paused 2ms+3ms
07-02 05:20:00.170 30549 30551 D dalvikvm: GC_CONCURRENT freed 405K, 5% free 11213K/11719K, paused 2ms+3ms
07-02 05:20:02.330   145   162 I ActivityManager: Start proc com.facebook.katana for service com.facebook.katana/com.facebook.orca.push.mqtt.MqttPushService: pid=30587 uid=10071 gids={3003, 1006, 1015}
07-02 05:20:02.346 30587 30587 I dalvikvm: Turning on JNI app bug workarounds for target SDK version 7...
07-02 05:20:02.560 30587 30589 D dalvikvm: GC_CONCURRENT freed 156K, 3% free 9380K/9607K, paused 2ms+2ms
07-02 05:20:02.760 30587 30587 I ActivityThread: Pub com.facebook.katana.provider.LoggingProvider: com.facebook.katana.provider.LoggingProvider
07-02 05:20:02.857 30587 30587 I ActivityThread: Pub com.facebook.katana.provider.KeyValueProvider: com.facebook.katana.provider.KeyValueProvider
07-02 05:20:02.865 30587 30587 I ActivityThread: Pub com.facebook.katana.provider.CacheProvider: com.facebook.katana.provider.CacheProvider
07-02 05:20:02.865 30587 30587 I ActivityThread: Pub com.facebook.katana.provider.MailboxProvider: com.facebook.katana.provider.MailboxProvider
07-02 05:20:02.873 30587 30587 I ActivityThread: Pub com.facebook.katana.provider.UserStatusesProvider: com.facebook.katana.provider.UserStatusesProvider
07-02 05:20:02.873 30587 30587 I ActivityThread: Pub com.facebook.katana.provider.EventsProvider: com.facebook.katana.provider.EventsProvider
07-02 05:20:02.873 30587 30587 I ActivityThread: Pub com.facebook.katana.provider.NotificationsProvider: com.facebook.katana.provider.NotificationsProvider
07-02 05:20:02.877 30587 30587 I ActivityThread: Pub com.facebook.katana.provider.UserValuesProvider: com.facebook.katana.provider.UserValuesProvider
07-02 05:20:02.877 30587 30587 I ActivityThread: Pub com.facebook.katana.provider.PagesProvider: com.facebook.katana.provider.PagesProvider
07-02 05:20:02.877 30587 30587 I ActivityThread: Pub com.facebook.katana.provider.MobileEventLogProvider: com.facebook.katana.provider.MobileEventLogProvider
07-02 05:20:02.877 30587 30587 I ActivityThread: Pub com.facebook.katana.provider.PushNotificationsProvider: com.facebook.katana.provider.PushNotificationsProvider
07-02 05:20:02.881 30587 30587 I ActivityThread: Pub com.facebook.katana.provider.PhotosProvider: com.facebook.katana.provider.PhotosProvider
07-02 05:20:02.881 30587 30587 I ActivityThread: Pub com.facebook.katana.provider.ConnectionsProvider: com.facebook.katana.provider.ConnectionsProvider
07-02 05:20:02.900 30587 30589 D dalvikvm: GC_CONCURRENT freed 163K, 3% free 9723K/9991K, paused 11ms+2ms
07-02 05:20:02.904 30587 30587 I ActivityThread: Pub com.facebook.orca.notify.FbandroidMessagesForegroundProvider: com.facebook.orca.notify.FbandroidMessagesForegroundProvider
07-02 05:20:03.018   145   310 D dalvikvm: GC_EXPLICIT freed 301K, 27% free 17260K/23367K, paused 3ms+7ms
07-02 05:20:03.033 30587 30587 D ACRA    : Retrieve application default SharedPreferences.
07-02 05:20:03.033 30587 30587 D ACRA    : Set OnSharedPreferenceChangeListener.
07-02 05:20:03.053 30587 30587 D ACRA    : ACRA is enabled for com.facebook.katana, intializing...
07-02 05:20:03.096 30587 30587 D ACRA    : Looking for error files in /data/data/com.facebook.katana/app_acra-reports
07-02 05:20:03.182 30587 30587 W nalizableReferenceQueue: Could not load Finalizer in its own class loader.Loading Finalizer in the current class loader instead. As a result, you will not be ableto garbage collect this class loader. To support reclaiming this class loader, eitherresolve the underlying issue, or move Google Collections to your system class path.
07-02 05:20:03.182 30587 30587 W nalizableReferenceQueue: java.io.FileNotFoundException: com/google/common/base/internal/Finalizer.class
07-02 05:20:03.182 30587 30587 W nalizableReferenceQueue: 	at com.google.common.base.FinalizableReferenceQueue$DecoupledLoader.getBaseUrl(FinalizableReferenceQueue.java:243)
07-02 05:20:03.182 30587 30587 W nalizableReferenceQueue: 	at com.google.common.base.FinalizableReferenceQueue$DecoupledLoader.loadFinalizer(FinalizableReferenceQueue.java:227)
07-02 05:20:03.182 30587 30587 W nalizableReferenceQueue: 	at com.google.common.base.FinalizableReferenceQueue.loadFinalizer(FinalizableReferenceQueue.java:155)
07-02 05:20:03.182 30587 30587 W nalizableReferenceQueue: 	at com.google.common.base.FinalizableReferenceQueue.<clinit>(FinalizableReferenceQueue.java:84)
07-02 05:20:03.182 30587 30587 W nalizableReferenceQueue: 	at com.google.common.collect.CustomConcurrentHashMap$QueueHolder.<clinit>(CustomConcurrentHashMap.java:650)
07-02 05:20:03.182 30587 30587 W nalizableReferenceQueue: 	at com.google.common.collect.CustomConcurrentHashMap$WeakEntry.<init>(CustomConcurrentHashMap.java:1342)
07-02 05:20:03.182 30587 30587 W nalizableReferenceQueue: 	at com.google.common.collect.CustomConcurrentHashMap$EntryFactory$9.newEntry(CustomConcurrentHashMap.java:453)
07-02 05:20:03.182 30587 30587 W nalizableReferenceQueue: 	at com.google.common.collect.CustomConcurrentHashMap.a(CustomConcurrentHashMap.java:1715)
07-02 05:20:03.182 30587 30587 W nalizableReferenceQueue: 	at com.google.common.collect.ComputingConcurrentHashMap$ComputingSegment.a(ComputingConcurrentHashMap.java:123)
07-02 05:20:03.182 30587 30587 W nalizableReferenceQueue: 	at com.google.common.collect.ComputingConcurrentHashMap.apply(ComputingConcurrentHashMap.java:71)
07-02 05:20:03.182 30587 30587 W nalizableReferenceQueue: 	at com.google.common.collect.MapMaker$ComputingMapAdapter.get(MapMaker.java:848)
07-02 05:20:03.182 30587 30587 W nalizableReferenceQueue: 	at com.google.inject.internal.Annotations$AnnotationChecker.a(Annotations.java:94)
07-02 05:20:03.182 30587 30587 W nalizableReferenceQueue: 	at com.google.inject.internal.Annotations.c(Annotations.java:112)
07-02 05:20:03.182 30587 30587 W nalizableReferenceQueue: 	at com.google.inject.Key.d(Key.java:369)
07-02 05:20:03.182 30587 30587 W nalizableReferenceQueue: 	at com.google.inject.Key.b(Key.java:356)
07-02 05:20:03.182 30587 30587 W nalizableReferenceQueue: 	at com.google.inject.Key.a(Key.java:267)
07-02 05:20:03.182 30587 30587 W nalizableReferenceQueue: 	at com.facebook.orca.inject.binder.AnnotatedBindingBuilderImpl.a(AnnotatedBindingBuilderImpl.java:22)
07-02 05:20:03.182 30587 30587 W nalizableReferenceQueue: 	at com.facebook.orca.app.FbBaseModule.a(FbBaseModule.java:74)
07-02 05:20:03.182 30587 30587 W nalizableReferenceQueue: 	at com.facebook.orca.inject.AbstractModule.a(AbstractModule.java:19)
07-02 05:20:03.182 30587 30587 W nalizableReferenceQueue: 	at com.facebook.orca.inject.FbInjectorImpl.a(FbInjectorImpl.java:61)
07-02 05:20:03.182 30587 30587 W nalizableReferenceQueue: 	at com.facebook.orca.inject.FbInjectorImpl.<init>(FbInjectorImpl.java:41)
07-02 05:20:03.182 30587 30587 W nalizableReferenceQueue: 	at com.facebook.orca.inject.FbInjector.a(FbInjector.java:40)
07-02 05:20:03.182 30587 30587 W nalizableReferenceQueue: 	at com.facebook.katana.FacebookApplication.onCreate(FacebookApplication.java:86)
07-02 05:20:03.182 30587 30587 W nalizableReferenceQueue: 	at android.app.Instrumentation.callApplicationOnCreate(Instrumentation.java:969)
07-02 05:20:03.182 30587 30587 W nalizableReferenceQueue: 	at android.app.ActivityThread.handleBindApplication(ActivityThread.java:3954)
07-02 05:20:03.182 30587 30587 W nalizableReferenceQueue: 	at android.app.ActivityThread.access$1300(ActivityThread.java:123)
07-02 05:20:03.182 30587 30587 W nalizableReferenceQueue: 	at android.app.ActivityThread$H.handleMessage(ActivityThread.java:1185)
07-02 05:20:03.182 30587 30587 W nalizableReferenceQueue: 	at android.os.Handler.dispatchMessage(Handler.java:99)
07-02 05:20:03.182 30587 30587 W nalizableReferenceQueue: 	at android.os.Looper.loop(Looper.java:137)
07-02 05:20:03.182 30587 30587 W nalizableReferenceQueue: 	at android.app.ActivityThread.main(ActivityThread.java:4424)
07-02 05:20:03.182 30587 30587 W nalizableReferenceQueue: 	at java.lang.reflect.Method.invokeNative(Native Method)
07-02 05:20:03.182 30587 30587 W nalizableReferenceQueue: 	at java.lang.reflect.Method.invoke(Method.java:511)
07-02 05:20:03.182 30587 30587 W nalizableReferenceQueue: 	at com.android.internal.os.ZygoteInit$MethodAndArgsCaller.run(ZygoteInit.java:784)
07-02 05:20:03.182 30587 30587 W nalizableReferenceQueue: 	at com.android.internal.os.ZygoteInit.main(ZygoteInit.java:551)
07-02 05:20:03.182 30587 30587 W nalizableReferenceQueue: 	at dalvik.system.NativeStart.main(Native Method)
07-02 05:20:03.185 30587 30587 I Finalizer: Couldn't access Thread.inheritableThreadLocals. Reference finalizer threads will inherit thread local values.
07-02 05:20:03.287 30587 30589 D dalvikvm: GC_CONCURRENT freed 344K, 5% free 9887K/10311K, paused 4ms+2ms
07-02 05:20:03.404 30587 30589 D dalvikvm: GC_CONCURRENT freed 387K, 5% free 9981K/10503K, paused 2ms+2ms
07-02 05:20:03.701 30587 30589 D dalvikvm: GC_CONCURRENT freed 293K, 4% free 10107K/10503K, paused 2ms+70ms
07-02 05:20:04.021   145  1150 I ActivityManager: Process com.chess (pid 30439) has died.
07-02 05:20:04.240 30587 30603 W Resources: Converting to string: TypedValue{t=0x10/d=0xffffffff a=-1}
07-02 05:20:04.326 30587 30589 D dalvikvm: GC_CONCURRENT freed 355K, 4% free 10268K/10695K, paused 98ms+5ms
07-02 05:20:04.791 30587 30589 D dalvikvm: GC_CONCURRENT freed 292K, 4% free 10398K/10823K, paused 2ms+3ms
07-02 05:20:05.400 30587 30589 D dalvikvm: GC_CONCURRENT freed 364K, 5% free 10467K/10951K, paused 4ms+5ms
07-02 05:20:15.240 30587 30589 D dalvikvm: GC_CONCURRENT freed 336K, 5% free 10548K/11015K, paused 2ms+3ms
07-02 05:20:17.096   145   161 V BackupManagerService: Running a backup pass
07-02 05:20:17.119   145   215 V BackupManagerService: Backup requested but nothing pending
07-02 05:21:01.154 30620 30620 D dalvikvm: Late-enabling CheckJNI
07-02 05:21:01.154   145   162 I ActivityManager: Start proc com.chess for broadcast com.chess/.backend.AlarmReceiver: pid=30620 uid=10079 gids={3003, 1015}
07-02 05:21:01.279   145  1149 I ActivityManager: Process com.twitter.android (pid 30549) has died.
07-02 05:21:01.330 30620 30623 D dalvikvm: GC_CONCURRENT freed 162K, 3% free 9374K/9607K, paused 3ms+2ms
07-02 05:21:01.471 30620 30634 D GetStringObjTask: retrieving from url = http://www.chess.com/api/get_move_status?id=y3ICtufzg6w7rQqcD3KFujVaIanpYba4bIpaeKElV1LNz3Sz4Fk9Yh5CeWaj8h4bQ2RY0CxFVgA%2ByBE5DE%2B1cAuw4i%2Bp2GVj5RbuDPEUotReGbS25iAukuBsuUd%2Fl5dp
07-02 05:21:01.967 30620 30634 D GetStringObjTask: WebRequest SERVER RESPONSE: Success+0
07-02 05:21:47.580 29965 29968 D dalvikvm: GC_CONCURRENT freed 508K, 6% free 10408K/11015K, paused 1ms+2ms
07-02 05:21:47.721 30522 30525 D dalvikvm: GC_CONCURRENT freed 554K, 6% free 9997K/10631K, paused 2ms+2ms
07-02 05:21:52.264 30343 30356 I PhoneLab-: Service Running
07-02 05:21:52.338 30343 30356 I PhoneLab-LoggerService: app_37    1360  1     1436   996   c00f181c 400107b4 S logcat
07-02 05:21:52.338 30343 30356 I PhoneLab-LoggerService: Logcat pid from database 1360
07-02 05:21:52.338 30343 30356 I PhoneLab-LoggerService: Logcat process found 1360
07-02 05:21:52.338 30343 30356 I PhoneLab-LoggerService: Checking Threshold
07-02 05:21:52.338 30343 30356 I PhoneLab-LoggerService: Starting to rename files
07-02 05:21:52.338 30343 30356 I PhoneLab-LoggerService: Files found .. 2
07-02 05:22:22.865   145   200 D DhcpInfoInternal: makeLinkProperties with empty dns2!
07-02 05:22:22.869   145   200 D DhcpInfoInternal: makeLinkProperties with empty dns2!
07-02 05:22:47.615 29965 29968 D dalvikvm: GC_CONCURRENT freed 505K, 6% free 10415K/11015K, paused 2ms+2ms
07-02 05:22:47.752 30522 30525 D dalvikvm: GC_CONCURRENT freed 471K, 7% free 9951K/10631K, paused 2ms+2ms
07-02 05:23:52.264 30343 30356 I PhoneLab-: Service Running
07-02 05:23:52.361 30343 30345 D dalvikvm: GC_CONCURRENT freed 390K, 6% free 9101K/9607K, paused 7ms+3ms
07-02 05:23:52.361 30343 30356 I PhoneLab-LoggerService: app_37    1360  1     1436   996   c00f181c 400107b4 S logcat
07-02 05:23:52.361 30343 30356 I PhoneLab-LoggerService: Logcat pid from database 1360
07-02 05:23:52.361 30343 30356 I PhoneLab-LoggerService: Logcat process found 1360
07-02 05:23:52.361 30343 30356 I PhoneLab-LoggerService: Checking Threshold
07-02 05:23:52.361 30343 30356 I PhoneLab-LoggerService: Starting to rename files
07-02 05:23:52.361 30343 30356 I PhoneLab-LoggerService: Files found .. 2
07-02 05:24:47.643   145   200 D DhcpInfoInternal: makeLinkProperties with empty dns2!
07-02 05:24:47.646   145   200 D DhcpInfoInternal: makeLinkProperties with empty dns2!
07-02 05:24:47.646 29965 29968 D dalvikvm: GC_CONCURRENT freed 509K, 6% free 10417K/11015K, paused 2ms+3ms
07-02 05:24:47.768 30522 30525 D dalvikvm: GC_CONCURRENT freed 456K, 7% free 9965K/10631K, paused 1ms+2ms
07-02 05:24:59.756   145   175 I ActivityManager: Start proc com.twitter.android for service com.twitter.android/.client.AppService: pid=30685 uid=10064 gids={3003, 1015}
07-02 05:24:59.764 30685 30685 I dalvikvm: Turning on JNI app bug workarounds for target SDK version 11...
07-02 05:24:59.810 30685 30685 I ActivityThread: Pub com.twitter.android.provider.GlobalDatabaseProvider: com.twitter.android.provider.GlobalDatabaseProvider
07-02 05:24:59.822 30685 30685 I ActivityThread: Pub com.twitter.android.provider.TwitterProvider: com.twitter.android.provider.TwitterProvider
07-02 05:24:59.869   145   329 I ActivityManager: Process com.whatsapp (pid 29472) has died.
07-02 05:24:59.869   145   329 W ActivityManager: Scheduling restart of crashed service com.whatsapp/.messaging.MessageService in 5000ms
07-02 05:25:00.018 30685 30686 D dalvikvm: GC_CONCURRENT freed 208K, 4% free 9267K/9607K, paused 10ms+58ms
07-02 05:25:00.271 30685 30686 D dalvikvm: GC_CONCURRENT freed 174K, 4% free 9494K/9799K, paused 2ms+2ms
07-02 05:25:00.408 30685 30686 D dalvikvm: GC_CONCURRENT freed 305K, 5% free 9627K/10055K, paused 1ms+2ms
07-02 05:25:00.533 30685 30686 D dalvikvm: GC_CONCURRENT freed 312K, 5% free 9763K/10183K, paused 1ms+1ms
07-02 05:25:00.654 30685 30686 D dalvikvm: GC_CONCURRENT freed 310K, 5% free 9893K/10311K, paused 2ms+2ms
07-02 05:25:00.771 30685 30686 D dalvikvm: GC_CONCURRENT freed 295K, 5% free 10020K/10439K, paused 2ms+2ms
07-02 05:25:00.885 30685 30686 D dalvikvm: GC_CONCURRENT freed 297K, 4% free 10147K/10567K, paused 1ms+2ms
07-02 05:25:01.006 30685 30686 D dalvikvm: GC_CONCURRENT freed 295K, 4% free 10276K/10695K, paused 2ms+1ms
07-02 05:25:01.154 30685 30686 D dalvikvm: GC_CONCURRENT freed 481K, 6% free 10220K/10823K, paused 1ms+3ms
07-02 05:25:01.275 30685 30686 D dalvikvm: GC_CONCURRENT freed 335K, 5% free 10297K/10823K, paused 2ms+1ms
07-02 05:25:01.412 30685 30686 D dalvikvm: GC_CONCURRENT freed 318K, 5% free 10386K/10823K, paused 2ms+2ms
07-02 05:25:01.541 30685 30686 D dalvikvm: GC_CONCURRENT freed 357K, 5% free 10472K/10951K, paused 1ms+2ms
07-02 05:25:01.654 30685 30686 D dalvikvm: GC_CONCURRENT freed 347K, 5% free 10551K/11015K, paused 1ms+2ms
07-02 05:25:01.775 30685 30686 D dalvikvm: GC_CONCURRENT freed 337K, 4% free 10636K/11079K, paused 2ms+3ms
07-02 05:25:01.908 30685 30686 D dalvikvm: GC_CONCURRENT freed 382K, 5% free 10727K/11207K, paused 2ms+2ms
07-02 05:25:02.037 30685 30686 D dalvikvm: GC_CONCURRENT freed 411K, 5% free 10823K/11335K, paused 1ms+2ms
07-02 05:25:02.779 30685 30686 D dalvikvm: GC_CONCURRENT freed 340K, 4% free 11007K/11463K, paused 3ms+3ms
07-02 05:25:04.935   145   162 I ActivityManager: Start proc com.whatsapp for service com.whatsapp/.messaging.MessageService: pid=30703 uid=10068 gids={1015, 3003}
07-02 05:25:04.939 30703 30703 I dalvikvm: Turning on JNI app bug workarounds for target SDK version 7...
07-02 05:25:05.185 30703 30706 D dalvikvm: GC_CONCURRENT freed 174K, 3% free 9361K/9607K, paused 8ms+2ms
07-02 05:25:05.740 30703 30706 D dalvikvm: GC_CONCURRENT freed 274K, 4% free 9624K/9927K, paused 2ms+2ms
07-02 05:25:05.967   145  1150 I ActivityManager: Start proc android.process.acore for content provider com.android.providers.contacts/.ContactsProvider2: pid=30723 uid=10000 gids={3003, 1015}
07-02 05:25:06.037   145   396 I ActivityManager: Process com.chess (pid 30620) has died.
07-02 05:25:06.084 30723 30723 I ActivityThread: Pub call_log: com.android.providers.contacts.CallLogProvider
07-02 05:25:06.131 30723 30723 I ActivityThread: Pub com.android.voicemail: com.android.providers.contacts.VoicemailContentProvider
07-02 05:25:06.135 30723 30723 I ActivityThread: Pub user_dictionary: com.android.providers.userdictionary.UserDictionaryProvider
07-02 05:25:06.166 30723 30723 I ActivityThread: Pub com.android.social: com.android.providers.contacts.SocialProvider
07-02 05:25:06.166 30723 30723 I ActivityThread: Pub applications: com.android.providers.applications.ApplicationsProvider
07-02 05:25:06.240 30703 30703 I dalvikvm: Could not find method android.media.MediaMetadataRetriever.captureFrame, referenced from method com.whatsapp.q3.a
07-02 05:25:06.240 30703 30703 W dalvikvm: VFY: unable to resolve virtual method 501: Landroid/media/MediaMetadataRetriever;.captureFrame ()Landroid/graphics/Bitmap;
07-02 05:25:06.240 30703 30703 D dalvikvm: VFY: replacing opcode 0x6e at 0x0134
07-02 05:25:06.256 30723 30726 D dalvikvm: GC_CONCURRENT freed 339K, 5% free 9151K/9607K, paused 1ms+2ms
07-02 05:25:06.256 30723 30723 I ActivityThread: Pub contacts;com.android.contacts: com.android.providers.contacts.ContactsProvider2
07-02 05:25:06.467 30703 30706 D dalvikvm: GC_CONCURRENT freed 453K, 6% free 9720K/10247K, paused 6ms+3ms
07-02 05:25:06.666 30703 30706 D dalvikvm: GC_CONCURRENT freed 172K, 4% free 9994K/10311K, paused 2ms+4ms
07-02 05:25:06.857 30723 30726 D dalvikvm: GC_CONCURRENT freed 216K, 4% free 9359K/9671K, paused 2ms+2ms
07-02 05:25:08.857   145   156 D dalvikvm: GC_EXPLICIT freed 1350K, 26% free 17335K/23367K, paused 3ms+8ms
07-02 05:25:09.154   145   396 I ActivityManager: Process com.twitter.android (pid 30685) has died.
07-02 05:25:10.115 30723 30726 D dalvikvm: GC_CONCURRENT freed 211K, 4% free 9585K/9927K, paused 7ms+9ms
07-02 05:25:47.889 30522 30525 D dalvikvm: GC_CONCURRENT freed 464K, 7% free 9965K/10631K, paused 2ms+2ms
07-02 05:25:52.264 30343 30356 I PhoneLab-: Service Running
07-02 05:25:52.385 30343 30356 I PhoneLab-LoggerService: app_37    1360  1     1436   996   c00f181c 400107b4 S logcat
07-02 05:25:52.385 30343 30356 I PhoneLab-LoggerService: Logcat pid from database 1360
07-02 05:25:52.385 30343 30356 I PhoneLab-LoggerService: Logcat process found 1360
07-02 05:25:52.385 30343 30356 I PhoneLab-LoggerService: Checking Threshold
07-02 05:25:52.385 30343 30356 I PhoneLab-LoggerService: Starting to rename files
07-02 05:25:52.385 30343 30356 I PhoneLab-LoggerService: Files found .. 2
07-02 05:26:01.201 30751 30751 D dalvikvm: Late-enabling CheckJNI
07-02 05:26:01.205   145   162 I ActivityManager: Start proc com.chess for broadcast com.chess/.backend.AlarmReceiver: pid=30751 uid=10079 gids={3003, 1015}
07-02 05:26:01.357 30751 30753 D dalvikvm: GC_CONCURRENT freed 170K, 3% free 9366K/9607K, paused 2ms+6ms
07-02 05:26:01.408   145  1149 I ActivityManager: Process android.process.acore (pid 30723) has died.
07-02 05:26:01.494 30751 30765 D GetStringObjTask: retrieving from url = http://www.chess.com/api/get_move_status?id=y3ICtufzg6w7rQqcD3KFujVaIanpYba4bIpaeKElV1LNz3Sz4Fk9Yh5CeWaj8h4bQ2RY0CxFVgA%2ByBE5DE%2B1cAuw4i%2Bp2GVj5RbuDPEUotReGbS25iAukuBsuUd%2Fl5dp
07-02 05:26:01.971 30751 30765 D GetStringObjTask: WebRequest SERVER RESPONSE: Success+0
07-02 05:26:47.861 29965 29968 D dalvikvm: GC_CONCURRENT freed 510K, 6% free 10418K/11015K, paused 1ms+2ms
07-02 05:27:12.322   145   200 D DhcpInfoInternal: makeLinkProperties with empty dns2!
07-02 05:27:12.322   145   200 D DhcpInfoInternal: makeLinkProperties with empty dns2!
07-02 05:27:47.986 30522 30525 D dalvikvm: GC_CONCURRENT freed 477K, 6% free 9999K/10631K, paused 2ms+3ms
07-02 05:27:52.264 30343 30356 I PhoneLab-: Service Running
07-02 05:27:52.342 30343 30356 I PhoneLab-LoggerService: app_37    1360  1     1436   996   c00f181c 400107b4 S logcat
07-02 05:27:52.342 30343 30356 I PhoneLab-LoggerService: Logcat pid from database 1360
07-02 05:27:52.342 30343 30356 I PhoneLab-LoggerService: Logcat process found 1360
07-02 05:27:52.342 30343 30356 I PhoneLab-LoggerService: Checking Threshold
07-02 05:27:52.342 30343 30356 I PhoneLab-LoggerService: Starting to rename files
07-02 05:27:52.342 30343 30356 I PhoneLab-LoggerService: Files found .. 2
07-02 05:28:00.096   216   218 D dalvikvm: GC_CONCURRENT freed 545K, 31% free 9971K/14343K, paused 2ms+2ms
07-02 05:28:30.490   145   175 I ActivityManager: Start proc com.google.android.gm for service com.google.android.gm/.provider.MailIndexerService: pid=30790 uid=10075 gids={3003, 1015}
07-02 05:28:30.521   145   175 I ActivityManager: Start proc com.google.android.apps.plus for service com.google.android.apps.plus/.service.EsService: pid=30802 uid=10060 gids={3003, 3002, 1015, 1006}
07-02 05:28:30.572    79    79 D dalvikvm: GC_EXPLICIT freed 38K, 4% free 9031K/9347K, paused 2ms+2ms
07-02 05:28:30.658    79    79 D dalvikvm: GC_EXPLICIT freed <1K, 4% free 9031K/9347K, paused 2ms+7ms
07-02 05:28:30.713    79    79 D dalvikvm: GC_EXPLICIT freed <1K, 4% free 9031K/9347K, paused 4ms+2ms
07-02 05:28:30.791 30802 30805 D dalvikvm: GC_CONCURRENT freed 174K, 3% free 9362K/9607K, paused 2ms+2ms
07-02 05:28:30.803 30790 30790 I ActivityThread: Pub gmail-ls: com.google.android.gm.provider.MailProvider
07-02 05:28:30.912 30790 30790 I ActivityThread: Pub com.google.android.gm: com.google.android.gm.provider.PublicContentProvider
07-02 05:28:30.924 30790 30790 I ActivityThread: Pub com.google.android.gmail.SuggestionProvider: com.google.android.gm.SuggestionsProvider
07-02 05:28:31.103 30802 30802 I ActivityThread: Pub com.google.android.apps.plus.content.ApiProvider: com.google.android.apps.plus.content.EsApiProvider
07-02 05:28:31.279 30802 30802 I ActivityThread: Pub com.google.android.apps.plus.content.EsGooglePhotoProvider: com.google.android.picasasync.PicasaContentProvider
07-02 05:28:31.389 30802 30805 D dalvikvm: GC_CONCURRENT freed 336K, 5% free 9581K/9991K, paused 17ms+3ms
07-02 05:28:31.416 30802 30802 I ActivityThread: Pub com.google.android.apps.plus.content.EsPicasaStoreProvider: com.google.android.picasastore.PicasaPhotoContentProvider
07-02 05:28:31.424 30802 30802 I ActivityThread: Pub com.google.plus.platform: com.google.android.apps.plus.content.AdsProvider
07-02 05:28:31.424 30802 30802 I ActivityThread: Pub com.google.android.apps.plus.iu.EsGoogleIuProvider: com.google.android.apps.plus.iu.InstantUploadProvider
07-02 05:28:31.506 30790 30792 D dalvikvm: GC_CONCURRENT freed 214K, 4% free 9255K/9543K, paused 20ms+2ms
07-02 05:28:31.674 30802 30805 D dalvikvm: GC_CONCURRENT freed 456K, 6% free 9652K/10183K, paused 78ms+3ms
07-02 05:28:31.682 30802 30802 I ActivityThread: Pub com.google.android.apps.plus.content.EsProvider: com.google.android.apps.plus.content.EsProvider
07-02 05:28:31.732   145   361 I ActivityManager: Start proc android.process.media for content provider com.android.providers.media/.MediaProvider: pid=30824 uid=10012 gids={1015, 1023, 1024, 2001, 3003, 3007}
07-02 05:28:31.826 30824 30824 I ActivityThread: Pub downloads: com.android.providers.downloads.DownloadProvider
07-02 05:28:31.877 30824 30824 I ActivityThread: Pub drm: com.android.providers.drm.DrmProvider
07-02 05:28:31.877 30824 30840 I DownloadManager: in removeSpuriousFiles
07-02 05:28:31.885   145 21614 I ActivityManager: Process com.google.android.apps.maps:LocationFriendService (pid 30522) has died.
07-02 05:28:31.893 30824 30824 I ActivityThread: Pub media: com.android.providers.media.MediaProvider
07-02 05:28:31.994 30824 30840 I DownloadManager: in removeSpuriousFiles, preserving file /data/data/com.android.providers.downloads/cache/metadata.json
07-02 05:28:31.994 30824 30840 I DownloadManager: in removeSpuriousFiles, preserving file /data/data/com.android.providers.downloads/cache/en_general.htm
07-02 05:28:31.994 30824 30840 I DownloadManager: in removeSpuriousFiles, preserving file /mnt/sdcard/Download/img-thing.jpeg
07-02 05:28:31.994 30824 30840 I DownloadManager: in removeSpuriousFiles, preserving file /data/data/com.android.providers.downloads/cache/metadata-1.json
07-02 05:28:31.994 30824 30840 I DownloadManager: in removeSpuriousFiles, preserving file /data/data/com.android.providers.downloads/cache/downloadfile.jpeg
07-02 05:28:31.994 30824 30840 I DownloadManager: in removeSpuriousFiles, preserving file /data/data/com.android.providers.downloads/cache/metadata-2.json
07-02 05:28:31.994 30824 30840 I DownloadManager: in removeSpuriousFiles, preserving file /data/data/com.android.providers.downloads/cache/metadata-3.json
07-02 05:28:31.998 30824 30840 I DownloadManager: deleting spurious file /cache/backup
07-02 05:28:32.076 30802 30841 D dalvikvm: GC_FOR_ALLOC freed 219K, 5% free 9822K/10247K, paused 54ms
07-02 05:28:32.252 30587 30589 D dalvikvm: GC_CONCURRENT freed 388K, 5% free 10623K/11143K, paused 208ms+9ms
07-02 05:28:32.447 30824 30826 D dalvikvm: GC_CONCURRENT freed 331K, 5% free 9204K/9607K, paused 4ms+7ms
07-02 05:28:32.553 30802 30822 D PicasaPhotoCP: set fsid first time:-1
07-02 05:28:32.693   145   395 I ActivityManager: Process com.chess (pid 30751) has died.
07-02 05:28:32.744 30790 30823 I Gmail   : calculateUnknownSyncRationalesAndPurgeInBackground: queueing
07-02 05:28:32.752 30790 30823 I Gmail   : calculateUnknownSyncRationalesAndPurgeInBackground: queueing
07-02 05:28:32.795 30790 30792 D dalvikvm: GC_CONCURRENT freed 263K, 4% free 9409K/9799K, paused 2ms+2ms
07-02 05:28:32.818 30790 30823 I Gmail   : calculateUnknownSyncRationalesAndPurgeInBackground: running
07-02 05:28:32.822 30790 30823 I Gmail   : calculateUnknownSyncRationalesAndPurgeInBackground: running
07-02 05:28:32.896 30802 30805 D dalvikvm: GC_CONCURRENT freed 165K, 3% free 10109K/10375K, paused 5ms+2ms
07-02 05:28:33.010 30802 30805 D dalvikvm: GC_CONCURRENT freed 231K, 4% free 10328K/10695K, paused 2ms+2ms
07-02 05:28:33.068 30802 30836 D dalvikvm: GC_FOR_ALLOC freed 167K, 4% free 10456K/10823K, paused 21ms
07-02 05:28:33.096 30802 30836 D dalvikvm: GC_FOR_ALLOC freed 126K, 5% free 10584K/11079K, paused 21ms
07-02 05:28:33.119 30802 30836 D dalvikvm: GC_FOR_ALLOC freed 311K, 6% free 10577K/11143K, paused 18ms
07-02 05:28:33.139 30802 30836 D dalvikvm: GC_FOR_ALLOC freed 62K, 5% free 10640K/11143K, paused 18ms
07-02 05:28:33.139 30802 30836 I dalvikvm-heap: Grow heap (frag case) to 10.708MB for 260112-byte allocation
07-02 05:28:33.162 30802 30836 D dalvikvm: GC_FOR_ALLOC freed 126K, 6% free 10768K/11399K, paused 18ms
07-02 05:28:33.182 30802 30836 D dalvikvm: GC_FOR_ALLOC freed 307K, 6% free 10760K/11399K, paused 19ms
07-02 05:28:33.205 30802 30836 D dalvikvm: GC_FOR_ALLOC freed 62K, 6% free 10824K/11399K, paused 19ms
07-02 05:28:33.205 30802 30836 I dalvikvm-heap: Grow heap (frag case) to 10.887MB for 260112-byte allocation
07-02 05:28:33.225 30802 30836 D dalvikvm: GC_FOR_ALLOC freed 126K, 7% free 10952K/11655K, paused 18ms
07-02 05:28:33.361 30802 30805 D dalvikvm: GC_CONCURRENT freed 344K, 4% free 11207K/11655K, paused 1ms+2ms
07-02 05:28:33.502 30802 30805 D dalvikvm: GC_CONCURRENT freed 139K, 3% free 11732K/11975K, paused 2ms+2ms
07-02 05:28:33.701 30802 30805 D dalvikvm: GC_CONCURRENT freed 546K, 6% free 12023K/12679K, paused 2ms+2ms
07-02 05:28:33.885 30802 30805 D dalvikvm: GC_CONCURRENT freed 210K, 3% free 12749K/13063K, paused 2ms+2ms
07-02 05:28:34.346 30802 30839 I SqliteDatabaseCpp: sqlite returned: error code = 1, msg = no such column: wipeout_stats, db=/data/data/com.google.android.apps.plus/databases/es0.db
07-02 05:28:34.350 30802 30839 W System.err: android.database.sqlite.SQLiteException: no such column: wipeout_stats: , while compiling: SELECT wipeout_stats  FROM account_status
07-02 05:28:34.365 30802 30839 W System.err: 	at android.database.sqlite.SQLiteCompiledSql.native_compile(Native Method)
07-02 05:28:34.365 30802 30839 W System.err: 	at android.database.sqlite.SQLiteCompiledSql.<init>(SQLiteCompiledSql.java:68)
07-02 05:28:34.365 30802 30839 W System.err: 	at android.database.sqlite.SQLiteProgram.compileSql(SQLiteProgram.java:143)
07-02 05:28:34.365 30802 30839 W System.err: 	at android.database.sqlite.SQLiteProgram.compileAndbindAllArgs(SQLiteProgram.java:361)
07-02 05:28:34.365 30802 30839 W System.err: 	at android.database.sqlite.SQLiteStatement.acquireAndLock(SQLiteStatement.java:260)
07-02 05:28:34.365 30802 30839 W System.err: 	at android.database.sqlite.SQLiteStatement.simpleQueryForLong(SQLiteStatement.java:137)
07-02 05:28:34.369 30802 30839 W System.err: 	at android.database.DatabaseUtils.longForQuery(DatabaseUtils.java:791)
07-02 05:28:34.369 30802 30839 W System.err: 	at android.database.DatabaseUtils.longForQuery(DatabaseUtils.java:779)
07-02 05:28:34.369 30802 30839 W System.err: 	at com.google.android.apps.plus.content.EsAccountsData.isContactsStatsWipeoutNeeded(EsAccountsData.java:641)
07-02 05:28:34.369 30802 30839 W System.err: 	at com.google.android.apps.plus.service.EsService.processIntent(EsService.java:4246)
07-02 05:28:34.369 30802 30839 W System.err: 	at com.google.android.apps.plus.service.ServiceThread$1.run(ServiceThread.java:50)
07-02 05:28:34.369 30802 30839 W System.err: 	at android.os.Handler.handleCallback(Handler.java:605)
07-02 05:28:34.369 30802 30839 W System.err: 	at android.os.Handler.dispatchMessage(Handler.java:92)
07-02 05:28:34.369 30802 30839 W System.err: 	at android.os.Looper.loop(Looper.java:137)
07-02 05:28:34.373 30802 30839 W System.err: 	at com.google.android.apps.plus.service.ServiceThread.run(ServiceThread.java:122)
07-02 05:28:46.381   145   329 I ActivityManager: Process com.google.android.gm (pid 30790) has died.
07-02 05:28:47.994 29965 29968 D dalvikvm: GC_CONCURRENT freed 510K, 6% free 10419K/11015K, paused 7ms+3ms
07-02 05:28:48.021   145   329 I ActivityManager: Start proc com.google.android.apps.maps:LocationFriendService for service com.google.android.apps.maps/com.google.googlenav.friend.reporting.LocationReceiverService: pid=30853 uid=10056 gids={3003, 1015}
07-02 05:28:48.182 30853 30856 D dalvikvm: GC_CONCURRENT freed 156K, 3% free 9380K/9607K, paused 2ms+2ms
07-02 05:28:48.455 30853 30856 D dalvikvm: GC_CONCURRENT freed 173K, 4% free 9626K/9927K, paused 7ms+4ms
07-02 05:28:48.506   145   348 I ActivityManager: Process com.google.android.apps.plus (pid 30802) has died.
07-02 05:28:48.990 30853 30856 D dalvikvm: GC_CONCURRENT freed 220K, 3% free 9885K/10183K, paused 2ms+3ms
07-02 05:28:49.045 30853 30860 I dalvikvm: Total arena pages for JIT: 11
07-02 05:28:49.045 30853 30860 I dalvikvm: Total arena pages for JIT: 12
07-02 05:28:49.045 30853 30860 I dalvikvm: Total arena pages for JIT: 13
07-02 05:28:49.045 30853 30860 I dalvikvm: Total arena pages for JIT: 14
07-02 05:28:49.045 30853 30860 I dalvikvm: Total arena pages for JIT: 15
07-02 05:28:49.049 30853 30860 I dalvikvm: Total arena pages for JIT: 16
07-02 05:28:49.049 30853 30860 I dalvikvm: Total arena pages for JIT: 17
07-02 05:29:37.213   145   200 D DhcpInfoInternal: makeLinkProperties with empty dns2!
07-02 05:29:37.213   145   200 D DhcpInfoInternal: makeLinkProperties with empty dns2!
07-02 05:29:48.139 30853 30860 I dalvikvm: Total arena pages for JIT: 18
07-02 05:29:48.185 30853 30856 D dalvikvm: GC_CONCURRENT freed 444K, 6% free 9957K/10503K, paused 7ms+3ms
07-02 05:29:52.275 30343 30356 I PhoneLab-: Service Running
07-02 05:29:52.353 30343 30356 I PhoneLab-LoggerService: app_37    1360  1     1436   996   c00f181c 400107b4 S logcat
07-02 05:29:52.353 30343 30356 I PhoneLab-LoggerService: Logcat pid from database 1360
07-02 05:29:52.353 30343 30356 I PhoneLab-LoggerService: Logcat process found 1360
07-02 05:29:52.353 30343 30356 I PhoneLab-LoggerService: Checking Threshold
07-02 05:29:52.353 30343 30356 I PhoneLab-LoggerService: Starting to rename files
07-02 05:29:52.353 30343 30356 I PhoneLab-LoggerService: Files found .. 2
07-02 05:30:02.389 30343 30343 I PhoneLab-Locks: wake lock acquired
07-02 05:30:02.455 30343 30897 I PhoneLab-PeriodicCheckService: User info is synched
07-02 05:30:02.475 30343 30897 I PhoneLab-PeriodicCheckService: Logger Service is running
07-02 05:30:02.478 30343 30343 I PhoneLab-Locks: wake lock acquired
07-02 05:30:02.482 30343 30343 I PhoneLab-StatusMonitor: Status Monitoring is started
07-02 05:30:02.482 30343 30897 I PhoneLab-Locks: wake lock acquired
07-02 05:30:02.486 30343 30897 I PhoneLab-PeriodicCheckService: Rescheduling periodic checking...
07-02 05:30:02.490 30343 30897 I PhoneLab-Locks: wake lock released
07-02 05:30:02.502 30343 30343 E PhoneLab-PhoneLabManifest: java.io.FileNotFoundException: /data/data/edu.buffalo.cse.phonelab.phonelabservices/files/manifest.xml: open failed: ENOENT (No such file or directory)
07-02 05:30:02.549 30343 30343 I PhoneLab-Locks: wake lock released
07-02 05:30:02.549 30343 30343 I PhoneLab-UploadLogs: Transfering log files now
07-02 05:30:02.732 30343 30345 D dalvikvm: GC_CONCURRENT freed 491K, 6% free 9173K/9735K, paused 8ms+4ms
07-02 05:30:02.760 30343 30343 D dalvikvm: GC_FOR_ALLOC freed 124K, 7% free 9199K/9799K, paused 13ms
07-02 05:30:02.760 30343 30343 I dalvikvm-heap: Grow heap (frag case) to 9.170MB for 123476-byte allocation
07-02 05:30:02.775 30343 30343 D dalvikvm: GC_FOR_ALLOC freed 56K, 7% free 9263K/9927K, paused 12ms
07-02 05:30:02.779 30343 30343 I dalvikvm-heap: Grow heap (frag case) to 9.358MB for 254548-byte allocation
07-02 05:30:02.791 30343 30343 D dalvikvm: GC_FOR_ALLOC freed 120K, 8% free 9391K/10183K, paused 12ms
07-02 05:30:02.795 30343 30343 I dalvikvm-heap: Grow heap (frag case) to 9.733MB for 516692-byte allocation
07-02 05:30:02.818 30343 30345 D dalvikvm: GC_CONCURRENT freed 248K, 10% free 9647K/10695K, paused 2ms+2ms
07-02 05:30:02.838 30343 30343 I PhoneLab-UploadLogs: OnStartCommand
07-02 05:30:02.975 30343 30899 D dalvikvm: GC_FOR_ALLOC freed 383K, 10% free 9631K/10695K, paused 50ms
07-02 05:30:02.994 30343 30899 D dalvikvm: GC_FOR_ALLOC freed 301K, 10% free 9631K/10695K, paused 19ms
07-02 05:30:03.014 30343 30899 D dalvikvm: GC_FOR_ALLOC freed 301K, 10% free 9638K/10695K, paused 11ms
07-02 05:30:03.709   145   175 I ActivityManager: Start proc com.twitter.android for service com.twitter.android/.client.AppService: pid=30900 uid=10064 gids={3003, 1015}
07-02 05:30:03.713 30900 30900 I dalvikvm: Turning on JNI app bug workarounds for target SDK version 11...
07-02 05:30:03.787 30900 30900 I ActivityThread: Pub com.twitter.android.provider.GlobalDatabaseProvider: com.twitter.android.provider.GlobalDatabaseProvider
07-02 05:30:03.791 30900 30900 I ActivityThread: Pub com.twitter.android.provider.TwitterProvider: com.twitter.android.provider.TwitterProvider
07-02 05:30:03.896 30900 30902 D dalvikvm: GC_CONCURRENT freed 204K, 3% free 9267K/9543K, paused 2ms+1ms
07-02 05:30:03.924   145   157 I ActivityManager: Process com.google.android.apps.maps:LocationFriendService (pid 30853) has died.
07-02 05:30:04.072   145   147 D dalvikvm: GC_CONCURRENT freed 2020K, 26% free 17353K/23367K, paused 21ms+7ms
07-02 05:30:04.244 30900 30902 D dalvikvm: GC_CONCURRENT freed 172K, 4% free 9502K/9799K, paused 1ms+1ms
07-02 05:30:04.373 30900 30902 D dalvikvm: GC_CONCURRENT freed 301K, 5% free 9627K/10055K, paused 1ms+2ms
07-02 05:30:04.494 30900 30902 D dalvikvm: GC_CONCURRENT freed 298K, 5% free 9760K/10183K, paused 1ms+2ms
07-02 05:30:04.615 30900 30902 D dalvikvm: GC_CONCURRENT freed 313K, 5% free 9885K/10311K, paused 2ms+2ms
07-02 05:30:04.740 30900 30902 D dalvikvm: GC_CONCURRENT freed 311K, 5% free 10021K/10439K, paused 2ms+1ms
07-02 05:30:04.857 30900 30902 D dalvikvm: GC_CONCURRENT freed 304K, 4% free 10154K/10567K, paused 1ms+2ms
07-02 05:30:04.971 30900 30902 D dalvikvm: GC_CONCURRENT freed 299K, 4% free 10279K/10695K, paused 1ms+2ms
07-02 05:30:05.158 30900 30902 D dalvikvm: GC_CONCURRENT freed 478K, 6% free 10227K/10823K, paused 2ms+4ms
07-02 05:30:05.283 30900 30902 D dalvikvm: GC_CONCURRENT freed 326K, 5% free 10298K/10823K, paused 1ms+2ms
07-02 05:30:05.416 30900 30902 D dalvikvm: GC_CONCURRENT freed 312K, 4% free 10405K/10823K, paused 2ms+1ms
07-02 05:30:05.541 30900 30902 D dalvikvm: GC_CONCURRENT freed 373K, 5% free 10473K/10951K, paused 2ms+2ms
07-02 05:30:05.646 30343 30343 I PhoneLab-: 1341219699528.log is deleted
07-02 05:30:05.646 30343 30343 I PhoneLab-: Response: {"data": "done", "err": ""}
07-02 05:30:05.658 30343 30343 I PhoneLab-UploadLogs: No log files to transfer
07-02 05:30:05.658 30343 30343 I PhoneLab-Locks: wake lock released
07-02 05:30:05.666 30900 30902 D dalvikvm: GC_CONCURRENT freed 347K, 5% free 10555K/11015K, paused 2ms+2ms
07-02 05:30:05.787 30900 30902 D dalvikvm: GC_CONCURRENT freed 337K, 4% free 10637K/11079K, paused 2ms+3ms
07-02 05:30:05.920 30900 30902 D dalvikvm: GC_CONCURRENT freed 362K, 5% free 10725K/11207K, paused 1ms+2ms
07-02 05:30:06.057 30900 30902 D dalvikvm: GC_CONCURRENT freed 401K, 5% free 10818K/11335K, paused 1ms+2ms
07-02 05:30:06.928 30900 30902 D dalvikvm: GC_CONCURRENT freed 344K, 5% free 11005K/11463K, paused 2ms+2ms
07-02 05:30:08.424   145  4009 D dalvikvm: GC_EXPLICIT freed 126K, 27% free 17259K/23367K, paused 3ms+6ms
07-02 05:30:08.639   145   329 I ActivityManager: Process android.process.media (pid 30824) has died.
07-02 05:30:10.346   145 30919 I ActivityManager: Applications Memory Usage (kB):
07-02 05:30:10.346   145 30919 I ActivityManager: Uptime: 101784688 Realtime: 112598247
07-02 05:30:10.346   145 30919 I ActivityManager: Total PSS by OOM adjustment:
07-02 05:30:10.346   145 30919 I ActivityManager:     27647 kB: System
07-02 05:30:10.346   145 30919 I ActivityManager:                27647 kB: system (pid 145)
07-02 05:30:10.346   145 30919 I ActivityManager:     28168 kB: Persistent
07-02 05:30:10.346   145 30919 I ActivityManager:                12438 kB: com.android.phone (pid 345)
07-02 05:30:10.346   145 30919 I ActivityManager:                11755 kB: com.android.systemui (pid 216)
07-02 05:30:10.346   145 30919 I ActivityManager:                 3975 kB: com.android.nfc (pid 362)
07-02 05:30:10.346   145 30919 I ActivityManager:     29853 kB: Foreground
07-02 05:30:10.346   145 30919 I ActivityManager:                29853 kB: com.android.launcher (pid 375)
07-02 05:30:10.346   145 30919 I ActivityManager:      7558 kB: Visible
07-02 05:30:10.346   145 30919 I ActivityManager:                 4677 kB: com.google.android.gsf.login (pid 1401)
07-02 05:30:10.346   145 30919 I ActivityManager:                 2881 kB: com.android.smspush (pid 454)
07-02 05:30:10.346   145 30919 I ActivityManager:      5694 kB: Perceptible
07-02 05:30:10.346   145 30919 I ActivityManager:                 5694 kB: com.klye.ime.latin (pid 10674)
07-02 05:30:10.346   145 30919 I ActivityManager:     35981 kB: A Services
07-02 05:30:10.346   145 30919 I ActivityManager:                11733 kB: com.google.process.gapps (pid 3921)
07-02 05:30:10.346   145 30919 I ActivityManager:                10418 kB: com.twitter.android (pid 30900)
07-02 05:30:10.346   145 30919 I ActivityManager:                 7997 kB: com.google.android.apps.maps:NetworkLocationService (pid 29965)
07-02 05:30:10.346   145 30919 I ActivityManager:                 5833 kB: edu.buffalo.cse.phonelab.phonelabservices (pid 30343)
07-02 05:30:10.346   145 30919 I ActivityManager:     77092 kB: Previous
07-02 05:30:10.346   145 30919 I ActivityManager:                77092 kB: org.mozilla.firefox_beta (pid 23141)
07-02 05:30:10.346   145 30919 I ActivityManager:     36891 kB: B Services
07-02 05:30:10.346   145 30919 I ActivityManager:                 9368 kB: com.facebook.katana (pid 30587)
07-02 05:30:10.346   145 30919 I ActivityManager:                 6743 kB: com.whatsapp (pid 30703)
07-02 05:30:10.346   145 30919 I ActivityManager:                 6355 kB: com.google.android.apps.maps (pid 10087)
07-02 05:30:10.346   145 30919 I ActivityManager:                 5946 kB: com.xabber.androiddev (pid 30383)
07-02 05:30:10.346   145 30919 I ActivityManager:                 5485 kB: com.google.android.apps.googlevoice (pid 30132)
07-02 05:30:10.346   145 30919 I ActivityManager:                 2994 kB: com.android.sprintmenu (pid 30001)
07-02 05:30:10.346   145 30919 I ActivityManager: 
07-02 05:30:10.346   145 30919 I ActivityManager: Total PSS: 248884 kB
07-02 05:30:10.346   145 30919 I ActivityManager:   PID      Vss      Rss      Pss      Uss  cmdline
07-02 05:30:10.346   145 30919 I ActivityManager: 23141   95248K   94752K   77173K   76024K  org.mozilla.firefox_beta
07-02 05:30:10.346   145 30919 I ActivityManager:   375   49600K   49516K   29965K   27280K  com.android.launcher
07-02 05:30:10.346   145 30919 I ActivityManager:   145   46088K   46020K   27709K   24880K  system_server
07-02 05:30:10.346   145 30919 I ActivityManager:    78   26576K   19520K   12741K    6828K  /system/bin/surfaceflinger
07-02 05:30:10.346   145 30919 I ActivityManager:   345   28384K   28304K   12487K   11572K  com.android.phone
07-02 05:30:10.346   145 30919 I ActivityManager:   216   31848K   31792K   11807K    7592K  com.android.systemui
07-02 05:30:10.346   145 30919 I ActivityManager:  3921   28596K   28512K   11779K   10752K  com.google.process.gapps
07-02 05:30:10.346   145 30919 I ActivityManager: 30900   31436K   31380K   10641K    8572K  com.twitter.android
07-02 05:30:10.346   145 30919 I ActivityManager: 30587   30392K   30328K    9424K    7352K  com.facebook.katana
07-02 05:30:10.346   145 30919 I ActivityManager: 29965   27976K   27916K    8051K    6352K  com.google.android.apps.maps:NetworkLocationService
07-02 05:30:10.346   145 30919 I ActivityManager: 30703   27516K   27448K    6796K    4988K  com.whatsapp
07-02 05:30:10.346   145 30919 I ActivityManager: 10087   23296K   23200K    6405K    5396K  com.google.android.apps.maps
07-02 05:30:10.346   145 30919 I ActivityManager: 30383   26512K   26448K    5997K    4380K  com.xabber.androiddev
07-02 05:30:10.346   145 30919 I ActivityManager: 30343   25604K   25536K    5885K    4252K  edu.buffalo.cse.phonelab.phonelabservices
07-02 05:30:10.346   145 30919 I ActivityManager: 10674   21852K   21752K    5742K    4828K  com.klye.ime.latin
07-02 05:30:10.346   145 30919 I ActivityManager: 30132   25364K   25264K    5539K    4140K  com.google.android.apps.googlevoice
07-02 05:30:10.346   145 30919 I ActivityManager:  1401   21388K   21288K    4726K    3748K  com.google.android.gsf.login
07-02 05:30:10.346   145 30919 I ActivityManager:   362   19864K   19772K    4025K    3136K  com.android.nfc
07-02 05:30:10.346   145 30919 I ActivityManager: 30001   22128K   22024K    3046K    1700K  com.android.sprintmenu
07-02 05:30:10.346   145 30919 I ActivityManager:   454   19136K   19024K    2929K    1916K  com.android.smspush
07-02 05:30:10.346   145 30919 I ActivityManager:    79   18976K   18848K    2424K    1288K  zygote
07-02 05:30:10.346   145 30919 I ActivityManager:    81    2816K    2816K    2394K    2360K  /system/bin/mediaserver
07-02 05:30:10.346   145 30919 I ActivityManager:    80    1184K    1184K     882K     872K  /system/bin/drmserver
07-02 05:30:10.346   145 30919 I ActivityManager:  1360    1000K     996K     848K     844K  logcat
07-02 05:30:10.346   145 30919 I ActivityManager: 30920     796K     788K     667K     664K  procrank
07-02 05:30:10.346   145 30919 I ActivityManager:    77     956K     956K     628K     612K  /system/bin/rild
07-02 05:30:10.346   145 30919 I ActivityManager:   306     808K     804K     542K     524K  /system/bin/wpa_supplicant
07-02 05:30:10.346   145 30919 I ActivityManager: 23821     588K     584K     382K     364K  /system/bin/netd
07-02 05:30:10.346   145 30919 I ActivityManager:    72     452K     448K     292K     284K  /system/bin/vold
07-02 05:30:10.346   145 30919 I ActivityManager:    86     492K     488K     283K     276K  /system/vendor/bin/gpsd
07-02 05:30:10.346   145 30919 I ActivityManager:   303     432K     432K     280K     276K  /system/bin/bluetoothd
07-02 05:30:10.346   145 30919 I ActivityManager:    88     244K     244K     228K     228K  /sbin/adbd
07-02 05:30:10.346   145 30919 I ActivityManager: 27052     352K     348K     196K     192K  /system/bin/dhcpcd
07-02 05:30:10.346   145 30919 I ActivityManager:    85     260K     252K     162K     160K  /system/bin/keystore
07-02 05:30:10.346   145 30919 I ActivityManager:    82     280K     272K     143K     140K  /system/bin/dbus-daemon
07-02 05:30:10.346   145 30919 I ActivityManager:     1     204K     204K     142K     104K  /init
07-02 05:30:10.346   145 30919 I ActivityManager:    61     160K     160K     122K      84K  /sbin/ueventd
07-02 05:30:10.346   145 30919 I ActivityManager:    87     212K     208K     106K     104K  /system/bin/sh
07-02 05:30:10.346   145 30919 I ActivityManager:    83     244K     236K      99K      96K  /system/bin/installd
07-02 05:30:10.346   145 30919 I ActivityManager:    71     208K     200K      94K      92K  /system/bi
07-02 05:30:10.467 30900 30902 D dalvikvm: GC_CONCURRENT freed 429K, 5% free 11237K/11783K, paused 4ms+3ms
07-02 05:30:13.752   362   362 D dalvikvm: GC_EXPLICIT freed <1K, 6% free 9102K/9607K, paused 15ms+2ms
07-02 05:30:18.771   375   375 D dalvikvm: GC_EXPLICIT freed 233K, 22% free 11541K/14791K, paused 16ms+5ms
07-02 05:30:23.814   145   161 D dalvikvm: GC_EXPLICIT freed 722K, 27% free 17256K/23367K, paused 26ms+5ms
07-02 05:30:28.768   216   216 D dalvikvm: GC_EXPLICIT freed 22K, 31% free 9961K/14343K, paused 16ms+3ms
07-02 05:30:33.768  1401  1401 D dalvikvm: GC_EXPLICIT freed <1K, 5% free 9465K/9927K, paused 14ms+2ms
07-02 05:30:38.994   345   345 D dalvikvm: GC_EXPLICIT freed 40K, 13% free 12185K/13895K, paused 3ms+3ms
07-02 05:30:44.010   454   454 D dalvikvm: GC_EXPLICIT freed <1K, 4% free 9037K/9347K, paused 13ms+1ms
07-02 05:30:46.779 23141 23141 W GeckoBatteryManager: When charging, level should increase!
07-02 05:30:48.127 29965 29968 D dalvikvm: GC_CONCURRENT freed 430K, 5% free 10500K/11015K, paused 2ms+9ms
07-02 05:30:48.170   145   365 I ActivityManager: Start proc com.google.android.apps.maps:LocationFriendService for service com.google.android.apps.maps/com.google.googlenav.friend.reporting.LocationReceiverService: pid=30923 uid=10056 gids={3003, 1015}
07-02 05:30:48.260   145   145 I ActivityManager: Process com.twitter.android (pid 30900) has died.
07-02 05:30:48.314 30923 30925 D dalvikvm: GC_CONCURRENT freed 161K, 3% free 9375K/9607K, paused 3ms+2ms
07-02 05:30:48.494 30923 30925 D dalvikvm: GC_CONCURRENT freed 151K, 3% free 9661K/9927K, paused 7ms+2ms
07-02 05:30:49.006 30923 30925 D dalvikvm: GC_CONCURRENT freed 246K, 4% free 9879K/10247K, paused 2ms+2ms
07-02 05:30:53.420 10674 10674 D dalvikvm: GC_EXPLICIT freed <1K, 18% free 10015K/12167K, paused 16ms+3ms
07-02 05:30:58.428 10087 10087 D dalvikvm: GC_EXPLICIT freed <1K, 4% free 10911K/11335K, paused 19ms+2ms
07-02 05:31:01.154 30946 30946 D dalvikvm: Late-enabling CheckJNI
07-02 05:31:01.154   145   162 I ActivityManager: Start proc com.chess for broadcast com.chess/.backend.AlarmReceiver: pid=30946 uid=10079 gids={3003, 1015}
07-02 05:31:01.299 30946 30948 D dalvikvm: GC_CONCURRENT freed 158K, 3% free 9378K/9607K, paused 1ms+2ms
07-02 05:31:01.447 30946 30960 D GetStringObjTask: retrieving from url = http://www.chess.com/api/get_move_status?id=y3ICtufzg6w7rQqcD3KFujVaIanpYba4bIpaeKElV1LNz3Sz4Fk9Yh5CeWaj8h4bQ2RY0CxFVgA%2ByBE5DE%2B1cAuw4i%2Bp2GVj5RbuDPEUotReGbS25iAukuBsuUd%2Fl5dp
07-02 05:31:01.908 30946 30960 D GetStringObjTask: WebRequest SERVER RESPONSE: Success+0
07-02 05:31:06.455 23141 23141 E GeckoApp: low memory
07-02 05:31:06.560 23141 23141 D dalvikvm: GC_EXPLICIT freed 25K, 21% free 10629K/13447K, paused 17ms+5ms
07-02 05:31:11.518 29965 29965 D dalvikvm: GC_EXPLICIT freed 227K, 6% free 10405K/11015K, paused 16ms+3ms
07-02 05:31:16.553 30001 30001 D dalvikvm: GC_EXPLICIT freed 2K, 4% free 9055K/9347K, paused 21ms+2ms
07-02 05:31:21.533 30132 30132 D dalvikvm: GC_EXPLICIT freed <1K, 5% free 9740K/10247K, paused 15ms+2ms
07-02 05:31:26.627  3921  3921 D dalvikvm: GC_EXPLICIT freed 219K, 6% free 10579K/11143K, paused 26ms+4ms
07-02 05:31:31.525 30343 30343 D dalvikvm: GC_EXPLICIT freed 847K, 15% free 9119K/10695K, paused 15ms+2ms
07-02 05:31:36.584 30383 30383 D dalvikvm: GC_EXPLICIT freed 128K, 4% free 10276K/10695K, paused 16ms+3ms
07-02 05:31:41.611 30587 30587 D dalvikvm: GC_EXPLICIT freed 66K, 5% free 10619K/11143K, paused 29ms+4ms
07-02 05:31:46.670 30703 30703 D dalvikvm: GC_EXPLICIT freed 556K, 7% free 9869K/10503K, paused 36ms+2ms
07-02 05:31:48.271 30923 30930 I dalvikvm: Total arena pages for JIT: 11
07-02 05:31:48.271 30923 30930 I dalvikvm: Total arena pages for JIT: 12
07-02 05:31:48.271 30923 30930 I dalvikvm: Total arena pages for JIT: 13
07-02 05:31:48.271 30923 30930 I dalvikvm: Total arena pages for JIT: 14
07-02 05:31:48.271 30923 30930 I dalvikvm: Total arena pages for JIT: 15
07-02 05:31:48.271 30923 30930 I dalvikvm: Total arena pages for JIT: 16
07-02 05:31:48.271 30923 30930 I dalvikvm: Total arena pages for JIT: 17
07-02 05:31:48.310 30923 30925 D dalvikvm: GC_CONCURRENT freed 433K, 6% free 9966K/10503K, paused 2ms+2ms
07-02 05:31:52.264 30343 30356 I PhoneLab-: Service Running
07-02 05:31:52.373 30343 30356 I PhoneLab-LoggerService: app_37    1360  1     1436   996   c00f181c 400107b4 S logcat
07-02 05:31:52.373 30343 30356 I PhoneLab-LoggerService: Logcat pid from database 1360
07-02 05:31:52.373 30343 30356 I PhoneLab-LoggerService: Logcat process found 1360
07-02 05:31:52.373 30343 30356 I PhoneLab-LoggerService: Checking Threshold
07-02 05:32:02.100   145   200 D DhcpInfoInternal: makeLinkProperties with empty dns2!
07-02 05:32:02.103   145   200 D DhcpInfoInternal: makeLinkProperties with empty dns2!
07-02 05:32:48.213 29965 29968 D dalvikvm: GC_CONCURRENT freed 493K, 6% free 10423K/11015K, paused 2ms+3ms
07-02 05:32:48.279 30923 30930 I dalvikvm: Total arena pages for JIT: 18
07-02 05:32:48.357 30923 30925 D dalvikvm: GC_CONCURRENT freed 487K, 6% free 9962K/10567K, paused 2ms+2ms
07-02 05:33:52.264 30343 30356 I PhoneLab-: Service Running
07-02 05:33:52.342 30343 30356 I PhoneLab-LoggerService: app_37    1360  1     1436   996   c00f181c 400107b4 S logcat
07-02 05:33:52.342 30343 30356 I PhoneLab-LoggerService: Logcat pid from database 1360
07-02 05:33:52.342 30343 30356 I PhoneLab-LoggerService: Logcat process found 1360
07-02 05:33:52.342 30343 30356 I PhoneLab-LoggerService: Checking Threshold
07-02 05:34:26.978   145   200 D DhcpInfoInternal: makeLinkProperties with empty dns2!
07-02 05:34:26.982   145   200 D DhcpInfoInternal: makeLinkProperties with empty dns2!
07-02 05:34:48.342 29965 29968 D dalvikvm: GC_CONCURRENT freed 513K, 6% free 10421K/11015K, paused 2ms+3ms
07-02 05:34:48.467 30923 30925 D dalvikvm: GC_CONCURRENT freed 480K, 6% free 9960K/10567K, paused 2ms+3ms
07-02 05:35:08.486   145   175 I ActivityManager: Start proc com.twitter.android for service com.twitter.android/.client.AppService: pid=31008 uid=10064 gids={3003, 1015}
07-02 05:35:08.494 31008 31008 I dalvikvm: Turning on JNI app bug workarounds for target SDK version 11...
07-02 05:35:08.549 31008 31008 I ActivityThread: Pub com.twitter.android.provider.GlobalDatabaseProvider: com.twitter.android.provider.GlobalDatabaseProvider
07-02 05:35:08.557 31008 31008 I ActivityThread: Pub com.twitter.android.provider.TwitterProvider: com.twitter.android.provider.TwitterProvider
07-02 05:35:08.643 31008 31010 D dalvikvm: GC_CONCURRENT freed 184K, 4% free 9289K/9607K, paused 2ms+2ms
07-02 05:35:08.869 31008 31010 D dalvikvm: GC_CONCURRENT freed 231K, 4% free 9511K/9863K, paused 2ms+2ms
07-02 05:35:09.010 31008 31010 D dalvikvm: GC_CONCURRENT freed 304K, 5% free 9642K/10055K, paused 1ms+2ms
07-02 05:35:09.150 31008 31010 D dalvikvm: GC_CONCURRENT freed 297K, 5% free 9767K/10183K, paused 1ms+2ms
07-02 05:35:09.275 31008 31010 D dalvikvm: GC_CONCURRENT freed 297K, 5% free 9892K/10311K, paused 2ms+2ms
07-02 05:35:09.396 31008 31010 D dalvikvm: GC_CONCURRENT freed 302K, 4% free 10024K/10439K, paused 1ms+2ms
07-02 05:35:09.510 31008 31010 D dalvikvm: GC_CONCURRENT freed 299K, 4% free 10152K/10567K, paused 1ms+1ms
07-02 05:35:09.623 31008 31010 D dalvikvm: GC_CONCURRENT freed 298K, 4% free 10280K/10695K, paused 1ms+2ms
07-02 05:35:09.803 31008 31010 D dalvikvm: GC_CONCURRENT freed 476K, 6% free 10224K/10823K, paused 2ms+5ms
07-02 05:35:09.924 31008 31010 D dalvikvm: GC_CONCURRENT freed 325K, 5% free 10300K/10823K, paused 1ms+2ms
07-02 05:35:10.060 31008 31010 D dalvikvm: GC_CONCURRENT freed 318K, 5% free 10384K/10823K, paused 1ms+2ms
07-02 05:35:10.193 31008 31010 D dalvikvm: GC_CONCURRENT freed 356K, 5% free 10500K/10951K, paused 2ms+2ms
07-02 05:35:10.314 31008 31010 D dalvikvm: GC_CONCURRENT freed 410K, 5% free 10565K/11079K, paused 1ms+2ms
07-02 05:35:10.439 31008 31010 D dalvikvm: GC_CONCURRENT freed 379K, 5% free 10657K/11143K, paused 2ms+2ms
07-02 05:35:10.564 31008 31010 D dalvikvm: GC_CONCURRENT freed 399K, 5% free 10753K/11271K, paused 2ms+2ms
07-02 05:35:10.717 31008 31010 D dalvikvm: GC_CONCURRENT freed 373K, 5% free 10898K/11399K, paused 2ms+3ms
07-02 05:35:11.998 31008 31010 D dalvikvm: GC_CONCURRENT freed 389K, 5% free 11071K/11591K, paused 5ms+3ms
07-02 05:35:12.154   145  1149 I ActivityManager: Process com.google.android.apps.maps:NetworkLocationService (pid 29965) has died.
07-02 05:35:12.154   145  1149 W ActivityManager: Scheduling restart of crashed service com.google.android.apps.maps/com.google.android.location.internal.server.NetworkLocationService in 5000ms
07-02 05:35:13.830 31008 31010 D dalvikvm: GC_CONCURRENT freed 396K, 5% free 11265K/11783K, paused 4ms+3ms
07-02 05:35:17.228   145   162 I ActivityManager: Start proc com.google.android.apps.maps:NetworkLocationService for service com.google.android.apps.maps/com.google.android.location.internal.server.NetworkLocationService: pid=31030 uid=10056 gids={3003, 1015}
07-02 05:35:17.346 31030 31033 D dalvikvm: GC_CONCURRENT freed 166K, 3% free 9369K/9607K, paused 2ms+6ms
07-02 05:35:17.721 31030 31033 D dalvikvm: GC_CONCURRENT freed 159K, 3% free 9676K/9927K, paused 2ms+3ms
07-02 05:35:18.107   145   365 I ActivityManager: Process com.chess (pid 30946) has died.
07-02 05:35:18.182 31030 31033 D dalvikvm: GC_CONCURRENT freed 177K, 3% free 10062K/10311K, paused 5ms+2ms
07-02 05:35:18.373 31030 31033 D dalvikvm: GC_CONCURRENT freed 661K, 8% free 9887K/10631K, paused 3ms+2ms
07-02 05:35:18.467   145   162 I ActivityManager: Start proc com.google.android.apps.maps:FriendService for broadcast com.google.android.apps.maps/com.google.googlenav.friend.android.ServiceReceiver: pid=31051 uid=10056 gids={3003, 1015}
07-02 05:35:18.588 31051 31054 D dalvikvm: GC_CONCURRENT freed 171K, 3% free 9365K/9607K, paused 2ms+2ms
07-02 05:35:18.728 31051 31054 D dalvikvm: GC_CONCURRENT freed 184K, 3% free 9648K/9927K, paused 1ms+2ms
07-02 05:35:18.853 31030 31037 I dalvikvm: Total arena pages for JIT: 11
07-02 05:35:18.853 31030 31037 I dalvikvm: Total arena pages for JIT: 12
07-02 05:35:18.853 31030 31037 I dalvikvm: Total arena pages for JIT: 13
07-02 05:35:18.857 31030 31037 I dalvikvm: Total arena pages for JIT: 14
07-02 05:35:18.857 31030 31037 I dalvikvm: Total arena pages for JIT: 15
07-02 05:35:18.857 31030 31037 I dalvikvm: Total arena pages for JIT: 16
07-02 05:35:18.857 31030 31037 I dalvikvm: Total arena pages for JIT: 17
07-02 05:35:18.939 31030 31037 I dalvikvm: Total arena pages for JIT: 18
07-02 05:35:19.045 31030 31033 D dalvikvm: GC_CONCURRENT freed 200K, 5% free 10166K/10631K, paused 2ms+3ms
07-02 05:35:19.428 31030 31033 D dalvikvm: GC_CONCURRENT freed 418K, 5% free 10203K/10695K, paused 1ms+3ms
07-02 05:35:20.553   145   329 I ActivityManager: Process com.android.sprintmenu (pid 30001) has died.
07-02 05:35:20.553   145   329 W ActivityManager: Scheduling restart of crashed service com.android.sprintmenu/.HiddenPhoneService in 5000ms
07-02 05:35:20.701 30923 30925 D dalvikvm: GC_CONCURRENT freed 442K, 6% free 10017K/10567K, paused 3ms+4ms
07-02 05:35:20.834   216   218 D dalvikvm: GC_CONCURRENT freed 227K, 29% free 10191K/14343K, paused 2ms+3ms
07-02 05:35:20.896   216   218 D dalvikvm: GC_CONCURRENT freed 501K, 30% free 10142K/14343K, paused 2ms+3ms
07-02 05:35:21.021   216   218 D dalvikvm: GC_CONCURRENT freed 494K, 31% free 10038K/14343K, paused 2ms+6ms
07-02 05:35:21.787   145   348 I ActivityManager: Process com.twitter.android (pid 31008) has died.
07-02 05:35:24.830   216   216 D dalvikvm: GC_FOR_ALLOC freed 418K, 31% free 10001K/14343K, paused 16ms
07-02 05:35:24.889   216   218 D dalvikvm: GC_CONCURRENT freed 333K, 30% free 10146K/14343K, paused 2ms+2ms
07-02 05:35:24.998   216   218 D dalvikvm: GC_CONCURRENT freed 503K, 30% free 10073K/14343K, paused 2ms+4ms
07-02 05:35:25.623   145   162 I ActivityManager: Start proc com.android.sprintmenu for service com.android.sprintmenu/.HiddenPhoneService: pid=31068 uid=1001 gids={3002, 3001, 3003, 1015}
07-02 05:35:52.264 30343 30356 I PhoneLab-: Service Running
07-02 05:35:52.361 30343 30356 I PhoneLab-LoggerService: app_37    1360  1     1436   996   c00f181c 400107b4 S logcat
07-02 05:35:52.361 30343 30356 I PhoneLab-LoggerService: Logcat pid from database 1360
07-02 05:35:52.361 30343 30356 I PhoneLab-LoggerService: Logcat process found 1360
07-02 05:35:52.361 30343 30356 I PhoneLab-LoggerService: Checking Threshold
07-02 05:36:01.158 31086 31086 D dalvikvm: Late-enabling CheckJNI
07-02 05:36:01.162   145   162 I ActivityManager: Start proc com.chess for broadcast com.chess/.backend.AlarmReceiver: pid=31086 uid=10079 gids={3003, 1015}
07-02 05:36:01.303 31086 31088 D dalvikvm: GC_CONCURRENT freed 173K, 3% free 9363K/9607K, paused 2ms+2ms
07-02 05:36:01.350 31086 31100 D GetStringObjTask: retrieving from url = http://www.chess.com/api/get_move_status?id=y3ICtufzg6w7rQqcD3KFujVaIanpYba4bIpaeKElV1LNz3Sz4Fk9Yh5CeWaj8h4bQ2RY0CxFVgA%2ByBE5DE%2B1cAuw4i%2Bp2GVj5RbuDPEUotReGbS25iAukuBsuUd%2Fl5dp
07-02 05:36:01.916 31086 31100 D GetStringObjTask: WebRequest SERVER RESPONSE: Success+0
07-02 05:36:19.615   145   145 D dalvikvm: GC_EXPLICIT freed 1419K, 26% free 17360K/23367K, paused 38ms+10ms
07-02 05:36:20.986 31030 31033 D dalvikvm: GC_CONCURRENT freed 503K, 6% free 10244K/10823K, paused 2ms+2ms
07-02 05:36:21.084 30923 30925 D dalvikvm: GC_CONCURRENT freed 598K, 7% free 9960K/10631K, paused 2ms+2ms
07-02 05:36:21.107   145   329 I ActivityManager: Process com.google.android.apps.maps:FriendService (pid 31051) has died.
07-02 05:36:51.877   145   200 D DhcpInfoInternal: makeLinkProperties with empty dns2!
07-02 05:36:51.881   145   200 D DhcpInfoInternal: makeLinkProperties with empty dns2!
07-02 05:37:21.131 30923 30925 D dalvikvm: GC_CONCURRENT freed 432K, 6% free 10037K/10631K, paused 2ms+3ms
07-02 05:37:52.264 30343 30356 I PhoneLab-: Service Running
07-02 05:37:52.369 30343 30356 I PhoneLab-LoggerService: app_37    1360  1     1436   996   c00f181c 400107b4 S logcat
07-02 05:37:52.369 30343 30356 I PhoneLab-LoggerService: Logcat pid from database 1360
07-02 05:37:52.373 30343 30356 I PhoneLab-LoggerService: Logcat process found 1360
07-02 05:37:52.373 30343 30356 I PhoneLab-LoggerService: Checking Threshold
07-02 05:38:21.096 31030 31033 D dalvikvm: GC_CONCURRENT freed 561K, 6% free 10250K/10887K, paused 2ms+3ms
07-02 05:38:21.154  3921  3932 D dalvikvm: GC_EXPLICIT freed 249K, 6% free 10527K/11143K, paused 2ms+4ms
07-02 05:38:21.232   145   157 I ActivityManager: Process com.chess (pid 31086) has died.
07-02 05:38:22.834   145 31130 I ActivityManager: Applications Memory Usage (kB):
07-02 05:38:22.834   145 31130 I ActivityManager: Uptime: 102277275 Realtime: 113090834
07-02 05:38:22.834   145 31130 I ActivityManager: Total PSS by OOM adjustment:
07-02 05:38:22.834   145 31130 I ActivityManager:     28839 kB: System
07-02 05:38:22.834   145 31130 I ActivityManager:                28839 kB: system (pid 145)
07-02 05:38:22.834   145 31130 I ActivityManager:     28843 kB: Persistent
07-02 05:38:22.834   145 31130 I ActivityManager:                12443 kB: com.android.phone (pid 345)
07-02 05:38:22.834   145 31130 I ActivityManager:                12413 kB: com.android.systemui (pid 216)
07-02 05:38:22.834   145 31130 I ActivityManager:                 3987 kB: com.android.nfc (pid 362)
07-02 05:38:22.834   145 31130 I ActivityManager:     29929 kB: Foreground
07-02 05:38:22.834   145 31130 I ActivityManager:                29929 kB: com.android.launcher (pid 375)
07-02 05:38:22.834   145 31130 I ActivityManager:      7578 kB: Visible
07-02 05:38:22.834   145 31130 I ActivityManager:                 4699 kB: com.google.android.gsf.login (pid 1401)
07-02 05:38:22.834   145 31130 I ActivityManager:                 2879 kB: com.android.smspush (pid 454)
07-02 05:38:22.834   145 31130 I ActivityManager:      5693 kB: Perceptible
07-02 05:38:22.834   145 31130 I ActivityManager:                 5693 kB: com.klye.ime.latin (pid 10674)
07-02 05:38:22.834   145 31130 I ActivityManager:     33504 kB: A Services
07-02 05:38:22.834   145 31130 I ActivityManager:                12159 kB: com.google.process.gapps (pid 3921)
07-02 05:38:22.834   145 31130 I ActivityManager:                10057 kB: com.facebook.katana (pid 30587)
07-02 05:38:22.834   145 31130 I ActivityManager:                 8332 kB: com.google.android.apps.maps:NetworkLocationService (pid 31030)
07-02 05:38:22.834   145 31130 I ActivityManager:                 2956 kB: com.android.sprintmenu (pid 31068)
07-02 05:38:22.834   145 31130 I ActivityManager:     77238 kB: Previous
07-02 05:38:22.834   145 31130 I ActivityManager:                77238 kB: org.mozilla.firefox_beta (pid 23141)
07-02 05:38:22.834   145 31130 I ActivityManager:     30378 kB: B Services
07-02 05:38:22.834   145 31130 I ActivityManager:                 6708 kB: com.whatsapp (pid 30703)
07-02 05:38:22.834   145 31130 I ActivityManager:                 6343 kB: com.google.android.apps.maps (pid 10087)
07-02 05:38:22.834   145 31130 I ActivityManager:                 6027 kB: com.xabber.androiddev (pid 30383)
07-02 05:38:22.834   145 31130 I ActivityManager:                 5717 kB: edu.buffalo.cse.phonelab.phonelabservices (pid 30343)
07-02 05:38:22.834   145 31130 I ActivityManager:                 5583 kB: com.google.android.apps.googlevoice (pid 30132)
07-02 05:38:22.834   145 31130 I ActivityManager:      8336 kB: Background
07-02 05:38:22.834   145 31130 I ActivityManager:                 8336 kB: com.google.android.apps.maps:LocationFriendService (pid 30923)
07-02 05:38:22.834   145 31130 I ActivityManager: 
07-02 05:38:22.834   145 31130 I ActivityManager: Total PSS: 250338 kB
07-02 05:38:22.834   145 31130 I ActivityManager:   PID      Vss      Rss      Pss      Uss  cmdline
07-02 05:38:22.834   145 31130 I ActivityManager: 23141   95392K   94896K   77321K   76164K  org.mozilla.firefox_beta
07-02 05:38:22.834   145 31130 I ActivityManager:   375   49676K   49592K   30040K   27352K  com.android.launcher
07-02 05:38:22.834   145 31130 I ActivityManager:   145   47320K   47256K   28888K   26004K  system_server
07-02 05:38:22.834   145 31130 I ActivityManager:    78   26576K   19520K   12741K    6828K  /system/bin/surfaceflinger
07-02 05:38:22.834   145 31130 I ActivityManager:   345   28396K   28316K   12490K   11572K  com.android.phone
07-02 05:38:22.834   145 31130 I ActivityManager:   216   32592K   32536K   12461K    8176K  com.android.systemui
07-02 05:38:22.834   145 31130 I ActivityManager:  3921   29000K   28916K   12206K   11152K  com.google.process.gapps
07-02 05:38:22.834   145 31130 I ActivityManager: 30587   30712K   30616K   10109K    8348K  com.facebook.katana
07-02 05:38:22.834   145 31130 I ActivityManager: 30923   29716K   29660K    8389K    5784K  com.google.android.apps.maps:LocationFriendService
07-02 05:38:22.834   145 31130 I ActivityManager: 31030   29452K   29388K    8386K    5824K  com.google.android.apps.maps:NetworkLocationService
07-02 05:38:22.834   145 31130 I ActivityManager: 30703   27368K   27268K    6760K    5128K  com.whatsapp
07-02 05:38:22.834   145 31130 I ActivityManager: 10087   23324K   23228K    6392K    5376K  com.google.android.apps.maps
07-02 05:38:22.834   145 31130 I ActivityManager: 30383   26608K   26512K    6077K    4476K  com.xabber.androiddev
07-02 05:38:22.834   145 31130 I ActivityManager: 30343   25248K   25148K    5768K    4336K  edu.buffalo.cse.phonelab.phonelabservices
07-02 05:38:22.834   145 31130 I ActivityManager: 10674   21856K   21756K    5738K    4828K  com.klye.ime.latin
07-02 05:38:22.834   145 31130 I ActivityManager: 30132   25436K   25336K    5633K    4248K  com.google.android.apps.googlevoice
07-02 05:38:22.834   145 31130 I ActivityManager:  1401   21392K   21292K    4748K    3748K  com.google.android.gsf.login
07-02 05:38:22.834   145 31130 I ActivityManager:   362   19880K   19788K    4035K    3148K  com.android.nfc
07-02 05:38:22.834   145 31130 I ActivityManager: 31068   21988K   21884K    3010K    1520K  com.android.sprintmenu
07-02 05:38:22.834   145 31130 I ActivityManager:   454   19140K   19028K    2927K    1916K  com.android.smspush
07-02 05:38:22.834   145 31130 I ActivityManager:    79   18976K   18848K    2295K    1052K  zygote
07-02 05:38:22.834   145 31130 I ActivityManager:    81    2600K    2600K    2174K    2136K  /system/bin/mediaserver
07-02 05:38:22.834   145 31130 I ActivityManager:    80    1184K    1184K     882K     872K  /system/bin/drmserver
07-02 05:38:22.834   145 31130 I ActivityManager:  1360    1000K     996K     848K     844K  logcat
07-02 05:38:22.834   145 31130 I ActivityManager:    77    1068K    1068K     738K     720K  /system/bin/rild
07-02 05:38:22.834   145 31130 I ActivityManager: 31131     796K     788K     667K     664K  procrank
07-02 05:38:22.834   145 31130 I ActivityManager:   306     800K     796K     538K     516K  /system/bin/wpa_supplicant
07-02 05:38:22.834   145 31130 I ActivityManager: 23821     592K     588K     387K     368K  /system/bin/netd
07-02 05:38:22.834   145 31130 I ActivityManager:    86     520K     516K     307K     296K  /system/vendor/bin/gpsd
07-02 05:38:22.834   145 31130 I ActivityManager:    72     456K     452K     296K     288K  /system/bin/vold
07-02 05:38:22.834   145 31130 I ActivityManager:   303     432K     432K     280K     276K  /system/bin/bluetoothd
07-02 05:38:22.834   145 31130 I ActivityManager:    88     244K     244K     228K     228K  /sbin/adbd
07-02 05:38:22.834   145 31130 I ActivityManager: 27052     352K     348K     196K     192K  /system/bin/dhcpcd
07-02 05:38:22.834   145 31130 I ActivityManager:    85     260K     252K     162K     160K  /system/bin/keystore
07-02 05:38:22.834   145 31130 I ActivityManager:    82     280K     272K     143K     140K  /system/bin/dbus-daemon
07-02 05:38:22.834   145 31130 I ActivityManager:     1     204K     204K     142K     104K  /init
07-02 05:38:22.834   145 31130 I ActivityManager:    61     160K     160K     122K      84K  /sbin/ueventd
07-02 05:38:22.834   145 31130 I ActivityManager:    87     212K     208K     106K     104K  /system/bin/sh
07-02 05:38:22.834   145 31130 I ActivityManager:    83     244K     236K      9
07-02 05:38:26.350   362   362 D dalvikvm: GC_EXPLICIT freed <1K, 6% free 9102K/9607K, paused 15ms+2ms
07-02 05:38:31.369   375   375 D dalvikvm: GC_EXPLICIT freed 82K, 22% free 11541K/14791K, paused 16ms+4ms
07-02 05:38:36.412   145   161 D dalvikvm: GC_EXPLICIT freed 1149K, 27% free 17284K/23367K, paused 24ms+7ms
07-02 05:38:41.361   216   216 D dalvikvm: GC_EXPLICIT freed 127K, 31% free 9967K/14343K, paused 16ms+2ms
07-02 05:38:46.365  1401  1401 D dalvikvm: GC_EXPLICIT freed <1K, 5% free 9465K/9927K, paused 14ms+2ms
07-02 05:38:54.369   345   345 D dalvikvm: GC_EXPLICIT freed 17K, 13% free 12185K/13895K, paused 38ms+3ms
07-02 05:38:59.346   454   454 D dalvikvm: GC_EXPLICIT freed <1K, 4% free 9037K/9347K, paused 14ms+1ms
07-02 05:39:05.107 10674 10674 D dalvikvm: GC_EXPLICIT freed <1K, 18% free 10015K/12167K, paused 1ms+3ms
07-02 05:39:10.193 10087 10087 D dalvikvm: GC_EXPLICIT freed <1K, 4% free 10910K/11335K, paused 22ms+3ms
07-02 05:39:15.092 23141 23141 E GeckoApp: low memory
07-02 05:39:15.162 23141 23141 D dalvikvm: GC_EXPLICIT freed 5K, 21% free 10629K/13447K, paused 17ms+4ms
07-02 05:39:16.553   145   200 D DhcpInfoInternal: makeLinkProperties with empty dns2!
07-02 05:39:16.553   145   200 D DhcpInfoInternal: makeLinkProperties with empty dns2!
07-02 05:39:21.217  3921  4131 I EventLogService: Aggregate from 1341220161022 (log), 1341220161022 (data)
07-02 05:39:21.232 30923 30925 D dalvikvm: GC_CONCURRENT freed 551K, 7% free 9992K/10631K, paused 2ms+2ms
07-02 05:39:26.244 30132 30132 D dalvikvm: GC_EXPLICIT freed <1K, 5% free 9740K/10247K, paused 2ms+3ms
07-02 05:39:31.295 30383 30383 D dalvikvm: GC_EXPLICIT freed 51K, 4% free 10275K/10695K, paused 16ms+2ms
07-02 05:39:36.295 30703 30703 D dalvikvm: GC_EXPLICIT freed 66K, 7% free 9865K/10503K, paused 17ms+2ms
07-02 05:39:41.295 30343 30343 D dalvikvm: GC_EXPLICIT freed 221K, 15% free 9096K/10695K, paused 15ms+3ms
07-02 05:39:46.326 30587 30587 D dalvikvm: GC_EXPLICIT freed 284K, 5% free 10653K/11143K, paused 19ms+3ms
07-02 05:39:51.330  3921  3921 D dalvikvm: GC_EXPLICIT freed 134K, 6% free 10477K/11143K, paused 18ms+3ms
07-02 05:39:52.264 30343 30356 I PhoneLab-: Service Running
07-02 05:39:52.342 30343 30356 I PhoneLab-LoggerService: app_37    1360  1     1436   996   c00f181c 400107b4 S logcat
07-02 05:39:52.342 30343 30356 I PhoneLab-LoggerService: Logcat pid from database 1360
07-02 05:39:52.342 30343 30356 I PhoneLab-LoggerService: Logcat process found 1360
07-02 05:39:52.342 30343 30356 I PhoneLab-LoggerService: Checking Threshold
07-02 05:39:56.357 30923 30923 D dalvikvm: GC_EXPLICIT freed 255K, 7% free 9907K/10631K, paused 21ms+3ms
07-02 05:40:05.123 31030 31030 D dalvikvm: GC_EXPLICIT freed 295K, 7% free 10233K/10887K, paused 2ms+2ms
07-02 05:40:10.185 31068 31068 D dalvikvm: GC_EXPLICIT freed 70K, 4% free 9056K/9347K, paused 16ms+2ms
07-02 05:40:13.064   145   175 I ActivityManager: Start proc com.twitter.android for service com.twitter.android/.client.AppService: pid=31153 uid=10064 gids={3003, 1015}
07-02 05:40:13.092 31153 31153 I dalvikvm: Turning on JNI app bug workarounds for target SDK version 11...
07-02 05:40:13.100    79    79 D dalvikvm: GC_EXPLICIT freed 38K, 4% free 9031K/9347K, paused 8ms+7ms
07-02 05:40:13.146    79    79 D dalvikvm: GC_EXPLICIT freed <1K, 4% free 9031K/9347K, paused 3ms+2ms
07-02 05:40:13.182 31153 31153 I ActivityThread: Pub com.twitter.android.provider.GlobalDatabaseProvider: com.twitter.android.provider.GlobalDatabaseProvider
07-02 05:40:13.185 31153 31153 I ActivityThread: Pub com.twitter.android.provider.TwitterProvider: com.twitter.android.provider.TwitterProvider
07-02 05:40:13.185    79    79 D dalvikvm: GC_EXPLICIT freed <1K, 4% free 9031K/9347K, paused 5ms+7ms
07-02 05:40:13.240 31153 31155 D dalvikvm: GC_CONCURRENT freed 201K, 4% free 9289K/9607K, paused 6ms+2ms
07-02 05:40:13.533 31153 31155 D dalvikvm: GC_CONCURRENT freed 225K, 4% free 9507K/9863K, paused 2ms+1ms
07-02 05:40:13.670 31153 31155 D dalvikvm: GC_CONCURRENT freed 305K, 5% free 9640K/10055K, paused 1ms+2ms
07-02 05:40:13.713   145   365 I ActivityManager: Process com.google.android.apps.maps:LocationFriendService (pid 30923) has died.
07-02 05:40:13.830 31153 31155 D dalvikvm: GC_CONCURRENT freed 289K, 5% free 9763K/10183K, paused 2ms+1ms
07-02 05:40:13.943 31153 31155 D dalvikvm: GC_CONCURRENT freed 295K, 4% free 9903K/10311K, paused 1ms+2ms
07-02 05:40:14.064 31153 31155 D dalvikvm: GC_CONCURRENT freed 311K, 5% free 10020K/10439K, paused 2ms+2ms
07-02 05:40:14.178 31153 31155 D dalvikvm: GC_CONCURRENT freed 298K, 4% free 10152K/10567K, paused 2ms+2ms
07-02 05:40:14.291 31153 31155 D dalvikvm: GC_CONCURRENT freed 306K, 4% free 10280K/10695K, paused 1ms+2ms
07-02 05:40:14.432 31153 31155 D dalvikvm: GC_CONCURRENT freed 477K, 6% free 10227K/10823K, paused 2ms+1ms
07-02 05:40:14.549 31153 31155 D dalvikvm: GC_CONCURRENT freed 330K, 5% free 10297K/10823K, paused 1ms+2ms
07-02 05:40:14.682 31153 31155 D dalvikvm: GC_CONCURRENT freed 319K, 5% free 10387K/10823K, paused 1ms+2ms
07-02 05:40:14.803 31153 31155 D dalvikvm: GC_CONCURRENT freed 364K, 5% free 10472K/10951K, paused 1ms+2ms
07-02 05:40:14.924 31153 31155 D dalvikvm: GC_CONCURRENT freed 359K, 5% free 10557K/11015K, paused 1ms+3ms
07-02 05:40:15.037 31153 31155 D dalvikvm: GC_CONCURRENT freed 321K, 4% free 10637K/11079K, paused 1ms+2ms
07-02 05:40:15.166 31153 31155 D dalvikvm: GC_CONCURRENT freed 373K, 5% free 10727K/11207K, paused 2ms+2ms
07-02 05:40:15.287 31153 31155 D dalvikvm: GC_CONCURRENT freed 397K, 5% free 10821K/11335K, paused 1ms+2ms
07-02 05:40:16.103 31153 31155 D dalvikvm: GC_CONCURRENT freed 338K, 5% free 11004K/11463K, paused 2ms+2ms
07-02 05:40:17.662 31153 31155 D dalvikvm: GC_CONCURRENT freed 464K, 6% free 11129K/11719K, paused 14ms+6ms
07-02 05:40:19.045 31153 31155 D dalvikvm: GC_CONCURRENT freed 416K, 5% free 11322K/11847K, paused 12ms+3ms
07-02 05:40:21.178   145  1149 I ActivityManager: Start proc com.google.android.apps.maps:LocationFriendService for service com.google.android.apps.maps/com.google.googlenav.friend.reporting.LocationReceiverService: pid=31176 uid=10056 gids={3003, 1015}
07-02 05:40:21.307 31176 31179 D dalvikvm: GC_CONCURRENT freed 151K, 3% free 9384K/9607K, paused 2ms+3ms
07-02 05:40:21.408   145   145 I ActivityManager: Process com.twitter.android (pid 31153) has died.
07-02 05:40:21.498 31176 31179 D dalvikvm: GC_CONCURRENT freed 161K, 3% free 9678K/9927K, paused 2ms+1ms
07-02 05:40:21.893 31176 31179 D dalvikvm: GC_CONCURRENT freed 316K, 5% free 9892K/10311K, paused 2ms+2ms
07-02 05:41:01.162 31199 31199 D dalvikvm: Late-enabling CheckJNI
07-02 05:41:01.162   145   162 I ActivityManager: Start proc com.chess for broadcast com.chess/.backend.AlarmReceiver: pid=31199 uid=10079 gids={3003, 1015}
07-02 05:41:01.279 31199 31201 D dalvikvm: GC_CONCURRENT freed 154K, 3% free 9381K/9607K, paused 2ms+2ms
07-02 05:41:01.326 31199 31213 D GetStringObjTask: retrieving from url = http://www.chess.com/api/get_move_status?id=y3ICtufzg6w7rQqcD3KFujVaIanpYba4bIpaeKElV1LNz3Sz4Fk9Yh5CeWaj8h4bQ2RY0CxFVgA%2ByBE5DE%2B1cAuw4i%2Bp2GVj5RbuDPEUotReGbS25iAukuBsuUd%2Fl5dp
07-02 05:41:01.787 31199 31213 D GetStringObjTask: WebRequest SERVER RESPONSE: Success+0
07-02 05:41:01.810   145  9966 I ActivityManager: Process com.google.android.apps.googlevoice (pid 30132) has died.
07-02 05:41:01.810   145  9966 W ActivityManager: Scheduling restart of crashed service com.google.android.apps.googlevoice/.CallLogService in 5000ms
07-02 05:41:01.810   145  9966 W ActivityManager: Scheduling restart of crashed service com.google.android.apps.googlevoice/.UpdateService in 15000ms
07-02 05:41:06.885   145   162 I ActivityManager: Start proc com.google.android.apps.googlevoice for service com.google.android.apps.googlevoice/.CallLogService: pid=31215 uid=10054 gids={3003, 1015}
07-02 05:41:07.287 31215 31217 D dalvikvm: GC_CONCURRENT freed 227K, 4% free 9309K/9607K, paused 13ms+2ms
07-02 05:41:07.334   145   348 I ActivityManager: Start proc android.process.acore for content provider com.android.providers.contacts/.VoicemailContentProvider: pid=31230 uid=10000 gids={3003, 1015}
07-02 05:41:07.393 31230 31230 I ActivityThread: Pub call_log: com.android.providers.contacts.CallLogProvider
07-02 05:41:07.439 31230 31230 I ActivityThread: Pub com.android.voicemail: com.android.providers.contacts.VoicemailContentProvider
07-02 05:41:07.447 31230 31230 I ActivityThread: Pub user_dictionary: com.android.providers.userdictionary.UserDictionaryProvider
07-02 05:41:07.471 31230 31230 I ActivityThread: Pub com.android.social: com.android.providers.contacts.SocialProvider
07-02 05:41:07.475 31230 31230 I ActivityThread: Pub applications: com.android.providers.applications.ApplicationsProvider
07-02 05:41:07.596 31230 31230 I ActivityThread: Pub contacts;com.android.contacts: com.android.providers.contacts.ContactsProvider2
07-02 05:41:07.635 31230 31232 D dalvikvm: GC_CONCURRENT freed 338K, 5% free 9186K/9607K, paused 3ms+5ms
07-02 05:41:07.959   145   156 I ActivityManager: Process com.google.android.apps.maps:LocationFriendService (pid 31176) has died.
07-02 05:41:08.068 31230 31232 D dalvikvm: GC_CONCURRENT freed 250K, 4% free 9382K/9735K, paused 2ms+2ms
07-02 05:41:09.115 31230 31232 D dalvikvm: GC_CONCURRENT freed 233K, 4% free 9561K/9927K, paused 2ms+3ms
07-02 05:41:17.271   145  9966 D CountryDetector: The first listener is added
07-02 05:41:17.373 31215 31217 D dalvikvm: GC_CONCURRENT freed 364K, 6% free 9428K/9927K, paused 2ms+3ms
07-02 05:41:17.373 31215 31224 W CursorWrapperInner: Cursor finalized without prior close()
07-02 05:41:17.373 31215 31224 W CursorWrapperInner: Cursor finalized without prior close()
07-02 05:41:17.373 31215 31224 W CursorWrapperInner: Cursor finalized without prior close()
07-02 05:41:17.541 31230 31232 D dalvikvm: GC_CONCURRENT freed 427K, 6% free 9640K/10183K, paused 8ms+2ms
07-02 05:41:17.678 31215 31217 D dalvikvm: GC_CONCURRENT freed 349K, 5% free 9546K/9991K, paused 2ms+2ms
07-02 05:41:18.049   145   365 D dalvikvm: GC_EXPLICIT freed 1127K, 26% free 17304K/23367K, paused 3ms+7ms
07-02 05:41:18.217 31230 31232 D dalvikvm: GC_CONCURRENT freed 356K, 5% free 9819K/10247K, paused 2ms+4ms
07-02 05:41:18.342 31230 31245 D dalvikvm: GC_EXPLICIT freed 217K, 6% free 9680K/10247K, paused 2ms+3ms
07-02 05:41:18.365 31215 31217 D dalvikvm: GC_CONCURRENT freed 251K, 4% free 9790K/10183K, paused 1ms+2ms
07-02 05:41:21.330 31030 31033 D dalvikvm: GC_CONCURRENT freed 501K, 6% free 10243K/10887K, paused 1ms+5ms
07-02 05:41:21.369   145   156 I ActivityManager: Start proc com.google.android.apps.maps:LocationFriendService for service com.google.android.apps.maps/com.google.googlenav.friend.reporting.LocationReceiverService: pid=31257 uid=10056 gids={3003, 1015}
07-02 05:41:21.557 31257 31258 D dalvikvm: GC_CONCURRENT freed 163K, 3% free 9372K/9607K, paused 6ms+3ms
07-02 05:41:21.842 31257 31258 D dalvikvm: GC_CONCURRENT freed 129K, 3% free 9676K/9927K, paused 5ms+3ms
07-02 05:41:22.365 31257 31258 D dalvikvm: GC_CONCURRENT freed 307K, 4% free 9926K/10311K, paused 2ms+2ms
07-02 05:41:22.377 31257 31261 I dalvikvm: Total arena pages for JIT: 11
07-02 05:41:22.381 31257 31261 I dalvikvm: Total arena pages for JIT: 12
07-02 05:41:22.381 31257 31261 I dalvikvm: Total arena pages for JIT: 13
07-02 05:41:22.389 31257 31261 I dalvikvm: Total arena pages for JIT: 14
07-02 05:41:22.389 31257 31261 I dalvikvm: Total arena pages for JIT: 15
07-02 05:41:22.389 31257 31261 I dalvikvm: Total arena pages for JIT: 16
07-02 05:41:22.389 31257 31261 I dalvikvm: Total arena pages for JIT: 17
07-02 05:41:41.435   145   200 D DhcpInfoInternal: makeLinkProperties with empty dns2!
07-02 05:41:41.435   145   200 D DhcpInfoInternal: makeLinkProperties with empty dns2!
07-02 05:41:52.279 30343 30356 I PhoneLab-: Service Running
07-02 05:41:52.361 30343 30356 I PhoneLab-LoggerService: app_37    1360  1     1436   996   c00f181c 400107b4 S logcat
07-02 05:41:52.361 30343 30356 I PhoneLab-LoggerService: Logcat pid from database 1360
07-02 05:41:52.365 30343 30356 I PhoneLab-LoggerService: Logcat process found 1360
07-02 05:41:52.365 30343 30356 I PhoneLab-LoggerService: Checking Threshold
07-02 05:41:54.443   145   348 I ActivityManager: Process com.chess (pid 31199) has died.
07-02 05:42:21.377 31257 31261 I dalvikvm: Total arena pages for JIT: 18
07-02 05:42:21.455 31257 31258 D dalvikvm: GC_CONCURRENT freed 525K, 6% free 9949K/10567K, paused 2ms+3ms
07-02 05:43:21.404 31030 31033 D dalvikvm: GC_CONCURRENT freed 507K, 6% free 10248K/10887K, paused 2ms+2ms
07-02 05:43:30.506   145   175 I ActivityManager: Start proc com.google.android.gm for service com.google.android.gm/.provider.MailIndexerService: pid=31303 uid=10075 gids={3003, 1015}
07-02 05:43:30.525   145   175 I ActivityManager: Start proc com.google.android.maps.mytracks for service com.google.android.maps.mytracks/com.google.android.apps.mytracks.services.RemoveTempFilesService: pid=31315 uid=10072 gids={3003, 3002, 3001, 1015}
07-02 05:43:30.541 31315 31315 I dalvikvm: Turning on JNI app bug workarounds for target SDK version 7...
07-02 05:43:30.568   145   175 I ActivityManager: Start proc com.google.android.apps.plus for service com.google.android.apps.plus/.service.EsService: pid=31329 uid=10060 gids={3003, 3002, 1015, 1006}
07-02 05:43:30.603   145 22722 I ActivityManager: Process com.google.android.apps.maps:LocationFriendService (pid 31257) has died.
07-02 05:43:30.896 31303 31303 I ActivityThread: Pub gmail-ls: com.google.android.gm.provider.MailProvider
07-02 05:43:31.014 31303 31303 I ActivityThread: Pub com.google.android.gm: com.google.android.gm.provider.PublicContentProvider
07-02 05:43:31.049 31315 31315 I ActivityThread: Pub com.google.android.maps.mytracks.search: com.google.android.apps.mytracks.content.SearchEngineProvider
07-02 05:43:31.053 31303 31303 I ActivityThread: Pub com.google.android.gmail.SuggestionProvider: com.google.android.gm.SuggestionsProvider
07-02 05:43:31.068 31315 31315 I ActivityThread: Pub com.google.android.maps.mytracks: com.google.android.apps.mytracks.content.MyTracksProvider
07-02 05:43:31.131   145   395 I ActivityManager: Process android.process.acore (pid 31230) has died.
07-02 05:43:31.135   145   156 D CountryDetector: No listener is left
07-02 05:43:31.162 31329 31331 D dalvikvm: GC_CONCURRENT freed 167K, 3% free 9369K/9607K, paused 1ms+30ms
07-02 05:43:31.342 31329 31329 I ActivityThread: Pub com.google.android.apps.plus.content.ApiProvider: com.google.android.apps.plus.content.EsApiProvider
07-02 05:43:31.365 31329 31329 I ActivityThread: Pub com.google.android.apps.plus.content.EsGooglePhotoProvider: com.google.android.picasasync.PicasaContentProvider
07-02 05:43:31.494 31329 31331 D dalvikvm: GC_CONCURRENT freed 335K, 5% free 9581K/9991K, paused 6ms+5ms
07-02 05:43:31.529 31329 31329 I ActivityThread: Pub com.google.android.apps.plus.content.EsPicasaStoreProvider: com.google.android.picasastore.PicasaPhotoContentProvider
07-02 05:43:31.545 31329 31329 I ActivityThread: Pub com.google.plus.platform: com.google.android.apps.plus.content.AdsProvider
07-02 05:43:31.545 31329 31329 I ActivityThread: Pub com.google.android.apps.plus.iu.EsGoogleIuProvider: com.google.android.apps.plus.iu.InstantUploadProvider
07-02 05:43:31.627 31329 31331 D dalvikvm: GC_CONCURRENT freed 501K, 6% free 9608K/10183K, paused 2ms+6ms
07-02 05:43:31.631 31329 31329 I ActivityThread: Pub com.google.android.apps.plus.content.EsProvider: com.google.android.apps.plus.content.EsProvider
07-02 05:43:31.807   145 28236 I ActivityManager: Start proc android.process.media for content provider com.android.providers.media/.MediaProvider: pid=31354 uid=10012 gids={1015, 1023, 1024, 2001, 3003, 3007}
07-02 05:43:31.951 31354 31354 I ActivityThread: Pub downloads: com.android.providers.downloads.DownloadProvider
07-02 05:43:32.006 31354 31354 I ActivityThread: Pub drm: com.android.providers.drm.DrmProvider
07-02 05:43:32.006 31354 31368 I DownloadManager: in removeSpuriousFiles
07-02 05:43:32.021 31354 31354 I ActivityThread: Pub media: com.android.providers.media.MediaProvider
07-02 05:43:32.037 31354 31368 I DownloadManager: in removeSpuriousFiles, preserving file /data/data/com.android.providers.downloads/cache/metadata.json
07-02 05:43:32.037 31354 31368 I DownloadManager: in removeSpuriousFiles, preserving file /data/data/com.android.providers.downloads/cache/en_general.htm
07-02 05:43:32.037 31354 31368 I DownloadManager: in removeSpuriousFiles, preserving file /mnt/sdcard/Download/img-thing.jpeg
07-02 05:43:32.037 31354 31368 I DownloadManager: in removeSpuriousFiles, preserving file /data/data/com.android.providers.downloads/cache/metadata-1.json
07-02 05:43:32.037 31354 31368 I DownloadManager: in removeSpuriousFiles, preserving file /data/data/com.android.providers.downloads/cache/downloadfile.jpeg
07-02 05:43:32.037 31354 31368 I DownloadManager: in removeSpuriousFiles, preserving file /data/data/com.android.providers.downloads/cache/metadata-2.json
07-02 05:43:32.037 31354 31368 I DownloadManager: in removeSpuriousFiles, preserving file /data/data/com.android.providers.downloads/cache/metadata-3.json
07-02 05:43:32.041 31354 31368 I DownloadManager: deleting spurious file /cache/backup
07-02 05:43:32.389 31354 31356 D dalvikvm: GC_CONCURRENT freed 374K, 5% free 9161K/9607K, paused 1ms+2ms
07-02 05:43:33.385 31303 31305 D dalvikvm: GC_CONCURRENT freed 210K, 3% free 9261K/9543K, paused 171ms+1ms
07-02 05:43:33.482   145 21614 I ActivityManager: Process com.google.android.maps.mytracks (pid 31315) has died.
07-02 05:43:33.498 31329 31331 D dalvikvm: GC_CONCURRENT freed 241K, 4% free 9916K/10247K, paused 47ms+2ms
07-02 05:43:33.510   145 31346 I ActivityManager: Applications Memory Usage (kB):
07-02 05:43:33.510   145 31346 I ActivityManager: Uptime: 102587202 Realtime: 113400761
07-02 05:43:33.510   145 31346 I ActivityManager: Total PSS by OOM adjustment:
07-02 05:43:33.510   145 31346 I ActivityManager:     28645 kB: System
07-02 05:43:33.510   145 31346 I ActivityManager:                28645 kB: system (pid 145)
07-02 05:43:33.510   145 31346 I ActivityManager:     28054 kB: Persistent
07-02 05:43:33.510   145 31346 I ActivityManager:                12365 kB: com.android.phone (pid 345)
07-02 05:43:33.510   145 31346 I ActivityManager:                11820 kB: com.android.systemui (pid 216)
07-02 05:43:33.510   145 31346 I ActivityManager:                 3869 kB: com.android.nfc (pid 362)
07-02 05:43:33.510   145 31346 I ActivityManager:     30230 kB: Foreground
07-02 05:43:33.510   145 31346 I ActivityManager:                30230 kB: com.android.launcher (pid 375)
07-02 05:43:33.510   145 31346 I ActivityManager:      7364 kB: Visible
07-02 05:43:33.510   145 31346 I ActivityManager:                 4602 kB: com.google.android.gsf.login (pid 1401)
07-02 05:43:33.510   145 31346 I ActivityManager:                 2762 kB: com.android.smspush (pid 454)
07-02 05:43:33.510   145 31346 I ActivityManager:      5606 kB: Perceptible
07-02 05:43:33.510   145 31346 I ActivityManager:                 5606 kB: com.klye.ime.latin (pid 10674)
07-02 05:43:33.510   145 31346 I ActivityManager:     32469 kB: A Services
07-02 05:43:33.510   145 31346 I ActivityManager:                11864 kB: com.google.process.gapps (pid 3921)
07-02 05:43:33.510   145 31346 I ActivityManager:                 7742 kB: com.google.android.apps.plus (pid 31329)
07-02 05:43:33.510   145 31346 I ActivityManager:                 7585 kB: com.google.android.apps.maps:NetworkLocationService (pid 31030)
07-02 05:43:33.510   145 31346 I ActivityManager:                 5278 kB: com.google.android.gm (pid 31303)
07-02 05:43:33.510   145 31346 I ActivityManager:     77090 kB: Previous
07-02 05:43:33.510   145 31346 I ActivityManager:                77090 kB: org.mozilla.firefox_beta (pid 23141)
07-02 05:43:33.510   145 31346 I ActivityManager:     42056 kB: B Services
07-02 05:43:33.510   145 31346 I ActivityManager:                 9043 kB: com.facebook.katana (pid 30587)
07-02 05:43:33.510   145 31346 I ActivityManager:                 7245 kB: com.google.android.apps.googlevoice (pid 31215)
07-02 05:43:33.510   145 31346 I ActivityManager:                 6192 kB: com.google.android.apps.maps (pid 10087)
07-02 05:43:33.510   145 31346 I ActivityManager:                 5918 kB: com.whatsapp (pid 30703)
07-02 05:43:33.510   145 31346 I ActivityManager:                 5695 kB: com.xabber.androiddev (pid 30383)
07-02 05:43:33.510   145 31346 I ActivityManager:                 5153 kB: edu.buffalo.cse.phonelab.phonelabservices (pid 30343)
07-02 05:43:33.510   145 31346 I ActivityManager:                 2810 kB: com.android.sprintmenu (pid 31068)
07-02 05:43:33.510   145 31346 I ActivityManager:      3712 kB: Background
07-02 05:43:33.510   145 31346 I ActivityManager:                 3712 kB: com.google.android.maps.mytracks (pid 31315)
07-02 05:43:33.510   145 31346 I ActivityManager: 
07-02 05:43:33.510   145 31346 I ActivityManager: Total PSS: 255226 kB
07-02 05:43:33.510   145 31346 I ActivityManager:   PID      Vss      Rss      Pss      Uss  cmdline
07-02 05:43:33.510   145 31346 I ActivityManager: 23141   95348K   94852K   77171K   76144K  org.mozilla.firefox_beta
07-02 05:43:33.510   145 31346 I ActivityManager:   375   50036K   49952K   30289K   27728K  com.android.launcher
07-02 05:43:33.510   145 31346 I ActivityManager:   145   47000K   46936K   28521K   25788K  system_server
07-02 05:43:33.510   145 31346 I ActivityManager:    78   26576K   19520K   12739K    6828K  /system/bin/surfaceflinger
07-02 05:43:33.510   145 31346 I ActivityManager:   345   28376K   28296K   12370K   11568K  com.android.phone
07-02 05:43:33.510   145 31346 I ActivityManager:  3921   28708K   28624K   11829K   10904K  com.google.process.gapps
07-02 05:43:33.510   145 31346 I ActivityManager:   216   32032K   31944K   11818K    7700K  com.android.systemui
07-02 05:43:33.510   145 31346 I ActivityManager: 30587   29336K   29240K    9033K    7636K  com.facebook.katana
07-02 05:43:33.510   145 31346 I ActivityManager: 31329   28080K   28004K    8154K    6784K  com.google.android.apps.plus
07-02 05:43:33.510   145 31346 I ActivityManager: 31030   27488K   27424K    7535K    6052K  com.google.android.apps.maps:NetworkLocationService
07-02 05:43:33.510   145 31346 I ActivityManager: 31215   27172K   27108K    6954K    5640K  com.google.android.apps.googlevoice
07-02 05:43:33.510   145 31346 I ActivityManager: 10087   23264K   23168K    6239K    5380K  com.google.android.apps.maps
07-02 05:43:33.510   145 31346 I ActivityManager: 30703   26424K   26324K    5968K    4668K  com.whatsapp
07-02 05:43:33.510   145 31346 I ActivityManager: 30383   26092K   25996K    5741K    4452K  com.xabber.androiddev
07-02 05:43:33.510   145 31346 I ActivityManager: 10674   21852K   21752K    5620K    4828K  com.klye.ime.latin
07-02 05:43:33.510   145 31346 I ActivityManager: 31303   25860K   25796K    5607K    4292K  com.google.android.gm
07-02 05:43:33.510   145 31346 I ActivityManager: 30343   24508K   24408K    5153K    4028K  edu.buffalo.cse.phonelab.phonelabservices
07-02 05:43:33.510   145 31346 I ActivityManager:  1401   21364K   21264K    4615K    3748K  com.google.android.gsf.login
07-02 05:43:33.510   145 31346 I ActivityManager: 31354   24708K   24640K    4556K    3192K  android.process.media
07-02 05:43:33.510   145 31346 I ActivityManager:   362   19876K   19784K    3917K    3148K  com.android.nfc
07-02 05:43:33.510   145 31346 I ActivityManager: 31068   22128K   22024K    2859K    1732K  com.android.sprintmenu
07-02 05:43:33.510   145 31346 I ActivityManager:   454   19140K   19028K    2795K    1916K  com.android.smspush
07-02 05:43:33.510   145 31346 I ActivityManager:    81    2592K    2592K    2169K    2136K  /system/bin/mediaserver
07-02 05:43:33.510   145 31346 I ActivityManager:    79   18976K   18848K    2113K    1060K  zygote
07-02 05:43:33.510   145 31346 I ActivityManager:    80    1184K    1184K     881K     872K  /system/bin/drmserver
07-02 05:43:33.510   145 31346 I ActivityManager:  1360    1000K     996K     847K     844K  logcat
07-02 05:43:33.510   145 31346 I ActivityManager: 31372     824K     816K     695K     692K  procrank
07-02 05:43:33.510   145 31346 I ActivityManager:    77     956K     956K     626K     612K  /system/bin/rild
07-02 05:43:33.510   145 31346 I ActivityManager:   306     800K     796K     538K     516K  /system/bin/wpa_supplicant
07-02 05:43:33.510   145 31346 I ActivityManager: 23821     588K     584K     382K     364K  /system/bin/netd
07-02 05:43:33.510   145 31346 I ActivityManager:    72     452K     448K     292K     284K  /system/bin/vold
07-02 05:43:33.510   145 31346 I ActivityManager:    86     492K     488K     282K     276K  /system/vendor/bin/gpsd
07-02 05:43:33.510   145 31346 I ActivityManager:   303     432K     432K     280K     276K  /system/bin/bluetoothd
07-02 05:43:33.510   145 31346 I ActivityManager:    88     244K     244K     228K     228K  /sbin/adbd
07-02 05:43:33.510   145 31346 I ActivityManager: 27052     352K     348K     196K     192K  /system/bin/dhcpcd
07-02 05:43:33.510   145 31346 I ActivityManager:    85     260K     252K     162K     160K  /system/bin/keystore
07-02 05:43:33.510   145 31346 I ActivityManager:    82     280K     272K     143K     140K  /sy
07-02 05:43:33.537 31329 31350 D PicasaPhotoCP: set fsid first time:-1
07-02 05:43:33.631 31329 31331 D dalvikvm: GC_CONCURRENT freed 157K, 3% free 10257K/10503K, paused 2ms+2ms
07-02 05:43:33.752 31329 31353 D dalvikvm: GC_FOR_ALLOC freed 275K, 4% free 10393K/10823K, paused 25ms
07-02 05:43:33.791 31329 31353 D dalvikvm: GC_FOR_ALLOC freed 62K, 4% free 10457K/10823K, paused 26ms
07-02 05:43:33.814 31329 31353 D dalvikvm: GC_FOR_ALLOC freed 126K, 5% free 10585K/11079K, paused 20ms
07-02 05:43:33.814 31329 31353 I dalvikvm-heap: Grow heap (frag case) to 10.584MB for 187514-byte allocation
07-02 05:43:33.838 31329 31353 D dalvikvm: GC_FOR_ALLOC freed 255K, 7% free 10513K/11271K, paused 21ms
07-02 05:43:33.865 31329 31353 D dalvikvm: GC_FOR_ALLOC freed 118K, 6% free 10642K/11271K, paused 20ms
07-02 05:43:33.869 31329 31353 I dalvikvm-heap: Grow heap (frag case) to 10.709MB for 260112-byte allocation
07-02 05:43:33.893 31329 31353 D dalvikvm: GC_FOR_ALLOC freed 126K, 7% free 10769K/11527K, paused 21ms
07-02 05:43:33.920 31329 31353 D dalvikvm: GC_FOR_ALLOC freed 369K, 7% free 10825K/11527K, paused 21ms
07-02 05:43:34.029 31329 31331 D dalvikvm: GC_CONCURRENT freed 408K, 5% free 11006K/11527K, paused 2ms+3ms
07-02 05:43:34.185 31329 31331 D dalvikvm: GC_CONCURRENT freed 157K, 2% free 11554K/11783K, paused 2ms+4ms
07-02 05:43:34.314   145   348 I ActivityManager: Process android.process.media (pid 31354) has died.
07-02 05:43:34.420 31329 31331 D dalvikvm: GC_CONCURRENT freed 179K, 3% free 12176K/12487K, paused 4ms+7ms
07-02 05:43:34.482 31303 31348 I Gmail   : calculateUnknownSyncRationalesAndPurgeInBackground: queueing
07-02 05:43:34.533 31303 31348 I Gmail   : calculateUnknownSyncRationalesAndPurgeInBackground: queueing
07-02 05:43:34.619 31303 31305 D dalvikvm: GC_CONCURRENT freed 254K, 4% free 9410K/9799K, paused 2ms+10ms
07-02 05:43:34.646 31329 31331 D dalvikvm: GC_CONCURRENT freed 595K, 6% free 12652K/13319K, paused 2ms+3ms
07-02 05:43:34.693 31303 31348 I Gmail   : calculateUnknownSyncRationalesAndPurgeInBackground: running
07-02 05:43:34.721 31303 31348 I Gmail   : calculateUnknownSyncRationalesAndPurgeInBackground: running
07-02 05:43:34.814 31329 31353 I SqliteDatabaseCpp: sqlite returned: error code = 1, msg = no such column: wipeout_stats, db=/data/data/com.google.android.apps.plus/databases/es0.db
07-02 05:43:34.818 31329 31353 W System.err: android.database.sqlite.SQLiteException: no such column: wipeout_stats: , while compiling: SELECT wipeout_stats  FROM account_status
07-02 05:43:34.830 31329 31353 W System.err: 	at android.database.sqlite.SQLiteCompiledSql.native_compile(Native Method)
07-02 05:43:34.830 31329 31353 W System.err: 	at android.database.sqlite.SQLiteCompiledSql.<init>(SQLiteCompiledSql.java:68)
07-02 05:43:34.830 31329 31353 W System.err: 	at android.database.sqlite.SQLiteProgram.compileSql(SQLiteProgram.java:143)
07-02 05:43:34.830 31329 31353 W System.err: 	at android.database.sqlite.SQLiteProgram.compileAndbindAllArgs(SQLiteProgram.java:361)
07-02 05:43:34.830 31329 31353 W System.err: 	at android.database.sqlite.SQLiteStatement.acquireAndLock(SQLiteStatement.java:260)
07-02 05:43:34.830 31329 31353 W System.err: 	at android.database.sqlite.SQLiteStatement.simpleQueryForLong(SQLiteStatement.java:137)
07-02 05:43:34.830 31329 31353 W System.err: 	at android.database.DatabaseUtils.longForQuery(DatabaseUtils.java:791)
07-02 05:43:34.830 31329 31353 W System.err: 	at android.database.DatabaseUtils.longForQuery(DatabaseUtils.java:779)
07-02 05:43:34.834 31329 31353 W System.err: 	at com.google.android.apps.plus.content.EsAccountsData.isContactsStatsWipeoutNeeded(EsAccountsData.java:641)
07-02 05:43:34.834 31329 31353 W System.err: 	at com.google.android.apps.plus.service.EsService.processIntent(EsService.java:4246)
07-02 05:43:34.834 31329 31353 W System.err: 	at com.google.android.apps.plus.service.ServiceThread$1.run(ServiceThread.java:50)
07-02 05:43:34.834 31329 31353 W System.err: 	at android.os.Handler.handleCallback(Handler.java:605)
07-02 05:43:34.834 31329 31353 W System.err: 	at android.os.Handler.dispatchMessage(Handler.java:92)
07-02 05:43:34.834 31329 31353 W System.err: 	at android.os.Looper.loop(Looper.java:137)
07-02 05:43:34.834 31329 31353 W System.err: 	at com.google.android.apps.plus.service.ServiceThread.run(ServiceThread.java:122)
07-02 05:43:34.881   145  9966 I ActivityManager: Start proc android.process.media for service com.android.providers.media/.MediaScannerService: pid=31374 uid=10012 gids={1015, 1023, 1024, 2001, 3003, 3007}
07-02 05:43:34.920 31374 31374 I ActivityThread: Pub downloads: com.android.providers.downloads.DownloadProvider
07-02 05:43:34.935 31374 31374 I ActivityThread: Pub drm: com.android.providers.drm.DrmProvider
07-02 05:43:34.935 31374 31387 I DownloadManager: in removeSpuriousFiles
07-02 05:43:34.951 31374 31387 I DownloadManager: in removeSpuriousFiles, preserving file /data/data/com.android.providers.downloads/cache/metadata.json
07-02 05:43:34.951 31374 31387 I DownloadManager: in removeSpuriousFiles, preserving file /data/data/com.android.providers.downloads/cache/en_general.htm
07-02 05:43:34.951 31374 31387 I DownloadManager: in removeSpuriousFiles, preserving file /mnt/sdcard/Download/img-thing.jpeg
07-02 05:43:34.951 31374 31387 I DownloadManager: in removeSpuriousFiles, preserving file /data/data/com.android.providers.downloads/cache/metadata-1.json
07-02 05:43:34.951 31374 31387 I DownloadManager: in removeSpuriousFiles, preserving file /data/data/com.android.providers.downloads/cache/downloadfile.jpeg
07-02 05:43:34.951 31374 31387 I DownloadManager: in removeSpuriousFiles, preserving file /data/data/com.android.providers.downloads/cache/metadata-2.json
07-02 05:43:34.951 31374 31387 I DownloadManager: in removeSpuriousFiles, preserving file /data/data/com.android.providers.downloads/cache/metadata-3.json
07-02 05:43:34.955 31374 31387 I DownloadManager: deleting spurious file /cache/backup
07-02 05:43:34.955 31374 31374 I ActivityThread: Pub media: com.android.providers.media.MediaProvider
07-02 05:43:34.967   145 28236 I ActivityManager: Process com.google.android.gm (pid 31303) has died.
07-02 05:43:35.361 31374 31376 D dalvikvm: GC_CONCURRENT freed 364K, 5% free 9172K/9607K, paused 15ms+2ms
07-02 05:43:35.576   145   147 D dalvikvm: GC_CONCURRENT freed 1918K, 26% free 17320K/23367K, paused 30ms+7ms
07-02 05:43:40.060   362   362 D dalvikvm: GC_EXPLICIT freed <1K, 6% free 9102K/9607K, paused 17ms+2ms
07-02 05:43:45.080   375   375 D dalvikvm: GC_EXPLICIT freed 112K, 22% free 11541K/14791K, paused 17ms+5ms
07-02 05:43:47.596   145   329 D dalvikvm: GC_EXPLICIT freed 182K, 27% free 17265K/23367K, paused 3ms+7ms
07-02 05:43:52.287 30343 30356 I PhoneLab-: Service Running
07-02 05:43:52.400 30343 30356 I PhoneLab-LoggerService: app_37    1360  1     1436   996   c00f181c 400107b4 S logcat
07-02 05:43:52.404 30343 30356 I PhoneLab-LoggerService: Logcat pid from database 1360
07-02 05:43:52.404 30343 30356 I PhoneLab-LoggerService: Logcat process found 1360
07-02 05:43:52.404 30343 30356 I PhoneLab-LoggerService: Checking Threshold
07-02 05:43:52.635   145   161 D dalvikvm: GC_EXPLICIT freed 19K, 27% free 17263K/23367K, paused 13ms+7ms
07-02 05:43:57.603   216   216 D dalvikvm: GC_EXPLICIT freed 45K, 31% free 9962K/14343K, paused 16ms+2ms
07-02 05:44:05.260  1401  1401 D dalvikvm: GC_EXPLICIT freed <1K, 5% free 9465K/9927K, paused 14ms+2ms
07-02 05:44:06.357   145   200 D DhcpInfoInternal: makeLinkProperties with empty dns2!
07-02 05:44:06.369   145   200 D DhcpInfoInternal: makeLinkProperties with empty dns2!
07-02 05:44:10.572   345   345 D dalvikvm: GC_EXPLICIT freed 13K, 13% free 12185K/13895K, paused 8ms+4ms
07-02 05:44:15.584   454   454 D dalvikvm: GC_EXPLICIT freed <1K, 4% free 9037K/9347K, paused 14ms+2ms
07-02 05:44:16.420 31329 31331 D dalvikvm: GC_CONCURRENT freed 1044K, 9% free 12731K/13895K, paused 8ms+3ms
07-02 05:44:18.818 31329 31331 D dalvikvm: GC_CONCURRENT freed 894K, 8% free 12997K/14023K, paused 2ms+2ms
07-02 05:44:20.135 31329 31416 E dalvikvm: Could not find class 'android.app.Notification$InboxStyle', referenced from method com.google.android.apps.plus.service.AndroidNotification.createDigestNotification
07-02 05:44:20.135 31329 31416 W dalvikvm: VFY: unable to resolve new-instance 41 (Landroid/app/Notification$InboxStyle;) in Lcom/google/android/apps/plus/service/AndroidNotification;
07-02 05:44:20.135 31329 31416 D dalvikvm: VFY: replacing opcode 0x22 at 0x0018
07-02 05:44:20.139 31329 31416 I dalvikvm: Could not find method android.app.Notification$Builder.setPriority, referenced from method com.google.android.apps.plus.service.AndroidNotification.createRichNotification
07-02 05:44:20.139 31329 31416 W dalvikvm: VFY: unable to resolve virtual method 162: Landroid/app/Notification$Builder;.setPriority (I)Landroid/app/Notification$Builder;
07-02 05:44:20.139 31329 31416 D dalvikvm: VFY: replacing opcode 0x6e at 0x00d5
07-02 05:44:20.150 31329 31416 D dalvikvm: DexOpt: unable to opt direct call 0x00a8 at 0x1a in Lcom/google/android/apps/plus/service/AndroidNotification;.createDigestNotification
07-02 05:44:20.150 31329 31416 D dalvikvm: DexOpt: unable to opt direct call 0x0091 at 0xf1 in Lcom/google/android/apps/plus/service/AndroidNotification;.createRichNotification
07-02 05:44:20.150 31329 31416 D dalvikvm: DexOpt: unable to opt direct call 0x0095 at 0x397 in Lcom/google/android/apps/plus/service/AndroidNotification;.createRichNotification
07-02 05:44:21.463   145 28236 I ActivityManager: Start proc com.google.android.apps.maps:LocationFriendService for service com.google.android.apps.maps/com.google.googlenav.friend.reporting.LocationReceiverService: pid=31419 uid=10056 gids={3003, 1015}
07-02 05:44:21.486    79    79 D dalvikvm: GC_EXPLICIT freed 38K, 4% free 9031K/9347K, paused 1ms+2ms
07-02 05:44:21.537    79    79 D dalvikvm: GC_EXPLICIT freed <1K, 4% free 9031K/9347K, paused 1ms+8ms
07-02 05:44:21.572    79    79 D dalvikvm: GC_EXPLICIT freed <1K, 4% free 9031K/9347K, paused 2ms+2ms
07-02 05:44:21.682 31419 31421 D dalvikvm: GC_CONCURRENT freed 178K, 3% free 9357K/9607K, paused 2ms+2ms
07-02 05:44:22.045 31419 31421 D dalvikvm: GC_CONCURRENT freed 135K, 3% free 9669K/9927K, paused 13ms+2ms
07-02 05:44:22.654 31419 31421 D dalvikvm: GC_CONCURRENT freed 268K, 4% free 9885K/10247K, paused 3ms+2ms
07-02 05:44:24.010   145 28236 I ActivityManager: Start proc android.process.acore for content provider com.android.providers.contacts/.ContactsProvider2: pid=31443 uid=10000 gids={3003, 1015}
07-02 05:44:24.041 31443 31443 I ActivityThread: Pub call_log: com.android.providers.contacts.CallLogProvider
07-02 05:44:24.088 31443 31443 I ActivityThread: Pub com.android.voicemail: com.android.providers.contacts.VoicemailContentProvider
07-02 05:44:24.088 31443 31443 I ActivityThread: Pub user_dictionary: com.android.providers.userdictionary.UserDictionaryProvider
07-02 05:44:24.107 31329 31331 D dalvikvm: GC_CONCURRENT freed 1190K, 9% free 13063K/14343K, paused 2ms+11ms
07-02 05:44:24.111 31443 31443 I ActivityThread: Pub com.android.social: com.android.providers.contacts.SocialProvider
07-02 05:44:24.111 31443 31443 I ActivityThread: Pub applications: com.android.providers.applications.ApplicationsProvider
07-02 05:44:24.178 31443 31443 I ActivityThread: Pub contacts;com.android.contacts: com.android.providers.contacts.ContactsProvider2
07-02 05:44:24.182   145  9966 I ActivityManager: Process edu.buffalo.cse.phonelab.phonelabservices (pid 30343) has died.
07-02 05:44:24.182   145  9966 W ActivityManager: Scheduling restart of crashed service edu.buffalo.cse.phonelab.phonelabservices/edu.buffalo.cse.phonelab.datalogger.LoggerService in 5000ms
07-02 05:44:24.260 31443 31445 D dalvikvm: GC_CONCURRENT freed 328K, 5% free 9143K/9543K, paused 2ms+3ms
07-02 05:44:25.014 31443 31445 D dalvikvm: GC_CONCURRENT freed 224K, 4% free 9370K/9671K, paused 1ms+2ms
07-02 05:44:25.416 31329 31331 D dalvikvm: GC_CONCURRENT freed 1150K, 9% free 13204K/14471K, paused 3ms+3ms
07-02 05:44:25.842   145   395 I ActivityManager: Process com.google.android.apps.maps:LocationFriendService (pid 31419) has died.
07-02 05:44:26.787 31443 31445 D dalvikvm: GC_CONCURRENT freed 227K, 4% free 9569K/9927K, paused 23ms+2ms
07-02 05:44:27.744 31329 31416 D dalvikvm: GC_FOR_ALLOC freed 492K, 7% free 13575K/14471K, paused 74ms
07-02 05:44:27.818 31329 31416 D dalvikvm: GC_FOR_ALLOC freed 341K, 9% free 13567K/14855K, paused 50ms
07-02 05:44:27.818 31329 31416 I dalvikvm-heap: Grow heap (frag case) to 13.644MB for 342102-byte allocation
07-02 05:44:27.881 31329 31458 D dalvikvm: GC_FOR_ALLOC freed <1K, 9% free 13900K/15239K, paused 51ms
07-02 05:44:27.885   145   365 I ActivityManager: Process android.process.acore (pid 31443) has died.
07-02 05:44:28.975 31329 31331 D dalvikvm: GC_CONCURRENT freed 977K, 8% free 14448K/15559K, paused 2ms+3ms
07-02 05:44:29.197   145   162 I ActivityManager: Start proc edu.buffalo.cse.phonelab.phonelabservices for service edu.buffalo.cse.phonelab.phonelabservices/edu.buffalo.cse.phonelab.datalogger.LoggerService: pid=31460 uid=10037 gids={3003, 1015, 1007, 2001}
07-02 05:44:29.334 31460 31460 I PhoneLab-LoggerService: Start Logger Service
07-02 05:44:29.350 31460 31473 I PhoneLab-: Service Running
07-02 05:44:29.447 31460 31473 I PhoneLab-LoggerService: app_37    1360  1     1436   996   c00f181c 400107b4 S logcat
07-02 05:44:29.447 31460 31473 I PhoneLab-LoggerService: Logcat pid from database 1360
07-02 05:44:29.447 31460 31473 I PhoneLab-LoggerService: Logcat process found 1360
07-02 05:44:29.451 31460 31473 I PhoneLab-LoggerService: Checking Threshold
07-02 05:44:31.068 31329 31331 D dalvikvm: GC_CONCURRENT freed 1746K, 12% free 14452K/16327K, paused 2ms+2ms
07-02 05:44:33.010 10674 10674 D dalvikvm: GC_EXPLICIT freed <1K, 18% free 10015K/12167K, paused 16ms+2ms
07-02 05:44:33.435   145 22722 I ActivityManager: Start proc android.process.acore for content provider com.android.providers.contacts/.ContactsProvider2: pid=31477 uid=10000 gids={3003, 1015}
07-02 05:44:33.435   145   365 I ActivityManager: Process android.process.media (pid 31374) has died.
07-02 05:44:33.494 31477 31477 I ActivityThread: Pub call_log: com.android.providers.contacts.CallLogProvider
07-02 05:44:33.529 31477 31477 I ActivityThread: Pub com.android.voicemail: com.android.providers.contacts.VoicemailContentProvider
07-02 05:44:33.533 31477 31477 I ActivityThread: Pub user_dictionary: com.android.providers.userdictionary.UserDictionaryProvider
07-02 05:44:33.580 31477 31477 I ActivityThread: Pub com.android.social: com.android.providers.contacts.SocialProvider
07-02 05:44:33.580 31477 31477 I ActivityThread: Pub applications: com.android.providers.applications.ApplicationsProvider
07-02 05:44:33.697 31477 31479 D dalvikvm: GC_CONCURRENT freed 333K, 5% free 9140K/9607K, paused 2ms+6ms
07-02 05:44:33.697 31477 31477 I ActivityThread: Pub contacts;com.android.contacts: com.android.providers.contacts.ContactsProvider2
07-02 05:44:33.807   145   329 I ActivityManager: Process com.facebook.katana (pid 30587) has died.
07-02 05:44:33.807   145   329 W ActivityManager: Scheduling restart of crashed service com.facebook.katana/com.facebook.orca.push.mqtt.MqttPushService in 5000ms
07-02 05:44:33.807   145   329 W ActivityManager: Scheduling restart of crashed service com.facebook.katana/.service.MediaUploadService in 15000ms
07-02 05:44:34.385 31477 31479 D dalvikvm: GC_CONCURRENT freed 223K, 4% free 9371K/9671K, paused 1ms+2ms
07-02 05:44:34.467 31329 31416 I SqliteDatabaseCpp: sqlite returned: error code = 1, msg = no such column: last_stats_sync_time, db=/data/data/com.google.android.apps.plus/databases/es0.db
07-02 05:44:34.560 31329 31416 E EsSyncAdapterService: Sync failure
07-02 05:44:34.560 31329 31416 E EsSyncAdapterService: android.database.sqlite.SQLiteException: no such column: last_stats_sync_time: , while compiling: SELECT last_stats_sync_time  FROM account_status
07-02 05:44:34.560 31329 31416 E EsSyncAdapterService: 	at android.database.sqlite.SQLiteCompiledSql.native_compile(Native Method)
07-02 05:44:34.560 31329 31416 E EsSyncAdapterService: 	at android.database.sqlite.SQLiteCompiledSql.<init>(SQLiteCompiledSql.java:68)
07-02 05:44:34.560 31329 31416 E EsSyncAdapterService: 	at android.database.sqlite.SQLiteProgram.compileSql(SQLiteProgram.java:143)
07-02 05:44:34.560 31329 31416 E EsSyncAdapterService: 	at android.database.sqlite.SQLiteProgram.compileAndbindAllArgs(SQLiteProgram.java:361)
07-02 05:44:34.560 31329 31416 E EsSyncAdapterService: 	at android.database.sqlite.SQLiteStatement.acquireAndLock(SQLiteStatement.java:260)
07-02 05:44:34.560 31329 31416 E EsSyncAdapterService: 	at android.database.sqlite.SQLiteStatement.simpleQueryForLong(SQLiteStatement.java:137)
07-02 05:44:34.560 31329 31416 E EsSyncAdapterService: 	at android.database.DatabaseUtils.longForQuery(DatabaseUtils.java:791)
07-02 05:44:34.560 31329 31416 E EsSyncAdapterService: 	at android.database.DatabaseUtils.longForQuery(DatabaseUtils.java:779)
07-02 05:44:34.560 31329 31416 E EsSyncAdapterService: 	at com.google.android.apps.plus.content.EsAccountsData.queryLastStatsSyncTimestamp(EsAccountsData.java:570)
07-02 05:44:34.560 31329 31416 E EsSyncAdapterService: 	at com.google.android.apps.plus.service.EsSyncAdapterService.syncContactsStatsIfNecessary(EsSyncAdapterService.java:670)
07-02 05:44:34.560 31329 31416 E EsSyncAdapterService: 	at com.google.android.apps.plus.service.EsSyncAdapterService.doFullSync(EsSyncAdapterService.java:633)
07-02 05:44:34.560 31329 31416 E EsSyncAdapterService: 	at com.google.android.apps.plus.service.EsSyncAdapterService.doSync(EsSyncAdapterService.java:566)
07-02 05:44:34.560 31329 31416 E EsSyncAdapterService: 	at com.google.android.apps.plus.service.EsSyncAdapterService.access$100(EsSyncAdapterService.java:52)
07-02 05:44:34.560 31329 31416 E EsSyncAdapterService: 	at com.google.android.apps.plus.service.EsSyncAdapterService$SyncAdapterImpl.onPerformSync(EsSyncAdapterService.java:408)
07-02 05:44:34.560 31329 31416 E EsSyncAdapterService: 	at android.content.AbstractThreadedSyncAdapter$SyncThread.run(AbstractThreadedSyncAdapter.java:247)
07-02 05:44:34.670   145   169 D SyncManager: failed sync operation lokeshmandvekar@gmail.com (com.google), com.google.android.apps.plus.content.EsProvider, SERVER, earliestRunTime 109845492, SyncResult: stats [ numParseExceptions: 1]
07-02 05:44:34.689   145   169 D SyncManager: not retrying sync operation because the error is a hard error: lokeshmandvekar@gmail.com (com.google), com.google.android.apps.plus.content.EsProvider, SERVER, earliestRunTime 113464258
07-02 05:44:36.514 31477 31484 I dalvikvm: threadid=5 ODD: want thread-suspend lock (susp-all:refresh jit status), it's held, no suspend pending
07-02 05:44:36.639 31477 31479 D dalvikvm: GC_CONCURRENT freed 224K, 4% free 9577K/9927K, paused 211ms+11ms
07-02 05:44:38.900   145   162 I ActivityManager: Start proc com.facebook.katana for service com.facebook.katana/com.facebook.orca.push.mqtt.MqttPushService: pid=31497 uid=10071 gids={3003, 1006, 1015}
07-02 05:44:38.955 31497 31497 I dalvikvm: Turning on JNI app bug workarounds for target SDK version 7...
07-02 05:44:39.037   362   362 D dalvikvm: GC_EXPLICIT freed <1K, 6% free 9102K/9607K, paused 3ms+3ms
07-02 05:44:39.158 31497 31498 D dalvikvm: GC_CONCURRENT freed 156K, 3% free 9380K/9607K, paused 2ms+2ms
07-02 05:44:39.459 31497 31497 I ActivityThread: Pub com.facebook.katana.provider.LoggingProvider: com.facebook.katana.provider.LoggingProvider
07-02 05:44:39.545 31497 31497 I ActivityThread: Pub com.facebook.katana.provider.KeyValueProvider: com.facebook.katana.provider.KeyValueProvider
07-02 05:44:39.545 31497 31497 I ActivityThread: Pub com.facebook.katana.provider.CacheProvider: com.facebook.katana.provider.CacheProvider
07-02 05:44:39.545 31497 31497 I ActivityThread: Pub com.facebook.katana.provider.MailboxProvider: com.facebook.katana.provider.MailboxProvider
07-02 05:44:39.564 31497 31498 D dalvikvm: GC_CONCURRENT freed 143K, 3% free 9679K/9927K, paused 6ms+2ms
07-02 05:44:39.568 31497 31497 I ActivityThread: Pub com.facebook.katana.provider.UserStatusesProvider: com.facebook.katana.provider.UserStatusesProvider
07-02 05:44:39.568 31497 31497 I ActivityThread: Pub com.facebook.katana.provider.EventsProvider: com.facebook.katana.provider.EventsProvider
07-02 05:44:39.568 31497 31497 I ActivityThread: Pub com.facebook.katana.provider.NotificationsProvider: com.facebook.katana.provider.NotificationsProvider
07-02 05:44:39.584 31497 31497 I ActivityThread: Pub com.facebook.katana.provider.UserValuesProvider: com.facebook.katana.provider.UserValuesProvider
07-02 05:44:39.584 31497 31497 I ActivityThread: Pub com.facebook.katana.provider.PagesProvider: com.facebook.katana.provider.PagesProvider
07-02 05:44:39.584 31497 31497 I ActivityThread: Pub com.facebook.katana.provider.MobileEventLogProvider: com.facebook.katana.provider.MobileEventLogProvider
07-02 05:44:39.584 31497 31497 I ActivityThread: Pub com.facebook.katana.provider.PushNotificationsProvider: com.facebook.katana.provider.PushNotificationsProvider
07-02 05:44:39.588 31497 31497 I ActivityThread: Pub com.facebook.katana.provider.PhotosProvider: com.facebook.katana.provider.PhotosProvider
07-02 05:44:39.592 31497 31497 I ActivityThread: Pub com.facebook.katana.provider.ConnectionsProvider: com.facebook.katana.provider.ConnectionsProvider
07-02 05:44:39.603 31497 31497 I ActivityThread: Pub com.facebook.orca.notify.FbandroidMessagesForegroundProvider: com.facebook.orca.notify.FbandroidMessagesForegroundProvider
07-02 05:44:39.662 31497 31497 D ACRA    : Retrieve application default SharedPreferences.
07-02 05:44:39.670 31497 31497 D ACRA    : Set OnSharedPreferenceChangeListener.
07-02 05:44:39.682 31497 31497 D ACRA    : ACRA is enabled for com.facebook.katana, intializing...
07-02 05:44:39.810 31497 31497 D ACRA    : Looking for error files in /data/data/com.facebook.katana/app_acra-reports
07-02 05:44:39.924 31329 31331 D dalvikvm: GC_CONCURRENT freed 2952K, 19% free 13280K/16327K, paused 93ms+3ms
07-02 05:44:39.935 31497 31497 W nalizableReferenceQueue: Could not load Finalizer in its own class loader.Loading Finalizer in the current class loader instead. As a result, you will not be ableto garbage collect this class loader. To support reclaiming this class loader, eitherresolve the underlying issue, or move Google Collections to your system class path.
07-02 05:44:39.935 31497 31497 W nalizableReferenceQueue: java.io.FileNotFoundException: com/google/common/base/internal/Finalizer.class
07-02 05:44:39.935 31497 31497 W nalizableReferenceQueue: 	at com.google.common.base.FinalizableReferenceQueue$DecoupledLoader.getBaseUrl(FinalizableReferenceQueue.java:243)
07-02 05:44:39.935 31497 31497 W nalizableReferenceQueue: 	at com.google.common.base.FinalizableReferenceQueue$DecoupledLoader.loadFinalizer(FinalizableReferenceQueue.java:227)
07-02 05:44:39.935 31497 31497 W nalizableReferenceQueue: 	at com.google.common.base.FinalizableReferenceQueue.loadFinalizer(FinalizableReferenceQueue.java:155)
07-02 05:44:39.935 31497 31497 W nalizableReferenceQueue: 	at com.google.common.base.FinalizableReferenceQueue.<clinit>(FinalizableReferenceQueue.java:84)
07-02 05:44:39.935 31497 31497 W nalizableReferenceQueue: 	at com.google.common.collect.CustomConcurrentHashMap$QueueHolder.<clinit>(CustomConcurrentHashMap.java:650)
07-02 05:44:39.935 31497 31497 W nalizableReferenceQueue: 	at com.google.common.collect.CustomConcurrentHashMap$WeakEntry.<init>(CustomConcurrentHashMap.java:1342)
07-02 05:44:39.935 31497 31497 W nalizableReferenceQueue: 	at com.google.common.collect.CustomConcurrentHashMap$EntryFactory$9.newEntry(CustomConcurrentHashMap.java:453)
07-02 05:44:39.935 31497 31497 W nalizableReferenceQueue: 	at com.google.common.collect.CustomConcurrentHashMap.a(CustomConcurrentHashMap.java:1715)
07-02 05:44:39.935 31497 31497 W nalizableReferenceQueue: 	at com.google.common.collect.ComputingConcurrentHashMap$ComputingSegment.a(ComputingConcurrentHashMap.java:123)
07-02 05:44:39.935 31497 31497 W nalizableReferenceQueue: 	at com.google.common.collect.ComputingConcurrentHashMap.apply(ComputingConcurrentHashMap.java:71)
07-02 05:44:39.935 31497 31497 W nalizableReferenceQueue: 	at com.google.common.collect.MapMaker$ComputingMapAdapter.get(MapMaker.java:848)
07-02 05:44:39.935 31497 31497 W nalizableReferenceQueue: 	at com.google.inject.internal.Annotations$AnnotationChecker.a(Annotations.java:94)
07-02 05:44:39.935 31497 31497 W nalizableReferenceQueue: 	at com.google.inject.internal.Annotations.c(Annotations.java:112)
07-02 05:44:39.935 31497 31497 W nalizableReferenceQueue: 	at com.google.inject.Key.d(Key.java:369)
07-02 05:44:39.935 31497 31497 W nalizableReferenceQueue: 	at com.google.inject.Key.b(Key.java:356)
07-02 05:44:39.935 31497 31497 W nalizableReferenceQueue: 	at com.google.inject.Key.a(Key.java:267)
07-02 05:44:39.935 31497 31497 W nalizableReferenceQueue: 	at com.facebook.orca.inject.binder.AnnotatedBindingBuilderImpl.a(AnnotatedBindingBuilderImpl.java:22)
07-02 05:44:39.935 31497 31497 W nalizableReferenceQueue: 	at com.facebook.orca.app.FbBaseModule.a(FbBaseModule.java:74)
07-02 05:44:39.935 31497 31497 W nalizableReferenceQueue: 	at com.facebook.orca.inject.AbstractModule.a(AbstractModule.java:19)
07-02 05:44:39.935 31497 31497 W nalizableReferenceQueue: 	at com.facebook.orca.inject.FbInjectorImpl.a(FbInjectorImpl.java:61)
07-02 05:44:39.935 31497 31497 W nalizableReferenceQueue: 	at com.facebook.orca.inject.FbInjectorImpl.<init>(FbInjectorImpl.java:41)
07-02 05:44:39.935 31497 31497 W nalizableReferenceQueue: 	at com.facebook.orca.inject.FbInjector.a(FbInjector.java:40)
07-02 05:44:39.935 31497 31497 W nalizableReferenceQueue: 	at com.facebook.katana.FacebookApplication.onCreate(FacebookApplication.java:86)
07-02 05:44:39.935 31497 31497 W nalizableReferenceQueue: 	at android.app.Instrumentation.callApplicationOnCreate(Instrumentation.java:969)
07-02 05:44:39.935 31497 31497 W nalizableReferenceQueue: 	at android.app.ActivityThread.handleBindApplication(ActivityThread.java:3954)
07-02 05:44:39.935 31497 31497 W nalizableReferenceQueue: 	at android.app.ActivityThread.access$1300(ActivityThread.java:123)
07-02 05:44:39.935 31497 31497 W nalizableReferenceQueue: 	at android.app.ActivityThread$H.handleMessage(ActivityThread.java:1185)
07-02 05:44:39.935 31497 31497 W nalizableReferenceQueue: 	at android.os.Handler.dispatchMessage(Handler.java:99)
07-02 05:44:39.935 31497 31497 W nalizableReferenceQueue: 	at android.os.Looper.loop(Looper.java:137)
07-02 05:44:39.935 31497 31497 W nalizableReferenceQueue: 	at android.app.ActivityThread.main(ActivityThread.java:4424)
07-02 05:44:39.935 31497 31497 W nalizableReferenceQueue: 	at java.lang.reflect.Method.invokeNative(Native Method)
07-02 05:44:39.935 31497 31497 W nalizableReferenceQueue: 	at java.lang.reflect.Method.invoke(Method.java:511)
07-02 05:44:39.935 31497 31497 W nalizableReferenceQueue: 	at com.android.internal.os.ZygoteInit$MethodAndArgsCaller.run(ZygoteInit.java:784)
07-02 05:44:39.935 31497 31497 W nalizableReferenceQueue: 	at com.android.internal.os.ZygoteInit.main(ZygoteInit.java:551)
07-02 05:44:39.935 31497 31497 W nalizableReferenceQueue: 	at dalvik.system.NativeStart.main(Native Method)
07-02 05:44:39.935 31497 31497 I Finalizer: Couldn't access Thread.inheritableThreadLocals. Reference finalizer threads will inherit thread local values.
07-02 05:44:39.971 31497 31498 D dalvikvm: GC_CONCURRENT freed 312K, 4% free 9859K/10247K, paused 11ms+2ms
07-02 05:44:40.115 31497 31498 D dalvikvm: GC_CONCURRENT freed 436K, 5% free 9983K/10503K, paused 2ms+3ms
07-02 05:44:40.439 31497 31498 D dalvikvm: GC_CONCURRENT freed 386K, 5% free 10108K/10567K, paused 2ms+2ms
07-02 05:44:42.240 31497 31513 W Resources: Converting to string: TypedValue{t=0x10/d=0xffffffff a=-1}
07-02 05:44:42.377 31497 31498 D dalvikvm: GC_CONCURRENT freed 288K, 4% free 10288K/10695K, paused 2ms+78ms
07-02 05:44:43.248   145   329 I ActivityManager: Process com.google.android.apps.plus (pid 31329) has died.
07-02 05:44:43.377 31497 31498 D dalvikvm: GC_CONCURRENT freed 306K, 4% free 10398K/10823K, paused 4ms+4ms
07-02 05:44:43.928 31497 31498 D dalvikvm: GC_CONCURRENT freed 334K, 4% free 10530K/10951K, paused 2ms+2ms
07-02 05:44:44.143 31497 31498 D dalvikvm: GC_CONCURRENT freed 383K, 5% free 10572K/11079K, paused 4ms+3ms
07-02 05:44:44.389 31497 31498 D dalvikvm: GC_CONCURRENT freed 317K, 5% free 10692K/11143K, paused 2ms+2ms
07-02 05:44:51.170   375   375 D dalvikvm: GC_EXPLICIT freed 72K, 22% free 11541K/14791K, paused 18ms+4ms
07-02 05:44:53.592   145   175 D dalvikvm: GC_EXPLICIT freed 1399K, 26% free 17297K/23367K, paused 23ms+7ms
07-02 05:44:56.236   145   161 D dalvikvm: GC_EXPLICIT freed 46K, 27% free 17255K/23367K, paused 35ms+6ms
07-02 05:45:05.146   216   216 D dalvikvm: GC_EXPLICIT freed 13K, 31% free 9960K/14343K, paused 2ms+3ms
07-02 05:45:10.213  1401  1401 D dalvikvm: GC_EXPLICIT freed 5K, 5% free 9465K/9927K, paused 16ms+2ms
07-02 05:45:15.268   345   345 D dalvikvm: GC_EXPLICIT freed 2K, 13% free 12185K/13895K, paused 19ms+3ms
07-02 05:45:17.768   145   175 I ActivityManager: Start proc com.twitter.android for service com.twitter.android/.client.AppService: pid=31530 uid=10064 gids={3003, 1015}
07-02 05:45:17.775 31530 31530 I dalvikvm: Turning on JNI app bug workarounds for target SDK version 11...
07-02 05:45:17.889 31530 31530 I ActivityThread: Pub com.twitter.android.provider.GlobalDatabaseProvider: com.twitter.android.provider.GlobalDatabaseProvider
07-02 05:45:17.896 31530 31530 I ActivityThread: Pub com.twitter.android.provider.TwitterProvider: com.twitter.android.provider.TwitterProvider
07-02 05:45:18.131 31530 31532 D dalvikvm: GC_CONCURRENT freed 181K, 4% free 9291K/9607K, paused 9ms+71ms
07-02 05:45:18.393 31530 31532 D dalvikvm: GC_CONCURRENT freed 223K, 4% free 9517K/9863K, paused 2ms+2ms
07-02 05:45:18.525 31530 31532 D dalvikvm: GC_CONCURRENT freed 293K, 5% free 9636K/10055K, paused 1ms+1ms
07-02 05:45:18.643 31530 31532 D dalvikvm: GC_CONCURRENT freed 304K, 5% free 9762K/10183K, paused 1ms+2ms
07-02 05:45:18.764 31530 31532 D dalvikvm: GC_CONCURRENT freed 295K, 5% free 9889K/10311K, paused 2ms+2ms
07-02 05:45:18.873 31530 31532 D dalvikvm: GC_CONCURRENT freed 307K, 5% free 10018K/10439K, paused 2ms+2ms
07-02 05:45:18.982 31530 31532 D dalvikvm: GC_CONCURRENT freed 295K, 4% free 10147K/10567K, paused 1ms+1ms
07-02 05:45:19.096 31530 31532 D dalvikvm: GC_CONCURRENT freed 297K, 4% free 10276K/10695K, paused 2ms+2ms
07-02 05:45:19.268 31530 31532 D dalvikvm: GC_CONCURRENT freed 481K, 6% free 10219K/10823K, paused 2ms+2ms
07-02 05:45:19.381 31530 31532 D dalvikvm: GC_CONCURRENT freed 324K, 5% free 10296K/10823K, paused 2ms+2ms
07-02 05:45:19.514 31530 31532 D dalvikvm: GC_CONCURRENT freed 330K, 5% free 10387K/10823K, paused 2ms+2ms
07-02 05:45:19.639 31530 31532 D dalvikvm: GC_CONCURRENT freed 373K, 5% free 10474K/10951K, paused 1ms+1ms
07-02 05:45:19.764 31530 31532 D dalvikvm: GC_CONCURRENT freed 349K, 5% free 10556K/11015K, paused 2ms+2ms
07-02 05:45:19.877 31530 31532 D dalvikvm: GC_CONCURRENT freed 324K, 4% free 10636K/11079K, paused 2ms+2ms
07-02 05:45:19.998 31530 31532 D dalvikvm: GC_CONCURRENT freed 369K, 5% free 10724K/11207K, paused 2ms+2ms
07-02 05:45:20.193 31530 31532 D dalvikvm: GC_CONCURRENT freed 399K, 5% free 10820K/11335K, paused 2ms+5ms
07-02 05:45:21.318 31530 31532 D dalvikvm: GC_CONCURRENT freed 344K, 5% free 11004K/11463K, paused 2ms+4ms
07-02 05:45:21.502 31030 31033 D dalvikvm: GC_CONCURRENT freed 505K, 6% free 10254K/10887K, paused 2ms+3ms
07-02 05:45:21.557   145   145 I ActivityManager: Start proc com.google.android.apps.maps:LocationFriendService for service com.google.android.apps.maps/com.google.googlenav.friend.reporting.LocationReceiverService: pid=31548 uid=10056 gids={3003, 1015}
07-02 05:45:21.650   145   310 I ActivityManager: Process android.process.acore (pid 31477) has died.
07-02 05:45:21.701 31548 31551 D dalvikvm: GC_CONCURRENT freed 166K, 3% free 9370K/9607K, paused 3ms+4ms
07-02 05:45:22.119 31548 31551 D dalvikvm: GC_CONCURRENT freed 163K, 3% free 9678K/9927K, paused 15ms+2ms
07-02 05:45:22.303   145   157 I ActivityManager: Process com.xabber.androiddev (pid 30383) has died.
07-02 05:45:22.307   145   157 W ActivityManager: Scheduling restart of crashed service com.xabber.androiddev/com.xabber.android.service.XMPPService in 5000ms
07-02 05:45:22.834 31548 31551 D dalvikvm: GC_CONCURRENT freed 235K, 4% free 9881K/10247K, paused 2ms+2ms
07-02 05:45:22.885 31548 31555 I dalvikvm: Total arena pages for JIT: 11
07-02 05:45:22.885 31548 31555 I dalvikvm: Total arena pages for JIT: 12
07-02 05:45:22.885 31548 31555 I dalvikvm: Total arena pages for JIT: 13
07-02 05:45:22.885 31548 31555 I dalvikvm: Total arena pages for JIT: 14
07-02 05:45:22.889 31548 31555 I dalvikvm: Total arena pages for JIT: 15
07-02 05:45:22.889 31548 31555 I dalvikvm: Total arena pages for JIT: 16
07-02 05:45:22.889 31548 31555 I dalvikvm: Total arena pages for JIT: 17
07-02 05:45:23.303 31530 31544 I DatabaseHelper: Begin cleanup.
07-02 05:45:23.553 31530 31544 I DatabaseHelper: Cleaned up: 0
07-02 05:45:23.795 31530 31532 D dalvikvm: GC_CONCURRENT freed 433K, 5% free 11262K/11783K, paused 2ms+12ms
07-02 05:45:27.365 31574 31574 D dalvikvm: Late-enabling CheckJNI
07-02 05:45:27.377   145   162 I ActivityManager: Start proc com.xabber.androiddev for service com.xabber.androiddev/com.xabber.android.service.XMPPService: pid=31574 uid=10063 gids={3003, 1015}
07-02 05:45:27.389 31574 31574 I dalvikvm: Turning on JNI app bug workarounds for target SDK version 9...
07-02 05:45:27.670 31574 31576 D dalvikvm: GC_CONCURRENT freed 223K, 4% free 9312K/9607K, paused 3ms+4ms
07-02 05:45:27.701 31574 31574 D dalvikvm: GC_FOR_ALLOC freed 295K, 6% free 9427K/9927K, paused 13ms
07-02 05:45:27.810 31574 31576 D dalvikvm: GC_CONCURRENT freed 192K, 3% free 9774K/10055K, paused 1ms+2ms
07-02 05:45:27.896   145  4009 I ActivityManager: Process com.twitter.android (pid 31530) has died.
07-02 05:45:27.947 31574 31576 D dalvikvm: GC_CONCURRENT freed 400K, 5% free 9904K/10375K, paused 1ms+2ms
07-02 05:45:28.060 31574 31574 I com.xabber.android.service.XMPPService@4137b650: onCreate
07-02 05:45:28.064 31574 31574 I com.xabber.android.data.Application@4136e370: onStart
07-02 05:45:28.076 31574 31588 I com.xabber.android.data.LogManager@41371050: onLoad
07-02 05:45:28.178 31574 31576 D dalvikvm: GC_CONCURRENT freed 191K, 4% free 10120K/10439K, paused 2ms+2ms
07-02 05:45:28.236   145   396 I ActivityManager: Start proc android.process.acore for content provider com.android.providers.contacts/.ContactsProvider2: pid=31590 uid=10000 gids={3003, 1015}
07-02 05:45:28.268 31590 31590 I ActivityThread: Pub call_log: com.android.providers.contacts.CallLogProvider
07-02 05:45:28.303 31590 31590 I ActivityThread: Pub com.android.voicemail: com.android.providers.contacts.VoicemailContentProvider
07-02 05:45:28.303 31590 31590 I ActivityThread: Pub user_dictionary: com.android.providers.userdictionary.UserDictionaryProvider
07-02 05:45:28.314 31590 31590 I ActivityThread: Pub com.android.social: com.android.providers.contacts.SocialProvider
07-02 05:45:28.314 31590 31590 I ActivityThread: Pub applications: com.android.providers.applications.ApplicationsProvider
07-02 05:45:28.420 31590 31593 D dalvikvm: GC_CONCURRENT freed 338K, 5% free 9152K/9607K, paused 2ms+2ms
07-02 05:45:28.420 31590 31590 I ActivityThread: Pub contacts;com.android.contacts: com.android.providers.contacts.ContactsProvider2
07-02 05:45:28.670 31590 31593 D dalvikvm: GC_CONCURRENT freed 228K, 4% free 9366K/9671K, paused 4ms+3ms
07-02 05:45:28.877   145   156 I ActivityManager: Process com.google.android.apps.maps:LocationFriendService (pid 31548) has died.
07-02 05:45:29.510 31590 31593 D dalvikvm: GC_CONCURRENT freed 234K, 4% free 9558K/9927K, paused 2ms+2ms
07-02 05:45:31.221 31574 31576 D dalvikvm: GC_CONCURRENT freed 277K, 4% free 10298K/10695K, paused 5ms+5ms
07-02 05:45:36.221   454   454 D dalvikvm: GC_EXPLICIT freed <1K, 4% free 9037K/9347K, paused 13ms+2ms
07-02 05:45:41.236 10674 10674 D dalvikvm: GC_EXPLICIT freed <1K, 18% free 10015K/12167K, paused 16ms+3ms
07-02 05:45:46.307 10087 10087 D dalvikvm: GC_EXPLICIT freed <1K, 4% free 10910K/11335K, paused 27ms+2ms
07-02 05:45:53.264 23141 23141 E GeckoApp: low memory
07-02 05:45:53.314 23141 23141 D dalvikvm: GC_EXPLICIT freed 12K, 21% free 10629K/13447K, paused 2ms+5ms
07-02 05:45:58.408 30703 30703 D dalvikvm: GC_EXPLICIT freed 28K, 7% free 9871K/10503K, paused 17ms+3ms
07-02 05:46:01.205 31608 31608 D dalvikvm: Late-enabling CheckJNI
07-02 05:46:01.228   145   162 I ActivityManager: Start proc com.chess for broadcast com.chess/.backend.AlarmReceiver: pid=31608 uid=10079 gids={3003, 1015}
07-02 05:46:01.377 31608 31609 D dalvikvm: GC_CONCURRENT freed 172K, 3% free 9364K/9607K, paused 11ms+2ms
07-02 05:46:01.549 31608 31622 D GetStringObjTask: retrieving from url = http://www.chess.com/api/get_move_status?id=y3ICtufzg6w7rQqcD3KFujVaIanpYba4bIpaeKElV1LNz3Sz4Fk9Yh5CeWaj8h4bQ2RY0CxFVgA%2ByBE5DE%2B1cAuw4i%2Bp2GVj5RbuDPEUotReGbS25iAukuBsuUd%2Fl5dp
07-02 05:46:02.193 31608 31622 D GetStringObjTask: WebRequest SERVER RESPONSE: Success+0
07-02 05:46:06.588 31030 31030 D dalvikvm: GC_EXPLICIT freed 81K, 6% free 10242K/10887K, paused 16ms+2ms
07-02 05:46:11.631 31068 31068 D dalvikvm: GC_EXPLICIT freed 1K, 4% free 9055K/9347K, paused 19ms+2ms
07-02 05:46:16.646 31215 31215 D dalvikvm: GC_EXPLICIT freed 83K, 5% free 9743K/10247K, paused 16ms+2ms
07-02 05:46:21.693   145 28236 I ActivityManager: Start proc com.google.android.apps.maps:LocationFriendService for service com.google.android.apps.maps/com.google.googlenav.friend.reporting.LocationReceiverService: pid=31624 uid=10056 gids={3003, 1015}
07-02 05:46:21.822 31624 31626 D dalvikvm: GC_CONCURRENT freed 175K, 3% free 9360K/9607K, paused 2ms+4ms
07-02 05:46:22.264 31624 31626 D dalvikvm: GC_CONCURRENT freed 133K, 3% free 9670K/9927K, paused 16ms+2ms
07-02 05:46:22.971 31624 31626 D dalvikvm: GC_CONCURRENT freed 343K, 5% free 9893K/10311K, paused 2ms+2ms
07-02 05:46:23.100   145   365 I ActivityManager: Process android.process.acore (pid 31590) has died.
07-02 05:46:28.271  3921  3921 D dalvikvm: GC_EXPLICIT freed 121K, 6% free 10535K/11143K, paused 25ms+4ms
07-02 05:46:29.373 31460 31473 I PhoneLab-: Service Running
07-02 05:46:29.588 31460 31473 I PhoneLab-LoggerService: app_37    1360  1     1436   996   c00f181c 400107b4 S logcat
07-02 05:46:29.588 31460 31473 I PhoneLab-LoggerService: Logcat pid from database 1360
07-02 05:46:29.588 31460 31473 I PhoneLab-LoggerService: Logcat process found 1360
07-02 05:46:29.592 31460 31473 I PhoneLab-LoggerService: Checking Threshold
07-02 05:46:31.244   145   200 D DhcpInfoInternal: makeLinkProperties with empty dns2!
07-02 05:46:31.244   145   200 D DhcpInfoInternal: makeLinkProperties with empty dns2!
07-02 05:47:21.748 31030 31033 D dalvikvm: GC_CONCURRENT freed 494K, 6% free 10259K/10887K, paused 2ms+2ms
07-02 05:47:21.810 31624 31631 I dalvikvm: Total arena pages for JIT: 11
07-02 05:47:21.810 31624 31631 I dalvikvm: Total arena pages for JIT: 12
07-02 05:47:21.814 31624 31631 I dalvikvm: Total arena pages for JIT: 13
07-02 05:47:21.814 31624 31631 I dalvikvm: Total arena pages for JIT: 14
07-02 05:47:21.814 31624 31631 I dalvikvm: Total arena pages for JIT: 15
07-02 05:47:21.814 31624 31631 I dalvikvm: Total arena pages for JIT: 16
07-02 05:47:21.814 31624 31631 I dalvikvm: Total arena pages for JIT: 17
07-02 05:47:21.889 31624 31626 D dalvikvm: GC_CONCURRENT freed 439K, 5% free 9989K/10503K, paused 2ms+2ms
07-02 05:48:21.838 31624 31631 I dalvikvm: Total arena pages for JIT: 18
07-02 05:48:29.350 31460 31473 I PhoneLab-: Service Running
07-02 05:48:29.443 31460 31473 I PhoneLab-LoggerService: app_37    1360  1     1436   996   c00f181c 400107b4 S logcat
07-02 05:48:29.443 31460 31473 I PhoneLab-LoggerService: Logcat pid from database 1360
07-02 05:48:29.443 31460 31473 I PhoneLab-LoggerService: Logcat process found 1360
07-02 05:48:29.443 31460 31473 I PhoneLab-LoggerService: Checking Threshold
07-02 05:48:56.131   145   200 D DhcpInfoInternal: makeLinkProperties with empty dns2!
07-02 05:48:56.135   145   200 D DhcpInfoInternal: makeLinkProperties with empty dns2!
07-02 05:49:21.857 31030 31033 D dalvikvm: GC_CONCURRENT freed 514K, 6% free 10256K/10887K, paused 1ms+2ms
07-02 05:49:21.978 31624 31626 D dalvikvm: GC_CONCURRENT freed 590K, 7% free 9953K/10631K, paused 1ms+2ms
07-02 05:50:18.162   145   169 I ActivityManager: Start proc com.google.android.apps.currents for service com.google.android.apps.currents/com.google.apps.dots.android.app.service.SyncService: pid=31691 uid=10078 gids={3003, 1015}
07-02 05:50:18.185    79    79 D dalvikvm: GC_EXPLICIT freed 38K, 4% free 9031K/9347K, paused 2ms+2ms
07-02 05:50:18.232    79    79 D dalvikvm: GC_EXPLICIT freed <1K, 4% free 9031K/9347K, paused 8ms+6ms
07-02 05:50:18.279    79    79 D dalvikvm: GC_EXPLICIT freed <1K, 4% free 9031K/9347K, paused 2ms+2ms
07-02 05:50:18.541 31691 31691 I ActivityThread: Pub com.google.apps.dots.android.app.provider.SuggestionProvider: com.google.apps.dots.android.app.provider.SuggestionProvider
07-02 05:50:18.564 31691 31691 I ActivityThread: Pub com.google.android.apps.currents.exported: com.google.apps.dots.android.app.provider.ExportedContentProvider
07-02 05:50:18.689 31691 31694 D dalvikvm: GC_CONCURRENT freed 180K, 3% free 9356K/9607K, paused 1ms+4ms
07-02 05:50:18.756 31691 31694 D dalvikvm: GC_CONCURRENT freed 270K, 5% free 9585K/9991K, paused 2ms+2ms
07-02 05:50:18.877 31691 31694 D dalvikvm: GC_CONCURRENT freed 230K, 4% free 9844K/10183K, paused 1ms+2ms
07-02 05:50:19.021 31691 31694 D dalvikvm: GC_CONCURRENT freed 235K, 4% free 10101K/10439K, paused 2ms+3ms
07-02 05:50:19.064 31691 31691 I DotsContentUris: content://com.google.android.apps.currents
07-02 05:50:19.080 31691 31691 I ActivityThread: Pub com.google.android.apps.currents: com.google.apps.dots.android.app.provider.DotsContentProvider
07-02 05:50:19.096 31691 31691 I DotsApplication: Starting up...
07-02 05:50:19.353 31691 31694 D dalvikvm: GC_CONCURRENT freed 445K, 6% free 10140K/10695K, paused 2ms+2ms
07-02 05:50:19.627 31691 31694 D dalvikvm: GC_CONCURRENT freed 271K, 4% free 10335K/10759K, paused 3ms+3ms
07-02 05:50:19.646 31691 31710 I SyncService: Starting sync (05:50:19)
07-02 05:50:20.338   145 28236 I ActivityManager: Process com.google.android.apps.maps:LocationFriendService (pid 31624) has died.
07-02 05:50:21.826   145   156 I ActivityManager: Start proc com.google.android.apps.maps:LocationFriendService for service com.google.android.apps.maps/com.google.googlenav.friend.reporting.LocationReceiverService: pid=31716 uid=10056 gids={3003, 1015}
07-02 05:50:21.951 31716 31719 D dalvikvm: GC_CONCURRENT freed 151K, 3% free 9384K/9607K, paused 2ms+1ms
07-02 05:50:22.162 31716 31719 D dalvikvm: GC_CONCURRENT freed 205K, 3% free 9705K/9991K, paused 11ms+10ms
07-02 05:50:22.377   145  1150 I ActivityManager: Process com.chess (pid 31608) has died.
07-02 05:50:22.428 31716 31719 D dalvikvm: GC_CONCURRENT freed 280K, 4% free 9930K/10311K, paused 2ms+3ms
07-02 05:50:22.619   145   147 D dalvikvm: GC_CONCURRENT freed 1859K, 26% free 17355K/23367K, paused 19ms+15ms
07-02 05:50:22.818 31691 31694 D dalvikvm: GC_CONCURRENT freed 289K, 4% free 10470K/10887K, paused 104ms+202ms
07-02 05:50:23.646   145   175 I ActivityManager: Start proc com.twitter.android for service com.twitter.android/.client.AppService: pid=31740 uid=10064 gids={3003, 1015}
07-02 05:50:23.670 31740 31740 I dalvikvm: Turning on JNI app bug workarounds for target SDK version 11...
07-02 05:50:23.803 31740 31740 I ActivityThread: Pub com.twitter.android.provider.GlobalDatabaseProvider: com.twitter.android.provider.GlobalDatabaseProvider
07-02 05:50:23.807 31740 31740 I ActivityThread: Pub com.twitter.android.provider.TwitterProvider: com.twitter.android.provider.TwitterProvider
07-02 05:50:24.514   145 31737 I ActivityManager: Applications Memory Usage (kB):
07-02 05:50:24.514   145 31737 I ActivityManager: Uptime: 102998449 Realtime: 113812008
07-02 05:50:24.514   145 31737 I ActivityManager: Total PSS by OOM adjustment:
07-02 05:50:24.514   145 31737 I ActivityManager:     27506 kB: System
07-02 05:50:24.514   145 31737 I ActivityManager:                27506 kB: system (pid 145)
07-02 05:50:24.514   145 31737 I ActivityManager:     28075 kB: Persistent
07-02 05:50:24.514   145 31737 I ActivityManager:                12387 kB: com.android.phone (pid 345)
07-02 05:50:24.514   145 31737 I ActivityManager:                11755 kB: com.android.systemui (pid 216)
07-02 05:50:24.514   145 31737 I ActivityManager:                 3933 kB: com.android.nfc (pid 362)
07-02 05:50:24.514   145 31737 I ActivityManager:     30310 kB: Foreground
07-02 05:50:24.514   145 31737 I ActivityManager:                30310 kB: com.android.launcher (pid 375)
07-02 05:50:24.514   145 31737 I ActivityManager:     19349 kB: Visible
07-02 05:50:24.514   145 31737 I ActivityManager:                11878 kB: com.google.android.apps.currents (pid 31691)
07-02 05:50:24.514   145 31737 I ActivityManager:                 4639 kB: com.google.android.gsf.login (pid 1401)
07-02 05:50:24.514   145 31737 I ActivityManager:                 2832 kB: com.android.smspush (pid 454)
07-02 05:50:24.514   145 31737 I ActivityManager:      5647 kB: Perceptible
07-02 05:50:24.514   145 31737 I ActivityManager:                 5647 kB: com.klye.ime.latin (pid 10674)
07-02 05:50:24.514   145 31737 I ActivityManager:     33633 kB: A Services
07-02 05:50:24.514   145 31737 I ActivityManager:                11803 kB: com.google.process.gapps (pid 3921)
07-02 05:50:24.514   145 31737 I ActivityManager:                 8445 kB: com.google.android.apps.maps:LocationFriendService (pid 31716)
07-02 05:50:24.514   145 31737 I ActivityManager:                 6785 kB: com.xabber.androiddev (pid 31574)
07-02 05:50:24.514   145 31737 I ActivityManager:                 6600 kB: com.google.android.apps.maps:NetworkLocationService (pid 31030)
07-02 05:50:24.514   145 31737 I ActivityManager:     77016 kB: Previous
07-02 05:50:24.514   145 31737 I ActivityManager:                77016 kB: org.mozilla.firefox_beta (pid 23141)
07-02 05:50:24.514   145 31737 I ActivityManager:     35159 kB: B Services
07-02 05:50:24.514   145 31737 I ActivityManager:                11288 kB: com.facebook.katana (pid 31497)
07-02 05:50:24.514   145 31737 I ActivityManager:                 6300 kB: com.google.android.apps.maps (pid 10087)
07-02 05:50:24.514   145 31737 I ActivityManager:                 5907 kB: com.whatsapp (pid 30703)
07-02 05:50:24.514   145 31737 I ActivityManager:                 5560 kB: com.google.android.apps.googlevoice (pid 31215)
07-02 05:50:24.514   145 31737 I ActivityManager:                 3213 kB: edu.buffalo.cse.phonelab.phonelabservices (pid 31460)
07-02 05:50:24.514   145 31737 I ActivityManager:                 2891 kB: com.android.sprintmenu (pid 31068)
07-02 05:50:24.514   145 31737 I ActivityManager: 
07-02 05:50:24.514   145 31737 I ActivityManager: Total PSS: 256695 kB
07-02 05:50:24.514   145 31737 I ActivityManager:   PID      Vss      Rss      Pss      Uss  cmdline
07-02 05:50:24.514   145 31737 I ActivityManager: 23141   95176K   94680K   77057K   75996K  org.mozilla.firefox_beta
07-02 05:50:24.514   145 31737 I ActivityManager:   375   50088K   50004K   30383K   27780K  com.android.launcher
07-02 05:50:24.514   145 31737 I ActivityManager:   145   45900K   45868K   27537K   24804K  system_server
07-02 05:50:24.514   145 31737 I ActivityManager:    78   26576K   19520K   12740K    6828K  /system/bin/surfaceflinger
07-02 05:50:24.514   145 31737 I ActivityManager:   345   28352K   28272K   12399K   11564K  com.android.phone
07-02 05:50:24.514   145 31737 I ActivityManager: 31691   32496K   32436K   11826K   10020K  com.google.android.apps.currents
07-02 05:50:24.514   145 31737 I ActivityManager:  3921   28596K   28512K   11809K   10888K  com.google.process.gapps
07-02 05:50:24.514   145 31737 I ActivityManager:   216   31844K   31756K   11758K    7652K  com.android.systemui
07-02 05:50:24.514   145 31737 I ActivityManager: 31497   32224K   32156K   11257K    9240K  com.facebook.katana
07-02 05:50:24.514   145 31737 I ActivityManager: 31716   29220K   29160K    8534K    6728K  com.google.android.apps.maps:LocationFriendService
07-02 05:50:24.514   145 31737 I ActivityManager: 31574   27852K   27788K    6740K    4976K  com.xabber.androiddev
07-02 05:50:24.514   145 31737 I ActivityManager: 31030   25920K   25856K    6588K    5332K  com.google.android.apps.maps:NetworkLocationService
07-02 05:50:24.514   145 31737 I ActivityManager: 10087   23300K   23204K    6297K    5376K  com.google.android.apps.maps
07-02 05:50:24.514   145 31737 I ActivityManager: 30703   25864K   25764K    5889K    4600K  com.whatsapp
07-02 05:50:24.514   145 31737 I ActivityManager: 10674   21844K   21744K    5657K    4828K  com.klye.ime.latin
07-02 05:50:24.514   145 31737 I ActivityManager: 31215   25332K   25232K    5547K    4320K  com.google.android.apps.googlevoice
07-02 05:50:24.514   145 31737 I ActivityManager:  1401   21352K   21252K    4645K    3748K  com.google.android.gsf.login
07-02 05:50:24.514   145 31737 I ActivityManager: 31740   23548K   23452K    4015K    2608K  com.twitter.android
07-02 05:50:24.514   145 31737 I ActivityManager:   362   19864K   19772K    3941K    3136K  com.android.nfc
07-02 05:50:24.514   145 31737 I ActivityManager: 31460   22144K   22044K    3182K    2016K  edu.buffalo.cse.phonelab.phonelabservices
07-02 05:50:24.514   145 31737 I ActivityManager: 31068   21876K   21772K    2867K    1716K  com.android.sprintmenu
07-02 05:50:24.514   145 31737 I ActivityManager:   454   19144K   19032K    2834K    1916K  com.android.smspush
07-02 05:50:24.514   145 31737 I ActivityManager:    81    2592K    2592K    2169K    2136K  /system/bin/mediaserver
07-02 05:50:24.514   145 31737 I ActivityManager:    79   18976K   18848K    2063K     888K  zygote
07-02 05:50:24.514   145 31737 I ActivityManager:    80    1184K    1184K     882K     872K  /system/bin/drmserver
07-02 05:50:24.514   145 31737 I ActivityManager:  1360    1000K     996K     848K     844K  logcat
07-02 05:50:24.514   145 31737 I ActivityManager: 31739     812K     804K     683K     680K  procrank
07-02 05:50:24.514   145 31737 I ActivityManager:    77     956K     956K     627K     612K  /system/bin/rild
07-02 05:50:24.514   145 31737 I ActivityManager:   306     800K     796K     535K     516K  /system/bin/wpa_supplicant
07-02 05:50:24.514   145 31737 I ActivityManager: 23821     616K     612K     410K     392K  /system/bin/netd
07-02 05:50:24.514   145 31737 I ActivityManager:    72     452K     448K     292K     284K  /system/bin/vold
07-02 05:50:24.514   145 31737 I ActivityManager:    86     492K     488K     282K     276K  /system/vendor/bin/gpsd
07-02 05:50:24.514   145 31737 I ActivityManager:   303     432K     432K     280K     276K  /system/bin/bluetoothd
07-02 05:50:24.514   145 31737 I ActivityManager:    88     244K     244K     228K     228K  /sbin/adbd
07-02 05:50:24.514   145 31737 I ActivityManager: 27052     352K     348K     196K     192K  /system/bin/dhcpcd
07-02 05:50:24.514   145 31737 I ActivityManager:    85     260K     252K     162K     160K  /system/bin/keystore
07-02 05:50:24.514   145 31737 I ActivityManager:    82     280K     272K     143K     140K  /system/bin/dbus-daemon
07-02 05:50:24.514   145 31737 I ActivityManager:     1     
07-02 05:50:24.771 31691 31694 D dalvikvm: GC_CONCURRENT freed 217K, 3% free 10704K/11015K, paused 2ms+3ms
07-02 05:50:24.885 31691 31694 D dalvikvm: GC_CONCURRENT freed 547K, 6% free 10656K/11335K, paused 2ms+2ms
07-02 05:50:25.154 31691 31694 D dalvikvm: GC_CONCURRENT freed 401K, 6% free 10695K/11335K, paused 2ms+2ms
07-02 05:50:25.307   145   396 D dalvikvm: GC_EXPLICIT freed 700K, 27% free 17266K/23367K, paused 3ms+7ms
07-02 05:50:26.057   145   361 I ActivityManager: Process com.google.android.apps.maps:LocationFriendService (pid 31716) has died.
07-02 05:50:26.107   145   157 D SyncManager: setSyncAutomatically: , provider com.google.android.apps.currents -> true
07-02 05:50:26.107   145   157 D SyncManager: setSyncAutomatically: already set to true, doing nothing
07-02 05:50:26.123 31030 31033 D dalvikvm: GC_CONCURRENT freed 389K, 6% free 10323K/10887K, paused 5ms+6ms
07-02 05:50:26.443 31691 31694 D dalvikvm: GC_CONCURRENT freed 316K, 5% free 10818K/11335K, paused 2ms+2ms
07-02 05:50:26.682 31691 31694 D dalvikvm: GC_CONCURRENT freed 279K, 4% free 11105K/11527K, paused 1ms+4ms
07-02 05:50:26.889 31691 31694 D dalvikvm: GC_CONCURRENT freed 256K, 4% free 11460K/11847K, paused 2ms+2ms
07-02 05:50:27.189 31691 31694 D dalvikvm: GC_CONCURRENT freed 1033K, 10% free 11152K/12295K, paused 2ms+3ms
07-02 05:50:27.764   145   145 I ActivityManager: Process com.twitter.android (pid 31740) has died.
07-02 05:50:27.963 31691 31694 D dalvikvm: GC_CONCURRENT freed 431K, 9% free 11302K/12295K, paused 2ms+4ms
07-02 05:50:28.221 31691 31694 D dalvikvm: GC_CONCURRENT freed 605K, 8% free 11340K/12295K, paused 1ms+2ms
07-02 05:50:28.365 31691 31694 D dalvikvm: GC_CONCURRENT freed 622K, 8% free 11364K/12295K, paused 2ms+2ms
07-02 05:50:28.510 31691 31694 D dalvikvm: GC_CONCURRENT freed 638K, 8% free 11379K/12295K, paused 2ms+3ms
07-02 05:50:29.365 31460 31473 I PhoneLab-: Service Running
07-02 05:50:29.396 31460 31473 I PhoneLab-LoggerService: app_37    1360  1     1436   996   c00f181c 400107b4 S logcat
07-02 05:50:29.396 31460 31473 I PhoneLab-LoggerService: Logcat pid from database 1360
07-02 05:50:29.396 31460 31473 I PhoneLab-LoggerService: Logcat process found 1360
07-02 05:50:29.400 31460 31473 I PhoneLab-LoggerService: Checking Threshold
07-02 05:50:29.514 31691 31694 D dalvikvm: GC_CONCURRENT freed 705K, 8% free 11336K/12295K, paused 1ms+3ms
07-02 05:50:29.666 31691 31694 D dalvikvm: GC_CONCURRENT freed 614K, 8% free 11372K/12295K, paused 2ms+3ms
07-02 05:50:29.818 31691 31694 D dalvikvm: GC_CONCURRENT freed 641K, 8% free 11392K/12295K, paused 2ms+2ms
07-02 05:50:32.322 31691 31694 D dalvikvm: GC_CONCURRENT freed 727K, 8% free 11328K/12295K, paused 2ms+3ms
07-02 05:50:33.166   362   362 D dalvikvm: GC_EXPLICIT freed <1K, 6% free 9102K/9607K, paused 14ms+2ms
07-02 05:50:33.217 31691 31694 D dalvikvm: GC_CONCURRENT freed 657K, 8% free 11317K/12295K, paused 2ms+7ms
07-02 05:50:33.365 31691 31694 D dalvikvm: GC_CONCURRENT freed 607K, 8% free 11371K/12295K, paused 2ms+2ms
07-02 05:50:34.018 31691 31694 D dalvikvm: GC_CONCURRENT freed 664K, 8% free 11362K/12295K, paused 2ms+2ms
07-02 05:50:34.658 31691 31694 D dalvikvm: GC_CONCURRENT freed 656K, 8% free 11381K/12295K, paused 2ms+3ms
07-02 05:50:35.385 31691 31694 D dalvikvm: GC_CONCURRENT freed 655K, 8% free 11415K/12295K, paused 2ms+3ms
07-02 05:50:35.514 31691 31694 D dalvikvm: GC_CONCURRENT freed 689K, 8% free 11399K/12295K, paused 1ms+3ms
07-02 05:50:36.564 31691 31694 D dalvikvm: GC_CONCURRENT freed 684K, 8% free 11402K/12295K, paused 2ms+3ms
07-02 05:50:36.709 31691 31694 D dalvikvm: GC_CONCURRENT freed 651K, 8% free 11423K/12295K, paused 2ms+2ms
07-02 05:50:37.002 31691 31694 D dalvikvm: GC_CONCURRENT freed 659K, 7% free 11444K/12295K, paused 2ms+2ms
07-02 05:50:37.662 31691 31694 D dalvikvm: GC_CONCURRENT freed 774K, 8% free 11406K/12295K, paused 1ms+2ms
07-02 05:50:38.303   375   375 D dalvikvm: GC_EXPLICIT freed 102K, 22% free 11541K/14791K, paused 16ms+6ms
07-02 05:50:38.471 31691 31694 D dalvikvm: GC_CONCURRENT freed 684K, 8% free 11405K/12295K, paused 2ms+3ms
07-02 05:50:40.791   145   329 D dalvikvm: GC_EXPLICIT freed 1113K, 27% free 17274K/23367K, paused 3ms+7ms
07-02 05:50:40.853 31691 31694 D dalvikvm: GC_CONCURRENT freed 657K, 7% free 11449K/12295K, paused 2ms+3ms
07-02 05:50:41.170 31691 31694 D dalvikvm: GC_CONCURRENT freed 728K, 8% free 11434K/12295K, paused 2ms+2ms
07-02 05:50:41.318 31691 31694 D dalvikvm: GC_CONCURRENT freed 700K, 7% free 11472K/12295K, paused 1ms+2ms
07-02 05:50:42.377 31691 31694 D dalvikvm: GC_CONCURRENT freed 834K, 8% free 11391K/12359K, paused 13ms+3ms
07-02 05:50:43.928   145   161 D dalvikvm: GC_EXPLICIT freed 72K, 27% free 17254K/23367K, paused 26ms+6ms
07-02 05:50:44.900 31691 31694 D dalvikvm: GC_CONCURRENT freed 653K, 8% free 11433K/12359K, paused 1ms+3ms
07-02 05:50:45.041 31691 31694 D dalvikvm: GC_CONCURRENT freed 656K, 8% free 11484K/12359K, paused 2ms+2ms
07-02 05:50:45.174 31691 31694 D dalvikvm: GC_CONCURRENT freed 709K, 7% free 11519K/12359K, paused 1ms+2ms
07-02 05:50:46.564 31691 31694 D dalvikvm: GC_CONCURRENT freed 747K, 8% free 11477K/12359K, paused 14ms+3ms
07-02 05:50:47.244 31691 31694 D dalvikvm: GC_CONCURRENT freed 781K, 8% free 11455K/12359K, paused 2ms+3ms
07-02 05:50:47.377 31691 31694 D dalvikvm: GC_CONCURRENT freed 667K, 7% free 11507K/12359K, paused 2ms+3ms
07-02 05:50:47.506 31691 31694 D dalvikvm: GC_CONCURRENT freed 713K, 7% free 11537K/12359K, paused 1ms+3ms
07-02 05:50:47.775 31691 31714 D dalvikvm: GC_EXPLICIT freed 699K, 7% free 11567K/12359K, paused 6ms+3ms
07-02 05:50:47.947   145  1150 D dalvikvm: GC_EXPLICIT freed 221K, 27% free 17264K/23367K, paused 3ms+6ms
07-02 05:50:48.240   216   216 D dalvikvm: GC_EXPLICIT freed 39K, 31% free 9962K/14343K, paused 36ms+3ms
07-02 05:50:49.682 31691 31694 D dalvikvm: GC_CONCURRENT freed 906K, 9% free 11481K/12487K, paused 2ms+3ms
07-02 05:50:51.693 31691 31694 D dalvikvm: GC_CONCURRENT freed 751K, 9% free 11446K/12487K, paused 2ms+4ms
07-02 05:50:52.271 31691 31694 D dalvikvm: GC_CONCURRENT freed 659K, 9% free 11480K/12487K, paused 1ms+3ms
07-02 05:50:52.412 31691 31694 D dalvikvm: GC_CONCURRENT freed 649K, 8% free 11575K/12487K, paused 2ms+3ms
07-02 05:50:52.623 31691 31694 D dalvikvm: GC_CONCURRENT freed 791K, 8% free 11564K/12487K, paused 2ms+3ms
07-02 05:50:53.334  1401  1401 D dalvikvm: GC_EXPLICIT freed <1K, 5% free 9465K/9927K, paused 10ms+2ms
07-02 05:50:53.795 31691 31694 D dalvikvm: GC_CONCURRENT freed 832K, 9% free 11468K/12487K, paused 2ms+3ms
07-02 05:50:54.146 31691 31694 D dalvikvm: GC_CONCURRENT freed 711K, 9% free 11450K/12487K, paused 1ms+3ms
07-02 05:50:54.361 31691 31694 D dalvikvm: GC_CONCURRENT freed 563K, 8% free 11612K/12487K, paused 3ms+3ms
07-02 05:50:54.490 31691 31694 D dalvikvm: GC_CONCURRENT freed 571K, 6% free 11781K/12487K, paused 2ms+3ms
07-02 05:50:54.666 31691 31694 D dalvikvm: GC_CONCURRENT freed 919K, 8% free 11730K/12743K, paused 2ms+3ms
07-02 05:50:54.846 31691 31694 D dalvikvm: GC_CONCURRENT freed 1279K, 12% free 11292K/12743K, paused 2ms+3ms
07-02 05:50:55.072 31691 31694 D dalvikvm: GC_CONCURRENT freed 462K, 11% free 11464K/12743K, paused 8ms+8ms
07-02 05:50:57.002 31691 31710 I SyncService: sync service finished (05:50:57)
07-02 05:50:57.111   145   169 I ActivityManager: Start proc com.twitter.android for service com.twitter.android/.platform.TwitterDataSyncService: pid=31761 uid=10064 gids={3003, 1015}
07-02 05:50:57.135 31761 31761 I dalvikvm: Turning on JNI app bug workarounds for target SDK version 11...
07-02 05:50:57.330 31761 31761 I ActivityThread: Pub com.twitter.android.provider.GlobalDatabaseProvider: com.twitter.android.provider.GlobalDatabaseProvider
07-02 05:50:57.338 31761 31761 I ActivityThread: Pub com.twitter.android.provider.TwitterProvider: com.twitter.android.provider.TwitterProvider
07-02 05:50:57.486 31761 31774 D dalvikvm: GC_FOR_ALLOC freed 124K, 3% free 9262K/9479K, paused 69ms
07-02 05:50:57.728 31761 31763 D dalvikvm: GC_CONCURRENT freed 185K, 4% free 9495K/9799K, paused 1ms+2ms
07-02 05:50:57.873 31761 31763 D dalvikvm: GC_CONCURRENT freed 300K, 5% free 9635K/10055K, paused 1ms+1ms
07-02 05:50:57.986 31761 31763 D dalvikvm: GC_CONCURRENT freed 299K, 5% free 9754K/10183K, paused 1ms+2ms
07-02 05:50:58.119 31761 31763 D dalvikvm: GC_CONCURRENT freed 309K, 5% free 9885K/10311K, paused 2ms+2ms
07-02 05:50:58.228 31761 31763 D dalvikvm: GC_CONCURRENT freed 314K, 5% free 10018K/10439K, paused 1ms+2ms
07-02 05:50:58.303   345   345 D dalvikvm: GC_EXPLICIT freed 18K, 13% free 12185K/13895K, paused 2ms+4ms
07-02 05:50:58.381 31761 31763 D dalvikvm: GC_CONCURRENT freed 305K, 4% free 10152K/10567K, paused 2ms+2ms
07-02 05:50:58.529 31761 31763 D dalvikvm: GC_CONCURRENT freed 291K, 4% free 10277K/10695K, paused 1ms+2ms
07-02 05:50:58.689 31761 31763 D dalvikvm: GC_CONCURRENT freed 485K, 6% free 10217K/10823K, paused 1ms+1ms
07-02 05:50:58.807 31761 31763 D dalvikvm: GC_CONCURRENT freed 322K, 5% free 10291K/10823K, paused 1ms+2ms
07-02 05:50:58.943 31761 31763 D dalvikvm: GC_CONCURRENT freed 324K, 5% free 10382K/10823K, paused 4ms+2ms
07-02 05:50:59.072 31761 31763 D dalvikvm: GC_CONCURRENT freed 367K, 5% free 10469K/10951K, paused 1ms+2ms
07-02 05:50:59.185 31761 31763 D dalvikvm: GC_CONCURRENT freed 358K, 5% free 10553K/11015K, paused 2ms+2ms
07-02 05:50:59.299 31761 31763 D dalvikvm: GC_CONCURRENT freed 332K, 5% free 10634K/11079K, paused 1ms+2ms
07-02 05:50:59.432 31761 31763 D dalvikvm: GC_CONCURRENT freed 361K, 5% free 10743K/11207K, paused 2ms+2ms
07-02 05:50:59.564 31761 31763 D dalvikvm: GC_CONCURRENT freed 401K, 5% free 10815K/11335K, paused 1ms+2ms
07-02 05:51:00.967 31761 31763 D dalvikvm: GC_CONCURRENT freed 336K, 5% free 11004K/11463K, paused 2ms+2ms
07-02 05:51:01.158 31779 31779 D dalvikvm: Late-enabling CheckJNI
07-02 05:51:01.162   145   162 I ActivityManager: Start proc com.chess for broadcast com.chess/.backend.AlarmReceiver: pid=31779 uid=10079 gids={3003, 1015}
07-02 05:51:01.318 31779 31781 D dalvikvm: GC_CONCURRENT freed 159K, 3% free 9376K/9607K, paused 5ms+2ms
07-02 05:51:01.475 31779 31793 D GetStringObjTask: retrieving from url = http://www.chess.com/api/get_move_status?id=y3ICtufzg6w7rQqcD3KFujVaIanpYba4bIpaeKElV1LNz3Sz4Fk9Yh5CeWaj8h4bQ2RY0CxFVgA%2ByBE5DE%2B1cAuw4i%2Bp2GVj5RbuDPEUotReGbS25iAukuBsuUd%2Fl5dp
07-02 05:51:02.080 31779 31793 D GetStringObjTask: WebRequest SERVER RESPONSE: Success+0
07-02 05:51:02.959   145   329 I ActivityManager: Process com.chess (pid 31779) has died.
07-02 05:51:03.146 31761 31763 D dalvikvm: GC_CONCURRENT freed 430K, 5% free 11244K/11783K, paused 34ms+3ms
07-02 05:51:08.146   454   454 D dalvikvm: GC_EXPLICIT freed <1K, 4% free 9037K/9347K, paused 14ms+2ms
07-02 05:51:13.158 10674 10674 D dalvikvm: GC_EXPLICIT freed <1K, 18% free 10015K/12167K, paused 16ms+2ms
07-02 05:51:18.170 31460 31460 D dalvikvm: GC_EXPLICIT freed 311K, 5% free 9056K/9479K, paused 16ms+2ms
07-02 05:51:21.877 31030 31033 D dalvikvm: GC_CONCURRENT freed 485K, 6% free 10393K/10951K, paused 1ms+2ms
07-02 05:51:21.893   145   361 I ActivityManager: Start proc com.google.android.apps.maps:LocationFriendService for service com.google.android.apps.maps/com.google.googlenav.friend.reporting.LocationReceiverService: pid=31798 uid=10056 gids={3003, 1015}
07-02 05:51:22.060 31798 31801 D dalvikvm: GC_CONCURRENT freed 163K, 3% free 9372K/9607K, paused 3ms+2ms
07-02 05:51:22.350 31798 31801 D dalvikvm: GC_CONCURRENT freed 162K, 3% free 9677K/9927K, paused 6ms+2ms
07-02 05:51:22.357   145   348 I ActivityManager: Process com.twitter.android (pid 31761) has died.
07-02 05:51:22.916 31798 31801 D dalvikvm: GC_CONCURRENT freed 235K, 4% free 9922K/10247K, paused 1ms+3ms
07-02 05:51:22.947 31798 31805 I dalvikvm: Total arena pages for JIT: 11
07-02 05:51:22.947 31798 31805 I dalvikvm: Total arena pages for JIT: 12
07-02 05:51:22.947 31798 31805 I dalvikvm: Total arena pages for JIT: 13
07-02 05:51:22.955 31798 31805 I dalvikvm: Total arena pages for JIT: 14
07-02 05:51:22.955 31798 31805 I dalvikvm: Total arena pages for JIT: 15
07-02 05:51:22.955 31798 31805 I dalvikvm: Total arena pages for JIT: 16
07-02 05:51:22.955 31798 31805 I dalvikvm: Total arena pages for JIT: 17
07-02 05:51:27.478 10087 10087 D dalvikvm: GC_EXPLICIT freed <1K, 4% free 10910K/11335K, paused 16ms+2ms
07-02 05:51:32.424 23141 23141 E GeckoApp: low memory
07-02 05:51:32.533 23141 23141 D dalvikvm: GC_EXPLICIT freed 9K, 21% free 10629K/13447K, paused 17ms+4ms
07-02 05:51:37.529 30703 30703 D dalvikvm: GC_EXPLICIT freed 11K, 7% free 9869K/10503K, paused 18ms+2ms
07-02 05:51:42.486 31030 31030 D dalvikvm: GC_EXPLICIT freed 69K, 6% free 10374K/10951K, paused 16ms+2ms
07-02 05:51:47.525 31068 31068 D dalvikvm: GC_EXPLICIT freed <1K, 4% free 9055K/9347K, paused 20ms+2ms
07-02 05:51:50.482   145 27050 E DhcpStateMachine: DHCP failed on wlan0: Timed out waiting for DHCP Renew to finish
07-02 05:51:50.709   145   200 E WifiStateMachine: IP configuration failed
07-02 05:51:50.795   306   306 I wpa_supplicant: wlan0: CTRL-EVENT-DISCONNECTED bssid=00:00:00:00:00:00 reason=0
07-02 05:51:50.842 23821 23838 D CommandListener: Clearing all IP addresses on wlan0
07-02 05:51:50.881   145   202 D ConnectivityService: ConnectivityChange for WIFI: DISCONNECTED/DISCONNECTED
07-02 05:51:50.932   145   202 D ConnectivityService: Attempting to switch to mobile
07-02 05:51:50.947   145   202 D ConnectivityService: Attempting to switch to WIMAX
07-02 05:51:50.955   145   202 D ConnectivityService: Attempting to switch to BLUETOOTH_TETHER
07-02 05:51:50.998   145   202 E ConnectivityService: Exception trying to remove a route: java.lang.IllegalStateException: Unable to communicate with native dameon to add routes - com.android.server.NativeDaemonConnectorException: Cmd {interface route remove wlan0 default 192.168.0.1 32 0.0.0.0} failed with code 400 : {Failed to remove route from default table (No such process)}
07-02 05:51:51.002   145   202 D NetUtils: android_net_utils_resetConnections in env=0x9a76d8 clazz=0x3e600001 iface=wlan0 mask=0x3
07-02 05:51:51.002   145   202 E ConnectivityService: Exception trying to remove a route: java.lang.IllegalStateException: Unable to communicate with native dameon to add routes - com.android.server.NativeDaemonConnectorException: Cmd {interface route remove wlan0 default 0.0.0.0 0 192.168.0.1} failed with code 400 : {Failed to remove route from default table (No such process)}
07-02 05:51:51.002   145   202 D ConnectivityService: resetConnections(wlan0, 3)
07-02 05:51:51.025   145   202 D ConnectivityService: ConnectivityChange for WIMAX: DISCONNECTED/SCANNING
07-02 05:51:51.029   145   202 D ConnectivityService: Attempting to switch to mobile
07-02 05:51:51.029   145   202 D ConnectivityService: Attempting to switch to WIFI
07-02 05:51:51.037   145   202 D ConnectivityService: Attempting to switch to BLUETOOTH_TETHER
07-02 05:51:51.080  3921 27174 W Smack/Packet: notify conn break (IOEx), close connection
07-02 05:51:51.271  3921 27174 I qtaguid : Failed write_ctrl(u 74) res=-1 errno=22
07-02 05:51:51.275  3921 27174 I qtaguid : Untagging socket 74 failed errno=-22
07-02 05:51:51.275  3921 27174 W NetworkManagementSocketTagger: untagSocket(74) failed with errno -22
07-02 05:51:51.307   145   202 D ConnectivityService: handleInetConditionChange: no active default network - ignore
07-02 05:51:51.353   306   306 I wpa_supplicant: wlan0: Trying to associate with 94:44:52:17:be:7d (SSID='raikiri' freq=2437 MHz)
07-02 05:51:51.393   306   306 I wpa_supplicant: wlan0: Associated with 94:44:52:17:be:7d
07-02 05:51:51.416   306   306 I wpa_supplicant: wlan0: CTRL-EVENT-EAP-SUCCESS EAP authentication completed successfully (based on lower layer success)
07-02 05:51:51.428   306   306 I wpa_supplicant: wlan0: WPA: Key negotiation completed with 94:44:52:17:be:7d [PTK=CCMP GTK=CCMP]
07-02 05:51:51.428   306   306 I wpa_supplicant: wlan0: CTRL-EVENT-CONNECTED - Connection to 94:44:52:17:be:7d completed (reauth) [id=2 id_str=]
07-02 05:51:51.498   145   329 I ActivityManager: Start proc android.process.acore for content provider com.android.providers.contacts/.ContactsProvider2: pid=31822 uid=10000 gids={3003, 1015}
07-02 05:51:51.580 31822 31822 I ActivityThread: Pub call_log: com.android.providers.contacts.CallLogProvider
07-02 05:51:51.611   145  1149 I ActivityManager: Process com.google.android.apps.maps:LocationFriendService (pid 31798) has died.
07-02 05:51:51.646 31822 31822 I ActivityThread: Pub com.android.voicemail: com.android.providers.contacts.VoicemailContentProvider
07-02 05:51:51.654 31822 31822 I ActivityThread: Pub user_dictionary: com.android.providers.userdictionary.UserDictionaryProvider
07-02 05:51:51.717 31822 31822 I ActivityThread: Pub com.android.social: com.android.providers.contacts.SocialProvider
07-02 05:51:51.721 31822 31822 I ActivityThread: Pub applications: com.android.providers.applications.ApplicationsProvider
07-02 05:51:51.939 31822 31824 D dalvikvm: GC_CONCURRENT freed 331K, 5% free 9152K/9607K, paused 3ms+2ms
07-02 05:51:51.939 31822 31822 I ActivityThread: Pub contacts;com.android.contacts: com.android.providers.contacts.ContactsProvider2
07-02 05:51:52.408   145   200 D DhcpInfoInternal: makeLinkProperties with empty dns2!
07-02 05:51:52.408   145   200 D DhcpInfoInternal: makeLinkProperties with empty dns2!
07-02 05:51:52.412   145   202 D ConnectivityService: ConnectivityChange for WIFI: CONNECTED/CONNECTED
07-02 05:51:52.424 31460 31460 I PhoneLab-WiFiReceiver: Wi-Fi is connected!
07-02 05:51:52.432 31822 31824 D dalvikvm: GC_CONCURRENT freed 228K, 4% free 9366K/9671K, paused 11ms+2ms
07-02 05:51:52.435 31460 31460 I PhoneLab-WiFiReceiver: SSID: raikiri BSSID: 94:44:52:17:be:7d RSSI: -200 LinkSpeed: -1
07-02 05:51:52.451 31460 31460 I PhoneLab-Locks: wake lock acquired
07-02 05:51:52.459 31460 31460 I PhoneLab-UploadLogs: Transfering log files now
07-02 05:51:52.459   145   197 W NetworkStats: dropping UID delta from unknown iface: iface=wlan0 uid=0 set=DEFAULT tag=0x0 rxBytes=328 rxPackets=1 txBytes=140 txPackets=2 operations=0
07-02 05:51:52.471 31460 31460 I PhoneLab-UploadLogs: No log files to transfer
07-02 05:51:52.471 31460 31460 I PhoneLab-Locks: wake lock released
07-02 05:51:52.471 31460 31460 I PhoneLab-UploadLogs: OnStartCommand
07-02 05:51:53.412   145   202 D ConnectivityService: NetTransition Wakelock for WifiStateMachine released by timeout
07-02 05:51:54.029   145   206 D Tethering: MasterInitialState.processMessage what=3
07-02 05:51:54.158  3921  3921 I GTalkService/c: [AndroidEndpoint@1094442448] connect: acct=1000000, state=CONNECTING
07-02 05:51:54.166  3921  3921 I GTalkService/c: [GTalkConnection@1094635520] connect: acct=1, state=CONNECTING
07-02 05:51:54.314   145   162 I ActivityManager: Start proc android.process.media for broadcast com.android.providers.downloads/.DownloadReceiver: pid=31863 uid=10012 gids={1015, 1023, 1024, 2001, 3003, 3007}
07-02 05:51:54.318   145   206 D Tethering: MasterInitialState.processMessage what=3
07-02 05:51:54.568 31863 31863 I ActivityThread: Pub downloads: com.android.providers.downloads.DownloadProvider
07-02 05:51:54.662 31863 31863 I ActivityThread: Pub drm: com.android.providers.drm.DrmProvider
07-02 05:51:54.662 31863 31876 I DownloadManager: in removeSpuriousFiles
07-02 05:51:54.674 31863 31863 I ActivityThread: Pub media: com.android.providers.media.MediaProvider
07-02 05:51:54.682 31822 31824 D dalvikvm: GC_CONCURRENT freed 199K, 4% free 9594K/9927K, paused 40ms+2ms
07-02 05:51:54.810 31863 31876 I DownloadManager: in removeSpuriousFiles, preserving file /data/data/com.android.providers.downloads/cache/metadata.json
07-02 05:51:54.810 31863 31876 I DownloadManager: in removeSpuriousFiles, preserving file /data/data/com.android.providers.downloads/cache/en_general.htm
07-02 05:51:54.810 31863 31876 I DownloadManager: in removeSpuriousFiles, preserving file /mnt/sdcard/Download/img-thing.jpeg
07-02 05:51:54.810 31863 31876 I DownloadManager: in removeSpuriousFiles, preserving file /data/data/com.android.providers.downloads/cache/metadata-1.json
07-02 05:51:54.810 31863 31876 I DownloadManager: in removeSpuriousFiles, preserving file /data/data/com.android.providers.downloads/cache/downloadfile.jpeg
07-02 05:51:54.814 31863 31876 I DownloadManager: in removeSpuriousFiles, preserving file /data/data/com.android.providers.downloads/cache/metadata-2.json
07-02 05:51:54.814 31863 31876 I DownloadManager: in removeSpuriousFiles, preserving file /data/data/com.android.providers.downloads/cache/metadata-3.json
07-02 05:51:54.814 31863 31876 I DownloadManager: deleting spurious file /cache/backup
07-02 05:51:55.271   145   145 I ActivityManager: Process android.process.acore (pid 31822) has died.
07-02 05:51:55.455   145   206 D Tethering: MasterInitialState.processMessage what=3
07-02 05:51:55.490 31863 31865 D dalvikvm: GC_CONCURRENT freed 369K, 5% free 9166K/9607K, paused 2ms+2ms
07-02 05:51:55.682   145   147 D dalvikvm: GC_CONCURRENT freed 1798K, 26% free 17475K/23367K, paused 12ms+102ms
07-02 05:51:55.846  3921  3923 D dalvikvm: GC_CONCURRENT freed 399K, 6% free 10553K/11143K, paused 5ms+8ms
07-02 05:51:55.861   145   395 I ActivityManager: Start proc com.google.android.apps.uploader for broadcast com.google.android.apps.uploader/.ConnectivityBroadcastReceiver: pid=31885 uid=10030 gids={3003}
07-02 05:51:55.877 31885 31885 I dalvikvm: Turning on JNI app bug workarounds for target SDK version 11...
07-02 05:51:56.131 31885 31885 I ActivityThread: Pub com.google.android.apps.uploader: com.google.android.apps.uploader.UploadsContentProvider
07-02 05:51:56.135 31885 31885 I ActivityThread: Pub com.google.photos.provider.Album: com.google.android.apps.uploader.clients.picasa.AlbumProvider
07-02 05:51:56.143 31885 31885 D MediaUploader: UploaderApplication.onCreate
07-02 05:51:56.217   145   202 D ConnectivityService: handleInetConditionHoldEnd: net=1, condition=100, published condition=0
07-02 05:51:56.256   145  1150 I ActivityManager: Process android.process.media (pid 31863) has died.
07-02 05:51:56.396 31885 31885 D MediaUploader: nonWifiLimit=20971520, default=20971520
07-02 05:51:56.412 31885 31885 I MediaUploader: No need to wake up
07-02 05:51:56.482 31460 31460 I PhoneLab-WiFiReceiver: Wi-Fi is disconnected!
07-02 05:51:56.549   145 21614 D dalvikvm: GC_EXPLICIT freed 481K, 27% free 17277K/23367K, paused 3ms+7ms
07-02 05:51:56.623   145   310 I ActivityManager: Start proc android.process.acore for content provider com.android.providers.contacts/.ContactsProvider2: pid=31901 uid=10000 gids={3003, 1015}
07-02 05:51:56.682   145   395 I ActivityManager: Start proc com.google.android.youtube for broadcast com.google.android.youtube/.app.prefetch.PrefetchService$DeviceStateReceiver: pid=31909 uid=10057 gids={3003, 1015, 1006}
07-02 05:51:56.701   145   361 I ActivityManager: Process com.google.android.apps.uploader (pid 31885) has died.
07-02 05:51:56.779 31901 31901 I ActivityThread: Pub call_log: com.android.providers.contacts.CallLogProvider
07-02 05:51:56.826 31901 31901 I ActivityThread: Pub com.android.voicemail: com.android.providers.contacts.VoicemailContentProvider
07-02 05:51:56.830 31901 31901 I ActivityThread: Pub user_dictionary: com.android.providers.userdictionary.UserDictionaryProvider
07-02 05:51:56.881 31901 31901 I ActivityThread: Pub com.android.social: com.android.providers.contacts.SocialProvider
07-02 05:51:56.885 31901 31901 I ActivityThread: Pub applications: com.android.providers.applications.ApplicationsProvider
07-02 05:51:56.935 31909 31914 D dalvikvm: GC_CONCURRENT freed 172K, 3% free 9356K/9607K, paused 2ms+2ms
07-02 05:51:57.014 31909 31909 I ActivityThread: Pub com.google.android.youtube.SuggestionProvider: com.google.android.youtube.core.suggest.SuggestionProvider
07-02 05:51:57.053   145   202 D ConnectivityService: handleInetConditionHoldEnd: net=1, condition=100, published condition=100
07-02 05:51:57.068 31901 31903 D dalvikvm: GC_CONCURRENT freed 341K, 5% free 9149K/9607K, paused 2ms+6ms
07-02 05:51:57.076 31901 31901 I ActivityThread: Pub contacts;com.android.contacts: com.android.providers.contacts.ContactsProvider2
07-02 05:51:57.377  3921  4050 D dalvikvm: GC_EXPLICIT freed 159K, 6% free 10482K/11143K, paused 26ms+5ms
07-02 05:51:57.810 31909 31914 D dalvikvm: GC_CONCURRENT freed 356K, 5% free 9495K/9927K, paused 14ms+5ms
07-02 05:51:57.814 31909 31921 W CursorWrapperInner: Cursor finalized without prior close()
07-02 05:51:57.814 31909 31921 W CursorWrapperInner: Cursor finalized without prior close()
07-02 05:51:57.904 31909 31914 D dalvikvm: GC_CONCURRENT freed 292K, 4% free 9755K/10119K, paused 2ms+2ms
07-02 05:51:58.014 31909 31914 D dalvikvm: GC_CONCURRENT freed 383K, 5% free 9920K/10375K, paused 2ms+2ms
07-02 05:51:58.100 31909 31948 D dalvikvm: GC_FOR_ALLOC freed 387K, 5% free 10045K/10503K, paused 21ms
07-02 05:51:58.185   145   156 I ActivityManager: Process com.google.android.apps.maps:NetworkLocationService (pid 31030) has died.
07-02 05:51:58.185   145   156 W ActivityManager: Scheduling restart of crashed service com.google.android.apps.maps/com.google.android.location.internal.server.NetworkLocationService in 5000ms
07-02 05:51:58.209 31909 31914 D dalvikvm: GC_CONCURRENT freed 272K, 4% free 10287K/10631K, paused 2ms+7ms
07-02 05:51:58.310 31901 31903 D dalvikvm: GC_CONCURRENT freed 179K, 4% free 9365K/9671K, paused 2ms+3ms
07-02 05:51:58.424   145  1149 I ActivityManager: Start proc com.google.android.apps.docs for broadcast com.google.android.apps.docs/.receivers.NetworkChangeReceiver: pid=31956 uid=10077 gids={3003, 1015, 1006}
07-02 05:51:58.510    79    79 D dalvikvm: GC_EXPLICIT freed 37K, 4% free 9031K/9347K, paused 2ms+8ms
07-02 05:51:58.537    79    79 D dalvikvm: GC_EXPLICIT freed <1K, 4% free 9031K/9347K, paused 4ms+2ms
07-02 05:51:58.576    79    79 D dalvikvm: GC_EXPLICIT freed <1K, 4% free 9031K/9347K, paused 2ms+1ms
07-02 05:51:58.877 31956 31956 I PackageInfoHelper: Provided clientMode=RELEASE, packageInfo=PackageInfo{41384070 com.google.android.apps.docs}
07-02 05:51:58.877 31956 31956 I ActivityThread: Pub com.google.android.apps.docs.files: com.google.android.apps.docs.sync.filemanager.FileProvider
07-02 05:51:58.881 31956 31956 I ActivityThread: Pub com.google.android.apps.docs.doclist.search_suggest: com.google.android.apps.docs.doclist.DocListGlobalSearchSuggestionProvider
07-02 05:51:59.064 31956 31960 D dalvikvm: GC_CONCURRENT freed 227K, 4% free 9308K/9607K, paused 4ms+2ms
07-02 05:51:59.357 31956 31960 D dalvikvm: GC_CONCURRENT freed 476K, 6% free 9378K/9927K, paused 6ms+4ms
07-02 05:51:59.506 31956 31960 D dalvikvm: GC_CONCURRENT freed 510K, 6% free 9406K/9991K, paused 2ms+3ms
07-02 05:51:59.600 31956 31960 D dalvikvm: GC_CONCURRENT freed 465K, 6% free 9451K/9991K, paused 2ms+2ms
07-02 05:51:59.682 31956 31960 D dalvikvm: GC_CONCURRENT freed 498K, 6% free 9480K/10055K, paused 2ms+2ms
07-02 05:51:59.779 31956 31960 D dalvikvm: GC_CONCURRENT freed 539K, 7% free 9504K/10119K, paused 2ms+2ms
07-02 05:52:00.049 31956 31960 D dalvikvm: GC_CONCURRENT freed 343K, 5% free 9635K/10119K, paused 2ms+2ms
07-02 05:52:00.162 31956 31956 D ContextScopeImpl: in ContextScope.getContextOrDefault for thread=1
07-02 05:52:00.178 31956 31960 D dalvikvm: GC_CONCURRENT freed 419K, 5% free 9753K/10247K, paused 2ms+10ms
07-02 05:52:00.182 31956 31956 D ContextScopeImpl: returning application context for thread=1
07-02 05:52:00.197 31956 31956 I FeatureCheckerImpl: Configured disabled features: []
07-02 05:52:00.197 31956 31956 D ContextScopeImpl: in ContextScope.getContextOrDefault for thread=1
07-02 05:52:00.197 31956 31956 D ContextScopeImpl: returning application context for thread=1
07-02 05:52:00.217 31956 31956 D ContextScopeImpl: in ContextScope.enter for thread=1
07-02 05:52:00.217 31956 31956 W ContextScopeImpl: thread=1 tried to enter the scope of the application context. Ignored.
07-02 05:52:00.217 31956 31956 D ContextScopeImpl: in ContextScope.getContextOrDefault for thread=1
07-02 05:52:00.217 31956 31956 D ContextScopeImpl: returning application context for thread=1
07-02 05:52:00.217 31956 31956 D DocListDatabase: openHelper points on new database: DocList.db
07-02 05:52:00.217 31956 31956 D DocListDatabase: in openWriteDatabase
07-02 05:52:00.232 31956 31956 I ActivityThread: Pub com.google.android.apps.docs.doclist.account_suggest: com.google.android.apps.docs.doclist.DocListAccountSuggestionProvider
07-02 05:52:00.244 31956 31956 D ContextScopeImpl: in ContextScope.enter for thread=1
07-02 05:52:00.244 31956 31956 W ContextScopeImpl: thread=1 tried to enter the scope of the application context. Ignored.
07-02 05:52:00.244 31956 31956 I ActivityThread: Pub com.google.android.apps.docs: com.google.android.apps.docs.providers.DocListProvider
07-02 05:52:00.244 31956 31956 D ContextScopeImpl: in ContextScope.enter for thread=1
07-02 05:52:00.244 31956 31956 W ContextScopeImpl: thread=1 tried to enter the scope of the application context. Ignored.
07-02 05:52:00.248 31956 31956 W ContextScopeImpl: thread=1 tried to enter the scope of the application context. Ignored.
07-02 05:52:00.260 31956 31974 W ContextScopeImpl: thread=5421 tried to enter the scope of the application context. Ignored.
07-02 05:52:00.338 31956 31956 W ContextScopeImpl: thread=1 tried to enter the scope of the application context. Ignored.
07-02 05:52:00.377   145   396 I ActivityManager: Start proc com.google.android.apps.plus for broadcast com.google.android.apps.plus/com.google.android.picasasync.ConnectivityReceiver: pid=31978 uid=10060 gids={3003, 3002, 1015, 1006}
07-02 05:52:00.408   145   145 I ActivityManager: Process com.google.android.apps.docs (pid 31956) has died.
07-02 05:52:00.428 31909 31914 D dalvikvm: GC_CONCURRENT freed 495K, 6% free 10319K/10887K, paused 23ms+68ms
07-02 05:52:00.666 31978 31980 D dalvikvm: GC_CONCURRENT freed 149K, 3% free 9386K/9607K, paused 2ms+2ms
07-02 05:52:00.920 31978 31978 I ActivityThread: Pub com.google.android.apps.plus.content.ApiProvider: com.google.android.apps.plus.content.EsApiProvider
07-02 05:52:00.943 31978 31978 I ActivityThread: Pub com.google.android.apps.plus.content.EsGooglePhotoProvider: com.google.android.picasasync.PicasaContentProvider
07-02 05:52:01.041 31978 31980 D dalvikvm: GC_CONCURRENT freed 336K, 5% free 9580K/9991K, paused 2ms+2ms
07-02 05:52:01.064 31978 31978 I ActivityThread: Pub com.google.android.apps.plus.content.EsPicasaStoreProvider: com.google.android.picasastore.PicasaPhotoContentProvider
07-02 05:52:01.080 31978 31978 I ActivityThread: Pub com.google.plus.platform: com.google.android.apps.plus.content.AdsProvider
07-02 05:52:01.100 31978 31978 I ActivityThread: Pub com.google.android.apps.plus.iu.EsGoogleIuProvider: com.google.android.apps.plus.iu.InstantUploadProvider
07-02 05:52:01.162   145   157 I ActivityManager: Start proc android.process.media for content provider com.android.providers.media/.MediaProvider: pid=31995 uid=10012 gids={1015, 1023, 1024, 2001, 3003, 3007}
07-02 05:52:01.182 31978 31980 D dalvikvm: GC_CONCURRENT freed 501K, 6% free 9608K/10183K, paused 2ms+6ms
07-02 05:52:01.189 31978 31978 I ActivityThread: Pub com.google.android.apps.plus.content.EsProvider: com.google.android.apps.plus.content.EsProvider
07-02 05:52:01.361   145   395 I ActivityManager: Process com.google.android.apps.currents (pid 31691) has died.
07-02 05:52:01.361   145   395 W ActivityManager: Scheduling restart of crashed service com.google.android.apps.currents/com.google.apps.dots.android.app.service.DotsSyncService in 11823ms
07-02 05:52:01.393 31995 31995 I ActivityThread: Pub downloads: com.android.providers.downloads.DownloadProvider
07-02 05:52:01.439 31978 32011 D PicasaSync: sync account database
07-02 05:52:01.584 31995 31995 I ActivityThread: Pub drm: com.android.providers.drm.DrmProvider
07-02 05:52:01.584 31995 32013 I DownloadManager: in removeSpuriousFiles
07-02 05:52:01.830 31995 31995 I ActivityThread: Pub media: com.android.providers.media.MediaProvider
07-02 05:52:01.846 31995 32013 I DownloadManager: in removeSpuriousFiles, preserving file /data/data/com.android.providers.downloads/cache/metadata.json
07-02 05:52:01.846 31995 32013 I DownloadManager: in removeSpuriousFiles, preserving file /data/data/com.android.providers.downloads/cache/en_general.htm
07-02 05:52:01.846 31995 32013 I DownloadManager: in removeSpuriousFiles, preserving file /mnt/sdcard/Download/img-thing.jpeg
07-02 05:52:01.846 31995 32013 I DownloadManager: in removeSpuriousFiles, preserving file /data/data/com.android.providers.downloads/cache/metadata-1.json
07-02 05:52:01.846 31995 32013 I DownloadManager: in removeSpuriousFiles, preserving file /data/data/com.android.providers.downloads/cache/downloadfile.jpeg
07-02 05:52:01.846 31995 32013 I DownloadManager: in removeSpuriousFiles, preserving file /data/data/com.android.providers.downloads/cache/metadata-2.json
07-02 05:52:01.846 31995 32013 I DownloadManager: in removeSpuriousFiles, preserving file /data/data/com.android.providers.downloads/cache/metadata-3.json
07-02 05:52:01.853 31995 32013 I DownloadManager: deleting spurious file /cache/backup
07-02 05:52:01.932 31978 31980 D dalvikvm: GC_CONCURRENT freed 307K, 4% free 9851K/10247K, paused 35ms+242ms
07-02 05:52:02.057 31909 31914 D dalvikvm: GC_CONCURRENT freed 339K, 5% free 10420K/10951K, paused 9ms+6ms
07-02 05:52:02.072 31978 32011 D PicasaSync: accounts in DB=1
07-02 05:52:02.100 31978 32011 D PicasaSyncManager: active network: NetworkInfo: type: WIFI[], state: CONNECTED/CONNECTED, reason: (unspecified), extra: (none), roaming: false, failover: false, isAvailable: true
07-02 05:52:02.100 31978 32011 D PicasaSyncManager: background data: true
07-02 05:52:02.162 31995 31998 D dalvikvm: GC_CONCURRENT freed 319K, 5% free 9184K/9607K, paused 7ms+2ms
07-02 05:52:02.225 31978 32011 D PicasaSyncManager: battery info: true
07-02 05:52:02.709   145   310 I ActivityManager: Start proc com.google.android.apps.uploader for broadcast com.google.android.apps.uploader/.ConnectivityBroadcastReceiver: pid=32020 uid=10030 gids={3003}
07-02 05:52:02.732 32020 32020 I dalvikvm: Turning on JNI app bug workarounds for target SDK version 11...
07-02 05:52:02.744   145   361 I ActivityManager: Process com.google.android.apps.plus (pid 31978) has died.
07-02 05:52:02.803 31901 31903 D dalvikvm: GC_CONCURRENT freed 218K, 4% free 9602K/9927K, paused 32ms+14ms
07-02 05:52:02.826 32020 32020 I ActivityThread: Pub com.google.android.apps.uploader: com.google.android.apps.uploader.UploadsContentProvider
07-02 05:52:02.826 32020 32020 I ActivityThread: Pub com.google.photos.provider.Album: com.google.android.apps.uploader.clients.picasa.AlbumProvider
07-02 05:52:02.834 32020 32020 D MediaUploader: UploaderApplication.onCreate
07-02 05:52:02.900 32020 32020 D MediaUploader: nonWifiLimit=20971520, default=20971520
07-02 05:52:02.920 32020 32020 I MediaUploader: No need to wake up
07-02 05:52:02.947   145   396 I ActivityManager: Process android.process.media (pid 31995) has died.
07-02 05:52:03.115   145   348 I ActivityManager: Start proc com.google.android.apps.docs for broadcast com.google.android.apps.docs/.receivers.NetworkChangeReceiver: pid=32036 uid=10077 gids={3003, 1015, 1006}
07-02 05:52:03.205   145   162 I ActivityManager: Start proc com.google.android.apps.maps:NetworkLocationService for service com.google.android.apps.maps/com.google.android.location.internal.server.NetworkLocationService: pid=32049 uid=10056 gids={3003, 1015}
07-02 05:52:03.295   145   395 I ActivityManager: Process com.google.android.apps.uploader (pid 32020) has died.
07-02 05:52:03.342 32036 32036 I PackageInfoHelper: Provided clientMode=RELEASE, packageInfo=PackageInfo{4137e0d8 com.google.android.apps.docs}
07-02 05:52:03.342 32036 32036 I ActivityThread: Pub com.google.android.apps.docs.files: com.google.android.apps.docs.sync.filemanager.FileProvider
07-02 05:52:03.346 32036 32036 I ActivityThread: Pub com.google.android.apps.docs.doclist.search_suggest: com.google.android.apps.docs.doclist.DocListGlobalSearchSuggestionProvider
07-02 05:52:03.385 31909 31914 D dalvikvm: GC_CONCURRENT freed 334K, 5% free 10555K/11015K, paused 8ms+3ms
07-02 05:52:03.502 32049 32052 D dalvikvm: GC_CONCURRENT freed 163K, 3% free 9372K/9607K, paused 90ms+6ms
07-02 05:52:03.560 32036 32038 D dalvikvm: GC_CONCURRENT freed 223K, 4% free 9313K/9607K, paused 2ms+2ms
07-02 05:52:03.682 32036 32038 D dalvikvm: GC_CONCURRENT freed 460K, 6% free 9394K/9927K, paused 2ms+3ms
07-02 05:52:03.826 32036 32038 D dalvikvm: GC_CONCURRENT freed 500K, 6% free 9417K/9991K, paused 2ms+6ms
07-02 05:52:03.951 32036 32038 D dalvikvm: GC_CONCURRENT freed 530K, 7% free 9450K/10055K, paused 2ms+7ms
07-02 05:52:04.064 32036 32038 D dalvikvm: GC_CONCURRENT freed 484K, 6% free 9477K/10055K, paused 2ms+6ms
07-02 05:52:04.217 32036 32038 D dalvikvm: GC_CONCURRENT freed 505K, 6% free 9532K/10119K, paused 1ms+3ms
07-02 05:52:04.377 32036 32038 D dalvikvm: GC_CONCURRENT freed 365K, 5% free 9640K/10119K, paused 2ms+3ms
07-02 05:52:04.486 32036 32036 D ContextScopeImpl: in ContextScope.getContextOrDefault for thread=1
07-02 05:52:04.486 32036 32036 D ContextScopeImpl: returning application context for thread=1
07-02 05:52:04.498 32036 32038 D dalvikvm: GC_CONCURRENT freed 390K, 5% free 9756K/10247K, paused 2ms+3ms
07-02 05:52:04.502 32036 32036 I FeatureCheckerImpl: Configured disabled features: []
07-02 05:52:04.502 32036 32036 D ContextScopeImpl: in ContextScope.getContextOrDefault for thread=1
07-02 05:52:04.502 32036 32036 D ContextScopeImpl: returning application context for thread=1
07-02 05:52:04.521 32036 32036 D ContextScopeImpl: in ContextScope.enter for thread=1
07-02 05:52:04.521 32036 32036 W ContextScopeImpl: thread=1 tried to enter the scope of the application context. Ignored.
07-02 05:52:04.521 32036 32036 D ContextScopeImpl: in ContextScope.getContextOrDefault for thread=1
07-02 05:52:04.521 32036 32036 D ContextScopeImpl: returning application context for thread=1
07-02 05:52:04.525 32036 32036 D DocListDatabase: openHelper points on new database: DocList.db
07-02 05:52:04.525 32036 32036 D DocListDatabase: in openWriteDatabase
07-02 05:52:04.541 32036 32036 I ActivityThread: Pub com.google.android.apps.docs.doclist.account_suggest: com.google.android.apps.docs.doclist.DocListAccountSuggestionProvider
07-02 05:52:04.549 32036 32036 D ContextScopeImpl: in ContextScope.enter for thread=1
07-02 05:52:04.549 32036 32036 W ContextScopeImpl: thread=1 tried to enter the scope of the application context. Ignored.
07-02 05:52:04.549 32036 32036 I ActivityThread: Pub com.google.android.apps.docs: com.google.android.apps.docs.providers.DocListProvider
07-02 05:52:04.549 32036 32036 D ContextScopeImpl: in ContextScope.enter for thread=1
07-02 05:52:04.549 32036 32036 W ContextScopeImpl: thread=1 tried to enter the scope of the application context. Ignored.
07-02 05:52:04.553 32036 32036 W ContextScopeImpl: thread=1 tried to enter the scope of the application context. Ignored.
07-02 05:52:04.568 32036 32069 W ContextScopeImpl: thread=5433 tried to enter the scope of the application context. Ignored.
07-02 05:52:04.623   145   145 I ActivityManager: Process com.xabber.androiddev (pid 31574) has died.
07-02 05:52:04.627   145   145 W ActivityManager: Scheduling restart of crashed service com.xabber.androiddev/com.xabber.android.service.XMPPService in 5000ms
07-02 05:52:04.639 32036 32036 W ContextScopeImpl: thread=1 tried to enter the scope of the application context. Ignored.
07-02 05:52:04.670   145   156 I ActivityManager: Start proc com.google.android.apps.plus for broadcast com.google.android.apps.plus/com.google.android.picasasync.ConnectivityReceiver: pid=32072 uid=10060 gids={3003, 3002, 1015, 1006}
07-02 05:52:04.709 32049 32052 D dalvikvm: GC_CONCURRENT freed 155K, 3% free 9677K/9927K, paused 45ms+7ms
07-02 05:52:04.908 32072 32074 D dalvikvm: GC_CONCURRENT freed 162K, 3% free 9373K/9607K, paused 2ms+2ms
07-02 05:52:05.357 32072 32072 I ActivityThread: Pub com.google.android.apps.plus.content.ApiProvider: com.google.android.apps.plus.content.EsApiProvider
07-02 05:52:05.369   145   396 I ActivityManager: Process com.google.android.apps.docs (pid 32036) has died.
07-02 05:52:05.385 32072 32072 I ActivityThread: Pub com.google.android.apps.plus.content.EsGooglePhotoProvider: com.google.android.picasasync.PicasaContentProvider
07-02 05:52:05.494 32072 32074 D dalvikvm: GC_CONCURRENT freed 336K, 5% free 9580K/9991K, paused 2ms+3ms
07-02 05:52:05.521 32072 32072 I ActivityThread: Pub com.google.android.apps.plus.content.EsPicasaStoreProvider: com.google.android.picasastore.PicasaPhotoContentProvider
07-02 05:52:05.537 32072 32072 I ActivityThread: Pub com.google.plus.platform: com.google.android.apps.plus.content.AdsProvider
07-02 05:52:05.537 32072 32072 I ActivityThread: Pub com.google.android.apps.plus.iu.EsGoogleIuProvider: com.google.android.apps.plus.iu.InstantUploadProvider
07-02 05:52:05.560   145  4009 I ActivityManager: Start proc android.process.media for content provider com.android.providers.media/.MediaProvider: pid=32094 uid=10012 gids={1015, 1023, 1024, 2001, 3003, 3007}
07-02 05:52:05.611 32094 32094 I ActivityThread: Pub downloads: com.android.providers.downloads.DownloadProvider
07-02 05:52:05.623 32072 32074 D dalvikvm: GC_CONCURRENT freed 501K, 6% free 9608K/10183K, paused 23ms+2ms
07-02 05:52:05.627 32072 32072 I ActivityThread: Pub com.google.android.apps.plus.content.EsProvider: com.google.android.apps.plus.content.EsProvider
07-02 05:52:05.764 32094 32094 I ActivityThread: Pub drm: com.android.providers.drm.DrmProvider
07-02 05:52:05.764 32094 32107 I DownloadManager: in removeSpuriousFiles
07-02 05:52:05.787 32094 32094 I ActivityThread: Pub media: com.android.providers.media.MediaProvider
07-02 05:52:05.822 32094 32107 I DownloadManager: in removeSpuriousFiles, preserving file /data/data/com.android.providers.downloads/cache/metadata.json
07-02 05:52:05.822 32094 32107 I DownloadManager: in removeSpuriousFiles, preserving file /data/data/com.android.providers.downloads/cache/en_general.htm
07-02 05:52:05.822 32094 32107 I DownloadManager: in removeSpuriousFiles, preserving file /mnt/sdcard/Download/img-thing.jpeg
07-02 05:52:05.822 32094 32107 I DownloadManager: in removeSpuriousFiles, preserving file /data/data/com.android.providers.downloads/cache/metadata-1.json
07-02 05:52:05.822 32094 32107 I DownloadManager: in removeSpuriousFiles, preserving file /data/data/com.android.providers.downloads/cache/downloadfile.jpeg
07-02 05:52:05.822 32094 32107 I DownloadManager: in removeSpuriousFiles, preserving file /data/data/com.android.providers.downloads/cache/metadata-2.json
07-02 05:52:05.822 32094 32107 I DownloadManager: in removeSpuriousFiles, preserving file /data/data/com.android.providers.downloads/cache/metadata-3.json
07-02 05:52:05.822 32094 32107 I DownloadManager: deleting spurious file /cache/backup
07-02 05:52:06.420 32072 32111 D PicasaSync: sync account database
07-02 05:52:06.455 32049 32052 D dalvikvm: GC_CONCURRENT freed 178K, 3% free 10061K/10311K, paused 109ms+2ms
07-02 05:52:06.619 32049 32052 D dalvikvm: GC_CONCURRENT freed 661K, 8% free 9887K/10631K, paused 2ms+2ms
07-02 05:52:07.576   145   157 I ActivityManager: Process com.google.android.youtube (pid 31909) has died.
07-02 05:52:08.537 32072 32074 D dalvikvm: GC_CONCURRENT freed 312K, 4% free 9847K/10247K, paused 2ms+764ms
07-02 05:52:08.631   145   147 D dalvikvm: GC_CONCURRENT freed 1950K, 26% free 17317K/23367K, paused 140ms+10ms
07-02 05:52:08.787 32094 32097 D dalvikvm: GC_CONCURRENT freed 360K, 5% free 9176K/9607K, paused 2ms+2ms
07-02 05:52:08.920 32072 32091 D PicasaPhotoCP: set fsid first time:-1
07-02 05:52:08.939   145 28236 I ActivityManager: Start proc com.google.android.apps.uploader for broadcast com.google.android.apps.uploader/.ConnectivityBroadcastReceiver: pid=32118 uid=10030 gids={3003}
07-02 05:52:08.951 32118 32118 I dalvikvm: Turning on JNI app bug workarounds for target SDK version 11...
07-02 05:52:09.021 32049 32056 I dalvikvm: Total arena pages for JIT: 11
07-02 05:52:09.021 32049 32056 I dalvikvm: Total arena pages for JIT: 12
07-02 05:52:09.025 32049 32056 I dalvikvm: Total arena pages for JIT: 13
07-02 05:52:09.025 32049 32056 I dalvikvm: Total arena pages for JIT: 14
07-02 05:52:09.025 32049 32056 I dalvikvm: Total arena pages for JIT: 15
07-02 05:52:09.025 32049 32056 I dalvikvm: Total arena pages for JIT: 16
07-02 05:52:09.029 32049 32056 I dalvikvm: Total arena pages for JIT: 17
07-02 05:52:09.041 32072 32111 D PicasaSync: accounts in DB=1
07-02 05:52:09.084 32118 32118 I ActivityThread: Pub com.google.android.apps.uploader: com.google.android.apps.uploader.UploadsContentProvider
07-02 05:52:09.088 32118 32118 I ActivityThread: Pub com.google.photos.provider.Album: com.google.android.apps.uploader.clients.picasa.AlbumProvider
07-02 05:52:09.092 32118 32118 D MediaUploader: UploaderApplication.onCreate
07-02 05:52:09.127 32118 32118 D MediaUploader: nonWifiLimit=20971520, default=20971520
07-02 05:52:09.131 32118 32118 I MediaUploader: No need to wake up
07-02 05:52:09.146 32072 32111 D PicasaSyncManager: active network: NetworkInfo: type: WIFI[], state: CONNECTED/CONNECTED, reason: (unspecified), extra: (none), roaming: false, failover: false, isAvailable: true
07-02 05:52:09.154 32072 32111 D PicasaSyncManager: background data: true
07-02 05:52:09.228   145   329 I ActivityManager: Start proc com.google.android.youtube for broadcast com.google.android.youtube/.app.prefetch.PrefetchService$DeviceStateReceiver: pid=32135 uid=10057 gids={3003, 1015, 1006}
07-02 05:52:09.459 32135 32137 D dalvikvm: GC_CONCURRENT freed 171K, 3% free 9358K/9607K, paused 2ms+3ms
07-02 05:52:09.475 32135 32135 I ActivityThread: Pub com.google.android.youtube.SuggestionProvider: com.google.android.youtube.core.suggest.SuggestionProvider
07-02 05:52:09.490 32049 32052 D dalvikvm: GC_CONCURRENT freed 216K, 5% free 10170K/10631K, paused 2ms+4ms
07-02 05:52:09.537   145 28236 I ActivityManager: Process com.google.android.apps.plus (pid 32072) has died.
07-02 05:52:09.643 32155 32155 D dalvikvm: Late-enabling CheckJNI
07-02 05:52:09.643 32049 32056 I dalvikvm: Total arena pages for JIT: 18
07-02 05:52:09.643   145   162 I ActivityManager: Start proc com.xabber.androiddev for service com.xabber.androiddev/com.xabber.android.service.XMPPService: pid=32155 uid=10063 gids={3003, 1015}
07-02 05:52:09.662 32155 32155 I dalvikvm: Turning on JNI app bug workarounds for target SDK version 9...
07-02 05:52:10.084 32155 32159 D dalvikvm: GC_CONCURRENT freed 223K, 4% free 9313K/9607K, paused 3ms+3ms
07-02 05:52:10.111 32155 32155 D dalvikvm: GC_FOR_ALLOC freed 306K, 6% free 9427K/9927K, paused 14ms
07-02 05:52:10.236 32155 32159 D dalvikvm: GC_CONCURRENT freed 178K, 3% free 9784K/10055K, paused 2ms+5ms
07-02 05:52:10.361   145 22722 D dalvikvm: GC_EXPLICIT freed 324K, 27% free 17288K/23367K, paused 4ms+30ms
07-02 05:52:10.373 32155 32159 D dalvikvm: GC_CONCURRENT freed 314K, 4% free 9989K/10375K, paused 1ms+12ms
07-02 05:52:10.506 32135 32137 D dalvikvm: GC_CONCURRENT freed 328K, 5% free 9508K/9927K, paused 2ms+3ms
07-02 05:52:10.506 32135 32144 W CursorWrapperInner: Cursor finalized without prior close()
07-02 05:52:10.506 32135 32144 W CursorWrapperInner: Cursor finalized without prior close()
07-02 05:52:10.557   145   145 I ActivityManager: Process android.process.media (pid 32094) has died.
07-02 05:52:10.732 32155 32155 I com.xabber.android.service.XMPPService@41444bd8: onCreate
07-02 05:52:10.783 32155 32155 I com.xabber.android.data.Application@41370ea8: onStart
07-02 05:52:10.807 32155 32177 I com.xabber.android.data.LogManager@41373b08: onLoad
07-02 05:52:10.822 32135 32137 D dalvikvm: GC_CONCURRENT freed 295K, 4% free 9752K/10119K, paused 2ms+4ms
07-02 05:52:10.924 32135 32137 D dalvikvm: GC_CONCURRENT freed 391K, 5% free 9913K/10375K, paused 2ms+2ms
07-02 05:52:11.025 32135 32137 D dalvikvm: GC_CONCURRENT freed 396K, 5% free 10036K/10503K, paused 2ms+2ms
07-02 05:52:11.107 32135 32183 D dalvikvm: GC_FOR_ALLOC freed 394K, 5% free 10165K/10631K, paused 24ms
07-02 05:52:11.174 32135 32137 D dalvikvm: GC_CONCURRENT freed 57K, 4% free 10240K/10631K, paused 2ms+4ms
07-02 05:52:11.299   145 21614 I ActivityManager: Start proc com.google.android.apps.docs for broadcast com.google.android.apps.docs/.receivers.NetworkChangeReceiver: pid=32192 uid=10077 gids={3003, 1015, 1006}
07-02 05:52:11.357    79    79 D dalvikvm: GC_EXPLICIT freed 38K, 4% free 9031K/9347K, paused 6ms+22ms
07-02 05:52:11.404    79    79 D dalvikvm: GC_EXPLICIT freed <1K, 4% free 9031K/9347K, paused 1ms+2ms
07-02 05:52:11.432    79    79 D dalvikvm: GC_EXPLICIT freed <1K, 4% free 9031K/9347K, paused 3ms+2ms
07-02 05:52:11.549 32192 32192 I PackageInfoHelper: Provided clientMode=RELEASE, packageInfo=PackageInfo{413842b8 com.google.android.apps.docs}
07-02 05:52:11.549 32192 32192 I ActivityThread: Pub com.google.android.apps.docs.files: com.google.android.apps.docs.sync.filemanager.FileProvider
07-02 05:52:11.557 32192 32192 I ActivityThread: Pub com.google.android.apps.docs.doclist.search_suggest: com.google.android.apps.docs.doclist.DocListGlobalSearchSuggestionProvider
07-02 05:52:11.658 32192 32194 D dalvikvm: GC_CONCURRENT freed 228K, 4% free 9307K/9607K, paused 2ms+2ms
07-02 05:52:11.752 32192 32194 D dalvikvm: GC_CONCURRENT freed 476K, 6% free 9377K/9927K, paused 2ms+2ms
07-02 05:52:11.834 32192 32194 D dalvikvm: GC_CONCURRENT freed 501K, 6% free 9414K/9991K, paused 2ms+2ms
07-02 05:52:11.916 32192 32194 D dalvikvm: GC_CONCURRENT freed 540K, 7% free 9439K/10055K, paused 1ms+2ms
07-02 05:52:11.990 32192 32194 D dalvikvm: GC_CONCURRENT freed 476K, 6% free 9475K/10055K, paused 2ms+2ms
07-02 05:52:12.057   145   361 I ActivityManager: Process android.process.acore (pid 31901) has died.
07-02 05:52:12.131 32192 32194 D dalvikvm: GC_CONCURRENT freed 518K, 6% free 9525K/10119K, paused 1ms+3ms
07-02 05:52:12.260 32192 32194 D dalvikvm: GC_CONCURRENT freed 356K, 5% free 9649K/10119K, paused 2ms+2ms
07-02 05:52:12.361 32192 32192 D ContextScopeImpl: in ContextScope.getContextOrDefault for thread=1
07-02 05:52:12.361 32192 32192 D ContextScopeImpl: returning application context for thread=1
07-02 05:52:12.381 32192 32192 I FeatureCheckerImpl: Configured disabled features: []
07-02 05:52:12.385 32192 32194 D dalvikvm: GC_CONCURRENT freed 387K, 5% free 9762K/10247K, paused 1ms+3ms
07-02 05:52:12.385 32192 32192 D ContextScopeImpl: in ContextScope.getContextOrDefault for thread=1
07-02 05:52:12.385 32192 32192 D ContextScopeImpl: returning application context for thread=1
07-02 05:52:12.404 32192 32192 D ContextScopeImpl: in ContextScope.enter for thread=1
07-02 05:52:12.404 32192 32192 W ContextScopeImpl: thread=1 tried to enter the scope of the application context. Ignored.
07-02 05:52:12.404 32192 32192 D ContextScopeImpl: in ContextScope.getContextOrDefault for thread=1
07-02 05:52:12.404 32192 32192 D ContextScopeImpl: returning application context for thread=1
07-02 05:52:12.404 32192 32192 D DocListDatabase: openHelper points on new database: DocList.db
07-02 05:52:12.404 32192 32192 D DocListDatabase: in openWriteDatabase
07-02 05:52:12.412 32192 32192 I ActivityThread: Pub com.google.android.apps.docs.doclist.account_suggest: com.google.android.apps.docs.doclist.DocListAccountSuggestionProvider
07-02 05:52:12.420 32192 32192 D ContextScopeImpl: in ContextScope.enter for thread=1
07-02 05:52:12.420 32192 32192 W ContextScopeImpl: thread=1 tried to enter the scope of the application context. Ignored.
07-02 05:52:12.420 32192 32192 I ActivityThread: Pub com.google.android.apps.docs: com.google.android.apps.docs.providers.DocListProvider
07-02 05:52:12.420 32192 32192 D ContextScopeImpl: in ContextScope.enter for thread=1
07-02 05:52:12.420 32192 32192 W ContextScopeImpl: thread=1 tried to enter the scope of the application context. Ignored.
07-02 05:52:12.435 32192 32192 W ContextScopeImpl: thread=1 tried to enter the scope of the application context. Ignored.
07-02 05:52:12.443 32192 32208 W ContextScopeImpl: thread=5454 tried to enter the scope of the application context. Ignored.
07-02 05:52:12.482 32192 32192 W ContextScopeImpl: thread=1 tried to enter the scope of the application context. Ignored.
07-02 05:52:12.545   145   310 I ActivityManager: Start proc com.google.android.apps.plus for broadcast com.google.android.apps.plus/com.google.android.picasasync.ConnectivityReceiver: pid=32212 uid=10060 gids={3003, 3002, 1015, 1006}
07-02 05:52:12.631 32049 32052 D dalvikvm: GC_CONCURRENT freed 383K, 5% free 10210K/10695K, paused 2ms+37ms
07-02 05:52:12.650 32135 32137 D dalvikvm: GC_CONCURRENT freed 387K, 5% free 10359K/10823K, paused 2ms+9ms
07-02 05:52:12.853 32212 32215 D dalvikvm: GC_CONCURRENT freed 149K, 3% free 9386K/9607K, paused 1ms+2ms
07-02 05:52:13.127 32212 32212 I ActivityThread: Pub com.google.android.apps.plus.content.ApiProvider: com.google.android.apps.plus.content.EsApiProvider
07-02 05:52:13.131 32155 32159 D dalvikvm: GC_CONCURRENT freed 296K, 5% free 10137K/10567K, paused 3ms+7ms
07-02 05:52:13.213 32212 32212 I ActivityThread: Pub com.google.android.apps.plus.content.EsGooglePhotoProvider: com.google.android.picasasync.PicasaContentProvider
07-02 05:52:13.310 32212 32215 D dalvikvm: GC_CONCURRENT freed 336K, 5% free 9580K/9991K, paused 1ms+4ms
07-02 05:52:13.334 32212 32212 I ActivityThread: Pub com.google.android.apps.plus.content.EsPicasaStoreProvider: com.google.android.picasastore.PicasaPhotoContentProvider
07-02 05:52:13.353 32212 32212 I ActivityThread: Pub com.google.plus.platform: com.google.android.apps.plus.content.AdsProvider
07-02 05:52:13.353 32212 32212 I ActivityThread: Pub com.google.android.apps.plus.iu.EsGoogleIuProvider: com.google.android.apps.plus.iu.InstantUploadProvider
07-02 05:52:13.432 32212 32215 D dalvikvm: GC_CONCURRENT freed 501K, 6% free 9608K/10183K, paused 2ms+2ms
07-02 05:52:13.435 32212 32212 I ActivityThread: Pub com.google.android.apps.plus.content.EsProvider: com.google.android.apps.plus.content.EsProvider
07-02 05:52:13.459   145   329 I ActivityManager: Start proc android.process.acore for content provider com.android.providers.contacts/.ContactsProvider2: pid=32230 uid=10000 gids={3003, 1015}
07-02 05:52:13.525 32230 32230 I ActivityThread: Pub call_log: com.android.providers.contacts.CallLogProvider
07-02 05:52:13.580   145 22722 I ActivityManager: Start proc android.process.media for content provider com.android.providers.media/.MediaProvider: pid=32246 uid=10012 gids={1015, 1023, 1024, 2001, 3003, 3007}
07-02 05:52:13.596 32230 32230 I ActivityThread: Pub com.android.voicemail: com.android.providers.contacts.VoicemailContentProvider
07-02 05:52:13.596 32230 32230 I ActivityThread: Pub user_dictionary: com.android.providers.userdictionary.UserDictionaryProvider
07-02 05:52:13.709 32246 32246 I ActivityThread: Pub downloads: com.android.providers.downloads.DownloadProvider
07-02 05:52:13.752 32230 32230 I ActivityThread: Pub com.android.social: com.android.providers.contacts.SocialProvider
07-02 05:52:13.756 32230 32230 I ActivityThread: Pub applications: com.android.providers.applications.ApplicationsProvider
07-02 05:52:13.838   145   361 I ActivityManager: Process com.google.android.apps.docs (pid 32192) has died.
07-02 05:52:13.928 32212 32259 D PicasaSync: sync account database
07-02 05:52:13.947 32212 32215 D dalvikvm: GC_CONCURRENT freed 299K, 4% free 9843K/10247K, paused 71ms+3ms
07-02 05:52:14.010 32246 32246 I ActivityThread: Pub drm: com.android.providers.drm.DrmProvider
07-02 05:52:14.010 32246 32262 I DownloadManager: in removeSpuriousFiles
07-02 05:52:14.072 32246 32262 I DownloadManager: in removeSpuriousFiles, preserving file /data/data/com.android.providers.downloads/cache/metadata.json
07-02 05:52:14.072 32246 32262 I DownloadManager: in removeSpuriousFiles, preserving file /data/data/com.android.providers.downloads/cache/en_general.htm
07-02 05:52:14.072 32246 32262 I DownloadManager: in removeSpuriousFiles, preserving file /mnt/sdcard/Download/img-thing.jpeg
07-02 05:52:14.072 32246 32262 I DownloadManager: in removeSpuriousFiles, preserving file /data/data/com.android.providers.downloads/cache/metadata-1.json
07-02 05:52:14.072 32246 32262 I DownloadManager: in removeSpuriousFiles, preserving file /data/data/com.android.providers.downloads/cache/downloadfile.jpeg
07-02 05:52:14.072 32246 32262 I DownloadManager: in removeSpuriousFiles, preserving file /data/data/com.android.providers.downloads/cache/metadata-2.json
07-02 05:52:14.072 32246 32262 I DownloadManager: in removeSpuriousFiles, preserving file /data/data/com.android.providers.downloads/cache/metadata-3.json
07-02 05:52:14.084 32246 32246 I ActivityThread: Pub media: com.android.providers.media.MediaProvider
07-02 05:52:14.135 32246 32262 I DownloadManager: deleting spurious file /cache/backup
07-02 05:52:14.174 32135 32137 D dalvikvm: GC_CONCURRENT freed 327K, 4% free 10478K/10887K, paused 185ms+3ms
07-02 05:52:14.385 32230 32230 I ActivityThread: Pub contacts;com.android.contacts: com.android.providers.contacts.ContactsProvider2
07-02 05:52:14.393 32230 32233 D dalvikvm: GC_CONCURRENT freed 330K, 5% free 9184K/9607K, paused 14ms+5ms
07-02 05:52:14.424   145   161 I ActivityManager: Start proc com.google.android.apps.maps:FriendService for broadcast com.google.android.apps.maps/com.google.googlenav.friend.android.ServiceReceiver: pid=32264 uid=10056 gids={3003, 1015}
07-02 05:52:14.443 32212 32259 D PicasaSync: accounts in DB=1
07-02 05:52:14.689 32264 32266 D dalvikvm: GC_CONCURRENT freed 161K, 3% free 9375K/9607K, paused 2ms+2ms
07-02 05:52:14.744 32246 32248 D dalvikvm: GC_CONCURRENT freed 367K, 5% free 9166K/9607K, paused 11ms+9ms
07-02 05:52:14.869   145   395 I ActivityManager: Process com.google.android.apps.plus (pid 32212) has died.
07-02 05:52:15.244   145   396 I ActivityManager: Process android.process.media (pid 32246) has died.
07-02 05:52:15.365 32264 32266 D dalvikvm: GC_CONCURRENT freed 190K, 3% free 9656K/9927K, paused 2ms+2ms
07-02 05:52:15.568   145  1149 I ActivityManager: Start proc com.google.android.apps.maps:LocationFriendService for broadcast com.google.android.apps.maps/com.google.googlenav.friend.reporting.LocationReportingIntentReceiver: pid=32283 uid=10056 gids={3003, 1015}
07-02 05:52:15.643   145  1150 I ActivityManager: Process com.google.android.apps.maps:FriendService (pid 32264) has died.
07-02 05:52:15.705 32283 32284 D dalvikvm: GC_CONCURRENT freed 163K, 3% free 9372K/9607K, paused 6ms+3ms
07-02 05:52:15.752   145   202 D ConnectivityService: ConnectivityChange for mobile: CONNECTED/CONNECTED
07-02 05:52:15.787   145   202 D ConnectivityService: ConnectivityChange for mobile: DISCONNECTED/DISCONNECTED
07-02 05:52:15.787   145   202 D ConnectivityService: Attempting to switch to WIFI
07-02 05:52:15.787   145   202 D NetUtils: android_net_utils_resetConnections in env=0x9a76d8 clazz=0x5a900001 iface=rmnet0 mask=0x3
07-02 05:52:15.787   145   202 D ConnectivityService: Attempting to switch to WIMAX
07-02 05:52:15.787   145   202 D ConnectivityService: Attempting to switch to BLUETOOTH_TETHER
07-02 05:52:15.787   145   202 D ConnectivityService: resetConnections(rmnet0, 3)
07-02 05:52:16.037 32283 32284 D dalvikvm: GC_CONCURRENT freed 206K, 4% free 9659K/9991K, paused 2ms+2ms
07-02 05:52:16.166   145   145 I ActivityManager: Process com.google.android.apps.uploader (pid 32118) has died.
07-02 05:52:16.342 32283 32284 D dalvikvm: GC_CONCURRENT freed 208K, 4% free 9923K/10247K, paused 1ms+3ms
07-02 05:52:16.342 32135 32137 D dalvikvm: GC_CONCURRENT freed 346K, 5% free 10554K/11015K, paused 3ms+2ms
07-02 05:52:16.443   145   147 D dalvikvm: GC_CONCURRENT freed 1938K, 26% free 17354K/23367K, paused 44ms+7ms
07-02 05:52:16.564 32230 32233 D dalvikvm: GC_CONCURRENT freed 160K, 3% free 9465K/9735K, paused 20ms+6ms
07-02 05:52:16.592   145   310 I ActivityManager: Process com.google.android.apps.maps:LocationFriendService (pid 32283) has died.
07-02 05:52:17.721 32049 32052 D dalvikvm: GC_CONCURRENT freed 527K, 6% free 10222K/10823K, paused 1ms+4ms
07-02 05:52:17.744   145   348 I ActivityManager: Start proc com.google.android.apps.maps:LocationFriendService for service com.google.android.apps.maps/com.google.googlenav.friend.reporting.LocationReceiverService: pid=32309 uid=10056 gids={3003, 1015}
07-02 05:52:17.861 32309 32312 D dalvikvm: GC_CONCURRENT freed 166K, 3% free 9370K/9607K, paused 2ms+3ms
07-02 05:52:18.057 32309 32312 D dalvikvm: GC_CONCURRENT freed 183K, 3% free 9634K/9927K, paused 11ms+2ms
07-02 05:52:18.654   145   145 I ActivityManager: Process com.google.android.youtube (pid 32135) has died.
07-02 05:52:18.885 32309 32312 D dalvikvm: GC_CONCURRENT freed 214K, 3% free 9887K/10183K, paused 160ms+2ms
07-02 05:52:18.900   145   206 D Tethering: MasterInitialState.processMessage what=3
07-02 05:52:18.916   145   162 I ActivityManager: Start proc android.process.media for broadcast com.android.providers.downloads/.DownloadReceiver: pid=32330 uid=10012 gids={1015, 1023, 1024, 2001, 3003, 3007}
07-02 05:52:18.943 32309 32316 I dalvikvm: Total arena pages for JIT: 11
07-02 05:52:18.943 32309 32316 I dalvikvm: Total arena pages for JIT: 12
07-02 05:52:18.943 32309 32316 I dalvikvm: Total arena pages for JIT: 13
07-02 05:52:18.943 32309 32316 I dalvikvm: Total arena pages for JIT: 14
07-02 05:52:18.947 32309 32316 I dalvikvm: Total arena pages for JIT: 15
07-02 05:52:18.947 32309 32316 I dalvikvm: Total arena pages for JIT: 16
07-02 05:52:18.947 32309 32316 I dalvikvm: Total arena pages for JIT: 17
07-02 05:52:18.978   145   206 D Tethering: MasterInitialState.processMessage what=3
07-02 05:52:19.209 32330 32330 I ActivityThread: Pub downloads: com.android.providers.downloads.DownloadProvider
07-02 05:52:19.225 32330 32330 I ActivityThread: Pub drm: com.android.providers.drm.DrmProvider
07-02 05:52:19.225 32330 32345 I DownloadManager: in removeSpuriousFiles
07-02 05:52:19.232 32330 32330 I ActivityThread: Pub media: com.android.providers.media.MediaProvider
07-02 05:52:19.256 32330 32345 I DownloadManager: in removeSpuriousFiles, preserving file /data/data/com.android.providers.downloads/cache/metadata.json
07-02 05:52:19.256 32330 32345 I DownloadManager: in removeSpuriousFiles, preserving file /data/data/com.android.providers.downloads/cache/en_general.htm
07-02 05:52:19.256 32330 32345 I DownloadManager: in removeSpuriousFiles, preserving file /mnt/sdcard/Download/img-thing.jpeg
07-02 05:52:19.256 32330 32345 I DownloadManager: in removeSpuriousFiles, preserving file /data/data/com.android.providers.downloads/cache/metadata-1.json
07-02 05:52:19.256 32330 32345 I DownloadManager: in removeSpuriousFiles, preserving file /data/data/com.android.providers.downloads/cache/downloadfile.jpeg
07-02 05:52:19.260 32330 32345 I DownloadManager: in removeSpuriousFiles, preserving file /data/data/com.android.providers.downloads/cache/metadata-2.json
07-02 05:52:19.260 32330 32345 I DownloadManager: in removeSpuriousFiles, preserving file /data/data/com.android.providers.downloads/cache/metadata-3.json
07-02 05:52:19.268 32330 32345 I DownloadManager: deleting spurious file /cache/backup
07-02 05:52:19.439   145   202 D ConnectivityService: handleInetConditionHoldEnd: net=1, condition=100, published condition=100
07-02 05:52:19.521 32230 32233 D dalvikvm: GC_CONCURRENT freed 256K, 4% free 9616K/9991K, paused 16ms+21ms
07-02 05:52:19.541 32330 32333 D dalvikvm: GC_CONCURRENT freed 359K, 5% free 9176K/9607K, paused 2ms+3ms
07-02 05:52:19.670   145 22722 I ActivityManager: Start proc com.google.android.apps.uploader for broadcast com.google.android.apps.uploader/.ConnectivityBroadcastReceiver: pid=32351 uid=10030 gids={3003}
07-02 05:52:19.682 32351 32351 I dalvikvm: Turning on JNI app bug workarounds for target SDK version 11...
07-02 05:52:19.736  3921  3923 D dalvikvm: GC_CONCURRENT freed 346K, 6% free 10566K/11143K, paused 7ms+11ms
07-02 05:52:19.756 32351 32351 I ActivityThread: Pub com.google.android.apps.uploader: com.google.android.apps.uploader.UploadsContentProvider
07-02 05:52:19.756 32351 32351 I ActivityThread: Pub com.google.photos.provider.Album: com.google.android.apps.uploader.clients.picasa.AlbumProvider
07-02 05:52:19.764 32351 32351 D MediaUploader: UploaderApplication.onCreate
07-02 05:52:19.830 32351 32351 D MediaUploader: nonWifiLimit=20971520, default=20971520
07-02 05:52:19.834 32351 32351 I MediaUploader: No need to wake up
07-02 05:52:19.873   145  9966 I ActivityManager: Process com.google.android.apps.maps:LocationFriendService (pid 32309) has died.
07-02 05:52:19.932   145   395 I ActivityManager: Start proc com.google.android.youtube for broadcast com.google.android.youtube/.app.prefetch.PrefetchService$DeviceStateReceiver: pid=32367 uid=10057 gids={3003, 1015, 1006}
07-02 05:52:20.064 32367 32369 D dalvikvm: GC_CONCURRENT freed 169K, 3% free 9360K/9607K, paused 2ms+2ms
07-02 05:52:20.100 32367 32367 I ActivityThread: Pub com.google.android.youtube.SuggestionProvider: com.google.android.youtube.core.suggest.SuggestionProvider
07-02 05:52:20.342  3921  3933 D dalvikvm: GC_EXPLICIT freed 152K, 6% free 10476K/11143K, paused 2ms+3ms
07-02 05:52:20.740   145   310 D dalvikvm: GC_EXPLICIT freed 746K, 26% free 17298K/23367K, paused 28ms+9ms
07-02 05:52:20.799   145  9966 I ActivityManager: Process android.process.media (pid 32330) has died.
07-02 05:52:21.209 32367 32369 D dalvikvm: GC_CONCURRENT freed 319K, 5% free 9518K/9927K, paused 30ms+3ms
07-02 05:52:21.209 32367 32376 W CursorWrapperInner: Cursor finalized without prior close()
07-02 05:52:21.209 32367 32376 W CursorWrapperInner: Cursor finalized without prior close()
07-02 05:52:21.342 32367 32369 D dalvikvm: GC_CONCURRENT freed 297K, 4% free 9751K/10119K, paused 2ms+4ms
07-02 05:52:21.443 32367 32369 D dalvikvm: GC_CONCURRENT freed 401K, 5% free 9902K/10375K, paused 2ms+2ms
07-02 05:52:21.545 32367 32369 D dalvikvm: GC_CONCURRENT freed 321K, 4% free 10111K/10503K, paused 2ms+8ms
07-02 05:52:21.807 32367 32369 D dalvikvm: GC_CONCURRENT freed 420K, 5% free 10203K/10695K, paused 8ms+2ms
07-02 05:52:21.998   145   395 I ActivityManager: Start proc com.google.android.apps.docs for broadcast com.google.android.apps.docs/.receivers.NetworkChangeReceiver: pid=32408 uid=10077 gids={3003, 1015, 1006}
07-02 05:52:22.103   145   395 I ActivityManager: Process com.google.android.apps.uploader (pid 32351) has died.
07-02 05:52:22.232 32408 32408 I PackageInfoHelper: Provided clientMode=RELEASE, packageInfo=PackageInfo{41383490 com.google.android.apps.docs}
07-02 05:52:22.232 32408 32408 I ActivityThread: Pub com.google.android.apps.docs.files: com.google.android.apps.docs.sync.filemanager.FileProvider
07-02 05:52:22.244 32408 32408 I ActivityThread: Pub com.google.android.apps.docs.doclist.search_suggest: com.google.android.apps.docs.doclist.DocListGlobalSearchSuggestionProvider
07-02 05:52:22.529 32408 32410 D dalvikvm: GC_CONCURRENT freed 215K, 4% free 9312K/9607K, paused 2ms+2ms
07-02 05:52:22.635 32408 32410 D dalvikvm: GC_CONCURRENT freed 460K, 6% free 9393K/9927K, paused 2ms+2ms
07-02 05:52:22.717 32408 32410 D dalvikvm: GC_CONCURRENT freed 504K, 6% free 9412K/9991K, paused 2ms+3ms
07-02 05:52:22.799 32408 32410 D dalvikvm: GC_CONCURRENT freed 531K, 7% free 9447K/10055K, paused 1ms+3ms
07-02 05:52:22.885 32408 32410 D dalvikvm: GC_CONCURRENT freed 483K, 6% free 9476K/10055K, paused 1ms+3ms
07-02 05:52:22.928 32367 32369 D dalvikvm: GC_CONCURRENT freed 424K, 5% free 10324K/10823K, paused 4ms+16ms
07-02 05:52:22.971 32408 32410 D dalvikvm: GC_CONCURRENT freed 525K, 6% free 9518K/10119K, paused 2ms+2ms
07-02 05:52:23.103 32408 32410 D dalvikvm: GC_CONCURRENT freed 362K, 5% free 9646K/10119K, paused 2ms+3ms
07-02 05:52:23.260 32408 32408 D ContextScopeImpl: in ContextScope.getContextOrDefault for thread=1
07-02 05:52:23.264 32408 32408 D ContextScopeImpl: returning application context for thread=1
07-02 05:52:23.275 32408 32410 D dalvikvm: GC_CONCURRENT freed 396K, 5% free 9757K/10247K, paused 1ms+5ms
07-02 05:52:23.279 32408 32408 I FeatureCheckerImpl: Configured disabled features: []
07-02 05:52:23.279 32408 32408 D ContextScopeImpl: in ContextScope.getContextOrDefault for thread=1
07-02 05:52:23.283 32408 32408 D ContextScopeImpl: returning application context for thread=1
07-02 05:52:23.291 32408 32408 D ContextScopeImpl: in ContextScope.enter for thread=1
07-02 05:52:23.291 32408 32408 W ContextScopeImpl: thread=1 tried to enter the scope of the application context. Ignored.
07-02 05:52:23.291 32408 32408 D ContextScopeImpl: in ContextScope.getContextOrDefault for thread=1
07-02 05:52:23.291 32408 32408 D ContextScopeImpl: returning application context for thread=1
07-02 05:52:23.295 32408 32408 D DocListDatabase: openHelper points on new database: DocList.db
07-02 05:52:23.295 32408 32408 D DocListDatabase: in openWriteDatabase
07-02 05:52:23.303 32408 32408 I ActivityThread: Pub com.google.android.apps.docs.doclist.account_suggest: com.google.android.apps.docs.doclist.DocListAccountSuggestionProvider
07-02 05:52:23.310 32408 32408 D ContextScopeImpl: in ContextScope.enter for thread=1
07-02 05:52:23.310 32408 32408 W ContextScopeImpl: thread=1 tried to enter the scope of the application context. Ignored.
07-02 05:52:23.310 32408 32408 I ActivityThread: Pub com.google.android.apps.docs: com.google.android.apps.docs.providers.DocListProvider
07-02 05:52:23.314 32408 32408 D ContextScopeImpl: in ContextScope.enter for thread=1
07-02 05:52:23.314 32408 32408 W ContextScopeImpl: thread=1 tried to enter the scope of the application context. Ignored.
07-02 05:52:23.318 32408 32408 W ContextScopeImpl: thread=1 tried to enter the scope of the application context. Ignored.
07-02 05:52:23.330 32408 32426 W ContextScopeImpl: thread=5484 tried to enter the scope of the application context. Ignored.
07-02 05:52:23.435 32408 32408 W ContextScopeImpl: thread=1 tried to enter the scope of the application context. Ignored.
07-02 05:52:23.490   145   348 I ActivityManager: Start proc com.google.android.apps.plus for broadcast com.google.android.apps.plus/com.google.android.picasasync.ConnectivityReceiver: pid=32430 uid=10060 gids={3003, 3002, 1015, 1006}
07-02 05:52:23.521    79    79 D dalvikvm: GC_EXPLICIT freed 38K, 4% free 9031K/9347K, paused 3ms+2ms
07-02 05:52:23.580    79    79 D dalvikvm: GC_EXPLICIT freed <1K, 4% free 9031K/9347K, paused 1ms+2ms
07-02 05:52:23.623    79    79 D dalvikvm: GC_EXPLICIT freed <1K, 4% free 9031K/9347K, paused 2ms+10ms
07-02 05:52:23.639   145  1149 I ActivityManager: Process com.google.android.apps.docs (pid 32408) has died.
07-02 05:52:23.693 32430 32432 D dalvikvm: GC_CONCURRENT freed 175K, 3% free 9361K/9607K, paused 14ms+2ms
07-02 05:52:23.814 32430 32430 I ActivityThread: Pub com.google.android.apps.plus.content.ApiProvider: com.google.android.apps.plus.content.EsApiProvider
07-02 05:52:23.889 32430 32430 I ActivityThread: Pub com.google.android.apps.plus.content.EsGooglePhotoProvider: com.google.android.picasasync.PicasaContentProvider
07-02 05:52:24.037 32430 32432 D dalvikvm: GC_CONCURRENT freed 337K, 5% free 9580K/9991K, paused 1ms+2ms
07-02 05:52:24.060 32430 32430 I ActivityThread: Pub com.google.android.apps.plus.content.EsPicasaStoreProvider: com.google.android.picasastore.PicasaPhotoContentProvider
07-02 05:52:24.068 32430 32430 I ActivityThread: Pub com.google.plus.platform: com.google.android.apps.plus.content.AdsProvider
07-02 05:52:24.068 32430 32430 I ActivityThread: Pub com.google.android.apps.plus.iu.EsGoogleIuProvider: com.google.android.apps.plus.iu.InstantUploadProvider
07-02 05:52:24.185 32430 32432 D dalvikvm: GC_CONCURRENT freed 501K, 6% free 9608K/10183K, paused 2ms+4ms
07-02 05:52:24.189 32430 32430 I ActivityThread: Pub com.google.android.apps.plus.content.EsProvider: com.google.android.apps.plus.content.EsProvider
07-02 05:52:24.244   145   145 I ActivityManager: Start proc android.process.media for content provider com.android.providers.media/.MediaProvider: pid=32445 uid=10012 gids={1015, 1023, 1024, 2001, 3003, 3007}
07-02 05:52:24.385 32445 32445 I ActivityThread: Pub downloads: com.android.providers.downloads.DownloadProvider
07-02 05:52:24.439 32445 32445 I ActivityThread: Pub drm: com.android.providers.drm.DrmProvider
07-02 05:52:24.439 32445 32462 I DownloadManager: in removeSpuriousFiles
07-02 05:52:24.471 32445 32445 I ActivityThread: Pub media: com.android.providers.media.MediaProvider
07-02 05:52:24.471 32445 32462 I DownloadManager: in removeSpuriousFiles, preserving file /data/data/com.android.providers.downloads/cache/metadata.json
07-02 05:52:24.471 32445 32462 I DownloadManager: in removeSpuriousFiles, preserving file /data/data/com.android.providers.downloads/cache/en_general.htm
07-02 05:52:24.471 32445 32462 I DownloadManager: in removeSpuriousFiles, preserving file /mnt/sdcard/Download/img-thing.jpeg
07-02 05:52:24.471 32445 32462 I DownloadManager: in removeSpuriousFiles, preserving file /data/data/com.android.providers.downloads/cache/metadata-1.json
07-02 05:52:24.471 32445 32462 I DownloadManager: in removeSpuriousFiles, preserving file /data/data/com.android.providers.downloads/cache/downloadfile.jpeg
07-02 05:52:24.471 32445 32462 I DownloadManager: in removeSpuriousFiles, preserving file /data/data/com.android.providers.downloads/cache/metadata-2.json
07-02 05:52:24.471 32445 32462 I DownloadManager: in removeSpuriousFiles, preserving file /data/data/com.android.providers.downloads/cache/metadata-3.json
07-02 05:52:24.478 32445 32462 I DownloadManager: deleting spurious file /cache/backup
07-02 05:52:24.580 32430 32461 D PicasaSync: sync account database
07-02 05:52:24.596   145  9966 I ActivityManager: Process com.google.android.youtube (pid 32367) has died.
07-02 05:52:24.596   145  9966 W ActivityManager: Scheduling restart of crashed service com.google.android.youtube/.app.prefetch.PrefetchService in 5000ms
07-02 05:52:24.850 32445 32447 D dalvikvm: GC_CONCURRENT freed 321K, 5% free 9212K/9607K, paused 2ms+2ms
07-02 05:52:24.978 32430 32432 D dalvikvm: GC_CONCURRENT freed 295K, 4% free 9846K/10247K, paused 45ms+41ms
07-02 05:52:25.057   145   395 I ActivityManager: Start proc com.google.android.apps.uploader for broadcast com.google.android.apps.uploader/.ConnectivityBroadcastReceiver: pid=32467 uid=10030 gids={3003}
07-02 05:52:25.068 32467 32467 I dalvikvm: Turning on JNI app bug workarounds for target SDK version 11...
07-02 05:52:25.096 32430 32444 D PicasaPhotoCP: set fsid first time:-1
07-02 05:52:25.119 32467 32467 I ActivityThread: Pub com.google.android.apps.uploader: com.google.android.apps.uploader.UploadsContentProvider
07-02 05:52:25.119 32467 32467 I ActivityThread: Pub com.google.photos.provider.Album: com.google.android.apps.uploader.clients.picasa.AlbumProvider
07-02 05:52:25.123 32467 32467 D MediaUploader: UploaderApplication.onCreate
07-02 05:52:25.162 32467 32467 D MediaUploader: nonWifiLimit=20971520, default=20971520
07-02 05:52:25.162 32430 32461 D PicasaSync: accounts in DB=1
07-02 05:52:25.166 32467 32467 I MediaUploader: No need to wake up
07-02 05:52:25.185 32430 32461 D PicasaSyncManager: active network: NetworkInfo: type: WIFI[], state: CONNECTED/CONNECTED, reason: (unspecified), extra: (none), roaming: false, failover: false, isAvailable: true
07-02 05:52:25.193 32430 32461 D PicasaSyncManager: background data: true
07-02 05:52:25.291   145   361 I ActivityManager: Start proc com.google.android.youtube for broadcast com.google.android.youtube/.app.prefetch.PrefetchService$DeviceStateReceiver: pid=32485 uid=10057 gids={3003, 1015, 1006}
07-02 05:52:25.377   145   329 I ActivityManager: Process com.google.android.apps.plus (pid 32430) has died.
07-02 05:52:25.428 32485 32485 I ActivityThread: Pub com.google.android.youtube.SuggestionProvider: com.google.android.youtube.core.suggest.SuggestionProvider
07-02 05:52:25.451 32485 32487 D dalvikvm: GC_CONCURRENT freed 162K, 3% free 9365K/9607K, paused 2ms+2ms
07-02 05:52:25.834   145   310 I ActivityManager: Process android.process.media (pid 32445) has died.
07-02 05:52:26.131 32485 32487 D dalvikvm: GC_CONCURRENT freed 314K, 5% free 9511K/9927K, paused 2ms+22ms
07-02 05:52:26.131 32485 32494 W CursorWrapperInner: Cursor finalized without prior close()
07-02 05:52:26.131 32485 32494 W CursorWrapperInner: Cursor finalized without prior close()
07-02 05:52:26.221 32485 32487 D dalvikvm: GC_CONCURRENT freed 294K, 4% free 9754K/10119K, paused 2ms+2ms
07-02 05:52:26.310 32485 32487 D dalvikvm: GC_CONCURRENT freed 393K, 5% free 9911K/10375K, paused 2ms+2ms
07-02 05:52:26.420 32485 32487 D dalvikvm: GC_CONCURRENT freed 410K, 5% free 10021K/10503K, paused 2ms+2ms
07-02 05:52:26.478   145 22722 I ActivityManager: Process com.google.android.apps.uploader (pid 32467) has died.
07-02 05:52:26.541 32485 32487 D dalvikvm: GC_CONCURRENT freed 377K, 5% free 10183K/10631K, paused 18ms+4ms
07-02 05:52:26.803   145  9966 I ActivityManager: Start proc com.google.android.apps.docs for broadcast com.google.android.apps.docs/.receivers.NetworkChangeReceiver: pid=32526 uid=10077 gids={3003, 1015, 1006}
07-02 05:52:27.100 32526 32526 I PackageInfoHelper: Provided clientMode=RELEASE, packageInfo=PackageInfo{4137e070 com.google.android.apps.docs}
07-02 05:52:27.100 32526 32526 I ActivityThread: Pub com.google.android.apps.docs.files: com.google.android.apps.docs.sync.filemanager.FileProvider
07-02 05:52:27.107 32526 32526 I ActivityThread: Pub com.google.android.apps.docs.doclist.search_suggest: com.google.android.apps.docs.doclist.DocListGlobalSearchSuggestionProvider
07-02 05:52:27.232 32526 32528 D dalvikvm: GC_CONCURRENT freed 223K, 4% free 9313K/9607K, paused 2ms+2ms
07-02 05:52:27.291 32485 32487 D dalvikvm: GC_CONCURRENT freed 413K, 5% free 10336K/10823K, paused 2ms+4ms
07-02 05:52:27.326 32526 32528 D dalvikvm: GC_CONCURRENT freed 459K, 6% free 9394K/9927K, paused 2ms+2ms
07-02 05:52:27.408 32526 32528 D dalvikvm: GC_CONCURRENT freed 500K, 6% free 9417K/9991K, paused 1ms+2ms
07-02 05:52:27.490 32526 32528 D dalvikvm: GC_CONCURRENT freed 530K, 7% free 9449K/10055K, paused 2ms+2ms
07-02 05:52:27.568 32526 32528 D dalvikvm: GC_CONCURRENT freed 484K, 6% free 9476K/10055K, paused 2ms+2ms
07-02 05:52:27.674 32526 32528 D dalvikvm: GC_CONCURRENT freed 509K, 6% free 9534K/10119K, paused 1ms+2ms
07-02 05:52:27.807 32526 32528 D dalvikvm: GC_CONCURRENT freed 368K, 5% free 9649K/10119K, paused 2ms+2ms
07-02 05:52:27.896 32526 32526 D ContextScopeImpl: in ContextScope.getContextOrDefault for thread=1
07-02 05:52:27.904 32526 32526 D ContextScopeImpl: returning application context for thread=1
07-02 05:52:27.928 32526 32526 I FeatureCheckerImpl: Configured disabled features: []
07-02 05:52:27.928 32526 32526 D ContextScopeImpl: in ContextScope.getContextOrDefault for thread=1
07-02 05:52:27.928 32526 32526 D ContextScopeImpl: returning application context for thread=1
07-02 05:52:27.932 32526 32528 D dalvikvm: GC_CONCURRENT freed 384K, 5% free 9770K/10247K, paused 2ms+3ms
07-02 05:52:27.955 32526 32526 D ContextScopeImpl: in ContextScope.enter for thread=1
07-02 05:52:27.955 32526 32526 W ContextScopeImpl: thread=1 tried to enter the scope of the application context. Ignored.
07-02 05:52:27.955 32526 32526 D ContextScopeImpl: in ContextScope.getContextOrDefault for thread=1
07-02 05:52:27.955 32526 32526 D ContextScopeImpl: returning application context for thread=1
07-02 05:52:27.959 32526 32526 D DocListDatabase: openHelper points on new database: DocList.db
07-02 05:52:27.959 32526 32526 D DocListDatabase: in openWriteDatabase
07-02 05:52:27.967 32526 32526 I ActivityThread: Pub com.google.android.apps.docs.doclist.account_suggest: com.google.android.apps.docs.doclist.DocListAccountSuggestionProvider
07-02 05:52:27.975 32526 32526 D ContextScopeImpl: in ContextScope.enter for thread=1
07-02 05:52:27.975 32526 32526 W ContextScopeImpl: thread=1 tried to enter the scope of the application context. Ignored.
07-02 05:52:27.975 32526 32526 I ActivityThread: Pub com.google.android.apps.docs: com.google.android.apps.docs.providers.DocListProvider
07-02 05:52:27.975 32526 32526 D ContextScopeImpl: in ContextScope.enter for thread=1
07-02 05:52:27.975 32526 32526 W ContextScopeImpl: thread=1 tried to enter the scope of the application context. Ignored.
07-02 05:52:27.982 32526 32526 W ContextScopeImpl: thread=1 tried to enter the scope of the application context. Ignored.
07-02 05:52:27.994 32526 32544 W ContextScopeImpl: thread=5499 tried to enter the scope of the application context. Ignored.
07-02 05:52:28.131 32526 32526 W ContextScopeImpl: thread=1 tried to enter the scope of the application context. Ignored.
07-02 05:52:28.201   145   157 I ActivityManager: Start proc com.google.android.apps.plus for broadcast com.google.android.apps.plus/com.google.android.picasasync.ConnectivityReceiver: pid=32548 uid=10060 gids={3003, 3002, 1015, 1006}
07-02 05:52:28.279   145  1149 I ActivityManager: Process com.google.android.apps.docs (pid 32526) has died.
07-02 05:52:28.396 32548 32549 D dalvikvm: GC_CONCURRENT freed 159K, 3% free 9376K/9607K, paused 1ms+2ms
07-02 05:52:28.510 32548 32548 I ActivityThread: Pub com.google.android.apps.plus.content.ApiProvider: com.google.android.apps.plus.content.EsApiProvider
07-02 05:52:28.643 32548 32548 I ActivityThread: Pub com.google.android.apps.plus.content.EsGooglePhotoProvider: com.google.android.picasasync.PicasaContentProvider
07-02 05:52:28.795 32548 32549 D dalvikvm: GC_CONCURRENT freed 336K, 5% free 9580K/9991K, paused 2ms+2ms
07-02 05:52:28.818 32548 32548 I ActivityThread: Pub com.google.android.apps.plus.content.EsPicasaStoreProvider: com.google.android.picasastore.PicasaPhotoContentProvider
07-02 05:52:28.826 32548 32548 I ActivityThread: Pub com.google.plus.platform: com.google.android.apps.plus.content.AdsProvider
07-02 05:52:28.826 32548 32548 I ActivityThread: Pub com.google.android.apps.plus.iu.EsGoogleIuProvider: com.google.android.apps.plus.iu.InstantUploadProvider
07-02 05:52:28.889 32548 32549 D dalvikvm: GC_CONCURRENT freed 501K, 6% free 9608K/10183K, paused 1ms+2ms
07-02 05:52:28.896 32548 32548 I ActivityThread: Pub com.google.android.apps.plus.content.EsProvider: com.google.android.apps.plus.content.EsProvider
07-02 05:52:28.967   145   156 I ActivityManager: Start proc android.process.media for content provider com.android.providers.media/.MediaProvider: pid=32565 uid=10012 gids={1015, 1023, 1024, 2001, 3003, 3007}
07-02 05:52:29.041 32565 32565 I ActivityThread: Pub downloads: com.android.providers.downloads.DownloadProvider
07-02 05:52:29.107   145   157 I ActivityManager: Start proc com.google.android.talk for broadcast com.google.android.talk/.ConnectionStateOnlineReceiver: pid=32580 uid=10045 gids={3003, 1015, 1006, 3002}
07-02 05:52:29.111 32565 32565 I ActivityThread: Pub drm: com.android.providers.drm.DrmProvider
07-02 05:52:29.115 32565 32585 I DownloadManager: in removeSpuriousFiles
07-02 05:52:29.123 32565 32565 I ActivityThread: Pub media: com.android.providers.media.MediaProvider
07-02 05:52:29.185 32565 32585 I DownloadManager: in removeSpuriousFiles, preserving file /data/data/com.android.providers.downloads/cache/metadata.json
07-02 05:52:29.185 32565 32585 I DownloadManager: in removeSpuriousFiles, preserving file /data/data/com.android.providers.downloads/cache/en_general.htm
07-02 05:52:29.185 32565 32585 I DownloadManager: in removeSpuriousFiles, preserving file /mnt/sdcard/Download/img-thing.jpeg
07-02 05:52:29.185 32565 32585 I DownloadManager: in removeSpuriousFiles, preserving file /data/data/com.android.providers.downloads/cache/metadata-1.json
07-02 05:52:29.185 32565 32585 I DownloadManager: in removeSpuriousFiles, preserving file /data/data/com.android.providers.downloads/cache/downloadfile.jpeg
07-02 05:52:29.185 32565 32585 I DownloadManager: in removeSpuriousFiles, preserving file /data/data/com.android.providers.downloads/cache/metadata-2.json
07-02 05:52:29.185 32565 32585 I DownloadManager: in removeSpuriousFiles, preserving file /data/data/com.android.providers.downloads/cache/metadata-3.json
07-02 05:52:29.197 32565 32585 I DownloadManager: deleting spurious file /cache/backup
07-02 05:52:29.228 32485 32487 D dalvikvm: GC_CONCURRENT freed 387K, 5% free 10475K/10951K, paused 38ms+10ms
07-02 05:52:29.310   145  4009 I ActivityManager: Process com.google.android.youtube (pid 32485) has died.
07-02 05:52:29.310   145  4009 W ActivityManager: Scheduling restart of crashed service com.google.android.youtube/.app.prefetch.PrefetchService in 5000ms
07-02 05:52:29.350 32580 32580 I ActivityThread: Pub com.google.android.talk.SuggestionProvider: com.google.android.talk.SuggestionsProvider
07-02 05:52:29.447 31460 31473 I PhoneLab-: Service Running
07-02 05:52:29.662 32565 32567 D dalvikvm: GC_CONCURRENT freed 327K, 5% free 9208K/9607K, paused 2ms+21ms
07-02 05:52:29.693 32548 32594 D PicasaSync: sync account database
07-02 05:52:29.873 32548 32549 D dalvikvm: GC_CONCURRENT freed 312K, 5% free 9837K/10247K, paused 142ms+2ms
07-02 05:52:29.928 32580 32580 D vclib:CallStateClient: startListening
07-02 05:52:29.943 32580 32583 D dalvikvm: GC_CONCURRENT freed 143K, 3% free 9392K/9607K, paused 82ms+3ms
07-02 05:52:29.947 31460 31473 I PhoneLab-LoggerService: app_37    1360  1     1436   996   c00f181c 400107b4 S logcat
07-02 05:52:29.947 31460 31473 I PhoneLab-LoggerService: Logcat pid from database 1360
07-02 05:52:29.947 31460 31473 I PhoneLab-LoggerService: Logcat process found 1360
07-02 05:52:29.951 31460 31473 I PhoneLab-LoggerService: Checking Threshold
07-02 05:52:29.998 32548 32563 D PicasaPhotoCP: set fsid first time:-1
07-02 05:52:30.057   145   396 I ActivityManager: Process com.google.android.apps.plus (pid 32548) has died.
07-02 05:52:30.443   145   147 D dalvikvm: GC_CONCURRENT freed 1963K, 26% free 17326K/23367K, paused 27ms+7ms
07-02 05:52:33.443 32155 32159 D dalvikvm: GC_CONCURRENT freed 271K, 4% free 10299K/10695K, paused 2ms+2ms
07-02 05:52:34.404   145   162 I ActivityManager: Start proc com.google.android.youtube for service com.google.android.youtube/.app.prefetch.PrefetchService: pid=32614 uid=10057 gids={3003, 1015, 1006}
07-02 05:52:34.490   145  9966 I ActivityManager: Process com.google.android.talk (pid 32580) has died.
07-02 05:52:34.545 32614 32614 I ActivityThread: Pub com.google.android.youtube.SuggestionProvider: com.google.android.youtube.core.suggest.SuggestionProvider
07-02 05:52:34.553 32614 32616 D dalvikvm: GC_CONCURRENT freed 174K, 3% free 9361K/9607K, paused 4ms+2ms
07-02 05:52:34.685  3921  3923 D dalvikvm: GC_CONCURRENT freed 328K, 6% free 10540K/11143K, paused 6ms+9ms
07-02 05:52:34.791   145   310 D dalvikvm: GC_EXPLICIT freed 242K, 27% free 17291K/23367K, paused 3ms+6ms
07-02 05:52:34.865 32614 32616 D dalvikvm: GC_CONCURRENT freed 354K, 5% free 9566K/9991K, paused 2ms+2ms
07-02 05:52:34.869 32614 32623 W CursorWrapperInner: Cursor finalized without prior close()
07-02 05:52:34.877 32614 32623 W CursorWrapperInner: Cursor finalized without prior close()
07-02 05:52:34.951 32614 32616 D dalvikvm: GC_CONCURRENT freed 342K, 5% free 9770K/10183K, paused 1ms+2ms
07-02 05:52:35.060 32614 32616 D dalvikvm: GC_CONCURRENT freed 375K, 5% free 9929K/10375K, paused 2ms+7ms
07-02 05:52:35.107   145   157 I ActivityManager: Process android.process.acore (pid 32230) has died.
07-02 05:52:35.170 32614 32616 D dalvikvm: GC_CONCURRENT freed 451K, 5% free 10045K/10567K, paused 3ms+11ms
07-02 05:52:35.271 32614 32616 D dalvikvm: GC_CONCURRENT freed 334K, 4% free 10226K/10631K, paused 2ms+2ms
07-02 05:52:35.572 32614 32616 D dalvikvm: GC_CONCURRENT freed 379K, 5% free 10370K/10823K, paused 2ms+3ms
07-02 05:52:36.084 32614 32616 D dalvikvm: GC_CONCURRENT freed 365K, 5% free 10462K/10951K, paused 5ms+3ms
07-02 05:52:36.482 32614 32616 D dalvikvm: GC_CONCURRENT freed 345K, 5% free 10555K/11015K, paused 2ms+3ms
07-02 05:52:40.424   362   362 D dalvikvm: GC_EXPLICIT freed <1K, 6% free 9102K/9607K, paused 17ms+2ms
07-02 05:52:45.443   375   375 D dalvikvm: GC_EXPLICIT freed 393K, 22% free 11541K/14791K, paused 16ms+5ms
07-02 05:52:50.482   145   161 D dalvikvm: GC_EXPLICIT freed 199K, 27% free 17281K/23367K, paused 24ms+6ms
07-02 05:52:55.439   216   216 D dalvikvm: GC_EXPLICIT freed 47K, 31% free 9961K/14343K, paused 16ms+3ms
07-02 05:53:05.330  1401  1401 D dalvikvm: GC_EXPLICIT freed 303K, 5% free 9500K/9927K, paused 14ms+3ms
07-02 05:53:12.576   345   345 D dalvikvm: GC_EXPLICIT freed 247K, 13% free 12207K/13895K, paused 8ms+5ms
07-02 05:53:17.748   145 28236 I ActivityManager: Start proc com.google.android.apps.maps:LocationFriendService for service com.google.android.apps.maps/com.google.googlenav.friend.reporting.LocationReceiverService: pid=32666 uid=10056 gids={3003, 1015}
07-02 05:53:17.928 32666 32668 D dalvikvm: GC_CONCURRENT freed 173K, 3% free 9362K/9607K, paused 2ms+2ms
07-02 05:53:18.248   216   218 D dalvikvm: GC_CONCURRENT freed 204K, 30% free 10167K/14343K, paused 2ms+2ms
07-02 05:53:18.318   216   218 D dalvikvm: GC_CONCURRENT freed 546K, 30% free 10055K/14343K, paused 2ms+2ms
07-02 05:53:18.412 32666 32668 D dalvikvm: GC_CONCURRENT freed 141K, 3% free 9680K/9927K, paused 1ms+4ms
07-02 05:53:18.506  3921 10206 D dalvikvm: GC_EXPLICIT freed 104K, 6% free 10493K/11143K, paused 2ms+4ms
07-02 05:53:18.889 32666 32668 D dalvikvm: GC_CONCURRENT freed 333K, 4% free 9902K/10311K, paused 4ms+3ms
07-02 05:53:23.045   454   454 D dalvikvm: GC_EXPLICIT freed <1K, 4% free 9037K/9347K, paused 13ms+1ms
07-02 05:53:24.568 32666 32673 I dalvikvm: Total arena pages for JIT: 11
07-02 05:53:24.568 32666 32673 I dalvikvm: Total arena pages for JIT: 12
07-02 05:53:24.568 32666 32673 I dalvikvm: Total arena pages for JIT: 13
07-02 05:53:24.568 32666 32673 I dalvikvm: Total arena pages for JIT: 14
07-02 05:53:24.568 32666 32673 I dalvikvm: Total arena pages for JIT: 15
07-02 05:53:24.568 32666 32673 I dalvikvm: Total arena pages for JIT: 16
07-02 05:53:24.568 32666 32673 I dalvikvm: Total arena pages for JIT: 17
07-02 05:53:24.666 32666 32668 D dalvikvm: GC_CONCURRENT freed 464K, 6% free 9959K/10503K, paused 2ms+3ms
07-02 05:53:24.717   216   218 D dalvikvm: GC_CONCURRENT freed 511K, 31% free 10001K/14343K, paused 1ms+2ms
07-02 05:53:24.768   216   218 D dalvikvm: GC_CONCURRENT freed 454K, 31% free 9998K/14343K, paused 1ms+3ms
07-02 05:53:24.853   216   218 D dalvikvm: GC_CONCURRENT freed 417K, 31% free 10032K/14343K, paused 1ms+2ms
07-02 05:53:24.869 32666 32673 I dalvikvm: Total arena pages for JIT: 18
07-02 05:53:25.529 32666 32668 D dalvikvm: GC_CONCURRENT freed 447K, 6% free 10005K/10567K, paused 26ms+3ms
07-02 05:53:29.736 10674 10674 D dalvikvm: GC_EXPLICIT freed <1K, 18% free 10015K/12167K, paused 15ms+2ms
07-02 05:53:34.748 10087 10087 D dalvikvm: GC_EXPLICIT freed 3K, 4% free 10911K/11335K, paused 16ms+2ms
07-02 05:53:39.678 23141 23141 E GeckoApp: low memory
07-02 05:53:39.756 23141 23141 D dalvikvm: GC_EXPLICIT freed 3K, 21% free 10629K/13447K, paused 17ms+4ms
07-02 05:53:44.748 30703 30703 D dalvikvm: GC_EXPLICIT freed 57K, 7% free 9872K/10503K, paused 17ms+3ms
07-02 05:53:51.631 31068 31068 D dalvikvm: GC_EXPLICIT freed 4K, 4% free 9055K/9347K, paused 1ms+2ms
07-02 05:53:56.732 31215 31215 D dalvikvm: GC_EXPLICIT freed 3K, 5% free 9740K/10247K, paused 16ms+2ms
07-02 05:54:05.154 31497 31497 D dalvikvm: GC_EXPLICIT freed 442K, 5% free 10625K/11143K, paused 8ms+4ms
07-02 05:54:10.232 31460 31460 D dalvikvm: GC_EXPLICIT freed 98K, 5% free 9066K/9479K, paused 13ms+2ms
07-02 05:54:15.174  3921  3921 D dalvikvm: GC_EXPLICIT freed 33K, 6% free 10486K/11143K, paused 18ms+3ms
07-02 05:54:16.967   145   365 I ActivityManager: Process android.process.media (pid 32565) has died.
07-02 05:54:18.045 32049 32052 D dalvikvm: GC_CONCURRENT freed 484K, 6% free 10249K/10823K, paused 2ms+2ms
07-02 05:54:18.201 32666 32668 D dalvikvm: GC_CONCURRENT freed 401K, 5% free 10123K/10631K, paused 2ms+2ms
07-02 05:54:29.357 31460 31473 I PhoneLab-: Service Running
07-02 05:54:29.525 31460 31473 I PhoneLab-LoggerService: app_37    1360  1     1436   996   c00f181c 400107b4 S logcat
07-02 05:54:29.525 31460 31473 I PhoneLab-LoggerService: Logcat pid from database 1360
07-02 05:54:29.525 31460 31473 I PhoneLab-LoggerService: Logcat process found 1360
07-02 05:54:29.525 31460 31473 I PhoneLab-LoggerService: Checking Threshold
07-02 05:54:46.744   145 31821 E DhcpStateMachine: DHCP failed on wlan0: Timed out waiting for DHCP Renew to finish
07-02 05:54:46.967   145   200 E WifiStateMachine: IP configuration failed
07-02 05:54:47.037   306   306 I wpa_supplicant: wlan0: CTRL-EVENT-DISCONNECTED bssid=00:00:00:00:00:00 reason=0
07-02 05:54:47.041 23821 23838 D CommandListener: Clearing all IP addresses on wlan0
07-02 05:54:47.080   145   202 D ConnectivityService: ConnectivityChange for WIFI: DISCONNECTED/DISCONNECTED
07-02 05:54:47.084   145   202 D ConnectivityService: Attempting to switch to mobile
07-02 05:54:47.154   145   202 D ConnectivityService: Attempting to switch to WIMAX
07-02 05:54:47.154   145   202 D ConnectivityService: Attempting to switch to BLUETOOTH_TETHER
07-02 05:54:47.154   145   202 E ConnectivityService: Exception trying to remove a route: java.lang.IllegalStateException: Unable to communicate with native dameon to add routes - com.android.server.NativeDaemonConnectorException: Cmd {interface route remove wlan0 default 192.168.0.1 32 0.0.0.0} failed with code 400 : {Failed to remove route from default table (No such process)}
07-02 05:54:47.158   145   202 E ConnectivityService: Exception trying to remove a route: java.lang.IllegalStateException: Unable to communicate with native dameon to add routes - com.android.server.NativeDaemonConnectorException: Cmd {interface route remove wlan0 default 0.0.0.0 0 192.168.0.1} failed with code 400 : {Failed to remove route from default table (No such process)}
07-02 05:54:47.162   145   202 D NetUtils: android_net_utils_resetConnections in env=0x9a76d8 clazz=0x69200001 iface=wlan0 mask=0x3
07-02 05:54:47.162   145   202 D ConnectivityService: resetConnections(wlan0, 3)
07-02 05:54:47.185  3921 31878 W Smack/Packet: notify conn break (IOEx), close connection
07-02 05:54:47.189   145   202 D ConnectivityService: ConnectivityChange for WIMAX: DISCONNECTED/SCANNING
07-02 05:54:47.201   145   202 D ConnectivityService: Attempting to switch to mobile
07-02 05:54:47.205   145   202 D ConnectivityService: Attempting to switch to WIFI
07-02 05:54:47.205   145   202 D ConnectivityService: Attempting to switch to BLUETOOTH_TETHER
07-02 05:54:47.428  3921 31878 I qtaguid : Failed write_ctrl(u 74) res=-1 errno=22
07-02 05:54:47.435  3921 31878 I qtaguid : Untagging socket 74 failed errno=-22
07-02 05:54:47.439  3921 31878 W NetworkManagementSocketTagger: untagSocket(74) failed with errno -22
07-02 05:54:47.459   145   202 D ConnectivityService: handleInetConditionChange: no active default network - ignore
07-02 05:54:47.533   306   306 I wpa_supplicant: wlan0: Trying to associate with 94:44:52:17:be:7d (SSID='raikiri' freq=2437 MHz)
07-02 05:54:47.564   145   156 I ActivityManager: Start proc android.process.acore for content provider com.android.providers.contacts/.ContactsProvider2: pid=32700 uid=10000 gids={3003, 1015}
07-02 05:54:47.576   306   306 I wpa_supplicant: wlan0: Associated with 94:44:52:17:be:7d
07-02 05:54:47.603 32700 32700 I ActivityThread: Pub call_log: com.android.providers.contacts.CallLogProvider
07-02 05:54:47.650 32700 32700 I ActivityThread: Pub com.android.voicemail: com.android.providers.contacts.VoicemailContentProvider
07-02 05:54:47.654 32700 32700 I ActivityThread: Pub user_dictionary: com.android.providers.userdictionary.UserDictionaryProvider
07-02 05:54:47.658   306   306 I wpa_supplicant: wlan0: CTRL-EVENT-EAP-SUCCESS EAP authentication completed successfully (based on lower layer success)
07-02 05:54:47.670   306   306 I wpa_supplicant: wlan0: WPA: Key negotiation completed with 94:44:52:17:be:7d [PTK=CCMP GTK=CCMP]
07-02 05:54:47.670   306   306 I wpa_supplicant: wlan0: CTRL-EVENT-CONNECTED - Connection to 94:44:52:17:be:7d completed (reauth) [id=2 id_str=]
07-02 05:54:47.721 32700 32700 I ActivityThread: Pub com.android.social: com.android.providers.contacts.SocialProvider
07-02 05:54:47.721 32700 32700 I ActivityThread: Pub applications: com.android.providers.applications.ApplicationsProvider
