07-02 15:28:39.320 24861 24899 D dalvikvm: DexOpt: unable to opt direct call 0x0095 at 0x397 in Lcom/google/android/apps/plus/service/AndroidNotification;.createRichNotification
07-02 15:28:39.703 24861 24864 D dalvikvm: GC_CONCURRENT freed 1090K, 9% free 12938K/14151K, paused 5ms+3ms
07-02 15:28:41.406   145   162 I ActivityManager: Start proc com.facebook.katana for service com.facebook.katana/com.facebook.orca.push.mqtt.MqttPushService: pid=24918 uid=10071 gids={3003, 1006, 1015}
07-02 15:28:41.414 24918 24918 I dalvikvm: Turning on JNI app bug workarounds for target SDK version 7...
07-02 15:28:41.703 24918 24921 D dalvikvm: GC_CONCURRENT freed 153K, 3% free 9382K/9607K, paused 2ms+2ms
07-02 15:28:41.906 24918 24918 I ActivityThread: Pub com.facebook.katana.provider.LoggingProvider: com.facebook.katana.provider.LoggingProvider
07-02 15:28:41.960 24918 24918 I ActivityThread: Pub com.facebook.katana.provider.KeyValueProvider: com.facebook.katana.provider.KeyValueProvider
07-02 15:28:41.964 24918 24918 I ActivityThread: Pub com.facebook.katana.provider.CacheProvider: com.facebook.katana.provider.CacheProvider
07-02 15:28:41.972 24918 24918 I ActivityThread: Pub com.facebook.katana.provider.MailboxProvider: com.facebook.katana.provider.MailboxProvider
07-02 15:28:41.992 24918 24918 I ActivityThread: Pub com.facebook.katana.provider.UserStatusesProvider: com.facebook.katana.provider.UserStatusesProvider
07-02 15:28:42.003 24918 24918 I ActivityThread: Pub com.facebook.katana.provider.EventsProvider: com.facebook.katana.provider.EventsProvider
07-02 15:28:42.003 24918 24918 I ActivityThread: Pub com.facebook.katana.provider.NotificationsProvider: com.facebook.katana.provider.NotificationsProvider
07-02 15:28:42.015 24918 24918 I ActivityThread: Pub com.facebook.katana.provider.UserValuesProvider: com.facebook.katana.provider.UserValuesProvider
07-02 15:28:42.015 24918 24918 I ActivityThread: Pub com.facebook.katana.provider.PagesProvider: com.facebook.katana.provider.PagesProvider
07-02 15:28:42.015 24918 24918 I ActivityThread: Pub com.facebook.katana.provider.MobileEventLogProvider: com.facebook.katana.provider.MobileEventLogProvider
07-02 15:28:42.015 24918 24918 I ActivityThread: Pub com.facebook.katana.provider.PushNotificationsProvider: com.facebook.katana.provider.PushNotificationsProvider
07-02 15:28:42.015 24918 24918 I ActivityThread: Pub com.facebook.katana.provider.PhotosProvider: com.facebook.katana.provider.PhotosProvider
07-02 15:28:42.035 24918 24918 I ActivityThread: Pub com.facebook.katana.provider.ConnectionsProvider: com.facebook.katana.provider.ConnectionsProvider
07-02 15:28:42.039 24918 24921 D dalvikvm: GC_CONCURRENT freed 160K, 3% free 9725K/9991K, paused 3ms+3ms
07-02 15:28:42.058 24918 24918 I ActivityThread: Pub com.facebook.orca.notify.FbandroidMessagesForegroundProvider: com.facebook.orca.notify.FbandroidMessagesForegroundProvider
07-02 15:28:42.101 24918 24918 D ACRA    : Retrieve application default SharedPreferences.
07-02 15:28:42.109 24918 24918 D ACRA    : Set OnSharedPreferenceChangeListener.
07-02 15:28:42.113 24918 24918 D ACRA    : ACRA is enabled for com.facebook.katana, intializing...
07-02 15:28:42.203 24918 24918 D ACRA    : Looking for error files in /data/data/com.facebook.katana/app_acra-reports
07-02 15:28:42.292 24918 24918 W nalizableReferenceQueue: Could not load Finalizer in its own class loader.Loading Finalizer in the current class loader instead. As a result, you will not be ableto garbage collect this class loader. To support reclaiming this class loader, eitherresolve the underlying issue, or move Google Collections to your system class path.
07-02 15:28:42.292 24918 24918 W nalizableReferenceQueue: java.io.FileNotFoundException: com/google/common/base/internal/Finalizer.class
07-02 15:28:42.292 24918 24918 W nalizableReferenceQueue: 	at com.google.common.base.FinalizableReferenceQueue$DecoupledLoader.getBaseUrl(FinalizableReferenceQueue.java:243)
07-02 15:28:42.292 24918 24918 W nalizableReferenceQueue: 	at com.google.common.base.FinalizableReferenceQueue$DecoupledLoader.loadFinalizer(FinalizableReferenceQueue.java:227)
07-02 15:28:42.292 24918 24918 W nalizableReferenceQueue: 	at com.google.common.base.FinalizableReferenceQueue.loadFinalizer(FinalizableReferenceQueue.java:155)
07-02 15:28:42.292 24918 24918 W nalizableReferenceQueue: 	at com.google.common.base.FinalizableReferenceQueue.<clinit>(FinalizableReferenceQueue.java:84)
07-02 15:28:42.292 24918 24918 W nalizableReferenceQueue: 	at com.google.common.collect.CustomConcurrentHashMap$QueueHolder.<clinit>(CustomConcurrentHashMap.java:650)
07-02 15:28:42.292 24918 24918 W nalizableReferenceQueue: 	at com.google.common.collect.CustomConcurrentHashMap$WeakEntry.<init>(CustomConcurrentHashMap.java:1342)
07-02 15:28:42.292 24918 24918 W nalizableReferenceQueue: 	at com.google.common.collect.CustomConcurrentHashMap$EntryFactory$9.newEntry(CustomConcurrentHashMap.java:453)
07-02 15:28:42.292 24918 24918 W nalizableReferenceQueue: 	at com.google.common.collect.CustomConcurrentHashMap.a(CustomConcurrentHashMap.java:1715)
07-02 15:28:42.292 24918 24918 W nalizableReferenceQueue: 	at com.google.common.collect.ComputingConcurrentHashMap$ComputingSegment.a(ComputingConcurrentHashMap.java:123)
07-02 15:28:42.292 24918 24918 W nalizableReferenceQueue: 	at com.google.common.collect.ComputingConcurrentHashMap.apply(ComputingConcurrentHashMap.java:71)
07-02 15:28:42.292 24918 24918 W nalizableReferenceQueue: 	at com.google.common.collect.MapMaker$ComputingMapAdapter.get(MapMaker.java:848)
07-02 15:28:42.292 24918 24918 W nalizableReferenceQueue: 	at com.google.inject.internal.Annotations$AnnotationChecker.a(Annotations.java:94)
07-02 15:28:42.292 24918 24918 W nalizableReferenceQueue: 	at com.google.inject.internal.Annotations.c(Annotations.java:112)
07-02 15:28:42.292 24918 24918 W nalizableReferenceQueue: 	at com.google.inject.Key.d(Key.java:369)
07-02 15:28:42.292 24918 24918 W nalizableReferenceQueue: 	at com.google.inject.Key.b(Key.java:356)
07-02 15:28:42.292 24918 24918 W nalizableReferenceQueue: 	at com.google.inject.Key.a(Key.java:267)
07-02 15:28:42.292 24918 24918 W nalizableReferenceQueue: 	at com.facebook.orca.inject.binder.AnnotatedBindingBuilderImpl.a(AnnotatedBindingBuilderImpl.java:22)
07-02 15:28:42.292 24918 24918 W nalizableReferenceQueue: 	at com.facebook.orca.app.FbBaseModule.a(FbBaseModule.java:74)
07-02 15:28:42.292 24918 24918 W nalizableReferenceQueue: 	at com.facebook.orca.inject.AbstractModule.a(AbstractModule.java:19)
07-02 15:28:42.292 24918 24918 W nalizableReferenceQueue: 	at com.facebook.orca.inject.FbInjectorImpl.a(FbInjectorImpl.java:61)
07-02 15:28:42.292 24918 24918 W nalizableReferenceQueue: 	at com.facebook.orca.inject.FbInjectorImpl.<init>(FbInjectorImpl.java:41)
07-02 15:28:42.292 24918 24918 W nalizableReferenceQueue: 	at com.facebook.orca.inject.FbInjector.a(FbInjector.java:40)
07-02 15:28:42.292 24918 24918 W nalizableReferenceQueue: 	at com.facebook.katana.FacebookApplication.onCreate(FacebookApplication.java:86)
07-02 15:28:42.292 24918 24918 W nalizableReferenceQueue: 	at android.app.Instrumentation.callApplicationOnCreate(Instrumentation.java:969)
07-02 15:28:42.292 24918 24918 W nalizableReferenceQueue: 	at android.app.ActivityThread.handleBindApplication(ActivityThread.java:3954)
07-02 15:28:42.292 24918 24918 W nalizableReferenceQueue: 	at android.app.ActivityThread.access$1300(ActivityThread.java:123)
07-02 15:28:42.292 24918 24918 W nalizableReferenceQueue: 	at android.app.ActivityThread$H.handleMessage(ActivityThread.java:1185)
07-02 15:28:42.292 24918 24918 W nalizableReferenceQueue: 	at android.os.Handler.dispatchMessage(Handler.java:99)
07-02 15:28:42.292 24918 24918 W nalizableReferenceQueue: 	at android.os.Looper.loop(Looper.java:137)
07-02 15:28:42.292 24918 24918 W nalizableReferenceQueue: 	at android.app.ActivityThread.main(ActivityThread.java:4424)
07-02 15:28:42.292 24918 24918 W nalizableReferenceQueue: 	at java.lang.reflect.Method.invokeNative(Native Method)
07-02 15:28:42.292 24918 24918 W nalizableReferenceQueue: 	at java.lang.reflect.Method.invoke(Method.java:511)
07-02 15:28:42.292 24918 24918 W nalizableReferenceQueue: 	at com.android.internal.os.ZygoteInit$MethodAndArgsCaller.run(ZygoteInit.java:784)
07-02 15:28:42.292 24918 24918 W nalizableReferenceQueue: 	at com.android.internal.os.ZygoteInit.main(ZygoteInit.java:551)
07-02 15:28:42.292 24918 24918 W nalizableReferenceQueue: 	at dalvik.system.NativeStart.main(Native Method)
07-02 15:28:42.292 24918 24918 I Finalizer: Couldn't access Thread.inheritableThreadLocals. Reference finalizer threads will inherit thread local values.
07-02 15:28:42.394 24918 24921 D dalvikvm: GC_CONCURRENT freed 320K, 5% free 9869K/10311K, paused 2ms+2ms
07-02 15:28:42.585 24918 24921 D dalvikvm: GC_CONCURRENT freed 397K, 5% free 10006K/10503K, paused 2ms+7ms
07-02 15:28:43.164 24918 24921 D dalvikvm: GC_CONCURRENT freed 423K, 5% free 10135K/10631K, paused 9ms+3ms
07-02 15:28:43.718 24918 24934 W Resources: Converting to string: TypedValue{t=0x10/d=0xffffffff a=-1}
07-02 15:28:44.062 24918 24921 D dalvikvm: GC_CONCURRENT freed 299K, 5% free 10278K/10759K, paused 11ms+3ms
07-02 15:28:44.097   145   145 I ActivityManager: Process com.google.android.apps.maps (pid 24341) has died.
07-02 15:28:44.097   145   145 W ActivityManager: Scheduling restart of crashed service com.google.android.apps.maps/com.google.googlenav.prefetch.android.PrefetcherService in 17298ms
07-02 15:28:44.921 24918 24921 D dalvikvm: GC_CONCURRENT freed 306K, 4% free 10403K/10823K, paused 166ms+8ms
07-02 15:28:45.398 24861 24864 D dalvikvm: GC_CONCURRENT freed 1089K, 9% free 13067K/14279K, paused 3ms+4ms
07-02 15:28:45.824 24918 24921 D dalvikvm: GC_CONCURRENT freed 327K, 5% free 10496K/10951K, paused 7ms+3ms
07-02 15:28:46.226 24918 24921 D dalvikvm: GC_CONCURRENT freed 312K, 5% free 10574K/11015K, paused 4ms+3ms
07-02 15:28:46.332 24861 24864 D dalvikvm: GC_CONCURRENT freed 1155K, 9% free 13195K/14471K, paused 4ms+7ms
07-02 15:28:46.675 24918 24921 D dalvikvm: GC_CONCURRENT freed 333K, 5% free 10696K/11143K, paused 3ms+3ms
07-02 15:28:47.015 24114 24126 D dalvikvm: GC_EXPLICIT freed 338K, 7% free 9748K/10375K, paused 3ms+6ms
07-02 15:28:47.109 24918 24946 W System.err: java.lang.NullPointerException
07-02 15:28:47.117 24918 24946 W System.err: 	at com.facebook.katana.service.method.FqlGetUserServerSettings.a(FqlGetUserServerSettings.java:119)
07-02 15:28:47.117 24918 24946 W System.err: 	at com.facebook.katana.service.method.ApiMethod.a(ApiMethod.java:477)
07-02 15:28:47.117 24918 24946 W System.err: 	at com.facebook.katana.service.method.ApiMethod$ApiHttpListener.a(ApiMethod.java:134)
07-02 15:28:47.117 24918 24946 W System.err: 	at com.facebook.katana.net.HttpOperation.run(HttpOperation.java:349)
07-02 15:28:50.160 24861 24864 D dalvikvm: GC_CONCURRENT freed 975K, 8% free 13508K/14599K, paused 2ms+11ms
07-02 15:28:50.488 24861 24899 D dalvikvm: GC_FOR_ALLOC freed 358K, 10% free 13572K/14983K, paused 72ms
07-02 15:28:50.496 24861 24899 I dalvikvm-heap: Grow heap (frag case) to 13.649MB for 342111-byte allocation
07-02 15:28:50.554 24861 24899 D dalvikvm: GC_FOR_ALLOC freed 0K, 10% free 13906K/15367K, paused 57ms
07-02 15:28:50.738   145   329 D AlarmManagerService: Kernel timezone updated to 240 minutes west of GMT
07-02 15:28:51.574 24861 24864 D dalvikvm: GC_CONCURRENT freed 972K, 7% free 14476K/15559K, paused 17ms+4ms
07-02 15:28:51.753 24770 24771 D dalvikvm: GC_CONCURRENT freed 495K, 6% free 10384K/10951K, paused 3ms+7ms
07-02 15:28:51.964 22810 22813 D dalvikvm: GC_CONCURRENT freed 461K, 8% free 10241K/11079K, paused 3ms+3ms
07-02 15:28:52.710   145   396 D AlarmManagerService: Kernel timezone updated to 240 minutes west of GMT
07-02 15:28:54.687 24861 24864 D dalvikvm: GC_CONCURRENT freed 1754K, 12% free 14442K/16327K, paused 7ms+15ms
07-02 15:28:55.234   345   345 D SAN_SERVICE: *******************************************
07-02 15:28:55.234   345   345 D SAN_SERVICE: DM App Phone Service State - 0
07-02 15:28:55.234   345   345 D SAN_SERVICE: *******************************************
07-02 15:28:55.785   345   345 D SAN_SERVICE: *******************************************
07-02 15:28:55.785   345   345 D SAN_SERVICE: DM App Phone Service State - 0
07-02 15:28:55.785   345   345 D SAN_SERVICE: *******************************************
07-02 15:28:55.851   345   347 D dalvikvm: GC_CONCURRENT freed 924K, 13% free 12209K/13895K, paused 14ms+11ms
07-02 15:28:55.890   145 28236 I ActivityManager: Process com.whatsapp (pid 24374) has died.
07-02 15:28:55.890   145 28236 W ActivityManager: Scheduling restart of crashed service com.whatsapp/.messaging.MessageService in 15505ms
07-02 15:28:56.722 24918 24921 D dalvikvm: GC_CONCURRENT freed 499K, 6% free 10641K/11271K, paused 2ms+3ms
07-02 15:28:57.484   345   345 D SAN_SERVICE: *******************************************
07-02 15:28:57.484   345   345 D SAN_SERVICE: DM App Phone Service State - 0
07-02 15:28:57.484   345   345 D SAN_SERVICE: *******************************************
07-02 15:28:57.722   145  1150 D AlarmManagerService: Kernel timezone updated to 240 minutes west of GMT
07-02 15:28:57.769   345   345 D SAN_SERVICE: *******************************************
07-02 15:28:57.769   345   345 D SAN_SERVICE: DM App Phone Service State - 0
07-02 15:28:57.769   345   345 D SAN_SERVICE: *******************************************
07-02 15:28:59.242 24861 24864 D dalvikvm: GC_CONCURRENT freed 2901K, 20% free 13223K/16327K, paused 4ms+13ms
07-02 15:29:00.226   216   218 D dalvikvm: GC_CONCURRENT freed 392K, 33% free 9701K/14343K, paused 19ms+7ms
07-02 15:29:00.554 24861 24899 I SqliteDatabaseCpp: sqlite returned: error code = 1, msg = no such column: last_stats_sync_time, db=/data/data/com.google.android.apps.plus/databases/es0.db
07-02 15:29:00.593 24861 24899 E EsSyncAdapterService: Sync failure
07-02 15:29:00.593 24861 24899 E EsSyncAdapterService: android.database.sqlite.SQLiteException: no such column: last_stats_sync_time: , while compiling: SELECT last_stats_sync_time  FROM account_status
07-02 15:29:00.593 24861 24899 E EsSyncAdapterService: 	at android.database.sqlite.SQLiteCompiledSql.native_compile(Native Method)
07-02 15:29:00.593 24861 24899 E EsSyncAdapterService: 	at android.database.sqlite.SQLiteCompiledSql.<init>(SQLiteCompiledSql.java:68)
07-02 15:29:00.593 24861 24899 E EsSyncAdapterService: 	at android.database.sqlite.SQLiteProgram.compileSql(SQLiteProgram.java:143)
07-02 15:29:00.593 24861 24899 E EsSyncAdapterService: 	at android.database.sqlite.SQLiteProgram.compileAndbindAllArgs(SQLiteProgram.java:361)
07-02 15:29:00.593 24861 24899 E EsSyncAdapterService: 	at android.database.sqlite.SQLiteStatement.acquireAndLock(SQLiteStatement.java:260)
07-02 15:29:00.593 24861 24899 E EsSyncAdapterService: 	at android.database.sqlite.SQLiteStatement.simpleQueryForLong(SQLiteStatement.java:137)
07-02 15:29:00.593 24861 24899 E EsSyncAdapterService: 	at android.database.DatabaseUtils.longForQuery(DatabaseUtils.java:791)
07-02 15:29:00.593 24861 24899 E EsSyncAdapterService: 	at android.database.DatabaseUtils.longForQuery(DatabaseUtils.java:779)
07-02 15:29:00.593 24861 24899 E EsSyncAdapterService: 	at com.google.android.apps.plus.content.EsAccountsData.queryLastStatsSyncTimestamp(EsAccountsData.java:570)
07-02 15:29:00.593 24861 24899 E EsSyncAdapterService: 	at com.google.android.apps.plus.service.EsSyncAdapterService.syncContactsStatsIfNecessary(EsSyncAdapterService.java:670)
07-02 15:29:00.593 24861 24899 E EsSyncAdapterService: 	at com.google.android.apps.plus.service.EsSyncAdapterService.doFullSync(EsSyncAdapterService.java:633)
07-02 15:29:00.593 24861 24899 E EsSyncAdapterService: 	at com.google.android.apps.plus.service.EsSyncAdapterService.doSync(EsSyncAdapterService.java:566)
07-02 15:29:00.593 24861 24899 E EsSyncAdapterService: 	at com.google.android.apps.plus.service.EsSyncAdapterService.access$100(EsSyncAdapterService.java:52)
07-02 15:29:00.593 24861 24899 E EsSyncAdapterService: 	at com.google.android.apps.plus.service.EsSyncAdapterService$SyncAdapterImpl.onPerformSync(EsSyncAdapterService.java:408)
07-02 15:29:00.593 24861 24899 E EsSyncAdapterService: 	at android.content.AbstractThreadedSyncAdapter$SyncThread.run(AbstractThreadedSyncAdapter.java:247)
07-02 15:29:00.601   145   169 D SyncManager: failed sync operation lokeshmandvekar@gmail.com (com.google), com.google.android.apps.plus.content.EsProvider, SERVER, earliestRunTime 148503606, SyncResult: stats [ numParseExceptions: 1]
07-02 15:29:00.605   145   169 D SyncManager: not retrying sync operation because the error is a hard error: lokeshmandvekar@gmail.com (com.google), com.google.android.apps.plus.content.EsProvider, SERVER, earliestRunTime 148531333
07-02 15:29:01.425   145   162 I ActivityManager: Start proc com.google.android.apps.maps for service com.google.android.apps.maps/com.google.googlenav.prefetch.android.PrefetcherService: pid=24964 uid=10056 gids={3003, 1015}
07-02 15:29:01.789 24964 24966 D dalvikvm: GC_CONCURRENT freed 157K, 3% free 9379K/9607K, paused 10ms+2ms
07-02 15:29:01.917 24964 24964 I ActivityThread: Pub com.google.android.maps.SearchHistoryProvider: com.google.googlenav.provider.SearchHistoryProvider
07-02 15:29:01.953 24964 24964 I ActivityThread: Pub com.google.android.maps.SuggestionProvider: com.google.googlenav.suggest.android.SuggestContentProvider
07-02 15:29:01.999 24964 24964 I ActivityThread: Pub com.google.android.maps.LayerInfoProvider: com.google.googlenav.layer.LayerInfoProvider
07-02 15:29:02.031 24964 24964 I ActivityThread: Pub com.google.android.maps.TrafficAppWidgetProvider: com.google.googlenav.appwidget.traffic.TrafficAppWidgetProvider
07-02 15:29:02.031 24964 24964 I ActivityThread: Pub com.google.android.maps.LocalActivePlacesProvider: com.google.googlenav.provider.LocalActivePlacesProvider
07-02 15:29:02.031 24964 24964 I ActivityThread: Pub com.google.android.maps.StarredItemProvider: com.google.googlenav.provider.StarredItemProvider
07-02 15:29:02.222   145 21614 D dalvikvm: GC_EXPLICIT freed 1038K, 29% free 16816K/23367K, paused 9ms+9ms
07-02 15:29:02.335 24964 24966 D dalvikvm: GC_CONCURRENT freed 210K, 3% free 9695K/9991K, paused 1ms+4ms
07-02 15:29:02.539 24964 24964 I ActivityThread: Pub com.google.android.maps.LocalSuggestionProvider: com.google.googlenav.provider.LocalSuggestionProvider
07-02 15:29:02.542 24964 24964 I ActivityThread: Pub com.google.android.maps.NavigationAvailabilityProvider: com.google.googlenav.provider.NavigationAvailabilityProvider
07-02 15:29:02.679 24964 24966 D dalvikvm: GC_CONCURRENT freed 211K, 3% free 9942K/10247K, paused 2ms+2ms
07-02 15:29:02.738 24964 24980 D dalvikvm: GC_FOR_ALLOC freed 56K, 4% free 10149K/10503K, paused 25ms
07-02 15:29:02.785 24463 24465 D dalvikvm: GC_CONCURRENT freed 702K, 13% free 11526K/13191K, paused 66ms+2ms
07-02 15:29:02.874 24964 24966 D dalvikvm: GC_CONCURRENT freed 116K, 3% free 10485K/10759K, paused 18ms+4ms
07-02 15:29:02.988 24964 24991 D dalvikvm: GC_FOR_ALLOC freed 71K, 4% free 10679K/11015K, paused 60ms
07-02 15:29:03.523   145   310 I ActivityManager: Process com.google.android.gm (pid 24483) has died.
07-02 15:29:06.144 24861 24864 D dalvikvm: GC_CONCURRENT freed 1185K, 19% free 13315K/16327K, paused 3ms+4ms
07-02 15:29:06.425 24861 24943 D dalvikvm: GC_EXPLICIT freed 107K, 19% free 13269K/16327K, paused 2ms+3ms
07-02 15:29:06.914 24114 24115 D dalvikvm: GC_CONCURRENT freed 390K, 7% free 9744K/10375K, paused 2ms+9ms
07-02 15:29:08.382 24114 24115 D dalvikvm: GC_CONCURRENT freed 376K, 7% free 9753K/10375K, paused 3ms+2ms
07-02 15:29:11.484   145   162 I ActivityManager: Start proc com.whatsapp for service com.whatsapp/.messaging.MessageService: pid=24999 uid=10068 gids={1015, 3003}
07-02 15:29:11.492 24999 24999 I dalvikvm: Turning on JNI app bug workarounds for target SDK version 7...
07-02 15:29:11.777 24999 25001 D dalvikvm: GC_CONCURRENT freed 168K, 3% free 9370K/9607K, paused 2ms+3ms
07-02 15:29:12.300 24999 25001 D dalvikvm: GC_CONCURRENT freed 299K, 4% free 9617K/9991K, paused 2ms+4ms
07-02 15:29:12.593 24999 24999 I dalvikvm: Could not find method android.media.MediaMetadataRetriever.captureFrame, referenced from method com.whatsapp.q3.a
07-02 15:29:12.593 24999 24999 W dalvikvm: VFY: unable to resolve virtual method 501: Landroid/media/MediaMetadataRetriever;.captureFrame ()Landroid/graphics/Bitmap;
07-02 15:29:12.593 24999 24999 D dalvikvm: VFY: replacing opcode 0x6e at 0x0134
07-02 15:29:12.859 24999 25001 D dalvikvm: GC_CONCURRENT freed 441K, 6% free 9732K/10247K, paused 10ms+4ms
07-02 15:29:13.207 24999 25001 D dalvikvm: GC_CONCURRENT freed 222K, 4% free 10000K/10311K, paused 2ms+4ms
07-02 15:29:15.042 24999 25001 D dalvikvm: GC_CONCURRENT freed 479K, 6% free 9956K/10567K, paused 9ms+4ms
07-02 15:29:15.410 24999 25001 D dalvikvm: GC_CONCURRENT freed 391K, 6% free 9949K/10567K, paused 3ms+4ms
07-02 15:29:20.449   145   156 I ActivityManager: Process com.android.calendar (pid 24405) has died.
07-02 15:29:21.269 23857 23870 I PhoneLab-: Service Running
07-02 15:29:21.410 23857 23870 I PhoneLab-LoggerService: app_37    1360  1     1436   996   c00f181c 400107b4 S logcat
07-02 15:29:21.410 23857 23870 I PhoneLab-LoggerService: Logcat pid from database 1360
07-02 15:29:21.410 23857 23870 I PhoneLab-LoggerService: Logcat process found 1360
07-02 15:29:21.410 23857 23870 I PhoneLab-LoggerService: Checking Threshold
07-02 15:29:21.410 23857 23870 I PhoneLab-LoggerService: Starting to rename files
07-02 15:29:21.410 23857 23870 I PhoneLab-LoggerService: Files found .. 2
07-02 15:29:21.414 23857 23870 I PhoneLab-LoggerService: File 1 log.out.1
07-02 15:29:21.417 23857 23870 I PhoneLab-LoggerService: Renamed successfully
07-02 15:29:39.300 24114 24847 D dalvikvm: GC_EXPLICIT freed 199K, 7% free 9676K/10375K, paused 2ms+8ms
07-02 15:29:40.175   145   169 I ActivityManager: Start proc com.google.android.gm for service com.google.android.gm/.provider.MailSyncAdapterService: pid=25033 uid=10075 gids={3003, 1015}
07-02 15:29:40.351 25033 25033 I ActivityThread: Pub gmail-ls: com.google.android.gm.provider.MailProvider
07-02 15:29:40.386 25033 25033 I ActivityThread: Pub com.google.android.gm: com.google.android.gm.provider.PublicContentProvider
07-02 15:29:40.406 25033 25033 I ActivityThread: Pub com.google.android.gmail.SuggestionProvider: com.google.android.gm.SuggestionsProvider
07-02 15:29:40.542 25033 25036 D dalvikvm: GC_CONCURRENT freed 209K, 3% free 9262K/9543K, paused 2ms+2ms
07-02 15:29:41.160 25033 25050 I Gmail   : calculateUnknownSyncRationalesAndPurgeInBackground: queueing
07-02 15:29:41.218 25033 25050 I Gmail   : calculateUnknownSyncRationalesAndPurgeInBackground: queueing
07-02 15:29:41.324 25033 25036 D dalvikvm: GC_CONCURRENT freed 245K, 4% free 9425K/9799K, paused 17ms+3ms
07-02 15:29:41.371 25033 25048 I Gmail   : MainSyncRequestProto: lowestBkwdConvoId: 0, highestHandledServerOp: 3287870, normalSync: true
07-02 15:29:41.390 25033 25050 I Gmail   : calculateUnknownSyncRationalesAndPurgeInBackground: running
07-02 15:29:41.390 25033 25050 I Gmail   : calculateUnknownSyncRationalesAndPurgeInBackground: running
07-02 15:29:41.453 19717 21842 D dalvikvm: GC_EXPLICIT freed 354K, 9% free 10475K/11399K, paused 15ms+3ms
07-02 15:29:41.902   145   161 D dalvikvm: JIT code cache reset in 4 ms (1048532 bytes 33/0)
07-02 15:29:41.933   145   161 D dalvikvm: GC_EXPLICIT freed 955K, 29% free 16806K/23367K, paused 19ms+14ms
07-02 15:29:42.953 25033 25036 D dalvikvm: GC_CONCURRENT freed 331K, 5% free 9552K/9991K, paused 2ms+2ms
07-02 15:29:43.714 25033 25036 D dalvikvm: GC_CONCURRENT freed 482K, 6% free 9514K/10119K, paused 2ms+2ms
07-02 15:29:43.859 25033 25048 D dalvikvm: GC_EXPLICIT freed 202K, 6% free 9536K/10119K, paused 2ms+7ms
07-02 15:29:43.867 25033 25048 I Gmail   : MainSyncRequestProto: lowestBkwdConvoId: 0, highestHandledServerOp: 3288110, normalSync: true
07-02 15:29:43.867 25033 25048 I Gmail   : lowestBackward conversation id 0
07-02 15:29:44.132   145   169 I ActivityManager: Start proc com.google.android.syncadapters.calendar for service com.google.android.syncadapters.calendar/.CalendarSyncAdapterService: pid=25055 uid=10019 gids={3003}
07-02 15:29:44.199   145   310 I ActivityManager: Process com.android.providers.calendar (pid 24433) has died.
07-02 15:29:44.292   145   348 I ActivityManager: Start proc com.android.providers.calendar for content provider com.android.providers.calendar/.CalendarProvider2: pid=25071 uid=10006 gids={3003, 1015}
07-02 15:29:44.335   145   157 I ActivityManager: Process com.android.deskclock (pid 24421) has died.
07-02 15:29:44.367 25071 25071 I ActivityThread: Pub com.android.calendar: com.android.providers.calendar.CalendarProvider2
07-02 15:29:44.679   145  1149 I ActivityManager: Process com.google.android.maps.mytracks (pid 24663) has died.
07-02 15:29:45.406 25055 25057 D dalvikvm: GC_CONCURRENT freed 299K, 5% free 9173K/9607K, paused 91ms+3ms
07-02 15:29:45.550 25071 25071 I CalendarProvider2: Sending notification intent: Intent { act=android.intent.action.PROVIDER_CHANGED dat=content://com.android.calendar }
07-02 15:29:45.550 25071 25071 W ContentResolver: Failed to get type for: content://com.android.calendar (Unknown URL content://com.android.calendar)
07-02 15:29:45.621   145   162 I ActivityManager: Start proc com.android.calendar for broadcast com.android.calendar/.widget.CalendarAppWidgetService$CalendarFactory: pid=25089 uid=10005 gids={3003}
07-02 15:29:45.664   145 21614 I ActivityManager: Process com.chess (pid 24510) has died.
07-02 15:29:45.964 25089 25089 I ActivityThread: Pub com.android.calendar.CalendarRecentSuggestionsProvider: com.android.calendar.CalendarRecentSuggestionsProvider
07-02 15:29:46.265 25071 25073 D dalvikvm: GC_CONCURRENT freed 327K, 5% free 9157K/9607K, paused 3ms+2ms
07-02 15:29:46.566   145  4009 I ActivityManager: Process edu.buffalo.cse.phonelab.phonelabservices (pid 23857) has died.
07-02 15:29:46.570   145  4009 W ActivityManager: Scheduling restart of crashed service edu.buffalo.cse.phonelab.phonelabservices/edu.buffalo.cse.phonelab.datalogger.LoggerService in 5000ms
07-02 15:29:47.539 19717 19720 D dalvikvm: GC_CONCURRENT freed 328K, 8% free 10553K/11399K, paused 3ms+5ms
07-02 15:29:49.796 25055 25057 D dalvikvm: GC_CONCURRENT freed 337K, 5% free 9269K/9735K, paused 2ms+6ms
07-02 15:29:51.660   145   162 I ActivityManager: Start proc edu.buffalo.cse.phonelab.phonelabservices for service edu.buffalo.cse.phonelab.phonelabservices/edu.buffalo.cse.phonelab.datalogger.LoggerService: pid=25122 uid=10037 gids={3003, 1015, 1007, 2001}
07-02 15:29:51.734 23783 23783 D dalvikvm: GC_FOR_ALLOC freed 731K, 8% free 11668K/12615K, paused 46ms
07-02 15:29:51.812   145 21614 I ActivityManager: Process com.google.android.apps.maps:LocationFriendService (pid 22810) has died.
07-02 15:29:51.906 25122 25122 I PhoneLab-LoggerService: Start Logger Service
07-02 15:29:51.921 25122 25137 I PhoneLab-: Service Running
07-02 15:29:51.960 23767 23768 D dalvikvm: GC_CONCURRENT freed 749K, 25% free 11871K/15815K, paused 22ms+9ms
07-02 15:29:52.187 25122 25137 I PhoneLab-LoggerService: app_37    1360  1     1436   996   c00f181c 400107b4 S logcat
07-02 15:29:52.187 25122 25137 I PhoneLab-LoggerService: Logcat pid from database 1360
07-02 15:29:52.187 25122 25137 I PhoneLab-LoggerService: Logcat process found 1360
07-02 15:29:52.187 25122 25137 I PhoneLab-LoggerService: Checking Threshold
07-02 15:29:52.187 25122 25137 I PhoneLab-LoggerService: Starting to rename files
07-02 15:29:52.191 25122 25137 I PhoneLab-LoggerService: Files found .. 2
07-02 15:29:52.394   145  1149 D dalvikvm: GC_EXPLICIT freed 541K, 29% free 16807K/23367K, paused 39ms+17ms
07-02 15:29:52.472   145   156 I ActivityManager: Start proc com.google.android.apps.maps:LocationFriendService for service com.google.android.apps.maps/com.google.googlenav.friend.reporting.LocationReceiverService: pid=25147 uid=10056 gids={3003, 1015}
07-02 15:29:52.617    79    79 D dalvikvm: GC_EXPLICIT freed 38K, 4% free 9031K/9347K, paused 5ms+8ms
07-02 15:29:52.843    79    79 D dalvikvm: GC_EXPLICIT freed <1K, 4% free 9031K/9347K, paused 10ms+8ms
07-02 15:29:52.949    79    79 D dalvikvm: GC_EXPLICIT freed <1K, 4% free 9031K/9347K, paused 2ms+8ms
07-02 15:29:53.093 25147 25150 D dalvikvm: GC_CONCURRENT freed 178K, 3% free 9357K/9607K, paused 5ms+5ms
07-02 15:29:53.207   145   310 I ActivityManager: Process android.process.media (pid 24876) has died.
07-02 15:29:53.773   145 22722 I ActivityManager: Process com.google.android.apps.maps:FriendService (pid 24791) has died.
07-02 15:29:53.859 25147 25150 D dalvikvm: GC_CONCURRENT freed 148K, 3% free 9650K/9927K, paused 24ms+6ms
07-02 15:29:54.878 25147 25150 D dalvikvm: GC_CONCURRENT freed 220K, 4% free 9843K/10183K, paused 3ms+3ms
07-02 15:29:55.039 25147 25154 I dalvikvm: Total arena pages for JIT: 11
07-02 15:29:55.042 25147 25154 I dalvikvm: Total arena pages for JIT: 12
07-02 15:29:55.042 25147 25154 I dalvikvm: Total arena pages for JIT: 13
07-02 15:29:55.042 25147 25154 I dalvikvm: Total arena pages for JIT: 14
07-02 15:29:55.042 25147 25154 I dalvikvm: Total arena pages for JIT: 15
07-02 15:29:55.042 25147 25154 I dalvikvm: Total arena pages for JIT: 16
07-02 15:29:55.042 25147 25154 I dalvikvm: Total arena pages for JIT: 17
07-02 15:29:55.230 25147 25150 D dalvikvm: GC_CONCURRENT freed 323K, 5% free 9944K/10375K, paused 3ms+10ms
07-02 15:29:58.433   145 28236 D AlarmManagerService: Kernel timezone updated to 240 minutes west of GMT
07-02 15:30:00.460   145  1150 D AlarmManagerService: Kernel timezone updated to 240 minutes west of GMT
07-02 15:30:03.042   345   345 D SAN_SERVICE: *******************************************
07-02 15:30:03.042   345   345 D SAN_SERVICE: DM App Phone Service State - 0
07-02 15:30:03.042   345   345 D SAN_SERVICE: *******************************************
07-02 15:30:03.496   345   345 D SAN_SERVICE: *******************************************
07-02 15:30:03.496   345   345 D SAN_SERVICE: DM App Phone Service State - 0
07-02 15:30:03.496   345   345 D SAN_SERVICE: *******************************************
07-02 15:30:05.304   345   345 D SAN_SERVICE: *******************************************
07-02 15:30:05.304   345   345 D SAN_SERVICE: DM App Phone Service State - 0
07-02 15:30:05.304   345   345 D SAN_SERVICE: *******************************************
07-02 15:30:05.574   145   156 D AlarmManagerService: Kernel timezone updated to 240 minutes west of GMT
07-02 15:30:05.593   345   345 D SAN_SERVICE: *******************************************
07-02 15:30:05.593   345   345 D SAN_SERVICE: DM App Phone Service State - 0
07-02 15:30:05.593   345   345 D SAN_SERVICE: *******************************************
07-02 15:30:15.085 25194 25194 D dalvikvm: Late-enabling CheckJNI
07-02 15:30:15.089   145   162 I ActivityManager: Start proc com.chess for broadcast com.chess/.backend.AlarmReceiver: pid=25194 uid=10079 gids={3003, 1015}
07-02 15:30:15.347 25194 25196 D dalvikvm: GC_CONCURRENT freed 152K, 3% free 9384K/9607K, paused 7ms+2ms
07-02 15:30:15.484 25194 25208 D GetStringObjTask: retrieving from url = http://www.chess.com/api/get_move_status?id=y3ICtufzg6w7rQqcD3KFujVaIanpYba4bIpaeKElV1LNz3Sz4Fk9Yh5CeWaj8h4bQ2RY0CxFVgA%2ByBE5DE%2B1cAuw4i%2Bp2GVj5RbuDPEUotReGbS25iAukuBsuUd%2Fl5dp
07-02 15:30:16.332 25194 25208 D GetStringObjTask: WebRequest SERVER RESPONSE: Success+0
07-02 15:30:19.886 25071 25071 I CalendarProvider2: Sending notification intent: Intent { act=android.intent.action.PROVIDER_CHANGED dat=content://com.android.calendar }
07-02 15:30:19.886 25071 25071 W ContentResolver: Failed to get type for: content://com.android.calendar (Unknown URL content://com.android.calendar)
07-02 15:30:42.253   145   310 I ActivityManager: Process com.google.android.apps.plus (pid 24861) has died.
07-02 15:30:51.980 24770 24771 D dalvikvm: GC_CONCURRENT freed 572K, 6% free 10367K/11015K, paused 13ms+3ms
07-02 15:30:52.109 25147 25154 I dalvikvm: Total arena pages for JIT: 18
07-02 15:30:56.082   145   147 D dalvikvm: GC_CONCURRENT freed 1939K, 29% free 16817K/23367K, paused 8ms+7ms
07-02 15:31:47.292 23767 23768 D dalvikvm: GC_CONCURRENT freed 903K, 26% free 11790K/15815K, paused 4ms+32ms
07-02 15:31:51.925 25122 25137 I PhoneLab-: Service Running
07-02 15:31:52.132 25122 25137 I PhoneLab-LoggerService: app_37    1360  1     1436   996   c00f181c 400107b4 S logcat
07-02 15:31:52.132 25122 25137 I PhoneLab-LoggerService: Logcat pid from database 1360
07-02 15:31:52.132 25122 25137 I PhoneLab-LoggerService: Logcat process found 1360
07-02 15:31:52.132 25122 25137 I PhoneLab-LoggerService: Checking Threshold
07-02 15:31:52.132 25122 25137 I PhoneLab-LoggerService: Starting to rename files
07-02 15:31:52.132 25122 25137 I PhoneLab-LoggerService: Files found .. 2
07-02 15:31:52.152 24770 24771 D dalvikvm: GC_CONCURRENT freed 387K, 6% free 10365K/11015K, paused 17ms+5ms
07-02 15:31:52.242 25147 25150 D dalvikvm: GC_CONCURRENT freed 504K, 6% free 9972K/10567K, paused 3ms+2ms
07-02 15:32:07.085   145  4009 D AlarmManagerService: Kernel timezone updated to 240 minutes west of GMT
07-02 15:32:09.078   145  1150 D AlarmManagerService: Kernel timezone updated to 240 minutes west of GMT
07-02 15:32:11.593   345   345 D SAN_SERVICE: *******************************************
07-02 15:32:11.593   345   345 D SAN_SERVICE: DM App Phone Service State - 0
07-02 15:32:11.593   345   345 D SAN_SERVICE: *******************************************
07-02 15:32:12.148   345   345 D SAN_SERVICE: *******************************************
07-02 15:32:12.148   345   345 D SAN_SERVICE: DM App Phone Service State - 0
07-02 15:32:12.148   345   345 D SAN_SERVICE: *******************************************
07-02 15:32:13.839   345   345 D SAN_SERVICE: *******************************************
07-02 15:32:13.839   345   345 D SAN_SERVICE: DM App Phone Service State - 0
07-02 15:32:13.839   345   345 D SAN_SERVICE: *******************************************
07-02 15:32:14.097   145 21614 D AlarmManagerService: Kernel timezone updated to 240 minutes west of GMT
07-02 15:32:14.128   345   345 D SAN_SERVICE: *******************************************
07-02 15:32:14.128   345   345 D SAN_SERVICE: DM App Phone Service State - 0
07-02 15:32:14.128   345   345 D SAN_SERVICE: *******************************************
07-02 15:32:43.667   145   147 D dalvikvm: GC_CONCURRENT freed 1910K, 29% free 16797K/23367K, paused 8ms+7ms
07-02 15:33:51.921 25122 25137 I PhoneLab-: Service Running
07-02 15:33:52.089 25122 25137 I PhoneLab-LoggerService: app_37    1360  1     1436   996   c00f181c 400107b4 S logcat
07-02 15:33:52.093 25122 25137 I PhoneLab-LoggerService: Logcat pid from database 1360
07-02 15:33:52.097 25122 25137 I PhoneLab-LoggerService: Logcat process found 1360
07-02 15:33:52.097 25122 25137 I PhoneLab-LoggerService: Checking Threshold
07-02 15:33:52.097 25122 25137 I PhoneLab-LoggerService: Starting to rename files
07-02 15:33:52.097 25122 25137 I PhoneLab-LoggerService: Files found .. 2
07-02 15:33:52.117 24770 24771 D dalvikvm: GC_CONCURRENT freed 500K, 6% free 10377K/11015K, paused 2ms+3ms
07-02 15:33:52.285 25147 25150 D dalvikvm: GC_CONCURRENT freed 500K, 6% free 9970K/10567K, paused 11ms+3ms
07-02 15:33:58.906 23767 23768 D dalvikvm: GC_CONCURRENT freed 789K, 26% free 11797K/15815K, paused 2ms+10ms
07-02 15:34:07.285 19717 19720 D dalvikvm: GC_CONCURRENT freed 372K, 8% free 10587K/11399K, paused 6ms+5ms
07-02 15:34:07.484 24114 24115 D dalvikvm: GC_CONCURRENT freed 315K, 6% free 9759K/10375K, paused 3ms+3ms
07-02 15:34:08.124 24463 24465 D dalvikvm: GC_CONCURRENT freed 685K, 13% free 11559K/13191K, paused 13ms+4ms
07-02 15:34:14.996   145   348 D AlarmManagerService: Kernel timezone updated to 240 minutes west of GMT
07-02 15:34:15.003   345   345 D SystemClock: Setting time of day to sec=1341257655
07-02 15:34:15.147   145  4009 I ActivityManager: Start proc com.android.deskclock for broadcast com.android.deskclock/.AlarmInitReceiver: pid=25225 uid=10011 gids={}
07-02 15:34:15.240 25225 25225 I ActivityThread: Pub com.android.deskclock: com.android.deskclock.AlarmProvider
07-02 15:34:15.318   345   345 D SAN_SERVICE: *******************************************
07-02 15:34:15.318   345   345 D SAN_SERVICE: DM App Phone Service State - 0
07-02 15:34:15.318   345   345 D SAN_SERVICE: *******************************************
07-02 15:34:15.479 25225 25239 V AlarmClock: AlarmInitReceiver finished
07-02 15:34:18.006   145 28236 D dalvikvm: GC_EXPLICIT freed 1845K, 29% free 16814K/23367K, paused 6ms+12ms
07-02 15:34:20.299 25071 25073 D dalvikvm: GC_CONCURRENT freed 327K, 5% free 9282K/9735K, paused 4ms+2ms
07-02 15:34:52.279 25147 25150 D dalvikvm: GC_CONCURRENT freed 441K, 6% free 9950K/10567K, paused 1ms+2ms
07-02 15:35:15.029 25194 25245 D GetStringObjTask: retrieving from url = http://www.chess.com/api/get_move_status?id=y3ICtufzg6w7rQqcD3KFujVaIanpYba4bIpaeKElV1LNz3Sz4Fk9Yh5CeWaj8h4bQ2RY0CxFVgA%2ByBE5DE%2B1cAuw4i%2Bp2GVj5RbuDPEUotReGbS25iAukuBsuUd%2Fl5dp
07-02 15:35:15.408 25194 25245 D GetStringObjTask: WebRequest SERVER RESPONSE: Success+0
07-02 15:35:51.982 25122 25137 I PhoneLab-: Service Running
07-02 15:35:52.166 25122 25137 I PhoneLab-LoggerService: app_37    1360  1     1436   996   c00f181c 400107b4 S logcat
07-02 15:35:52.170 25122 25137 I PhoneLab-LoggerService: Logcat pid from database 1360
07-02 15:35:52.170 25122 25137 I PhoneLab-LoggerService: Logcat process found 1360
07-02 15:35:52.170 25122 25137 I PhoneLab-LoggerService: Checking Threshold
07-02 15:35:52.170 25122 25137 I PhoneLab-LoggerService: Starting to rename files
07-02 15:35:52.170 25122 25137 I PhoneLab-LoggerService: Files found .. 2
07-02 15:35:52.190 24770 24771 D dalvikvm: GC_CONCURRENT freed 508K, 6% free 10381K/11015K, paused 3ms+3ms
07-02 15:36:04.029   145   147 D dalvikvm: GC_CONCURRENT freed 1942K, 29% free 16823K/23367K, paused 3ms+8ms
07-02 15:36:11.479 23767 23768 D dalvikvm: GC_CONCURRENT freed 799K, 26% free 11796K/15815K, paused 20ms+13ms
07-02 15:36:35.514 23783 23783 D dalvikvm: GC_FOR_ALLOC freed 531K, 8% free 11664K/12615K, paused 88ms
07-02 15:36:36.357   145 28236 D AlarmManagerService: Kernel timezone updated to 240 minutes west of GMT
07-02 15:36:37.170 23783 24240 W AudioTrack: obtainBuffer() track 0xe576d8 disabled, restarting
07-02 15:36:49.373   145  9966 D AlarmManagerService: Kernel timezone updated to 240 minutes west of GMT
07-02 15:36:52.315 25147 25150 D dalvikvm: GC_CONCURRENT freed 451K, 6% free 9996K/10567K, paused 6ms+3ms
07-02 15:37:09.838 24918 24921 D dalvikvm: GC_CONCURRENT freed 359K, 5% free 10711K/11271K, paused 20ms+11ms
07-02 15:37:32.416   145   147 D dalvikvm: GC_CONCURRENT freed 1987K, 29% free 16790K/23367K, paused 5ms+15ms
07-02 15:37:33.041   145   169 I ActivityManager: Start proc com.google.android.apps.plus for service com.google.android.apps.plus/.service.EsSyncAdapterService: pid=25266 uid=10060 gids={3003, 3002, 1015, 1006}
07-02 15:37:33.373 25266 25269 D dalvikvm: GC_CONCURRENT freed 154K, 3% free 9381K/9607K, paused 13ms+2ms
07-02 15:37:33.553 25266 25266 I ActivityThread: Pub com.google.android.apps.plus.content.ApiProvider: com.google.android.apps.plus.content.EsApiProvider
07-02 15:37:33.588 25266 25266 I ActivityThread: Pub com.google.android.apps.plus.content.EsGooglePhotoProvider: com.google.android.picasasync.PicasaContentProvider
07-02 15:37:33.772 25266 25269 D dalvikvm: GC_CONCURRENT freed 332K, 4% free 9604K/9991K, paused 2ms+3ms
07-02 15:37:33.799 25266 25266 I ActivityThread: Pub com.google.android.apps.plus.content.EsPicasaStoreProvider: com.google.android.picasastore.PicasaPhotoContentProvider
07-02 15:37:33.818 25266 25266 I ActivityThread: Pub com.google.plus.platform: com.google.android.apps.plus.content.AdsProvider
07-02 15:37:33.818 25266 25266 I ActivityThread: Pub com.google.android.apps.plus.iu.EsGoogleIuProvider: com.google.android.apps.plus.iu.InstantUploadProvider
07-02 15:37:33.975 25266 25269 D dalvikvm: GC_CONCURRENT freed 541K, 7% free 9632K/10247K, paused 6ms+7ms
07-02 15:37:33.979 25266 25266 I ActivityThread: Pub com.google.android.apps.plus.content.EsProvider: com.google.android.apps.plus.content.EsProvider
07-02 15:37:34.080   145   348 I ActivityManager: Start proc android.process.media for content provider com.android.providers.media/.MediaProvider: pid=25281 uid=10012 gids={1015, 1023, 1024, 2001, 3003, 3007}
07-02 15:37:34.158 25281 25281 I ActivityThread: Pub downloads: com.android.providers.downloads.DownloadProvider
07-02 15:37:34.190 25266 25266 D dalvikvm: GC_FOR_ALLOC freed 96K, 5% free 9764K/10247K, paused 38ms
07-02 15:37:34.244 25281 25281 I ActivityThread: Pub drm: com.android.providers.drm.DrmProvider
07-02 15:37:34.244 25281 25295 I DownloadManager: in removeSpuriousFiles
07-02 15:37:34.283 25281 25281 I ActivityThread: Pub media: com.android.providers.media.MediaProvider
07-02 15:37:34.295 25281 25295 I DownloadManager: in removeSpuriousFiles, preserving file /data/data/com.android.providers.downloads/cache/metadata.json
07-02 15:37:34.295 25281 25295 I DownloadManager: in removeSpuriousFiles, preserving file /data/data/com.android.providers.downloads/cache/en_general.htm
07-02 15:37:34.299 25281 25295 I DownloadManager: in removeSpuriousFiles, preserving file /mnt/sdcard/Download/img-thing.jpeg
07-02 15:37:34.299 25281 25295 I DownloadManager: in removeSpuriousFiles, preserving file /data/data/com.android.providers.downloads/cache/metadata-1.json
07-02 15:37:34.299 25281 25295 I DownloadManager: in removeSpuriousFiles, preserving file /data/data/com.android.providers.downloads/cache/downloadfile.jpeg
07-02 15:37:34.307 25281 25295 I DownloadManager: in removeSpuriousFiles, preserving file /data/data/com.android.providers.downloads/cache/metadata-2.json
07-02 15:37:34.307 25281 25295 I DownloadManager: in removeSpuriousFiles, preserving file /data/data/com.android.providers.downloads/cache/metadata-3.json
07-02 15:37:34.307 25281 25295 I DownloadManager: deleting spurious file /cache/backup
07-02 15:37:34.674 25281 25283 D dalvikvm: GC_CONCURRENT freed 370K, 5% free 9166K/9607K, paused 13ms+2ms
07-02 15:37:34.764 25266 25280 D PicasaPhotoCP: set fsid first time:-1
07-02 15:37:34.850 25266 25269 D dalvikvm: GC_CONCURRENT freed 163K, 3% free 10035K/10311K, paused 2ms+2ms
07-02 15:37:34.975 25266 25269 D dalvikvm: GC_CONCURRENT freed 119K, 3% free 10338K/10567K, paused 2ms+2ms
07-02 15:37:35.104 25266 25269 D dalvikvm: GC_CONCURRENT freed 310K, 5% free 10458K/10951K, paused 4ms+10ms
07-02 15:37:35.154 25266 25293 D dalvikvm: GC_FOR_ALLOC freed 0K, 5% free 10458K/10951K, paused 20ms
07-02 15:37:35.158 25266 25293 I dalvikvm-heap: Grow heap (frag case) to 10.530MB for 260112-byte allocation
07-02 15:37:35.186 25266 25293 D dalvikvm: GC_FOR_ALLOC freed 126K, 6% free 10586K/11207K, paused 22ms
07-02 15:37:35.221 25266 25293 D dalvikvm: GC_FOR_ALLOC freed 311K, 6% free 10579K/11207K, paused 24ms
07-02 15:37:35.248 25266 25293 D dalvikvm: GC_FOR_ALLOC freed 62K, 6% free 10643K/11207K, paused 22ms
07-02 15:37:35.248 25266 25293 I dalvikvm-heap: Grow heap (frag case) to 10.710MB for 260112-byte allocation
07-02 15:37:35.279 25266 25293 D dalvikvm: GC_FOR_ALLOC freed 126K, 7% free 10771K/11463K, paused 27ms
07-02 15:37:35.315 25266 25293 D dalvikvm: GC_FOR_ALLOC freed 369K, 6% free 10826K/11463K, paused 28ms
07-02 15:37:35.346 25266 25293 D dalvikvm: GC_FOR_ALLOC freed 126K, 5% free 10954K/11463K, paused 29ms
07-02 15:37:35.506 25266 25269 D dalvikvm: GC_CONCURRENT freed 342K, 4% free 11201K/11655K, paused 3ms+3ms
07-02 15:37:35.682 25266 25269 D dalvikvm: GC_CONCURRENT freed 137K, 3% free 11715K/11975K, paused 2ms+2ms
07-02 15:37:35.916 25266 25269 D dalvikvm: GC_CONCURRENT freed 547K, 6% free 12013K/12679K, paused 2ms+3ms
07-02 15:37:36.178 25266 25269 D dalvikvm: GC_CONCURRENT freed 211K, 3% free 12741K/13063K, paused 2ms+2ms
07-02 15:37:36.315   145   310 I ActivityManager: Process com.google.android.gm (pid 25033) has died.
07-02 15:37:37.260   145   161 D dalvikvm: GC_EXPLICIT freed 197K, 29% free 16779K/23367K, paused 4ms+11ms
07-02 15:37:38.854 25266 25269 D dalvikvm: GC_CONCURRENT freed 1052K, 9% free 12843K/14023K, paused 2ms+3ms
07-02 15:37:39.318 23767 23768 D dalvikvm: GC_CONCURRENT freed 841K, 26% free 11753K/15815K, paused 11ms+10ms
07-02 15:37:42.572 25266 25296 E dalvikvm: Could not find class 'android.app.Notification$InboxStyle', referenced from method com.google.android.apps.plus.service.AndroidNotification.createDigestNotification
07-02 15:37:42.572 25266 25296 W dalvikvm: VFY: unable to resolve new-instance 41 (Landroid/app/Notification$InboxStyle;) in Lcom/google/android/apps/plus/service/AndroidNotification;
07-02 15:37:42.572 25266 25296 D dalvikvm: VFY: replacing opcode 0x22 at 0x0018
07-02 15:37:42.576 25266 25296 I dalvikvm: Could not find method android.app.Notification$Builder.setPriority, referenced from method com.google.android.apps.plus.service.AndroidNotification.createRichNotification
07-02 15:37:42.576 25266 25296 W dalvikvm: VFY: unable to resolve virtual method 162: Landroid/app/Notification$Builder;.setPriority (I)Landroid/app/Notification$Builder;
07-02 15:37:42.576 25266 25296 D dalvikvm: VFY: replacing opcode 0x6e at 0x00d5
07-02 15:37:42.584 25266 25296 D dalvikvm: DexOpt: unable to opt direct call 0x00a8 at 0x1a in Lcom/google/android/apps/plus/service/AndroidNotification;.createDigestNotification
07-02 15:37:42.584 25266 25296 D dalvikvm: DexOpt: unable to opt direct call 0x0091 at 0xf1 in Lcom/google/android/apps/plus/service/AndroidNotification;.createRichNotification
07-02 15:37:42.588 25266 25296 D dalvikvm: DexOpt: unable to opt direct call 0x0095 at 0x397 in Lcom/google/android/apps/plus/service/AndroidNotification;.createRichNotification
07-02 15:37:43.154 25266 25269 D dalvikvm: GC_CONCURRENT freed 1088K, 9% free 12944K/14151K, paused 6ms+2ms
07-02 15:37:47.025 25266 25269 D dalvikvm: GC_CONCURRENT freed 1078K, 9% free 13071K/14279K, paused 3ms+6ms
07-02 15:37:47.432 25266 25269 D dalvikvm: GC_CONCURRENT freed 1208K, 10% free 13148K/14471K, paused 9ms+18ms
07-02 15:37:51.920 25122 25137 I PhoneLab-: Service Running
07-02 15:37:52.260 25122 25137 I PhoneLab-LoggerService: app_37    1360  1     1436   996   c00f181c 400107b4 S logcat
07-02 15:37:52.264 25122 25137 I PhoneLab-LoggerService: Logcat pid from database 1360
07-02 15:37:52.264 25122 25137 I PhoneLab-LoggerService: Logcat process found 1360
07-02 15:37:52.264 25122 25137 I PhoneLab-LoggerService: Checking Threshold
07-02 15:37:52.264 25122 25137 I PhoneLab-LoggerService: Starting to rename files
07-02 15:37:52.264 25122 25137 I PhoneLab-LoggerService: Files found .. 2
07-02 15:37:52.287 24770 24771 D dalvikvm: GC_CONCURRENT freed 505K, 6% free 10387K/11015K, paused 2ms+3ms
07-02 15:37:52.393   145   145 I ActivityManager: Process com.twitter.android (pid 24463) has died.
07-02 15:37:52.436 25122 25124 D dalvikvm: GC_CONCURRENT freed 401K, 5% free 9068K/9543K, paused 12ms+6ms
07-02 15:37:52.498 25266 25296 D dalvikvm: GC_FOR_ALLOC freed 906K, 8% free 13459K/14599K, paused 61ms
07-02 15:37:52.647 25266 25296 D dalvikvm: GC_FOR_ALLOC freed 381K, 10% free 13571K/15047K, paused 56ms
07-02 15:37:52.647 25266 25296 I dalvikvm-heap: Grow heap (frag case) to 13.648MB for 342108-byte allocation
07-02 15:37:52.697 25266 25296 D dalvikvm: GC_FOR_ALLOC freed 0K, 10% free 13905K/15431K, paused 50ms
07-02 15:37:53.580 25266 25269 D dalvikvm: GC_CONCURRENT freed 981K, 8% free 14456K/15559K, paused 2ms+3ms
07-02 15:37:54.303 25089 25091 D dalvikvm: GC_CONCURRENT freed 309K, 5% free 9160K/9543K, paused 2ms+2ms
07-02 15:37:55.982 25266 25269 D dalvikvm: GC_CONCURRENT freed 1755K, 12% free 14442K/16327K, paused 4ms+3ms
07-02 15:37:59.740 25266 25269 D dalvikvm: GC_CONCURRENT freed 2894K, 19% free 13229K/16327K, paused 3ms+4ms
07-02 15:38:00.201 24114 24115 D dalvikvm: GC_CONCURRENT freed 409K, 7% free 9735K/10375K, paused 22ms+5ms
07-02 15:38:00.639 24114 24847 D dalvikvm: GC_EXPLICIT freed 130K, 7% free 9656K/10375K, paused 4ms+2ms
07-02 15:38:01.455 25266 25296 I SqliteDatabaseCpp: sqlite returned: error code = 1, msg = no such column: last_stats_sync_time, db=/data/data/com.google.android.apps.plus/databases/es0.db
07-02 15:38:01.486 25266 25296 E EsSyncAdapterService: Sync failure
07-02 15:38:01.486 25266 25296 E EsSyncAdapterService: android.database.sqlite.SQLiteException: no such column: last_stats_sync_time: , while compiling: SELECT last_stats_sync_time  FROM account_status
07-02 15:38:01.486 25266 25296 E EsSyncAdapterService: 	at android.database.sqlite.SQLiteCompiledSql.native_compile(Native Method)
07-02 15:38:01.486 25266 25296 E EsSyncAdapterService: 	at android.database.sqlite.SQLiteCompiledSql.<init>(SQLiteCompiledSql.java:68)
07-02 15:38:01.486 25266 25296 E EsSyncAdapterService: 	at android.database.sqlite.SQLiteProgram.compileSql(SQLiteProgram.java:143)
07-02 15:38:01.486 25266 25296 E EsSyncAdapterService: 	at android.database.sqlite.SQLiteProgram.compileAndbindAllArgs(SQLiteProgram.java:361)
07-02 15:38:01.486 25266 25296 E EsSyncAdapterService: 	at android.database.sqlite.SQLiteStatement.acquireAndLock(SQLiteStatement.java:260)
07-02 15:38:01.486 25266 25296 E EsSyncAdapterService: 	at android.database.sqlite.SQLiteStatement.simpleQueryForLong(SQLiteStatement.java:137)
07-02 15:38:01.486 25266 25296 E EsSyncAdapterService: 	at android.database.DatabaseUtils.longForQuery(DatabaseUtils.java:791)
07-02 15:38:01.486 25266 25296 E EsSyncAdapterService: 	at android.database.DatabaseUtils.longForQuery(DatabaseUtils.java:779)
07-02 15:38:01.486 25266 25296 E EsSyncAdapterService: 	at com.google.android.apps.plus.content.EsAccountsData.queryLastStatsSyncTimestamp(EsAccountsData.java:570)
07-02 15:38:01.486 25266 25296 E EsSyncAdapterService: 	at com.google.android.apps.plus.service.EsSyncAdapterService.syncContactsStatsIfNecessary(EsSyncAdapterService.java:670)
07-02 15:38:01.486 25266 25296 E EsSyncAdapterService: 	at com.google.android.apps.plus.service.EsSyncAdapterService.doFullSync(EsSyncAdapterService.java:633)
07-02 15:38:01.486 25266 25296 E EsSyncAdapterService: 	at com.google.android.apps.plus.service.EsSyncAdapterService.doSync(EsSyncAdapterService.java:566)
07-02 15:38:01.486 25266 25296 E EsSyncAdapterService: 	at com.google.android.apps.plus.service.EsSyncAdapterService.access$100(EsSyncAdapterService.java:52)
07-02 15:38:01.486 25266 25296 E EsSyncAdapterService: 	at com.google.android.apps.plus.service.EsSyncAdapterService$SyncAdapterImpl.onPerformSync(EsSyncAdapterService.java:408)
07-02 15:38:01.486 25266 25296 E EsSyncAdapterService: 	at android.content.AbstractThreadedSyncAdapter$SyncThread.run(AbstractThreadedSyncAdapter.java:247)
07-02 15:38:01.561   145   169 D SyncManager: failed sync operation lokeshmandvekar@gmail.com (com.google), com.google.android.apps.plus.content.EsProvider, PERIODIC, earliestRunTime 149043684, SyncResult: stats [ numParseExceptions: 1]
07-02 15:38:01.568   145   169 D SyncManager: not retrying sync operation because the error is a hard error: lokeshmandvekar@gmail.com (com.google), com.google.android.apps.plus.content.EsProvider, PERIODIC, earliestRunTime 149072237
07-02 15:38:03.404   345   345 D SAN_SERVICE: *******************************************
07-02 15:38:03.404   345   345 D SAN_SERVICE: DM App Phone Service State - 0
07-02 15:38:03.404   345   345 D SAN_SERVICE: *******************************************
07-02 15:38:06.459 25266 25269 D dalvikvm: GC_CONCURRENT freed 1204K, 19% free 13301K/16327K, paused 3ms+4ms
07-02 15:38:06.654 25266 25307 D dalvikvm: GC_EXPLICIT freed 421K, 19% free 13269K/16327K, paused 10ms+7ms
07-02 15:38:07.549 24114 24115 D dalvikvm: GC_CONCURRENT freed 283K, 6% free 9758K/10375K, paused 2ms+5ms
07-02 15:38:09.084 24999 25001 D dalvikvm: GC_CONCURRENT freed 309K, 6% free 10024K/10567K, paused 7ms+4ms
07-02 15:38:10.158   145   157 D dalvikvm: GC_EXPLICIT freed 1074K, 29% free 16807K/23367K, paused 3ms+8ms
07-02 15:38:37.061 24999 25001 D dalvikvm: GC_CONCURRENT freed 418K, 6% free 10014K/10567K, paused 9ms+4ms
07-02 15:38:37.205 24114 24115 D dalvikvm: GC_CONCURRENT freed 388K, 6% free 9755K/10375K, paused 8ms+4ms
07-02 15:38:37.881 19717 19717 D dalvikvm: GC_EXPLICIT freed 332K, 8% free 10573K/11399K, paused 8ms+8ms
07-02 15:38:52.334 25147 25150 D dalvikvm: GC_CONCURRENT freed 557K, 7% free 9991K/10631K, paused 8ms+3ms
07-02 15:39:07.885 24114 24126 D dalvikvm: GC_EXPLICIT freed 262K, 7% free 9708K/10375K, paused 9ms+5ms
07-02 15:39:09.299   145   175 I ActivityManager: Start proc com.twitter.android for service com.twitter.android/.client.AppService: pid=25327 uid=10064 gids={3003, 1015}
07-02 15:39:09.322 25327 25327 I dalvikvm: Turning on JNI app bug workarounds for target SDK version 11...
07-02 15:39:09.537 25327 25327 I ActivityThread: Pub com.twitter.android.provider.GlobalDatabaseProvider: com.twitter.android.provider.GlobalDatabaseProvider
07-02 15:39:09.553 25327 25327 I ActivityThread: Pub com.twitter.android.provider.TwitterProvider: com.twitter.android.provider.TwitterProvider
07-02 15:39:09.666 25327 25329 D dalvikvm: GC_CONCURRENT freed 180K, 3% free 9289K/9543K, paused 17ms+2ms
07-02 15:39:10.131 25327 25329 D dalvikvm: GC_CONCURRENT freed 225K, 4% free 9510K/9863K, paused 4ms+3ms
07-02 15:39:10.295 25327 25329 D dalvikvm: GC_CONCURRENT freed 292K, 5% free 9632K/10055K, paused 2ms+3ms
07-02 15:39:10.463 25327 25329 D dalvikvm: GC_CONCURRENT freed 293K, 5% free 9759K/10183K, paused 3ms+2ms
07-02 15:39:10.615 25327 25329 D dalvikvm: GC_CONCURRENT freed 302K, 5% free 9886K/10311K, paused 2ms+2ms
07-02 15:39:10.768 25327 25329 D dalvikvm: GC_CONCURRENT freed 296K, 5% free 10013K/10439K, paused 3ms+2ms
07-02 15:39:10.904 25327 25329 D dalvikvm: GC_CONCURRENT freed 302K, 5% free 10143K/10567K, paused 2ms+3ms
07-02 15:39:11.057 25327 25329 D dalvikvm: GC_CONCURRENT freed 299K, 4% free 10271K/10695K, paused 1ms+2ms
07-02 15:39:11.264 25327 25329 D dalvikvm: GC_CONCURRENT freed 481K, 6% free 10220K/10823K, paused 2ms+3ms
07-02 15:39:11.416 25327 25329 D dalvikvm: GC_CONCURRENT freed 326K, 5% free 10293K/10823K, paused 2ms+2ms
07-02 15:39:11.631 25327 25329 D dalvikvm: GC_CONCURRENT freed 318K, 5% free 10382K/10823K, paused 4ms+3ms
07-02 15:39:11.811 25327 25329 D dalvikvm: GC_CONCURRENT freed 359K, 5% free 10467K/10951K, paused 2ms+2ms
07-02 15:39:11.971 25327 25329 D dalvikvm: GC_CONCURRENT freed 345K, 5% free 10554K/11015K, paused 2ms+3ms
07-02 15:39:12.123 25327 25329 D dalvikvm: GC_CONCURRENT freed 328K, 5% free 10630K/11079K, paused 1ms+2ms
07-02 15:39:12.279 25327 25329 D dalvikvm: GC_CONCURRENT freed 368K, 5% free 10718K/11207K, paused 2ms+2ms
07-02 15:39:12.471 25327 25329 D dalvikvm: GC_CONCURRENT freed 400K, 5% free 10815K/11335K, paused 2ms+3ms
07-02 15:39:13.717 25327 25329 D dalvikvm: GC_CONCURRENT freed 337K, 5% free 11001K/11463K, paused 3ms+3ms
07-02 15:39:14.525 25327 25341 D dalvikvm: GC_FOR_ALLOC freed 234K, 5% free 11171K/11655K, paused 36ms
07-02 15:39:14.584 25327 25341 D dalvikvm: GC_FOR_ALLOC freed 119K, 6% free 11291K/11911K, paused 37ms
07-02 15:39:14.584 25327 25341 I dalvikvm-heap: Grow heap (frag case) to 11.566MB for 494152-byte allocation
07-02 15:39:14.623 25327 25341 D dalvikvm: GC_FOR_ALLOC freed 239K, 8% free 11534K/12423K, paused 39ms
07-02 15:39:15.205 25327 25329 D dalvikvm: GC_CONCURRENT freed 277K, 4% free 12019K/12423K, paused 2ms+6ms
07-02 15:39:17.869 25327 25329 D dalvikvm: GC_CONCURRENT freed 1727K, 14% free 11254K/13063K, paused 14ms+3ms
07-02 15:39:26.049 19717 21458 I EventLogService: Aggregate from 1341256165846 (log), 1341256165846 (data)
07-02 15:39:29.404   145   147 D dalvikvm: GC_CONCURRENT freed 1821K, 29% free 16809K/23367K, paused 44ms+9ms
07-02 15:39:34.881   145   329 D AlarmManagerService: Kernel timezone updated to 240 minutes west of GMT
07-02 15:39:36.307   345   345 D SAN_SERVICE: *******************************************
07-02 15:39:36.307   345   345 D SAN_SERVICE: DM App Phone Service State - 0
07-02 15:39:36.307   345   345 D SAN_SERVICE: *******************************************
07-02 15:39:37.065   345   345 D SAN_SERVICE: *******************************************
07-02 15:39:37.065   345   345 D SAN_SERVICE: DM App Phone Service State - 0
07-02 15:39:37.068   345   345 D SAN_SERVICE: *******************************************
07-02 15:39:48.049 23767 23768 D dalvikvm: GC_CONCURRENT freed 745K, 26% free 11791K/15815K, paused 8ms+12ms
07-02 15:39:51.979 25122 25137 I PhoneLab-: Service Running
07-02 15:39:52.033 25122 25137 I PhoneLab-LoggerService: app_37    1360  1     1436   996   c00f181c 400107b4 S logcat
07-02 15:39:52.033 25122 25137 I PhoneLab-LoggerService: Logcat pid from database 1360
07-02 15:39:52.033 25122 25137 I PhoneLab-LoggerService: Logcat process found 1360
07-02 15:39:52.033 25122 25137 I PhoneLab-LoggerService: Checking Threshold
07-02 15:39:52.033 25122 25137 I PhoneLab-LoggerService: Starting to rename files
07-02 15:39:52.033 25122 25137 I PhoneLab-LoggerService: Files found .. 2
07-02 15:39:52.248 24770 24771 D dalvikvm: GC_CONCURRENT freed 514K, 6% free 10384K/11015K, paused 3ms+2ms
07-02 15:39:59.912   145   396 I ActivityManager: Process com.google.android.syncadapters.calendar (pid 25055) has died.
07-02 15:40:15.053 25194 25373 D GetStringObjTask: retrieving from url = http://www.chess.com/api/get_move_status?id=y3ICtufzg6w7rQqcD3KFujVaIanpYba4bIpaeKElV1LNz3Sz4Fk9Yh5CeWaj8h4bQ2RY0CxFVgA%2ByBE5DE%2B1cAuw4i%2Bp2GVj5RbuDPEUotReGbS25iAukuBsuUd%2Fl5dp
07-02 15:40:16.611 25194 25373 D GetStringObjTask: WebRequest SERVER RESPONSE: Success+0
07-02 15:40:52.693 25147 25150 D dalvikvm: GC_CONCURRENT freed 532K, 7% free 9954K/10631K, paused 19ms+11ms
07-02 15:41:06.990   145   147 D dalvikvm: GC_CONCURRENT freed 1938K, 29% free 16821K/23367K, paused 11ms+9ms
07-02 15:41:51.920 25122 25137 I PhoneLab-: Service Running
07-02 15:41:52.342 25122 25137 I PhoneLab-LoggerService: app_37    1360  1     1436   996   c00f181c 400107b4 S logcat
07-02 15:41:52.342 25122 25137 I PhoneLab-LoggerService: Logcat pid from database 1360
07-02 15:41:52.342 25122 25137 I PhoneLab-LoggerService: Logcat process found 1360
07-02 15:41:52.342 25122 25137 I PhoneLab-LoggerService: Checking Threshold
07-02 15:41:52.342 25122 25137 I PhoneLab-LoggerService: Starting to rename files
07-02 15:41:52.346 25122 25137 I PhoneLab-LoggerService: Files found .. 2
07-02 15:41:52.385 24770 24771 D dalvikvm: GC_CONCURRENT freed 511K, 6% free 10385K/11015K, paused 3ms+2ms
07-02 15:41:52.561 25147 25150 D dalvikvm: GC_CONCURRENT freed 459K, 7% free 9940K/10631K, paused 5ms+2ms
07-02 15:42:00.303 23767 23768 D dalvikvm: GC_CONCURRENT freed 792K, 26% free 11795K/15815K, paused 10ms+10ms
07-02 15:42:22.252   145  4009 D dalvikvm: GC_EXPLICIT freed 1462K, 29% free 16802K/23367K, paused 20ms+14ms
07-02 15:42:22.373 23767 23767 D dalvikvm: GC_EXPLICIT freed 343K, 27% free 11697K/15815K, paused 10ms+5ms
07-02 15:43:29.416 25266 25394 I SqliteDatabaseCpp: sqlite returned: error code = 1, msg = no such column: wipeout_stats, db=/data/data/com.google.android.apps.plus/databases/es0.db
07-02 15:43:29.525 25266 25394 W System.err: android.database.sqlite.SQLiteException: no such column: wipeout_stats: , while compiling: SELECT wipeout_stats  FROM account_status
07-02 15:43:29.744 25266 25394 W System.err: 	at android.database.sqlite.SQLiteCompiledSql.native_compile(Native Method)
07-02 15:43:29.744 25266 25394 W System.err: 	at android.database.sqlite.SQLiteCompiledSql.<init>(SQLiteCompiledSql.java:68)
07-02 15:43:29.748 25266 25394 W System.err: 	at android.database.sqlite.SQLiteProgram.compileSql(SQLiteProgram.java:143)
07-02 15:43:29.748 25266 25394 W System.err: 	at android.database.sqlite.SQLiteProgram.compileAndbindAllArgs(SQLiteProgram.java:361)
07-02 15:43:29.748 25266 25394 W System.err: 	at android.database.sqlite.SQLiteStatement.acquireAndLock(SQLiteStatement.java:260)
07-02 15:43:29.748 25266 25394 W System.err: 	at android.database.sqlite.SQLiteStatement.simpleQueryForLong(SQLiteStatement.java:137)
07-02 15:43:29.752 25266 25394 W System.err: 	at android.database.DatabaseUtils.longForQuery(DatabaseUtils.java:791)
07-02 15:43:29.752 25266 25394 W System.err: 	at android.database.DatabaseUtils.longForQuery(DatabaseUtils.java:779)
07-02 15:43:29.752 25266 25394 W System.err: 	at com.google.android.apps.plus.content.EsAccountsData.isContactsStatsWipeoutNeeded(EsAccountsData.java:641)
07-02 15:43:29.752 25266 25394 W System.err: 	at com.google.android.apps.plus.service.EsService.processIntent(EsService.java:4246)
07-02 15:43:29.752 25266 25394 W System.err: 	at com.google.android.apps.plus.service.ServiceThread$1.run(ServiceThread.java:50)
07-02 15:43:29.752 25266 25394 W System.err: 	at android.os.Handler.handleCallback(Handler.java:605)
07-02 15:43:29.752 25266 25394 W System.err: 	at android.os.Handler.dispatchMessage(Handler.java:92)
07-02 15:43:29.752 25266 25394 W System.err: 	at android.os.Looper.loop(Looper.java:137)
07-02 15:43:29.752 25266 25394 W System.err: 	at com.google.android.apps.plus.service.ServiceThread.run(ServiceThread.java:122)
07-02 15:43:32.943 25266 25269 D dalvikvm: GC_CONCURRENT freed 1146K, 18% free 13420K/16327K, paused 10ms+5ms
07-02 15:43:38.190 25266 25269 D dalvikvm: GC_CONCURRENT freed 1406K, 19% free 13365K/16327K, paused 5ms+10ms
07-02 15:43:40.514 25266 25273 I dalvikvm: Jit: resizing JitTable from 4096 to 8192
07-02 15:43:45.838 25266 25269 D dalvikvm: GC_CONCURRENT freed 661K, 15% free 14031K/16327K, paused 8ms+4ms
07-02 15:43:46.455 25266 25269 D dalvikvm: GC_CONCURRENT freed 1225K, 13% free 14352K/16327K, paused 2ms+4ms
07-02 15:43:47.416   145   147 D dalvikvm: GC_CONCURRENT freed 1824K, 29% free 16798K/23367K, paused 3ms+7ms
07-02 15:43:48.322 25266 25269 D dalvikvm: GC_CONCURRENT freed 1520K, 12% free 14486K/16327K, paused 3ms+10ms
07-02 15:43:51.342 25266 25269 D dalvikvm: GC_CONCURRENT freed 2347K, 16% free 13847K/16327K, paused 5ms+6ms
07-02 15:43:51.936 25122 25137 I PhoneLab-: Service Running
07-02 15:43:52.318 25122 25137 I PhoneLab-LoggerService: app_37    1360  1     1436   996   c00f181c 400107b4 S logcat
07-02 15:43:52.318 25122 25137 I PhoneLab-LoggerService: Logcat pid from database 1360
07-02 15:43:52.318 25122 25137 I PhoneLab-LoggerService: Logcat process found 1360
07-02 15:43:52.318 25122 25137 I PhoneLab-LoggerService: Checking Threshold
07-02 15:43:52.318 25122 25137 I PhoneLab-LoggerService: Starting to rename files
07-02 15:43:52.318 25122 25137 I PhoneLab-LoggerService: Files found .. 2
07-02 15:43:52.361 24770 24771 D dalvikvm: GC_CONCURRENT freed 514K, 6% free 10383K/11015K, paused 13ms+4ms
07-02 15:43:52.549 25147 25150 D dalvikvm: GC_CONCURRENT freed 493K, 7% free 9959K/10631K, paused 5ms+3ms
07-02 15:43:53.455 25266 25395 I SqliteDatabaseCpp: sqlite returned: error code = 1, msg = no such column: last_stats_sync_time, db=/data/data/com.google.android.apps.plus/databases/es0.db
07-02 15:43:53.522 25266 25395 E EsSyncAdapterService: Sync failure
07-02 15:43:53.522 25266 25395 E EsSyncAdapterService: android.database.sqlite.SQLiteException: no such column: last_stats_sync_time: , while compiling: SELECT last_stats_sync_time  FROM account_status
07-02 15:43:53.522 25266 25395 E EsSyncAdapterService: 	at android.database.sqlite.SQLiteCompiledSql.native_compile(Native Method)
07-02 15:43:53.522 25266 25395 E EsSyncAdapterService: 	at android.database.sqlite.SQLiteCompiledSql.<init>(SQLiteCompiledSql.java:68)
07-02 15:43:53.522 25266 25395 E EsSyncAdapterService: 	at android.database.sqlite.SQLiteProgram.compileSql(SQLiteProgram.java:143)
07-02 15:43:53.522 25266 25395 E EsSyncAdapterService: 	at android.database.sqlite.SQLiteProgram.compileAndbindAllArgs(SQLiteProgram.java:361)
07-02 15:43:53.522 25266 25395 E EsSyncAdapterService: 	at android.database.sqlite.SQLiteStatement.acquireAndLock(SQLiteStatement.java:260)
07-02 15:43:53.522 25266 25395 E EsSyncAdapterService: 	at android.database.sqlite.SQLiteStatement.simpleQueryForLong(SQLiteStatement.java:137)
07-02 15:43:53.522 25266 25395 E EsSyncAdapterService: 	at android.database.DatabaseUtils.longForQuery(DatabaseUtils.java:791)
07-02 15:43:53.522 25266 25395 E EsSyncAdapterService: 	at android.database.DatabaseUtils.longForQuery(DatabaseUtils.java:779)
07-02 15:43:53.522 25266 25395 E EsSyncAdapterService: 	at com.google.android.apps.plus.content.EsAccountsData.queryLastStatsSyncTimestamp(EsAccountsData.java:570)
07-02 15:43:53.522 25266 25395 E EsSyncAdapterService: 	at com.google.android.apps.plus.service.EsSyncAdapterService.syncContactsStatsIfNecessary(EsSyncAdapterService.java:670)
07-02 15:43:53.522 25266 25395 E EsSyncAdapterService: 	at com.google.android.apps.plus.service.EsSyncAdapterService.doFullSync(EsSyncAdapterService.java:633)
07-02 15:43:53.522 25266 25395 E EsSyncAdapterService: 	at com.google.android.apps.plus.service.EsSyncAdapterService.doSync(EsSyncAdapterService.java:566)
07-02 15:43:53.522 25266 25395 E EsSyncAdapterService: 	at com.google.android.apps.plus.service.EsSyncAdapterService.access$100(EsSyncAdapterService.java:52)
07-02 15:43:53.522 25266 25395 E EsSyncAdapterService: 	at com.google.android.apps.plus.service.EsSyncAdapterService$SyncAdapterImpl.onPerformSync(EsSyncAdapterService.java:408)
07-02 15:43:53.522 25266 25395 E EsSyncAdapterService: 	at android.content.AbstractThreadedSyncAdapter$SyncThread.run(AbstractThreadedSyncAdapter.java:247)
07-02 15:43:53.553   145   169 D SyncManager: failed sync operation lokeshmandvekar@gmail.com (com.google), com.google.android.apps.plus.content.EsProvider, SERVER, earliestRunTime 149400082, SyncResult: stats [ numParseExceptions: 1]
07-02 15:43:53.557   145   169 D SyncManager: not retrying sync operation because the error is a hard error: lokeshmandvekar@gmail.com (com.google), com.google.android.apps.plus.content.EsProvider, SERVER, earliestRunTime 149424228
07-02 15:43:58.881 25266 25269 D dalvikvm: GC_CONCURRENT freed 2021K, 19% free 13312K/16327K, paused 5ms+4ms
07-02 15:43:59.029 25266 25307 D dalvikvm: GC_EXPLICIT freed 75K, 19% free 13259K/16327K, paused 2ms+3ms
07-02 15:43:59.568 24114 24115 D dalvikvm: GC_CONCURRENT freed 340K, 6% free 9756K/10375K, paused 9ms+5ms
07-02 15:44:00.482   145   145 D dalvikvm: GC_EXPLICIT freed 477K, 29% free 16792K/23367K, paused 47ms+8ms
07-02 15:44:00.678 24999 25001 D dalvikvm: GC_CONCURRENT freed 432K, 6% free 10015K/10567K, paused 7ms+3ms
07-02 15:44:01.857 24114 24115 D dalvikvm: GC_CONCURRENT freed 377K, 6% free 9762K/10375K, paused 2ms+3ms
07-02 15:44:08.666 23767 23768 D dalvikvm: GC_CONCURRENT freed 688K, 26% free 11774K/15815K, paused 13ms+11ms
07-02 15:44:18.428 25327 25329 D dalvikvm: GC_CONCURRENT freed 585K, 14% free 11324K/13063K, paused 10ms+7ms
07-02 15:44:30.088 19717 19720 D dalvikvm: GC_CONCURRENT freed 380K, 8% free 10586K/11399K, paused 77ms+5ms
07-02 15:44:30.295 24999 25316 D dalvikvm: GC_EXPLICIT freed 351K, 7% free 9914K/10567K, paused 8ms+4ms
07-02 15:44:30.947 24114 24847 D dalvikvm: GC_EXPLICIT freed 233K, 7% free 9688K/10375K, paused 2ms+3ms
07-02 15:44:31.111 24999 25001 D dalvikvm: GC_CONCURRENT freed 360K, 6% free 9939K/10567K, paused 16ms+4ms
07-02 15:45:15.057 25194 25418 D GetStringObjTask: retrieving from url = http://www.chess.com/api/get_move_status?id=y3ICtufzg6w7rQqcD3KFujVaIanpYba4bIpaeKElV1LNz3Sz4Fk9Yh5CeWaj8h4bQ2RY0CxFVgA%2ByBE5DE%2B1cAuw4i%2Bp2GVj5RbuDPEUotReGbS25iAukuBsuUd%2Fl5dp
07-02 15:45:15.303 25194 25196 D dalvikvm: GC_CONCURRENT freed 333K, 5% free 9484K/9927K, paused 47ms+4ms
07-02 15:45:15.643 25194 25418 D GetStringObjTask: WebRequest SERVER RESPONSE: Success+0
07-02 15:45:38.201   145   147 D dalvikvm: GC_CONCURRENT freed 1930K, 29% free 16808K/23367K, paused 10ms+12ms
07-02 15:45:39.377   145   169 I ActivityManager: Start proc com.google.android.apps.currents for service com.google.android.apps.currents/com.google.apps.dots.android.app.service.SyncService: pid=25420 uid=10078 gids={3003, 1015}
07-02 15:45:39.857 25420 25420 I ActivityThread: Pub com.google.apps.dots.android.app.provider.SuggestionProvider: com.google.apps.dots.android.app.provider.SuggestionProvider
07-02 15:45:39.904 25420 25420 I ActivityThread: Pub com.google.android.apps.currents.exported: com.google.apps.dots.android.app.provider.ExportedContentProvider
07-02 15:45:40.072 25420 25423 D dalvikvm: GC_CONCURRENT freed 170K, 3% free 9366K/9607K, paused 14ms+3ms
07-02 15:45:40.162 25420 25423 D dalvikvm: GC_CONCURRENT freed 263K, 5% free 9586K/9991K, paused 1ms+2ms
07-02 15:45:40.307 25420 25423 D dalvikvm: GC_CONCURRENT freed 234K, 4% free 9828K/10183K, paused 2ms+3ms
07-02 15:45:40.475   145  4009 I ActivityManager: Process com.android.providers.calendar (pid 25071) has died.
07-02 15:45:40.565 25420 25423 D dalvikvm: GC_CONCURRENT freed 238K, 3% free 10128K/10439K, paused 10ms+3ms
07-02 15:45:40.619 25420 25420 I DotsContentUris: content://com.google.android.apps.currents
07-02 15:45:40.643 25420 25420 I ActivityThread: Pub com.google.android.apps.currents: com.google.apps.dots.android.app.provider.DotsContentProvider
07-02 15:45:40.658 25420 25420 I DotsApplication: Starting up...
07-02 15:45:41.049 25420 25423 D dalvikvm: GC_CONCURRENT freed 450K, 5% free 10164K/10695K, paused 2ms+10ms
07-02 15:45:41.365 25420 25423 D dalvikvm: GC_CONCURRENT freed 269K, 4% free 10339K/10759K, paused 7ms+3ms
07-02 15:45:41.389 25420 25441 I SyncService: Starting sync (15:45:41)
07-02 15:45:44.451 25420 25423 D dalvikvm: GC_CONCURRENT freed 285K, 4% free 10471K/10887K, paused 2ms+7ms
07-02 15:45:44.522   145   329 I ActivityManager: Process com.android.calendar (pid 25089) has died.
07-02 15:45:44.826 25420 25423 D dalvikvm: GC_CONCURRENT freed 220K, 4% free 10664K/11015K, paused 2ms+3ms
07-02 15:45:44.955 25420 25423 D dalvikvm: GC_CONCURRENT freed 452K, 6% free 10707K/11335K, paused 2ms+7ms
07-02 15:45:45.334 25420 25423 D dalvikvm: GC_CONCURRENT freed 504K, 6% free 10698K/11335K, paused 2ms+2ms
07-02 15:45:46.107   145  9966 D SyncManager: setSyncAutomatically: , provider com.google.android.apps.currents -> true
07-02 15:45:46.107   145  9966 D SyncManager: setSyncAutomatically: already set to true, doing nothing
07-02 15:45:46.420 25420 25423 D dalvikvm: GC_CONCURRENT freed 324K, 5% free 10817K/11335K, paused 3ms+2ms
07-02 15:45:46.631 25420 25423 D dalvikvm: GC_CONCURRENT freed 251K, 4% free 11084K/11463K, paused 2ms+6ms
07-02 15:45:46.908   145  1150 D dalvikvm: GC_EXPLICIT freed 257K, 29% free 16785K/23367K, paused 8ms+8ms
07-02 15:45:46.975 25420 25423 D dalvikvm: GC_CONCURRENT freed 249K, 4% free 11415K/11783K, paused 4ms+4ms
07-02 15:45:47.326 25420 25423 D dalvikvm: GC_CONCURRENT freed 991K, 10% free 11112K/12231K, paused 3ms+2ms
07-02 15:45:47.576 25420 25423 D dalvikvm: GC_CONCURRENT freed 384K, 8% free 11297K/12231K, paused 3ms+5ms
07-02 15:45:48.322 25420 25423 D dalvikvm: GC_CONCURRENT freed 562K, 8% free 11364K/12231K, paused 5ms+34ms
07-02 15:45:49.658 25420 25423 D dalvikvm: GC_CONCURRENT freed 626K, 7% free 11393K/12231K, paused 6ms+6ms
07-02 15:45:49.885 25420 25423 D dalvikvm: GC_CONCURRENT freed 707K, 7% free 11389K/12231K, paused 2ms+2ms
07-02 15:45:50.123 25420 25423 D dalvikvm: GC_CONCURRENT freed 687K, 7% free 11416K/12231K, paused 2ms+3ms
07-02 15:45:51.592 24770 24771 D dalvikvm: GC_CONCURRENT freed 400K, 6% free 10375K/11015K, paused 294ms+3ms
07-02 15:45:52.475 25122 25137 I PhoneLab-: Service Running
07-02 15:45:52.514   145 21614 I ActivityManager: Process com.android.deskclock (pid 25225) has died.
07-02 15:45:53.002 25122 25137 I PhoneLab-LoggerService: app_37    1360  1     1436   996   c00ab7c8 40010474 D logcat
07-02 15:45:53.002 25122 25137 I PhoneLab-LoggerService: Logcat pid from database 1360
07-02 15:45:53.002 25122 25137 I PhoneLab-LoggerService: Logcat process found 1360
07-02 15:45:53.002 25122 25137 I PhoneLab-LoggerService: Checking Threshold
07-02 15:45:53.002 25122 25137 I PhoneLab-LoggerService: Starting to rename files
07-02 15:45:53.002 25122 25137 I PhoneLab-LoggerService: Files found .. 2
07-02 15:45:53.190 25147 25150 D dalvikvm: GC_CONCURRENT freed 494K, 7% free 9958K/10631K, paused 13ms+5ms
07-02 15:45:53.459 25420 25423 D dalvikvm: GC_CONCURRENT freed 721K, 7% free 11405K/12231K, paused 6ms+4ms
07-02 15:45:53.662 25420 25423 D dalvikvm: GC_CONCURRENT freed 669K, 7% free 11434K/12231K, paused 3ms+5ms
07-02 15:45:53.865 25420 25423 D dalvikvm: GC_CONCURRENT freed 714K, 7% free 11450K/12295K, paused 3ms+3ms
07-02 15:45:54.065 25420 25423 D dalvikvm: GC_CONCURRENT freed 690K, 7% free 11478K/12295K, paused 3ms+4ms
07-02 15:45:55.291   145  1149 D dalvikvm: GC_EXPLICIT freed 743K, 29% free 16782K/23367K, paused 15ms+8ms
07-02 15:45:55.424 25420 25423 D dalvikvm: GC_CONCURRENT freed 829K, 8% free 11395K/12359K, paused 2ms+3ms
07-02 15:45:56.295 25420 25423 D dalvikvm: GC_CONCURRENT freed 693K, 9% free 11368K/12359K, paused 4ms+6ms
07-02 15:45:56.541 25420 25423 D dalvikvm: GC_CONCURRENT freed 588K, 8% free 11440K/12359K, paused 3ms+2ms
07-02 15:45:56.865 25420 25423 D dalvikvm: GC_CONCURRENT freed 676K, 8% free 11442K/12359K, paused 8ms+7ms
07-02 15:45:58.014 25420 25423 D dalvikvm: GC_CONCURRENT freed 725K, 8% free 11399K/12359K, paused 3ms+4ms
07-02 15:45:58.666 25420 25423 D dalvikvm: GC_CONCURRENT freed 642K, 8% free 11423K/12359K, paused 3ms+3ms
07-02 15:46:00.295   145   156 I ActivityManager: Process com.google.android.apps.plus (pid 25266) has died.
07-02 15:46:00.783 25420 25423 D dalvikvm: GC_CONCURRENT freed 649K, 8% free 11461K/12359K, paused 2ms+7ms
07-02 15:46:00.955 25420 25423 D dalvikvm: GC_CONCURRENT freed 708K, 8% free 11437K/12359K, paused 2ms+6ms
07-02 15:46:01.639 25420 25423 D dalvikvm: GC_CONCURRENT freed 695K, 8% free 11420K/12359K, paused 3ms+7ms
07-02 15:46:01.842 25420 25423 D dalvikvm: GC_CONCURRENT freed 628K, 8% free 11466K/12359K, paused 2ms+3ms
07-02 15:46:02.041 25420 25423 D dalvikvm: GC_CONCURRENT freed 668K, 8% free 11487K/12359K, paused 3ms+7ms
07-02 15:46:02.432 25420 25423 D dalvikvm: GC_CONCURRENT freed 711K, 7% free 11521K/12359K, paused 2ms+2ms
07-02 15:46:03.682 25420 25423 D dalvikvm: GC_CONCURRENT freed 828K, 8% free 11473K/12423K, paused 6ms+3ms
07-02 15:46:03.850 25420 25444 D dalvikvm: GC_FOR_ALLOC freed 661K, 8% free 11490K/12423K, paused 33ms
07-02 15:46:04.029 25420 25423 D dalvikvm: GC_CONCURRENT freed 659K, 8% free 11534K/12423K, paused 2ms+2ms
07-02 15:46:04.420 25420 25423 D dalvikvm: GC_CONCURRENT freed 698K, 7% free 11592K/12423K, paused 3ms+3ms
07-02 15:46:05.654 25420 25423 D dalvikvm: GC_CONCURRENT freed 883K, 9% free 11476K/12487K, paused 2ms+2ms
07-02 15:46:06.400 25420 25444 D dalvikvm: GC_EXPLICIT freed 325K, 9% free 11418K/12487K, paused 30ms+4ms
07-02 15:46:06.873 25420 25423 D dalvikvm: GC_CONCURRENT freed 610K, 9% free 11482K/12487K, paused 2ms+6ms
07-02 15:46:07.084 25420 25423 D dalvikvm: GC_CONCURRENT freed 660K, 8% free 11520K/12487K, paused 3ms+3ms
07-02 15:46:07.678 25420 25423 D dalvikvm: GC_CONCURRENT freed 701K, 8% free 11524K/12487K, paused 3ms+13ms
07-02 15:46:10.857 25420 25423 D dalvikvm: GC_CONCURRENT freed 776K, 9% free 11456K/12487K, paused 3ms+8ms
07-02 15:46:11.443 25420 25423 D dalvikvm: GC_CONCURRENT freed 633K, 8% free 11515K/12487K, paused 2ms+4ms
07-02 15:46:11.647 25420 25423 D dalvikvm: GC_CONCURRENT freed 682K, 8% free 11551K/12487K, paused 2ms+3ms
07-02 15:46:12.830 25420 25423 D dalvikvm: GC_CONCURRENT freed 730K, 8% free 11539K/12487K, paused 3ms+9ms
07-02 15:46:13.275 25420 25423 D dalvikvm: GC_CONCURRENT freed 706K, 8% free 11551K/12487K, paused 2ms+3ms
07-02 15:46:13.479 25420 25423 D dalvikvm: GC_CONCURRENT freed 690K, 8% free 11592K/12487K, paused 5ms+4ms
07-02 15:46:13.803   145  4009 D dalvikvm: GC_EXPLICIT freed 937K, 29% free 16770K/23367K, paused 4ms+9ms
07-02 15:46:15.440 25420 25423 D dalvikvm: GC_CONCURRENT freed 798K, 8% free 11557K/12487K, paused 2ms+9ms
07-02 15:46:15.611 25420 25423 D dalvikvm: GC_CONCURRENT freed 740K, 8% free 11548K/12487K, paused 2ms+2ms
07-02 15:46:15.803 25420 25423 D dalvikvm: GC_CONCURRENT freed 693K, 8% free 11574K/12487K, paused 3ms+4ms
07-02 15:46:16.123 25420 25423 D dalvikvm: GC_CONCURRENT freed 734K, 7% free 11617K/12487K, paused 2ms+2ms
07-02 15:46:19.170 25420 25423 D dalvikvm: GC_CONCURRENT freed 823K, 8% free 11598K/12551K, paused 2ms+8ms
07-02 15:46:19.275 25420 25444 D dalvikvm: GC_FOR_ALLOC freed 384K, 8% free 11557K/12551K, paused 34ms
07-02 15:46:19.275 25420 25444 I dalvikvm-heap: Grow heap (frag case) to 11.390MB for 34982-byte allocation
07-02 15:46:19.311 25420 25444 D dalvikvm: GC_FOR_ALLOC freed 21K, 9% free 11570K/12615K, paused 33ms
07-02 15:46:19.607 23767 23768 D dalvikvm: GC_CONCURRENT freed 771K, 26% free 11793K/15815K, paused 2ms+11ms
07-02 15:46:19.744 25420 25444 D dalvikvm: GC_FOR_ALLOC freed 203K, 9% free 11536K/12615K, paused 40ms
07-02 15:46:20.334 25420 25423 D dalvikvm: GC_CONCURRENT freed 679K, 9% free 11579K/12615K, paused 2ms+3ms
07-02 15:46:20.369 25420 25444 D dalvikvm: GC_FOR_ALLOC freed 34K, 9% free 11592K/12615K, paused 32ms
07-02 15:46:20.369 25420 25444 I dalvikvm-heap: Grow heap (frag case) to 11.485MB for 98818-byte allocation
07-02 15:46:20.412 25420 25444 D dalvikvm: GC_FOR_ALLOC freed 47K, 9% free 11641K/12743K, paused 32ms
07-02 15:46:20.463 25420 25444 D dalvikvm: GC_FOR_ALLOC freed 101K, 9% free 11628K/12743K, paused 37ms
07-02 15:46:21.080 25420 25444 D dalvikvm: GC_FOR_ALLOC freed 503K, 10% free 11527K/12743K, paused 36ms
07-02 15:46:21.498 25420 25423 D dalvikvm: GC_CONCURRENT freed 643K, 10% free 11592K/12743K, paused 3ms+2ms
07-02 15:46:21.666 25420 25423 D dalvikvm: GC_CONCURRENT freed 708K, 9% free 11621K/12743K, paused 2ms+2ms
07-02 15:46:23.400 25420 25423 D dalvikvm: GC_CONCURRENT freed 896K, 11% free 11468K/12743K, paused 2ms+3ms
07-02 15:46:23.705 25420 25423 D dalvikvm: GC_CONCURRENT freed 683K, 10% free 11477K/12743K, paused 3ms+9ms
07-02 15:46:24.022 25420 25423 D dalvikvm: GC_CONCURRENT freed 706K, 10% free 11478K/12743K, paused 3ms+3ms
07-02 15:46:24.162 25420 25423 D dalvikvm: GC_CONCURRENT freed 476K, 9% free 11696K/12743K, paused 2ms+3ms
07-02 15:46:24.346 25420 25423 D dalvikvm: GC_CONCURRENT freed 568K, 7% free 11892K/12743K, paused 3ms+8ms
07-02 15:46:24.537 25420 25423 D dalvikvm: GC_CONCURRENT freed 954K, 9% free 11785K/12871K, paused 2ms+3ms
07-02 15:46:24.690 25420 25423 D dalvikvm: GC_CONCURRENT freed 1144K, 12% free 11446K/12871K, paused 3ms+2ms
07-02 15:46:28.904 25420 25441 I SyncService: sync service finished (15:46:28)
07-02 15:46:47.451    81   129 W AudioTrack: stepServer() could not lock cblk
07-02 15:46:52.713 24770 24771 D dalvikvm: GC_CONCURRENT freed 496K, 6% free 10390K/11015K, paused 2ms+169ms
07-02 15:46:52.885 25147 25150 D dalvikvm: GC_CONCURRENT freed 460K, 7% free 9940K/10631K, paused 1ms+2ms
07-02 15:47:07.373   145   145 D AlarmManagerService: Kernel timezone updated to 240 minutes west of GMT
07-02 15:47:07.385   345   345 D SystemClock: Setting time of day to sec=1341258428
07-02 15:47:08.159   145   162 I ActivityManager: Start proc com.android.calendar for broadcast com.android.calendar/.widget.CalendarAppWidgetService$CalendarFactory: pid=25453 uid=10005 gids={3003}
07-02 15:47:08.401   145   395 D dalvikvm: GC_EXPLICIT freed 1296K, 29% free 16776K/23367K, paused 8ms+17ms
07-02 15:47:08.561 25453 25453 I ActivityThread: Pub com.android.calendar.CalendarRecentSuggestionsProvider: com.android.calendar.CalendarRecentSuggestionsProvider
07-02 15:47:08.850   145 21614 I ActivityManager: Start proc com.android.deskclock for broadcast com.android.deskclock/.AlarmInitReceiver: pid=25469 uid=10011 gids={}
07-02 15:47:08.905   145  1150 I ActivityManager: Start proc com.android.providers.calendar for content provider com.android.providers.calendar/.CalendarProvider2: pid=25482 uid=10006 gids={3003, 1015}
07-02 15:47:08.956 25469 25469 I ActivityThread: Pub com.android.deskclock: com.android.deskclock.AlarmProvider
07-02 15:47:09.030 25482 25482 I ActivityThread: Pub com.android.calendar: com.android.providers.calendar.CalendarProvider2
07-02 15:47:09.120 25469 25493 V AlarmClock: AlarmInitReceiver finished
07-02 15:47:10.339 25482 25482 I CalendarProvider2: Sending notification intent: Intent { act=android.intent.action.PROVIDER_CHANGED dat=content://com.android.calendar }
07-02 15:47:10.346 25482 25482 W ContentResolver: Failed to get type for: content://com.android.calendar (Unknown URL content://com.android.calendar)
07-02 15:47:23.253    81   129 W AudioTrack: stepServer() could not lock cblk
07-02 15:47:52.647 25122 25137 I PhoneLab-: Service Running
07-02 15:47:52.721 25122 25137 I PhoneLab-LoggerService: app_37    1360  1     1436   996   c00f181c 400107b4 S logcat
07-02 15:47:52.725 25122 25137 I PhoneLab-LoggerService: Logcat pid from database 1360
07-02 15:47:52.725 25122 25137 I PhoneLab-LoggerService: Logcat process found 1360
07-02 15:47:52.725 25122 25137 I PhoneLab-LoggerService: Checking Threshold
07-02 15:47:52.725 25122 25137 I PhoneLab-LoggerService: Starting to rename files
07-02 15:47:52.725 25122 25137 I PhoneLab-LoggerService: Files found .. 2
07-02 15:48:33.100 23767 23768 D dalvikvm: GC_CONCURRENT freed 795K, 26% free 11793K/15815K, paused 2ms+12ms
07-02 15:48:33.577   216   218 D dalvikvm: GC_CONCURRENT freed 382K, 33% free 9703K/14343K, paused 3ms+3ms
07-02 15:48:43.022   145   147 D dalvikvm: GC_CONCURRENT freed 1925K, 29% free 16792K/23367K, paused 70ms+9ms
07-02 15:48:53.260 24770 24771 D dalvikvm: GC_CONCURRENT freed 510K, 6% free 10391K/11015K, paused 2ms+6ms
07-02 15:48:53.460 25147 25150 D dalvikvm: GC_CONCURRENT freed 479K, 7% free 9979K/10631K, paused 8ms+3ms
07-02 15:49:28.315 25327 25329 D dalvikvm: GC_CONCURRENT freed 583K, 13% free 11429K/13063K, paused 27ms+4ms
07-02 15:49:29.319   145   395 D AlarmManagerService: Kernel timezone updated to 240 minutes west of GMT
07-02 15:49:51.924 25122 25137 I PhoneLab-: Service Running
07-02 15:49:51.991 25122 25137 I PhoneLab-LoggerService: app_37    1360  1     1436   996   c00f181c 400107b4 S logcat
07-02 15:49:51.995 25122 25137 I PhoneLab-LoggerService: Logcat pid from database 1360
07-02 15:49:51.995 25122 25137 I PhoneLab-LoggerService: Logcat process found 1360
07-02 15:49:51.995 25122 25137 I PhoneLab-LoggerService: Checking Threshold
07-02 15:49:51.995 25122 25137 I PhoneLab-LoggerService: Starting to rename files
07-02 15:49:51.995 25122 25137 I PhoneLab-LoggerService: Files found .. 2
07-02 15:50:10.717   145   147 D dalvikvm: GC_CONCURRENT freed 1877K, 29% free 16806K/23367K, paused 3ms+9ms
07-02 15:50:15.089 25194 25535 D GetStringObjTask: retrieving from url = http://www.chess.com/api/get_move_status?id=y3ICtufzg6w7rQqcD3KFujVaIanpYba4bIpaeKElV1LNz3Sz4Fk9Yh5CeWaj8h4bQ2RY0CxFVgA%2ByBE5DE%2B1cAuw4i%2Bp2GVj5RbuDPEUotReGbS25iAukuBsuUd%2Fl5dp
07-02 15:50:15.862 25194 25535 D GetStringObjTask: WebRequest SERVER RESPONSE: Success+0
07-02 15:50:17.577   345   345 D SAN_SERVICE: *******************************************
07-02 15:50:17.577   345   345 D SAN_SERVICE: DM App Phone Service State - 0
07-02 15:50:17.577   345   345 D SAN_SERVICE: *******************************************
07-02 15:50:36.256 23783 23783 D dalvikvm: GC_FOR_ALLOC freed 732K, 8% free 11673K/12615K, paused 38ms
07-02 15:50:36.342 23783 23783 D dalvikvm: GC_FOR_ALLOC freed 105K, 5% free 12010K/12615K, paused 31ms
07-02 15:50:36.413 23783 23783 D dalvikvm: GC_FOR_ALLOC freed 348K, 8% free 12008K/12935K, paused 33ms
07-02 15:50:36.604 23767 23768 D dalvikvm: GC_CONCURRENT freed 778K, 25% free 11924K/15815K, paused 13ms+22ms
07-02 15:50:53.296 24770 24771 D dalvikvm: GC_CONCURRENT freed 514K, 6% free 10389K/11015K, paused 1ms+3ms
07-02 15:50:53.471 25147 25150 D dalvikvm: GC_CONCURRENT freed 510K, 7% free 9978K/10631K, paused 2ms+14ms
07-02 15:51:10.503 19717 19720 D dalvikvm: GC_CONCURRENT freed 383K, 7% free 10612K/11399K, paused 6ms+7ms
07-02 15:51:37.682   145  4009 D AlarmManagerService: Kernel timezone updated to 240 minutes west of GMT
07-02 15:51:37.698   345   345 D SAN_SERVICE: *******************************************
07-02 15:51:37.698   345   345 D SAN_SERVICE: DM App Phone Service State - 0
07-02 15:51:37.698   345   345 D SAN_SERVICE: *******************************************
07-02 15:51:51.924 25122 25137 I PhoneLab-: Service Running
07-02 15:51:52.128   145 22722 D dalvikvm: GC_EXPLICIT freed 469K, 29% free 16784K/23367K, paused 8ms+9ms
07-02 15:51:52.299 25122 25137 I PhoneLab-LoggerService: app_37    1360  1     1436   996   c00f181c 400107b4 S logcat
07-02 15:51:52.299 25122 25137 I PhoneLab-LoggerService: Logcat pid from database 1360
07-02 15:51:52.299 25122 25137 I PhoneLab-LoggerService: Logcat process found 1360
07-02 15:51:52.299 25122 25137 I PhoneLab-LoggerService: Checking Threshold
07-02 15:51:52.299 25122 25137 I PhoneLab-LoggerService: Starting to rename files
07-02 15:51:52.303 25122 25137 I PhoneLab-LoggerService: Files found .. 2
07-02 15:51:53.549 24770 24771 D dalvikvm: GC_CONCURRENT freed 498K, 6% free 10403K/11015K, paused 2ms+19ms
07-02 15:51:53.635 25147 25150 D dalvikvm: GC_CONCURRENT freed 430K, 7% free 9949K/10631K, paused 3ms+6ms
07-02 15:52:25.753 23767 23768 D dalvikvm: GC_CONCURRENT freed 983K, 26% free 11781K/15815K, paused 7ms+10ms
07-02 15:52:36.647 23783 23783 D dalvikvm: GC_FOR_ALLOC freed 384K, 8% free 12014K/12935K, paused 60ms
07-02 15:52:53.549 25147 25159 D dalvikvm: GC_EXPLICIT freed 73K, 7% free 9892K/10631K, paused 3ms+3ms
07-02 15:53:51.924 25122 25137 I PhoneLab-: Service Running
07-02 15:53:51.936 23767 23768 D dalvikvm: GC_CONCURRENT freed 824K, 26% free 11749K/15815K, paused 15ms+9ms
07-02 15:53:52.049 25122 25137 I PhoneLab-LoggerService: app_37    1360  1     1436   996   c00f181c 400107b4 S logcat
07-02 15:53:52.049 25122 25137 I PhoneLab-LoggerService: Logcat pid from database 1360
07-02 15:53:52.049 25122 25137 I PhoneLab-LoggerService: Logcat process found 1360
07-02 15:53:52.049 25122 25137 I PhoneLab-LoggerService: Checking Threshold
07-02 15:53:52.053 25122 25137 I PhoneLab-LoggerService: Starting to rename files
07-02 15:53:52.053 25122 25137 I PhoneLab-LoggerService: Files found .. 2
07-02 15:53:52.057 25122 25124 D dalvikvm: GC_CONCURRENT freed 393K, 6% free 9111K/9607K, paused 15ms+3ms
07-02 15:53:53.585 24770 24771 D dalvikvm: GC_CONCURRENT freed 504K, 6% free 10410K/11015K, paused 2ms+7ms
07-02 15:53:53.729 25147 25150 D dalvikvm: GC_CONCURRENT freed 445K, 7% free 9959K/10631K, paused 2ms+3ms
07-02 15:54:32.022 25327 25329 D dalvikvm: GC_CONCURRENT freed 620K, 13% free 11488K/13063K, paused 7ms+3ms
07-02 15:54:40.577 24114 24115 D dalvikvm: GC_CONCURRENT freed 337K, 7% free 9739K/10375K, paused 2ms+3ms
07-02 15:54:52.788 25122 25122 I PhoneLab-Locks: wake lock acquired
07-02 15:54:52.881 25122 25576 I PhoneLab-PeriodicCheckService: User info is synched
07-02 15:54:52.921 25122 25576 I PhoneLab-PeriodicCheckService: Logger Service is running
07-02 15:54:52.928 25122 25122 I PhoneLab-Locks: wake lock acquired
07-02 15:54:52.928 25122 25576 I PhoneLab-Locks: wake lock acquired
07-02 15:54:52.948 25122 25122 I PhoneLab-UploadLogs: Transfering log files now
07-02 15:54:52.948 25122 25576 I PhoneLab-PeriodicCheckService: Rescheduling periodic checking...
07-02 15:54:52.948 25122 25576 I PhoneLab-Locks: wake lock released
07-02 15:54:53.186 25122 25124 D dalvikvm: GC_CONCURRENT freed 448K, 6% free 9199K/9735K, paused 5ms+3ms
07-02 15:54:53.229 25122 25122 D dalvikvm: GC_FOR_ALLOC freed 1K, 6% free 9197K/9735K, paused 18ms
07-02 15:54:53.229 25122 25122 I dalvikvm-heap: Grow heap (frag case) to 9.168MB for 123476-byte allocation
07-02 15:54:53.284 25122 25122 D dalvikvm: GC_FOR_ALLOC freed 56K, 7% free 9261K/9863K, paused 21ms
07-02 15:54:53.284 25122 25122 I dalvikvm-heap: Grow heap (frag case) to 9.356MB for 254548-byte allocation
07-02 15:54:53.307 25122 25122 D dalvikvm: GC_FOR_ALLOC freed 120K, 8% free 9389K/10119K, paused 17ms
07-02 15:54:53.307 25122 25122 I dalvikvm-heap: Grow heap (frag case) to 9.731MB for 516692-byte allocation
07-02 15:54:53.335 25122 25124 D dalvikvm: GC_CONCURRENT freed 248K, 10% free 9645K/10631K, paused 2ms+2ms
07-02 15:54:53.366 25122 25122 I PhoneLab-UploadLogs: OnStartCommand
07-02 15:54:53.366 25122 25122 I PhoneLab-StatusMonitor: Status Monitoring is started
07-02 15:54:53.385 25122 25122 E PhoneLab-PhoneLabManifest: java.io.FileNotFoundException: /data/data/edu.buffalo.cse.phonelab.phonelabservices/files/manifest.xml: open failed: ENOENT (No such file or directory)
07-02 15:54:53.432 25122 25122 I PhoneLab-Locks: wake lock released
07-02 15:54:53.659 25122 25578 D dalvikvm: GC_FOR_ALLOC freed 393K, 10% free 9631K/10631K, paused 22ms
07-02 15:54:53.678 25122 25578 D dalvikvm: GC_FOR_ALLOC freed 301K, 10% free 9631K/10631K, paused 17ms
07-02 15:54:53.702 25122 25578 D dalvikvm: GC_FOR_ALLOC freed 301K, 10% free 9637K/10631K, paused 14ms
07-02 15:54:54.624 25122 25122 I PhoneLab-: 1341257361416.log is deleted
07-02 15:54:54.624 25122 25122 I PhoneLab-: Response: {"data": "done", "err": ""}
07-02 15:54:54.639 25122 25122 I PhoneLab-UploadLogs: No log files to transfer
07-02 15:54:54.643 25122 25122 I PhoneLab-Locks: wake lock released
07-02 15:55:00.417 23783 23783 D dalvikvm: GC_FOR_ALLOC freed 412K, 8% free 12011K/12935K, paused 47ms
07-02 15:55:00.475 23783 23783 D dalvikvm: GC_FOR_ALLOC freed 351K, 8% free 12008K/12935K, paused 32ms
07-02 15:55:00.526 23783 23783 D dalvikvm: GC_FOR_ALLOC freed 348K, 8% free 12007K/12935K, paused 30ms
07-02 15:55:00.585 23783 23783 D dalvikvm: GC_FOR_ALLOC freed 348K, 8% free 12006K/12935K, paused 27ms
07-02 15:55:00.651 23767 23768 D dalvikvm: GC_CONCURRENT freed 771K, 26% free 11781K/15815K, paused 2ms+8ms
07-02 15:55:03.397    81   129 D AudioHardware: AudioHardware pcm playback is going to standby.
07-02 15:55:03.397    81   129 D AudioHardware: closePcmOut_l() mPcmOpenCnt: 1
07-02 15:55:15.042 25194 25208 D GetStringObjTask: retrieving from url = http://www.chess.com/api/get_move_status?id=y3ICtufzg6w7rQqcD3KFujVaIanpYba4bIpaeKElV1LNz3Sz4Fk9Yh5CeWaj8h4bQ2RY0CxFVgA%2ByBE5DE%2B1cAuw4i%2Bp2GVj5RbuDPEUotReGbS25iAukuBsuUd%2Fl5dp
07-02 15:55:15.628 25194 25208 D GetStringObjTask: WebRequest SERVER RESPONSE: Success+0
07-02 15:55:16.221   145   361 D AlarmManagerService: Kernel timezone updated to 240 minutes west of GMT
07-02 15:55:31.717   145  9966 D AlarmManagerService: Kernel timezone updated to 240 minutes west of GMT
07-02 15:55:38.725   145  4009 D AlarmManagerService: Kernel timezone updated to 240 minutes west of GMT
07-02 15:55:51.924 25122 25137 I PhoneLab-: Service Running
07-02 15:55:52.018 25122 25137 I PhoneLab-LoggerService: app_37    1360  1     1436   996   c00f181c 400107b4 S logcat
07-02 15:55:52.018 25122 25137 I PhoneLab-LoggerService: Logcat pid from database 1360
07-02 15:55:52.018 25122 25137 I PhoneLab-LoggerService: Logcat process found 1360
07-02 15:55:52.018 25122 25137 I PhoneLab-LoggerService: Checking Threshold
07-02 15:55:52.467   145   147 D dalvikvm: GC_CONCURRENT freed 1779K, 28% free 16826K/23367K, paused 9ms+9ms
07-02 15:55:53.682 24770 24771 D dalvikvm: GC_CONCURRENT freed 514K, 6% free 10408K/11015K, paused 1ms+4ms
07-02 15:55:53.768 19717 19878 D dalvikvm: GC_EXPLICIT freed 220K, 8% free 10563K/11399K, paused 6ms+4ms
07-02 15:55:53.874 25147 25150 D dalvikvm: GC_CONCURRENT freed 495K, 7% free 9959K/10631K, paused 3ms+6ms
07-02 15:55:54.456   345   345 D SAN_SERVICE: *******************************************
07-02 15:55:54.460   345   345 D SAN_SERVICE: DM App Phone Service State - 0
07-02 15:55:54.460   345   345 D SAN_SERVICE: *******************************************
07-02 15:55:54.749   145   395 D AlarmManagerService: Kernel timezone updated to 240 minutes west of GMT
07-02 15:55:55.733   145   310 D AlarmManagerService: Kernel timezone updated to 240 minutes west of GMT
07-02 15:56:00.780   145   348 D AlarmManagerService: Kernel timezone updated to 240 minutes west of GMT
07-02 15:56:01.018   345   345 D SAN_SERVICE: *******************************************
07-02 15:56:01.018   345   345 D SAN_SERVICE: DM App Phone Service State - 0
07-02 15:56:01.018   345   345 D SAN_SERVICE: *******************************************
07-02 15:56:01.780   345   345 D SAN_SERVICE: *******************************************
07-02 15:56:01.780   345   345 D SAN_SERVICE: DM App Phone Service State - 0
07-02 15:56:01.780   345   345 D SAN_SERVICE: *******************************************
07-02 15:56:03.741   145   329 D AlarmManagerService: Kernel timezone updated to 240 minutes west of GMT
07-02 15:56:05.764   145 28236 D AlarmManagerService: Kernel timezone updated to 240 minutes west of GMT
07-02 15:56:34.077   145  1150 D dalvikvm: GC_EXPLICIT freed 388K, 29% free 16793K/23367K, paused 36ms+7ms
07-02 15:56:52.413 24770 24790 D dalvikvm: GC_EXPLICIT freed 209K, 6% free 10403K/11015K, paused 18ms+3ms
07-02 15:56:53.874 25147 25150 D dalvikvm: GC_CONCURRENT freed 449K, 7% free 9938K/10631K, paused 2ms+3ms
07-02 15:56:59.417 23767 23768 D dalvikvm: GC_CONCURRENT freed 784K, 26% free 11790K/15815K, paused 4ms+11ms
07-02 15:56:59.542 25327 25329 D dalvikvm: GC_CONCURRENT freed 727K, 13% free 11455K/13063K, paused 2ms+3ms
07-02 15:57:00.444   145 22722 I AudioService:  AudioFocus  abandonAudioFocus() from android.media.AudioManager@4136b190com.spotify.mobile.android.service.s@41373418
07-02 15:57:06.975   345   345 D SAN_SERVICE: *******************************************
07-02 15:57:06.975   345   345 D SAN_SERVICE: DM App Phone Service State - 0
07-02 15:57:06.975   345   345 D SAN_SERVICE: *******************************************
07-02 15:57:07.038   345   347 D dalvikvm: GC_CONCURRENT freed 938K, 13% free 12206K/13895K, paused 4ms+3ms
07-02 15:57:07.202   145  4009 D AlarmManagerService: Kernel timezone updated to 240 minutes west of GMT
07-02 15:57:07.214   345   345 D SAN_SERVICE: *******************************************
07-02 15:57:07.214   345   345 D SAN_SERVICE: DM App Phone Service State - 0
07-02 15:57:07.214   345   345 D SAN_SERVICE: *******************************************
07-02 15:57:17.233   145   157 D AlarmManagerService: Kernel timezone updated to 240 minutes west of GMT
07-02 15:57:17.237   345   345 D SystemClock: Setting time of day to sec=1341259037
07-02 15:57:17.138 25469 25493 V AlarmClock: AlarmInitReceiver finished
07-02 15:57:17.255 25482 25484 D dalvikvm: GC_CONCURRENT freed 327K, 5% free 9144K/9607K, paused 30ms+2ms
07-02 15:57:18.036   145  1150 D AlarmManagerService: Kernel timezone updated to 240 minutes west of GMT
07-02 15:57:22.360   345   345 D SAN_SERVICE: *******************************************
07-02 15:57:22.364   345   345 D SAN_SERVICE: DM App Phone Service State - 0
07-02 15:57:22.364   345   345 D SAN_SERVICE: *******************************************
07-02 15:57:23.060   145  1149 D AlarmManagerService: Kernel timezone updated to 240 minutes west of GMT
07-02 15:57:32.083   145   145 D AlarmManagerService: Kernel timezone updated to 240 minutes west of GMT
07-02 15:57:33.083   145   361 D AlarmManagerService: Kernel timezone updated to 240 minutes west of GMT
07-02 15:57:37.024   345   345 D SAN_SERVICE: *******************************************
07-02 15:57:37.024   345   345 D SAN_SERVICE: DM App Phone Service State - 0
07-02 15:57:37.024   345   345 D SAN_SERVICE: *******************************************
07-02 15:57:37.118   145  9966 D AlarmManagerService: Kernel timezone updated to 240 minutes west of GMT
07-02 15:57:39.091   145   396 D AlarmManagerService: Kernel timezone updated to 240 minutes west of GMT
07-02 15:57:44.106   145  1150 D AlarmManagerService: Kernel timezone updated to 240 minutes west of GMT
07-02 15:57:44.353   345   345 D SAN_SERVICE: *******************************************
07-02 15:57:44.353   345   345 D SAN_SERVICE: DM App Phone Service State - 0
07-02 15:57:44.353   345   345 D SAN_SERVICE: *******************************************
07-02 15:57:45.110   345   345 D SAN_SERVICE: *******************************************
07-02 15:57:45.110   345   345 D SAN_SERVICE: DM App Phone Service State - 0
07-02 15:57:45.110   345   345 D SAN_SERVICE: *******************************************
07-02 15:57:47.118   345   345 D SAN_SERVICE: *******************************************
07-02 15:57:47.118   345   345 D SAN_SERVICE: DM App Phone Service State - 0
07-02 15:57:47.118   345   345 D SAN_SERVICE: *******************************************
07-02 15:57:49.708   345   345 D SAN_SERVICE: *******************************************
07-02 15:57:49.708   345   345 D SAN_SERVICE: DM App Phone Service State - 0
07-02 15:57:49.708   345   345 D SAN_SERVICE: *******************************************
07-02 15:57:49.821   345   345 D SAN_SERVICE: *******************************************
07-02 15:57:49.825   345   345 D SAN_SERVICE: DM App Phone Service State - 0
07-02 15:57:49.825   345   345 D SAN_SERVICE: *******************************************
07-02 15:57:50.181   145   396 D AlarmManagerService: Kernel timezone updated to 240 minutes west of GMT
07-02 15:57:50.189   345   345 D SAN_SERVICE: *******************************************
07-02 15:57:50.189   345   345 D SAN_SERVICE: DM App Phone Service State - 0
07-02 15:57:50.189   345   345 D SAN_SERVICE: *******************************************
07-02 15:57:51.927 25122 25137 I PhoneLab-: Service Running
07-02 15:57:52.052 25122 25124 D dalvikvm: GC_CONCURRENT freed 888K, 14% free 9166K/10631K, paused 2ms+4ms
07-02 15:57:52.060 25122 25137 I PhoneLab-LoggerService: app_37    1360  1     1436   996   c00f181c 400107b4 S logcat
07-02 15:57:52.071 25122 25137 I PhoneLab-LoggerService: Logcat pid from database 1360
07-02 15:57:52.071 25122 25137 I PhoneLab-LoggerService: Logcat process found 1360
07-02 15:57:52.071 25122 25137 I PhoneLab-LoggerService: Checking Threshold
07-02 15:57:53.626 24770 24771 D dalvikvm: GC_CONCURRENT freed 503K, 6% free 10411K/11015K, paused 3ms+3ms
07-02 15:58:51.403   145   157 D AlarmManagerService: Kernel timezone updated to 240 minutes west of GMT
07-02 15:58:52.122   345   345 D SAN_SERVICE: *******************************************
07-02 15:58:52.122   345   345 D SAN_SERVICE: DM App Phone Service State - 0
07-02 15:58:52.122   345   345 D SAN_SERVICE: *******************************************
07-02 15:58:52.337   145   157 D AlarmManagerService: Kernel timezone updated to 240 minutes west of GMT
07-02 15:58:52.353   345   345 D SAN_SERVICE: *******************************************
07-02 15:58:52.353   345   345 D SAN_SERVICE: DM App Phone Service State - 0
07-02 15:58:52.353   345   345 D SAN_SERVICE: *******************************************
07-02 15:58:53.747 25147 25150 D dalvikvm: GC_CONCURRENT freed 474K, 7% free 9974K/10631K, paused 2ms+3ms
07-02 15:59:01.399   145 22722 D AlarmManagerService: Kernel timezone updated to 240 minutes west of GMT
07-02 15:59:09.833 23767 23768 D dalvikvm: GC_CONCURRENT freed 790K, 26% free 11795K/15815K, paused 9ms+9ms
07-02 15:59:51.923 25122 25137 I PhoneLab-: Service Running
07-02 15:59:52.024 25122 25137 I PhoneLab-LoggerService: app_37    1360  1     1436   996   c00f181c 400107b4 S logcat
07-02 15:59:52.024 25122 25137 I PhoneLab-LoggerService: Logcat pid from database 1360
07-02 15:59:52.028 25122 25137 I PhoneLab-LoggerService: Logcat process found 1360
07-02 15:59:52.028 25122 25137 I PhoneLab-LoggerService: Checking Threshold
07-02 15:59:52.329   145   162 I ActivityManager: No longer want com.xabber.androiddev (pid 24806): hidden #16
07-02 15:59:52.384   145   396 I ActivityManager: No longer want com.google.android.apps.googlevoice (pid 24824): hidden #16
07-02 15:59:52.384   145   396 I ActivityManager: No longer want com.google.android.apps.maps:NetworkLocationService (pid 24770): hidden #17
07-02 15:59:52.403   145  9966 W ActivityManager: Scheduling restart of crashed service com.xabber.androiddev/com.xabber.android.service.XMPPService in 5000ms
07-02 15:59:52.415   145   348 W ActivityManager: Scheduling restart of crashed service com.google.android.apps.googlevoice/.CallLogService in 14990ms
07-02 15:59:52.415   145   348 W ActivityManager: Scheduling restart of crashed service com.google.android.apps.googlevoice/.UpdateService in 24990ms
07-02 15:59:52.415   145   348 W ActivityManager: Scheduling restart of crashed service com.google.android.apps.googlevoice/.ShadowNumberRefreshService in 34990ms
07-02 15:59:52.423   145 22722 W ActivityManager: Scheduling restart of crashed service com.google.android.apps.maps/com.google.android.location.internal.server.NetworkLocationService in 44981ms
07-02 15:59:57.419 25623 25623 D dalvikvm: Late-enabling CheckJNI
07-02 15:59:57.423   145   162 I ActivityManager: Start proc com.xabber.androiddev for service com.xabber.androiddev/com.xabber.android.service.XMPPService: pid=25623 uid=10063 gids={3003, 1015}
07-02 15:59:57.454 25623 25623 I dalvikvm: Turning on JNI app bug workarounds for target SDK version 9...
07-02 15:59:57.837 25623 25625 D dalvikvm: GC_CONCURRENT freed 223K, 4% free 9313K/9607K, paused 10ms+2ms
07-02 15:59:57.872 25623 25623 D dalvikvm: GC_FOR_ALLOC freed 305K, 6% free 9427K/9927K, paused 20ms
07-02 15:59:58.009 25623 25625 D dalvikvm: GC_CONCURRENT freed 189K, 3% free 9776K/10055K, paused 5ms+11ms
07-02 15:59:58.138 25623 25625 D dalvikvm: GC_CONCURRENT freed 429K, 5% free 9875K/10375K, paused 2ms+3ms
07-02 15:59:58.239 25623 25623 I com.xabber.android.service.XMPPService@41344480: onCreate
07-02 15:59:58.243 25623 25623 I com.xabber.android.data.Application@41370a00: onStart
07-02 15:59:58.255 25623 25637 I com.xabber.android.data.LogManager@41373660: onLoad
07-02 15:59:58.411 25623 25625 D dalvikvm: GC_CONCURRENT freed 171K, 3% free 10140K/10439K, paused 2ms+3ms
07-02 15:59:59.544 25623 25625 D dalvikvm: GC_CONCURRENT freed 270K, 4% free 10297K/10695K, paused 3ms+2ms
07-02 16:00:07.485   145   162 I ActivityManager: Start proc com.google.android.apps.googlevoice for service com.google.android.apps.googlevoice/.CallLogService: pid=25641 uid=10054 gids={3003, 1015}
07-02 16:00:07.544    79    79 D dalvikvm: GC_EXPLICIT freed 37K, 4% free 9031K/9347K, paused 2ms+5ms
07-02 16:00:07.575    79    79 D dalvikvm: GC_EXPLICIT freed <1K, 4% free 9031K/9347K, paused 3ms+3ms
07-02 16:00:07.634    79    79 D dalvikvm: GC_EXPLICIT freed <1K, 4% free 9031K/9347K, paused 3ms+5ms
07-02 16:00:07.939 25641 25644 D dalvikvm: GC_CONCURRENT freed 299K, 4% free 9230K/9607K, paused 17ms+2ms
07-02 16:00:15.048 25194 25245 D GetStringObjTask: retrieving from url = http://www.chess.com/api/get_move_status?id=y3ICtufzg6w7rQqcD3KFujVaIanpYba4bIpaeKElV1LNz3Sz4Fk9Yh5CeWaj8h4bQ2RY0CxFVgA%2ByBE5DE%2B1cAuw4i%2Bp2GVj5RbuDPEUotReGbS25iAukuBsuUd%2Fl5dp
07-02 16:00:15.634 25194 25245 D GetStringObjTask: WebRequest SERVER RESPONSE: Success+0
07-02 16:00:17.267   145   395 D AlarmManagerService: Kernel timezone updated to 240 minutes west of GMT
07-02 16:00:17.665 25641 25644 D dalvikvm: GC_CONCURRENT freed 344K, 5% free 9447K/9863K, paused 2ms+2ms
07-02 16:00:17.673 25641 25650 W CursorWrapperInner: Cursor finalized without prior close()
07-02 16:00:17.673 25641 25650 W CursorWrapperInner: Cursor finalized without prior close()
07-02 16:00:17.673 25641 25650 W CursorWrapperInner: Cursor finalized without prior close()
07-02 16:00:18.048 25641 25644 D dalvikvm: GC_CONCURRENT freed 346K, 5% free 9636K/10055K, paused 2ms+6ms
07-02 16:00:18.192   145   396 D dalvikvm: GC_EXPLICIT freed 1539K, 28% free 16883K/23367K, paused 4ms+37ms
07-02 16:00:18.360 24114 24115 D dalvikvm: GC_CONCURRENT freed 388K, 6% free 9854K/10375K, paused 8ms+12ms
07-02 16:00:18.427 24114 24847 D dalvikvm: GC_EXPLICIT freed 113K, 7% free 9748K/10375K, paused 3ms+4ms
07-02 16:00:18.657 25641 25644 D dalvikvm: GC_CONCURRENT freed 295K, 5% free 9826K/10247K, paused 4ms+3ms
07-02 16:00:20.950   345   345 D SAN_SERVICE: *******************************************
07-02 16:00:20.950   345   345 D SAN_SERVICE: DM App Phone Service State - 0
07-02 16:00:20.950   345   345 D SAN_SERVICE: *******************************************
07-02 16:00:21.282   145  1150 D AlarmManagerService: Kernel timezone updated to 240 minutes west of GMT
07-02 16:00:22.263   145   157 D AlarmManagerService: Kernel timezone updated to 240 minutes west of GMT
07-02 16:00:25.544   345   345 D SAN_SERVICE: *******************************************
07-02 16:00:25.544   345   345 D SAN_SERVICE: DM App Phone Service State - 0
07-02 16:00:25.544   345   345 D SAN_SERVICE: *******************************************
07-02 16:00:27.489 25641 25656 W System.err: com.google.android.apps.googlevoice.net.VoiceServiceException: Voice service failed [INVALID_AUTH_TOKEN]
07-02 16:00:27.489 25641 25656 W System.err: 	at com.google.android.apps.googlevoice.net.masf.MASFVoiceService.checkCredentials(MASFVoiceService.java:107)
07-02 16:00:27.489 25641 25656 W System.err: 	at com.google.android.apps.googlevoice.net.masf.MASFVoiceService.getAuthToken(MASFVoiceService.java:95)
07-02 16:00:27.489 25641 25656 W System.err: 	at com.google.android.apps.googlevoice.net.masf.MASFGetBackendInfoRpc.createRequestPayload(MASFGetBackendInfoRpc.java:34)
07-02 16:00:27.489 25641 25656 W System.err: 	at com.google.android.apps.googlevoice.net.masf.MASFApiRpc.requestSubmit(MASFApiRpc.java:160)
07-02 16:00:27.489 25641 25656 W System.err: 	at com.google.android.apps.googlevoice.net.masf.MASFApiRpc.run(MASFApiRpc.java:141)
07-02 16:00:27.493 25641 25656 W System.err: 	at com.googlex.common.task.AbstractTask.run(Unknown Source)
07-02 16:00:27.493 25641 25656 W System.err: 	at com.googlex.common.task.AbstractTask.runInternal(Unknown Source)
07-02 16:00:27.493 25641 25656 W System.err: 	at com.googlex.common.task.TaskRunner.run(Unknown Source)
07-02 16:00:27.493 25641 25656 W System.err: 	at com.googlex.common.lang.BaseThreadFactory$ThreadImpl.run(Unknown Source)
07-02 16:00:27.501 25641 25656 E GoogleVoice: ShadowNumberRefreshService: Failed to get backend info!
07-02 16:00:27.501 25641 25656 E GoogleVoice: com.google.android.apps.googlevoice.net.VoiceServiceException: Voice service failed [INVALID_AUTH_TOKEN]
07-02 16:00:27.501 25641 25656 E GoogleVoice: 	at com.google.android.apps.googlevoice.net.masf.MASFVoiceService.checkCredentials(MASFVoiceService.java:107)
07-02 16:00:27.501 25641 25656 E GoogleVoice: 	at com.google.android.apps.googlevoice.net.masf.MASFVoiceService.getAuthToken(MASFVoiceService.java:95)
07-02 16:00:27.501 25641 25656 E GoogleVoice: 	at com.google.android.apps.googlevoice.net.masf.MASFGetBackendInfoRpc.createRequestPayload(MASFGetBackendInfoRpc.java:34)
07-02 16:00:27.501 25641 25656 E GoogleVoice: 	at com.google.android.apps.googlevoice.net.masf.MASFApiRpc.requestSubmit(MASFApiRpc.java:160)
07-02 16:00:27.501 25641 25656 E GoogleVoice: 	at com.google.android.apps.googlevoice.net.masf.MASFApiRpc.run(MASFApiRpc.java:141)
07-02 16:00:27.501 25641 25656 E GoogleVoice: 	at com.googlex.common.task.AbstractTask.run(Unknown Source)
07-02 16:00:27.501 25641 25656 E GoogleVoice: 	at com.googlex.common.task.AbstractTask.runInternal(Unknown Source)
07-02 16:00:27.501 25641 25656 E GoogleVoice: 	at com.googlex.common.task.TaskRunner.run(Unknown Source)
07-02 16:00:27.501 25641 25656 E GoogleVoice: 	at com.googlex.common.lang.BaseThreadFactory$ThreadImpl.run(Unknown Source)
07-02 16:00:37.481   145   162 I ActivityManager: Start proc com.google.android.apps.maps:NetworkLocationService for service com.google.android.apps.maps/com.google.android.location.internal.server.NetworkLocationService: pid=25666 uid=10056 gids={3003, 1015}
07-02 16:00:37.661 25666 25668 D dalvikvm: GC_CONCURRENT freed 153K, 3% free 9382K/9607K, paused 2ms+2ms
07-02 16:00:38.251 25666 25668 D dalvikvm: GC_CONCURRENT freed 152K, 3% free 9676K/9927K, paused 2ms+3ms
07-02 16:00:38.606 25666 25668 D dalvikvm: GC_CONCURRENT freed 170K, 3% free 10069K/10311K, paused 5ms+3ms
07-02 16:00:38.825 25666 25668 D dalvikvm: GC_CONCURRENT freed 668K, 8% free 9887K/10631K, paused 2ms+2ms
07-02 16:00:38.939   145   162 I ActivityManager: Start proc com.google.android.apps.maps:FriendService for broadcast com.google.android.apps.maps/com.google.googlenav.friend.android.ServiceReceiver: pid=25687 uid=10056 gids={3003, 1015}
07-02 16:00:39.091 25687 25690 D dalvikvm: GC_CONCURRENT freed 156K, 3% free 9380K/9607K, paused 2ms+5ms
07-02 16:00:39.298 25687 25690 D dalvikvm: GC_CONCURRENT freed 179K, 3% free 9662K/9927K, paused 1ms+2ms
07-02 16:00:39.470 25666 25673 I dalvikvm: Total arena pages for JIT: 11
07-02 16:00:39.478 25666 25673 I dalvikvm: Total arena pages for JIT: 12
07-02 16:00:39.478 25666 25673 I dalvikvm: Total arena pages for JIT: 13
07-02 16:00:39.481 25666 25673 I dalvikvm: Total arena pages for JIT: 14
07-02 16:00:39.481 25666 25673 I dalvikvm: Total arena pages for JIT: 15
07-02 16:00:39.481 25666 25673 I dalvikvm: Total arena pages for JIT: 16
07-02 16:00:39.485 25666 25673 I dalvikvm: Total arena pages for JIT: 17
07-02 16:00:39.587 25666 25673 I dalvikvm: Total arena pages for JIT: 18
07-02 16:00:39.716 25666 25668 D dalvikvm: GC_CONCURRENT freed 204K, 5% free 10169K/10631K, paused 2ms+4ms
07-02 16:00:40.192 25666 25668 D dalvikvm: GC_CONCURRENT freed 417K, 5% free 10190K/10695K, paused 2ms+2ms
07-02 16:00:41.345 25147 25150 D dalvikvm: GC_CONCURRENT freed 443K, 7% free 9960K/10631K, paused 2ms+2ms
07-02 16:01:16.060   145   395 D AlarmManagerService: Kernel timezone updated to 240 minutes west of GMT
07-02 16:01:21.192 23767 23768 D dalvikvm: GC_CONCURRENT freed 797K, 26% free 11795K/15815K, paused 26ms+10ms
07-02 16:01:41.665 25666 25668 D dalvikvm: GC_CONCURRENT freed 520K, 6% free 10220K/10823K, paused 1ms+5ms
07-02 16:01:51.935 25122 25137 I PhoneLab-: Service Running
07-02 16:01:52.024 25122 25137 I PhoneLab-LoggerService: app_37    1360  1     1436   996   c00f181c 400107b4 S logcat
07-02 16:01:52.024 25122 25137 I PhoneLab-LoggerService: Logcat pid from database 1360
07-02 16:01:52.024 25122 25137 I PhoneLab-LoggerService: Logcat process found 1360
07-02 16:01:52.024 25122 25137 I PhoneLab-LoggerService: Checking Threshold
07-02 16:01:58.411   145  9966 D AlarmManagerService: Kernel timezone updated to 240 minutes west of GMT
07-02 16:02:02.720 25327 25329 D dalvikvm: GC_CONCURRENT freed 680K, 13% free 11492K/13063K, paused 18ms+4ms
07-02 16:02:29.126   145   361 D AlarmManagerService: Kernel timezone updated to 240 minutes west of GMT
07-02 16:02:31.267   145   181 I ActivityManager: START {act=android.intent.action.MAIN cat=[android.intent.category.HOME] flg=0x10200000 cmp=com.android.launcher/com.android.launcher2.Launcher} from pid 145
07-02 16:02:31.618   145   181 I ActivityManager: START {act=android.intent.action.MAIN cat=[android.intent.category.HOME] flg=0x10200000 cmp=com.android.launcher/com.android.launcher2.Launcher} from pid 145
07-02 16:02:31.810 23767 23767 D OpenGLRenderer: Flushing caches (mode 0)
07-02 16:02:31.864   145   365 W InputManagerService: Starting input on non-focused client com.android.internal.view.IInputMethodClient$Stub$Proxy@41850de0 (uid=10055 pid=23767)
07-02 16:02:31.974   145   181 I ActivityManager: START {act=android.intent.action.MAIN cat=[android.intent.category.HOME] flg=0x10200000 cmp=com.android.launcher/com.android.launcher2.Launcher} from pid 145
07-02 16:02:32.774   145   173 I power   : *** set_screen_state 0
07-02 16:02:32.833    78   121 D SurfaceFlinger: About to give-up screen, flinger = 0x457918
07-02 16:02:32.989   145   177 V TransportControlView: Create TCV com.android.internal.widget.TransportControlView@417d1110
07-02 16:02:32.993   362   479 D NfcService: NFC-C OFF, disconnect
07-02 16:02:33.067   216   216 D PhoneStatusBar: disable: < expand icons alerts ticker system_info back home RECENT* clock >
07-02 16:02:33.146   216   216 D PhoneStatusBar: disable: < expand icons alerts ticker system_info BACK* HOME* RECENT CLOCK* >
07-02 16:02:33.185   145   157 I ActivityManager: No longer want com.android.sprintmenu (pid 24902): hidden #16
07-02 16:02:33.192   145   365 W ActivityManager: Scheduling restart of crashed service com.android.sprintmenu/.HiddenPhoneService in 5000ms
07-02 16:02:33.235 23767 23767 D OpenGLRenderer: Flushing caches (mode 1)
07-02 16:02:33.470   145   147 D dalvikvm: GC_CONCURRENT freed 1203K, 25% free 17573K/23367K, paused 3ms+7ms
07-02 16:02:38.259   145   162 I ActivityManager: Start proc com.android.sprintmenu for service com.android.sprintmenu/.HiddenPhoneService: pid=25712 uid=1001 gids={3002, 3001, 3003, 1015}
07-02 16:02:41.610 25147 25150 D dalvikvm: GC_CONCURRENT freed 494K, 7% free 9961K/10631K, paused 2ms+4ms
07-02 16:03:03.153   145   396 D dalvikvm: GC_EXPLICIT freed 226K, 26% free 17504K/23367K, paused 31ms+7ms
07-02 16:03:41.610 25666 25668 D dalvikvm: GC_CONCURRENT freed 507K, 6% free 10224K/10823K, paused 1ms+3ms
07-02 16:03:41.649   145   157 I ActivityManager: Process com.google.android.apps.maps (pid 24964) has died.
07-02 16:03:41.649   145   157 W ActivityManager: Scheduling restart of crashed service com.google.android.apps.maps/com.google.googlenav.prefetch.android.PrefetcherService in 5000ms
07-02 16:03:46.728   145   162 I ActivityManager: Start proc com.google.android.apps.maps for service com.google.android.apps.maps/com.google.googlenav.prefetch.android.PrefetcherService: pid=25732 uid=10056 gids={3003, 1015}
07-02 16:03:46.860 25732 25734 D dalvikvm: GC_CONCURRENT freed 157K, 3% free 9379K/9607K, paused 1ms+2ms
07-02 16:03:46.927 25732 25732 I ActivityThread: Pub com.google.android.maps.SearchHistoryProvider: com.google.googlenav.provider.SearchHistoryProvider
07-02 16:03:46.974 25732 25732 I ActivityThread: Pub com.google.android.maps.SuggestionProvider: com.google.googlenav.suggest.android.SuggestContentProvider
07-02 16:03:47.005 25732 25732 I ActivityThread: Pub com.google.android.maps.LayerInfoProvider: com.google.googlenav.layer.LayerInfoProvider
07-02 16:03:47.056 25732 25732 I ActivityThread: Pub com.google.android.maps.TrafficAppWidgetProvider: com.google.googlenav.appwidget.traffic.TrafficAppWidgetProvider
07-02 16:03:47.064 25732 25732 I ActivityThread: Pub com.google.android.maps.LocalActivePlacesProvider: com.google.googlenav.provider.LocalActivePlacesProvider
07-02 16:03:47.071 25732 25732 I ActivityThread: Pub com.google.android.maps.StarredItemProvider: com.google.googlenav.provider.StarredItemProvider
07-02 16:03:47.239 25732 25734 D dalvikvm: GC_CONCURRENT freed 225K, 4% free 9679K/9991K, paused 6ms+8ms
07-02 16:03:47.321   145   145 I ActivityManager: Process com.whatsapp (pid 24999) has died.
07-02 16:03:47.321   145   145 W ActivityManager: Scheduling restart of crashed service com.whatsapp/.messaging.MessageService in 5000ms
07-02 16:03:47.396 25732 25732 I ActivityThread: Pub com.google.android.maps.LocalSuggestionProvider: com.google.googlenav.provider.LocalSuggestionProvider
07-02 16:03:47.396 25732 25732 I ActivityThread: Pub com.google.android.maps.NavigationAvailabilityProvider: com.google.googlenav.provider.NavigationAvailabilityProvider
07-02 16:03:47.485 25732 25734 D dalvikvm: GC_CONCURRENT freed 249K, 4% free 9979K/10311K, paused 2ms+3ms
07-02 16:03:47.513 25732 25748 D dalvikvm: GC_FOR_ALLOC freed 18K, 4% free 10160K/10567K, paused 22ms
07-02 16:03:47.513 25732 25748 I dalvikvm-heap: Grow heap (frag case) to 10.186MB for 204816-byte allocation
07-02 16:03:47.544 25732 25751 D dalvikvm: GC_FOR_ALLOC freed 0K, 5% free 10360K/10823K, paused 19ms
07-02 16:03:47.634   145  9966 I ActivityManager: Process android.process.media (pid 25281) has died.
07-02 16:03:47.685 25732 25758 D dalvikvm: GC_FOR_ALLOC freed 151K, 4% free 10478K/10823K, paused 24ms
07-02 16:03:47.716 25732 25757 D dalvikvm: GC_FOR_ALLOC freed 23K, 4% free 10674K/11079K, paused 18ms
07-02 16:03:51.927 25122 25137 I PhoneLab-: Service Running
07-02 16:03:52.017 25122 25137 I PhoneLab-LoggerService: app_37    1360  1     1436   996   c00f181c 400107b4 S logcat
07-02 16:03:52.017 25122 25137 I PhoneLab-LoggerService: Logcat pid from database 1360
07-02 16:03:52.021 25122 25137 I PhoneLab-LoggerService: Logcat process found 1360
07-02 16:03:52.021 25122 25137 I PhoneLab-LoggerService: Checking Threshold
07-02 16:03:52.396   145   162 I ActivityManager: Start proc com.whatsapp for service com.whatsapp/.messaging.MessageService: pid=25766 uid=10068 gids={1015, 3003}
07-02 16:03:52.403 25766 25766 I dalvikvm: Turning on JNI app bug workarounds for target SDK version 7...
07-02 16:03:52.638 25766 25769 D dalvikvm: GC_CONCURRENT freed 168K, 3% free 9367K/9607K, paused 2ms+5ms
07-02 16:03:52.802   145   157 I ActivityManager: Process com.google.android.apps.currents (pid 25420) has died.
07-02 16:03:53.251 25766 25769 D dalvikvm: GC_CONCURRENT freed 274K, 4% free 9622K/9991K, paused 2ms+2ms
07-02 16:03:53.493 25766 25766 I dalvikvm: Could not find method android.media.MediaMetadataRetriever.captureFrame, referenced from method com.whatsapp.q3.a
07-02 16:03:53.493 25766 25766 W dalvikvm: VFY: unable to resolve virtual method 501: Landroid/media/MediaMetadataRetriever;.captureFrame ()Landroid/graphics/Bitmap;
07-02 16:03:53.493 25766 25766 D dalvikvm: VFY: replacing opcode 0x6e at 0x0134
07-02 16:03:53.673 25766 25769 D dalvikvm: GC_CONCURRENT freed 327K, 5% free 9805K/10247K, paused 2ms+2ms
07-02 16:03:53.790 25766 25769 D dalvikvm: GC_CONCURRENT freed 281K, 4% free 9966K/10375K, paused 2ms+4ms
07-02 16:03:56.403 25766 25769 D dalvikvm: GC_CONCURRENT freed 546K, 6% free 9877K/10503K, paused 2ms+4ms
07-02 16:03:58.431   145  1150 D AlarmManagerService: Kernel timezone updated to 240 minutes west of GMT
07-02 16:04:06.497   145   161 V BackupManagerService: Running a backup pass
07-02 16:04:06.509   145   215 V BackupManagerService: Backup requested but nothing pending
07-02 16:04:41.716 25147 25150 D dalvikvm: GC_CONCURRENT freed 471K, 7% free 9985K/10631K, paused 2ms+3ms
07-02 16:05:15.052 25194 25373 D GetStringObjTask: retrieving from url = http://www.chess.com/api/get_move_status?id=y3ICtufzg6w7rQqcD3KFujVaIanpYba4bIpaeKElV1LNz3Sz4Fk9Yh5CeWaj8h4bQ2RY0CxFVgA%2ByBE5DE%2B1cAuw4i%2Bp2GVj5RbuDPEUotReGbS25iAukuBsuUd%2Fl5dp
07-02 16:05:15.728 25194 25373 D GetStringObjTask: WebRequest SERVER RESPONSE: Success+0
07-02 16:05:41.704 25666 25668 D dalvikvm: GC_CONCURRENT freed 509K, 6% free 10227K/10823K, paused 2ms+2ms
07-02 16:05:41.825 25147 25150 D dalvikvm: GC_CONCURRENT freed 443K, 7% free 9955K/10631K, paused 2ms+2ms
07-02 16:05:51.927 25122 25137 I PhoneLab-: Service Running
07-02 16:05:52.001 25122 25137 I PhoneLab-LoggerService: app_37    1360  1     1436   996   c00f181c 400107b4 S logcat
07-02 16:05:52.001 25122 25137 I PhoneLab-LoggerService: Logcat pid from database 1360
07-02 16:05:52.005 25122 25137 I PhoneLab-LoggerService: Logcat process found 1360
07-02 16:05:52.005 25122 25137 I PhoneLab-LoggerService: Checking Threshold
07-02 16:06:42.009 25147 25150 D dalvikvm: GC_CONCURRENT freed 333K, 6% free 10036K/10631K, paused 9ms+5ms
07-02 16:06:42.196 25147 25150 D dalvikvm: GC_CONCURRENT freed 201K, 4% free 10228K/10631K, paused 2ms+2ms
07-02 16:06:44.989 25147 25150 D dalvikvm: GC_CONCURRENT freed 312K, 4% free 10341K/10759K, paused 1ms+2ms
07-02 16:07:05.528 25327 25806 I DatabaseHelper: Begin cleanup.
07-02 16:07:06.833 25327 25806 I DatabaseHelper: Cleaned up: 234
07-02 16:07:07.392 25327 25329 D dalvikvm: GC_CONCURRENT freed 661K, 12% free 11530K/13063K, paused 23ms+3ms
07-02 16:07:11.263 24918 24921 D dalvikvm: GC_CONCURRENT freed 425K, 5% free 10811K/11335K, paused 36ms+3ms
07-02 16:07:41.798 25666 25668 D dalvikvm: GC_CONCURRENT freed 507K, 6% free 10231K/10823K, paused 2ms+2ms
07-02 16:07:51.923 25122 25137 I PhoneLab-: Service Running
07-02 16:07:52.021 25122 25137 I PhoneLab-LoggerService: app_37    1360  1     1436   996   c00f181c 400107b4 S logcat
07-02 16:07:52.021 25122 25137 I PhoneLab-LoggerService: Logcat pid from database 1360
07-02 16:07:52.021 25122 25137 I PhoneLab-LoggerService: Logcat process found 1360
07-02 16:07:52.021 25122 25137 I PhoneLab-LoggerService: Checking Threshold
07-02 16:08:41.856 19717 19720 D dalvikvm: GC_CONCURRENT freed 324K, 7% free 10627K/11399K, paused 5ms+6ms
07-02 16:08:41.970 25147 25150 D dalvikvm: GC_CONCURRENT freed 775K, 8% free 10102K/10951K, paused 2ms+2ms
07-02 16:09:26.192 19717 20448 I EventLogService: Aggregate from 1341257966057 (log), 1341257966057 (data)
07-02 16:09:41.911 25666 25668 D dalvikvm: GC_CONCURRENT freed 501K, 6% free 10241K/10823K, paused 2ms+2ms
07-02 16:09:51.927 25122 25137 I PhoneLab-: Service Running
07-02 16:09:52.032 25122 25137 I PhoneLab-LoggerService: app_37    1360  1     1436   996   c00f181c 400107b4 S logcat
07-02 16:09:52.032 25122 25137 I PhoneLab-LoggerService: Logcat pid from database 1360
07-02 16:09:52.032 25122 25137 I PhoneLab-LoggerService: Logcat process found 1360
07-02 16:09:52.032 25122 25137 I PhoneLab-LoggerService: Checking Threshold
07-02 16:10:15.044 25194 25418 D GetStringObjTask: retrieving from url = http://www.chess.com/api/get_move_status?id=y3ICtufzg6w7rQqcD3KFujVaIanpYba4bIpaeKElV1LNz3Sz4Fk9Yh5CeWaj8h4bQ2RY0CxFVgA%2ByBE5DE%2B1cAuw4i%2Bp2GVj5RbuDPEUotReGbS25iAukuBsuUd%2Fl5dp
07-02 16:10:15.704 25194 25418 D GetStringObjTask: WebRequest SERVER RESPONSE: Success+0
07-02 16:10:42.044   216   218 D dalvikvm: GC_CONCURRENT freed 369K, 33% free 9729K/14343K, paused 2ms+3ms
07-02 16:10:42.048 25147 25150 D dalvikvm: GC_CONCURRENT freed 463K, 8% free 10171K/10951K, paused 2ms+16ms
07-02 16:10:42.181   216   218 D dalvikvm: GC_CONCURRENT freed 198K, 31% free 9918K/14343K, paused 2ms+3ms
07-02 16:10:42.235   216   216 D dalvikvm: GC_FOR_ALLOC freed 618K, 33% free 9741K/14343K, paused 17ms
07-02 16:10:42.333   216   218 D dalvikvm: GC_CONCURRENT freed 354K, 32% free 9818K/14343K, paused 2ms+3ms
07-02 16:10:52.911   145   147 D dalvikvm: GC_CONCURRENT freed 1816K, 25% free 17609K/23367K, paused 23ms+7ms
07-02 16:11:27.415   145   182 W EventHub: could not get event, removed? (fd: 307 size: -1 bufferSize: 256 capacity: 256 errno: 19)
07-02 16:11:27.423   145   182 I EventHub: Removed device: path=/dev/input/event7 name=sec_jack id=8 fd=307 classes=0x1
07-02 16:11:27.439   145   182 I InputReader: Device removed: id=8, name='sec_jack', sources=0x00000101
07-02 16:11:27.439   145   182 I EventHub: Removing device '/dev/input/event7' due to inotify event
07-02 16:11:27.474   145   171 V WiredAccessoryObserver: Headset UEVENT: {SUBSYSTEM=switch, SWITCH_STATE=0, DEVPATH=/devices/virtual/switch/h2w, SEQNUM=10128, ACTION=change, SWITCH_NAME=h2w}
07-02 16:11:27.474   145   171 V WiredAccessoryObserver: newState = 0, headsetState = 0,mHeadsetState = 1
07-02 16:11:27.489   145   162 I ActivityManager: Start proc com.android.music for broadcast com.android.music/.MediaButtonIntentReceiver: pid=25842 uid=10032 gids={3003, 1015}
07-02 16:11:27.497 25842 25842 I dalvikvm: Turning on JNI app bug workarounds for target SDK version 9...
07-02 16:11:27.669   145   395 D dalvikvm: GC_EXPLICIT freed 377K, 25% free 17533K/23367K, paused 3ms+7ms
07-02 16:11:27.677   145  9966 I AudioService:   Remote Control   registerMediaButtonIntent() for PendingIntent{41e51300: PendingIntentRecord{41868d98 com.android.music broadcastIntent}}
07-02 16:11:27.755   145 21614 I ActivityManager: Start proc android.process.media for content provider com.android.providers.media/.MediaProvider: pid=25856 uid=10012 gids={1015, 1023, 1024, 2001, 3003, 3007}
07-02 16:11:28.138 25856 25856 I ActivityThread: Pub downloads: com.android.providers.downloads.DownloadProvider
07-02 16:11:28.302   145   161 I power   : *** set_screen_state 1
07-02 16:11:28.345 25856 25856 I ActivityThread: Pub drm: com.android.providers.drm.DrmProvider
07-02 16:11:28.349 25856 25870 I DownloadManager: in removeSpuriousFiles
07-02 16:11:28.349   145   177 I WindowManager: Lock screen displayed!
07-02 16:11:28.353 25122 25122 I PhoneLab-PowerOnReceiver: Power is plugged off!
07-02 16:11:28.489   145   161 V WiredAccessoryObserver: Intent.ACTION_HEADSET_PLUG: state: 0 name: h2w mic: 1
07-02 16:11:28.497    78   121 D SurfaceFlinger: Screen about to return, flinger = 0x457918
07-02 16:11:28.665 25856 25856 I ActivityThread: Pub media: com.android.providers.media.MediaProvider
07-02 16:11:28.696 25856 25870 I DownloadManager: in removeSpuriousFiles, preserving file /data/data/com.android.providers.downloads/cache/metadata.json
07-02 16:11:28.696 25856 25870 I DownloadManager: in removeSpuriousFiles, preserving file /data/data/com.android.providers.downloads/cache/en_general.htm
07-02 16:11:28.696 25856 25870 I DownloadManager: in removeSpuriousFiles, preserving file /mnt/sdcard/Download/img-thing.jpeg
07-02 16:11:28.696 25856 25870 I DownloadManager: in removeSpuriousFiles, preserving file /data/data/com.android.providers.downloads/cache/metadata-1.json
07-02 16:11:28.696 25856 25870 I DownloadManager: in removeSpuriousFiles, preserving file /data/data/com.android.providers.downloads/cache/downloadfile.jpeg
07-02 16:11:28.696 25856 25870 I DownloadManager: in removeSpuriousFiles, preserving file /data/data/com.android.providers.downloads/cache/metadata-2.json
07-02 16:11:28.696 25856 25870 I DownloadManager: in removeSpuriousFiles, preserving file /data/data/com.android.providers.downloads/cache/metadata-3.json
07-02 16:11:28.700 25856 25870 I DownloadManager: deleting spurious file /cache/backup
07-02 16:11:28.759 25122 25124 D dalvikvm: GC_CONCURRENT freed 508K, 14% free 9154K/10631K, paused 192ms+13ms
07-02 16:11:28.810   145  9966 I ActivityManager: Start proc com.google.android.apps.plus for broadcast com.google.android.apps.plus/.iu.BatteryReceiver: pid=25873 uid=10060 gids={3003, 3002, 1015, 1006}
07-02 16:11:29.634   145   181 W InputDispatcher: channel '41992498 com.spotify.mobile.android.ui/com.spotify.mobile.android.ui.activity.MainActivity (server)' ~ Consumer closed input channel or an error occurred.  events=0x8
07-02 16:11:29.634   145   181 E InputDispatcher: channel '41992498 com.spotify.mobile.android.ui/com.spotify.mobile.android.ui.activity.MainActivity (server)' ~ Channel is unrecoverably broken and will be disposed!
07-02 16:11:29.638   145   156 W InputDispatcher: Attempted to unregister already unregistered input channel '41992498 com.spotify.mobile.android.ui/com.spotify.mobile.android.ui.activity.MainActivity (server)'
07-02 16:11:29.638   145   156 I WindowManager: WIN DEATH: Window{41992498 com.spotify.mobile.android.ui/com.spotify.mobile.android.ui.activity.MainActivity paused=false}
07-02 16:11:29.642   145   348 I ActivityManager: Process com.spotify.mobile.android.ui (pid 23767) has died.
07-02 16:11:30.493   145   181 I WindowManager: WINDOW DIED Window{41992498 com.spotify.mobile.android.ui/com.spotify.mobile.android.ui.activity.MainActivity paused=false}
07-02 16:11:30.521   145   173 I power   : *** set_screen_state 0
07-02 16:11:30.564    78   121 D SurfaceFlinger: About to give-up screen, flinger = 0x457918
07-02 16:11:30.974   145   177 V TransportControlView: Create TCV com.android.internal.widget.TransportControlView@417d2dd8
07-02 16:11:31.036 25873 25875 D dalvikvm: GC_CONCURRENT freed 167K, 3% free 9369K/9607K, paused 44ms+1ms
07-02 16:11:31.099 25856 25858 D dalvikvm: GC_CONCURRENT freed 307K, 4% free 9163K/9543K, paused 252ms+2ms
07-02 16:11:31.423 25873 25873 I ActivityThread: Pub com.google.android.apps.plus.content.ApiProvider: com.google.android.apps.plus.content.EsApiProvider
07-02 16:11:31.446 25873 25873 I ActivityThread: Pub com.google.android.apps.plus.content.EsGooglePhotoProvider: com.google.android.picasasync.PicasaContentProvider
07-02 16:11:31.610 25873 25875 D dalvikvm: GC_CONCURRENT freed 318K, 5% free 9579K/9991K, paused 1ms+2ms
07-02 16:11:31.646 25873 25873 I ActivityThread: Pub com.google.android.apps.plus.content.EsPicasaStoreProvider: com.google.android.picasastore.PicasaPhotoContentProvider
07-02 16:11:31.653 25873 25873 I ActivityThread: Pub com.google.plus.platform: com.google.android.apps.plus.content.AdsProvider
07-02 16:11:31.653 25873 25873 I ActivityThread: Pub com.google.android.apps.plus.iu.EsGoogleIuProvider: com.google.android.apps.plus.iu.InstantUploadProvider
07-02 16:11:31.751 25873 25875 D dalvikvm: GC_CONCURRENT freed 500K, 6% free 9608K/10183K, paused 8ms+4ms
07-02 16:11:31.794 25873 25873 I ActivityThread: Pub com.google.android.apps.plus.content.EsProvider: com.google.android.apps.plus.content.EsProvider
07-02 16:11:32.118 25873 25893 D PicasaPhotoCP: set fsid first time:-1
07-02 16:11:32.919 25873 25875 D dalvikvm: GC_CONCURRENT freed 313K, 5% free 9826K/10247K, paused 89ms+3ms
07-02 16:11:32.970   216   218 D dalvikvm: GC_CONCURRENT freed 484K, 33% free 9742K/14343K, paused 2ms+4ms
07-02 16:11:33.079   216   218 D dalvikvm: GC_CONCURRENT freed 426K, 32% free 9791K/14343K, paused 2ms+9ms
07-02 16:11:33.231 25873 25875 D dalvikvm: GC_CONCURRENT freed 171K, 3% free 10084K/10375K, paused 3ms+2ms
07-02 16:11:33.341 25873 25875 D dalvikvm: GC_CONCURRENT freed 216K, 4% free 10344K/10695K, paused 1ms+1ms
07-02 16:11:33.407 25873 25894 D dalvikvm: GC_FOR_ALLOC freed 203K, 4% free 10471K/10887K, paused 22ms
07-02 16:11:33.407 25873 25894 I dalvikvm-heap: Grow heap (frag case) to 10.542MB for 260112-byte allocation
07-02 16:11:33.431 25873 25894 D dalvikvm: GC_FOR_ALLOC freed 126K, 5% free 10599K/11143K, paused 20ms
07-02 16:11:33.458 25873 25894 D dalvikvm: GC_FOR_ALLOC freed 311K, 6% free 10592K/11207K, paused 18ms
07-02 16:11:33.478 25873 25894 D dalvikvm: GC_FOR_ALLOC freed 62K, 5% free 10656K/11207K, paused 19ms
07-02 16:11:33.501 25873 25894 D dalvikvm: GC_FOR_ALLOC freed 126K, 4% free 10784K/11207K, paused 18ms
07-02 16:11:33.521 25873 25894 D dalvikvm: GC_FOR_ALLOC freed 307K, 6% free 10775K/11399K, paused 18ms
07-02 16:11:33.544 25873 25894 D dalvikvm: GC_FOR_ALLOC freed 62K, 5% free 10839K/11399K, paused 18ms
07-02 16:11:33.544 25873 25894 I dalvikvm-heap: Grow heap (frag case) to 10.902MB for 260112-byte allocation
07-02 16:11:33.564 25873 25894 D dalvikvm: GC_FOR_ALLOC freed 126K, 6% free 10967K/11655K, paused 19ms
07-02 16:11:33.720 25873 25875 D dalvikvm: GC_CONCURRENT freed 338K, 4% free 11199K/11655K, paused 1ms+2ms
07-02 16:11:33.884 25873 25875 D dalvikvm: GC_CONCURRENT freed 141K, 3% free 11731K/11975K, paused 2ms+6ms
07-02 16:11:34.146 25873 25875 D dalvikvm: GC_CONCURRENT freed 544K, 6% free 12018K/12679K, paused 2ms+2ms
07-02 16:11:34.372 25873 25875 D dalvikvm: GC_CONCURRENT freed 211K, 3% free 12748K/13063K, paused 2ms+2ms
07-02 16:11:34.853   345   345 D SAN_SERVICE: *******************************************
07-02 16:11:34.853   345   345 D SAN_SERVICE: DM App Phone Service State - 0
07-02 16:11:34.853   345   345 D SAN_SERVICE: *******************************************
07-02 16:11:37.969   345   345 D SAN_SERVICE: *******************************************
07-02 16:11:37.969   345   345 D SAN_SERVICE: DM App Phone Service State - 0
07-02 16:11:37.969   345   345 D SAN_SERVICE: *******************************************
07-02 16:11:42.004 25666 25668 D dalvikvm: GC_CONCURRENT freed 500K, 6% free 10315K/10887K, paused 12ms+3ms
07-02 16:11:42.383 25147 25150 D dalvikvm: GC_CONCURRENT freed 575K, 8% free 10107K/10951K, paused 16ms+7ms
07-02 16:12:06.856 25122 25137 I PhoneLab-: Service Running
07-02 16:12:07.113 25122 25137 I PhoneLab-LoggerService: app_37    1360  1     1436   996   c00f181c 400107b4 S logcat
07-02 16:12:07.113 25122 25137 I PhoneLab-LoggerService: Logcat pid from database 1360
07-02 16:12:07.113 25122 25137 I PhoneLab-LoggerService: Logcat process found 1360
07-02 16:12:07.113 25122 25137 I PhoneLab-LoggerService: Checking Threshold
07-02 16:12:41.059   345   345 D SAN_SERVICE: *******************************************
07-02 16:12:41.059   345   345 D SAN_SERVICE: DM App Phone Service State - 0
07-02 16:12:41.059   345   345 D SAN_SERVICE: *******************************************
07-02 16:12:42.246   145   147 D dalvikvm: GC_CONCURRENT freed 1876K, 25% free 17651K/23367K, paused 18ms+8ms
07-02 16:12:42.301 25147 25150 D dalvikvm: GC_CONCURRENT freed 466K, 8% free 10137K/10951K, paused 7ms+2ms
07-02 16:13:26.809   145   157 I AudioService:  AudioFocus  abandonAudioFocus() from android.media.AudioManager@41352358com.android.music.MediaPlaybackService$3@413512f8
07-02 16:13:26.828   145   162 I ActivityManager: Start proc com.android.musicfx for broadcast com.android.musicfx/.ControlPanelReceiver: pid=25913 uid=10033 gids={3003, 3002}
07-02 16:13:27.051 25913 25913 V MusicFXControlPanelReceiver: onReceive
07-02 16:13:27.055 25913 25913 V MusicFXControlPanelReceiver: Action: android.media.action.CLOSE_AUDIO_EFFECT_CONTROL_SESSION
07-02 16:13:27.055 25913 25913 V MusicFXControlPanelReceiver: Package name: com.android.music
07-02 16:13:27.055 25913 25913 V MusicFXControlPanelReceiver: Audio session: 196
07-02 16:13:27.067 25913 25913 V MusicFXControlPanelEffect: closeSession(android.app.ReceiverRestrictedContext@413474b0, com.android.music, 196)
07-02 16:13:42.070 25666 25668 D dalvikvm: GC_CONCURRENT freed 511K, 6% free 10266K/10887K, paused 4ms+2ms
07-02 16:14:04.379   306   306 I wpa_supplicant: wlan0: CTRL-EVENT-DISCONNECTED bssid=d0:c2:82:2d:ea:c1 reason=0
07-02 16:14:04.391 20701 20718 D CommandListener: Clearing all IP addresses on wlan0
07-02 16:14:04.406   145   202 D ConnectivityService: ConnectivityChange for WIFI: DISCONNECTED/DISCONNECTED
07-02 16:14:04.410   145   202 D ConnectivityService: Attempting to switch to mobile
07-02 16:14:04.453   145   202 D ConnectivityService: Attempting to switch to WIMAX
07-02 16:14:04.453   145   202 D ConnectivityService: Attempting to switch to BLUETOOTH_TETHER
07-02 16:14:04.465   145   202 E ConnectivityService: Exception trying to remove a route: java.lang.IllegalStateException: Unable to communicate with native dameon to add routes - com.android.server.NativeDaemonConnectorException: Cmd {interface route remove wlan0 default 67.20.213.254 32 0.0.0.0} failed with code 400 : {Failed to remove route from default table (No such process)}
07-02 16:14:04.465   145   202 E ConnectivityService: Exception trying to remove a route: java.lang.IllegalStateException: Unable to communicate with native dameon to add routes - com.android.server.NativeDaemonConnectorException: Cmd {interface route remove wlan0 default 0.0.0.0 0 67.20.213.254} failed with code 400 : {Failed to remove route from default table (No such process)}
07-02 16:14:04.473   145   202 D NetUtils: android_net_utils_resetConnections in env=0x9a76d8 clazz=0x57900001 iface=wlan0 mask=0x3
07-02 16:14:04.473   145   202 D ConnectivityService: resetConnections(wlan0, 3)
07-02 16:14:04.516   145   202 D ConnectivityService: ConnectivityChange for WIMAX: DISCONNECTED/SCANNING
07-02 16:14:04.524   145   202 D ConnectivityService: Attempting to switch to mobile
07-02 16:14:04.524   145   202 D ConnectivityService: Attempting to switch to WIFI
07-02 16:14:04.524   145   202 D ConnectivityService: Attempting to switch to BLUETOOTH_TETHER
07-02 16:14:04.707 19717 22865 W Smack/Packet: notify conn break (IOEx), close connection
07-02 16:14:04.887 19717 22865 I qtaguid : Failed write_ctrl(u 112) res=-1 errno=22
07-02 16:14:04.887 19717 22865 I qtaguid : Untagging socket 112 failed errno=-22
07-02 16:14:04.891 19717 22865 W NetworkManagementSocketTagger: untagSocket(112) failed with errno -22
07-02 16:14:04.922   145   202 D ConnectivityService: handleInetConditionChange: no active default network - ignore
07-02 16:14:04.973   306   306 I wpa_supplicant: wlan0: Trying to associate with d0:c2:82:67:e7:61 (SSID='UB_Secure' freq=2437 MHz)
07-02 16:14:07.543   145   206 D Tethering: MasterInitialState.processMessage what=3
07-02 16:14:07.664   145   206 D Tethering: MasterInitialState.processMessage what=3
07-02 16:14:07.774   145 21614 I ActivityManager: Start proc com.google.android.apps.uploader for broadcast com.google.android.apps.uploader/.ConnectivityBroadcastReceiver: pid=25931 uid=10030 gids={3003}
07-02 16:14:07.781 25931 25931 I dalvikvm: Turning on JNI app bug workarounds for target SDK version 11...
07-02 16:14:07.848 25931 25931 I ActivityThread: Pub com.google.android.apps.uploader: com.google.android.apps.uploader.UploadsContentProvider
07-02 16:14:07.856 25931 25931 I ActivityThread: Pub com.google.photos.provider.Album: com.google.android.apps.uploader.clients.picasa.AlbumProvider
07-02 16:14:07.863 25931 25931 D MediaUploader: UploaderApplication.onCreate
07-02 16:14:07.938 25931 25931 D MediaUploader: nonWifiLimit=20971520, default=20971520
07-02 16:14:07.949 25931 25931 I MediaUploader: No need to wake up
07-02 16:14:07.961 25122 25122 I PhoneLab-WiFiReceiver: Wi-Fi is disconnected!
07-02 16:14:08.168   145   157 I ActivityManager: Start proc com.google.android.youtube for broadcast com.google.android.youtube/.app.prefetch.PrefetchService$DeviceStateReceiver: pid=25947 uid=10057 gids={3003, 1015, 1006}
07-02 16:14:08.219    79    79 D dalvikvm: GC_EXPLICIT freed 38K, 4% free 9031K/9347K, paused 9ms+1ms
07-02 16:14:08.254    79    79 D dalvikvm: GC_EXPLICIT freed <1K, 4% free 9031K/9347K, paused 1ms+1ms
07-02 16:14:08.277    79    79 D dalvikvm: GC_EXPLICIT freed <1K, 4% free 9031K/9347K, paused 2ms+2ms
07-02 16:14:08.449 25947 25949 D dalvikvm: GC_CONCURRENT freed 176K, 3% free 9360K/9607K, paused 18ms+2ms
07-02 16:14:08.516 25947 25947 I ActivityThread: Pub com.google.android.youtube.SuggestionProvider: com.google.android.youtube.core.suggest.SuggestionProvider
07-02 16:14:09.137 19717 19879 D dalvikvm: GC_EXPLICIT freed 412K, 8% free 10554K/11399K, paused 18ms+4ms
07-02 16:14:09.258   145   310 D dalvikvm: GC_EXPLICIT freed 967K, 25% free 17632K/23367K, paused 3ms+7ms
07-02 16:14:09.363 25947 25949 D dalvikvm: GC_CONCURRENT freed 339K, 5% free 9470K/9927K, paused 5ms+2ms
07-02 16:14:09.363 25947 25956 W CursorWrapperInner: Cursor finalized without prior close()
07-02 16:14:09.363 25947 25956 W CursorWrapperInner: Cursor finalized without prior close()
07-02 16:14:09.496 25947 25949 D dalvikvm: GC_CONCURRENT freed 271K, 4% free 9712K/10055K, paused 3ms+3ms
07-02 16:14:09.598 25947 25949 D dalvikvm: GC_CONCURRENT freed 379K, 5% free 9861K/10311K, paused 2ms+3ms
07-02 16:14:09.715 25947 25949 D dalvikvm: GC_CONCURRENT freed 333K, 4% free 10098K/10503K, paused 2ms+3ms
07-02 16:14:09.914 25947 25949 D dalvikvm: GC_CONCURRENT freed 422K, 5% free 10203K/10695K, paused 3ms+18ms
07-02 16:14:10.145   145  4009 I ActivityManager: Start proc com.google.android.apps.docs for broadcast com.google.android.apps.docs/.receivers.NetworkChangeReceiver: pid=25988 uid=10077 gids={3003, 1015, 1006}
07-02 16:14:10.461 25988 25988 I PackageInfoHelper: Provided clientMode=RELEASE, packageInfo=PackageInfo{4137b6e8 com.google.android.apps.docs}
07-02 16:14:10.465 25988 25988 I ActivityThread: Pub com.google.android.apps.docs.files: com.google.android.apps.docs.sync.filemanager.FileProvider
07-02 16:14:10.469 25988 25988 I ActivityThread: Pub com.google.android.apps.docs.doclist.search_suggest: com.google.android.apps.docs.doclist.DocListGlobalSearchSuggestionProvider
07-02 16:14:10.524   145   156 I ActivityManager: No longer want com.android.calendar (pid 25453): hidden #16
07-02 16:14:10.731  1401  1413 I GLSUser : GLS error: NetworkError
07-02 16:14:10.746 25988 25989 D dalvikvm: GC_CONCURRENT freed 172K, 3% free 9344K/9607K, paused 2ms+2ms
07-02 16:14:10.840 25947 26002 E ApiaryPlusOneApi: Error fetching auth token: 
07-02 16:14:10.840 25947 26002 E ApiaryPlusOneApi: java.io.IOException
07-02 16:14:10.840 25947 26002 E ApiaryPlusOneApi: 	at android.accounts.AccountManager.convertErrorToException(AccountManager.java:1548)
07-02 16:14:10.840 25947 26002 E ApiaryPlusOneApi: 	at android.accounts.AccountManager.access$400(AccountManager.java:140)
07-02 16:14:10.840 25947 26002 E ApiaryPlusOneApi: 	at android.accounts.AccountManager$AmsTask$Response.onError(AccountManager.java:1409)
07-02 16:14:10.840 25947 26002 E ApiaryPlusOneApi: 	at android.accounts.IAccountManagerResponse$Stub.onTransact(IAccountManagerResponse.java:69)
07-02 16:14:10.840 25947 26002 E ApiaryPlusOneApi: 	at android.os.Binder.execTransact(Binder.java:338)
07-02 16:14:10.840 25947 26002 E ApiaryPlusOneApi: 	at dalvik.system.NativeStart.run(Native Method)
07-02 16:14:10.922   145   202 D ConnectivityService: ConnectivityChange for WIMAX: DISCONNECTED/SCANNING
07-02 16:14:10.926   145   202 D ConnectivityService: Attempting to switch to mobile
07-02 16:14:10.926   145   202 D ConnectivityService: Attempting to switch to WIFI
07-02 16:14:10.926   145   202 D ConnectivityService: Attempting to switch to BLUETOOTH_TETHER
07-02 16:14:10.969 25988 25989 D dalvikvm: GC_CONCURRENT freed 465K, 6% free 9389K/9927K, paused 2ms+7ms
07-02 16:14:11.063 25988 25989 D dalvikvm: GC_CONCURRENT freed 500K, 6% free 9416K/9991K, paused 2ms+2ms
07-02 16:14:11.149 25988 25989 D dalvikvm: GC_CONCURRENT freed 531K, 7% free 9448K/10055K, paused 2ms+2ms
07-02 16:14:11.192 25947 25949 D dalvikvm: GC_CONCURRENT freed 398K, 5% free 10317K/10823K, paused 28ms+2ms
07-02 16:14:11.227 25988 25989 D dalvikvm: GC_CONCURRENT freed 483K, 6% free 9477K/10055K, paused 1ms+2ms
07-02 16:14:11.313 25988 25989 D dalvikvm: GC_CONCURRENT freed 529K, 6% free 9514K/10119K, paused 2ms+5ms
07-02 16:14:11.445 25988 25989 D dalvikvm: GC_CONCURRENT freed 360K, 5% free 9650K/10119K, paused 2ms+2ms
07-02 16:14:11.500 25947 26002 E PlusOneController: Error loading opted-in: Unable to resolve host "www.googleapis.com": No address associated with hostname
07-02 16:14:11.555 25988 25988 D ContextScopeImpl: in ContextScope.getContextOrDefault for thread=1
07-02 16:14:11.555 25988 25988 D ContextScopeImpl: returning application context for thread=1
07-02 16:14:11.570 25988 25989 D dalvikvm: GC_CONCURRENT freed 403K, 5% free 9763K/10247K, paused 2ms+5ms
07-02 16:14:11.570 25988 25988 I FeatureCheckerImpl: Configured disabled features: []
07-02 16:14:11.570 25988 25988 D ContextScopeImpl: in ContextScope.getContextOrDefault for thread=1
07-02 16:14:11.570 25988 25988 D ContextScopeImpl: returning application context for thread=1
07-02 16:14:11.590 25988 25988 D ContextScopeImpl: in ContextScope.enter for thread=1
07-02 16:14:11.590 25988 25988 W ContextScopeImpl: thread=1 tried to enter the scope of the application context. Ignored.
07-02 16:14:11.590 25988 25988 D ContextScopeImpl: in ContextScope.getContextOrDefault for thread=1
07-02 16:14:11.590 25988 25988 D ContextScopeImpl: returning application context for thread=1
07-02 16:14:11.590 25988 25988 D DocListDatabase: openHelper points on new database: DocList.db
07-02 16:14:11.590 25988 25988 D DocListDatabase: in openWriteDatabase
07-02 16:14:11.602 25988 25988 I ActivityThread: Pub com.google.android.apps.docs.doclist.account_suggest: com.google.android.apps.docs.doclist.DocListAccountSuggestionProvider
07-02 16:14:11.613 25988 25988 D ContextScopeImpl: in ContextScope.enter for thread=1
07-02 16:14:11.613 25988 25988 W ContextScopeImpl: thread=1 tried to enter the scope of the application context. Ignored.
07-02 16:14:11.613 25988 25988 I ActivityThread: Pub com.google.android.apps.docs: com.google.android.apps.docs.providers.DocListProvider
07-02 16:14:11.613 25988 25988 D ContextScopeImpl: in ContextScope.enter for thread=1
07-02 16:14:11.613 25988 25988 W ContextScopeImpl: thread=1 tried to enter the scope of the application context. Ignored.
07-02 16:14:11.617 25988 25988 W ContextScopeImpl: thread=1 tried to enter the scope of the application context. Ignored.
07-02 16:14:11.625 25988 26005 W ContextScopeImpl: thread=8031 tried to enter the scope of the application context. Ignored.
07-02 16:14:11.820   145   310 I ActivityManager: Process com.google.android.apps.maps:FriendService (pid 25687) has died.
07-02 16:14:11.879 25873 26009 D PicasaSync: sync account database
07-02 16:14:11.942 25931 25931 I MediaUploader: No need to wake up
07-02 16:14:12.137 25873 26009 D PicasaSync: accounts in DB=1
07-02 16:14:12.137 25873 26009 D PicasaSyncManager: active network: null
07-02 16:14:12.137 25873 26009 D PicasaSyncManager: background data: true
07-02 16:14:12.305 25873 26009 D PicasaSyncManager: battery info: false
07-02 16:14:13.961   145   206 D Tethering: MasterInitialState.processMessage what=3
07-02 16:14:14.051 25931 25931 I MediaUploader: No need to wake up
07-02 16:14:14.149 25873 26009 D PicasaSyncManager: active network: null
07-02 16:14:14.149 25873 26009 D PicasaSyncManager: background data: true
07-02 16:14:15.109   306   306 I wpa_supplicant: wlan0: Authentication with d0:c2:82:67:e7:61 timed out.
07-02 16:14:16.699   306   306 I wpa_supplicant: wlan0: Trying to associate with d0:c2:82:67:e7:61 (SSID='UB_Secure' freq=2437 MHz)
07-02 16:14:16.770   145   202 D ConnectivityService: ConnectivityChange for mobile: CONNECTED/CONNECTED
07-02 16:14:16.879   145   198 D NetworkPolicy: applying policy NetworkPolicy[NetworkTemplate: matchRule=MOBILE_ALL, subscriberId=valid]: cycleDay=20, warningBytes=2147483648, limitBytes=-1, lastSnooze=-1 to ifaces [rmnet0]
07-02 16:14:17.770   145   202 D ConnectivityService: NetTransition Wakelock for WifiStateMachine released by timeout
07-02 16:14:19.293   345   345 D SAN_SERVICE: *******************************************
07-02 16:14:19.293   345   345 D SAN_SERVICE: DM App Phone Service State - 0
07-02 16:14:19.293   345   345 D SAN_SERVICE: *******************************************
07-02 16:14:19.520   345   345 D SAN_SERVICE: *******************************************
07-02 16:14:19.520   345   345 D SAN_SERVICE: DM App Phone Service State - 0
07-02 16:14:19.520   345   345 D SAN_SERVICE: *******************************************
07-02 16:14:19.793   345   345 D SAN_SERVICE: *******************************************
07-02 16:14:19.793   345   345 D SAN_SERVICE: DM App Phone Service State - 0
07-02 16:14:19.793   345   345 D SAN_SERVICE: *******************************************
07-02 16:14:19.871   145   206 D Tethering: MasterInitialState.processMessage what=3
07-02 16:14:19.938 19717 19717 I GTalkService/c: [AndroidEndpoint@1094222040] connect: acct=1000000, state=CONNECTING
07-02 16:14:19.942 19717 19717 I GTalkService/c: [GTalkConnection@1094322432] connect: acct=1, state=CONNECTING
07-02 16:14:20.133 25931 25931 I MediaUploader: No need to wake up
07-02 16:14:20.488 25988 25988 W ContextScopeImpl: thread=1 tried to enter the scope of the application context. Ignored.
07-02 16:14:20.598 25873 26009 D PicasaSyncManager: active network: NetworkInfo: type: mobile[CDMA - EvDo rev. A], state: CONNECTED/CONNECTED, reason: (unspecified), extra: , roaming: false, failover: true, isAvailable: true
07-02 16:14:20.598 25873 26009 D PicasaSyncManager: background data: true
07-02 16:14:21.027   345   345 D SAN_SERVICE: *******************************************
07-02 16:14:21.027   345   345 D SAN_SERVICE: DM App Phone Service State - 0
07-02 16:14:21.027   345   345 D SAN_SERVICE: *******************************************
07-02 16:14:21.527   345   345 D SAN_SERVICE: *******************************************
07-02 16:14:21.527   345   345 D SAN_SERVICE: DM App Phone Service State - 0
07-02 16:14:21.531   345   345 D SAN_SERVICE: *******************************************
07-02 16:14:21.805   345   345 D SAN_SERVICE: *******************************************
07-02 16:14:21.805   345   345 D SAN_SERVICE: DM App Phone Service State - 0
07-02 16:14:21.805   345   345 D SAN_SERVICE: *******************************************
07-02 16:14:22.777   345   345 D SAN_SERVICE: *******************************************
07-02 16:14:22.777   345   345 D SAN_SERVICE: DM App Phone Service State - 0
07-02 16:14:22.777   345   345 D SAN_SERVICE: *******************************************
07-02 16:14:23.086   345   345 D SAN_SERVICE: *******************************************
07-02 16:14:23.086   345   345 D SAN_SERVICE: DM App Phone Service State - 0
07-02 16:14:23.086   345   345 D SAN_SERVICE: *******************************************
07-02 16:14:23.141   345   347 D dalvikvm: GC_CONCURRENT freed 925K, 12% free 12231K/13895K, paused 18ms+4ms
07-02 16:14:24.109   345   345 D SAN_SERVICE: *******************************************
07-02 16:14:24.109   345   345 D SAN_SERVICE: DM App Phone Service State - 0
07-02 16:14:24.109   345   345 D SAN_SERVICE: *******************************************
07-02 16:14:26.707   306   306 I wpa_supplicant: wlan0: Authentication with d0:c2:82:67:e7:61 timed out.
07-02 16:14:28.270   306   306 I wpa_supplicant: wlan0: Trying to associate with 00:86:11:15:d0:e1 (SSID='konoha' freq=2437 MHz)
07-02 16:14:28.356   306   306 I wpa_supplicant: wlan0: Associated with 00:86:11:15:d0:e1
07-02 16:14:28.473   306   306 I wpa_supplicant: wlan0: CTRL-EVENT-EAP-SUCCESS EAP authentication completed successfully (based on lower layer success)
07-02 16:14:28.594   306   306 I wpa_supplicant: wlan0: WPA: Key negotiation completed with 00:86:11:15:d0:e1 [PTK=CCMP GTK=CCMP]
07-02 16:14:28.594   306   306 I wpa_supplicant: wlan0: CTRL-EVENT-CONNECTED - Connection to 00:86:11:15:d0:e1 completed (reauth) [id=1 id_str=]
07-02 16:14:29.031   216   218 D dalvikvm: GC_CONCURRENT freed 259K, 31% free 10017K/14343K, paused 87ms+3ms
07-02 16:14:31.363   345   345 D SAN_SERVICE: *******************************************
07-02 16:14:31.363   345   345 D SAN_SERVICE: DM App Phone Service State - 0
07-02 16:14:31.363   345   345 D SAN_SERVICE: *******************************************
07-02 16:14:31.633   345   345 D SAN_SERVICE: *******************************************
07-02 16:14:31.633   345   345 D SAN_SERVICE: DM App Phone Service State - 0
07-02 16:14:31.633   345   345 D SAN_SERVICE: *******************************************
07-02 16:14:32.086   345   345 D SAN_SERVICE: *******************************************
07-02 16:14:32.086   345   345 D SAN_SERVICE: DM App Phone Service State - 0
07-02 16:14:32.090   345   345 D SAN_SERVICE: *******************************************
07-02 16:14:35.719   145   202 D ConnectivityService: ConnectivityChange for WIFI: CONNECTED/CONNECTED
07-02 16:14:35.727   145   202 D ConnectivityService: Policy requires mobile teardown
07-02 16:14:35.926 25122 25122 I PhoneLab-WiFiReceiver: Wi-Fi is connected!
07-02 16:14:36.129 25122 25122 I PhoneLab-WiFiReceiver: SSID: konoha BSSID: 00:86:11:15:d0:e1 RSSI: -200 LinkSpeed: -1
07-02 16:14:36.129 25122 25122 I PhoneLab-Locks: wake lock acquired
07-02 16:14:36.145 25122 25122 I PhoneLab-UploadLogs: Transfering log files now
07-02 16:14:36.149   145   202 D ConnectivityService: ConnectivityChange for mobile: DISCONNECTED/DISCONNECTED
07-02 16:14:36.149   145   202 D ConnectivityService: Attempting to switch to WIFI
07-02 16:14:36.149   145   202 D ConnectivityService: Attempting to switch to WIMAX
07-02 16:14:36.149   145   202 D ConnectivityService: Attempting to switch to BLUETOOTH_TETHER
07-02 16:14:36.156   145   202 D NetUtils: android_net_utils_resetConnections in env=0x9a76d8 clazz=0x83300001 iface=rmnet0 mask=0x3
07-02 16:14:36.156   145   202 D ConnectivityService: resetConnections(rmnet0, 3)
07-02 16:14:36.168 25122 25122 I PhoneLab-UploadLogs: No log files to transfer
07-02 16:14:36.168 25122 25122 I PhoneLab-Locks: wake lock released
07-02 16:14:36.188   145   197 W NetworkStats: dropping UID delta from unknown iface: iface=wlan0 uid=0 set=DEFAULT tag=0x0 rxBytes=0 rxPackets=0 txBytes=328 txPackets=5 operations=0
07-02 16:14:36.207 25122 25122 I PhoneLab-UploadLogs: OnStartCommand
07-02 16:14:36.254   145   147 D dalvikvm: GC_CONCURRENT freed 2062K, 25% free 17617K/23367K, paused 88ms+10ms
07-02 16:14:36.363   216   218 D dalvikvm: GC_CONCURRENT freed 653K, 32% free 9863K/14343K, paused 2ms+12ms
07-02 16:14:36.516 19717 19764 E GTalkService: connectionClosed: no XMPPConnection - That's strange!
07-02 16:14:36.524   145   202 D ConnectivityService: handleInetConditionChange: net=0 != default=1 - ignore
07-02 16:14:36.817 19717 19764 E GTalkService: connectionClosed: no XMPPConnection - That's strange!
07-02 16:14:38.383   145   361 D AlarmManagerService: Kernel timezone updated to 240 minutes west of GMT
07-02 16:14:38.387   345   345 D SystemClock: Setting time of day to sec=1341260079
07-02 16:14:39.100   145   162 I ActivityManager: Start proc com.android.calendar for broadcast com.android.calendar/.widget.CalendarAppWidgetService$CalendarFactory: pid=26060 uid=10005 gids={3003}
07-02 16:14:39.327 26060 26060 I ActivityThread: Pub com.android.calendar.CalendarRecentSuggestionsProvider: com.android.calendar.CalendarRecentSuggestionsProvider
07-02 16:14:39.409   145   145 I ActivityManager: Process com.android.providers.calendar (pid 25482) has died.
07-02 16:14:39.596   145   365 I ActivityManager: Start proc com.android.providers.calendar for content provider com.android.providers.calendar/.CalendarProvider2: pid=26077 uid=10006 gids={3003, 1015}
07-02 16:14:39.619   145 22722 I ActivityManager: Process android.process.acore (pid 24114) has died.
07-02 16:14:39.631   145 21614 D CountryDetector: No listener is left
07-02 16:14:39.670 25469 25493 V AlarmClock: AlarmInitReceiver finished
07-02 16:14:39.694 26077 26077 I ActivityThread: Pub com.android.calendar: com.android.providers.calendar.CalendarProvider2
07-02 16:14:39.811 19717 19720 D dalvikvm: GC_CONCURRENT freed 445K, 8% free 10497K/11399K, paused 2ms+6ms
07-02 16:14:39.850   145   206 D Tethering: MasterInitialState.processMessage what=3
07-02 16:14:39.866 19717 19717 I GTalkService/c: [AndroidEndpoint@1094222040] connect: acct=1000000, state=CONNECTING
07-02 16:14:39.869 19717 19717 I GTalkService/c: [GTalkConnection@1094322432] connect: acct=1, state=CONNECTING
07-02 16:14:39.885   145   206 D Tethering: MasterInitialState.processMessage what=3
07-02 16:14:39.944 25931 25931 I MediaUploader: No need to wake up
07-02 16:14:40.037 25988 25988 W ContextScopeImpl: thread=1 tried to enter the scope of the application context. Ignored.
07-02 16:14:40.053   145   206 D Tethering: MasterInitialState.processMessage what=3
07-02 16:14:40.229 25873 26009 D PicasaSyncManager: active network: NetworkInfo: type: WIFI[], state: CONNECTED/CONNECTED, reason: (unspecified), extra: (none), roaming: false, failover: false, isAvailable: true
07-02 16:14:40.272 25931 25931 I MediaUploader: No need to wake up
07-02 16:14:40.315 25988 25988 W ContextScopeImpl: thread=1 tried to enter the scope of the application context. Ignored.
07-02 16:14:40.342 25873 26009 D PicasaSyncManager: background data: true
07-02 16:14:40.397 25931 25931 I MediaUploader: No need to wake up
07-02 16:14:40.518   145   310 D dalvikvm: GC_EXPLICIT freed 1587K, 25% free 17537K/23367K, paused 3ms+7ms
07-02 16:14:40.530 25988 25988 W ContextScopeImpl: thread=1 tried to enter the scope of the application context. Ignored.
07-02 16:14:40.659 25873 26009 D PicasaSyncManager: active network: NetworkInfo: type: WIFI[], state: CONNECTED/CONNECTED, reason: (unspecified), extra: (none), roaming: false, failover: false, isAvailable: true
07-02 16:14:40.659 25873 26009 D PicasaSyncManager: background data: true
07-02 16:14:40.709 25856 25858 D dalvikvm: GC_CONCURRENT freed 323K, 5% free 9280K/9735K, paused 3ms+3ms
07-02 16:14:40.807 26077 26077 I CalendarProvider2: Sending notification intent: Intent { act=android.intent.action.PROVIDER_CHANGED dat=content://com.android.calendar }
07-02 16:14:40.811 26077 26077 W ContentResolver: Failed to get type for: content://com.android.calendar (Unknown URL content://com.android.calendar)
07-02 16:14:41.065   345   345 D SAN_SERVICE: *******************************************
07-02 16:14:41.065   345   345 D SAN_SERVICE: DM App Phone Service State - 0
07-02 16:14:41.065   345   345 D SAN_SERVICE: *******************************************
07-02 16:14:41.549 25666 25668 D dalvikvm: GC_CONCURRENT freed 506K, 6% free 10271K/10887K, paused 6ms+3ms
07-02 16:14:41.744 25147 25150 D dalvikvm: GC_CONCURRENT freed 475K, 8% free 10165K/10951K, paused 2ms+12ms
07-02 16:14:44.229 26077 26079 D dalvikvm: GC_CONCURRENT freed 322K, 5% free 9159K/9607K, paused 3ms+2ms
07-02 16:14:46.834   345   345 D SAN_SERVICE: *******************************************
07-02 16:14:46.834   345   345 D SAN_SERVICE: DM App Phone Service State - 0
07-02 16:14:46.834   345   345 D SAN_SERVICE: *******************************************
07-02 16:14:47.612   145   396 D AlarmManagerService: Kernel timezone updated to 240 minutes west of GMT
07-02 16:14:54.854 25122 25137 I PhoneLab-: Service Running
07-02 16:14:54.936 25122 25137 I PhoneLab-LoggerService: app_37    1360  1     1436   996   c00f181c 400107b4 S logcat
07-02 16:14:54.936 25122 25137 I PhoneLab-LoggerService: Logcat pid from database 1360
07-02 16:14:54.936 25122 25137 I PhoneLab-LoggerService: Logcat process found 1360
07-02 16:14:54.936 25122 25137 I PhoneLab-LoggerService: Checking Threshold
07-02 16:14:55.178   345   345 D SAN_SERVICE: *******************************************
07-02 16:14:55.178   345   345 D SAN_SERVICE: DM App Phone Service State - 0
07-02 16:14:55.178   345   345 D SAN_SERVICE: *******************************************
07-02 16:14:55.827   345   345 D SAN_SERVICE: *******************************************
07-02 16:14:55.827   345   345 D SAN_SERVICE: DM App Phone Service State - 0
07-02 16:14:55.827   345   345 D SAN_SERVICE: *******************************************
07-02 16:15:00.088   345   345 D SAN_SERVICE: *******************************************
07-02 16:15:00.088   345   345 D SAN_SERVICE: DM App Phone Service State - 0
07-02 16:15:00.088   345   345 D SAN_SERVICE: *******************************************
07-02 16:15:01.616 25766 25769 D dalvikvm: GC_CONCURRENT freed 381K, 6% free 9888K/10503K, paused 36ms+3ms
07-02 16:15:02.233 19717 19720 D dalvikvm: GC_CONCURRENT freed 343K, 8% free 10542K/11399K, paused 18ms+3ms
07-02 16:15:02.573   345   345 D SAN_SERVICE: *******************************************
07-02 16:15:02.573   345   345 D SAN_SERVICE: DM App Phone Service State - 0
07-02 16:15:02.573   345   345 D SAN_SERVICE: *******************************************
07-02 16:15:05.034   345   345 D SAN_SERVICE: *******************************************
07-02 16:15:05.034   345   345 D SAN_SERVICE: DM App Phone Service State - 0
07-02 16:15:05.034   345   345 D SAN_SERVICE: *******************************************
07-02 16:15:05.491   345   345 D SAN_SERVICE: *******************************************
07-02 16:15:05.491   345   345 D SAN_SERVICE: DM App Phone Service State - 0
07-02 16:15:05.491   345   345 D SAN_SERVICE: *******************************************
07-02 16:15:05.717   345   345 D SAN_SERVICE: *******************************************
07-02 16:15:05.717   345   345 D SAN_SERVICE: DM App Phone Service State - 0
07-02 16:15:05.717   345   345 D SAN_SERVICE: *******************************************
07-02 16:15:05.983   345   345 D SAN_SERVICE: *******************************************
07-02 16:15:05.987   345   345 D SAN_SERVICE: DM App Phone Service State - 0
07-02 16:15:05.987   345   345 D SAN_SERVICE: *******************************************
07-02 16:15:06.772   345   345 D SAN_SERVICE: *******************************************
07-02 16:15:06.772   345   345 D SAN_SERVICE: DM App Phone Service State - 0
07-02 16:15:06.772   345   345 D SAN_SERVICE: *******************************************
07-02 16:15:07.073   345   345 D SAN_SERVICE: *******************************************
07-02 16:15:07.073   345   345 D SAN_SERVICE: DM App Phone Service State - 0
07-02 16:15:07.073   345   345 D SAN_SERVICE: *******************************************
07-02 16:15:07.569   345   345 D SAN_SERVICE: *******************************************
07-02 16:15:07.569   345   345 D SAN_SERVICE: DM App Phone Service State - 0
07-02 16:15:07.573   345   345 D SAN_SERVICE: *******************************************
07-02 16:15:07.776   345   345 D SAN_SERVICE: *******************************************
07-02 16:15:07.776   345   345 D SAN_SERVICE: DM App Phone Service State - 0
07-02 16:15:07.776   345   345 D SAN_SERVICE: *******************************************
07-02 16:15:08.143   345   345 D SAN_SERVICE: *******************************************
07-02 16:15:08.143   345   345 D SAN_SERVICE: DM App Phone Service State - 0
07-02 16:15:08.143   345   345 D SAN_SERVICE: *******************************************
07-02 16:15:12.299   145   361 D AlarmManagerService: Kernel timezone updated to 240 minutes west of GMT
07-02 16:15:15.096 25194 25535 D GetStringObjTask: retrieving from url = http://www.chess.com/api/get_move_status?id=y3ICtufzg6w7rQqcD3KFujVaIanpYba4bIpaeKElV1LNz3Sz4Fk9Yh5CeWaj8h4bQ2RY0CxFVgA%2ByBE5DE%2B1cAuw4i%2Bp2GVj5RbuDPEUotReGbS25iAukuBsuUd%2Fl5dp
07-02 16:15:17.694   345   345 D SAN_SERVICE: *******************************************
07-02 16:15:17.694   345   345 D SAN_SERVICE: DM App Phone Service State - 0
07-02 16:15:17.694   345   345 D SAN_SERVICE: *******************************************
07-02 16:15:17.952   345   345 D SAN_SERVICE: *******************************************
07-02 16:15:17.952   345   345 D SAN_SERVICE: DM App Phone Service State - 0
07-02 16:15:17.952   345   345 D SAN_SERVICE: *******************************************
07-02 16:15:17.963   145   396 I ActivityManager: Start proc android.process.acore for content provider com.android.providers.contacts/.ContactsProvider2: pid=26122 uid=10000 gids={3003, 1015}
07-02 16:15:18.049 26122 26122 I ActivityThread: Pub call_log: com.android.providers.contacts.CallLogProvider
07-02 16:15:18.096 26122 26122 I ActivityThread: Pub com.android.voicemail: com.android.providers.contacts.VoicemailContentProvider
07-02 16:15:18.100 26122 26122 I ActivityThread: Pub user_dictionary: com.android.providers.userdictionary.UserDictionaryProvider
07-02 16:15:18.162 26122 26122 I ActivityThread: Pub com.android.social: com.android.providers.contacts.SocialProvider
07-02 16:15:18.162 26122 26122 I ActivityThread: Pub applications: com.android.providers.applications.ApplicationsProvider
07-02 16:15:18.350 26122 26124 D dalvikvm: GC_CONCURRENT freed 324K, 5% free 9152K/9607K, paused 7ms+2ms
07-02 16:15:18.350 26122 26122 I ActivityThread: Pub contacts;com.android.contacts: com.android.providers.contacts.ContactsProvider2
07-02 16:15:18.420   145   202 D ConnectivityService: handleInetConditionHoldEnd: net=1, condition=100, published condition=0
07-02 16:15:18.440   345   345 D SAN_SERVICE: *******************************************
07-02 16:15:18.440   345   345 D SAN_SERVICE: DM App Phone Service State - 0
07-02 16:15:18.440   345   345 D SAN_SERVICE: *******************************************
07-02 16:15:18.498 25194 25535 D GetStringObjTask: WebRequest SERVER RESPONSE: Success+0
07-02 16:15:18.506 25194 25196 D dalvikvm: GC_CONCURRENT freed 450K, 6% free 9495K/10055K, paused 74ms+4ms
07-02 16:15:18.655 26122 26124 D dalvikvm: GC_CONCURRENT freed 219K, 4% free 9361K/9671K, paused 8ms+2ms
07-02 16:15:19.893 26122 26124 D dalvikvm: GC_CONCURRENT freed 198K, 4% free 9604K/9927K, paused 5ms+2ms
07-02 16:15:28.420   145   162 I ActivityManager: Start proc com.google.android.talk for broadcast com.google.android.talk/.ConnectionStateOnlineReceiver: pid=26138 uid=10045 gids={3003, 1015, 1006, 3002}
07-02 16:15:28.541 26138 26138 I ActivityThread: Pub com.google.android.talk.SuggestionProvider: com.google.android.talk.SuggestionsProvider
07-02 16:15:28.764 26138 26138 D vclib:CallStateClient: startListening
07-02 16:15:28.967 26138 26141 D dalvikvm: GC_CONCURRENT freed 199K, 3% free 9337K/9607K, paused 85ms+2ms
07-02 16:15:29.823   145  9966 I ActivityManager: No longer want com.android.music (pid 25842): hidden #16
07-02 16:15:43.039 25666 25668 D dalvikvm: GC_CONCURRENT freed 450K, 6% free 10265K/10887K, paused 2ms+34ms
07-02 16:15:43.133 25147 25150 D dalvikvm: GC_CONCURRENT freed 500K, 8% free 10159K/10951K, paused 20ms+4ms
07-02 16:15:43.207   145  9966 I ActivityManager: Process com.twitter.android (pid 25327) has died.
07-02 16:15:51.692   345   345 D SAN_SERVICE: *******************************************
07-02 16:15:51.692   345   345 D SAN_SERVICE: DM App Phone Service State - 0
07-02 16:15:51.692   345   345 D SAN_SERVICE: *******************************************
07-02 16:15:51.914   345   345 D SAN_SERVICE: *******************************************
07-02 16:15:51.918   345   345 D SAN_SERVICE: DM App Phone Service State - 0
07-02 16:15:51.918   345   345 D SAN_SERVICE: *******************************************
07-02 16:15:52.488   345   345 D SAN_SERVICE: *******************************************
07-02 16:15:52.488   345   345 D SAN_SERVICE: DM App Phone Service State - 0
07-02 16:15:52.488   345   345 D SAN_SERVICE: *******************************************
07-02 16:15:55.902 25122 25137 I PhoneLab-: Service Running
07-02 16:15:56.004 25122 25137 I PhoneLab-LoggerService: app_37    1360  1     1436   996   c00f181c 400107b4 S logcat
07-02 16:15:56.004 25122 25137 I PhoneLab-LoggerService: Logcat pid from database 1360
07-02 16:15:56.004 25122 25137 I PhoneLab-LoggerService: Logcat process found 1360
07-02 16:15:56.004 25122 25137 I PhoneLab-LoggerService: Checking Threshold
07-02 16:15:56.309   345   345 D SAN_SERVICE: *******************************************
07-02 16:15:56.313   345   345 D SAN_SERVICE: DM App Phone Service State - 0
07-02 16:15:56.313   345   345 D SAN_SERVICE: *******************************************
07-02 16:15:56.606   345   345 D SAN_SERVICE: *******************************************
07-02 16:15:56.606   345   345 D SAN_SERVICE: DM App Phone Service State - 0
07-02 16:15:56.606   345   345 D SAN_SERVICE: *******************************************
07-02 16:15:57.356   345   345 D SAN_SERVICE: *******************************************
07-02 16:15:57.356   345   345 D SAN_SERVICE: DM App Phone Service State - 0
07-02 16:15:57.356   345   345 D SAN_SERVICE: *******************************************
07-02 16:16:01.336   306   306 I wpa_supplicant: wlan0: CTRL-EVENT-DISCONNECTED bssid=00:86:11:15:d0:e1 reason=0
07-02 16:16:01.336 20701 20718 D CommandListener: Clearing all IP addresses on wlan0
07-02 16:16:01.422   145   202 D ConnectivityService: ConnectivityChange for WIFI: DISCONNECTED/DISCONNECTED
07-02 16:16:01.422   145   202 D ConnectivityService: Attempting to switch to mobile
07-02 16:16:01.422   145   202 D ConnectivityService: Attempting to switch to WIMAX
07-02 16:16:01.422   145   202 D ConnectivityService: Attempting to switch to BLUETOOTH_TETHER
07-02 16:16:01.426   145   202 E ConnectivityService: Exception trying to remove a route: java.lang.IllegalStateException: Unable to communicate with native dameon to add routes - com.android.server.NativeDaemonConnectorException: Cmd {interface route remove wlan0 default 192.168.0.1 32 0.0.0.0} failed with code 400 : {Failed to remove route from default table (No such process)}
07-02 16:16:01.442   145   202 E ConnectivityService: Exception trying to remove a route: java.lang.IllegalStateException: Unable to communicate with native dameon to add routes - com.android.server.NativeDaemonConnectorException: Cmd {interface route remove wlan0 default 0.0.0.0 0 192.168.0.1} failed with code 400 : {Failed to remove route from default table (No such process)}
07-02 16:16:01.442   145   202 D ConnectivityService: resetConnections(wlan0, 3)
07-02 16:16:01.445   145   202 D NetUtils: android_net_utils_resetConnections in env=0x9a76d8 clazz=0x94100001 iface=wlan0 mask=0x3
07-02 16:16:01.574 19717 26116 W Smack/Packet: notify conn break (IOEx), close connection
07-02 16:16:01.734 19717 26116 I qtaguid : Failed write_ctrl(u 99) res=-1 errno=22
07-02 16:16:01.734 19717 26116 I qtaguid : Untagging socket 99 failed errno=-22
07-02 16:16:01.734 19717 26116 W NetworkManagementSocketTagger: untagSocket(99) failed with errno -22
07-02 16:16:01.781   145   202 D ConnectivityService: handleInetConditionChange: no active default network - ignore
07-02 16:16:01.938 19717 19720 D dalvikvm: GC_CONCURRENT freed 378K, 8% free 10559K/11399K, paused 17ms+82ms
07-02 16:16:01.961   306   306 I wpa_supplicant: wlan0: Trying to associate with d0:c2:82:66:5b:71 (SSID='UB_Secure' freq=2437 MHz)
07-02 16:16:04.488   145   206 D Tethering: MasterInitialState.processMessage what=3
07-02 16:16:04.660   145   147 D dalvikvm: GC_CONCURRENT freed 1700K, 24% free 17759K/23367K, paused 8ms+11ms
07-02 16:16:04.738 25931 25931 I MediaUploader: No need to wake up
07-02 16:16:04.742 25122 25122 I PhoneLab-WiFiReceiver: Wi-Fi is disconnected!
07-02 16:16:05.008 25873 26009 D PicasaSyncManager: active network: null
07-02 16:16:05.008 25873 26009 D PicasaSyncManager: background data: true
07-02 16:16:11.981   306   306 I wpa_supplicant: wlan0: Authentication with d0:c2:82:66:5b:71 timed out.
07-02 16:16:13.543   306   306 I wpa_supplicant: wlan0: Trying to associate with d0:c2:82:67:2e:71 (SSID='UB_Secure' freq=2412 MHz)
07-02 16:16:13.688   306   306 I wpa_supplicant: wlan0: Associated with d0:c2:82:67:2e:71
07-02 16:16:13.707   306   306 I wpa_supplicant: wlan0: CTRL-EVENT-EAP-STARTED EAP authentication started
07-02 16:16:13.715   306   306 I wpa_supplicant: wlan0: CTRL-EVENT-EAP-PROPOSED-METHOD vendor=0 method=4 -> NAK
07-02 16:16:13.731   306   306 I wpa_supplicant: wlan0: CTRL-EVENT-EAP-PROPOSED-METHOD vendor=0 method=25
07-02 16:16:13.734   306   306 I wpa_supplicant: wlan0: CTRL-EVENT-EAP-METHOD EAP vendor 0 method 25 (PEAP) selected
07-02 16:16:13.813   306   306 I wpa_supplicant: wlan0: CTRL-EVENT-EAP-PEER-CERT depth=2 subject='/C=US/O=Entrust.net/OU=www.entrust.net/CPS incorp. by ref. (limits liab.)/OU=(c) 1999 Entrust.net Limited/CN=Entrust.net Secure Server Certification Authority'
07-02 16:16:13.813   306   306 I wpa_supplicant: wlan0: CTRL-EVENT-EAP-PEER-CERT depth=2 subject='/C=US/O=Entrust.net/OU=www.entrust.net/CPS incorp. by ref. (limits liab.)/OU=(c) 1999 Entrust.net Limited/CN=Entrust.net Secure Server Certification Authority'
07-02 16:16:13.813   306   306 I wpa_supplicant: wlan0: CTRL-EVENT-EAP-PEER-CERT depth=1 subject='/C=US/ST=UT/L=Salt Lake City/O=The USERTRUST Network/CN=USERTrust Legacy Secure Server CA'
07-02 16:16:13.813   306   306 I wpa_supplicant: wlan0: CTRL-EVENT-EAP-PEER-CERT depth=0 subject='/C=US/postalCode=14260/ST=New York/L=Buffalo/street=305 Computing Center/O=SUNY AT BUFFALO/OU=Office of the President/OU=Issued through UNIVERSITY AT BUFFALO E-PKI Manager/OU=PremiumSSL Legacy/CN=ubsecure.acsu.buffalo.edu'
07-02 16:16:13.965   306   306 I wpa_supplicant: EAP-MSCHAPV2: Authentication succeeded
07-02 16:16:13.973   306   306 I wpa_supplicant: EAP-TLV: TLV Result - Success - EAP-TLV/Phase2 Completed
07-02 16:16:13.981   306   306 I wpa_supplicant: wlan0: CTRL-EVENT-EAP-SUCCESS EAP authentication completed successfully
07-02 16:16:14.043 20701 20715 D NetlinkEvent: Unexpected netlink message. type=0xf
07-02 16:16:14.055   306   306 I wpa_supplicant: wlan0: WPA: Key negotiation completed with d0:c2:82:67:2e:71 [PTK=CCMP GTK=TKIP]
07-02 16:16:14.055   306   306 I wpa_supplicant: wlan0: CTRL-EVENT-CONNECTED - Connection to d0:c2:82:67:2e:71 completed (reauth) [id=0 id_str=]
07-02 16:16:16.348   145   202 D ConnectivityService: ConnectivityChange for WIFI: CONNECTED/CONNECTED
07-02 16:16:16.367 25122 25122 I PhoneLab-WiFiReceiver: Wi-Fi is connected!
07-02 16:16:16.371 25122 25122 I PhoneLab-WiFiReceiver: SSID: UB_Secure BSSID: d0:c2:82:67:2e:71 RSSI: -200 LinkSpeed: -1
07-02 16:16:16.371 25122 25122 I PhoneLab-Locks: wake lock acquired
07-02 16:16:16.379 25122 25122 I PhoneLab-UploadLogs: Transfering log files now
07-02 16:16:16.383 25122 25122 I PhoneLab-UploadLogs: No log files to transfer
07-02 16:16:16.383 25122 25122 I PhoneLab-Locks: wake lock released
07-02 16:16:16.387 25122 25122 I PhoneLab-UploadLogs: OnStartCommand
07-02 16:16:16.434   145   197 W NetworkStats: dropping UID delta from unknown iface: iface=wlan0 uid=0 set=DEFAULT tag=0x0 rxBytes=404 rxPackets=2 txBytes=196 txPackets=3 operations=0
07-02 16:16:17.352   145   202 D ConnectivityService: NetTransition Wakelock for WifiStateMachine released by timeout
07-02 16:16:19.453   145   206 D Tethering: MasterInitialState.processMessage what=3
07-02 16:16:19.496 19717 19717 I GTalkService/c: [AndroidEndpoint@1094222040] connect: acct=1000000, state=CONNECTING
07-02 16:16:19.500 19717 19717 I GTalkService/c: [GTalkConnection@1094322432] connect: acct=1, state=CONNECTING
07-02 16:16:19.633   145   156 I ActivityManager: Process com.android.musicfx (pid 25913) has died.
07-02 16:16:19.660   145   329 D dalvikvm: GC_EXPLICIT freed 935K, 25% free 17679K/23367K, paused 8ms+9ms
07-02 16:16:19.727 25931 25931 I MediaUploader: No need to wake up
07-02 16:16:19.777 25988 25988 W ContextScopeImpl: thread=1 tried to enter the scope of the application context. Ignored.
07-02 16:16:19.817 25873 26009 D PicasaSyncManager: active network: NetworkInfo: type: WIFI[], state: CONNECTED/CONNECTED, reason: (unspecified), extra: (none), roaming: false, failover: false, isAvailable: true
07-02 16:16:19.817 25873 26009 D PicasaSyncManager: background data: true
07-02 16:16:20.012 25623 25625 D dalvikvm: GC_CONCURRENT freed 375K, 5% free 10322K/10823K, paused 152ms+2ms
07-02 16:16:21.492 19717 19720 D dalvikvm: GC_CONCURRENT freed 404K, 8% free 10558K/11399K, paused 5ms+4ms
07-02 16:16:21.856   345   345 D SAN_SERVICE: *******************************************
07-02 16:16:21.856   345   345 D SAN_SERVICE: DM App Phone Service State - 0
07-02 16:16:21.856   345   345 D SAN_SERVICE: *******************************************
07-02 16:16:22.340   345   345 D SAN_SERVICE: *******************************************
07-02 16:16:22.340   345   345 D SAN_SERVICE: DM App Phone Service State - 0
07-02 16:16:22.340   345   345 D SAN_SERVICE: *******************************************
07-02 16:16:23.231   145   202 D ConnectivityService: handleInetConditionHoldEnd: net=1, condition=100, published condition=0
07-02 16:16:27.774   345   345 D SAN_SERVICE: *******************************************
07-02 16:16:27.774   345   345 D SAN_SERVICE: DM App Phone Service State - 0
07-02 16:16:27.774   345   345 D SAN_SERVICE: *******************************************
07-02 16:16:34.399   145   202 D NetUtils: android_net_utils_resetConnections in env=0x9a76d8 clazz=0xab300001 iface=rmnet0 mask=0x3
07-02 16:16:34.399   145   202 D ConnectivityService: ConnectivityChange for mobile: DISCONNECTED/DISCONNECTED
07-02 16:16:34.399   145   202 D ConnectivityService: Attempting to switch to WIFI
07-02 16:16:34.399   145   202 D ConnectivityService: Attempting to switch to WIMAX
07-02 16:16:34.399   145   202 D ConnectivityService: Attempting to switch to BLUETOOTH_TETHER
07-02 16:16:34.399   145   202 D ConnectivityService: resetConnections(rmnet0, 3)
07-02 16:16:34.406   345   345 D SAN_SERVICE: *******************************************
07-02 16:16:34.406   345   345 D SAN_SERVICE: DM App Phone Service State - 1
07-02 16:16:34.406   345   345 D SAN_SERVICE: *******************************************
07-02 16:16:37.383   345   345 D SAN_SERVICE: *******************************************
07-02 16:16:37.383   345   345 D SAN_SERVICE: DM App Phone Service State - 0
07-02 16:16:37.383   345   345 D SAN_SERVICE: *******************************************
07-02 16:16:37.449   145   206 D Tethering: MasterInitialState.processMessage what=3
07-02 16:16:37.473   145   206 D Tethering: MasterInitialState.processMessage what=3
07-02 16:16:37.531 19717 19720 D dalvikvm: GC_CONCURRENT freed 401K, 8% free 10565K/11399K, paused 2ms+3ms
07-02 16:16:37.574 25931 25931 I MediaUploader: No need to wake up
07-02 16:16:37.617 25988 25988 W ContextScopeImpl: thread=1 tried to enter the scope of the application context. Ignored.
07-02 16:16:37.699 25873 26009 D PicasaSyncManager: active network: NetworkInfo: type: WIFI[], state: CONNECTED/CONNECTED, reason: (unspecified), extra: (none), roaming: false, failover: false, isAvailable: true
07-02 16:16:37.711 25873 26009 D PicasaSyncManager: background data: true
07-02 16:16:37.727 19717 19717 D dalvikvm: GC_EXPLICIT freed 76K, 8% free 10539K/11399K, paused 6ms+5ms
07-02 16:16:37.742 25931 25931 I MediaUploader: No need to wake up
07-02 16:16:37.781 25988 25988 W ContextScopeImpl: thread=1 tried to enter the scope of the application context. Ignored.
07-02 16:16:37.820 25873 26009 D PicasaSyncManager: active network: NetworkInfo: type: WIFI[], state: CONNECTED/CONNECTED, reason: (unspecified), extra: (none), roaming: false, failover: false, isAvailable: true
07-02 16:16:37.824 25873 26009 D PicasaSyncManager: background data: true
07-02 16:16:37.977   145   202 D ConnectivityService: handleInetConditionHoldEnd: net=1, condition=100, published condition=100
07-02 16:16:38.543   145   147 D dalvikvm: GC_CONCURRENT freed 2026K, 25% free 17573K/23367K, paused 3ms+7ms
07-02 16:16:41.703 25666 25668 D dalvikvm: GC_CONCURRENT freed 295K, 5% free 10362K/10887K, paused 5ms+23ms
07-02 16:16:41.731   345   347 D dalvikvm: GC_CONCURRENT freed 953K, 13% free 12223K/13895K, paused 7ms+5ms
07-02 16:16:41.844 25147 25841 D dalvikvm: GC_EXPLICIT freed 90K, 8% free 10085K/10951K, paused 11ms+2ms
07-02 16:16:42.379   145   157 D AlarmManagerService: Kernel timezone updated to 240 minutes west of GMT
07-02 16:16:43.371   145   361 D AlarmManagerService: Kernel timezone updated to 240 minutes west of GMT
07-02 16:16:48.356   145   202 D NetUtils: android_net_utils_resetConnections in env=0x9a76d8 clazz=0xb9000001 iface=rmnet0 mask=0x3
07-02 16:16:48.356   145   202 D ConnectivityService: ConnectivityChange for mobile: DISCONNECTED/DISCONNECTED
07-02 16:16:48.356   145   202 D ConnectivityService: Attempting to switch to WIFI
07-02 16:16:48.356   145   202 D ConnectivityService: Attempting to switch to WIMAX
07-02 16:16:48.356   145   202 D ConnectivityService: Attempting to switch to BLUETOOTH_TETHER
07-02 16:16:48.356   145   202 D ConnectivityService: resetConnections(rmnet0, 3)
07-02 16:16:49.207   345   345 D SAN_SERVICE: *******************************************
07-02 16:16:49.207   345   345 D SAN_SERVICE: DM App Phone Service State - 0
07-02 16:16:49.207   345   345 D SAN_SERVICE: *******************************************
07-02 16:16:51.438   145   206 D Tethering: MasterInitialState.processMessage what=3
07-02 16:16:51.477   145   206 D Tethering: MasterInitialState.processMessage what=3
07-02 16:16:51.528 25931 25931 I MediaUploader: No need to wake up
07-02 16:16:51.574 25988 25988 W ContextScopeImpl: thread=1 tried to enter the scope of the application context. Ignored.
07-02 16:16:51.692 25931 25931 I MediaUploader: No need to wake up
07-02 16:16:51.738 25988 25988 W ContextScopeImpl: thread=1 tried to enter the scope of the application context. Ignored.
07-02 16:16:51.793 25873 26009 D PicasaSyncManager: active network: NetworkInfo: type: WIFI[], state: CONNECTED/CONNECTED, reason: (unspecified), extra: (none), roaming: false, failover: false, isAvailable: true
07-02 16:16:51.793 25873 26009 D PicasaSyncManager: background data: true
07-02 16:16:51.820 25988 25989 D dalvikvm: GC_CONCURRENT freed 333K, 5% free 9875K/10311K, paused 21ms+5ms
07-02 16:16:51.977   145   202 D ConnectivityService: handleInetConditionHoldEnd: net=1, condition=100, published condition=100
07-02 16:16:53.578   345   345 D SAN_SERVICE: *******************************************
07-02 16:16:53.578   345   345 D SAN_SERVICE: DM App Phone Service State - 0
07-02 16:16:53.578   345   345 D SAN_SERVICE: *******************************************
07-02 16:17:01.711   345   345 D SAN_SERVICE: *******************************************
07-02 16:17:01.711   345   345 D SAN_SERVICE: DM App Phone Service State - 0
07-02 16:17:01.711   345   345 D SAN_SERVICE: *******************************************
07-02 16:17:02.254   145   202 D NetUtils: android_net_utils_resetConnections in env=0x9a76d8 clazz=0xc5900001 iface=rmnet0 mask=0x3
07-02 16:17:02.254   145   202 D ConnectivityService: ConnectivityChange for mobile: DISCONNECTED/DISCONNECTED
07-02 16:17:02.254   145   202 D ConnectivityService: Attempting to switch to WIFI
07-02 16:17:02.254   145   202 D ConnectivityService: Attempting to switch to WIMAX
07-02 16:17:02.254   145   202 D ConnectivityService: Attempting to switch to BLUETOOTH_TETHER
07-02 16:17:02.254   145   202 D ConnectivityService: resetConnections(rmnet0, 3)
07-02 16:17:02.281   345   345 D SAN_SERVICE: *******************************************
07-02 16:17:02.281   345   345 D SAN_SERVICE: DM App Phone Service State - 1
07-02 16:17:02.281   345   345 D SAN_SERVICE: *******************************************
07-02 16:17:02.516   145   147 D dalvikvm: GC_CONCURRENT freed 1951K, 25% free 17632K/23367K, paused 8ms+8ms
07-02 16:17:05.289   145   206 D Tethering: MasterInitialState.processMessage what=3
07-02 16:17:05.336   145   206 D Tethering: MasterInitialState.processMessage what=3
07-02 16:17:05.406 25931 25931 I MediaUploader: No need to wake up
07-02 16:17:05.449 25988 25988 W ContextScopeImpl: thread=1 tried to enter the scope of the application context. Ignored.
07-02 16:17:05.504 25873 26009 D PicasaSyncManager: active network: NetworkInfo: type: WIFI[], state: CONNECTED/CONNECTED, reason: (unspecified), extra: (none), roaming: false, failover: false, isAvailable: true
07-02 16:17:05.516 25873 26009 D PicasaSyncManager: background data: true
07-02 16:17:05.531 25931 25931 I MediaUploader: No need to wake up
07-02 16:17:05.563 25988 25988 W ContextScopeImpl: thread=1 tried to enter the scope of the application context. Ignored.
07-02 16:17:05.617 25873 26009 D PicasaSyncManager: active network: NetworkInfo: type: WIFI[], state: CONNECTED/CONNECTED, reason: (unspecified), extra: (none), roaming: false, failover: false, isAvailable: true
07-02 16:17:05.621 25873 26009 D PicasaSyncManager: background data: true
07-02 16:17:05.871   145   202 D ConnectivityService: handleInetConditionHoldEnd: net=1, condition=100, published condition=100
07-02 16:17:06.465   345   345 D SAN_SERVICE: *******************************************
07-02 16:17:06.465   345   345 D SAN_SERVICE: DM App Phone Service State - 0
07-02 16:17:06.465   345   345 D SAN_SERVICE: *******************************************
07-02 16:17:07.684   345   345 D SAN_SERVICE: *******************************************
07-02 16:17:07.684   345   345 D SAN_SERVICE: DM App Phone Service State - 0
07-02 16:17:07.688   345   345 D SAN_SERVICE: *******************************************
07-02 16:17:08.227   345   345 D SAN_SERVICE: *******************************************
07-02 16:17:08.227   345   345 D SAN_SERVICE: DM App Phone Service State - 0
07-02 16:17:08.227   345   345 D SAN_SERVICE: *******************************************
07-02 16:17:10.758   145   175 I ActivityManager: Start proc com.twitter.android for service com.twitter.android/.client.AppService: pid=26249 uid=10064 gids={3003, 1015}
07-02 16:17:10.797 26249 26249 I dalvikvm: Turning on JNI app bug workarounds for target SDK version 11...
07-02 16:17:10.949   145  1149 D dalvikvm: GC_EXPLICIT freed 1002K, 25% free 17577K/23367K, paused 6ms+8ms
07-02 16:17:11.125 26249 26249 I ActivityThread: Pub com.twitter.android.provider.GlobalDatabaseProvider: com.twitter.android.provider.GlobalDatabaseProvider
07-02 16:17:11.137 26249 26249 I ActivityThread: Pub com.twitter.android.provider.TwitterProvider: com.twitter.android.provider.TwitterProvider
07-02 16:17:11.207   345   345 D SAN_SERVICE: *******************************************
07-02 16:17:11.207   345   345 D SAN_SERVICE: DM App Phone Service State - 0
07-02 16:17:11.207   345   345 D SAN_SERVICE: *******************************************
07-02 16:17:11.258 26249 26250 D dalvikvm: GC_CONCURRENT freed 208K, 4% free 9265K/9607K, paused 7ms+2ms
07-02 16:17:11.621 26249 26250 D dalvikvm: GC_CONCURRENT freed 179K, 4% free 9498K/9799K, paused 3ms+2ms
07-02 16:17:11.754 26249 26250 D dalvikvm: GC_CONCURRENT freed 300K, 5% free 9630K/10055K, paused 1ms+2ms
07-02 16:17:11.887 26249 26250 D dalvikvm: GC_CONCURRENT freed 315K, 5% free 9763K/10183K, paused 1ms+2ms
07-02 16:17:12.008 26249 26250 D dalvikvm: GC_CONCURRENT freed 297K, 5% free 9889K/10311K, paused 1ms+2ms
07-02 16:17:12.121 26249 26250 D dalvikvm: GC_CONCURRENT freed 296K, 4% free 10029K/10439K, paused 2ms+2ms
07-02 16:17:12.235 26249 26250 D dalvikvm: GC_CONCURRENT freed 310K, 4% free 10150K/10567K, paused 1ms+2ms
07-02 16:17:12.348 26249 26250 D dalvikvm: GC_CONCURRENT freed 306K, 4% free 10281K/10695K, paused 1ms+2ms
07-02 16:17:12.531 26249 26250 D dalvikvm: GC_CONCURRENT freed 476K, 6% free 10224K/10823K, paused 2ms+4ms
07-02 16:17:12.653 26249 26250 D dalvikvm: GC_CONCURRENT freed 325K, 5% free 10296K/10823K, paused 1ms+2ms
07-02 16:17:12.789 26249 26250 D dalvikvm: GC_CONCURRENT freed 318K, 5% free 10389K/10823K, paused 2ms+2ms
07-02 16:17:12.918 26249 26250 D dalvikvm: GC_CONCURRENT freed 379K, 5% free 10474K/10951K, paused 1ms+1ms
07-02 16:17:13.035 26249 26250 D dalvikvm: GC_CONCURRENT freed 341K, 5% free 10557K/11015K, paused 2ms+2ms
07-02 16:17:13.156 26249 26250 D dalvikvm: GC_CONCURRENT freed 335K, 4% free 10639K/11079K, paused 2ms+2ms
07-02 16:17:13.281 26249 26250 D dalvikvm: GC_CONCURRENT freed 364K, 5% free 10726K/11207K, paused 1ms+2ms
07-02 16:17:13.406 26249 26250 D dalvikvm: GC_CONCURRENT freed 402K, 5% free 10819K/11335K, paused 2ms+2ms
07-02 16:17:14.723 26249 26250 D dalvikvm: GC_CONCURRENT freed 342K, 5% free 11003K/11463K, paused 2ms+2ms
07-02 16:17:17.133 26249 26250 D dalvikvm: GC_CONCURRENT freed 497K, 5% free 11137K/11719K, paused 7ms+8ms
07-02 16:17:17.363   145   329 I ActivityManager: Process com.android.deskclock (pid 25469) has died.
07-02 16:17:28.383   345   345 D SAN_SERVICE: *******************************************
07-02 16:17:28.383   345   345 D SAN_SERVICE: DM App Phone Service State - 0
07-02 16:17:28.383   345   345 D SAN_SERVICE: *******************************************
07-02 16:17:28.762   145 22722 D AlarmManagerService: Kernel timezone updated to 240 minutes west of GMT
07-02 16:17:37.930   345   345 D SAN_SERVICE: *******************************************
07-02 16:17:37.930   345   345 D SAN_SERVICE: DM App Phone Service State - 0
07-02 16:17:37.930   345   345 D SAN_SERVICE: *******************************************
07-02 16:17:40.055   145   202 D ConnectivityService: ConnectivityChange for mobile: DISCONNECTED/DISCONNECTED
07-02 16:17:40.059   145   202 D NetUtils: android_net_utils_resetConnections in env=0x9a76d8 clazz=0xd3500001 iface=rmnet0 mask=0x3
07-02 16:17:40.059   145   202 D ConnectivityService: Attempting to switch to WIFI
07-02 16:17:40.059   145   202 D ConnectivityService: Attempting to switch to WIMAX
07-02 16:17:40.059   145   202 D ConnectivityService: Attempting to switch to BLUETOOTH_TETHER
07-02 16:17:40.059   145   202 D ConnectivityService: resetConnections(rmnet0, 3)
07-02 16:17:41.695   345   345 D SAN_SERVICE: *******************************************
07-02 16:17:41.695   345   345 D SAN_SERVICE: DM App Phone Service State - 0
07-02 16:17:41.695   345   345 D SAN_SERVICE: *******************************************
07-02 16:17:42.906 25666 25668 D dalvikvm: GC_CONCURRENT freed 535K, 6% free 10340K/10951K, paused 2ms+2ms
07-02 16:17:43.012 25147 25150 D dalvikvm: GC_CONCURRENT freed 400K, 8% free 10117K/10951K, paused 2ms+3ms
07-02 16:17:43.082   145   206 D Tethering: MasterInitialState.processMessage what=3
07-02 16:17:43.110   145   206 D Tethering: MasterInitialState.processMessage what=3
07-02 16:17:43.168 25931 25931 I MediaUploader: No need to wake up
07-02 16:17:43.231 25988 25988 W ContextScopeImpl: thread=1 tried to enter the scope of the application context. Ignored.
07-02 16:17:43.281 25873 26009 D PicasaSyncManager: active network: NetworkInfo: type: WIFI[], state: CONNECTED/CONNECTED, reason: (unspecified), extra: (none), roaming: false, failover: false, isAvailable: true
07-02 16:17:43.281 25873 26009 D PicasaSyncManager: background data: true
07-02 16:17:43.324 19717 19720 D dalvikvm: GC_CONCURRENT freed 423K, 8% free 10559K/11399K, paused 7ms+3ms
07-02 16:17:43.336 25931 25931 I MediaUploader: No need to wake up
07-02 16:17:43.375 25988 25988 W ContextScopeImpl: thread=1 tried to enter the scope of the application context. Ignored.
07-02 16:17:43.410 25873 26009 D PicasaSyncManager: active network: NetworkInfo: type: WIFI[], state: CONNECTED/CONNECTED, reason: (unspecified), extra: (none), roaming: false, failover: false, isAvailable: true
07-02 16:17:43.414 25873 26009 D PicasaSyncManager: background data: true
07-02 16:17:43.473 25947 25949 D dalvikvm: GC_CONCURRENT freed 423K, 6% free 10335K/10887K, paused 43ms+2ms
07-02 16:17:43.617   145   202 D ConnectivityService: handleInetConditionHoldEnd: net=1, condition=100, published condition=100
07-02 16:17:44.102   145  1149 I ActivityManager: Process com.android.calendar (pid 26060) has died.
07-02 16:17:47.156   145   202 D ConnectivityService: ConnectivityChange for mobile: CONNECTED/CONNECTED
07-02 16:17:47.184   145   202 D NetUtils: android_net_utils_resetConnections in env=0x9a76d8 clazz=0xdea00001 iface=rmnet0 mask=0x3
07-02 16:17:47.184   145   202 D ConnectivityService: ConnectivityChange for mobile: DISCONNECTED/DISCONNECTED
07-02 16:17:47.184   145   202 D ConnectivityService: Attempting to switch to WIFI
07-02 16:17:47.184   145   202 D ConnectivityService: Attempting to switch to WIMAX
07-02 16:17:47.184   145   202 D ConnectivityService: Attempting to switch to BLUETOOTH_TETHER
07-02 16:17:47.184   145   202 D ConnectivityService: resetConnections(rmnet0, 3)
07-02 16:17:47.399   145   147 D dalvikvm: GC_CONCURRENT freed 1975K, 25% free 17649K/23367K, paused 3ms+8ms
07-02 16:17:48.942   145  4009 D AlarmManagerService: Kernel timezone updated to 240 minutes west of GMT
07-02 16:17:53.352   145   206 D Tethering: MasterInitialState.processMessage what=3
07-02 16:17:53.359   145   206 D Tethering: MasterInitialState.processMessage what=3
07-02 16:17:53.484 25931 25931 I MediaUploader: No need to wake up
07-02 16:17:53.524 25988 25988 W ContextScopeImpl: thread=1 tried to enter the scope of the application context. Ignored.
07-02 16:17:53.590 25931 25931 I MediaUploader: No need to wake up
07-02 16:17:53.629 25988 25988 W ContextScopeImpl: thread=1 tried to enter the scope of the application context. Ignored.
07-02 16:17:53.633 25873 26009 D PicasaSyncManager: active network: NetworkInfo: type: WIFI[], state: CONNECTED/CONNECTED, reason: (unspecified), extra: (none), roaming: false, failover: false, isAvailable: true
07-02 16:17:53.641 25873 26009 D PicasaSyncManager: background data: true
07-02 16:17:53.672 25873 26009 D PicasaSyncManager: active network: NetworkInfo: type: WIFI[], state: CONNECTED/CONNECTED, reason: (unspecified), extra: (none), roaming: false, failover: false, isAvailable: true
07-02 16:17:53.672 25873 26009 D PicasaSyncManager: background data: true
07-02 16:17:53.906   145   202 D ConnectivityService: handleInetConditionHoldEnd: net=1, condition=100, published condition=100
07-02 16:17:59.848   145   145 D AlarmManagerService: Kernel timezone updated to 240 minutes west of GMT
07-02 16:18:07.746   145   361 D AlarmManagerService: Kernel timezone updated to 240 minutes west of GMT
07-02 16:18:07.766   345   345 D SAN_SERVICE: *******************************************
07-02 16:18:07.766   345   345 D SAN_SERVICE: DM App Phone Service State - 0
07-02 16:18:07.766   345   345 D SAN_SERVICE: *******************************************
07-02 16:18:27.445 25122 25137 I PhoneLab-: Service Running
07-02 16:18:27.520 25122 25137 I PhoneLab-LoggerService: app_37    1360  1     1436   996   c00f181c 400107b4 S logcat
07-02 16:18:27.524 25122 25137 I PhoneLab-LoggerService: Logcat pid from database 1360
07-02 16:18:27.524 25122 25137 I PhoneLab-LoggerService: Logcat process found 1360
07-02 16:18:27.524 25122 25137 I PhoneLab-LoggerService: Checking Threshold
07-02 16:18:28.008   345   345 D SAN_SERVICE: *******************************************
07-02 16:18:28.008   345   345 D SAN_SERVICE: DM App Phone Service State - 0
07-02 16:18:28.008   345   345 D SAN_SERVICE: *******************************************
07-02 16:18:28.090   145  1150 D AlarmManagerService: Kernel timezone updated to 240 minutes west of GMT
07-02 16:18:29.094   145 28236 D AlarmManagerService: Kernel timezone updated to 240 minutes west of GMT
07-02 16:18:30.008   345   345 D SAN_SERVICE: *******************************************
07-02 16:18:30.008   345   345 D SAN_SERVICE: DM App Phone Service State - 0
07-02 16:18:30.008   345   345 D SAN_SERVICE: *******************************************
07-02 16:18:30.067   345   347 D dalvikvm: GC_CONCURRENT freed 918K, 12% free 12244K/13895K, paused 2ms+4ms
07-02 16:18:42.992 25666 25668 D dalvikvm: GC_CONCURRENT freed 397K, 6% free 10337K/10951K, paused 12ms+2ms
07-02 16:18:43.043 25147 25150 D dalvikvm: GC_CONCURRENT freed 505K, 8% free 10122K/10951K, paused 1ms+2ms
07-02 16:18:56.500   145   145 D AlarmManagerService: Kernel timezone updated to 240 minutes west of GMT
07-02 16:19:11.051   145   329 D AlarmManagerService: Kernel timezone updated to 240 minutes west of GMT
07-02 16:19:14.348   306   306 I wpa_supplicant: wlan0: CTRL-EVENT-DISCONNECTED bssid=d0:c2:82:67:2e:71 reason=0
07-02 16:19:14.348 20701 20718 D CommandListener: Clearing all IP addresses on wlan0
07-02 16:19:14.363   145   202 D ConnectivityService: ConnectivityChange for WIFI: DISCONNECTED/DISCONNECTED
07-02 16:19:14.371   145   202 D ConnectivityService: Attempting to switch to mobile
07-02 16:19:14.371   145   202 D ConnectivityService: Attempting to switch to WIMAX
07-02 16:19:14.371   145   202 D ConnectivityService: Attempting to switch to BLUETOOTH_TETHER
07-02 16:19:14.379   145   202 E ConnectivityService: Exception trying to remove a route: java.lang.IllegalStateException: Unable to communicate with native dameon to add routes - com.android.server.NativeDaemonConnectorException: Cmd {interface route remove wlan0 default 67.20.213.254 32 0.0.0.0} failed with code 400 : {Failed to remove route from default table (No such process)}
07-02 16:19:14.383   145   202 D NetUtils: android_net_utils_resetConnections in env=0x9a76d8 clazz=0xee200001 iface=wlan0 mask=0x3
07-02 16:19:14.383   145   202 E ConnectivityService: Exception trying to remove a route: java.lang.IllegalStateException: Unable to communicate with native dameon to add routes - com.android.server.NativeDaemonConnectorException: Cmd {interface route remove wlan0 default 0.0.0.0 0 67.20.213.254} failed with code 400 : {Failed to remove route from default table (No such process)}
07-02 16:19:14.383   145   202 D ConnectivityService: resetConnections(wlan0, 3)
07-02 16:19:14.520 19717 26218 W Smack/Packet: notify conn break (IOEx), close connection
07-02 16:19:14.567 25766 25769 D dalvikvm: GC_CONCURRENT freed 372K, 6% free 9902K/10503K, paused 8ms+2ms
07-02 16:19:14.676 19717 26218 I qtaguid : Failed write_ctrl(u 99) res=-1 errno=22
07-02 16:19:14.676 19717 26218 I qtaguid : Untagging socket 99 failed errno=-22
07-02 16:19:14.676 19717 26218 W NetworkManagementSocketTagger: untagSocket(99) failed with errno -22
07-02 16:19:14.692   145   202 D ConnectivityService: handleInetConditionChange: no active default network - ignore
07-02 16:19:14.934   306   306 I wpa_supplicant: wlan0: Trying to associate with d0:c2:82:66:5b:71 (SSID='UB_Secure' freq=2437 MHz)
07-02 16:19:15.074   306   306 I wpa_supplicant: wlan0: Associated with d0:c2:82:66:5b:71
07-02 16:19:15.074   306   306 I wpa_supplicant: wlan0: CTRL-EVENT-EAP-STARTED EAP authentication started
07-02 16:19:15.078   306   306 I wpa_supplicant: wlan0: CTRL-EVENT-EAP-PROPOSED-METHOD vendor=0 method=4 -> NAK
07-02 16:19:15.086   306   306 I wpa_supplicant: wlan0: CTRL-EVENT-EAP-PROPOSED-METHOD vendor=0 method=25
07-02 16:19:15.086   306   306 I wpa_supplicant: wlan0: CTRL-EVENT-EAP-METHOD EAP vendor 0 method 25 (PEAP) selected
07-02 16:19:15.149   306   306 I wpa_supplicant: wlan0: CTRL-EVENT-EAP-PEER-CERT depth=2 subject='/C=US/O=Entrust.net/OU=www.entrust.net/CPS incorp. by ref. (limits liab.)/OU=(c) 1999 Entrust.net Limited/CN=Entrust.net Secure Server Certification Authority'
07-02 16:19:15.149   306   306 I wpa_supplicant: wlan0: CTRL-EVENT-EAP-PEER-CERT depth=2 subject='/C=US/O=Entrust.net/OU=www.entrust.net/CPS incorp. by ref. (limits liab.)/OU=(c) 1999 Entrust.net Limited/CN=Entrust.net Secure Server Certification Authority'
07-02 16:19:15.153   306   306 I wpa_supplicant: wlan0: CTRL-EVENT-EAP-PEER-CERT depth=1 subject='/C=US/ST=UT/L=Salt Lake City/O=The USERTRUST Network/CN=USERTrust Legacy Secure Server CA'
07-02 16:19:15.156   306   306 I wpa_supplicant: wlan0: CTRL-EVENT-EAP-PEER-CERT depth=0 subject='/C=US/postalCode=14260/ST=New York/L=Buffalo/street=305 Computing Center/O=SUNY AT BUFFALO/OU=Office of the President/OU=Issued through UNIVERSITY AT BUFFALO E-PKI Manager/OU=PremiumSSL Legacy/CN=ubsecure.acsu.buffalo.edu'
07-02 16:19:15.324   306   306 I wpa_supplicant: EAP-MSCHAPV2: Authentication succeeded
07-02 16:19:15.332   306   306 I wpa_supplicant: EAP-TLV: TLV Result - Success - EAP-TLV/Phase2 Completed
07-02 16:19:15.340   306   306 I wpa_supplicant: wlan0: CTRL-EVENT-EAP-SUCCESS EAP authentication completed successfully
07-02 16:19:15.430   306   306 I wpa_supplicant: wlan0: WPA: Key negotiation completed with d0:c2:82:66:5b:71 [PTK=CCMP GTK=TKIP]
07-02 16:19:15.430   306   306 I wpa_supplicant: wlan0: CTRL-EVENT-CONNECTED - Connection to d0:c2:82:66:5b:71 completed (reauth) [id=0 id_str=]
07-02 16:19:16.180   145   202 D ConnectivityService: ConnectivityChange for WIFI: CONNECTED/CONNECTED
07-02 16:19:16.231 25122 25122 I PhoneLab-WiFiReceiver: Wi-Fi is connected!
07-02 16:19:16.231 25122 25122 I PhoneLab-WiFiReceiver: SSID: UB_Secure BSSID: d0:c2:82:66:5b:71 RSSI: -200 LinkSpeed: -1
07-02 16:19:16.231 25122 25122 I PhoneLab-Locks: wake lock acquired
07-02 16:19:16.235 25122 25122 I PhoneLab-UploadLogs: Transfering log files now
07-02 16:19:16.235 25122 25122 I PhoneLab-UploadLogs: No log files to transfer
07-02 16:19:16.235 25122 25122 I PhoneLab-Locks: wake lock released
07-02 16:19:16.235 25122 25122 I PhoneLab-UploadLogs: OnStartCommand
07-02 16:19:16.266   145   197 W NetworkStats: dropping UID delta from unknown iface: iface=wlan0 uid=0 set=DEFAULT tag=0x0 rxBytes=0 rxPackets=0 txBytes=136 txPackets=2 operations=0
07-02 16:19:17.184   145   202 D ConnectivityService: NetTransition Wakelock for WifiStateMachine released by timeout
07-02 16:19:17.449   145   206 D Tethering: MasterInitialState.processMessage what=3
07-02 16:19:17.496 19717 19717 I GTalkService/c: [AndroidEndpoint@1094222040] connect: acct=1000000, state=CONNECTING
07-02 16:19:17.524 25856 25858 D dalvikvm: GC_CONCURRENT freed 332K, 5% free 9332K/9799K, paused 1ms+3ms
07-02 16:19:17.543 19717 19717 I GTalkService/c: [GTalkConnection@1094322432] connect: acct=1, state=CONNECTING
07-02 16:19:17.570 25931 25931 I MediaUploader: No need to wake up
07-02 16:19:17.574 25122 25122 I PhoneLab-WiFiReceiver: Wi-Fi is disconnected!
07-02 16:19:17.629 25988 25988 W ContextScopeImpl: thread=1 tried to enter the scope of the application context. Ignored.
07-02 16:19:17.684 25873 26009 D PicasaSyncManager: active network: NetworkInfo: type: WIFI[], state: CONNECTED/CONNECTED, reason: (unspecified), extra: (none), roaming: false, failover: false, isAvailable: true
07-02 16:19:17.707 25873 26009 D PicasaSyncManager: background data: true
07-02 16:19:17.746   145   147 D dalvikvm: GC_CONCURRENT freed 1945K, 25% free 17675K/23367K, paused 3ms+10ms
07-02 16:19:18.598 19717 19720 D dalvikvm: GC_CONCURRENT freed 410K, 8% free 10555K/11399K, paused 2ms+3ms
07-02 16:19:19.258   145   206 D Tethering: MasterInitialState.processMessage what=3
07-02 16:19:19.356 25931 25931 I MediaUploader: No need to wake up
07-02 16:19:19.395 25988 25988 W ContextScopeImpl: thread=1 tried to enter the scope of the application context. Ignored.
07-02 16:19:19.570   145 22722 D dalvikvm: GC_EXPLICIT freed 390K, 25% free 17586K/23367K, paused 3ms+9ms
07-02 16:19:19.574 25873 26009 D PicasaSyncManager: active network: NetworkInfo: type: WIFI[], state: CONNECTED/CONNECTED, reason: (unspecified), extra: (none), roaming: false, failover: false, isAvailable: true
07-02 16:19:19.574 25873 26009 D PicasaSyncManager: background data: true
07-02 16:19:20.856   145   202 D ConnectivityService: handleInetConditionHoldEnd: net=1, condition=100, published condition=0
07-02 16:19:21.887 26138 26141 D dalvikvm: GC_CONCURRENT freed 401K, 6% free 9344K/9863K, paused 17ms+2ms
07-02 16:19:24.422   145 21614 I ActivityManager: Process com.twitter.android (pid 26249) has died.
07-02 16:19:24.477   375   377 D dalvikvm: GC_CONCURRENT freed 753K, 22% free 11620K/14791K, paused 2ms+3ms
07-02 16:19:27.106   145   202 D ConnectivityService: ConnectivityChange for mobile: CONNECTED/CONNECTED
07-02 16:19:27.137   145   202 D NetUtils: android_net_utils_resetConnections in env=0x9a76d8 clazz=0x3600001 iface=rmnet0 mask=0x3
07-02 16:19:27.137   145   202 D ConnectivityService: ConnectivityChange for mobile: DISCONNECTED/DISCONNECTED
07-02 16:19:27.137   145   202 D ConnectivityService: Attempting to switch to WIFI
07-02 16:19:27.137   145   202 D ConnectivityService: Attempting to switch to WIMAX
07-02 16:19:27.137   145   202 D ConnectivityService: Attempting to switch to BLUETOOTH_TETHER
07-02 16:19:27.137   145   202 D ConnectivityService: resetConnections(rmnet0, 3)
07-02 16:19:30.195   145   206 D Tethering: MasterInitialState.processMessage what=3
07-02 16:19:31.348   145   206 D Tethering: MasterInitialState.processMessage what=3
07-02 16:19:31.426 25931 25931 I MediaUploader: No need to wake up
07-02 16:19:31.477 25988 25988 W ContextScopeImpl: thread=1 tried to enter the scope of the application context. Ignored.
07-02 16:19:31.563 25873 26009 D PicasaSyncManager: active network: NetworkInfo: type: WIFI[], state: CONNECTED/CONNECTED, reason: (unspecified), extra: (none), roaming: false, failover: false, isAvailable: true
07-02 16:19:31.570 25873 26009 D PicasaSyncManager: background data: true
07-02 16:19:31.582 19717 19720 D dalvikvm: GC_CONCURRENT freed 447K, 8% free 10547K/11399K, paused 2ms+3ms
07-02 16:19:31.621 25931 25931 I MediaUploader: No need to wake up
07-02 16:19:31.653 25988 25988 W ContextScopeImpl: thread=1 tried to enter the scope of the application context. Ignored.
07-02 16:19:31.695 25873 25875 D dalvikvm: GC_CONCURRENT freed 1132K, 9% free 12773K/14023K, paused 2ms+9ms
07-02 16:19:31.738 25873 26009 D PicasaSyncManager: active network: NetworkInfo: type: WIFI[], state: CONNECTED/CONNECTED, reason: (unspecified), extra: (none), roaming: false, failover: false, isAvailable: true
07-02 16:19:31.742 25873 26009 D PicasaSyncManager: background data: true
07-02 16:19:31.852   145   202 D ConnectivityService: handleInetConditionHoldEnd: net=1, condition=100, published condition=100
07-02 16:19:42.090 25147 25150 D dalvikvm: GC_CONCURRENT freed 349K, 8% free 10165K/10951K, paused 14ms+2ms
07-02 16:19:42.801   306   306 I wpa_supplicant: wlan0: CTRL-EVENT-DISCONNECTED bssid=d0:c2:82:66:5b:71 reason=0
07-02 16:19:42.805 20701 20718 D CommandListener: Clearing all IP addresses on wlan0
07-02 16:19:42.856   145   202 D ConnectivityService: ConnectivityChange for WIFI: DISCONNECTED/DISCONNECTED
07-02 16:19:42.856   145   202 D ConnectivityService: Attempting to switch to mobile
07-02 16:19:42.856   145   202 D ConnectivityService: Attempting to switch to WIMAX
07-02 16:19:42.856   145   202 D ConnectivityService: Attempting to switch to BLUETOOTH_TETHER
07-02 16:19:42.891   145   202 E ConnectivityService: Exception trying to remove a route: java.lang.IllegalStateException: Unable to communicate with native dameon to add routes - com.android.server.NativeDaemonConnectorException: Cmd {interface route remove wlan0 default 67.20.213.254 32 0.0.0.0} failed with code 400 : {Failed to remove route from default table (No such process)}
07-02 16:19:42.895   145   202 D NetUtils: android_net_utils_resetConnections in env=0x9a76d8 clazz=0xfd00001 iface=wlan0 mask=0x3
07-02 16:19:42.895   145   202 E ConnectivityService: Exception trying to remove a route: java.lang.IllegalStateException: Unable to communicate with native dameon to add routes - com.android.server.NativeDaemonConnectorException: Cmd {interface route remove wlan0 default 0.0.0.0 0 67.20.213.254} failed with code 400 : {Failed to remove route from default table (No such process)}
07-02 16:19:42.895   145   202 D ConnectivityService: resetConnections(wlan0, 3)
07-02 16:19:42.984 19717 26329 W Smack/Packet: notify conn break (IOEx), close connection
07-02 16:19:43.137 19717 26329 I qtaguid : Failed write_ctrl(u 99) res=-1 errno=22
07-02 16:19:43.137 19717 26329 I qtaguid : Untagging socket 99 failed errno=-22
07-02 16:19:43.137 19717 26329 W NetworkManagementSocketTagger: untagSocket(99) failed with errno -22
07-02 16:19:43.141   145   202 D ConnectivityService: handleInetConditionChange: no active default network - ignore
07-02 16:19:43.395   306   306 I wpa_supplicant: wlan0: Trying to associate with 00:86:11:15:d0:e1 (SSID='konoha' freq=2437 MHz)
07-02 16:19:43.438   306   306 I wpa_supplicant: wlan0: Associated with 00:86:11:15:d0:e1
07-02 16:19:43.438   306   306 I wpa_supplicant: wlan0: CTRL-EVENT-EAP-SUCCESS EAP authentication completed successfully (based on lower layer success)
07-02 16:19:43.512   306   306 I wpa_supplicant: wlan0: WPA: Key negotiation completed with 00:86:11:15:d0:e1 [PTK=CCMP GTK=CCMP]
07-02 16:19:43.512   306   306 I wpa_supplicant: wlan0: CTRL-EVENT-CONNECTED - Connection to 00:86:11:15:d0:e1 completed (reauth) [id=1 id_str=]
07-02 16:19:45.918   145   206 D Tethering: MasterInitialState.processMessage what=3
07-02 16:19:45.996 25931 25931 I MediaUploader: No need to wake up
07-02 16:19:46.020 25122 25122 I PhoneLab-WiFiReceiver: Wi-Fi is disconnected!
07-02 16:19:46.160   145   147 D dalvikvm: GC_CONCURRENT freed 1919K, 25% free 17667K/23367K, paused 6ms+9ms
07-02 16:19:46.199 25873 26009 D PicasaSyncManager: active network: null
07-02 16:19:46.199 25873 26009 D PicasaSyncManager: background data: true
07-02 16:19:47.238 25147 25150 D dalvikvm: GC_CONCURRENT freed 202K, 6% free 10350K/10951K, paused 16ms+4ms
07-02 16:19:48.805   145   202 D ConnectivityService: ConnectivityChange for WIFI: CONNECTED/CONNECTED
07-02 16:19:48.832 25122 25122 I PhoneLab-WiFiReceiver: Wi-Fi is connected!
07-02 16:19:48.832 25122 25122 I PhoneLab-WiFiReceiver: SSID: konoha BSSID: 00:86:11:15:d0:e1 RSSI: -200 LinkSpeed: -1
07-02 16:19:48.832 25122 25122 I PhoneLab-Locks: wake lock acquired
07-02 16:19:48.844 25122 25122 I PhoneLab-UploadLogs: Transfering log files now
07-02 16:19:48.844 25122 25122 I PhoneLab-UploadLogs: No log files to transfer
07-02 16:19:48.844 25122 25122 I PhoneLab-Locks: wake lock released
07-02 16:19:48.844 25122 25122 I PhoneLab-UploadLogs: OnStartCommand
07-02 16:19:48.871   145   197 W NetworkStats: dropping UID delta from unknown iface: iface=wlan0 uid=0 set=DEFAULT tag=0x0 rxBytes=0 rxPackets=0 txBytes=272 txPackets=4 operations=0
07-02 16:19:48.922 25122 25124 D dalvikvm: GC_CONCURRENT freed 428K, 15% free 9120K/10631K, paused 3ms+2ms
07-02 16:19:49.809   145   202 D ConnectivityService: NetTransition Wakelock for WifiStateMachine released by timeout
07-02 16:19:50.121 19717 19717 I GTalkService/c: [AndroidEndpoint@1094222040] connect: acct=1000000, state=CONNECTING
07-02 16:19:50.129 19717 19717 I GTalkService/c: [GTalkConnection@1094322432] connect: acct=1, state=CONNECTING
07-02 16:19:51.168   145   202 D ConnectivityService: ConnectivityChange for mobile: CONNECTED/CONNECTED
07-02 16:19:51.195   145   202 D NetUtils: android_net_utils_resetConnections in env=0x9a76d8 clazz=0x24400001 iface=rmnet0 mask=0x3
07-02 16:19:51.195   145   202 D ConnectivityService: ConnectivityChange for mobile: DISCONNECTED/DISCONNECTED
07-02 16:19:51.195   145   202 D ConnectivityService: Attempting to switch to WIFI
07-02 16:19:51.195   145   202 D ConnectivityService: Attempting to switch to WIMAX
07-02 16:19:51.195   145   202 D ConnectivityService: Attempting to switch to BLUETOOTH_TETHER
07-02 16:19:51.195   145   202 D ConnectivityService: resetConnections(rmnet0, 3)
07-02 16:19:51.891   145   206 D Tethering: MasterInitialState.processMessage what=3
07-02 16:19:51.949 25931 25931 I MediaUploader: No need to wake up
07-02 16:19:52.008 25988 25988 W ContextScopeImpl: thread=1 tried to enter the scope of the application context. Ignored.
07-02 16:19:52.090 25873 26009 D PicasaSyncManager: active network: NetworkInfo: type: WIFI[], state: CONNECTED/CONNECTED, reason: (unspecified), extra: (none), roaming: false, failover: false, isAvailable: true
07-02 16:19:52.098 25873 26009 D PicasaSyncManager: background data: true
07-02 16:19:52.207 24918 24921 D dalvikvm: GC_CONCURRENT freed 485K, 6% free 10846K/11463K, paused 17ms+7ms
07-02 16:19:53.567 19717 19720 D dalvikvm: GC_CONCURRENT freed 384K, 8% free 10550K/11399K, paused 6ms+4ms
07-02 16:19:54.242   145   206 D Tethering: MasterInitialState.processMessage what=3
07-02 16:19:54.266   145   206 D Tethering: MasterInitialState.processMessage what=3
07-02 16:19:54.317 25931 25931 I MediaUploader: No need to wake up
07-02 16:19:54.367 25988 25988 W ContextScopeImpl: thread=1 tried to enter the scope of the application context. Ignored.
07-02 16:19:54.402 25873 26009 D PicasaSyncManager: active network: NetworkInfo: type: WIFI[], state: CONNECTED/CONNECTED, reason: (unspecified), extra: (none), roaming: false, failover: false, isAvailable: true
07-02 16:19:54.434 25931 25931 I MediaUploader: No need to wake up
07-02 16:19:54.481 25988 25988 W ContextScopeImpl: thread=1 tried to enter the scope of the application context. Ignored.
07-02 16:19:54.488 25873 26009 D PicasaSyncManager: background data: true
07-02 16:19:54.531 25873 26009 D PicasaSyncManager: active network: NetworkInfo: type: WIFI[], state: CONNECTED/CONNECTED, reason: (unspecified), extra: (none), roaming: false, failover: false, isAvailable: true
07-02 16:19:54.535 25873 26009 D PicasaSyncManager: background data: true
07-02 16:19:54.609   345 21615 D dalvikvm: GC_EXPLICIT freed 516K, 13% free 12226K/13895K, paused 2ms+3ms
07-02 16:19:54.918 25147 25150 D dalvikvm: GC_CONCURRENT freed 621K, 8% free 10122K/10951K, paused 1ms+3ms
07-02 16:19:57.438   145   310 D dalvikvm: GC_EXPLICIT freed 1717K, 25% free 17567K/23367K, paused 24ms+8ms
07-02 16:19:58.137   145   202 D ConnectivityService: handleInetConditionHoldEnd: net=1, condition=100, published condition=0
07-02 16:19:59.317 19717 19720 D dalvikvm: GC_CONCURRENT freed 384K, 8% free 10577K/11399K, paused 2ms+4ms
07-02 16:20:15.067 25194 25208 D GetStringObjTask: retrieving from url = http://www.chess.com/api/get_move_status?id=y3ICtufzg6w7rQqcD3KFujVaIanpYba4bIpaeKElV1LNz3Sz4Fk9Yh5CeWaj8h4bQ2RY0CxFVgA%2ByBE5DE%2B1cAuw4i%2Bp2GVj5RbuDPEUotReGbS25iAukuBsuUd%2Fl5dp
07-02 16:20:42.992 25666 25668 D dalvikvm: GC_CONCURRENT freed 492K, 5% free 10439K/10951K, paused 2ms+9ms
07-02 16:20:43.551   216   218 D dalvikvm: GC_CONCURRENT freed 410K, 31% free 9934K/14343K, paused 7ms+3ms
07-02 16:20:43.602   216   216 D dalvikvm: GC_FOR_ALLOC freed 640K, 33% free 9740K/14343K, paused 15ms
07-02 16:20:43.723   216   218 D dalvikvm: GC_CONCURRENT freed 384K, 32% free 9801K/14343K, paused 2ms+3ms
07-02 16:20:50.426   306   306 I wpa_supplicant: wlan0: CTRL-EVENT-DISCONNECTED bssid=00:86:11:15:d0:e1 reason=0
07-02 16:20:50.445 20701 20718 D CommandListener: Clearing all IP addresses on wlan0
07-02 16:20:50.488   145   202 D ConnectivityService: ConnectivityChange for WIFI: DISCONNECTED/DISCONNECTED
07-02 16:20:50.492   145   202 D ConnectivityService: Attempting to switch to mobile
07-02 16:20:50.492   145   202 D ConnectivityService: Attempting to switch to WIMAX
07-02 16:20:50.492   145   202 D ConnectivityService: Attempting to switch to BLUETOOTH_TETHER
07-02 16:20:50.524   145   202 E ConnectivityService: Exception trying to remove a route: java.lang.IllegalStateException: Unable to communicate with native dameon to add routes - com.android.server.NativeDaemonConnectorException: Cmd {interface route remove wlan0 default 192.168.0.1 32 0.0.0.0} failed with code 400 : {Failed to remove route from default table (No such process)}
07-02 16:20:50.531   145   202 D NetUtils: android_net_utils_resetConnections in env=0x9a76d8 clazz=0x32200001 iface=wlan0 mask=0x3
07-02 16:20:50.531   145   202 E ConnectivityService: Exception trying to remove a route: java.lang.IllegalStateException: Unable to communicate with native dameon to add routes - com.android.server.NativeDaemonConnectorException: Cmd {interface route remove wlan0 default 0.0.0.0 0 192.168.0.1} failed with code 400 : {Failed to remove route from default table (No such process)}
07-02 16:20:50.531   145   202 D ConnectivityService: resetConnections(wlan0, 3)
07-02 16:20:50.633 19717 26401 W Smack/Packet: notify conn break (IOEx), close connection
07-02 16:20:50.781 19717 26401 I qtaguid : Failed write_ctrl(u 99) res=-1 errno=22
07-02 16:20:50.781 19717 26401 I qtaguid : Untagging socket 99 failed errno=-22
07-02 16:20:50.781 19717 26401 W NetworkManagementSocketTagger: untagSocket(99) failed with errno -22
07-02 16:20:50.809   145   202 D ConnectivityService: handleInetConditionChange: no active default network - ignore
07-02 16:20:51.078   306   306 I wpa_supplicant: wlan0: Trying to associate with d0:c2:82:67:2e:71 (SSID='UB_Secure' freq=2412 MHz)
07-02 16:20:51.254   306   306 I wpa_supplicant: wlan0: Associated with d0:c2:82:67:2e:71
07-02 16:20:51.254   306   306 I wpa_supplicant: wlan0: CTRL-EVENT-EAP-STARTED EAP authentication started
07-02 16:20:51.262   306   306 I wpa_supplicant: wlan0: CTRL-EVENT-EAP-PROPOSED-METHOD vendor=0 method=4 -> NAK
07-02 16:20:51.270   306   306 I wpa_supplicant: wlan0: CTRL-EVENT-EAP-PROPOSED-METHOD vendor=0 method=25
07-02 16:20:51.278   306   306 I wpa_supplicant: wlan0: CTRL-EVENT-EAP-METHOD EAP vendor 0 method 25 (PEAP) selected
07-02 16:20:51.340   306   306 I wpa_supplicant: wlan0: CTRL-EVENT-EAP-PEER-CERT depth=2 subject='/C=US/O=Entrust.net/OU=www.entrust.net/CPS incorp. by ref. (limits liab.)/OU=(c) 1999 Entrust.net Limited/CN=Entrust.net Secure Server Certification Authority'
07-02 16:20:51.340   306   306 I wpa_supplicant: wlan0: CTRL-EVENT-EAP-PEER-CERT depth=2 subject='/C=US/O=Entrust.net/OU=www.entrust.net/CPS incorp. by ref. (limits liab.)/OU=(c) 1999 Entrust.net Limited/CN=Entrust.net Secure Server Certification Authority'
07-02 16:20:51.340   306   306 I wpa_supplicant: wlan0: CTRL-EVENT-EAP-PEER-CERT depth=1 subject='/C=US/ST=UT/L=Salt Lake City/O=The USERTRUST Network/CN=USERTrust Legacy Secure Server CA'
07-02 16:20:51.344   306   306 I wpa_supplicant: wlan0: CTRL-EVENT-EAP-PEER-CERT depth=0 subject='/C=US/postalCode=14260/ST=New York/L=Buffalo/street=305 Computing Center/O=SUNY AT BUFFALO/OU=Office of the President/OU=Issued through UNIVERSITY AT BUFFALO E-PKI Manager/OU=PremiumSSL Legacy/CN=ubsecure.acsu.buffalo.edu'
07-02 16:20:51.500   306   306 I wpa_supplicant: EAP-MSCHAPV2: Authentication succeeded
07-02 16:20:51.508   306   306 I wpa_supplicant: EAP-TLV: TLV Result - Success - EAP-TLV/Phase2 Completed
07-02 16:20:51.516   306   306 I wpa_supplicant: wlan0: CTRL-EVENT-EAP-SUCCESS EAP authentication completed successfully
07-02 16:20:51.555   306   306 I wpa_supplicant: wlan0: WPA: Key negotiation completed with d0:c2:82:67:2e:71 [PTK=CCMP GTK=TKIP]
07-02 16:20:51.555   306   306 I wpa_supplicant: wlan0: CTRL-EVENT-CONNECTED - Connection to d0:c2:82:67:2e:71 completed (reauth) [id=0 id_str=]
07-02 16:20:52.449 25122 25137 I PhoneLab-: Service Running
07-02 16:20:52.531 25122 25137 I PhoneLab-LoggerService: app_37    1360  1     1436   996   c00f181c 400107b4 S logcat
07-02 16:20:52.535 25122 25137 I PhoneLab-LoggerService: Logcat pid from database 1360
07-02 16:20:52.535 25122 25137 I PhoneLab-LoggerService: Logcat process found 1360
07-02 16:20:52.535 25122 25137 I PhoneLab-LoggerService: Checking Threshold
07-02 16:20:53.563   145   206 D Tethering: MasterInitialState.processMessage what=3
07-02 16:20:53.656 25931 25931 I MediaUploader: No need to wake up
07-02 16:20:53.660 25122 25122 I PhoneLab-WiFiReceiver: Wi-Fi is disconnected!
07-02 16:20:53.723 25873 26009 D PicasaSyncManager: active network: null
07-02 16:20:53.723 25873 26009 D PicasaSyncManager: background data: true
07-02 16:20:54.070   145   202 D ConnectivityService: ConnectivityChange for WIFI: CONNECTED/CONNECTED
07-02 16:20:54.098 25122 25122 I PhoneLab-WiFiReceiver: Wi-Fi is connected!
07-02 16:20:54.098 25122 25122 I PhoneLab-WiFiReceiver: SSID: UB_Secure BSSID: d0:c2:82:67:2e:71 RSSI: -200 LinkSpeed: -1
07-02 16:20:54.098 25122 25122 I PhoneLab-Locks: wake lock acquired
07-02 16:20:54.102 25122 25122 I PhoneLab-UploadLogs: Transfering log files now
07-02 16:20:54.102 25122 25122 I PhoneLab-UploadLogs: No log files to transfer
07-02 16:20:54.102 25122 25122 I PhoneLab-Locks: wake lock released
07-02 16:20:54.106 25122 25122 I PhoneLab-UploadLogs: OnStartCommand
07-02 16:20:54.133   145   197 W NetworkStats: dropping UID delta from unknown iface: iface=wlan0 uid=0 set=DEFAULT tag=0x0 rxBytes=332 rxPackets=1 txBytes=272 txPackets=4 operations=0
07-02 16:20:55.074   145   202 D ConnectivityService: NetTransition Wakelock for WifiStateMachine released by timeout
07-02 16:20:56.281 25194 25208 D GetStringObjTask: WebRequest SERVER RESPONSE: Success+0
07-02 16:20:57.149   145   206 D Tethering: MasterInitialState.processMessage what=3
07-02 16:20:57.195 19717 19717 I GTalkService/c: [AndroidEndpoint@1094222040] connect: acct=1000000, state=CONNECTING
07-02 16:20:57.199 19717 19717 I GTalkService/c: [GTalkConnection@1094322432] connect: acct=1, state=CONNECTING
07-02 16:20:57.231 25931 25931 I MediaUploader: No need to wake up
07-02 16:20:57.274 25988 25988 W ContextScopeImpl: thread=1 tried to enter the scope of the application context. Ignored.
07-02 16:20:57.324 25873 26009 D PicasaSyncManager: active network: NetworkInfo: type: WIFI[], state: CONNECTED/CONNECTED, reason: (unspecified), extra: (none), roaming: false, failover: false, isAvailable: true
07-02 16:20:57.332 25873 26009 D PicasaSyncManager: background data: true
07-02 16:20:58.477 25766 25769 D dalvikvm: GC_CONCURRENT freed 373K, 6% free 9953K/10503K, paused 19ms+3ms
07-02 16:20:58.539 19717 19720 D dalvikvm: GC_CONCURRENT freed 433K, 8% free 10556K/11399K, paused 5ms+3ms
07-02 16:21:00.235   145   202 D ConnectivityService: handleInetConditionHoldEnd: net=1, condition=100, published condition=0
07-02 16:21:00.707   145   147 D dalvikvm: GC_CONCURRENT freed 1767K, 25% free 17724K/23367K, paused 22ms+9ms
07-02 16:21:05.742 19717 19720 D dalvikvm: GC_CONCURRENT freed 389K, 8% free 10574K/11399K, paused 9ms+4ms
07-02 16:21:09.899   345   345 D SAN_SERVICE: *******************************************
07-02 16:21:09.899   345   345 D SAN_SERVICE: DM App Phone Service State - 0
07-02 16:21:09.899   345   345 D SAN_SERVICE: *******************************************
07-02 16:21:25.047   345   345 D SAN_SERVICE: *******************************************
07-02 16:21:25.047   345   345 D SAN_SERVICE: DM App Phone Service State - 0
07-02 16:21:25.047   345   345 D SAN_SERVICE: *******************************************
07-02 16:21:25.262   345   345 D SAN_SERVICE: *******************************************
07-02 16:21:25.262   345   345 D SAN_SERVICE: DM App Phone Service State - 0
07-02 16:21:25.266   345   345 D SAN_SERVICE: *******************************************
07-02 16:21:26.278   145   156 D AlarmManagerService: Kernel timezone updated to 240 minutes west of GMT
07-02 16:21:30.293   145   329 D AlarmManagerService: Kernel timezone updated to 240 minutes west of GMT
07-02 16:21:32.297   145  4009 D AlarmManagerService: Kernel timezone updated to 240 minutes west of GMT
07-02 16:21:32.485   145   202 D NetUtils: android_net_utils_resetConnections in env=0x9a76d8 clazz=0x49800001 iface=rmnet0 mask=0x3
07-02 16:21:32.485   145   202 D ConnectivityService: ConnectivityChange for mobile: DISCONNECTED/DISCONNECTED
07-02 16:21:32.485   145   202 D ConnectivityService: Attempting to switch to WIFI
07-02 16:21:32.485   145   202 D ConnectivityService: Attempting to switch to WIMAX
07-02 16:21:32.485   145   202 D ConnectivityService: Attempting to switch to BLUETOOTH_TETHER
07-02 16:21:32.485   145   202 D ConnectivityService: resetConnections(rmnet0, 3)
07-02 16:21:35.516   145   206 D Tethering: MasterInitialState.processMessage what=3
07-02 16:21:35.590   145   206 D Tethering: MasterInitialState.processMessage what=3
07-02 16:21:35.621 25931 25931 I MediaUploader: No need to wake up
07-02 16:21:35.660 25988 25988 W ContextScopeImpl: thread=1 tried to enter the scope of the application context. Ignored.
07-02 16:21:35.762 25873 26009 D PicasaSyncManager: active network: NetworkInfo: type: WIFI[], state: CONNECTED/CONNECTED, reason: (unspecified), extra: (none), roaming: false, failover: false, isAvailable: true
07-02 16:21:35.778 25931 25931 I MediaUploader: No need to wake up
07-02 16:21:35.801 25873 26009 D PicasaSyncManager: background data: true
07-02 16:21:35.820 25988 25988 W ContextScopeImpl: thread=1 tried to enter the scope of the application context. Ignored.
07-02 16:21:35.922   145  1149 D dalvikvm: GC_EXPLICIT freed 1639K, 25% free 17641K/23367K, paused 3ms+19ms
07-02 16:21:35.938 25873 26009 D PicasaSyncManager: active network: NetworkInfo: type: WIFI[], state: CONNECTED/CONNECTED, reason: (unspecified), extra: (none), roaming: false, failover: false, isAvailable: true
07-02 16:21:35.942 25873 26009 D PicasaSyncManager: background data: true
07-02 16:21:36.031   345   345 D SAN_SERVICE: *******************************************
07-02 16:21:36.031   345   345 D SAN_SERVICE: DM App Phone Service State - 0
07-02 16:21:36.031   345   345 D SAN_SERVICE: *******************************************
07-02 16:21:36.063   145   202 D ConnectivityService: handleInetConditionHoldEnd: net=1, condition=100, published condition=100
07-02 16:21:37.403   345   345 D SAN_SERVICE: *******************************************
07-02 16:21:37.403   345   345 D SAN_SERVICE: DM App Phone Service State - 0
07-02 16:21:37.403   345   345 D SAN_SERVICE: *******************************************
07-02 16:21:41.309   345   345 D SAN_SERVICE: *******************************************
07-02 16:21:41.309   345   345 D SAN_SERVICE: DM App Phone Service State - 0
07-02 16:21:41.309   345   345 D SAN_SERVICE: *******************************************
07-02 16:21:43.149 25666 25668 D dalvikvm: GC_CONCURRENT freed 529K, 6% free 10357K/11015K, paused 5ms+2ms
07-02 16:21:43.180 25147 25150 D dalvikvm: GC_CONCURRENT freed 466K, 8% free 10166K/10951K, paused 2ms+2ms
07-02 16:21:48.039   345   345 D SAN_SERVICE: *******************************************
07-02 16:21:48.039   345   345 D SAN_SERVICE: DM App Phone Service State - 0
07-02 16:21:48.039   345   345 D SAN_SERVICE: *******************************************
07-02 16:21:50.559   345   345 D SAN_SERVICE: *******************************************
07-02 16:21:50.559   345   345 D SAN_SERVICE: DM App Phone Service State - 0
07-02 16:21:50.559   345   345 D SAN_SERVICE: *******************************************
07-02 16:21:51.098   345   345 D SAN_SERVICE: *******************************************
07-02 16:21:51.098   345   345 D SAN_SERVICE: DM App Phone Service State - 0
07-02 16:21:51.098   345   345 D SAN_SERVICE: *******************************************
07-02 16:21:51.926 25122 25137 I PhoneLab-: Service Running
07-02 16:21:51.996 25122 25137 I PhoneLab-LoggerService: app_37    1360  1     1436   996   c00f181c 400107b4 S logcat
07-02 16:21:51.996 25122 25137 I PhoneLab-LoggerService: Logcat pid from database 1360
07-02 16:21:51.996 25122 25137 I PhoneLab-LoggerService: Logcat process found 1360
07-02 16:21:51.996 25122 25137 I PhoneLab-LoggerService: Checking Threshold
07-02 16:22:02.238   345   345 D SAN_SERVICE: *******************************************
07-02 16:22:02.242   345   345 D SAN_SERVICE: DM App Phone Service State - 0
07-02 16:22:02.242   345   345 D SAN_SERVICE: *******************************************
07-02 16:22:05.567   345   345 D SAN_SERVICE: *******************************************
07-02 16:22:05.567   345   345 D SAN_SERVICE: DM App Phone Service State - 0
07-02 16:22:05.567   345   345 D SAN_SERVICE: *******************************************
07-02 16:22:17.340   145   175 I ActivityManager: Start proc com.twitter.android for service com.twitter.android/.client.AppService: pid=26481 uid=10064 gids={3003, 1015}
07-02 16:22:17.375 26481 26481 I dalvikvm: Turning on JNI app bug workarounds for target SDK version 11...
07-02 16:22:17.598 26481 26481 I ActivityThread: Pub com.twitter.android.provider.GlobalDatabaseProvider: com.twitter.android.provider.GlobalDatabaseProvider
07-02 16:22:17.617 26481 26481 I ActivityThread: Pub com.twitter.android.provider.TwitterProvider: com.twitter.android.provider.TwitterProvider
07-02 16:22:17.805 26481 26482 D dalvikvm: GC_CONCURRENT freed 187K, 4% free 9289K/9607K, paused 23ms+2ms
07-02 16:22:18.160 26481 26482 D dalvikvm: GC_CONCURRENT freed 225K, 4% free 9511K/9863K, paused 6ms+3ms
07-02 16:22:18.293 26481 26482 D dalvikvm: GC_CONCURRENT freed 293K, 5% free 9633K/10055K, paused 1ms+1ms
07-02 16:22:18.422 26481 26482 D dalvikvm: GC_CONCURRENT freed 302K, 5% free 9762K/10183K, paused 2ms+2ms
07-02 16:22:18.547 26481 26482 D dalvikvm: GC_CONCURRENT freed 308K, 5% free 9893K/10311K, paused 2ms+2ms
07-02 16:22:18.660 26481 26482 D dalvikvm: GC_CONCURRENT freed 306K, 4% free 10025K/10439K, paused 2ms+1ms
07-02 16:22:18.774 26481 26482 D dalvikvm: GC_CONCURRENT freed 301K, 4% free 10157K/10567K, paused 2ms+1ms
07-02 16:22:18.895 26481 26482 D dalvikvm: GC_CONCURRENT freed 292K, 4% free 10280K/10695K, paused 1ms+2ms
07-02 16:22:19.082 26481 26482 D dalvikvm: GC_CONCURRENT freed 477K, 6% free 10222K/10823K, paused 2ms+11ms
07-02 16:22:19.203 26481 26482 D dalvikvm: GC_CONCURRENT freed 331K, 5% free 10298K/10823K, paused 2ms+2ms
07-02 16:22:19.332 26481 26482 D dalvikvm: GC_CONCURRENT freed 315K, 5% free 10388K/10823K, paused 2ms+2ms
07-02 16:22:19.457 26481 26482 D dalvikvm: GC_CONCURRENT freed 368K, 5% free 10472K/10951K, paused 2ms+2ms
07-02 16:22:19.578 26481 26482 D dalvikvm: GC_CONCURRENT freed 348K, 5% free 10554K/11015K, paused 1ms+2ms
07-02 16:22:19.699 26481 26482 D dalvikvm: GC_CONCURRENT freed 330K, 5% free 10636K/11079K, paused 2ms+2ms
07-02 16:22:19.817 26481 26482 D dalvikvm: GC_CONCURRENT freed 373K, 5% free 10725K/11207K, paused 2ms+1ms
07-02 16:22:19.945 26481 26482 D dalvikvm: GC_CONCURRENT freed 408K, 5% free 10821K/11335K, paused 1ms+1ms
07-02 16:22:20.008   306   306 I wpa_supplicant: wlan0: CTRL-EVENT-DISCONNECTED bssid=d0:c2:82:67:2e:71 reason=0
07-02 16:22:20.008 20701 20718 D CommandListener: Clearing all IP addresses on wlan0
07-02 16:22:20.028   145   202 D ConnectivityService: ConnectivityChange for WIFI: DISCONNECTED/DISCONNECTED
07-02 16:22:20.028   145   202 D ConnectivityService: Attempting to switch to mobile
07-02 16:22:20.028   145   202 D ConnectivityService: Attempting to switch to WIMAX
07-02 16:22:20.028   145   202 D ConnectivityService: Attempting to switch to BLUETOOTH_TETHER
07-02 16:22:20.031   145   202 D NetUtils: android_net_utils_resetConnections in env=0x9a76d8 clazz=0x59500001 iface=wlan0 mask=0x3
07-02 16:22:20.031   145   202 E ConnectivityService: Exception trying to remove a route: java.lang.IllegalStateException: Unable to communicate with native dameon to add routes - com.android.server.NativeDaemonConnectorException: Cmd {interface route remove wlan0 default 67.20.213.254 32 0.0.0.0} failed with code 400 : {Failed to remove route from default table (No such process)}
07-02 16:22:20.031   145   202 E ConnectivityService: Exception trying to remove a route: java.lang.IllegalStateException: Unable to communicate with native dameon to add routes - com.android.server.NativeDaemonConnectorException: Cmd {interface route remove wlan0 default 0.0.0.0 0 67.20.213.254} failed with code 400 : {Failed to remove route from default table (No such process)}
07-02 16:22:20.031   145   202 D ConnectivityService: resetConnections(wlan0, 3)
07-02 16:22:20.320 19717 26465 D dalvikvm: GC_EXPLICIT freed 191K, 8% free 10535K/11399K, paused 70ms+3ms
07-02 16:22:20.320 19717 26465 W Smack/Packet: notify conn break (IOEx), close connection
07-02 16:22:20.485 19717 26465 I qtaguid : Failed write_ctrl(u 99) res=-1 errno=22
07-02 16:22:20.488 19717 26465 I qtaguid : Untagging socket 99 failed errno=-22
07-02 16:22:20.492 19717 26465 W NetworkManagementSocketTagger: untagSocket(99) failed with errno -22
07-02 16:22:20.500   145   202 D ConnectivityService: handleInetConditionChange: no active default network - ignore
07-02 16:22:20.594   306   306 I wpa_supplicant: wlan0: Trying to associate with d0:c2:82:66:69:21 (SSID='UB_Secure' freq=2437 MHz)
07-02 16:22:20.766   306   306 I wpa_supplicant: wlan0: Associated with d0:c2:82:66:69:21
07-02 16:22:20.785   306   306 I wpa_supplicant: wlan0: CTRL-EVENT-EAP-STARTED EAP authentication started
07-02 16:22:20.805   306   306 I wpa_supplicant: wlan0: CTRL-EVENT-EAP-PROPOSED-METHOD vendor=0 method=4 -> NAK
07-02 16:22:20.809   306   306 I wpa_supplicant: wlan0: CTRL-EVENT-EAP-PROPOSED-METHOD vendor=0 method=25
07-02 16:22:20.809   306   306 I wpa_supplicant: wlan0: CTRL-EVENT-EAP-METHOD EAP vendor 0 method 25 (PEAP) selected
07-02 16:22:20.860   306   306 I wpa_supplicant: wlan0: CTRL-EVENT-EAP-PEER-CERT depth=2 subject='/C=US/O=Entrust.net/OU=www.entrust.net/CPS incorp. by ref. (limits liab.)/OU=(c) 1999 Entrust.net Limited/CN=Entrust.net Secure Server Certification Authority'
07-02 16:22:20.860   306   306 I wpa_supplicant: wlan0: CTRL-EVENT-EAP-PEER-CERT depth=2 subject='/C=US/O=Entrust.net/OU=www.entrust.net/CPS incorp. by ref. (limits liab.)/OU=(c) 1999 Entrust.net Limited/CN=Entrust.net Secure Server Certification Authority'
07-02 16:22:20.863   306   306 I wpa_supplicant: wlan0: CTRL-EVENT-EAP-PEER-CERT depth=1 subject='/C=US/ST=UT/L=Salt Lake City/O=The USERTRUST Network/CN=USERTrust Legacy Secure Server CA'
07-02 16:22:20.863   306   306 I wpa_supplicant: wlan0: CTRL-EVENT-EAP-PEER-CERT depth=0 subject='/C=US/postalCode=14260/ST=New York/L=Buffalo/street=305 Computing Center/O=SUNY AT BUFFALO/OU=Office of the President/OU=Issued through UNIVERSITY AT BUFFALO E-PKI Manager/OU=PremiumSSL Legacy/CN=ubsecure.acsu.buffalo.edu'
07-02 16:22:21.012   306   306 I wpa_supplicant: EAP-MSCHAPV2: Authentication succeeded
07-02 16:22:21.016   306   306 I wpa_supplicant: EAP-TLV: TLV Result - Success - EAP-TLV/Phase2 Completed
07-02 16:22:21.020   306   306 I wpa_supplicant: wlan0: CTRL-EVENT-EAP-SUCCESS EAP authentication completed successfully
07-02 16:22:21.141   306   306 I wpa_supplicant: wlan0: WPA: Key negotiation completed with d0:c2:82:66:69:21 [PTK=CCMP GTK=TKIP]
07-02 16:22:21.141   306   306 I wpa_supplicant: wlan0: CTRL-EVENT-CONNECTED - Connection to d0:c2:82:66:69:21 completed (reauth) [id=0 id_str=]
07-02 16:22:21.399 26122 26124 D dalvikvm: GC_CONCURRENT freed 553K, 7% free 9497K/10183K, paused 8ms+21ms
07-02 16:22:22.680   145   202 D ConnectivityService: ConnectivityChange for WIFI: CONNECTED/CONNECTED
07-02 16:22:22.715 25122 25122 I PhoneLab-WiFiReceiver: Wi-Fi is connected!
07-02 16:22:22.715 25122 25122 I PhoneLab-WiFiReceiver: SSID: UB_Secure BSSID: d0:c2:82:66:69:21 RSSI: -200 LinkSpeed: -1
07-02 16:22:22.715 25122 25122 I PhoneLab-Locks: wake lock acquired
07-02 16:22:22.719 25122 25122 I PhoneLab-UploadLogs: Transfering log files now
07-02 16:22:22.719 25122 25122 I PhoneLab-UploadLogs: No log files to transfer
07-02 16:22:22.719 25122 25122 I PhoneLab-Locks: wake lock released
07-02 16:22:22.723 25122 25122 I PhoneLab-UploadLogs: OnStartCommand
07-02 16:22:22.754   145   197 W NetworkStats: dropping UID delta from unknown iface: iface=wlan0 uid=0 set=DEFAULT tag=0x0 rxBytes=63 rxPackets=1 txBytes=232 txPackets=4 operations=0
07-02 16:22:22.899   145   147 D dalvikvm: GC_CONCURRENT freed 1948K, 25% free 17741K/23367K, paused 17ms+11ms
07-02 16:22:23.078   145   206 D Tethering: MasterInitialState.processMessage what=3
07-02 16:22:23.156 19717 19717 I GTalkService/c: [AndroidEndpoint@1094222040] connect: acct=1000000, state=CONNECTING
07-02 16:22:23.164 19717 19717 I GTalkService/c: [GTalkConnection@1094322432] connect: acct=1, state=CONNECTING
07-02 16:22:23.254 25931 25931 I MediaUploader: No need to wake up
07-02 16:22:23.258 25122 25122 I PhoneLab-WiFiReceiver: Wi-Fi is disconnected!
07-02 16:22:23.414 25988 25988 W ContextScopeImpl: thread=1 tried to enter the scope of the application context. Ignored.
07-02 16:22:23.531 25873 26009 D PicasaSyncManager: active network: NetworkInfo: type: WIFI[], state: CONNECTED/CONNECTED, reason: (unspecified), extra: (none), roaming: false, failover: false, isAvailable: true
07-02 16:22:23.535 25873 26009 D PicasaSyncManager: background data: true
07-02 16:22:23.684   145   202 D ConnectivityService: NetTransition Wakelock for WifiStateMachine released by timeout
07-02 16:22:25.770   145   206 D Tethering: MasterInitialState.processMessage what=3
07-02 16:22:25.852 25931 25931 I MediaUploader: No need to wake up
07-02 16:22:25.910 25988 25988 W ContextScopeImpl: thread=1 tried to enter the scope of the application context. Ignored.
07-02 16:22:25.981 25873 26009 D PicasaSyncManager: active network: NetworkInfo: type: WIFI[], state: CONNECTED/CONNECTED, reason: (unspecified), extra: (none), roaming: false, failover: false, isAvailable: true
07-02 16:22:25.981 25873 26009 D PicasaSyncManager: background data: true
07-02 16:22:26.020 25988 25989 D dalvikvm: GC_CONCURRENT freed 373K, 5% free 9935K/10439K, paused 12ms+4ms
07-02 16:22:26.223 25856 25858 D dalvikvm: GC_CONCURRENT freed 404K, 6% free 9334K/9863K, paused 5ms+9ms
07-02 16:22:26.313 19717 19720 D dalvikvm: GC_CONCURRENT freed 363K, 8% free 10574K/11399K, paused 15ms+3ms
07-02 16:22:26.320   145   202 D ConnectivityService: handleInetConditionHoldEnd: net=1, condition=100, published condition=0
07-02 16:22:27.594   145   202 D ConnectivityService: ConnectivityChange for mobile: CONNECTED/CONNECTED
07-02 16:22:27.617   145   202 D NetUtils: android_net_utils_resetConnections in env=0x9a76d8 clazz=0x6e200001 iface=rmnet0 mask=0x3
07-02 16:22:27.617   145   202 D ConnectivityService: ConnectivityChange for mobile: DISCONNECTED/DISCONNECTED
07-02 16:22:27.617   145   202 D ConnectivityService: Attempting to switch to WIFI
07-02 16:22:27.617   145   202 D ConnectivityService: Attempting to switch to WIMAX
07-02 16:22:27.617   145   202 D ConnectivityService: Attempting to switch to BLUETOOTH_TETHER
07-02 16:22:27.617   145   202 D ConnectivityService: resetConnections(rmnet0, 3)
07-02 16:22:29.340   145   156 D AlarmManagerService: Kernel timezone updated to 240 minutes west of GMT
07-02 16:22:30.660   145   206 D Tethering: MasterInitialState.processMessage what=3
07-02 16:22:30.707   145   206 D Tethering: MasterInitialState.processMessage what=3
07-02 16:22:30.746 25931 25931 I MediaUploader: No need to wake up
07-02 16:22:30.805 25988 25988 W ContextScopeImpl: thread=1 tried to enter the scope of the application context. Ignored.
07-02 16:22:30.856 25873 26009 D PicasaSyncManager: active network: NetworkInfo: type: WIFI[], state: CONNECTED/CONNECTED, reason: (unspecified), extra: (none), roaming: false, failover: false, isAvailable: true
07-02 16:22:30.860 25873 26009 D PicasaSyncManager: background data: true
07-02 16:22:30.903 25931 25931 I MediaUploader: No need to wake up
07-02 16:22:30.945 25988 25988 W ContextScopeImpl: thread=1 tried to enter the scope of the application context. Ignored.
07-02 16:22:30.981 25873 26009 D PicasaSyncManager: active network: NetworkInfo: type: WIFI[], state: CONNECTED/CONNECTED, reason: (unspecified), extra: (none), roaming: false, failover: false, isAvailable: true
07-02 16:22:30.985 25873 26009 D PicasaSyncManager: background data: true
07-02 16:22:31.215   145   202 D ConnectivityService: handleInetConditionHoldEnd: net=1, condition=100, published condition=100
07-02 16:22:41.926 25666 25668 D dalvikvm: GC_CONCURRENT freed 404K, 7% free 10344K/11015K, paused 7ms+2ms
07-02 16:22:42.121 25147 25150 D dalvikvm: GC_CONCURRENT freed 473K, 8% free 10176K/10951K, paused 14ms+5ms
07-02 16:22:43.848   216   218 D dalvikvm: GC_CONCURRENT freed 341K, 31% free 9914K/14343K, paused 2ms+2ms
07-02 16:22:43.918   216   218 D dalvikvm: GC_CONCURRENT freed 571K, 32% free 9841K/14343K, paused 2ms+9ms
07-02 16:22:52.348   306   306 I wpa_supplicant: wlan0: CTRL-EVENT-DISCONNECTED bssid=d0:c2:82:66:69:21 reason=0
07-02 16:22:52.348 20701 20718 D CommandListener: Clearing all IP addresses on wlan0
07-02 16:22:52.371   145   202 D ConnectivityService: ConnectivityChange for WIFI: DISCONNECTED/DISCONNECTED
07-02 16:22:52.375   145   202 D ConnectivityService: Attempting to switch to mobile
07-02 16:22:52.375   145   202 D ConnectivityService: Attempting to switch to WIMAX
07-02 16:22:52.375   145   202 D ConnectivityService: Attempting to switch to BLUETOOTH_TETHER
07-02 16:22:52.375   145   202 E ConnectivityService: Exception trying to remove a route: java.lang.IllegalStateException: Unable to communicate with native dameon to add routes - com.android.server.NativeDaemonConnectorException: Cmd {interface route remove wlan0 default 67.20.213.254 32 0.0.0.0} failed with code 400 : {Failed to remove route from default table (No such process)}
07-02 16:22:52.379   145   202 E ConnectivityService: Exception trying to remove a route: java.lang.IllegalStateException: Unable to communicate with native dameon to add routes - com.android.server.NativeDaemonConnectorException: Cmd {interface route remove wlan0 default 0.0.0.0 0 67.20.213.254} failed with code 400 : {Failed to remove route from default table (No such process)}
07-02 16:22:52.379   145   202 D NetUtils: android_net_utils_resetConnections in env=0x9a76d8 clazz=0x7a800001 iface=wlan0 mask=0x3
07-02 16:22:52.379   145   202 D ConnectivityService: resetConnections(wlan0, 3)
07-02 16:22:52.559 19717 26532 W Smack/Packet: notify conn break (IOEx), close connection
07-02 16:22:52.586   145   147 D dalvikvm: GC_CONCURRENT freed 2127K, 25% free 17662K/23367K, paused 3ms+15ms
07-02 16:22:52.695   145   198 D dalvikvm: GC_EXPLICIT freed 170K, 25% free 17531K/23367K, paused 3ms+6ms
07-02 16:22:52.711 19717 26532 I qtaguid : Failed write_ctrl(u 99) res=-1 errno=22
07-02 16:22:52.719 19717 26532 I qtaguid : Untagging socket 99 failed errno=-22
07-02 16:22:52.719 19717 26532 W NetworkManagementSocketTagger: untagSocket(99) failed with errno -22
07-02 16:22:52.719   145   202 D ConnectivityService: handleInetConditionChange: no active default network - ignore
07-02 16:22:52.895 19717 19720 D dalvikvm: GC_CONCURRENT freed 445K, 8% free 10525K/11399K, paused 2ms+102ms
07-02 16:22:52.934   306   306 I wpa_supplicant: wlan0: Trying to associate with d0:c2:82:2d:e5:b1 (SSID='UB_Secure' freq=2437 MHz)
07-02 16:22:52.977   306   306 I wpa_supplicant: wlan0: Associated with d0:c2:82:2d:e5:b1
07-02 16:22:52.977   306   306 I wpa_supplicant: wlan0: CTRL-EVENT-EAP-STARTED EAP authentication started
07-02 16:22:52.981   306   306 I wpa_supplicant: wlan0: CTRL-EVENT-EAP-PROPOSED-METHOD vendor=0 method=4 -> NAK
07-02 16:22:52.985   306   306 I wpa_supplicant: wlan0: CTRL-EVENT-EAP-PROPOSED-METHOD vendor=0 method=25
07-02 16:22:52.985   306   306 I wpa_supplicant: wlan0: CTRL-EVENT-EAP-METHOD EAP vendor 0 method 25 (PEAP) selected
07-02 16:22:53.047   306   306 I wpa_supplicant: wlan0: CTRL-EVENT-EAP-PEER-CERT depth=2 subject='/C=US/O=Entrust.net/OU=www.entrust.net/CPS incorp. by ref. (limits liab.)/OU=(c) 1999 Entrust.net Limited/CN=Entrust.net Secure Server Certification Authority'
07-02 16:22:53.047   306   306 I wpa_supplicant: wlan0: CTRL-EVENT-EAP-PEER-CERT depth=2 subject='/C=US/O=Entrust.net/OU=www.entrust.net/CPS incorp. by ref. (limits liab.)/OU=(c) 1999 Entrust.net Limited/CN=Entrust.net Secure Server Certification Authority'
07-02 16:22:53.051   306   306 I wpa_supplicant: wlan0: CTRL-EVENT-EAP-PEER-CERT depth=1 subject='/C=US/ST=UT/L=Salt Lake City/O=The USERTRUST Network/CN=USERTrust Legacy Secure Server CA'
07-02 16:22:53.063   306   306 I wpa_supplicant: wlan0: CTRL-EVENT-EAP-PEER-CERT depth=0 subject='/C=US/postalCode=14260/ST=New York/L=Buffalo/street=305 Computing Center/O=SUNY AT BUFFALO/OU=Office of the President/OU=Issued through UNIVERSITY AT BUFFALO E-PKI Manager/OU=PremiumSSL Legacy/CN=ubsecure.acsu.buffalo.edu'
07-02 16:22:53.227   306   306 I wpa_supplicant: EAP-MSCHAPV2: Authentication succeeded
07-02 16:22:53.235   306   306 I wpa_supplicant: EAP-TLV: TLV Result - Success - EAP-TLV/Phase2 Completed
07-02 16:22:53.242   306   306 I wpa_supplicant: wlan0: CTRL-EVENT-EAP-SUCCESS EAP authentication completed successfully
07-02 16:22:53.317   306   306 I wpa_supplicant: wlan0: WPA: Key negotiation completed with d0:c2:82:2d:e5:b1 [PTK=CCMP GTK=TKIP]
07-02 16:22:53.317   306   306 I wpa_supplicant: wlan0: CTRL-EVENT-CONNECTED - Connection to d0:c2:82:2d:e5:b1 completed (reauth) [id=0 id_str=]
07-02 16:22:54.129   145   202 D ConnectivityService: ConnectivityChange for WIFI: CONNECTED/CONNECTED
07-02 16:22:54.137 25122 25122 I PhoneLab-WiFiReceiver: Wi-Fi is connected!
07-02 16:22:54.141 25122 25122 I PhoneLab-WiFiReceiver: SSID: UB_Secure BSSID: d0:c2:82:2d:e5:b1 RSSI: -200 LinkSpeed: -1
07-02 16:22:54.141 25122 25122 I PhoneLab-Locks: wake lock acquired
07-02 16:22:54.145 25122 25122 I PhoneLab-UploadLogs: Transfering log files now
07-02 16:22:54.164   145   197 W NetworkStats: dropping UID delta from unknown iface: iface=wlan0 uid=0 set=DEFAULT tag=0x0 rxBytes=0 rxPackets=0 txBytes=136 txPackets=2 operations=0
07-02 16:22:54.195 25122 25122 I PhoneLab-UploadLogs: No log files to transfer
07-02 16:22:54.195 25122 25122 I PhoneLab-Locks: wake lock released
07-02 16:22:54.199 25122 25122 I PhoneLab-UploadLogs: OnStartCommand
07-02 16:22:55.133   145   202 D ConnectivityService: NetTransition Wakelock for WifiStateMachine released by timeout
07-02 16:22:55.434   145   206 D Tethering: MasterInitialState.processMessage what=3
07-02 16:22:55.485 19717 19717 I GTalkService/c: [AndroidEndpoint@1094222040] connect: acct=1000000, state=CONNECTING
07-02 16:22:55.488 19717 19717 I GTalkService/c: [GTalkConnection@1094322432] connect: acct=1, state=CONNECTING
07-02 16:22:55.520 25931 25931 I MediaUploader: No need to wake up
07-02 16:22:55.524 25122 25122 I PhoneLab-WiFiReceiver: Wi-Fi is disconnected!
07-02 16:22:55.617 25988 25988 W ContextScopeImpl: thread=1 tried to enter the scope of the application context. Ignored.
07-02 16:22:55.676 25873 26009 D PicasaSyncManager: active network: NetworkInfo: type: WIFI[], state: CONNECTED/CONNECTED, reason: (unspecified), extra: (none), roaming: false, failover: false, isAvailable: true
07-02 16:22:55.680 25873 26009 D PicasaSyncManager: background data: true
07-02 16:22:57.184   145   206 D Tethering: MasterInitialState.processMessage what=3
07-02 16:22:57.289 25931 25931 I MediaUploader: No need to wake up
07-02 16:22:57.328 25988 25988 W ContextScopeImpl: thread=1 tried to enter the scope of the application context. Ignored.
07-02 16:22:57.363 25873 26009 D PicasaSyncManager: active network: NetworkInfo: type: WIFI[], state: CONNECTED/CONNECTED, reason: (unspecified), extra: (none), roaming: false, failover: false, isAvailable: true
07-02 16:22:57.367 25873 26009 D PicasaSyncManager: background data: true
07-02 16:22:57.699   145   152 D dalvikvm: null clazz in OP_INSTANCE_OF, single-stepping
07-02 16:22:58.680 19717 19720 D dalvikvm: GC_CONCURRENT freed 336K, 8% free 10573K/11399K, paused 2ms+3ms
07-02 16:22:59.141   145   202 D ConnectivityService: handleInetConditionHoldEnd: net=1, condition=100, published condition=0
07-02 16:23:10.711   145   202 D ConnectivityService: ConnectivityChange for mobile: CONNECTED/CONNECTED
07-02 16:23:10.738   145   202 D NetUtils: android_net_utils_resetConnections in env=0x9a76d8 clazz=0x8ff00001 iface=rmnet0 mask=0x3
07-02 16:23:10.738   145   202 D ConnectivityService: ConnectivityChange for mobile: DISCONNECTED/DISCONNECTED
07-02 16:23:10.738   145   202 D ConnectivityService: Attempting to switch to WIFI
07-02 16:23:10.738   145   202 D ConnectivityService: Attempting to switch to WIMAX
07-02 16:23:10.738   145   202 D ConnectivityService: Attempting to switch to BLUETOOTH_TETHER
07-02 16:23:10.738   145   202 D ConnectivityService: resetConnections(rmnet0, 3)
07-02 16:23:11.004   345   347 D dalvikvm: GC_CONCURRENT freed 914K, 12% free 12254K/13895K, paused 65ms+3ms
07-02 16:23:13.893   145   206 D Tethering: MasterInitialState.processMessage what=3
07-02 16:23:13.905   145   206 D Tethering: MasterInitialState.processMessage what=3
07-02 16:23:13.995 25931 25931 I MediaUploader: No need to wake up
07-02 16:23:14.038 25988 25988 W ContextScopeImpl: thread=1 tried to enter the scope of the application context. Ignored.
07-02 16:23:14.100 25931 25931 I MediaUploader: No need to wake up
07-02 16:23:14.104 25873 26009 D PicasaSyncManager: active network: NetworkInfo: type: WIFI[], state: CONNECTED/CONNECTED, reason: (unspecified), extra: (none), roaming: false, failover: false, isAvailable: true
07-02 16:23:14.108 25873 26009 D PicasaSyncManager: background data: true
07-02 16:23:14.151 25988 25988 W ContextScopeImpl: thread=1 tried to enter the scope of the application context. Ignored.
07-02 16:23:14.214 25873 26009 D PicasaSyncManager: active network: NetworkInfo: type: WIFI[], state: CONNECTED/CONNECTED, reason: (unspecified), extra: (none), roaming: false, failover: false, isAvailable: true
07-02 16:23:14.218 25873 26009 D PicasaSyncManager: background data: true
07-02 16:23:14.249 25947 25949 D dalvikvm: GC_CONCURRENT freed 422K, 6% free 10338K/10887K, paused 7ms+8ms
07-02 16:23:14.436   145   202 D ConnectivityService: handleInetConditionHoldEnd: net=1, condition=100, published condition=100
07-02 16:23:14.557   145   147 D dalvikvm: GC_CONCURRENT freed 1822K, 25% free 17629K/23367K, paused 23ms+9ms
07-02 16:23:21.352   306   306 I wpa_supplicant: wlan0: CTRL-EVENT-DISCONNECTED bssid=d0:c2:82:2d:e5:b1 reason=0
07-02 16:23:21.352 20701 20718 D CommandListener: Clearing all IP addresses on wlan0
07-02 16:23:21.367   145   202 D ConnectivityService: ConnectivityChange for WIFI: DISCONNECTED/DISCONNECTED
07-02 16:23:21.375   145   202 D ConnectivityService: Attempting to switch to mobile
07-02 16:23:21.375   145   202 D ConnectivityService: Attempting to switch to WIMAX
07-02 16:23:21.375   145   202 D ConnectivityService: Attempting to switch to BLUETOOTH_TETHER
07-02 16:23:21.379   145   202 E ConnectivityService: Exception trying to remove a route: java.lang.IllegalStateException: Unable to communicate with native dameon to add routes - com.android.server.NativeDaemonConnectorException: Cmd {interface route remove wlan0 default 67.20.213.254 32 0.0.0.0} failed with code 400 : {Failed to remove route from default table (No such process)}
07-02 16:23:21.383   145   202 E ConnectivityService: Exception trying to remove a route: java.lang.IllegalStateException: Unable to communicate with native dameon to add routes - com.android.server.NativeDaemonConnectorException: Cmd {interface route remove wlan0 default 0.0.0.0 0 67.20.213.254} failed with code 400 : {Failed to remove route from default table (No such process)}
07-02 16:23:21.383   145   202 D NetUtils: android_net_utils_resetConnections in env=0x9a76d8 clazz=0x9c100001 iface=wlan0 mask=0x3
07-02 16:23:21.383   145   202 D ConnectivityService: resetConnections(wlan0, 3)
07-02 16:23:21.504 19717 26588 W Smack/Packet: notify conn break (IOEx), close connection
07-02 16:23:21.660 19717 26588 I qtaguid : Failed write_ctrl(u 99) res=-1 errno=22
07-02 16:23:21.660 19717 26588 I qtaguid : Untagging socket 99 failed errno=-22
07-02 16:23:21.660 19717 26588 W NetworkManagementSocketTagger: untagSocket(99) failed with errno -22
07-02 16:23:21.692   145   202 D ConnectivityService: handleInetConditionChange: no active default network - ignore
07-02 16:23:21.805 19717 19720 D dalvikvm: GC_CONCURRENT freed 443K, 8% free 10524K/11399K, paused 2ms+7ms
07-02 16:23:21.957   306   306 I wpa_supplicant: wlan0: Trying to associate with 00:86:11:15:d0:e1 (SSID='konoha' freq=2437 MHz)
07-02 16:23:22.488   145   177 I power   : *** set_screen_state 1
07-02 16:23:22.676   145   177 I WindowManager: Lock screen displayed!
07-02 16:23:22.738    78   121 D SurfaceFlinger: Screen about to return, flinger = 0x457918
07-02 16:23:23.602   216   216 D PhoneStatusBar: disable: < expand icons alerts ticker system_info BACK HOME recent* CLOCK >
07-02 16:23:23.610   362 19018 D NfcService: NFC-C ON
07-02 16:23:23.649   145  4009 W InputManagerService: Window already focused, ignoring focus gain of: com.android.internal.view.IInputMethodClient$Stub$Proxy@41751a60
07-02 16:23:23.653   216   216 D PhoneStatusBar: disable: < expand icons alerts ticker system_info back* home* recent clock* >
07-02 16:23:24.442   145   206 D Tethering: MasterInitialState.processMessage what=3
07-02 16:23:24.547 25931 25931 I MediaUploader: No need to wake up
07-02 16:23:24.555 25122 25122 I PhoneLab-WiFiReceiver: Wi-Fi is disconnected!
07-02 16:23:24.637 25873 26009 D PicasaSyncManager: active network: null
07-02 16:23:24.637 25873 26009 D PicasaSyncManager: background data: true
07-02 16:23:25.457   145   395 I ActivityManager: START {act=android.intent.action.MAIN cat=[android.intent.category.LAUNCHER] flg=0x10200000 cmp=com.android.contacts/.activities.DialtactsActivity bnds=[0,706][96,802]} from pid 375
07-02 16:23:25.778   145   176 D dalvikvm: GC_FOR_ALLOC freed 884K, 24% free 17763K/23367K, paused 101ms
07-02 16:23:25.781   145   176 I dalvikvm-heap: Grow heap (frag case) to 18.420MB for 1048592-byte allocation
07-02 16:23:25.883   145 21614 D dalvikvm: GC_FOR_ALLOC freed 789K, 27% free 17997K/24455K, paused 86ms
07-02 16:23:25.891   145 21614 I ActivityManager: Start proc com.android.contacts for activity com.android.contacts/.activities.DialtactsActivity: pid=26606 uid=10000 gids={3003, 1015}
07-02 16:23:26.063   145   396 I ActivityManager: Process android.process.acore (pid 26122) has died.
07-02 16:23:26.410   145   161 I Process : Sending signal. PID: 26606 SIG: 3
07-02 16:23:26.410 26606 26608 I dalvikvm: threadid=3: reacting to signal 3
07-02 16:23:26.449   375   375 D OpenGLRenderer: Flushing caches (mode 1)
07-02 16:23:26.481 26606 26608 I dalvikvm: Wrote stack traces to '/data/anr/traces.txt'
07-02 16:23:26.559   375   375 D OpenGLRenderer: Flushing caches (mode 0)
07-02 16:23:26.629 26606 26620 D AccountTypeManager: Registering external account type=com.whatsapp, packageName=com.whatsapp
07-02 16:23:26.692 26606 26620 W ResourceType: getEntry failing because entryIndex 606 is beyond type entryCount 189
07-02 16:23:26.692 26606 26620 W ResourceType: Failure getting entry for 0x7f02025e (t=1 e=606) in package 0 (error -2147483647)
07-02 16:23:26.692 26606 26620 D AccountTypeManager: Registering external account type=com.xabber.androiddev, packageName=com.xabber.androiddev
07-02 16:23:26.699 26606 26620 D AccountTypeManager: Registering external account type=com.facebook.auth.login, packageName=com.facebook.katana
07-02 16:23:26.707 26606 26606 I ContactPhotoManager: Cache adj: 0.5
07-02 16:23:26.727 26606 26607 D dalvikvm: GC_CONCURRENT freed 240K, 4% free 9295K/9607K, paused 10ms+3ms
07-02 16:23:26.817 26606 26620 W ResourceType: getEntry failing because entryIndex 344 is beyond type entryCount 189
07-02 16:23:26.817 26606 26620 W ResourceType: Failure getting entry for 0x7f020158 (t=1 e=344) in package 0 (error -2147483647)
07-02 16:23:26.820 26606 26620 D AccountTypeManager: Registering 1 extension packages
07-02 16:23:26.899   145   161 I Process : Sending signal. PID: 26606 SIG: 3
07-02 16:23:26.899 26606 26608 I dalvikvm: threadid=3: reacting to signal 3
07-02 16:23:26.981 26606 26606 D dalvikvm: GC_FOR_ALLOC freed 45K, 3% free 9361K/9607K, paused 54ms
07-02 16:23:26.985 26606 26606 I dalvikvm-heap: Grow heap (frag case) to 10.210MB for 1048592-byte allocation
07-02 16:23:26.985 26606 26608 I dalvikvm: Wrote stack traces to '/data/anr/traces.txt'
07-02 16:23:27.031 26606 26620 D dalvikvm: GC_FOR_ALLOC freed 2K, 3% free 10383K/10695K, paused 29ms
07-02 16:23:27.063 26606 26620 E ExternalAccountType: Unsupported attribute readOnly
07-02 16:23:27.063 26606 26620 W ResourceType: getEntry failing because entryIndex 422 is beyond type entryCount 189
07-02 16:23:27.063 26606 26620 W ResourceType: Failure getting entry for 0x7f0201a6 (t=1 e=422) in package 0 (error -2147483647)
07-02 16:23:27.133 26606 26620 D AccountTypeManager: Registering extension package account type=com.google, dataSet=plus, packageName=com.google.android.apps.plus
07-02 16:23:27.137 26606 26607 D dalvikvm: GC_CONCURRENT freed 18K, 3% free 10418K/10695K, paused 4ms+5ms
07-02 16:23:27.153 26606 26620 I AccountTypeManager: Loaded meta-data for 6 account types, 5 accounts in 598ms(wall) 103ms(cpu)
07-02 16:23:27.293 26606 26607 D dalvikvm: GC_CONCURRENT freed 58K, 2% free 10851K/11015K, paused 3ms+3ms
07-02 16:23:27.395   145   161 I Process : Sending signal. PID: 26606 SIG: 3
07-02 16:23:27.395 26606 26608 I dalvikvm: threadid=3: reacting to signal 3
07-02 16:23:27.426 26606 26608 I dalvikvm: Wrote stack traces to '/data/anr/traces.txt'
07-02 16:23:27.516 26606 26607 D dalvikvm: GC_CONCURRENT freed 91K, 2% free 11339K/11527K, paused 2ms+3ms
07-02 16:23:27.535   145   329 I ActivityManager: Start proc android.process.acore for content provider com.android.providers.contacts/.ContactsProvider2: pid=26628 uid=10000 gids={3003, 1015}
07-02 16:23:27.606 26628 26628 I ActivityThread: Pub call_log: com.android.providers.contacts.CallLogProvider
07-02 16:23:27.645 26628 26628 I ActivityThread: Pub com.android.voicemail: com.android.providers.contacts.VoicemailContentProvider
07-02 16:23:27.649 26628 26628 I ActivityThread: Pub user_dictionary: com.android.providers.userdictionary.UserDictionaryProvider
07-02 16:23:27.695 26628 26628 I ActivityThread: Pub com.android.social: com.android.providers.contacts.SocialProvider
07-02 16:23:27.699 26628 26628 I ActivityThread: Pub applications: com.android.providers.applications.ApplicationsProvider
07-02 16:23:27.778 26606 26606 D libEGL  : loaded /system/lib/egl/libGLES_android.so
07-02 16:23:27.781 26606 26606 D libEGL  : loaded /vendor/lib/egl/libEGL_POWERVR_SGX540_120.so
07-02 16:23:27.813 26606 26606 D libEGL  : loaded /vendor/lib/egl/libGLESv1_CM_POWERVR_SGX540_120.so
07-02 16:23:27.817 26606 26606 D libEGL  : loaded /vendor/lib/egl/libGLESv2_POWERVR_SGX540_120.so
07-02 16:23:27.840 26628 26628 I ActivityThread: Pub contacts;com.android.contacts: com.android.providers.contacts.ContactsProvider2
07-02 16:23:27.867 26628 26630 D dalvikvm: GC_CONCURRENT freed 355K, 5% free 9181K/9607K, paused 12ms+3ms
07-02 16:23:27.895   145   161 I Process : Sending signal. PID: 26606 SIG: 3
07-02 16:23:27.895 26606 26608 I dalvikvm: threadid=3: reacting to signal 3
07-02 16:23:27.926 26606 26608 I dalvikvm: Wrote stack traces to '/data/anr/traces.txt'
07-02 16:23:27.938 26606 26606 D OpenGLRenderer: Enabling debug mode 0
07-02 16:23:28.129   145   395 D dalvikvm: JIT code cache reset in 5 ms (1048300 bytes 34/0)
07-02 16:23:28.141   145   395 D dalvikvm: GC_EXPLICIT freed 279K, 27% free 17912K/24455K, paused 3ms+27ms
07-02 16:23:28.156   145   176 I ActivityManager: Displayed com.android.contacts/.activities.DialtactsActivity: +2s566ms
07-02 16:23:28.285 26606 26641 E DefaultVoicemailNotifier: No voicemails to notify about: clear the notification.
07-02 16:23:29.059 26628 26630 D dalvikvm: GC_CONCURRENT freed 219K, 4% free 9386K/9735K, paused 5ms+3ms
07-02 16:23:29.399 26606 26607 D dalvikvm: GC_CONCURRENT freed 292K, 4% free 11741K/12167K, paused 39ms+4ms
07-02 16:23:29.723   145   310 D CountryDetector: The first listener is added
07-02 16:23:29.863 26628 26630 D dalvikvm: GC_CONCURRENT freed 193K, 4% free 9602K/9927K, paused 11ms+2ms
07-02 16:23:30.867   145  1150 I ActivityManager: START {act=android.intent.action.CALL_PRIVILEGED dat=tel:xxxxxxxxxx cmp=com.android.phone/.PrivilegedOutgoingCallBroadcaster} from pid 26606
07-02 16:23:31.063   345   345 D PhoneUtils: checkAndCopyPhoneProviderExtras: some or all extras are missing.
07-02 16:23:31.266   145   348 I ActivityManager: START {flg=0x10000000 cmp=com.google.android.apps.googlevoice/.CallConnectingActivity (has extras)} from pid 25641
07-02 16:23:31.352 26628 26630 D dalvikvm: GC_CONCURRENT freed 257K, 4% free 9792K/10183K, paused 4ms+5ms
07-02 16:23:31.570 25641 25644 D dalvikvm: GC_CONCURRENT freed 225K, 4% free 10029K/10439K, paused 8ms+2ms
07-02 16:23:31.719 25641 25641 I GoogleVoice: CallViaAccessNumberConduit: Redirecting call
07-02 16:23:31.719   145   396 I ActivityManager: START {act=android.intent.action.CALL dat=tel:xxxxxxxxxx flg=0x10000000 cmp=com.android.phone/.OutgoingCallBroadcaster (has extras)} from pid 25641
07-02 16:23:31.836   145   176 I ActivityManager: Displayed com.google.android.apps.googlevoice/.CallConnectingActivity: +553ms (total +829ms)
07-02 16:23:31.871   145   157 I ActivityManager: START {act=com.android.phone.SIP_SELECT_PHONE dat=tel:xxxxxxxxxx flg=0x10000000 cmp=com.android.phone/.SipCallOptionHandler (has extras)} from pid 345
07-02 16:23:31.899   345   345 D CallController: placeCall()...  intent = Intent { act=android.intent.action.CALL dat=tel:xxxxxxxxxx (has extras) }
07-02 16:23:31.903 26606 26606 D OpenGLRenderer: Flushing caches (mode 1)
07-02 16:23:31.903   345   345 D OtaUtils: isOtaspCallIntent(Intent { act=android.intent.action.CALL dat=tel:xxxxxxxxxx (has extras) })...
07-02 16:23:31.977   306   306 I wpa_supplicant: wlan0: Authentication with 00:86:11:15:d0:e1 timed out.
07-02 16:23:32.660    81   525 D AudioHardwareInterface: setMode(IN_CALL)
07-02 16:23:32.668    81   525 D AudioHardware: openPcmOut_l() mPcmOpenCnt: 0
07-02 16:23:32.692   145   161 I Process : Sending signal. PID: 345 SIG: 3
07-02 16:23:32.692   345   352 I dalvikvm: threadid=3: reacting to signal 3
07-02 16:23:32.754    81   525 D AudioHardware: ### setVoiceVolume_l
07-02 16:23:32.754    81   525 D AudioHardware: ### route(4) call volume(1.000000)
07-02 16:23:32.754    81   525 D AudioHardware: ### headset call volume
07-02 16:23:32.770    81   129 D AudioHardware: AudioStreamOutALSA::setParameters() routing=1
07-02 16:23:32.770    81   129 D AudioHardware: ### incall mode route (1)
07-02 16:23:32.770    81   129 D AudioHardware: ### incall mode earpiece route
07-02 16:23:32.809   345   352 I dalvikvm: Wrote stack traces to '/data/anr/traces.txt'
07-02 16:23:32.856   145  1150 I AudioService:  AudioFocus  requestAudioFocus() from AudioFocus_For_Phone_Ring_And_Calls
07-02 16:23:32.879   145   161 I Process : Sending signal. PID: 345 SIG: 3
07-02 16:23:32.879   345   352 I dalvikvm: threadid=3: reacting to signal 3
07-02 16:23:32.895   345   352 I dalvikvm: Wrote stack traces to '/data/anr/traces.txt'
07-02 16:23:33.035   145   348 I ActivityManager: START {act=android.intent.action.MAIN flg=0x10840000 cmp=com.android.phone/.InCallScreen} from pid 345
07-02 16:23:33.047   345   345 D SAN_SERVICE: *******************************************
07-02 16:23:33.047   345   345 D SAN_SERVICE: DM App Phone Call State - 2
07-02 16:23:33.047   345   345 D SAN_SERVICE: *******************************************
07-02 16:23:33.098   345   345 D Bluetooth HS/HF: CDMA call state: SINGLE_ACTIVE prev state:IDLE
07-02 16:23:33.102   345   345 D AccelerometerListener: enable(true)
07-02 16:23:33.102   216   216 D PhoneStatusBar: disable: < expand icons ALERTS* ticker system_info back home recent clock >
07-02 16:23:33.106 26606 26607 D dalvikvm: GC_CONCURRENT freed 165K, 3% free 12425K/12679K, paused 75ms+50ms
07-02 16:23:33.121   345   345 D Bluetooth HS/HF: CDMA call state: SINGLE_ACTIVE prev state:IDLE
07-02 16:23:33.153   345   345 D InCallScreen: onNewIntent: intent = Intent { act=android.intent.action.MAIN flg=0x10c40000 cmp=com.android.phone/.InCallScreen }, phone state = OFFHOOK
07-02 16:23:33.156   216   216 D PhoneStatusBar: disable: < EXPAND* icons ALERTS ticker system_info back home recent clock >
07-02 16:23:33.199   145   395 I power   : *** set_screen_state 1
07-02 16:23:33.219   345   345 D SAN_SERVICE: *******************************************
07-02 16:23:33.219   345   345 D SAN_SERVICE: DM App Phone Service State - 0
07-02 16:23:33.223   345   345 D SAN_SERVICE: *******************************************
07-02 16:23:33.317 26606 26606 D OpenGLRenderer: Flushing caches (mode 0)
07-02 16:23:33.336   345   345 D Bluetooth HS/HF: CDMA call state: SINGLE_ACTIVE prev state:IDLE
07-02 16:23:33.356   345   345 D Bluetooth HS/HF: CDMA call state: SINGLE_ACTIVE prev state:IDLE
07-02 16:23:33.473   145  9966 W InputManagerService: Starting input on non-focused client com.android.internal.view.IInputMethodClient$Stub$Proxy@41755890 (uid=10000 pid=26606)
07-02 16:23:33.524   306   306 I wpa_supplicant: wlan0: Trying to associate with d0:c2:82:7e:31:51 (SSID='UB_Secure' freq=2412 MHz)
07-02 16:23:33.582   345   345 D dalvikvm: GC_EXPLICIT freed 679K, 13% free 12108K/13895K, paused 9ms+8ms
07-02 16:23:33.637   306   306 I wpa_supplicant: wlan0: Associated with d0:c2:82:7e:31:51
07-02 16:23:33.641   306   306 I wpa_supplicant: wlan0: CTRL-EVENT-EAP-STARTED EAP authentication started
07-02 16:23:33.645   306   306 I wpa_supplicant: wlan0: CTRL-EVENT-EAP-PROPOSED-METHOD vendor=0 method=4 -> NAK
07-02 16:23:33.653   306   306 I wpa_supplicant: wlan0: CTRL-EVENT-EAP-PROPOSED-METHOD vendor=0 method=25
07-02 16:23:33.653   306   306 I wpa_supplicant: wlan0: CTRL-EVENT-EAP-METHOD EAP vendor 0 method 25 (PEAP) selected
07-02 16:23:33.699   306   306 I wpa_supplicant: wlan0: CTRL-EVENT-EAP-PEER-CERT depth=2 subject='/C=US/O=Entrust.net/OU=www.entrust.net/CPS incorp. by ref. (limits liab.)/OU=(c) 1999 Entrust.net Limited/CN=Entrust.net Secure Server Certification Authority'
07-02 16:23:33.699   306   306 I wpa_supplicant: wlan0: CTRL-EVENT-EAP-PEER-CERT depth=2 subject='/C=US/O=Entrust.net/OU=www.entrust.net/CPS incorp. by ref. (limits liab.)/OU=(c) 1999 Entrust.net Limited/CN=Entrust.net Secure Server Certification Authority'
07-02 16:23:33.699   306   306 I wpa_supplicant: wlan0: CTRL-EVENT-EAP-PEER-CERT depth=1 subject='/C=US/ST=UT/L=Salt Lake City/O=The USERTRUST Network/CN=USERTrust Legacy Secure Server CA'
07-02 16:23:33.699   306   306 I wpa_supplicant: wlan0: CTRL-EVENT-EAP-PEER-CERT depth=0 subject='/C=US/postalCode=14260/ST=New York/L=Buffalo/street=305 Computing Center/O=SUNY AT BUFFALO/OU=Office of the President/OU=Issued through UNIVERSITY AT BUFFALO E-PKI Manager/OU=PremiumSSL Legacy/CN=ubsecure.acsu.buffalo.edu'
07-02 16:23:33.719   345   345 D AccelerometerListener: orientation: horizontal
07-02 16:23:33.723 20701 20715 D NetlinkEvent: Unexpected netlink message. type=0x0
07-02 16:23:33.875   306   306 I wpa_supplicant: EAP-MSCHAPV2: Authentication succeeded
07-02 16:23:33.883   306   306 I wpa_supplicant: EAP-TLV: TLV Result - Success - EAP-TLV/Phase2 Completed
07-02 16:23:33.887   306   306 I wpa_supplicant: wlan0: CTRL-EVENT-EAP-SUCCESS EAP authentication completed successfully
07-02 16:23:33.914   306   306 I wpa_supplicant: wlan0: WPA: Key negotiation completed with d0:c2:82:7e:31:51 [PTK=CCMP GTK=TKIP]
07-02 16:23:33.914   306   306 I wpa_supplicant: wlan0: CTRL-EVENT-CONNECTED - Connection to d0:c2:82:7e:31:51 completed (reauth) [id=0 id_str=]
07-02 16:23:34.082   145   173 I power   : *** set_screen_state 0
07-02 16:23:34.113   345   345 D AccelerometerListener: orientation: vertical
07-02 16:23:34.121    78   121 D SurfaceFlinger: About to give-up screen, flinger = 0x457918
07-02 16:23:34.133   216   216 D PhoneStatusBar: disable: < expand* icons ALERTS ticker system_info back home recent clock >
07-02 16:23:34.231   145   197 W NetworkStats: dropping UID delta from unknown iface: iface=wlan0 uid=0 set=DEFAULT tag=0x0 rxBytes=0 rxPackets=0 txBytes=152 txPackets=2 operations=0
07-02 16:23:34.246   362   479 D NfcService: NFC-C OFF, disconnect
07-02 16:23:34.567   145   348 I ActivityManager: Process com.android.providers.calendar (pid 26077) has died.
07-02 16:23:34.906   216   216 D PhoneStatusBar: disable: < EXPAND* icons ALERTS ticker system_info back home recent clock >
07-02 16:23:35.113   145   202 D ConnectivityService: ConnectivityChange for WIFI: CONNECTED/CONNECTED
07-02 16:23:35.317 25122 25122 I PhoneLab-WiFiReceiver: Wi-Fi is connected!
07-02 16:23:35.332   216   216 D PhoneStatusBar: disable: < expand* icons ALERTS ticker system_info back home recent clock >
07-02 16:23:35.363 25122 25122 I PhoneLab-WiFiReceiver: SSID: UB_Secure BSSID: d0:c2:82:7e:31:51 RSSI: -200 LinkSpeed: -1
07-02 16:23:35.379 25122 25122 I PhoneLab-Locks: wake lock acquired
07-02 16:23:35.395 25122 25122 I PhoneLab-UploadLogs: Transfering log files now
07-02 16:23:35.403   145   161 I Process : Sending signal. PID: 345 SIG: 3
07-02 16:23:35.403   345   352 I dalvikvm: threadid=3: reacting to signal 3
07-02 16:23:35.410   145   197 W NetworkStats: dropping UID delta from unknown iface: iface=wlan0 uid=0 set=DEFAULT tag=0x0 rxBytes=315 rxPackets=1 txBytes=131 txPackets=2 operations=0
07-02 16:23:35.414   145   197 W NetworkStats: dropping UID delta from unknown iface: iface=wlan0 uid=10055 set=DEFAULT tag=0x0 rxBytes=3460 rxPackets=7 txBytes=1275 txPackets=10 operations=0
07-02 16:23:35.520 25122 25122 I PhoneLab-UploadLogs: No log files to transfer
07-02 16:23:35.520 25122 25122 I PhoneLab-Locks: wake lock released
07-02 16:23:35.633 25122 25122 I PhoneLab-UploadLogs: OnStartCommand
07-02 16:23:35.910   145   161 I Process : Sending signal. PID: 345 SIG: 3
07-02 16:23:36.000   345   352 I dalvikvm: Wrote stack traces to '/data/anr/traces.txt'
07-02 16:23:36.000   345   352 I dalvikvm: threadid=3: reacting to signal 3
07-02 16:23:36.031   345   345 D Bluetooth HS/HF: CDMA call state: SINGLE_ACTIVE prev state:IDLE
07-02 16:23:36.043   345   352 I dalvikvm: Wrote stack traces to '/data/anr/traces.txt'
07-02 16:23:36.043   345   345 D Bluetooth HS/HF: CDMA call state: SINGLE_ACTIVE prev state:IDLE
07-02 16:23:36.051   345 26688 D CallNotifier: SignalInfoTonePlayer.run(toneId = 98)...
07-02 16:23:36.078   145  1149 I ActivityManager: Process com.twitter.android (pid 26481) has died.
07-02 16:23:36.090    81   129 D AudioHardware: AudioHardware pcm playback is exiting standby.
07-02 16:23:36.090    81   129 D AudioHardware: openPcmOut_l() mPcmOpenCnt: 1
07-02 16:23:36.090   216   216 D PhoneStatusBar: disable: < EXPAND* icons ALERTS ticker system_info back home recent clock >
07-02 16:23:36.113   145   202 D ConnectivityService: NetTransition Wakelock for WifiStateMachine released by timeout
07-02 16:23:36.156   216   216 D PhoneStatusBar: disable: < expand* icons ALERTS ticker system_info back home recent clock >
07-02 16:23:36.160   345   345 D Bluetooth HS/HF: CDMA call state: SINGLE_ACTIVE prev state:IDLE
07-02 16:23:37.016 26606 26656 E DefaultVoicemailNotifier: No voicemails to notify about: clear the notification.
07-02 16:23:37.434 26628 26630 D dalvikvm: GC_CONCURRENT freed 443K, 6% free 9739K/10311K, paused 5ms+3ms
07-02 16:23:37.906 26606 26623 V ContactPhotoManager: Preloaded 25 photos.  Cached bytes: 171517
07-02 16:23:38.211   145   206 D Tethering: MasterInitialState.processMessage what=3
07-02 16:23:38.285 19717 19717 I GTalkService/c: [AndroidEndpoint@1094222040] connect: acct=1000000, state=CONNECTING
07-02 16:23:38.293 19717 19717 I GTalkService/c: [GTalkConnection@1094322432] connect: acct=1, state=CONNECTING
07-02 16:23:38.735 25931 25931 I MediaUploader: No need to wake up
07-02 16:23:38.789 25623 25625 D dalvikvm: GC_CONCURRENT freed 459K, 6% free 10295K/10887K, paused 49ms+3ms
07-02 16:23:38.938 25988 25988 W ContextScopeImpl: thread=1 tried to enter the scope of the application context. Ignored.
07-02 16:23:38.996 26606 26623 V ContactPhotoManager: Preloaded 25 photos.  Cached bytes: 307816
07-02 16:23:39.078 25873 26009 D PicasaSyncManager: active network: NetworkInfo: type: WIFI[], state: CONNECTED/CONNECTED, reason: (unspecified), extra: (none), roaming: false, failover: false, isAvailable: true
07-02 16:23:39.086 25873 26009 D PicasaSyncManager: background data: true
07-02 16:23:39.094    81   129 D AudioHardware: AudioHardware pcm playback is going to standby.
07-02 16:23:39.094    81   129 D AudioHardware: closePcmOut_l() mPcmOpenCnt: 2
07-02 16:23:39.242 25856 25867 D dalvikvm: GC_EXPLICIT freed 325K, 6% free 9273K/9863K, paused 6ms+8ms
07-02 16:23:39.344 25873 25896 D dalvikvm: GC_EXPLICIT freed 469K, 9% free 12766K/14023K, paused 14ms+5ms
07-02 16:23:40.059 26606 26623 V ContactPhotoManager: Preloaded 25 photos.  Cached bytes: 438385
07-02 16:23:40.785 19717 19720 D dalvikvm: GC_CONCURRENT freed 368K, 8% free 10574K/11399K, paused 31ms+7ms
07-02 16:23:41.137 26606 26623 V ContactPhotoManager: Preloaded 23 photos.  Cached bytes: 562961
07-02 16:23:41.309   145   147 D dalvikvm: GC_CONCURRENT freed 3057K, 32% free 16775K/24455K, paused 14ms+8ms
07-02 16:23:42.090 25666 25668 D dalvikvm: GC_CONCURRENT freed 390K, 6% free 10358K/11015K, paused 83ms+9ms
07-02 16:23:42.246   145   202 D ConnectivityService: handleInetConditionHoldEnd: net=1, condition=100, published condition=0
07-02 16:23:45.145   145   361 D dalvikvm: GC_EXPLICIT freed 273K, 32% free 16654K/24455K, paused 3ms+6ms
07-02 16:23:45.477 26138 26141 D dalvikvm: GC_CONCURRENT freed 409K, 6% free 9340K/9863K, paused 3ms+2ms
07-02 16:23:53.570   306   306 I wpa_supplicant: wlan0: CTRL-EVENT-DISCONNECTED bssid=d0:c2:82:7e:31:51 reason=0
07-02 16:23:53.578 20701 20718 D CommandListener: Clearing all IP addresses on wlan0
07-02 16:23:53.633   145   202 D ConnectivityService: ConnectivityChange for WIFI: DISCONNECTED/DISCONNECTED
07-02 16:23:53.633   145   202 D ConnectivityService: Attempting to switch to mobile
07-02 16:23:53.633   145   202 D ConnectivityService: Attempting to switch to WIMAX
07-02 16:23:53.633   145   202 D ConnectivityService: Attempting to switch to BLUETOOTH_TETHER
07-02 16:23:53.645   145   202 D NetUtils: android_net_utils_resetConnections in env=0x9a76d8 clazz=0xb3000001 iface=wlan0 mask=0x3
07-02 16:23:53.645   145   202 E ConnectivityService: Exception trying to remove a route: java.lang.IllegalStateException: Unable to communicate with native dameon to add routes - com.android.server.NativeDaemonConnectorException: Cmd {interface route remove wlan0 default 67.20.213.254 32 0.0.0.0} failed with code 400 : {Failed to remove route from default table (No such process)}
07-02 16:23:53.645   145   202 E ConnectivityService: Exception trying to remove a route: java.lang.IllegalStateException: Unable to communicate with native dameon to add routes - com.android.server.NativeDaemonConnectorException: Cmd {interface route remove wlan0 default 0.0.0.0 0 67.20.213.254} failed with code 400 : {Failed to remove route from default table (No such process)}
07-02 16:23:53.645   145   202 D ConnectivityService: resetConnections(wlan0, 3)
07-02 16:23:53.735 19717 26698 W Smack/Packet: notify conn break (IOEx), close connection
07-02 16:23:53.891 19717 26698 I qtaguid : Failed write_ctrl(u 99) res=-1 errno=22
07-02 16:23:53.891 19717 26698 I qtaguid : Untagging socket 99 failed errno=-22
07-02 16:23:53.891 19717 26698 W NetworkManagementSocketTagger: untagSocket(99) failed with errno -22
07-02 16:23:53.899 25766 25769 D dalvikvm: GC_CONCURRENT freed 491K, 6% free 9908K/10503K, paused 76ms+3ms
07-02 16:23:53.899   145   202 D ConnectivityService: handleInetConditionChange: no active default network - ignore
07-02 16:23:54.156   306   306 I wpa_supplicant: wlan0: Trying to associate with d0:c2:82:67:2e:71 (SSID='UB_Secure' freq=2412 MHz)
07-02 16:23:54.223   306   306 I wpa_supplicant: wlan0: Associated with d0:c2:82:67:2e:71
07-02 16:23:54.223   306   306 I wpa_supplicant: wlan0: CTRL-EVENT-EAP-STARTED EAP authentication started
07-02 16:23:54.231   306   306 I wpa_supplicant: wlan0: CTRL-EVENT-EAP-PROPOSED-METHOD vendor=0 method=4 -> NAK
07-02 16:23:54.231   306   306 I wpa_supplicant: wlan0: CTRL-EVENT-EAP-PROPOSED-METHOD vendor=0 method=25
07-02 16:23:54.235   306   306 I wpa_supplicant: wlan0: CTRL-EVENT-EAP-METHOD EAP vendor 0 method 25 (PEAP) selected
07-02 16:23:54.278   306   306 I wpa_supplicant: wlan0: CTRL-EVENT-EAP-PEER-CERT depth=2 subject='/C=US/O=Entrust.net/OU=www.entrust.net/CPS incorp. by ref. (limits liab.)/OU=(c) 1999 Entrust.net Limited/CN=Entrust.net Secure Server Certification Authority'
07-02 16:23:54.278   306   306 I wpa_supplicant: wlan0: CTRL-EVENT-EAP-PEER-CERT depth=2 subject='/C=US/O=Entrust.net/OU=www.entrust.net/CPS incorp. by ref. (limits liab.)/OU=(c) 1999 Entrust.net Limited/CN=Entrust.net Secure Server Certification Authority'
07-02 16:23:54.278   306   306 I wpa_supplicant: wlan0: CTRL-EVENT-EAP-PEER-CERT depth=1 subject='/C=US/ST=UT/L=Salt Lake City/O=The USERTRUST Network/CN=USERTrust Legacy Secure Server CA'
07-02 16:23:54.281   306   306 I wpa_supplicant: wlan0: CTRL-EVENT-EAP-PEER-CERT depth=0 subject='/C=US/postalCode=14260/ST=New York/L=Buffalo/street=305 Computing Center/O=SUNY AT BUFFALO/OU=Office of the President/OU=Issued through UNIVERSITY AT BUFFALO E-PKI Manager/OU=PremiumSSL Legacy/CN=ubsecure.acsu.buffalo.edu'
07-02 16:23:54.457   306   306 I wpa_supplicant: EAP-MSCHAPV2: Authentication succeeded
07-02 16:23:54.461   306   306 I wpa_supplicant: EAP-TLV: TLV Result - Success - EAP-TLV/Phase2 Completed
07-02 16:23:54.465   306   306 I wpa_supplicant: wlan0: CTRL-EVENT-EAP-SUCCESS EAP authentication completed successfully
07-02 16:23:54.496   306   306 I wpa_supplicant: wlan0: WPA: Key negotiation completed with d0:c2:82:67:2e:71 [PTK=CCMP GTK=TKIP]
07-02 16:23:54.496   306   306 I wpa_supplicant: wlan0: CTRL-EVENT-CONNECTED - Connection to d0:c2:82:67:2e:71 completed (reauth) [id=0 id_str=]
07-02 16:23:55.238   145   202 D ConnectivityService: ConnectivityChange for WIFI: CONNECTED/CONNECTED
07-02 16:23:55.254 25122 25122 I PhoneLab-WiFiReceiver: Wi-Fi is connected!
07-02 16:23:55.258 25122 25122 I PhoneLab-WiFiReceiver: SSID: UB_Secure BSSID: d0:c2:82:67:2e:71 RSSI: -200 LinkSpeed: -1
07-02 16:23:55.258 25122 25122 I PhoneLab-Locks: wake lock acquired
07-02 16:23:55.262 25122 25122 I PhoneLab-UploadLogs: Transfering log files now
07-02 16:23:55.262 25122 25122 I PhoneLab-UploadLogs: No log files to transfer
07-02 16:23:55.262 25122 25122 I PhoneLab-Locks: wake lock released
07-02 16:23:55.274 25122 25122 I PhoneLab-UploadLogs: OnStartCommand
07-02 16:23:55.281   145   197 W NetworkStats: dropping UID delta from unknown iface: iface=wlan0 uid=0 set=DEFAULT tag=0x0 rxBytes=0 rxPackets=0 txBytes=72 txPackets=1 operations=0
07-02 16:23:56.242   145   202 D ConnectivityService: NetTransition Wakelock for WifiStateMachine released by timeout
07-02 16:23:56.692   145   206 D Tethering: MasterInitialState.processMessage what=3
07-02 16:23:56.723 19717 19717 I GTalkService/c: [AndroidEndpoint@1094222040] connect: acct=1000000, state=CONNECTING
07-02 16:23:56.727 19717 19717 I GTalkService/c: [GTalkConnection@1094322432] connect: acct=1, state=CONNECTING
07-02 16:23:56.789 25931 25931 I MediaUploader: No need to wake up
07-02 16:23:56.797 25122 25122 I PhoneLab-WiFiReceiver: Wi-Fi is disconnected!
07-02 16:23:56.836 25988 25988 W ContextScopeImpl: thread=1 tried to enter the scope of the application context. Ignored.
07-02 16:23:56.871 25873 26009 D PicasaSyncManager: active network: NetworkInfo: type: WIFI[], state: CONNECTED/CONNECTED, reason: (unspecified), extra: (none), roaming: false, failover: false, isAvailable: true
07-02 16:23:56.875 25873 26009 D PicasaSyncManager: background data: true
07-02 16:23:57.551 19717 19720 D dalvikvm: GC_CONCURRENT freed 421K, 8% free 10547K/11399K, paused 2ms+3ms
07-02 16:23:58.285   145   206 D Tethering: MasterInitialState.processMessage what=3
07-02 16:23:58.301 19717 19724 I dalvikvm: Jit: resizing JitTable from 8192 to 16384
07-02 16:23:58.360 25931 25931 I MediaUploader: No need to wake up
07-02 16:23:58.414 25988 25988 W ContextScopeImpl: thread=1 tried to enter the scope of the application context. Ignored.
07-02 16:23:58.430   375   375 D OpenGLRenderer: Flushing caches (mode 2)
07-02 16:23:58.469 26606 26606 D OpenGLRenderer: Flushing caches (mode 2)
07-02 16:23:58.485 26606 26606 D OpenGLRenderer: Flushing caches (mode 0)
07-02 16:23:58.488 25873 26009 D PicasaSyncManager: active network: NetworkInfo: type: WIFI[], state: CONNECTED/CONNECTED, reason: (unspecified), extra: (none), roaming: false, failover: false, isAvailable: true
07-02 16:23:58.488 25873 26009 D PicasaSyncManager: background data: true
07-02 16:23:58.500   375   375 D OpenGLRenderer: Flushing caches (mode 0)
07-02 16:23:58.809   145   202 D ConnectivityService: handleInetConditionHoldEnd: net=1, condition=100, published condition=0
07-02 16:24:00.395 19717 19720 D dalvikvm: GC_CONCURRENT freed 379K, 8% free 10557K/11399K, paused 2ms+4ms
07-02 16:24:00.965 25122 25137 I PhoneLab-: Service Running
07-02 16:24:01.035 25122 25137 I PhoneLab-LoggerService: app_37    1360  1     1436   996   c00f181c 400107b4 S logcat
07-02 16:24:01.039 25122 25137 I PhoneLab-LoggerService: Logcat pid from database 1360
07-02 16:24:01.039 25122 25137 I PhoneLab-LoggerService: Logcat process found 1360
07-02 16:24:01.039 25122 25137 I PhoneLab-LoggerService: Checking Threshold
07-02 16:24:05.219   145   174 I power   : *** set_screen_state 1
07-02 16:24:05.328   145   177 I WindowManager: No lock screen!
07-02 16:24:05.449    78   121 D SurfaceFlinger: Screen about to return, flinger = 0x457918
07-02 16:24:05.481   216   216 D PhoneStatusBar: disable: < EXPAND* icons ALERTS ticker system_info back home recent clock >
07-02 16:24:05.547   145   395 I power   : *** set_screen_state 1
07-02 16:24:05.570   362   772 D NfcService: NFC-C ON
07-02 16:24:05.610   345   345 D Bluetooth HS/HF: CDMA call state: SINGLE_ACTIVE prev state:IDLE
07-02 16:24:05.867   345   345 D AccelerometerListener: orientation: horizontal
07-02 16:24:05.961 19717 19720 D dalvikvm: GC_CONCURRENT freed 313K, 7% free 10632K/11399K, paused 2ms+3ms
07-02 16:24:06.348 26628 26630 D dalvikvm: GC_CONCURRENT freed 399K, 6% free 9781K/10311K, paused 2ms+4ms
07-02 16:24:06.524   345   345 D InCallScreen: internalHangup()...  phone state = OFFHOOK
07-02 16:24:06.524   345   345 D PhoneUtils: hangup(): hanging up foreground call
07-02 16:24:06.524   345   345 D PhoneUtils: - hangup(Call): regular hangup()...
07-02 16:24:06.563   345   345 D Bluetooth HS/HF: CDMA call state: SINGLE_ACTIVE prev state:IDLE
07-02 16:24:06.625   345   345 D SAN_SERVICE: *******************************************
07-02 16:24:06.625   345   345 D SAN_SERVICE: DM App Phone Call State - 0
07-02 16:24:06.625   345   345 D SAN_SERVICE: *******************************************
07-02 16:24:06.629 25766 25778 D dalvikvm: GC_EXPLICIT freed 72K, 6% free 9880K/10503K, paused 4ms+16ms
07-02 16:24:06.660   345   345 D CallNotifier: onDisconnect: cause = LOCAL, incoming = false, date = 1341260611995
07-02 16:24:06.664   345 26745 D CallNotifier: SignalInfoTonePlayer.run(toneId = 98)...
07-02 16:24:06.668   145 28236 I PowerManagerService: clearUserActivity for 10000ms from now
07-02 16:24:06.672   345 26747 D CallNotifier: InCallTonePlayer.run(toneId = 5)...
07-02 16:24:06.680    81   129 D AudioHardware: AudioHardware pcm playback is exiting standby.
07-02 16:24:06.680    81   129 D AudioHardware: openPcmOut_l() mPcmOpenCnt: 1
07-02 16:24:06.914   345   345 D InCallScreen: delayedCleanupAfterDisconnect()...  Phone state = IDLE
07-02 16:24:06.934   145  1150 I ActivityManager: START {act=android.intent.action.VIEW typ=vnd.android.cursor.dir/calls flg=0x10000 cmp=com.android.contacts/.activities.DialtactsActivity} from pid 345
07-02 16:24:07.004   345   345 D InCallScreen: endInCallScreenSession(false)...  phone state = IDLE
07-02 16:24:07.004    81    81 D AudioHardwareInterface: setMode(NORMAL)
07-02 16:24:07.004   145 22722 I ActivityManager: moveTaskToBack: 18
07-02 16:24:07.008   216   216 D PhoneStatusBar: disable: < expand* icons ALERTS ticker system_info back home recent clock >
07-02 16:24:07.047    81    81 D AudioHardware: closePcmOut_l() mPcmOpenCnt: 2
07-02 16:24:07.047    81    81 D AudioHardware: AudioHardware pcm playback is going to standby.
07-02 16:24:07.047    81    81 D AudioHardware: closePcmOut_l() mPcmOpenCnt: 1
07-02 16:24:07.051    81   129 D AudioHardware: AudioHardware pcm playback is exiting standby.
07-02 16:24:07.051    81   129 D AudioHardware: openPcmOut_l() mPcmOpenCnt: 0
07-02 16:24:07.074   345   345 D Bluetooth HS/HF: CDMA call state: IDLE prev state:IDLE
07-02 16:24:07.074   345   345 D AccelerometerListener: enable(false)
07-02 16:24:07.074   216   216 D PhoneStatusBar: disable: < expand icons alerts* ticker system_info back home recent clock >
07-02 16:24:07.129    81   129 D AudioHardware: AudioStreamOutALSA::setParameters() routing=1
07-02 16:24:07.129   145   156 I AudioService:  AudioFocus  abandonAudioFocus() from AudioFocus_For_Phone_Ring_And_Calls
07-02 16:24:07.188 26628 26630 D dalvikvm: GC_CONCURRENT freed 417K, 6% free 9759K/10311K, paused 5ms+4ms
07-02 16:24:07.457 26606 26607 D dalvikvm: GC_CONCURRENT freed 1434K, 12% free 12033K/13575K, paused 24ms+4ms
07-02 16:24:07.512   145   161 I Process : Sending signal. PID: 26606 SIG: 3
07-02 16:24:07.512 26606 26608 I dalvikvm: threadid=3: reacting to signal 3
07-02 16:24:07.539 19717 26738 D dalvikvm: GC_EXPLICIT freed 212K, 7% free 10610K/11399K, paused 2ms+49ms
07-02 16:24:07.656 26606 26608 I dalvikvm: Wrote stack traces to '/data/anr/traces.txt'
07-02 16:24:07.813   145   348 D dalvikvm: GC_EXPLICIT freed 1398K, 32% free 16857K/24455K, paused 3ms+9ms
07-02 16:24:07.832   145  9966 I ActivityManager: moveTaskToBack: 18
07-02 16:24:07.863 10674 10676 D dalvikvm: GC_CONCURRENT freed 1209K, 18% free 10017K/12167K, paused 5ms+2ms
07-02 16:24:08.024 26628 26750 D dalvikvm: GC_EXPLICIT freed 183K, 7% free 9692K/10311K, paused 9ms+3ms
07-02 16:24:08.070 26606 26753 E DefaultVoicemailNotifier: No voicemails to notify about: clear the notification.
07-02 16:24:09.629 26606 26607 D dalvikvm: GC_CONCURRENT freed 577K, 9% free 12454K/13575K, paused 2ms+4ms
07-02 16:24:09.738 26628 26630 D dalvikvm: GC_CONCURRENT freed 249K, 5% free 9829K/10311K, paused 4ms+3ms
07-02 16:24:09.918    81   129 D AudioHardware: AudioHardware pcm playback is going to standby.
07-02 16:24:09.918    81   129 D AudioHardware: closePcmOut_l() mPcmOpenCnt: 1
07-02 16:24:10.953   145   181 I ActivityManager: START {act=android.intent.action.MAIN cat=[android.intent.category.HOME] flg=0x10200000 cmp=com.android.launcher/com.android.launcher2.Launcher} from pid 145
07-02 16:24:11.207 26606 26606 D OpenGLRenderer: Flushing caches (mode 0)
07-02 16:24:11.246   145   310 W InputManagerService: Starting input on non-focused client com.android.internal.view.IInputMethodClient$Stub$Proxy@41755890 (uid=10000 pid=26606)
07-02 16:24:11.281 26606 26606 D OpenGLRenderer: Flushing caches (mode 1)
07-02 16:24:11.418 26606 26758 E DefaultVoicemailNotifier: No voicemails to notify about: clear the notification.
07-02 16:24:12.965   145   157 I ActivityManager: START {act=android.intent.action.MAIN cat=[android.intent.category.LAUNCHER] flg=0x10000000 pkg=com.twitter.android cmp=com.twitter.android/.StartActivity bnds=[120,254][240,404]} from pid 375
07-02 16:24:13.121   145  1149 I ActivityManager: Start proc com.twitter.android for activity com.twitter.android/.HomeTabActivity: pid=26759 uid=10064 gids={3003, 1015}
07-02 16:24:13.176 26759 26759 I dalvikvm: Turning on JNI app bug workarounds for target SDK version 11...
07-02 16:24:13.278   375   375 D OpenGLRenderer: Flushing caches (mode 1)
07-02 16:24:13.340   375   375 D OpenGLRenderer: Flushing caches (mode 0)
07-02 16:24:13.391 26759 26759 I ActivityThread: Pub com.twitter.android.provider.GlobalDatabaseProvider: com.twitter.android.provider.GlobalDatabaseProvider
07-02 16:24:13.399 26759 26759 I ActivityThread: Pub com.twitter.android.provider.TwitterProvider: com.twitter.android.provider.TwitterProvider
07-02 16:24:13.574 26759 26760 D dalvikvm: GC_CONCURRENT freed 196K, 3% free 9339K/9607K, paused 14ms+3ms
07-02 16:24:13.699   145   161 I Process : Sending signal. PID: 26759 SIG: 3
07-02 16:24:13.699 26759 26761 I dalvikvm: threadid=3: reacting to signal 3
07-02 16:24:13.727 26759 26761 I dalvikvm: Wrote stack traces to '/data/anr/traces.txt'
07-02 16:24:13.754   345   345 D SAN_SERVICE: *******************************************
07-02 16:24:13.754   345   345 D SAN_SERVICE: DM App Phone Service State - 0
07-02 16:24:13.754   345   345 D SAN_SERVICE: *******************************************
07-02 16:24:13.910 26759 26760 D dalvikvm: GC_CONCURRENT freed 107K, 3% free 9692K/9927K, paused 11ms+2ms
07-02 16:24:14.113 26759 26760 D dalvikvm: GC_CONCURRENT freed 234K, 4% free 9956K/10311K, paused 12ms+4ms
07-02 16:24:14.199   145   161 I Process : Sending signal. PID: 26759 SIG: 3
07-02 16:24:14.199 26759 26761 I dalvikvm: threadid=3: reacting to signal 3
07-02 16:24:14.250 26759 26761 I dalvikvm: Wrote stack traces to '/data/anr/traces.txt'
07-02 16:24:14.445 26759 26760 D dalvikvm: GC_CONCURRENT freed 263K, 4% free 10219K/10567K, paused 2ms+2ms
07-02 16:24:14.500   145   202 D ConnectivityService: ConnectivityChange for mobile: CONNECTED/CONNECTED
07-02 16:24:14.547   145   202 D NetUtils: android_net_utils_resetConnections in env=0x9a76d8 clazz=0xc8200001 iface=rmnet0 mask=0x3
07-02 16:24:14.547   145   202 D ConnectivityService: ConnectivityChange for mobile: DISCONNECTED/DISCONNECTED
07-02 16:24:14.547   145   202 D ConnectivityService: Attempting to switch to WIFI
07-02 16:24:14.547   145   202 D ConnectivityService: Attempting to switch to WIMAX
07-02 16:24:14.547   145   202 D ConnectivityService: Attempting to switch to BLUETOOTH_TETHER
07-02 16:24:14.547   145   202 D ConnectivityService: resetConnections(rmnet0, 3)
07-02 16:24:14.699   145   161 I Process : Sending signal. PID: 26759 SIG: 3
07-02 16:24:14.699 26759 26761 I dalvikvm: threadid=3: reacting to signal 3
07-02 16:24:14.801 26759 26761 I dalvikvm: Wrote stack traces to '/data/anr/traces.txt'
07-02 16:24:15.012 26759 26760 D dalvikvm: GC_CONCURRENT freed 342K, 4% free 10407K/10823K, paused 2ms+3ms
07-02 16:24:15.199   145   161 I Process : Sending signal. PID: 26759 SIG: 3
07-02 16:24:15.199 26759 26761 I dalvikvm: threadid=3: reacting to signal 3
07-02 16:24:15.207 26759 26760 D dalvikvm: GC_CONCURRENT freed 380K, 5% free 10562K/11015K, paused 2ms+3ms
07-02 16:24:15.219 26759 26761 I dalvikvm: Wrote stack traces to '/data/anr/traces.txt'
07-02 16:24:15.399 26759 26760 D dalvikvm: GC_CONCURRENT freed 402K, 5% free 10733K/11207K, paused 2ms+3ms
07-02 16:24:15.567 26759 26760 D dalvikvm: GC_CONCURRENT freed 423K, 5% free 10905K/11399K, paused 1ms+3ms
07-02 16:24:15.637   145 28236 D AlarmManagerService: Kernel timezone updated to 240 minutes west of GMT
07-02 16:24:15.699   145   161 I Process : Sending signal. PID: 26759 SIG: 3
07-02 16:24:15.699 26759 26761 I dalvikvm: threadid=3: reacting to signal 3
07-02 16:24:15.715 26759 26761 I dalvikvm: Wrote stack traces to '/data/anr/traces.txt'
07-02 16:24:15.793 26759 26760 D dalvikvm: GC_CONCURRENT freed 656K, 7% free 10928K/11655K, paused 2ms+3ms
07-02 16:24:16.012 26759 26760 D dalvikvm: GC_CONCURRENT freed 515K, 6% free 11048K/11655K, paused 1ms+3ms
07-02 16:24:16.192 26759 26760 D dalvikvm: GC_CONCURRENT freed 576K, 6% free 11199K/11847K, paused 2ms+3ms
07-02 16:24:16.199   145   161 I Process : Sending signal. PID: 26759 SIG: 3
07-02 16:24:16.199 26759 26761 I dalvikvm: threadid=3: reacting to signal 3
07-02 16:24:16.215 26759 26761 I dalvikvm: Wrote stack traces to '/data/anr/traces.txt'
07-02 16:24:16.391 26759 26760 D dalvikvm: GC_CONCURRENT freed 620K, 6% free 11347K/12039K, paused 2ms+4ms
07-02 16:24:16.574 26759 26760 D dalvikvm: GC_CONCURRENT freed 656K, 6% free 11503K/12231K, paused 2ms+3ms
07-02 16:24:16.711   145   161 I Process : Sending signal. PID: 26759 SIG: 3
07-02 16:24:16.711 26759 26761 I dalvikvm: threadid=3: reacting to signal 3
07-02 16:24:16.758 26759 26761 I dalvikvm: Wrote stack traces to '/data/anr/traces.txt'
07-02 16:24:16.774   216   216 V PhoneStatusBar: setLightsOn(true)
07-02 16:24:16.887 26759 26759 D libEGL  : loaded /system/lib/egl/libGLES_android.so
07-02 16:24:16.914 26759 26759 D libEGL  : loaded /vendor/lib/egl/libEGL_POWERVR_SGX540_120.so
07-02 16:24:16.945 26759 26759 D libEGL  : loaded /vendor/lib/egl/libGLESv1_CM_POWERVR_SGX540_120.so
07-02 16:24:16.949 26759 26759 D libEGL  : loaded /vendor/lib/egl/libGLESv2_POWERVR_SGX540_120.so
07-02 16:24:17.008 26759 26759 D OpenGLRenderer: Enabling debug mode 0
07-02 16:24:17.145   145  1150 I ActivityManager: Process com.chess (pid 25194) has died.
07-02 16:24:17.199   145   161 I Process : Sending signal. PID: 26759 SIG: 3
07-02 16:24:17.199 26759 26761 I dalvikvm: threadid=3: reacting to signal 3
07-02 16:24:17.219 26759 26761 I dalvikvm: Wrote stack traces to '/data/anr/traces.txt'
07-02 16:24:17.328   145   176 I ActivityManager: Displayed com.twitter.android/.HomeTabActivity: +4s333ms (total +45s453ms)
07-02 16:24:17.465 26759 26760 D dalvikvm: GC_CONCURRENT freed 445K, 6% free 11797K/12423K, paused 3ms+4ms
07-02 16:24:17.574   145   206 D Tethering: MasterInitialState.processMessage what=3
07-02 16:24:17.703   145   206 D Tethering: MasterInitialState.processMessage what=3
07-02 16:24:17.711   216   218 D dalvikvm: GC_CONCURRENT freed 522K, 33% free 9704K/14343K, paused 9ms+5ms
07-02 16:24:17.981 25931 25931 I MediaUploader: No need to wake up
07-02 16:24:18.047 26606 26606 D OpenGLRenderer: Flushing caches (mode 1)
07-02 16:24:18.051   375   375 D OpenGLRenderer: Flushing caches (mode 2)
07-02 16:24:18.063   375   375 D OpenGLRenderer: Flushing caches (mode 0)
07-02 16:24:18.129 25988 25988 W ContextScopeImpl: thread=1 tried to enter the scope of the application context. Ignored.
07-02 16:24:18.172 26606 26606 D OpenGLRenderer: Flushing caches (mode 2)
07-02 16:24:18.184 26606 26606 D OpenGLRenderer: Flushing caches (mode 0)
07-02 16:24:18.211 25873 26009 D PicasaSyncManager: active network: NetworkInfo: type: WIFI[], state: CONNECTED/CONNECTED, reason: (unspecified), extra: (none), roaming: false, failover: false, isAvailable: true
07-02 16:24:18.211 25873 26009 D PicasaSyncManager: background data: true
07-02 16:24:18.227   145   202 D ConnectivityService: handleInetConditionHoldEnd: net=1, condition=100, published condition=100
07-02 16:24:18.289 25931 25931 I MediaUploader: No need to wake up
07-02 16:24:18.379 25988 25988 W ContextScopeImpl: thread=1 tried to enter the scope of the application context. Ignored.
07-02 16:24:18.555   145   147 D dalvikvm: GC_CONCURRENT freed 1837K, 31% free 16887K/24455K, paused 5ms+9ms
07-02 16:24:18.594 25873 26009 D PicasaSyncManager: active network: NetworkInfo: type: WIFI[], state: CONNECTED/CONNECTED, reason: (unspecified), extra: (none), roaming: false, failover: false, isAvailable: true
07-02 16:24:18.602 25873 26009 D PicasaSyncManager: background data: true
07-02 16:24:19.633 26759 26760 D dalvikvm: GC_CONCURRENT freed 573K, 6% free 12035K/12743K, paused 2ms+4ms
07-02 16:24:24.699 26759 26760 D dalvikvm: GC_CONCURRENT freed 767K, 7% free 12164K/13063K, paused 2ms+4ms
07-02 16:24:31.590   145   310 I ActivityManager: START {cmp=com.twitter.android/.TweetActivity (has extras)} from pid 26759
07-02 16:24:31.930   216   216 V PhoneStatusBar: setLightsOn(true)
07-02 16:24:32.129   145   176 I ActivityManager: Displayed com.twitter.android/.TweetActivity: +385ms
07-02 16:24:32.199 26759 26759 D OpenGLRenderer: Flushing caches (mode 0)
07-02 16:24:35.082   145   156 D dalvikvm: GC_EXPLICIT freed 408K, 32% free 16830K/24455K, paused 15ms+8ms
07-02 16:24:35.098   145 28236 I ActivityManager: START {act=android.intent.action.VIEW dat=http://t.co/FsGiazvp flg=0x10000000 cmp=org.mozilla.firefox_beta/.App} from pid 26759
07-02 16:24:35.285   145   329 I ActivityManager: Start proc org.mozilla.firefox_beta for activity org.mozilla.firefox_beta/.App: pid=26809 uid=10061 gids={3003, 1015, 1006}
07-02 16:24:35.313    79    79 D dalvikvm: GC_EXPLICIT freed 37K, 4% free 9031K/9347K, paused 3ms+2ms
07-02 16:24:35.332    79    79 D dalvikvm: GC_EXPLICIT freed <1K, 4% free 9031K/9347K, paused 2ms+2ms
07-02 16:24:35.418 26759 26759 D OpenGLRenderer: Flushing caches (mode 1)
07-02 16:24:35.434    79    79 D dalvikvm: GC_EXPLICIT freed <1K, 4% free 9031K/9347K, paused 2ms+20ms
07-02 16:24:35.485 26759 26759 D OpenGLRenderer: Flushing caches (mode 0)
07-02 16:24:35.535 26809 26809 I ActivityThread: Pub org.mozilla.firefox_beta.db.browser: org.mozilla.firefox_beta.db.BrowserProvider
07-02 16:24:35.555 26809 26809 I ActivityThread: Pub org.mozilla.firefox_beta.db.formhistory: org.mozilla.firefox_beta.db.FormHistoryProvider
07-02 16:24:35.555 26809 26809 I ActivityThread: Pub org.mozilla.firefox_beta.db.tabs: org.mozilla.firefox_beta.db.TabsProvider
07-02 16:24:35.625 26809 26809 D dalvikvm: Trying to load lib /data/data/org.mozilla.firefox_beta/lib/libmozglue.so 0x41345c38
07-02 16:24:35.637 26809 26809 D dalvikvm: Added shared lib /data/data/org.mozilla.firefox_beta/lib/libmozglue.so 0x41345c38
07-02 16:24:35.637 26809 26809 D dalvikvm: No JNI_OnLoad found in /data/data/org.mozilla.firefox_beta/lib/libmozglue.so 0x41345c38, skipping init
07-02 16:24:35.637 26809 26809 W GeckoApp: zerdatime 139384840 - onCreate
07-02 16:24:35.680 26809 26823 D GeckoProfile: Found profile dir: /data/data/org.mozilla.firefox_beta/files/mozilla/r0zhquk7.default
07-02 16:24:35.778 26809 26810 D dalvikvm: GC_CONCURRENT freed 223K, 4% free 9309K/9607K, paused 10ms+2ms
07-02 16:24:35.828 26809 26809 I GeckoViewsFactory: Creating custom Gecko view: FormAssistPopup
07-02 16:24:35.832 26809 26809 I GeckoViewsFactory: Creating custom Gecko view: AboutHomeContent
07-02 16:24:35.875 26809 26809 W GeckoApp: zerdatime 139385080 - onStart
07-02 16:24:35.875 26809 26809 I GeckoApp: start
07-02 16:24:35.887   145   161 I Process : Sending signal. PID: 26809 SIG: 3
07-02 16:24:35.887 26809 26811 I dalvikvm: threadid=3: reacting to signal 3
07-02 16:24:35.910 26809 26811 I dalvikvm: Wrote stack traces to '/data/anr/traces.txt'
07-02 16:24:35.945 26809 26809 W GeckoApp: zerdatime 139385150 - onNewIntent
07-02 16:24:35.945 26809 26809 I GeckoApp: resume
07-02 16:24:35.985 26809 26809 D libEGL  : loaded /system/lib/egl/libGLES_android.so
07-02 16:24:35.992 26809 26809 D libEGL  : loaded /vendor/lib/egl/libEGL_POWERVR_SGX540_120.so
07-02 16:24:36.000 26809 26809 D libEGL  : loaded /vendor/lib/egl/libGLESv1_CM_POWERVR_SGX540_120.so
07-02 16:24:36.004 26809 26809 D libEGL  : loaded /vendor/lib/egl/libGLESv2_POWERVR_SGX540_120.so
07-02 16:24:36.067 26809 26809 D OpenGLRenderer: Enabling debug mode 0
07-02 16:24:36.070 26809 26809 I GeckoToolbar: zerdatime 139385275 - Throbber start
07-02 16:24:36.070 26809 26823 I GeckoApp: Checking profile migration in: /data/data/org.mozilla.firefox_beta/files/mozilla/r0zhquk7.default
07-02 16:24:36.090 26809 26809 D GeckoFavicons: Creating Favicons instance
07-02 16:24:36.090 26809 26809 D GeckoFavicons: Creating DatabaseHelper
07-02 16:24:36.121 26809 26825 W GeckoApp: zerdatime 139385327 - start of getPluginDirectories
07-02 16:24:36.129 26809 26825 W GeckoApp: zerdatime 139385332 - end of getPluginDirectories
07-02 16:24:36.137 26809 26809 I GeckoAxis: Prefs: 0.85,0.97,10.0,0.012,0.04,0.3,0.5
07-02 16:24:36.149 26809 26825 I GeckoAppShell: env0: null
07-02 16:24:36.160 26809 26825 D dalvikvm: Trying to load lib /data/data/org.mozilla.firefox_beta/lib/libmozglue.so 0x41345c38
07-02 16:24:36.160 26809 26825 D dalvikvm: Shared lib '/data/data/org.mozilla.firefox_beta/lib/libmozglue.so' already loaded in same CL 0x41345c38
07-02 16:24:36.160 26809 26825 E GeckoLibLoad: Load sqlite start
07-02 16:24:36.176 26809 26810 D dalvikvm: GC_CONCURRENT freed 128K, 3% free 9652K/9863K, paused 3ms+7ms
07-02 16:24:36.203 26809 26809 W GeckoApp: zerdatime 139385410 - UI almost up
07-02 16:24:36.215 26809 26825 E GeckoLinker: /data/app/org.mozilla.firefox_beta-1.apk!/libmozsqlite3.so: Warning: relocation to NULL @0x00052db4
07-02 16:24:36.215 26809 26825 E GeckoLinker: /data/app/org.mozilla.firefox_beta-1.apk!/libmozsqlite3.so: Warning: relocation to NULL @0x00052cb0 for symbol "__cxa_begin_cleanup"
07-02 16:24:36.215 26809 26825 E GeckoLinker: /data/app/org.mozilla.firefox_beta-1.apk!/libmozsqlite3.so: Warning: relocation to NULL @0x00052d1c for symbol "__cxa_type_match"
07-02 16:24:36.219 26809 26825 E GeckoLibLoad: Load sqlite done
07-02 16:24:36.219 26809 26825 D dalvikvm: Trying to load lib /data/data/org.mozilla.firefox_beta/lib/libmozglue.so 0x41345c38
07-02 16:24:36.223 26809 26825 D dalvikvm: Shared lib '/data/data/org.mozilla.firefox_beta/lib/libmozglue.so' already loaded in same CL 0x41345c38
07-02 16:24:36.223 26809 26825 E GeckoLibLoad: Load nss start
07-02 16:24:36.266    78 25405 W SurfaceTexture: [org.mozilla.firefox_beta/org.mozilla.firefox_beta.App] cancelBuffer: SurfaceTexture has been abandoned!
07-02 16:24:36.266   145   329 W InputManagerService: Starting input on non-focused client com.android.internal.view.IInputMethodClient$Stub$Proxy@4188fdf0 (uid=10064 pid=26759)
07-02 16:24:36.332 26809 26825 E GeckoLinker: /data/app/org.mozilla.firefox_beta-1.apk!/libnspr4.so: Warning: relocation to NULL @0x00020de0
07-02 16:24:36.332 26809 26825 E GeckoLinker: /data/app/org.mozilla.firefox_beta-1.apk!/libnspr4.so: Warning: relocation to NULL @0x00020b98 for symbol "__cxa_begin_cleanup"
07-02 16:24:36.332 26809 26825 E GeckoLinker: /data/app/org.mozilla.firefox_beta-1.apk!/libnspr4.so: Warning: relocation to NULL @0x00020cb0 for symbol "__cxa_type_match"
07-02 16:24:36.340 26809 26825 E GeckoLibLoad: Load nss done
07-02 16:24:36.379   145   176 I ActivityManager: Displayed org.mozilla.firefox_beta/.App: +1s239ms
07-02 16:24:36.551 26809 26809 W GeckoApp: zerdatime 139385755 - onNewIntent
07-02 16:24:36.551 26809 26809 D GeckoApp: EDIT
07-02 16:24:36.555 26809 26809 I GeckoApp: onNewIntent: http://thehill.com/blogs/global-affairs/trade/235899-us-trade-agency-raps-ecuador-over-chevron-pollution-lawsuit
07-02 16:24:36.559 26809 26823 W GeckoApp: zerdatime 139385763 - pre checkLaunchState
07-02 16:24:36.625   145   156 I ActivityManager: Process com.google.android.apps.googlevoice (pid 25641) has died.
07-02 16:24:36.625   145   156 W ActivityManager: Scheduling restart of crashed service com.google.android.apps.googlevoice/.CallLogService in 5000ms
07-02 16:24:36.625   145   156 W ActivityManager: Scheduling restart of crashed service com.google.android.apps.googlevoice/.UpdateService in 15000ms
07-02 16:24:36.629   145   156 W ActivityManager: Scheduling restart of crashed service com.google.android.apps.googlevoice/.ShadowNumberRefreshService in 24999ms
07-02 16:24:37.188 26809 26825 E GeckoLinker: /data/app/org.mozilla.firefox_beta-1.apk!/libmozalloc.so: Warning: relocation to NULL @0x00003e2c
07-02 16:24:37.188 26809 26825 E GeckoLinker: /data/app/org.mozilla.firefox_beta-1.apk!/libmozalloc.so: Warning: relocation to NULL @0x00003db8 for symbol "__cxa_begin_cleanup"
07-02 16:24:37.188 26809 26825 E GeckoLinker: /data/app/org.mozilla.firefox_beta-1.apk!/libmozalloc.so: Warning: relocation to NULL @0x00003de0 for symbol "__cxa_type_match"
07-02 16:24:37.238 26809 26825 E GeckoLibLoad: Loaded libs in 896ms total, 476ms user, 167ms system, 3 faults
07-02 16:24:37.238 26809 26825 W GeckoThread: zerdatime 139386444 - runGecko
07-02 16:24:37.238 26809 26825 I GeckoThread: RunGecko - URI = about:empty
07-02 16:24:37.242 26809 26825 I GeckoAppShell: post native init
07-02 16:24:37.242 26809 26825 I GeckoAppShell: setLayerClient called
07-02 16:24:37.504 26809 26825 E GeckoConsole: Could not read chrome manifest 'file:///data/data/org.mozilla.firefox_beta/chrome.manifest'.
07-02 16:24:37.922   145   156 I ActivityManager: Process com.google.android.apps.maps:LocationFriendService (pid 25147) has died.
07-02 16:24:37.942   145 21614 W InputManagerService: Window already focused, ignoring focus gain of: com.android.internal.view.IInputMethodClient$Stub$Proxy@41636fc0
07-02 16:24:37.965 26809 26825 W ResourceType: Too many attribute references, stopped at: 0x01010099
07-02 16:24:38.254 26809 26825 E GeckoConsole: zerdatime 1341260678256 - browser chrome startup finished.
07-02 16:24:38.270 26809 26825 I GeckoApp: Got message: CharEncoding:State
07-02 16:24:38.340 26809 26825 I GeckoTabs: Got message: Session:RestoreBegin
07-02 16:24:38.344 26809 26825 I Gecko   : Detected osrelease `3.0.8-g6656123'
07-02 16:24:38.344 26809 26825 I Gecko   : JITs are not broken
07-02 16:24:38.410 26809 26825 I GeckoTabs: Got message: Tab:Added
07-02 16:24:38.410 26809 26825 I GeckoTabs: Received message from Gecko: 139387614 - Tab:Added
07-02 16:24:38.430 26809 26825 I GeckoTabs: Added a tab with id: 1
07-02 16:24:38.438 26809 26809 I GeckoToolbar: zerdatime 139387642 - Throbber start
07-02 16:24:38.445 26809 26809 I GeckoDoorHangerPopup: Showing all doorhangers for tab: 1
07-02 16:24:38.465 26809 26825 I GeckoApp: Got message: Content:StateChange
07-02 16:24:38.465 26809 26825 I GeckoApp: State - 983041
07-02 16:24:38.469 26809 26825 I GeckoApp: Got a document start
07-02 16:24:38.473 26809 26809 I GeckoToolbar: zerdatime 139387678 - Throbber start
07-02 16:24:38.496 26809 26825 I GeckoApp: Got message: Gecko:Ready
07-02 16:24:38.512 26809 26825 D GeckoLayerClient: Screen-size changed to (480,800)
07-02 16:24:38.512 26809 26825 D GeckoLayerClient: Window-size changed to (480,690)
07-02 16:24:38.516 26809 26825 I GeckoLayerClient: Showing checks: true
07-02 16:24:38.543 26809 26825 I GeckoApp: Got message: Content:LocationChange
07-02 16:24:38.543 26809 26825 I GeckoApp: URI - about:empty
07-02 16:24:38.547 26809 26825 I GeckoTab: Updated url: about:empty for tab with id: 1
07-02 16:24:38.551 26809 26825 I GeckoTab: Updated favicon for tab with id: 1
07-02 16:24:38.551 26809 26825 I GeckoTab: Updated favicon URL for tab with id: 1
07-02 16:24:38.559 26809 26809 I GeckoDoorHangerPopup: Showing all doorhangers for tab: 1
07-02 16:24:38.567 26809 26825 I GeckoApp: Got message: Content:SecurityChange
07-02 16:24:38.567 26809 26825 I GeckoApp: Security Mode - unknown
07-02 16:24:38.625 26809 26825 I GeckoTabs: Got message: Tab:Added
07-02 16:24:38.625 26809 26825 I GeckoTabs: Received message from Gecko: 139387830 - Tab:Added
07-02 16:24:38.629 26809 26825 I GeckoTabs: Added a tab with id: 2
07-02 16:24:38.664 26809 26825 I GeckoTabs: Got message: Tab:Added
07-02 16:24:38.664 26809 26825 I GeckoTabs: Received message from Gecko: 139387869 - Tab:Added
07-02 16:24:38.668 26809 26825 I GeckoTabs: Added a tab with id: 3
07-02 16:24:38.699 26809 26825 I GeckoTabs: Got message: Tab:Added
07-02 16:24:38.699 26809 26825 I GeckoTabs: Received message from Gecko: 139387905 - Tab:Added
07-02 16:24:38.699 26809 26825 I GeckoTabs: Added a tab with id: 4
07-02 16:24:38.746 26809 26825 I GeckoTabs: Got message: Tab:Added
07-02 16:24:38.746 26809 26825 I GeckoTabs: Received message from Gecko: 139387952 - Tab:Added
07-02 16:24:38.750 26809 26825 I GeckoTabs: Added a tab with id: 5
07-02 16:24:38.785 26809 26825 I GeckoTabs: Got message: Tab:Added
07-02 16:24:38.785 26809 26825 I GeckoTabs: Received message from Gecko: 139387991 - Tab:Added
07-02 16:24:38.789 26809 26825 I GeckoTabs: Added a tab with id: 6
07-02 16:24:38.828 26809 26825 I GeckoTabs: Got message: Tab:Added
07-02 16:24:38.828 26809 26825 I GeckoTabs: Received message from Gecko: 139388032 - Tab:Added
07-02 16:24:38.828 26809 26825 I GeckoTabs: Added a tab with id: 7
07-02 16:24:38.867 26809 26825 I GeckoTabs: Got message: Tab:Added
07-02 16:24:38.867 26809 26825 I GeckoTabs: Received message from Gecko: 139388071 - Tab:Added
07-02 16:24:38.871 26809 26825 I GeckoTabs: Added a tab with id: 8
07-02 16:24:38.875 26809 26825 I GeckoTabs: Got message: Session:RestoreEnd
07-02 16:24:38.899 26809 26825 I GeckoPanZoomController: Got message: Preferences:Data
07-02 16:24:38.918 26809 26825 I GeckoPanZoomController: Zoom animation frames: [0.0, 0.10211, 0.19864, 0.29043, 0.37816, 0.46155, 0.54054, 0.61496, 0.68467, 0.7491, 0.80794, 0.86069, 0.90651, 0.94471, 0.97401, 0.99309]
07-02 16:24:38.918 26809 26825 I GeckoAxis: Prefs: 0.85,0.97,10.0,0.012,0.04,0.3,0.5
07-02 16:24:38.942 26809 26825 I GeckoApp: Got message: Content:PageShow
07-02 16:24:38.942 26809 26809 D GeckoFavicons: Creating LoadFaviconTask with URL = about:empty and favicon URL = null
07-02 16:24:38.969   145   348 I ActivityManager: Process com.android.contacts (pid 26606) has died.
07-02 16:24:38.973   145   157 I WindowManager: WIN DEATH: Window{416b3570 com.android.contacts/com.android.contacts.activities.DialtactsActivity paused=false}
07-02 16:24:38.985 26809 26825 I GeckoApp: Got message: Content:StateChange
07-02 16:24:38.985 26809 26825 I GeckoApp: State - 786448
07-02 16:24:38.985 26809 26825 I GeckoApp: Got a document stop
07-02 16:24:38.988 26809 26809 D GeckoFavicons: Calling loadFavicon() with URL = about:empty and favicon URL = null (1)
07-02 16:24:38.996 26809 26810 D dalvikvm: GC_CONCURRENT freed 316K, 5% free 9760K/10183K, paused 3ms+17ms
07-02 16:24:38.996 26809 26809 I GeckoToolbar: zerdatime 139388201 - Throbber stop
