07-10 19:41:58.401  3119  5446 I PhoneLab-PeriodicCheckService: User info is synched
07-10 19:41:58.401  3119  5446 I PhoneLab-PeriodicCheckService: Logger Service is running
07-10 19:41:58.405  3119  3119 I PhoneLab-Locks: wake lock acquired
07-10 19:41:58.409  3119  3119 I PhoneLab-StatusMonitor: Status Monitoring is started
07-10 19:41:58.413  3119  3119 E PhoneLab-PhoneLabManifest: java.io.FileNotFoundException: /data/data/edu.buffalo.cse.phonelab.phonelabservices/files/manifest.xml: open failed: ENOENT (No such file or directory)
07-10 19:41:58.413  3119  3119 I PhoneLab-Locks: wake lock released
07-10 19:41:58.417  3119  5446 I PhoneLab-Locks: wake lock acquired
07-10 19:41:58.429  3119  3119 I PhoneLab-UploadLogs: Transfering log files now
07-10 19:41:58.429  3119  3119 I PhoneLab-UploadLogs: No log files to transfer
07-10 19:41:58.429  3119  3119 I PhoneLab-Locks: wake lock released
07-10 19:41:58.429  3119  5446 I PhoneLab-PeriodicCheckService: Rescheduling periodic checking...
07-10 19:41:58.429  3119  3119 I PhoneLab-UploadLogs: OnStartCommand
07-10 19:41:58.433  3119  5446 I PhoneLab-Locks: wake lock released
07-10 19:41:58.444  3119  3122 D dalvikvm: GC_CONCURRENT freed 421K, 14% free 9126K/10567K, paused 2ms+2ms
07-10 19:42:37.394  4896  4899 D dalvikvm: GC_CONCURRENT freed 515K, 6% free 10474K/11079K, paused 2ms+3ms
07-10 19:42:37.511 31913 31916 D dalvikvm: GC_CONCURRENT freed 747K, 8% free 10381K/11207K, paused 1ms+2ms
07-10 19:42:39.573   144   198 D DhcpInfoInternal: makeLinkProperties with empty dns2!
07-10 19:42:39.573   144   198 D DhcpInfoInternal: makeLinkProperties with empty dns2!
07-10 19:43:37.530 31913 31916 D dalvikvm: GC_CONCURRENT freed 436K, 8% free 10377K/11207K, paused 2ms+3ms
07-10 19:43:54.312  3119  3133 I PhoneLab-: Service Running
07-10 19:43:54.378  3119  3133 I PhoneLab-LoggerService: app_37    1373  1     1440   1004  c00f181c 400107b4 S logcat
07-10 19:43:54.382  3119  3133 I PhoneLab-LoggerService: Logcat pid from database 1373
07-10 19:43:54.382  3119  3133 I PhoneLab-LoggerService: Logcat process found 1373
07-10 19:43:54.382  3119  3133 I PhoneLab-LoggerService: Checking Threshold
07-10 19:43:54.382  3119  3133 I PhoneLab-LoggerService: Starting to rename files
07-10 19:43:54.382  3119  3133 I PhoneLab-LoggerService: Files found .. 2
07-10 19:43:54.382  3119  3133 I PhoneLab-LoggerService: File 1 log.out.1
07-10 19:43:54.386  3119  3133 I PhoneLab-LoggerService: Renamed successfully
07-10 19:44:37.519  4896  4899 D dalvikvm: GC_CONCURRENT freed 509K, 6% free 10476K/11079K, paused 2ms+2ms
07-10 19:44:58.890  3043  3046 D dalvikvm: GC_CONCURRENT freed 776K, 11% free 11861K/13255K, paused 2ms+3ms
07-10 19:45:00.089   214   216 D dalvikvm: GC_CONCURRENT freed 259K, 33% free 9941K/14663K, paused 2ms+3ms
07-10 19:45:04.425   144   198 D DhcpInfoInternal: makeLinkProperties with empty dns2!
07-10 19:45:04.425   144   198 D DhcpInfoInternal: makeLinkProperties with empty dns2!
07-10 19:45:37.628 31913 31916 D dalvikvm: GC_CONCURRENT freed 515K, 8% free 10369K/11207K, paused 1ms+3ms
07-10 19:45:54.312  3119  3133 I PhoneLab-: Service Running
07-10 19:45:54.378  3119  3133 I PhoneLab-LoggerService: app_37    1373  1     1440   1004  c00f181c 400107b4 S logcat
07-10 19:45:54.382  3119  3133 I PhoneLab-LoggerService: Logcat pid from database 1373
07-10 19:45:54.382  3119  3133 I PhoneLab-LoggerService: Logcat process found 1373
07-10 19:45:54.382  3119  3133 I PhoneLab-LoggerService: Checking Threshold
07-10 19:45:54.382  3119  3133 I PhoneLab-LoggerService: Starting to rename files
07-10 19:45:54.382  3119  3133 I PhoneLab-LoggerService: Files found .. 2
07-10 19:46:37.597  4896  4899 D dalvikvm: GC_CONCURRENT freed 512K, 6% free 10475K/11079K, paused 2ms+3ms
07-10 19:46:37.718 31913 31916 D dalvikvm: GC_CONCURRENT freed 485K, 8% free 10373K/11207K, paused 1ms+3ms
07-10 19:47:29.316   144   198 D DhcpInfoInternal: makeLinkProperties with empty dns2!
07-10 19:47:29.327   144   198 D DhcpInfoInternal: makeLinkProperties with empty dns2!
07-10 19:47:37.741 31913 31916 D dalvikvm: GC_CONCURRENT freed 372K, 8% free 10417K/11207K, paused 2ms+3ms
07-10 19:47:38.366 31913 31916 D dalvikvm: GC_CONCURRENT freed 227K, 6% free 10603K/11207K, paused 2ms+6ms
07-10 19:47:54.312  3119  3133 I PhoneLab-: Service Running
07-10 19:47:54.378  3119  3133 I PhoneLab-LoggerService: app_37    1373  1     1440   1004  c00f181c 400107b4 S logcat
07-10 19:47:54.382  3119  3133 I PhoneLab-LoggerService: Logcat pid from database 1373
07-10 19:47:54.382  3119  3133 I PhoneLab-LoggerService: Logcat process found 1373
07-10 19:47:54.382  3119  3133 I PhoneLab-LoggerService: Checking Threshold
07-10 19:47:54.382  3119  3133 I PhoneLab-LoggerService: Starting to rename files
07-10 19:47:54.382  3119  3133 I PhoneLab-LoggerService: Files found .. 2
07-10 19:48:37.687  4896  4899 D dalvikvm: GC_CONCURRENT freed 511K, 6% free 10476K/11079K, paused 2ms+2ms
07-10 19:48:37.886  4896  4916 D dalvikvm: GC_FOR_ALLOC freed 292K, 6% free 10463K/11079K, paused 35ms
07-10 19:48:37.913 31913 31916 D dalvikvm: GC_CONCURRENT freed 704K, 8% free 10394K/11207K, paused 2ms+3ms
07-10 19:48:37.944  4896  4916 D dalvikvm: GC_FOR_ALLOC freed 69K, 6% free 10487K/11079K, paused 26ms
07-10 19:48:37.968  4896  4916 D dalvikvm: GC_FOR_ALLOC freed 15K, 6% free 10495K/11079K, paused 19ms
07-10 19:48:37.987  4896  4916 D dalvikvm: GC_FOR_ALLOC freed 19K, 6% free 10486K/11079K, paused 19ms
07-10 19:48:38.007  4896  4916 D dalvikvm: GC_FOR_ALLOC freed 10K, 6% free 10484K/11079K, paused 19ms
07-10 19:48:38.030  4896  4916 D dalvikvm: GC_FOR_ALLOC freed 31K, 6% free 10463K/11079K, paused 20ms
07-10 19:48:56.023   144   173 I ActivityManager: Start proc com.google.android.apps.plus for service com.google.android.apps.plus/.service.EsService: pid=5523 uid=10060 gids={3003, 3002, 1015, 1006}
07-10 19:48:56.276  5523  5525 D dalvikvm: GC_CONCURRENT freed 165K, 3% free 9371K/9607K, paused 2ms+2ms
07-10 19:48:56.429  5523  5523 I ActivityThread: Pub com.google.android.apps.plus.content.ApiProvider: com.google.android.apps.plus.content.EsApiProvider
07-10 19:48:56.464  5523  5523 I ActivityThread: Pub com.google.android.apps.plus.content.EsGooglePhotoProvider: com.google.android.picasasync.PicasaContentProvider
07-10 19:48:56.636  5523  5525 D dalvikvm: GC_CONCURRENT freed 336K, 5% free 9580K/9991K, paused 5ms+2ms
07-10 19:48:56.659  5523  5523 I ActivityThread: Pub com.google.android.apps.plus.content.EsPicasaStoreProvider: com.google.android.picasastore.PicasaPhotoContentProvider
07-10 19:48:56.667  5523  5523 I ActivityThread: Pub com.google.plus.platform: com.google.android.apps.plus.content.AdsProvider
07-10 19:48:56.667  5523  5523 I ActivityThread: Pub com.google.android.apps.plus.iu.EsGoogleIuProvider: com.google.android.apps.plus.iu.InstantUploadProvider
07-10 19:48:56.737   144   400 I ActivityManager: Start proc android.process.media for content provider com.android.providers.media/.MediaProvider: pid=5538 uid=10012 gids={1015, 1023, 1024, 2001, 3003, 3007}
07-10 19:48:56.741  5523  5525 D dalvikvm: GC_CONCURRENT freed 457K, 6% free 9652K/10183K, paused 1ms+4ms
07-10 19:48:56.749  5523  5523 I ActivityThread: Pub com.google.android.apps.plus.content.EsProvider: com.google.android.apps.plus.content.EsProvider
07-10 19:48:56.800  5538  5538 I ActivityThread: Pub downloads: com.android.providers.downloads.DownloadProvider
07-10 19:48:56.874  5538  5538 I ActivityThread: Pub drm: com.android.providers.drm.DrmProvider
07-10 19:48:56.874  5538  5554 I DownloadManager: in removeSpuriousFiles
07-10 19:48:56.894  5538  5554 I DownloadManager: in removeSpuriousFiles, preserving file /data/data/com.android.providers.downloads/cache/metadata.json
07-10 19:48:56.894  5538  5554 I DownloadManager: in removeSpuriousFiles, preserving file /data/data/com.android.providers.downloads/cache/en_general.htm
07-10 19:48:56.894  5538  5554 I DownloadManager: in removeSpuriousFiles, preserving file /mnt/sdcard/Download/img-thing.jpeg
07-10 19:48:56.894  5538  5554 I DownloadManager: in removeSpuriousFiles, preserving file /data/data/com.android.providers.downloads/cache/metadata-1.json
07-10 19:48:56.894  5538  5554 I DownloadManager: in removeSpuriousFiles, preserving file /data/data/com.android.providers.downloads/cache/downloadfile.jpeg
07-10 19:48:56.894  5538  5554 I DownloadManager: in removeSpuriousFiles, preserving file /data/data/com.android.providers.downloads/cache/metadata-2.json
07-10 19:48:56.894  5538  5554 I DownloadManager: in removeSpuriousFiles, preserving file /data/data/com.android.providers.downloads/cache/metadata-3.json
07-10 19:48:56.898  5538  5554 I DownloadManager: in removeSpuriousFiles, preserving file /data/data/com.android.providers.downloads/cache/downloadfile-1.jpeg
07-10 19:48:56.898  5538  5554 I DownloadManager: in removeSpuriousFiles, preserving file /data/data/com.android.providers.downloads/cache/downloadfile-2.jpeg
07-10 19:48:56.898  5538  5554 I DownloadManager: in removeSpuriousFiles, preserving file /data/data/com.android.providers.downloads/cache/metadata-4.json
07-10 19:48:56.898  5538  5554 I DownloadManager: in removeSpuriousFiles, preserving file /data/data/com.android.providers.downloads/cache/metadata-5.json
07-10 19:48:56.898  5538  5554 I DownloadManager: deleting spurious file /cache/backup
07-10 19:48:56.905  5538  5538 I ActivityThread: Pub media: com.android.providers.media.MediaProvider
07-10 19:48:56.968  5523  5525 D dalvikvm: GC_CONCURRENT freed 226K, 4% free 9840K/10247K, paused 3ms+2ms
07-10 19:48:57.093  5523  5525 D dalvikvm: GC_CONCURRENT freed 159K, 3% free 10116K/10375K, paused 2ms+2ms
07-10 19:48:57.144  5538  5541 D dalvikvm: GC_CONCURRENT freed 379K, 5% free 9157K/9607K, paused 2ms+2ms
07-10 19:48:57.269   144   424 D dalvikvm: GC_EXPLICIT freed 1058K, 20% free 17979K/22343K, paused 2ms+8ms
07-10 19:48:57.304  5523  5537 D PicasaPhotoCP: set fsid first time:-1
07-10 19:48:57.382  5523  5525 D dalvikvm: GC_CONCURRENT freed 284K, 4% free 10335K/10759K, paused 2ms+2ms
07-10 19:48:57.390   144 30930 I ActivityManager: No longer want com.google.android.apps.gesturesearch (pid 3701): hidden #16
07-10 19:48:57.464  5523  5551 D dalvikvm: GC_FOR_ALLOC freed 115K, 4% free 10461K/10887K, paused 18ms
07-10 19:48:57.464  5523  5551 I dalvikvm-heap: Grow heap (frag case) to 10.533MB for 260112-byte allocation
07-10 19:48:57.491  5523  5551 D dalvikvm: GC_FOR_ALLOC freed 126K, 5% free 10589K/11143K, paused 18ms
07-10 19:48:57.515  5523  5551 D dalvikvm: GC_FOR_ALLOC freed 311K, 6% free 10582K/11143K, paused 17ms
07-10 19:48:57.534  5523  5551 D dalvikvm: GC_FOR_ALLOC freed 62K, 5% free 10646K/11143K, paused 18ms
07-10 19:48:57.534  5523  5551 I dalvikvm-heap: Grow heap (frag case) to 10.713MB for 260112-byte allocation
07-10 19:48:57.558  5523  5551 D dalvikvm: GC_FOR_ALLOC freed 126K, 6% free 10774K/11399K, paused 18ms
07-10 19:48:57.581  5523  5551 D dalvikvm: GC_FOR_ALLOC freed 369K, 6% free 10829K/11399K, paused 18ms
07-10 19:48:57.601  5523  5551 D dalvikvm: GC_FOR_ALLOC freed 126K, 4% free 10957K/11399K, paused 18ms
07-10 19:48:57.730  5523  5525 D dalvikvm: GC_CONCURRENT freed 342K, 4% free 11202K/11655K, paused 2ms+2ms
07-10 19:48:57.866  5523  5525 D dalvikvm: GC_CONCURRENT freed 140K, 3% free 11731K/11975K, paused 1ms+2ms
07-10 19:48:58.019  5523  5525 D dalvikvm: GC_CONCURRENT freed 546K, 6% free 12023K/12679K, paused 2ms+2ms
07-10 19:48:58.194  5523  5525 D dalvikvm: GC_CONCURRENT freed 210K, 3% free 12750K/13063K, paused 2ms+3ms
07-10 19:48:58.355  5523  5553 I SqliteDatabaseCpp: sqlite returned: error code = 1, msg = no such column: wipeout_stats, db=/data/data/com.google.android.apps.plus/databases/es0.db
07-10 19:48:58.358  5523  5553 W System.err: android.database.sqlite.SQLiteException: no such column: wipeout_stats: , while compiling: SELECT wipeout_stats  FROM account_status
07-10 19:48:58.362  5523  5553 W System.err: 	at android.database.sqlite.SQLiteCompiledSql.native_compile(Native Method)
07-10 19:48:58.362  5523  5553 W System.err: 	at android.database.sqlite.SQLiteCompiledSql.<init>(SQLiteCompiledSql.java:68)
07-10 19:48:58.366  5523  5553 W System.err: 	at android.database.sqlite.SQLiteProgram.compileSql(SQLiteProgram.java:143)
07-10 19:48:58.366  5523  5553 W System.err: 	at android.database.sqlite.SQLiteProgram.compileAndbindAllArgs(SQLiteProgram.java:361)
07-10 19:48:58.366  5523  5553 W System.err: 	at android.database.sqlite.SQLiteStatement.acquireAndLock(SQLiteStatement.java:260)
07-10 19:48:58.366  5523  5553 W System.err: 	at android.database.sqlite.SQLiteStatement.simpleQueryForLong(SQLiteStatement.java:137)
07-10 19:48:58.366  5523  5553 W System.err: 	at android.database.DatabaseUtils.longForQuery(DatabaseUtils.java:791)
07-10 19:48:58.366  5523  5553 W System.err: 	at android.database.DatabaseUtils.longForQuery(DatabaseUtils.java:779)
07-10 19:48:58.366  5523  5553 W System.err: 	at com.google.android.apps.plus.content.EsAccountsData.isContactsStatsWipeoutNeeded(EsAccountsData.java:641)
07-10 19:48:58.366  5523  5553 W System.err: 	at com.google.android.apps.plus.service.EsService.processIntent(EsService.java:4246)
07-10 19:48:58.366  5523  5553 W System.err: 	at com.google.android.apps.plus.service.ServiceThread$1.run(ServiceThread.java:50)
07-10 19:48:58.366  5523  5553 W System.err: 	at android.os.Handler.handleCallback(Handler.java:605)
07-10 19:48:58.366  5523  5553 W System.err: 	at android.os.Handler.dispatchMessage(Handler.java:92)
07-10 19:48:58.366  5523  5553 W System.err: 	at android.os.Looper.loop(Looper.java:137)
07-10 19:48:58.366  5523  5553 W System.err: 	at com.google.android.apps.plus.service.ServiceThread.run(ServiceThread.java:122)
07-10 19:49:01.073  5523  5525 D dalvikvm: GC_CONCURRENT freed 1061K, 9% free 12840K/14023K, paused 2ms+2ms
07-10 19:49:04.558  5523  5562 E dalvikvm: Could not find class 'android.app.Notification$InboxStyle', referenced from method com.google.android.apps.plus.service.AndroidNotification.createDigestNotification
07-10 19:49:04.558  5523  5562 W dalvikvm: VFY: unable to resolve new-instance 41 (Landroid/app/Notification$InboxStyle;) in Lcom/google/android/apps/plus/service/AndroidNotification;
07-10 19:49:04.558  5523  5562 D dalvikvm: VFY: replacing opcode 0x22 at 0x0018
07-10 19:49:04.558  5523  5562 I dalvikvm: Could not find method android.app.Notification$Builder.setPriority, referenced from method com.google.android.apps.plus.service.AndroidNotification.createRichNotification
07-10 19:49:04.558  5523  5562 W dalvikvm: VFY: unable to resolve virtual method 162: Landroid/app/Notification$Builder;.setPriority (I)Landroid/app/Notification$Builder;
07-10 19:49:04.558  5523  5562 D dalvikvm: VFY: replacing opcode 0x6e at 0x00d5
07-10 19:49:04.566  5523  5562 D dalvikvm: DexOpt: unable to opt direct call 0x00a8 at 0x1a in Lcom/google/android/apps/plus/service/AndroidNotification;.createDigestNotification
07-10 19:49:04.566  5523  5562 D dalvikvm: DexOpt: unable to opt direct call 0x0091 at 0xf1 in Lcom/google/android/apps/plus/service/AndroidNotification;.createRichNotification
07-10 19:49:04.566  5523  5562 D dalvikvm: DexOpt: unable to opt direct call 0x0095 at 0x397 in Lcom/google/android/apps/plus/service/AndroidNotification;.createRichNotification
07-10 19:49:05.316  5523  5525 D dalvikvm: GC_CONCURRENT freed 1088K, 9% free 12957K/14151K, paused 2ms+3ms
07-10 19:49:10.745  5523  5525 D dalvikvm: GC_CONCURRENT freed 1109K, 9% free 13056K/14279K, paused 4ms+3ms
07-10 19:49:11.757  5523  5525 D dalvikvm: GC_CONCURRENT freed 1128K, 9% free 13165K/14407K, paused 2ms+2ms
07-10 19:49:15.265  5523  5525 D dalvikvm: GC_CONCURRENT freed 1218K, 10% free 13268K/14599K, paused 2ms+3ms
07-10 19:49:15.608 16301 16303 D dalvikvm: GC_CONCURRENT freed 286K, 6% free 9940K/10503K, paused 2ms+4ms
07-10 19:49:16.413  5523  5562 D dalvikvm: GC_FOR_ALLOC freed 622K, 7% free 13613K/14599K, paused 47ms
07-10 19:49:16.456  5523  5562 D dalvikvm: GC_FOR_ALLOC freed 352K, 10% free 13602K/14983K, paused 42ms
07-10 19:49:16.456  5523  5562 I dalvikvm-heap: Grow heap (frag case) to 13.685MB for 349231-byte allocation
07-10 19:49:16.499  5523  5562 D dalvikvm: GC_FOR_ALLOC freed 0K, 10% free 13943K/15367K, paused 40ms
07-10 19:49:16.624  4785  4794 W MediaPlayer-JNI: MediaPlayer finalized without being released
07-10 19:49:16.628  4785  4786 D dalvikvm: GC_CONCURRENT freed 292K, 6% free 10012K/10567K, paused 2ms+3ms
07-10 19:49:17.386  5523  5525 D dalvikvm: GC_CONCURRENT freed 1039K, 8% free 14452K/15623K, paused 2ms+2ms
07-10 19:49:19.487  5523  5525 D dalvikvm: GC_CONCURRENT freed 1751K, 12% free 14444K/16327K, paused 3ms+5ms
07-10 19:49:24.300  5523  5562 I SqliteDatabaseCpp: sqlite returned: error code = 1, msg = no such column: last_stats_sync_time, db=/data/data/com.google.android.apps.plus/databases/es0.db
07-10 19:49:24.331  5523  5562 E EsSyncAdapterService: Sync failure
07-10 19:49:24.331  5523  5562 E EsSyncAdapterService: android.database.sqlite.SQLiteException: no such column: last_stats_sync_time: , while compiling: SELECT last_stats_sync_time  FROM account_status
07-10 19:49:24.331  5523  5562 E EsSyncAdapterService: 	at android.database.sqlite.SQLiteCompiledSql.native_compile(Native Method)
07-10 19:49:24.331  5523  5562 E EsSyncAdapterService: 	at android.database.sqlite.SQLiteCompiledSql.<init>(SQLiteCompiledSql.java:68)
07-10 19:49:24.331  5523  5562 E EsSyncAdapterService: 	at android.database.sqlite.SQLiteProgram.compileSql(SQLiteProgram.java:143)
07-10 19:49:24.331  5523  5562 E EsSyncAdapterService: 	at android.database.sqlite.SQLiteProgram.compileAndbindAllArgs(SQLiteProgram.java:361)
07-10 19:49:24.331  5523  5562 E EsSyncAdapterService: 	at android.database.sqlite.SQLiteStatement.acquireAndLock(SQLiteStatement.java:260)
07-10 19:49:24.331  5523  5562 E EsSyncAdapterService: 	at android.database.sqlite.SQLiteStatement.simpleQueryForLong(SQLiteStatement.java:137)
07-10 19:49:24.331  5523  5562 E EsSyncAdapterService: 	at android.database.DatabaseUtils.longForQuery(DatabaseUtils.java:791)
07-10 19:49:24.331  5523  5562 E EsSyncAdapterService: 	at android.database.DatabaseUtils.longForQuery(DatabaseUtils.java:779)
07-10 19:49:24.331  5523  5562 E EsSyncAdapterService: 	at com.google.android.apps.plus.content.EsAccountsData.queryLastStatsSyncTimestamp(EsAccountsData.java:570)
07-10 19:49:24.331  5523  5562 E EsSyncAdapterService: 	at com.google.android.apps.plus.service.EsSyncAdapterService.syncContactsStatsIfNecessary(EsSyncAdapterService.java:670)
07-10 19:49:24.331  5523  5562 E EsSyncAdapterService: 	at com.google.android.apps.plus.service.EsSyncAdapterService.doFullSync(EsSyncAdapterService.java:633)
07-10 19:49:24.331  5523  5562 E EsSyncAdapterService: 	at com.google.android.apps.plus.service.EsSyncAdapterService.doSync(EsSyncAdapterService.java:566)
07-10 19:49:24.331  5523  5562 E EsSyncAdapterService: 	at com.google.android.apps.plus.service.EsSyncAdapterService.access$100(EsSyncAdapterService.java:52)
07-10 19:49:24.331  5523  5562 E EsSyncAdapterService: 	at com.google.android.apps.plus.service.EsSyncAdapterService$SyncAdapterImpl.onPerformSync(EsSyncAdapterService.java:408)
07-10 19:49:24.331  5523  5562 E EsSyncAdapterService: 	at android.content.AbstractThreadedSyncAdapter$SyncThread.run(AbstractThreadedSyncAdapter.java:247)
07-10 19:49:24.347   144   168 D SyncManager: failed sync operation lokeshmandvekar@gmail.com (com.google), com.google.android.apps.plus.content.EsProvider, SERVER, earliestRunTime 113402386, SyncResult: stats [ numParseExceptions: 1]
07-10 19:49:24.351   144   168 D SyncManager: not retrying sync operation because the error is a hard error: lokeshmandvekar@gmail.com (com.google), com.google.android.apps.plus.content.EsProvider, SERVER, earliestRunTime 113428382
07-10 19:49:27.694  5523  5525 D dalvikvm: GC_CONCURRENT freed 2849K, 19% free 13275K/16327K, paused 2ms+3ms
07-10 19:49:27.761 16301 16303 D dalvikvm: GC_CONCURRENT freed 450K, 6% free 9922K/10503K, paused 2ms+3ms
07-10 19:49:27.987  5523  5569 D dalvikvm: GC_EXPLICIT freed 132K, 19% free 13251K/16327K, paused 2ms+3ms
07-10 19:49:28.120 16301  4505 D dalvikvm: GC_EXPLICIT freed 194K, 7% free 9804K/10503K, paused 2ms+3ms
07-10 19:49:28.358   144   402 D dalvikvm: GC_EXPLICIT freed 694K, 20% free 17878K/22343K, paused 3ms+7ms
07-10 19:49:29.284  4785  4786 D dalvikvm: GC_CONCURRENT freed 414K, 6% free 10035K/10567K, paused 2ms+2ms
07-10 19:49:29.362   144 24503 I ActivityManager: No longer want com.android.sprintmenu (pid 4876): hidden #16
07-10 19:49:29.366   144 10051 W ActivityManager: Scheduling restart of crashed service com.android.sprintmenu/.HiddenPhoneService in 5000ms
07-10 19:49:30.230 16301 16303 D dalvikvm: GC_CONCURRENT freed 283K, 6% free 9906K/10503K, paused 1ms+3ms
07-10 19:49:34.429   144   161 I ActivityManager: Start proc com.android.sprintmenu for service com.android.sprintmenu/.HiddenPhoneService: pid=5578 uid=1001 gids={3002, 3001, 3003, 1015}
07-10 19:49:53.980   144   198 D DhcpInfoInternal: makeLinkProperties with empty dns2!
07-10 19:49:53.980   144   198 D DhcpInfoInternal: makeLinkProperties with empty dns2!
07-10 19:49:54.312  3119  3133 I PhoneLab-: Service Running
07-10 19:49:54.378  3119  3133 I PhoneLab-LoggerService: app_37    1373  1     1440   1004  c00f181c 400107b4 S logcat
07-10 19:49:54.382  3119  3133 I PhoneLab-LoggerService: Logcat pid from database 1373
07-10 19:49:54.382  3119  3133 I PhoneLab-LoggerService: Logcat process found 1373
07-10 19:49:54.382  3119  3133 I PhoneLab-LoggerService: Checking Threshold
07-10 19:49:54.382  3119  3133 I PhoneLab-LoggerService: Starting to rename files
07-10 19:49:54.382  3119  3133 I PhoneLab-LoggerService: Files found .. 2
07-10 19:49:59.390  4785  4786 D dalvikvm: GC_CONCURRENT freed 421K, 6% free 10035K/10567K, paused 2ms+2ms
07-10 19:50:03.191  3043  3046 D dalvikvm: GC_CONCURRENT freed 806K, 11% free 11880K/13255K, paused 13ms+3ms
07-10 19:50:37.788  4896  4899 D dalvikvm: GC_CONCURRENT freed 497K, 6% free 10477K/11079K, paused 2ms+3ms
07-10 19:50:37.901 31913 31916 D dalvikvm: GC_CONCURRENT freed 530K, 8% free 10367K/11207K, paused 2ms+3ms
07-10 19:50:37.999 31913 31916 D dalvikvm: GC_CONCURRENT freed 264K, 7% free 10520K/11207K, paused 2ms+2ms
07-10 19:51:37.909 31913 31916 D dalvikvm: GC_CONCURRENT freed 634K, 8% free 10396K/11207K, paused 2ms+3ms
07-10 19:51:54.312  3119  3133 I PhoneLab-: Service Running
07-10 19:51:54.382  3119  3133 I PhoneLab-LoggerService: app_37    1373  1     1440   1004  c00f181c 400107b4 S logcat
07-10 19:51:54.382  3119  3133 I PhoneLab-LoggerService: Logcat pid from database 1373
07-10 19:51:54.382  3119  3133 I PhoneLab-LoggerService: Logcat process found 1373
07-10 19:51:54.382  3119  3133 I PhoneLab-LoggerService: Checking Threshold
07-10 19:51:54.382  3119  3133 I PhoneLab-LoggerService: Starting to rename files
07-10 19:51:54.382  3119  3133 I PhoneLab-LoggerService: Files found .. 2
07-10 19:52:18.659   144   198 D DhcpInfoInternal: makeLinkProperties with empty dns2!
07-10 19:52:18.659   144   198 D DhcpInfoInternal: makeLinkProperties with empty dns2!
07-10 19:52:37.882  4896  4899 D dalvikvm: GC_CONCURRENT freed 516K, 6% free 10473K/11079K, paused 2ms+3ms
07-10 19:52:37.937 31913 31913 D dalvikvm: GC_EXPLICIT freed 111K, 9% free 10309K/11207K, paused 2ms+2ms
07-10 19:53:38.019 31913 31916 D dalvikvm: GC_CONCURRENT freed 427K, 8% free 10389K/11207K, paused 2ms+3ms
07-10 19:53:54.312  3119  3133 I PhoneLab-: Service Running
07-10 19:53:54.382  3119  3133 I PhoneLab-LoggerService: app_37    1373  1     1440   1004  c00f181c 400107b4 S logcat
07-10 19:53:54.382  3119  3133 I PhoneLab-LoggerService: Logcat pid from database 1373
07-10 19:53:54.382  3119  3133 I PhoneLab-LoggerService: Logcat process found 1373
07-10 19:53:54.382  3119  3133 I PhoneLab-LoggerService: Checking Threshold
07-10 19:53:54.382  3119  3133 I PhoneLab-LoggerService: Starting to rename files
07-10 19:53:54.382  3119  3133 I PhoneLab-LoggerService: Files found .. 2
07-10 19:54:37.987  4896  4899 D dalvikvm: GC_CONCURRENT freed 506K, 6% free 10478K/11079K, paused 2ms+2ms
07-10 19:54:38.108   144   403 D dalvikvm: GC_EXPLICIT freed 941K, 20% free 17935K/22343K, paused 2ms+7ms
07-10 19:54:38.194 31913 31916 D dalvikvm: GC_CONCURRENT freed 440K, 8% free 10356K/11207K, paused 2ms+2ms
07-10 19:54:43.558   144   198 D DhcpInfoInternal: makeLinkProperties with empty dns2!
07-10 19:54:43.566   144   198 D DhcpInfoInternal: makeLinkProperties with empty dns2!
07-10 19:55:05.140  3043  3046 D dalvikvm: GC_CONCURRENT freed 860K, 11% free 11874K/13255K, paused 1ms+3ms
07-10 19:55:54.312  3119  3133 I PhoneLab-: Service Running
07-10 19:55:54.382  3119  3133 I PhoneLab-LoggerService: app_37    1373  1     1440   1004  c00f181c 400107b4 S logcat
07-10 19:55:54.382  3119  3133 I PhoneLab-LoggerService: Logcat pid from database 1373
07-10 19:55:54.382  3119  3133 I PhoneLab-LoggerService: Logcat process found 1373
07-10 19:55:54.382  3119  3133 I PhoneLab-LoggerService: Checking Threshold
07-10 19:55:54.382  3119  3133 I PhoneLab-LoggerService: Starting to rename files
07-10 19:55:54.382  3119  3133 I PhoneLab-LoggerService: Files found .. 2
07-10 19:56:17.843   144   168 I ActivityManager: Start proc com.google.android.apps.currents for service com.google.android.apps.currents/com.google.apps.dots.android.app.service.SyncService: pid=5679 uid=10078 gids={3003, 1015}
07-10 19:56:17.862    79    79 D dalvikvm: GC_EXPLICIT freed 38K, 4% free 9031K/9347K, paused 2ms+2ms
07-10 19:56:17.905    79    79 D dalvikvm: GC_EXPLICIT freed <1K, 4% free 9031K/9347K, paused 5ms+2ms
07-10 19:56:17.937    79    79 D dalvikvm: GC_EXPLICIT freed <1K, 4% free 9031K/9347K, paused 2ms+2ms
07-10 19:56:18.120  5679  5679 I ActivityThread: Pub com.google.apps.dots.android.app.provider.SuggestionProvider: com.google.apps.dots.android.app.provider.SuggestionProvider
07-10 19:56:18.128  5679  5679 I ActivityThread: Pub com.google.android.apps.currents.exported: com.google.apps.dots.android.app.provider.ExportedContentProvider
07-10 19:56:18.222  5679  5682 D dalvikvm: GC_CONCURRENT freed 181K, 3% free 9354K/9607K, paused 2ms+2ms
07-10 19:56:18.284  5679  5682 D dalvikvm: GC_CONCURRENT freed 269K, 5% free 9586K/9991K, paused 2ms+2ms
07-10 19:56:18.390  5679  5682 D dalvikvm: GC_CONCURRENT freed 234K, 4% free 9827K/10183K, paused 2ms+2ms
07-10 19:56:18.507  5679  5682 D dalvikvm: GC_CONCURRENT freed 235K, 4% free 10084K/10439K, paused 1ms+2ms
07-10 19:56:18.542  5679  5679 I DotsContentUris: content://com.google.android.apps.currents
07-10 19:56:18.554  5679  5679 I ActivityThread: Pub com.google.android.apps.currents: com.google.apps.dots.android.app.provider.DotsContentProvider
07-10 19:56:18.569  5679  5679 I DotsApplication: Starting up...
07-10 19:56:18.788  5679  5682 D dalvikvm: GC_CONCURRENT freed 400K, 5% free 10126K/10631K, paused 2ms+2ms
07-10 19:56:18.991  5679  5682 D dalvikvm: GC_CONCURRENT freed 317K, 5% free 10327K/10759K, paused 2ms+3ms
07-10 19:56:19.034  5679  5701 I SyncService: Starting sync (19:56:19)
07-10 19:56:21.749  5679  5682 D dalvikvm: GC_CONCURRENT freed 283K, 4% free 10470K/10887K, paused 2ms+2ms
07-10 19:56:22.007  5679  5682 D dalvikvm: GC_CONCURRENT freed 219K, 4% free 10664K/11015K, paused 2ms+29ms
07-10 19:56:22.093  5679  5682 D dalvikvm: GC_CONCURRENT freed 440K, 6% free 10707K/11335K, paused 2ms+2ms
07-10 19:56:22.386  5679  5682 D dalvikvm: GC_CONCURRENT freed 518K, 6% free 10691K/11335K, paused 2ms+2ms
07-10 19:56:23.855   144   156 D SyncManager: setSyncAutomatically: , provider com.google.android.apps.currents -> true
07-10 19:56:23.858   144   156 D SyncManager: setSyncAutomatically: already set to true, doing nothing
07-10 19:56:24.343  5679  5682 D dalvikvm: GC_CONCURRENT freed 390K, 6% free 10742K/11335K, paused 2ms+2ms
07-10 19:56:24.441  5679  5702 D dalvikvm: GC_FOR_ALLOC freed 176K, 4% free 10965K/11399K, paused 21ms
07-10 19:56:24.566  5679  5682 D dalvikvm: GC_CONCURRENT freed 267K, 4% free 11255K/11655K, paused 2ms+2ms
07-10 19:56:24.773  5679  5682 D dalvikvm: GC_CONCURRENT freed 417K, 5% free 11497K/12039K, paused 3ms+3ms
07-10 19:56:24.968   144   400 D dalvikvm: GC_EXPLICIT freed 505K, 20% free 17905K/22343K, paused 3ms+7ms
07-10 19:56:25.058  5679  5682 D dalvikvm: GC_CONCURRENT freed 966K, 9% free 11259K/12359K, paused 1ms+3ms
07-10 19:56:25.569  5679  5682 D dalvikvm: GC_CONCURRENT freed 570K, 9% free 11308K/12359K, paused 2ms+4ms
07-10 19:56:26.827  5679  5682 D dalvikvm: GC_CONCURRENT freed 626K, 9% free 11346K/12359K, paused 2ms+3ms
07-10 19:56:27.015  5679  5682 D dalvikvm: GC_CONCURRENT freed 662K, 9% free 11335K/12359K, paused 2ms+3ms
07-10 19:56:27.202  5679  5682 D dalvikvm: GC_CONCURRENT freed 639K, 9% free 11349K/12359K, paused 3ms+3ms
07-10 19:56:27.944  5679  5682 D dalvikvm: GC_CONCURRENT freed 680K, 9% free 11316K/12359K, paused 2ms+3ms
07-10 19:56:28.093  5679  5682 D dalvikvm: GC_CONCURRENT freed 577K, 8% free 11377K/12359K, paused 2ms+3ms
07-10 19:56:28.226  5679  5682 D dalvikvm: GC_CONCURRENT freed 635K, 8% free 11424K/12359K, paused 2ms+2ms
07-10 19:56:28.358  5679  5682 D dalvikvm: GC_CONCURRENT freed 671K, 8% free 11436K/12359K, paused 1ms+2ms
07-10 19:56:28.495  5679  5682 D dalvikvm: GC_CONCURRENT freed 675K, 8% free 11477K/12359K, paused 2ms+2ms
07-10 19:56:28.640  5679  5682 D dalvikvm: GC_CONCURRENT freed 765K, 8% free 11482K/12359K, paused 2ms+3ms
07-10 19:56:28.796  5679  5682 D dalvikvm: GC_CONCURRENT freed 736K, 7% free 11510K/12359K, paused 1ms+2ms
07-10 19:56:28.929  5679  5682 D dalvikvm: GC_CONCURRENT freed 715K, 7% free 11528K/12359K, paused 2ms+2ms
07-10 19:56:29.187  5679  5682 D dalvikvm: GC_CONCURRENT freed 725K, 7% free 11568K/12423K, paused 2ms+3ms
07-10 19:56:29.523  5679  5682 D dalvikvm: GC_CONCURRENT freed 659K, 7% free 11709K/12487K, paused 2ms+3ms
07-10 19:56:32.054  5679  5682 D dalvikvm: GC_CONCURRENT freed 1162K, 11% free 11341K/12615K, paused 2ms+3ms
07-10 19:56:33.694  5679  5682 D dalvikvm: GC_CONCURRENT freed 651K, 11% free 11342K/12615K, paused 2ms+2ms
07-10 19:56:34.249  5679  5682 D dalvikvm: GC_CONCURRENT freed 652K, 11% free 11348K/12615K, paused 2ms+3ms
07-10 19:56:34.796  5679  5682 D dalvikvm: GC_CONCURRENT freed 650K, 11% free 11346K/12615K, paused 2ms+3ms
07-10 19:56:34.929  5679  5682 D dalvikvm: GC_CONCURRENT freed 604K, 10% free 11397K/12615K, paused 1ms+2ms
07-10 19:56:35.089   144   376 D dalvikvm: GC_EXPLICIT freed 424K, 20% free 17883K/22343K, paused 6ms+7ms
07-10 19:56:35.132  5679  5702 D dalvikvm: GC_EXPLICIT freed 61K, 10% free 11358K/12615K, paused 2ms+3ms
07-10 19:56:35.691  5679  5682 D dalvikvm: GC_CONCURRENT freed 645K, 10% free 11364K/12615K, paused 2ms+2ms
07-10 19:56:35.788  5679  5682 D dalvikvm: GC_CONCURRENT freed 598K, 10% free 11446K/12615K, paused 2ms+3ms
07-10 19:56:36.905  5679  5682 D dalvikvm: GC_CONCURRENT freed 776K, 10% free 11368K/12615K, paused 2ms+3ms
07-10 19:56:37.054  5679  5682 D dalvikvm: GC_CONCURRENT freed 640K, 10% free 11400K/12615K, paused 2ms+4ms
07-10 19:56:38.101  4896  4899 D dalvikvm: GC_CONCURRENT freed 510K, 6% free 10480K/11079K, paused 1ms+3ms
07-10 19:56:38.218 31913 31916 D dalvikvm: GC_CONCURRENT freed 483K, 8% free 10380K/11207K, paused 1ms+3ms
07-10 19:56:39.390  5679  5682 D dalvikvm: GC_CONCURRENT freed 681K, 10% free 11404K/12615K, paused 3ms+3ms
07-10 19:56:39.644  5679  5682 D dalvikvm: GC_CONCURRENT freed 681K, 10% free 11395K/12615K, paused 4ms+2ms
07-10 19:56:40.261  5679  5682 D dalvikvm: GC_CONCURRENT freed 650K, 10% free 11440K/12615K, paused 1ms+2ms
07-10 19:56:40.405  5679  5682 D dalvikvm: GC_CONCURRENT freed 680K, 10% free 11444K/12615K, paused 2ms+2ms
07-10 19:56:40.722  5679  5682 D dalvikvm: GC_CONCURRENT freed 665K, 10% free 11463K/12615K, paused 2ms+3ms
07-10 19:56:42.347  5679  5682 D dalvikvm: GC_CONCURRENT freed 774K, 10% free 11379K/12615K, paused 14ms+2ms
07-10 19:56:42.862  5679  5682 D dalvikvm: GC_CONCURRENT freed 635K, 10% free 11402K/12615K, paused 2ms+3ms
07-10 19:56:43.253  5679  5682 D dalvikvm: GC_CONCURRENT freed 628K, 10% free 11467K/12615K, paused 2ms+3ms
07-10 19:56:43.401  5679  5682 D dalvikvm: GC_CONCURRENT freed 675K, 9% free 11510K/12615K, paused 2ms+2ms
07-10 19:56:43.741  5679  5682 D dalvikvm: GC_CONCURRENT freed 602K, 8% free 11628K/12615K, paused 2ms+3ms
07-10 19:56:47.206  5679  5682 D dalvikvm: GC_CONCURRENT freed 876K, 9% free 11511K/12615K, paused 2ms+3ms
07-10 19:56:47.624  5679  5682 D dalvikvm: GC_CONCURRENT freed 727K, 9% free 11486K/12615K, paused 2ms+2ms
07-10 19:56:48.273  5679  5682 D dalvikvm: GC_CONCURRENT freed 703K, 9% free 11489K/12615K, paused 2ms+3ms
07-10 19:56:48.425  5679  5682 D dalvikvm: GC_CONCURRENT freed 664K, 9% free 11537K/12615K, paused 1ms+7ms
07-10 19:56:49.081  5679  5682 D dalvikvm: GC_CONCURRENT freed 795K, 9% free 11485K/12615K, paused 1ms+3ms
07-10 19:56:49.214  5679  5682 D dalvikvm: GC_CONCURRENT freed 654K, 9% free 11559K/12615K, paused 2ms+2ms
07-10 19:56:49.737  5679  5682 D dalvikvm: GC_CONCURRENT freed 773K, 9% free 11528K/12615K, paused 2ms+3ms
07-10 19:56:50.069  5679  5682 D dalvikvm: GC_CONCURRENT freed 735K, 9% free 11521K/12615K, paused 2ms+3ms
07-10 19:56:50.257  5679  5682 D dalvikvm: GC_CONCURRENT freed 733K, 9% free 11502K/12615K, paused 2ms+2ms
07-10 19:56:50.425  5679  5682 D dalvikvm: GC_CONCURRENT freed 544K, 8% free 11672K/12615K, paused 2ms+3ms
07-10 19:56:50.550  5679  5682 D dalvikvm: GC_CONCURRENT freed 716K, 7% free 11795K/12615K, paused 3ms+3ms
07-10 19:56:50.687  5679  5682 D dalvikvm: GC_CONCURRENT freed 650K, 7% free 11974K/12743K, paused 2ms+2ms
07-10 19:56:50.804  5679  5682 D dalvikvm: GC_CONCURRENT freed 1501K, 13% free 11368K/12999K, paused 2ms+3ms
07-10 19:56:52.952  5679  5701 I SyncService: sync service finished (19:56:52)
07-10 19:57:08.401   144   198 D DhcpInfoInternal: makeLinkProperties with empty dns2!
07-10 19:57:08.401   144   198 D DhcpInfoInternal: makeLinkProperties with empty dns2!
07-10 19:57:38.241 31913 31916 D dalvikvm: GC_CONCURRENT freed 443K, 8% free 10356K/11207K, paused 2ms+2ms
07-10 19:57:54.316  3119  3133 I PhoneLab-: Service Running
07-10 19:57:54.394  3119  3122 D dalvikvm: GC_CONCURRENT freed 381K, 14% free 9160K/10567K, paused 1ms+1ms
07-10 19:57:54.401  3119  3133 I PhoneLab-LoggerService: app_37    1373  1     1440   1004  c00f181c 400107b4 S logcat
07-10 19:57:54.401  3119  3133 I PhoneLab-LoggerService: Logcat pid from database 1373
07-10 19:57:54.405  3119  3133 I PhoneLab-LoggerService: Logcat process found 1373
07-10 19:57:54.405  3119  3133 I PhoneLab-LoggerService: Checking Threshold
07-10 19:57:54.409  3119  3133 I PhoneLab-LoggerService: Starting to rename files
07-10 19:57:54.413  3119  3133 I PhoneLab-LoggerService: Files found .. 2
07-10 19:58:38.233  4896  4899 D dalvikvm: GC_CONCURRENT freed 512K, 6% free 10479K/11079K, paused 2ms+3ms
07-10 19:59:00.011   144   161 I ActivityManager: No longer want com.google.android.apps.maps:NetworkLocationService (pid 4896): hidden #16
07-10 19:59:00.073   144   380 W ActivityManager: Scheduling restart of crashed service com.google.android.apps.maps/com.google.android.location.internal.server.NetworkLocationService in 5000ms
07-10 19:59:05.085   144   161 I ActivityManager: Start proc com.google.android.apps.maps:NetworkLocationService for service com.google.android.apps.maps/com.google.android.location.internal.server.NetworkLocationService: pid=5747 uid=10056 gids={3003, 1015}
07-10 19:59:05.257  5747  5749 D dalvikvm: GC_CONCURRENT freed 153K, 3% free 9382K/9607K, paused 2ms+1ms
07-10 19:59:05.636   144   403 D dalvikvm: GC_EXPLICIT freed 835K, 20% free 17909K/22343K, paused 3ms+7ms
07-10 19:59:05.796  5747  5749 D dalvikvm: GC_CONCURRENT freed 181K, 3% free 9707K/9991K, paused 2ms+3ms
07-10 19:59:06.026  5747  5749 D dalvikvm: GC_CONCURRENT freed 147K, 3% free 10089K/10311K, paused 2ms+3ms
07-10 19:59:06.191  5747  5749 D dalvikvm: GC_CONCURRENT freed 661K, 8% free 9887K/10631K, paused 2ms+2ms
07-10 19:59:06.519 31913 31916 D dalvikvm: GC_CONCURRENT freed 435K, 8% free 10327K/11207K, paused 2ms+2ms
07-10 19:59:06.546  5747  5754 I dalvikvm: Total arena pages for JIT: 11
07-10 19:59:06.550  5747  5754 I dalvikvm: Total arena pages for JIT: 12
07-10 19:59:06.558  5747  5754 I dalvikvm: Total arena pages for JIT: 13
07-10 19:59:06.558  5747  5754 I dalvikvm: Total arena pages for JIT: 14
07-10 19:59:06.558  5747  5754 I dalvikvm: Total arena pages for JIT: 15
07-10 19:59:06.562  5747  5754 I dalvikvm: Total arena pages for JIT: 16
07-10 19:59:06.562  5747  5754 I dalvikvm: Total arena pages for JIT: 17
07-10 19:59:06.577  5714  5717 D dalvikvm: GC_CONCURRENT freed 460K, 7% free 11174K/11975K, paused 3ms+19ms
07-10 19:59:06.683  5747  5754 I dalvikvm: Total arena pages for JIT: 18
07-10 19:59:06.784  5747  5749 D dalvikvm: GC_CONCURRENT freed 194K, 5% free 10155K/10631K, paused 2ms+3ms
07-10 19:59:07.214  5747  5749 D dalvikvm: GC_CONCURRENT freed 369K, 5% free 10305K/10759K, paused 2ms+2ms
07-10 19:59:33.316   144   198 D DhcpInfoInternal: makeLinkProperties with empty dns2!
07-10 19:59:33.319   144   198 D DhcpInfoInternal: makeLinkProperties with empty dns2!
07-10 19:59:35.648  5714  5864 I EventLogService: Aggregate from 1341962975160 (log), 1341962975160 (data)
07-10 19:59:39.140  5679  5682 D dalvikvm: GC_CONCURRENT freed 516K, 12% free 11507K/12999K, paused 20ms+2ms
07-10 19:59:54.312  3119  3133 I PhoneLab-: Service Running
07-10 19:59:54.382  3119  3133 I PhoneLab-LoggerService: app_37    1373  1     1440   1004  c00f181c 400107b4 S logcat
07-10 19:59:54.382  3119  3133 I PhoneLab-LoggerService: Logcat pid from database 1373
07-10 19:59:54.382  3119  3133 I PhoneLab-LoggerService: Logcat process found 1373
07-10 19:59:54.382  3119  3133 I PhoneLab-LoggerService: Checking Threshold
07-10 19:59:54.382  3119  3133 I PhoneLab-LoggerService: Starting to rename files
07-10 19:59:54.382  3119  3133 I PhoneLab-LoggerService: Files found .. 2
07-10 20:00:08.612  5747  5749 D dalvikvm: GC_CONCURRENT freed 592K, 7% free 10282K/10951K, paused 2ms+3ms
07-10 20:00:08.730 31913 31916 D dalvikvm: GC_CONCURRENT freed 474K, 8% free 10365K/11207K, paused 2ms+3ms
07-10 20:00:09.300  3043  3046 D dalvikvm: GC_CONCURRENT freed 782K, 11% free 11926K/13255K, paused 28ms+3ms
07-10 20:01:08.745 31913 31916 D dalvikvm: GC_CONCURRENT freed 406K, 8% free 10343K/11207K, paused 2ms+2ms
07-10 20:01:54.312  3119  3133 I PhoneLab-: Service Running
07-10 20:01:54.378  3119  3133 I PhoneLab-LoggerService: app_37    1373  1     1440   1004  c00f181c 400107b4 S logcat
07-10 20:01:54.382  3119  3133 I PhoneLab-LoggerService: Logcat pid from database 1373
07-10 20:01:54.382  3119  3133 I PhoneLab-LoggerService: Logcat process found 1373
07-10 20:01:54.382  3119  3133 I PhoneLab-LoggerService: Checking Threshold
07-10 20:01:54.382  3119  3133 I PhoneLab-LoggerService: Starting to rename files
07-10 20:01:54.382  3119  3133 I PhoneLab-LoggerService: Files found .. 2
07-10 20:01:57.980   144   198 D DhcpInfoInternal: makeLinkProperties with empty dns2!
07-10 20:01:57.980   144   198 D DhcpInfoInternal: makeLinkProperties with empty dns2!
07-10 20:02:08.722  5747  5749 D dalvikvm: GC_CONCURRENT freed 459K, 6% free 10305K/10951K, paused 2ms+2ms
07-10 20:02:08.804  5714 26690 D dalvikvm: GC_EXPLICIT freed 261K, 8% free 11040K/11975K, paused 2ms+3ms
07-10 20:03:08.847  5747  5749 D dalvikvm: GC_CONCURRENT freed 413K, 7% free 10281K/10951K, paused 2ms+2ms
07-10 20:03:08.894 31913 31916 D dalvikvm: GC_CONCURRENT freed 491K, 8% free 10364K/11207K, paused 2ms+2ms
07-10 20:03:54.312  3119  3133 I PhoneLab-: Service Running
07-10 20:03:54.409  3119  3133 I PhoneLab-LoggerService: app_37    1373  1     1440   1000  c00f181c 400107b4 S logcat
07-10 20:03:54.409  3119  3133 I PhoneLab-LoggerService: Logcat pid from database 1373
07-10 20:03:54.409  3119  3133 I PhoneLab-LoggerService: Logcat process found 1373
07-10 20:03:54.409  3119  3133 I PhoneLab-LoggerService: Checking Threshold
07-10 20:03:54.409  3119  3133 I PhoneLab-LoggerService: Starting to rename files
07-10 20:03:54.409  3119  3133 I PhoneLab-LoggerService: Files found .. 2
07-10 20:03:56.069  5523  5827 I SqliteDatabaseCpp: sqlite returned: error code = 1, msg = no such column: wipeout_stats, db=/data/data/com.google.android.apps.plus/databases/es0.db
07-10 20:03:56.081  5523  5827 W System.err: android.database.sqlite.SQLiteException: no such column: wipeout_stats: , while compiling: SELECT wipeout_stats  FROM account_status
07-10 20:03:56.136  5523  5827 W System.err: 	at android.database.sqlite.SQLiteCompiledSql.native_compile(Native Method)
07-10 20:03:56.148  5523  5827 W System.err: 	at android.database.sqlite.SQLiteCompiledSql.<init>(SQLiteCompiledSql.java:68)
07-10 20:03:56.148  5523  5827 W System.err: 	at android.database.sqlite.SQLiteProgram.compileSql(SQLiteProgram.java:143)
07-10 20:03:56.148  5523  5827 W System.err: 	at android.database.sqlite.SQLiteProgram.compileAndbindAllArgs(SQLiteProgram.java:361)
07-10 20:03:56.151  5523  5827 W System.err: 	at android.database.sqlite.SQLiteStatement.acquireAndLock(SQLiteStatement.java:260)
07-10 20:03:56.155  5523  5827 W System.err: 	at android.database.sqlite.SQLiteStatement.simpleQueryForLong(SQLiteStatement.java:137)
07-10 20:03:56.159  5523  5827 W System.err: 	at android.database.DatabaseUtils.longForQuery(DatabaseUtils.java:791)
07-10 20:03:56.159  5523  5827 W System.err: 	at android.database.DatabaseUtils.longForQuery(DatabaseUtils.java:779)
07-10 20:03:56.163  5523  5827 W System.err: 	at com.google.android.apps.plus.content.EsAccountsData.isContactsStatsWipeoutNeeded(EsAccountsData.java:641)
07-10 20:03:56.167  5523  5827 W System.err: 	at com.google.android.apps.plus.service.EsService.processIntent(EsService.java:4246)
07-10 20:03:56.167  5523  5827 W System.err: 	at com.google.android.apps.plus.service.ServiceThread$1.run(ServiceThread.java:50)
07-10 20:03:56.171  5523  5827 W System.err: 	at android.os.Handler.handleCallback(Handler.java:605)
07-10 20:03:56.175  5523  5827 W System.err: 	at android.os.Handler.dispatchMessage(Handler.java:92)
07-10 20:03:56.179  5523  5827 W System.err: 	at android.os.Looper.loop(Looper.java:137)
07-10 20:03:56.183  5523  5827 W System.err: 	at com.google.android.apps.plus.service.ServiceThread.run(ServiceThread.java:122)
07-10 20:03:58.921  5523  5525 D dalvikvm: GC_CONCURRENT freed 1207K, 19% free 13380K/16327K, paused 10ms+5ms
07-10 20:04:05.687  5523  5525 D dalvikvm: GC_CONCURRENT freed 1391K, 19% free 13331K/16327K, paused 2ms+3ms
07-10 20:04:08.933 31913 31916 D dalvikvm: GC_CONCURRENT freed 398K, 8% free 10355K/11207K, paused 2ms+2ms
07-10 20:04:11.667  5523  5530 I dalvikvm: Jit: resizing JitTable from 4096 to 8192
07-10 20:04:11.745  5523  5828 D dalvikvm: GC_FOR_ALLOC freed 924K, 17% free 13671K/16327K, paused 51ms
07-10 20:04:11.749  5523  5828 I dalvikvm-heap: Grow heap (frag case) to 13.753MB for 349238-byte allocation
07-10 20:04:11.784  5523  5828 D dalvikvm: GC_FOR_ALLOC freed 42K, 17% free 13969K/16711K, paused 37ms
07-10 20:04:12.452  5523  5525 D dalvikvm: GC_CONCURRENT freed 1025K, 14% free 14469K/16711K, paused 2ms+3ms
07-10 20:04:14.292  5523  5525 D dalvikvm: GC_CONCURRENT freed 1693K, 14% free 14467K/16711K, paused 2ms+3ms
07-10 20:04:16.046  5523  5525 D dalvikvm: GC_CONCURRENT freed 2301K, 18% free 13858K/16711K, paused 2ms+3ms
07-10 20:04:18.784  5523  5828 I SqliteDatabaseCpp: sqlite returned: error code = 1, msg = no such column: last_stats_sync_time, db=/data/data/com.google.android.apps.plus/databases/es0.db
07-10 20:04:18.796  5523  5828 E EsSyncAdapterService: Sync failure
07-10 20:04:18.796  5523  5828 E EsSyncAdapterService: android.database.sqlite.SQLiteException: no such column: last_stats_sync_time: , while compiling: SELECT last_stats_sync_time  FROM account_status
07-10 20:04:18.796  5523  5828 E EsSyncAdapterService: 	at android.database.sqlite.SQLiteCompiledSql.native_compile(Native Method)
07-10 20:04:18.796  5523  5828 E EsSyncAdapterService: 	at android.database.sqlite.SQLiteCompiledSql.<init>(SQLiteCompiledSql.java:68)
07-10 20:04:18.796  5523  5828 E EsSyncAdapterService: 	at android.database.sqlite.SQLiteProgram.compileSql(SQLiteProgram.java:143)
07-10 20:04:18.796  5523  5828 E EsSyncAdapterService: 	at android.database.sqlite.SQLiteProgram.compileAndbindAllArgs(SQLiteProgram.java:361)
07-10 20:04:18.796  5523  5828 E EsSyncAdapterService: 	at android.database.sqlite.SQLiteStatement.acquireAndLock(SQLiteStatement.java:260)
07-10 20:04:18.796  5523  5828 E EsSyncAdapterService: 	at android.database.sqlite.SQLiteStatement.simpleQueryForLong(SQLiteStatement.java:137)
07-10 20:04:18.796  5523  5828 E EsSyncAdapterService: 	at android.database.DatabaseUtils.longForQuery(DatabaseUtils.java:791)
07-10 20:04:18.796  5523  5828 E EsSyncAdapterService: 	at android.database.DatabaseUtils.longForQuery(DatabaseUtils.java:779)
07-10 20:04:18.796  5523  5828 E EsSyncAdapterService: 	at com.google.android.apps.plus.content.EsAccountsData.queryLastStatsSyncTimestamp(EsAccountsData.java:570)
07-10 20:04:18.796  5523  5828 E EsSyncAdapterService: 	at com.google.android.apps.plus.service.EsSyncAdapterService.syncContactsStatsIfNecessary(EsSyncAdapterService.java:670)
07-10 20:04:18.796  5523  5828 E EsSyncAdapterService: 	at com.google.android.apps.plus.service.EsSyncAdapterService.doFullSync(EsSyncAdapterService.java:633)
07-10 20:04:18.796  5523  5828 E EsSyncAdapterService: 	at com.google.android.apps.plus.service.EsSyncAdapterService.doSync(EsSyncAdapterService.java:566)
07-10 20:04:18.796  5523  5828 E EsSyncAdapterService: 	at com.google.android.apps.plus.service.EsSyncAdapterService.access$100(EsSyncAdapterService.java:52)
07-10 20:04:18.796  5523  5828 E EsSyncAdapterService: 	at com.google.android.apps.plus.service.EsSyncAdapterService$SyncAdapterImpl.onPerformSync(EsSyncAdapterService.java:408)
07-10 20:04:18.796  5523  5828 E EsSyncAdapterService: 	at android.content.AbstractThreadedSyncAdapter$SyncThread.run(AbstractThreadedSyncAdapter.java:247)
07-10 20:04:18.827   144   168 D SyncManager: failed sync operation lokeshmandvekar@gmail.com (com.google), com.google.android.apps.plus.content.EsProvider, SERVER, earliestRunTime 114300064, SyncResult: stats [ numParseExceptions: 1]
07-10 20:04:18.862   144   168 D SyncManager: not retrying sync operation because the error is a hard error: lokeshmandvekar@gmail.com (com.google), com.google.android.apps.plus.content.EsProvider, SERVER, earliestRunTime 114322896
07-10 20:04:22.878   144   198 D DhcpInfoInternal: makeLinkProperties with empty dns2!
07-10 20:04:22.882   144   198 D DhcpInfoInternal: makeLinkProperties with empty dns2!
07-10 20:04:23.792 16301 16303 D dalvikvm: GC_CONCURRENT freed 392K, 6% free 9899K/10503K, paused 2ms+3ms
07-10 20:04:23.913   144  9084 I ActivityManager: No longer want com.google.android.maps.mytracks (pid 5119): hidden #16
07-10 20:04:23.995   144  5851 I UsageStats: Deleting usage file : usage-20120706
07-10 20:04:24.312 16301 16318 D dalvikvm: GC_EXPLICIT freed 205K, 7% free 9818K/10503K, paused 1ms+2ms
07-10 20:04:24.433   144   403 D dalvikvm: GC_EXPLICIT freed 1689K, 20% free 17933K/22343K, paused 3ms+7ms
07-10 20:04:24.640  5523  5525 D dalvikvm: GC_CONCURRENT freed 2038K, 21% free 13306K/16711K, paused 2ms+3ms
07-10 20:04:25.487  4785  4786 D dalvikvm: GC_CONCURRENT freed 417K, 5% free 10043K/10567K, paused 2ms+4ms
07-10 20:04:26.456 16301 16303 D dalvikvm: GC_CONCURRENT freed 292K, 6% free 9913K/10503K, paused 2ms+3ms
07-10 20:04:26.718  5523  5569 D dalvikvm: GC_EXPLICIT freed 532K, 21% free 13254K/16711K, paused 18ms+3ms
07-10 20:04:56.745   703   705 D dalvikvm: GC_CONCURRENT freed 359K, 6% free 9368K/9927K, paused 6ms+2ms
07-10 20:04:57.151  4785  4786 D dalvikvm: GC_CONCURRENT freed 409K, 6% free 10037K/10567K, paused 2ms+7ms
07-10 20:05:08.964  5747  5749 D dalvikvm: GC_CONCURRENT freed 500K, 7% free 10292K/10951K, paused 2ms+7ms
07-10 20:05:12.839  3043  3046 D dalvikvm: GC_CONCURRENT freed 862K, 11% free 11914K/13255K, paused 13ms+3ms
07-10 20:05:54.312  3119  3133 I PhoneLab-: Service Running
07-10 20:05:54.382  3119  3133 I PhoneLab-LoggerService: app_37    1373  1     1440   1000  c00f181c 400107b4 S logcat
07-10 20:05:54.382  3119  3133 I PhoneLab-LoggerService: Logcat pid from database 1373
07-10 20:05:54.382  3119  3133 I PhoneLab-LoggerService: Logcat process found 1373
07-10 20:05:54.382  3119  3133 I PhoneLab-LoggerService: Checking Threshold
07-10 20:05:54.382  3119  3133 I PhoneLab-LoggerService: Starting to rename files
07-10 20:05:54.382  3119  3133 I PhoneLab-LoggerService: Files found .. 2
07-10 20:06:09.054 31913 31916 D dalvikvm: GC_CONCURRENT freed 498K, 8% free 10368K/11207K, paused 2ms+2ms
07-10 20:06:47.538   144   198 D DhcpInfoInternal: makeLinkProperties with empty dns2!
07-10 20:06:47.538   144   198 D DhcpInfoInternal: makeLinkProperties with empty dns2!
07-10 20:07:09.011  5747  5749 D dalvikvm: GC_CONCURRENT freed 508K, 6% free 10295K/10951K, paused 2ms+2ms
07-10 20:07:09.120 31913 31916 D dalvikvm: GC_CONCURRENT freed 405K, 8% free 10354K/11207K, paused 2ms+2ms
07-10 20:07:54.312  3119  3133 I PhoneLab-: Service Running
07-10 20:07:54.386  3119  3133 I PhoneLab-LoggerService: app_37    1373  1     1440   1000  c00f181c 400107b4 S logcat
07-10 20:07:54.390  3119  3133 I PhoneLab-LoggerService: Logcat pid from database 1373
07-10 20:07:54.390  3119  3133 I PhoneLab-LoggerService: Logcat process found 1373
07-10 20:07:54.390  3119  3133 I PhoneLab-LoggerService: Checking Threshold
07-10 20:07:54.390  3119  3133 I PhoneLab-LoggerService: Starting to rename files
07-10 20:07:54.390  3119  3133 I PhoneLab-LoggerService: Files found .. 2
07-10 20:09:09.136  5747  5749 D dalvikvm: GC_CONCURRENT freed 506K, 6% free 10301K/10951K, paused 2ms+2ms
07-10 20:09:09.249 31913 31916 D dalvikvm: GC_CONCURRENT freed 495K, 8% free 10371K/11207K, paused 2ms+3ms
07-10 20:09:12.183   144   198 D DhcpInfoInternal: makeLinkProperties with empty dns2!
07-10 20:09:12.183   144   198 D DhcpInfoInternal: makeLinkProperties with empty dns2!
07-10 20:09:54.312  3119  3133 I PhoneLab-: Service Running
07-10 20:09:54.378  3119  3133 I PhoneLab-LoggerService: app_37    1373  1     1440   1000  c00f181c 400107b4 S logcat
07-10 20:09:54.382  3119  3133 I PhoneLab-LoggerService: Logcat pid from database 1373
07-10 20:09:54.382  3119  3133 I PhoneLab-LoggerService: Logcat process found 1373
07-10 20:09:54.382  3119  3133 I PhoneLab-LoggerService: Checking Threshold
07-10 20:09:54.382  3119  3133 I PhoneLab-LoggerService: Starting to rename files
07-10 20:09:54.382  3119  3133 I PhoneLab-LoggerService: Files found .. 2
07-10 20:10:09.245   144 24503 D dalvikvm: GC_EXPLICIT freed 833K, 20% free 17914K/22343K, paused 4ms+8ms
07-10 20:11:09.222  5747  5749 D dalvikvm: GC_CONCURRENT freed 511K, 6% free 10301K/10951K, paused 1ms+2ms
07-10 20:11:09.405 31913 31916 D dalvikvm: GC_CONCURRENT freed 521K, 8% free 10361K/11207K, paused 2ms+2ms
07-10 20:11:36.862   144   198 D DhcpInfoInternal: makeLinkProperties with empty dns2!
07-10 20:11:36.862   144   198 D DhcpInfoInternal: makeLinkProperties with empty dns2!
07-10 20:11:54.312  3119  3133 I PhoneLab-: Service Running
07-10 20:11:54.390  3119  3133 I PhoneLab-LoggerService: app_37    1373  1     1440   1000  c00f181c 400107b4 S logcat
07-10 20:11:54.390  3119  3133 I PhoneLab-LoggerService: Logcat pid from database 1373
07-10 20:11:54.390  3119  3133 I PhoneLab-LoggerService: Logcat process found 1373
07-10 20:11:54.390  3119  3133 I PhoneLab-LoggerService: Checking Threshold
07-10 20:11:54.390  3119  3133 I PhoneLab-LoggerService: Starting to rename files
07-10 20:11:54.390  3119  3133 I PhoneLab-LoggerService: Files found .. 2
07-10 20:11:54.398  3119  3122 D dalvikvm: GC_CONCURRENT freed 407K, 14% free 9149K/10567K, paused 2ms+2ms
07-10 20:11:58.487  3119  3119 I PhoneLab-Locks: wake lock acquired
07-10 20:11:58.495  3119  5939 I PhoneLab-PeriodicCheckService: User info is synched
07-10 20:11:58.495  3119  5939 I PhoneLab-PeriodicCheckService: Logger Service is running
07-10 20:11:58.499  3119  3119 I PhoneLab-Locks: wake lock acquired
07-10 20:11:58.503  3119  3119 I PhoneLab-StatusMonitor: Status Monitoring is started
07-10 20:11:58.507  3119  5939 I PhoneLab-Locks: wake lock acquired
07-10 20:11:58.507  3119  5939 I PhoneLab-PeriodicCheckService: Rescheduling periodic checking...
07-10 20:11:58.511  3119  5939 I PhoneLab-Locks: wake lock released
07-10 20:11:58.515  3119  3119 E PhoneLab-PhoneLabManifest: java.io.FileNotFoundException: /data/data/edu.buffalo.cse.phonelab.phonelabservices/files/manifest.xml: open failed: ENOENT (No such file or directory)
07-10 20:11:58.534  3119  3119 I PhoneLab-Locks: wake lock released
07-10 20:11:58.534  3119  3119 I PhoneLab-UploadLogs: Transfering log files now
07-10 20:11:58.593  3119  3122 D dalvikvm: GC_CONCURRENT freed 391K, 13% free 9231K/10567K, paused 1ms+2ms
07-10 20:11:58.612  3119  3119 D dalvikvm: GC_FOR_ALLOC freed 178K, 11% free 9422K/10567K, paused 14ms
07-10 20:11:58.612  3119  3119 I dalvikvm-heap: Grow heap (frag case) to 9.762MB for 516692-byte allocation
07-10 20:11:58.636  3119  3119 D dalvikvm: GC_FOR_ALLOC freed 252K, 13% free 9674K/11079K, paused 12ms
07-10 20:11:58.636  3119  3119 I PhoneLab-UploadLogs: OnStartCommand
07-10 20:11:59.023  3119  5941 D dalvikvm: GC_FOR_ALLOC freed 353K, 13% free 9655K/11079K, paused 61ms
07-10 20:11:59.034  3119  5941 D dalvikvm: GC_FOR_ALLOC freed 301K, 13% free 9655K/11079K, paused 12ms
07-10 20:11:59.050  3119  5941 D dalvikvm: GC_FOR_ALLOC freed 301K, 13% free 9656K/11079K, paused 12ms
07-10 20:12:02.362  3119  3119 I PhoneLab-: 1341963834384.log is deleted
07-10 20:12:02.366  3119  3119 I PhoneLab-: Response: {"data": "done", "err": ""}
07-10 20:12:02.370  3119  3119 I PhoneLab-UploadLogs: No log files to transfer
07-10 20:12:02.370  3119  3119 I PhoneLab-Locks: wake lock released
07-10 20:12:09.343 31913 31916 D dalvikvm: GC_CONCURRENT freed 444K, 8% free 10362K/11207K, paused 2ms+2ms
07-10 20:13:09.327  5747  5749 D dalvikvm: GC_CONCURRENT freed 514K, 6% free 10299K/10951K, paused 2ms+2ms
07-10 20:13:54.312  3119  3133 I PhoneLab-: Service Running
07-10 20:13:54.382  3119  3133 I PhoneLab-LoggerService: app_37    1373  1     1440   1000  c00f181c 400107b4 S logcat
07-10 20:13:54.382  3119  3133 I PhoneLab-LoggerService: Logcat pid from database 1373
07-10 20:13:54.382  3119  3133 I PhoneLab-LoggerService: Logcat process found 1373
07-10 20:13:54.382  3119  3133 I PhoneLab-LoggerService: Checking Threshold
07-10 20:14:01.761   144   198 D DhcpInfoInternal: makeLinkProperties with empty dns2!
07-10 20:14:01.765   144   198 D DhcpInfoInternal: makeLinkProperties with empty dns2!
07-10 20:14:09.444 31913 31916 D dalvikvm: GC_CONCURRENT freed 508K, 8% free 10365K/11207K, paused 1ms+2ms
07-10 20:15:09.409  5747  5749 D dalvikvm: GC_CONCURRENT freed 512K, 6% free 10298K/10951K, paused 2ms+3ms
07-10 20:15:16.198  3043  3046 D dalvikvm: GC_CONCURRENT freed 879K, 11% free 11901K/13255K, paused 14ms+3ms
07-10 20:15:54.312  3119  3133 I PhoneLab-: Service Running
07-10 20:15:54.394  3119  3122 D dalvikvm: GC_CONCURRENT freed 898K, 18% free 9170K/11079K, paused 2ms+1ms
07-10 20:15:54.398  3119  3133 I PhoneLab-LoggerService: app_37    1373  1     1440   1000  c00f181c 400107b4 S logcat
07-10 20:15:54.398  3119  3133 I PhoneLab-LoggerService: Logcat pid from database 1373
07-10 20:15:54.398  3119  3133 I PhoneLab-LoggerService: Logcat process found 1373
07-10 20:15:54.398  3119  3133 I PhoneLab-LoggerService: Checking Threshold
07-10 20:16:09.523 31913 31916 D dalvikvm: GC_CONCURRENT freed 508K, 8% free 10367K/11207K, paused 1ms+3ms
07-10 20:16:26.640   144   198 D DhcpInfoInternal: makeLinkProperties with empty dns2!
07-10 20:16:26.648   144   198 D DhcpInfoInternal: makeLinkProperties with empty dns2!
07-10 20:17:09.519  5747  5749 D dalvikvm: GC_CONCURRENT freed 511K, 6% free 10298K/10951K, paused 1ms+2ms
07-10 20:17:09.566 31913 31913 D dalvikvm: GC_EXPLICIT freed 187K, 9% free 10310K/11207K, paused 2ms+2ms
07-10 20:17:54.312  3119  3133 I PhoneLab-: Service Running
07-10 20:17:54.378  3119  3133 I PhoneLab-LoggerService: app_37    1373  1     1440   1000  c00f181c 400107b4 S logcat
07-10 20:17:54.382  3119  3133 I PhoneLab-LoggerService: Logcat pid from database 1373
07-10 20:17:54.382  3119  3133 I PhoneLab-LoggerService: Logcat process found 1373
07-10 20:17:54.382  3119  3133 I PhoneLab-LoggerService: Checking Threshold
07-10 20:18:09.644 31913 31916 D dalvikvm: GC_CONCURRENT freed 455K, 8% free 10366K/11207K, paused 2ms+3ms
07-10 20:18:11.198 31913 31916 D dalvikvm: GC_CONCURRENT freed 409K, 8% free 10363K/11207K, paused 9ms+3ms
07-10 20:18:51.519   144   198 D DhcpInfoInternal: makeLinkProperties with empty dns2!
07-10 20:18:51.523   144   198 D DhcpInfoInternal: makeLinkProperties with empty dns2!
07-10 20:19:09.648  5747  5749 D dalvikvm: GC_CONCURRENT freed 508K, 6% free 10302K/10951K, paused 1ms+3ms
07-10 20:19:09.757 31913 31916 D dalvikvm: GC_CONCURRENT freed 390K, 8% free 10381K/11207K, paused 2ms+2ms
07-10 20:19:54.312  3119  3133 I PhoneLab-: Service Running
07-10 20:19:54.382  3119  3133 I PhoneLab-LoggerService: app_37    1373  1     1440   1000  c00f181c 400107b4 S logcat
07-10 20:19:54.382  3119  3133 I PhoneLab-LoggerService: Logcat pid from database 1373
07-10 20:19:54.382  3119  3133 I PhoneLab-LoggerService: Logcat process found 1373
07-10 20:19:54.382  3119  3133 I PhoneLab-LoggerService: Checking Threshold
07-10 20:20:00.015   144   161 I ActivityManager: No longer want com.whatsapp (pid 4785): hidden #16
07-10 20:20:00.081   144   400 W ActivityManager: Scheduling restart of crashed service com.whatsapp/.messaging.MessageService in 5000ms
07-10 20:20:00.124   144   400 I UsageStats: No package stats for pkg:com.android.launcher
07-10 20:20:05.101   144   161 I ActivityManager: Start proc com.whatsapp for service com.whatsapp/.messaging.MessageService: pid=6032 uid=10068 gids={1015, 3003}
07-10 20:20:05.108  6032  6032 I dalvikvm: Turning on JNI app bug workarounds for target SDK version 7...
07-10 20:20:05.296  6032  6039 D dalvikvm: GC_CONCURRENT freed 161K, 3% free 9364K/9607K, paused 4ms+3ms
07-10 20:20:05.573  6032  6039 D dalvikvm: GC_CONCURRENT freed 296K, 4% free 9621K/9991K, paused 2ms+3ms
07-10 20:20:05.898  6032  6032 I dalvikvm: Could not find method android.media.MediaMetadataRetriever.captureFrame, referenced from method com.whatsapp.q3.a
07-10 20:20:05.901  6032  6032 W dalvikvm: VFY: unable to resolve virtual method 502: Landroid/media/MediaMetadataRetriever;.captureFrame ()Landroid/graphics/Bitmap;
07-10 20:20:05.901  6032  6032 D dalvikvm: VFY: replacing opcode 0x6e at 0x0134
07-10 20:20:06.069  6032  6039 D dalvikvm: GC_CONCURRENT freed 341K, 5% free 9832K/10247K, paused 2ms+3ms
07-10 20:20:06.269  6032  6039 D dalvikvm: GC_CONCURRENT freed 291K, 4% free 9992K/10375K, paused 2ms+5ms
07-10 20:20:06.444   144   326 D dalvikvm: GC_EXPLICIT freed 1315K, 20% free 17955K/22343K, paused 2ms+8ms
07-10 20:20:08.409  6032  6039 D dalvikvm: GC_CONCURRENT freed 541K, 7% free 9892K/10567K, paused 1ms+3ms
07-10 20:20:19.636  3043  3046 D dalvikvm: GC_CONCURRENT freed 813K, 10% free 11996K/13255K, paused 13ms+3ms
07-10 20:21:09.745  5747  5749 D dalvikvm: GC_CONCURRENT freed 509K, 6% free 10304K/10951K, paused 2ms+3ms
07-10 20:21:09.851 31913 31916 D dalvikvm: GC_CONCURRENT freed 495K, 8% free 10394K/11207K, paused 1ms+2ms
07-10 20:21:16.382   144   198 D DhcpInfoInternal: makeLinkProperties with empty dns2!
07-10 20:21:16.382   144   198 D DhcpInfoInternal: makeLinkProperties with empty dns2!
07-10 20:21:54.312  3119  3133 I PhoneLab-: Service Running
07-10 20:21:54.382  3119  3133 I PhoneLab-LoggerService: app_37    1373  1     1440   1000  c00f181c 400107b4 S logcat
07-10 20:21:54.382  3119  3133 I PhoneLab-LoggerService: Logcat pid from database 1373
07-10 20:21:54.382  3119  3133 I PhoneLab-LoggerService: Logcat process found 1373
07-10 20:21:54.382  3119  3133 I PhoneLab-LoggerService: Checking Threshold
07-10 20:22:09.874 31913 31916 D dalvikvm: GC_CONCURRENT freed 450K, 8% free 10365K/11207K, paused 1ms+2ms
07-10 20:23:09.855  5747  5749 D dalvikvm: GC_CONCURRENT freed 516K, 6% free 10300K/10951K, paused 1ms+3ms
07-10 20:23:41.069   144   198 D DhcpInfoInternal: makeLinkProperties with empty dns2!
07-10 20:23:41.069   144   198 D DhcpInfoInternal: makeLinkProperties with empty dns2!
07-10 20:23:54.312  3119  3133 I PhoneLab-: Service Running
07-10 20:23:54.382  3119  3133 I PhoneLab-LoggerService: app_37    1373  1     1440   1000  c00f181c 400107b4 S logcat
07-10 20:23:54.382  3119  3133 I PhoneLab-LoggerService: Logcat pid from database 1373
07-10 20:23:54.382  3119  3133 I PhoneLab-LoggerService: Logcat process found 1373
07-10 20:23:54.382  3119  3133 I PhoneLab-LoggerService: Checking Threshold
07-10 20:24:09.968 31913 31916 D dalvikvm: GC_CONCURRENT freed 480K, 8% free 10392K/11207K, paused 1ms+2ms
07-10 20:25:06.976   144  9084 D AlarmManagerService: Kernel timezone updated to 240 minutes west of GMT
07-10 20:25:06.999   344   344 D SystemClock: Setting time of day to sec=1341966307
07-10 20:25:07.165  5148  5161 V AlarmClock: AlarmInitReceiver finished
07-10 20:25:10.033  5747  5749 D dalvikvm: GC_CONCURRENT freed 511K, 6% free 10301K/10951K, paused 2ms+3ms
07-10 20:25:10.161 31913 31916 D dalvikvm: GC_CONCURRENT freed 489K, 8% free 10415K/11207K, paused 2ms+3ms
07-10 20:25:10.435 31913 31916 D dalvikvm: GC_CONCURRENT freed 230K, 6% free 10584K/11207K, paused 6ms+3ms
07-10 20:25:24.122  3043  3046 D dalvikvm: GC_CONCURRENT freed 952K, 11% free 11915K/13255K, paused 2ms+3ms
07-10 20:25:54.388  3119  3133 I PhoneLab-: Service Running
07-10 20:25:54.451  3119  3133 I PhoneLab-LoggerService: app_37    1373  1     1440   1000  c00f181c 400107b4 S logcat
07-10 20:25:54.454  3119  3133 I PhoneLab-LoggerService: Logcat pid from database 1373
07-10 20:25:54.454  3119  3133 I PhoneLab-LoggerService: Logcat process found 1373
07-10 20:25:54.454  3119  3133 I PhoneLab-LoggerService: Checking Threshold
07-10 20:26:05.818   144   198 D DhcpInfoInternal: makeLinkProperties with empty dns2!
07-10 20:26:05.818   144   198 D DhcpInfoInternal: makeLinkProperties with empty dns2!
07-10 20:26:10.150 31913 31916 D dalvikvm: GC_CONCURRENT freed 735K, 8% free 10369K/11207K, paused 2ms+3ms
07-10 20:27:10.115  5747  5749 D dalvikvm: GC_CONCURRENT freed 511K, 6% free 10301K/10951K, paused 2ms+2ms
07-10 20:27:54.314  3119  3133 I PhoneLab-: Service Running
07-10 20:27:54.376  3119  3133 I PhoneLab-LoggerService: app_37    1373  1     1440   1000  c00f181c 400107b4 S logcat
07-10 20:27:54.380  3119  3133 I PhoneLab-LoggerService: Logcat pid from database 1373
07-10 20:27:54.380  3119  3133 I PhoneLab-LoggerService: Logcat process found 1373
07-10 20:27:54.380  3119  3133 I PhoneLab-LoggerService: Checking Threshold
07-10 20:28:10.224 31913 31916 D dalvikvm: GC_CONCURRENT freed 454K, 8% free 10313K/11207K, paused 2ms+6ms
07-10 20:28:30.712   144   198 D DhcpInfoInternal: makeLinkProperties with empty dns2!
07-10 20:28:30.720   144   198 D DhcpInfoInternal: makeLinkProperties with empty dns2!
07-10 20:29:08.919   144   400 I ActivityManager: No longer want android.process.media (pid 5538): hidden #16
07-10 20:29:08.919   144   400 I ActivityManager: No longer want com.google.android.apps.googlevoice (pid 5335): hidden #17
07-10 20:29:08.931   144   424 W ActivityManager: Scheduling restart of crashed service com.google.android.apps.googlevoice/.UpdateService in 5000ms
07-10 20:29:08.931   144   424 W ActivityManager: Scheduling restart of crashed service com.google.android.apps.googlevoice/.CallLogService in 15000ms
07-10 20:29:10.212  5747  5749 D dalvikvm: GC_CONCURRENT freed 511K, 6% free 10301K/10951K, paused 2ms+2ms
07-10 20:29:10.322 31913 31916 D dalvikvm: GC_CONCURRENT freed 463K, 8% free 10361K/11207K, paused 1ms+2ms
07-10 20:29:13.947   144   161 I ActivityManager: Start proc com.google.android.apps.googlevoice for service com.google.android.apps.googlevoice/.UpdateService: pid=6171 uid=10054 gids={3003, 1015}
07-10 20:29:14.384  6171  6174 D dalvikvm: GC_CONCURRENT freed 271K, 4% free 9265K/9607K, paused 20ms+11ms
07-10 20:29:14.509   144  9084 D dalvikvm: GC_EXPLICIT freed 1605K, 20% free 17960K/22343K, paused 3ms+8ms
07-10 20:29:14.841  6171  6174 D dalvikvm: GC_CONCURRENT freed 362K, 5% free 9430K/9863K, paused 2ms+3ms
07-10 20:29:14.845  6171  6180 W CursorWrapperInner: Cursor finalized without prior close()
07-10 20:29:14.845  6171  6180 W CursorWrapperInner: Cursor finalized without prior close()
07-10 20:29:14.845  6171  6180 W CursorWrapperInner: Cursor finalized without prior close()
07-10 20:29:14.951 16301 16303 D dalvikvm: GC_CONCURRENT freed 441K, 6% free 9943K/10503K, paused 2ms+7ms
07-10 20:29:15.076  6171  6174 D dalvikvm: GC_CONCURRENT freed 330K, 5% free 9637K/10055K, paused 2ms+3ms
07-10 20:29:15.095 16301 16933 D dalvikvm: GC_EXPLICIT freed 193K, 7% free 9827K/10503K, paused 2ms+20ms
07-10 20:29:35.751  5714  5990 I EventLogService: Aggregate from 1341964775651 (log), 1341964775651 (data)
07-10 20:29:35.861  5714  5717 D dalvikvm: GC_CONCURRENT freed 455K, 7% free 11173K/11975K, paused 2ms+6ms
07-10 20:29:54.310  3119  3133 I PhoneLab-: Service Running
07-10 20:29:54.404  3119  3133 I PhoneLab-LoggerService: app_37    1373  1     1440   1000  c00f181c 400107b4 S logcat
07-10 20:29:54.408  3119  3133 I PhoneLab-LoggerService: Logcat pid from database 1373
07-10 20:29:54.408  3119  3133 I PhoneLab-LoggerService: Logcat process found 1373
07-10 20:29:54.408  3119  3133 I PhoneLab-LoggerService: Checking Threshold
07-10 20:30:28.486  3043  3046 D dalvikvm: GC_CONCURRENT freed 827K, 11% free 11926K/13255K, paused 4ms+5ms
07-10 20:30:28.701  3043  6199 I DatabaseHelper: Begin cleanup.
07-10 20:30:28.743  3043  6199 I DatabaseHelper: Cleaned up: 0
07-10 20:30:55.388   144   198 D DhcpInfoInternal: makeLinkProperties with empty dns2!
07-10 20:30:55.388   144   198 D DhcpInfoInternal: makeLinkProperties with empty dns2!
07-10 20:31:10.365  5747  5749 D dalvikvm: GC_CONCURRENT freed 512K, 6% free 10300K/10951K, paused 2ms+2ms
07-10 20:31:10.400 31913 31916 D dalvikvm: GC_CONCURRENT freed 520K, 8% free 10353K/11207K, paused 1ms+3ms
07-10 20:31:54.314  3119  3133 I PhoneLab-: Service Running
07-10 20:31:54.388  3119  3133 I PhoneLab-LoggerService: app_37    1373  1     1440   1000  c00f181c 400107b4 S logcat
07-10 20:31:54.388  3119  3133 I PhoneLab-LoggerService: Logcat pid from database 1373
07-10 20:31:54.388  3119  3133 I PhoneLab-LoggerService: Logcat process found 1373
07-10 20:31:54.388  3119  3133 I PhoneLab-LoggerService: Checking Threshold
07-10 20:31:54.396  3119  3122 D dalvikvm: GC_CONCURRENT freed 438K, 18% free 9151K/11079K, paused 1ms+2ms
07-10 20:32:10.443 31913 31916 D dalvikvm: GC_CONCURRENT freed 466K, 8% free 10398K/11207K, paused 2ms+3ms
07-10 20:32:10.868 31913 31916 D dalvikvm: GC_CONCURRENT freed 219K, 6% free 10563K/11207K, paused 17ms+2ms
07-10 20:32:40.220   144   160 V BackupManagerService: Running a backup pass
07-10 20:32:40.228   144   213 V BackupManagerService: Backup requested but nothing pending
07-10 20:33:10.388  5747  5749 D dalvikvm: GC_CONCURRENT freed 512K, 6% free 10299K/10951K, paused 1ms+3ms
07-10 20:33:10.490 31913 31916 D dalvikvm: GC_CONCURRENT freed 722K, 8% free 10355K/11207K, paused 2ms+2ms
07-10 20:33:20.279   144   198 D DhcpInfoInternal: makeLinkProperties with empty dns2!
07-10 20:33:20.286   144   198 D DhcpInfoInternal: makeLinkProperties with empty dns2!
07-10 20:33:54.314  3119  3133 I PhoneLab-: Service Running
07-10 20:33:54.376  3119  3133 I PhoneLab-LoggerService: app_37    1373  1     1440   1000  c00f181c 400107b4 S logcat
07-10 20:33:54.380  3119  3133 I PhoneLab-LoggerService: Logcat pid from database 1373
07-10 20:33:54.380  3119  3133 I PhoneLab-LoggerService: Logcat process found 1373
07-10 20:33:54.380  3119  3133 I PhoneLab-LoggerService: Checking Threshold
07-10 20:33:55.201   144   173 I ActivityManager: Start proc com.google.android.maps.mytracks for service com.google.android.maps.mytracks/com.google.android.apps.mytracks.services.RemoveTempFilesService: pid=6249 uid=10072 gids={3003, 3002, 3001, 1015}
07-10 20:33:55.208  6249  6249 I dalvikvm: Turning on JNI app bug workarounds for target SDK version 7...
07-10 20:33:55.302  6249  6249 I ActivityThread: Pub com.google.android.maps.mytracks.search: com.google.android.apps.mytracks.content.SearchEngineProvider
07-10 20:33:55.302  6249  6249 I ActivityThread: Pub com.google.android.maps.mytracks: com.google.android.apps.mytracks.content.MyTracksProvider
07-10 20:33:55.333   144   424 I ActivityManager: No longer want com.android.sprintmenu (pid 5578): hidden #16
07-10 20:33:55.341   144  9084 W ActivityManager: Scheduling restart of crashed service com.android.sprintmenu/.HiddenPhoneService in 5000ms
07-10 20:34:00.392   144   161 I ActivityManager: Start proc com.android.sprintmenu for service com.android.sprintmenu/.HiddenPhoneService: pid=6263 uid=1001 gids={3002, 3001, 3003, 1015}
07-10 20:34:10.654 31913 31916 D dalvikvm: GC_CONCURRENT freed 427K, 8% free 10332K/11207K, paused 13ms+3ms
07-10 20:35:09.212   214   216 D dalvikvm: GC_CONCURRENT freed 368K, 33% free 9958K/14663K, paused 2ms+2ms
07-10 20:35:09.286   144   323 D dalvikvm: GC_EXPLICIT freed 1243K, 20% free 17924K/22343K, paused 14ms+7ms
07-10 20:35:10.607  5747  5749 D dalvikvm: GC_CONCURRENT freed 508K, 6% free 10303K/10951K, paused 2ms+3ms
07-10 20:35:45.165   144   198 D DhcpInfoInternal: makeLinkProperties with empty dns2!
07-10 20:35:45.173   144   198 D DhcpInfoInternal: makeLinkProperties with empty dns2!
07-10 20:35:54.314  3119  3133 I PhoneLab-: Service Running
07-10 20:35:54.376  3119  3133 I PhoneLab-LoggerService: app_37    1373  1     1440   1000  c00f181c 400107b4 S logcat
07-10 20:35:54.380  3119  3133 I PhoneLab-LoggerService: Logcat pid from database 1373
07-10 20:35:54.380  3119  3133 I PhoneLab-LoggerService: Logcat process found 1373
07-10 20:35:54.380  3119  3133 I PhoneLab-LoggerService: Checking Threshold
07-10 20:36:10.728 31913 31916 D dalvikvm: GC_CONCURRENT freed 494K, 8% free 10350K/11207K, paused 2ms+2ms
07-10 20:37:10.716  5747  5749 D dalvikvm: GC_CONCURRENT freed 517K, 6% free 10297K/10951K, paused 2ms+2ms
07-10 20:37:10.826 31913 31916 D dalvikvm: GC_CONCURRENT freed 396K, 8% free 10343K/11207K, paused 2ms+2ms
07-10 20:37:54.310  3119  3133 I PhoneLab-: Service Running
07-10 20:37:54.380  3119  3133 I PhoneLab-LoggerService: app_37    1373  1     1440   1000  c00f181c 400107b4 S logcat
07-10 20:37:54.380  3119  3133 I PhoneLab-LoggerService: Logcat pid from database 1373
07-10 20:37:54.380  3119  3133 I PhoneLab-LoggerService: Logcat process found 1373
07-10 20:37:54.380  3119  3133 I PhoneLab-LoggerService: Checking Threshold
07-10 20:38:10.814  5714  5726 D dalvikvm: GC_EXPLICIT freed 245K, 8% free 11068K/11975K, paused 2ms+4ms
07-10 20:38:39.505   144  3385 E DhcpStateMachine: DHCP failed on wlan0: Timed out waiting for DHCP Renew to finish
07-10 20:38:39.732   144   198 E WifiStateMachine: IP configuration failed
07-10 20:38:39.794   262   262 I wpa_supplicant: wlan0: CTRL-EVENT-DISCONNECTED bssid=00:00:00:00:00:00 reason=0
07-10 20:38:39.798    75   117 D CommandListener: Clearing all IP addresses on wlan0
07-10 20:38:39.806   144   200 D ConnectivityService: ConnectivityChange for WIFI: DISCONNECTED/DISCONNECTED
07-10 20:38:39.829   144   200 D ConnectivityService: Attempting to switch to mobile
07-10 20:38:39.915   144   200 D ConnectivityService: Attempting to switch to WIMAX
07-10 20:38:39.915   144   200 D ConnectivityService: Attempting to switch to BLUETOOTH_TETHER
07-10 20:38:39.915   144   200 E ConnectivityService: Exception trying to remove a route: java.lang.IllegalStateException: Unable to communicate with native dameon to add routes - com.android.server.NativeDaemonConnectorException: Cmd {interface route remove wlan0 default 192.168.0.1 32 0.0.0.0} failed with code 400 : {Failed to remove route from default table (No such process)}
07-10 20:38:39.923   144   200 E ConnectivityService: Exception trying to remove a route: java.lang.IllegalStateException: Unable to communicate with native dameon to add routes - com.android.server.NativeDaemonConnectorException: Cmd {interface route remove wlan0 default 0.0.0.0 0 192.168.0.1} failed with code 400 : {Failed to remove route from default table (No such process)}
07-10 20:38:39.923   144   200 D NetUtils: android_net_utils_resetConnections in env=0x13390c8 clazz=0x36c00001 iface=wlan0 mask=0x3
07-10 20:38:39.923   144   200 D ConnectivityService: resetConnections(wlan0, 3)
07-10 20:38:39.947   144   200 D ConnectivityService: ConnectivityChange for WIMAX: DISCONNECTED/SCANNING
07-10 20:38:39.947   144   200 D ConnectivityService: Attempting to switch to mobile
07-10 20:38:39.947   144   200 D ConnectivityService: Attempting to switch to WIFI
07-10 20:38:39.947  5714  3428 W Smack/Packet: notify conn break (IOEx), close connection
07-10 20:38:39.947   144   200 D ConnectivityService: Attempting to switch to BLUETOOTH_TETHER
07-10 20:38:40.122  5714  3428 I qtaguid : Failed write_ctrl(u 61) res=-1 errno=22
07-10 20:38:40.122  5714  3428 I qtaguid : Untagging socket 61 failed errno=-22
07-10 20:38:40.122  5714  3428 W NetworkManagementSocketTagger: untagSocket(61) failed with errno -22
07-10 20:38:40.134   144   200 D ConnectivityService: handleInetConditionChange: no active default network - ignore
07-10 20:38:40.329   262   262 I wpa_supplicant: wlan0: Trying to associate with 94:44:52:17:be:7d (SSID='raikiri' freq=2437 MHz)
07-10 20:38:40.411   262   262 I wpa_supplicant: wlan0: Associated with 94:44:52:17:be:7d
07-10 20:38:40.435   262   262 I wpa_supplicant: wlan0: CTRL-EVENT-EAP-SUCCESS EAP authentication completed successfully (based on lower layer success)
07-10 20:38:40.451   262   262 I wpa_supplicant: wlan0: WPA: Key negotiation completed with 94:44:52:17:be:7d [PTK=CCMP GTK=CCMP]
07-10 20:38:40.451   262   262 I wpa_supplicant: wlan0: CTRL-EVENT-CONNECTED - Connection to 94:44:52:17:be:7d completed (reauth) [id=2 id_str=]
07-10 20:38:41.310   144   198 D DhcpInfoInternal: makeLinkProperties with empty dns2!
07-10 20:38:41.314   144   198 D DhcpInfoInternal: makeLinkProperties with empty dns2!
07-10 20:38:41.329   144   200 D ConnectivityService: ConnectivityChange for WIFI: CONNECTED/CONNECTED
07-10 20:38:41.357  3119  3119 I PhoneLab-WiFiReceiver: Wi-Fi is connected!
07-10 20:38:41.357  3119  3119 I PhoneLab-WiFiReceiver: SSID: raikiri BSSID: 94:44:52:17:be:7d RSSI: -200 LinkSpeed: -1
07-10 20:38:41.357  3119  3119 I PhoneLab-Locks: wake lock acquired
07-10 20:38:41.361  3119  3119 I PhoneLab-UploadLogs: Transfering log files now
07-10 20:38:41.361  3119  3119 I PhoneLab-UploadLogs: No log files to transfer
07-10 20:38:41.361  3119  3119 I PhoneLab-Locks: wake lock released
07-10 20:38:41.361  3119  3119 I PhoneLab-UploadLogs: OnStartCommand
07-10 20:38:41.380   144   195 W NetworkStats: dropping UID delta from unknown iface: iface=wlan0 uid=0 set=DEFAULT tag=0x0 rxBytes=328 rxPackets=1 txBytes=140 txPackets=2 operations=0
07-10 20:38:42.333   144   200 D ConnectivityService: NetTransition Wakelock for WifiStateMachine released by timeout
07-10 20:38:42.970   144   204 D Tethering: MasterInitialState.processMessage what=3
07-10 20:38:43.033   144   161 I ActivityManager: Start proc android.process.media for broadcast com.android.providers.downloads/.DownloadReceiver: pid=6338 uid=10012 gids={1015, 1023, 1024, 2001, 3003, 3007}
07-10 20:38:43.076  6338  6338 I ActivityThread: Pub downloads: com.android.providers.downloads.DownloadProvider
07-10 20:38:43.095  6338  6338 I ActivityThread: Pub drm: com.android.providers.drm.DrmProvider
07-10 20:38:43.095  6338  6351 I DownloadManager: in removeSpuriousFiles
07-10 20:38:43.118  6338  6351 I DownloadManager: in removeSpuriousFiles, preserving file /data/data/com.android.providers.downloads/cache/metadata.json
07-10 20:38:43.118  6338  6351 I DownloadManager: in removeSpuriousFiles, preserving file /data/data/com.android.providers.downloads/cache/en_general.htm
07-10 20:38:43.118  6338  6351 I DownloadManager: in removeSpuriousFiles, preserving file /mnt/sdcard/Download/img-thing.jpeg
07-10 20:38:43.118  6338  6351 I DownloadManager: in removeSpuriousFiles, preserving file /data/data/com.android.providers.downloads/cache/metadata-1.json
07-10 20:38:43.118  6338  6351 I DownloadManager: in removeSpuriousFiles, preserving file /data/data/com.android.providers.downloads/cache/downloadfile.jpeg
07-10 20:38:43.118  6338  6351 I DownloadManager: in removeSpuriousFiles, preserving file /data/data/com.android.providers.downloads/cache/metadata-2.json
07-10 20:38:43.118  6338  6351 I DownloadManager: in removeSpuriousFiles, preserving file /data/data/com.android.providers.downloads/cache/metadata-3.json
07-10 20:38:43.118  6338  6351 I DownloadManager: in removeSpuriousFiles, preserving file /data/data/com.android.providers.downloads/cache/downloadfile-1.jpeg
07-10 20:38:43.118  6338  6351 I DownloadManager: in removeSpuriousFiles, preserving file /data/data/com.android.providers.downloads/cache/downloadfile-2.jpeg
07-10 20:38:43.118  6338  6351 I DownloadManager: in removeSpuriousFiles, preserving file /data/data/com.android.providers.downloads/cache/metadata-4.json
07-10 20:38:43.118  6338  6351 I DownloadManager: in removeSpuriousFiles, preserving file /data/data/com.android.providers.downloads/cache/metadata-5.json
07-10 20:38:43.118  6338  6351 I DownloadManager: deleting spurious file /cache/backup
07-10 20:38:43.146  6338  6338 I ActivityThread: Pub media: com.android.providers.media.MediaProvider
07-10 20:38:43.181  5714  5714 I GTalkService/c: [AndroidEndpoint@1094226184] connect: acct=1000000, state=CONNECTING
07-10 20:38:43.181  5714  5714 I GTalkService/c: [GTalkConnection@1094490160] connect: acct=1, state=CONNECTING
07-10 20:38:43.208   144   204 D Tethering: MasterInitialState.processMessage what=3
07-10 20:38:43.607  6338  6341 D dalvikvm: GC_CONCURRENT freed 360K, 5% free 9176K/9607K, paused 15ms+2ms
07-10 20:38:43.701   144   323 I ActivityManager: Start proc com.google.android.apps.uploader for broadcast com.google.android.apps.uploader/.ConnectivityBroadcastReceiver: pid=6356 uid=10030 gids={3003}
07-10 20:38:43.740  6356  6356 I dalvikvm: Turning on JNI app bug workarounds for target SDK version 11...
07-10 20:38:43.806  6356  6356 I ActivityThread: Pub com.google.android.apps.uploader: com.google.android.apps.uploader.UploadsContentProvider
07-10 20:38:43.810  6356  6356 I ActivityThread: Pub com.google.photos.provider.Album: com.google.android.apps.uploader.clients.picasa.AlbumProvider
07-10 20:38:43.814  6356  6356 D MediaUploader: UploaderApplication.onCreate
07-10 20:38:43.868  6356  6356 D MediaUploader: nonWifiLimit=20971520, default=20971520
07-10 20:38:43.884  6356  6356 I MediaUploader: No need to wake up
07-10 20:38:43.892  3119  3119 I PhoneLab-WiFiReceiver: Wi-Fi is disconnected!
07-10 20:38:44.216  5523  6374 D PicasaSync: sync account database
07-10 20:38:44.220   144   144 I ActivityManager: Start proc com.google.android.youtube for broadcast com.google.android.youtube/.app.prefetch.PrefetchService$DeviceStateReceiver: pid=6375 uid=10057 gids={3003, 1015, 1006}
07-10 20:38:44.275  5523  6374 D PicasaSync: accounts in DB=1
07-10 20:38:44.279  5523  6374 D PicasaSyncManager: active network: NetworkInfo: type: WIFI[], state: CONNECTED/CONNECTED, reason: (unspecified), extra: (none), roaming: false, failover: false, isAvailable: true
07-10 20:38:44.353  5523  6374 D PicasaSyncManager: background data: true
07-10 20:38:44.431   144   204 D Tethering: MasterInitialState.processMessage what=3
07-10 20:38:44.533  5523  6374 D PicasaSyncManager: battery info: true
07-10 20:38:44.681  6375  6377 D dalvikvm: GC_CONCURRENT freed 165K, 3% free 9360K/9607K, paused 2ms+8ms
07-10 20:38:44.767  6375  6375 I ActivityThread: Pub com.google.android.youtube.SuggestionProvider: com.google.android.youtube.core.suggest.SuggestionProvider
07-10 20:38:45.271  6375  6377 D dalvikvm: GC_CONCURRENT freed 342K, 5% free 9486K/9927K, paused 2ms+17ms
07-10 20:38:45.302  6375  6384 W CursorWrapperInner: Cursor finalized without prior close()
07-10 20:38:45.302  6375  6384 W CursorWrapperInner: Cursor finalized without prior close()
07-10 20:38:45.392  6375  6377 D dalvikvm: GC_CONCURRENT freed 282K, 4% free 9766K/10119K, paused 2ms+7ms
07-10 20:38:45.486  6375  6377 D dalvikvm: GC_CONCURRENT freed 355K, 5% free 9949K/10375K, paused 2ms+3ms
07-10 20:38:45.595  6375  6377 D dalvikvm: GC_CONCURRENT freed 385K, 5% free 10111K/10567K, paused 2ms+2ms
07-10 20:38:45.693  6375  6377 D dalvikvm: GC_CONCURRENT freed 451K, 5% free 10173K/10695K, paused 1ms+2ms
07-10 20:38:45.826  6375  6377 D dalvikvm: GC_CONCURRENT freed 299K, 4% free 10276K/10695K, paused 2ms+2ms
07-10 20:38:45.974   144   144 I ActivityManager: Start proc com.google.android.apps.docs for broadcast com.google.android.apps.docs/.receivers.NetworkChangeReceiver: pid=6421 uid=10077 gids={3003, 1015, 1006}
07-10 20:38:46.247  6421  6421 I PackageInfoHelper: Provided clientMode=RELEASE, packageInfo=PackageInfo{41355608 com.google.android.apps.docs}
07-10 20:38:46.247  6421  6421 I ActivityThread: Pub com.google.android.apps.docs.files: com.google.android.apps.docs.sync.filemanager.FileProvider
07-10 20:38:46.251  6421  6421 I ActivityThread: Pub com.google.android.apps.docs.doclist.search_suggest: com.google.android.apps.docs.doclist.DocListGlobalSearchSuggestionProvider
07-10 20:38:46.478  6421  6423 D dalvikvm: GC_CONCURRENT freed 221K, 4% free 9315K/9607K, paused 3ms+2ms
07-10 20:38:46.599  6421  6423 D dalvikvm: GC_CONCURRENT freed 461K, 6% free 9383K/9927K, paused 2ms+2ms
07-10 20:38:46.693  6421  6423 D dalvikvm: GC_CONCURRENT freed 514K, 6% free 9403K/9991K, paused 5ms+2ms
07-10 20:38:46.775  6421  6423 D dalvikvm: GC_CONCURRENT freed 474K, 6% free 9441K/9991K, paused 2ms+3ms
07-10 20:38:46.853  6421  6423 D dalvikvm: GC_CONCURRENT freed 500K, 6% free 9480K/10055K, paused 2ms+3ms
07-10 20:38:46.939  6421  6423 D dalvikvm: GC_CONCURRENT freed 540K, 7% free 9505K/10119K, paused 1ms+2ms
07-10 20:38:47.076  6421  6423 D dalvikvm: GC_CONCURRENT freed 347K, 5% free 9636K/10119K, paused 2ms+2ms
07-10 20:38:47.181  6421  6421 D ContextScopeImpl: in ContextScope.getContextOrDefault for thread=1
07-10 20:38:47.232  6421  6421 D ContextScopeImpl: returning application context for thread=1
07-10 20:38:47.247  6421  6423 D dalvikvm: GC_CONCURRENT freed 413K, 5% free 9759K/10247K, paused 1ms+47ms
07-10 20:38:47.279  6421  6421 I FeatureCheckerImpl: Configured disabled features: []
07-10 20:38:47.283  6421  6421 D ContextScopeImpl: in ContextScope.getContextOrDefault for thread=1
07-10 20:38:47.283  6421  6421 D ContextScopeImpl: returning application context for thread=1
07-10 20:38:47.310  6421  6421 D ContextScopeImpl: in ContextScope.enter for thread=1
07-10 20:38:47.310  6421  6421 W ContextScopeImpl: thread=1 tried to enter the scope of the application context. Ignored.
07-10 20:38:47.310  6421  6421 D ContextScopeImpl: in ContextScope.getContextOrDefault for thread=1
07-10 20:38:47.310  6421  6421 D ContextScopeImpl: returning application context for thread=1
07-10 20:38:47.314  6421  6421 D DocListDatabase: openHelper points on new database: DocList.db
07-10 20:38:47.314  6421  6421 D DocListDatabase: in openWriteDatabase
07-10 20:38:47.337  6421  6421 I ActivityThread: Pub com.google.android.apps.docs.doclist.account_suggest: com.google.android.apps.docs.doclist.DocListAccountSuggestionProvider
07-10 20:38:47.341  6421  6421 D ContextScopeImpl: in ContextScope.enter for thread=1
07-10 20:38:47.345  6421  6421 W ContextScopeImpl: thread=1 tried to enter the scope of the application context. Ignored.
07-10 20:38:47.345  6421  6421 I ActivityThread: Pub com.google.android.apps.docs: com.google.android.apps.docs.providers.DocListProvider
07-10 20:38:47.345  6421  6421 D ContextScopeImpl: in ContextScope.enter for thread=1
07-10 20:38:47.345  6421  6421 W ContextScopeImpl: thread=1 tried to enter the scope of the application context. Ignored.
07-10 20:38:47.357  6421  6421 W ContextScopeImpl: thread=1 tried to enter the scope of the application context. Ignored.
07-10 20:38:47.376  6421  6437 W ContextScopeImpl: thread=2049 tried to enter the scope of the application context. Ignored.
07-10 20:38:47.427  6421  6421 W ContextScopeImpl: thread=1 tried to enter the scope of the application context. Ignored.
07-10 20:38:47.560   144   200 D ConnectivityService: handleInetConditionHoldEnd: net=1, condition=100, published condition=0
07-10 20:38:47.622  6356  6356 I MediaUploader: No need to wake up
07-10 20:38:47.732  6421  6421 W ContextScopeImpl: thread=1 tried to enter the scope of the application context. Ignored.
07-10 20:38:47.790   144   147 D dalvikvm: GC_CONCURRENT freed 1949K, 20% free 17988K/22343K, paused 3ms+7ms
07-10 20:38:47.806  5523  6374 D PicasaSyncManager: active network: NetworkInfo: type: WIFI[], state: CONNECTED/CONNECTED, reason: (unspecified), extra: (none), roaming: false, failover: false, isAvailable: true
07-10 20:38:47.876  5523  6374 D PicasaSyncManager: background data: true
07-10 20:38:47.888   144   323 D dalvikvm: GC_EXPLICIT freed 91K, 20% free 17898K/22343K, paused 3ms+12ms
07-10 20:38:47.947  6356  6356 I MediaUploader: No need to wake up
07-10 20:38:48.021  6421  6421 W ContextScopeImpl: thread=1 tried to enter the scope of the application context. Ignored.
07-10 20:38:48.021  5523  6374 D PicasaSyncManager: active network: NetworkInfo: type: WIFI[], state: CONNECTED/CONNECTED, reason: (unspecified), extra: (none), roaming: false, failover: false, isAvailable: true
07-10 20:38:48.021  5523  6374 D PicasaSyncManager: background data: true
07-10 20:38:49.161  5714  5717 D dalvikvm: GC_CONCURRENT freed 525K, 8% free 11098K/11975K, paused 131ms+3ms
07-10 20:38:49.947   144   400 I ActivityManager: No longer want com.google.android.apps.currents (pid 5679): hidden #16
07-10 20:38:50.259  6375  6377 D dalvikvm: GC_CONCURRENT freed 366K, 5% free 10443K/10887K, paused 82ms+6ms
07-10 20:38:50.396   144   161 I ActivityManager: Start proc com.google.android.talk for broadcast com.google.android.talk/.ConnectionStateOnlineReceiver: pid=6452 uid=10045 gids={3003, 1015, 1006, 3002}
07-10 20:38:50.677  6452  6452 I ActivityThread: Pub com.google.android.talk.SuggestionProvider: com.google.android.talk.SuggestionsProvider
07-10 20:38:50.743  6452  6452 D vclib:CallStateClient: startListening
07-10 20:38:50.814  6452  6455 D dalvikvm: GC_CONCURRENT freed 169K, 3% free 9367K/9607K, paused 15ms+3ms
07-10 20:38:50.892   144   424 I ActivityManager: No longer want com.google.android.apps.maps:NetworkLocationService (pid 5747): hidden #16
07-10 20:38:50.900   144 30930 W ActivityManager: Scheduling restart of crashed service com.google.android.apps.maps/com.google.android.location.internal.server.NetworkLocationService in 5000ms
07-10 20:38:51.829   144   200 D ConnectivityService: ConnectivityChange for mobile: CONNECTED/CONNECTED
07-10 20:38:51.861   144   200 D ConnectivityService: ConnectivityChange for mobile: DISCONNECTED/DISCONNECTED
07-10 20:38:51.861   144   200 D ConnectivityService: Attempting to switch to WIFI
07-10 20:38:51.861   144   200 D ConnectivityService: Attempting to switch to WIMAX
07-10 20:38:51.868   144   200 D NetUtils: android_net_utils_resetConnections in env=0x13390c8 clazz=0x52000001 iface=rmnet0 mask=0x3
07-10 20:38:51.868   144   200 D ConnectivityService: Attempting to switch to BLUETOOTH_TETHER
07-10 20:38:51.868   144   200 D ConnectivityService: resetConnections(rmnet0, 3)
07-10 20:38:52.169  6375  6377 D dalvikvm: GC_CONCURRENT freed 357K, 5% free 10536K/11015K, paused 11ms+2ms
07-10 20:38:52.915  6375  6377 D dalvikvm: GC_CONCURRENT freed 372K, 5% free 10650K/11143K, paused 2ms+3ms
07-10 20:38:52.927  5714  5717 D dalvikvm: GC_CONCURRENT freed 479K, 7% free 11205K/11975K, paused 2ms+6ms
07-10 20:38:54.900   144   204 D Tethering: MasterInitialState.processMessage what=3
07-10 20:38:54.919   144   204 D Tethering: MasterInitialState.processMessage what=3
07-10 20:38:54.951  6356  6356 I MediaUploader: No need to wake up
07-10 20:38:55.021  6421  6421 W ContextScopeImpl: thread=1 tried to enter the scope of the application context. Ignored.
07-10 20:38:55.079  5523  6374 D PicasaSyncManager: active network: NetworkInfo: type: WIFI[], state: CONNECTED/CONNECTED, reason: (unspecified), extra: (none), roaming: false, failover: false, isAvailable: true
07-10 20:38:55.079  5523  6374 D PicasaSyncManager: background data: true
07-10 20:38:55.099  6356  6356 I MediaUploader: No need to wake up
07-10 20:38:55.165  6421  6421 W ContextScopeImpl: thread=1 tried to enter the scope of the application context. Ignored.
07-10 20:38:55.193  5523  6374 D PicasaSyncManager: active network: NetworkInfo: type: WIFI[], state: CONNECTED/CONNECTED, reason: (unspecified), extra: (none), roaming: false, failover: false, isAvailable: true
07-10 20:38:55.193  5523  6374 D PicasaSyncManager: background data: true
07-10 20:38:55.247   144 24503 I ActivityManager: No longer want com.google.android.apps.maps:FriendService (pid 4917): hidden #16
07-10 20:38:55.423   144   200 D ConnectivityService: handleInetConditionHoldEnd: net=1, condition=100, published condition=100
07-10 20:38:55.966   144   161 I ActivityManager: Start proc com.google.android.apps.maps:NetworkLocationService for service com.google.android.apps.maps/com.google.android.location.internal.server.NetworkLocationService: pid=6493 uid=10056 gids={3003, 1015}
07-10 20:38:55.993    79    79 D dalvikvm: GC_EXPLICIT freed 38K, 4% free 9031K/9347K, paused 2ms+11ms
07-10 20:38:56.025    79    79 D dalvikvm: GC_EXPLICIT freed <1K, 4% free 9031K/9347K, paused 2ms+2ms
07-10 20:38:56.052    79    79 D dalvikvm: GC_EXPLICIT freed <1K, 4% free 9031K/9347K, paused 2ms+2ms
07-10 20:38:56.146  6493  6495 D dalvikvm: GC_CONCURRENT freed 176K, 3% free 9359K/9607K, paused 2ms+2ms
07-10 20:38:56.583  6493  6495 D dalvikvm: GC_CONCURRENT freed 147K, 3% free 9652K/9927K, paused 2ms+2ms
07-10 20:38:56.861  6493  6495 D dalvikvm: GC_CONCURRENT freed 161K, 3% free 10014K/10247K, paused 2ms+3ms
07-10 20:38:57.005  6493  6495 D dalvikvm: GC_CONCURRENT freed 160K, 3% free 10395K/10631K, paused 1ms+2ms
07-10 20:38:57.158   144   161 I ActivityManager: Start proc com.google.android.apps.maps:FriendService for broadcast com.google.android.apps.maps/com.google.googlenav.friend.android.ServiceReceiver: pid=6514 uid=10056 gids={3003, 1015}
07-10 20:38:57.286  6514  6517 D dalvikvm: GC_CONCURRENT freed 153K, 3% free 9383K/9607K, paused 1ms+2ms
07-10 20:38:57.439  6514  6517 D dalvikvm: GC_CONCURRENT freed 199K, 3% free 9718K/9991K, paused 2ms+3ms
07-10 20:38:57.521   144 10051 I ActivityManager: No longer want com.android.calendar (pid 4308): hidden #16
07-10 20:38:57.529  6493  6500 I dalvikvm: Total arena pages for JIT: 11
07-10 20:38:57.533  6493  6500 I dalvikvm: Total arena pages for JIT: 12
07-10 20:38:57.536  6493  6500 I dalvikvm: Total arena pages for JIT: 13
07-10 20:38:57.536  6493  6500 I dalvikvm: Total arena pages for JIT: 14
07-10 20:38:57.536  6493  6500 I dalvikvm: Total arena pages for JIT: 15
07-10 20:38:57.536  6493  6500 I dalvikvm: Total arena pages for JIT: 16
07-10 20:38:57.536  6493  6500 I dalvikvm: Total arena pages for JIT: 17
07-10 20:38:57.611 31913 31916 D dalvikvm: GC_CONCURRENT freed 422K, 8% free 10315K/11207K, paused 1ms+2ms
07-10 20:38:57.685  6493  6500 I dalvikvm: Total arena pages for JIT: 18
07-10 20:38:57.783   144   147 D dalvikvm: GC_CONCURRENT freed 1971K, 20% free 17968K/22343K, paused 3ms+7ms
07-10 20:38:57.931  6493  6495 D dalvikvm: GC_CONCURRENT freed 736K, 8% free 10178K/11015K, paused 1ms+2ms
07-10 20:38:58.322  6493  6495 D dalvikvm: GC_CONCURRENT freed 321K, 7% free 10268K/11015K, paused 2ms+2ms
07-10 20:38:58.408  6493  6513 D dalvikvm: GC_FOR_ALLOC freed 144K, 7% free 10259K/11015K, paused 18ms
07-10 20:39:54.314  3119  3133 I PhoneLab-: Service Running
07-10 20:39:54.408  3119  3133 I PhoneLab-LoggerService: app_37    1373  1     1440   1000  c00f181c 400107b4 S logcat
07-10 20:39:54.408  3119  3133 I PhoneLab-LoggerService: Logcat pid from database 1373
07-10 20:39:54.408  3119  3133 I PhoneLab-LoggerService: Logcat process found 1373
07-10 20:39:54.408  3119  3133 I PhoneLab-LoggerService: Checking Threshold
07-10 20:39:59.841  6493  6495 D dalvikvm: GC_CONCURRENT freed 491K, 7% free 10280K/11015K, paused 2ms+3ms
07-10 20:39:59.954 31913 31916 D dalvikvm: GC_CONCURRENT freed 474K, 8% free 10352K/11207K, paused 2ms+3ms
07-10 20:40:34.533  3043  3046 D dalvikvm: GC_CONCURRENT freed 848K, 11% free 11928K/13255K, paused 20ms+3ms
07-10 20:40:40.158  3043  3212 D skia    : --- SkImageDecoder::Factory returned null
07-10 20:40:40.158  3043  3212 D skia    : --- SkImageDecoder::Factory returned null
07-10 20:40:58.634   144  7984 D dalvikvm: GC_EXPLICIT freed 395K, 20% free 17935K/22343K, paused 12ms+7ms
07-10 20:41:00.029  5714  5717 D dalvikvm: GC_CONCURRENT freed 776K, 8% free 11068K/11975K, paused 2ms+47ms
07-10 20:41:00.079 31913 31913 D dalvikvm: GC_EXPLICIT freed 149K, 9% free 10298K/11207K, paused 2ms+3ms
07-10 20:41:00.185 31913 31916 D dalvikvm: GC_CONCURRENT freed 296K, 8% free 10410K/11207K, paused 2ms+3ms
07-10 20:41:00.814 31913 31916 D dalvikvm: GC_CONCURRENT freed 222K, 6% free 10590K/11207K, paused 1ms+2ms
07-10 20:41:06.181   144   198 D DhcpInfoInternal: makeLinkProperties with empty dns2!
07-10 20:41:06.185   144   198 D DhcpInfoInternal: makeLinkProperties with empty dns2!
07-10 20:41:54.310  3119  3133 I PhoneLab-: Service Running
07-10 20:41:54.384  3119  3133 I PhoneLab-LoggerService: app_37    1373  1     1440   1000  c00f181c 400107b4 S logcat
07-10 20:41:54.384  3119  3133 I PhoneLab-LoggerService: Logcat pid from database 1373
07-10 20:41:54.388  3119  3133 I PhoneLab-LoggerService: Logcat process found 1373
07-10 20:41:54.388  3119  3133 I PhoneLab-LoggerService: Checking Threshold
07-10 20:41:58.630  3119  3119 I PhoneLab-Locks: wake lock acquired
07-10 20:41:58.693  3119  6558 I PhoneLab-PeriodicCheckService: User info is synched
07-10 20:41:58.701  3119  6558 I PhoneLab-PeriodicCheckService: Logger Service is running
07-10 20:41:58.704  3119  3119 I PhoneLab-Locks: wake lock acquired
07-10 20:41:58.708  3119  3119 I PhoneLab-StatusMonitor: Status Monitoring is started
07-10 20:41:58.716  3119  6558 I PhoneLab-Locks: wake lock acquired
07-10 20:41:58.720  3119  3119 E PhoneLab-PhoneLabManifest: java.io.FileNotFoundException: /data/data/edu.buffalo.cse.phonelab.phonelabservices/files/manifest.xml: open failed: ENOENT (No such file or directory)
07-10 20:41:58.728  3119  6558 I PhoneLab-PeriodicCheckService: Rescheduling periodic checking...
07-10 20:41:58.728  3119  6558 I PhoneLab-Locks: wake lock released
07-10 20:41:58.740  3119  3119 I PhoneLab-Locks: wake lock released
07-10 20:41:58.740  3119  3119 I PhoneLab-UploadLogs: Transfering log files now
07-10 20:41:58.740  3119  3119 I PhoneLab-UploadLogs: No log files to transfer
07-10 20:41:58.740  3119  3119 I PhoneLab-Locks: wake lock released
07-10 20:41:58.740  3119  3119 I PhoneLab-UploadLogs: OnStartCommand
07-10 20:42:00.040  6493  6495 D dalvikvm: GC_CONCURRENT freed 507K, 7% free 10284K/11015K, paused 2ms+2ms
07-10 20:42:00.165 31913 31916 D dalvikvm: GC_CONCURRENT freed 695K, 8% free 10373K/11207K, paused 1ms+3ms
07-10 20:43:31.068   144   198 D DhcpInfoInternal: makeLinkProperties with empty dns2!
07-10 20:43:31.072   144   198 D DhcpInfoInternal: makeLinkProperties with empty dns2!
07-10 20:43:54.314  3119  3133 I PhoneLab-: Service Running
07-10 20:43:54.419  3119  3122 D dalvikvm: GC_CONCURRENT freed 390K, 18% free 9148K/11079K, paused 2ms+2ms
07-10 20:43:54.423  3119  3133 I PhoneLab-LoggerService: app_37    1373  1     1440   1000  c00f181c 400107b4 S logcat
07-10 20:43:54.423  3119  3133 I PhoneLab-LoggerService: Logcat pid from database 1373
07-10 20:43:54.423  3119  3133 I PhoneLab-LoggerService: Logcat process found 1373
07-10 20:43:54.423  3119  3133 I PhoneLab-LoggerService: Checking Threshold
07-10 20:44:00.173  6493  6495 D dalvikvm: GC_CONCURRENT freed 509K, 7% free 10286K/11015K, paused 1ms+2ms
07-10 20:44:00.236  5714  5725 D dalvikvm: GC_EXPLICIT freed 58K, 8% free 11049K/11975K, paused 2ms+3ms
07-10 20:44:00.318 31913 31916 D dalvikvm: GC_CONCURRENT freed 532K, 8% free 10353K/11207K, paused 2ms+3ms
07-10 20:45:37.658  3043  3046 D dalvikvm: GC_CONCURRENT freed 868K, 10% free 11942K/13255K, paused 13ms+3ms
07-10 20:45:54.314  3119  3133 I PhoneLab-: Service Running
07-10 20:45:54.380  3119  3133 I PhoneLab-LoggerService: app_37    1373  1     1440   1000  c00f181c 400107b4 S logcat
07-10 20:45:54.380  3119  3133 I PhoneLab-LoggerService: Logcat pid from database 1373
07-10 20:45:54.380  3119  3133 I PhoneLab-LoggerService: Logcat process found 1373
07-10 20:45:54.380  3119  3133 I PhoneLab-LoggerService: Checking Threshold
07-10 20:45:55.743   144   198 D DhcpInfoInternal: makeLinkProperties with empty dns2!
07-10 20:45:55.743   144   198 D DhcpInfoInternal: makeLinkProperties with empty dns2!
07-10 20:46:00.197  6493  6495 D dalvikvm: GC_CONCURRENT freed 503K, 7% free 10295K/11015K, paused 1ms+2ms
07-10 20:46:00.302 31913 31916 D dalvikvm: GC_CONCURRENT freed 485K, 8% free 10355K/11207K, paused 6ms+3ms
07-10 20:47:00.310 31913 31916 D dalvikvm: GC_CONCURRENT freed 469K, 8% free 10354K/11207K, paused 2ms+3ms
07-10 20:47:54.314  3119  3133 I PhoneLab-: Service Running
07-10 20:47:54.384  3119  3133 I PhoneLab-LoggerService: app_37    1373  1     1440   1000  c00f181c 400107b4 S logcat
07-10 20:47:54.388  3119  3133 I PhoneLab-LoggerService: Logcat pid from database 1373
07-10 20:47:54.388  3119  3133 I PhoneLab-LoggerService: Logcat process found 1373
07-10 20:47:54.388  3119  3133 I PhoneLab-LoggerService: Checking Threshold
07-10 20:48:00.345  6493  6495 D dalvikvm: GC_CONCURRENT freed 507K, 7% free 10300K/11015K, paused 2ms+3ms
07-10 20:48:20.638   144   198 D DhcpInfoInternal: makeLinkProperties with empty dns2!
07-10 20:48:20.642   144   198 D DhcpInfoInternal: makeLinkProperties with empty dns2!
07-10 20:49:00.451 31913 31916 D dalvikvm: GC_CONCURRENT freed 493K, 8% free 10363K/11207K, paused 2ms+2ms
07-10 20:49:51.685   144   175 I power   : *** set_screen_state 1
07-10 20:49:51.849   144   175 I WindowManager: Lock screen displayed!
07-10 20:49:51.923    78   120 D SurfaceFlinger: Screen about to return, flinger = 0x5b4918
07-10 20:49:53.954   214   214 D PhoneStatusBar: disable: < expand icons alerts ticker system_info BACK HOME recent* CLOCK >
07-10 20:49:53.970   144   161 I ActivityManager: Start proc com.google.android.apps.gesturesearch for broadcast com.google.android.apps.gesturesearch/.motion.ScreenStateReceiver: pid=6637 uid=10088 gids={3003}
07-10 20:49:53.993   144  7984 W InputManagerService: Window already focused, ignoring focus gain of: com.android.internal.view.IInputMethodClient$Stub$Proxy@41706510
07-10 20:49:53.997   214   214 D PhoneStatusBar: disable: < expand icons alerts ticker system_info back* home* recent clock* >
07-10 20:49:54.033  6637  6637 I dalvikvm: Turning on JNI app bug workarounds for target SDK version 8...
07-10 20:49:54.111  6637  6637 I ActivityThread: Pub com.google.android.apps.gesturesearch.history: com.google.android.apps.gesturesearch.data.QueryHistoryProvider
07-10 20:49:54.115  6637  6637 I ActivityThread: Pub com.google.android.apps.gesturesearch.index: com.google.android.apps.gesturesearch.data.IndexProvider
07-10 20:49:54.193   144 24503 I ActivityManager: No longer want com.android.deskclock (pid 5148): hidden #16
07-10 20:49:54.240  6375  6377 D dalvikvm: GC_CONCURRENT freed 345K, 5% free 10745K/11271K, paused 24ms+6ms
07-10 20:49:54.310  3119  3133 I PhoneLab-: Service Running
07-10 20:49:54.439  3119  3133 I PhoneLab-LoggerService: app_37    1373  1     1440   1000  c00f181c 400107b4 S logcat
07-10 20:49:54.439  3119  3133 I PhoneLab-LoggerService: Logcat pid from database 1373
07-10 20:49:54.443  3119  3133 I PhoneLab-LoggerService: Logcat process found 1373
07-10 20:49:54.443  3119  3133 I PhoneLab-LoggerService: Checking Threshold
07-10 20:49:54.712 16301 16303 D dalvikvm: GC_CONCURRENT freed 261K, 5% free 9987K/10503K, paused 2ms+10ms
07-10 20:49:55.033 16301 16303 D dalvikvm: GC_CONCURRENT freed 462K, 6% free 9971K/10567K, paused 2ms+4ms
07-10 20:49:55.501  5714  5717 D dalvikvm: GC_CONCURRENT freed 444K, 7% free 11159K/11975K, paused 2ms+5ms
07-10 20:49:55.607   144   376 D dalvikvm: GC_EXPLICIT freed 1190K, 20% free 18013K/22343K, paused 3ms+9ms
07-10 20:49:55.724   144  7984 I ActivityManager: START {flg=0x14000000 cmp=com.whatsapp/.Conversation bnds=[0,119][480,215] (has extras)} from pid -1
07-10 20:49:55.786   144   403 W KeyguardViewMediator: verifyUnlock called when not externally disabled
07-10 20:49:56.158   370   370 D OpenGLRenderer: Flushing caches (mode 1)
07-10 20:49:56.216   370   370 D OpenGLRenderer: Flushing caches (mode 0)
07-10 20:49:56.290   144   160 I Process : Sending signal. PID: 6032 SIG: 3
07-10 20:49:56.290  6032  6041 I dalvikvm: threadid=3: reacting to signal 3
07-10 20:49:56.486  6032  6041 I dalvikvm: Wrote stack traces to '/data/anr/traces.txt'
07-10 20:49:56.552  6032  6039 D dalvikvm: GC_CONCURRENT freed 241K, 5% free 10052K/10567K, paused 11ms+28ms
07-10 20:49:56.615  6032  6032 D dalvikvm: GC_FOR_ALLOC freed 13K, 5% free 10241K/10695K, paused 20ms
07-10 20:49:56.642  6032  6032 D dalvikvm: GC_FOR_ALLOC freed 3K, 5% free 10445K/10887K, paused 22ms
07-10 20:49:56.677  6032  6032 D skia    : --- SkImageDecoder::Factory returned null
07-10 20:49:56.783   144   160 I Process : Sending signal. PID: 6032 SIG: 3
07-10 20:49:56.783  6032  6041 I dalvikvm: threadid=3: reacting to signal 3
07-10 20:49:56.806  6032  6041 I dalvikvm: Wrote stack traces to '/data/anr/traces.txt'
07-10 20:49:56.868   214   216 D dalvikvm: GC_CONCURRENT freed 531K, 33% free 9916K/14663K, paused 1ms+21ms
07-10 20:49:56.958   214   214 V PhoneStatusBar: setLightsOn(true)
07-10 20:49:57.126  6032  6039 D dalvikvm: GC_CONCURRENT freed 170K, 3% free 10769K/11079K, paused 3ms+4ms
07-10 20:49:57.283   144   160 I Process : Sending signal. PID: 6032 SIG: 3
07-10 20:49:57.283  6032  6041 I dalvikvm: threadid=3: reacting to signal 3
07-10 20:49:57.345  6032  6041 I dalvikvm: Wrote stack traces to '/data/anr/traces.txt'
07-10 20:49:57.439   144   174 I ActivityManager: Displayed com.whatsapp/.Conversation: +1s657ms
07-10 20:50:00.427  6493  6495 D dalvikvm: GC_CONCURRENT freed 505K, 7% free 10306K/11015K, paused 2ms+3ms
07-10 20:50:00.564 31913 31916 D dalvikvm: GC_CONCURRENT freed 430K, 8% free 10344K/11207K, paused 1ms+2ms
07-10 20:50:06.935   320   320 D dalvikvm: GC_FOR_ALLOC freed 241K, 20% free 10014K/12487K, paused 31ms
07-10 20:50:06.939   320   320 I dalvikvm-heap: Grow heap (frag case) to 10.693MB for 885136-byte allocation
07-10 20:50:07.013   214   216 D dalvikvm: GC_CONCURRENT freed 581K, 34% free 9756K/14663K, paused 4ms+3ms
07-10 20:50:07.017   320   324 D dalvikvm: GC_CONCURRENT freed 1K, 13% free 10877K/12487K, paused 2ms+2ms
07-10 20:50:07.208   214   214 D dalvikvm: GC_FOR_ALLOC freed 373K, 34% free 9745K/14663K, paused 17ms
07-10 20:50:07.271   214   216 D dalvikvm: GC_CONCURRENT freed 324K, 33% free 9879K/14663K, paused 2ms+3ms
07-10 20:50:07.372   214   216 D dalvikvm: GC_CONCURRENT freed 518K, 34% free 9789K/14663K, paused 2ms+4ms
07-10 20:50:25.165    81   124 D AudioHardware: AudioStreamOutALSA::setParameters() routing=2
07-10 20:50:25.177    81   124 D AudioHardware: AudioHardware pcm playback is exiting standby.
07-10 20:50:25.177    81   124 D AudioHardware: openPcmOut_l() mPcmOpenCnt: 0
07-10 20:50:28.454   144   180 I InputReader: Reconfiguring input devices.  changes=0x00000004
07-10 20:50:28.454   144   180 I InputReader: Device reconfigured: id=7, name='mxt224_ts_input', surface size is now 480x800, mode is 1
07-10 20:50:28.529    81   124 D AudioHardware: AudioHardware pcm playback is going to standby.
07-10 20:50:28.529    81   124 D AudioHardware: closePcmOut_l() mPcmOpenCnt: 1
07-10 20:50:28.533   144   160 I ActivityManager: Config changed: {0.85 310mcc120mnc en_US layoutdir=0 sw320dp w533dp h294dp nrml long land finger -keyb/v/h -nav/h s.22}
07-10 20:50:28.681   320   324 D dalvikvm: GC_CONCURRENT freed 1282K, 20% free 10104K/12487K, paused 16ms+3ms
07-10 20:50:28.822   214   214 D dalvikvm: GC_FOR_ALLOC freed 270K, 34% free 9747K/14663K, paused 27ms
07-10 20:50:28.939   320   324 D dalvikvm: GC_CONCURRENT freed 335K, 18% free 10259K/12487K, paused 2ms+6ms
07-10 20:50:29.029   320   320 D dalvikvm: GC_FOR_ALLOC freed 281K, 20% free 10105K/12487K, paused 22ms
07-10 20:50:29.029   320   320 I dalvikvm-heap: Grow heap (frag case) to 10.841MB for 947216-byte allocation
07-10 20:50:29.052   320   320 D dalvikvm: GC_FOR_ALLOC freed 3K, 12% free 11027K/12487K, paused 21ms
07-10 20:50:29.118   320   324 D dalvikvm: GC_CONCURRENT freed 1K, 12% free 11027K/12487K, paused 3ms+5ms
07-10 20:50:29.243   320   320 D dalvikvm: GC_FOR_ALLOC freed 937K, 20% free 10102K/12487K, paused 16ms
07-10 20:50:29.243   320   320 I dalvikvm-heap: Grow heap (frag case) to 10.838MB for 947216-byte allocation
07-10 20:50:29.306   320   324 D dalvikvm: GC_CONCURRENT freed <1K, 12% free 11027K/12487K, paused 2ms+8ms
07-10 20:50:31.576   144   174 D dalvikvm: GC_EXPLICIT freed 1301K, 24% free 17152K/22343K, paused 20ms+7ms
07-10 20:50:31.783   214   214 D dalvikvm: GC_FOR_ALLOC freed 337K, 34% free 9740K/14663K, paused 17ms
07-10 20:50:31.810   214   214 D dalvikvm: GC_FOR_ALLOC freed 309K, 34% free 9727K/14663K, paused 17ms
07-10 20:50:31.837   214   214 D dalvikvm: GC_FOR_ALLOC freed 275K, 34% free 9727K/14663K, paused 17ms
07-10 20:50:31.888   214   216 D dalvikvm: GC_CONCURRENT freed 240K, 33% free 9921K/14663K, paused 2ms+3ms
07-10 20:50:31.986   214   216 D dalvikvm: GC_CONCURRENT freed 576K, 34% free 9775K/14663K, paused 2ms+3ms
07-10 20:50:38.220   344   344 D SAN_SERVICE: *******************************************
07-10 20:50:38.220   344   344 D SAN_SERVICE: DM App Phone Service State - 0
07-10 20:50:38.220   344   344 D SAN_SERVICE: *******************************************
07-10 20:50:38.333   344   344 D SAN_SERVICE: *******************************************
07-10 20:50:38.333   344   344 D SAN_SERVICE: DM App Phone Service State - 0
07-10 20:50:38.333   344   344 D SAN_SERVICE: *******************************************
07-10 20:50:41.560  3043  3046 D dalvikvm: GC_CONCURRENT freed 880K, 10% free 11936K/13255K, paused 5ms+4ms
07-10 20:50:45.497   144   198 D DhcpInfoInternal: makeLinkProperties with empty dns2!
07-10 20:50:45.521   144   198 D DhcpInfoInternal: makeLinkProperties with empty dns2!
07-10 20:50:53.576   344   344 D SAN_SERVICE: *******************************************
07-10 20:50:53.576   344   344 D SAN_SERVICE: DM App Phone Service State - 0
07-10 20:50:53.576   344   344 D SAN_SERVICE: *******************************************
07-10 20:50:54.353   344   344 D SAN_SERVICE: *******************************************
07-10 20:50:54.353   344   344 D SAN_SERVICE: DM App Phone Service State - 0
07-10 20:50:54.353   344   344 D SAN_SERVICE: *******************************************
07-10 20:50:55.185   144   180 I InputReader: Reconfiguring input devices.  changes=0x00000004
07-10 20:50:55.185   144   180 I InputReader: Device reconfigured: id=7, name='mxt224_ts_input', surface size is now 480x800, mode is 1
07-10 20:50:55.255   144   160 I ActivityManager: Config changed: {0.85 310mcc120mnc en_US layoutdir=0 sw320dp w320dp h508dp nrml long port finger -keyb/v/h -nav/h s.23}
07-10 20:50:55.380  6032  6039 D dalvikvm: GC_CONCURRENT freed 442K, 6% free 10825K/11399K, paused 2ms+5ms
07-10 20:50:55.622  6171  6174 D dalvikvm: GC_CONCURRENT freed 233K, 5% free 9815K/10247K, paused 75ms+2ms
07-10 20:50:57.173   320   324 D dalvikvm: GC_CONCURRENT freed 1522K, 19% free 10145K/12487K, paused 2ms+2ms
07-10 20:50:57.232   320   320 D dalvikvm: GC_FOR_ALLOC freed 78K, 19% free 10137K/12487K, paused 20ms
07-10 20:50:57.232   320   320 I dalvikvm-heap: Grow heap (frag case) to 10.813MB for 885136-byte allocation
07-10 20:50:57.255   320   320 D dalvikvm: GC_FOR_ALLOC freed <1K, 12% free 11001K/12487K, paused 25ms
07-10 20:50:57.454   214   216 D dalvikvm: GC_CONCURRENT freed 305K, 33% free 9916K/14663K, paused 2ms+3ms
07-10 20:50:57.521   214   216 D dalvikvm: GC_CONCURRENT freed 547K, 33% free 9831K/14663K, paused 2ms+3ms
07-10 20:50:57.724   214   216 D dalvikvm: GC_CONCURRENT freed 316K, 33% free 9917K/14663K, paused 3ms+8ms
07-10 20:50:57.775   144   174 D dalvikvm: GC_EXPLICIT freed 292K, 24% free 17083K/22343K, paused 6ms+7ms
07-10 20:51:03.661   344   344 D SAN_SERVICE: *******************************************
07-10 20:51:03.661   344   344 D SAN_SERVICE: DM App Phone Service State - 0
07-10 20:51:03.661   344   344 D SAN_SERVICE: *******************************************
07-10 20:51:04.439   344   344 D SAN_SERVICE: *******************************************
07-10 20:51:04.439   344   344 D SAN_SERVICE: DM App Phone Service State - 0
07-10 20:51:04.439   344   344 D SAN_SERVICE: *******************************************
07-10 20:51:07.220    81   124 D AudioHardware: AudioHardware pcm playback is exiting standby.
07-10 20:51:07.220    81   124 D AudioHardware: openPcmOut_l() mPcmOpenCnt: 0
07-10 20:51:10.576    81   124 D AudioHardware: AudioHardware pcm playback is going to standby.
07-10 20:51:10.576    81   124 D AudioHardware: closePcmOut_l() mPcmOpenCnt: 1
07-10 20:51:13.908   344   344 D SAN_SERVICE: *******************************************
07-10 20:51:13.908   344   344 D SAN_SERVICE: DM App Phone Service State - 0
07-10 20:51:13.908   344   344 D SAN_SERVICE: *******************************************
07-10 20:51:13.958  6493  6495 D dalvikvm: GC_CONCURRENT freed 400K, 7% free 10290K/11015K, paused 3ms+2ms
07-10 20:51:24.060   344   344 D SAN_SERVICE: *******************************************
07-10 20:51:24.060   344   344 D SAN_SERVICE: DM App Phone Service State - 0
07-10 20:51:24.060   344   344 D SAN_SERVICE: *******************************************
07-10 20:51:34.626   344   344 D SAN_SERVICE: *******************************************
07-10 20:51:34.626   344   344 D SAN_SERVICE: DM App Phone Service State - 0
07-10 20:51:34.626   344   344 D SAN_SERVICE: *******************************************
07-10 20:51:35.126   344   344 D SAN_SERVICE: *******************************************
07-10 20:51:35.126   344   344 D SAN_SERVICE: DM App Phone Service State - 0
07-10 20:51:35.126   344   344 D SAN_SERVICE: *******************************************
07-10 20:51:36.111   144  9303 D AlarmManagerService: Kernel timezone updated to 240 minutes west of GMT
07-10 20:51:36.111   344   344 D SystemClock: Setting time of day to sec=1341967896
07-10 20:51:36.078   144   161 I ActivityManager: Start proc com.android.calendar for broadcast com.android.calendar/.widget.CalendarAppWidgetService$CalendarFactory: pid=6697 uid=10005 gids={3003}
07-10 20:51:36.199  6697  6697 I ActivityThread: Pub com.android.calendar.CalendarRecentSuggestionsProvider: com.android.calendar.CalendarRecentSuggestionsProvider
07-10 20:51:36.254   344   344 D SAN_SERVICE: *******************************************
07-10 20:51:36.254   344   344 D SAN_SERVICE: DM App Phone Service State - 0
07-10 20:51:36.254   344   344 D SAN_SERVICE: *******************************************
07-10 20:51:36.328   144   400 I ActivityManager: Start proc com.android.deskclock for broadcast com.android.deskclock/.AlarmInitReceiver: pid=6713 uid=10011 gids={}
07-10 20:51:36.332   144   400 I ActivityManager: No longer want com.android.providers.calendar (pid 5163): hidden #16
07-10 20:51:36.336   144 10051 I ActivityManager: Kill com.android.calendar (pid 6697): provider com.android.providers.calendar.CalendarProvider2 in dying process com.android.providers.calendar
07-10 20:51:36.363   144  7984 I ActivityManager: Process com.android.calendar (pid 6697) has died.
07-10 20:51:36.383  6713  6713 I ActivityThread: Pub com.android.deskclock: com.android.deskclock.AlarmProvider
07-10 20:51:36.449  6713  6726 V AlarmClock: AlarmInitReceiver finished
07-10 20:51:36.551   144  9084 D dalvikvm: GC_EXPLICIT freed 252K, 24% free 17079K/22343K, paused 3ms+7ms
07-10 20:51:37.109   344   344 D SAN_SERVICE: *******************************************
07-10 20:51:37.113   344   344 D SAN_SERVICE: DM App Phone Service State - 0
07-10 20:51:37.113   344   344 D SAN_SERVICE: *******************************************
07-10 20:51:41.164   144   161 I ActivityManager: Start proc com.android.providers.calendar for broadcast com.android.providers.calendar/.CalendarProviderBroadcastReceiver: pid=6728 uid=10006 gids={3003, 1015}
07-10 20:51:41.203  6728  6728 I ActivityThread: Pub com.android.calendar: com.android.providers.calendar.CalendarProvider2
07-10 20:51:41.289   144  9303 I ActivityManager: No longer want com.google.android.maps.mytracks (pid 6249): hidden #16
07-10 20:51:42.305  6728  6728 I CalendarProvider2: Sending notification intent: Intent { act=android.intent.action.PROVIDER_CHANGED dat=content://com.android.calendar }
07-10 20:51:42.316  6728  6728 W ContentResolver: Failed to get type for: content://com.android.calendar (Unknown URL content://com.android.calendar)
07-10 20:51:42.371   144   161 I ActivityManager: Start proc com.android.calendar for broadcast com.android.calendar/.widget.CalendarAppWidgetService$CalendarFactory: pid=6743 uid=10005 gids={3003}
07-10 20:51:42.406  6743  6743 I ActivityThread: Pub com.android.calendar.CalendarRecentSuggestionsProvider: com.android.calendar.CalendarRecentSuggestionsProvider
07-10 20:51:42.433   144   376 I ActivityManager: No longer want com.google.android.talk (pid 6452): hidden #16
07-10 20:51:43.078  6728  6730 D dalvikvm: GC_CONCURRENT freed 324K, 5% free 9150K/9607K, paused 9ms+3ms
07-10 20:51:54.316  3119  3133 I PhoneLab-: Service Running
07-10 20:51:54.426  3119  3133 I PhoneLab-LoggerService: app_37    1373  1     1440   1000  c00f181c 400107b4 S logcat
07-10 20:51:54.426  3119  3133 I PhoneLab-LoggerService: Logcat pid from database 1373
07-10 20:51:54.426  3119  3133 I PhoneLab-LoggerService: Logcat process found 1373
07-10 20:51:54.426  3119  3133 I PhoneLab-LoggerService: Checking Threshold
07-10 20:52:00.519 31913 31916 D dalvikvm: GC_CONCURRENT freed 496K, 8% free 10359K/11207K, paused 1ms+4ms
07-10 20:52:10.621   344   344 D SAN_SERVICE: *******************************************
07-10 20:52:10.621   344   344 D SAN_SERVICE: DM App Phone Service State - 0
07-10 20:52:10.621   344   344 D SAN_SERVICE: *******************************************
07-10 20:52:30.812   344   344 D SAN_SERVICE: *******************************************
07-10 20:52:30.812   344   344 D SAN_SERVICE: DM App Phone Service State - 0
07-10 20:52:30.812   344   344 D SAN_SERVICE: *******************************************
07-10 20:52:31.066   344   344 D SAN_SERVICE: *******************************************
07-10 20:52:31.066   344   344 D SAN_SERVICE: DM App Phone Service State - 0
07-10 20:52:31.066   344   344 D SAN_SERVICE: *******************************************
07-10 20:52:34.492   144   179 I ActivityManager: START {act=android.intent.action.MAIN cat=[android.intent.category.HOME] flg=0x10200000 cmp=com.android.launcher/com.android.launcher2.Launcher} from pid 144
07-10 20:52:34.738   214   216 D dalvikvm: GC_CONCURRENT freed 418K, 33% free 9892K/14663K, paused 2ms+2ms
07-10 20:52:34.816  6032  6032 W IInputConnectionWrapper: showStatusIcon on inactive InputConnection
07-10 20:52:34.816   144   323 W InputManagerService: Starting input on non-focused client com.android.internal.view.IInputMethodClient$Stub$Proxy@417d85e8 (uid=10068 pid=6032)
07-10 20:52:37.523   144 10051 I ActivityManager: START {act=android.intent.action.MAIN cat=[android.intent.category.LAUNCHER] flg=0x10000000 pkg=com.whatsapp cmp=com.whatsapp/.Main bnds=[360,405][480,555]} from pid 370
07-10 20:52:37.629   144   424 I ActivityManager: START {cmp=com.whatsapp/.Conversations} from pid 6032
07-10 20:52:37.676   370   370 D OpenGLRenderer: Flushing caches (mode 1)
07-10 20:52:37.715  6032  6032 D dalvikvm: GC_FOR_ALLOC freed 309K, 4% free 10957K/11399K, paused 24ms
07-10 20:52:37.750  6032  6032 D dalvikvm: GC_FOR_ALLOC freed 16K, 4% free 11145K/11591K, paused 22ms
07-10 20:52:37.879   144   174 I ActivityManager: Displayed com.whatsapp/.Conversations: +245ms (total +306ms)
07-10 20:52:37.883   214   214 V PhoneStatusBar: setLightsOn(true)
07-10 20:52:37.906   370   370 D OpenGLRenderer: Flushing caches (mode 0)
07-10 20:52:38.906   144   144 I ActivityManager: START {flg=0x14000000 cmp=com.whatsapp/.Conversation (has extras)} from pid 6032
07-10 20:52:39.090  6032  6032 D skia    : --- SkImageDecoder::Factory returned null
07-10 20:52:39.152   214   214 V PhoneStatusBar: setLightsOn(true)
07-10 20:52:39.250  6032  6039 D dalvikvm: GC_CONCURRENT freed 202K, 3% free 11619K/11911K, paused 2ms+8ms
07-10 20:52:39.394   144   174 I ActivityManager: Displayed com.whatsapp/.Conversation: +392ms
07-10 20:52:46.015   144   326 I ActivityManager: START {cmp=com.whatsapp/.Conversations} from pid 6032
07-10 20:52:46.168   214   214 V PhoneStatusBar: setLightsOn(true)
07-10 20:52:46.234   144   174 I ActivityManager: Displayed com.whatsapp/.Conversations: +144ms
07-10 20:52:47.457  6032  6032 W IInputConnectionWrapper: showStatusIcon on inactive InputConnection
07-10 20:52:47.457   144  9084 W InputManagerService: Starting input on non-focused client com.android.internal.view.IInputMethodClient$Stub$Proxy@417d85e8 (uid=10068 pid=6032)
07-10 20:52:47.527   144   160 I ActivityManager: No longer want android.process.media (pid 6338): hidden #16
07-10 20:52:52.273   144   326 I ActivityManager: START {act=android.intent.action.MAIN cat=[android.intent.category.LAUNCHER] flg=0x10000000 pkg=com.twitter.android cmp=com.twitter.android/.StartActivity bnds=[120,254][240,404]} from pid 370
07-10 20:52:52.449   370   370 D OpenGLRenderer: Flushing caches (mode 1)
07-10 20:52:52.480  3043  3043 D dalvikvm: GC_FOR_ALLOC freed 230K, 10% free 11961K/13255K, paused 41ms
07-10 20:52:52.488  3043  3043 I dalvikvm-heap: Grow heap (frag case) to 14.294MB for 2668016-byte allocation
07-10 20:52:52.492   370   370 D OpenGLRenderer: Flushing caches (mode 0)
07-10 20:52:52.578  3043  3046 D dalvikvm: GC_CONCURRENT freed 43K, 9% free 14523K/15879K, paused 2ms+5ms
07-10 20:52:52.660  3043  3043 D dalvikvm: GC_FOR_ALLOC freed <1K, 9% free 14523K/15879K, paused 39ms
07-10 20:52:52.680  3043  3043 I dalvikvm-heap: Grow heap (frag case) to 19.980MB for 6006016-byte allocation
07-10 20:52:52.730  3043  3046 D dalvikvm: GC_CONCURRENT freed 0K, 7% free 20388K/21767K, paused 1ms+3ms
07-10 20:52:52.855   144   160 I Process : Sending signal. PID: 3043 SIG: 3
07-10 20:52:52.855  3043  3048 I dalvikvm: threadid=3: reacting to signal 3
07-10 20:52:52.875  3043  3048 I dalvikvm: Wrote stack traces to '/data/anr/traces.txt'
07-10 20:52:52.887   144   323 I ActivityManager: START {flg=0x4000000 cmp=com.twitter.android/.HomeTabActivity} from pid 3043
07-10 20:52:53.105   214   214 V PhoneStatusBar: setLightsOn(true)
07-10 20:52:53.262  3043  3043 D libEGL  : loaded /system/lib/egl/libGLES_android.so
07-10 20:52:53.265  3043  3043 D libEGL  : loaded /vendor/lib/egl/libEGL_POWERVR_SGX540_120.so
07-10 20:52:53.305  3043  3043 D libEGL  : loaded /vendor/lib/egl/libGLESv1_CM_POWERVR_SGX540_120.so
07-10 20:52:53.305  3043  3043 D libEGL  : loaded /vendor/lib/egl/libGLESv2_POWERVR_SGX540_120.so
07-10 20:52:53.410   144   160 I Process : Sending signal. PID: 3043 SIG: 3
07-10 20:52:53.410  3043  3048 I dalvikvm: threadid=3: reacting to signal 3
07-10 20:52:53.465  3043  3048 I dalvikvm: Wrote stack traces to '/data/anr/traces.txt'
07-10 20:52:53.469  3043  3043 D OpenGLRenderer: Enabling debug mode 0
07-10 20:52:53.629  3043  3043 D dalvikvm: GC_EXPLICIT freed 3056K, 16% free 18623K/21959K, paused 3ms+9ms
07-10 20:52:53.644  5714  5959 D androidNetworkLocationListeners: Still have listener com.google.android.location.internal.client.NetworkLocationClient$1@413bbf28
07-10 20:52:53.656  5714  5959 D androidNetworkLocationListeners: Still have listener com.google.android.location.internal.client.NetworkLocationClient$1@413bbf28
07-10 20:52:53.902   144   160 I Process : Sending signal. PID: 3043 SIG: 3
07-10 20:52:53.902  3043  3048 I dalvikvm: threadid=3: reacting to signal 3
07-10 20:52:53.906   214   214 D dalvikvm: GC_FOR_ALLOC freed 518K, 34% free 9755K/14663K, paused 41ms
07-10 20:52:53.969  3043  3048 I dalvikvm: Wrote stack traces to '/data/anr/traces.txt'
07-10 20:52:53.992   214   216 D dalvikvm: GC_CONCURRENT freed 335K, 33% free 9874K/14663K, paused 2ms+5ms
07-10 20:52:54.168   214   216 D dalvikvm: GC_CONCURRENT freed 396K, 33% free 9923K/14663K, paused 4ms+6ms
07-10 20:52:54.316   144   174 I ActivityManager: Displayed com.twitter.android/.HomeTabActivity: +1s417ms (total +1s963ms)
07-10 20:52:54.879   144 24503 D AlarmManagerService: Kernel timezone updated to 240 minutes west of GMT
07-10 20:52:55.172  5714  6034 D CellLocator: Primary cell miss in cache. Need server request.
07-10 20:52:55.172  5714  6034 D NetworkLocator: New location significantly newer than previous. Reporting it.
07-10 20:52:55.238  5714  5976 I System.out: [INFO:105800095]: LogSource: Running flush
07-10 20:52:55.246  5714  5981 I System.out: [INFO:105800105]: LogSource: Sending payload [bytes=669]
07-10 20:52:55.324  5714  5717 D dalvikvm: GC_CONCURRENT freed 682K, 8% free 11079K/11975K, paused 6ms+4ms
07-10 20:52:55.375  5714  5959 D androidNetworkLocationListeners: Still have listener com.google.android.location.internal.client.NetworkLocationClient$1@413bbf28
07-10 20:52:55.629   214   214 D dalvikvm: GC_FOR_ALLOC freed 533K, 34% free 9741K/14663K, paused 17ms
07-10 20:52:55.683   214   216 D dalvikvm: GC_CONCURRENT freed 304K, 33% free 9872K/14663K, paused 2ms+3ms
07-10 20:52:55.781   214   216 D dalvikvm: GC_CONCURRENT freed 533K, 34% free 9752K/14663K, paused 2ms+3ms
07-10 20:52:56.246  5714  5981 I System.out: [INFO:105801101]: LogSource: Response [http=200,length=331]
07-10 20:52:56.269  5714  5976 I System.out: [INFO:105801126]: LogSource: Read id 18, status code 200
07-10 20:52:56.305  5714  6034 D WifiLocator: Too many no-location APs. Will not compute a location nor go to the server. hasLocation=0 noLocation=0 cacheMiss=0
07-10 20:52:59.238  6493  6495 D dalvikvm: GC_CONCURRENT freed 499K, 7% free 10303K/11015K, paused 2ms+3ms
07-10 20:53:00.496  3043  3046 D dalvikvm: GC_CONCURRENT freed 1414K, 13% free 19163K/21959K, paused 20ms+6ms
07-10 20:53:10.109   144   198 D DhcpInfoInternal: makeLinkProperties with empty dns2!
07-10 20:53:10.109   144   198 D DhcpInfoInternal: makeLinkProperties with empty dns2!
07-10 20:53:14.035  3043  3043 W IInputConnectionWrapper: showStatusIcon on inactive InputConnection
07-10 20:53:16.644   344   344 D SAN_SERVICE: *******************************************
07-10 20:53:16.644   344   344 D SAN_SERVICE: DM App Phone Service State - 0
07-10 20:53:16.644   344   344 D SAN_SERVICE: *******************************************
07-10 20:53:16.930   144  9303 W InputManagerService: Starting input on non-focused client com.android.internal.view.IInputMethodClient$Stub$Proxy@418f0770 (uid=10064 pid=3043)
07-10 20:53:16.969   320   324 D dalvikvm: GC_CONCURRENT freed 1432K, 19% free 10154K/12487K, paused 2ms+5ms
07-10 20:53:16.988  3043  3043 D OpenGLRenderer: Flushing caches (mode 0)
07-10 20:53:17.019  3043  3043 D OpenGLRenderer: Flushing caches (mode 1)
07-10 20:53:17.402   344   344 D SAN_SERVICE: *******************************************
07-10 20:53:17.402   344   344 D SAN_SERVICE: DM App Phone Service State - 0
07-10 20:53:17.402   344   344 D SAN_SERVICE: *******************************************
07-10 20:53:22.082   344   344 D SAN_SERVICE: *******************************************
07-10 20:53:22.082   344   344 D SAN_SERVICE: DM App Phone Service State - 0
07-10 20:53:22.082   344   344 D SAN_SERVICE: *******************************************
07-10 20:53:23.234   370   375 D dalvikvm: GC_CONCURRENT freed 802K, 32% free 12166K/17735K, paused 21ms+8ms
07-10 20:53:23.308   144 10051 I ActivityManager: START {act=android.intent.action.MAIN cat=[android.intent.category.LAUNCHER] flg=0x10000000 pkg=com.twitter.android cmp=com.twitter.android/.StartActivity bnds=[120,254][240,404]} from pid 370
07-10 20:53:23.547  3043  3043 D dalvikvm: GC_FOR_ALLOC freed 7138K, 42% free 12926K/21959K, paused 92ms
07-10 20:53:23.555  3043  3043 I dalvikvm-heap: Grow heap (frag case) to 15.238MB for 2668016-byte allocation
07-10 20:53:23.578   144   147 D dalvikvm: GC_CONCURRENT freed 1859K, 23% free 17236K/22343K, paused 3ms+23ms
07-10 20:53:23.652  3043  3052 D dalvikvm: GC_FOR_ALLOC freed 82K, 30% free 15449K/21959K, paused 79ms
07-10 20:53:23.656   370   370 D OpenGLRenderer: Flushing caches (mode 1)
07-10 20:53:23.742  3043  3046 D dalvikvm: GC_CONCURRENT freed 1K, 30% free 15448K/21959K, paused 2ms+6ms
07-10 20:53:23.812  3043  3043 D dalvikvm: GC_FOR_ALLOC freed 3K, 30% free 15444K/21959K, paused 41ms
07-10 20:53:23.828  3043  3043 I dalvikvm-heap: Grow heap (frag case) to 20.880MB for 6006016-byte allocation
07-10 20:53:23.828   370   370 D OpenGLRenderer: Flushing caches (mode 0)
07-10 20:53:23.883   144   160 I Process : Sending signal. PID: 3043 SIG: 3
07-10 20:53:23.883  3043  3048 I dalvikvm: threadid=3: reacting to signal 3
07-10 20:53:23.883  3043  3046 D dalvikvm: GC_CONCURRENT freed 0K, 24% free 21310K/27847K, paused 3ms+6ms
07-10 20:53:23.918  3043  3048 I dalvikvm: Wrote stack traces to '/data/anr/traces.txt'
07-10 20:53:24.039   144 24503 I ActivityManager: START {flg=0x4000000 cmp=com.twitter.android/.HomeTabActivity} from pid 3043
07-10 20:53:24.148   214   214 V PhoneStatusBar: setLightsOn(true)
07-10 20:53:24.203   144   174 I ActivityManager: Displayed com.twitter.android/.HomeTabActivity: +159ms (total +824ms)
07-10 20:53:28.926   144   424 W InputManagerService: Starting input on non-focused client com.android.internal.view.IInputMethodClient$Stub$Proxy@418f0770 (uid=10064 pid=3043)
07-10 20:53:28.961  3043  3043 D OpenGLRenderer: Flushing caches (mode 0)
07-10 20:53:28.996  3043  3043 D OpenGLRenderer: Flushing caches (mode 1)
07-10 20:53:35.597   144 10051 I ActivityManager: START {act=android.intent.action.MAIN cat=[android.intent.category.LAUNCHER] flg=0x10000000 pkg=com.whatsapp cmp=com.whatsapp/.Main bnds=[360,405][480,555]} from pid 370
07-10 20:53:35.715   144   155 I ActivityManager: START {cmp=com.whatsapp/.Conversations} from pid 6032
07-10 20:53:35.789   214   214 V PhoneStatusBar: setLightsOn(true)
07-10 20:53:35.801   370   370 D OpenGLRenderer: Flushing caches (mode 1)
07-10 20:53:35.863   144   174 I ActivityManager: Displayed com.whatsapp/.Conversations: +144ms (total +186ms)
07-10 20:53:35.879   370   370 D OpenGLRenderer: Flushing caches (mode 0)
07-10 20:53:37.031   144   180 I InputReader: Reconfiguring input devices.  changes=0x00000004
07-10 20:53:37.031   144   180 I InputReader: Device reconfigured: id=7, name='mxt224_ts_input', surface size is now 480x800, mode is 1
07-10 20:53:37.070   144   160 I ActivityManager: Config changed: {0.85 310mcc120mnc en_US layoutdir=0 sw320dp w533dp h294dp nrml long land finger -keyb/v/h -nav/h s.24}
07-10 20:53:37.156   320   324 D dalvikvm: GC_CONCURRENT freed 415K, 19% free 10176K/12487K, paused 1ms+3ms
07-10 20:53:39.504   144   174 D dalvikvm: GC_EXPLICIT freed 710K, 24% free 17101K/22343K, paused 30ms+8ms
07-10 20:53:44.222   344   344 D SAN_SERVICE: *******************************************
07-10 20:53:44.222   344   344 D SAN_SERVICE: DM App Phone Service State - 0
07-10 20:53:44.222   344   344 D SAN_SERVICE: *******************************************
07-10 20:53:44.265   344   344 D SAN_SERVICE: *******************************************
07-10 20:53:44.265   344   344 D SAN_SERVICE: DM App Phone Service State - 0
07-10 20:53:44.269   344   344 D SAN_SERVICE: *******************************************
07-10 20:53:44.570   344   344 D SAN_SERVICE: *******************************************
07-10 20:53:44.570   344   344 D SAN_SERVICE: DM App Phone Service State - 0
07-10 20:53:44.570   344   344 D SAN_SERVICE: *******************************************
07-10 20:53:54.336  3119  3133 I PhoneLab-: Service Running
07-10 20:53:54.476  3119  3133 I PhoneLab-LoggerService: app_37    1373  1     1440   1000  c00f181c 400107b4 S logcat
07-10 20:53:54.476  3119  3133 I PhoneLab-LoggerService: Logcat pid from database 1373
07-10 20:53:54.476  3119  3133 I PhoneLab-LoggerService: Logcat process found 1373
07-10 20:53:54.476  3119  3133 I PhoneLab-LoggerService: Checking Threshold
07-10 20:53:54.894  3043  3046 D dalvikvm: GC_CONCURRENT freed 3860K, 31% free 19464K/27847K, paused 2ms+13ms
07-10 20:53:55.379  3043  6809 D dalvikvm: GC_FOR_ALLOC freed 6827K, 49% free 14382K/27847K, paused 42ms
07-10 20:53:55.875  3043  3046 D dalvikvm: GC_CONCURRENT freed 833K, 46% free 15226K/27847K, paused 2ms+5ms
07-10 20:53:56.586  3043  3046 D dalvikvm: GC_CONCURRENT freed 2114K, 46% free 15046K/27847K, paused 2ms+5ms
07-10 20:53:57.144  3043  3046 D dalvikvm: GC_CONCURRENT freed 1928K, 47% free 15011K/27847K, paused 3ms+4ms
07-10 20:53:58.074  3043  3046 D dalvikvm: GC_CONCURRENT freed 1697K, 46% free 15185K/27847K, paused 3ms+8ms
07-10 20:54:00.547 31913 31916 D dalvikvm: GC_CONCURRENT freed 521K, 8% free 10350K/11207K, paused 2ms+3ms
07-10 20:54:01.367  3043  3046 D dalvikvm: GC_CONCURRENT freed 3774K, 53% free 13347K/27847K, paused 2ms+4ms
07-10 20:54:03.004  3043  3046 D dalvikvm: GC_CONCURRENT freed 982K, 51% free 13684K/27847K, paused 2ms+4ms
07-10 20:54:07.746   144 30930 I ActivityManager: START {flg=0x14000000 cmp=com.whatsapp/.Conversation (has extras)} from pid 6032
07-10 20:54:07.887  6032  6032 D skia    : --- SkImageDecoder::Factory returned null
07-10 20:54:07.965   214   214 V PhoneStatusBar: setLightsOn(true)
07-10 20:54:08.004  6032  6039 D dalvikvm: GC_CONCURRENT freed 673K, 7% free 11795K/12551K, paused 8ms+8ms
07-10 20:54:08.121   144   174 I ActivityManager: Displayed com.whatsapp/.Conversation: +304ms
07-10 20:54:18.305   344   344 D SAN_SERVICE: *******************************************
07-10 20:54:18.305   344   344 D SAN_SERVICE: DM App Phone Service State - 0
07-10 20:54:18.308   344   344 D SAN_SERVICE: *******************************************
07-10 20:54:18.597   344   344 D SAN_SERVICE: *******************************************
07-10 20:54:18.597   344   344 D SAN_SERVICE: DM App Phone Service State - 0
07-10 20:54:18.597   344   344 D SAN_SERVICE: *******************************************
07-10 20:54:28.340   344   344 D SAN_SERVICE: *******************************************
07-10 20:54:28.340   344   344 D SAN_SERVICE: DM App Phone Service State - 0
07-10 20:54:28.340   344   344 D SAN_SERVICE: *******************************************
07-10 20:54:28.398   344   347 D dalvikvm: GC_CONCURRENT freed 878K, 14% free 12156K/14087K, paused 17ms+3ms
07-10 20:54:28.625   144 24503 D dalvikvm: GC_EXPLICIT freed 405K, 24% free 17080K/22343K, paused 31ms+6ms
07-10 20:54:28.668   344   344 D SAN_SERVICE: *******************************************
07-10 20:54:28.668   344   344 D SAN_SERVICE: DM App Phone Service State - 0
07-10 20:54:28.668   344   344 D SAN_SERVICE: *******************************************
07-10 20:54:29.097   344   344 D SAN_SERVICE: *******************************************
07-10 20:54:29.097   344   344 D SAN_SERVICE: DM App Phone Service State - 0
07-10 20:54:29.097   344   344 D SAN_SERVICE: *******************************************
07-10 20:54:43.953   344   344 D SAN_SERVICE: *******************************************
07-10 20:54:43.953   344   344 D SAN_SERVICE: DM App Phone Service State - 0
07-10 20:54:43.953   344   344 D SAN_SERVICE: *******************************************
07-10 20:54:44.230   344   344 D SAN_SERVICE: *******************************************
07-10 20:54:44.230   344   344 D SAN_SERVICE: DM App Phone Service State - 0
07-10 20:54:44.230   344   344 D SAN_SERVICE: *******************************************
07-10 20:54:59.222   344   344 D SAN_SERVICE: *******************************************
07-10 20:54:59.222   344   344 D SAN_SERVICE: DM App Phone Service State - 0
07-10 20:54:59.222   344   344 D SAN_SERVICE: *******************************************
07-10 20:54:59.805   344   344 D SAN_SERVICE: *******************************************
07-10 20:54:59.805   344   344 D SAN_SERVICE: DM App Phone Service State - 0
07-10 20:54:59.808   344   344 D SAN_SERVICE: *******************************************
07-10 20:55:00.523  6493  6495 D dalvikvm: GC_CONCURRENT freed 508K, 7% free 10306K/11015K, paused 2ms+4ms
07-10 20:55:00.668 31913 31916 D dalvikvm: GC_CONCURRENT freed 468K, 8% free 10358K/11207K, paused 2ms+2ms
07-10 20:55:04.410   344   344 D SAN_SERVICE: *******************************************
07-10 20:55:04.410   344   344 D SAN_SERVICE: DM App Phone Service State - 0
07-10 20:55:04.410   344   344 D SAN_SERVICE: *******************************************
07-10 20:55:09.371   344   344 D SAN_SERVICE: *******************************************
07-10 20:55:09.371   344   344 D SAN_SERVICE: DM App Phone Service State - 0
07-10 20:55:09.371   344   344 D SAN_SERVICE: *******************************************
07-10 20:55:09.637   344   344 D SAN_SERVICE: *******************************************
07-10 20:55:09.637   344   344 D SAN_SERVICE: DM App Phone Service State - 0
07-10 20:55:09.637   344   344 D SAN_SERVICE: *******************************************
07-10 20:55:09.863   344   344 D SAN_SERVICE: *******************************************
07-10 20:55:09.863   344   344 D SAN_SERVICE: DM App Phone Service State - 0
07-10 20:55:09.863   344   344 D SAN_SERVICE: *******************************************
07-10 20:55:34.988   144   198 D DhcpInfoInternal: makeLinkProperties with empty dns2!
07-10 20:55:34.992   144   198 D DhcpInfoInternal: makeLinkProperties with empty dns2!
07-10 20:55:35.203   344   344 D SAN_SERVICE: *******************************************
07-10 20:55:35.203   344   344 D SAN_SERVICE: DM App Phone Service State - 0
07-10 20:55:35.203   344   344 D SAN_SERVICE: *******************************************
07-10 20:55:35.519   344   344 D SAN_SERVICE: *******************************************
07-10 20:55:35.519   344   344 D SAN_SERVICE: DM App Phone Service State - 0
07-10 20:55:35.519   344   344 D SAN_SERVICE: *******************************************
07-10 20:55:43.930   144   168 I ActivityManager: Start proc com.google.android.apps.currents for service com.google.android.apps.currents/com.google.apps.dots.android.app.service.SyncService: pid=6837 uid=10078 gids={3003, 1015}
07-10 20:55:44.242  6837  6837 I ActivityThread: Pub com.google.apps.dots.android.app.provider.SuggestionProvider: com.google.apps.dots.android.app.provider.SuggestionProvider
07-10 20:55:44.246  6837  6837 I ActivityThread: Pub com.google.android.apps.currents.exported: com.google.apps.dots.android.app.provider.ExportedContentProvider
07-10 20:55:44.316  6837  6840 D dalvikvm: GC_CONCURRENT freed 172K, 3% free 9364K/9607K, paused 3ms+2ms
07-10 20:55:44.383  6837  6840 D dalvikvm: GC_CONCURRENT freed 263K, 5% free 9586K/9991K, paused 2ms+3ms
07-10 20:55:44.496  6837  6840 D dalvikvm: GC_CONCURRENT freed 233K, 4% free 9821K/10183K, paused 2ms+3ms
07-10 20:55:44.640  6837  6840 D dalvikvm: GC_CONCURRENT freed 236K, 4% free 10099K/10439K, paused 2ms+3ms
07-10 20:55:44.680  6837  6837 I DotsContentUris: content://com.google.android.apps.currents
07-10 20:55:44.703  6837  6837 I ActivityThread: Pub com.google.android.apps.currents: com.google.apps.dots.android.app.provider.DotsContentProvider
07-10 20:55:44.715  6837  6837 I DotsApplication: Starting up...
07-10 20:55:44.984  6837  6840 D dalvikvm: GC_CONCURRENT freed 402K, 5% free 10157K/10631K, paused 3ms+1ms
07-10 20:55:45.070   344   344 D SAN_SERVICE: *******************************************
07-10 20:55:45.070   344   344 D SAN_SERVICE: DM App Phone Service State - 0
07-10 20:55:45.070   344   344 D SAN_SERVICE: *******************************************
07-10 20:55:45.195  6837  6840 D dalvikvm: GC_CONCURRENT freed 312K, 5% free 10326K/10759K, paused 3ms+3ms
07-10 20:55:45.230  6837  6857 I SyncService: Starting sync (20:55:45)
07-10 20:55:45.621   344   344 D SAN_SERVICE: *******************************************
07-10 20:55:45.621   344   344 D SAN_SERVICE: DM App Phone Service State - 0
07-10 20:55:45.621   344   344 D SAN_SERVICE: *******************************************
07-10 20:55:47.922  6837  6840 D dalvikvm: GC_CONCURRENT freed 282K, 4% free 10473K/10887K, paused 2ms+37ms
07-10 20:55:48.156  6837  6840 D dalvikvm: GC_CONCURRENT freed 187K, 3% free 10703K/11015K, paused 2ms+3ms
07-10 20:55:48.281  6837  6840 D dalvikvm: GC_CONCURRENT freed 445K, 6% free 10748K/11335K, paused 2ms+2ms
07-10 20:55:48.558  6837  6840 D dalvikvm: GC_CONCURRENT freed 509K, 6% free 10693K/11335K, paused 2ms+3ms
07-10 20:55:49.359   144   403 D SyncManager: setSyncAutomatically: , provider com.google.android.apps.currents -> true
07-10 20:55:49.359   144   403 D SyncManager: setSyncAutomatically: already set to true, doing nothing
07-10 20:55:49.574  6837  6840 D dalvikvm: GC_CONCURRENT freed 321K, 5% free 10802K/11335K, paused 2ms+2ms
07-10 20:55:49.750  6837  6840 D dalvikvm: GC_CONCURRENT freed 257K, 4% free 11082K/11463K, paused 3ms+3ms
07-10 20:55:49.957  6837  6840 D dalvikvm: GC_CONCURRENT freed 246K, 4% free 11406K/11783K, paused 2ms+3ms
07-10 20:55:50.297   144 10051 D dalvikvm: GC_EXPLICIT freed 478K, 24% free 17101K/22343K, paused 4ms+7ms
07-10 20:55:50.367  6837  6840 D dalvikvm: GC_CONCURRENT freed 994K, 10% free 11112K/12231K, paused 3ms+4ms
07-10 20:55:50.832  6837  6840 D dalvikvm: GC_CONCURRENT freed 373K, 8% free 11309K/12231K, paused 2ms+4ms
07-10 20:55:51.246  6837  6840 D dalvikvm: GC_CONCURRENT freed 589K, 8% free 11354K/12231K, paused 2ms+2ms
07-10 20:55:51.945  6837  6840 D dalvikvm: GC_CONCURRENT freed 633K, 7% free 11376K/12231K, paused 3ms+3ms
07-10 20:55:52.117  6837  6840 D dalvikvm: GC_CONCURRENT freed 638K, 7% free 11396K/12231K, paused 2ms+2ms
07-10 20:55:52.547  6837  6840 D dalvikvm: GC_CONCURRENT freed 680K, 7% free 11417K/12231K, paused 2ms+3ms
07-10 20:55:53.430  6837  6840 D dalvikvm: GC_CONCURRENT freed 736K, 8% free 11370K/12231K, paused 2ms+3ms
07-10 20:55:54.285  6837  6840 D dalvikvm: GC_CONCURRENT freed 656K, 8% free 11371K/12231K, paused 2ms+2ms
07-10 20:55:54.312  3119  3133 I PhoneLab-: Service Running
07-10 20:55:54.359  3119  3133 I PhoneLab-LoggerService: app_37    1373  1     1440   1000  c00f181c 400107b4 S logcat
07-10 20:55:54.359  3119  3133 I PhoneLab-LoggerService: Logcat pid from database 1373
07-10 20:55:54.359  3119  3133 I PhoneLab-LoggerService: Logcat process found 1373
07-10 20:55:54.359  3119  3133 I PhoneLab-LoggerService: Checking Threshold
07-10 20:55:54.933  6837  6840 D dalvikvm: GC_CONCURRENT freed 633K, 7% free 11398K/12231K, paused 2ms+3ms
07-10 20:55:55.121  6837  6840 D dalvikvm: GC_CONCURRENT freed 677K, 7% free 11422K/12231K, paused 2ms+3ms
07-10 20:55:56.305  6837  6840 D dalvikvm: GC_CONCURRENT freed 688K, 7% free 11410K/12231K, paused 3ms+2ms
07-10 20:55:56.957  6837  6840 D dalvikvm: GC_CONCURRENT freed 680K, 7% free 11423K/12231K, paused 3ms+3ms
07-10 20:55:57.742  6837  6840 D dalvikvm: GC_CONCURRENT freed 674K, 8% free 11427K/12295K, paused 3ms+3ms
07-10 20:55:57.890  6837  6840 D dalvikvm: GC_CONCURRENT freed 724K, 7% free 11439K/12295K, paused 2ms+3ms
07-10 20:55:58.523  6837  6840 D dalvikvm: GC_CONCURRENT freed 736K, 8% free 11425K/12359K, paused 4ms+3ms
07-10 20:55:59.058  6837  6840 D dalvikvm: GC_CONCURRENT freed 647K, 8% free 11451K/12359K, paused 2ms+2ms
07-10 20:55:59.254  6837  6840 D dalvikvm: GC_CONCURRENT freed 660K, 8% free 11474K/12359K, paused 2ms+3ms
07-10 20:56:00.941  6837  6840 D dalvikvm: GC_CONCURRENT freed 767K, 8% free 11463K/12359K, paused 2ms+3ms
07-10 20:56:01.277  6837  6840 D dalvikvm: GC_CONCURRENT freed 673K, 8% free 11476K/12359K, paused 2ms+6ms
07-10 20:56:02.113  6837  6840 D dalvikvm: GC_CONCURRENT freed 743K, 8% free 11483K/12359K, paused 1ms+2ms
07-10 20:56:02.476  6837  6840 D dalvikvm: GC_CONCURRENT freed 709K, 7% free 11521K/12359K, paused 2ms+2ms
07-10 20:56:04.515  6837  6840 D dalvikvm: GC_CONCURRENT freed 793K, 8% free 11498K/12423K, paused 2ms+2ms
07-10 20:56:04.676  6837  6840 D dalvikvm: GC_CONCURRENT freed 657K, 8% free 11538K/12423K, paused 3ms+3ms
07-10 20:56:04.918  6837  6840 D dalvikvm: GC_CONCURRENT freed 678K, 7% free 11612K/12423K, paused 2ms+3ms
07-10 20:56:05.055   144 10051 D dalvikvm: GC_EXPLICIT freed 548K, 24% free 17120K/22343K, paused 3ms+8ms
07-10 20:56:09.086  6837  6840 D dalvikvm: GC_CONCURRENT freed 806K, 8% free 11548K/12487K, paused 2ms+3ms
07-10 20:56:09.156  6837  6860 D dalvikvm: GC_FOR_ALLOC freed 303K, 8% free 11533K/12487K, paused 26ms
07-10 20:56:09.222  6837  6860 D dalvikvm: GC_FOR_ALLOC freed 263K, 8% free 11517K/12487K, paused 26ms
07-10 20:56:09.594  6837  6860 D dalvikvm: GC_EXPLICIT freed 225K, 9% free 11441K/12487K, paused 6ms+3ms
07-10 20:56:09.742  6837  6840 D dalvikvm: GC_CONCURRENT freed 594K, 8% free 11525K/12487K, paused 2ms+3ms
07-10 20:56:10.219  6837  6860 D dalvikvm: GC_FOR_ALLOC freed 346K, 8% free 11492K/12487K, paused 26ms
07-10 20:56:10.590  6837  6840 D dalvikvm: GC_CONCURRENT freed 640K, 8% free 11561K/12487K, paused 2ms+2ms
07-10 20:56:10.691  6837  6860 D dalvikvm: GC_FOR_ALLOC freed 519K, 8% free 11554K/12487K, paused 31ms
07-10 20:56:10.769   344   344 D SAN_SERVICE: *******************************************
07-10 20:56:10.769   344   344 D SAN_SERVICE: DM App Phone Service State - 0
07-10 20:56:10.769   344   344 D SAN_SERVICE: *******************************************
07-10 20:56:11.055   344   344 D SAN_SERVICE: *******************************************
07-10 20:56:11.055   344   344 D SAN_SERVICE: DM App Phone Service State - 0
07-10 20:56:11.055   344   344 D SAN_SERVICE: *******************************************
07-10 20:56:12.140  6837  6840 D dalvikvm: GC_CONCURRENT freed 849K, 9% free 11425K/12487K, paused 4ms+3ms
07-10 20:56:12.379  6837  6840 D dalvikvm: GC_CONCURRENT freed 681K, 9% free 11419K/12487K, paused 2ms+3ms
07-10 20:56:12.738  6837  6840 D dalvikvm: GC_CONCURRENT freed 596K, 8% free 11502K/12487K, paused 7ms+3ms
07-10 20:56:12.871  6837  6840 D dalvikvm: GC_CONCURRENT freed 524K, 7% free 11689K/12487K, paused 3ms+4ms
07-10 20:56:13.027  6837  6840 D dalvikvm: GC_CONCURRENT freed 641K, 7% free 11840K/12615K, paused 3ms+3ms
07-10 20:56:13.187  6837  6840 D dalvikvm: GC_CONCURRENT freed 1121K, 10% free 11550K/12807K, paused 3ms+3ms
07-10 20:56:13.316  6837  6840 D dalvikvm: GC_CONCURRENT freed 876K, 12% free 11391K/12807K, paused 2ms+3ms
07-10 20:56:14.445  6837  6857 I SyncService: sync service finished (20:56:14)
07-10 20:56:26.383   144   180 I InputReader: Reconfiguring input devices.  changes=0x00000004
07-10 20:56:26.383   144   180 I InputReader: Device reconfigured: id=7, name='mxt224_ts_input', surface size is now 480x800, mode is 1
07-10 20:56:26.449   144   160 I ActivityManager: Config changed: {0.85 310mcc120mnc en_US layoutdir=0 sw320dp w320dp h508dp nrml long port finger -keyb/v/h -nav/h s.25}
07-10 20:56:26.601   320   324 D dalvikvm: GC_CONCURRENT freed 456K, 19% free 10216K/12487K, paused 4ms+25ms
07-10 20:56:28.988   144   174 D dalvikvm: GC_EXPLICIT freed 251K, 24% free 17073K/22343K, paused 40ms+7ms
07-10 20:56:51.738   344   344 D SAN_SERVICE: *******************************************
07-10 20:56:51.738   344   344 D SAN_SERVICE: DM App Phone Service State - 0
07-10 20:56:51.738   344   344 D SAN_SERVICE: *******************************************
07-10 20:56:51.789  6493  6495 D dalvikvm: GC_CONCURRENT freed 398K, 7% free 10296K/11015K, paused 2ms+2ms
07-10 20:56:52.246   344   344 D SAN_SERVICE: *******************************************
07-10 20:56:52.246   344   344 D SAN_SERVICE: DM App Phone Service State - 0
07-10 20:56:52.246   344   344 D SAN_SERVICE: *******************************************
07-10 20:56:57.125   344   344 D SAN_SERVICE: *******************************************
07-10 20:56:57.125   344   344 D SAN_SERVICE: DM App Phone Service State - 0
07-10 20:56:57.125   344   344 D SAN_SERVICE: *******************************************
07-10 20:56:57.367   344   344 D SAN_SERVICE: *******************************************
07-10 20:56:57.367   344   344 D SAN_SERVICE: DM App Phone Service State - 0
07-10 20:56:57.367   344   344 D SAN_SERVICE: *******************************************
07-10 20:56:57.414   344   344 D SAN_SERVICE: *******************************************
07-10 20:56:57.414   344   344 D SAN_SERVICE: DM App Phone Service State - 0
07-10 20:56:57.414   344   344 D SAN_SERVICE: *******************************************
07-10 20:57:00.746 31913 31916 D dalvikvm: GC_CONCURRENT freed 517K, 8% free 10352K/11207K, paused 6ms+3ms
07-10 20:57:02.117   344   344 D SAN_SERVICE: *******************************************
07-10 20:57:02.117   344   344 D SAN_SERVICE: DM App Phone Service State - 0
07-10 20:57:02.117   344   344 D SAN_SERVICE: *******************************************
07-10 20:57:02.531   344   344 D SAN_SERVICE: *******************************************
07-10 20:57:02.531   344   344 D SAN_SERVICE: DM App Phone Service State - 0
07-10 20:57:02.531   344   344 D SAN_SERVICE: *******************************************
07-10 20:57:17.289   344   344 D SAN_SERVICE: *******************************************
07-10 20:57:17.289   344   344 D SAN_SERVICE: DM App Phone Service State - 0
07-10 20:57:17.289   344   344 D SAN_SERVICE: *******************************************
07-10 20:57:17.566   344   344 D SAN_SERVICE: *******************************************
07-10 20:57:17.566   344   344 D SAN_SERVICE: DM App Phone Service State - 0
07-10 20:57:17.566   344   344 D SAN_SERVICE: *******************************************
07-10 20:57:27.754   344   344 D SAN_SERVICE: *******************************************
07-10 20:57:27.754   344   344 D SAN_SERVICE: DM App Phone Service State - 0
07-10 20:57:27.754   344   344 D SAN_SERVICE: *******************************************
07-10 20:57:28.043   344   344 D SAN_SERVICE: *******************************************
07-10 20:57:28.043   344   344 D SAN_SERVICE: DM App Phone Service State - 0
07-10 20:57:28.043   344   344 D SAN_SERVICE: *******************************************
07-10 20:57:28.187   344   344 D SAN_SERVICE: *******************************************
07-10 20:57:28.187   344   344 D SAN_SERVICE: DM App Phone Service State - 0
07-10 20:57:28.187   344   344 D SAN_SERVICE: *******************************************
07-10 20:57:34.328   344   344 D SAN_SERVICE: *******************************************
07-10 20:57:34.328   344   344 D SAN_SERVICE: DM App Phone Service State - 0
07-10 20:57:34.328   344   344 D SAN_SERVICE: *******************************************
07-10 20:57:34.898   344   344 D SAN_SERVICE: *******************************************
07-10 20:57:34.902   344   344 D SAN_SERVICE: DM App Phone Service State - 0
07-10 20:57:34.902   344   344 D SAN_SERVICE: *******************************************
07-10 20:57:48.215   344   344 D SAN_SERVICE: *******************************************
07-10 20:57:48.215   344   344 D SAN_SERVICE: DM App Phone Service State - 0
07-10 20:57:48.215   344   344 D SAN_SERVICE: *******************************************
07-10 20:57:48.547   344   344 D SAN_SERVICE: *******************************************
07-10 20:57:48.547   344   344 D SAN_SERVICE: DM App Phone Service State - 0
07-10 20:57:48.547   344   344 D SAN_SERVICE: *******************************************
07-10 20:57:54.312  3119  3133 I PhoneLab-: Service Running
07-10 20:57:54.414  3119  3133 I PhoneLab-LoggerService: app_37    1373  1     1440   1000  c00f181c 400107b4 S logcat
07-10 20:57:54.414  3119  3133 I PhoneLab-LoggerService: Logcat pid from database 1373
07-10 20:57:54.414  3119  3133 I PhoneLab-LoggerService: Logcat process found 1373
07-10 20:57:54.414  3119  3133 I PhoneLab-LoggerService: Checking Threshold
07-10 20:57:54.441  3119  3122 D dalvikvm: GC_CONCURRENT freed 392K, 18% free 9150K/11079K, paused 14ms+2ms
07-10 20:57:59.887   144   198 D DhcpInfoInternal: makeLinkProperties with empty dns2!
07-10 20:57:59.890   144   198 D DhcpInfoInternal: makeLinkProperties with empty dns2!
07-10 20:58:00.683  6493  6495 D dalvikvm: GC_CONCURRENT freed 501K, 7% free 10306K/11015K, paused 1ms+3ms
07-10 20:58:02.824  3043  3046 D dalvikvm: GC_CONCURRENT freed 2215K, 54% free 12909K/27847K, paused 15ms+10ms
07-10 20:58:29.222   344   344 D SAN_SERVICE: *******************************************
07-10 20:58:29.222   344   344 D SAN_SERVICE: DM App Phone Service State - 0
07-10 20:58:29.222   344   344 D SAN_SERVICE: *******************************************
07-10 20:58:29.457   344   344 D SAN_SERVICE: *******************************************
07-10 20:58:29.457   344   344 D SAN_SERVICE: DM App Phone Service State - 0
07-10 20:58:29.457   344   344 D SAN_SERVICE: *******************************************
07-10 20:58:56.269   344   344 D SAN_SERVICE: *******************************************
07-10 20:58:56.269   344   344 D SAN_SERVICE: DM App Phone Service State - 0
07-10 20:58:56.269   344   344 D SAN_SERVICE: *******************************************
07-10 20:58:56.535   344   344 D SAN_SERVICE: *******************************************
07-10 20:58:56.535   344   344 D SAN_SERVICE: DM App Phone Service State - 0
07-10 20:58:56.535   344   344 D SAN_SERVICE: *******************************************
07-10 20:59:00.820 31913 31916 D dalvikvm: GC_CONCURRENT freed 513K, 8% free 10349K/11207K, paused 1ms+7ms
07-10 20:59:09.926   344   344 D SAN_SERVICE: *******************************************
07-10 20:59:09.926   344   344 D SAN_SERVICE: DM App Phone Service State - 0
07-10 20:59:09.926   344   344 D SAN_SERVICE: *******************************************
07-10 20:59:10.164   344   344 D SAN_SERVICE: *******************************************
07-10 20:59:10.164   344   344 D SAN_SERVICE: DM App Phone Service State - 0
07-10 20:59:10.164   344   344 D SAN_SERVICE: *******************************************
07-10 20:59:10.656   344   344 D SAN_SERVICE: *******************************************
07-10 20:59:10.656   344   344 D SAN_SERVICE: DM App Phone Service State - 0
07-10 20:59:10.656   344   344 D SAN_SERVICE: *******************************************
07-10 20:59:15.387   344   344 D SAN_SERVICE: *******************************************
07-10 20:59:15.387   344   344 D SAN_SERVICE: DM App Phone Service State - 0
07-10 20:59:15.387   344   344 D SAN_SERVICE: *******************************************
07-10 20:59:15.683   344   344 D SAN_SERVICE: *******************************************
07-10 20:59:15.683   344   344 D SAN_SERVICE: DM App Phone Service State - 0
07-10 20:59:15.683   344   344 D SAN_SERVICE: *******************************************
07-10 20:59:30.648   344   344 D SAN_SERVICE: *******************************************
07-10 20:59:30.648   344   344 D SAN_SERVICE: DM App Phone Service State - 0
07-10 20:59:30.652   344   344 D SAN_SERVICE: *******************************************
07-10 20:59:31.008   344   344 D SAN_SERVICE: *******************************************
07-10 20:59:31.008   344   344 D SAN_SERVICE: DM App Phone Service State - 0
07-10 20:59:31.008   344   344 D SAN_SERVICE: *******************************************
07-10 20:59:35.887  5714  5730 I EventLogService: Aggregate from 1341966575758 (log), 1341966575758 (data)
07-10 20:59:35.953   344   344 D SAN_SERVICE: *******************************************
07-10 20:59:35.953   344   344 D SAN_SERVICE: DM App Phone Service State - 0
07-10 20:59:35.953   344   344 D SAN_SERVICE: *******************************************
07-10 20:59:36.137   344   344 D SAN_SERVICE: *******************************************
07-10 20:59:36.137   344   344 D SAN_SERVICE: DM App Phone Service State - 0
07-10 20:59:36.137   344   344 D SAN_SERVICE: *******************************************
07-10 20:59:45.828   344   344 D SAN_SERVICE: *******************************************
07-10 20:59:45.828   344   344 D SAN_SERVICE: DM App Phone Service State - 0
07-10 20:59:45.828   344   344 D SAN_SERVICE: *******************************************
07-10 20:59:46.344   344   344 D SAN_SERVICE: *******************************************
07-10 20:59:46.344   344   344 D SAN_SERVICE: DM App Phone Service State - 0
07-10 20:59:46.344   344   344 D SAN_SERVICE: *******************************************
07-10 20:59:54.312  3119  3133 I PhoneLab-: Service Running
07-10 20:59:54.422  3119  3133 I PhoneLab-LoggerService: app_37    1373  1     1440   1000  c00f181c 400107b4 S logcat
07-10 20:59:54.422  3119  3133 I PhoneLab-LoggerService: Logcat pid from database 1373
07-10 20:59:54.422  3119  3133 I PhoneLab-LoggerService: Logcat process found 1373
07-10 20:59:54.422  3119  3133 I PhoneLab-LoggerService: Checking Threshold
07-10 21:00:00.820  6493  6495 D dalvikvm: GC_CONCURRENT freed 503K, 7% free 10314K/11015K, paused 1ms+3ms
07-10 21:00:01.125 31913 31916 D dalvikvm: GC_CONCURRENT freed 450K, 8% free 10337K/11207K, paused 3ms+2ms
07-10 21:00:01.308  5714  5717 D dalvikvm: GC_CONCURRENT freed 582K, 8% free 11062K/11975K, paused 7ms+5ms
07-10 21:00:02.254  6493  6495 D dalvikvm: GC_CONCURRENT freed 337K, 6% free 10432K/11015K, paused 38ms+6ms
07-10 21:00:03.097  6493  6495 D dalvikvm: GC_CONCURRENT freed 383K, 5% free 10475K/11015K, paused 2ms+5ms
07-10 21:00:03.851 16301 16303 D dalvikvm: GC_CONCURRENT freed 477K, 7% free 9880K/10567K, paused 1ms+4ms
07-10 21:00:24.750   144   198 D DhcpInfoInternal: makeLinkProperties with empty dns2!
07-10 21:00:24.754   144   198 D DhcpInfoInternal: makeLinkProperties with empty dns2!
07-10 21:01:00.953 31913 31916 D dalvikvm: GC_CONCURRENT freed 499K, 8% free 10350K/11207K, paused 1ms+3ms
07-10 21:01:14.558   144 10051 I ActivityManager: No longer want com.google.android.apps.googlevoice (pid 6171): hidden #16
07-10 21:01:14.570   144 24503 W ActivityManager: Scheduling restart of crashed service com.google.android.apps.googlevoice/.UpdateService in 5000ms
07-10 21:01:14.570   144 24503 W ActivityManager: Scheduling restart of crashed service com.google.android.apps.googlevoice/.CallLogService in 14999ms
07-10 21:01:19.609   144   161 I ActivityManager: Start proc com.google.android.apps.googlevoice for service com.google.android.apps.googlevoice/.UpdateService: pid=6925 uid=10054 gids={3003, 1015}
07-10 21:01:19.793   144  9303 D dalvikvm: GC_EXPLICIT freed 913K, 24% free 17150K/22343K, paused 5ms+6ms
07-10 21:01:20.269  6925  6926 D dalvikvm: GC_CONCURRENT freed 240K, 4% free 9289K/9607K, paused 5ms+12ms
07-10 21:01:20.750  6925  6926 D dalvikvm: GC_CONCURRENT freed 419K, 5% free 9437K/9927K, paused 2ms+4ms
07-10 21:01:20.750  6925  6932 W CursorWrapperInner: Cursor finalized without prior close()
07-10 21:01:20.750  6925  6932 W CursorWrapperInner: Cursor finalized without prior close()
07-10 21:01:20.750  6925  6932 W CursorWrapperInner: Cursor finalized without prior close()
07-10 21:01:20.847 16301 16312 D dalvikvm: GC_EXPLICIT freed 212K, 7% free 9832K/10567K, paused 2ms+8ms
07-10 21:01:20.984  6925  6926 D dalvikvm: GC_CONCURRENT freed 357K, 5% free 9627K/10055K, paused 3ms+4ms
07-10 21:01:21.219 16301 16303 D dalvikvm: GC_CONCURRENT freed 293K, 7% free 9930K/10567K, paused 2ms+7ms
07-10 21:01:21.226  6925  6947 D dalvikvm: GC_FOR_ALLOC freed 176K, 5% free 9788K/10247K, paused 52ms
07-10 21:01:54.312  3119  3133 I PhoneLab-: Service Running
07-10 21:01:54.402  3119  3133 I PhoneLab-LoggerService: app_37    1373  1     1440   1000  c00f181c 400107b4 S logcat
07-10 21:01:54.402  3119  3133 I PhoneLab-LoggerService: Logcat pid from database 1373
07-10 21:01:54.402  3119  3133 I PhoneLab-LoggerService: Logcat process found 1373
07-10 21:01:54.402  3119  3133 I PhoneLab-LoggerService: Checking Threshold
07-10 21:02:00.965  6493  6495 D dalvikvm: GC_CONCURRENT freed 530K, 6% free 10470K/11079K, paused 2ms+9ms
07-10 21:02:01.090 31913 31916 D dalvikvm: GC_CONCURRENT freed 394K, 8% free 10348K/11207K, paused 1ms+3ms
07-10 21:02:49.410   144   198 D DhcpInfoInternal: makeLinkProperties with empty dns2!
07-10 21:02:49.410   144   198 D DhcpInfoInternal: makeLinkProperties with empty dns2!
07-10 21:03:08.750  3043  3046 D dalvikvm: GC_CONCURRENT freed 1125K, 54% free 12959K/27847K, paused 2ms+5ms
07-10 21:03:10.722  4840  4842 D dalvikvm: GC_CONCURRENT freed 452K, 5% free 10956K/11527K, paused 27ms+7ms
07-10 21:03:54.312  3119  3133 I PhoneLab-: Service Running
07-10 21:03:54.379  3119  3133 I PhoneLab-LoggerService: app_37    1373  1     1440   1000  c00f181c 400107b4 S logcat
07-10 21:03:54.379  3119  3133 I PhoneLab-LoggerService: Logcat pid from database 1373
07-10 21:03:54.379  3119  3133 I PhoneLab-LoggerService: Logcat process found 1373
07-10 21:03:54.379  3119  3133 I PhoneLab-LoggerService: Checking Threshold
07-10 21:03:56.191  5523  6983 I SqliteDatabaseCpp: sqlite returned: error code = 1, msg = no such column: wipeout_stats, db=/data/data/com.google.android.apps.plus/databases/es0.db
07-10 21:03:56.207  5523  6983 W System.err: android.database.sqlite.SQLiteException: no such column: wipeout_stats: , while compiling: SELECT wipeout_stats  FROM account_status
07-10 21:03:56.613  5523  6983 W System.err: 	at android.database.sqlite.SQLiteCompiledSql.native_compile(Native Method)
07-10 21:03:56.613  5523  6983 W System.err: 	at android.database.sqlite.SQLiteCompiledSql.<init>(SQLiteCompiledSql.java:68)
07-10 21:03:56.613  5523  6983 W System.err: 	at android.database.sqlite.SQLiteProgram.compileSql(SQLiteProgram.java:143)
07-10 21:03:56.613  5523  6983 W System.err: 	at android.database.sqlite.SQLiteProgram.compileAndbindAllArgs(SQLiteProgram.java:361)
07-10 21:03:56.613  5523  6983 W System.err: 	at android.database.sqlite.SQLiteStatement.acquireAndLock(SQLiteStatement.java:260)
07-10 21:03:56.613  5523  6983 W System.err: 	at android.database.sqlite.SQLiteStatement.simpleQueryForLong(SQLiteStatement.java:137)
07-10 21:03:56.613  5523  6983 W System.err: 	at android.database.DatabaseUtils.longForQuery(DatabaseUtils.java:791)
07-10 21:03:56.613  5523  6983 W System.err: 	at android.database.DatabaseUtils.longForQuery(DatabaseUtils.java:779)
07-10 21:03:56.613  5523  6983 W System.err: 	at com.google.android.apps.plus.content.EsAccountsData.isContactsStatsWipeoutNeeded(EsAccountsData.java:641)
07-10 21:03:56.613  5523  6983 W System.err: 	at com.google.android.apps.plus.service.EsService.processIntent(EsService.java:4246)
07-10 21:03:56.613  5523  6983 W System.err: 	at com.google.android.apps.plus.service.ServiceThread$1.run(ServiceThread.java:50)
07-10 21:03:56.613  5523  6983 W System.err: 	at android.os.Handler.handleCallback(Handler.java:605)
07-10 21:03:56.617  5523  6983 W System.err: 	at android.os.Handler.dispatchMessage(Handler.java:92)
07-10 21:03:56.617  5523  6983 W System.err: 	at android.os.Looper.loop(Looper.java:137)
07-10 21:03:56.625  5523  6983 W System.err: 	at com.google.android.apps.plus.service.ServiceThread.run(ServiceThread.java:122)
07-10 21:03:56.730  5714  5725 D dalvikvm: GC_EXPLICIT freed 268K, 8% free 11037K/11975K, paused 3ms+4ms
07-10 21:04:00.058  5523  5525 D dalvikvm: GC_CONCURRENT freed 1087K, 20% free 13455K/16711K, paused 8ms+5ms
07-10 21:04:00.992  6493  6495 D dalvikvm: GC_CONCURRENT freed 514K, 6% free 10468K/11079K, paused 2ms+2ms
07-10 21:04:01.133 31913 31916 D dalvikvm: GC_CONCURRENT freed 505K, 8% free 10354K/11207K, paused 2ms+3ms
07-10 21:04:07.297  5523  5525 D dalvikvm: GC_CONCURRENT freed 1445K, 20% free 13382K/16711K, paused 2ms+61ms
07-10 21:04:12.558  5523  5525 D dalvikvm: GC_CONCURRENT freed 679K, 16% free 14088K/16711K, paused 10ms+6ms
07-10 21:04:13.422  5523  5525 D dalvikvm: GC_CONCURRENT freed 1113K, 13% free 14544K/16711K, paused 2ms+3ms
07-10 21:04:15.148  5523  5525 D dalvikvm: GC_CONCURRENT freed 1721K, 13% free 14539K/16711K, paused 3ms+4ms
07-10 21:04:19.519  5523  5525 D dalvikvm: GC_CONCURRENT freed 2898K, 21% free 13359K/16711K, paused 3ms+3ms
07-10 21:04:20.476  5523  6984 I SqliteDatabaseCpp: sqlite returned: error code = 1, msg = no such column: last_stats_sync_time, db=/data/data/com.google.android.apps.plus/databases/es0.db
07-10 21:04:20.484  5523  6984 E EsSyncAdapterService: Sync failure
07-10 21:04:20.484  5523  6984 E EsSyncAdapterService: android.database.sqlite.SQLiteException: no such column: last_stats_sync_time: , while compiling: SELECT last_stats_sync_time  FROM account_status
07-10 21:04:20.484  5523  6984 E EsSyncAdapterService: 	at android.database.sqlite.SQLiteCompiledSql.native_compile(Native Method)
07-10 21:04:20.484  5523  6984 E EsSyncAdapterService: 	at android.database.sqlite.SQLiteCompiledSql.<init>(SQLiteCompiledSql.java:68)
07-10 21:04:20.484  5523  6984 E EsSyncAdapterService: 	at android.database.sqlite.SQLiteProgram.compileSql(SQLiteProgram.java:143)
07-10 21:04:20.484  5523  6984 E EsSyncAdapterService: 	at android.database.sqlite.SQLiteProgram.compileAndbindAllArgs(SQLiteProgram.java:361)
07-10 21:04:20.484  5523  6984 E EsSyncAdapterService: 	at android.database.sqlite.SQLiteStatement.acquireAndLock(SQLiteStatement.java:260)
07-10 21:04:20.484  5523  6984 E EsSyncAdapterService: 	at android.database.sqlite.SQLiteStatement.simpleQueryForLong(SQLiteStatement.java:137)
07-10 21:04:20.484  5523  6984 E EsSyncAdapterService: 	at android.database.DatabaseUtils.longForQuery(DatabaseUtils.java:791)
07-10 21:04:20.484  5523  6984 E EsSyncAdapterService: 	at android.database.DatabaseUtils.longForQuery(DatabaseUtils.java:779)
07-10 21:04:20.484  5523  6984 E EsSyncAdapterService: 	at com.google.android.apps.plus.content.EsAccountsData.queryLastStatsSyncTimestamp(EsAccountsData.java:570)
07-10 21:04:20.484  5523  6984 E EsSyncAdapterService: 	at com.google.android.apps.plus.service.EsSyncAdapterService.syncContactsStatsIfNecessary(EsSyncAdapterService.java:670)
07-10 21:04:20.484  5523  6984 E EsSyncAdapterService: 	at com.google.android.apps.plus.service.EsSyncAdapterService.doFullSync(EsSyncAdapterService.java:633)
07-10 21:04:20.484  5523  6984 E EsSyncAdapterService: 	at com.google.android.apps.plus.service.EsSyncAdapterService.doSync(EsSyncAdapterService.java:566)
07-10 21:04:20.484  5523  6984 E EsSyncAdapterService: 	at com.google.android.apps.plus.service.EsSyncAdapterService.access$100(EsSyncAdapterService.java:52)
07-10 21:04:20.484  5523  6984 E EsSyncAdapterService: 	at com.google.android.apps.plus.service.EsSyncAdapterService$SyncAdapterImpl.onPerformSync(EsSyncAdapterService.java:408)
07-10 21:04:20.484  5523  6984 E EsSyncAdapterService: 	at android.content.AbstractThreadedSyncAdapter$SyncThread.run(AbstractThreadedSyncAdapter.java:247)
07-10 21:04:20.500   144   168 D SyncManager: failed sync operation lokeshmandvekar@gmail.com (com.google), com.google.android.apps.plus.content.EsProvider, SERVER, earliestRunTime 117900183, SyncResult: stats [ numParseExceptions: 1]
07-10 21:04:20.508   144   168 D SyncManager: not retrying sync operation because the error is a hard error: lokeshmandvekar@gmail.com (com.google), com.google.android.apps.plus.content.EsProvider, SERVER, earliestRunTime 117924525
07-10 21:04:24.371   144  9084 D dalvikvm: GC_EXPLICIT freed 1377K, 24% free 17098K/22343K, paused 4ms+8ms
07-10 21:04:24.808 16301 16312 D dalvikvm: GC_EXPLICIT freed 312K, 7% free 9852K/10567K, paused 2ms+4ms
07-10 21:04:25.078  5523  5525 D dalvikvm: GC_CONCURRENT freed 1341K, 21% free 13338K/16711K, paused 2ms+7ms
07-10 21:04:25.711   144   403 I ActivityManager: No longer want com.android.sprintmenu (pid 6263): hidden #16
07-10 21:04:25.715   144  7984 W ActivityManager: Scheduling restart of crashed service com.android.sprintmenu/.HiddenPhoneService in 5000ms
07-10 21:04:25.836  6032  6043 I dalvikvm: Jit: resizing JitTable from 4096 to 8192
07-10 21:04:25.922 16301 16303 D dalvikvm: GC_CONCURRENT freed 348K, 7% free 9889K/10567K, paused 2ms+3ms
07-10 21:04:26.285  6032  6039 D dalvikvm: GC_CONCURRENT freed 1056K, 10% free 11553K/12743K, paused 6ms+5ms
07-10 21:04:30.777   144   161 I ActivityManager: Start proc com.android.sprintmenu for service com.android.sprintmenu/.HiddenPhoneService: pid=6992 uid=1001 gids={3002, 3001, 3003, 1015}
07-10 21:04:57.855  6032  6656 D dalvikvm: GC_EXPLICIT freed 733K, 10% free 11561K/12743K, paused 6ms+3ms
07-10 21:05:01.156 31913 31913 D dalvikvm: GC_EXPLICIT freed 148K, 9% free 10299K/11207K, paused 4ms+3ms
07-10 21:05:01.195  6493  6495 D dalvikvm: GC_CONCURRENT freed 442K, 6% free 10481K/11079K, paused 2ms+7ms
07-10 21:05:14.297   144   198 D DhcpInfoInternal: makeLinkProperties with empty dns2!
07-10 21:05:14.297   144   198 D DhcpInfoInternal: makeLinkProperties with empty dns2!
07-10 21:05:16.953 16301 16303 D dalvikvm: GC_CONCURRENT freed 391K, 7% free 9885K/10567K, paused 2ms+3ms
07-10 21:05:20.781   144   424 D dalvikvm: GC_EXPLICIT freed 465K, 24% free 17042K/22343K, paused 3ms+11ms
07-10 21:05:54.312  3119  3133 I PhoneLab-: Service Running
07-10 21:05:54.375  3119  3133 I PhoneLab-LoggerService: app_37    1373  1     1440   1000  c00f181c 400107b4 S logcat
07-10 21:05:54.375  3119  3133 I PhoneLab-LoggerService: Logcat pid from database 1373
07-10 21:05:54.375  3119  3133 I PhoneLab-LoggerService: Logcat process found 1373
07-10 21:05:54.375  3119  3133 I PhoneLab-LoggerService: Checking Threshold
07-10 21:06:01.187 31913 31916 D dalvikvm: GC_CONCURRENT freed 453K, 8% free 10357K/11207K, paused 1ms+2ms
07-10 21:07:01.168  6493  6495 D dalvikvm: GC_CONCURRENT freed 515K, 6% free 10477K/11079K, paused 1ms+11ms
07-10 21:07:01.297 31913 31916 D dalvikvm: GC_CONCURRENT freed 412K, 8% free 10345K/11207K, paused 2ms+2ms
07-10 21:07:39.187   144   198 D DhcpInfoInternal: makeLinkProperties with empty dns2!
07-10 21:07:39.195   144   198 D DhcpInfoInternal: makeLinkProperties with empty dns2!
07-10 21:07:54.316  3119  3133 I PhoneLab-: Service Running
07-10 21:07:54.383  3119  3133 I PhoneLab-LoggerService: app_37    1373  1     1440   1000  c00f181c 400107b4 S logcat
07-10 21:07:54.383  3119  3133 I PhoneLab-LoggerService: Logcat pid from database 1373
07-10 21:07:54.383  3119  3133 I PhoneLab-LoggerService: Logcat process found 1373
07-10 21:07:54.383  3119  3133 I PhoneLab-LoggerService: Checking Threshold
07-10 21:08:59.933   144   161 I ActivityManager: No longer want com.google.android.apps.uploader (pid 6356): hidden #16
07-10 21:08:59.957   144   424 I ActivityManager: No longer want com.google.android.apps.docs (pid 6421): hidden #16
07-10 21:08:59.957   144   424 I ActivityManager: No longer want com.google.android.youtube (pid 6375): hidden #17
07-10 21:09:01.308  6493  6495 D dalvikvm: GC_CONCURRENT freed 516K, 6% free 10472K/11079K, paused 2ms+3ms
07-10 21:09:01.414 31913 31916 D dalvikvm: GC_CONCURRENT freed 490K, 8% free 10366K/11207K, paused 2ms+3ms
07-10 21:09:02.859   144   376 D AlarmManagerService: Kernel timezone updated to 240 minutes west of GMT
07-10 21:09:02.875   344   344 D SystemClock: Setting time of day to sec=1341968942
07-10 21:09:02.234  6713  6726 V AlarmClock: AlarmInitReceiver finished
07-10 21:09:02.262   344   344 D SAN_SERVICE: *******************************************
07-10 21:09:02.262   344   344 D SAN_SERVICE: DM App Phone Service State - 0
07-10 21:09:02.262   344   344 D SAN_SERVICE: *******************************************
07-10 21:09:03.039   344   344 D SAN_SERVICE: *******************************************
07-10 21:09:03.039   344   344 D SAN_SERVICE: DM App Phone Service State - 0
07-10 21:09:03.039   344   344 D SAN_SERVICE: *******************************************
07-10 21:09:54.308  3119  3133 I PhoneLab-: Service Running
07-10 21:09:54.390  3119  3133 I PhoneLab-LoggerService: app_37    1373  1     1440   1000  c00f181c 400107b4 S logcat
07-10 21:09:54.390  3119  3133 I PhoneLab-LoggerService: Logcat pid from database 1373
07-10 21:09:54.390  3119  3133 I PhoneLab-LoggerService: Logcat process found 1373
07-10 21:09:54.390  3119  3133 I PhoneLab-LoggerService: Checking Threshold
07-10 21:09:59.644   344   344 D SAN_SERVICE: *******************************************
07-10 21:09:59.644   344   344 D SAN_SERVICE: DM App Phone Service State - 0
07-10 21:09:59.644   344   344 D SAN_SERVICE: *******************************************
07-10 21:09:59.992   344   344 D SAN_SERVICE: *******************************************
07-10 21:09:59.992   344   344 D SAN_SERVICE: DM App Phone Service State - 0
07-10 21:09:59.992   344   344 D SAN_SERVICE: *******************************************
07-10 21:10:00.176   344   344 D SAN_SERVICE: *******************************************
07-10 21:10:00.176   344   344 D SAN_SERVICE: DM App Phone Service State - 0
07-10 21:10:00.176   344   344 D SAN_SERVICE: *******************************************
07-10 21:10:00.660 31913 31916 D dalvikvm: GC_CONCURRENT freed 441K, 8% free 10359K/11207K, paused 2ms+3ms
07-10 21:10:00.980   344   344 D SAN_SERVICE: *******************************************
07-10 21:10:00.980   344   344 D SAN_SERVICE: DM App Phone Service State - 0
07-10 21:10:00.980   344   344 D SAN_SERVICE: *******************************************
07-10 21:10:01.015   344   347 D dalvikvm: GC_CONCURRENT freed 970K, 15% free 12114K/14087K, paused 23ms+3ms
07-10 21:10:03.285   144   198 D DhcpInfoInternal: makeLinkProperties with empty dns2!
07-10 21:10:03.289   144   198 D DhcpInfoInternal: makeLinkProperties with empty dns2!
07-10 21:10:04.879   344   344 D SAN_SERVICE: *******************************************
07-10 21:10:04.879   344   344 D SAN_SERVICE: DM App Phone Service State - 0
07-10 21:10:04.879   344   344 D SAN_SERVICE: *******************************************
07-10 21:10:14.781   344   344 D SAN_SERVICE: *******************************************
07-10 21:10:14.781   344   344 D SAN_SERVICE: DM App Phone Service State - 0
07-10 21:10:14.781   344   344 D SAN_SERVICE: *******************************************
07-10 21:10:15.066   344   344 D SAN_SERVICE: *******************************************
07-10 21:10:15.066   344   344 D SAN_SERVICE: DM App Phone Service State - 0
07-10 21:10:15.066   344   344 D SAN_SERVICE: *******************************************
07-10 21:10:15.812   344   344 D SAN_SERVICE: *******************************************
07-10 21:10:15.812   344   344 D SAN_SERVICE: DM App Phone Service State - 0
07-10 21:10:15.812   344   344 D SAN_SERVICE: *******************************************
07-10 21:10:25.004   344   344 D SAN_SERVICE: *******************************************
07-10 21:10:25.004   344   344 D SAN_SERVICE: DM App Phone Service State - 0
07-10 21:10:25.008   344   344 D SAN_SERVICE: *******************************************
07-10 21:11:00.664  6493  6495 D dalvikvm: GC_CONCURRENT freed 504K, 6% free 10480K/11079K, paused 2ms+3ms
07-10 21:11:54.308  3119  3133 I PhoneLab-: Service Running
07-10 21:11:54.383  3119  3133 I PhoneLab-LoggerService: app_37    1373  1     1440   1000  c00f181c 400107b4 S logcat
07-10 21:11:54.383  3119  3133 I PhoneLab-LoggerService: Logcat pid from database 1373
07-10 21:11:54.383  3119  3133 I PhoneLab-LoggerService: Logcat process found 1373
07-10 21:11:54.387  3119  3133 I PhoneLab-LoggerService: Checking Threshold
07-10 21:11:57.953  3119  3119 I PhoneLab-Locks: wake lock acquired
07-10 21:11:57.969  3119  7090 I PhoneLab-PeriodicCheckService: User info is synched
07-10 21:11:57.973  3119  7090 I PhoneLab-PeriodicCheckService: Logger Service is running
07-10 21:11:57.976  3119  3119 I PhoneLab-Locks: wake lock acquired
07-10 21:11:57.984  3119  3119 I PhoneLab-StatusMonitor: Status Monitoring is started
07-10 21:11:57.992  3119  7090 I PhoneLab-Locks: wake lock acquired
07-10 21:11:57.996  3119  3119 E PhoneLab-PhoneLabManifest: java.io.FileNotFoundException: /data/data/edu.buffalo.cse.phonelab.phonelabservices/files/manifest.xml: open failed: ENOENT (No such file or directory)
07-10 21:11:57.996  3119  7090 I PhoneLab-PeriodicCheckService: Rescheduling periodic checking...
07-10 21:11:58.000  3119  7090 I PhoneLab-Locks: wake lock released
07-10 21:11:58.023  3119  3119 I PhoneLab-Locks: wake lock released
07-10 21:11:58.027  3119  3119 I PhoneLab-UploadLogs: Transfering log files now
07-10 21:11:58.027  3119  3119 I PhoneLab-UploadLogs: No log files to transfer
07-10 21:11:58.027  3119  3119 I PhoneLab-Locks: wake lock released
07-10 21:11:58.027  3119  3119 I PhoneLab-UploadLogs: OnStartCommand
07-10 21:11:58.031  3119  3122 D dalvikvm: GC_CONCURRENT freed 440K, 18% free 9139K/11079K, paused 5ms+6ms
07-10 21:12:00.777   214   216 D dalvikvm: GC_CONCURRENT freed 417K, 34% free 9719K/14663K, paused 2ms+3ms
07-10 21:12:00.820 31913 31916 D dalvikvm: GC_CONCURRENT freed 486K, 8% free 10384K/11207K, paused 2ms+3ms
07-10 21:12:28.125   144   198 D DhcpInfoInternal: makeLinkProperties with empty dns2!
07-10 21:12:28.137   144   198 D DhcpInfoInternal: makeLinkProperties with empty dns2!
07-10 21:13:00.742  6493  6495 D dalvikvm: GC_CONCURRENT freed 511K, 6% free 10480K/11079K, paused 2ms+2ms
07-10 21:13:01.047 31913 31916 D dalvikvm: GC_CONCURRENT freed 446K, 8% free 10380K/11207K, paused 63ms+13ms
07-10 21:13:01.211 31913 31916 D dalvikvm: GC_CONCURRENT freed 200K, 6% free 10565K/11207K, paused 2ms+2ms
07-10 21:13:10.933   144   173 D dalvikvm: GC_EXPLICIT freed 1177K, 24% free 17122K/22343K, paused 3ms+8ms
07-10 21:13:12.390  3043  3046 D dalvikvm: GC_CONCURRENT freed 1169K, 54% free 12978K/27847K, paused 7ms+5ms
07-10 21:13:54.312  3119  3133 I PhoneLab-: Service Running
07-10 21:13:54.394  3119  3133 I PhoneLab-LoggerService: app_37    1373  1     1440   1000  c00f181c 400107b4 S logcat
07-10 21:13:54.394  3119  3133 I PhoneLab-LoggerService: Logcat pid from database 1373
07-10 21:13:54.394  3119  3133 I PhoneLab-LoggerService: Logcat process found 1373
07-10 21:13:54.394  3119  3133 I PhoneLab-LoggerService: Checking Threshold
07-10 21:14:00.906  5714  5717 D dalvikvm: GC_CONCURRENT freed 475K, 8% free 11109K/11975K, paused 8ms+24ms
07-10 21:14:00.949 31913 31916 D dalvikvm: GC_CONCURRENT freed 691K, 8% free 10384K/11207K, paused 21ms+3ms
07-10 21:14:10.305   144 30930 D AlarmManagerService: Kernel timezone updated to 240 minutes west of GMT
07-10 21:14:52.996   144   198 D DhcpInfoInternal: makeLinkProperties with empty dns2!
07-10 21:14:52.996   144   198 D DhcpInfoInternal: makeLinkProperties with empty dns2!
07-10 21:15:00.887  6493  6495 D dalvikvm: GC_CONCURRENT freed 511K, 6% free 10480K/11079K, paused 2ms+3ms
07-10 21:15:01.012 31913 31916 D dalvikvm: GC_CONCURRENT freed 461K, 8% free 10349K/11207K, paused 2ms+3ms
07-10 21:15:49.793   144   168 I ActivityManager: Start proc com.google.android.gm for service com.google.android.gm/.provider.MailSyncAdapterService: pid=7145 uid=10075 gids={3003, 1015}
07-10 21:15:49.996  7145  7145 I ActivityThread: Pub gmail-ls: com.google.android.gm.provider.MailProvider
07-10 21:15:50.055  7145  7145 I ActivityThread: Pub com.google.android.gm: com.google.android.gm.provider.PublicContentProvider
07-10 21:15:50.070  7145  7145 I ActivityThread: Pub com.google.android.gmail.SuggestionProvider: com.google.android.gm.SuggestionsProvider
07-10 21:15:50.418  7145  7148 D dalvikvm: GC_CONCURRENT freed 217K, 4% free 9258K/9607K, paused 112ms+2ms
07-10 21:15:51.027  7145  7163 I Gmail   : calculateUnknownSyncRationalesAndPurgeInBackground: queueing
07-10 21:15:51.051  7145  7163 I Gmail   : calculateUnknownSyncRationalesAndPurgeInBackground: queueing
07-10 21:15:51.066  7145  7160 I Gmail   : MainSyncRequestProto: lowestBkwdConvoId: 0, highestHandledServerOp: 3305705, normalSync: true
07-10 21:15:51.109  7145  7148 D dalvikvm: GC_CONCURRENT freed 231K, 4% free 9436K/9799K, paused 2ms+2ms
07-10 21:15:51.152  7145  7163 I Gmail   : calculateUnknownSyncRationalesAndPurgeInBackground: running
07-10 21:15:51.160  7145  7163 I Gmail   : calculateUnknownSyncRationalesAndPurgeInBackground: running
07-10 21:15:52.215  7145  7148 D dalvikvm: GC_CONCURRENT freed 323K, 5% free 9551K/9991K, paused 2ms+6ms
07-10 21:15:53.695  7145  7148 D dalvikvm: GC_CONCURRENT freed 435K, 6% free 9557K/10119K, paused 2ms+3ms
07-10 21:15:54.027  7145  7160 D dalvikvm: GC_EXPLICIT freed 262K, 6% free 9543K/10119K, paused 2ms+3ms
07-10 21:15:54.031  7145  7160 I Gmail   : MainSyncRequestProto: lowestBkwdConvoId: 0, highestHandledServerOp: 3306060, normalSync: true
07-10 21:15:54.308  3119  3133 I PhoneLab-: Service Running
07-10 21:15:54.433  3119  3133 I PhoneLab-LoggerService: app_37    1373  1     1440   1000  c00f181c 400107b4 S logcat
07-10 21:15:54.433  3119  3133 I PhoneLab-LoggerService: Logcat pid from database 1373
07-10 21:15:54.433  3119  3133 I PhoneLab-LoggerService: Logcat process found 1373
07-10 21:15:54.433  3119  3133 I PhoneLab-LoggerService: Checking Threshold
07-10 21:15:54.961  7145  7160 D dalvikvm: GC_EXPLICIT freed 326K, 6% free 9589K/10119K, paused 8ms+3ms
07-10 21:15:54.965  7145  7160 I Gmail   : MainSyncRequestProto: lowestBkwdConvoId: 0, highestHandledServerOp: 3306065, normalSync: true
07-10 21:15:54.969  7145  7160 I Gmail   : lowestBackward conversation id 0
07-10 21:15:54.992  7145  7160 W Gmail   : Scheduling index for 300000 ms from now
07-10 21:15:55.035  7145  7160 I Gmail   : Sending notification intent: Intent { act=android.intent.action.PROVIDER_CHANGED dat=content://gmail-ls/unread/^i (has extras) }
07-10 21:15:55.191  7145  7169 W Gmail   : Showing notification with unreadCount of 1 and unseenCount of 1
07-10 21:15:55.332   144 24503 I ActivityManager: No longer want com.google.android.apps.maps:NetworkLocationService (pid 6493): hidden #16
07-10 21:15:55.363   144  9303 W ActivityManager: Scheduling restart of crashed service com.google.android.apps.maps/com.google.android.location.internal.server.NetworkLocationService in 5000ms
07-10 21:15:55.586   214   216 D dalvikvm: GC_CONCURRENT freed 122K, 32% free 10032K/14663K, paused 2ms+4ms
07-10 21:15:55.773   214   216 D dalvikvm: GC_CONCURRENT freed 565K, 33% free 9850K/14663K, paused 2ms+5ms
07-10 21:16:00.422   144   161 I ActivityManager: Start proc com.google.android.apps.maps:NetworkLocationService for service com.google.android.apps.maps/com.google.android.location.internal.server.NetworkLocationService: pid=7172 uid=10056 gids={3003, 1015}
07-10 21:16:00.453    79    79 D dalvikvm: GC_EXPLICIT freed 37K, 4% free 9031K/9347K, paused 2ms+3ms
07-10 21:16:00.488    79    79 D dalvikvm: GC_EXPLICIT freed <1K, 4% free 9031K/9347K, paused 2ms+3ms
07-10 21:16:00.535    79    79 D dalvikvm: GC_EXPLICIT freed <1K, 4% free 9031K/9347K, paused 2ms+4ms
07-10 21:16:00.605  7172  7175 D dalvikvm: GC_CONCURRENT freed 178K, 3% free 9358K/9607K, paused 2ms+2ms
07-10 21:16:01.074  7172  7175 D dalvikvm: GC_CONCURRENT freed 153K, 3% free 9689K/9927K, paused 4ms+2ms
07-10 21:16:01.172  5714  8666 D dalvikvm: GC_EXPLICIT freed 283K, 8% free 11065K/11975K, paused 2ms+4ms
07-10 21:16:01.402  7172  7175 D dalvikvm: GC_CONCURRENT freed 177K, 3% free 10062K/10311K, paused 4ms+4ms
07-10 21:16:01.601  7172  7175 D dalvikvm: GC_CONCURRENT freed 671K, 8% free 9887K/10695K, paused 2ms+1ms
07-10 21:16:01.801  7172  7179 I dalvikvm: Total arena pages for JIT: 11
07-10 21:16:01.805  7172  7179 I dalvikvm: Total arena pages for JIT: 12
07-10 21:16:01.805  7172  7179 I dalvikvm: Total arena pages for JIT: 13
07-10 21:16:01.805  7172  7179 I dalvikvm: Total arena pages for JIT: 14
07-10 21:16:01.808  7172  7179 I dalvikvm: Total arena pages for JIT: 15
07-10 21:16:01.808  7172  7179 I dalvikvm: Total arena pages for JIT: 16
07-10 21:16:01.808  7172  7179 I dalvikvm: Total arena pages for JIT: 17
07-10 21:16:01.902  7172  7179 I dalvikvm: Total arena pages for JIT: 18
07-10 21:16:02.047  7172  7175 D dalvikvm: GC_CONCURRENT freed 205K, 5% free 10176K/10695K, paused 1ms+3ms
07-10 21:16:02.484  7172  7175 D dalvikvm: GC_CONCURRENT freed 362K, 5% free 10295K/10759K, paused 2ms+3ms
07-10 21:16:03.637 31913 31916 D dalvikvm: GC_CONCURRENT freed 399K, 8% free 10352K/11207K, paused 2ms+2ms
07-10 21:16:04.656  7172  7175 D dalvikvm: GC_CONCURRENT freed 424K, 6% free 10274K/10823K, paused 1ms+2ms
07-10 21:16:31.890   214   216 D dalvikvm: GC_CONCURRENT freed 352K, 33% free 9959K/14663K, paused 4ms+5ms
07-10 21:16:32.250   214   214 V PhoneStatusBar: setLightsOn(true)
07-10 21:16:32.254   144 24503 W InputManagerService: Window already focused, ignoring focus gain of: com.android.internal.view.IInputMethodClient$Stub$Proxy@4170d568
07-10 21:16:32.340   214   214 D dalvikvm: GC_FOR_ALLOC freed 546K, 34% free 9767K/14663K, paused 19ms
07-10 21:16:32.394   214   216 D dalvikvm: GC_CONCURRENT freed 314K, 33% free 9903K/14663K, paused 2ms+3ms
07-10 21:16:32.500   214   216 D dalvikvm: GC_CONCURRENT freed 505K, 33% free 9835K/14663K, paused 2ms+3ms
07-10 21:17:17.851   144   198 D DhcpInfoInternal: makeLinkProperties with empty dns2!
07-10 21:17:17.859   144   198 D DhcpInfoInternal: makeLinkProperties with empty dns2!
07-10 21:17:54.312  3119  3133 I PhoneLab-: Service Running
07-10 21:17:54.390  3119  3133 I PhoneLab-LoggerService: app_37    1373  1     1440   1000  c00f181c 400107b4 S logcat
07-10 21:17:54.394  3119  3133 I PhoneLab-LoggerService: Logcat pid from database 1373
07-10 21:17:54.394  3119  3133 I PhoneLab-LoggerService: Logcat process found 1373
07-10 21:17:54.394  3119  3133 I PhoneLab-LoggerService: Checking Threshold
07-10 21:18:04.183   144   402 D dalvikvm: GC_EXPLICIT freed 1075K, 24% free 17128K/22343K, paused 3ms+8ms
07-10 21:18:04.211  7172  7175 D dalvikvm: GC_CONCURRENT freed 499K, 6% free 10287K/10887K, paused 2ms+3ms
07-10 21:18:04.265 31913 31916 D dalvikvm: GC_CONCURRENT freed 514K, 8% free 10349K/11207K, paused 2ms+7ms
07-10 21:19:02.195   344   344 D SAN_SERVICE: *******************************************
07-10 21:19:02.195   344   344 D SAN_SERVICE: DM App Phone Service State - 0
07-10 21:19:02.195   344   344 D SAN_SERVICE: *******************************************
07-10 21:19:02.762   344   344 D SAN_SERVICE: *******************************************
07-10 21:19:02.762   344   344 D SAN_SERVICE: DM App Phone Service State - 0
07-10 21:19:02.762   344   344 D SAN_SERVICE: *******************************************
07-10 21:19:04.176 31913 31916 D dalvikvm: GC_CONCURRENT freed 392K, 8% free 10345K/11207K, paused 2ms+3ms
07-10 21:19:24.371   344   344 D SAN_SERVICE: *******************************************
07-10 21:19:24.371   344   344 D SAN_SERVICE: DM App Phone Service State - 0
07-10 21:19:24.371   344   344 D SAN_SERVICE: *******************************************
07-10 21:19:24.578   344   344 D SAN_SERVICE: *******************************************
07-10 21:19:24.578   344   344 D SAN_SERVICE: DM App Phone Service State - 0
07-10 21:19:24.578   344   344 D SAN_SERVICE: *******************************************
07-10 21:19:38.027   344   344 D SAN_SERVICE: *******************************************
07-10 21:19:38.027   344   344 D SAN_SERVICE: DM App Phone Service State - 0
07-10 21:19:38.027   344   344 D SAN_SERVICE: *******************************************
07-10 21:19:38.773   344   344 D SAN_SERVICE: *******************************************
07-10 21:19:38.773   344   344 D SAN_SERVICE: DM App Phone Service State - 0
07-10 21:19:38.773   344   344 D SAN_SERVICE: *******************************************
07-10 21:19:42.504   144   198 D DhcpInfoInternal: makeLinkProperties with empty dns2!
07-10 21:19:42.504   144   198 D DhcpInfoInternal: makeLinkProperties with empty dns2!
07-10 21:19:54.312  3119  3133 I PhoneLab-: Service Running
07-10 21:19:54.414  3119  3133 I PhoneLab-LoggerService: app_37    1373  1     1440   1000  c00f181c 400107b4 S logcat
07-10 21:19:54.414  3119  3133 I PhoneLab-LoggerService: Logcat pid from database 1373
07-10 21:19:54.414  3119  3133 I PhoneLab-LoggerService: Logcat process found 1373
07-10 21:19:54.414  3119  3133 I PhoneLab-LoggerService: Checking Threshold
07-10 21:20:04.148  7172  7175 D dalvikvm: GC_CONCURRENT freed 505K, 6% free 10294K/10887K, paused 2ms+3ms
07-10 21:20:24.062   344   344 D SAN_SERVICE: *******************************************
07-10 21:20:24.062   344   344 D SAN_SERVICE: DM App Phone Service State - 0
07-10 21:20:24.062   344   344 D SAN_SERVICE: *******************************************
07-10 21:20:24.320   344   344 D SAN_SERVICE: *******************************************
07-10 21:20:24.320   344   344 D SAN_SERVICE: DM App Phone Service State - 0
07-10 21:20:24.320   344   344 D SAN_SERVICE: *******************************************
07-10 21:20:25.082   344   344 D SAN_SERVICE: *******************************************
07-10 21:20:25.082   344   344 D SAN_SERVICE: DM App Phone Service State - 0
07-10 21:20:25.082   344   344 D SAN_SERVICE: *******************************************
07-10 21:20:39.430   344   344 D SAN_SERVICE: *******************************************
07-10 21:20:39.430   344   344 D SAN_SERVICE: DM App Phone Service State - 0
07-10 21:20:39.430   344   344 D SAN_SERVICE: *******************************************
07-10 21:20:40.234   344   344 D SAN_SERVICE: *******************************************
07-10 21:20:40.234   344   344 D SAN_SERVICE: DM App Phone Service State - 0
07-10 21:20:40.234   344   344 D SAN_SERVICE: *******************************************
07-10 21:21:04.316 31913 31916 D dalvikvm: GC_CONCURRENT freed 495K, 8% free 10362K/11207K, paused 2ms+2ms
07-10 21:21:54.312  3119  3133 I PhoneLab-: Service Running
07-10 21:21:54.418  3119  3133 I PhoneLab-LoggerService: app_37    1373  1     1440   1000  c00f181c 400107b4 S logcat
07-10 21:21:54.418  3119  3133 I PhoneLab-LoggerService: Logcat pid from database 1373
07-10 21:21:54.418  3119  3133 I PhoneLab-LoggerService: Logcat process found 1373
07-10 21:21:54.418  3119  3133 I PhoneLab-LoggerService: Checking Threshold
07-10 21:22:04.262  7172  7175 D dalvikvm: GC_CONCURRENT freed 510K, 6% free 10296K/10887K, paused 1ms+2ms
07-10 21:22:07.180   144   198 D DhcpInfoInternal: makeLinkProperties with empty dns2!
07-10 21:22:07.180   144   198 D DhcpInfoInternal: makeLinkProperties with empty dns2!
07-10 21:22:18.094 16301 16303 D dalvikvm: GC_CONCURRENT freed 399K, 7% free 9872K/10567K, paused 2ms+4ms
07-10 21:23:04.390 31913 31916 D dalvikvm: GC_CONCURRENT freed 512K, 8% free 10359K/11207K, paused 1ms+3ms
07-10 21:23:18.144  3043  3046 D dalvikvm: GC_CONCURRENT freed 1216K, 54% free 12979K/27847K, paused 10ms+5ms
07-10 21:23:38.644   344   344 D SAN_SERVICE: *******************************************
07-10 21:23:38.648   344   344 D SAN_SERVICE: DM App Phone Service State - 0
07-10 21:23:38.648   344   344 D SAN_SERVICE: *******************************************
07-10 21:23:39.152   344   344 D SAN_SERVICE: *******************************************
07-10 21:23:39.152   344   344 D SAN_SERVICE: DM App Phone Service State - 0
07-10 21:23:39.152   344   344 D SAN_SERVICE: *******************************************
07-10 21:23:41.004  6032  6039 D dalvikvm: GC_CONCURRENT freed 839K, 11% free 11446K/12743K, paused 9ms+3ms
07-10 21:23:48.945   344   344 D SAN_SERVICE: *******************************************
07-10 21:23:48.945   344   344 D SAN_SERVICE: DM App Phone Service State - 0
07-10 21:23:48.945   344   344 D SAN_SERVICE: *******************************************
07-10 21:23:54.312  3119  3133 I PhoneLab-: Service Running
07-10 21:23:54.379  3119  3133 I PhoneLab-LoggerService: app_37    1373  1     1440   1000  c00f181c 400107b4 S logcat
07-10 21:23:54.383  3119  3133 I PhoneLab-LoggerService: Logcat pid from database 1373
07-10 21:23:54.383  3119  3133 I PhoneLab-LoggerService: Logcat process found 1373
07-10 21:23:54.383  3119  3133 I PhoneLab-LoggerService: Checking Threshold
07-10 21:24:04.363  7172  7175 D dalvikvm: GC_CONCURRENT freed 504K, 6% free 10303K/10887K, paused 2ms+3ms
07-10 21:24:04.492 31913 31916 D dalvikvm: GC_CONCURRENT freed 463K, 8% free 10356K/11207K, paused 2ms+3ms
07-10 21:24:31.848   144   198 D DhcpInfoInternal: makeLinkProperties with empty dns2!
07-10 21:24:31.848   144   198 D DhcpInfoInternal: makeLinkProperties with empty dns2!
07-10 21:25:26.113   344   344 D SAN_SERVICE: *******************************************
07-10 21:25:26.113   344   344 D SAN_SERVICE: DM App Phone Service State - 0
07-10 21:25:26.113   344   344 D SAN_SERVICE: *******************************************
07-10 21:25:26.922   344   344 D SAN_SERVICE: *******************************************
07-10 21:25:26.922   344   344 D SAN_SERVICE: DM App Phone Service State - 0
07-10 21:25:26.922   344   344 D SAN_SERVICE: *******************************************
07-10 21:25:41.543   344   344 D SAN_SERVICE: *******************************************
07-10 21:25:41.543   344   344 D SAN_SERVICE: DM App Phone Service State - 0
07-10 21:25:41.543   344   344 D SAN_SERVICE: *******************************************
07-10 21:25:42.043   344   344 D SAN_SERVICE: *******************************************
07-10 21:25:42.043   344   344 D SAN_SERVICE: DM App Phone Service State - 0
07-10 21:25:42.043   344   344 D SAN_SERVICE: *******************************************
07-10 21:25:54.312  3119  3133 I PhoneLab-: Service Running
07-10 21:25:54.414  3119  3133 I PhoneLab-LoggerService: app_37    1373  1     1440   1000  c00f181c 400107b4 S logcat
07-10 21:25:54.414  3119  3133 I PhoneLab-LoggerService: Logcat pid from database 1373
07-10 21:25:54.414  3119  3133 I PhoneLab-LoggerService: Logcat process found 1373
07-10 21:25:54.414  3119  3133 I PhoneLab-LoggerService: Checking Threshold
07-10 21:26:04.473  7172  7175 D dalvikvm: GC_CONCURRENT freed 500K, 6% free 10309K/10887K, paused 2ms+3ms
07-10 21:26:04.586 31913 31916 D dalvikvm: GC_CONCURRENT freed 515K, 8% free 10353K/11207K, paused 2ms+3ms
07-10 21:26:27.598   344   344 D SAN_SERVICE: *******************************************
07-10 21:26:27.598   344   344 D SAN_SERVICE: DM App Phone Service State - 0
07-10 21:26:27.598   344   344 D SAN_SERVICE: *******************************************
07-10 21:26:37.883   344   344 D SAN_SERVICE: *******************************************
07-10 21:26:37.883   344   344 D SAN_SERVICE: DM App Phone Service State - 0
07-10 21:26:37.883   344   344 D SAN_SERVICE: *******************************************
07-10 21:26:56.515   144   198 D DhcpInfoInternal: makeLinkProperties with empty dns2!
07-10 21:26:56.515   144   198 D DhcpInfoInternal: makeLinkProperties with empty dns2!
07-10 21:27:04.625   144   403 D dalvikvm: GC_EXPLICIT freed 1434K, 24% free 17168K/22343K, paused 3ms+9ms
07-10 21:27:54.312  3119  3133 I PhoneLab-: Service Running
07-10 21:27:54.422  3119  3133 I PhoneLab-LoggerService: app_37    1373  1     1440   1000  c00f181c 400107b4 S logcat
07-10 21:27:54.422  3119  3133 I PhoneLab-LoggerService: Logcat pid from database 1373
07-10 21:27:54.422  3119  3133 I PhoneLab-LoggerService: Logcat process found 1373
07-10 21:27:54.422  3119  3133 I PhoneLab-LoggerService: Checking Threshold
07-10 21:27:54.430  3119  3122 D dalvikvm: GC_CONCURRENT freed 400K, 18% free 9150K/11079K, paused 1ms+2ms
07-10 21:27:59.765   344   344 D SAN_SERVICE: *******************************************
07-10 21:27:59.765   344   344 D SAN_SERVICE: DM App Phone Service State - 0
07-10 21:27:59.769   344   344 D SAN_SERVICE: *******************************************
07-10 21:28:04.613  7172  7175 D dalvikvm: GC_CONCURRENT freed 555K, 6% free 10318K/10951K, paused 1ms+3ms
07-10 21:28:04.734 31913 31916 D dalvikvm: GC_CONCURRENT freed 508K, 8% free 10356K/11207K, paused 2ms+3ms
07-10 21:28:57.769   344   344 D SAN_SERVICE: *******************************************
07-10 21:28:57.769   344   344 D SAN_SERVICE: DM App Phone Service State - 0
07-10 21:28:57.769   344   344 D SAN_SERVICE: *******************************************
07-10 21:28:58.074   344   344 D SAN_SERVICE: *******************************************
07-10 21:28:58.074   344   344 D SAN_SERVICE: DM App Phone Service State - 0
07-10 21:28:58.078   344   344 D SAN_SERVICE: *******************************************
07-10 21:29:04.695 31913 31916 D dalvikvm: GC_CONCURRENT freed 469K, 8% free 10375K/11207K, paused 2ms+3ms
07-10 21:29:16.547   344   344 D SAN_SERVICE: *******************************************
07-10 21:29:16.547   344   344 D SAN_SERVICE: DM App Phone Service State - 0
07-10 21:29:16.551   344   344 D SAN_SERVICE: *******************************************
07-10 21:29:17.015   344   344 D SAN_SERVICE: *******************************************
07-10 21:29:17.015   344   344 D SAN_SERVICE: DM App Phone Service State - 0
07-10 21:29:17.015   344   344 D SAN_SERVICE: *******************************************
07-10 21:29:21.398   144   198 D DhcpInfoInternal: makeLinkProperties with empty dns2!
07-10 21:29:21.402   144   198 D DhcpInfoInternal: makeLinkProperties with empty dns2!
07-10 21:29:26.789   344   344 D SAN_SERVICE: *******************************************
07-10 21:29:26.789   344   344 D SAN_SERVICE: DM App Phone Service State - 0
07-10 21:29:26.789   344   344 D SAN_SERVICE: *******************************************
07-10 21:29:27.047   344   344 D SAN_SERVICE: *******************************************
07-10 21:29:27.047   344   344 D SAN_SERVICE: DM App Phone Service State - 0
07-10 21:29:27.047   344   344 D SAN_SERVICE: *******************************************
07-10 21:29:27.808   344   344 D SAN_SERVICE: *******************************************
07-10 21:29:27.808   344   344 D SAN_SERVICE: DM App Phone Service State - 0
07-10 21:29:27.808   344   344 D SAN_SERVICE: *******************************************
07-10 21:29:36.008  5714  7484 I EventLogService: Aggregate from 1341968375889 (log), 1341968375889 (data)
07-10 21:29:36.246  5714  5717 D dalvikvm: GC_CONCURRENT freed 504K, 7% free 11160K/11975K, paused 11ms+5ms
07-10 21:29:37.043   344   344 D SAN_SERVICE: *******************************************
07-10 21:29:37.043   344   344 D SAN_SERVICE: DM App Phone Service State - 0
07-10 21:29:37.043   344   344 D SAN_SERVICE: *******************************************
07-10 21:29:37.312   344   344 D SAN_SERVICE: *******************************************
07-10 21:29:37.312   344   344 D SAN_SERVICE: DM App Phone Service State - 0
07-10 21:29:37.312   344   344 D SAN_SERVICE: *******************************************
07-10 21:29:38.055   344   344 D SAN_SERVICE: *******************************************
07-10 21:29:38.058   344   344 D SAN_SERVICE: DM App Phone Service State - 0
07-10 21:29:38.058   344   344 D SAN_SERVICE: *******************************************
07-10 21:29:41.250 16301 16312 D dalvikvm: GC_EXPLICIT freed 266K, 8% free 9822K/10567K, paused 10ms+3ms
07-10 21:29:54.312  3119  3133 I PhoneLab-: Service Running
07-10 21:29:54.383  3119  3133 I PhoneLab-LoggerService: app_37    1373  1     1440   1000  c00f181c 400107b4 S logcat
07-10 21:29:54.383  3119  3133 I PhoneLab-LoggerService: Logcat pid from database 1373
07-10 21:29:54.383  3119  3133 I PhoneLab-LoggerService: Logcat process found 1373
07-10 21:29:54.383  3119  3133 I PhoneLab-LoggerService: Checking Threshold
07-10 21:30:04.695  7172  7175 D dalvikvm: GC_CONCURRENT freed 516K, 6% free 10313K/10951K, paused 2ms+3ms
07-10 21:30:04.750 31913 32393 D dalvikvm: GC_EXPLICIT freed 78K, 9% free 10297K/11207K, paused 2ms+3ms
07-10 21:30:12.910   344   344 D SAN_SERVICE: *******************************************
07-10 21:30:12.910   344   344 D SAN_SERVICE: DM App Phone Service State - 0
07-10 21:30:12.910   344   344 D SAN_SERVICE: *******************************************
07-10 21:30:13.664   344   344 D SAN_SERVICE: *******************************************
07-10 21:30:13.664   344   344 D SAN_SERVICE: DM App Phone Service State - 0
07-10 21:30:13.664   344   344 D SAN_SERVICE: *******************************************
07-10 21:30:28.258   344   344 D SAN_SERVICE: *******************************************
07-10 21:30:28.258   344   344 D SAN_SERVICE: DM App Phone Service State - 0
07-10 21:30:28.258   344   344 D SAN_SERVICE: *******************************************
07-10 21:30:28.754   344   344 D SAN_SERVICE: *******************************************
07-10 21:30:28.754   344   344 D SAN_SERVICE: DM App Phone Service State - 0
07-10 21:30:28.754   344   344 D SAN_SERVICE: *******************************************
07-10 21:31:04.898 31913 31916 D dalvikvm: GC_CONCURRENT freed 458K, 8% free 10351K/11207K, paused 2ms+23ms
07-10 21:31:04.926  7172  7175 D dalvikvm: GC_CONCURRENT freed 423K, 6% free 10402K/10951K, paused 2ms+7ms
07-10 21:31:46.265   144   198 D DhcpInfoInternal: makeLinkProperties with empty dns2!
07-10 21:31:46.277   144   198 D DhcpInfoInternal: makeLinkProperties with empty dns2!
07-10 21:31:54.312  3119  3133 I PhoneLab-: Service Running
07-10 21:31:54.383  3119  3133 I PhoneLab-LoggerService: app_37    1373  1     1440   1000  c00f181c 400107b4 S logcat
07-10 21:31:54.383  3119  3133 I PhoneLab-LoggerService: Logcat pid from database 1373
07-10 21:31:54.387  3119  3133 I PhoneLab-LoggerService: Logcat process found 1373
07-10 21:31:54.387  3119  3133 I PhoneLab-LoggerService: Checking Threshold
07-10 21:32:04.801  7172  7175 D dalvikvm: GC_CONCURRENT freed 483K, 6% free 10459K/11015K, paused 2ms+3ms
07-10 21:32:04.922 31913 31916 D dalvikvm: GC_CONCURRENT freed 401K, 8% free 10345K/11207K, paused 2ms+2ms
07-10 21:33:00.945   144   160 V BackupManagerService: Running a backup pass
07-10 21:33:00.945   144   213 V BackupManagerService: Backup requested but nothing pending
07-10 21:33:25.258  3043  7386 I DatabaseHelper: Begin cleanup.
07-10 21:33:25.637  3043  7386 I DatabaseHelper: Cleaned up: 1
07-10 21:33:43.129   144 10051 D dalvikvm: JIT code cache reset in 4 ms (1048500 bytes 23/0)
07-10 21:33:43.156   144 10051 D dalvikvm: GC_EXPLICIT freed 1128K, 24% free 17124K/22343K, paused 36ms+13ms
07-10 21:33:43.211   344   344 D SAN_SERVICE: *******************************************
07-10 21:33:43.211   344   344 D SAN_SERVICE: DM App Phone Service State - 0
07-10 21:33:43.211   344   344 D SAN_SERVICE: *******************************************
07-10 21:33:54.308  3119  3133 I PhoneLab-: Service Running
07-10 21:33:54.390  3119  3133 I PhoneLab-LoggerService: app_37    1373  1     1440   1000  c00f181c 400107b4 S logcat
07-10 21:33:54.390  3119  3133 I PhoneLab-LoggerService: Logcat pid from database 1373
07-10 21:33:54.390  3119  3133 I PhoneLab-LoggerService: Logcat process found 1373
07-10 21:33:54.390  3119  3133 I PhoneLab-LoggerService: Checking Threshold
07-10 21:33:55.500  7145  7148 D dalvikvm: GC_CONCURRENT freed 303K, 5% free 9683K/10119K, paused 23ms+67ms
07-10 21:33:55.531  7145  7392 W Gmail   : Successful index run, cancel next scheduled index run
07-10 21:33:56.098   144   173 I ActivityManager: Start proc com.google.android.maps.mytracks for service com.google.android.maps.mytracks/com.google.android.apps.mytracks.services.RemoveTempFilesService: pid=7393 uid=10072 gids={3003, 3002, 3001, 1015}
07-10 21:33:56.105  7393  7393 I dalvikvm: Turning on JNI app bug workarounds for target SDK version 7...
07-10 21:33:56.258  7393  7393 I ActivityThread: Pub com.google.android.maps.mytracks.search: com.google.android.apps.mytracks.content.SearchEngineProvider
07-10 21:33:56.258  7393  7393 I ActivityThread: Pub com.google.android.maps.mytracks: com.google.android.apps.mytracks.content.MyTracksProvider
07-10 21:33:56.328   144   144 I ActivityManager: No longer want com.google.android.apps.gesturesearch (pid 6637): hidden #16
07-10 21:34:05.000  7172  7175 D dalvikvm: GC_CONCURRENT freed 542K, 6% free 10454K/11079K, paused 2ms+3ms
07-10 21:34:05.066 31913 31916 D dalvikvm: GC_CONCURRENT freed 494K, 8% free 10362K/11207K, paused 2ms+3ms
07-10 21:34:11.129   144   198 D DhcpInfoInternal: makeLinkProperties with empty dns2!
07-10 21:34:11.140   144   198 D DhcpInfoInternal: makeLinkProperties with empty dns2!
07-10 21:34:13.535   344   344 D SAN_SERVICE: *******************************************
07-10 21:34:13.535   344   344 D SAN_SERVICE: DM App Phone Service State - 0
07-10 21:34:13.535   344   344 D SAN_SERVICE: *******************************************
07-10 21:34:14.269   344   344 D SAN_SERVICE: *******************************************
07-10 21:34:14.269   344   344 D SAN_SERVICE: DM App Phone Service State - 0
07-10 21:34:14.269   344   344 D SAN_SERVICE: *******************************************
07-10 21:34:23.758   344   344 D SAN_SERVICE: *******************************************
07-10 21:34:23.758   344   344 D SAN_SERVICE: DM App Phone Service State - 0
07-10 21:34:23.758   344   344 D SAN_SERVICE: *******************************************
07-10 21:35:00.012   144   161 I ActivityManager: No longer want com.google.android.apps.currents (pid 6837): hidden #16
07-10 21:35:05.027 31913 31916 D dalvikvm: GC_CONCURRENT freed 420K, 8% free 10348K/11207K, paused 2ms+12ms
07-10 21:35:54.316  3119  3133 I PhoneLab-: Service Running
07-10 21:35:54.383  3119  3133 I PhoneLab-LoggerService: app_37    1373  1     1440   1000  c00f181c 400107b4 S logcat
07-10 21:35:54.383  3119  3133 I PhoneLab-LoggerService: Logcat pid from database 1373
07-10 21:35:54.383  3119  3133 I PhoneLab-LoggerService: Logcat process found 1373
07-10 21:35:54.383  3119  3133 I PhoneLab-LoggerService: Checking Threshold
07-10 21:36:05.043  7172  7175 D dalvikvm: GC_CONCURRENT freed 512K, 6% free 10454K/11079K, paused 2ms+3ms
07-10 21:36:11.281   344   344 D SAN_SERVICE: *******************************************
07-10 21:36:11.281   344   344 D SAN_SERVICE: DM App Phone Service State - 0
07-10 21:36:11.285   344   344 D SAN_SERVICE: *******************************************
07-10 21:36:11.785   344   344 D SAN_SERVICE: *******************************************
07-10 21:36:11.785   344   344 D SAN_SERVICE: DM App Phone Service State - 0
07-10 21:36:11.785   344   344 D SAN_SERVICE: *******************************************
07-10 21:36:36.015   144   198 D DhcpInfoInternal: makeLinkProperties with empty dns2!
07-10 21:36:36.027   144   198 D DhcpInfoInternal: makeLinkProperties with empty dns2!
07-10 21:37:05.219 31913 31916 D dalvikvm: GC_CONCURRENT freed 477K, 8% free 10383K/11207K, paused 2ms+3ms
07-10 21:37:54.308  3119  3133 I PhoneLab-: Service Running
07-10 21:37:54.402  3119  3133 I PhoneLab-LoggerService: app_37    1373  1     1440   1000  c00f181c 400107b4 S logcat
07-10 21:37:54.406  3119  3133 I PhoneLab-LoggerService: Logcat pid from database 1373
07-10 21:37:54.406  3119  3133 I PhoneLab-LoggerService: Logcat process found 1373
07-10 21:37:54.406  3119  3133 I PhoneLab-LoggerService: Checking Threshold
07-10 21:38:05.191  7172  7175 D dalvikvm: GC_CONCURRENT freed 508K, 6% free 10458K/11079K, paused 2ms+3ms
07-10 21:38:27.109  3043  3046 D dalvikvm: GC_CONCURRENT freed 1172K, 54% free 13026K/27847K, paused 9ms+6ms
07-10 21:39:00.953   144   198 D DhcpInfoInternal: makeLinkProperties with empty dns2!
07-10 21:39:00.957   144   198 D DhcpInfoInternal: makeLinkProperties with empty dns2!
07-10 21:39:05.265 31913 31916 D dalvikvm: GC_CONCURRENT freed 537K, 8% free 10357K/11207K, paused 2ms+3ms
07-10 21:39:54.312  3119  3133 I PhoneLab-: Service Running
07-10 21:39:54.402  3119  3133 I PhoneLab-LoggerService: app_37    1373  1     1440   1000  c00f181c 400107b4 S logcat
07-10 21:39:54.402  3119  3133 I PhoneLab-LoggerService: Logcat pid from database 1373
07-10 21:39:54.402  3119  3133 I PhoneLab-LoggerService: Logcat process found 1373
07-10 21:39:54.402  3119  3133 I PhoneLab-LoggerService: Checking Threshold
07-10 21:40:05.215  7172  7175 D dalvikvm: GC_CONCURRENT freed 510K, 6% free 10459K/11079K, paused 2ms+2ms
07-10 21:40:05.348 31913 31916 D dalvikvm: GC_CONCURRENT freed 449K, 8% free 10357K/11207K, paused 2ms+3ms
07-10 21:41:05.387  5714  5717 D dalvikvm: GC_CONCURRENT freed 603K, 7% free 11149K/11975K, paused 2ms+19ms
07-10 21:41:05.430  5714  5816 D dalvikvm: GC_EXPLICIT freed 119K, 8% free 11029K/11975K, paused 2ms+4ms
07-10 21:41:25.601   144   198 D DhcpInfoInternal: makeLinkProperties with empty dns2!
07-10 21:41:25.601   144   198 D DhcpInfoInternal: makeLinkProperties with empty dns2!
07-10 21:41:54.312  3119  3133 I PhoneLab-: Service Running
07-10 21:41:54.414  3119  3133 I PhoneLab-LoggerService: app_37    1373  1     1440   1000  c00f181c 400107b4 S logcat
07-10 21:41:54.414  3119  3133 I PhoneLab-LoggerService: Logcat pid from database 1373
07-10 21:41:54.414  3119  3133 I PhoneLab-LoggerService: Logcat process found 1373
07-10 21:41:54.414  3119  3133 I PhoneLab-LoggerService: Checking Threshold
07-10 21:41:58.012  3119  3119 I PhoneLab-Locks: wake lock acquired
07-10 21:41:58.058  3119  7504 I PhoneLab-PeriodicCheckService: User info is synched
07-10 21:41:58.066  3119  7504 I PhoneLab-PeriodicCheckService: Logger Service is running
07-10 21:41:58.070  3119  3119 I PhoneLab-Locks: wake lock acquired
07-10 21:41:58.074  3119  3119 I PhoneLab-StatusMonitor: Status Monitoring is started
07-10 21:41:58.074  3119  7504 I PhoneLab-Locks: wake lock acquired
07-10 21:41:58.090  3119  7504 I PhoneLab-PeriodicCheckService: Rescheduling periodic checking...
07-10 21:41:58.094  3119  7504 I PhoneLab-Locks: wake lock released
07-10 21:41:58.098  3119  3119 E PhoneLab-PhoneLabManifest: java.io.FileNotFoundException: /data/data/edu.buffalo.cse.phonelab.phonelabservices/files/manifest.xml: open failed: ENOENT (No such file or directory)
07-10 21:41:58.098  3119  3119 I PhoneLab-Locks: wake lock released
07-10 21:41:58.101  3119  3119 I PhoneLab-UploadLogs: Transfering log files now
07-10 21:41:58.101  3119  3119 I PhoneLab-UploadLogs: No log files to transfer
07-10 21:41:58.105  3119  3119 I PhoneLab-Locks: wake lock released
07-10 21:41:58.105  3119  3119 I PhoneLab-UploadLogs: OnStartCommand
07-10 21:41:58.121  3119  3122 D dalvikvm: GC_CONCURRENT freed 434K, 18% free 9142K/11079K, paused 2ms+2ms
07-10 21:42:04.156   144   323 D dalvikvm: GC_EXPLICIT freed 1583K, 24% free 17166K/22343K, paused 17ms+11ms
07-10 21:42:05.488  7172  7175 D dalvikvm: GC_CONCURRENT freed 511K, 6% free 10459K/11079K, paused 2ms+2ms
07-10 21:42:05.613 31913 31916 D dalvikvm: GC_CONCURRENT freed 509K, 8% free 10359K/11207K, paused 1ms+3ms
07-10 21:42:09.109   214   216 D dalvikvm: GC_CONCURRENT freed 503K, 34% free 9716K/14663K, paused 19ms+2ms
07-10 21:43:21.371  6032  6039 D dalvikvm: GC_CONCURRENT freed 685K, 11% free 11442K/12743K, paused 29ms+3ms
07-10 21:43:22.465 16301 16303 D dalvikvm: GC_CONCURRENT freed 340K, 7% free 9871K/10567K, paused 2ms+3ms
07-10 21:43:50.449   144   198 D DhcpInfoInternal: makeLinkProperties with empty dns2!
07-10 21:43:50.453   144   198 D DhcpInfoInternal: makeLinkProperties with empty dns2!
07-10 21:43:52.109   344   344 D SAN_SERVICE: *******************************************
07-10 21:43:52.109   344   344 D SAN_SERVICE: DM App Phone Service State - 0
07-10 21:43:52.109   344   344 D SAN_SERVICE: *******************************************
07-10 21:43:52.379   344   344 D SAN_SERVICE: *******************************************
07-10 21:43:52.379   344   344 D SAN_SERVICE: DM App Phone Service State - 0
07-10 21:43:52.379   344   344 D SAN_SERVICE: *******************************************
07-10 21:43:54.308  3119  3133 I PhoneLab-: Service Running
07-10 21:43:54.394  3119  3133 I PhoneLab-LoggerService: app_37    1373  1     1440   1000  c00f181c 400107b4 S logcat
07-10 21:43:54.394  3119  3133 I PhoneLab-LoggerService: Logcat pid from database 1373
07-10 21:43:54.394  3119  3133 I PhoneLab-LoggerService: Logcat process found 1373
07-10 21:43:54.394  3119  3133 I PhoneLab-LoggerService: Checking Threshold
07-10 21:43:58.937   344   344 D SAN_SERVICE: *******************************************
07-10 21:43:58.937   344   344 D SAN_SERVICE: DM App Phone Service State - 0
07-10 21:43:58.937   344   344 D SAN_SERVICE: *******************************************
07-10 21:44:05.672  7172  7175 D dalvikvm: GC_CONCURRENT freed 516K, 6% free 10455K/11079K, paused 2ms+3ms
07-10 21:44:05.785 31913 31916 D dalvikvm: GC_CONCURRENT freed 521K, 8% free 10350K/11207K, paused 1ms+3ms
07-10 21:44:12.621   344   344 D SAN_SERVICE: *******************************************
07-10 21:44:12.621   344   344 D SAN_SERVICE: DM App Phone Service State - 0
07-10 21:44:12.621   344   344 D SAN_SERVICE: *******************************************
07-10 21:44:12.652   344   347 D dalvikvm: GC_CONCURRENT freed 907K, 15% free 12115K/14087K, paused 9ms+3ms
07-10 21:44:13.371   344   344 D SAN_SERVICE: *******************************************
07-10 21:44:13.371   344   344 D SAN_SERVICE: DM App Phone Service State - 0
07-10 21:44:13.371   344   344 D SAN_SERVICE: *******************************************
07-10 21:45:05.781 31913 31916 D dalvikvm: GC_CONCURRENT freed 452K, 8% free 10338K/11207K, paused 1ms+3ms
07-10 21:45:54.312  3119  3133 I PhoneLab-: Service Running
07-10 21:45:54.383  3119  3133 I PhoneLab-LoggerService: app_37    1373  1     1440   1000  c00f181c 400107b4 S logcat
07-10 21:45:54.387  3119  3133 I PhoneLab-LoggerService: Logcat pid from database 1373
07-10 21:45:54.387  3119  3133 I PhoneLab-LoggerService: Logcat process found 1373
07-10 21:45:54.387  3119  3133 I PhoneLab-LoggerService: Checking Threshold
07-10 21:46:04.426   144 24503 I ActivityManager: No longer want com.facebook.katana (pid 4840): hidden #16
07-10 21:46:04.426   144 24503 I ActivityManager: No longer want com.google.android.apps.googlevoice (pid 6925): hidden #17
07-10 21:46:04.445   144   144 W ActivityManager: Scheduling restart of crashed service com.google.android.apps.googlevoice/.UpdateService in 5000ms
07-10 21:46:04.445   144   144 W ActivityManager: Scheduling restart of crashed service com.google.android.apps.googlevoice/.CallLogService in 15000ms
07-10 21:46:04.449   144   376 W ActivityManager: Scheduling restart of crashed service com.facebook.katana/.service.MediaUploadService in 24996ms
07-10 21:46:05.758  7172  7175 D dalvikvm: GC_CONCURRENT freed 509K, 6% free 10457K/11079K, paused 2ms+3ms
07-10 21:46:07.762   144   179 I ActivityManager: START {act=android.intent.action.MAIN cat=[android.intent.category.HOME] flg=0x10200000 cmp=com.android.launcher/com.android.launcher2.Launcher} from pid 144
07-10 21:46:08.027  6032  6032 W IInputConnectionWrapper: showStatusIcon on inactive InputConnection
07-10 21:46:08.027   144   155 W InputManagerService: Starting input on non-focused client com.android.internal.view.IInputMethodClient$Stub$Proxy@417d85e8 (uid=10068 pid=6032)
07-10 21:46:09.492   144   161 I ActivityManager: Start proc com.google.android.apps.googlevoice for service com.google.android.apps.googlevoice/.UpdateService: pid=7542 uid=10054 gids={3003, 1015}
07-10 21:46:09.820  7542  7545 D dalvikvm: GC_CONCURRENT freed 240K, 4% free 9290K/9607K, paused 8ms+4ms
07-10 21:46:10.293  7542  7545 D dalvikvm: GC_CONCURRENT freed 400K, 5% free 9453K/9927K, paused 2ms+12ms
07-10 21:46:10.301  7542  7551 W CursorWrapperInner: Cursor finalized without prior close()
07-10 21:46:10.301  7542  7551 W CursorWrapperInner: Cursor finalized without prior close()
07-10 21:46:10.301  7542  7551 W CursorWrapperInner: Cursor finalized without prior close()
07-10 21:46:10.500  7542  7545 D dalvikvm: GC_CONCURRENT freed 308K, 5% free 9638K/10055K, paused 2ms+5ms
07-10 21:46:10.523 16301 16303 D dalvikvm: GC_CONCURRENT freed 408K, 7% free 9931K/10567K, paused 2ms+15ms
07-10 21:46:10.765   144   323 D dalvikvm: GC_EXPLICIT freed 966K, 24% free 17103K/22343K, paused 3ms+7ms
07-10 21:46:10.840 16301 16934 D dalvikvm: GC_EXPLICIT freed 279K, 7% free 9871K/10567K, paused 2ms+4ms
07-10 21:46:15.340   144   198 D DhcpInfoInternal: makeLinkProperties with empty dns2!
07-10 21:46:15.351   144   198 D DhcpInfoInternal: makeLinkProperties with empty dns2!
07-10 21:46:19.547  7542  7545 D dalvikvm: GC_CONCURRENT freed 229K, 5% free 9821K/10247K, paused 2ms+3ms
07-10 21:46:25.707   344   344 D SAN_SERVICE: *******************************************
07-10 21:46:25.707   344   344 D SAN_SERVICE: DM App Phone Service State - 0
07-10 21:46:25.707   344   344 D SAN_SERVICE: *******************************************
07-10 21:46:25.949   344   344 D SAN_SERVICE: *******************************************
07-10 21:46:25.949   344   344 D SAN_SERVICE: DM App Phone Service State - 0
07-10 21:46:25.949   344   344 D SAN_SERVICE: *******************************************
07-10 21:46:29.527   144   161 I ActivityManager: Start proc com.facebook.katana for service com.facebook.katana/.service.MediaUploadService: pid=7585 uid=10071 gids={3003, 1006, 1015}
07-10 21:46:29.535  7585  7585 I dalvikvm: Turning on JNI app bug workarounds for target SDK version 7...
07-10 21:46:29.723  7585  7587 D dalvikvm: GC_CONCURRENT freed 153K, 3% free 9383K/9607K, paused 2ms+2ms
07-10 21:46:29.937  7585  7585 I ActivityThread: Pub com.facebook.katana.provider.LoggingProvider: com.facebook.katana.provider.LoggingProvider
07-10 21:46:30.004  7585  7585 I ActivityThread: Pub com.facebook.katana.provider.KeyValueProvider: com.facebook.katana.provider.KeyValueProvider
07-10 21:46:30.008  7585  7585 I ActivityThread: Pub com.facebook.katana.provider.CacheProvider: com.facebook.katana.provider.CacheProvider
07-10 21:46:30.008  7585  7585 I ActivityThread: Pub com.facebook.katana.provider.MailboxProvider: com.facebook.katana.provider.MailboxProvider
07-10 21:46:30.015  7585  7585 I ActivityThread: Pub com.facebook.katana.provider.UserStatusesProvider: com.facebook.katana.provider.UserStatusesProvider
07-10 21:46:30.015  7585  7585 I ActivityThread: Pub com.facebook.katana.provider.EventsProvider: com.facebook.katana.provider.EventsProvider
07-10 21:46:30.019  7585  7585 I ActivityThread: Pub com.facebook.katana.provider.NotificationsProvider: com.facebook.katana.provider.NotificationsProvider
07-10 21:46:30.019  7585  7585 I ActivityThread: Pub com.facebook.katana.provider.UserValuesProvider: com.facebook.katana.provider.UserValuesProvider
07-10 21:46:30.023  7585  7585 I ActivityThread: Pub com.facebook.katana.provider.PagesProvider: com.facebook.katana.provider.PagesProvider
07-10 21:46:30.023  7585  7585 I ActivityThread: Pub com.facebook.katana.provider.MobileEventLogProvider: com.facebook.katana.provider.MobileEventLogProvider
07-10 21:46:30.023  7585  7585 I ActivityThread: Pub com.facebook.katana.provider.PushNotificationsProvider: com.facebook.katana.provider.PushNotificationsProvider
07-10 21:46:30.023  7585  7585 I ActivityThread: Pub com.facebook.katana.provider.PhotosProvider: com.facebook.katana.provider.PhotosProvider
07-10 21:46:30.027  7585  7585 I ActivityThread: Pub com.facebook.katana.provider.ConnectionsProvider: com.facebook.katana.provider.ConnectionsProvider
07-10 21:46:30.043  7585  7587 D dalvikvm: GC_CONCURRENT freed 162K, 3% free 9724K/9991K, paused 6ms+2ms
07-10 21:46:30.058  7585  7585 I ActivityThread: Pub com.facebook.orca.notify.FbandroidMessagesForegroundProvider: com.facebook.orca.notify.FbandroidMessagesForegroundProvider
07-10 21:46:30.094  7585  7585 D ACRA    : Retrieve application default SharedPreferences.
07-10 21:46:30.098  7585  7585 D ACRA    : Set OnSharedPreferenceChangeListener.
07-10 21:46:30.105  7585  7585 D ACRA    : ACRA is enabled for com.facebook.katana, intializing...
07-10 21:46:30.140  7585  7585 D ACRA    : Looking for error files in /data/data/com.facebook.katana/app_acra-reports
07-10 21:46:30.211  7585  7585 W nalizableReferenceQueue: Could not load Finalizer in its own class loader.Loading Finalizer in the current class loader instead. As a result, you will not be ableto garbage collect this class loader. To support reclaiming this class loader, eitherresolve the underlying issue, or move Google Collections to your system class path.
07-10 21:46:30.211  7585  7585 W nalizableReferenceQueue: java.io.FileNotFoundException: com/google/common/base/internal/Finalizer.class
07-10 21:46:30.211  7585  7585 W nalizableReferenceQueue: 	at com.google.common.base.FinalizableReferenceQueue$DecoupledLoader.getBaseUrl(FinalizableReferenceQueue.java:243)
07-10 21:46:30.211  7585  7585 W nalizableReferenceQueue: 	at com.google.common.base.FinalizableReferenceQueue$DecoupledLoader.loadFinalizer(FinalizableReferenceQueue.java:227)
07-10 21:46:30.211  7585  7585 W nalizableReferenceQueue: 	at com.google.common.base.FinalizableReferenceQueue.loadFinalizer(FinalizableReferenceQueue.java:155)
07-10 21:46:30.211  7585  7585 W nalizableReferenceQueue: 	at com.google.common.base.FinalizableReferenceQueue.<clinit>(FinalizableReferenceQueue.java:84)
07-10 21:46:30.211  7585  7585 W nalizableReferenceQueue: 	at com.google.common.collect.CustomConcurrentHashMap$QueueHolder.<clinit>(CustomConcurrentHashMap.java:650)
07-10 21:46:30.211  7585  7585 W nalizableReferenceQueue: 	at com.google.common.collect.CustomConcurrentHashMap$WeakEntry.<init>(CustomConcurrentHashMap.java:1342)
07-10 21:46:30.211  7585  7585 W nalizableReferenceQueue: 	at com.google.common.collect.CustomConcurrentHashMap$EntryFactory$9.newEntry(CustomConcurrentHashMap.java:453)
07-10 21:46:30.211  7585  7585 W nalizableReferenceQueue: 	at com.google.common.collect.CustomConcurrentHashMap.a(CustomConcurrentHashMap.java:1715)
07-10 21:46:30.211  7585  7585 W nalizableReferenceQueue: 	at com.google.common.collect.ComputingConcurrentHashMap$ComputingSegment.a(ComputingConcurrentHashMap.java:123)
07-10 21:46:30.211  7585  7585 W nalizableReferenceQueue: 	at com.google.common.collect.ComputingConcurrentHashMap.apply(ComputingConcurrentHashMap.java:71)
07-10 21:46:30.211  7585  7585 W nalizableReferenceQueue: 	at com.google.common.collect.MapMaker$ComputingMapAdapter.get(MapMaker.java:848)
07-10 21:46:30.211  7585  7585 W nalizableReferenceQueue: 	at com.google.inject.internal.Annotations$AnnotationChecker.a(Annotations.java:94)
07-10 21:46:30.211  7585  7585 W nalizableReferenceQueue: 	at com.google.inject.internal.Annotations.c(Annotations.java:112)
07-10 21:46:30.211  7585  7585 W nalizableReferenceQueue: 	at com.google.inject.Key.d(Key.java:369)
07-10 21:46:30.211  7585  7585 W nalizableReferenceQueue: 	at com.google.inject.Key.b(Key.java:356)
07-10 21:46:30.211  7585  7585 W nalizableReferenceQueue: 	at com.google.inject.Key.a(Key.java:267)
07-10 21:46:30.211  7585  7585 W nalizableReferenceQueue: 	at com.facebook.orca.inject.binder.AnnotatedBindingBuilderImpl.a(AnnotatedBindingBuilderImpl.java:22)
07-10 21:46:30.211  7585  7585 W nalizableReferenceQueue: 	at com.facebook.orca.app.FbBaseModule.a(FbBaseModule.java:74)
07-10 21:46:30.211  7585  7585 W nalizableReferenceQueue: 	at com.facebook.orca.inject.AbstractModule.a(AbstractModule.java:19)
07-10 21:46:30.211  7585  7585 W nalizableReferenceQueue: 	at com.facebook.orca.inject.FbInjectorImpl.a(FbInjectorImpl.java:61)
07-10 21:46:30.211  7585  7585 W nalizableReferenceQueue: 	at com.facebook.orca.inject.FbInjectorImpl.<init>(FbInjectorImpl.java:41)
07-10 21:46:30.211  7585  7585 W nalizableReferenceQueue: 	at com.facebook.orca.inject.FbInjector.a(FbInjector.java:40)
07-10 21:46:30.211  7585  7585 W nalizableReferenceQueue: 	at com.facebook.katana.FacebookApplication.onCreate(FacebookApplication.java:86)
07-10 21:46:30.211  7585  7585 W nalizableReferenceQueue: 	at android.app.Instrumentation.callApplicationOnCreate(Instrumentation.java:969)
07-10 21:46:30.211  7585  7585 W nalizableReferenceQueue: 	at android.app.ActivityThread.handleBindApplication(ActivityThread.java:3954)
07-10 21:46:30.211  7585  7585 W nalizableReferenceQueue: 	at android.app.ActivityThread.access$1300(ActivityThread.java:123)
07-10 21:46:30.211  7585  7585 W nalizableReferenceQueue: 	at android.app.ActivityThread$H.handleMessage(ActivityThread.java:1185)
07-10 21:46:30.211  7585  7585 W nalizableReferenceQueue: 	at android.os.Handler.dispatchMessage(Handler.java:99)
07-10 21:46:30.211  7585  7585 W nalizableReferenceQueue: 	at android.os.Looper.loop(Looper.java:137)
07-10 21:46:30.211  7585  7585 W nalizableReferenceQueue: 	at android.app.ActivityThread.main(ActivityThread.java:4424)
07-10 21:46:30.211  7585  7585 W nalizableReferenceQueue: 	at java.lang.reflect.Method.invokeNative(Native Method)
07-10 21:46:30.211  7585  7585 W nalizableReferenceQueue: 	at java.lang.reflect.Method.invoke(Method.java:511)
07-10 21:46:30.211  7585  7585 W nalizableReferenceQueue: 	at com.android.internal.os.ZygoteInit$MethodAndArgsCaller.run(ZygoteInit.java:784)
07-10 21:46:30.211  7585  7585 W nalizableReferenceQueue: 	at com.android.internal.os.ZygoteInit.main(ZygoteInit.java:551)
07-10 21:46:30.211  7585  7585 W nalizableReferenceQueue: 	at dalvik.system.NativeStart.main(Native Method)
07-10 21:46:30.215  7585  7585 I Finalizer: Couldn't access Thread.inheritableThreadLocals. Reference finalizer threads will inherit thread local values.
07-10 21:46:30.285  7585  7587 D dalvikvm: GC_CONCURRENT freed 370K, 5% free 9870K/10311K, paused 2ms+3ms
07-10 21:46:30.433  7585  7587 D dalvikvm: GC_CONCURRENT freed 383K, 5% free 10016K/10503K, paused 2ms+3ms
07-10 21:46:30.644  7585  7587 D dalvikvm: GC_CONCURRENT freed 395K, 5% free 10165K/10631K, paused 2ms+5ms
07-10 21:46:30.988  7585  7601 W Resources: Converting to string: TypedValue{t=0x10/d=0xffffffff a=-1}
07-10 21:46:31.125  7585  7587 D dalvikvm: GC_CONCURRENT freed 295K, 5% free 10283K/10759K, paused 2ms+3ms
07-10 21:46:31.523  7585  7587 D dalvikvm: GC_CONCURRENT freed 315K, 4% free 10409K/10823K, paused 3ms+4ms
07-10 21:46:32.555  7585  7587 D dalvikvm: GC_CONCURRENT freed 320K, 5% free 10502K/10951K, paused 5ms+3ms
07-10 21:46:32.762  7585  7587 D dalvikvm: GC_CONCURRENT freed 369K, 5% free 10586K/11079K, paused 5ms+3ms
07-10 21:46:33.133  7585  7587 D dalvikvm: GC_CONCURRENT freed 313K, 4% free 10700K/11143K, paused 2ms+3ms
07-10 21:46:42.406  7585  7587 D dalvikvm: GC_CONCURRENT freed 448K, 6% free 10691K/11271K, paused 2ms+3ms
07-10 21:47:02.101   344   344 D SAN_SERVICE: *******************************************
07-10 21:47:02.101   344   344 D SAN_SERVICE: DM App Phone Service State - 0
07-10 21:47:02.101   344   344 D SAN_SERVICE: *******************************************
07-10 21:47:05.883 31913 31916 D dalvikvm: GC_CONCURRENT freed 464K, 8% free 10385K/11207K, paused 2ms+3ms
07-10 21:47:12.098   344   344 D SAN_SERVICE: *******************************************
07-10 21:47:12.098   344   344 D SAN_SERVICE: DM App Phone Service State - 0
07-10 21:47:12.098   344   344 D SAN_SERVICE: *******************************************
07-10 21:47:12.406   344   344 D SAN_SERVICE: *******************************************
07-10 21:47:12.406   344   344 D SAN_SERVICE: DM App Phone Service State - 0
07-10 21:47:12.406   344   344 D SAN_SERVICE: *******************************************
07-10 21:47:54.312  3119  3133 I PhoneLab-: Service Running
07-10 21:47:54.433  3119  3133 I PhoneLab-LoggerService: app_37    1373  1     1440   1000  c00f181c 400107b4 S logcat
07-10 21:47:54.433  3119  3133 I PhoneLab-LoggerService: Logcat pid from database 1373
07-10 21:47:54.433  3119  3133 I PhoneLab-LoggerService: Logcat process found 1373
07-10 21:47:54.433  3119  3133 I PhoneLab-LoggerService: Checking Threshold
07-10 21:48:05.859  7172  7175 D dalvikvm: GC_CONCURRENT freed 504K, 6% free 10464K/11079K, paused 2ms+3ms
07-10 21:48:05.988 31913 31916 D dalvikvm: GC_CONCURRENT freed 447K, 8% free 10348K/11207K, paused 1ms+2ms
07-10 21:48:24.281   344   344 D SAN_SERVICE: *******************************************
07-10 21:48:24.281   344   344 D SAN_SERVICE: DM App Phone Service State - 0
07-10 21:48:24.281   344   344 D SAN_SERVICE: *******************************************
07-10 21:48:32.703  3043  3046 D dalvikvm: GC_CONCURRENT freed 1235K, 54% free 13012K/27847K, paused 3ms+6ms
07-10 21:48:40.238   144   198 D DhcpInfoInternal: makeLinkProperties with empty dns2!
07-10 21:48:40.250   144   198 D DhcpInfoInternal: makeLinkProperties with empty dns2!
07-10 21:48:45.707   344   344 D SAN_SERVICE: *******************************************
07-10 21:48:45.711   344   344 D SAN_SERVICE: DM App Phone Service State - 0
07-10 21:48:45.711   344   344 D SAN_SERVICE: *******************************************
07-10 21:48:46.449   344   344 D SAN_SERVICE: *******************************************
07-10 21:48:46.449   344   344 D SAN_SERVICE: DM App Phone Service State - 0
07-10 21:48:46.449   344   344 D SAN_SERVICE: *******************************************
07-10 21:48:54.508   344   344 D SAN_SERVICE: *******************************************
07-10 21:48:54.508   344   344 D SAN_SERVICE: DM App Phone Service State - 0
07-10 21:48:54.508   344   344 D SAN_SERVICE: *******************************************
07-10 21:48:55.437  7585  7587 D dalvikvm: GC_CONCURRENT freed 474K, 5% free 10790K/11335K, paused 7ms+4ms
07-10 21:49:04.430   344   344 D SAN_SERVICE: *******************************************
07-10 21:49:04.430   344   344 D SAN_SERVICE: DM App Phone Service State - 0
07-10 21:49:04.430   344   344 D SAN_SERVICE: *******************************************
07-10 21:49:04.660   344   344 D SAN_SERVICE: *******************************************
07-10 21:49:04.660   344   344 D SAN_SERVICE: DM App Phone Service State - 0
07-10 21:49:04.660   344   344 D SAN_SERVICE: *******************************************
07-10 21:49:05.164   344   344 D SAN_SERVICE: *******************************************
07-10 21:49:05.164   344   344 D SAN_SERVICE: DM App Phone Service State - 0
07-10 21:49:05.164   344   344 D SAN_SERVICE: *******************************************
07-10 21:49:14.738   344   344 D SAN_SERVICE: *******************************************
07-10 21:49:14.738   344   344 D SAN_SERVICE: DM App Phone Service State - 0
07-10 21:49:14.738   344   344 D SAN_SERVICE: *******************************************
07-10 21:49:14.777  7172  7175 D dalvikvm: GC_CONCURRENT freed 398K, 6% free 10450K/11079K, paused 3ms+3ms
07-10 21:49:25.976   144 30930 D AlarmManagerService: Kernel timezone updated to 240 minutes west of GMT
07-10 21:49:25.980   344   344 D SystemClock: Setting time of day to sec=1341971366
07-10 21:49:26.107  6713  6726 V AlarmClock: AlarmInitReceiver finished
07-10 21:49:26.307   344   344 D SAN_SERVICE: *******************************************
07-10 21:49:26.307   344   344 D SAN_SERVICE: DM App Phone Service State - 0
07-10 21:49:26.307   344   344 D SAN_SERVICE: *******************************************
07-10 21:49:27.084   344   344 D SAN_SERVICE: *******************************************
07-10 21:49:27.084   344   344 D SAN_SERVICE: DM App Phone Service State - 0
07-10 21:49:27.084   344   344 D SAN_SERVICE: *******************************************
07-10 21:49:29.166   144 24503 D dalvikvm: GC_EXPLICIT freed 828K, 24% free 17125K/22343K, paused 31ms+8ms
07-10 21:49:29.221   344   344 D SAN_SERVICE: *******************************************
07-10 21:49:29.221   344   344 D SAN_SERVICE: DM App Phone Service State - 0
07-10 21:49:29.221   344   344 D SAN_SERVICE: *******************************************
07-10 21:49:34.010   344   344 D SAN_SERVICE: *******************************************
07-10 21:49:34.010   344   344 D SAN_SERVICE: DM App Phone Service State - 0
07-10 21:49:34.010   344   344 D SAN_SERVICE: *******************************************
07-10 21:49:34.826   344   344 D SAN_SERVICE: *******************************************
07-10 21:49:34.830   344   344 D SAN_SERVICE: DM App Phone Service State - 0
07-10 21:49:34.830   344   344 D SAN_SERVICE: *******************************************
07-10 21:49:39.092   144  9084 D AlarmManagerService: Kernel timezone updated to 240 minutes west of GMT
07-10 21:49:39.103   344   344 D SAN_SERVICE: *******************************************
07-10 21:49:39.103   344   344 D SAN_SERVICE: DM App Phone Service State - 0
07-10 21:49:39.103   344   344 D SAN_SERVICE: *******************************************
07-10 21:49:40.682   344   344 D SAN_SERVICE: *******************************************
07-10 21:49:40.682   344   344 D SAN_SERVICE: DM App Phone Service State - 0
07-10 21:49:40.682   344   344 D SAN_SERVICE: *******************************************
07-10 21:49:41.455   344   344 D SAN_SERVICE: *******************************************
07-10 21:49:41.455   344   344 D SAN_SERVICE: DM App Phone Service State - 0
07-10 21:49:41.455   344   344 D SAN_SERVICE: *******************************************
07-10 21:49:44.240   344   344 D SAN_SERVICE: *******************************************
07-10 21:49:44.240   344   344 D SAN_SERVICE: DM App Phone Service State - 0
07-10 21:49:44.240   344   344 D SAN_SERVICE: *******************************************
07-10 21:49:44.510   344   344 D SAN_SERVICE: *******************************************
07-10 21:49:44.510   344   344 D SAN_SERVICE: DM App Phone Service State - 0
07-10 21:49:44.510   344   344 D SAN_SERVICE: *******************************************
07-10 21:49:45.768   344   344 D SAN_SERVICE: *******************************************
07-10 21:49:45.768   344   344 D SAN_SERVICE: DM App Phone Service State - 0
07-10 21:49:45.768   344   344 D SAN_SERVICE: *******************************************
07-10 21:49:46.322   344   344 D SAN_SERVICE: *******************************************
07-10 21:49:46.322   344   344 D SAN_SERVICE: DM App Phone Service State - 0
07-10 21:49:46.322   344   344 D SAN_SERVICE: *******************************************
07-10 21:49:46.564   344   344 D SAN_SERVICE: *******************************************
07-10 21:49:46.564   344   344 D SAN_SERVICE: DM App Phone Service State - 0
07-10 21:49:46.564   344   344 D SAN_SERVICE: *******************************************
07-10 21:49:54.385  3119  3133 I PhoneLab-: Service Running
07-10 21:49:54.478  3119  3133 I PhoneLab-LoggerService: app_37    1373  1     1440   1000  c00f181c 400107b4 S logcat
07-10 21:49:54.478  3119  3133 I PhoneLab-LoggerService: Logcat pid from database 1373
07-10 21:49:54.478  3119  3133 I PhoneLab-LoggerService: Logcat process found 1373
07-10 21:49:54.478  3119  3133 I PhoneLab-LoggerService: Checking Threshold
07-10 21:50:06.146 31913 31916 D dalvikvm: GC_CONCURRENT freed 491K, 8% free 10363K/11207K, paused 2ms+2ms
07-10 21:50:21.389   344   344 D SAN_SERVICE: *******************************************
07-10 21:50:21.389   344   344 D SAN_SERVICE: DM App Phone Service State - 0
07-10 21:50:21.389   344   344 D SAN_SERVICE: *******************************************
07-10 21:50:36.752   344   344 D SAN_SERVICE: *******************************************
07-10 21:50:36.752   344   344 D SAN_SERVICE: DM App Phone Service State - 0
07-10 21:50:36.752   344   344 D SAN_SERVICE: *******************************************
07-10 21:50:37.529   344   344 D SAN_SERVICE: *******************************************
07-10 21:50:37.529   344   344 D SAN_SERVICE: DM App Phone Service State - 0
07-10 21:50:37.529   344   344 D SAN_SERVICE: *******************************************
07-10 21:50:46.975   344   344 D SAN_SERVICE: *******************************************
07-10 21:50:46.975   344   344 D SAN_SERVICE: DM App Phone Service State - 0
07-10 21:50:46.975   344   344 D SAN_SERVICE: *******************************************
07-10 21:50:47.467   344   344 D SAN_SERVICE: *******************************************
07-10 21:50:47.467   344   344 D SAN_SERVICE: DM App Phone Service State - 0
07-10 21:50:47.467   344   344 D SAN_SERVICE: *******************************************
07-10 21:50:47.908   344   344 D SAN_SERVICE: *******************************************
07-10 21:50:47.908   344   344 D SAN_SERVICE: DM App Phone Service State - 0
07-10 21:50:47.908   344   344 D SAN_SERVICE: *******************************************
07-10 21:50:47.959   344   344 D SAN_SERVICE: *******************************************
07-10 21:50:47.959   344   344 D SAN_SERVICE: DM App Phone Service State - 0
07-10 21:50:47.959   344   344 D SAN_SERVICE: *******************************************
07-10 21:50:57.221   344   344 D SAN_SERVICE: *******************************************
07-10 21:50:57.221   344   344 D SAN_SERVICE: DM App Phone Service State - 0
07-10 21:50:57.221   344   344 D SAN_SERVICE: *******************************************
07-10 21:51:05.213   144   198 D DhcpInfoInternal: makeLinkProperties with empty dns2!
07-10 21:51:05.221   144   198 D DhcpInfoInternal: makeLinkProperties with empty dns2!
07-10 21:51:06.150  7172  7175 D dalvikvm: GC_CONCURRENT freed 499K, 6% free 10462K/11079K, paused 1ms+3ms
07-10 21:51:06.291 31913 31916 D dalvikvm: GC_CONCURRENT freed 411K, 8% free 10344K/11207K, paused 2ms+2ms
07-10 21:51:07.420   344   344 D SAN_SERVICE: *******************************************
07-10 21:51:07.420   344   344 D SAN_SERVICE: DM App Phone Service State - 0
07-10 21:51:07.420   344   344 D SAN_SERVICE: *******************************************
07-10 21:51:07.635   344   344 D SAN_SERVICE: *******************************************
07-10 21:51:07.635   344   344 D SAN_SERVICE: DM App Phone Service State - 0
07-10 21:51:07.635   344   344 D SAN_SERVICE: *******************************************
07-10 21:51:08.436   344   344 D SAN_SERVICE: *******************************************
07-10 21:51:08.436   344   344 D SAN_SERVICE: DM App Phone Service State - 0
07-10 21:51:08.436   344   344 D SAN_SERVICE: *******************************************
07-10 21:51:29.650   344   344 D SAN_SERVICE: *******************************************
07-10 21:51:29.650   344   344 D SAN_SERVICE: DM App Phone Service State - 0
07-10 21:51:29.650   344   344 D SAN_SERVICE: *******************************************
07-10 21:51:29.850   344   344 D SAN_SERVICE: *******************************************
07-10 21:51:29.850   344   344 D SAN_SERVICE: DM App Phone Service State - 0
07-10 21:51:29.850   344   344 D SAN_SERVICE: *******************************************
07-10 21:51:43.303   344   344 D SAN_SERVICE: *******************************************
07-10 21:51:43.303   344   344 D SAN_SERVICE: DM App Phone Service State - 0
07-10 21:51:43.303   344   344 D SAN_SERVICE: *******************************************
07-10 21:51:43.553   344   344 D SAN_SERVICE: *******************************************
07-10 21:51:43.553   344   344 D SAN_SERVICE: DM App Phone Service State - 0
07-10 21:51:43.553   344   344 D SAN_SERVICE: *******************************************
07-10 21:51:43.670   344   344 D SAN_SERVICE: *******************************************
07-10 21:51:43.670   344   344 D SAN_SERVICE: DM App Phone Service State - 0
07-10 21:51:43.670   344   344 D SAN_SERVICE: *******************************************
07-10 21:51:54.311  3119  3133 I PhoneLab-: Service Running
07-10 21:51:54.396  3119  3133 I PhoneLab-LoggerService: app_37    1373  1     1440   1000  c00f181c 400107b4 S logcat
07-10 21:51:54.396  3119  3133 I PhoneLab-LoggerService: Logcat pid from database 1373
07-10 21:51:54.396  3119  3133 I PhoneLab-LoggerService: Logcat process found 1373
07-10 21:51:54.396  3119  3133 I PhoneLab-LoggerService: Checking Threshold
07-10 21:52:06.248  7172  7175 D dalvikvm: GC_CONCURRENT freed 499K, 6% free 10474K/11079K, paused 2ms+3ms
07-10 21:52:24.998   144   155 D AlarmManagerService: Kernel timezone updated to 240 minutes west of GMT
07-10 21:52:25.279   344   344 D SAN_SERVICE: *******************************************
07-10 21:52:25.279   344   344 D SAN_SERVICE: DM App Phone Service State - 0
07-10 21:52:25.279   344   344 D SAN_SERVICE: *******************************************
07-10 21:52:26.068   344   344 D SAN_SERVICE: *******************************************
07-10 21:52:26.068   344   344 D SAN_SERVICE: DM App Phone Service State - 0
07-10 21:52:26.068   344   344 D SAN_SERVICE: *******************************************
07-10 21:52:26.283   344   344 D SAN_SERVICE: *******************************************
07-10 21:52:26.283   344   344 D SAN_SERVICE: DM App Phone Service State - 0
07-10 21:52:26.283   344   344 D SAN_SERVICE: *******************************************
07-10 21:53:06.357  5714  5717 D dalvikvm: GC_CONCURRENT freed 465K, 8% free 11117K/11975K, paused 2ms+37ms
07-10 21:53:06.424 31913 31916 D dalvikvm: GC_CONCURRENT freed 484K, 8% free 10366K/11207K, paused 2ms+3ms
07-10 21:53:29.873   144   198 D DhcpInfoInternal: makeLinkProperties with empty dns2!
07-10 21:53:29.873   144   198 D DhcpInfoInternal: makeLinkProperties with empty dns2!
07-10 21:53:51.994   144   168 I ActivityManager: Start proc com.google.android.apps.currents for service com.google.android.apps.currents/com.google.apps.dots.android.app.service.SyncService: pid=7706 uid=10078 gids={3003, 1015}
07-10 21:53:52.346  7706  7706 I ActivityThread: Pub com.google.apps.dots.android.app.provider.SuggestionProvider: com.google.apps.dots.android.app.provider.SuggestionProvider
07-10 21:53:52.350  7706  7706 I ActivityThread: Pub com.google.android.apps.currents.exported: com.google.apps.dots.android.app.provider.ExportedContentProvider
07-10 21:53:52.416  7706  7709 D dalvikvm: GC_CONCURRENT freed 165K, 3% free 9371K/9607K, paused 3ms+3ms
07-10 21:53:52.478  7706  7709 D dalvikvm: GC_CONCURRENT freed 261K, 5% free 9586K/9991K, paused 2ms+2ms
07-10 21:53:52.592  7706  7709 D dalvikvm: GC_CONCURRENT freed 232K, 4% free 9834K/10183K, paused 1ms+2ms
07-10 21:53:52.717  7706  7709 D dalvikvm: GC_CONCURRENT freed 236K, 4% free 10098K/10439K, paused 3ms+2ms
07-10 21:53:52.760  7706  7706 I DotsContentUris: content://com.google.android.apps.currents
07-10 21:53:52.771  7706  7706 I ActivityThread: Pub com.google.android.apps.currents: com.google.apps.dots.android.app.provider.DotsContentProvider
07-10 21:53:52.779  7706  7706 I DotsApplication: Starting up...
07-10 21:53:53.045  7706  7709 D dalvikvm: GC_CONCURRENT freed 433K, 6% free 10154K/10695K, paused 2ms+3ms
07-10 21:53:53.240  7706  7709 D dalvikvm: GC_CONCURRENT freed 277K, 4% free 10330K/10759K, paused 3ms+3ms
07-10 21:53:53.283  7706  7725 I SyncService: Starting sync (21:53:53)
07-10 21:53:54.311  3119  3133 I PhoneLab-: Service Running
07-10 21:53:54.416  3119  3133 I PhoneLab-LoggerService: app_37    1373  1     1440   1000  c00f181c 400107b4 S logcat
07-10 21:53:54.416  3119  3133 I PhoneLab-LoggerService: Logcat pid from database 1373
07-10 21:53:54.416  3119  3133 I PhoneLab-LoggerService: Logcat process found 1373
07-10 21:53:54.416  3119  3133 I PhoneLab-LoggerService: Checking Threshold
07-10 21:53:56.365  7706  7709 D dalvikvm: GC_CONCURRENT freed 282K, 4% free 10471K/10887K, paused 2ms+3ms
07-10 21:53:56.682  7706  7709 D dalvikvm: GC_CONCURRENT freed 220K, 4% free 10661K/11015K, paused 2ms+3ms
07-10 21:53:56.787  7706  7709 D dalvikvm: GC_CONCURRENT freed 464K, 6% free 10707K/11335K, paused 2ms+2ms
07-10 21:53:56.990  7706  7709 D dalvikvm: GC_CONCURRENT freed 509K, 6% free 10693K/11335K, paused 4ms+3ms
07-10 21:53:58.369   144   144 D SyncManager: setSyncAutomatically: , provider com.google.android.apps.currents -> true
07-10 21:53:58.369   144   144 D SyncManager: setSyncAutomatically: already set to true, doing nothing
07-10 21:53:58.701  7706  7709 D dalvikvm: GC_CONCURRENT freed 372K, 5% free 10778K/11335K, paused 2ms+3ms
07-10 21:53:58.865  7706  7709 D dalvikvm: GC_CONCURRENT freed 235K, 4% free 11034K/11463K, paused 2ms+3ms
07-10 21:53:59.037   144   424 D dalvikvm: GC_EXPLICIT freed 1057K, 24% free 17156K/22343K, paused 3ms+8ms
07-10 21:53:59.123  7706  7709 D dalvikvm: GC_CONCURRENT freed 252K, 4% free 11335K/11719K, paused 2ms+3ms
07-10 21:53:59.436  7706  7709 D dalvikvm: GC_CONCURRENT freed 723K, 8% free 11309K/12167K, paused 3ms+3ms
07-10 21:54:00.205  7706  7709 D dalvikvm: GC_CONCURRENT freed 734K, 8% free 11212K/12167K, paused 2ms+2ms
07-10 21:54:01.064  7706  7709 D dalvikvm: GC_CONCURRENT freed 577K, 8% free 11237K/12167K, paused 2ms+3ms
07-10 21:54:01.666  7706  7709 D dalvikvm: GC_CONCURRENT freed 591K, 8% free 11256K/12167K, paused 2ms+2ms
07-10 21:54:01.861  7706  7709 D dalvikvm: GC_CONCURRENT freed 596K, 8% free 11277K/12167K, paused 6ms+3ms
07-10 21:54:02.045  7706  7709 D dalvikvm: GC_CONCURRENT freed 609K, 8% free 11293K/12167K, paused 3ms+2ms
07-10 21:54:03.154  7706  7709 D dalvikvm: GC_CONCURRENT freed 696K, 8% free 11233K/12167K, paused 2ms+3ms
07-10 21:54:03.303  7706  7709 D dalvikvm: GC_CONCURRENT freed 574K, 8% free 11269K/12167K, paused 2ms+3ms
07-10 21:54:03.455  7706  7709 D dalvikvm: GC_CONCURRENT freed 590K, 8% free 11303K/12167K, paused 2ms+2ms
07-10 21:54:03.822  7706  7709 D dalvikvm: GC_CONCURRENT freed 622K, 8% free 11315K/12167K, paused 2ms+3ms
07-10 21:54:04.619  7706  7709 D dalvikvm: GC_CONCURRENT freed 701K, 8% free 11253K/12167K, paused 2ms+3ms
07-10 21:54:05.314  7706  7709 D dalvikvm: GC_CONCURRENT freed 607K, 8% free 11264K/12167K, paused 3ms+3ms
07-10 21:54:06.396  7172  7175 D dalvikvm: GC_CONCURRENT freed 511K, 6% free 10475K/11079K, paused 2ms+6ms
07-10 21:54:06.752 31913 31916 D dalvikvm: GC_CONCURRENT freed 435K, 8% free 10345K/11207K, paused 2ms+3ms
07-10 21:54:07.627  7706  7709 D dalvikvm: GC_CONCURRENT freed 624K, 8% free 11259K/12167K, paused 9ms+2ms
07-10 21:54:07.764  7706  7709 D dalvikvm: GC_CONCURRENT freed 556K, 7% free 11321K/12167K, paused 2ms+2ms
07-10 21:54:08.490  7706  7709 D dalvikvm: GC_CONCURRENT freed 622K, 7% free 11340K/12167K, paused 3ms+2ms
07-10 21:54:08.619  7706  7709 D dalvikvm: GC_CONCURRENT freed 687K, 8% free 11346K/12231K, paused 2ms+3ms
07-10 21:54:08.900   144   402 D dalvikvm: GC_EXPLICIT freed 434K, 24% free 17074K/22343K, paused 3ms+7ms
07-10 21:54:09.279  7706  7709 D dalvikvm: GC_CONCURRENT freed 702K, 8% free 11291K/12231K, paused 2ms+3ms
07-10 21:54:09.439  7706  7709 D dalvikvm: GC_CONCURRENT freed 602K, 8% free 11318K/12231K, paused 2ms+3ms
07-10 21:54:09.607  7706  7709 D dalvikvm: GC_CONCURRENT freed 604K, 8% free 11354K/12231K, paused 2ms+3ms
07-10 21:54:10.006  7706  7709 D dalvikvm: GC_CONCURRENT freed 632K, 7% free 11375K/12231K, paused 2ms+3ms
07-10 21:54:10.686  7706  7709 D dalvikvm: GC_CONCURRENT freed 710K, 8% free 11325K/12231K, paused 2ms+3ms
07-10 21:54:10.830  7706  7709 D dalvikvm: GC_CONCURRENT freed 614K, 8% free 11352K/12231K, paused 2ms+3ms
07-10 21:54:13.588  7706  7709 D dalvikvm: GC_CONCURRENT freed 680K, 8% free 11340K/12231K, paused 3ms+3ms
07-10 21:54:14.209  7706  7709 D dalvikvm: GC_CONCURRENT freed 641K, 8% free 11349K/12231K, paused 2ms+3ms
07-10 21:54:15.076  7706  7709 D dalvikvm: GC_CONCURRENT freed 680K, 8% free 11317K/12231K, paused 7ms+3ms
07-10 21:54:15.705  7706  7709 D dalvikvm: GC_CONCURRENT freed 593K, 7% free 11375K/12231K, paused 2ms+2ms
07-10 21:54:16.611  7706  7709 D dalvikvm: GC_CONCURRENT freed 647K, 7% free 11393K/12231K, paused 2ms+3ms
07-10 21:54:16.764  7706  7709 D dalvikvm: GC_CONCURRENT freed 678K, 7% free 11423K/12231K, paused 2ms+3ms
07-10 21:54:16.912  7706  7709 D dalvikvm: GC_CONCURRENT freed 639K, 7% free 11466K/12231K, paused 3ms+3ms
07-10 21:54:17.318  7706  7728 D dalvikvm: GC_EXPLICIT freed 450K, 6% free 11512K/12231K, paused 6ms+4ms
07-10 21:54:18.885  7706  7709 D dalvikvm: GC_CONCURRENT freed 830K, 8% free 11394K/12359K, paused 2ms+4ms
07-10 21:54:19.029  7706  7709 D dalvikvm: GC_CONCURRENT freed 655K, 8% free 11402K/12359K, paused 2ms+3ms
07-10 21:54:19.174  7706  7709 D dalvikvm: GC_CONCURRENT freed 636K, 8% free 11433K/12359K, paused 2ms+4ms
07-10 21:54:19.311  7706  7709 D dalvikvm: GC_CONCURRENT freed 656K, 8% free 11453K/12359K, paused 2ms+2ms
07-10 21:54:19.498   144  7984 D dalvikvm: GC_EXPLICIT freed 408K, 24% free 17065K/22343K, paused 4ms+6ms
07-10 21:54:19.713  7706  7709 D dalvikvm: GC_CONCURRENT freed 538K, 7% free 11607K/12359K, paused 2ms+3ms
07-10 21:54:20.811  7706  7709 D dalvikvm: GC_CONCURRENT freed 941K, 10% free 11412K/12551K, paused 2ms+3ms
07-10 21:54:21.658  7706  7709 D dalvikvm: GC_CONCURRENT freed 685K, 10% free 11399K/12551K, paused 3ms+4ms
07-10 21:54:21.799  7706  7709 D dalvikvm: GC_CONCURRENT freed 627K, 9% free 11437K/12551K, paused 2ms+3ms
07-10 21:54:23.982  7706  7709 D dalvikvm: GC_CONCURRENT freed 738K, 10% free 11383K/12551K, paused 2ms+3ms
07-10 21:54:24.100  7706  7709 D dalvikvm: GC_CONCURRENT freed 623K, 9% free 11425K/12551K, paused 7ms+4ms
07-10 21:54:24.389  7706  7709 D dalvikvm: GC_CONCURRENT freed 651K, 9% free 11453K/12551K, paused 9ms+2ms
07-10 21:54:24.947  7706  7709 D dalvikvm: GC_CONCURRENT freed 673K, 9% free 11463K/12551K, paused 2ms+2ms
07-10 21:54:25.084  7706  7709 D dalvikvm: GC_CONCURRENT freed 650K, 9% free 11504K/12551K, paused 2ms+2ms
07-10 21:54:27.459  7706  7709 D dalvikvm: GC_CONCURRENT freed 796K, 10% free 11410K/12551K, paused 2ms+3ms
07-10 21:54:27.811  7706  7709 D dalvikvm: GC_CONCURRENT freed 682K, 10% free 11397K/12551K, paused 2ms+3ms
07-10 21:54:28.049  7706  7709 D dalvikvm: GC_CONCURRENT freed 654K, 10% free 11408K/12551K, paused 2ms+3ms
07-10 21:54:28.217  7706  7709 D dalvikvm: GC_CONCURRENT freed 546K, 9% free 11533K/12551K, paused 2ms+2ms
07-10 21:54:28.334  7706  7709 D dalvikvm: GC_CONCURRENT freed 490K, 7% free 11757K/12551K, paused 2ms+2ms
07-10 21:54:28.475  7706  7709 D dalvikvm: GC_CONCURRENT freed 609K, 6% free 11935K/12679K, paused 3ms+3ms
07-10 21:54:28.623  7706  7709 D dalvikvm: GC_CONCURRENT freed 1571K, 14% free 11231K/12935K, paused 2ms+3ms
07-10 21:54:28.764  7706  7709 D dalvikvm: GC_CONCURRENT freed 477K, 13% free 11366K/12935K, paused 2ms+3ms
07-10 21:54:30.654  7706  7725 I SyncService: sync service finished (21:54:30)
07-10 21:55:28.584   344   344 D SAN_SERVICE: *******************************************
07-10 21:55:28.584   344   344 D SAN_SERVICE: DM App Phone Service State - 0
07-10 21:55:28.584   344   344 D SAN_SERVICE: *******************************************
07-10 21:55:28.889   344   344 D SAN_SERVICE: *******************************************
07-10 21:55:28.889   344   344 D SAN_SERVICE: DM App Phone Service State - 0
07-10 21:55:28.889   344   344 D SAN_SERVICE: *******************************************
07-10 21:55:54.186   344   344 D SAN_SERVICE: *******************************************
07-10 21:55:54.186   344   344 D SAN_SERVICE: DM App Phone Service State - 0
07-10 21:55:54.186   344   344 D SAN_SERVICE: *******************************************
07-10 21:55:54.322  3119  3133 I PhoneLab-: Service Running
07-10 21:55:54.396  3119  3133 I PhoneLab-LoggerService: app_37    1373  1     1440   1000  c00f181c 400107b4 S logcat
07-10 21:55:54.396  3119  3133 I PhoneLab-LoggerService: Logcat pid from database 1373
07-10 21:55:54.396  3119  3133 I PhoneLab-LoggerService: Logcat process found 1373
07-10 21:55:54.396  3119  3133 I PhoneLab-LoggerService: Checking Threshold
07-10 21:55:54.416   344   344 D SAN_SERVICE: *******************************************
07-10 21:55:54.416   344   344 D SAN_SERVICE: DM App Phone Service State - 0
07-10 21:55:54.416   344   344 D SAN_SERVICE: *******************************************
07-10 21:55:54.568   144   198 D DhcpInfoInternal: makeLinkProperties with empty dns2!
07-10 21:55:54.568   144   198 D DhcpInfoInternal: makeLinkProperties with empty dns2!
07-10 21:56:04.451   344   344 D SAN_SERVICE: *******************************************
07-10 21:56:04.451   344   344 D SAN_SERVICE: DM App Phone Service State - 0
07-10 21:56:04.451   344   344 D SAN_SERVICE: *******************************************
07-10 21:56:04.486   344   347 D dalvikvm: GC_CONCURRENT freed 919K, 15% free 12114K/14087K, paused 23ms+3ms
07-10 21:56:04.709   344   344 D SAN_SERVICE: *******************************************
07-10 21:56:04.709   344   344 D SAN_SERVICE: DM App Phone Service State - 0
07-10 21:56:04.709   344   344 D SAN_SERVICE: *******************************************
07-10 21:56:05.455   344   344 D SAN_SERVICE: *******************************************
07-10 21:56:05.455   344   344 D SAN_SERVICE: DM App Phone Service State - 0
07-10 21:56:05.455   344   344 D SAN_SERVICE: *******************************************
07-10 21:56:06.447  7172  7175 D dalvikvm: GC_CONCURRENT freed 513K, 6% free 10473K/11079K, paused 2ms+3ms
07-10 21:56:06.498 31913 31925 D dalvikvm: GC_EXPLICIT freed 340K, 9% free 10304K/11207K, paused 2ms+3ms
07-10 21:56:50.521   344   344 D SAN_SERVICE: *******************************************
07-10 21:56:50.521   344   344 D SAN_SERVICE: DM App Phone Service State - 0
07-10 21:56:50.521   344   344 D SAN_SERVICE: *******************************************
07-10 21:56:55.846   344   344 D SAN_SERVICE: *******************************************
07-10 21:56:55.846   344   344 D SAN_SERVICE: DM App Phone Service State - 0
07-10 21:56:55.846   344   344 D SAN_SERVICE: *******************************************
07-10 21:57:06.607 31913 31916 D dalvikvm: GC_CONCURRENT freed 449K, 8% free 10362K/11207K, paused 1ms+3ms
07-10 21:57:10.998   344   344 D SAN_SERVICE: *******************************************
07-10 21:57:10.998   344   344 D SAN_SERVICE: DM App Phone Service State - 0
07-10 21:57:10.998   344   344 D SAN_SERVICE: *******************************************
07-10 21:57:11.779   344   344 D SAN_SERVICE: *******************************************
07-10 21:57:11.779   344   344 D SAN_SERVICE: DM App Phone Service State - 0
07-10 21:57:11.779   344   344 D SAN_SERVICE: *******************************************
07-10 21:57:54.311  3119  3133 I PhoneLab-: Service Running
07-10 21:57:54.385  3119  3133 I PhoneLab-LoggerService: app_37    1373  1     1440   1000  c00f181c 400107b4 S logcat
07-10 21:57:54.389  3119  3133 I PhoneLab-LoggerService: Logcat pid from database 1373
07-10 21:57:54.389  3119  3133 I PhoneLab-LoggerService: Logcat process found 1373
07-10 21:57:54.389  3119  3133 I PhoneLab-LoggerService: Checking Threshold
07-10 21:57:54.408  3119  3122 D dalvikvm: GC_CONCURRENT freed 401K, 18% free 9150K/11079K, paused 2ms+2ms
07-10 21:58:06.545  7172  7175 D dalvikvm: GC_CONCURRENT freed 508K, 6% free 10477K/11079K, paused 2ms+3ms
07-10 21:58:06.650   144   400 D dalvikvm: GC_EXPLICIT freed 778K, 24% free 17113K/22343K, paused 3ms+8ms
07-10 21:58:06.764 31913 31916 D dalvikvm: GC_CONCURRENT freed 429K, 8% free 10348K/11207K, paused 3ms+2ms
07-10 21:58:07.311   344   344 D SAN_SERVICE: *******************************************
07-10 21:58:07.311   344   344 D SAN_SERVICE: DM App Phone Service State - 0
07-10 21:58:07.311   344   344 D SAN_SERVICE: *******************************************
07-10 21:58:07.603   344   344 D SAN_SERVICE: *******************************************
07-10 21:58:07.603   344   344 D SAN_SERVICE: DM App Phone Service State - 0
07-10 21:58:07.603   344   344 D SAN_SERVICE: *******************************************
07-10 21:58:07.838   344   344 D SAN_SERVICE: *******************************************
07-10 21:58:07.838   344   344 D SAN_SERVICE: DM App Phone Service State - 0
07-10 21:58:07.838   344   344 D SAN_SERVICE: *******************************************
07-10 21:58:19.256   144   198 D DhcpInfoInternal: makeLinkProperties with empty dns2!
07-10 21:58:19.256   144   198 D DhcpInfoInternal: makeLinkProperties with empty dns2!
07-10 21:58:38.279   144   326 I ActivityManager: START {act=android.intent.action.MAIN cat=[android.intent.category.LAUNCHER] flg=0x10200000 cmp=com.android.contacts/.activities.DialtactsActivity bnds=[0,706][96,802]} from pid 370
07-10 21:58:38.451   144 10051 I ActivityManager: Start proc com.android.contacts for activity com.android.contacts/.activities.DialtactsActivity: pid=7784 uid=10000 gids={3003, 1015}
07-10 21:58:38.717   370   370 D OpenGLRenderer: Flushing caches (mode 1)
07-10 21:58:38.850   370   370 D OpenGLRenderer: Flushing caches (mode 0)
07-10 21:58:39.049  7784  7798 D AccountTypeManager: Registering external account type=com.whatsapp, packageName=com.whatsapp
07-10 21:58:39.123   144   160 I Process : Sending signal. PID: 7784 SIG: 3
07-10 21:58:39.123  7784  7789 I dalvikvm: threadid=3: reacting to signal 3
07-10 21:58:39.178  7784  7789 I dalvikvm: Wrote stack traces to '/data/anr/traces.txt'
07-10 21:58:39.193  7784  7798 W ResourceType: getEntry failing because entryIndex 606 is beyond type entryCount 189
07-10 21:58:39.193  7784  7798 W ResourceType: Failure getting entry for 0x7f02025e (t=1 e=606) in package 0 (error -2147483647)
07-10 21:58:39.201  7784  7798 D AccountTypeManager: Registering external account type=com.xabber.androiddev, packageName=com.xabber.androiddev
07-10 21:58:39.283  7784  7784 I ContactPhotoManager: Cache adj: 0.5
07-10 21:58:39.295  7784  7798 D AccountTypeManager: Registering external account type=com.facebook.auth.login, packageName=com.facebook.katana
07-10 21:58:39.307  7784  7786 D dalvikvm: GC_CONCURRENT freed 225K, 4% free 9316K/9607K, paused 10ms+2ms
07-10 21:58:39.393  7784  7798 W ResourceType: getEntry failing because entryIndex 344 is beyond type entryCount 189
07-10 21:58:39.393  7784  7798 W ResourceType: Failure getting entry for 0x7f020158 (t=1 e=344) in package 0 (error -2147483647)
07-10 21:58:39.396  7784  7798 D AccountTypeManager: Registering 1 extension packages
07-10 21:58:39.568  7784  7798 E ExternalAccountType: Unsupported attribute readOnly
07-10 21:58:39.615   144   160 I Process : Sending signal. PID: 7784 SIG: 3
07-10 21:58:39.615  7784  7789 I dalvikvm: threadid=3: reacting to signal 3
07-10 21:58:39.643  7784  7789 I dalvikvm: Wrote stack traces to '/data/anr/traces.txt'
07-10 21:58:39.650  7784  7784 D dalvikvm: GC_FOR_ALLOC freed 79K, 3% free 9337K/9607K, paused 60ms
07-10 21:58:39.650  7784  7784 I dalvikvm-heap: Grow heap (frag case) to 10.186MB for 1048592-byte allocation
07-10 21:58:39.689  7784  7786 D dalvikvm: GC_CONCURRENT freed 2K, 4% free 10358K/10695K, paused 1ms+2ms
07-10 21:58:39.697  7784  7798 W ResourceType: getEntry failing because entryIndex 422 is beyond type entryCount 189
07-10 21:58:39.697  7784  7798 W ResourceType: Failure getting entry for 0x7f0201a6 (t=1 e=422) in package 0 (error -2147483647)
07-10 21:58:39.725  7784  7798 D AccountTypeManager: Registering extension package account type=com.google, dataSet=plus, packageName=com.google.android.apps.plus
07-10 21:58:39.756  7784  7798 I AccountTypeManager: Loaded meta-data for 6 account types, 5 accounts in 817ms(wall) 97ms(cpu)
07-10 21:58:39.955  7784  7786 D dalvikvm: GC_CONCURRENT freed 47K, 2% free 10798K/10951K, paused 7ms+5ms
07-10 21:58:40.076  7784  7786 D dalvikvm: GC_CONCURRENT freed 46K, 2% free 11291K/11463K, paused 7ms+3ms
07-10 21:58:40.107   144   160 I Process : Sending signal. PID: 7784 SIG: 3
07-10 21:58:40.107  7784  7789 I dalvikvm: threadid=3: reacting to signal 3
07-10 21:58:40.154  7784  7789 I dalvikvm: Wrote stack traces to '/data/anr/traces.txt'
07-10 21:58:40.381  7784  7784 D libEGL  : loaded /system/lib/egl/libGLES_android.so
07-10 21:58:40.455  7784  7784 D libEGL  : loaded /vendor/lib/egl/libEGL_POWERVR_SGX540_120.so
07-10 21:58:40.482  7784  7784 D libEGL  : loaded /vendor/lib/egl/libGLESv1_CM_POWERVR_SGX540_120.so
07-10 21:58:40.486  7784  7784 D libEGL  : loaded /vendor/lib/egl/libGLESv2_POWERVR_SGX540_120.so
07-10 21:58:40.584  7784  7784 D OpenGLRenderer: Enabling debug mode 0
07-10 21:58:40.607   144   160 I Process : Sending signal. PID: 7784 SIG: 3
07-10 21:58:40.611  7784  7789 I dalvikvm: threadid=3: reacting to signal 3
07-10 21:58:40.646  7784  7789 I dalvikvm: Wrote stack traces to '/data/anr/traces.txt'
07-10 21:58:40.853  7784  7786 D dalvikvm: GC_CONCURRENT freed 283K, 4% free 11699K/12103K, paused 5ms+8ms
07-10 21:58:40.896 16301 16303 D dalvikvm: GC_CONCURRENT freed 359K, 7% free 9905K/10567K, paused 8ms+6ms
07-10 21:58:40.947   144   174 I ActivityManager: Displayed com.android.contacts/.activities.DialtactsActivity: +2s558ms
07-10 21:58:40.986  7784  7805 E DefaultVoicemailNotifier: No voicemails to notify about: clear the notification.
07-10 21:58:41.865   320   324 D dalvikvm: GC_CONCURRENT freed 466K, 19% free 10159K/12487K, paused 11ms+2ms
07-10 21:58:41.955  7784  7786 D dalvikvm: GC_CONCURRENT freed 261K, 3% free 12344K/12679K, paused 12ms+6ms
07-10 21:58:42.408  7784  7786 D dalvikvm: GC_CONCURRENT freed 963K, 9% free 12417K/13511K, paused 2ms+5ms
07-10 21:58:43.521  7784  7800 V ContactPhotoManager: Preloaded 25 photos.  Cached bytes: 176750
07-10 21:58:44.393  7784  7809 E DefaultVoicemailNotifier: No voicemails to notify about: clear the notification.
07-10 21:58:44.900  7784  7800 V ContactPhotoManager: Preloaded 25 photos.  Cached bytes: 313830
07-10 21:58:44.928 16301 16303 D dalvikvm: GC_CONCURRENT freed 381K, 7% free 9912K/10567K, paused 20ms+4ms
07-10 21:58:46.025  7784  7800 V ContactPhotoManager: Preloaded 25 photos.  Cached bytes: 444129
07-10 21:58:46.057  7784  7786 D dalvikvm: GC_CONCURRENT freed 324K, 4% free 13212K/13639K, paused 2ms+4ms
07-10 21:58:47.139  7784  7800 V ContactPhotoManager: Preloaded 23 photos.  Cached bytes: 571440
07-10 21:58:49.811  7784  7810 E DefaultVoicemailNotifier: No voicemails to notify about: clear the notification.
07-10 21:58:54.299   144   144 I ActivityManager: START {act=android.intent.action.CALL_PRIVILEGED dat=tel:xxxxx-xxx-xxxx flg=0x10000000 cmp=com.android.phone/.PrivilegedOutgoingCallBroadcaster (has extras)} from pid 7784
07-10 21:58:54.490   344   344 D PhoneUtils: checkAndCopyPhoneProviderExtras: some or all extras are missing.
07-10 21:58:54.682   144 10051 I ActivityManager: START {flg=0x10000000 cmp=com.google.android.apps.googlevoice/.CallConnectingActivity (has extras)} from pid 7542
07-10 21:58:55.088  7542  7542 D dalvikvm: GC_FOR_ALLOC freed 115K, 4% free 10011K/10375K, paused 45ms
07-10 21:58:55.205   144   160 I Process : Sending signal. PID: 7542 SIG: 3
07-10 21:58:55.205  7542  7547 I dalvikvm: threadid=3: reacting to signal 3
07-10 21:58:55.271  7542  7547 I dalvikvm: Wrote stack traces to '/data/anr/traces.txt'
07-10 21:58:55.330   144  7984 W InputManagerService: Starting input on non-focused client com.android.internal.view.IInputMethodClient$Stub$Proxy@4190ca50 (uid=10000 pid=7784)
07-10 21:58:55.342  7784  7784 W IInputConnectionWrapper: showStatusIcon on inactive InputConnection
07-10 21:58:55.381   320   324 D dalvikvm: GC_CONCURRENT freed 142K, 17% free 10429K/12487K, paused 2ms+4ms
07-10 21:58:55.478  7784  7784 D OpenGLRenderer: Flushing caches (mode 0)
07-10 21:58:55.510   144   174 I ActivityManager: Displayed com.google.android.apps.googlevoice/.CallConnectingActivity: +808ms (total +1s105ms)
07-10 21:58:55.521   144   160 I ActivityManager: No longer want com.google.android.apps.plus (pid 5523): hidden #16
07-10 21:58:55.561  7542  7559 I System.out: [INFO:765445]: LogSource: Running flush
07-10 21:58:55.627  7542  7562 I System.out: [INFO:765517]: LogSource: Sending payload [bytes=597]
07-10 21:58:55.643  7784  7784 D OpenGLRenderer: Flushing caches (mode 1)
07-10 21:58:55.908  7542  7545 D dalvikvm: GC_CONCURRENT freed 152K, 3% free 10331K/10567K, paused 129ms+12ms
07-10 21:58:55.928  7784  7816 E DefaultVoicemailNotifier: No voicemails to notify about: clear the notification.
07-10 21:58:58.455   344   344 D SAN_SERVICE: *******************************************
07-10 21:58:58.455   344   344 D SAN_SERVICE: DM App Phone Service State - 0
07-10 21:58:58.455   344   344 D SAN_SERVICE: *******************************************
07-10 21:58:58.568   144   155 W InputManagerService: Window already focused, ignoring focus gain of: com.android.internal.view.IInputMethodClient$Stub$Proxy@41b6c8f8
07-10 21:58:58.572  7542  7562 I System.out: [INFO:768461]: LogSource: Response [http=200,length=139]
07-10 21:58:58.576  7542  7559 I System.out: [INFO:768466]: LogSource: Read id 5, status code 200
07-10 21:58:58.592  7542  7559 I System.out: [INFO:768484]: LogSource: Read id 4, status code 200
07-10 21:58:58.596  7542  7559 I System.out: [INFO:768485]: LogSource: Read id 1, status code 200
07-10 21:58:58.600  7542  7559 I System.out: [INFO:768490]: LogSource: Read id 3, status code 200
07-10 21:58:58.600  7542  7559 I System.out: [INFO:768491]: LogSource: Read id 2, status code 200
07-10 21:58:58.682  7542  7542 I GoogleVoice: CallViaAccessNumberConduit: Redirecting call
07-10 21:58:58.713   144   144 I ActivityManager: START {act=android.intent.action.CALL dat=tel:xxxxxxxxxxx flg=0x10000000 cmp=com.android.phone/.OutgoingCallBroadcaster (has extras)} from pid 7542
07-10 21:58:58.717   344   344 D SAN_SERVICE: *******************************************
07-10 21:58:58.717   344   344 D SAN_SERVICE: DM App Phone Service State - 0
07-10 21:58:58.717   344   344 D SAN_SERVICE: *******************************************
07-10 21:58:58.807   144   323 I ActivityManager: START {act=com.android.phone.SIP_SELECT_PHONE dat=tel:xxxxxxxxxxx flg=0x10000000 cmp=com.android.phone/.SipCallOptionHandler (has extras)} from pid 344
07-10 21:58:58.826   370   370 D OpenGLRenderer: Flushing caches (mode 1)
07-10 21:58:58.850   344   344 D CallController: placeCall()...  intent = Intent { act=android.intent.action.CALL dat=tel:xxxxxxxxxxx (has extras) }
07-10 21:58:58.853   344   344 D OtaUtils: isOtaspCallIntent(Intent { act=android.intent.action.CALL dat=tel:xxxxxxxxxxx (has extras) })...
07-10 21:58:58.947   144   147 D dalvikvm: GC_CONCURRENT freed 1864K, 23% free 17266K/22343K, paused 2ms+8ms
07-10 21:58:59.033   370   370 D OpenGLRenderer: Flushing caches (mode 0)
07-10 21:58:59.053    81    81 D AudioHardwareInterface: setMode(IN_CALL)
07-10 21:58:59.053    81    81 D AudioHardware: openPcmOut_l() mPcmOpenCnt: 0
07-10 21:58:59.131    81    81 D AudioHardware: ### setVoiceVolume_l
07-10 21:58:59.131    81    81 D AudioHardware: ### route(2) call volume(1.000000)
07-10 21:58:59.135    81    81 D AudioHardware: ### speaker call volume
07-10 21:58:59.158    81   124 D AudioHardware: AudioStreamOutALSA::setParameters() routing=1
07-10 21:58:59.158    81   124 D AudioHardware: ### incall mode route (1)
07-10 21:58:59.158    81   124 D AudioHardware: ### incall mode earpiece route
07-10 21:58:59.256   144  9303 I AudioService:  AudioFocus  requestAudioFocus() from AudioFocus_For_Phone_Ring_And_Calls
07-10 21:58:59.275   144   402 I ActivityManager: START {act=android.intent.action.MAIN flg=0x10840000 cmp=com.android.phone/.InCallScreen} from pid 344
07-10 21:58:59.291   344   344 D SAN_SERVICE: *******************************************
07-10 21:58:59.295   344   344 D SAN_SERVICE: DM App Phone Call State - 2
07-10 21:58:59.295   344   344 D SAN_SERVICE: *******************************************
07-10 21:58:59.318   344   344 D Bluetooth HS/HF: CDMA call state: SINGLE_ACTIVE prev state:IDLE
07-10 21:58:59.318   344   344 D AccelerometerListener: enable(true)
07-10 21:58:59.318   214   214 D PhoneStatusBar: disable: < expand icons ALERTS* ticker system_info back home recent clock >
07-10 21:58:59.330   344   344 D Bluetooth HS/HF: CDMA call state: SINGLE_ACTIVE prev state:IDLE
07-10 21:58:59.357   344   344 D InCallScreen: onNewIntent: intent = Intent { act=android.intent.action.MAIN flg=0x10c40000 cmp=com.android.phone/.InCallScreen }, phone state = OFFHOOK
07-10 21:58:59.385   214   214 D PhoneStatusBar: disable: < EXPAND* icons ALERTS ticker system_info back home recent clock >
07-10 21:58:59.412   144   156 I power   : *** set_screen_state 1
07-10 21:58:59.439   344   344 D SAN_SERVICE: *******************************************
07-10 21:58:59.439   344   344 D SAN_SERVICE: DM App Phone Service State - 0
07-10 21:58:59.439   344   344 D SAN_SERVICE: *******************************************
07-10 21:58:59.502   144  9084 W WindowManager: Layout repeat skipped after too many iterations
07-10 21:58:59.502   144  9084 W WindowManager: Layout repeat skipped after too many iterations
07-10 21:58:59.502   144  9084 W WindowManager: Layout repeat skipped after too many iterations
07-10 21:58:59.506   144  9084 W WindowManager: Animation repeat aborted after too many iterations
07-10 21:58:59.514   344   344 D Bluetooth HS/HF: CDMA call state: SINGLE_ACTIVE prev state:IDLE
07-10 21:58:59.525   344   344 D Bluetooth HS/HF: CDMA call state: SINGLE_ACTIVE prev state:IDLE
07-10 21:58:59.557   344   344 D AccelerometerListener: orientation: vertical
07-10 21:58:59.600   144   402 I ActivityManager: No longer want com.android.sprintmenu (pid 6992): hidden #16
07-10 21:58:59.654   344   344 D dalvikvm: GC_EXPLICIT freed 669K, 13% free 12276K/14087K, paused 3ms+5ms
07-10 21:58:59.678   144   323 W ActivityManager: Scheduling restart of crashed service com.android.sprintmenu/.HiddenPhoneService in 5000ms
07-10 21:59:00.365   144   171 I power   : *** set_screen_state 0
07-10 21:59:00.424   344   344 D Bluetooth HS/HF: CDMA call state: SINGLE_ACTIVE prev state:IDLE
07-10 21:59:00.432    78   120 D SurfaceFlinger: About to give-up screen, flinger = 0x5b4918
07-10 21:59:00.451   344  7821 D CallNotifier: SignalInfoTonePlayer.run(toneId = 98)...
07-10 21:59:00.467   214   214 D PhoneStatusBar: disable: < expand* icons ALERTS ticker system_info back home recent clock >
07-10 21:59:00.506    81   124 D AudioHardware: AudioHardware pcm playback is exiting standby.
07-10 21:59:00.506    81   124 D AudioHardware: openPcmOut_l() mPcmOpenCnt: 1
07-10 21:59:00.904   144   200 D dalvikvm: GC_EXPLICIT freed 586K, 23% free 17237K/22343K, paused 127ms+7ms
07-10 21:59:03.514    81   124 D AudioHardware: AudioHardware pcm playback is going to standby.
07-10 21:59:03.514    81   124 D AudioHardware: closePcmOut_l() mPcmOpenCnt: 2
07-10 21:59:04.721   144   161 I ActivityManager: Start proc com.android.sprintmenu for service com.android.sprintmenu/.HiddenPhoneService: pid=7825 uid=1001 gids={3002, 3001, 3003, 1015}
07-10 21:59:14.127   144   172 I power   : *** set_screen_state 1
07-10 21:59:14.150   144   175 I WindowManager: No lock screen!
07-10 21:59:14.334    78   120 D SurfaceFlinger: Screen about to return, flinger = 0x5b4918
07-10 21:59:14.385   214   214 D PhoneStatusBar: disable: < EXPAND* icons ALERTS ticker system_info back home recent clock >
07-10 21:59:14.463   144   402 I power   : *** set_screen_state 1
07-10 21:59:14.549   344   344 D Bluetooth HS/HF: CDMA call state: SINGLE_ACTIVE prev state:IDLE
07-10 21:59:15.111   344   344 D AccelerometerListener: orientation: horizontal
07-10 21:59:15.314   344   344 D InCallScreen: internalHangup()...  phone state = OFFHOOK
07-10 21:59:15.314   344   344 D PhoneUtils: hangup(): hanging up foreground call
07-10 21:59:15.314   344   344 D PhoneUtils: - hangup(Call): regular hangup()...
07-10 21:59:15.377   344   344 D Bluetooth HS/HF: CDMA call state: SINGLE_ACTIVE prev state:IDLE
07-10 21:59:15.428   344   344 D SAN_SERVICE: *******************************************
07-10 21:59:15.428   344   344 D SAN_SERVICE: DM App Phone Call State - 0
07-10 21:59:15.428   344   344 D SAN_SERVICE: *******************************************
07-10 21:59:15.463   344   344 D CallNotifier: onDisconnect: cause = LOCAL, incoming = false, date = 1341971938887
07-10 21:59:15.463   144   144 I PowerManagerService: clearUserActivity for 10000ms from now
07-10 21:59:15.467   344  7843 D CallNotifier: SignalInfoTonePlayer.run(toneId = 98)...
07-10 21:59:15.471   344  7844 D CallNotifier: InCallTonePlayer.run(toneId = 5)...
07-10 21:59:15.482    81   124 D AudioHardware: AudioHardware pcm playback is exiting standby.
07-10 21:59:15.482    81   124 D AudioHardware: openPcmOut_l() mPcmOpenCnt: 1
07-10 21:59:15.693   344   344 D InCallScreen: delayedCleanupAfterDisconnect()...  Phone state = IDLE
07-10 21:59:15.728   144   326 I ActivityManager: START {act=android.intent.action.VIEW typ=vnd.android.cursor.dir/calls flg=0x10000 cmp=com.android.contacts/.activities.DialtactsActivity} from pid 344
07-10 21:59:15.736    81    81 D AudioHardwareInterface: setMode(NORMAL)
07-10 21:59:15.768   344   344 D InCallScreen: endInCallScreenSession(false)...  phone state = IDLE
07-10 21:59:15.768   144   400 I ActivityManager: moveTaskToBack: 10
07-10 21:59:15.771   214   214 D PhoneStatusBar: disable: < expand* icons ALERTS ticker system_info back home recent clock >
07-10 21:59:15.826   344   344 D Bluetooth HS/HF: CDMA call state: IDLE prev state:IDLE
07-10 21:59:15.826   344   344 D AccelerometerListener: enable(false)
07-10 21:59:15.826   214   214 D PhoneStatusBar: disable: < expand icons alerts* ticker system_info back home recent clock >
07-10 21:59:15.861    81    81 D AudioHardware: closePcmOut_l() mPcmOpenCnt: 2
07-10 21:59:15.869    81    81 D AudioHardware: AudioHardware pcm playback is going to standby.
07-10 21:59:15.869    81    81 D AudioHardware: closePcmOut_l() mPcmOpenCnt: 1
07-10 21:59:15.869    81   124 D AudioHardware: AudioHardware pcm playback is exiting standby.
07-10 21:59:15.869    81   124 D AudioHardware: openPcmOut_l() mPcmOpenCnt: 0
07-10 21:59:15.951    81   124 D AudioHardware: AudioStreamOutALSA::setParameters() routing=1
07-10 21:59:15.951   144 24503 I AudioService:  AudioFocus  abandonAudioFocus() from AudioFocus_For_Phone_Ring_And_Calls
07-10 21:59:16.244  7784  7847 E DefaultVoicemailNotifier: No voicemails to notify about: clear the notification.
07-10 21:59:16.275   144   160 I Process : Sending signal. PID: 7784 SIG: 3
07-10 21:59:16.275  7784  7789 I dalvikvm: threadid=3: reacting to signal 3
07-10 21:59:16.295  7784  7789 I dalvikvm: Wrote stack traces to '/data/anr/traces.txt'
07-10 21:59:16.295   144   174 I ActivityManager: Displayed com.android.contacts/.activities.DialtactsActivity: +525ms (total +17s538ms)
07-10 21:59:16.365 16301 16318 D dalvikvm: GC_EXPLICIT freed 366K, 7% free 9908K/10567K, paused 8ms+9ms
07-10 21:59:16.615   144 10051 I ActivityManager: moveTaskToBack: 109
07-10 21:59:16.721   144   403 I ActivityManager: moveTaskToBack: 10
07-10 21:59:16.756  7784  7784 D OpenGLRenderer: Flushing caches (mode 1)
07-10 21:59:16.779   144   424 W InputManagerService: Starting input on non-focused client com.android.internal.view.IInputMethodClient$Stub$Proxy@4190ca50 (uid=10000 pid=7784)
07-10 21:59:16.834  7784  7784 D OpenGLRenderer: Flushing caches (mode 0)
07-10 21:59:16.916   344   344 D SAN_SERVICE: *******************************************
07-10 21:59:16.916   344   344 D SAN_SERVICE: DM App Phone Service State - 0
07-10 21:59:16.916   344   344 D SAN_SERVICE: *******************************************
07-10 21:59:16.990  7784  7850 E DefaultVoicemailNotifier: No voicemails to notify about: clear the notification.
07-10 21:59:17.154   144  9303 D AlarmManagerService: Kernel timezone updated to 240 minutes west of GMT
07-10 21:59:17.170   344   344 D SAN_SERVICE: *******************************************
07-10 21:59:17.170   344   344 D SAN_SERVICE: DM App Phone Service State - 0
07-10 21:59:17.170   344   344 D SAN_SERVICE: *******************************************
07-10 21:59:18.174   144   147 D dalvikvm: GC_CONCURRENT freed 2103K, 24% free 17139K/22343K, paused 6ms+14ms
07-10 21:59:18.650    81   124 D AudioHardware: AudioHardware pcm playback is going to standby.
07-10 21:59:18.650    81   124 D AudioHardware: closePcmOut_l() mPcmOpenCnt: 1
07-10 21:59:18.736   144   171 I power   : *** set_screen_state 0
07-10 21:59:18.803    78   120 D SurfaceFlinger: About to give-up screen, flinger = 0x5b4918
07-10 21:59:18.924   144   175 V TransportControlView: Create TCV com.android.internal.widget.TransportControlView@418d1d48
07-10 21:59:18.959   214   214 D PhoneStatusBar: disable: < expand icons alerts ticker system_info back home RECENT* clock >
07-10 21:59:19.010   214   214 D PhoneStatusBar: disable: < expand icons alerts ticker system_info BACK* HOME* RECENT CLOCK* >
07-10 21:59:20.412   344   344 D SAN_SERVICE: *******************************************
07-10 21:59:20.412   344   344 D SAN_SERVICE: DM App Phone Service State - 0
07-10 21:59:20.412   344   344 D SAN_SERVICE: *******************************************
07-10 21:59:20.521   344   344 D SAN_SERVICE: *******************************************
07-10 21:59:20.521   344   344 D SAN_SERVICE: DM App Phone Service State - 0
07-10 21:59:20.521   344   344 D SAN_SERVICE: *******************************************
07-10 21:59:21.033  7172  7175 D dalvikvm: GC_CONCURRENT freed 396K, 6% free 10465K/11079K, paused 9ms+2ms
07-10 21:59:29.135   344   344 D SAN_SERVICE: *******************************************
07-10 21:59:29.135   344   344 D SAN_SERVICE: DM App Phone Service State - 0
07-10 21:59:29.135   344   344 D SAN_SERVICE: *******************************************
07-10 21:59:29.682   344   344 D SAN_SERVICE: *******************************************
07-10 21:59:29.682   344   344 D SAN_SERVICE: DM App Phone Service State - 0
07-10 21:59:29.682   344   344 D SAN_SERVICE: *******************************************
07-10 21:59:36.357  5714  5819 I EventLogService: Aggregate from 1341970176016 (log), 1341970176016 (data)
07-10 21:59:44.728   344   344 D SAN_SERVICE: *******************************************
07-10 21:59:44.728   344   344 D SAN_SERVICE: DM App Phone Service State - 0
07-10 21:59:44.728   344   344 D SAN_SERVICE: *******************************************
07-10 21:59:44.967   144 24503 D AlarmManagerService: Kernel timezone updated to 240 minutes west of GMT
07-10 21:59:44.971   344   344 D SystemClock: Setting time of day to sec=1341971985
07-10 21:59:45.050   344   344 D SAN_SERVICE: *******************************************
07-10 21:59:45.050   344   344 D SAN_SERVICE: DM App Phone Service State - 0
07-10 21:59:45.050   344   344 D SAN_SERVICE: *******************************************
07-10 21:59:45.128  6713  6726 V AlarmClock: AlarmInitReceiver finished
07-10 21:59:54.362  3119  3133 I PhoneLab-: Service Running
07-10 21:59:54.487  3119  3133 I PhoneLab-LoggerService: app_37    1373  1     1440   1000  c00f181c 400107b4 S logcat
07-10 21:59:54.487  3119  3133 I PhoneLab-LoggerService: Logcat pid from database 1373
07-10 21:59:54.487  3119  3133 I PhoneLab-LoggerService: Logcat process found 1373
07-10 21:59:54.487  3119  3133 I PhoneLab-LoggerService: Checking Threshold
07-10 21:59:56.530   344   344 D SAN_SERVICE: *******************************************
07-10 21:59:56.530   344   344 D SAN_SERVICE: DM App Phone Service State - 0
07-10 21:59:56.530   344   344 D SAN_SERVICE: *******************************************
07-10 21:59:57.034   344   344 D SAN_SERVICE: *******************************************
07-10 21:59:57.034   344   344 D SAN_SERVICE: DM App Phone Service State - 0
07-10 21:59:57.034   344   344 D SAN_SERVICE: *******************************************
07-10 22:00:06.819 31913 31916 D dalvikvm: GC_CONCURRENT freed 507K, 8% free 10353K/11207K, paused 4ms+9ms
07-10 22:00:16.979   144   403 D AlarmManagerService: Kernel timezone updated to 240 minutes west of GMT
07-10 22:00:44.190   144   198 D DhcpInfoInternal: makeLinkProperties with empty dns2!
07-10 22:00:44.194   144   198 D DhcpInfoInternal: makeLinkProperties with empty dns2!
07-10 22:01:06.749  7172  7175 D dalvikvm: GC_CONCURRENT freed 504K, 6% free 10473K/11079K, paused 2ms+2ms
07-10 22:01:07.144  7172  7192 D dalvikvm: GC_FOR_ALLOC freed 267K, 6% free 10484K/11079K, paused 24ms
07-10 22:01:07.171  7172  7192 D dalvikvm: GC_FOR_ALLOC freed 86K, 6% free 10460K/11079K, paused 19ms
07-10 22:01:54.311  3119  3133 I PhoneLab-: Service Running
07-10 22:01:54.417  3119  3133 I PhoneLab-LoggerService: app_37    1373  1     1440   1000  c00f181c 400107b4 S logcat
07-10 22:01:54.417  3119  3133 I PhoneLab-LoggerService: Logcat pid from database 1373
07-10 22:01:54.417  3119  3133 I PhoneLab-LoggerService: Logcat process found 1373
07-10 22:01:54.417  3119  3133 I PhoneLab-LoggerService: Checking Threshold
07-10 22:02:06.901 31913 31916 D dalvikvm: GC_CONCURRENT freed 519K, 8% free 10345K/11207K, paused 8ms+3ms
07-10 22:03:06.933  7172  7175 D dalvikvm: GC_CONCURRENT freed 498K, 6% free 10474K/11079K, paused 1ms+3ms
07-10 22:03:07.050 31913 31916 D dalvikvm: GC_CONCURRENT freed 452K, 8% free 10361K/11207K, paused 1ms+3ms
07-10 22:03:09.069   144   198 D DhcpInfoInternal: makeLinkProperties with empty dns2!
07-10 22:03:09.073   144   198 D DhcpInfoInternal: makeLinkProperties with empty dns2!
07-10 22:03:10.925   144   173 D dalvikvm: GC_EXPLICIT freed 678K, 20% free 18044K/22343K, paused 23ms+7ms
07-10 22:03:40.870  3043  3046 D dalvikvm: GC_CONCURRENT freed 1175K, 54% free 13056K/27847K, paused 15ms+4ms
07-10 22:03:54.311  3119  3133 I PhoneLab-: Service Running
07-10 22:03:54.390  3119  3133 I PhoneLab-LoggerService: app_37    1373  1     1440   1000  c00f181c 400107b4 S logcat
07-10 22:03:54.394  3119  3133 I PhoneLab-LoggerService: Logcat pid from database 1373
07-10 22:03:54.394  3119  3133 I PhoneLab-LoggerService: Logcat process found 1373
07-10 22:03:54.394  3119  3133 I PhoneLab-LoggerService: Checking Threshold
07-10 22:03:55.397   144   173 I ActivityManager: Start proc com.google.android.apps.plus for service com.google.android.apps.plus/.service.EsService: pid=7904 uid=10060 gids={3003, 3002, 1015, 1006}
07-10 22:03:55.686  7904  7906 D dalvikvm: GC_CONCURRENT freed 164K, 3% free 9372K/9607K, paused 10ms+2ms
07-10 22:03:55.866  7904  7904 I ActivityThread: Pub com.google.android.apps.plus.content.ApiProvider: com.google.android.apps.plus.content.EsApiProvider
07-10 22:03:55.909  7904  7904 I ActivityThread: Pub com.google.android.apps.plus.content.EsGooglePhotoProvider: com.google.android.picasasync.PicasaContentProvider
07-10 22:03:56.061  7904  7906 D dalvikvm: GC_CONCURRENT freed 311K, 4% free 9606K/9991K, paused 2ms+2ms
07-10 22:03:56.089  7904  7904 I ActivityThread: Pub com.google.android.apps.plus.content.EsPicasaStoreProvider: com.google.android.picasastore.PicasaPhotoContentProvider
07-10 22:03:56.093  7904  7904 I ActivityThread: Pub com.google.plus.platform: com.google.android.apps.plus.content.AdsProvider
07-10 22:03:56.097  7904  7904 I ActivityThread: Pub com.google.android.apps.plus.iu.EsGoogleIuProvider: com.google.android.apps.plus.iu.InstantUploadProvider
07-10 22:03:56.190  7904  7906 D dalvikvm: GC_CONCURRENT freed 560K, 7% free 9613K/10247K, paused 1ms+2ms
07-10 22:03:56.194  7904  7904 I ActivityThread: Pub com.google.android.apps.plus.content.EsProvider: com.google.android.apps.plus.content.EsProvider
07-10 22:03:56.198   144 10051 I ActivityManager: Start proc android.process.media for content provider com.android.providers.media/.MediaProvider: pid=7919 uid=10012 gids={1015, 1023, 1024, 2001, 3003, 3007}
07-10 22:03:56.269  7919  7919 I ActivityThread: Pub downloads: com.android.providers.downloads.DownloadProvider
07-10 22:03:56.401  7919  7919 I ActivityThread: Pub drm: com.android.providers.drm.DrmProvider
07-10 22:03:56.405  7919  7933 I DownloadManager: in removeSpuriousFiles
07-10 22:03:56.405  7904  7904 D dalvikvm: GC_FOR_ALLOC freed 107K, 5% free 9782K/10247K, paused 60ms
07-10 22:03:56.429  7919  7933 I DownloadManager: in removeSpuriousFiles, preserving file /data/data/com.android.providers.downloads/cache/metadata.json
07-10 22:03:56.433  7919  7933 I DownloadManager: in removeSpuriousFiles, preserving file /data/data/com.android.providers.downloads/cache/en_general.htm
07-10 22:03:56.433  7919  7933 I DownloadManager: in removeSpuriousFiles, preserving file /mnt/sdcard/Download/img-thing.jpeg
07-10 22:03:56.433  7919  7933 I DownloadManager: in removeSpuriousFiles, preserving file /data/data/com.android.providers.downloads/cache/metadata-1.json
07-10 22:03:56.433  7919  7933 I DownloadManager: in removeSpuriousFiles, preserving file /data/data/com.android.providers.downloads/cache/downloadfile.jpeg
07-10 22:03:56.433  7919  7933 I DownloadManager: in removeSpuriousFiles, preserving file /data/data/com.android.providers.downloads/cache/metadata-2.json
07-10 22:03:56.433  7919  7933 I DownloadManager: in removeSpuriousFiles, preserving file /data/data/com.android.providers.downloads/cache/metadata-3.json
07-10 22:03:56.433  7919  7933 I DownloadManager: in removeSpuriousFiles, preserving file /data/data/com.android.providers.downloads/cache/downloadfile-1.jpeg
07-10 22:03:56.433  7919  7933 I DownloadManager: in removeSpuriousFiles, preserving file /data/data/com.android.providers.downloads/cache/downloadfile-2.jpeg
07-10 22:03:56.433  7919  7933 I DownloadManager: in removeSpuriousFiles, preserving file /data/data/com.android.providers.downloads/cache/metadata-4.json
07-10 22:03:56.433  7919  7933 I DownloadManager: in removeSpuriousFiles, preserving file /data/data/com.android.providers.downloads/cache/metadata-5.json
07-10 22:03:56.433  7919  7933 I DownloadManager: deleting spurious file /cache/backup
07-10 22:03:56.472  7919  7919 I ActivityThread: Pub media: com.android.providers.media.MediaProvider
07-10 22:03:56.804  7904  7906 D dalvikvm: GC_CONCURRENT freed 183K, 3% free 10082K/10375K, paused 2ms+6ms
07-10 22:03:56.843  7919  7921 D dalvikvm: GC_CONCURRENT freed 376K, 5% free 9159K/9607K, paused 2ms+2ms
07-10 22:03:56.917  7904  7918 D PicasaPhotoCP: set fsid first time:-1
07-10 22:03:56.976   144 10051 I ActivityManager: No longer want com.google.android.apps.maps:NetworkLocationService (pid 7172): hidden #16
07-10 22:03:56.983   144 24503 W ActivityManager: Scheduling restart of crashed service com.google.android.apps.maps/com.google.android.location.internal.server.NetworkLocationService in 5000ms
07-10 22:03:57.073  7904  7906 D dalvikvm: GC_CONCURRENT freed 227K, 4% free 10334K/10695K, paused 1ms+2ms
07-10 22:03:57.128  7904  7932 D dalvikvm: GC_FOR_ALLOC freed 186K, 4% free 10461K/10887K, paused 21ms
07-10 22:03:57.128  7904  7932 I dalvikvm-heap: Grow heap (frag case) to 10.532MB for 260112-byte allocation
07-10 22:03:57.151  7904  7932 D dalvikvm: GC_FOR_ALLOC freed 126K, 5% free 10589K/11143K, paused 19ms
07-10 22:03:57.175  7904  7932 D dalvikvm: GC_FOR_ALLOC freed 311K, 6% free 10582K/11143K, paused 19ms
07-10 22:03:57.194  7904  7932 D dalvikvm: GC_FOR_ALLOC freed 62K, 5% free 10645K/11143K, paused 18ms
07-10 22:03:57.194  7904  7932 I dalvikvm-heap: Grow heap (frag case) to 10.712MB for 260112-byte allocation
07-10 22:03:57.218  7904  7932 D dalvikvm: GC_FOR_ALLOC freed 126K, 6% free 10773K/11399K, paused 18ms
07-10 22:03:57.237  7904  7932 D dalvikvm: GC_FOR_ALLOC freed 307K, 6% free 10765K/11399K, paused 19ms
07-10 22:03:57.261  7904  7932 D dalvikvm: GC_FOR_ALLOC freed 62K, 6% free 10829K/11399K, paused 18ms
07-10 22:03:57.280  7904  7932 D dalvikvm: GC_FOR_ALLOC freed 126K, 4% free 10957K/11399K, paused 18ms
07-10 22:03:57.417  7904  7906 D dalvikvm: GC_CONCURRENT freed 344K, 4% free 11209K/11655K, paused 2ms+2ms
07-10 22:03:57.550  7904  7906 D dalvikvm: GC_CONCURRENT freed 139K, 3% free 11732K/11975K, paused 1ms+2ms
07-10 22:03:57.710  7904  7906 D dalvikvm: GC_CONCURRENT freed 545K, 6% free 12023K/12679K, paused 2ms+2ms
07-10 22:03:57.886  7904  7906 D dalvikvm: GC_CONCURRENT freed 210K, 3% free 12750K/13063K, paused 2ms+3ms
07-10 22:03:58.073  7904  7935 I SqliteDatabaseCpp: sqlite returned: error code = 1, msg = no such column: wipeout_stats, db=/data/data/com.google.android.apps.plus/databases/es0.db
07-10 22:03:58.077  7904  7935 W System.err: android.database.sqlite.SQLiteException: no such column: wipeout_stats: , while compiling: SELECT wipeout_stats  FROM account_status
07-10 22:03:58.081  7904  7935 W System.err: 	at android.database.sqlite.SQLiteCompiledSql.native_compile(Native Method)
07-10 22:03:58.085  7904  7935 W System.err: 	at android.database.sqlite.SQLiteCompiledSql.<init>(SQLiteCompiledSql.java:68)
07-10 22:03:58.085  7904  7935 W System.err: 	at android.database.sqlite.SQLiteProgram.compileSql(SQLiteProgram.java:143)
07-10 22:03:58.085  7904  7935 W System.err: 	at android.database.sqlite.SQLiteProgram.compileAndbindAllArgs(SQLiteProgram.java:361)
07-10 22:03:58.085  7904  7935 W System.err: 	at android.database.sqlite.SQLiteStatement.acquireAndLock(SQLiteStatement.java:260)
07-10 22:03:58.085  7904  7935 W System.err: 	at android.database.sqlite.SQLiteStatement.simpleQueryForLong(SQLiteStatement.java:137)
07-10 22:03:58.085  7904  7935 W System.err: 	at android.database.DatabaseUtils.longForQuery(DatabaseUtils.java:791)
07-10 22:03:58.085  7904  7935 W System.err: 	at android.database.DatabaseUtils.longForQuery(DatabaseUtils.java:779)
07-10 22:03:58.085  7904  7935 W System.err: 	at com.google.android.apps.plus.content.EsAccountsData.isContactsStatsWipeoutNeeded(EsAccountsData.java:641)
07-10 22:03:58.085  7904  7935 W System.err: 	at com.google.android.apps.plus.service.EsService.processIntent(EsService.java:4246)
07-10 22:03:58.085  7904  7935 W System.err: 	at com.google.android.apps.plus.service.ServiceThread$1.run(ServiceThread.java:50)
07-10 22:03:58.085  7904  7935 W System.err: 	at android.os.Handler.handleCallback(Handler.java:605)
07-10 22:03:58.085  7904  7935 W System.err: 	at android.os.Handler.dispatchMessage(Handler.java:92)
07-10 22:03:58.085  7904  7935 W System.err: 	at android.os.Looper.loop(Looper.java:137)
07-10 22:03:58.085  7904  7935 W System.err: 	at com.google.android.apps.plus.service.ServiceThread.run(ServiceThread.java:122)
07-10 22:04:00.987  7904  7906 D dalvikvm: GC_CONCURRENT freed 1062K, 9% free 12840K/14023K, paused 3ms+3ms
07-10 22:04:02.019   144   161 I ActivityManager: Start proc com.google.android.apps.maps:NetworkLocationService for service com.google.android.apps.maps/com.google.android.location.internal.server.NetworkLocationService: pid=7946 uid=10056 gids={3003, 1015}
07-10 22:04:02.272  7946  7948 D dalvikvm: GC_CONCURRENT freed 173K, 3% free 9363K/9607K, paused 2ms+5ms
07-10 22:04:02.976  7946  7948 D dalvikvm: GC_CONCURRENT freed 149K, 3% free 9657K/9927K, paused 1ms+1ms
07-10 22:04:03.058   144  9303 I ActivityManager: Process com.google.android.gm (pid 7145) has died.
07-10 22:04:03.436  7946  7948 D dalvikvm: GC_CONCURRENT freed 166K, 3% free 10009K/10247K, paused 2ms+3ms
07-10 22:04:03.597  7946  7948 D dalvikvm: GC_CONCURRENT freed 150K, 3% free 10405K/10631K, paused 1ms+3ms
07-10 22:04:03.933  7946  7953 I dalvikvm: Total arena pages for JIT: 11
07-10 22:04:03.936  7946  7953 I dalvikvm: Total arena pages for JIT: 12
07-10 22:04:03.944  7946  7953 I dalvikvm: Total arena pages for JIT: 13
07-10 22:04:03.944  7946  7953 I dalvikvm: Total arena pages for JIT: 14
07-10 22:04:03.944  7946  7953 I dalvikvm: Total arena pages for JIT: 15
07-10 22:04:03.944  7946  7953 I dalvikvm: Total arena pages for JIT: 16
07-10 22:04:03.944  7946  7953 I dalvikvm: Total arena pages for JIT: 17
07-10 22:04:04.019  7946  7953 I dalvikvm: Total arena pages for JIT: 18
07-10 22:04:04.140  7946  7948 D dalvikvm: GC_CONCURRENT freed 745K, 8% free 10200K/11015K, paused 2ms+2ms
07-10 22:04:04.444  7904  7906 D dalvikvm: GC_CONCURRENT freed 1003K, 8% free 13040K/14151K, paused 2ms+14ms
07-10 22:04:04.546  7946  7966 D dalvikvm: GC_FOR_ALLOC freed 321K, 8% free 10237K/11015K, paused 24ms
07-10 22:04:04.628  7946  7966 D dalvikvm: GC_FOR_ALLOC freed 118K, 7% free 10260K/11015K, paused 18ms
07-10 22:04:05.854   214   216 D dalvikvm: GC_CONCURRENT freed 378K, 34% free 9749K/14663K, paused 1ms+5ms
07-10 22:04:05.925 31913 31916 D dalvikvm: GC_CONCURRENT freed 402K, 8% free 10355K/11207K, paused 54ms+3ms
07-10 22:04:05.948   214   214 D dalvikvm: GC_FOR_ALLOC freed 374K, 34% free 9740K/14663K, paused 19ms
07-10 22:04:05.995   214   216 D dalvikvm: GC_CONCURRENT freed 471K, 34% free 9737K/14663K, paused 1ms+2ms
07-10 22:04:06.077   214   216 D dalvikvm: GC_CONCURRENT freed 332K, 33% free 9857K/14663K, paused 1ms+3ms
07-10 22:04:07.370  7904  7943 E dalvikvm: Could not find class 'android.app.Notification$InboxStyle', referenced from method com.google.android.apps.plus.service.AndroidNotification.createDigestNotification
07-10 22:04:07.370  7904  7943 W dalvikvm: VFY: unable to resolve new-instance 41 (Landroid/app/Notification$InboxStyle;) in Lcom/google/android/apps/plus/service/AndroidNotification;
07-10 22:04:07.370  7904  7943 D dalvikvm: VFY: replacing opcode 0x22 at 0x0018
07-10 22:04:07.370  7904  7943 I dalvikvm: Could not find method android.app.Notification$Builder.setPriority, referenced from method com.google.android.apps.plus.service.AndroidNotification.createRichNotification
07-10 22:04:07.370  7904  7943 W dalvikvm: VFY: unable to resolve virtual method 162: Landroid/app/Notification$Builder;.setPriority (I)Landroid/app/Notification$Builder;
07-10 22:04:07.370  7904  7943 D dalvikvm: VFY: replacing opcode 0x6e at 0x00d5
07-10 22:04:07.421  7904  7943 D dalvikvm: DexOpt: unable to opt direct call 0x00a8 at 0x1a in Lcom/google/android/apps/plus/service/AndroidNotification;.createDigestNotification
07-10 22:04:07.421  7904  7943 D dalvikvm: DexOpt: unable to opt direct call 0x0091 at 0xf1 in Lcom/google/android/apps/plus/service/AndroidNotification;.createRichNotification
07-10 22:04:07.421  7904  7943 D dalvikvm: DexOpt: unable to opt direct call 0x0095 at 0x397 in Lcom/google/android/apps/plus/service/AndroidNotification;.createRichNotification
07-10 22:04:10.050   144  9303 I ActivityManager: Process com.google.android.maps.mytracks (pid 7393) has died.
07-10 22:04:11.542  7904  7906 D dalvikvm: GC_CONCURRENT freed 1196K, 10% free 13096K/14407K, paused 5ms+3ms
07-10 22:04:13.323  5714  9089 D dalvikvm: GC_EXPLICIT freed 536K, 8% free 11104K/11975K, paused 45ms+8ms
07-10 22:04:13.503    86   633 E GPSD    : ril_gps_wait_for_ril: Response already received.
07-10 22:04:13.558  7946  7948 D dalvikvm: GC_CONCURRENT freed 359K, 7% free 10285K/11015K, paused 28ms+2ms
07-10 22:04:14.300 31913 31916 D dalvikvm: GC_CONCURRENT freed 508K, 8% free 10359K/11207K, paused 2ms+3ms
07-10 22:04:14.405   214   216 D dalvikvm: GC_CONCURRENT freed 573K, 34% free 9732K/14663K, paused 2ms+3ms
07-10 22:04:14.460   214   216 D dalvikvm: GC_CONCURRENT freed 459K, 34% free 9729K/14663K, paused 1ms+3ms
07-10 22:04:14.542   214   216 D dalvikvm: GC_CONCURRENT freed 398K, 34% free 9759K/14663K, paused 1ms+5ms
07-10 22:04:14.683  7904  7906 D dalvikvm: GC_CONCURRENT freed 1171K, 9% free 13170K/14471K, paused 10ms+7ms
07-10 22:04:17.558   144  7984 D dalvikvm: GC_EXPLICIT freed 1480K, 20% free 17912K/22343K, paused 8ms+7ms
07-10 22:04:18.042  7904  7906 D dalvikvm: GC_CONCURRENT freed 1170K, 9% free 13331K/14599K, paused 11ms+3ms
07-10 22:04:18.679  7904  7943 D dalvikvm: GC_FOR_ALLOC freed 240K, 8% free 13610K/14727K, paused 49ms
07-10 22:04:18.722  7904  7943 D dalvikvm: GC_FOR_ALLOC freed 353K, 11% free 13597K/15111K, paused 38ms
07-10 22:04:18.726  7904  7943 I dalvikvm-heap: Grow heap (frag case) to 13.680MB for 349238-byte allocation
07-10 22:04:18.765  7904  7943 D dalvikvm: GC_FOR_ALLOC freed 0K, 11% free 13938K/15495K, paused 39ms
07-10 22:04:19.737  7904  7906 D dalvikvm: GC_CONCURRENT freed 1058K, 8% free 14464K/15623K, paused 6ms+2ms
07-10 22:04:19.979 16301 16303 D dalvikvm: GC_CONCURRENT freed 409K, 7% free 9894K/10567K, paused 5ms+3ms
07-10 22:04:21.503  7904  7906 D dalvikvm: GC_CONCURRENT freed 1718K, 12% free 14478K/16327K, paused 2ms+2ms
07-10 22:04:25.999  7904  7943 I SqliteDatabaseCpp: sqlite returned: error code = 1, msg = no such column: last_stats_sync_time, db=/data/data/com.google.android.apps.plus/databases/es0.db
07-10 22:04:26.034  7904  7943 E EsSyncAdapterService: Sync failure
07-10 22:04:26.034  7904  7943 E EsSyncAdapterService: android.database.sqlite.SQLiteException: no such column: last_stats_sync_time: , while compiling: SELECT last_stats_sync_time  FROM account_status
07-10 22:04:26.034  7904  7943 E EsSyncAdapterService: 	at android.database.sqlite.SQLiteCompiledSql.native_compile(Native Method)
07-10 22:04:26.034  7904  7943 E EsSyncAdapterService: 	at android.database.sqlite.SQLiteCompiledSql.<init>(SQLiteCompiledSql.java:68)
07-10 22:04:26.034  7904  7943 E EsSyncAdapterService: 	at android.database.sqlite.SQLiteProgram.compileSql(SQLiteProgram.java:143)
07-10 22:04:26.034  7904  7943 E EsSyncAdapterService: 	at android.database.sqlite.SQLiteProgram.compileAndbindAllArgs(SQLiteProgram.java:361)
07-10 22:04:26.034  7904  7943 E EsSyncAdapterService: 	at android.database.sqlite.SQLiteStatement.acquireAndLock(SQLiteStatement.java:260)
07-10 22:04:26.034  7904  7943 E EsSyncAdapterService: 	at android.database.sqlite.SQLiteStatement.simpleQueryForLong(SQLiteStatement.java:137)
07-10 22:04:26.034  7904  7943 E EsSyncAdapterService: 	at android.database.DatabaseUtils.longForQuery(DatabaseUtils.java:791)
07-10 22:04:26.034  7904  7943 E EsSyncAdapterService: 	at android.database.DatabaseUtils.longForQuery(DatabaseUtils.java:779)
07-10 22:04:26.034  7904  7943 E EsSyncAdapterService: 	at com.google.android.apps.plus.content.EsAccountsData.queryLastStatsSyncTimestamp(EsAccountsData.java:570)
07-10 22:04:26.034  7904  7943 E EsSyncAdapterService: 	at com.google.android.apps.plus.service.EsSyncAdapterService.syncContactsStatsIfNecessary(EsSyncAdapterService.java:670)
07-10 22:04:26.034  7904  7943 E EsSyncAdapterService: 	at com.google.android.apps.plus.service.EsSyncAdapterService.doFullSync(EsSyncAdapterService.java:633)
07-10 22:04:26.034  7904  7943 E EsSyncAdapterService: 	at com.google.android.apps.plus.service.EsSyncAdapterService.doSync(EsSyncAdapterService.java:566)
07-10 22:04:26.034  7904  7943 E EsSyncAdapterService: 	at com.google.android.apps.plus.service.EsSyncAdapterService.access$100(EsSyncAdapterService.java:52)
07-10 22:04:26.034  7904  7943 E EsSyncAdapterService: 	at com.google.android.apps.plus.service.EsSyncAdapterService$SyncAdapterImpl.onPerformSync(EsSyncAdapterService.java:408)
07-10 22:04:26.034  7904  7943 E EsSyncAdapterService: 	at android.content.AbstractThreadedSyncAdapter$SyncThread.run(AbstractThreadedSyncAdapter.java:247)
07-10 22:04:26.108   144   168 D SyncManager: failed sync operation lokeshmandvekar@gmail.com (com.google), com.google.android.apps.plus.content.EsProvider, SERVER, earliestRunTime 121502752, SyncResult: stats [ numParseExceptions: 1]
07-10 22:04:26.202   144   168 D SyncManager: not retrying sync operation because the error is a hard error: lokeshmandvekar@gmail.com (com.google), com.google.android.apps.plus.content.EsProvider, SERVER, earliestRunTime 121530883
07-10 22:04:26.226   144   380 I ActivityManager: Process com.google.android.apps.currents (pid 7706) has died.
07-10 22:04:26.284  7784  7798 D AccountTypeManager: Registering external account type=com.whatsapp, packageName=com.whatsapp
07-10 22:04:26.339  7784  7798 W ResourceType: getEntry failing because entryIndex 606 is beyond type entryCount 189
07-10 22:04:26.339  7784  7798 W ResourceType: Failure getting entry for 0x7f02025e (t=1 e=606) in package 0 (error -2147483647)
07-10 22:04:26.343  7784  7798 D AccountTypeManager: Registering external account type=com.xabber.androiddev, packageName=com.xabber.androiddev
07-10 22:04:26.436  7904  7906 D dalvikvm: GC_CONCURRENT freed 2942K, 19% free 13255K/16327K, paused 3ms+138ms
07-10 22:04:26.460  7784  7798 D AccountTypeManager: Registering external account type=com.facebook.auth.login, packageName=com.facebook.katana
07-10 22:04:27.011  7784  7798 W ResourceType: getEntry failing because entryIndex 344 is beyond type entryCount 189
07-10 22:04:27.011  7784  7798 W ResourceType: Failure getting entry for 0x7f020158 (t=1 e=344) in package 0 (error -2147483647)
07-10 22:04:27.030  7784  7798 D AccountTypeManager: Registering 1 extension packages
07-10 22:04:27.210  7784  7798 E ExternalAccountType: Unsupported attribute readOnly
07-10 22:04:27.210  7784  7798 W ResourceType: getEntry failing because entryIndex 422 is beyond type entryCount 189
07-10 22:04:27.210  7784  7798 W ResourceType: Failure getting entry for 0x7f0201a6 (t=1 e=422) in package 0 (error -2147483647)
07-10 22:04:27.222  7784  7798 D AccountTypeManager: Registering extension package account type=com.google, dataSet=plus, packageName=com.google.android.apps.plus
07-10 22:04:27.229  7784  7798 I AccountTypeManager: Loaded meta-data for 6 account types, 5 accounts in 986ms(wall) 58ms(cpu)
07-10 22:04:27.335  6032  6039 D dalvikvm: GC_CONCURRENT freed 654K, 10% free 11532K/12743K, paused 2ms+6ms
07-10 22:04:30.972  7904  7975 D dalvikvm: GC_EXPLICIT freed 735K, 19% free 13230K/16327K, paused 6ms+2ms
07-10 22:04:31.202 16301 16933 D dalvikvm: GC_EXPLICIT freed 355K, 7% free 9866K/10567K, paused 2ms+4ms
07-10 22:04:32.034 16301 16303 D dalvikvm: GC_CONCURRENT freed 358K, 7% free 9892K/10567K, paused 2ms+3ms
07-10 22:05:09.827   144   376 D dalvikvm: GC_EXPLICIT freed 580K, 21% free 17862K/22343K, paused 3ms+7ms
07-10 22:05:09.905   144 10051 D AlarmManagerService: Kernel timezone updated to 240 minutes west of GMT
07-10 22:05:34.276   144   198 D DhcpInfoInternal: makeLinkProperties with empty dns2!
07-10 22:05:34.280   144   198 D DhcpInfoInternal: makeLinkProperties with empty dns2!
07-10 22:05:54.331  3119  3133 I PhoneLab-: Service Running
07-10 22:05:54.425  3119  3133 I PhoneLab-LoggerService: app_37    1373  1     1440   1000  c00f181c 400107b4 S logcat
07-10 22:05:54.425  3119  3133 I PhoneLab-LoggerService: Logcat pid from database 1373
07-10 22:05:54.425  3119  3133 I PhoneLab-LoggerService: Logcat process found 1373
07-10 22:05:54.425  3119  3133 I PhoneLab-LoggerService: Checking Threshold
07-10 22:06:06.147  7946  7948 D dalvikvm: GC_CONCURRENT freed 493K, 7% free 10303K/11015K, paused 11ms+3ms
07-10 22:06:06.319 31913 31916 D dalvikvm: GC_CONCURRENT freed 503K, 8% free 10367K/11207K, paused 5ms+3ms
07-10 22:07:06.241 31913 31916 D dalvikvm: GC_CONCURRENT freed 469K, 8% free 10338K/11207K, paused 2ms+3ms
07-10 22:07:15.870   344   344 D SAN_SERVICE: *******************************************
07-10 22:07:15.870   344   344 D SAN_SERVICE: DM App Phone Service State - 0
07-10 22:07:15.870   344   344 D SAN_SERVICE: *******************************************
07-10 22:07:16.101   344   344 D SAN_SERVICE: *******************************************
07-10 22:07:16.101   344   344 D SAN_SERVICE: DM App Phone Service State - 0
07-10 22:07:16.101   344   344 D SAN_SERVICE: *******************************************
07-10 22:07:51.327   344   344 D SAN_SERVICE: *******************************************
07-10 22:07:51.327   344   344 D SAN_SERVICE: DM App Phone Service State - 0
07-10 22:07:51.327   344   344 D SAN_SERVICE: *******************************************
07-10 22:07:51.370   344   344 D SAN_SERVICE: *******************************************
07-10 22:07:51.370   344   344 D SAN_SERVICE: DM App Phone Service State - 0
07-10 22:07:51.370   344   344 D SAN_SERVICE: *******************************************
07-10 22:07:54.311  3119  3133 I PhoneLab-: Service Running
07-10 22:07:54.382  3119  3133 I PhoneLab-LoggerService: app_37    1373  1     1440   1000  c00f181c 400107b4 S logcat
07-10 22:07:54.382  3119  3133 I PhoneLab-LoggerService: Logcat pid from database 1373
07-10 22:07:54.382  3119  3133 I PhoneLab-LoggerService: Logcat process found 1373
07-10 22:07:54.382  3119  3133 I PhoneLab-LoggerService: Checking Threshold
07-10 22:07:59.159   144   198 D DhcpInfoInternal: makeLinkProperties with empty dns2!
07-10 22:07:59.163   144   198 D DhcpInfoInternal: makeLinkProperties with empty dns2!
07-10 22:08:06.222  7946  7948 D dalvikvm: GC_CONCURRENT freed 505K, 7% free 10309K/11015K, paused 2ms+2ms
07-10 22:08:16.589   344   344 D SAN_SERVICE: *******************************************
07-10 22:08:16.589   344   344 D SAN_SERVICE: DM App Phone Service State - 0
07-10 22:08:16.589   344   344 D SAN_SERVICE: *******************************************
07-10 22:08:17.085   344   344 D SAN_SERVICE: *******************************************
07-10 22:08:17.085   344   344 D SAN_SERVICE: DM App Phone Service State - 0
07-10 22:08:17.085   344   344 D SAN_SERVICE: *******************************************
07-10 22:08:25.936   144   156 D AlarmManagerService: Kernel timezone updated to 240 minutes west of GMT
07-10 22:09:06.362 31913 31916 D dalvikvm: GC_CONCURRENT freed 447K, 8% free 10403K/11207K, paused 2ms+9ms
07-10 22:09:07.827   344   344 D SAN_SERVICE: *******************************************
07-10 22:09:07.827   344   344 D SAN_SERVICE: DM App Phone Service State - 0
07-10 22:09:07.827   344   344 D SAN_SERVICE: *******************************************
07-10 22:09:08.569   344   344 D SAN_SERVICE: *******************************************
07-10 22:09:08.569   344   344 D SAN_SERVICE: DM App Phone Service State - 0
07-10 22:09:08.569   344   344 D SAN_SERVICE: *******************************************
07-10 22:09:54.237   344   344 D SAN_SERVICE: *******************************************
07-10 22:09:54.237   344   344 D SAN_SERVICE: DM App Phone Service State - 0
07-10 22:09:54.237   344   344 D SAN_SERVICE: *******************************************
07-10 22:09:54.311  3119  3133 I PhoneLab-: Service Running
07-10 22:09:54.394  3119  3133 I PhoneLab-LoggerService: app_37    1373  1     1440   1000  c00f181c 400107b4 S logcat
07-10 22:09:54.394  3119  3133 I PhoneLab-LoggerService: Logcat pid from database 1373
07-10 22:09:54.394  3119  3133 I PhoneLab-LoggerService: Logcat process found 1373
07-10 22:09:54.394  3119  3133 I PhoneLab-LoggerService: Checking Threshold
07-10 22:10:06.351  7946  7948 D dalvikvm: GC_CONCURRENT freed 503K, 7% free 10317K/11015K, paused 2ms+3ms
07-10 22:10:09.202   344   344 D SAN_SERVICE: *******************************************
07-10 22:10:09.202   344   344 D SAN_SERVICE: DM App Phone Service State - 0
07-10 22:10:09.202   344   344 D SAN_SERVICE: *******************************************
07-10 22:10:09.741   344   344 D SAN_SERVICE: *******************************************
07-10 22:10:09.741   344   344 D SAN_SERVICE: DM App Phone Service State - 0
07-10 22:10:09.741   344   344 D SAN_SERVICE: *******************************************
07-10 22:10:24.046   144   198 D DhcpInfoInternal: makeLinkProperties with empty dns2!
07-10 22:10:24.046   144   198 D DhcpInfoInternal: makeLinkProperties with empty dns2!
07-10 22:10:55.304   344   344 D SAN_SERVICE: *******************************************
07-10 22:10:55.304   344   344 D SAN_SERVICE: DM App Phone Service State - 0
07-10 22:10:55.304   344   344 D SAN_SERVICE: *******************************************
07-10 22:10:55.569   344   344 D SAN_SERVICE: *******************************************
07-10 22:10:55.569   344   344 D SAN_SERVICE: DM App Phone Service State - 0
07-10 22:10:55.569   344   344 D SAN_SERVICE: *******************************************
07-10 22:10:56.327   344   344 D SAN_SERVICE: *******************************************
07-10 22:10:56.327   344   344 D SAN_SERVICE: DM App Phone Service State - 0
07-10 22:10:56.327   344   344 D SAN_SERVICE: *******************************************
07-10 22:11:06.433 31913 31916 D dalvikvm: GC_CONCURRENT freed 577K, 8% free 10329K/11207K, paused 1ms+3ms
07-10 22:11:54.311  3119  3133 I PhoneLab-: Service Running
07-10 22:11:54.378  3119  3133 I PhoneLab-LoggerService: app_37    1373  1     1440   1000  c00f181c 400107b4 S logcat
07-10 22:11:54.382  3119  3133 I PhoneLab-LoggerService: Logcat pid from database 1373
07-10 22:11:54.382  3119  3133 I PhoneLab-LoggerService: Logcat process found 1373
07-10 22:11:54.382  3119  3133 I PhoneLab-LoggerService: Checking Threshold
07-10 22:11:58.249  3119  3119 I PhoneLab-Locks: wake lock acquired
07-10 22:11:58.300  3119  8064 I PhoneLab-PeriodicCheckService: User info is synched
07-10 22:11:58.300  3119  8064 I PhoneLab-PeriodicCheckService: Logger Service is running
07-10 22:11:58.304  3119  3119 I PhoneLab-Locks: wake lock acquired
07-10 22:11:58.308  3119  3119 I PhoneLab-StatusMonitor: Status Monitoring is started
07-10 22:11:58.311  3119  8064 I PhoneLab-Locks: wake lock acquired
07-10 22:11:58.335  3119  8064 I PhoneLab-PeriodicCheckService: Rescheduling periodic checking...
07-10 22:11:58.335  3119  8064 I PhoneLab-Locks: wake lock released
07-10 22:11:58.343  3119  3119 E PhoneLab-PhoneLabManifest: java.io.FileNotFoundException: /data/data/edu.buffalo.cse.phonelab.phonelabservices/files/manifest.xml: open failed: ENOENT (No such file or directory)
07-10 22:11:58.362  3119  3119 I PhoneLab-Locks: wake lock released
07-10 22:11:58.362  3119  3119 I PhoneLab-UploadLogs: Transfering log files now
07-10 22:11:58.362  3119  3119 I PhoneLab-UploadLogs: No log files to transfer
07-10 22:11:58.362  3119  3119 I PhoneLab-Locks: wake lock released
07-10 22:11:58.366  3119  3119 I PhoneLab-UploadLogs: OnStartCommand
07-10 22:11:58.370  3119  3122 D dalvikvm: GC_CONCURRENT freed 441K, 18% free 9136K/11079K, paused 7ms+2ms
07-10 22:12:06.440  7946  7948 D dalvikvm: GC_CONCURRENT freed 507K, 7% free 10321K/11015K, paused 1ms+3ms
07-10 22:12:06.573 31913 31916 D dalvikvm: GC_CONCURRENT freed 441K, 8% free 10362K/11207K, paused 2ms+2ms
07-10 22:12:29.655   144   168 I ActivityManager: Start proc com.google.android.gm for service com.google.android.gm/.provider.MailSyncAdapterService: pid=8068 uid=10075 gids={3003, 1015}
07-10 22:12:30.038  8068  8068 I ActivityThread: Pub gmail-ls: com.google.android.gm.provider.MailProvider
