07-03 21:29:36.133 13517 13526 E SQLiteDatabase: 	at android.webkit.WebViewDatabase.access$000(WebViewDatabase.java:38)
07-03 21:29:36.133 13517 13526 E SQLiteDatabase: 	at android.webkit.WebViewDatabase$1.run(WebViewDatabase.java:190)
07-03 21:29:36.465   145   161 I Process : Sending signal. PID: 13517 SIG: 3
07-03 21:29:36.465 13517 13520 I dalvikvm: threadid=3: reacting to signal 3
07-03 21:29:36.613 13517 13520 I dalvikvm: Wrote stack traces to '/data/anr/traces.txt'
07-03 21:29:36.664 13517 13518 D dalvikvm: GC_CONCURRENT freed 278K, 3% free 12055K/12423K, paused 37ms+25ms
07-03 21:29:36.973   145   161 I Process : Sending signal. PID: 13517 SIG: 3
07-03 21:29:36.973 13517 13520 I dalvikvm: threadid=3: reacting to signal 3
07-03 21:29:37.113 13517 13520 I dalvikvm: Wrote stack traces to '/data/anr/traces.txt'
07-03 21:29:37.555   145   161 I Process : Sending signal. PID: 13517 SIG: 3
07-03 21:29:37.555 13517 13520 I dalvikvm: threadid=3: reacting to signal 3
07-03 21:29:39.621   145 21614 I ActivityManager: Process com.google.android.youtube (pid 13172) has died.
07-03 21:29:39.625   145   161 I Process : Sending signal. PID: 13517 SIG: 3
07-03 21:29:39.676 13517 13520 I dalvikvm: Wrote stack traces to '/data/anr/traces.txt'
07-03 21:29:39.676 13517 13520 I dalvikvm: threadid=3: reacting to signal 3
07-03 21:29:39.711 13517 13520 I dalvikvm: Wrote stack traces to '/data/anr/traces.txt'
07-03 21:29:40.063 13554 13571 D dalvikvm: GC_EXPLICIT freed 377K, 7% free 9544K/10247K, paused 229ms+4ms
07-03 21:29:40.125   145   161 I Process : Sending signal. PID: 13517 SIG: 3
07-03 21:29:40.125 13517 13520 I dalvikvm: threadid=3: reacting to signal 3
07-03 21:29:40.184 13517 13520 I dalvikvm: Wrote stack traces to '/data/anr/traces.txt'
07-03 21:29:40.629   145   161 I Process : Sending signal. PID: 13517 SIG: 3
07-03 21:29:40.629 13517 13520 I dalvikvm: threadid=3: reacting to signal 3
07-03 21:29:40.723 13517 13520 I dalvikvm: Wrote stack traces to '/data/anr/traces.txt'
07-03 21:29:40.754   216   218 D dalvikvm: GC_CONCURRENT freed 555K, 29% free 10255K/14343K, paused 19ms+4ms
07-03 21:29:40.859   216   218 D dalvikvm: GC_CONCURRENT freed 357K, 28% free 10371K/14343K, paused 2ms+4ms
07-03 21:29:41.020   216   218 D dalvikvm: GC_CONCURRENT freed 414K, 28% free 10416K/14343K, paused 2ms+2ms
07-03 21:29:41.149   145   161 I Process : Sending signal. PID: 13517 SIG: 3
07-03 21:29:41.149 13517 13520 I dalvikvm: threadid=3: reacting to signal 3
07-03 21:29:41.188 11173 11176 D dalvikvm: GC_CONCURRENT freed 401K, 6% free 9937K/10567K, paused 45ms+11ms
07-03 21:29:41.223 13517 13520 I dalvikvm: Wrote stack traces to '/data/anr/traces.txt'
07-03 21:29:41.238 13517 13518 D dalvikvm: GC_CONCURRENT freed 467K, 5% free 12530K/13127K, paused 61ms+4ms
07-03 21:29:41.578 13517 13608 D dalvikvm: GC_FOR_ALLOC freed 111K, 4% free 13090K/13575K, paused 41ms
07-03 21:29:41.625   145   161 I Process : Sending signal. PID: 13517 SIG: 3
07-03 21:29:41.625 13517 13520 I dalvikvm: threadid=3: reacting to signal 3
07-03 21:29:41.754 13517 13520 I dalvikvm: Wrote stack traces to '/data/anr/traces.txt'
07-03 21:29:41.848   145   156 I ActivityManager: Process com.google.android.apps.docs (pid 13212) has died.
07-03 21:29:41.863 13517 13517 D libEGL  : loaded /system/lib/egl/libGLES_android.so
07-03 21:29:41.875 13517 13517 D libEGL  : loaded /vendor/lib/egl/libEGL_POWERVR_SGX540_120.so
07-03 21:29:42.102 13517 13517 D libEGL  : loaded /vendor/lib/egl/libGLESv1_CM_POWERVR_SGX540_120.so
07-03 21:29:42.102 13517 13517 D libEGL  : loaded /vendor/lib/egl/libGLESv2_POWERVR_SGX540_120.so
07-03 21:29:42.125   145   161 I Process : Sending signal. PID: 13517 SIG: 3
07-03 21:29:42.129 13517 13520 I dalvikvm: threadid=3: reacting to signal 3
07-03 21:29:42.129  8571  8571 D OpenGLRenderer: Flushing caches (mode 1)
07-03 21:29:42.336 13517 13520 I dalvikvm: Wrote stack traces to '/data/anr/traces.txt'
07-03 21:29:42.625   145   161 I Process : Sending signal. PID: 13517 SIG: 3
07-03 21:29:42.625 13517 13520 I dalvikvm: threadid=3: reacting to signal 3
07-03 21:29:42.707   145  1149 D dalvikvm: GC_EXPLICIT freed 1194K, 31% free 17760K/25543K, paused 25ms+10ms
07-03 21:29:42.844 13517 13520 I dalvikvm: Wrote stack traces to '/data/anr/traces.txt'
07-03 21:29:42.848 13517 13517 D OpenGLRenderer: Enabling debug mode 0
07-03 21:29:43.125   145   161 I Process : Sending signal. PID: 13517 SIG: 3
07-03 21:29:43.125 13517 13520 I dalvikvm: threadid=3: reacting to signal 3
07-03 21:29:43.242 13517 13520 I dalvikvm: Wrote stack traces to '/data/anr/traces.txt'
07-03 21:29:43.461  8571  8574 D dalvikvm: GC_CONCURRENT freed 808K, 7% free 12238K/13127K, paused 37ms+6ms
07-03 21:29:43.625   145   161 I Process : Sending signal. PID: 13517 SIG: 3
07-03 21:29:43.625 13517 13520 I dalvikvm: threadid=3: reacting to signal 3
07-03 21:29:43.688 13517 13520 I dalvikvm: Wrote stack traces to '/data/anr/traces.txt'
07-03 21:29:43.695   145   161 W ActivityManager: Launch timeout has expired, giving up wake lock!
07-03 21:29:43.711   145   161 W ActivityManager: Activity idle timeout for ActivityRecord{419f8628 com.google.android.apps.maps/com.google.android.maps.LatitudeActivity}
07-03 21:29:43.742 13517 13518 D dalvikvm: GC_CONCURRENT freed 970K, 7% free 13540K/14535K, paused 16ms+4ms
07-03 21:29:43.863   145   176 I ActivityManager: Displayed com.google.android.apps.maps/com.google.android.maps.MapsActivity: +9s902ms (total +10s168ms)
07-03 21:29:43.965   145   161 W ActivityManager: Activity idle timeout for ActivityRecord{41a016e0 com.google.android.apps.maps/com.google.android.maps.MapsActivity}
07-03 21:29:44.258 13517 13518 D dalvikvm: GC_CONCURRENT freed 976K, 7% free 14128K/15175K, paused 2ms+4ms
07-03 21:29:44.617 13517 13622 D dalvikvm: GC_FOR_ALLOC freed 253K, 4% free 14652K/15175K, paused 59ms
07-03 21:29:44.766 29974 29974 D OpenGLRenderer: Flushing caches (mode 1)
07-03 21:29:44.871 13517 13622 D dalvikvm: GC_FOR_ALLOC freed 1863K, 13% free 14467K/16583K, paused 65ms
07-03 21:29:44.957 29974 29974 D OpenGLRenderer: Flushing caches (mode 1)
07-03 21:29:44.965  8571  8571 D OpenGLRenderer: Flushing caches (mode 1)
07-03 21:29:45.586   145   310 I ActivityManager: Process android.process.media (pid 13015) has died.
07-03 21:29:46.879 13517 13622 D dalvikvm: GC_FOR_ALLOC freed 973K, 11% free 14820K/16583K, paused 293ms
07-03 21:29:46.883 13517 13622 I dalvikvm-heap: Grow heap (frag case) to 15.541MB for 1048592-byte allocation
07-03 21:29:46.914  8571  8571 D OpenGLRenderer: Flushing caches (mode 1)
07-03 21:29:46.914 29974 29974 D OpenGLRenderer: Flushing caches (mode 2)
07-03 21:29:46.988 13517 13622 D dalvikvm: GC_FOR_ALLOC freed 9K, 11% free 15835K/17671K, paused 95ms
07-03 21:29:47.063 29974 29974 D OpenGLRenderer: Flushing caches (mode 0)
07-03 21:29:47.672   145   365 I ActivityManager: Process com.google.android.apps.uploader (pid 13156) has died.
07-03 21:29:47.852   145  4009 I ActivityManager: Process com.google.android.gm (pid 13498) has died.
07-03 21:29:48.254 13517 13524 I dalvikvm: Jit: resizing JitTable from 4096 to 8192
07-03 21:29:48.461 13517 13534 D dalvikvm: GC_FOR_ALLOC freed 2604K, 15% free 15303K/17991K, paused 60ms
07-03 21:29:48.656 13517 13518 D dalvikvm: GC_CONCURRENT freed 34K, 15% free 15321K/17991K, paused 9ms+5ms
07-03 21:29:49.109   145  1149 I ActivityManager: Process com.google.android.maps.mytracks (pid 13484) has died.
07-03 21:29:49.277 13517 13518 D dalvikvm: GC_CONCURRENT freed 1337K, 11% free 16034K/17991K, paused 3ms+5ms
07-03 21:29:49.953 13517 13622 D dalvikvm: GC_FOR_ALLOC freed 1905K, 13% free 15970K/18183K, paused 63ms
07-03 21:29:50.895 13517 13518 D dalvikvm: GC_CONCURRENT freed 1681K, 11% free 16216K/18183K, paused 12ms+8ms
07-03 21:29:50.949  8571  8571 D OpenGLRenderer: Flushing caches (mode 2)
07-03 21:29:50.949  8571  8571 W ManagedEGLContext: doTerminate failed: EGL count is 2 but managed count is 1
07-03 21:29:51.527 13517 13518 D dalvikvm: GC_CONCURRENT freed 1798K, 11% free 16385K/18311K, paused 2ms+8ms
07-03 21:29:52.199 12172 12174 D dalvikvm: GC_CONCURRENT freed 430K, 6% free 10079K/10695K, paused 16ms+3ms
07-03 21:29:52.504 13517 13518 D dalvikvm: GC_CONCURRENT freed 1829K, 11% free 16560K/18503K, paused 3ms+8ms
07-03 21:29:53.176 13517 13518 D dalvikvm: GC_CONCURRENT freed 1724K, 10% free 16800K/18631K, paused 3ms+7ms
07-03 21:29:53.813 13517 13518 D dalvikvm: GC_CONCURRENT freed 1766K, 10% free 16999K/18887K, paused 2ms+8ms
07-03 21:29:54.703 13517 13518 D dalvikvm: GC_CONCURRENT freed 1725K, 10% free 17284K/19079K, paused 2ms+9ms
07-03 21:29:54.899 11445 11445 I PhoneLab-Locks: wake lock acquired
07-03 21:29:54.906 11445 13661 I PhoneLab-PeriodicCheckService: User info is synched
07-03 21:29:54.910 11445 13661 I PhoneLab-PeriodicCheckService: Logger Service is running
07-03 21:29:54.914 11445 11445 I PhoneLab-Locks: wake lock acquired
07-03 21:29:54.918 11445 11445 I PhoneLab-StatusMonitor: Status Monitoring is started
07-03 21:29:54.922 11445 13661 I PhoneLab-Locks: wake lock acquired
07-03 21:29:54.922 11445 13661 I PhoneLab-PeriodicCheckService: Rescheduling periodic checking...
07-03 21:29:54.926 11445 13661 I PhoneLab-Locks: wake lock released
07-03 21:29:54.984 11445 11445 E PhoneLab-PhoneLabManifest: java.io.FileNotFoundException: /data/data/edu.buffalo.cse.phonelab.phonelabservices/files/manifest.xml: open failed: ENOENT (No such file or directory)
07-03 21:29:55.012 11445 11446 D dalvikvm: GC_CONCURRENT freed 404K, 15% free 9128K/10695K, paused 2ms+2ms
07-03 21:29:55.012 11445 11445 I PhoneLab-Locks: wake lock released
07-03 21:29:55.016 11445 11445 I PhoneLab-UploadLogs: Transfering log files now
07-03 21:29:55.133 11445 11446 D dalvikvm: GC_CONCURRENT freed 312K, 14% free 9224K/10695K, paused 2ms+4ms
07-03 21:29:55.180 11445 11445 D dalvikvm: GC_FOR_ALLOC freed 184K, 13% free 9408K/10695K, paused 15ms
07-03 21:29:55.180   145   156 I ActivityManager: Process com.xabber.androiddev (pid 10833) has died.
07-03 21:29:55.180   145   156 W ActivityManager: Scheduling restart of crashed service com.xabber.androiddev/com.xabber.android.service.XMPPService in 5000ms
07-03 21:29:55.199 11445 11445 I PhoneLab-UploadLogs: OnStartCommand
07-03 21:29:55.223 11445 11446 D dalvikvm: GC_CONCURRENT freed 294K, 11% free 9625K/10695K, paused 2ms+7ms
07-03 21:29:55.387 13517 13518 D dalvikvm: GC_CONCURRENT freed 1347K, 8% free 17925K/19399K, paused 2ms+4ms
07-03 21:29:55.414 11445 13663 D dalvikvm: GC_FOR_ALLOC freed 311K, 10% free 9641K/10695K, paused 39ms
07-03 21:29:55.430 11445 13663 D dalvikvm: GC_FOR_ALLOC freed 301K, 10% free 9641K/10695K, paused 14ms
07-03 21:29:55.449 11445 13663 D dalvikvm: GC_FOR_ALLOC freed 301K, 10% free 9642K/10695K, paused 16ms
07-03 21:29:56.258 13517 13518 D dalvikvm: GC_CONCURRENT freed 2588K, 14% free 17410K/20103K, paused 7ms+5ms
07-03 21:29:56.930 13517 13608 D dalvikvm: GC_FOR_ALLOC freed 925K, 14% free 17368K/20103K, paused 82ms
07-03 21:29:56.934 13517 13608 I dalvikvm-heap: Grow heap (frag case) to 17.254MB for 234916-byte allocation
07-03 21:29:57.055 13517 13517 D dalvikvm: GC_FOR_ALLOC freed 11K, 14% free 17586K/20359K, paused 111ms
07-03 21:29:57.320 13517 13608 D dalvikvm: GC_FOR_ALLOC freed 52K, 13% free 17915K/20359K, paused 81ms
07-03 21:29:57.320 13517 13608 I dalvikvm-heap: Grow heap (frag case) to 17.572MB for 8556-byte allocation
07-03 21:29:57.399 13517 13517 D dalvikvm: GC_FOR_ALLOC freed 12K, 13% free 17910K/20423K, paused 65ms
07-03 21:29:57.508 13517 13608 D dalvikvm: GC_FOR_ALLOC freed 16K, 12% free 17978K/20423K, paused 68ms
07-03 21:29:57.508 13517 13608 I dalvikvm-heap: Grow heap (frag case) to 17.633MB for 8556-byte allocation
07-03 21:29:57.582 13517 13517 D dalvikvm: GC_FOR_ALLOC freed 0K, 13% free 17986K/20487K, paused 65ms
07-03 21:29:57.789 13517 13608 D dalvikvm: GC_FOR_ALLOC freed 13K, 12% free 18077K/20487K, paused 71ms
07-03 21:29:57.789 13517 13608 I dalvikvm-heap: Grow heap (frag case) to 17.740MB for 18688-byte allocation
07-03 21:29:57.879 13517 13622 D dalvikvm: GC_FOR_ALLOC freed 0K, 12% free 18095K/20551K, paused 70ms
07-03 21:29:57.953 13517 13608 D dalvikvm: GC_FOR_ALLOC freed 35K, 12% free 18104K/20551K, paused 69ms
07-03 21:29:58.035 13517 13608 D dalvikvm: GC_FOR_ALLOC freed 19K, 12% free 18104K/20551K, paused 65ms
07-03 21:29:58.113 13517 13608 D dalvikvm: GC_FOR_ALLOC freed 15K, 12% free 18123K/20551K, paused 65ms
07-03 21:29:58.188 13517 13608 D dalvikvm: GC_FOR_ALLOC freed 1K, 12% free 18130K/20551K, paused 68ms
07-03 21:29:58.188 13517 13608 I dalvikvm-heap: Grow heap (frag case) to 17.792MB for 18676-byte allocation
07-03 21:29:58.262 13517 13622 D dalvikvm: GC_FOR_ALLOC freed 0K, 12% free 18149K/20615K, paused 64ms
07-03 21:29:58.356 13517 13673 D dalvikvm: GC_FOR_ALLOC freed 149K, 13% free 18066K/20615K, paused 68ms
07-03 21:29:58.641 13517 13608 D dalvikvm: GC_FOR_ALLOC freed 216K, 12% free 18288K/20615K, paused 73ms
07-03 21:29:58.641 13517 13608 I dalvikvm-heap: Grow heap (frag case) to 17.954MB for 26766-byte allocation
07-03 21:29:58.723 13517 13517 D dalvikvm: GC_FOR_ALLOC freed 2K, 12% free 18312K/20679K, paused 72ms
07-03 21:29:58.836 13517 13608 D dalvikvm: GC_FOR_ALLOC freed 103K, 12% free 18256K/20679K, paused 79ms
07-03 21:29:58.914 13517 13608 D dalvikvm: GC_FOR_ALLOC freed 55K, 12% free 18256K/20679K, paused 75ms
07-03 21:29:59.000 13517 13608 D dalvikvm: GC_FOR_ALLOC freed 73K, 12% free 18257K/20679K, paused 74ms
07-03 21:29:59.094 13517 13608 D dalvikvm: GC_FOR_ALLOC freed 57K, 12% free 18257K/20679K, paused 76ms
07-03 21:29:59.250 13517 13608 D dalvikvm: GC_FOR_ALLOC freed 55K, 12% free 18257K/20679K, paused 131ms
07-03 21:29:59.250   145  9966 I ActivityManager: Process com.facebook.katana (pid 8571) has died.
07-03 21:29:59.250   145  9966 W ActivityManager: Scheduling restart of crashed service com.facebook.katana/com.facebook.orca.push.mqtt.MqttPushService in 10929ms
07-03 21:29:59.250   145  9966 W ActivityManager: Scheduling restart of crashed service com.facebook.katana/com.facebook.orca.server.OrcaService in 36925ms
07-03 21:29:59.250   145  9966 W ActivityManager: Scheduling restart of crashed service com.facebook.katana/.service.BackgroundDetectionService in 46925ms
07-03 21:29:59.250   145  9966 W ActivityManager: Scheduling restart of crashed service com.facebook.katana/.service.MediaUploadService in 46925ms
07-03 21:29:59.469 13517 13622 D dalvikvm: GC_FOR_ALLOC freed 35K, 12% free 18263K/20679K, paused 114ms
07-03 21:29:59.469 13517 13622 I dalvikvm-heap: Grow heap (frag case) to 17.966MB for 65552-byte allocation
07-03 21:29:59.602 13517 13517 D dalvikvm: GC_FOR_ALLOC freed 0K, 12% free 18327K/20807K, paused 120ms
07-03 21:29:59.758 13517 13608 D dalvikvm: GC_FOR_ALLOC freed 226K, 13% free 18241K/20807K, paused 80ms
07-03 21:29:59.867 13517 13608 D dalvikvm: GC_FOR_ALLOC freed 255K, 13% free 18240K/20807K, paused 76ms
07-03 21:29:59.988 13517 13608 D dalvikvm: GC_FOR_ALLOC freed 261K, 13% free 18230K/20807K, paused 76ms
07-03 21:30:00.129 13517 13608 D dalvikvm: GC_FOR_ALLOC freed 222K, 13% free 18231K/20807K, paused 88ms
07-03 21:30:00.195 13679 13679 D dalvikvm: Late-enabling CheckJNI
07-03 21:30:00.207   145   162 I ActivityManager: Start proc com.xabber.androiddev for service com.xabber.androiddev/com.xabber.android.service.XMPPService: pid=13679 uid=10063 gids={3003, 1015}
07-03 21:30:00.289    79    79 D dalvikvm: GC_EXPLICIT freed 37K, 4% free 9031K/9347K, paused 3ms+6ms
07-03 21:30:00.289 13679 13679 I dalvikvm: Turning on JNI app bug workarounds for target SDK version 9...
07-03 21:30:00.340 13517 13608 D dalvikvm: GC_FOR_ALLOC freed 224K, 13% free 18232K/20807K, paused 174ms
07-03 21:30:00.379    79    79 D dalvikvm: GC_EXPLICIT freed <1K, 4% free 9031K/9347K, paused 6ms+3ms
07-03 21:30:00.430    79    79 D dalvikvm: GC_EXPLICIT freed <1K, 4% free 9031K/9347K, paused 2ms+5ms
07-03 21:30:00.676 13679 13681 D dalvikvm: GC_CONCURRENT freed 194K, 3% free 9342K/9607K, paused 14ms+5ms
07-03 21:30:00.707 13679 13679 D dalvikvm: GC_FOR_ALLOC freed 338K, 6% free 9427K/9927K, paused 17ms
07-03 21:30:00.852 13679 13681 D dalvikvm: GC_CONCURRENT freed 179K, 3% free 9775K/10055K, paused 3ms+16ms
07-03 21:30:00.973 13517 13608 D dalvikvm: GC_FOR_ALLOC freed 230K, 13% free 18232K/20807K, paused 366ms
07-03 21:30:01.039 13679 13681 D dalvikvm: GC_CONCURRENT freed 314K, 4% free 9989K/10375K, paused 3ms+3ms
07-03 21:30:01.293 13679 13679 I com.xabber.android.service.XMPPService@41447c40: onCreate
07-03 21:30:01.297 13679 13679 I com.xabber.android.data.Application@41371898: onStart
07-03 21:30:01.301 13679 13694 I com.xabber.android.data.LogManager@413744f8: onLoad
07-03 21:30:01.410 13517 13671 D dalvikvm: GC_FOR_ALLOC freed 243K, 12% free 18312K/20807K, paused 87ms
07-03 21:30:01.520 13517 13671 D dalvikvm: GC_FOR_ALLOC freed 36K, 12% free 18376K/20807K, paused 86ms
07-03 21:30:01.520 13517 13671 I dalvikvm-heap: Grow heap (frag case) to 18.049MB for 37370-byte allocation
07-03 21:30:01.613 13517 13517 D dalvikvm: GC_FOR_ALLOC freed <1K, 12% free 18412K/20871K, paused 81ms
07-03 21:30:01.699 13517 13671 D dalvikvm: GC_FOR_ALLOC freed <1K, 12% free 18412K/20871K, paused 82ms
07-03 21:30:01.699 13517 13671 I dalvikvm-heap: Grow heap (frag case) to 18.135MB for 90124-byte allocation
07-03 21:30:01.793 13517 13675 D dalvikvm: GC_FOR_ALLOC freed 36K, 13% free 18464K/20999K, paused 83ms
07-03 21:30:01.906 13517 13671 D dalvikvm: GC_FOR_ALLOC freed 184K, 13% free 18355K/20999K, paused 81ms
07-03 21:30:02.113 12045 12158 D dalvikvm: GC_EXPLICIT freed 239K, 7% free 10228K/10951K, paused 6ms+3ms
07-03 21:30:02.317 13517 13608 D dalvikvm: GC_FOR_ALLOC freed 459K, 14% free 18236K/20999K, paused 89ms
07-03 21:30:02.727 13517 13608 D dalvikvm: GC_FOR_ALLOC freed 451K, 14% free 18238K/20999K, paused 83ms
07-03 21:30:03.152 13679 13681 D dalvikvm: GC_CONCURRENT freed 297K, 5% free 10138K/10567K, paused 3ms+20ms
07-03 21:30:03.254 13517 13608 D dalvikvm: GC_FOR_ALLOC freed 482K, 14% free 18235K/20999K, paused 80ms
07-03 21:30:03.457 13517 13608 D dalvikvm: GC_FOR_ALLOC freed 457K, 14% free 18244K/20999K, paused 85ms
07-03 21:30:03.703 13517 13608 D dalvikvm: GC_FOR_ALLOC freed 479K, 14% free 18236K/20999K, paused 87ms
07-03 21:30:03.891 13517 13608 D dalvikvm: GC_FOR_ALLOC freed 445K, 14% free 18238K/20999K, paused 115ms
07-03 21:30:04.055 13517 13608 D dalvikvm: GC_FOR_ALLOC freed 445K, 14% free 18240K/20999K, paused 81ms
07-03 21:30:04.379 13517 13524 I dalvikvm: Jit: resizing JitTable from 8192 to 16384
07-03 21:30:04.684 13679 13681 D dalvikvm: GC_CONCURRENT freed 270K, 4% free 10297K/10695K, paused 12ms+3ms
07-03 21:30:07.207 24625 24719 D dalvikvm: GC_EXPLICIT freed 189K, 8% free 10446K/11335K, paused 18ms+4ms
07-03 21:30:07.289 12172 13707 D dalvikvm: GC_EXPLICIT freed 317K, 6% free 10068K/10695K, paused 2ms+10ms
07-03 21:30:10.223   145   162 I ActivityManager: Start proc com.facebook.katana for service com.facebook.katana/com.facebook.orca.push.mqtt.MqttPushService: pid=13708 uid=10071 gids={3003, 1006, 1015}
07-03 21:30:10.238 13708 13708 I dalvikvm: Turning on JNI app bug workarounds for target SDK version 7...
07-03 21:30:10.504 13708 13710 D dalvikvm: GC_CONCURRENT freed 148K, 3% free 9387K/9607K, paused 3ms+3ms
07-03 21:30:10.707 13708 13708 I ActivityThread: Pub com.facebook.katana.provider.LoggingProvider: com.facebook.katana.provider.LoggingProvider
07-03 21:30:10.746 13708 13708 I ActivityThread: Pub com.facebook.katana.provider.KeyValueProvider: com.facebook.katana.provider.KeyValueProvider
07-03 21:30:10.750 13708 13708 I ActivityThread: Pub com.facebook.katana.provider.CacheProvider: com.facebook.katana.provider.CacheProvider
07-03 21:30:10.754 13708 13708 I ActivityThread: Pub com.facebook.katana.provider.MailboxProvider: com.facebook.katana.provider.MailboxProvider
07-03 21:30:10.770 13708 13708 I ActivityThread: Pub com.facebook.katana.provider.UserStatusesProvider: com.facebook.katana.provider.UserStatusesProvider
07-03 21:30:10.774 13708 13708 I ActivityThread: Pub com.facebook.katana.provider.EventsProvider: com.facebook.katana.provider.EventsProvider
07-03 21:30:10.774 13708 13708 I ActivityThread: Pub com.facebook.katana.provider.NotificationsProvider: com.facebook.katana.provider.NotificationsProvider
07-03 21:30:10.781 13708 13708 I ActivityThread: Pub com.facebook.katana.provider.UserValuesProvider: com.facebook.katana.provider.UserValuesProvider
07-03 21:30:10.785 13708 13708 I ActivityThread: Pub com.facebook.katana.provider.PagesProvider: com.facebook.katana.provider.PagesProvider
07-03 21:30:10.785 13708 13708 I ActivityThread: Pub com.facebook.katana.provider.MobileEventLogProvider: com.facebook.katana.provider.MobileEventLogProvider
07-03 21:30:10.789 13708 13708 I ActivityThread: Pub com.facebook.katana.provider.PushNotificationsProvider: com.facebook.katana.provider.PushNotificationsProvider
07-03 21:30:10.797 13708 13708 I ActivityThread: Pub com.facebook.katana.provider.PhotosProvider: com.facebook.katana.provider.PhotosProvider
07-03 21:30:10.801 13708 13708 I ActivityThread: Pub com.facebook.katana.provider.ConnectionsProvider: com.facebook.katana.provider.ConnectionsProvider
07-03 21:30:10.875 13708 13710 D dalvikvm: GC_CONCURRENT freed 158K, 3% free 9721K/9991K, paused 2ms+61ms
07-03 21:30:10.965 13708 13708 I ActivityThread: Pub com.facebook.orca.notify.FbandroidMessagesForegroundProvider: com.facebook.orca.notify.FbandroidMessagesForegroundProvider
07-03 21:30:11.113 13708 13708 D ACRA    : Retrieve application default SharedPreferences.
07-03 21:30:11.117 13708 13708 D ACRA    : Set OnSharedPreferenceChangeListener.
07-03 21:30:11.125 13708 13708 D ACRA    : ACRA is enabled for com.facebook.katana, intializing...
07-03 21:30:11.188 13708 13708 D ACRA    : Looking for error files in /data/data/com.facebook.katana/app_acra-reports
07-03 21:30:11.309 10674 10676 D dalvikvm: GC_CONCURRENT freed 390K, 22% free 10025K/12743K, paused 4ms+3ms
07-03 21:30:11.320 13708 13708 W nalizableReferenceQueue: Could not load Finalizer in its own class loader.Loading Finalizer in the current class loader instead. As a result, you will not be ableto garbage collect this class loader. To support reclaiming this class loader, eitherresolve the underlying issue, or move Google Collections to your system class path.
07-03 21:30:11.320 13708 13708 W nalizableReferenceQueue: java.io.FileNotFoundException: com/google/common/base/internal/Finalizer.class
07-03 21:30:11.320 13708 13708 W nalizableReferenceQueue: 	at com.google.common.base.FinalizableReferenceQueue$DecoupledLoader.getBaseUrl(FinalizableReferenceQueue.java:243)
07-03 21:30:11.320 13708 13708 W nalizableReferenceQueue: 	at com.google.common.base.FinalizableReferenceQueue$DecoupledLoader.loadFinalizer(FinalizableReferenceQueue.java:227)
07-03 21:30:11.320 13708 13708 W nalizableReferenceQueue: 	at com.google.common.base.FinalizableReferenceQueue.loadFinalizer(FinalizableReferenceQueue.java:155)
07-03 21:30:11.320 13708 13708 W nalizableReferenceQueue: 	at com.google.common.base.FinalizableReferenceQueue.<clinit>(FinalizableReferenceQueue.java:84)
07-03 21:30:11.320 13708 13708 W nalizableReferenceQueue: 	at com.google.common.collect.CustomConcurrentHashMap$QueueHolder.<clinit>(CustomConcurrentHashMap.java:650)
07-03 21:30:11.320 13708 13708 W nalizableReferenceQueue: 	at com.google.common.collect.CustomConcurrentHashMap$WeakEntry.<init>(CustomConcurrentHashMap.java:1342)
07-03 21:30:11.320 13708 13708 W nalizableReferenceQueue: 	at com.google.common.collect.CustomConcurrentHashMap$EntryFactory$9.newEntry(CustomConcurrentHashMap.java:453)
07-03 21:30:11.320 13708 13708 W nalizableReferenceQueue: 	at com.google.common.collect.CustomConcurrentHashMap.a(CustomConcurrentHashMap.java:1715)
07-03 21:30:11.320 13708 13708 W nalizableReferenceQueue: 	at com.google.common.collect.ComputingConcurrentHashMap$ComputingSegment.a(ComputingConcurrentHashMap.java:123)
07-03 21:30:11.320 13708 13708 W nalizableReferenceQueue: 	at com.google.common.collect.ComputingConcurrentHashMap.apply(ComputingConcurrentHashMap.java:71)
07-03 21:30:11.320 13708 13708 W nalizableReferenceQueue: 	at com.google.common.collect.MapMaker$ComputingMapAdapter.get(MapMaker.java:848)
07-03 21:30:11.320 13708 13708 W nalizableReferenceQueue: 	at com.google.inject.internal.Annotations$AnnotationChecker.a(Annotations.java:94)
07-03 21:30:11.320 13708 13708 W nalizableReferenceQueue: 	at com.google.inject.internal.Annotations.c(Annotations.java:112)
07-03 21:30:11.320 13708 13708 W nalizableReferenceQueue: 	at com.google.inject.Key.d(Key.java:369)
07-03 21:30:11.320 13708 13708 W nalizableReferenceQueue: 	at com.google.inject.Key.b(Key.java:356)
07-03 21:30:11.320 13708 13708 W nalizableReferenceQueue: 	at com.google.inject.Key.a(Key.java:267)
07-03 21:30:11.320 13708 13708 W nalizableReferenceQueue: 	at com.facebook.orca.inject.binder.AnnotatedBindingBuilderImpl.a(AnnotatedBindingBuilderImpl.java:22)
07-03 21:30:11.320 13708 13708 W nalizableReferenceQueue: 	at com.facebook.orca.app.FbBaseModule.a(FbBaseModule.java:74)
07-03 21:30:11.320 13708 13708 W nalizableReferenceQueue: 	at com.facebook.orca.inject.AbstractModule.a(AbstractModule.java:19)
07-03 21:30:11.320 13708 13708 W nalizableReferenceQueue: 	at com.facebook.orca.inject.FbInjectorImpl.a(FbInjectorImpl.java:61)
07-03 21:30:11.320 13708 13708 W nalizableReferenceQueue: 	at com.facebook.orca.inject.FbInjectorImpl.<init>(FbInjectorImpl.java:41)
07-03 21:30:11.320 13708 13708 W nalizableReferenceQueue: 	at com.facebook.orca.inject.FbInjector.a(FbInjector.java:40)
07-03 21:30:11.320 13708 13708 W nalizableReferenceQueue: 	at com.facebook.katana.FacebookApplication.onCreate(FacebookApplication.java:86)
07-03 21:30:11.320 13708 13708 W nalizableReferenceQueue: 	at android.app.Instrumentation.callApplicationOnCreate(Instrumentation.java:969)
07-03 21:30:11.320 13708 13708 W nalizableReferenceQueue: 	at android.app.ActivityThread.handleBindApplication(ActivityThread.java:3954)
07-03 21:30:11.320 13708 13708 W nalizableReferenceQueue: 	at android.app.ActivityThread.access$1300(ActivityThread.java:123)
07-03 21:30:11.320 13708 13708 W nalizableReferenceQueue: 	at android.app.ActivityThread$H.handleMessage(ActivityThread.java:1185)
07-03 21:30:11.320 13708 13708 W nalizableReferenceQueue: 	at android.os.Handler.dispatchMessage(Handler.java:99)
07-03 21:30:11.320 13708 13708 W nalizableReferenceQueue: 	at android.os.Looper.loop(Looper.java:137)
07-03 21:30:11.320 13708 13708 W nalizableReferenceQueue: 	at android.app.ActivityThread.main(ActivityThread.java:4424)
07-03 21:30:11.320 13708 13708 W nalizableReferenceQueue: 	at java.lang.reflect.Method.invokeNative(Native Method)
07-03 21:30:11.320 13708 13708 W nalizableReferenceQueue: 	at java.lang.reflect.Method.invoke(Method.java:511)
07-03 21:30:11.320 13708 13708 W nalizableReferenceQueue: 	at com.android.internal.os.ZygoteInit$MethodAndArgsCaller.run(ZygoteInit.java:784)
07-03 21:30:11.320 13708 13708 W nalizableReferenceQueue: 	at com.android.internal.os.ZygoteInit.main(ZygoteInit.java:551)
07-03 21:30:11.320 13708 13708 W nalizableReferenceQueue: 	at dalvik.system.NativeStart.main(Native Method)
07-03 21:30:11.324 13708 13708 I Finalizer: Couldn't access Thread.inheritableThreadLocals. Reference finalizer threads will inherit thread local values.
07-03 21:30:11.430 13708 13710 D dalvikvm: GC_CONCURRENT freed 345K, 5% free 9866K/10311K, paused 6ms+2ms
07-03 21:30:11.699 13708 13710 D dalvikvm: GC_CONCURRENT freed 413K, 5% free 10011K/10503K, paused 5ms+3ms
07-03 21:30:11.754 13517 13517 D dalvikvm: GC_FOR_ALLOC freed 1220K, 14% free 18164K/20999K, paused 144ms
07-03 21:30:12.059   145   181 I ActivityManager: START {act=android.intent.action.MAIN cat=[android.intent.category.HOME] flg=0x10200000 cmp=com.android.launcher/com.android.launcher2.Launcher} from pid 145
07-03 21:30:12.285   145   181 I ActivityManager: START {act=android.intent.action.MAIN cat=[android.intent.category.HOME] flg=0x10200000 cmp=com.android.launcher/com.android.launcher2.Launcher} from pid 145
07-03 21:30:12.375   145   181 I ActivityManager: START {act=android.intent.action.MAIN cat=[android.intent.category.HOME] flg=0x10200000 cmp=com.android.launcher/com.android.launcher2.Launcher} from pid 145
07-03 21:30:12.539   145   181 I ActivityManager: START {act=android.intent.action.MAIN cat=[android.intent.category.HOME] flg=0x10200000 cmp=com.android.launcher/com.android.launcher2.Launcher} from pid 145
07-03 21:30:12.559 13708 13725 W Resources: Converting to string: TypedValue{t=0x10/d=0xffffffff a=-1}
07-03 21:30:12.613 13708 13710 D dalvikvm: GC_CONCURRENT freed 294K, 5% free 10194K/10631K, paused 25ms+7ms
07-03 21:30:12.719   145   181 I ActivityManager: START {act=android.intent.action.MAIN cat=[android.intent.category.HOME] flg=0x10200000 cmp=com.android.launcher/com.android.launcher2.Launcher} from pid 145
07-03 21:30:12.766   145   361 D dalvikvm: GC_EXPLICIT freed 1323K, 31% free 17880K/25543K, paused 86ms+39ms
07-03 21:30:12.945   145   161 I Process : Sending signal. PID: 29974 SIG: 3
07-03 21:30:12.945 29974 29976 I dalvikvm: threadid=3: reacting to signal 3
07-03 21:30:13.016 13517 13517 D OpenGLRenderer: Flushing caches (mode 1)
07-03 21:30:13.070 29974 29976 I dalvikvm: Wrote stack traces to '/data/anr/traces.txt'
07-03 21:30:13.188   145   181 I ActivityManager: START {act=android.intent.action.MAIN cat=[android.intent.category.HOME] flg=0x10200000 cmp=com.android.launcher/com.android.launcher2.Launcher} from pid 145
07-03 21:30:13.379 13708 13710 D dalvikvm: GC_CONCURRENT freed 366K, 5% free 10266K/10759K, paused 6ms+54ms
07-03 21:30:13.410 13517 13517 D OpenGLRenderer: Flushing caches (mode 0)
07-03 21:30:13.488   145   157 W InputManagerService: Starting input on non-focused client com.android.internal.view.IInputMethodClient$Stub$Proxy@415e3bb0 (uid=10056 pid=13517)
07-03 21:30:14.527 13708 13710 D dalvikvm: GC_CONCURRENT freed 284K, 4% free 10404K/10823K, paused 3ms+4ms
07-03 21:30:14.727 13517 13517 D OpenGLRenderer: Flushing caches (mode 2)
07-03 21:30:14.734 13517 13517 D OpenGLRenderer: Flushing caches (mode 0)
07-03 21:30:14.734 13517 13517 W ManagedEGLContext: doTerminate failed: EGL count is 2 but managed count is 1
07-03 21:30:14.891   216   216 D dalvikvm: GC_FOR_ALLOC freed 541K, 29% free 10235K/14343K, paused 17ms
07-03 21:30:14.949   216   218 D dalvikvm: GC_CONCURRENT freed 305K, 28% free 10363K/14343K, paused 2ms+3ms
07-03 21:30:15.027 13745 13745 D dalvikvm: Late-enabling CheckJNI
07-03 21:30:15.035   145   162 I ActivityManager: Start proc com.chess for broadcast com.chess/.backend.AlarmReceiver: pid=13745 uid=10079 gids={3003, 1015}
07-03 21:30:15.293 13745 13747 D dalvikvm: GC_CONCURRENT freed 154K, 3% free 9381K/9607K, paused 7ms+2ms
07-03 21:30:15.426 13745 13759 D GetStringObjTask: retrieving from url = http://www.chess.com/api/get_move_status?id=y3ICtufzg6w7rQqcD3KFujVaIanpYba4bIpaeKElV1LNz3Sz4Fk9Yh5CeWaj8h4bQ2RY0CxFVgA%2ByBE5DE%2B1cAuw4i%2Bp2GVj5RbuDPEUotReGbS25iAukuBsuUd%2Fl5dp
07-03 21:30:17.442 12172 12174 D dalvikvm: GC_CONCURRENT freed 389K, 6% free 10082K/10695K, paused 2ms+3ms
07-03 21:30:18.774 13745 13759 D GetStringObjTask: WebRequest SERVER RESPONSE: Success+0
07-03 21:30:21.617 13708 13710 D dalvikvm: GC_CONCURRENT freed 345K, 5% free 10478K/10951K, paused 3ms+2ms
07-03 21:30:23.469   145   173 I power   : *** set_screen_state 0
07-03 21:30:23.508    78   121 D SurfaceFlinger: About to give-up screen, flinger = 0x457918
07-03 21:30:23.649   362   479 D NfcService: NFC-C OFF, disconnect
07-03 21:30:23.711   145   177 V TransportControlView: Create TCV com.android.internal.widget.TransportControlView@416f0030
07-03 21:30:23.922   216   216 D PhoneStatusBar: disable: < expand icons alerts ticker system_info back home RECENT* clock >
07-03 21:30:23.961   216   216 D PhoneStatusBar: disable: < expand icons alerts ticker system_info BACK* HOME* RECENT CLOCK* >
07-03 21:30:26.227   145   162 I ActivityManager: Start proc com.spotify.mobile.android.service for service com.spotify.mobile.android.ui/com.spotify.mobile.android.service.SpotifyService: pid=13767 uid=10055 gids={3003, 1015}
07-03 21:30:26.328 13767 13767 D dalvikvm: Trying to load lib /data/data/com.spotify.mobile.android.ui/lib/liborbit-jni-spotify.so 0x4133ce98
07-03 21:30:26.410 13767 13767 D dalvikvm: Added shared lib /data/data/com.spotify.mobile.android.ui/lib/liborbit-jni-spotify.so 0x4133ce98
07-03 21:30:27.711 13708 13710 D dalvikvm: GC_CONCURRENT freed 340K, 5% free 10545K/11015K, paused 5ms+8ms
07-03 21:30:28.149 11445 11445 I PhoneLab-: 1341365024060.log is deleted
07-03 21:30:28.149 11445 11445 I PhoneLab-: Response: {"data": "done", "err": ""}
07-03 21:30:28.160 11445 11445 I PhoneLab-UploadLogs: No log files to transfer
07-03 21:30:28.160 11445 11445 I PhoneLab-Locks: wake lock released
07-03 21:30:28.762   145  9966 I ActivityManager: Process com.google.android.apps.plus (pid 12973) has died.
07-03 21:30:29.012   145   147 D dalvikvm: GC_CONCURRENT freed 1420K, 28% free 18400K/25543K, paused 14ms+9ms
07-03 21:30:29.219 13517 13517 D dalvikvm: GC_FOR_ALLOC freed 971K, 13% free 18396K/20999K, paused 84ms
07-03 21:30:29.574 13517 13517 D dalvikvm: GC_FOR_ALLOC freed 431K, 13% free 18279K/20999K, paused 189ms
07-03 21:30:29.676 13517 13517 D dalvikvm: GC_FOR_ALLOC freed 286K, 13% free 18303K/20999K, paused 67ms
07-03 21:30:29.973 13517 13517 D dalvikvm: GC_FOR_ALLOC freed 259K, 11% free 18814K/20999K, paused 90ms
07-03 21:30:29.973 13517 13517 I dalvikvm-heap: Grow heap (frag case) to 18.470MB for 28916-byte allocation
07-03 21:30:30.047 13517 13793 D dalvikvm: GC_FOR_ALLOC freed 13K, 11% free 18829K/21063K, paused 63ms
07-03 21:30:30.289 13517 13517 D dalvikvm: GC_FOR_ALLOC freed 488K, 11% free 18932K/21063K, paused 69ms
07-03 21:30:30.359 13517 13517 D dalvikvm: GC_FOR_ALLOC freed 19K, 11% free 18948K/21063K, paused 64ms
07-03 21:30:30.449 13517 13517 D dalvikvm: GC_FOR_ALLOC freed 40K, 11% free 18998K/21127K, paused 63ms
07-03 21:30:30.449 13517 13517 I dalvikvm-heap: Grow heap (frag case) to 18.689MB for 70016-byte allocation
07-03 21:30:30.524 13517 13796 D dalvikvm: GC_FOR_ALLOC freed 3K, 11% free 19064K/21255K, paused 63ms
07-03 21:30:31.109 11445 11459 I PhoneLab-: Service Running
07-03 21:30:31.188 11445 11459 I PhoneLab-LoggerService: app_37    1360  1     1436   988   c00f181c 400107b4 S logcat
07-03 21:30:31.188 11445 11459 I PhoneLab-LoggerService: Logcat pid from database 1360
07-03 21:30:31.188 11445 11459 I PhoneLab-LoggerService: Logcat process found 1360
07-03 21:30:31.188 11445 11459 I PhoneLab-LoggerService: Checking Threshold
07-03 21:31:09.414   216   218 D dalvikvm: GC_CONCURRENT freed 550K, 29% free 10198K/14343K, paused 2ms+4ms
07-03 21:31:21.563   145   156 D AlarmManagerService: Kernel timezone updated to 240 minutes west of GMT
07-03 21:31:31.000   145   175 I ActivityManager: Start proc com.twitter.android for service com.twitter.android/.client.AppService: pid=13805 uid=10064 gids={3003, 1015}
07-03 21:31:31.016 13805 13805 I dalvikvm: Turning on JNI app bug workarounds for target SDK version 11...
07-03 21:31:31.129 13805 13805 I ActivityThread: Pub com.twitter.android.provider.GlobalDatabaseProvider: com.twitter.android.provider.GlobalDatabaseProvider
07-03 21:31:31.137 13805 13805 I ActivityThread: Pub com.twitter.android.provider.TwitterProvider: com.twitter.android.provider.TwitterProvider
07-03 21:31:31.430 13805 13808 D dalvikvm: GC_CONCURRENT freed 205K, 3% free 9266K/9543K, paused 36ms+2ms
07-03 21:31:31.859 13805 13808 D dalvikvm: GC_CONCURRENT freed 174K, 4% free 9498K/9799K, paused 5ms+2ms
07-03 21:31:32.000 13805 13808 D dalvikvm: GC_CONCURRENT freed 312K, 5% free 9634K/10055K, paused 1ms+2ms
07-03 21:31:32.117 13805 13808 D dalvikvm: GC_CONCURRENT freed 305K, 5% free 9762K/10183K, paused 2ms+2ms
07-03 21:31:32.238 13805 13808 D dalvikvm: GC_CONCURRENT freed 303K, 5% free 9891K/10311K, paused 1ms+5ms
07-03 21:31:32.363 13805 13808 D dalvikvm: GC_CONCURRENT freed 301K, 5% free 10022K/10439K, paused 2ms+2ms
07-03 21:31:32.477 13805 13808 D dalvikvm: GC_CONCURRENT freed 295K, 4% free 10150K/10567K, paused 1ms+1ms
07-03 21:31:32.602 13805 13808 D dalvikvm: GC_CONCURRENT freed 307K, 4% free 10281K/10695K, paused 1ms+3ms
07-03 21:31:32.781 13805 13808 D dalvikvm: GC_CONCURRENT freed 475K, 6% free 10222K/10823K, paused 2ms+2ms
07-03 21:31:32.895 13805 13808 D dalvikvm: GC_CONCURRENT freed 320K, 5% free 10295K/10823K, paused 1ms+5ms
07-03 21:31:33.035 13805 13808 D dalvikvm: GC_CONCURRENT freed 331K, 5% free 10386K/10823K, paused 1ms+2ms
07-03 21:31:33.160 13805 13808 D dalvikvm: GC_CONCURRENT freed 370K, 5% free 10474K/10951K, paused 2ms+2ms
07-03 21:31:33.277 13805 13808 D dalvikvm: GC_CONCURRENT freed 341K, 5% free 10556K/11015K, paused 2ms+2ms
07-03 21:31:33.402 13805 13808 D dalvikvm: GC_CONCURRENT freed 340K, 4% free 10639K/11079K, paused 2ms+2ms
07-03 21:31:33.524 13805 13808 D dalvikvm: GC_CONCURRENT freed 371K, 5% free 10728K/11207K, paused 1ms+2ms
07-03 21:31:33.652 13805 13808 D dalvikvm: GC_CONCURRENT freed 401K, 5% free 10821K/11335K, paused 2ms+2ms
07-03 21:31:34.641 13805 13808 D dalvikvm: GC_CONCURRENT freed 339K, 5% free 11003K/11463K, paused 2ms+2ms
07-03 21:32:31.567   145   169 I ActivityManager: Start proc com.whatsapp:contacts for service com.whatsapp/.accountsync.ContactsSyncAdapterService: pid=13825 uid=10068 gids={1015, 3003}
07-03 21:32:31.574 13825 13825 I dalvikvm: Turning on JNI app bug workarounds for target SDK version 7...
07-03 21:32:31.844 13825 13827 D dalvikvm: GC_CONCURRENT freed 167K, 3% free 9365K/9607K, paused 9ms+4ms
07-03 21:33:17.778 12470 12473 D dalvikvm: GC_CONCURRENT freed 415K, 6% free 10342K/10887K, paused 8ms+2ms
07-03 21:33:17.781 12172 12174 D dalvikvm: GC_CONCURRENT freed 427K, 6% free 10078K/10695K, paused 3ms+2ms
07-03 21:33:56.418   145   202 D NetUtils: android_net_utils_resetConnections in env=0x9a76d8 clazz=0xae000001 iface=uwbr0 mask=0x3
07-03 21:33:56.418   145   202 D ConnectivityService: ConnectivityChange for WIMAX: DISCONNECTED/SCANNING
07-03 21:33:56.418   145   202 D ConnectivityService: Attempting to switch to mobile
07-03 21:33:56.418   145   202 D ConnectivityService: Attempting to switch to WIFI
07-03 21:33:56.418   145   202 D ConnectivityService: Attempting to switch to BLUETOOTH_TETHER
07-03 21:33:56.418   145   202 D ConnectivityService: resetConnections(uwbr0, 3)
07-03 21:33:56.504   145   198 D NetworkPolicy: applying policy NetworkPolicy[NetworkTemplate: matchRule=MOBILE_ALL, subscriberId=valid]: cycleDay=20, warningBytes=2147483648, limitBytes=-1, lastSnooze=-1 to ifaces [rmnet0]
07-03 21:33:56.570   145   198 D NetworkPolicy: applying policy NetworkPolicy[NetworkTemplate: matchRule=MOBILE_ALL, subscriberId=valid]: cycleDay=20, warningBytes=2147483648, limitBytes=-1, lastSnooze=-1 to ifaces [rmnet0]
07-03 21:33:59.477   145   206 D Tethering: MasterInitialState.processMessage what=3
07-03 21:33:59.547   145   162 I ActivityManager: Start proc android.process.media for broadcast com.android.providers.downloads/.DownloadReceiver: pid=13848 uid=10012 gids={1015, 1023, 1024, 2001, 3003, 3007}
07-03 21:33:59.594   145   206 D Tethering: MasterInitialState.processMessage what=3
07-03 21:33:59.664 13848 13848 I ActivityThread: Pub downloads: com.android.providers.downloads.DownloadProvider
07-03 21:33:59.735 13848 13848 I ActivityThread: Pub drm: com.android.providers.drm.DrmProvider
07-03 21:33:59.735 13848 13861 I DownloadManager: in removeSpuriousFiles
07-03 21:33:59.762   145   202 D ConnectivityService: ConnectivityChange for WIMAX: DISCONNECTED/SCANNING
07-03 21:33:59.762   145   202 D ConnectivityService: Attempting to switch to mobile
07-03 21:33:59.762   145   202 D ConnectivityService: Attempting to switch to WIFI
07-03 21:33:59.762   145   202 D ConnectivityService: Attempting to switch to BLUETOOTH_TETHER
07-03 21:33:59.766   145   202 D NetUtils: android_net_utils_resetConnections in env=0x9a76d8 clazz=0xb8700001 iface=uwbr0 mask=0x3
07-03 21:33:59.766   145   202 D ConnectivityService: resetConnections(uwbr0, 3)
07-03 21:33:59.778 13848 13848 I ActivityThread: Pub media: com.android.providers.media.MediaProvider
07-03 21:33:59.824 13848 13861 I DownloadManager: in removeSpuriousFiles, preserving file /data/data/com.android.providers.downloads/cache/metadata.json
07-03 21:33:59.824 13848 13861 I DownloadManager: in removeSpuriousFiles, preserving file /data/data/com.android.providers.downloads/cache/en_general.htm
07-03 21:33:59.824 13848 13861 I DownloadManager: in removeSpuriousFiles, preserving file /mnt/sdcard/Download/img-thing.jpeg
07-03 21:33:59.824 13848 13861 I DownloadManager: in removeSpuriousFiles, preserving file /data/data/com.android.providers.downloads/cache/metadata-1.json
07-03 21:33:59.824 13848 13861 I DownloadManager: in removeSpuriousFiles, preserving file /data/data/com.android.providers.downloads/cache/downloadfile.jpeg
07-03 21:33:59.824 13848 13861 I DownloadManager: in removeSpuriousFiles, preserving file /data/data/com.android.providers.downloads/cache/metadata-2.json
07-03 21:33:59.824 13848 13861 I DownloadManager: in removeSpuriousFiles, preserving file /data/data/com.android.providers.downloads/cache/metadata-3.json
07-03 21:33:59.824 13848 13861 I DownloadManager: in removeSpuriousFiles, preserving file /data/data/com.android.providers.downloads/cache/downloadfile-1.jpeg
07-03 21:33:59.828 13848 13861 I DownloadManager: in removeSpuriousFiles, preserving file /data/data/com.android.providers.downloads/cache/downloadfile-2.jpeg
07-03 21:33:59.832 13848 13861 I DownloadManager: deleting spurious file /cache/backup
07-03 21:33:59.906   145   198 D NetworkPolicy: applying policy NetworkPolicy[NetworkTemplate: matchRule=MOBILE_ALL, subscriberId=valid]: cycleDay=20, warningBytes=2147483648, limitBytes=-1, lastSnooze=-1 to ifaces [rmnet0]
07-03 21:33:59.969   145   198 D NetworkPolicy: applying policy NetworkPolicy[NetworkTemplate: matchRule=MOBILE_ALL, subscriberId=valid]: cycleDay=20, warningBytes=2147483648, limitBytes=-1, lastSnooze=-1 to ifaces [rmnet0]
07-03 21:34:00.137   145   202 D ConnectivityService: handleInetConditionHoldEnd: net=0, condition=100, published condition=100
07-03 21:34:00.160   145   147 D dalvikvm: GC_CONCURRENT freed 1907K, 28% free 18422K/25543K, paused 37ms+7ms
07-03 21:34:00.207 13848 13850 D dalvikvm: GC_CONCURRENT freed 370K, 5% free 9166K/9607K, paused 2ms+6ms
07-03 21:34:00.360   145  4009 D dalvikvm: GC_EXPLICIT freed 112K, 29% free 18353K/25543K, paused 3ms+8ms
07-03 21:34:00.418   145 22722 I ActivityManager: Start proc com.google.android.apps.uploader for broadcast com.google.android.apps.uploader/.ConnectivityBroadcastReceiver: pid=13865 uid=10030 gids={3003}
07-03 21:34:00.438 13865 13865 I dalvikvm: Turning on JNI app bug workarounds for target SDK version 11...
07-03 21:34:00.496 13865 13865 I ActivityThread: Pub com.google.android.apps.uploader: com.google.android.apps.uploader.UploadsContentProvider
07-03 21:34:00.496 13865 13865 I ActivityThread: Pub com.google.photos.provider.Album: com.google.android.apps.uploader.clients.picasa.AlbumProvider
07-03 21:34:00.500 13865 13865 D MediaUploader: UploaderApplication.onCreate
07-03 21:34:00.574 13865 13865 D MediaUploader: nonWifiLimit=20971520, default=20971520
07-03 21:34:00.578 13865 13865 I MediaUploader: No need to wake up
07-03 21:34:00.598 13517 13517 D OpenGLRenderer: Flushing caches (mode 2)
07-03 21:34:00.606 13517 13517 D OpenGLRenderer: Flushing caches (mode 0)
07-03 21:34:00.606 13517 13517 D OpenGLRenderer: Flushing caches (mode 0)
07-03 21:34:00.606 13517 13517 W ManagedEGLContext: doTerminate failed: EGL count is 2 but managed count is 1
07-03 21:34:00.688   145 21614 I ActivityManager: Start proc com.google.android.youtube for broadcast com.google.android.youtube/.app.prefetch.PrefetchService$DeviceStateReceiver: pid=13881 uid=10057 gids={3003, 1015, 1006}
07-03 21:34:00.711   145   395 I ActivityManager: Process com.twitter.android (pid 13805) has died.
07-03 21:34:00.985 13881 13884 D dalvikvm: GC_CONCURRENT freed 165K, 3% free 9360K/9607K, paused 6ms+2ms
07-03 21:34:01.055 13881 13881 I ActivityThread: Pub com.google.android.youtube.SuggestionProvider: com.google.android.youtube.core.suggest.SuggestionProvider
07-03 21:34:01.125 13517 13517 D OpenGLRenderer: Flushing caches (mode 2)
07-03 21:34:01.129 13517 13517 D OpenGLRenderer: Flushing caches (mode 0)
07-03 21:34:01.129 13517 13517 D OpenGLRenderer: Flushing caches (mode 0)
07-03 21:34:01.133 13517 13517 W ManagedEGLContext: doTerminate failed: EGL count is 2 but managed count is 1
07-03 21:34:01.324   145 22722 I ActivityManager: Process com.chess (pid 13745) has died.
07-03 21:34:01.567 13881 13884 D dalvikvm: GC_CONCURRENT freed 339K, 5% free 9470K/9927K, paused 5ms+3ms
07-03 21:34:01.567 13881 13890 W CursorWrapperInner: Cursor finalized without prior close()
07-03 21:34:01.567 13881 13890 W CursorWrapperInner: Cursor finalized without prior close()
07-03 21:34:01.649   145   145 I ActivityManager: Process com.spotify.mobile.android.service (pid 13767) has died.
07-03 21:34:01.649   145   145 W ActivityManager: Scheduling restart of crashed service com.spotify.mobile.android.ui/com.spotify.mobile.android.service.SpotifyService in 320000ms
07-03 21:34:01.703 13881 13884 D dalvikvm: GC_CONCURRENT freed 278K, 4% free 9705K/10055K, paused 2ms+2ms
07-03 21:34:01.797 13881 13884 D dalvikvm: GC_CONCURRENT freed 369K, 5% free 9871K/10311K, paused 2ms+3ms
07-03 21:34:01.899 13881 13884 D dalvikvm: GC_CONCURRENT freed 355K, 5% free 10077K/10503K, paused 1ms+3ms
07-03 21:34:01.996 13881 13914 D dalvikvm: GC_FOR_ALLOC freed 427K, 5% free 10197K/10695K, paused 19ms
07-03 21:34:02.067 13881 13884 D dalvikvm: GC_CONCURRENT freed 128K, 4% free 10302K/10695K, paused 2ms+4ms
07-03 21:34:02.141   145   365 I ActivityManager: Start proc com.google.android.apps.docs for broadcast com.google.android.apps.docs/.receivers.NetworkChangeReceiver: pid=13920 uid=10077 gids={3003, 1015, 1006}
07-03 21:34:02.168   145   156 I ActivityManager: Process android.process.acore (pid 13554) has died.
07-03 21:34:02.699 13920 13920 I PackageInfoHelper: Provided clientMode=RELEASE, packageInfo=PackageInfo{413824b8 com.google.android.apps.docs}
07-03 21:34:02.699 13920 13920 I ActivityThread: Pub com.google.android.apps.docs.files: com.google.android.apps.docs.sync.filemanager.FileProvider
07-03 21:34:02.703 13920 13920 I ActivityThread: Pub com.google.android.apps.docs.doclist.search_suggest: com.google.android.apps.docs.doclist.DocListGlobalSearchSuggestionProvider
07-03 21:34:02.820   145   206 D Tethering: MasterInitialState.processMessage what=3
07-03 21:34:02.887 13920 13923 D dalvikvm: GC_CONCURRENT freed 221K, 4% free 9315K/9607K, paused 1ms+2ms
07-03 21:34:02.922   145   206 D Tethering: MasterInitialState.processMessage what=3
07-03 21:34:03.004 13920 13923 D dalvikvm: GC_CONCURRENT freed 460K, 6% free 9393K/9927K, paused 2ms+2ms
07-03 21:34:03.094 13920 13923 D dalvikvm: GC_CONCURRENT freed 512K, 6% free 9404K/9991K, paused 2ms+2ms
07-03 21:34:03.168 13920 13923 D dalvikvm: GC_CONCURRENT freed 476K, 6% free 9440K/9991K, paused 2ms+2ms
07-03 21:34:03.250 13920 13923 D dalvikvm: GC_CONCURRENT freed 499K, 6% free 9480K/10055K, paused 1ms+2ms
07-03 21:34:03.336 13920 13923 D dalvikvm: GC_CONCURRENT freed 540K, 7% free 9504K/10119K, paused 1ms+3ms
07-03 21:34:03.356   145   202 D ConnectivityService: handleInetConditionHoldEnd: net=0, condition=100, published condition=100
07-03 21:34:03.477 13920 13923 D dalvikvm: GC_CONCURRENT freed 349K, 5% free 9662K/10119K, paused 2ms+3ms
07-03 21:34:03.547 13881 13884 D dalvikvm: GC_CONCURRENT freed 421K, 5% free 10347K/10887K, paused 2ms+2ms
07-03 21:34:03.582 13920 13920 D ContextScopeImpl: in ContextScope.getContextOrDefault for thread=1
07-03 21:34:03.598 13920 13920 D ContextScopeImpl: returning application context for thread=1
07-03 21:34:03.598 13920 13923 D dalvikvm: GC_CONCURRENT freed 414K, 5% free 9756K/10247K, paused 2ms+9ms
07-03 21:34:03.613 13920 13920 I FeatureCheckerImpl: Configured disabled features: []
07-03 21:34:03.613 13920 13920 D ContextScopeImpl: in ContextScope.getContextOrDefault for thread=1
07-03 21:34:03.613 13920 13920 D ContextScopeImpl: returning application context for thread=1
07-03 21:34:03.633 13920 13920 D ContextScopeImpl: in ContextScope.enter for thread=1
07-03 21:34:03.633 13920 13920 W ContextScopeImpl: thread=1 tried to enter the scope of the application context. Ignored.
07-03 21:34:03.633 13920 13920 D ContextScopeImpl: in ContextScope.getContextOrDefault for thread=1
07-03 21:34:03.633 13920 13920 D ContextScopeImpl: returning application context for thread=1
07-03 21:34:03.633 13920 13920 D DocListDatabase: openHelper points on new database: DocList.db
07-03 21:34:03.633 13920 13920 D DocListDatabase: in openWriteDatabase
07-03 21:34:03.645 13920 13920 I ActivityThread: Pub com.google.android.apps.docs.doclist.account_suggest: com.google.android.apps.docs.doclist.DocListAccountSuggestionProvider
07-03 21:34:03.645 13920 13920 D ContextScopeImpl: in ContextScope.enter for thread=1
07-03 21:34:03.645 13920 13920 W ContextScopeImpl: thread=1 tried to enter the scope of the application context. Ignored.
07-03 21:34:03.645 13920 13920 I ActivityThread: Pub com.google.android.apps.docs: com.google.android.apps.docs.providers.DocListProvider
07-03 21:34:03.645 13920 13920 D ContextScopeImpl: in ContextScope.enter for thread=1
07-03 21:34:03.645 13920 13920 W ContextScopeImpl: thread=1 tried to enter the scope of the application context. Ignored.
07-03 21:34:03.653 13920 13920 W ContextScopeImpl: thread=1 tried to enter the scope of the application context. Ignored.
