07-01 19:41:43.700 13586 13586 D libEGL  : loaded /vendor/lib/egl/libGLESv2_POWERVR_SGX540_120.so
07-01 19:41:43.759 13586 13586 D OpenGLRenderer: Enabling debug mode 0
07-01 19:41:43.763   145   161 I Process : Sending signal. PID: 13586 SIG: 3
07-01 19:41:43.763 13586 13590 I dalvikvm: threadid=3: reacting to signal 3
07-01 19:41:43.782 13586 13590 I dalvikvm: Wrote stack traces to '/data/anr/traces.txt'
07-01 19:41:43.817 13586 13586 I GeckoToolbar: zerdatime 66480144 - Throbber start
07-01 19:41:43.821 13586 13599 I GeckoApp: Checking profile migration in: /data/data/org.mozilla.firefox_beta/files/mozilla/r0zhquk7.default
07-01 19:41:43.825 13586 13586 D GeckoFavicons: Creating Favicons instance
07-01 19:41:43.825 13586 13586 D GeckoFavicons: Creating DatabaseHelper
07-01 19:41:43.829 13586 13601 W GeckoApp: zerdatime 66480154 - start of getPluginDirectories
07-01 19:41:43.829 13586 13601 W GeckoApp: zerdatime 66480155 - end of getPluginDirectories
07-01 19:41:43.841 13586 13601 I GeckoAppShell: env0: null
07-01 19:41:43.845 13586 13601 D dalvikvm: Trying to load lib /data/data/org.mozilla.firefox_beta/lib/libmozglue.so 0x41342468
07-01 19:41:43.845 13586 13601 D dalvikvm: Shared lib '/data/data/org.mozilla.firefox_beta/lib/libmozglue.so' already loaded in same CL 0x41342468
07-01 19:41:43.845 13586 13601 E GeckoLibLoad: Load sqlite start
07-01 19:41:43.880 13586 13588 D dalvikvm: GC_CONCURRENT freed 110K, 3% free 9659K/9863K, paused 3ms+8ms
07-01 19:41:43.880 13586 13586 I GeckoAxis: Prefs: 0.85,0.97,10.0,0.012,0.04,0.3,0.5
07-01 19:41:43.927 13586 13601 E GeckoLinker: /data/app/org.mozilla.firefox_beta-1.apk!/libmozsqlite3.so: Warning: relocation to NULL @0x00052db4
07-01 19:41:43.927 13586 13601 E GeckoLinker: /data/app/org.mozilla.firefox_beta-1.apk!/libmozsqlite3.so: Warning: relocation to NULL @0x00052cb0 for symbol "__cxa_begin_cleanup"
07-01 19:41:43.927 13586 13601 E GeckoLinker: /data/app/org.mozilla.firefox_beta-1.apk!/libmozsqlite3.so: Warning: relocation to NULL @0x00052d1c for symbol "__cxa_type_match"
07-01 19:41:43.931 13586 13601 E GeckoLibLoad: Load sqlite done
07-01 19:41:43.934 13586 13601 D dalvikvm: Trying to load lib /data/data/org.mozilla.firefox_beta/lib/libmozglue.so 0x41342468
07-01 19:41:43.934 13586 13601 D dalvikvm: Shared lib '/data/data/org.mozilla.firefox_beta/lib/libmozglue.so' already loaded in same CL 0x41342468
07-01 19:41:43.934 13586 13601 E GeckoLibLoad: Load nss start
07-01 19:41:43.934 13586 13586 W GeckoApp: zerdatime 66480260 - UI almost up
07-01 19:41:43.997    78    78 W SurfaceTexture: [org.mozilla.firefox_beta/org.mozilla.firefox_beta.App] cancelBuffer: SurfaceTexture has been abandoned!
07-01 19:41:44.005 13586 13599 W GeckoApp: zerdatime 66480331 - pre checkLaunchState
07-01 19:41:44.048 13586 13601 E GeckoLinker: /data/app/org.mozilla.firefox_beta-1.apk!/libnspr4.so: Warning: relocation to NULL @0x00020de0
07-01 19:41:44.048 13586 13601 E GeckoLinker: /data/app/org.mozilla.firefox_beta-1.apk!/libnspr4.so: Warning: relocation to NULL @0x00020b98 for symbol "__cxa_begin_cleanup"
07-01 19:41:44.048   145   145 W InputManagerService: Starting input on non-focused client com.android.internal.view.IInputMethodClient$Stub$Proxy@41e1b0c8 (uid=10079 pid=13196)
07-01 19:41:44.052 13586 13601 E GeckoLinker: /data/app/org.mozilla.firefox_beta-1.apk!/libnspr4.so: Warning: relocation to NULL @0x00020cb0 for symbol "__cxa_type_match"
07-01 19:41:44.059 13586 13601 E GeckoLibLoad: Load nss done
07-01 19:41:44.122   145   176 I ActivityManager: Displayed org.mozilla.firefox_beta/.App: +1s38ms
07-01 19:41:44.329 13196 13196 D FlurryAgent: Ending session
07-01 19:41:44.442   145 21614 I ActivityManager: moveTaskToBack: 23
07-01 19:41:44.474 13586 13586 I GeckoApp: application paused
07-01 19:41:44.497 13196 13196 D MoPub   : Ad Unit (agltb3B1Yi1pbmNyDQsSBFNpdGUYlvOBEww) going invisible: disabling refresh
07-01 19:41:44.497 13196 13196 D MoPub   : Automatic refresh for agltb3B1Yi1pbmNyDQsSBFNpdGUYlvOBEww set to: false.
07-01 19:41:44.509 13196 13196 D FlurryAgent: startSession called
07-01 19:41:44.509 13196 13196 D FlurryAgent: Initializing Flurry session
07-01 19:41:44.509 13196 13196 D FlurryAgent: Continuing previous session
07-01 19:41:44.673 13196 13196 D TEST    : onCreateOptionsMenu called 
07-01 19:41:44.681 13196 13196 D MoPub   : Ad Unit (agltb3B1Yi1pbmNyDQsSBFNpdGUYlvOBEww) going visible: enabling refresh
07-01 19:41:44.681 13196 13196 D MoPub   : Automatic refresh for agltb3B1Yi1pbmNyDQsSBFNpdGUYlvOBEww set to: true.
07-01 19:41:44.833 13586 13586 D OpenGLRenderer: Flushing caches (mode 1)
07-01 19:41:44.841 13586 13586 I GeckoApp: stop
07-01 19:41:44.856 13586 13586 D OpenGLRenderer: Flushing caches (mode 0)
07-01 19:41:45.282 13196 13199 D dalvikvm: GC_CONCURRENT freed 736K, 7% free 12641K/13511K, paused 3ms+4ms
07-01 19:41:45.329 13196 13475 D GetStringObjTask: retrieving from url = http://www.chess.com/api/v2/get_echess_current_games?id=y3ICtufzg6w7rQqcD3KFujVaIanpYba4bIpaeKElV1LNz3Sz4Fk9Yh5CeWaj8h4bQ2RY0CxFVgA%2ByBE5DE%2B1cAuw4i%2Bp2GVj5RbuDPEUotReGbS25iAukuBsuUd%2Fl5dp&all=1
07-01 19:41:45.599 13586 13601 E GeckoLinker: /data/app/org.mozilla.firefox_beta-1.apk!/libmozalloc.so: Warning: relocation to NULL @0x00003e2c
07-01 19:41:45.599 13586 13601 E GeckoLinker: /data/app/org.mozilla.firefox_beta-1.apk!/libmozalloc.so: Warning: relocation to NULL @0x00003db8 for symbol "__cxa_begin_cleanup"
07-01 19:41:45.599 13586 13601 E GeckoLinker: /data/app/org.mozilla.firefox_beta-1.apk!/libmozalloc.so: Warning: relocation to NULL @0x00003de0 for symbol "__cxa_type_match"
07-01 19:41:45.630 13586 13601 E GeckoLibLoad: Loaded libs in 1571ms total, 433ms user, 234ms system, 3 faults
07-01 19:41:45.634 13586 13601 W GeckoThread: zerdatime 66481958 - runGecko
07-01 19:41:45.634 13586 13601 I GeckoThread: RunGecko - URI = http://ads.mopub.com/m/aclk?c=agltb3B1Yi1pbmNyNQsSCENyZWF0aXZlIidta3Q6YWdsdGIzQjFZaTFwYm1OeURRc1NCRk5wZEdVWWx2T0JFd3cM&cid=agltb3B1Yi1pbmNyNQsSCENyZWF0aXZlIidta3Q6YWdsdGIzQjFZaTFwYm1OeURRc1NCRk5wZEdVWWx2T0JFd3cM&reqt=1341186092.0&req=a42378861613859c1128ae096b206bcd&appid=&id=agltb3B1Yi1pbmNyDQsSBFNpdGUYlvOBEww&udid=sha:d6542c3a6e81cb101d355677cb92b5e9d605ff4a&ck=27202&r=http%3A%2F%2Fads.lfstmedia.com%2Fclick%2F2%3F__ads%3Dip4765-5dGQFfC4BQ4t76994h-uoQ%26impId%3D2%26cmpId%3Dcmp4424%26sectionId%3Dslot29417%26ad%3Dcrv40601%26appid%3DChess.com%2B-%2BAndroid%26pf%3D0.06944444444444443%26bcat%3DIAB25%252CIAB7-39%252CIAB8-5%252CIAB8-18%252CIAB9-9%252CIAB14-1%252CIAB6-7%252CIAB7-3%252CIAB7-28%252CIAB7-30%252CIAB14-2%252CIAB14-3%26appname%3DChess.com%2B-%2BAndroid%26_androididsha1%3Dd6542c3a6e81cb101d355677cb92b5e9d605ff4a%26pappbid%3DChess.com%2B-%2BAndroid%26pappcat%3Dgames%26pubid%3Dagltb3B1Yi1pbmNyEAsSB0FjY291bnQYz7r_Egw%26_device_type%3DAndroidPhone%26_os_detail_version%3DAndroid%2B4.0.4%26_device_model%3DFull%2BAndroid%2Bon%2BCrespo4G%26_os%3DAndroid%26_browser%3DAndroid%26_device_platform%3DInApp%26_os_detail%3DAndroid%2B4%26country%3DUS%26adCounter%3D1%26redirectURL%3Dhttp%253A%252F%252Ftrack.lfstmedia.com%252Fcmp4424%253Fcid%253Dcmp4424%2526__ads%253Dip4765-5dGQFfC4BQ4t76994h-uoQ%2526sectionId%253Dslot29417%2526ad%253Dcrv40601%2526impId%253D2%2526country%253DUS%2526adCounter%253D1%2526pappid%253DChess.com%2B-%2BAndroid%2526pappcat%253Dgames%2526pappbid%253DChess.com%252B-%252BAndroid
07-01 19:41:45.634 13586 13601 I GeckoAppShell: post native init
07-01 19:41:45.634 13586 13601 I GeckoAppShell: setLayerClient called
07-01 19:41:45.876 13586 13601 E GeckoConsole: Could not read chrome manifest 'file:///data/data/org.mozilla.firefox_beta/chrome.manifest'.
07-01 19:41:45.954 13196 13475 D GetStringObjTask: WebRequest SERVER RESPONSE: Success+1:000055472248:w:1:14:hoorayforjaded:0985:23:h:56:rnbqkbnr/pppppppp/8/8/8/8/PPPPPPPP/RNBQKBNR w KQkq - 0 1:1341185541:  :  :n:0:1:0:
07-01 19:41:46.388 13586 13601 W ResourceType: Too many attribute references, stopped at: 0x01010099
07-01 19:41:46.993   145   361 W InputManagerService: Starting input on non-focused client com.android.internal.view.IInputMethodClient$Stub$Proxy@41e1b0c8 (uid=10079 pid=13196)
07-01 19:41:47.099 13196 13196 D MoPub   : Ad Unit (agltb3B1Yi1pbmNyDQsSBFNpdGUYlvOBEww) going invisible: disabling refresh
07-01 19:41:47.099 13196 13196 D MoPub   : Automatic refresh for agltb3B1Yi1pbmNyDQsSBFNpdGUYlvOBEww set to: false.
07-01 19:41:47.099 13196 13196 D OpenGLRenderer: Flushing caches (mode 0)
07-01 19:41:47.130 13196 13196 D OpenGLRenderer: Flushing caches (mode 1)
07-01 19:41:47.134 13586 13601 E GeckoConsole: zerdatime 1341186107137 - browser chrome startup finished.
07-01 19:41:47.153 13196 13196 D FlurryAgent: Ending session
07-01 19:41:47.157   145   157 I ActivityManager: Process com.xabber.androiddev (pid 11040) has died.
07-01 19:41:47.157   145   157 W ActivityManager: Scheduling restart of crashed service com.xabber.androiddev/com.xabber.android.service.XMPPService in 5000ms
07-01 19:41:47.169 13196 13196 D MoPub   : Automatic refresh for agltb3B1Yi1pbmNyDQsSBFNpdGUYlvOBEww set to: false.
07-01 19:41:47.212 13196 13196 D webviewglue: nativeDestroy view: 0xac7718
07-01 19:41:47.239 13586 13601 I GeckoApp: Got message: CharEncoding:State
07-01 19:41:47.392 13196 13196 I MoPub   : Canceling fetch ad for task #0
07-01 19:41:47.458 13586 13601 I GeckoTabs: Got message: Session:RestoreBegin
07-01 19:41:47.462 13586 13601 I Gecko   : Detected osrelease `3.0.8-g6656123'
07-01 19:41:47.462 13586 13601 I Gecko   : JITs are not broken
07-01 19:41:47.528 13586 13601 I GeckoTabs: Got message: Tab:Added
07-01 19:41:47.528 13586 13601 I GeckoTabs: Received message from Gecko: 66483854 - Tab:Added
07-01 19:41:47.540 13586 13601 I GeckoTabs: Added a tab with id: 1
07-01 19:41:47.544 13586 13586 I GeckoToolbar: zerdatime 66483868 - Throbber start
07-01 19:41:47.548 13586 13586 I GeckoDoorHangerPopup: Showing all doorhangers for tab: 1
07-01 19:41:47.606 13586 13601 I GeckoApp: Got message: Content:StateChange
07-01 19:41:47.606 13586 13601 I GeckoApp: State - 983041
07-01 19:41:47.606 13586 13601 I GeckoApp: Got a document start
07-01 19:41:47.610 13586 13586 I GeckoToolbar: zerdatime 66483933 - Throbber start
07-01 19:41:47.645 13586 13601 I GeckoApp: Got message: Gecko:Ready
07-01 19:41:47.724 13586 13601 D GeckoLayerClient: Screen-size changed to (480,800)
07-01 19:41:47.724 13586 13601 D GeckoLayerClient: Window-size changed to (480,690)
07-01 19:41:47.735 13586 13601 I GeckoLayerClient: Showing checks: true
07-01 19:41:47.763 13586 13588 D dalvikvm: GC_CONCURRENT freed 345K, 5% free 9719K/10183K, paused 3ms+5ms
07-01 19:41:47.794 13586 13601 I GeckoPanZoomController: Got message: Preferences:Data
07-01 19:41:47.798 13586 13601 I GeckoPanZoomController: Zoom animation frames: [0.0, 0.10211, 0.19864, 0.29043, 0.37816, 0.46155, 0.54054, 0.61496, 0.68467, 0.7491, 0.80794, 0.86069, 0.90651, 0.94471, 0.97401, 0.99309]
07-01 19:41:47.798 13586 13601 I GeckoAxis: Prefs: 0.85,0.97,10.0,0.012,0.04,0.3,0.5
07-01 19:41:47.934 13586 13601 I GeckoTabs: Got message: Tab:Added
07-01 19:41:47.934 13586 13601 I GeckoTabs: Received message from Gecko: 66484259 - Tab:Added
07-01 19:41:47.934 13586 13601 I GeckoTabs: Added a tab with id: 2
07-01 19:41:48.036 13586 13601 I GeckoTabs: Got message: Tab:Added
07-01 19:41:48.036 13586 13601 I GeckoTabs: Received message from Gecko: 66484360 - Tab:Added
07-01 19:41:48.044 13586 13601 I GeckoTabs: Added a tab with id: 3
07-01 19:41:48.083 13586 13601 I GeckoTabs: Got message: Tab:Added
07-01 19:41:48.083 13586 13601 I GeckoTabs: Received message from Gecko: 66484409 - Tab:Added
07-01 19:41:48.087 13586 13601 I GeckoTabs: Added a tab with id: 4
07-01 19:41:48.134 13586 13601 I GeckoTabs: Got message: Tab:Added
07-01 19:41:48.134 13586 13601 I GeckoTabs: Received message from Gecko: 66484458 - Tab:Added
07-01 19:41:48.134 13586 13601 I GeckoTabs: Added a tab with id: 5
07-01 19:41:48.145 13586 13601 I GeckoTabs: Got message: Session:RestoreEnd
07-01 19:41:48.294 13586 13601 I GeckoDisplayPortCalculator: Set strategy VelocityBiasStrategy mult=2.0, threshold=7.6800003, reverse=0.2, dangerBaseX=1.0, dangerBaseY=1.0, dangerIncrX=0.0, dangerIncrY=0.0
07-01 19:41:48.294 13586 13601 I PluginLayer: Using plugin placeholder: false
07-01 19:41:48.302 13586 13616 I Gecko   : Logging GL tracing output to /data/data/org.mozilla.firefox_beta/firefox.trace
07-01 19:41:48.302 13586 13616 I Gecko   : Attempting load of /data/local/egltrace.so
07-01 19:41:48.306 13586 13616 I Gecko   : Attempting load of libEGL.so
07-01 19:41:48.306 13586 13616 I Gecko   : Extensions: EGL_KHR_image EGL_KHR_image_base EGL_KHR_image_base EGL_KHR_gl_texture_2D_image EGL_KHR_gl_texture_cubemap_image EGL_KHR_gl_renderbuffer_image EGL_KHR_fence_sync EGL_ANDROID_image_native_buffer EGL_ANDROID_image_native_buffer  0x45
07-01 19:41:48.306 13586 13616 I Gecko   : Extensions length: 226
07-01 19:41:48.653   145   181 I ActivityManager: START {act=android.intent.action.MAIN cat=[android.intent.category.HOME] flg=0x10200000 cmp=com.android.launcher/com.android.launcher2.Launcher} from pid 145
07-01 19:41:48.895   145 21614 I ActivityManager: Process android.process.media (pid 13351) has died.
07-01 19:41:48.970 13274 13274 D OpenGLRenderer: Flushing caches (mode 0)
07-01 19:41:48.997   145   157 I ActivityManager: Process com.android.sprintmenu (pid 10902) has died.
07-01 19:41:48.997   145   157 W ActivityManager: Scheduling restart of crashed service com.android.sprintmenu/.HiddenPhoneService in 13163ms
07-01 19:41:49.009   145   181 I ActivityManager: START {act=android.intent.action.MAIN cat=[android.intent.category.HOME] flg=0x10200000 cmp=com.android.launcher/com.android.launcher2.Launcher} from pid 145
07-01 19:41:49.028   145 22722 W InputManagerService: Starting input on non-focused client com.android.internal.view.IInputMethodClient$Stub$Proxy@41a9bd10 (uid=1000 pid=13274)
07-01 19:41:49.188   145   181 I ActivityManager: START {act=android.intent.action.MAIN cat=[android.intent.category.HOME] flg=0x10200000 cmp=com.android.launcher/com.android.launcher2.Launcher} from pid 145
07-01 19:41:49.677   145   361 I ActivityManager: Process com.twitter.android (pid 13425) has died.
07-01 19:41:49.860 10674 10676 D dalvikvm: GC_CONCURRENT freed 390K, 13% free 10012K/11399K, paused 390ms+2ms
07-01 19:41:50.274   375   377 D dalvikvm: GC_CONCURRENT freed 849K, 21% free 11700K/14791K, paused 14ms+6ms
07-01 19:41:50.602   345   345 D SAN_SERVICE: *******************************************
07-01 19:41:50.606   345   345 D SAN_SERVICE: DM App Phone Service State - 0
07-01 19:41:50.606   345   345 D SAN_SERVICE: *******************************************
07-01 19:41:50.829   345   345 D SAN_SERVICE: *******************************************
07-01 19:41:50.829   345   345 D SAN_SERVICE: DM App Phone Service State - 0
07-01 19:41:50.829   345   345 D SAN_SERVICE: *******************************************
07-01 19:41:51.083   345   345 D SAN_SERVICE: *******************************************
07-01 19:41:51.083   345   345 D SAN_SERVICE: DM App Phone Service State - 0
07-01 19:41:51.083   345   345 D SAN_SERVICE: *******************************************
07-01 19:41:51.122 13196 13196 D OpenGLRenderer: Flushing caches (mode 2)
07-01 19:41:51.134 13586 13586 D OpenGLRenderer: Flushing caches (mode 1)
07-01 19:41:51.138 13274 13274 D OpenGLRenderer: Flushing caches (mode 1)
07-01 19:41:51.145 13196 13196 W ManagedEGLContext: doTerminate failed: EGL count is 2 but managed count is 1
07-01 19:41:51.192 13274 13274 D OpenGLRenderer: Flushing caches (mode 1)
07-01 19:41:52.184 13617 13617 D dalvikvm: Late-enabling CheckJNI
07-01 19:41:52.204   145   162 I ActivityManager: Start proc com.xabber.androiddev for service com.xabber.androiddev/com.xabber.android.service.XMPPService: pid=13617 uid=10063 gids={3003, 1015}
07-01 19:41:52.313 13617 13617 I dalvikvm: Turning on JNI app bug workarounds for target SDK version 9...
07-01 19:41:52.817 13617 13618 D dalvikvm: GC_CONCURRENT freed 223K, 4% free 9313K/9607K, paused 17ms+2ms
07-01 19:41:52.849 13617 13617 D dalvikvm: GC_FOR_ALLOC freed 295K, 6% free 9427K/9927K, paused 16ms
07-01 19:41:53.075 13617 13618 D dalvikvm: GC_CONCURRENT freed 192K, 3% free 9774K/10055K, paused 2ms+8ms
07-01 19:41:53.169   145  1149 I ActivityManager: Process android.process.acore (pid 13314) has died.
07-01 19:41:53.458 13617 13618 D dalvikvm: GC_CONCURRENT freed 428K, 5% free 9875K/10375K, paused 204ms+5ms
07-01 19:41:53.610 13617 13617 I com.xabber.android.service.XMPPService@413748b8: onCreate
07-01 19:41:53.610 13617 13617 I com.xabber.android.data.Application@4136e3d8: onStart
07-01 19:41:53.622 13617 13631 I com.xabber.android.data.LogManager@41371058: onLoad
07-01 19:41:53.809 13617 13618 D dalvikvm: GC_CONCURRENT freed 168K, 3% free 10137K/10439K, paused 4ms+3ms
07-01 19:41:53.872   145   157 I ActivityManager: Start proc android.process.acore for content provider com.android.providers.contacts/.ContactsProvider2: pid=13633 uid=10000 gids={3003, 1015}
07-01 19:41:53.915 13196 13196 D OpenGLRenderer: Flushing caches (mode 2)
07-01 19:41:53.919 13196 13196 W ManagedEGLContext: doTerminate failed: EGL count is 2 but managed count is 1
07-01 19:41:53.919 13586 13586 D OpenGLRenderer: Flushing caches (mode 2)
07-01 19:41:53.919 13586 13586 D OpenGLRenderer: Flushing caches (mode 0)
07-01 19:41:53.923 13586 13586 W ManagedEGLContext: doTerminate failed: EGL count is 2 but managed count is 1
07-01 19:41:53.934 13633 13633 I ActivityThread: Pub call_log: com.android.providers.contacts.CallLogProvider
07-01 19:41:53.989 13633 13633 I ActivityThread: Pub com.android.voicemail: com.android.providers.contacts.VoicemailContentProvider
07-01 19:41:53.993 13633 13633 I ActivityThread: Pub user_dictionary: com.android.providers.userdictionary.UserDictionaryProvider
07-01 19:41:54.017 13633 13633 I ActivityThread: Pub com.android.social: com.android.providers.contacts.SocialProvider
07-01 19:41:54.020 13633 13633 I ActivityThread: Pub applications: com.android.providers.applications.ApplicationsProvider
07-01 19:41:54.134 13633 13635 D dalvikvm: GC_CONCURRENT freed 340K, 5% free 9151K/9607K, paused 3ms+2ms
07-01 19:41:54.134 13633 13633 I ActivityThread: Pub contacts;com.android.contacts: com.android.providers.contacts.ContactsProvider2
07-01 19:41:54.372   145  9966 D dalvikvm: GC_EXPLICIT freed 1342K, 24% free 16608K/21639K, paused 8ms+14ms
07-01 19:41:54.563 13633 13635 D dalvikvm: GC_CONCURRENT freed 203K, 4% free 9350K/9671K, paused 19ms+2ms
07-01 19:41:54.591   145   365 I ActivityManager: Process com.google.android.talk (pid 13330) has died.
07-01 19:41:55.079 13586 13586 D OpenGLRenderer: Flushing caches (mode 2)
07-01 19:41:55.079 13586 13586 D OpenGLRenderer: Flushing caches (mode 0)
07-01 19:41:55.079 13274 13274 D OpenGLRenderer: Flushing caches (mode 2)
07-01 19:41:55.079 13586 13586 W ManagedEGLContext: doTerminate failed: EGL count is 2 but managed count is 1
07-01 19:41:55.083 13274 13274 D OpenGLRenderer: Flushing caches (mode 0)
07-01 19:41:56.368 13633 13635 D dalvikvm: GC_CONCURRENT freed 230K, 4% free 9562K/9927K, paused 11ms+2ms
07-01 19:41:56.950 13617 13618 D dalvikvm: GC_CONCURRENT freed 270K, 4% free 10298K/10695K, paused 8ms+3ms
07-01 19:41:57.165 13196 13569 D FlurryAgent: Sending report to: http://data.flurry.com/aap.do
07-01 19:41:57.392   345   345 D SAN_SERVICE: *******************************************
07-01 19:41:57.392   345   345 D SAN_SERVICE: DM App Phone Service State - 0
07-01 19:41:57.392   345   345 D SAN_SERVICE: *******************************************
07-01 19:41:58.302 13196 13569 D FlurryAgent: Report successful
07-01 19:41:58.302 13196 13569 D FlurryAgent: Processing report response
07-01 19:41:58.306 13196 13569 D FlurryAgent: Done sending agent report
07-01 19:42:02.208   145   162 I ActivityManager: Start proc com.android.sprintmenu for service com.android.sprintmenu/.HiddenPhoneService: pid=13652 uid=1001 gids={3002, 3001, 3003, 1015}
07-01 19:42:05.962   345   345 D SAN_SERVICE: *******************************************
07-01 19:42:05.962   345   345 D SAN_SERVICE: DM App Phone Service State - 0
07-01 19:42:05.962   345   345 D SAN_SERVICE: *******************************************
07-01 19:42:14.454 11249 11250 D dalvikvm: GC_CONCURRENT freed 512K, 6% free 10438K/11079K, paused 2ms+3ms
07-01 19:42:16.122   345   345 D SAN_SERVICE: *******************************************
07-01 19:42:16.122   345   345 D SAN_SERVICE: DM App Phone Service State - 0
07-01 19:42:16.122   345   345 D SAN_SERVICE: *******************************************
07-01 19:42:16.493   345   345 D SAN_SERVICE: *******************************************
07-01 19:42:16.493   345   345 D SAN_SERVICE: DM App Phone Service State - 0
07-01 19:42:16.493   345   345 D SAN_SERVICE: *******************************************
07-01 19:42:17.181   345   345 D SAN_SERVICE: *******************************************
07-01 19:42:17.181   345   345 D SAN_SERVICE: DM App Phone Service State - 0
07-01 19:42:17.181   345   345 D SAN_SERVICE: *******************************************
07-01 19:42:22.243   145   200 D DhcpInfoInternal: makeLinkProperties with empty dns2!
07-01 19:42:22.243   145   200 D DhcpInfoInternal: makeLinkProperties with empty dns2!
07-01 19:43:01.474 11336 11349 I PhoneLab-: Service Running
07-01 19:43:01.517 11336 11349 I PhoneLab-LoggerService: app_37    1360  1     1436   996   c00f181c 400107b4 S logcat
07-01 19:43:01.517 11336 11349 I PhoneLab-LoggerService: Logcat pid from database 1360
07-01 19:43:01.517 11336 11349 I PhoneLab-LoggerService: Logcat process found 1360
07-01 19:43:01.517 11336 11349 I PhoneLab-LoggerService: Checking Threshold
07-01 19:43:01.520 11336 11349 I PhoneLab-LoggerService: Starting to rename files
07-01 19:43:01.520 11336 11349 I PhoneLab-LoggerService: Files found .. 2
07-01 19:43:01.520 11336 11349 I PhoneLab-LoggerService: File 1 log.out.1
07-01 19:43:01.524 11336 11349 I PhoneLab-LoggerService: Renamed successfully
07-01 19:43:03.934   345   345 D SAN_SERVICE: *******************************************
07-01 19:43:03.934   345   345 D SAN_SERVICE: DM App Phone Service State - 0
07-01 19:43:03.934   345   345 D SAN_SERVICE: *******************************************
07-01 19:43:04.040  3921  3923 D dalvikvm: GC_CONCURRENT freed 446K, 7% free 10274K/10951K, paused 21ms+3ms
07-01 19:43:09.036   345   345 D SAN_SERVICE: *******************************************
07-01 19:43:09.036   345   345 D SAN_SERVICE: DM App Phone Service State - 0
07-01 19:43:09.036   345   345 D SAN_SERVICE: *******************************************
07-01 19:43:16.251 13246 13248 D dalvikvm: GC_CONCURRENT freed 500K, 8% free 10123K/10887K, paused 12ms+17ms
07-01 19:43:24.431   345   345 D SAN_SERVICE: *******************************************
07-01 19:43:24.431   345   345 D SAN_SERVICE: DM App Phone Service State - 0
07-01 19:43:24.431   345   345 D SAN_SERVICE: *******************************************
07-01 19:43:30.392   145   175 I ActivityManager: Start proc com.google.android.maps.mytracks for service com.google.android.maps.mytracks/com.google.android.apps.mytracks.services.RemoveTempFilesService: pid=13692 uid=10072 gids={3003, 3002, 3001, 1015}
07-01 19:43:30.411 13692 13692 I dalvikvm: Turning on JNI app bug workarounds for target SDK version 7...
07-01 19:43:30.509   145  1150 I ActivityManager: Process com.chess (pid 13196) has died.
07-01 19:43:30.595 13692 13692 I ActivityThread: Pub com.google.android.maps.mytracks.search: com.google.android.apps.mytracks.content.SearchEngineProvider
07-01 19:43:30.622 13692 13692 I ActivityThread: Pub com.google.android.maps.mytracks: com.google.android.apps.mytracks.content.MyTracksProvider
07-01 19:43:37.845   145   175 I ActivityManager: Start proc com.twitter.android for service com.twitter.android/.client.AppService: pid=13707 uid=10064 gids={3003, 1015}
07-01 19:43:37.864 13707 13707 I dalvikvm: Turning on JNI app bug workarounds for target SDK version 11...
07-01 19:43:37.892    79    79 D dalvikvm: GC_EXPLICIT freed 38K, 4% free 9031K/9347K, paused 3ms+7ms
07-01 19:43:37.938    79    79 D dalvikvm: GC_EXPLICIT freed <1K, 4% free 9031K/9347K, paused 3ms+3ms
07-01 19:43:37.985    79    79 D dalvikvm: GC_EXPLICIT freed <1K, 4% free 9031K/9347K, paused 2ms+3ms
07-01 19:43:38.020 13707 13707 I ActivityThread: Pub com.twitter.android.provider.GlobalDatabaseProvider: com.twitter.android.provider.GlobalDatabaseProvider
07-01 19:43:38.028 13707 13707 I ActivityThread: Pub com.twitter.android.provider.TwitterProvider: com.twitter.android.provider.TwitterProvider
07-01 19:43:38.306 13707 13709 D dalvikvm: GC_CONCURRENT freed 226K, 4% free 9270K/9607K, paused 84ms+2ms
07-01 19:43:38.684 13707 13709 D dalvikvm: GC_CONCURRENT freed 173K, 4% free 9495K/9799K, paused 2ms+1ms
07-01 19:43:38.829 13707 13709 D dalvikvm: GC_CONCURRENT freed 300K, 5% free 9625K/10055K, paused 1ms+2ms
07-01 19:43:38.970 13707 13709 D dalvikvm: GC_CONCURRENT freed 306K, 5% free 9759K/10183K, paused 2ms+2ms
07-01 19:43:39.106 13707 13709 D dalvikvm: GC_CONCURRENT freed 303K, 5% free 9882K/10311K, paused 3ms+2ms
07-01 19:43:39.239 13707 13709 D dalvikvm: GC_CONCURRENT freed 301K, 5% free 10012K/10439K, paused 1ms+1ms
07-01 19:43:39.368 13707 13709 D dalvikvm: GC_CONCURRENT freed 298K, 5% free 10142K/10567K, paused 1ms+2ms
07-01 19:43:39.509 13707 13709 D dalvikvm: GC_CONCURRENT freed 305K, 4% free 10272K/10695K, paused 2ms+2ms
07-01 19:43:39.684 13707 13709 D dalvikvm: GC_CONCURRENT freed 478K, 6% free 10222K/10823K, paused 1ms+2ms
07-01 19:43:39.821 13707 13709 D dalvikvm: GC_CONCURRENT freed 326K, 5% free 10300K/10823K, paused 2ms+2ms
07-01 19:43:39.958 13707 13709 D dalvikvm: GC_CONCURRENT freed 320K, 5% free 10383K/10823K, paused 3ms+2ms
07-01 19:43:40.102 13707 13709 D dalvikvm: GC_CONCURRENT freed 362K, 5% free 10468K/10951K, paused 2ms+3ms
07-01 19:43:40.247 13707 13709 D dalvikvm: GC_CONCURRENT freed 345K, 5% free 10549K/11015K, paused 2ms+3ms
07-01 19:43:40.384 13707 13709 D dalvikvm: GC_CONCURRENT freed 339K, 5% free 10632K/11079K, paused 2ms+12ms
07-01 19:43:40.513 13707 13709 D dalvikvm: GC_CONCURRENT freed 365K, 5% free 10720K/11207K, paused 2ms+2ms
07-01 19:43:40.657 13707 13709 D dalvikvm: GC_CONCURRENT freed 405K, 5% free 10815K/11335K, paused 2ms+2ms
07-01 19:43:41.907 13707 13709 D dalvikvm: GC_CONCURRENT freed 342K, 5% free 11003K/11463K, paused 2ms+3ms
07-01 19:43:44.872 13707 13709 D dalvikvm: GC_CONCURRENT freed 430K, 5% free 11191K/11719K, paused 55ms+4ms
07-01 19:43:45.497 12856 12858 D dalvikvm: GC_CONCURRENT freed 404K, 9% free 9858K/10823K, paused 8ms+5ms
07-01 19:43:48.657   145   147 D dalvikvm: GC_CONCURRENT freed 1921K, 24% free 16541K/21639K, paused 18ms+7ms
07-01 19:44:08.860   345   345 D SAN_SERVICE: *******************************************
07-01 19:44:08.860   345   345 D SAN_SERVICE: DM App Phone Service State - 0
07-01 19:44:08.860   345   345 D SAN_SERVICE: *******************************************
07-01 19:44:09.102   345   345 D SAN_SERVICE: *******************************************
07-01 19:44:09.102   345   345 D SAN_SERVICE: DM App Phone Service State - 0
07-01 19:44:09.102   345   345 D SAN_SERVICE: *******************************************
07-01 19:44:15.817 11249 11250 D dalvikvm: GC_CONCURRENT freed 510K, 6% free 10439K/11079K, paused 11ms+3ms
07-01 19:44:16.005 13246 13248 D dalvikvm: GC_CONCURRENT freed 420K, 8% free 10098K/10887K, paused 3ms+3ms
07-01 19:44:19.267   345   345 D SAN_SERVICE: *******************************************
07-01 19:44:19.267   345   345 D SAN_SERVICE: DM App Phone Service State - 0
07-01 19:44:19.267   345   345 D SAN_SERVICE: *******************************************
07-01 19:44:20.036   345   345 D SAN_SERVICE: *******************************************
07-01 19:44:20.036   345   345 D SAN_SERVICE: DM App Phone Service State - 0
07-01 19:44:20.036   345   345 D SAN_SERVICE: *******************************************
07-01 19:44:29.544   345   345 D SAN_SERVICE: *******************************************
07-01 19:44:29.544   345   345 D SAN_SERVICE: DM App Phone Service State - 0
07-01 19:44:29.544   345   345 D SAN_SERVICE: *******************************************
07-01 19:44:30.028   345   345 D SAN_SERVICE: *******************************************
07-01 19:44:30.028   345   345 D SAN_SERVICE: DM App Phone Service State - 0
07-01 19:44:30.028   345   345 D SAN_SERVICE: *******************************************
07-01 19:44:30.235   345   345 D SAN_SERVICE: *******************************************
07-01 19:44:30.235   345   345 D SAN_SERVICE: DM App Phone Service State - 0
07-01 19:44:30.239   345   345 D SAN_SERVICE: *******************************************
07-01 19:44:47.122   145   200 D DhcpInfoInternal: makeLinkProperties with empty dns2!
07-01 19:44:47.134   145   200 D DhcpInfoInternal: makeLinkProperties with empty dns2!
07-01 19:45:01.321 11336 11349 I PhoneLab-: Service Running
07-01 19:45:01.403 11336 11349 I PhoneLab-LoggerService: app_37    1360  1     1436   996   c00f181c 400107b4 S logcat
07-01 19:45:01.403 11336 11349 I PhoneLab-LoggerService: Logcat pid from database 1360
07-01 19:45:01.403 11336 11349 I PhoneLab-LoggerService: Logcat process found 1360
07-01 19:45:01.403 11336 11349 I PhoneLab-LoggerService: Checking Threshold
07-01 19:45:01.403 11336 11349 I PhoneLab-LoggerService: Starting to rename files
07-01 19:45:01.407 11336 11349 I PhoneLab-LoggerService: Files found .. 2
07-01 19:45:15.927 11249 11250 D dalvikvm: GC_CONCURRENT freed 398K, 6% free 10430K/11079K, paused 2ms+4ms
07-01 19:45:46.149   345   345 D SAN_SERVICE: *******************************************
07-01 19:45:46.149   345   345 D SAN_SERVICE: DM App Phone Service State - 0
07-01 19:45:46.149   345   345 D SAN_SERVICE: *******************************************
07-01 19:45:46.661   345   345 D SAN_SERVICE: *******************************************
07-01 19:45:46.661   345   345 D SAN_SERVICE: DM App Phone Service State - 0
07-01 19:45:46.661   345   345 D SAN_SERVICE: *******************************************
07-01 19:45:46.688   345   347 D dalvikvm: GC_CONCURRENT freed 756K, 9% free 11641K/12679K, paused 8ms+2ms
07-01 19:45:54.798   145   147 D dalvikvm: GC_CONCURRENT freed 1841K, 24% free 16523K/21639K, paused 6ms+7ms
07-01 19:46:01.145 13756 13756 D dalvikvm: Late-enabling CheckJNI
07-01 19:46:01.149   145   162 I ActivityManager: Start proc com.chess for broadcast com.chess/.backend.AlarmReceiver: pid=13756 uid=10079 gids={3003, 1015}
07-01 19:46:01.302 13756 13758 D dalvikvm: GC_CONCURRENT freed 152K, 3% free 9384K/9607K, paused 13ms+3ms
07-01 19:46:01.501 13756 13770 D GetStringObjTask: retrieving from url = http://www.chess.com/api/get_move_status?id=y3ICtufzg6w7rQqcD3KFujVaIanpYba4bIpaeKElV1LNz3Sz4Fk9Yh5CeWaj8h4bQ2RY0CxFVgA%2ByBE5DE%2B1cAuw4i%2Bp2GVj5RbuDPEUotReGbS25iAukuBsuUd%2Fl5dp
07-01 19:46:02.645 13756 13770 D GetStringObjTask: WebRequest SERVER RESPONSE: Success+1:Your Move!:1341186306
07-01 19:46:02.876   216   218 D dalvikvm: GC_CONCURRENT freed 375K, 30% free 10135K/14343K, paused 2ms+3ms
07-01 19:46:02.989   216   218 D dalvikvm: GC_CONCURRENT freed 372K, 29% free 10246K/14343K, paused 2ms+3ms
07-01 19:46:03.126   345   345 D SAN_SERVICE: *******************************************
07-01 19:46:03.126   345   345 D SAN_SERVICE: DM App Phone Service State - 0
07-01 19:46:03.126   345   345 D SAN_SERVICE: *******************************************
07-01 19:46:03.204   216   218 D dalvikvm: GC_CONCURRENT freed 366K, 29% free 10278K/14343K, paused 4ms+3ms
07-01 19:46:03.673   345   345 D SAN_SERVICE: *******************************************
07-01 19:46:03.673   345   345 D SAN_SERVICE: DM App Phone Service State - 0
07-01 19:46:03.673   345   345 D SAN_SERVICE: *******************************************
07-01 19:46:09.239   145   169 I ActivityManager: Start proc com.google.android.apps.currents for service com.google.android.apps.currents/com.google.apps.dots.android.app.service.SyncService: pid=13772 uid=10078 gids={3003, 1015}
07-01 19:46:09.610 13772 13772 I ActivityThread: Pub com.google.apps.dots.android.app.provider.SuggestionProvider: com.google.apps.dots.android.app.provider.SuggestionProvider
07-01 19:46:09.622 13772 13772 I ActivityThread: Pub com.google.android.apps.currents.exported: com.google.apps.dots.android.app.provider.ExportedContentProvider
07-01 19:46:09.700 13772 13775 D dalvikvm: GC_CONCURRENT freed 160K, 3% free 9375K/9607K, paused 2ms+3ms
07-01 19:46:09.767 13772 13775 D dalvikvm: GC_CONCURRENT freed 322K, 5% free 9522K/9991K, paused 2ms+2ms
07-01 19:46:09.892 13772 13775 D dalvikvm: GC_CONCURRENT freed 168K, 3% free 9831K/10119K, paused 2ms+2ms
07-01 19:46:10.056 13772 13775 D dalvikvm: GC_CONCURRENT freed 236K, 4% free 10072K/10439K, paused 2ms+3ms
07-01 19:46:10.106 13772 13772 I DotsContentUris: content://com.google.android.apps.currents
07-01 19:46:10.118 13772 13772 I ActivityThread: Pub com.google.android.apps.currents: com.google.apps.dots.android.app.provider.DotsContentProvider
07-01 19:46:10.126 13772 13772 I DotsApplication: Starting up...
07-01 19:46:10.626 13772 13775 D dalvikvm: GC_CONCURRENT freed 415K, 5% free 10160K/10631K, paused 5ms+31ms
07-01 19:46:10.798   145 21614 D dalvikvm: GC_EXPLICIT freed 136K, 24% free 16499K/21639K, paused 4ms+7ms
07-01 19:46:10.950 13772 13775 D dalvikvm: GC_CONCURRENT freed 308K, 4% free 10341K/10759K, paused 2ms+3ms
07-01 19:46:10.970 13772 13792 I SyncService: Starting sync (19:46:10)
07-01 19:46:11.720   345   345 D SAN_SERVICE: *******************************************
07-01 19:46:11.720   345   345 D SAN_SERVICE: DM App Phone Service State - 0
07-01 19:46:11.720   345   345 D SAN_SERVICE: *******************************************
07-01 19:46:11.934   345   345 D SAN_SERVICE: *******************************************
07-01 19:46:11.934   345   345 D SAN_SERVICE: DM App Phone Service State - 0
07-01 19:46:11.934   345   345 D SAN_SERVICE: *******************************************
07-01 19:46:12.157   345   345 D SAN_SERVICE: *******************************************
07-01 19:46:12.157   345   345 D SAN_SERVICE: DM App Phone Service State - 0
07-01 19:46:12.157   345   345 D SAN_SERVICE: *******************************************
07-01 19:46:12.696   345   345 D SAN_SERVICE: *******************************************
07-01 19:46:12.696   345   345 D SAN_SERVICE: DM App Phone Service State - 0
07-01 19:46:12.696   345   345 D SAN_SERVICE: *******************************************
07-01 19:46:13.946 13772 13775 D dalvikvm: GC_CONCURRENT freed 283K, 4% free 10470K/10887K, paused 2ms+2ms
07-01 19:46:14.239 13772 13775 D dalvikvm: GC_CONCURRENT freed 181K, 3% free 10721K/11015K, paused 17ms+2ms
07-01 19:46:14.352 13772 13775 D dalvikvm: GC_CONCURRENT freed 534K, 7% free 10678K/11399K, paused 2ms+2ms
07-01 19:46:14.591   145   202 D ConnectivityService: ConnectivityChange for WIMAX: DISCONNECTED/SCANNING
07-01 19:46:14.595   145   202 D ConnectivityService: Attempting to switch to mobile
07-01 19:46:14.595   145   202 D ConnectivityService: Attempting to switch to WIFI
07-01 19:46:14.595   145   202 D ConnectivityService: Attempting to switch to BLUETOOTH_TETHER
07-01 19:46:14.911 13772 13775 D dalvikvm: GC_CONCURRENT freed 410K, 7% free 10692K/11399K, paused 2ms+2ms
07-01 19:46:15.653   145   157 D SyncManager: setSyncAutomatically: , provider com.google.android.apps.currents -> true
07-01 19:46:15.653   145   157 D SyncManager: setSyncAutomatically: already set to true, doing nothing
07-01 19:46:16.161 13246 13248 D dalvikvm: GC_CONCURRENT freed 515K, 8% free 10090K/10887K, paused 8ms+29ms
07-01 19:46:16.216 13772 13775 D dalvikvm: GC_CONCURRENT freed 356K, 6% free 10766K/11399K, paused 4ms+3ms
07-01 19:46:16.489 13772 13775 D dalvikvm: GC_CONCURRENT freed 218K, 4% free 11047K/11463K, paused 2ms+5ms
07-01 19:46:16.489 13246 13248 D dalvikvm: GC_CONCURRENT freed 174K, 6% free 10304K/10887K, paused 4ms+7ms
07-01 19:46:16.727 13772 13775 D dalvikvm: GC_CONCURRENT freed 276K, 4% free 11372K/11783K, paused 6ms+3ms
07-01 19:46:17.087 13772 13775 D dalvikvm: GC_CONCURRENT freed 755K, 8% free 11278K/12167K, paused 2ms+4ms
07-01 19:46:17.325   145  1149 D dalvikvm: GC_EXPLICIT freed 779K, 24% free 16542K/21639K, paused 3ms+8ms
07-01 19:46:17.407 13772 13775 D dalvikvm: GC_CONCURRENT freed 654K, 8% free 11252K/12167K, paused 2ms+3ms
07-01 19:46:17.657   145   206 D Tethering: MasterInitialState.processMessage what=3
07-01 19:46:17.708   145   162 I ActivityManager: Start proc android.process.media for broadcast com.android.providers.downloads/.DownloadReceiver: pid=13802 uid=10012 gids={1015, 1023, 1024, 2001, 3003, 3007}
07-01 19:46:17.731   145   206 D Tethering: MasterInitialState.processMessage what=3
07-01 19:46:17.821 13802 13802 I ActivityThread: Pub downloads: com.android.providers.downloads.DownloadProvider
07-01 19:46:17.892 13802 13802 I ActivityThread: Pub drm: com.android.providers.drm.DrmProvider
07-01 19:46:17.895 13802 13815 I DownloadManager: in removeSpuriousFiles
07-01 19:46:17.907 13802 13802 I ActivityThread: Pub media: com.android.providers.media.MediaProvider
07-01 19:46:18.001 13802 13815 I DownloadManager: in removeSpuriousFiles, preserving file /data/data/com.android.providers.downloads/cache/metadata.json
07-01 19:46:18.001 13802 13815 I DownloadManager: in removeSpuriousFiles, preserving file /data/data/com.android.providers.downloads/cache/en_general.htm
07-01 19:46:18.001 13802 13815 I DownloadManager: in removeSpuriousFiles, preserving file /mnt/sdcard/Download/img-thing.jpeg
07-01 19:46:18.001 13802 13815 I DownloadManager: in removeSpuriousFiles, preserving file /data/data/com.android.providers.downloads/cache/metadata-1.json
07-01 19:46:18.001 13802 13815 I DownloadManager: in removeSpuriousFiles, preserving file /data/data/com.android.providers.downloads/cache/downloadfile.jpeg
07-01 19:46:18.001 13802 13815 I DownloadManager: in removeSpuriousFiles, preserving file /data/data/com.android.providers.downloads/cache/metadata-2.json
07-01 19:46:18.001 13802 13815 I DownloadManager: in removeSpuriousFiles, preserving file /data/data/com.android.providers.downloads/cache/metadata-3.json
07-01 19:46:18.005   145   361 I ActivityManager: Process org.mozilla.firefox_beta (pid 13586) has died.
07-01 19:46:18.009 13802 13815 I DownloadManager: deleting spurious file /cache/backup
07-01 19:46:18.149   145   181 W InputDispatcher: channel '417d2a30 org.mozilla.firefox_beta/org.mozilla.firefox_beta.App (server)' ~ Consumer closed input channel or an error occurred.  events=0x8
07-01 19:46:18.153   145   181 E InputDispatcher: channel '417d2a30 org.mozilla.firefox_beta/org.mozilla.firefox_beta.App (server)' ~ Channel is unrecoverably broken and will be disposed!
07-01 19:46:18.157   145   156 I WindowManager: WIN DEATH: Window{4186b618 SurfaceView paused=false}
07-01 19:46:18.192   145   329 W InputDispatcher: Attempted to unregister already unregistered input channel '417d2a30 org.mozilla.firefox_beta/org.mozilla.firefox_beta.App (server)'
07-01 19:46:18.192   145   329 I WindowManager: WIN DEATH: Window{417d2a30 org.mozilla.firefox_beta/org.mozilla.firefox_beta.App paused=false}
07-01 19:46:18.196   145   181 I WindowManager: WINDOW DIED Window{417d2a30 org.mozilla.firefox_beta/org.mozilla.firefox_beta.App paused=false}
07-01 19:46:18.282 13772 13775 D dalvikvm: GC_CONCURRENT freed 575K, 8% free 11291K/12167K, paused 3ms+3ms
07-01 19:46:18.290   145   202 D ConnectivityService: handleInetConditionHoldEnd: net=1, condition=100, published condition=100
07-01 19:46:18.509 13802 13804 D dalvikvm: GC_CONCURRENT freed 338K, 5% free 9195K/9607K, paused 53ms+9ms
07-01 19:46:18.708   145   157 I ActivityManager: Start proc com.google.android.apps.uploader for broadcast com.google.android.apps.uploader/.ConnectivityBroadcastReceiver: pid=13819 uid=10030 gids={3003}
07-01 19:46:18.735 13819 13819 I dalvikvm: Turning on JNI app bug workarounds for target SDK version 11...
07-01 19:46:18.802 13819 13819 I ActivityThread: Pub com.google.android.apps.uploader: com.google.android.apps.uploader.UploadsContentProvider
07-01 19:46:18.806 13819 13819 I ActivityThread: Pub com.google.photos.provider.Album: com.google.android.apps.uploader.clients.picasa.AlbumProvider
07-01 19:46:18.813 13819 13819 D MediaUploader: UploaderApplication.onCreate
07-01 19:46:18.872 13819 13819 D MediaUploader: nonWifiLimit=20971520, default=20971520
07-01 19:46:18.876 13819 13819 I MediaUploader: No need to wake up
07-01 19:46:18.958   145   348 I ActivityManager: Start proc com.google.android.youtube for broadcast com.google.android.youtube/.app.prefetch.PrefetchService$DeviceStateReceiver: pid=13835 uid=10057 gids={3003, 1015, 1006}
07-01 19:46:19.224 13835 13837 D dalvikvm: GC_CONCURRENT freed 157K, 3% free 9358K/9607K, paused 3ms+3ms
07-01 19:46:19.270 13835 13835 I ActivityThread: Pub com.google.android.youtube.SuggestionProvider: com.google.android.youtube.core.suggest.SuggestionProvider
07-01 19:46:19.700 13835 13837 D dalvikvm: GC_CONCURRENT freed 355K, 5% free 9495K/9927K, paused 10ms+2ms
07-01 19:46:19.700 13835 13844 W CursorWrapperInner: Cursor finalized without prior close()
07-01 19:46:19.700 13835 13844 W CursorWrapperInner: Cursor finalized without prior close()
07-01 19:46:19.806 13835 13837 D dalvikvm: GC_CONCURRENT freed 308K, 4% free 9739K/10119K, paused 3ms+3ms
07-01 19:46:19.919 13835 13837 D dalvikvm: GC_CONCURRENT freed 375K, 5% free 9928K/10375K, paused 2ms+4ms
07-01 19:46:20.337 13835 13837 D dalvikvm: GC_CONCURRENT freed 312K, 4% free 10183K/10567K, paused 2ms+12ms
07-01 19:46:20.501 13835 13837 D dalvikvm: GC_CONCURRENT freed 509K, 6% free 10243K/10823K, paused 3ms+3ms
07-01 19:46:20.622   145   365 I ActivityManager: Start proc com.google.android.apps.docs for broadcast com.google.android.apps.docs/.receivers.NetworkChangeReceiver: pid=13876 uid=10077 gids={3003, 1015, 1006}
07-01 19:46:20.880 13876 13876 I PackageInfoHelper: Provided clientMode=RELEASE, packageInfo=PackageInfo{4137fc28 com.google.android.apps.docs}
07-01 19:46:20.880 13876 13876 I ActivityThread: Pub com.google.android.apps.docs.files: com.google.android.apps.docs.sync.filemanager.FileProvider
07-01 19:46:20.884 13876 13876 I ActivityThread: Pub com.google.android.apps.docs.doclist.search_suggest: com.google.android.apps.docs.doclist.DocListGlobalSearchSuggestionProvider
07-01 19:46:20.931 13772 13775 D dalvikvm: GC_CONCURRENT freed 617K, 7% free 11317K/12167K, paused 3ms+12ms
07-01 19:46:21.017 13876 13878 D dalvikvm: GC_CONCURRENT freed 227K, 4% free 9308K/9607K, paused 2ms+6ms
07-01 19:46:21.126 13876 13878 D dalvikvm: GC_CONCURRENT freed 462K, 6% free 9392K/9927K, paused 2ms+2ms
07-01 19:46:21.220 13876 13878 D dalvikvm: GC_CONCURRENT freed 499K, 6% free 9418K/9991K, paused 2ms+3ms
07-01 19:46:21.306 13876 13878 D dalvikvm: GC_CONCURRENT freed 530K, 7% free 9450K/10055K, paused 2ms+2ms
07-01 19:46:21.403 13876 13878 D dalvikvm: GC_CONCURRENT freed 484K, 6% free 9477K/10055K, paused 3ms+2ms
07-01 19:46:21.517 13876 13878 D dalvikvm: GC_CONCURRENT freed 519K, 6% free 9525K/10119K, paused 2ms+2ms
07-01 19:46:21.669 13876 13878 D dalvikvm: GC_CONCURRENT freed 352K, 5% free 9640K/10119K, paused 1ms+2ms
07-01 19:46:21.790 13876 13876 D ContextScopeImpl: in ContextScope.getContextOrDefault for thread=1
07-01 19:46:21.790 13876 13876 D ContextScopeImpl: returning application context for thread=1
07-01 19:46:21.806 13876 13878 D dalvikvm: GC_CONCURRENT freed 389K, 5% free 9759K/10247K, paused 2ms+6ms
07-01 19:46:21.806 13876 13876 I FeatureCheckerImpl: Configured disabled features: []
07-01 19:46:21.809 13876 13876 D ContextScopeImpl: in ContextScope.getContextOrDefault for thread=1
07-01 19:46:21.809 13876 13876 D ContextScopeImpl: returning application context for thread=1
07-01 19:46:21.825 13876 13876 D ContextScopeImpl: in ContextScope.enter for thread=1
07-01 19:46:21.825 13876 13876 W ContextScopeImpl: thread=1 tried to enter the scope of the application context. Ignored.
07-01 19:46:21.825 13876 13876 D ContextScopeImpl: in ContextScope.getContextOrDefault for thread=1
07-01 19:46:21.825 13876 13876 D ContextScopeImpl: returning application context for thread=1
07-01 19:46:21.825 13876 13876 D DocListDatabase: openHelper points on new database: DocList.db
07-01 19:46:21.825 13876 13876 D DocListDatabase: in openWriteDatabase
07-01 19:46:21.841 13876 13876 I ActivityThread: Pub com.google.android.apps.docs.doclist.account_suggest: com.google.android.apps.docs.doclist.DocListAccountSuggestionProvider
07-01 19:46:21.841 13876 13876 D ContextScopeImpl: in ContextScope.enter for thread=1
07-01 19:46:21.841 13876 13876 W ContextScopeImpl: thread=1 tried to enter the scope of the application context. Ignored.
07-01 19:46:21.841 13876 13876 I ActivityThread: Pub com.google.android.apps.docs: com.google.android.apps.docs.providers.DocListProvider
07-01 19:46:21.845 13876 13876 D ContextScopeImpl: in ContextScope.enter for thread=1
07-01 19:46:21.845 13876 13876 W ContextScopeImpl: thread=1 tried to enter the scope of the application context. Ignored.
07-01 19:46:21.849 13876 13876 W ContextScopeImpl: thread=1 tried to enter the scope of the application context. Ignored.
07-01 19:46:21.856 13876 13893 W ContextScopeImpl: thread=3954 tried to enter the scope of the application context. Ignored.
07-01 19:46:21.888 13835 13837 D dalvikvm: GC_CONCURRENT freed 430K, 5% free 10355K/10887K, paused 12ms+9ms
07-01 19:46:21.895 13876 13876 W ContextScopeImpl: thread=1 tried to enter the scope of the application context. Ignored.
07-01 19:46:21.915   145   329 I ActivityManager: Start proc com.google.android.apps.plus for broadcast com.google.android.apps.plus/com.google.android.picasasync.ConnectivityReceiver: pid=13897 uid=10060 gids={3003, 3002, 1015, 1006}
07-01 19:46:22.216 13897 13899 D dalvikvm: GC_CONCURRENT freed 164K, 3% free 9371K/9607K, paused 2ms+3ms
07-01 19:46:22.407 13897 13897 I ActivityThread: Pub com.google.android.apps.plus.content.ApiProvider: com.google.android.apps.plus.content.EsApiProvider
07-01 19:46:22.427 13772 13775 D dalvikvm: GC_CONCURRENT freed 627K, 7% free 11328K/12167K, paused 3ms+3ms
07-01 19:46:22.431 13897 13897 I ActivityThread: Pub com.google.android.apps.plus.content.EsGooglePhotoProvider: com.google.android.picasasync.PicasaContentProvider
07-01 19:46:22.520 13897 13899 D dalvikvm: GC_CONCURRENT freed 337K, 5% free 9579K/9991K, paused 2ms+3ms
07-01 19:46:22.548 13897 13897 I ActivityThread: Pub com.google.android.apps.plus.content.EsPicasaStoreProvider: com.google.android.picasastore.PicasaPhotoContentProvider
07-01 19:46:22.556 13897 13897 I ActivityThread: Pub com.google.plus.platform: com.google.android.apps.plus.content.AdsProvider
07-01 19:46:22.559 13897 13897 I ActivityThread: Pub com.google.android.apps.plus.iu.EsGoogleIuProvider: com.google.android.apps.plus.iu.InstantUploadProvider
07-01 19:46:22.645 13897 13899 D dalvikvm: GC_CONCURRENT freed 500K, 6% free 9609K/10183K, paused 2ms+2ms
07-01 19:46:22.649 13897 13897 I ActivityThread: Pub com.google.android.apps.plus.content.EsProvider: com.google.android.apps.plus.content.EsProvider
07-01 19:46:22.700 13897 13912 D PicasaPhotoCP: set fsid first time:-1
07-01 19:46:22.817 13819 13819 I MediaUploader: No need to wake up
07-01 19:46:22.884 13876 13876 W ContextScopeImpl: thread=1 tried to enter the scope of the application context. Ignored.
07-01 19:46:23.102 13897 13917 D PicasaSync: sync account database
07-01 19:46:23.157 13897 13899 D dalvikvm: GC_CONCURRENT freed 319K, 5% free 9835K/10247K, paused 2ms+9ms
07-01 19:46:23.239 13897 13917 D PicasaSync: accounts in DB=1
07-01 19:46:23.251 13897 13917 D PicasaSyncManager: active network: NetworkInfo: type: WIFI[], state: CONNECTED/CONNECTED, reason: (unspecified), extra: (none), roaming: false, failover: false, isAvailable: true
07-01 19:46:23.251 13897 13917 D PicasaSyncManager: background data: true
07-01 19:46:23.341 13897 13917 D PicasaSyncManager: battery info: true
07-01 19:46:23.431 13835 13837 D dalvikvm: GC_CONCURRENT freed 323K, 5% free 10456K/10951K, paused 2ms+11ms
07-01 19:46:23.520 13897 13899 D dalvikvm: GC_CONCURRENT freed 176K, 3% free 10086K/10375K, paused 2ms+3ms
07-01 19:46:23.642 13897 13899 D dalvikvm: GC_CONCURRENT freed 149K, 3% free 10361K/10631K, paused 2ms+2ms
07-01 19:46:23.774 13897 13899 D dalvikvm: GC_CONCURRENT freed 306K, 5% free 10484K/10951K, paused 2ms+1ms
07-01 19:46:23.856 13897 13913 D dalvikvm: GC_FOR_ALLOC freed 0K, 5% free 10484K/10951K, paused 31ms
07-01 19:46:23.864 13897 13913 I dalvikvm-heap: Grow heap (frag case) to 10.555MB for 260112-byte allocation
07-01 19:46:23.938 13897 13913 D dalvikvm: GC_FOR_ALLOC freed 126K, 6% free 10612K/11207K, paused 33ms
07-01 19:46:24.028 13897 13913 D dalvikvm: GC_FOR_ALLOC freed 311K, 6% free 10605K/11207K, paused 27ms
07-01 19:46:24.099 13897 13913 D dalvikvm: GC_FOR_ALLOC freed 62K, 5% free 10669K/11207K, paused 22ms
07-01 19:46:24.102 13897 13913 I dalvikvm-heap: Grow heap (frag case) to 10.735MB for 260112-byte allocation
07-01 19:46:24.122 13835 13837 D dalvikvm: GC_CONCURRENT freed 348K, 5% free 10544K/11015K, paused 3ms+6ms
07-01 19:46:24.184 13897 13913 D dalvikvm: GC_FOR_ALLOC freed 126K, 6% free 10797K/11463K, paused 59ms
07-01 19:46:24.239 13897 13913 D dalvikvm: GC_FOR_ALLOC freed 307K, 6% free 10788K/11463K, paused 43ms
07-01 19:46:24.278 13897 13913 D dalvikvm: GC_FOR_ALLOC freed 62K, 6% free 10852K/11463K, paused 34ms
07-01 19:46:24.282 13897 13913 I dalvikvm-heap: Grow heap (frag case) to 10.915MB for 260112-byte allocation
07-01 19:46:24.306 13897 13913 D dalvikvm: GC_FOR_ALLOC freed 126K, 7% free 10980K/11719K, paused 20ms
07-01 19:46:24.352   145   202 D ConnectivityService: ConnectivityChange for mobile: CONNECTED/CONNECTED
07-01 19:46:24.395   145   202 D ConnectivityService: ConnectivityChange for mobile: DISCONNECTED/DISCONNECTED
07-01 19:46:24.395   145   202 D ConnectivityService: Attempting to switch to WIFI
07-01 19:46:24.431   145   202 D ConnectivityService: Attempting to switch to WIMAX
07-01 19:46:24.438   145   202 D NetUtils: android_net_utils_resetConnections in env=0x9a76d8 clazz=0xbbc00001 iface=rmnet0 mask=0x3
07-01 19:46:24.438   145   202 D ConnectivityService: Attempting to switch to BLUETOOTH_TETHER
07-01 19:46:24.438   145   202 D ConnectivityService: resetConnections(rmnet0, 3)
07-01 19:46:24.735  3921  3923 D dalvikvm: GC_CONCURRENT freed 332K, 6% free 10326K/10951K, paused 43ms+4ms
07-01 19:46:24.923 13772 13775 D dalvikvm: GC_CONCURRENT freed 629K, 7% free 11338K/12167K, paused 7ms+3ms
07-01 19:46:24.974 13897 13899 D dalvikvm: GC_CONCURRENT freed 331K, 5% free 11182K/11719K, paused 1ms+3ms
07-01 19:46:25.138 13897 13899 D dalvikvm: GC_CONCURRENT freed 131K, 3% free 11672K/11911K, paused 2ms+3ms
07-01 19:46:25.313 13897 13899 D dalvikvm: GC_CONCURRENT freed 343K, 4% free 12203K/12679K, paused 2ms+3ms
07-01 19:46:25.610 13897 13899 D dalvikvm: GC_CONCURRENT freed 434K, 5% free 12777K/13319K, paused 2ms+13ms
07-01 19:46:26.622   145   365 D dalvikvm: GC_EXPLICIT freed 1610K, 24% free 16590K/21639K, paused 7ms+14ms
07-01 19:46:26.950 13835 13928 D dalvikvm: GC_FOR_ALLOC freed 245K, 5% free 10609K/11079K, paused 29ms
07-01 19:46:27.122 13835 13842 I dalvikvm: Total arena pages for JIT: 11
07-01 19:46:27.122 13835 13842 I dalvikvm: Total arena pages for JIT: 12
07-01 19:46:27.122 13835 13842 I dalvikvm: Total arena pages for JIT: 13
07-01 19:46:27.122 13835 13842 I dalvikvm: Total arena pages for JIT: 14
07-01 19:46:27.122 13835 13842 I dalvikvm: Total arena pages for JIT: 15
07-01 19:46:27.122 13835 13842 I dalvikvm: Total arena pages for JIT: 16
07-01 19:46:27.122 13835 13842 I dalvikvm: Total arena pages for JIT: 17
07-01 19:46:27.138 13835 13842 I dalvikvm: Total arena pages for JIT: 18
07-01 19:46:27.337 13772 13775 D dalvikvm: GC_CONCURRENT freed 743K, 8% free 11292K/12167K, paused 3ms+2ms
07-01 19:46:27.470   145   206 D Tethering: MasterInitialState.processMessage what=3
07-01 19:46:27.552   145   206 D Tethering: MasterInitialState.processMessage what=3
07-01 19:46:27.595   345   345 D SAN_SERVICE: *******************************************
07-01 19:46:27.595   345   345 D SAN_SERVICE: DM App Phone Service State - 0
07-01 19:46:27.595   345   345 D SAN_SERVICE: *******************************************
07-01 19:46:27.727 13819 13819 I MediaUploader: No need to wake up
07-01 19:46:27.802 13876 13876 W ContextScopeImpl: thread=1 tried to enter the scope of the application context. Ignored.
07-01 19:46:27.946 13772 13775 D dalvikvm: GC_CONCURRENT freed 600K, 7% free 11347K/12167K, paused 132ms+203ms
07-01 19:46:27.946 13897 13917 D PicasaSyncManager: active network: NetworkInfo: type: WIFI[], state: CONNECTED/CONNECTED, reason: (unspecified), extra: (none), roaming: false, failover: false, isAvailable: true
07-01 19:46:27.946 13897 13917 D PicasaSyncManager: background data: true
07-01 19:46:27.966   145 22722 I ActivityManager: Process android.process.acore (pid 13633) has died.
07-01 19:46:28.040 13819 13819 I MediaUploader: No need to wake up
07-01 19:46:28.071   145   202 D ConnectivityService: handleInetConditionHoldEnd: net=1, condition=100, published condition=100
07-01 19:46:28.169 13876 13876 W ContextScopeImpl: thread=1 tried to enter the scope of the application context. Ignored.
07-01 19:46:28.227 13897 13917 D PicasaSyncManager: active network: NetworkInfo: type: WIFI[], state: CONNECTED/CONNECTED, reason: (unspecified), extra: (none), roaming: false, failover: false, isAvailable: true
07-01 19:46:28.227 13897 13917 D PicasaSyncManager: background data: true
07-01 19:46:29.067 13772 13775 D dalvikvm: GC_CONCURRENT freed 674K, 7% free 11362K/12167K, paused 2ms+119ms
07-01 19:46:29.657 13835 13934 D dalvikvm: GC_FOR_ALLOC freed 318K, 6% free 10620K/11207K, paused 23ms
07-01 19:46:30.325 13772 13775 D dalvikvm: GC_CONCURRENT freed 643K, 7% free 11390K/12167K, paused 2ms+3ms
07-01 19:46:30.446 13835 13934 D dalvikvm: GC_FOR_ALLOC freed 188K, 5% free 10726K/11271K, paused 46ms
07-01 19:46:31.153 13835 13934 D dalvikvm: GC_FOR_ALLOC freed 291K, 7% free 10715K/11399K, paused 31ms
07-01 19:46:31.415 13772 13775 D dalvikvm: GC_CONCURRENT freed 787K, 8% free 11310K/12231K, paused 2ms+11ms
07-01 19:46:31.684 13835 13934 D dalvikvm: GC_FOR_ALLOC freed 322K, 7% free 10682K/11399K, paused 24ms
07-01 19:46:32.095 13772 13775 D dalvikvm: GC_CONCURRENT freed 629K, 8% free 11317K/12231K, paused 3ms+3ms
07-01 19:46:32.665 13835 13934 D dalvikvm: GC_FOR_ALLOC freed 329K, 7% free 10710K/11399K, paused 32ms
07-01 19:46:32.700 13772 13775 D dalvikvm: GC_CONCURRENT freed 620K, 8% free 11335K/12231K, paused 7ms+2ms
07-01 19:46:33.028 13772 13775 D dalvikvm: GC_CONCURRENT freed 638K, 8% free 11340K/12231K, paused 2ms+3ms
07-01 19:46:33.528 13835 13934 D dalvikvm: GC_FOR_ALLOC freed 310K, 7% free 10713K/11399K, paused 26ms
07-01 19:46:33.841   345   345 D SAN_SERVICE: *******************************************
07-01 19:46:33.841   345   345 D SAN_SERVICE: DM App Phone Service State - 0
07-01 19:46:33.841   345   345 D SAN_SERVICE: *******************************************
07-01 19:46:34.063 13772 13775 D dalvikvm: GC_CONCURRENT freed 637K, 8% free 11356K/12231K, paused 3ms+4ms
07-01 19:46:34.134 13835 13934 D dalvikvm: GC_FOR_ALLOC freed 284K, 7% free 10714K/11399K, paused 26ms
07-01 19:46:34.743 13835 13934 D dalvikvm: GC_FOR_ALLOC freed 312K, 7% free 10712K/11399K, paused 28ms
07-01 19:46:34.790 13772 13775 D dalvikvm: GC_CONCURRENT freed 651K, 8% free 11360K/12231K, paused 22ms+3ms
07-01 19:46:35.220 13772 13775 D dalvikvm: GC_CONCURRENT freed 634K, 7% free 11396K/12231K, paused 2ms+3ms
07-01 19:46:35.673 13835 13934 D dalvikvm: GC_FOR_ALLOC freed 319K, 7% free 10682K/11399K, paused 48ms
07-01 19:46:36.216 13772 13775 D dalvikvm: GC_CONCURRENT freed 724K, 8% free 11373K/12231K, paused 2ms+2ms
07-01 19:46:36.392 13772 13775 D dalvikvm: GC_CONCURRENT freed 632K, 7% free 11399K/12231K, paused 2ms+4ms
07-01 19:46:36.528 13835 13934 D dalvikvm: GC_FOR_ALLOC freed 310K, 7% free 10713K/11399K, paused 23ms
07-01 19:46:37.149 13835 13934 D dalvikvm: GC_FOR_ALLOC freed 284K, 7% free 10714K/11399K, paused 42ms
07-01 19:46:37.610 13772 13775 D dalvikvm: GC_CONCURRENT freed 675K, 7% free 11425K/12231K, paused 2ms+6ms
07-01 19:46:37.735 13835 13934 D dalvikvm: GC_FOR_ALLOC freed 314K, 7% free 10684K/11399K, paused 27ms
07-01 19:46:38.653 13835 13934 D dalvikvm: GC_FOR_ALLOC freed 320K, 7% free 10710K/11399K, paused 27ms
07-01 19:46:38.747 13772 13775 D dalvikvm: GC_CONCURRENT freed 788K, 8% free 11377K/12295K, paused 2ms+2ms
07-01 19:46:38.962   345   345 D SAN_SERVICE: *******************************************
07-01 19:46:38.962   345   345 D SAN_SERVICE: DM App Phone Service State - 0
07-01 19:46:38.962   345   345 D SAN_SERVICE: *******************************************
07-01 19:46:39.509 13772 13775 D dalvikvm: GC_CONCURRENT freed 663K, 8% free 11373K/12295K, paused 2ms+3ms
07-01 19:46:39.606 13835 13934 D dalvikvm: GC_FOR_ALLOC freed 310K, 7% free 10713K/11399K, paused 36ms
07-01 19:46:40.153 13835 13934 D dalvikvm: GC_FOR_ALLOC freed 284K, 7% free 10715K/11399K, paused 27ms
07-01 19:46:40.259 13772 13775 D dalvikvm: GC_CONCURRENT freed 674K, 8% free 11357K/12295K, paused 2ms+3ms
07-01 19:46:40.602 13772 13775 D dalvikvm: GC_CONCURRENT freed 613K, 8% free 11397K/12295K, paused 2ms+3ms
07-01 19:46:40.739 13835 13934 D dalvikvm: GC_FOR_ALLOC freed 312K, 7% free 10713K/11399K, paused 30ms
07-01 19:46:40.864 13772 13775 D dalvikvm: GC_CONCURRENT freed 630K, 8% free 11433K/12295K, paused 2ms+3ms
07-01 19:46:41.075 13772 13775 D dalvikvm: GC_CONCURRENT freed 707K, 7% free 11455K/12295K, paused 2ms+26ms
07-01 19:46:41.661 13835 13934 D dalvikvm: GC_FOR_ALLOC freed 319K, 7% free 10682K/11399K, paused 31ms
07-01 19:46:42.454 13772 13775 D dalvikvm: GC_CONCURRENT freed 763K, 8% free 11398K/12295K, paused 2ms+3ms
07-01 19:46:42.638 13835 13934 D dalvikvm: GC_FOR_ALLOC freed 310K, 7% free 10713K/11399K, paused 59ms
07-01 19:46:43.188   345   345 D SAN_SERVICE: *******************************************
07-01 19:46:43.188   345   345 D SAN_SERVICE: DM App Phone Service State - 0
07-01 19:46:43.188   345   345 D SAN_SERVICE: *******************************************
07-01 19:46:43.231 13835 13934 D dalvikvm: GC_FOR_ALLOC freed 284K, 7% free 10715K/11399K, paused 27ms
07-01 19:46:43.446   345   345 D SAN_SERVICE: *******************************************
07-01 19:46:43.446   345   345 D SAN_SERVICE: DM App Phone Service State - 0
07-01 19:46:43.446   345   345 D SAN_SERVICE: *******************************************
07-01 19:46:43.872 13835 13934 D dalvikvm: GC_FOR_ALLOC freed 127K, 6% free 10811K/11399K, paused 25ms
07-01 19:46:44.032 13772 13775 D dalvikvm: GC_CONCURRENT freed 643K, 8% free 11422K/12295K, paused 2ms+4ms
07-01 19:46:44.212 13772 13775 D dalvikvm: GC_CONCURRENT freed 647K, 7% free 11454K/12295K, paused 2ms+3ms
07-01 19:46:44.392 13772 13775 D dalvikvm: GC_CONCURRENT freed 673K, 7% free 11490K/12295K, paused 2ms+4ms
07-01 19:46:44.673   145   156 D dalvikvm: GC_EXPLICIT freed 1629K, 24% free 16571K/21639K, paused 7ms+7ms
07-01 19:46:44.755 13772 13795 D dalvikvm: GC_EXPLICIT freed 366K, 6% free 11585K/12295K, paused 5ms+4ms
07-01 19:46:44.856 13835 13934 D dalvikvm: GC_FOR_ALLOC freed 400K, 7% free 10682K/11463K, paused 26ms
07-01 19:46:45.856 13835 13934 D dalvikvm: GC_FOR_ALLOC freed 407K, 7% free 10678K/11463K, paused 24ms
07-01 19:46:46.540 13772 13775 D dalvikvm: GC_CONCURRENT freed 921K, 9% free 11435K/12487K, paused 6ms+2ms
07-01 19:46:46.700 13772 13775 D dalvikvm: GC_CONCURRENT freed 651K, 9% free 11467K/12487K, paused 1ms+2ms
07-01 19:46:46.860 13835 13934 D dalvikvm: GC_FOR_ALLOC freed 407K, 7% free 10678K/11463K, paused 25ms
07-01 19:46:46.903 13772 13775 D dalvikvm: GC_CONCURRENT freed 672K, 8% free 11499K/12487K, paused 3ms+3ms
07-01 19:46:47.442 13772 13775 D dalvikvm: GC_CONCURRENT freed 586K, 8% free 11611K/12487K, paused 3ms+4ms
07-01 19:46:47.927 13835 13934 D dalvikvm: GC_FOR_ALLOC freed 404K, 7% free 10678K/11463K, paused 92ms
07-01 19:46:49.059 13835 13934 D dalvikvm: GC_FOR_ALLOC freed 404K, 7% free 10678K/11463K, paused 54ms
07-01 19:46:50.052 13835 13934 D dalvikvm: GC_FOR_ALLOC freed 404K, 7% free 10678K/11463K, paused 25ms
07-01 19:46:51.044 13835 13934 D dalvikvm: GC_FOR_ALLOC freed 404K, 7% free 10678K/11463K, paused 27ms
07-01 19:46:51.126 13772 13775 D dalvikvm: GC_CONCURRENT freed 886K, 9% free 11466K/12487K, paused 2ms+121ms
07-01 19:46:51.200 13772 13795 D dalvikvm: GC_FOR_ALLOC freed 247K, 9% free 11456K/12487K, paused 37ms
07-01 19:46:52.067 13835 13934 D dalvikvm: GC_FOR_ALLOC freed 404K, 7% free 10678K/11463K, paused 25ms
07-01 19:46:52.259 13772 13775 D dalvikvm: GC_CONCURRENT freed 671K, 9% free 11468K/12487K, paused 2ms+2ms
07-01 19:46:52.349 13772 13795 D dalvikvm: GC_FOR_ALLOC freed 298K, 8% free 11515K/12487K, paused 28ms
07-01 19:46:52.352 13772 13795 I dalvikvm-heap: Grow heap (frag case) to 11.402MB for 90434-byte allocation
07-01 19:46:52.384 13772 13795 D dalvikvm: GC_FOR_ALLOC freed 49K, 9% free 11554K/12615K, paused 34ms
07-01 19:46:52.427 13772 13795 D dalvikvm: GC_FOR_ALLOC freed 4K, 9% free 11550K/12615K, paused 31ms
07-01 19:46:52.427 13772 13795 I dalvikvm-heap: Grow heap (frag case) to 11.432MB for 87423-byte allocation
07-01 19:46:52.454 13772 13795 D dalvikvm: GC_FOR_ALLOC freed 88K, 10% free 11547K/12743K, paused 30ms
07-01 19:46:52.767 13772 13775 D dalvikvm: GC_CONCURRENT freed 793K, 10% free 11470K/12743K, paused 2ms+3ms
07-01 19:46:53.063 13835 13934 D dalvikvm: GC_FOR_ALLOC freed 404K, 7% free 10678K/11463K, paused 22ms
07-01 19:46:53.290 13772 13775 D dalvikvm: GC_CONCURRENT freed 669K, 10% free 11494K/12743K, paused 3ms+3ms
07-01 19:46:53.434 13772 13775 D dalvikvm: GC_CONCURRENT freed 617K, 10% free 11577K/12743K, paused 2ms+2ms
07-01 19:46:54.126 13835 13934 D dalvikvm: GC_FOR_ALLOC freed 404K, 7% free 10678K/11463K, paused 56ms
07-01 19:46:54.321   345   345 D SAN_SERVICE: *******************************************
07-01 19:46:54.321   345   345 D SAN_SERVICE: DM App Phone Service State - 0
07-01 19:46:54.321   345   345 D SAN_SERVICE: *******************************************
07-01 19:46:54.794 13772 13775 D dalvikvm: GC_CONCURRENT freed 869K, 11% free 11451K/12743K, paused 2ms+3ms
07-01 19:46:55.083 13835 13934 D dalvikvm: GC_FOR_ALLOC freed 407K, 7% free 10678K/11463K, paused 36ms
07-01 19:46:55.106   345   345 D SAN_SERVICE: *******************************************
07-01 19:46:55.106   345   345 D SAN_SERVICE: DM App Phone Service State - 0
07-01 19:46:55.106   345   345 D SAN_SERVICE: *******************************************
07-01 19:46:55.134 13772 13775 D dalvikvm: GC_CONCURRENT freed 713K, 11% free 11430K/12743K, paused 3ms+2ms
07-01 19:46:55.493 13772 13775 D dalvikvm: GC_CONCURRENT freed 689K, 11% free 11419K/12743K, paused 2ms+2ms
07-01 19:46:55.653 13772 13775 D dalvikvm: GC_CONCURRENT freed 483K, 9% free 11610K/12743K, paused 2ms+2ms
07-01 19:46:55.821 13772 13775 D dalvikvm: GC_CONCURRENT freed 533K, 8% free 11830K/12743K, paused 2ms+3ms
07-01 19:46:56.017 13772 13775 D dalvikvm: GC_CONCURRENT freed 804K, 8% free 11881K/12807K, paused 2ms+4ms
07-01 19:46:56.071 13835 13934 D dalvikvm: GC_FOR_ALLOC freed 404K, 7% free 10678K/11463K, paused 24ms
07-01 19:46:56.431 13772 13775 D dalvikvm: GC_CONCURRENT freed 1431K, 13% free 11308K/12871K, paused 3ms+3ms
07-01 19:46:57.278 13835 13934 D dalvikvm: GC_FOR_ALLOC freed 382K, 7% free 10678K/11463K, paused 25ms
07-01 19:46:57.333 13835 13934 D dalvikvm: GC_FOR_ALLOC freed 200K, 6% free 10807K/11463K, paused 22ms
07-01 19:46:58.360 13835 13934 D dalvikvm: GC_FOR_ALLOC freed 197K, 6% free 10807K/11463K, paused 89ms
07-01 19:46:58.450 13835 13934 D dalvikvm: GC_FOR_ALLOC freed 196K, 6% free 10807K/11463K, paused 23ms
07-01 19:46:58.727 13772 13792 I SyncService: sync service finished (19:46:58)
07-01 19:46:59.317 13835 13934 D dalvikvm: GC_FOR_ALLOC freed 197K, 6% free 10807K/11463K, paused 22ms
07-01 19:46:59.489   345   345 D SAN_SERVICE: *******************************************
07-01 19:46:59.489   345   345 D SAN_SERVICE: DM App Phone Service State - 0
07-01 19:46:59.489   345   345 D SAN_SERVICE: *******************************************
07-01 19:46:59.528 13835 13934 D dalvikvm: GC_FOR_ALLOC freed 197K, 6% free 10807K/11463K, paused 22ms
07-01 19:47:00.290 13835 13934 D dalvikvm: GC_FOR_ALLOC freed 197K, 6% free 10807K/11463K, paused 29ms
07-01 19:47:00.536 13835 13934 D dalvikvm: GC_FOR_ALLOC freed 197K, 6% free 10807K/11463K, paused 61ms
07-01 19:47:01.356 11336 11349 I PhoneLab-: Service Running
07-01 19:47:01.360 13835 13934 D dalvikvm: GC_FOR_ALLOC freed 197K, 6% free 10807K/11463K, paused 64ms
07-01 19:47:01.470 11336 11349 I PhoneLab-LoggerService: app_37    1360  1     1436   996   c00f181c 400107b4 S logcat
07-01 19:47:01.470 11336 11349 I PhoneLab-LoggerService: Logcat pid from database 1360
07-01 19:47:01.474 11336 11349 I PhoneLab-LoggerService: Logcat process found 1360
07-01 19:47:01.474 11336 11349 I PhoneLab-LoggerService: Checking Threshold
07-01 19:47:01.474 11336 11349 I PhoneLab-LoggerService: Starting to rename files
07-01 19:47:01.474 11336 11349 I PhoneLab-LoggerService: Files found .. 2
07-01 19:47:01.505 13835 13934 D dalvikvm: GC_FOR_ALLOC freed 196K, 6% free 10807K/11463K, paused 25ms
07-01 19:47:02.282 13835 13934 D dalvikvm: GC_FOR_ALLOC freed 197K, 6% free 10807K/11463K, paused 28ms
07-01 19:47:02.567 13835 13934 D dalvikvm: GC_FOR_ALLOC freed 197K, 6% free 10807K/11463K, paused 37ms
07-01 19:47:03.333 13835 13934 D dalvikvm: GC_FOR_ALLOC freed 200K, 6% free 10807K/11463K, paused 67ms
07-01 19:47:03.567 13835 13934 D dalvikvm: GC_FOR_ALLOC freed 196K, 6% free 10807K/11463K, paused 59ms
07-01 19:47:04.337 13835 13934 D dalvikvm: GC_FOR_ALLOC freed 197K, 6% free 10807K/11463K, paused 22ms
07-01 19:47:04.642 13835 13934 D dalvikvm: GC_FOR_ALLOC freed 197K, 6% free 10807K/11463K, paused 23ms
07-01 19:47:05.438 13835 13934 D dalvikvm: GC_FOR_ALLOC freed 197K, 6% free 10807K/11463K, paused 43ms
07-01 19:47:05.532 13835 13934 D dalvikvm: GC_FOR_ALLOC freed 197K, 6% free 10807K/11463K, paused 35ms
07-01 19:47:06.470 13835 13934 D dalvikvm: GC_FOR_ALLOC freed 197K, 6% free 10807K/11463K, paused 23ms
07-01 19:47:06.544 13835 13934 D dalvikvm: GC_FOR_ALLOC freed 196K, 6% free 10807K/11463K, paused 34ms
07-01 19:47:06.872   145   361 I ActivityManager: Process com.twitter.android (pid 13707) has died.
07-01 19:47:07.505 13835 13934 D dalvikvm: GC_FOR_ALLOC freed 197K, 6% free 10807K/11463K, paused 22ms
07-01 19:47:07.583 13835 13934 D dalvikvm: GC_FOR_ALLOC freed 196K, 6% free 10807K/11463K, paused 40ms
07-01 19:47:08.395   345   345 D SAN_SERVICE: *******************************************
07-01 19:47:08.395   345   345 D SAN_SERVICE: DM App Phone Service State - 0
07-01 19:47:08.395   345   345 D SAN_SERVICE: *******************************************
07-01 19:47:08.548 13835 13934 D dalvikvm: GC_FOR_ALLOC freed 197K, 6% free 10807K/11463K, paused 68ms
07-01 19:47:08.645 13835 13934 D dalvikvm: GC_FOR_ALLOC freed 196K, 6% free 10807K/11463K, paused 28ms
07-01 19:47:08.790   345   345 D SAN_SERVICE: *******************************************
07-01 19:47:08.790   345   345 D SAN_SERVICE: DM App Phone Service State - 0
07-01 19:47:08.794   345   345 D SAN_SERVICE: *******************************************
07-01 19:47:09.517 13835 13934 D dalvikvm: GC_FOR_ALLOC freed 197K, 6% free 10807K/11463K, paused 41ms
07-01 19:47:09.688 13835 13934 D dalvikvm: GC_FOR_ALLOC freed 197K, 6% free 10807K/11463K, paused 68ms
07-01 19:47:10.567 13835 13934 D dalvikvm: GC_FOR_ALLOC freed 197K, 6% free 10807K/11463K, paused 55ms
07-01 19:47:10.634 13835 13934 D dalvikvm: GC_FOR_ALLOC freed 197K, 6% free 10807K/11463K, paused 22ms
07-01 19:47:11.513 13835 13934 D dalvikvm: GC_FOR_ALLOC freed 197K, 6% free 10807K/11463K, paused 26ms
07-01 19:47:11.681 13835 13934 D dalvikvm: GC_FOR_ALLOC freed 198K, 6% free 10809K/11463K, paused 66ms
07-01 19:47:12.056   145   200 D DhcpInfoInternal: makeLinkProperties with empty dns2!
07-01 19:47:12.063   145   200 D DhcpInfoInternal: makeLinkProperties with empty dns2!
07-01 19:47:12.501 13835 13934 D dalvikvm: GC_FOR_ALLOC freed 198K, 6% free 10807K/11463K, paused 26ms
07-01 19:47:12.665 13835 13934 D dalvikvm: GC_FOR_ALLOC freed 197K, 6% free 10807K/11463K, paused 48ms
07-01 19:47:13.587 13835 13934 D dalvikvm: GC_FOR_ALLOC freed 197K, 6% free 10807K/11463K, paused 30ms
07-01 19:47:13.645 13835 13934 D dalvikvm: GC_FOR_ALLOC freed 196K, 6% free 10807K/11463K, paused 22ms
07-01 19:47:14.536 13835 13934 D dalvikvm: GC_FOR_ALLOC freed 197K, 6% free 10807K/11463K, paused 46ms
07-01 19:47:14.653 13835 13934 D dalvikvm: GC_FOR_ALLOC freed 197K, 6% free 10807K/11463K, paused 28ms
07-01 19:47:14.864   345   345 D SAN_SERVICE: *******************************************
07-01 19:47:14.864   345   345 D SAN_SERVICE: DM App Phone Service State - 0
07-01 19:47:14.864   345   345 D SAN_SERVICE: *******************************************
07-01 19:47:15.559 13835 13934 D dalvikvm: GC_FOR_ALLOC freed 197K, 6% free 10807K/11463K, paused 67ms
07-01 19:47:15.583   345   345 D SAN_SERVICE: *******************************************
07-01 19:47:15.583   345   345 D SAN_SERVICE: DM App Phone Service State - 0
07-01 19:47:15.583   345   345 D SAN_SERVICE: *******************************************
07-01 19:47:15.649 13835 13934 D dalvikvm: GC_FOR_ALLOC freed 197K, 6% free 10807K/11463K, paused 27ms
07-01 19:47:15.907 11249 11250 D dalvikvm: GC_CONCURRENT freed 499K, 6% free 10443K/11079K, paused 2ms+3ms
07-01 19:47:16.059  3921  4010 D dalvikvm: GC_EXPLICIT freed 195K, 7% free 10276K/10951K, paused 7ms+4ms
07-01 19:47:16.251 13246 13248 D dalvikvm: GC_CONCURRENT freed 654K, 7% free 10171K/10887K, paused 7ms+8ms
07-01 19:47:16.532 13835 13934 D dalvikvm: GC_FOR_ALLOC freed 197K, 6% free 10807K/11463K, paused 48ms
07-01 19:47:16.649 13835 13934 D dalvikvm: GC_FOR_ALLOC freed 197K, 6% free 10807K/11463K, paused 24ms
07-01 19:47:17.548 13835 13934 D dalvikvm: GC_FOR_ALLOC freed 197K, 6% free 10807K/11463K, paused 67ms
07-01 19:47:17.622   145   147 D dalvikvm: GC_CONCURRENT freed 1775K, 24% free 16567K/21639K, paused 8ms+10ms
07-01 19:47:17.696 13835 13934 D dalvikvm: GC_FOR_ALLOC freed 196K, 6% free 10807K/11463K, paused 22ms
07-01 19:47:18.505 13835 13934 D dalvikvm: GC_FOR_ALLOC freed 197K, 6% free 10807K/11463K, paused 25ms
07-01 19:47:18.743 13835 13934 D dalvikvm: GC_FOR_ALLOC freed 197K, 6% free 10807K/11463K, paused 28ms
07-01 19:47:19.509 13835 13934 D dalvikvm: GC_FOR_ALLOC freed 197K, 6% free 10807K/11463K, paused 28ms
07-01 19:47:19.767 13835 13934 D dalvikvm: GC_FOR_ALLOC freed 197K, 6% free 10807K/11463K, paused 22ms
07-01 19:47:20.532 13835 13934 D dalvikvm: GC_FOR_ALLOC freed 200K, 6% free 10807K/11463K, paused 48ms
07-01 19:47:20.716 13835 13934 D dalvikvm: GC_FOR_ALLOC freed 197K, 6% free 10807K/11463K, paused 22ms
07-01 19:47:21.563 13835 13934 D dalvikvm: GC_FOR_ALLOC freed 197K, 6% free 10807K/11463K, paused 59ms
07-01 19:47:21.798 13835 13934 D dalvikvm: GC_FOR_ALLOC freed 197K, 6% free 10807K/11463K, paused 29ms
07-01 19:47:22.583 13835 13934 D dalvikvm: GC_FOR_ALLOC freed 197K, 6% free 10807K/11463K, paused 83ms
07-01 19:47:22.809 13835 13934 D dalvikvm: GC_FOR_ALLOC freed 197K, 6% free 10807K/11463K, paused 26ms
07-01 19:47:23.552 13835 13934 D dalvikvm: GC_FOR_ALLOC freed 197K, 6% free 10807K/11463K, paused 68ms
07-01 19:47:23.798 13835 13934 D dalvikvm: GC_FOR_ALLOC freed 197K, 6% free 10807K/11463K, paused 49ms
07-01 19:47:24.520 13835 13934 D dalvikvm: GC_FOR_ALLOC freed 197K, 6% free 10807K/11463K, paused 34ms
07-01 19:47:24.829 13835 13934 D dalvikvm: GC_FOR_ALLOC freed 197K, 6% free 10807K/11463K, paused 22ms
07-01 19:47:25.513 13835 13934 D dalvikvm: GC_FOR_ALLOC freed 197K, 6% free 10807K/11463K, paused 22ms
07-01 19:47:25.817 13835 13934 D dalvikvm: GC_FOR_ALLOC freed 197K, 6% free 10807K/11463K, paused 22ms
07-01 19:47:26.501 13835 13934 D dalvikvm: GC_FOR_ALLOC freed 197K, 6% free 10807K/11463K, paused 22ms
07-01 19:47:26.825 13835 13934 D dalvikvm: GC_FOR_ALLOC freed 197K, 6% free 10807K/11463K, paused 23ms
07-01 19:47:27.509 13835 13934 D dalvikvm: GC_FOR_ALLOC freed 197K, 6% free 10807K/11463K, paused 28ms
07-01 19:47:27.884 13835 13934 D dalvikvm: GC_FOR_ALLOC freed 197K, 6% free 10807K/11463K, paused 22ms
07-01 19:47:28.552 13835 13934 D dalvikvm: GC_FOR_ALLOC freed 197K, 6% free 10807K/11463K, paused 64ms
07-01 19:47:28.856 13835 13934 D dalvikvm: GC_FOR_ALLOC freed 200K, 6% free 10807K/11463K, paused 22ms
07-01 19:47:29.540 13835 13934 D dalvikvm: GC_FOR_ALLOC freed 197K, 6% free 10807K/11463K, paused 22ms
07-01 19:47:29.892 13835 13934 D dalvikvm: GC_FOR_ALLOC freed 197K, 6% free 10807K/11463K, paused 61ms
07-01 19:47:30.224   345   345 D SAN_SERVICE: *******************************************
07-01 19:47:30.224   345   345 D SAN_SERVICE: DM App Phone Service State - 0
07-01 19:47:30.224   345   345 D SAN_SERVICE: *******************************************
07-01 19:47:30.513 13835 13934 D dalvikvm: GC_FOR_ALLOC freed 197K, 6% free 10807K/11463K, paused 29ms
07-01 19:47:30.884 13835 13934 D dalvikvm: GC_FOR_ALLOC freed 197K, 6% free 10807K/11463K, paused 23ms
07-01 19:47:31.548 13835 13934 D dalvikvm: GC_FOR_ALLOC freed 197K, 6% free 10807K/11463K, paused 47ms
07-01 19:47:31.938 13835 13934 D dalvikvm: GC_FOR_ALLOC freed 197K, 6% free 10807K/11463K, paused 57ms
07-01 19:47:32.513 13835 13934 D dalvikvm: GC_FOR_ALLOC freed 197K, 6% free 10807K/11463K, paused 26ms
07-01 19:47:32.856 13835 13934 D dalvikvm: GC_FOR_ALLOC freed 197K, 6% free 10807K/11463K, paused 22ms
07-01 19:47:33.591 13835 13934 D dalvikvm: GC_FOR_ALLOC freed 197K, 6% free 10807K/11463K, paused 53ms
07-01 19:47:33.864 13835 13934 D dalvikvm: GC_FOR_ALLOC freed 197K, 6% free 10807K/11463K, paused 28ms
07-01 19:47:34.540 13835 13934 D dalvikvm: GC_FOR_ALLOC freed 197K, 6% free 10807K/11463K, paused 49ms
07-01 19:47:34.903 13835 13934 D dalvikvm: GC_FOR_ALLOC freed 197K, 6% free 10807K/11463K, paused 30ms
07-01 19:47:35.372 12856 12858 D dalvikvm: GC_CONCURRENT freed 410K, 9% free 9859K/10823K, paused 2ms+81ms
07-01 19:47:35.571 13835 13934 D dalvikvm: GC_FOR_ALLOC freed 197K, 6% free 10807K/11463K, paused 66ms
07-01 19:47:35.934 13835 13934 D dalvikvm: GC_FOR_ALLOC freed 197K, 6% free 10807K/11463K, paused 34ms
07-01 19:47:36.989    81   129 W AudioFlinger: write blocked for 395 msecs, 1 delayed writes, thread 0x8cd9a0
07-01 19:47:37.083 13835 13934 D dalvikvm: GC_FOR_ALLOC freed 197K, 6% free 10807K/11463K, paused 40ms
07-01 19:47:37.157 13835 13934 D dalvikvm: GC_FOR_ALLOC freed 196K, 6% free 10807K/11463K, paused 22ms
07-01 19:47:37.524 13835 13934 D dalvikvm: GC_FOR_ALLOC freed 200K, 6% free 10807K/11463K, paused 34ms
07-01 19:47:38.184 13835 13934 D dalvikvm: GC_FOR_ALLOC freed 197K, 6% free 10807K/11463K, paused 22ms
07-01 19:47:38.520 13835 13934 D dalvikvm: GC_FOR_ALLOC freed 197K, 6% free 10807K/11463K, paused 26ms
07-01 19:47:39.200 13835 13934 D dalvikvm: GC_FOR_ALLOC freed 197K, 6% free 10807K/11463K, paused 52ms
07-01 19:47:39.563 13835 13934 D dalvikvm: GC_FOR_ALLOC freed 197K, 6% free 10807K/11463K, paused 22ms
07-01 19:47:40.161 13835 13934 D dalvikvm: GC_FOR_ALLOC freed 197K, 6% free 10807K/11463K, paused 23ms
07-01 19:47:40.567 13835 13934 D dalvikvm: GC_FOR_ALLOC freed 197K, 6% free 10807K/11463K, paused 22ms
07-01 19:47:41.161 13835 13934 D dalvikvm: GC_FOR_ALLOC freed 197K, 6% free 10807K/11463K, paused 23ms
07-01 19:47:41.595 13835 13934 D dalvikvm: GC_FOR_ALLOC freed 197K, 6% free 10807K/11463K, paused 27ms
07-01 19:47:42.204 13835 13934 D dalvikvm: GC_FOR_ALLOC freed 197K, 6% free 10807K/11463K, paused 57ms
07-01 19:47:42.556 13835 13934 D dalvikvm: GC_FOR_ALLOC freed 197K, 6% free 10807K/11463K, paused 23ms
07-01 19:47:43.212 13835 13934 D dalvikvm: GC_FOR_ALLOC freed 197K, 6% free 10807K/11463K, paused 24ms
07-01 19:47:43.575 13835 13934 D dalvikvm: GC_FOR_ALLOC freed 197K, 6% free 10807K/11463K, paused 27ms
07-01 19:47:43.868   345   345 D SAN_SERVICE: *******************************************
07-01 19:47:43.868   345   345 D SAN_SERVICE: DM App Phone Service State - 0
07-01 19:47:43.868   345   345 D SAN_SERVICE: *******************************************
07-01 19:47:44.138   345   345 D SAN_SERVICE: *******************************************
07-01 19:47:44.138   345   345 D SAN_SERVICE: DM App Phone Service State - 0
07-01 19:47:44.138   345   345 D SAN_SERVICE: *******************************************
07-01 19:47:44.181 13835 13934 D dalvikvm: GC_FOR_ALLOC freed 197K, 6% free 10807K/11463K, paused 26ms
07-01 19:47:44.673   345   345 D SAN_SERVICE: *******************************************
07-01 19:47:44.673   345   345 D SAN_SERVICE: DM App Phone Service State - 0
07-01 19:47:44.673   345   345 D SAN_SERVICE: *******************************************
07-01 19:47:44.688 13835 13934 D dalvikvm: GC_FOR_ALLOC freed 197K, 6% free 10807K/11463K, paused 31ms
07-01 19:47:45.208 13835 13934 D dalvikvm: GC_FOR_ALLOC freed 197K, 6% free 10807K/11463K, paused 25ms
07-01 19:47:45.567 13835 13934 D dalvikvm: GC_FOR_ALLOC freed 197K, 6% free 10807K/11463K, paused 26ms
07-01 19:47:46.204 13835 13934 D dalvikvm: GC_FOR_ALLOC freed 200K, 6% free 10807K/11463K, paused 24ms
07-01 19:47:46.610 13835 13934 D dalvikvm: GC_FOR_ALLOC freed 197K, 6% free 10807K/11463K, paused 23ms
07-01 19:47:47.243 13835 13934 D dalvikvm: GC_FOR_ALLOC freed 197K, 6% free 10807K/11463K, paused 22ms
07-01 19:47:48.149    81   129 W AudioFlinger: write blocked for 395 msecs, 2 delayed writes, thread 0x8cd9a0
07-01 19:47:48.403 13835 13934 D dalvikvm: GC_FOR_ALLOC freed 197K, 6% free 10807K/11463K, paused 22ms
07-01 19:47:48.462 13835 13934 D dalvikvm: GC_FOR_ALLOC freed 196K, 6% free 10807K/11463K, paused 22ms
07-01 19:47:49.372 13835 13934 D dalvikvm: GC_FOR_ALLOC freed 197K, 6% free 10807K/11463K, paused 23ms
07-01 19:47:49.466 13835 13934 D dalvikvm: GC_FOR_ALLOC freed 197K, 6% free 10807K/11463K, paused 26ms
07-01 19:47:50.372 13835 13934 D dalvikvm: GC_FOR_ALLOC freed 197K, 6% free 10807K/11463K, paused 23ms
07-01 19:47:50.770 13835 13934 D dalvikvm: GC_FOR_ALLOC freed 196K, 6% free 10807K/11463K, paused 28ms
07-01 19:47:51.399 13835 13934 D dalvikvm: GC_FOR_ALLOC freed 197K, 6% free 10807K/11463K, paused 48ms
07-01 19:47:51.767 13835 13934 D dalvikvm: GC_FOR_ALLOC freed 197K, 6% free 10807K/11463K, paused 22ms
07-01 19:47:52.438 13835 13934 D dalvikvm: GC_FOR_ALLOC freed 197K, 6% free 10807K/11463K, paused 76ms
07-01 19:47:52.774 13835 13934 D dalvikvm: GC_FOR_ALLOC freed 197K, 6% free 10807K/11463K, paused 22ms
07-01 19:47:53.446 13835 13934 D dalvikvm: GC_FOR_ALLOC freed 197K, 6% free 10807K/11463K, paused 59ms
07-01 19:47:53.813 13835 13934 D dalvikvm: GC_FOR_ALLOC freed 197K, 6% free 10807K/11463K, paused 22ms
07-01 19:47:54.142   345   345 D SAN_SERVICE: *******************************************
07-01 19:47:54.142   345   345 D SAN_SERVICE: DM App Phone Service State - 0
07-01 19:47:54.142   345   345 D SAN_SERVICE: *******************************************
07-01 19:47:54.337   345   345 D SAN_SERVICE: *******************************************
07-01 19:47:54.337   345   345 D SAN_SERVICE: DM App Phone Service State - 0
07-01 19:47:54.337   345   345 D SAN_SERVICE: *******************************************
07-01 19:47:54.372 13835 13934 D dalvikvm: GC_FOR_ALLOC freed 197K, 6% free 10807K/11463K, paused 23ms
07-01 19:47:54.813 13835 13934 D dalvikvm: GC_FOR_ALLOC freed 197K, 6% free 10807K/11463K, paused 31ms
07-01 19:47:55.095   345   345 D SAN_SERVICE: *******************************************
07-01 19:47:55.099   345   345 D SAN_SERVICE: DM App Phone Service State - 0
07-01 19:47:55.099   345   345 D SAN_SERVICE: *******************************************
07-01 19:47:55.380 13835 13934 D dalvikvm: GC_FOR_ALLOC freed 200K, 6% free 10807K/11463K, paused 22ms
07-01 19:47:55.790 13835 13934 D dalvikvm: GC_FOR_ALLOC freed 197K, 6% free 10807K/11463K, paused 27ms
07-01 19:47:56.376 13835 13934 D dalvikvm: GC_FOR_ALLOC freed 197K, 6% free 10807K/11463K, paused 22ms
07-01 19:47:56.587   145   396 I ActivityManager: Start proc android.process.acore for content provider com.android.providers.contacts/.ContactsProvider2: pid=13971 uid=10000 gids={3003, 1015}
07-01 19:47:56.821   145   157 D dalvikvm: GC_EXPLICIT freed 1546K, 24% free 16546K/21639K, paused 10ms+8ms
07-01 19:47:56.856 13835 13934 D dalvikvm: GC_FOR_ALLOC freed 197K, 6% free 10807K/11463K, paused 36ms
07-01 19:47:56.907 13971 13971 I ActivityThread: Pub call_log: com.android.providers.contacts.CallLogProvider
07-01 19:47:56.989 13971 13971 I ActivityThread: Pub com.android.voicemail: com.android.providers.contacts.VoicemailContentProvider
07-01 19:47:56.997 13971 13971 I ActivityThread: Pub user_dictionary: com.android.providers.userdictionary.UserDictionaryProvider
07-01 19:47:57.032 13971 13971 I ActivityThread: Pub com.android.social: com.android.providers.contacts.SocialProvider
07-01 19:47:57.032 13971 13971 I ActivityThread: Pub applications: com.android.providers.applications.ApplicationsProvider
07-01 19:47:57.235 13971 13971 I ActivityThread: Pub contacts;com.android.contacts: com.android.providers.contacts.ContactsProvider2
07-01 19:47:57.263 13971 13972 D dalvikvm: GC_CONCURRENT freed 355K, 5% free 9181K/9607K, paused 46ms+8ms
07-01 19:47:57.407 13835 13934 D dalvikvm: GC_FOR_ALLOC freed 197K, 6% free 10807K/11463K, paused 50ms
07-01 19:47:57.649 13971 13972 D dalvikvm: GC_CONCURRENT freed 236K, 4% free 9367K/9735K, paused 7ms+3ms
07-01 19:47:57.794 13835 13934 D dalvikvm: GC_FOR_ALLOC freed 197K, 6% free 10807K/11463K, paused 28ms
07-01 19:47:58.380 13835 13934 D dalvikvm: GC_FOR_ALLOC freed 197K, 6% free 10807K/11463K, paused 27ms
07-01 19:47:58.833 13835 13934 D dalvikvm: GC_FOR_ALLOC freed 197K, 6% free 10807K/11463K, paused 53ms
07-01 19:47:58.958 13971 13972 D dalvikvm: GC_CONCURRENT freed 174K, 4% free 9619K/9927K, paused 2ms+2ms
07-01 19:47:59.411 13835 13934 D dalvikvm: GC_FOR_ALLOC freed 197K, 6% free 10807K/11463K, paused 52ms
07-01 19:47:59.837 13835 13934 D dalvikvm: GC_FOR_ALLOC freed 197K, 6% free 10807K/11463K, paused 62ms
07-01 19:48:00.392 13835 13934 D dalvikvm: GC_FOR_ALLOC freed 197K, 6% free 10807K/11463K, paused 32ms
07-01 19:48:00.614    81   129 W AudioTrack: stepServer() could not lock cblk
07-01 19:48:00.958 13835 13934 D dalvikvm: GC_FOR_ALLOC freed 196K, 6% free 10807K/11463K, paused 36ms
07-01 19:48:01.411 13835 13934 D dalvikvm: GC_FOR_ALLOC freed 197K, 6% free 10807K/11463K, paused 48ms
07-01 19:48:01.997 13835 13934 D dalvikvm: GC_FOR_ALLOC freed 197K, 6% free 10807K/11463K, paused 40ms
07-01 19:48:02.388 13835 13934 D dalvikvm: GC_FOR_ALLOC freed 197K, 6% free 10807K/11463K, paused 29ms
07-01 19:48:02.970 13835 13934 D dalvikvm: GC_FOR_ALLOC freed 197K, 6% free 10807K/11463K, paused 23ms
07-01 19:48:03.388 13835 13934 D dalvikvm: GC_FOR_ALLOC freed 197K, 6% free 10807K/11463K, paused 22ms
07-01 19:48:04.005 13835 13934 D dalvikvm: GC_FOR_ALLOC freed 200K, 6% free 10807K/11463K, paused 49ms
07-01 19:48:04.388 13835 13934 D dalvikvm: GC_FOR_ALLOC freed 197K, 6% free 10807K/11463K, paused 24ms
07-01 19:48:04.985 13835 13934 D dalvikvm: GC_FOR_ALLOC freed 197K, 6% free 10807K/11463K, paused 23ms
07-01 19:48:05.388 13835 13934 D dalvikvm: GC_FOR_ALLOC freed 197K, 6% free 10807K/11463K, paused 22ms
07-01 19:48:06.001   345   345 D SAN_SERVICE: *******************************************
07-01 19:48:06.001   345   345 D SAN_SERVICE: DM App Phone Service State - 0
07-01 19:48:06.001   345   345 D SAN_SERVICE: *******************************************
07-01 19:48:06.024 13835 13934 D dalvikvm: GC_FOR_ALLOC freed 197K, 6% free 10807K/11463K, paused 35ms
07-01 19:48:06.392 13835 13934 D dalvikvm: GC_FOR_ALLOC freed 197K, 6% free 10807K/11463K, paused 24ms
07-01 19:48:06.813   345   345 D SAN_SERVICE: *******************************************
07-01 19:48:06.813   345   345 D SAN_SERVICE: DM App Phone Service State - 0
07-01 19:48:06.817   345   345 D SAN_SERVICE: *******************************************
07-01 19:48:07.130   345   347 D dalvikvm: GC_CONCURRENT freed 725K, 9% free 11663K/12679K, paused 152ms+8ms
07-01 19:48:07.145 13835 13934 D dalvikvm: GC_FOR_ALLOC freed 196K, 6% free 10807K/11463K, paused 95ms
07-01 19:48:07.392 13835 13934 D dalvikvm: GC_FOR_ALLOC freed 197K, 6% free 10807K/11463K, paused 21ms
07-01 19:48:08.114 13835 13934 D dalvikvm: GC_FOR_ALLOC freed 197K, 6% free 10807K/11463K, paused 57ms
07-01 19:48:08.395 13835 13934 D dalvikvm: GC_FOR_ALLOC freed 197K, 6% free 10807K/11463K, paused 22ms
07-01 19:48:09.134 13835 13934 D dalvikvm: GC_FOR_ALLOC freed 197K, 6% free 10807K/11463K, paused 60ms
07-01 19:48:09.403 13835 13934 D dalvikvm: GC_FOR_ALLOC freed 197K, 6% free 10807K/11463K, paused 23ms
07-01 19:48:10.071 13835 13934 D dalvikvm: GC_FOR_ALLOC freed 197K, 6% free 10807K/11463K, paused 23ms
07-01 19:48:10.454 13835 13934 D dalvikvm: GC_FOR_ALLOC freed 197K, 6% free 10807K/11463K, paused 67ms
07-01 19:48:11.106 13835 13934 D dalvikvm: GC_FOR_ALLOC freed 197K, 6% free 10807K/11463K, paused 54ms
07-01 19:48:11.403 13835 13934 D dalvikvm: GC_FOR_ALLOC freed 197K, 6% free 10807K/11463K, paused 22ms
07-01 19:48:12.095 13835 13934 D dalvikvm: GC_FOR_ALLOC freed 197K, 6% free 10807K/11463K, paused 38ms
07-01 19:48:12.743    81   129 W AudioTrack: stepServer() could not lock cblk
07-01 19:48:12.892 13835 13934 D dalvikvm: GC_FOR_ALLOC freed 200K, 6% free 10807K/11463K, paused 22ms
07-01 19:48:13.114 13835 13934 D dalvikvm: GC_FOR_ALLOC freed 197K, 6% free 10807K/11463K, paused 63ms
07-01 19:48:13.907 13835 13934 D dalvikvm: GC_FOR_ALLOC freed 197K, 6% free 10807K/11463K, paused 33ms
07-01 19:48:14.130 13835 13934 D dalvikvm: GC_FOR_ALLOC freed 197K, 6% free 10807K/11463K, paused 22ms
07-01 19:48:14.610   345   345 D SAN_SERVICE: *******************************************
07-01 19:48:14.610   345   345 D SAN_SERVICE: DM App Phone Service State - 0
07-01 19:48:14.610   345   345 D SAN_SERVICE: *******************************************
07-01 19:48:14.841   345   345 D SAN_SERVICE: *******************************************
07-01 19:48:14.841   345   345 D SAN_SERVICE: DM App Phone Service State - 0
07-01 19:48:14.841   345   345 D SAN_SERVICE: *******************************************
07-01 19:48:14.880 13835 13934 D dalvikvm: GC_FOR_ALLOC freed 197K, 6% free 10807K/11463K, paused 22ms
07-01 19:48:15.126 13835 13934 D dalvikvm: GC_FOR_ALLOC freed 197K, 6% free 10807K/11463K, paused 22ms
07-01 19:48:15.618   345   345 D SAN_SERVICE: *******************************************
07-01 19:48:15.618   345   345 D SAN_SERVICE: DM App Phone Service State - 0
07-01 19:48:15.618   345   345 D SAN_SERVICE: *******************************************
07-01 19:48:15.962 13835 13934 D dalvikvm: GC_FOR_ALLOC freed 197K, 6% free 10807K/11463K, paused 26ms
07-01 19:48:16.212 13835 13934 D dalvikvm: GC_FOR_ALLOC freed 196K, 6% free 10807K/11463K, paused 26ms
07-01 19:48:16.970 13835 13934 D dalvikvm: GC_FOR_ALLOC freed 197K, 6% free 10807K/11463K, paused 45ms
07-01 19:48:17.274 13835 13934 D dalvikvm: GC_FOR_ALLOC freed 197K, 6% free 10807K/11463K, paused 24ms
07-01 19:48:18.017 13835 13934 D dalvikvm: GC_FOR_ALLOC freed 197K, 6% free 10807K/11463K, paused 28ms
07-01 19:48:18.267 13835 13934 D dalvikvm: GC_FOR_ALLOC freed 197K, 6% free 10807K/11463K, paused 46ms
07-01 19:48:19.067 13835 13934 D dalvikvm: GC_FOR_ALLOC freed 197K, 6% free 10807K/11463K, paused 74ms
07-01 19:48:19.227 13835 13934 D dalvikvm: GC_FOR_ALLOC freed 197K, 6% free 10807K/11463K, paused 48ms
07-01 19:48:20.013 13835 13934 D dalvikvm: GC_FOR_ALLOC freed 197K, 6% free 10807K/11463K, paused 33ms
07-01 19:48:20.255 13835 13934 D dalvikvm: GC_FOR_ALLOC freed 197K, 6% free 10807K/11463K, paused 23ms
07-01 19:48:21.005 13835 13934 D dalvikvm: GC_FOR_ALLOC freed 197K, 6% free 10807K/11463K, paused 24ms
07-01 19:48:21.263 13835 13934 D dalvikvm: GC_FOR_ALLOC freed 200K, 6% free 10807K/11463K, paused 75ms
07-01 19:48:22.005 13835 13934 D dalvikvm: GC_FOR_ALLOC freed 197K, 6% free 10807K/11463K, paused 24ms
07-01 19:48:22.235 13835 13934 D dalvikvm: GC_FOR_ALLOC freed 197K, 6% free 10807K/11463K, paused 44ms
07-01 19:48:23.106 13835 13934 D dalvikvm: GC_FOR_ALLOC freed 197K, 6% free 10807K/11463K, paused 22ms
07-01 19:48:23.263 13835 13934 D dalvikvm: GC_FOR_ALLOC freed 197K, 6% free 10807K/11463K, paused 44ms
07-01 19:48:24.259 13835 13934 D dalvikvm: GC_FOR_ALLOC freed 197K, 6% free 10807K/11463K, paused 24ms
07-01 19:48:24.321 13835 13934 D dalvikvm: GC_FOR_ALLOC freed 196K, 6% free 10807K/11463K, paused 23ms
07-01 19:48:25.329 13835 13934 D dalvikvm: GC_FOR_ALLOC freed 197K, 6% free 10807K/11463K, paused 22ms
07-01 19:48:25.388 13835 13934 D dalvikvm: GC_FOR_ALLOC freed 196K, 6% free 10807K/11463K, paused 22ms
07-01 19:48:26.302 13835 13934 D dalvikvm: GC_FOR_ALLOC freed 197K, 6% free 10807K/11463K, paused 50ms
07-01 19:48:26.395 13835 13934 D dalvikvm: GC_FOR_ALLOC freed 197K, 6% free 10807K/11463K, paused 26ms
07-01 19:48:27.321 13835 13934 D dalvikvm: GC_FOR_ALLOC freed 197K, 6% free 10807K/11463K, paused 25ms
07-01 19:48:27.438 13835 13934 D dalvikvm: GC_FOR_ALLOC freed 196K, 6% free 10807K/11463K, paused 24ms
07-01 19:48:28.298 13835 13934 D dalvikvm: GC_FOR_ALLOC freed 197K, 6% free 10807K/11463K, paused 22ms
07-01 19:48:28.552 13835 13934 D dalvikvm: GC_FOR_ALLOC freed 197K, 6% free 10807K/11463K, paused 22ms
07-01 19:48:29.298 13835 13934 D dalvikvm: GC_FOR_ALLOC freed 197K, 6% free 10807K/11463K, paused 21ms
07-01 19:48:29.528 13835 13934 D dalvikvm: GC_FOR_ALLOC freed 197K, 6% free 10807K/11463K, paused 22ms
07-01 19:48:29.974   345   345 D SAN_SERVICE: *******************************************
07-01 19:48:29.974   345   345 D SAN_SERVICE: DM App Phone Service State - 0
07-01 19:48:29.974   345   345 D SAN_SERVICE: *******************************************
07-01 19:48:30.024 11249 11250 D dalvikvm: GC_CONCURRENT freed 392K, 6% free 10435K/11079K, paused 2ms+2ms
07-01 19:48:30.177   345   345 D SAN_SERVICE: *******************************************
07-01 19:48:30.177   345   345 D SAN_SERVICE: DM App Phone Service State - 0
07-01 19:48:30.177   345   345 D SAN_SERVICE: *******************************************
07-01 19:48:30.298 13835 13934 D dalvikvm: GC_FOR_ALLOC freed 200K, 6% free 10807K/11463K, paused 39ms
07-01 19:48:30.513 13835 13934 D dalvikvm: GC_FOR_ALLOC freed 197K, 6% free 10807K/11463K, paused 70ms
07-01 19:48:30.700   345   345 D SAN_SERVICE: *******************************************
07-01 19:48:30.700   345   345 D SAN_SERVICE: DM App Phone Service State - 0
07-01 19:48:30.700   345   345 D SAN_SERVICE: *******************************************
07-01 19:48:31.423 13835 13934 D dalvikvm: GC_FOR_ALLOC freed 197K, 6% free 10807K/11463K, paused 22ms
07-01 19:48:31.493 13835 13934 D dalvikvm: GC_FOR_ALLOC freed 196K, 6% free 10807K/11463K, paused 22ms
07-01 19:48:32.544 13835 13934 D dalvikvm: GC_FOR_ALLOC freed 197K, 6% free 10807K/11463K, paused 22ms
07-01 19:48:32.602 13835 13934 D dalvikvm: GC_FOR_ALLOC freed 196K, 6% free 10807K/11463K, paused 22ms
07-01 19:48:33.567 13835 13934 D dalvikvm: GC_FOR_ALLOC freed 197K, 6% free 10807K/11463K, paused 27ms
07-01 19:48:33.626 13835 13934 D dalvikvm: GC_FOR_ALLOC freed 196K, 6% free 10807K/11463K, paused 22ms
07-01 19:48:34.513 13835 13934 D dalvikvm: GC_FOR_ALLOC freed 197K, 6% free 10807K/11463K, paused 23ms
07-01 19:48:34.716 13835 13934 D dalvikvm: GC_FOR_ALLOC freed 197K, 6% free 10807K/11463K, paused 54ms
07-01 19:48:35.063   145   147 D dalvikvm: GC_CONCURRENT freed 1742K, 24% free 16561K/21639K, paused 10ms+9ms
07-01 19:48:35.485 13835 13934 D dalvikvm: GC_FOR_ALLOC freed 197K, 6% free 10807K/11463K, paused 22ms
07-01 19:48:35.708 13835 13934 D dalvikvm: GC_FOR_ALLOC freed 197K, 6% free 10807K/11463K, paused 88ms
07-01 19:48:36.505 13835 13934 D dalvikvm: GC_FOR_ALLOC freed 197K, 6% free 10807K/11463K, paused 22ms
07-01 19:48:36.661 13835 13934 D dalvikvm: GC_FOR_ALLOC freed 197K, 6% free 10807K/11463K, paused 53ms
07-01 19:48:37.552 13835 13934 D dalvikvm: GC_FOR_ALLOC freed 197K, 6% free 10807K/11463K, paused 36ms
07-01 19:48:39.083 13835 13934 D dalvikvm: GC_FOR_ALLOC freed 197K, 6% free 10807K/11463K, paused 27ms
07-01 19:48:39.161 13835 13934 D dalvikvm: GC_FOR_ALLOC freed 196K, 6% free 10807K/11463K, paused 25ms
07-01 19:48:40.110 13835 13934 D dalvikvm: GC_FOR_ALLOC freed 200K, 6% free 10807K/11463K, paused 32ms
07-01 19:48:40.165 13835 13934 D dalvikvm: GC_FOR_ALLOC freed 196K, 6% free 10807K/11463K, paused 22ms
07-01 19:48:41.122 13835 13934 D dalvikvm: GC_FOR_ALLOC freed 197K, 6% free 10807K/11463K, paused 22ms
07-01 19:48:41.177 13835 13934 D dalvikvm: GC_FOR_ALLOC freed 196K, 6% free 10807K/11463K, paused 22ms
07-01 19:48:42.083 13835 13934 D dalvikvm: GC_FOR_ALLOC freed 197K, 6% free 10807K/11463K, paused 22ms
07-01 19:48:42.196 13835 13934 D dalvikvm: GC_FOR_ALLOC freed 197K, 6% free 10807K/11463K, paused 40ms
07-01 19:48:43.102 13835 13934 D dalvikvm: GC_FOR_ALLOC freed 197K, 6% free 10807K/11463K, paused 29ms
07-01 19:48:43.177 13835 13934 D dalvikvm: GC_FOR_ALLOC freed 197K, 6% free 10807K/11463K, paused 22ms
07-01 19:48:44.149 13835 13934 D dalvikvm: GC_FOR_ALLOC freed 197K, 6% free 10807K/11463K, paused 22ms
07-01 19:48:44.212 13835 13934 D dalvikvm: GC_FOR_ALLOC freed 196K, 6% free 10807K/11463K, paused 26ms
07-01 19:48:44.356   145   175 I ActivityManager: Start proc com.twitter.android for service com.twitter.android/.client.AppService: pid=13993 uid=10064 gids={3003, 1015}
07-01 19:48:44.431 13993 13993 I dalvikvm: Turning on JNI app bug workarounds for target SDK version 11...
07-01 19:48:44.708 13993 13993 I ActivityThread: Pub com.twitter.android.provider.GlobalDatabaseProvider: com.twitter.android.provider.GlobalDatabaseProvider
07-01 19:48:44.712 13993 13993 I ActivityThread: Pub com.twitter.android.provider.TwitterProvider: com.twitter.android.provider.TwitterProvider
07-01 19:48:44.860 13993 13994 D dalvikvm: GC_CONCURRENT freed 194K, 4% free 9289K/9607K, paused 17ms+3ms
07-01 19:48:45.122 13835 13934 D dalvikvm: GC_FOR_ALLOC freed 197K, 6% free 10807K/11463K, paused 45ms
07-01 19:48:45.224 13835 13934 D dalvikvm: GC_FOR_ALLOC freed 196K, 6% free 10807K/11463K, paused 27ms
07-01 19:48:45.278   345   345 D SAN_SERVICE: *******************************************
07-01 19:48:45.278   345   345 D SAN_SERVICE: DM App Phone Service State - 0
07-01 19:48:45.278   345   345 D SAN_SERVICE: *******************************************
07-01 19:48:45.415 13993 13994 D dalvikvm: GC_CONCURRENT freed 226K, 4% free 9507K/9863K, paused 4ms+5ms
07-01 19:48:45.559   345   345 D SAN_SERVICE: *******************************************
07-01 19:48:45.559   345   345 D SAN_SERVICE: DM App Phone Service State - 0
07-01 19:48:45.559   345   345 D SAN_SERVICE: *******************************************
07-01 19:48:45.579 13993 13994 D dalvikvm: GC_CONCURRENT freed 293K, 5% free 9633K/10055K, paused 3ms+2ms
07-01 19:48:45.712 13993 13994 D dalvikvm: GC_CONCURRENT freed 296K, 5% free 9764K/10183K, paused 2ms+1ms
07-01 19:48:45.864 13993 13994 D dalvikvm: GC_CONCURRENT freed 298K, 5% free 9885K/10311K, paused 2ms+2ms
07-01 19:48:46.044 13993 13994 D dalvikvm: GC_CONCURRENT freed 296K, 5% free 10014K/10439K, paused 1ms+1ms
07-01 19:48:46.063   345   345 D SAN_SERVICE: *******************************************
07-01 19:48:46.063   345   345 D SAN_SERVICE: DM App Phone Service State - 0
07-01 19:48:46.063   345   345 D SAN_SERVICE: *******************************************
07-01 19:48:46.110 13835 13934 D dalvikvm: GC_FOR_ALLOC freed 197K, 6% free 10807K/11463K, paused 34ms
07-01 19:48:46.216 13835 13934 D dalvikvm: GC_FOR_ALLOC freed 196K, 6% free 10807K/11463K, paused 23ms
07-01 19:48:46.321 13993 13994 D dalvikvm: GC_CONCURRENT freed 303K, 5% free 10143K/10567K, paused 2ms+2ms
07-01 19:48:46.481 13993 13994 D dalvikvm: GC_CONCURRENT freed 298K, 4% free 10278K/10695K, paused 2ms+2ms
07-01 19:48:46.684 13993 13994 D dalvikvm: GC_CONCURRENT freed 482K, 6% free 10218K/10823K, paused 2ms+4ms
07-01 19:48:46.829 13993 13994 D dalvikvm: GC_CONCURRENT freed 330K, 5% free 10295K/10823K, paused 4ms+4ms
07-01 19:48:47.017 13993 13994 D dalvikvm: GC_CONCURRENT freed 318K, 5% free 10386K/10823K, paused 3ms+3ms
07-01 19:48:47.130 13835 13934 D dalvikvm: GC_FOR_ALLOC freed 197K, 6% free 10807K/11463K, paused 32ms
07-01 19:48:47.274 13835 13934 D dalvikvm: GC_FOR_ALLOC freed 196K, 6% free 10807K/11463K, paused 23ms
07-01 19:48:47.403 13993 13994 D dalvikvm: GC_CONCURRENT freed 364K, 5% free 10469K/10951K, paused 1ms+6ms
07-01 19:48:47.559 13993 13994 D dalvikvm: GC_CONCURRENT freed 339K, 5% free 10555K/11015K, paused 3ms+3ms
07-01 19:48:47.724 13993 13994 D dalvikvm: GC_CONCURRENT freed 326K, 5% free 10632K/11079K, paused 2ms+3ms
07-01 19:48:47.864 13993 13994 D dalvikvm: GC_CONCURRENT freed 368K, 5% free 10718K/11207K, paused 1ms+1ms
07-01 19:48:48.024 13993 13994 D dalvikvm: GC_CONCURRENT freed 400K, 5% free 10812K/11335K, paused 2ms+2ms
07-01 19:48:48.145 13835 13934 D dalvikvm: GC_FOR_ALLOC freed 197K, 6% free 10807K/11463K, paused 54ms
07-01 19:48:48.302 13835 13934 D dalvikvm: GC_FOR_ALLOC freed 198K, 6% free 10809K/11463K, paused 25ms
07-01 19:48:49.110 13835 13934 D dalvikvm: GC_FOR_ALLOC freed 198K, 6% free 10807K/11463K, paused 22ms
07-01 19:48:49.337 13835 13934 D dalvikvm: GC_FOR_ALLOC freed 197K, 6% free 10807K/11463K, paused 23ms
07-01 19:48:49.470 13993 13994 D dalvikvm: GC_CONCURRENT freed 343K, 5% free 11001K/11463K, paused 2ms+2ms
07-01 19:48:50.110 13835 13934 D dalvikvm: GC_FOR_ALLOC freed 197K, 6% free 10807K/11463K, paused 23ms
07-01 19:48:50.302 13835 13934 D dalvikvm: GC_FOR_ALLOC freed 197K, 6% free 10807K/11463K, paused 25ms
07-01 19:48:51.110 13835 13934 D dalvikvm: GC_FOR_ALLOC freed 197K, 6% free 10807K/11463K, paused 21ms
07-01 19:48:51.349 13835 13934 D dalvikvm: GC_FOR_ALLOC freed 197K, 6% free 10807K/11463K, paused 29ms
07-01 19:48:52.220 13835 13934 D dalvikvm: GC_FOR_ALLOC freed 197K, 6% free 10807K/11463K, paused 25ms
07-01 19:48:52.325 13835 13934 D dalvikvm: GC_FOR_ALLOC freed 196K, 6% free 10807K/11463K, paused 26ms
07-01 19:48:52.481 13993 13994 D dalvikvm: GC_CONCURRENT freed 473K, 6% free 11113K/11719K, paused 3ms+4ms
07-01 19:48:53.134 13835 13934 D dalvikvm: GC_FOR_ALLOC freed 197K, 6% free 10807K/11463K, paused 25ms
07-01 19:48:53.325 13835 13934 D dalvikvm: GC_FOR_ALLOC freed 197K, 6% free 10807K/11463K, paused 25ms
07-01 19:48:54.126 13835 13934 D dalvikvm: GC_FOR_ALLOC freed 197K, 6% free 10807K/11463K, paused 26ms
07-01 19:48:54.458 13835 13934 D dalvikvm: GC_FOR_ALLOC freed 196K, 6% free 10807K/11463K, paused 30ms
07-01 19:48:55.153 13835 13934 D dalvikvm: GC_FOR_ALLOC freed 197K, 6% free 10807K/11463K, paused 26ms
07-01 19:48:55.399 13835 13934 D dalvikvm: GC_FOR_ALLOC freed 197K, 6% free 10807K/11463K, paused 69ms
07-01 19:48:56.181 13835 13934 D dalvikvm: GC_FOR_ALLOC freed 197K, 6% free 10807K/11463K, paused 23ms
07-01 19:48:56.380 13835 13934 D dalvikvm: GC_FOR_ALLOC freed 197K, 6% free 10807K/11463K, paused 22ms
07-01 19:48:57.427 13835 13934 D dalvikvm: GC_FOR_ALLOC freed 200K, 6% free 10807K/11463K, paused 29ms
07-01 19:48:57.489 13835 13934 D dalvikvm: GC_FOR_ALLOC freed 196K, 6% free 10807K/11463K, paused 22ms
07-01 19:48:58.384 13835 13934 D dalvikvm: GC_FOR_ALLOC freed 197K, 6% free 10807K/11463K, paused 22ms
07-01 19:48:58.493 13835 13934 D dalvikvm: GC_FOR_ALLOC freed 197K, 6% free 10807K/11463K, paused 26ms
07-01 19:48:59.392 13835 13934 D dalvikvm: GC_FOR_ALLOC freed 197K, 6% free 10807K/11463K, paused 38ms
07-01 19:48:59.493 13835 13934 D dalvikvm: GC_FOR_ALLOC freed 197K, 6% free 10807K/11463K, paused 29ms
07-01 19:49:00.423 13835 13934 D dalvikvm: GC_FOR_ALLOC freed 197K, 6% free 10807K/11463K, paused 60ms
07-01 19:49:00.645   345   345 D SAN_SERVICE: *******************************************
07-01 19:49:00.645   345   345 D SAN_SERVICE: DM App Phone Service State - 0
07-01 19:49:00.645   345   345 D SAN_SERVICE: *******************************************
07-01 19:49:00.938   345   345 D SAN_SERVICE: *******************************************
07-01 19:49:00.938   345   345 D SAN_SERVICE: DM App Phone Service State - 0
07-01 19:49:00.938   345   345 D SAN_SERVICE: *******************************************
07-01 19:49:01.317 11336 11349 I PhoneLab-: Service Running
07-01 19:49:01.423   345   345 D SAN_SERVICE: *******************************************
07-01 19:49:01.423   345   345 D SAN_SERVICE: DM App Phone Service State - 0
07-01 19:49:01.423   345   345 D SAN_SERVICE: *******************************************
07-01 19:49:01.427 13835 13934 D dalvikvm: GC_FOR_ALLOC freed 440K, 7% free 10679K/11463K, paused 77ms
07-01 19:49:01.466 11336 11349 I PhoneLab-LoggerService: app_37    1360  1     1436   996   c00f181c 400107b4 S logcat
07-01 19:49:01.466 11336 11349 I PhoneLab-LoggerService: Logcat pid from database 1360
07-01 19:49:01.466 11336 11349 I PhoneLab-LoggerService: Logcat process found 1360
07-01 19:49:01.470 11336 11349 I PhoneLab-LoggerService: Checking Threshold
07-01 19:49:01.470 11336 11349 I PhoneLab-LoggerService: Starting to rename files
07-01 19:49:01.470 11336 11349 I PhoneLab-LoggerService: Files found .. 2
07-01 19:49:02.454 13835 13934 D dalvikvm: GC_FOR_ALLOC freed 404K, 7% free 10678K/11463K, paused 32ms
07-01 19:49:03.450 13835 13837 D dalvikvm: GC_CONCURRENT freed 412K, 7% free 10690K/11463K, paused 5ms+3ms
07-01 19:49:04.407 13835 13934 D dalvikvm: GC_FOR_ALLOC freed 405K, 7% free 10684K/11463K, paused 47ms
07-01 19:49:04.645    81   129 W AudioTrack: stepServer() could not lock cblk
07-01 19:49:05.458 13835 13934 D dalvikvm: GC_FOR_ALLOC freed 412K, 7% free 10690K/11463K, paused 84ms
07-01 19:49:06.153    81   129 W AudioTrack: stepServer() could not lock cblk
07-01 19:49:06.345 13835 13837 D dalvikvm: GC_CONCURRENT freed 276K, 6% free 10851K/11463K, paused 2ms+3ms
07-01 19:49:07.360 13835 13934 D dalvikvm: GC_FOR_ALLOC freed 449K, 7% free 10794K/11591K, paused 22ms
07-01 19:49:08.528 13835 13934 D dalvikvm: GC_FOR_ALLOC freed 406K, 8% free 10741K/11591K, paused 22ms
07-01 19:49:09.774 13835 13837 D dalvikvm: GC_CONCURRENT freed 407K, 7% free 10804K/11591K, paused 3ms+3ms
07-01 19:49:11.142 13835 13934 D dalvikvm: GC_FOR_ALLOC freed 431K, 8% free 10732K/11591K, paused 47ms
07-01 19:49:12.216 13835 13837 D dalvikvm: GC_CONCURRENT freed 409K, 7% free 10787K/11591K, paused 26ms+2ms
07-01 19:49:13.153 13835 13934 D dalvikvm: GC_FOR_ALLOC freed 416K, 7% free 10788K/11591K, paused 22ms
07-01 19:49:14.130 13835 13934 D dalvikvm: GC_FOR_ALLOC freed 409K, 7% free 10788K/11591K, paused 22ms
07-01 19:49:15.372 13835 13837 D dalvikvm: GC_CONCURRENT freed 528K, 8% free 10723K/11591K, paused 4ms+5ms
07-01 19:49:16.118 13246 13248 D dalvikvm: GC_CONCURRENT freed 555K, 7% free 10128K/10887K, paused 6ms+8ms
07-01 19:49:16.462 13835 13837 D dalvikvm: GC_CONCURRENT freed 478K, 8% free 10697K/11591K, paused 2ms+15ms
07-01 19:49:18.040 13835 13837 D dalvikvm: GC_CONCURRENT freed 452K, 8% free 10684K/11591K, paused 7ms+9ms
07-01 19:49:19.376   145   147 D dalvikvm: GC_CONCURRENT freed 1750K, 24% free 16577K/21639K, paused 8ms+7ms
07-01 19:49:19.411 13835 13837 D dalvikvm: GC_CONCURRENT freed 410K, 8% free 10741K/11591K, paused 3ms+3ms
07-01 19:49:20.321 13835 13934 D dalvikvm: GC_FOR_ALLOC freed 403K, 8% free 10741K/11591K, paused 42ms
07-01 19:49:21.153   345   345 D SAN_SERVICE: *******************************************
07-01 19:49:21.157   345   345 D SAN_SERVICE: DM App Phone Service State - 0
07-01 19:49:21.157   345   345 D SAN_SERVICE: *******************************************
07-01 19:49:21.368 13835 13837 D dalvikvm: GC_CONCURRENT freed 406K, 7% free 10782K/11591K, paused 3ms+3ms
07-01 19:49:21.661   345   345 D SAN_SERVICE: *******************************************
07-01 19:49:21.661   345   345 D SAN_SERVICE: DM App Phone Service State - 0
07-01 19:49:21.661   345   345 D SAN_SERVICE: *******************************************
07-01 19:49:22.606 13835 13934 D dalvikvm: GC_FOR_ALLOC freed 406K, 8% free 10741K/11591K, paused 22ms
07-01 19:49:23.642 13835 13934 D dalvikvm: GC_FOR_ALLOC freed 403K, 8% free 10739K/11591K, paused 46ms
07-01 19:49:25.341 13835 13837 D dalvikvm: GC_CONCURRENT freed 440K, 8% free 10761K/11591K, paused 2ms+3ms
07-01 19:49:26.888 13835 13837 D dalvikvm: GC_CONCURRENT freed 534K, 8% free 10709K/11591K, paused 19ms+3ms
07-01 19:49:28.005 13835 13837 D dalvikvm: GC_CONCURRENT freed 446K, 8% free 10760K/11591K, paused 26ms+2ms
07-01 19:49:29.184 13835 13837 D dalvikvm: GC_CONCURRENT freed 520K, 8% free 10704K/11591K, paused 27ms+3ms
07-01 19:49:30.251 13835 13837 D dalvikvm: GC_CONCURRENT freed 459K, 8% free 10759K/11591K, paused 2ms+3ms
07-01 19:49:31.450 13835 13837 D dalvikvm: GC_CONCURRENT freed 519K, 8% free 10735K/11591K, paused 71ms+3ms
07-01 19:49:32.731 13835 13837 D dalvikvm: GC_CONCURRENT freed 484K, 8% free 10704K/11591K, paused 27ms+7ms
07-01 19:49:33.614 13835 13837 D dalvikvm: GC_CONCURRENT freed 443K, 8% free 10704K/11591K, paused 25ms+2ms
07-01 19:49:35.243 13835 13837 D dalvikvm: GC_CONCURRENT freed 453K, 8% free 10684K/11591K, paused 3ms+3ms
07-01 19:49:36.493   345   345 D SAN_SERVICE: *******************************************
07-01 19:49:36.493   345   345 D SAN_SERVICE: DM App Phone Service State - 0
07-01 19:49:36.493   345   345 D SAN_SERVICE: *******************************************
07-01 19:49:36.688   145   200 D DhcpInfoInternal: makeLinkProperties with empty dns2!
07-01 19:49:36.688   145   200 D DhcpInfoInternal: makeLinkProperties with empty dns2!
07-01 19:49:36.727 13835 13837 D dalvikvm: GC_CONCURRENT freed 411K, 8% free 10735K/11591K, paused 3ms+3ms
07-01 19:49:36.751   345   345 D SAN_SERVICE: *******************************************
07-01 19:49:36.751   345   345 D SAN_SERVICE: DM App Phone Service State - 0
07-01 19:49:36.751   345   345 D SAN_SERVICE: *******************************************
07-01 19:49:37.005   345   345 D SAN_SERVICE: *******************************************
07-01 19:49:37.005   345   345 D SAN_SERVICE: DM App Phone Service State - 0
07-01 19:49:37.005   345   345 D SAN_SERVICE: *******************************************
07-01 19:49:37.720 13835 13837 D dalvikvm: GC_CONCURRENT freed 445K, 8% free 10735K/11591K, paused 2ms+2ms
07-01 19:49:38.739 13835 13837 D dalvikvm: GC_CONCURRENT freed 444K, 8% free 10735K/11591K, paused 2ms+3ms
07-01 19:49:39.532    81   129 W AudioTrack: stepServer() could not lock cblk
07-01 19:49:40.059 13835 13837 D dalvikvm: GC_CONCURRENT freed 503K, 8% free 10731K/11591K, paused 7ms+2ms
07-01 19:49:41.431 13835 13837 D dalvikvm: GC_CONCURRENT freed 483K, 8% free 10692K/11591K, paused 62ms+2ms
07-01 19:49:42.638 13835 13837 D dalvikvm: GC_CONCURRENT freed 428K, 8% free 10742K/11591K, paused 50ms+2ms
07-01 19:49:43.587 13835 13934 D dalvikvm: GC_FOR_ALLOC freed 422K, 8% free 10742K/11591K, paused 22ms
07-01 19:49:44.735 13835 13837 D dalvikvm: GC_CONCURRENT freed 426K, 7% free 10807K/11591K, paused 3ms+5ms
07-01 19:49:45.743 13835 13934 D dalvikvm: GC_FOR_ALLOC freed 412K, 8% free 10742K/11591K, paused 82ms
07-01 19:49:46.786   345   345 D SAN_SERVICE: *******************************************
07-01 19:49:46.786   345   345 D SAN_SERVICE: DM App Phone Service State - 0
07-01 19:49:46.786   345   345 D SAN_SERVICE: *******************************************
07-01 19:49:46.833 13835 13837 D dalvikvm: GC_CONCURRENT freed 409K, 7% free 10807K/11591K, paused 5ms+2ms
07-01 19:49:46.981   345   345 D SAN_SERVICE: *******************************************
07-01 19:49:46.981   345   345 D SAN_SERVICE: DM App Phone Service State - 0
07-01 19:49:46.985   345   345 D SAN_SERVICE: *******************************************
07-01 19:49:47.751   345   345 D SAN_SERVICE: *******************************************
07-01 19:49:47.755   345   345 D SAN_SERVICE: DM App Phone Service State - 0
07-01 19:49:47.755   345   345 D SAN_SERVICE: *******************************************
07-01 19:49:48.056 13835 13934 D dalvikvm: GC_FOR_ALLOC freed 503K, 8% free 10712K/11591K, paused 22ms
07-01 19:49:48.903 13835 13837 D dalvikvm: GC_CONCURRENT freed 466K, 8% free 10697K/11591K, paused 3ms+3ms
07-01 19:49:50.099 13835 13837 D dalvikvm: GC_CONCURRENT freed 419K, 8% free 10778K/11591K, paused 2ms+3ms
07-01 19:49:51.216 13835 13934 D dalvikvm: GC_FOR_ALLOC freed 529K, 8% free 10678K/11591K, paused 31ms
07-01 19:49:52.591 13835 13837 D dalvikvm: GC_CONCURRENT freed 310K, 7% free 10870K/11591K, paused 2ms+79ms
07-01 19:49:53.493 13835 13934 D dalvikvm: GC_FOR_ALLOC freed 404K, 8% free 10741K/11591K, paused 24ms
07-01 19:49:54.606 13835 13934 D dalvikvm: GC_FOR_ALLOC freed 404K, 8% free 10741K/11591K, paused 22ms
07-01 19:49:55.731 13835 13837 D dalvikvm: GC_CONCURRENT freed 418K, 7% free 10803K/11591K, paused 2ms+3ms
07-01 19:49:56.931   345   345 D SAN_SERVICE: *******************************************
07-01 19:49:56.931   345   345 D SAN_SERVICE: DM App Phone Service State - 0
07-01 19:49:56.931   345   345 D SAN_SERVICE: *******************************************
07-01 19:49:56.934 13835 13934 D dalvikvm: GC_FOR_ALLOC freed 409K, 8% free 10741K/11591K, paused 43ms
07-01 19:49:57.227   345   345 D SAN_SERVICE: *******************************************
07-01 19:49:57.227   345   345 D SAN_SERVICE: DM App Phone Service State - 0
07-01 19:49:57.227   345   345 D SAN_SERVICE: *******************************************
07-01 19:49:57.485   345   345 D SAN_SERVICE: *******************************************
07-01 19:49:57.485   345   345 D SAN_SERVICE: DM App Phone Service State - 0
07-01 19:49:57.485   345   345 D SAN_SERVICE: *******************************************
07-01 19:49:58.106 13835 13837 D dalvikvm: GC_CONCURRENT freed 407K, 7% free 10804K/11591K, paused 2ms+3ms
07-01 19:49:59.099 13835 13934 D dalvikvm: GC_FOR_ALLOC freed 405K, 8% free 10741K/11591K, paused 31ms
07-01 19:50:00.224 13835 13837 D dalvikvm: GC_CONCURRENT freed 446K, 8% free 10750K/11591K, paused 10ms+3ms
07-01 19:50:01.438 13835 13934 D dalvikvm: GC_FOR_ALLOC freed 378K, 7% free 10804K/11591K, paused 23ms
07-01 19:50:02.446 13835 13934 D dalvikvm: GC_FOR_ALLOC freed 400K, 8% free 10741K/11591K, paused 22ms
07-01 19:50:03.556 13835 13934 D dalvikvm: GC_FOR_ALLOC freed 407K, 8% free 10764K/11591K, paused 35ms
07-01 19:50:04.708 13835 13934 D dalvikvm: GC_FOR_ALLOC freed 408K, 8% free 10764K/11591K, paused 22ms
07-01 19:50:05.227    81   129 W AudioTrack: stepServer() could not lock cblk
07-01 19:50:05.837 13835 13934 D dalvikvm: GC_FOR_ALLOC freed 405K, 8% free 10741K/11591K, paused 22ms
07-01 19:50:06.974 13835 13934 D dalvikvm: GC_FOR_ALLOC freed 404K, 8% free 10741K/11591K, paused 35ms
07-01 19:50:07.278   345   345 D SAN_SERVICE: *******************************************
07-01 19:50:07.278   345   345 D SAN_SERVICE: DM App Phone Service State - 0
07-01 19:50:07.278   345   345 D SAN_SERVICE: *******************************************
07-01 19:50:07.341   216   218 D dalvikvm: GC_CONCURRENT freed 427K, 29% free 10235K/14343K, paused 8ms+11ms
07-01 19:50:07.767   345   345 D SAN_SERVICE: *******************************************
07-01 19:50:07.767   345   345 D SAN_SERVICE: DM App Phone Service State - 0
07-01 19:50:07.767   345   345 D SAN_SERVICE: *******************************************
07-01 19:50:08.118 13835 13837 D dalvikvm: GC_CONCURRENT freed 404K, 7% free 10804K/11591K, paused 2ms+3ms
07-01 19:50:08.317   345   345 D SAN_SERVICE: *******************************************
07-01 19:50:08.317   345   345 D SAN_SERVICE: DM App Phone Service State - 0
07-01 19:50:08.321   345   345 D SAN_SERVICE: *******************************************
07-01 19:50:10.200 13835 13934 D dalvikvm: GC_FOR_ALLOC freed 398K, 8% free 10742K/11591K, paused 27ms
07-01 19:50:11.231 13835 13934 D dalvikvm: GC_FOR_ALLOC freed 395K, 8% free 10680K/11591K, paused 24ms
07-01 19:50:12.298   145   147 D dalvikvm: GC_CONCURRENT freed 1868K, 24% free 16579K/21639K, paused 3ms+7ms
07-01 19:50:12.372 13835 13837 D dalvikvm: GC_CONCURRENT freed 395K, 8% free 10742K/11591K, paused 3ms+3ms
07-01 19:50:13.384 13835 13934 D dalvikvm: GC_FOR_ALLOC freed 394K, 8% free 10742K/11591K, paused 22ms
07-01 19:50:14.434 13835 13934 D dalvikvm: GC_FOR_ALLOC freed 394K, 8% free 10742K/11591K, paused 98ms
07-01 19:50:15.173    81   129 W AudioTrack: stepServer() could not lock cblk
07-01 19:50:15.427 13835 13934 D dalvikvm: GC_FOR_ALLOC freed 394K, 8% free 10742K/11591K, paused 88ms
07-01 19:50:16.384 11249 11250 D dalvikvm: GC_CONCURRENT freed 500K, 6% free 10447K/11079K, paused 2ms+3ms
07-01 19:50:16.587 13835 13934 D dalvikvm: GC_FOR_ALLOC freed 394K, 8% free 10742K/11591K, paused 22ms
07-01 19:50:17.427   345   345 D SAN_SERVICE: *******************************************
07-01 19:50:17.427   345   345 D SAN_SERVICE: DM App Phone Service State - 0
07-01 19:50:17.427   345   345 D SAN_SERVICE: *******************************************
07-01 19:50:17.649 13835 13934 D dalvikvm: GC_FOR_ALLOC freed 394K, 8% free 10741K/11591K, paused 84ms
07-01 19:50:18.673 13835 13837 D dalvikvm: GC_CONCURRENT freed 399K, 7% free 10803K/11591K, paused 2ms+3ms
07-01 19:50:19.610 13835 13934 D dalvikvm: GC_FOR_ALLOC freed 402K, 7% free 10804K/11591K, paused 22ms
07-01 19:50:20.626 13835 13934 D dalvikvm: GC_FOR_ALLOC freed 407K, 7% free 10805K/11591K, paused 22ms
07-01 19:50:21.536    81   129 W AudioTrack: stepServer() could not lock cblk
07-01 19:50:21.602 13835 13934 D dalvikvm: GC_FOR_ALLOC freed 394K, 7% free 10807K/11591K, paused 22ms
07-01 19:50:22.708 13835 13837 D dalvikvm: GC_CONCURRENT freed 590K, 8% free 10689K/11591K, paused 4ms+3ms
07-01 19:50:24.005 13835 13837 D dalvikvm: GC_CONCURRENT freed 282K, 7% free 10867K/11591K, paused 2ms+2ms
07-01 19:50:25.079 13835 13934 D dalvikvm: GC_FOR_ALLOC freed 400K, 8% free 10741K/11591K, paused 30ms
07-01 19:50:26.126 13835 13934 D dalvikvm: GC_FOR_ALLOC freed 404K, 8% free 10741K/11591K, paused 34ms
07-01 19:50:27.216 13835 13837 D dalvikvm: GC_CONCURRENT freed 499K, 8% free 10714K/11591K, paused 3ms+2ms
07-01 19:50:28.626 13835 13837 D dalvikvm: GC_CONCURRENT freed 459K, 8% free 10693K/11591K, paused 4ms+3ms
07-01 19:50:29.669 13835 13837 D dalvikvm: GC_CONCURRENT freed 431K, 8% free 10710K/11591K, paused 2ms+2ms
07-01 19:50:30.774 13835 13837 D dalvikvm: GC_CONCURRENT freed 454K, 8% free 10770K/11591K, paused 5ms+2ms
07-01 19:50:31.919 13835 13837 D dalvikvm: GC_CONCURRENT freed 544K, 8% free 10691K/11591K, paused 11ms+3ms
07-01 19:50:32.856 13835 13837 D dalvikvm: GC_CONCURRENT freed 440K, 8% free 10693K/11591K, paused 3ms+3ms
07-01 19:50:34.040 13835 13837 D dalvikvm: GC_CONCURRENT freed 402K, 8% free 10738K/11591K, paused 3ms+3ms
07-01 19:50:35.106 13835 13837 D dalvikvm: GC_CONCURRENT freed 497K, 8% free 10698K/11591K, paused 3ms+3ms
07-01 19:50:36.278 13835 13837 D dalvikvm: GC_CONCURRENT freed 322K, 7% free 10844K/11591K, paused 2ms+2ms
07-01 19:50:37.477 13835 13934 D dalvikvm: GC_FOR_ALLOC freed 405K, 8% free 10741K/11591K, paused 24ms
07-01 19:50:37.888   345   345 D SAN_SERVICE: *******************************************
07-01 19:50:37.888   345   345 D SAN_SERVICE: DM App Phone Service State - 0
07-01 19:50:37.888   345   345 D SAN_SERVICE: *******************************************
07-01 19:50:38.442   345   345 D SAN_SERVICE: *******************************************
07-01 19:50:38.442   345   345 D SAN_SERVICE: DM App Phone Service State - 0
07-01 19:50:38.442   345   345 D SAN_SERVICE: *******************************************
07-01 19:50:38.724 13835 13837 D dalvikvm: GC_CONCURRENT freed 503K, 8% free 10705K/11591K, paused 4ms+3ms
07-01 19:50:40.059 13835 13837 D dalvikvm: GC_CONCURRENT freed 444K, 8% free 10770K/11591K, paused 3ms+2ms
07-01 19:50:41.345 13835 13934 D dalvikvm: GC_FOR_ALLOC freed 496K, 8% free 10678K/11591K, paused 25ms
07-01 19:50:42.442 13835 13837 D dalvikvm: GC_CONCURRENT freed 399K, 7% free 10810K/11591K, paused 2ms+2ms
07-01 19:50:43.559 13835 13934 D dalvikvm: GC_FOR_ALLOC freed 451K, 8% free 10723K/11591K, paused 36ms
07-01 19:50:45.056 13835 13837 D dalvikvm: GC_CONCURRENT freed 369K, 7% free 10804K/11591K, paused 2ms+9ms
07-01 19:50:46.083 13835 13934 D dalvikvm: GC_FOR_ALLOC freed 395K, 8% free 10741K/11591K, paused 22ms
07-01 19:50:47.114 13835 13837 D dalvikvm: GC_CONCURRENT freed 400K, 7% free 10804K/11591K, paused 4ms+3ms
07-01 19:50:48.091 13835 13934 D dalvikvm: GC_FOR_ALLOC freed 404K, 7% free 10804K/11591K, paused 24ms
07-01 19:50:50.767 13835 13934 D dalvikvm: GC_FOR_ALLOC freed 394K, 7% free 10807K/11591K, paused 48ms
07-01 19:50:51.735 13835 13934 D dalvikvm: GC_FOR_ALLOC freed 390K, 8% free 10742K/11591K, paused 26ms
07-01 19:50:52.849 13835 13837 D dalvikvm: GC_CONCURRENT freed 472K, 7% free 10808K/11591K, paused 69ms+2ms
07-01 19:50:53.841 13835 13934 D dalvikvm: GC_FOR_ALLOC freed 450K, 7% free 10808K/11591K, paused 23ms
07-01 19:50:54.868 13835 13934 D dalvikvm: GC_FOR_ALLOC freed 406K, 8% free 10742K/11591K, paused 37ms
07-01 19:50:55.942 13835 13934 D dalvikvm: GC_FOR_ALLOC freed 409K, 8% free 10742K/11591K, paused 147ms
07-01 19:50:56.884 13835 13837 D dalvikvm: GC_CONCURRENT freed 409K, 7% free 10806K/11591K, paused 2ms+3ms
07-01 19:50:57.833 13835 13934 D dalvikvm: GC_FOR_ALLOC freed 402K, 8% free 10742K/11591K, paused 22ms
07-01 19:50:58.368   345   345 D SAN_SERVICE: *******************************************
07-01 19:50:58.368   345   345 D SAN_SERVICE: DM App Phone Service State - 0
07-01 19:50:58.368   345   345 D SAN_SERVICE: *******************************************
07-01 19:50:58.712   345   345 D SAN_SERVICE: *******************************************
07-01 19:50:58.712   345   345 D SAN_SERVICE: DM App Phone Service State - 0
07-01 19:50:58.712   345   345 D SAN_SERVICE: *******************************************
07-01 19:50:58.888 13835 13934 D dalvikvm: GC_FOR_ALLOC freed 399K, 8% free 10742K/11591K, paused 91ms
07-01 19:51:00.165 13835 13934 D dalvikvm: GC_FOR_ALLOC freed 399K, 8% free 10742K/11591K, paused 23ms
07-01 19:51:01.204 13756 14036 D GetStringObjTask: retrieving from url = http://www.chess.com/api/get_move_status?id=y3ICtufzg6w7rQqcD3KFujVaIanpYba4bIpaeKElV1LNz3Sz4Fk9Yh5CeWaj8h4bQ2RY0CxFVgA%2ByBE5DE%2B1cAuw4i%2Bp2GVj5RbuDPEUotReGbS25iAukuBsuUd%2Fl5dp
07-01 19:51:01.204 13835 13934 D dalvikvm: GC_FOR_ALLOC freed 393K, 8% free 10742K/11591K, paused 94ms
07-01 19:51:01.321 11336 11349 I PhoneLab-: Service Running
07-01 19:51:01.392 11336 11349 I PhoneLab-LoggerService: app_37    1360  1     1436   996   c00f181c 400107b4 S logcat
07-01 19:51:01.392 11336 11349 I PhoneLab-LoggerService: Logcat pid from database 1360
07-01 19:51:01.395 11336 11349 I PhoneLab-LoggerService: Logcat process found 1360
07-01 19:51:01.395 11336 11349 I PhoneLab-LoggerService: Checking Threshold
07-01 19:51:01.395 11336 11349 I PhoneLab-LoggerService: Starting to rename files
07-01 19:51:01.395 11336 11349 I PhoneLab-LoggerService: Files found .. 2
07-01 19:51:01.966 13756 14036 D GetStringObjTask: WebRequest SERVER RESPONSE: Success+1:Your Move!:1341186306
07-01 19:51:02.251 13835 13934 D dalvikvm: GC_FOR_ALLOC freed 394K, 8% free 10742K/11591K, paused 99ms
07-01 19:51:02.571   145   147 D dalvikvm: GC_CONCURRENT freed 1867K, 24% free 16572K/21639K, paused 9ms+8ms
07-01 19:51:03.274 13835 13934 D dalvikvm: GC_FOR_ALLOC freed 394K, 8% free 10742K/11591K, paused 151ms
07-01 19:51:04.196 13835 13934 D dalvikvm: GC_FOR_ALLOC freed 394K, 8% free 10742K/11591K, paused 75ms
07-01 19:51:04.329    81   129 W AudioTrack: stepServer() could not lock cblk
07-01 19:51:05.220 13835 13934 D dalvikvm: GC_FOR_ALLOC freed 398K, 8% free 10742K/11591K, paused 96ms
07-01 19:51:06.212 13835 13934 D dalvikvm: GC_FOR_ALLOC freed 402K, 8% free 10742K/11591K, paused 92ms
07-01 19:51:07.196 13835 13934 D dalvikvm: GC_FOR_ALLOC freed 404K, 8% free 10742K/11591K, paused 57ms
07-01 19:51:08.298 13835 13934 D dalvikvm: GC_FOR_ALLOC freed 404K, 8% free 10742K/11591K, paused 22ms
07-01 19:51:09.509 13835 13837 D dalvikvm: GC_CONCURRENT freed 497K, 8% free 10705K/11591K, paused 3ms+2ms
07-01 19:51:10.739 13835 13837 D dalvikvm: GC_CONCURRENT freed 456K, 8% free 10701K/11591K, paused 4ms+3ms
07-01 19:51:11.849 13835 13837 D dalvikvm: GC_CONCURRENT freed 444K, 8% free 10775K/11591K, paused 2ms+6ms
07-01 19:51:13.349 13835 13934 D dalvikvm: GC_FOR_ALLOC freed 510K, 8% free 10678K/11591K, paused 47ms
07-01 19:51:14.114   345   345 D SAN_SERVICE: *******************************************
07-01 19:51:14.114   345   345 D SAN_SERVICE: DM App Phone Service State - 0
07-01 19:51:14.114   345   345 D SAN_SERVICE: *******************************************
07-01 19:51:14.517 13835 13837 D dalvikvm: GC_CONCURRENT freed 405K, 7% free 10804K/11591K, paused 3ms+3ms
07-01 19:51:14.614   345   345 D SAN_SERVICE: *******************************************
07-01 19:51:14.614   345   345 D SAN_SERVICE: DM App Phone Service State - 0
07-01 19:51:14.614   345   345 D SAN_SERVICE: *******************************************
07-01 19:51:15.747 13835 13934 D dalvikvm: GC_FOR_ALLOC freed 435K, 7% free 10805K/11591K, paused 22ms
07-01 19:51:16.282 13246 14039 D dalvikvm: GC_EXPLICIT freed 404K, 8% free 10077K/10887K, paused 2ms+24ms
07-01 19:51:16.489 11249 11250 D dalvikvm: GC_CONCURRENT freed 496K, 6% free 10494K/11079K, paused 5ms+9ms
07-01 19:51:16.747 13835 13934 D dalvikvm: GC_FOR_ALLOC freed 401K, 8% free 10741K/11591K, paused 22ms
07-01 19:51:17.856 13835 13934 D dalvikvm: GC_FOR_ALLOC freed 404K, 8% free 10741K/11591K, paused 23ms
07-01 19:51:18.985 13835 13837 D dalvikvm: GC_CONCURRENT freed 404K, 7% free 10803K/11591K, paused 2ms+2ms
07-01 19:51:20.099 13835 13934 D dalvikvm: GC_FOR_ALLOC freed 407K, 7% free 10804K/11591K, paused 23ms
07-01 19:51:21.204 13835 13934 D dalvikvm: GC_FOR_ALLOC freed 404K, 7% free 10804K/11591K, paused 22ms
07-01 19:51:22.317 13835 13934 D dalvikvm: GC_FOR_ALLOC freed 404K, 8% free 10775K/11591K, paused 25ms
07-01 19:51:23.493 13835 13934 D dalvikvm: GC_FOR_ALLOC freed 405K, 8% free 10741K/11591K, paused 22ms
07-01 19:51:24.028    81   129 W AudioTrack: stepServer() could not lock cblk
07-01 19:51:24.575 13835 13934 D dalvikvm: GC_FOR_ALLOC freed 446K, 8% free 10729K/11591K, paused 35ms
07-01 19:51:25.681    81   129 W AudioTrack: stepServer() could not lock cblk
07-01 19:51:25.727 13835 13934 D dalvikvm: GC_FOR_ALLOC freed 370K, 8% free 10741K/11591K, paused 23ms
07-01 19:51:26.907 13835 13837 D dalvikvm: GC_CONCURRENT freed 447K, 8% free 10752K/11591K, paused 9ms+22ms
07-01 19:51:28.056 13835 13837 D dalvikvm: GC_CONCURRENT freed 496K, 8% free 10740K/11591K, paused 14ms+2ms
07-01 19:51:29.153 13835 13837 D dalvikvm: GC_CONCURRENT freed 326K, 7% free 10867K/11591K, paused 2ms+3ms
07-01 19:51:30.208 13835 13934 D dalvikvm: GC_FOR_ALLOC freed 401K, 8% free 10741K/11591K, paused 22ms
07-01 19:51:31.337 13835 13934 D dalvikvm: GC_FOR_ALLOC freed 404K, 8% free 10741K/11591K, paused 22ms
07-01 19:51:32.450 13835 13837 D dalvikvm: GC_CONCURRENT freed 486K, 8% free 10709K/11591K, paused 4ms+3ms
07-01 19:51:33.661 13835 13837 D dalvikvm: GC_CONCURRENT freed 364K, 7% free 10805K/11591K, paused 3ms+2ms
07-01 19:51:34.802 13835 13934 D dalvikvm: GC_FOR_ALLOC freed 408K, 8% free 10775K/11591K, paused 25ms
07-01 19:51:35.860 13835 13837 D dalvikvm: GC_CONCURRENT freed 493K, 8% free 10776K/11591K, paused 3ms+3ms
07-01 19:51:37.048 13835 13837 D dalvikvm: GC_CONCURRENT freed 442K, 7% free 10804K/11591K, paused 2ms+2ms
07-01 19:51:38.212 13835 13934 D dalvikvm: GC_FOR_ALLOC freed 409K, 8% free 10741K/11591K, paused 38ms
07-01 19:51:39.298 13835 13837 D dalvikvm: GC_CONCURRENT freed 407K, 7% free 10804K/11591K, paused 2ms+2ms
07-01 19:51:40.360 13835 13934 D dalvikvm: GC_FOR_ALLOC freed 403K, 7% free 10805K/11591K, paused 31ms
07-01 19:51:41.286   306   306 I wpa_supplicant: wlan0: WPA: Group rekeying completed with 94:44:52:17:be:7d [GTK=CCMP]
07-01 19:51:41.684 13835 13837 D dalvikvm: GC_CONCURRENT freed 506K, 7% free 10805K/11591K, paused 11ms+2ms
07-01 19:51:42.696 13835 13837 D dalvikvm: GC_CONCURRENT freed 495K, 7% free 10804K/11591K, paused 4ms+15ms
07-01 19:51:43.770 13835 13934 D dalvikvm: GC_FOR_ALLOC freed 462K, 7% free 10805K/11591K, paused 29ms
07-01 19:51:44.536   345   345 D SAN_SERVICE: *******************************************
07-01 19:51:44.536   345   345 D SAN_SERVICE: DM App Phone Service State - 0
07-01 19:51:44.536   345   345 D SAN_SERVICE: *******************************************
07-01 19:51:45.040   345   345 D SAN_SERVICE: *******************************************
07-01 19:51:45.040   345   345 D SAN_SERVICE: DM App Phone Service State - 0
07-01 19:51:45.040   345   345 D SAN_SERVICE: *******************************************
07-01 19:51:45.087 13835 13934 D dalvikvm: GC_FOR_ALLOC freed 450K, 7% free 10805K/11591K, paused 23ms
07-01 19:51:45.255   345   345 D SAN_SERVICE: *******************************************
07-01 19:51:45.255   345   345 D SAN_SERVICE: DM App Phone Service State - 0
07-01 19:51:45.259   345   345 D SAN_SERVICE: *******************************************
07-01 19:51:46.142 13835 13934 D dalvikvm: GC_FOR_ALLOC freed 401K, 8% free 10741K/11591K, paused 77ms
07-01 19:51:47.114 13835 13934 D dalvikvm: GC_FOR_ALLOC freed 404K, 8% free 10741K/11591K, paused 23ms
07-01 19:51:48.270 13835 13837 D dalvikvm: GC_CONCURRENT freed 404K, 7% free 10806K/11591K, paused 2ms+5ms
07-01 19:51:49.329 13835 13934 D dalvikvm: GC_FOR_ALLOC freed 588K, 8% free 10679K/11591K, paused 52ms
07-01 19:51:51.556 13835 13837 D dalvikvm: GC_CONCURRENT freed 268K, 7% free 10871K/11591K, paused 7ms+2ms
07-01 19:51:51.767 12840 12842 D dalvikvm: GC_CONCURRENT freed 679K, 17% free 11441K/13639K, paused 4ms+3ms
07-01 19:51:51.942    81   129 W AudioTrack: stepServer() could not lock cblk
07-01 19:51:52.380   145   147 D dalvikvm: GC_CONCURRENT freed 1832K, 24% free 16564K/21639K, paused 6ms+6ms
07-01 19:51:52.524 13835 13934 D dalvikvm: GC_FOR_ALLOC freed 390K, 8% free 10742K/11591K, paused 26ms
07-01 19:51:53.567 13835 13934 D dalvikvm: GC_FOR_ALLOC freed 397K, 8% free 10742K/11591K, paused 22ms
07-01 19:51:54.602 13835 13934 D dalvikvm: GC_FOR_ALLOC freed 394K, 8% free 10742K/11591K, paused 22ms
07-01 19:51:54.712   345   345 D SAN_SERVICE: *******************************************
07-01 19:51:54.712   345   345 D SAN_SERVICE: DM App Phone Service State - 0
07-01 19:51:54.712   345   345 D SAN_SERVICE: *******************************************
07-01 19:51:55.606 13835 13934 D dalvikvm: GC_FOR_ALLOC freed 394K, 8% free 10742K/11591K, paused 30ms
07-01 19:51:56.606 13835 13934 D dalvikvm: GC_FOR_ALLOC freed 394K, 8% free 10742K/11591K, paused 26ms
07-01 19:51:57.602 13835 13934 D dalvikvm: GC_FOR_ALLOC freed 394K, 8% free 10741K/11591K, paused 22ms
07-01 19:51:58.782 13835 13837 D dalvikvm: GC_CONCURRENT freed 399K, 7% free 10807K/11591K, paused 2ms+3ms
07-01 19:51:59.833 13835 13934 D dalvikvm: GC_FOR_ALLOC freed 402K, 7% free 10804K/11591K, paused 25ms
07-01 19:52:00.868 13835 13934 D dalvikvm: GC_FOR_ALLOC freed 399K, 7% free 10804K/11591K, paused 24ms
07-01 19:52:01.419   145   200 D DhcpInfoInternal: makeLinkProperties with empty dns2!
07-01 19:52:01.419   145   200 D DhcpInfoInternal: makeLinkProperties with empty dns2!
07-01 19:52:01.899 13835 13934 D dalvikvm: GC_FOR_ALLOC freed 400K, 7% free 10806K/11591K, paused 23ms
07-01 19:52:02.931 13835 13934 D dalvikvm: GC_FOR_ALLOC freed 504K, 8% free 10678K/11591K, paused 24ms
07-01 19:52:04.126 13835 13837 D dalvikvm: GC_CONCURRENT freed 299K, 7% free 10807K/11591K, paused 2ms+2ms
07-01 19:52:05.110 13835 13934 D dalvikvm: GC_FOR_ALLOC freed 400K, 7% free 10790K/11591K, paused 28ms
07-01 19:52:06.306 13835 13934 D dalvikvm: GC_FOR_ALLOC freed 410K, 8% free 10741K/11591K, paused 23ms
07-01 19:52:07.415 13835 13837 D dalvikvm: GC_CONCURRENT freed 494K, 8% free 10710K/11591K, paused 8ms+2ms
07-01 19:52:08.786 13835 13837 D dalvikvm: GC_CONCURRENT freed 362K, 7% free 10804K/11591K, paused 3ms+2ms
07-01 19:52:09.852 13835 13934 D dalvikvm: GC_FOR_ALLOC freed 400K, 8% free 10741K/11591K, paused 99ms
07-01 19:52:10.169   345   345 D SAN_SERVICE: *******************************************
07-01 19:52:10.169   345   345 D SAN_SERVICE: DM App Phone Service State - 0
07-01 19:52:10.169   345   345 D SAN_SERVICE: *******************************************
07-01 19:52:10.798 13835 13837 D dalvikvm: GC_CONCURRENT freed 405K, 7% free 10804K/11591K, paused 3ms+3ms
07-01 19:52:10.860   345   345 D SAN_SERVICE: *******************************************
07-01 19:52:10.860   345   345 D SAN_SERVICE: DM App Phone Service State - 0
07-01 19:52:10.860   345   345 D SAN_SERVICE: *******************************************
07-01 19:52:12.118 13835 13934 D dalvikvm: GC_FOR_ALLOC freed 425K, 7% free 10805K/11591K, paused 44ms
07-01 19:52:13.056 13835 13934 D dalvikvm: GC_FOR_ALLOC freed 401K, 8% free 10741K/11591K, paused 25ms
07-01 19:52:14.102 13835 13934 D dalvikvm: GC_FOR_ALLOC freed 481K, 8% free 10704K/11591K, paused 42ms
07-01 19:52:15.263 13835 13837 D dalvikvm: GC_CONCURRENT freed 379K, 8% free 10764K/11591K, paused 3ms+2ms
07-01 19:52:16.259   145 22722 D dalvikvm: GC_EXPLICIT freed 770K, 24% free 16552K/21639K, paused 3ms+7ms
07-01 19:52:16.364 13835 13934 D dalvikvm: GC_FOR_ALLOC freed 375K, 8% free 10764K/11591K, paused 27ms
07-01 19:52:16.423 13246 13248 D dalvikvm: GC_CONCURRENT freed 473K, 8% free 10100K/10887K, paused 28ms+3ms
07-01 19:52:17.352 11249 11250 D dalvikvm: GC_CONCURRENT freed 476K, 6% free 10462K/11079K, paused 38ms+4ms
07-01 19:52:17.501 13835 13837 D dalvikvm: GC_CONCURRENT freed 531K, 8% free 10691K/11591K, paused 3ms+2ms
07-01 19:52:18.665 13835 13837 D dalvikvm: GC_CONCURRENT freed 306K, 7% free 10863K/11591K, paused 2ms+2ms
07-01 19:52:19.778 13835 13934 D dalvikvm: GC_FOR_ALLOC freed 404K, 7% free 10802K/11591K, paused 24ms
07-01 19:52:20.954 13835 13934 D dalvikvm: GC_FOR_ALLOC freed 407K, 7% free 10802K/11591K, paused 22ms
07-01 19:52:22.200 13835 13934 D dalvikvm: GC_FOR_ALLOC freed 404K, 7% free 10802K/11591K, paused 30ms
07-01 19:52:23.200 13835 13934 D dalvikvm: GC_FOR_ALLOC freed 403K, 7% free 10802K/11591K, paused 27ms
07-01 19:52:24.337 13835 13934 D dalvikvm: GC_FOR_ALLOC freed 404K, 7% free 10802K/11591K, paused 22ms
07-01 19:52:25.446   345   345 D SAN_SERVICE: *******************************************
07-01 19:52:25.446   345   345 D SAN_SERVICE: DM App Phone Service State - 0
07-01 19:52:25.446   345   345 D SAN_SERVICE: *******************************************
07-01 19:52:25.513 13835 13934 D dalvikvm: GC_FOR_ALLOC freed 404K, 7% free 10802K/11591K, paused 32ms
07-01 19:52:25.821   345   345 D SAN_SERVICE: *******************************************
07-01 19:52:25.821   345   345 D SAN_SERVICE: DM App Phone Service State - 0
07-01 19:52:25.821   345   345 D SAN_SERVICE: *******************************************
07-01 19:52:25.923   345   347 D dalvikvm: GC_CONCURRENT freed 782K, 9% free 11642K/12679K, paused 6ms+18ms
07-01 19:52:26.278   345   345 D SAN_SERVICE: *******************************************
07-01 19:52:26.278   345   345 D SAN_SERVICE: DM App Phone Service State - 0
07-01 19:52:26.278   345   345 D SAN_SERVICE: *******************************************
07-01 19:52:26.544 13835 13934 D dalvikvm: GC_FOR_ALLOC freed 403K, 7% free 10802K/11591K, paused 22ms
07-01 19:52:27.704 13835 13934 D dalvikvm: GC_FOR_ALLOC freed 404K, 7% free 10802K/11591K, paused 23ms
07-01 19:52:28.833 13835 13934 D dalvikvm: GC_FOR_ALLOC freed 404K, 7% free 10802K/11591K, paused 34ms
07-01 19:52:29.915 13835 13934 D dalvikvm: GC_FOR_ALLOC freed 407K, 7% free 10802K/11591K, paused 24ms
07-01 19:52:30.942 13835 13934 D dalvikvm: GC_FOR_ALLOC freed 403K, 7% free 10802K/11591K, paused 22ms
07-01 19:52:32.497 13835 13934 D dalvikvm: GC_FOR_ALLOC freed 404K, 7% free 10802K/11591K, paused 23ms
07-01 19:52:33.520 13835 13934 D dalvikvm: GC_FOR_ALLOC freed 403K, 7% free 10802K/11591K, paused 26ms
07-01 19:52:34.505 13835 13934 D dalvikvm: GC_FOR_ALLOC freed 404K, 7% free 10802K/11591K, paused 22ms
07-01 19:52:35.505 13835 13934 D dalvikvm: GC_FOR_ALLOC freed 414K, 7% free 10802K/11591K, paused 28ms
07-01 19:52:36.673 13835 13837 D dalvikvm: GC_CONCURRENT freed 582K, 8% free 10697K/11591K, paused 3ms+3ms
07-01 19:52:37.778 13835 13837 D dalvikvm: GC_CONCURRENT freed 282K, 7% free 10867K/11591K, paused 2ms+2ms
07-01 19:52:38.872 13835 13934 D dalvikvm: GC_FOR_ALLOC freed 472K, 8% free 10719K/11591K, paused 23ms
07-01 19:52:40.071 13835 13837 D dalvikvm: GC_CONCURRENT freed 418K, 8% free 10748K/11591K, paused 6ms+2ms
07-01 19:52:40.864   345   345 D SAN_SERVICE: *******************************************
07-01 19:52:40.864   345   345 D SAN_SERVICE: DM App Phone Service State - 0
07-01 19:52:40.864   345   345 D SAN_SERVICE: *******************************************
07-01 19:52:41.091   345   345 D SAN_SERVICE: *******************************************
07-01 19:52:41.091   345   345 D SAN_SERVICE: DM App Phone Service State - 0
07-01 19:52:41.091   345   345 D SAN_SERVICE: *******************************************
07-01 19:52:41.130 13835 13934 D dalvikvm: GC_FOR_ALLOC freed 479K, 8% free 10708K/11591K, paused 26ms
07-01 19:52:41.626   345   345 D SAN_SERVICE: *******************************************
07-01 19:52:41.626   345   345 D SAN_SERVICE: DM App Phone Service State - 0
07-01 19:52:41.626   345   345 D SAN_SERVICE: *******************************************
07-01 19:52:42.974 13835 13837 D dalvikvm: GC_CONCURRENT freed 314K, 7% free 10871K/11591K, paused 11ms+2ms
07-01 19:52:43.927 13835 13934 D dalvikvm: GC_FOR_ALLOC freed 395K, 8% free 10742K/11591K, paused 70ms
07-01 19:52:44.931 13835 13934 D dalvikvm: GC_FOR_ALLOC freed 399K, 8% free 10741K/11591K, paused 27ms
07-01 19:52:45.950 13835 13837 D dalvikvm: GC_CONCURRENT freed 404K, 7% free 10804K/11591K, paused 2ms+2ms
07-01 19:52:46.731    81   129 W AudioTrack: stepServer() could not lock cblk
07-01 19:52:46.974 13835 13934 D dalvikvm: GC_FOR_ALLOC freed 406K, 7% free 10805K/11591K, paused 22ms
07-01 19:52:47.942 13835 13934 D dalvikvm: GC_FOR_ALLOC freed 405K, 8% free 10741K/11591K, paused 22ms
07-01 19:52:49.009 13835 13934 D dalvikvm: GC_FOR_ALLOC freed 412K, 8% free 10741K/11591K, paused 32ms
07-01 19:52:50.075 13835 13934 D dalvikvm: GC_FOR_ALLOC freed 404K, 8% free 10741K/11591K, paused 23ms
07-01 19:52:51.044   345   345 D SAN_SERVICE: *******************************************
07-01 19:52:51.044   345   345 D SAN_SERVICE: DM App Phone Service State - 0
07-01 19:52:51.044   345   345 D SAN_SERVICE: *******************************************
07-01 19:52:51.200 13835 13837 D dalvikvm: GC_CONCURRENT freed 446K, 8% free 10768K/11591K, paused 3ms+2ms
07-01 19:52:51.309   345   345 D SAN_SERVICE: *******************************************
07-01 19:52:51.309   345   345 D SAN_SERVICE: DM App Phone Service State - 0
07-01 19:52:51.309   345   345 D SAN_SERVICE: *******************************************
07-01 19:52:52.091   345   345 D SAN_SERVICE: *******************************************
07-01 19:52:52.091   345   345 D SAN_SERVICE: DM App Phone Service State - 0
07-01 19:52:52.091   345   345 D SAN_SERVICE: *******************************************
07-01 19:52:52.364 13835 13934 D dalvikvm: GC_FOR_ALLOC freed 410K, 7% free 10805K/11591K, paused 22ms
07-01 19:52:53.434 13835 13934 D dalvikvm: GC_FOR_ALLOC freed 532K, 8% free 10692K/11591K, paused 25ms
07-01 19:52:54.638 13835 13837 D dalvikvm: GC_CONCURRENT freed 430K, 8% free 10697K/11591K, paused 4ms+2ms
07-01 19:52:55.755 13835 13837 D dalvikvm: GC_CONCURRENT freed 369K, 7% free 10804K/11591K, paused 2ms+2ms
07-01 19:52:56.907 13835 13934 D dalvikvm: GC_FOR_ALLOC freed 523K, 8% free 10678K/11591K, paused 22ms
07-01 19:52:58.681 13835 13837 D dalvikvm: GC_CONCURRENT freed 417K, 8% free 10735K/11591K, paused 2ms+4ms
07-01 19:52:59.852 13835 13837 D dalvikvm: GC_CONCURRENT freed 450K, 8% free 10769K/11591K, paused 2ms+3ms
07-01 19:53:01.458    81   129 W AudioFlinger: write blocked for 787 msecs, 3 delayed writes, thread 0x8cd9a0
07-01 19:53:01.505 11336 11349 I PhoneLab-: Service Running
07-01 19:53:01.567 13835 13934 D dalvikvm: GC_FOR_ALLOC freed 437K, 8% free 10742K/11591K, paused 23ms
07-01 19:53:01.880   145   147 D dalvikvm: GC_CONCURRENT freed 1806K, 24% free 16563K/21639K, paused 3ms+8ms
07-01 19:53:01.884   145   348 I ActivityManager: Process com.google.android.apps.maps:NetworkLocationService (pid 11249) has died.
07-01 19:53:01.927   145   348 W ActivityManager: Scheduling restart of crashed service com.google.android.apps.maps/com.google.android.location.internal.server.NetworkLocationService in 5000ms
07-01 19:53:01.966 11336 11349 I PhoneLab-LoggerService: app_37    1360  1     1436   996   c00f181c 400107b4 S logcat
07-01 19:53:01.966 11336 11349 I PhoneLab-LoggerService: Logcat pid from database 1360
07-01 19:53:01.966 11336 11349 I PhoneLab-LoggerService: Logcat process found 1360
07-01 19:53:01.966 11336 11349 I PhoneLab-LoggerService: Checking Threshold
07-01 19:53:01.966 11336 11349 I PhoneLab-LoggerService: Starting to rename files
07-01 19:53:01.966 11336 11349 I PhoneLab-LoggerService: Files found .. 2
07-01 19:53:02.642 13835 13934 D dalvikvm: GC_FOR_ALLOC freed 393K, 8% free 10742K/11591K, paused 97ms
07-01 19:53:03.618 13835 13934 D dalvikvm: GC_FOR_ALLOC freed 394K, 8% free 10742K/11591K, paused 56ms
07-01 19:53:04.606 13835 13934 D dalvikvm: GC_FOR_ALLOC freed 394K, 8% free 10742K/11591K, paused 33ms
07-01 19:53:05.591 13835 13934 D dalvikvm: GC_FOR_ALLOC freed 394K, 8% free 10742K/11591K, paused 25ms
07-01 19:53:06.489   345   345 D SAN_SERVICE: *******************************************
07-01 19:53:06.489   345   345 D SAN_SERVICE: DM App Phone Service State - 0
07-01 19:53:06.489   345   345 D SAN_SERVICE: *******************************************
07-01 19:53:06.653 13835 13934 D dalvikvm: GC_FOR_ALLOC freed 394K, 8% free 10742K/11591K, paused 85ms
07-01 19:53:06.681   345   345 D SAN_SERVICE: *******************************************
07-01 19:53:06.681   345   345 D SAN_SERVICE: DM App Phone Service State - 0
07-01 19:53:06.681   345   345 D SAN_SERVICE: *******************************************
07-01 19:53:07.024   145   162 I ActivityManager: Start proc com.google.android.apps.maps:NetworkLocationService for service com.google.android.apps.maps/com.google.android.location.internal.server.NetworkLocationService: pid=14063 uid=10056 gids={3003, 1015}
07-01 19:53:07.188   345   345 D SAN_SERVICE: *******************************************
07-01 19:53:07.188   345   345 D SAN_SERVICE: DM App Phone Service State - 0
07-01 19:53:07.188   345   345 D SAN_SERVICE: *******************************************
07-01 19:53:07.360 14063 14064 D dalvikvm: GC_CONCURRENT freed 175K, 3% free 9360K/9607K, paused 17ms+3ms
07-01 19:53:07.642 13835 13934 D dalvikvm: GC_FOR_ALLOC freed 397K, 8% free 10742K/11591K, paused 64ms
07-01 19:53:07.954 14063 14064 D dalvikvm: GC_CONCURRENT freed 148K, 3% free 9648K/9927K, paused 5ms+2ms
07-01 19:53:08.345 14063 14064 D dalvikvm: GC_CONCURRENT freed 167K, 3% free 10008K/10247K, paused 3ms+3ms
07-01 19:53:08.509 14063 14064 D dalvikvm: GC_CONCURRENT freed 151K, 3% free 10403K/10631K, paused 2ms+2ms
07-01 19:53:08.622 13835 13934 D dalvikvm: GC_FOR_ALLOC freed 397K, 8% free 10774K/11591K, paused 27ms
07-01 19:53:08.743   145   162 I ActivityManager: Start proc com.google.android.apps.maps:FriendService for broadcast com.google.android.apps.maps/com.google.googlenav.friend.android.ServiceReceiver: pid=14084 uid=10056 gids={3003, 1015}
07-01 19:53:08.790    79    79 D dalvikvm: GC_EXPLICIT freed 38K, 4% free 9031K/9347K, paused 2ms+13ms
07-01 19:53:08.845    79    79 D dalvikvm: GC_EXPLICIT freed <1K, 4% free 9031K/9347K, paused 3ms+4ms
07-01 19:53:08.892    79    79 D dalvikvm: GC_EXPLICIT freed <1K, 4% free 9031K/9347K, paused 2ms+5ms
07-01 19:53:08.958 14084 14086 D dalvikvm: GC_CONCURRENT freed 178K, 3% free 9357K/9607K, paused 2ms+2ms
07-01 19:53:09.122 14084 14086 D dalvikvm: GC_CONCURRENT freed 187K, 3% free 9666K/9927K, paused 2ms+2ms
07-01 19:53:09.376 14063 14070 I dalvikvm: Total arena pages for JIT: 11
07-01 19:53:09.380 14063 14070 I dalvikvm: Total arena pages for JIT: 12
07-01 19:53:09.380 14063 14070 I dalvikvm: Total arena pages for JIT: 13
07-01 19:53:09.380 14063 14070 I dalvikvm: Total arena pages for JIT: 14
07-01 19:53:09.384 14063 14070 I dalvikvm: Total arena pages for JIT: 15
07-01 19:53:09.388 14063 14070 I dalvikvm: Total arena pages for JIT: 16
07-01 19:53:09.388 14063 14070 I dalvikvm: Total arena pages for JIT: 17
07-01 19:53:09.583 14063 14064 D dalvikvm: GC_CONCURRENT freed 750K, 8% free 10189K/11015K, paused 1ms+3ms
07-01 19:53:09.595 14063 14070 I dalvikvm: Total arena pages for JIT: 18
07-01 19:53:09.888 14063 14083 D dalvikvm: GC_FOR_ALLOC freed 282K, 8% free 10174K/11015K, paused 24ms
07-01 19:53:10.032 13835 13934 D dalvikvm: GC_FOR_ALLOC freed 395K, 8% free 10742K/11591K, paused 22ms
07-01 19:53:11.063 13835 13934 D dalvikvm: GC_FOR_ALLOC freed 394K, 8% free 10742K/11591K, paused 27ms
07-01 19:53:11.110 14063 14064 D dalvikvm: GC_CONCURRENT freed 364K, 8% free 10204K/11015K, paused 1ms+6ms
07-01 19:53:11.149   145   395 I ActivityManager: Process android.process.media (pid 13802) has died.
07-01 19:53:11.192 13246 13248 D dalvikvm: GC_CONCURRENT freed 360K, 7% free 10134K/10887K, paused 2ms+2ms
07-01 19:53:12.142 13835 13934 D dalvikvm: GC_FOR_ALLOC freed 394K, 8% free 10742K/11591K, paused 22ms
07-01 19:53:13.212 13835 13934 D dalvikvm: GC_FOR_ALLOC freed 394K, 8% free 10742K/11591K, paused 94ms
07-01 19:53:14.204 13835 13934 D dalvikvm: GC_FOR_ALLOC freed 407K, 8% free 10774K/11591K, paused 22ms
07-01 19:53:15.149 13835 13934 D dalvikvm: GC_FOR_ALLOC freed 429K, 8% free 10774K/11591K, paused 27ms
07-01 19:53:16.153 13835 13934 D dalvikvm: GC_FOR_ALLOC freed 412K, 8% free 10774K/11591K, paused 32ms
07-01 19:53:16.724   345   345 D SAN_SERVICE: *******************************************
07-01 19:53:16.724   345   345 D SAN_SERVICE: DM App Phone Service State - 0
07-01 19:53:16.724   345   345 D SAN_SERVICE: *******************************************
07-01 19:53:16.974   345   345 D SAN_SERVICE: *******************************************
07-01 19:53:16.974   345   345 D SAN_SERVICE: DM App Phone Service State - 0
07-01 19:53:16.974   345   345 D SAN_SERVICE: *******************************************
07-01 19:53:17.173 13835 13934 D dalvikvm: GC_FOR_ALLOC freed 414K, 8% free 10774K/11591K, paused 40ms
07-01 19:53:17.681   345   345 D SAN_SERVICE: *******************************************
07-01 19:53:17.681   345   345 D SAN_SERVICE: DM App Phone Service State - 0
07-01 19:53:17.684   345   345 D SAN_SERVICE: *******************************************
07-01 19:53:18.302 13835 13934 D dalvikvm: GC_FOR_ALLOC freed 377K, 7% free 10802K/11591K, paused 23ms
07-01 19:53:19.474 13835 13934 D dalvikvm: GC_FOR_ALLOC freed 410K, 8% free 10739K/11591K, paused 24ms
07-01 19:53:20.493 13835 13837 D dalvikvm: GC_CONCURRENT freed 412K, 8% free 10776K/11591K, paused 5ms+3ms
07-01 19:53:21.638 13835 13934 D dalvikvm: GC_FOR_ALLOC freed 401K, 8% free 10741K/11591K, paused 23ms
07-01 19:53:22.739 13835 13837 D dalvikvm: GC_CONCURRENT freed 429K, 7% free 10781K/11591K, paused 3ms+2ms
07-01 19:53:23.895 13835 13837 D dalvikvm: GC_CONCURRENT freed 538K, 8% free 10705K/11591K, paused 3ms+4ms
07-01 19:53:24.970 13835 13837 D dalvikvm: GC_CONCURRENT freed 433K, 8% free 10750K/11591K, paused 12ms+3ms
07-01 19:53:26.130 13835 13837 D dalvikvm: GC_CONCURRENT freed 479K, 8% free 10718K/11591K, paused 2ms+2ms
07-01 19:53:26.899   345   345 D SAN_SERVICE: *******************************************
07-01 19:53:26.899   345   345 D SAN_SERVICE: DM App Phone Service State - 0
07-01 19:53:26.899   345   345 D SAN_SERVICE: *******************************************
07-01 19:53:27.372   345   345 D SAN_SERVICE: *******************************************
07-01 19:53:27.376   345   345 D SAN_SERVICE: DM App Phone Service State - 0
07-01 19:53:27.376   345   345 D SAN_SERVICE: *******************************************
07-01 19:53:27.743 13835 13837 D dalvikvm: GC_CONCURRENT freed 474K, 8% free 10684K/11591K, paused 3ms+4ms
07-01 19:53:27.942   345   345 D SAN_SERVICE: *******************************************
07-01 19:53:27.942   345   345 D SAN_SERVICE: DM App Phone Service State - 0
07-01 19:53:27.942   345   345 D SAN_SERVICE: *******************************************
07-01 19:53:28.970 13835 13837 D dalvikvm: GC_CONCURRENT freed 412K, 7% free 10804K/11591K, paused 2ms+3ms
07-01 19:53:30.044 13835 13934 D dalvikvm: GC_FOR_ALLOC freed 405K, 7% free 10804K/11591K, paused 22ms
07-01 19:53:31.138 13835 13934 D dalvikvm: GC_FOR_ALLOC freed 538K, 8% free 10700K/11591K, paused 24ms
07-01 19:53:32.349 13835 13837 D dalvikvm: GC_CONCURRENT freed 447K, 8% free 10714K/11591K, paused 3ms+18ms
07-01 19:53:34.161 13835 13837 D dalvikvm: GC_CONCURRENT freed 450K, 8% free 10741K/11591K, paused 1ms+3ms
07-01 19:53:35.165 13835 13934 D dalvikvm: GC_FOR_ALLOC freed 407K, 8% free 10741K/11591K, paused 39ms
07-01 19:53:36.290 13835 13837 D dalvikvm: GC_CONCURRENT freed 407K, 7% free 10783K/11591K, paused 2ms+3ms
07-01 19:53:37.493 13835 13934 D dalvikvm: GC_FOR_ALLOC freed 405K, 8% free 10741K/11591K, paused 22ms
07-01 19:53:38.559 13835 13837 D dalvikvm: GC_CONCURRENT freed 465K, 7% free 10805K/11591K, paused 2ms+3ms
07-01 19:53:39.642 13835 13837 D dalvikvm: GC_CONCURRENT freed 589K, 8% free 10689K/11591K, paused 2ms+8ms
07-01 19:53:40.841 13835 13837 D dalvikvm: GC_CONCURRENT freed 422K, 7% free 10808K/11591K, paused 2ms+3ms
07-01 19:53:42.407 13835 13934 D dalvikvm: GC_FOR_ALLOC freed 589K, 8% free 10679K/11591K, paused 22ms
07-01 19:53:43.571 13835 13837 D dalvikvm: GC_CONCURRENT freed 410K, 8% free 10748K/11591K, paused 12ms+7ms
07-01 19:53:44.708 13835 13837 D dalvikvm: GC_CONCURRENT freed 406K, 7% free 10804K/11591K, paused 2ms+2ms
07-01 19:53:46.001 13835 13934 D dalvikvm: GC_FOR_ALLOC freed 425K, 7% free 10796K/11591K, paused 22ms
07-01 19:53:46.950 13835 13934 D dalvikvm: GC_FOR_ALLOC freed 408K, 7% free 10796K/11591K, paused 32ms
07-01 19:53:48.020 13835 13934 D dalvikvm: GC_FOR_ALLOC freed 554K, 8% free 10700K/11591K, paused 28ms
07-01 19:53:50.024 13835 13837 D dalvikvm: GC_CONCURRENT freed 371K, 8% free 10760K/11591K, paused 2ms+3ms
07-01 19:53:50.966 13835 13837 D dalvikvm: GC_CONCURRENT freed 464K, 8% free 10761K/11591K, paused 2ms+2ms
07-01 19:53:52.212 13835 13837 D dalvikvm: GC_CONCURRENT freed 539K, 8% free 10714K/11591K, paused 2ms+3ms
07-01 19:53:53.267 13835 13837 D dalvikvm: GC_CONCURRENT freed 439K, 8% free 10777K/11591K, paused 4ms+2ms
07-01 19:53:54.345 13835 13934 D dalvikvm: GC_FOR_ALLOC freed 513K, 8% free 10678K/11591K, paused 27ms
07-01 19:53:55.017   145   147 D dalvikvm: GC_CONCURRENT freed 1743K, 24% free 16579K/21639K, paused 3ms+8ms
07-01 19:53:55.099 13993 13994 D dalvikvm: GC_CONCURRENT freed 475K, 5% free 11260K/11847K, paused 16ms+3ms
07-01 19:53:55.368 13835 13837 D dalvikvm: GC_CONCURRENT freed 417K, 8% free 10764K/11591K, paused 2ms+2ms
07-01 19:53:55.856    81   129 W AudioTrack: stepServer() could not lock cblk
07-01 19:53:56.618 13835 13934 D dalvikvm: GC_FOR_ALLOC freed 415K, 8% free 10724K/11591K, paused 22ms
07-01 19:53:57.376 12856 12858 D dalvikvm: GC_CONCURRENT freed 360K, 8% free 9990K/10823K, paused 6ms+5ms
07-01 19:53:57.661 12856 13188 D dalvikvm: GC_FOR_ALLOC freed 354K, 9% free 9894K/10823K, paused 53ms
07-01 19:53:57.665 12856 13188 I dalvikvm-heap: Grow heap (frag case) to 10.074MB for 360016-byte allocation
07-01 19:53:57.747 12856 12870 D dalvikvm: GC_FOR_ALLOC freed 3K, 9% free 10241K/11207K, paused 53ms
07-01 19:53:57.884 12856 12856 D dalvikvm: GC_FOR_ALLOC freed 127K, 9% free 10243K/11207K, paused 72ms
07-01 19:53:58.239 13835 13837 D dalvikvm: GC_CONCURRENT freed 422K, 8% free 10772K/11591K, paused 357ms+3ms
07-01 19:53:58.692 13835 13934 D dalvikvm: GC_FOR_ALLOC freed 510K, 8% free 10699K/11591K, paused 42ms
07-01 19:54:01.938 13835 13837 D dalvikvm: GC_CONCURRENT freed 315K, 7% free 10871K/11591K, paused 2ms+2ms
07-01 19:54:02.696   345   345 D SAN_SERVICE: *******************************************
07-01 19:54:02.696   345   345 D SAN_SERVICE: DM App Phone Service State - 0
07-01 19:54:02.700   345   345 D SAN_SERVICE: *******************************************
07-01 19:54:02.974 13835 13934 D dalvikvm: GC_FOR_ALLOC freed 390K, 8% free 10742K/11591K, paused 68ms
07-01 19:54:02.997   345   345 D SAN_SERVICE: *******************************************
07-01 19:54:02.997   345   345 D SAN_SERVICE: DM App Phone Service State - 0
07-01 19:54:02.997   345   345 D SAN_SERVICE: *******************************************
07-01 19:54:03.325   345   345 D SAN_SERVICE: *******************************************
07-01 19:54:03.329   345   345 D SAN_SERVICE: DM App Phone Service State - 0
07-01 19:54:03.329   345   345 D SAN_SERVICE: *******************************************
07-01 19:54:04.122    81   129 W AudioFlinger: write blocked for 430 msecs, 4 delayed writes, thread 0x8cd9a0
07-01 19:54:04.212 13835 13934 D dalvikvm: GC_FOR_ALLOC freed 397K, 8% free 10742K/11591K, paused 56ms
07-01 19:54:05.196 13835 13934 D dalvikvm: GC_FOR_ALLOC freed 393K, 8% free 10742K/11591K, paused 22ms
07-01 19:54:06.255 13835 13934 D dalvikvm: GC_FOR_ALLOC freed 394K, 8% free 10742K/11591K, paused 94ms
07-01 19:54:07.540 13835 13934 D dalvikvm: GC_FOR_ALLOC freed 394K, 8% free 10742K/11591K, paused 57ms
07-01 19:54:08.806 13835 13934 D dalvikvm: GC_FOR_ALLOC freed 394K, 8% free 10742K/11591K, paused 32ms
07-01 19:54:09.829 13835 13934 D dalvikvm: GC_FOR_ALLOC freed 393K, 8% free 10742K/11591K, paused 22ms
07-01 19:54:10.798 13835 13934 D dalvikvm: GC_FOR_ALLOC freed 394K, 8% free 10742K/11591K, paused 23ms
07-01 19:54:11.845 13835 13934 D dalvikvm: GC_FOR_ALLOC freed 394K, 8% free 10742K/11591K, paused 61ms
07-01 19:54:12.845 13835 13934 D dalvikvm: GC_FOR_ALLOC freed 394K, 8% free 10742K/11591K, paused 47ms
07-01 19:54:13.806 13835 13934 D dalvikvm: GC_FOR_ALLOC freed 397K, 8% free 10742K/11591K, paused 22ms
07-01 19:54:14.649   345   345 D SAN_SERVICE: *******************************************
07-01 19:54:14.649   345   345 D SAN_SERVICE: DM App Phone Service State - 0
07-01 19:54:14.649   345   345 D SAN_SERVICE: *******************************************
07-01 19:54:14.876 13835 13934 D dalvikvm: GC_FOR_ALLOC freed 394K, 8% free 10742K/11591K, paused 22ms
07-01 19:54:15.438   345   345 D SAN_SERVICE: *******************************************
07-01 19:54:15.438   345   345 D SAN_SERVICE: DM App Phone Service State - 0
07-01 19:54:15.438   345   345 D SAN_SERVICE: *******************************************
07-01 19:54:15.802 13835 13934 D dalvikvm: GC_FOR_ALLOC freed 394K, 8% free 10742K/11591K, paused 22ms
07-01 19:54:16.852 13835 13934 D dalvikvm: GC_FOR_ALLOC freed 394K, 8% free 10742K/11591K, paused 22ms
07-01 19:54:17.856 13835 13934 D dalvikvm: GC_FOR_ALLOC freed 394K, 8% free 10742K/11591K, paused 22ms
07-01 19:54:18.907 13835 13934 D dalvikvm: GC_FOR_ALLOC freed 394K, 8% free 10742K/11591K, paused 40ms
07-01 19:54:20.509 13835 13934 D dalvikvm: GC_FOR_ALLOC freed 394K, 8% free 10742K/11591K, paused 73ms
07-01 19:54:20.802   145   147 D dalvikvm: GC_CONCURRENT freed 1781K, 24% free 16563K/21639K, paused 6ms+7ms
07-01 19:54:21.442 13835 13934 D dalvikvm: GC_FOR_ALLOC freed 393K, 8% free 10742K/11591K, paused 37ms
07-01 19:54:22.431 13835 13934 D dalvikvm: GC_FOR_ALLOC freed 397K, 8% free 10742K/11591K, paused 25ms
07-01 19:54:23.188   345   345 D SAN_SERVICE: *******************************************
07-01 19:54:23.188   345   345 D SAN_SERVICE: DM App Phone Service State - 0
07-01 19:54:23.188   345   345 D SAN_SERVICE: *******************************************
07-01 19:54:23.497 13835 13934 D dalvikvm: GC_FOR_ALLOC freed 394K, 8% free 10742K/11591K, paused 24ms
07-01 19:54:23.513   345   345 D SAN_SERVICE: *******************************************
07-01 19:54:23.513   345   345 D SAN_SERVICE: DM App Phone Service State - 0
07-01 19:54:23.513   345   345 D SAN_SERVICE: *******************************************
07-01 19:54:24.243   345   345 D SAN_SERVICE: *******************************************
07-01 19:54:24.243   345   345 D SAN_SERVICE: DM App Phone Service State - 0
07-01 19:54:24.243   345   345 D SAN_SERVICE: *******************************************
07-01 19:54:24.696 13835 13934 D dalvikvm: GC_FOR_ALLOC freed 394K, 8% free 10742K/11591K, paused 221ms
07-01 19:54:25.145    81   129 W AudioTrack: stepServer() could not lock cblk
07-01 19:54:25.556 13835 13934 D dalvikvm: GC_FOR_ALLOC freed 394K, 8% free 10742K/11591K, paused 83ms
07-01 19:54:26.290   145   200 D DhcpInfoInternal: makeLinkProperties with empty dns2!
07-01 19:54:26.309   145   200 D DhcpInfoInternal: makeLinkProperties with empty dns2!
07-01 19:54:26.563 13835 13934 D dalvikvm: GC_FOR_ALLOC freed 394K, 8% free 10742K/11591K, paused 79ms
07-01 19:54:27.501 13835 13934 D dalvikvm: GC_FOR_ALLOC freed 399K, 8% free 10742K/11591K, paused 25ms
07-01 19:54:28.630 13835 13837 D dalvikvm: GC_CONCURRENT freed 402K, 7% free 10804K/11591K, paused 25ms+3ms
07-01 19:54:29.524 13835 13934 D dalvikvm: GC_FOR_ALLOC freed 399K, 7% free 10804K/11591K, paused 23ms
07-01 19:54:30.548 13835 13934 D dalvikvm: GC_FOR_ALLOC freed 399K, 7% free 10804K/11591K, paused 63ms
07-01 19:54:31.552 13835 13934 D dalvikvm: GC_FOR_ALLOC freed 402K, 7% free 10804K/11591K, paused 44ms
07-01 19:54:32.501 13835 13934 D dalvikvm: GC_FOR_ALLOC freed 409K, 7% free 10805K/11591K, paused 25ms
07-01 19:54:33.583 13835 13934 D dalvikvm: GC_FOR_ALLOC freed 554K, 8% free 10700K/11591K, paused 25ms
07-01 19:54:34.934 13835 13837 D dalvikvm: GC_CONCURRENT freed 342K, 7% free 10871K/11591K, paused 4ms+13ms
07-01 19:54:35.931 13835 13934 D dalvikvm: GC_FOR_ALLOC freed 409K, 8% free 10741K/11591K, paused 88ms
07-01 19:54:37.087 13835 13837 D dalvikvm: GC_CONCURRENT freed 422K, 7% free 10804K/11591K, paused 2ms+3ms
07-01 19:54:38.622   345   345 D SAN_SERVICE: *******************************************
07-01 19:54:38.622   345   345 D SAN_SERVICE: DM App Phone Service State - 0
07-01 19:54:38.622   345   345 D SAN_SERVICE: *******************************************
07-01 19:54:38.806 13835 13934 D dalvikvm: GC_FOR_ALLOC freed 560K, 8% free 10697K/11591K, paused 23ms
07-01 19:54:39.442   345   345 D SAN_SERVICE: *******************************************
07-01 19:54:39.442   345   345 D SAN_SERVICE: DM App Phone Service State - 0
07-01 19:54:39.442   345   345 D SAN_SERVICE: *******************************************
07-01 19:54:39.692 13835 13837 D dalvikvm: GC_CONCURRENT freed 422K, 8% free 10707K/11591K, paused 2ms+3ms
07-01 19:54:40.759 13835 13837 D dalvikvm: GC_CONCURRENT freed 448K, 8% free 10712K/11591K, paused 2ms+3ms
07-01 19:54:42.821 13835 13837 D dalvikvm: GC_CONCURRENT freed 471K, 8% free 10750K/11591K, paused 906ms+3ms
07-01 19:54:43.509 13835 13837 D dalvikvm: GC_CONCURRENT freed 510K, 8% free 10693K/11591K, paused 3ms+3ms
07-01 19:54:44.524   145   365 I ActivityManager: Process edu.buffalo.cse.phonelab.phonelabservices (pid 11336) has died.
07-01 19:54:44.548   145   365 W ActivityManager: Scheduling restart of crashed service edu.buffalo.cse.phonelab.phonelabservices/edu.buffalo.cse.phonelab.datalogger.LoggerService in 5000ms
07-01 19:54:44.575 13835 13837 D dalvikvm: GC_CONCURRENT freed 421K, 8% free 10701K/11591K, paused 2ms+2ms
07-01 19:54:45.661 13835 13837 D dalvikvm: GC_CONCURRENT freed 450K, 8% free 10733K/11591K, paused 8ms+2ms
07-01 19:54:46.997 13835 13837 D dalvikvm: GC_CONCURRENT freed 479K, 8% free 10719K/11591K, paused 2ms+2ms
07-01 19:54:48.048 13835 13837 D dalvikvm: GC_CONCURRENT freed 473K, 7% free 10803K/11591K, paused 26ms+23ms
07-01 19:54:48.985 13835 13934 D dalvikvm: GC_FOR_ALLOC freed 460K, 8% free 10762K/11591K, paused 35ms
07-01 19:54:49.649   145   162 I ActivityManager: Start proc edu.buffalo.cse.phonelab.phonelabservices for service edu.buffalo.cse.phonelab.phonelabservices/edu.buffalo.cse.phonelab.datalogger.LoggerService: pid=14128 uid=10037 gids={3003, 1015, 1007, 2001}
07-01 19:54:49.934 13835 13934 D dalvikvm: GC_FOR_ALLOC freed 423K, 8% free 10761K/11591K, paused 40ms
07-01 19:54:50.017 14128 14128 I PhoneLab-LoggerService: Start Logger Service
07-01 19:54:50.048 14128 14141 I PhoneLab-: Service Running
07-01 19:54:50.122 14128 14141 I PhoneLab-LoggerService: app_37    1360  1     1436   996   c00f181c 400107b4 S logcat
07-01 19:54:50.122 14128 14141 I PhoneLab-LoggerService: Logcat pid from database 1360
07-01 19:54:50.126 14128 14141 I PhoneLab-LoggerService: Logcat process found 1360
07-01 19:54:50.126 14128 14141 I PhoneLab-LoggerService: Checking Threshold
07-01 19:54:50.126 14128 14141 I PhoneLab-LoggerService: Starting to rename files
07-01 19:54:50.126 14128 14141 I PhoneLab-LoggerService: Files found .. 2
07-01 19:54:51.036 13835 13934 D dalvikvm: GC_FOR_ALLOC freed 344K, 7% free 10805K/11591K, paused 24ms
07-01 19:54:52.165 13835 13934 D dalvikvm: GC_FOR_ALLOC freed 410K, 8% free 10741K/11591K, paused 22ms
07-01 19:54:53.282 13835 13934 D dalvikvm: GC_FOR_ALLOC freed 409K, 8% free 10741K/11591K, paused 23ms
07-01 19:54:54.415 13835 13837 D dalvikvm: GC_CONCURRENT freed 503K, 8% free 10711K/11591K, paused 2ms+2ms
07-01 19:54:55.556 13835 13837 D dalvikvm: GC_CONCURRENT freed 318K, 7% free 10867K/11591K, paused 2ms+2ms
07-01 19:54:55.614   345   345 D SAN_SERVICE: *******************************************
07-01 19:54:55.614   345   345 D SAN_SERVICE: DM App Phone Service State - 0
07-01 19:54:55.614   345   345 D SAN_SERVICE: *******************************************
07-01 19:54:56.145   345   345 D SAN_SERVICE: *******************************************
07-01 19:54:56.145   345   345 D SAN_SERVICE: DM App Phone Service State - 0
07-01 19:54:56.145   345   345 D SAN_SERVICE: *******************************************
07-01 19:54:56.989 13835 13934 D dalvikvm: GC_FOR_ALLOC freed 504K, 7% free 10806K/11591K, paused 24ms
07-01 19:54:58.059 13835 13837 D dalvikvm: GC_CONCURRENT freed 482K, 7% free 10809K/11591K, paused 45ms+4ms
07-01 19:54:59.044 13835 13934 D dalvikvm: GC_FOR_ALLOC freed 413K, 8% free 10741K/11591K, paused 22ms
07-01 19:55:00.122 13835 13934 D dalvikvm: GC_FOR_ALLOC freed 404K, 8% free 10741K/11591K, paused 23ms
07-01 19:55:01.157 13835 13837 D dalvikvm: GC_CONCURRENT freed 407K, 7% free 10802K/11591K, paused 3ms+2ms
07-01 19:55:02.333 13835 13837 D dalvikvm: GC_CONCURRENT freed 591K, 8% free 10689K/11591K, paused 3ms+5ms
07-01 19:55:03.438 13835 13837 D dalvikvm: GC_CONCURRENT freed 403K, 8% free 10734K/11591K, paused 7ms+3ms
07-01 19:55:04.552 13835 13837 D dalvikvm: GC_CONCURRENT freed 437K, 8% free 10743K/11591K, paused 2ms+3ms
07-01 19:55:05.731 13835 13837 D dalvikvm: GC_CONCURRENT freed 447K, 7% free 10806K/11591K, paused 2ms+2ms
07-01 19:55:06.802 13835 13934 D dalvikvm: GC_FOR_ALLOC freed 406K, 8% free 10741K/11591K, paused 24ms
07-01 19:55:07.915 13835 13934 D dalvikvm: GC_FOR_ALLOC freed 407K, 8% free 10741K/11591K, paused 28ms
07-01 19:55:09.345   345   345 D SAN_SERVICE: *******************************************
07-01 19:55:09.345   345   345 D SAN_SERVICE: DM App Phone Service State - 0
07-01 19:55:09.345   345   345 D SAN_SERVICE: *******************************************
07-01 19:55:09.520 13835 13837 D dalvikvm: GC_CONCURRENT freed 404K, 7% free 10811K/11591K, paused 3ms+9ms
07-01 19:55:10.106   345   345 D SAN_SERVICE: *******************************************
07-01 19:55:10.106   345   345 D SAN_SERVICE: DM App Phone Service State - 0
07-01 19:55:10.106   345   345 D SAN_SERVICE: *******************************************
07-01 19:55:10.489 13835 13934 D dalvikvm: GC_FOR_ALLOC freed 404K, 8% free 10741K/11591K, paused 22ms
07-01 19:55:11.407 14063 14064 D dalvikvm: GC_CONCURRENT freed 494K, 8% free 10221K/11015K, paused 7ms+3ms
07-01 19:55:11.606 13835 13837 D dalvikvm: GC_CONCURRENT freed 412K, 7% free 10805K/11591K, paused 2ms+2ms
07-01 19:55:11.669 13246 13248 D dalvikvm: GC_CONCURRENT freed 517K, 7% free 10129K/10887K, paused 13ms+3ms
07-01 19:55:12.587 13835 13934 D dalvikvm: GC_FOR_ALLOC freed 409K, 7% free 10805K/11591K, paused 44ms
07-01 19:55:13.575 13835 13934 D dalvikvm: GC_FOR_ALLOC freed 418K, 7% free 10805K/11591K, paused 23ms
07-01 19:55:14.337   145   147 D dalvikvm: GC_CONCURRENT freed 1877K, 24% free 16574K/21639K, paused 2ms+7ms
07-01 19:55:14.688 13835 13934 D dalvikvm: GC_FOR_ALLOC freed 404K, 7% free 10805K/11591K, paused 23ms
07-01 19:55:15.802 13835 13837 D dalvikvm: GC_CONCURRENT freed 593K, 8% free 10693K/11591K, paused 2ms+3ms
07-01 19:55:16.977 13835 13837 D dalvikvm: GC_CONCURRENT freed 292K, 7% free 10869K/11591K, paused 8ms+2ms
07-01 19:55:18.059 13835 13934 D dalvikvm: GC_FOR_ALLOC freed 493K, 8% free 10715K/11591K, paused 22ms
07-01 19:55:19.169 13835 13837 D dalvikvm: GC_CONCURRENT freed 464K, 8% free 10688K/11591K, paused 3ms+2ms
07-01 19:55:20.419 13835 13837 D dalvikvm: GC_CONCURRENT freed 427K, 8% free 10743K/11591K, paused 2ms+3ms
07-01 19:55:21.977 13835 13837 D dalvikvm: GC_CONCURRENT freed 509K, 8% free 10692K/11591K, paused 4ms+16ms
07-01 19:55:23.126 13835 13837 D dalvikvm: GC_CONCURRENT freed 405K, 8% free 10741K/11591K, paused 2ms+3ms
07-01 19:55:24.224 13835 13934 D dalvikvm: GC_FOR_ALLOC freed 404K, 8% free 10741K/11591K, paused 31ms
07-01 19:55:24.692   345   345 D SAN_SERVICE: *******************************************
07-01 19:55:24.692   345   345 D SAN_SERVICE: DM App Phone Service State - 0
07-01 19:55:24.692   345   345 D SAN_SERVICE: *******************************************
07-01 19:55:25.360 13835 13837 D dalvikvm: GC_CONCURRENT freed 407K, 7% free 10804K/11591K, paused 2ms+2ms
07-01 19:55:25.403   345   345 D SAN_SERVICE: *******************************************
07-01 19:55:25.403   345   345 D SAN_SERVICE: DM App Phone Service State - 0
07-01 19:55:25.403   345   345 D SAN_SERVICE: *******************************************
07-01 19:55:26.474 13835 13837 D dalvikvm: GC_CONCURRENT freed 468K, 7% free 10820K/11591K, paused 5ms+2ms
07-01 19:55:27.559 13835 13934 D dalvikvm: GC_FOR_ALLOC freed 577K, 8% free 10678K/11591K, paused 32ms
07-01 19:55:28.954 13835 13837 D dalvikvm: GC_CONCURRENT freed 277K, 7% free 10867K/11591K, paused 2ms+3ms
07-01 19:55:29.599  3921  3923 D dalvikvm: GC_CONCURRENT freed 326K, 6% free 10351K/10951K, paused 6ms+3ms
07-01 19:55:29.950 13971 13972 D dalvikvm: GC_CONCURRENT freed 534K, 7% free 9517K/10183K, paused 7ms+11ms
07-01 19:55:29.981 13835 13934 D dalvikvm: GC_FOR_ALLOC freed 400K, 8% free 10741K/11591K, paused 72ms
07-01 19:55:30.423   145  4009 D dalvikvm: GC_EXPLICIT freed 523K, 24% free 16535K/21639K, paused 4ms+9ms
07-01 19:55:30.981 13835 13837 D dalvikvm: GC_CONCURRENT freed 407K, 7% free 10784K/11591K, paused 5ms+5ms
07-01 19:55:32.083 13835 13934 D dalvikvm: GC_FOR_ALLOC freed 410K, 8% free 10741K/11591K, paused 22ms
07-01 19:55:33.208 13835 13837 D dalvikvm: GC_CONCURRENT freed 499K, 8% free 10705K/11591K, paused 3ms+4ms
07-01 19:55:34.325 13835 13837 D dalvikvm: GC_CONCURRENT freed 444K, 8% free 10697K/11591K, paused 3ms+3ms
07-01 19:55:34.981   345   345 D SAN_SERVICE: *******************************************
07-01 19:55:34.981   345   345 D SAN_SERVICE: DM App Phone Service State - 0
07-01 19:55:34.981   345   345 D SAN_SERVICE: *******************************************
07-01 19:55:35.599 13835 13837 D dalvikvm: GC_CONCURRENT freed 337K, 7% free 10804K/11591K, paused 2ms+3ms
07-01 19:55:36.778 13835 13934 D dalvikvm: GC_FOR_ALLOC freed 403K, 8% free 10741K/11591K, paused 27ms
07-01 19:55:37.739 13835 13837 D dalvikvm: GC_CONCURRENT freed 407K, 7% free 10805K/11591K, paused 2ms+3ms
07-01 19:55:38.852 13835 13934 D dalvikvm: GC_FOR_ALLOC freed 521K, 8% free 10678K/11591K, paused 23ms
07-01 19:55:39.442    81   129 W AudioTrack: stepServer() could not lock cblk
07-01 19:55:39.895    81   129 W AudioTrack: stepServer() could not lock cblk
07-01 19:55:40.001 13835 13837 D dalvikvm: GC_CONCURRENT freed 297K, 7% free 10867K/11591K, paused 3ms+2ms
07-01 19:55:41.118 13835 13934 D dalvikvm: GC_FOR_ALLOC freed 400K, 8% free 10741K/11591K, paused 22ms
07-01 19:55:42.200 13835 13837 D dalvikvm: GC_CONCURRENT freed 490K, 8% free 10701K/11591K, paused 2ms+3ms
07-01 19:55:43.329 13835 13934 D dalvikvm: GC_FOR_ALLOC freed 341K, 7% free 10790K/11591K, paused 22ms
07-01 19:55:44.493 13835 13934 D dalvikvm: GC_FOR_ALLOC freed 407K, 8% free 10742K/11591K, paused 26ms
07-01 19:55:45.579 13835 13837 D dalvikvm: GC_CONCURRENT freed 497K, 8% free 10698K/11591K, paused 2ms+3ms
07-01 19:55:47.184 13835 13837 D dalvikvm: GC_CONCURRENT freed 364K, 7% free 10804K/11591K, paused 2ms+3ms
07-01 19:55:48.153 13835 13934 D dalvikvm: GC_FOR_ALLOC freed 401K, 8% free 10741K/11591K, paused 47ms
07-01 19:55:49.173 13835 13934 D dalvikvm: GC_FOR_ALLOC freed 404K, 8% free 10741K/11591K, paused 63ms
07-01 19:55:50.208 13835 13837 D dalvikvm: GC_CONCURRENT freed 468K, 8% free 10764K/11591K, paused 8ms+3ms
07-01 19:55:51.286 13835 13837 D dalvikvm: GC_CONCURRENT freed 509K, 8% free 10714K/11591K, paused 2ms+3ms
07-01 19:55:53.114 13835 13934 D dalvikvm: GC_FOR_ALLOC freed 472K, 8% free 10678K/11591K, paused 24ms
07-01 19:55:54.380 13835 13837 D dalvikvm: GC_CONCURRENT freed 410K, 7% free 10804K/11591K, paused 2ms+3ms
07-01 19:55:55.329 13835 13934 D dalvikvm: GC_FOR_ALLOC freed 404K, 7% free 10805K/11591K, paused 26ms
07-01 19:55:56.372 13835 13837 D dalvikvm: GC_CONCURRENT freed 494K, 7% free 10806K/11591K, paused 2ms+3ms
07-01 19:55:57.481 13835 13934 D dalvikvm: GC_FOR_ALLOC freed 411K, 8% free 10741K/11591K, paused 22ms
07-01 19:55:59.235    81   129 W AudioFlinger: write blocked for 800 msecs, 6 delayed writes, thread 0x8cd9a0
07-01 19:55:59.477 13835 13837 D dalvikvm: GC_CONCURRENT freed 453K, 7% free 10807K/11591K, paused 2ms+2ms
07-01 19:56:00.622 13835 13934 D dalvikvm: GC_FOR_ALLOC freed 478K, 8% free 10736K/11591K, paused 22ms
07-01 19:56:01.302 13756 14148 D GetStringObjTask: retrieving from url = http://www.chess.com/api/get_move_status?id=y3ICtufzg6w7rQqcD3KFujVaIanpYba4bIpaeKElV1LNz3Sz4Fk9Yh5CeWaj8h4bQ2RY0CxFVgA%2ByBE5DE%2B1cAuw4i%2Bp2GVj5RbuDPEUotReGbS25iAukuBsuUd%2Fl5dp
07-01 19:56:01.532 13835 13837 D dalvikvm: GC_CONCURRENT freed 493K, 8% free 10688K/11591K, paused 4ms+3ms
07-01 19:56:01.950 13756 14148 D GetStringObjTask: WebRequest SERVER RESPONSE: Success+1:Your Move!:1341186306
07-01 19:56:02.610 13835 13837 D dalvikvm: GC_CONCURRENT freed 336K, 7% free 10814K/11591K, paused 2ms+2ms
07-01 19:56:04.130 13835 13837 D dalvikvm: GC_CONCURRENT freed 604K, 8% free 10686K/11591K, paused 2ms+3ms
07-01 19:56:05.661   345   345 D SAN_SERVICE: *******************************************
07-01 19:56:05.661   345   345 D SAN_SERVICE: DM App Phone Service State - 0
07-01 19:56:05.661   345   345 D SAN_SERVICE: *******************************************
07-01 19:56:05.872   345   345 D SAN_SERVICE: *******************************************
07-01 19:56:05.872   345   345 D SAN_SERVICE: DM App Phone Service State - 0
07-01 19:56:05.872   345   345 D SAN_SERVICE: *******************************************
07-01 19:56:06.114 13835 13837 D dalvikvm: GC_CONCURRENT freed 408K, 8% free 10719K/11591K, paused 2ms+3ms
07-01 19:56:06.638   345   345 D SAN_SERVICE: *******************************************
07-01 19:56:06.638   345   345 D SAN_SERVICE: DM App Phone Service State - 0
07-01 19:56:06.638   345   345 D SAN_SERVICE: *******************************************
07-01 19:56:07.177 13835 13837 D dalvikvm: GC_CONCURRENT freed 466K, 8% free 10693K/11591K, paused 2ms+2ms
07-01 19:56:08.220 13835 13837 D dalvikvm: GC_CONCURRENT freed 390K, 8% free 10765K/11591K, paused 2ms+3ms
07-01 19:56:09.184 13835 13837 D dalvikvm: GC_CONCURRENT freed 455K, 8% free 10765K/11591K, paused 2ms+2ms
07-01 19:56:10.173   216   218 D dalvikvm: GC_CONCURRENT freed 365K, 29% free 10255K/14343K, paused 2ms+3ms
07-01 19:56:10.337 13835 13837 D dalvikvm: GC_CONCURRENT freed 516K, 8% free 10704K/11591K, paused 5ms+2ms
07-01 19:56:11.392 13835 13837 D dalvikvm: GC_CONCURRENT freed 432K, 8% free 10756K/11591K, paused 2ms+6ms
07-01 19:56:12.595 13835 13934 D dalvikvm: GC_FOR_ALLOC freed 487K, 8% free 10678K/11591K, paused 26ms
07-01 19:56:13.653 13835 13837 D dalvikvm: GC_CONCURRENT freed 415K, 7% free 10781K/11591K, paused 5ms+2ms
07-01 19:56:14.638 13835 13934 D dalvikvm: GC_FOR_ALLOC freed 409K, 7% free 10781K/11591K, paused 22ms
07-01 19:56:15.622 13835 13934 D dalvikvm: GC_FOR_ALLOC freed 409K, 7% free 10781K/11591K, paused 49ms
07-01 19:56:15.872   345   345 D SAN_SERVICE: *******************************************
07-01 19:56:15.872   345   345 D SAN_SERVICE: DM App Phone Service State - 0
07-01 19:56:15.872   345   345 D SAN_SERVICE: *******************************************
07-01 19:56:16.333   345   345 D SAN_SERVICE: *******************************************
07-01 19:56:16.333   345   345 D SAN_SERVICE: DM App Phone Service State - 0
07-01 19:56:16.333   345   345 D SAN_SERVICE: *******************************************
07-01 19:56:16.540   345   345 D SAN_SERVICE: *******************************************
07-01 19:56:16.540   345   345 D SAN_SERVICE: DM App Phone Service State - 0
07-01 19:56:16.540   345   345 D SAN_SERVICE: *******************************************
07-01 19:56:16.602 13835 13934 D dalvikvm: GC_FOR_ALLOC freed 409K, 7% free 10781K/11591K, paused 28ms
07-01 19:56:17.618 13835 13934 D dalvikvm: GC_FOR_ALLOC freed 404K, 7% free 10781K/11591K, paused 44ms
07-01 19:56:18.599 13835 13934 D dalvikvm: GC_FOR_ALLOC freed 400K, 8% free 10729K/11591K, paused 22ms
07-01 19:56:19.630 13835 13837 D dalvikvm: GC_CONCURRENT freed 406K, 7% free 10781K/11591K, paused 2ms+3ms
07-01 19:56:20.099   145   147 D dalvikvm: GC_CONCURRENT freed 1840K, 24% free 16560K/21639K, paused 4ms+7ms
07-01 19:56:20.653 13835 13934 D dalvikvm: GC_FOR_ALLOC freed 404K, 7% free 10781K/11591K, paused 56ms
07-01 19:56:21.634 13835 13934 D dalvikvm: GC_FOR_ALLOC freed 503K, 8% free 10697K/11591K, paused 26ms
07-01 19:56:22.767 13835 13837 D dalvikvm: GC_CONCURRENT freed 445K, 8% free 10697K/11591K, paused 6ms+4ms
07-01 19:56:23.927 13835 13837 D dalvikvm: GC_CONCURRENT freed 351K, 7% free 10822K/11591K, paused 2ms+2ms
07-01 19:56:25.813 13835 13934 D dalvikvm: GC_FOR_ALLOC freed 567K, 8% free 10679K/11591K, paused 39ms
07-01 19:56:26.149   345   345 D SAN_SERVICE: *******************************************
07-01 19:56:26.149   345   345 D SAN_SERVICE: DM App Phone Service State - 0
07-01 19:56:26.149   345   345 D SAN_SERVICE: *******************************************
07-01 19:56:26.556 13835 13837 D dalvikvm: GC_CONCURRENT freed 353K, 8% free 10750K/11591K, paused 2ms+2ms
07-01 19:56:26.599   345   345 D SAN_SERVICE: *******************************************
07-01 19:56:26.599   345   345 D SAN_SERVICE: DM App Phone Service State - 0
07-01 19:56:26.599   345   345 D SAN_SERVICE: *******************************************
07-01 19:56:27.809 13835 13837 D dalvikvm: GC_CONCURRENT freed 500K, 8% free 10705K/11591K, paused 2ms+3ms
07-01 19:56:28.931 13835 13837 D dalvikvm: GC_CONCURRENT freed 422K, 8% free 10760K/11591K, paused 91ms+3ms
07-01 19:56:30.099 13835 13837 D dalvikvm: GC_CONCURRENT freed 505K, 8% free 10718K/11591K, paused 3ms+2ms
07-01 19:56:31.200 13835 13837 D dalvikvm: GC_CONCURRENT freed 439K, 8% free 10779K/11591K, paused 2ms+3ms
07-01 19:56:32.360 13835 13837 D dalvikvm: GC_CONCURRENT freed 543K, 8% free 10709K/11591K, paused 2ms+3ms
07-01 19:56:33.251   345   347 D dalvikvm: GC_CONCURRENT freed 749K, 9% free 11641K/12679K, paused 27ms+3ms
07-01 19:56:33.602 13835 13837 D dalvikvm: GC_CONCURRENT freed 449K, 8% free 10738K/11591K, paused 3ms+3ms
07-01 19:56:35.208 13835 13934 D dalvikvm: GC_FOR_ALLOC freed 490K, 8% free 10678K/11591K, paused 52ms
07-01 19:56:36.302 13835 13837 D dalvikvm: GC_CONCURRENT freed 395K, 8% free 10718K/11591K, paused 7ms+2ms
07-01 19:56:37.638 13835 13934 D dalvikvm: GC_FOR_ALLOC freed 410K, 8% free 10741K/11591K, paused 23ms
07-01 19:56:38.614 13835 13934 D dalvikvm: GC_FOR_ALLOC freed 404K, 8% free 10741K/11591K, paused 38ms
07-01 19:56:39.825 13835 13837 D dalvikvm: GC_CONCURRENT freed 489K, 8% free 10717K/11591K, paused 2ms+2ms
07-01 19:56:40.809 13835 13934 D dalvikvm: GC_FOR_ALLOC freed 335K, 7% free 10805K/11591K, paused 23ms
07-01 19:56:41.825 13835 13934 D dalvikvm: GC_FOR_ALLOC freed 450K, 8% free 10741K/11591K, paused 25ms
07-01 19:56:42.962 13835 13934 D dalvikvm: GC_FOR_ALLOC freed 419K, 8% free 10741K/11591K, paused 23ms
07-01 19:56:44.145 13835 13837 D dalvikvm: GC_CONCURRENT freed 407K, 7% free 10804K/11591K, paused 2ms+2ms
07-01 19:56:45.204 13835 13934 D dalvikvm: GC_FOR_ALLOC freed 403K, 7% free 10805K/11591K, paused 24ms
07-01 19:56:47.020   345   345 D SAN_SERVICE: *******************************************
07-01 19:56:47.020   345   345 D SAN_SERVICE: DM App Phone Service State - 0
07-01 19:56:47.020   345   345 D SAN_SERVICE: *******************************************
07-01 19:56:47.177 13835 13934 D dalvikvm: GC_FOR_ALLOC freed 404K, 7% free 10807K/11591K, paused 46ms
07-01 19:56:47.235   345   345 D SAN_SERVICE: *******************************************
07-01 19:56:47.235   345   345 D SAN_SERVICE: DM App Phone Service State - 0
07-01 19:56:47.235   345   345 D SAN_SERVICE: *******************************************
07-01 19:56:48.224 13835 13934 D dalvikvm: GC_FOR_ALLOC freed 439K, 7% free 10808K/11591K, paused 23ms
07-01 19:56:49.169 13835 13934 D dalvikvm: GC_FOR_ALLOC freed 429K, 7% free 10788K/11591K, paused 25ms
07-01 19:56:50.048 14128 14141 I PhoneLab-: Service Running
07-01 19:56:50.165 13835 13934 D dalvikvm: GC_FOR_ALLOC freed 438K, 7% free 10788K/11591K, paused 25ms
07-01 19:56:50.204 14128 14141 I PhoneLab-LoggerService: app_37    1360  1     1436   996   c00f181c 400107b4 S logcat
07-01 19:56:50.204 14128 14141 I PhoneLab-LoggerService: Logcat pid from database 1360
07-01 19:56:50.204 14128 14141 I PhoneLab-LoggerService: Logcat process found 1360
07-01 19:56:50.204 14128 14141 I PhoneLab-LoggerService: Checking Threshold
07-01 19:56:50.204 14128 14141 I PhoneLab-LoggerService: Starting to rename files
07-01 19:56:50.204 14128 14141 I PhoneLab-LoggerService: Files found .. 2
07-01 19:56:51.145   145   200 D DhcpInfoInternal: makeLinkProperties with empty dns2!
07-01 19:56:51.149   145   200 D DhcpInfoInternal: makeLinkProperties with empty dns2!
07-01 19:56:51.212 13835 13934 D dalvikvm: GC_FOR_ALLOC freed 434K, 7% free 10788K/11591K, paused 32ms
07-01 19:56:52.243 13835 13934 D dalvikvm: GC_FOR_ALLOC freed 439K, 7% free 10788K/11591K, paused 78ms
07-01 19:56:53.173 13835 13934 D dalvikvm: GC_FOR_ALLOC freed 426K, 8% free 10732K/11591K, paused 23ms
07-01 19:56:54.216 13835 13934 D dalvikvm: GC_FOR_ALLOC freed 434K, 8% free 10733K/11591K, paused 25ms
07-01 19:56:55.407 13835 13837 D dalvikvm: GC_CONCURRENT freed 431K, 7% free 10804K/11591K, paused 4ms+3ms
07-01 19:56:56.450 13835 13934 D dalvikvm: GC_FOR_ALLOC freed 586K, 8% free 10679K/11591K, paused 28ms
07-01 19:56:56.786   345   345 D SAN_SERVICE: *******************************************
07-01 19:56:56.786   345   345 D SAN_SERVICE: DM App Phone Service State - 0
07-01 19:56:56.786   345   345 D SAN_SERVICE: *******************************************
07-01 19:56:57.642 13835 13837 D dalvikvm: GC_CONCURRENT freed 268K, 7% free 10867K/11591K, paused 2ms+2ms
07-01 19:56:59.044 13835 13934 D dalvikvm: GC_FOR_ALLOC freed 404K, 8% free 10741K/11591K, paused 35ms
07-01 19:57:00.102 13835 13934 D dalvikvm: GC_FOR_ALLOC freed 404K, 8% free 10741K/11591K, paused 48ms
07-01 19:57:00.388    81   129 W AudioTrack: stepServer() could not lock cblk
07-01 19:57:01.138 13835 13837 D dalvikvm: GC_CONCURRENT freed 407K, 7% free 10805K/11591K, paused 62ms+3ms
07-01 19:57:02.099 13835 13934 D dalvikvm: GC_FOR_ALLOC freed 404K, 8% free 10767K/11591K, paused 50ms
07-01 19:57:03.239 13835 13837 D dalvikvm: GC_CONCURRENT freed 449K, 7% free 10812K/11591K, paused 3ms+2ms
07-01 19:57:04.419 13835 13934 D dalvikvm: GC_FOR_ALLOC freed 409K, 8% free 10767K/11591K, paused 22ms
07-01 19:57:05.489 13835 13837 D dalvikvm: GC_CONCURRENT freed 533K, 8% free 10697K/11591K, paused 2ms+2ms
07-01 19:57:06.645 13835 13837 D dalvikvm: GC_CONCURRENT freed 431K, 8% free 10736K/11591K, paused 5ms+2ms
07-01 19:57:08.622 13835 13837 D dalvikvm: GC_CONCURRENT freed 496K, 8% free 10689K/11591K, paused 3ms+2ms
07-01 19:57:09.618   145   147 D dalvikvm: GC_CONCURRENT freed 1846K, 24% free 16552K/21639K, paused 8ms+11ms
07-01 19:57:09.673 13835 13837 D dalvikvm: GC_CONCURRENT freed 445K, 8% free 10680K/11591K, paused 14ms+2ms
07-01 19:57:10.419 13835 13837 D dalvikvm: GC_CONCURRENT freed 370K, 8% free 10735K/11591K, paused 2ms+2ms
07-01 19:57:11.493 14063 14064 D dalvikvm: GC_CONCURRENT freed 508K, 8% free 10225K/11015K, paused 16ms+6ms
07-01 19:57:11.630 13835 13837 D dalvikvm: GC_CONCURRENT freed 449K, 8% free 10735K/11591K, paused 6ms+5ms
07-01 19:57:11.642 13246 13248 D dalvikvm: GC_CONCURRENT freed 474K, 7% free 10163K/10887K, paused 1ms+4ms
07-01 19:57:12.157   345   345 D SAN_SERVICE: *******************************************
07-01 19:57:12.157   345   345 D SAN_SERVICE: DM App Phone Service State - 0
07-01 19:57:12.157   345   345 D SAN_SERVICE: *******************************************
07-01 19:57:12.474   345   345 D SAN_SERVICE: *******************************************
07-01 19:57:12.474   345   345 D SAN_SERVICE: DM App Phone Service State - 0
07-01 19:57:12.474   345   345 D SAN_SERVICE: *******************************************
07-01 19:57:12.716   345   345 D SAN_SERVICE: *******************************************
07-01 19:57:12.716   345   345 D SAN_SERVICE: DM App Phone Service State - 0
07-01 19:57:12.716   345   345 D SAN_SERVICE: *******************************************
07-01 19:57:12.809 13835 13837 D dalvikvm: GC_CONCURRENT freed 501K, 8% free 10684K/11591K, paused 3ms+6ms
07-01 19:57:14.009 13835 13837 D dalvikvm: GC_CONCURRENT freed 420K, 7% free 10803K/11591K, paused 2ms+3ms
07-01 19:57:15.134 13835 13934 D dalvikvm: GC_FOR_ALLOC freed 412K, 7% free 10805K/11591K, paused 33ms
07-01 19:57:16.239 13835 13934 D dalvikvm: GC_FOR_ALLOC freed 409K, 7% free 10805K/11591K, paused 24ms
07-01 19:57:17.981 13835 13934 D dalvikvm: GC_FOR_ALLOC freed 422K, 7% free 10807K/11591K, paused 46ms
07-01 19:57:18.958 13835 13934 D dalvikvm: GC_FOR_ALLOC freed 395K, 8% free 10742K/11591K, paused 34ms
07-01 19:57:19.966 13835 13934 D dalvikvm: GC_FOR_ALLOC freed 399K, 8% free 10741K/11591K, paused 22ms
07-01 19:57:21.005 13835 13837 D dalvikvm: GC_CONCURRENT freed 442K, 7% free 10805K/11591K, paused 10ms+2ms
07-01 19:57:21.977 13835 13934 D dalvikvm: GC_FOR_ALLOC freed 409K, 7% free 10805K/11591K, paused 45ms
07-01 19:57:22.981 13835 13934 D dalvikvm: GC_FOR_ALLOC freed 404K, 7% free 10805K/11591K, paused 23ms
07-01 19:57:24.020 13835 13934 D dalvikvm: GC_FOR_ALLOC freed 404K, 7% free 10805K/11591K, paused 23ms
07-01 19:57:25.153 13835 13934 D dalvikvm: GC_FOR_ALLOC freed 404K, 7% free 10804K/11591K, paused 22ms
07-01 19:57:26.341 13835 13934 D dalvikvm: GC_FOR_ALLOC freed 437K, 7% free 10805K/11591K, paused 39ms
07-01 19:57:27.696 13835 13934 D dalvikvm: GC_FOR_ALLOC freed 401K, 8% free 10741K/11591K, paused 85ms
07-01 19:57:28.708 13835 13934 D dalvikvm: GC_FOR_ALLOC freed 403K, 8% free 10741K/11591K, paused 94ms
07-01 19:57:29.642 13835 13934 D dalvikvm: GC_FOR_ALLOC freed 409K, 8% free 10740K/11591K, paused 23ms
07-01 19:57:30.813 13835 13837 D dalvikvm: GC_CONCURRENT freed 479K, 8% free 10742K/11591K, paused 3ms+2ms
07-01 19:57:31.911 13835 13934 D dalvikvm: GC_FOR_ALLOC freed 460K, 8% free 10724K/11591K, paused 22ms
07-01 19:57:34.024 13835 13934 D dalvikvm: GC_FOR_ALLOC freed 351K, 7% free 10807K/11591K, paused 25ms
07-01 19:57:35.020 13835 13934 D dalvikvm: GC_FOR_ALLOC freed 390K, 8% free 10742K/11591K, paused 22ms
07-01 19:57:36.153 13835 13934 D dalvikvm: GC_FOR_ALLOC freed 395K, 8% free 10744K/11591K, paused 61ms
07-01 19:57:36.419 12856 12858 D dalvikvm: GC_CONCURRENT freed 359K, 9% free 10287K/11207K, paused 8ms+8ms
07-01 19:57:37.138 13835 13934 D dalvikvm: GC_FOR_ALLOC freed 395K, 8% free 10742K/11591K, paused 40ms
07-01 19:57:38.134 13835 13934 D dalvikvm: GC_FOR_ALLOC freed 394K, 8% free 10742K/11591K, paused 26ms
07-01 19:57:39.138 13835 13934 D dalvikvm: GC_FOR_ALLOC freed 394K, 8% free 10741K/11591K, paused 32ms
07-01 19:57:40.134 13835 13934 D dalvikvm: GC_FOR_ALLOC freed 399K, 8% free 10741K/11591K, paused 29ms
07-01 19:57:41.149 13835 13837 D dalvikvm: GC_CONCURRENT freed 402K, 7% free 10804K/11591K, paused 2ms+3ms
07-01 19:57:42.161 13835 13934 D dalvikvm: GC_FOR_ALLOC freed 399K, 7% free 10804K/11591K, paused 25ms
07-01 19:57:44.036 13835 13934 D dalvikvm: GC_FOR_ALLOC freed 389K, 7% free 10807K/11591K, paused 22ms
07-01 19:57:45.142 13835 13934 D dalvikvm: GC_FOR_ALLOC freed 390K, 8% free 10742K/11591K, paused 37ms
07-01 19:57:46.161 13835 13934 D dalvikvm: GC_FOR_ALLOC freed 397K, 8% free 10742K/11591K, paused 53ms
07-01 19:57:47.149 13835 13934 D dalvikvm: GC_FOR_ALLOC freed 394K, 8% free 10742K/11591K, paused 40ms
07-01 19:57:48.196 13835 13934 D dalvikvm: GC_FOR_ALLOC freed 394K, 8% free 10742K/11591K, paused 36ms
07-01 19:57:49.138 13835 13934 D dalvikvm: GC_FOR_ALLOC freed 394K, 8% free 10742K/11591K, paused 22ms
07-01 19:57:49.852    81   129 W AudioTrack: stepServer() could not lock cblk
07-01 19:57:50.177 13835 13934 D dalvikvm: GC_FOR_ALLOC freed 394K, 8% free 10742K/11591K, paused 61ms
07-01 19:57:51.317 13835 13934 D dalvikvm: GC_FOR_ALLOC freed 394K, 8% free 10742K/11591K, paused 22ms
07-01 19:57:52.372 13835 13934 D dalvikvm: GC_FOR_ALLOC freed 394K, 8% free 10742K/11591K, paused 27ms
07-01 19:57:53.372 13835 13934 D dalvikvm: GC_FOR_ALLOC freed 394K, 8% free 10742K/11591K, paused 27ms
07-01 19:57:54.505 13835 13837 D dalvikvm: GC_CONCURRENT freed 470K, 8% free 10719K/11591K, paused 5ms+3ms
07-01 19:57:55.563 13835 13837 D dalvikvm: GC_CONCURRENT freed 480K, 8% free 10710K/11591K, paused 3ms+5ms
07-01 19:57:56.278   145   147 D dalvikvm: GC_CONCURRENT freed 1845K, 24% free 16569K/21639K, paused 18ms+6ms
07-01 19:57:56.700 13835 13934 D dalvikvm: GC_FOR_ALLOC freed 298K, 7% free 10804K/11591K, paused 23ms
07-01 19:57:57.833    81   129 W AudioTrack: stepServer() could not lock cblk
07-01 19:57:57.911 13835 13934 D dalvikvm: GC_FOR_ALLOC freed 395K, 8% free 10678K/11591K, paused 30ms
07-01 19:57:58.739   345   345 D SAN_SERVICE: *******************************************
07-01 19:57:58.739   345   345 D SAN_SERVICE: DM App Phone Service State - 0
07-01 19:57:58.739   345   345 D SAN_SERVICE: *******************************************
07-01 19:57:58.892   345   345 D SAN_SERVICE: *******************************************
07-01 19:57:58.895   345   345 D SAN_SERVICE: DM App Phone Service State - 0
07-01 19:57:58.895   345   345 D SAN_SERVICE: *******************************************
07-01 19:57:59.040 13835 13837 D dalvikvm: GC_CONCURRENT freed 399K, 7% free 10803K/11591K, paused 2ms+3ms
07-01 19:58:00.075 13835 13934 D dalvikvm: GC_FOR_ALLOC freed 402K, 7% free 10804K/11591K, paused 22ms
07-01 19:58:01.184 13835 13837 D dalvikvm: GC_CONCURRENT freed 586K, 8% free 10693K/11591K, paused 3ms+3ms
07-01 19:58:02.688 13835 13837 D dalvikvm: GC_CONCURRENT freed 277K, 7% free 10867K/11591K, paused 2ms+2ms
07-01 19:58:03.653 13835 13934 D dalvikvm: GC_FOR_ALLOC freed 399K, 8% free 10741K/11591K, paused 49ms
07-01 19:58:04.638 13835 13934 D dalvikvm: GC_FOR_ALLOC freed 404K, 8% free 10741K/11591K, paused 23ms
07-01 19:58:05.727 13835 13837 D dalvikvm: GC_CONCURRENT freed 406K, 7% free 10804K/11591K, paused 2ms+2ms
07-01 19:58:06.809 13835 13934 D dalvikvm: GC_FOR_ALLOC freed 449K, 8% free 10728K/11591K, paused 25ms
07-01 19:58:07.903 13835 13837 D dalvikvm: GC_CONCURRENT freed 477K, 8% free 10702K/11591K, paused 4ms+6ms
07-01 19:58:08.520   345   345 D SAN_SERVICE: *******************************************
07-01 19:58:08.520   345   345 D SAN_SERVICE: DM App Phone Service State - 0
07-01 19:58:08.520   345   345 D SAN_SERVICE: *******************************************
07-01 19:58:09.142   345   345 D SAN_SERVICE: *******************************************
07-01 19:58:09.142   345   345 D SAN_SERVICE: DM App Phone Service State - 0
07-01 19:58:09.142   345   345 D SAN_SERVICE: *******************************************
07-01 19:58:09.184 13835 13934 D dalvikvm: GC_FOR_ALLOC freed 321K, 7% free 10804K/11591K, paused 29ms
07-01 19:58:10.294 13835 13934 D dalvikvm: GC_FOR_ALLOC freed 461K, 8% free 10741K/11591K, paused 22ms
07-01 19:58:11.407 13835 13934 D dalvikvm: GC_FOR_ALLOC freed 446K, 8% free 10736K/11591K, paused 33ms
07-01 19:58:12.462 13835 13837 D dalvikvm: GC_CONCURRENT freed 480K, 8% free 10712K/11591K, paused 4ms+3ms
07-01 19:58:13.767 13835 13837 D dalvikvm: GC_CONCURRENT freed 456K, 8% free 10749K/11591K, paused 31ms+3ms
07-01 19:58:15.325 13835 13934 D dalvikvm: GC_FOR_ALLOC freed 484K, 8% free 10678K/11591K, paused 22ms
07-01 19:58:16.384 13835 13837 D dalvikvm: GC_CONCURRENT freed 408K, 7% free 10803K/11591K, paused 3ms+10ms
07-01 19:58:17.645 13835 13934 D dalvikvm: GC_FOR_ALLOC freed 540K, 8% free 10706K/11591K, paused 101ms
07-01 19:58:18.642 13835 13837 D dalvikvm: GC_CONCURRENT freed 430K, 8% free 10710K/11591K, paused 3ms+3ms
07-01 19:58:19.786 13835 13837 D dalvikvm: GC_CONCURRENT freed 316K, 7% free 10867K/11591K, paused 3ms+5ms
07-01 19:58:20.427   345   345 D SAN_SERVICE: *******************************************
07-01 19:58:20.427   345   345 D SAN_SERVICE: DM App Phone Service State - 0
07-01 19:58:20.427   345   345 D SAN_SERVICE: *******************************************
07-01 19:58:20.856 13835 13934 D dalvikvm: GC_FOR_ALLOC freed 405K, 8% free 10741K/11591K, paused 22ms
07-01 19:58:21.243   345   345 D SAN_SERVICE: *******************************************
07-01 19:58:21.243   345   345 D SAN_SERVICE: DM App Phone Service State - 0
07-01 19:58:21.243   345   345 D SAN_SERVICE: *******************************************
07-01 19:58:22.009 13835 13837 D dalvikvm: GC_CONCURRENT freed 441K, 7% free 10804K/11591K, paused 2ms+2ms
07-01 19:58:23.071 13835 13934 D dalvikvm: GC_FOR_ALLOC freed 447K, 8% free 10739K/11591K, paused 30ms
07-01 19:58:24.235 13835 13837 D dalvikvm: GC_CONCURRENT freed 504K, 8% free 10697K/11591K, paused 2ms+2ms
07-01 19:58:25.595 13835 13837 D dalvikvm: GC_CONCURRENT freed 275K, 7% free 10867K/11591K, paused 2ms+3ms
07-01 19:58:26.950 13835 13934 D dalvikvm: GC_FOR_ALLOC freed 400K, 8% free 10740K/11591K, paused 22ms
07-01 19:58:27.985 13835 13837 D dalvikvm: GC_CONCURRENT freed 467K, 8% free 10778K/11591K, paused 2ms+3ms
07-01 19:58:29.161 13835 13934 D dalvikvm: GC_FOR_ALLOC freed 519K, 8% free 10697K/11591K, paused 22ms
07-01 19:58:30.434 13835 13837 D dalvikvm: GC_CONCURRENT freed 432K, 8% free 10737K/11591K, paused 34ms+44ms
07-01 19:58:30.591 13897 14181 I SqliteDatabaseCpp: sqlite returned: error code = 1, msg = no such column: wipeout_stats, db=/data/data/com.google.android.apps.plus/databases/picasa.db
07-01 19:58:30.649 13897 14181 W System.err: android.database.sqlite.SQLiteException: no such column: wipeout_stats: , while compiling: SELECT wipeout_stats  FROM account_status
07-01 19:58:30.731 13897 14181 W System.err: 	at android.database.sqlite.SQLiteCompiledSql.native_compile(Native Method)
07-01 19:58:30.731 13897 14181 W System.err: 	at android.database.sqlite.SQLiteCompiledSql.<init>(SQLiteCompiledSql.java:68)
07-01 19:58:30.731 13897 14181 W System.err: 	at android.database.sqlite.SQLiteProgram.compileSql(SQLiteProgram.java:143)
07-01 19:58:30.735 13897 14181 W System.err: 	at android.database.sqlite.SQLiteProgram.compileAndbindAllArgs(SQLiteProgram.java:361)
07-01 19:58:30.735 13897 14181 W System.err: 	at android.database.sqlite.SQLiteStatement.acquireAndLock(SQLiteStatement.java:260)
07-01 19:58:30.739 13897 14181 W System.err: 	at android.database.sqlite.SQLiteStatement.simpleQueryForLong(SQLiteStatement.java:137)
07-01 19:58:30.739 13897 14181 W System.err: 	at android.database.DatabaseUtils.longForQuery(DatabaseUtils.java:791)
07-01 19:58:30.739 13897 14181 W System.err: 	at android.database.DatabaseUtils.longForQuery(DatabaseUtils.java:779)
07-01 19:58:30.739 13897 14181 W System.err: 	at com.google.android.apps.plus.content.EsAccountsData.isContactsStatsWipeoutNeeded(EsAccountsData.java:641)
07-01 19:58:30.739 13897 14181 W System.err: 	at com.google.android.apps.plus.service.EsService.processIntent(EsService.java:4246)
07-01 19:58:30.739 13897 14181 W System.err: 	at com.google.android.apps.plus.service.ServiceThread$1.run(ServiceThread.java:50)
07-01 19:58:30.739 13897 14181 W System.err: 	at android.os.Handler.handleCallback(Handler.java:605)
07-01 19:58:30.743 13897 14181 W System.err: 	at android.os.Handler.dispatchMessage(Handler.java:92)
07-01 19:58:30.743 13897 14181 W System.err: 	at android.os.Looper.loop(Looper.java:137)
07-01 19:58:30.751 13897 14181 W System.err: 	at com.google.android.apps.plus.service.ServiceThread.run(ServiceThread.java:122)
07-01 19:58:31.513 13835 13837 D dalvikvm: GC_CONCURRENT freed 490K, 8% free 10713K/11591K, paused 2ms+3ms
07-01 19:58:32.548 13897 13899 D dalvikvm: GC_CONCURRENT freed 1132K, 9% free 12838K/14087K, paused 108ms+3ms
07-01 19:58:32.817 13835 13837 D dalvikvm: GC_CONCURRENT freed 469K, 8% free 10742K/11591K, paused 2ms+4ms
07-01 19:58:33.595   145   147 D dalvikvm: GC_CONCURRENT freed 1782K, 24% free 16550K/21639K, paused 6ms+7ms
07-01 19:58:33.841 13835 13934 D dalvikvm: GC_FOR_ALLOC freed 458K, 8% free 10725K/11591K, paused 32ms
07-01 19:58:35.102 13835 13837 D dalvikvm: GC_CONCURRENT freed 393K, 7% free 10808K/11591K, paused 3ms+4ms
07-01 19:58:36.087 13835 13934 D dalvikvm: GC_FOR_ALLOC freed 401K, 8% free 10736K/11591K, paused 28ms
07-01 19:58:36.341 13897 13899 D dalvikvm: GC_CONCURRENT freed 1049K, 9% free 12981K/14151K, paused 13ms+3ms
07-01 19:58:36.364 13897 14182 E dalvikvm: Could not find class 'android.app.Notification$InboxStyle', referenced from method com.google.android.apps.plus.service.AndroidNotification.createDigestNotification
07-01 19:58:36.364 13897 14182 W dalvikvm: VFY: unable to resolve new-instance 41 (Landroid/app/Notification$InboxStyle;) in Lcom/google/android/apps/plus/service/AndroidNotification;
07-01 19:58:36.364 13897 14182 D dalvikvm: VFY: replacing opcode 0x22 at 0x0018
07-01 19:58:36.368 13897 14182 I dalvikvm: Could not find method android.app.Notification$Builder.setPriority, referenced from method com.google.android.apps.plus.service.AndroidNotification.createRichNotification
07-01 19:58:36.368 13897 14182 W dalvikvm: VFY: unable to resolve virtual method 162: Landroid/app/Notification$Builder;.setPriority (I)Landroid/app/Notification$Builder;
07-01 19:58:36.368 13897 14182 D dalvikvm: VFY: replacing opcode 0x6e at 0x00d5
07-01 19:58:36.384 13897 14182 D dalvikvm: DexOpt: unable to opt direct call 0x00a8 at 0x1a in Lcom/google/android/apps/plus/service/AndroidNotification;.createDigestNotification
07-01 19:58:36.384 13897 14182 D dalvikvm: DexOpt: unable to opt direct call 0x0091 at 0xf1 in Lcom/google/android/apps/plus/service/AndroidNotification;.createRichNotification
07-01 19:58:36.384 13897 14182 D dalvikvm: DexOpt: unable to opt direct call 0x0095 at 0x397 in Lcom/google/android/apps/plus/service/AndroidNotification;.createRichNotification
07-01 19:58:37.251 13835 13837 D dalvikvm: GC_CONCURRENT freed 484K, 8% free 10737K/11591K, paused 2ms+2ms
07-01 19:58:38.399 13835 13837 D dalvikvm: GC_CONCURRENT freed 423K, 7% free 10796K/11591K, paused 3ms+3ms
07-01 19:58:39.481 13835 13837 D dalvikvm: GC_CONCURRENT freed 489K, 7% free 10782K/11591K, paused 3ms+2ms
07-01 19:58:40.587 13835 13934 D dalvikvm: GC_FOR_ALLOC freed 435K, 8% free 10753K/11591K, paused 30ms
07-01 19:58:40.767 13897 13899 D dalvikvm: GC_CONCURRENT freed 1115K, 9% free 13101K/14343K, paused 4ms+3ms
07-01 19:58:41.142 13897 13899 D dalvikvm: GC_CONCURRENT freed 1177K, 9% free 13196K/14471K, paused 2ms+3ms
07-01 19:58:41.872 13835 13934 D dalvikvm: GC_FOR_ALLOC freed 398K, 8% free 10741K/11591K, paused 24ms
07-01 19:58:42.927 13835 13934 D dalvikvm: GC_FOR_ALLOC freed 404K, 8% free 10741K/11591K, paused 27ms
07-01 19:58:43.942 13835 13934 D dalvikvm: GC_FOR_ALLOC freed 404K, 8% free 10741K/11591K, paused 29ms
07-01 19:58:44.009 13897 14182 D dalvikvm: GC_FOR_ALLOC freed 504K, 7% free 13660K/14535K, paused 48ms
07-01 19:58:44.563   345   345 D SAN_SERVICE: *******************************************
07-01 19:58:44.563   345   345 D SAN_SERVICE: DM App Phone Service State - 0
07-01 19:58:44.563   345   345 D SAN_SERVICE: *******************************************
07-01 19:58:44.610 14063 14064 D dalvikvm: GC_CONCURRENT freed 390K, 8% free 10220K/11015K, paused 2ms+4ms
07-01 19:58:45.040   145   361 I ActivityManager: Process com.google.android.apps.docs (pid 13876) has died.
07-01 19:58:45.079 13897 13899 D dalvikvm: GC_CONCURRENT freed 1151K, 9% free 13987K/15303K, paused 3ms+4ms
07-01 19:58:45.099 13835 13837 D dalvikvm: GC_CONCURRENT freed 420K, 8% free 10773K/11591K, paused 12ms+3ms
07-01 19:58:46.263 13835 13934 D dalvikvm: GC_FOR_ALLOC freed 466K, 8% free 10721K/11591K, paused 51ms
07-01 19:58:47.005 13897 13899 D dalvikvm: GC_CONCURRENT freed 1108K, 8% free 14449K/15687K, paused 5ms+3ms
07-01 19:58:47.481 13835 13837 D dalvikvm: GC_CONCURRENT freed 460K, 8% free 10769K/11591K, paused 2ms+2ms
07-01 19:58:48.966 13835 13837 D dalvikvm: GC_CONCURRENT freed 546K, 8% free 10682K/11591K, paused 3ms+2ms
07-01 19:58:50.056 14128 14141 I PhoneLab-: Service Running
07-01 19:58:50.134 13835 13837 D dalvikvm: GC_CONCURRENT freed 411K, 8% free 10778K/11591K, paused 6ms+2ms
07-01 19:58:50.290 14128 14141 I PhoneLab-LoggerService: app_37    1360  1     1436   996   c00ab7c8 40010474 D logcat
07-01 19:58:50.290 14128 14141 I PhoneLab-LoggerService: Logcat pid from database 1360
07-01 19:58:50.290 14128 14141 I PhoneLab-LoggerService: Logcat process found 1360
07-01 19:58:50.290 14128 14141 I PhoneLab-LoggerService: Checking Threshold
07-01 19:58:50.290 14128 14141 I PhoneLab-LoggerService: Starting to rename files
07-01 19:58:50.290 14128 14141 I PhoneLab-LoggerService: Files found .. 2
07-01 19:58:52.489 13835 13934 D dalvikvm: GC_FOR_ALLOC freed 350K, 7% free 10807K/11591K, paused 23ms
07-01 19:58:52.731 13897 13899 D dalvikvm: GC_CONCURRENT freed 2439K, 16% free 13759K/16327K, paused 2ms+10ms
07-01 19:58:53.509 13835 13934 D dalvikvm: GC_FOR_ALLOC freed 390K, 8% free 10742K/11591K, paused 46ms
07-01 19:58:53.856 13897 14182 I SqliteDatabaseCpp: sqlite returned: error code = 1, msg = no such column: last_stats_sync_time, db=/data/data/com.google.android.apps.plus/databases/picasa.db
07-01 19:58:53.880 13897 14182 E EsSyncAdapterService: Sync failure
07-01 19:58:53.880 13897 14182 E EsSyncAdapterService: android.database.sqlite.SQLiteException: no such column: last_stats_sync_time: , while compiling: SELECT last_stats_sync_time  FROM account_status
07-01 19:58:53.880 13897 14182 E EsSyncAdapterService: 	at android.database.sqlite.SQLiteCompiledSql.native_compile(Native Method)
07-01 19:58:53.880 13897 14182 E EsSyncAdapterService: 	at android.database.sqlite.SQLiteCompiledSql.<init>(SQLiteCompiledSql.java:68)
07-01 19:58:53.880 13897 14182 E EsSyncAdapterService: 	at android.database.sqlite.SQLiteProgram.compileSql(SQLiteProgram.java:143)
07-01 19:58:53.880 13897 14182 E EsSyncAdapterService: 	at android.database.sqlite.SQLiteProgram.compileAndbindAllArgs(SQLiteProgram.java:361)
07-01 19:58:53.880 13897 14182 E EsSyncAdapterService: 	at android.database.sqlite.SQLiteStatement.acquireAndLock(SQLiteStatement.java:260)
07-01 19:58:53.880 13897 14182 E EsSyncAdapterService: 	at android.database.sqlite.SQLiteStatement.simpleQueryForLong(SQLiteStatement.java:137)
07-01 19:58:53.880 13897 14182 E EsSyncAdapterService: 	at android.database.DatabaseUtils.longForQuery(DatabaseUtils.java:791)
07-01 19:58:53.880 13897 14182 E EsSyncAdapterService: 	at android.database.DatabaseUtils.longForQuery(DatabaseUtils.java:779)
07-01 19:58:53.880 13897 14182 E EsSyncAdapterService: 	at com.google.android.apps.plus.content.EsAccountsData.queryLastStatsSyncTimestamp(EsAccountsData.java:570)
07-01 19:58:53.880 13897 14182 E EsSyncAdapterService: 	at com.google.android.apps.plus.service.EsSyncAdapterService.syncContactsStatsIfNecessary(EsSyncAdapterService.java:670)
07-01 19:58:53.880 13897 14182 E EsSyncAdapterService: 	at com.google.android.apps.plus.service.EsSyncAdapterService.doFullSync(EsSyncAdapterService.java:633)
07-01 19:58:53.880 13897 14182 E EsSyncAdapterService: 	at com.google.android.apps.plus.service.EsSyncAdapterService.doSync(EsSyncAdapterService.java:566)
07-01 19:58:53.880 13897 14182 E EsSyncAdapterService: 	at com.google.android.apps.plus.service.EsSyncAdapterService.access$100(EsSyncAdapterService.java:52)
07-01 19:58:53.880 13897 14182 E EsSyncAdapterService: 	at com.google.android.apps.plus.service.EsSyncAdapterService$SyncAdapterImpl.onPerformSync(EsSyncAdapterService.java:408)
07-01 19:58:53.880 13897 14182 E EsSyncAdapterService: 	at android.content.AbstractThreadedSyncAdapter$SyncThread.run(AbstractThreadedSyncAdapter.java:247)
07-01 19:58:53.927   145   169 D SyncManager: failed sync operation lokeshmandvekar@gmail.com (com.google), com.google.android.apps.plus.content.EsProvider, SERVER, earliestRunTime 78300473, SyncResult: stats [ numParseExceptions: 1]
07-01 19:58:53.934   145   169 D SyncManager: not retrying sync operation because the error is a hard error: lokeshmandvekar@gmail.com (com.google), com.google.android.apps.plus.content.EsProvider, SERVER, earliestRunTime 78323819
07-01 19:58:54.587   345   345 D SAN_SERVICE: *******************************************
07-01 19:58:54.587   345   345 D SAN_SERVICE: DM App Phone Service State - 0
07-01 19:58:54.587   345   345 D SAN_SERVICE: *******************************************
07-01 19:58:54.614 13835 13934 D dalvikvm: GC_FOR_ALLOC freed 394K, 8% free 10742K/11591K, paused 149ms
07-01 19:58:55.540 13835 13934 D dalvikvm: GC_FOR_ALLOC freed 394K, 8% free 10742K/11591K, paused 34ms
07-01 19:58:56.485 13835 13934 D dalvikvm: GC_FOR_ALLOC freed 394K, 8% free 10742K/11591K, paused 24ms
07-01 19:58:57.509 13835 13934 D dalvikvm: GC_FOR_ALLOC freed 394K, 8% free 10742K/11591K, paused 50ms
07-01 19:58:58.501 13835 13934 D dalvikvm: GC_FOR_ALLOC freed 394K, 8% free 10742K/11591K, paused 38ms
07-01 19:58:59.474 13993 13994 D dalvikvm: GC_CONCURRENT freed 626K, 7% free 11317K/12039K, paused 9ms+3ms
07-01 19:58:59.509 13835 13934 D dalvikvm: GC_FOR_ALLOC freed 397K, 8% free 10742K/11591K, paused 47ms
07-01 19:58:59.630 13897 14186 D dalvikvm: GC_EXPLICIT freed 1707K, 20% free 13219K/16327K, paused 86ms+6ms
07-01 19:58:59.852   145   329 D dalvikvm: GC_EXPLICIT freed 1380K, 24% free 16550K/21639K, paused 4ms+8ms
07-01 19:59:00.110 13971 13972 D dalvikvm: GC_CONCURRENT freed 381K, 7% free 9530K/10183K, paused 12ms+4ms
07-01 19:59:00.224 13971 13982 D dalvikvm: GC_EXPLICIT freed 110K, 8% free 9438K/10183K, paused 3ms+3ms
07-01 19:59:00.489 13835 13934 D dalvikvm: GC_FOR_ALLOC freed 394K, 8% free 10742K/11591K, paused 27ms
07-01 19:59:01.317 11008 11010 D dalvikvm: GC_CONCURRENT freed 368K, 6% free 9933K/10567K, paused 10ms+13ms
07-01 19:59:01.384   345   345 D SAN_SERVICE: *******************************************
07-01 19:59:01.384   345   345 D SAN_SERVICE: DM App Phone Service State - 0
07-01 19:59:01.384   345   345 D SAN_SERVICE: *******************************************
07-01 19:59:01.489 13835 13934 D dalvikvm: GC_FOR_ALLOC freed 394K, 8% free 10742K/11591K, paused 23ms
07-01 19:59:02.083 11008 11010 D dalvikvm: GC_CONCURRENT freed 373K, 6% free 9953K/10567K, paused 6ms+10ms
07-01 19:59:02.559 13835 13934 D dalvikvm: GC_FOR_ALLOC freed 394K, 8% free 10742K/11591K, paused 53ms
07-01 19:59:02.864 13971 13972 D dalvikvm: GC_CONCURRENT freed 268K, 7% free 9554K/10183K, paused 2ms+4ms
07-01 19:59:03.630 13835 13934 D dalvikvm: GC_FOR_ALLOC freed 455K, 8% free 10722K/11591K, paused 37ms
07-01 19:59:04.806 13835 13837 D dalvikvm: GC_CONCURRENT freed 411K, 8% free 10772K/11591K, paused 2ms+3ms
07-01 19:59:06.013 13835 13934 D dalvikvm: GC_FOR_ALLOC freed 404K, 8% free 10773K/11591K, paused 22ms
07-01 19:59:07.220 13835 13934 D dalvikvm: GC_FOR_ALLOC freed 458K, 8% free 10748K/11591K, paused 36ms
07-01 19:59:08.235 13835 13837 D dalvikvm: GC_CONCURRENT freed 428K, 7% free 10782K/11591K, paused 2ms+2ms
07-01 19:59:09.309 13835 13934 D dalvikvm: GC_FOR_ALLOC freed 530K, 8% free 10706K/11591K, paused 22ms
07-01 19:59:11.106 13835 13837 D dalvikvm: GC_CONCURRENT freed 454K, 8% free 10741K/11591K, paused 25ms+2ms
07-01 19:59:11.794 13246 13248 D dalvikvm: GC_CONCURRENT freed 532K, 7% free 10144K/10887K, paused 56ms+2ms
07-01 19:59:12.044 13835 13934 D dalvikvm: GC_FOR_ALLOC freed 403K, 8% free 10741K/11591K, paused 23ms
07-01 19:59:13.298 13835 13837 D dalvikvm: GC_CONCURRENT freed 407K, 7% free 10804K/11591K, paused 2ms+2ms
07-01 19:59:14.325 13835 13934 D dalvikvm: GC_FOR_ALLOC freed 403K, 7% free 10805K/11591K, paused 21ms
07-01 19:59:15.677 13835 13934 D dalvikvm: GC_FOR_ALLOC freed 454K, 7% free 10805K/11591K, paused 33ms
07-01 19:59:16.251   145   200 D DhcpInfoInternal: makeLinkProperties with empty dns2!
07-01 19:59:16.251   145   200 D DhcpInfoInternal: makeLinkProperties with empty dns2!
07-01 19:59:16.692 13835 13934 D dalvikvm: GC_FOR_ALLOC freed 408K, 7% free 10805K/11591K, paused 50ms
07-01 19:59:17.696 13835 13934 D dalvikvm: GC_FOR_ALLOC freed 404K, 7% free 10805K/11591K, paused 23ms
07-01 19:59:18.782 13835 13934 D dalvikvm: GC_FOR_ALLOC freed 571K, 8% free 10678K/11591K, paused 24ms
07-01 19:59:19.923 13835 13837 D dalvikvm: GC_CONCURRENT freed 410K, 8% free 10705K/11591K, paused 2ms+3ms
07-01 19:59:20.208   345   345 D SAN_SERVICE: *******************************************
07-01 19:59:20.208   345   345 D SAN_SERVICE: DM App Phone Service State - 0
07-01 19:59:20.208   345   345 D SAN_SERVICE: *******************************************
07-01 19:59:20.688   345   345 D SAN_SERVICE: *******************************************
07-01 19:59:20.688   345   345 D SAN_SERVICE: DM App Phone Service State - 0
07-01 19:59:20.688   345   345 D SAN_SERVICE: *******************************************
07-01 19:59:21.610 13835 13934 D dalvikvm: GC_FOR_ALLOC freed 316K, 7% free 10804K/11591K, paused 22ms
07-01 19:59:23.040 13835 13934 D dalvikvm: GC_FOR_ALLOC freed 580K, 8% free 10683K/11591K, paused 24ms
07-01 19:59:23.798 13835 13837 D dalvikvm: GC_CONCURRENT freed 428K, 8% free 10682K/11591K, paused 7ms+3ms
07-01 19:59:24.739 13835 13837 D dalvikvm: GC_CONCURRENT freed 370K, 8% free 10750K/11591K, paused 5ms+2ms
07-01 19:59:25.755 13835 13837 D dalvikvm: GC_CONCURRENT freed 447K, 8% free 10751K/11591K, paused 5ms+2ms
07-01 19:59:26.997 13835 13837 D dalvikvm: GC_CONCURRENT freed 525K, 8% free 10681K/11591K, paused 63ms+3ms
07-01 19:59:27.802 13835 13837 D dalvikvm: GC_CONCURRENT freed 404K, 8% free 10716K/11591K, paused 8ms+2ms
07-01 19:59:28.989 13835 13837 D dalvikvm: GC_CONCURRENT freed 385K, 7% free 10780K/11591K, paused 2ms+2ms
07-01 19:59:30.075 13835 13934 D dalvikvm: GC_FOR_ALLOC freed 429K, 8% free 10778K/11591K, paused 29ms
07-01 19:59:32.286 13835 13934 D dalvikvm: GC_FOR_ALLOC freed 493K, 8% free 10678K/11591K, paused 23ms
07-01 19:59:33.157 11008 11010 D dalvikvm: GC_CONCURRENT freed 401K, 6% free 9938K/10567K, paused 16ms+6ms
07-01 19:59:33.341 13835 13837 D dalvikvm: GC_CONCURRENT freed 393K, 8% free 10742K/11591K, paused 12ms+3ms
07-01 19:59:34.329 13835 13934 D dalvikvm: GC_FOR_ALLOC freed 394K, 8% free 10742K/11591K, paused 60ms
07-01 19:59:35.364 13835 13934 D dalvikvm: GC_FOR_ALLOC freed 412K, 8% free 10742K/11591K, paused 90ms
07-01 19:59:35.556   345   345 D SAN_SERVICE: *******************************************
07-01 19:59:35.556   345   345 D SAN_SERVICE: DM App Phone Service State - 0
07-01 19:59:35.559   345   345 D SAN_SERVICE: *******************************************
07-01 19:59:35.798   345   345 D SAN_SERVICE: *******************************************
07-01 19:59:35.798   345   345 D SAN_SERVICE: DM App Phone Service State - 0
07-01 19:59:35.798   345   345 D SAN_SERVICE: *******************************************
07-01 19:59:36.892   345   345 D SAN_SERVICE: *******************************************
07-01 19:59:36.892   345   345 D SAN_SERVICE: DM App Phone Service State - 0
07-01 19:59:36.892   345   345 D SAN_SERVICE: *******************************************
07-01 19:59:37.024 13835 13934 D dalvikvm: GC_FOR_ALLOC freed 424K, 8% free 10742K/11591K, paused 22ms
07-01 19:59:37.716 13835 13934 D dalvikvm: GC_FOR_ALLOC freed 394K, 8% free 10742K/11591K, paused 38ms
07-01 19:59:38.677 13835 13934 D dalvikvm: GC_FOR_ALLOC freed 394K, 8% free 10742K/11591K, paused 25ms
07-01 19:59:39.739 13835 13934 D dalvikvm: GC_FOR_ALLOC freed 394K, 8% free 10742K/11591K, paused 22ms
07-01 19:59:40.720 13835 13934 D dalvikvm: GC_FOR_ALLOC freed 398K, 8% free 10678K/11591K, paused 23ms
07-01 19:59:41.931 13835 13837 D dalvikvm: GC_CONCURRENT freed 399K, 8% free 10755K/11591K, paused 24ms+3ms
07-01 19:59:41.993   145   147 D dalvikvm: GC_CONCURRENT freed 1775K, 24% free 16568K/21639K, paused 12ms+8ms
07-01 19:59:42.770 13835 13934 D dalvikvm: GC_FOR_ALLOC freed 407K, 8% free 10756K/11591K, paused 58ms
07-01 19:59:43.751 13835 13934 D dalvikvm: GC_FOR_ALLOC freed 400K, 8% free 10758K/11591K, paused 25ms
07-01 19:59:44.157    81   129 W AudioTrack: stepServer() could not lock cblk
07-01 19:59:44.778 13835 13934 D dalvikvm: GC_FOR_ALLOC freed 400K, 8% free 10756K/11591K, paused 22ms
07-01 19:59:45.864 13835 13837 D dalvikvm: GC_CONCURRENT freed 499K, 8% free 10715K/11591K, paused 3ms+2ms
07-01 19:59:47.618 13835 13837 D dalvikvm: GC_CONCURRENT freed 476K, 8% free 10735K/11591K, paused 6ms+3ms
07-01 19:59:48.856 13835 13837 D dalvikvm: GC_CONCURRENT freed 471K, 8% free 10718K/11591K, paused 24ms+2ms
07-01 19:59:49.786 13835 13837 D dalvikvm: GC_CONCURRENT freed 412K, 8% free 10759K/11591K, paused 2ms+2ms
07-01 19:59:50.845 13835 13934 D dalvikvm: GC_FOR_ALLOC freed 336K, 7% free 10805K/11591K, paused 22ms
07-01 19:59:51.989 13835 13934 D dalvikvm: GC_FOR_ALLOC freed 400K, 8% free 10741K/11591K, paused 23ms
07-01 19:59:55.009 13835 13837 D dalvikvm: GC_CONCURRENT freed 443K, 7% free 10810K/11591K, paused 2ms+2ms
07-01 19:59:56.005 13835 13934 D dalvikvm: GC_FOR_ALLOC freed 393K, 8% free 10742K/11591K, paused 39ms
07-01 19:59:56.306   345   345 D SAN_SERVICE: *******************************************
07-01 19:59:56.306   345   345 D SAN_SERVICE: DM App Phone Service State - 0
07-01 19:59:56.306   345   345 D SAN_SERVICE: *******************************************
07-01 19:59:56.794   345   345 D SAN_SERVICE: *******************************************
07-01 19:59:56.794   345   345 D SAN_SERVICE: DM App Phone Service State - 0
07-01 19:59:56.794   345   345 D SAN_SERVICE: *******************************************
07-01 19:59:56.985 13835 13934 D dalvikvm: GC_FOR_ALLOC freed 394K, 8% free 10742K/11591K, paused 55ms
07-01 19:59:57.962 13835 13934 D dalvikvm: GC_FOR_ALLOC freed 394K, 8% free 10742K/11591K, paused 48ms
07-01 19:59:59.114 13835 13934 D dalvikvm: GC_FOR_ALLOC freed 394K, 8% free 10742K/11591K, paused 43ms
07-01 19:59:59.489 14128 14128 I PhoneLab-Locks: wake lock acquired
07-01 19:59:59.579 14128 14222 I PhoneLab-PeriodicCheckService: User info is synched
07-01 19:59:59.622 14128 14222 I PhoneLab-PeriodicCheckService: Logger Service is running
07-01 19:59:59.645 14128 14128 I PhoneLab-Locks: wake lock acquired
07-01 19:59:59.649 14128 14128 I PhoneLab-StatusMonitor: Status Monitoring is started
07-01 19:59:59.657 14128 14222 I PhoneLab-Locks: wake lock acquired
07-01 19:59:59.700 14128 14222 I PhoneLab-PeriodicCheckService: Rescheduling periodic checking...
07-01 19:59:59.704 14128 14222 I PhoneLab-Locks: wake lock released
07-01 19:59:59.806 14128 14128 E PhoneLab-PhoneLabManifest: java.io.FileNotFoundException: /data/data/edu.buffalo.cse.phonelab.phonelabservices/files/manifest.xml: open failed: ENOENT (No such file or directory)
07-01 19:59:59.852 14128 14128 I PhoneLab-Locks: wake lock released
07-01 19:59:59.856 14128 14128 I PhoneLab-UploadLogs: Transfering log files now
07-01 20:00:00.161 13835 13934 D dalvikvm: GC_FOR_ALLOC freed 394K, 8% free 10742K/11591K, paused 91ms
07-01 20:00:00.181 14128 14129 D dalvikvm: GC_CONCURRENT freed 368K, 6% free 9117K/9607K, paused 13ms+5ms
07-01 20:00:00.306 14128 14128 D dalvikvm: GC_FOR_ALLOC freed 290K, 5% free 9200K/9671K, paused 16ms
07-01 20:00:00.341 14128 14128 D dalvikvm: GC_FOR_ALLOC freed 56K, 6% free 9263K/9799K, paused 13ms
07-01 20:00:00.341 14128 14128 I dalvikvm-heap: Grow heap (frag case) to 9.358MB for 254548-byte allocation
07-01 20:00:00.360 14128 14128 D dalvikvm: GC_FOR_ALLOC freed 120K, 7% free 9391K/10055K, paused 13ms
07-01 20:00:00.360 14128 14128 I dalvikvm-heap: Grow heap (frag case) to 9.733MB for 516692-byte allocation
07-01 20:00:00.392 14128 14129 D dalvikvm: GC_CONCURRENT freed 248K, 9% free 9647K/10567K, paused 1ms+3ms
07-01 20:00:00.395 14128 14128 I PhoneLab-UploadLogs: OnStartCommand
07-01 20:00:00.688 14128 14224 D dalvikvm: GC_FOR_ALLOC freed 382K, 9% free 9632K/10567K, paused 15ms
07-01 20:00:00.700 14128 14224 D dalvikvm: GC_FOR_ALLOC freed 301K, 9% free 9632K/10567K, paused 14ms
07-01 20:00:00.720 14128 14224 D dalvikvm: GC_FOR_ALLOC freed 301K, 9% free 9638K/10567K, paused 13ms
07-01 20:00:00.778   145   348 I ActivityManager: Process com.google.android.maps.mytracks (pid 13692) has died.
07-01 20:00:01.099 13835 13934 D dalvikvm: GC_FOR_ALLOC freed 394K, 8% free 10742K/11591K, paused 28ms
07-01 20:00:02.138 13835 13934 D dalvikvm: GC_FOR_ALLOC freed 394K, 8% free 10742K/11591K, paused 23ms
07-01 20:00:03.267 13835 13934 D dalvikvm: GC_FOR_ALLOC freed 397K, 8% free 10742K/11591K, paused 151ms
07-01 20:00:03.634 14128 14128 I PhoneLab-: 1341186181525.log is deleted
07-01 20:00:03.634 14128 14128 I PhoneLab-: Response: {"data": "done", "err": ""}
07-01 20:00:03.653 14128 14128 I PhoneLab-UploadLogs: No log files to transfer
07-01 20:00:03.653 14128 14128 I PhoneLab-Locks: wake lock released
07-01 20:00:04.177 13835 13934 D dalvikvm: GC_FOR_ALLOC freed 394K, 8% free 10742K/11591K, paused 53ms
07-01 20:00:05.165 13835 13934 D dalvikvm: GC_FOR_ALLOC freed 394K, 8% free 10742K/11591K, paused 48ms
07-01 20:00:06.302 13835 13934 D dalvikvm: GC_FOR_ALLOC freed 399K, 8% free 10742K/11591K, paused 24ms
07-01 20:00:06.317   345   345 D SAN_SERVICE: *******************************************
07-01 20:00:06.317   345   345 D SAN_SERVICE: DM App Phone Service State - 0
07-01 20:00:06.317   345   345 D SAN_SERVICE: *******************************************
07-01 20:00:06.587   345   345 D SAN_SERVICE: *******************************************
07-01 20:00:06.587   345   345 D SAN_SERVICE: DM App Phone Service State - 0
07-01 20:00:06.587   345   345 D SAN_SERVICE: *******************************************
07-01 20:00:07.313   345   345 D SAN_SERVICE: *******************************************
07-01 20:00:07.313   345   345 D SAN_SERVICE: DM App Phone Service State - 0
07-01 20:00:07.313   345   345 D SAN_SERVICE: *******************************************
07-01 20:00:07.364 13835 13837 D dalvikvm: GC_CONCURRENT freed 400K, 7% free 10807K/11591K, paused 2ms+5ms
07-01 20:00:08.372 13835 13934 D dalvikvm: GC_FOR_ALLOC freed 400K, 7% free 10807K/11591K, paused 22ms
07-01 20:00:09.415 13835 13934 D dalvikvm: GC_FOR_ALLOC freed 399K, 7% free 10804K/11591K, paused 37ms
07-01 20:00:10.423 13835 13934 D dalvikvm: GC_FOR_ALLOC freed 399K, 7% free 10804K/11591K, paused 53ms
07-01 20:00:11.458 13835 13934 D dalvikvm: GC_FOR_ALLOC freed 413K, 7% free 10805K/11591K, paused 32ms
07-01 20:00:11.587   345   345 D SAN_SERVICE: *******************************************
07-01 20:00:11.587   345   345 D SAN_SERVICE: DM App Phone Service State - 0
07-01 20:00:11.587   345   345 D SAN_SERVICE: *******************************************
07-01 20:00:11.677 14063 14064 D dalvikvm: GC_CONCURRENT freed 500K, 8% free 10232K/11015K, paused 2ms+4ms
07-01 20:00:12.028 13246 13248 D dalvikvm: GC_CONCURRENT freed 417K, 7% free 10127K/10887K, paused 6ms+2ms
07-01 20:00:12.431 13835 13934 D dalvikvm: GC_FOR_ALLOC freed 412K, 7% free 10805K/11591K, paused 43ms
07-01 20:00:13.384 13835 13934 D dalvikvm: GC_FOR_ALLOC freed 409K, 7% free 10805K/11591K, paused 22ms
07-01 20:00:14.528 13835 13934 D dalvikvm: GC_FOR_ALLOC freed 404K, 7% free 10805K/11591K, paused 22ms
07-01 20:00:15.642 13835 13934 D dalvikvm: GC_FOR_ALLOC freed 404K, 7% free 10804K/11591K, paused 22ms
07-01 20:00:16.743 13835 13934 D dalvikvm: GC_FOR_ALLOC freed 486K, 8% free 10744K/11591K, paused 23ms
07-01 20:00:18.005 13835 13837 D dalvikvm: GC_CONCURRENT freed 337K, 7% free 10867K/11591K, paused 2ms+2ms
07-01 20:00:19.040 13835 13934 D dalvikvm: GC_FOR_ALLOC freed 516K, 8% free 10678K/11591K, paused 22ms
07-01 20:00:20.184 13835 13837 D dalvikvm: GC_CONCURRENT freed 300K, 7% free 10868K/11591K, paused 2ms+3ms
07-01 20:00:21.302 13835 13934 D dalvikvm: GC_FOR_ALLOC freed 405K, 8% free 10741K/11591K, paused 28ms
07-01 20:00:21.665   345   345 D SAN_SERVICE: *******************************************
07-01 20:00:21.665   345   345 D SAN_SERVICE: DM App Phone Service State - 0
07-01 20:00:21.665   345   345 D SAN_SERVICE: *******************************************
07-01 20:00:22.384 13835 13837 D dalvikvm: GC_CONCURRENT freed 509K, 8% free 10701K/11591K, paused 3ms+3ms
07-01 20:00:23.544 13835 13837 D dalvikvm: GC_CONCURRENT freed 334K, 7% free 10804K/11591K, paused 2ms+2ms
07-01 20:00:24.786 13835 13934 D dalvikvm: GC_FOR_ALLOC freed 524K, 8% free 10678K/11591K, paused 23ms
07-01 20:00:25.821 13835 13837 D dalvikvm: GC_CONCURRENT freed 417K, 8% free 10734K/11591K, paused 2ms+2ms
07-01 20:00:26.907 13835 13837 D dalvikvm: GC_CONCURRENT freed 486K, 8% free 10693K/11591K, paused 2ms+2ms
07-01 20:00:28.063 13835 13837 D dalvikvm: GC_CONCURRENT freed 261K, 7% free 10867K/11591K, paused 2ms+2ms
07-01 20:00:29.161 13835 13934 D dalvikvm: GC_FOR_ALLOC freed 400K, 8% free 10741K/11591K, paused 22ms
07-01 20:00:30.415 13835 13934 D dalvikvm: GC_FOR_ALLOC freed 407K, 8% free 10741K/11591K, paused 30ms
07-01 20:00:31.102   145   147 D dalvikvm: GC_CONCURRENT freed 1780K, 24% free 16578K/21639K, paused 3ms+7ms
07-01 20:00:31.431 13835 13837 D dalvikvm: GC_CONCURRENT freed 407K, 7% free 10805K/11591K, paused 3ms+3ms
07-01 20:00:31.895   345   345 D SAN_SERVICE: *******************************************
07-01 20:00:31.895   345   345 D SAN_SERVICE: DM App Phone Service State - 0
07-01 20:00:31.895   345   345 D SAN_SERVICE: *******************************************
07-01 20:00:32.575   345   345 D SAN_SERVICE: *******************************************
07-01 20:00:32.575   345   345 D SAN_SERVICE: DM App Phone Service State - 0
07-01 20:00:32.575   345   345 D SAN_SERVICE: *******************************************
07-01 20:00:32.595 13835 13934 D dalvikvm: GC_FOR_ALLOC freed 405K, 8% free 10741K/11591K, paused 43ms
07-01 20:00:33.724 13835 13837 D dalvikvm: GC_CONCURRENT freed 407K, 7% free 10804K/11591K, paused 2ms+3ms
07-01 20:00:34.798 13835 13934 D dalvikvm: GC_FOR_ALLOC freed 404K, 7% free 10804K/11591K, paused 22ms
07-01 20:00:35.970 13835 13934 D dalvikvm: GC_FOR_ALLOC freed 404K, 7% free 10804K/11591K, paused 33ms
07-01 20:00:37.020 13835 13934 D dalvikvm: GC_FOR_ALLOC freed 403K, 7% free 10805K/11591K, paused 24ms
07-01 20:00:38.169 13835 13837 D dalvikvm: GC_CONCURRENT freed 591K, 8% free 10685K/11591K, paused 3ms+11ms
07-01 20:00:39.349 13835 13837 D dalvikvm: GC_CONCURRENT freed 289K, 7% free 10869K/11591K, paused 3ms+3ms
07-01 20:00:40.513 13835 13934 D dalvikvm: GC_FOR_ALLOC freed 402K, 8% free 10741K/11591K, paused 22ms
07-01 20:00:41.552 13835 13934 D dalvikvm: GC_FOR_ALLOC freed 403K, 8% free 10741K/11591K, paused 29ms
07-01 20:00:42.110   345   345 D SAN_SERVICE: *******************************************
07-01 20:00:42.110   345   345 D SAN_SERVICE: DM App Phone Service State - 0
07-01 20:00:42.110   345   345 D SAN_SERVICE: *******************************************
07-01 20:00:42.403   345   345 D SAN_SERVICE: *******************************************
07-01 20:00:42.407   345   345 D SAN_SERVICE: DM App Phone Service State - 0
07-01 20:00:42.407   345   345 D SAN_SERVICE: *******************************************
07-01 20:00:42.739 13835 13837 D dalvikvm: GC_CONCURRENT freed 509K, 8% free 10684K/11591K, paused 3ms+8ms
07-01 20:00:43.821 13835 13837 D dalvikvm: GC_CONCURRENT freed 434K, 8% free 10770K/11591K, paused 2ms+3ms
07-01 20:00:44.938 13835 13934 D dalvikvm: GC_FOR_ALLOC freed 306K, 7% free 10804K/11591K, paused 23ms
07-01 20:00:46.067 13835 13934 D dalvikvm: GC_FOR_ALLOC freed 410K, 8% free 10741K/11591K, paused 23ms
07-01 20:00:47.169 13835 13837 D dalvikvm: GC_CONCURRENT freed 497K, 8% free 10698K/11591K, paused 2ms+3ms
07-01 20:00:48.360 13835 13837 D dalvikvm: GC_CONCURRENT freed 407K, 8% free 10741K/11591K, paused 2ms+2ms
07-01 20:00:48.747    81   129 W AudioTrack: stepServer() could not lock cblk
07-01 20:00:49.544 13835 13934 D dalvikvm: GC_FOR_ALLOC freed 438K, 8% free 10732K/11591K, paused 30ms
07-01 20:00:50.099 14128 14141 I PhoneLab-: Service Running
07-01 20:00:50.247 14128 14141 I PhoneLab-LoggerService: app_37    1360  1     1436   996   c00f181c 400107b4 S logcat
07-01 20:00:50.247 14128 14141 I PhoneLab-LoggerService: Logcat pid from database 1360
07-01 20:00:50.247 14128 14141 I PhoneLab-LoggerService: Logcat process found 1360
07-01 20:00:50.247 14128 14141 I PhoneLab-LoggerService: Checking Threshold
07-01 20:00:50.606 13835 13837 D dalvikvm: GC_CONCURRENT freed 417K, 7% free 10788K/11591K, paused 17ms+8ms
07-01 20:00:51.696 13835 13934 D dalvikvm: GC_FOR_ALLOC freed 378K, 7% free 10804K/11591K, paused 23ms
07-01 20:00:52.333   345   345 D SAN_SERVICE: *******************************************
07-01 20:00:52.333   345   345 D SAN_SERVICE: DM App Phone Service State - 0
07-01 20:00:52.333   345   345 D SAN_SERVICE: *******************************************
07-01 20:00:52.829 13835 13934 D dalvikvm: GC_FOR_ALLOC freed 400K, 8% free 10741K/11591K, paused 25ms
07-01 20:00:52.864   345   345 D SAN_SERVICE: *******************************************
07-01 20:00:52.864   345   345 D SAN_SERVICE: DM App Phone Service State - 0
07-01 20:00:52.864   345   345 D SAN_SERVICE: *******************************************
07-01 20:00:53.849 13835 13934 D dalvikvm: GC_FOR_ALLOC freed 403K, 8% free 10741K/11591K, paused 22ms
07-01 20:00:57.099 13835 13934 D dalvikvm: GC_FOR_ALLOC freed 414K, 8% free 10742K/11591K, paused 29ms
07-01 20:00:58.708 13835 13837 D dalvikvm: GC_CONCURRENT freed 512K, 8% free 10718K/11591K, paused 2ms+3ms
07-01 20:01:00.145 13835 13837 D dalvikvm: GC_CONCURRENT freed 386K, 7% free 10782K/11591K, paused 2ms+5ms
07-01 20:01:01.911    81   129 W AudioFlinger: write blocked for 462 msecs, 7 delayed writes, thread 0x8cd9a0
07-01 20:01:02.009 13756 13758 D dalvikvm: GC_CONCURRENT freed 337K, 5% free 9455K/9927K, paused 6ms+9ms
07-01 20:01:02.059 13756 14229 D GetStringObjTask: retrieving from url = http://www.chess.com/api/get_move_status?id=y3ICtufzg6w7rQqcD3KFujVaIanpYba4bIpaeKElV1LNz3Sz4Fk9Yh5CeWaj8h4bQ2RY0CxFVgA%2ByBE5DE%2B1cAuw4i%2Bp2GVj5RbuDPEUotReGbS25iAukuBsuUd%2Fl5dp
07-01 20:01:02.095 13835 13934 D dalvikvm: GC_FOR_ALLOC freed 532K, 8% free 10678K/11591K, paused 88ms
07-01 20:01:02.470    81   129 W AudioTrack: stepServer() could not lock cblk
07-01 20:01:03.005 13756 14229 D GetStringObjTask: WebRequest SERVER RESPONSE: Success+1:Your Move!:1341186306
07-01 20:01:03.044 13835 13837 D dalvikvm: GC_CONCURRENT freed 393K, 8% free 10742K/11591K, paused 4ms+2ms
07-01 20:01:04.059 13835 13934 D dalvikvm: GC_FOR_ALLOC freed 399K, 8% free 10678K/11591K, paused 54ms
07-01 20:01:05.145 13835 13837 D dalvikvm: GC_CONCURRENT freed 404K, 8% free 10742K/11591K, paused 2ms+2ms
07-01 20:01:06.157 13835 13837 D dalvikvm: GC_CONCURRENT freed 449K, 8% free 10743K/11591K, paused 16ms+2ms
07-01 20:01:07.153 13835 13934 D dalvikvm: GC_FOR_ALLOC freed 409K, 8% free 10742K/11591K, paused 70ms
07-01 20:01:08.142 13835 13934 D dalvikvm: GC_FOR_ALLOC freed 409K, 8% free 10742K/11591K, paused 62ms
07-01 20:01:09.169 13835 13837 D dalvikvm: GC_CONCURRENT freed 412K, 7% free 10807K/11591K, paused 50ms+3ms
07-01 20:01:10.251 13835 13934 D dalvikvm: GC_FOR_ALLOC freed 404K, 8% free 10742K/11591K, paused 168ms
07-01 20:01:11.165 13835 13934 D dalvikvm: GC_FOR_ALLOC freed 399K, 8% free 10742K/11591K, paused 38ms
07-01 20:01:11.677   145  1149 D dalvikvm: GC_EXPLICIT freed 1543K, 24% free 16549K/21639K, paused 9ms+7ms
07-01 20:01:12.157 13835 13934 D dalvikvm: GC_FOR_ALLOC freed 399K, 8% free 10742K/11591K, paused 73ms
07-01 20:01:13.200 13835 13934 D dalvikvm: GC_FOR_ALLOC freed 399K, 8% free 10742K/11591K, paused 30ms
07-01 20:01:14.118 13835 13934 D dalvikvm: GC_FOR_ALLOC freed 399K, 8% free 10742K/11591K, paused 34ms
07-01 20:01:15.169 13835 13934 D dalvikvm: GC_FOR_ALLOC freed 399K, 8% free 10742K/11591K, paused 37ms
07-01 20:01:16.142 13835 13934 D dalvikvm: GC_FOR_ALLOC freed 399K, 8% free 10742K/11591K, paused 40ms
07-01 20:01:17.165 13835 13934 D dalvikvm: GC_FOR_ALLOC freed 399K, 8% free 10742K/11591K, paused 41ms
07-01 20:01:18.118 13835 13934 D dalvikvm: GC_FOR_ALLOC freed 402K, 8% free 10742K/11591K, paused 24ms
07-01 20:01:18.134   345   345 D SAN_SERVICE: *******************************************
07-01 20:01:18.134   345   345 D SAN_SERVICE: DM App Phone Service State - 0
07-01 20:01:18.134   345   345 D SAN_SERVICE: *******************************************
07-01 20:01:18.329   345   345 D SAN_SERVICE: *******************************************
07-01 20:01:18.329   345   345 D SAN_SERVICE: DM App Phone Service State - 0
07-01 20:01:18.329   345   345 D SAN_SERVICE: *******************************************
07-01 20:01:19.102   345   345 D SAN_SERVICE: *******************************************
07-01 20:01:19.102   345   345 D SAN_SERVICE: DM App Phone Service State - 0
07-01 20:01:19.102   345   345 D SAN_SERVICE: *******************************************
07-01 20:01:19.134 13835 13934 D dalvikvm: GC_FOR_ALLOC freed 399K, 8% free 10742K/11591K, paused 25ms
07-01 20:01:20.181 13835 13934 D dalvikvm: GC_FOR_ALLOC freed 399K, 8% free 10742K/11591K, paused 65ms
07-01 20:01:21.138 13835 13934 D dalvikvm: GC_FOR_ALLOC freed 399K, 8% free 10742K/11591K, paused 22ms
07-01 20:01:22.184 13835 13934 D dalvikvm: GC_FOR_ALLOC freed 399K, 8% free 10742K/11591K, paused 26ms
07-01 20:01:23.224 13835 13934 D dalvikvm: GC_FOR_ALLOC freed 399K, 8% free 10742K/11591K, paused 42ms
07-01 20:01:23.806 11063 11065 D dalvikvm: GC_CONCURRENT freed 487K, 6% free 10837K/11463K, paused 20ms+6ms
07-01 20:01:24.204 13835 13934 D dalvikvm: GC_FOR_ALLOC freed 399K, 8% free 10742K/11591K, paused 23ms
07-01 20:01:25.212 13835 13934 D dalvikvm: GC_FOR_ALLOC freed 399K, 8% free 10742K/11591K, paused 29ms
07-01 20:01:26.204 13835 13934 D dalvikvm: GC_FOR_ALLOC freed 402K, 8% free 10742K/11591K, paused 24ms
07-01 20:01:27.286 13835 13934 D dalvikvm: GC_FOR_ALLOC freed 399K, 8% free 10742K/11591K, paused 101ms
07-01 20:01:28.360 13835 13837 D dalvikvm: GC_CONCURRENT freed 497K, 8% free 10701K/11591K, paused 45ms+2ms
07-01 20:01:29.392 13835 13837 D dalvikvm: GC_CONCURRENT freed 412K, 8% free 10773K/11591K, paused 2ms+3ms
07-01 20:01:30.524 13835 13934 D dalvikvm: GC_FOR_ALLOC freed 531K, 8% free 10686K/11591K, paused 46ms
07-01 20:01:31.661 13835 13837 D dalvikvm: GC_CONCURRENT freed 307K, 7% free 10867K/11591K, paused 2ms+2ms
07-01 20:01:32.849 13835 13934 D dalvikvm: GC_FOR_ALLOC freed 410K, 8% free 10741K/11591K, paused 23ms
07-01 20:01:33.399   345   345 D SAN_SERVICE: *******************************************
07-01 20:01:33.399   345   345 D SAN_SERVICE: DM App Phone Service State - 0
07-01 20:01:33.403   345   345 D SAN_SERVICE: *******************************************
07-01 20:01:33.681   345   345 D SAN_SERVICE: *******************************************
07-01 20:01:33.681   345   345 D SAN_SERVICE: DM App Phone Service State - 0
07-01 20:01:33.681   345   345 D SAN_SERVICE: *******************************************
07-01 20:01:33.708   345   347 D dalvikvm: GC_CONCURRENT freed 757K, 9% free 11641K/12679K, paused 45ms+10ms
07-01 20:01:33.868 13835 13837 D dalvikvm: GC_CONCURRENT freed 513K, 8% free 10681K/11591K, paused 8ms+2ms
07-01 20:01:34.149   345   345 D SAN_SERVICE: *******************************************
07-01 20:01:34.149   345   345 D SAN_SERVICE: DM App Phone Service State - 0
07-01 20:01:34.149   345   345 D SAN_SERVICE: *******************************************
07-01 20:01:34.399 13835 13837 D dalvikvm: GC_CONCURRENT freed 411K, 8% free 10703K/11591K, paused 3ms+7ms
07-01 20:01:36.044 13835 13837 D dalvikvm: GC_CONCURRENT freed 455K, 8% free 10745K/11591K, paused 2ms+3ms
07-01 20:01:37.138 13835 13934 D dalvikvm: GC_FOR_ALLOC freed 408K, 8% free 10741K/11591K, paused 22ms
07-01 20:01:38.911 13835 13837 D dalvikvm: GC_CONCURRENT freed 506K, 8% free 10714K/11591K, paused 26ms+4ms
07-01 20:01:40.130 13835 13837 D dalvikvm: GC_CONCURRENT freed 451K, 8% free 10730K/11591K, paused 2ms+2ms
07-01 20:01:41.196   145   200 D DhcpInfoInternal: makeLinkProperties with empty dns2!
07-01 20:01:41.196   145   200 D DhcpInfoInternal: makeLinkProperties with empty dns2!
07-01 20:01:41.231 13835 13837 D dalvikvm: GC_CONCURRENT freed 495K, 8% free 10708K/11591K, paused 28ms+3ms
07-01 20:01:42.224 13835 13837 D dalvikvm: GC_CONCURRENT freed 444K, 8% free 10708K/11591K, paused 3ms+3ms
07-01 20:01:43.454 13835 13837 D dalvikvm: GC_CONCURRENT freed 454K, 8% free 10729K/11591K, paused 2ms+2ms
07-01 20:01:43.536   345   345 D SAN_SERVICE: *******************************************
07-01 20:01:43.536   345   345 D SAN_SERVICE: DM App Phone Service State - 0
07-01 20:01:43.536   345   345 D SAN_SERVICE: *******************************************
07-01 20:01:43.809   345   345 D SAN_SERVICE: *******************************************
07-01 20:01:43.809   345   345 D SAN_SERVICE: DM App Phone Service State - 0
07-01 20:01:43.809   345   345 D SAN_SERVICE: *******************************************
07-01 20:01:44.450    81   129 W AudioTrack: stepServer() could not lock cblk
07-01 20:01:44.548 13835 13934 D dalvikvm: GC_FOR_ALLOC freed 441K, 8% free 10725K/11591K, paused 24ms
07-01 20:01:44.559   345   345 D SAN_SERVICE: *******************************************
07-01 20:01:44.559   345   345 D SAN_SERVICE: DM App Phone Service State - 0
07-01 20:01:44.559   345   345 D SAN_SERVICE: *******************************************
07-01 20:01:45.763 13835 13837 D dalvikvm: GC_CONCURRENT freed 426K, 7% free 10787K/11591K, paused 2ms+2ms
07-01 20:01:46.817 13835 13934 D dalvikvm: GC_FOR_ALLOC freed 518K, 8% free 10678K/11591K, paused 22ms
07-01 20:01:47.958 13835 13837 D dalvikvm: GC_CONCURRENT freed 396K, 7% free 10787K/11591K, paused 4ms+2ms
07-01 20:01:49.095 13835 13934 D dalvikvm: GC_FOR_ALLOC freed 323K, 7% free 10804K/11591K, paused 24ms
07-01 20:01:50.142 13835 13934 D dalvikvm: GC_FOR_ALLOC freed 403K, 7% free 10781K/11591K, paused 30ms
07-01 20:01:51.411 13835 13934 D dalvikvm: GC_FOR_ALLOC freed 410K, 8% free 10741K/11591K, paused 22ms
07-01 20:01:51.845    81   129 W AudioTrack: stepServer() could not lock cblk
07-01 20:01:52.431 13835 13934 D dalvikvm: GC_FOR_ALLOC freed 404K, 8% free 10741K/11591K, paused 22ms
07-01 20:01:53.552 13835 13837 D dalvikvm: GC_CONCURRENT freed 410K, 7% free 10790K/11591K, paused 3ms+3ms
07-01 20:01:54.653 13835 13837 D dalvikvm: GC_CONCURRENT freed 571K, 8% free 10693K/11591K, paused 3ms+3ms
07-01 20:01:55.809 13835 13837 D dalvikvm: GC_CONCURRENT freed 308K, 7% free 10867K/11591K, paused 2ms+2ms
07-01 20:01:57.235 13835 13934 D dalvikvm: GC_FOR_ALLOC freed 415K, 8% free 10741K/11591K, paused 22ms
07-01 20:01:58.763 13835 13837 D dalvikvm: GC_CONCURRENT freed 437K, 8% free 10769K/11591K, paused 2ms+4ms
07-01 20:01:59.700 12840 12842 D dalvikvm: GC_CONCURRENT freed 645K, 16% free 11533K/13639K, paused 2ms+5ms
07-01 20:01:59.868 12856 12858 D dalvikvm: GC_CONCURRENT freed 403K, 9% free 10289K/11207K, paused 2ms+42ms
07-01 20:02:00.071   216   218 D dalvikvm: GC_CONCURRENT freed 378K, 29% free 10325K/14343K, paused 24ms+9ms
07-01 20:02:00.227   145   147 D dalvikvm: GC_CONCURRENT freed 1779K, 24% free 16553K/21639K, paused 3ms+25ms
07-01 20:02:00.321 13835 13934 D dalvikvm: GC_FOR_ALLOC freed 411K, 8% free 10764K/11591K, paused 38ms
07-01 20:02:01.360 13835 13934 D dalvikvm: GC_FOR_ALLOC freed 403K, 8% free 10764K/11591K, paused 27ms
07-01 20:02:02.309 13835 13934 D dalvikvm: GC_FOR_ALLOC freed 404K, 8% free 10764K/11591K, paused 22ms
07-01 20:02:03.352 13835 13934 D dalvikvm: GC_FOR_ALLOC freed 407K, 8% free 10764K/11591K, paused 53ms
07-01 20:02:04.079   345   345 D SAN_SERVICE: *******************************************
07-01 20:02:04.079   345   345 D SAN_SERVICE: DM App Phone Service State - 0
07-01 20:02:04.079   345   345 D SAN_SERVICE: *******************************************
07-01 20:02:04.364 13835 13934 D dalvikvm: GC_FOR_ALLOC freed 404K, 8% free 10764K/11591K, paused 23ms
07-01 20:02:04.372   345   345 D SAN_SERVICE: *******************************************
07-01 20:02:04.372   345   345 D SAN_SERVICE: DM App Phone Service State - 0
07-01 20:02:04.372   345   345 D SAN_SERVICE: *******************************************
07-01 20:02:04.622   345   345 D SAN_SERVICE: *******************************************
07-01 20:02:04.622   345   345 D SAN_SERVICE: DM App Phone Service State - 0
07-01 20:02:04.622   345   345 D SAN_SERVICE: *******************************************
07-01 20:02:05.368 13835 13934 D dalvikvm: GC_FOR_ALLOC freed 404K, 8% free 10764K/11591K, paused 63ms
07-01 20:02:06.681 13835 13837 D dalvikvm: GC_CONCURRENT freed 485K, 8% free 10744K/11591K, paused 2ms+2ms
07-01 20:02:07.544 13835 13837 D dalvikvm: GC_CONCURRENT freed 469K, 8% free 10745K/11591K, paused 5ms+2ms
07-01 20:02:08.747 13835 13837 D dalvikvm: GC_CONCURRENT freed 489K, 8% free 10728K/11591K, paused 2ms+2ms
07-01 20:02:09.868 13835 13837 D dalvikvm: GC_CONCURRENT freed 488K, 8% free 10712K/11591K, paused 3ms+3ms
07-01 20:02:11.118 13835 13837 D dalvikvm: GC_CONCURRENT freed 441K, 8% free 10762K/11591K, paused 2ms+3ms
07-01 20:02:11.700 14063 14064 D dalvikvm: GC_CONCURRENT freed 506K, 8% free 10238K/11015K, paused 2ms+3ms
07-01 20:02:11.860 13246 13248 D dalvikvm: GC_CONCURRENT freed 503K, 7% free 10134K/10887K, paused 13ms+2ms
07-01 20:02:12.450 13835 13837 D dalvikvm: GC_CONCURRENT freed 525K, 8% free 10707K/11591K, paused 5ms+3ms
07-01 20:02:13.477 13835 13837 D dalvikvm: GC_CONCURRENT freed 427K, 8% free 10767K/11591K, paused 8ms+2ms
07-01 20:02:14.868 13835 13837 D dalvikvm: GC_CONCURRENT freed 538K, 8% free 10714K/11591K, paused 6ms+2ms
07-01 20:02:15.970 13835 13837 D dalvikvm: GC_CONCURRENT freed 472K, 8% free 10701K/11591K, paused 3ms+3ms
07-01 20:02:17.239 13835 13837 D dalvikvm: GC_CONCURRENT freed 429K, 8% free 10772K/11591K, paused 2ms+3ms
07-01 20:02:18.520 13835 13934 D dalvikvm: GC_FOR_ALLOC freed 356K, 7% free 10804K/11591K, paused 23ms
07-01 20:02:19.431   345   345 D SAN_SERVICE: *******************************************
07-01 20:02:19.431   345   345 D SAN_SERVICE: DM App Phone Service State - 0
07-01 20:02:19.431   345   345 D SAN_SERVICE: *******************************************
07-01 20:02:19.587 13835 13934 D dalvikvm: GC_FOR_ALLOC freed 400K, 8% free 10741K/11591K, paused 93ms
07-01 20:02:19.716   345   345 D SAN_SERVICE: *******************************************
07-01 20:02:19.716   345   345 D SAN_SERVICE: DM App Phone Service State - 0
07-01 20:02:19.716   345   345 D SAN_SERVICE: *******************************************
07-01 20:02:20.239   345   345 D SAN_SERVICE: *******************************************
07-01 20:02:20.239   345   345 D SAN_SERVICE: DM App Phone Service State - 0
07-01 20:02:20.239   345   345 D SAN_SERVICE: *******************************************
07-01 20:02:20.520 13835 13934 D dalvikvm: GC_FOR_ALLOC freed 407K, 8% free 10741K/11591K, paused 26ms
07-01 20:02:21.657 13835 13837 D dalvikvm: GC_CONCURRENT freed 447K, 7% free 10805K/11591K, paused 2ms+2ms
07-01 20:02:22.731 13835 13934 D dalvikvm: GC_FOR_ALLOC freed 404K, 7% free 10804K/11591K, paused 24ms
07-01 20:02:23.892 13835 13934 D dalvikvm: GC_FOR_ALLOC freed 404K, 7% free 10804K/11591K, paused 22ms
07-01 20:02:25.071 13835 13934 D dalvikvm: GC_FOR_ALLOC freed 404K, 7% free 10804K/11591K, paused 22ms
07-01 20:02:26.114 13835 13934 D dalvikvm: GC_FOR_ALLOC freed 528K, 8% free 10678K/11591K, paused 23ms
07-01 20:02:27.286 13835 13837 D dalvikvm: GC_CONCURRENT freed 284K, 7% free 10867K/11591K, paused 2ms+3ms
07-01 20:02:28.333 13835 13934 D dalvikvm: GC_FOR_ALLOC freed 638K, 8% free 10686K/11591K, paused 26ms
07-01 20:02:29.517 13835 13837 D dalvikvm: GC_CONCURRENT freed 278K, 7% free 10869K/11591K, paused 3ms+2ms
07-01 20:02:31.212 13835 13934 D dalvikvm: GC_FOR_ALLOC freed 522K, 8% free 10742K/11591K, paused 23ms
07-01 20:02:31.556 13835 13837 D dalvikvm: GC_CONCURRENT freed 510K, 8% free 10685K/11591K, paused 2ms+11ms
07-01 20:02:32.544 13835 13837 D dalvikvm: GC_CONCURRENT freed 436K, 8% free 10688K/11591K, paused 2ms+3ms
07-01 20:02:33.548 13835 13837 D dalvikvm: GC_CONCURRENT freed 439K, 8% free 10688K/11591K, paused 2ms+8ms
07-01 20:02:35.020   345   345 D SAN_SERVICE: *******************************************
07-01 20:02:35.020   345   345 D SAN_SERVICE: DM App Phone Service State - 0
07-01 20:02:35.020   345   345 D SAN_SERVICE: *******************************************
07-01 20:02:35.212   345   345 D SAN_SERVICE: *******************************************
07-01 20:02:35.212   345   345 D SAN_SERVICE: DM App Phone Service State - 0
07-01 20:02:35.212   345   345 D SAN_SERVICE: *******************************************
07-01 20:02:35.231 13835 13837 D dalvikvm: GC_CONCURRENT freed 441K, 8% free 10681K/11591K, paused 36ms+2ms
07-01 20:02:35.731   345   345 D SAN_SERVICE: *******************************************
07-01 20:02:35.731   345   345 D SAN_SERVICE: DM App Phone Service State - 0
07-01 20:02:35.731   345   345 D SAN_SERVICE: *******************************************
07-01 20:02:36.294   345   345 D SAN_SERVICE: *******************************************
07-01 20:02:36.294   345   345 D SAN_SERVICE: DM App Phone Service State - 0
07-01 20:02:36.294   345   345 D SAN_SERVICE: *******************************************
07-01 20:02:36.888    81   129 W AudioFlinger: write blocked for 388 msecs, 8 delayed writes, thread 0x8cd9a0
07-01 20:02:37.013 13835 13837 D dalvikvm: GC_CONCURRENT freed 407K, 7% free 10806K/11591K, paused 2ms+3ms
07-01 20:02:37.532 13835 13934 D dalvikvm: GC_FOR_ALLOC freed 399K, 8% free 10741K/11591K, paused 22ms
07-01 20:02:38.774 13835 13837 D dalvikvm: GC_CONCURRENT freed 480K, 8% free 10711K/11591K, paused 4ms+14ms
07-01 20:02:38.880   145   147 D dalvikvm: GC_CONCURRENT freed 1832K, 24% free 16560K/21639K, paused 5ms+8ms
07-01 20:02:40.075 13835 13837 D dalvikvm: GC_CONCURRENT freed 460K, 8% free 10751K/11591K, paused 78ms+2ms
07-01 20:02:41.044 13835 13837 D dalvikvm: GC_CONCURRENT freed 449K, 7% free 10787K/11591K, paused 2ms+3ms
07-01 20:02:41.977 13835 13837 D dalvikvm: GC_CONCURRENT freed 559K, 8% free 10689K/11591K, paused 3ms+3ms
07-01 20:02:44.118 13835 13837 D dalvikvm: GC_CONCURRENT freed 437K, 8% free 10742K/11591K, paused 6ms+3ms
07-01 20:02:45.524 13835 13837 D dalvikvm: GC_CONCURRENT freed 458K, 8% free 10756K/11591K, paused 2ms+3ms
07-01 20:02:46.809 13835 13837 D dalvikvm: GC_CONCURRENT freed 512K, 8% free 10705K/11591K, paused 27ms+5ms
07-01 20:02:47.786 13835 13837 D dalvikvm: GC_CONCURRENT freed 437K, 8% free 10760K/11591K, paused 4ms+11ms
07-01 20:02:48.946 13835 13837 D dalvikvm: GC_CONCURRENT freed 523K, 8% free 10741K/11591K, paused 43ms+3ms
07-01 20:02:50.056 14128 14141 I PhoneLab-: Service Running
07-01 20:02:50.091   345   345 D SAN_SERVICE: *******************************************
07-01 20:02:50.091   345   345 D SAN_SERVICE: DM App Phone Service State - 0
07-01 20:02:50.091   345   345 D SAN_SERVICE: *******************************************
07-01 20:02:50.157 14128 14129 D dalvikvm: GC_CONCURRENT freed 900K, 14% free 9156K/10567K, paused 7ms+3ms
07-01 20:02:50.157 13835 13837 D dalvikvm: GC_CONCURRENT freed 480K, 8% free 10728K/11591K, paused 60ms+6ms
07-01 20:02:50.165 14128 14141 I PhoneLab-LoggerService: app_37    1360  1     1436   996   c00f181c 400107b4 S logcat
07-01 20:02:50.184 14128 14141 I PhoneLab-LoggerService: Logcat pid from database 1360
07-01 20:02:50.184 14128 14141 I PhoneLab-LoggerService: Logcat process found 1360
07-01 20:02:50.184 14128 14141 I PhoneLab-LoggerService: Checking Threshold
07-01 20:02:50.434   345   345 D SAN_SERVICE: *******************************************
07-01 20:02:50.434   345   345 D SAN_SERVICE: DM App Phone Service State - 0
07-01 20:02:50.434   345   345 D SAN_SERVICE: *******************************************
07-01 20:02:50.934   345   345 D SAN_SERVICE: *******************************************
07-01 20:02:50.934   345   345 D SAN_SERVICE: DM App Phone Service State - 0
07-01 20:02:50.934   345   345 D SAN_SERVICE: *******************************************
07-01 20:02:51.438 13835 13837 D dalvikvm: GC_CONCURRENT freed 473K, 8% free 10736K/11591K, paused 2ms+4ms
07-01 20:02:52.489 13835 13837 D dalvikvm: GC_CONCURRENT freed 424K, 8% free 10764K/11591K, paused 3ms+4ms
07-01 20:02:53.770 13835 13934 D dalvikvm: GC_FOR_ALLOC freed 534K, 8% free 10678K/11591K, paused 23ms
07-01 20:02:54.974 13835 13837 D dalvikvm: GC_CONCURRENT freed 419K, 7% free 10803K/11591K, paused 3ms+2ms
07-01 20:02:56.075 13835 13837 D dalvikvm: GC_CONCURRENT freed 590K, 8% free 10715K/11591K, paused 3ms+2ms
07-01 20:02:57.255 13835 13934 D dalvikvm: GC_FOR_ALLOC freed 331K, 7% free 10804K/11591K, paused 22ms
07-01 20:02:58.259 13835 13934 D dalvikvm: GC_FOR_ALLOC freed 400K, 8% free 10741K/11591K, paused 33ms
07-01 20:02:59.477 13835 13837 D dalvikvm: GC_CONCURRENT freed 500K, 8% free 10701K/11591K, paused 3ms+90ms
07-01 20:03:00.399   345   345 D SAN_SERVICE: *******************************************
07-01 20:03:00.399   345   345 D SAN_SERVICE: DM App Phone Service State - 0
07-01 20:03:00.399   345   345 D SAN_SERVICE: *******************************************
07-01 20:03:00.563 13835 13837 D dalvikvm: GC_CONCURRENT freed 440K, 8% free 10745K/11591K, paused 5ms+3ms
07-01 20:03:00.618   345   345 D SAN_SERVICE: *******************************************
07-01 20:03:00.618   345   345 D SAN_SERVICE: DM App Phone Service State - 0
07-01 20:03:00.618   345   345 D SAN_SERVICE: *******************************************
07-01 20:03:01.399   345   345 D SAN_SERVICE: *******************************************
07-01 20:03:01.403   345   345 D SAN_SERVICE: DM App Phone Service State - 0
07-01 20:03:01.403   345   345 D SAN_SERVICE: *******************************************
07-01 20:03:01.548 13835 13837 D dalvikvm: GC_CONCURRENT freed 491K, 8% free 10706K/11591K, paused 2ms+3ms
07-01 20:03:03.337 13835 13837 D dalvikvm: GC_CONCURRENT freed 441K, 8% free 10741K/11591K, paused 2ms+2ms
07-01 20:03:04.431 13835 13837 D dalvikvm: GC_CONCURRENT freed 407K, 7% free 10798K/11591K, paused 11ms+2ms
07-01 20:03:05.630 13835 13934 D dalvikvm: GC_FOR_ALLOC freed 405K, 8% free 10741K/11591K, paused 22ms
07-01 20:03:06.720 13835 13934 D dalvikvm: GC_FOR_ALLOC freed 407K, 8% free 10741K/11591K, paused 23ms
07-01 20:03:07.149   345   345 D SAN_SERVICE: *******************************************
07-01 20:03:07.149   345   345 D SAN_SERVICE: DM App Phone Service State - 0
07-01 20:03:07.149   345   345 D SAN_SERVICE: *******************************************
07-01 20:03:07.798 13835 13837 D dalvikvm: GC_CONCURRENT freed 507K, 8% free 10744K/11591K, paused 7ms+3ms
07-01 20:03:08.294 13835 13837 D dalvikvm: GC_CONCURRENT freed 514K, 8% free 10683K/11591K, paused 2ms+2ms
07-01 20:03:09.821  3921  3923 D dalvikvm: GC_CONCURRENT freed 409K, 6% free 10341K/10951K, paused 5ms+3ms
07-01 20:03:09.938 13971 13972 D dalvikvm: GC_CONCURRENT freed 393K, 7% free 9549K/10183K, paused 2ms+4ms
07-01 20:03:10.013 13835 13837 D dalvikvm: GC_CONCURRENT freed 421K, 8% free 10722K/11591K, paused 4ms+2ms
07-01 20:03:11.313 13835 13837 D dalvikvm: GC_CONCURRENT freed 438K, 8% free 10748K/11591K, paused 19ms+2ms
07-01 20:03:12.583    81   129 W AudioFlinger: write blocked for 570 msecs, 9 delayed writes, thread 0x8cd9a0
07-01 20:03:12.997 13835 13934 D dalvikvm: GC_FOR_ALLOC freed 379K, 7% free 10807K/11591K, paused 50ms
07-01 20:03:13.962 13835 13934 D dalvikvm: GC_FOR_ALLOC freed 390K, 8% free 10742K/11591K, paused 25ms
07-01 20:03:15.056 13835 13934 D dalvikvm: GC_FOR_ALLOC freed 394K, 8% free 10741K/11591K, paused 33ms
07-01 20:03:15.688   345   345 D SAN_SERVICE: *******************************************
07-01 20:03:15.688   345   345 D SAN_SERVICE: DM App Phone Service State - 0
07-01 20:03:15.688   345   345 D SAN_SERVICE: *******************************************
07-01 20:03:15.923   345   345 D SAN_SERVICE: *******************************************
07-01 20:03:15.923   345   345 D SAN_SERVICE: DM App Phone Service State - 0
07-01 20:03:15.923   345   345 D SAN_SERVICE: *******************************************
07-01 20:03:15.985 13835 13837 D dalvikvm: GC_CONCURRENT freed 404K, 7% free 10806K/11591K, paused 5ms+2ms
07-01 20:03:16.317   345   345 D SAN_SERVICE: *******************************************
07-01 20:03:16.317   345   345 D SAN_SERVICE: DM App Phone Service State - 0
07-01 20:03:16.317   345   345 D SAN_SERVICE: *******************************************
07-01 20:03:17.013 13835 13934 D dalvikvm: GC_FOR_ALLOC freed 400K, 7% free 10804K/11591K, paused 25ms
07-01 20:03:18.294 13835 13934 D dalvikvm: GC_FOR_ALLOC freed 394K, 7% free 10807K/11591K, paused 41ms
07-01 20:03:19.294 13835 13934 D dalvikvm: GC_FOR_ALLOC freed 398K, 7% free 10807K/11591K, paused 43ms
07-01 20:03:20.282 13835 13934 D dalvikvm: GC_FOR_ALLOC freed 399K, 7% free 10807K/11591K, paused 34ms
07-01 20:03:20.372 14063 14064 D dalvikvm: GC_CONCURRENT freed 387K, 8% free 10237K/11015K, paused 10ms+2ms
07-01 20:03:21.403 13835 13934 D dalvikvm: GC_FOR_ALLOC freed 399K, 7% free 10807K/11591K, paused 22ms
07-01 20:03:22.423 13835 13934 D dalvikvm: GC_FOR_ALLOC freed 399K, 7% free 10807K/11591K, paused 25ms
07-01 20:03:23.556 13835 13934 D dalvikvm: GC_FOR_ALLOC freed 421K, 8% free 10735K/11591K, paused 42ms
07-01 20:03:24.696 13835 13837 D dalvikvm: GC_CONCURRENT freed 409K, 7% free 10794K/11591K, paused 3ms+3ms
07-01 20:03:25.829 13835 13934 D dalvikvm: GC_FOR_ALLOC freed 405K, 7% free 10793K/11591K, paused 22ms
07-01 20:03:25.911   345   345 D SAN_SERVICE: *******************************************
07-01 20:03:25.911   345   345 D SAN_SERVICE: DM App Phone Service State - 0
07-01 20:03:25.911   345   345 D SAN_SERVICE: *******************************************
07-01 20:03:26.204   345   345 D SAN_SERVICE: *******************************************
07-01 20:03:26.204   345   345 D SAN_SERVICE: DM App Phone Service State - 0
07-01 20:03:26.204   345   345 D SAN_SERVICE: *******************************************
07-01 20:03:26.438   345   345 D SAN_SERVICE: *******************************************
07-01 20:03:26.438   345   345 D SAN_SERVICE: DM App Phone Service State - 0
07-01 20:03:26.438   345   345 D SAN_SERVICE: *******************************************
07-01 20:03:26.931 13835 13837 D dalvikvm: GC_CONCURRENT freed 564K, 8% free 10710K/11591K, paused 3ms+3ms
07-01 20:03:28.235 13835 13837 D dalvikvm: GC_CONCURRENT freed 282K, 7% free 10867K/11591K, paused 4ms+2ms
07-01 20:03:29.181 13835 13934 D dalvikvm: GC_FOR_ALLOC freed 400K, 8% free 10741K/11591K, paused 23ms
07-01 20:03:29.985   145   147 D dalvikvm: GC_CONCURRENT freed 1775K, 24% free 16580K/21639K, paused 4ms+6ms
07-01 20:03:30.325 13835 13934 D dalvikvm: GC_FOR_ALLOC freed 404K, 8% free 10741K/11591K, paused 22ms
07-01 20:03:31.392    81   129 W AudioTrack: stepServer() could not lock cblk
07-01 20:03:31.497 13835 13837 D dalvikvm: GC_CONCURRENT freed 447K, 7% free 10804K/11591K, paused 2ms+3ms
07-01 20:03:32.563 13835 13934 D dalvikvm: GC_FOR_ALLOC freed 528K, 8% free 10707K/11591K, paused 28ms
07-01 20:03:33.720 13835 13837 D dalvikvm: GC_CONCURRENT freed 453K, 8% free 10733K/11591K, paused 2ms+3ms
07-01 20:03:34.759 13835 13837 D dalvikvm: GC_CONCURRENT freed 497K, 8% free 10685K/11591K, paused 2ms+9ms
07-01 20:03:36.188 13835 13837 D dalvikvm: GC_CONCURRENT freed 263K, 7% free 10868K/11591K, paused 2ms+3ms
07-01 20:03:36.446   345   345 D SAN_SERVICE: *******************************************
07-01 20:03:36.446   345   345 D SAN_SERVICE: DM App Phone Service State - 0
07-01 20:03:36.446   345   345 D SAN_SERVICE: *******************************************
07-01 20:03:37.204   345   345 D SAN_SERVICE: *******************************************
07-01 20:03:37.204   345   345 D SAN_SERVICE: DM App Phone Service State - 0
07-01 20:03:37.204   345   345 D SAN_SERVICE: *******************************************
07-01 20:03:37.216 13835 13934 D dalvikvm: GC_FOR_ALLOC freed 439K, 7% free 10805K/11591K, paused 31ms
07-01 20:03:38.356 13835 13934 D dalvikvm: GC_FOR_ALLOC freed 401K, 8% free 10741K/11591K, paused 33ms
07-01 20:03:39.438 13835 13837 D dalvikvm: GC_CONCURRENT freed 407K, 7% free 10805K/11591K, paused 66ms+2ms
07-01 20:03:40.489 13835 13934 D dalvikvm: GC_FOR_ALLOC freed 404K, 7% free 10805K/11591K, paused 24ms
07-01 20:03:41.493 13835 13934 D dalvikvm: GC_FOR_ALLOC freed 449K, 7% free 10805K/11591K, paused 22ms
07-01 20:03:42.833 13835 13934 D dalvikvm: GC_FOR_ALLOC freed 494K, 8% free 10721K/11591K, paused 45ms
07-01 20:03:43.974 13835 13934 D dalvikvm: GC_FOR_ALLOC freed 353K, 7% free 10805K/11591K, paused 22ms
07-01 20:03:45.118 13835 13934 D dalvikvm: GC_FOR_ALLOC freed 415K, 8% free 10741K/11591K, paused 26ms
07-01 20:03:46.181 13835 13837 D dalvikvm: GC_CONCURRENT freed 407K, 7% free 10805K/11591K, paused 30ms+3ms
07-01 20:03:46.462   345   345 D SAN_SERVICE: *******************************************
07-01 20:03:46.462   345   345 D SAN_SERVICE: DM App Phone Service State - 0
07-01 20:03:46.462   345   345 D SAN_SERVICE: *******************************************
07-01 20:03:46.696   345   345 D SAN_SERVICE: *******************************************
07-01 20:03:46.696   345   345 D SAN_SERVICE: DM App Phone Service State - 0
07-01 20:03:46.696   345   345 D SAN_SERVICE: *******************************************
07-01 20:03:47.110 13835 13934 D dalvikvm: GC_FOR_ALLOC freed 449K, 7% free 10805K/11591K, paused 23ms
07-01 20:03:47.446   345   345 D SAN_SERVICE: *******************************************
07-01 20:03:47.446   345   345 D SAN_SERVICE: DM App Phone Service State - 0
07-01 20:03:47.446   345   345 D SAN_SERVICE: *******************************************
07-01 20:03:48.817 13835 13934 D dalvikvm: GC_FOR_ALLOC freed 401K, 8% free 10741K/11591K, paused 23ms
07-01 20:03:49.852 13835 13837 D dalvikvm: GC_CONCURRENT freed 484K, 7% free 10804K/11591K, paused 2ms+3ms
07-01 20:03:50.817 13835 13934 D dalvikvm: GC_FOR_ALLOC freed 410K, 8% free 10741K/11591K, paused 43ms
07-01 20:03:51.852 13835 13934 D dalvikvm: GC_FOR_ALLOC freed 404K, 8% free 10741K/11591K, paused 27ms
07-01 20:03:52.845 13835 13837 D dalvikvm: GC_CONCURRENT freed 407K, 7% free 10807K/11591K, paused 3ms+2ms
07-01 20:03:53.837 13835 13934 D dalvikvm: GC_FOR_ALLOC freed 561K, 8% free 10686K/11591K, paused 28ms
07-01 20:03:54.399    81   129 W AudioTrack: stepServer() could not lock cblk
07-01 20:03:55.013 13835 13837 D dalvikvm: GC_CONCURRENT freed 311K, 7% free 10846K/11591K, paused 3ms+2ms
07-01 20:03:56.212 13835 13934 D dalvikvm: GC_FOR_ALLOC freed 379K, 8% free 10741K/11591K, paused 22ms
07-01 20:03:56.794   345   345 D SAN_SERVICE: *******************************************
07-01 20:03:56.794   345   345 D SAN_SERVICE: DM App Phone Service State - 0
07-01 20:03:56.794   345   345 D SAN_SERVICE: *******************************************
07-01 20:03:57.474 13835 13837 D dalvikvm: GC_CONCURRENT freed 502K, 7% free 10805K/11591K, paused 2ms+4ms
07-01 20:03:58.575 13835 13934 D dalvikvm: GC_FOR_ALLOC freed 477K, 8% free 10733K/11591K, paused 23ms
07-01 20:03:59.821 13835 13837 D dalvikvm: GC_CONCURRENT freed 394K, 7% free 10808K/11591K, paused 5ms+3ms
07-01 20:04:00.821 13835 13934 D dalvikvm: GC_FOR_ALLOC freed 407K, 7% free 10798K/11591K, paused 60ms
07-01 20:04:01.931 13835 13934 D dalvikvm: GC_FOR_ALLOC freed 417K, 7% free 10805K/11591K, paused 23ms
07-01 20:04:03.095 13835 13837 D dalvikvm: GC_CONCURRENT freed 514K, 7% free 10806K/11591K, paused 4ms+6ms
07-01 20:04:04.298 13835 13837 D dalvikvm: GC_CONCURRENT freed 594K, 8% free 10689K/11591K, paused 3ms+3ms
07-01 20:04:05.360 13835 13837 D dalvikvm: GC_CONCURRENT freed 428K, 8% free 10740K/11591K, paused 2ms+9ms
07-01 20:04:06.087   145   200 D DhcpInfoInternal: makeLinkProperties with empty dns2!
07-01 20:04:06.095   145   200 D DhcpInfoInternal: makeLinkProperties with empty dns2!
07-01 20:04:06.884 13835 13837 D dalvikvm: GC_CONCURRENT freed 485K, 8% free 10741K/11591K, paused 2ms+3ms
07-01 20:04:08.161 13835 13934 D dalvikvm: GC_FOR_ALLOC freed 409K, 8% free 10741K/11591K, paused 22ms
07-01 20:04:09.212 13835 13837 D dalvikvm: GC_CONCURRENT freed 407K, 7% free 10805K/11591K, paused 37ms+3ms
07-01 20:04:10.329 13835 13934 D dalvikvm: GC_FOR_ALLOC freed 501K, 8% free 10703K/11591K, paused 27ms
07-01 20:04:11.192    81   129 W AudioTrack: stepServer() could not lock cblk
07-01 20:04:11.450 13835 13837 D dalvikvm: GC_CONCURRENT freed 325K, 7% free 10849K/11591K, paused 2ms+2ms
07-01 20:04:11.841 13246 13248 D dalvikvm: GC_CONCURRENT freed 489K, 7% free 10148K/10887K, paused 2ms+7ms
07-01 20:04:12.485 13835 13934 D dalvikvm: GC_FOR_ALLOC freed 405K, 8% free 10735K/11591K, paused 22ms
07-01 20:04:13.173   145   147 D dalvikvm: GC_CONCURRENT freed 1810K, 24% free 16564K/21639K, paused 8ms+7ms
07-01 20:04:13.606 13835 13837 D dalvikvm: GC_CONCURRENT freed 488K, 8% free 10698K/11591K, paused 4ms+3ms
07-01 20:04:15.001 13835 13837 D dalvikvm: GC_CONCURRENT freed 368K, 7% free 10805K/11591K, paused 61ms+2ms
07-01 20:04:15.903 13835 13934 D dalvikvm: GC_FOR_ALLOC freed 400K, 8% free 10741K/11591K, paused 22ms
07-01 20:04:17.056 13835 13934 D dalvikvm: GC_FOR_ALLOC freed 409K, 8% free 10741K/11591K, paused 22ms
07-01 20:04:18.134 13835 13837 D dalvikvm: GC_CONCURRENT freed 477K, 8% free 10715K/11591K, paused 3ms+3ms
07-01 20:04:19.317 13835 13837 D dalvikvm: GC_CONCURRENT freed 348K, 7% free 10805K/11591K, paused 6ms+3ms
07-01 20:04:20.505 13835 13934 D dalvikvm: GC_FOR_ALLOC freed 404K, 8% free 10741K/11591K, paused 22ms
07-01 20:04:22.212 13835 13934 D dalvikvm: GC_FOR_ALLOC freed 404K, 8% free 10742K/11591K, paused 64ms
07-01 20:04:23.681 13835 13837 D dalvikvm: GC_CONCURRENT freed 483K, 8% free 10726K/11591K, paused 2ms+3ms
07-01 20:04:24.931 13835 13837 D dalvikvm: GC_CONCURRENT freed 476K, 8% free 10733K/11591K, paused 2ms+3ms
07-01 20:04:26.036 13835 13837 D dalvikvm: GC_CONCURRENT freed 482K, 8% free 10699K/11591K, paused 4ms+4ms
07-01 20:04:27.458 13835 13837 D dalvikvm: GC_CONCURRENT freed 445K, 8% free 10751K/11591K, paused 2ms+3ms
07-01 20:04:28.552 13835 13837 D dalvikvm: GC_CONCURRENT freed 412K, 7% free 10788K/11591K, paused 3ms+2ms
07-01 20:04:29.626 13835 13934 D dalvikvm: GC_FOR_ALLOC freed 522K, 8% free 10678K/11591K, paused 22ms
07-01 20:04:30.626 13835 13837 D dalvikvm: GC_CONCURRENT freed 404K, 8% free 10773K/11591K, paused 2ms+3ms
07-01 20:04:31.622 13835 13934 D dalvikvm: GC_FOR_ALLOC freed 407K, 8% free 10774K/11591K, paused 31ms
07-01 20:04:32.677 13835 13934 D dalvikvm: GC_FOR_ALLOC freed 404K, 8% free 10774K/11591K, paused 22ms
07-01 20:04:33.786 13835 13934 D dalvikvm: GC_FOR_ALLOC freed 404K, 8% free 10754K/11591K, paused 114ms
07-01 20:04:35.056 13835 13837 D dalvikvm: GC_CONCURRENT freed 525K, 8% free 10696K/11591K, paused 2ms+2ms
07-01 20:04:37.267 13835 13837 D dalvikvm: GC_CONCURRENT freed 428K, 8% free 10764K/11591K, paused 3ms+5ms
07-01 20:04:38.356 13835 13837 D dalvikvm: GC_CONCURRENT freed 534K, 8% free 10684K/11591K, paused 2ms+2ms
07-01 20:04:39.177 13835 13837 D dalvikvm: GC_CONCURRENT freed 416K, 8% free 10712K/11591K, paused 7ms+3ms
07-01 20:04:40.716 13835 13837 D dalvikvm: GC_CONCURRENT freed 466K, 8% free 10705K/11591K, paused 139ms+2ms
07-01 20:04:41.833    81   129 W AudioFlinger: write blocked for 652 msecs, 10 delayed writes, thread 0x8cd9a0
07-01 20:04:42.071 13835 13837 D dalvikvm: GC_CONCURRENT freed 373K, 7% free 10807K/11591K, paused 2ms+2ms
07-01 20:04:43.126 13835 13934 D dalvikvm: GC_FOR_ALLOC freed 390K, 8% free 10742K/11591K, paused 98ms
07-01 20:04:44.196 13835 13934 D dalvikvm: GC_FOR_ALLOC freed 394K, 8% free 10742K/11591K, paused 26ms
07-01 20:04:45.239 13835 13934 D dalvikvm: GC_FOR_ALLOC freed 393K, 8% free 10742K/11591K, paused 67ms
07-01 20:04:46.239 13835 13934 D dalvikvm: GC_FOR_ALLOC freed 394K, 8% free 10742K/11591K, paused 27ms
07-01 20:04:47.321 13835 13934 D dalvikvm: GC_FOR_ALLOC freed 394K, 8% free 10742K/11591K, paused 28ms
07-01 20:04:48.313 13835 13934 D dalvikvm: GC_FOR_ALLOC freed 397K, 8% free 10742K/11591K, paused 55ms
07-01 20:04:49.337 13835 13934 D dalvikvm: GC_FOR_ALLOC freed 394K, 8% free 10742K/11591K, paused 76ms
07-01 20:04:50.048 14128 14141 I PhoneLab-: Service Running
07-01 20:04:50.177 14128 14141 I PhoneLab-LoggerService: app_37    1360  1     1436   996   c00f181c 400107b4 S logcat
07-01 20:04:50.177 14128 14141 I PhoneLab-LoggerService: Logcat pid from database 1360
07-01 20:04:50.177 14128 14141 I PhoneLab-LoggerService: Logcat process found 1360
07-01 20:04:50.177 14128 14141 I PhoneLab-LoggerService: Checking Threshold
07-01 20:04:50.306 13835 13934 D dalvikvm: GC_FOR_ALLOC freed 394K, 8% free 10742K/11591K, paused 48ms
07-01 20:04:51.313 13835 13934 D dalvikvm: GC_FOR_ALLOC freed 394K, 8% free 10742K/11591K, paused 23ms
07-01 20:04:52.325 13835 13934 D dalvikvm: GC_FOR_ALLOC freed 394K, 8% free 10742K/11591K, paused 50ms
07-01 20:04:53.298 13835 13934 D dalvikvm: GC_FOR_ALLOC freed 394K, 8% free 10742K/11591K, paused 22ms
07-01 20:04:54.677 13835 13934 D dalvikvm: GC_FOR_ALLOC freed 398K, 8% free 10742K/11591K, paused 401ms
07-01 20:04:55.368 13835 13934 D dalvikvm: GC_FOR_ALLOC freed 394K, 8% free 10742K/11591K, paused 83ms
07-01 20:04:56.989 13835 13934 D dalvikvm: GC_FOR_ALLOC freed 416K, 8% free 10742K/11591K, paused 23ms
07-01 20:04:58.024 13835 13934 D dalvikvm: GC_FOR_ALLOC freed 404K, 8% free 10741K/11591K, paused 67ms
07-01 20:04:59.052 13835 13934 D dalvikvm: GC_FOR_ALLOC freed 404K, 8% free 10741K/11591K, paused 61ms
07-01 20:05:00.091 13835 13837 D dalvikvm: GC_CONCURRENT freed 414K, 7% free 10804K/11591K, paused 3ms+3ms
07-01 20:05:00.263   145   156 I ActivityManager: START {flg=0x10008000 cmp=com.chess/.ui.activities.OnlineScreenActivity bnds=[0,119][480,215] (has extras)} from pid -1
07-01 20:05:00.337   145  9966 W KeyguardViewMediator: verifyUnlock called when not externally disabled
07-01 20:05:00.618   145 14287 I UsageStats: Deleting usage file : usage-20120627
07-01 20:05:00.888 13756 13756 W System.err: log4j:ERROR Could not parse url [jar:file:/data/app/com.chess-1.apk!/log4j.xml].
07-01 20:05:00.892 13756 13756 W System.err: javax.xml.parsers.ParserConfigurationException: No validating DocumentBuilder implementation available
07-01 20:05:00.923   375   375 D OpenGLRenderer: Flushing caches (mode 1)
07-01 20:05:00.934 13756 13756 W System.err: 	at org.apache.harmony.xml.parsers.DocumentBuilderFactoryImpl.newDocumentBuilder(DocumentBuilderFactoryImpl.java:61)
07-01 20:05:00.934 13756 13756 W System.err: 	at org.apache.log4j.xml.DOMConfigurator.doConfigure(DOMConfigurator.java:861)
07-01 20:05:00.934 13756 13756 W System.err: 	at org.apache.log4j.xml.DOMConfigurator.doConfigure(DOMConfigurator.java:773)
07-01 20:05:00.938 13756 13756 W System.err: 	at org.apache.log4j.helpers.OptionConverter.selectAndConfigure(OptionConverter.java:483)
07-01 20:05:00.938 13756 13756 W System.err: 	at org.apache.log4j.LogManager.<clinit>(LogManager.java:127)
07-01 20:05:00.938 13756 13756 W System.err: 	at org.apache.log4j.Logger.getLogger(Logger.java:117)
07-01 20:05:00.938 13756 13756 W System.err: 	at com.chess.live.util.config.b.<clinit>(Config.java:38)
07-01 20:05:00.938 13756 13756 W System.err: 	at com.chess.lcc.android.LccHolder.<clinit>(LccHolder.java:27)
07-01 20:05:00.938 13756 13756 W System.err: 	at com.chess.ui.core.MainApp.getLccHolder(MainApp.java:305)
07-01 20:05:00.938 13756 13756 W System.err: 	at com.chess.ui.core.CoreActivityActionBar.onCreate(CoreActivityActionBar.java:112)
07-01 20:05:00.942 13756 13756 W System.err: 	at com.chess.ui.activities.LiveBaseActivity.onCreate(LiveBaseActivity.java:37)
07-01 20:05:00.942 13756 13756 W System.err: 	at com.chess.ui.activities.OnlineScreenActivity.onCreate(OnlineScreenActivity.java:68)
07-01 20:05:00.942 13756 13756 W System.err: 	at android.app.Activity.performCreate(Activity.java:4465)
07-01 20:05:00.942 13756 13756 W System.err: 	at android.app.Instrumentation.callActivityOnCreate(Instrumentation.java:1049)
07-01 20:05:00.942 13756 13756 W System.err: 	at android.app.ActivityThread.performLaunchActivity(ActivityThread.java:1920)
07-01 20:05:00.942 13756 13756 W System.err: 	at android.app.ActivityThread.handleLaunchActivity(ActivityThread.java:1981)
07-01 20:05:00.942 13756 13756 W System.err: 	at android.app.ActivityThread.access$600(ActivityThread.java:123)
07-01 20:05:00.942 13756 13756 W System.err: 	at android.app.ActivityThread$H.handleMessage(ActivityThread.java:1147)
07-01 20:05:00.946 13756 13756 W System.err: 	at android.os.Handler.dispatchMessage(Handler.java:99)
07-01 20:05:00.946 13756 13756 W System.err: 	at android.os.Looper.loop(Looper.java:137)
07-01 20:05:00.946 13756 13756 W System.err: 	at android.app.ActivityThread.main(ActivityThread.java:4424)
07-01 20:05:00.946 13756 13756 W System.err: 	at java.lang.reflect.Method.invokeNative(Native Method)
07-01 20:05:00.950 13756 13756 W System.err: 	at java.lang.reflect.Method.invoke(Method.java:511)
07-01 20:05:00.950 13756 13756 W System.err: 	at com.android.internal.os.ZygoteInit$MethodAndArgsCaller.run(ZygoteInit.java:784)
07-01 20:05:00.950 13756 13756 W System.err: 	at com.android.internal.os.ZygoteInit.main(ZygoteInit.java:551)
07-01 20:05:00.950 13756 13756 W System.err: 	at dalvik.system.NativeStart.main(Native Method)
07-01 20:05:01.169 13756 13756 W System.err: log4j:WARN No appenders could be found for logger (com.chess.live.util.config.b).
07-01 20:05:01.169 13756 13756 W System.err: log4j:WARN Please initialize the log4j system properly.
07-01 20:05:01.169 13756 13756 W System.err: log4j:WARN See http://logging.apache.org/log4j/1.2/faq.html#noconfig for more info.
07-01 20:05:01.239   375   375 D OpenGLRenderer: Flushing caches (mode 0)
07-01 20:05:01.243   145   161 I Process : Sending signal. PID: 13756 SIG: 3
07-01 20:05:01.243 13756 13761 I dalvikvm: threadid=3: reacting to signal 3
07-01 20:05:01.274 13756 13761 I dalvikvm: Wrote stack traces to '/data/anr/traces.txt'
07-01 20:05:01.341   145   161 I Process : Sending signal. PID: 13756 SIG: 3
07-01 20:05:01.341 13756 13761 I dalvikvm: threadid=3: reacting to signal 3
07-01 20:05:01.423 13756 13761 I dalvikvm: Wrote stack traces to '/data/anr/traces.txt'
07-01 20:05:01.716 13756 13758 D dalvikvm: GC_CONCURRENT freed 206K, 4% free 9672K/9991K, paused 51ms+273ms
07-01 20:05:01.837   145   161 I Process : Sending signal. PID: 13756 SIG: 3
07-01 20:05:01.837 13756 13761 I dalvikvm: threadid=3: reacting to signal 3
07-01 20:05:01.915 13756 13761 I dalvikvm: Wrote stack traces to '/data/anr/traces.txt'
07-01 20:05:01.950 13835 13934 D dalvikvm: GC_FOR_ALLOC freed 438K, 8% free 10736K/11591K, paused 92ms
07-01 20:05:01.989 13756 13758 D dalvikvm: GC_CONCURRENT freed 269K, 4% free 9909K/10311K, paused 2ms+2ms
07-01 20:05:02.020 13756 13756 D dalvikvm: GC_FOR_ALLOC freed 62K, 4% free 9973K/10311K, paused 22ms
07-01 20:05:02.067 13756 13758 D dalvikvm: GC_CONCURRENT freed 392K, 6% free 9990K/10567K, paused 2ms+2ms
07-01 20:05:02.095 13756 13756 D dalvikvm: GC_FOR_ALLOC freed 106K, 5% free 10102K/10567K, paused 19ms
07-01 20:05:02.095 13756 13756 I dalvikvm-heap: Grow heap (frag case) to 10.182MB for 260112-byte allocation
07-01 20:05:02.118 13756 13756 D dalvikvm: GC_FOR_ALLOC freed 126K, 6% free 10230K/10823K, paused 18ms
07-01 20:05:02.145 13756 13756 D dalvikvm: GC_FOR_ALLOC freed 369K, 6% free 10231K/10823K, paused 19ms
07-01 20:05:02.169 13756 13756 D dalvikvm: GC_FOR_ALLOC freed 126K, 5% free 10359K/10823K, paused 20ms
07-01 20:05:02.317 13756 13758 D dalvikvm: GC_CONCURRENT freed 338K, 4% free 10541K/10951K, paused 2ms+3ms
07-01 20:05:02.337   145   161 I Process : Sending signal. PID: 13756 SIG: 3
07-01 20:05:02.337 13756 13761 I dalvikvm: threadid=3: reacting to signal 3
07-01 20:05:02.352 13756 13761 I dalvikvm: Wrote stack traces to '/data/anr/traces.txt'
07-01 20:05:02.474 13756 13758 D dalvikvm: GC_CONCURRENT freed 111K, 2% free 10945K/11143K, paused 2ms+4ms
07-01 20:05:02.681 13756 13758 D dalvikvm: GC_CONCURRENT freed 409K, 5% free 11238K/11719K, paused 4ms+3ms
07-01 20:05:02.837   145   161 I Process : Sending signal. PID: 13756 SIG: 3
07-01 20:05:02.837 13756 13761 I dalvikvm: threadid=3: reacting to signal 3
07-01 20:05:02.872 13756 13761 I dalvikvm: Wrote stack traces to '/data/anr/traces.txt'
07-01 20:05:02.903 13756 13758 D dalvikvm: GC_CONCURRENT freed 250K, 4% free 11736K/12103K, paused 2ms+4ms
07-01 20:05:02.907 13756 13756 D Chess.Com: Start Chess.Com LCC mainApp
07-01 20:05:02.970 13756 13756 I dalvikvm: Could not find method org.slf4j.impl.StaticLoggerBinder.getSingleton, referenced from method org.slf4j.LoggerFactory.bind
07-01 20:05:02.970 13756 13756 W dalvikvm: VFY: unable to resolve static method 20576: Lorg/slf4j/impl/StaticLoggerBinder;.getSingleton ()Lorg/slf4j/impl/StaticLoggerBinder;
07-01 20:05:02.970 13756 13756 D dalvikvm: VFY: replacing opcode 0x71 at 0x0000
07-01 20:05:02.970 13756 13756 I dalvikvm: Could not find method org.slf4j.impl.StaticLoggerBinder.getSingleton, referenced from method org.slf4j.LoggerFactory.getILoggerFactory
07-01 20:05:02.970 13756 13756 W dalvikvm: VFY: unable to resolve static method 20576: Lorg/slf4j/impl/StaticLoggerBinder;.getSingleton ()Lorg/slf4j/impl/StaticLoggerBinder;
07-01 20:05:02.970 13756 13756 D dalvikvm: VFY: replacing opcode 0x71 at 0x0017
07-01 20:05:02.974 13756 13756 W dalvikvm: VFY: unable to resolve static field 9710 (REQUESTED_API_VERSION) in Lorg/slf4j/impl/StaticLoggerBinder;
07-01 20:05:02.974 13756 13756 D dalvikvm: VFY: replacing opcode 0x62 at 0x0001
07-01 20:05:02.974 13756 13756 W System.err: SLF4J: Failed to load class "org.slf4j.impl.StaticLoggerBinder".
07-01 20:05:02.974 13756 13756 W System.err: SLF4J: Defaulting to no-operation (NOP) logger implementation
07-01 20:05:02.974 13756 13756 W System.err: SLF4J: See http://www.slf4j.org/codes.html#StaticLoggerBinder for further details.
07-01 20:05:03.192   345   345 D SAN_SERVICE: *******************************************
07-01 20:05:03.192   345   345 D SAN_SERVICE: DM App Phone Service State - 0
07-01 20:05:03.192   345   345 D SAN_SERVICE: *******************************************
07-01 20:05:03.337   145   161 I Process : Sending signal. PID: 13756 SIG: 3
07-01 20:05:03.337 13756 13761 I dalvikvm: threadid=3: reacting to signal 3
07-01 20:05:03.376 13756 13761 I dalvikvm: Wrote stack traces to '/data/anr/traces.txt'
07-01 20:05:03.477   345   345 D SAN_SERVICE: *******************************************
07-01 20:05:03.477   345   345 D SAN_SERVICE: DM App Phone Service State - 0
07-01 20:05:03.477   345   345 D SAN_SERVICE: *******************************************
07-01 20:05:03.727 13756 13758 D dalvikvm: GC_CONCURRENT freed 915K, 9% free 11663K/12679K, paused 2ms+9ms
07-01 20:05:03.794 13835 13837 D dalvikvm: GC_CONCURRENT freed 472K, 8% free 10748K/11591K, paused 39ms+2ms
07-01 20:05:03.841   145   161 I Process : Sending signal. PID: 13756 SIG: 3
07-01 20:05:03.841 13756 13761 I dalvikvm: threadid=3: reacting to signal 3
07-01 20:05:03.872 13756 13761 I dalvikvm: Wrote stack traces to '/data/anr/traces.txt'
07-01 20:05:03.981   345   345 D SAN_SERVICE: *******************************************
07-01 20:05:03.981   345   345 D SAN_SERVICE: DM App Phone Service State - 0
07-01 20:05:03.981   345   345 D SAN_SERVICE: *******************************************
07-01 20:05:04.036   145   147 D dalvikvm: GC_CONCURRENT freed 1699K, 24% free 16642K/21639K, paused 4ms+11ms
07-01 20:05:04.345   145   161 I Process : Sending signal. PID: 13756 SIG: 3
07-01 20:05:04.345 13756 13761 I dalvikvm: threadid=3: reacting to signal 3
07-01 20:05:04.403 13756 13761 I dalvikvm: Wrote stack traces to '/data/anr/traces.txt'
07-01 20:05:04.809 13756 13756 D MoPub   : Failed to retrieve GPS location: access appears to be disabled.
07-01 20:05:04.837 13756 13756 D MoPub   : adWillLoad: http://ads.mopub.com/m/ad?v=6&id=agltb3B1Yi1pbmNyDQsSBFNpdGUYlvOBEww&nv=1.5.0.2&udid=sha:d6542c3a6e81cb101d355677cb92b5e9d605ff4a&ll=42.9620511,-78.8170408&z=-0400&o=p&sc_a=1.5
07-01 20:05:04.837 13756 13756 I MoPub   : Fetching ad for task #0
07-01 20:05:04.841   145   161 I Process : Sending signal. PID: 13756 SIG: 3
07-01 20:05:04.841 13756 13761 I dalvikvm: threadid=3: reacting to signal 3
07-01 20:05:04.888 13756 13761 D dalvikvm: ExtrMon: insns 0x0 not valid (0x0 - 0x0)
07-01 20:05:04.895 13756 13761 I dalvikvm: Wrote stack traces to '/data/anr/traces.txt'
07-01 20:05:04.934 13756 14036 D GetStringObjTask: retrieving from url = http://www.chess.com/api/v2/get_echess_current_games?id=y3ICtufzg6w7rQqcD3KFujVaIanpYba4bIpaeKElV1LNz3Sz4Fk9Yh5CeWaj8h4bQ2RY0CxFVgA%2ByBE5DE%2B1cAuw4i%2Bp2GVj5RbuDPEUotReGbS25iAukuBsuUd%2Fl5dp&all=1
07-01 20:05:04.934 13756 13756 D FlurryAgent: startSession called
07-01 20:05:04.934 13756 13756 D FlurryAgent: Initializing Flurry session
07-01 20:05:04.958 13756 13756 D FlurryAgent: Starting new session
07-01 20:05:04.958 13756 13756 W Settings: Setting android_id has moved from android.provider.Settings.System to android.provider.Settings.Secure, returning read-only value.
07-01 20:05:05.013 13756 14307 D FlurryAgent: Sending report to: http://data.flurry.com/aap.do
07-01 20:05:05.017  3921  3959 D androidNetworkLocationListeners: Still have listener com.google.android.location.internal.client.NetworkLocationClient$1@41399d68
07-01 20:05:05.099 13756 13758 D dalvikvm: GC_CONCURRENT freed 216K, 4% free 12206K/12679K, paused 10ms+4ms
07-01 20:05:05.118  3921  3959 D androidNetworkLocationListeners: Still have listener com.google.android.location.internal.client.NetworkLocationClient$1@41399d68
07-01 20:05:05.161 13756 13756 D TEST    : onCreateOptionsMenu called 
07-01 20:05:05.302   145 28236 D dalvikvm: GC_EXPLICIT freed 309K, 24% free 16613K/21639K, paused 7ms+8ms
07-01 20:05:05.329 13756 13756 D MoPub   : Ad Unit (agltb3B1Yi1pbmNyDQsSBFNpdGUYlvOBEww) going visible: enabling refresh
07-01 20:05:05.329 13756 13756 D MoPub   : Automatic refresh for agltb3B1Yi1pbmNyDQsSBFNpdGUYlvOBEww set to: true.
07-01 20:05:05.341   145   161 I Process : Sending signal. PID: 13756 SIG: 3
07-01 20:05:05.341 13756 13761 I dalvikvm: threadid=3: reacting to signal 3
07-01 20:05:05.349 13835 13837 D dalvikvm: GC_CONCURRENT freed 494K, 8% free 10729K/11591K, paused 25ms+3ms
07-01 20:05:05.364 13756 13761 I dalvikvm: Wrote stack traces to '/data/anr/traces.txt'
07-01 20:05:05.423 13756 13756 D libEGL  : loaded /system/lib/egl/libGLES_android.so
07-01 20:05:05.427 13756 13756 D libEGL  : loaded /vendor/lib/egl/libEGL_POWERVR_SGX540_120.so
07-01 20:05:05.817 13756 14307 D FlurryAgent: Report successful
07-01 20:05:05.817 13756 13756 D libEGL  : loaded /vendor/lib/egl/libGLESv1_CM_POWERVR_SGX540_120.so
07-01 20:05:05.817 13756 14307 D FlurryAgent: Processing report response
07-01 20:05:05.817 13756 14307 D FlurryAgent: Done sending initial agent report
07-01 20:05:05.829 13756 13756 D libEGL  : loaded /vendor/lib/egl/libGLESv2_POWERVR_SGX540_120.so
07-01 20:05:05.841   145   161 I Process : Sending signal. PID: 13756 SIG: 3
07-01 20:05:05.841 13756 13761 I dalvikvm: threadid=3: reacting to signal 3
07-01 20:05:05.915 13756 13761 I dalvikvm: Wrote stack traces to '/data/anr/traces.txt'
07-01 20:05:06.278 13756 13756 D OpenGLRenderer: Enabling debug mode 0
07-01 20:05:06.360   145   161 I Process : Sending signal. PID: 13756 SIG: 3
07-01 20:05:06.360 13756 13761 I dalvikvm: threadid=3: reacting to signal 3
07-01 20:05:06.454 13756 13761 D dalvikvm: ExtrMon: insns 0x0 not valid (0x0 - 0x0)
07-01 20:05:06.470 13756 13761 I dalvikvm: Wrote stack traces to '/data/anr/traces.txt'
07-01 20:05:06.661   145   176 I ActivityManager: Displayed com.chess/.ui.activities.OnlineScreenActivity: +6s324ms
07-01 20:05:06.884  3921  4008 D CellLocator: Primary cell miss in cache. Need server request.
07-01 20:05:06.892 13756 14036 D GetStringObjTask: WebRequest SERVER RESPONSE: Success+1:000055472248:w:1:14:hoorayforjaded:0985:23:h:56:rnbqkbnr/pppppppp/8/8/8/8/PPPPPPPP/RNBQKBNR w KQkq - 0 1:1341185541:  :  :n:0:1:0:
07-01 20:05:07.013  3921  4008 D NetworkLocator: New location significantly newer than previous. Reporting it.
07-01 20:05:07.079  3921  3966 I System.out: [INFO:9830955]: LogSource: Running flush
07-01 20:05:07.388 13835 13934 D dalvikvm: GC_FOR_ALLOC freed 358K, 7% free 10807K/11591K, paused 29ms
07-01 20:05:07.520  3921  3979 I System.out: [INFO:9831398]: LogSource: Sending payload [bytes=685]
07-01 20:05:07.700  3921  3959 D androidNetworkLocationListeners: Still have listener com.google.android.location.internal.client.NetworkLocationClient$1@41399d68
07-01 20:05:07.829  3921  3923 D dalvikvm: GC_CONCURRENT freed 430K, 6% free 10302K/10951K, paused 98ms+4ms
07-01 20:05:08.931 13756 13756 E Web Console: Viewport argument value "device-width;" for key "width" not recognized. Content ignored. at http://ads.mopub.com/:7
07-01 20:05:08.931 13756 13756 V Web Console: Viewport argument value "1.0;" for key "initial-scale" was truncated to its numeric prefix. at http://ads.mopub.com/:7
07-01 20:05:09.306 13756 13756 E Web Console: Viewport argument value "no;" for key "user-scalable" not recognized. Content ignored. at http://ads.mopub.com/:7
07-01 20:05:09.407  3921  4008 D CellLocator: Primary cell miss in cache. Need server request.
07-01 20:05:10.087 13835 13934 D dalvikvm: GC_FOR_ALLOC freed 392K, 8% free 10744K/11591K, paused 50ms
07-01 20:05:10.153  3921  3979 I System.out: [INFO:9834030]: LogSource: Response [http=200,length=348]
07-01 20:05:10.157  3921  3966 I System.out: [INFO:9834032]: LogSource: Read id 3, status code 200
07-01 20:05:10.212  3921  4008 D WifiLocator: Too many no-location APs. Will not compute a location nor go to the server. hasLocation=0 noLocation=0 cacheMiss=0
07-01 20:05:10.235 13756 14036 D GetStringObjTask: retrieving from url = http://www.chess.com/api/v2/get_echess_current_games?id=y3ICtufzg6w7rQqcD3KFujVaIanpYba4bIpaeKElV1LNz3Sz4Fk9Yh5CeWaj8h4bQ2RY0CxFVgA%2ByBE5DE%2B1cAuw4i%2Bp2GVj5RbuDPEUotReGbS25iAukuBsuUd%2Fl5dp&all=1
07-01 20:05:10.251  3921  3923 D dalvikvm: GC_CONCURRENT freed 399K, 6% free 10312K/10951K, paused 4ms+4ms
07-01 20:05:10.329  3921 10206 D dalvikvm: GC_EXPLICIT freed 57K, 6% free 10298K/10951K, paused 5ms+3ms
07-01 20:05:10.556 14063 14064 D dalvikvm: GC_CONCURRENT freed 498K, 7% free 10251K/11015K, paused 20ms+3ms
07-01 20:05:11.079 13835 13934 D dalvikvm: GC_FOR_ALLOC freed 396K, 8% free 10742K/11591K, paused 32ms
07-01 20:05:11.126 13756 14036 D GetStringObjTask: WebRequest SERVER RESPONSE: Success+1:000055472248:w:1:14:hoorayforjaded:0985:23:h:56:rnbqkbnr/pppppppp/8/8/8/8/PPPPPPPP/RNBQKBNR w KQkq - 0 1:1341185541:  :  :n:0:1:0:
07-01 20:05:11.169 13756 14036 D GetStringObjTask: retrieving from url = http://www.chess.com/api/v2/get_echess_current_games?id=y3ICtufzg6w7rQqcD3KFujVaIanpYba4bIpaeKElV1LNz3Sz4Fk9Yh5CeWaj8h4bQ2RY0CxFVgA%2ByBE5DE%2B1cAuw4i%2Bp2GVj5RbuDPEUotReGbS25iAukuBsuUd%2Fl5dp&all=1
07-01 20:05:11.794 13756 14036 D GetStringObjTask: WebRequest SERVER RESPONSE: Success+1:000055472248:w:1:14:hoorayforjaded:0985:23:h:56:rnbqkbnr/pppppppp/8/8/8/8/PPPPPPPP/RNBQKBNR w KQkq - 0 1:1341185541:  :  :n:0:1:0:
07-01 20:05:12.079 13835 13934 D dalvikvm: GC_FOR_ALLOC freed 394K, 8% free 10742K/11591K, paused 28ms
07-01 20:05:12.270 13756 13756 I MoPub   : Ad successfully loaded.
07-01 20:05:12.274 13756 13756 D MoPub   : adLoaded
07-01 20:05:12.556   145  9966 I ActivityManager: Process com.google.android.apps.googlevoice (pid 12775) has died.
07-01 20:05:12.563   145  9966 W ActivityManager: Scheduling restart of crashed service com.google.android.apps.googlevoice/.CallLogService in 5000ms
07-01 20:05:12.563   145  9966 W ActivityManager: Scheduling restart of crashed service com.google.android.apps.googlevoice/.UpdateService in 14999ms
07-01 20:05:13.079 13835 13934 D dalvikvm: GC_FOR_ALLOC freed 394K, 8% free 10742K/11591K, paused 23ms
07-01 20:05:14.071 13835 13934 D dalvikvm: GC_FOR_ALLOC freed 394K, 8% free 10742K/11591K, paused 22ms
07-01 20:05:15.130 13835 13934 D dalvikvm: GC_FOR_ALLOC freed 394K, 8% free 10742K/11591K, paused 79ms
07-01 20:05:16.149 13835 13934 D dalvikvm: GC_FOR_ALLOC freed 394K, 8% free 10742K/11591K, paused 64ms
07-01 20:05:17.110 13835 13934 D dalvikvm: GC_FOR_ALLOC freed 394K, 8% free 10742K/11591K, paused 25ms
07-01 20:05:17.716   145   162 I ActivityManager: Start proc com.google.android.apps.googlevoice for service com.google.android.apps.googlevoice/.CallLogService: pid=14329 uid=10054 gids={3003, 1015}
07-01 20:05:18.114 13835 13934 D dalvikvm: GC_FOR_ALLOC freed 394K, 8% free 10742K/11591K, paused 39ms
07-01 20:05:18.602   145 21614 I ActivityManager: START {cmp=com.chess/.ui.activities.GameOnlineScreenActivity (has extras)} from pid 13756
07-01 20:05:18.614 14329 14330 D dalvikvm: GC_CONCURRENT freed 238K, 4% free 9297K/9607K, paused 16ms+90ms
07-01 20:05:18.778   145 21614 I UsageStats: No package stats for pkg:com.chess
07-01 20:05:19.142 13835 13934 D dalvikvm: GC_FOR_ALLOC freed 397K, 8% free 10742K/11591K, paused 65ms
07-01 20:05:19.427   145   161 I Process : Sending signal. PID: 13756 SIG: 3
07-01 20:05:19.427 13756 13761 I dalvikvm: threadid=3: reacting to signal 3
07-01 20:05:19.528 13756 13761 I dalvikvm: Wrote stack traces to '/data/anr/traces.txt'
07-01 20:05:19.532   145  9966 I ActivityManager: Process com.whatsapp (pid 11008) has died.
07-01 20:05:19.532   145  9966 W ActivityManager: Scheduling restart of crashed service com.whatsapp/.messaging.MessageService in 18028ms
07-01 20:05:19.567 13756 13758 D dalvikvm: GC_CONCURRENT freed 535K, 5% free 12690K/13319K, paused 16ms+11ms
07-01 20:05:19.856 13756 13756 D rnbqkbnr/pppppppp/8/8/8/8/PPPPPPPP/RNBQKBNR: 0 4 7 56 60 63
07-01 20:05:19.876 13756 13756 D FlurryAgent: startSession called
07-01 20:05:19.931   145   161 I Process : Sending signal. PID: 13756 SIG: 3
07-01 20:05:19.931 13756 13761 I dalvikvm: threadid=3: reacting to signal 3
07-01 20:05:20.001   375   375 D OpenGLRenderer: Flushing caches (mode 2)
07-01 20:05:20.028   375   375 D OpenGLRenderer: Flushing caches (mode 0)
07-01 20:05:20.102 13756 13761 D dalvikvm: ExtrMon: insns 0x0 not valid (0x0 - 0x0)
07-01 20:05:20.153 13756 13756 D TEST    : onCreateOptionsMenu called 
07-01 20:05:20.192 13835 13934 D dalvikvm: GC_FOR_ALLOC freed 394K, 8% free 10742K/11591K, paused 116ms
07-01 20:05:20.204 13756 13761 I dalvikvm: Wrote stack traces to '/data/anr/traces.txt'
07-01 20:05:20.431   145   161 I Process : Sending signal. PID: 13756 SIG: 3
07-01 20:05:20.431 13756 13761 I dalvikvm: threadid=3: reacting to signal 3
07-01 20:05:20.458 13756 13761 I dalvikvm: Wrote stack traces to '/data/anr/traces.txt'
07-01 20:05:20.466   145   176 I ActivityManager: Displayed com.chess/.ui.activities.GameOnlineScreenActivity: +1s542ms
07-01 20:05:20.556 13756 13756 D MoPub   : Ad Unit (agltb3B1Yi1pbmNyDQsSBFNpdGUYlvOBEww) going invisible: disabling refresh
07-01 20:05:20.556 13756 13756 D MoPub   : Automatic refresh for agltb3B1Yi1pbmNyDQsSBFNpdGUYlvOBEww set to: false.
07-01 20:05:20.559 13756 13756 D OpenGLRenderer: Flushing caches (mode 0)
07-01 20:05:20.642 13756 14148 D GetStringObjTask: retrieving from url = http://www.chess.com/api/v3/get_game?id=y3ICtufzg6w7rQqcD3KFujVaIanpYba4bIpaeKElV1LNz3Sz4Fk9Yh5CeWaj8h4bQ2RY0CxFVgA%2ByBE5DE%2B1cAuw4i%2Bp2GVj5RbuDPEUotReGbS25iAukuBsuUd%2Fl5dp&gid=55472248
07-01 20:05:21.145 13835 13934 D dalvikvm: GC_FOR_ALLOC freed 394K, 8% free 10742K/11591K, paused 66ms
07-01 20:05:21.169 13756 14148 D GetStringObjTask: WebRequest SERVER RESPONSE: Success+55472248:1:1341185541:Let's Play!:lokeshmandvekar:hoorayforjaded:::1:1200:985:::84420
07-01 20:05:22.102 13835 13934 D dalvikvm: GC_FOR_ALLOC freed 394K, 8% free 10742K/11591K, paused 22ms
07-01 20:05:23.122 13835 13934 D dalvikvm: GC_FOR_ALLOC freed 394K, 8% free 10742K/11591K, paused 45ms
07-01 20:05:24.192 13835 13934 D dalvikvm: GC_FOR_ALLOC freed 394K, 8% free 10742K/11591K, paused 109ms
07-01 20:05:25.106 13835 13934 D dalvikvm: GC_FOR_ALLOC freed 394K, 8% free 10742K/11591K, paused 27ms
07-01 20:05:26.329 13835 13934 D dalvikvm: GC_FOR_ALLOC freed 394K, 8% free 10742K/11591K, paused 29ms
07-01 20:05:27.360 13835 13934 D dalvikvm: GC_FOR_ALLOC freed 397K, 8% free 10742K/11591K, paused 62ms
07-01 20:05:27.911   145  9966 D CountryDetector: The first listener is added
07-01 20:05:28.204 14329 14330 D dalvikvm: GC_CONCURRENT freed 372K, 5% free 9458K/9927K, paused 3ms+15ms
07-01 20:05:28.204 14329 14338 W CursorWrapperInner: Cursor finalized without prior close()
07-01 20:05:28.204 14329 14338 W CursorWrapperInner: Cursor finalized without prior close()
07-01 20:05:28.204 14329 14338 W CursorWrapperInner: Cursor finalized without prior close()
07-01 20:05:28.263 13971 13972 D dalvikvm: GC_CONCURRENT freed 331K, 6% free 9654K/10183K, paused 5ms+12ms
07-01 20:05:28.520 13835 13934 D dalvikvm: GC_FOR_ALLOC freed 394K, 8% free 10742K/11591K, paused 97ms
07-01 20:05:28.595 14329 14330 D dalvikvm: GC_CONCURRENT freed 345K, 5% free 9635K/10055K, paused 4ms+2ms
07-01 20:05:28.731 13971 13983 D dalvikvm: GC_EXPLICIT freed 170K, 5% free 9725K/10183K, paused 3ms+9ms
07-01 20:05:29.395 13835 13934 D dalvikvm: GC_FOR_ALLOC freed 394K, 8% free 10742K/11591K, paused 87ms
07-01 20:05:30.376 13835 13934 D dalvikvm: GC_FOR_ALLOC freed 394K, 8% free 10742K/11591K, paused 77ms
07-01 20:05:32.044    81   129 W AudioFlinger: write blocked for 515 msecs, 11 delayed writes, thread 0x8cd9a0
07-01 20:05:32.352 13835 13934 D dalvikvm: GC_FOR_ALLOC freed 394K, 8% free 10742K/11591K, paused 24ms
07-01 20:05:33.376 13835 13934 D dalvikvm: GC_FOR_ALLOC freed 394K, 8% free 10742K/11591K, paused 60ms
07-01 20:05:34.384 13835 13934 D dalvikvm: GC_FOR_ALLOC freed 394K, 8% free 10742K/11591K, paused 76ms
07-01 20:05:35.368 13835 13934 D dalvikvm: GC_FOR_ALLOC freed 394K, 8% free 10742K/11591K, paused 60ms
07-01 20:05:36.356 13835 13934 D dalvikvm: GC_FOR_ALLOC freed 394K, 8% free 10742K/11591K, paused 51ms
07-01 20:05:37.618 13835 13934 D dalvikvm: GC_FOR_ALLOC freed 397K, 8% free 10742K/11591K, paused 32ms
07-01 20:05:37.622   145   162 I ActivityManager: Start proc com.whatsapp for service com.whatsapp/.messaging.MessageService: pid=14363 uid=10068 gids={1015, 3003}
07-01 20:05:37.653 14363 14363 I dalvikvm: Turning on JNI app bug workarounds for target SDK version 7...
07-01 20:05:38.009 14363 14364 D dalvikvm: GC_CONCURRENT freed 164K, 3% free 9367K/9607K, paused 11ms+6ms
07-01 20:05:38.349 13756 13756 D move:   : d2d4
07-01 20:05:38.575 14363 14364 D dalvikvm: GC_CONCURRENT freed 292K, 4% free 9604K/9991K, paused 5ms+3ms
07-01 20:05:38.602 13756 14229 D GetStringObjTask: retrieving from url = http://www.chess.com/api/submit_echess_action?id=y3ICtufzg6w7rQqcD3KFujVaIanpYba4bIpaeKElV1LNz3Sz4Fk9Yh5CeWaj8h4bQ2RY0CxFVgA%2ByBE5DE%2B1cAuw4i%2Bp2GVj5RbuDPEUotReGbS25iAukuBsuUd%2Fl5dp&chessid=55472248&command=SUBMIT&newmove=d2d4&timestamp=1341185541
07-01 20:05:38.767   145   365 I ActivityManager: Process com.google.android.apps.currents (pid 13772) has died.
07-01 20:05:38.880 13835 13934 D dalvikvm: GC_FOR_ALLOC freed 394K, 8% free 10742K/11591K, paused 177ms
07-01 20:05:39.181 14363 14363 I dalvikvm: Could not find method android.media.MediaMetadataRetriever.captureFrame, referenced from method com.whatsapp.q3.a
07-01 20:05:39.181 14363 14363 W dalvikvm: VFY: unable to resolve virtual method 501: Landroid/media/MediaMetadataRetriever;.captureFrame ()Landroid/graphics/Bitmap;
07-01 20:05:39.181 14363 14363 D dalvikvm: VFY: replacing opcode 0x6e at 0x0134
07-01 20:05:39.462 14363 14364 D dalvikvm: GC_CONCURRENT freed 444K, 6% free 9728K/10247K, paused 6ms+5ms
07-01 20:05:39.778 13756 14229 D GetStringObjTask: WebRequest SERVER RESPONSE: Success
07-01 20:05:39.798 13756 14301 D GetStringObjTask: retrieving from url = http://www.chess.com/api/v2/get_echess_current_games?id=y3ICtufzg6w7rQqcD3KFujVaIanpYba4bIpaeKElV1LNz3Sz4Fk9Yh5CeWaj8h4bQ2RY0CxFVgA%2ByBE5DE%2B1cAuw4i%2Bp2GVj5RbuDPEUotReGbS25iAukuBsuUd%2Fl5dp&all=1
07-01 20:05:39.868   145   396 W InputManagerService: Window already focused, ignoring focus gain of: com.android.internal.view.IInputMethodClient$Stub$Proxy@41ae8848
07-01 20:05:39.895 14363 14364 D dalvikvm: GC_CONCURRENT freed 168K, 3% free 9983K/10247K, paused 2ms+17ms
07-01 20:05:40.071 13835 13934 D dalvikvm: GC_FOR_ALLOC freed 393K, 8% free 10742K/11591K, paused 34ms
07-01 20:05:41.270   145   147 D dalvikvm: GC_CONCURRENT freed 1895K, 24% free 16619K/21639K, paused 4ms+27ms
07-01 20:05:42.985 13756 14301 D GetStringObjTask: WebRequest SERVER RESPONSE: Success+1:000055472248:w:1:14:hoorayforjaded:0985:23:h:59:rnbqkbnr/pppppppp/8/8/3P4/8/PPP1PPPP/RNBQKBNR b KQkq d3 1 1:1341187540:d2:d4:n:0:0:0:
07-01 20:05:43.216 13756 13756 D FlurryAgent: startSession called
07-01 20:05:43.415   145 22722 D dalvikvm: GC_EXPLICIT freed 317K, 24% free 16526K/21639K, paused 4ms+15ms
07-01 20:05:43.419 13756 13756 D TEST    : onCreateOptionsMenu called 
07-01 20:05:43.427 13756 13756 D MoPub   : Ad Unit (agltb3B1Yi1pbmNyDQsSBFNpdGUYlvOBEww) going visible: enabling refresh
07-01 20:05:43.427 13756 13756 D MoPub   : Automatic refresh for agltb3B1Yi1pbmNyDQsSBFNpdGUYlvOBEww set to: true.
07-01 20:05:43.630 13756 13756 D OpenGLRenderer: Flushing caches (mode 0)
07-01 20:05:43.669 13756 13756 D MoPub   : Automatic refresh for agltb3B1Yi1pbmNyDQsSBFNpdGUYtfH_Egw set to: false.
07-01 20:05:43.673 13756 13756 D webviewglue: nativeDestroy view: 0xda66a8
07-01 20:05:45.302 13756 14036 D GetStringObjTask: retrieving from url = http://www.chess.com/api/v2/get_echess_current_games?id=y3ICtufzg6w7rQqcD3KFujVaIanpYba4bIpaeKElV1LNz3Sz4Fk9Yh5CeWaj8h4bQ2RY0CxFVgA%2ByBE5DE%2B1cAuw4i%2Bp2GVj5RbuDPEUotReGbS25iAukuBsuUd%2Fl5dp&all=1
07-01 20:05:45.341 14363 14364 D dalvikvm: GC_CONCURRENT freed 508K, 6% free 9897K/10503K, paused 3ms+2ms
07-01 20:05:45.392 13835 13934 D dalvikvm: GC_FOR_ALLOC freed 394K, 8% free 10742K/11591K, paused 31ms
07-01 20:05:45.852 13756 14036 D GetStringObjTask: WebRequest SERVER RESPONSE: Success+1:000055472248:w:1:14:hoorayforjaded:0985:23:h:59:rnbqkbnr/pppppppp/8/8/3P4/8/PPP1PPPP/RNBQKBNR b KQkq d3 1 1:1341187540:d2:d4:n:0:0:0:
07-01 20:05:46.423 13835 13934 D dalvikvm: GC_FOR_ALLOC freed 393K, 8% free 10742K/11591K, paused 36ms
07-01 20:05:47.395 13835 13934 D dalvikvm: GC_FOR_ALLOC freed 394K, 8% free 10742K/11591K, paused 27ms
07-01 20:05:48.395 13835 13934 D dalvikvm: GC_FOR_ALLOC freed 394K, 8% free 10742K/11591K, paused 26ms
07-01 20:05:48.446   145   396 I ActivityManager: START {cmp=com.chess/.ui.activities.GameOnlineScreenActivity (has extras)} from pid 13756
07-01 20:05:48.852 13756 13758 D dalvikvm: GC_CONCURRENT freed 674K, 6% free 13277K/14023K, paused 9ms+7ms
07-01 20:05:48.911 13756 13756 D rnbqkbnr/pppppppp/8/8/8/8/PPPPPPPP/RNBQKBNR: 0 4 7 56 60 63
07-01 20:05:48.934 13756 13756 D FlurryAgent: startSession called
07-01 20:05:48.958 13756 13756 D TEST    : onCreateOptionsMenu called 
07-01 20:05:49.067   145   161 I Process : Sending signal. PID: 13756 SIG: 3
07-01 20:05:49.071 13756 13761 I dalvikvm: threadid=3: reacting to signal 3
07-01 20:05:49.138 13756 13761 D dalvikvm: ExtrMon: insns 0x0 not valid (0x0 - 0x0)
07-01 20:05:49.153 13756 13761 I dalvikvm: Wrote stack traces to '/data/anr/traces.txt'
07-01 20:05:49.200   145   176 I ActivityManager: Displayed com.chess/.ui.activities.GameOnlineScreenActivity: +636ms
07-01 20:05:49.270 13756 13756 D MoPub   : Ad Unit (agltb3B1Yi1pbmNyDQsSBFNpdGUYlvOBEww) going invisible: disabling refresh
07-01 20:05:49.270 13756 13756 D MoPub   : Automatic refresh for agltb3B1Yi1pbmNyDQsSBFNpdGUYlvOBEww set to: false.
07-01 20:05:49.274 13756 13756 D OpenGLRenderer: Flushing caches (mode 0)
07-01 20:05:49.337 13756 14148 D GetStringObjTask: retrieving from url = http://www.chess.com/api/v3/get_game?id=y3ICtufzg6w7rQqcD3KFujVaIanpYba4bIpaeKElV1LNz3Sz4Fk9Yh5CeWaj8h4bQ2RY0CxFVgA%2ByBE5DE%2B1cAuw4i%2Bp2GVj5RbuDPEUotReGbS25iAukuBsuUd%2Fl5dp&gid=55472248
07-01 20:05:49.395 13835 13934 D dalvikvm: GC_FOR_ALLOC freed 394K, 8% free 10742K/11591K, paused 26ms
07-01 20:05:49.829 13756 14148 D GetStringObjTask: WebRequest SERVER RESPONSE: Success+55472248:1:1341187540:Let's Play!:lokeshmandvekar:hoorayforjaded::1. d4 :2:1200:985:lB::86390
07-01 20:05:50.442 13835 13934 D dalvikvm: GC_FOR_ALLOC freed 395K, 8% free 10744K/11591K, paused 71ms
07-01 20:05:51.431 13835 13934 D dalvikvm: GC_FOR_ALLOC freed 396K, 8% free 10742K/11591K, paused 33ms
07-01 20:05:52.415 13835 13934 D dalvikvm: GC_FOR_ALLOC freed 394K, 8% free 10742K/11591K, paused 23ms
07-01 20:05:53.415 13835 13934 D dalvikvm: GC_FOR_ALLOC freed 394K, 8% free 10742K/11591K, paused 25ms
07-01 20:05:54.481 13835 13934 D dalvikvm: GC_FOR_ALLOC freed 394K, 8% free 10742K/11591K, paused 84ms
07-01 20:05:55.438 13835 13934 D dalvikvm: GC_FOR_ALLOC freed 394K, 8% free 10742K/11591K, paused 23ms
07-01 20:05:56.778   145   348 I ActivityManager: Process com.google.android.apps.uploader (pid 13819) has died.
07-01 20:05:56.802 13835 13934 D dalvikvm: GC_FOR_ALLOC freed 394K, 8% free 10742K/11591K, paused 23ms
07-01 20:05:57.997 13835 13934 D dalvikvm: GC_FOR_ALLOC freed 394K, 8% free 10742K/11591K, paused 47ms
07-01 20:05:58.993 13835 13934 D dalvikvm: GC_FOR_ALLOC freed 393K, 8% free 10742K/11591K, paused 25ms
07-01 20:06:00.063 13835 13934 D dalvikvm: GC_FOR_ALLOC freed 397K, 8% free 10742K/11591K, paused 47ms
07-01 20:06:01.036 13835 13934 D dalvikvm: GC_FOR_ALLOC freed 394K, 8% free 10742K/11591K, paused 22ms
07-01 20:06:01.110 13756 14301 D GetStringObjTask: retrieving from url = http://www.chess.com/api/get_move_status?id=y3ICtufzg6w7rQqcD3KFujVaIanpYba4bIpaeKElV1LNz3Sz4Fk9Yh5CeWaj8h4bQ2RY0CxFVgA%2ByBE5DE%2B1cAuw4i%2Bp2GVj5RbuDPEUotReGbS25iAukuBsuUd%2Fl5dp
07-01 20:06:01.595 13756 14301 D GetStringObjTask: WebRequest SERVER RESPONSE: Success+0
07-01 20:06:02.067 13835 13934 D dalvikvm: GC_FOR_ALLOC freed 394K, 8% free 10742K/11591K, paused 52ms
07-01 20:06:03.075 13835 13934 D dalvikvm: GC_FOR_ALLOC freed 394K, 8% free 10742K/11591K, paused 59ms
07-01 20:06:04.083 13835 13934 D dalvikvm: GC_FOR_ALLOC freed 394K, 8% free 10742K/11591K, paused 59ms
07-01 20:06:04.751   345   345 D SAN_SERVICE: *******************************************
07-01 20:06:04.751   345   345 D SAN_SERVICE: DM App Phone Service State - 0
07-01 20:06:04.751   345   345 D SAN_SERVICE: *******************************************
07-01 20:06:04.946   345   345 D SAN_SERVICE: *******************************************
07-01 20:06:04.946   345   345 D SAN_SERVICE: DM App Phone Service State - 0
07-01 20:06:04.946   345   345 D SAN_SERVICE: *******************************************
07-01 20:06:05.075 13835 13934 D dalvikvm: GC_FOR_ALLOC freed 394K, 8% free 10742K/11591K, paused 47ms
07-01 20:06:05.763   345   345 D SAN_SERVICE: *******************************************
07-01 20:06:05.763   345   345 D SAN_SERVICE: DM App Phone Service State - 0
07-01 20:06:05.763   345   345 D SAN_SERVICE: *******************************************
07-01 20:06:05.817   345   347 D dalvikvm: GC_CONCURRENT freed 748K, 9% free 11642K/12679K, paused 37ms+3ms
07-01 20:06:06.173 13835 13934 D dalvikvm: GC_FOR_ALLOC freed 394K, 8% free 10742K/11591K, paused 150ms
07-01 20:06:07.048 13835 13934 D dalvikvm: GC_FOR_ALLOC freed 394K, 8% free 10742K/11591K, paused 26ms
07-01 20:06:08.044 13835 13934 D dalvikvm: GC_FOR_ALLOC freed 395K, 8% free 10744K/11591K, paused 22ms
07-01 20:06:09.075 13835 13934 D dalvikvm: GC_FOR_ALLOC freed 395K, 8% free 10742K/11591K, paused 54ms
07-01 20:06:10.130 13835 13934 D dalvikvm: GC_FOR_ALLOC freed 394K, 8% free 10742K/11591K, paused 106ms
07-01 20:06:10.395    81   129 W AudioTrack: stepServer() could not lock cblk
07-01 20:06:11.048 13835 13934 D dalvikvm: GC_FOR_ALLOC freed 394K, 8% free 10742K/11591K, paused 25ms
07-01 20:06:12.087 13835 13934 D dalvikvm: GC_FOR_ALLOC freed 394K, 8% free 10742K/11591K, paused 27ms
07-01 20:06:12.251 13246 13248 D dalvikvm: GC_CONCURRENT freed 497K, 7% free 10163K/10887K, paused 5ms+13ms
07-01 20:06:13.149 13835 13934 D dalvikvm: GC_FOR_ALLOC freed 394K, 8% free 10742K/11591K, paused 85ms
07-01 20:06:14.134 13835 13934 D dalvikvm: GC_FOR_ALLOC freed 394K, 8% free 10742K/11591K, paused 66ms
07-01 20:06:15.102 13835 13934 D dalvikvm: GC_FOR_ALLOC freed 394K, 8% free 10742K/11591K, paused 22ms
07-01 20:06:16.184 13835 13934 D dalvikvm: GC_FOR_ALLOC freed 394K, 8% free 10742K/11591K, paused 125ms
07-01 20:06:17.130 13835 13934 D dalvikvm: GC_FOR_ALLOC freed 397K, 8% free 10742K/11591K, paused 68ms
07-01 20:06:18.138 13835 13934 D dalvikvm: GC_FOR_ALLOC freed 394K, 8% free 10742K/11591K, paused 72ms
07-01 20:06:19.142 13835 13934 D dalvikvm: GC_FOR_ALLOC freed 394K, 8% free 10742K/11591K, paused 76ms
07-01 20:06:20.087 13835 13934 D dalvikvm: GC_FOR_ALLOC freed 394K, 8% free 10742K/11591K, paused 24ms
07-01 20:06:20.735    81   129 W AudioTrack: stepServer() could not lock cblk
07-01 20:06:21.149 13835 13934 D dalvikvm: GC_FOR_ALLOC freed 394K, 8% free 10742K/11591K, paused 85ms
07-01 20:06:21.798    81   129 W AudioTrack: stepServer() could not lock cblk
07-01 20:06:22.149 13835 13934 D dalvikvm: GC_FOR_ALLOC freed 394K, 8% free 10742K/11591K, paused 83ms
07-01 20:06:23.118 13835 13934 D dalvikvm: GC_FOR_ALLOC freed 394K, 8% free 10742K/11591K, paused 55ms
07-01 20:06:24.153 13835 13934 D dalvikvm: GC_FOR_ALLOC freed 394K, 8% free 10742K/11591K, paused 49ms
07-01 20:06:24.184   145   147 D dalvikvm: GC_CONCURRENT freed 1797K, 24% free 16576K/21639K, paused 3ms+10ms
07-01 20:06:25.227 13835 13934 D dalvikvm: GC_FOR_ALLOC freed 397K, 8% free 10742K/11591K, paused 24ms
07-01 20:06:26.157 13835 13934 D dalvikvm: GC_FOR_ALLOC freed 394K, 8% free 10742K/11591K, paused 34ms
07-01 20:06:27.212 13835 13934 D dalvikvm: GC_FOR_ALLOC freed 394K, 8% free 10742K/11591K, paused 46ms
07-01 20:06:28.181 13835 13934 D dalvikvm: GC_FOR_ALLOC freed 394K, 8% free 10742K/11591K, paused 73ms
07-01 20:06:29.235 13835 13934 D dalvikvm: GC_FOR_ALLOC freed 394K, 8% free 10742K/11591K, paused 23ms
07-01 20:06:30.251 13835 13934 D dalvikvm: GC_FOR_ALLOC freed 394K, 8% free 10742K/11591K, paused 23ms
07-01 20:06:31.106   145   200 D DhcpInfoInternal: makeLinkProperties with empty dns2!
07-01 20:06:31.110   145   200 D DhcpInfoInternal: makeLinkProperties with empty dns2!
07-01 20:06:31.364 13835 13934 D dalvikvm: GC_FOR_ALLOC freed 394K, 8% free 10742K/11591K, paused 128ms
07-01 20:06:32.278 13835 13934 D dalvikvm: GC_FOR_ALLOC freed 394K, 8% free 10742K/11591K, paused 49ms
07-01 20:06:33.306 13835 13934 D dalvikvm: GC_FOR_ALLOC freed 394K, 8% free 10742K/11591K, paused 70ms
07-01 20:06:34.313 13835 13934 D dalvikvm: GC_FOR_ALLOC freed 397K, 8% free 10742K/11591K, paused 82ms
07-01 20:06:35.384 13835 13934 D dalvikvm: GC_FOR_ALLOC freed 394K, 8% free 10742K/11591K, paused 148ms
07-01 20:06:36.532 13835 13934 D dalvikvm: GC_FOR_ALLOC freed 394K, 8% free 10742K/11591K, paused 301ms
07-01 20:06:38.466 13835 13934 D dalvikvm: GC_FOR_ALLOC freed 394K, 8% free 10742K/11591K, paused 59ms
07-01 20:06:39.489 13835 13934 D dalvikvm: GC_FOR_ALLOC freed 393K, 8% free 10742K/11591K, paused 22ms
07-01 20:06:40.481   345   345 D SAN_SERVICE: *******************************************
07-01 20:06:40.481   345   345 D SAN_SERVICE: DM App Phone Service State - 0
07-01 20:06:40.481   345   345 D SAN_SERVICE: *******************************************
07-01 20:06:40.513 13835 13934 D dalvikvm: GC_FOR_ALLOC freed 394K, 8% free 10742K/11591K, paused 49ms
07-01 20:06:40.786   345   345 D SAN_SERVICE: *******************************************
07-01 20:06:40.786   345   345 D SAN_SERVICE: DM App Phone Service State - 0
07-01 20:06:40.790   345   345 D SAN_SERVICE: *******************************************
07-01 20:06:41.024   345   345 D SAN_SERVICE: *******************************************
07-01 20:06:41.024   345   345 D SAN_SERVICE: DM App Phone Service State - 0
07-01 20:06:41.024   345   345 D SAN_SERVICE: *******************************************
07-01 20:06:41.599 13835 13934 D dalvikvm: GC_FOR_ALLOC freed 394K, 8% free 10742K/11591K, paused 22ms
07-01 20:06:42.505 13835 13934 D dalvikvm: GC_FOR_ALLOC freed 394K, 8% free 10742K/11591K, paused 40ms
07-01 20:06:43.536 13835 13934 D dalvikvm: GC_FOR_ALLOC freed 397K, 8% free 10742K/11591K, paused 65ms
07-01 20:06:44.540 13835 13934 D dalvikvm: GC_FOR_ALLOC freed 394K, 8% free 10742K/11591K, paused 40ms
07-01 20:06:45.532 13835 13934 D dalvikvm: GC_FOR_ALLOC freed 394K, 8% free 10742K/11591K, paused 65ms
07-01 20:06:46.540 13835 13934 D dalvikvm: GC_FOR_ALLOC freed 394K, 8% free 10742K/11591K, paused 75ms
07-01 20:06:47.579 13835 13934 D dalvikvm: GC_FOR_ALLOC freed 394K, 8% free 10742K/11591K, paused 111ms
07-01 20:06:48.509 13835 13934 D dalvikvm: GC_FOR_ALLOC freed 398K, 8% free 10738K/11591K, paused 27ms
07-01 20:06:49.642 13835 13934 D dalvikvm: GC_FOR_ALLOC freed 429K, 8% free 10740K/11591K, paused 34ms
07-01 20:06:50.059 14128 14141 I PhoneLab-: Service Running
07-01 20:06:50.184 14128 14141 I PhoneLab-LoggerService: app_37    1360  1     1436   996   c00f181c 400107b4 S logcat
07-01 20:06:50.184 14128 14141 I PhoneLab-LoggerService: Logcat pid from database 1360
07-01 20:06:50.184 14128 14141 I PhoneLab-LoggerService: Logcat process found 1360
07-01 20:06:50.184 14128 14141 I PhoneLab-LoggerService: Checking Threshold
07-01 20:06:50.692 13835 13837 D dalvikvm: GC_CONCURRENT freed 449K, 7% free 10801K/11591K, paused 2ms+3ms
07-01 20:06:50.747   345   345 D SAN_SERVICE: *******************************************
07-01 20:06:50.747   345   345 D SAN_SERVICE: DM App Phone Service State - 0
07-01 20:06:50.747   345   345 D SAN_SERVICE: *******************************************
07-01 20:06:51.817 13835 13934 D dalvikvm: GC_FOR_ALLOC freed 448K, 7% free 10808K/11591K, paused 23ms
07-01 20:06:52.872 13835 13934 D dalvikvm: GC_FOR_ALLOC freed 448K, 7% free 10808K/11591K, paused 66ms
07-01 20:06:53.821 13835 13934 D dalvikvm: GC_FOR_ALLOC freed 439K, 7% free 10808K/11591K, paused 29ms
07-01 20:06:54.825 13835 13934 D dalvikvm: GC_FOR_ALLOC freed 439K, 7% free 10808K/11591K, paused 22ms
07-01 20:06:55.833 13835 13934 D dalvikvm: GC_FOR_ALLOC freed 439K, 7% free 10808K/11591K, paused 23ms
07-01 20:06:56.821 13835 13934 D dalvikvm: GC_FOR_ALLOC freed 439K, 7% free 10808K/11591K, paused 23ms
07-01 20:06:57.868 13835 13934 D dalvikvm: GC_FOR_ALLOC freed 439K, 7% free 10808K/11591K, paused 27ms
07-01 20:06:58.837 13835 13934 D dalvikvm: GC_FOR_ALLOC freed 439K, 7% free 10808K/11591K, paused 25ms
07-01 20:06:59.825 13835 13934 D dalvikvm: GC_FOR_ALLOC freed 426K, 8% free 10742K/11591K, paused 26ms
07-01 20:07:00.852 13835 13837 D dalvikvm: GC_CONCURRENT freed 436K, 7% free 10808K/11591K, paused 2ms+2ms
07-01 20:07:01.020   345   345 D SAN_SERVICE: *******************************************
07-01 20:07:01.020   345   345 D SAN_SERVICE: DM App Phone Service State - 0
07-01 20:07:01.020   345   345 D SAN_SERVICE: *******************************************
07-01 20:07:01.263   345   345 D SAN_SERVICE: *******************************************
07-01 20:07:01.263   345   345 D SAN_SERVICE: DM App Phone Service State - 0
07-01 20:07:01.263   345   345 D SAN_SERVICE: *******************************************
07-01 20:07:01.833 13835 13934 D dalvikvm: GC_FOR_ALLOC freed 424K, 7% free 10808K/11591K, paused 23ms
07-01 20:07:02.024   345   345 D SAN_SERVICE: *******************************************
07-01 20:07:02.024   345   345 D SAN_SERVICE: DM App Phone Service State - 0
07-01 20:07:02.024   345   345 D SAN_SERVICE: *******************************************
07-01 20:07:02.845 13835 13934 D dalvikvm: GC_FOR_ALLOC freed 424K, 7% free 10784K/11591K, paused 33ms
07-01 20:07:03.997 13835 13934 D dalvikvm: GC_FOR_ALLOC freed 535K, 8% free 10678K/11591K, paused 42ms
07-01 20:07:05.126   145   396 I ActivityManager: Process com.google.android.apps.plus (pid 13897) has died.
07-01 20:07:05.134 13835 13837 D dalvikvm: GC_CONCURRENT freed 426K, 8% free 10693K/11591K, paused 10ms+4ms
07-01 20:07:06.325 13835 13837 D dalvikvm: GC_CONCURRENT freed 411K, 7% free 10803K/11591K, paused 2ms+2ms
07-01 20:07:07.481 13835 13934 D dalvikvm: GC_FOR_ALLOC freed 490K, 8% free 10751K/11591K, paused 26ms
07-01 20:07:08.552 13835 13837 D dalvikvm: GC_CONCURRENT freed 466K, 8% free 10739K/11591K, paused 2ms+2ms
07-01 20:07:10.013 13835 13837 D dalvikvm: GC_CONCURRENT freed 456K, 8% free 10749K/11591K, paused 2ms+2ms
07-01 20:07:11.270 13835 13837 D dalvikvm: GC_CONCURRENT freed 488K, 8% free 10714K/11591K, paused 2ms+3ms
07-01 20:07:11.856 14063 14064 D dalvikvm: GC_CONCURRENT freed 517K, 7% free 10246K/11015K, paused 2ms+3ms
07-01 20:07:12.130 13835 13837 D dalvikvm: GC_CONCURRENT freed 455K, 8% free 10694K/11591K, paused 3ms+2ms
07-01 20:07:13.571 13835 13837 D dalvikvm: GC_CONCURRENT freed 441K, 8% free 10766K/11591K, paused 42ms+2ms
07-01 20:07:14.927 13835 13934 D dalvikvm: GC_FOR_ALLOC freed 409K, 7% free 10805K/11591K, paused 31ms
07-01 20:07:15.950 13835 13837 D dalvikvm: GC_CONCURRENT freed 511K, 7% free 10810K/11591K, paused 5ms+6ms
07-01 20:07:17.056 13835 13934 D dalvikvm: GC_FOR_ALLOC freed 410K, 8% free 10741K/11591K, paused 69ms
07-01 20:07:17.126   145   147 D dalvikvm: GC_CONCURRENT freed 1888K, 24% free 16551K/21639K, paused 3ms+7ms
07-01 20:07:18.079 13835 13837 D dalvikvm: GC_CONCURRENT freed 501K, 8% free 10712K/11591K, paused 2ms+2ms
07-01 20:07:19.216 13835 13837 D dalvikvm: GC_CONCURRENT freed 430K, 7% free 10806K/11591K, paused 3ms+3ms
07-01 20:07:20.438 13835 13934 D dalvikvm: GC_FOR_ALLOC freed 405K, 8% free 10741K/11591K, paused 22ms
07-01 20:07:21.462 13835 13934 D dalvikvm: GC_FOR_ALLOC freed 413K, 8% free 10741K/11591K, paused 22ms
07-01 20:07:22.063 13835 13837 D dalvikvm: GC_CONCURRENT freed 510K, 8% free 10681K/11591K, paused 2ms+11ms
07-01 20:07:23.157   345   345 D SAN_SERVICE: *******************************************
07-01 20:07:23.157   345   345 D SAN_SERVICE: DM App Phone Service State - 0
07-01 20:07:23.157   345   345 D SAN_SERVICE: *******************************************
07-01 20:07:23.731 13835 13837 D dalvikvm: GC_CONCURRENT freed 414K, 7% free 10804K/11591K, paused 2ms+3ms
07-01 20:07:23.966   345   345 D SAN_SERVICE: *******************************************
07-01 20:07:23.966   345   345 D SAN_SERVICE: DM App Phone Service State - 0
07-01 20:07:23.966   345   345 D SAN_SERVICE: *******************************************
07-01 20:07:24.809 13835 13934 D dalvikvm: GC_FOR_ALLOC freed 422K, 7% free 10806K/11591K, paused 23ms
07-01 20:07:26.028 13835 13934 D dalvikvm: GC_FOR_ALLOC freed 401K, 8% free 10741K/11591K, paused 27ms
07-01 20:07:27.075 13835 13934 D dalvikvm: GC_FOR_ALLOC freed 408K, 8% free 10741K/11591K, paused 22ms
07-01 20:07:28.220 13835 13837 D dalvikvm: GC_CONCURRENT freed 408K, 7% free 10805K/11591K, paused 2ms+3ms
07-01 20:07:28.274   345   345 D SAN_SERVICE: *******************************************
07-01 20:07:28.274   345   345 D SAN_SERVICE: DM App Phone Service State - 0
07-01 20:07:28.274   345   345 D SAN_SERVICE: *******************************************
07-01 20:07:29.333 13835 13837 D dalvikvm: GC_CONCURRENT freed 584K, 8% free 10697K/11591K, paused 3ms+6ms
07-01 20:07:30.477 13835 13837 D dalvikvm: GC_CONCURRENT freed 448K, 8% free 10727K/11591K, paused 2ms+2ms
07-01 20:07:31.626 13835 13934 D dalvikvm: GC_FOR_ALLOC freed 262K, 7% free 10805K/11591K, paused 22ms
07-01 20:07:32.708 13835 13837 D dalvikvm: GC_CONCURRENT freed 602K, 8% free 10704K/11591K, paused 3ms+3ms
07-01 20:07:33.415   345   345 D SAN_SERVICE: *******************************************
07-01 20:07:33.415   345   345 D SAN_SERVICE: DM App Phone Service State - 0
07-01 20:07:33.415   345   345 D SAN_SERVICE: *******************************************
07-01 20:07:33.739 12856 12858 D dalvikvm: GC_CONCURRENT freed 404K, 9% free 10289K/11207K, paused 11ms+88ms
07-01 20:07:33.989   216   218 D dalvikvm: GC_CONCURRENT freed 686K, 30% free 10087K/14343K, paused 2ms+13ms
07-01 20:07:34.048 13835 13837 D dalvikvm: GC_CONCURRENT freed 296K, 7% free 10869K/11591K, paused 4ms+64ms
07-01 20:07:35.032 13835 13934 D dalvikvm: GC_FOR_ALLOC freed 425K, 8% free 10741K/11591K, paused 38ms
07-01 20:07:36.063 13835 13934 D dalvikvm: GC_FOR_ALLOC freed 404K, 8% free 10734K/11591K, paused 31ms
07-01 20:07:37.306 13835 13934 D dalvikvm: GC_FOR_ALLOC freed 416K, 8% free 10757K/11591K, paused 61ms
07-01 20:07:38.364 13835 13934 D dalvikvm: GC_FOR_ALLOC freed 405K, 8% free 10717K/11591K, paused 38ms
07-01 20:07:38.513   345   345 D SAN_SERVICE: *******************************************
07-01 20:07:38.513   345   345 D SAN_SERVICE: DM App Phone Service State - 0
07-01 20:07:38.513   345   345 D SAN_SERVICE: *******************************************
07-01 20:07:39.501 13835 13934 D dalvikvm: GC_FOR_ALLOC freed 409K, 8% free 10741K/11591K, paused 22ms
07-01 20:07:40.708 13835 13934 D dalvikvm: GC_FOR_ALLOC freed 404K, 8% free 10741K/11591K, paused 22ms
07-01 20:07:41.759 13835 13837 D dalvikvm: GC_CONCURRENT freed 405K, 7% free 10805K/11591K, paused 5ms+2ms
07-01 20:07:42.868 13835 13837 D dalvikvm: GC_CONCURRENT freed 531K, 7% free 10807K/11591K, paused 2ms+2ms
07-01 20:07:43.645   345   345 D SAN_SERVICE: *******************************************
07-01 20:07:43.645   345   345 D SAN_SERVICE: DM App Phone Service State - 0
07-01 20:07:43.645   345   345 D SAN_SERVICE: *******************************************
07-01 20:07:43.970 13835 13934 D dalvikvm: GC_FOR_ALLOC freed 407K, 8% free 10732K/11591K, paused 26ms
07-01 20:07:45.087 13835 13934 D dalvikvm: GC_FOR_ALLOC freed 419K, 8% free 10741K/11591K, paused 28ms
07-01 20:07:46.239 13835 13837 D dalvikvm: GC_CONCURRENT freed 461K, 8% free 10739K/11591K, paused 6ms+2ms
07-01 20:07:47.263    81   129 W AudioTrack: stepServer() could not lock cblk
07-01 20:07:47.352 13835 13837 D dalvikvm: GC_CONCURRENT freed 470K, 8% free 10743K/11591K, paused 2ms+3ms
07-01 20:07:47.907    81   129 W AudioTrack: stepServer() could not lock cblk
07-01 20:07:48.653 13835 13837 D dalvikvm: GC_CONCURRENT freed 477K, 8% free 10719K/11591K, paused 2ms+2ms
07-01 20:07:49.118 13756 13770 D GetStringObjTask: retrieving from url = http://www.chess.com/api/v3/get_game?id=y3ICtufzg6w7rQqcD3KFujVaIanpYba4bIpaeKElV1LNz3Sz4Fk9Yh5CeWaj8h4bQ2RY0CxFVgA%2ByBE5DE%2B1cAuw4i%2Bp2GVj5RbuDPEUotReGbS25iAukuBsuUd%2Fl5dp&gid=55472248
07-01 20:07:49.602 13756 13770 D GetStringObjTask: WebRequest SERVER RESPONSE: Success+55472248:1:1341187540:Let's Play!:lokeshmandvekar:hoorayforjaded::1. d4 :2:1200:985:lB::86270
07-01 20:07:50.208 13835 13837 D dalvikvm: GC_CONCURRENT freed 462K, 8% free 10718K/11591K, paused 7ms+3ms
07-01 20:07:51.372 13835 13934 D dalvikvm: GC_FOR_ALLOC freed 410K, 8% free 10741K/11591K, paused 22ms
07-01 20:07:52.411 13835 13934 D dalvikvm: GC_FOR_ALLOC freed 404K, 8% free 10741K/11591K, paused 61ms
07-01 20:07:53.528 13835 13837 D dalvikvm: GC_CONCURRENT freed 405K, 7% free 10805K/11591K, paused 2ms+5ms
07-01 20:07:55.481 13835 13837 D dalvikvm: GC_CONCURRENT freed 589K, 8% free 10696K/11591K, paused 2ms+2ms
07-01 20:07:56.470 13835 13837 D dalvikvm: GC_CONCURRENT freed 431K, 8% free 10706K/11591K, paused 3ms+3ms
07-01 20:07:57.431 13835 13837 D dalvikvm: GC_CONCURRENT freed 444K, 8% free 10706K/11591K, paused 20ms+3ms
07-01 20:07:58.325 13971 13972 D dalvikvm: GC_CONCURRENT freed 304K, 5% free 9812K/10247K, paused 2ms+5ms
07-01 20:07:58.415 13835 13837 D dalvikvm: GC_CONCURRENT freed 450K, 8% free 10705K/11591K, paused 3ms+2ms
07-01 20:07:59.415 13835 13837 D dalvikvm: GC_CONCURRENT freed 444K, 8% free 10706K/11591K, paused 9ms+3ms
07-01 20:08:00.407 13835 13837 D dalvikvm: GC_CONCURRENT freed 445K, 8% free 10706K/11591K, paused 2ms+2ms
07-01 20:08:01.352 13835 13837 D dalvikvm: GC_CONCURRENT freed 457K, 8% free 10697K/11591K, paused 3ms+3ms
07-01 20:08:02.520 13835 13837 D dalvikvm: GC_CONCURRENT freed 357K, 7% free 10798K/11591K, paused 2ms+3ms
07-01 20:08:03.622 13835 13934 D dalvikvm: GC_FOR_ALLOC freed 516K, 8% free 10711K/11591K, paused 27ms
