07-03 14:25:54.493   345   345 D SAN_SERVICE: *******************************************
07-03 14:25:54.493   345   345 D SAN_SERVICE: DM App Phone Service State - 0
07-03 14:25:54.493   345   345 D SAN_SERVICE: *******************************************
07-03 14:25:54.880   345   345 D SAN_SERVICE: *******************************************
07-03 14:25:54.880   345   345 D SAN_SERVICE: DM App Phone Service State - 0
07-03 14:25:54.880   345   345 D SAN_SERVICE: *******************************************
07-03 14:25:55.407   345   345 D SAN_SERVICE: *******************************************
07-03 14:25:55.407   345   345 D SAN_SERVICE: DM App Phone Service State - 0
07-03 14:25:55.407   345   345 D SAN_SERVICE: *******************************************
07-03 14:26:03.017    81 18675 W TimedEventQueue: Event 2 was not found in the queue, already cancelled?
07-03 14:26:03.028 18267 18267 W MediaPlayer: mediaplayer went away with unhandled events
07-03 14:26:03.028 18267 18267 W MediaPlayer: mediaplayer went away with unhandled events
07-03 14:26:03.028 18267 18267 W MediaPlayer: mediaplayer went away with unhandled events
07-03 14:26:03.028 18267 18267 W MediaPlayer: mediaplayer went away with unhandled events
07-03 14:26:03.278 18267 18270 D dalvikvm: GC_CONCURRENT freed 520K, 6% free 10836K/11463K, paused 53ms+4ms
07-03 14:26:03.278 18267 18267 W MediaPlayer: mediaplayer went away with unhandled events
07-03 14:26:03.282 18267 18267 W MediaPlayer: mediaplayer went away with unhandled events
07-03 14:26:23.853 17936 17949 I PhoneLab-: Service Running
07-03 14:26:23.954 17936 17949 I PhoneLab-LoggerService: app_37    1360  1     1436   988   c00f181c 400107b4 S logcat
07-03 14:26:23.954 17936 17949 I PhoneLab-LoggerService: Logcat pid from database 1360
07-03 14:26:23.954 17936 17949 I PhoneLab-LoggerService: Logcat process found 1360
07-03 14:26:23.954 17936 17949 I PhoneLab-LoggerService: Checking Threshold
07-03 14:26:23.958 17936 17949 I PhoneLab-LoggerService: Starting to rename files
07-03 14:26:23.958 17936 17949 I PhoneLab-LoggerService: Files found .. 2
07-03 14:26:27.235   145   147 D dalvikvm: GC_CONCURRENT freed 1840K, 24% free 18751K/24455K, paused 81ms+25ms
07-03 14:26:28.521   345   345 D SAN_SERVICE: *******************************************
07-03 14:26:28.525   345   345 D SAN_SERVICE: DM App Phone Service State - 0
07-03 14:26:28.525   345   345 D SAN_SERVICE: *******************************************
07-03 14:26:28.884   345   345 D SAN_SERVICE: *******************************************
07-03 14:26:28.884   345   345 D SAN_SERVICE: DM App Phone Service State - 0
07-03 14:26:28.884   345   345 D SAN_SERVICE: *******************************************
07-03 14:26:30.482   345   345 D SAN_SERVICE: *******************************************
07-03 14:26:30.482   345   345 D SAN_SERVICE: DM App Phone Service State - 0
07-03 14:26:30.485   345   345 D SAN_SERVICE: *******************************************
07-03 14:26:36.099   345   345 D SAN_SERVICE: *******************************************
07-03 14:26:36.099   345   345 D SAN_SERVICE: DM App Phone Service State - 0
07-03 14:26:36.099   345   345 D SAN_SERVICE: *******************************************
07-03 14:26:39.505 18046 18048 D dalvikvm: GC_CONCURRENT freed 477K, 7% free 10046K/10695K, paused 3ms+3ms
07-03 14:26:41.993   145   329 D dalvikvm: GC_EXPLICIT freed 751K, 24% free 18701K/24455K, paused 4ms+9ms
07-03 14:26:45.763 18505 18507 D dalvikvm: GC_CONCURRENT freed 1067K, 9% free 12837K/14023K, paused 16ms+4ms
07-03 14:26:51.048 18267 18270 D dalvikvm: GC_CONCURRENT freed 534K, 6% free 10799K/11463K, paused 27ms+5ms
07-03 14:27:02.360 18505 18507 D dalvikvm: GC_CONCURRENT freed 1086K, 9% free 12945K/14151K, paused 3ms+3ms
07-03 14:27:06.224 18505 18695 E dalvikvm: Could not find class 'android.app.Notification$InboxStyle', referenced from method com.google.android.apps.plus.service.AndroidNotification.createDigestNotification
07-03 14:27:06.224 18505 18695 W dalvikvm: VFY: unable to resolve new-instance 41 (Landroid/app/Notification$InboxStyle;) in Lcom/google/android/apps/plus/service/AndroidNotification;
07-03 14:27:06.224 18505 18695 D dalvikvm: VFY: replacing opcode 0x22 at 0x0018
07-03 14:27:06.228 18505 18695 I dalvikvm: Could not find method android.app.Notification$Builder.setPriority, referenced from method com.google.android.apps.plus.service.AndroidNotification.createRichNotification
07-03 14:27:06.228 18505 18695 W dalvikvm: VFY: unable to resolve virtual method 162: Landroid/app/Notification$Builder;.setPriority (I)Landroid/app/Notification$Builder;
07-03 14:27:06.228 18505 18695 D dalvikvm: VFY: replacing opcode 0x6e at 0x00d5
07-03 14:27:06.235 18505 18695 D dalvikvm: DexOpt: unable to opt direct call 0x00a8 at 0x1a in Lcom/google/android/apps/plus/service/AndroidNotification;.createDigestNotification
07-03 14:27:06.235 18505 18695 D dalvikvm: DexOpt: unable to opt direct call 0x0091 at 0xf1 in Lcom/google/android/apps/plus/service/AndroidNotification;.createRichNotification
07-03 14:27:06.235 18505 18695 D dalvikvm: DexOpt: unable to opt direct call 0x0095 at 0x397 in Lcom/google/android/apps/plus/service/AndroidNotification;.createRichNotification
07-03 14:27:18.130 18267 18270 D dalvikvm: GC_CONCURRENT freed 437K, 6% free 10829K/11463K, paused 5ms+3ms
07-03 14:27:39.435 18505 18507 D dalvikvm: GC_CONCURRENT freed 1114K, 9% free 13034K/14279K, paused 10ms+5ms
07-03 14:27:39.857 18505 18507 D dalvikvm: GC_CONCURRENT freed 1111K, 9% free 13163K/14407K, paused 2ms+3ms
07-03 14:27:45.614 18267 18270 D dalvikvm: GC_CONCURRENT freed 416K, 5% free 10958K/11463K, paused 5ms+4ms
07-03 14:27:45.786 18267 18267 D dalvikvm: GC_FOR_ALLOC freed 179K, 4% free 11261K/11719K, paused 24ms
07-03 14:27:56.271   345   347 D dalvikvm: GC_CONCURRENT freed 874K, 14% free 11986K/13895K, paused 70ms+3ms
07-03 14:28:13.177   145   175 I ActivityManager: Start proc com.twitter.android for service com.twitter.android/.client.AppService: pid=18742 uid=10064 gids={3003, 1015}
07-03 14:28:13.224 18742 18742 I dalvikvm: Turning on JNI app bug workarounds for target SDK version 11...
07-03 14:28:13.400 18742 18742 I ActivityThread: Pub com.twitter.android.provider.GlobalDatabaseProvider: com.twitter.android.provider.GlobalDatabaseProvider
07-03 14:28:13.411 18742 18742 I ActivityThread: Pub com.twitter.android.provider.TwitterProvider: com.twitter.android.provider.TwitterProvider
07-03 14:28:20.454 18117 18117 D dalvikvm: GC_FOR_ALLOC freed 248K, 5% free 10306K/10823K, paused 86ms
07-03 14:28:23.286   145   181 I ActivityManager: START {act=android.intent.action.MAIN cat=[android.intent.category.HOME] flg=0x10200000 cmp=com.android.launcher/com.android.launcher2.Launcher} from pid 145
07-03 14:28:23.587   216   218 D dalvikvm: GC_CONCURRENT freed 276K, 29% free 10325K/14343K, paused 2ms+12ms
07-03 14:28:23.837 17936 17949 I PhoneLab-: Service Running
07-03 14:28:23.837   216   218 D dalvikvm: GC_CONCURRENT freed 549K, 29% free 10241K/14343K, paused 5ms+7ms
07-03 14:28:23.993   145   161 I Process : Sending signal. PID: 375 SIG: 3
07-03 14:28:23.997   375   382 I dalvikvm: threadid=3: reacting to signal 3
07-03 14:28:24.036   375   382 I dalvikvm: Wrote stack traces to '/data/anr/traces.txt'
07-03 14:28:24.107   145 22722 W InputManagerService: Starting input on non-focused client com.android.internal.view.IInputMethodClient$Stub$Proxy@414a4030 (uid=10068 pid=18267)
07-03 14:28:24.118 18267 18267 W IInputConnectionWrapper: showStatusIcon on inactive InputConnection
07-03 14:28:24.146 10674 10676 D dalvikvm: GC_CONCURRENT freed 456K, 12% free 10738K/12167K, paused 2ms+3ms
07-03 14:28:24.247 17936 17949 I PhoneLab-LoggerService: app_37    1360  1     1436   988   c00f181c 400107b4 S logcat
07-03 14:28:24.251 17936 17949 I PhoneLab-LoggerService: Logcat pid from database 1360
07-03 14:28:24.251 17936 17949 I PhoneLab-LoggerService: Logcat process found 1360
07-03 14:28:24.251 17936 17949 I PhoneLab-LoggerService: Checking Threshold
07-03 14:28:24.251 17936 17949 I PhoneLab-LoggerService: Starting to rename files
07-03 14:28:24.251 17936 17949 I PhoneLab-LoggerService: Files found .. 2
07-03 14:28:24.782   145   361 I ActivityManager: START {act=android.intent.action.MAIN cat=[android.intent.category.LAUNCHER] flg=0x10000000 pkg=com.spotify.mobile.android.ui cmp=com.spotify.mobile.android.ui/.activity.MainActivity bnds=[288,706][384,802]} from pid 375
07-03 14:28:24.864   145 22722 I AudioService:   Remote Control   registerMediaButtonIntent() for PendingIntent{41917150: PendingIntentRecord{41838798 com.spotify.mobile.android.ui broadcastIntent}}
07-03 14:28:25.036   216   218 D dalvikvm: GC_CONCURRENT freed 798K, 31% free 9925K/14343K, paused 2ms+3ms
07-03 14:28:25.173   375   375 D OpenGLRenderer: Flushing caches (mode 1)
07-03 14:28:25.196   375   375 D OpenGLRenderer: Flushing caches (mode 0)
07-03 14:28:29.173 18046 18048 D dalvikvm: GC_CONCURRENT freed 387K, 7% free 10049K/10695K, paused 6ms+4ms
07-03 14:28:36.528 18117 18119 D dalvikvm: GC_CONCURRENT freed 410K, 6% free 10342K/10951K, paused 16ms+4ms
07-03 14:28:43.126   145   175 I ActivityManager: Start proc com.google.android.gm for service com.google.android.gm/.provider.MailIndexerService: pid=18772 uid=10075 gids={3003, 1015}
07-03 14:28:43.548 18505 18784 I SqliteDatabaseCpp: sqlite returned: error code = 1, msg = no such column: wipeout_stats, db=/data/data/com.google.android.apps.plus/databases/picasa.db
07-03 14:28:43.642  3664  3664 D dalvikvm: GC_FOR_ALLOC freed 1419K, 11% free 18487K/20615K, paused 56ms
07-03 14:28:43.646 18772 18772 I ActivityThread: Pub gmail-ls: com.google.android.gm.provider.MailProvider
07-03 14:28:43.759 18505 18784 W System.err: android.database.sqlite.SQLiteException: no such column: wipeout_stats: , while compiling: SELECT wipeout_stats  FROM account_status
07-03 14:28:43.763 18772 18772 I ActivityThread: Pub com.google.android.gm: com.google.android.gm.provider.PublicContentProvider
07-03 14:28:43.775 18772 18772 I ActivityThread: Pub com.google.android.gmail.SuggestionProvider: com.google.android.gm.SuggestionsProvider
07-03 14:28:44.040 18505 18784 W System.err: 	at android.database.sqlite.SQLiteCompiledSql.native_compile(Native Method)
07-03 14:28:44.044 18505 18784 W System.err: 	at android.database.sqlite.SQLiteCompiledSql.<init>(SQLiteCompiledSql.java:68)
07-03 14:28:44.044 18505 18784 W System.err: 	at android.database.sqlite.SQLiteProgram.compileSql(SQLiteProgram.java:143)
07-03 14:28:44.071 18505 18784 W System.err: 	at android.database.sqlite.SQLiteProgram.compileAndbindAllArgs(SQLiteProgram.java:361)
07-03 14:28:44.079 18505 18784 W System.err: 	at android.database.sqlite.SQLiteStatement.acquireAndLock(SQLiteStatement.java:260)
07-03 14:28:44.099 18505 18784 W System.err: 	at android.database.sqlite.SQLiteStatement.simpleQueryForLong(SQLiteStatement.java:137)
07-03 14:28:44.103 18505 18784 W System.err: 	at android.database.DatabaseUtils.longForQuery(DatabaseUtils.java:791)
07-03 14:28:44.142 18505 18784 W System.err: 	at android.database.DatabaseUtils.longForQuery(DatabaseUtils.java:779)
07-03 14:28:44.150 18505 18784 W System.err: 	at com.google.android.apps.plus.content.EsAccountsData.isContactsStatsWipeoutNeeded(EsAccountsData.java:641)
07-03 14:28:44.185 18505 18784 W System.err: 	at com.google.android.apps.plus.service.EsService.processIntent(EsService.java:4246)
07-03 14:28:44.196 18505 18784 W System.err: 	at com.google.android.apps.plus.service.ServiceThread$1.run(ServiceThread.java:50)
07-03 14:28:44.224 18505 18784 W System.err: 	at android.os.Handler.handleCallback(Handler.java:605)
07-03 14:28:44.255 18505 18784 W System.err: 	at android.os.Handler.dispatchMessage(Handler.java:92)
07-03 14:28:44.259   145   147 D dalvikvm: GC_CONCURRENT freed 1993K, 24% free 18688K/24455K, paused 23ms+20ms
07-03 14:28:44.271 18505 18784 W System.err: 	at android.os.Looper.loop(Looper.java:137)
07-03 14:28:44.286 18505 18784 W System.err: 	at com.google.android.apps.plus.service.ServiceThread.run(ServiceThread.java:122)
07-03 14:28:44.525 18117 18119 D dalvikvm: GC_CONCURRENT freed 372K, 6% free 10359K/10951K, paused 17ms+4ms
07-03 14:28:44.657   145   181 I ActivityManager: START {act=android.intent.action.MAIN cat=[android.intent.category.HOME] flg=0x10200000 cmp=com.android.launcher/com.android.launcher2.Launcher} from pid 145
07-03 14:28:44.798 18117 18117 D OpenGLRenderer: Flushing caches (mode 0)
07-03 14:28:44.825   145 28236 W InputManagerService: Starting input on non-focused client com.android.internal.view.IInputMethodClient$Stub$Proxy@418e8d20 (uid=10055 pid=18117)
07-03 14:28:44.853 18117 18117 D OpenGLRenderer: Flushing caches (mode 1)
07-03 14:28:44.911 18772 18774 D dalvikvm: GC_CONCURRENT freed 208K, 3% free 9262K/9543K, paused 8ms+4ms
07-03 14:28:45.458 18772 18803 I Gmail   : calculateUnknownSyncRationalesAndPurgeInBackground: queueing
07-03 14:28:45.474 18772 18803 I Gmail   : calculateUnknownSyncRationalesAndPurgeInBackground: queueing
07-03 14:28:45.509 18772 18803 I Gmail   : calculateUnknownSyncRationalesAndPurgeInBackground: running
07-03 14:28:45.509 18772 18803 I Gmail   : calculateUnknownSyncRationalesAndPurgeInBackground: running
07-03 14:28:45.939   216   218 D dalvikvm: GC_CONCURRENT freed 510K, 32% free 9867K/14343K, paused 2ms+3ms
07-03 14:28:46.083   216   218 D dalvikvm: GC_CONCURRENT freed 313K, 31% free 9987K/14343K, paused 3ms+9ms
07-03 14:28:46.107   145   329 I ActivityManager: Process com.google.android.apps.maps:NetworkLocationService (pid 17426) has died.
07-03 14:28:46.114   145   329 W ActivityManager: Scheduling restart of crashed service com.google.android.apps.maps/com.google.android.location.internal.server.NetworkLocationService in 5000ms
07-03 14:28:46.306   145   395 I ActivityManager: START {act=android.intent.action.MAIN cat=[android.intent.category.LAUNCHER] flg=0x10000000 pkg=com.spotify.mobile.android.ui cmp=com.spotify.mobile.android.ui/.activity.MainActivity bnds=[288,706][384,802]} from pid 375
07-03 14:28:46.450   145  9966 I AudioService:   Remote Control   registerMediaButtonIntent() for PendingIntent{4187c260: PendingIntentRecord{41838798 com.spotify.mobile.android.ui broadcastIntent}}
07-03 14:28:46.564   216   216 D dalvikvm: GC_FOR_ALLOC freed 576K, 32% free 9778K/14343K, paused 47ms
07-03 14:28:46.661   216   218 D dalvikvm: GC_CONCURRENT freed 369K, 32% free 9819K/14343K, paused 2ms+3ms
07-03 14:28:46.685   375   375 D OpenGLRenderer: Flushing caches (mode 1)
07-03 14:28:46.696   375   375 D OpenGLRenderer: Flushing caches (mode 0)
07-03 14:28:48.064   145 22722 I ActivityManager: START {act=com.spotify.mobile.android.ui.action.player.SHOW cmp=com.spotify.mobile.android.ui/.activity.MainActivity} from pid 18117
07-03 14:28:48.282 18117 18117 W PlayerFragment: No song information associated with position: 0
07-03 14:28:48.564 18117 18119 D dalvikvm: GC_CONCURRENT freed 224K, 3% free 10638K/10951K, paused 2ms+4ms
07-03 14:28:48.650 18117 18156 D dalvikvm: GC_FOR_ALLOC freed 148K, 4% free 10600K/10951K, paused 27ms
07-03 14:28:48.653 18117 18156 I dalvikvm-heap: Grow heap (frag case) to 10.765MB for 360016-byte allocation
07-03 14:28:48.696 18117 18117 D dalvikvm: GC_FOR_ALLOC freed 3K, 4% free 10948K/11335K, paused 27ms
07-03 14:28:48.810 18117 18156 D dalvikvm: GC_FOR_ALLOC freed 14K, 3% free 11413K/11719K, paused 28ms
07-03 14:28:48.927 18117 18156 D dalvikvm: GC_FOR_ALLOC freed 15K, 3% free 11785K/12103K, paused 43ms
07-03 14:28:49.025 18117 18156 D dalvikvm: GC_FOR_ALLOC freed 4K, 3% free 12135K/12487K, paused 50ms
07-03 14:28:49.126 18117 18156 D dalvikvm: GC_FOR_ALLOC freed 2K, 3% free 12488K/12871K, paused 31ms
07-03 14:28:49.130 18117 18156 I dalvikvm-heap: Grow heap (frag case) to 13.821MB for 1630736-byte allocation
07-03 14:28:49.216 18117 18119 D dalvikvm: GC_CONCURRENT freed 1K, 3% free 14079K/14471K, paused 2ms+23ms
07-03 14:28:49.411 18117 18156 D dalvikvm: GC_FOR_ALLOC freed 4K, 3% free 15491K/15879K, paused 27ms
07-03 14:28:49.564 18117 18156 D dalvikvm: GC_FOR_ALLOC freed 10K, 3% free 17092K/17543K, paused 45ms
07-03 14:28:49.587   145   396 I ActivityManager: Process com.google.android.apps.maps (pid 17487) has died.
07-03 14:28:49.587   145   396 W ActivityManager: Scheduling restart of crashed service com.google.android.apps.maps/com.google.googlenav.prefetch.android.PrefetcherService in 11527ms
07-03 14:28:50.583   145   348 D dalvikvm: GC_EXPLICIT freed 715K, 24% free 18627K/24455K, paused 22ms+8ms
07-03 14:28:50.638  3664 15946 D dalvikvm: GC_FOR_ALLOC freed 1162K, 9% free 18836K/20615K, paused 17ms
07-03 14:28:51.177   145   162 I ActivityManager: Start proc com.google.android.apps.maps:NetworkLocationService for service com.google.android.apps.maps/com.google.android.location.internal.server.NetworkLocationService: pid=18829 uid=10056 gids={3003, 1015}
07-03 14:28:51.372 18829 18831 D dalvikvm: GC_CONCURRENT freed 166K, 3% free 9370K/9607K, paused 2ms+3ms
07-03 14:28:52.083   145   145 I ActivityManager: Process com.android.sprintmenu (pid 17521) has died.
07-03 14:28:52.087   145   145 W ActivityManager: Scheduling restart of crashed service com.android.sprintmenu/.HiddenPhoneService in 19031ms
07-03 14:28:52.181 18829 18831 D dalvikvm: GC_CONCURRENT freed 157K, 3% free 9677K/9927K, paused 2ms+2ms
07-03 14:28:52.485   145  9966 I ActivityManager: Process com.xabber.androiddev (pid 17538) has died.
07-03 14:28:52.485   145  9966 W ActivityManager: Scheduling restart of crashed service com.xabber.androiddev/com.xabber.android.service.XMPPService in 28632ms
07-03 14:28:52.501 18267 18855 D MediaPlayer: Couldn't open file on client side, trying server side
07-03 14:28:52.587   145   181 I ActivityManager: START {act=android.intent.action.MAIN cat=[android.intent.category.HOME] flg=0x10200000 cmp=com.android.launcher/com.android.launcher2.Launcher} from pid 145
07-03 14:28:52.677    81   525 E MediaPlayerService: Couldn't open fd for content://settings/system/notification_sound
07-03 14:28:52.833   216   216 D dalvikvm: GC_FOR_ALLOC freed 277K, 32% free 9881K/14343K, paused 20ms
07-03 14:28:52.833 18267 18855 E MediaPlayer: Unable to to create media player
07-03 14:28:52.864 18267 18855 W AsyncPlayer: error loading sound for content://settings/system/notification_sound
07-03 14:28:52.864 18267 18855 W AsyncPlayer: java.io.IOException: setDataSource failed.: status=0x80000000
07-03 14:28:52.864 18267 18855 W AsyncPlayer: 	at android.media.MediaPlayer._setDataSource(Native Method)
07-03 14:28:52.864 18267 18855 W AsyncPlayer: 	at android.media.MediaPlayer.setDataSource(MediaPlayer.java:844)
07-03 14:28:52.864 18267 18855 W AsyncPlayer: 	at android.media.MediaPlayer.setDataSource(MediaPlayer.java:806)
07-03 14:28:52.864 18267 18855 W AsyncPlayer: 	at android.media.MediaPlayer.setDataSource(MediaPlayer.java:761)
07-03 14:28:52.864 18267 18855 W AsyncPlayer: 	at android.media.AsyncPlayer.startSound(AsyncPlayer.java:62)
07-03 14:28:52.864 18267 18855 W AsyncPlayer: 	at android.media.AsyncPlayer.access$200(AsyncPlayer.java:33)
07-03 14:28:52.864 18267 18855 W AsyncPlayer: 	at android.media.AsyncPlayer$Thread.run(AsyncPlayer.java:97)
07-03 14:28:52.864 18117 18117 D OpenGLRenderer: Flushing caches (mode 1)
07-03 14:28:52.923   216   218 D dalvikvm: GC_CONCURRENT freed 352K, 31% free 9990K/14343K, paused 2ms+4ms
07-03 14:28:52.993   145   156 W InputManagerService: Starting input on non-focused client com.android.internal.view.IInputMethodClient$Stub$Proxy@418e8d20 (uid=10055 pid=18117)
07-03 14:28:53.091 18117 18117 D OpenGLRenderer: Flushing caches (mode 0)
07-03 14:28:53.450 18829 18831 D dalvikvm: GC_CONCURRENT freed 177K, 3% free 10062K/10311K, paused 11ms+7ms
07-03 14:28:53.720   216   218 D dalvikvm: GC_CONCURRENT freed 416K, 30% free 10059K/14343K, paused 2ms+9ms
07-03 14:28:53.837   216   216 D dalvikvm: GC_FOR_ALLOC freed 374K, 30% free 10053K/14343K, paused 25ms
07-03 14:28:53.954   216   218 D dalvikvm: GC_CONCURRENT freed 459K, 30% free 10113K/14343K, paused 2ms+5ms
07-03 14:28:54.099 18829 18831 D dalvikvm: GC_CONCURRENT freed 662K, 8% free 9887K/10631K, paused 2ms+2ms
07-03 14:28:54.259   145   162 I ActivityManager: Start proc com.google.android.apps.maps:FriendService for broadcast com.google.android.apps.maps/com.google.googlenav.friend.android.ServiceReceiver: pid=18860 uid=10056 gids={3003, 1015}
07-03 14:28:54.267   145   348 I ActivityManager: Process android.process.media (pid 18234) has died.
07-03 14:28:54.778 18860 18863 D dalvikvm: GC_CONCURRENT freed 168K, 3% free 9368K/9607K, paused 2ms+5ms
07-03 14:28:54.950 18860 18863 D dalvikvm: GC_CONCURRENT freed 199K, 3% free 9699K/9991K, paused 1ms+2ms
07-03 14:28:55.161 18829 18836 I dalvikvm: Total arena pages for JIT: 11
07-03 14:28:55.161 18829 18836 I dalvikvm: Total arena pages for JIT: 12
07-03 14:28:55.161 18829 18836 I dalvikvm: Total arena pages for JIT: 13
07-03 14:28:55.165 18829 18836 I dalvikvm: Total arena pages for JIT: 14
07-03 14:28:55.165 18829 18836 I dalvikvm: Total arena pages for JIT: 15
07-03 14:28:55.165 18829 18836 I dalvikvm: Total arena pages for JIT: 16
07-03 14:28:55.169 18829 18836 I dalvikvm: Total arena pages for JIT: 17
07-03 14:28:55.243 18829 18836 I dalvikvm: Total arena pages for JIT: 18
07-03 14:28:55.353 18829 18831 D dalvikvm: GC_CONCURRENT freed 210K, 5% free 10188K/10631K, paused 2ms+3ms
07-03 14:28:55.782   145   310 I ActivityManager: START {flg=0x14000000 cmp=com.whatsapp/.Conversation bnds=[96,216][480,312] (has extras)} from pid -1
07-03 14:28:55.833   145   365 W KeyguardViewMediator: verifyUnlock called when not externally disabled
07-03 14:28:55.911 18267 18274 I dalvikvm: Jit: resizing JitTable from 4096 to 8192
07-03 14:28:56.040   375   375 D OpenGLRenderer: Flushing caches (mode 1)
07-03 14:28:56.161 18267 18267 D skia    : --- SkImageDecoder::Factory returned null
07-03 14:28:56.314 18267 18873 W AsyncPlayer: STOP command without a player
07-03 14:28:56.314 18267 18270 D dalvikvm: GC_CONCURRENT freed 539K, 6% free 11458K/12103K, paused 5ms+14ms
07-03 14:28:56.345   145   161 I Process : Sending signal. PID: 18267 SIG: 3
07-03 14:28:56.345 18267 18272 I dalvikvm: threadid=3: reacting to signal 3
07-03 14:28:56.376   216   218 D dalvikvm: GC_CONCURRENT freed 283K, 29% free 10219K/14343K, paused 8ms+3ms
07-03 14:28:56.423 18267 18272 I dalvikvm: Wrote stack traces to '/data/anr/traces.txt'
07-03 14:28:56.431 18267 18276 W MediaPlayer-JNI: MediaPlayer finalized without being released
07-03 14:28:56.532   216   216 V PhoneStatusBar: setLightsOn(true)
07-03 14:28:56.548   216   218 D dalvikvm: GC_CONCURRENT freed 504K, 30% free 10141K/14343K, paused 2ms+16ms
07-03 14:28:56.755   145   176 I ActivityManager: Displayed com.whatsapp/.Conversation: +935ms
07-03 14:28:56.767   375   375 D OpenGLRenderer: Flushing caches (mode 0)
07-03 14:28:56.802   145   329 I ActivityManager: Process com.android.calendar (pid 18340) has died.
07-03 14:28:56.849 18829 18831 D dalvikvm: GC_CONCURRENT freed 410K, 5% free 10335K/10823K, paused 2ms+7ms
07-03 14:29:01.189   145   162 I ActivityManager: Start proc com.google.android.apps.maps for service com.google.android.apps.maps/com.google.googlenav.prefetch.android.PrefetcherService: pid=18876 uid=10056 gids={3003, 1015}
07-03 14:29:01.282   145   395 I ActivityManager: Process com.google.android.youtube (pid 18443) has died.
07-03 14:29:01.321 18876 18879 D dalvikvm: GC_CONCURRENT freed 166K, 3% free 9369K/9607K, paused 3ms+2ms
07-03 14:29:01.380 18876 18876 I ActivityThread: Pub com.google.android.maps.SearchHistoryProvider: com.google.googlenav.provider.SearchHistoryProvider
07-03 14:29:01.415 18876 18876 I ActivityThread: Pub com.google.android.maps.SuggestionProvider: com.google.googlenav.suggest.android.SuggestContentProvider
07-03 14:29:01.427 18876 18876 I ActivityThread: Pub com.google.android.maps.LayerInfoProvider: com.google.googlenav.layer.LayerInfoProvider
07-03 14:29:01.439 18876 18876 I ActivityThread: Pub com.google.android.maps.TrafficAppWidgetProvider: com.google.googlenav.appwidget.traffic.TrafficAppWidgetProvider
07-03 14:29:01.446 18876 18876 I ActivityThread: Pub com.google.android.maps.LocalActivePlacesProvider: com.google.googlenav.provider.LocalActivePlacesProvider
07-03 14:29:01.450 18876 18876 I ActivityThread: Pub com.google.android.maps.StarredItemProvider: com.google.googlenav.provider.StarredItemProvider
07-03 14:29:01.528 18876 18879 D dalvikvm: GC_CONCURRENT freed 163K, 3% free 9682K/9927K, paused 2ms+3ms
07-03 14:29:01.634  6620  6714 D dalvikvm: GC_EXPLICIT freed 340K, 6% free 10205K/10759K, paused 8ms+5ms
07-03 14:29:01.735 18876 18876 I ActivityThread: Pub com.google.android.maps.LocalSuggestionProvider: com.google.googlenav.provider.LocalSuggestionProvider
07-03 14:29:01.755 18876 18876 I ActivityThread: Pub com.google.android.maps.NavigationAvailabilityProvider: com.google.googlenav.provider.NavigationAvailabilityProvider
07-03 14:29:01.798 18876 18879 D dalvikvm: GC_CONCURRENT freed 230K, 4% free 9921K/10247K, paused 1ms+4ms
07-03 14:29:01.864 18876 18892 D dalvikvm: GC_FOR_ALLOC freed 87K, 4% free 10157K/10567K, paused 27ms
07-03 14:29:01.864 18876 18892 I dalvikvm-heap: Grow heap (frag case) to 10.183MB for 204816-byte allocation
07-03 14:29:01.896 18876 18894 D dalvikvm: GC_FOR_ALLOC freed <1K, 5% free 10357K/10823K, paused 19ms
07-03 14:29:01.970 18876 18902 D dalvikvm: GC_FOR_ALLOC freed 115K, 4% free 10437K/10823K, paused 29ms
07-03 14:29:01.978   145   310 I ActivityManager: Process com.google.android.apps.docs (pid 18484) has died.
07-03 14:29:02.103 18876 18901 D dalvikvm: GC_FOR_ALLOC freed 41K, 4% free 10646K/11079K, paused 57ms
07-03 14:29:02.107 18876 18901 I dalvikvm-heap: Grow heap (frag case) to 10.661MB for 204816-byte allocation
07-03 14:29:02.169 18876 18903 D dalvikvm: GC_FOR_ALLOC freed <1K, 5% free 10845K/11335K, paused 52ms
07-03 14:29:02.228   375   375 D OpenGLRenderer: Flushing caches (mode 1)
07-03 14:29:02.263 18117 18117 D OpenGLRenderer: Flushing caches (mode 2)
07-03 14:29:02.282 18117 18117 D OpenGLRenderer: Flushing caches (mode 0)
07-03 14:29:02.329 18742 18745 D dalvikvm: GC_CONCURRENT freed 205K, 3% free 9264K/9543K, paused 12ms+14ms
07-03 14:29:02.329 18772 18774 D dalvikvm: GC_CONCURRENT freed 250K, 4% free 9414K/9799K, paused 11ms+2ms
07-03 14:29:11.181   145   162 I ActivityManager: Start proc com.android.sprintmenu for service com.android.sprintmenu/.HiddenPhoneService: pid=18914 uid=1001 gids={3002, 3001, 3003, 1015}
07-03 14:29:11.255   145  4009 I ActivityManager: Process com.google.android.apps.uploader (pid 18427) has died.
07-03 14:29:14.056   216   218 D dalvikvm: GC_CONCURRENT freed 447K, 29% free 10196K/14343K, paused 2ms+9ms
07-03 14:29:14.110   216   218 D dalvikvm: GC_CONCURRENT freed 587K, 30% free 10091K/14343K, paused 2ms+4ms
07-03 14:29:14.275   216   218 D dalvikvm: GC_CONCURRENT freed 405K, 30% free 10178K/14343K, paused 2ms+3ms
07-03 14:29:21.185 18932 18932 D dalvikvm: Late-enabling CheckJNI
07-03 14:29:21.185   145   162 I ActivityManager: Start proc com.xabber.androiddev for service com.xabber.androiddev/com.xabber.android.service.XMPPService: pid=18932 uid=10063 gids={3003, 1015}
07-03 14:29:21.196 18932 18932 I dalvikvm: Turning on JNI app bug workarounds for target SDK version 9...
07-03 14:29:21.208   375   375 D OpenGLRenderer: Flushing caches (mode 2)
07-03 14:29:21.220   375   375 D OpenGLRenderer: Flushing caches (mode 0)
07-03 14:29:21.450 18932 18935 D dalvikvm: GC_CONCURRENT freed 223K, 4% free 9313K/9607K, paused 5ms+2ms
07-03 14:29:21.482 18932 18932 D dalvikvm: GC_FOR_ALLOC freed 306K, 6% free 9427K/9927K, paused 16ms
07-03 14:29:21.610 18932 18935 D dalvikvm: GC_CONCURRENT freed 189K, 3% free 9775K/10055K, paused 1ms+8ms
07-03 14:29:21.743 18932 18935 D dalvikvm: GC_CONCURRENT freed 340K, 4% free 9964K/10375K, paused 7ms+2ms
07-03 14:29:21.833 18932 18932 I com.xabber.android.service.XMPPService@413449b0: onCreate
07-03 14:29:21.837 18932 18932 I com.xabber.android.data.Application@41370d68: onStart
07-03 14:29:21.849 18932 18946 I com.xabber.android.data.LogManager@413739c8: onLoad
07-03 14:29:21.958 18932 18935 D dalvikvm: GC_CONCURRENT freed 253K, 4% free 10117K/10503K, paused 3ms+2ms
07-03 14:29:23.114 18932 18935 D dalvikvm: GC_CONCURRENT freed 276K, 4% free 10298K/10695K, paused 12ms+3ms
07-03 14:29:25.712   145   157 D dalvikvm: GC_EXPLICIT freed 753K, 24% free 18688K/24455K, paused 15ms+9ms
07-03 14:29:25.993 18581 18595 D dalvikvm: GC_EXPLICIT freed 307K, 7% free 9514K/10183K, paused 7ms+4ms
07-03 14:29:26.372 18505 18507 D dalvikvm: GC_CONCURRENT freed 1133K, 9% free 13338K/14599K, paused 32ms+4ms
07-03 14:29:27.454 18267 18270 D dalvikvm: GC_CONCURRENT freed 537K, 6% free 11638K/12295K, paused 3ms+10ms
07-03 14:29:27.532 18581 18584 D dalvikvm: GC_CONCURRENT freed 339K, 7% free 9561K/10183K, paused 2ms+3ms
07-03 14:29:28.122 18267 18312 D dalvikvm: GC_EXPLICIT freed 1000K, 11% free 10979K/12295K, paused 2ms+7ms
07-03 14:29:34.329 10674 10676 D dalvikvm: GC_CONCURRENT freed 452K, 12% free 10739K/12167K, paused 7ms+2ms
07-03 14:29:43.513 18829 18831 D dalvikvm: GC_CONCURRENT freed 406K, 5% free 10414K/10887K, paused 37ms+6ms
07-03 14:29:49.118 18267 18270 D dalvikvm: GC_CONCURRENT freed 522K, 11% free 10986K/12295K, paused 3ms+3ms
07-03 14:29:56.673  3664  3664 D dalvikvm: GC_FOR_ALLOC freed 1450K, 11% free 18840K/20935K, paused 23ms
07-03 14:30:09.130 18505 18695 D dalvikvm: GC_FOR_ALLOC freed 438K, 7% free 13581K/14599K, paused 43ms
07-03 14:30:09.173 18505 18695 D dalvikvm: GC_FOR_ALLOC freed 344K, 10% free 13571K/14983K, paused 41ms
07-03 14:30:09.177 18505 18695 I dalvikvm-heap: Grow heap (frag case) to 13.648MB for 342096-byte allocation
07-03 14:30:09.216 18505 18695 D dalvikvm: GC_FOR_ALLOC freed 0K, 10% free 13905K/15367K, paused 41ms
07-03 14:30:10.911 18505 18507 D dalvikvm: GC_CONCURRENT freed 1027K, 8% free 14403K/15559K, paused 2ms+6ms
07-03 14:30:13.599 18505 18507 D dalvikvm: GC_CONCURRENT freed 1727K, 12% free 14403K/16263K, paused 2ms+2ms
07-03 14:30:14.278    81 18970 W TimedEventQueue: Event 2 was not found in the queue, already cancelled?
07-03 14:30:15.275 18318 18980 D GetStringObjTask: retrieving from url = http://www.chess.com/api/get_move_status?id=y3ICtufzg6w7rQqcD3KFujVaIanpYba4bIpaeKElV1LNz3Sz4Fk9Yh5CeWaj8h4bQ2RY0CxFVgA%2ByBE5DE%2B1cAuw4i%2Bp2GVj5RbuDPEUotReGbS25iAukuBsuUd%2Fl5dp
07-03 14:30:15.337 18318 18320 D dalvikvm: GC_CONCURRENT freed 337K, 5% free 9457K/9927K, paused 21ms+2ms
07-03 14:30:16.704 18505 18695 I SqliteDatabaseCpp: sqlite returned: error code = 1, msg = no such column: last_stats_sync_time, db=/data/data/com.google.android.apps.plus/databases/picasa.db
07-03 14:30:16.810 18505 18695 E EsSyncAdapterService: Sync failure
07-03 14:30:16.810 18505 18695 E EsSyncAdapterService: android.database.sqlite.SQLiteException: no such column: last_stats_sync_time: , while compiling: SELECT last_stats_sync_time  FROM account_status
07-03 14:30:16.810 18505 18695 E EsSyncAdapterService: 	at android.database.sqlite.SQLiteCompiledSql.native_compile(Native Method)
07-03 14:30:16.810 18505 18695 E EsSyncAdapterService: 	at android.database.sqlite.SQLiteCompiledSql.<init>(SQLiteCompiledSql.java:68)
07-03 14:30:16.810 18505 18695 E EsSyncAdapterService: 	at android.database.sqlite.SQLiteProgram.compileSql(SQLiteProgram.java:143)
07-03 14:30:16.810 18505 18695 E EsSyncAdapterService: 	at android.database.sqlite.SQLiteProgram.compileAndbindAllArgs(SQLiteProgram.java:361)
07-03 14:30:16.810 18505 18695 E EsSyncAdapterService: 	at android.database.sqlite.SQLiteStatement.acquireAndLock(SQLiteStatement.java:260)
07-03 14:30:16.810 18505 18695 E EsSyncAdapterService: 	at android.database.sqlite.SQLiteStatement.simpleQueryForLong(SQLiteStatement.java:137)
07-03 14:30:16.810 18505 18695 E EsSyncAdapterService: 	at android.database.DatabaseUtils.longForQuery(DatabaseUtils.java:791)
07-03 14:30:16.810 18505 18695 E EsSyncAdapterService: 	at android.database.DatabaseUtils.longForQuery(DatabaseUtils.java:779)
07-03 14:30:16.810 18505 18695 E EsSyncAdapterService: 	at com.google.android.apps.plus.content.EsAccountsData.queryLastStatsSyncTimestamp(EsAccountsData.java:570)
07-03 14:30:16.810 18505 18695 E EsSyncAdapterService: 	at com.google.android.apps.plus.service.EsSyncAdapterService.syncContactsStatsIfNecessary(EsSyncAdapterService.java:670)
07-03 14:30:16.810 18505 18695 E EsSyncAdapterService: 	at com.google.android.apps.plus.service.EsSyncAdapterService.doFullSync(EsSyncAdapterService.java:633)
07-03 14:30:16.810 18505 18695 E EsSyncAdapterService: 	at com.google.android.apps.plus.service.EsSyncAdapterService.doSync(EsSyncAdapterService.java:566)
07-03 14:30:16.810 18505 18695 E EsSyncAdapterService: 	at com.google.android.apps.plus.service.EsSyncAdapterService.access$100(EsSyncAdapterService.java:52)
07-03 14:30:16.810 18505 18695 E EsSyncAdapterService: 	at com.google.android.apps.plus.service.EsSyncAdapterService$SyncAdapterImpl.onPerformSync(EsSyncAdapterService.java:408)
07-03 14:30:16.810 18505 18695 E EsSyncAdapterService: 	at android.content.AbstractThreadedSyncAdapter$SyncThread.run(AbstractThreadedSyncAdapter.java:247)
07-03 14:30:16.853   145   169 D SyncManager: failed sync operation lokeshmandvekar@gmail.com (com.google), com.google.android.apps.plus.content.EsProvider, SERVER, earliestRunTime 230147064, SyncResult: stats [ numParseExceptions: 1]
07-03 14:30:16.853   145   169 D SyncManager: not retrying sync operation because the error is a hard error: lokeshmandvekar@gmail.com (com.google), com.google.android.apps.plus.content.EsProvider, SERVER, earliestRunTime 231393683
07-03 14:30:17.181 18742 18745 D dalvikvm: GC_CONCURRENT freed 172K, 4% free 9494K/9799K, paused 1ms+2ms
07-03 14:30:17.396 18742 18745 D dalvikvm: GC_CONCURRENT freed 300K, 5% free 9625K/10055K, paused 2ms+2ms
07-03 14:30:17.540 18742 18745 D dalvikvm: GC_CONCURRENT freed 300K, 5% free 9755K/10183K, paused 1ms+1ms
07-03 14:30:17.728 18742 18745 D dalvikvm: GC_CONCURRENT freed 303K, 5% free 9882K/10311K, paused 2ms+2ms
07-03 14:30:17.907 18742 18745 D dalvikvm: GC_CONCURRENT freed 304K, 5% free 10011K/10439K, paused 1ms+2ms
07-03 14:30:17.907 18318 18980 D GetStringObjTask: WebRequest SERVER RESPONSE: Success+0
07-03 14:30:18.036 18742 18745 D dalvikvm: GC_CONCURRENT freed 304K, 5% free 10145K/10567K, paused 2ms+2ms
07-03 14:30:18.181 18742 18745 D dalvikvm: GC_CONCURRENT freed 301K, 4% free 10271K/10695K, paused 1ms+2ms
07-03 14:30:18.368 18742 18745 D dalvikvm: GC_CONCURRENT freed 479K, 6% free 10218K/10823K, paused 2ms+1ms
07-03 14:30:18.497 18742 18745 D dalvikvm: GC_CONCURRENT freed 321K, 5% free 10294K/10823K, paused 2ms+2ms
07-03 14:30:18.685 18742 18745 D dalvikvm: GC_CONCURRENT freed 317K, 5% free 10389K/10823K, paused 2ms+2ms
07-03 14:30:18.825 18742 18745 D dalvikvm: GC_CONCURRENT freed 367K, 5% free 10468K/10951K, paused 2ms+8ms
07-03 14:30:19.001 18267 18270 D dalvikvm: GC_CONCURRENT freed 560K, 11% free 10964K/12295K, paused 2ms+4ms
07-03 14:30:19.048 18742 18745 D dalvikvm: GC_CONCURRENT freed 346K, 5% free 10549K/11015K, paused 1ms+2ms
07-03 14:30:19.181 18742 18745 D dalvikvm: GC_CONCURRENT freed 322K, 5% free 10634K/11079K, paused 2ms+2ms
07-03 14:30:19.318 18742 18745 D dalvikvm: GC_CONCURRENT freed 368K, 5% free 10717K/11207K, paused 1ms+2ms
07-03 14:30:19.466 18742 18745 D dalvikvm: GC_CONCURRENT freed 402K, 5% free 10814K/11335K, paused 2ms+2ms
07-03 14:30:21.935 18505 18733 D dalvikvm: GC_EXPLICIT freed 2835K, 19% free 13238K/16263K, paused 3ms+8ms
07-03 14:30:22.501 18581 18584 D dalvikvm: GC_CONCURRENT freed 407K, 7% free 9538K/10183K, paused 2ms+4ms
07-03 14:30:22.763   145 28236 D dalvikvm: GC_EXPLICIT freed 981K, 24% free 18671K/24455K, paused 4ms+8ms
07-03 14:30:23.411 18742 18745 D dalvikvm: GC_CONCURRENT freed 334K, 4% free 11007K/11463K, paused 2ms+2ms
07-03 14:30:23.802 17936 17949 I PhoneLab-: Service Running
07-03 14:30:23.993 17936 17949 I PhoneLab-LoggerService: app_37    1360  1     1436   988   c00f181c 400107b4 S logcat
07-03 14:30:23.993 17936 17949 I PhoneLab-LoggerService: Logcat pid from database 1360
07-03 14:30:23.993 17936 17949 I PhoneLab-LoggerService: Logcat process found 1360
07-03 14:30:23.993 17936 17949 I PhoneLab-LoggerService: Checking Threshold
07-03 14:30:23.993 17936 17949 I PhoneLab-LoggerService: Starting to rename files
07-03 14:30:23.993 17936 17949 I PhoneLab-LoggerService: Files found .. 2
07-03 14:30:24.025 17936 17938 D dalvikvm: GC_CONCURRENT freed 880K, 15% free 9136K/10631K, paused 5ms+6ms
07-03 14:30:24.103 18581 18593 D dalvikvm: GC_EXPLICIT freed 284K, 7% free 9533K/10183K, paused 3ms+4ms
07-03 14:30:24.200 18267 18270 D dalvikvm: GC_CONCURRENT freed 487K, 11% free 11013K/12295K, paused 45ms+4ms
07-03 14:30:25.763   145 21614 I ActivityManager: Process com.google.android.apps.maps:FriendService (pid 18860) has died.
07-03 14:30:28.622 18742 18745 D dalvikvm: GC_CONCURRENT freed 486K, 5% free 11143K/11719K, paused 4ms+4ms
07-03 14:30:34.290 10674 10676 D dalvikvm: GC_CONCURRENT freed 366K, 11% free 10844K/12167K, paused 42ms+3ms
07-03 14:30:37.903   145  4009 D AlarmManagerService: Kernel timezone updated to 240 minutes west of GMT
07-03 14:30:37.907   345   345 D SystemClock: Setting time of day to sec=1341340238
07-03 14:30:38.214   145   162 I ActivityManager: Start proc com.android.calendar for broadcast com.android.calendar/.widget.CalendarAppWidgetService$CalendarFactory: pid=19003 uid=10005 gids={3003}
07-03 14:30:38.296    79    79 D dalvikvm: GC_EXPLICIT freed 38K, 4% free 9031K/9347K, paused 5ms+13ms
07-03 14:30:38.390    79    79 D dalvikvm: GC_EXPLICIT freed <1K, 4% free 9031K/9347K, paused 3ms+22ms
07-03 14:30:38.425    79    79 D dalvikvm: GC_EXPLICIT freed <1K, 4% free 9031K/9347K, paused 2ms+3ms
07-03 14:30:38.452 19003 19003 I ActivityThread: Pub com.android.calendar.CalendarRecentSuggestionsProvider: com.android.calendar.CalendarRecentSuggestionsProvider
07-03 14:30:38.667   145   145 I ActivityManager: Start proc com.android.deskclock for broadcast com.android.deskclock/.AlarmInitReceiver: pid=19021 uid=10011 gids={}
07-03 14:30:38.734   145   365 I ActivityManager: Start proc com.android.providers.calendar for content provider com.android.providers.calendar/.CalendarProvider2: pid=19034 uid=10006 gids={3003, 1015}
07-03 14:30:38.816   145  1150 I ActivityManager: Process com.google.android.gm (pid 18772) has died.
07-03 14:30:38.839 19021 19021 I ActivityThread: Pub com.android.deskclock: com.android.deskclock.AlarmProvider
07-03 14:30:38.851 19034 19034 I ActivityThread: Pub com.android.calendar: com.android.providers.calendar.CalendarProvider2
07-03 14:30:38.995 19021 19047 V AlarmClock: AlarmInitReceiver finished
07-03 14:30:39.085   145   156 I ActivityManager: Process com.google.android.apps.maps:LocationFriendService (pid 18046) has died.
07-03 14:30:39.831   345   345 D SAN_SERVICE: *******************************************
07-03 14:30:39.831   345   345 D SAN_SERVICE: DM App Phone Service State - 0
07-03 14:30:39.831   345   345 D SAN_SERVICE: *******************************************
07-03 14:30:40.136 19034 19034 I CalendarProvider2: Sending notification intent: Intent { act=android.intent.action.PROVIDER_CHANGED dat=content://com.android.calendar }
07-03 14:30:40.136 19034 19034 W ContentResolver: Failed to get type for: content://com.android.calendar (Unknown URL content://com.android.calendar)
07-03 14:30:41.523   345   345 D SAN_SERVICE: *******************************************
07-03 14:30:41.523   345   345 D SAN_SERVICE: DM App Phone Service State - 0
07-03 14:30:41.523   345   345 D SAN_SERVICE: *******************************************
07-03 14:30:41.636 18829 18831 D dalvikvm: GC_CONCURRENT freed 359K, 5% free 10461K/10951K, paused 17ms+39ms
07-03 14:30:42.038   345   345 D SAN_SERVICE: *******************************************
07-03 14:30:42.038   345   345 D SAN_SERVICE: DM App Phone Service State - 0
07-03 14:30:42.038   345   345 D SAN_SERVICE: *******************************************
07-03 14:30:51.027   145 28236 D AlarmManagerService: Kernel timezone updated to 240 minutes west of GMT
07-03 14:30:57.597   145   361 I ActivityManager: Start proc com.google.android.apps.maps:LocationFriendService for service com.google.android.apps.maps/com.google.googlenav.friend.reporting.LocationReceiverService: pid=19054 uid=10056 gids={3003, 1015}
07-03 14:30:57.859 19054 19057 D dalvikvm: GC_CONCURRENT freed 158K, 3% free 9378K/9607K, paused 13ms+3ms
07-03 14:30:58.292 19054 19057 D dalvikvm: GC_CONCURRENT freed 150K, 3% free 9665K/9927K, paused 10ms+2ms
07-03 14:30:58.671   145   361 I ActivityManager: Process com.chess (pid 18318) has died.
07-03 14:30:58.863 19054 19057 D dalvikvm: GC_CONCURRENT freed 298K, 4% free 9915K/10311K, paused 2ms+2ms
07-03 14:30:58.933 19054 19061 I dalvikvm: Total arena pages for JIT: 11
07-03 14:30:58.937 19054 19061 I dalvikvm: Total arena pages for JIT: 12
07-03 14:30:58.937 19054 19061 I dalvikvm: Total arena pages for JIT: 13
07-03 14:30:58.941 19054 19061 I dalvikvm: Total arena pages for JIT: 14
07-03 14:30:58.941 19054 19061 I dalvikvm: Total arena pages for JIT: 15
07-03 14:30:58.941 19054 19061 I dalvikvm: Total arena pages for JIT: 16
07-03 14:30:58.941 19054 19061 I dalvikvm: Total arena pages for JIT: 17
07-03 14:30:58.992 19054 19061 I dalvikvm: Total arena pages for JIT: 18
07-03 14:30:59.269 19054 19057 D dalvikvm: GC_CONCURRENT freed 393K, 6% free 9974K/10503K, paused 75ms+5ms
07-03 14:30:59.339 18581 18584 D dalvikvm: GC_CONCURRENT freed 367K, 7% free 9557K/10183K, paused 10ms+6ms
07-03 14:30:59.663   145   361 I ActivityManager: Process com.google.android.apps.plus (pid 18505) has died.
07-03 14:30:59.937   145   329 D dalvikvm: GC_EXPLICIT freed 1008K, 24% free 18705K/24455K, paused 4ms+10ms
07-03 14:31:00.101 18267 18270 D dalvikvm: GC_CONCURRENT freed 587K, 11% free 10967K/12295K, paused 2ms+8ms
07-03 14:31:00.671 18267 18270 D dalvikvm: GC_CONCURRENT freed 441K, 11% free 11061K/12295K, paused 3ms+8ms
07-03 14:31:04.585    81 19087 W TimedEventQueue: Event 2 was not found in the queue, already cancelled?
07-03 14:31:04.620 18267 18267 W MediaPlayer: mediaplayer went away with unhandled events
07-03 14:31:04.620 18267 18267 W MediaPlayer: mediaplayer went away with unhandled events
07-03 14:31:04.730 18267 18267 W MediaPlayer: mediaplayer went away with unhandled events
07-03 14:31:04.730 18267 18267 W MediaPlayer: mediaplayer went away with unhandled events
07-03 14:31:04.734 18267 18267 W MediaPlayer: mediaplayer went away with unhandled events
07-03 14:31:04.734 18267 18267 W MediaPlayer: mediaplayer went away with unhandled events
07-03 14:31:37.980   345   345 D SAN_SERVICE: *******************************************
07-03 14:31:37.980   345   345 D SAN_SERVICE: DM App Phone Service State - 0
07-03 14:31:37.980   345   345 D SAN_SERVICE: *******************************************
07-03 14:31:39.839   345   345 D SAN_SERVICE: *******************************************
07-03 14:31:39.839   345   345 D SAN_SERVICE: DM App Phone Service State - 0
07-03 14:31:39.839   345   345 D SAN_SERVICE: *******************************************
07-03 14:31:41.988   145   396 D AlarmManagerService: Kernel timezone updated to 240 minutes west of GMT
07-03 14:31:42.941   145 28236 D AlarmManagerService: Kernel timezone updated to 240 minutes west of GMT
07-03 14:31:44.038   145  1150 D AlarmManagerService: Kernel timezone updated to 240 minutes west of GMT
07-03 14:31:48.300 18267 18270 D dalvikvm: GC_CONCURRENT freed 652K, 11% free 10967K/12295K, paused 31ms+10ms
07-03 14:31:57.359 19054 19057 D dalvikvm: GC_CONCURRENT freed 383K, 5% free 10075K/10567K, paused 2ms+3ms
07-03 14:32:19.445   145   145 D AlarmManagerService: Kernel timezone updated to 240 minutes west of GMT
07-03 14:32:23.949 17936 17949 I PhoneLab-: Service Running
07-03 14:32:24.081 17936 17949 I PhoneLab-LoggerService: app_37    1360  1     1436   988   c00f181c 400107b4 S logcat
07-03 14:32:24.081 17936 17949 I PhoneLab-LoggerService: Logcat pid from database 1360
07-03 14:32:24.081 17936 17949 I PhoneLab-LoggerService: Logcat process found 1360
07-03 14:32:24.085 17936 17949 I PhoneLab-LoggerService: Checking Threshold
07-03 14:32:24.085 17936 17949 I PhoneLab-LoggerService: Starting to rename files
07-03 14:32:24.085 17936 17949 I PhoneLab-LoggerService: Files found .. 2
07-03 14:32:33.597 18117 18117 D dalvikvm: GC_FOR_ALLOC freed 1529K, 9% free 17534K/19207K, paused 110ms
07-03 14:32:33.624   216   218 D dalvikvm: GC_CONCURRENT freed 347K, 29% free 10262K/14343K, paused 8ms+10ms
07-03 14:32:35.245  3664  3664 D dalvikvm: GC_FOR_ALLOC freed 1332K, 11% free 18840K/20935K, paused 133ms
07-03 14:32:36.195    81 19135 W TimedEventQueue: Event 2 was not found in the queue, already cancelled?
07-03 14:32:42.515 18267 18270 D dalvikvm: GC_CONCURRENT freed 528K, 11% free 10970K/12295K, paused 6ms+7ms
07-03 14:32:44.183  3664  3813 D dalvikvm: GC_FOR_ALLOC freed 800K, 9% free 19093K/20935K, paused 29ms
07-03 14:32:44.183  3664  3813 I dalvikvm-heap: Grow heap (frag case) to 19.058MB for 358816-byte allocation
07-03 14:32:44.230  3664  3664 D dalvikvm: GC_FOR_ALLOC freed 8K, 9% free 19435K/21319K, paused 31ms
07-03 14:32:47.425   216   218 D dalvikvm: GC_CONCURRENT freed 318K, 28% free 10330K/14343K, paused 2ms+8ms
07-03 14:32:54.550   145   396 D AlarmManagerService: Kernel timezone updated to 240 minutes west of GMT
07-03 14:32:55.507   145  9966 D AlarmManagerService: Kernel timezone updated to 240 minutes west of GMT
07-03 14:33:12.577   345   345 D SAN_SERVICE: *******************************************
07-03 14:33:12.577   345   345 D SAN_SERVICE: DM App Phone Service State - 0
07-03 14:33:12.577   345   345 D SAN_SERVICE: *******************************************
07-03 14:33:29.620   145  1150 D AlarmManagerService: Kernel timezone updated to 240 minutes west of GMT
07-03 14:33:33.359 18267 18270 D dalvikvm: GC_CONCURRENT freed 532K, 11% free 10965K/12295K, paused 5ms+4ms
07-03 14:33:58.281 19054 19057 D dalvikvm: GC_CONCURRENT freed 506K, 6% free 10063K/10695K, paused 3ms+5ms
07-03 14:34:15.687   145  9966 D AlarmManagerService: Kernel timezone updated to 240 minutes west of GMT
07-03 14:34:23.792 17936 17949 I PhoneLab-: Service Running
07-03 14:34:23.851 17936 17949 I PhoneLab-LoggerService: app_37    1360  1     1436   988   c00f181c 400107b4 S logcat
07-03 14:34:23.851 17936 17949 I PhoneLab-LoggerService: Logcat pid from database 1360
07-03 14:34:23.851 17936 17949 I PhoneLab-LoggerService: Logcat process found 1360
07-03 14:34:23.851 17936 17949 I PhoneLab-LoggerService: Checking Threshold
07-03 14:34:23.855 17936 17949 I PhoneLab-LoggerService: Starting to rename files
07-03 14:34:23.855 17936 17949 I PhoneLab-LoggerService: Files found .. 2
07-03 14:34:24.023   145   157 D AlarmManagerService: Kernel timezone updated to 240 minutes west of GMT
07-03 14:34:50.878   145   147 D dalvikvm: GC_CONCURRENT freed 1900K, 24% free 18728K/24455K, paused 44ms+9ms
07-03 14:34:52.773   145   157 D AlarmManagerService: Kernel timezone updated to 240 minutes west of GMT
07-03 14:34:55.542   216   218 D dalvikvm: GC_CONCURRENT freed 560K, 29% free 10201K/14343K, paused 2ms+6ms
07-03 14:34:55.648   216   218 D dalvikvm: GC_CONCURRENT freed 554K, 30% free 10120K/14343K, paused 2ms+3ms
07-03 14:34:56.015   145   365 I ActivityManager: START {cmp=com.whatsapp/.Conversations} from pid 18267
07-03 14:34:56.390 18267 18270 D dalvikvm: GC_CONCURRENT freed 477K, 10% free 11075K/12295K, paused 7ms+6ms
07-03 14:34:56.441 18267 18267 D dalvikvm: GC_FOR_ALLOC freed 17K, 9% free 11261K/12295K, paused 24ms
07-03 14:34:56.441 18267 18267 I dalvikvm-heap: Grow heap (frag case) to 11.219MB for 155248-byte allocation
07-03 14:34:56.468 18267 18267 D dalvikvm: GC_FOR_ALLOC freed <1K, 9% free 11412K/12487K, paused 25ms
07-03 14:34:56.574   145   161 I Process : Sending signal. PID: 18267 SIG: 3
07-03 14:34:56.574 18267 18272 I dalvikvm: threadid=3: reacting to signal 3
07-03 14:34:56.636 18267 18272 I dalvikvm: Wrote stack traces to '/data/anr/traces.txt'
07-03 14:34:56.644   216   216 V PhoneStatusBar: setLightsOn(true)
07-03 14:34:56.835   145   176 I ActivityManager: Displayed com.whatsapp/.Conversations: +776ms
07-03 14:34:56.894 10674 10676 D dalvikvm: GC_CONCURRENT freed 1311K, 18% free 10017K/12167K, paused 3ms+5ms
07-03 14:34:57.527 18267 18267 W IInputConnectionWrapper: showStatusIcon on inactive InputConnection
07-03 14:34:57.527   145 21614 W InputManagerService: Starting input on non-focused client com.android.internal.view.IInputMethodClient$Stub$Proxy@414a4030 (uid=10068 pid=18267)
07-03 14:35:01.554   145  9966 D AlarmManagerService: Kernel timezone updated to 240 minutes west of GMT
07-03 14:35:02.359   145   361 I ActivityManager: START {act=android.intent.action.MAIN cat=[android.intent.category.LAUNCHER] flg=0x10000000 pkg=com.koushikdutta.rommanager cmp=com.koushikdutta.rommanager/.RomManager bnds=[0,405][120,555]} from pid 375
07-03 14:35:02.511   145  1149 I ActivityManager: Start proc com.koushikdutta.rommanager for activity com.koushikdutta.rommanager/.RomManager: pid=19188 uid=10076 gids={1015, 3003}
07-03 14:35:02.617   375   375 D OpenGLRenderer: Flushing caches (mode 1)
07-03 14:35:02.749 19188 19188 D PurchasingManager: In App Purchasing SDK - Sandbox Mode: PurchasingObserver registered: com.clockworkmod.billing.b@41348698
07-03 14:35:02.753 19188 19202 I PurchasingManager: Purchasing Framework initialization complete. Build ID 1.0.3
07-03 14:35:02.757   145   182 I InputReader: Reconfiguring input devices.  changes=0x00000004
07-03 14:35:02.757   145   182 I InputReader: Device reconfigured: id=7, name='mxt224_ts_input', surface size is now 480x800, mode is 1
