07-01 01:51:01.378 11961 11963 D dalvikvm: GC_CONCURRENT freed 361K, 5% free 10461K/10951K, paused 3ms+7ms
07-01 01:51:01.581 11961 11963 D dalvikvm: GC_CONCURRENT freed 316K, 5% free 10573K/11015K, paused 3ms+3ms
07-01 01:51:01.847 11961 11963 D dalvikvm: GC_CONCURRENT freed 331K, 5% free 10678K/11143K, paused 3ms+3ms
07-01 01:51:05.144   362   362 D dalvikvm: GC_EXPLICIT freed <1K, 6% free 9101K/9607K, paused 29ms+3ms
07-01 01:51:10.128   375   375 D dalvikvm: GC_EXPLICIT freed 1K, 11% free 11223K/12487K, paused 24ms+2ms
07-01 01:51:15.163   145   161 D dalvikvm: GC_EXPLICIT freed 610K, 19% free 14542K/17927K, paused 29ms+6ms
07-01 01:51:20.159   216   216 D dalvikvm: GC_EXPLICIT freed 42K, 33% free 9630K/14343K, paused 25ms+3ms
07-01 01:51:24.077 11455 11468 I PhoneLab-: Service Running
07-01 01:51:24.199 11455 11468 I PhoneLab-LoggerService: app_37    1360  1     1436   1000  c00f181c 400107b4 S logcat
07-01 01:51:24.202 11455 11468 I PhoneLab-LoggerService: Logcat pid from database 1360
07-01 01:51:24.202 11455 11468 I PhoneLab-LoggerService: Logcat process found 1360
07-01 01:51:24.202 11455 11468 I PhoneLab-LoggerService: Checking Threshold
07-01 01:51:24.202 11455 11468 I PhoneLab-LoggerService: Starting to rename files
07-01 01:51:24.202 11455 11468 I PhoneLab-LoggerService: Files found .. 2
07-01 01:51:24.202 11455 11468 I PhoneLab-LoggerService: File 1 log.out.1
07-01 01:51:24.210 11455 11468 I PhoneLab-LoggerService: Renamed successfully
07-01 01:51:25.132   322   322 D dalvikvm: GC_EXPLICIT freed <1K, 17% free 10373K/12359K, paused 25ms+2ms
07-01 01:51:30.210   345   345 D dalvikvm: GC_EXPLICIT freed 249K, 8% free 11632K/12551K, paused 40ms+3ms
07-01 01:51:35.132   454   454 D dalvikvm: GC_EXPLICIT freed <1K, 4% free 9037K/9347K, paused 23ms+2ms
07-01 01:51:37.984   145   200 D DhcpInfoInternal: makeLinkProperties with empty dns2!
07-01 01:51:37.991   145   200 D DhcpInfoInternal: makeLinkProperties with empty dns2!
07-01 01:51:43.058 11904 11906 D dalvikvm: GC_CONCURRENT freed 467K, 6% free 10155K/10695K, paused 11ms+3ms
07-01 01:51:43.089   145   396 I ActivityManager: Start proc com.google.android.apps.maps:LocationFriendService for service com.google.android.apps.maps/com.google.googlenav.friend.reporting.LocationReceiverService: pid=12017 uid=10056 gids={3003, 1015}
07-01 01:51:43.245 12017 12020 D dalvikvm: GC_CONCURRENT freed 168K, 3% free 9367K/9607K, paused 2ms+2ms
07-01 01:51:43.581 12017 12020 D dalvikvm: GC_CONCURRENT freed 160K, 3% free 9687K/9927K, paused 15ms+5ms
07-01 01:51:44.042 12017 12020 D dalvikvm: GC_CONCURRENT freed 300K, 4% free 9899K/10311K, paused 2ms+2ms
07-01 01:51:44.343   145   348 I ActivityManager: Process com.google.android.apps.maps:LocationFriendService (pid 12017) has died.
07-01 01:51:49.550  1248  1248 D dalvikvm: GC_EXPLICIT freed 824K, 24% free 20133K/26247K, paused 2ms+10ms
07-01 01:51:54.484  8727  8727 D dalvikvm: GC_EXPLICIT freed 246K, 6% free 10063K/10631K, paused 32ms+3ms
07-01 01:51:59.452 11434 11434 D dalvikvm: GC_EXPLICIT freed 313K, 7% free 9498K/10183K, paused 2ms+3ms
07-01 01:52:05.113 11455 11455 D dalvikvm: GC_EXPLICIT freed 146K, 6% free 9064K/9607K, paused 1ms+2ms
07-01 01:52:10.159 11523 11523 D dalvikvm: GC_EXPLICIT freed 66K, 4% free 9056K/9347K, paused 35ms+2ms
07-01 01:52:15.167 11619 11619 D dalvikvm: GC_EXPLICIT freed 87K, 4% free 10909K/11335K, paused 24ms+3ms
07-01 01:52:20.245 11652 11652 D dalvikvm: GC_EXPLICIT freed 117K, 4% free 10276K/10695K, paused 23ms+3ms
07-01 01:52:25.191 11848 11848 D dalvikvm: GC_EXPLICIT freed 331K, 11% free 11478K/12871K, paused 25ms+3ms
07-01 01:52:30.257 11876 11876 D dalvikvm: GC_EXPLICIT freed 305K, 7% free 9865K/10567K, paused 28ms+4ms
07-01 01:52:35.183 11904 11904 D dalvikvm: GC_EXPLICIT freed 101K, 6% free 10136K/10695K, paused 22ms+2ms
07-01 01:52:42.937   145   310 I ActivityManager: Start proc com.google.android.apps.maps:LocationFriendService for service com.google.android.apps.maps/com.google.googlenav.friend.reporting.LocationReceiverService: pid=12040 uid=10056 gids={3003, 1015}
07-01 01:52:43.074 12040 12043 D dalvikvm: GC_CONCURRENT freed 170K, 3% free 9366K/9607K, paused 2ms+3ms
07-01 01:52:43.257 12040 12043 D dalvikvm: GC_CONCURRENT freed 168K, 3% free 9682K/9927K, paused 1ms+5ms
07-01 01:52:43.679 12040 12043 D dalvikvm: GC_CONCURRENT freed 314K, 4% free 9924K/10311K, paused 3ms+3ms
07-01 01:53:24.058 11455 11468 I PhoneLab-: Service Running
07-01 01:53:24.144   145   310 I ActivityManager: Process com.google.android.apps.maps:LocationFriendService (pid 12040) has died.
07-01 01:53:24.187 11455 11468 I PhoneLab-LoggerService: app_37    1360  1     1436   1000  c00f181c 400107b4 S logcat
07-01 01:53:24.187 11455 11468 I PhoneLab-LoggerService: Logcat pid from database 1360
07-01 01:53:24.187 11455 11468 I PhoneLab-LoggerService: Logcat process found 1360
07-01 01:53:24.187 11455 11468 I PhoneLab-LoggerService: Checking Threshold
07-01 01:53:24.187 11455 11468 I PhoneLab-LoggerService: Starting to rename files
07-01 01:53:24.187 11455 11468 I PhoneLab-LoggerService: Files found .. 2
07-01 01:53:29.257   362   362 D dalvikvm: GC_EXPLICIT freed <1K, 6% free 9101K/9607K, paused 21ms+3ms
07-01 01:53:34.230   375   375 D dalvikvm: GC_EXPLICIT freed <1K, 11% free 11223K/12487K, paused 22ms+3ms
07-01 01:53:39.316   145   161 D dalvikvm: GC_EXPLICIT freed 258K, 19% free 14558K/17927K, paused 39ms+6ms
07-01 01:53:42.995   145   310 I ActivityManager: Start proc com.google.android.apps.maps:LocationFriendService for service com.google.android.apps.maps/com.google.googlenav.friend.reporting.LocationReceiverService: pid=12064 uid=10056 gids={3003, 1015}
07-01 01:53:43.124 11904 11906 D dalvikvm: GC_CONCURRENT freed 503K, 6% free 10152K/10759K, paused 1ms+2ms
07-01 01:53:43.124 12064 12065 D dalvikvm: GC_CONCURRENT freed 173K, 3% free 9362K/9607K, paused 2ms+2ms
07-01 01:53:43.304 12064 12065 D dalvikvm: GC_CONCURRENT freed 177K, 4% free 9690K/9991K, paused 2ms+9ms
07-01 01:53:43.331  8727  8806 D dalvikvm: GC_EXPLICIT freed 79K, 6% free 10024K/10631K, paused 2ms+3ms
07-01 01:53:43.531 12064 12065 D dalvikvm: GC_CONCURRENT freed 302K, 4% free 9942K/10311K, paused 2ms+3ms
07-01 01:53:47.980   216   216 D dalvikvm: GC_EXPLICIT freed 36K, 33% free 9630K/14343K, paused 21ms+4ms
07-01 01:53:52.956   322   322 D dalvikvm: GC_EXPLICIT freed <1K, 17% free 10373K/12359K, paused 16ms+2ms
07-01 01:53:57.988   345   345 D dalvikvm: GC_EXPLICIT freed 7K, 8% free 11631K/12551K, paused 21ms+3ms
07-01 01:54:02.851   145   200 D DhcpInfoInternal: makeLinkProperties with empty dns2!
07-01 01:54:02.859   145   200 D DhcpInfoInternal: makeLinkProperties with empty dns2!
07-01 01:54:10.374   454   454 D dalvikvm: GC_EXPLICIT freed <1K, 4% free 9037K/9347K, paused 18ms+2ms
07-01 01:54:15.441 11940 11940 D dalvikvm: GC_EXPLICIT freed 162K, 4% free 9254K/9607K, paused 31ms+3ms
07-01 01:54:15.441 11940 11949 W CursorWrapperInner: Cursor finalized without prior close()
07-01 01:54:15.441 11940 11949 W CursorWrapperInner: Cursor finalized without prior close()
07-01 01:54:15.441 11940 11949 W CursorWrapperInner: Cursor finalized without prior close()
07-01 01:54:20.402 11961 11961 D dalvikvm: GC_EXPLICIT freed 444K, 5% free 10605K/11143K, paused 34ms+3ms
07-01 01:54:25.398 11523 11523 D dalvikvm: GC_EXPLICIT freed 1K, 4% free 9055K/9347K, paused 19ms+2ms
07-01 01:54:30.413 11455 11455 D dalvikvm: GC_EXPLICIT freed 58K, 6% free 9063K/9607K, paused 19ms+2ms
07-01 01:54:35.413 11619 11619 D dalvikvm: GC_EXPLICIT freed 2K, 4% free 10907K/11335K, paused 22ms+2ms
07-01 01:54:40.417 11652 11652 D dalvikvm: GC_EXPLICIT freed 15K, 4% free 10276K/10695K, paused 22ms+3ms
07-01 01:54:41.687   145   173 I power   : *** set_screen_state 0
07-01 01:54:41.738    78   121 D SurfaceFlinger: About to give-up screen, flinger = 0x457918
07-01 01:54:41.991   145  9966 I ActivityManager: Process edu.buffalo.cse.phonelab.phonelabservices (pid 11455) has died.
07-01 01:54:41.991   145  9966 W ActivityManager: Scheduling restart of crashed service edu.buffalo.cse.phonelab.phonelabservices/edu.buffalo.cse.phonelab.datalogger.LoggerService in 5000ms
07-01 01:54:42.109   145   177 V TransportControlView: Create TCV com.android.internal.widget.TransportControlView@4181a420
07-01 01:54:42.316   145   177 I ActivityManager: Start proc com.google.android.gsf.login for service com.google.android.gsf.login/com.google.android.gsf.loginservice.GoogleLoginService: pid=12109 uid=10009 gids={3003, 1015, 1007, 2001, 3006}
07-01 01:54:42.320   362 12108 D NfcService: NFC-C OFF, disconnect
07-01 01:54:42.324   216   216 D PhoneStatusBar: disable: < expand icons alerts ticker system_info back home RECENT* clock >
07-01 01:54:42.402   216   216 D PhoneStatusBar: disable: < expand icons alerts ticker system_info BACK* HOME* RECENT CLOCK* >
07-01 01:54:43.300 12064 12068 I dalvikvm: Total arena pages for JIT: 11
07-01 01:54:43.300 12064 12068 I dalvikvm: Total arena pages for JIT: 12
07-01 01:54:43.300 12064 12068 I dalvikvm: Total arena pages for JIT: 13
07-01 01:54:43.300 12064 12068 I dalvikvm: Total arena pages for JIT: 14
07-01 01:54:43.300 12064 12068 I dalvikvm: Total arena pages for JIT: 15
07-01 01:54:43.300 12064 12068 I dalvikvm: Total arena pages for JIT: 16
07-01 01:54:43.300 12064 12068 I dalvikvm: Total arena pages for JIT: 17
07-01 01:54:43.589 12064 12065 D dalvikvm: GC_CONCURRENT freed 461K, 6% free 9979K/10567K, paused 3ms+5ms
07-01 01:54:43.589   145   395 I ActivityManager: Process android.process.acore (pid 11434) has died.
07-01 01:54:43.878   145   147 D dalvikvm: GC_CONCURRENT freed 486K, 14% free 15446K/17927K, paused 8ms+10ms
07-01 01:54:47.054   145   162 I ActivityManager: Start proc edu.buffalo.cse.phonelab.phonelabservices for service edu.buffalo.cse.phonelab.phonelabservices/edu.buffalo.cse.phonelab.datalogger.LoggerService: pid=12128 uid=10037 gids={3003, 1015, 1007, 2001}
07-01 01:54:47.089    79    79 D dalvikvm: GC_EXPLICIT freed 38K, 4% free 9031K/9347K, paused 1ms+12ms
07-01 01:54:47.120    79    79 D dalvikvm: GC_EXPLICIT freed <1K, 4% free 9031K/9347K, paused 1ms+3ms
07-01 01:54:47.128 12128 12128 I PhoneLab-LoggerService: Start Logger Service
07-01 01:54:47.148    79    79 D dalvikvm: GC_EXPLICIT freed <1K, 4% free 9031K/9347K, paused 2ms+2ms
07-01 01:54:47.171 12128 12141 I PhoneLab-: Service Running
07-01 01:54:47.234 12128 12141 I PhoneLab-LoggerService: app_37    1360  1     1436   996   c00f181c 400107b4 S logcat
07-01 01:54:47.238 12128 12141 I PhoneLab-LoggerService: Logcat pid from database 1360
07-01 01:54:47.238 12128 12141 I PhoneLab-LoggerService: Logcat process found 1360
07-01 01:54:47.238 12128 12141 I PhoneLab-LoggerService: Checking Threshold
07-01 01:54:47.238 12128 12141 I PhoneLab-LoggerService: Starting to rename files
07-01 01:54:47.238 12128 12141 I PhoneLab-LoggerService: Files found .. 2
07-01 01:54:49.773  1248  1248 D dalvikvm: GC_EXPLICIT freed 33K, 24% free 20101K/26247K, paused 23ms+8ms
07-01 01:54:54.722  8727  8727 D dalvikvm: GC_EXPLICIT freed 121K, 6% free 10024K/10631K, paused 17ms+2ms
07-01 01:54:59.726 11876 11876 D dalvikvm: GC_EXPLICIT freed 11K, 7% free 9866K/10567K, paused 17ms+2ms
07-01 01:55:05.120 11904 11904 D dalvikvm: GC_EXPLICIT freed 283K, 6% free 10145K/10759K, paused 2ms+2ms
07-01 01:55:10.226 11848 11848 D dalvikvm: GC_EXPLICIT freed 44K, 11% free 11469K/12871K, paused 19ms+3ms
07-01 01:55:43.156 12064 12068 I dalvikvm: Total arena pages for JIT: 18
07-01 01:56:27.738   145   200 D DhcpInfoInternal: makeLinkProperties with empty dns2!
07-01 01:56:27.749   145   200 D DhcpInfoInternal: makeLinkProperties with empty dns2!
07-01 01:56:43.241 11904 11906 D dalvikvm: GC_CONCURRENT freed 496K, 6% free 10158K/10759K, paused 1ms+7ms
07-01 01:56:43.327 12064 12065 D dalvikvm: GC_CONCURRENT freed 491K, 6% free 10000K/10567K, paused 5ms+3ms
07-01 01:56:47.171 12128 12141 I PhoneLab-: Service Running
07-01 01:56:47.257 12128 12141 I PhoneLab-LoggerService: app_37    1360  1     1436   996   c00f181c 400107b4 S logcat
07-01 01:56:47.257 12128 12141 I PhoneLab-LoggerService: Logcat pid from database 1360
07-01 01:56:47.257 12128 12141 I PhoneLab-LoggerService: Logcat process found 1360
07-01 01:56:47.257 12128 12141 I PhoneLab-LoggerService: Checking Threshold
07-01 01:56:47.257 12128 12141 I PhoneLab-LoggerService: Starting to rename files
07-01 01:56:47.257 12128 12141 I PhoneLab-LoggerService: Files found .. 2
07-01 01:58:29.550   145   175 I ActivityManager: Start proc com.google.android.maps.mytracks for service com.google.android.maps.mytracks/com.google.android.apps.mytracks.services.RemoveTempFilesService: pid=12170 uid=10072 gids={3003, 3002, 3001, 1015}
07-01 01:58:29.593 12170 12170 I dalvikvm: Turning on JNI app bug workarounds for target SDK version 7...
07-01 01:58:29.687   145   396 D dalvikvm: GC_EXPLICIT freed 600K, 15% free 15337K/17927K, paused 3ms+6ms
07-01 01:58:29.695   145   310 I ActivityManager: Process com.google.android.apps.currents (pid 11848) has died.
07-01 01:58:30.050 12170 12170 I ActivityThread: Pub com.google.android.maps.mytracks.search: com.google.android.apps.mytracks.content.SearchEngineProvider
07-01 01:58:30.070 12170 12170 I ActivityThread: Pub com.google.android.maps.mytracks: com.google.android.apps.mytracks.content.MyTracksProvider
07-01 01:58:43.327 11904 11906 D dalvikvm: GC_CONCURRENT freed 500K, 6% free 10169K/10759K, paused 2ms+7ms
07-01 01:58:43.452 12064 12065 D dalvikvm: GC_CONCURRENT freed 547K, 7% free 9967K/10631K, paused 2ms+3ms
07-01 01:58:47.171 12128 12141 I PhoneLab-: Service Running
07-01 01:58:47.277 12128 12141 I PhoneLab-LoggerService: app_37    1360  1     1436   996   c00f181c 400107b4 S logcat
07-01 01:58:47.277 12128 12141 I PhoneLab-LoggerService: Logcat pid from database 1360
07-01 01:58:47.277 12128 12141 I PhoneLab-LoggerService: Logcat process found 1360
07-01 01:58:47.277 12128 12141 I PhoneLab-LoggerService: Checking Threshold
07-01 01:58:47.277 12128 12141 I PhoneLab-LoggerService: Starting to rename files
07-01 01:58:47.281 12128 12141 I PhoneLab-LoggerService: Files found .. 2
07-01 01:58:52.402   145   200 D DhcpInfoInternal: makeLinkProperties with empty dns2!
07-01 01:58:52.402   145   200 D DhcpInfoInternal: makeLinkProperties with empty dns2!
07-01 01:59:43.441 12064 12065 D dalvikvm: GC_CONCURRENT freed 426K, 7% free 9950K/10631K, paused 2ms+2ms
07-01 01:59:50.769 11961 11963 D dalvikvm: GC_CONCURRENT freed 374K, 5% free 10695K/11207K, paused 1ms+3ms
07-01 02:00:43.421 11904 11906 D dalvikvm: GC_CONCURRENT freed 511K, 6% free 10169K/10759K, paused 2ms+3ms
07-01 02:00:43.902   216   218 D dalvikvm: GC_CONCURRENT freed 241K, 32% free 9854K/14343K, paused 2ms+2ms
07-01 02:00:43.949   216   218 D dalvikvm: GC_CONCURRENT freed 607K, 33% free 9675K/14343K, paused 2ms+2ms
07-01 02:00:44.093   216   218 D dalvikvm: GC_CONCURRENT freed 377K, 33% free 9709K/14343K, paused 2ms+2ms
07-01 02:00:47.171 12128 12141 I PhoneLab-: Service Running
07-01 02:00:47.269 12128 12141 I PhoneLab-LoggerService: app_37    1360  1     1436   996   c00f181c 400107b4 S logcat
07-01 02:00:47.273 12128 12141 I PhoneLab-LoggerService: Logcat pid from database 1360
07-01 02:00:47.273 12128 12141 I PhoneLab-LoggerService: Logcat process found 1360
07-01 02:00:47.273 12128 12141 I PhoneLab-LoggerService: Checking Threshold
07-01 02:00:47.273 12128 12141 I PhoneLab-LoggerService: Starting to rename files
07-01 02:00:47.273 12128 12141 I PhoneLab-LoggerService: Files found .. 2
07-01 02:00:50.820 12064 12065 D dalvikvm: GC_CONCURRENT freed 473K, 7% free 9983K/10631K, paused 12ms+3ms
07-01 02:00:51.757 12064 12065 D dalvikvm: GC_CONCURRENT freed 426K, 7% free 9954K/10631K, paused 2ms+2ms
07-01 02:00:51.898   216   216 D dalvikvm: GC_FOR_ALLOC freed 419K, 33% free 9671K/14343K, paused 14ms
07-01 02:00:51.952   216   218 D dalvikvm: GC_CONCURRENT freed 339K, 32% free 9821K/14343K, paused 2ms+2ms
07-01 02:00:52.058   216   218 D dalvikvm: GC_CONCURRENT freed 514K, 32% free 9769K/14343K, paused 4ms+2ms
07-01 02:01:17.074   145   200 D DhcpInfoInternal: makeLinkProperties with empty dns2!
07-01 02:01:17.074   145   200 D DhcpInfoInternal: makeLinkProperties with empty dns2!
07-01 02:01:51.824 12128 12128 I PhoneLab-Locks: wake lock acquired
07-01 02:01:51.866 12128 12240 I PhoneLab-PeriodicCheckService: User info is synched
07-01 02:01:51.870 12128 12240 I PhoneLab-PeriodicCheckService: Logger Service is running
07-01 02:01:51.874 12128 12128 I PhoneLab-Locks: wake lock acquired
07-01 02:01:51.878 12128 12128 I PhoneLab-StatusMonitor: Status Monitoring is started
07-01 02:01:51.882 12128 12240 I PhoneLab-Locks: wake lock acquired
07-01 02:01:51.882 12128 12240 I PhoneLab-PeriodicCheckService: Rescheduling periodic checking...
07-01 02:01:51.886 12128 12240 I PhoneLab-Locks: wake lock released
07-01 02:01:51.921 12128 12128 E PhoneLab-PhoneLabManifest: java.io.FileNotFoundException: /data/data/edu.buffalo.cse.phonelab.phonelabservices/files/manifest.xml: open failed: ENOENT (No such file or directory)
07-01 02:01:51.984 12128 12130 D dalvikvm: GC_CONCURRENT freed 397K, 6% free 9096K/9607K, paused 6ms+2ms
07-01 02:01:51.988 12128 12128 I PhoneLab-Locks: wake lock released
07-01 02:01:51.988 12128 12128 I PhoneLab-UploadLogs: Transfering log files now
07-01 02:01:52.202 12128 12130 D dalvikvm: GC_CONCURRENT freed 355K, 5% free 9207K/9671K, paused 1ms+2ms
07-01 02:01:52.214 12128 12128 D dalvikvm: GC_FOR_ALLOC freed 63K, 6% free 9263K/9799K, paused 13ms
07-01 02:01:52.214 12128 12128 I dalvikvm-heap: Grow heap (frag case) to 9.358MB for 254548-byte allocation
07-01 02:01:52.238 12128 12137 D dalvikvm: GC_FOR_ALLOC freed 120K, 7% free 9391K/10055K, paused 12ms
07-01 02:01:52.269 12128 12128 D dalvikvm: GC_FOR_ALLOC freed 0K, 7% free 9391K/10055K, paused 14ms
07-01 02:01:52.269 12128 12128 I dalvikvm-heap: Grow heap (frag case) to 9.733MB for 516692-byte allocation
07-01 02:01:52.296 12128 12130 D dalvikvm: GC_CONCURRENT freed 249K, 9% free 9647K/10567K, paused 2ms+2ms
07-01 02:01:52.327 12128 12128 I PhoneLab-UploadLogs: OnStartCommand
07-01 02:01:52.472 12128 12242 D dalvikvm: GC_FOR_ALLOC freed 386K, 9% free 9631K/10567K, paused 47ms
07-01 02:01:52.484 12128 12242 D dalvikvm: GC_FOR_ALLOC freed 304K, 9% free 9631K/10567K, paused 12ms
07-01 02:01:52.503 12128 12242 D dalvikvm: GC_FOR_ALLOC freed 304K, 9% free 9638K/10567K, paused 12ms
07-01 02:01:55.241 12128 12128 I PhoneLab-: 1341121884207.log is deleted
07-01 02:01:55.241 12128 12128 I PhoneLab-: Response: {"data": "done", "err": ""}
07-01 02:01:55.249 12128 12128 I PhoneLab-UploadLogs: No log files to transfer
07-01 02:01:55.253 12128 12128 I PhoneLab-Locks: wake lock released
07-01 02:02:43.531 11904 11906 D dalvikvm: GC_CONCURRENT freed 491K, 6% free 10190K/10759K, paused 2ms+2ms
07-01 02:02:43.644 12064 12065 D dalvikvm: GC_CONCURRENT freed 468K, 7% free 9957K/10631K, paused 2ms+2ms
07-01 02:02:47.175 12128 12141 I PhoneLab-: Service Running
07-01 02:02:47.241 12128 12141 I PhoneLab-LoggerService: app_37    1360  1     1436   996   c00f181c 400107b4 S logcat
07-01 02:02:47.241 12128 12141 I PhoneLab-LoggerService: Logcat pid from database 1360
07-01 02:02:47.241 12128 12141 I PhoneLab-LoggerService: Logcat process found 1360
07-01 02:02:47.241 12128 12141 I PhoneLab-LoggerService: Checking Threshold
07-01 02:03:41.757   145   200 D DhcpInfoInternal: makeLinkProperties with empty dns2!
07-01 02:03:41.757   145   200 D DhcpInfoInternal: makeLinkProperties with empty dns2!
07-01 02:03:43.659 12064 12065 D dalvikvm: GC_CONCURRENT freed 432K, 7% free 9958K/10631K, paused 2ms+2ms
07-01 02:04:43.624 11904 11906 D dalvikvm: GC_CONCURRENT freed 557K, 6% free 10190K/10823K, paused 2ms+2ms
07-01 02:04:47.171 12128 12141 I PhoneLab-: Service Running
07-01 02:04:47.257 12128 12130 D dalvikvm: GC_CONCURRENT freed 890K, 14% free 9155K/10567K, paused 2ms+2ms
07-01 02:04:47.261 12128 12141 I PhoneLab-LoggerService: app_37    1360  1     1436   996   c00f181c 400107b4 S logcat
07-01 02:04:47.265 12128 12141 I PhoneLab-LoggerService: Logcat pid from database 1360
07-01 02:04:47.265 12128 12141 I PhoneLab-LoggerService: Logcat process found 1360
07-01 02:04:47.265 12128 12141 I PhoneLab-LoggerService: Checking Threshold
07-01 02:05:43.757 12064 12065 D dalvikvm: GC_CONCURRENT freed 455K, 7% free 9984K/10631K, paused 2ms+3ms
07-01 02:05:43.847 11904 11906 D dalvikvm: GC_CONCURRENT freed 382K, 6% free 10270K/10823K, paused 3ms+5ms
07-01 02:06:06.089   145   396 I ActivityManager: Process com.google.android.gsf.login (pid 12109) has died.
07-01 02:06:06.656   145   200 D DhcpInfoInternal: makeLinkProperties with empty dns2!
07-01 02:06:06.659   145   200 D DhcpInfoInternal: makeLinkProperties with empty dns2!
07-01 02:06:43.679 11904 11906 D dalvikvm: GC_CONCURRENT freed 482K, 6% free 10332K/10887K, paused 2ms+2ms
07-01 02:06:43.796 12064 12065 D dalvikvm: GC_CONCURRENT freed 444K, 7% free 9957K/10631K, paused 1ms+1ms
07-01 02:06:47.171 12128 12141 I PhoneLab-: Service Running
07-01 02:06:47.234 12128 12141 I PhoneLab-LoggerService: app_37    1360  1     1436   996   c00f181c 400107b4 S logcat
07-01 02:06:47.238 12128 12141 I PhoneLab-LoggerService: Logcat pid from database 1360
07-01 02:06:47.238 12128 12141 I PhoneLab-LoggerService: Logcat process found 1360
07-01 02:06:47.238 12128 12141 I PhoneLab-LoggerService: Checking Threshold
07-01 02:07:43.808   145   147 D dalvikvm: GC_CONCURRENT freed 1392K, 14% free 15420K/17927K, paused 3ms+7ms
07-01 02:08:31.531   145   200 D DhcpInfoInternal: makeLinkProperties with empty dns2!
07-01 02:08:31.534   145   200 D DhcpInfoInternal: makeLinkProperties with empty dns2!
07-01 02:08:43.800 11904 11906 D dalvikvm: GC_CONCURRENT freed 546K, 6% free 10329K/10951K, paused 2ms+3ms
07-01 02:08:43.909   145   396 D dalvikvm: GC_EXPLICIT freed 233K, 15% free 15286K/17927K, paused 3ms+5ms
07-01 02:08:43.976 12064 12065 D dalvikvm: GC_CONCURRENT freed 465K, 6% free 10019K/10631K, paused 2ms+2ms
07-01 02:08:47.171 12128 12141 I PhoneLab-: Service Running
07-01 02:08:47.241 12128 12141 I PhoneLab-LoggerService: app_37    1360  1     1436   996   c00f181c 400107b4 S logcat
07-01 02:08:47.241 12128 12141 I PhoneLab-LoggerService: Logcat pid from database 1360
07-01 02:08:47.241 12128 12141 I PhoneLab-LoggerService: Logcat process found 1360
07-01 02:08:47.241 12128 12141 I PhoneLab-LoggerService: Checking Threshold
07-01 02:09:07.441  8727 12317 I EventLogService: Aggregate from 1341121147247 (log), 1341121147247 (data)
07-01 02:09:43.929 12064 12065 D dalvikvm: GC_CONCURRENT freed 451K, 7% free 9957K/10631K, paused 2ms+2ms
07-01 02:10:43.902 11904 11906 D dalvikvm: GC_CONCURRENT freed 518K, 6% free 10323K/10951K, paused 1ms+2ms
07-01 02:10:44.042   216   218 D dalvikvm: GC_CONCURRENT freed 410K, 32% free 9864K/14343K, paused 2ms+3ms
07-01 02:10:44.093   216   216 D dalvikvm: GC_FOR_ALLOC freed 631K, 33% free 9676K/14343K, paused 16ms
07-01 02:10:44.210   216   218 D dalvikvm: GC_CONCURRENT freed 369K, 33% free 9732K/14343K, paused 3ms+3ms
07-01 02:10:47.171 12128 12141 I PhoneLab-: Service Running
07-01 02:10:47.241 12128 12141 I PhoneLab-LoggerService: app_37    1360  1     1436   996   c00f181c 400107b4 S logcat
07-01 02:10:47.241 12128 12141 I PhoneLab-LoggerService: Logcat pid from database 1360
07-01 02:10:47.241 12128 12141 I PhoneLab-LoggerService: Logcat process found 1360
07-01 02:10:47.245 12128 12141 I PhoneLab-LoggerService: Checking Threshold
07-01 02:10:48.081 12064 12065 D dalvikvm: GC_CONCURRENT freed 464K, 6% free 10005K/10631K, paused 1ms+3ms
07-01 02:10:48.195   216   216 D dalvikvm: GC_FOR_ALLOC freed 443K, 33% free 9671K/14343K, paused 17ms
07-01 02:10:48.253   216   218 D dalvikvm: GC_CONCURRENT freed 318K, 32% free 9801K/14343K, paused 2ms+3ms
07-01 02:10:56.406   145   200 D DhcpInfoInternal: makeLinkProperties with empty dns2!
07-01 02:10:56.409   145   200 D DhcpInfoInternal: makeLinkProperties with empty dns2!
07-01 02:11:00.081   216   218 D dalvikvm: GC_CONCURRENT freed 552K, 33% free 9636K/14343K, paused 2ms+2ms
07-01 02:12:44.046  8727  8729 D dalvikvm: GC_CONCURRENT freed 270K, 5% free 10139K/10631K, paused 7ms+24ms
07-01 02:12:44.077 11904 11906 D dalvikvm: GC_CONCURRENT freed 505K, 6% free 10329K/10951K, paused 2ms+3ms
07-01 02:12:44.171 12064 12065 D dalvikvm: GC_CONCURRENT freed 517K, 7% free 9974K/10631K, paused 5ms+2ms
07-01 02:12:47.171 12128 12141 I PhoneLab-: Service Running
07-01 02:12:47.261 12128 12141 I PhoneLab-LoggerService: app_37    1360  1     1436   996   c00f181c 400107b4 S logcat
07-01 02:12:47.265 12128 12141 I PhoneLab-LoggerService: Logcat pid from database 1360
07-01 02:12:47.265 12128 12141 I PhoneLab-LoggerService: Logcat process found 1360
07-01 02:12:47.265 12128 12141 I PhoneLab-LoggerService: Checking Threshold
07-01 02:13:21.070   145   200 D DhcpInfoInternal: makeLinkProperties with empty dns2!
07-01 02:13:21.074   145   200 D DhcpInfoInternal: makeLinkProperties with empty dns2!
07-01 02:13:44.120 12064 12075 D dalvikvm: GC_EXPLICIT freed 292K, 7% free 9903K/10631K, paused 2ms+2ms
07-01 02:14:44.167 11904 11906 D dalvikvm: GC_CONCURRENT freed 512K, 6% free 10329K/10951K, paused 1ms+2ms
07-01 02:14:44.277 12064 12065 D dalvikvm: GC_CONCURRENT freed 435K, 7% free 9950K/10631K, paused 2ms+2ms
07-01 02:14:47.171 12128 12141 I PhoneLab-: Service Running
07-01 02:14:47.261 12128 12141 I PhoneLab-LoggerService: app_37    1360  1     1436   996   c00f181c 400107b4 S logcat
07-01 02:14:47.261 12128 12141 I PhoneLab-LoggerService: Logcat pid from database 1360
07-01 02:14:47.261 12128 12141 I PhoneLab-LoggerService: Logcat process found 1360
07-01 02:14:47.265 12128 12141 I PhoneLab-LoggerService: Checking Threshold
07-01 02:15:44.277 12064 12065 D dalvikvm: GC_CONCURRENT freed 437K, 7% free 9945K/10631K, paused 2ms+2ms
07-01 02:15:45.749   145   200 D DhcpInfoInternal: makeLinkProperties with empty dns2!
07-01 02:15:45.749   145   200 D DhcpInfoInternal: makeLinkProperties with empty dns2!
07-01 02:16:44.238 11904 11906 D dalvikvm: GC_CONCURRENT freed 510K, 6% free 10330K/10951K, paused 2ms+2ms
07-01 02:16:47.171 12128 12141 I PhoneLab-: Service Running
07-01 02:16:47.241 12128 12141 I PhoneLab-LoggerService: app_37    1360  1     1436   996   c00f181c 400107b4 S logcat
07-01 02:16:47.241 12128 12141 I PhoneLab-LoggerService: Logcat pid from database 1360
07-01 02:16:47.241 12128 12141 I PhoneLab-LoggerService: Logcat process found 1360
07-01 02:16:47.241 12128 12141 I PhoneLab-LoggerService: Checking Threshold
07-01 02:17:44.339 12064 12065 D dalvikvm: GC_CONCURRENT freed 459K, 6% free 9996K/10631K, paused 1ms+3ms
07-01 02:18:10.640   145   200 D DhcpInfoInternal: makeLinkProperties with empty dns2!
07-01 02:18:10.644   145   200 D DhcpInfoInternal: makeLinkProperties with empty dns2!
07-01 02:18:18.991   345   345 D SAN_SERVICE: *******************************************
07-01 02:18:18.991   345   345 D SAN_SERVICE: DM App Phone Service State - 0
07-01 02:18:18.991   345   345 D SAN_SERVICE: *******************************************
07-01 02:18:19.042   345   345 D SAN_SERVICE: *******************************************
07-01 02:18:19.042   345   345 D SAN_SERVICE: DM App Phone Service State - 0
07-01 02:18:19.042   345   345 D SAN_SERVICE: *******************************************
07-01 02:18:39.159   345   345 D SAN_SERVICE: *******************************************
07-01 02:18:39.159   345   345 D SAN_SERVICE: DM App Phone Service State - 0
07-01 02:18:39.159   345   345 D SAN_SERVICE: *******************************************
07-01 02:18:39.886   345   345 D SAN_SERVICE: *******************************************
07-01 02:18:39.886   345   345 D SAN_SERVICE: DM App Phone Service State - 0
07-01 02:18:39.886   345   345 D SAN_SERVICE: *******************************************
07-01 02:18:44.316 11904 11906 D dalvikvm: GC_CONCURRENT freed 492K, 6% free 10350K/10951K, paused 7ms+3ms
07-01 02:18:44.433 12064 12065 D dalvikvm: GC_CONCURRENT freed 478K, 7% free 9952K/10631K, paused 2ms+2ms
07-01 02:18:47.171 12128 12141 I PhoneLab-: Service Running
07-01 02:18:47.234 12128 12141 I PhoneLab-LoggerService: app_37    1360  1     1436   996   c00f181c 400107b4 S logcat
07-01 02:18:47.234 12128 12141 I PhoneLab-LoggerService: Logcat pid from database 1360
07-01 02:18:47.234 12128 12141 I PhoneLab-LoggerService: Logcat process found 1360
07-01 02:18:47.238 12128 12141 I PhoneLab-LoggerService: Checking Threshold
07-01 02:19:09.917   345   345 D SAN_SERVICE: *******************************************
07-01 02:19:09.917   345   345 D SAN_SERVICE: DM App Phone Service State - 0
07-01 02:19:09.921   345   345 D SAN_SERVICE: *******************************************
07-01 02:19:10.640   345   345 D SAN_SERVICE: *******************************************
07-01 02:19:10.640   345   345 D SAN_SERVICE: DM App Phone Service State - 0
07-01 02:19:10.640   345   345 D SAN_SERVICE: *******************************************
07-01 02:19:30.585   345   345 D SAN_SERVICE: *******************************************
07-01 02:19:30.585   345   345 D SAN_SERVICE: DM App Phone Service State - 0
07-01 02:19:30.585   345   345 D SAN_SERVICE: *******************************************
07-01 02:19:30.855   345   345 D SAN_SERVICE: *******************************************
07-01 02:19:30.855   345   345 D SAN_SERVICE: DM App Phone Service State - 0
07-01 02:19:30.855   345   345 D SAN_SERVICE: *******************************************
07-01 02:19:44.445 11904 11906 D dalvikvm: GC_CONCURRENT freed 421K, 6% free 10332K/10951K, paused 2ms+6ms
07-01 02:20:31.820   345   345 D SAN_SERVICE: *******************************************
07-01 02:20:31.824   345   345 D SAN_SERVICE: DM App Phone Service State - 0
07-01 02:20:31.824   345   345 D SAN_SERVICE: *******************************************
07-01 02:20:32.038   345   345 D SAN_SERVICE: *******************************************
07-01 02:20:32.042   345   345 D SAN_SERVICE: DM App Phone Service State - 0
07-01 02:20:32.042   345   345 D SAN_SERVICE: *******************************************
07-01 02:20:35.542   145   200 D DhcpInfoInternal: makeLinkProperties with empty dns2!
07-01 02:20:35.546   145   200 D DhcpInfoInternal: makeLinkProperties with empty dns2!
07-01 02:20:44.484   145   310 D dalvikvm: GC_EXPLICIT freed 1211K, 14% free 15442K/17927K, paused 2ms+8ms
07-01 02:20:44.632   216   218 D dalvikvm: GC_CONCURRENT freed 452K, 33% free 9685K/14343K, paused 2ms+2ms
07-01 02:20:44.671   216   218 D dalvikvm: GC_CONCURRENT freed 484K, 33% free 9675K/14343K, paused 1ms+2ms
07-01 02:20:44.714 12064 12065 D dalvikvm: GC_CONCURRENT freed 474K, 7% free 9952K/10631K, paused 2ms+2ms
07-01 02:20:44.749   216   218 D dalvikvm: GC_CONCURRENT freed 439K, 33% free 9737K/14343K, paused 2ms+3ms
07-01 02:20:45.183   345   345 D SAN_SERVICE: *******************************************
07-01 02:20:45.183   345   345 D SAN_SERVICE: DM App Phone Service State - 0
07-01 02:20:45.187   345   345 D SAN_SERVICE: *******************************************
07-01 02:20:45.925   345   345 D SAN_SERVICE: *******************************************
07-01 02:20:45.925   345   345 D SAN_SERVICE: DM App Phone Service State - 0
07-01 02:20:45.925   345   345 D SAN_SERVICE: *******************************************
07-01 02:20:47.171 12128 12141 I PhoneLab-: Service Running
07-01 02:20:47.249 12128 12130 D dalvikvm: GC_CONCURRENT freed 413K, 14% free 9135K/10567K, paused 2ms+2ms
07-01 02:20:47.257 12128 12141 I PhoneLab-LoggerService: app_37    1360  1     1436   996   c00f181c 400107b4 S logcat
07-01 02:20:47.257 12128 12141 I PhoneLab-LoggerService: Logcat pid from database 1360
07-01 02:20:47.257 12128 12141 I PhoneLab-LoggerService: Logcat process found 1360
07-01 02:20:47.257 12128 12141 I PhoneLab-LoggerService: Checking Threshold
07-01 02:20:48.702 12064 12065 D dalvikvm: GC_CONCURRENT freed 429K, 7% free 9950K/10631K, paused 1ms+2ms
07-01 02:20:48.734   216   218 D dalvikvm: GC_CONCURRENT freed 558K, 33% free 9671K/14343K, paused 1ms+2ms
07-01 02:20:48.781   216   218 D dalvikvm: GC_CONCURRENT freed 461K, 33% free 9667K/14343K, paused 2ms+2ms
07-01 02:20:48.882   216   218 D dalvikvm: GC_CONCURRENT freed 382K, 32% free 9765K/14343K, paused 2ms+3ms
07-01 02:21:11.074 11904 11906 D dalvikvm: GC_CONCURRENT freed 365K, 6% free 10369K/10951K, paused 5ms+6ms
07-01 02:22:44.531 11904 11906 D dalvikvm: GC_CONCURRENT freed 576K, 6% free 10363K/11015K, paused 1ms+2ms
07-01 02:22:44.648 12064 12065 D dalvikvm: GC_CONCURRENT freed 497K, 7% free 9962K/10631K, paused 2ms+2ms
07-01 02:22:47.171 12128 12141 I PhoneLab-: Service Running
07-01 02:22:47.241 12128 12141 I PhoneLab-LoggerService: app_37    1360  1     1436   996   c00f181c 400107b4 S logcat
07-01 02:22:47.241 12128 12141 I PhoneLab-LoggerService: Logcat pid from database 1360
07-01 02:22:47.241 12128 12141 I PhoneLab-LoggerService: Logcat process found 1360
07-01 02:22:47.241 12128 12141 I PhoneLab-LoggerService: Checking Threshold
07-01 02:23:00.206   145   200 D DhcpInfoInternal: makeLinkProperties with empty dns2!
07-01 02:23:00.206   145   200 D DhcpInfoInternal: makeLinkProperties with empty dns2!
07-01 02:23:44.699 12064 12065 D dalvikvm: GC_CONCURRENT freed 471K, 7% free 9939K/10631K, paused 2ms+2ms
07-01 02:24:36.554  8727  8729 D dalvikvm: GC_CONCURRENT freed 389K, 5% free 10178K/10695K, paused 4ms+3ms
07-01 02:24:36.726   145   157 I ActivityManager: Start proc android.process.acore for content provider com.android.providers.contacts/.ContactsProvider2: pid=12477 uid=10000 gids={3003, 1015}
07-01 02:24:36.769 12477 12477 I ActivityThread: Pub call_log: com.android.providers.contacts.CallLogProvider
07-01 02:24:36.816 12477 12477 I ActivityThread: Pub com.android.voicemail: com.android.providers.contacts.VoicemailContentProvider
07-01 02:24:36.820 12477 12477 I ActivityThread: Pub user_dictionary: com.android.providers.userdictionary.UserDictionaryProvider
07-01 02:24:36.874 12477 12477 I ActivityThread: Pub com.android.social: com.android.providers.contacts.SocialProvider
07-01 02:24:36.878 12477 12477 I ActivityThread: Pub applications: com.android.providers.applications.ApplicationsProvider
07-01 02:24:36.991 12477 12477 I ActivityThread: Pub contacts;com.android.contacts: com.android.providers.contacts.ContactsProvider2
07-01 02:24:37.046 12477 12479 D dalvikvm: GC_CONCURRENT freed 348K, 5% free 9187K/9607K, paused 3ms+3ms
07-01 02:24:37.327 12477 12479 D dalvikvm: GC_CONCURRENT freed 232K, 4% free 9373K/9735K, paused 2ms+3ms
07-01 02:24:38.765  8727  8734 I dalvikvm: Jit: resizing JitTable from 4096 to 8192
07-01 02:24:38.952  8727  8729 D dalvikvm: GC_CONCURRENT freed 418K, 6% free 10214K/10759K, paused 2ms+2ms
07-01 02:24:39.050 12477 12479 D dalvikvm: GC_CONCURRENT freed 238K, 4% free 9554K/9927K, paused 2ms+10ms
07-01 02:24:44.659 11904 11906 D dalvikvm: GC_CONCURRENT freed 509K, 6% free 10365K/11015K, paused 1ms+3ms
07-01 02:24:47.179 12128 12141 I PhoneLab-: Service Running
07-01 02:24:47.296 12128 12141 I PhoneLab-LoggerService: app_37    1360  1     1436   996   c00f181c 400107b4 S logcat
07-01 02:24:47.296 12128 12141 I PhoneLab-LoggerService: Logcat pid from database 1360
07-01 02:24:47.296 12128 12141 I PhoneLab-LoggerService: Logcat process found 1360
07-01 02:24:47.296 12128 12141 I PhoneLab-LoggerService: Checking Threshold
07-01 02:25:25.124   145   200 D DhcpInfoInternal: makeLinkProperties with empty dns2!
07-01 02:25:25.128   145   200 D DhcpInfoInternal: makeLinkProperties with empty dns2!
07-01 02:25:44.784 12064 12065 D dalvikvm: GC_CONCURRENT freed 447K, 6% free 10004K/10631K, paused 6ms+3ms
07-01 02:26:14.421 11904 11906 D dalvikvm: GC_CONCURRENT freed 398K, 6% free 10357K/11015K, paused 14ms+5ms
07-01 02:26:14.921   345   345 D SAN_SERVICE: *******************************************
07-01 02:26:14.921   345   345 D SAN_SERVICE: DM App Phone Service State - 0
07-01 02:26:14.921   345   345 D SAN_SERVICE: *******************************************
07-01 02:26:15.109   345   345 D SAN_SERVICE: *******************************************
07-01 02:26:15.113   345   345 D SAN_SERVICE: DM App Phone Service State - 0
07-01 02:26:15.113   345   345 D SAN_SERVICE: *******************************************
07-01 02:26:44.827 11904 11906 D dalvikvm: GC_CONCURRENT freed 416K, 6% free 10371K/11015K, paused 2ms+6ms
07-01 02:26:44.882 12064 12065 D dalvikvm: GC_CONCURRENT freed 452K, 7% free 9948K/10631K, paused 2ms+2ms
07-01 02:26:47.171 12128 12141 I PhoneLab-: Service Running
07-01 02:26:47.234 12128 12141 I PhoneLab-LoggerService: app_37    1360  1     1436   996   c00f181c 400107b4 S logcat
07-01 02:26:47.234 12128 12141 I PhoneLab-LoggerService: Logcat pid from database 1360
07-01 02:26:47.234 12128 12141 I PhoneLab-LoggerService: Logcat process found 1360
07-01 02:26:47.234 12128 12141 I PhoneLab-LoggerService: Checking Threshold
07-01 02:27:31.687   345   345 D SAN_SERVICE: *******************************************
07-01 02:27:31.687   345   345 D SAN_SERVICE: DM App Phone Service State - 0
07-01 02:27:31.687   345   345 D SAN_SERVICE: *******************************************
07-01 02:27:31.925   345   345 D SAN_SERVICE: *******************************************
07-01 02:27:31.925   345   345 D SAN_SERVICE: DM App Phone Service State - 0
07-01 02:27:31.925   345   345 D SAN_SERVICE: *******************************************
07-01 02:27:44.827  8727  8806 D dalvikvm: GC_EXPLICIT freed 337K, 7% free 10067K/10759K, paused 2ms+4ms
07-01 02:27:49.792   145   200 D DhcpInfoInternal: makeLinkProperties with empty dns2!
07-01 02:27:49.792   145   200 D DhcpInfoInternal: makeLinkProperties with empty dns2!
07-01 02:28:44.831 11904 11906 D dalvikvm: GC_CONCURRENT freed 505K, 6% free 10378K/11015K, paused 2ms+2ms
07-01 02:28:44.964 12064 12065 D dalvikvm: GC_CONCURRENT freed 466K, 7% free 9968K/10631K, paused 1ms+10ms
07-01 02:28:47.171 12128 12141 I PhoneLab-: Service Running
07-01 02:28:47.253 12128 12141 I PhoneLab-LoggerService: app_37    1360  1     1436   996   c00f181c 400107b4 S logcat
07-01 02:28:47.253 12128 12141 I PhoneLab-LoggerService: Logcat pid from database 1360
07-01 02:28:47.253 12128 12141 I PhoneLab-LoggerService: Logcat process found 1360
07-01 02:28:47.253 12128 12141 I PhoneLab-LoggerService: Checking Threshold
07-01 02:29:44.960 12064 12065 D dalvikvm: GC_CONCURRENT freed 479K, 7% free 9959K/10631K, paused 2ms+2ms
07-01 02:29:49.886   345   345 D SAN_SERVICE: *******************************************
07-01 02:29:49.886   345   345 D SAN_SERVICE: DM App Phone Service State - 0
07-01 02:29:49.886   345   345 D SAN_SERVICE: *******************************************
07-01 02:29:52.546 11961 11963 D dalvikvm: GC_CONCURRENT freed 389K, 5% free 10766K/11271K, paused 5ms+3ms
07-01 02:30:10.413   345   345 D SAN_SERVICE: *******************************************
07-01 02:30:10.413   345   345 D SAN_SERVICE: DM App Phone Service State - 0
07-01 02:30:10.413   345   345 D SAN_SERVICE: *******************************************
07-01 02:30:10.648   345   345 D SAN_SERVICE: *******************************************
07-01 02:30:10.648   345   345 D SAN_SERVICE: DM App Phone Service State - 0
07-01 02:30:10.648   345   345 D SAN_SERVICE: *******************************************
07-01 02:30:14.683   145   200 D DhcpInfoInternal: makeLinkProperties with empty dns2!
07-01 02:30:14.691   145   200 D DhcpInfoInternal: makeLinkProperties with empty dns2!
07-01 02:30:43.624   145   161 V BackupManagerService: Running a backup pass
07-01 02:30:43.640   145   215 V BackupManagerService: Backup requested but nothing pending
07-01 02:30:44.964 11904 11906 D dalvikvm: GC_CONCURRENT freed 507K, 6% free 10382K/11015K, paused 2ms+2ms
07-01 02:30:45.070   145   365 D dalvikvm: GC_EXPLICIT freed 1375K, 14% free 15446K/17927K, paused 5ms+7ms
07-01 02:30:45.378   216   218 D dalvikvm: GC_CONCURRENT freed 408K, 32% free 9862K/14343K, paused 3ms+6ms
07-01 02:30:45.464   216   218 D dalvikvm: GC_CONCURRENT freed 554K, 32% free 9852K/14343K, paused 3ms+2ms
07-01 02:30:47.171 12128 12141 I PhoneLab-: Service Running
07-01 02:30:47.253 12128 12141 I PhoneLab-LoggerService: app_37    1360  1     1436   996   c00f181c 400107b4 S logcat
07-01 02:30:47.253 12128 12141 I PhoneLab-LoggerService: Logcat pid from database 1360
07-01 02:30:47.253 12128 12141 I PhoneLab-LoggerService: Logcat process found 1360
07-01 02:30:47.253 12128 12141 I PhoneLab-LoggerService: Checking Threshold
07-01 02:30:49.238 12064 12065 D dalvikvm: GC_CONCURRENT freed 468K, 6% free 9994K/10631K, paused 1ms+2ms
07-01 02:30:49.382   216   218 D dalvikvm: GC_CONCURRENT freed 441K, 32% free 9849K/14343K, paused 1ms+2ms
07-01 02:30:49.445   216   218 D dalvikvm: GC_CONCURRENT freed 502K, 32% free 9810K/14343K, paused 2ms+2ms
07-01 02:30:49.585   216   218 D dalvikvm: GC_CONCURRENT freed 488K, 33% free 9749K/14343K, paused 2ms+16ms
07-01 02:31:45.066 12064 12065 D dalvikvm: GC_CONCURRENT freed 477K, 7% free 9951K/10631K, paused 2ms+2ms
07-01 02:31:51.913 12128 12128 I PhoneLab-Locks: wake lock acquired
07-01 02:31:51.972 12128 12573 I PhoneLab-PeriodicCheckService: User info is synched
07-01 02:31:51.992 12128 12573 I PhoneLab-PeriodicCheckService: Logger Service is running
07-01 02:31:51.995 12128 12128 I PhoneLab-Locks: wake lock acquired
07-01 02:31:51.995 12128 12128 I PhoneLab-StatusMonitor: Status Monitoring is started
07-01 02:31:51.999 12128 12573 I PhoneLab-Locks: wake lock acquired
07-01 02:31:52.003 12128 12573 I PhoneLab-PeriodicCheckService: Rescheduling periodic checking...
07-01 02:31:52.003 12128 12573 I PhoneLab-Locks: wake lock released
07-01 02:31:52.019 12128 12128 E PhoneLab-PhoneLabManifest: java.io.FileNotFoundException: /data/data/edu.buffalo.cse.phonelab.phonelabservices/files/manifest.xml: open failed: ENOENT (No such file or directory)
07-01 02:31:52.034 12128 12128 I PhoneLab-Locks: wake lock released
07-01 02:31:52.034 12128 12128 I PhoneLab-UploadLogs: Transfering log files now
07-01 02:31:52.034 12128 12128 I PhoneLab-UploadLogs: No log files to transfer
07-01 02:31:52.034 12128 12128 I PhoneLab-Locks: wake lock released
07-01 02:31:52.034 12128 12128 I PhoneLab-UploadLogs: OnStartCommand
07-01 02:32:39.570   145   200 D DhcpInfoInternal: makeLinkProperties with empty dns2!
07-01 02:32:39.574   145   200 D DhcpInfoInternal: makeLinkProperties with empty dns2!
07-01 02:32:45.058 11904 11906 D dalvikvm: GC_CONCURRENT freed 441K, 6% free 10453K/11015K, paused 1ms+2ms
07-01 02:32:47.171 12128 12141 I PhoneLab-: Service Running
07-01 02:32:47.261 12128 12141 I PhoneLab-LoggerService: app_37    1360  1     1436   996   c00f181c 400107b4 S logcat
07-01 02:32:47.261 12128 12141 I PhoneLab-LoggerService: Logcat pid from database 1360
07-01 02:32:47.261 12128 12141 I PhoneLab-LoggerService: Logcat process found 1360
07-01 02:32:47.261 12128 12141 I PhoneLab-LoggerService: Checking Threshold
07-01 02:32:47.269 12128 12130 D dalvikvm: GC_CONCURRENT freed 391K, 14% free 9134K/10567K, paused 2ms+2ms
07-01 02:33:45.199 12064 12065 D dalvikvm: GC_CONCURRENT freed 461K, 6% free 9997K/10631K, paused 2ms+2ms
07-01 02:34:45.167 11904 11906 D dalvikvm: GC_CONCURRENT freed 587K, 7% free 10414K/11079K, paused 6ms+2ms
07-01 02:34:45.288 12064 12065 D dalvikvm: GC_CONCURRENT freed 475K, 7% free 9950K/10631K, paused 2ms+1ms
07-01 02:34:47.171 12128 12141 I PhoneLab-: Service Running
07-01 02:34:47.234   145   396 I ActivityManager: Process com.android.sprintmenu (pid 11523) has died.
07-01 02:34:47.234   145   396 W ActivityManager: Scheduling restart of crashed service com.android.sprintmenu/.HiddenPhoneService in 5000ms
07-01 02:34:47.452 12128 12141 I PhoneLab-LoggerService: app_37    1360  1     1436   996   c00f181c 400107b4 S logcat
07-01 02:34:47.452 12128 12141 I PhoneLab-LoggerService: Logcat pid from database 1360
07-01 02:34:47.452 12128 12141 I PhoneLab-LoggerService: Logcat process found 1360
07-01 02:34:47.456 12128 12141 I PhoneLab-LoggerService: Checking Threshold
07-01 02:34:52.304   145   162 I ActivityManager: Start proc com.android.sprintmenu for service com.android.sprintmenu/.HiddenPhoneService: pid=12601 uid=1001 gids={3002, 3001, 3003, 1015}
07-01 02:35:04.452   145   200 D DhcpInfoInternal: makeLinkProperties with empty dns2!
07-01 02:35:04.456   145   200 D DhcpInfoInternal: makeLinkProperties with empty dns2!
07-01 02:35:45.335 11904 11906 D dalvikvm: GC_CONCURRENT freed 448K, 7% free 10393K/11079K, paused 2ms+6ms
07-01 02:36:45.359 11904 11906 D dalvikvm: GC_CONCURRENT freed 457K, 7% free 10377K/11079K, paused 2ms+15ms
07-01 02:36:45.398 12064 12065 D dalvikvm: GC_CONCURRENT freed 501K, 7% free 9960K/10631K, paused 2ms+3ms
07-01 02:36:47.171 12128 12141 I PhoneLab-: Service Running
07-01 02:36:47.238 12128 12141 I PhoneLab-LoggerService: app_37    1360  1     1436   996   c00f181c 400107b4 S logcat
07-01 02:36:47.238 12128 12141 I PhoneLab-LoggerService: Logcat pid from database 1360
07-01 02:36:47.238 12128 12141 I PhoneLab-LoggerService: Logcat process found 1360
07-01 02:36:47.238 12128 12141 I PhoneLab-LoggerService: Checking Threshold
07-01 02:37:29.343   145   200 D DhcpInfoInternal: makeLinkProperties with empty dns2!
07-01 02:37:29.355   145   200 D DhcpInfoInternal: makeLinkProperties with empty dns2!
07-01 02:37:45.316 12064 12076 D dalvikvm: GC_EXPLICIT freed 235K, 7% free 9902K/10631K, paused 2ms+3ms
07-01 02:38:45.374 11904 11906 D dalvikvm: GC_CONCURRENT freed 503K, 7% free 10385K/11079K, paused 2ms+2ms
07-01 02:38:45.480 12064 12065 D dalvikvm: GC_CONCURRENT freed 414K, 7% free 9993K/10631K, paused 1ms+3ms
07-01 02:38:47.171 12128 12141 I PhoneLab-: Service Running
07-01 02:38:47.242 12128 12141 I PhoneLab-LoggerService: app_37    1360  1     1436   996   c00f181c 400107b4 S logcat
07-01 02:38:47.242 12128 12141 I PhoneLab-LoggerService: Logcat pid from database 1360
07-01 02:38:47.242 12128 12141 I PhoneLab-LoggerService: Logcat process found 1360
07-01 02:38:47.242 12128 12141 I PhoneLab-LoggerService: Checking Threshold
07-01 02:39:07.589  8727  9064 I EventLogService: Aggregate from 1341122947446 (log), 1341122947446 (data)
07-01 02:39:45.495 12064 12065 D dalvikvm: GC_CONCURRENT freed 490K, 7% free 9961K/10631K, paused 2ms+2ms
07-01 02:39:54.218   145   200 D DhcpInfoInternal: makeLinkProperties with empty dns2!
07-01 02:39:54.226   145   200 D DhcpInfoInternal: makeLinkProperties with empty dns2!
07-01 02:40:45.488 11904 11906 D dalvikvm: GC_CONCURRENT freed 514K, 7% free 10383K/11079K, paused 2ms+2ms
07-01 02:40:47.171 12128 12141 I PhoneLab-: Service Running
07-01 02:40:47.234 12128 12141 I PhoneLab-LoggerService: app_37    1360  1     1436   996   c00f181c 400107b4 S logcat
07-01 02:40:47.234 12128 12141 I PhoneLab-LoggerService: Logcat pid from database 1360
07-01 02:40:47.234 12128 12141 I PhoneLab-LoggerService: Logcat process found 1360
07-01 02:40:47.238 12128 12141 I PhoneLab-LoggerService: Checking Threshold
07-01 02:41:45.644   145   310 D dalvikvm: GC_EXPLICIT freed 1282K, 14% free 15433K/17927K, paused 9ms+7ms
07-01 02:41:45.738   216   218 D dalvikvm: GC_CONCURRENT freed 534K, 33% free 9691K/14343K, paused 1ms+2ms
07-01 02:41:45.784   216   218 D dalvikvm: GC_CONCURRENT freed 488K, 33% free 9675K/14343K, paused 2ms+3ms
07-01 02:41:45.788 12064 12065 D dalvikvm: GC_CONCURRENT freed 486K, 7% free 9952K/10631K, paused 1ms+15ms
07-01 02:41:45.855   216   218 D dalvikvm: GC_CONCURRENT freed 339K, 32% free 9816K/14343K, paused 1ms+6ms
07-01 02:41:46.687   145   156 I ActivityManager: Process com.google.android.apps.maps:NetworkLocationService (pid 11904) has died.
07-01 02:41:46.687   145   156 W ActivityManager: Scheduling restart of crashed service com.google.android.apps.maps/com.google.android.location.internal.server.NetworkLocationService in 5000ms
07-01 02:41:46.706   145   503 W GpsLocationProvider: Unneeded remove listener for uid 1000
07-01 02:41:46.972   216   218 D dalvikvm: GC_CONCURRENT freed 432K, 32% free 9852K/14343K, paused 2ms+3ms
07-01 02:41:47.031   216   218 D dalvikvm: GC_CONCURRENT freed 477K, 32% free 9801K/14343K, paused 2ms+2ms
07-01 02:41:51.738   145   162 I ActivityManager: Start proc com.google.android.apps.maps:NetworkLocationService for service com.google.android.apps.maps/com.google.android.location.internal.server.NetworkLocationService: pid=12690 uid=10056 gids={3003, 1015}
07-01 02:41:51.890 12690 12693 D dalvikvm: GC_CONCURRENT freed 161K, 3% free 9375K/9607K, paused 3ms+2ms
07-01 02:41:52.367 12690 12693 D dalvikvm: GC_CONCURRENT freed 191K, 3% free 9704K/9991K, paused 3ms+3ms
07-01 02:41:52.593 12690 12693 D dalvikvm: GC_CONCURRENT freed 145K, 3% free 10091K/10311K, paused 2ms+3ms
07-01 02:41:52.749 12690 12693 D dalvikvm: GC_CONCURRENT freed 656K, 8% free 9886K/10631K, paused 1ms+2ms
07-01 02:41:52.855   145   162 I ActivityManager: Start proc com.google.android.apps.maps:FriendService for broadcast com.google.android.apps.maps/com.google.googlenav.friend.android.ServiceReceiver: pid=12711 uid=10056 gids={3003, 1015}
07-01 02:41:52.972 12711 12712 D dalvikvm: GC_CONCURRENT freed 163K, 3% free 9372K/9607K, paused 2ms+2ms
07-01 02:41:53.077 12711 12712 D dalvikvm: GC_CONCURRENT freed 177K, 3% free 9648K/9927K, paused 1ms+1ms
07-01 02:41:53.136 12690 12697 I dalvikvm: Total arena pages for JIT: 11
07-01 02:41:53.144 12690 12697 I dalvikvm: Total arena pages for JIT: 12
07-01 02:41:53.148 12690 12697 I dalvikvm: Total arena pages for JIT: 13
07-01 02:41:53.148 12690 12697 I dalvikvm: Total arena pages for JIT: 14
07-01 02:41:53.148 12690 12697 I dalvikvm: Total arena pages for JIT: 15
07-01 02:41:53.148 12690 12697 I dalvikvm: Total arena pages for JIT: 16
07-01 02:41:53.148 12690 12697 I dalvikvm: Total arena pages for JIT: 17
07-01 02:41:53.206   145   310 I ActivityManager: Process com.whatsapp (pid 11876) has died.
07-01 02:41:53.210   145   310 W ActivityManager: Scheduling restart of crashed service com.whatsapp/.messaging.MessageService in 5000ms
07-01 02:41:53.359 12690 12697 I dalvikvm: Total arena pages for JIT: 18
07-01 02:41:53.472 12690 12693 D dalvikvm: GC_CONCURRENT freed 260K, 5% free 10128K/10631K, paused 2ms+3ms
07-01 02:41:54.874   145   503 W GpsLocationProvider: Duplicate add listener for uid 10056
07-01 02:41:54.937 12690 12693 D dalvikvm: GC_CONCURRENT freed 476K, 6% free 10144K/10695K, paused 2ms+39ms
07-01 02:41:54.952   216   218 D dalvikvm: GC_CONCURRENT freed 549K, 33% free 9688K/14343K, paused 1ms+3ms
07-01 02:41:55.011   216   216 D dalvikvm: GC_FOR_ALLOC freed 363K, 33% free 9677K/14343K, paused 16ms
07-01 02:41:55.058   216   218 D dalvikvm: GC_CONCURRENT freed 468K, 33% free 9676K/14343K, paused 1ms+2ms
07-01 02:41:55.077 12064 12065 D dalvikvm: GC_CONCURRENT freed 450K, 6% free 10009K/10631K, paused 1ms+3ms
07-01 02:41:55.128   216   218 D dalvikvm: GC_CONCURRENT freed 411K, 33% free 9729K/14343K, paused 2ms+2ms
07-01 02:41:56.890 12064 12065 D dalvikvm: GC_CONCURRENT freed 480K, 7% free 9968K/10631K, paused 2ms+2ms
07-01 02:41:58.101   216   218 D dalvikvm: GC_CONCURRENT freed 348K, 32% free 9850K/14343K, paused 2ms+3ms
07-01 02:41:58.163   216   218 D dalvikvm: GC_CONCURRENT freed 478K, 32% free 9796K/14343K, paused 2ms+3ms
07-01 02:41:58.222   145   162 I ActivityManager: Start proc com.whatsapp for service com.whatsapp/.messaging.MessageService: pid=12730 uid=10068 gids={1015, 3003}
07-01 02:41:58.230 12730 12730 I dalvikvm: Turning on JNI app bug workarounds for target SDK version 7...
07-01 02:41:58.531 12730 12733 D dalvikvm: GC_CONCURRENT freed 174K, 3% free 9362K/9607K, paused 8ms+2ms
07-01 02:41:58.843 12730 12733 D dalvikvm: GC_CONCURRENT freed 282K, 4% free 9635K/9991K, paused 4ms+2ms
07-01 02:41:59.218 12730 12730 I dalvikvm: Could not find method android.media.MediaMetadataRetriever.captureFrame, referenced from method com.whatsapp.q3.a
07-01 02:41:59.218 12730 12730 W dalvikvm: VFY: unable to resolve virtual method 501: Landroid/media/MediaMetadataRetriever;.captureFrame ()Landroid/graphics/Bitmap;
07-01 02:41:59.218 12730 12730 D dalvikvm: VFY: replacing opcode 0x6e at 0x0134
07-01 02:41:59.378 12730 12733 D dalvikvm: GC_CONCURRENT freed 445K, 6% free 9727K/10247K, paused 2ms+3ms
07-01 02:41:59.558 12730 12733 D dalvikvm: GC_CONCURRENT freed 168K, 3% free 9989K/10247K, paused 2ms+4ms
07-01 02:42:18.882   145   200 D DhcpInfoInternal: makeLinkProperties with empty dns2!
07-01 02:42:18.882   145   200 D DhcpInfoInternal: makeLinkProperties with empty dns2!
07-01 02:42:20.003  8727  8729 D dalvikvm: GC_CONCURRENT freed 303K, 6% free 10149K/10759K, paused 2ms+8ms
07-01 02:42:20.531 12690 12693 D dalvikvm: GC_CONCURRENT freed 305K, 4% free 10292K/10695K, paused 6ms+7ms
07-01 02:42:21.480   145   329 I ActivityManager: Process com.google.android.apps.googlevoice (pid 11940) has died.
07-01 02:42:21.488   145   329 W ActivityManager: Scheduling restart of crashed service com.google.android.apps.googlevoice/.CallLogService in 5000ms
07-01 02:42:26.542   145   162 I ActivityManager: Start proc com.google.android.apps.googlevoice for service com.google.android.apps.googlevoice/.CallLogService: pid=12779 uid=10054 gids={3003, 1015}
07-01 02:42:26.937 12779 12782 D dalvikvm: GC_CONCURRENT freed 239K, 4% free 9296K/9607K, paused 16ms+67ms
07-01 02:42:47.171 12128 12141 I PhoneLab-: Service Running
07-01 02:42:47.253   145   395 I ActivityManager: Process com.xabber.androiddev (pid 11652) has died.
07-01 02:42:47.253   145   395 W ActivityManager: Scheduling restart of crashed service com.xabber.androiddev/com.xabber.android.service.XMPPService in 5000ms
07-01 02:42:47.300 12128 12141 I PhoneLab-LoggerService: app_37    1360  1     1436   996   c00f181c 400107b4 S logcat
07-01 02:42:47.304 12128 12141 I PhoneLab-LoggerService: Logcat pid from database 1360
07-01 02:42:47.304 12128 12141 I PhoneLab-LoggerService: Logcat process found 1360
07-01 02:42:47.304 12128 12141 I PhoneLab-LoggerService: Checking Threshold
07-01 02:42:52.316 12801 12801 D dalvikvm: Late-enabling CheckJNI
07-01 02:42:52.331   145   162 I ActivityManager: Start proc com.xabber.androiddev for service com.xabber.androiddev/com.xabber.android.service.XMPPService: pid=12801 uid=10063 gids={3003, 1015}
07-01 02:42:52.406 12801 12801 I dalvikvm: Turning on JNI app bug workarounds for target SDK version 9...
07-01 02:42:52.820 12801 12803 D dalvikvm: GC_CONCURRENT freed 223K, 4% free 9313K/9607K, paused 7ms+2ms
07-01 02:42:52.843 12801 12801 D dalvikvm: GC_FOR_ALLOC freed 299K, 6% free 9427K/9927K, paused 13ms
07-01 02:42:52.949 12801 12803 D dalvikvm: GC_CONCURRENT freed 192K, 3% free 9774K/10055K, paused 2ms+2ms
07-01 02:42:53.062 12801 12803 D dalvikvm: GC_CONCURRENT freed 400K, 5% free 9904K/10375K, paused 1ms+2ms
07-01 02:42:53.156 12801 12801 I com.xabber.android.service.XMPPService@41378570: onCreate
07-01 02:42:53.159 12801 12801 I com.xabber.android.data.Application@4136f210: onStart
07-01 02:42:53.167   145  1150 I ActivityManager: Process com.google.android.maps.mytracks (pid 12170) has died.
07-01 02:42:53.187 12801 12815 I com.xabber.android.data.LogManager@41376158: onLoad
07-01 02:42:53.343 12801 12803 D dalvikvm: GC_CONCURRENT freed 191K, 4% free 10120K/10439K, paused 7ms+5ms
07-01 02:42:54.468 12801 12803 D dalvikvm: GC_CONCURRENT freed 274K, 4% free 10300K/10695K, paused 14ms+2ms
07-01 02:42:55.132 12064 12065 D dalvikvm: GC_CONCURRENT freed 468K, 6% free 9995K/10631K, paused 2ms+2ms
07-01 02:43:29.238  1248  2577 I SqliteDatabaseCpp: sqlite returned: error code = 1, msg = no such column: wipeout_stats, db=/data/data/com.google.android.apps.plus/databases/picasa.db
07-01 02:43:29.238  1248  2577 W System.err: android.database.sqlite.SQLiteException: no such column: wipeout_stats: , while compiling: SELECT wipeout_stats  FROM account_status
07-01 02:43:29.452  1248  2577 W System.err: 	at android.database.sqlite.SQLiteCompiledSql.native_compile(Native Method)
07-01 02:43:29.452  1248  2577 W System.err: 	at android.database.sqlite.SQLiteCompiledSql.<init>(SQLiteCompiledSql.java:68)
07-01 02:43:29.456  1248  2577 W System.err: 	at android.database.sqlite.SQLiteProgram.compileSql(SQLiteProgram.java:143)
07-01 02:43:29.456  1248  2577 W System.err: 	at android.database.sqlite.SQLiteProgram.compileAndbindAllArgs(SQLiteProgram.java:361)
07-01 02:43:29.456  1248  2577 W System.err: 	at android.database.sqlite.SQLiteStatement.acquireAndLock(SQLiteStatement.java:260)
07-01 02:43:29.456  1248  2577 W System.err: 	at android.database.sqlite.SQLiteStatement.simpleQueryForLong(SQLiteStatement.java:137)
07-01 02:43:29.456  1248  2577 W System.err: 	at android.database.DatabaseUtils.longForQuery(DatabaseUtils.java:791)
07-01 02:43:29.456  1248  2577 W System.err: 	at android.database.DatabaseUtils.longForQuery(DatabaseUtils.java:779)
07-01 02:43:29.456  1248  2577 W System.err: 	at com.google.android.apps.plus.content.EsAccountsData.isContactsStatsWipeoutNeeded(EsAccountsData.java:641)
07-01 02:43:29.456  1248  2577 W System.err: 	at com.google.android.apps.plus.service.EsService.processIntent(EsService.java:4246)
07-01 02:43:29.456  1248  2577 W System.err: 	at com.google.android.apps.plus.service.ServiceThread$1.run(ServiceThread.java:50)
07-01 02:43:29.456  1248  2577 W System.err: 	at android.os.Handler.handleCallback(Handler.java:605)
07-01 02:43:29.456  1248  2577 W System.err: 	at android.os.Handler.dispatchMessage(Handler.java:92)
07-01 02:43:29.460  1248  2577 W System.err: 	at android.os.Looper.loop(Looper.java:137)
07-01 02:43:29.460  1248  2577 W System.err: 	at com.google.android.apps.plus.service.ServiceThread.run(ServiceThread.java:122)
07-01 02:43:36.027  1248  1250 D dalvikvm: GC_CONCURRENT freed 1773K, 23% free 20266K/26247K, paused 50ms+12ms
07-01 02:43:40.093  1248  1250 D dalvikvm: GC_CONCURRENT freed 1295K, 21% free 20945K/26247K, paused 15ms+6ms
07-01 02:43:41.835  1248  1250 D dalvikvm: GC_CONCURRENT freed 1560K, 19% free 21311K/26247K, paused 2ms+6ms
07-01 02:43:44.316  1248  1250 D dalvikvm: GC_CONCURRENT freed 2538K, 22% free 20702K/26247K, paused 4ms+9ms
07-01 02:43:45.257  1248 12823 I SqliteDatabaseCpp: sqlite returned: error code = 1, msg = no such column: last_stats_sync_time, db=/data/data/com.google.android.apps.plus/databases/picasa.db
07-01 02:43:45.284  1248 12823 E EsSyncAdapterService: Sync failure
07-01 02:43:45.284  1248 12823 E EsSyncAdapterService: android.database.sqlite.SQLiteException: no such column: last_stats_sync_time: , while compiling: SELECT last_stats_sync_time  FROM account_status
07-01 02:43:45.284  1248 12823 E EsSyncAdapterService: 	at android.database.sqlite.SQLiteCompiledSql.native_compile(Native Method)
07-01 02:43:45.284  1248 12823 E EsSyncAdapterService: 	at android.database.sqlite.SQLiteCompiledSql.<init>(SQLiteCompiledSql.java:68)
07-01 02:43:45.284  1248 12823 E EsSyncAdapterService: 	at android.database.sqlite.SQLiteProgram.compileSql(SQLiteProgram.java:143)
07-01 02:43:45.284  1248 12823 E EsSyncAdapterService: 	at android.database.sqlite.SQLiteProgram.compileAndbindAllArgs(SQLiteProgram.java:361)
07-01 02:43:45.284  1248 12823 E EsSyncAdapterService: 	at android.database.sqlite.SQLiteStatement.acquireAndLock(SQLiteStatement.java:260)
07-01 02:43:45.284  1248 12823 E EsSyncAdapterService: 	at android.database.sqlite.SQLiteStatement.simpleQueryForLong(SQLiteStatement.java:137)
07-01 02:43:45.284  1248 12823 E EsSyncAdapterService: 	at android.database.DatabaseUtils.longForQuery(DatabaseUtils.java:791)
07-01 02:43:45.284  1248 12823 E EsSyncAdapterService: 	at android.database.DatabaseUtils.longForQuery(DatabaseUtils.java:779)
07-01 02:43:45.284  1248 12823 E EsSyncAdapterService: 	at com.google.android.apps.plus.content.EsAccountsData.queryLastStatsSyncTimestamp(EsAccountsData.java:570)
07-01 02:43:45.284  1248 12823 E EsSyncAdapterService: 	at com.google.android.apps.plus.service.EsSyncAdapterService.syncContactsStatsIfNecessary(EsSyncAdapterService.java:670)
07-01 02:43:45.284  1248 12823 E EsSyncAdapterService: 	at com.google.android.apps.plus.service.EsSyncAdapterService.doFullSync(EsSyncAdapterService.java:633)
07-01 02:43:45.284  1248 12823 E EsSyncAdapterService: 	at com.google.android.apps.plus.service.EsSyncAdapterService.doSync(EsSyncAdapterService.java:566)
07-01 02:43:45.284  1248 12823 E EsSyncAdapterService: 	at com.google.android.apps.plus.service.EsSyncAdapterService.access$100(EsSyncAdapterService.java:52)
07-01 02:43:45.284  1248 12823 E EsSyncAdapterService: 	at com.google.android.apps.plus.service.EsSyncAdapterService$SyncAdapterImpl.onPerformSync(EsSyncAdapterService.java:408)
07-01 02:43:45.284  1248 12823 E EsSyncAdapterService: 	at android.content.AbstractThreadedSyncAdapter$SyncThread.run(AbstractThreadedSyncAdapter.java:247)
07-01 02:43:45.308   145   169 D SyncManager: failed sync operation lokeshmandvekar@gmail.com (com.google), com.google.android.apps.plus.content.EsProvider, SERVER, earliestRunTime 16200117, SyncResult: stats [ numParseExceptions: 1]
07-01 02:43:45.312   145   169 D SyncManager: not retrying sync operation because the error is a hard error: lokeshmandvekar@gmail.com (com.google), com.google.android.apps.plus.content.EsProvider, SERVER, earliestRunTime 16216197
07-01 02:43:50.605   145   361 D dalvikvm: GC_EXPLICIT freed 1510K, 15% free 15360K/17927K, paused 7ms+6ms
07-01 02:43:50.902 12477 12479 D dalvikvm: GC_CONCURRENT freed 482K, 7% free 9505K/10119K, paused 6ms+8ms
07-01 02:43:51.386  1248  1250 D dalvikvm: GC_CONCURRENT freed 2444K, 24% free 20184K/26247K, paused 3ms+9ms
07-01 02:43:51.472  1248  2249 D dalvikvm: GC_EXPLICIT freed 68K, 24% free 20120K/26247K, paused 4ms+8ms
07-01 02:43:52.296 12730 12733 D dalvikvm: GC_CONCURRENT freed 559K, 7% free 9891K/10567K, paused 14ms+3ms
07-01 02:43:52.472 12477 12479 D dalvikvm: GC_CONCURRENT freed 329K, 6% free 9561K/10119K, paused 1ms+2ms
07-01 02:43:53.308 12730 12733 D dalvikvm: GC_CONCURRENT freed 339K, 6% free 9938K/10567K, paused 3ms+3ms
07-01 02:43:55.062 12690 12693 D dalvikvm: GC_CONCURRENT freed 489K, 6% free 10325K/10887K, paused 1ms+2ms
07-01 02:43:55.210 12064 12065 D dalvikvm: GC_CONCURRENT freed 492K, 7% free 9992K/10631K, paused 2ms+2ms
07-01 02:43:58.093 12730 12733 D dalvikvm: GC_CONCURRENT freed 315K, 6% free 10008K/10567K, paused 2ms+2ms
07-01 02:43:58.179 12477 12825 D dalvikvm: GC_EXPLICIT freed 263K, 7% free 9483K/10119K, paused 5ms+3ms
07-01 02:44:31.523   145  1150 I ActivityManager: Start proc com.google.android.gsf.login for service com.google.android.gsf.login/com.google.android.gsf.loginservice.GoogleLoginService: pid=12835 uid=10009 gids={3003, 1015, 1007, 2001, 3006}
07-01 02:44:43.632   145  9966 I ActivityManager: Process com.facebook.katana (pid 11961) has died.
07-01 02:44:43.632   145  9966 W ActivityManager: Scheduling restart of crashed service com.facebook.katana/.service.MediaUploadService in 5000ms
07-01 02:44:43.769   145   200 D DhcpInfoInternal: makeLinkProperties with empty dns2!
07-01 02:44:43.769   145   200 D DhcpInfoInternal: makeLinkProperties with empty dns2!
07-01 02:44:47.199 12128 12141 I PhoneLab-: Service Running
07-01 02:44:47.277 12128 12141 I PhoneLab-LoggerService: app_37    1360  1     1436   996   c00f181c 400107b4 S logcat
07-01 02:44:47.277 12128 12141 I PhoneLab-LoggerService: Logcat pid from database 1360
07-01 02:44:47.277 12128 12141 I PhoneLab-LoggerService: Logcat process found 1360
07-01 02:44:47.277 12128 12141 I PhoneLab-LoggerService: Checking Threshold
07-01 02:44:48.691   145   162 I ActivityManager: Start proc com.facebook.katana for service com.facebook.katana/.service.MediaUploadService: pid=12870 uid=10071 gids={3003, 1006, 1015}
07-01 02:44:48.699 12870 12870 I dalvikvm: Turning on JNI app bug workarounds for target SDK version 7...
07-01 02:44:48.890 12870 12872 D dalvikvm: GC_CONCURRENT freed 171K, 3% free 9365K/9607K, paused 10ms+2ms
07-01 02:44:49.023 12870 12872 D dalvikvm: GC_CONCURRENT freed 131K, 3% free 9663K/9927K, paused 1ms+2ms
07-01 02:44:49.113 12870 12870 I ActivityThread: Pub com.facebook.katana.provider.LoggingProvider: com.facebook.katana.provider.LoggingProvider
07-01 02:44:49.136 12870 12870 I ActivityThread: Pub com.facebook.katana.provider.KeyValueProvider: com.facebook.katana.provider.KeyValueProvider
07-01 02:44:49.140 12870 12870 I ActivityThread: Pub com.facebook.katana.provider.CacheProvider: com.facebook.katana.provider.CacheProvider
07-01 02:44:49.144 12870 12870 I ActivityThread: Pub com.facebook.katana.provider.MailboxProvider: com.facebook.katana.provider.MailboxProvider
07-01 02:44:49.163 12870 12870 I ActivityThread: Pub com.facebook.katana.provider.UserStatusesProvider: com.facebook.katana.provider.UserStatusesProvider
07-01 02:44:49.163 12870 12870 I ActivityThread: Pub com.facebook.katana.provider.EventsProvider: com.facebook.katana.provider.EventsProvider
07-01 02:44:49.167 12870 12870 I ActivityThread: Pub com.facebook.katana.provider.NotificationsProvider: com.facebook.katana.provider.NotificationsProvider
07-01 02:44:49.183 12870 12870 I ActivityThread: Pub com.facebook.katana.provider.UserValuesProvider: com.facebook.katana.provider.UserValuesProvider
07-01 02:44:49.187 12870 12870 I ActivityThread: Pub com.facebook.katana.provider.PagesProvider: com.facebook.katana.provider.PagesProvider
07-01 02:44:49.191 12870 12870 I ActivityThread: Pub com.facebook.katana.provider.MobileEventLogProvider: com.facebook.katana.provider.MobileEventLogProvider
07-01 02:44:49.191 12870 12870 I ActivityThread: Pub com.facebook.katana.provider.PushNotificationsProvider: com.facebook.katana.provider.PushNotificationsProvider
07-01 02:44:49.195 12870 12870 I ActivityThread: Pub com.facebook.katana.provider.PhotosProvider: com.facebook.katana.provider.PhotosProvider
07-01 02:44:49.202 12870 12870 I ActivityThread: Pub com.facebook.katana.provider.ConnectionsProvider: com.facebook.katana.provider.ConnectionsProvider
07-01 02:44:49.234 12870 12870 I ActivityThread: Pub com.facebook.orca.notify.FbandroidMessagesForegroundProvider: com.facebook.orca.notify.FbandroidMessagesForegroundProvider
07-01 02:44:49.339 12870 12870 D ACRA    : Retrieve application default SharedPreferences.
07-01 02:44:49.370 12870 12870 D ACRA    : Set OnSharedPreferenceChangeListener.
07-01 02:44:49.402 12870 12870 D ACRA    : ACRA is enabled for com.facebook.katana, intializing...
07-01 02:44:49.492 12870 12870 D ACRA    : Looking for error files in /data/data/com.facebook.katana/app_acra-reports
07-01 02:44:49.648 12870 12870 W nalizableReferenceQueue: Could not load Finalizer in its own class loader.Loading Finalizer in the current class loader instead. As a result, you will not be ableto garbage collect this class loader. To support reclaiming this class loader, eitherresolve the underlying issue, or move Google Collections to your system class path.
07-01 02:44:49.648 12870 12870 W nalizableReferenceQueue: java.io.FileNotFoundException: com/google/common/base/internal/Finalizer.class
07-01 02:44:49.648 12870 12870 W nalizableReferenceQueue: 	at com.google.common.base.FinalizableReferenceQueue$DecoupledLoader.getBaseUrl(FinalizableReferenceQueue.java:243)
07-01 02:44:49.648 12870 12870 W nalizableReferenceQueue: 	at com.google.common.base.FinalizableReferenceQueue$DecoupledLoader.loadFinalizer(FinalizableReferenceQueue.java:227)
07-01 02:44:49.648 12870 12870 W nalizableReferenceQueue: 	at com.google.common.base.FinalizableReferenceQueue.loadFinalizer(FinalizableReferenceQueue.java:155)
07-01 02:44:49.648 12870 12870 W nalizableReferenceQueue: 	at com.google.common.base.FinalizableReferenceQueue.<clinit>(FinalizableReferenceQueue.java:84)
07-01 02:44:49.648 12870 12870 W nalizableReferenceQueue: 	at com.google.common.collect.CustomConcurrentHashMap$QueueHolder.<clinit>(CustomConcurrentHashMap.java:650)
07-01 02:44:49.648 12870 12870 W nalizableReferenceQueue: 	at com.google.common.collect.CustomConcurrentHashMap$WeakEntry.<init>(CustomConcurrentHashMap.java:1342)
07-01 02:44:49.648 12870 12870 W nalizableReferenceQueue: 	at com.google.common.collect.CustomConcurrentHashMap$EntryFactory$9.newEntry(CustomConcurrentHashMap.java:453)
07-01 02:44:49.648 12870 12870 W nalizableReferenceQueue: 	at com.google.common.collect.CustomConcurrentHashMap.a(CustomConcurrentHashMap.java:1715)
07-01 02:44:49.648 12870 12870 W nalizableReferenceQueue: 	at com.google.common.collect.ComputingConcurrentHashMap$ComputingSegment.a(ComputingConcurrentHashMap.java:123)
07-01 02:44:49.648 12870 12870 W nalizableReferenceQueue: 	at com.google.common.collect.ComputingConcurrentHashMap.apply(ComputingConcurrentHashMap.java:71)
07-01 02:44:49.648 12870 12870 W nalizableReferenceQueue: 	at com.google.common.collect.MapMaker$ComputingMapAdapter.get(MapMaker.java:848)
07-01 02:44:49.648 12870 12870 W nalizableReferenceQueue: 	at com.google.inject.internal.Annotations$AnnotationChecker.a(Annotations.java:94)
07-01 02:44:49.648 12870 12870 W nalizableReferenceQueue: 	at com.google.inject.internal.Annotations.c(Annotations.java:112)
07-01 02:44:49.648 12870 12870 W nalizableReferenceQueue: 	at com.google.inject.Key.d(Key.java:369)
07-01 02:44:49.648 12870 12870 W nalizableReferenceQueue: 	at com.google.inject.Key.b(Key.java:356)
07-01 02:44:49.648 12870 12870 W nalizableReferenceQueue: 	at com.google.inject.Key.a(Key.java:267)
07-01 02:44:49.648 12870 12870 W nalizableReferenceQueue: 	at com.facebook.orca.inject.binder.AnnotatedBindingBuilderImpl.a(AnnotatedBindingBuilderImpl.java:22)
07-01 02:44:49.648 12870 12870 W nalizableReferenceQueue: 	at com.facebook.orca.app.FbBaseModule.a(FbBaseModule.java:74)
07-01 02:44:49.648 12870 12870 W nalizableReferenceQueue: 	at com.facebook.orca.inject.AbstractModule.a(AbstractModule.java:19)
07-01 02:44:49.648 12870 12870 W nalizableReferenceQueue: 	at com.facebook.orca.inject.FbInjectorImpl.a(FbInjectorImpl.java:61)
07-01 02:44:49.648 12870 12870 W nalizableReferenceQueue: 	at com.facebook.orca.inject.FbInjectorImpl.<init>(FbInjectorImpl.java:41)
07-01 02:44:49.648 12870 12870 W nalizableReferenceQueue: 	at com.facebook.orca.inject.FbInjector.a(FbInjector.java:40)
07-01 02:44:49.648 12870 12870 W nalizableReferenceQueue: 	at com.facebook.katana.FacebookApplication.onCreate(FacebookApplication.java:86)
07-01 02:44:49.648 12870 12870 W nalizableReferenceQueue: 	at android.app.Instrumentation.callApplicationOnCreate(Instrumentation.java:969)
07-01 02:44:49.648 12870 12870 W nalizableReferenceQueue: 	at android.app.ActivityThread.handleBindApplication(ActivityThread.java:3954)
07-01 02:44:49.648 12870 12870 W nalizableReferenceQueue: 	at android.app.ActivityThread.access$1300(ActivityThread.java:123)
07-01 02:44:49.648 12870 12870 W nalizableReferenceQueue: 	at android.app.ActivityThread$H.handleMessage(ActivityThread.java:1185)
07-01 02:44:49.648 12870 12870 W nalizableReferenceQueue: 	at android.os.Handler.dispatchMessage(Handler.java:99)
07-01 02:44:49.648 12870 12870 W nalizableReferenceQueue: 	at android.os.Looper.loop(Looper.java:137)
07-01 02:44:49.648 12870 12870 W nalizableReferenceQueue: 	at android.app.ActivityThread.main(ActivityThread.java:4424)
07-01 02:44:49.648 12870 12870 W nalizableReferenceQueue: 	at java.lang.reflect.Method.invokeNative(Native Method)
07-01 02:44:49.648 12870 12870 W nalizableReferenceQueue: 	at java.lang.reflect.Method.invoke(Method.java:511)
07-01 02:44:49.648 12870 12870 W nalizableReferenceQueue: 	at com.android.internal.os.ZygoteInit$MethodAndArgsCaller.run(ZygoteInit.java:784)
07-01 02:44:49.648 12870 12870 W nalizableReferenceQueue: 	at com.android.internal.os.ZygoteInit.main(ZygoteInit.java:551)
07-01 02:44:49.648 12870 12870 W nalizableReferenceQueue: 	at dalvik.system.NativeStart.main(Native Method)
07-01 02:44:49.648 12870 12870 I Finalizer: Couldn't access Thread.inheritableThreadLocals. Reference finalizer threads will inherit thread local values.
07-01 02:44:49.663 12870 12872 D dalvikvm: GC_CONCURRENT freed 314K, 4% free 9855K/10247K, paused 1ms+4ms
07-01 02:44:49.804 12870 12872 D dalvikvm: GC_CONCURRENT freed 354K, 5% free 9997K/10439K, paused 2ms+2ms
07-01 02:44:50.034 12870 12872 D dalvikvm: GC_CONCURRENT freed 437K, 5% free 10123K/10631K, paused 2ms+3ms
07-01 02:44:50.378 12870 12886 W Resources: Converting to string: TypedValue{t=0x10/d=0xffffffff a=-1}
07-01 02:44:50.550 12870 12872 D dalvikvm: GC_CONCURRENT freed 331K, 5% free 10285K/10759K, paused 4ms+3ms
07-01 02:44:50.894   145   156 D dalvikvm: GC_EXPLICIT freed 510K, 15% free 15329K/17927K, paused 3ms+8ms
07-01 02:44:51.163   145   310 I ActivityManager: Process com.google.android.apps.maps:FriendService (pid 12711) has died.
07-01 02:44:51.230 12870 12872 D dalvikvm: GC_CONCURRENT freed 285K, 4% free 10410K/10823K, paused 14ms+4ms
07-01 02:44:51.859 12870 12872 D dalvikvm: GC_CONCURRENT freed 360K, 5% free 10493K/10951K, paused 6ms+2ms
07-01 02:45:01.437 12870 12872 D dalvikvm: GC_CONCURRENT freed 335K, 5% free 10546K/11015K, paused 2ms+2ms
07-01 02:45:55.148 12690 12693 D dalvikvm: GC_CONCURRENT freed 551K, 6% free 10327K/10951K, paused 2ms+2ms
07-01 02:45:55.269 12064 12065 D dalvikvm: GC_CONCURRENT freed 511K, 7% free 9959K/10631K, paused 6ms+3ms
07-01 02:46:47.171 12128 12141 I PhoneLab-: Service Running
07-01 02:46:47.261 12128 12141 I PhoneLab-LoggerService: app_37    1360  1     1436   996   c00f181c 400107b4 S logcat
07-01 02:46:47.261 12128 12141 I PhoneLab-LoggerService: Logcat pid from database 1360
07-01 02:46:47.261 12128 12141 I PhoneLab-LoggerService: Logcat process found 1360
07-01 02:46:47.261 12128 12141 I PhoneLab-LoggerService: Checking Threshold
07-01 02:46:55.304 12064 12065 D dalvikvm: GC_CONCURRENT freed 459K, 6% free 10008K/10631K, paused 1ms+2ms
07-01 02:47:00.128   216   218 D dalvikvm: GC_CONCURRENT freed 543K, 33% free 9639K/14343K, paused 10ms+3ms
07-01 02:47:08.675   145   200 D DhcpInfoInternal: makeLinkProperties with empty dns2!
07-01 02:47:08.679   145   200 D DhcpInfoInternal: makeLinkProperties with empty dns2!
07-01 02:47:55.253 12690 12693 D dalvikvm: GC_CONCURRENT freed 509K, 6% free 10330K/10951K, paused 2ms+3ms
07-01 02:48:47.171 12128 12141 I PhoneLab-: Service Running
07-01 02:48:47.296 12128 12141 I PhoneLab-LoggerService: app_37    1360  1     1436   996   c00f181c 400107b4 S logcat
07-01 02:48:47.296 12128 12141 I PhoneLab-LoggerService: Logcat pid from database 1360
07-01 02:48:47.296 12128 12141 I PhoneLab-LoggerService: Logcat process found 1360
07-01 02:48:47.296 12128 12141 I PhoneLab-LoggerService: Checking Threshold
07-01 02:48:47.304 12128 12130 D dalvikvm: GC_CONCURRENT freed 401K, 14% free 9136K/10567K, paused 1ms+2ms
07-01 02:48:55.370 12064 12065 D dalvikvm: GC_CONCURRENT freed 523K, 6% free 9995K/10631K, paused 1ms+4ms
07-01 02:49:33.550   145   200 D DhcpInfoInternal: makeLinkProperties with empty dns2!
07-01 02:49:33.554   145   200 D DhcpInfoInternal: makeLinkProperties with empty dns2!
07-01 02:49:55.363 12690 12693 D dalvikvm: GC_CONCURRENT freed 507K, 6% free 10335K/10951K, paused 1ms+2ms
07-01 02:49:55.499 12064 12065 D dalvikvm: GC_CONCURRENT freed 496K, 6% free 10008K/10631K, paused 2ms+6ms
07-01 02:50:02.413   145   169 I ActivityManager: Start proc com.google.android.apps.currents for service com.google.android.apps.currents/com.google.apps.dots.android.app.service.SyncService: pid=12952 uid=10078 gids={3003, 1015}
07-01 02:50:02.437    79    79 D dalvikvm: GC_EXPLICIT freed 38K, 4% free 9031K/9347K, paused 2ms+3ms
07-01 02:50:02.480    79    79 D dalvikvm: GC_EXPLICIT freed <1K, 4% free 9031K/9347K, paused 1ms+3ms
07-01 02:50:02.515    79    79 D dalvikvm: GC_EXPLICIT freed <1K, 4% free 9031K/9347K, paused 1ms+6ms
07-01 02:50:02.777 12952 12952 I ActivityThread: Pub com.google.apps.dots.android.app.provider.SuggestionProvider: com.google.apps.dots.android.app.provider.SuggestionProvider
07-01 02:50:02.796 12952 12952 I ActivityThread: Pub com.google.android.apps.currents.exported: com.google.apps.dots.android.app.provider.ExportedContentProvider
07-01 02:50:02.917 12952 12955 D dalvikvm: GC_CONCURRENT freed 183K, 3% free 9353K/9607K, paused 11ms+3ms
07-01 02:50:02.984 12952 12955 D dalvikvm: GC_CONCURRENT freed 267K, 5% free 9585K/9991K, paused 2ms+2ms
07-01 02:50:03.097 12952 12955 D dalvikvm: GC_CONCURRENT freed 234K, 4% free 9828K/10183K, paused 2ms+2ms
07-01 02:50:03.230 12952 12955 D dalvikvm: GC_CONCURRENT freed 234K, 4% free 10104K/10439K, paused 2ms+2ms
07-01 02:50:03.265 12952 12952 I DotsContentUris: content://com.google.android.apps.currents
07-01 02:50:03.284 12952 12952 I ActivityThread: Pub com.google.android.apps.currents: com.google.apps.dots.android.app.provider.DotsContentProvider
07-01 02:50:03.292   145  9966 I ActivityManager: Process edu.buffalo.cse.phonelab.phonelabservices (pid 12128) has died.
07-01 02:50:03.292   145  9966 W ActivityManager: Scheduling restart of crashed service edu.buffalo.cse.phonelab.phonelabservices/edu.buffalo.cse.phonelab.datalogger.LoggerService in 5000ms
07-01 02:50:03.327 12952 12952 I DotsApplication: Starting up...
07-01 02:50:03.570 12952 12955 D dalvikvm: GC_CONCURRENT freed 409K, 5% free 10132K/10631K, paused 2ms+6ms
07-01 02:50:03.859 12952 12955 D dalvikvm: GC_CONCURRENT freed 312K, 4% free 10333K/10759K, paused 3ms+3ms
07-01 02:50:03.882 12952 12973 I SyncService: Starting sync (02:50:03)
07-01 02:50:05.730 12952 12955 D dalvikvm: GC_CONCURRENT freed 285K, 4% free 10471K/10887K, paused 1ms+3ms
07-01 02:50:06.085 12952 12955 D dalvikvm: GC_CONCURRENT freed 220K, 4% free 10672K/11015K, paused 2ms+3ms
07-01 02:50:06.109   145   329 I ActivityManager: Process com.google.android.apps.maps:LocationFriendService (pid 12064) has died.
07-01 02:50:06.214 12952 12955 D dalvikvm: GC_CONCURRENT freed 473K, 6% free 10682K/11335K, paused 2ms+2ms
07-01 02:50:06.402 12952 12955 D dalvikvm: GC_CONCURRENT freed 421K, 6% free 10697K/11335K, paused 2ms+2ms
07-01 02:50:07.042   145   395 D SyncManager: setSyncAutomatically: , provider com.google.android.apps.currents -> true
07-01 02:50:07.042   145   395 D SyncManager: setSyncAutomatically: already set to true, doing nothing
07-01 02:50:07.304 12952 12955 D dalvikvm: GC_CONCURRENT freed 365K, 6% free 10765K/11335K, paused 2ms+2ms
07-01 02:50:07.468 12952 12955 D dalvikvm: GC_CONCURRENT freed 239K, 4% free 11051K/11463K, paused 2ms+3ms
07-01 02:50:07.702   145   395 D dalvikvm: GC_EXPLICIT freed 1106K, 15% free 15374K/17927K, paused 7ms+6ms
07-01 02:50:07.761 12952 12955 D dalvikvm: GC_CONCURRENT freed 261K, 4% free 11399K/11783K, paused 2ms+2ms
07-01 02:50:08.038 12952 12955 D dalvikvm: GC_CONCURRENT freed 1004K, 10% free 11093K/12231K, paused 2ms+3ms
07-01 02:50:08.187 12952 12955 D dalvikvm: GC_CONCURRENT freed 371K, 8% free 11294K/12231K, paused 2ms+2ms
07-01 02:50:08.386   145   162 I ActivityManager: Start proc edu.buffalo.cse.phonelab.phonelabservices for service edu.buffalo.cse.phonelab.phonelabservices/edu.buffalo.cse.phonelab.datalogger.LoggerService: pid=12979 uid=10037 gids={3003, 1015, 1007, 2001}
07-01 02:50:08.488 12979 12979 I PhoneLab-LoggerService: Start Logger Service
07-01 02:50:08.527 12979 12992 I PhoneLab-: Service Running
07-01 02:50:08.683 12979 12992 I PhoneLab-LoggerService: app_37    1360  1     1436   996   c00f181c 400107b4 S logcat
07-01 02:50:08.687 12979 12992 I PhoneLab-LoggerService: Logcat pid from database 1360
07-01 02:50:08.687 12979 12992 I PhoneLab-LoggerService: Logcat process found 1360
07-01 02:50:08.687 12979 12992 I PhoneLab-LoggerService: Checking Threshold
07-01 02:50:08.952 12952 12955 D dalvikvm: GC_CONCURRENT freed 589K, 8% free 11337K/12231K, paused 27ms+3ms
07-01 02:50:09.730 12952 12955 D dalvikvm: GC_CONCURRENT freed 632K, 7% free 11381K/12231K, paused 2ms+3ms
07-01 02:50:09.870 12952 12955 D dalvikvm: GC_CONCURRENT freed 726K, 8% free 11404K/12295K, paused 2ms+3ms
07-01 02:50:10.210 12952 12955 D dalvikvm: GC_CONCURRENT freed 701K, 8% free 11370K/12295K, paused 2ms+3ms
07-01 02:50:10.749 12952 12955 D dalvikvm: GC_CONCURRENT freed 682K, 8% free 11358K/12295K, paused 2ms+2ms
07-01 02:50:10.886 12952 12955 D dalvikvm: GC_CONCURRENT freed 637K, 8% free 11382K/12295K, paused 1ms+3ms
07-01 02:50:11.788 12952 12955 D dalvikvm: GC_CONCURRENT freed 691K, 8% free 11369K/12295K, paused 1ms+3ms
07-01 02:50:12.534 12952 12955 D dalvikvm: GC_CONCURRENT freed 664K, 8% free 11364K/12295K, paused 2ms+3ms
07-01 02:50:12.706 12952 12955 D dalvikvm: GC_CONCURRENT freed 636K, 8% free 11392K/12295K, paused 2ms+2ms
07-01 02:50:13.394 12952 12955 D dalvikvm: GC_CONCURRENT freed 687K, 8% free 11405K/12295K, paused 1ms+3ms
07-01 02:50:13.652   145   145 I ActivityManager: Process com.google.android.gsf.login (pid 12835) has died.
07-01 02:50:15.304   145 12996 I ActivityManager: Applications Memory Usage (kB):
07-01 02:50:15.304   145 12996 I ActivityManager: Uptime: 16604596 Realtime: 16604595
07-01 02:50:15.304   145 12996 I ActivityManager: Total PSS by OOM adjustment:
07-01 02:50:15.304   145 12996 I ActivityManager:     22188 kB: System
07-01 02:50:15.304   145 12996 I ActivityManager:                22188 kB: system (pid 145)
07-01 02:50:15.304   145 12996 I ActivityManager:     23475 kB: Persistent
07-01 02:50:15.304   145 12996 I ActivityManager:                 9868 kB: com.android.systemui (pid 216)
07-01 02:50:15.304   145 12996 I ActivityManager:                 9719 kB: com.android.phone (pid 345)
07-01 02:50:15.304   145 12996 I ActivityManager:                 3888 kB: com.android.nfc (pid 362)
07-01 02:50:15.304   145 12996 I ActivityManager:     25823 kB: Foreground
07-01 02:50:15.304   145 12996 I ActivityManager:                25823 kB: com.android.launcher (pid 375)
07-01 02:50:15.304   145 12996 I ActivityManager:     17023 kB: Visible
07-01 02:50:15.304   145 12996 I ActivityManager:                14227 kB: com.google.android.apps.currents (pid 12952)
07-01 02:50:15.304   145 12996 I ActivityManager:                 2796 kB: com.android.smspush (pid 454)
07-01 02:50:15.304   145 12996 I ActivityManager:      6273 kB: Perceptible
07-01 02:50:15.304   145 12996 I ActivityManager:                 6273 kB: com.klye.ime.latin (pid 322)
07-01 02:50:15.304   145 12996 I ActivityManager:     24996 kB: A Services
07-01 02:50:15.304   145 12996 I ActivityManager:                 9871 kB: com.google.process.gapps (pid 8727)
07-01 02:50:15.304   145 12996 I ActivityManager:                 7677 kB: com.google.android.apps.maps:NetworkLocationService (pid 12690)
07-01 02:50:15.304   145 12996 I ActivityManager:                 4077 kB: com.google.android.apps.googlevoice (pid 12779)
07-01 02:50:15.304   145 12996 I ActivityManager:                 3371 kB: edu.buffalo.cse.phonelab.phonelabservices (pid 12979)
07-01 02:50:15.304   145 12996 I ActivityManager:    106860 kB: Previous
07-01 02:50:15.304   145 12996 I ActivityManager:               106860 kB: com.google.android.apps.plus (pid 1248)
07-01 02:50:15.304   145 12996 I ActivityManager:     40321 kB: B Services
07-01 02:50:15.304   145 12996 I ActivityManager:                 9768 kB: com.facebook.katana (pid 12870)
07-01 02:50:15.304   145 12996 I ActivityManager:                 8407 kB: android.process.acore (pid 12477)
07-01 02:50:15.304   145 12996 I ActivityManager:                 6623 kB: com.google.android.apps.maps (pid 11619)
07-01 02:50:15.304   145 12996 I ActivityManager:                 6469 kB: com.whatsapp (pid 12730)
07-01 02:50:15.304   145 12996 I ActivityManager:                 6132 kB: com.xabber.androiddev (pid 12801)
07-01 02:50:15.304   145 12996 I ActivityManager:                 2922 kB: com.android.sprintmenu (pid 12601)
07-01 02:50:15.304   145 12996 I ActivityManager: 
07-01 02:50:15.304   145 12996 I ActivityManager: Total PSS: 266959 kB
07-01 02:50:15.304   145 12996 I ActivityManager:   PID      Vss      Rss      Pss      Uss  cmdline
07-01 02:50:15.304   145 12996 I ActivityManager:  1248  124088K  124000K  106911K  105652K  com.google.android.apps.plus
07-01 02:50:15.304   145 12996 I ActivityManager:   375   45672K   45584K   25940K   23252K  com.android.launcher
07-01 02:50:15.304   145 12996 I ActivityManager:   145   41048K   40984K   22234K   19484K  system_server
07-01 02:50:15.304   145 12996 I ActivityManager: 12952   35140K   35076K   14309K   12228K  com.google.android.apps.currents
07-01 02:50:15.304   145 12996 I ActivityManager:    78   26504K   19448K   12667K    6752K  /system/bin/surfaceflinger
07-01 02:50:15.304   145 12996 I ActivityManager:  8727   27652K   27596K    9921K    8812K  com.google.process.gapps
07-01 02:50:15.304   145 12996 I ActivityManager:   216   30268K   30216K    9916K    5772K  com.android.systemui
07-01 02:50:15.304   145 12996 I ActivityManager: 12870   31228K   31160K    9820K    7528K  com.facebook.katana
07-01 02:50:15.304   145 12996 I ActivityManager:   345   25768K   25696K    9767K    8860K  com.android.phone
07-01 02:50:15.304   145 12996 I ActivityManager: 12477   28084K   27984K    8458K    7096K  android.process.acore
07-01 02:50:15.304   145 12996 I ActivityManager: 12690   27916K   27856K    7729K    6032K  com.google.android.apps.maps:NetworkLocationService
07-01 02:50:15.304   145 12996 I ActivityManager: 11619   25676K   25580K    6674K    5428K  com.google.android.apps.maps
07-01 02:50:15.304   145 12996 I ActivityManager: 12730   26760K   26700K    6519K    5004K  com.whatsapp
07-01 02:50:15.304   145 12996 I ActivityManager:   322   22316K   22216K    6321K    5416K  com.klye.ime.latin
07-01 02:50:15.304   145 12996 I ActivityManager: 12801   26772K   26708K    6184K    4580K  com.xabber.androiddev
07-01 02:50:15.304   145 12996 I ActivityManager: 12779   23440K   23372K    4128K    2852K  com.google.android.apps.googlevoice
07-01 02:50:15.304   145 12996 I ActivityManager:   362   20296K   20204K    3938K    3028K  com.android.nfc
07-01 02:50:15.304   145 12996 I ActivityManager: 12979   22552K   22452K    3423K    1980K  edu.buffalo.cse.phonelab.phonelabservices
07-01 02:50:15.304   145 12996 I ActivityManager: 12601   21708K   21604K    2975K    1728K  com.android.sprintmenu
07-01 02:50:15.304   145 12996 I ActivityManager:   454   19392K   19280K    2847K    1820K  com.android.smspush
07-01 02:50:15.304   145 12996 I ActivityManager:    79   19392K   19264K    2399K    1180K  zygote
07-01 02:50:15.304   145 12996 I ActivityManager:    81    2636K    2636K    2160K    2124K  /system/bin/mediaserver
07-01 02:50:15.304   145 12996 I ActivityManager:    80    1208K    1208K     883K     872K  /system/bin/drmserver
07-01 02:50:15.304   145 12996 I ActivityManager:  1360    1000K     996K     848K     844K  logcat
07-01 02:50:15.304   145 12996 I ActivityManager:    77    1068K    1068K     729K     712K  /system/bin/rild
07-01 02:50:15.304   145 12996 I ActivityManager: 12997     772K     764K     643K     640K  procrank
07-01 02:50:15.304   145 12996 I ActivityManager:    75     648K     644K     442K     424K  /system/bin/netd
07-01 02:50:15.304   145 12996 I ActivityManager:   306     564K     560K     412K     408K  /system/bin/wpa_supplicant
07-01 02:50:15.304   145 12996 I ActivityManager:    72     460K     456K     292K     284K  /system/bin/vold
07-01 02:50:15.304   145 12996 I ActivityManager:    86     516K     512K     290K     280K  /system/vendor/bin/gpsd
07-01 02:50:15.304   145 12996 I ActivityManager:   303     436K     436K     280K     276K  /system/bin/bluetoothd
07-01 02:50:15.304   145 12996 I ActivityManager:   414     348K     344K     196K     192K  /system/bin/dhcpcd
07-01 02:50:15.304   145 12996 I ActivityManager:    88     192K     192K     176K     176K  /sbin/adbd
07-01 02:50:15.304   145 12996 I ActivityManager:    85     264K     256K     162K     160K  /system/bin/keystore
07-01 02:50:15.304   145 12996 I ActivityManager:    82     284K     276K     143K     140K  /system/bin/dbus-daemon
07-01 02:50:15.304   145 12996 I ActivityManager:     1     204K     204K     142K     104K  /init
07-01 02:50:15.304   145 12996 I ActivityManager:    61     160K     160K     122K      84K  /sbin/ueventd
07-01 02:50:15.304   145 12996 I ActivityManager:    87     212K     208K     106K     104K  /system/bin/sh
07-01 02:50:15.304   145 12996 I ActivityManager:    83     228K     220K      99K      96K  /system/bin/installd
07-01 02:50:15.304   145 12996 I ActivityManager:    71     212K     204K      94K     
07-01 02:50:15.390 12952 12955 D dalvikvm: GC_CONCURRENT freed 692K, 8% free 11401K/12295K, paused 1ms+2ms
07-01 02:50:15.515 12952 12955 D dalvikvm: GC_CONCURRENT freed 681K, 8% free 11414K/12295K, paused 2ms+3ms
07-01 02:50:16.148 12952 12955 D dalvikvm: GC_CONCURRENT freed 721K, 8% free 11381K/12295K, paused 2ms+2ms
07-01 02:50:17.460 12952 12955 D dalvikvm: GC_CONCURRENT freed 670K, 8% free 11371K/12295K, paused 2ms+2ms
07-01 02:50:17.781 12952 12955 D dalvikvm: GC_CONCURRENT freed 628K, 8% free 11403K/12295K, paused 1ms+3ms
07-01 02:50:18.433 12952 12955 D dalvikvm: GC_CONCURRENT freed 666K, 8% free 11405K/12295K, paused 1ms+2ms
07-01 02:50:18.867   362   362 D dalvikvm: GC_EXPLICIT freed <1K, 6% free 9101K/9607K, paused 18ms+2ms
07-01 02:50:19.284 12952 12955 D dalvikvm: GC_CONCURRENT freed 690K, 8% free 11382K/12295K, paused 2ms+3ms
07-01 02:50:20.027 12952 12955 D dalvikvm: GC_CONCURRENT freed 617K, 8% free 11431K/12295K, paused 1ms+3ms
07-01 02:50:20.144   145   310 D dalvikvm: GC_EXPLICIT freed 1094K, 15% free 15313K/17927K, paused 2ms+5ms
07-01 02:50:22.941 12952 12955 D dalvikvm: GC_CONCURRENT freed 689K, 7% free 11484K/12295K, paused 1ms+3ms
07-01 02:50:23.089 12952 12955 D dalvikvm: GC_CONCURRENT freed 735K, 7% free 11518K/12359K, paused 2ms+3ms
07-01 02:50:23.234 12952 12955 D dalvikvm: GC_CONCURRENT freed 704K, 7% free 11544K/12359K, paused 2ms+4ms
07-01 02:50:23.531 12952 12975 D dalvikvm: GC_EXPLICIT freed 279K, 6% free 11632K/12359K, paused 6ms+3ms
07-01 02:50:23.827   375   375 D dalvikvm: GC_EXPLICIT freed 143K, 11% free 11225K/12487K, paused 19ms+3ms
07-01 02:50:25.156 12952 12955 D dalvikvm: GC_CONCURRENT freed 975K, 9% free 11442K/12551K, paused 6ms+3ms
07-01 02:50:25.300 12952 12955 D dalvikvm: GC_CONCURRENT freed 653K, 9% free 11489K/12551K, paused 2ms+2ms
07-01 02:50:25.437 12952 12955 D dalvikvm: GC_CONCURRENT freed 691K, 9% free 11522K/12551K, paused 1ms+2ms
07-01 02:50:25.769 12952 12955 D dalvikvm: GC_CONCURRENT freed 600K, 8% free 11631K/12551K, paused 2ms+3ms
07-01 02:50:25.870   145   365 D dalvikvm: GC_EXPLICIT freed 256K, 15% free 15308K/17927K, paused 3ms+6ms
07-01 02:50:26.898 12952 12955 D dalvikvm: GC_CONCURRENT freed 939K, 9% free 11523K/12615K, paused 2ms+2ms
07-01 02:50:27.331 12952 12975 D dalvikvm: GC_FOR_ALLOC freed 656K, 9% free 11499K/12615K, paused 25ms
07-01 02:50:27.374 12952 12975 D dalvikvm: GC_FOR_ALLOC freed 195K, 10% free 11468K/12615K, paused 24ms
07-01 02:50:27.917 12952 12955 D dalvikvm: GC_CONCURRENT freed 671K, 9% free 11511K/12615K, paused 2ms+2ms
07-01 02:50:28.456 12952 12975 D dalvikvm: GC_FOR_ALLOC freed 675K, 9% free 11506K/12615K, paused 24ms
07-01 02:50:28.456 12952 12975 I dalvikvm-heap: Grow heap (frag case) to 11.365MB for 61330-byte allocation
07-01 02:50:28.492 12952 12975 D dalvikvm: GC_FOR_ALLOC freed 37K, 10% free 11529K/12679K, paused 32ms
07-01 02:50:28.519 12952 12975 D dalvikvm: GC_FOR_ALLOC freed <1K, 10% free 11529K/12679K, paused 23ms
07-01 02:50:28.519 12952 12975 I dalvikvm-heap: Grow heap (frag case) to 11.447MB for 123794-byte allocation
07-01 02:50:28.542 12952 12975 D dalvikvm: GC_FOR_ALLOC freed 59K, 10% free 11590K/12807K, paused 24ms
07-01 02:50:28.570 12952 12975 D dalvikvm: GC_FOR_ALLOC freed 125K, 10% free 11552K/12807K, paused 24ms
07-01 02:50:28.913   145   161 D dalvikvm: GC_EXPLICIT freed 130K, 15% free 15298K/17927K, paused 14ms+6ms
07-01 02:50:29.812 12952 12955 D dalvikvm: GC_CONCURRENT freed 774K, 11% free 11526K/12807K, paused 2ms+3ms
07-01 02:50:29.937 12952 12955 D dalvikvm: GC_CONCURRENT freed 709K, 10% free 11560K/12807K, paused 1ms+3ms
07-01 02:50:30.749 12952 12955 D dalvikvm: GC_CONCURRENT freed 810K, 11% free 11497K/12807K, paused 2ms+3ms
07-01 02:50:31.019 12952 12955 D dalvikvm: GC_CONCURRENT freed 744K, 11% free 11477K/12807K, paused 2ms+5ms
07-01 02:50:31.425 12952 12955 D dalvikvm: GC_CONCURRENT freed 721K, 11% free 11449K/12807K, paused 2ms+3ms
07-01 02:50:31.550 12952 12955 D dalvikvm: GC_CONCURRENT freed 562K, 10% free 11583K/12807K, paused 2ms+3ms
07-01 02:50:31.687 12952 12955 D dalvikvm: GC_CONCURRENT freed 528K, 8% free 11787K/12807K, paused 2ms+3ms
07-01 02:50:31.835 12952 12955 D dalvikvm: GC_CONCURRENT freed 840K, 9% free 11773K/12807K, paused 3ms+3ms
07-01 02:50:31.984 12952 12955 D dalvikvm: GC_CONCURRENT freed 1253K, 12% free 11323K/12807K, paused 2ms+2ms
07-01 02:50:33.101 12952 12955 D dalvikvm: GC_CONCURRENT freed 487K, 11% free 11480K/12807K, paused 14ms+3ms
07-01 02:50:33.183 12952 12973 I SyncService: sync service finished (02:50:33)
07-01 02:50:38.273   216   216 D dalvikvm: GC_EXPLICIT freed 29K, 33% free 9630K/14343K, paused 16ms+2ms
07-01 02:50:43.316   322   322 D dalvikvm: GC_EXPLICIT freed <1K, 17% free 10373K/12359K, paused 15ms+3ms
07-01 02:50:48.347   345   345 D dalvikvm: GC_EXPLICIT freed 433K, 8% free 11632K/12551K, paused 18ms+3ms
07-01 02:50:53.288   454   454 D dalvikvm: GC_EXPLICIT freed <1K, 4% free 9037K/9347K, paused 14ms+2ms
07-01 02:50:55.472   145   310 I ActivityManager: Start proc com.google.android.apps.maps:LocationFriendService for service com.google.android.apps.maps/com.google.googlenav.friend.reporting.LocationReceiverService: pid=12998 uid=10056 gids={3003, 1015}
07-01 02:50:55.964 12998 13000 D dalvikvm: GC_CONCURRENT freed 156K, 3% free 9380K/9607K, paused 2ms+2ms
07-01 02:50:56.339  8727  8805 D dalvikvm: GC_EXPLICIT freed 329K, 6% free 10122K/10759K, paused 12ms+9ms
07-01 02:50:56.566 12998 13000 D dalvikvm: GC_CONCURRENT freed 153K, 3% free 9662K/9927K, paused 3ms+7ms
07-01 02:50:57.363 12998 13000 D dalvikvm: GC_CONCURRENT freed 213K, 4% free 9839K/10183K, paused 1ms+6ms
07-01 02:50:57.644 12998 13004 I dalvikvm: Total arena pages for JIT: 11
07-01 02:50:57.644 12998 13004 I dalvikvm: Total arena pages for JIT: 12
07-01 02:50:57.644 12998 13004 I dalvikvm: Total arena pages for JIT: 13
07-01 02:50:57.644 12998 13004 I dalvikvm: Total arena pages for JIT: 14
07-01 02:50:57.644 12998 13004 I dalvikvm: Total arena pages for JIT: 15
07-01 02:50:57.648 12998 13004 I dalvikvm: Total arena pages for JIT: 16
07-01 02:50:57.648 12998 13004 I dalvikvm: Total arena pages for JIT: 17
07-01 02:50:57.835 12998 13000 D dalvikvm: GC_CONCURRENT freed 354K, 5% free 9949K/10439K, paused 1ms+2ms
07-01 02:50:58.730   145   157 I ActivityManager: Process com.google.android.apps.maps:LocationFriendService (pid 12998) has died.
07-01 02:51:05.312 11619 11619 D dalvikvm: GC_EXPLICIT freed 2K, 4% free 10908K/11335K, paused 16ms+2ms
07-01 02:51:10.398  1248  1248 D dalvikvm: GC_EXPLICIT freed 78K, 24% free 20107K/26247K, paused 23ms+6ms
07-01 02:51:15.320  8727  8727 D dalvikvm: GC_EXPLICIT freed 80K, 7% free 10056K/10759K, paused 17ms+3ms
07-01 02:51:20.335 12477 12477 D dalvikvm: GC_EXPLICIT freed 139K, 7% free 9468K/10119K, paused 19ms+3ms
07-01 02:51:25.324 12601 12601 D dalvikvm: GC_EXPLICIT freed 53K, 4% free 9056K/9347K, paused 25ms+2ms
07-01 02:51:30.335 12690 12690 D dalvikvm: GC_EXPLICIT freed 336K, 6% free 10322K/10951K, paused 16ms+2ms
07-01 02:51:35.386 12730 12730 D dalvikvm: GC_EXPLICIT freed 204K, 7% free 9909K/10567K, paused 18ms+3ms
07-01 02:51:40.351 12779 12779 D dalvikvm: GC_EXPLICIT freed 163K, 4% free 9254K/9607K, paused 26ms+2ms
07-01 02:51:40.351 12779 12788 W CursorWrapperInner: Cursor finalized without prior close()
07-01 02:51:40.351 12779 12788 W CursorWrapperInner: Cursor finalized without prior close()
07-01 02:51:40.351 12779 12788 W CursorWrapperInner: Cursor finalized without prior close()
07-01 02:51:45.394 12801 12801 D dalvikvm: GC_EXPLICIT freed 80K, 4% free 10276K/10695K, paused 16ms+2ms
07-01 02:51:50.472 12870 12870 D dalvikvm: GC_EXPLICIT freed 136K, 5% free 10497K/11015K, paused 29ms+3ms
07-01 02:51:55.538   145   310 I ActivityManager: Start proc com.google.android.apps.maps:LocationFriendService for service com.google.android.apps.maps/com.google.googlenav.friend.reporting.LocationReceiverService: pid=13021 uid=10056 gids={3003, 1015}
07-01 02:51:55.722 13021 13023 D dalvikvm: GC_CONCURRENT freed 158K, 3% free 9377K/9607K, paused 2ms+2ms
07-01 02:51:56.339   216   218 D dalvikvm: GC_CONCURRENT freed 364K, 33% free 9707K/14343K, paused 2ms+8ms
07-01 02:51:56.417 13021 13023 D dalvikvm: GC_CONCURRENT freed 152K, 3% free 9662K/9927K, paused 11ms+2ms
07-01 02:51:56.624   145  1149 I ActivityManager: Process android.process.acore (pid 12477) has died.
07-01 02:51:57.187 13021 13023 D dalvikvm: GC_CONCURRENT freed 216K, 4% free 9899K/10247K, paused 1ms+2ms
07-01 02:51:57.269 13021 13028 I dalvikvm: Total arena pages for JIT: 11
07-01 02:51:57.273 13021 13028 I dalvikvm: Total arena pages for JIT: 12
07-01 02:51:57.277 13021 13028 I dalvikvm: Total arena pages for JIT: 13
07-01 02:51:57.277 13021 13028 I dalvikvm: Total arena pages for JIT: 14
07-01 02:51:57.277 13021 13028 I dalvikvm: Total arena pages for JIT: 15
07-01 02:51:57.277 13021 13028 I dalvikvm: Total arena pages for JIT: 16
07-01 02:51:57.277 13021 13028 I dalvikvm: Total arena pages for JIT: 17
07-01 02:51:58.417   145   200 D DhcpInfoInternal: makeLinkProperties with empty dns2!
07-01 02:51:58.417   145   200 D DhcpInfoInternal: makeLinkProperties with empty dns2!
07-01 02:52:00.577 13021 13023 D dalvikvm: GC_CONCURRENT freed 459K, 6% free 9942K/10503K, paused 7ms+3ms
07-01 02:52:00.589 13021 13028 I dalvikvm: Total arena pages for JIT: 18
07-01 02:52:00.710   216   218 D dalvikvm: GC_CONCURRENT freed 448K, 33% free 9671K/14343K, paused 1ms+35ms
07-01 02:52:00.808   216   218 D dalvikvm: GC_CONCURRENT freed 465K, 33% free 9717K/14343K, paused 2ms+6ms
07-01 02:52:01.031 13021 13023 D dalvikvm: GC_CONCURRENT freed 452K, 6% free 9965K/10503K, paused 2ms+2ms
07-01 02:52:05.695   362   362 D dalvikvm: GC_EXPLICIT freed <1K, 6% free 9101K/9607K, paused 16ms+2ms
07-01 02:52:08.531 12979 12992 I PhoneLab-: Service Running
07-01 02:52:08.617 12979 12992 I PhoneLab-LoggerService: app_37    1360  1     1436   996   c00f181c 400107b4 S logcat
07-01 02:52:08.617 12979 12992 I PhoneLab-LoggerService: Logcat pid from database 1360
07-01 02:52:08.617 12979 12992 I PhoneLab-LoggerService: Logcat process found 1360
07-01 02:52:08.620 12979 12992 I PhoneLab-LoggerService: Checking Threshold
07-01 02:52:10.710   375   375 D dalvikvm: GC_EXPLICIT freed 30K, 11% free 11225K/12487K, paused 15ms+2ms
07-01 02:52:15.831   145   161 D dalvikvm: GC_EXPLICIT freed 606K, 15% free 15327K/17927K, paused 31ms+6ms
07-01 02:52:20.699   216   216 D dalvikvm: GC_EXPLICIT freed 164K, 33% free 9636K/14343K, paused 16ms+2ms
07-01 02:52:27.593   322   322 D dalvikvm: GC_EXPLICIT freed <1K, 17% free 10373K/12359K, paused 1ms+2ms
07-01 02:52:32.683   345   345 D dalvikvm: GC_EXPLICIT freed 7K, 8% free 11631K/12551K, paused 18ms+3ms
07-01 02:52:37.640   454   454 D dalvikvm: GC_EXPLICIT freed <1K, 4% free 9037K/9347K, paused 13ms+2ms
07-01 02:52:42.656  8727  8727 D dalvikvm: GC_EXPLICIT freed 31K, 7% free 10071K/10759K, paused 17ms+3ms
07-01 02:52:47.667 12952 12952 D dalvikvm: GC_EXPLICIT freed 94K, 11% free 11464K/12807K, paused 21ms+3ms
07-01 02:52:52.656 12979 12979 D dalvikvm: GC_EXPLICIT freed 211K, 4% free 9053K/9347K, paused 16ms+2ms
07-01 02:52:55.570 12690 12693 D dalvikvm: GC_CONCURRENT freed 497K, 6% free 10336K/10951K, paused 2ms+3ms
07-01 02:52:55.691 13021 13023 D dalvikvm: GC_CONCURRENT freed 429K, 5% free 10067K/10567K, paused 5ms+2ms
07-01 02:53:05.113 11619 11619 D dalvikvm: GC_EXPLICIT freed <1K, 4% free 10908K/11335K, paused 2ms+2ms
07-01 02:53:10.152 12601 12601 D dalvikvm: GC_EXPLICIT freed 3K, 4% free 9055K/9347K, paused 13ms+2ms
07-01 02:53:15.171 12690 12690 D dalvikvm: GC_EXPLICIT freed 66K, 6% free 10319K/10951K, paused 16ms+2ms
07-01 02:53:20.175 12730 12730 D dalvikvm: GC_EXPLICIT freed 61K, 7% free 9903K/10567K, paused 17ms+3ms
07-01 02:53:25.175 12779 12779 D dalvikvm: GC_EXPLICIT freed 3K, 4% free 9252K/9607K, paused 15ms+2ms
07-01 02:53:30.183 12801 12801 D dalvikvm: GC_EXPLICIT freed 11K, 4% free 10275K/10695K, paused 15ms+2ms
07-01 02:53:35.238  1248  1248 D dalvikvm: GC_EXPLICIT freed 5K, 24% free 20102K/26247K, paused 23ms+6ms
07-01 02:53:40.195 12870 12870 D dalvikvm: GC_EXPLICIT freed 3K, 5% free 10494K/11015K, paused 17ms+3ms
07-01 02:53:55.730 13021 13023 D dalvikvm: GC_CONCURRENT freed 484K, 6% free 10105K/10695K, paused 2ms+3ms
07-01 02:54:08.527 12979 12992 I PhoneLab-: Service Running
07-01 02:54:08.585   145   365 I ActivityManager: Process com.google.android.apps.maps:LocationFriendService (pid 13021) has died.
07-01 02:54:08.632 12979 12992 I PhoneLab-LoggerService: app_37    1360  1     1436   996   c00f181c 400107b4 S logcat
07-01 02:54:08.636 12979 12992 I PhoneLab-LoggerService: Logcat pid from database 1360
07-01 02:54:08.636 12979 12992 I PhoneLab-LoggerService: Logcat process found 1360
07-01 02:54:08.636 12979 12992 I PhoneLab-LoggerService: Checking Threshold
07-01 02:54:13.687   362   362 D dalvikvm: GC_EXPLICIT freed <1K, 6% free 9101K/9607K, paused 15ms+2ms
07-01 02:54:18.699   375   375 D dalvikvm: GC_EXPLICIT freed 21K, 11% free 11225K/12487K, paused 15ms+2ms
07-01 02:54:23.316   145   200 D DhcpInfoInternal: makeLinkProperties with empty dns2!
07-01 02:54:23.320   145   200 D DhcpInfoInternal: makeLinkProperties with empty dns2!
07-01 02:54:27.546   145   161 D dalvikvm: GC_EXPLICIT freed 354K, 15% free 15303K/17927K, paused 2ms+5ms
07-01 02:54:32.589   216   216 D dalvikvm: GC_EXPLICIT freed 18K, 33% free 9629K/14343K, paused 15ms+2ms
07-01 02:54:37.593   322   322 D dalvikvm: GC_EXPLICIT freed <1K, 17% free 10373K/12359K, paused 18ms+2ms
07-01 02:54:42.593   345   345 D dalvikvm: GC_EXPLICIT freed 3K, 8% free 11631K/12551K, paused 17ms+3ms
07-01 02:54:47.589   454   454 D dalvikvm: GC_EXPLICIT freed <1K, 4% free 9037K/9347K, paused 13ms+2ms
07-01 02:54:52.601 11619 11619 D dalvikvm: GC_EXPLICIT freed <1K, 4% free 10908K/11335K, paused 16ms+2ms
07-01 02:54:55.687   145   365 I ActivityManager: Start proc com.google.android.apps.maps:LocationFriendService for service com.google.android.apps.maps/com.google.googlenav.friend.reporting.LocationReceiverService: pid=13093 uid=10056 gids={3003, 1015}
07-01 02:54:55.800 12690 12693 D dalvikvm: GC_CONCURRENT freed 496K, 6% free 10335K/10951K, paused 2ms+44ms
07-01 02:54:55.839 13093 13096 D dalvikvm: GC_CONCURRENT freed 161K, 3% free 9375K/9607K, paused 2ms+2ms
07-01 02:54:55.968 13093 13096 D dalvikvm: GC_CONCURRENT freed 152K, 3% free 9686K/9927K, paused 1ms+2ms
07-01 02:54:56.206 13093 13096 D dalvikvm: GC_CONCURRENT freed 315K, 4% free 9924K/10311K, paused 2ms+2ms
07-01 02:54:56.210 13093 13100 I dalvikvm: Total arena pages for JIT: 11
07-01 02:54:56.210 13093 13100 I dalvikvm: Total arena pages for JIT: 12
07-01 02:54:56.210 13093 13100 I dalvikvm: Total arena pages for JIT: 13
07-01 02:54:56.214 13093 13100 I dalvikvm: Total arena pages for JIT: 14
07-01 02:54:56.214 13093 13100 I dalvikvm: Total arena pages for JIT: 15
07-01 02:54:56.218 13093 13100 I dalvikvm: Total arena pages for JIT: 16
07-01 02:54:56.218 13093 13100 I dalvikvm: Total arena pages for JIT: 17
07-01 02:55:07.507 12601 12601 D dalvikvm: GC_EXPLICIT freed <1K, 4% free 9055K/9347K, paused 13ms+1ms
07-01 02:55:12.519 12690 12690 D dalvikvm: GC_EXPLICIT freed 18K, 6% free 10319K/10951K, paused 16ms+2ms
07-01 02:55:17.523 12730 12730 D dalvikvm: GC_EXPLICIT freed 3K, 7% free 9903K/10567K, paused 17ms+2ms
07-01 02:55:22.523 12779 12779 D dalvikvm: GC_EXPLICIT freed <1K, 4% free 9251K/9607K, paused 14ms+2ms
07-01 02:55:29.312 12801 12801 D dalvikvm: GC_EXPLICIT freed 12K, 4% free 10275K/10695K, paused 2ms+2ms
07-01 02:55:34.433  1248  1248 D dalvikvm: GC_EXPLICIT freed <1K, 24% free 20102K/26247K, paused 22ms+6ms
07-01 02:55:39.433 12870 12870 D dalvikvm: GC_EXPLICIT freed <1K, 5% free 10494K/11015K, paused 30ms+3ms
07-01 02:55:44.386 12979 12979 D dalvikvm: GC_EXPLICIT freed 52K, 4% free 9051K/9347K, paused 13ms+1ms
07-01 02:55:49.406 12952 12952 D dalvikvm: GC_EXPLICIT freed 43K, 11% free 11461K/12807K, paused 17ms+3ms
07-01 02:55:54.425  8727  8727 D dalvikvm: GC_EXPLICIT freed 56K, 7% free 10069K/10759K, paused 17ms+3ms
07-01 02:55:55.745 13093 13100 I dalvikvm: Total arena pages for JIT: 18
07-01 02:55:55.831 13093 13096 D dalvikvm: GC_CONCURRENT freed 478K, 6% free 9999K/10567K, paused 2ms+3ms
07-01 02:56:08.527 12979 12992 I PhoneLab-: Service Running
07-01 02:56:08.605 12979 12992 I PhoneLab-LoggerService: app_37    1360  1     1436   996   c00f181c 400107b4 S logcat
07-01 02:56:08.605 12979 12992 I PhoneLab-LoggerService: Logcat pid from database 1360
07-01 02:56:08.605 12979 12992 I PhoneLab-LoggerService: Logcat process found 1360
07-01 02:56:08.605 12979 12992 I PhoneLab-LoggerService: Checking Threshold
07-01 02:56:08.613   145   395 I ActivityManager: Process com.google.android.apps.currents (pid 12952) has died.
07-01 02:56:47.999   145   200 D DhcpInfoInternal: makeLinkProperties with empty dns2!
07-01 02:56:47.999   145   200 D DhcpInfoInternal: makeLinkProperties with empty dns2!
07-01 02:56:55.839 12690 12693 D dalvikvm: GC_CONCURRENT freed 490K, 6% free 10329K/10951K, paused 1ms+3ms
07-01 02:57:55.839 12690 12693 D dalvikvm: GC_CONCURRENT freed 433K, 6% free 10341K/10951K, paused 1ms+2ms
07-01 02:57:55.906 13093 13096 D dalvikvm: GC_CONCURRENT freed 576K, 7% free 9979K/10631K, paused 4ms+2ms
07-01 02:58:08.527 12979 12992 I PhoneLab-: Service Running
07-01 02:58:08.593 12979 12992 I PhoneLab-LoggerService: app_37    1360  1     1436   996   c00f181c 400107b4 S logcat
07-01 02:58:08.593 12979 12992 I PhoneLab-LoggerService: Logcat pid from database 1360
07-01 02:58:08.593 12979 12992 I PhoneLab-LoggerService: Logcat process found 1360
07-01 02:58:08.593 12979 12992 I PhoneLab-LoggerService: Checking Threshold
07-01 02:58:29.515   145   396 D dalvikvm: GC_EXPLICIT freed 512K, 15% free 15325K/17927K, paused 12ms+6ms
07-01 02:58:55.976 13093 13096 D dalvikvm: GC_CONCURRENT freed 463K, 7% free 9961K/10631K, paused 1ms+2ms
07-01 02:59:12.890   145   200 D DhcpInfoInternal: makeLinkProperties with empty dns2!
07-01 02:59:12.898   145   200 D DhcpInfoInternal: makeLinkProperties with empty dns2!
07-01 02:59:53.031 12870 12872 D dalvikvm: GC_CONCURRENT freed 313K, 5% free 10631K/11079K, paused 2ms+3ms
07-01 02:59:55.960 12690 12693 D dalvikvm: GC_CONCURRENT freed 501K, 6% free 10351K/10951K, paused 1ms+8ms
07-01 03:00:07.867 12690 12693 D dalvikvm: GC_CONCURRENT freed 91K, 3% free 10648K/10951K, paused 23ms+3ms
07-01 03:00:08.531 12979 12992 I PhoneLab-: Service Running
07-01 03:00:08.652 12979 12992 I PhoneLab-LoggerService: app_37    1360  1     1436   996   c00f181c 400107b4 S logcat
07-01 03:00:08.656 12979 12992 I PhoneLab-LoggerService: Logcat pid from database 1360
07-01 03:00:08.656 12979 12992 I PhoneLab-LoggerService: Logcat process found 1360
07-01 03:00:08.656 12979 12992 I PhoneLab-LoggerService: Checking Threshold
07-01 03:00:10.984 12690 12693 D dalvikvm: GC_CONCURRENT freed 322K, 4% free 10858K/11271K, paused 2ms+3ms
07-01 03:00:15.202   145   348 W ActivityManager: finishReceiver called but no pending broadcasts
07-01 03:00:15.327 12690 12693 D dalvikvm: GC_CONCURRENT freed 771K, 8% free 10747K/11591K, paused 2ms+3ms
07-01 03:00:15.492 12690 12693 D dalvikvm: GC_CONCURRENT freed 134K, 4% free 11154K/11591K, paused 2ms+4ms
07-01 03:00:56.085 13093 13096 D dalvikvm: GC_CONCURRENT freed 485K, 7% free 9956K/10631K, paused 1ms+3ms
07-01 03:01:37.574   145   200 D DhcpInfoInternal: makeLinkProperties with empty dns2!
07-01 03:01:37.574   145   200 D DhcpInfoInternal: makeLinkProperties with empty dns2!
07-01 03:01:52.042 12979 12979 I PhoneLab-Locks: wake lock acquired
07-01 03:01:52.101 12979 13194 I PhoneLab-PeriodicCheckService: User info is synched
07-01 03:01:52.120 12979 13194 I PhoneLab-PeriodicCheckService: Logger Service is running
07-01 03:01:52.132 12979 12979 I PhoneLab-Locks: wake lock acquired
07-01 03:01:52.132 12979 12979 I PhoneLab-StatusMonitor: Status Monitoring is started
07-01 03:01:52.136 12979 13194 I PhoneLab-Locks: wake lock acquired
07-01 03:01:52.140 12979 13194 I PhoneLab-PeriodicCheckService: Rescheduling periodic checking...
07-01 03:01:52.144 12979 13194 I PhoneLab-Locks: wake lock released
07-01 03:01:52.156 12979 12979 E PhoneLab-PhoneLabManifest: java.io.FileNotFoundException: /data/data/edu.buffalo.cse.phonelab.phonelabservices/files/manifest.xml: open failed: ENOENT (No such file or directory)
07-01 03:01:52.199 12979 12979 I PhoneLab-Locks: wake lock released
07-01 03:01:52.202 12979 12979 I PhoneLab-UploadLogs: Transfering log files now
07-01 03:01:52.206 12979 12979 I PhoneLab-UploadLogs: No log files to transfer
07-01 03:01:52.206 12979 12979 I PhoneLab-Locks: wake lock released
07-01 03:01:52.214 12979 12979 I PhoneLab-UploadLogs: OnStartCommand
07-01 03:01:56.097 13093 13096 D dalvikvm: GC_CONCURRENT freed 462K, 7% free 9980K/10631K, paused 1ms+2ms
07-01 03:02:08.527 12979 12992 I PhoneLab-: Service Running
07-01 03:02:08.605 12979 12992 I PhoneLab-LoggerService: app_37    1360  1     1436   996   c00f181c 400107b4 S logcat
07-01 03:02:08.605 12979 12992 I PhoneLab-LoggerService: Logcat pid from database 1360
07-01 03:02:08.605 12979 12992 I PhoneLab-LoggerService: Logcat process found 1360
07-01 03:02:08.605 12979 12992 I PhoneLab-LoggerService: Checking Threshold
07-01 03:02:56.085 12690 12693 D dalvikvm: GC_CONCURRENT freed 1523K, 14% free 10365K/11975K, paused 2ms+2ms
07-01 03:03:56.226 13093 13096 D dalvikvm: GC_CONCURRENT freed 483K, 6% free 10007K/10631K, paused 1ms+2ms
07-01 03:04:02.460   145   200 D DhcpInfoInternal: makeLinkProperties with empty dns2!
07-01 03:04:02.472   145   200 D DhcpInfoInternal: makeLinkProperties with empty dns2!
07-01 03:04:08.527 12979 12992 I PhoneLab-: Service Running
07-01 03:04:08.613 12979 12992 I PhoneLab-LoggerService: app_37    1360  1     1436   996   c00f181c 400107b4 S logcat
07-01 03:04:08.613 12979 12992 I PhoneLab-LoggerService: Logcat pid from database 1360
07-01 03:04:08.617 12979 12992 I PhoneLab-LoggerService: Logcat process found 1360
07-01 03:04:08.617 12979 12992 I PhoneLab-LoggerService: Checking Threshold
07-01 03:04:56.167 12690 12693 D dalvikvm: GC_CONCURRENT freed 513K, 14% free 10363K/11975K, paused 2ms+3ms
07-01 03:04:56.288 13093 13096 D dalvikvm: GC_CONCURRENT freed 462K, 7% free 9951K/10631K, paused 2ms+2ms
07-01 03:06:08.527 12979 12992 I PhoneLab-: Service Running
07-01 03:06:08.605 12979 12992 I PhoneLab-LoggerService: app_37    1360  1     1436   996   c00f181c 400107b4 S logcat
07-01 03:06:08.605 12979 12992 I PhoneLab-LoggerService: Logcat pid from database 1360
07-01 03:06:08.605 12979 12992 I PhoneLab-LoggerService: Logcat process found 1360
07-01 03:06:08.605 12979 12992 I PhoneLab-LoggerService: Checking Threshold
07-01 03:06:27.335   145   200 D DhcpInfoInternal: makeLinkProperties with empty dns2!
07-01 03:06:27.339   145   200 D DhcpInfoInternal: makeLinkProperties with empty dns2!
07-01 03:06:56.277 12690 12693 D dalvikvm: GC_CONCURRENT freed 511K, 14% free 10364K/11975K, paused 1ms+3ms
07-01 03:06:56.394 13093 13096 D dalvikvm: GC_CONCURRENT freed 448K, 6% free 10015K/10631K, paused 1ms+3ms
07-01 03:07:56.398 13093 13096 D dalvikvm: GC_CONCURRENT freed 464K, 7% free 9957K/10631K, paused 2ms+2ms
07-01 03:08:08.527 12979 12992 I PhoneLab-: Service Running
07-01 03:08:08.624 12979 12992 I PhoneLab-LoggerService: app_37    1360  1     1436   996   c00f181c 400107b4 S logcat
07-01 03:08:08.624 12979 12992 I PhoneLab-LoggerService: Logcat pid from database 1360
07-01 03:08:08.624 12979 12992 I PhoneLab-LoggerService: Logcat process found 1360
07-01 03:08:08.624 12979 12992 I PhoneLab-LoggerService: Checking Threshold
07-01 03:08:08.632 12979 12981 D dalvikvm: GC_CONCURRENT freed 384K, 6% free 9093K/9607K, paused 2ms+2ms
07-01 03:08:51.999   145   200 D DhcpInfoInternal: makeLinkProperties with empty dns2!
07-01 03:08:51.999   145   200 D DhcpInfoInternal: makeLinkProperties with empty dns2!
07-01 03:08:56.351 12690 12693 D dalvikvm: GC_CONCURRENT freed 508K, 14% free 10367K/11975K, paused 2ms+2ms
07-01 03:09:00.206   145   147 D dalvikvm: GC_CONCURRENT freed 1364K, 15% free 15412K/17927K, paused 22ms+7ms
07-01 03:09:07.769  8727 10851 I EventLogService: Aggregate from 1341124747594 (log), 1341124747594 (data)
07-01 03:09:56.456   145   156 D dalvikvm: GC_EXPLICIT freed 211K, 15% free 15291K/17927K, paused 2ms+4ms
07-01 03:09:56.534 13093 13096 D dalvikvm: GC_CONCURRENT freed 463K, 6% free 9998K/10631K, paused 2ms+3ms
07-01 03:10:08.527 12979 12992 I PhoneLab-: Service Running
07-01 03:10:08.605 12979 12992 I PhoneLab-LoggerService: app_37    1360  1     1436   996   c00f181c 400107b4 S logcat
07-01 03:10:08.605 12979 12992 I PhoneLab-LoggerService: Logcat pid from database 1360
07-01 03:10:08.605 12979 12992 I PhoneLab-LoggerService: Logcat process found 1360
07-01 03:10:08.605 12979 12992 I PhoneLab-LoggerService: Checking Threshold
07-01 03:10:56.468 12690 12693 D dalvikvm: GC_CONCURRENT freed 509K, 14% free 10369K/11975K, paused 1ms+3ms
07-01 03:10:56.585 13093 13096 D dalvikvm: GC_CONCURRENT freed 464K, 7% free 9955K/10631K, paused 2ms+1ms
07-01 03:11:16.886   145   200 D DhcpInfoInternal: makeLinkProperties with empty dns2!
07-01 03:11:16.890   145   200 D DhcpInfoInternal: makeLinkProperties with empty dns2!
07-01 03:11:56.671   216   216 D dalvikvm: GC_FOR_ALLOC freed 310K, 33% free 9687K/14343K, paused 19ms
07-01 03:11:56.726   216   218 D dalvikvm: GC_CONCURRENT freed 347K, 32% free 9829K/14343K, paused 2ms+3ms
07-01 03:11:56.804   216   218 D dalvikvm: GC_CONCURRENT freed 474K, 32% free 9797K/14343K, paused 2ms+3ms
07-01 03:12:00.706 12690 12693 D dalvikvm: GC_CONCURRENT freed 396K, 14% free 10358K/11975K, paused 2ms+16ms
07-01 03:12:00.730 13093 13096 D dalvikvm: GC_CONCURRENT freed 500K, 7% free 9967K/10631K, paused 1ms+4ms
07-01 03:12:00.843   216   218 D dalvikvm: GC_CONCURRENT freed 588K, 33% free 9671K/14343K, paused 2ms+3ms
07-01 03:12:00.898   216   218 D dalvikvm: GC_CONCURRENT freed 319K, 32% free 9804K/14343K, paused 1ms+3ms
07-01 03:12:00.992   216   218 D dalvikvm: GC_CONCURRENT freed 486K, 33% free 9739K/14343K, paused 1ms+3ms
07-01 03:12:08.527 12979 12992 I PhoneLab-: Service Running
07-01 03:12:08.605 12979 12992 I PhoneLab-LoggerService: app_37    1360  1     1436   996   c00f181c 400107b4 S logcat
07-01 03:12:08.605 12979 12992 I PhoneLab-LoggerService: Logcat pid from database 1360
07-01 03:12:08.605 12979 12992 I PhoneLab-LoggerService: Logcat process found 1360
07-01 03:12:08.605 12979 12992 I PhoneLab-LoggerService: Checking Threshold
07-01 03:12:56.667 13093 13096 D dalvikvm: GC_CONCURRENT freed 443K, 7% free 9962K/10631K, paused 1ms+2ms
07-01 03:13:29.199 13301 13301 I dalvikvm: Turning on JNI app bug workarounds for target SDK version 7...
07-01 03:13:29.202   145   175 I ActivityManager: Start proc com.google.android.maps.mytracks for service com.google.android.maps.mytracks/com.google.android.apps.mytracks.services.RemoveTempFilesService: pid=13301 uid=10072 gids={3003, 3002, 3001, 1015}
07-01 03:13:29.499 13301 13301 I ActivityThread: Pub com.google.android.maps.mytracks.search: com.google.android.apps.mytracks.content.SearchEngineProvider
07-01 03:13:29.503 13301 13301 I ActivityThread: Pub com.google.android.maps.mytracks: com.google.android.apps.mytracks.content.MyTracksProvider
07-01 03:13:41.761   145   200 D DhcpInfoInternal: makeLinkProperties with empty dns2!
07-01 03:13:41.765   145   200 D DhcpInfoInternal: makeLinkProperties with empty dns2!
07-01 03:13:56.624 12690 12693 D dalvikvm: GC_CONCURRENT freed 500K, 14% free 10369K/11975K, paused 1ms+3ms
07-01 03:14:08.527 12979 12992 I PhoneLab-: Service Running
07-01 03:14:08.593 12979 12992 I PhoneLab-LoggerService: app_37    1360  1     1436   996   c00f181c 400107b4 S logcat
07-01 03:14:08.593 12979 12992 I PhoneLab-LoggerService: Logcat pid from database 1360
07-01 03:14:08.593 12979 12992 I PhoneLab-LoggerService: Logcat process found 1360
07-01 03:14:08.593 12979 12992 I PhoneLab-LoggerService: Checking Threshold
07-01 03:14:56.761 13093 13096 D dalvikvm: GC_CONCURRENT freed 474K, 7% free 9992K/10631K, paused 2ms+3ms
07-01 03:15:56.765 12690 12693 D dalvikvm: GC_CONCURRENT freed 511K, 14% free 10369K/11975K, paused 2ms+2ms
07-01 03:15:56.870  8727  8729 D dalvikvm: GC_CONCURRENT freed 293K, 6% free 10163K/10759K, paused 2ms+8ms
07-01 03:15:56.929 13093 13096 D dalvikvm: GC_CONCURRENT freed 465K, 7% free 9960K/10631K, paused 1ms+2ms
07-01 03:16:06.636   145   200 D DhcpInfoInternal: makeLinkProperties with empty dns2!
07-01 03:16:06.640   145   200 D DhcpInfoInternal: makeLinkProperties with empty dns2!
07-01 03:16:08.527 12979 12992 I PhoneLab-: Service Running
07-01 03:16:08.605 12979 12992 I PhoneLab-LoggerService: app_37    1360  1     1436   996   c00f181c 400107b4 S logcat
07-01 03:16:08.605 12979 12992 I PhoneLab-LoggerService: Logcat pid from database 1360
07-01 03:16:08.605 12979 12992 I PhoneLab-LoggerService: Logcat process found 1360
07-01 03:16:08.605 12979 12992 I PhoneLab-LoggerService: Checking Threshold
07-01 03:16:56.851 13093 13362 D dalvikvm: GC_EXPLICIT freed 70K, 7% free 9897K/10631K, paused 4ms+2ms
07-01 03:16:57.187 12690 12693 D dalvikvm: GC_CONCURRENT freed 374K, 14% free 10387K/11975K, paused 2ms+6ms
07-01 03:17:56.952 13093 13096 D dalvikvm: GC_CONCURRENT freed 408K, 6% free 10001K/10631K, paused 2ms+2ms
07-01 03:18:08.527 12979 12992 I PhoneLab-: Service Running
07-01 03:18:08.613 12979 12992 I PhoneLab-LoggerService: app_37    1360  1     1436   996   c00f181c 400107b4 S logcat
07-01 03:18:08.617 12979 12992 I PhoneLab-LoggerService: Logcat pid from database 1360
07-01 03:18:08.617 12979 12992 I PhoneLab-LoggerService: Logcat process found 1360
07-01 03:18:08.617 12979 12992 I PhoneLab-LoggerService: Checking Threshold
07-01 03:18:31.511   145   200 D DhcpInfoInternal: makeLinkProperties with empty dns2!
07-01 03:18:31.515   145   200 D DhcpInfoInternal: makeLinkProperties with empty dns2!
07-01 03:18:56.917 12690 12693 D dalvikvm: GC_CONCURRENT freed 451K, 13% free 10448K/11975K, paused 2ms+2ms
07-01 03:18:57.042 13093 13096 D dalvikvm: GC_CONCURRENT freed 448K, 7% free 9951K/10631K, paused 1ms+2ms
07-01 03:20:08.527 12979 12992 I PhoneLab-: Service Running
07-01 03:20:08.624 12979 12992 I PhoneLab-LoggerService: app_37    1360  1     1436   996   c00f181c 400107b4 S logcat
07-01 03:20:08.624 12979 12992 I PhoneLab-LoggerService: Logcat pid from database 1360
07-01 03:20:08.624 12979 12992 I PhoneLab-LoggerService: Logcat process found 1360
07-01 03:20:08.624 12979 12992 I PhoneLab-LoggerService: Checking Threshold
07-01 03:20:57.105 12690 12693 D dalvikvm: GC_CONCURRENT freed 577K, 14% free 10383K/11975K, paused 2ms+3ms
07-01 03:20:57.222 13093 13096 D dalvikvm: GC_CONCURRENT freed 466K, 6% free 9995K/10631K, paused 1ms+2ms
07-01 03:21:25.812   145   401 E DhcpStateMachine: DHCP failed on wlan0: Timed out waiting for DHCP Renew to finish
07-01 03:21:26.038   145   200 E WifiStateMachine: IP configuration failed
07-01 03:21:26.113   306   306 I wpa_supplicant: wlan0: CTRL-EVENT-DISCONNECTED bssid=00:00:00:00:00:00 reason=0
07-01 03:21:26.159    75   115 D CommandListener: Clearing all IP addresses on wlan0
07-01 03:21:26.167   145   202 D ConnectivityService: ConnectivityChange for WIFI: DISCONNECTED/DISCONNECTED
07-01 03:21:26.199   145   202 D ConnectivityService: Attempting to switch to mobile
07-01 03:21:26.324   145   202 D ConnectivityService: Attempting to switch to WIMAX
07-01 03:21:26.324   145   202 D ConnectivityService: Attempting to switch to BLUETOOTH_TETHER
07-01 03:21:26.324   145   202 D NetUtils: android_net_utils_resetConnections in env=0x9a76d8 clazz=0x56b00001 iface=wlan0 mask=0x3
07-01 03:21:26.324   145   202 D ConnectivityService: resetConnections(wlan0, 3)
07-01 03:21:26.343   145   202 D ConnectivityService: ConnectivityChange for WIMAX: DISCONNECTED/SCANNING
07-01 03:21:26.343   145   202 D ConnectivityService: Attempting to switch to mobile
07-01 03:21:26.347   145   202 D ConnectivityService: Attempting to switch to WIFI
07-01 03:21:26.347   145   202 D ConnectivityService: Attempting to switch to BLUETOOTH_TETHER
07-01 03:21:26.394  8727  8831 W Smack/Packet: notify conn break (IOEx), close connection
07-01 03:21:26.499   145   147 D dalvikvm: GC_CONCURRENT freed 1392K, 14% free 15468K/17927K, paused 8ms+7ms
07-01 03:21:26.554  8727  8831 I qtaguid : Failed write_ctrl(u 80) res=-1 errno=22
07-01 03:21:26.554  8727  8831 I qtaguid : Untagging socket 80 failed errno=-22
07-01 03:21:26.554  8727  8831 W NetworkManagementSocketTagger: untagSocket(80) failed with errno -22
07-01 03:21:26.566   145   202 D ConnectivityService: handleInetConditionChange: no active default network - ignore
07-01 03:21:26.648   306   306 I wpa_supplicant: wlan0: Trying to associate with 94:44:52:17:be:7d (SSID='raikiri' freq=2437 MHz)
07-01 03:21:26.659   145  9966 I ActivityManager: Start proc android.process.acore for content provider com.android.providers.contacts/.ContactsProvider2: pid=13397 uid=10000 gids={3003, 1015}
07-01 03:21:26.671   306   306 I wpa_supplicant: wlan0: Associated with 94:44:52:17:be:7d
07-01 03:21:26.702   306   306 I wpa_supplicant: wlan0: WPA: Key negotiation completed with 94:44:52:17:be:7d [PTK=CCMP GTK=CCMP]
07-01 03:21:26.702   306   306 I wpa_supplicant: wlan0: CTRL-EVENT-CONNECTED - Connection to 94:44:52:17:be:7d completed (reauth) [id=2 id_str=]
07-01 03:21:26.773 13397 13397 I ActivityThread: Pub call_log: com.android.providers.contacts.CallLogProvider
07-01 03:21:26.816 13397 13397 I ActivityThread: Pub com.android.voicemail: com.android.providers.contacts.VoicemailContentProvider
07-01 03:21:26.816 13397 13397 I ActivityThread: Pub user_dictionary: com.android.providers.userdictionary.UserDictionaryProvider
07-01 03:21:26.855 13397 13397 I ActivityThread: Pub com.android.social: com.android.providers.contacts.SocialProvider
07-01 03:21:26.855 13397 13397 I ActivityThread: Pub applications: com.android.providers.applications.ApplicationsProvider
07-01 03:21:27.034 13397 13400 D dalvikvm: GC_CONCURRENT freed 333K, 5% free 9150K/9607K, paused 4ms+2ms
07-01 03:21:27.120   145   365 D dalvikvm: GC_EXPLICIT freed 332K, 15% free 15309K/17927K, paused 10ms+5ms
07-01 03:21:27.124 13397 13397 I ActivityThread: Pub contacts;com.android.contacts: com.android.providers.contacts.ContactsProvider2
07-01 03:21:27.468 13397 13400 D dalvikvm: GC_CONCURRENT freed 232K, 4% free 9370K/9735K, paused 6ms+3ms
07-01 03:21:27.488   145   200 D DhcpInfoInternal: makeLinkProperties with empty dns2!
07-01 03:21:27.488   145   200 D DhcpInfoInternal: makeLinkProperties with empty dns2!
07-01 03:21:27.492   145   202 D ConnectivityService: ConnectivityChange for WIFI: CONNECTED/CONNECTED
07-01 03:21:27.503 12979 12979 I PhoneLab-WiFiReceiver: Wi-Fi is connected!
07-01 03:21:27.507 12979 12979 I PhoneLab-WiFiReceiver: SSID: raikiri BSSID: 94:44:52:17:be:7d RSSI: -200 LinkSpeed: -1
07-01 03:21:27.511 12979 12979 I PhoneLab-Locks: wake lock acquired
07-01 03:21:27.527 12979 12979 I PhoneLab-UploadLogs: Transfering log files now
07-01 03:21:27.527 12979 12979 I PhoneLab-UploadLogs: No log files to transfer
07-01 03:21:27.527 12979 12979 I PhoneLab-Locks: wake lock released
07-01 03:21:27.534 12979 12979 I PhoneLab-UploadLogs: OnStartCommand
07-01 03:21:27.546   145   197 W NetworkStats: dropping UID delta from unknown iface: iface=wlan0 uid=0 set=DEFAULT tag=0x0 rxBytes=328 rxPackets=1 txBytes=216 txPackets=3 operations=0
07-01 03:21:28.550   145   202 D ConnectivityService: NetTransition Wakelock for WifiStateMachine released by timeout
07-01 03:21:28.882 13397 13400 D dalvikvm: GC_CONCURRENT freed 244K, 4% free 9550K/9927K, paused 15ms+7ms
07-01 03:21:29.374   145   206 D Tethering: MasterInitialState.processMessage what=3
07-01 03:21:29.534   145   162 I ActivityManager: Start proc android.process.media for broadcast com.android.providers.downloads/.DownloadReceiver: pid=13439 uid=10012 gids={1015, 1023, 1024, 2001, 3003, 3007}
07-01 03:21:29.542   145   206 D Tethering: MasterInitialState.processMessage what=3
07-01 03:21:29.628  8727  8727 I GTalkService/c: [AndroidEndpoint@1094161344] connect: acct=1000000, state=CONNECTING
07-01 03:21:29.636  8727  8727 I GTalkService/c: [GTalkConnection@1094682200] connect: acct=1, state=CONNECTING
07-01 03:21:29.839 13439 13439 I ActivityThread: Pub downloads: com.android.providers.downloads.DownloadProvider
07-01 03:21:29.867 13439 13439 I ActivityThread: Pub drm: com.android.providers.drm.DrmProvider
07-01 03:21:29.870 13439 13454 I DownloadManager: in removeSpuriousFiles
07-01 03:21:29.878 13439 13439 I ActivityThread: Pub media: com.android.providers.media.MediaProvider
07-01 03:21:30.120 13439 13454 I DownloadManager: in removeSpuriousFiles, preserving file /data/data/com.android.providers.downloads/cache/metadata.json
07-01 03:21:30.120 13439 13454 I DownloadManager: in removeSpuriousFiles, preserving file /data/data/com.android.providers.downloads/cache/en_general.htm
07-01 03:21:30.120 13439 13454 I DownloadManager: in removeSpuriousFiles, preserving file /mnt/sdcard/Download/img-thing.jpeg
07-01 03:21:30.124 13439 13454 I DownloadManager: in removeSpuriousFiles, preserving file /data/data/com.android.providers.downloads/cache/metadata-1.json
07-01 03:21:30.124 13439 13454 I DownloadManager: in removeSpuriousFiles, preserving file /data/data/com.android.providers.downloads/cache/downloadfile.jpeg
07-01 03:21:30.128 13439 13454 I DownloadManager: in removeSpuriousFiles, preserving file /data/data/com.android.providers.downloads/cache/metadata-2.json
07-01 03:21:30.128 13439 13454 I DownloadManager: in removeSpuriousFiles, preserving file /data/data/com.android.providers.downloads/cache/metadata-3.json
07-01 03:21:30.128 13439 13454 I DownloadManager: in removeSpuriousFiles, preserving file /data/data/com.android.providers.downloads/cache/downloadfile-1.apk
07-01 03:21:30.128 13439 13454 I DownloadManager: deleting spurious file /cache/backup
07-01 03:21:30.195   145  1150 I ActivityManager: Process com.android.sprintmenu (pid 12601) has died.
07-01 03:21:30.195   145  1150 W ActivityManager: Scheduling restart of crashed service com.android.sprintmenu/.HiddenPhoneService in 5000ms
07-01 03:21:30.589   145   206 D Tethering: MasterInitialState.processMessage what=3
07-01 03:21:30.749 13439 13441 D dalvikvm: GC_CONCURRENT freed 354K, 5% free 9166K/9607K, paused 16ms+2ms
07-01 03:21:31.261  8727  8729 D dalvikvm: GC_CONCURRENT freed 458K, 6% free 10142K/10759K, paused 2ms+41ms
07-01 03:21:31.335   145   395 I ActivityManager: Start proc com.google.android.apps.uploader for broadcast com.google.android.apps.uploader/.ConnectivityBroadcastReceiver: pid=13465 uid=10030 gids={3003}
07-01 03:21:31.351   145  1149 I ActivityManager: Process com.google.android.apps.maps:NetworkLocationService (pid 12690) has died.
07-01 03:21:31.351   145  1149 W ActivityManager: Scheduling restart of crashed service com.google.android.apps.maps/com.google.android.location.internal.server.NetworkLocationService in 13841ms
07-01 03:21:31.452 13465 13465 I dalvikvm: Turning on JNI app bug workarounds for target SDK version 11...
07-01 03:21:31.765 13465 13465 I ActivityThread: Pub com.google.android.apps.uploader: com.google.android.apps.uploader.UploadsContentProvider
07-01 03:21:31.769 13465 13465 I ActivityThread: Pub com.google.photos.provider.Album: com.google.android.apps.uploader.clients.picasa.AlbumProvider
07-01 03:21:31.773 13465 13465 D MediaUploader: UploaderApplication.onCreate
07-01 03:21:31.777  8727  8782 D dalvikvm: GC_EXPLICIT freed 91K, 7% free 10071K/10759K, paused 2ms+7ms
07-01 03:21:31.960 13465 13465 D MediaUploader: nonWifiLimit=20971520, default=20971520
07-01 03:21:31.980 13465 13465 I MediaUploader: No need to wake up
07-01 03:21:31.992 12979 12979 I PhoneLab-WiFiReceiver: Wi-Fi is disconnected!
07-01 03:21:32.253   145   361 I ActivityManager: Start proc com.google.android.youtube for broadcast com.google.android.youtube/.app.prefetch.PrefetchService$DeviceStateReceiver: pid=13481 uid=10057 gids={3003, 1015, 1006}
07-01 03:21:32.386   145   202 D ConnectivityService: handleInetConditionHoldEnd: net=1, condition=100, published condition=0
07-01 03:21:32.636 13481 13482 D dalvikvm: GC_CONCURRENT freed 169K, 3% free 9358K/9607K, paused 68ms+2ms
07-01 03:21:32.652   145   156 I ActivityManager: Process com.whatsapp (pid 12730) has died.
07-01 03:21:32.652   145   156 W ActivityManager: Scheduling restart of crashed service com.whatsapp/.messaging.MessageService in 22541ms
07-01 03:21:32.742 13481 13481 I ActivityThread: Pub com.google.android.youtube.SuggestionProvider: com.google.android.youtube.core.suggest.SuggestionProvider
07-01 03:21:33.945 13481 13482 D dalvikvm: GC_CONCURRENT freed 365K, 5% free 9500K/9991K, paused 22ms+3ms
07-01 03:21:33.945 13481 13490 W CursorWrapperInner: Cursor finalized without prior close()
07-01 03:21:33.945 13481 13490 W CursorWrapperInner: Cursor finalized without prior close()
07-01 03:21:34.214 13481 13482 D dalvikvm: GC_CONCURRENT freed 321K, 4% free 9726K/10119K, paused 1ms+3ms
07-01 03:21:34.320 13481 13482 D dalvikvm: GC_CONCURRENT freed 347K, 4% free 9912K/10311K, paused 2ms+7ms
07-01 03:21:34.429 13481 13482 D dalvikvm: GC_CONCURRENT freed 382K, 5% free 10049K/10503K, paused 2ms+4ms
07-01 03:21:34.523 13481 13482 D dalvikvm: GC_CONCURRENT freed 398K, 5% free 10226K/10695K, paused 2ms+3ms
07-01 03:21:34.566   145   395 I ActivityManager: Start proc com.google.android.gsf.login for service com.google.android.gsf.login/com.google.android.gsf.loginservice.GoogleLoginService: pid=13515 uid=10009 gids={3003, 1015, 1007, 2001, 3006}
07-01 03:21:35.042   145  9966 I ActivityManager: Start proc com.google.android.apps.docs for broadcast com.google.android.apps.docs/.receivers.NetworkChangeReceiver: pid=13536 uid=10077 gids={3003, 1015, 1006}
07-01 03:21:35.097    79    79 D dalvikvm: GC_EXPLICIT freed 38K, 4% free 9031K/9347K, paused 1ms+6ms
07-01 03:21:35.187    79    79 D dalvikvm: GC_EXPLICIT freed <1K, 4% free 9031K/9347K, paused 17ms+2ms
07-01 03:21:35.253    79    79 D dalvikvm: GC_EXPLICIT freed <1K, 4% free 9031K/9347K, paused 2ms+13ms
07-01 03:21:35.273   145   162 I ActivityManager: Start proc com.android.sprintmenu for service com.android.sprintmenu/.HiddenPhoneService: pid=13552 uid=1001 gids={3002, 3001, 3003, 1015}
07-01 03:21:35.308   145  1150 I ActivityManager: Process com.google.android.apps.googlevoice (pid 12779) has died.
07-01 03:21:35.308   145  1150 W ActivityManager: Scheduling restart of crashed service com.google.android.apps.googlevoice/.CallLogService in 29884ms
07-01 03:21:35.386   145  1150 I ActivityManager: Process com.xabber.androiddev (pid 12801) has died.
07-01 03:21:35.386   145  1150 W ActivityManager: Scheduling restart of crashed service com.xabber.androiddev/com.xabber.android.service.XMPPService in 39808ms
07-01 03:21:35.495 13536 13536 I PackageInfoHelper: Provided clientMode=RELEASE, packageInfo=PackageInfo{41384310 com.google.android.apps.docs}
07-01 03:21:35.503 13536 13536 I ActivityThread: Pub com.google.android.apps.docs.files: com.google.android.apps.docs.sync.filemanager.FileProvider
07-01 03:21:35.507 13536 13536 I ActivityThread: Pub com.google.android.apps.docs.doclist.search_suggest: com.google.android.apps.docs.doclist.DocListGlobalSearchSuggestionProvider
07-01 03:21:35.757   145   147 D dalvikvm: GC_CONCURRENT freed 1409K, 15% free 15359K/17927K, paused 23ms+8ms
07-01 03:21:35.800 13536 13537 D dalvikvm: GC_CONCURRENT freed 229K, 4% free 9307K/9607K, paused 2ms+2ms
07-01 03:21:35.960 13536 13537 D dalvikvm: GC_CONCURRENT freed 477K, 6% free 9377K/9927K, paused 1ms+2ms
07-01 03:21:36.046 13515 13518 D dalvikvm: GC_CONCURRENT freed 328K, 5% free 9175K/9607K, paused 2ms+6ms
07-01 03:21:36.089 13536 13537 D dalvikvm: GC_CONCURRENT freed 502K, 6% free 9414K/9991K, paused 2ms+3ms
07-01 03:21:36.171 13536 13537 D dalvikvm: GC_CONCURRENT freed 531K, 7% free 9449K/10055K, paused 1ms+3ms
07-01 03:21:36.269 13536 13537 D dalvikvm: GC_CONCURRENT freed 484K, 6% free 9476K/10055K, paused 1ms+3ms
07-01 03:21:36.316 13481 13482 D dalvikvm: GC_CONCURRENT freed 357K, 5% free 10312K/10759K, paused 79ms+4ms
07-01 03:21:36.437 13536 13537 D dalvikvm: GC_CONCURRENT freed 519K, 6% free 9524K/10119K, paused 5ms+3ms
07-01 03:21:36.554   145   348 I ActivityManager: Process com.google.android.apps.maps:LocationFriendService (pid 13093) has died.
07-01 03:21:36.644 13536 13537 D dalvikvm: GC_CONCURRENT freed 352K, 5% free 9640K/10119K, paused 2ms+2ms
07-01 03:21:36.761 13536 13536 D ContextScopeImpl: in ContextScope.getContextOrDefault for thread=1
07-01 03:21:36.761 13536 13536 D ContextScopeImpl: returning application context for thread=1
07-01 03:21:36.769 13536 13537 D dalvikvm: GC_CONCURRENT freed 382K, 5% free 9764K/10247K, paused 1ms+2ms
07-01 03:21:36.773 13536 13536 I FeatureCheckerImpl: Configured disabled features: []
07-01 03:21:36.773 13536 13536 D ContextScopeImpl: in ContextScope.getContextOrDefault for thread=1
07-01 03:21:36.773 13536 13536 D ContextScopeImpl: returning application context for thread=1
07-01 03:21:36.784 13536 13536 D ContextScopeImpl: in ContextScope.enter for thread=1
07-01 03:21:36.784 13536 13536 W ContextScopeImpl: thread=1 tried to enter the scope of the application context. Ignored.
07-01 03:21:36.784 13536 13536 D ContextScopeImpl: in ContextScope.getContextOrDefault for thread=1
07-01 03:21:36.784 13536 13536 D ContextScopeImpl: returning application context for thread=1
07-01 03:21:36.788 13536 13536 D DocListDatabase: openHelper points on new database: DocList.db
07-01 03:21:36.788 13536 13536 D DocListDatabase: in openWriteDatabase
07-01 03:21:36.800 13536 13536 I ActivityThread: Pub com.google.android.apps.docs.doclist.account_suggest: com.google.android.apps.docs.doclist.DocListAccountSuggestionProvider
07-01 03:21:36.800 13536 13536 D ContextScopeImpl: in ContextScope.enter for thread=1
07-01 03:21:36.800 13536 13536 W ContextScopeImpl: thread=1 tried to enter the scope of the application context. Ignored.
07-01 03:21:36.800 13536 13536 I ActivityThread: Pub com.google.android.apps.docs: com.google.android.apps.docs.providers.DocListProvider
07-01 03:21:36.800 13536 13536 D ContextScopeImpl: in ContextScope.enter for thread=1
07-01 03:21:36.800 13536 13536 W ContextScopeImpl: thread=1 tried to enter the scope of the application context. Ignored.
07-01 03:21:36.816 13536 13536 W ContextScopeImpl: thread=1 tried to enter the scope of the application context. Ignored.
07-01 03:21:36.831 13536 13572 W ContextScopeImpl: thread=1164 tried to enter the scope of the application context. Ignored.
07-01 03:21:36.968 13536 13536 W ContextScopeImpl: thread=1 tried to enter the scope of the application context. Ignored.
07-01 03:21:37.242  1248  1272 D PicasaSyncManager: active network: NetworkInfo: type: WIFI[], state: CONNECTED/CONNECTED, reason: (unspecified), extra: (none), roaming: false, failover: false, isAvailable: true
07-01 03:21:37.242  1248  1272 D PicasaSyncManager: background data: true
07-01 03:21:37.320 13465 13465 I MediaUploader: No need to wake up
07-01 03:21:37.374 13536 13536 W ContextScopeImpl: thread=1 tried to enter the scope of the application context. Ignored.
07-01 03:21:37.437 13465 13465 I MediaUploader: No need to wake up
07-01 03:21:37.492 13536 13536 W ContextScopeImpl: thread=1 tried to enter the scope of the application context. Ignored.
07-01 03:21:37.609   145   329 I ActivityManager: Start proc com.google.android.talk for broadcast com.google.android.talk/.ConnectionStateOnlineReceiver: pid=13587 uid=10045 gids={3003, 1015, 1006, 3002}
07-01 03:21:37.667  1248  1272 D PicasaSyncManager: active network: NetworkInfo: type: WIFI[], state: CONNECTED/CONNECTED, reason: (unspecified), extra: (none), roaming: false, failover: false, isAvailable: true
07-01 03:21:37.738  1248  1272 D PicasaSyncManager: background data: true
07-01 03:21:37.745  1248  1272 D PicasaSyncManager: active network: NetworkInfo: type: WIFI[], state: CONNECTED/CONNECTED, reason: (unspecified), extra: (none), roaming: false, failover: false, isAvailable: true
07-01 03:21:37.749  1248  1272 D PicasaSyncManager: background data: true
07-01 03:21:37.769 13481 13482 D dalvikvm: GC_CONCURRENT freed 360K, 5% free 10459K/10951K, paused 6ms+4ms
07-01 03:21:37.867 13587 13587 I ActivityThread: Pub com.google.android.talk.SuggestionProvider: com.google.android.talk.SuggestionsProvider
07-01 03:21:37.890  8727  8729 D dalvikvm: GC_CONCURRENT freed 350K, 6% free 10137K/10759K, paused 12ms+3ms
07-01 03:21:38.038 13587 13587 D vclib:CallStateClient: startListening
07-01 03:21:38.109 13587 13588 D dalvikvm: GC_CONCURRENT freed 134K, 3% free 9388K/9607K, paused 12ms+3ms
07-01 03:21:38.148   145   361 I ActivityManager: Process com.google.android.maps.mytracks (pid 13301) has died.
07-01 03:21:38.609 13481 13482 D dalvikvm: GC_CONCURRENT freed 374K, 5% free 10584K/11079K, paused 3ms+3ms
07-01 03:21:39.593   145   365 D dalvikvm: GC_EXPLICIT freed 784K, 15% free 15367K/17927K, paused 2ms+6ms
07-01 03:21:40.042   145   202 D ConnectivityService: ConnectivityChange for mobile: CONNECTED/CONNECTED
07-01 03:21:40.070   145   145 I ActivityManager: Process android.process.acore (pid 13397) has died.
07-01 03:21:40.117   145   202 D ConnectivityService: ConnectivityChange for mobile: DISCONNECTED/DISCONNECTED
07-01 03:21:40.117   145   202 D ConnectivityService: Attempting to switch to WIFI
07-01 03:21:40.156   145   202 D ConnectivityService: Attempting to switch to WIMAX
07-01 03:21:40.159   145   202 D ConnectivityService: Attempting to switch to BLUETOOTH_TETHER
07-01 03:21:40.159   145   202 D NetUtils: android_net_utils_resetConnections in env=0x9a76d8 clazz=0x72c00001 iface=rmnet0 mask=0x3
07-01 03:21:40.159   145   202 D ConnectivityService: resetConnections(rmnet0, 3)
07-01 03:21:43.210   145   206 D Tethering: MasterInitialState.processMessage what=3
07-01 03:21:43.312   145   206 D Tethering: MasterInitialState.processMessage what=3
07-01 03:21:43.351 13465 13465 I MediaUploader: No need to wake up
07-01 03:21:43.402 13536 13536 W ContextScopeImpl: thread=1 tried to enter the scope of the application context. Ignored.
07-01 03:21:43.472  1248  1272 D PicasaSyncManager: active network: NetworkInfo: type: WIFI[], state: CONNECTED/CONNECTED, reason: (unspecified), extra: (none), roaming: false, failover: false, isAvailable: true
07-01 03:21:43.476  1248  1272 D PicasaSyncManager: background data: true
07-01 03:21:43.495 13465 13465 I MediaUploader: No need to wake up
07-01 03:21:43.542 13536 13536 W ContextScopeImpl: thread=1 tried to enter the scope of the application context. Ignored.
07-01 03:21:43.577  1248  1272 D PicasaSyncManager: active network: NetworkInfo: type: WIFI[], state: CONNECTED/CONNECTED, reason: (unspecified), extra: (none), roaming: false, failover: false, isAvailable: true
07-01 03:21:43.581  1248  1272 D PicasaSyncManager: background data: true
07-01 03:21:43.808   145   202 D ConnectivityService: handleInetConditionHoldEnd: net=1, condition=100, published condition=100
07-01 03:21:45.261   145   162 I ActivityManager: Start proc com.google.android.apps.maps:NetworkLocationService for service com.google.android.apps.maps/com.google.android.location.internal.server.NetworkLocationService: pid=13625 uid=10056 gids={3003, 1015}
07-01 03:21:45.437 13625 13627 D dalvikvm: GC_CONCURRENT freed 158K, 3% free 9377K/9607K, paused 3ms+2ms
07-01 03:21:45.956 13625 13627 D dalvikvm: GC_CONCURRENT freed 167K, 3% free 9698K/9991K, paused 2ms+3ms
07-01 03:21:46.245 13625 13627 D dalvikvm: GC_CONCURRENT freed 159K, 3% free 10078K/10311K, paused 4ms+2ms
07-01 03:21:46.409 13625 13627 D dalvikvm: GC_CONCURRENT freed 666K, 8% free 9886K/10631K, paused 2ms+2ms
07-01 03:21:46.546   145   162 I ActivityManager: Start proc com.google.android.apps.maps:FriendService for broadcast com.google.android.apps.maps/com.google.googlenav.friend.android.ServiceReceiver: pid=13646 uid=10056 gids={3003, 1015}
07-01 03:21:46.695 13646 13648 D dalvikvm: GC_CONCURRENT freed 161K, 3% free 9375K/9607K, paused 2ms+2ms
07-01 03:21:46.831 13646 13648 D dalvikvm: GC_CONCURRENT freed 177K, 3% free 9666K/9927K, paused 1ms+2ms
07-01 03:21:46.952   145   329 I ActivityManager: Start proc com.google.android.apps.maps:LocationFriendService for broadcast com.google.android.apps.maps/com.google.googlenav.friend.reporting.LocationReportingIntentReceiver: pid=13659 uid=10056 gids={3003, 1015}
07-01 03:21:47.031   145  9966 I ActivityManager: Process com.google.android.talk (pid 13587) has died.
07-01 03:21:47.077 13659 13661 D dalvikvm: GC_CONCURRENT freed 163K, 3% free 9372K/9607K, paused 2ms+2ms
07-01 03:21:47.163 13625 13632 I dalvikvm: Total arena pages for JIT: 11
07-01 03:21:47.163 13625 13632 I dalvikvm: Total arena pages for JIT: 12
07-01 03:21:47.163 13625 13632 I dalvikvm: Total arena pages for JIT: 13
07-01 03:21:47.163 13625 13632 I dalvikvm: Total arena pages for JIT: 14
07-01 03:21:47.187 13625 13632 I dalvikvm: Total arena pages for JIT: 15
07-01 03:21:47.191 13625 13632 I dalvikvm: Total arena pages for JIT: 16
07-01 03:21:47.191 13625 13632 I dalvikvm: Total arena pages for JIT: 17
07-01 03:21:47.292 13659 13661 D dalvikvm: GC_CONCURRENT freed 210K, 4% free 9673K/9991K, paused 2ms+2ms
07-01 03:21:47.355 13625 13632 I dalvikvm: Total arena pages for JIT: 18
07-01 03:21:47.562 13659 13661 D dalvikvm: GC_CONCURRENT freed 213K, 4% free 9931K/10247K, paused 10ms+2ms
07-01 03:21:47.562   145   348 I ActivityManager: Process android.process.media (pid 13439) has died.
07-01 03:21:47.710 13625 13627 D dalvikvm: GC_CONCURRENT freed 270K, 5% free 10125K/10631K, paused 19ms+3ms
07-01 03:21:49.124 13625 13627 D dalvikvm: GC_CONCURRENT freed 459K, 6% free 10142K/10695K, paused 2ms+7ms
07-01 03:21:55.245   145   162 I ActivityManager: Start proc com.whatsapp for service com.whatsapp/.messaging.MessageService: pid=13683 uid=10068 gids={1015, 3003}
07-01 03:21:55.253 13683 13683 I dalvikvm: Turning on JNI app bug workarounds for target SDK version 7...
07-01 03:21:55.527 13683 13685 D dalvikvm: GC_CONCURRENT freed 169K, 3% free 9367K/9607K, paused 8ms+2ms
07-01 03:21:55.992 13683 13685 D dalvikvm: GC_CONCURRENT freed 276K, 4% free 9621K/9991K, paused 1ms+3ms
07-01 03:21:56.296   145   157 I ActivityManager: Start proc android.process.acore for content provider com.android.providers.contacts/.ContactsProvider2: pid=13703 uid=10000 gids={3003, 1015}
07-01 03:21:56.347   145   348 I ActivityManager: Process edu.buffalo.cse.phonelab.phonelabservices (pid 12979) has died.
07-01 03:21:56.347   145   348 W ActivityManager: Scheduling restart of crashed service edu.buffalo.cse.phonelab.phonelabservices/edu.buffalo.cse.phonelab.datalogger.LoggerService in 28845ms
07-01 03:21:56.406 13703 13703 I ActivityThread: Pub call_log: com.android.providers.contacts.CallLogProvider
07-01 03:21:56.417 13683 13683 I dalvikvm: Could not find method android.media.MediaMetadataRetriever.captureFrame, referenced from method com.whatsapp.q3.a
07-01 03:21:56.417 13683 13683 W dalvikvm: VFY: unable to resolve virtual method 501: Landroid/media/MediaMetadataRetriever;.captureFrame ()Landroid/graphics/Bitmap;
07-01 03:21:56.417 13683 13683 D dalvikvm: VFY: replacing opcode 0x6e at 0x0134
07-01 03:21:56.464 13703 13703 I ActivityThread: Pub com.android.voicemail: com.android.providers.contacts.VoicemailContentProvider
07-01 03:21:56.464 13703 13703 I ActivityThread: Pub user_dictionary: com.android.providers.userdictionary.UserDictionaryProvider
07-01 03:21:56.519 13703 13703 I ActivityThread: Pub com.android.social: com.android.providers.contacts.SocialProvider
07-01 03:21:56.523 13703 13703 I ActivityThread: Pub applications: com.android.providers.applications.ApplicationsProvider
07-01 03:21:56.702 13683 13685 D dalvikvm: GC_CONCURRENT freed 316K, 5% free 9799K/10247K, paused 2ms+2ms
07-01 03:21:56.753   145   147 D dalvikvm: GC_CONCURRENT freed 1523K, 15% free 15408K/17927K, paused 27ms+24ms
07-01 03:21:56.757 13703 13705 D dalvikvm: GC_CONCURRENT freed 333K, 5% free 9152K/9607K, paused 2ms+5ms
07-01 03:21:56.831 13703 13703 I ActivityThread: Pub contacts;com.android.contacts: com.android.providers.contacts.ContactsProvider2
07-01 03:21:56.956 13683 13685 D dalvikvm: GC_CONCURRENT freed 284K, 4% free 9965K/10375K, paused 18ms+4ms
07-01 03:21:57.921 13703 13705 D dalvikvm: GC_CONCURRENT freed 236K, 4% free 9373K/9735K, paused 2ms+2ms
07-01 03:21:58.695 13683 13685 D dalvikvm: GC_CONCURRENT freed 560K, 7% free 9881K/10567K, paused 18ms+3ms
07-01 03:21:59.722   145   145 I ActivityManager: Process com.google.android.apps.uploader (pid 13465) has died.
07-01 03:22:00.433 13703 13705 D dalvikvm: GC_CONCURRENT freed 232K, 4% free 9564K/9927K, paused 29ms+2ms
07-01 03:22:05.296   145   162 I ActivityManager: Start proc com.google.android.apps.googlevoice for service com.google.android.apps.googlevoice/.CallLogService: pid=13727 uid=10054 gids={3003, 1015}
07-01 03:22:05.909   145   156 I ActivityManager: Process com.google.android.youtube (pid 13481) has died.
07-01 03:22:05.952 13727 13729 D dalvikvm: GC_CONCURRENT freed 289K, 4% free 9239K/9607K, paused 25ms+2ms
07-01 03:22:15.249 13749 13749 D dalvikvm: Late-enabling CheckJNI
07-01 03:22:15.249   145   162 I ActivityManager: Start proc com.xabber.androiddev for service com.xabber.androiddev/com.xabber.android.service.XMPPService: pid=13749 uid=10063 gids={3003, 1015}
07-01 03:22:15.269 13749 13749 I dalvikvm: Turning on JNI app bug workarounds for target SDK version 9...
07-01 03:22:15.527 13749 13752 D dalvikvm: GC_CONCURRENT freed 223K, 4% free 9313K/9607K, paused 5ms+2ms
07-01 03:22:15.558 13749 13749 D dalvikvm: GC_FOR_ALLOC freed 302K, 6% free 9427K/9927K, paused 14ms
07-01 03:22:15.663 13749 13752 D dalvikvm: GC_CONCURRENT freed 178K, 3% free 9761K/10055K, paused 1ms+5ms
07-01 03:22:15.820 13749 13752 D dalvikvm: GC_CONCURRENT freed 315K, 4% free 9989K/10375K, paused 1ms+2ms
07-01 03:22:15.909 13749 13749 I com.xabber.android.service.XMPPService@41440258: onCreate
07-01 03:22:15.913 13749 13749 I com.xabber.android.data.Application@4136ffb0: onStart
07-01 03:22:15.925 13749 13763 I com.xabber.android.data.LogManager@4137efb0: onLoad
07-01 03:22:16.074 13749 13752 D dalvikvm: GC_CONCURRENT freed 297K, 5% free 10140K/10567K, paused 8ms+5ms
07-01 03:22:17.109 13749 13752 D dalvikvm: GC_CONCURRENT freed 267K, 4% free 10297K/10695K, paused 3ms+2ms
07-01 03:22:25.316   145   162 I ActivityManager: Start proc edu.buffalo.cse.phonelab.phonelabservices for service edu.buffalo.cse.phonelab.phonelabservices/edu.buffalo.cse.phonelab.datalogger.LoggerService: pid=13767 uid=10037 gids={3003, 1015, 1007, 2001}
07-01 03:22:25.327   145  1150 I ActivityManager: Process com.google.android.apps.docs (pid 13536) has died.
07-01 03:22:25.386 13767 13767 I PhoneLab-LoggerService: Start Logger Service
07-01 03:22:25.425 13767 13780 I PhoneLab-: Service Running
07-01 03:22:25.538 13767 13780 I PhoneLab-LoggerService: app_37    1360  1     1436   996   c00f181c 400107b4 S logcat
07-01 03:22:25.538 13767 13780 I PhoneLab-LoggerService: Logcat pid from database 1360
07-01 03:22:25.542 13767 13780 I PhoneLab-LoggerService: Logcat process found 1360
07-01 03:22:25.542 13767 13780 I PhoneLab-LoggerService: Checking Threshold
07-01 03:22:49.374  8727  8742 D dalvikvm: GC_EXPLICIT freed 325K, 6% free 10122K/10759K, paused 6ms+4ms
07-01 03:22:49.495   145   329 D dalvikvm: GC_EXPLICIT freed 830K, 15% free 15359K/17927K, paused 14ms+6ms
07-01 03:22:49.788 13659 13661 D dalvikvm: GC_CONCURRENT freed 496K, 6% free 9943K/10567K, paused 23ms+154ms
07-01 03:22:49.808 13659 13666 I dalvikvm: Total arena pages for JIT: 11
07-01 03:22:49.816 13659 13666 I dalvikvm: Total arena pages for JIT: 12
07-01 03:22:49.816 13659 13666 I dalvikvm: Total arena pages for JIT: 13
07-01 03:22:49.816 13659 13666 I dalvikvm: Total arena pages for JIT: 14
07-01 03:22:49.816 13659 13666 I dalvikvm: Total arena pages for JIT: 15
07-01 03:22:49.816 13659 13666 I dalvikvm: Total arena pages for JIT: 16
07-01 03:22:49.816 13659 13666 I dalvikvm: Total arena pages for JIT: 17
07-01 03:22:49.909   216   216 D dalvikvm: GC_FOR_ALLOC freed 419K, 33% free 9690K/14343K, paused 18ms
07-01 03:22:49.960   216   218 D dalvikvm: GC_CONCURRENT freed 350K, 32% free 9830K/14343K, paused 2ms+3ms
07-01 03:22:50.042   216   218 D dalvikvm: GC_CONCURRENT freed 480K, 32% free 9798K/14343K, paused 2ms+3ms
07-01 03:22:51.101   145   156 I ActivityManager: Process com.google.android.gsf.login (pid 13515) has died.
07-01 03:22:53.992 13659 13666 I dalvikvm: Total arena pages for JIT: 18
07-01 03:22:54.105 13659 13661 D dalvikvm: GC_CONCURRENT freed 411K, 5% free 10044K/10567K, paused 2ms+3ms
07-01 03:22:54.140   216   218 D dalvikvm: GC_CONCURRENT freed 402K, 32% free 9849K/14343K, paused 1ms+2ms
07-01 03:22:54.187   216   218 D dalvikvm: GC_CONCURRENT freed 631K, 33% free 9668K/14343K, paused 2ms+2ms
07-01 03:22:54.269   216   218 D dalvikvm: GC_CONCURRENT freed 311K, 32% free 9775K/14343K, paused 2ms+3ms
07-01 03:23:49.355 13625 13627 D dalvikvm: GC_CONCURRENT freed 511K, 6% free 10173K/10759K, paused 2ms+2ms
07-01 03:23:52.378   145   200 D DhcpInfoInternal: makeLinkProperties with empty dns2!
07-01 03:23:52.382   145   200 D DhcpInfoInternal: makeLinkProperties with empty dns2!
07-01 03:24:25.425 13767 13780 I PhoneLab-: Service Running
07-01 03:24:25.511 13767 13780 I PhoneLab-LoggerService: app_37    1360  1     1436   996   c00f181c 400107b4 S logcat
07-01 03:24:25.511 13767 13780 I PhoneLab-LoggerService: Logcat pid from database 1360
07-01 03:24:25.511 13767 13780 I PhoneLab-LoggerService: Logcat process found 1360
07-01 03:24:25.511 13767 13780 I PhoneLab-LoggerService: Checking Threshold
07-01 03:24:49.495 13659 13661 D dalvikvm: GC_CONCURRENT freed 541K, 6% free 9995K/10631K, paused 2ms+2ms
07-01 03:25:49.468 13625 13627 D dalvikvm: GC_CONCURRENT freed 509K, 6% free 10176K/10759K, paused 1ms+2ms
07-01 03:25:49.597 13659 13661 D dalvikvm: GC_CONCURRENT freed 467K, 7% free 9970K/10631K, paused 2ms+2ms
07-01 03:26:17.042   145   200 D DhcpInfoInternal: makeLinkProperties with empty dns2!
07-01 03:26:17.042   145   200 D DhcpInfoInternal: makeLinkProperties with empty dns2!
07-01 03:26:25.425 13767 13780 I PhoneLab-: Service Running
07-01 03:26:25.492 13767 13780 I PhoneLab-LoggerService: app_37    1360  1     1436   996   c00f181c 400107b4 S logcat
07-01 03:26:25.492 13767 13780 I PhoneLab-LoggerService: Logcat pid from database 1360
07-01 03:26:25.492 13767 13780 I PhoneLab-LoggerService: Logcat process found 1360
07-01 03:26:25.492 13767 13780 I PhoneLab-LoggerService: Checking Threshold
07-01 03:27:49.566 13625 13627 D dalvikvm: GC_CONCURRENT freed 502K, 6% free 10182K/10759K, paused 1ms+3ms
07-01 03:27:49.683 13659 13661 D dalvikvm: GC_CONCURRENT freed 467K, 7% free 9976K/10631K, paused 1ms+2ms
07-01 03:28:25.425 13767 13780 I PhoneLab-: Service Running
07-01 03:28:25.488 13767 13780 I PhoneLab-LoggerService: app_37    1360  1     1436   996   c00f181c 400107b4 S logcat
07-01 03:28:25.492 13767 13780 I PhoneLab-LoggerService: Logcat pid from database 1360
07-01 03:28:25.492 13767 13780 I PhoneLab-LoggerService: Logcat process found 1360
07-01 03:28:25.492 13767 13780 I PhoneLab-LoggerService: Checking Threshold
07-01 03:28:41.937   145   200 D DhcpInfoInternal: makeLinkProperties with empty dns2!
07-01 03:28:41.941   145   200 D DhcpInfoInternal: makeLinkProperties with empty dns2!
07-01 03:28:49.695 13659 13661 D dalvikvm: GC_CONCURRENT freed 460K, 7% free 9981K/10631K, paused 2ms+2ms
07-01 03:29:49.691 13625 13627 D dalvikvm: GC_CONCURRENT freed 558K, 6% free 10189K/10823K, paused 2ms+3ms
07-01 03:29:55.964 12870 12872 D dalvikvm: GC_CONCURRENT freed 364K, 5% free 10714K/11207K, paused 15ms+4ms
07-01 03:30:25.425 13767 13780 I PhoneLab-: Service Running
07-01 03:30:25.554 13767 13780 I PhoneLab-LoggerService: app_37    1360  1     1436   996   c00f181c 400107b4 S logcat
07-01 03:30:25.554 13767 13780 I PhoneLab-LoggerService: Logcat pid from database 1360
07-01 03:30:25.558 13767 13780 I PhoneLab-LoggerService: Logcat process found 1360
07-01 03:30:25.558 13767 13780 I PhoneLab-LoggerService: Checking Threshold
07-01 03:30:49.781 13659 13661 D dalvikvm: GC_CONCURRENT freed 461K, 6% free 9996K/10631K, paused 1ms+2ms
07-01 03:31:06.820   145   200 D DhcpInfoInternal: makeLinkProperties with empty dns2!
07-01 03:31:06.824   145   200 D DhcpInfoInternal: makeLinkProperties with empty dns2!
07-01 03:31:49.792 13625 13627 D dalvikvm: GC_CONCURRENT freed 508K, 6% free 10192K/10823K, paused 2ms+7ms
07-01 03:31:49.906 13659 13661 D dalvikvm: GC_CONCURRENT freed 455K, 7% free 9969K/10631K, paused 2ms+2ms
07-01 03:31:52.206 13767 13767 I PhoneLab-Locks: wake lock acquired
07-01 03:31:52.269 13767 13887 I PhoneLab-PeriodicCheckService: User info is synched
07-01 03:31:52.288 13767 13887 I PhoneLab-PeriodicCheckService: Logger Service is running
07-01 03:31:52.308 13767 13767 I PhoneLab-Locks: wake lock acquired
07-01 03:31:52.312 13767 13767 I PhoneLab-StatusMonitor: Status Monitoring is started
07-01 03:31:52.316 13767 13887 I PhoneLab-Locks: wake lock acquired
07-01 03:31:52.320 13767 13887 I PhoneLab-PeriodicCheckService: Rescheduling periodic checking...
07-01 03:31:52.324 13767 13887 I PhoneLab-Locks: wake lock released
07-01 03:31:52.359 13767 13767 E PhoneLab-PhoneLabManifest: java.io.FileNotFoundException: /data/data/edu.buffalo.cse.phonelab.phonelabservices/files/manifest.xml: open failed: ENOENT (No such file or directory)
07-01 03:31:52.363 13767 13769 D dalvikvm: GC_CONCURRENT freed 406K, 6% free 9115K/9607K, paused 2ms+6ms
07-01 03:31:52.409 13767 13767 I PhoneLab-Locks: wake lock released
07-01 03:31:52.409 13767 13767 I PhoneLab-UploadLogs: Transfering log files now
07-01 03:31:52.409 13767 13767 I PhoneLab-UploadLogs: No log files to transfer
07-01 03:31:52.409 13767 13767 I PhoneLab-Locks: wake lock released
07-01 03:31:52.413 13767 13767 I PhoneLab-UploadLogs: OnStartCommand
07-01 03:32:25.425 13767 13780 I PhoneLab-: Service Running
07-01 03:32:25.527 13767 13780 I PhoneLab-LoggerService: app_37    1360  1     1436   996   c00f181c 400107b4 S logcat
07-01 03:32:25.527 13767 13780 I PhoneLab-LoggerService: Logcat pid from database 1360
07-01 03:32:25.527 13767 13780 I PhoneLab-LoggerService: Logcat process found 1360
07-01 03:32:25.527 13767 13780 I PhoneLab-LoggerService: Checking Threshold
07-01 03:33:31.691   145   200 D DhcpInfoInternal: makeLinkProperties with empty dns2!
07-01 03:33:31.695   145   200 D DhcpInfoInternal: makeLinkProperties with empty dns2!
07-01 03:33:49.906 13625 13627 D dalvikvm: GC_CONCURRENT freed 506K, 6% free 10198K/10823K, paused 1ms+3ms
07-01 03:33:50.038 13659 13661 D dalvikvm: GC_CONCURRENT freed 444K, 6% free 10018K/10631K, paused 5ms+3ms
07-01 03:34:25.425 13767 13780 I PhoneLab-: Service Running
07-01 03:34:25.507 13767 13780 I PhoneLab-LoggerService: app_37    1360  1     1436   996   c00f181c 400107b4 S logcat
07-01 03:34:25.507 13767 13780 I PhoneLab-LoggerService: Logcat pid from database 1360
07-01 03:34:25.507 13767 13780 I PhoneLab-LoggerService: Logcat process found 1360
07-01 03:34:25.507 13767 13780 I PhoneLab-LoggerService: Checking Threshold
07-01 03:34:48.702   145   147 D dalvikvm: GC_CONCURRENT freed 1334K, 14% free 15486K/17927K, paused 11ms+6ms
07-01 03:34:49.992 13659 13661 D dalvikvm: GC_CONCURRENT freed 473K, 7% free 9976K/10631K, paused 2ms+2ms
07-01 03:35:06.566   145   161 V BackupManagerService: Running a backup pass
07-01 03:35:06.577   145   215 V BackupManagerService: Backup requested but nothing pending
07-01 03:35:48.722   145   157 D dalvikvm: GC_EXPLICIT freed 279K, 15% free 15331K/17927K, paused 22ms+6ms
07-01 03:35:50.046 13625 13627 D dalvikvm: GC_CONCURRENT freed 512K, 6% free 10198K/10823K, paused 2ms+2ms
07-01 03:35:56.566   145   200 D DhcpInfoInternal: makeLinkProperties with empty dns2!
07-01 03:35:56.570   145   200 D DhcpInfoInternal: makeLinkProperties with empty dns2!
07-01 03:36:25.425 13767 13780 I PhoneLab-: Service Running
07-01 03:36:25.488 13767 13780 I PhoneLab-LoggerService: app_37    1360  1     1436   996   c00f181c 400107b4 S logcat
07-01 03:36:25.488 13767 13780 I PhoneLab-LoggerService: Logcat pid from database 1360
07-01 03:36:25.488 13767 13780 I PhoneLab-LoggerService: Logcat process found 1360
07-01 03:36:25.488 13767 13780 I PhoneLab-LoggerService: Checking Threshold
07-01 03:36:50.226 13659 13661 D dalvikvm: GC_CONCURRENT freed 461K, 6% free 10024K/10631K, paused 2ms+2ms
07-01 03:37:50.156 13625 13627 D dalvikvm: GC_CONCURRENT freed 517K, 6% free 10193K/10823K, paused 2ms+2ms
07-01 03:37:50.269 13659 13661 D dalvikvm: GC_CONCURRENT freed 474K, 7% free 9974K/10631K, paused 2ms+2ms
07-01 03:38:21.230   145   200 D DhcpInfoInternal: makeLinkProperties with empty dns2!
07-01 03:38:21.230   145   200 D DhcpInfoInternal: makeLinkProperties with empty dns2!
07-01 03:38:25.425 13767 13780 I PhoneLab-: Service Running
07-01 03:38:25.507 13767 13780 I PhoneLab-LoggerService: app_37    1360  1     1436   996   c00f181c 400107b4 S logcat
07-01 03:38:25.507 13767 13780 I PhoneLab-LoggerService: Logcat pid from database 1360
07-01 03:38:25.507 13767 13780 I PhoneLab-LoggerService: Logcat process found 1360
07-01 03:38:25.507 13767 13780 I PhoneLab-LoggerService: Checking Threshold
07-01 03:38:50.390 13625 13627 D dalvikvm: GC_CONCURRENT freed 373K, 6% free 10249K/10823K, paused 5ms+3ms
07-01 03:39:07.863  8727 11383 I EventLogService: Aggregate from 1341126547779 (log), 1341126547779 (data)
07-01 03:39:50.292 13625 13627 D dalvikvm: GC_CONCURRENT freed 483K, 6% free 10333K/10887K, paused 1ms+3ms
07-01 03:39:50.406 13659 13661 D dalvikvm: GC_CONCURRENT freed 481K, 6% free 10005K/10631K, paused 1ms+2ms
07-01 03:40:25.425 13767 13780 I PhoneLab-: Service Running
07-01 03:40:25.515   145   348 I ActivityManager: Process com.google.android.apps.maps:LocationFriendService (pid 13659) has died.
07-01 03:40:25.554 13767 13780 I PhoneLab-LoggerService: app_37    1360  1     1436   996   c00f181c 400107b4 S logcat
07-01 03:40:25.554 13767 13780 I PhoneLab-LoggerService: Logcat pid from database 1360
07-01 03:40:25.554 13767 13780 I PhoneLab-LoggerService: Logcat process found 1360
07-01 03:40:25.554 13767 13780 I PhoneLab-LoggerService: Checking Threshold
07-01 03:40:46.136   145   200 D DhcpInfoInternal: makeLinkProperties with empty dns2!
07-01 03:40:46.144   145   200 D DhcpInfoInternal: makeLinkProperties with empty dns2!
07-01 03:40:50.331   145  1150 I ActivityManager: Start proc com.google.android.apps.maps:LocationFriendService for service com.google.android.apps.maps/com.google.googlenav.friend.reporting.LocationReceiverService: pid=13985 uid=10056 gids={3003, 1015}
07-01 03:40:50.359    79    79 D dalvikvm: GC_EXPLICIT freed 38K, 4% free 9031K/9347K, paused 1ms+2ms
07-01 03:40:50.402    79    79 D dalvikvm: GC_EXPLICIT freed <1K, 4% free 9031K/9347K, paused 5ms+2ms
07-01 03:40:50.449    79    79 D dalvikvm: GC_EXPLICIT freed <1K, 4% free 9031K/9347K, paused 1ms+2ms
07-01 03:40:50.507 13985 13988 D dalvikvm: GC_CONCURRENT freed 178K, 3% free 9357K/9607K, paused 2ms+2ms
07-01 03:40:50.777 13985 13988 D dalvikvm: GC_CONCURRENT freed 162K, 3% free 9686K/9927K, paused 15ms+2ms
07-01 03:40:51.214 13985 13988 D dalvikvm: GC_CONCURRENT freed 313K, 4% free 9925K/10311K, paused 1ms+3ms
07-01 03:41:50.370 13625 13627 D dalvikvm: GC_CONCURRENT freed 547K, 6% free 10328K/10951K, paused 2ms+2ms
07-01 03:41:50.402 13985 13992 I dalvikvm: Total arena pages for JIT: 11
07-01 03:41:50.402 13985 13992 I dalvikvm: Total arena pages for JIT: 12
07-01 03:41:50.402 13985 13992 I dalvikvm: Total arena pages for JIT: 13
07-01 03:41:50.406 13985 13992 I dalvikvm: Total arena pages for JIT: 14
07-01 03:41:50.406 13985 13992 I dalvikvm: Total arena pages for JIT: 15
07-01 03:41:50.406 13985 13992 I dalvikvm: Total arena pages for JIT: 16
07-01 03:41:50.406 13985 13992 I dalvikvm: Total arena pages for JIT: 17
07-01 03:41:50.445 13985 13992 I dalvikvm: Total arena pages for JIT: 18
07-01 03:41:50.527 13985 13988 D dalvikvm: GC_CONCURRENT freed 467K, 6% free 10006K/10567K, paused 2ms+2ms
07-01 03:42:25.425 13767 13780 I PhoneLab-: Service Running
07-01 03:42:25.507 13767 13780 I PhoneLab-LoggerService: app_37    1360  1     1436   996   c00f181c 400107b4 S logcat
07-01 03:42:25.507 13767 13780 I PhoneLab-LoggerService: Logcat pid from database 1360
07-01 03:42:25.507 13767 13780 I PhoneLab-LoggerService: Logcat process found 1360
07-01 03:42:25.507 13767 13780 I PhoneLab-LoggerService: Checking Threshold
07-01 03:42:50.531  8727  8729 D dalvikvm: GC_CONCURRENT freed 312K, 6% free 10196K/10759K, paused 2ms+8ms
07-01 03:43:11.023   145   200 D DhcpInfoInternal: makeLinkProperties with empty dns2!
07-01 03:43:11.027   145   200 D DhcpInfoInternal: makeLinkProperties with empty dns2!
07-01 03:43:29.218  1248  2577 I SqliteDatabaseCpp: sqlite returned: error code = 1, msg = no such column: wipeout_stats, db=/data/data/com.google.android.apps.plus/databases/picasa.db
07-01 03:43:29.230  1248  2577 W System.err: android.database.sqlite.SQLiteException: no such column: wipeout_stats: , while compiling: SELECT wipeout_stats  FROM account_status
07-01 03:43:29.351  1248  2577 W System.err: 	at android.database.sqlite.SQLiteCompiledSql.native_compile(Native Method)
07-01 03:43:29.359  1248  2577 W System.err: 	at android.database.sqlite.SQLiteCompiledSql.<init>(SQLiteCompiledSql.java:68)
07-01 03:43:29.359  1248  2577 W System.err: 	at android.database.sqlite.SQLiteProgram.compileSql(SQLiteProgram.java:143)
07-01 03:43:29.363  1248  2577 W System.err: 	at android.database.sqlite.SQLiteProgram.compileAndbindAllArgs(SQLiteProgram.java:361)
07-01 03:43:29.363  1248  2577 W System.err: 	at android.database.sqlite.SQLiteStatement.acquireAndLock(SQLiteStatement.java:260)
07-01 03:43:29.367  1248  2577 W System.err: 	at android.database.sqlite.SQLiteStatement.simpleQueryForLong(SQLiteStatement.java:137)
07-01 03:43:29.367  1248  2577 W System.err: 	at android.database.DatabaseUtils.longForQuery(DatabaseUtils.java:791)
07-01 03:43:29.367  1248  2577 W System.err: 	at android.database.DatabaseUtils.longForQuery(DatabaseUtils.java:779)
07-01 03:43:29.370  1248  2577 W System.err: 	at com.google.android.apps.plus.content.EsAccountsData.isContactsStatsWipeoutNeeded(EsAccountsData.java:641)
07-01 03:43:29.370  1248  2577 W System.err: 	at com.google.android.apps.plus.service.EsService.processIntent(EsService.java:4246)
07-01 03:43:29.370  1248  2577 W System.err: 	at com.google.android.apps.plus.service.ServiceThread$1.run(ServiceThread.java:50)
07-01 03:43:29.374  1248  2577 W System.err: 	at android.os.Handler.handleCallback(Handler.java:605)
07-01 03:43:29.374  1248  2577 W System.err: 	at android.os.Handler.dispatchMessage(Handler.java:92)
07-01 03:43:29.382  1248  2577 W System.err: 	at android.os.Looper.loop(Looper.java:137)
07-01 03:43:29.382  1248  2577 W System.err: 	at com.google.android.apps.plus.service.ServiceThread.run(ServiceThread.java:122)
07-01 03:43:35.827  1248  1250 D dalvikvm: GC_CONCURRENT freed 1866K, 23% free 20221K/26247K, paused 41ms+10ms
07-01 03:43:39.788  1248  1250 D dalvikvm: GC_CONCURRENT freed 1326K, 21% free 20865K/26247K, paused 15ms+6ms
07-01 03:43:41.374  1248  1250 D dalvikvm: GC_CONCURRENT freed 1500K, 19% free 21294K/26247K, paused 2ms+5ms
07-01 03:43:44.023  1248  1250 D dalvikvm: GC_CONCURRENT freed 3090K, 24% free 20129K/26247K, paused 3ms+11ms
07-01 03:43:44.242  1248 14034 I SqliteDatabaseCpp: sqlite returned: error code = 1, msg = no such column: last_stats_sync_time, db=/data/data/com.google.android.apps.plus/databases/picasa.db
07-01 03:43:44.245  1248 14034 E EsSyncAdapterService: Sync failure
07-01 03:43:44.245  1248 14034 E EsSyncAdapterService: android.database.sqlite.SQLiteException: no such column: last_stats_sync_time: , while compiling: SELECT last_stats_sync_time  FROM account_status
07-01 03:43:44.245  1248 14034 E EsSyncAdapterService: 	at android.database.sqlite.SQLiteCompiledSql.native_compile(Native Method)
07-01 03:43:44.245  1248 14034 E EsSyncAdapterService: 	at android.database.sqlite.SQLiteCompiledSql.<init>(SQLiteCompiledSql.java:68)
07-01 03:43:44.245  1248 14034 E EsSyncAdapterService: 	at android.database.sqlite.SQLiteProgram.compileSql(SQLiteProgram.java:143)
07-01 03:43:44.245  1248 14034 E EsSyncAdapterService: 	at android.database.sqlite.SQLiteProgram.compileAndbindAllArgs(SQLiteProgram.java:361)
07-01 03:43:44.245  1248 14034 E EsSyncAdapterService: 	at android.database.sqlite.SQLiteStatement.acquireAndLock(SQLiteStatement.java:260)
07-01 03:43:44.245  1248 14034 E EsSyncAdapterService: 	at android.database.sqlite.SQLiteStatement.simpleQueryForLong(SQLiteStatement.java:137)
07-01 03:43:44.245  1248 14034 E EsSyncAdapterService: 	at android.database.DatabaseUtils.longForQuery(DatabaseUtils.java:791)
07-01 03:43:44.245  1248 14034 E EsSyncAdapterService: 	at android.database.DatabaseUtils.longForQuery(DatabaseUtils.java:779)
07-01 03:43:44.245  1248 14034 E EsSyncAdapterService: 	at com.google.android.apps.plus.content.EsAccountsData.queryLastStatsSyncTimestamp(EsAccountsData.java:570)
07-01 03:43:44.245  1248 14034 E EsSyncAdapterService: 	at com.google.android.apps.plus.service.EsSyncAdapterService.syncContactsStatsIfNecessary(EsSyncAdapterService.java:670)
07-01 03:43:44.245  1248 14034 E EsSyncAdapterService: 	at com.google.android.apps.plus.service.EsSyncAdapterService.doFullSync(EsSyncAdapterService.java:633)
07-01 03:43:44.245  1248 14034 E EsSyncAdapterService: 	at com.google.android.apps.plus.service.EsSyncAdapterService.doSync(EsSyncAdapterService.java:566)
07-01 03:43:44.245  1248 14034 E EsSyncAdapterService: 	at com.google.android.apps.plus.service.EsSyncAdapterService.access$100(EsSyncAdapterService.java:52)
07-01 03:43:44.245  1248 14034 E EsSyncAdapterService: 	at com.google.android.apps.plus.service.EsSyncAdapterService$SyncAdapterImpl.onPerformSync(EsSyncAdapterService.java:408)
07-01 03:43:44.245  1248 14034 E EsSyncAdapterService: 	at android.content.AbstractThreadedSyncAdapter$SyncThread.run(AbstractThreadedSyncAdapter.java:247)
07-01 03:43:44.257   145   169 D SyncManager: failed sync operation lokeshmandvekar@gmail.com (com.google), com.google.android.apps.plus.content.EsProvider, SERVER, earliestRunTime 19800091, SyncResult: stats [ numParseExceptions: 1]
07-01 03:43:44.269   145   169 D SyncManager: not retrying sync operation because the error is a hard error: lokeshmandvekar@gmail.com (com.google), com.google.android.apps.plus.content.EsProvider, SERVER, earliestRunTime 19815153
07-01 03:43:49.761 13703 13705 D dalvikvm: GC_CONCURRENT freed 490K, 7% free 9495K/10119K, paused 2ms+3ms
07-01 03:43:50.179  1248  1250 D dalvikvm: GC_CONCURRENT freed 1893K, 24% free 20183K/26247K, paused 2ms+5ms
07-01 03:43:50.417   145   365 D dalvikvm: GC_EXPLICIT freed 968K, 14% free 15421K/17927K, paused 3ms+7ms
07-01 03:43:50.519 13625 13627 D dalvikvm: GC_CONCURRENT freed 508K, 6% free 10331K/10951K, paused 2ms+3ms
07-01 03:43:50.660 13985 13988 D dalvikvm: GC_CONCURRENT freed 603K, 7% free 9955K/10631K, paused 1ms+3ms
07-01 03:43:52.089 13703 13705 D dalvikvm: GC_CONCURRENT freed 320K, 6% free 9560K/10119K, paused 2ms+3ms
07-01 03:43:52.163 13683 13685 D dalvikvm: GC_CONCURRENT freed 273K, 6% free 9993K/10567K, paused 2ms+3ms
07-01 03:44:25.425 13767 13780 I PhoneLab-: Service Running
07-01 03:44:25.535 13767 13780 I PhoneLab-LoggerService: app_37    1360  1     1436   996   c00f181c 400107b4 S logcat
07-01 03:44:25.535 13767 13780 I PhoneLab-LoggerService: Logcat pid from database 1360
07-01 03:44:25.535 13767 13780 I PhoneLab-LoggerService: Logcat process found 1360
07-01 03:44:25.535 13767 13780 I PhoneLab-LoggerService: Checking Threshold
07-01 03:44:29.839   145   361 I ActivityManager: Start proc com.google.android.gsf.login for service com.google.android.gsf.login/com.google.android.gsf.loginservice.GoogleLoginService: pid=14048 uid=10009 gids={3003, 1015, 1007, 2001, 3006}
07-01 03:44:29.960 13703 14036 D dalvikvm: GC_EXPLICIT freed 285K, 7% free 9489K/10119K, paused 7ms+5ms
07-01 03:44:30.171 13683 13685 D dalvikvm: GC_CONCURRENT freed 420K, 6% free 10022K/10567K, paused 2ms+2ms
07-01 03:45:35.683   145   200 D DhcpInfoInternal: makeLinkProperties with empty dns2!
07-01 03:45:35.683   145   200 D DhcpInfoInternal: makeLinkProperties with empty dns2!
07-01 03:45:50.632 13625 13627 D dalvikvm: GC_CONCURRENT freed 518K, 6% free 10325K/10951K, paused 2ms+2ms
07-01 03:45:50.734 13985 13988 D dalvikvm: GC_CONCURRENT freed 478K, 7% free 9957K/10631K, paused 1ms+7ms
07-01 03:46:25.425 13767 13780 I PhoneLab-: Service Running
07-01 03:46:25.538 13767 13780 I PhoneLab-LoggerService: app_37    1360  1     1436   996   c00f181c 400107b4 S logcat
07-01 03:46:25.538 13767 13780 I PhoneLab-LoggerService: Logcat pid from database 1360
07-01 03:46:25.538 13767 13780 I PhoneLab-LoggerService: Logcat process found 1360
07-01 03:46:25.538 13767 13780 I PhoneLab-LoggerService: Checking Threshold
07-01 03:46:50.796 13985 13988 D dalvikvm: GC_CONCURRENT freed 426K, 6% free 10024K/10631K, paused 1ms+3ms
07-01 03:47:50.765 13625 13627 D dalvikvm: GC_CONCURRENT freed 508K, 6% free 10328K/10951K, paused 2ms+3ms
07-01 03:47:51.113   216   218 D dalvikvm: GC_CONCURRENT freed 342K, 32% free 9874K/14343K, paused 5ms+6ms
07-01 03:47:51.156   216   218 D dalvikvm: GC_CONCURRENT freed 609K, 33% free 9675K/14343K, paused 2ms+2ms
07-01 03:47:51.347   216   216 D dalvikvm: GC_FOR_ALLOC freed 377K, 33% free 9674K/14343K, paused 44ms
07-01 03:47:55.386 13985 13988 D dalvikvm: GC_CONCURRENT freed 516K, 6% free 10014K/10631K, paused 5ms+3ms
07-01 03:47:55.480   216   216 D dalvikvm: GC_FOR_ALLOC freed 385K, 33% free 9671K/14343K, paused 17ms
07-01 03:47:55.538   216   218 D dalvikvm: GC_CONCURRENT freed 318K, 32% free 9803K/14343K, paused 2ms+2ms
07-01 03:47:55.691   216   218 D dalvikvm: GC_CONCURRENT freed 510K, 33% free 9680K/14343K, paused 3ms+5ms
07-01 03:48:00.581   145   200 D DhcpInfoInternal: makeLinkProperties with empty dns2!
07-01 03:48:00.585   145   200 D DhcpInfoInternal: makeLinkProperties with empty dns2!
07-01 03:48:25.425 13767 13780 I PhoneLab-: Service Running
07-01 03:48:25.511 13767 13780 I PhoneLab-LoggerService: app_37    1360  1     1436   996   c00f181c 400107b4 S logcat
07-01 03:48:25.511 13767 13780 I PhoneLab-LoggerService: Logcat pid from database 1360
07-01 03:48:25.511 13767 13780 I PhoneLab-LoggerService: Logcat process found 1360
07-01 03:48:25.511 13767 13780 I PhoneLab-LoggerService: Checking Threshold
07-01 03:48:25.523 13767 13769 D dalvikvm: GC_CONCURRENT freed 463K, 6% free 9105K/9671K, paused 8ms+2ms
07-01 03:48:50.902   145   365 D dalvikvm: GC_EXPLICIT freed 711K, 15% free 15390K/17927K, paused 8ms+6ms
07-01 03:49:50.886 13625 13627 D dalvikvm: GC_CONCURRENT freed 506K, 6% free 10334K/10951K, paused 1ms+3ms
07-01 03:49:50.980 13985 13988 D dalvikvm: GC_CONCURRENT freed 534K, 7% free 9958K/10631K, paused 1ms+2ms
07-01 03:50:25.245   145   200 D DhcpInfoInternal: makeLinkProperties with empty dns2!
07-01 03:50:25.245   145   200 D DhcpInfoInternal: makeLinkProperties with empty dns2!
07-01 03:50:25.425 13767 13780 I PhoneLab-: Service Running
07-01 03:50:25.488 13767 13780 I PhoneLab-LoggerService: app_37    1360  1     1436   996   c00f181c 400107b4 S logcat
07-01 03:50:25.488 13767 13780 I PhoneLab-LoggerService: Logcat pid from database 1360
07-01 03:50:25.492 13767 13780 I PhoneLab-LoggerService: Logcat process found 1360
07-01 03:50:25.492 13767 13780 I PhoneLab-LoggerService: Checking Threshold
07-01 03:50:49.445   145   169 I ActivityManager: Start proc com.google.android.apps.currents for service com.google.android.apps.currents/com.google.apps.dots.android.app.service.SyncService: pid=14137 uid=10078 gids={3003, 1015}
07-01 03:50:49.867 14137 14137 I ActivityThread: Pub com.google.apps.dots.android.app.provider.SuggestionProvider: com.google.apps.dots.android.app.provider.SuggestionProvider
07-01 03:50:49.894 14137 14137 I ActivityThread: Pub com.google.android.apps.currents.exported: com.google.apps.dots.android.app.provider.ExportedContentProvider
07-01 03:50:50.019 14137 14140 D dalvikvm: GC_CONCURRENT freed 160K, 3% free 9375K/9607K, paused 4ms+10ms
07-01 03:50:50.023   145   329 I ActivityManager: Process com.google.android.apps.maps:FriendService (pid 13646) has died.
07-01 03:50:50.097 14137 14140 D dalvikvm: GC_CONCURRENT freed 322K, 5% free 9522K/9991K, paused 1ms+2ms
07-01 03:50:50.202 14137 14140 D dalvikvm: GC_CONCURRENT freed 171K, 3% free 9827K/10119K, paused 2ms+2ms
07-01 03:50:50.413 14137 14140 D dalvikvm: GC_CONCURRENT freed 234K, 4% free 10099K/10439K, paused 2ms+3ms
07-01 03:50:50.456 14137 14137 I DotsContentUris: content://com.google.android.apps.currents
07-01 03:50:50.472 14137 14137 I ActivityThread: Pub com.google.android.apps.currents: com.google.apps.dots.android.app.provider.DotsContentProvider
07-01 03:50:50.484 14137 14137 I DotsApplication: Starting up...
07-01 03:50:50.718 14137 14140 D dalvikvm: GC_CONCURRENT freed 401K, 5% free 10126K/10631K, paused 2ms+2ms
07-01 03:50:51.070 14137 14140 D dalvikvm: GC_CONCURRENT freed 303K, 5% free 10314K/10759K, paused 7ms+3ms
07-01 03:50:51.097   145  1149 I ActivityManager: Process com.google.android.gsf.login (pid 14048) has died.
07-01 03:50:51.105 13985 13988 D dalvikvm: GC_CONCURRENT freed 469K, 6% free 10000K/10631K, paused 1ms+8ms
07-01 03:50:51.218 14137 14162 I SyncService: Starting sync (03:50:51)
07-01 03:50:52.687   145 14160 I ActivityManager: Applications Memory Usage (kB):
07-01 03:50:52.687   145 14160 I ActivityManager: Uptime: 20242060 Realtime: 20242059
07-01 03:50:52.687   145 14160 I ActivityManager: Total PSS by OOM adjustment:
07-01 03:50:52.687   145 14160 I ActivityManager:     21811 kB: System
07-01 03:50:52.687   145 14160 I ActivityManager:                21811 kB: system (pid 145)
07-01 03:50:52.687   145 14160 I ActivityManager:     23945 kB: Persistent
07-01 03:50:52.687   145 14160 I ActivityManager:                10406 kB: com.android.systemui (pid 216)
07-01 03:50:52.687   145 14160 I ActivityManager:                 9696 kB: com.android.phone (pid 345)
07-01 03:50:52.687   145 14160 I ActivityManager:                 3843 kB: com.android.nfc (pid 362)
07-01 03:50:52.687   145 14160 I ActivityManager:     25749 kB: Foreground
07-01 03:50:52.687   145 14160 I ActivityManager:                25749 kB: com.android.launcher (pid 375)
07-01 03:50:52.687   145 14160 I ActivityManager:     13453 kB: Visible
07-01 03:50:52.687   145 14160 I ActivityManager:                10691 kB: com.google.android.apps.currents (pid 14137)
07-01 03:50:52.687   145 14160 I ActivityManager:                 2762 kB: com.android.smspush (pid 454)
07-01 03:50:52.687   145 14160 I ActivityManager:      6223 kB: Perceptible
07-01 03:50:52.687   145 14160 I ActivityManager:                 6223 kB: com.klye.ime.latin (pid 322)
07-01 03:50:52.687   145 14160 I ActivityManager:     30506 kB: A Services
07-01 03:50:52.687   145 14160 I ActivityManager:                10365 kB: com.google.process.gapps (pid 8727)
07-01 03:50:52.687   145 14160 I ActivityManager:                 8492 kB: android.process.acore (pid 13703)
07-01 03:50:52.687   145 14160 I ActivityManager:                 7616 kB: com.google.android.apps.maps:NetworkLocationService (pid 13625)
07-01 03:50:52.687   145 14160 I ActivityManager:                 4033 kB: com.google.android.apps.googlevoice (pid 13727)
07-01 03:50:52.687   145 14160 I ActivityManager:    106726 kB: Previous
07-01 03:50:52.687   145 14160 I ActivityManager:               106726 kB: com.google.android.apps.plus (pid 1248)
07-01 03:50:52.687   145 14160 I ActivityManager:     34121 kB: B Services
07-01 03:50:52.687   145 14160 I ActivityManager:                 8483 kB: com.facebook.katana (pid 12870)
07-01 03:50:52.687   145 14160 I ActivityManager:                 6607 kB: com.whatsapp (pid 13683)
07-01 03:50:52.687   145 14160 I ActivityManager:                 6421 kB: com.google.android.apps.maps (pid 11619)
07-01 03:50:52.687   145 14160 I ActivityManager:                 6035 kB: com.xabber.androiddev (pid 13749)
07-01 03:50:52.687   145 14160 I ActivityManager:                 3732 kB: edu.buffalo.cse.phonelab.phonelabservices (pid 13767)
07-01 03:50:52.687   145 14160 I ActivityManager:                 2843 kB: com.android.sprintmenu (pid 13552)
07-01 03:50:52.687   145 14160 I ActivityManager:      6896 kB: Background
07-01 03:50:52.687   145 14160 I ActivityManager:                 6896 kB: com.google.android.apps.maps:LocationFriendService (pid 13985)
07-01 03:50:52.687   145 14160 I ActivityManager: 
07-01 03:50:52.687   145 14160 I ActivityManager: Total PSS: 269430 kB
07-01 03:50:52.687   145 14160 I ActivityManager:   PID      Vss      Rss      Pss      Uss  cmdline
07-01 03:50:52.687   145 14160 I ActivityManager:  1248  123832K  123772K  106776K  105580K  com.google.android.apps.plus
07-01 03:50:52.687   145 14160 I ActivityManager:   375   45544K   45456K   25868K   23248K  com.android.launcher
07-01 03:50:52.687   145 14160 I ActivityManager:   145   40860K   40796K   21859K   19052K  system_server
07-01 03:50:52.687   145 14160 I ActivityManager:    78   26504K   19448K   12666K    6752K  /system/bin/surfaceflinger
07-01 03:50:52.687   145 14160 I ActivityManager: 14137   31352K   31284K   10969K    9400K  com.google.android.apps.currents
07-01 03:50:52.687   145 14160 I ActivityManager:   216   30900K   30844K   10456K    6276K  com.android.systemui
07-01 03:50:52.687   145 14160 I ActivityManager:  8727   28676K   28620K   10414K    9272K  com.google.process.gapps
07-01 03:50:52.687   145 14160 I ActivityManager:   345   26068K   25996K    9746K    8856K  com.android.phone
07-01 03:50:52.687   145 14160 I ActivityManager: 13703   28424K   28324K    8540K    7184K  android.process.acore
07-01 03:50:52.687   145 14160 I ActivityManager: 12870   27920K   27856K    8534K    7228K  com.facebook.katana
07-01 03:50:52.687   145 14160 I ActivityManager: 13625   27684K   27624K    7661K    5940K  com.google.android.apps.maps:NetworkLocationService
07-01 03:50:52.687   145 14160 I ActivityManager: 13985   27084K   27028K    6945K    5360K  com.google.android.apps.maps:LocationFriendService
07-01 03:50:52.687   145 14160 I ActivityManager: 13683   26640K   26580K    6659K    5292K  com.whatsapp
07-01 03:50:52.687   145 14160 I ActivityManager: 11619   24832K   24736K    6472K    5424K  com.google.android.apps.maps
07-01 03:50:52.687   145 14160 I ActivityManager:   322   22256K   22156K    6273K    5416K  com.klye.ime.latin
07-01 03:50:52.687   145 14160 I ActivityManager: 13749   26588K   26524K    6087K    4612K  com.xabber.androiddev
07-01 03:50:52.687   145 14160 I ActivityManager: 13727   23528K   23460K    4086K    2816K  com.google.android.apps.googlevoice
07-01 03:50:52.687   145 14160 I ActivityManager:   362   20232K   20140K    3891K    3028K  com.android.nfc
07-01 03:50:52.687   145 14160 I ActivityManager: 13767   23072K   23004K    3783K    2560K  edu.buffalo.cse.phonelab.phonelabservices
07-01 03:50:52.687   145 14160 I ActivityManager: 13552   21416K   21312K    2893K    1724K  com.android.sprintmenu
07-01 03:50:52.687   145 14160 I ActivityManager:   454   19372K   19260K    2812K    1824K  com.android.smspush
07-01 03:50:52.687   145 14160 I ActivityManager:    79   19376K   19248K    2460K    1368K  zygote
07-01 03:50:52.687   145 14160 I ActivityManager:    81    2668K    2668K    2177K    2124K  /system/bin/mediaserver
07-01 03:50:52.687   145 14160 I ActivityManager:    80    1208K    1208K     883K     872K  /system/bin/drmserver
07-01 03:50:52.687   145 14160 I ActivityManager:  1360    1000K     996K     848K     844K  logcat
07-01 03:50:52.687   145 14160 I ActivityManager:    77    1076K    1076K     731K     712K  /system/bin/rild
07-01 03:50:52.687   145 14160 I ActivityManager: 14164     788K     780K     647K     632K  procrank
07-01 03:50:52.687   145 14160 I ActivityManager:    75     660K     656K     448K     428K  /system/bin/netd
07-01 03:50:52.687   145 14160 I ActivityManager:   306     596K     592K     419K     412K  /system/bin/wpa_supplicant
07-01 03:50:52.687   145 14160 I ActivityManager:    86     536K     532K     308K     296K  /system/vendor/bin/gpsd
07-01 03:50:52.687   145 14160 I ActivityManager:    72     464K     460K     296K     288K  /system/bin/vold
07-01 03:50:52.687   145 14160 I ActivityManager:   303     436K     436K     280K     276K  /system/bin/bluetoothd
07-01 03:50:52.687   145 14160 I ActivityManager: 13411     384K     380K     213K     196K  /system/bin/dhcpcd
07-01 03:50:52.687   145 14160 I ActivityManager:    88     192K     192K     176K     176K  /sbin/adbd
07-01 03:50:52.687   145 14160 I ActivityManager:    85     264K     256K     162K     160K  /system/bin/keystore
07-01 03:50:52.687   145 14160 I ActivityManager:    82     284K     276K     143K     140K  /system/bin/dbus-daemon
07-01 03:50:52.687   145 14160 I ActivityManager:     1     204K     204K     142K     104K  /init
07-01 03:50:52.687   145 14160 I ActivityManager:    61    
07-01 03:50:54.335 14137 14140 D dalvikvm: GC_CONCURRENT freed 284K, 4% free 10470K/10887K, paused 2ms+2ms
07-01 03:50:54.433   145   157 I ActivityManager: Process com.google.android.apps.maps:LocationFriendService (pid 13985) has died.
07-01 03:50:54.749 14137 14140 D dalvikvm: GC_CONCURRENT freed 225K, 4% free 10665K/11015K, paused 1ms+2ms
07-01 03:50:54.847 14137 14140 D dalvikvm: GC_CONCURRENT freed 448K, 6% free 10709K/11335K, paused 2ms+3ms
07-01 03:50:55.140 14137 14140 D dalvikvm: GC_CONCURRENT freed 516K, 6% free 10698K/11335K, paused 1ms+4ms
07-01 03:50:56.378   145   395 D SyncManager: setSyncAutomatically: , provider com.google.android.apps.currents -> true
07-01 03:50:56.378   145   395 D SyncManager: setSyncAutomatically: already set to true, doing nothing
07-01 03:50:56.519 14137 14140 D dalvikvm: GC_CONCURRENT freed 380K, 5% free 10794K/11335K, paused 2ms+3ms
07-01 03:50:56.644 14137 14163 D dalvikvm: GC_FOR_ALLOC freed 223K, 4% free 11014K/11463K, paused 25ms
07-01 03:50:56.800 14137 14140 D dalvikvm: GC_CONCURRENT freed 274K, 4% free 11327K/11719K, paused 2ms+3ms
07-01 03:50:57.050 14137 14140 D dalvikvm: GC_CONCURRENT freed 619K, 7% free 11364K/12103K, paused 2ms+3ms
07-01 03:50:57.226   145   365 D dalvikvm: GC_EXPLICIT freed 1409K, 15% free 15352K/17927K, paused 3ms+7ms
07-01 03:50:57.831 14137 14140 D dalvikvm: GC_CONCURRENT freed 782K, 8% free 11253K/12167K, paused 2ms+3ms
07-01 03:50:58.402 14137 14140 D dalvikvm: GC_CONCURRENT freed 582K, 8% free 11288K/12167K, paused 2ms+3ms
07-01 03:50:58.538 14137 14140 D dalvikvm: GC_CONCURRENT freed 602K, 8% free 11314K/12167K, paused 1ms+2ms
07-01 03:50:58.679 14137 14140 D dalvikvm: GC_CONCURRENT freed 583K, 7% free 11387K/12167K, paused 2ms+3ms
07-01 03:50:58.831 14137 14140 D dalvikvm: GC_CONCURRENT freed 750K, 7% free 11395K/12231K, paused 2ms+3ms
07-01 03:50:59.628   362   362 D dalvikvm: GC_EXPLICIT freed <1K, 6% free 9101K/9607K, paused 17ms+2ms
07-01 03:51:01.773 14137 14140 D dalvikvm: GC_CONCURRENT freed 807K, 8% free 11290K/12231K, paused 2ms+2ms
07-01 03:51:01.917 14137 14140 D dalvikvm: GC_CONCURRENT freed 600K, 8% free 11321K/12231K, paused 2ms+3ms
07-01 03:51:02.058 14137 14140 D dalvikvm: GC_CONCURRENT freed 620K, 8% free 11351K/12231K, paused 2ms+2ms
07-01 03:51:03.175 14137 14140 D dalvikvm: GC_CONCURRENT freed 728K, 8% free 11270K/12231K, paused 2ms+2ms
07-01 03:51:03.441 14137 14140 D dalvikvm: GC_CONCURRENT freed 595K, 8% free 11298K/12231K, paused 15ms+2ms
07-01 03:51:03.933 14137 14140 D dalvikvm: GC_CONCURRENT freed 620K, 8% free 11310K/12231K, paused 45ms+5ms
07-01 03:51:04.476 14137 14140 D dalvikvm: GC_CONCURRENT freed 647K, 8% free 11305K/12231K, paused 2ms+2ms
07-01 03:51:06.077   375   375 D dalvikvm: GC_EXPLICIT freed 195K, 11% free 11225K/12487K, paused 20ms+3ms
07-01 03:51:06.429 14137 14140 D dalvikvm: GC_CONCURRENT freed 642K, 8% free 11302K/12231K, paused 1ms+3ms
07-01 03:51:06.933 14137 14140 D dalvikvm: GC_CONCURRENT freed 618K, 8% free 11357K/12231K, paused 2ms+2ms
07-01 03:51:07.023 14137 14163 D dalvikvm: GC_FOR_ALLOC freed 559K, 8% free 11345K/12231K, paused 23ms
07-01 03:51:07.589 14137 14140 D dalvikvm: GC_CONCURRENT freed 662K, 8% free 11330K/12231K, paused 2ms+3ms
07-01 03:51:07.738 14137 14140 D dalvikvm: GC_CONCURRENT freed 610K, 8% free 11368K/12231K, paused 2ms+2ms
07-01 03:51:07.890 14137 14140 D dalvikvm: GC_CONCURRENT freed 641K, 7% free 11394K/12231K, paused 2ms+3ms
07-01 03:51:08.675 14137 14140 D dalvikvm: GC_CONCURRENT freed 688K, 7% free 11421K/12231K, paused 2ms+3ms
07-01 03:51:09.300 14137 14140 D dalvikvm: GC_CONCURRENT freed 741K, 8% free 11368K/12295K, paused 2ms+3ms
07-01 03:51:09.835 14137 14140 D dalvikvm: GC_CONCURRENT freed 673K, 8% free 11368K/12295K, paused 2ms+3ms
07-01 03:51:10.449 14137 14140 D dalvikvm: GC_CONCURRENT freed 640K, 8% free 11407K/12295K, paused 2ms+3ms
07-01 03:51:11.074   145   161 D dalvikvm: GC_EXPLICIT freed 353K, 15% free 15318K/17927K, paused 2ms+6ms
07-01 03:51:11.109 14137 14140 D dalvikvm: GC_CONCURRENT freed 683K, 8% free 11405K/12295K, paused 2ms+3ms
07-01 03:51:11.261 14137 14140 D dalvikvm: GC_CONCURRENT freed 633K, 7% free 11441K/12295K, paused 2ms+2ms
07-01 03:51:11.566 14137 14140 D dalvikvm: GC_CONCURRENT freed 725K, 7% free 11444K/12295K, paused 6ms+2ms
07-01 03:51:12.980 14137 14140 D dalvikvm: GC_CONCURRENT freed 784K, 8% free 11394K/12295K, paused 2ms+2ms
07-01 03:51:13.796 14137 14140 D dalvikvm: GC_CONCURRENT freed 653K, 8% free 11425K/12295K, paused 2ms+8ms
07-01 03:51:15.101 14137 14140 D dalvikvm: GC_CONCURRENT freed 759K, 8% free 11432K/12295K, paused 2ms+3ms
07-01 03:51:15.245 14137 14140 D dalvikvm: GC_CONCURRENT freed 725K, 8% free 11468K/12359K, paused 2ms+3ms
07-01 03:51:15.378 14137 14140 D dalvikvm: GC_CONCURRENT freed 679K, 7% free 11497K/12359K, paused 2ms+3ms
07-01 03:51:15.699 14137 14140 D dalvikvm: GC_CONCURRENT freed 691K, 7% free 11534K/12359K, paused 1ms+2ms
07-01 03:51:15.952   145   157 D dalvikvm: GC_EXPLICIT freed 184K, 15% free 15321K/17927K, paused 3ms+5ms
07-01 03:51:16.019   216   216 D dalvikvm: GC_EXPLICIT freed 66K, 33% free 9637K/14343K, paused 2ms+2ms
07-01 03:51:16.035 14137 14163 D dalvikvm: GC_EXPLICIT freed 211K, 7% free 11584K/12359K, paused 7ms+3ms
07-01 03:51:17.511 14137 14140 D dalvikvm: GC_CONCURRENT freed 907K, 9% free 11452K/12487K, paused 1ms+3ms
07-01 03:51:18.218 14137 14140 D dalvikvm: GC_CONCURRENT freed 695K, 9% free 11443K/12487K, paused 2ms+3ms
07-01 03:51:18.285 14137 14163 D dalvikvm: GC_FOR_ALLOC freed 320K, 9% free 11464K/12487K, paused 24ms
07-01 03:51:18.851 14137 14140 D dalvikvm: GC_CONCURRENT freed 706K, 9% free 11472K/12487K, paused 2ms+2ms
07-01 03:51:18.992 14137 14140 D dalvikvm: GC_CONCURRENT freed 691K, 8% free 11503K/12487K, paused 1ms+2ms
07-01 03:51:22.304 14137 14140 D dalvikvm: GC_CONCURRENT freed 797K, 9% free 11428K/12487K, paused 2ms+2ms
07-01 03:51:22.437 14137 14140 D dalvikvm: GC_CONCURRENT freed 647K, 9% free 11486K/12487K, paused 2ms+3ms
07-01 03:51:22.632 14137 14140 D dalvikvm: GC_CONCURRENT freed 681K, 8% free 11501K/12487K, paused 2ms+3ms
07-01 03:51:23.464 14137 14140 D dalvikvm: GC_CONCURRENT freed 808K, 9% free 11394K/12487K, paused 2ms+3ms
07-01 03:51:23.714 14137 14140 D dalvikvm: GC_CONCURRENT freed 681K, 9% free 11429K/12487K, paused 2ms+2ms
07-01 03:51:23.937 14137 14140 D dalvikvm: GC_CONCURRENT freed 629K, 8% free 11509K/12487K, paused 2ms+2ms
07-01 03:51:24.054 14137 14140 D dalvikvm: GC_CONCURRENT freed 542K, 7% free 11721K/12487K, paused 3ms+3ms
07-01 03:51:24.191 14137 14140 D dalvikvm: GC_CONCURRENT freed 763K, 8% free 11789K/12679K, paused 2ms+3ms
07-01 03:51:24.335 14137 14140 D dalvikvm: GC_CONCURRENT freed 1247K, 11% free 11370K/12743K, paused 2ms+3ms
07-01 03:51:24.449 14137 14140 D dalvikvm: GC_CONCURRENT freed 638K, 11% free 11434K/12743K, paused 3ms+3ms
07-01 03:51:24.620   322   322 D dalvikvm: GC_EXPLICIT freed <1K, 17% free 10373K/12359K, paused 15ms+2ms
07-01 03:51:27.249 14137 14162 I SyncService: sync service finished (03:51:27)
07-01 03:51:32.394   345   345 D dalvikvm: GC_EXPLICIT freed 364K, 8% free 11652K/12551K, paused 2ms+4ms
07-01 03:51:37.441   454   454 D dalvikvm: GC_EXPLICIT freed <1K, 4% free 9037K/9347K, paused 14ms+2ms
07-01 03:51:42.495 11619 11619 D dalvikvm: GC_EXPLICIT freed 7K, 4% free 10908K/11335K, paused 28ms+2ms
07-01 03:51:47.593 12870 12870 D dalvikvm: GC_EXPLICIT freed 237K, 5% free 10648K/11207K, paused 29ms+3ms
07-01 03:51:50.968 13625 13627 D dalvikvm: GC_CONCURRENT freed 515K, 6% free 10330K/10951K, paused 2ms+3ms
07-01 03:51:51.042   145   157 I ActivityManager: Start proc com.google.android.apps.maps:LocationFriendService for service com.google.android.apps.maps/com.google.googlenav.friend.reporting.LocationReceiverService: pid=14169 uid=10056 gids={3003, 1015}
07-01 03:51:51.390 14169 14171 D dalvikvm: GC_CONCURRENT freed 158K, 3% free 9377K/9607K, paused 9ms+2ms
07-01 03:51:51.960 14169 14171 D dalvikvm: GC_CONCURRENT freed 174K, 4% free 9623K/9927K, paused 12ms+1ms
07-01 03:51:52.163   145   396 I ActivityManager: Process com.android.sprintmenu (pid 13552) has died.
07-01 03:51:52.163   145   396 W ActivityManager: Scheduling restart of crashed service com.android.sprintmenu/.HiddenPhoneService in 5000ms
07-01 03:51:52.605   145   365 I ActivityManager: Process com.facebook.katana (pid 12870) has died.
07-01 03:51:52.605   145   365 W ActivityManager: Scheduling restart of crashed service com.facebook.katana/.service.MediaUploadService in 14558ms
07-01 03:51:52.769  8727  8806 D dalvikvm: GC_EXPLICIT freed 332K, 6% free 10146K/10759K, paused 9ms+9ms
07-01 03:51:52.859 14169 14171 D dalvikvm: GC_CONCURRENT freed 221K, 4% free 9923K/10247K, paused 1ms+2ms
07-01 03:51:52.890 14169 14176 I dalvikvm: Total arena pages for JIT: 11
07-01 03:51:52.890 14169 14176 I dalvikvm: Total arena pages for JIT: 12
07-01 03:51:52.890 14169 14176 I dalvikvm: Total arena pages for JIT: 13
07-01 03:51:52.890 14169 14176 I dalvikvm: Total arena pages for JIT: 14
07-01 03:51:52.894 14169 14176 I dalvikvm: Total arena pages for JIT: 15
07-01 03:51:52.894 14169 14176 I dalvikvm: Total arena pages for JIT: 16
07-01 03:51:52.898 14169 14176 I dalvikvm: Total arena pages for JIT: 17
07-01 03:51:57.222   145   162 I ActivityManager: Start proc com.android.sprintmenu for service com.android.sprintmenu/.HiddenPhoneService: pid=14193 uid=1001 gids={3002, 3001, 3003, 1015}
07-01 03:51:57.870  1248  1248 D dalvikvm: GC_EXPLICIT freed 235K, 24% free 20092K/26247K, paused 23ms+8ms
07-01 03:52:05.120  8727  8727 D dalvikvm: GC_EXPLICIT freed 68K, 7% free 10079K/10759K, paused 2ms+3ms
07-01 03:52:07.218   145   162 I ActivityManager: Start proc com.facebook.katana for service com.facebook.katana/.service.MediaUploadService: pid=14209 uid=10071 gids={3003, 1006, 1015}
07-01 03:52:07.226 14209 14209 I dalvikvm: Turning on JNI app bug workarounds for target SDK version 7...
07-01 03:52:07.441 14209 14212 D dalvikvm: GC_CONCURRENT freed 158K, 3% free 9377K/9607K, paused 2ms+2ms
07-01 03:52:07.648 14209 14209 I ActivityThread: Pub com.facebook.katana.provider.LoggingProvider: com.facebook.katana.provider.LoggingProvider
07-01 03:52:07.835 14209 14212 D dalvikvm: GC_CONCURRENT freed 128K, 3% free 9666K/9927K, paused 8ms+13ms
07-01 03:52:07.847 14209 14209 I ActivityThread: Pub com.facebook.katana.provider.KeyValueProvider: com.facebook.katana.provider.KeyValueProvider
07-01 03:52:07.847 14209 14209 I ActivityThread: Pub com.facebook.katana.provider.CacheProvider: com.facebook.katana.provider.CacheProvider
07-01 03:52:07.847 14209 14209 I ActivityThread: Pub com.facebook.katana.provider.MailboxProvider: com.facebook.katana.provider.MailboxProvider
07-01 03:52:07.855 14209 14209 I ActivityThread: Pub com.facebook.katana.provider.UserStatusesProvider: com.facebook.katana.provider.UserStatusesProvider
07-01 03:52:07.855 14209 14209 I ActivityThread: Pub com.facebook.katana.provider.EventsProvider: com.facebook.katana.provider.EventsProvider
07-01 03:52:07.855 14209 14209 I ActivityThread: Pub com.facebook.katana.provider.NotificationsProvider: com.facebook.katana.provider.NotificationsProvider
07-01 03:52:07.859 14209 14209 I ActivityThread: Pub com.facebook.katana.provider.UserValuesProvider: com.facebook.katana.provider.UserValuesProvider
07-01 03:52:07.859 14209 14209 I ActivityThread: Pub com.facebook.katana.provider.PagesProvider: com.facebook.katana.provider.PagesProvider
07-01 03:52:07.859 14209 14209 I ActivityThread: Pub com.facebook.katana.provider.MobileEventLogProvider: com.facebook.katana.provider.MobileEventLogProvider
07-01 03:52:07.859 14209 14209 I ActivityThread: Pub com.facebook.katana.provider.PushNotificationsProvider: com.facebook.katana.provider.PushNotificationsProvider
07-01 03:52:07.863 14209 14209 I ActivityThread: Pub com.facebook.katana.provider.PhotosProvider: com.facebook.katana.provider.PhotosProvider
07-01 03:52:07.863 14209 14209 I ActivityThread: Pub com.facebook.katana.provider.ConnectionsProvider: com.facebook.katana.provider.ConnectionsProvider
07-01 03:52:07.878 14209 14209 I ActivityThread: Pub com.facebook.orca.notify.FbandroidMessagesForegroundProvider: com.facebook.orca.notify.FbandroidMessagesForegroundProvider
07-01 03:52:07.933 14209 14209 D ACRA    : Retrieve application default SharedPreferences.
07-01 03:52:07.956 14209 14209 D ACRA    : Set OnSharedPreferenceChangeListener.
07-01 03:52:07.968 14209 14209 D ACRA    : ACRA is enabled for com.facebook.katana, intializing...
07-01 03:52:08.007 14209 14209 D ACRA    : Looking for error files in /data/data/com.facebook.katana/app_acra-reports
07-01 03:52:08.132 14209 14209 W nalizableReferenceQueue: Could not load Finalizer in its own class loader.Loading Finalizer in the current class loader instead. As a result, you will not be ableto garbage collect this class loader. To support reclaiming this class loader, eitherresolve the underlying issue, or move Google Collections to your system class path.
07-01 03:52:08.132 14209 14209 W nalizableReferenceQueue: java.io.FileNotFoundException: com/google/common/base/internal/Finalizer.class
07-01 03:52:08.132 14209 14209 W nalizableReferenceQueue: 	at com.google.common.base.FinalizableReferenceQueue$DecoupledLoader.getBaseUrl(FinalizableReferenceQueue.java:243)
07-01 03:52:08.132 14209 14209 W nalizableReferenceQueue: 	at com.google.common.base.FinalizableReferenceQueue$DecoupledLoader.loadFinalizer(FinalizableReferenceQueue.java:227)
07-01 03:52:08.132 14209 14209 W nalizableReferenceQueue: 	at com.google.common.base.FinalizableReferenceQueue.loadFinalizer(FinalizableReferenceQueue.java:155)
07-01 03:52:08.132 14209 14209 W nalizableReferenceQueue: 	at com.google.common.base.FinalizableReferenceQueue.<clinit>(FinalizableReferenceQueue.java:84)
07-01 03:52:08.132 14209 14209 W nalizableReferenceQueue: 	at com.google.common.collect.CustomConcurrentHashMap$QueueHolder.<clinit>(CustomConcurrentHashMap.java:650)
07-01 03:52:08.132 14209 14209 W nalizableReferenceQueue: 	at com.google.common.collect.CustomConcurrentHashMap$WeakEntry.<init>(CustomConcurrentHashMap.java:1342)
07-01 03:52:08.132 14209 14209 W nalizableReferenceQueue: 	at com.google.common.collect.CustomConcurrentHashMap$EntryFactory$9.newEntry(CustomConcurrentHashMap.java:453)
07-01 03:52:08.132 14209 14209 W nalizableReferenceQueue: 	at com.google.common.collect.CustomConcurrentHashMap.a(CustomConcurrentHashMap.java:1715)
07-01 03:52:08.132 14209 14209 W nalizableReferenceQueue: 	at com.google.common.collect.ComputingConcurrentHashMap$ComputingSegment.a(ComputingConcurrentHashMap.java:123)
07-01 03:52:08.132 14209 14209 W nalizableReferenceQueue: 	at com.google.common.collect.ComputingConcurrentHashMap.apply(ComputingConcurrentHashMap.java:71)
07-01 03:52:08.132 14209 14209 W nalizableReferenceQueue: 	at com.google.common.collect.MapMaker$ComputingMapAdapter.get(MapMaker.java:848)
07-01 03:52:08.132 14209 14209 W nalizableReferenceQueue: 	at com.google.inject.internal.Annotations$AnnotationChecker.a(Annotations.java:94)
07-01 03:52:08.132 14209 14209 W nalizableReferenceQueue: 	at com.google.inject.internal.Annotations.c(Annotations.java:112)
07-01 03:52:08.132 14209 14209 W nalizableReferenceQueue: 	at com.google.inject.Key.d(Key.java:369)
07-01 03:52:08.132 14209 14209 W nalizableReferenceQueue: 	at com.google.inject.Key.b(Key.java:356)
07-01 03:52:08.132 14209 14209 W nalizableReferenceQueue: 	at com.google.inject.Key.a(Key.java:267)
07-01 03:52:08.132 14209 14209 W nalizableReferenceQueue: 	at com.facebook.orca.inject.binder.AnnotatedBindingBuilderImpl.a(AnnotatedBindingBuilderImpl.java:22)
07-01 03:52:08.132 14209 14209 W nalizableReferenceQueue: 	at com.facebook.orca.app.FbBaseModule.a(FbBaseModule.java:74)
07-01 03:52:08.132 14209 14209 W nalizableReferenceQueue: 	at com.facebook.orca.inject.AbstractModule.a(AbstractModule.java:19)
07-01 03:52:08.132 14209 14209 W nalizableReferenceQueue: 	at com.facebook.orca.inject.FbInjectorImpl.a(FbInjectorImpl.java:61)
07-01 03:52:08.132 14209 14209 W nalizableReferenceQueue: 	at com.facebook.orca.inject.FbInjectorImpl.<init>(FbInjectorImpl.java:41)
07-01 03:52:08.132 14209 14209 W nalizableReferenceQueue: 	at com.facebook.orca.inject.FbInjector.a(FbInjector.java:40)
07-01 03:52:08.132 14209 14209 W nalizableReferenceQueue: 	at com.facebook.katana.FacebookApplication.onCreate(FacebookApplication.java:86)
07-01 03:52:08.132 14209 14209 W nalizableReferenceQueue: 	at android.app.Instrumentation.callApplicationOnCreate(Instrumentation.java:969)
07-01 03:52:08.132 14209 14209 W nalizableReferenceQueue: 	at android.app.ActivityThread.handleBindApplication(ActivityThread.java:3954)
07-01 03:52:08.132 14209 14209 W nalizableReferenceQueue: 	at android.app.ActivityThread.access$1300(ActivityThread.java:123)
07-01 03:52:08.132 14209 14209 W nalizableReferenceQueue: 	at android.app.ActivityThread$H.handleMessage(ActivityThread.java:1185)
07-01 03:52:08.132 14209 14209 W nalizableReferenceQueue: 	at android.os.Handler.dispatchMessage(Handler.java:99)
07-01 03:52:08.132 14209 14209 W nalizableReferenceQueue: 	at android.os.Looper.loop(Looper.java:137)
07-01 03:52:08.132 14209 14209 W nalizableReferenceQueue: 	at android.app.ActivityThread.main(ActivityThread.java:4424)
07-01 03:52:08.132 14209 14209 W nalizableReferenceQueue: 	at java.lang.reflect.Method.invokeNative(Native Method)
07-01 03:52:08.132 14209 14209 W nalizableReferenceQueue: 	at java.lang.reflect.Method.invoke(Method.java:511)
07-01 03:52:08.132 14209 14209 W nalizableReferenceQueue: 	at com.android.internal.os.ZygoteInit$MethodAndArgsCaller.run(ZygoteInit.java:784)
07-01 03:52:08.132 14209 14209 W nalizableReferenceQueue: 	at com.android.internal.os.ZygoteInit.main(ZygoteInit.java:551)
07-01 03:52:08.132 14209 14209 W nalizableReferenceQueue: 	at dalvik.system.NativeStart.main(Native Method)
07-01 03:52:08.132 14209 14209 I Finalizer: Couldn't access Thread.inheritableThreadLocals. Reference finalizer threads will inherit thread local values.
07-01 03:52:08.191 14209 14212 D dalvikvm: GC_CONCURRENT freed 295K, 4% free 9845K/10247K, paused 4ms+6ms
07-01 03:52:08.363 14209 14212 D dalvikvm: GC_CONCURRENT freed 381K, 5% free 9966K/10439K, paused 3ms+2ms
07-01 03:52:08.593 14209 14212 D dalvikvm: GC_CONCURRENT freed 352K, 5% free 10105K/10567K, paused 5ms+4ms
07-01 03:52:09.410 14209 14212 D dalvikvm: GC_CONCURRENT freed 373K, 5% free 10251K/10695K, paused 4ms+7ms
07-01 03:52:09.437 14209 14225 W Resources: Converting to string: TypedValue{t=0x10/d=0xffffffff a=-1}
07-01 03:52:09.843 14209 14212 D dalvikvm: GC_CONCURRENT freed 311K, 4% free 10458K/10823K, paused 5ms+4ms
07-01 03:52:09.980   145   145 I ActivityManager: Process com.google.android.apps.maps:NetworkLocationService (pid 13625) has died.
07-01 03:52:09.980   145   145 W ActivityManager: Scheduling restart of crashed service com.google.android.apps.maps/com.google.android.location.internal.server.NetworkLocationService in 5000ms
07-01 03:52:10.410 14209 14212 D dalvikvm: GC_CONCURRENT freed 355K, 5% free 10531K/11015K, paused 2ms+3ms
07-01 03:52:10.597 14209 14212 D dalvikvm: GC_CONCURRENT freed 381K, 5% free 10568K/11079K, paused 4ms+3ms
07-01 03:52:10.870 14209 14212 D dalvikvm: GC_CONCURRENT freed 337K, 4% free 10700K/11143K, paused 1ms+3ms
07-01 03:52:15.046   145   162 I ActivityManager: Start proc com.google.android.apps.maps:NetworkLocationService for service com.google.android.apps.maps/com.google.android.location.internal.server.NetworkLocationService: pid=14242 uid=10056 gids={3003, 1015}
07-01 03:52:15.163 14242 14244 D dalvikvm: GC_CONCURRENT freed 166K, 3% free 9370K/9607K, paused 2ms+2ms
07-01 03:52:15.374 13683 13683 D dalvikvm: GC_EXPLICIT freed 297K, 7% free 9911K/10567K, paused 2ms+3ms
07-01 03:52:15.546 14242 14244 D dalvikvm: GC_CONCURRENT freed 156K, 3% free 9676K/9927K, paused 2ms+2ms
07-01 03:52:15.726   145   395 I ActivityManager: Process com.whatsapp (pid 13683) has died.
07-01 03:52:15.726   145   395 W ActivityManager: Scheduling restart of crashed service com.whatsapp/.messaging.MessageService in 5000ms
07-01 03:52:15.992 14242 14244 D dalvikvm: GC_CONCURRENT freed 170K, 3% free 10069K/10311K, paused 2ms+3ms
07-01 03:52:16.179 14242 14244 D dalvikvm: GC_CONCURRENT freed 669K, 8% free 9887K/10695K, paused 4ms+2ms
07-01 03:52:16.277   145   162 I ActivityManager: Start proc com.google.android.apps.maps:FriendService for broadcast com.google.android.apps.maps/com.google.googlenav.friend.android.ServiceReceiver: pid=14263 uid=10056 gids={3003, 1015}
07-01 03:52:16.398 14263 14266 D dalvikvm: GC_CONCURRENT freed 168K, 3% free 9367K/9607K, paused 2ms+2ms
07-01 03:52:16.550 14242 14249 I dalvikvm: Total arena pages for JIT: 11
07-01 03:52:16.558 14242 14249 I dalvikvm: Total arena pages for JIT: 12
07-01 03:52:16.562 14242 14249 I dalvikvm: Total arena pages for JIT: 13
07-01 03:52:16.562 14242 14249 I dalvikvm: Total arena pages for JIT: 14
07-01 03:52:16.562 14242 14249 I dalvikvm: Total arena pages for JIT: 15
07-01 03:52:16.562 14242 14249 I dalvikvm: Total arena pages for JIT: 16
07-01 03:52:16.562 14242 14249 I dalvikvm: Total arena pages for JIT: 17
07-01 03:52:16.566 14263 14266 D dalvikvm: GC_CONCURRENT freed 182K, 3% free 9649K/9927K, paused 2ms+2ms
07-01 03:52:16.769 14169 14171 D dalvikvm: GC_CONCURRENT freed 442K, 6% free 9930K/10503K, paused 5ms+1ms
07-01 03:52:16.785 14242 14249 I dalvikvm: Total arena pages for JIT: 18
07-01 03:52:16.902 14242 14244 D dalvikvm: GC_CONCURRENT freed 260K, 6% free 10110K/10695K, paused 2ms+2ms
07-01 03:52:18.359 14169 14176 I dalvikvm: Total arena pages for JIT: 18
07-01 03:52:18.398 14242 14244 D dalvikvm: GC_CONCURRENT freed 475K, 6% free 10144K/10695K, paused 2ms+2ms
07-01 03:52:18.585   145   329 I ActivityManager: Process com.xabber.androiddev (pid 13749) has died.
07-01 03:52:18.585   145   329 W ActivityManager: Scheduling restart of crashed service com.xabber.androiddev/com.xabber.android.service.XMPPService in 12142ms
07-01 03:52:18.687   216   218 D dalvikvm: GC_CONCURRENT freed 208K, 32% free 9849K/14343K, paused 2ms+3ms
07-01 03:52:18.734   216   218 D dalvikvm: GC_CONCURRENT freed 578K, 33% free 9676K/14343K, paused 2ms+3ms
07-01 03:52:18.886   216   218 D dalvikvm: GC_CONCURRENT freed 379K, 33% free 9686K/14343K, paused 3ms+5ms
07-01 03:52:20.077   145  1149 D dalvikvm: GC_EXPLICIT freed 1248K, 15% free 15355K/17927K, paused 26ms+6ms
07-01 03:52:20.796   145   162 I ActivityManager: Start proc com.whatsapp for service com.whatsapp/.messaging.MessageService: pid=14278 uid=10068 gids={1015, 3003}
07-01 03:52:20.816 14278 14278 I dalvikvm: Turning on JNI app bug workarounds for target SDK version 7...
07-01 03:52:21.054 14278 14280 D dalvikvm: GC_CONCURRENT freed 171K, 3% free 9364K/9607K, paused 3ms+2ms
07-01 03:52:21.511 14278 14280 D dalvikvm: GC_CONCURRENT freed 303K, 4% free 9622K/9991K, paused 4ms+3ms
07-01 03:52:21.925 14278 14278 I dalvikvm: Could not find method android.media.MediaMetadataRetriever.captureFrame, referenced from method com.whatsapp.q3.a
07-01 03:52:21.929 14278 14278 W dalvikvm: VFY: unable to resolve virtual method 501: Landroid/media/MediaMetadataRetriever;.captureFrame ()Landroid/graphics/Bitmap;
07-01 03:52:21.929 14278 14278 D dalvikvm: VFY: replacing opcode 0x6e at 0x0134
07-01 03:52:22.058   145  9966 I ActivityManager: Process com.google.android.apps.googlevoice (pid 13727) has died.
07-01 03:52:22.081   145  9966 W ActivityManager: Scheduling restart of crashed service com.google.android.apps.googlevoice/.CallLogService in 18646ms
07-01 03:52:22.167 14278 14280 D dalvikvm: GC_CONCURRENT freed 399K, 5% free 9701K/10183K, paused 56ms+3ms
07-01 03:52:22.308 14278 14280 D dalvikvm: GC_CONCURRENT freed 177K, 3% free 9970K/10247K, paused 6ms+3ms
07-01 03:52:23.402   216   216 D dalvikvm: GC_FOR_ALLOC freed 396K, 33% free 9671K/14343K, paused 27ms
07-01 03:52:23.472   216   218 D dalvikvm: GC_CONCURRENT freed 417K, 33% free 9668K/14343K, paused 2ms+2ms
07-01 03:52:23.660 14169 14171 D dalvikvm: GC_CONCURRENT freed 497K, 6% free 9995K/10567K, paused 6ms+3ms
07-01 03:52:23.984 14278 14280 D dalvikvm: GC_CONCURRENT freed 308K, 5% free 10140K/10567K, paused 7ms+5ms
07-01 03:52:25.445 13767 13780 I PhoneLab-: Service Running
07-01 03:52:25.542 13767 13780 I PhoneLab-LoggerService: app_37    1360  1     1436   996   c00f181c 400107b4 S logcat
07-01 03:52:25.546 13767 13780 I PhoneLab-LoggerService: Logcat pid from database 1360
07-01 03:52:25.546 13767 13780 I PhoneLab-LoggerService: Logcat process found 1360
07-01 03:52:25.546 13767 13780 I PhoneLab-LoggerService: Checking Threshold
07-01 03:52:28.437 13703 13703 D dalvikvm: GC_EXPLICIT freed 147K, 7% free 9462K/10119K, paused 16ms+3ms
07-01 03:52:30.788 14309 14309 D dalvikvm: Late-enabling CheckJNI
07-01 03:52:30.800   145   162 I ActivityManager: Start proc com.xabber.androiddev for service com.xabber.androiddev/com.xabber.android.service.XMPPService: pid=14309 uid=10063 gids={3003, 1015}
07-01 03:52:30.820 14309 14309 I dalvikvm: Turning on JNI app bug workarounds for target SDK version 9...
07-01 03:52:31.105 14309 14311 D dalvikvm: GC_CONCURRENT freed 223K, 4% free 9313K/9607K, paused 5ms+4ms
07-01 03:52:31.132 14309 14309 D dalvikvm: GC_FOR_ALLOC freed 302K, 6% free 9427K/9927K, paused 14ms
07-01 03:52:31.238 14309 14311 D dalvikvm: GC_CONCURRENT freed 178K, 3% free 9761K/10055K, paused 2ms+5ms
07-01 03:52:31.402 14309 14311 D dalvikvm: GC_CONCURRENT freed 258K, 4% free 10045K/10375K, paused 2ms+2ms
07-01 03:52:31.476 14309 14309 I com.xabber.android.service.XMPPService@41420140: onCreate
07-01 03:52:31.480 14309 14309 I com.xabber.android.data.Application@41370018: onStart
07-01 03:52:31.495 14309 14323 I com.xabber.android.data.LogManager@41380860: onLoad
07-01 03:52:31.531   145   310 I ActivityManager: Process com.google.android.apps.maps:FriendService (pid 14263) has died.
07-01 03:52:31.605 14309 14311 D dalvikvm: GC_CONCURRENT freed 336K, 5% free 10100K/10567K, paused 2ms+2ms
07-01 03:52:32.527 14309 14311 D dalvikvm: GC_CONCURRENT freed 217K, 4% free 10289K/10631K, paused 1ms+2ms
07-01 03:52:37.929 13767 13767 D dalvikvm: GC_EXPLICIT freed 146K, 7% free 9064K/9671K, paused 23ms+2ms
07-01 03:52:40.808   145   162 I ActivityManager: Start proc com.google.android.apps.googlevoice for service com.google.android.apps.googlevoice/.CallLogService: pid=14327 uid=10054 gids={3003, 1015}
07-01 03:52:40.906   145   361 I ActivityManager: Process edu.buffalo.cse.phonelab.phonelabservices (pid 13767) has died.
07-01 03:52:40.906   145   361 W ActivityManager: Scheduling restart of crashed service edu.buffalo.cse.phonelab.phonelabservices/edu.buffalo.cse.phonelab.datalogger.LoggerService in 5000ms
07-01 03:52:41.210 14327 14330 D dalvikvm: GC_CONCURRENT freed 251K, 4% free 9284K/9607K, paused 21ms+9ms
07-01 03:52:45.980   145   162 I ActivityManager: Start proc edu.buffalo.cse.phonelab.phonelabservices for service edu.buffalo.cse.phonelab.phonelabservices/edu.buffalo.cse.phonelab.datalogger.LoggerService: pid=14348 uid=10037 gids={3003, 1015, 1007, 2001}
07-01 03:52:46.023    79    79 D dalvikvm: GC_EXPLICIT freed 38K, 4% free 9031K/9347K, paused 12ms+6ms
07-01 03:52:46.058    79    79 D dalvikvm: GC_EXPLICIT freed <1K, 4% free 9031K/9347K, paused 1ms+2ms
07-01 03:52:46.109    79    79 D dalvikvm: GC_EXPLICIT freed <1K, 4% free 9031K/9347K, paused 2ms+3ms
07-01 03:52:46.117 14348 14348 I PhoneLab-LoggerService: Start Logger Service
07-01 03:52:46.152 14348 14361 I PhoneLab-: Service Running
07-01 03:52:46.226 14348 14361 I PhoneLab-LoggerService: app_37    1360  1     1436   996   c00f181c 400107b4 S logcat
07-01 03:52:46.226 14348 14361 I PhoneLab-LoggerService: Logcat pid from database 1360
07-01 03:52:46.226 14348 14361 I PhoneLab-LoggerService: Logcat process found 1360
07-01 03:52:46.226 14348 14361 I PhoneLab-LoggerService: Checking Threshold
07-01 03:52:46.816   145   329 I ActivityManager: Process com.google.android.apps.maps:LocationFriendService (pid 14169) has died.
07-01 03:52:50.156   145   200 D DhcpInfoInternal: makeLinkProperties with empty dns2!
07-01 03:52:50.163   145   200 D DhcpInfoInternal: makeLinkProperties with empty dns2!
07-01 03:52:54.335   362   362 D dalvikvm: GC_EXPLICIT freed <1K, 6% free 9101K/9607K, paused 2ms+2ms
07-01 03:52:59.398   375   375 D dalvikvm: GC_EXPLICIT freed 94K, 11% free 11225K/12487K, paused 17ms+2ms
07-01 03:53:05.171   145   161 D dalvikvm: GC_EXPLICIT freed 916K, 15% free 15341K/17927K, paused 9ms+6ms
07-01 03:53:10.140   216   216 D dalvikvm: GC_EXPLICIT freed 340K, 33% free 9636K/14343K, paused 15ms+2ms
07-01 03:53:15.152   322   322 D dalvikvm: GC_EXPLICIT freed <1K, 17% free 10373K/12359K, paused 15ms+3ms
07-01 03:53:18.636   145   395 I ActivityManager: Start proc com.google.android.apps.maps:LocationFriendService for service com.google.android.apps.maps/com.google.googlenav.friend.reporting.LocationReceiverService: pid=14383 uid=10056 gids={3003, 1015}
07-01 03:53:18.785 14383 14386 D dalvikvm: GC_CONCURRENT freed 153K, 3% free 9382K/9607K, paused 2ms+2ms
07-01 03:53:19.058 14383 14386 D dalvikvm: GC_CONCURRENT freed 181K, 3% free 9634K/9927K, paused 6ms+6ms
07-01 03:53:19.316   145   396 I ActivityManager: Process com.google.android.apps.currents (pid 14137) has died.
07-01 03:53:19.316   145   396 W ActivityManager: Scheduling restart of crashed service com.google.android.apps.currents/com.google.apps.dots.android.app.service.DotsSyncService in 5000ms
07-01 03:53:19.660 14383 14386 D dalvikvm: GC_CONCURRENT freed 281K, 4% free 9893K/10247K, paused 2ms+2ms
07-01 03:53:24.656   345   345 D dalvikvm: GC_EXPLICIT freed 29K, 8% free 11632K/12551K, paused 26ms+3ms
07-01 03:53:29.605   454   454 D dalvikvm: GC_EXPLICIT freed <1K, 4% free 9037K/9347K, paused 14ms+2ms
07-01 03:53:34.617 11619 11619 D dalvikvm: GC_EXPLICIT freed <1K, 4% free 10908K/11335K, paused 16ms+2ms
07-01 03:53:44.558  1248  1248 D dalvikvm: GC_EXPLICIT freed 9K, 24% free 20084K/26247K, paused 23ms+8ms
07-01 03:53:49.456 13703 13703 D dalvikvm: GC_EXPLICIT freed 91K, 7% free 9442K/10119K, paused 16ms+2ms
07-01 03:53:54.585  8727  8727 D dalvikvm: GC_EXPLICIT freed 49K, 7% free 10111K/10759K, paused 25ms+3ms
07-01 03:53:59.495 14193 14193 D dalvikvm: GC_EXPLICIT freed 57K, 4% free 9056K/9347K, paused 23ms+2ms
07-01 03:54:05.156 14209 14209 D dalvikvm: GC_EXPLICIT freed 371K, 5% free 10608K/11143K, paused 7ms+4ms
07-01 03:54:14.859 14242 14242 D dalvikvm: GC_EXPLICIT freed 308K, 6% free 10155K/10695K, paused 2ms+3ms
07-01 03:54:18.683 14383 14390 I dalvikvm: Total arena pages for JIT: 11
07-01 03:54:18.683 14383 14390 I dalvikvm: Total arena pages for JIT: 12
07-01 03:54:18.683 14383 14390 I dalvikvm: Total arena pages for JIT: 13
07-01 03:54:18.683 14383 14390 I dalvikvm: Total arena pages for JIT: 14
07-01 03:54:18.683 14383 14390 I dalvikvm: Total arena pages for JIT: 15
07-01 03:54:18.683 14383 14390 I dalvikvm: Total arena pages for JIT: 16
07-01 03:54:18.683 14383 14390 I dalvikvm: Total arena pages for JIT: 17
07-01 03:54:18.753 14383 14386 D dalvikvm: GC_CONCURRENT freed 450K, 6% free 9969K/10503K, paused 1ms+2ms
07-01 03:54:46.156 14348 14361 I PhoneLab-: Service Running
07-01 03:54:46.261 14348 14361 I PhoneLab-LoggerService: app_37    1360  1     1436   996   c00f181c 400107b4 S logcat
07-01 03:54:46.261 14348 14361 I PhoneLab-LoggerService: Logcat pid from database 1360
07-01 03:54:46.261 14348 14361 I PhoneLab-LoggerService: Logcat process found 1360
07-01 03:54:46.261 14348 14361 I PhoneLab-LoggerService: Checking Threshold
07-01 03:55:15.035   145   200 D DhcpInfoInternal: makeLinkProperties with empty dns2!
07-01 03:55:15.038   145   200 D DhcpInfoInternal: makeLinkProperties with empty dns2!
07-01 03:55:18.718 14383 14390 I dalvikvm: Total arena pages for JIT: 18
07-01 03:55:18.769 14242 14244 D dalvikvm: GC_CONCURRENT freed 509K, 6% free 10167K/10759K, paused 1ms+8ms
07-01 03:56:18.804 14383 14386 D dalvikvm: GC_CONCURRENT freed 543K, 6% free 9951K/10567K, paused 2ms+3ms
07-01 03:56:46.152 14348 14361 I PhoneLab-: Service Running
07-01 03:56:46.238 14348 14361 I PhoneLab-LoggerService: app_37    1360  1     1436   996   c00f181c 400107b4 S logcat
07-01 03:56:46.238 14348 14361 I PhoneLab-LoggerService: Logcat pid from database 1360
07-01 03:56:46.238 14348 14361 I PhoneLab-LoggerService: Logcat process found 1360
07-01 03:56:46.238 14348 14361 I PhoneLab-LoggerService: Checking Threshold
07-01 03:57:18.800 14242 14244 D dalvikvm: GC_CONCURRENT freed 506K, 6% free 10172K/10759K, paused 2ms+3ms
07-01 03:57:18.933 14383 14386 D dalvikvm: GC_CONCURRENT freed 419K, 6% free 10009K/10567K, paused 1ms+3ms
07-01 03:57:39.917   145   200 D DhcpInfoInternal: makeLinkProperties with empty dns2!
07-01 03:57:39.917   145   200 D DhcpInfoInternal: makeLinkProperties with empty dns2!
07-01 03:58:46.156 14348 14361 I PhoneLab-: Service Running
07-01 03:58:46.238 14348 14361 I PhoneLab-LoggerService: app_37    1360  1     1436   996   c00f181c 400107b4 S logcat
07-01 03:58:46.238 14348 14361 I PhoneLab-LoggerService: Logcat pid from database 1360
07-01 03:58:46.238 14348 14361 I PhoneLab-LoggerService: Logcat process found 1360
07-01 03:58:46.238 14348 14361 I PhoneLab-LoggerService: Checking Threshold
07-01 03:59:18.894 14242 14244 D dalvikvm: GC_CONCURRENT freed 506K, 6% free 10177K/10759K, paused 2ms+2ms
07-01 03:59:19.007 14383 14386 D dalvikvm: GC_CONCURRENT freed 543K, 6% free 10008K/10631K, paused 2ms+2ms
07-01 03:59:56.636 14209 14212 D dalvikvm: GC_CONCURRENT freed 410K, 5% free 10661K/11207K, paused 2ms+4ms
07-01 04:00:00.175 14278 14285 I dalvikvm: Total arena pages for JIT: 11
07-01 04:00:00.175 14278 14285 I dalvikvm: Total arena pages for JIT: 12
07-01 04:00:00.175 14278 14285 I dalvikvm: Total arena pages for JIT: 13
07-01 04:00:00.175 14278 14285 I dalvikvm: Total arena pages for JIT: 14
07-01 04:00:00.175 14278 14285 I dalvikvm: Total arena pages for JIT: 15
07-01 04:00:00.175 14278 14285 I dalvikvm: Total arena pages for JIT: 16
07-01 04:00:00.175 14278 14285 I dalvikvm: Total arena pages for JIT: 17
07-01 04:00:00.202 14278 14285 I dalvikvm: Total arena pages for JIT: 18
07-01 04:00:04.788   145   200 D DhcpInfoInternal: makeLinkProperties with empty dns2!
07-01 04:00:04.792   145   200 D DhcpInfoInternal: makeLinkProperties with empty dns2!
07-01 04:00:19.015   145   156 D dalvikvm: GC_EXPLICIT freed 1005K, 15% free 15413K/17927K, paused 6ms+7ms
07-01 04:00:46.156 14348 14361 I PhoneLab-: Service Running
07-01 04:00:46.218 14348 14361 I PhoneLab-LoggerService: app_37    1360  1     1436   996   c00f181c 400107b4 S logcat
07-01 04:00:46.218 14348 14361 I PhoneLab-LoggerService: Logcat pid from database 1360
07-01 04:00:46.222 14348 14361 I PhoneLab-LoggerService: Logcat process found 1360
07-01 04:00:46.222 14348 14361 I PhoneLab-LoggerService: Checking Threshold
07-01 04:01:19.093 14242 14244 D dalvikvm: GC_CONCURRENT freed 532K, 6% free 10182K/10823K, paused 2ms+11ms
07-01 04:01:19.113 14383 14386 D dalvikvm: GC_CONCURRENT freed 529K, 7% free 9945K/10631K, paused 13ms+2ms
07-01 04:01:52.367 14348 14348 I PhoneLab-Locks: wake lock acquired
07-01 04:01:52.413 14348 14489 I PhoneLab-PeriodicCheckService: User info is synched
07-01 04:01:52.433 14348 14489 I PhoneLab-PeriodicCheckService: Logger Service is running
07-01 04:01:52.441 14348 14348 I PhoneLab-Locks: wake lock acquired
07-01 04:01:52.441 14348 14348 I PhoneLab-StatusMonitor: Status Monitoring is started
07-01 04:01:52.445 14348 14489 I PhoneLab-Locks: wake lock acquired
07-01 04:01:52.449 14348 14489 I PhoneLab-PeriodicCheckService: Rescheduling periodic checking...
07-01 04:01:52.452 14348 14489 I PhoneLab-Locks: wake lock released
07-01 04:01:52.472 14348 14350 D dalvikvm: GC_CONCURRENT freed 406K, 6% free 9077K/9607K, paused 2ms+2ms
07-01 04:01:52.484 14348 14348 E PhoneLab-PhoneLabManifest: java.io.FileNotFoundException: /data/data/edu.buffalo.cse.phonelab.phonelabservices/files/manifest.xml: open failed: ENOENT (No such file or directory)
07-01 04:01:52.535 14348 14348 I PhoneLab-Locks: wake lock released
07-01 04:01:52.535 14348 14348 I PhoneLab-UploadLogs: Transfering log files now
07-01 04:01:52.535 14348 14348 I PhoneLab-UploadLogs: No log files to transfer
07-01 04:01:52.535 14348 14348 I PhoneLab-Locks: wake lock released
07-01 04:01:52.538 14348 14348 I PhoneLab-UploadLogs: OnStartCommand
07-01 04:02:19.218 14383 14386 D dalvikvm: GC_CONCURRENT freed 435K, 6% free 10007K/10631K, paused 3ms+3ms
07-01 04:02:19.265   216   218 D dalvikvm: GC_CONCURRENT freed 436K, 33% free 9685K/14343K, paused 1ms+2ms
07-01 04:02:19.312   216   218 D dalvikvm: GC_CONCURRENT freed 489K, 33% free 9675K/14343K, paused 6ms+2ms
07-01 04:02:19.417   216   218 D dalvikvm: GC_CONCURRENT freed 392K, 32% free 9784K/14343K, paused 4ms+2ms
07-01 04:02:24.742 14383 14386 D dalvikvm: GC_CONCURRENT freed 471K, 7% free 9941K/10631K, paused 2ms+2ms
07-01 04:02:25.558 14383 14386 D dalvikvm: GC_CONCURRENT freed 441K, 6% free 10012K/10631K, paused 6ms+3ms
07-01 04:02:25.663   216   218 D dalvikvm: GC_CONCURRENT freed 344K, 32% free 9849K/14343K, paused 1ms+2ms
07-01 04:02:25.722   216   218 D dalvikvm: GC_CONCURRENT freed 481K, 32% free 9797K/14343K, paused 1ms+2ms
07-01 04:02:29.445   145   200 D DhcpInfoInternal: makeLinkProperties with empty dns2!
07-01 04:02:29.445   145   200 D DhcpInfoInternal: makeLinkProperties with empty dns2!
07-01 04:02:46.156 14348 14361 I PhoneLab-: Service Running
07-01 04:02:46.226 14348 14361 I PhoneLab-LoggerService: app_37    1360  1     1436   996   c00f181c 400107b4 S logcat
07-01 04:02:46.226 14348 14361 I PhoneLab-LoggerService: Logcat pid from database 1360
07-01 04:02:46.226 14348 14361 I PhoneLab-LoggerService: Logcat process found 1360
07-01 04:02:46.226 14348 14361 I PhoneLab-LoggerService: Checking Threshold
07-01 04:02:47.585   216   218 D dalvikvm: GC_CONCURRENT freed 546K, 33% free 9636K/14343K, paused 2ms+2ms
07-01 04:02:47.761 14242 14244 D dalvikvm: GC_CONCURRENT freed 392K, 6% free 10264K/10823K, paused 6ms+6ms
07-01 04:03:19.101 14242 14244 D dalvikvm: GC_CONCURRENT freed 475K, 6% free 10339K/10887K, paused 2ms+3ms
07-01 04:03:19.187 14383 14386 D dalvikvm: GC_CONCURRENT freed 378K, 6% free 10077K/10631K, paused 2ms+2ms
07-01 04:04:19.234 14383 14386 D dalvikvm: GC_CONCURRENT freed 520K, 6% free 10103K/10695K, paused 2ms+3ms
07-01 04:04:46.156 14348 14361 I PhoneLab-: Service Running
07-01 04:04:46.261 14348 14361 I PhoneLab-LoggerService: app_37    1360  1     1436   996   c00f181c 400107b4 S logcat
07-01 04:04:46.261 14348 14361 I PhoneLab-LoggerService: Logcat pid from database 1360
07-01 04:04:46.261 14348 14361 I PhoneLab-LoggerService: Logcat process found 1360
07-01 04:04:46.261 14348 14361 I PhoneLab-LoggerService: Checking Threshold
07-01 04:04:54.343   145   200 D DhcpInfoInternal: makeLinkProperties with empty dns2!
07-01 04:04:54.347   145   200 D DhcpInfoInternal: makeLinkProperties with empty dns2!
07-01 04:05:19.199 14242 14244 D dalvikvm: GC_CONCURRENT freed 539K, 6% free 10335K/10951K, paused 2ms+2ms
07-01 04:06:19.296 14383 14386 D dalvikvm: GC_CONCURRENT freed 523K, 6% free 10073K/10695K, paused 2ms+2ms
07-01 04:06:46.152 14348 14361 I PhoneLab-: Service Running
07-01 04:06:46.245 14348 14361 I PhoneLab-LoggerService: app_37    1360  1     1436   996   c00f181c 400107b4 S logcat
07-01 04:06:46.245 14348 14361 I PhoneLab-LoggerService: Logcat pid from database 1360
07-01 04:06:46.245 14348 14361 I PhoneLab-LoggerService: Logcat process found 1360
07-01 04:06:46.249 14348 14361 I PhoneLab-LoggerService: Checking Threshold
07-01 04:07:18.906   145   200 D DhcpInfoInternal: makeLinkProperties with empty dns2!
07-01 04:07:18.906   145   200 D DhcpInfoInternal: makeLinkProperties with empty dns2!
07-01 04:07:19.265 14242 14244 D dalvikvm: GC_CONCURRENT freed 512K, 6% free 10335K/10951K, paused 1ms+2ms
07-01 04:07:19.378 14383 14386 D dalvikvm: GC_CONCURRENT freed 439K, 6% free 10068K/10695K, paused 2ms+2ms
07-01 04:08:19.429 14242 14244 D dalvikvm: GC_CONCURRENT freed 468K, 6% free 10345K/10951K, paused 2ms+6ms
07-01 04:08:46.156 14348 14361 I PhoneLab-: Service Running
07-01 04:08:46.218 14348 14361 I PhoneLab-LoggerService: app_37    1360  1     1436   996   c00f181c 400107b4 S logcat
07-01 04:08:46.218 14348 14361 I PhoneLab-LoggerService: Logcat pid from database 1360
07-01 04:08:46.218 14348 14361 I PhoneLab-LoggerService: Logcat process found 1360
07-01 04:08:46.218 14348 14361 I PhoneLab-LoggerService: Checking Threshold
07-01 04:09:08.015  8727 11693 I EventLogService: Aggregate from 1341128347869 (log), 1341128347869 (data)
07-01 04:09:19.495 14383 14386 D dalvikvm: GC_CONCURRENT freed 468K, 6% free 10076K/10695K, paused 1ms+6ms
07-01 04:09:43.574   145   200 D DhcpInfoInternal: makeLinkProperties with empty dns2!
07-01 04:09:43.574   145   200 D DhcpInfoInternal: makeLinkProperties with empty dns2!
07-01 04:10:19.468  8727  8729 D dalvikvm: GC_CONCURRENT freed 307K, 6% free 10196K/10759K, paused 2ms+6ms
07-01 04:10:19.523 14242 14244 D dalvikvm: GC_CONCURRENT freed 505K, 6% free 10352K/10951K, paused 2ms+2ms
07-01 04:10:19.632   145   361 D dalvikvm: GC_EXPLICIT freed 1130K, 14% free 15446K/17927K, paused 3ms+6ms
07-01 04:10:19.722 14383 14386 D dalvikvm: GC_CONCURRENT freed 460K, 6% free 10079K/10695K, paused 2ms+2ms
07-01 04:10:46.156 14348 14361 I PhoneLab-: Service Running
07-01 04:10:46.218 14348 14361 I PhoneLab-LoggerService: app_37    1360  1     1436   996   c00f181c 400107b4 S logcat
07-01 04:10:46.218 14348 14361 I PhoneLab-LoggerService: Logcat pid from database 1360
07-01 04:10:46.222 14348 14361 I PhoneLab-LoggerService: Logcat process found 1360
07-01 04:10:46.222 14348 14361 I PhoneLab-LoggerService: Checking Threshold
07-01 04:12:08.464   145   200 D DhcpInfoInternal: makeLinkProperties with empty dns2!
07-01 04:12:08.472   145   200 D DhcpInfoInternal: makeLinkProperties with empty dns2!
07-01 04:12:19.617 14242 14244 D dalvikvm: GC_CONCURRENT freed 511K, 6% free 10352K/10951K, paused 2ms+3ms
07-01 04:12:19.695 14383 14621 D dalvikvm: GC_EXPLICIT freed 403K, 7% free 10015K/10695K, paused 2ms+2ms
07-01 04:12:46.156 14348 14361 I PhoneLab-: Service Running
07-01 04:12:46.226 14348 14361 I PhoneLab-LoggerService: app_37    1360  1     1436   996   c00f181c 400107b4 S logcat
07-01 04:12:46.226 14348 14361 I PhoneLab-LoggerService: Logcat pid from database 1360
07-01 04:12:46.226 14348 14361 I PhoneLab-LoggerService: Logcat process found 1360
07-01 04:12:46.226 14348 14361 I PhoneLab-LoggerService: Checking Threshold
07-01 04:13:19.710 14383 14386 D dalvikvm: GC_CONCURRENT freed 425K, 6% free 10093K/10695K, paused 1ms+3ms
07-01 04:13:29.968 14278 14280 D dalvikvm: GC_CONCURRENT freed 523K, 7% free 10041K/10759K, paused 3ms+2ms
07-01 04:14:19.691 14242 14244 D dalvikvm: GC_CONCURRENT freed 513K, 6% free 10350K/10951K, paused 1ms+2ms
07-01 04:14:19.808 14383 14386 D dalvikvm: GC_CONCURRENT freed 491K, 6% free 10067K/10695K, paused 1ms+2ms
07-01 04:14:33.343   145   200 D DhcpInfoInternal: makeLinkProperties with empty dns2!
07-01 04:14:33.347   145   200 D DhcpInfoInternal: makeLinkProperties with empty dns2!
07-01 04:14:46.152 14348 14361 I PhoneLab-: Service Running
07-01 04:14:46.218 14348 14361 I PhoneLab-LoggerService: app_37    1360  1     1436   996   c00f181c 400107b4 S logcat
07-01 04:14:46.218 14348 14361 I PhoneLab-LoggerService: Logcat pid from database 1360
07-01 04:14:46.218 14348 14361 I PhoneLab-LoggerService: Logcat process found 1360
07-01 04:14:46.218 14348 14361 I PhoneLab-LoggerService: Checking Threshold
07-01 04:16:19.788 14242 14244 D dalvikvm: GC_CONCURRENT freed 512K, 6% free 10350K/10951K, paused 2ms+3ms
07-01 04:16:19.898 14383 14386 D dalvikvm: GC_CONCURRENT freed 504K, 6% free 10073K/10695K, paused 2ms+2ms
07-01 04:16:46.156 14348 14361 I PhoneLab-: Service Running
07-01 04:16:46.230 14348 14350 D dalvikvm: GC_CONCURRENT freed 392K, 6% free 9103K/9607K, paused 2ms+5ms
07-01 04:16:46.238 14348 14361 I PhoneLab-LoggerService: app_37    1360  1     1436   996   c00f181c 400107b4 S logcat
07-01 04:16:46.238 14348 14361 I PhoneLab-LoggerService: Logcat pid from database 1360
07-01 04:16:46.238 14348 14361 I PhoneLab-LoggerService: Logcat process found 1360
07-01 04:16:46.242 14348 14361 I PhoneLab-LoggerService: Checking Threshold
07-01 04:16:58.230   145   200 D DhcpInfoInternal: makeLinkProperties with empty dns2!
07-01 04:16:58.234   145   200 D DhcpInfoInternal: makeLinkProperties with empty dns2!
07-01 04:17:19.960 14383 14386 D dalvikvm: GC_CONCURRENT freed 480K, 6% free 10067K/10695K, paused 1ms+3ms
07-01 04:18:19.917 14242 14244 D dalvikvm: GC_CONCURRENT freed 511K, 6% free 10351K/10951K, paused 1ms+2ms
07-01 04:18:46.156 14348 14361 I PhoneLab-: Service Running
07-01 04:18:46.245 14348 14361 I PhoneLab-LoggerService: app_37    1360  1     1436   996   c00f181c 400107b4 S logcat
07-01 04:18:46.245 14348 14361 I PhoneLab-LoggerService: Logcat pid from database 1360
07-01 04:18:46.245 14348 14361 I PhoneLab-LoggerService: Logcat process found 1360
07-01 04:18:46.249 14348 14361 I PhoneLab-LoggerService: Checking Threshold
07-01 04:19:20.054 14383 14386 D dalvikvm: GC_CONCURRENT freed 491K, 6% free 10085K/10695K, paused 2ms+3ms
07-01 04:19:23.109   145   200 D DhcpInfoInternal: makeLinkProperties with empty dns2!
07-01 04:19:23.113   145   200 D DhcpInfoInternal: makeLinkProperties with empty dns2!
07-01 04:20:20.019 14242 14244 D dalvikvm: GC_CONCURRENT freed 511K, 6% free 10351K/10951K, paused 2ms+2ms
07-01 04:20:20.081  8727  8805 D dalvikvm: GC_EXPLICIT freed 214K, 6% free 10134K/10759K, paused 2ms+4ms
07-01 04:20:20.175 14383 14386 D dalvikvm: GC_CONCURRENT freed 472K, 6% free 10061K/10695K, paused 2ms+2ms
07-01 04:20:46.156 14348 14361 I PhoneLab-: Service Running
07-01 04:20:46.218 14348 14361 I PhoneLab-LoggerService: app_37    1360  1     1436   996   c00f181c 400107b4 S logcat
07-01 04:20:46.218 14348 14361 I PhoneLab-LoggerService: Logcat pid from database 1360
07-01 04:20:46.218 14348 14361 I PhoneLab-LoggerService: Logcat process found 1360
07-01 04:20:46.218 14348 14361 I PhoneLab-LoggerService: Checking Threshold
07-01 04:21:47.769   145   200 D DhcpInfoInternal: makeLinkProperties with empty dns2!
07-01 04:21:47.769   145   200 D DhcpInfoInternal: makeLinkProperties with empty dns2!
07-01 04:22:20.140 14242 14244 D dalvikvm: GC_CONCURRENT freed 509K, 6% free 10353K/10951K, paused 2ms+2ms
07-01 04:22:20.253 14383 14386 D dalvikvm: GC_CONCURRENT freed 469K, 6% free 10103K/10695K, paused 2ms+3ms
07-01 04:22:46.156 14348 14361 I PhoneLab-: Service Running
07-01 04:22:46.253 14348 14361 I PhoneLab-LoggerService: app_37    1360  1     1436   996   c00f181c 400107b4 S logcat
07-01 04:22:46.253 14348 14361 I PhoneLab-LoggerService: Logcat pid from database 1360
07-01 04:22:46.253 14348 14361 I PhoneLab-LoggerService: Logcat process found 1360
07-01 04:22:46.253 14348 14361 I PhoneLab-LoggerService: Checking Threshold
07-01 04:23:20.367   216   216 D dalvikvm: GC_FOR_ALLOC freed 323K, 33% free 9689K/14343K, paused 16ms
07-01 04:23:20.370 14383 14386 D dalvikvm: GC_CONCURRENT freed 496K, 6% free 10065K/10695K, paused 2ms+2ms
07-01 04:23:20.406   216   218 D dalvikvm: GC_CONCURRENT freed 503K, 33% free 9675K/14343K, paused 1ms+2ms
07-01 04:23:20.515   216   218 D dalvikvm: GC_CONCURRENT freed 418K, 32% free 9767K/14343K, paused 2ms+2ms
07-01 04:23:21.101   145   348 I ActivityManager: Process com.android.sprintmenu (pid 14193) has died.
07-01 04:23:21.101   145   348 W ActivityManager: Scheduling restart of crashed service com.android.sprintmenu/.HiddenPhoneService in 5000ms
07-01 04:23:21.214   145   147 D dalvikvm: GC_CONCURRENT freed 1545K, 14% free 15455K/17927K, paused 9ms+7ms
07-01 04:23:24.765   145  1149 D dalvikvm: GC_EXPLICIT freed 199K, 15% free 15310K/17927K, paused 22ms+6ms
07-01 04:23:24.906   216   218 D dalvikvm: GC_CONCURRENT freed 363K, 32% free 9849K/14343K, paused 2ms+4ms
07-01 04:23:24.980   216   218 D dalvikvm: GC_CONCURRENT freed 558K, 32% free 9765K/14343K, paused 2ms+2ms
07-01 04:23:26.160   145   162 I ActivityManager: Start proc com.android.sprintmenu for service com.android.sprintmenu/.HiddenPhoneService: pid=14729 uid=1001 gids={3002, 3001, 3003, 1015}
07-01 04:24:12.449   145   200 D DhcpInfoInternal: makeLinkProperties with empty dns2!
07-01 04:24:12.449   145   200 D DhcpInfoInternal: makeLinkProperties with empty dns2!
07-01 04:24:20.234 14242 14244 D dalvikvm: GC_CONCURRENT freed 505K, 6% free 10360K/10951K, paused 1ms+2ms
07-01 04:24:20.347 14383 14386 D dalvikvm: GC_CONCURRENT freed 507K, 6% free 10067K/10695K, paused 2ms+3ms
07-01 04:24:46.156 14348 14361 I PhoneLab-: Service Running
07-01 04:24:46.238 14348 14361 I PhoneLab-LoggerService: app_37    1360  1     1436   996   c00f181c 400107b4 S logcat
07-01 04:24:46.238 14348 14361 I PhoneLab-LoggerService: Logcat pid from database 1360
07-01 04:24:46.238 14348 14361 I PhoneLab-LoggerService: Logcat process found 1360
07-01 04:24:46.238 14348 14361 I PhoneLab-LoggerService: Checking Threshold
07-01 04:25:20.382 14383 14386 D dalvikvm: GC_CONCURRENT freed 451K, 6% free 10056K/10695K, paused 1ms+2ms
07-01 04:26:19.085 14242 14244 D dalvikvm: GC_CONCURRENT freed 403K, 6% free 10345K/10951K, paused 2ms+2ms
07-01 04:26:37.296   145   200 D DhcpInfoInternal: makeLinkProperties with empty dns2!
07-01 04:26:37.300   145   200 D DhcpInfoInternal: makeLinkProperties with empty dns2!
07-01 04:26:46.156 14348 14361 I PhoneLab-: Service Running
07-01 04:26:46.245 14348 14361 I PhoneLab-LoggerService: app_37    1360  1     1436   996   c00f181c 400107b4 S logcat
07-01 04:26:46.245 14348 14361 I PhoneLab-LoggerService: Logcat pid from database 1360
07-01 04:26:46.245 14348 14361 I PhoneLab-LoggerService: Logcat process found 1360
07-01 04:26:46.245 14348 14361 I PhoneLab-LoggerService: Checking Threshold
07-01 04:27:20.456 14242 14244 D dalvikvm: GC_CONCURRENT freed 500K, 6% free 10356K/10951K, paused 2ms+3ms
07-01 04:27:20.589 14383 14386 D dalvikvm: GC_CONCURRENT freed 458K, 6% free 10106K/10695K, paused 1ms+2ms
07-01 04:27:21.007 14242 14260 D dalvikvm: GC_FOR_ALLOC freed 161K, 6% free 10361K/10951K, paused 19ms
07-01 04:27:21.027 14242 14260 D dalvikvm: GC_FOR_ALLOC freed 1K, 6% free 10375K/10951K, paused 19ms
07-01 04:28:20.589 14383 14386 D dalvikvm: GC_CONCURRENT freed 485K, 6% free 10056K/10695K, paused 2ms+1ms
07-01 04:28:29.187   145   175 I ActivityManager: Start proc com.google.android.maps.mytracks for service com.google.android.maps.mytracks/com.google.android.apps.mytracks.services.RemoveTempFilesService: pid=14796 uid=10072 gids={3003, 3002, 3001, 1015}
07-01 04:28:29.226 14796 14796 I dalvikvm: Turning on JNI app bug workarounds for target SDK version 7...
07-01 04:28:29.367 14796 14796 I ActivityThread: Pub com.google.android.maps.mytracks.search: com.google.android.apps.mytracks.content.SearchEngineProvider
07-01 04:28:29.378 14796 14796 I ActivityThread: Pub com.google.android.maps.mytracks: com.google.android.apps.mytracks.content.MyTracksProvider
07-01 04:28:46.156 14348 14361 I PhoneLab-: Service Running
07-01 04:28:46.230   145   310 I ActivityManager: Process com.google.android.apps.maps:NetworkLocationService (pid 14242) has died.
07-01 04:28:46.230   145   310 W ActivityManager: Scheduling restart of crashed service com.google.android.apps.maps/com.google.android.location.internal.server.NetworkLocationService in 5000ms
07-01 04:28:46.277 14348 14361 I PhoneLab-LoggerService: app_37    1360  1     1436   996   c00f181c 400107b4 S logcat
07-01 04:28:46.281 14348 14361 I PhoneLab-LoggerService: Logcat pid from database 1360
07-01 04:28:46.281 14348 14361 I PhoneLab-LoggerService: Logcat process found 1360
07-01 04:28:46.281 14348 14361 I PhoneLab-LoggerService: Checking Threshold
07-01 04:28:51.300   145   162 I ActivityManager: Start proc com.google.android.apps.maps:NetworkLocationService for service com.google.android.apps.maps/com.google.android.location.internal.server.NetworkLocationService: pid=14811 uid=10056 gids={3003, 1015}
07-01 04:28:51.464 14811 14813 D dalvikvm: GC_CONCURRENT freed 161K, 3% free 9375K/9607K, paused 2ms+3ms
07-01 04:28:51.781 14811 14813 D dalvikvm: GC_CONCURRENT freed 155K, 3% free 9690K/9927K, paused 2ms+3ms
07-01 04:28:52.050 14811 14813 D dalvikvm: GC_CONCURRENT freed 168K, 3% free 10072K/10311K, paused 2ms+3ms
07-01 04:28:52.218 14811 14813 D dalvikvm: GC_CONCURRENT freed 670K, 8% free 9886K/10695K, paused 2ms+1ms
07-01 04:28:52.296   145   162 I ActivityManager: Start proc com.google.android.apps.maps:FriendService for broadcast com.google.android.apps.maps/com.google.googlenav.friend.android.ServiceReceiver: pid=14832 uid=10056 gids={3003, 1015}
07-01 04:28:52.410 14832 14835 D dalvikvm: GC_CONCURRENT freed 163K, 3% free 9372K/9607K, paused 2ms+2ms
07-01 04:28:52.554 14832 14835 D dalvikvm: GC_CONCURRENT freed 197K, 3% free 9697K/9991K, paused 2ms+3ms
07-01 04:28:52.652 14811 14818 I dalvikvm: Total arena pages for JIT: 11
07-01 04:28:52.652 14811 14818 I dalvikvm: Total arena pages for JIT: 12
07-01 04:28:52.656 14811 14818 I dalvikvm: Total arena pages for JIT: 13
07-01 04:28:52.656 14811 14818 I dalvikvm: Total arena pages for JIT: 14
07-01 04:28:52.656 14811 14818 I dalvikvm: Total arena pages for JIT: 15
07-01 04:28:52.656 14811 14818 I dalvikvm: Total arena pages for JIT: 16
07-01 04:28:52.656 14811 14818 I dalvikvm: Total arena pages for JIT: 17
07-01 04:28:52.738 14811 14818 I dalvikvm: Total arena pages for JIT: 18
07-01 04:28:52.859 14811 14813 D dalvikvm: GC_CONCURRENT freed 259K, 6% free 10131K/10695K, paused 2ms+3ms
07-01 04:28:54.359   216   218 D dalvikvm: GC_CONCURRENT freed 514K, 33% free 9688K/14343K, paused 2ms+2ms
07-01 04:28:54.370 14811 14813 D dalvikvm: GC_CONCURRENT freed 477K, 6% free 10144K/10759K, paused 1ms+2ms
07-01 04:28:54.417   216   218 D dalvikvm: GC_CONCURRENT freed 505K, 33% free 9676K/14343K, paused 7ms+2ms
07-01 04:28:54.484   216   218 D dalvikvm: GC_CONCURRENT freed 422K, 33% free 9738K/14343K, paused 2ms+3ms
07-01 04:28:54.527 14383 14386 D dalvikvm: GC_CONCURRENT freed 418K, 6% free 10085K/10695K, paused 2ms+2ms
07-01 04:28:57.867   216   218 D dalvikvm: GC_CONCURRENT freed 379K, 32% free 9850K/14343K, paused 2ms+2ms
07-01 04:28:57.925   216   218 D dalvikvm: GC_CONCURRENT freed 570K, 32% free 9762K/14343K, paused 2ms+3ms
07-01 04:29:01.960   145   200 D DhcpInfoInternal: makeLinkProperties with empty dns2!
07-01 04:29:01.960   145   200 D DhcpInfoInternal: makeLinkProperties with empty dns2!
07-01 04:29:54.558 14383 14386 D dalvikvm: GC_CONCURRENT freed 488K, 6% free 10076K/10695K, paused 2ms+2ms
07-01 04:29:58.515 14209 14212 D dalvikvm: GC_CONCURRENT freed 404K, 5% free 10732K/11271K, paused 26ms+3ms
07-01 04:30:46.156 14348 14361 I PhoneLab-: Service Running
07-01 04:30:46.226 14348 14361 I PhoneLab-LoggerService: app_37    1360  1     1436   996   c00f181c 400107b4 S logcat
07-01 04:30:46.226 14348 14361 I PhoneLab-LoggerService: Logcat pid from database 1360
07-01 04:30:46.226 14348 14361 I PhoneLab-LoggerService: Logcat process found 1360
07-01 04:30:46.226 14348 14361 I PhoneLab-LoggerService: Checking Threshold
07-01 04:30:54.495 14811 14813 D dalvikvm: GC_CONCURRENT freed 481K, 6% free 10175K/10759K, paused 1ms+2ms
07-01 04:30:54.628 14383 14386 D dalvikvm: GC_CONCURRENT freed 466K, 6% free 10118K/10695K, paused 2ms+3ms
07-01 04:30:54.636   145   329 I ActivityManager: Process com.whatsapp (pid 14278) has died.
07-01 04:30:54.636   145   329 W ActivityManager: Scheduling restart of crashed service com.whatsapp/.messaging.MessageService in 5000ms
07-01 04:30:59.699   145   162 I ActivityManager: Start proc com.whatsapp for service com.whatsapp/.messaging.MessageService: pid=14874 uid=10068 gids={1015, 3003}
07-01 04:30:59.702 14874 14874 I dalvikvm: Turning on JNI app bug workarounds for target SDK version 7...
07-01 04:30:59.785   145   145 D dalvikvm: GC_EXPLICIT freed 1265K, 14% free 15429K/17927K, paused 3ms+7ms
07-01 04:30:59.945 14874 14876 D dalvikvm: GC_CONCURRENT freed 171K, 3% free 9353K/9607K, paused 2ms+2ms
07-01 04:31:00.218 14874 14876 D dalvikvm: GC_CONCURRENT freed 298K, 4% free 9614K/9991K, paused 3ms+3ms
07-01 04:31:00.507 14874 14874 I dalvikvm: Could not find method android.media.MediaMetadataRetriever.captureFrame, referenced from method com.whatsapp.q3.a
07-01 04:31:00.507 14874 14874 W dalvikvm: VFY: unable to resolve virtual method 501: Landroid/media/MediaMetadataRetriever;.captureFrame ()Landroid/graphics/Bitmap;
07-01 04:31:00.507 14874 14874 D dalvikvm: VFY: replacing opcode 0x6e at 0x0134
07-01 04:31:00.785 14874 14876 D dalvikvm: GC_CONCURRENT freed 438K, 6% free 9735K/10247K, paused 2ms+2ms
07-01 04:31:01.038 14874 14876 D dalvikvm: GC_CONCURRENT freed 216K, 4% free 9992K/10311K, paused 2ms+7ms
07-01 04:31:26.855   145   200 D DhcpInfoInternal: makeLinkProperties with empty dns2!
07-01 04:31:26.867   145   200 D DhcpInfoInternal: makeLinkProperties with empty dns2!
07-01 04:31:52.515 14348 14348 I PhoneLab-Locks: wake lock acquired
07-01 04:31:52.546 14348 14921 I PhoneLab-PeriodicCheckService: User info is synched
07-01 04:31:52.550 14348 14921 I PhoneLab-PeriodicCheckService: Logger Service is running
07-01 04:31:52.554 14348 14348 I PhoneLab-Locks: wake lock acquired
07-01 04:31:52.554 14348 14348 I PhoneLab-StatusMonitor: Status Monitoring is started
07-01 04:31:52.581 14348 14348 E PhoneLab-PhoneLabManifest: java.io.FileNotFoundException: /data/data/edu.buffalo.cse.phonelab.phonelabservices/files/manifest.xml: open failed: ENOENT (No such file or directory)
07-01 04:31:52.585 14348 14921 I PhoneLab-Locks: wake lock acquired
07-01 04:31:52.585 14348 14921 I PhoneLab-PeriodicCheckService: Rescheduling periodic checking...
07-01 04:31:52.589 14348 14921 I PhoneLab-Locks: wake lock released
07-01 04:31:52.613 14348 14348 I PhoneLab-Locks: wake lock released
07-01 04:31:52.617 14348 14348 I PhoneLab-UploadLogs: Transfering log files now
07-01 04:31:52.617 14348 14348 I PhoneLab-UploadLogs: No log files to transfer
07-01 04:31:52.617 14348 14348 I PhoneLab-Locks: wake lock released
07-01 04:31:52.617 14348 14348 I PhoneLab-UploadLogs: OnStartCommand
07-01 04:31:52.624 14348 14350 D dalvikvm: GC_CONCURRENT freed 454K, 6% free 9092K/9671K, paused 3ms+9ms
07-01 04:32:46.156 14348 14361 I PhoneLab-: Service Running
07-01 04:32:46.230 14348 14361 I PhoneLab-LoggerService: app_37    1360  1     1436   996   c00f181c 400107b4 S logcat
07-01 04:32:46.230 14348 14361 I PhoneLab-LoggerService: Logcat pid from database 1360
07-01 04:32:46.230 14348 14361 I PhoneLab-LoggerService: Logcat process found 1360
07-01 04:32:46.230 14348 14361 I PhoneLab-LoggerService: Checking Threshold
07-01 04:32:54.550 14811 14813 D dalvikvm: GC_CONCURRENT freed 504K, 6% free 10181K/10759K, paused 2ms+3ms
07-01 04:32:54.660 14383 14386 D dalvikvm: GC_CONCURRENT freed 605K, 7% free 10080K/10759K, paused 2ms+2ms
07-01 04:33:51.527   145   200 D DhcpInfoInternal: makeLinkProperties with empty dns2!
07-01 04:33:51.527   145   200 D DhcpInfoInternal: makeLinkProperties with empty dns2!
07-01 04:33:54.722 14383 14386 D dalvikvm: GC_CONCURRENT freed 442K, 7% free 10073K/10759K, paused 2ms+2ms
07-01 04:34:46.156 14348 14361 I PhoneLab-: Service Running
07-01 04:34:46.245 14348 14361 I PhoneLab-LoggerService: app_37    1360  1     1436   996   c00f181c 400107b4 S logcat
07-01 04:34:46.245 14348 14361 I PhoneLab-LoggerService: Logcat pid from database 1360
07-01 04:34:46.245 14348 14361 I PhoneLab-LoggerService: Logcat process found 1360
07-01 04:34:46.249 14348 14361 I PhoneLab-LoggerService: Checking Threshold
07-01 04:34:54.652 14811 14813 D dalvikvm: GC_CONCURRENT freed 564K, 6% free 10183K/10823K, paused 1ms+2ms
07-01 04:34:54.730 14383 14394 D dalvikvm: GC_EXPLICIT freed 64K, 7% free 10025K/10759K, paused 2ms+3ms
07-01 04:35:54.796 14383 14386 D dalvikvm: GC_CONCURRENT freed 439K, 7% free 10086K/10759K, paused 2ms+2ms
07-01 04:36:16.410   145   200 D DhcpInfoInternal: makeLinkProperties with empty dns2!
07-01 04:36:16.413   145   200 D DhcpInfoInternal: makeLinkProperties with empty dns2!
07-01 04:36:46.156 14348 14361 I PhoneLab-: Service Running
07-01 04:36:46.238 14348 14361 I PhoneLab-LoggerService: app_37    1360  1     1436   996   c00f181c 400107b4 S logcat
07-01 04:36:46.238 14348 14361 I PhoneLab-LoggerService: Logcat pid from database 1360
07-01 04:36:46.238 14348 14361 I PhoneLab-LoggerService: Logcat process found 1360
07-01 04:36:46.238 14348 14361 I PhoneLab-LoggerService: Checking Threshold
07-01 04:36:54.742  8727  8734 I dalvikvm: Total arena pages for JIT: 11
07-01 04:36:54.745  8727  8734 I dalvikvm: Total arena pages for JIT: 12
07-01 04:36:54.745  8727  8734 I dalvikvm: Total arena pages for JIT: 13
07-01 04:36:54.749  8727  8734 I dalvikvm: Total arena pages for JIT: 14
07-01 04:36:54.749  8727  8734 I dalvikvm: Total arena pages for JIT: 15
07-01 04:36:54.749  8727  8734 I dalvikvm: Total arena pages for JIT: 16
07-01 04:36:54.749  8727  8734 I dalvikvm: Total arena pages for JIT: 17
07-01 04:36:54.796 14811 14813 D dalvikvm: GC_CONCURRENT freed 506K, 6% free 10188K/10823K, paused 1ms+2ms
07-01 04:36:54.921 14383 14386 D dalvikvm: GC_CONCURRENT freed 477K, 7% free 10085K/10759K, paused 1ms+2ms
07-01 04:38:41.288   145   200 D DhcpInfoInternal: makeLinkProperties with empty dns2!
07-01 04:38:41.292   145   200 D DhcpInfoInternal: makeLinkProperties with empty dns2!
07-01 04:38:46.156 14348 14361 I PhoneLab-: Service Running
07-01 04:38:46.238 14348 14361 I PhoneLab-LoggerService: app_37    1360  1     1436   996   c00f181c 400107b4 S logcat
07-01 04:38:46.238 14348 14361 I PhoneLab-LoggerService: Logcat pid from database 1360
07-01 04:38:46.238 14348 14361 I PhoneLab-LoggerService: Logcat process found 1360
07-01 04:38:46.238 14348 14361 I PhoneLab-LoggerService: Checking Threshold
07-01 04:38:49.980 14309 14311 D dalvikvm: GC_CONCURRENT freed 397K, 5% free 10291K/10823K, paused 23ms+2ms
07-01 04:38:54.867 14811 14813 D dalvikvm: GC_CONCURRENT freed 505K, 6% free 10195K/10823K, paused 2ms+3ms
07-01 04:38:54.999   216   218 D dalvikvm: GC_CONCURRENT freed 464K, 33% free 9692K/14343K, paused 7ms+3ms
07-01 04:38:55.050   216   216 D dalvikvm: GC_FOR_ALLOC freed 369K, 33% free 9675K/14343K, paused 16ms
07-01 04:38:55.101   216   218 D dalvikvm: GC_CONCURRENT freed 469K, 33% free 9675K/14343K, paused 1ms+2ms
07-01 04:38:55.117 14383 14386 D dalvikvm: GC_CONCURRENT freed 511K, 7% free 10084K/10759K, paused 2ms+12ms
07-01 04:38:55.183   216   218 D dalvikvm: GC_CONCURRENT freed 375K, 32% free 9771K/14343K, paused 1ms+2ms
07-01 04:38:56.074   145   157 I ActivityManager: Process com.xabber.androiddev (pid 14309) has died.
07-01 04:38:56.074   145   157 W ActivityManager: Scheduling restart of crashed service com.xabber.androiddev/com.xabber.android.service.XMPPService in 5000ms
07-01 04:39:00.101 14383 14386 D dalvikvm: GC_CONCURRENT freed 472K, 6% free 10119K/10759K, paused 1ms+3ms
07-01 04:39:00.249   216   218 D dalvikvm: GC_CONCURRENT freed 353K, 32% free 9850K/14343K, paused 1ms+5ms
07-01 04:39:00.327   216   218 D dalvikvm: GC_CONCURRENT freed 559K, 32% free 9765K/14343K, paused 2ms+2ms
07-01 04:39:01.128 15000 15000 D dalvikvm: Late-enabling CheckJNI
07-01 04:39:01.132   145   162 I ActivityManager: Start proc com.xabber.androiddev for service com.xabber.androiddev/com.xabber.android.service.XMPPService: pid=15000 uid=10063 gids={3003, 1015}
07-01 04:39:01.144 15000 15000 I dalvikvm: Turning on JNI app bug workarounds for target SDK version 9...
07-01 04:39:01.351 15000 15002 D dalvikvm: GC_CONCURRENT freed 223K, 4% free 9313K/9607K, paused 1ms+2ms
07-01 04:39:01.374 15000 15000 D dalvikvm: GC_FOR_ALLOC freed 295K, 6% free 9427K/9927K, paused 13ms
07-01 04:39:01.480 15000 15002 D dalvikvm: GC_CONCURRENT freed 192K, 3% free 9774K/10055K, paused 1ms+3ms
07-01 04:39:01.593 15000 15002 D dalvikvm: GC_CONCURRENT freed 428K, 5% free 9875K/10375K, paused 1ms+2ms
07-01 04:39:01.652 15000 15000 I com.xabber.android.service.XMPPService@41373068: onCreate
07-01 04:39:01.652 15000 15000 I com.xabber.android.data.Application@4136e480: onStart
07-01 04:39:01.667 15000 15014 I com.xabber.android.data.LogManager@41379f08: onLoad
07-01 04:39:01.695   145   156 I ActivityManager: Process com.google.android.apps.googlevoice (pid 14327) has died.
07-01 04:39:01.695   145   156 W ActivityManager: Scheduling restart of crashed service com.google.android.apps.googlevoice/.CallLogService in 5000ms
07-01 04:39:01.804 15000 15002 D dalvikvm: GC_CONCURRENT freed 169K, 3% free 10140K/10439K, paused 2ms+2ms
07-01 04:39:02.714 15000 15002 D dalvikvm: GC_CONCURRENT freed 269K, 4% free 10297K/10695K, paused 2ms+3ms
07-01 04:39:06.777   145   162 I ActivityManager: Start proc com.google.android.apps.googlevoice for service com.google.android.apps.googlevoice/.CallLogService: pid=15018 uid=10054 gids={3003, 1015}
07-01 04:39:07.308 15018 15020 D dalvikvm: GC_CONCURRENT freed 241K, 4% free 9287K/9607K, paused 14ms+2ms
07-01 04:39:07.320   145   395 I ActivityManager: Process com.google.android.apps.maps:FriendService (pid 14832) has died.
07-01 04:39:07.460   145   147 D dalvikvm: GC_CONCURRENT freed 1502K, 14% free 15439K/17927K, paused 3ms+7ms
07-01 04:39:07.695  8727  8729 D dalvikvm: GC_CONCURRENT freed 304K, 6% free 10214K/10759K, paused 7ms+8ms
07-01 04:39:07.745   145   395 D dalvikvm: GC_EXPLICIT freed 129K, 15% free 15314K/17927K, paused 19ms+5ms
07-01 04:39:08.191  8727 12317 I EventLogService: Aggregate from 1341130148017 (log), 1341130148017 (data)
07-01 04:39:22.839 14811 14813 D dalvikvm: GC_CONCURRENT freed 329K, 5% free 10329K/10823K, paused 10ms+7ms
07-01 04:39:29.507   145   161 V BackupManagerService: Running a backup pass
07-01 04:39:29.519   145   215 V BackupManagerService: Backup requested but nothing pending
07-01 04:40:46.156 14348 14361 I PhoneLab-: Service Running
07-01 04:40:46.245   145   156 I ActivityManager: Process com.facebook.katana (pid 14209) has died.
07-01 04:40:46.245   145   156 W ActivityManager: Scheduling restart of crashed service com.facebook.katana/.service.MediaUploadService in 5000ms
07-01 04:40:46.347 14348 14361 I PhoneLab-LoggerService: app_37    1360  1     1436   996   c00f181c 400107b4 S logcat
07-01 04:40:46.347 14348 14361 I PhoneLab-LoggerService: Logcat pid from database 1360
07-01 04:40:46.347 14348 14361 I PhoneLab-LoggerService: Logcat process found 1360
07-01 04:40:46.347 14348 14361 I PhoneLab-LoggerService: Checking Threshold
07-01 04:40:51.316   145   162 I ActivityManager: Start proc com.facebook.katana for service com.facebook.katana/.service.MediaUploadService: pid=15044 uid=10071 gids={3003, 1006, 1015}
07-01 04:40:51.324 15044 15044 I dalvikvm: Turning on JNI app bug workarounds for target SDK version 7...
07-01 04:40:51.511 15044 15046 D dalvikvm: GC_CONCURRENT freed 166K, 3% free 9369K/9607K, paused 2ms+2ms
07-01 04:40:51.644 15044 15046 D dalvikvm: GC_CONCURRENT freed 132K, 3% free 9663K/9927K, paused 2ms+2ms
07-01 04:40:51.718 15044 15044 I ActivityThread: Pub com.facebook.katana.provider.LoggingProvider: com.facebook.katana.provider.LoggingProvider
07-01 04:40:51.749 15044 15044 I ActivityThread: Pub com.facebook.katana.provider.KeyValueProvider: com.facebook.katana.provider.KeyValueProvider
07-01 04:40:51.753 15044 15044 I ActivityThread: Pub com.facebook.katana.provider.CacheProvider: com.facebook.katana.provider.CacheProvider
07-01 04:40:51.757 15044 15044 I ActivityThread: Pub com.facebook.katana.provider.MailboxProvider: com.facebook.katana.provider.MailboxProvider
07-01 04:40:51.777 15044 15044 I ActivityThread: Pub com.facebook.katana.provider.UserStatusesProvider: com.facebook.katana.provider.UserStatusesProvider
07-01 04:40:51.777 15044 15044 I ActivityThread: Pub com.facebook.katana.provider.EventsProvider: com.facebook.katana.provider.EventsProvider
07-01 04:40:51.781 15044 15044 I ActivityThread: Pub com.facebook.katana.provider.NotificationsProvider: com.facebook.katana.provider.NotificationsProvider
07-01 04:40:51.792 15044 15044 I ActivityThread: Pub com.facebook.katana.provider.UserValuesProvider: com.facebook.katana.provider.UserValuesProvider
07-01 04:40:51.792 15044 15044 I ActivityThread: Pub com.facebook.katana.provider.PagesProvider: com.facebook.katana.provider.PagesProvider
07-01 04:40:51.796 15044 15044 I ActivityThread: Pub com.facebook.katana.provider.MobileEventLogProvider: com.facebook.katana.provider.MobileEventLogProvider
07-01 04:40:51.800 15044 15044 I ActivityThread: Pub com.facebook.katana.provider.PushNotificationsProvider: com.facebook.katana.provider.PushNotificationsProvider
07-01 04:40:51.804 15044 15044 I ActivityThread: Pub com.facebook.katana.provider.PhotosProvider: com.facebook.katana.provider.PhotosProvider
07-01 04:40:51.812 15044 15044 I ActivityThread: Pub com.facebook.katana.provider.ConnectionsProvider: com.facebook.katana.provider.ConnectionsProvider
07-01 04:40:51.839 15044 15044 I ActivityThread: Pub com.facebook.orca.notify.FbandroidMessagesForegroundProvider: com.facebook.orca.notify.FbandroidMessagesForegroundProvider
07-01 04:40:51.937 15044 15044 D ACRA    : Retrieve application default SharedPreferences.
07-01 04:40:51.941 15044 15044 D ACRA    : Set OnSharedPreferenceChangeListener.
07-01 04:40:51.960 15044 15044 D ACRA    : ACRA is enabled for com.facebook.katana, intializing...
07-01 04:40:52.054 15044 15044 D ACRA    : Looking for error files in /data/data/com.facebook.katana/app_acra-reports
07-01 04:40:52.253 15044 15044 W nalizableReferenceQueue: Could not load Finalizer in its own class loader.Loading Finalizer in the current class loader instead. As a result, you will not be ableto garbage collect this class loader. To support reclaiming this class loader, eitherresolve the underlying issue, or move Google Collections to your system class path.
07-01 04:40:52.253 15044 15044 W nalizableReferenceQueue: java.io.FileNotFoundException: com/google/common/base/internal/Finalizer.class
07-01 04:40:52.253 15044 15044 W nalizableReferenceQueue: 	at com.google.common.base.FinalizableReferenceQueue$DecoupledLoader.getBaseUrl(FinalizableReferenceQueue.java:243)
07-01 04:40:52.253 15044 15044 W nalizableReferenceQueue: 	at com.google.common.base.FinalizableReferenceQueue$DecoupledLoader.loadFinalizer(FinalizableReferenceQueue.java:227)
07-01 04:40:52.253 15044 15044 W nalizableReferenceQueue: 	at com.google.common.base.FinalizableReferenceQueue.loadFinalizer(FinalizableReferenceQueue.java:155)
07-01 04:40:52.253 15044 15044 W nalizableReferenceQueue: 	at com.google.common.base.FinalizableReferenceQueue.<clinit>(FinalizableReferenceQueue.java:84)
07-01 04:40:52.253 15044 15044 W nalizableReferenceQueue: 	at com.google.common.collect.CustomConcurrentHashMap$QueueHolder.<clinit>(CustomConcurrentHashMap.java:650)
07-01 04:40:52.253 15044 15044 W nalizableReferenceQueue: 	at com.google.common.collect.CustomConcurrentHashMap$WeakEntry.<init>(CustomConcurrentHashMap.java:1342)
07-01 04:40:52.253 15044 15044 W nalizableReferenceQueue: 	at com.google.common.collect.CustomConcurrentHashMap$EntryFactory$9.newEntry(CustomConcurrentHashMap.java:453)
07-01 04:40:52.253 15044 15044 W nalizableReferenceQueue: 	at com.google.common.collect.CustomConcurrentHashMap.a(CustomConcurrentHashMap.java:1715)
07-01 04:40:52.253 15044 15044 W nalizableReferenceQueue: 	at com.google.common.collect.ComputingConcurrentHashMap$ComputingSegment.a(ComputingConcurrentHashMap.java:123)
07-01 04:40:52.253 15044 15044 W nalizableReferenceQueue: 	at com.google.common.collect.ComputingConcurrentHashMap.apply(ComputingConcurrentHashMap.java:71)
07-01 04:40:52.253 15044 15044 W nalizableReferenceQueue: 	at com.google.common.collect.MapMaker$ComputingMapAdapter.get(MapMaker.java:848)
07-01 04:40:52.253 15044 15044 W nalizableReferenceQueue: 	at com.google.inject.internal.Annotations$AnnotationChecker.a(Annotations.java:94)
07-01 04:40:52.253 15044 15044 W nalizableReferenceQueue: 	at com.google.inject.internal.Annotations.c(Annotations.java:112)
07-01 04:40:52.253 15044 15044 W nalizableReferenceQueue: 	at com.google.inject.Key.d(Key.java:369)
07-01 04:40:52.253 15044 15044 W nalizableReferenceQueue: 	at com.google.inject.Key.b(Key.java:356)
07-01 04:40:52.253 15044 15044 W nalizableReferenceQueue: 	at com.google.inject.Key.a(Key.java:267)
07-01 04:40:52.253 15044 15044 W nalizableReferenceQueue: 	at com.facebook.orca.inject.binder.AnnotatedBindingBuilderImpl.a(AnnotatedBindingBuilderImpl.java:22)
07-01 04:40:52.253 15044 15044 W nalizableReferenceQueue: 	at com.facebook.orca.app.FbBaseModule.a(FbBaseModule.java:74)
07-01 04:40:52.253 15044 15044 W nalizableReferenceQueue: 	at com.facebook.orca.inject.AbstractModule.a(AbstractModule.java:19)
07-01 04:40:52.253 15044 15044 W nalizableReferenceQueue: 	at com.facebook.orca.inject.FbInjectorImpl.a(FbInjectorImpl.java:61)
07-01 04:40:52.253 15044 15044 W nalizableReferenceQueue: 	at com.facebook.orca.inject.FbInjectorImpl.<init>(FbInjectorImpl.java:41)
07-01 04:40:52.253 15044 15044 W nalizableReferenceQueue: 	at com.facebook.orca.inject.FbInjector.a(FbInjector.java:40)
07-01 04:40:52.253 15044 15044 W nalizableReferenceQueue: 	at com.facebook.katana.FacebookApplication.onCreate(FacebookApplication.java:86)
07-01 04:40:52.253 15044 15044 W nalizableReferenceQueue: 	at android.app.Instrumentation.callApplicationOnCreate(Instrumentation.java:969)
07-01 04:40:52.253 15044 15044 W nalizableReferenceQueue: 	at android.app.ActivityThread.handleBindApplication(ActivityThread.java:3954)
07-01 04:40:52.253 15044 15044 W nalizableReferenceQueue: 	at android.app.ActivityThread.access$1300(ActivityThread.java:123)
07-01 04:40:52.253 15044 15044 W nalizableReferenceQueue: 	at android.app.ActivityThread$H.handleMessage(ActivityThread.java:1185)
07-01 04:40:52.253 15044 15044 W nalizableReferenceQueue: 	at android.os.Handler.dispatchMessage(Handler.java:99)
07-01 04:40:52.253 15044 15044 W nalizableReferenceQueue: 	at android.os.Looper.loop(Looper.java:137)
07-01 04:40:52.253 15044 15044 W nalizableReferenceQueue: 	at android.app.ActivityThread.main(ActivityThread.java:4424)
07-01 04:40:52.253 15044 15044 W nalizableReferenceQueue: 	at java.lang.reflect.Method.invokeNative(Native Method)
07-01 04:40:52.253 15044 15044 W nalizableReferenceQueue: 	at java.lang.reflect.Method.invoke(Method.java:511)
07-01 04:40:52.253 15044 15044 W nalizableReferenceQueue: 	at com.android.internal.os.ZygoteInit$MethodAndArgsCaller.run(ZygoteInit.java:784)
07-01 04:40:52.253 15044 15044 W nalizableReferenceQueue: 	at com.android.internal.os.ZygoteInit.main(ZygoteInit.java:551)
07-01 04:40:52.253 15044 15044 W nalizableReferenceQueue: 	at dalvik.system.NativeStart.main(Native Method)
07-01 04:40:52.257 15044 15044 I Finalizer: Couldn't access Thread.inheritableThreadLocals. Reference finalizer threads will inherit thread local values.
07-01 04:40:52.257 15044 15046 D dalvikvm: GC_CONCURRENT freed 251K, 3% free 9891K/10183K, paused 7ms+2ms
07-01 04:40:52.413 15044 15046 D dalvikvm: GC_CONCURRENT freed 418K, 5% free 9979K/10503K, paused 1ms+2ms
07-01 04:40:52.597 15044 15046 D dalvikvm: GC_CONCURRENT freed 341K, 5% free 10057K/10503K, paused 6ms+3ms
07-01 04:40:53.117 15044 15046 D dalvikvm: GC_CONCURRENT freed 279K, 4% free 10270K/10631K, paused 4ms+2ms
07-01 04:40:53.195 15044 15060 W Resources: Converting to string: TypedValue{t=0x10/d=0xffffffff a=-1}
07-01 04:40:53.726 15044 15046 D dalvikvm: GC_CONCURRENT freed 342K, 4% free 10404K/10823K, paused 2ms+3ms
07-01 04:40:54.382 15044 15046 D dalvikvm: GC_CONCURRENT freed 373K, 5% free 10452K/10951K, paused 3ms+3ms
07-01 04:40:54.949 14811 14813 D dalvikvm: GC_CONCURRENT freed 532K, 6% free 10346K/10951K, paused 3ms+3ms
07-01 04:40:55.077 14383 14386 D dalvikvm: GC_CONCURRENT freed 544K, 7% free 10083K/10759K, paused 2ms+3ms
07-01 04:41:04.202 15044 15046 D dalvikvm: GC_CONCURRENT freed 381K, 5% free 10502K/11015K, paused 15ms+2ms
07-01 04:41:05.960   145   200 D DhcpInfoInternal: makeLinkProperties with empty dns2!
07-01 04:41:05.960   145   200 D DhcpInfoInternal: makeLinkProperties with empty dns2!
07-01 04:41:55.136 14383 14386 D dalvikvm: GC_CONCURRENT freed 454K, 6% free 10127K/10759K, paused 2ms+2ms
07-01 04:42:46.156 14348 14361 I PhoneLab-: Service Running
07-01 04:42:46.218 14348 14361 I PhoneLab-LoggerService: app_37    1360  1     1436   996   c00f181c 400107b4 S logcat
07-01 04:42:46.218 14348 14361 I PhoneLab-LoggerService: Logcat pid from database 1360
07-01 04:42:46.218 14348 14361 I PhoneLab-LoggerService: Logcat process found 1360
07-01 04:42:46.218 14348 14361 I PhoneLab-LoggerService: Checking Threshold
07-01 04:42:53.785 14874 14876 D dalvikvm: GC_CONCURRENT freed 557K, 7% free 9877K/10567K, paused 2ms+2ms
07-01 04:42:55.085 14811 14813 D dalvikvm: GC_CONCURRENT freed 496K, 6% free 10362K/10951K, paused 1ms+3ms
07-01 04:43:29.261  1248  2577 I SqliteDatabaseCpp: sqlite returned: error code = 1, msg = no such column: wipeout_stats, db=/data/data/com.google.android.apps.plus/databases/picasa.db
07-01 04:43:29.261  1248  2577 W System.err: android.database.sqlite.SQLiteException: no such column: wipeout_stats: , while compiling: SELECT wipeout_stats  FROM account_status
07-01 04:43:29.382  1248  2577 W System.err: 	at android.database.sqlite.SQLiteCompiledSql.native_compile(Native Method)
07-01 04:43:29.382  1248  2577 W System.err: 	at android.database.sqlite.SQLiteCompiledSql.<init>(SQLiteCompiledSql.java:68)
07-01 04:43:29.382  1248  2577 W System.err: 	at android.database.sqlite.SQLiteProgram.compileSql(SQLiteProgram.java:143)
07-01 04:43:29.382  1248  2577 W System.err: 	at android.database.sqlite.SQLiteProgram.compileAndbindAllArgs(SQLiteProgram.java:361)
07-01 04:43:29.382  1248  2577 W System.err: 	at android.database.sqlite.SQLiteStatement.acquireAndLock(SQLiteStatement.java:260)
07-01 04:43:29.382  1248  2577 W System.err: 	at android.database.sqlite.SQLiteStatement.simpleQueryForLong(SQLiteStatement.java:137)
07-01 04:43:29.382  1248  2577 W System.err: 	at android.database.DatabaseUtils.longForQuery(DatabaseUtils.java:791)
07-01 04:43:29.382  1248  2577 W System.err: 	at android.database.DatabaseUtils.longForQuery(DatabaseUtils.java:779)
07-01 04:43:29.382  1248  2577 W System.err: 	at com.google.android.apps.plus.content.EsAccountsData.isContactsStatsWipeoutNeeded(EsAccountsData.java:641)
07-01 04:43:29.382  1248  2577 W System.err: 	at com.google.android.apps.plus.service.EsService.processIntent(EsService.java:4246)
07-01 04:43:29.382  1248  2577 W System.err: 	at com.google.android.apps.plus.service.ServiceThread$1.run(ServiceThread.java:50)
07-01 04:43:29.382  1248  2577 W System.err: 	at android.os.Handler.handleCallback(Handler.java:605)
07-01 04:43:29.382  1248  2577 W System.err: 	at android.os.Handler.dispatchMessage(Handler.java:92)
07-01 04:43:29.382  1248  2577 W System.err: 	at android.os.Looper.loop(Looper.java:137)
07-01 04:43:29.382  1248  2577 W System.err: 	at com.google.android.apps.plus.service.ServiceThread.run(ServiceThread.java:122)
07-01 04:43:29.488 15044 15046 D dalvikvm: GC_CONCURRENT freed 437K, 5% free 10633K/11143K, paused 19ms+6ms
07-01 04:43:30.753   145   200 D DhcpInfoInternal: makeLinkProperties with empty dns2!
07-01 04:43:30.765   145   200 D DhcpInfoInternal: makeLinkProperties with empty dns2!
07-01 04:43:36.070  1248  1250 D dalvikvm: GC_CONCURRENT freed 1785K, 23% free 20220K/26247K, paused 17ms+8ms
07-01 04:43:40.062  1248  1250 D dalvikvm: GC_CONCURRENT freed 1325K, 21% free 20895K/26247K, paused 12ms+5ms
07-01 04:43:41.687  1248  1250 D dalvikvm: GC_CONCURRENT freed 1528K, 19% free 21297K/26247K, paused 8ms+5ms
07-01 04:43:43.835  1248  1250 D dalvikvm: GC_CONCURRENT freed 2552K, 22% free 20690K/26247K, paused 3ms+4ms
07-01 04:43:44.859  1248 15102 I SqliteDatabaseCpp: sqlite returned: error code = 1, msg = no such column: last_stats_sync_time, db=/data/data/com.google.android.apps.plus/databases/picasa.db
07-01 04:43:44.870  1248 15102 E EsSyncAdapterService: Sync failure
07-01 04:43:44.870  1248 15102 E EsSyncAdapterService: android.database.sqlite.SQLiteException: no such column: last_stats_sync_time: , while compiling: SELECT last_stats_sync_time  FROM account_status
07-01 04:43:44.870  1248 15102 E EsSyncAdapterService: 	at android.database.sqlite.SQLiteCompiledSql.native_compile(Native Method)
07-01 04:43:44.870  1248 15102 E EsSyncAdapterService: 	at android.database.sqlite.SQLiteCompiledSql.<init>(SQLiteCompiledSql.java:68)
07-01 04:43:44.870  1248 15102 E EsSyncAdapterService: 	at android.database.sqlite.SQLiteProgram.compileSql(SQLiteProgram.java:143)
07-01 04:43:44.870  1248 15102 E EsSyncAdapterService: 	at android.database.sqlite.SQLiteProgram.compileAndbindAllArgs(SQLiteProgram.java:361)
07-01 04:43:44.870  1248 15102 E EsSyncAdapterService: 	at android.database.sqlite.SQLiteStatement.acquireAndLock(SQLiteStatement.java:260)
07-01 04:43:44.870  1248 15102 E EsSyncAdapterService: 	at android.database.sqlite.SQLiteStatement.simpleQueryForLong(SQLiteStatement.java:137)
07-01 04:43:44.870  1248 15102 E EsSyncAdapterService: 	at android.database.DatabaseUtils.longForQuery(DatabaseUtils.java:791)
07-01 04:43:44.870  1248 15102 E EsSyncAdapterService: 	at android.database.DatabaseUtils.longForQuery(DatabaseUtils.java:779)
07-01 04:43:44.870  1248 15102 E EsSyncAdapterService: 	at com.google.android.apps.plus.content.EsAccountsData.queryLastStatsSyncTimestamp(EsAccountsData.java:570)
07-01 04:43:44.870  1248 15102 E EsSyncAdapterService: 	at com.google.android.apps.plus.service.EsSyncAdapterService.syncContactsStatsIfNecessary(EsSyncAdapterService.java:670)
07-01 04:43:44.870  1248 15102 E EsSyncAdapterService: 	at com.google.android.apps.plus.service.EsSyncAdapterService.doFullSync(EsSyncAdapterService.java:633)
07-01 04:43:44.870  1248 15102 E EsSyncAdapterService: 	at com.google.android.apps.plus.service.EsSyncAdapterService.doSync(EsSyncAdapterService.java:566)
07-01 04:43:44.870  1248 15102 E EsSyncAdapterService: 	at com.google.android.apps.plus.service.EsSyncAdapterService.access$100(EsSyncAdapterService.java:52)
07-01 04:43:44.870  1248 15102 E EsSyncAdapterService: 	at com.google.android.apps.plus.service.EsSyncAdapterService$SyncAdapterImpl.onPerformSync(EsSyncAdapterService.java:408)
07-01 04:43:44.870  1248 15102 E EsSyncAdapterService: 	at android.content.AbstractThreadedSyncAdapter$SyncThread.run(AbstractThreadedSyncAdapter.java:247)
07-01 04:43:44.878   145   169 D SyncManager: failed sync operation lokeshmandvekar@gmail.com (com.google), com.google.android.apps.plus.content.EsProvider, SERVER, earliestRunTime 23400141, SyncResult: stats [ numParseExceptions: 1]
07-01 04:43:44.886   145   169 D SyncManager: not retrying sync operation because the error is a hard error: lokeshmandvekar@gmail.com (com.google), com.google.android.apps.plus.content.EsProvider, SERVER, earliestRunTime 23415770
07-01 04:43:50.167  1248  2249 D dalvikvm: GC_EXPLICIT freed 1881K, 24% free 20133K/26247K, paused 3ms+8ms
07-01 04:43:50.550   145   156 D dalvikvm: GC_EXPLICIT freed 804K, 15% free 15387K/17927K, paused 3ms+6ms
07-01 04:43:50.894 13703 13705 D dalvikvm: GC_CONCURRENT freed 298K, 6% free 9532K/10119K, paused 7ms+3ms
07-01 04:43:52.066 13703 13742 D dalvikvm: GC_EXPLICIT freed 261K, 6% free 9523K/10119K, paused 2ms+3ms
07-01 04:43:52.261 14874 14876 D dalvikvm: GC_CONCURRENT freed 263K, 6% free 10034K/10567K, paused 1ms+9ms
07-01 04:43:55.222 14811 14813 D dalvikvm: GC_CONCURRENT freed 414K, 6% free 10340K/10951K, paused 2ms+2ms
07-01 04:43:55.277 14383 14386 D dalvikvm: GC_CONCURRENT freed 556K, 7% free 10080K/10759K, paused 2ms+3ms
07-01 04:44:29.952   145  9966 I ActivityManager: Start proc com.google.android.gsf.login for service com.google.android.gsf.login/com.google.android.gsf.loginservice.GoogleLoginService: pid=15133 uid=10009 gids={3003, 1015, 1007, 2001, 3006}
07-01 04:44:30.265 14874 14876 D dalvikvm: GC_CONCURRENT freed 509K, 6% free 9946K/10567K, paused 2ms+3ms
07-01 04:44:30.753  8727 15130 D dalvikvm: GC_EXPLICIT freed 346K, 6% free 10150K/10759K, paused 17ms+8ms
07-01 04:44:46.156 14348 14361 I PhoneLab-: Service Running
07-01 04:44:46.269 14348 14361 I PhoneLab-LoggerService: app_37    1360  1     1436   996   c00f181c 400107b4 S logcat
07-01 04:44:46.269 14348 14361 I PhoneLab-LoggerService: Logcat pid from database 1360
07-01 04:44:46.269 14348 14361 I PhoneLab-LoggerService: Logcat process found 1360
07-01 04:44:46.269 14348 14361 I PhoneLab-LoggerService: Checking Threshold
07-01 04:44:55.269 14811 14813 D dalvikvm: GC_CONCURRENT freed 437K, 6% free 10354K/10951K, paused 2ms+2ms
07-01 04:44:55.335 14383 14386 D dalvikvm: GC_CONCURRENT freed 486K, 7% free 10083K/10759K, paused 1ms+2ms
07-01 04:45:55.324   145   200 D DhcpInfoInternal: makeLinkProperties with empty dns2!
07-01 04:45:55.324   145   200 D DhcpInfoInternal: makeLinkProperties with empty dns2!
07-01 04:46:46.156 14348 14361 I PhoneLab-: Service Running
07-01 04:46:46.230 14348 14361 I PhoneLab-LoggerService: app_37    1360  1     1436   996   c00f181c 400107b4 S logcat
07-01 04:46:46.230 14348 14361 I PhoneLab-LoggerService: Logcat pid from database 1360
07-01 04:46:46.230 14348 14361 I PhoneLab-LoggerService: Logcat process found 1360
07-01 04:46:46.230 14348 14361 I PhoneLab-LoggerService: Checking Threshold
07-01 04:46:55.339 14811 14813 D dalvikvm: GC_CONCURRENT freed 507K, 6% free 10358K/10951K, paused 1ms+2ms
07-01 04:46:55.449 14383 14386 D dalvikvm: GC_CONCURRENT freed 503K, 7% free 10090K/10759K, paused 2ms+3ms
07-01 04:47:55.456 14383 14386 D dalvikvm: GC_CONCURRENT freed 502K, 7% free 10091K/10759K, paused 2ms+2ms
07-01 04:48:20.214   145   200 D DhcpInfoInternal: makeLinkProperties with empty dns2!
07-01 04:48:20.218   145   200 D DhcpInfoInternal: makeLinkProperties with empty dns2!
07-01 04:48:46.156 14348 14361 I PhoneLab-: Service Running
07-01 04:48:46.226 14348 14361 I PhoneLab-LoggerService: app_37    1360  1     1436   996   c00f181c 400107b4 S logcat
07-01 04:48:46.226 14348 14361 I PhoneLab-LoggerService: Logcat pid from database 1360
07-01 04:48:46.226 14348 14361 I PhoneLab-LoggerService: Logcat process found 1360
07-01 04:48:46.226 14348 14361 I PhoneLab-LoggerService: Checking Threshold
07-01 04:48:46.242 14348 14350 D dalvikvm: GC_CONCURRENT freed 448K, 6% free 9106K/9671K, paused 7ms+2ms
07-01 04:48:55.413 14811 14813 D dalvikvm: GC_CONCURRENT freed 510K, 6% free 10359K/10951K, paused 2ms+2ms
07-01 04:48:55.531   145   361 D dalvikvm: JIT code cache reset in 4 ms (1048576 bytes 4/0)
07-01 04:48:55.550   145   361 D dalvikvm: GC_EXPLICIT freed 694K, 15% free 15401K/17927K, paused 9ms+11ms
07-01 04:48:55.738   216   218 D dalvikvm: GC_CONCURRENT freed 369K, 32% free 9868K/14343K, paused 6ms+3ms
07-01 04:48:55.785   216   218 D dalvikvm: GC_CONCURRENT freed 647K, 33% free 9676K/14343K, paused 2ms+3ms
07-01 04:48:55.878   216   218 D dalvikvm: GC_CONCURRENT freed 321K, 32% free 9819K/14343K, paused 3ms+7ms
07-01 04:49:01.839 14383 14386 D dalvikvm: GC_CONCURRENT freed 492K, 7% free 10106K/10759K, paused 2ms+2ms
07-01 04:49:02.031   216   218 D dalvikvm: GC_CONCURRENT freed 383K, 32% free 9848K/14343K, paused 2ms+3ms
07-01 04:49:02.078   216   218 D dalvikvm: GC_CONCURRENT freed 604K, 33% free 9668K/14343K, paused 2ms+2ms
07-01 04:49:02.210   216   218 D dalvikvm: GC_CONCURRENT freed 353K, 33% free 9721K/14343K, paused 3ms+4ms
07-01 04:49:55.578 14383 14386 D dalvikvm: GC_CONCURRENT freed 490K, 7% free 10084K/10759K, paused 2ms+2ms
07-01 04:50:45.109   145   200 D DhcpInfoInternal: makeLinkProperties with empty dns2!
07-01 04:50:45.113   145   200 D DhcpInfoInternal: makeLinkProperties with empty dns2!
07-01 04:50:46.156 14348 14361 I PhoneLab-: Service Running
07-01 04:50:46.242 14348 14361 I PhoneLab-LoggerService: app_37    1360  1     1436   996   c00f181c 400107b4 S logcat
07-01 04:50:46.242 14348 14361 I PhoneLab-LoggerService: Logcat pid from database 1360
07-01 04:50:46.242 14348 14361 I PhoneLab-LoggerService: Logcat process found 1360
07-01 04:50:46.242 14348 14361 I PhoneLab-LoggerService: Checking Threshold
07-01 04:50:55.570 14811 14813 D dalvikvm: GC_CONCURRENT freed 504K, 6% free 10367K/10951K, paused 2ms+3ms
07-01 04:51:13.507   145   169 I ActivityManager: Start proc com.google.android.apps.currents for service com.google.android.apps.currents/com.google.apps.dots.android.app.service.SyncService: pid=15226 uid=10078 gids={3003, 1015}
07-01 04:51:13.527    79    79 D dalvikvm: GC_EXPLICIT freed 38K, 4% free 9031K/9347K, paused 1ms+2ms
07-01 04:51:13.574    79    79 D dalvikvm: GC_EXPLICIT freed <1K, 4% free 9031K/9347K, paused 2ms+1ms
07-01 04:51:13.613    79    79 D dalvikvm: GC_EXPLICIT freed <1K, 4% free 9031K/9347K, paused 1ms+2ms
07-01 04:51:13.878 15226 15226 I ActivityThread: Pub com.google.apps.dots.android.app.provider.SuggestionProvider: com.google.apps.dots.android.app.provider.SuggestionProvider
07-01 04:51:13.902 15226 15226 I ActivityThread: Pub com.google.android.apps.currents.exported: com.google.apps.dots.android.app.provider.ExportedContentProvider
07-01 04:51:13.980 15226 15229 D dalvikvm: GC_CONCURRENT freed 183K, 3% free 9353K/9607K, paused 11ms+2ms
07-01 04:51:14.027   145   145 I ActivityManager: Process edu.buffalo.cse.phonelab.phonelabservices (pid 14348) has died.
07-01 04:51:14.035   145   145 W ActivityManager: Scheduling restart of crashed service edu.buffalo.cse.phonelab.phonelabservices/edu.buffalo.cse.phonelab.datalogger.LoggerService in 5000ms
07-01 04:51:14.089 15226 15229 D dalvikvm: GC_CONCURRENT freed 268K, 5% free 9585K/9991K, paused 1ms+4ms
07-01 04:51:14.199 15226 15229 D dalvikvm: GC_CONCURRENT freed 233K, 4% free 9831K/10183K, paused 2ms+3ms
07-01 04:51:14.328 15226 15229 D dalvikvm: GC_CONCURRENT freed 238K, 4% free 10086K/10439K, paused 2ms+2ms
07-01 04:51:14.370 15226 15226 I DotsContentUris: content://com.google.android.apps.currents
07-01 04:51:14.382 15226 15226 I ActivityThread: Pub com.google.android.apps.currents: com.google.apps.dots.android.app.provider.DotsContentProvider
07-01 04:51:14.390 15226 15226 I DotsApplication: Starting up...
07-01 04:51:14.636 15226 15229 D dalvikvm: GC_CONCURRENT freed 397K, 5% free 10181K/10695K, paused 2ms+2ms
07-01 04:51:15.046 15226 15229 D dalvikvm: GC_CONCURRENT freed 324K, 4% free 10332K/10759K, paused 14ms+8ms
07-01 04:51:15.136   145   157 I ActivityManager: Process com.google.android.maps.mytracks (pid 14796) has died.
07-01 04:51:15.175 15226 15246 I SyncService: Starting sync (04:51:15)
07-01 04:51:17.488 15226 15229 D dalvikvm: GC_CONCURRENT freed 296K, 4% free 10478K/10887K, paused 3ms+2ms
07-01 04:51:18.199 15226 15229 D dalvikvm: GC_CONCURRENT freed 195K, 4% free 10716K/11079K, paused 1ms+2ms
07-01 04:51:18.288   145   395 I ActivityManager: Process com.google.android.apps.maps:LocationFriendService (pid 14383) has died.
07-01 04:51:18.343 15226 15229 D dalvikvm: GC_CONCURRENT freed 530K, 7% free 10692K/11399K, paused 7ms+2ms
07-01 04:51:18.648 15226 15229 D dalvikvm: GC_CONCURRENT freed 432K, 7% free 10691K/11399K, paused 2ms+8ms
07-01 04:51:19.062   145   162 I ActivityManager: Start proc edu.buffalo.cse.phonelab.phonelabservices for service edu.buffalo.cse.phonelab.phonelabservices/edu.buffalo.cse.phonelab.datalogger.LoggerService: pid=15251 uid=10037 gids={3003, 1015, 1007, 2001}
07-01 04:51:19.167 15251 15251 I PhoneLab-LoggerService: Start Logger Service
07-01 04:51:19.515 15251 15264 I PhoneLab-: Service Running
07-01 04:51:19.859 15251 15264 I PhoneLab-LoggerService: app_37    1360  1     1436   996   c00f181c 400107b4 S logcat
07-01 04:51:19.863 15251 15264 I PhoneLab-LoggerService: Logcat pid from database 1360
07-01 04:51:19.863 15251 15264 I PhoneLab-LoggerService: Logcat process found 1360
07-01 04:51:19.863 15251 15264 I PhoneLab-LoggerService: Checking Threshold
07-01 04:51:19.902   145  9966 D SyncManager: setSyncAutomatically: , provider com.google.android.apps.currents -> true
07-01 04:51:19.902   145  9966 D SyncManager: setSyncAutomatically: already set to true, doing nothing
07-01 04:51:20.046 15226 15229 D dalvikvm: GC_CONCURRENT freed 391K, 6% free 10742K/11399K, paused 2ms+2ms
07-01 04:51:20.187 15226 15229 D dalvikvm: GC_CONCURRENT freed 210K, 4% free 10979K/11399K, paused 3ms+3ms
07-01 04:51:20.445 15226 15229 D dalvikvm: GC_CONCURRENT freed 246K, 4% free 11286K/11655K, paused 2ms+3ms
07-01 04:51:20.706 15226 15229 D dalvikvm: GC_CONCURRENT freed 573K, 6% free 11397K/12103K, paused 2ms+6ms
07-01 04:51:20.867   145   329 D dalvikvm: GC_EXPLICIT freed 974K, 15% free 15370K/17927K, paused 11ms+6ms
07-01 04:51:21.054 15226 15229 D dalvikvm: GC_CONCURRENT freed 853K, 9% free 11244K/12231K, paused 2ms+2ms
07-01 04:51:21.453 15226 15229 D dalvikvm: GC_CONCURRENT freed 573K, 8% free 11292K/12231K, paused 2ms+3ms
07-01 04:51:22.722 15226 15229 D dalvikvm: GC_CONCURRENT freed 605K, 8% free 11330K/12231K, paused 2ms+22ms
07-01 04:51:23.023 15226 15229 D dalvikvm: GC_CONCURRENT freed 660K, 8% free 11313K/12231K, paused 2ms+3ms
07-01 04:51:23.156 15226 15229 D dalvikvm: GC_CONCURRENT freed 619K, 8% free 11331K/12231K, paused 2ms+3ms
07-01 04:51:23.324 15226 15229 D dalvikvm: GC_CONCURRENT freed 619K, 8% free 11361K/12231K, paused 2ms+2ms
07-01 04:51:23.734 15226 15229 D dalvikvm: GC_CONCURRENT freed 651K, 8% free 11367K/12231K, paused 2ms+3ms
07-01 04:51:24.495 15226 15229 D dalvikvm: GC_CONCURRENT freed 722K, 8% free 11323K/12231K, paused 2ms+3ms
07-01 04:51:24.644 15226 15229 D dalvikvm: GC_CONCURRENT freed 646K, 8% free 11328K/12231K, paused 2ms+3ms
07-01 04:51:24.792 15226 15229 D dalvikvm: GC_CONCURRENT freed 634K, 8% free 11367K/12231K, paused 2ms+3ms
07-01 04:51:25.062 15226 15229 D dalvikvm: GC_CONCURRENT freed 628K, 7% free 11394K/12231K, paused 2ms+2ms
07-01 04:51:26.406 15226 15229 D dalvikvm: GC_CONCURRENT freed 797K, 8% free 11304K/12231K, paused 2ms+3ms
07-01 04:51:26.808 15226 15229 D dalvikvm: GC_CONCURRENT freed 628K, 8% free 11316K/12231K, paused 1ms+2ms
07-01 04:51:27.331 15226 15229 D dalvikvm: GC_CONCURRENT freed 647K, 8% free 11316K/12231K, paused 2ms+3ms
07-01 04:51:28.261 15226 15229 D dalvikvm: GC_CONCURRENT freed 635K, 8% free 11322K/12231K, paused 3ms+3ms
07-01 04:51:28.734 15226 15229 D dalvikvm: GC_CONCURRENT freed 639K, 8% free 11367K/12231K, paused 2ms+3ms
07-01 04:51:28.785   145  1150 I ActivityManager: Process com.google.android.gsf.login (pid 15133) has died.
07-01 04:51:29.074 15226 15249 D dalvikvm: GC_FOR_ALLOC freed 540K, 8% free 11351K/12231K, paused 53ms
07-01 04:51:30.370   145 15269 I ActivityManager: Applications Memory Usage (kB):
07-01 04:51:30.370   145 15269 I ActivityManager: Uptime: 23879713 Realtime: 23879712
07-01 04:51:30.370   145 15269 I ActivityManager: Total PSS by OOM adjustment:
07-01 04:51:30.370   145 15269 I ActivityManager:     21937 kB: System
07-01 04:51:30.370   145 15269 I ActivityManager:                21937 kB: system (pid 145)
07-01 04:51:30.370   145 15269 I ActivityManager:     23935 kB: Persistent
07-01 04:51:30.370   145 15269 I ActivityManager:                10303 kB: com.android.systemui (pid 216)
07-01 04:51:30.370   145 15269 I ActivityManager:                 9748 kB: com.android.phone (pid 345)
07-01 04:51:30.370   145 15269 I ActivityManager:                 3884 kB: com.android.nfc (pid 362)
07-01 04:51:30.370   145 15269 I ActivityManager:     25811 kB: Foreground
07-01 04:51:30.370   145 15269 I ActivityManager:                25811 kB: com.android.launcher (pid 375)
07-01 04:51:30.370   145 15269 I ActivityManager:     17368 kB: Visible
07-01 04:51:30.370   145 15269 I ActivityManager:                14564 kB: com.google.android.apps.currents (pid 15226)
07-01 04:51:30.370   145 15269 I ActivityManager:                 2804 kB: com.android.smspush (pid 454)
07-01 04:51:30.370   145 15269 I ActivityManager:      6265 kB: Perceptible
07-01 04:51:30.370   145 15269 I ActivityManager:                 6265 kB: com.klye.ime.latin (pid 322)
07-01 04:51:30.370   145 15269 I ActivityManager:     25594 kB: A Services
07-01 04:51:30.370   145 15269 I ActivityManager:                10047 kB: com.google.process.gapps (pid 8727)
07-01 04:51:30.370   145 15269 I ActivityManager:                 8126 kB: com.google.android.apps.maps:NetworkLocationService (pid 14811)
07-01 04:51:30.370   145 15269 I ActivityManager:                 4101 kB: com.google.android.apps.googlevoice (pid 15018)
07-01 04:51:30.370   145 15269 I ActivityManager:                 3320 kB: edu.buffalo.cse.phonelab.phonelabservices (pid 15251)
07-01 04:51:30.370   145 15269 I ActivityManager:    107861 kB: Previous
07-01 04:51:30.370   145 15269 I ActivityManager:               107861 kB: com.google.android.apps.plus (pid 1248)
07-01 04:51:30.370   145 15269 I ActivityManager:     39603 kB: B Services
07-01 04:51:30.370   145 15269 I ActivityManager:                 9241 kB: com.facebook.katana (pid 15044)
07-01 04:51:30.370   145 15269 I ActivityManager:                 8010 kB: android.process.acore (pid 13703)
07-01 04:51:30.370   145 15269 I ActivityManager:                 6773 kB: com.whatsapp (pid 14874)
07-01 04:51:30.370   145 15269 I ActivityManager:                 6488 kB: com.google.android.apps.maps (pid 11619)
07-01 04:51:30.370   145 15269 I ActivityManager:                 6124 kB: com.xabber.androiddev (pid 15000)
07-01 04:51:30.370   145 15269 I ActivityManager:                 2967 kB: com.android.sprintmenu (pid 14729)
07-01 04:51:30.370   145 15269 I ActivityManager: 
07-01 04:51:30.370   145 15269 I ActivityManager: Total PSS: 268374 kB
07-01 04:51:30.370   145 15269 I ActivityManager:   PID      Vss      Rss      Pss      Uss  cmdline
07-01 04:51:30.370   145 15269 I ActivityManager:  1248  125032K  124940K  107915K  106664K  com.google.android.apps.plus
07-01 04:51:30.370   145 15269 I ActivityManager:   375   45592K   45504K   25927K   23264K  com.android.launcher
07-01 04:51:30.370   145 15269 I ActivityManager:   145   40996K   40932K   21988K   19136K  system_server
07-01 04:51:30.370   145 15269 I ActivityManager: 15226   35464K   35404K   14659K   12736K  com.google.android.apps.currents
07-01 04:51:30.370   145 15269 I ActivityManager:    78   26504K   19448K   12667K    6752K  /system/bin/surfaceflinger
07-01 04:51:30.370   145 15269 I ActivityManager:   216   30920K   30864K   10352K    6052K  com.android.systemui
07-01 04:51:30.370   145 15269 I ActivityManager:  8727   28228K   28140K   10098K    8908K  com.google.process.gapps
07-01 04:51:30.370   145 15269 I ActivityManager:   345   26080K   26008K    9794K    8860K  com.android.phone
07-01 04:51:30.370   145 15269 I ActivityManager: 15044   30476K   30412K    9295K    7292K  com.facebook.katana
07-01 04:51:30.370   145 15269 I ActivityManager: 14811   28612K   28552K    8178K    6336K  com.google.android.apps.maps:NetworkLocationService
07-01 04:51:30.370   145 15269 I ActivityManager: 13703   27036K   26936K    8064K    6832K  android.process.acore
07-01 04:51:30.370   145 15269 I ActivityManager: 14874   27292K   27232K    6827K    5244K  com.whatsapp
07-01 04:51:30.370   145 15269 I ActivityManager: 11619   24628K   24532K    6537K    5432K  com.google.android.apps.maps
07-01 04:51:30.370   145 15269 I ActivityManager:   322   22252K   22152K    6312K    5416K  com.klye.ime.latin
07-01 04:51:30.370   145 15269 I ActivityManager: 15000   26928K   26864K    6177K    4560K  com.xabber.androiddev
07-01 04:51:30.370   145 15269 I ActivityManager: 15018   23644K   23576K    4153K    2836K  com.google.android.apps.googlevoice
07-01 04:51:30.370   145 15269 I ActivityManager:   362   20228K   20136K    3933K    3028K  com.android.nfc
07-01 04:51:30.370   145 15269 I ActivityManager: 15251   22532K   22432K    3373K    1944K  edu.buffalo.cse.phonelab.phonelabservices
07-01 04:51:30.370   145 15269 I ActivityManager: 14729   21948K   21844K    3018K    1740K  com.android.sprintmenu
07-01 04:51:30.370   145 15269 I ActivityManager:   454   19392K   19280K    2854K    1828K  com.android.smspush
07-01 04:51:30.370   145 15269 I ActivityManager:    79   19368K   19240K    2394K    1180K  zygote
07-01 04:51:30.370   145 15269 I ActivityManager:    81    2636K    2636K    2162K    2124K  /system/bin/mediaserver
07-01 04:51:30.370   145 15269 I ActivityManager:    80    1208K    1208K     883K     872K  /system/bin/drmserver
07-01 04:51:30.370   145 15269 I ActivityManager:  1360    1000K     996K     848K     844K  logcat
07-01 04:51:30.370   145 15269 I ActivityManager:    77    1072K    1072K     731K     712K  /system/bin/rild
07-01 04:51:30.370   145 15269 I ActivityManager: 15270     772K     764K     643K     640K  procrank
07-01 04:51:30.370   145 15269 I ActivityManager:    75     648K     644K     441K     424K  /system/bin/netd
07-01 04:51:30.370   145 15269 I ActivityManager:   306     596K     592K     420K     412K  /system/bin/wpa_supplicant
07-01 04:51:30.370   145 15269 I ActivityManager:    86     536K     532K     308K     296K  /system/vendor/bin/gpsd
07-01 04:51:30.370   145 15269 I ActivityManager:    72     464K     460K     296K     288K  /system/bin/vold
07-01 04:51:30.370   145 15269 I ActivityManager:   303     436K     436K     280K     276K  /system/bin/bluetoothd
07-01 04:51:30.370   145 15269 I ActivityManager: 13411     352K     348K     196K     192K  /system/bin/dhcpcd
07-01 04:51:30.370   145 15269 I ActivityManager:    88     192K     192K     176K     176K  /sbin/adbd
07-01 04:51:30.370   145 15269 I ActivityManager:    85     264K     256K     162K     160K  /system/bin/keystore
07-01 04:51:30.370   145 15269 I ActivityManager:    82     284K     276K     143K     140K  /system/bin/dbus-daemon
07-01 04:51:30.370   145 15269 I ActivityManager:     1     204K     204K     142K     104K  /init
07-01 04:51:30.370   145 15269 I ActivityManager:    61     160K     160K     122K      84K  /sbin/ueventd
07-01 04:51:30.370   145 15269 I ActivityManager:    87     212K     208K     106K     104K  /system/bin/sh
07-01 04:51:30.370   145 15269 I ActivityManager:    83     228K     220K      99K      96K  /system/bin/installd
07-01 04:51:30.370   145 15269 I ActivityManager:    71     212K     204K      94K     
07-01 04:51:32.628 15226 15229 D dalvikvm: GC_CONCURRENT freed 668K, 8% free 11356K/12231K, paused 6ms+3ms
07-01 04:51:32.777 15226 15229 D dalvikvm: GC_CONCURRENT freed 646K, 8% free 11367K/12231K, paused 2ms+2ms
07-01 04:51:33.824 15226 15229 D dalvikvm: GC_CONCURRENT freed 688K, 8% free 11336K/12231K, paused 1ms+2ms
07-01 04:51:33.851   362   362 D dalvikvm: GC_EXPLICIT freed <1K, 6% free 9101K/9607K, paused 2ms+2ms
07-01 04:51:33.995 15226 15229 D dalvikvm: GC_CONCURRENT freed 629K, 8% free 11374K/12231K, paused 1ms+4ms
07-01 04:51:34.503 15226 15229 D dalvikvm: GC_CONCURRENT freed 675K, 7% free 11377K/12231K, paused 2ms+2ms
07-01 04:51:35.050 15226 15229 D dalvikvm: GC_CONCURRENT freed 714K, 8% free 11386K/12295K, paused 2ms+3ms
07-01 04:51:35.406 15226 15229 D dalvikvm: GC_CONCURRENT freed 660K, 8% free 11425K/12295K, paused 2ms+4ms
07-01 04:51:35.574 15226 15229 D dalvikvm: GC_CONCURRENT freed 730K, 7% free 11455K/12295K, paused 2ms+3ms
07-01 04:51:36.913 15226 15229 D dalvikvm: GC_CONCURRENT freed 802K, 8% free 11363K/12295K, paused 15ms+2ms
07-01 04:51:37.796 15226 15229 D dalvikvm: GC_CONCURRENT freed 616K, 8% free 11405K/12295K, paused 2ms+2ms
07-01 04:51:37.941 15226 15229 D dalvikvm: GC_CONCURRENT freed 632K, 7% free 11462K/12295K, paused 2ms+3ms
07-01 04:51:38.081 15226 15229 D dalvikvm: GC_CONCURRENT freed 672K, 7% free 11494K/12295K, paused 2ms+2ms
07-01 04:51:38.285 15226 15229 D dalvikvm: GC_CONCURRENT freed 649K, 7% free 11576K/12359K, paused 2ms+3ms
07-01 04:51:38.386   145   395 D dalvikvm: GC_EXPLICIT freed 1168K, 15% free 15330K/17927K, paused 3ms+6ms
07-01 04:51:38.472 15226 15249 D dalvikvm: GC_EXPLICIT freed 166K, 7% free 11568K/12359K, paused 6ms+3ms
07-01 04:51:38.984   375   375 D dalvikvm: GC_EXPLICIT freed 122K, 11% free 11225K/12487K, paused 28ms+6ms
07-01 04:51:40.038 15226 15229 D dalvikvm: GC_CONCURRENT freed 959K, 9% free 11427K/12487K, paused 1ms+5ms
07-01 04:51:40.187 15226 15229 D dalvikvm: GC_CONCURRENT freed 662K, 9% free 11469K/12487K, paused 1ms+2ms
07-01 04:51:40.324 15226 15229 D dalvikvm: GC_CONCURRENT freed 681K, 8% free 11493K/12487K, paused 2ms+3ms
07-01 04:51:40.542 15226 15229 D dalvikvm: GC_CONCURRENT freed 611K, 8% free 11578K/12487K, paused 2ms+3ms
07-01 04:51:41.761 15226 15229 D dalvikvm: GC_CONCURRENT freed 893K, 8% free 11489K/12487K, paused 2ms+3ms
07-01 04:51:41.812 15226 15249 D dalvikvm: GC_FOR_ALLOC freed 193K, 9% free 11449K/12487K, paused 24ms
07-01 04:51:41.812 15226 15249 I dalvikvm-heap: Grow heap (frag case) to 11.278MB for 28428-byte allocation
07-01 04:51:41.835 15226 15249 D dalvikvm: GC_FOR_ALLOC freed 16K, 9% free 11460K/12551K, paused 24ms
07-01 04:51:41.863 15226 15249 D dalvikvm: GC_FOR_ALLOC freed <1K, 9% free 11460K/12551K, paused 24ms
07-01 04:51:41.863 15226 15249 I dalvikvm-heap: Grow heap (frag case) to 11.316MB for 56926-byte allocation
07-01 04:51:41.886 15226 15249 D dalvikvm: GC_FOR_ALLOC freed 27K, 9% free 11488K/12615K, paused 24ms
07-01 04:51:41.925 15226 15249 D dalvikvm: GC_FOR_ALLOC freed 183K, 10% free 11432K/12615K, paused 23ms
07-01 04:51:42.335 15226 15249 D dalvikvm: GC_FOR_ALLOC freed 612K, 10% free 11474K/12615K, paused 25ms
07-01 04:51:42.394 15226 15249 D dalvikvm: GC_FOR_ALLOC freed 371K, 10% free 11446K/12615K, paused 24ms
07-01 04:51:44.120   145   161 D dalvikvm: GC_EXPLICIT freed 305K, 15% free 15330K/17927K, paused 24ms+6ms
07-01 04:51:45.085 15226 15229 D dalvikvm: GC_CONCURRENT freed 644K, 9% free 11499K/12615K, paused 2ms+3ms
07-01 04:51:45.519 15226 15229 D dalvikvm: GC_CONCURRENT freed 718K, 9% free 11490K/12615K, paused 2ms+2ms
07-01 04:51:45.699 15226 15229 D dalvikvm: GC_CONCURRENT freed 690K, 9% free 11510K/12615K, paused 7ms+3ms
07-01 04:51:46.249 15226 15249 D dalvikvm: GC_FOR_ALLOC freed 444K, 9% free 11597K/12615K, paused 27ms
07-01 04:51:46.249 15226 15249 I dalvikvm-heap: Grow heap (frag case) to 11.478MB for 87599-byte allocation
07-01 04:51:46.273 15226 15249 D dalvikvm: GC_FOR_ALLOC freed 97K, 10% free 11585K/12743K, paused 24ms
07-01 04:51:46.390 15226 15229 D dalvikvm: GC_CONCURRENT freed 771K, 10% free 11570K/12743K, paused 2ms+2ms
07-01 04:51:47.335 15226 15229 D dalvikvm: GC_CONCURRENT freed 808K, 10% free 11500K/12743K, paused 15ms+3ms
07-01 04:51:47.578 15226 15229 D dalvikvm: GC_CONCURRENT freed 728K, 10% free 11476K/12743K, paused 2ms+3ms
07-01 04:51:47.956 15226 15229 D dalvikvm: GC_CONCURRENT freed 706K, 11% free 11461K/12743K, paused 2ms+3ms
07-01 04:51:48.343 15226 15229 D dalvikvm: GC_CONCURRENT freed 559K, 9% free 11636K/12743K, paused 4ms+5ms
07-01 04:51:48.574 15226 15229 D dalvikvm: GC_CONCURRENT freed 613K, 8% free 11772K/12743K, paused 4ms+2ms
07-01 04:51:48.734 15226 15229 D dalvikvm: GC_CONCURRENT freed 839K, 8% free 11800K/12743K, paused 2ms+2ms
07-01 04:51:48.878 15226 15229 D dalvikvm: GC_CONCURRENT freed 1339K, 12% free 11308K/12743K, paused 2ms+2ms
07-01 04:51:49.167   216   216 D dalvikvm: GC_EXPLICIT freed 100K, 33% free 9637K/14343K, paused 2ms+3ms
07-01 04:51:49.191 15226 15229 D dalvikvm: GC_CONCURRENT freed 456K, 10% free 11490K/12743K, paused 6ms+2ms
07-01 04:51:50.144 15226 15246 I SyncService: sync service finished (04:51:50)
07-01 04:51:55.624   145   145 I ActivityManager: Start proc com.google.android.apps.maps:LocationFriendService for service com.google.android.apps.maps/com.google.googlenav.friend.reporting.LocationReceiverService: pid=15271 uid=10056 gids={3003, 1015}
07-01 04:51:56.085 15271 15273 D dalvikvm: GC_CONCURRENT freed 156K, 3% free 9380K/9607K, paused 7ms+2ms
07-01 04:51:56.620 15271 15273 D dalvikvm: GC_CONCURRENT freed 154K, 3% free 9662K/9927K, paused 10ms+5ms
07-01 04:51:57.273 15271 15273 D dalvikvm: GC_CONCURRENT freed 241K, 4% free 9879K/10247K, paused 1ms+2ms
07-01 04:51:57.902   145   329 I ActivityManager: Process com.google.android.apps.maps:LocationFriendService (pid 15271) has died.
07-01 04:52:05.249   322   322 D dalvikvm: GC_EXPLICIT freed <1K, 17% free 10373K/12359K, paused 16ms+3ms
07-01 04:52:10.269   345   345 D dalvikvm: GC_EXPLICIT freed 143K, 8% free 11632K/12551K, paused 17ms+3ms
07-01 04:52:15.253   454   454 D dalvikvm: GC_EXPLICIT freed <1K, 4% free 9037K/9347K, paused 13ms+2ms
07-01 04:52:20.265 11619 11619 D dalvikvm: GC_EXPLICIT freed 1K, 4% free 10908K/11335K, paused 18ms+2ms
07-01 04:52:25.351  1248  1248 D dalvikvm: GC_EXPLICIT freed 734K, 24% free 20110K/26247K, paused 22ms+5ms
07-01 04:52:30.281 13703 13703 D dalvikvm: GC_EXPLICIT freed 331K, 6% free 9531K/10119K, paused 15ms+3ms
07-01 04:52:38.788  8727  8727 D dalvikvm: GC_EXPLICIT freed 154K, 6% free 10149K/10759K, paused 25ms+3ms
07-01 04:52:43.730 14729 14729 D dalvikvm: GC_EXPLICIT freed 55K, 4% free 9056K/9347K, paused 23ms+2ms
07-01 04:52:48.706 14811 14811 D dalvikvm: GC_EXPLICIT freed 388K, 6% free 10342K/10951K, paused 16ms+3ms
07-01 04:52:53.757 14874 14874 D dalvikvm: GC_EXPLICIT freed 125K, 7% free 9911K/10567K, paused 17ms+3ms
07-01 04:52:55.605   145  9966 I ActivityManager: Start proc com.google.android.apps.maps:LocationFriendService for service com.google.android.apps.maps/com.google.googlenav.friend.reporting.LocationReceiverService: pid=15294 uid=10056 gids={3003, 1015}
07-01 04:52:55.749 15294 15296 D dalvikvm: GC_CONCURRENT freed 158K, 3% free 9377K/9607K, paused 6ms+2ms
07-01 04:52:55.980 15294 15296 D dalvikvm: GC_CONCURRENT freed 161K, 3% free 9678K/9927K, paused 6ms+2ms
07-01 04:52:56.449   145   156 D dalvikvm: GC_EXPLICIT freed 368K, 15% free 15338K/17927K, paused 13ms+5ms
07-01 04:52:56.546 15294 15296 D dalvikvm: GC_CONCURRENT freed 284K, 4% free 9913K/10311K, paused 2ms+2ms
07-01 04:53:05.179 15000 15000 D dalvikvm: GC_EXPLICIT freed 110K, 4% free 10275K/10695K, paused 4ms+5ms
07-01 04:53:09.413   145   157 I ActivityManager: Process com.google.android.apps.maps:LocationFriendService (pid 15294) has died.
07-01 04:53:09.999   145   200 D DhcpInfoInternal: makeLinkProperties with empty dns2!
07-01 04:53:10.007   145   200 D DhcpInfoInternal: makeLinkProperties with empty dns2!
07-01 04:53:14.538   362   362 D dalvikvm: GC_EXPLICIT freed <1K, 6% free 9101K/9607K, paused 15ms+2ms
07-01 04:53:19.515 15251 15264 I PhoneLab-: Service Running
07-01 04:53:19.558   375   375 D dalvikvm: GC_EXPLICIT freed 30K, 11% free 11225K/12487K, paused 15ms+3ms
07-01 04:53:19.581 15251 15264 I PhoneLab-LoggerService: app_37    1360  1     1436   996   c00f181c 400107b4 S logcat
07-01 04:53:19.581 15251 15264 I PhoneLab-LoggerService: Logcat pid from database 1360
07-01 04:53:19.581 15251 15264 I PhoneLab-LoggerService: Logcat process found 1360
07-01 04:53:19.581 15251 15264 I PhoneLab-LoggerService: Checking Threshold
07-01 04:53:28.710   145   161 D dalvikvm: GC_EXPLICIT freed 219K, 15% free 15320K/17927K, paused 21ms+5ms
07-01 04:53:33.675   216   216 D dalvikvm: GC_EXPLICIT freed 22K, 33% free 9630K/14343K, paused 16ms+2ms
07-01 04:53:38.683   322   322 D dalvikvm: GC_EXPLICIT freed <1K, 17% free 10373K/12359K, paused 15ms+2ms
07-01 04:53:43.691   345   345 D dalvikvm: GC_EXPLICIT freed 4K, 8% free 11631K/12551K, paused 17ms+3ms
07-01 04:53:48.687   454   454 D dalvikvm: GC_EXPLICIT freed <1K, 4% free 9037K/9347K, paused 13ms+2ms
07-01 04:53:53.710 15226 15226 D dalvikvm: GC_EXPLICIT freed 231K, 10% free 11484K/12743K, paused 17ms+2ms
07-01 04:53:55.734 14811 14813 D dalvikvm: GC_CONCURRENT freed 500K, 6% free 10353K/10951K, paused 2ms+12ms
07-01 04:53:55.745   145   157 I ActivityManager: Start proc com.google.android.apps.maps:LocationFriendService for service com.google.android.apps.maps/com.google.googlenav.friend.reporting.LocationReceiverService: pid=15337 uid=10056 gids={3003, 1015}
07-01 04:53:55.863 15337 15340 D dalvikvm: GC_CONCURRENT freed 161K, 3% free 9375K/9607K, paused 2ms+2ms
07-01 04:53:55.945   145   348 I ActivityManager: Process com.android.sprintmenu (pid 14729) has died.
07-01 04:53:55.945   145   348 W ActivityManager: Scheduling restart of crashed service com.android.sprintmenu/.HiddenPhoneService in 5000ms
07-01 04:53:56.042 15337 15340 D dalvikvm: GC_CONCURRENT freed 164K, 3% free 9711K/9927K, paused 9ms+2ms
07-01 04:53:56.242 15337 15340 D dalvikvm: GC_CONCURRENT freed 313K, 4% free 9925K/10311K, paused 7ms+2ms
07-01 04:54:01.011   145   162 I ActivityManager: Start proc com.android.sprintmenu for service com.android.sprintmenu/.HiddenPhoneService: pid=15361 uid=1001 gids={3002, 3001, 3003, 1015}
07-01 04:54:01.050   145   157 I ActivityManager: Process com.google.android.apps.maps:LocationFriendService (pid 15337) has died.
07-01 04:54:06.171 15251 15251 D dalvikvm: GC_EXPLICIT freed 211K, 4% free 9054K/9347K, paused 15ms+2ms
07-01 04:54:11.179 11619 11619 D dalvikvm: GC_EXPLICIT freed <1K, 4% free 10908K/11335K, paused 15ms+2ms
07-01 04:54:18.710 14811 14811 D dalvikvm: GC_EXPLICIT freed 32K, 6% free 10336K/10951K, paused 16ms+2ms
07-01 04:54:23.722 14874 14874 D dalvikvm: GC_EXPLICIT freed 9K, 7% free 9907K/10567K, paused 18ms+3ms
07-01 04:54:28.726 15000 15000 D dalvikvm: GC_EXPLICIT freed 9K, 4% free 10275K/10695K, paused 15ms+2ms
07-01 04:54:33.781 15018 15018 D dalvikvm: GC_EXPLICIT freed 165K, 4% free 9254K/9607K, paused 26ms+2ms
07-01 04:54:33.781 15018 15027 W CursorWrapperInner: Cursor finalized without prior close()
07-01 04:54:33.781 15018 15027 W CursorWrapperInner: Cursor finalized without prior close()
07-01 04:54:33.781 15018 15027 W CursorWrapperInner: Cursor finalized without prior close()
07-01 04:54:38.804 15044 15044 D dalvikvm: GC_EXPLICIT freed 36K, 5% free 10620K/11143K, paused 29ms+3ms
07-01 04:54:43.777  1248  1248 D dalvikvm: GC_EXPLICIT freed 25K, 24% free 20085K/26247K, paused 22ms+6ms
07-01 04:54:48.730 13703 13703 D dalvikvm: GC_EXPLICIT freed 105K, 7% free 9428K/10119K, paused 15ms+2ms
07-01 04:54:53.773  8727  8727 D dalvikvm: GC_EXPLICIT freed 88K, 7% free 10113K/10759K, paused 17ms+3ms
07-01 04:54:55.734   145  9966 I ActivityManager: Start proc com.google.android.apps.maps:LocationFriendService for service com.google.android.apps.maps/com.google.googlenav.friend.reporting.LocationReceiverService: pid=15378 uid=10056 gids={3003, 1015}
07-01 04:54:55.816   145   157 I ActivityManager: Process android.process.acore (pid 13703) has died.
07-01 04:54:55.874 15378 15381 D dalvikvm: GC_CONCURRENT freed 166K, 3% free 9370K/9607K, paused 2ms+2ms
07-01 04:54:56.003 15378 15381 D dalvikvm: GC_CONCURRENT freed 133K, 3% free 9704K/9927K, paused 2ms+1ms
07-01 04:54:56.210 15378 15381 D dalvikvm: GC_CONCURRENT freed 329K, 4% free 9909K/10311K, paused 2ms+3ms
07-01 04:55:08.730   362   362 D dalvikvm: GC_EXPLICIT freed <1K, 6% free 9101K/9607K, paused 15ms+2ms
07-01 04:55:13.742   375   375 D dalvikvm: GC_EXPLICIT freed 39K, 11% free 11225K/12487K, paused 15ms+2ms
07-01 04:55:18.788   145   161 D dalvikvm: GC_EXPLICIT freed 637K, 15% free 15328K/17927K, paused 21ms+6ms
07-01 04:55:19.515 15251 15264 I PhoneLab-: Service Running
07-01 04:55:19.581 15251 15264 I PhoneLab-LoggerService: app_37    1360  1     1436   996   c00f181c 400107b4 S logcat
07-01 04:55:19.581 15251 15264 I PhoneLab-LoggerService: Logcat pid from database 1360
07-01 04:55:19.581 15251 15264 I PhoneLab-LoggerService: Logcat process found 1360
07-01 04:55:19.581 15251 15264 I PhoneLab-LoggerService: Checking Threshold
07-01 04:55:23.745   216   216 D dalvikvm: GC_EXPLICIT freed 15K, 33% free 9630K/14343K, paused 15ms+3ms
07-01 04:55:29.456   322   322 D dalvikvm: GC_EXPLICIT freed <1K, 17% free 10373K/12359K, paused 6ms+2ms
07-01 04:55:34.660   145   200 D DhcpInfoInternal: makeLinkProperties with empty dns2!
07-01 04:55:34.660   145   200 D DhcpInfoInternal: makeLinkProperties with empty dns2!
07-01 04:55:39.078   345   345 D dalvikvm: GC_EXPLICIT freed 5K, 8% free 11631K/12551K, paused 2ms+3ms
07-01 04:55:45.265   454   454 D dalvikvm: GC_EXPLICIT freed <1K, 4% free 9037K/9347K, paused 13ms+2ms
07-01 04:55:50.277 11619 11619 D dalvikvm: GC_EXPLICIT freed <1K, 4% free 10908K/11335K, paused 15ms+2ms
07-01 04:55:55.749 14811 14813 D dalvikvm: GC_CONCURRENT freed 494K, 6% free 10353K/10951K, paused 1ms+7ms
07-01 04:55:55.831 15378 15385 I dalvikvm: Total arena pages for JIT: 11
07-01 04:55:55.831 15378 15385 I dalvikvm: Total arena pages for JIT: 12
07-01 04:55:55.831 15378 15385 I dalvikvm: Total arena pages for JIT: 13
07-01 04:55:55.831 15378 15385 I dalvikvm: Total arena pages for JIT: 14
07-01 04:55:55.831 15378 15385 I dalvikvm: Total arena pages for JIT: 15
07-01 04:55:55.831 15378 15385 I dalvikvm: Total arena pages for JIT: 16
07-01 04:55:55.831 15378 15385 I dalvikvm: Total arena pages for JIT: 17
07-01 04:55:55.882 15378 15381 D dalvikvm: GC_CONCURRENT freed 429K, 6% free 9965K/10503K, paused 2ms+3ms
07-01 04:56:05.097 14811 14811 D dalvikvm: GC_EXPLICIT freed 39K, 6% free 10335K/10951K, paused 2ms+2ms
07-01 04:56:10.144 14874 14874 D dalvikvm: GC_EXPLICIT freed 5K, 7% free 9907K/10567K, paused 17ms+3ms
07-01 04:56:18.585 15000 15000 D dalvikvm: GC_EXPLICIT freed 11K, 4% free 10275K/10695K, paused 2ms+2ms
07-01 04:56:23.628 15018 15018 D dalvikvm: GC_EXPLICIT freed 3K, 4% free 9252K/9607K, paused 15ms+2ms
07-01 04:56:28.640 15044 15044 D dalvikvm: GC_EXPLICIT freed 10K, 5% free 10610K/11143K, paused 17ms+3ms
07-01 04:56:35.269  1248  1248 D dalvikvm: GC_EXPLICIT freed <1K, 24% free 20085K/26247K, paused 22ms+6ms
07-01 04:56:40.222 15251 15251 D dalvikvm: GC_EXPLICIT freed 52K, 4% free 9051K/9347K, paused 14ms+2ms
07-01 04:56:45.249 15226 15226 D dalvikvm: GC_EXPLICIT freed 41K, 10% free 11481K/12743K, paused 17ms+3ms
07-01 04:56:50.253  8727  8727 D dalvikvm: GC_EXPLICIT freed 46K, 7% free 10109K/10759K, paused 41ms+3ms
07-01 04:56:55.855 15378 15385 I dalvikvm: Total arena pages for JIT: 18
07-01 04:56:55.945 15378 15381 D dalvikvm: GC_CONCURRENT freed 447K, 6% free 10020K/10567K, paused 2ms+2ms
07-01 04:57:19.515 15251 15264 I PhoneLab-: Service Running
07-01 04:57:19.628 15251 15264 I PhoneLab-LoggerService: app_37    1360  1     1436   996   c00f181c 400107b4 S logcat
07-01 04:57:19.628 15251 15264 I PhoneLab-LoggerService: Logcat pid from database 1360
07-01 04:57:19.628 15251 15264 I PhoneLab-LoggerService: Logcat process found 1360
07-01 04:57:19.628 15251 15264 I PhoneLab-LoggerService: Checking Threshold
07-01 04:57:55.894 14811 14813 D dalvikvm: GC_CONCURRENT freed 494K, 6% free 10353K/10951K, paused 2ms+2ms
07-01 04:57:59.535   145   200 D DhcpInfoInternal: makeLinkProperties with empty dns2!
07-01 04:57:59.535   145   200 D DhcpInfoInternal: makeLinkProperties with empty dns2!
07-01 04:58:55.976 15378 15381 D dalvikvm: GC_CONCURRENT freed 552K, 7% free 9964K/10631K, paused 1ms+2ms
07-01 04:59:19.515 15251 15264 I PhoneLab-: Service Running
07-01 04:59:19.585 15251 15264 I PhoneLab-LoggerService: app_37    1360  1     1436   996   c00f181c 400107b4 S logcat
07-01 04:59:19.585 15251 15264 I PhoneLab-LoggerService: Logcat pid from database 1360
07-01 04:59:19.585 15251 15264 I PhoneLab-LoggerService: Logcat process found 1360
07-01 04:59:19.585 15251 15264 I PhoneLab-LoggerService: Checking Threshold
07-01 04:59:19.593   145   145 I ActivityManager: Process com.google.android.apps.currents (pid 15226) has died.
07-01 04:59:55.956 14811 14813 D dalvikvm: GC_CONCURRENT freed 511K, 6% free 10354K/10951K, paused 2ms+2ms
07-01 04:59:56.097 15378 15381 D dalvikvm: GC_CONCURRENT freed 449K, 6% free 10019K/10631K, paused 2ms+2ms
07-01 05:00:24.226   145   200 D DhcpInfoInternal: makeLinkProperties with empty dns2!
07-01 05:00:24.226   145   200 D DhcpInfoInternal: makeLinkProperties with empty dns2!
07-01 05:01:19.515 15251 15264 I PhoneLab-: Service Running
07-01 05:01:19.578 15251 15264 I PhoneLab-LoggerService: app_37    1360  1     1436   996   c00f181c 400107b4 S logcat
07-01 05:01:19.578 15251 15264 I PhoneLab-LoggerService: Logcat pid from database 1360
07-01 05:01:19.578 15251 15264 I PhoneLab-LoggerService: Logcat process found 1360
07-01 05:01:19.581 15251 15264 I PhoneLab-LoggerService: Checking Threshold
07-01 05:01:52.644 15251 15251 I PhoneLab-Locks: wake lock acquired
07-01 05:01:52.656 15251 15475 I PhoneLab-PeriodicCheckService: User info is synched
07-01 05:01:52.660 15251 15475 I PhoneLab-PeriodicCheckService: Logger Service is running
07-01 05:01:52.667 15251 15251 I PhoneLab-Locks: wake lock acquired
07-01 05:01:52.667 15251 15251 I PhoneLab-StatusMonitor: Status Monitoring is started
07-01 05:01:52.671 15251 15475 I PhoneLab-Locks: wake lock acquired
07-01 05:01:52.675 15251 15475 I PhoneLab-PeriodicCheckService: Rescheduling periodic checking...
07-01 05:01:52.679 15251 15475 I PhoneLab-Locks: wake lock released
07-01 05:01:52.691 15251 15251 E PhoneLab-PhoneLabManifest: java.io.FileNotFoundException: /data/data/edu.buffalo.cse.phonelab.phonelabservices/files/manifest.xml: open failed: ENOENT (No such file or directory)
07-01 05:01:52.730 15251 15251 I PhoneLab-Locks: wake lock released
07-01 05:01:52.734 15251 15251 I PhoneLab-UploadLogs: Transfering log files now
07-01 05:01:52.738 15251 15251 I PhoneLab-UploadLogs: No log files to transfer
07-01 05:01:52.738 15251 15251 I PhoneLab-Locks: wake lock released
07-01 05:01:52.742 15251 15251 I PhoneLab-UploadLogs: OnStartCommand
07-01 05:01:56.054 14811 14813 D dalvikvm: GC_CONCURRENT freed 504K, 6% free 10361K/10951K, paused 2ms+3ms
07-01 05:01:56.113 15378 15381 D dalvikvm: GC_CONCURRENT freed 487K, 7% free 9917K/10631K, paused 2ms+2ms
07-01 05:02:49.124   145   200 D DhcpInfoInternal: makeLinkProperties with empty dns2!
07-01 05:02:49.128   145   200 D DhcpInfoInternal: makeLinkProperties with empty dns2!
07-01 05:02:56.171 15378 15381 D dalvikvm: GC_CONCURRENT freed 466K, 7% free 9963K/10631K, paused 2ms+3ms
07-01 05:02:56.437 15378 15381 D dalvikvm: GC_CONCURRENT freed 436K, 7% free 9961K/10631K, paused 5ms+2ms
07-01 05:03:19.515 15251 15264 I PhoneLab-: Service Running
07-01 05:03:19.605 15251 15264 I PhoneLab-LoggerService: app_37    1360  1     1436   996   c00f181c 400107b4 S logcat
07-01 05:03:19.605 15251 15264 I PhoneLab-LoggerService: Logcat pid from database 1360
07-01 05:03:19.609 15251 15264 I PhoneLab-LoggerService: Logcat process found 1360
07-01 05:03:19.609 15251 15264 I PhoneLab-LoggerService: Checking Threshold
07-01 05:03:56.128 14811 14813 D dalvikvm: GC_CONCURRENT freed 512K, 6% free 10361K/10951K, paused 1ms+2ms
07-01 05:03:56.242 15378 15381 D dalvikvm: GC_CONCURRENT freed 382K, 6% free 10088K/10631K, paused 1ms+2ms
07-01 05:04:54.960   145   147 D dalvikvm: GC_CONCURRENT freed 1363K, 15% free 15417K/17927K, paused 12ms+6ms
07-01 05:04:56.288   145  9966 D dalvikvm: GC_EXPLICIT freed 141K, 15% free 15300K/17927K, paused 2ms+5ms
07-01 05:04:56.413 15378 15381 D dalvikvm: GC_CONCURRENT freed 482K, 6% free 10134K/10695K, paused 2ms+3ms
07-01 05:04:56.859 14811 14813 D dalvikvm: GC_CONCURRENT freed 440K, 6% free 10375K/10951K, paused 14ms+7ms
07-01 05:05:13.796   145   200 D DhcpInfoInternal: makeLinkProperties with empty dns2!
07-01 05:05:13.796   145   200 D DhcpInfoInternal: makeLinkProperties with empty dns2!
07-01 05:05:19.515 15251 15264 I PhoneLab-: Service Running
07-01 05:05:19.597 15251 15264 I PhoneLab-LoggerService: app_37    1360  1     1436   996   c00f181c 400107b4 S logcat
07-01 05:05:19.597 15251 15264 I PhoneLab-LoggerService: Logcat pid from database 1360
07-01 05:05:19.597 15251 15264 I PhoneLab-LoggerService: Logcat process found 1360
07-01 05:05:19.597 15251 15264 I PhoneLab-LoggerService: Checking Threshold
07-01 05:06:56.312 14811 14813 D dalvikvm: GC_CONCURRENT freed 571K, 6% free 10367K/11015K, paused 1ms+2ms
07-01 05:06:56.433 15378 15381 D dalvikvm: GC_CONCURRENT freed 584K, 7% free 10096K/10759K, paused 2ms+3ms
07-01 05:07:19.515 15251 15264 I PhoneLab-: Service Running
07-01 05:07:19.605 15251 15264 I PhoneLab-LoggerService: app_37    1360  1     1436   996   c00f181c 400107b4 S logcat
07-01 05:07:19.605 15251 15264 I PhoneLab-LoggerService: Logcat pid from database 1360
07-01 05:07:19.605 15251 15264 I PhoneLab-LoggerService: Logcat process found 1360
07-01 05:07:19.609 15251 15264 I PhoneLab-LoggerService: Checking Threshold
07-01 05:07:38.691   145   200 D DhcpInfoInternal: makeLinkProperties with empty dns2!
07-01 05:07:38.695   145   200 D DhcpInfoInternal: makeLinkProperties with empty dns2!
07-01 05:07:56.441 15378 15381 D dalvikvm: GC_CONCURRENT freed 492K, 7% free 10113K/10759K, paused 1ms+2ms
07-01 05:08:56.410 14811 14813 D dalvikvm: GC_CONCURRENT freed 511K, 6% free 10367K/11015K, paused 1ms+3ms
