07-08 06:28:39.682 17570 17572 D dalvikvm: GC_CONCURRENT freed 560K, 7% free 9420K/10055K, paused 2ms+2ms
07-08 06:28:39.705 16292 16294 D dalvikvm: GC_CONCURRENT freed 334K, 5% free 9185K/9607K, paused 1ms+75ms
07-08 06:28:39.783 17570 17572 D dalvikvm: GC_CONCURRENT freed 478K, 6% free 9454K/10055K, paused 2ms+2ms
07-08 06:28:39.861   143   202 D ConnectivityService: handleInetConditionHoldEnd: net=1, condition=100, published condition=0
07-08 06:28:39.865 17570 17572 D dalvikvm: GC_CONCURRENT freed 503K, 6% free 9462K/10055K, paused 2ms+5ms
07-08 06:28:39.959 17570 17572 D dalvikvm: GC_CONCURRENT freed 438K, 6% free 9535K/10055K, paused 2ms+2ms
07-08 06:28:40.080 17570 17572 D dalvikvm: GC_CONCURRENT freed 375K, 5% free 9643K/10119K, paused 2ms+2ms
07-08 06:28:40.201 17570 17572 D dalvikvm: GC_CONCURRENT freed 424K, 5% free 9750K/10247K, paused 1ms+3ms
07-08 06:28:40.205 17570 17570 D ContextScopeImpl: in ContextScope.getContextOrDefault for thread=1
07-08 06:28:40.205 17570 17570 D ContextScopeImpl: returning application context for thread=1
07-08 06:28:40.236 17570 17570 I FeatureCheckerImpl: Configured disabled features: []
07-08 06:28:40.236 17570 17570 D ContextScopeImpl: in ContextScope.getContextOrDefault for thread=1
07-08 06:28:40.236 17570 17570 D ContextScopeImpl: returning application context for thread=1
07-08 06:28:40.256 17570 17570 D ContextScopeImpl: in ContextScope.enter for thread=1
07-08 06:28:40.256 17570 17570 W ContextScopeImpl: thread=1 tried to enter the scope of the application context. Ignored.
07-08 06:28:40.256 17570 17570 D ContextScopeImpl: in ContextScope.getContextOrDefault for thread=1
07-08 06:28:40.256 17570 17570 D ContextScopeImpl: returning application context for thread=1
07-08 06:28:40.260 17570 17570 D DocListDatabase: openHelper points on new database: DocList.db
07-08 06:28:40.260 17570 17570 D DocListDatabase: in openWriteDatabase
07-08 06:28:40.275 17570 17570 I ActivityThread: Pub com.google.android.apps.docs.doclist.account_suggest: com.google.android.apps.docs.doclist.DocListAccountSuggestionProvider
07-08 06:28:40.279 17570 17570 D ContextScopeImpl: in ContextScope.enter for thread=1
07-08 06:28:40.279 17570 17570 W ContextScopeImpl: thread=1 tried to enter the scope of the application context. Ignored.
07-08 06:28:40.279 17570 17570 I ActivityThread: Pub com.google.android.apps.docs: com.google.android.apps.docs.providers.DocListProvider
07-08 06:28:40.279 17570 17570 D ContextScopeImpl: in ContextScope.enter for thread=1
07-08 06:28:40.279 17570 17570 W ContextScopeImpl: thread=1 tried to enter the scope of the application context. Ignored.
07-08 06:28:40.287 17570 17570 W ContextScopeImpl: thread=1 tried to enter the scope of the application context. Ignored.
07-08 06:28:40.295 17570 17586 W ContextScopeImpl: thread=981 tried to enter the scope of the application context. Ignored.
07-08 06:28:40.471 17570 17570 W ContextScopeImpl: thread=1 tried to enter the scope of the application context. Ignored.
07-08 06:28:40.518   143  1922 I ActivityManager: Process com.google.android.maps.mytracks (pid 16844) has died.
07-08 06:28:40.580 17504 17504 I MediaUploader: No need to wake up
07-08 06:28:40.865 17570 17570 W ContextScopeImpl: thread=1 tried to enter the scope of the application context. Ignored.
07-08 06:28:40.869  7174  7174 D OpenGLRenderer: Flushing caches (mode 2)
07-08 06:28:40.873  7174  7174 D OpenGLRenderer: Flushing caches (mode 0)
07-08 06:28:40.877  7174  7174 W ManagedEGLContext: doTerminate failed: EGL count is 2 but managed count is 1
07-08 06:28:40.900 17038 17522 D PicasaSyncManager: active network: NetworkInfo: type: WIFI[], state: CONNECTED/CONNECTED, reason: (unspecified), extra: (none), roaming: false, failover: false, isAvailable: true
07-08 06:28:40.967 17038 17522 D PicasaSyncManager: background data: true
07-08 06:28:41.002   143   395 D dalvikvm: GC_EXPLICIT freed 768K, 16% free 16693K/19847K, paused 3ms+6ms
07-08 06:28:41.033 17504 17504 I MediaUploader: No need to wake up
07-08 06:28:41.092 17570 17570 W ContextScopeImpl: thread=1 tried to enter the scope of the application context. Ignored.
07-08 06:28:41.107  7174  7174 D OpenGLRenderer: Flushing caches (mode 2)
07-08 06:28:41.107  7174  7174 D OpenGLRenderer: Flushing caches (mode 0)
07-08 06:28:41.111  7174  7174 W ManagedEGLContext: doTerminate failed: EGL count is 2 but managed count is 1
07-08 06:28:41.115 17038 17522 D PicasaSyncManager: active network: NetworkInfo: type: WIFI[], state: CONNECTED/CONNECTED, reason: (unspecified), extra: (none), roaming: false, failover: false, isAvailable: true
07-08 06:28:41.115 17038 17522 D PicasaSyncManager: background data: true
07-08 06:28:41.205   143   160 I ActivityManager: Start proc com.google.android.talk for broadcast com.google.android.talk/.ConnectionStateOnlineReceiver: pid=17597 uid=10045 gids={3003, 1015, 1006, 3002}
07-08 06:28:41.369   143   155 I ActivityManager: Process com.google.android.apps.maps:FriendService (pid 15100) has died.
07-08 06:28:41.693 17597 17597 I ActivityThread: Pub com.google.android.talk.SuggestionProvider: com.google.android.talk.SuggestionsProvider
07-08 06:28:41.717  7174  7174 D OpenGLRenderer: Flushing caches (mode 2)
07-08 06:28:41.717  7174  7174 D OpenGLRenderer: Flushing caches (mode 0)
07-08 06:28:41.721  7174  7174 W ManagedEGLContext: doTerminate failed: EGL count is 2 but managed count is 1
07-08 06:28:41.728  7174  7174 D OpenGLRenderer: Flushing caches (mode 2)
07-08 06:28:41.732  7174  7174 D OpenGLRenderer: Flushing caches (mode 0)
07-08 06:28:41.732  7174  7174 W ManagedEGLContext: doTerminate failed: EGL count is 2 but managed count is 1
07-08 06:28:41.928   143   160 I ActivityManager: Start proc com.spotify.mobile.android.service for service com.spotify.mobile.android.ui/com.spotify.mobile.android.service.SpotifyService: pid=17615 uid=10055 gids={3003, 1015}
07-08 06:28:41.947 17597 17597 D vclib:CallStateClient: startListening
07-08 06:28:42.084 17597 17599 D dalvikvm: GC_CONCURRENT freed 164K, 3% free 9353K/9607K, paused 34ms+32ms
07-08 06:28:42.127 17615 17615 D dalvikvm: Trying to load lib /data/data/com.spotify.mobile.android.ui/lib/liborbit-jni-spotify.so 0x41321588
07-08 06:28:42.205 17615 17615 D dalvikvm: Added shared lib /data/data/com.spotify.mobile.android.ui/lib/liborbit-jni-spotify.so 0x41321588
07-08 06:28:42.416   143   400 I ActivityManager: Process com.twitter.android (pid 14683) has died.
07-08 06:28:42.697   143   202 D ConnectivityService: ConnectivityChange for mobile: CONNECTED/CONNECTED
07-08 06:28:42.744   143   202 D ConnectivityService: ConnectivityChange for mobile: DISCONNECTED/DISCONNECTED
07-08 06:28:42.744   143   202 D ConnectivityService: Attempting to switch to WIFI
07-08 06:28:42.752   143   202 D ConnectivityService: Attempting to switch to WIMAX
07-08 06:28:42.752   143   202 D ConnectivityService: Attempting to switch to BLUETOOTH_TETHER
07-08 06:28:42.752   143   202 D ConnectivityService: resetConnections(rmnet0, 3)
07-08 06:28:42.760   143   202 D NetUtils: android_net_utils_resetConnections in env=0x7a7aa0 clazz=0x5df00001 iface=rmnet0 mask=0x3
07-08 06:28:43.045  7174  7174 D OpenGLRenderer: Flushing caches (mode 2)
07-08 06:28:43.045  7174  7174 D OpenGLRenderer: Flushing caches (mode 0)
07-08 06:28:43.045  7174  7174 W ManagedEGLContext: doTerminate failed: EGL count is 2 but managed count is 1
07-08 06:28:44.166 17524 17526 D dalvikvm: GC_CONCURRENT freed 333K, 5% free 10450K/10887K, paused 6ms+3ms
07-08 06:28:45.822   143   206 D Tethering: MasterInitialState.processMessage what=3
07-08 06:28:45.857   143   206 D Tethering: MasterInitialState.processMessage what=3
07-08 06:28:45.955   305   309 D dalvikvm: GC_CONCURRENT freed 376K, 6% free 10449K/11015K, paused 2ms+4ms
07-08 06:28:45.978 17504 17504 I MediaUploader: No need to wake up
07-08 06:28:46.045 17570 17570 W ContextScopeImpl: thread=1 tried to enter the scope of the application context. Ignored.
07-08 06:28:46.061 17038 17522 D PicasaSyncManager: active network: NetworkInfo: type: WIFI[], state: CONNECTED/CONNECTED, reason: (unspecified), extra: (none), roaming: false, failover: false, isAvailable: true
07-08 06:28:46.061 17038 17522 D PicasaSyncManager: background data: true
07-08 06:28:46.088 17504 17504 I MediaUploader: No need to wake up
07-08 06:28:46.162 17524 17526 D dalvikvm: GC_CONCURRENT freed 351K, 5% free 10534K/11015K, paused 2ms+2ms
07-08 06:28:46.174 17570 17570 W ContextScopeImpl: thread=1 tried to enter the scope of the application context. Ignored.
07-08 06:28:46.186 17038 17522 D PicasaSyncManager: active network: NetworkInfo: type: WIFI[], state: CONNECTED/CONNECTED, reason: (unspecified), extra: (none), roaming: false, failover: false, isAvailable: true
07-08 06:28:46.186 17038 17522 D PicasaSyncManager: background data: true
07-08 06:28:46.361   143   202 D ConnectivityService: handleInetConditionHoldEnd: net=1, condition=100, published condition=100
07-08 06:28:46.896 17524 17526 D dalvikvm: GC_CONCURRENT freed 339K, 5% free 10634K/11079K, paused 4ms+4ms
07-08 06:28:51.971   143   160 I ActivityManager: Start proc com.google.android.apps.googlevoice for service com.google.android.apps.googlevoice/.UpdateService: pid=17658 uid=10054 gids={3003, 1015}
07-08 06:28:52.549 17658 17660 D dalvikvm: GC_CONCURRENT freed 260K, 4% free 9272K/9607K, paused 8ms+2ms
07-08 06:28:52.920   143   155 I ActivityManager: Process com.spotify.mobile.android.service (pid 17615) has died.
07-08 06:28:52.920   143   155 W ActivityManager: Scheduling restart of crashed service com.spotify.mobile.android.ui/com.spotify.mobile.android.service.SpotifyService in 20000ms
07-08 06:28:53.029 17658 17660 D dalvikvm: GC_CONCURRENT freed 357K, 5% free 9435K/9863K, paused 2ms+12ms
07-08 06:28:53.029 17658 17667 W CursorWrapperInner: Cursor finalized without prior close()
07-08 06:28:53.029 17658 17667 W CursorWrapperInner: Cursor finalized without prior close()
07-08 06:28:53.029 17658 17667 W CursorWrapperInner: Cursor finalized without prior close()
07-08 06:28:53.221 17658 17660 D dalvikvm: GC_CONCURRENT freed 347K, 5% free 9633K/10055K, paused 2ms+2ms
07-08 06:28:53.381 15135 15138 D dalvikvm: GC_CONCURRENT freed 396K, 5% free 9836K/10311K, paused 2ms+6ms
07-08 06:28:53.416   143   145 D dalvikvm: GC_CONCURRENT freed 1746K, 16% free 16757K/19847K, paused 2ms+16ms
07-08 06:28:53.475 15135 15147 D dalvikvm: GC_EXPLICIT freed 169K, 6% free 9696K/10311K, paused 2ms+2ms
07-08 06:28:53.623 17658 17660 D dalvikvm: GC_CONCURRENT freed 222K, 5% free 9827K/10247K, paused 6ms+3ms
07-08 06:29:00.424  7174  7174 W GeckoBatteryManager: When charging, level should increase!
07-08 06:29:00.502   143   155 D dalvikvm: GC_EXPLICIT freed 169K, 16% free 16691K/19847K, paused 18ms+6ms
07-08 06:29:00.658 17078 17080 D dalvikvm: GC_CONCURRENT freed 504K, 6% free 10526K/11143K, paused 6ms+2ms
07-08 06:29:00.709 14258 14261 D dalvikvm: GC_CONCURRENT freed 451K, 8% free 10212K/11015K, paused 1ms+2ms
07-08 06:29:07.197   305  1092 I EventLogService: Aggregate from 1341741547074 (log), 1341741547074 (data)
07-08 06:29:12.982   143   160 I ActivityManager: Start proc com.spotify.mobile.android.service for service com.spotify.mobile.android.ui/com.spotify.mobile.android.service.SpotifyService: pid=17686 uid=10055 gids={3003, 1015}
07-08 06:29:13.021 17686 17686 D dalvikvm: Trying to load lib /data/data/com.spotify.mobile.android.ui/lib/liborbit-jni-spotify.so 0x41323140
07-08 06:29:13.033 17686 17686 D dalvikvm: Added shared lib /data/data/com.spotify.mobile.android.ui/lib/liborbit-jni-spotify.so 0x41323140
07-08 06:29:13.463   143   311 I ActivityManager: Process com.google.android.talk (pid 17597) has died.
07-08 06:29:25.799 14000 14013 I PhoneLab-: Service Running
07-08 06:29:25.893 14000 14013 I PhoneLab-LoggerService: app_37    1296  1     1436   996   c00f181c 400107b4 S logcat
07-08 06:29:25.893 14000 14013 I PhoneLab-LoggerService: Logcat pid from database 1296
07-08 06:29:25.893 14000 14013 I PhoneLab-LoggerService: Logcat process found 1296
07-08 06:29:25.893 14000 14013 I PhoneLab-LoggerService: Checking Threshold
07-08 06:29:25.893 14000 14013 I PhoneLab-LoggerService: Starting to rename files
07-08 06:29:25.896 14000 14013 I PhoneLab-LoggerService: Files found .. 2
07-08 06:29:25.896 14000 14013 I PhoneLab-LoggerService: File 1 log.out.1
07-08 06:29:25.963 14000 14013 I PhoneLab-LoggerService: Renamed successfully
07-08 06:29:55.682   143   175 I ActivityManager: Start proc com.twitter.android for service com.twitter.android/.client.AppService: pid=17709 uid=10064 gids={3003, 1015}
07-08 06:29:55.689 17709 17709 I dalvikvm: Turning on JNI app bug workarounds for target SDK version 11...
07-08 06:29:55.803 17709 17709 I ActivityThread: Pub com.twitter.android.provider.GlobalDatabaseProvider: com.twitter.android.provider.GlobalDatabaseProvider
07-08 06:29:55.822 17709 17709 I ActivityThread: Pub com.twitter.android.provider.TwitterProvider: com.twitter.android.provider.TwitterProvider
07-08 06:29:56.045   143  1922 I ActivityManager: Process android.process.media (pid 17053) has died.
07-08 06:29:56.080 17709 17711 D dalvikvm: GC_CONCURRENT freed 198K, 4% free 9289K/9607K, paused 45ms+1ms
07-08 06:29:56.365 17709 17711 D dalvikvm: GC_CONCURRENT freed 226K, 4% free 9507K/9863K, paused 3ms+1ms
07-08 06:29:56.494 17709 17711 D dalvikvm: GC_CONCURRENT freed 293K, 5% free 9632K/10055K, paused 2ms+2ms
07-08 06:29:56.623 17709 17711 D dalvikvm: GC_CONCURRENT freed 296K, 5% free 9760K/10183K, paused 2ms+2ms
07-08 06:29:56.740 17709 17711 D dalvikvm: GC_CONCURRENT freed 296K, 4% free 9908K/10311K, paused 2ms+2ms
07-08 06:29:56.850 17709 17711 D dalvikvm: GC_CONCURRENT freed 311K, 5% free 10020K/10439K, paused 1ms+2ms
07-08 06:29:56.971 17709 17711 D dalvikvm: GC_CONCURRENT freed 307K, 4% free 10155K/10567K, paused 2ms+2ms
07-08 06:29:57.084 17709 17711 D dalvikvm: GC_CONCURRENT freed 295K, 4% free 10279K/10695K, paused 2ms+1ms
07-08 06:29:57.244 17709 17711 D dalvikvm: GC_CONCURRENT freed 481K, 6% free 10221K/10823K, paused 2ms+2ms
07-08 06:29:57.369 17709 17711 D dalvikvm: GC_CONCURRENT freed 331K, 5% free 10298K/10823K, paused 2ms+2ms
07-08 06:29:57.506 17709 17711 D dalvikvm: GC_CONCURRENT freed 326K, 5% free 10387K/10823K, paused 2ms+3ms
07-08 06:29:57.627 17709 17711 D dalvikvm: GC_CONCURRENT freed 357K, 5% free 10472K/10951K, paused 1ms+2ms
07-08 06:29:57.764 17709 17711 D dalvikvm: GC_CONCURRENT freed 340K, 5% free 10553K/11015K, paused 1ms+3ms
07-08 06:29:57.889 17709 17711 D dalvikvm: GC_CONCURRENT freed 323K, 5% free 10633K/11079K, paused 2ms+2ms
07-08 06:29:58.021 17709 17711 D dalvikvm: GC_CONCURRENT freed 373K, 5% free 10721K/11207K, paused 1ms+3ms
07-08 06:29:58.158 17709 17711 D dalvikvm: GC_CONCURRENT freed 400K, 5% free 10817K/11335K, paused 2ms+3ms
07-08 06:29:59.549   143   143 I ActivityManager: Process edu.buffalo.cse.phonelab.phonelabservices (pid 14000) has died.
07-08 06:29:59.553   143   143 W ActivityManager: Scheduling restart of crashed service edu.buffalo.cse.phonelab.phonelabservices/edu.buffalo.cse.phonelab.datalogger.LoggerService in 5000ms
07-08 06:29:59.686 17709 17711 D dalvikvm: GC_CONCURRENT freed 344K, 5% free 11000K/11463K, paused 2ms+2ms
07-08 06:30:01.857  7174  7174 D OpenGLRenderer: Flushing caches (mode 2)
07-08 06:30:01.857  7174  7174 D OpenGLRenderer: Flushing caches (mode 0)
07-08 06:30:01.857  7174  7174 W ManagedEGLContext: doTerminate failed: EGL count is 2 but managed count is 1
07-08 06:30:02.182 17709 17711 D dalvikvm: GC_CONCURRENT freed 400K, 5% free 11244K/11719K, paused 8ms+4ms
07-08 06:30:04.631   143   160 I ActivityManager: Start proc edu.buffalo.cse.phonelab.phonelabservices for service edu.buffalo.cse.phonelab.phonelabservices/edu.buffalo.cse.phonelab.datalogger.LoggerService: pid=17732 uid=10037 gids={3003, 1015, 1007, 2001}
07-08 06:30:04.658    79    79 D dalvikvm: GC_EXPLICIT freed 38K, 4% free 9031K/9347K, paused 2ms+2ms
07-08 06:30:04.701 17732 17732 I PhoneLab-LoggerService: Start Logger Service
07-08 06:30:04.701    79    79 D dalvikvm: GC_EXPLICIT freed <1K, 4% free 9031K/9347K, paused 2ms+2ms
07-08 06:30:04.721    79    79 D dalvikvm: GC_EXPLICIT freed <1K, 4% free 9031K/9347K, paused 1ms+2ms
07-08 06:30:04.865 17732 17745 I PhoneLab-: Service Running
07-08 06:30:04.896   143   154 I ActivityManager: Process com.google.android.apps.uploader (pid 17504) has died.
07-08 06:30:04.955 17732 17745 I PhoneLab-LoggerService: app_37    1296  1     1436   996   c00f181c 400107b4 S logcat
07-08 06:30:04.955 17732 17745 I PhoneLab-LoggerService: Logcat pid from database 1296
07-08 06:30:04.955 17732 17745 I PhoneLab-LoggerService: Logcat process found 1296
07-08 06:30:04.955 17732 17745 I PhoneLab-LoggerService: Checking Threshold
07-08 06:30:04.955 17732 17745 I PhoneLab-LoggerService: Starting to rename files
07-08 06:30:04.955 17732 17745 I PhoneLab-LoggerService: Files found .. 2
07-08 06:30:58.498   143   200 D DhcpInfoInternal: makeLinkProperties with empty dns2!
07-08 06:30:58.502   143   200 D DhcpInfoInternal: makeLinkProperties with empty dns2!
07-08 06:31:01.916  7174  7174 D OpenGLRenderer: Flushing caches (mode 2)
07-08 06:31:01.916  7174  7174 D OpenGLRenderer: Flushing caches (mode 0)
07-08 06:31:01.916  7174  7174 W ManagedEGLContext: doTerminate failed: EGL count is 2 but managed count is 1
07-08 06:31:01.963 17078 17080 D dalvikvm: GC_CONCURRENT freed 493K, 6% free 10525K/11143K, paused 2ms+6ms
07-08 06:31:02.010 14258 14261 D dalvikvm: GC_CONCURRENT freed 445K, 8% free 10201K/11015K, paused 2ms+2ms
07-08 06:32:04.865 17732 17745 I PhoneLab-: Service Running
07-08 06:32:04.936 17732 17745 I PhoneLab-LoggerService: app_37    1296  1     1436   996   c00f181c 400107b4 S logcat
07-08 06:32:04.936 17732 17745 I PhoneLab-LoggerService: Logcat pid from database 1296
07-08 06:32:04.936 17732 17745 I PhoneLab-LoggerService: Logcat process found 1296
07-08 06:32:04.936 17732 17745 I PhoneLab-LoggerService: Checking Threshold
07-08 06:32:04.936 17732 17745 I PhoneLab-LoggerService: Starting to rename files
07-08 06:32:04.936 17732 17745 I PhoneLab-LoggerService: Files found .. 2
07-08 06:33:02.045 17078 17080 D dalvikvm: GC_CONCURRENT freed 491K, 6% free 10525K/11143K, paused 2ms+3ms
07-08 06:33:02.092 14258 14261 D dalvikvm: GC_CONCURRENT freed 429K, 8% free 10198K/11015K, paused 1ms+2ms
07-08 06:33:23.162   143   200 D DhcpInfoInternal: makeLinkProperties with empty dns2!
07-08 06:33:23.162   143   200 D DhcpInfoInternal: makeLinkProperties with empty dns2!
07-08 06:34:04.865 17732 17745 I PhoneLab-: Service Running
07-08 06:34:04.936 17732 17745 I PhoneLab-LoggerService: app_37    1296  1     1436   996   c00f181c 400107b4 S logcat
07-08 06:34:04.939 17732 17745 I PhoneLab-LoggerService: Logcat pid from database 1296
07-08 06:34:04.939 17732 17745 I PhoneLab-LoggerService: Logcat process found 1296
07-08 06:34:04.939 17732 17745 I PhoneLab-LoggerService: Checking Threshold
07-08 06:34:04.939 17732 17745 I PhoneLab-LoggerService: Starting to rename files
07-08 06:34:04.939 17732 17745 I PhoneLab-LoggerService: Files found .. 2
07-08 06:34:14.252   143   395 I ActivityManager: Process com.google.android.apps.maps:NetworkLocationService (pid 17078) has died.
07-08 06:34:14.252   143   395 W ActivityManager: Scheduling restart of crashed service com.google.android.apps.maps/com.google.android.location.internal.server.NetworkLocationService in 5000ms
07-08 06:34:19.330   143   160 I ActivityManager: Start proc com.google.android.apps.maps:NetworkLocationService for service com.google.android.apps.maps/com.google.android.location.internal.server.NetworkLocationService: pid=17795 uid=10056 gids={3003, 1015}
07-08 06:34:19.588 17795 17797 D dalvikvm: GC_CONCURRENT freed 151K, 3% free 9384K/9607K, paused 2ms+2ms
07-08 06:34:20.475 17795 17797 D dalvikvm: GC_CONCURRENT freed 154K, 3% free 9690K/9927K, paused 2ms+2ms
07-08 06:34:20.826 17795 17797 D dalvikvm: GC_CONCURRENT freed 169K, 3% free 10070K/10311K, paused 4ms+3ms
07-08 06:34:20.994 17795 17797 D dalvikvm: GC_CONCURRENT freed 669K, 8% free 9886K/10695K, paused 2ms+2ms
07-08 06:34:21.084   143   160 I ActivityManager: Start proc com.google.android.apps.maps:FriendService for broadcast com.google.android.apps.maps/com.google.googlenav.friend.android.ServiceReceiver: pid=17816 uid=10056 gids={3003, 1015}
07-08 06:34:21.205 17816 17819 D dalvikvm: GC_CONCURRENT freed 156K, 3% free 9380K/9607K, paused 2ms+2ms
07-08 06:34:21.350   143  2263 I ActivityManager: Process com.google.android.apps.maps (pid 17106) has died.
07-08 06:34:21.350   143  2263 W ActivityManager: Scheduling restart of crashed service com.google.android.apps.maps/com.google.googlenav.prefetch.android.PrefetcherService in 5000ms
07-08 06:34:21.361 17816 17819 D dalvikvm: GC_CONCURRENT freed 193K, 3% free 9724K/9991K, paused 2ms+3ms
07-08 06:34:21.529   143   145 D dalvikvm: GC_CONCURRENT freed 1793K, 16% free 16755K/19847K, paused 3ms+7ms
07-08 06:34:21.584 17795 17802 I dalvikvm: Total arena pages for JIT: 11
07-08 06:34:21.600 17795 17802 I dalvikvm: Total arena pages for JIT: 12
07-08 06:34:21.600 17795 17802 I dalvikvm: Total arena pages for JIT: 13
07-08 06:34:21.600 17795 17802 I dalvikvm: Total arena pages for JIT: 14
07-08 06:34:21.600 17795 17802 I dalvikvm: Total arena pages for JIT: 15
07-08 06:34:21.600 17795 17802 I dalvikvm: Total arena pages for JIT: 16
07-08 06:34:21.600 17795 17802 I dalvikvm: Total arena pages for JIT: 17
07-08 06:34:21.682 17795 17802 I dalvikvm: Total arena pages for JIT: 18
07-08 06:34:21.818 17795 17797 D dalvikvm: GC_CONCURRENT freed 205K, 5% free 10193K/10695K, paused 1ms+3ms
07-08 06:34:22.338 17795 17797 D dalvikvm: GC_CONCURRENT freed 370K, 5% free 10379K/10823K, paused 62ms+2ms
07-08 06:34:23.377 17795 17797 D dalvikvm: GC_CONCURRENT freed 556K, 7% free 10326K/11015K, paused 2ms+3ms
07-08 06:34:23.439 14258 14261 D dalvikvm: GC_CONCURRENT freed 496K, 8% free 10214K/11015K, paused 4ms+3ms
07-08 06:34:26.412   143   160 I ActivityManager: Start proc com.google.android.apps.maps for service com.google.android.apps.maps/com.google.googlenav.prefetch.android.PrefetcherService: pid=17831 uid=10056 gids={3003, 1015}
07-08 06:34:26.518 17831 17833 D dalvikvm: GC_CONCURRENT freed 152K, 3% free 9383K/9607K, paused 2ms+2ms
07-08 06:34:26.572 17831 17831 I ActivityThread: Pub com.google.android.maps.SearchHistoryProvider: com.google.googlenav.provider.SearchHistoryProvider
07-08 06:34:26.572 17831 17831 I ActivityThread: Pub com.google.android.maps.SuggestionProvider: com.google.googlenav.suggest.android.SuggestContentProvider
07-08 06:34:26.580 17831 17831 I ActivityThread: Pub com.google.android.maps.LayerInfoProvider: com.google.googlenav.layer.LayerInfoProvider
07-08 06:34:26.588 17831 17831 I ActivityThread: Pub com.google.android.maps.TrafficAppWidgetProvider: com.google.googlenav.appwidget.traffic.TrafficAppWidgetProvider
07-08 06:34:26.588 17831 17831 I ActivityThread: Pub com.google.android.maps.LocalActivePlacesProvider: com.google.googlenav.provider.LocalActivePlacesProvider
07-08 06:34:26.592 17831 17831 I ActivityThread: Pub com.google.android.maps.StarredItemProvider: com.google.googlenav.provider.StarredItemProvider
07-08 06:34:26.654 17831 17833 D dalvikvm: GC_CONCURRENT freed 170K, 3% free 9705K/9991K, paused 1ms+2ms
07-08 06:34:26.732 17831 17831 I ActivityThread: Pub com.google.android.maps.LocalSuggestionProvider: com.google.googlenav.provider.LocalSuggestionProvider
07-08 06:34:26.732 17831 17831 I ActivityThread: Pub com.google.android.maps.NavigationAvailabilityProvider: com.google.googlenav.provider.NavigationAvailabilityProvider
07-08 06:34:26.787 17831 17833 D dalvikvm: GC_CONCURRENT freed 223K, 4% free 9922K/10247K, paused 3ms+2ms
07-08 06:34:26.842 17831 17847 D dalvikvm: GC_FOR_ALLOC freed 85K, 4% free 10160K/10567K, paused 24ms
07-08 06:34:26.842 17831 17847 I dalvikvm-heap: Grow heap (frag case) to 10.186MB for 204816-byte allocation
07-08 06:34:26.869 17831 17848 D dalvikvm: GC_FOR_ALLOC freed <1K, 5% free 10360K/10823K, paused 16ms
07-08 06:34:27.045   143  2263 I ActivityManager: Process com.google.android.apps.plus (pid 17038) has died.
07-08 06:34:27.088 17831 17856 D dalvikvm: GC_FOR_ALLOC freed 218K, 4% free 10495K/10887K, paused 55ms
07-08 06:34:27.088 17831 17856 I dalvikvm-heap: Grow heap (frag case) to 10.513MB for 204816-byte allocation
07-08 06:34:27.115 17831 17861 D dalvikvm: GC_FOR_ALLOC freed <1K, 5% free 10694K/11143K, paused 17ms
07-08 06:34:27.143 17831 17857 D dalvikvm: GC_FOR_ALLOC freed 8K, 5% free 10686K/11143K, paused 16ms
07-08 06:34:27.143 17831 17857 I dalvikvm-heap: Grow heap (frag case) to 10.701MB for 204816-byte allocation
07-08 06:34:27.174 17831 17850 D dalvikvm: GC_FOR_ALLOC freed 0K, 5% free 10887K/11399K, paused 20ms
07-08 06:35:02.107   143   169 D dalvikvm: GC_EXPLICIT freed 376K, 16% free 16679K/19847K, paused 3ms+5ms
07-08 06:35:48.061   143   200 D DhcpInfoInternal: makeLinkProperties with empty dns2!
07-08 06:35:48.068   143   200 D DhcpInfoInternal: makeLinkProperties with empty dns2!
07-08 06:36:04.865 17732 17745 I PhoneLab-: Service Running
07-08 06:36:04.936 17732 17745 I PhoneLab-LoggerService: app_37    1296  1     1436   996   c00f181c 400107b4 S logcat
07-08 06:36:04.939 17732 17745 I PhoneLab-LoggerService: Logcat pid from database 1296
07-08 06:36:04.939 17732 17745 I PhoneLab-LoggerService: Logcat process found 1296
07-08 06:36:04.939 17732 17745 I PhoneLab-LoggerService: Checking Threshold
07-08 06:36:04.939 17732 17745 I PhoneLab-LoggerService: Starting to rename files
07-08 06:36:04.939 17732 17745 I PhoneLab-LoggerService: Files found .. 2
07-08 06:36:23.943 17795 17797 D dalvikvm: GC_CONCURRENT freed 497K, 7% free 10335K/11015K, paused 2ms+7ms
07-08 06:36:23.990 14258 14261 D dalvikvm: GC_CONCURRENT freed 461K, 8% free 10209K/11015K, paused 1ms+2ms
07-08 06:38:04.865 17732 17745 I PhoneLab-: Service Running
07-08 06:38:04.936 17732 17745 I PhoneLab-LoggerService: app_37    1296  1     1436   996   c00f181c 400107b4 S logcat
07-08 06:38:04.936 17732 17745 I PhoneLab-LoggerService: Logcat pid from database 1296
07-08 06:38:04.939 17732 17745 I PhoneLab-LoggerService: Logcat process found 1296
07-08 06:38:04.939 17732 17745 I PhoneLab-LoggerService: Checking Threshold
07-08 06:38:04.939 17732 17745 I PhoneLab-LoggerService: Starting to rename files
07-08 06:38:04.939 17732 17745 I PhoneLab-LoggerService: Files found .. 2
07-08 06:38:12.947   143   200 D DhcpInfoInternal: makeLinkProperties with empty dns2!
07-08 06:38:12.951   143   200 D DhcpInfoInternal: makeLinkProperties with empty dns2!
07-08 06:38:18.217   143   159 V BackupManagerService: Running a backup pass
07-08 06:38:18.225   143   215 V BackupManagerService: Backup requested but nothing pending
07-08 06:38:24.018 17795 17797 D dalvikvm: GC_CONCURRENT freed 485K, 7% free 10338K/11015K, paused 1ms+7ms
07-08 06:38:24.064 14258 14261 D dalvikvm: GC_CONCURRENT freed 430K, 8% free 10199K/11015K, paused 1ms+3ms
07-08 06:40:04.865 17732 17745 I PhoneLab-: Service Running
07-08 06:40:04.971 17732 17734 D dalvikvm: GC_CONCURRENT freed 401K, 6% free 9103K/9607K, paused 1ms+6ms
07-08 06:40:04.975 17732 17745 I PhoneLab-LoggerService: app_37    1296  1     1436   996   c00f181c 400107b4 S logcat
07-08 06:40:04.975 17732 17745 I PhoneLab-LoggerService: Logcat pid from database 1296
07-08 06:40:04.978 17732 17745 I PhoneLab-LoggerService: Logcat process found 1296
07-08 06:40:04.978 17732 17745 I PhoneLab-LoggerService: Checking Threshold
07-08 06:40:04.978 17732 17745 I PhoneLab-LoggerService: Starting to rename files
07-08 06:40:04.978 17732 17745 I PhoneLab-LoggerService: Files found .. 2
07-08 06:40:05.760 17709 17711 D dalvikvm: GC_CONCURRENT freed 610K, 7% free 11298K/12039K, paused 14ms+2ms
07-08 06:40:08.709 17709 17711 D dalvikvm: GC_CONCURRENT freed 629K, 7% free 11346K/12103K, paused 2ms+3ms
07-08 06:40:24.119 17795 17797 D dalvikvm: GC_CONCURRENT freed 486K, 7% free 10340K/11015K, paused 2ms+4ms
07-08 06:40:24.182 14258 14261 D dalvikvm: GC_CONCURRENT freed 413K, 8% free 10199K/11015K, paused 1ms+2ms
07-08 06:40:37.826   143   200 D DhcpInfoInternal: makeLinkProperties with empty dns2!
07-08 06:40:37.834   143   200 D DhcpInfoInternal: makeLinkProperties with empty dns2!
07-08 06:42:04.865 17732 17745 I PhoneLab-: Service Running
07-08 06:42:04.936 17732 17745 I PhoneLab-LoggerService: app_37    1296  1     1436   996   c00f181c 400107b4 S logcat
07-08 06:42:04.936 17732 17745 I PhoneLab-LoggerService: Logcat pid from database 1296
07-08 06:42:04.936 17732 17745 I PhoneLab-LoggerService: Logcat process found 1296
07-08 06:42:04.936 17732 17745 I PhoneLab-LoggerService: Checking Threshold
07-08 06:42:04.939 17732 17745 I PhoneLab-LoggerService: Starting to rename files
07-08 06:42:04.939 17732 17745 I PhoneLab-LoggerService: Files found .. 2
07-08 06:42:24.236   305   320 D dalvikvm: GC_EXPLICIT freed 325K, 5% free 10470K/11015K, paused 2ms+4ms
07-08 06:42:24.252 17795 17797 D dalvikvm: GC_CONCURRENT freed 471K, 7% free 10343K/11015K, paused 1ms+8ms
07-08 06:42:24.322 14258 14261 D dalvikvm: GC_CONCURRENT freed 423K, 8% free 10187K/11015K, paused 2ms+3ms
07-08 06:43:02.713   143   200 D DhcpInfoInternal: makeLinkProperties with empty dns2!
07-08 06:43:02.717   143   200 D DhcpInfoInternal: makeLinkProperties with empty dns2!
07-08 06:43:22.951  7174  7176 D dalvikvm: GC_CONCURRENT freed 2081K, 29% free 11533K/16071K, paused 2ms+6ms
07-08 06:43:22.959  7174  7183 D class ch.boye.httpclientandroidlib.impl.conn.tsccm.ThreadSafeClientConnManager: Shutting down
07-08 06:44:04.865 17732 17745 I PhoneLab-: Service Running
07-08 06:44:04.955 17732 17745 I PhoneLab-LoggerService: app_37    1296  1     1436   996   c00f181c 400107b4 S logcat
07-08 06:44:04.959 17732 17745 I PhoneLab-LoggerService: Logcat pid from database 1296
07-08 06:44:04.959 17732 17745 I PhoneLab-LoggerService: Logcat process found 1296
07-08 06:44:04.959 17732 17745 I PhoneLab-LoggerService: Checking Threshold
07-08 06:44:04.959 17732 17745 I PhoneLab-LoggerService: Starting to rename files
07-08 06:44:04.959 17732 17745 I PhoneLab-LoggerService: Files found .. 2
07-08 06:44:24.318 17795 17797 D dalvikvm: GC_CONCURRENT freed 486K, 7% free 10346K/11015K, paused 2ms+5ms
07-08 06:44:24.377 14258 14261 D dalvikvm: GC_CONCURRENT freed 414K, 8% free 10181K/11015K, paused 6ms+2ms
07-08 06:44:34.717   143   169 I ActivityManager: Start proc com.google.android.apps.currents for service com.google.android.apps.currents/com.google.apps.dots.android.app.service.SyncService: pid=17972 uid=10078 gids={3003, 1015}
07-08 06:44:35.076 17972 17972 I ActivityThread: Pub com.google.apps.dots.android.app.provider.SuggestionProvider: com.google.apps.dots.android.app.provider.SuggestionProvider
07-08 06:44:35.080 17972 17972 I ActivityThread: Pub com.google.android.apps.currents.exported: com.google.apps.dots.android.app.provider.ExportedContentProvider
07-08 06:44:35.146 17972 17975 D dalvikvm: GC_CONCURRENT freed 165K, 3% free 9370K/9607K, paused 3ms+3ms
07-08 06:44:35.209 17972 17975 D dalvikvm: GC_CONCURRENT freed 261K, 5% free 9585K/9991K, paused 2ms+2ms
07-08 06:44:35.330 17972 17975 D dalvikvm: GC_CONCURRENT freed 234K, 4% free 9826K/10183K, paused 2ms+3ms
07-08 06:44:35.451 17972 17975 D dalvikvm: GC_CONCURRENT freed 234K, 4% free 10076K/10439K, paused 2ms+2ms
07-08 06:44:35.494 17972 17972 I DotsContentUris: content://com.google.android.apps.currents
07-08 06:44:35.502 17972 17972 I ActivityThread: Pub com.google.android.apps.currents: com.google.apps.dots.android.app.provider.DotsContentProvider
07-08 06:44:35.510 17972 17972 I DotsApplication: Starting up...
07-08 06:44:35.771 17972 17975 D dalvikvm: GC_CONCURRENT freed 432K, 6% free 10155K/10695K, paused 2ms+3ms
07-08 06:44:35.959 17972 17975 D dalvikvm: GC_CONCURRENT freed 278K, 4% free 10334K/10759K, paused 2ms+3ms
07-08 06:44:35.979 17972 17992 I SyncService: Starting sync (06:44:35)
07-08 06:44:39.256 17972 17975 D dalvikvm: GC_CONCURRENT freed 288K, 4% free 10472K/10887K, paused 1ms+2ms
07-08 06:44:39.506 17972 17975 D dalvikvm: GC_CONCURRENT freed 210K, 4% free 10681K/11015K, paused 2ms+2ms
07-08 06:44:39.607 17972 17975 D dalvikvm: GC_CONCURRENT freed 438K, 6% free 10747K/11335K, paused 2ms+2ms
07-08 06:44:39.760 17972 17975 D dalvikvm: GC_CONCURRENT freed 509K, 6% free 10692K/11335K, paused 1ms+2ms
07-08 06:44:39.865   143   308 D SyncManager: setSyncAutomatically: , provider com.google.android.apps.currents -> true
07-08 06:44:39.865   143   308 D SyncManager: setSyncAutomatically: already set to true, doing nothing
07-08 06:44:40.076   143   311 D dalvikvm: GC_EXPLICIT freed 1061K, 16% free 16760K/19847K, paused 7ms+8ms
07-08 06:44:40.201 17972 17975 D dalvikvm: GC_CONCURRENT freed 256K, 5% free 10871K/11335K, paused 3ms+3ms
07-08 06:44:40.346 17972 17975 D dalvikvm: GC_CONCURRENT freed 271K, 4% free 11133K/11527K, paused 2ms+3ms
07-08 06:44:40.541 17972 17975 D dalvikvm: GC_CONCURRENT freed 251K, 3% free 11515K/11847K, paused 2ms+3ms
07-08 06:44:40.846 17972 17975 D dalvikvm: GC_CONCURRENT freed 1082K, 10% free 11151K/12359K, paused 2ms+4ms
07-08 06:44:41.545 17972 17975 D dalvikvm: GC_CONCURRENT freed 370K, 8% free 11373K/12359K, paused 3ms+3ms
07-08 06:44:41.764 17972 17975 D dalvikvm: GC_CONCURRENT freed 629K, 8% free 11406K/12359K, paused 2ms+3ms
07-08 06:44:41.912 17972 17975 D dalvikvm: GC_CONCURRENT freed 640K, 8% free 11437K/12359K, paused 2ms+2ms
07-08 06:44:43.033 17972 17975 D dalvikvm: GC_CONCURRENT freed 729K, 8% free 11386K/12359K, paused 1ms+3ms
07-08 06:44:43.209 17972 17975 D dalvikvm: GC_CONCURRENT freed 619K, 8% free 11429K/12359K, paused 2ms+2ms
07-08 06:44:43.389 17972 17975 D dalvikvm: GC_CONCURRENT freed 651K, 8% free 11460K/12359K, paused 2ms+4ms
07-08 06:44:43.818 17972 17975 D dalvikvm: GC_CONCURRENT freed 676K, 8% free 11480K/12359K, paused 3ms+2ms
07-08 06:44:45.357 17972 17975 D dalvikvm: GC_CONCURRENT freed 813K, 8% free 11414K/12359K, paused 14ms+3ms
07-08 06:44:45.834 17972 17975 D dalvikvm: GC_CONCURRENT freed 672K, 8% free 11435K/12359K, paused 2ms+3ms
07-08 06:44:46.463 17972 17975 D dalvikvm: GC_CONCURRENT freed 685K, 8% free 11437K/12359K, paused 2ms+3ms
07-08 06:44:47.045 17972 17975 D dalvikvm: GC_CONCURRENT freed 704K, 8% free 11451K/12359K, paused 3ms+3ms
07-08 06:44:47.674 17972 17975 D dalvikvm: GC_CONCURRENT freed 667K, 8% free 11492K/12359K, paused 2ms+3ms
07-08 06:44:48.479 17972 17975 D dalvikvm: GC_CONCURRENT freed 772K, 8% free 11467K/12359K, paused 1ms+3ms
07-08 06:44:48.916 17972 17975 D dalvikvm: GC_CONCURRENT freed 679K, 8% free 11480K/12359K, paused 2ms+2ms
07-08 06:44:49.072 17972 17975 D dalvikvm: GC_CONCURRENT freed 728K, 7% free 11510K/12359K, paused 2ms+2ms
07-08 06:44:50.350 17972 17975 D dalvikvm: GC_CONCURRENT freed 774K, 8% free 11465K/12359K, paused 2ms+3ms
07-08 06:44:50.506 17972 17975 D dalvikvm: GC_CONCURRENT freed 681K, 8% free 11479K/12359K, paused 2ms+2ms
07-08 06:44:51.076 17972 17975 D dalvikvm: GC_CONCURRENT freed 743K, 8% free 11488K/12359K, paused 2ms+7ms
07-08 06:44:53.490 17972 17975 D dalvikvm: GC_CONCURRENT freed 735K, 7% free 11502K/12359K, paused 2ms+3ms
07-08 06:44:53.658 17972 17975 D dalvikvm: GC_CONCURRENT freed 709K, 7% free 11548K/12359K, paused 2ms+3ms
07-08 06:44:53.904 17972 17975 D dalvikvm: GC_CONCURRENT freed 745K, 7% free 11556K/12423K, paused 2ms+3ms
07-08 06:44:56.092 17972 17975 D dalvikvm: GC_CONCURRENT freed 806K, 8% free 11503K/12423K, paused 2ms+3ms
07-08 06:44:56.338 17972 17975 D dalvikvm: GC_CONCURRENT freed 652K, 7% free 11554K/12423K, paused 4ms+5ms
07-08 06:44:56.525 17972 17975 D dalvikvm: GC_CONCURRENT freed 709K, 7% free 11605K/12423K, paused 2ms+2ms
07-08 06:44:56.678   143   143 D dalvikvm: GC_EXPLICIT freed 514K, 17% free 16649K/19847K, paused 2ms+6ms
07-08 06:44:56.865 17972 17975 D dalvikvm: GC_CONCURRENT freed 620K, 7% free 11732K/12487K, paused 2ms+3ms
07-08 06:44:58.373 17972 17975 D dalvikvm: GC_CONCURRENT freed 1015K, 10% free 11532K/12679K, paused 2ms+2ms
07-08 06:44:58.510 17972 17975 D dalvikvm: GC_CONCURRENT freed 673K, 9% free 11569K/12679K, paused 2ms+3ms
07-08 06:44:58.654 17972 17975 D dalvikvm: GC_CONCURRENT freed 704K, 9% free 11611K/12679K, paused 1ms+3ms
07-08 06:44:58.830 17972 17995 D dalvikvm: GC_EXPLICIT freed 542K, 9% free 11649K/12679K, paused 6ms+3ms
07-08 06:45:00.143 17972 17975 D dalvikvm: GC_CONCURRENT freed 844K, 9% free 11590K/12679K, paused 2ms+3ms
07-08 06:45:00.221   143   403 D dalvikvm: GC_EXPLICIT freed 336K, 17% free 16649K/19847K, paused 3ms+5ms
07-08 06:45:00.857 17972 17975 D dalvikvm: GC_CONCURRENT freed 772K, 9% free 11557K/12679K, paused 2ms+3ms
07-08 06:45:00.904 17972 17995 D dalvikvm: GC_FOR_ALLOC freed 113K, 9% free 11556K/12679K, paused 24ms
07-08 06:45:00.932 17972 17995 D dalvikvm: GC_FOR_ALLOC freed 33K, 9% free 11587K/12679K, paused 24ms
07-08 06:45:00.932 17972 17995 I dalvikvm-heap: Grow heap (frag case) to 11.512MB for 133026-byte allocation
07-08 06:45:00.959 17972 17995 D dalvikvm: GC_FOR_ALLOC freed 63K, 10% free 11653K/12871K, paused 23ms
07-08 06:45:00.986 17972 17995 D dalvikvm: GC_FOR_ALLOC freed 134K, 10% free 11607K/12871K, paused 24ms
07-08 06:45:02.271 17972 17975 D dalvikvm: GC_CONCURRENT freed 799K, 11% free 11567K/12871K, paused 2ms+3ms
07-08 06:45:04.553 17972 17975 D dalvikvm: GC_CONCURRENT freed 795K, 11% free 11503K/12871K, paused 3ms+3ms
07-08 06:45:04.826 17972 17975 D dalvikvm: GC_CONCURRENT freed 745K, 11% free 11476K/12871K, paused 4ms+2ms
07-08 06:45:05.068 17972 17975 D dalvikvm: GC_CONCURRENT freed 622K, 11% free 11555K/12871K, paused 2ms+3ms
07-08 06:45:05.201 17972 17975 D dalvikvm: GC_CONCURRENT freed 591K, 9% free 11724K/12871K, paused 2ms+2ms
07-08 06:45:05.346 17972 17975 D dalvikvm: GC_CONCURRENT freed 689K, 9% free 11841K/12871K, paused 2ms+3ms
07-08 06:45:05.486 17972 17975 D dalvikvm: GC_CONCURRENT freed 1148K, 11% free 11509K/12871K, paused 2ms+2ms
07-08 06:45:05.611 17972 17975 D dalvikvm: GC_CONCURRENT freed 823K, 12% free 11389K/12871K, paused 2ms+2ms
07-08 06:45:06.494 17972 17992 I SyncService: sync service finished (06:45:06)
07-08 06:45:09.318 17709 17999 D dalvikvm: GC_FOR_ALLOC freed 393K, 7% free 11442K/12231K, paused 63ms
07-08 06:45:09.350 17709 17999 D dalvikvm: GC_FOR_ALLOC freed 85K, 8% free 11468K/12359K, paused 28ms
07-08 06:45:09.354 17709 17999 I dalvikvm-heap: Grow heap (frag case) to 11.488MB for 230278-byte allocation
07-08 06:45:09.381 17709 17999 D dalvikvm: GC_FOR_ALLOC freed 111K, 9% free 11582K/12615K, paused 29ms
07-08 06:45:09.416 17709 17999 D dalvikvm: GC_FOR_ALLOC freed <1K, 9% free 11582K/12615K, paused 28ms
07-08 06:45:09.420 17709 17999 I dalvikvm-heap: Grow heap (frag case) to 11.821MB for 463454-byte allocation
07-08 06:45:09.447 17709 17999 D dalvikvm: GC_FOR_ALLOC freed 224K, 11% free 11809K/13127K, paused 28ms
07-08 06:45:09.889 17709 17711 D dalvikvm: GC_CONCURRENT freed 312K, 7% free 12311K/13127K, paused 26ms+3ms
07-08 06:45:24.314 14258 14258 D dalvikvm: GC_EXPLICIT freed 35K, 8% free 10151K/11015K, paused 2ms+2ms
07-08 06:45:27.607   143   200 D DhcpInfoInternal: makeLinkProperties with empty dns2!
07-08 06:45:27.611   143   200 D DhcpInfoInternal: makeLinkProperties with empty dns2!
07-08 06:46:04.865 17732 17745 I PhoneLab-: Service Running
07-08 06:46:04.947 17732 17745 I PhoneLab-LoggerService: app_37    1296  1     1436   996   c00f181c 400107b4 S logcat
07-08 06:46:04.947 17732 17745 I PhoneLab-LoggerService: Logcat pid from database 1296
07-08 06:46:04.947 17732 17745 I PhoneLab-LoggerService: Logcat process found 1296
07-08 06:46:04.947 17732 17745 I PhoneLab-LoggerService: Checking Threshold
07-08 06:46:04.951 17732 17745 I PhoneLab-LoggerService: Starting to rename files
07-08 06:46:04.951 17732 17745 I PhoneLab-LoggerService: Files found .. 2
07-08 06:46:24.471 17795 17797 D dalvikvm: GC_CONCURRENT freed 479K, 7% free 10347K/11015K, paused 2ms+7ms
07-08 06:46:24.518 14258 14261 D dalvikvm: GC_CONCURRENT freed 368K, 8% free 10187K/11015K, paused 2ms+3ms
07-08 06:46:25.154   221   223 D dalvikvm: GC_CONCURRENT freed 210K, 29% free 10147K/14215K, paused 2ms+4ms
07-08 06:46:25.205   221   223 D dalvikvm: GC_CONCURRENT freed 664K, 31% free 9949K/14215K, paused 2ms+3ms
07-08 06:46:25.279   221   223 D dalvikvm: GC_CONCURRENT freed 390K, 30% free 10002K/14215K, paused 2ms+8ms
07-08 06:46:32.373 17795 17797 D dalvikvm: GC_CONCURRENT freed 165K, 5% free 10570K/11015K, paused 27ms+2ms
07-08 06:46:34.697   143   311 W ActivityManager: finishReceiver called but no pending broadcasts
07-08 06:46:34.885   221   223 D dalvikvm: GC_CONCURRENT freed 507K, 31% free 9948K/14215K, paused 2ms+2ms
07-08 06:46:34.936   221   223 D dalvikvm: GC_CONCURRENT freed 450K, 31% free 9947K/14215K, paused 2ms+2ms
07-08 06:46:35.010 17795 17797 D dalvikvm: GC_CONCURRENT freed 640K, 7% free 10489K/11207K, paused 2ms+3ms
07-08 06:46:35.021   221   223 D dalvikvm: GC_CONCURRENT freed 433K, 30% free 9983K/14215K, paused 1ms+3ms
07-08 06:46:35.162 17795 17797 D dalvikvm: GC_CONCURRENT freed 118K, 4% free 10765K/11207K, paused 4ms+3ms
07-08 06:47:52.275   143   200 D DhcpInfoInternal: makeLinkProperties with empty dns2!
07-08 06:47:52.275   143   200 D DhcpInfoInternal: makeLinkProperties with empty dns2!
07-08 06:47:55.295   143   177 I power   : *** set_screen_state 1
07-08 06:47:55.467   143   177 I WindowManager: Lock screen displayed!
07-08 06:47:55.561    78   121 D SurfaceFlinger: Screen about to return, flinger = 0x1ddb918
07-08 06:48:04.869 17732 17745 I PhoneLab-: Service Running
07-08 06:48:04.959 17732 17745 I PhoneLab-LoggerService: app_37    1296  1     1436   996   c00f181c 400107b4 S logcat
07-08 06:48:04.959 17732 17745 I PhoneLab-LoggerService: Logcat pid from database 1296
07-08 06:48:04.959 17732 17745 I PhoneLab-LoggerService: Logcat process found 1296
07-08 06:48:04.959 17732 17745 I PhoneLab-LoggerService: Checking Threshold
07-08 06:48:04.959 17732 17745 I PhoneLab-LoggerService: Starting to rename files
07-08 06:48:04.963 17732 17745 I PhoneLab-LoggerService: Files found .. 2
07-08 06:48:23.229  7174  7174 W GeckoBatteryManager: When charging, level should increase!
07-08 06:48:24.619 17795 17797 D dalvikvm: GC_CONCURRENT freed 557K, 7% free 10773K/11463K, paused 2ms+4ms
07-08 06:48:24.666 14258 14261 D dalvikvm: GC_CONCURRENT freed 430K, 8% free 10189K/11015K, paused 2ms+3ms
07-08 06:50:04.865 17732 17745 I PhoneLab-: Service Running
07-08 06:50:04.951 17732 17745 I PhoneLab-LoggerService: app_37    1296  1     1436   996   c00f181c 400107b4 S logcat
07-08 06:50:04.951 17732 17745 I PhoneLab-LoggerService: Logcat pid from database 1296
07-08 06:50:04.951 17732 17745 I PhoneLab-LoggerService: Logcat process found 1296
07-08 06:50:04.951 17732 17745 I PhoneLab-LoggerService: Checking Threshold
07-08 06:50:04.951 17732 17745 I PhoneLab-LoggerService: Starting to rename files
07-08 06:50:04.951 17732 17745 I PhoneLab-LoggerService: Files found .. 2
07-08 06:50:12.756 17709 18054 D dalvikvm: GC_FOR_ALLOC freed 1694K, 15% free 11614K/13511K, paused 79ms
07-08 06:50:12.865 17709 17711 D dalvikvm: GC_CONCURRENT freed 280K, 11% free 12073K/13511K, paused 2ms+2ms
07-08 06:50:13.756 17709 17711 D dalvikvm: GC_CONCURRENT freed 1287K, 14% free 11683K/13511K, paused 7ms+3ms
07-08 06:50:17.143   143   200 D DhcpInfoInternal: makeLinkProperties with empty dns2!
07-08 06:50:17.150   143   200 D DhcpInfoInternal: makeLinkProperties with empty dns2!
07-08 06:50:24.740 17795 17797 D dalvikvm: GC_CONCURRENT freed 507K, 6% free 10776K/11463K, paused 2ms+5ms
07-08 06:50:24.814 14258 14261 D dalvikvm: GC_CONCURRENT freed 419K, 8% free 10202K/11015K, paused 2ms+7ms
07-08 06:50:24.979 14258 14261 D dalvikvm: GC_CONCURRENT freed 194K, 6% free 10399K/11015K, paused 2ms+3ms
07-08 06:51:24.811 14258 14261 D dalvikvm: GC_CONCURRENT freed 666K, 8% free 10241K/11015K, paused 2ms+2ms
07-08 06:52:04.865 17732 17745 I PhoneLab-: Service Running
07-08 06:52:04.959 17732 17745 I PhoneLab-LoggerService: app_37    1296  1     1436   996   c00f181c 400107b4 S logcat
07-08 06:52:04.963 17732 17745 I PhoneLab-LoggerService: Logcat pid from database 1296
07-08 06:52:04.963 17732 17745 I PhoneLab-LoggerService: Logcat process found 1296
07-08 06:52:04.963 17732 17745 I PhoneLab-LoggerService: Checking Threshold
07-08 06:52:04.963 17732 17745 I PhoneLab-LoggerService: Starting to rename files
07-08 06:52:04.963 17732 17745 I PhoneLab-LoggerService: Files found .. 2
07-08 06:52:24.873 17795 17797 D dalvikvm: GC_CONCURRENT freed 517K, 6% free 10783K/11463K, paused 2ms+5ms
07-08 06:52:42.006   143   200 D DhcpInfoInternal: makeLinkProperties with empty dns2!
07-08 06:52:42.006   143   200 D DhcpInfoInternal: makeLinkProperties with empty dns2!
07-08 06:53:24.947 14258 14261 D dalvikvm: GC_CONCURRENT freed 473K, 8% free 10233K/11015K, paused 2ms+2ms
07-08 06:54:04.865 17732 17745 I PhoneLab-: Service Running
07-08 06:54:04.939 17732 17745 I PhoneLab-LoggerService: app_37    1296  1     1436   996   c00f181c 400107b4 S logcat
07-08 06:54:04.939 17732 17745 I PhoneLab-LoggerService: Logcat pid from database 1296
07-08 06:54:04.939 17732 17745 I PhoneLab-LoggerService: Logcat process found 1296
07-08 06:54:04.939 17732 17745 I PhoneLab-LoggerService: Checking Threshold
07-08 06:54:04.943 17732 17745 I PhoneLab-LoggerService: Starting to rename files
07-08 06:54:04.943 17732 17745 I PhoneLab-LoggerService: Files found .. 2
07-08 06:54:25.033   143   155 D dalvikvm: GC_EXPLICIT freed 1421K, 16% free 16795K/19847K, paused 2ms+8ms
07-08 06:54:25.068 17795 17797 D dalvikvm: GC_CONCURRENT freed 521K, 6% free 10786K/11463K, paused 2ms+5ms
07-08 06:55:06.896   143   200 D DhcpInfoInternal: makeLinkProperties with empty dns2!
07-08 06:55:06.904   143   200 D DhcpInfoInternal: makeLinkProperties with empty dns2!
07-08 06:55:25.104 14258 14261 D dalvikvm: GC_CONCURRENT freed 448K, 8% free 10234K/11015K, paused 2ms+3ms
07-08 06:55:54.299 17732 17732 I PhoneLab-Locks: wake lock acquired
07-08 06:55:54.385 17732 18136 I PhoneLab-PeriodicCheckService: User info is synched
07-08 06:55:54.416 17732 18136 I PhoneLab-PeriodicCheckService: Logger Service is running
07-08 06:55:54.428 17732 17732 I PhoneLab-Locks: wake lock acquired
07-08 06:55:54.432 17732 17732 I PhoneLab-StatusMonitor: Status Monitoring is started
07-08 06:55:54.436 17732 18136 I PhoneLab-Locks: wake lock acquired
07-08 06:55:54.443 17732 18136 I PhoneLab-PeriodicCheckService: Rescheduling periodic checking...
07-08 06:55:54.451 17732 18136 I PhoneLab-Locks: wake lock released
07-08 06:55:54.494 17732 17732 E PhoneLab-PhoneLabManifest: java.io.FileNotFoundException: /data/data/edu.buffalo.cse.phonelab.phonelabservices/files/manifest.xml: open failed: ENOENT (No such file or directory)
07-08 06:55:54.506 17732 17734 D dalvikvm: GC_CONCURRENT freed 489K, 7% free 9088K/9671K, paused 2ms+2ms
07-08 06:55:54.568 17732 17732 I PhoneLab-Locks: wake lock released
07-08 06:55:54.568 17732 17732 I PhoneLab-UploadLogs: Transfering log files now
07-08 06:55:54.826 17732 17732 D dalvikvm: GC_FOR_ALLOC freed 303K, 6% free 9163K/9671K, paused 14ms
07-08 06:55:54.850 17732 17732 D dalvikvm: GC_FOR_ALLOC freed 53K, 6% free 9199K/9735K, paused 14ms
07-08 06:55:54.850 17732 17732 I dalvikvm-heap: Grow heap (frag case) to 9.170MB for 123476-byte allocation
07-08 06:55:54.865 17732 17732 D dalvikvm: GC_FOR_ALLOC freed 56K, 7% free 9263K/9863K, paused 13ms
07-08 06:55:54.869 17732 17732 I dalvikvm-heap: Grow heap (frag case) to 9.358MB for 254548-byte allocation
07-08 06:55:54.885 17732 17732 D dalvikvm: GC_FOR_ALLOC freed 120K, 8% free 9391K/10119K, paused 15ms
07-08 06:55:54.889 17732 17732 I dalvikvm-heap: Grow heap (frag case) to 9.733MB for 516692-byte allocation
07-08 06:55:54.912 17732 17734 D dalvikvm: GC_CONCURRENT freed 248K, 10% free 9647K/10631K, paused 3ms+1ms
07-08 06:55:54.916 17732 17732 I PhoneLab-UploadLogs: OnStartCommand
07-08 06:55:55.174 17732 18138 D dalvikvm: GC_FOR_ALLOC freed 383K, 10% free 9631K/10631K, paused 60ms
07-08 06:55:55.189 17732 18138 D dalvikvm: GC_FOR_ALLOC freed 301K, 10% free 9632K/10631K, paused 13ms
07-08 06:55:55.205 17732 18138 D dalvikvm: GC_FOR_ALLOC freed 301K, 10% free 9638K/10631K, paused 13ms
07-08 06:55:56.385   143   308 I ActivityManager: Process com.google.android.apps.docs (pid 17570) has died.
07-08 06:55:58.154 17732 17732 I PhoneLab-: 1341743365898.log is deleted
07-08 06:55:58.154 17732 17732 I PhoneLab-: Response: {"data": "done", "err": ""}
07-08 06:55:58.170 17732 17732 I PhoneLab-UploadLogs: No log files to transfer
07-08 06:55:58.170 17732 17732 I PhoneLab-Locks: wake lock released
07-08 06:56:04.865 17732 17745 I PhoneLab-: Service Running
07-08 06:56:04.963 17732 17745 I PhoneLab-LoggerService: app_37    1296  1     1436   996   c00f181c 400107b4 S logcat
07-08 06:56:04.963 17732 17745 I PhoneLab-LoggerService: Logcat pid from database 1296
07-08 06:56:04.963 17732 17745 I PhoneLab-LoggerService: Logcat process found 1296
07-08 06:56:04.963 17732 17745 I PhoneLab-LoggerService: Checking Threshold
07-08 06:56:25.107 17795 17797 D dalvikvm: GC_CONCURRENT freed 501K, 6% free 10786K/11463K, paused 1ms+10ms
07-08 06:57:25.193 14258 14261 D dalvikvm: GC_CONCURRENT freed 456K, 8% free 10233K/11015K, paused 2ms+2ms
07-08 06:57:31.748   143   200 D DhcpInfoInternal: makeLinkProperties with empty dns2!
07-08 06:57:31.760   143   200 D DhcpInfoInternal: makeLinkProperties with empty dns2!
07-08 06:58:04.865 17732 17745 I PhoneLab-: Service Running
07-08 06:58:04.943 17732 17734 D dalvikvm: GC_CONCURRENT freed 887K, 14% free 9166K/10631K, paused 2ms+5ms
07-08 06:58:04.951 17732 17745 I PhoneLab-LoggerService: app_37    1296  1     1436   996   c00f181c 400107b4 S logcat
07-08 06:58:04.951 17732 17745 I PhoneLab-LoggerService: Logcat pid from database 1296
07-08 06:58:04.959 17732 17745 I PhoneLab-LoggerService: Logcat process found 1296
07-08 06:58:04.959 17732 17745 I PhoneLab-LoggerService: Checking Threshold
07-08 06:58:25.236 17795 17797 D dalvikvm: GC_CONCURRENT freed 908K, 10% free 10392K/11463K, paused 2ms+4ms
07-08 06:59:07.342   305   776 I EventLogService: Aggregate from 1341743347200 (log), 1341743347200 (data)
07-08 06:59:25.283 14258 14261 D dalvikvm: GC_CONCURRENT freed 456K, 8% free 10234K/11015K, paused 2ms+3ms
07-08 06:59:56.400   143   200 D DhcpInfoInternal: makeLinkProperties with empty dns2!
07-08 06:59:56.400   143   200 D DhcpInfoInternal: makeLinkProperties with empty dns2!
07-08 07:00:04.865 17732 17745 I PhoneLab-: Service Running
07-08 07:00:04.951 17732 17745 I PhoneLab-LoggerService: app_37    1296  1     1436   996   c00f181c 400107b4 S logcat
07-08 07:00:04.951 17732 17745 I PhoneLab-LoggerService: Logcat pid from database 1296
07-08 07:00:04.951 17732 17745 I PhoneLab-LoggerService: Logcat process found 1296
07-08 07:00:04.955 17732 17745 I PhoneLab-LoggerService: Checking Threshold
07-08 07:00:18.498 17709 17711 D dalvikvm: GC_CONCURRENT freed 944K, 15% free 11515K/13511K, paused 25ms+3ms
07-08 07:00:19.564 17709 18186 I DatabaseHelper: Begin cleanup.
07-08 07:00:19.631 17709 18186 I DatabaseHelper: Cleaned up: 0
07-08 07:00:25.350 17795 17797 D dalvikvm: GC_CONCURRENT freed 510K, 10% free 10393K/11463K, paused 2ms+7ms
07-08 07:01:25.447 14258 14261 D dalvikvm: GC_CONCURRENT freed 462K, 8% free 10236K/11015K, paused 2ms+2ms
07-08 07:01:49.049   143   175 I ActivityManager: Start proc com.google.android.maps.mytracks for service com.google.android.maps.mytracks/com.google.android.apps.mytracks.services.RemoveTempFilesService: pid=18193 uid=10072 gids={3003, 3002, 3001, 1015}
07-08 07:01:49.092 18193 18193 I dalvikvm: Turning on JNI app bug workarounds for target SDK version 7...
07-08 07:01:49.342 18193 18193 I ActivityThread: Pub com.google.android.maps.mytracks.search: com.google.android.apps.mytracks.content.SearchEngineProvider
07-08 07:01:49.350 18193 18193 I ActivityThread: Pub com.google.android.maps.mytracks: com.google.android.apps.mytracks.content.MyTracksProvider
07-08 07:02:04.865 17732 17745 I PhoneLab-: Service Running
07-08 07:02:04.943 17732 17745 I PhoneLab-LoggerService: app_37    1296  1     1436   996   c00f181c 400107b4 S logcat
07-08 07:02:04.943 17732 17745 I PhoneLab-LoggerService: Logcat pid from database 1296
07-08 07:02:04.943 17732 17745 I PhoneLab-LoggerService: Logcat process found 1296
07-08 07:02:04.943 17732 17745 I PhoneLab-LoggerService: Checking Threshold
07-08 07:02:21.107   143   200 D DhcpInfoInternal: makeLinkProperties with empty dns2!
07-08 07:02:21.107   143   200 D DhcpInfoInternal: makeLinkProperties with empty dns2!
07-08 07:02:25.467 17795 17797 D dalvikvm: GC_CONCURRENT freed 507K, 10% free 10397K/11463K, paused 2ms+13ms
07-08 07:02:25.818 14258 14261 D dalvikvm: GC_CONCURRENT freed 468K, 8% free 10205K/11015K, paused 2ms+10ms
07-08 07:03:25.135 17795 17797 D dalvikvm: GC_CONCURRENT freed 299K, 9% free 10517K/11463K, paused 11ms+5ms
07-08 07:03:25.506   143   145 D dalvikvm: GC_CONCURRENT freed 1846K, 16% free 16775K/19847K, paused 3ms+7ms
07-08 07:03:25.627 14258 14261 D dalvikvm: GC_CONCURRENT freed 413K, 7% free 10261K/11015K, paused 2ms+3ms
07-08 07:04:04.865 17732 17745 I PhoneLab-: Service Running
07-08 07:04:04.951 17732 17745 I PhoneLab-LoggerService: app_37    1296  1     1436   996   c00f181c 400107b4 S logcat
07-08 07:04:04.951 17732 17745 I PhoneLab-LoggerService: Logcat pid from database 1296
07-08 07:04:04.951 17732 17745 I PhoneLab-LoggerService: Logcat process found 1296
07-08 07:04:04.951 17732 17745 I PhoneLab-LoggerService: Checking Threshold
07-08 07:04:24.221   143   155 I ActivityManager: No longer want com.whatsapp (pid 17139): hidden #16
07-08 07:04:24.225   143   311 W ActivityManager: Scheduling restart of crashed service com.whatsapp/.messaging.MessageService in 5000ms
07-08 07:04:25.537 17795 17797 D dalvikvm: GC_CONCURRENT freed 497K, 9% free 10532K/11463K, paused 2ms+2ms
07-08 07:04:29.248   143   160 I ActivityManager: Start proc com.whatsapp for service com.whatsapp/.messaging.MessageService: pid=18240 uid=10068 gids={1015, 3003}
07-08 07:04:29.256 18240 18240 I dalvikvm: Turning on JNI app bug workarounds for target SDK version 7...
07-08 07:04:29.260   143   154 I ActivityManager: No longer want com.android.sprintmenu (pid 17167): hidden #16
07-08 07:04:29.271   143  1922 W ActivityManager: Scheduling restart of crashed service com.android.sprintmenu/.HiddenPhoneService in 5000ms
07-08 07:04:29.514 18240 18242 D dalvikvm: GC_CONCURRENT freed 169K, 3% free 9364K/9607K, paused 8ms+2ms
07-08 07:04:29.799   143   387 D dalvikvm: GC_EXPLICIT freed 266K, 17% free 16655K/19847K, paused 5ms+5ms
07-08 07:04:29.947 18240 18242 D dalvikvm: GC_CONCURRENT freed 292K, 4% free 9608K/9991K, paused 3ms+4ms
07-08 07:04:30.182 18240 18240 I dalvikvm: Could not find method android.media.MediaMetadataRetriever.captureFrame, referenced from method com.whatsapp.q3.a
07-08 07:04:30.182 18240 18240 W dalvikvm: VFY: unable to resolve virtual method 502: Landroid/media/MediaMetadataRetriever;.captureFrame ()Landroid/graphics/Bitmap;
07-08 07:04:30.182 18240 18240 D dalvikvm: VFY: replacing opcode 0x6e at 0x0134
07-08 07:04:30.334 18240 18242 D dalvikvm: GC_CONCURRENT freed 304K, 5% free 9815K/10247K, paused 4ms+3ms
07-08 07:04:30.346   143   143 I ActivityManager: Process com.google.android.youtube (pid 17524) has died.
07-08 07:04:30.498 18240 18242 D dalvikvm: GC_CONCURRENT freed 288K, 4% free 9972K/10375K, paused 2ms+4ms
07-08 07:04:32.131 18240 18242 D dalvikvm: GC_CONCURRENT freed 289K, 4% free 10136K/10503K, paused 2ms+7ms
07-08 07:04:34.318   143   160 I ActivityManager: Start proc com.android.sprintmenu for service com.android.sprintmenu/.HiddenPhoneService: pid=18268 uid=1001 gids={3002, 3001, 3003, 1015}
07-08 07:04:45.998   143   200 D DhcpInfoInternal: makeLinkProperties with empty dns2!
07-08 07:04:46.014   143   200 D DhcpInfoInternal: makeLinkProperties with empty dns2!
07-08 07:05:25.717 14258 14261 D dalvikvm: GC_CONCURRENT freed 477K, 7% free 10298K/11015K, paused 2ms+3ms
07-08 07:06:04.865 17732 17745 I PhoneLab-: Service Running
07-08 07:06:04.963 17732 17745 I PhoneLab-LoggerService: app_37    1296  1     1436   996   c00f181c 400107b4 S logcat
07-08 07:06:04.963 17732 17745 I PhoneLab-LoggerService: Logcat pid from database 1296
07-08 07:06:04.963 17732 17745 I PhoneLab-LoggerService: Logcat process found 1296
07-08 07:06:04.963 17732 17745 I PhoneLab-LoggerService: Checking Threshold
07-08 07:06:25.689 17795 17797 D dalvikvm: GC_CONCURRENT freed 517K, 9% free 10526K/11463K, paused 2ms+2ms
07-08 07:07:10.865   143   200 D DhcpInfoInternal: makeLinkProperties with empty dns2!
07-08 07:07:10.869   143   200 D DhcpInfoInternal: makeLinkProperties with empty dns2!
07-08 07:07:25.814 14258 14261 D dalvikvm: GC_CONCURRENT freed 545K, 7% free 10263K/11015K, paused 2ms+3ms
07-08 07:07:27.131   221   223 D dalvikvm: GC_CONCURRENT freed 451K, 31% free 9916K/14215K, paused 41ms+3ms
07-08 07:08:04.865 17732 17745 I PhoneLab-: Service Running
07-08 07:08:04.963 17732 17745 I PhoneLab-LoggerService: app_37    1296  1     1436   996   c00f181c 400107b4 S logcat
07-08 07:08:04.963 17732 17745 I PhoneLab-LoggerService: Logcat pid from database 1296
07-08 07:08:04.963 17732 17745 I PhoneLab-LoggerService: Logcat process found 1296
07-08 07:08:04.963 17732 17745 I PhoneLab-LoggerService: Checking Threshold
07-08 07:08:25.811 17795 17797 D dalvikvm: GC_CONCURRENT freed 509K, 9% free 10529K/11463K, paused 2ms+2ms
07-08 07:09:25.986 14258 14261 D dalvikvm: GC_CONCURRENT freed 533K, 8% free 10242K/11015K, paused 2ms+2ms
07-08 07:09:35.748   143   200 D DhcpInfoInternal: makeLinkProperties with empty dns2!
07-08 07:09:35.756   143   200 D DhcpInfoInternal: makeLinkProperties with empty dns2!
07-08 07:10:04.865 17732 17745 I PhoneLab-: Service Running
07-08 07:10:04.939 17732 17745 I PhoneLab-LoggerService: app_37    1296  1     1436   996   c00f181c 400107b4 S logcat
07-08 07:10:04.939 17732 17745 I PhoneLab-LoggerService: Logcat pid from database 1296
07-08 07:10:04.939 17732 17745 I PhoneLab-LoggerService: Logcat process found 1296
07-08 07:10:04.939 17732 17745 I PhoneLab-LoggerService: Checking Threshold
07-08 07:10:22.455 17709 17711 D dalvikvm: GC_CONCURRENT freed 668K, 15% free 11566K/13511K, paused 2ms+3ms
07-08 07:10:25.932   305   309 D dalvikvm: GC_CONCURRENT freed 358K, 5% free 10523K/11015K, paused 12ms+7ms
07-08 07:10:25.951 17795 17797 D dalvikvm: GC_CONCURRENT freed 510K, 9% free 10530K/11463K, paused 2ms+11ms
07-08 07:11:26.053 14258 14258 D dalvikvm: GC_EXPLICIT freed 324K, 8% free 10208K/11015K, paused 3ms+3ms
07-08 07:11:43.479   143   182 I InputReader: Dropping virtual key from device cypress-touchkey because virtual keys are temporarily disabled for the next 242.640ms.  keyCode=3, scanCode=102
07-08 07:11:43.674   143   182 I InputReader: Dropping key up from device cypress-touchkey because the key was not down.  keyCode=3, scanCode=102
07-08 07:11:46.229   143   182 I InputReader: Dropping virtual key from device cypress-touchkey because virtual keys are temporarily disabled for the next 248.203ms.  keyCode=3, scanCode=102
07-08 07:11:46.291   143   182 I InputReader: Dropping key up from device cypress-touchkey because the key was not down.  keyCode=3, scanCode=102
07-08 07:11:46.740   344   344 D SAN_SERVICE: *******************************************
07-08 07:11:46.740   344   344 D SAN_SERVICE: DM App Phone Service State - 0
07-08 07:11:46.740   344   344 D SAN_SERVICE: *******************************************
07-08 07:11:46.783   344   350 D dalvikvm: GC_CONCURRENT freed 436K, 6% free 9492K/10055K, paused 3ms+3ms
07-08 07:12:00.615   143   200 D DhcpInfoInternal: makeLinkProperties with empty dns2!
07-08 07:12:00.627   143   200 D DhcpInfoInternal: makeLinkProperties with empty dns2!
07-08 07:12:04.865 17732 17745 I PhoneLab-: Service Running
07-08 07:12:04.928 17732 17745 I PhoneLab-LoggerService: app_37    1296  1     1436   996   c00f181c 400107b4 S logcat
07-08 07:12:04.928 17732 17745 I PhoneLab-LoggerService: Logcat pid from database 1296
07-08 07:12:04.928 17732 17745 I PhoneLab-LoggerService: Logcat process found 1296
07-08 07:12:04.928 17732 17745 I PhoneLab-LoggerService: Checking Threshold
07-08 07:12:26.096 17795 17797 D dalvikvm: GC_CONCURRENT freed 511K, 9% free 10531K/11463K, paused 2ms+2ms
07-08 07:12:26.217 14258 14261 D dalvikvm: GC_CONCURRENT freed 435K, 7% free 10257K/11015K, paused 2ms+3ms
07-08 07:14:04.865 17732 17745 I PhoneLab-: Service Running
07-08 07:14:04.971 17732 17734 D dalvikvm: GC_CONCURRENT freed 423K, 14% free 9147K/10631K, paused 1ms+3ms
07-08 07:14:04.986 17732 17745 I PhoneLab-LoggerService: app_37    1296  1     1436   996   c00f181c 400107b4 S logcat
07-08 07:14:04.986 17732 17745 I PhoneLab-LoggerService: Logcat pid from database 1296
07-08 07:14:04.986 17732 17745 I PhoneLab-LoggerService: Logcat process found 1296
07-08 07:14:04.986 17732 17745 I PhoneLab-LoggerService: Checking Threshold
07-08 07:14:25.498   143   200 D DhcpInfoInternal: makeLinkProperties with empty dns2!
07-08 07:14:25.510   143   200 D DhcpInfoInternal: makeLinkProperties with empty dns2!
07-08 07:14:26.197 17795 17797 D dalvikvm: GC_CONCURRENT freed 514K, 9% free 10528K/11463K, paused 2ms+2ms
07-08 07:14:26.330 14258 14261 D dalvikvm: GC_CONCURRENT freed 506K, 7% free 10262K/11015K, paused 2ms+3ms
07-08 07:14:29.807   143   145 D dalvikvm: GC_CONCURRENT freed 1524K, 15% free 16915K/19847K, paused 8ms+8ms
07-08 07:15:24.971   143   403 D dalvikvm: GC_EXPLICIT freed 269K, 16% free 16794K/19847K, paused 2ms+6ms
07-08 07:15:25.811 17709 17711 D dalvikvm: GC_CONCURRENT freed 681K, 15% free 11615K/13511K, paused 2ms+3ms
07-08 07:16:04.865 17732 17745 I PhoneLab-: Service Running
07-08 07:16:04.982 17732 17745 I PhoneLab-LoggerService: app_37    1296  1     1436   996   c00f181c 400107b4 S logcat
07-08 07:16:04.982 17732 17745 I PhoneLab-LoggerService: Logcat pid from database 1296
07-08 07:16:04.982 17732 17745 I PhoneLab-LoggerService: Logcat process found 1296
07-08 07:16:04.982 17732 17745 I PhoneLab-LoggerService: Checking Threshold
07-08 07:16:22.318   143   182 I InputReader: Dropping virtual key from device cypress-touchkey because virtual keys are temporarily disabled for the next 207.471ms.  keyCode=3, scanCode=102
07-08 07:16:22.658   143   182 I InputReader: Dropping key up from device cypress-touchkey because the key was not down.  keyCode=3, scanCode=102
07-08 07:16:22.834   143   173 I power   : *** set_screen_state 0
07-08 07:16:22.885    78   121 D SurfaceFlinger: About to give-up screen, flinger = 0x1ddb918
07-08 07:16:23.104   143   177 V TransportControlView: Create TCV com.android.internal.widget.TransportControlView@417714d0
07-08 07:16:23.467   143   177 I power   : *** set_screen_state 1
07-08 07:16:23.561   143   177 I WindowManager: Lock screen displayed!
07-08 07:16:23.674    78   121 D SurfaceFlinger: Screen about to return, flinger = 0x1ddb918
07-08 07:16:26.314 17795 17797 D dalvikvm: GC_CONCURRENT freed 507K, 9% free 10532K/11463K, paused 2ms+3ms
07-08 07:16:26.432 14258 14261 D dalvikvm: GC_CONCURRENT freed 490K, 7% free 10283K/11015K, paused 1ms+2ms
07-08 07:16:27.045   221   221 D PhoneStatusBar: disable: < expand icons alerts ticker system_info BACK HOME recent* CLOCK >
07-08 07:16:27.088   221   221 D PhoneStatusBar: disable: < expand icons alerts ticker system_info back* home* recent clock* >
07-08 07:16:27.088   143   154 W InputManagerService: Window already focused, ignoring focus gain of: com.android.internal.view.IInputMethodClient$Stub$Proxy@41770160
07-08 07:16:27.693 15135 15138 D dalvikvm: GC_CONCURRENT freed 237K, 5% free 9844K/10311K, paused 7ms+4ms
07-08 07:16:28.311   305   309 D dalvikvm: GC_CONCURRENT freed 458K, 6% free 10491K/11079K, paused 2ms+4ms
07-08 07:16:35.135   143   155 I ActivityManager: START {act=android.intent.action.MAIN cat=[android.intent.category.LAUNCHER] flg=0x10000000 pkg=com.whatsapp cmp=com.whatsapp/.Main bnds=[360,405][480,555]} from pid 371
07-08 07:16:35.283   143   387 I ActivityManager: START {cmp=com.whatsapp/.Conversations} from pid 18240
07-08 07:16:35.350   371   371 D OpenGLRenderer: Flushing caches (mode 1)
07-08 07:16:35.369   371   371 D OpenGLRenderer: Flushing caches (mode 0)
07-08 07:16:35.475 18240 18242 D dalvikvm: GC_CONCURRENT freed 401K, 5% free 10247K/10759K, paused 11ms+3ms
07-08 07:16:35.498 18240 18240 D dalvikvm: GC_FOR_ALLOC freed 6K, 5% free 10241K/10759K, paused 21ms
07-08 07:16:35.498 18240 18240 I dalvikvm-heap: Grow heap (frag case) to 10.217MB for 155248-byte allocation
07-08 07:16:35.529 18240 18240 D dalvikvm: GC_FOR_ALLOC freed <1K, 6% free 10392K/10951K, paused 19ms
07-08 07:16:35.635   221   221 V PhoneStatusBar: setLightsOn(true)
07-08 07:16:35.795   143   159 I Process : Sending signal. PID: 18240 SIG: 3
07-08 07:16:35.795 18240 18245 I dalvikvm: threadid=3: reacting to signal 3
07-08 07:16:35.854 18240 18245 I dalvikvm: Wrote stack traces to '/data/anr/traces.txt'
07-08 07:16:35.920   143   176 I ActivityManager: Displayed com.whatsapp/.Conversations: +630ms (total +742ms)
07-08 07:16:36.018 18240 18419 D dalvikvm: GC_FOR_ALLOC freed 88K, 4% free 10612K/11015K, paused 21ms
07-08 07:16:36.107 15135 15138 D dalvikvm: GC_CONCURRENT freed 451K, 6% free 9788K/10375K, paused 2ms+3ms
07-08 07:16:36.943   143   400 I ActivityManager: START {cmp=com.whatsapp/.ContactPicker} from pid 18240
07-08 07:16:37.049   143   400 D dalvikvm: GC_FOR_ALLOC freed 1544K, 16% free 16852K/19847K, paused 74ms
07-08 07:16:37.158 18240 18242 D dalvikvm: GC_CONCURRENT freed 333K, 5% free 10763K/11271K, paused 2ms+3ms
07-08 07:16:37.256   221   221 V PhoneStatusBar: setLightsOn(true)
07-08 07:16:37.424   143   176 I ActivityManager: Displayed com.whatsapp/.ContactPicker: +352ms
07-08 07:16:37.666   143  2263 D dalvikvm: GC_EXPLICIT freed 984K, 20% free 16052K/19847K, paused 3ms+6ms
07-08 07:16:37.748 18240 18242 D dalvikvm: GC_CONCURRENT freed 232K, 3% free 11089K/11399K, paused 2ms+4ms
07-08 07:16:37.846 15135 15147 D dalvikvm: GC_EXPLICIT freed 198K, 7% free 9718K/10375K, paused 3ms+3ms
07-08 07:16:37.908 18240 18421 D dalvikvm: GC_EXPLICIT freed 130K, 4% free 11007K/11399K, paused 2ms+3ms
07-08 07:16:38.502 18240 18242 D dalvikvm: GC_CONCURRENT freed 396K, 5% free 11296K/11783K, paused 3ms+5ms
07-08 07:16:38.736 18240 18242 D dalvikvm: GC_CONCURRENT freed 448K, 6% free 11557K/12167K, paused 3ms+4ms
07-08 07:16:38.760 18240 18240 D dalvikvm: GC_FOR_ALLOC freed 1K, 5% free 11745K/12359K, paused 22ms
07-08 07:16:38.799 18240 18240 D dalvikvm: GC_FOR_ALLOC freed <1K, 5% free 12124K/12743K, paused 23ms
07-08 07:16:38.896 18240 18240 D dalvikvm: GC_FOR_ALLOC freed 61K, 5% free 12486K/13127K, paused 24ms
07-08 07:16:39.967 15135 15147 D dalvikvm: GC_EXPLICIT freed 216K, 6% free 9760K/10375K, paused 17ms+5ms
07-08 07:16:40.307 18240 18242 D dalvikvm: GC_CONCURRENT freed 791K, 7% free 12778K/13703K, paused 3ms+5ms
07-08 07:16:40.947 18240 18421 D dalvikvm: GC_EXPLICIT freed 374K, 8% free 12950K/13959K, paused 5ms+5ms
07-08 07:16:42.025   143   400 D dalvikvm: GC_EXPLICIT freed 198K, 20% free 16055K/19847K, paused 3ms+6ms
07-08 07:16:42.529   143   143 I ActivityManager: START {flg=0x14000000 cmp=com.whatsapp/.Conversation (has extras)} from pid 18240
07-08 07:16:42.541   221   221 V PhoneStatusBar: setLightsOn(true)
07-08 07:16:42.557   143   403 W InputManagerService: Focus gain on non-focused client com.android.internal.view.IInputMethodClient$Stub$Proxy@417acb70 (uid=10068 pid=18240)
07-08 07:16:42.686 18240 18242 D dalvikvm: GC_CONCURRENT freed 686K, 6% free 13498K/14279K, paused 3ms+5ms
07-08 07:16:42.768 18240 18240 D skia    : --- SkImageDecoder::Factory returned null
07-08 07:16:42.885   221   221 V PhoneStatusBar: setLightsOn(true)
07-08 07:16:42.943   143   176 I ActivityManager: Displayed com.whatsapp/.Conversation: +396ms
07-08 07:16:43.037   325   327 D dalvikvm: GC_CONCURRENT freed 361K, 16% free 10172K/12103K, paused 2ms+13ms
07-08 07:16:43.115   325   325 D dalvikvm: GC_FOR_ALLOC freed 326K, 18% free 10010K/12103K, paused 17ms
07-08 07:16:43.119   325   325 I dalvikvm-heap: Grow heap (frag case) to 10.550MB for 739216-byte allocation
07-08 07:16:43.139   325   325 D dalvikvm: GC_FOR_ALLOC freed 5K, 12% free 10726K/12103K, paused 21ms
07-08 07:16:43.334   221   223 D dalvikvm: GC_CONCURRENT freed 196K, 29% free 10140K/14215K, paused 2ms+5ms
07-08 07:16:43.400   221   223 D dalvikvm: GC_CONCURRENT freed 511K, 30% free 10083K/14215K, paused 2ms+5ms
07-08 07:16:43.455 15135 17682 D dalvikvm: GC_EXPLICIT freed 254K, 6% free 9766K/10375K, paused 226ms+10ms
07-08 07:16:43.521   221   223 D dalvikvm: GC_CONCURRENT freed 512K, 30% free 9976K/14215K, paused 2ms+6ms
07-08 07:16:45.322   221   221 D dalvikvm: GC_FOR_ALLOC freed 404K, 31% free 9940K/14215K, paused 23ms
07-08 07:16:45.381   221   223 D dalvikvm: GC_CONCURRENT freed 314K, 30% free 10072K/14215K, paused 2ms+2ms
07-08 07:16:45.502   221   223 D dalvikvm: GC_CONCURRENT freed 516K, 30% free 9971K/14215K, paused 2ms+4ms
07-08 07:16:45.908   221   221 V PhoneStatusBar: setLightsOn(true)
07-08 07:16:46.209   143   403 W InputManagerService: Starting input on non-focused client com.android.internal.view.IInputMethodClient$Stub$Proxy@417acb70 (uid=10068 pid=18240)
07-08 07:16:46.213 18240 18240 W IInputConnectionWrapper: showStatusIcon on inactive InputConnection
07-08 07:16:46.971   143 11000 I ActivityManager: Process com.facebook.katana (pid 16784) has died.
07-08 07:16:46.971   143 11000 W ActivityManager: Scheduling restart of crashed service com.facebook.katana/.service.MediaUploadService in 5000ms
07-08 07:16:48.232   143   173 I power   : *** set_screen_state 0
07-08 07:16:48.295    78   121 D SurfaceFlinger: About to give-up screen, flinger = 0x1ddb918
07-08 07:16:48.393   143   177 V TransportControlView: Create TCV com.android.internal.widget.TransportControlView@418a4dc0
07-08 07:16:48.428   221   221 D PhoneStatusBar: disable: < expand icons alerts ticker system_info back home RECENT* clock >
07-08 07:16:48.459   221   221 D PhoneStatusBar: disable: < expand icons alerts ticker system_info BACK* HOME* RECENT CLOCK* >
07-08 07:16:49.029   143   175 I ActivityManager: Start proc com.google.android.apps.plus for service com.google.android.apps.plus/.service.EsService: pid=18426 uid=10060 gids={3003, 3002, 1015, 1006}
07-08 07:16:49.041  7174  7174 W GeckoBatteryManager: When charging, level should increase!
07-08 07:16:49.420 18426 18429 D dalvikvm: GC_CONCURRENT freed 167K, 3% free 9368K/9607K, paused 3ms+14ms
07-08 07:16:49.729 18426 18426 I ActivityThread: Pub com.google.android.apps.plus.content.ApiProvider: com.google.android.apps.plus.content.EsApiProvider
07-08 07:16:49.760 18426 18426 I ActivityThread: Pub com.google.android.apps.plus.content.EsGooglePhotoProvider: com.google.android.picasasync.PicasaContentProvider
07-08 07:16:49.896 18426 18429 D dalvikvm: GC_CONCURRENT freed 336K, 5% free 9580K/9991K, paused 2ms+13ms
07-08 07:16:49.947 18426 18426 I ActivityThread: Pub com.google.android.apps.plus.content.EsPicasaStoreProvider: com.google.android.picasastore.PicasaPhotoContentProvider
07-08 07:16:49.994 18426 18426 I ActivityThread: Pub com.google.plus.platform: com.google.android.apps.plus.content.AdsProvider
07-08 07:16:49.994 18426 18426 I ActivityThread: Pub com.google.android.apps.plus.iu.EsGoogleIuProvider: com.google.android.apps.plus.iu.InstantUploadProvider
07-08 07:16:50.080   143 11000 I ActivityManager: Start proc android.process.media for content provider com.android.providers.media/.MediaProvider: pid=18443 uid=10012 gids={1015, 1023, 1024, 2001, 3003, 3007}
07-08 07:16:50.158 18426 18429 D dalvikvm: GC_CONCURRENT freed 500K, 6% free 9608K/10183K, paused 2ms+2ms
07-08 07:16:50.162 18426 18426 I ActivityThread: Pub com.google.android.apps.plus.content.EsProvider: com.google.android.apps.plus.content.EsProvider
07-08 07:16:50.213 18443 18443 I ActivityThread: Pub downloads: com.android.providers.downloads.DownloadProvider
07-08 07:16:50.279 18443 18443 I ActivityThread: Pub drm: com.android.providers.drm.DrmProvider
07-08 07:16:50.283 18443 18465 I DownloadManager: in removeSpuriousFiles
07-08 07:16:50.291 18443 18443 I ActivityThread: Pub media: com.android.providers.media.MediaProvider
07-08 07:16:50.334 18443 18465 I DownloadManager: in removeSpuriousFiles, preserving file /data/data/com.android.providers.downloads/cache/metadata.json
07-08 07:16:50.334 18443 18465 I DownloadManager: in removeSpuriousFiles, preserving file /data/data/com.android.providers.downloads/cache/en_general.htm
07-08 07:16:50.334 18443 18465 I DownloadManager: in removeSpuriousFiles, preserving file /mnt/sdcard/Download/img-thing.jpeg
07-08 07:16:50.338 18443 18465 I DownloadManager: in removeSpuriousFiles, preserving file /data/data/com.android.providers.downloads/cache/metadata-1.json
07-08 07:16:50.338 18443 18465 I DownloadManager: in removeSpuriousFiles, preserving file /data/data/com.android.providers.downloads/cache/downloadfile.jpeg
07-08 07:16:50.338 18443 18465 I DownloadManager: in removeSpuriousFiles, preserving file /data/data/com.android.providers.downloads/cache/metadata-2.json
07-08 07:16:50.338 18443 18465 I DownloadManager: in removeSpuriousFiles, preserving file /data/data/com.android.providers.downloads/cache/metadata-3.json
07-08 07:16:50.338 18443 18465 I DownloadManager: in removeSpuriousFiles, preserving file /data/data/com.android.providers.downloads/cache/downloadfile-1.jpeg
07-08 07:16:50.338 18443 18465 I DownloadManager: in removeSpuriousFiles, preserving file /data/data/com.android.providers.downloads/cache/downloadfile-2.jpeg
07-08 07:16:50.342 18443 18465 I DownloadManager: in removeSpuriousFiles, preserving file /data/data/com.android.providers.downloads/cache/metadata-4.json
07-08 07:16:50.342 18443 18465 I DownloadManager: in removeSpuriousFiles, preserving file /data/data/com.android.providers.downloads/cache/downloadfile-1.apk
07-08 07:16:50.342 18443 18465 I DownloadManager: deleting spurious file /cache/backup
07-08 07:16:50.553   143   200 D DhcpInfoInternal: makeLinkProperties with empty dns2!
07-08 07:16:50.553   143   200 D DhcpInfoInternal: makeLinkProperties with empty dns2!
07-08 07:16:50.686 18443 18445 D dalvikvm: GC_CONCURRENT freed 379K, 5% free 9156K/9607K, paused 2ms+10ms
07-08 07:16:51.213 18426 18442 D PicasaPhotoCP: set fsid first time:-1
07-08 07:16:51.291   143   145 D dalvikvm: GC_CONCURRENT freed 723K, 15% free 16966K/19847K, paused 3ms+6ms
07-08 07:16:51.314 18426 18429 D dalvikvm: GC_CONCURRENT freed 229K, 4% free 9848K/10247K, paused 3ms+2ms
07-08 07:16:51.475 18426 18429 D dalvikvm: GC_CONCURRENT freed 124K, 3% free 10150K/10375K, paused 2ms+1ms
07-08 07:16:51.576 18426 18429 D dalvikvm: GC_CONCURRENT freed 266K, 4% free 10328K/10695K, paused 2ms+3ms
07-08 07:16:51.627 18426 18462 D dalvikvm: GC_FOR_ALLOC freed 114K, 4% free 10455K/10823K, paused 21ms
07-08 07:16:51.666 18426 18429 D dalvikvm: GC_CONCURRENT freed 131K, 3% free 10776K/11079K, paused 2ms+2ms
07-08 07:16:51.709 18426 18462 D dalvikvm: GC_FOR_ALLOC freed 493K, 7% free 10768K/11463K, paused 23ms
07-08 07:16:51.732 18426 18462 D dalvikvm: GC_FOR_ALLOC freed 369K, 6% free 10824K/11463K, paused 18ms
07-08 07:16:51.752 18426 18462 D dalvikvm: GC_FOR_ALLOC freed 126K, 5% free 10951K/11463K, paused 18ms
07-08 07:16:51.893 18426 18429 D dalvikvm: GC_CONCURRENT freed 346K, 4% free 11214K/11655K, paused 4ms+2ms
07-08 07:16:51.982   143   160 I ActivityManager: Start proc com.facebook.katana for service com.facebook.katana/.service.MediaUploadService: pid=18481 uid=10071 gids={3003, 1006, 1015}
07-08 07:16:51.994 18481 18481 I dalvikvm: Turning on JNI app bug workarounds for target SDK version 7...
07-08 07:16:52.076 18426 18429 D dalvikvm: GC_CONCURRENT freed 138K, 3% free 11733K/11975K, paused 4ms+6ms
07-08 07:16:52.170 18481 18484 D dalvikvm: GC_CONCURRENT freed 171K, 3% free 9365K/9607K, paused 2ms+2ms
07-08 07:16:52.307 18481 18484 D dalvikvm: GC_CONCURRENT freed 131K, 3% free 9663K/9927K, paused 16ms+2ms
07-08 07:16:52.424 18481 18481 I ActivityThread: Pub com.facebook.katana.provider.LoggingProvider: com.facebook.katana.provider.LoggingProvider
07-08 07:16:52.439 18481 18481 I ActivityThread: Pub com.facebook.katana.provider.KeyValueProvider: com.facebook.katana.provider.KeyValueProvider
07-08 07:16:52.443 18481 18481 I ActivityThread: Pub com.facebook.katana.provider.CacheProvider: com.facebook.katana.provider.CacheProvider
07-08 07:16:52.443 18481 18481 I ActivityThread: Pub com.facebook.katana.provider.MailboxProvider: com.facebook.katana.provider.MailboxProvider
07-08 07:16:52.451 18481 18481 I ActivityThread: Pub com.facebook.katana.provider.UserStatusesProvider: com.facebook.katana.provider.UserStatusesProvider
07-08 07:16:52.455 18481 18481 I ActivityThread: Pub com.facebook.katana.provider.EventsProvider: com.facebook.katana.provider.EventsProvider
07-08 07:16:52.455 18481 18481 I ActivityThread: Pub com.facebook.katana.provider.NotificationsProvider: com.facebook.katana.provider.NotificationsProvider
07-08 07:16:52.455 18481 18481 I ActivityThread: Pub com.facebook.katana.provider.UserValuesProvider: com.facebook.katana.provider.UserValuesProvider
07-08 07:16:52.455 18481 18481 I ActivityThread: Pub com.facebook.katana.provider.PagesProvider: com.facebook.katana.provider.PagesProvider
07-08 07:16:52.455 18481 18481 I ActivityThread: Pub com.facebook.katana.provider.MobileEventLogProvider: com.facebook.katana.provider.MobileEventLogProvider
07-08 07:16:52.455 18481 18481 I ActivityThread: Pub com.facebook.katana.provider.PushNotificationsProvider: com.facebook.katana.provider.PushNotificationsProvider
07-08 07:16:52.459 18481 18481 I ActivityThread: Pub com.facebook.katana.provider.PhotosProvider: com.facebook.katana.provider.PhotosProvider
07-08 07:16:52.463 18481 18481 I ActivityThread: Pub com.facebook.katana.provider.ConnectionsProvider: com.facebook.katana.provider.ConnectionsProvider
07-08 07:16:52.475 18481 18481 I ActivityThread: Pub com.facebook.orca.notify.FbandroidMessagesForegroundProvider: com.facebook.orca.notify.FbandroidMessagesForegroundProvider
07-08 07:16:52.479 18426 18429 D dalvikvm: GC_CONCURRENT freed 545K, 6% free 12019K/12679K, paused 3ms+3ms
07-08 07:16:52.514 18481 18481 D ACRA    : Retrieve application default SharedPreferences.
07-08 07:16:52.521 18481 18481 D ACRA    : Set OnSharedPreferenceChangeListener.
07-08 07:16:52.525 18481 18481 D ACRA    : ACRA is enabled for com.facebook.katana, intializing...
07-08 07:16:52.564   143   308 I ActivityManager: Process com.google.android.apps.maps:NetworkLocationService (pid 17795) has died.
07-08 07:16:52.564   143   308 W ActivityManager: Scheduling restart of crashed service com.google.android.apps.maps/com.google.android.location.internal.server.NetworkLocationService in 5000ms
07-08 07:16:52.627 18481 18481 D ACRA    : Looking for error files in /data/data/com.facebook.katana/app_acra-reports
07-08 07:16:52.760 18481 18481 W nalizableReferenceQueue: Could not load Finalizer in its own class loader.Loading Finalizer in the current class loader instead. As a result, you will not be ableto garbage collect this class loader. To support reclaiming this class loader, eitherresolve the underlying issue, or move Google Collections to your system class path.
07-08 07:16:52.760 18481 18481 W nalizableReferenceQueue: java.io.FileNotFoundException: com/google/common/base/internal/Finalizer.class
07-08 07:16:52.760 18481 18481 W nalizableReferenceQueue: 	at com.google.common.base.FinalizableReferenceQueue$DecoupledLoader.getBaseUrl(FinalizableReferenceQueue.java:243)
07-08 07:16:52.760 18481 18481 W nalizableReferenceQueue: 	at com.google.common.base.FinalizableReferenceQueue$DecoupledLoader.loadFinalizer(FinalizableReferenceQueue.java:227)
07-08 07:16:52.760 18481 18481 W nalizableReferenceQueue: 	at com.google.common.base.FinalizableReferenceQueue.loadFinalizer(FinalizableReferenceQueue.java:155)
07-08 07:16:52.760 18481 18481 W nalizableReferenceQueue: 	at com.google.common.base.FinalizableReferenceQueue.<clinit>(FinalizableReferenceQueue.java:84)
07-08 07:16:52.760 18481 18481 W nalizableReferenceQueue: 	at com.google.common.collect.CustomConcurrentHashMap$QueueHolder.<clinit>(CustomConcurrentHashMap.java:650)
07-08 07:16:52.760 18481 18481 W nalizableReferenceQueue: 	at com.google.common.collect.CustomConcurrentHashMap$WeakEntry.<init>(CustomConcurrentHashMap.java:1342)
07-08 07:16:52.760 18481 18481 W nalizableReferenceQueue: 	at com.google.common.collect.CustomConcurrentHashMap$EntryFactory$9.newEntry(CustomConcurrentHashMap.java:453)
07-08 07:16:52.760 18481 18481 W nalizableReferenceQueue: 	at com.google.common.collect.CustomConcurrentHashMap.a(CustomConcurrentHashMap.java:1715)
07-08 07:16:52.760 18481 18481 W nalizableReferenceQueue: 	at com.google.common.collect.ComputingConcurrentHashMap$ComputingSegment.a(ComputingConcurrentHashMap.java:123)
07-08 07:16:52.760 18481 18481 W nalizableReferenceQueue: 	at com.google.common.collect.ComputingConcurrentHashMap.apply(ComputingConcurrentHashMap.java:71)
07-08 07:16:52.760 18481 18481 W nalizableReferenceQueue: 	at com.google.common.collect.MapMaker$ComputingMapAdapter.get(MapMaker.java:848)
07-08 07:16:52.760 18481 18481 W nalizableReferenceQueue: 	at com.google.inject.internal.Annotations$AnnotationChecker.a(Annotations.java:94)
07-08 07:16:52.760 18481 18481 W nalizableReferenceQueue: 	at com.google.inject.internal.Annotations.c(Annotations.java:112)
07-08 07:16:52.760 18481 18481 W nalizableReferenceQueue: 	at com.google.inject.Key.d(Key.java:369)
07-08 07:16:52.760 18481 18481 W nalizableReferenceQueue: 	at com.google.inject.Key.b(Key.java:356)
07-08 07:16:52.760 18481 18481 W nalizableReferenceQueue: 	at com.google.inject.Key.a(Key.java:267)
07-08 07:16:52.760 18481 18481 W nalizableReferenceQueue: 	at com.facebook.orca.inject.binder.AnnotatedBindingBuilderImpl.a(AnnotatedBindingBuilderImpl.java:22)
07-08 07:16:52.760 18481 18481 W nalizableReferenceQueue: 	at com.facebook.orca.app.FbBaseModule.a(FbBaseModule.java:74)
07-08 07:16:52.760 18481 18481 W nalizableReferenceQueue: 	at com.facebook.orca.inject.AbstractModule.a(AbstractModule.java:19)
07-08 07:16:52.760 18481 18481 W nalizableReferenceQueue: 	at com.facebook.orca.inject.FbInjectorImpl.a(FbInjectorImpl.java:61)
07-08 07:16:52.760 18481 18481 W nalizableReferenceQueue: 	at com.facebook.orca.inject.FbInjectorImpl.<init>(FbInjectorImpl.java:41)
07-08 07:16:52.760 18481 18481 W nalizableReferenceQueue: 	at com.facebook.orca.inject.FbInjector.a(FbInjector.java:40)
07-08 07:16:52.760 18481 18481 W nalizableReferenceQueue: 	at com.facebook.katana.FacebookApplication.onCreate(FacebookApplication.java:86)
07-08 07:16:52.760 18481 18481 W nalizableReferenceQueue: 	at android.app.Instrumentation.callApplicationOnCreate(Instrumentation.java:969)
07-08 07:16:52.760 18481 18481 W nalizableReferenceQueue: 	at android.app.ActivityThread.handleBindApplication(ActivityThread.java:3954)
07-08 07:16:52.760 18481 18481 W nalizableReferenceQueue: 	at android.app.ActivityThread.access$1300(ActivityThread.java:123)
07-08 07:16:52.760 18481 18481 W nalizableReferenceQueue: 	at android.app.ActivityThread$H.handleMessage(ActivityThread.java:1185)
07-08 07:16:52.760 18481 18481 W nalizableReferenceQueue: 	at android.os.Handler.dispatchMessage(Handler.java:99)
07-08 07:16:52.760 18481 18481 W nalizableReferenceQueue: 	at android.os.Looper.loop(Looper.java:137)
07-08 07:16:52.760 18481 18481 W nalizableReferenceQueue: 	at android.app.ActivityThread.main(ActivityThread.java:4424)
07-08 07:16:52.760 18481 18481 W nalizableReferenceQueue: 	at java.lang.reflect.Method.invokeNative(Native Method)
07-08 07:16:52.760 18481 18481 W nalizableReferenceQueue: 	at java.lang.reflect.Method.invoke(Method.java:511)
07-08 07:16:52.760 18481 18481 W nalizableReferenceQueue: 	at com.android.internal.os.ZygoteInit$MethodAndArgsCaller.run(ZygoteInit.java:784)
07-08 07:16:52.760 18481 18481 W nalizableReferenceQueue: 	at com.android.internal.os.ZygoteInit.main(ZygoteInit.java:551)
07-08 07:16:52.760 18481 18481 W nalizableReferenceQueue: 	at dalvik.system.NativeStart.main(Native Method)
07-08 07:16:52.764 18481 18481 I Finalizer: Couldn't access Thread.inheritableThreadLocals. Reference finalizer threads will inherit thread local values.
07-08 07:16:52.775 18481 18484 D dalvikvm: GC_CONCURRENT freed 340K, 5% free 9833K/10247K, paused 2ms+3ms
07-08 07:16:52.818 18426 18429 D dalvikvm: GC_CONCURRENT freed 211K, 3% free 12751K/13063K, paused 3ms+8ms
07-08 07:16:52.939 18481 18484 D dalvikvm: GC_CONCURRENT freed 385K, 5% free 9982K/10439K, paused 1ms+2ms
07-08 07:16:53.201 18481 18484 D dalvikvm: GC_CONCURRENT freed 382K, 5% free 10112K/10567K, paused 5ms+51ms
07-08 07:16:54.037 18481 18497 W Resources: Converting to string: TypedValue{t=0x10/d=0xffffffff a=-1}
07-08 07:16:54.072 18426 18476 I SqliteDatabaseCpp: sqlite returned: error code = 1, msg = no such column: wipeout_stats, db=/data/data/com.google.android.apps.plus/databases/es0.db
07-08 07:16:54.111 18426 18476 W System.err: android.database.sqlite.SQLiteException: no such column: wipeout_stats: , while compiling: SELECT wipeout_stats  FROM account_status
07-08 07:16:54.213 18481 18484 D dalvikvm: GC_CONCURRENT freed 341K, 4% free 10283K/10695K, paused 4ms+3ms
07-08 07:16:54.217 18426 18476 W System.err: 	at android.database.sqlite.SQLiteCompiledSql.native_compile(Native Method)
07-08 07:16:54.221 18426 18476 W System.err: 	at android.database.sqlite.SQLiteCompiledSql.<init>(SQLiteCompiledSql.java:68)
07-08 07:16:54.221 18426 18476 W System.err: 	at android.database.sqlite.SQLiteProgram.compileSql(SQLiteProgram.java:143)
07-08 07:16:54.221 18426 18476 W System.err: 	at android.database.sqlite.SQLiteProgram.compileAndbindAllArgs(SQLiteProgram.java:361)
07-08 07:16:54.221 18426 18476 W System.err: 	at android.database.sqlite.SQLiteStatement.acquireAndLock(SQLiteStatement.java:260)
07-08 07:16:54.221 18426 18476 W System.err: 	at android.database.sqlite.SQLiteStatement.simpleQueryForLong(SQLiteStatement.java:137)
07-08 07:16:54.229 18426 18476 W System.err: 	at android.database.DatabaseUtils.longForQuery(DatabaseUtils.java:791)
07-08 07:16:54.232 18426 18476 W System.err: 	at android.database.DatabaseUtils.longForQuery(DatabaseUtils.java:779)
07-08 07:16:54.232 18426 18476 W System.err: 	at com.google.android.apps.plus.content.EsAccountsData.isContactsStatsWipeoutNeeded(EsAccountsData.java:641)
07-08 07:16:54.232 18426 18476 W System.err: 	at com.google.android.apps.plus.service.EsService.processIntent(EsService.java:4246)
07-08 07:16:54.232 18426 18476 W System.err: 	at com.google.android.apps.plus.service.ServiceThread$1.run(ServiceThread.java:50)
07-08 07:16:54.232 18426 18476 W System.err: 	at android.os.Handler.handleCallback(Handler.java:605)
07-08 07:16:54.232 18426 18476 W System.err: 	at android.os.Handler.dispatchMessage(Handler.java:92)
07-08 07:16:54.299 18426 18476 W System.err: 	at android.os.Looper.loop(Looper.java:137)
07-08 07:16:54.307 18426 18476 W System.err: 	at com.google.android.apps.plus.service.ServiceThread.run(ServiceThread.java:122)
07-08 07:16:54.779 18481 18484 D dalvikvm: GC_CONCURRENT freed 308K, 4% free 10411K/10823K, paused 2ms+4ms
07-08 07:16:56.232 18481 18484 D dalvikvm: GC_CONCURRENT freed 325K, 5% free 10509K/10951K, paused 3ms+3ms
07-08 07:16:56.443 18481 18484 D dalvikvm: GC_CONCURRENT freed 370K, 5% free 10578K/11079K, paused 3ms+3ms
07-08 07:16:56.873 18481 18484 D dalvikvm: GC_CONCURRENT freed 325K, 4% free 10729K/11143K, paused 3ms+3ms
07-08 07:16:57.635   143   160 I ActivityManager: Start proc com.google.android.apps.maps:NetworkLocationService for service com.google.android.apps.maps/com.google.android.location.internal.server.NetworkLocationService: pid=18516 uid=10056 gids={3003, 1015}
07-08 07:16:57.654    79    79 D dalvikvm: GC_EXPLICIT freed 38K, 4% free 9031K/9347K, paused 2ms+2ms
07-08 07:16:57.701    79    79 D dalvikvm: GC_EXPLICIT freed <1K, 4% free 9031K/9347K, paused 2ms+2ms
07-08 07:16:57.740    79    79 D dalvikvm: GC_EXPLICIT freed <1K, 4% free 9031K/9347K, paused 1ms+6ms
07-08 07:16:57.775   143   403 I ActivityManager: Process com.spotify.mobile.android.service (pid 17686) has died.
07-08 07:16:57.775   143   403 W ActivityManager: Scheduling restart of crashed service com.spotify.mobile.android.ui/com.spotify.mobile.android.service.SpotifyService in 5000ms
07-08 07:16:57.826 18516 18519 D dalvikvm: GC_CONCURRENT freed 178K, 3% free 9357K/9607K, paused 2ms+2ms
07-08 07:16:58.338 18516 18519 D dalvikvm: GC_CONCURRENT freed 161K, 3% free 9676K/9927K, paused 2ms+3ms
07-08 07:16:58.459   305  1913 D dalvikvm: GC_EXPLICIT freed 199K, 6% free 10438K/11079K, paused 16ms+4ms
07-08 07:16:58.752 18516 18519 D dalvikvm: GC_CONCURRENT freed 174K, 3% free 10066K/10311K, paused 2ms+2ms
07-08 07:16:58.920 18516 18519 D dalvikvm: GC_CONCURRENT freed 666K, 8% free 9886K/10631K, paused 2ms+2ms
07-08 07:16:59.127   143   155 D dalvikvm: GC_EXPLICIT freed 626K, 16% free 16818K/19847K, paused 4ms+6ms
07-08 07:16:59.326 18516 18523 I dalvikvm: Total arena pages for JIT: 11
07-08 07:16:59.326 18516 18523 I dalvikvm: Total arena pages for JIT: 12
07-08 07:16:59.326 18516 18523 I dalvikvm: Total arena pages for JIT: 13
07-08 07:16:59.326 18516 18523 I dalvikvm: Total arena pages for JIT: 14
07-08 07:16:59.330 18516 18523 I dalvikvm: Total arena pages for JIT: 15
07-08 07:16:59.330 18516 18523 I dalvikvm: Total arena pages for JIT: 16
07-08 07:16:59.330 18516 18523 I dalvikvm: Total arena pages for JIT: 17
07-08 07:16:59.404 18516 18523 I dalvikvm: Total arena pages for JIT: 18
07-08 07:16:59.545 18516 18519 D dalvikvm: GC_CONCURRENT freed 208K, 5% free 10190K/10631K, paused 1ms+3ms
07-08 07:17:00.076 18516 18519 D dalvikvm: GC_CONCURRENT freed 366K, 5% free 10382K/10823K, paused 1ms+5ms
07-08 07:17:01.252 18516 18519 D dalvikvm: GC_CONCURRENT freed 570K, 7% free 10332K/11015K, paused 2ms+5ms
07-08 07:17:01.400   221   223 D dalvikvm: GC_CONCURRENT freed 271K, 29% free 10139K/14215K, paused 4ms+4ms
07-08 07:17:01.428 14258 14261 D dalvikvm: GC_CONCURRENT freed 463K, 8% free 10241K/11015K, paused 3ms+2ms
07-08 07:17:01.514   221   223 D dalvikvm: GC_CONCURRENT freed 553K, 30% free 10078K/14215K, paused 2ms+3ms
07-08 07:17:02.455   143 10999 I ActivityManager: Process com.google.android.apps.maps (pid 17831) has died.
07-08 07:17:02.455   143 10999 W ActivityManager: Scheduling restart of crashed service com.google.android.apps.maps/com.google.googlenav.prefetch.android.PrefetcherService in 10319ms
07-08 07:17:02.857   143   160 I ActivityManager: Start proc com.spotify.mobile.android.service for service com.spotify.mobile.android.ui/com.spotify.mobile.android.service.SpotifyService: pid=18539 uid=10055 gids={3003, 1015}
07-08 07:17:02.932 18539 18539 D dalvikvm: Trying to load lib /data/data/com.spotify.mobile.android.ui/lib/liborbit-jni-spotify.so 0x4131bee8
07-08 07:17:02.994 18539 18539 D dalvikvm: Added shared lib /data/data/com.spotify.mobile.android.ui/lib/liborbit-jni-spotify.so 0x4131bee8
07-08 07:17:06.779 18481 18484 D dalvikvm: GC_CONCURRENT freed 530K, 6% free 10677K/11335K, paused 4ms+3ms
07-08 07:17:07.006   143   400 I ActivityManager: Process com.google.android.apps.currents (pid 17972) has died.
07-08 07:17:08.338 14258 14261 D dalvikvm: GC_CONCURRENT freed 514K, 8% free 10239K/11015K, paused 1ms+2ms
07-08 07:17:08.471   221   223 D dalvikvm: GC_CONCURRENT freed 423K, 29% free 10122K/14215K, paused 1ms+2ms
07-08 07:17:08.537   221   223 D dalvikvm: GC_CONCURRENT freed 502K, 30% free 10083K/14215K, paused 1ms+3ms
07-08 07:17:08.693   221   223 D dalvikvm: GC_CONCURRENT freed 526K, 30% free 9975K/14215K, paused 3ms+6ms
07-08 07:17:09.455   344   344 D SAN_SERVICE: *******************************************
07-08 07:17:09.455   344   344 D SAN_SERVICE: DM App Phone Service State - 0
07-08 07:17:09.455   344   344 D SAN_SERVICE: *******************************************
07-08 07:17:09.623   344   344 D SAN_SERVICE: *******************************************
07-08 07:17:09.623   344   344 D SAN_SERVICE: DM App Phone Service State - 0
07-08 07:17:09.623   344   344 D SAN_SERVICE: *******************************************
07-08 07:17:12.842   143   160 I ActivityManager: Start proc com.google.android.apps.maps for service com.google.android.apps.maps/com.google.googlenav.prefetch.android.PrefetcherService: pid=18570 uid=10056 gids={3003, 1015}
07-08 07:17:12.959 18570 18572 D dalvikvm: GC_CONCURRENT freed 152K, 3% free 9384K/9607K, paused 9ms+2ms
07-08 07:17:13.010 18570 18570 I ActivityThread: Pub com.google.android.maps.SearchHistoryProvider: com.google.googlenav.provider.SearchHistoryProvider
07-08 07:17:13.053 18570 18570 I ActivityThread: Pub com.google.android.maps.SuggestionProvider: com.google.googlenav.suggest.android.SuggestContentProvider
07-08 07:17:13.119 18570 18570 I ActivityThread: Pub com.google.android.maps.LayerInfoProvider: com.google.googlenav.layer.LayerInfoProvider
07-08 07:17:13.150 18570 18570 I ActivityThread: Pub com.google.android.maps.TrafficAppWidgetProvider: com.google.googlenav.appwidget.traffic.TrafficAppWidgetProvider
07-08 07:17:13.166 18570 18570 I ActivityThread: Pub com.google.android.maps.LocalActivePlacesProvider: com.google.googlenav.provider.LocalActivePlacesProvider
07-08 07:17:13.166 18570 18570 I ActivityThread: Pub com.google.android.maps.StarredItemProvider: com.google.googlenav.provider.StarredItemProvider
07-08 07:17:13.342 18570 18572 D dalvikvm: GC_CONCURRENT freed 221K, 4% free 9679K/9991K, paused 5ms+2ms
07-08 07:17:13.498 18570 18570 I ActivityThread: Pub com.google.android.maps.LocalSuggestionProvider: com.google.googlenav.provider.LocalSuggestionProvider
07-08 07:17:13.498 18570 18570 I ActivityThread: Pub com.google.android.maps.NavigationAvailabilityProvider: com.google.googlenav.provider.NavigationAvailabilityProvider
07-08 07:17:13.631 18570 18572 D dalvikvm: GC_CONCURRENT freed 270K, 4% free 9967K/10311K, paused 3ms+2ms
07-08 07:17:13.650 18570 18586 D dalvikvm: GC_FOR_ALLOC freed 2K, 4% free 10165K/10567K, paused 20ms
07-08 07:17:13.650 18570 18586 I dalvikvm-heap: Grow heap (frag case) to 10.191MB for 204816-byte allocation
07-08 07:17:13.678 18570 18570 D dalvikvm: GC_FOR_ALLOC freed 0K, 5% free 10365K/10823K, paused 16ms
07-08 07:17:13.732 18570 18595 D dalvikvm: GC_FOR_ALLOC freed 101K, 4% free 10437K/10823K, paused 19ms
07-08 07:17:13.760 18570 18596 D dalvikvm: GC_FOR_ALLOC freed 34K, 4% free 10650K/11079K, paused 20ms
07-08 07:17:13.760 18570 18596 I dalvikvm-heap: Grow heap (frag case) to 10.665MB for 204816-byte allocation
07-08 07:17:13.787 18570 18586 D dalvikvm: GC_FOR_ALLOC freed <1K, 5% free 10850K/11335K, paused 18ms
07-08 07:18:00.166   344   344 D SAN_SERVICE: *******************************************
07-08 07:18:00.166   344   344 D SAN_SERVICE: DM App Phone Service State - 0
07-08 07:18:00.166   344   344 D SAN_SERVICE: *******************************************
07-08 07:18:04.889 17732 17745 I PhoneLab-: Service Running
07-08 07:18:05.014 17732 17745 I PhoneLab-LoggerService: app_37    1296  1     1436   996   c00f181c 400107b4 S logcat
07-08 07:18:05.018 17732 17745 I PhoneLab-LoggerService: Logcat pid from database 1296
07-08 07:18:05.018 17732 17745 I PhoneLab-LoggerService: Logcat process found 1296
07-08 07:18:05.018 17732 17745 I PhoneLab-LoggerService: Checking Threshold
07-08 07:18:10.467   344   344 D SAN_SERVICE: *******************************************
07-08 07:18:10.467   344   344 D SAN_SERVICE: DM App Phone Service State - 0
07-08 07:18:10.471   344   344 D SAN_SERVICE: *******************************************
07-08 07:18:11.205   344   344 D SAN_SERVICE: *******************************************
07-08 07:18:11.205   344   344 D SAN_SERVICE: DM App Phone Service State - 0
07-08 07:18:11.209   344   344 D SAN_SERVICE: *******************************************
07-08 07:18:51.424   344   344 D SAN_SERVICE: *******************************************
07-08 07:18:51.424   344   344 D SAN_SERVICE: DM App Phone Service State - 0
07-08 07:18:51.424   344   344 D SAN_SERVICE: *******************************************
07-08 07:18:51.662   344   344 D SAN_SERVICE: *******************************************
07-08 07:18:51.662   344   344 D SAN_SERVICE: DM App Phone Service State - 0
07-08 07:18:51.662   344   344 D SAN_SERVICE: *******************************************
07-08 07:19:01.627 18516 18519 D dalvikvm: GC_CONCURRENT freed 477K, 6% free 10366K/11015K, paused 1ms+3ms
07-08 07:19:01.752 14258 14261 D dalvikvm: GC_CONCURRENT freed 505K, 8% free 10237K/11015K, paused 2ms+2ms
07-08 07:19:06.807   344   344 D SAN_SERVICE: *******************************************
07-08 07:19:06.807   344   344 D SAN_SERVICE: DM App Phone Service State - 0
07-08 07:19:06.807   344   344 D SAN_SERVICE: *******************************************
07-08 07:19:07.025   344   344 D SAN_SERVICE: *******************************************
07-08 07:19:07.025   344   344 D SAN_SERVICE: DM App Phone Service State - 0
07-08 07:19:07.025   344   344 D SAN_SERVICE: *******************************************
07-08 07:19:13.791 18426 18429 D dalvikvm: GC_CONCURRENT freed 1108K, 9% free 12791K/14023K, paused 20ms+2ms
07-08 07:19:15.428   143   200 D DhcpInfoInternal: makeLinkProperties with empty dns2!
07-08 07:19:15.428   143   200 D DhcpInfoInternal: makeLinkProperties with empty dns2!
07-08 07:19:18.213 18426 18609 E dalvikvm: Could not find class 'android.app.Notification$InboxStyle', referenced from method com.google.android.apps.plus.service.AndroidNotification.createDigestNotification
07-08 07:19:18.217 18426 18609 W dalvikvm: VFY: unable to resolve new-instance 41 (Landroid/app/Notification$InboxStyle;) in Lcom/google/android/apps/plus/service/AndroidNotification;
07-08 07:19:18.217 18426 18609 D dalvikvm: VFY: replacing opcode 0x22 at 0x0018
07-08 07:19:18.240 18426 18609 I dalvikvm: Could not find method android.app.Notification$Builder.setPriority, referenced from method com.google.android.apps.plus.service.AndroidNotification.createRichNotification
07-08 07:19:18.240 18426 18609 W dalvikvm: VFY: unable to resolve virtual method 162: Landroid/app/Notification$Builder;.setPriority (I)Landroid/app/Notification$Builder;
07-08 07:19:18.240 18426 18609 D dalvikvm: VFY: replacing opcode 0x6e at 0x00d5
07-08 07:19:18.264 18426 18429 D dalvikvm: GC_CONCURRENT freed 1017K, 9% free 12938K/14087K, paused 2ms+3ms
07-08 07:19:18.295 18426 18609 D dalvikvm: DexOpt: unable to opt direct call 0x00a8 at 0x1a in Lcom/google/android/apps/plus/service/AndroidNotification;.createDigestNotification
07-08 07:19:18.295 18426 18609 D dalvikvm: DexOpt: unable to opt direct call 0x0091 at 0xf1 in Lcom/google/android/apps/plus/service/AndroidNotification;.createRichNotification
07-08 07:19:18.295 18426 18609 D dalvikvm: DexOpt: unable to opt direct call 0x0095 at 0x397 in Lcom/google/android/apps/plus/service/AndroidNotification;.createRichNotification
07-08 07:19:22.119   344   344 D SAN_SERVICE: *******************************************
07-08 07:19:22.119   344   344 D SAN_SERVICE: DM App Phone Service State - 0
07-08 07:19:22.119   344   344 D SAN_SERVICE: *******************************************
07-08 07:19:22.865   344   344 D SAN_SERVICE: *******************************************
07-08 07:19:22.865   344   344 D SAN_SERVICE: DM App Phone Service State - 0
07-08 07:19:22.865   344   344 D SAN_SERVICE: *******************************************
07-08 07:19:28.979 18426 18429 D dalvikvm: GC_CONCURRENT freed 1060K, 9% free 13103K/14279K, paused 10ms+6ms
07-08 07:19:29.232 18426 18429 D dalvikvm: GC_CONCURRENT freed 1172K, 9% free 13170K/14471K, paused 3ms+2ms
07-08 07:19:32.424   143 10999 I ActivityManager: Process com.google.android.apps.googlevoice (pid 17658) has died.
07-08 07:19:32.424   143 10999 W ActivityManager: Scheduling restart of crashed service com.google.android.apps.googlevoice/.UpdateService in 5000ms
07-08 07:19:32.424   143 10999 W ActivityManager: Scheduling restart of crashed service com.google.android.apps.googlevoice/.CallLogService in 15000ms
07-08 07:19:32.658   143   387 D dalvikvm: GC_EXPLICIT freed 1157K, 15% free 16900K/19847K, paused 12ms+7ms
07-08 07:19:32.939 18426 18429 D dalvikvm: GC_CONCURRENT freed 889K, 7% free 13598K/14599K, paused 13ms+3ms
07-08 07:19:33.119 18426 18609 D dalvikvm: GC_FOR_ALLOC freed 691K, 10% free 13593K/14983K, paused 41ms
07-08 07:19:33.119 18426 18609 I dalvikvm-heap: Grow heap (frag case) to 13.675MB for 348897-byte allocation
07-08 07:19:33.154 18426 18609 D dalvikvm: GC_FOR_ALLOC freed 1K, 10% free 13932K/15367K, paused 36ms
07-08 07:19:34.084 18426 18429 D dalvikvm: GC_CONCURRENT freed 1061K, 8% free 14433K/15623K, paused 3ms+3ms
07-08 07:19:34.365 15135 15138 D dalvikvm: GC_CONCURRENT freed 356K, 6% free 9797K/10375K, paused 1ms+2ms
07-08 07:19:36.568 18426 18429 D dalvikvm: GC_CONCURRENT freed 1715K, 12% free 14419K/16263K, paused 6ms+3ms
07-08 07:19:37.479   143   160 I ActivityManager: Start proc com.google.android.apps.googlevoice for service com.google.android.apps.googlevoice/.UpdateService: pid=18636 uid=10054 gids={3003, 1015}
07-08 07:19:37.486   344   344 D SAN_SERVICE: *******************************************
07-08 07:19:37.486   344   344 D SAN_SERVICE: DM App Phone Service State - 0
07-08 07:19:37.486   344   344 D SAN_SERVICE: *******************************************
07-08 07:19:37.678   143   154 I ActivityManager: Process edu.buffalo.cse.phonelab.phonelabservices (pid 17732) has died.
07-08 07:19:37.678   143   154 W ActivityManager: Scheduling restart of crashed service edu.buffalo.cse.phonelab.phonelabservices/edu.buffalo.cse.phonelab.datalogger.LoggerService in 19746ms
07-08 07:19:38.279   344   344 D SAN_SERVICE: *******************************************
07-08 07:19:38.279   344   344 D SAN_SERVICE: DM App Phone Service State - 0
07-08 07:19:38.279   344   344 D SAN_SERVICE: *******************************************
07-08 07:19:38.525 18636 18637 D dalvikvm: GC_CONCURRENT freed 227K, 4% free 9305K/9607K, paused 20ms+2ms
07-08 07:19:39.350 18636 18637 D dalvikvm: GC_CONCURRENT freed 404K, 5% free 9451K/9927K, paused 135ms+3ms
07-08 07:19:39.350 18636 18645 W CursorWrapperInner: Cursor finalized without prior close()
07-08 07:19:39.350 18636 18645 W CursorWrapperInner: Cursor finalized without prior close()
07-08 07:19:39.350 18636 18645 W CursorWrapperInner: Cursor finalized without prior close()
07-08 07:19:39.561 18636 18637 D dalvikvm: GC_CONCURRENT freed 309K, 5% free 9589K/10055K, paused 6ms+6ms
07-08 07:19:39.600 15135 15148 D dalvikvm: GC_EXPLICIT freed 352K, 6% free 9822K/10375K, paused 8ms+6ms
07-08 07:19:39.779 18636 18658 D dalvikvm: GC_FOR_ALLOC freed 186K, 5% free 9767K/10183K, paused 16ms
07-08 07:19:40.131   143   311 I ActivityManager: Process com.google.android.maps.mytracks (pid 18193) has died.
07-08 07:19:41.775 15135 15138 D dalvikvm: GC_CONCURRENT freed 399K, 6% free 9848K/10375K, paused 1ms+4ms
07-08 07:19:41.850 18426 18609 I SqliteDatabaseCpp: sqlite returned: error code = 1, msg = no such column: last_stats_sync_time, db=/data/data/com.google.android.apps.plus/databases/es0.db
07-08 07:19:41.881 18426 18609 E EsSyncAdapterService: Sync failure
07-08 07:19:41.881 18426 18609 E EsSyncAdapterService: android.database.sqlite.SQLiteException: no such column: last_stats_sync_time: , while compiling: SELECT last_stats_sync_time  FROM account_status
07-08 07:19:41.881 18426 18609 E EsSyncAdapterService: 	at android.database.sqlite.SQLiteCompiledSql.native_compile(Native Method)
07-08 07:19:41.881 18426 18609 E EsSyncAdapterService: 	at android.database.sqlite.SQLiteCompiledSql.<init>(SQLiteCompiledSql.java:68)
07-08 07:19:41.881 18426 18609 E EsSyncAdapterService: 	at android.database.sqlite.SQLiteProgram.compileSql(SQLiteProgram.java:143)
07-08 07:19:41.881 18426 18609 E EsSyncAdapterService: 	at android.database.sqlite.SQLiteProgram.compileAndbindAllArgs(SQLiteProgram.java:361)
07-08 07:19:41.881 18426 18609 E EsSyncAdapterService: 	at android.database.sqlite.SQLiteStatement.acquireAndLock(SQLiteStatement.java:260)
07-08 07:19:41.881 18426 18609 E EsSyncAdapterService: 	at android.database.sqlite.SQLiteStatement.simpleQueryForLong(SQLiteStatement.java:137)
07-08 07:19:41.881 18426 18609 E EsSyncAdapterService: 	at android.database.DatabaseUtils.longForQuery(DatabaseUtils.java:791)
07-08 07:19:41.881 18426 18609 E EsSyncAdapterService: 	at android.database.DatabaseUtils.longForQuery(DatabaseUtils.java:779)
07-08 07:19:41.881 18426 18609 E EsSyncAdapterService: 	at com.google.android.apps.plus.content.EsAccountsData.queryLastStatsSyncTimestamp(EsAccountsData.java:570)
07-08 07:19:41.881 18426 18609 E EsSyncAdapterService: 	at com.google.android.apps.plus.service.EsSyncAdapterService.syncContactsStatsIfNecessary(EsSyncAdapterService.java:670)
07-08 07:19:41.881 18426 18609 E EsSyncAdapterService: 	at com.google.android.apps.plus.service.EsSyncAdapterService.doFullSync(EsSyncAdapterService.java:633)
07-08 07:19:41.881 18426 18609 E EsSyncAdapterService: 	at com.google.android.apps.plus.service.EsSyncAdapterService.doSync(EsSyncAdapterService.java:566)
07-08 07:19:41.881 18426 18609 E EsSyncAdapterService: 	at com.google.android.apps.plus.service.EsSyncAdapterService.access$100(EsSyncAdapterService.java:52)
07-08 07:19:41.881 18426 18609 E EsSyncAdapterService: 	at com.google.android.apps.plus.service.EsSyncAdapterService$SyncAdapterImpl.onPerformSync(EsSyncAdapterService.java:408)
07-08 07:19:41.881 18426 18609 E EsSyncAdapterService: 	at android.content.AbstractThreadedSyncAdapter$SyncThread.run(AbstractThreadedSyncAdapter.java:247)
07-08 07:19:41.951   143   169 D SyncManager: failed sync operation lokeshmandvekar@gmail.com (com.google), com.google.android.apps.plus.content.EsProvider, SERVER, earliestRunTime 46805084, SyncResult: stats [ numParseExceptions: 1]
07-08 07:19:41.967   143   169 D SyncManager: not retrying sync operation because the error is a hard error: lokeshmandvekar@gmail.com (com.google), com.google.android.apps.plus.content.EsProvider, SERVER, earliestRunTime 46972980
07-08 07:19:42.303 18240 18242 D dalvikvm: GC_CONCURRENT freed 2913K, 21% free 12021K/15047K, paused 4ms+6ms
07-08 07:19:46.936 18426 18429 D dalvikvm: GC_CONCURRENT freed 2898K, 19% free 13245K/16263K, paused 6ms+3ms
07-08 07:19:47.139 18426 18631 D dalvikvm: GC_EXPLICIT freed 342K, 19% free 13195K/16263K, paused 3ms+3ms
07-08 07:19:47.307   143   395 D dalvikvm: GC_EXPLICIT freed 582K, 16% free 16823K/19847K, paused 3ms+6ms
07-08 07:19:47.916 15135 15138 D dalvikvm: GC_CONCURRENT freed 444K, 6% free 9802K/10375K, paused 1ms+3ms
07-08 07:19:48.377 15135 15353 D dalvikvm: GC_EXPLICIT freed 221K, 7% free 9726K/10375K, paused 2ms+3ms
07-08 07:19:52.830   344   344 D SAN_SERVICE: *******************************************
07-08 07:19:52.830   344   344 D SAN_SERVICE: DM App Phone Service State - 0
07-08 07:19:52.830   344   344 D SAN_SERVICE: *******************************************
07-08 07:19:53.580   344   344 D SAN_SERVICE: *******************************************
07-08 07:19:53.580   344   344 D SAN_SERVICE: DM App Phone Service State - 0
07-08 07:19:53.580   344   344 D SAN_SERVICE: *******************************************
07-08 07:19:57.502   143   160 I ActivityManager: Start proc edu.buffalo.cse.phonelab.phonelabservices for service edu.buffalo.cse.phonelab.phonelabservices/edu.buffalo.cse.phonelab.datalogger.LoggerService: pid=18668 uid=10037 gids={3003, 1015, 1007, 2001}
07-08 07:19:57.549 18668 18668 I PhoneLab-LoggerService: Start Logger Service
07-08 07:19:57.592 18668 18681 I PhoneLab-: Service Running
07-08 07:19:57.693 18668 18681 I PhoneLab-LoggerService: app_37    1296  1     1436   996   c00f181c 400107b4 S logcat
07-08 07:19:57.693 18668 18681 I PhoneLab-LoggerService: Logcat pid from database 1296
07-08 07:19:57.693 18668 18681 I PhoneLab-LoggerService: Logcat process found 1296
07-08 07:19:57.697 18668 18681 I PhoneLab-LoggerService: Checking Threshold
07-08 07:19:58.201   344   344 D SAN_SERVICE: *******************************************
07-08 07:19:58.201   344   344 D SAN_SERVICE: DM App Phone Service State - 0
07-08 07:19:58.201   344   344 D SAN_SERVICE: *******************************************
07-08 07:20:02.213 14258 14261 D dalvikvm: GC_CONCURRENT freed 357K, 7% free 10273K/11015K, paused 27ms+49ms
07-08 07:20:02.994 14258 14261 D dalvikvm: GC_CONCURRENT freed 249K, 5% free 10480K/11015K, paused 7ms+7ms
07-08 07:20:04.768   344   344 D SAN_SERVICE: *******************************************
07-08 07:20:04.768   344   344 D SAN_SERVICE: DM App Phone Service State - 0
07-08 07:20:04.768   344   344 D SAN_SERVICE: *******************************************
07-08 07:20:05.271   344   344 D SAN_SERVICE: *******************************************
07-08 07:20:05.271   344   344 D SAN_SERVICE: DM App Phone Service State - 0
07-08 07:20:05.271   344   344 D SAN_SERVICE: *******************************************
07-08 07:20:06.299 18516 18519 D dalvikvm: GC_CONCURRENT freed 394K, 6% free 10359K/11015K, paused 31ms+2ms
07-08 07:20:13.072 18240 18242 D dalvikvm: GC_CONCURRENT freed 1354K, 24% free 11543K/15047K, paused 3ms+4ms
07-08 07:20:13.303   344   344 D SAN_SERVICE: *******************************************
07-08 07:20:13.303   344   344 D SAN_SERVICE: DM App Phone Service State - 0
07-08 07:20:13.303   344   344 D SAN_SERVICE: *******************************************
07-08 07:20:13.525   344   344 D SAN_SERVICE: *******************************************
07-08 07:20:13.525   344   344 D SAN_SERVICE: DM App Phone Service State - 0
07-08 07:20:13.525   344   344 D SAN_SERVICE: *******************************************
07-08 07:20:14.326   344   344 D SAN_SERVICE: *******************************************
07-08 07:20:14.330   344   344 D SAN_SERVICE: DM App Phone Service State - 0
07-08 07:20:14.330   344   344 D SAN_SERVICE: *******************************************
07-08 07:20:28.662   344   344 D SAN_SERVICE: *******************************************
07-08 07:20:28.662   344   344 D SAN_SERVICE: DM App Phone Service State - 0
07-08 07:20:28.662   344   344 D SAN_SERVICE: *******************************************
07-08 07:20:29.389   344   344 D SAN_SERVICE: *******************************************
07-08 07:20:29.389   344   344 D SAN_SERVICE: DM App Phone Service State - 0
07-08 07:20:29.389   344   344 D SAN_SERVICE: *******************************************
07-08 07:20:30.873 17709 17711 D dalvikvm: GC_CONCURRENT freed 732K, 14% free 11640K/13511K, paused 19ms+7ms
07-08 07:20:59.393   344   344 D SAN_SERVICE: *******************************************
07-08 07:20:59.393   344   344 D SAN_SERVICE: DM App Phone Service State - 0
07-08 07:20:59.393   344   344 D SAN_SERVICE: *******************************************
07-08 07:21:00.451   344   350 D dalvikvm: GC_CONCURRENT freed 449K, 6% free 9470K/10055K, paused 8ms+2ms
07-08 07:21:01.893 14258 14261 D dalvikvm: GC_CONCURRENT freed 659K, 7% free 10253K/11015K, paused 63ms+2ms
07-08 07:21:09.674   344   344 D SAN_SERVICE: *******************************************
07-08 07:21:09.674   344   344 D SAN_SERVICE: DM App Phone Service State - 0
07-08 07:21:09.674   344   344 D SAN_SERVICE: *******************************************
07-08 07:21:09.881   344   344 D SAN_SERVICE: *******************************************
07-08 07:21:09.881   344   344 D SAN_SERVICE: DM App Phone Service State - 0
07-08 07:21:09.881   344   344 D SAN_SERVICE: *******************************************
07-08 07:21:10.639   344   344 D SAN_SERVICE: *******************************************
07-08 07:21:10.639   344   344 D SAN_SERVICE: DM App Phone Service State - 0
07-08 07:21:10.639   344   344 D SAN_SERVICE: *******************************************
07-08 07:21:25.037   344   344 D SAN_SERVICE: *******************************************
07-08 07:21:25.037   344   344 D SAN_SERVICE: DM App Phone Service State - 0
07-08 07:21:25.037   344   344 D SAN_SERVICE: *******************************************
07-08 07:21:25.771   344   344 D SAN_SERVICE: *******************************************
07-08 07:21:25.771   344   344 D SAN_SERVICE: DM App Phone Service State - 0
07-08 07:21:25.771   344   344 D SAN_SERVICE: *******************************************
07-08 07:21:35.291   344   344 D SAN_SERVICE: *******************************************
07-08 07:21:35.291   344   344 D SAN_SERVICE: DM App Phone Service State - 0
07-08 07:21:35.291   344   344 D SAN_SERVICE: *******************************************
07-08 07:21:35.521   344   344 D SAN_SERVICE: *******************************************
07-08 07:21:35.521   344   344 D SAN_SERVICE: DM App Phone Service State - 0
07-08 07:21:35.521   344   344 D SAN_SERVICE: *******************************************
07-08 07:21:36.268   344   344 D SAN_SERVICE: *******************************************
07-08 07:21:36.268   344   344 D SAN_SERVICE: DM App Phone Service State - 0
07-08 07:21:36.268   344   344 D SAN_SERVICE: *******************************************
07-08 07:21:40.307   143   200 D DhcpInfoInternal: makeLinkProperties with empty dns2!
07-08 07:21:40.307   143   200 D DhcpInfoInternal: makeLinkProperties with empty dns2!
07-08 07:21:45.467   344   344 D SAN_SERVICE: *******************************************
07-08 07:21:45.467   344   344 D SAN_SERVICE: DM App Phone Service State - 0
07-08 07:21:45.467   344   344 D SAN_SERVICE: *******************************************
07-08 07:21:52.713   143   403 D dalvikvm: GC_EXPLICIT freed 543K, 15% free 16880K/19847K, paused 37ms+7ms
07-08 07:21:55.811 18516 18519 D dalvikvm: GC_CONCURRENT freed 325K, 6% free 10420K/11015K, paused 30ms+2ms
07-08 07:21:56.170   143 11000 W ActivityManager: finishReceiver called but no pending broadcasts
07-08 07:21:56.311 18516 18519 D dalvikvm: GC_CONCURRENT freed 432K, 5% free 10489K/11015K, paused 3ms+3ms
07-08 07:21:57.592 18668 18681 I PhoneLab-: Service Running
07-08 07:21:57.697 18668 18681 I PhoneLab-LoggerService: app_37    1296  1     1436   996   c00f181c 400107b4 S logcat
07-08 07:21:57.697 18668 18681 I PhoneLab-LoggerService: Logcat pid from database 1296
07-08 07:21:57.697 18668 18681 I PhoneLab-LoggerService: Logcat process found 1296
07-08 07:21:57.697 18668 18681 I PhoneLab-LoggerService: Checking Threshold
07-08 07:22:01.904 14258 14261 D dalvikvm: GC_CONCURRENT freed 308K, 7% free 10329K/11015K, paused 2ms+3ms
07-08 07:22:05.037   143   311 W ActivityManager: finishReceiver called but no pending broadcasts
07-08 07:22:05.111 18516 18519 D dalvikvm: GC_CONCURRENT freed 459K, 5% free 10538K/11079K, paused 2ms+3ms
07-08 07:22:05.982   344   344 D SAN_SERVICE: *******************************************
07-08 07:22:05.982   344   344 D SAN_SERVICE: DM App Phone Service State - 0
07-08 07:22:05.982   344   344 D SAN_SERVICE: *******************************************
07-08 07:22:06.479   344   344 D SAN_SERVICE: *******************************************
07-08 07:22:06.479   344   344 D SAN_SERVICE: DM App Phone Service State - 0
07-08 07:22:06.479   344   344 D SAN_SERVICE: *******************************************
07-08 07:22:14.115   143   143 W ActivityManager: finishReceiver called but no pending broadcasts
07-08 07:22:14.178 18516 18519 D dalvikvm: GC_CONCURRENT freed 549K, 6% free 10510K/11143K, paused 2ms+8ms
07-08 07:22:43.549   143   403 D AlarmManagerService: Kernel timezone updated to 240 minutes west of GMT
07-08 07:22:43.553   344   344 D SystemClock: Setting time of day to sec=1341746563
07-08 07:22:43.124   143   160 I ActivityManager: Start proc com.android.calendar for broadcast com.android.calendar/.widget.CalendarAppWidgetService$CalendarFactory: pid=18727 uid=10005 gids={3003}
07-08 07:22:43.135   344   344 D SAN_SERVICE: *******************************************
07-08 07:22:43.135   344   344 D SAN_SERVICE: DM App Phone Service State - 0
07-08 07:22:43.135   344   344 D SAN_SERVICE: *******************************************
07-08 07:22:43.424 18727 18727 I ActivityThread: Pub com.android.calendar.CalendarRecentSuggestionsProvider: com.android.calendar.CalendarRecentSuggestionsProvider
07-08 07:22:43.592   344   344 D SAN_SERVICE: *******************************************
07-08 07:22:43.592   344   344 D SAN_SERVICE: DM App Phone Service State - 0
07-08 07:22:43.592   344   344 D SAN_SERVICE: *******************************************
07-08 07:22:43.721   143   143 I ActivityManager: Start proc com.android.deskclock for broadcast com.android.deskclock/.AlarmInitReceiver: pid=18743 uid=10011 gids={}
07-08 07:22:43.764   143   154 I ActivityManager: Start proc com.android.providers.calendar for content provider com.android.providers.calendar/.CalendarProvider2: pid=18756 uid=10006 gids={3003, 1015}
07-08 07:22:43.807 18743 18743 I ActivityThread: Pub com.android.deskclock: com.android.deskclock.AlarmProvider
07-08 07:22:43.815   143   143 I ActivityManager: Process com.whatsapp (pid 18240) has died.
07-08 07:22:43.815   143   143 W ActivityManager: Scheduling restart of crashed service com.whatsapp/.messaging.MessageService in 5000ms
07-08 07:22:43.952 18743 18769 V AlarmClock: AlarmInitReceiver finished
07-08 07:22:43.967 18756 18756 I ActivityThread: Pub com.android.calendar: com.android.providers.calendar.CalendarProvider2
07-08 07:22:44.018   344   344 D SAN_SERVICE: *******************************************
07-08 07:22:44.018   344   344 D SAN_SERVICE: DM App Phone Service State - 0
07-08 07:22:44.018   344   344 D SAN_SERVICE: *******************************************
07-08 07:22:45.112 18756 18756 I CalendarProvider2: Sending notification intent: Intent { act=android.intent.action.PROVIDER_CHANGED dat=content://com.android.calendar }
07-08 07:22:45.112 18756 18756 W ContentResolver: Failed to get type for: content://com.android.calendar (Unknown URL content://com.android.calendar)
07-08 07:22:48.874   143   160 I ActivityManager: Start proc com.whatsapp for service com.whatsapp/.messaging.MessageService: pid=18776 uid=10068 gids={1015, 3003}
07-08 07:22:48.881 18776 18776 I dalvikvm: Turning on JNI app bug workarounds for target SDK version 7...
07-08 07:22:49.131 18776 18777 D dalvikvm: GC_CONCURRENT freed 173K, 3% free 9360K/9607K, paused 8ms+4ms
07-08 07:22:49.690 18776 18777 D dalvikvm: GC_CONCURRENT freed 292K, 4% free 9610K/9991K, paused 4ms+5ms
07-08 07:22:50.022 18776 18776 I dalvikvm: Could not find method android.media.MediaMetadataRetriever.captureFrame, referenced from method com.whatsapp.q3.a
07-08 07:22:50.022 18776 18776 W dalvikvm: VFY: unable to resolve virtual method 502: Landroid/media/MediaMetadataRetriever;.captureFrame ()Landroid/graphics/Bitmap;
07-08 07:22:50.022 18776 18776 D dalvikvm: VFY: replacing opcode 0x6e at 0x0134
07-08 07:22:50.171 18776 18777 D dalvikvm: GC_CONCURRENT freed 309K, 4% free 9877K/10247K, paused 6ms+3ms
07-08 07:22:50.370 18776 18777 D dalvikvm: GC_CONCURRENT freed 330K, 5% free 9997K/10439K, paused 2ms+5ms
07-08 07:22:50.999   143   400 I ActivityManager: Process com.spotify.mobile.android.service (pid 18539) has died.
07-08 07:22:50.999   143   400 W ActivityManager: Scheduling restart of crashed service com.spotify.mobile.android.ui/com.spotify.mobile.android.service.SpotifyService in 5000ms
07-08 07:22:56.057   143   160 I ActivityManager: Start proc com.spotify.mobile.android.service for service com.spotify.mobile.android.ui/com.spotify.mobile.android.service.SpotifyService: pid=18804 uid=10055 gids={3003, 1015}
07-08 07:22:56.128 18804 18804 D dalvikvm: Trying to load lib /data/data/com.spotify.mobile.android.ui/lib/liborbit-jni-spotify.so 0x41323000
07-08 07:22:56.186 18804 18804 D dalvikvm: Added shared lib /data/data/com.spotify.mobile.android.ui/lib/liborbit-jni-spotify.so 0x41323000
07-08 07:22:57.065   143 11000 I ActivityManager: Process com.google.android.apps.plus (pid 18426) has died.
07-08 07:23:01.366 18516 18519 D dalvikvm: GC_CONCURRENT freed 602K, 7% free 10419K/11143K, paused 21ms+3ms
07-08 07:23:01.483 14258 14261 D dalvikvm: GC_CONCURRENT freed 591K, 7% free 10248K/11015K, paused 14ms+3ms
07-08 07:23:22.721   344   344 D SAN_SERVICE: *******************************************
07-08 07:23:22.721   344   344 D SAN_SERVICE: DM App Phone Service State - 0
07-08 07:23:22.721   344   344 D SAN_SERVICE: *******************************************
07-08 07:23:22.967   344   344 D SAN_SERVICE: *******************************************
07-08 07:23:22.967   344   344 D SAN_SERVICE: DM App Phone Service State - 0
07-08 07:23:22.967   344   344 D SAN_SERVICE: *******************************************
07-08 07:23:27.694   344   344 D SAN_SERVICE: *******************************************
07-08 07:23:27.694   344   344 D SAN_SERVICE: DM App Phone Service State - 0
07-08 07:23:27.698   344   344 D SAN_SERVICE: *******************************************
07-08 07:23:57.592 18668 18681 I PhoneLab-: Service Running
07-08 07:23:57.674 18668 18681 I PhoneLab-LoggerService: app_37    1296  1     1436   996   c00f181c 400107b4 S logcat
07-08 07:23:57.678 18668 18681 I PhoneLab-LoggerService: Logcat pid from database 1296
07-08 07:23:57.678 18668 18681 I PhoneLab-LoggerService: Logcat process found 1296
07-08 07:23:57.678 18668 18681 I PhoneLab-LoggerService: Checking Threshold
07-08 07:23:58.116   344   344 D SAN_SERVICE: *******************************************
07-08 07:23:58.116   344   344 D SAN_SERVICE: DM App Phone Service State - 0
07-08 07:23:58.116   344   344 D SAN_SERVICE: *******************************************
07-08 07:23:58.335   344   344 D SAN_SERVICE: *******************************************
07-08 07:23:58.335   344   344 D SAN_SERVICE: DM App Phone Service State - 0
07-08 07:23:58.335   344   344 D SAN_SERVICE: *******************************************
07-08 07:24:01.463 18516 18519 D dalvikvm: GC_CONCURRENT freed 419K, 7% free 10397K/11143K, paused 6ms+2ms
07-08 07:24:04.698   143   200 D DhcpInfoInternal: makeLinkProperties with empty dns2!
07-08 07:24:04.702   143   200 D DhcpInfoInternal: makeLinkProperties with empty dns2!
07-08 07:24:08.331   344   344 D SAN_SERVICE: *******************************************
07-08 07:24:08.331   344   344 D SAN_SERVICE: DM App Phone Service State - 0
07-08 07:24:08.331   344   344 D SAN_SERVICE: *******************************************
07-08 07:24:33.940   344   344 D SAN_SERVICE: *******************************************
07-08 07:24:33.940   344   344 D SAN_SERVICE: DM App Phone Service State - 0
07-08 07:24:33.940   344   344 D SAN_SERVICE: *******************************************
07-08 07:24:34.217   344   344 D SAN_SERVICE: *******************************************
07-08 07:24:34.217   344   344 D SAN_SERVICE: DM App Phone Service State - 0
07-08 07:24:34.217   344   344 D SAN_SERVICE: *******************************************
07-08 07:24:34.346   344   350 D dalvikvm: GC_CONCURRENT freed 369K, 6% free 9488K/10055K, paused 25ms+2ms
07-08 07:24:34.975   344   344 D SAN_SERVICE: *******************************************
07-08 07:24:34.975   344   344 D SAN_SERVICE: DM App Phone Service State - 0
07-08 07:24:34.979   344   344 D SAN_SERVICE: *******************************************
07-08 07:24:44.241   344   344 D SAN_SERVICE: *******************************************
07-08 07:24:44.241   344   344 D SAN_SERVICE: DM App Phone Service State - 0
07-08 07:24:44.241   344   344 D SAN_SERVICE: *******************************************
07-08 07:24:54.362   143   154 D AlarmManagerService: Kernel timezone updated to 240 minutes west of GMT
07-08 07:25:01.460 14258 14261 D dalvikvm: GC_CONCURRENT freed 491K, 7% free 10256K/11015K, paused 1ms+3ms
07-08 07:25:17.471   143   308 W ActivityManager: finishReceiver called but no pending broadcasts
07-08 07:25:17.538 18516 18519 D dalvikvm: GC_CONCURRENT freed 359K, 6% free 10549K/11143K, paused 1ms+3ms
07-08 07:25:20.057   344   344 D SAN_SERVICE: *******************************************
07-08 07:25:20.057   344   344 D SAN_SERVICE: DM App Phone Service State - 0
07-08 07:25:20.057   344   344 D SAN_SERVICE: *******************************************
07-08 07:25:20.780   344   344 D SAN_SERVICE: *******************************************
07-08 07:25:20.780   344   344 D SAN_SERVICE: DM App Phone Service State - 0
07-08 07:25:20.780   344   344 D SAN_SERVICE: *******************************************
07-08 07:25:31.389 17709 17711 D dalvikvm: GC_CONCURRENT freed 539K, 12% free 11974K/13511K, paused 6ms+4ms
07-08 07:25:50.768   344   344 D SAN_SERVICE: *******************************************
07-08 07:25:50.768   344   344 D SAN_SERVICE: DM App Phone Service State - 0
07-08 07:25:50.768   344   344 D SAN_SERVICE: *******************************************
07-08 07:25:51.010   143 11000 D dalvikvm: JIT code cache reset in 4 ms (1048456 bytes 8/0)
07-08 07:25:51.030   143 11000 D dalvikvm: GC_EXPLICIT freed 1423K, 15% free 16918K/19847K, paused 21ms+12ms
07-08 07:25:51.081   344   344 D SAN_SERVICE: *******************************************
07-08 07:25:51.081   344   344 D SAN_SERVICE: DM App Phone Service State - 0
07-08 07:25:51.081   344   344 D SAN_SERVICE: *******************************************
07-08 07:25:51.495   344   344 D SAN_SERVICE: *******************************************
07-08 07:25:51.495   344   344 D SAN_SERVICE: DM App Phone Service State - 0
07-08 07:25:51.495   344   344 D SAN_SERVICE: *******************************************
07-08 07:25:54.018 18668 18668 I PhoneLab-Locks: wake lock acquired
07-08 07:25:54.042 18668 18855 I PhoneLab-PeriodicCheckService: User info is synched
07-08 07:25:54.046 18668 18855 I PhoneLab-PeriodicCheckService: Logger Service is running
07-08 07:25:54.049 18668 18668 I PhoneLab-Locks: wake lock acquired
07-08 07:25:54.057 18668 18668 I PhoneLab-StatusMonitor: Status Monitoring is started
07-08 07:25:54.061 18668 18855 I PhoneLab-Locks: wake lock acquired
07-08 07:25:54.065 18668 18855 I PhoneLab-PeriodicCheckService: Rescheduling periodic checking...
07-08 07:25:54.069 18668 18855 I PhoneLab-Locks: wake lock released
07-08 07:25:54.081 18668 18668 E PhoneLab-PhoneLabManifest: java.io.FileNotFoundException: /data/data/edu.buffalo.cse.phonelab.phonelabservices/files/manifest.xml: open failed: ENOENT (No such file or directory)
07-08 07:25:54.124 18668 18668 I PhoneLab-Locks: wake lock released
07-08 07:25:54.124 18668 18668 I PhoneLab-UploadLogs: Transfering log files now
07-08 07:25:54.124 18668 18668 I PhoneLab-UploadLogs: No log files to transfer
07-08 07:25:54.124 18668 18668 I PhoneLab-Locks: wake lock released
07-08 07:25:54.128 18668 18668 I PhoneLab-UploadLogs: OnStartCommand
07-08 07:25:57.592 18668 18681 I PhoneLab-: Service Running
07-08 07:25:57.678 18668 18681 I PhoneLab-LoggerService: app_37    1296  1     1436   996   c00f181c 400107b4 S logcat
07-08 07:25:57.678 18668 18681 I PhoneLab-LoggerService: Logcat pid from database 1296
07-08 07:25:57.678 18668 18681 I PhoneLab-LoggerService: Logcat process found 1296
07-08 07:25:57.678 18668 18681 I PhoneLab-LoggerService: Checking Threshold
07-08 07:26:01.436 18516 18519 D dalvikvm: GC_CONCURRENT freed 654K, 7% free 10404K/11143K, paused 2ms+3ms
07-08 07:26:29.577   143   200 D DhcpInfoInternal: makeLinkProperties with empty dns2!
07-08 07:26:29.581   143   200 D DhcpInfoInternal: makeLinkProperties with empty dns2!
07-08 07:26:31.698   344   344 D SAN_SERVICE: *******************************************
07-08 07:26:31.698   344   344 D SAN_SERVICE: DM App Phone Service State - 0
07-08 07:26:31.698   344   344 D SAN_SERVICE: *******************************************
07-08 07:26:31.948   344   344 D SAN_SERVICE: *******************************************
07-08 07:26:31.948   344   344 D SAN_SERVICE: DM App Phone Service State - 0
07-08 07:26:31.948   344   344 D SAN_SERVICE: *******************************************
07-08 07:26:47.073   344   344 D SAN_SERVICE: *******************************************
07-08 07:26:47.073   344   344 D SAN_SERVICE: DM App Phone Service State - 0
07-08 07:26:47.073   344   344 D SAN_SERVICE: *******************************************
07-08 07:26:47.335   344   344 D SAN_SERVICE: *******************************************
07-08 07:26:47.335   344   344 D SAN_SERVICE: DM App Phone Service State - 0
07-08 07:26:47.335   344   344 D SAN_SERVICE: *******************************************
07-08 07:26:47.823   344   344 D SAN_SERVICE: *******************************************
07-08 07:26:47.823   344   344 D SAN_SERVICE: DM App Phone Service State - 0
07-08 07:26:47.823   344   344 D SAN_SERVICE: *******************************************
07-08 07:26:54.596   143   177 I power   : *** set_screen_state 1
07-08 07:26:54.756   143   177 I WindowManager: Lock screen displayed!
07-08 07:26:54.866    78   121 D SurfaceFlinger: Screen about to return, flinger = 0x1ddb918
07-08 07:27:00.780   221   221 D PhoneStatusBar: disable: < expand icons alerts ticker system_info BACK HOME recent* CLOCK >
07-08 07:27:00.831   221   221 D PhoneStatusBar: disable: < expand icons alerts ticker system_info back* home* recent clock* >
07-08 07:27:00.850   143  1922 W InputManagerService: Window already focused, ignoring focus gain of: com.android.internal.view.IInputMethodClient$Stub$Proxy@41863ea8
07-08 07:27:01.124   305   309 D dalvikvm: GC_CONCURRENT freed 355K, 6% free 10485K/11079K, paused 6ms+6ms
07-08 07:27:01.491 14258 14261 D dalvikvm: GC_CONCURRENT freed 498K, 7% free 10266K/11015K, paused 2ms+4ms
07-08 07:27:01.600 15135 15138 D dalvikvm: GC_CONCURRENT freed 319K, 6% free 9798K/10375K, paused 2ms+4ms
07-08 07:27:02.338   344   344 D SAN_SERVICE: *******************************************
07-08 07:27:02.338   344   344 D SAN_SERVICE: DM App Phone Service State - 0
07-08 07:27:02.342   344   344 D SAN_SERVICE: *******************************************
07-08 07:27:04.717   371   372 D dalvikvm: GC_CONCURRENT freed 654K, 24% free 11842K/15559K, paused 3ms+4ms
07-08 07:27:04.815   143   308 I ActivityManager: START {act=android.intent.action.MAIN cat=[android.intent.category.LAUNCHER] flg=0x10200000 cmp=com.google.android.gm/.ConversationListActivityGmail bnds=[0,556][120,706]} from pid 371
07-08 07:27:04.987   143  1922 I ActivityManager: Start proc com.google.android.gm for activity com.google.android.gm/.ConversationListActivityGmail: pid=18881 uid=10075 gids={3003, 1015}
07-08 07:27:05.155   371   371 D OpenGLRenderer: Flushing caches (mode 1)
07-08 07:27:05.159   371   371 D OpenGLRenderer: Flushing caches (mode 0)
07-08 07:27:05.174 18881 18881 I ActivityThread: Pub gmail-ls: com.google.android.gm.provider.MailProvider
07-08 07:27:05.229 18881 18881 I ActivityThread: Pub com.google.android.gm: com.google.android.gm.provider.PublicContentProvider
07-08 07:27:05.237 18881 18881 I ActivityThread: Pub com.google.android.gmail.SuggestionProvider: com.google.android.gm.SuggestionsProvider
07-08 07:27:05.362 18881 18883 D dalvikvm: GC_CONCURRENT freed 267K, 4% free 9268K/9607K, paused 2ms+5ms
07-08 07:27:05.503   143   159 I Process : Sending signal. PID: 18881 SIG: 3
07-08 07:27:05.503 18881 18885 I dalvikvm: threadid=3: reacting to signal 3
07-08 07:27:05.819 18881 18885 I dalvikvm: Wrote stack traces to '/data/anr/traces.txt'
07-08 07:27:05.944 18881 18883 D dalvikvm: GC_CONCURRENT freed 208K, 4% free 9496K/9799K, paused 2ms+3ms
07-08 07:27:05.991 18881 18898 I Gmail   : calculateUnknownSyncRationalesAndPurgeInBackground: queueing
07-08 07:27:05.995   143   159 I Process : Sending signal. PID: 18881 SIG: 3
07-08 07:27:05.995 18881 18885 I dalvikvm: threadid=3: reacting to signal 3
07-08 07:27:05.999 18881 18885 I dalvikvm: Wrote stack traces to '/data/anr/traces.txt'
07-08 07:27:06.014 18881 18898 I Gmail   : calculateUnknownSyncRationalesAndPurgeInBackground: queueing
07-08 07:27:06.038 18881 18898 I Gmail   : calculateUnknownSyncRationalesAndPurgeInBackground: running
07-08 07:27:06.038 18881 18898 I Gmail   : calculateUnknownSyncRationalesAndPurgeInBackground: running
07-08 07:27:06.417 18881 18883 D dalvikvm: GC_CONCURRENT freed 192K, 3% free 9766K/10055K, paused 4ms+3ms
07-08 07:27:06.487 18881 18881 D libEGL  : loaded /system/lib/egl/libGLES_android.so
07-08 07:27:06.495   143   159 I Process : Sending signal. PID: 18881 SIG: 3
07-08 07:27:06.495 18881 18885 I dalvikvm: threadid=3: reacting to signal 3
07-08 07:27:06.503 18881 18885 I dalvikvm: Wrote stack traces to '/data/anr/traces.txt'
07-08 07:27:06.503 18881 18881 D libEGL  : loaded /vendor/lib/egl/libEGL_POWERVR_SGX540_120.so
07-08 07:27:06.538 18881 18881 D libEGL  : loaded /vendor/lib/egl/libGLESv1_CM_POWERVR_SGX540_120.so
07-08 07:27:06.542 18881 18881 D libEGL  : loaded /vendor/lib/egl/libGLESv2_POWERVR_SGX540_120.so
07-08 07:27:06.682 18881 18881 D OpenGLRenderer: Enabling debug mode 0
07-08 07:27:06.819   143   176 I ActivityManager: Displayed com.google.android.gm/.ConversationListActivityGmail: +1s877ms
07-08 07:27:07.260 18881 18883 D dalvikvm: GC_CONCURRENT freed 247K, 4% free 9966K/10311K, paused 8ms+3ms
07-08 07:27:07.546 18881 18888 D dalvikvm: null clazz in OP_INSTANCE_OF, single-stepping
07-08 07:27:07.608 18881 18908 I Gmail   : Sending notification intent: Intent { act=android.intent.action.PROVIDER_CHANGED dat=content://gmail-ls/unread/^i (has extras) }
07-08 07:27:07.768   143 18910 W NotificationService: STOP command without a player
07-08 07:27:07.932   221   223 D dalvikvm: GC_CONCURRENT freed 569K, 31% free 9889K/14215K, paused 3ms+3ms
07-08 07:27:08.034   221   223 D dalvikvm: GC_CONCURRENT freed 530K, 32% free 9782K/14215K, paused 1ms+3ms
07-08 07:27:10.846   143   181 I ActivityManager: START {act=android.intent.action.MAIN cat=[android.intent.category.HOME] flg=0x10200000 cmp=com.android.launcher/com.android.launcher2.Launcher} from pid 143
07-08 07:27:11.069 18881 18881 D OpenGLRenderer: Flushing caches (mode 0)
07-08 07:27:11.100   143   400 W InputManagerService: Starting input on non-focused client com.android.internal.view.IInputMethodClient$Stub$Proxy@4137e6a8 (uid=10075 pid=18881)
07-08 07:27:11.112 18881 18881 D OpenGLRenderer: Flushing caches (mode 1)
07-08 07:27:11.756   143   173 I power   : *** set_screen_state 0
07-08 07:27:11.838    78   121 D SurfaceFlinger: About to give-up screen, flinger = 0x1ddb918
07-08 07:27:11.979   143   177 V TransportControlView: Create TCV com.android.internal.widget.TransportControlView@4190ea10
07-08 07:27:12.034   221   221 D PhoneStatusBar: disable: < expand icons alerts ticker system_info back home RECENT* clock >
07-08 07:27:12.061   221   221 D PhoneStatusBar: disable: < expand icons alerts ticker system_info BACK* HOME* RECENT CLOCK* >
07-08 07:27:12.124   143   387 I WindowManager: WIN DEATH: Window{415f8bb8 org.mozilla.firefox_beta/org.mozilla.firefox_beta.App paused=false}
07-08 07:27:12.124   143   387 W WindowManager: Force-removing child win Window{41714798 SurfaceView paused=false} from container Window{415f8bb8 org.mozilla.firefox_beta/org.mozilla.firefox_beta.App paused=false}
07-08 07:27:12.128   143 11000 I ActivityManager: Process org.mozilla.firefox_beta (pid 7174) has died.
07-08 07:27:12.256   143 11000 D dalvikvm: GC_FOR_ALLOC freed 1136K, 12% free 17480K/19847K, paused 70ms
07-08 07:27:14.116 18516 18519 D dalvikvm: GC_CONCURRENT freed 389K, 7% free 10403K/11143K, paused 17ms+2ms
07-08 07:27:17.741   143   155 W ActivityManager: finishReceiver called but no pending broadcasts
07-08 07:27:17.760   344   344 D SAN_SERVICE: *******************************************
07-08 07:27:17.760   344   344 D SAN_SERVICE: DM App Phone Service State - 0
07-08 07:27:17.760   344   344 D SAN_SERVICE: *******************************************
07-08 07:27:17.842 18516 18519 D dalvikvm: GC_CONCURRENT freed 383K, 6% free 10531K/11143K, paused 2ms+3ms
07-08 07:27:18.034   344   344 D SAN_SERVICE: *******************************************
07-08 07:27:18.034   344   344 D SAN_SERVICE: DM App Phone Service State - 0
07-08 07:27:18.034   344   344 D SAN_SERVICE: *******************************************
07-08 07:27:18.534   344   344 D SAN_SERVICE: *******************************************
07-08 07:27:18.534   344   344 D SAN_SERVICE: DM App Phone Service State - 0
07-08 07:27:18.534   344   344 D SAN_SERVICE: *******************************************
07-08 07:27:48.858   344   344 D SAN_SERVICE: *******************************************
07-08 07:27:48.858   344   344 D SAN_SERVICE: DM App Phone Service State - 0
07-08 07:27:48.858   344   344 D SAN_SERVICE: *******************************************
07-08 07:27:57.592 18668 18681 I PhoneLab-: Service Running
07-08 07:27:57.866 18668 18681 I PhoneLab-LoggerService: app_37    1296  1     1436   996   c00f181c 400107b4 S logcat
07-08 07:27:57.885 18668 18670 D dalvikvm: GC_CONCURRENT freed 400K, 6% free 9113K/9607K, paused 8ms+14ms
07-08 07:27:57.889 18668 18681 I PhoneLab-LoggerService: Logcat pid from database 1296
07-08 07:27:57.893 18668 18681 I PhoneLab-LoggerService: Logcat process found 1296
07-08 07:27:57.893 18668 18681 I PhoneLab-LoggerService: Checking Threshold
07-08 07:28:14.112   344   344 D SAN_SERVICE: *******************************************
07-08 07:28:14.112   344   344 D SAN_SERVICE: DM App Phone Service State - 0
07-08 07:28:14.112   344   344 D SAN_SERVICE: *******************************************
07-08 07:28:14.366   344   344 D SAN_SERVICE: *******************************************
07-08 07:28:14.366   344   344 D SAN_SERVICE: DM App Phone Service State - 0
07-08 07:28:14.366   344   344 D SAN_SERVICE: *******************************************
07-08 07:28:14.862   344   344 D SAN_SERVICE: *******************************************
07-08 07:28:14.862   344   344 D SAN_SERVICE: DM App Phone Service State - 0
07-08 07:28:14.862   344   344 D SAN_SERVICE: *******************************************
07-08 07:28:24.378   344   344 D SAN_SERVICE: *******************************************
07-08 07:28:24.378   344   344 D SAN_SERVICE: DM App Phone Service State - 0
07-08 07:28:24.378   344   344 D SAN_SERVICE: *******************************************
07-08 07:28:39.729   344   344 D SAN_SERVICE: *******************************************
07-08 07:28:39.729   344   344 D SAN_SERVICE: DM App Phone Service State - 0
07-08 07:28:39.729   344   344 D SAN_SERVICE: *******************************************
07-08 07:28:40.471   344   344 D SAN_SERVICE: *******************************************
07-08 07:28:40.471   344   344 D SAN_SERVICE: DM App Phone Service State - 0
07-08 07:28:40.471   344   344 D SAN_SERVICE: *******************************************
07-08 07:28:49.956   344   344 D SAN_SERVICE: *******************************************
07-08 07:28:49.956   344   344 D SAN_SERVICE: DM App Phone Service State - 0
07-08 07:28:49.956   344   344 D SAN_SERVICE: *******************************************
07-08 07:28:50.186   344   344 D SAN_SERVICE: *******************************************
07-08 07:28:50.186   344   344 D SAN_SERVICE: DM App Phone Service State - 0
07-08 07:28:50.186   344   344 D SAN_SERVICE: *******************************************
07-08 07:28:50.506   344   344 D SAN_SERVICE: *******************************************
07-08 07:28:50.506   344   344 D SAN_SERVICE: DM App Phone Service State - 0
07-08 07:28:50.506   344   344 D SAN_SERVICE: *******************************************
07-08 07:28:50.733   344   344 D SAN_SERVICE: *******************************************
07-08 07:28:50.733   344   344 D SAN_SERVICE: DM App Phone Service State - 0
07-08 07:28:50.733   344   344 D SAN_SERVICE: *******************************************
07-08 07:28:50.756   344   350 D dalvikvm: GC_CONCURRENT freed 441K, 6% free 9489K/10055K, paused 13ms+2ms
07-08 07:28:50.796 18516 18519 D dalvikvm: GC_CONCURRENT freed 507K, 7% free 10409K/11143K, paused 1ms+2ms
07-08 07:28:50.967   344   344 D SAN_SERVICE: *******************************************
07-08 07:28:50.967   344   344 D SAN_SERVICE: DM App Phone Service State - 0
07-08 07:28:50.967   344   344 D SAN_SERVICE: *******************************************
07-08 07:28:51.194   344   344 D SAN_SERVICE: *******************************************
07-08 07:28:51.194   344   344 D SAN_SERVICE: DM App Phone Service State - 0
07-08 07:28:51.194   344   344 D SAN_SERVICE: *******************************************
07-08 07:28:51.495   344   344 D SAN_SERVICE: *******************************************
07-08 07:28:51.495   344   344 D SAN_SERVICE: DM App Phone Service State - 0
07-08 07:28:51.495   344   344 D SAN_SERVICE: *******************************************
07-08 07:28:54.471   143   200 D DhcpInfoInternal: makeLinkProperties with empty dns2!
07-08 07:28:54.475   143   200 D DhcpInfoInternal: makeLinkProperties with empty dns2!
07-08 07:28:55.409   344   344 D SAN_SERVICE: *******************************************
07-08 07:28:55.409   344   344 D SAN_SERVICE: DM App Phone Service State - 0
07-08 07:28:55.409   344   344 D SAN_SERVICE: *******************************************
07-08 07:28:55.479   344   344 D SAN_SERVICE: *******************************************
07-08 07:28:55.479   344   344 D SAN_SERVICE: DM App Phone Service State - 0
07-08 07:28:55.479   344   344 D SAN_SERVICE: *******************************************
07-08 07:28:55.596   344   344 D SAN_SERVICE: *******************************************
07-08 07:28:55.596   344   344 D SAN_SERVICE: DM App Phone Service State - 0
07-08 07:28:55.596   344   344 D SAN_SERVICE: *******************************************
07-08 07:28:56.405   344   344 D SAN_SERVICE: *******************************************
07-08 07:28:56.405   344   344 D SAN_SERVICE: DM App Phone Service State - 0
07-08 07:28:56.405   344   344 D SAN_SERVICE: *******************************************
07-08 07:29:00.456   344   344 D SAN_SERVICE: *******************************************
07-08 07:29:00.456   344   344 D SAN_SERVICE: DM App Phone Service State - 0
07-08 07:29:00.460   344   344 D SAN_SERVICE: *******************************************
07-08 07:29:01.510   143 11000 D dalvikvm: GC_EXPLICIT freed 1169K, 16% free 16852K/19847K, paused 3ms+6ms
07-08 07:29:01.620 14258 14261 D dalvikvm: GC_CONCURRENT freed 480K, 7% free 10296K/11015K, paused 2ms+9ms
07-08 07:29:07.460   305  1274 I EventLogService: Aggregate from 1341745147345 (log), 1341745147345 (data)
07-08 07:29:10.479   344   344 D SAN_SERVICE: *******************************************
07-08 07:29:10.479   344   344 D SAN_SERVICE: DM App Phone Service State - 0
07-08 07:29:10.479   344   344 D SAN_SERVICE: *******************************************
07-08 07:29:10.694   344   344 D SAN_SERVICE: *******************************************
07-08 07:29:10.694   344   344 D SAN_SERVICE: DM App Phone Service State - 0
07-08 07:29:10.694   344   344 D SAN_SERVICE: *******************************************
07-08 07:29:11.456   344   344 D SAN_SERVICE: *******************************************
07-08 07:29:11.456   344   344 D SAN_SERVICE: DM App Phone Service State - 0
07-08 07:29:11.456   344   344 D SAN_SERVICE: *******************************************
07-08 07:29:25.776   344   344 D SAN_SERVICE: *******************************************
07-08 07:29:25.776   344   344 D SAN_SERVICE: DM App Phone Service State - 0
07-08 07:29:25.776   344   344 D SAN_SERVICE: *******************************************
07-08 07:29:26.526   344   344 D SAN_SERVICE: *******************************************
07-08 07:29:26.530   344   344 D SAN_SERVICE: DM App Phone Service State - 0
07-08 07:29:26.530   344   344 D SAN_SERVICE: *******************************************
07-08 07:29:37.756   344   344 D SAN_SERVICE: *******************************************
07-08 07:29:37.756   344   344 D SAN_SERVICE: DM App Phone Service State - 0
07-08 07:29:37.756   344   344 D SAN_SERVICE: *******************************************
07-08 07:29:38.491   344   344 D SAN_SERVICE: *******************************************
07-08 07:29:38.491   344   344 D SAN_SERVICE: DM App Phone Service State - 0
07-08 07:29:38.491   344   344 D SAN_SERVICE: *******************************************
07-08 07:29:57.588 18668 18681 I PhoneLab-: Service Running
07-08 07:29:57.667 18668 18681 I PhoneLab-LoggerService: app_37    1296  1     1436   996   c00f181c 400107b4 S logcat
07-08 07:29:57.667 18668 18681 I PhoneLab-LoggerService: Logcat pid from database 1296
07-08 07:29:57.667 18668 18681 I PhoneLab-LoggerService: Logcat process found 1296
07-08 07:29:57.667 18668 18681 I PhoneLab-LoggerService: Checking Threshold
07-08 07:30:01.475 18516 18519 D dalvikvm: GC_CONCURRENT freed 502K, 7% free 10419K/11143K, paused 2ms+3ms
07-08 07:30:17.963 18776 18777 D dalvikvm: GC_CONCURRENT freed 553K, 7% free 9880K/10567K, paused 12ms+2ms
07-08 07:30:21.620   143   400 W ActivityManager: finishReceiver called but no pending broadcasts
07-08 07:30:21.733 18516 18519 D dalvikvm: GC_CONCURRENT freed 388K, 6% free 10542K/11143K, paused 1ms+2ms
07-08 07:30:34.108 17709 17711 D dalvikvm: GC_CONCURRENT freed 1162K, 14% free 11680K/13511K, paused 9ms+4ms
07-08 07:30:34.776 17709 17716 I dalvikvm: Jit: resizing JitTable from 4096 to 8192
07-08 07:30:34.944 17709 17711 D dalvikvm: GC_CONCURRENT freed 405K, 11% free 12040K/13511K, paused 2ms+2ms
07-08 07:31:01.631 14258 14261 D dalvikvm: GC_CONCURRENT freed 532K, 7% free 10272K/11015K, paused 2ms+3ms
07-08 07:31:13.342   344   344 D SAN_SERVICE: *******************************************
07-08 07:31:13.342   344   344 D SAN_SERVICE: DM App Phone Service State - 0
07-08 07:31:13.342   344   344 D SAN_SERVICE: *******************************************
07-08 07:31:13.565   344   344 D SAN_SERVICE: *******************************************
07-08 07:31:13.569   344   344 D SAN_SERVICE: DM App Phone Service State - 0
07-08 07:31:13.569   344   344 D SAN_SERVICE: *******************************************
07-08 07:31:19.163   143   200 D DhcpInfoInternal: makeLinkProperties with empty dns2!
07-08 07:31:19.163   143   200 D DhcpInfoInternal: makeLinkProperties with empty dns2!
07-08 07:31:28.686   344   344 D SAN_SERVICE: *******************************************
07-08 07:31:28.686   344   344 D SAN_SERVICE: DM App Phone Service State - 0
07-08 07:31:28.686   344   344 D SAN_SERVICE: *******************************************
07-08 07:31:29.432   344   344 D SAN_SERVICE: *******************************************
07-08 07:31:29.432   344   344 D SAN_SERVICE: DM App Phone Service State - 0
07-08 07:31:29.432   344   344 D SAN_SERVICE: *******************************************
07-08 07:31:48.561   143   175 I ActivityManager: Start proc com.google.android.apps.plus for service com.google.android.apps.plus/.service.EsService: pid=18965 uid=10060 gids={3003, 3002, 1015, 1006}
07-08 07:31:48.604    79    79 D dalvikvm: GC_EXPLICIT freed 37K, 4% free 9031K/9347K, paused 1ms+2ms
07-08 07:31:48.635    79    79 D dalvikvm: GC_EXPLICIT freed <1K, 4% free 9031K/9347K, paused 1ms+2ms
07-08 07:31:48.659    79    79 D dalvikvm: GC_EXPLICIT freed <1K, 4% free 9031K/9347K, paused 1ms+2ms
07-08 07:31:49.030 18965 18967 D dalvikvm: GC_CONCURRENT freed 174K, 3% free 9362K/9607K, paused 2ms+2ms
07-08 07:31:49.163 18965 18965 I ActivityThread: Pub com.google.android.apps.plus.content.ApiProvider: com.google.android.apps.plus.content.EsApiProvider
07-08 07:31:49.206 18965 18965 I ActivityThread: Pub com.google.android.apps.plus.content.EsGooglePhotoProvider: com.google.android.picasasync.PicasaContentProvider
07-08 07:31:49.413 18965 18967 D dalvikvm: GC_CONCURRENT freed 336K, 5% free 9580K/9991K, paused 2ms+5ms
07-08 07:31:49.444 18965 18965 I ActivityThread: Pub com.google.android.apps.plus.content.EsPicasaStoreProvider: com.google.android.picasastore.PicasaPhotoContentProvider
07-08 07:31:49.467 18965 18965 I ActivityThread: Pub com.google.plus.platform: com.google.android.apps.plus.content.AdsProvider
07-08 07:31:49.479 18965 18965 I ActivityThread: Pub com.google.android.apps.plus.iu.EsGoogleIuProvider: com.google.android.apps.plus.iu.InstantUploadProvider
07-08 07:31:49.553 18965 18967 D dalvikvm: GC_CONCURRENT freed 501K, 6% free 9608K/10183K, paused 1ms+2ms
07-08 07:31:49.557 18965 18965 I ActivityThread: Pub com.google.android.apps.plus.content.EsProvider: com.google.android.apps.plus.content.EsProvider
07-08 07:31:49.631 18481 18484 D dalvikvm: GC_CONCURRENT freed 431K, 6% free 10752K/11335K, paused 11ms+3ms
07-08 07:31:49.651 18965 18979 D PicasaPhotoCP: set fsid first time:-1
07-08 07:31:49.815 18965 18967 D dalvikvm: GC_CONCURRENT freed 228K, 5% free 9832K/10247K, paused 4ms+2ms
07-08 07:31:49.967 18965 18967 D dalvikvm: GC_CONCURRENT freed 129K, 3% free 10146K/10375K, paused 2ms+2ms
07-08 07:31:50.057 18965 18967 D dalvikvm: GC_CONCURRENT freed 270K, 4% free 10334K/10759K, paused 1ms+2ms
07-08 07:31:50.096 18965 18981 D dalvikvm: GC_FOR_ALLOC freed 114K, 4% free 10461K/10887K, paused 18ms
07-08 07:31:50.100 18965 18981 I dalvikvm-heap: Grow heap (frag case) to 10.533MB for 260112-byte allocation
07-08 07:31:50.120 18965 18981 D dalvikvm: GC_FOR_ALLOC freed 126K, 5% free 10589K/11143K, paused 19ms
07-08 07:31:50.147 18965 18981 D dalvikvm: GC_FOR_ALLOC freed 311K, 6% free 10582K/11143K, paused 18ms
07-08 07:31:50.167 18965 18981 D dalvikvm: GC_FOR_ALLOC freed 62K, 5% free 10646K/11143K, paused 18ms
07-08 07:31:50.167 18965 18981 I dalvikvm-heap: Grow heap (frag case) to 10.713MB for 260112-byte allocation
07-08 07:31:50.190 18965 18981 D dalvikvm: GC_FOR_ALLOC freed 126K, 6% free 10774K/11399K, paused 18ms
07-08 07:31:50.213 18965 18981 D dalvikvm: GC_FOR_ALLOC freed 369K, 6% free 10829K/11399K, paused 18ms
07-08 07:31:50.233 18965 18981 D dalvikvm: GC_FOR_ALLOC freed 126K, 4% free 10957K/11399K, paused 18ms
07-08 07:31:50.366 18965 18967 D dalvikvm: GC_CONCURRENT freed 344K, 4% free 11208K/11655K, paused 2ms+2ms
07-08 07:31:50.499 18965 18967 D dalvikvm: GC_CONCURRENT freed 139K, 3% free 11732K/11975K, paused 2ms+2ms
07-08 07:31:50.686 18965 18967 D dalvikvm: GC_CONCURRENT freed 543K, 6% free 12013K/12679K, paused 2ms+3ms
07-08 07:31:50.870 18965 18967 D dalvikvm: GC_CONCURRENT freed 209K, 3% free 12739K/13063K, paused 2ms+2ms
07-08 07:31:51.096 18965 18982 I SqliteDatabaseCpp: sqlite returned: error code = 1, msg = no such column: wipeout_stats, db=/data/data/com.google.android.apps.plus/databases/es0.db
07-08 07:31:51.100 18965 18982 W System.err: android.database.sqlite.SQLiteException: no such column: wipeout_stats: , while compiling: SELECT wipeout_stats  FROM account_status
07-08 07:31:51.116 18965 18982 W System.err: 	at android.database.sqlite.SQLiteCompiledSql.native_compile(Native Method)
07-08 07:31:51.116 18965 18982 W System.err: 	at android.database.sqlite.SQLiteCompiledSql.<init>(SQLiteCompiledSql.java:68)
07-08 07:31:51.116 18965 18982 W System.err: 	at android.database.sqlite.SQLiteProgram.compileSql(SQLiteProgram.java:143)
07-08 07:31:51.116 18965 18982 W System.err: 	at android.database.sqlite.SQLiteProgram.compileAndbindAllArgs(SQLiteProgram.java:361)
07-08 07:31:51.116 18965 18982 W System.err: 	at android.database.sqlite.SQLiteStatement.acquireAndLock(SQLiteStatement.java:260)
07-08 07:31:51.116 18965 18982 W System.err: 	at android.database.sqlite.SQLiteStatement.simpleQueryForLong(SQLiteStatement.java:137)
07-08 07:31:51.116 18965 18982 W System.err: 	at android.database.DatabaseUtils.longForQuery(DatabaseUtils.java:791)
07-08 07:31:51.116 18965 18982 W System.err: 	at android.database.DatabaseUtils.longForQuery(DatabaseUtils.java:779)
07-08 07:31:51.116 18965 18982 W System.err: 	at com.google.android.apps.plus.content.EsAccountsData.isContactsStatsWipeoutNeeded(EsAccountsData.java:641)
07-08 07:31:51.116 18965 18982 W System.err: 	at com.google.android.apps.plus.service.EsService.processIntent(EsService.java:4246)
07-08 07:31:51.116 18965 18982 W System.err: 	at com.google.android.apps.plus.service.ServiceThread$1.run(ServiceThread.java:50)
07-08 07:31:51.116 18965 18982 W System.err: 	at android.os.Handler.handleCallback(Handler.java:605)
07-08 07:31:51.116 18965 18982 W System.err: 	at android.os.Handler.dispatchMessage(Handler.java:92)
07-08 07:31:51.120 18965 18982 W System.err: 	at android.os.Looper.loop(Looper.java:137)
07-08 07:31:51.120 18965 18982 W System.err: 	at com.google.android.apps.plus.service.ServiceThread.run(ServiceThread.java:122)
07-08 07:31:54.526   344   344 D SAN_SERVICE: *******************************************
07-08 07:31:54.526   344   344 D SAN_SERVICE: DM App Phone Service State - 0
07-08 07:31:54.526   344   344 D SAN_SERVICE: *******************************************
07-08 07:31:54.764   344   344 D SAN_SERVICE: *******************************************
07-08 07:31:54.764   344   344 D SAN_SERVICE: DM App Phone Service State - 0
07-08 07:31:54.764   344   344 D SAN_SERVICE: *******************************************
07-08 07:31:57.588 18668 18681 I PhoneLab-: Service Running
07-08 07:31:57.690 18668 18681 I PhoneLab-LoggerService: app_37    1296  1     1436   996   c00f181c 400107b4 S logcat
07-08 07:31:57.690 18668 18681 I PhoneLab-LoggerService: Logcat pid from database 1296
07-08 07:31:57.690 18668 18681 I PhoneLab-LoggerService: Logcat process found 1296
07-08 07:31:57.690 18668 18681 I PhoneLab-LoggerService: Checking Threshold
07-08 07:32:00.315 18516 18519 D dalvikvm: GC_CONCURRENT freed 519K, 7% free 10411K/11143K, paused 2ms+2ms
07-08 07:32:08.909 18516 18519 D dalvikvm: GC_CONCURRENT freed 368K, 6% free 10513K/11143K, paused 10ms+3ms
07-08 07:32:09.604   344   344 D SAN_SERVICE: *******************************************
07-08 07:32:09.604   344   344 D SAN_SERVICE: DM App Phone Service State - 0
07-08 07:32:09.604   344   344 D SAN_SERVICE: *******************************************
07-08 07:32:10.338   344   344 D SAN_SERVICE: *******************************************
07-08 07:32:10.338   344   344 D SAN_SERVICE: DM App Phone Service State - 0
07-08 07:32:10.338   344   344 D SAN_SERVICE: *******************************************
07-08 07:32:19.924   344   344 D SAN_SERVICE: *******************************************
07-08 07:32:19.924   344   344 D SAN_SERVICE: DM App Phone Service State - 0
07-08 07:32:19.924   344   344 D SAN_SERVICE: *******************************************
07-08 07:32:30.143   344   344 D SAN_SERVICE: *******************************************
07-08 07:32:30.143   344   344 D SAN_SERVICE: DM App Phone Service State - 0
07-08 07:32:30.143   344   344 D SAN_SERVICE: *******************************************
07-08 07:32:30.413   344   344 D SAN_SERVICE: *******************************************
07-08 07:32:30.413   344   344 D SAN_SERVICE: DM App Phone Service State - 0
07-08 07:32:30.413   344   344 D SAN_SERVICE: *******************************************
07-08 07:32:30.432   344   350 D dalvikvm: GC_CONCURRENT freed 443K, 6% free 9486K/10055K, paused 12ms+3ms
07-08 07:32:31.120   344   344 D SAN_SERVICE: *******************************************
07-08 07:32:31.120   344   344 D SAN_SERVICE: DM App Phone Service State - 0
07-08 07:32:31.120   344   344 D SAN_SERVICE: *******************************************
07-08 07:33:00.862   344   344 D SAN_SERVICE: *******************************************
07-08 07:33:00.862   344   344 D SAN_SERVICE: DM App Phone Service State - 0
07-08 07:33:00.862   344   344 D SAN_SERVICE: *******************************************
07-08 07:33:01.604 18516 18519 D dalvikvm: GC_CONCURRENT freed 480K, 6% free 10545K/11143K, paused 2ms+2ms
07-08 07:33:01.725 14258 14261 D dalvikvm: GC_CONCURRENT freed 475K, 7% free 10309K/11015K, paused 1ms+2ms
07-08 07:33:16.221   344   344 D SAN_SERVICE: *******************************************
07-08 07:33:16.221   344   344 D SAN_SERVICE: DM App Phone Service State - 0
07-08 07:33:16.225   344   344 D SAN_SERVICE: *******************************************
07-08 07:33:16.710   344   344 D SAN_SERVICE: *******************************************
07-08 07:33:16.710   344   344 D SAN_SERVICE: DM App Phone Service State - 0
07-08 07:33:16.710   344   344 D SAN_SERVICE: *******************************************
07-08 07:33:25.546   143   143 D dalvikvm: GC_EXPLICIT freed 1322K, 15% free 16901K/19847K, paused 3ms+7ms
07-08 07:33:25.546   143   308 W ActivityManager: finishReceiver called but no pending broadcasts
07-08 07:33:25.624 18516 18519 D dalvikvm: GC_CONCURRENT freed 395K, 5% free 10661K/11143K, paused 1ms+3ms
07-08 07:33:31.565   344   344 D SAN_SERVICE: *******************************************
07-08 07:33:31.565   344   344 D SAN_SERVICE: DM App Phone Service State - 0
07-08 07:33:31.565   344   344 D SAN_SERVICE: *******************************************
07-08 07:33:32.319   344   344 D SAN_SERVICE: *******************************************
07-08 07:33:32.323   344   344 D SAN_SERVICE: DM App Phone Service State - 0
07-08 07:33:32.323   344   344 D SAN_SERVICE: *******************************************
07-08 07:33:43.499   344   344 D SAN_SERVICE: *******************************************
07-08 07:33:43.499   344   344 D SAN_SERVICE: DM App Phone Service State - 0
07-08 07:33:43.499   344   344 D SAN_SERVICE: *******************************************
07-08 07:33:43.878   143   200 D DhcpInfoInternal: makeLinkProperties with empty dns2!
07-08 07:33:43.878   143   200 D DhcpInfoInternal: makeLinkProperties with empty dns2!
07-08 07:33:44.256   344   344 D SAN_SERVICE: *******************************************
07-08 07:33:44.256   344   344 D SAN_SERVICE: DM App Phone Service State - 0
07-08 07:33:44.256   344   344 D SAN_SERVICE: *******************************************
07-08 07:33:57.588 18668 18681 I PhoneLab-: Service Running
07-08 07:33:57.667 18668 18681 I PhoneLab-LoggerService: app_37    1296  1     1436   996   c00f181c 400107b4 S logcat
07-08 07:33:57.667 18668 18681 I PhoneLab-LoggerService: Logcat pid from database 1296
07-08 07:33:57.667 18668 18681 I PhoneLab-LoggerService: Logcat process found 1296
07-08 07:33:57.671 18668 18681 I PhoneLab-LoggerService: Checking Threshold
07-08 07:34:01.713 14258 14258 D dalvikvm: GC_EXPLICIT freed 125K, 8% free 10216K/11015K, paused 1ms+2ms
07-08 07:34:01.827 14258 14261 D dalvikvm: GC_CONCURRENT freed 269K, 7% free 10335K/11015K, paused 2ms+2ms
07-08 07:34:03.335 14258 14261 D dalvikvm: GC_CONCURRENT freed 217K, 5% free 10504K/11015K, paused 1ms+2ms
07-08 07:34:07.428   344   344 D SAN_SERVICE: *******************************************
07-08 07:34:07.428   344   344 D SAN_SERVICE: DM App Phone Service State - 0
07-08 07:34:07.428   344   344 D SAN_SERVICE: *******************************************
07-08 07:34:07.671   344   344 D SAN_SERVICE: *******************************************
07-08 07:34:07.671   344   344 D SAN_SERVICE: DM App Phone Service State - 0
07-08 07:34:07.671   344   344 D SAN_SERVICE: *******************************************
07-08 07:34:24.440   344   344 D SAN_SERVICE: *******************************************
07-08 07:34:24.440   344   344 D SAN_SERVICE: DM App Phone Service State - 0
07-08 07:34:24.440   344   344 D SAN_SERVICE: *******************************************
07-08 07:34:24.495   305   309 D dalvikvm: GC_CONCURRENT freed 429K, 6% free 10440K/11079K, paused 17ms+3ms
07-08 07:34:24.975   344   344 D SAN_SERVICE: *******************************************
07-08 07:34:24.975   344   344 D SAN_SERVICE: DM App Phone Service State - 0
07-08 07:34:24.975   344   344 D SAN_SERVICE: *******************************************
07-08 07:34:44.495   143   177 I power   : *** set_screen_state 1
07-08 07:34:44.588   143   177 I WindowManager: Lock screen displayed!
07-08 07:34:44.702    78   121 D SurfaceFlinger: Screen about to return, flinger = 0x1ddb918
07-08 07:34:46.264   143   173 I power   : *** set_screen_state 0
07-08 07:34:46.315    78   121 D SurfaceFlinger: About to give-up screen, flinger = 0x1ddb918
07-08 07:34:46.448   143   177 V TransportControlView: Create TCV com.android.internal.widget.TransportControlView@417714d0
07-08 07:34:58.624   344   344 D SAN_SERVICE: *******************************************
07-08 07:34:58.624   344   344 D SAN_SERVICE: DM App Phone Service State - 0
07-08 07:34:58.624   344   344 D SAN_SERVICE: *******************************************
07-08 07:34:59.362   344   344 D SAN_SERVICE: *******************************************
07-08 07:34:59.362   344   344 D SAN_SERVICE: DM App Phone Service State - 0
07-08 07:34:59.362   344   344 D SAN_SERVICE: *******************************************
07-08 07:35:01.768 18516 18519 D dalvikvm: GC_CONCURRENT freed 711K, 8% free 10540K/11335K, paused 2ms+2ms
07-08 07:35:01.827   305   412 D dalvikvm: GC_EXPLICIT freed 70K, 7% free 10378K/11079K, paused 2ms+3ms
07-08 07:35:05.452   344   344 D SAN_SERVICE: *******************************************
07-08 07:35:05.452   344   344 D SAN_SERVICE: DM App Phone Service State - 0
07-08 07:35:05.452   344   344 D SAN_SERVICE: *******************************************
07-08 07:35:24.233   344   344 D SAN_SERVICE: *******************************************
07-08 07:35:24.233   344   344 D SAN_SERVICE: DM App Phone Service State - 0
07-08 07:35:24.233   344   344 D SAN_SERVICE: *******************************************
07-08 07:35:24.729   344   344 D SAN_SERVICE: *******************************************
07-08 07:35:24.729   344   344 D SAN_SERVICE: DM App Phone Service State - 0
07-08 07:35:24.729   344   344 D SAN_SERVICE: *******************************************
07-08 07:35:35.178   143   154 W ActivityManager: finishReceiver called but no pending broadcasts
07-08 07:35:35.253 18516 18519 D dalvikvm: GC_CONCURRENT freed 395K, 6% free 10656K/11335K, paused 2ms+3ms
07-08 07:35:36.514 17709 17711 D dalvikvm: GC_CONCURRENT freed 1243K, 14% free 11681K/13511K, paused 2ms+4ms
07-08 07:35:50.323 18776 19036 D MediaPlayer: Couldn't open file on client side, trying server side
07-08 07:35:50.323    81   125 E MediaPlayerService: Couldn't open fd for content://settings/system/notification_sound
07-08 07:35:50.323 18776 19036 E MediaPlayer: Unable to to create media player
07-08 07:35:50.397 18776 19036 W AsyncPlayer: error loading sound for content://settings/system/notification_sound
07-08 07:35:50.397 18776 19036 W AsyncPlayer: java.io.IOException: setDataSource failed.: status=0x80000000
07-08 07:35:50.397 18776 19036 W AsyncPlayer: 	at android.media.MediaPlayer._setDataSource(Native Method)
07-08 07:35:50.397 18776 19036 W AsyncPlayer: 	at android.media.MediaPlayer.setDataSource(MediaPlayer.java:844)
07-08 07:35:50.397 18776 19036 W AsyncPlayer: 	at android.media.MediaPlayer.setDataSource(MediaPlayer.java:806)
07-08 07:35:50.397 18776 19036 W AsyncPlayer: 	at android.media.MediaPlayer.setDataSource(MediaPlayer.java:761)
07-08 07:35:50.397 18776 19036 W AsyncPlayer: 	at android.media.AsyncPlayer.startSound(AsyncPlayer.java:62)
07-08 07:35:50.397 18776 19036 W AsyncPlayer: 	at android.media.AsyncPlayer.access$200(AsyncPlayer.java:33)
07-08 07:35:50.397 18776 19036 W AsyncPlayer: 	at android.media.AsyncPlayer$Thread.run(AsyncPlayer.java:97)
07-08 07:35:50.506   221   223 D dalvikvm: GC_CONCURRENT freed 250K, 30% free 9961K/14215K, paused 4ms+4ms
07-08 07:35:50.588   221   223 D dalvikvm: GC_CONCURRENT freed 509K, 30% free 9957K/14215K, paused 2ms+4ms
07-08 07:35:57.592 18668 18681 I PhoneLab-: Service Running
07-08 07:35:57.678 18668 18681 I PhoneLab-LoggerService: app_37    1296  1     1436   996   c00f181c 400107b4 S logcat
07-08 07:35:57.678 18668 18681 I PhoneLab-LoggerService: Logcat pid from database 1296
07-08 07:35:57.678 18668 18681 I PhoneLab-LoggerService: Logcat process found 1296
07-08 07:35:57.678 18668 18681 I PhoneLab-LoggerService: Checking Threshold
07-08 07:36:00.319 18776 19039 W AsyncPlayer: STOP command without a player
07-08 07:36:01.917 14258 14261 D dalvikvm: GC_CONCURRENT freed 750K, 8% free 10316K/11143K, paused 2ms+2ms
07-08 07:36:04.299 18776 19042 D MediaPlayer: Couldn't open file on client side, trying server side
07-08 07:36:04.299    81    81 E MediaPlayerService: Couldn't open fd for content://settings/system/notification_sound
07-08 07:36:04.299 18776 19042 E MediaPlayer: Unable to to create media player
07-08 07:36:04.299 18776 19042 W AsyncPlayer: error loading sound for content://settings/system/notification_sound
07-08 07:36:04.299 18776 19042 W AsyncPlayer: java.io.IOException: setDataSource failed.: status=0x80000000
07-08 07:36:04.299 18776 19042 W AsyncPlayer: 	at android.media.MediaPlayer._setDataSource(Native Method)
07-08 07:36:04.299 18776 19042 W AsyncPlayer: 	at android.media.MediaPlayer.setDataSource(MediaPlayer.java:844)
07-08 07:36:04.299 18776 19042 W AsyncPlayer: 	at android.media.MediaPlayer.setDataSource(MediaPlayer.java:806)
07-08 07:36:04.299 18776 19042 W AsyncPlayer: 	at android.media.MediaPlayer.setDataSource(MediaPlayer.java:761)
07-08 07:36:04.299 18776 19042 W AsyncPlayer: 	at android.media.AsyncPlayer.startSound(AsyncPlayer.java:62)
07-08 07:36:04.299 18776 19042 W AsyncPlayer: 	at android.media.AsyncPlayer.access$200(AsyncPlayer.java:33)
07-08 07:36:04.299 18776 19042 W AsyncPlayer: 	at android.media.AsyncPlayer$Thread.run(AsyncPlayer.java:97)
07-08 07:36:04.331   221   223 D dalvikvm: GC_CONCURRENT freed 458K, 31% free 9884K/14215K, paused 2ms+2ms
07-08 07:36:04.342 18776 18785 W MediaPlayer-JNI: MediaPlayer finalized without being released
07-08 07:36:04.342 18776 18785 W MediaPlayer-JNI: MediaPlayer finalized without being released
07-08 07:36:04.346 18776 18777 D dalvikvm: GC_CONCURRENT freed 364K, 7% free 9932K/10567K, paused 7ms+3ms
07-08 07:36:08.772   143   200 D DhcpInfoInternal: makeLinkProperties with empty dns2!
07-08 07:36:08.776   143   200 D DhcpInfoInternal: makeLinkProperties with empty dns2!
07-08 07:36:14.264 18776 19061 W AsyncPlayer: STOP command without a player
07-08 07:36:33.522   221   223 D dalvikvm: GC_CONCURRENT freed 389K, 31% free 9919K/14215K, paused 1ms+3ms
07-08 07:36:33.573   221   223 D dalvikvm: GC_CONCURRENT freed 453K, 31% free 9915K/14215K, paused 1ms+2ms
07-08 07:36:33.608 18516 18519 D dalvikvm: GC_CONCURRENT freed 535K, 8% free 10538K/11335K, paused 2ms+8ms
07-08 07:36:33.659   221   223 D dalvikvm: GC_CONCURRENT freed 424K, 31% free 9948K/14215K, paused 2ms+3ms
07-08 07:36:40.764    86   472 E GPSD    : ril_gps_wait_for_ril: Response already received.
07-08 07:36:41.588 18516 18519 D dalvikvm: GC_CONCURRENT freed 146K, 5% free 10782K/11335K, paused 41ms+2ms
07-08 07:36:41.702 14258 14261 D dalvikvm: GC_CONCURRENT freed 518K, 8% free 10303K/11143K, paused 2ms+4ms
07-08 07:36:43.463   143   400 W ActivityManager: finishReceiver called but no pending broadcasts
07-08 07:36:43.663   221   223 D dalvikvm: GC_CONCURRENT freed 458K, 31% free 9910K/14215K, paused 2ms+2ms
07-08 07:36:43.713   221   223 D dalvikvm: GC_CONCURRENT freed 317K, 30% free 10044K/14215K, paused 2ms+2ms
07-08 07:36:43.850   221   223 D dalvikvm: GC_CONCURRENT freed 533K, 31% free 9909K/14215K, paused 2ms+3ms
07-08 07:36:43.878 18516 18519 D dalvikvm: GC_CONCURRENT freed 689K, 7% free 10694K/11463K, paused 2ms+19ms
07-08 07:36:43.909 14258 14261 D dalvikvm: GC_CONCURRENT freed 530K, 8% free 10272K/11143K, paused 2ms+3ms
07-08 07:37:00.616 18516 18519 D dalvikvm: GC_CONCURRENT freed 177K, 5% free 10948K/11463K, paused 1ms+3ms
07-08 07:37:01.983   143   145 D dalvikvm: GC_CONCURRENT freed 1704K, 15% free 17054K/19847K, paused 3ms+7ms
07-08 07:37:05.897   143   403 D dalvikvm: GC_EXPLICIT freed 143K, 15% free 16921K/19847K, paused 3ms+5ms
07-08 07:37:57.588 18668 18681 I PhoneLab-: Service Running
07-08 07:37:57.686 18668 18681 I PhoneLab-LoggerService: app_37    1296  1     1436   996   c00f181c 400107b4 S logcat
07-08 07:37:57.690 18668 18681 I PhoneLab-LoggerService: Logcat pid from database 1296
07-08 07:37:57.690 18668 18681 I PhoneLab-LoggerService: Logcat process found 1296
07-08 07:37:57.690 18668 18681 I PhoneLab-LoggerService: Checking Threshold
07-08 07:38:02.006 18516 18519 D dalvikvm: GC_CONCURRENT freed 651K, 7% free 10979K/11719K, paused 2ms+13ms
07-08 07:38:02.057 14258 14261 D dalvikvm: GC_CONCURRENT freed 473K, 8% free 10307K/11143K, paused 1ms+3ms
07-08 07:38:33.659   143   200 D DhcpInfoInternal: makeLinkProperties with empty dns2!
07-08 07:38:33.659   143   200 D DhcpInfoInternal: makeLinkProperties with empty dns2!
07-08 07:38:39.026   143  1922 W ActivityManager: finishReceiver called but no pending broadcasts
07-08 07:38:39.116 18516 18519 D dalvikvm: GC_CONCURRENT freed 866K, 9% free 10674K/11719K, paused 2ms+2ms
07-08 07:39:02.143 14258 14261 D dalvikvm: GC_CONCURRENT freed 345K, 8% free 10357K/11143K, paused 2ms+2ms
07-08 07:39:02.842 14258 14261 D dalvikvm: GC_CONCURRENT freed 215K, 6% free 10527K/11143K, paused 2ms+6ms
07-08 07:39:57.588 18668 18681 I PhoneLab-: Service Running
07-08 07:39:57.678 18668 18681 I PhoneLab-LoggerService: app_37    1296  1     1436   996   c00f181c 400107b4 S logcat
07-08 07:39:57.678 18668 18681 I PhoneLab-LoggerService: Logcat pid from database 1296
07-08 07:39:57.678 18668 18681 I PhoneLab-LoggerService: Logcat process found 1296
07-08 07:39:57.678 18668 18681 I PhoneLab-LoggerService: Checking Threshold
07-08 07:40:02.198 18516 18519 D dalvikvm: GC_CONCURRENT freed 620K, 10% free 10561K/11719K, paused 2ms+3ms
07-08 07:40:02.245 14258 14261 D dalvikvm: GC_CONCURRENT freed 696K, 8% free 10296K/11143K, paused 2ms+3ms
07-08 07:40:11.819   143   159 V BackupManagerService: Running a backup pass
07-08 07:40:11.831   143   215 V BackupManagerService: Backup requested but nothing pending
07-08 07:40:41.573 17709 17711 D dalvikvm: GC_CONCURRENT freed 728K, 14% free 11715K/13511K, paused 13ms+3ms
07-08 07:40:58.542   143   200 D DhcpInfoInternal: makeLinkProperties with empty dns2!
07-08 07:40:58.546   143   200 D DhcpInfoInternal: makeLinkProperties with empty dns2!
07-08 07:41:02.272 14258 14261 D dalvikvm: GC_CONCURRENT freed 319K, 8% free 10363K/11143K, paused 2ms+3ms
07-08 07:41:02.323 14258 14265 I dalvikvm: Jit: resizing JitTable from 4096 to 8192
07-08 07:41:12.346   344   344 D SAN_SERVICE: *******************************************
07-08 07:41:12.346   344   344 D SAN_SERVICE: DM App Phone Service State - 0
07-08 07:41:12.346   344   344 D SAN_SERVICE: *******************************************
07-08 07:41:12.612   344   344 D SAN_SERVICE: *******************************************
07-08 07:41:12.612   344   344 D SAN_SERVICE: DM App Phone Service State - 0
07-08 07:41:12.612   344   344 D SAN_SERVICE: *******************************************
07-08 07:41:13.358   344   344 D SAN_SERVICE: *******************************************
07-08 07:41:13.358   344   344 D SAN_SERVICE: DM App Phone Service State - 0
07-08 07:41:13.358   344   344 D SAN_SERVICE: *******************************************
07-08 07:41:39.186 18516 19126 D dalvikvm: GC_EXPLICIT freed 281K, 10% free 10553K/11719K, paused 7ms+2ms
07-08 07:41:42.866   143   403 W ActivityManager: finishReceiver called but no pending broadcasts
07-08 07:41:42.948 18516 18519 D dalvikvm: GC_CONCURRENT freed 377K, 9% free 10687K/11719K, paused 1ms+3ms
07-08 07:41:57.592 18668 18681 I PhoneLab-: Service Running
07-08 07:41:57.667 18668 18681 I PhoneLab-LoggerService: app_37    1296  1     1436   996   c00f181c 400107b4 S logcat
07-08 07:41:57.667 18668 18681 I PhoneLab-LoggerService: Logcat pid from database 1296
07-08 07:41:57.667 18668 18681 I PhoneLab-LoggerService: Logcat process found 1296
07-08 07:41:57.671 18668 18681 I PhoneLab-LoggerService: Checking Threshold
07-08 07:42:02.276 14258 14261 D dalvikvm: GC_CONCURRENT freed 576K, 8% free 10298K/11143K, paused 1ms+2ms
07-08 07:43:02.268 18516 18519 D dalvikvm: GC_CONCURRENT freed 682K, 10% free 10560K/11719K, paused 2ms+3ms
07-08 07:43:23.424   143   200 D DhcpInfoInternal: makeLinkProperties with empty dns2!
07-08 07:43:23.428   143   200 D DhcpInfoInternal: makeLinkProperties with empty dns2!
07-08 07:43:57.588 18668 18681 I PhoneLab-: Service Running
07-08 07:43:57.655 18668 18681 I PhoneLab-LoggerService: app_37    1296  1     1436   996   c00f181c 400107b4 S logcat
07-08 07:43:57.659 18668 18681 I PhoneLab-LoggerService: Logcat pid from database 1296
07-08 07:43:57.659 18668 18681 I PhoneLab-LoggerService: Logcat process found 1296
07-08 07:43:57.659 18668 18681 I PhoneLab-LoggerService: Checking Threshold
07-08 07:44:02.401 14258 14261 D dalvikvm: GC_CONCURRENT freed 471K, 8% free 10339K/11143K, paused 2ms+3ms
07-08 07:44:30.717   143   169 I ActivityManager: Start proc com.google.android.apps.currents for service com.google.android.apps.currents/com.google.apps.dots.android.app.service.SyncService: pid=19154 uid=10078 gids={3003, 1015}
07-08 07:44:31.077 19154 19154 I ActivityThread: Pub com.google.apps.dots.android.app.provider.SuggestionProvider: com.google.apps.dots.android.app.provider.SuggestionProvider
07-08 07:44:31.081 19154 19154 I ActivityThread: Pub com.google.android.apps.currents.exported: com.google.apps.dots.android.app.provider.ExportedContentProvider
07-08 07:44:31.143 19154 19157 D dalvikvm: GC_CONCURRENT freed 156K, 3% free 9380K/9607K, paused 2ms+2ms
07-08 07:44:31.198 19154 19157 D dalvikvm: GC_CONCURRENT freed 323K, 5% free 9522K/9991K, paused 2ms+2ms
07-08 07:44:31.307 19154 19157 D dalvikvm: GC_CONCURRENT freed 162K, 3% free 9840K/10119K, paused 1ms+2ms
07-08 07:44:31.421 19154 19157 D dalvikvm: GC_CONCURRENT freed 243K, 4% free 10076K/10439K, paused 1ms+3ms
07-08 07:44:31.463 19154 19154 I DotsContentUris: content://com.google.android.apps.currents
07-08 07:44:31.471 19154 19154 I ActivityThread: Pub com.google.android.apps.currents: com.google.apps.dots.android.app.provider.DotsContentProvider
07-08 07:44:31.479 19154 19154 I DotsApplication: Starting up...
07-08 07:44:31.706 19154 19157 D dalvikvm: GC_CONCURRENT freed 420K, 6% free 10146K/10695K, paused 2ms+2ms
07-08 07:44:31.901 19154 19157 D dalvikvm: GC_CONCURRENT freed 292K, 4% free 10330K/10759K, paused 3ms+3ms
07-08 07:44:31.921 19154 19173 I SyncService: Starting sync (07:44:31)
07-08 07:44:36.698 19154 19157 D dalvikvm: GC_CONCURRENT freed 289K, 4% free 10473K/10887K, paused 2ms+2ms
07-08 07:44:36.940 19154 19157 D dalvikvm: GC_CONCURRENT freed 219K, 4% free 10665K/11015K, paused 3ms+3ms
07-08 07:44:37.034 19154 19157 D dalvikvm: GC_CONCURRENT freed 455K, 6% free 10721K/11335K, paused 1ms+2ms
07-08 07:44:37.284 19154 19157 D dalvikvm: GC_CONCURRENT freed 511K, 6% free 10695K/11335K, paused 2ms+2ms
07-08 07:44:37.319   143   311 D SyncManager: setSyncAutomatically: , provider com.google.android.apps.currents -> true
07-08 07:44:37.319   143   311 D SyncManager: setSyncAutomatically: already set to true, doing nothing
07-08 07:44:37.514 19154 19157 D dalvikvm: GC_CONCURRENT freed 247K, 4% free 10884K/11335K, paused 3ms+2ms
07-08 07:44:37.667 19154 19157 D dalvikvm: GC_CONCURRENT freed 255K, 4% free 11138K/11527K, paused 2ms+3ms
07-08 07:44:37.772   143   154 D dalvikvm: GC_EXPLICIT freed 816K, 15% free 17023K/19847K, paused 3ms+7ms
07-08 07:44:37.940 19154 19157 D dalvikvm: GC_CONCURRENT freed 268K, 4% free 11524K/11911K, paused 2ms+2ms
07-08 07:44:38.217 19154 19157 D dalvikvm: GC_CONCURRENT freed 1107K, 10% free 11202K/12423K, paused 2ms+3ms
07-08 07:44:38.784 19154 19157 D dalvikvm: GC_CONCURRENT freed 428K, 9% free 11374K/12423K, paused 2ms+3ms
07-08 07:44:39.346 19154 19157 D dalvikvm: GC_CONCURRENT freed 590K, 8% free 11445K/12423K, paused 3ms+4ms
07-08 07:44:39.944 19154 19157 D dalvikvm: GC_CONCURRENT freed 724K, 9% free 11405K/12423K, paused 2ms+2ms
07-08 07:44:40.088 19154 19157 D dalvikvm: GC_CONCURRENT freed 636K, 8% free 11440K/12423K, paused 2ms+2ms
07-08 07:44:41.018 19154 19157 D dalvikvm: GC_CONCURRENT freed 751K, 9% free 11371K/12423K, paused 2ms+2ms
07-08 07:44:41.167 19154 19157 D dalvikvm: GC_CONCURRENT freed 600K, 8% free 11430K/12423K, paused 2ms+3ms
07-08 07:44:41.319 19154 19157 D dalvikvm: GC_CONCURRENT freed 659K, 8% free 11460K/12423K, paused 2ms+2ms
07-08 07:44:41.772 19154 19157 D dalvikvm: GC_CONCURRENT freed 679K, 8% free 11477K/12423K, paused 2ms+3ms
07-08 07:44:42.581 19154 19157 D dalvikvm: GC_CONCURRENT freed 759K, 9% free 11423K/12423K, paused 2ms+2ms
07-08 07:44:43.639 19154 19157 D dalvikvm: GC_CONCURRENT freed 670K, 9% free 11426K/12423K, paused 3ms+3ms
07-08 07:44:44.237 19154 19157 D dalvikvm: GC_CONCURRENT freed 674K, 9% free 11427K/12423K, paused 2ms+3ms
07-08 07:44:44.893 19154 19157 D dalvikvm: GC_CONCURRENT freed 669K, 8% free 11431K/12423K, paused 2ms+2ms
07-08 07:44:45.588 19154 19157 D dalvikvm: GC_CONCURRENT freed 646K, 8% free 11462K/12423K, paused 2ms+2ms
07-08 07:44:45.725 19154 19157 D dalvikvm: GC_CONCURRENT freed 677K, 8% free 11472K/12423K, paused 2ms+5ms
07-08 07:44:46.534 19154 19157 D dalvikvm: GC_CONCURRENT freed 707K, 8% free 11476K/12423K, paused 2ms+2ms
07-08 07:44:46.616   143   143 W ActivityManager: finishReceiver called but no pending broadcasts
07-08 07:44:46.686 18516 18519 D dalvikvm: GC_CONCURRENT freed 360K, 9% free 10712K/11719K, paused 2ms+4ms
07-08 07:44:46.799 19154 19157 D dalvikvm: GC_CONCURRENT freed 685K, 8% free 11495K/12423K, paused 2ms+4ms
07-08 07:44:46.944 19154 19157 D dalvikvm: GC_CONCURRENT freed 680K, 8% free 11511K/12423K, paused 2ms+2ms
07-08 07:44:48.143   143   311 D dalvikvm: GC_EXPLICIT freed 449K, 15% free 16938K/19847K, paused 2ms+5ms
07-08 07:44:48.241 19154 19157 D dalvikvm: GC_CONCURRENT freed 748K, 8% free 11467K/12423K, paused 1ms+2ms
07-08 07:44:48.850 19154 19157 D dalvikvm: GC_CONCURRENT freed 706K, 8% free 11468K/12423K, paused 2ms+3ms
07-08 07:44:49.917 19154 19157 D dalvikvm: GC_CONCURRENT freed 694K, 8% free 11462K/12423K, paused 8ms+2ms
07-08 07:44:50.057 19154 19157 D dalvikvm: GC_CONCURRENT freed 639K, 8% free 11513K/12423K, paused 2ms+3ms
07-08 07:44:50.213 19154 19157 D dalvikvm: GC_CONCURRENT freed 688K, 7% free 11563K/12423K, paused 1ms+3ms
07-08 07:44:52.026 19154 19157 D dalvikvm: GC_CONCURRENT freed 813K, 8% free 11478K/12423K, paused 2ms+3ms
07-08 07:44:54.706 19154 19157 D dalvikvm: GC_CONCURRENT freed 651K, 8% free 11544K/12423K, paused 1ms+2ms
07-08 07:44:54.846 19154 19157 D dalvikvm: GC_CONCURRENT freed 727K, 7% free 11570K/12423K, paused 2ms+2ms
07-08 07:44:55.065 19154 19157 D dalvikvm: GC_CONCURRENT freed 719K, 7% free 11638K/12487K, paused 2ms+3ms
07-08 07:44:56.729 19154 19157 D dalvikvm: GC_CONCURRENT freed 904K, 8% free 11548K/12551K, paused 3ms+3ms
07-08 07:44:56.858 19154 19157 D dalvikvm: GC_CONCURRENT freed 710K, 8% free 11558K/12551K, paused 1ms+3ms
07-08 07:44:57.003 19154 19157 D dalvikvm: GC_CONCURRENT freed 726K, 8% free 11595K/12551K, paused 1ms+2ms
07-08 07:44:57.120 19154 19176 D dalvikvm: GC_EXPLICIT freed 426K, 8% free 11591K/12551K, paused 2ms+3ms
07-08 07:44:57.323   143 11000 D dalvikvm: GC_EXPLICIT freed 319K, 15% free 16935K/19847K, paused 2ms+6ms
07-08 07:44:58.385 19154 19157 D dalvikvm: GC_CONCURRENT freed 781K, 8% free 11574K/12551K, paused 2ms+3ms
07-08 07:45:00.100 19154 19176 D dalvikvm: GC_FOR_ALLOC freed 731K, 9% free 11528K/12551K, paused 26ms
07-08 07:45:00.151 19154 19176 D dalvikvm: GC_FOR_ALLOC freed 146K, 8% free 11566K/12551K, paused 23ms
07-08 07:45:00.151 19154 19176 I dalvikvm-heap: Grow heap (frag case) to 11.443MB for 81478-byte allocation
07-08 07:45:00.178 19154 19176 D dalvikvm: GC_FOR_ALLOC freed 41K, 9% free 11605K/12679K, paused 24ms
07-08 07:45:00.206 19154 19176 D dalvikvm: GC_FOR_ALLOC freed <1K, 9% free 11605K/12679K, paused 23ms
07-08 07:45:00.206 19154 19176 I dalvikvm-heap: Grow heap (frag case) to 11.558MB for 163000-byte allocation
07-08 07:45:00.233 19154 19176 D dalvikvm: GC_FOR_ALLOC freed 79K, 10% free 11684K/12871K, paused 23ms
07-08 07:45:00.256 19154 19176 D dalvikvm: GC_FOR_ALLOC freed 163K, 10% free 11609K/12871K, paused 24ms
07-08 07:45:00.690 19154 19157 D dalvikvm: GC_CONCURRENT freed 798K, 11% free 11573K/12871K, paused 2ms+3ms
07-08 07:45:01.940 19154 19157 D dalvikvm: GC_CONCURRENT freed 820K, 11% free 11477K/12871K, paused 2ms+2ms
07-08 07:45:02.163 19154 19157 D dalvikvm: GC_CONCURRENT freed 707K, 11% free 11472K/12871K, paused 2ms+3ms
07-08 07:45:02.331 18516 18519 D dalvikvm: GC_CONCURRENT freed 719K, 10% free 10556K/11719K, paused 2ms+2ms
07-08 07:45:02.581 19154 19157 D dalvikvm: GC_CONCURRENT freed 686K, 11% free 11569K/12871K, paused 2ms+3ms
07-08 07:45:02.710 19154 19157 D dalvikvm: GC_CONCURRENT freed 657K, 9% free 11720K/12871K, paused 11ms+3ms
07-08 07:45:02.897 19154 19157 D dalvikvm: GC_CONCURRENT freed 699K, 8% free 11842K/12871K, paused 2ms+3ms
07-08 07:45:03.014 19154 19157 D dalvikvm: GC_CONCURRENT freed 1311K, 12% free 11367K/12871K, paused 2ms+2ms
07-08 07:45:03.116 19154 19157 D dalvikvm: GC_CONCURRENT freed 663K, 12% free 11424K/12871K, paused 2ms+3ms
07-08 07:45:03.870 19154 19173 I SyncService: sync service finished (07:45:03)
07-08 07:45:09.526   143   177 I power   : *** set_screen_state 1
07-08 07:45:09.616   143   177 I WindowManager: Lock screen displayed!
07-08 07:45:09.721    78   121 D SurfaceFlinger: Screen about to return, flinger = 0x1ddb918
07-08 07:45:14.202   221   221 D PhoneStatusBar: disable: < expand icons alerts ticker system_info BACK HOME recent* CLOCK >
07-08 07:45:14.225   143   308 W InputManagerService: Window already focused, ignoring focus gain of: com.android.internal.view.IInputMethodClient$Stub$Proxy@413439e0
07-08 07:45:14.237   221   221 D PhoneStatusBar: disable: < expand icons alerts ticker system_info back* home* recent clock* >
07-08 07:45:14.284   325   327 D dalvikvm: GC_CONCURRENT freed 1184K, 18% free 10019K/12103K, paused 3ms+2ms
07-08 07:45:15.948   143   403 I ActivityManager: START {flg=0x14000000 cmp=com.whatsapp/.Conversation bnds=[0,119][480,215] (has extras)} from pid -1
07-08 07:45:16.014   143   387 W KeyguardViewMediator: verifyUnlock called when not externally disabled
07-08 07:45:16.147   371   371 D OpenGLRenderer: Flushing caches (mode 1)
07-08 07:45:16.288 18776 18776 D dalvikvm: GC_FOR_ALLOC freed 103K, 6% free 10006K/10567K, paused 79ms
07-08 07:45:16.311   371   371 D OpenGLRenderer: Flushing caches (mode 0)
07-08 07:45:16.421 18776 18776 D dalvikvm: GC_FOR_ALLOC freed 16K, 5% free 10190K/10631K, paused 34ms
07-08 07:45:16.448 18776 18776 D dalvikvm: GC_FOR_ALLOC freed 4K, 5% free 10251K/10695K, paused 25ms
07-08 07:45:16.487 18776 18776 D dalvikvm: GC_FOR_ALLOC freed <1K, 4% free 10458K/10887K, paused 29ms
07-08 07:45:16.503   143   159 I Process : Sending signal. PID: 18776 SIG: 3
07-08 07:45:16.503 18776 18779 I dalvikvm: threadid=3: reacting to signal 3
07-08 07:45:16.561 18776 18779 I dalvikvm: Wrote stack traces to '/data/anr/traces.txt'
07-08 07:45:16.588 18776 18776 D skia    : --- SkImageDecoder::Factory returned null
07-08 07:45:16.729   221   223 D dalvikvm: GC_CONCURRENT freed 485K, 31% free 9861K/14215K, paused 1ms+3ms
07-08 07:45:16.878   221   221 V PhoneStatusBar: setLightsOn(true)
07-08 07:45:16.881   221   223 D dalvikvm: GC_CONCURRENT freed 532K, 32% free 9770K/14215K, paused 2ms+7ms
07-08 07:45:17.006   143   159 I Process : Sending signal. PID: 18776 SIG: 3
07-08 07:45:17.006 18776 18779 I dalvikvm: threadid=3: reacting to signal 3
07-08 07:45:17.053 18776 18779 I dalvikvm: Wrote stack traces to '/data/anr/traces.txt'
07-08 07:45:17.077 18776 18777 D dalvikvm: GC_CONCURRENT freed 162K, 3% free 10754K/11079K, paused 5ms+5ms
07-08 07:45:17.100   143   176 I ActivityManager: Displayed com.whatsapp/.Conversation: +1s95ms
07-08 07:45:25.276   325   325 D dalvikvm: GC_FOR_ALLOC freed 142K, 18% free 10005K/12103K, paused 15ms
07-08 07:45:25.276   325   325 I dalvikvm-heap: Grow heap (frag case) to 10.545MB for 739216-byte allocation
07-08 07:45:25.335   325   327 D dalvikvm: GC_CONCURRENT freed <1K, 12% free 10726K/12103K, paused 2ms+3ms
07-08 07:45:25.506   221   223 D dalvikvm: GC_CONCURRENT freed 317K, 31% free 9868K/14215K, paused 2ms+3ms
07-08 07:45:25.585   221   223 D dalvikvm: GC_CONCURRENT freed 562K, 32% free 9806K/14215K, paused 1ms+4ms
07-08 07:45:33.475   344   344 D SAN_SERVICE: *******************************************
07-08 07:45:33.475   344   344 D SAN_SERVICE: DM App Phone Service State - 0
07-08 07:45:33.475   344   344 D SAN_SERVICE: *******************************************
07-08 07:45:48.088   143   200 D DhcpInfoInternal: makeLinkProperties with empty dns2!
07-08 07:45:48.096   143   200 D DhcpInfoInternal: makeLinkProperties with empty dns2!
07-08 07:45:48.815   344   344 D SAN_SERVICE: *******************************************
07-08 07:45:48.815   344   344 D SAN_SERVICE: DM App Phone Service State - 0
07-08 07:45:48.815   344   344 D SAN_SERVICE: *******************************************
07-08 07:45:49.128   344   344 D SAN_SERVICE: *******************************************
07-08 07:45:49.128   344   344 D SAN_SERVICE: DM App Phone Service State - 0
07-08 07:45:49.128   344   344 D SAN_SERVICE: *******************************************
07-08 07:45:57.588 18668 18681 I PhoneLab-: Service Running
07-08 07:45:57.717 18668 18670 D dalvikvm: GC_CONCURRENT freed 447K, 6% free 9116K/9671K, paused 2ms+4ms
07-08 07:45:57.733 18668 18681 I PhoneLab-LoggerService: app_37    1296  1     1436   996   c00f181c 400107b4 S logcat
07-08 07:45:57.733 18668 18681 I PhoneLab-LoggerService: Logcat pid from database 1296
07-08 07:45:57.733 18668 18681 I PhoneLab-LoggerService: Logcat process found 1296
07-08 07:45:57.733 18668 18681 I PhoneLab-LoggerService: Checking Threshold
07-08 07:46:02.530 14258 14261 D dalvikvm: GC_CONCURRENT freed 533K, 8% free 10317K/11143K, paused 2ms+3ms
07-08 07:46:48.530 18965 19210 I SqliteDatabaseCpp: sqlite returned: error code = 1, msg = no such column: wipeout_stats, db=/data/data/com.google.android.apps.plus/databases/es0.db
07-08 07:46:48.530 18965 19210 W System.err: android.database.sqlite.SQLiteException: no such column: wipeout_stats: , while compiling: SELECT wipeout_stats  FROM account_status
07-08 07:46:48.530 18965 19210 W System.err: 	at android.database.sqlite.SQLiteCompiledSql.native_compile(Native Method)
07-08 07:46:48.530 18965 19210 W System.err: 	at android.database.sqlite.SQLiteCompiledSql.<init>(SQLiteCompiledSql.java:68)
07-08 07:46:48.530 18965 19210 W System.err: 	at android.database.sqlite.SQLiteProgram.compileSql(SQLiteProgram.java:143)
07-08 07:46:48.530 18965 19210 W System.err: 	at android.database.sqlite.SQLiteProgram.compileAndbindAllArgs(SQLiteProgram.java:361)
07-08 07:46:48.530 18965 19210 W System.err: 	at android.database.sqlite.SQLiteStatement.acquireAndLock(SQLiteStatement.java:260)
07-08 07:46:48.530 18965 19210 W System.err: 	at android.database.sqlite.SQLiteStatement.simpleQueryForLong(SQLiteStatement.java:137)
07-08 07:46:48.534 18965 19210 W System.err: 	at android.database.DatabaseUtils.longForQuery(DatabaseUtils.java:791)
07-08 07:46:48.534 18965 19210 W System.err: 	at android.database.DatabaseUtils.longForQuery(DatabaseUtils.java:779)
07-08 07:46:48.534 18965 19210 W System.err: 	at com.google.android.apps.plus.content.EsAccountsData.isContactsStatsWipeoutNeeded(EsAccountsData.java:641)
07-08 07:46:48.534 18965 19210 W System.err: 	at com.google.android.apps.plus.service.EsService.processIntent(EsService.java:4246)
07-08 07:46:48.534 18965 19210 W System.err: 	at com.google.android.apps.plus.service.ServiceThread$1.run(ServiceThread.java:50)
07-08 07:46:48.534 18965 19210 W System.err: 	at android.os.Handler.handleCallback(Handler.java:605)
07-08 07:46:48.534 18965 19210 W System.err: 	at android.os.Handler.dispatchMessage(Handler.java:92)
07-08 07:46:48.534 18965 19210 W System.err: 	at android.os.Looper.loop(Looper.java:137)
07-08 07:46:48.534 18965 19210 W System.err: 	at com.google.android.apps.plus.service.ServiceThread.run(ServiceThread.java:122)
07-08 07:47:00.608   344   344 D SAN_SERVICE: *******************************************
07-08 07:47:00.608   344   344 D SAN_SERVICE: DM App Phone Service State - 0
07-08 07:47:00.608   344   344 D SAN_SERVICE: *******************************************
07-08 07:47:00.850   344   344 D SAN_SERVICE: *******************************************
07-08 07:47:00.850   344   344 D SAN_SERVICE: DM App Phone Service State - 0
07-08 07:47:00.850   344   344 D SAN_SERVICE: *******************************************
07-08 07:47:00.866   344   350 D dalvikvm: GC_CONCURRENT freed 446K, 6% free 9485K/10055K, paused 2ms+2ms
07-08 07:47:01.362   344   344 D SAN_SERVICE: *******************************************
07-08 07:47:01.362   344   344 D SAN_SERVICE: DM App Phone Service State - 0
07-08 07:47:01.362   344   344 D SAN_SERVICE: *******************************************
07-08 07:47:02.518 18516 18519 D dalvikvm: GC_CONCURRENT freed 507K, 10% free 10560K/11719K, paused 1ms+3ms
07-08 07:47:10.796   344   344 D SAN_SERVICE: *******************************************
07-08 07:47:10.796   344   344 D SAN_SERVICE: DM App Phone Service State - 0
07-08 07:47:10.796   344   344 D SAN_SERVICE: *******************************************
07-08 07:47:15.374 18776 18777 D dalvikvm: GC_CONCURRENT freed 524K, 6% free 10740K/11399K, paused 2ms+4ms
07-08 07:47:16.139   344   344 D SAN_SERVICE: *******************************************
07-08 07:47:16.139   344   344 D SAN_SERVICE: DM App Phone Service State - 0
07-08 07:47:16.139   344   344 D SAN_SERVICE: *******************************************
07-08 07:47:22.706   344   344 D SAN_SERVICE: *******************************************
07-08 07:47:22.706   344   344 D SAN_SERVICE: DM App Phone Service State - 0
07-08 07:47:22.706   344   344 D SAN_SERVICE: *******************************************
07-08 07:47:25.913    81   124 D AudioHardware: AudioHardware pcm playback is exiting standby.
07-08 07:47:25.913    81   124 D AudioHardware: openPcmOut_l() mPcmOpenCnt: 0
07-08 07:47:29.253    81   124 D AudioHardware: AudioHardware pcm playback is going to standby.
07-08 07:47:29.253    81   124 D AudioHardware: closePcmOut_l() mPcmOpenCnt: 1
07-08 07:47:53.608    81   124 D AudioHardware: AudioHardware pcm playback is exiting standby.
07-08 07:47:53.608    81   124 D AudioHardware: openPcmOut_l() mPcmOpenCnt: 0
07-08 07:47:56.960    81   124 D AudioHardware: AudioHardware pcm playback is going to standby.
07-08 07:47:56.960    81   124 D AudioHardware: closePcmOut_l() mPcmOpenCnt: 1
07-08 07:47:57.588 18668 18681 I PhoneLab-: Service Running
07-08 07:47:57.686 18668 18681 I PhoneLab-LoggerService: app_37    1296  1     1436   996   c00f181c 400107b4 S logcat
07-08 07:47:57.686 18668 18681 I PhoneLab-LoggerService: Logcat pid from database 1296
07-08 07:47:57.686 18668 18681 I PhoneLab-LoggerService: Logcat process found 1296
07-08 07:47:57.686 18668 18681 I PhoneLab-LoggerService: Checking Threshold
07-08 07:48:00.010   143   160 I ActivityManager: No longer want com.android.sprintmenu (pid 18268): hidden #16
07-08 07:48:00.065   143   400 W ActivityManager: Scheduling restart of crashed service com.android.sprintmenu/.HiddenPhoneService in 5000ms
07-08 07:48:02.651 14258 14261 D dalvikvm: GC_CONCURRENT freed 514K, 8% free 10309K/11143K, paused 1ms+3ms
07-08 07:48:05.073   143   160 I ActivityManager: Start proc com.android.sprintmenu for service com.android.sprintmenu/.HiddenPhoneService: pid=19228 uid=1001 gids={3002, 3001, 3003, 1015}
07-08 07:48:08.838   344   344 D SAN_SERVICE: *******************************************
07-08 07:48:08.838   344   344 D SAN_SERVICE: DM App Phone Service State - 0
07-08 07:48:08.838   344   344 D SAN_SERVICE: *******************************************
07-08 07:48:12.913   143   200 D DhcpInfoInternal: makeLinkProperties with empty dns2!
07-08 07:48:12.924   143   200 D DhcpInfoInternal: makeLinkProperties with empty dns2!
07-08 07:48:28.878   344   344 D SAN_SERVICE: *******************************************
07-08 07:48:28.878   344   344 D SAN_SERVICE: DM App Phone Service State - 0
07-08 07:48:28.878   344   344 D SAN_SERVICE: *******************************************
07-08 07:48:29.389   143   395 D AlarmManagerService: Kernel timezone updated to 240 minutes west of GMT
07-08 07:48:29.389   344   344 D SystemClock: Setting time of day to sec=1341748109
07-08 07:48:29.106   344   344 D SAN_SERVICE: *******************************************
07-08 07:48:29.106   344   344 D SAN_SERVICE: DM App Phone Service State - 0
07-08 07:48:29.106   344   344 D SAN_SERVICE: *******************************************
07-08 07:48:29.137 18743 18769 V AlarmClock: AlarmInitReceiver finished
07-08 07:48:29.235   305   309 D dalvikvm: GC_CONCURRENT freed 301K, 6% free 10485K/11079K, paused 2ms+4ms
07-08 07:48:34.258 18756 18759 D dalvikvm: GC_CONCURRENT freed 342K, 5% free 9162K/9607K, paused 39ms+4ms
07-08 07:48:48.024   344   344 D SAN_SERVICE: *******************************************
07-08 07:48:48.028   344   344 D SAN_SERVICE: DM App Phone Service State - 0
07-08 07:48:48.028   344   344 D SAN_SERVICE: *******************************************
07-08 07:49:02.301 18516 18519 D dalvikvm: GC_CONCURRENT freed 508K, 10% free 10565K/11719K, paused 2ms+7ms
07-08 07:49:02.430   143  1922 D dalvikvm: GC_EXPLICIT freed 1580K, 15% free 16936K/19847K, paused 3ms+9ms
07-08 07:49:02.559 14258 14261 D dalvikvm: GC_CONCURRENT freed 353K, 8% free 10345K/11143K, paused 2ms+2ms
07-08 07:49:02.895 14258 14261 D dalvikvm: GC_CONCURRENT freed 236K, 6% free 10533K/11143K, paused 4ms+4ms
07-08 07:49:18.446   344   344 D SAN_SERVICE: *******************************************
07-08 07:49:18.446   344   344 D SAN_SERVICE: DM App Phone Service State - 0
07-08 07:49:18.446   344   344 D SAN_SERVICE: *******************************************
07-08 07:49:18.731   344   344 D SAN_SERVICE: *******************************************
07-08 07:49:18.731   344   344 D SAN_SERVICE: DM App Phone Service State - 0
07-08 07:49:18.731   344   344 D SAN_SERVICE: *******************************************
07-08 07:49:19.450   344   344 D SAN_SERVICE: *******************************************
07-08 07:49:19.450   344   344 D SAN_SERVICE: DM App Phone Service State - 0
07-08 07:49:19.450   344   344 D SAN_SERVICE: *******************************************
07-08 07:49:29.184   143 10999 D AlarmManagerService: Kernel timezone updated to 240 minutes west of GMT
07-08 07:49:29.192   344   344 D SAN_SERVICE: *******************************************
07-08 07:49:29.192   344   344 D SAN_SERVICE: DM App Phone Service State - 0
07-08 07:49:29.192   344   344 D SAN_SERVICE: *******************************************
07-08 07:49:29.465   344   344 D SAN_SERVICE: *******************************************
07-08 07:49:29.465   344   344 D SAN_SERVICE: DM App Phone Service State - 0
07-08 07:49:29.465   344   344 D SAN_SERVICE: *******************************************
07-08 07:49:30.239   344   344 D SAN_SERVICE: *******************************************
07-08 07:49:30.239   344   344 D SAN_SERVICE: DM App Phone Service State - 0
07-08 07:49:30.239   344   344 D SAN_SERVICE: *******************************************
07-08 07:49:38.918   344   344 D SAN_SERVICE: *******************************************
07-08 07:49:38.918   344   344 D SAN_SERVICE: DM App Phone Service State - 0
07-08 07:49:38.922   344   344 D SAN_SERVICE: *******************************************
07-08 07:49:39.204   344   344 D SAN_SERVICE: *******************************************
07-08 07:49:39.204   344   344 D SAN_SERVICE: DM App Phone Service State - 0
07-08 07:49:39.204   344   344 D SAN_SERVICE: *******************************************
07-08 07:49:39.950   344   344 D SAN_SERVICE: *******************************************
07-08 07:49:39.950   344   344 D SAN_SERVICE: DM App Phone Service State - 0
07-08 07:49:39.950   344   344 D SAN_SERVICE: *******************************************
07-08 07:49:44.239 18776 18777 D dalvikvm: GC_CONCURRENT freed 433K, 6% free 10753K/11399K, paused 12ms+4ms
07-08 07:49:56.055    81   124 D AudioHardware: AudioHardware pcm playback is exiting standby.
07-08 07:49:56.055    81   124 D AudioHardware: openPcmOut_l() mPcmOpenCnt: 0
07-08 07:49:57.590 18668 18681 I PhoneLab-: Service Running
07-08 07:49:57.704 18668 18681 I PhoneLab-LoggerService: app_37    1296  1     1436   996   c00f181c 400107b4 S logcat
07-08 07:49:57.704 18668 18681 I PhoneLab-LoggerService: Logcat pid from database 1296
07-08 07:49:57.704 18668 18681 I PhoneLab-LoggerService: Logcat process found 1296
07-08 07:49:57.704 18668 18681 I PhoneLab-LoggerService: Checking Threshold
07-08 07:50:00.020   143   160 I ActivityManager: No longer want com.google.android.apps.maps:FriendService (pid 17816): hidden #16
07-08 07:50:00.020   143   160 I ActivityManager: No longer want com.google.android.apps.maps:NetworkLocationService (pid 18516): hidden #17
07-08 07:50:00.106   143 10999 W ActivityManager: Scheduling restart of crashed service com.google.android.apps.maps/com.google.android.location.internal.server.NetworkLocationService in 5000ms
07-08 07:50:01.543    81   124 D AudioHardware: AudioHardware pcm playback is going to standby.
07-08 07:50:01.543    81   124 D AudioHardware: closePcmOut_l() mPcmOpenCnt: 1
07-08 07:50:03.571   143   400 I ActivityManager: No longer want com.google.android.apps.maps (pid 18570): hidden #16
07-08 07:50:03.594   143 10999 W ActivityManager: Scheduling restart of crashed service com.google.android.apps.maps/com.google.googlenav.prefetch.android.PrefetcherService in 11511ms
07-08 07:50:05.211   143   160 I ActivityManager: Start proc com.google.android.apps.maps:NetworkLocationService for service com.google.android.apps.maps/com.google.android.location.internal.server.NetworkLocationService: pid=19276 uid=10056 gids={3003, 1015}
07-08 07:50:05.411 19276 19279 D dalvikvm: GC_CONCURRENT freed 158K, 3% free 9377K/9607K, paused 2ms+2ms
07-08 07:50:05.805 19276 19279 D dalvikvm: GC_CONCURRENT freed 191K, 3% free 9704K/9991K, paused 2ms+3ms
07-08 07:50:06.000 19276 19279 D dalvikvm: GC_CONCURRENT freed 145K, 3% free 10090K/10311K, paused 2ms+4ms
07-08 07:50:06.180 19276 19279 D dalvikvm: GC_CONCURRENT freed 655K, 8% free 9886K/10631K, paused 1ms+2ms
07-08 07:50:06.258   143   160 I ActivityManager: Start proc com.google.android.apps.maps:FriendService for broadcast com.google.android.apps.maps/com.google.googlenav.friend.android.ServiceReceiver: pid=19298 uid=10056 gids={3003, 1015}
07-08 07:50:06.418 19298 19300 D dalvikvm: GC_CONCURRENT freed 161K, 3% free 9375K/9607K, paused 2ms+2ms
07-08 07:50:06.567 19298 19300 D dalvikvm: GC_CONCURRENT freed 198K, 3% free 9712K/9991K, paused 2ms+3ms
07-08 07:50:06.629   143   143 I ActivityManager: No longer want com.google.android.apps.googlevoice (pid 18636): hidden #16
07-08 07:50:06.637   143   311 W ActivityManager: Scheduling restart of crashed service com.google.android.apps.googlevoice/.UpdateService in 18471ms
07-08 07:50:06.637   143   311 W ActivityManager: Scheduling restart of crashed service com.google.android.apps.googlevoice/.CallLogService in 28471ms
07-08 07:50:06.707 19276 19283 I dalvikvm: Total arena pages for JIT: 11
07-08 07:50:06.707 19276 19283 I dalvikvm: Total arena pages for JIT: 12
07-08 07:50:06.711 19276 19283 I dalvikvm: Total arena pages for JIT: 13
07-08 07:50:06.711 19276 19283 I dalvikvm: Total arena pages for JIT: 14
07-08 07:50:06.711 19276 19283 I dalvikvm: Total arena pages for JIT: 15
07-08 07:50:06.711 19276 19283 I dalvikvm: Total arena pages for JIT: 16
07-08 07:50:06.711 19276 19283 I dalvikvm: Total arena pages for JIT: 17
07-08 07:50:06.801 19276 19283 I dalvikvm: Total arena pages for JIT: 18
07-08 07:50:06.950 19276 19279 D dalvikvm: GC_CONCURRENT freed 205K, 5% free 10185K/10631K, paused 1ms+3ms
07-08 07:50:07.395 19276 19279 D dalvikvm: GC_CONCURRENT freed 442K, 5% free 10308K/10823K, paused 3ms+3ms
07-08 07:50:08.629 19276 19279 D dalvikvm: GC_CONCURRENT freed 496K, 6% free 10335K/10951K, paused 2ms+3ms
07-08 07:50:08.692 14258 14261 D dalvikvm: GC_CONCURRENT freed 731K, 8% free 10301K/11143K, paused 2ms+3ms
07-08 07:50:15.188   143   160 I ActivityManager: Start proc com.google.android.apps.maps for service com.google.android.apps.maps/com.google.googlenav.prefetch.android.PrefetcherService: pid=19313 uid=10056 gids={3003, 1015}
07-08 07:50:15.309 19313 19316 D dalvikvm: GC_CONCURRENT freed 159K, 3% free 9376K/9607K, paused 3ms+2ms
07-08 07:50:15.364 19313 19313 I ActivityThread: Pub com.google.android.maps.SearchHistoryProvider: com.google.googlenav.provider.SearchHistoryProvider
07-08 07:50:15.364 19313 19313 I ActivityThread: Pub com.google.android.maps.SuggestionProvider: com.google.googlenav.suggest.android.SuggestContentProvider
07-08 07:50:15.371 19313 19313 I ActivityThread: Pub com.google.android.maps.LayerInfoProvider: com.google.googlenav.layer.LayerInfoProvider
07-08 07:50:15.395 19313 19313 I ActivityThread: Pub com.google.android.maps.TrafficAppWidgetProvider: com.google.googlenav.appwidget.traffic.TrafficAppWidgetProvider
07-08 07:50:15.399 19313 19313 I ActivityThread: Pub com.google.android.maps.LocalActivePlacesProvider: com.google.googlenav.provider.LocalActivePlacesProvider
07-08 07:50:15.399 19313 19313 I ActivityThread: Pub com.google.android.maps.StarredItemProvider: com.google.googlenav.provider.StarredItemProvider
07-08 07:50:15.782 19313 19316 D dalvikvm: GC_CONCURRENT freed 161K, 3% free 9669K/9927K, paused 2ms+46ms
07-08 07:50:16.832   221   223 D dalvikvm: GC_CONCURRENT freed 318K, 31% free 9871K/14215K, paused 21ms+2ms
07-08 07:50:17.750 19313 19313 I ActivityThread: Pub com.google.android.maps.LocalSuggestionProvider: com.google.googlenav.provider.LocalSuggestionProvider
07-08 07:50:17.750 19313 19313 I ActivityThread: Pub com.google.android.maps.NavigationAvailabilityProvider: com.google.googlenav.provider.NavigationAvailabilityProvider
07-08 07:50:17.825 19313 19316 D dalvikvm: GC_CONCURRENT freed 256K, 4% free 9949K/10311K, paused 2ms+5ms
07-08 07:50:17.911 19313 19329 D dalvikvm: GC_FOR_ALLOC freed 61K, 4% free 10150K/10567K, paused 56ms
07-08 07:50:17.911 19313 19329 I dalvikvm-heap: Grow heap (frag case) to 10.176MB for 204816-byte allocation
07-08 07:50:17.934    81   124 D AudioHardware: AudioHardware pcm playback is exiting standby.
07-08 07:50:17.934    81   124 D AudioHardware: openPcmOut_l() mPcmOpenCnt: 0
07-08 07:50:17.969 19313 19328 D dalvikvm: GC_FOR_ALLOC freed <1K, 5% free 10350K/10823K, paused 40ms
07-08 07:50:17.981 18776 18777 D dalvikvm: GC_CONCURRENT freed 504K, 6% free 10763K/11399K, paused 3ms+10ms
07-08 07:50:18.071 19313 19343 D dalvikvm: GC_FOR_ALLOC freed 145K, 5% free 10449K/10887K, paused 19ms
07-08 07:50:18.071 19313 19343 I dalvikvm-heap: Grow heap (frag case) to 10.468MB for 204816-byte allocation
07-08 07:50:18.102 19313 19344 D dalvikvm: GC_FOR_ALLOC freed <1K, 5% free 10648K/11143K, paused 21ms
07-08 07:50:18.129 19313 19344 D dalvikvm: GC_FOR_ALLOC freed 15K, 5% free 10650K/11143K, paused 23ms
07-08 07:50:18.133 19313 19344 I dalvikvm-heap: Grow heap (frag case) to 10.665MB for 204816-byte allocation
07-08 07:50:18.161 19313 19343 D dalvikvm: GC_FOR_ALLOC freed <1K, 5% free 10850K/11399K, paused 19ms
07-08 07:50:21.278    81   124 D AudioHardware: AudioHardware pcm playback is going to standby.
07-08 07:50:21.282    81   124 D AudioHardware: closePcmOut_l() mPcmOpenCnt: 1
07-08 07:50:25.129   143   160 I ActivityManager: Start proc com.google.android.apps.googlevoice for service com.google.android.apps.googlevoice/.UpdateService: pid=19351 uid=10054 gids={3003, 1015}
07-08 07:50:25.539 19351 19352 D dalvikvm: GC_CONCURRENT freed 236K, 4% free 9299K/9607K, paused 9ms+5ms
07-08 07:50:26.024 19351 19352 D dalvikvm: GC_CONCURRENT freed 398K, 5% free 9458K/9927K, paused 3ms+2ms
07-08 07:50:26.028 19351 19360 W CursorWrapperInner: Cursor finalized without prior close()
07-08 07:50:26.028 19351 19360 W CursorWrapperInner: Cursor finalized without prior close()
07-08 07:50:26.028 19351 19360 W CursorWrapperInner: Cursor finalized without prior close()
07-08 07:50:26.090 15135 15138 D dalvikvm: GC_CONCURRENT freed 462K, 6% free 9837K/10375K, paused 7ms+7ms
07-08 07:50:26.192 15135 15353 D dalvikvm: GC_EXPLICIT freed 170K, 7% free 9690K/10375K, paused 2ms+7ms
07-08 07:50:26.211 19351 19352 D dalvikvm: GC_CONCURRENT freed 322K, 5% free 9632K/10055K, paused 2ms+4ms
07-08 07:50:26.614   143   143 D dalvikvm: GC_EXPLICIT freed 1327K, 19% free 16108K/19847K, paused 3ms+6ms
07-08 07:50:26.668 15135 15138 D dalvikvm: GC_CONCURRENT freed 241K, 6% free 9840K/10375K, paused 49ms+15ms
07-08 07:50:26.700 19351 19352 D dalvikvm: GC_CONCURRENT freed 217K, 4% free 9845K/10247K, paused 2ms+5ms
07-08 07:50:37.457   143   200 D DhcpInfoInternal: makeLinkProperties with empty dns2!
07-08 07:50:37.457   143   200 D DhcpInfoInternal: makeLinkProperties with empty dns2!
07-08 07:50:43.125    81   124 D AudioHardware: AudioHardware pcm playback is exiting standby.
07-08 07:50:43.125    81   124 D AudioHardware: openPcmOut_l() mPcmOpenCnt: 0
07-08 07:50:44.133 17709 17711 D dalvikvm: GC_CONCURRENT freed 759K, 14% free 11728K/13511K, paused 8ms+4ms
07-08 07:50:46.477    81   124 D AudioHardware: AudioHardware pcm playback is going to standby.
07-08 07:50:46.477    81   124 D AudioHardware: closePcmOut_l() mPcmOpenCnt: 1
07-08 07:51:23.954   325   327 D dalvikvm: GC_CONCURRENT freed 449K, 12% free 10719K/12103K, paused 9ms+3ms
07-08 07:51:36.977 18776 18777 D dalvikvm: GC_CONCURRENT freed 507K, 6% free 10761K/11399K, paused 4ms+5ms
07-08 07:51:37.043    81   124 D AudioHardware: AudioHardware pcm playback is exiting standby.
07-08 07:51:37.043    81   124 D AudioHardware: openPcmOut_l() mPcmOpenCnt: 0
07-08 07:51:40.391    81   124 D AudioHardware: AudioHardware pcm playback is going to standby.
07-08 07:51:40.391    81   124 D AudioHardware: closePcmOut_l() mPcmOpenCnt: 1
07-08 07:51:56.282   325   325 D dalvikvm: GC_FOR_ALLOC freed 791K, 18% free 9997K/12103K, paused 16ms
07-08 07:51:56.282   325   325 I dalvikvm-heap: Grow heap (frag case) to 10.538MB for 739216-byte allocation
07-08 07:51:56.309   325   327 D dalvikvm: GC_CONCURRENT freed <1K, 12% free 10719K/12103K, paused 2ms+2ms
07-08 07:51:56.477   325   325 D dalvikvm: GC_FOR_ALLOC freed 1005K, 18% free 9999K/12103K, paused 21ms
07-08 07:51:56.477   325   325 I dalvikvm-heap: Grow heap (frag case) to 10.540MB for 739216-byte allocation
07-08 07:51:56.532   325   327 D dalvikvm: GC_CONCURRENT freed 1K, 12% free 10719K/12103K, paused 2ms+11ms
07-08 07:51:57.590 18668 18681 I PhoneLab-: Service Running
07-08 07:51:57.664 18668 18681 I PhoneLab-LoggerService: app_37    1296  1     1436   996   c00f181c 400107b4 S logcat
07-08 07:51:57.664 18668 18681 I PhoneLab-LoggerService: Logcat pid from database 1296
07-08 07:51:57.664 18668 18681 I PhoneLab-LoggerService: Logcat process found 1296
07-08 07:51:57.664 18668 18681 I PhoneLab-LoggerService: Checking Threshold
07-08 07:51:59.805    81   124 D AudioHardware: AudioHardware pcm playback is exiting standby.
07-08 07:51:59.805    81   124 D AudioHardware: openPcmOut_l() mPcmOpenCnt: 0
07-08 07:52:03.149    81   124 D AudioHardware: AudioHardware pcm playback is going to standby.
07-08 07:52:03.153    81   124 D AudioHardware: closePcmOut_l() mPcmOpenCnt: 1
07-08 07:52:08.973 19276 19279 D dalvikvm: GC_CONCURRENT freed 502K, 6% free 10344K/10951K, paused 3ms+3ms
07-08 07:52:09.094 14258 14261 D dalvikvm: GC_CONCURRENT freed 516K, 8% free 10287K/11143K, paused 1ms+3ms
07-08 07:52:19.024 18776 18777 D dalvikvm: GC_CONCURRENT freed 500K, 6% free 10767K/11399K, paused 2ms+5ms
07-08 07:52:21.254    81   124 D AudioHardware: AudioHardware pcm playback is exiting standby.
07-08 07:52:21.254    81   124 D AudioHardware: openPcmOut_l() mPcmOpenCnt: 0
07-08 07:52:24.602    81   124 D AudioHardware: AudioHardware pcm playback is going to standby.
07-08 07:52:24.602    81   124 D AudioHardware: closePcmOut_l() mPcmOpenCnt: 1
07-08 07:52:32.942   344   344 D SAN_SERVICE: *******************************************
07-08 07:52:32.942   344   344 D SAN_SERVICE: DM App Phone Service State - 0
07-08 07:52:32.942   344   344 D SAN_SERVICE: *******************************************
07-08 07:52:33.278   344   344 D SAN_SERVICE: *******************************************
07-08 07:52:33.278   344   344 D SAN_SERVICE: DM App Phone Service State - 0
07-08 07:52:33.278   344   344 D SAN_SERVICE: *******************************************
07-08 07:52:38.512   344   344 D SAN_SERVICE: *******************************************
07-08 07:52:38.512   344   344 D SAN_SERVICE: DM App Phone Service State - 0
07-08 07:52:38.512   344   344 D SAN_SERVICE: *******************************************
07-08 07:52:58.610   344   344 D SAN_SERVICE: *******************************************
07-08 07:52:58.610   344   344 D SAN_SERVICE: DM App Phone Service State - 0
07-08 07:52:58.610   344   344 D SAN_SERVICE: *******************************************
07-08 07:52:59.418   344   344 D SAN_SERVICE: *******************************************
07-08 07:52:59.418   344   344 D SAN_SERVICE: DM App Phone Service State - 0
07-08 07:52:59.418   344   344 D SAN_SERVICE: *******************************************
07-08 07:53:02.348   143   200 D DhcpInfoInternal: makeLinkProperties with empty dns2!
07-08 07:53:02.364   143   200 D DhcpInfoInternal: makeLinkProperties with empty dns2!
07-08 07:53:19.114   344   344 D SAN_SERVICE: *******************************************
07-08 07:53:19.114   344   344 D SAN_SERVICE: DM App Phone Service State - 0
07-08 07:53:19.114   344   344 D SAN_SERVICE: *******************************************
07-08 07:53:19.129   344   350 D dalvikvm: GC_CONCURRENT freed 436K, 6% free 9488K/10055K, paused 1ms+3ms
07-08 07:53:31.075   344   344 D SAN_SERVICE: *******************************************
07-08 07:53:31.075   344   344 D SAN_SERVICE: DM App Phone Service State - 0
07-08 07:53:31.075   344   344 D SAN_SERVICE: *******************************************
07-08 07:53:31.817   344   344 D SAN_SERVICE: *******************************************
07-08 07:53:31.817   344   344 D SAN_SERVICE: DM App Phone Service State - 0
07-08 07:53:31.817   344   344 D SAN_SERVICE: *******************************************
07-08 07:53:44.817   344   344 D SAN_SERVICE: *******************************************
07-08 07:53:44.817   344   344 D SAN_SERVICE: DM App Phone Service State - 0
07-08 07:53:44.817   344   344 D SAN_SERVICE: *******************************************
07-08 07:53:45.043   344   344 D SAN_SERVICE: *******************************************
07-08 07:53:45.043   344   344 D SAN_SERVICE: DM App Phone Service State - 0
07-08 07:53:45.043   344   344 D SAN_SERVICE: *******************************************
07-08 07:53:45.543   344   344 D SAN_SERVICE: *******************************************
07-08 07:53:45.543   344   344 D SAN_SERVICE: DM App Phone Service State - 0
07-08 07:53:45.543   344   344 D SAN_SERVICE: *******************************************
07-08 07:53:57.590 18668 18681 I PhoneLab-: Service Running
07-08 07:53:57.684 18668 18681 I PhoneLab-LoggerService: app_37    1296  1     1436   996   c00f181c 400107b4 S logcat
07-08 07:53:57.684 18668 18681 I PhoneLab-LoggerService: Logcat pid from database 1296
07-08 07:53:57.684 18668 18681 I PhoneLab-LoggerService: Logcat process found 1296
07-08 07:53:57.684 18668 18681 I PhoneLab-LoggerService: Checking Threshold
07-08 07:54:09.071 19276 19279 D dalvikvm: GC_CONCURRENT freed 506K, 6% free 10350K/10951K, paused 1ms+2ms
07-08 07:54:09.204 14258 14261 D dalvikvm: GC_CONCURRENT freed 489K, 8% free 10302K/11143K, paused 2ms+2ms
07-08 07:54:20.512   344   344 D SAN_SERVICE: *******************************************
07-08 07:54:20.516   344   344 D SAN_SERVICE: DM App Phone Service State - 0
07-08 07:54:20.516   344   344 D SAN_SERVICE: *******************************************
07-08 07:54:20.817   344   344 D SAN_SERVICE: *******************************************
07-08 07:54:20.821   344   344 D SAN_SERVICE: DM App Phone Service State - 0
07-08 07:54:20.821   344   344 D SAN_SERVICE: *******************************************
07-08 07:54:33.985    81   124 D AudioHardware: AudioHardware pcm playback is exiting standby.
07-08 07:54:33.985    81   124 D AudioHardware: openPcmOut_l() mPcmOpenCnt: 0
07-08 07:54:37.336    81   124 D AudioHardware: AudioHardware pcm playback is going to standby.
07-08 07:54:37.336    81   124 D AudioHardware: closePcmOut_l() mPcmOpenCnt: 1
07-08 07:54:51.254   344   344 D SAN_SERVICE: *******************************************
07-08 07:54:51.254   344   344 D SAN_SERVICE: DM App Phone Service State - 0
07-08 07:54:51.254   344   344 D SAN_SERVICE: *******************************************
07-08 07:54:51.516   344   344 D SAN_SERVICE: *******************************************
07-08 07:54:51.516   344   344 D SAN_SERVICE: DM App Phone Service State - 0
07-08 07:54:51.516   344   344 D SAN_SERVICE: *******************************************
07-08 07:54:52.274   344   344 D SAN_SERVICE: *******************************************
07-08 07:54:52.274   344   344 D SAN_SERVICE: DM App Phone Service State - 0
07-08 07:54:52.274   344   344 D SAN_SERVICE: *******************************************
07-08 07:55:01.731   344   344 D SAN_SERVICE: *******************************************
07-08 07:55:01.731   344   344 D SAN_SERVICE: DM App Phone Service State - 0
07-08 07:55:01.731   344   344 D SAN_SERVICE: *******************************************
07-08 07:55:09.243 14258 14258 D dalvikvm: GC_EXPLICIT freed 61K, 9% free 10247K/11143K, paused 2ms+3ms
07-08 07:55:11.731   344   344 D SAN_SERVICE: *******************************************
07-08 07:55:11.731   344   344 D SAN_SERVICE: DM App Phone Service State - 0
07-08 07:55:11.731   344   344 D SAN_SERVICE: *******************************************
07-08 07:55:12.266   344   344 D SAN_SERVICE: *******************************************
07-08 07:55:12.266   344   344 D SAN_SERVICE: DM App Phone Service State - 0
07-08 07:55:12.266   344   344 D SAN_SERVICE: *******************************************
07-08 07:55:27.231   143   200 D DhcpInfoInternal: makeLinkProperties with empty dns2!
07-08 07:55:27.243   143   200 D DhcpInfoInternal: makeLinkProperties with empty dns2!
07-08 07:55:32.293   344   344 D SAN_SERVICE: *******************************************
07-08 07:55:32.293   344   344 D SAN_SERVICE: DM App Phone Service State - 0
07-08 07:55:32.293   344   344 D SAN_SERVICE: *******************************************
07-08 07:55:32.758   344   344 D SAN_SERVICE: *******************************************
07-08 07:55:32.758   344   344 D SAN_SERVICE: DM App Phone Service State - 0
07-08 07:55:32.758   344   344 D SAN_SERVICE: *******************************************
07-08 07:55:47.571   344   344 D SAN_SERVICE: *******************************************
07-08 07:55:47.571   344   344 D SAN_SERVICE: DM App Phone Service State - 0
07-08 07:55:47.575   344   344 D SAN_SERVICE: *******************************************
07-08 07:55:48.067   344   344 D SAN_SERVICE: *******************************************
07-08 07:55:48.067   344   344 D SAN_SERVICE: DM App Phone Service State - 0
07-08 07:55:48.067   344   344 D SAN_SERVICE: *******************************************
07-08 07:55:51.063    81   124 D AudioHardware: AudioHardware pcm playback is exiting standby.
07-08 07:55:51.063    81   124 D AudioHardware: openPcmOut_l() mPcmOpenCnt: 0
07-08 07:55:53.805 18668 18668 I PhoneLab-Locks: wake lock acquired
07-08 07:55:53.852 18668 19484 I PhoneLab-PeriodicCheckService: User info is synched
07-08 07:55:53.856 18668 19484 I PhoneLab-PeriodicCheckService: Logger Service is running
07-08 07:55:53.860 18668 18668 I PhoneLab-Locks: wake lock acquired
07-08 07:55:53.864 18668 18668 I PhoneLab-StatusMonitor: Status Monitoring is started
07-08 07:55:53.868 18668 19484 I PhoneLab-Locks: wake lock acquired
07-08 07:55:53.868 18668 19484 I PhoneLab-PeriodicCheckService: Rescheduling periodic checking...
07-08 07:55:53.871 18668 19484 I PhoneLab-Locks: wake lock released
07-08 07:55:53.879 18668 18668 E PhoneLab-PhoneLabManifest: java.io.FileNotFoundException: /data/data/edu.buffalo.cse.phonelab.phonelabservices/files/manifest.xml: open failed: ENOENT (No such file or directory)
07-08 07:55:53.899 18668 18668 I PhoneLab-Locks: wake lock released
07-08 07:55:53.899 18668 18668 I PhoneLab-UploadLogs: Transfering log files now
07-08 07:55:53.899 18668 18668 I PhoneLab-UploadLogs: No log files to transfer
07-08 07:55:53.899 18668 18668 I PhoneLab-Locks: wake lock released
07-08 07:55:53.903 18668 18668 I PhoneLab-UploadLogs: OnStartCommand
07-08 07:55:56.524    81   124 D AudioHardware: AudioHardware pcm playback is going to standby.
07-08 07:55:56.524    81   124 D AudioHardware: closePcmOut_l() mPcmOpenCnt: 1
07-08 07:55:57.590 18668 18681 I PhoneLab-: Service Running
07-08 07:55:57.692 18668 18681 I PhoneLab-LoggerService: app_37    1296  1     1436   996   c00f181c 400107b4 S logcat
07-08 07:55:57.692 18668 18681 I PhoneLab-LoggerService: Logcat pid from database 1296
07-08 07:55:57.692 18668 18681 I PhoneLab-LoggerService: Logcat process found 1296
07-08 07:55:57.692 18668 18681 I PhoneLab-LoggerService: Checking Threshold
07-08 07:55:57.844   344   344 D SAN_SERVICE: *******************************************
07-08 07:55:57.844   344   344 D SAN_SERVICE: DM App Phone Service State - 0
07-08 07:55:57.844   344   344 D SAN_SERVICE: *******************************************
07-08 07:55:58.118   344   344 D SAN_SERVICE: *******************************************
07-08 07:55:58.118   344   344 D SAN_SERVICE: DM App Phone Service State - 0
07-08 07:55:58.118   344   344 D SAN_SERVICE: *******************************************
07-08 07:55:58.852   344   344 D SAN_SERVICE: *******************************************
07-08 07:55:58.852   344   344 D SAN_SERVICE: DM App Phone Service State - 0
07-08 07:55:58.852   344   344 D SAN_SERVICE: *******************************************
07-08 07:56:07.000   305  1302 D dalvikvm: GC_EXPLICIT freed 335K, 6% free 10455K/11079K, paused 2ms+4ms
07-08 07:56:07.016 18881 19488 I Gmail   : MainSyncRequestProto: lowestBkwdConvoId: 0, highestHandledServerOp: 3299001, normalSync: true
07-08 07:56:07.071 18881 18883 D dalvikvm: GC_CONCURRENT freed 359K, 5% free 10011K/10503K, paused 3ms+3ms
07-08 07:56:07.993 18881 18883 D dalvikvm: GC_CONCURRENT freed 328K, 5% free 10111K/10567K, paused 2ms+3ms
07-08 07:56:08.618 18881 18883 D dalvikvm: GC_CONCURRENT freed 411K, 6% free 10097K/10631K, paused 2ms+4ms
07-08 07:56:08.836 18881 19488 D dalvikvm: GC_EXPLICIT freed 50K, 6% free 10086K/10631K, paused 2ms+3ms
07-08 07:56:08.840 18881 19488 I Gmail   : MainSyncRequestProto: lowestBkwdConvoId: 0, highestHandledServerOp: 3299208, normalSync: true
07-08 07:56:09.250 19276 19279 D dalvikvm: GC_CONCURRENT freed 508K, 6% free 10353K/10951K, paused 2ms+2ms
07-08 07:56:09.387 14258 14261 D dalvikvm: GC_CONCURRENT freed 466K, 8% free 10282K/11143K, paused 2ms+2ms
07-08 07:56:09.727 18881 19488 D dalvikvm: GC_EXPLICIT freed 219K, 5% free 10131K/10631K, paused 2ms+3ms
07-08 07:56:09.731 18881 19488 I Gmail   : MainSyncRequestProto: lowestBkwdConvoId: 0, highestHandledServerOp: 3299208, normalSync: true
07-08 07:56:09.735 18881 19488 I Gmail   : lowestBackward conversation id 0
07-08 07:56:09.750 18881 19488 W Gmail   : Scheduling index for 300000 ms from now
07-08 07:56:09.926 18881 19488 I Gmail   : Sending notification intent: Intent { act=android.intent.action.PROVIDER_CHANGED dat=content://gmail-ls/unread/^i (has extras) }
07-08 07:56:10.067   143 10999 D dalvikvm: GC_EXPLICIT freed 1367K, 19% free 16216K/19847K, paused 3ms+8ms
07-08 07:56:10.082 18881 19493 W Gmail   : Showing notification with unreadCount of 2 and unseenCount of 1
07-08 07:56:10.211   143 19495 D MediaPlayer: Couldn't open file on client side, trying server side
07-08 07:56:10.211    81  3963 E MediaPlayerService: Couldn't open fd for content://settings/system/notification_sound
07-08 07:56:10.211   143 19495 E MediaPlayer: Unable to to create media player
07-08 07:56:10.227   143 19495 W NotificationService: error loading sound for content://settings/system/notification_sound
07-08 07:56:10.227   143 19495 W NotificationService: java.io.IOException: setDataSource failed.: status=0x80000000
07-08 07:56:10.227   143 19495 W NotificationService: 	at android.media.MediaPlayer._setDataSource(Native Method)
07-08 07:56:10.227   143 19495 W NotificationService: 	at android.media.MediaPlayer.setDataSource(MediaPlayer.java:844)
07-08 07:56:10.227   143 19495 W NotificationService: 	at android.media.MediaPlayer.setDataSource(MediaPlayer.java:806)
07-08 07:56:10.227   143 19495 W NotificationService: 	at android.media.MediaPlayer.setDataSource(MediaPlayer.java:761)
07-08 07:56:10.227   143 19495 W NotificationService: 	at com.android.server.NotificationPlayer$CreationAndCompletionThread.run(NotificationPlayer.java:88)
07-08 07:56:10.348   221   223 D dalvikvm: GC_CONCURRENT freed 212K, 30% free 10061K/14215K, paused 2ms+3ms
07-08 07:56:10.454   221   223 D dalvikvm: GC_CONCURRENT freed 342K, 29% free 10193K/14215K, paused 3ms+3ms
07-08 07:56:11.825    81   124 D AudioHardware: AudioHardware pcm playback is exiting standby.
07-08 07:56:11.825    81   124 D AudioHardware: openPcmOut_l() mPcmOpenCnt: 0
07-08 07:56:14.868   344   344 D SAN_SERVICE: *******************************************
07-08 07:56:14.868   344   344 D SAN_SERVICE: DM App Phone Service State - 0
07-08 07:56:14.868   344   344 D SAN_SERVICE: *******************************************
07-08 07:56:15.391   344   344 D SAN_SERVICE: *******************************************
07-08 07:56:15.391   344   344 D SAN_SERVICE: DM App Phone Service State - 0
07-08 07:56:15.391   344   344 D SAN_SERVICE: *******************************************
07-08 07:56:17.293    81   124 D AudioHardware: AudioHardware pcm playback is going to standby.
07-08 07:56:17.293    81   124 D AudioHardware: closePcmOut_l() mPcmOpenCnt: 1
07-08 07:56:23.465   344   344 D SAN_SERVICE: *******************************************
07-08 07:56:23.465   344   344 D SAN_SERVICE: DM App Phone Service State - 0
07-08 07:56:23.469   344   344 D SAN_SERVICE: *******************************************
07-08 07:56:23.680   344   344 D SAN_SERVICE: *******************************************
07-08 07:56:23.680   344   344 D SAN_SERVICE: DM App Phone Service State - 0
07-08 07:56:23.680   344   344 D SAN_SERVICE: *******************************************
07-08 07:56:23.789 18776 18777 D dalvikvm: GC_CONCURRENT freed 480K, 6% free 10785K/11399K, paused 2ms+4ms
07-08 07:56:24.418   344   344 D SAN_SERVICE: *******************************************
07-08 07:56:24.418   344   344 D SAN_SERVICE: DM App Phone Service State - 0
07-08 07:56:24.418   344   344 D SAN_SERVICE: *******************************************
07-08 07:56:26.067    81   124 D AudioHardware: AudioHardware pcm playback is exiting standby.
07-08 07:56:26.067    81   124 D AudioHardware: openPcmOut_l() mPcmOpenCnt: 0
07-08 07:56:31.528    81   124 D AudioHardware: AudioHardware pcm playback is going to standby.
07-08 07:56:31.528    81   124 D AudioHardware: closePcmOut_l() mPcmOpenCnt: 1
07-08 07:56:33.661   344   344 D SAN_SERVICE: *******************************************
07-08 07:56:33.661   344   344 D SAN_SERVICE: DM App Phone Service State - 0
07-08 07:56:33.661   344   344 D SAN_SERVICE: *******************************************
07-08 07:56:36.172    81   124 D AudioHardware: AudioHardware pcm playback is exiting standby.
07-08 07:56:36.172    81   124 D AudioHardware: openPcmOut_l() mPcmOpenCnt: 0
07-08 07:56:41.633    81   124 D AudioHardware: AudioHardware pcm playback is going to standby.
07-08 07:56:41.633    81   124 D AudioHardware: closePcmOut_l() mPcmOpenCnt: 1
07-08 07:56:43.899   344   344 D SAN_SERVICE: *******************************************
07-08 07:56:43.899   344   344 D SAN_SERVICE: DM App Phone Service State - 0
07-08 07:56:43.899   344   344 D SAN_SERVICE: *******************************************
07-08 07:56:43.942   344   350 D dalvikvm: GC_CONCURRENT freed 436K, 6% free 9487K/10055K, paused 7ms+2ms
07-08 07:56:44.118   344   344 D SAN_SERVICE: *******************************************
07-08 07:56:44.118   344   344 D SAN_SERVICE: DM App Phone Service State - 0
07-08 07:56:44.118   344   344 D SAN_SERVICE: *******************************************
07-08 07:56:44.926   344   344 D SAN_SERVICE: *******************************************
07-08 07:56:44.926   344   344 D SAN_SERVICE: DM App Phone Service State - 0
07-08 07:56:44.926   344   344 D SAN_SERVICE: *******************************************
07-08 07:56:49.879 18776 18783 I dalvikvm: Jit: resizing JitTable from 4096 to 8192
07-08 07:56:54.149   344   344 D SAN_SERVICE: *******************************************
07-08 07:56:54.153   344   344 D SAN_SERVICE: DM App Phone Service State - 0
07-08 07:56:54.153   344   344 D SAN_SERVICE: *******************************************
07-08 07:56:54.375   344   344 D SAN_SERVICE: *******************************************
07-08 07:56:54.375   344   344 D SAN_SERVICE: DM App Phone Service State - 0
07-08 07:56:54.375   344   344 D SAN_SERVICE: *******************************************
07-08 07:56:54.700    81   124 D AudioHardware: AudioHardware pcm playback is exiting standby.
07-08 07:56:54.700    81   124 D AudioHardware: openPcmOut_l() mPcmOpenCnt: 0
07-08 07:56:54.715 18776 18777 D dalvikvm: GC_CONCURRENT freed 474K, 6% free 10798K/11399K, paused 16ms+4ms
07-08 07:56:55.157   344   344 D SAN_SERVICE: *******************************************
07-08 07:56:55.157   344   344 D SAN_SERVICE: DM App Phone Service State - 0
07-08 07:56:55.157   344   344 D SAN_SERVICE: *******************************************
07-08 07:56:58.047    81   124 D AudioHardware: AudioHardware pcm playback is going to standby.
07-08 07:56:58.047    81   124 D AudioHardware: closePcmOut_l() mPcmOpenCnt: 1
07-08 07:57:06.637    81   124 D AudioHardware: AudioHardware pcm playback is exiting standby.
07-08 07:57:06.637    81   124 D AudioHardware: openPcmOut_l() mPcmOpenCnt: 0
07-08 07:57:09.989    81   124 D AudioHardware: AudioHardware pcm playback is going to standby.
07-08 07:57:09.989    81   124 D AudioHardware: closePcmOut_l() mPcmOpenCnt: 1
07-08 07:57:14.657   344   344 D SAN_SERVICE: *******************************************
07-08 07:57:14.657   344   344 D SAN_SERVICE: DM App Phone Service State - 0
07-08 07:57:14.657   344   344 D SAN_SERVICE: *******************************************
07-08 07:57:14.879   344   344 D SAN_SERVICE: *******************************************
07-08 07:57:14.879   344   344 D SAN_SERVICE: DM App Phone Service State - 0
07-08 07:57:14.883   344   344 D SAN_SERVICE: *******************************************
07-08 07:57:15.164   344   344 D SAN_SERVICE: *******************************************
07-08 07:57:15.164   344   344 D SAN_SERVICE: DM App Phone Service State - 0
07-08 07:57:15.164   344   344 D SAN_SERVICE: *******************************************
07-08 07:57:24.883   344   344 D SAN_SERVICE: *******************************************
07-08 07:57:24.883   344   344 D SAN_SERVICE: DM App Phone Service State - 0
07-08 07:57:24.883   344   344 D SAN_SERVICE: *******************************************
07-08 07:57:25.121   344   344 D SAN_SERVICE: *******************************************
07-08 07:57:25.121   344   344 D SAN_SERVICE: DM App Phone Service State - 0
07-08 07:57:25.121   344   344 D SAN_SERVICE: *******************************************
07-08 07:57:25.903   344   344 D SAN_SERVICE: *******************************************
07-08 07:57:25.903   344   344 D SAN_SERVICE: DM App Phone Service State - 0
07-08 07:57:25.903   344   344 D SAN_SERVICE: *******************************************
07-08 07:57:36.821   344   344 D SAN_SERVICE: *******************************************
07-08 07:57:36.821   344   344 D SAN_SERVICE: DM App Phone Service State - 0
07-08 07:57:36.821   344   344 D SAN_SERVICE: *******************************************
07-08 07:57:36.860 19276 19279 D dalvikvm: GC_CONCURRENT freed 388K, 6% free 10351K/10951K, paused 2ms+2ms
07-08 07:57:37.551   344   344 D SAN_SERVICE: *******************************************
07-08 07:57:37.551   344   344 D SAN_SERVICE: DM App Phone Service State - 0
07-08 07:57:37.551   344   344 D SAN_SERVICE: *******************************************
07-08 07:57:45.352   344   344 D SAN_SERVICE: *******************************************
07-08 07:57:45.352   344   344 D SAN_SERVICE: DM App Phone Service State - 0
07-08 07:57:45.352   344   344 D SAN_SERVICE: *******************************************
07-08 07:57:45.598   344   344 D SAN_SERVICE: *******************************************
07-08 07:57:45.598   344   344 D SAN_SERVICE: DM App Phone Service State - 0
07-08 07:57:45.598   344   344 D SAN_SERVICE: *******************************************
07-08 07:57:46.411   344   344 D SAN_SERVICE: *******************************************
07-08 07:57:46.411   344   344 D SAN_SERVICE: DM App Phone Service State - 0
07-08 07:57:46.411   344   344 D SAN_SERVICE: *******************************************
07-08 07:57:51.879   143   200 D DhcpInfoInternal: makeLinkProperties with empty dns2!
07-08 07:57:51.879   143   200 D DhcpInfoInternal: makeLinkProperties with empty dns2!
07-08 07:57:57.594 18668 18681 I PhoneLab-: Service Running
07-08 07:57:57.641 18668 18681 I PhoneLab-LoggerService: app_37    1296  1     1436   996   c00f181c 400107b4 S logcat
07-08 07:57:57.641 18668 18681 I PhoneLab-LoggerService: Logcat pid from database 1296
07-08 07:57:57.641 18668 18681 I PhoneLab-LoggerService: Logcat process found 1296
07-08 07:57:57.641 18668 18681 I PhoneLab-LoggerService: Checking Threshold
07-08 07:58:05.879   344   344 D SAN_SERVICE: *******************************************
07-08 07:58:05.879   344   344 D SAN_SERVICE: DM App Phone Service State - 0
07-08 07:58:05.879   344   344 D SAN_SERVICE: *******************************************
07-08 07:58:06.332   344   344 D SAN_SERVICE: *******************************************
07-08 07:58:06.332   344   344 D SAN_SERVICE: DM App Phone Service State - 0
07-08 07:58:06.332   344   344 D SAN_SERVICE: *******************************************
07-08 07:58:09.422 14258 14261 D dalvikvm: GC_CONCURRENT freed 467K, 8% free 10325K/11143K, paused 2ms+3ms
07-08 07:58:17.739   344   344 D SAN_SERVICE: *******************************************
07-08 07:58:17.739   344   344 D SAN_SERVICE: DM App Phone Service State - 0
07-08 07:58:17.739   344   344 D SAN_SERVICE: *******************************************
07-08 07:58:18.575   344   344 D SAN_SERVICE: *******************************************
07-08 07:58:18.575   344   344 D SAN_SERVICE: DM App Phone Service State - 0
07-08 07:58:18.575   344   344 D SAN_SERVICE: *******************************************
07-08 07:58:31.305   221   223 D dalvikvm: GC_CONCURRENT freed 440K, 29% free 10136K/14215K, paused 16ms+2ms
07-08 07:58:36.918    81   124 D AudioHardware: AudioHardware pcm playback is exiting standby.
07-08 07:58:36.918    81   124 D AudioHardware: openPcmOut_l() mPcmOpenCnt: 0
07-08 07:58:36.934 18776 18777 D dalvikvm: GC_CONCURRENT freed 468K, 6% free 10797K/11399K, paused 4ms+3ms
07-08 07:58:40.266    81   124 D AudioHardware: AudioHardware pcm playback is going to standby.
07-08 07:58:40.266    81   124 D AudioHardware: closePcmOut_l() mPcmOpenCnt: 1
07-08 07:58:41.684   344   344 D SAN_SERVICE: *******************************************
07-08 07:58:41.684   344   344 D SAN_SERVICE: DM App Phone Service State - 0
07-08 07:58:41.684   344   344 D SAN_SERVICE: *******************************************
07-08 07:58:41.922   344   344 D SAN_SERVICE: *******************************************
07-08 07:58:41.922   344   344 D SAN_SERVICE: DM App Phone Service State - 0
07-08 07:58:41.922   344   344 D SAN_SERVICE: *******************************************
07-08 07:58:49.594    81   124 D AudioHardware: AudioHardware pcm playback is exiting standby.
07-08 07:58:49.594    81   124 D AudioHardware: openPcmOut_l() mPcmOpenCnt: 0
07-08 07:58:56.914    81   124 D AudioHardware: AudioHardware pcm playback is going to standby.
07-08 07:58:56.914    81   124 D AudioHardware: closePcmOut_l() mPcmOpenCnt: 1
07-08 07:59:04.985    81   124 D AudioHardware: AudioHardware pcm playback is exiting standby.
07-08 07:59:04.985    81   124 D AudioHardware: openPcmOut_l() mPcmOpenCnt: 0
07-08 07:59:07.567   305  1092 I EventLogService: Aggregate from 1341746947463 (log), 1341746947463 (data)
07-08 07:59:09.434 19276 19279 D dalvikvm: GC_CONCURRENT freed 502K, 6% free 10361K/10951K, paused 2ms+3ms
07-08 07:59:09.579 14258 14261 D dalvikvm: GC_CONCURRENT freed 354K, 8% free 10356K/11143K, paused 1ms+3ms
07-08 07:59:09.969 14258 14261 D dalvikvm: GC_CONCURRENT freed 222K, 6% free 10538K/11143K, paused 3ms+5ms
07-08 07:59:10.457    81   124 D AudioHardware: AudioHardware pcm playback is going to standby.
07-08 07:59:10.457    81   124 D AudioHardware: closePcmOut_l() mPcmOpenCnt: 1
07-08 07:59:24.192    81   124 D AudioHardware: AudioHardware pcm playback is exiting standby.
07-08 07:59:24.192    81   124 D AudioHardware: openPcmOut_l() mPcmOpenCnt: 0
07-08 07:59:29.653    81   124 D AudioHardware: AudioHardware pcm playback is going to standby.
07-08 07:59:29.653    81   124 D AudioHardware: closePcmOut_l() mPcmOpenCnt: 1
07-08 07:59:35.289    81   124 D AudioHardware: AudioHardware pcm playback is exiting standby.
07-08 07:59:35.289    81   124 D AudioHardware: openPcmOut_l() mPcmOpenCnt: 0
07-08 07:59:35.329 18776 18777 D dalvikvm: GC_CONCURRENT freed 474K, 6% free 10803K/11399K, paused 2ms+4ms
07-08 07:59:45.161    81   124 D AudioHardware: AudioHardware pcm playback is going to standby.
07-08 07:59:45.161    81   124 D AudioHardware: closePcmOut_l() mPcmOpenCnt: 1
07-08 07:59:46.727   325   327 D dalvikvm: GC_CONCURRENT freed 426K, 12% free 10731K/12103K, paused 7ms+2ms
07-08 07:59:48.270   344   344 D SAN_SERVICE: *******************************************
07-08 07:59:48.274   344   344 D SAN_SERVICE: DM App Phone Service State - 0
07-08 07:59:48.274   344   344 D SAN_SERVICE: *******************************************
07-08 07:59:48.469   344   344 D SAN_SERVICE: *******************************************
07-08 07:59:48.469   344   344 D SAN_SERVICE: DM App Phone Service State - 0
07-08 07:59:48.469   344   344 D SAN_SERVICE: *******************************************
07-08 07:59:51.719    81   124 D AudioHardware: AudioHardware pcm playback is exiting standby.
07-08 07:59:51.719    81   124 D AudioHardware: openPcmOut_l() mPcmOpenCnt: 0
07-08 07:59:55.071    81   124 D AudioHardware: AudioHardware pcm playback is going to standby.
07-08 07:59:55.071    81   124 D AudioHardware: closePcmOut_l() mPcmOpenCnt: 1
07-08 07:59:57.594 18668 18681 I PhoneLab-: Service Running
07-08 07:59:57.723 18668 18681 I PhoneLab-LoggerService: app_37    1296  1     1436   996   c00f181c 400107b4 S logcat
07-08 07:59:57.723 18668 18681 I PhoneLab-LoggerService: Logcat pid from database 1296
07-08 07:59:57.723 18668 18681 I PhoneLab-LoggerService: Logcat process found 1296
07-08 07:59:57.723 18668 18681 I PhoneLab-LoggerService: Checking Threshold
07-08 07:59:57.727 18668 18670 D dalvikvm: GC_CONCURRENT freed 442K, 6% free 9118K/9671K, paused 2ms+2ms
07-08 08:00:08.664   344   344 D SAN_SERVICE: *******************************************
07-08 08:00:08.664   344   344 D SAN_SERVICE: DM App Phone Service State - 0
07-08 08:00:08.664   344   344 D SAN_SERVICE: *******************************************
07-08 08:00:09.543 14258 14261 D dalvikvm: GC_CONCURRENT freed 640K, 8% free 10306K/11143K, paused 2ms+3ms
07-08 08:00:16.594   143   200 D DhcpInfoInternal: makeLinkProperties with empty dns2!
07-08 08:00:16.594   143   200 D DhcpInfoInternal: makeLinkProperties with empty dns2!
07-08 08:00:17.473    81   124 D AudioHardware: AudioHardware pcm playback is exiting standby.
07-08 08:00:17.473    81   124 D AudioHardware: openPcmOut_l() mPcmOpenCnt: 0
07-08 08:00:17.582 18776 18777 D dalvikvm: GC_CONCURRENT freed 532K, 6% free 10798K/11463K, paused 4ms+3ms
07-08 08:00:20.602   344   344 D SAN_SERVICE: *******************************************
07-08 08:00:20.606   344   344 D SAN_SERVICE: DM App Phone Service State - 0
07-08 08:00:20.606   344   344 D SAN_SERVICE: *******************************************
07-08 08:00:21.387   344   344 D SAN_SERVICE: *******************************************
07-08 08:00:21.387   344   344 D SAN_SERVICE: DM App Phone Service State - 0
07-08 08:00:21.387   344   344 D SAN_SERVICE: *******************************************
07-08 08:00:21.477   344   350 D dalvikvm: GC_CONCURRENT freed 433K, 6% free 9487K/10055K, paused 6ms+28ms
07-08 08:00:22.934    81   124 D AudioHardware: AudioHardware pcm playback is going to standby.
07-08 08:00:22.934    81   124 D AudioHardware: closePcmOut_l() mPcmOpenCnt: 1
07-08 08:00:25.114    81   124 D AudioHardware: AudioHardware pcm playback is exiting standby.
07-08 08:00:25.114    81   124 D AudioHardware: openPcmOut_l() mPcmOpenCnt: 0
07-08 08:00:33.016    81   124 D AudioHardware: AudioHardware pcm playback is going to standby.
07-08 08:00:33.016    81   124 D AudioHardware: closePcmOut_l() mPcmOpenCnt: 1
07-08 08:00:36.629    81   124 D AudioHardware: AudioHardware pcm playback is exiting standby.
07-08 08:00:36.629    81   124 D AudioHardware: openPcmOut_l() mPcmOpenCnt: 0
07-08 08:00:44.153    81   124 D AudioHardware: AudioHardware pcm playback is going to standby.
07-08 08:00:44.157    81   124 D AudioHardware: closePcmOut_l() mPcmOpenCnt: 1
07-08 08:00:47.641 17709 19651 I DatabaseHelper: Begin cleanup.
07-08 08:00:47.672 17709 19651 I DatabaseHelper: Cleaned up: 0
07-08 08:00:47.762 17709 17711 D dalvikvm: GC_CONCURRENT freed 811K, 14% free 11728K/13511K, paused 6ms+4ms
07-08 08:00:54.813   344   344 D SAN_SERVICE: *******************************************
07-08 08:00:54.813   344   344 D SAN_SERVICE: DM App Phone Service State - 0
07-08 08:00:54.813   344   344 D SAN_SERVICE: *******************************************
07-08 08:00:55.520   344   344 D SAN_SERVICE: *******************************************
07-08 08:00:55.520   344   344 D SAN_SERVICE: DM App Phone Service State - 0
07-08 08:00:55.520   344   344 D SAN_SERVICE: *******************************************
07-08 08:01:01.618   344   344 D SAN_SERVICE: *******************************************
07-08 08:01:01.618   344   344 D SAN_SERVICE: DM App Phone Service State - 0
07-08 08:01:01.618   344   344 D SAN_SERVICE: *******************************************
07-08 08:01:05.278   344   344 D SAN_SERVICE: *******************************************
07-08 08:01:05.278   344   344 D SAN_SERVICE: DM App Phone Service State - 0
07-08 08:01:05.278   344   344 D SAN_SERVICE: *******************************************
07-08 08:01:05.789   344   344 D SAN_SERVICE: *******************************************
07-08 08:01:05.789   344   344 D SAN_SERVICE: DM App Phone Service State - 0
07-08 08:01:05.789   344   344 D SAN_SERVICE: *******************************************
07-08 08:01:09.539 19276 19279 D dalvikvm: GC_CONCURRENT freed 496K, 6% free 10372K/10951K, paused 2ms+3ms
07-08 08:01:10.348   344   344 D SAN_SERVICE: *******************************************
07-08 08:01:10.348   344   344 D SAN_SERVICE: DM App Phone Service State - 0
07-08 08:01:10.348   344   344 D SAN_SERVICE: *******************************************
07-08 08:01:10.520   143   152 W MediaPlayer-JNI: MediaPlayer finalized without being released
07-08 08:01:10.524   143 10999 D dalvikvm: GC_EXPLICIT freed 1334K, 19% free 16264K/19847K, paused 7ms+8ms
07-08 08:01:10.567   344   344 D SAN_SERVICE: *******************************************
07-08 08:01:10.567   344   344 D SAN_SERVICE: DM App Phone Service State - 0
07-08 08:01:10.567   344   344 D SAN_SERVICE: *******************************************
07-08 08:01:20.426   344   344 D SAN_SERVICE: *******************************************
07-08 08:01:20.426   344   344 D SAN_SERVICE: DM App Phone Service State - 0
07-08 08:01:20.426   344   344 D SAN_SERVICE: *******************************************
07-08 08:01:20.934   344   344 D SAN_SERVICE: *******************************************
07-08 08:01:20.934   344   344 D SAN_SERVICE: DM App Phone Service State - 0
07-08 08:01:20.934   344   344 D SAN_SERVICE: *******************************************
07-08 08:01:42.575   344   344 D SAN_SERVICE: *******************************************
07-08 08:01:42.575   344   344 D SAN_SERVICE: DM App Phone Service State - 0
07-08 08:01:42.575   344   344 D SAN_SERVICE: *******************************************
07-08 08:01:42.848   344   344 D SAN_SERVICE: *******************************************
07-08 08:01:42.848   344   344 D SAN_SERVICE: DM App Phone Service State - 0
07-08 08:01:42.848   344   344 D SAN_SERVICE: *******************************************
07-08 08:01:48.301 18881 19658 W Gmail   : Successful index run, cancel next scheduled index run
07-08 08:01:48.879    81   124 D AudioHardware: AudioHardware pcm playback is exiting standby.
07-08 08:01:48.879    81   124 D AudioHardware: openPcmOut_l() mPcmOpenCnt: 0
07-08 08:01:48.969 18776 18777 D dalvikvm: GC_CONCURRENT freed 465K, 6% free 10821K/11463K, paused 3ms+4ms
07-08 08:01:51.129   344   344 D SAN_SERVICE: *******************************************
07-08 08:01:51.129   344   344 D SAN_SERVICE: DM App Phone Service State - 0
07-08 08:01:51.129   344   344 D SAN_SERVICE: *******************************************
07-08 08:01:54.336    81   124 D AudioHardware: AudioHardware pcm playback is going to standby.
07-08 08:01:54.340    81   124 D AudioHardware: closePcmOut_l() mPcmOpenCnt: 1
07-08 08:01:57.590 18668 18681 I PhoneLab-: Service Running
07-08 08:01:57.680 18668 18681 I PhoneLab-LoggerService: app_37    1296  1     1436   996   c00f181c 400107b4 S logcat
07-08 08:01:57.680 18668 18681 I PhoneLab-LoggerService: Logcat pid from database 1296
07-08 08:01:57.684 18668 18681 I PhoneLab-LoggerService: Logcat process found 1296
07-08 08:01:57.684 18668 18681 I PhoneLab-LoggerService: Checking Threshold
07-08 08:02:06.539   344   344 D SAN_SERVICE: *******************************************
07-08 08:02:06.539   344   344 D SAN_SERVICE: DM App Phone Service State - 0
07-08 08:02:06.539   344   344 D SAN_SERVICE: *******************************************
07-08 08:02:07.254   344   344 D SAN_SERVICE: *******************************************
07-08 08:02:07.254   344   344 D SAN_SERVICE: DM App Phone Service State - 0
07-08 08:02:07.254   344   344 D SAN_SERVICE: *******************************************
07-08 08:02:09.637 14258 14261 D dalvikvm: GC_CONCURRENT freed 526K, 8% free 10289K/11143K, paused 2ms+3ms
07-08 08:02:21.848   344   344 D SAN_SERVICE: *******************************************
07-08 08:02:21.848   344   344 D SAN_SERVICE: DM App Phone Service State - 0
07-08 08:02:21.848   344   344 D SAN_SERVICE: *******************************************
07-08 08:02:22.059   344   344 D SAN_SERVICE: *******************************************
07-08 08:02:22.059   344   344 D SAN_SERVICE: DM App Phone Service State - 0
07-08 08:02:22.059   344   344 D SAN_SERVICE: *******************************************
07-08 08:02:25.610   305   309 D dalvikvm: GC_CONCURRENT freed 391K, 6% free 10456K/11079K, paused 7ms+5ms
07-08 08:02:27.875    81   124 D AudioHardware: AudioHardware pcm playback is exiting standby.
07-08 08:02:27.875    81   124 D AudioHardware: openPcmOut_l() mPcmOpenCnt: 0
07-08 08:02:31.227    81   124 D AudioHardware: AudioHardware pcm playback is going to standby.
07-08 08:02:31.227    81   124 D AudioHardware: closePcmOut_l() mPcmOpenCnt: 1
07-08 08:02:32.067   344   344 D SAN_SERVICE: *******************************************
07-08 08:02:32.067   344   344 D SAN_SERVICE: DM App Phone Service State - 0
07-08 08:02:32.067   344   344 D SAN_SERVICE: *******************************************
07-08 08:02:32.301   344   344 D SAN_SERVICE: *******************************************
07-08 08:02:32.301   344   344 D SAN_SERVICE: DM App Phone Service State - 0
07-08 08:02:32.301   344   344 D SAN_SERVICE: *******************************************
07-08 08:02:33.055   344   344 D SAN_SERVICE: *******************************************
07-08 08:02:33.055   344   344 D SAN_SERVICE: DM App Phone Service State - 0
07-08 08:02:33.059   344   344 D SAN_SERVICE: *******************************************
07-08 08:02:40.071   325   327 D dalvikvm: GC_CONCURRENT freed 441K, 12% free 10733K/12103K, paused 2ms+2ms
07-08 08:02:40.930    81   124 D AudioHardware: AudioHardware pcm playback is exiting standby.
07-08 08:02:40.930    81   124 D AudioHardware: openPcmOut_l() mPcmOpenCnt: 0
07-08 08:02:41.426   143   200 D DhcpInfoInternal: makeLinkProperties with empty dns2!
07-08 08:02:41.457   143   200 D DhcpInfoInternal: makeLinkProperties with empty dns2!
07-08 08:02:44.278    81   124 D AudioHardware: AudioHardware pcm playback is going to standby.
07-08 08:02:44.278    81   124 D AudioHardware: closePcmOut_l() mPcmOpenCnt: 1
07-08 08:02:47.399   344   344 D SAN_SERVICE: *******************************************
07-08 08:02:47.399   344   344 D SAN_SERVICE: DM App Phone Service State - 0
07-08 08:02:47.399   344   344 D SAN_SERVICE: *******************************************
07-08 08:02:48.231   344   344 D SAN_SERVICE: *******************************************
07-08 08:02:48.235   344   344 D SAN_SERVICE: DM App Phone Service State - 0
07-08 08:02:48.235   344   344 D SAN_SERVICE: *******************************************
07-08 08:02:57.684   344   344 D SAN_SERVICE: *******************************************
07-08 08:02:57.684   344   344 D SAN_SERVICE: DM App Phone Service State - 0
07-08 08:02:57.684   344   344 D SAN_SERVICE: *******************************************
07-08 08:02:57.926   344   344 D SAN_SERVICE: *******************************************
07-08 08:02:57.926   344   344 D SAN_SERVICE: DM App Phone Service State - 0
07-08 08:02:57.926   344   344 D SAN_SERVICE: *******************************************
07-08 08:02:58.700   344   344 D SAN_SERVICE: *******************************************
07-08 08:02:58.700   344   344 D SAN_SERVICE: DM App Phone Service State - 0
07-08 08:02:58.700   344   344 D SAN_SERVICE: *******************************************
07-08 08:03:04.500   344   344 D SAN_SERVICE: *******************************************
07-08 08:03:04.500   344   344 D SAN_SERVICE: DM App Phone Service State - 0
07-08 08:03:04.500   344   344 D SAN_SERVICE: *******************************************
07-08 08:03:04.563   344   350 D dalvikvm: GC_CONCURRENT freed 435K, 6% free 9487K/10055K, paused 21ms+2ms
07-08 08:03:09.653 19276 19279 D dalvikvm: GC_CONCURRENT freed 561K, 6% free 10371K/11015K, paused 2ms+2ms
07-08 08:03:24.711 18776 18777 D dalvikvm: GC_CONCURRENT freed 535K, 6% free 10802K/11463K, paused 3ms+5ms
07-08 08:03:28.340   344   344 D SAN_SERVICE: *******************************************
07-08 08:03:28.340   344   344 D SAN_SERVICE: DM App Phone Service State - 0
07-08 08:03:28.340   344   344 D SAN_SERVICE: *******************************************
07-08 08:03:28.672   344   344 D SAN_SERVICE: *******************************************
07-08 08:03:28.672   344   344 D SAN_SERVICE: DM App Phone Service State - 0
07-08 08:03:28.672   344   344 D SAN_SERVICE: *******************************************
07-08 08:03:29.438   344   344 D SAN_SERVICE: *******************************************
07-08 08:03:29.438   344   344 D SAN_SERVICE: DM App Phone Service State - 0
07-08 08:03:29.438   344   344 D SAN_SERVICE: *******************************************
07-08 08:03:42.348    81   124 D AudioHardware: AudioHardware pcm playback is exiting standby.
07-08 08:03:42.348    81   124 D AudioHardware: openPcmOut_l() mPcmOpenCnt: 0
07-08 08:03:45.450   344   344 D SAN_SERVICE: *******************************************
07-08 08:03:45.450   344   344 D SAN_SERVICE: DM App Phone Service State - 0
07-08 08:03:45.450   344   344 D SAN_SERVICE: *******************************************
07-08 08:03:45.700    81   124 D AudioHardware: AudioHardware pcm playback is going to standby.
07-08 08:03:45.700    81   124 D AudioHardware: closePcmOut_l() mPcmOpenCnt: 1
07-08 08:03:45.989   344   344 D SAN_SERVICE: *******************************************
07-08 08:03:45.989   344   344 D SAN_SERVICE: DM App Phone Service State - 0
07-08 08:03:45.989   344   344 D SAN_SERVICE: *******************************************
07-08 08:03:57.590 18668 18681 I PhoneLab-: Service Running
07-08 08:03:57.676 18668 18681 I PhoneLab-LoggerService: app_37    1296  1     1436   996   c00f181c 400107b4 S logcat
07-08 08:03:57.680 18668 18681 I PhoneLab-LoggerService: Logcat pid from database 1296
07-08 08:03:57.680 18668 18681 I PhoneLab-LoggerService: Logcat process found 1296
07-08 08:03:57.680 18668 18681 I PhoneLab-LoggerService: Checking Threshold
07-08 08:03:59.110   344   344 D SAN_SERVICE: *******************************************
07-08 08:03:59.110   344   344 D SAN_SERVICE: DM App Phone Service State - 0
07-08 08:03:59.110   344   344 D SAN_SERVICE: *******************************************
07-08 08:03:59.395   344   344 D SAN_SERVICE: *******************************************
07-08 08:03:59.395   344   344 D SAN_SERVICE: DM App Phone Service State - 0
07-08 08:03:59.395   344   344 D SAN_SERVICE: *******************************************
07-08 08:03:59.907   344   344 D SAN_SERVICE: *******************************************
07-08 08:03:59.907   344   344 D SAN_SERVICE: DM App Phone Service State - 0
07-08 08:03:59.907   344   344 D SAN_SERVICE: *******************************************
07-08 08:04:09.356   344   344 D SAN_SERVICE: *******************************************
07-08 08:04:09.356   344   344 D SAN_SERVICE: DM App Phone Service State - 0
07-08 08:04:09.356   344   344 D SAN_SERVICE: *******************************************
07-08 08:04:09.801 14258 14261 D dalvikvm: GC_CONCURRENT freed 507K, 8% free 10284K/11143K, paused 2ms+3ms
07-08 08:04:19.602   344   344 D SAN_SERVICE: *******************************************
07-08 08:04:19.602   344   344 D SAN_SERVICE: DM App Phone Service State - 0
07-08 08:04:19.602   344   344 D SAN_SERVICE: *******************************************
07-08 08:04:19.836   344   344 D SAN_SERVICE: *******************************************
07-08 08:04:19.836   344   344 D SAN_SERVICE: DM App Phone Service State - 0
07-08 08:04:19.836   344   344 D SAN_SERVICE: *******************************************
07-08 08:04:20.629   344   344 D SAN_SERVICE: *******************************************
07-08 08:04:20.629   344   344 D SAN_SERVICE: DM App Phone Service State - 0
07-08 08:04:20.629   344   344 D SAN_SERVICE: *******************************************
07-08 08:04:26.399   344   344 D SAN_SERVICE: *******************************************
07-08 08:04:26.399   344   344 D SAN_SERVICE: DM App Phone Service State - 0
07-08 08:04:26.403   344   344 D SAN_SERVICE: *******************************************
07-08 08:04:26.442 19276 19279 D dalvikvm: GC_CONCURRENT freed 397K, 6% free 10362K/11015K, paused 5ms+2ms
07-08 08:04:35.508   344   344 D SAN_SERVICE: *******************************************
07-08 08:04:35.508   344   344 D SAN_SERVICE: DM App Phone Service State - 0
07-08 08:04:35.508   344   344 D SAN_SERVICE: *******************************************
07-08 08:04:35.739   344   344 D SAN_SERVICE: *******************************************
07-08 08:04:35.739   344   344 D SAN_SERVICE: DM App Phone Service State - 0
07-08 08:04:35.739   344   344 D SAN_SERVICE: *******************************************
07-08 08:04:50.395   344   344 D SAN_SERVICE: *******************************************
07-08 08:04:50.395   344   344 D SAN_SERVICE: DM App Phone Service State - 0
07-08 08:04:50.395   344   344 D SAN_SERVICE: *******************************************
07-08 08:04:50.582   344   344 D SAN_SERVICE: *******************************************
07-08 08:04:50.582   344   344 D SAN_SERVICE: DM App Phone Service State - 0
07-08 08:04:50.586   344   344 D SAN_SERVICE: *******************************************
07-08 08:05:00.543   344   344 D SAN_SERVICE: *******************************************
07-08 08:05:00.543   344   344 D SAN_SERVICE: DM App Phone Service State - 0
07-08 08:05:00.543   344   344 D SAN_SERVICE: *******************************************
07-08 08:05:05.161 18776 18777 D dalvikvm: GC_CONCURRENT freed 532K, 6% free 10801K/11463K, paused 9ms+5ms
07-08 08:05:06.305   143   200 D DhcpInfoInternal: makeLinkProperties with empty dns2!
07-08 08:05:06.309   143   200 D DhcpInfoInternal: makeLinkProperties with empty dns2!
07-08 08:05:09.969 19276 19279 D dalvikvm: GC_CONCURRENT freed 389K, 5% free 10466K/11015K, paused 2ms+3ms
07-08 08:05:12.465    81   124 D AudioHardware: AudioHardware pcm playback is exiting standby.
07-08 08:05:12.465    81   124 D AudioHardware: openPcmOut_l() mPcmOpenCnt: 0
07-08 08:05:15.817    81   124 D AudioHardware: AudioHardware pcm playback is going to standby.
07-08 08:05:15.821    81   124 D AudioHardware: closePcmOut_l() mPcmOpenCnt: 1
07-08 08:05:20.969   344   344 D SAN_SERVICE: *******************************************
07-08 08:05:20.969   344   344 D SAN_SERVICE: DM App Phone Service State - 0
07-08 08:05:20.969   344   344 D SAN_SERVICE: *******************************************
07-08 08:05:21.293   344   344 D SAN_SERVICE: *******************************************
07-08 08:05:21.293   344   344 D SAN_SERVICE: DM App Phone Service State - 0
07-08 08:05:21.293   344   344 D SAN_SERVICE: *******************************************
07-08 08:05:31.274   344   344 D SAN_SERVICE: *******************************************
07-08 08:05:31.274   344   344 D SAN_SERVICE: DM App Phone Service State - 0
07-08 08:05:31.278   344   344 D SAN_SERVICE: *******************************************
07-08 08:05:41.770   344   344 D SAN_SERVICE: *******************************************
07-08 08:05:41.770   344   344 D SAN_SERVICE: DM App Phone Service State - 0
07-08 08:05:41.770   344   344 D SAN_SERVICE: *******************************************
07-08 08:05:42.528   344   344 D SAN_SERVICE: *******************************************
07-08 08:05:42.528   344   344 D SAN_SERVICE: DM App Phone Service State - 0
07-08 08:05:42.528   344   344 D SAN_SERVICE: *******************************************
07-08 08:05:49.317    81   124 D AudioHardware: AudioHardware pcm playback is exiting standby.
07-08 08:05:49.317    81   124 D AudioHardware: openPcmOut_l() mPcmOpenCnt: 0
07-08 08:05:50.395 17709 17711 D dalvikvm: GC_CONCURRENT freed 791K, 14% free 11729K/13511K, paused 15ms+10ms
07-08 08:05:50.668 18776 18777 D dalvikvm: GC_CONCURRENT freed 537K, 6% free 10811K/11463K, paused 6ms+5ms
07-08 08:05:52.661    81   124 D AudioHardware: AudioHardware pcm playback is going to standby.
07-08 08:05:52.664    81   124 D AudioHardware: closePcmOut_l() mPcmOpenCnt: 1
07-08 08:05:56.946   344   344 D SAN_SERVICE: *******************************************
07-08 08:05:56.946   344   344 D SAN_SERVICE: DM App Phone Service State - 0
07-08 08:05:56.946   344   344 D SAN_SERVICE: *******************************************
07-08 08:05:57.590 18668 18681 I PhoneLab-: Service Running
07-08 08:05:57.684 18668 18681 I PhoneLab-LoggerService: app_37    1296  1     1436   996   c00f181c 400107b4 S logcat
07-08 08:05:57.684 18668 18681 I PhoneLab-LoggerService: Logcat pid from database 1296
07-08 08:05:57.684 18668 18681 I PhoneLab-LoggerService: Logcat process found 1296
07-08 08:05:57.684 18668 18681 I PhoneLab-LoggerService: Checking Threshold
07-08 08:06:07.102   344   344 D SAN_SERVICE: *******************************************
07-08 08:06:07.102   344   344 D SAN_SERVICE: DM App Phone Service State - 0
07-08 08:06:07.102   344   344 D SAN_SERVICE: *******************************************
07-08 08:06:07.145   344   350 D dalvikvm: GC_CONCURRENT freed 434K, 6% free 9486K/10055K, paused 3ms+3ms
07-08 08:06:09.844 19276 19279 D dalvikvm: GC_CONCURRENT freed 488K, 6% free 10516K/11079K, paused 2ms+3ms
07-08 08:06:09.977 14258 14261 D dalvikvm: GC_CONCURRENT freed 483K, 8% free 10309K/11143K, paused 2ms+3ms
07-08 08:06:17.332   344   344 D SAN_SERVICE: *******************************************
07-08 08:06:17.332   344   344 D SAN_SERVICE: DM App Phone Service State - 0
07-08 08:06:17.332   344   344 D SAN_SERVICE: *******************************************
07-08 08:06:17.629   344   344 D SAN_SERVICE: *******************************************
07-08 08:06:17.633   344   344 D SAN_SERVICE: DM App Phone Service State - 0
07-08 08:06:17.633   344   344 D SAN_SERVICE: *******************************************
07-08 08:06:18.375   344   344 D SAN_SERVICE: *******************************************
07-08 08:06:18.375   344   344 D SAN_SERVICE: DM App Phone Service State - 0
07-08 08:06:18.375   344   344 D SAN_SERVICE: *******************************************
07-08 08:06:21.204    81   124 D AudioHardware: AudioHardware pcm playback is exiting standby.
07-08 08:06:21.204    81   124 D AudioHardware: openPcmOut_l() mPcmOpenCnt: 0
07-08 08:06:22.750   344   344 D SAN_SERVICE: *******************************************
07-08 08:06:22.750   344   344 D SAN_SERVICE: DM App Phone Service State - 0
07-08 08:06:22.750   344   344 D SAN_SERVICE: *******************************************
07-08 08:06:24.555    81   124 D AudioHardware: AudioHardware pcm playback is going to standby.
07-08 08:06:24.555    81   124 D AudioHardware: closePcmOut_l() mPcmOpenCnt: 1
07-08 08:06:37.868   344   344 D SAN_SERVICE: *******************************************
07-08 08:06:37.868   344   344 D SAN_SERVICE: DM App Phone Service State - 0
07-08 08:06:37.868   344   344 D SAN_SERVICE: *******************************************
07-08 08:06:48.090   344   344 D SAN_SERVICE: *******************************************
07-08 08:06:48.090   344   344 D SAN_SERVICE: DM App Phone Service State - 0
07-08 08:06:48.090   344   344 D SAN_SERVICE: *******************************************
07-08 08:06:48.375   344   344 D SAN_SERVICE: *******************************************
07-08 08:06:48.375   344   344 D SAN_SERVICE: DM App Phone Service State - 0
07-08 08:06:48.375   344   344 D SAN_SERVICE: *******************************************
07-08 08:06:49.082   344   344 D SAN_SERVICE: *******************************************
07-08 08:06:49.082   344   344 D SAN_SERVICE: DM App Phone Service State - 0
07-08 08:06:49.082   344   344 D SAN_SERVICE: *******************************************
07-08 08:07:03.539   344   344 D SAN_SERVICE: *******************************************
07-08 08:07:03.539   344   344 D SAN_SERVICE: DM App Phone Service State - 0
07-08 08:07:03.539   344   344 D SAN_SERVICE: *******************************************
07-08 08:07:03.758   344   344 D SAN_SERVICE: *******************************************
07-08 08:07:03.758   344   344 D SAN_SERVICE: DM App Phone Service State - 0
07-08 08:07:03.762   344   344 D SAN_SERVICE: *******************************************
07-08 08:07:04.258   344   344 D SAN_SERVICE: *******************************************
07-08 08:07:04.258   344   344 D SAN_SERVICE: DM App Phone Service State - 0
07-08 08:07:04.258   344   344 D SAN_SERVICE: *******************************************
07-08 08:07:08.692   143   145 D dalvikvm: GC_CONCURRENT freed 1668K, 18% free 16288K/19847K, paused 9ms+7ms
07-08 08:07:09.973   143   154 D dalvikvm: GC_EXPLICIT freed 185K, 19% free 16128K/19847K, paused 3ms+6ms
07-08 08:07:23.942   344   344 D SAN_SERVICE: *******************************************
07-08 08:07:23.942   344   344 D SAN_SERVICE: DM App Phone Service State - 0
07-08 08:07:23.942   344   344 D SAN_SERVICE: *******************************************
07-08 08:07:24.149   344   344 D SAN_SERVICE: *******************************************
07-08 08:07:24.149   344   344 D SAN_SERVICE: DM App Phone Service State - 0
07-08 08:07:24.149   344   344 D SAN_SERVICE: *******************************************
07-08 08:07:30.942   143   200 D DhcpInfoInternal: makeLinkProperties with empty dns2!
07-08 08:07:30.942   143   200 D DhcpInfoInternal: makeLinkProperties with empty dns2!
07-08 08:07:39.286   344   344 D SAN_SERVICE: *******************************************
07-08 08:07:39.286   344   344 D SAN_SERVICE: DM App Phone Service State - 0
07-08 08:07:39.286   344   344 D SAN_SERVICE: *******************************************
07-08 08:07:39.559   344   344 D SAN_SERVICE: *******************************************
07-08 08:07:39.559   344   344 D SAN_SERVICE: DM App Phone Service State - 0
07-08 08:07:39.559   344   344 D SAN_SERVICE: *******************************************
07-08 08:07:40.059   344   344 D SAN_SERVICE: *******************************************
07-08 08:07:40.059   344   344 D SAN_SERVICE: DM App Phone Service State - 0
07-08 08:07:40.059   344   344 D SAN_SERVICE: *******************************************
07-08 08:07:49.504   344   344 D SAN_SERVICE: *******************************************
07-08 08:07:49.504   344   344 D SAN_SERVICE: DM App Phone Service State - 0
07-08 08:07:49.504   344   344 D SAN_SERVICE: *******************************************
07-08 08:07:49.809   344   344 D SAN_SERVICE: *******************************************
07-08 08:07:49.809   344   344 D SAN_SERVICE: DM App Phone Service State - 0
07-08 08:07:49.809   344   344 D SAN_SERVICE: *******************************************
07-08 08:07:50.551   344   344 D SAN_SERVICE: *******************************************
07-08 08:07:50.551   344   344 D SAN_SERVICE: DM App Phone Service State - 0
07-08 08:07:50.551   344   344 D SAN_SERVICE: *******************************************
07-08 08:07:57.590 18668 18681 I PhoneLab-: Service Running
07-08 08:07:57.672 18668 18681 I PhoneLab-LoggerService: app_37    1296  1     1436   996   c00f181c 400107b4 S logcat
07-08 08:07:57.672 18668 18681 I PhoneLab-LoggerService: Logcat pid from database 1296
07-08 08:07:57.672 18668 18681 I PhoneLab-LoggerService: Logcat process found 1296
07-08 08:07:57.672 18668 18681 I PhoneLab-LoggerService: Checking Threshold
07-08 08:07:59.809   344   344 D SAN_SERVICE: *******************************************
07-08 08:07:59.809   344   344 D SAN_SERVICE: DM App Phone Service State - 0
07-08 08:07:59.809   344   344 D SAN_SERVICE: *******************************************
07-08 08:08:09.926   344   344 D SAN_SERVICE: *******************************************
07-08 08:08:09.926   344   344 D SAN_SERVICE: DM App Phone Service State - 0
07-08 08:08:09.926   344   344 D SAN_SERVICE: *******************************************
07-08 08:08:09.977 19276 19279 D dalvikvm: GC_CONCURRENT freed 549K, 6% free 10516K/11143K, paused 16ms+2ms
07-08 08:08:10.118 14258 14261 D dalvikvm: GC_CONCURRENT freed 511K, 8% free 10317K/11143K, paused 2ms+3ms
07-08 08:08:10.239   344   344 D SAN_SERVICE: *******************************************
07-08 08:08:10.239   344   344 D SAN_SERVICE: DM App Phone Service State - 0
07-08 08:08:10.239   344   344 D SAN_SERVICE: *******************************************
07-08 08:08:10.489   344   344 D SAN_SERVICE: *******************************************
07-08 08:08:10.489   344   344 D SAN_SERVICE: DM App Phone Service State - 0
07-08 08:08:10.489   344   344 D SAN_SERVICE: *******************************************
07-08 08:08:28.164   143 19782 W NotificationService: STOP command without a player
07-08 08:08:30.653   221   223 D dalvikvm: GC_CONCURRENT freed 473K, 29% free 10134K/14215K, paused 4ms+6ms
07-08 08:08:31.008   143  2263 W InputManagerService: Window already focused, ignoring focus gain of: com.android.internal.view.IInputMethodClient$Stub$Proxy@41601e58
07-08 08:08:31.020   221   221 V PhoneStatusBar: setLightsOn(true)
07-08 08:08:31.102   221   221 D dalvikvm: GC_FOR_ALLOC freed 542K, 31% free 9943K/14215K, paused 17ms
07-08 08:08:31.161   221   223 D dalvikvm: GC_CONCURRENT freed 310K, 30% free 10078K/14215K, paused 2ms+2ms
07-08 08:08:31.266   221   223 D dalvikvm: GC_CONCURRENT freed 488K, 30% free 9998K/14215K, paused 2ms+4ms
07-08 08:08:32.157   344   344 D SAN_SERVICE: *******************************************
07-08 08:08:32.157   344   344 D SAN_SERVICE: DM App Phone Service State - 0
07-08 08:08:32.157   344   344 D SAN_SERVICE: *******************************************
07-08 08:08:32.481   344   344 D SAN_SERVICE: *******************************************
07-08 08:08:32.481   344   344 D SAN_SERVICE: DM App Phone Service State - 0
07-08 08:08:32.481   344   344 D SAN_SERVICE: *******************************************
07-08 08:08:36.985 18776 18776 D dalvikvm: GC_FOR_ALLOC freed 318K, 6% free 10833K/11463K, paused 24ms
07-08 08:08:36.985 18776 18776 I dalvikvm-heap: Grow heap (frag case) to 10.758MB for 115216-byte allocation
07-08 08:08:37.008 18776 18776 D dalvikvm: GC_FOR_ALLOC freed 5K, 6% free 10940K/11591K, paused 21ms
07-08 08:08:37.032 18776 18776 D dalvikvm: GC_FOR_ALLOC freed 12K, 6% free 10941K/11591K, paused 22ms
07-08 08:08:37.032 18776 18776 I dalvikvm-heap: Grow heap (frag case) to 10.863MB for 115216-byte allocation
07-08 08:08:37.055 18776 18776 D dalvikvm: GC_FOR_ALLOC freed <1K, 6% free 11053K/11719K, paused 21ms
07-08 08:08:37.082 18776 18776 D dalvikvm: GC_FOR_ALLOC freed 12K, 6% free 11166K/11847K, paused 21ms
07-08 08:08:37.110 18776 18776 D dalvikvm: GC_FOR_ALLOC freed 12K, 6% free 11278K/11975K, paused 22ms
07-08 08:08:56.110   344   344 D SAN_SERVICE: *******************************************
07-08 08:08:56.110   344   344 D SAN_SERVICE: DM App Phone Service State - 0
07-08 08:08:56.114   344   344 D SAN_SERVICE: *******************************************
07-08 08:08:56.364   344   344 D SAN_SERVICE: *******************************************
07-08 08:08:56.364   344   344 D SAN_SERVICE: DM App Phone Service State - 0
07-08 08:08:56.364   344   344 D SAN_SERVICE: *******************************************
07-08 08:08:56.395   344   350 D dalvikvm: GC_CONCURRENT freed 435K, 6% free 9486K/10055K, paused 10ms+3ms
07-08 08:09:06.821   344   344 D SAN_SERVICE: *******************************************
07-08 08:09:06.821   344   344 D SAN_SERVICE: DM App Phone Service State - 0
07-08 08:09:06.821   344   344 D SAN_SERVICE: *******************************************
07-08 08:09:06.985   344   344 D SAN_SERVICE: *******************************************
07-08 08:09:06.985   344   344 D SAN_SERVICE: DM App Phone Service State - 0
07-08 08:09:06.985   344   344 D SAN_SERVICE: *******************************************
07-08 08:09:07.016   344   344 D SAN_SERVICE: *******************************************
07-08 08:09:07.016   344   344 D SAN_SERVICE: DM App Phone Service State - 0
07-08 08:09:07.016   344   344 D SAN_SERVICE: *******************************************
07-08 08:09:07.329   344   344 D SAN_SERVICE: *******************************************
07-08 08:09:07.329   344   344 D SAN_SERVICE: DM App Phone Service State - 0
07-08 08:09:07.329   344   344 D SAN_SERVICE: *******************************************
07-08 08:09:13.192   344   344 D SAN_SERVICE: *******************************************
07-08 08:09:13.192   344   344 D SAN_SERVICE: DM App Phone Service State - 0
07-08 08:09:13.192   344   344 D SAN_SERVICE: *******************************************
07-08 08:09:13.692   344   344 D SAN_SERVICE: *******************************************
07-08 08:09:13.692   344   344 D SAN_SERVICE: DM App Phone Service State - 0
07-08 08:09:13.692   344   344 D SAN_SERVICE: *******************************************
07-08 08:09:21.684   344   344 D SAN_SERVICE: *******************************************
07-08 08:09:21.684   344   344 D SAN_SERVICE: DM App Phone Service State - 0
07-08 08:09:21.684   344   344 D SAN_SERVICE: *******************************************
07-08 08:09:21.934   344   344 D SAN_SERVICE: *******************************************
07-08 08:09:21.934   344   344 D SAN_SERVICE: DM App Phone Service State - 0
07-08 08:09:21.934   344   344 D SAN_SERVICE: *******************************************
07-08 08:09:22.715   344   344 D SAN_SERVICE: *******************************************
07-08 08:09:22.715   344   344 D SAN_SERVICE: DM App Phone Service State - 0
07-08 08:09:22.715   344   344 D SAN_SERVICE: *******************************************
07-08 08:09:33.430    81   124 D AudioHardware: AudioHardware pcm playback is exiting standby.
07-08 08:09:33.430    81   124 D AudioHardware: openPcmOut_l() mPcmOpenCnt: 0
07-08 08:09:33.477 18776 18776 D dalvikvm: GC_FOR_ALLOC freed 100K, 7% free 11374K/12103K, paused 23ms
07-08 08:09:33.688 15135 15138 D dalvikvm: GC_CONCURRENT freed 429K, 6% free 9813K/10375K, paused 2ms+5ms
07-08 08:09:37.305   344   344 D SAN_SERVICE: *******************************************
07-08 08:09:37.305   344   344 D SAN_SERVICE: DM App Phone Service State - 0
07-08 08:09:37.305   344   344 D SAN_SERVICE: *******************************************
07-08 08:09:37.520   344   344 D SAN_SERVICE: *******************************************
07-08 08:09:37.520   344   344 D SAN_SERVICE: DM App Phone Service State - 0
07-08 08:09:37.520   344   344 D SAN_SERVICE: *******************************************
07-08 08:09:37.579   344   344 D SAN_SERVICE: *******************************************
07-08 08:09:37.579   344   344 D SAN_SERVICE: DM App Phone Service State - 0
07-08 08:09:37.579   344   344 D SAN_SERVICE: *******************************************
07-08 08:09:37.817   344   344 D SAN_SERVICE: *******************************************
07-08 08:09:37.817   344   344 D SAN_SERVICE: DM App Phone Service State - 0
07-08 08:09:37.817   344   344 D SAN_SERVICE: *******************************************
07-08 08:09:38.887    81   124 D AudioHardware: AudioHardware pcm playback is going to standby.
07-08 08:09:38.891    81   124 D AudioHardware: closePcmOut_l() mPcmOpenCnt: 1
07-08 08:09:54.090   344   344 D SAN_SERVICE: *******************************************
07-08 08:09:54.090   344   344 D SAN_SERVICE: DM App Phone Service State - 0
07-08 08:09:54.094   344   344 D SAN_SERVICE: *******************************************
07-08 08:09:54.606   344   344 D SAN_SERVICE: *******************************************
07-08 08:09:54.610   344   344 D SAN_SERVICE: DM App Phone Service State - 0
07-08 08:09:54.610   344   344 D SAN_SERVICE: *******************************************
07-08 08:09:55.840   143   200 D DhcpInfoInternal: makeLinkProperties with empty dns2!
07-08 08:09:55.844   143   200 D DhcpInfoInternal: makeLinkProperties with empty dns2!
07-08 08:09:57.590 18668 18681 I PhoneLab-: Service Running
07-08 08:09:57.657 18668 18681 I PhoneLab-LoggerService: app_37    1296  1     1436   996   c00f181c 400107b4 S logcat
07-08 08:09:57.657 18668 18681 I PhoneLab-LoggerService: Logcat pid from database 1296
07-08 08:09:57.657 18668 18681 I PhoneLab-LoggerService: Logcat process found 1296
07-08 08:09:57.657 18668 18681 I PhoneLab-LoggerService: Checking Threshold
07-08 08:10:10.106 19276 19279 D dalvikvm: GC_CONCURRENT freed 505K, 6% free 10522K/11143K, paused 2ms+3ms
07-08 08:10:10.243 14258 14261 D dalvikvm: GC_CONCURRENT freed 514K, 8% free 10306K/11143K, paused 2ms+3ms
07-08 08:10:12.946   344   344 D SAN_SERVICE: *******************************************
07-08 08:10:12.946   344   344 D SAN_SERVICE: DM App Phone Service State - 0
07-08 08:10:12.946   344   344 D SAN_SERVICE: *******************************************
07-08 08:10:13.450   344   344 D SAN_SERVICE: *******************************************
07-08 08:10:13.450   344   344 D SAN_SERVICE: DM App Phone Service State - 0
07-08 08:10:13.450   344   344 D SAN_SERVICE: *******************************************
07-08 08:10:28.211   344   344 D SAN_SERVICE: *******************************************
07-08 08:10:28.211   344   344 D SAN_SERVICE: DM App Phone Service State - 0
07-08 08:10:28.211   344   344 D SAN_SERVICE: *******************************************
07-08 08:10:28.993   344   344 D SAN_SERVICE: *******************************************
07-08 08:10:28.993   344   344 D SAN_SERVICE: DM App Phone Service State - 0
07-08 08:10:28.993   344   344 D SAN_SERVICE: *******************************************
07-08 08:10:29.375    81   124 D AudioHardware: AudioHardware pcm playback is exiting standby.
07-08 08:10:29.375    81   124 D AudioHardware: openPcmOut_l() mPcmOpenCnt: 0
07-08 08:10:29.411 18776 18776 D dalvikvm: GC_FOR_ALLOC freed 292K, 7% free 11489K/12231K, paused 23ms
07-08 08:10:34.836    81   124 D AudioHardware: AudioHardware pcm playback is going to standby.
07-08 08:10:34.840    81   124 D AudioHardware: closePcmOut_l() mPcmOpenCnt: 1
07-08 08:10:35.012   344   344 D SAN_SERVICE: *******************************************
07-08 08:10:35.012   344   344 D SAN_SERVICE: DM App Phone Service State - 0
07-08 08:10:35.012   344   344 D SAN_SERVICE: *******************************************
07-08 08:10:38.442    81   124 D AudioHardware: AudioHardware pcm playback is exiting standby.
07-08 08:10:38.442    81   124 D AudioHardware: openPcmOut_l() mPcmOpenCnt: 0
07-08 08:10:41.786    81   124 D AudioHardware: AudioHardware pcm playback is going to standby.
07-08 08:10:41.786    81   124 D AudioHardware: closePcmOut_l() mPcmOpenCnt: 1
07-08 08:10:43.586   344   344 D SAN_SERVICE: *******************************************
07-08 08:10:43.586   344   344 D SAN_SERVICE: DM App Phone Service State - 0
07-08 08:10:43.586   344   344 D SAN_SERVICE: *******************************************
07-08 08:10:43.860   344   344 D SAN_SERVICE: *******************************************
07-08 08:10:43.860   344   344 D SAN_SERVICE: DM App Phone Service State - 0
07-08 08:10:43.860   344   344 D SAN_SERVICE: *******************************************
07-08 08:10:44.649   344   344 D SAN_SERVICE: *******************************************
07-08 08:10:44.649   344   344 D SAN_SERVICE: DM App Phone Service State - 0
07-08 08:10:44.649   344   344 D SAN_SERVICE: *******************************************
07-08 08:10:47.907   325   327 D dalvikvm: GC_CONCURRENT freed 446K, 12% free 10730K/12103K, paused 15ms+5ms
07-08 08:10:52.786    81   124 D AudioHardware: AudioHardware pcm playback is exiting standby.
07-08 08:10:52.786    81   124 D AudioHardware: openPcmOut_l() mPcmOpenCnt: 0
07-08 08:10:56.129    81   124 D AudioHardware: AudioHardware pcm playback is going to standby.
07-08 08:10:56.129    81   124 D AudioHardware: closePcmOut_l() mPcmOpenCnt: 1
07-08 08:10:58.993   344   344 D SAN_SERVICE: *******************************************
07-08 08:10:58.993   344   344 D SAN_SERVICE: DM App Phone Service State - 0
07-08 08:10:58.993   344   344 D SAN_SERVICE: *******************************************
07-08 08:10:59.700   344   344 D SAN_SERVICE: *******************************************
07-08 08:10:59.700   344   344 D SAN_SERVICE: DM App Phone Service State - 0
07-08 08:10:59.700   344   344 D SAN_SERVICE: *******************************************
07-08 08:11:09.145   344   344 D SAN_SERVICE: *******************************************
07-08 08:11:09.145   344   344 D SAN_SERVICE: DM App Phone Service State - 0
07-08 08:11:09.145   344   344 D SAN_SERVICE: *******************************************
07-08 08:11:09.473   344   344 D SAN_SERVICE: *******************************************
07-08 08:11:09.473   344   344 D SAN_SERVICE: DM App Phone Service State - 0
07-08 08:11:09.473   344   344 D SAN_SERVICE: *******************************************
07-08 08:11:10.168   344   344 D SAN_SERVICE: *******************************************
07-08 08:11:10.168   344   344 D SAN_SERVICE: DM App Phone Service State - 0
07-08 08:11:10.168   344   344 D SAN_SERVICE: *******************************************
07-08 08:11:10.192   344   350 D dalvikvm: GC_CONCURRENT freed 438K, 6% free 9486K/10055K, paused 2ms+2ms
07-08 08:11:10.246   305   309 D dalvikvm: GC_CONCURRENT freed 393K, 6% free 10454K/11079K, paused 3ms+15ms
07-08 08:11:10.399 19276 19279 D dalvikvm: GC_CONCURRENT freed 413K, 6% free 10516K/11143K, paused 3ms+6ms
07-08 08:11:19.907 18776 18777 D dalvikvm: GC_CONCURRENT freed 617K, 7% free 11612K/12359K, paused 4ms+4ms
07-08 08:11:29.637   344   344 D SAN_SERVICE: *******************************************
07-08 08:11:29.637   344   344 D SAN_SERVICE: DM App Phone Service State - 0
07-08 08:11:29.637   344   344 D SAN_SERVICE: *******************************************
07-08 08:11:30.106   344   344 D SAN_SERVICE: *******************************************
07-08 08:11:30.106   344   344 D SAN_SERVICE: DM App Phone Service State - 0
07-08 08:11:30.106   344   344 D SAN_SERVICE: *******************************************
07-08 08:11:30.301   344   344 D SAN_SERVICE: *******************************************
07-08 08:11:30.301   344   344 D SAN_SERVICE: DM App Phone Service State - 0
07-08 08:11:30.301   344   344 D SAN_SERVICE: *******************************************
07-08 08:11:30.399   344   344 D SAN_SERVICE: *******************************************
07-08 08:11:30.399   344   344 D SAN_SERVICE: DM App Phone Service State - 0
07-08 08:11:30.399   344   344 D SAN_SERVICE: *******************************************
07-08 08:11:30.719   344   344 D SAN_SERVICE: *******************************************
07-08 08:11:30.719   344   344 D SAN_SERVICE: DM App Phone Service State - 0
07-08 08:11:30.719   344   344 D SAN_SERVICE: *******************************************
07-08 08:11:50.231   344   344 D SAN_SERVICE: *******************************************
07-08 08:11:50.231   344   344 D SAN_SERVICE: DM App Phone Service State - 0
07-08 08:11:50.231   344   344 D SAN_SERVICE: *******************************************
07-08 08:11:50.989   344   344 D SAN_SERVICE: *******************************************
07-08 08:11:50.989   344   344 D SAN_SERVICE: DM App Phone Service State - 0
07-08 08:11:50.989   344   344 D SAN_SERVICE: *******************************************
07-08 08:11:56.981   344   344 D SAN_SERVICE: *******************************************
07-08 08:11:56.981   344   344 D SAN_SERVICE: DM App Phone Service State - 0
07-08 08:11:56.981   344   344 D SAN_SERVICE: *******************************************
07-08 08:11:57.590 18668 18681 I PhoneLab-: Service Running
07-08 08:11:57.696 18668 18681 I PhoneLab-LoggerService: app_37    1296  1     1436   996   c00f181c 400107b4 S logcat
07-08 08:11:57.696 18668 18681 I PhoneLab-LoggerService: Logcat pid from database 1296
07-08 08:11:57.696 18668 18681 I PhoneLab-LoggerService: Logcat process found 1296
07-08 08:11:57.696 18668 18681 I PhoneLab-LoggerService: Checking Threshold
07-08 08:12:09.336 18776 18777 D dalvikvm: GC_CONCURRENT freed 736K, 7% free 11619K/12487K, paused 2ms+4ms
07-08 08:12:09.516    81   124 D AudioHardware: AudioHardware pcm playback is exiting standby.
07-08 08:12:09.516    81   124 D AudioHardware: openPcmOut_l() mPcmOpenCnt: 0
07-08 08:12:10.348 14258 14261 D dalvikvm: GC_CONCURRENT freed 501K, 8% free 10315K/11143K, paused 2ms+3ms
07-08 08:12:10.661   344   344 D SAN_SERVICE: *******************************************
07-08 08:12:10.664   344   344 D SAN_SERVICE: DM App Phone Service State - 0
07-08 08:12:10.664   344   344 D SAN_SERVICE: *******************************************
07-08 08:12:11.438   344   344 D SAN_SERVICE: *******************************************
07-08 08:12:11.438   344   344 D SAN_SERVICE: DM App Phone Service State - 0
07-08 08:12:11.438   344   344 D SAN_SERVICE: *******************************************
07-08 08:12:12.871    81   124 D AudioHardware: AudioHardware pcm playback is going to standby.
07-08 08:12:12.871    81   124 D AudioHardware: closePcmOut_l() mPcmOpenCnt: 1
07-08 08:12:20.723   143   200 D DhcpInfoInternal: makeLinkProperties with empty dns2!
07-08 08:12:20.727   143   200 D DhcpInfoInternal: makeLinkProperties with empty dns2!
07-08 08:12:31.204   344   344 D SAN_SERVICE: *******************************************
07-08 08:12:31.204   344   344 D SAN_SERVICE: DM App Phone Service State - 0
07-08 08:12:31.204   344   344 D SAN_SERVICE: *******************************************
07-08 08:12:31.657   344   344 D SAN_SERVICE: *******************************************
07-08 08:12:31.657   344   344 D SAN_SERVICE: DM App Phone Service State - 0
07-08 08:12:31.657   344   344 D SAN_SERVICE: *******************************************
07-08 08:12:37.922   344   344 D SAN_SERVICE: *******************************************
07-08 08:12:37.922   344   344 D SAN_SERVICE: DM App Phone Service State - 0
07-08 08:12:37.922   344   344 D SAN_SERVICE: *******************************************
07-08 08:12:38.430   344   344 D SAN_SERVICE: *******************************************
07-08 08:12:38.434   344   344 D SAN_SERVICE: DM App Phone Service State - 0
07-08 08:12:38.434   344   344 D SAN_SERVICE: *******************************************
07-08 08:13:10.278 19276 19279 D dalvikvm: GC_CONCURRENT freed 506K, 6% free 10521K/11143K, paused 2ms+3ms
07-08 08:13:17.293   344   344 D SAN_SERVICE: *******************************************
07-08 08:13:17.293   344   344 D SAN_SERVICE: DM App Phone Service State - 0
07-08 08:13:17.293   344   344 D SAN_SERVICE: *******************************************
07-08 08:13:17.477   344   344 D SAN_SERVICE: *******************************************
07-08 08:13:17.477   344   344 D SAN_SERVICE: DM App Phone Service State - 0
07-08 08:13:17.477   344   344 D SAN_SERVICE: *******************************************
07-08 08:13:22.571   344   344 D SAN_SERVICE: *******************************************
07-08 08:13:22.571   344   344 D SAN_SERVICE: DM App Phone Service State - 0
07-08 08:13:22.575   344   344 D SAN_SERVICE: *******************************************
07-08 08:13:23.344   344   344 D SAN_SERVICE: *******************************************
07-08 08:13:23.344   344   344 D SAN_SERVICE: DM App Phone Service State - 0
07-08 08:13:23.344   344   344 D SAN_SERVICE: *******************************************
07-08 08:13:44.282   143   308 D dalvikvm: GC_EXPLICIT freed 1449K, 19% free 16275K/19847K, paused 3ms+11ms
07-08 08:13:44.309    81   124 D AudioHardware: AudioHardware pcm playback is exiting standby.
07-08 08:13:44.309    81   124 D AudioHardware: openPcmOut_l() mPcmOpenCnt: 0
07-08 08:13:47.637    81   124 D AudioHardware: AudioHardware pcm playback is going to standby.
07-08 08:13:47.641    81   124 D AudioHardware: closePcmOut_l() mPcmOpenCnt: 1
07-08 08:13:47.946   344   344 D SAN_SERVICE: *******************************************
07-08 08:13:47.946   344   344 D SAN_SERVICE: DM App Phone Service State - 0
07-08 08:13:47.946   344   344 D SAN_SERVICE: *******************************************
07-08 08:13:48.200   344   344 D SAN_SERVICE: *******************************************
07-08 08:13:48.200   344   344 D SAN_SERVICE: DM App Phone Service State - 0
07-08 08:13:48.200   344   344 D SAN_SERVICE: *******************************************
07-08 08:13:57.590 18668 18681 I PhoneLab-: Service Running
07-08 08:13:57.707 18668 18681 I PhoneLab-LoggerService: app_37    1296  1     1436   996   c00f181c 400107b4 S logcat
07-08 08:13:57.707 18668 18681 I PhoneLab-LoggerService: Logcat pid from database 1296
07-08 08:13:57.707 18668 18681 I PhoneLab-LoggerService: Logcat process found 1296
07-08 08:13:57.707 18668 18681 I PhoneLab-LoggerService: Checking Threshold
07-08 08:14:08.454   344   344 D SAN_SERVICE: *******************************************
07-08 08:14:08.454   344   344 D SAN_SERVICE: DM App Phone Service State - 0
07-08 08:14:08.457   344   344 D SAN_SERVICE: *******************************************
07-08 08:14:08.668   344   344 D SAN_SERVICE: *******************************************
07-08 08:14:08.668   344   344 D SAN_SERVICE: DM App Phone Service State - 0
07-08 08:14:08.668   344   344 D SAN_SERVICE: *******************************************
07-08 08:14:10.438 14258 14261 D dalvikvm: GC_CONCURRENT freed 526K, 8% free 10299K/11143K, paused 2ms+2ms
07-08 08:14:10.766    81   124 D AudioHardware: AudioHardware pcm playback is exiting standby.
07-08 08:14:10.766    81   124 D AudioHardware: openPcmOut_l() mPcmOpenCnt: 0
07-08 08:14:14.110    81   124 D AudioHardware: AudioHardware pcm playback is going to standby.
07-08 08:14:14.114    81   124 D AudioHardware: closePcmOut_l() mPcmOpenCnt: 1
07-08 08:14:25.735 18776 18777 D dalvikvm: GC_CONCURRENT freed 800K, 8% free 11618K/12551K, paused 2ms+5ms
07-08 08:14:28.110    81   124 D AudioHardware: AudioHardware pcm playback is exiting standby.
07-08 08:14:28.110    81   124 D AudioHardware: openPcmOut_l() mPcmOpenCnt: 0
07-08 08:14:28.879   344   344 D SAN_SERVICE: *******************************************
07-08 08:14:28.879   344   344 D SAN_SERVICE: DM App Phone Service State - 0
07-08 08:14:28.883   344   344 D SAN_SERVICE: *******************************************
07-08 08:14:29.364   344   344 D SAN_SERVICE: *******************************************
07-08 08:14:29.364   344   344 D SAN_SERVICE: DM App Phone Service State - 0
07-08 08:14:29.364   344   344 D SAN_SERVICE: *******************************************
07-08 08:14:31.461    81   124 D AudioHardware: AudioHardware pcm playback is going to standby.
07-08 08:14:31.461    81   124 D AudioHardware: closePcmOut_l() mPcmOpenCnt: 1
07-08 08:14:40.860   344   344 D SAN_SERVICE: *******************************************
07-08 08:14:40.860   344   344 D SAN_SERVICE: DM App Phone Service State - 0
07-08 08:14:40.860   344   344 D SAN_SERVICE: *******************************************
07-08 08:14:41.602   344   344 D SAN_SERVICE: *******************************************
07-08 08:14:41.602   344   344 D SAN_SERVICE: DM App Phone Service State - 0
07-08 08:14:41.606   344   344 D SAN_SERVICE: *******************************************
07-08 08:14:45.371   143   200 D DhcpInfoInternal: makeLinkProperties with empty dns2!
07-08 08:14:45.371   143   200 D DhcpInfoInternal: makeLinkProperties with empty dns2!
07-08 08:14:49.407   344   344 D SAN_SERVICE: *******************************************
07-08 08:14:49.407   344   344 D SAN_SERVICE: DM App Phone Service State - 0
07-08 08:14:49.407   344   344 D SAN_SERVICE: *******************************************
07-08 08:14:49.418   344   350 D dalvikvm: GC_CONCURRENT freed 438K, 6% free 9488K/10055K, paused 2ms+2ms
07-08 08:14:49.649   344   344 D SAN_SERVICE: *******************************************
07-08 08:14:49.649   344   344 D SAN_SERVICE: DM App Phone Service State - 0
07-08 08:14:49.649   344   344 D SAN_SERVICE: *******************************************
07-08 08:14:50.438   344   344 D SAN_SERVICE: *******************************************
07-08 08:14:50.442   344   344 D SAN_SERVICE: DM App Phone Service State - 0
07-08 08:14:50.442   344   344 D SAN_SERVICE: *******************************************
07-08 08:14:59.610   344   344 D SAN_SERVICE: *******************************************
07-08 08:14:59.610   344   344 D SAN_SERVICE: DM App Phone Service State - 0
07-08 08:14:59.610   344   344 D SAN_SERVICE: *******************************************
07-08 08:15:10.379 19276 19279 D dalvikvm: GC_CONCURRENT freed 514K, 6% free 10519K/11143K, paused 1ms+3ms
07-08 08:15:15.032   344   344 D SAN_SERVICE: *******************************************
07-08 08:15:15.032   344   344 D SAN_SERVICE: DM App Phone Service State - 0
07-08 08:15:15.032   344   344 D SAN_SERVICE: *******************************************
07-08 08:15:15.344   344   344 D SAN_SERVICE: *******************************************
07-08 08:15:15.344   344   344 D SAN_SERVICE: DM App Phone Service State - 0
07-08 08:15:15.344   344   344 D SAN_SERVICE: *******************************************
07-08 08:15:15.840   344   344 D SAN_SERVICE: *******************************************
07-08 08:15:15.840   344   344 D SAN_SERVICE: DM App Phone Service State - 0
07-08 08:15:15.840   344   344 D SAN_SERVICE: *******************************************
07-08 08:15:50.805   344   344 D SAN_SERVICE: *******************************************
07-08 08:15:50.809   344   344 D SAN_SERVICE: DM App Phone Service State - 0
07-08 08:15:50.809   344   344 D SAN_SERVICE: *******************************************
07-08 08:15:51.270   344   344 D SAN_SERVICE: *******************************************
07-08 08:15:51.270   344   344 D SAN_SERVICE: DM App Phone Service State - 0
07-08 08:15:51.270   344   344 D SAN_SERVICE: *******************************************
07-08 08:15:51.508   344   344 D SAN_SERVICE: *******************************************
07-08 08:15:51.508   344   344 D SAN_SERVICE: DM App Phone Service State - 0
07-08 08:15:51.508   344   344 D SAN_SERVICE: *******************************************
07-08 08:15:51.840   344   344 D SAN_SERVICE: *******************************************
07-08 08:15:51.840   344   344 D SAN_SERVICE: DM App Phone Service State - 0
07-08 08:15:51.840   344   344 D SAN_SERVICE: *******************************************
07-08 08:15:57.590 18668 18681 I PhoneLab-: Service Running
07-08 08:15:57.684 18668 18681 I PhoneLab-LoggerService: app_37    1296  1     1436   996   c00f181c 400107b4 S logcat
07-08 08:15:57.684 18668 18681 I PhoneLab-LoggerService: Logcat pid from database 1296
07-08 08:15:57.684 18668 18681 I PhoneLab-LoggerService: Logcat process found 1296
07-08 08:15:57.684 18668 18681 I PhoneLab-LoggerService: Checking Threshold
07-08 08:16:01.098   344   344 D SAN_SERVICE: *******************************************
07-08 08:16:01.102   344   344 D SAN_SERVICE: DM App Phone Service State - 0
07-08 08:16:01.102   344   344 D SAN_SERVICE: *******************************************
07-08 08:16:10.563 14258 14261 D dalvikvm: GC_CONCURRENT freed 503K, 8% free 10308K/11143K, paused 2ms+3ms
07-08 08:16:31.813   344   344 D SAN_SERVICE: *******************************************
07-08 08:16:31.813   344   344 D SAN_SERVICE: DM App Phone Service State - 0
07-08 08:16:31.813   344   344 D SAN_SERVICE: *******************************************
07-08 08:16:31.860 19276 19279 D dalvikvm: GC_CONCURRENT freed 398K, 6% free 10507K/11143K, paused 2ms+2ms
07-08 08:16:32.313   344   344 D SAN_SERVICE: *******************************************
07-08 08:16:32.313   344   344 D SAN_SERVICE: DM App Phone Service State - 0
07-08 08:16:32.313   344   344 D SAN_SERVICE: *******************************************
07-08 08:16:42.039   344   344 D SAN_SERVICE: *******************************************
07-08 08:16:42.039   344   344 D SAN_SERVICE: DM App Phone Service State - 0
07-08 08:16:42.039   344   344 D SAN_SERVICE: *******************************************
07-08 08:16:49.004   143   175 I ActivityManager: Start proc com.google.android.maps.mytracks for service com.google.android.maps.mytracks/com.google.android.apps.mytracks.services.RemoveTempFilesService: pid=19917 uid=10072 gids={3003, 3002, 3001, 1015}
07-08 08:16:49.024 19917 19917 I dalvikvm: Turning on JNI app bug workarounds for target SDK version 7...
07-08 08:16:49.149 19917 19917 I ActivityThread: Pub com.google.android.maps.mytracks.search: com.google.android.apps.mytracks.content.SearchEngineProvider
07-08 08:16:49.153 19917 19917 I ActivityThread: Pub com.google.android.maps.mytracks: com.google.android.apps.mytracks.content.MyTracksProvider
07-08 08:16:49.278   143   311 I ActivityManager: No longer want com.spotify.mobile.android.service (pid 18804): hidden #16
07-08 08:16:49.383   143   155 W ActivityManager: Scheduling restart of crashed service com.spotify.mobile.android.ui/com.spotify.mobile.android.service.SpotifyService in 5000ms
07-08 08:16:54.469   143   160 I ActivityManager: Start proc com.spotify.mobile.android.service for service com.spotify.mobile.android.ui/com.spotify.mobile.android.service.SpotifyService: pid=19931 uid=10055 gids={3003, 1015}
07-08 08:16:54.543 19931 19931 D dalvikvm: Trying to load lib /data/data/com.spotify.mobile.android.ui/lib/liborbit-jni-spotify.so 0x413224c0
07-08 08:16:54.606 19931 19931 D dalvikvm: Added shared lib /data/data/com.spotify.mobile.android.ui/lib/liborbit-jni-spotify.so 0x413224c0
07-08 08:16:54.723   143  2263 I ActivityManager: No longer want com.facebook.katana (pid 18481): hidden #16
07-08 08:16:54.735   143   311 W ActivityManager: Scheduling restart of crashed service com.facebook.katana/.service.MediaUploadService in 5000ms
07-08 08:16:57.309   344   344 D SAN_SERVICE: *******************************************
07-08 08:16:57.309   344   344 D SAN_SERVICE: DM App Phone Service State - 0
07-08 08:16:57.309   344   344 D SAN_SERVICE: *******************************************
07-08 08:16:58.118   344   344 D SAN_SERVICE: *******************************************
07-08 08:16:58.118   344   344 D SAN_SERVICE: DM App Phone Service State - 0
07-08 08:16:58.118   344   344 D SAN_SERVICE: *******************************************
07-08 08:16:59.821   143   160 I ActivityManager: Start proc com.facebook.katana for service com.facebook.katana/.service.MediaUploadService: pid=19953 uid=10071 gids={3003, 1006, 1015}
07-08 08:16:59.829 19953 19953 I dalvikvm: Turning on JNI app bug workarounds for target SDK version 7...
07-08 08:16:59.993 19953 19956 D dalvikvm: GC_CONCURRENT freed 168K, 3% free 9367K/9607K, paused 2ms+2ms
07-08 08:17:00.121 19953 19956 D dalvikvm: GC_CONCURRENT freed 129K, 3% free 9664K/9927K, paused 1ms+2ms
07-08 08:17:00.161 19953 19953 I ActivityThread: Pub com.facebook.katana.provider.LoggingProvider: com.facebook.katana.provider.LoggingProvider
07-08 08:17:00.188 19953 19953 I ActivityThread: Pub com.facebook.katana.provider.KeyValueProvider: com.facebook.katana.provider.KeyValueProvider
07-08 08:17:00.188 19953 19953 I ActivityThread: Pub com.facebook.katana.provider.CacheProvider: com.facebook.katana.provider.CacheProvider
07-08 08:17:00.192 19953 19953 I ActivityThread: Pub com.facebook.katana.provider.MailboxProvider: com.facebook.katana.provider.MailboxProvider
07-08 08:17:00.196 19953 19953 I ActivityThread: Pub com.facebook.katana.provider.UserStatusesProvider: com.facebook.katana.provider.UserStatusesProvider
07-08 08:17:00.196 19953 19953 I ActivityThread: Pub com.facebook.katana.provider.EventsProvider: com.facebook.katana.provider.EventsProvider
07-08 08:17:00.200 19953 19953 I ActivityThread: Pub com.facebook.katana.provider.NotificationsProvider: com.facebook.katana.provider.NotificationsProvider
07-08 08:17:00.204 19953 19953 I ActivityThread: Pub com.facebook.katana.provider.UserValuesProvider: com.facebook.katana.provider.UserValuesProvider
07-08 08:17:00.204 19953 19953 I ActivityThread: Pub com.facebook.katana.provider.PagesProvider: com.facebook.katana.provider.PagesProvider
07-08 08:17:00.204 19953 19953 I ActivityThread: Pub com.facebook.katana.provider.MobileEventLogProvider: com.facebook.katana.provider.MobileEventLogProvider
07-08 08:17:00.207 19953 19953 I ActivityThread: Pub com.facebook.katana.provider.PushNotificationsProvider: com.facebook.katana.provider.PushNotificationsProvider
07-08 08:17:00.207 19953 19953 I ActivityThread: Pub com.facebook.katana.provider.PhotosProvider: com.facebook.katana.provider.PhotosProvider
07-08 08:17:00.211 19953 19953 I ActivityThread: Pub com.facebook.katana.provider.ConnectionsProvider: com.facebook.katana.provider.ConnectionsProvider
07-08 08:17:00.231 19953 19953 I ActivityThread: Pub com.facebook.orca.notify.FbandroidMessagesForegroundProvider: com.facebook.orca.notify.FbandroidMessagesForegroundProvider
07-08 08:17:00.286 19953 19953 D ACRA    : Retrieve application default SharedPreferences.
07-08 08:17:00.286 19953 19953 D ACRA    : Set OnSharedPreferenceChangeListener.
07-08 08:17:00.297 19953 19953 D ACRA    : ACRA is enabled for com.facebook.katana, intializing...
07-08 08:17:00.329 19953 19953 D ACRA    : Looking for error files in /data/data/com.facebook.katana/app_acra-reports
07-08 08:17:00.465 19953 19953 W nalizableReferenceQueue: Could not load Finalizer in its own class loader.Loading Finalizer in the current class loader instead. As a result, you will not be ableto garbage collect this class loader. To support reclaiming this class loader, eitherresolve the underlying issue, or move Google Collections to your system class path.
07-08 08:17:00.465 19953 19953 W nalizableReferenceQueue: java.io.FileNotFoundException: com/google/common/base/internal/Finalizer.class
07-08 08:17:00.465 19953 19953 W nalizableReferenceQueue: 	at com.google.common.base.FinalizableReferenceQueue$DecoupledLoader.getBaseUrl(FinalizableReferenceQueue.java:243)
07-08 08:17:00.465 19953 19953 W nalizableReferenceQueue: 	at com.google.common.base.FinalizableReferenceQueue$DecoupledLoader.loadFinalizer(FinalizableReferenceQueue.java:227)
07-08 08:17:00.465 19953 19953 W nalizableReferenceQueue: 	at com.google.common.base.FinalizableReferenceQueue.loadFinalizer(FinalizableReferenceQueue.java:155)
07-08 08:17:00.465 19953 19953 W nalizableReferenceQueue: 	at com.google.common.base.FinalizableReferenceQueue.<clinit>(FinalizableReferenceQueue.java:84)
07-08 08:17:00.465 19953 19953 W nalizableReferenceQueue: 	at com.google.common.collect.CustomConcurrentHashMap$QueueHolder.<clinit>(CustomConcurrentHashMap.java:650)
07-08 08:17:00.465 19953 19953 W nalizableReferenceQueue: 	at com.google.common.collect.CustomConcurrentHashMap$WeakEntry.<init>(CustomConcurrentHashMap.java:1342)
07-08 08:17:00.465 19953 19953 W nalizableReferenceQueue: 	at com.google.common.collect.CustomConcurrentHashMap$EntryFactory$9.newEntry(CustomConcurrentHashMap.java:453)
07-08 08:17:00.465 19953 19953 W nalizableReferenceQueue: 	at com.google.common.collect.CustomConcurrentHashMap.a(CustomConcurrentHashMap.java:1715)
07-08 08:17:00.465 19953 19953 W nalizableReferenceQueue: 	at com.google.common.collect.ComputingConcurrentHashMap$ComputingSegment.a(ComputingConcurrentHashMap.java:123)
07-08 08:17:00.465 19953 19953 W nalizableReferenceQueue: 	at com.google.common.collect.ComputingConcurrentHashMap.apply(ComputingConcurrentHashMap.java:71)
07-08 08:17:00.465 19953 19953 W nalizableReferenceQueue: 	at com.google.common.collect.MapMaker$ComputingMapAdapter.get(MapMaker.java:848)
07-08 08:17:00.465 19953 19953 W nalizableReferenceQueue: 	at com.google.inject.internal.Annotations$AnnotationChecker.a(Annotations.java:94)
07-08 08:17:00.465 19953 19953 W nalizableReferenceQueue: 	at com.google.inject.internal.Annotations.c(Annotations.java:112)
07-08 08:17:00.465 19953 19953 W nalizableReferenceQueue: 	at com.google.inject.Key.d(Key.java:369)
07-08 08:17:00.465 19953 19953 W nalizableReferenceQueue: 	at com.google.inject.Key.b(Key.java:356)
07-08 08:17:00.465 19953 19953 W nalizableReferenceQueue: 	at com.google.inject.Key.a(Key.java:267)
07-08 08:17:00.465 19953 19953 W nalizableReferenceQueue: 	at com.facebook.orca.inject.binder.AnnotatedBindingBuilderImpl.a(AnnotatedBindingBuilderImpl.java:22)
07-08 08:17:00.465 19953 19953 W nalizableReferenceQueue: 	at com.facebook.orca.app.FbBaseModule.a(FbBaseModule.java:74)
07-08 08:17:00.465 19953 19953 W nalizableReferenceQueue: 	at com.facebook.orca.inject.AbstractModule.a(AbstractModule.java:19)
07-08 08:17:00.465 19953 19953 W nalizableReferenceQueue: 	at com.facebook.orca.inject.FbInjectorImpl.a(FbInjectorImpl.java:61)
07-08 08:17:00.465 19953 19953 W nalizableReferenceQueue: 	at com.facebook.orca.inject.FbInjectorImpl.<init>(FbInjectorImpl.java:41)
07-08 08:17:00.465 19953 19953 W nalizableReferenceQueue: 	at com.facebook.orca.inject.FbInjector.a(FbInjector.java:40)
07-08 08:17:00.465 19953 19953 W nalizableReferenceQueue: 	at com.facebook.katana.FacebookApplication.onCreate(FacebookApplication.java:86)
07-08 08:17:00.465 19953 19953 W nalizableReferenceQueue: 	at android.app.Instrumentation.callApplicationOnCreate(Instrumentation.java:969)
07-08 08:17:00.465 19953 19953 W nalizableReferenceQueue: 	at android.app.ActivityThread.handleBindApplication(ActivityThread.java:3954)
07-08 08:17:00.465 19953 19953 W nalizableReferenceQueue: 	at android.app.ActivityThread.access$1300(ActivityThread.java:123)
07-08 08:17:00.465 19953 19953 W nalizableReferenceQueue: 	at android.app.ActivityThread$H.handleMessage(ActivityThread.java:1185)
07-08 08:17:00.465 19953 19953 W nalizableReferenceQueue: 	at android.os.Handler.dispatchMessage(Handler.java:99)
07-08 08:17:00.465 19953 19953 W nalizableReferenceQueue: 	at android.os.Looper.loop(Looper.java:137)
07-08 08:17:00.465 19953 19953 W nalizableReferenceQueue: 	at android.app.ActivityThread.main(ActivityThread.java:4424)
07-08 08:17:00.465 19953 19953 W nalizableReferenceQueue: 	at java.lang.reflect.Method.invokeNative(Native Method)
07-08 08:17:00.465 19953 19953 W nalizableReferenceQueue: 	at java.lang.reflect.Method.invoke(Method.java:511)
07-08 08:17:00.465 19953 19953 W nalizableReferenceQueue: 	at com.android.internal.os.ZygoteInit$MethodAndArgsCaller.run(ZygoteInit.java:784)
07-08 08:17:00.465 19953 19953 W nalizableReferenceQueue: 	at com.android.internal.os.ZygoteInit.main(ZygoteInit.java:551)
07-08 08:17:00.465 19953 19953 W nalizableReferenceQueue: 	at dalvik.system.NativeStart.main(Native Method)
07-08 08:17:00.469 19953 19953 I Finalizer: Couldn't access Thread.inheritableThreadLocals. Reference finalizer threads will inherit thread local values.
07-08 08:17:00.481 19953 19956 D dalvikvm: GC_CONCURRENT freed 314K, 4% free 9858K/10247K, paused 4ms+2ms
07-08 08:17:00.633 19953 19956 D dalvikvm: GC_CONCURRENT freed 406K, 5% free 9996K/10503K, paused 2ms+3ms
07-08 08:17:00.856 19953 19956 D dalvikvm: GC_CONCURRENT freed 442K, 5% free 10117K/10631K, paused 2ms+3ms
07-08 08:17:01.278 19953 19969 W Resources: Converting to string: TypedValue{t=0x10/d=0xffffffff a=-1}
07-08 08:17:01.395 19953 19956 D dalvikvm: GC_CONCURRENT freed 309K, 5% free 10289K/10759K, paused 4ms+3ms
07-08 08:17:01.766 19953 19956 D dalvikvm: GC_CONCURRENT freed 314K, 4% free 10424K/10823K, paused 3ms+4ms
07-08 08:17:02.262 19953 19956 D dalvikvm: GC_CONCURRENT freed 315K, 5% free 10513K/10951K, paused 5ms+3ms
07-08 08:17:02.473 19953 19956 D dalvikvm: GC_CONCURRENT freed 372K, 5% free 10578K/11079K, paused 2ms+2ms
07-08 08:17:02.680 19953 19956 D dalvikvm: GC_CONCURRENT freed 308K, 4% free 10711K/11143K, paused 3ms+3ms
07-08 08:17:07.645   344   344 D SAN_SERVICE: *******************************************
07-08 08:17:07.645   344   344 D SAN_SERVICE: DM App Phone Service State - 0
07-08 08:17:07.649   344   344 D SAN_SERVICE: *******************************************
07-08 08:17:09.946   143   200 D DhcpInfoInternal: makeLinkProperties with empty dns2!
07-08 08:17:09.946   143   200 D DhcpInfoInternal: makeLinkProperties with empty dns2!
07-08 08:17:10.868 14258 14261 D dalvikvm: GC_CONCURRENT freed 505K, 8% free 10305K/11143K, paused 18ms+2ms
07-08 08:17:12.899 19953 19956 D dalvikvm: GC_CONCURRENT freed 512K, 6% free 10694K/11335K, paused 2ms+4ms
07-08 08:17:17.879   344   344 D SAN_SERVICE: *******************************************
07-08 08:17:17.879   344   344 D SAN_SERVICE: DM App Phone Service State - 0
07-08 08:17:17.879   344   344 D SAN_SERVICE: *******************************************
07-08 08:17:33.215   344   344 D SAN_SERVICE: *******************************************
07-08 08:17:33.215   344   344 D SAN_SERVICE: DM App Phone Service State - 0
07-08 08:17:33.215   344   344 D SAN_SERVICE: *******************************************
07-08 08:17:33.454   344   344 D SAN_SERVICE: *******************************************
07-08 08:17:33.454   344   344 D SAN_SERVICE: DM App Phone Service State - 0
07-08 08:17:33.454   344   344 D SAN_SERVICE: *******************************************
07-08 08:17:33.715   344   344 D SAN_SERVICE: *******************************************
07-08 08:17:33.715   344   344 D SAN_SERVICE: DM App Phone Service State - 0
07-08 08:17:33.715   344   344 D SAN_SERVICE: *******************************************
07-08 08:17:43.520   143   400 D dalvikvm: GC_EXPLICIT freed 1112K, 19% free 16206K/19847K, paused 31ms+8ms
07-08 08:17:43.571   344   344 D SAN_SERVICE: *******************************************
07-08 08:17:43.575   344   344 D SAN_SERVICE: DM App Phone Service State - 0
07-08 08:17:43.575   344   344 D SAN_SERVICE: *******************************************
07-08 08:17:57.590 18668 18681 I PhoneLab-: Service Running
07-08 08:17:57.672 18668 18670 D dalvikvm: GC_CONCURRENT freed 450K, 6% free 9105K/9671K, paused 1ms+2ms
07-08 08:17:57.688 18668 18681 I PhoneLab-LoggerService: app_37    1296  1     1436   996   c00f181c 400107b4 S logcat
07-08 08:17:57.692 18668 18681 I PhoneLab-LoggerService: Logcat pid from database 1296
07-08 08:17:57.692 18668 18681 I PhoneLab-LoggerService: Logcat process found 1296
07-08 08:17:57.692 18668 18681 I PhoneLab-LoggerService: Checking Threshold
07-08 08:18:05.637   344   344 D SAN_SERVICE: *******************************************
07-08 08:18:05.637   344   344 D SAN_SERVICE: DM App Phone Service State - 0
07-08 08:18:05.637   344   344 D SAN_SERVICE: *******************************************
