07-07 21:06:14.775   143   159 I Process : Sending signal. PID: 1806 SIG: 3
07-07 21:06:14.775  1806  1810 I dalvikvm: threadid=3: reacting to signal 3
07-07 21:06:14.873  1806  1810 I dalvikvm: Wrote stack traces to '/data/anr/traces.txt'
07-07 21:06:15.088  1806  1807 D dalvikvm: GC_CONCURRENT freed 310K, 4% free 11966K/12359K, paused 2ms+6ms
07-07 21:06:15.271   143   159 I Process : Sending signal. PID: 1806 SIG: 3
07-07 21:06:15.271  1806  1810 I dalvikvm: threadid=3: reacting to signal 3
07-07 21:06:15.322  1806  1810 I dalvikvm: Wrote stack traces to '/data/anr/traces.txt'
07-07 21:06:15.518  1806  1806 D dalvikvm: GC_FOR_ALLOC freed 329K, 4% free 12396K/12807K, paused 31ms
07-07 21:06:15.521  1806  1806 I dalvikvm-heap: Grow heap (frag case) to 13.016MB for 883216-byte allocation
07-07 21:06:15.557  1806  4904 D dalvikvm: GC_FOR_ALLOC freed 9K, 4% free 13249K/13703K, paused 24ms
07-07 21:06:15.615   221   223 D dalvikvm: GC_CONCURRENT freed 421K, 31% free 9893K/14215K, paused 3ms+8ms
07-07 21:06:15.775   143   159 I Process : Sending signal. PID: 1806 SIG: 3
07-07 21:06:15.775  1806  1810 I dalvikvm: threadid=3: reacting to signal 3
07-07 21:06:15.787   221   223 D dalvikvm: GC_CONCURRENT freed 420K, 31% free 9899K/14215K, paused 2ms+4ms
07-07 21:06:15.857  1806  1810 I dalvikvm: Wrote stack traces to '/data/anr/traces.txt'
07-07 21:06:15.947  1806  1807 D dalvikvm: GC_CONCURRENT freed 182K, 2% free 14538K/14791K, paused 4ms+4ms
07-07 21:06:16.178  1806  1806 D libEGL  : loaded /system/lib/egl/libGLES_android.so
07-07 21:06:16.185  1806  1806 D libEGL  : loaded /vendor/lib/egl/libEGL_POWERVR_SGX540_120.so
07-07 21:06:16.193  1806  1806 D libEGL  : loaded /vendor/lib/egl/libGLESv1_CM_POWERVR_SGX540_120.so
07-07 21:06:16.197  1806  1806 D libEGL  : loaded /vendor/lib/egl/libGLESv2_POWERVR_SGX540_120.so
07-07 21:06:16.275   143   159 I Process : Sending signal. PID: 1806 SIG: 3
07-07 21:06:16.275  1806  1810 I dalvikvm: threadid=3: reacting to signal 3
07-07 21:06:16.342  1806  1810 I dalvikvm: Wrote stack traces to '/data/anr/traces.txt'
07-07 21:06:16.353  1806  1806 D OpenGLRenderer: Enabling debug mode 0
07-07 21:06:16.439   143  1922 W InputManagerService: Starting input on non-focused client com.android.internal.view.IInputMethodClient$Stub$Proxy@4178e160 (uid=10026 pid=371)
07-07 21:06:16.775   143   159 I Process : Sending signal. PID: 1806 SIG: 3
07-07 21:06:16.775  1806  1810 I dalvikvm: threadid=3: reacting to signal 3
07-07 21:06:16.877  1806  1810 I dalvikvm: Wrote stack traces to '/data/anr/traces.txt'
07-07 21:06:16.885  4398  4401 D dalvikvm: GC_CONCURRENT freed 536K, 7% free 9961K/10631K, paused 5ms+9ms
07-07 21:06:16.893   143   154 I ActivityManager: Process com.google.android.apps.maps:FriendService (pid 4646) has died.
07-07 21:06:16.916  1806  1807 D dalvikvm: GC_CONCURRENT freed 1280K, 9% free 15104K/16455K, paused 20ms+20ms
07-07 21:06:16.978   143   176 I ActivityManager: Displayed com.google.android.apps.maps/com.google.android.maps.MapsActivity: +3s206ms (total +3s291ms)
07-07 21:06:17.451  4625  4628 D dalvikvm: GC_CONCURRENT freed 547K, 6% free 10520K/11143K, paused 2ms+4ms
07-07 21:06:17.896  4398  4401 D dalvikvm: GC_CONCURRENT freed 383K, 7% free 9971K/10631K, paused 2ms+2ms
07-07 21:06:18.361  1806  1807 D dalvikvm: GC_CONCURRENT freed 1456K, 9% free 15700K/17223K, paused 3ms+10ms
07-07 21:06:18.428  1806  4896 D dalvikvm: GC_FOR_ALLOC freed 11K, 9% free 15710K/17223K, paused 44ms
07-07 21:06:18.432  1806  4896 I dalvikvm-heap: Grow heap (frag case) to 16.411MB for 1048592-byte allocation
07-07 21:06:18.482  1806  1822 D dalvikvm: GC_FOR_ALLOC freed 62K, 9% free 16672K/18311K, paused 36ms
07-07 21:06:18.580   143   387 I ActivityManager: Process com.facebook.orca (pid 4697) has died.
07-07 21:06:18.580   143   387 W ActivityManager: Scheduling restart of crashed service com.facebook.orca/.push.mqtt.MqttPushService in 5000ms
07-07 21:06:18.736  1806  4896 D dalvikvm: GC_FOR_ALLOC freed 1185K, 14% free 15810K/18311K, paused 36ms
07-07 21:06:19.193  4398  4924 D dalvikvm: GC_EXPLICIT freed 344K, 7% free 9923K/10631K, paused 5ms+3ms
07-07 21:06:19.283  1806  1807 D dalvikvm: GC_CONCURRENT freed 1740K, 12% free 16118K/18311K, paused 3ms+6ms
07-07 21:06:19.506  1806  1813 I dalvikvm: Jit: resizing JitTable from 4096 to 8192
07-07 21:06:20.057  1806  1807 D dalvikvm: GC_CONCURRENT freed 1727K, 11% free 16438K/18311K, paused 6ms+5ms
07-07 21:06:21.162  4398  4401 D dalvikvm: GC_CONCURRENT freed 458K, 7% free 9977K/10631K, paused 34ms+2ms
07-07 21:06:21.365  1806  1807 D dalvikvm: GC_CONCURRENT freed 1715K, 10% free 16781K/18567K, paused 2ms+6ms
07-07 21:06:21.428  1806  4896 D dalvikvm: GC_FOR_ALLOC freed 20K, 10% free 16760K/18567K, paused 49ms
07-07 21:06:21.435  1806  4896 I dalvikvm-heap: Grow heap (frag case) to 17.436MB for 1048592-byte allocation
07-07 21:06:21.494  1806  1822 D dalvikvm: GC_FOR_ALLOC freed 0K, 10% free 17784K/19655K, paused 43ms
07-07 21:06:22.268  1806  1807 D dalvikvm: GC_CONCURRENT freed 2684K, 15% free 17030K/19847K, paused 3ms+5ms
07-07 21:06:22.643   143   145 D dalvikvm: GC_CONCURRENT freed 1481K, 14% free 15968K/18567K, paused 3ms+12ms
07-07 21:06:22.736   143   155 D dalvikvm: GC_EXPLICIT freed 110K, 15% free 15863K/18567K, paused 2ms+6ms
07-07 21:06:22.799  4398  4401 D dalvikvm: GC_CONCURRENT freed 518K, 7% free 9971K/10631K, paused 149ms+3ms
07-07 21:06:23.225  4398  4401 D dalvikvm: GC_CONCURRENT freed 524K, 7% free 9958K/10631K, paused 30ms+3ms
07-07 21:06:23.592   143   160 I ActivityManager: Start proc com.facebook.orca for service com.facebook.orca/.push.mqtt.MqttPushService: pid=4945 uid=10062 gids={3003, 1015, 1006}
07-07 21:06:23.600  4945  4945 I dalvikvm: Turning on JNI app bug workarounds for target SDK version 10...
07-07 21:06:23.783  1806  1807 D dalvikvm: GC_CONCURRENT freed 1900K, 15% free 17059K/19847K, paused 2ms+6ms
07-07 21:06:23.807  4945  4945 I ActivityThread: Pub com.facebook.orca.notify.MessengerLoggedInUserProvider: com.facebook.orca.notify.MessengerLoggedInUserProvider
07-07 21:06:23.818  4945  4945 I ActivityThread: Pub com.facebook.orca.notify.MessengerForegroundProvider: com.facebook.orca.notify.MessengerForegroundProvider
07-07 21:06:23.834  4945  4945 V orca:OrcaApplication: Forcing initialization of AsyncTask
07-07 21:06:23.924  4945  4947 D dalvikvm: GC_CONCURRENT freed 213K, 4% free 9307K/9607K, paused 2ms+2ms
07-07 21:06:23.935  4945  4945 I Finalizer: Couldn't access Thread.inheritableThreadLocals. Reference finalizer threads will inherit thread local values.
07-07 21:06:24.072  4945  4947 D dalvikvm: GC_CONCURRENT freed 382K, 5% free 9456K/9927K, paused 2ms+3ms
07-07 21:06:24.174  4945  4945 W OrcaGuiceModule: Sig: ijxLJi1yGs1JpL-X1SExmchvork
07-07 21:06:24.275  4945  4947 D dalvikvm: GC_CONCURRENT freed 363K, 5% free 9611K/10055K, paused 2ms+3ms
07-07 21:06:24.529  4398  4401 D dalvikvm: GC_CONCURRENT freed 513K, 7% free 9956K/10631K, paused 2ms+3ms
07-07 21:06:24.963  1806  1807 D dalvikvm: GC_CONCURRENT freed 1613K, 13% free 17376K/19847K, paused 3ms+7ms
07-07 21:06:25.014  4945  4961 W Resources: Converting to string: TypedValue{t=0x10/d=0xffffffff a=-1}
07-07 21:06:25.131  4945  4947 D dalvikvm: GC_CONCURRENT freed 303K, 4% free 9871K/10247K, paused 2ms+4ms
07-07 21:06:25.217  4945  4945 D ACRA    : Retrieve application default SharedPreferences.
07-07 21:06:25.217  4945  4945 D ACRA    : Set OnSharedPreferenceChangeListener.
07-07 21:06:25.221  4945  4945 D ACRA    : ACRA is enabled for com.facebook.orca, intializing...
07-07 21:06:25.303  4945  4945 D ACRA    : Looking for error files in /data/data/com.facebook.orca/app_acra-reports
07-07 21:06:25.342  4945  4947 D dalvikvm: GC_CONCURRENT freed 312K, 4% free 10116K/10503K, paused 2ms+5ms
07-07 21:06:25.408  4945  4961 D dalvikvm: GC_FOR_ALLOC freed 247K, 6% free 10155K/10759K, paused 43ms
07-07 21:06:25.521   305   778 D dalvikvm: GC_EXPLICIT freed 335K, 6% free 10340K/10887K, paused 6ms+4ms
07-07 21:06:25.521  4945  4961 D dalvikvm: GC_FOR_ALLOC freed 132K, 5% free 10260K/10759K, paused 35ms
07-07 21:06:25.607  4945  4961 D dalvikvm: GC_FOR_ALLOC freed 199K, 6% free 10284K/10887K, paused 39ms
07-07 21:06:25.752  4945  4947 D dalvikvm: GC_CONCURRENT freed 367K, 5% free 10429K/10887K, paused 2ms+4ms
07-07 21:06:25.900  4945  4947 D dalvikvm: GC_CONCURRENT freed 150K, 3% free 10793K/11015K, paused 4ms+3ms
07-07 21:06:26.053  4945  4947 D dalvikvm: GC_CONCURRENT freed 315K, 4% free 11077K/11463K, paused 2ms+3ms
07-07 21:06:26.525  4398  4401 D dalvikvm: GC_CONCURRENT freed 496K, 7% free 9971K/10631K, paused 2ms+3ms
07-07 21:06:26.912  1806  1807 D dalvikvm: GC_CONCURRENT freed 1725K, 12% free 17583K/19847K, paused 12ms+9ms
07-07 21:06:27.107  4945  4947 D dalvikvm: GC_CONCURRENT freed 558K, 6% free 11218K/11847K, paused 24ms+3ms
07-07 21:06:27.310  1806  4933 D dalvikvm: GC_FOR_ALLOC freed 507K, 14% free 17251K/19847K, paused 99ms
07-07 21:06:27.330  1806  4933 I dalvikvm-heap: Grow heap (frag case) to 17.009MB for 98003-byte allocation
07-07 21:06:27.447  4625  4628 D dalvikvm: GC_CONCURRENT freed 504K, 6% free 10527K/11143K, paused 2ms+5ms
07-07 21:06:27.486  1806  4933 D dalvikvm: GC_FOR_ALLOC freed 8K, 14% free 17338K/19975K, paused 153ms
07-07 21:06:27.787  1806  1806 D dalvikvm: GC_FOR_ALLOC freed 413K, 14% free 17295K/19975K, paused 78ms
07-07 21:06:27.834  4398  4401 D dalvikvm: GC_CONCURRENT freed 415K, 7% free 9959K/10631K, paused 2ms+2ms
07-07 21:06:28.072  1806  1806 D dalvikvm: GC_FOR_ALLOC freed 199K, 12% free 17632K/19975K, paused 50ms
07-07 21:06:28.143  1806  1806 D dalvikvm: GC_FOR_ALLOC freed 45K, 12% free 17599K/19975K, paused 49ms
07-07 21:06:28.197  1806  1806 D dalvikvm: GC_FOR_ALLOC freed 1K, 12% free 17609K/19975K, paused 51ms
07-07 21:06:28.197  1806  1806 I dalvikvm-heap: Grow heap (frag case) to 17.273MB for 8556-byte allocation
07-07 21:06:28.256  1806  4982 D dalvikvm: GC_FOR_ALLOC freed <1K, 13% free 17617K/20039K, paused 49ms
07-07 21:06:28.361  1806  4896 D dalvikvm: GC_FOR_ALLOC freed 99K, 12% free 17646K/20039K, paused 53ms
07-07 21:06:28.435  1806  1806 D dalvikvm: GC_FOR_ALLOC freed 44K, 12% free 17643K/20039K, paused 56ms
07-07 21:06:28.506  1806  4896 D dalvikvm: GC_FOR_ALLOC freed 17K, 12% free 17662K/20039K, paused 57ms
07-07 21:06:28.572  1806  1806 D dalvikvm: GC_FOR_ALLOC freed <1K, 12% free 17679K/20039K, paused 53ms
07-07 21:06:28.572  1806  1806 I dalvikvm-heap: Grow heap (frag case) to 17.352MB for 19612-byte allocation
07-07 21:06:28.635  1806  4896 D dalvikvm: GC_FOR_ALLOC freed <1K, 12% free 17698K/20103K, paused 50ms
07-07 21:06:28.693  1806  4896 D dalvikvm: GC_FOR_ALLOC freed 67K, 13% free 17687K/20103K, paused 51ms
07-07 21:06:28.768  1806  1806 D dalvikvm: GC_FOR_ALLOC freed 19K, 13% free 17687K/20103K, paused 50ms
07-07 21:06:28.768  1806  1806 I dalvikvm-heap: Grow heap (frag case) to 17.466MB for 131088-byte allocation
07-07 21:06:28.826  1806  4896 D dalvikvm: GC_FOR_ALLOC freed <1K, 13% free 17814K/20295K, paused 50ms
07-07 21:06:29.627  4398  4401 D dalvikvm: GC_CONCURRENT freed 491K, 7% free 9975K/10631K, paused 39ms+3ms
07-07 21:06:29.689  1806  1806 D dalvikvm: GC_FOR_ALLOC freed 827K, 11% free 18109K/20295K, paused 79ms
07-07 21:06:30.060   325   327 D dalvikvm: GC_CONCURRENT freed 412K, 18% free 10025K/12103K, paused 1ms+2ms
07-07 21:06:30.154  1806  4896 D dalvikvm: GC_FOR_ALLOC freed 302K, 11% free 18170K/20295K, paused 56ms
07-07 21:06:30.244  1806  4896 D dalvikvm: GC_FOR_ALLOC freed 52K, 11% free 18169K/20295K, paused 52ms
07-07 21:06:30.244  1806  4896 I dalvikvm-heap: Grow heap (frag case) to 17.875MB for 65552-byte allocation
07-07 21:06:30.307  1806  1806 D dalvikvm: GC_FOR_ALLOC freed 3K, 11% free 18229K/20423K, paused 52ms
07-07 21:06:30.365  1806  1806 W IInputConnectionWrapper: finishComposingText on inactive InputConnection
07-07 21:06:30.982  4398  4401 D dalvikvm: GC_CONCURRENT freed 514K, 7% free 9973K/10631K, paused 19ms+14ms
07-07 21:06:31.728  1806  1807 D dalvikvm: GC_CONCURRENT freed 1585K, 10% free 18578K/20423K, paused 2ms+9ms
07-07 21:06:32.275  1806  1807 D dalvikvm: GC_CONCURRENT freed 1723K, 9% free 18840K/20679K, paused 2ms+10ms
07-07 21:06:32.564  4398  4401 D dalvikvm: GC_CONCURRENT freed 504K, 7% free 9977K/10631K, paused 2ms+3ms
07-07 21:06:33.135  1806  1807 D dalvikvm: GC_CONCURRENT freed 1786K, 10% free 19029K/20935K, paused 2ms+10ms
07-07 21:06:33.193  4625  4628 D dalvikvm: GC_CONCURRENT freed 389K, 6% free 10522K/11143K, paused 2ms+9ms
07-07 21:06:33.510  4398  4401 D dalvikvm: GC_CONCURRENT freed 519K, 7% free 9969K/10631K, paused 2ms+2ms
07-07 21:06:34.240  1806  1807 D dalvikvm: GC_CONCURRENT freed 1820K, 10% free 19267K/21191K, paused 2ms+11ms
07-07 21:06:35.076  1806  1807 D dalvikvm: GC_CONCURRENT freed 1396K, 7% free 19888K/21383K, paused 3ms+9ms
07-07 21:06:35.275  1806  1813 I dalvikvm: Jit: resizing JitTable from 8192 to 16384
07-07 21:06:35.701  1806  1807 D dalvikvm: GC_CONCURRENT freed 1132K, 6% free 20692K/21959K, paused 2ms+6ms
07-07 21:06:35.783  4398  4401 D dalvikvm: GC_CONCURRENT freed 511K, 7% free 9970K/10631K, paused 2ms+3ms
07-07 21:06:36.572   143   143 D dalvikvm: GC_EXPLICIT freed 658K, 15% free 15960K/18567K, paused 3ms+7ms
07-07 21:06:36.736  1806  4882 D dalvikvm: GC_FOR_ALLOC freed 2539K, 14% free 19726K/22855K, paused 95ms
07-07 21:06:37.643  4398  4401 D dalvikvm: GC_CONCURRENT freed 484K, 6% free 9995K/10631K, paused 2ms+4ms
07-07 21:06:37.861  1806  5015 D dalvikvm: GC_FOR_ALLOC freed 800K, 13% free 20086K/22855K, paused 95ms
07-07 21:06:38.041  1806  5015 D dalvikvm: GC_FOR_ALLOC freed 143K, 12% free 20211K/22855K, paused 84ms
07-07 21:06:38.041  1806  5015 I dalvikvm-heap: Grow heap (frag case) to 19.892MB for 90124-byte allocation
07-07 21:06:38.143  1806  1806 D dalvikvm: GC_FOR_ALLOC freed 41K, 12% free 20257K/22983K, paused 88ms
07-07 21:06:38.287  1806  5015 D dalvikvm: GC_FOR_ALLOC freed 135K, 13% free 20194K/22983K, paused 92ms
07-07 21:06:38.725  4398  4401 D dalvikvm: GC_CONCURRENT freed 530K, 7% free 9976K/10631K, paused 2ms+7ms
07-07 21:06:40.728  4398  4401 D dalvikvm: GC_CONCURRENT freed 515K, 7% free 9972K/10631K, paused 2ms+3ms
07-07 21:06:40.986  1806  5027 D dalvikvm: GC_FOR_ALLOC freed 559K, 13% free 20079K/22983K, paused 116ms
07-07 21:06:42.701  4625  4628 D dalvikvm: GC_CONCURRENT freed 501K, 6% free 10532K/11143K, paused 3ms+21ms
07-07 21:06:42.846  4398  4401 D dalvikvm: GC_CONCURRENT freed 524K, 7% free 9960K/10631K, paused 6ms+4ms
07-07 21:06:43.068  4398  4398 D dalvikvm: GC_EXPLICIT freed 101K, 7% free 9938K/10631K, paused 11ms+13ms
07-07 21:06:43.643  4398  4401 D dalvikvm: GC_CONCURRENT freed 495K, 7% free 9954K/10631K, paused 2ms+4ms
07-07 21:06:45.619  4398  4401 D dalvikvm: GC_CONCURRENT freed 503K, 7% free 9960K/10631K, paused 2ms+4ms
07-07 21:06:47.689  4398  4401 D dalvikvm: GC_CONCURRENT freed 503K, 7% free 9967K/10631K, paused 2ms+2ms
07-07 21:06:48.643  4398  4401 D dalvikvm: GC_CONCURRENT freed 482K, 7% free 9984K/10631K, paused 2ms+4ms
07-07 21:06:50.885  4398  4401 D dalvikvm: GC_CONCURRENT freed 532K, 7% free 9962K/10631K, paused 2ms+3ms
07-07 21:06:50.893  1806  1807 D dalvikvm: GC_CONCURRENT freed 1653K, 11% free 20474K/22983K, paused 2ms+16ms
07-07 21:06:52.553  4625  4628 D dalvikvm: GC_CONCURRENT freed 511K, 6% free 10532K/11143K, paused 6ms+3ms
07-07 21:06:52.807  4398  4401 D dalvikvm: GC_CONCURRENT freed 503K, 7% free 9968K/10631K, paused 24ms+3ms
07-07 21:06:53.740  4398  4401 D dalvikvm: GC_CONCURRENT freed 476K, 7% free 9986K/10631K, paused 3ms+4ms
07-07 21:06:55.740  4398  4401 D dalvikvm: GC_CONCURRENT freed 533K, 7% free 9963K/10631K, paused 2ms+38ms
07-07 21:06:56.463   143   311 D dalvikvm: GC_EXPLICIT freed 1046K, 14% free 15982K/18567K, paused 5ms+21ms
07-07 21:06:57.779  4398  4401 D dalvikvm: GC_CONCURRENT freed 501K, 7% free 9973K/10631K, paused 3ms+4ms
07-07 21:06:58.631  4398  4401 D dalvikvm: GC_CONCURRENT freed 509K, 7% free 9971K/10631K, paused 2ms+16ms
07-07 21:07:00.978  1806  1807 D dalvikvm: JIT code cache reset in 6 ms (1048472 bytes 1/0)
07-07 21:07:01.002  1806  1807 D dalvikvm: GC_CONCURRENT freed 1705K, 10% free 20703K/22983K, paused 3ms+16ms
07-07 21:07:01.100  4398  4401 D dalvikvm: GC_CONCURRENT freed 502K, 7% free 9978K/10631K, paused 2ms+3ms
07-07 21:07:02.924  4625  4628 D dalvikvm: GC_CONCURRENT freed 508K, 6% free 10536K/11143K, paused 6ms+16ms
07-07 21:07:03.174  4398  4401 D dalvikvm: GC_CONCURRENT freed 509K, 7% free 9980K/10631K, paused 3ms+4ms
07-07 21:07:03.580  4398  4401 D dalvikvm: GC_CONCURRENT freed 496K, 7% free 9994K/10631K, paused 3ms+3ms
07-07 21:07:04.771   143   403 I ActivityManager: Process edu.buffalo.cse.phonelab.phonelabservices (pid 4291) has died.
07-07 21:07:04.771   143   403 W ActivityManager: Scheduling restart of crashed service edu.buffalo.cse.phonelab.phonelabservices/edu.buffalo.cse.phonelab.datalogger.LoggerService in 5000ms
07-07 21:07:05.408  4806  4806 D OpenGLRenderer: Flushing caches (mode 2)
07-07 21:07:05.439   371   371 D OpenGLRenderer: Flushing caches (mode 1)
07-07 21:07:05.443  4830  4830 D OpenGLRenderer: Flushing caches (mode 1)
07-07 21:07:05.627  4398  4401 D dalvikvm: GC_CONCURRENT freed 537K, 7% free 9968K/10631K, paused 11ms+3ms
07-07 21:07:06.451   371   371 D OpenGLRenderer: Flushing caches (mode 1)
07-07 21:07:06.451  4830  4830 D OpenGLRenderer: Flushing caches (mode 1)
07-07 21:07:06.615  4398  5092 D dalvikvm: GC_EXPLICIT freed 180K, 7% free 9921K/10631K, paused 15ms+3ms
07-07 21:07:07.498   371   371 D OpenGLRenderer: Flushing caches (mode 1)
07-07 21:07:07.498  4830  4830 D OpenGLRenderer: Flushing caches (mode 1)
07-07 21:07:08.068  4398  4401 D dalvikvm: GC_CONCURRENT freed 421K, 6% free 10012K/10631K, paused 2ms+3ms
07-07 21:07:08.131   305   321 D dalvikvm: GC_EXPLICIT freed 228K, 5% free 10358K/10887K, paused 3ms+19ms
07-07 21:07:08.295  4830  4830 D OpenGLRenderer: Flushing caches (mode 1)
07-07 21:07:08.494  4830  4830 D OpenGLRenderer: Flushing caches (mode 1)
07-07 21:07:08.779  4625  4628 D dalvikvm: GC_CONCURRENT freed 394K, 6% free 10527K/11143K, paused 2ms+4ms
07-07 21:07:09.115  4398  4401 D dalvikvm: GC_CONCURRENT freed 544K, 7% free 9979K/10631K, paused 2ms+48ms
07-07 21:07:09.432   371   371 D OpenGLRenderer: Flushing caches (mode 1)
07-07 21:07:09.432  4830  4830 D OpenGLRenderer: Flushing caches (mode 1)
07-07 21:07:09.799  1806  1807 D dalvikvm: GC_CONCURRENT freed 1774K, 10% free 20879K/22983K, paused 3ms+11ms
07-07 21:07:09.834   143   160 I ActivityManager: Start proc edu.buffalo.cse.phonelab.phonelabservices for service edu.buffalo.cse.phonelab.phonelabservices/edu.buffalo.cse.phonelab.datalogger.LoggerService: pid=5105 uid=10037 gids={3003, 1015, 1007, 2001}
07-07 21:07:09.947  5105  5105 I PhoneLab-LoggerService: Start Logger Service
07-07 21:07:10.010  5105  5118 I PhoneLab-: Service Running
07-07 21:07:10.213  5105  5118 I PhoneLab-LoggerService: app_37    1296  1     1436   996   c00f181c 400107b4 S logcat
07-07 21:07:10.213  5105  5118 I PhoneLab-LoggerService: Logcat pid from database 1296
07-07 21:07:10.213  5105  5118 I PhoneLab-LoggerService: Logcat process found 1296
07-07 21:07:10.213  5105  5118 I PhoneLab-LoggerService: Checking Threshold
07-07 21:07:10.217  5105  5118 I PhoneLab-LoggerService: Starting to rename files
07-07 21:07:10.217  5105  5118 I PhoneLab-LoggerService: Files found .. 2
07-07 21:07:10.217  5105  5118 I PhoneLab-LoggerService: File 1 log.out.1
07-07 21:07:10.260  5105  5118 I PhoneLab-LoggerService: Renamed successfully
07-07 21:07:10.412   371   371 D OpenGLRenderer: Flushing caches (mode 1)
07-07 21:07:10.412  4830  4830 D OpenGLRenderer: Flushing caches (mode 1)
07-07 21:07:10.666  4398  4401 D dalvikvm: GC_CONCURRENT freed 524K, 7% free 9966K/10631K, paused 12ms+3ms
07-07 21:07:11.435   371   371 D OpenGLRenderer: Flushing caches (mode 1)
07-07 21:07:11.439  4830  4830 D OpenGLRenderer: Flushing caches (mode 1)
07-07 21:07:12.404   371   371 D OpenGLRenderer: Flushing caches (mode 1)
07-07 21:07:12.404  4830  4830 D OpenGLRenderer: Flushing caches (mode 1)
07-07 21:07:12.943  4398  4401 D dalvikvm: GC_CONCURRENT freed 502K, 7% free 9975K/10631K, paused 3ms+28ms
07-07 21:07:13.443   371   371 D OpenGLRenderer: Flushing caches (mode 1)
07-07 21:07:13.447  4830  4830 D OpenGLRenderer: Flushing caches (mode 1)
07-07 21:07:13.689  4398  4401 D dalvikvm: GC_CONCURRENT freed 494K, 7% free 9991K/10631K, paused 2ms+34ms
07-07 21:07:14.447   371   371 D OpenGLRenderer: Flushing caches (mode 1)
07-07 21:07:14.451  4830  4830 D OpenGLRenderer: Flushing caches (mode 1)
07-07 21:07:14.744   143  2263 D dalvikvm: GC_EXPLICIT freed 1062K, 14% free 15983K/18567K, paused 4ms+14ms
07-07 21:07:15.506   371   371 D OpenGLRenderer: Flushing caches (mode 1)
07-07 21:07:15.545  4830  4830 D OpenGLRenderer: Flushing caches (mode 1)
07-07 21:07:15.799  4398  4401 D dalvikvm: GC_CONCURRENT freed 522K, 7% free 9973K/10631K, paused 2ms+70ms
07-07 21:07:16.435   371   371 D OpenGLRenderer: Flushing caches (mode 1)
07-07 21:07:16.439  4830  4830 D OpenGLRenderer: Flushing caches (mode 1)
07-07 21:07:16.631  4398  4401 D dalvikvm: GC_CONCURRENT freed 416K, 7% free 9958K/10631K, paused 3ms+3ms
07-07 21:07:17.459   371   371 D OpenGLRenderer: Flushing caches (mode 1)
07-07 21:07:17.459  4830  4830 D OpenGLRenderer: Flushing caches (mode 1)
07-07 21:07:17.967  4625  4628 D dalvikvm: GC_CONCURRENT freed 503K, 6% free 10536K/11143K, paused 3ms+8ms
07-07 21:07:18.268  4398  4401 D dalvikvm: GC_CONCURRENT freed 475K, 7% free 9990K/10631K, paused 2ms+6ms
07-07 21:07:18.541   371   371 D OpenGLRenderer: Flushing caches (mode 1)
07-07 21:07:18.545  4830  4830 D OpenGLRenderer: Flushing caches (mode 1)
07-07 21:07:18.951  1806  5141 D dalvikvm: GC_FOR_ALLOC freed 1770K, 9% free 21071K/23047K, paused 114ms
07-07 21:07:19.435   371   371 D OpenGLRenderer: Flushing caches (mode 1)
07-07 21:07:19.439  4830  4830 D OpenGLRenderer: Flushing caches (mode 1)
07-07 21:07:19.783  4398  4401 D dalvikvm: GC_CONCURRENT freed 534K, 7% free 9963K/10631K, paused 2ms+6ms
07-07 21:07:20.455   371   371 D OpenGLRenderer: Flushing caches (mode 1)
07-07 21:07:20.455  4830  4830 D OpenGLRenderer: Flushing caches (mode 1)
07-07 21:07:21.420   371   371 D OpenGLRenderer: Flushing caches (mode 1)
07-07 21:07:21.420  4830  4830 D OpenGLRenderer: Flushing caches (mode 1)
07-07 21:07:21.603  4398  4401 D dalvikvm: GC_CONCURRENT freed 491K, 7% free 9983K/10631K, paused 3ms+3ms
07-07 21:07:22.467   371   371 D OpenGLRenderer: Flushing caches (mode 1)
07-07 21:07:22.467  4830  4830 D OpenGLRenderer: Flushing caches (mode 1)
07-07 21:07:22.830   371   371 D OpenGLRenderer: Flushing caches (mode 1)
07-07 21:07:22.830  4830  4830 D OpenGLRenderer: Flushing caches (mode 1)
07-07 21:07:22.951  4398  4401 D dalvikvm: GC_CONCURRENT freed 513K, 7% free 9973K/10631K, paused 2ms+3ms
07-07 21:07:23.467   371   371 D OpenGLRenderer: Flushing caches (mode 1)
07-07 21:07:23.467  4830  4830 D OpenGLRenderer: Flushing caches (mode 1)
07-07 21:07:24.529   371   371 D OpenGLRenderer: Flushing caches (mode 1)
07-07 21:07:24.529  4830  4830 D OpenGLRenderer: Flushing caches (mode 1)
07-07 21:07:24.693  4398  4401 D dalvikvm: GC_CONCURRENT freed 507K, 7% free 9969K/10631K, paused 3ms+3ms
07-07 21:07:25.404   371   371 D OpenGLRenderer: Flushing caches (mode 1)
07-07 21:07:25.404  4830  4830 D OpenGLRenderer: Flushing caches (mode 1)
07-07 21:07:25.611  4398  4401 D dalvikvm: GC_CONCURRENT freed 409K, 7% free 9961K/10631K, paused 2ms+2ms
07-07 21:07:26.435   371   371 D OpenGLRenderer: Flushing caches (mode 1)
07-07 21:07:26.435  4830  4830 D OpenGLRenderer: Flushing caches (mode 1)
07-07 21:07:27.412   371   371 D OpenGLRenderer: Flushing caches (mode 1)
07-07 21:07:27.428  4830  4830 D OpenGLRenderer: Flushing caches (mode 1)
07-07 21:07:27.744  4398  4401 D dalvikvm: GC_CONCURRENT freed 502K, 7% free 9965K/10631K, paused 3ms+60ms
07-07 21:07:27.803  4625  4628 D dalvikvm: GC_CONCURRENT freed 513K, 6% free 10534K/11143K, paused 2ms+3ms
07-07 21:07:27.853   371   371 D OpenGLRenderer: Flushing caches (mode 1)
07-07 21:07:27.853  4830  4830 D OpenGLRenderer: Flushing caches (mode 1)
07-07 21:07:28.408   371   371 D OpenGLRenderer: Flushing caches (mode 1)
07-07 21:07:28.408  4830  4830 D OpenGLRenderer: Flushing caches (mode 1)
07-07 21:07:28.693  4398  5170 D dalvikvm: GC_EXPLICIT freed 363K, 7% free 9929K/10631K, paused 85ms+3ms
07-07 21:07:29.560  1806  1807 D dalvikvm: GC_CONCURRENT freed 1882K, 9% free 21285K/23239K, paused 3ms+11ms
07-07 21:07:29.725   371   371 D OpenGLRenderer: Flushing caches (mode 1)
07-07 21:07:29.725  4830  4830 D OpenGLRenderer: Flushing caches (mode 1)
07-07 21:07:30.096  4398  4401 D dalvikvm: GC_CONCURRENT freed 477K, 7% free 9962K/10631K, paused 2ms+3ms
07-07 21:07:30.420   371   371 D OpenGLRenderer: Flushing caches (mode 1)
07-07 21:07:30.424  4830  4830 D OpenGLRenderer: Flushing caches (mode 1)
07-07 21:07:31.455   371   371 D OpenGLRenderer: Flushing caches (mode 1)
07-07 21:07:31.455  4830  4830 D OpenGLRenderer: Flushing caches (mode 1)
07-07 21:07:31.619  4398  4401 D dalvikvm: GC_CONCURRENT freed 494K, 7% free 9976K/10631K, paused 3ms+3ms
07-07 21:07:32.482   371   371 D OpenGLRenderer: Flushing caches (mode 1)
07-07 21:07:32.482  4830  4830 D OpenGLRenderer: Flushing caches (mode 1)
07-07 21:07:33.197  4398  4401 D dalvikvm: GC_CONCURRENT freed 514K, 7% free 9969K/10631K, paused 4ms+13ms
07-07 21:07:33.475   371   371 D OpenGLRenderer: Flushing caches (mode 1)
07-07 21:07:33.475  4830  4830 D OpenGLRenderer: Flushing caches (mode 1)
07-07 21:07:33.744   143   387 D dalvikvm: GC_EXPLICIT freed 1039K, 14% free 15979K/18567K, paused 6ms+15ms
07-07 21:07:34.459   371   371 D OpenGLRenderer: Flushing caches (mode 1)
07-07 21:07:34.459  4830  4830 D OpenGLRenderer: Flushing caches (mode 1)
07-07 21:07:34.771  4398  4401 D dalvikvm: GC_CONCURRENT freed 510K, 7% free 9970K/10631K, paused 2ms+3ms
07-07 21:07:35.264  1806  1807 D dalvikvm: GC_CONCURRENT freed 1747K, 8% free 21613K/23431K, paused 3ms+13ms
07-07 21:07:35.635   371   371 D OpenGLRenderer: Flushing caches (mode 1)
07-07 21:07:35.635  4830  4830 D OpenGLRenderer: Flushing caches (mode 1)
07-07 21:07:36.455   371   371 D OpenGLRenderer: Flushing caches (mode 1)
07-07 21:07:36.455  4830  4830 D OpenGLRenderer: Flushing caches (mode 1)
07-07 21:07:36.853  4398  4401 D dalvikvm: GC_CONCURRENT freed 500K, 7% free 9981K/10631K, paused 4ms+11ms
07-07 21:07:37.482   371   371 D OpenGLRenderer: Flushing caches (mode 1)
07-07 21:07:37.482  4830  4830 D OpenGLRenderer: Flushing caches (mode 1)
07-07 21:07:37.877  4625  4628 D dalvikvm: GC_CONCURRENT freed 512K, 6% free 10534K/11143K, paused 2ms+3ms
07-07 21:07:38.154  4830  4830 D OpenGLRenderer: Flushing caches (mode 1)
07-07 21:07:38.154   371   371 D OpenGLRenderer: Flushing caches (mode 1)
07-07 21:07:38.350  1806  1806 D dalvikvm: GC_FOR_ALLOC freed 2355K, 14% free 20410K/23495K, paused 106ms
07-07 21:07:38.350  1806  1806 I dalvikvm-heap: Grow heap (frag case) to 20.250MB for 262160-byte allocation
07-07 21:07:38.467  1806  4896 D dalvikvm: GC_FOR_ALLOC freed 51K, 14% free 20614K/23815K, paused 104ms
07-07 21:07:38.662  4398  4401 D dalvikvm: GC_CONCURRENT freed 430K, 7% free 9941K/10631K, paused 2ms+3ms
07-07 21:07:38.787  1806  4896 D dalvikvm: GC_FOR_ALLOC freed 136K, 13% free 20779K/23815K, paused 100ms
07-07 21:07:38.791  1806  4896 I dalvikvm-heap: Grow heap (frag case) to 21.361MB for 1048592-byte allocation
07-07 21:07:38.920  1806  1806 D dalvikvm: GC_FOR_ALLOC freed 8K, 13% free 21794K/24903K, paused 117ms
07-07 21:07:39.115  1806  4896 D dalvikvm: GC_FOR_ALLOC freed 1079K, 17% free 20816K/24903K, paused 92ms
07-07 21:07:39.830  4398  4401 D dalvikvm: GC_CONCURRENT freed 390K, 7% free 9959K/10631K, paused 6ms+3ms
07-07 21:07:40.146  1806  1807 D dalvikvm: GC_CONCURRENT freed 1857K, 16% free 21006K/24903K, paused 4ms+9ms
07-07 21:07:40.553  1806  4896 D dalvikvm: GC_FOR_ALLOC freed 584K, 15% free 21273K/24903K, paused 98ms
07-07 21:07:40.795  1806  1822 D dalvikvm: GC_FOR_ALLOC freed 1087K, 15% free 21332K/24903K, paused 100ms
07-07 21:07:41.170  4398  4401 D dalvikvm: GC_CONCURRENT freed 476K, 7% free 9991K/10631K, paused 56ms+3ms
07-07 21:07:41.326  1806  4896 D dalvikvm: GC_FOR_ALLOC freed 1510K, 17% free 20793K/24903K, paused 123ms
07-07 21:07:41.330  1806  4896 I dalvikvm-heap: Grow heap (frag case) to 21.375MB for 1048592-byte allocation
07-07 21:07:41.439  1806  1822 D dalvikvm: GC_FOR_ALLOC freed 89K, 17% free 21728K/25991K, paused 95ms
07-07 21:07:41.725   325   342 D dalvikvm: GC_EXPLICIT freed 285K, 18% free 10022K/12103K, paused 2ms+13ms
07-07 21:07:41.838  1806  4896 D dalvikvm: GC_FOR_ALLOC freed 1473K, 20% free 20882K/25991K, paused 94ms
07-07 21:07:41.978   371   371 D OpenGLRenderer: Flushing caches (mode 1)
07-07 21:07:41.978  4830  4830 D OpenGLRenderer: Flushing caches (mode 1)
07-07 21:07:42.068  1806  4896 D dalvikvm: GC_FOR_ALLOC freed 1419K, 20% free 20987K/25991K, paused 89ms
07-07 21:07:42.221   344   344 D SAN_SERVICE: *******************************************
07-07 21:07:42.221   344   344 D SAN_SERVICE: DM App Phone Service State - 0
07-07 21:07:42.221   344   344 D SAN_SERVICE: *******************************************
07-07 21:07:42.264   344   344 D SAN_SERVICE: *******************************************
07-07 21:07:42.264   344   344 D SAN_SERVICE: DM App Phone Service State - 0
07-07 21:07:42.264   344   344 D SAN_SERVICE: *******************************************
07-07 21:07:42.353  1806  4896 D dalvikvm: GC_FOR_ALLOC freed 1208K, 20% free 20999K/25991K, paused 153ms
07-07 21:07:42.432  1806  1806 W IInputConnectionWrapper: finishComposingText on inactive InputConnection
07-07 21:07:42.627  1806  4896 D dalvikvm: GC_FOR_ALLOC freed 1284K, 20% free 20924K/25991K, paused 97ms
07-07 21:07:42.967  1806  4896 D dalvikvm: GC_FOR_ALLOC freed 1224K, 20% free 21026K/25991K, paused 97ms
07-07 21:07:43.279  1806  4896 D dalvikvm: GC_FOR_ALLOC freed 1268K, 19% free 21111K/25991K, paused 92ms
07-07 21:07:43.510  1806  4896 D dalvikvm: GC_FOR_ALLOC freed 1209K, 19% free 21135K/25991K, paused 94ms
07-07 21:07:43.721  1806  4896 D dalvikvm: GC_FOR_ALLOC freed 1158K, 19% free 21230K/25991K, paused 92ms
07-07 21:07:43.912  1806  4896 D dalvikvm: GC_FOR_ALLOC freed 1140K, 19% free 21293K/25991K, paused 96ms
07-07 21:07:44.088  1806  4896 D dalvikvm: GC_FOR_ALLOC freed 1083K, 19% free 21293K/25991K, paused 103ms
07-07 21:07:44.291  1806  4896 D dalvikvm: GC_FOR_ALLOC freed 1431K, 19% free 21165K/25991K, paused 94ms
07-07 21:07:44.428  4398  4401 D dalvikvm: GC_CONCURRENT freed 512K, 6% free 10011K/10631K, paused 133ms+3ms
07-07 21:07:44.541  1806  4896 D dalvikvm: GC_FOR_ALLOC freed 1083K, 19% free 21174K/25991K, paused 138ms
07-07 21:07:45.428  1806  1807 D dalvikvm: GC_CONCURRENT freed 1847K, 18% free 21375K/25991K, paused 5ms+14ms
07-07 21:07:45.592  1806  4896 D dalvikvm: GC_FOR_ALLOC freed 290K, 18% free 21376K/25991K, paused 128ms
07-07 21:07:45.748   143   200 D DhcpInfoInternal: makeLinkProperties with empty dns2!
07-07 21:07:45.748   143   200 D DhcpInfoInternal: makeLinkProperties with empty dns2!
07-07 21:07:46.002  4398  4401 D dalvikvm: GC_CONCURRENT freed 470K, 7% free 9966K/10631K, paused 2ms+3ms
07-07 21:07:46.525  1806  1807 D dalvikvm: GC_CONCURRENT freed 1914K, 18% free 21512K/25991K, paused 3ms+16ms
07-07 21:07:46.822  4398  4401 D dalvikvm: GC_CONCURRENT freed 453K, 7% free 9989K/10631K, paused 2ms+3ms
07-07 21:07:46.873   344   344 D SAN_SERVICE: *******************************************
07-07 21:07:46.873   344   344 D SAN_SERVICE: DM App Phone Service State - 0
07-07 21:07:46.873   344   344 D SAN_SERVICE: *******************************************
07-07 21:07:46.994   371   371 D OpenGLRenderer: Flushing caches (mode 1)
07-07 21:07:46.998  4830  4830 D OpenGLRenderer: Flushing caches (mode 1)
07-07 21:07:47.092  4830  4830 D OpenGLRenderer: Flushing caches (mode 1)
07-07 21:07:47.096   371   371 D OpenGLRenderer: Flushing caches (mode 1)
07-07 21:07:47.115   344   344 D SAN_SERVICE: *******************************************
07-07 21:07:47.119   344   344 D SAN_SERVICE: DM App Phone Service State - 0
07-07 21:07:47.119   344   344 D SAN_SERVICE: *******************************************
07-07 21:07:47.150  4806  4808 D dalvikvm: GC_CONCURRENT freed 262K, 4% free 9659K/10055K, paused 4ms+3ms
07-07 21:07:47.170  4806  4815 W CursorWrapperInner: Cursor finalized without prior close()
07-07 21:07:47.232   426  2054 D dalvikvm: GC_EXPLICIT freed 298K, 7% free 9725K/10439K, paused 8ms+21ms
07-07 21:07:47.389   344   344 D SAN_SERVICE: *******************************************
07-07 21:07:47.389   344   344 D SAN_SERVICE: DM App Phone Service State - 0
07-07 21:07:47.389   344   344 D SAN_SERVICE: *******************************************
07-07 21:07:47.471  4625  4628 D dalvikvm: GC_CONCURRENT freed 391K, 6% free 10529K/11143K, paused 3ms+2ms
07-07 21:07:47.494   371   371 D OpenGLRenderer: Flushing caches (mode 1)
07-07 21:07:47.494  4830  4830 D OpenGLRenderer: Flushing caches (mode 1)
07-07 21:07:47.541  4362  4364 D dalvikvm: GC_CONCURRENT freed 315K, 5% free 9155K/9543K, paused 12ms+2ms
07-07 21:07:47.869  4830  4830 D OpenGLRenderer: Flushing caches (mode 1)
07-07 21:07:47.877   371   371 D OpenGLRenderer: Flushing caches (mode 1)
07-07 21:07:48.111   344   344 D SAN_SERVICE: *******************************************
07-07 21:07:48.111   344   344 D SAN_SERVICE: DM App Phone Service State - 0
07-07 21:07:48.111   344   344 D SAN_SERVICE: *******************************************
07-07 21:07:48.189  4398  4401 D dalvikvm: GC_CONCURRENT freed 529K, 7% free 9968K/10631K, paused 185ms+3ms
07-07 21:07:48.252   371   371 D OpenGLRenderer: Flushing caches (mode 1)
07-07 21:07:48.252  4830  4830 D OpenGLRenderer: Flushing caches (mode 1)
07-07 21:07:48.471   371   371 D OpenGLRenderer: Flushing caches (mode 1)
07-07 21:07:48.471  4830  4830 D OpenGLRenderer: Flushing caches (mode 1)
07-07 21:07:49.443   371   371 D OpenGLRenderer: Flushing caches (mode 1)
07-07 21:07:49.443  4830  4830 D OpenGLRenderer: Flushing caches (mode 1)
07-07 21:07:49.646   143   387 D dalvikvm: GC_EXPLICIT freed 966K, 14% free 15983K/18567K, paused 4ms+10ms
07-07 21:07:49.771  4398  4401 D dalvikvm: GC_CONCURRENT freed 466K, 6% free 9995K/10631K, paused 2ms+3ms
07-07 21:07:50.416   371   371 D OpenGLRenderer: Flushing caches (mode 1)
07-07 21:07:50.416  4830  4830 D OpenGLRenderer: Flushing caches (mode 1)
07-07 21:07:51.424   371   371 D OpenGLRenderer: Flushing caches (mode 1)
07-07 21:07:51.424  4830  4830 D OpenGLRenderer: Flushing caches (mode 1)
07-07 21:07:51.490   305   412 D dalvikvm: GC_EXPLICIT freed 242K, 5% free 10355K/10887K, paused 3ms+10ms
07-07 21:07:51.631  4398  4401 D dalvikvm: GC_CONCURRENT freed 518K, 7% free 9987K/10631K, paused 2ms+3ms
07-07 21:07:52.178   344   344 D SAN_SERVICE: *******************************************
07-07 21:07:52.178   344   344 D SAN_SERVICE: DM App Phone Service State - 0
07-07 21:07:52.178   344   344 D SAN_SERVICE: *******************************************
07-07 21:07:52.486   371   371 D OpenGLRenderer: Flushing caches (mode 1)
07-07 21:07:52.490  4830  4830 D OpenGLRenderer: Flushing caches (mode 1)
07-07 21:07:52.908  4830  4830 D OpenGLRenderer: Flushing caches (mode 1)
07-07 21:07:52.908  4625  4628 D dalvikvm: GC_CONCURRENT freed 498K, 6% free 10538K/11143K, paused 2ms+3ms
07-07 21:07:52.932   371   371 D OpenGLRenderer: Flushing caches (mode 1)
07-07 21:07:53.236  4398  4401 D dalvikvm: GC_CONCURRENT freed 540K, 7% free 9958K/10631K, paused 2ms+8ms
07-07 21:07:53.525   371   371 D OpenGLRenderer: Flushing caches (mode 1)
07-07 21:07:53.525  4830  4830 D OpenGLRenderer: Flushing caches (mode 1)
07-07 21:07:53.611  4398  4398 D dalvikvm: GC_EXPLICIT freed 96K, 7% free 9915K/10631K, paused 2ms+3ms
07-07 21:07:54.424   371   371 D OpenGLRenderer: Flushing caches (mode 1)
07-07 21:07:54.428  4830  4830 D OpenGLRenderer: Flushing caches (mode 1)
07-07 21:07:54.623  4398  4401 D dalvikvm: GC_CONCURRENT freed 474K, 7% free 9950K/10631K, paused 2ms+2ms
07-07 21:07:55.447   371   371 D OpenGLRenderer: Flushing caches (mode 1)
07-07 21:07:55.451  4830  4830 D OpenGLRenderer: Flushing caches (mode 1)
07-07 21:07:56.615   371   371 D OpenGLRenderer: Flushing caches (mode 1)
07-07 21:07:56.627  4830  4830 D OpenGLRenderer: Flushing caches (mode 1)
07-07 21:07:56.631  1806  1807 D dalvikvm: GC_CONCURRENT freed 2283K, 19% free 21277K/25991K, paused 3ms+10ms
07-07 21:07:57.084  4398  4401 D dalvikvm: GC_CONCURRENT freed 500K, 7% free 9958K/10631K, paused 184ms+4ms
07-07 21:07:57.408   371   371 D OpenGLRenderer: Flushing caches (mode 1)
07-07 21:07:57.408  4830  4830 D OpenGLRenderer: Flushing caches (mode 1)
07-07 21:07:58.041  4830  4830 D OpenGLRenderer: Flushing caches (mode 1)
07-07 21:07:58.045   371   371 D OpenGLRenderer: Flushing caches (mode 1)
07-07 21:07:58.158  4398  4401 D dalvikvm: GC_CONCURRENT freed 480K, 7% free 9981K/10631K, paused 2ms+3ms
07-07 21:07:58.435   371   371 D OpenGLRenderer: Flushing caches (mode 1)
07-07 21:07:58.435  4830  4830 D OpenGLRenderer: Flushing caches (mode 1)
07-07 21:07:59.447   371   371 D OpenGLRenderer: Flushing caches (mode 1)
07-07 21:07:59.447  4830  4830 D OpenGLRenderer: Flushing caches (mode 1)
07-07 21:07:59.693  4398  4401 D dalvikvm: GC_CONCURRENT freed 532K, 7% free 9958K/10631K, paused 2ms+4ms
07-07 21:08:00.432   371   371 D OpenGLRenderer: Flushing caches (mode 1)
07-07 21:08:00.432  4830  4830 D OpenGLRenderer: Flushing caches (mode 1)
07-07 21:08:01.463   371   371 D OpenGLRenderer: Flushing caches (mode 1)
07-07 21:08:01.467  4830  4830 D OpenGLRenderer: Flushing caches (mode 1)
07-07 21:08:01.607  4398  4401 D dalvikvm: GC_CONCURRENT freed 478K, 7% free 9978K/10631K, paused 2ms+3ms
07-07 21:08:02.236   344   344 D SAN_SERVICE: *******************************************
07-07 21:08:02.236   344   344 D SAN_SERVICE: DM App Phone Service State - 0
07-07 21:08:02.236   344   344 D SAN_SERVICE: *******************************************
07-07 21:08:02.400   371   371 D OpenGLRenderer: Flushing caches (mode 1)
07-07 21:08:02.400  4830  4830 D OpenGLRenderer: Flushing caches (mode 1)
07-07 21:08:03.170  4625  4628 D dalvikvm: GC_CONCURRENT freed 511K, 6% free 10539K/11143K, paused 3ms+4ms
07-07 21:08:03.232   371   371 D OpenGLRenderer: Flushing caches (mode 1)
07-07 21:08:03.236  4830  4830 D OpenGLRenderer: Flushing caches (mode 1)
07-07 21:08:03.611  4398  4401 D dalvikvm: GC_CONCURRENT freed 513K, 7% free 9976K/10631K, paused 31ms+7ms
07-07 21:08:04.439   371   371 D OpenGLRenderer: Flushing caches (mode 1)
07-07 21:08:04.439  4830  4830 D OpenGLRenderer: Flushing caches (mode 1)
07-07 21:08:04.721  4398  4401 D dalvikvm: GC_CONCURRENT freed 506K, 7% free 9980K/10631K, paused 2ms+4ms
07-07 21:08:05.572   371   371 D OpenGLRenderer: Flushing caches (mode 1)
07-07 21:08:05.576  4830  4830 D OpenGLRenderer: Flushing caches (mode 1)
07-07 21:08:05.623  1806  1807 D dalvikvm: GC_CONCURRENT freed 1860K, 18% free 21374K/25991K, paused 3ms+15ms
07-07 21:08:06.494   371   371 D OpenGLRenderer: Flushing caches (mode 1)
07-07 21:08:06.494  4830  4830 D OpenGLRenderer: Flushing caches (mode 1)
07-07 21:08:06.791  4398  4401 D dalvikvm: GC_CONCURRENT freed 525K, 7% free 9965K/10631K, paused 16ms+77ms
07-07 21:08:07.443   371   371 D OpenGLRenderer: Flushing caches (mode 1)
07-07 21:08:07.443  4830  4830 D OpenGLRenderer: Flushing caches (mode 1)
07-07 21:08:08.185   371   371 D OpenGLRenderer: Flushing caches (mode 1)
07-07 21:08:08.197  4830  4830 D OpenGLRenderer: Flushing caches (mode 1)
07-07 21:08:08.295   143   154 D dalvikvm: GC_EXPLICIT freed 1083K, 14% free 15983K/18567K, paused 3ms+10ms
07-07 21:08:08.377  4398  4401 D dalvikvm: GC_CONCURRENT freed 509K, 7% free 9953K/10631K, paused 3ms+2ms
07-07 21:08:08.670  4398  4401 D dalvikvm: GC_CONCURRENT freed 404K, 7% free 9960K/10631K, paused 2ms+2ms
07-07 21:08:09.404   371   371 D OpenGLRenderer: Flushing caches (mode 1)
07-07 21:08:09.404  4830  4830 D OpenGLRenderer: Flushing caches (mode 1)
07-07 21:08:10.498   371   371 D OpenGLRenderer: Flushing caches (mode 1)
07-07 21:08:10.498  4830  4830 D OpenGLRenderer: Flushing caches (mode 1)
07-07 21:08:10.646  4398  4401 D dalvikvm: GC_CONCURRENT freed 482K, 6% free 10001K/10631K, paused 2ms+14ms
07-07 21:08:11.478   371   371 D OpenGLRenderer: Flushing caches (mode 1)
07-07 21:08:11.482  4830  4830 D OpenGLRenderer: Flushing caches (mode 1)
07-07 21:08:12.498   371   371 D OpenGLRenderer: Flushing caches (mode 1)
07-07 21:08:12.502  4830  4830 D OpenGLRenderer: Flushing caches (mode 1)
07-07 21:08:12.678  4398  4401 D dalvikvm: GC_CONCURRENT freed 500K, 6% free 10010K/10631K, paused 2ms+3ms
07-07 21:08:12.709   371   371 D OpenGLRenderer: Flushing caches (mode 1)
07-07 21:08:12.709  4830  4830 D OpenGLRenderer: Flushing caches (mode 1)
07-07 21:08:13.088  4625  4628 D dalvikvm: GC_CONCURRENT freed 510K, 6% free 10540K/11143K, paused 2ms+3ms
07-07 21:08:13.471   371   371 D OpenGLRenderer: Flushing caches (mode 1)
07-07 21:08:13.471  4830  4830 D OpenGLRenderer: Flushing caches (mode 1)
07-07 21:08:13.596  4398  4401 D dalvikvm: GC_CONCURRENT freed 562K, 7% free 9960K/10631K, paused 3ms+4ms
07-07 21:08:14.490   371   371 D OpenGLRenderer: Flushing caches (mode 1)
07-07 21:08:14.490  4830  4830 D OpenGLRenderer: Flushing caches (mode 1)
07-07 21:08:15.459   371   371 D OpenGLRenderer: Flushing caches (mode 1)
07-07 21:08:15.463  4830  4830 D OpenGLRenderer: Flushing caches (mode 1)
07-07 21:08:15.576  4398  4410 D dalvikvm: GC_EXPLICIT freed 342K, 7% free 9928K/10631K, paused 2ms+3ms
07-07 21:08:16.506   371   371 D OpenGLRenderer: Flushing caches (mode 1)
07-07 21:08:16.506  4830  4830 D OpenGLRenderer: Flushing caches (mode 1)
07-07 21:08:16.635  4398  4401 D dalvikvm: GC_CONCURRENT freed 483K, 7% free 9952K/10631K, paused 2ms+3ms
07-07 21:08:17.471   371   371 D OpenGLRenderer: Flushing caches (mode 1)
07-07 21:08:17.471  4830  4830 D OpenGLRenderer: Flushing caches (mode 1)
07-07 21:08:18.119  4830  4830 D OpenGLRenderer: Flushing caches (mode 1)
07-07 21:08:18.119   371   371 D OpenGLRenderer: Flushing caches (mode 1)
07-07 21:08:18.232  4398  4401 D dalvikvm: GC_CONCURRENT freed 470K, 7% free 9985K/10631K, paused 2ms+3ms
07-07 21:08:18.471   371   371 D OpenGLRenderer: Flushing caches (mode 1)
07-07 21:08:18.471  4830  4830 D OpenGLRenderer: Flushing caches (mode 1)
07-07 21:08:19.510   371   371 D OpenGLRenderer: Flushing caches (mode 1)
07-07 21:08:19.521  4830  4830 D OpenGLRenderer: Flushing caches (mode 1)
07-07 21:08:19.764  4398  4401 D dalvikvm: GC_CONCURRENT freed 536K, 7% free 9961K/10631K, paused 18ms+3ms
07-07 21:08:20.412   371   371 D OpenGLRenderer: Flushing caches (mode 1)
07-07 21:08:20.412  4830  4830 D OpenGLRenderer: Flushing caches (mode 1)
07-07 21:08:21.568   371   371 D OpenGLRenderer: Flushing caches (mode 1)
07-07 21:08:21.572  4830  4830 D OpenGLRenderer: Flushing caches (mode 1)
07-07 21:08:21.896  4398  4401 D dalvikvm: GC_CONCURRENT freed 497K, 7% free 9975K/10631K, paused 15ms+3ms
07-07 21:08:22.643  1806  1807 D dalvikvm: GC_CONCURRENT freed 1966K, 18% free 21455K/25991K, paused 7ms+8ms
07-07 21:08:22.685  4625  4628 D dalvikvm: GC_CONCURRENT freed 391K, 6% free 10533K/11143K, paused 2ms+10ms
07-07 21:08:22.725   371   371 D OpenGLRenderer: Flushing caches (mode 1)
07-07 21:08:22.725  4830  4830 D OpenGLRenderer: Flushing caches (mode 1)
07-07 21:08:23.596  4398  4401 D dalvikvm: GC_CONCURRENT freed 511K, 7% free 9974K/10631K, paused 2ms+8ms
07-07 21:08:24.404   371   371 D OpenGLRenderer: Flushing caches (mode 1)
07-07 21:08:24.408  4830  4830 D OpenGLRenderer: Flushing caches (mode 1)
07-07 21:08:24.596  4398  4401 D dalvikvm: GC_CONCURRENT freed 507K, 7% free 9978K/10631K, paused 2ms+2ms
07-07 21:08:25.486   371   371 D OpenGLRenderer: Flushing caches (mode 1)
07-07 21:08:25.498  4830  4830 D OpenGLRenderer: Flushing caches (mode 1)
07-07 21:08:26.451   371   371 D OpenGLRenderer: Flushing caches (mode 1)
07-07 21:08:26.451  4830  4830 D OpenGLRenderer: Flushing caches (mode 1)
07-07 21:08:26.619   143  1922 D dalvikvm: GC_EXPLICIT freed 1291K, 14% free 15988K/18567K, paused 3ms+9ms
07-07 21:08:26.736  4398  4401 D dalvikvm: GC_CONCURRENT freed 478K, 6% free 10020K/10631K, paused 2ms+3ms
07-07 21:08:27.424   371   371 D OpenGLRenderer: Flushing caches (mode 1)
07-07 21:08:27.428  4830  4830 D OpenGLRenderer: Flushing caches (mode 1)
07-07 21:08:28.295  4625  4628 D dalvikvm: GC_CONCURRENT freed 500K, 6% free 10545K/11143K, paused 3ms+14ms
07-07 21:08:28.361   371   371 D OpenGLRenderer: Flushing caches (mode 1)
07-07 21:08:28.361  4830  4830 D OpenGLRenderer: Flushing caches (mode 1)
07-07 21:08:28.498  4398  4401 D dalvikvm: GC_CONCURRENT freed 554K, 7% free 9978K/10631K, paused 2ms+3ms
07-07 21:08:29.580   371   371 D OpenGLRenderer: Flushing caches (mode 1)
07-07 21:08:29.584  4830  4830 D OpenGLRenderer: Flushing caches (mode 1)
07-07 21:08:29.818  4398  4401 D dalvikvm: GC_CONCURRENT freed 489K, 6% free 9996K/10631K, paused 2ms+3ms
07-07 21:08:30.490   371   371 D OpenGLRenderer: Flushing caches (mode 1)
07-07 21:08:30.490  4830  4830 D OpenGLRenderer: Flushing caches (mode 1)
07-07 21:08:31.428   371   371 D OpenGLRenderer: Flushing caches (mode 1)
07-07 21:08:31.432  4830  4830 D OpenGLRenderer: Flushing caches (mode 1)
07-07 21:08:31.795  4398  4401 D dalvikvm: GC_CONCURRENT freed 531K, 7% free 9975K/10631K, paused 16ms+4ms
07-07 21:08:32.475   371   371 D OpenGLRenderer: Flushing caches (mode 1)
07-07 21:08:32.475  4830  4830 D OpenGLRenderer: Flushing caches (mode 1)
07-07 21:08:32.705   305   777 D dalvikvm: GC_EXPLICIT freed 259K, 5% free 10356K/10887K, paused 3ms+54ms
07-07 21:08:33.139  1806  1807 D dalvikvm: GC_CONCURRENT freed 1765K, 17% free 21693K/25991K, paused 3ms+11ms
07-07 21:08:33.662  4398  4401 D dalvikvm: GC_CONCURRENT freed 495K, 7% free 9989K/10631K, paused 2ms+4ms
07-07 21:08:34.084  4398  4401 D dalvikvm: GC_CONCURRENT freed 301K, 6% free 10074K/10631K, paused 4ms+18ms
07-07 21:08:35.041  4398  4401 D dalvikvm: GC_CONCURRENT freed 283K, 4% free 10283K/10631K, paused 11ms+20ms
07-07 21:08:35.912  4398  4401 D dalvikvm: GC_CONCURRENT freed 430K, 5% free 10352K/10887K, paused 2ms+3ms
07-07 21:08:36.471   371   371 D OpenGLRenderer: Flushing caches (mode 1)
07-07 21:08:36.471  4830  4830 D OpenGLRenderer: Flushing caches (mode 1)
07-07 21:08:36.693  4398  4401 D dalvikvm: GC_CONCURRENT freed 772K, 8% free 10100K/10951K, paused 2ms+11ms
07-07 21:08:37.400   371   371 D OpenGLRenderer: Flushing caches (mode 1)
07-07 21:08:37.400  4830  4830 D OpenGLRenderer: Flushing caches (mode 1)
07-07 21:08:37.674   143   175 I ActivityManager: Start proc com.twitter.android for service com.twitter.android/.client.AppService: pid=5394 uid=10064 gids={3003, 1015}
07-07 21:08:37.725  5394  5394 I dalvikvm: Turning on JNI app bug workarounds for target SDK version 11...
07-07 21:08:37.947  5394  5394 I ActivityThread: Pub com.twitter.android.provider.GlobalDatabaseProvider: com.twitter.android.provider.GlobalDatabaseProvider
07-07 21:08:37.955  5394  5394 I ActivityThread: Pub com.twitter.android.provider.TwitterProvider: com.twitter.android.provider.TwitterProvider
07-07 21:08:38.064  5394  5396 D dalvikvm: GC_CONCURRENT freed 184K, 4% free 9289K/9607K, paused 6ms+2ms
07-07 21:08:38.295  4625  4628 D dalvikvm: GC_CONCURRENT freed 512K, 6% free 10545K/11143K, paused 7ms+16ms
07-07 21:08:38.428  4830  4830 D OpenGLRenderer: Flushing caches (mode 1)
07-07 21:08:38.443  4398  4398 D dalvikvm: GC_EXPLICIT freed 303K, 9% free 10070K/10951K, paused 3ms+5ms
07-07 21:08:38.467   371   371 D OpenGLRenderer: Flushing caches (mode 1)
07-07 21:08:38.576   143   311 I ActivityManager: Process com.whatsapp (pid 4340) has died.
07-07 21:08:38.580   143   311 W ActivityManager: Scheduling restart of crashed service com.whatsapp/.messaging.MessageService in 5000ms
07-07 21:08:38.932  4398  4401 D dalvikvm: GC_CONCURRENT freed 467K, 8% free 10097K/10951K, paused 3ms+3ms
07-07 21:08:39.459  5394  5396 D dalvikvm: GC_CONCURRENT freed 226K, 4% free 9508K/9863K, paused 11ms+2ms
07-07 21:08:39.771  5394  5396 D dalvikvm: GC_CONCURRENT freed 291K, 5% free 9632K/10055K, paused 2ms+1ms
07-07 21:08:40.135  5394  5396 D dalvikvm: GC_CONCURRENT freed 293K, 5% free 9763K/10183K, paused 2ms+3ms
07-07 21:08:40.760  4398  4401 D dalvikvm: GC_CONCURRENT freed 491K, 8% free 10098K/10951K, paused 2ms+4ms
07-07 21:08:41.068  5394  5396 D dalvikvm: GC_CONCURRENT freed 298K, 5% free 9886K/10311K, paused 2ms+2ms
07-07 21:08:42.057  5394  5396 D dalvikvm: GC_CONCURRENT freed 302K, 5% free 10017K/10439K, paused 2ms+2ms
07-07 21:08:42.228  5394  5396 D dalvikvm: GC_CONCURRENT freed 299K, 5% free 10145K/10567K, paused 2ms+4ms
07-07 21:08:42.760  4398  4401 D dalvikvm: GC_CONCURRENT freed 492K, 8% free 10098K/10951K, paused 63ms+3ms
07-07 21:08:43.037  1806  1807 D dalvikvm: GC_CONCURRENT freed 1828K, 17% free 21793K/25991K, paused 4ms+11ms
07-07 21:08:43.271  5394  5396 D dalvikvm: GC_CONCURRENT freed 300K, 4% free 10274K/10695K, paused 2ms+66ms
07-07 21:08:43.592   143   160 I ActivityManager: Start proc com.whatsapp for service com.whatsapp/.messaging.MessageService: pid=5428 uid=10068 gids={1015, 3003}
07-07 21:08:43.603  5428  5428 I dalvikvm: Turning on JNI app bug workarounds for target SDK version 7...
07-07 21:08:44.084   143  1922 D dalvikvm: GC_EXPLICIT freed 1061K, 14% free 15981K/18567K, paused 3ms+39ms
07-07 21:08:44.123  5428  5431 D dalvikvm: GC_CONCURRENT freed 176K, 3% free 9359K/9607K, paused 3ms+3ms
07-07 21:08:44.291  4398  4401 D dalvikvm: GC_CONCURRENT freed 494K, 8% free 10104K/10951K, paused 4ms+3ms
07-07 21:08:44.697  5428  5431 D dalvikvm: GC_CONCURRENT freed 300K, 4% free 9617K/9991K, paused 5ms+3ms
07-07 21:08:45.228  5428  5428 I dalvikvm: Could not find method android.media.MediaMetadataRetriever.captureFrame, referenced from method com.whatsapp.q3.a
07-07 21:08:45.228  5428  5428 W dalvikvm: VFY: unable to resolve virtual method 502: Landroid/media/MediaMetadataRetriever;.captureFrame ()Landroid/graphics/Bitmap;
07-07 21:08:45.232  5428  5428 D dalvikvm: VFY: replacing opcode 0x6e at 0x0134
07-07 21:08:45.498  5428  5431 D dalvikvm: GC_CONCURRENT freed 369K, 5% free 9740K/10183K, paused 3ms+5ms
07-07 21:08:45.775  5428  5431 D dalvikvm: GC_CONCURRENT freed 210K, 4% free 9975K/10311K, paused 10ms+4ms
07-07 21:08:45.986  4398  4401 D dalvikvm: GC_CONCURRENT freed 499K, 8% free 10097K/10951K, paused 2ms+4ms
07-07 21:08:46.158  5394  5396 D dalvikvm: GC_CONCURRENT freed 480K, 6% free 10220K/10823K, paused 1ms+2ms
07-07 21:08:46.971  5394  5396 D dalvikvm: GC_CONCURRENT freed 329K, 5% free 10298K/10823K, paused 2ms+12ms
07-07 21:08:47.568  5428  5431 D dalvikvm: GC_CONCURRENT freed 511K, 6% free 9891K/10503K, paused 3ms+5ms
07-07 21:08:47.830  4398  4401 D dalvikvm: GC_CONCURRENT freed 492K, 8% free 10097K/10951K, paused 1ms+4ms
07-07 21:08:48.420  4625  4628 D dalvikvm: GC_CONCURRENT freed 508K, 6% free 10548K/11143K, paused 3ms+18ms
07-07 21:08:48.928  5394  5396 D dalvikvm: GC_CONCURRENT freed 315K, 5% free 10382K/10823K, paused 57ms+2ms
07-07 21:08:48.932   143   155 I ActivityManager: Process com.google.android.maps.mytracks (pid 4754) has died.
07-07 21:08:49.365   371   371 D OpenGLRenderer: Flushing caches (mode 2)
07-07 21:08:50.533   371   371 D OpenGLRenderer: Flushing caches (mode 0)
07-07 21:08:50.912  4398  4401 D dalvikvm: GC_CONCURRENT freed 499K, 8% free 10098K/10951K, paused 2ms+3ms
07-07 21:08:51.443  5394  5396 D dalvikvm: GC_CONCURRENT freed 360K, 5% free 10472K/10951K, paused 3ms+2ms
07-07 21:08:51.693  4398  4401 D dalvikvm: GC_CONCURRENT freed 493K, 8% free 10099K/10951K, paused 2ms+12ms
07-07 21:08:52.256  5394  5396 D dalvikvm: GC_CONCURRENT freed 343K, 5% free 10550K/11015K, paused 1ms+2ms
07-07 21:08:52.678  5394  5396 D dalvikvm: GC_CONCURRENT freed 331K, 5% free 10633K/11079K, paused 2ms+2ms
07-07 21:08:52.932  5394  5396 D dalvikvm: GC_CONCURRENT freed 366K, 5% free 10721K/11207K, paused 2ms+17ms
07-07 21:08:53.150  5394  5396 D dalvikvm: GC_CONCURRENT freed 403K, 5% free 10812K/11335K, paused 2ms+3ms
07-07 21:08:53.463  4398  4401 D dalvikvm: GC_CONCURRENT freed 499K, 8% free 10100K/10951K, paused 2ms+4ms
07-07 21:08:54.154  4625  4628 D dalvikvm: GC_CONCURRENT freed 395K, 6% free 10537K/11143K, paused 2ms+18ms
07-07 21:08:54.553  1806  1807 D dalvikvm: GC_CONCURRENT freed 1827K, 16% free 21963K/25991K, paused 12ms+8ms
07-07 21:08:54.814  4398  4401 D dalvikvm: GC_CONCURRENT freed 493K, 8% free 10100K/10951K, paused 2ms+5ms
07-07 21:08:55.896  5394  5396 D dalvikvm: GC_CONCURRENT freed 333K, 5% free 11003K/11463K, paused 4ms+2ms
07-07 21:08:57.275  4398  4401 D dalvikvm: GC_CONCURRENT freed 492K, 8% free 10100K/10951K, paused 3ms+4ms
07-07 21:08:58.451  5394  5410 D dalvikvm: GC_FOR_ALLOC freed 288K, 5% free 11227K/11783K, paused 84ms
07-07 21:08:58.502  5394  5410 I dalvikvm-heap: Grow heap (frag case) to 11.374MB for 358138-byte allocation
07-07 21:08:58.584  4398  4401 D dalvikvm: GC_CONCURRENT freed 493K, 8% free 10107K/10951K, paused 2ms+3ms
07-07 21:08:58.650  5394  5410 D dalvikvm: GC_FOR_ALLOC freed 175K, 7% free 11401K/12167K, paused 64ms
07-07 21:08:59.693  4398  4401 D dalvikvm: GC_CONCURRENT freed 438K, 8% free 10125K/10951K, paused 2ms+4ms
07-07 21:09:00.244  5394  5396 D dalvikvm: GC_CONCURRENT freed 238K, 4% free 11861K/12231K, paused 2ms+16ms
07-07 21:09:01.560   143   332 D dalvikvm: GC_EXPLICIT freed 1248K, 14% free 15977K/18567K, paused 18ms+11ms
07-07 21:09:01.670  4398  4398 D dalvikvm: GC_EXPLICIT freed 301K, 8% free 10076K/10951K, paused 2ms+3ms
07-07 21:09:02.670  4398  4401 D dalvikvm: GC_CONCURRENT freed 391K, 8% free 10142K/10951K, paused 3ms+4ms
07-07 21:09:02.932  5394  5396 D dalvikvm: GC_CONCURRENT freed 1524K, 13% free 11290K/12935K, paused 2ms+4ms
07-07 21:09:03.400  4625  4628 D dalvikvm: GC_CONCURRENT freed 501K, 6% free 10547K/11143K, paused 1ms+4ms
07-07 21:09:03.689  4398  4401 D dalvikvm: GC_CONCURRENT freed 518K, 8% free 10167K/10951K, paused 2ms+4ms
07-07 21:09:05.420  1806  1807 D dalvikvm: GC_CONCURRENT freed 1809K, 15% free 22201K/25991K, paused 6ms+15ms
07-07 21:09:05.955  4398  4401 D dalvikvm: GC_CONCURRENT freed 574K, 8% free 10101K/10951K, paused 1ms+3ms
07-07 21:09:07.643  4398  4401 D dalvikvm: GC_CONCURRENT freed 507K, 8% free 10101K/10951K, paused 3ms+3ms
07-07 21:09:08.834  4398  4401 D dalvikvm: GC_CONCURRENT freed 499K, 8% free 10111K/10951K, paused 2ms+5ms
07-07 21:09:08.928   344   344 D SAN_SERVICE: *******************************************
07-07 21:09:08.928   344   344 D SAN_SERVICE: DM App Phone Service State - 0
07-07 21:09:08.928   344   344 D SAN_SERVICE: *******************************************
07-07 21:09:09.158   344   344 D SAN_SERVICE: *******************************************
07-07 21:09:09.158   344   344 D SAN_SERVICE: DM App Phone Service State - 0
07-07 21:09:09.158   344   344 D SAN_SERVICE: *******************************************
07-07 21:09:10.010  5105  5118 I PhoneLab-: Service Running
07-07 21:09:10.166  5105  5118 I PhoneLab-LoggerService: app_37    1296  1     1436   996   c00f181c 400107b4 S logcat
07-07 21:09:10.166  5105  5118 I PhoneLab-LoggerService: Logcat pid from database 1296
07-07 21:09:10.166  5105  5118 I PhoneLab-LoggerService: Logcat process found 1296
07-07 21:09:10.166  5105  5118 I PhoneLab-LoggerService: Checking Threshold
07-07 21:09:10.170  5105  5118 I PhoneLab-LoggerService: Starting to rename files
07-07 21:09:10.170  5105  5118 I PhoneLab-LoggerService: Files found .. 2
07-07 21:09:10.580  4398  4401 D dalvikvm: GC_CONCURRENT freed 485K, 8% free 10132K/10951K, paused 3ms+3ms
07-07 21:09:11.623  1806  1807 D dalvikvm: JIT code cache reset in 6 ms (1048476 bytes 2/0)
07-07 21:09:11.643  1806  1807 D dalvikvm: GC_CONCURRENT freed 1824K, 14% free 22424K/25991K, paused 4ms+19ms
07-07 21:09:12.865  4398  4401 D dalvikvm: GC_CONCURRENT freed 527K, 8% free 10112K/10951K, paused 32ms+42ms
07-07 21:09:13.482  4625  4628 D dalvikvm: GC_CONCURRENT freed 512K, 6% free 10547K/11143K, paused 2ms+10ms
07-07 21:09:13.600   305  1801 D dalvikvm: GC_EXPLICIT freed 259K, 5% free 10366K/10887K, paused 2ms+8ms
07-07 21:09:13.678  3730  3733 D dalvikvm: GC_CONCURRENT freed 403K, 6% free 9065K/9543K, paused 97ms+4ms
07-07 21:09:14.092  4398  4401 D dalvikvm: GC_CONCURRENT freed 499K, 8% free 10118K/10951K, paused 13ms+4ms
07-07 21:09:15.611  4398  4401 D dalvikvm: GC_CONCURRENT freed 514K, 8% free 10111K/10951K, paused 3ms+3ms
07-07 21:09:17.283   143  2263 D dalvikvm: GC_EXPLICIT freed 965K, 15% free 15967K/18567K, paused 5ms+9ms
07-07 21:09:17.787  4398  4401 D dalvikvm: GC_CONCURRENT freed 506K, 8% free 10112K/10951K, paused 21ms+25ms
07-07 21:09:19.068  4398  4401 D dalvikvm: GC_CONCURRENT freed 468K, 8% free 10129K/10951K, paused 2ms+3ms
07-07 21:09:20.779  4398  4401 D dalvikvm: GC_CONCURRENT freed 540K, 8% free 10095K/10951K, paused 3ms+52ms
07-07 21:09:22.459  4625  4628 D dalvikvm: GC_CONCURRENT freed 393K, 6% free 10539K/11143K, paused 13ms+8ms
07-07 21:09:22.693  4398  4401 D dalvikvm: GC_CONCURRENT freed 506K, 8% free 10096K/10951K, paused 2ms+3ms
07-07 21:09:24.197  4398  4401 D dalvikvm: GC_CONCURRENT freed 440K, 8% free 10132K/10951K, paused 17ms+4ms
07-07 21:09:24.494  4398  4410 D dalvikvm: GC_EXPLICIT freed 75K, 9% free 10057K/10951K, paused 2ms+9ms
07-07 21:09:25.603   325   325 D dalvikvm: GC_FOR_ALLOC freed 260K, 18% free 10021K/12103K, paused 19ms
07-07 21:09:25.607   325   325 I dalvikvm-heap: Grow heap (frag case) to 10.561MB for 739216-byte allocation
07-07 21:09:25.646   325   327 D dalvikvm: GC_CONCURRENT freed 2K, 12% free 10741K/12103K, paused 2ms+2ms
07-07 21:09:25.838   221   221 D dalvikvm: GC_FOR_ALLOC freed 308K, 31% free 9947K/14215K, paused 22ms
07-07 21:09:26.025   221   223 D dalvikvm: GC_CONCURRENT freed 345K, 30% free 10081K/14215K, paused 19ms+5ms
07-07 21:09:26.463  4398  4401 D dalvikvm: GC_CONCURRENT freed 466K, 8% free 10096K/10951K, paused 151ms+11ms
07-07 21:09:26.861   143   311 I ActivityManager: Process com.android.mms (pid 4806) has died.
07-07 21:09:27.002  1806  1807 D dalvikvm: GC_CONCURRENT freed 1875K, 14% free 22546K/25991K, paused 8ms+16ms
07-07 21:09:27.057  4830  4830 D OpenGLRenderer: Flushing caches (mode 2)
07-07 21:09:27.646  4398  4401 D dalvikvm: GC_CONCURRENT freed 505K, 8% free 10097K/10951K, paused 2ms+3ms
07-07 21:09:28.658  4625  4628 D dalvikvm: GC_CONCURRENT freed 505K, 6% free 10546K/11143K, paused 6ms+3ms
07-07 21:09:28.865  4398  4401 D dalvikvm: GC_CONCURRENT freed 440K, 8% free 10133K/10951K, paused 25ms+4ms
07-07 21:09:29.182   344   344 D SAN_SERVICE: *******************************************
07-07 21:09:29.182   344   344 D SAN_SERVICE: DM App Phone Service State - 0
07-07 21:09:29.182   344   344 D SAN_SERVICE: *******************************************
07-07 21:09:29.943  1806  4882 D dalvikvm: GC_EXPLICIT freed 417K, 14% free 22494K/25991K, paused 3ms+7ms
07-07 21:09:30.631  4398  4401 D dalvikvm: GC_CONCURRENT freed 540K, 8% free 10098K/10951K, paused 2ms+3ms
07-07 21:09:31.607   143   155 D dalvikvm: GC_EXPLICIT freed 852K, 15% free 15961K/18567K, paused 3ms+8ms
07-07 21:09:32.588  4398  4401 D dalvikvm: GC_CONCURRENT freed 505K, 8% free 10099K/10951K, paused 2ms+3ms
07-07 21:09:33.822  4398  4401 D dalvikvm: GC_CONCURRENT freed 441K, 8% free 10137K/10951K, paused 2ms+2ms
07-07 21:09:35.576  4398  4401 D dalvikvm: GC_CONCURRENT freed 548K, 8% free 10098K/10951K, paused 3ms+4ms
07-07 21:09:37.580  4398  4401 D dalvikvm: GC_CONCURRENT freed 508K, 8% free 10099K/10951K, paused 22ms+5ms
07-07 21:09:38.752  4625  4628 D dalvikvm: GC_CONCURRENT freed 513K, 6% free 10544K/11143K, paused 2ms+4ms
07-07 21:09:38.912  4398  4401 D dalvikvm: GC_CONCURRENT freed 499K, 8% free 10109K/10951K, paused 2ms+3ms
07-07 21:09:40.697  4398  4401 D dalvikvm: GC_CONCURRENT freed 510K, 8% free 10108K/10951K, paused 2ms+3ms
07-07 21:09:42.631  4398  4401 D dalvikvm: GC_CONCURRENT freed 490K, 8% free 10127K/10951K, paused 2ms+3ms
07-07 21:09:43.467   221   223 D dalvikvm: GC_CONCURRENT freed 446K, 30% free 10091K/14215K, paused 2ms+4ms
07-07 21:09:43.658  1806  1822 D dalvikvm: GC_FOR_ALLOC freed 1870K, 14% free 22543K/25991K, paused 158ms
07-07 21:09:44.084  1806  4896 D dalvikvm: GC_FOR_ALLOC freed 269K, 13% free 22766K/25991K, paused 106ms
07-07 21:09:44.088  1806  4896 I dalvikvm-heap: Grow heap (frag case) to 23.302MB for 1048592-byte allocation
07-07 21:09:44.205  1806  1822 D dalvikvm: GC_FOR_ALLOC freed 3K, 13% free 23786K/27079K, paused 107ms
07-07 21:09:44.424  1806  1806 W IInputConnectionWrapper: finishComposingText on inactive InputConnection
07-07 21:09:44.623  1806  4896 D dalvikvm: GC_FOR_ALLOC freed 1636K, 17% free 22658K/27079K, paused 122ms
07-07 21:09:44.877  1806  4896 D dalvikvm: GC_FOR_ALLOC freed 1302K, 16% free 22887K/27079K, paused 123ms
07-07 21:09:45.357  1806  1807 D dalvikvm: GC_CONCURRENT freed 1757K, 15% free 23178K/27079K, paused 3ms+14ms
07-07 21:09:45.685  1806  4896 D dalvikvm: GC_FOR_ALLOC freed 1320K, 15% free 23093K/27079K, paused 109ms
07-07 21:09:46.029  1806  4896 D dalvikvm: GC_FOR_ALLOC freed 1578K, 16% free 22937K/27079K, paused 128ms
07-07 21:09:46.096  4398  4401 D dalvikvm: GC_CONCURRENT freed 527K, 8% free 10110K/10951K, paused 2ms+8ms
07-07 21:09:46.260  1806  4896 D dalvikvm: GC_FOR_ALLOC freed 2084K, 19% free 21957K/27079K, paused 146ms
07-07 21:09:46.553  1806  4896 D dalvikvm: GC_FOR_ALLOC freed 1412K, 18% free 22221K/27079K, paused 107ms
07-07 21:09:46.795  1806  4896 D dalvikvm: GC_FOR_ALLOC freed 1187K, 18% free 22302K/27079K, paused 102ms
07-07 21:09:46.971  1806  1806 D dalvikvm: GC_FOR_ALLOC freed 1371K, 19% free 21995K/27079K, paused 102ms
07-07 21:09:47.256   143   403 D dalvikvm: GC_EXPLICIT freed 855K, 15% free 15957K/18567K, paused 3ms+11ms
07-07 21:09:47.393  1806  4896 D dalvikvm: GC_FOR_ALLOC freed 442K, 18% free 22408K/27079K, paused 112ms
07-07 21:09:47.396  1806  4896 I dalvikvm-heap: Grow heap (frag case) to 22.953MB for 1048592-byte allocation
07-07 21:09:47.533  1806  5647 D dalvikvm: GC_FOR_ALLOC freed 12K, 17% free 23419K/28167K, paused 127ms
07-07 21:09:47.822  4398  4401 D dalvikvm: GC_CONCURRENT freed 439K, 8% free 10134K/10951K, paused 98ms+11ms
07-07 21:09:49.131  4625  4628 D dalvikvm: GC_CONCURRENT freed 511K, 6% free 10545K/11143K, paused 2ms+15ms
07-07 21:09:49.416  1806  1807 D dalvikvm: GC_CONCURRENT freed 3066K, 21% free 22401K/28167K, paused 3ms+16ms
07-07 21:09:49.951   325   327 D dalvikvm: GC_CONCURRENT freed 1185K, 18% free 10010K/12103K, paused 2ms+22ms
07-07 21:09:50.475  4398  4401 D dalvikvm: GC_CONCURRENT freed 483K, 8% free 10133K/10951K, paused 11ms+3ms
07-07 21:09:50.631  1806  1807 D dalvikvm: GC_CONCURRENT freed 2013K, 21% free 22435K/28167K, paused 3ms+30ms
07-07 21:09:50.701  4398  4398 D dalvikvm: GC_EXPLICIT freed 246K, 8% free 10102K/10951K, paused 2ms+10ms
07-07 21:09:51.400  4398  4401 D dalvikvm: GC_CONCURRENT freed 506K, 8% free 10100K/10951K, paused 3ms+3ms
07-07 21:09:52.611  4398  4401 D dalvikvm: GC_CONCURRENT freed 504K, 8% free 10106K/10951K, paused 2ms+3ms
07-07 21:09:54.158  1806  1807 D dalvikvm: GC_CONCURRENT freed 1971K, 21% free 22512K/28167K, paused 3ms+13ms
07-07 21:09:54.240  4625  4645 D dalvikvm: GC_EXPLICIT freed 362K, 6% free 10529K/11143K, paused 5ms+3ms
07-07 21:09:54.838  4398  4401 D dalvikvm: GC_CONCURRENT freed 505K, 8% free 10112K/10951K, paused 4ms+3ms
07-07 21:09:55.568   305   320 D dalvikvm: GC_EXPLICIT freed 311K, 5% free 10363K/10887K, paused 2ms+5ms
07-07 21:09:55.674  4398  4401 D dalvikvm: GC_CONCURRENT freed 461K, 8% free 10131K/10951K, paused 2ms+3ms
07-07 21:09:57.592  4398  4401 D dalvikvm: GC_CONCURRENT freed 545K, 8% free 10095K/10951K, paused 1ms+3ms
07-07 21:09:59.244  4398  4401 D dalvikvm: GC_CONCURRENT freed 500K, 8% free 10106K/10951K, paused 5ms+3ms
07-07 21:10:00.576  4398  4401 D dalvikvm: GC_CONCURRENT freed 497K, 8% free 10119K/10951K, paused 3ms+3ms
07-07 21:10:02.603  4398  4401 D dalvikvm: GC_CONCURRENT freed 493K, 8% free 10135K/10951K, paused 2ms+3ms
07-07 21:10:03.850   325   327 D dalvikvm: GC_CONCURRENT freed 412K, 18% free 10010K/12103K, paused 2ms+16ms
07-07 21:10:04.119  4625  4628 D dalvikvm: GC_CONCURRENT freed 506K, 6% free 10535K/11143K, paused 10ms+8ms
07-07 21:10:04.158   143   403 D dalvikvm: GC_EXPLICIT freed 926K, 14% free 15980K/18567K, paused 3ms+20ms
07-07 21:10:04.295  4398  4401 D dalvikvm: GC_CONCURRENT freed 531K, 8% free 10108K/10951K, paused 3ms+4ms
07-07 21:10:04.853  1806  1806 D dalvikvm: GC_FOR_ALLOC freed 1819K, 21% free 22328K/28167K, paused 110ms
07-07 21:10:05.775  4398  4401 D dalvikvm: GC_CONCURRENT freed 497K, 8% free 10115K/10951K, paused 4ms+3ms
07-07 21:10:06.744   143   308 I ActivityManager: Process com.google.android.gsf.login (pid 4362) has died.
07-07 21:10:06.783   371  4254 D dalvikvm: GC_FOR_ALLOC freed 1302K, 22% free 12230K/15559K, paused 37ms
07-07 21:10:06.807   143   159 I Process : Sending signal. PID: 371 SIG: 3
07-07 21:10:06.814   371   374 I dalvikvm: threadid=3: reacting to signal 3
07-07 21:10:06.959   371   374 I dalvikvm: Wrote stack traces to '/data/anr/traces.txt'
07-07 21:10:07.010   371  4254 D dalvikvm: GC_FOR_ALLOC freed 889K, 24% free 11967K/15559K, paused 58ms
07-07 21:10:07.123   371   372 D dalvikvm: GC_CONCURRENT freed 1K, 18% free 12869K/15559K, paused 1ms+15ms
07-07 21:10:07.299   143   159 I Process : Sending signal. PID: 371 SIG: 3
07-07 21:10:07.299   371   374 I dalvikvm: threadid=3: reacting to signal 3
07-07 21:10:07.318   371   374 I dalvikvm: Wrote stack traces to '/data/anr/traces.txt'
07-07 21:10:07.326   143   395 I ActivityManager: Process com.google.android.apps.plus (pid 4830) has died.
07-07 21:10:07.326   143   395 W ActivityManager: Scheduling restart of crashed service com.google.android.apps.plus/.service.EsService in 5000ms
07-07 21:10:07.791  1806  1806 D OpenGLRenderer: Flushing caches (mode 0)
07-07 21:10:07.982  4398  4401 D dalvikvm: GC_CONCURRENT freed 507K, 8% free 10111K/10951K, paused 24ms+10ms
07-07 21:10:08.260   371   372 D dalvikvm: GC_CONCURRENT freed 1071K, 17% free 12979K/15559K, paused 61ms+7ms
07-07 21:10:09.529  4398  4401 D dalvikvm: GC_CONCURRENT freed 504K, 8% free 10117K/10951K, paused 22ms+21ms
07-07 21:10:10.260  1806  1806 D OpenGLRenderer: Flushing caches (mode 1)
07-07 21:10:10.560  1806  1806 D OpenGLRenderer: Flushing caches (mode 2)
07-07 21:10:10.603   143   200 D DhcpInfoInternal: makeLinkProperties with empty dns2!
07-07 21:10:10.603   143   200 D DhcpInfoInternal: makeLinkProperties with empty dns2!
07-07 21:10:10.639   221   223 D dalvikvm: GC_CONCURRENT freed 664K, 31% free 9871K/14215K, paused 1ms+6ms
07-07 21:10:10.756   143  2263 W InputManagerService: Window already focused, ignoring focus gain of: com.android.internal.view.IInputMethodClient$Stub$Proxy@418b0f38
07-07 21:10:10.850  4398  4401 D dalvikvm: GC_CONCURRENT freed 512K, 8% free 10108K/10951K, paused 2ms+3ms
07-07 21:10:12.537   143   182 I InputReader: Dropping virtual key from device cypress-touchkey because virtual keys are temporarily disabled for the next 232.373ms.  keyCode=3, scanCode=102
07-07 21:10:12.623   143   182 I InputReader: Dropping key up from device cypress-touchkey because the key was not down.  keyCode=3, scanCode=102
07-07 21:10:12.627   143   395 I ActivityManager: START {act=android.intent.action.MAIN cat=[android.intent.category.LAUNCHER] flg=0x10200000 cmp=org.mozilla.firefox_beta/.App bnds=[384,706][480,802]} from pid 371
07-07 21:10:12.721   143   155 I ActivityManager: Start proc org.mozilla.firefox_beta for activity org.mozilla.firefox_beta/.App: pid=5747 uid=10061 gids={3003, 1015, 1006}
07-07 21:10:12.998   371   371 D OpenGLRenderer: Flushing caches (mode 1)
07-07 21:10:13.025   371   371 D OpenGLRenderer: Flushing caches (mode 0)
07-07 21:10:13.041  5747  5747 I ActivityThread: Pub org.mozilla.firefox_beta.db.browser: org.mozilla.firefox_beta.db.BrowserProvider
07-07 21:10:13.072  5747  5747 I ActivityThread: Pub org.mozilla.firefox_beta.db.formhistory: org.mozilla.firefox_beta.db.FormHistoryProvider
07-07 21:10:13.076  5747  5747 I ActivityThread: Pub org.mozilla.firefox_beta.db.tabs: org.mozilla.firefox_beta.db.TabsProvider
07-07 21:10:13.100  5747  5761 D GeckoProfile: Found profile dir: /data/data/org.mozilla.firefox_beta/files/mozilla/r0zhquk7.default
07-07 21:10:13.103  5747  5747 D dalvikvm: Trying to load lib /data/data/org.mozilla.firefox_beta/lib/libmozglue.so 0x41324160
07-07 21:10:13.115  5747  5747 D dalvikvm: Added shared lib /data/data/org.mozilla.firefox_beta/lib/libmozglue.so 0x41324160
07-07 21:10:13.115  5747  5747 D dalvikvm: No JNI_OnLoad found in /data/data/org.mozilla.firefox_beta/lib/libmozglue.so 0x41324160, skipping init
07-07 21:10:13.119  5747  5747 W GeckoApp: zerdatime 8075660 - onCreate
07-07 21:10:13.236  5747  5748 D dalvikvm: GC_CONCURRENT freed 214K, 4% free 9307K/9607K, paused 4ms+3ms
07-07 21:10:13.268  5747  5747 I GeckoViewsFactory: Creating custom Gecko view: FormAssistPopup
07-07 21:10:13.275  5747  5747 I GeckoViewsFactory: Creating custom Gecko view: AboutHomeContent
07-07 21:10:13.307  5747  5747 W GeckoApp: zerdatime 8075849 - onStart
07-07 21:10:13.307  5747  5747 I GeckoApp: start
07-07 21:10:13.307  5747  5747 I GeckoApp: resume
07-07 21:10:13.326   143   159 I Process : Sending signal. PID: 5747 SIG: 3
07-07 21:10:13.326  5747  5749 I dalvikvm: threadid=3: reacting to signal 3
07-07 21:10:13.330  5747  5749 I dalvikvm: Wrote stack traces to '/data/anr/traces.txt'
07-07 21:10:13.357  5747  5747 D libEGL  : loaded /system/lib/egl/libGLES_android.so
07-07 21:10:13.365  5747  5747 D libEGL  : loaded /vendor/lib/egl/libEGL_POWERVR_SGX540_120.so
07-07 21:10:13.377  5747  5747 D libEGL  : loaded /vendor/lib/egl/libGLESv1_CM_POWERVR_SGX540_120.so
07-07 21:10:13.377  5747  5747 D libEGL  : loaded /vendor/lib/egl/libGLESv2_POWERVR_SGX540_120.so
07-07 21:10:13.545  5747  5747 D OpenGLRenderer: Enabling debug mode 0
07-07 21:10:13.584  5747  5747 W GeckoProfile: zerdatime 8076128 - start check sessionstore.js exists
07-07 21:10:13.588  5747  5747 W GeckoProfile: zerdatime 8076130 - finish check sessionstore.js exists
07-07 21:10:13.588  5747  5747 I GeckoToolbar: zerdatime 8076130 - Throbber stop
07-07 21:10:13.588  5747  5761 I GeckoApp: Checking profile migration in: /data/data/org.mozilla.firefox_beta/files/mozilla/r0zhquk7.default
07-07 21:10:13.588  5747  5747 D GeckoFavicons: Creating Favicons instance
07-07 21:10:13.588  5747  5747 D GeckoFavicons: Creating DatabaseHelper
07-07 21:10:13.611  5747  5763 W GeckoApp: zerdatime 8076153 - start of getPluginDirectories
07-07 21:10:13.611  5747  5747 I GeckoAxis: Prefs: 0.85,0.97,10.0,0.012,0.04,0.3,0.5
07-07 21:10:13.611  5747  5763 W GeckoApp: zerdatime 8076154 - end of getPluginDirectories
07-07 21:10:13.619  5747  5763 I GeckoAppShell: env0: null
07-07 21:10:13.627  5747  5763 D dalvikvm: Trying to load lib /data/data/org.mozilla.firefox_beta/lib/libmozglue.so 0x41324160
07-07 21:10:13.627  5747  5763 D dalvikvm: Shared lib '/data/data/org.mozilla.firefox_beta/lib/libmozglue.so' already loaded in same CL 0x41324160
07-07 21:10:13.627  5747  5763 E GeckoLibLoad: Load sqlite start
07-07 21:10:13.658  5747  5748 D dalvikvm: GC_CONCURRENT freed 105K, 3% free 9653K/9863K, paused 2ms+2ms
07-07 21:10:13.705  5747  5763 E GeckoLinker: /data/app/org.mozilla.firefox_beta-2.apk!/libmozsqlite3.so: Warning: relocation to NULL @0x00052db4
07-07 21:10:13.705  5747  5763 E GeckoLinker: /data/app/org.mozilla.firefox_beta-2.apk!/libmozsqlite3.so: Warning: relocation to NULL @0x00052cb0 for symbol "__cxa_begin_cleanup"
07-07 21:10:13.705  5747  5763 E GeckoLinker: /data/app/org.mozilla.firefox_beta-2.apk!/libmozsqlite3.so: Warning: relocation to NULL @0x00052d1c for symbol "__cxa_type_match"
07-07 21:10:13.705  5747  5747 W GeckoApp: zerdatime 8076248 - UI almost up
07-07 21:10:13.705  5747  5763 E GeckoLibLoad: Load sqlite done
07-07 21:10:13.709  5747  5763 D dalvikvm: Trying to load lib /data/data/org.mozilla.firefox_beta/lib/libmozglue.so 0x41324160
07-07 21:10:13.709  5747  5763 D dalvikvm: Shared lib '/data/data/org.mozilla.firefox_beta/lib/libmozglue.so' already loaded in same CL 0x41324160
07-07 21:10:13.709  5747  5763 E GeckoLibLoad: Load nss start
07-07 21:10:13.783  5747  5763 E GeckoLinker: /data/app/org.mozilla.firefox_beta-2.apk!/libnspr4.so: Warning: relocation to NULL @0x00020de0
07-07 21:10:13.783  5747  5763 E GeckoLinker: /data/app/org.mozilla.firefox_beta-2.apk!/libnspr4.so: Warning: relocation to NULL @0x00020b98 for symbol "__cxa_begin_cleanup"
07-07 21:10:13.783  5747  5763 E GeckoLinker: /data/app/org.mozilla.firefox_beta-2.apk!/libnspr4.so: Warning: relocation to NULL @0x00020cb0 for symbol "__cxa_type_match"
07-07 21:10:13.791  5747  5747 I GeckoViewsFactory: Creating custom Gecko view: AboutHomeContent$TopSitesGridView
07-07 21:10:13.791  5747  5761 W GeckoApp: zerdatime 8076335 - pre checkLaunchState
07-07 21:10:13.799  5747  5747 I GeckoViewsFactory: Creating custom Gecko view: LinkTextView
07-07 21:10:13.803  5747  5763 E GeckoLibLoad: Load nss done
07-07 21:10:13.822   143   159 I Process : Sending signal. PID: 5747 SIG: 3
07-07 21:10:13.822  5747  5749 I dalvikvm: threadid=3: reacting to signal 3
07-07 21:10:13.857  5747  5749 I dalvikvm: Wrote stack traces to '/data/anr/traces.txt'
07-07 21:10:13.873  5747  5748 D dalvikvm: GC_CONCURRENT freed 123K, 3% free 10033K/10247K, paused 2ms+2ms
07-07 21:10:13.873  5747  5747 I GeckoViewsFactory: Creating custom Gecko view: AboutHomeSection
07-07 21:10:13.889  5747  5747 I GeckoViewsFactory: Creating custom Gecko view: LinkTextView
07-07 21:10:13.889  5747  5747 I GeckoViewsFactory: Creating custom Gecko view: AboutHomeSection
07-07 21:10:13.893  5747  5747 I GeckoViewsFactory: Creating custom Gecko view: LinkTextView
07-07 21:10:13.896  5747  5747 I GeckoViewsFactory: Creating custom Gecko view: AboutHomeSection
07-07 21:10:13.900  5747  5747 I GeckoViewsFactory: Creating custom Gecko view: LinkTextView
07-07 21:10:13.924  5747  5761 I GeckoApp: Startup mode: NORMAL
07-07 21:10:13.951    78  1458 W SurfaceTexture: [org.mozilla.firefox_beta/org.mozilla.firefox_beta.App] cancelBuffer: SurfaceTexture has been abandoned!
07-07 21:10:14.170   143   176 I ActivityManager: Displayed org.mozilla.firefox_beta/.App: +1s464ms
07-07 21:10:14.185   371   371 D OpenGLRenderer: Flushing caches (mode 2)
07-07 21:10:15.100  5747  5748 D dalvikvm: GC_CONCURRENT freed 173K, 3% free 10379K/10631K, paused 3ms+2ms
07-07 21:10:15.185  5747  5747 D dalvikvm: GC_FOR_ALLOC freed 455K, 7% free 10336K/11015K, paused 34ms
07-07 21:10:15.303   371   371 D OpenGLRenderer: Flushing caches (mode 0)
07-07 21:10:15.342  5747  5747 D GeckoFavicons: Creating LoadFaviconTask with URL = http://static-ssl-cdn.addons.mozilla.net/img/uploads/addon_icons/1/1865-32.png and favicon URL = http://static-ssl-cdn.addons.mozilla.net/img/uploads/addon_icons/1/1865-32.png?modified=1341352083
07-07 21:10:15.346  5747  5747 D GeckoFavicons: Calling loadFavicon() with URL = http://static-ssl-cdn.addons.mozilla.net/img/uploads/addon_icons/1/1865-32.png and favicon URL = http://static-ssl-cdn.addons.mozilla.net/img/uploads/addon_icons/1/1865-32.png?modified=1341352083 (1)
07-07 21:10:15.350  5747  5747 D GeckoFavicons: Creating LoadFaviconTask with URL = http://static-ssl-cdn.addons.mozilla.net/img/uploads/addon_icons/162/162014-32.png and favicon URL = http://static-ssl-cdn.addons.mozilla.net/img/uploads/addon_icons/162/162014-32.png?modified=1340741315
07-07 21:10:15.350  5747  5747 D GeckoFavicons: Calling loadFavicon() with URL = http://static-ssl-cdn.addons.mozilla.net/img/uploads/addon_icons/162/162014-32.png and favicon URL = http://static-ssl-cdn.addons.mozilla.net/img/uploads/addon_icons/162/162014-32.png?modified=1340741315 (2)
07-07 21:10:15.385  5747  5763 E GeckoLinker: /data/app/org.mozilla.firefox_beta-2.apk!/libmozalloc.so: Warning: relocation to NULL @0x00003e2c
07-07 21:10:15.385  5747  5763 E GeckoLinker: /data/app/org.mozilla.firefox_beta-2.apk!/libmozalloc.so: Warning: relocation to NULL @0x00003db8 for symbol "__cxa_begin_cleanup"
07-07 21:10:15.385  5747  5763 E GeckoLinker: /data/app/org.mozilla.firefox_beta-2.apk!/libmozalloc.so: Warning: relocation to NULL @0x00003de0 for symbol "__cxa_type_match"
07-07 21:10:15.459  5747  5763 E GeckoLibLoad: Loaded libs in 1650ms total, 488ms user, 132ms system, 3 faults
07-07 21:10:15.463  5747  5763 W GeckoThread: zerdatime 8078004 - runGecko
07-07 21:10:15.463  5747  5763 I GeckoThread: RunGecko - URI = null
07-07 21:10:15.467  5747  5763 I GeckoAppShell: post native init
07-07 21:10:15.467  5747  5763 I GeckoAppShell: setLayerClient called
07-07 21:10:15.518  4625  4628 D dalvikvm: GC_CONCURRENT freed 511K, 6% free 10535K/11143K, paused 90ms+35ms
07-07 21:10:15.549  5747  5765 D GeckoFavicons: Favicon URL is now: http://static-ssl-cdn.addons.mozilla.net/img/uploads/addon_icons/1/1865-32.png?modified=1341352083
07-07 21:10:15.678  5747  5765 D GeckoFavicons: Calling getFaviconUrlForPageUrl() for http://static-ssl-cdn.addons.mozilla.net/img/uploads/addon_icons/1/1865-32.png
07-07 21:10:15.752  5747  5763 E GeckoConsole: Could not read chrome manifest 'file:///data/data/org.mozilla.firefox_beta/chrome.manifest'.
07-07 21:10:16.006  5747  5763 W ResourceType: Too many attribute references, stopped at: 0x01010099
07-07 21:10:16.080  5747  5765 D GeckoFavicons: Loading favicon from DB for URL = http://static-ssl-cdn.addons.mozilla.net/img/uploads/addon_icons/1/1865-32.png
07-07 21:10:16.103  5747  5765 D GeckoFavicons: Downloading favicon for URL = http://static-ssl-cdn.addons.mozilla.net/img/uploads/addon_icons/1/1865-32.png with favicon URL = http://static-ssl-cdn.addons.mozilla.net/img/uploads/addon_icons/1/1865-32.png?modified=1341352083
07-07 21:10:16.271  5747  5763 E GeckoConsole: zerdatime 1341709816276 - browser chrome startup finished.
07-07 21:10:16.314  5747  5763 I GeckoApp: Got message: CharEncoding:State
07-07 21:10:16.318  5747  5748 D dalvikvm: GC_CONCURRENT freed 158K, 5% free 10569K/11015K, paused 8ms+3ms
07-07 21:10:16.369  5747  5763 I Gecko   : Detected osrelease `3.0.8-g6656123'
07-07 21:10:16.369  5747  5763 I Gecko   : JITs are not broken
07-07 21:10:16.424  5747  5763 I GeckoTabs: Got message: Tab:Added
07-07 21:10:16.424  5747  5763 I GeckoTabs: Received message from Gecko: 8078967 - Tab:Added
07-07 21:10:16.435  5747  5763 I GeckoTabs: Added a tab with id: 1
07-07 21:10:16.459  5747  5747 I GeckoToolbar: zerdatime 8079003 - Throbber stop
07-07 21:10:16.467  5747  5747 I GeckoDoorHangerPopup: Showing all doorhangers for tab: 1
07-07 21:10:16.471  5747  5763 I GeckoApp: Got message: Content:StateChange
07-07 21:10:16.471  5747  5763 I GeckoApp: State - 983041
07-07 21:10:16.471  5747  5763 I GeckoApp: Got a document start
07-07 21:10:16.490  5747  5763 I GeckoApp: Got message: Gecko:Ready
07-07 21:10:16.514  5747  5763 D GeckoLayerClient: Screen-size changed to (480,800)
07-07 21:10:16.514  5747  5763 D GeckoLayerClient: Window-size changed to (480,690)
07-07 21:10:16.521  5747  5763 I GeckoLayerClient: Showing checks: true
07-07 21:10:16.557  5747  5763 I GeckoTabs: Got message: SessionHistory:New
07-07 21:10:16.572  5747  5763 I GeckoApp: Got message: Content:LocationChange
07-07 21:10:16.572  5747  5763 I GeckoApp: URI - about:home
07-07 21:10:16.572  5747  5763 I GeckoTab: Updated url: about:home for tab with id: 1
07-07 21:10:16.576  5747  5763 I GeckoTab: Updated favicon for tab with id: 1
07-07 21:10:16.576  5747  5763 I GeckoTab: Updated favicon URL for tab with id: 1
07-07 21:10:16.576  5747  5747 I GeckoDoorHangerPopup: Showing all doorhangers for tab: 1
07-07 21:10:16.584  5747  5763 I GeckoApp: Got message: Content:SecurityChange
07-07 21:10:16.584  5747  5763 I GeckoApp: Security Mode - unknown
07-07 21:10:16.674  5747  5763 I GeckoApp: Got message: DOMTitleChanged
07-07 21:10:16.678  5747  5763 I GeckoTab: Updated title: Firefox Beta Start for tab with id: 1
07-07 21:10:16.682  5747  5763 I GeckoApp: title - Firefox Beta Start
07-07 21:10:16.693  5747  5763 I GeckoApp: Got message: DOMLinkAdded
07-07 21:10:16.697  5747  5763 I GeckoApp: link rel - [icon], href - jar:jar:file:///data/app/org.mozilla.firefox_beta-2.apk!/omni.ja!/chrome/chrome/content/branding/favicon32.png
07-07 21:10:16.697  5747  5763 I GeckoTab: Updated favicon URL for tab with id: 1
07-07 21:10:16.697  5747  5747 D GeckoFavicons: Creating LoadFaviconTask with URL = about:home and favicon URL = jar:jar:file:///data/app/org.mozilla.firefox_beta-2.apk!/omni.ja!/chrome/chrome/content/branding/favicon32.png
07-07 21:10:16.697  5747  5747 D GeckoFavicons: Calling loadFavicon() with URL = about:home and favicon URL = jar:jar:file:///data/app/org.mozilla.firefox_beta-2.apk!/omni.ja!/chrome/chrome/content/branding/favicon32.png (3)
07-07 21:10:16.701  5747  5763 I GeckoPanZoomController: Got message: Preferences:Data
07-07 21:10:16.709  5747  5763 I GeckoPanZoomController: Zoom animation frames: [0.0, 0.10211, 0.19864, 0.29043, 0.37816, 0.46155, 0.54054, 0.61496, 0.68467, 0.7491, 0.80794, 0.86069, 0.90651, 0.94471, 0.97401, 0.99309]
07-07 21:10:16.709  5747  5763 I GeckoAxis: Prefs: 0.85,0.97,10.0,0.012,0.04,0.3,0.5
07-07 21:10:16.721  5747  5763 I GeckoApp: Got message: DOMContentLoaded
07-07 21:10:16.728  5747  5763 I GeckoApp: Got message: Content:PageShow
07-07 21:10:16.732  5747  5747 D GeckoFavicons: Requesting cancelation of favicon load (3)
07-07 21:10:16.732  5747  5747 D GeckoFavicons: Cancelling favicon load (3)
07-07 21:10:16.732  5747  5747 D GeckoFavicons: Creating LoadFaviconTask with URL = about:home and favicon URL = jar:jar:file:///data/app/org.mozilla.firefox_beta-2.apk!/omni.ja!/chrome/chrome/content/branding/favicon32.png
07-07 21:10:16.732  5747  5747 D GeckoFavicons: Calling loadFavicon() with URL = about:home and favicon URL = jar:jar:file:///data/app/org.mozilla.firefox_beta-2.apk!/omni.ja!/chrome/chrome/content/branding/favicon32.png (4)
07-07 21:10:16.732  5747  5747 D GeckoFavicons: LoadFaviconTask cancelled for URL = about:home (3)
07-07 21:10:16.810  5747  5763 I GeckoApp: Got message: Tab:ViewportMetadata
07-07 21:10:16.818  5747  5763 I GeckoApp: Got message: Content:StateChange
07-07 21:10:16.818  5747  5763 I GeckoApp: State - 786448
07-07 21:10:16.818  5747  5763 I GeckoApp: Got a document stop
07-07 21:10:16.822  5747  5747 I GeckoToolbar: zerdatime 8079363 - Throbber stop
07-07 21:10:16.869  5747  5763 I GeckoDisplayPortCalculator: Set strategy VelocityBiasStrategy mult=2.0, threshold=7.6800003, reverse=0.2, dangerBaseX=1.0, dangerBaseY=1.0, dangerIncrX=0.0, dangerIncrY=0.0
07-07 21:10:16.873  5747  5763 I PluginLayer: Using plugin placeholder: false
07-07 21:10:16.877  5747  5779 I Gecko   : Logging GL tracing output to /data/data/org.mozilla.firefox_beta/firefox.trace
07-07 21:10:16.877  5747  5779 I Gecko   : Attempting load of /data/local/egltrace.so
07-07 21:10:16.877  5747  5779 I Gecko   : Attempting load of libEGL.so
07-07 21:10:16.881  5747  5779 I Gecko   : Extensions: EGL_KHR_image EGL_KHR_image_base EGL_KHR_image_base EGL_KHR_gl_texture_2D_image EGL_KHR_gl_texture_cubemap_image EGL_KHR_gl_renderbuffer_image EGL_KHR_fence_sync EGL_ANDROID_image_native_buffer EGL_ANDROID_image_native_buffer  0x45
07-07 21:10:16.881  5747  5779 I Gecko   : Extensions length: 226
07-07 21:10:16.928  5747  5779 E GeckoConsole: OpenGL LayerManager Initialized Succesfully.
07-07 21:10:16.928  5747  5779 E GeckoConsole: Version: OpenGL ES 2.0 build 1.8@785978
07-07 21:10:16.928  5747  5779 E GeckoConsole: Vendor: Imagination Technologies
07-07 21:10:16.928  5747  5779 E GeckoConsole: Renderer: PowerVR SGX 540
07-07 21:10:16.928  5747  5779 E GeckoConsole: FBO Texture Target: TEXTURE_2D
07-07 21:10:16.932  5747  5779 D GeckoLayerView: LayerView paint state set to 1
07-07 21:10:16.935  5747  5747 D GeckoPanZoomController: generating valid viewport using v=RectF(0.0, 0.0, 480.0, 690.0) p=RectF(0.0, 0.0, 480.0, 690.0) c=RectF(0.0, 0.0, 980.0, 1408.75) z=0.4897959
07-07 21:10:16.935  5747  5747 D GeckoPanZoomController: generated valid viewport as v=RectF(0.0, 0.0, 480.0, 690.0) p=RectF(0.0, 0.0, 480.0, 690.0) c=RectF(0.0, 0.0, 980.0, 1408.75) z=0.4897959
07-07 21:10:16.943  5747  5779 I GeckoAppShell: Taking whole-screen screenshot, viewport: ImmutableViewportMetrics v=(0.0,0.0,480.0,690.0) p=(0.0,0.0,480.0,690.0) c=(0.0,0.0,980.0,1408.75) z=0.4897959
07-07 21:10:16.978  5747  5779 D GeckoLayerView: LayerView paint state set to 2
07-07 21:10:16.990  5747  5779 I Gecko   : Compositor: Composite took 61 ms.
07-07 21:10:17.014  5747  5747 D dalvikvm: GC_FOR_ALLOC freed 293K, 4% free 10709K/11143K, paused 19ms
07-07 21:10:17.096  5747  5747 D dalvikvm: GC_FOR_ALLOC freed 315K, 7% free 10703K/11399K, paused 42ms
07-07 21:10:17.346  5747  5747 D dalvikvm: GC_FOR_ALLOC freed 323K, 7% free 10710K/11399K, paused 18ms
07-07 21:10:17.377  5747  5761 D dalvikvm: GC_FOR_ALLOC freed 3K, 6% free 10800K/11399K, paused 17ms
07-07 21:10:17.381  5747  5761 I dalvikvm-heap: Grow heap (frag case) to 12.616MB for 2097168-byte allocation
07-07 21:10:17.400  5747  5761 D dalvikvm: GC_FOR_ALLOC freed 1K, 5% free 12846K/13511K, paused 17ms
07-07 21:10:17.467  5747  5748 D dalvikvm: GC_CONCURRENT freed 299K, 6% free 12780K/13511K, paused 1ms+3ms
07-07 21:10:17.498  5747  5761 I GeckoAppShell: Taking whole-screen screenshot, viewport: ImmutableViewportMetrics v=(0.0,0.0,480.0,690.0) p=(0.0,0.0,480.0,690.0) c=(0.0,0.0,980.0,1408.75) z=0.4897959
07-07 21:10:17.498  5747  5761 W GeckoGlobalHistory: Rebuilding visited link set...
07-07 21:10:17.557  5747  5779 I Gecko   : Compositor: Composite took 53 ms.
07-07 21:10:17.760  5747  5761 D dalvikvm: GC_FOR_ALLOC freed 2216K, 17% free 11340K/13639K, paused 21ms
07-07 21:10:17.764  5747  5761 I dalvikvm-heap: Grow heap (frag case) to 13.143MB for 2097168-byte allocation
07-07 21:10:17.791  5747  5779 D dalvikvm: GC_FOR_ALLOC freed 10K, 2% free 13377K/13639K, paused 20ms
07-07 21:10:17.846  5747  5779 I Gecko   : Compositor: Composite took 86 ms.
07-07 21:10:17.857  5747  5748 D dalvikvm: GC_CONCURRENT freed 2K, 2% free 13378K/13639K, paused 2ms+8ms
07-07 21:10:18.076  5747  5779 I Gecko   : Compositor: Composite took 32 ms.
07-07 21:10:19.853  5747  5765 D GeckoFavicons: Downloaded favicon successfully for URL = http://static-ssl-cdn.addons.mozilla.net/img/uploads/addon_icons/1/1865-32.png
07-07 21:10:19.853  5747  5765 D GeckoFavicons: Saving favicon on browser database for URL = http://static-ssl-cdn.addons.mozilla.net/img/uploads/addon_icons/1/1865-32.png
07-07 21:10:20.014  5747  5765 D GeckoFavicons: Saving favicon URL for URL = http://static-ssl-cdn.addons.mozilla.net/img/uploads/addon_icons/1/1865-32.png
07-07 21:10:20.018  5747  5765 D GeckoFavicons: Calling setFaviconUrlForPageUrl() for http://static-ssl-cdn.addons.mozilla.net/img/uploads/addon_icons/1/1865-32.png
07-07 21:10:20.150  5747  5747 D GeckoFavicons: LoadFaviconTask finished for URL = http://static-ssl-cdn.addons.mozilla.net/img/uploads/addon_icons/1/1865-32.png (1)
07-07 21:10:20.178  5747  5783 D GeckoFavicons: Favicon URL is now: http://static-ssl-cdn.addons.mozilla.net/img/uploads/addon_icons/162/162014-32.png?modified=1340741315
07-07 21:10:20.178  5747  5783 D GeckoFavicons: Calling getFaviconUrlForPageUrl() for http://static-ssl-cdn.addons.mozilla.net/img/uploads/addon_icons/162/162014-32.png
07-07 21:10:20.182  5747  5783 D GeckoFavicons: Loading favicon from DB for URL = http://static-ssl-cdn.addons.mozilla.net/img/uploads/addon_icons/162/162014-32.png
07-07 21:10:20.201  5747  5783 D GeckoFavicons: Downloading favicon for URL = http://static-ssl-cdn.addons.mozilla.net/img/uploads/addon_icons/162/162014-32.png with favicon URL = http://static-ssl-cdn.addons.mozilla.net/img/uploads/addon_icons/162/162014-32.png?modified=1340741315
07-07 21:10:23.428  5747  5783 D GeckoFavicons: Downloaded favicon successfully for URL = http://static-ssl-cdn.addons.mozilla.net/img/uploads/addon_icons/162/162014-32.png
07-07 21:10:23.428  5747  5783 D GeckoFavicons: Saving favicon on browser database for URL = http://static-ssl-cdn.addons.mozilla.net/img/uploads/addon_icons/162/162014-32.png
07-07 21:10:23.541  5747  5783 D GeckoFavicons: Saving favicon URL for URL = http://static-ssl-cdn.addons.mozilla.net/img/uploads/addon_icons/162/162014-32.png
07-07 21:10:23.541  5747  5783 D GeckoFavicons: Calling setFaviconUrlForPageUrl() for http://static-ssl-cdn.addons.mozilla.net/img/uploads/addon_icons/162/162014-32.png
07-07 21:10:23.603  5747  5747 D GeckoFavicons: LoadFaviconTask finished for URL = http://static-ssl-cdn.addons.mozilla.net/img/uploads/addon_icons/162/162014-32.png (2)
07-07 21:10:23.670  5747  5785 D GeckoFavicons: Favicon URL is now: jar:jar:file:///data/app/org.mozilla.firefox_beta-2.apk!/omni.ja!/chrome/chrome/content/branding/favicon32.png
07-07 21:10:23.670  5747  5785 D GeckoFavicons: Calling getFaviconUrlForPageUrl() for about:home
07-07 21:10:23.670  5747  5785 D GeckoFavicons: Loading favicon from DB for URL = about:home
07-07 21:10:23.674  5747  5785 D GeckoFavicons: Loaded favicon from DB successfully for URL = about:home
07-07 21:10:23.678  5747  5747 D GeckoFavicons: LoadFaviconTask finished for URL = about:home (4)
07-07 21:10:23.678  5747  5747 I GeckoApp: Favicon successfully loaded for URL = about:home
07-07 21:10:23.678  5747  5747 I GeckoApp: Favicon is for current URL = about:home
07-07 21:10:23.678  5747  5747 I GeckoTab: Updated favicon for tab with id: 1
07-07 21:10:50.146  5747  5747 D SyncAdapter: AccountManager.get(org.mozilla.gecko.GeckoApplication@41343660)
07-07 21:10:50.158  5747  5786 I SyncAdapter: Got onPerformSync. Extras bundle is Bundle[{upload=true}]
07-07 21:10:50.158  5747  5786 I SyncAdapter: Account name: lokeshmandvekar
07-07 21:10:50.158  5747  5786 D SyncAdapter: Invalidating auth token.
07-07 21:10:50.310  5747  5786 I SyncAdapter: Waiting on sync monitor.
07-07 21:10:50.318  5747  5758 I SyncAuthService: AccountManager.get(org.mozilla.gecko.sync.setup.SyncAuthenticatorService@41808788)
07-07 21:10:50.322  5747  5758 I SyncAuthService: Setting username. Null? false
07-07 21:10:50.322  5747  5758 I SyncAuthService: Setting Sync Key. Null? false
07-07 21:10:50.365  5747  5747 I SyncAdapter: AccountManagerCallback invoked.
07-07 21:10:50.365  5747  5747 D SyncAdapter: Username: lokeshmandvekar
07-07 21:10:50.365  5747  5747 D SyncAdapter: Server:   https://auth.services.mozilla.com/
07-07 21:10:50.365  5747  5747 D SyncAdapter: Password? true
07-07 21:10:50.365  5747  5747 D SyncAdapter: Key?      true
07-07 21:10:50.389  5747  5747 I SyncAdapter: Performing sync.
07-07 21:10:50.393  5747  5747 I GlobalSession: GlobalSession initialized with bundle Bundle[{upload=true}]
07-07 21:10:50.424  5747  5747 I SyncConfiguration: Set clusterURL from bundle: https://phx-sync128.services.mozilla.com/
07-07 21:10:50.424  5747  5747 I SyncConfiguration: Set syncID from bundle: SsvQEEWgXg7c
07-07 21:10:50.439  5747  5747 I SyncAdapter: Stage completed: idle
07-07 21:10:50.439  5747  5747 I GlobalSession: Running next stage checkPreconditions (org.mozilla.gecko.sync.stage.CheckPreconditionsStage@41857f70)...
07-07 21:10:50.439  5747  5747 I SyncAdapter: Stage completed: checkPreconditions
07-07 21:10:50.439  5747  5747 I GlobalSession: Running next stage ensureClusterURL (org.mozilla.gecko.sync.stage.EnsureClusterURLStage@41858308)...
07-07 21:10:50.439  5747  5747 I EnsureClusterURLStage: Cluster URL is already set and not stale. Continuing with sync.
07-07 21:10:50.439  5747  5747 I SyncAdapter: Stage completed: ensureClusterURL
07-07 21:10:50.439  5747  5747 I GlobalSession: Running next stage fetchInfoCollections (org.mozilla.gecko.sync.stage.FetchInfoCollectionsStage@41858680)...
07-07 21:10:51.346  5747  5748 D dalvikvm: GC_CONCURRENT freed 3019K, 22% free 11728K/14855K, paused 3ms+6ms
07-07 21:10:51.912  5747  5791 I InfoCollections: info/collections is {"history":1.34170946319E9,"adblockplus":1.34160276299E9,"bookmarks":1.34123455277E9,"prefs":1.34160207007E9,"passwords":1.34169141856E9,"addons":1.33934421227E9,"crypto":1.32370693163E9,"meta":1.33648557571E9,"forms":1.34169141813E9,"clients":1.34170230582E9,"tabs":1.34170946401E9}
07-07 21:10:51.912  5747  5791 I FetchInfoCollStage: Got timestamps: 
07-07 21:10:51.916  5747  5791 I SyncAdapter: Stage completed: fetchInfoCollections
07-07 21:10:51.916  5747  5791 I GlobalSession: Running next stage fetchMetaGlobal (org.mozilla.gecko.sync.stage.FetchMetaGlobalStage@41858a48)...
07-07 21:10:51.916  5747  5791 I FetchMetaGlobalStage: Trying to use persisted meta/global for this session.
07-07 21:10:51.932  5747  5791 I MetaGlobal: meta/global is {"storageVersion":5,"engines":{"history":{"version":1,"syncID":"01-e95SthD5J"},"adblockplus":{"version":1,"syncID":"rGMG9HqQ8upG"},"bookmarks":{"version":2,"syncID":"DGxUQGK3Brjl"},"passwords":{"version":1,"syncID":"TSHU3rEev3hw"},"prefs":{"version":2,"syncID":"syRuG3i8nTfN"},"addons":{"version":1,"syncID":"EOfhOHDJ_kpO"},"forms":{"version":1,"syncID":"-CIEkGBGj2cs"},"clients":{"version":1,"syncID":"dMvGPkFS5Xgi"},"tabs":{"version":1,"syncID":"Gu-a_LMebMpU"}},"syncID":"SsvQEEWgXg7c"}
07-07 21:10:51.935  5747  5791 I FetchMetaGlobalStage: Using persisted meta/global for this session.
07-07 21:10:51.935  5747  5791 I SyncAdapter: Stage completed: fetchMetaGlobal
07-07 21:10:51.935  5747  5791 I GlobalSession: Running next stage ensureKeysStage (org.mozilla.gecko.sync.stage.EnsureCrypto5KeysStage@41859120)...
07-07 21:10:51.935  5747  5791 I EnsureC5KeysStage: Trying to use persisted collection keys for this session.
07-07 21:10:51.955  5747  5791 I EnsureC5KeysStage: Using persisted collection keys for this session.
07-07 21:10:51.955  5747  5791 I SyncAdapter: Stage completed: ensureKeysStage
07-07 21:10:51.955  5747  5791 I GlobalSession: Running next stage syncClientsEngine (org.mozilla.gecko.sync.stage.SyncClientsEngineStage@41859570)...
07-07 21:10:52.603  5747  5748 D dalvikvm: GC_CONCURRENT freed 710K, 21% free 11794K/14855K, paused 22ms+6ms
07-07 21:10:52.807  5747  5791 I SyncClientsEngineStage: Local client GUID exists on server and was downloaded
07-07 21:10:53.225  5747  5748 D dalvikvm: GC_CONCURRENT freed 833K, 21% free 11762K/14855K, paused 2ms+6ms
07-07 21:10:53.287  5747  5791 I SyncAdapter: Stage completed: syncClientsEngine
07-07 21:10:53.287  5747  5791 I GlobalSession: Running next stage syncTabs (org.mozilla.gecko.sync.stage.FennecTabsServerSyncStage@4185a5b0)...
07-07 21:10:53.303  5747  5791 I SynchronizerSession: Starting A to B flow. Channel is org.mozilla.gecko.sync.synchronizer.RecordsChannel@4178df70
07-07 21:10:53.303  5747  5791 I RecordsChannel: Beginning source.
07-07 21:10:53.307  5747  5793 I RecordsChannel: Source session began. Beginning sink session.
07-07 21:10:53.307  5747  5794 I RecordsChannel: Sink session began. Beginning flow.
07-07 21:10:53.705  5747  5751 I dalvikvm: Total arena pages for JIT: 11
07-07 21:10:53.705  5747  5751 I dalvikvm: Total arena pages for JIT: 12
07-07 21:10:53.709  5747  5751 I dalvikvm: Total arena pages for JIT: 13
07-07 21:10:53.709  5747  5751 I dalvikvm: Total arena pages for JIT: 14
07-07 21:10:53.709  5747  5751 I dalvikvm: Total arena pages for JIT: 15
07-07 21:10:53.709  5747  5751 I dalvikvm: Total arena pages for JIT: 16
07-07 21:10:53.709  5747  5751 I dalvikvm: Total arena pages for JIT: 17
07-07 21:10:53.771  5747  5748 D dalvikvm: GC_CONCURRENT freed 741K, 20% free 11928K/14855K, paused 2ms+5ms
07-07 21:10:53.826  5747  5751 I dalvikvm: Total arena pages for JIT: 18
07-07 21:10:54.213  5747  5748 D dalvikvm: GC_CONCURRENT freed 1030K, 21% free 11865K/14855K, paused 2ms+6ms
07-07 21:10:54.240  5747  5794 I RecordsChannel: onFetchCompleted. Stopping consumer once stores are done.
07-07 21:10:54.240  5747  5794 I RecordsChannel: Fetch timestamp is 1341709854010
07-07 21:10:54.240  5747  5791 I CRecordConsumer: Consumer is done. Processed 1 record.
07-07 21:10:55.314  5747  5789 D class ch.boye.httpclientandroidlib.impl.conn.tsccm.ThreadSafeClientConnManager: Closing expired connections
07-07 21:10:55.314  5747  5789 D class ch.boye.httpclientandroidlib.impl.conn.tsccm.ConnPoolByRoute: Closing expired connections
07-07 21:10:58.732  5747  5795 I RecordsChannel: onStoreCompleted. Notifying delegate of onFlowCompleted. Fetch end is 1341709854010, store end is 1341709854244
07-07 21:10:58.732  5747  5795 I SynchronizerSession: First RecordsChannel onFlowCompleted.
07-07 21:10:58.736  5747  5795 I SynchronizerSession: Fetch end is 1341709854010. Store end is 1341709854244. Starting next.
07-07 21:10:58.744  5747  5795 I RecordsChannel: onFetchCompleted. Stopping consumer once stores are done.
07-07 21:10:58.744  5747  5795 I RecordsChannel: Fetch timestamp is 1341709858747
07-07 21:10:58.748  5747  5791 I CRecordConsumer: Consumer is done. Processed 0 records.
07-07 21:10:58.760  5747  5796 I RecordsChannel: onStoreCompleted. Notifying delegate of onFlowCompleted. Fetch end is 1341709858747, store end is 0
07-07 21:10:58.764  5747  5796 I SynchronizerSession: Second RecordsChannel onFlowCompleted.
07-07 21:10:58.768  5747  5796 I SynchronizerSession: Fetch end is 1341709858747. Store end is 0. Finishing.
07-07 21:10:58.771  5747  5796 I SynchronizerSession: onFinishSucceeded. Flows? true, true
07-07 21:10:58.775  5747  5796 I SynchronizerSession: onFinishSucceeded: bumping session A's timestamp to 1341709854010 or 0
07-07 21:10:58.775  5747  5796 D RepositorySessionBundle: Setting timestamp on RepositorySessionBundle to 1341709854010
07-07 21:10:58.775  5747  5796 I SynchronizerSession: Finishing session B.
07-07 21:10:58.783  5747  5794 I SynchronizerSession: onFinishSucceeded. Flows? true, true
07-07 21:10:58.783  5747  5794 I SynchronizerSession: onFinishSucceeded: bumping session B's timestamp to 1341709858747 or 1341709854244
07-07 21:10:58.783  5747  5794 D RepositorySessionBundle: Setting timestamp on RepositorySessionBundle to 1341709858747
07-07 21:10:58.783  5747  5794 I SynchronizerSession: Notifying delegate.onSynchronized.
07-07 21:10:58.783  5747  5794 D SyncDelSDelegate: Got onSynchronized.
07-07 21:10:58.783  5747  5794 D SyncDelSDelegate: Notifying SynchronizerDelegate.
07-07 21:10:58.791  5747  5796 I RepositorySession: Shutting down work queues.
07-07 21:10:58.791  5747  5796 I RepositorySession: Shutting down work queues.
07-07 21:10:58.803  5747  5794 I ServerSyncStage: Advancing session.
07-07 21:10:58.803  5747  5794 I SyncAdapter: Stage completed: syncTabs
07-07 21:10:58.803  5747  5794 I GlobalSession: Running next stage syncPasswords (org.mozilla.gecko.sync.stage.PasswordsServerSyncStage@4185a8b8)...
07-07 21:10:58.853   143   311 I ActivityManager: Start proc org.mozilla.firefox_beta.PasswordsProvider for content provider org.mozilla.firefox_beta/.db.PasswordsProvider: pid=5797 uid=10061 gids={3003, 1015, 1006}
07-07 21:10:58.873  5747  5748 D dalvikvm: GC_CONCURRENT freed 968K, 21% free 11803K/14855K, paused 2ms+10ms
07-07 21:10:58.920  5797  5797 I ActivityThread: Pub org.mozilla.firefox_beta.db.passwords: org.mozilla.firefox_beta.db.PasswordsProvider
07-07 21:10:58.924  5797  5797 D dalvikvm: Trying to load lib /data/data/org.mozilla.firefox_beta/lib/libmozglue.so 0x41323370
07-07 21:10:58.924  5797  5797 D dalvikvm: Added shared lib /data/data/org.mozilla.firefox_beta/lib/libmozglue.so 0x41323370
07-07 21:10:58.924  5797  5797 D dalvikvm: No JNI_OnLoad found in /data/data/org.mozilla.firefox_beta/lib/libmozglue.so 0x41323370, skipping init
07-07 21:10:58.928  5747  5791 I SynchronizerSession: Starting A to B flow. Channel is org.mozilla.gecko.sync.synchronizer.RecordsChannel@418762f0
07-07 21:10:58.928  5747  5791 I RecordsChannel: Beginning source.
07-07 21:10:58.928  5747  5810 I RecordsChannel: Source session began. Beginning sink session.
07-07 21:10:58.932  5747  5811 I RecordsChannel: Sink session began. Beginning flow.
07-07 21:10:59.287  5747  5811 I RecordsChannel: onFetchCompleted. Stopping consumer once stores are done.
07-07 21:10:59.287  5747  5811 I RecordsChannel: Fetch timestamp is 1341709859590
07-07 21:10:59.287  5747  5791 I CRecordConsumer: Consumer is done. Processed 0 records.
07-07 21:10:59.291  5747  5812 I RecordsChannel: onStoreCompleted. Notifying delegate of onFlowCompleted. Fetch end is 1341709859590, store end is 1341709859292
07-07 21:10:59.291  5747  5812 I SynchronizerSession: First RecordsChannel onFlowCompleted.
07-07 21:10:59.291  5747  5812 I SynchronizerSession: Fetch end is 1341709859590. Store end is 1341709859292. Starting next.
07-07 21:10:59.299  5797  5808 D GeckoProfile: Found profile dir: /data/data/org.mozilla.firefox_beta/files/mozilla/r0zhquk7.default
07-07 21:10:59.303  5797  5808 D dalvikvm: Trying to load lib /data/data/org.mozilla.firefox_beta/lib/libmozglue.so 0x41323370
07-07 21:10:59.303  5797  5808 D dalvikvm: Shared lib '/data/data/org.mozilla.firefox_beta/lib/libmozglue.so' already loaded in same CL 0x41323370
07-07 21:10:59.303  5797  5808 E GeckoLibLoad: Load sqlite start
07-07 21:10:59.318  5797  5808 E GeckoLinker: /data/app/org.mozilla.firefox_beta-2.apk!/libmozsqlite3.so: Warning: relocation to NULL @0x00052db4
07-07 21:10:59.318  5797  5808 E GeckoLinker: /data/app/org.mozilla.firefox_beta-2.apk!/libmozsqlite3.so: Warning: relocation to NULL @0x00052cb0 for symbol "__cxa_begin_cleanup"
07-07 21:10:59.322  5797  5808 E GeckoLinker: /data/app/org.mozilla.firefox_beta-2.apk!/libmozsqlite3.so: Warning: relocation to NULL @0x00052d1c for symbol "__cxa_type_match"
07-07 21:10:59.322  5797  5808 E GeckoLibLoad: Load sqlite done
07-07 21:10:59.322  5797  5808 D dalvikvm: Trying to load lib /data/data/org.mozilla.firefox_beta/lib/libmozglue.so 0x41323370
07-07 21:10:59.322  5797  5808 D dalvikvm: Shared lib '/data/data/org.mozilla.firefox_beta/lib/libmozglue.so' already loaded in same CL 0x41323370
07-07 21:10:59.322  5797  5808 E GeckoLibLoad: Load nss start
07-07 21:10:59.361  5797  5808 E GeckoLinker: /data/app/org.mozilla.firefox_beta-2.apk!/libnspr4.so: Warning: relocation to NULL @0x00020de0
07-07 21:10:59.361  5797  5808 E GeckoLinker: /data/app/org.mozilla.firefox_beta-2.apk!/libnspr4.so: Warning: relocation to NULL @0x00020b98 for symbol "__cxa_begin_cleanup"
07-07 21:10:59.361  5797  5808 E GeckoLinker: /data/app/org.mozilla.firefox_beta-2.apk!/libnspr4.so: Warning: relocation to NULL @0x00020cb0 for symbol "__cxa_type_match"
07-07 21:10:59.365  5797  5808 E GeckoLibLoad: Load nss done
07-07 21:10:59.393  5747  5811 I RecordsChannel: onFetchCompleted. Stopping consumer once stores are done.
07-07 21:10:59.393  5747  5811 I RecordsChannel: Fetch timestamp is 1341709859296
07-07 21:10:59.393  5747  5791 I CRecordConsumer: Consumer is done. Processed 0 records.
07-07 21:10:59.393  5747  5815 I RecordsChannel: onStoreCompleted. Notifying delegate of onFlowCompleted. Fetch end is 1341709859296, store end is 0
07-07 21:10:59.393  5747  5815 I SynchronizerSession: Second RecordsChannel onFlowCompleted.
07-07 21:10:59.393  5747  5815 I SynchronizerSession: Fetch end is 1341709859296. Store end is 0. Finishing.
07-07 21:10:59.393  5747  5815 I SynchronizerSession: onFinishSucceeded. Flows? true, true
07-07 21:10:59.393  5747  5815 I SynchronizerSession: onFinishSucceeded: bumping session A's timestamp to 1341709859590 or 0
07-07 21:10:59.393  5747  5815 D RepositorySessionBundle: Setting timestamp on RepositorySessionBundle to 1341709859590
07-07 21:10:59.393  5747  5815 I SynchronizerSession: Finishing session B.
07-07 21:10:59.393  5747  5811 I SynchronizerSession: onFinishSucceeded. Flows? true, true
07-07 21:10:59.393  5747  5811 I SynchronizerSession: onFinishSucceeded: bumping session B's timestamp to 1341709859296 or 1341709859292
07-07 21:10:59.393  5747  5811 D RepositorySessionBundle: Setting timestamp on RepositorySessionBundle to 1341709859296
07-07 21:10:59.393  5747  5811 I SynchronizerSession: Notifying delegate.onSynchronized.
07-07 21:10:59.393  5747  5811 D SyncDelSDelegate: Got onSynchronized.
07-07 21:10:59.393  5747  5811 D SyncDelSDelegate: Notifying SynchronizerDelegate.
07-07 21:10:59.400  5747  5815 I RepositorySession: Shutting down work queues.
07-07 21:10:59.400  5747  5815 I RepositorySession: Shutting down work queues.
07-07 21:10:59.482  5747  5811 I ServerSyncStage: Advancing session.
07-07 21:10:59.482  5747  5811 I SyncAdapter: Stage completed: syncPasswords
07-07 21:10:59.486  5747  5811 I GlobalSession: Running next stage syncBookmarks (org.mozilla.gecko.sync.stage.AndroidBrowserBookmarksServerSyncStage@4185ad30)...
07-07 21:10:59.557  5747  5791 I SynchronizerSession: Starting A to B flow. Channel is org.mozilla.gecko.sync.synchronizer.RecordsChannel@41892f10
07-07 21:10:59.557  5747  5791 I RecordsChannel: Beginning source.
07-07 21:10:59.557  5747  5817 I RecordsChannel: Source session began. Beginning sink session.
07-07 21:10:59.568  5747  5817 I BrowserRepoSession: BEGIN: checking database.
07-07 21:10:59.572  5747  5817 I BrowserRepoSession: END: checking database.
07-07 21:10:59.572  5747  5818 I RecordsChannel: Sink session began. Beginning flow.
07-07 21:10:59.869  5747  5818 I RecordsChannel: onFetchCompleted. Stopping consumer once stores are done.
07-07 21:10:59.873  5747  5818 I RecordsChannel: Fetch timestamp is 1341709860260
07-07 21:10:59.873  5747  5791 I CRecordConsumer: Consumer is done. Processed 0 records.
07-07 21:10:59.908  5747  5819 I RecordsChannel: onStoreCompleted. Notifying delegate of onFlowCompleted. Fetch end is 1341709860260, store end is 1341709859906
07-07 21:10:59.908  5747  5819 I SynchronizerSession: First RecordsChannel onFlowCompleted.
07-07 21:10:59.912  5747  5819 I SynchronizerSession: Fetch end is 1341709860260. Store end is 1341709859906. Starting next.
07-07 21:10:59.920  5747  5819 I BrowserRepoSession: Running fetchSince(1341698679774).
07-07 21:10:59.920  5747  5818 I RecordsChannel: onFetchCompleted. Stopping consumer once stores are done.
07-07 21:10:59.920  5747  5818 I RecordsChannel: Fetch timestamp is 1341709859922
07-07 21:10:59.924  5747  5791 I CRecordConsumer: Consumer is done. Processed 0 records.
07-07 21:10:59.924  5747  5820 I RecordsChannel: onStoreCompleted. Notifying delegate of onFlowCompleted. Fetch end is 1341709859922, store end is 0
07-07 21:10:59.924  5747  5820 I SynchronizerSession: Second RecordsChannel onFlowCompleted.
07-07 21:10:59.924  5747  5820 I SynchronizerSession: Fetch end is 1341709859922. Store end is 0. Finishing.
07-07 21:10:59.924  5747  5820 I SynchronizerSession: onFinishSucceeded. Flows? true, true
07-07 21:10:59.924  5747  5820 I SynchronizerSession: onFinishSucceeded: bumping session A's timestamp to 1341709860260 or 0
07-07 21:10:59.924  5747  5820 D RepositorySessionBundle: Setting timestamp on RepositorySessionBundle to 1341709860260
07-07 21:10:59.924  5747  5820 I SynchronizerSession: Finishing session B.
07-07 21:10:59.924  5747  5818 I SynchronizerSession: onFinishSucceeded. Flows? true, true
07-07 21:10:59.924  5747  5818 I SynchronizerSession: onFinishSucceeded: bumping session B's timestamp to 1341709859922 or 1341709859906
07-07 21:10:59.924  5747  5818 D RepositorySessionBundle: Setting timestamp on RepositorySessionBundle to 1341709859922
07-07 21:10:59.924  5747  5818 I SynchronizerSession: Notifying delegate.onSynchronized.
07-07 21:10:59.924  5747  5818 D SyncDelSDelegate: Got onSynchronized.
07-07 21:10:59.924  5747  5818 D SyncDelSDelegate: Notifying SynchronizerDelegate.
07-07 21:10:59.928  5747  5820 I RepositorySession: Shutting down work queues.
07-07 21:10:59.928  5747  5820 I RepositorySession: Shutting down work queues.
07-07 21:10:59.943  5747  5818 I ServerSyncStage: Advancing session.
07-07 21:10:59.943  5747  5818 I SyncAdapter: Stage completed: syncBookmarks
07-07 21:10:59.943  5747  5818 I GlobalSession: Running next stage syncHistory (org.mozilla.gecko.sync.stage.AndroidBrowserHistoryServerSyncStage@4185b140)...
07-07 21:10:59.947  5747  5821 I SynchronizerSession: Starting A to B flow. Channel is org.mozilla.gecko.sync.synchronizer.RecordsChannel@41866a90
07-07 21:10:59.947  5747  5821 I RecordsChannel: Beginning source.
07-07 21:10:59.951  5747  5822 I RecordsChannel: Source session began. Beginning sink session.
07-07 21:11:00.225  5747  5822 I BrowserRepoSession: BEGIN: checking database.
07-07 21:11:00.244  5747  5822 I BrowserRepoSession: END: checking database.
07-07 21:11:00.244  5747  5823 I RecordsChannel: Sink session began. Beginning flow.
07-07 21:11:00.314  5747  5789 D class ch.boye.httpclientandroidlib.impl.conn.tsccm.ThreadSafeClientConnManager: Closing expired connections
07-07 21:11:00.314  5747  5789 D class ch.boye.httpclientandroidlib.impl.conn.tsccm.ConnPoolByRoute: Closing expired connections
07-07 21:11:01.514  5747  5824 D ABHistoryRepoSess: Adding visits for GUID 97BscOcKZZbj
07-07 21:11:01.537  5747  5748 D dalvikvm: GC_CONCURRENT freed 814K, 20% free 11915K/14855K, paused 21ms+8ms
07-07 21:11:01.643  5747  5748 D dalvikvm: GC_CONCURRENT freed 1000K, 21% free 11878K/14855K, paused 3ms+6ms
07-07 21:11:01.744  5747  5748 D dalvikvm: GC_CONCURRENT freed 885K, 20% free 11923K/14855K, paused 2ms+6ms
07-07 21:11:01.779  5747  5824 I BrowserRepoSession: BEGIN: creating record -> GUID map.
07-07 21:11:01.873  5747  5748 D dalvikvm: GC_CONCURRENT freed 952K, 20% free 11931K/14855K, paused 4ms+14ms
07-07 21:11:01.994   143   395 D dalvikvm: GC_EXPLICIT freed 1277K, 13% free 16186K/18567K, paused 4ms+24ms
07-07 21:11:02.025  5747  5748 D dalvikvm: GC_CONCURRENT freed 981K, 20% free 11904K/14855K, paused 2ms+26ms
07-07 21:11:02.154  5747  5748 D dalvikvm: GC_CONCURRENT freed 912K, 20% free 11945K/14855K, paused 1ms+9ms
07-07 21:11:02.279  5747  5748 D dalvikvm: GC_CONCURRENT freed 967K, 20% free 11953K/14855K, paused 3ms+7ms
07-07 21:11:02.393  5747  5748 D dalvikvm: GC_CONCURRENT freed 930K, 20% free 11999K/14855K, paused 3ms+5ms
07-07 21:11:02.502  5747  5748 D dalvikvm: GC_CONCURRENT freed 958K, 20% free 12033K/14855K, paused 2ms+6ms
07-07 21:11:02.611  5747  5748 D dalvikvm: GC_CONCURRENT freed 963K, 19% free 12073K/14855K, paused 2ms+6ms
07-07 21:11:02.721  5747  5748 D dalvikvm: GC_CONCURRENT freed 964K, 19% free 12125K/14855K, paused 2ms+6ms
07-07 21:11:02.818  5747  5748 D dalvikvm: GC_CONCURRENT freed 961K, 18% free 12198K/14855K, paused 2ms+6ms
07-07 21:11:02.924  5747  5748 D dalvikvm: GC_CONCURRENT freed 1046K, 18% free 12211K/14855K, paused 2ms+6ms
07-07 21:11:03.033  5747  5748 D dalvikvm: GC_CONCURRENT freed 1053K, 18% free 12220K/14855K, paused 2ms+7ms
07-07 21:11:03.143  5747  5748 D dalvikvm: GC_CONCURRENT freed 984K, 18% free 12302K/14855K, paused 2ms+6ms
07-07 21:11:03.252  5747  5748 D dalvikvm: GC_CONCURRENT freed 1045K, 17% free 12350K/14855K, paused 3ms+6ms
07-07 21:11:03.369  5747  5748 D dalvikvm: GC_CONCURRENT freed 1060K, 17% free 12399K/14855K, paused 2ms+6ms
07-07 21:11:03.475  5747  5748 D dalvikvm: GC_CONCURRENT freed 1111K, 17% free 12413K/14855K, paused 3ms+5ms
07-07 21:11:03.584  5747  5748 D dalvikvm: GC_CONCURRENT freed 1078K, 17% free 12465K/14855K, paused 2ms+6ms
07-07 21:11:03.697  5747  5748 D dalvikvm: GC_CONCURRENT freed 1093K, 16% free 12520K/14855K, paused 2ms+6ms
07-07 21:11:03.810  5747  5748 D dalvikvm: GC_CONCURRENT freed 1107K, 16% free 12578K/14855K, paused 2ms+6ms
07-07 21:11:03.928  5747  5748 D dalvikvm: GC_CONCURRENT freed 1098K, 15% free 12664K/14855K, paused 2ms+7ms
07-07 21:11:04.045  5747  5748 D dalvikvm: GC_CONCURRENT freed 1187K, 15% free 12691K/14855K, paused 2ms+7ms
07-07 21:11:04.158  5747  5748 D dalvikvm: GC_CONCURRENT freed 1141K, 15% free 12772K/14855K, paused 2ms+6ms
07-07 21:11:04.279  5747  5748 D dalvikvm: GC_CONCURRENT freed 1222K, 14% free 12799K/14855K, paused 2ms+5ms
07-07 21:11:04.396  5747  5748 D dalvikvm: GC_CONCURRENT freed 1205K, 14% free 12853K/14855K, paused 2ms+6ms
07-07 21:11:04.521  5747  5748 D dalvikvm: GC_CONCURRENT freed 1214K, 14% free 12916K/14855K, paused 2ms+5ms
07-07 21:11:04.584  5747  5824 I BrowserRepoSession: END: creating record -> GUID map.
07-07 21:11:04.592  5747  5824 D ABHistoryRepoSess: Adding visits for GUID -VjmIKoE72UO
07-07 21:11:04.646  5747  5748 D dalvikvm: GC_CONCURRENT freed 1204K, 13% free 12948K/14855K, paused 2ms+6ms
07-07 21:11:04.725  5747  5823 D dalvikvm: GC_FOR_ALLOC freed 1044K, 13% free 12952K/14855K, paused 30ms
07-07 21:11:04.795  5747  5823 D dalvikvm: GC_FOR_ALLOC freed 1053K, 13% free 12958K/14855K, paused 29ms
07-07 21:11:04.861  5747  5823 D dalvikvm: GC_FOR_ALLOC freed 1048K, 13% free 12966K/14855K, paused 29ms
07-07 21:11:04.896  5747  5823 I RecordsChannel: onFetchCompleted. Stopping consumer once stores are done.
07-07 21:11:04.896  5747  5823 I RecordsChannel: Fetch timestamp is 1341709860910
07-07 21:11:04.896  5747  5791 I CRecordConsumer: Consumer is done. Processed 1 record.
07-07 21:11:04.924  5747  5824 D ABHistoryRepoSess: Adding visits for GUID --Q81ixRs9gY
07-07 21:11:05.314  5747  5789 D class ch.boye.httpclientandroidlib.impl.conn.tsccm.ThreadSafeClientConnManager: Closing expired connections
07-07 21:11:05.314  5747  5789 D class ch.boye.httpclientandroidlib.impl.conn.tsccm.ConnPoolByRoute: Closing expired connections
07-07 21:11:05.748  5747  5824 D ABHistoryRepoSess: Adding visits for GUID 4dfVRfAwxutS
07-07 21:11:05.783  5747  5824 D dalvikvm: GC_FOR_ALLOC freed 1156K, 14% free 12908K/14855K, paused 29ms
07-07 21:11:06.135  5747  5824 D ABHistoryRepoSess: Adding visits for GUID AkJe0axHsdgN
07-07 21:11:06.408  5747  5824 D ABHistoryRepoSess: Adding visits for GUID -c8v5b4sbvYV
07-07 21:11:06.744  5747  5824 D ABHistoryRepoSess: Adding visits for GUID 71v90MOQJ1iv
07-07 21:11:07.053  5747  5824 D ABHistoryRepoSess: Adding visits for GUID J5W318M0b7Be
07-07 21:11:07.455  5747  5824 D ABHistoryRepoSess: Adding visits for GUID NAZIbuEzxhkJ
07-07 21:11:08.986  5747  5748 D dalvikvm: GC_CONCURRENT freed 1125K, 13% free 12991K/14855K, paused 2ms+7ms
07-07 21:11:09.658   143   395 D dalvikvm: GC_EXPLICIT freed 273K, 14% free 15999K/18567K, paused 3ms+7ms
07-07 21:11:10.010  5105  5118 I PhoneLab-: Service Running
07-07 21:11:10.127  5105  5118 I PhoneLab-LoggerService: app_37    1296  1     1436   996   c00f181c 400107b4 S logcat
07-07 21:11:10.127  5105  5118 I PhoneLab-LoggerService: Logcat pid from database 1296
07-07 21:11:10.127  5105  5118 I PhoneLab-LoggerService: Logcat process found 1296
07-07 21:11:10.127  5105  5118 I PhoneLab-LoggerService: Checking Threshold
07-07 21:11:10.131  5105  5118 I PhoneLab-LoggerService: Starting to rename files
07-07 21:11:10.131  5105  5118 I PhoneLab-LoggerService: Files found .. 2
07-07 21:11:10.318  5747  5789 D class ch.boye.httpclientandroidlib.impl.conn.tsccm.ThreadSafeClientConnManager: Closing expired connections
07-07 21:11:10.318  5747  5789 D class ch.boye.httpclientandroidlib.impl.conn.tsccm.ConnPoolByRoute: Closing expired connections
07-07 21:11:10.826  5747  5824 D dalvikvm: GC_EXPLICIT freed 1038K, 13% free 12942K/14855K, paused 3ms+8ms
07-07 21:11:12.236  5747  5824 I RecordsChannel: onStoreCompleted. Notifying delegate of onFlowCompleted. Fetch end is 1341709860910, store end is 1341709872238
07-07 21:11:12.236  5747  5824 I SynchronizerSession: First RecordsChannel onFlowCompleted.
07-07 21:11:12.240  5747  5824 I SynchronizerSession: Fetch end is 1341709860910. Store end is 1341709872238. Starting next.
07-07 21:11:12.248  5747  5824 I BrowserRepoSession: Running fetchSince(1341698680706).
07-07 21:11:12.416  5747  5748 D dalvikvm: GC_CONCURRENT freed 1366K, 14% free 12883K/14855K, paused 3ms+7ms
07-07 21:11:12.428  5747  5823 I RecordsChannel: onFetchCompleted. Stopping consumer once stores are done.
07-07 21:11:12.428  5747  5823 I RecordsChannel: Fetch timestamp is 1341709872251
07-07 21:11:12.428  5747  5791 I CRecordConsumer: Consumer is done. Processed 0 records.
07-07 21:11:12.439  5747  5827 I RecordsChannel: onStoreCompleted. Notifying delegate of onFlowCompleted. Fetch end is 1341709872251, store end is 0
07-07 21:11:12.439  5747  5827 I SynchronizerSession: Second RecordsChannel onFlowCompleted.
07-07 21:11:12.439  5747  5827 I SynchronizerSession: Fetch end is 1341709872251. Store end is 0. Finishing.
07-07 21:11:12.439  5747  5827 I SynchronizerSession: onFinishSucceeded. Flows? true, true
07-07 21:11:12.439  5747  5827 I SynchronizerSession: onFinishSucceeded: bumping session A's timestamp to 1341709860910 or 0
07-07 21:11:12.443  5747  5827 D RepositorySessionBundle: Setting timestamp on RepositorySessionBundle to 1341709860910
07-07 21:11:12.443  5747  5827 I SynchronizerSession: Finishing session B.
07-07 21:11:12.443  5747  5823 I SynchronizerSession: onFinishSucceeded. Flows? true, true
07-07 21:11:12.443  5747  5823 I SynchronizerSession: onFinishSucceeded: bumping session B's timestamp to 1341709872251 or 1341709872238
07-07 21:11:12.443  5747  5823 D RepositorySessionBundle: Setting timestamp on RepositorySessionBundle to 1341709872251
07-07 21:11:12.443  5747  5823 I SynchronizerSession: Notifying delegate.onSynchronized.
07-07 21:11:12.443  5747  5823 D SyncDelSDelegate: Got onSynchronized.
07-07 21:11:12.443  5747  5823 D SyncDelSDelegate: Notifying SynchronizerDelegate.
07-07 21:11:12.447  5747  5827 I RepositorySession: Shutting down work queues.
07-07 21:11:12.447  5747  5827 I RepositorySession: Shutting down work queues.
07-07 21:11:12.459  5747  5823 I ServerSyncStage: Advancing session.
07-07 21:11:12.459  5747  5823 I SyncAdapter: Stage completed: syncHistory
07-07 21:11:12.459  5747  5823 I GlobalSession: Running next stage syncFormHistory (org.mozilla.gecko.sync.stage.FormHistoryServerSyncStage@4185b4c8)...
07-07 21:11:12.463  5747  5823 I SynchronizerSession: Starting A to B flow. Channel is org.mozilla.gecko.sync.synchronizer.RecordsChannel@4143f3f8
07-07 21:11:12.463  5747  5823 I RecordsChannel: Beginning source.
07-07 21:11:12.463  5747  5828 I RecordsChannel: Source session began. Beginning sink session.
07-07 21:11:12.463  5747  5829 I RecordsChannel: Sink session began. Beginning flow.
07-07 21:11:12.775  5747  5829 I RecordsChannel: onFetchCompleted. Stopping consumer once stores are done.
07-07 21:11:12.775  5747  5829 I RecordsChannel: Fetch timestamp is 1341709873130
07-07 21:11:12.779  5747  5791 I CRecordConsumer: Consumer is done. Processed 0 records.
07-07 21:11:12.799  5747  5830 I RecordsChannel: onStoreCompleted. Notifying delegate of onFlowCompleted. Fetch end is 1341709873130, store end is 1341709872799
07-07 21:11:12.799  5747  5830 I SynchronizerSession: First RecordsChannel onFlowCompleted.
07-07 21:11:12.799  5747  5830 I SynchronizerSession: Fetch end is 1341709873130. Store end is 1341709872799. Starting next.
07-07 21:11:12.807  5747  5830 I FormHistoryRepoSess: Running fetchSince(1341698681532).
07-07 21:11:12.830  5747  5829 I RecordsChannel: onFetchCompleted. Stopping consumer once stores are done.
07-07 21:11:12.830  5747  5829 I RecordsChannel: Fetch timestamp is 1341709872809
07-07 21:11:12.830  5747  5791 I CRecordConsumer: Consumer is done. Processed 0 records.
07-07 21:11:12.834  5747  5831 I RecordsChannel: onStoreCompleted. Notifying delegate of onFlowCompleted. Fetch end is 1341709872809, store end is 0
07-07 21:11:12.834  5747  5831 I SynchronizerSession: Second RecordsChannel onFlowCompleted.
07-07 21:11:12.834  5747  5831 I SynchronizerSession: Fetch end is 1341709872809. Store end is 0. Finishing.
07-07 21:11:12.834  5747  5831 I SynchronizerSession: onFinishSucceeded. Flows? true, true
07-07 21:11:12.834  5747  5831 I SynchronizerSession: onFinishSucceeded: bumping session A's timestamp to 1341709873130 or 0
07-07 21:11:12.834  5747  5831 D RepositorySessionBundle: Setting timestamp on RepositorySessionBundle to 1341709873130
07-07 21:11:12.834  5747  5831 I SynchronizerSession: Finishing session B.
07-07 21:11:12.834  5747  5829 I SynchronizerSession: onFinishSucceeded. Flows? true, true
07-07 21:11:12.834  5747  5829 I SynchronizerSession: onFinishSucceeded: bumping session B's timestamp to 1341709872809 or 1341709872799
07-07 21:11:12.834  5747  5829 D RepositorySessionBundle: Setting timestamp on RepositorySessionBundle to 1341709872809
07-07 21:11:12.834  5747  5829 I SynchronizerSession: Notifying delegate.onSynchronized.
07-07 21:11:12.834  5747  5829 D SyncDelSDelegate: Got onSynchronized.
07-07 21:11:12.834  5747  5829 D SyncDelSDelegate: Notifying SynchronizerDelegate.
07-07 21:11:12.838  5747  5831 I RepositorySession: Shutting down work queues.
07-07 21:11:12.838  5747  5831 I RepositorySession: Shutting down work queues.
07-07 21:11:12.850  5747  5829 I ServerSyncStage: Advancing session.
07-07 21:11:12.850  5747  5829 I SyncAdapter: Stage completed: syncFormHistory
07-07 21:11:12.850  5747  5829 I GlobalSession: Running next stage uploadMetaGlobal (org.mozilla.gecko.sync.stage.UploadMetaGlobalStage@4185b828)...
07-07 21:11:12.850  5747  5829 I GlobalSession: Not uploading updated meta/global record since there are no engines requesting upload.
07-07 21:11:12.850  5747  5829 I SyncAdapter: Stage completed: uploadMetaGlobal
07-07 21:11:12.850  5747  5829 I GlobalSession: Running next stage completed (org.mozilla.gecko.sync.stage.CompletedStage@4185bb10)...
07-07 21:11:12.850  5747  5829 I SyncAdapter: GlobalSession indicated success.
07-07 21:11:12.850  5747  5829 I SyncAdapter: Prefs target: sync.prefs.4z4c2c64wz4yf3ewnl5u6s4kngeylw6g
07-07 21:11:12.850  5747  5829 I SyncAdapter: Notifying sync monitor.
07-07 21:11:12.850  5747  5786 I SyncAdapter: Setting minimum next sync time to 1341710172854
07-07 21:11:12.928  5747  5789 D class ch.boye.httpclientandroidlib.impl.conn.tsccm.ThreadSafeClientConnManager: Closing expired connections
07-07 21:11:12.928  5747  5789 D class ch.boye.httpclientandroidlib.impl.conn.tsccm.ConnPoolByRoute: Closing expired connections
07-07 21:11:12.928  5747  5789 D class ch.boye.httpclientandroidlib.impl.conn.tsccm.ThreadSafeClientConnManager: Shutting down
07-07 21:11:12.928  5747  5789 D class ch.boye.httpclientandroidlib.impl.conn.DefaultClientConnection: Connection closed
07-07 21:11:14.225  4398  4398 D dalvikvm: GC_EXPLICIT freed 326K, 9% free 10073K/10951K, paused 2ms+3ms
07-07 21:11:21.846   344   344 D SAN_SERVICE: *******************************************
07-07 21:11:21.846   344   344 D SAN_SERVICE: DM App Phone Service State - 0
07-07 21:11:21.846   344   344 D SAN_SERVICE: *******************************************
07-07 21:11:22.303   344   344 D SAN_SERVICE: *******************************************
07-07 21:11:22.303   344   344 D SAN_SERVICE: DM App Phone Service State - 0
07-07 21:11:22.303   344   344 D SAN_SERVICE: *******************************************
07-07 21:11:47.412   344   344 D SAN_SERVICE: *******************************************
07-07 21:11:47.412   344   344 D SAN_SERVICE: DM App Phone Service State - 0
07-07 21:11:47.412   344   344 D SAN_SERVICE: *******************************************
07-07 21:11:47.682   344   344 D SAN_SERVICE: *******************************************
07-07 21:11:47.682   344   344 D SAN_SERVICE: DM App Phone Service State - 0
07-07 21:11:47.682   344   344 D SAN_SERVICE: *******************************************
07-07 21:11:50.268  5747  5835 I SyncAdapter: Not syncing: must wait another 262583ms.
07-07 21:12:13.029   221   223 D dalvikvm: GC_CONCURRENT freed 580K, 32% free 9677K/14215K, paused 1ms+10ms
07-07 21:12:13.064   143  1922 D dalvikvm: GC_EXPLICIT freed 197K, 14% free 16014K/18567K, paused 12ms+8ms
07-07 21:12:14.408  4625  4628 D dalvikvm: GC_CONCURRENT freed 511K, 6% free 10535K/11143K, paused 2ms+2ms
07-07 21:12:14.533  4398  4401 D dalvikvm: GC_CONCURRENT freed 451K, 8% free 10127K/10951K, paused 2ms+2ms
07-07 21:12:35.490   143   200 D DhcpInfoInternal: makeLinkProperties with empty dns2!
07-07 21:12:35.498   143   200 D DhcpInfoInternal: makeLinkProperties with empty dns2!
07-07 21:13:10.010  5105  5118 I PhoneLab-: Service Running
07-07 21:13:10.107  5105  5118 I PhoneLab-LoggerService: app_37    1296  1     1436   996   c00f181c 400107b4 S logcat
07-07 21:13:10.107  5105  5118 I PhoneLab-LoggerService: Logcat pid from database 1296
07-07 21:13:10.107  5105  5118 I PhoneLab-LoggerService: Logcat process found 1296
07-07 21:13:10.107  5105  5118 I PhoneLab-LoggerService: Checking Threshold
07-07 21:13:10.107  5105  5118 I PhoneLab-LoggerService: Starting to rename files
07-07 21:13:10.107  5105  5118 I PhoneLab-LoggerService: Files found .. 2
07-07 21:13:20.236   426   429 D dalvikvm: GC_CONCURRENT freed 367K, 7% free 9749K/10439K, paused 3ms+6ms
07-07 21:14:04.506  5394  5396 D dalvikvm: GC_CONCURRENT freed 505K, 12% free 11446K/12935K, paused 5ms+3ms
07-07 21:14:04.889  5394  5859 D dalvikvm: GC_FOR_ALLOC freed 17K, 12% free 11429K/12935K, paused 58ms
07-07 21:14:04.889  5394  5859 I dalvikvm-heap: Grow heap (frag case) to 11.624MB for 412354-byte allocation
07-07 21:14:04.924  5394  5859 D dalvikvm: GC_FOR_ALLOC freed 199K, 14% free 11632K/13383K, paused 30ms
07-07 21:14:05.287  5394  5396 D dalvikvm: GC_CONCURRENT freed 271K, 10% free 12108K/13383K, paused 2ms+2ms
07-07 21:14:14.568  4625  4628 D dalvikvm: GC_CONCURRENT freed 512K, 6% free 10534K/11143K, paused 2ms+3ms
07-07 21:14:14.697  4398  4401 D dalvikvm: GC_CONCURRENT freed 466K, 8% free 10173K/10951K, paused 2ms+3ms
07-07 21:14:14.846  4398  4401 D dalvikvm: GC_CONCURRENT freed 274K, 7% free 10284K/10951K, paused 2ms+2ms
07-07 21:15:00.350   143   200 D DhcpInfoInternal: makeLinkProperties with empty dns2!
07-07 21:15:00.350   143   200 D DhcpInfoInternal: makeLinkProperties with empty dns2!
07-07 21:15:10.010  5105  5118 I PhoneLab-: Service Running
07-07 21:15:10.115  5105  5118 I PhoneLab-LoggerService: app_37    1296  1     1436   996   c00f181c 400107b4 S logcat
07-07 21:15:10.115  5105  5118 I PhoneLab-LoggerService: Logcat pid from database 1296
07-07 21:15:10.119  5105  5118 I PhoneLab-LoggerService: Logcat process found 1296
07-07 21:15:10.119  5105  5118 I PhoneLab-LoggerService: Checking Threshold
07-07 21:15:10.119  5105  5118 I PhoneLab-LoggerService: Starting to rename files
07-07 21:15:10.119  5105  5118 I PhoneLab-LoggerService: Files found .. 2
07-07 21:15:14.721  4398  4401 D dalvikvm: GC_CONCURRENT freed 652K, 8% free 10140K/10951K, paused 2ms+3ms
07-07 21:16:14.713  4625  4628 D dalvikvm: GC_CONCURRENT freed 506K, 6% free 10540K/11143K, paused 6ms+2ms
07-07 21:16:14.838  4398  4401 D dalvikvm: GC_CONCURRENT freed 414K, 8% free 10127K/10951K, paused 1ms+2ms
07-07 21:16:49.709   143   175 I ActivityManager: Start proc com.google.android.apps.plus for service com.google.android.apps.plus/.service.EsService: pid=5891 uid=10060 gids={3003, 3002, 1015, 1006}
07-07 21:16:50.006  5891  5893 D dalvikvm: GC_CONCURRENT freed 172K, 3% free 9364K/9607K, paused 6ms+3ms
07-07 21:16:50.166  5891  5891 I ActivityThread: Pub com.google.android.apps.plus.content.ApiProvider: com.google.android.apps.plus.content.EsApiProvider
07-07 21:16:50.201  5891  5891 I ActivityThread: Pub com.google.android.apps.plus.content.EsGooglePhotoProvider: com.google.android.picasasync.PicasaContentProvider
07-07 21:16:50.318  5891  5893 D dalvikvm: GC_CONCURRENT freed 336K, 5% free 9581K/9991K, paused 1ms+5ms
07-07 21:16:50.353  5891  5891 I ActivityThread: Pub com.google.android.apps.plus.content.EsPicasaStoreProvider: com.google.android.picasastore.PicasaPhotoContentProvider
07-07 21:16:50.381  5891  5891 I ActivityThread: Pub com.google.plus.platform: com.google.android.apps.plus.content.AdsProvider
07-07 21:16:50.381  5891  5891 I ActivityThread: Pub com.google.android.apps.plus.iu.EsGoogleIuProvider: com.google.android.apps.plus.iu.InstantUploadProvider
07-07 21:16:50.475  5891  5893 D dalvikvm: GC_CONCURRENT freed 499K, 6% free 9609K/10183K, paused 5ms+2ms
07-07 21:16:50.482  5891  5891 I ActivityThread: Pub com.google.android.apps.plus.content.EsProvider: com.google.android.apps.plus.content.EsProvider
07-07 21:16:50.978  5891  5907 D PicasaPhotoCP: set fsid first time:-1
07-07 21:16:51.240  5891  5893 D dalvikvm: GC_CONCURRENT freed 224K, 5% free 9824K/10247K, paused 40ms+3ms
07-07 21:16:51.377  5891  5893 D dalvikvm: GC_CONCURRENT freed 121K, 3% free 10120K/10375K, paused 4ms+2ms
07-07 21:16:51.486  5891  5893 D dalvikvm: GC_CONCURRENT freed 259K, 4% free 10329K/10695K, paused 3ms+2ms
07-07 21:16:51.557  5891  5909 D dalvikvm: GC_FOR_ALLOC freed 132K, 4% free 10456K/10823K, paused 23ms
07-07 21:16:51.580  5891  5909 D dalvikvm: GC_FOR_ALLOC freed 126K, 5% free 10584K/11079K, paused 20ms
07-07 21:16:51.611  5891  5909 D dalvikvm: GC_FOR_ALLOC freed 311K, 6% free 10577K/11143K, paused 21ms
07-07 21:16:51.635  5891  5909 D dalvikvm: GC_FOR_ALLOC freed 62K, 5% free 10640K/11143K, paused 20ms
07-07 21:16:51.654  5891  5909 D dalvikvm: GC_FOR_ALLOC freed 126K, 4% free 10768K/11143K, paused 20ms
07-07 21:16:51.685  5891  5909 D dalvikvm: GC_FOR_ALLOC freed 369K, 6% free 10824K/11463K, paused 24ms
07-07 21:16:51.709  5891  5909 D dalvikvm: GC_FOR_ALLOC freed 126K, 5% free 10952K/11463K, paused 19ms
07-07 21:16:51.846  5891  5893 D dalvikvm: GC_CONCURRENT freed 338K, 5% free 11183K/11655K, paused 2ms+2ms
07-07 21:16:51.978  5891  5893 D dalvikvm: GC_CONCURRENT freed 125K, 3% free 11652K/11911K, paused 1ms+2ms
07-07 21:16:52.131  5891  5893 D dalvikvm: GC_CONCURRENT freed 341K, 4% free 12176K/12615K, paused 2ms+2ms
07-07 21:16:52.330  5891  5893 D dalvikvm: GC_CONCURRENT freed 422K, 5% free 12702K/13255K, paused 2ms+2ms
07-07 21:16:52.709  5891  5910 I SqliteDatabaseCpp: sqlite returned: error code = 1, msg = no such column: wipeout_stats, db=/data/data/com.google.android.apps.plus/databases/es0.db
07-07 21:16:52.713  5891  5910 W System.err: android.database.sqlite.SQLiteException: no such column: wipeout_stats: , while compiling: SELECT wipeout_stats  FROM account_status
07-07 21:16:52.725  5891  5910 W System.err: 	at android.database.sqlite.SQLiteCompiledSql.native_compile(Native Method)
07-07 21:16:52.725  5891  5910 W System.err: 	at android.database.sqlite.SQLiteCompiledSql.<init>(SQLiteCompiledSql.java:68)
07-07 21:16:52.725  5891  5910 W System.err: 	at android.database.sqlite.SQLiteProgram.compileSql(SQLiteProgram.java:143)
07-07 21:16:52.725  5891  5910 W System.err: 	at android.database.sqlite.SQLiteProgram.compileAndbindAllArgs(SQLiteProgram.java:361)
07-07 21:16:52.725  5891  5910 W System.err: 	at android.database.sqlite.SQLiteStatement.acquireAndLock(SQLiteStatement.java:260)
07-07 21:16:52.728  5891  5910 W System.err: 	at android.database.sqlite.SQLiteStatement.simpleQueryForLong(SQLiteStatement.java:137)
07-07 21:16:52.728  5891  5910 W System.err: 	at android.database.DatabaseUtils.longForQuery(DatabaseUtils.java:791)
07-07 21:16:52.728  5891  5910 W System.err: 	at android.database.DatabaseUtils.longForQuery(DatabaseUtils.java:779)
07-07 21:16:52.728  5891  5910 W System.err: 	at com.google.android.apps.plus.content.EsAccountsData.isContactsStatsWipeoutNeeded(EsAccountsData.java:641)
07-07 21:16:52.728  5891  5910 W System.err: 	at com.google.android.apps.plus.service.EsService.processIntent(EsService.java:4246)
07-07 21:16:52.728  5891  5910 W System.err: 	at com.google.android.apps.plus.service.ServiceThread$1.run(ServiceThread.java:50)
07-07 21:16:52.728  5891  5910 W System.err: 	at android.os.Handler.handleCallback(Handler.java:605)
07-07 21:16:52.728  5891  5910 W System.err: 	at android.os.Handler.dispatchMessage(Handler.java:92)
07-07 21:16:52.728  5891  5910 W System.err: 	at android.os.Looper.loop(Looper.java:137)
07-07 21:16:52.728  5891  5910 W System.err: 	at com.google.android.apps.plus.service.ServiceThread.run(ServiceThread.java:122)
07-07 21:16:53.600   143   155 I ActivityManager: Start proc com.google.android.gsf.login for service com.google.android.gsf.login/com.google.android.gsf.loginservice.GoogleLoginService: pid=5916 uid=10009 gids={3003, 1015, 1007, 2001, 3006}
07-07 21:16:53.643    79    79 D dalvikvm: GC_EXPLICIT freed 38K, 4% free 9031K/9347K, paused 4ms+9ms
07-07 21:16:53.689    79    79 D dalvikvm: GC_EXPLICIT freed <1K, 4% free 9031K/9347K, paused 4ms+3ms
07-07 21:16:53.721    79    79 D dalvikvm: GC_EXPLICIT freed <1K, 4% free 9031K/9347K, paused 2ms+3ms
07-07 21:16:53.904   143  1922 I ActivityManager: Process com.android.sprintmenu (pid 3730) has died.
07-07 21:16:53.904   143  1922 W ActivityManager: Scheduling restart of crashed service com.android.sprintmenu/.HiddenPhoneService in 5000ms
07-07 21:16:56.775  5891  5893 D dalvikvm: GC_CONCURRENT freed 1022K, 9% free 12812K/13959K, paused 6ms+8ms
07-07 21:16:58.955   143   160 I ActivityManager: Start proc com.android.sprintmenu for service com.android.sprintmenu/.HiddenPhoneService: pid=5933 uid=1001 gids={3002, 3001, 3003, 1015}
07-07 21:16:58.990   143   387 I ActivityManager: Process com.facebook.katana (pid 3111) has died.
07-07 21:16:58.990   143   387 W ActivityManager: Scheduling restart of crashed service com.facebook.katana/.service.MediaUploadService in 5000ms
07-07 21:17:00.623  5891  5913 E dalvikvm: Could not find class 'android.app.Notification$InboxStyle', referenced from method com.google.android.apps.plus.service.AndroidNotification.createDigestNotification
07-07 21:17:00.623  5891  5913 W dalvikvm: VFY: unable to resolve new-instance 41 (Landroid/app/Notification$InboxStyle;) in Lcom/google/android/apps/plus/service/AndroidNotification;
07-07 21:17:00.623  5891  5913 D dalvikvm: VFY: replacing opcode 0x22 at 0x0018
07-07 21:17:00.627  5891  5913 I dalvikvm: Could not find method android.app.Notification$Builder.setPriority, referenced from method com.google.android.apps.plus.service.AndroidNotification.createRichNotification
07-07 21:17:00.627  5891  5913 W dalvikvm: VFY: unable to resolve virtual method 162: Landroid/app/Notification$Builder;.setPriority (I)Landroid/app/Notification$Builder;
07-07 21:17:00.627  5891  5913 D dalvikvm: VFY: replacing opcode 0x6e at 0x00d5
07-07 21:17:00.654  5891  5913 D dalvikvm: DexOpt: unable to opt direct call 0x00a8 at 0x1a in Lcom/google/android/apps/plus/service/AndroidNotification;.createDigestNotification
07-07 21:17:00.654  5891  5913 D dalvikvm: DexOpt: unable to opt direct call 0x0091 at 0xf1 in Lcom/google/android/apps/plus/service/AndroidNotification;.createRichNotification
07-07 21:17:00.654  5891  5913 D dalvikvm: DexOpt: unable to opt direct call 0x0095 at 0x397 in Lcom/google/android/apps/plus/service/AndroidNotification;.createRichNotification
07-07 21:17:01.764  5891  5893 D dalvikvm: GC_CONCURRENT freed 1025K, 9% free 12948K/14087K, paused 3ms+2ms
07-07 21:17:04.057   143   160 I ActivityManager: Start proc com.facebook.katana for service com.facebook.katana/.service.MediaUploadService: pid=5949 uid=10071 gids={3003, 1006, 1015}
07-07 21:17:04.060  5949  5949 I dalvikvm: Turning on JNI app bug workarounds for target SDK version 7...
07-07 21:17:04.279  5949  5952 D dalvikvm: GC_CONCURRENT freed 150K, 3% free 9385K/9607K, paused 2ms+1ms
07-07 21:17:04.478  5949  5949 I ActivityThread: Pub com.facebook.katana.provider.LoggingProvider: com.facebook.katana.provider.LoggingProvider
07-07 21:17:04.510  5949  5949 I ActivityThread: Pub com.facebook.katana.provider.KeyValueProvider: com.facebook.katana.provider.KeyValueProvider
07-07 21:17:04.510  5949  5949 I ActivityThread: Pub com.facebook.katana.provider.CacheProvider: com.facebook.katana.provider.CacheProvider
07-07 21:17:04.514  5949  5949 I ActivityThread: Pub com.facebook.katana.provider.MailboxProvider: com.facebook.katana.provider.MailboxProvider
07-07 21:17:04.525  5949  5949 I ActivityThread: Pub com.facebook.katana.provider.UserStatusesProvider: com.facebook.katana.provider.UserStatusesProvider
07-07 21:17:04.525  5949  5949 I ActivityThread: Pub com.facebook.katana.provider.EventsProvider: com.facebook.katana.provider.EventsProvider
07-07 21:17:04.525  5949  5949 I ActivityThread: Pub com.facebook.katana.provider.NotificationsProvider: com.facebook.katana.provider.NotificationsProvider
07-07 21:17:04.525  5949  5949 I ActivityThread: Pub com.facebook.katana.provider.UserValuesProvider: com.facebook.katana.provider.UserValuesProvider
07-07 21:17:04.525  5949  5949 I ActivityThread: Pub com.facebook.katana.provider.PagesProvider: com.facebook.katana.provider.PagesProvider
07-07 21:17:04.525  5949  5949 I ActivityThread: Pub com.facebook.katana.provider.MobileEventLogProvider: com.facebook.katana.provider.MobileEventLogProvider
07-07 21:17:04.529  5949  5949 I ActivityThread: Pub com.facebook.katana.provider.PushNotificationsProvider: com.facebook.katana.provider.PushNotificationsProvider
07-07 21:17:04.529  5949  5949 I ActivityThread: Pub com.facebook.katana.provider.PhotosProvider: com.facebook.katana.provider.PhotosProvider
07-07 21:17:04.533  5949  5949 I ActivityThread: Pub com.facebook.katana.provider.ConnectionsProvider: com.facebook.katana.provider.ConnectionsProvider
07-07 21:17:04.615  5949  5952 D dalvikvm: GC_CONCURRENT freed 161K, 3% free 9724K/9991K, paused 2ms+3ms
07-07 21:17:04.631  5949  5949 I ActivityThread: Pub com.facebook.orca.notify.FbandroidMessagesForegroundProvider: com.facebook.orca.notify.FbandroidMessagesForegroundProvider
07-07 21:17:04.674  5949  5949 D ACRA    : Retrieve application default SharedPreferences.
07-07 21:17:04.674  5949  5949 D ACRA    : Set OnSharedPreferenceChangeListener.
07-07 21:17:04.689  5949  5949 D ACRA    : ACRA is enabled for com.facebook.katana, intializing...
07-07 21:17:04.748  5949  5949 D ACRA    : Looking for error files in /data/data/com.facebook.katana/app_acra-reports
07-07 21:17:04.904  5949  5949 W nalizableReferenceQueue: Could not load Finalizer in its own class loader.Loading Finalizer in the current class loader instead. As a result, you will not be ableto garbage collect this class loader. To support reclaiming this class loader, eitherresolve the underlying issue, or move Google Collections to your system class path.
07-07 21:17:04.904  5949  5949 W nalizableReferenceQueue: java.io.FileNotFoundException: com/google/common/base/internal/Finalizer.class
07-07 21:17:04.904  5949  5949 W nalizableReferenceQueue: 	at com.google.common.base.FinalizableReferenceQueue$DecoupledLoader.getBaseUrl(FinalizableReferenceQueue.java:243)
07-07 21:17:04.904  5949  5949 W nalizableReferenceQueue: 	at com.google.common.base.FinalizableReferenceQueue$DecoupledLoader.loadFinalizer(FinalizableReferenceQueue.java:227)
07-07 21:17:04.904  5949  5949 W nalizableReferenceQueue: 	at com.google.common.base.FinalizableReferenceQueue.loadFinalizer(FinalizableReferenceQueue.java:155)
07-07 21:17:04.904  5949  5949 W nalizableReferenceQueue: 	at com.google.common.base.FinalizableReferenceQueue.<clinit>(FinalizableReferenceQueue.java:84)
07-07 21:17:04.904  5949  5949 W nalizableReferenceQueue: 	at com.google.common.collect.CustomConcurrentHashMap$QueueHolder.<clinit>(CustomConcurrentHashMap.java:650)
07-07 21:17:04.904  5949  5949 W nalizableReferenceQueue: 	at com.google.common.collect.CustomConcurrentHashMap$WeakEntry.<init>(CustomConcurrentHashMap.java:1342)
07-07 21:17:04.904  5949  5949 W nalizableReferenceQueue: 	at com.google.common.collect.CustomConcurrentHashMap$EntryFactory$9.newEntry(CustomConcurrentHashMap.java:453)
07-07 21:17:04.904  5949  5949 W nalizableReferenceQueue: 	at com.google.common.collect.CustomConcurrentHashMap.a(CustomConcurrentHashMap.java:1715)
07-07 21:17:04.904  5949  5949 W nalizableReferenceQueue: 	at com.google.common.collect.ComputingConcurrentHashMap$ComputingSegment.a(ComputingConcurrentHashMap.java:123)
07-07 21:17:04.904  5949  5949 W nalizableReferenceQueue: 	at com.google.common.collect.ComputingConcurrentHashMap.apply(ComputingConcurrentHashMap.java:71)
07-07 21:17:04.904  5949  5949 W nalizableReferenceQueue: 	at com.google.common.collect.MapMaker$ComputingMapAdapter.get(MapMaker.java:848)
07-07 21:17:04.904  5949  5949 W nalizableReferenceQueue: 	at com.google.inject.internal.Annotations$AnnotationChecker.a(Annotations.java:94)
07-07 21:17:04.904  5949  5949 W nalizableReferenceQueue: 	at com.google.inject.internal.Annotations.c(Annotations.java:112)
07-07 21:17:04.904  5949  5949 W nalizableReferenceQueue: 	at com.google.inject.Key.d(Key.java:369)
07-07 21:17:04.904  5949  5949 W nalizableReferenceQueue: 	at com.google.inject.Key.b(Key.java:356)
07-07 21:17:04.904  5949  5949 W nalizableReferenceQueue: 	at com.google.inject.Key.a(Key.java:267)
07-07 21:17:04.904  5949  5949 W nalizableReferenceQueue: 	at com.facebook.orca.inject.binder.AnnotatedBindingBuilderImpl.a(AnnotatedBindingBuilderImpl.java:22)
07-07 21:17:04.904  5949  5949 W nalizableReferenceQueue: 	at com.facebook.orca.app.FbBaseModule.a(FbBaseModule.java:74)
07-07 21:17:04.904  5949  5949 W nalizableReferenceQueue: 	at com.facebook.orca.inject.AbstractModule.a(AbstractModule.java:19)
07-07 21:17:04.904  5949  5949 W nalizableReferenceQueue: 	at com.facebook.orca.inject.FbInjectorImpl.a(FbInjectorImpl.java:61)
07-07 21:17:04.904  5949  5949 W nalizableReferenceQueue: 	at com.facebook.orca.inject.FbInjectorImpl.<init>(FbInjectorImpl.java:41)
07-07 21:17:04.904  5949  5949 W nalizableReferenceQueue: 	at com.facebook.orca.inject.FbInjector.a(FbInjector.java:40)
07-07 21:17:04.904  5949  5949 W nalizableReferenceQueue: 	at com.facebook.katana.FacebookApplication.onCreate(FacebookApplication.java:86)
07-07 21:17:04.904  5949  5949 W nalizableReferenceQueue: 	at android.app.Instrumentation.callApplicationOnCreate(Instrumentation.java:969)
07-07 21:17:04.904  5949  5949 W nalizableReferenceQueue: 	at android.app.ActivityThread.handleBindApplication(ActivityThread.java:3954)
07-07 21:17:04.904  5949  5949 W nalizableReferenceQueue: 	at android.app.ActivityThread.access$1300(ActivityThread.java:123)
07-07 21:17:04.904  5949  5949 W nalizableReferenceQueue: 	at android.app.ActivityThread$H.handleMessage(ActivityThread.java:1185)
07-07 21:17:04.904  5949  5949 W nalizableReferenceQueue: 	at android.os.Handler.dispatchMessage(Handler.java:99)
07-07 21:17:04.904  5949  5949 W nalizableReferenceQueue: 	at android.os.Looper.loop(Looper.java:137)
07-07 21:17:04.904  5949  5949 W nalizableReferenceQueue: 	at android.app.ActivityThread.main(ActivityThread.java:4424)
07-07 21:17:04.904  5949  5949 W nalizableReferenceQueue: 	at java.lang.reflect.Method.invokeNative(Native Method)
07-07 21:17:04.904  5949  5949 W nalizableReferenceQueue: 	at java.lang.reflect.Method.invoke(Method.java:511)
07-07 21:17:04.904  5949  5949 W nalizableReferenceQueue: 	at com.android.internal.os.ZygoteInit$MethodAndArgsCaller.run(ZygoteInit.java:784)
07-07 21:17:04.904  5949  5949 W nalizableReferenceQueue: 	at com.android.internal.os.ZygoteInit.main(ZygoteInit.java:551)
07-07 21:17:04.904  5949  5949 W nalizableReferenceQueue: 	at dalvik.system.NativeStart.main(Native Method)
07-07 21:17:04.904  5949  5949 I Finalizer: Couldn't access Thread.inheritableThreadLocals. Reference finalizer threads will inherit thread local values.
07-07 21:17:04.971  5949  5952 D dalvikvm: GC_CONCURRENT freed 318K, 5% free 9832K/10247K, paused 2ms+2ms
07-07 21:17:05.170  5949  5952 D dalvikvm: GC_CONCURRENT freed 385K, 5% free 9982K/10439K, paused 4ms+3ms
07-07 21:17:05.689   143  1922 D dalvikvm: GC_EXPLICIT freed 869K, 14% free 16085K/18567K, paused 3ms+10ms
07-07 21:17:05.709  5949  5952 D dalvikvm: GC_CONCURRENT freed 317K, 4% free 10100K/10503K, paused 3ms+2ms
07-07 21:17:05.978  5949  5968 W Resources: Converting to string: TypedValue{t=0x10/d=0xffffffff a=-1}
07-07 21:17:06.076  5949  5952 D dalvikvm: GC_CONCURRENT freed 247K, 4% free 10290K/10631K, paused 11ms+4ms
07-07 21:17:06.463   143  2263 I ActivityManager: Process com.google.android.apps.maps (pid 1806) has died.
07-07 21:17:06.494  5949  5952 D dalvikvm: GC_CONCURRENT freed 398K, 5% free 10417K/10887K, paused 3ms+8ms
07-07 21:17:07.439  5891  5893 D dalvikvm: GC_CONCURRENT freed 1108K, 9% free 13057K/14279K, paused 5ms+3ms
07-07 21:17:07.494  5949  5952 D dalvikvm: GC_CONCURRENT freed 347K, 5% free 10490K/10951K, paused 2ms+4ms
07-07 21:17:07.697  5949  5952 D dalvikvm: GC_CONCURRENT freed 317K, 5% free 10572K/11015K, paused 7ms+3ms
07-07 21:17:08.060  5949  5952 D dalvikvm: GC_CONCURRENT freed 356K, 5% free 10685K/11143K, paused 2ms+3ms
07-07 21:17:08.721  5891  5893 D dalvikvm: GC_CONCURRENT freed 1179K, 10% free 13160K/14471K, paused 2ms+3ms
07-07 21:17:08.963  3753  3756 D dalvikvm: GC_CONCURRENT freed 225K, 5% free 9825K/10247K, paused 9ms+2ms
07-07 21:17:10.033  5105  5118 I PhoneLab-: Service Running
07-07 21:17:10.135  5105  5107 D dalvikvm: GC_CONCURRENT freed 392K, 6% free 9092K/9607K, paused 2ms+2ms
07-07 21:17:10.139  5105  5118 I PhoneLab-LoggerService: app_37    1296  1     1436   996   c00f181c 400107b4 S logcat
07-07 21:17:10.143  5105  5118 I PhoneLab-LoggerService: Logcat pid from database 1296
07-07 21:17:10.143  5105  5118 I PhoneLab-LoggerService: Logcat process found 1296
07-07 21:17:10.143  5105  5118 I PhoneLab-LoggerService: Checking Threshold
07-07 21:17:10.143  5105  5118 I PhoneLab-LoggerService: Starting to rename files
07-07 21:17:10.146  5105  5118 I PhoneLab-LoggerService: Files found .. 2
07-07 21:17:12.674  5891  5893 D dalvikvm: GC_CONCURRENT freed 1054K, 9% free 13412K/14599K, paused 3ms+4ms
07-07 21:17:12.959  5891  5913 D dalvikvm: GC_FOR_ALLOC freed 429K, 10% free 13591K/14983K, paused 43ms
07-07 21:17:12.959  5891  5913 I dalvikvm-heap: Grow heap (frag case) to 13.674MB for 348870-byte allocation
07-07 21:17:13.002  5891  5913 D dalvikvm: GC_FOR_ALLOC freed 5K, 10% free 13926K/15367K, paused 39ms
07-07 21:17:13.697  5891  5893 D dalvikvm: GC_CONCURRENT freed 1207K, 9% free 14314K/15623K, paused 3ms+3ms
07-07 21:17:14.705   305   309 D dalvikvm: GC_CONCURRENT freed 392K, 5% free 10366K/10887K, paused 10ms+18ms
07-07 21:17:15.830  5891  5893 D dalvikvm: GC_CONCURRENT freed 1560K, 11% free 14443K/16135K, paused 3ms+3ms
07-07 21:17:17.299  5949  5952 D dalvikvm: GC_CONCURRENT freed 467K, 6% free 10669K/11271K, paused 4ms+6ms
07-07 21:17:18.572   426   429 D dalvikvm: GC_CONCURRENT freed 371K, 7% free 9764K/10439K, paused 2ms+3ms
07-07 21:17:19.736  5891  5913 I SqliteDatabaseCpp: sqlite returned: error code = 1, msg = no such column: last_stats_sync_time, db=/data/data/com.google.android.apps.plus/databases/es0.db
07-07 21:17:19.752  5891  5913 E EsSyncAdapterService: Sync failure
07-07 21:17:19.752  5891  5913 E EsSyncAdapterService: android.database.sqlite.SQLiteException: no such column: last_stats_sync_time: , while compiling: SELECT last_stats_sync_time  FROM account_status
07-07 21:17:19.752  5891  5913 E EsSyncAdapterService: 	at android.database.sqlite.SQLiteCompiledSql.native_compile(Native Method)
07-07 21:17:19.752  5891  5913 E EsSyncAdapterService: 	at android.database.sqlite.SQLiteCompiledSql.<init>(SQLiteCompiledSql.java:68)
07-07 21:17:19.752  5891  5913 E EsSyncAdapterService: 	at android.database.sqlite.SQLiteProgram.compileSql(SQLiteProgram.java:143)
07-07 21:17:19.752  5891  5913 E EsSyncAdapterService: 	at android.database.sqlite.SQLiteProgram.compileAndbindAllArgs(SQLiteProgram.java:361)
07-07 21:17:19.752  5891  5913 E EsSyncAdapterService: 	at android.database.sqlite.SQLiteStatement.acquireAndLock(SQLiteStatement.java:260)
07-07 21:17:19.752  5891  5913 E EsSyncAdapterService: 	at android.database.sqlite.SQLiteStatement.simpleQueryForLong(SQLiteStatement.java:137)
07-07 21:17:19.752  5891  5913 E EsSyncAdapterService: 	at android.database.DatabaseUtils.longForQuery(DatabaseUtils.java:791)
07-07 21:17:19.752  5891  5913 E EsSyncAdapterService: 	at android.database.DatabaseUtils.longForQuery(DatabaseUtils.java:779)
07-07 21:17:19.752  5891  5913 E EsSyncAdapterService: 	at com.google.android.apps.plus.content.EsAccountsData.queryLastStatsSyncTimestamp(EsAccountsData.java:570)
07-07 21:17:19.752  5891  5913 E EsSyncAdapterService: 	at com.google.android.apps.plus.service.EsSyncAdapterService.syncContactsStatsIfNecessary(EsSyncAdapterService.java:670)
07-07 21:17:19.752  5891  5913 E EsSyncAdapterService: 	at com.google.android.apps.plus.service.EsSyncAdapterService.doFullSync(EsSyncAdapterService.java:633)
07-07 21:17:19.752  5891  5913 E EsSyncAdapterService: 	at com.google.android.apps.plus.service.EsSyncAdapterService.doSync(EsSyncAdapterService.java:566)
07-07 21:17:19.752  5891  5913 E EsSyncAdapterService: 	at com.google.android.apps.plus.service.EsSyncAdapterService.access$100(EsSyncAdapterService.java:52)
07-07 21:17:19.752  5891  5913 E EsSyncAdapterService: 	at com.google.android.apps.plus.service.EsSyncAdapterService$SyncAdapterImpl.onPerformSync(EsSyncAdapterService.java:408)
07-07 21:17:19.752  5891  5913 E EsSyncAdapterService: 	at android.content.AbstractThreadedSyncAdapter$SyncThread.run(AbstractThreadedSyncAdapter.java:247)
07-07 21:17:19.771   143   169 D SyncManager: failed sync operation lokeshmandvekar@gmail.com (com.google), com.google.android.apps.plus.content.EsProvider, SERVER, earliestRunTime 10803070, SyncResult: stats [ numParseExceptions: 1]
07-07 21:17:19.779   143   169 D SyncManager: not retrying sync operation because the error is a hard error: lokeshmandvekar@gmail.com (com.google), com.google.android.apps.plus.content.EsProvider, SERVER, earliestRunTime 10830139
07-07 21:17:19.803   426   437 D dalvikvm: GC_EXPLICIT freed 167K, 8% free 9698K/10439K, paused 3ms+3ms
07-07 21:17:20.127  5428  5431 D dalvikvm: GC_CONCURRENT freed 279K, 5% free 9996K/10503K, paused 2ms+3ms
07-07 21:17:24.693  5891  5893 D dalvikvm: GC_CONCURRENT freed 2893K, 19% free 13252K/16263K, paused 27ms+3ms
07-07 21:17:25.014   143   200 D DhcpInfoInternal: makeLinkProperties with empty dns2!
07-07 21:17:25.014   143   200 D DhcpInfoInternal: makeLinkProperties with empty dns2!
07-07 21:17:25.045  5891  5986 D dalvikvm: GC_EXPLICIT freed 707K, 19% free 13212K/16263K, paused 2ms+4ms
07-07 21:17:25.350   143  2263 D dalvikvm: GC_EXPLICIT freed 441K, 14% free 16045K/18567K, paused 3ms+7ms
07-07 21:17:25.752   426   429 D dalvikvm: GC_CONCURRENT freed 314K, 7% free 9768K/10439K, paused 2ms+3ms
07-07 21:17:26.596  5428  5431 D dalvikvm: GC_CONCURRENT freed 422K, 6% free 10010K/10567K, paused 2ms+2ms
07-07 21:17:27.904   426   429 D dalvikvm: GC_CONCURRENT freed 385K, 7% free 9768K/10439K, paused 2ms+3ms
07-07 21:17:53.799  5428  5431 D dalvikvm: GC_CONCURRENT freed 427K, 6% free 10013K/10567K, paused 1ms+2ms
07-07 21:18:14.842  4625  4628 D dalvikvm: GC_CONCURRENT freed 513K, 6% free 10538K/11143K, paused 8ms+3ms
07-07 21:18:14.982  4398  4401 D dalvikvm: GC_CONCURRENT freed 481K, 8% free 10154K/10951K, paused 2ms+3ms
07-07 21:19:07.728  5394  5396 D dalvikvm: GC_CONCURRENT freed 1708K, 16% free 11310K/13383K, paused 9ms+4ms
07-07 21:19:10.010  5105  5118 I PhoneLab-: Service Running
07-07 21:19:10.088  5105  5118 I PhoneLab-LoggerService: app_37    1296  1     1436   996   c00f181c 400107b4 S logcat
07-07 21:19:10.092  5105  5118 I PhoneLab-LoggerService: Logcat pid from database 1296
07-07 21:19:10.092  5105  5118 I PhoneLab-LoggerService: Logcat process found 1296
07-07 21:19:10.092  5105  5118 I PhoneLab-LoggerService: Checking Threshold
07-07 21:19:10.092  5105  5118 I PhoneLab-LoggerService: Starting to rename files
07-07 21:19:10.092  5105  5118 I PhoneLab-LoggerService: Files found .. 2
07-07 21:19:14.959  4625  4628 D dalvikvm: GC_CONCURRENT freed 488K, 6% free 10562K/11143K, paused 2ms+2ms
07-07 21:19:49.912   143   200 D DhcpInfoInternal: makeLinkProperties with empty dns2!
07-07 21:19:49.924   143   200 D DhcpInfoInternal: makeLinkProperties with empty dns2!
07-07 21:20:12.467  3848  3865 D ActivityThread: Loading provider com.spotify.mobile.android: com.spotify.mobile.android.provider.SpotifyProvider
07-07 21:20:12.740   221   223 D dalvikvm: GC_CONCURRENT freed 168K, 31% free 9909K/14215K, paused 2ms+5ms
07-07 21:20:12.834   221   223 D dalvikvm: GC_CONCURRENT freed 548K, 31% free 9842K/14215K, paused 3ms+3ms
07-07 21:20:13.135   221   221 D dalvikvm: GC_FOR_ALLOC freed 498K, 32% free 9719K/14215K, paused 18ms
07-07 21:20:13.189   221   223 D dalvikvm: GC_CONCURRENT freed 334K, 31% free 9868K/14215K, paused 1ms+2ms
07-07 21:20:13.279   221   223 D dalvikvm: GC_CONCURRENT freed 476K, 31% free 9893K/14215K, paused 3ms+3ms
07-07 21:20:15.107   143  1922 D dalvikvm: GC_EXPLICIT freed 615K, 14% free 16058K/18567K, paused 3ms+7ms
07-07 21:20:15.193  4398  4401 D dalvikvm: GC_CONCURRENT freed 524K, 8% free 10150K/10951K, paused 2ms+7ms
07-07 21:21:10.014  5105  5118 I PhoneLab-: Service Running
07-07 21:21:10.080  5105  5118 I PhoneLab-LoggerService: app_37    1296  1     1436   996   c00f181c 400107b4 S logcat
07-07 21:21:10.080  5105  5118 I PhoneLab-LoggerService: Logcat pid from database 1296
07-07 21:21:10.080  5105  5118 I PhoneLab-LoggerService: Logcat process found 1296
07-07 21:21:10.080  5105  5118 I PhoneLab-LoggerService: Checking Threshold
07-07 21:21:10.080  5105  5118 I PhoneLab-LoggerService: Starting to rename files
07-07 21:21:10.080  5105  5118 I PhoneLab-LoggerService: Files found .. 2
07-07 21:21:15.088  4625  4628 D dalvikvm: GC_CONCURRENT freed 572K, 6% free 10553K/11207K, paused 2ms+7ms
07-07 21:21:15.857   143   159 V BackupManagerService: Running a backup pass
07-07 21:21:15.861   143   215 V BackupManagerService: clearing pending backups
07-07 21:21:15.885   143   215 V PerformBackupTask: Beginning backup of 1 targets
07-07 21:21:15.994   143   215 D PerformBackupTask: processOneBackup doBackup() on @pm@
07-07 21:21:15.998   143   215 V BackupServiceBinder: doBackup() invoked
07-07 21:21:16.010   143   215 I PerformBackupTask: no backup data written; not calling transport
07-07 21:21:16.014   143   215 D PerformBackupTask: starting agent for backup of BackupRequest{pkg=com.android.providers.settings}
07-07 21:21:16.014   143   159 V ActivityThread: handleCreateBackupAgent: CreateBackupAgentData{appInfo=ApplicationInfo{41367d38 com.android.providers.settings} backupAgent=com.android.providers.settings.SettingsBackupAgent mode=0}
07-07 21:21:16.014   143   159 V ActivityThread: Initializing agent class com.android.providers.settings.SettingsBackupAgent
07-07 21:21:16.014   143   215 D BackupManagerService: awaiting agent for ApplicationInfo{41367d38 com.android.providers.settings}
07-07 21:21:16.025   143   159 D SettingsBackupAgent: onCreate() invoked
07-07 21:21:16.025   143   215 V BackupServiceBinder: doBackup() invoked
07-07 21:21:16.025   143   159 D BackupManagerService: agentConnected pkg=com.android.providers.settings agent=android.app.backup.BackupAgent$BackupServiceBinder@417efe28
07-07 21:21:16.025   143   215 D PerformBackupTask: processOneBackup doBackup() on com.android.providers.settings
07-07 21:21:16.068   143   159 V ActivityThread: handleDestroyBackupAgent: CreateBackupAgentData{appInfo=ApplicationInfo{41367d38 com.android.providers.settings} backupAgent=com.android.providers.settings.SettingsBackupAgent mode=0}
07-07 21:21:16.068   143   215 I PerformBackupTask: no backup data written; not calling transport
07-07 21:21:16.072   143   215 I PerformBackupTask: Backup pass finished.
07-07 21:22:15.162   305   774 D dalvikvm: GC_EXPLICIT freed 344K, 5% free 10346K/10887K, paused 2ms+4ms
07-07 21:22:15.264  4398  4401 D dalvikvm: GC_CONCURRENT freed 493K, 8% free 10167K/10951K, paused 2ms+3ms
07-07 21:22:18.705   143   200 D DhcpInfoInternal: makeLinkProperties with empty dns2!
07-07 21:22:18.709   143   200 D DhcpInfoInternal: makeLinkProperties with empty dns2!
07-07 21:23:10.010  5105  5118 I PhoneLab-: Service Running
07-07 21:23:10.111  5105  5118 I PhoneLab-LoggerService: app_37    1296  1     1436   996   c00f181c 400107b4 S logcat
07-07 21:23:10.115  5105  5118 I PhoneLab-LoggerService: Logcat pid from database 1296
07-07 21:23:10.115  5105  5118 I PhoneLab-LoggerService: Logcat process found 1296
07-07 21:23:10.115  5105  5118 I PhoneLab-LoggerService: Checking Threshold
07-07 21:23:10.115  5105  5118 I PhoneLab-LoggerService: Starting to rename files
07-07 21:23:10.115  5105  5118 I PhoneLab-LoggerService: Files found .. 2
07-07 21:23:15.189  4625  4628 D dalvikvm: GC_CONCURRENT freed 513K, 6% free 10551K/11207K, paused 1ms+3ms
07-07 21:24:11.639  5394  5396 D dalvikvm: GC_CONCURRENT freed 621K, 16% free 11339K/13383K, paused 2ms+3ms
07-07 21:24:15.389  4398  4401 D dalvikvm: GC_CONCURRENT freed 540K, 8% free 10169K/10951K, paused 1ms+2ms
07-07 21:24:43.568   143   200 D DhcpInfoInternal: makeLinkProperties with empty dns2!
07-07 21:24:43.580   143   200 D DhcpInfoInternal: makeLinkProperties with empty dns2!
07-07 21:25:10.010  5105  5118 I PhoneLab-: Service Running
07-07 21:25:10.103  5105  5118 I PhoneLab-LoggerService: app_37    1296  1     1436   996   c00f181c 400107b4 S logcat
07-07 21:25:10.103  5105  5118 I PhoneLab-LoggerService: Logcat pid from database 1296
07-07 21:25:10.103  5105  5118 I PhoneLab-LoggerService: Logcat process found 1296
07-07 21:25:10.103  5105  5118 I PhoneLab-LoggerService: Checking Threshold
07-07 21:25:10.103  5105  5118 I PhoneLab-LoggerService: Starting to rename files
07-07 21:25:10.103  5105  5118 I PhoneLab-LoggerService: Files found .. 2
07-07 21:25:15.381  4625  4628 D dalvikvm: GC_CONCURRENT freed 511K, 6% free 10551K/11207K, paused 2ms+3ms
07-07 21:26:15.557  4398  4401 D dalvikvm: GC_CONCURRENT freed 542K, 8% free 10131K/10951K, paused 2ms+3ms
07-07 21:27:08.467   143   200 D DhcpInfoInternal: makeLinkProperties with empty dns2!
07-07 21:27:08.475   143   200 D DhcpInfoInternal: makeLinkProperties with empty dns2!
07-07 21:27:10.010  5105  5118 I PhoneLab-: Service Running
07-07 21:27:10.111  5105  5118 I PhoneLab-LoggerService: app_37    1296  1     1436   996   c00f181c 400107b4 S logcat
07-07 21:27:10.111  5105  5118 I PhoneLab-LoggerService: Logcat pid from database 1296
07-07 21:27:10.111  5105  5118 I PhoneLab-LoggerService: Logcat process found 1296
07-07 21:27:10.111  5105  5118 I PhoneLab-LoggerService: Checking Threshold
07-07 21:27:10.111  5105  5118 I PhoneLab-LoggerService: Starting to rename files
07-07 21:27:10.111  5105  5118 I PhoneLab-LoggerService: Files found .. 2
07-07 21:27:15.518  4625  4628 D dalvikvm: GC_CONCURRENT freed 506K, 6% free 10557K/11207K, paused 1ms+2ms
07-07 21:27:15.646  4398  4401 D dalvikvm: GC_CONCURRENT freed 416K, 8% free 10125K/10951K, paused 2ms+3ms
07-07 21:27:29.873   344   344 D SAN_SERVICE: *******************************************
07-07 21:27:29.873   344   344 D SAN_SERVICE: DM App Phone Service State - 0
07-07 21:27:29.873   344   344 D SAN_SERVICE: *******************************************
07-07 21:27:29.935   344   350 D dalvikvm: GC_CONCURRENT freed 415K, 6% free 9506K/10055K, paused 6ms+3ms
07-07 21:27:30.975   143   181 I ActivityManager: START {act=android.intent.action.MAIN cat=[android.intent.category.HOME] flg=0x10200000 cmp=com.android.launcher/com.android.launcher2.Launcher} from pid 143
07-07 21:27:31.010  5747  5747 I GeckoApp: application paused
07-07 21:27:31.139   143   181 I ActivityManager: START {act=android.intent.action.MAIN cat=[android.intent.category.HOME] flg=0x10200000 cmp=com.android.launcher/com.android.launcher2.Launcher} from pid 143
07-07 21:27:31.162   143   145 D dalvikvm: GC_CONCURRENT freed 1454K, 13% free 16277K/18567K, paused 16ms+20ms
07-07 21:27:31.549   143   159 I Process : Sending signal. PID: 371 SIG: 3
07-07 21:27:31.549   371   374 I dalvikvm: threadid=3: reacting to signal 3
07-07 21:27:31.596   371   374 I dalvikvm: Wrote stack traces to '/data/anr/traces.txt'
07-07 21:27:31.623   371   372 D dalvikvm: GC_CONCURRENT freed 2283K, 24% free 11893K/15559K, paused 2ms+7ms
07-07 21:27:31.791  5747  5747 D OpenGLRenderer: Flushing caches (mode 0)
07-07 21:27:31.803   143   395 W InputManagerService: Starting input on non-focused client com.android.internal.view.IInputMethodClient$Stub$Proxy@41888ee0 (uid=10061 pid=5747)
07-07 21:27:31.869   325   327 D dalvikvm: GC_CONCURRENT freed 392K, 18% free 10021K/12103K, paused 6ms+2ms
07-07 21:27:32.853   371   379 I dalvikvm: Jit: resizing JitTable from 4096 to 8192
07-07 21:27:32.975  5747  5747 I GeckoApp: stop
07-07 21:27:32.994  5747  5747 D OpenGLRenderer: Flushing caches (mode 1)
07-07 21:27:33.560   143   173 I power   : *** set_screen_state 0
07-07 21:27:33.635    78   121 D SurfaceFlinger: About to give-up screen, flinger = 0x1ddb918
07-07 21:27:33.799   143   177 D dalvikvm: GC_FOR_ALLOC freed 319K, 12% free 16406K/18567K, paused 72ms
07-07 21:27:33.893   143   177 D dalvikvm: GC_FOR_ALLOC freed 24K, 12% free 16496K/18567K, paused 64ms
07-07 21:27:33.893   143   177 I dalvikvm-heap: Grow heap (frag case) to 16.284MB for 104992-byte allocation
07-07 21:27:33.959   143   143 D dalvikvm: GC_FOR_ALLOC freed <1K, 12% free 16598K/18695K, paused 53ms
07-07 21:27:34.025   143   177 D dalvikvm: GC_FOR_ALLOC freed 3K, 12% free 16600K/18695K, paused 53ms
07-07 21:27:34.025   143   177 I dalvikvm-heap: Grow heap (frag case) to 16.385MB for 104992-byte allocation
07-07 21:27:34.088   143   311 D dalvikvm: GC_FOR_ALLOC freed <1K, 12% free 16702K/18823K, paused 51ms
07-07 21:27:34.154   143   177 D dalvikvm: GC_FOR_ALLOC freed 7K, 12% free 16702K/18823K, paused 51ms
07-07 21:27:34.154   143   177 I dalvikvm-heap: Grow heap (frag case) to 16.486MB for 104992-byte allocation
07-07 21:27:34.217   143   311 D dalvikvm: GC_FOR_ALLOC freed <1K, 12% free 16804K/18951K, paused 51ms
07-07 21:27:34.225   143   177 V TransportControlView: Create TCV com.android.internal.widget.TransportControlView@416ba638
07-07 21:27:34.256   221   221 D PhoneStatusBar: disable: < expand icons alerts ticker system_info back home RECENT* clock >
07-07 21:27:34.330   221   221 D PhoneStatusBar: disable: < expand icons alerts ticker system_info BACK* HOME* RECENT CLOCK* >
07-07 21:27:35.533   344   344 D SAN_SERVICE: *******************************************
07-07 21:27:35.533   344   344 D SAN_SERVICE: DM App Phone Service State - 0
07-07 21:27:35.533   344   344 D SAN_SERVICE: *******************************************
07-07 21:27:35.631   344   344 D SAN_SERVICE: *******************************************
07-07 21:27:35.631   344   344 D SAN_SERVICE: DM App Phone Service State - 0
07-07 21:27:35.631   344   344 D SAN_SERVICE: *******************************************
07-07 21:27:35.842   344   344 D SAN_SERVICE: *******************************************
07-07 21:27:35.842   344   344 D SAN_SERVICE: DM App Phone Service State - 0
07-07 21:27:35.842   344   344 D SAN_SERVICE: *******************************************
07-07 21:28:10.471   344   344 D SAN_SERVICE: *******************************************
07-07 21:28:10.471   344   344 D SAN_SERVICE: DM App Phone Service State - 0
07-07 21:28:10.471   344   344 D SAN_SERVICE: *******************************************
07-07 21:28:10.721   344   344 D SAN_SERVICE: *******************************************
07-07 21:28:10.721   344   344 D SAN_SERVICE: DM App Phone Service State - 0
07-07 21:28:10.721   344   344 D SAN_SERVICE: *******************************************
07-07 21:28:15.533  5747  5747 D OpenGLRenderer: Flushing caches (mode 2)
07-07 21:28:15.533  5747  5747 D OpenGLRenderer: Flushing caches (mode 0)
07-07 21:28:15.537  5747  5747 W ManagedEGLContext: doTerminate failed: EGL count is 2 but managed count is 1
07-07 21:28:31.193   344   344 D SAN_SERVICE: *******************************************
07-07 21:28:31.193   344   344 D SAN_SERVICE: DM App Phone Service State - 0
07-07 21:28:31.193   344   344 D SAN_SERVICE: *******************************************
07-07 21:28:31.435   344   344 D SAN_SERVICE: *******************************************
07-07 21:28:31.435   344   344 D SAN_SERVICE: DM App Phone Service State - 0
07-07 21:28:31.435   344   344 D SAN_SERVICE: *******************************************
07-07 21:28:46.322   344   344 D SAN_SERVICE: *******************************************
07-07 21:28:46.322   344   344 D SAN_SERVICE: DM App Phone Service State - 0
07-07 21:28:46.322   344   344 D SAN_SERVICE: *******************************************
07-07 21:28:46.588   344   344 D SAN_SERVICE: *******************************************
07-07 21:28:46.588   344   344 D SAN_SERVICE: DM App Phone Service State - 0
07-07 21:28:46.588   344   344 D SAN_SERVICE: *******************************************
07-07 21:28:47.119   143   395 D dalvikvm: GC_EXPLICIT freed 209K, 11% free 16914K/18951K, paused 28ms+6ms
07-07 21:28:47.166   344   344 D SAN_SERVICE: *******************************************
07-07 21:28:47.166   344   344 D SAN_SERVICE: DM App Phone Service State - 0
07-07 21:28:47.166   344   344 D SAN_SERVICE: *******************************************
07-07 21:28:53.166   344   344 D SAN_SERVICE: *******************************************
07-07 21:28:53.166   344   344 D SAN_SERVICE: DM App Phone Service State - 0
07-07 21:28:53.166   344   344 D SAN_SERVICE: *******************************************
07-07 21:29:04.002   305   601 I EventLogService: Aggregate from 1341709143739 (log), 1341709143739 (data)
07-07 21:29:10.010  5105  5118 I PhoneLab-: Service Running
07-07 21:29:10.111  5105  5118 I PhoneLab-LoggerService: app_37    1296  1     1436   996   c00f181c 400107b4 S logcat
07-07 21:29:10.111  5105  5118 I PhoneLab-LoggerService: Logcat pid from database 1296
07-07 21:29:10.111  5105  5118 I PhoneLab-LoggerService: Logcat process found 1296
07-07 21:29:10.111  5105  5118 I PhoneLab-LoggerService: Checking Threshold
07-07 21:29:10.111  5105  5118 I PhoneLab-LoggerService: Starting to rename files
07-07 21:29:10.111  5105  5118 I PhoneLab-LoggerService: Files found .. 2
07-07 21:29:14.322  4625  4628 D dalvikvm: GC_CONCURRENT freed 397K, 6% free 10548K/11207K, paused 7ms+2ms
07-07 21:29:15.607  5747  5747 D OpenGLRenderer: Flushing caches (mode 2)
07-07 21:29:15.607  5747  5747 D OpenGLRenderer: Flushing caches (mode 0)
07-07 21:29:15.611  5747  5747 W ManagedEGLContext: doTerminate failed: EGL count is 2 but managed count is 1
07-07 21:29:15.689  4398  4401 D dalvikvm: GC_CONCURRENT freed 500K, 8% free 10136K/10951K, paused 2ms+3ms
07-07 21:29:17.127  5394  5396 D dalvikvm: GC_CONCURRENT freed 585K, 15% free 11402K/13383K, paused 26ms+3ms
07-07 21:29:33.350   143   200 D DhcpInfoInternal: makeLinkProperties with empty dns2!
07-07 21:29:33.350   143   200 D DhcpInfoInternal: makeLinkProperties with empty dns2!
07-07 21:30:15.725  5747  5747 D OpenGLRenderer: Flushing caches (mode 2)
07-07 21:30:15.725  5747  5747 D OpenGLRenderer: Flushing caches (mode 0)
07-07 21:30:15.725  5747  5747 W ManagedEGLContext: doTerminate failed: EGL count is 2 but managed count is 1
07-07 21:30:15.775  4625  4628 D dalvikvm: GC_CONCURRENT freed 496K, 6% free 10554K/11207K, paused 2ms+6ms
07-07 21:30:33.865   344   344 D SAN_SERVICE: *******************************************
07-07 21:30:33.865   344   344 D SAN_SERVICE: DM App Phone Service State - 0
07-07 21:30:33.865   344   344 D SAN_SERVICE: *******************************************
07-07 21:30:44.107   344   344 D SAN_SERVICE: *******************************************
07-07 21:30:44.107   344   344 D SAN_SERVICE: DM App Phone Service State - 0
07-07 21:30:44.107   344   344 D SAN_SERVICE: *******************************************
07-07 21:30:44.330   344   344 D SAN_SERVICE: *******************************************
07-07 21:30:44.330   344   344 D SAN_SERVICE: DM App Phone Service State - 0
07-07 21:30:44.330   344   344 D SAN_SERVICE: *******************************************
07-07 21:30:45.076   344   344 D SAN_SERVICE: *******************************************
07-07 21:30:45.076   344   344 D SAN_SERVICE: DM App Phone Service State - 0
07-07 21:30:45.076   344   344 D SAN_SERVICE: *******************************************
07-07 21:30:56.033   344   344 D SAN_SERVICE: *******************************************
07-07 21:30:56.033   344   344 D SAN_SERVICE: DM App Phone Service State - 0
07-07 21:30:56.033   344   344 D SAN_SERVICE: *******************************************
07-07 21:30:56.775   344   344 D SAN_SERVICE: *******************************************
07-07 21:30:56.775   344   344 D SAN_SERVICE: DM App Phone Service State - 0
07-07 21:30:56.775   344   344 D SAN_SERVICE: *******************************************
07-07 21:31:10.010  5105  5118 I PhoneLab-: Service Running
07-07 21:31:10.084  5105  5118 I PhoneLab-LoggerService: app_37    1296  1     1436   996   c00f181c 400107b4 S logcat
07-07 21:31:10.084  5105  5118 I PhoneLab-LoggerService: Logcat pid from database 1296
07-07 21:31:10.084  5105  5118 I PhoneLab-LoggerService: Logcat process found 1296
07-07 21:31:10.088  5105  5118 I PhoneLab-LoggerService: Checking Threshold
07-07 21:31:10.088  5105  5118 I PhoneLab-LoggerService: Starting to rename files
07-07 21:31:10.088  5105  5118 I PhoneLab-LoggerService: Files found .. 2
07-07 21:31:12.666   143   177 I power   : *** set_screen_state 1
07-07 21:31:12.744   143   177 I WindowManager: Lock screen displayed!
07-07 21:31:12.861    78   121 D SurfaceFlinger: Screen about to return, flinger = 0x1ddb918
07-07 21:31:14.393   221   221 D PhoneStatusBar: disable: < expand icons alerts ticker system_info BACK HOME recent* CLOCK >
07-07 21:31:14.416   143  1922 W InputManagerService: Window already focused, ignoring focus gain of: com.android.internal.view.IInputMethodClient$Stub$Proxy@417f73a0
07-07 21:31:14.428   221   221 D PhoneStatusBar: disable: < expand icons alerts ticker system_info back* home* recent clock* >
07-07 21:31:14.713   344   344 D SAN_SERVICE: *******************************************
07-07 21:31:14.713   344   344 D SAN_SERVICE: DM App Phone Service State - 0
07-07 21:31:14.713   344   344 D SAN_SERVICE: *******************************************
07-07 21:31:14.810   426   429 D dalvikvm: GC_CONCURRENT freed 395K, 7% free 9760K/10439K, paused 3ms+4ms
07-07 21:31:14.990  5747  5747 D OpenGLRenderer: Flushing caches (mode 2)
07-07 21:31:14.990  5747  5747 D OpenGLRenderer: Flushing caches (mode 0)
07-07 21:31:14.994  5747  5747 W ManagedEGLContext: doTerminate failed: EGL count is 2 but managed count is 1
07-07 21:31:15.060   426  2054 D dalvikvm: GC_EXPLICIT freed 151K, 8% free 9679K/10439K, paused 2ms+5ms
07-07 21:31:15.299   344   344 D SAN_SERVICE: *******************************************
07-07 21:31:15.299   344   344 D SAN_SERVICE: DM App Phone Service State - 0
07-07 21:31:15.299   344   344 D SAN_SERVICE: *******************************************
07-07 21:31:15.674  5747  5747 D OpenGLRenderer: Flushing caches (mode 2)
07-07 21:31:15.678  5747  5747 D OpenGLRenderer: Flushing caches (mode 0)
07-07 21:31:15.678  5747  5747 W ManagedEGLContext: doTerminate failed: EGL count is 2 but managed count is 1
07-07 21:31:15.760  4398  4401 D dalvikvm: GC_CONCURRENT freed 478K, 8% free 10138K/10951K, paused 2ms+3ms
07-07 21:31:16.416   143  1922 I ActivityManager: START {act=android.intent.action.MAIN cat=[android.intent.category.LAUNCHER] flg=0x10000000 pkg=com.twitter.android cmp=com.twitter.android/.StartActivity bnds=[120,254][240,404]} from pid 371
07-07 21:31:16.576   143  1922 D dalvikvm: GC_FOR_ALLOC freed 721K, 12% free 16836K/18951K, paused 106ms
07-07 21:31:16.666   371   371 D OpenGLRenderer: Flushing caches (mode 1)
07-07 21:31:16.682   371   371 D OpenGLRenderer: Flushing caches (mode 0)
07-07 21:31:16.807  5394  5396 D dalvikvm: GC_CONCURRENT freed 610K, 14% free 11544K/13383K, paused 4ms+7ms
07-07 21:31:16.842  5394  5394 D dalvikvm: GC_FOR_ALLOC freed 51K, 15% free 11492K/13383K, paused 36ms
07-07 21:31:16.850  5394  5394 I dalvikvm-heap: Grow heap (frag case) to 13.836MB for 2668016-byte allocation
07-07 21:31:16.955  5394  5394 D dalvikvm: GC_FOR_ALLOC freed <1K, 12% free 14097K/16007K, paused 31ms
07-07 21:31:16.986  5394  5394 D dalvikvm: GC_FOR_ALLOC freed 0K, 12% free 14098K/16007K, paused 30ms
07-07 21:31:16.998  5394  5394 I dalvikvm-heap: Grow heap (frag case) to 19.564MB for 6006016-byte allocation
07-07 21:31:17.041  5394  5396 D dalvikvm: GC_CONCURRENT freed 0K, 9% free 19963K/21895K, paused 2ms+3ms
07-07 21:31:17.100   143   159 I Process : Sending signal. PID: 5394 SIG: 3
07-07 21:31:17.100  5394  5398 I dalvikvm: threadid=3: reacting to signal 3
07-07 21:31:17.123  5394  5398 I dalvikvm: Wrote stack traces to '/data/anr/traces.txt'
07-07 21:31:17.182   143   395 I ActivityManager: START {flg=0x4000000 cmp=com.twitter.android/.HomeTabActivity} from pid 5394
07-07 21:31:17.408   221   221 V PhoneStatusBar: setLightsOn(true)
07-07 21:31:17.435  5394  5394 D libEGL  : loaded /system/lib/egl/libGLES_android.so
07-07 21:31:17.443  5394  5394 D libEGL  : loaded /vendor/lib/egl/libEGL_POWERVR_SGX540_120.so
07-07 21:31:17.451  5394  5394 D libEGL  : loaded /vendor/lib/egl/libGLESv1_CM_POWERVR_SGX540_120.so
07-07 21:31:17.455  5394  5394 D libEGL  : loaded /vendor/lib/egl/libGLESv2_POWERVR_SGX540_120.so
07-07 21:31:17.709   143   159 I Process : Sending signal. PID: 5394 SIG: 3
07-07 21:31:17.709  5394  5398 I dalvikvm: threadid=3: reacting to signal 3
07-07 21:31:17.736  5394  5398 I dalvikvm: Wrote stack traces to '/data/anr/traces.txt'
07-07 21:31:17.740  5394  5394 D OpenGLRenderer: Enabling debug mode 0
07-07 21:31:17.924   143   176 I ActivityManager: Displayed com.twitter.android/.HomeTabActivity: +736ms (total +1s326ms)
07-07 21:31:18.041  5394  5401 I dalvikvm: Jit: resizing JitTable from 4096 to 8192
07-07 21:31:19.057  5394  5396 D dalvikvm: GC_CONCURRENT freed 3469K, 17% free 18420K/22023K, paused 22ms+6ms
07-07 21:31:21.912   143   154 D dalvikvm: GC_FOR_ALLOC freed 1073K, 16% free 16050K/18951K, paused 86ms
07-07 21:31:21.967   143   403 W InputManagerService: Starting input on non-focused client com.android.internal.view.IInputMethodClient$Stub$Proxy@417d10d8 (uid=10064 pid=5394)
07-07 21:31:22.002  5394  5394 D OpenGLRenderer: Flushing caches (mode 0)
07-07 21:31:22.107  5394  5394 D OpenGLRenderer: Flushing caches (mode 1)
07-07 21:31:23.310   143   173 I power   : *** set_screen_state 0
07-07 21:31:23.365    78   121 D SurfaceFlinger: About to give-up screen, flinger = 0x1ddb918
07-07 21:31:23.459   143   177 V TransportControlView: Create TCV com.android.internal.widget.TransportControlView@4196eb30
07-07 21:31:23.498   221   221 D PhoneStatusBar: disable: < expand icons alerts ticker system_info back home RECENT* clock >
07-07 21:31:23.506   221   221 D PhoneStatusBar: disable: < expand icons alerts ticker system_info BACK* HOME* RECENT CLOCK* >
07-07 21:31:23.541   143   308 I ActivityManager: Process com.google.android.apps.googlevoice (pid 3753) has died.
07-07 21:31:23.541   143   308 W ActivityManager: Scheduling restart of crashed service com.google.android.apps.googlevoice/.UpdateService in 5000ms
07-07 21:31:23.541   143   308 W ActivityManager: Scheduling restart of crashed service com.google.android.apps.googlevoice/.CallLogService in 15000ms
07-07 21:31:23.619   143   308 D dalvikvm: GC_FOR_ALLOC freed 290K, 11% free 16907K/18951K, paused 55ms
07-07 21:31:25.482  5394  5394 D OpenGLRenderer: Flushing caches (mode 1)
07-07 21:31:25.486  5747  5747 D OpenGLRenderer: Flushing caches (mode 2)
07-07 21:31:25.490  5747  5747 D OpenGLRenderer: Flushing caches (mode 0)
07-07 21:31:25.490  5747  5747 W ManagedEGLContext: doTerminate failed: EGL count is 2 but managed count is 1
07-07 21:31:28.600   143   160 I ActivityManager: Start proc com.google.android.apps.googlevoice for service com.google.android.apps.googlevoice/.UpdateService: pid=6186 uid=10054 gids={3003, 1015}
07-07 21:31:29.271  6186  6187 D dalvikvm: GC_CONCURRENT freed 228K, 4% free 9307K/9607K, paused 38ms+2ms
07-07 21:31:29.279   143   311 I ActivityManager: Process org.mozilla.firefox_beta.PasswordsProvider (pid 5797) has died.
07-07 21:31:29.307  5394  5394 D OpenGLRenderer: Flushing caches (mode 1)
07-07 21:31:29.350  5747  5747 D OpenGLRenderer: Flushing caches (mode 2)
07-07 21:31:29.350  5747  5747 D OpenGLRenderer: Flushing caches (mode 0)
07-07 21:31:29.361  5747  5747 W ManagedEGLContext: doTerminate failed: EGL count is 2 but managed count is 1
07-07 21:31:29.377   143   311 D dalvikvm: GC_FOR_ALLOC freed 337K, 12% free 16772K/18951K, paused 63ms
07-07 21:31:29.400  5394  5394 D OpenGLRenderer: Flushing caches (mode 2)
07-07 21:31:29.877  6186  6187 D dalvikvm: GC_CONCURRENT freed 398K, 5% free 9455K/9927K, paused 2ms+2ms
07-07 21:31:29.885  6186  6194 W CursorWrapperInner: Cursor finalized without prior close()
07-07 21:31:29.885  6186  6194 W CursorWrapperInner: Cursor finalized without prior close()
07-07 21:31:29.885  6186  6194 W CursorWrapperInner: Cursor finalized without prior close()
07-07 21:31:30.072   344   344 D SAN_SERVICE: *******************************************
07-07 21:31:30.072   344   344 D SAN_SERVICE: DM App Phone Service State - 0
07-07 21:31:30.072   344   344 D SAN_SERVICE: *******************************************
07-07 21:31:30.092  6186  6187 D dalvikvm: GC_CONCURRENT freed 331K, 5% free 9610K/10055K, paused 1ms+3ms
07-07 21:31:30.197   426   429 D dalvikvm: GC_CONCURRENT freed 259K, 7% free 9808K/10439K, paused 1ms+7ms
07-07 21:31:30.264   143   387 D dalvikvm: GC_EXPLICIT freed 162K, 12% free 16774K/18951K, paused 7ms+6ms
07-07 21:31:30.889   344   344 D SAN_SERVICE: *******************************************
07-07 21:31:30.889   344   344 D SAN_SERVICE: DM App Phone Service State - 0
07-07 21:31:30.889   344   344 D SAN_SERVICE: *******************************************
07-07 21:31:34.322   143   177 I power   : *** set_screen_state 1
07-07 21:31:34.455   143   177 I WindowManager: Lock screen displayed!
07-07 21:31:34.529    78   121 D SurfaceFlinger: Screen about to return, flinger = 0x1ddb918
07-07 21:31:35.725   143   173 I power   : *** set_screen_state 0
07-07 21:31:35.775    78   121 D SurfaceFlinger: About to give-up screen, flinger = 0x1ddb918
07-07 21:31:35.928   143   177 D dalvikvm: GC_FOR_ALLOC freed 174K, 11% free 17021K/18951K, paused 60ms
07-07 21:31:35.986   143   177 D dalvikvm: GC_FOR_ALLOC freed 10K, 11% free 17116K/19079K, paused 53ms
07-07 21:31:36.041   143   177 D dalvikvm: GC_FOR_ALLOC freed 1K, 11% free 17217K/19207K, paused 52ms
07-07 21:31:36.049   143   177 V TransportControlView: Create TCV com.android.internal.widget.TransportControlView@419ba300
07-07 21:31:36.428   143   177 I power   : *** set_screen_state 1
07-07 21:31:36.564   143   177 I WindowManager: Lock screen displayed!
07-07 21:31:36.639    78   121 D SurfaceFlinger: Screen about to return, flinger = 0x1ddb918
07-07 21:31:37.283   143   173 I power   : *** set_screen_state 0
07-07 21:31:37.330    78   121 D SurfaceFlinger: About to give-up screen, flinger = 0x1ddb918
07-07 21:31:37.385   143   174 D dalvikvm: GC_FOR_ALLOC freed 686K, 14% free 16776K/19335K, paused 68ms
07-07 21:31:37.521   143   177 D dalvikvm: GC_FOR_ALLOC freed 61K, 11% free 17325K/19335K, paused 57ms
07-07 21:31:37.529   143   177 V TransportControlView: Create TCV com.android.internal.widget.TransportControlView@416365b0
07-07 21:31:38.631  6186  6187 D dalvikvm: GC_CONCURRENT freed 235K, 5% free 9823K/10247K, paused 8ms+2ms
07-07 21:31:45.510   344   344 D SAN_SERVICE: *******************************************
07-07 21:31:45.510   344   344 D SAN_SERVICE: DM App Phone Service State - 0
07-07 21:31:45.510   344   344 D SAN_SERVICE: *******************************************
07-07 21:31:46.014   344   344 D SAN_SERVICE: *******************************************
07-07 21:31:46.014   344   344 D SAN_SERVICE: DM App Phone Service State - 0
07-07 21:31:46.014   344   344 D SAN_SERVICE: *******************************************
07-07 21:31:49.853  5891  6211 I SqliteDatabaseCpp: sqlite returned: error code = 1, msg = no such column: wipeout_stats, db=/data/data/com.google.android.apps.plus/databases/es0.db
07-07 21:31:49.853  5891  6211 W System.err: android.database.sqlite.SQLiteException: no such column: wipeout_stats: , while compiling: SELECT wipeout_stats  FROM account_status
07-07 21:31:49.963  5891  6211 W System.err: 	at android.database.sqlite.SQLiteCompiledSql.native_compile(Native Method)
07-07 21:31:49.963  5891  6211 W System.err: 	at android.database.sqlite.SQLiteCompiledSql.<init>(SQLiteCompiledSql.java:68)
07-07 21:31:49.963  5891  6211 W System.err: 	at android.database.sqlite.SQLiteProgram.compileSql(SQLiteProgram.java:143)
07-07 21:31:49.963  5891  6211 W System.err: 	at android.database.sqlite.SQLiteProgram.compileAndbindAllArgs(SQLiteProgram.java:361)
07-07 21:31:49.963  5891  6211 W System.err: 	at android.database.sqlite.SQLiteStatement.acquireAndLock(SQLiteStatement.java:260)
07-07 21:31:49.963  5891  6211 W System.err: 	at android.database.sqlite.SQLiteStatement.simpleQueryForLong(SQLiteStatement.java:137)
07-07 21:31:49.963  5891  6211 W System.err: 	at android.database.DatabaseUtils.longForQuery(DatabaseUtils.java:791)
07-07 21:31:49.963  5891  6211 W System.err: 	at android.database.DatabaseUtils.longForQuery(DatabaseUtils.java:779)
07-07 21:31:49.963  5891  6211 W System.err: 	at com.google.android.apps.plus.content.EsAccountsData.isContactsStatsWipeoutNeeded(EsAccountsData.java:641)
07-07 21:31:49.963  5891  6211 W System.err: 	at com.google.android.apps.plus.service.EsService.processIntent(EsService.java:4246)
07-07 21:31:49.963  5891  6211 W System.err: 	at com.google.android.apps.plus.service.ServiceThread$1.run(ServiceThread.java:50)
07-07 21:31:49.963  5891  6211 W System.err: 	at android.os.Handler.handleCallback(Handler.java:605)
07-07 21:31:49.963  5891  6211 W System.err: 	at android.os.Handler.dispatchMessage(Handler.java:92)
07-07 21:31:49.963  5891  6211 W System.err: 	at android.os.Looper.loop(Looper.java:137)
07-07 21:31:49.963  5891  6211 W System.err: 	at com.google.android.apps.plus.service.ServiceThread.run(ServiceThread.java:122)
07-07 21:31:50.502  5949  5952 D dalvikvm: GC_CONCURRENT freed 464K, 5% free 10726K/11271K, paused 96ms+3ms
07-07 21:31:53.764  5891  5893 D dalvikvm: GC_CONCURRENT freed 1167K, 18% free 13362K/16263K, paused 17ms+15ms
07-07 21:31:58.217   143   200 D DhcpInfoInternal: makeLinkProperties with empty dns2!
07-07 21:31:58.217   143   200 D DhcpInfoInternal: makeLinkProperties with empty dns2!
07-07 21:32:01.799  5891  5893 D dalvikvm: GC_CONCURRENT freed 1383K, 19% free 13302K/16263K, paused 15ms+9ms
07-07 21:32:06.064   344   344 D SAN_SERVICE: *******************************************
07-07 21:32:06.064   344   344 D SAN_SERVICE: DM App Phone Service State - 0
07-07 21:32:06.064   344   344 D SAN_SERVICE: *******************************************
07-07 21:32:06.111   344   350 D dalvikvm: GC_CONCURRENT freed 429K, 6% free 9499K/10055K, paused 26ms+2ms
07-07 21:32:06.482   344   344 D SAN_SERVICE: *******************************************
07-07 21:32:06.482   344   344 D SAN_SERVICE: DM App Phone Service State - 0
07-07 21:32:06.482   344   344 D SAN_SERVICE: *******************************************
07-07 21:32:08.420  5891  5899 I dalvikvm: Jit: resizing JitTable from 4096 to 8192
07-07 21:32:08.639  5891  5893 D dalvikvm: GC_CONCURRENT freed 969K, 17% free 13659K/16263K, paused 8ms+4ms
07-07 21:32:09.248  5891  5893 D dalvikvm: GC_CONCURRENT freed 1060K, 14% free 14068K/16263K, paused 2ms+3ms
07-07 21:32:10.338  5891  5893 D dalvikvm: GC_CONCURRENT freed 1078K, 11% free 14548K/16263K, paused 2ms+5ms
07-07 21:32:12.725  5891  5893 D dalvikvm: GC_CONCURRENT freed 2516K, 16% free 13849K/16455K, paused 3ms+3ms
07-07 21:32:14.307  5891  6212 I SqliteDatabaseCpp: sqlite returned: error code = 1, msg = no such column: last_stats_sync_time, db=/data/data/com.google.android.apps.plus/databases/es0.db
07-07 21:32:14.322   426   470 D dalvikvm: GC_EXPLICIT freed 304K, 7% free 9759K/10439K, paused 2ms+6ms
07-07 21:32:14.326  5891  6212 E EsSyncAdapterService: Sync failure
07-07 21:32:14.326  5891  6212 E EsSyncAdapterService: android.database.sqlite.SQLiteException: no such column: last_stats_sync_time: , while compiling: SELECT last_stats_sync_time  FROM account_status
07-07 21:32:14.326  5891  6212 E EsSyncAdapterService: 	at android.database.sqlite.SQLiteCompiledSql.native_compile(Native Method)
07-07 21:32:14.326  5891  6212 E EsSyncAdapterService: 	at android.database.sqlite.SQLiteCompiledSql.<init>(SQLiteCompiledSql.java:68)
07-07 21:32:14.326  5891  6212 E EsSyncAdapterService: 	at android.database.sqlite.SQLiteProgram.compileSql(SQLiteProgram.java:143)
07-07 21:32:14.326  5891  6212 E EsSyncAdapterService: 	at android.database.sqlite.SQLiteProgram.compileAndbindAllArgs(SQLiteProgram.java:361)
07-07 21:32:14.326  5891  6212 E EsSyncAdapterService: 	at android.database.sqlite.SQLiteStatement.acquireAndLock(SQLiteStatement.java:260)
07-07 21:32:14.326  5891  6212 E EsSyncAdapterService: 	at android.database.sqlite.SQLiteStatement.simpleQueryForLong(SQLiteStatement.java:137)
07-07 21:32:14.326  5891  6212 E EsSyncAdapterService: 	at android.database.DatabaseUtils.longForQuery(DatabaseUtils.java:791)
07-07 21:32:14.326  5891  6212 E EsSyncAdapterService: 	at android.database.DatabaseUtils.longForQuery(DatabaseUtils.java:779)
07-07 21:32:14.326  5891  6212 E EsSyncAdapterService: 	at com.google.android.apps.plus.content.EsAccountsData.queryLastStatsSyncTimestamp(EsAccountsData.java:570)
07-07 21:32:14.326  5891  6212 E EsSyncAdapterService: 	at com.google.android.apps.plus.service.EsSyncAdapterService.syncContactsStatsIfNecessary(EsSyncAdapterService.java:670)
07-07 21:32:14.326  5891  6212 E EsSyncAdapterService: 	at com.google.android.apps.plus.service.EsSyncAdapterService.doFullSync(EsSyncAdapterService.java:633)
07-07 21:32:14.326  5891  6212 E EsSyncAdapterService: 	at com.google.android.apps.plus.service.EsSyncAdapterService.doSync(EsSyncAdapterService.java:566)
07-07 21:32:14.326  5891  6212 E EsSyncAdapterService: 	at com.google.android.apps.plus.service.EsSyncAdapterService.access$100(EsSyncAdapterService.java:52)
07-07 21:32:14.326  5891  6212 E EsSyncAdapterService: 	at com.google.android.apps.plus.service.EsSyncAdapterService$SyncAdapterImpl.onPerformSync(EsSyncAdapterService.java:408)
07-07 21:32:14.326  5891  6212 E EsSyncAdapterService: 	at android.content.AbstractThreadedSyncAdapter$SyncThread.run(AbstractThreadedSyncAdapter.java:247)
07-07 21:32:14.342   143   169 D SyncManager: failed sync operation lokeshmandvekar@gmail.com (com.google), com.google.android.apps.plus.content.EsProvider, SERVER, earliestRunTime 11700204, SyncResult: stats [ numParseExceptions: 1]
07-07 21:32:14.346   143   169 D SyncManager: not retrying sync operation because the error is a hard error: lokeshmandvekar@gmail.com (com.google), com.google.android.apps.plus.content.EsProvider, SERVER, earliestRunTime 11724707
07-07 21:32:15.689  4625  4628 D dalvikvm: GC_CONCURRENT freed 514K, 6% free 10552K/11207K, paused 2ms+3ms
07-07 21:32:15.814  4398  4401 D dalvikvm: GC_CONCURRENT freed 454K, 8% free 10131K/10951K, paused 7ms+2ms
07-07 21:32:16.205   344   344 D SAN_SERVICE: *******************************************
07-07 21:32:16.205   344   344 D SAN_SERVICE: DM App Phone Service State - 0
07-07 21:32:16.205   344   344 D SAN_SERVICE: *******************************************
07-07 21:32:19.943  5891  5893 D dalvikvm: GC_CONCURRENT freed 2043K, 20% free 13291K/16455K, paused 2ms+4ms
07-07 21:32:20.334  5891  5986 D dalvikvm: GC_EXPLICIT freed 602K, 20% free 13259K/16455K, paused 2ms+3ms
07-07 21:32:20.857   426   429 D dalvikvm: GC_CONCURRENT freed 372K, 7% free 9775K/10439K, paused 33ms+3ms
07-07 21:32:20.947  5428  5431 D dalvikvm: GC_CONCURRENT freed 442K, 6% free 10013K/10567K, paused 23ms+3ms
07-07 21:32:22.252   143   400 D dalvikvm: GC_EXPLICIT freed 1648K, 13% free 16947K/19463K, paused 2ms+6ms
07-07 21:32:50.713   305   309 D dalvikvm: GC_CONCURRENT freed 382K, 5% free 10371K/10887K, paused 16ms+5ms
07-07 21:32:51.303   426   429 D dalvikvm: GC_CONCURRENT freed 402K, 7% free 9759K/10439K, paused 2ms+7ms
07-07 21:32:51.303  5428  5431 D dalvikvm: GC_CONCURRENT freed 419K, 6% free 10016K/10567K, paused 2ms+6ms
07-07 21:33:10.010  5105  5118 I PhoneLab-: Service Running
07-07 21:33:10.123  5105  5118 I PhoneLab-LoggerService: app_37    1296  1     1436   996   c00f181c 400107b4 S logcat
07-07 21:33:10.123  5105  5118 I PhoneLab-LoggerService: Logcat pid from database 1296
07-07 21:33:10.123  5105  5118 I PhoneLab-LoggerService: Logcat process found 1296
07-07 21:33:10.123  5105  5118 I PhoneLab-LoggerService: Checking Threshold
07-07 21:33:10.143  5105  5118 I PhoneLab-LoggerService: Starting to rename files
07-07 21:33:10.143  5105  5118 I PhoneLab-LoggerService: Files found .. 2
07-07 21:33:10.158  5105  5107 D dalvikvm: GC_CONCURRENT freed 467K, 7% free 9071K/9671K, paused 7ms+2ms
07-07 21:34:15.818  4625  4628 D dalvikvm: GC_CONCURRENT freed 514K, 6% free 10550K/11207K, paused 2ms+2ms
07-07 21:34:15.959  4398  4401 D dalvikvm: GC_CONCURRENT freed 494K, 8% free 10149K/10951K, paused 18ms+3ms
07-07 21:34:20.810   344   344 D SAN_SERVICE: *******************************************
07-07 21:34:20.810   344   344 D SAN_SERVICE: DM App Phone Service State - 0
07-07 21:34:20.810   344   344 D SAN_SERVICE: *******************************************
07-07 21:34:21.576   344   344 D SAN_SERVICE: *******************************************
07-07 21:34:21.576   344   344 D SAN_SERVICE: DM App Phone Service State - 0
07-07 21:34:21.576   344   344 D SAN_SERVICE: *******************************************
07-07 21:34:22.889   143   200 D DhcpInfoInternal: makeLinkProperties with empty dns2!
07-07 21:34:22.889   143   200 D DhcpInfoInternal: makeLinkProperties with empty dns2!
07-07 21:34:39.592   344   344 D SAN_SERVICE: *******************************************
07-07 21:34:39.592   344   344 D SAN_SERVICE: DM App Phone Service State - 0
07-07 21:34:39.592   344   344 D SAN_SERVICE: *******************************************
07-07 21:34:40.084   344   344 D SAN_SERVICE: *******************************************
07-07 21:34:40.084   344   344 D SAN_SERVICE: DM App Phone Service State - 0
07-07 21:34:40.084   344   344 D SAN_SERVICE: *******************************************
07-07 21:35:10.010  5105  5118 I PhoneLab-: Service Running
07-07 21:35:10.100  5105  5118 I PhoneLab-LoggerService: app_37    1296  1     1436   996   c00f181c 400107b4 S logcat
07-07 21:35:10.100  5105  5118 I PhoneLab-LoggerService: Logcat pid from database 1296
07-07 21:35:10.100  5105  5118 I PhoneLab-LoggerService: Logcat process found 1296
07-07 21:35:10.100  5105  5118 I PhoneLab-LoggerService: Checking Threshold
07-07 21:35:10.100  5105  5118 I PhoneLab-LoggerService: Starting to rename files
07-07 21:35:10.100  5105  5118 I PhoneLab-LoggerService: Files found .. 2
07-07 21:35:13.697  5105  5105 I PhoneLab-Locks: wake lock acquired
07-07 21:35:13.721  5105  6271 I PhoneLab-PeriodicCheckService: User info is synched
07-07 21:35:13.732  5105  6271 I PhoneLab-PeriodicCheckService: Logger Service is running
07-07 21:35:13.740  5105  5105 I PhoneLab-Locks: wake lock acquired
07-07 21:35:13.744  5105  5105 I PhoneLab-StatusMonitor: Status Monitoring is started
07-07 21:35:13.748  5105  6271 I PhoneLab-Locks: wake lock acquired
07-07 21:35:13.752  5105  6271 I PhoneLab-PeriodicCheckService: Rescheduling periodic checking...
07-07 21:35:13.752  5105  6271 I PhoneLab-Locks: wake lock released
07-07 21:35:13.799  5105  5105 E PhoneLab-PhoneLabManifest: java.io.FileNotFoundException: /data/data/edu.buffalo.cse.phonelab.phonelabservices/files/manifest.xml: open failed: ENOENT (No such file or directory)
07-07 21:35:13.869  5105  5105 I PhoneLab-Locks: wake lock released
07-07 21:35:13.873  5105  5105 I PhoneLab-UploadLogs: Transfering log files now
07-07 21:35:14.135  5105  5107 D dalvikvm: GC_CONCURRENT freed 373K, 5% free 9200K/9671K, paused 4ms+4ms
07-07 21:35:14.185  5105  5105 D dalvikvm: GC_FOR_ALLOC freed 100K, 6% free 9200K/9735K, paused 26ms
07-07 21:35:14.185  5105  5105 I dalvikvm-heap: Grow heap (frag case) to 9.170MB for 123476-byte allocation
07-07 21:35:14.209  5105  5105 D dalvikvm: GC_FOR_ALLOC freed 56K, 7% free 9264K/9863K, paused 17ms
07-07 21:35:14.209  5105  5105 I dalvikvm-heap: Grow heap (frag case) to 9.358MB for 254548-byte allocation
07-07 21:35:14.221  5105  5105 D dalvikvm: GC_FOR_ALLOC freed 120K, 8% free 9392K/10119K, paused 12ms
07-07 21:35:14.225  5105  5105 I dalvikvm-heap: Grow heap (frag case) to 9.733MB for 516692-byte allocation
07-07 21:35:14.252  5105  5107 D dalvikvm: GC_CONCURRENT freed 248K, 10% free 9647K/10631K, paused 1ms+2ms
07-07 21:35:14.256  5105  5105 I PhoneLab-UploadLogs: OnStartCommand
07-07 21:35:14.752  5105  6273 D dalvikvm: GC_FOR_ALLOC freed 384K, 10% free 9632K/10631K, paused 34ms
07-07 21:35:14.764  5105  6273 D dalvikvm: GC_FOR_ALLOC freed 302K, 10% free 9632K/10631K, paused 12ms
07-07 21:35:14.783  5105  6273 D dalvikvm: GC_FOR_ALLOC freed 302K, 10% free 9638K/10631K, paused 12ms
07-07 21:35:16.389   221   221 D dalvikvm: GC_FOR_ALLOC freed 491K, 32% free 9739K/14215K, paused 19ms
07-07 21:35:16.435   221   223 D dalvikvm: GC_CONCURRENT freed 515K, 32% free 9715K/14215K, paused 1ms+2ms
07-07 21:35:16.475  4398  4401 D dalvikvm: GC_CONCURRENT freed 383K, 8% free 10161K/10951K, paused 183ms+2ms
07-07 21:35:16.510   221   223 D dalvikvm: GC_CONCURRENT freed 444K, 32% free 9781K/14215K, paused 2ms+2ms
07-07 21:35:17.975  4398  4401 D dalvikvm: GC_CONCURRENT freed 253K, 6% free 10371K/10951K, paused 17ms+8ms
07-07 21:35:18.385  5105  5105 I PhoneLab-: 1341709630222.log is deleted
07-07 21:35:18.385  5105  5105 I PhoneLab-: Response: {"data": "done", "err": ""}
07-07 21:35:18.389  5105  5105 I PhoneLab-UploadLogs: No log files to transfer
07-07 21:35:18.389  5105  5105 I PhoneLab-Locks: wake lock released
07-07 21:35:27.408   221   223 D dalvikvm: GC_CONCURRENT freed 389K, 31% free 9889K/14215K, paused 2ms+2ms
07-07 21:35:27.467   221   223 D dalvikvm: GC_CONCURRENT freed 476K, 31% free 9835K/14215K, paused 2ms+3ms
07-07 21:36:15.932  4625  4628 D dalvikvm: GC_CONCURRENT freed 501K, 6% free 10560K/11207K, paused 2ms+5ms
07-07 21:36:16.010  4398  6280 D dalvikvm: GC_EXPLICIT freed 701K, 8% free 10113K/10951K, paused 2ms+3ms
07-07 21:36:22.139  5747  5747 D OpenGLRenderer: Flushing caches (mode 2)
07-07 21:36:22.143  5747  5747 D OpenGLRenderer: Flushing caches (mode 0)
07-07 21:36:22.143  5747  5747 W ManagedEGLContext: doTerminate failed: EGL count is 2 but managed count is 1
07-07 21:36:22.158  5747  5747 D OpenGLRenderer: Flushing caches (mode 2)
07-07 21:36:22.158  5747  5747 D OpenGLRenderer: Flushing caches (mode 0)
07-07 21:36:22.158  5747  5747 W ManagedEGLContext: doTerminate failed: EGL count is 2 but managed count is 1
07-07 21:36:24.178  5394  5396 D dalvikvm: GC_CONCURRENT freed 7620K, 43% free 12737K/22023K, paused 27ms+4ms
07-07 21:36:25.041  5747  5747 D OpenGLRenderer: Flushing caches (mode 2)
07-07 21:36:25.041  5747  5747 D OpenGLRenderer: Flushing caches (mode 0)
07-07 21:36:25.041  5747  5747 W ManagedEGLContext: doTerminate failed: EGL count is 2 but managed count is 1
07-07 21:36:25.072  5747  5747 D OpenGLRenderer: Flushing caches (mode 2)
07-07 21:36:25.072  5747  5747 D OpenGLRenderer: Flushing caches (mode 0)
07-07 21:36:25.072  5747  5747 W ManagedEGLContext: doTerminate failed: EGL count is 2 but managed count is 1
07-07 21:36:37.627   143   177 I power   : *** set_screen_state 1
07-07 21:36:37.791   143   177 I WindowManager: Lock screen displayed!
07-07 21:36:37.850   221   223 D dalvikvm: GC_CONCURRENT freed 540K, 32% free 9680K/14215K, paused 10ms+2ms
07-07 21:36:37.865  5747  5747 D OpenGLRenderer: Flushing caches (mode 2)
07-07 21:36:37.865  5747  5747 D OpenGLRenderer: Flushing caches (mode 0)
07-07 21:36:37.865  5747  5747 W ManagedEGLContext: doTerminate failed: EGL count is 2 but managed count is 1
07-07 21:36:37.877    78   121 D SurfaceFlinger: Screen about to return, flinger = 0x1ddb918
07-07 21:36:39.271   221   221 D PhoneStatusBar: disable: < expand icons alerts ticker system_info BACK HOME recent* CLOCK >
07-07 21:36:39.299   143   395 W InputManagerService: Window already focused, ignoring focus gain of: com.android.internal.view.IInputMethodClient$Stub$Proxy@41582050
07-07 21:36:39.310   221   221 D PhoneStatusBar: disable: < expand icons alerts ticker system_info back* home* recent clock* >
07-07 21:36:39.600  5747  5747 D OpenGLRenderer: Flushing caches (mode 2)
07-07 21:36:39.603  5747  5747 D OpenGLRenderer: Flushing caches (mode 0)
07-07 21:36:39.603  5747  5747 W ManagedEGLContext: doTerminate failed: EGL count is 2 but managed count is 1
07-07 21:36:39.838  5747  5747 D OpenGLRenderer: Flushing caches (mode 2)
07-07 21:36:39.838  5747  5747 D OpenGLRenderer: Flushing caches (mode 0)
07-07 21:36:39.838  5747  5747 W ManagedEGLContext: doTerminate failed: EGL count is 2 but managed count is 1
07-07 21:36:40.103   143   400 I ActivityManager: START {act=android.intent.action.MAIN cat=[android.intent.category.LAUNCHER] flg=0x10000000 pkg=com.whatsapp cmp=com.whatsapp/.Main bnds=[360,405][480,555]} from pid 371
07-07 21:36:40.232   371   371 D OpenGLRenderer: Flushing caches (mode 1)
07-07 21:36:40.248   371   371 D OpenGLRenderer: Flushing caches (mode 0)
07-07 21:36:40.334   143   395 I ActivityManager: START {cmp=com.whatsapp/.Conversations} from pid 5428
07-07 21:36:40.576  5428  5431 D dalvikvm: GC_CONCURRENT freed 431K, 6% free 10089K/10631K, paused 17ms+6ms
07-07 21:36:40.607  5428  5428 D dalvikvm: GC_FOR_ALLOC freed 6K, 6% free 10083K/10631K, paused 29ms
07-07 21:36:40.607  5428  5428 I dalvikvm-heap: Grow heap (frag case) to 10.102MB for 196256-byte allocation
07-07 21:36:40.635  5428  5428 D dalvikvm: GC_FOR_ALLOC freed <1K, 6% free 10274K/10823K, paused 18ms
07-07 21:36:40.662  5428  5428 D dalvikvm: GC_FOR_ALLOC freed 3K, 6% free 10282K/10823K, paused 18ms
07-07 21:36:40.662  5428  5428 I dalvikvm-heap: Grow heap (frag case) to 10.258MB for 155248-byte allocation
07-07 21:36:40.685  5428  5428 D dalvikvm: GC_FOR_ALLOC freed <1K, 6% free 10433K/11015K, paused 18ms
07-07 21:36:40.768  5428  5428 D dalvikvm: GC_EXPLICIT freed 23K, 6% free 10463K/11015K, paused 3ms+4ms
07-07 21:36:40.818   221   221 V PhoneStatusBar: setLightsOn(true)
07-07 21:36:40.850   143   159 I Process : Sending signal. PID: 5428 SIG: 3
07-07 21:36:40.850  5428  5433 I dalvikvm: threadid=3: reacting to signal 3
07-07 21:36:40.893  5428  5433 I dalvikvm: Wrote stack traces to '/data/anr/traces.txt'
07-07 21:36:41.025  5747  5747 D OpenGLRenderer: Flushing caches (mode 2)
07-07 21:36:41.037  5747  5747 D OpenGLRenderer: Flushing caches (mode 0)
07-07 21:36:41.060  5747  5747 W ManagedEGLContext: doTerminate failed: EGL count is 2 but managed count is 1
07-07 21:36:41.127   325   327 D dalvikvm: GC_CONCURRENT freed 402K, 18% free 10009K/12103K, paused 2ms+3ms
07-07 21:36:41.189   143   176 I ActivityManager: Displayed com.whatsapp/.Conversations: +849ms (total +1s28ms)
07-07 21:36:41.201   371   371 D OpenGLRenderer: Flushing caches (mode 1)
07-07 21:36:41.221   371   371 D OpenGLRenderer: Flushing caches (mode 1)
07-07 21:36:41.225  5747  5747 D OpenGLRenderer: Flushing caches (mode 2)
07-07 21:36:41.225  5747  5747 D OpenGLRenderer: Flushing caches (mode 0)
07-07 21:36:41.228  5747  5747 W ManagedEGLContext: doTerminate failed: EGL count is 2 but managed count is 1
07-07 21:36:41.240   371   371 D OpenGLRenderer: Flushing caches (mode 1)
07-07 21:36:41.248  5747  5747 D OpenGLRenderer: Flushing caches (mode 2)
07-07 21:36:41.248  5747  5747 D OpenGLRenderer: Flushing caches (mode 0)
07-07 21:36:41.248  5747  5747 W ManagedEGLContext: doTerminate failed: EGL count is 2 but managed count is 1
07-07 21:36:41.264   371   371 D OpenGLRenderer: Flushing caches (mode 1)
07-07 21:36:41.268  5747  5747 D OpenGLRenderer: Flushing caches (mode 2)
07-07 21:36:41.271  5747  5747 D OpenGLRenderer: Flushing caches (mode 0)
07-07 21:36:41.271  5747  5747 W ManagedEGLContext: doTerminate failed: EGL count is 2 but managed count is 1
07-07 21:36:41.365   143   154 D dalvikvm: GC_EXPLICIT freed 1195K, 14% free 16884K/19463K, paused 3ms+9ms
07-07 21:36:41.385   371   371 D OpenGLRenderer: Flushing caches (mode 1)
07-07 21:36:41.389  5747  5747 D OpenGLRenderer: Flushing caches (mode 2)
07-07 21:36:41.389  5747  5747 D OpenGLRenderer: Flushing caches (mode 0)
07-07 21:36:41.393  5747  5747 W ManagedEGLContext: doTerminate failed: EGL count is 2 but managed count is 1
07-07 21:36:41.408   371   371 D OpenGLRenderer: Flushing caches (mode 1)
07-07 21:36:41.412  5747  5747 D OpenGLRenderer: Flushing caches (mode 2)
07-07 21:36:41.412  5747  5747 D OpenGLRenderer: Flushing caches (mode 0)
07-07 21:36:41.412  5747  5747 W ManagedEGLContext: doTerminate failed: EGL count is 2 but managed count is 1
07-07 21:36:41.428   371   371 D OpenGLRenderer: Flushing caches (mode 1)
07-07 21:36:41.432  5747  5747 D OpenGLRenderer: Flushing caches (mode 2)
07-07 21:36:41.432  5747  5747 D OpenGLRenderer: Flushing caches (mode 0)
07-07 21:36:41.432  5747  5747 W ManagedEGLContext: doTerminate failed: EGL count is 2 but managed count is 1
07-07 21:36:41.447   371   371 D OpenGLRenderer: Flushing caches (mode 1)
07-07 21:36:41.451  5747  5747 D OpenGLRenderer: Flushing caches (mode 2)
07-07 21:36:41.451  5747  5747 D OpenGLRenderer: Flushing caches (mode 0)
07-07 21:36:41.451  5747  5747 W ManagedEGLContext: doTerminate failed: EGL count is 2 but managed count is 1
07-07 21:36:41.467   371   371 D OpenGLRenderer: Flushing caches (mode 1)
07-07 21:36:41.471  5747  5747 D OpenGLRenderer: Flushing caches (mode 2)
07-07 21:36:41.471  5747  5747 D OpenGLRenderer: Flushing caches (mode 0)
07-07 21:36:41.475  5747  5747 W ManagedEGLContext: doTerminate failed: EGL count is 2 but managed count is 1
07-07 21:36:41.510   426  2054 D dalvikvm: GC_EXPLICIT freed 264K, 8% free 9705K/10439K, paused 2ms+3ms
07-07 21:36:41.557   371   371 D OpenGLRenderer: Flushing caches (mode 1)
07-07 21:36:41.560  5747  5747 D OpenGLRenderer: Flushing caches (mode 2)
07-07 21:36:41.560  5747  5747 D OpenGLRenderer: Flushing caches (mode 0)
07-07 21:36:41.560  5747  5747 W ManagedEGLContext: doTerminate failed: EGL count is 2 but managed count is 1
07-07 21:36:41.576   371   371 D OpenGLRenderer: Flushing caches (mode 1)
07-07 21:36:41.580  5747  5747 D OpenGLRenderer: Flushing caches (mode 2)
07-07 21:36:41.580  5747  5747 D OpenGLRenderer: Flushing caches (mode 0)
07-07 21:36:41.580  5747  5747 W ManagedEGLContext: doTerminate failed: EGL count is 2 but managed count is 1
07-07 21:36:41.615  5428  5431 D dalvikvm: GC_CONCURRENT freed 195K, 4% free 10686K/11079K, paused 2ms+2ms
07-07 21:36:41.639   371   371 D OpenGLRenderer: Flushing caches (mode 1)
07-07 21:36:41.643  5747  5747 D OpenGLRenderer: Flushing caches (mode 2)
07-07 21:36:41.643  5747  5747 D OpenGLRenderer: Flushing caches (mode 0)
07-07 21:36:41.643  5747  5747 W ManagedEGLContext: doTerminate failed: EGL count is 2 but managed count is 1
07-07 21:36:41.658   371   371 D OpenGLRenderer: Flushing caches (mode 1)
07-07 21:36:41.662  5747  5747 D OpenGLRenderer: Flushing caches (mode 2)
07-07 21:36:41.662  5747  5747 D OpenGLRenderer: Flushing caches (mode 0)
07-07 21:36:41.662  5747  5747 W ManagedEGLContext: doTerminate failed: EGL count is 2 but managed count is 1
07-07 21:36:41.678   371   371 D OpenGLRenderer: Flushing caches (mode 1)
07-07 21:36:41.682  5747  5747 D OpenGLRenderer: Flushing caches (mode 2)
07-07 21:36:41.682  5747  5747 D OpenGLRenderer: Flushing caches (mode 0)
07-07 21:36:41.682  5747  5747 W ManagedEGLContext: doTerminate failed: EGL count is 2 but managed count is 1
07-07 21:36:41.697   371   371 D OpenGLRenderer: Flushing caches (mode 1)
07-07 21:36:41.701  5747  5747 D OpenGLRenderer: Flushing caches (mode 2)
07-07 21:36:41.701  5747  5747 D OpenGLRenderer: Flushing caches (mode 0)
07-07 21:36:41.701  5747  5747 W ManagedEGLContext: doTerminate failed: EGL count is 2 but managed count is 1
07-07 21:36:41.744   371   371 D OpenGLRenderer: Flushing caches (mode 1)
07-07 21:36:41.744  5747  5747 D OpenGLRenderer: Flushing caches (mode 2)
07-07 21:36:41.744  5747  5747 D OpenGLRenderer: Flushing caches (mode 0)
07-07 21:36:41.744  5747  5747 W ManagedEGLContext: doTerminate failed: EGL count is 2 but managed count is 1
07-07 21:36:41.764   371   371 D OpenGLRenderer: Flushing caches (mode 1)
07-07 21:36:41.768  5747  5747 D OpenGLRenderer: Flushing caches (mode 2)
07-07 21:36:41.768  5747  5747 D OpenGLRenderer: Flushing caches (mode 0)
07-07 21:36:41.768  5747  5747 W ManagedEGLContext: doTerminate failed: EGL count is 2 but managed count is 1
07-07 21:36:41.783   371   371 D OpenGLRenderer: Flushing caches (mode 1)
07-07 21:36:41.787  5747  5747 D OpenGLRenderer: Flushing caches (mode 2)
07-07 21:36:41.787  5747  5747 D OpenGLRenderer: Flushing caches (mode 0)
07-07 21:36:41.787  5747  5747 W ManagedEGLContext: doTerminate failed: EGL count is 2 but managed count is 1
07-07 21:36:41.803   371   371 D OpenGLRenderer: Flushing caches (mode 1)
07-07 21:36:41.810  5747  5747 D OpenGLRenderer: Flushing caches (mode 2)
07-07 21:36:41.810  5747  5747 D OpenGLRenderer: Flushing caches (mode 0)
07-07 21:36:41.810  5747  5747 W ManagedEGLContext: doTerminate failed: EGL count is 2 but managed count is 1
07-07 21:36:41.826   371   371 D OpenGLRenderer: Flushing caches (mode 1)
07-07 21:36:41.830  5747  5747 D OpenGLRenderer: Flushing caches (mode 2)
07-07 21:36:41.830  5747  5747 D OpenGLRenderer: Flushing caches (mode 0)
07-07 21:36:41.830  5747  5747 W ManagedEGLContext: doTerminate failed: EGL count is 2 but managed count is 1
07-07 21:36:41.846   371   371 D OpenGLRenderer: Flushing caches (mode 1)
07-07 21:36:41.850  5747  5747 D OpenGLRenderer: Flushing caches (mode 2)
07-07 21:36:41.850  5747  5747 D OpenGLRenderer: Flushing caches (mode 0)
07-07 21:36:41.850  5747  5747 W ManagedEGLContext: doTerminate failed: EGL count is 2 but managed count is 1
07-07 21:36:42.471   344   344 D SAN_SERVICE: *******************************************
07-07 21:36:42.471   344   344 D SAN_SERVICE: DM App Phone Service State - 0
07-07 21:36:42.471   344   344 D SAN_SERVICE: *******************************************
07-07 21:36:42.709   344   344 D SAN_SERVICE: *******************************************
07-07 21:36:42.709   344   344 D SAN_SERVICE: DM App Phone Service State - 0
07-07 21:36:42.709   344   344 D SAN_SERVICE: *******************************************
07-07 21:36:43.018   344   344 D SAN_SERVICE: *******************************************
07-07 21:36:43.018   344   344 D SAN_SERVICE: DM App Phone Service State - 0
07-07 21:36:43.018   344   344 D SAN_SERVICE: *******************************************
07-07 21:36:43.557   143   143 I ActivityManager: START {flg=0x14000000 cmp=com.whatsapp/.Conversation (has extras)} from pid 5428
07-07 21:36:43.764  5428  5431 D dalvikvm: GC_CONCURRENT freed 284K, 4% free 10963K/11335K, paused 2ms+3ms
07-07 21:36:43.818  5428  5428 D skia    : --- SkImageDecoder::Factory returned null
07-07 21:36:43.920   371   371 D OpenGLRenderer: Flushing caches (mode 1)
07-07 21:36:43.924  5747  5747 D OpenGLRenderer: Flushing caches (mode 2)
07-07 21:36:43.928  5747  5747 D OpenGLRenderer: Flushing caches (mode 0)
07-07 21:36:43.928  5747  5747 W ManagedEGLContext: doTerminate failed: EGL count is 2 but managed count is 1
07-07 21:36:43.963   221   221 V PhoneStatusBar: setLightsOn(true)
07-07 21:36:44.006  5428  5431 D dalvikvm: GC_CONCURRENT freed 134K, 3% free 11420K/11655K, paused 3ms+5ms
07-07 21:36:44.127   143   176 I ActivityManager: Displayed com.whatsapp/.Conversation: +476ms
07-07 21:36:44.162   371   371 D OpenGLRenderer: Flushing caches (mode 1)
07-07 21:36:44.166  5747  5747 D OpenGLRenderer: Flushing caches (mode 2)
07-07 21:36:44.166  5747  5747 D OpenGLRenderer: Flushing caches (mode 0)
07-07 21:36:44.166  5747  5747 W ManagedEGLContext: doTerminate failed: EGL count is 2 but managed count is 1
07-07 21:36:44.197   371   371 D OpenGLRenderer: Flushing caches (mode 1)
07-07 21:36:44.205  5747  5747 D OpenGLRenderer: Flushing caches (mode 2)
07-07 21:36:44.205  5747  5747 D OpenGLRenderer: Flushing caches (mode 0)
07-07 21:36:44.205  5747  5747 W ManagedEGLContext: doTerminate failed: EGL count is 2 but managed count is 1
07-07 21:36:44.213  5916  5918 D dalvikvm: GC_CONCURRENT freed 317K, 5% free 9154K/9543K, paused 10ms+5ms
07-07 21:36:44.240   371   371 D OpenGLRenderer: Flushing caches (mode 1)
07-07 21:36:44.244  5747  5747 D OpenGLRenderer: Flushing caches (mode 2)
07-07 21:36:44.244  5747  5747 D OpenGLRenderer: Flushing caches (mode 0)
07-07 21:36:44.244  5747  5747 W ManagedEGLContext: doTerminate failed: EGL count is 2 but managed count is 1
07-07 21:36:44.271   371   371 D OpenGLRenderer: Flushing caches (mode 1)
07-07 21:36:44.291  5747  5747 D OpenGLRenderer: Flushing caches (mode 2)
07-07 21:36:44.291  5747  5747 D OpenGLRenderer: Flushing caches (mode 0)
07-07 21:36:44.291  5747  5747 W ManagedEGLContext: doTerminate failed: EGL count is 2 but managed count is 1
07-07 21:36:45.744   221   221 V PhoneStatusBar: setLightsOn(true)
07-07 21:36:46.107  5428  5428 W IInputConnectionWrapper: showStatusIcon on inactive InputConnection
07-07 21:36:46.107   143  2263 W InputManagerService: Starting input on non-focused client com.android.internal.view.IInputMethodClient$Stub$Proxy@4133ea58 (uid=10068 pid=5428)
07-07 21:36:47.736   143   200 D DhcpInfoInternal: makeLinkProperties with empty dns2!
07-07 21:36:47.736   143   200 D DhcpInfoInternal: makeLinkProperties with empty dns2!
07-07 21:36:47.768   371  4028 D dalvikvm: GC_FOR_ALLOC freed 799K, 24% free 11892K/15559K, paused 28ms
07-07 21:36:47.893   371  4028 D dalvikvm: GC_FOR_ALLOC freed 273K, 21% free 12300K/15559K, paused 26ms
07-07 21:36:48.006   371  4028 D dalvikvm: GC_FOR_ALLOC freed 858K, 23% free 12070K/15559K, paused 24ms
07-07 21:36:48.088   371   372 D dalvikvm: GC_CONCURRENT freed 1K, 17% free 12974K/15559K, paused 2ms+7ms
07-07 21:36:48.338   371   372 D dalvikvm: GC_CONCURRENT freed 1550K, 19% free 12647K/15559K, paused 4ms+5ms
07-07 21:36:49.018   371   372 D dalvikvm: GC_CONCURRENT freed 1543K, 22% free 12279K/15559K, paused 2ms+4ms
07-07 21:36:49.092   371  4253 D dalvikvm: GC_FOR_ALLOC freed 1117K, 23% free 12041K/15559K, paused 26ms
07-07 21:36:49.178   371   372 D dalvikvm: GC_CONCURRENT freed 3K, 17% free 12944K/15559K, paused 2ms+6ms
07-07 21:36:49.350   371   372 D dalvikvm: GC_CONCURRENT freed 1373K, 18% free 12837K/15559K, paused 3ms+4ms
07-07 21:36:50.615   143   400 I ActivityManager: START {act=android.intent.action.MAIN cat=[android.intent.category.LAUNCHER] flg=0x10200000 cmp=com.facebook.orca/.auth.StartScreenActivity} from pid 371
07-07 21:36:50.732   371   371 D OpenGLRenderer: Flushing caches (mode 1)
07-07 21:36:50.779   371   371 D OpenGLRenderer: Flushing caches (mode 0)
07-07 21:36:50.865   143   395 I ActivityManager: START {cmp=com.facebook.orca/.auth.SilentLoginActivity (has extras)} from pid 4945
07-07 21:36:51.131   143  2263 I ActivityManager: START {flg=0x4010000 cmp=com.facebook.orca/.threadlist.ThreadListActivity} from pid 4945
07-07 21:36:51.385  4945  4947 D dalvikvm: GC_CONCURRENT freed 374K, 4% free 11571K/12039K, paused 18ms+10ms
07-07 21:36:51.514   221   221 V PhoneStatusBar: setLightsOn(true)
07-07 21:36:51.576  4945  4945 D libEGL  : loaded /system/lib/egl/libGLES_android.so
07-07 21:36:51.607  4945  4945 D libEGL  : loaded /vendor/lib/egl/libEGL_POWERVR_SGX540_120.so
07-07 21:36:51.646  4945  4945 D libEGL  : loaded /vendor/lib/egl/libGLESv1_CM_POWERVR_SGX540_120.so
07-07 21:36:51.654   143   159 I Process : Sending signal. PID: 4945 SIG: 3
07-07 21:36:51.654  4945  4949 I dalvikvm: threadid=3: reacting to signal 3
07-07 21:36:51.662  4945  4945 D libEGL  : loaded /vendor/lib/egl/libGLESv2_POWERVR_SGX540_120.so
07-07 21:36:51.885  4945  4949 I dalvikvm: Wrote stack traces to '/data/anr/traces.txt'
07-07 21:36:52.127  4945  4945 D OpenGLRenderer: Enabling debug mode 0
07-07 21:36:52.154   143   159 I Process : Sending signal. PID: 4945 SIG: 3
07-07 21:36:52.154  4945  4949 I dalvikvm: threadid=3: reacting to signal 3
07-07 21:36:52.178  4945  4949 I dalvikvm: Wrote stack traces to '/data/anr/traces.txt'
07-07 21:36:52.525   143   176 I ActivityManager: Displayed com.facebook.orca/.threadlist.ThreadListActivity: +1s372ms (total +1s854ms)
07-07 21:36:52.545   143   395 W InputManagerService: Starting input on non-focused client com.android.internal.view.IInputMethodClient$Stub$Proxy@4178e160 (uid=10026 pid=371)
07-07 21:36:52.697   344   344 D SAN_SERVICE: *******************************************
07-07 21:36:52.697   344   344 D SAN_SERVICE: DM App Phone Service State - 0
07-07 21:36:52.697   344   344 D SAN_SERVICE: *******************************************
07-07 21:36:52.732  4945  4947 D dalvikvm: GC_CONCURRENT freed 851K, 8% free 11628K/12551K, paused 2ms+6ms
07-07 21:36:52.935   344   344 D SAN_SERVICE: *******************************************
07-07 21:36:52.935   344   344 D SAN_SERVICE: DM App Phone Service State - 0
07-07 21:36:52.935   344   344 D SAN_SERVICE: *******************************************
07-07 21:36:53.342  4945  4945 D dalvikvm: GC_FOR_ALLOC freed 604K, 7% free 11811K/12615K, paused 37ms
07-07 21:36:53.670   325   327 D dalvikvm: GC_CONCURRENT freed 390K, 18% free 10021K/12103K, paused 2ms+2ms
07-07 21:36:53.689   344   344 D SAN_SERVICE: *******************************************
07-07 21:36:53.689   344   344 D SAN_SERVICE: DM App Phone Service State - 0
07-07 21:36:53.689   344   344 D SAN_SERVICE: *******************************************
07-07 21:36:53.810  4945  4947 D dalvikvm: GC_CONCURRENT freed 582K, 6% free 12217K/12871K, paused 2ms+4ms
07-07 21:36:54.228  4945  4947 D dalvikvm: GC_CONCURRENT freed 921K, 8% free 12304K/13319K, paused 2ms+4ms
07-07 21:36:55.143   143   143 I ActivityManager: START {cmp=com.facebook.orca/.threadview.ThreadViewActivity (has extras)} from pid 4945
07-07 21:36:55.326   143   143 D dalvikvm: GC_FOR_ALLOC freed 1668K, 18% free 16103K/19463K, paused 132ms
07-07 21:36:55.600  4945  4947 D dalvikvm: GC_CONCURRENT freed 881K, 8% free 12559K/13511K, paused 8ms+5ms
07-07 21:36:55.857   143   159 I Process : Sending signal. PID: 4945 SIG: 3
07-07 21:36:55.857  4945  4949 I dalvikvm: threadid=3: reacting to signal 3
07-07 21:36:55.908  4945  4949 I dalvikvm: Wrote stack traces to '/data/anr/traces.txt'
07-07 21:36:55.975  4945  4947 D dalvikvm: GC_CONCURRENT freed 712K, 6% free 12973K/13767K, paused 2ms+5ms
07-07 21:36:56.076   221   221 V PhoneStatusBar: setLightsOn(true)
07-07 21:36:56.287   143   176 I ActivityManager: Displayed com.facebook.orca/.threadview.ThreadViewActivity: +931ms
07-07 21:36:56.334  4945  4945 D OpenGLRenderer: Flushing caches (mode 0)
07-07 21:36:56.670  4945  4947 D dalvikvm: GC_CONCURRENT freed 1276K, 10% free 13060K/14407K, paused 47ms+5ms
07-07 21:36:57.654  4945  4947 D dalvikvm: GC_CONCURRENT freed 886K, 7% free 13538K/14535K, paused 16ms+8ms
07-07 21:36:58.092  4945  4952 I dalvikvm: Jit: resizing JitTable from 4096 to 8192
07-07 21:36:58.135  5949  5952 D dalvikvm: GC_CONCURRENT freed 457K, 5% free 10858K/11399K, paused 2ms+4ms
07-07 21:36:58.205  4945  4947 D dalvikvm: GC_CONCURRENT freed 1407K, 11% free 13589K/15111K, paused 3ms+6ms
07-07 21:36:58.420   325   325 D dalvikvm: GC_FOR_ALLOC freed 195K, 18% free 10019K/12103K, paused 15ms
07-07 21:36:58.420   325   325 I dalvikvm-heap: Grow heap (frag case) to 10.559MB for 739216-byte allocation
07-07 21:36:58.494   325   327 D dalvikvm: GC_CONCURRENT freed <1K, 12% free 10740K/12103K, paused 4ms+10ms
07-07 21:36:58.717   221   223 D dalvikvm: GC_CONCURRENT freed 314K, 31% free 9849K/14215K, paused 2ms+4ms
07-07 21:36:58.830   143  2263 I ActivityManager: Process com.google.android.apps.maps:NetworkLocationService (pid 4625) has died.
07-07 21:36:58.834   143  2263 W ActivityManager: Scheduling restart of crashed service com.google.android.apps.maps/com.google.android.location.internal.server.NetworkLocationService in 5000ms
07-07 21:36:59.283  4945  4947 D dalvikvm: GC_CONCURRENT freed 1373K, 10% free 13673K/15175K, paused 3ms+5ms
07-07 21:36:59.475  5949  5952 D dalvikvm: GC_CONCURRENT freed 605K, 6% free 10914K/11591K, paused 43ms+71ms
07-07 21:36:59.732  4945  4947 D dalvikvm: GC_CONCURRENT freed 1385K, 10% free 13723K/15239K, paused 2ms+7ms
07-07 21:37:00.107  4945  4947 D dalvikvm: GC_CONCURRENT freed 1412K, 11% free 13756K/15303K, paused 3ms+5ms
07-07 21:37:00.435  4945  4947 D dalvikvm: GC_CONCURRENT freed 1470K, 11% free 13770K/15367K, paused 2ms+6ms
07-07 21:37:00.475  5949  5952 D dalvikvm: GC_CONCURRENT freed 525K, 6% free 10954K/11591K, paused 91ms+3ms
07-07 21:37:00.736  4945  4947 D dalvikvm: GC_CONCURRENT freed 1457K, 11% free 13789K/15367K, paused 2ms+6ms
07-07 21:37:02.057  5949  5952 D dalvikvm: GC_CONCURRENT freed 482K, 6% free 11044K/11655K, paused 2ms+3ms
07-07 21:37:02.264  5949  5952 D dalvikvm: GC_CONCURRENT freed 644K, 7% free 11131K/11847K, paused 2ms+3ms
07-07 21:37:03.916   143   160 I ActivityManager: Start proc com.google.android.apps.maps:NetworkLocationService for service com.google.android.apps.maps/com.google.android.location.internal.server.NetworkLocationService: pid=6324 uid=10056 gids={3003, 1015}
07-07 21:37:04.072  6324  6326 D dalvikvm: GC_CONCURRENT freed 161K, 3% free 9375K/9607K, paused 7ms+6ms
07-07 21:37:04.228   143   155 I ActivityManager: Process com.google.android.apps.plus (pid 5891) has died.
07-07 21:37:04.525   371   371 D OpenGLRenderer: Flushing caches (mode 1)
07-07 21:37:04.529  5747  5747 D OpenGLRenderer: Flushing caches (mode 2)
07-07 21:37:04.533  5747  5747 D OpenGLRenderer: Flushing caches (mode 0)
07-07 21:37:04.533  5747  5747 W ManagedEGLContext: doTerminate failed: EGL count is 2 but managed count is 1
07-07 21:37:04.658  6324  6326 D dalvikvm: GC_CONCURRENT freed 155K, 3% free 9676K/9927K, paused 2ms+3ms
07-07 21:37:05.080  6324  6326 D dalvikvm: GC_CONCURRENT freed 172K, 3% free 10068K/10311K, paused 2ms+3ms
07-07 21:37:05.283  6324  6326 D dalvikvm: GC_CONCURRENT freed 667K, 8% free 9887K/10631K, paused 1ms+2ms
07-07 21:37:05.346   143   160 I ActivityManager: Start proc com.google.android.apps.maps:FriendService for broadcast com.google.android.apps.maps/com.google.googlenav.friend.android.ServiceReceiver: pid=6345 uid=10056 gids={3003, 1015}
07-07 21:37:05.467  6345  6348 D dalvikvm: GC_CONCURRENT freed 163K, 3% free 9372K/9607K, paused 3ms+2ms
07-07 21:37:05.619  6345  6348 D dalvikvm: GC_CONCURRENT freed 199K, 3% free 9718K/9991K, paused 1ms+3ms
07-07 21:37:05.775  6324  6331 I dalvikvm: Total arena pages for JIT: 11
07-07 21:37:05.775  6324  6331 I dalvikvm: Total arena pages for JIT: 12
07-07 21:37:05.775  6324  6331 I dalvikvm: Total arena pages for JIT: 13
07-07 21:37:05.775  6324  6331 I dalvikvm: Total arena pages for JIT: 14
07-07 21:37:05.779  6324  6331 I dalvikvm: Total arena pages for JIT: 15
07-07 21:37:05.779  6324  6331 I dalvikvm: Total arena pages for JIT: 16
07-07 21:37:05.779  6324  6331 I dalvikvm: Total arena pages for JIT: 17
07-07 21:37:05.881  6324  6331 I dalvikvm: Total arena pages for JIT: 18
07-07 21:37:05.982  6324  6326 D dalvikvm: GC_CONCURRENT freed 203K, 5% free 10176K/10631K, paused 1ms+4ms
07-07 21:37:06.287  6324  6326 D dalvikvm: GC_CONCURRENT freed 312K, 5% free 10322K/10759K, paused 1ms+3ms
07-07 21:37:06.674  6324  6326 D dalvikvm: GC_CONCURRENT freed 456K, 5% free 10349K/10887K, paused 3ms+3ms
07-07 21:37:07.560   371   371 D OpenGLRenderer: Flushing caches (mode 1)
07-07 21:37:07.596  5747  5747 D OpenGLRenderer: Flushing caches (mode 2)
07-07 21:37:07.596  5747  5747 D OpenGLRenderer: Flushing caches (mode 0)
07-07 21:37:07.596  5747  5747 W ManagedEGLContext: doTerminate failed: EGL count is 2 but managed count is 1
07-07 21:37:07.670  4398  4401 D dalvikvm: GC_CONCURRENT freed 455K, 8% free 10165K/10951K, paused 2ms+3ms
07-07 21:37:08.764   371   371 D OpenGLRenderer: Flushing caches (mode 1)
07-07 21:37:08.771  5747  5747 D OpenGLRenderer: Flushing caches (mode 2)
07-07 21:37:08.771  5747  5747 D OpenGLRenderer: Flushing caches (mode 0)
07-07 21:37:08.771  5747  5747 W ManagedEGLContext: doTerminate failed: EGL count is 2 but managed count is 1
07-07 21:37:08.783  5747  5747 W GeckoBatteryManager: When charging, level should increase!
07-07 21:37:10.010  5105  5118 I PhoneLab-: Service Running
07-07 21:37:10.131  5105  5118 I PhoneLab-LoggerService: app_37    1296  1     1436   996   c00f181c 400107b4 S logcat
07-07 21:37:10.131  5105  5118 I PhoneLab-LoggerService: Logcat pid from database 1296
07-07 21:37:10.131  5105  5118 I PhoneLab-LoggerService: Logcat process found 1296
07-07 21:37:10.135  5105  5118 I PhoneLab-LoggerService: Checking Threshold
07-07 21:37:13.170   344   344 D SAN_SERVICE: *******************************************
07-07 21:37:13.170   344   344 D SAN_SERVICE: DM App Phone Service State - 0
07-07 21:37:13.170   344   344 D SAN_SERVICE: *******************************************
07-07 21:37:13.443   344   344 D SAN_SERVICE: *******************************************
07-07 21:37:13.443   344   344 D SAN_SERVICE: DM App Phone Service State - 0
07-07 21:37:13.443   344   344 D SAN_SERVICE: *******************************************
07-07 21:37:13.736   221   223 D dalvikvm: GC_CONCURRENT freed 330K, 31% free 9903K/14215K, paused 1ms+3ms
07-07 21:37:14.135   344   344 D SAN_SERVICE: *******************************************
07-07 21:37:14.135   344   344 D SAN_SERVICE: DM App Phone Service State - 0
07-07 21:37:14.135   344   344 D SAN_SERVICE: *******************************************
07-07 21:37:15.592  4945  4947 D dalvikvm: GC_CONCURRENT freed 1441K, 10% free 13982K/15495K, paused 2ms+9ms
07-07 21:37:17.588  4945  4947 D dalvikvm: GC_CONCURRENT freed 1675K, 12% free 14005K/15751K, paused 2ms+6ms
07-07 21:37:18.607  4945  4947 D dalvikvm: GC_CONCURRENT freed 1637K, 12% free 13964K/15751K, paused 2ms+6ms
07-07 21:37:23.424   344   344 D SAN_SERVICE: *******************************************
07-07 21:37:23.424   344   344 D SAN_SERVICE: DM App Phone Service State - 0
07-07 21:37:23.424   344   344 D SAN_SERVICE: *******************************************
07-07 21:37:23.674   344   344 D SAN_SERVICE: *******************************************
07-07 21:37:23.674   344   344 D SAN_SERVICE: DM App Phone Service State - 0
07-07 21:37:23.674   344   344 D SAN_SERVICE: *******************************************
07-07 21:37:23.951   344   344 D SAN_SERVICE: *******************************************
07-07 21:37:23.951   344   344 D SAN_SERVICE: DM App Phone Service State - 0
07-07 21:37:23.951   344   344 D SAN_SERVICE: *******************************************
07-07 21:38:06.791   143   143 D dalvikvm: GC_EXPLICIT freed 586K, 18% free 16091K/19463K, paused 23ms+7ms
07-07 21:38:08.146  6324  6326 D dalvikvm: GC_CONCURRENT freed 512K, 6% free 10350K/10951K, paused 2ms+3ms
07-07 21:38:08.178   371   371 D OpenGLRenderer: Flushing caches (mode 1)
07-07 21:38:08.182  5747  5747 D OpenGLRenderer: Flushing caches (mode 2)
07-07 21:38:08.182  5747  5747 D OpenGLRenderer: Flushing caches (mode 0)
07-07 21:38:08.182  5747  5747 W ManagedEGLContext: doTerminate failed: EGL count is 2 but managed count is 1
07-07 21:38:08.252  5105  5107 D dalvikvm: GC_CONCURRENT freed 890K, 15% free 9132K/10631K, paused 2ms+2ms
07-07 21:38:08.322  4398  4401 D dalvikvm: GC_CONCURRENT freed 434K, 8% free 10146K/10951K, paused 2ms+2ms
07-07 21:38:35.154   344   344 D SAN_SERVICE: *******************************************
07-07 21:38:35.154   344   344 D SAN_SERVICE: DM App Phone Service State - 0
07-07 21:38:35.154   344   344 D SAN_SERVICE: *******************************************
07-07 21:38:35.943   344   344 D SAN_SERVICE: *******************************************
07-07 21:38:35.943   344   344 D SAN_SERVICE: DM App Phone Service State - 0
07-07 21:38:35.943   344   344 D SAN_SERVICE: *******************************************
07-07 21:38:45.357   344   344 D SAN_SERVICE: *******************************************
07-07 21:38:45.357   344   344 D SAN_SERVICE: DM App Phone Service State - 0
07-07 21:38:45.357   344   344 D SAN_SERVICE: *******************************************
07-07 21:39:08.240   371   371 D OpenGLRenderer: Flushing caches (mode 1)
07-07 21:39:08.244  5747  5747 D OpenGLRenderer: Flushing caches (mode 2)
07-07 21:39:08.248  5747  5747 D OpenGLRenderer: Flushing caches (mode 0)
07-07 21:39:08.248  5747  5747 W ManagedEGLContext: doTerminate failed: EGL count is 2 but managed count is 1
07-07 21:39:10.010  5105  5118 I PhoneLab-: Service Running
07-07 21:39:10.084  5105  5118 I PhoneLab-LoggerService: app_37    1296  1     1436   996   c00f181c 400107b4 S logcat
07-07 21:39:10.084  5105  5118 I PhoneLab-LoggerService: Logcat pid from database 1296
07-07 21:39:10.084  5105  5118 I PhoneLab-LoggerService: Logcat process found 1296
07-07 21:39:10.084  5105  5118 I PhoneLab-LoggerService: Checking Threshold
07-07 21:39:12.623   143   200 D DhcpInfoInternal: makeLinkProperties with empty dns2!
07-07 21:39:12.631   143   200 D DhcpInfoInternal: makeLinkProperties with empty dns2!
07-07 21:39:48.475   344   344 D SAN_SERVICE: *******************************************
07-07 21:39:48.475   344   344 D SAN_SERVICE: DM App Phone Service State - 0
07-07 21:39:48.475   344   344 D SAN_SERVICE: *******************************************
07-07 21:40:07.303   344   344 D SAN_SERVICE: *******************************************
07-07 21:40:07.303   344   344 D SAN_SERVICE: DM App Phone Service State - 0
07-07 21:40:07.303   344   344 D SAN_SERVICE: *******************************************
07-07 21:40:07.760   344   344 D SAN_SERVICE: *******************************************
07-07 21:40:07.760   344   344 D SAN_SERVICE: DM App Phone Service State - 0
07-07 21:40:07.760   344   344 D SAN_SERVICE: *******************************************
07-07 21:40:08.318  6324  6326 D dalvikvm: GC_CONCURRENT freed 504K, 6% free 10358K/10951K, paused 2ms+3ms
07-07 21:40:08.350   371   371 D OpenGLRenderer: Flushing caches (mode 1)
07-07 21:40:08.353  5747  5747 D OpenGLRenderer: Flushing caches (mode 2)
07-07 21:40:08.353  5747  5747 D OpenGLRenderer: Flushing caches (mode 0)
07-07 21:40:08.353  5747  5747 W ManagedEGLContext: doTerminate failed: EGL count is 2 but managed count is 1
07-07 21:40:08.459  4398  4401 D dalvikvm: GC_CONCURRENT freed 478K, 8% free 10177K/10951K, paused 2ms+3ms
07-07 21:40:08.611  4398  4401 D dalvikvm: GC_CONCURRENT freed 223K, 6% free 10340K/10951K, paused 2ms+3ms
07-07 21:40:29.385   344   344 D SAN_SERVICE: *******************************************
07-07 21:40:29.385   344   344 D SAN_SERVICE: DM App Phone Service State - 0
07-07 21:40:29.385   344   344 D SAN_SERVICE: *******************************************
07-07 21:40:29.432   344   350 D dalvikvm: GC_CONCURRENT freed 427K, 6% free 9497K/10055K, paused 2ms+2ms
07-07 21:40:29.689   344   344 D SAN_SERVICE: *******************************************
07-07 21:40:29.689   344   344 D SAN_SERVICE: DM App Phone Service State - 0
07-07 21:40:29.693   344   344 D SAN_SERVICE: *******************************************
07-07 21:41:08.326   371   371 D OpenGLRenderer: Flushing caches (mode 1)
07-07 21:41:08.330  5747  5747 D OpenGLRenderer: Flushing caches (mode 2)
07-07 21:41:08.330  5747  5747 D OpenGLRenderer: Flushing caches (mode 0)
07-07 21:41:08.330  5747  5747 W ManagedEGLContext: doTerminate failed: EGL count is 2 but managed count is 1
07-07 21:41:08.412  4398  4401 D dalvikvm: GC_CONCURRENT freed 663K, 7% free 10192K/10951K, paused 1ms+2ms
07-07 21:41:08.713   344   344 D SAN_SERVICE: *******************************************
07-07 21:41:08.713   344   344 D SAN_SERVICE: DM App Phone Service State - 0
07-07 21:41:08.713   344   344 D SAN_SERVICE: *******************************************
07-07 21:41:08.982   344   344 D SAN_SERVICE: *******************************************
07-07 21:41:08.982   344   344 D SAN_SERVICE: DM App Phone Service State - 0
07-07 21:41:08.982   344   344 D SAN_SERVICE: *******************************************
07-07 21:41:09.260   344   344 D SAN_SERVICE: *******************************************
07-07 21:41:09.260   344   344 D SAN_SERVICE: DM App Phone Service State - 0
07-07 21:41:09.260   344   344 D SAN_SERVICE: *******************************************
07-07 21:41:10.010  5105  5118 I PhoneLab-: Service Running
07-07 21:41:10.107  5105  5118 I PhoneLab-LoggerService: app_37    1296  1     1436   996   c00f181c 400107b4 S logcat
07-07 21:41:10.111  5105  5118 I PhoneLab-LoggerService: Logcat pid from database 1296
07-07 21:41:10.111  5105  5118 I PhoneLab-LoggerService: Logcat process found 1296
07-07 21:41:10.111  5105  5118 I PhoneLab-LoggerService: Checking Threshold
07-07 21:41:24.092   344   344 D SAN_SERVICE: *******************************************
07-07 21:41:24.092   344   344 D SAN_SERVICE: DM App Phone Service State - 0
07-07 21:41:24.092   344   344 D SAN_SERVICE: *******************************************
07-07 21:41:24.818   344   344 D SAN_SERVICE: *******************************************
07-07 21:41:24.818   344   344 D SAN_SERVICE: DM App Phone Service State - 0
07-07 21:41:24.818   344   344 D SAN_SERVICE: *******************************************
07-07 21:41:37.498   143   200 D DhcpInfoInternal: makeLinkProperties with empty dns2!
07-07 21:41:37.514   143   200 D DhcpInfoInternal: makeLinkProperties with empty dns2!
07-07 21:41:59.975   344   344 D SAN_SERVICE: *******************************************
07-07 21:41:59.975   344   344 D SAN_SERVICE: DM App Phone Service State - 0
07-07 21:41:59.975   344   344 D SAN_SERVICE: *******************************************
07-07 21:42:00.260   344   344 D SAN_SERVICE: *******************************************
07-07 21:42:00.260   344   344 D SAN_SERVICE: DM App Phone Service State - 0
07-07 21:42:00.260   344   344 D SAN_SERVICE: *******************************************
07-07 21:42:00.478   344   344 D SAN_SERVICE: *******************************************
07-07 21:42:00.478   344   344 D SAN_SERVICE: DM App Phone Service State - 0
07-07 21:42:00.482   344   344 D SAN_SERVICE: *******************************************
07-07 21:42:08.365  6324  6326 D dalvikvm: GC_CONCURRENT freed 502K, 6% free 10364K/10951K, paused 3ms+3ms
07-07 21:42:08.396   371   371 D OpenGLRenderer: Flushing caches (mode 1)
07-07 21:42:08.400  5747  5747 D OpenGLRenderer: Flushing caches (mode 2)
07-07 21:42:08.400  5747  5747 D OpenGLRenderer: Flushing caches (mode 0)
07-07 21:42:08.400  5747  5747 W ManagedEGLContext: doTerminate failed: EGL count is 2 but managed count is 1
07-07 21:42:08.506  4398  4401 D dalvikvm: GC_CONCURRENT freed 448K, 7% free 10189K/10951K, paused 2ms+3ms
07-07 21:42:08.611  4398  4401 D dalvikvm: GC_CONCURRENT freed 184K, 6% free 10391K/10951K, paused 2ms+2ms
07-07 21:42:20.420   344   344 D SAN_SERVICE: *******************************************
07-07 21:42:20.420   344   344 D SAN_SERVICE: DM App Phone Service State - 0
07-07 21:42:20.420   344   344 D SAN_SERVICE: *******************************************
07-07 21:42:20.619   344   344 D SAN_SERVICE: *******************************************
07-07 21:42:20.619   344   344 D SAN_SERVICE: DM App Phone Service State - 0
07-07 21:42:20.619   344   344 D SAN_SERVICE: *******************************************
07-07 21:42:20.920   344   344 D SAN_SERVICE: *******************************************
07-07 21:42:20.920   344   344 D SAN_SERVICE: DM App Phone Service State - 0
07-07 21:42:20.920   344   344 D SAN_SERVICE: *******************************************
07-07 21:42:25.361   143   169 I ActivityManager: Start proc com.google.android.apps.currents for service com.google.android.apps.currents/com.google.apps.dots.android.app.service.SyncService: pid=6424 uid=10078 gids={3003, 1015}
07-07 21:42:25.705  6424  6424 I ActivityThread: Pub com.google.apps.dots.android.app.provider.SuggestionProvider: com.google.apps.dots.android.app.provider.SuggestionProvider
07-07 21:42:25.713  6424  6424 I ActivityThread: Pub com.google.android.apps.currents.exported: com.google.apps.dots.android.app.provider.ExportedContentProvider
07-07 21:42:25.799  6424  6426 D dalvikvm: GC_CONCURRENT freed 170K, 3% free 9365K/9607K, paused 11ms+2ms
07-07 21:42:25.865  6424  6426 D dalvikvm: GC_CONCURRENT freed 263K, 5% free 9585K/9991K, paused 2ms+2ms
07-07 21:42:25.986  6424  6426 D dalvikvm: GC_CONCURRENT freed 231K, 4% free 9830K/10183K, paused 2ms+2ms
07-07 21:42:26.150  6424  6426 D dalvikvm: GC_CONCURRENT freed 234K, 4% free 10100K/10439K, paused 1ms+3ms
07-07 21:42:26.189  6424  6424 I DotsContentUris: content://com.google.android.apps.currents
07-07 21:42:26.197  6424  6424 I ActivityThread: Pub com.google.android.apps.currents: com.google.apps.dots.android.app.provider.DotsContentProvider
07-07 21:42:26.205  6424  6424 I DotsApplication: Starting up...
07-07 21:42:26.471  6424  6426 D dalvikvm: GC_CONCURRENT freed 425K, 6% free 10151K/10695K, paused 7ms+2ms
07-07 21:42:26.768  6424  6426 D dalvikvm: GC_CONCURRENT freed 298K, 4% free 10336K/10759K, paused 3ms+4ms
07-07 21:42:26.795  6424  6445 I SyncService: Starting sync (21:42:26)
07-07 21:42:29.307  6424  6426 D dalvikvm: GC_CONCURRENT freed 282K, 4% free 10470K/10887K, paused 2ms+2ms
07-07 21:42:29.541  6424  6426 D dalvikvm: GC_CONCURRENT freed 175K, 3% free 10711K/11015K, paused 2ms+4ms
07-07 21:42:29.666  6424  6426 D dalvikvm: GC_CONCURRENT freed 525K, 7% free 10707K/11399K, paused 2ms+2ms
07-07 21:42:29.955  6424  6426 D dalvikvm: GC_CONCURRENT freed 448K, 7% free 10694K/11399K, paused 2ms+2ms
07-07 21:42:30.252  6424  6426 D dalvikvm: GC_CONCURRENT freed 358K, 6% free 10768K/11399K, paused 2ms+6ms
07-07 21:42:31.076   143   395 D SyncManager: setSyncAutomatically: , provider com.google.android.apps.currents -> true
07-07 21:42:31.080   143   395 D SyncManager: setSyncAutomatically: already set to true, doing nothing
07-07 21:42:31.295  6424  6426 D dalvikvm: GC_CONCURRENT freed 339K, 5% free 10926K/11463K, paused 4ms+3ms
07-07 21:42:31.463  6424  6426 D dalvikvm: GC_CONCURRENT freed 263K, 4% free 11210K/11591K, paused 4ms+3ms
07-07 21:42:31.678   143   311 D dalvikvm: GC_EXPLICIT freed 998K, 18% free 16128K/19463K, paused 5ms+8ms
07-07 21:42:31.803  6424  6426 D dalvikvm: GC_CONCURRENT freed 310K, 4% free 11541K/11975K, paused 2ms+6ms
07-07 21:42:32.146  6424  6426 D dalvikvm: GC_CONCURRENT freed 1090K, 10% free 11200K/12423K, paused 2ms+4ms
07-07 21:42:32.514  6424  6426 D dalvikvm: GC_CONCURRENT freed 577K, 10% free 11222K/12423K, paused 2ms+3ms
07-07 21:42:33.174  6424  6426 D dalvikvm: GC_CONCURRENT freed 606K, 10% free 11229K/12423K, paused 2ms+2ms
07-07 21:42:33.217   143   308 I ActivityManager: Process android.process.media (pid 3247) has died.
07-07 21:42:33.955  6424  6426 D dalvikvm: GC_CONCURRENT freed 621K, 10% free 11220K/12423K, paused 1ms+3ms
07-07 21:42:34.139  6424  6426 D dalvikvm: GC_CONCURRENT freed 552K, 10% free 11282K/12423K, paused 2ms+2ms
07-07 21:42:34.924  6424  6426 D dalvikvm: GC_CONCURRENT freed 660K, 10% free 11251K/12423K, paused 3ms+2ms
07-07 21:42:35.428  6424  6426 D dalvikvm: GC_CONCURRENT freed 605K, 10% free 11260K/12423K, paused 2ms+3ms
07-07 21:42:35.646  6424  6426 D dalvikvm: GC_CONCURRENT freed 600K, 10% free 11278K/12423K, paused 2ms+3ms
07-07 21:42:36.178  6424  6426 D dalvikvm: GC_CONCURRENT freed 623K, 10% free 11279K/12423K, paused 2ms+2ms
07-07 21:42:37.846  6424  6426 D dalvikvm: GC_CONCURRENT freed 612K, 10% free 11292K/12423K, paused 2ms+4ms
07-07 21:42:38.471  6424  6426 D dalvikvm: GC_CONCURRENT freed 626K, 9% free 11307K/12423K, paused 3ms+3ms
07-07 21:42:38.623  6424  6426 D dalvikvm: GC_CONCURRENT freed 627K, 9% free 11317K/12423K, paused 2ms+3ms
07-07 21:42:39.221  6424  6426 D dalvikvm: GC_CONCURRENT freed 652K, 9% free 11305K/12423K, paused 2ms+2ms
07-07 21:42:39.846  6424  6426 D dalvikvm: GC_CONCURRENT freed 644K, 10% free 11301K/12423K, paused 2ms+3ms
07-07 21:42:40.010  6424  6426 D dalvikvm: GC_CONCURRENT freed 593K, 9% free 11340K/12423K, paused 2ms+2ms
07-07 21:42:40.842  6424  6426 D dalvikvm: GC_CONCURRENT freed 662K, 9% free 11323K/12423K, paused 2ms+6ms
07-07 21:42:41.701  6424  6426 D dalvikvm: GC_CONCURRENT freed 652K, 9% free 11318K/12423K, paused 2ms+2ms
07-07 21:42:42.053  6424  6426 D dalvikvm: GC_CONCURRENT freed 632K, 9% free 11324K/12423K, paused 2ms+2ms
07-07 21:42:43.822  6424  6426 D dalvikvm: GC_CONCURRENT freed 606K, 9% free 11359K/12423K, paused 2ms+3ms
07-07 21:42:45.150  6424  6426 D dalvikvm: GC_CONCURRENT freed 623K, 9% free 11388K/12423K, paused 2ms+3ms
07-07 21:42:45.295  6424  6426 D dalvikvm: GC_CONCURRENT freed 648K, 9% free 11421K/12423K, paused 2ms+2ms
07-07 21:42:45.486  6424  6426 D dalvikvm: GC_CONCURRENT freed 651K, 8% free 11442K/12423K, paused 2ms+4ms
07-07 21:42:45.603   143  1922 D dalvikvm: GC_EXPLICIT freed 463K, 18% free 16047K/19463K, paused 3ms+7ms
07-07 21:42:49.131  6424  6426 D dalvikvm: GC_CONCURRENT freed 706K, 9% free 11414K/12423K, paused 2ms+5ms
07-07 21:42:49.268  6424  6426 D dalvikvm: GC_CONCURRENT freed 702K, 9% free 11386K/12423K, paused 2ms+3ms
07-07 21:42:49.408  6424  6426 D dalvikvm: GC_CONCURRENT freed 635K, 8% free 11438K/12423K, paused 2ms+3ms
07-07 21:42:49.564  6424  6426 D dalvikvm: GC_CONCURRENT freed 664K, 8% free 11454K/12423K, paused 2ms+3ms
07-07 21:42:49.697  6424  6447 D dalvikvm: GC_EXPLICIT freed 302K, 8% free 11460K/12423K, paused 6ms+4ms
07-07 21:42:50.869  6424  6426 D dalvikvm: GC_CONCURRENT freed 760K, 9% free 11389K/12423K, paused 8ms+3ms
07-07 21:42:51.014  6424  6426 D dalvikvm: GC_CONCURRENT freed 642K, 9% free 11414K/12423K, paused 2ms+3ms
07-07 21:42:51.834  6424  6447 D dalvikvm: GC_FOR_ALLOC freed 493K, 9% free 11419K/12423K, paused 27ms
07-07 21:42:51.834  6424  6447 I dalvikvm-heap: Grow heap (frag case) to 11.284MB for 65290-byte allocation
07-07 21:42:51.861  6424  6447 D dalvikvm: GC_FOR_ALLOC freed 39K, 9% free 11443K/12487K, paused 26ms
07-07 21:42:51.893  6424  6447 D dalvikvm: GC_FOR_ALLOC freed <1K, 9% free 11443K/12487K, paused 26ms
07-07 21:42:51.893  6424  6447 I dalvikvm-heap: Grow heap (frag case) to 11.373MB for 132956-byte allocation
07-07 21:42:51.920  6424  6447 D dalvikvm: GC_FOR_ALLOC freed 63K, 10% free 11510K/12679K, paused 26ms
07-07 21:42:51.951  6424  6447 D dalvikvm: GC_FOR_ALLOC freed 134K, 10% free 11463K/12679K, paused 27ms
07-07 21:42:52.525  6424  6426 D dalvikvm: GC_CONCURRENT freed 736K, 10% free 11414K/12679K, paused 2ms+3ms
07-07 21:42:52.685  6424  6426 D dalvikvm: GC_CONCURRENT freed 638K, 10% free 11449K/12679K, paused 2ms+2ms
07-07 21:42:53.381  6424  6426 D dalvikvm: GC_CONCURRENT freed 806K, 11% free 11325K/12679K, paused 2ms+2ms
07-07 21:42:53.525  6424  6426 D dalvikvm: GC_CONCURRENT freed 547K, 10% free 11420K/12679K, paused 2ms+3ms
07-07 21:42:53.674  6424  6426 D dalvikvm: GC_CONCURRENT freed 636K, 10% free 11466K/12679K, paused 3ms+4ms
07-07 21:42:54.514  6424  6426 D dalvikvm: GC_CONCURRENT freed 699K, 10% free 11458K/12679K, paused 2ms+3ms
07-07 21:42:54.658  6424  6426 D dalvikvm: GC_CONCURRENT freed 647K, 10% free 11499K/12679K, paused 2ms+3ms
07-07 21:42:56.385  6424  6426 D dalvikvm: GC_CONCURRENT freed 778K, 10% free 11429K/12679K, paused 9ms+3ms
07-07 21:42:56.787  6424  6426 D dalvikvm: GC_CONCURRENT freed 688K, 10% free 11422K/12679K, paused 2ms+3ms
07-07 21:42:57.037  6424  6426 D dalvikvm: GC_CONCURRENT freed 688K, 10% free 11412K/12679K, paused 3ms+3ms
07-07 21:42:57.396  6424  6426 D dalvikvm: GC_CONCURRENT freed 614K, 10% free 11473K/12679K, paused 11ms+3ms
07-07 21:42:57.502  6424  6426 D dalvikvm: GC_CONCURRENT freed 499K, 8% free 11666K/12679K, paused 2ms+2ms
07-07 21:42:57.639  6424  6426 D dalvikvm: GC_CONCURRENT freed 499K, 6% free 11921K/12679K, paused 2ms+3ms
07-07 21:42:57.814  6424  6426 D dalvikvm: GC_CONCURRENT freed 1237K, 11% free 11564K/12935K, paused 3ms+3ms
07-07 21:42:58.107  6424  6426 D dalvikvm: GC_CONCURRENT freed 976K, 13% free 11309K/12935K, paused 21ms+2ms
07-07 21:42:59.127  6424  6445 I SyncService: sync service finished (21:42:59)
07-07 21:43:07.146   371   371 D OpenGLRenderer: Flushing caches (mode 1)
07-07 21:43:07.228   143   154 D dalvikvm: GC_EXPLICIT freed 461K, 18% free 16044K/19463K, paused 6ms+6ms
07-07 21:43:07.228  5747  5747 D OpenGLRenderer: Flushing caches (mode 2)
07-07 21:43:07.232  5747  5747 D OpenGLRenderer: Flushing caches (mode 0)
07-07 21:43:07.232  5747  5747 W ManagedEGLContext: doTerminate failed: EGL count is 2 but managed count is 1
07-07 21:43:08.580   371   371 D OpenGLRenderer: Flushing caches (mode 1)
07-07 21:43:08.588  5747  5747 D OpenGLRenderer: Flushing caches (mode 2)
07-07 21:43:08.592  5747  5747 D OpenGLRenderer: Flushing caches (mode 0)
07-07 21:43:08.596  5747  5747 W ManagedEGLContext: doTerminate failed: EGL count is 2 but managed count is 1
07-07 21:43:08.670   305  1913 D dalvikvm: GC_EXPLICIT freed 429K, 5% free 10385K/10887K, paused 7ms+11ms
07-07 21:43:10.021  5105  5118 I PhoneLab-: Service Running
07-07 21:43:10.115  5105  5118 I PhoneLab-LoggerService: app_37    1296  1     1436   996   c00f181c 400107b4 S logcat
07-07 21:43:10.115  5105  5118 I PhoneLab-LoggerService: Logcat pid from database 1296
07-07 21:43:10.115  5105  5118 I PhoneLab-LoggerService: Logcat process found 1296
07-07 21:43:10.115  5105  5118 I PhoneLab-LoggerService: Checking Threshold
07-07 21:43:26.955   344   344 D SAN_SERVICE: *******************************************
07-07 21:43:26.955   344   344 D SAN_SERVICE: DM App Phone Service State - 0
07-07 21:43:26.955   344   344 D SAN_SERVICE: *******************************************
07-07 21:43:27.225   344   344 D SAN_SERVICE: *******************************************
07-07 21:43:27.225   344   344 D SAN_SERVICE: DM App Phone Service State - 0
07-07 21:43:27.225   344   344 D SAN_SERVICE: *******************************************
07-07 21:43:42.342   344   344 D SAN_SERVICE: *******************************************
07-07 21:43:42.342   344   344 D SAN_SERVICE: DM App Phone Service State - 0
07-07 21:43:42.342   344   344 D SAN_SERVICE: *******************************************
07-07 21:43:43.072   344   344 D SAN_SERVICE: *******************************************
07-07 21:43:43.072   344   344 D SAN_SERVICE: DM App Phone Service State - 0
07-07 21:43:43.072   344   344 D SAN_SERVICE: *******************************************
07-07 21:43:54.260   344   344 D SAN_SERVICE: *******************************************
07-07 21:43:54.260   344   344 D SAN_SERVICE: DM App Phone Service State - 0
07-07 21:43:54.260   344   344 D SAN_SERVICE: *******************************************
07-07 21:43:55.014   344   344 D SAN_SERVICE: *******************************************
07-07 21:43:55.014   344   344 D SAN_SERVICE: DM App Phone Service State - 0
07-07 21:43:55.014   344   344 D SAN_SERVICE: *******************************************
07-07 21:44:02.393   143   200 D DhcpInfoInternal: makeLinkProperties with empty dns2!
07-07 21:44:02.396   143   200 D DhcpInfoInternal: makeLinkProperties with empty dns2!
07-07 21:44:07.314   371   371 D OpenGLRenderer: Flushing caches (mode 1)
07-07 21:44:07.318  5747  5747 D OpenGLRenderer: Flushing caches (mode 2)
07-07 21:44:07.318  5747  5747 D OpenGLRenderer: Flushing caches (mode 0)
07-07 21:44:07.322  5747  5747 W ManagedEGLContext: doTerminate failed: EGL count is 2 but managed count is 1
07-07 21:44:08.619  6324  6326 D dalvikvm: GC_CONCURRENT freed 493K, 6% free 10371K/10951K, paused 8ms+3ms
07-07 21:44:08.670   371   371 D OpenGLRenderer: Flushing caches (mode 1)
07-07 21:44:08.674  5747  5747 D OpenGLRenderer: Flushing caches (mode 2)
07-07 21:44:08.678  5747  5747 D OpenGLRenderer: Flushing caches (mode 0)
07-07 21:44:08.678  5747  5747 W ManagedEGLContext: doTerminate failed: EGL count is 2 but managed count is 1
07-07 21:44:08.756  4398  4401 D dalvikvm: GC_CONCURRENT freed 753K, 8% free 10194K/11015K, paused 2ms+3ms
07-07 21:44:18.103   344   344 D SAN_SERVICE: *******************************************
07-07 21:44:18.103   344   344 D SAN_SERVICE: DM App Phone Service State - 0
07-07 21:44:18.103   344   344 D SAN_SERVICE: *******************************************
07-07 21:44:18.443   344   344 D SAN_SERVICE: *******************************************
07-07 21:44:18.443   344   344 D SAN_SERVICE: DM App Phone Service State - 0
07-07 21:44:18.443   344   344 D SAN_SERVICE: *******************************************
07-07 21:44:33.553   344   344 D SAN_SERVICE: *******************************************
07-07 21:44:33.553   344   344 D SAN_SERVICE: DM App Phone Service State - 0
07-07 21:44:33.553   344   344 D SAN_SERVICE: *******************************************
07-07 21:44:34.252   344   344 D SAN_SERVICE: *******************************************
07-07 21:44:34.252   344   344 D SAN_SERVICE: DM App Phone Service State - 0
07-07 21:44:34.252   344   344 D SAN_SERVICE: *******************************************
07-07 21:44:43.760   344   344 D SAN_SERVICE: *******************************************
07-07 21:44:43.764   344   344 D SAN_SERVICE: DM App Phone Service State - 0
07-07 21:44:43.764   344   344 D SAN_SERVICE: *******************************************
07-07 21:44:44.021   344   344 D SAN_SERVICE: *******************************************
07-07 21:44:44.021   344   344 D SAN_SERVICE: DM App Phone Service State - 0
07-07 21:44:44.021   344   344 D SAN_SERVICE: *******************************************
07-07 21:44:44.748   344   344 D SAN_SERVICE: *******************************************
07-07 21:44:44.748   344   344 D SAN_SERVICE: DM App Phone Service State - 0
07-07 21:44:44.748   344   344 D SAN_SERVICE: *******************************************
07-07 21:45:04.244   344   344 D SAN_SERVICE: *******************************************
07-07 21:45:04.244   344   344 D SAN_SERVICE: DM App Phone Service State - 0
07-07 21:45:04.244   344   344 D SAN_SERVICE: *******************************************
07-07 21:45:04.514   344   344 D SAN_SERVICE: *******************************************
07-07 21:45:04.514   344   344 D SAN_SERVICE: DM App Phone Service State - 0
07-07 21:45:04.514   344   344 D SAN_SERVICE: *******************************************
07-07 21:45:04.748   344   344 D SAN_SERVICE: *******************************************
07-07 21:45:04.748   344   344 D SAN_SERVICE: DM App Phone Service State - 0
07-07 21:45:04.752   344   344 D SAN_SERVICE: *******************************************
07-07 21:45:07.389   371   371 D OpenGLRenderer: Flushing caches (mode 1)
07-07 21:45:07.389  5747  5747 D OpenGLRenderer: Flushing caches (mode 2)
07-07 21:45:07.393  5747  5747 D OpenGLRenderer: Flushing caches (mode 0)
07-07 21:45:07.393  5747  5747 W ManagedEGLContext: doTerminate failed: EGL count is 2 but managed count is 1
07-07 21:45:08.705   371   371 D OpenGLRenderer: Flushing caches (mode 1)
07-07 21:45:08.721  5747  5747 D OpenGLRenderer: Flushing caches (mode 2)
07-07 21:45:08.736  5747  5747 D OpenGLRenderer: Flushing caches (mode 0)
07-07 21:45:08.736  5747  5747 W ManagedEGLContext: doTerminate failed: EGL count is 2 but managed count is 1
07-07 21:45:08.826  4398  4401 D dalvikvm: GC_CONCURRENT freed 441K, 8% free 10172K/11015K, paused 8ms+2ms
07-07 21:45:10.010  5105  5118 I PhoneLab-: Service Running
07-07 21:45:10.100  5105  5118 I PhoneLab-LoggerService: app_37    1296  1     1436   996   c00f181c 400107b4 S logcat
07-07 21:45:10.103  5105  5118 I PhoneLab-LoggerService: Logcat pid from database 1296
07-07 21:45:10.103  5105  5118 I PhoneLab-LoggerService: Logcat process found 1296
07-07 21:45:10.103  5105  5118 I PhoneLab-LoggerService: Checking Threshold
07-07 21:45:34.935   344   344 D SAN_SERVICE: *******************************************
07-07 21:45:34.935   344   344 D SAN_SERVICE: DM App Phone Service State - 0
07-07 21:45:34.935   344   344 D SAN_SERVICE: *******************************************
07-07 21:45:34.959   344   350 D dalvikvm: GC_CONCURRENT freed 433K, 6% free 9497K/10055K, paused 13ms+3ms
07-07 21:45:35.236   344   344 D SAN_SERVICE: *******************************************
07-07 21:45:35.236   344   344 D SAN_SERVICE: DM App Phone Service State - 0
07-07 21:45:35.236   344   344 D SAN_SERVICE: *******************************************
07-07 21:45:35.744   344   344 D SAN_SERVICE: *******************************************
07-07 21:45:35.744   344   344 D SAN_SERVICE: DM App Phone Service State - 0
07-07 21:45:35.744   344   344 D SAN_SERVICE: *******************************************
07-07 21:45:45.217   344   344 D SAN_SERVICE: *******************************************
07-07 21:45:45.217   344   344 D SAN_SERVICE: DM App Phone Service State - 0
07-07 21:45:45.221   344   344 D SAN_SERVICE: *******************************************
07-07 21:45:55.459   344   344 D SAN_SERVICE: *******************************************
07-07 21:45:55.459   344   344 D SAN_SERVICE: DM App Phone Service State - 0
07-07 21:45:55.459   344   344 D SAN_SERVICE: *******************************************
07-07 21:46:07.463   371   371 D OpenGLRenderer: Flushing caches (mode 1)
07-07 21:46:07.471  5747  5747 D OpenGLRenderer: Flushing caches (mode 2)
07-07 21:46:07.471  5747  5747 D OpenGLRenderer: Flushing caches (mode 0)
07-07 21:46:07.471  5747  5747 W ManagedEGLContext: doTerminate failed: EGL count is 2 but managed count is 1
07-07 21:46:08.783  6324  6326 D dalvikvm: GC_CONCURRENT freed 554K, 6% free 10373K/11015K, paused 2ms+3ms
07-07 21:46:08.818   371   371 D OpenGLRenderer: Flushing caches (mode 1)
07-07 21:46:08.822  5747  5747 D OpenGLRenderer: Flushing caches (mode 2)
07-07 21:46:08.826  5747  5747 D OpenGLRenderer: Flushing caches (mode 0)
07-07 21:46:08.826  5747  5747 W ManagedEGLContext: doTerminate failed: EGL count is 2 but managed count is 1
07-07 21:46:26.143   344   344 D SAN_SERVICE: *******************************************
07-07 21:46:26.143   344   344 D SAN_SERVICE: DM App Phone Service State - 0
07-07 21:46:26.143   344   344 D SAN_SERVICE: *******************************************
07-07 21:46:26.791   371   371 D OpenGLRenderer: Flushing caches (mode 1)
07-07 21:46:26.799  5747  5747 D OpenGLRenderer: Flushing caches (mode 2)
07-07 21:46:26.799  5747  5747 D OpenGLRenderer: Flushing caches (mode 0)
07-07 21:46:26.803  5747  5747 W ManagedEGLContext: doTerminate failed: EGL count is 2 but managed count is 1
07-07 21:46:26.846  5747  5747 D OpenGLRenderer: Flushing caches (mode 2)
07-07 21:46:26.846  5747  5747 D OpenGLRenderer: Flushing caches (mode 0)
07-07 21:46:26.846  5747  5747 W ManagedEGLContext: doTerminate failed: EGL count is 2 but managed count is 1
07-07 21:46:26.853   371   371 D OpenGLRenderer: Flushing caches (mode 1)
07-07 21:46:27.045   143   200 D DhcpInfoInternal: makeLinkProperties with empty dns2!
07-07 21:46:27.045   143   200 D DhcpInfoInternal: makeLinkProperties with empty dns2!
07-07 21:46:28.209  5747  5747 D OpenGLRenderer: Flushing caches (mode 2)
07-07 21:46:28.213  5747  5747 D OpenGLRenderer: Flushing caches (mode 0)
07-07 21:46:28.213  5747  5747 W ManagedEGLContext: doTerminate failed: EGL count is 2 but managed count is 1
07-07 21:46:28.232   371   371 D OpenGLRenderer: Flushing caches (mode 1)
07-07 21:46:46.674   344   344 D SAN_SERVICE: *******************************************
07-07 21:46:46.674   344   344 D SAN_SERVICE: DM App Phone Service State - 0
07-07 21:46:46.674   344   344 D SAN_SERVICE: *******************************************
07-07 21:46:46.900   344   344 D SAN_SERVICE: *******************************************
07-07 21:46:46.900   344   344 D SAN_SERVICE: DM App Phone Service State - 0
07-07 21:46:46.900   344   344 D SAN_SERVICE: *******************************************
07-07 21:47:08.904  4398  4401 D dalvikvm: GC_CONCURRENT freed 513K, 8% free 10199K/11015K, paused 1ms+3ms
07-07 21:47:10.010  5105  5118 I PhoneLab-: Service Running
07-07 21:47:10.088  5105  5118 I PhoneLab-LoggerService: app_37    1296  1     1436   996   c00f181c 400107b4 S logcat
07-07 21:47:10.092  5105  5118 I PhoneLab-LoggerService: Logcat pid from database 1296
07-07 21:47:10.092  5105  5118 I PhoneLab-LoggerService: Logcat process found 1296
07-07 21:47:10.092  5105  5118 I PhoneLab-LoggerService: Checking Threshold
07-07 21:47:12.279   344   344 D SAN_SERVICE: *******************************************
07-07 21:47:12.279   344   344 D SAN_SERVICE: DM App Phone Service State - 0
07-07 21:47:12.279   344   344 D SAN_SERVICE: *******************************************
07-07 21:47:12.502   344   344 D SAN_SERVICE: *******************************************
07-07 21:47:12.506   344   344 D SAN_SERVICE: DM App Phone Service State - 0
07-07 21:47:12.506   344   344 D SAN_SERVICE: *******************************************
07-07 21:47:19.057   344   344 D SAN_SERVICE: *******************************************
07-07 21:47:19.057   344   344 D SAN_SERVICE: DM App Phone Service State - 0
07-07 21:47:19.057   344   344 D SAN_SERVICE: *******************************************
07-07 21:47:37.920   344   344 D SAN_SERVICE: *******************************************
07-07 21:47:37.920   344   344 D SAN_SERVICE: DM App Phone Service State - 0
07-07 21:47:37.920   344   344 D SAN_SERVICE: *******************************************
07-07 21:47:38.432   344   344 D SAN_SERVICE: *******************************************
07-07 21:47:38.432   344   344 D SAN_SERVICE: DM App Phone Service State - 0
07-07 21:47:38.432   344   344 D SAN_SERVICE: *******************************************
07-07 21:48:07.580  6324  6326 D dalvikvm: GC_CONCURRENT freed 386K, 6% free 10372K/11015K, paused 2ms+2ms
07-07 21:48:34.232   344   344 D SAN_SERVICE: *******************************************
07-07 21:48:34.232   344   344 D SAN_SERVICE: DM App Phone Service State - 0
07-07 21:48:34.232   344   344 D SAN_SERVICE: *******************************************
07-07 21:48:34.682   344   344 D SAN_SERVICE: *******************************************
07-07 21:48:34.682   344   344 D SAN_SERVICE: DM App Phone Service State - 0
07-07 21:48:34.682   344   344 D SAN_SERVICE: *******************************************
07-07 21:48:49.510   344   344 D SAN_SERVICE: *******************************************
07-07 21:48:49.510   344   344 D SAN_SERVICE: DM App Phone Service State - 0
07-07 21:48:49.510   344   344 D SAN_SERVICE: *******************************************
07-07 21:48:49.998   344   344 D SAN_SERVICE: *******************************************
07-07 21:48:49.998   344   344 D SAN_SERVICE: DM App Phone Service State - 0
07-07 21:48:49.998   344   344 D SAN_SERVICE: *******************************************
07-07 21:48:51.740   143   200 D DhcpInfoInternal: makeLinkProperties with empty dns2!
07-07 21:48:51.740   143   200 D DhcpInfoInternal: makeLinkProperties with empty dns2!
07-07 21:49:04.893   344   344 D SAN_SERVICE: *******************************************
07-07 21:49:04.893   344   344 D SAN_SERVICE: DM App Phone Service State - 0
07-07 21:49:04.893   344   344 D SAN_SERVICE: *******************************************
07-07 21:49:05.080   344   344 D SAN_SERVICE: *******************************************
07-07 21:49:05.080   344   344 D SAN_SERVICE: DM App Phone Service State - 0
07-07 21:49:05.080   344   344 D SAN_SERVICE: *******************************************
07-07 21:49:05.623   344   344 D SAN_SERVICE: *******************************************
07-07 21:49:05.623   344   344 D SAN_SERVICE: DM App Phone Service State - 0
07-07 21:49:05.623   344   344 D SAN_SERVICE: *******************************************
07-07 21:49:09.002  6324  6326 D dalvikvm: GC_CONCURRENT freed 502K, 6% free 10381K/11015K, paused 2ms+7ms
07-07 21:49:09.037  4398  4401 D dalvikvm: GC_CONCURRENT freed 527K, 8% free 10184K/11015K, paused 2ms+3ms
07-07 21:49:10.010  5105  5118 I PhoneLab-: Service Running
07-07 21:49:10.092  5105  5118 I PhoneLab-LoggerService: app_37    1296  1     1436   996   c00f181c 400107b4 S logcat
07-07 21:49:10.096  5105  5118 I PhoneLab-LoggerService: Logcat pid from database 1296
07-07 21:49:10.096  5105  5118 I PhoneLab-LoggerService: Logcat process found 1296
07-07 21:49:10.096  5105  5118 I PhoneLab-LoggerService: Checking Threshold
07-07 21:49:45.873   344   344 D SAN_SERVICE: *******************************************
07-07 21:49:45.873   344   344 D SAN_SERVICE: DM App Phone Service State - 0
07-07 21:49:45.873   344   344 D SAN_SERVICE: *******************************************
07-07 21:49:46.131   344   344 D SAN_SERVICE: *******************************************
07-07 21:49:46.131   344   344 D SAN_SERVICE: DM App Phone Service State - 0
07-07 21:49:46.131   344   344 D SAN_SERVICE: *******************************************
07-07 21:49:56.096   344   344 D SAN_SERVICE: *******************************************
07-07 21:49:56.096   344   344 D SAN_SERVICE: DM App Phone Service State - 0
07-07 21:49:56.096   344   344 D SAN_SERVICE: *******************************************
07-07 21:50:01.482   344   344 D SAN_SERVICE: *******************************************
07-07 21:50:01.482   344   344 D SAN_SERVICE: DM App Phone Service State - 0
07-07 21:50:01.482   344   344 D SAN_SERVICE: *******************************************
07-07 21:50:16.592   344   344 D SAN_SERVICE: *******************************************
07-07 21:50:16.592   344   344 D SAN_SERVICE: DM App Phone Service State - 0
07-07 21:50:16.592   344   344 D SAN_SERVICE: *******************************************
07-07 21:50:17.103   344   344 D SAN_SERVICE: *******************************************
07-07 21:50:17.103   344   344 D SAN_SERVICE: DM App Phone Service State - 0
07-07 21:50:17.103   344   344 D SAN_SERVICE: *******************************************
07-07 21:50:17.146   344   350 D dalvikvm: GC_CONCURRENT freed 421K, 6% free 9499K/10055K, paused 13ms+3ms
07-07 21:50:42.201   344   344 D SAN_SERVICE: *******************************************
07-07 21:50:42.201   344   344 D SAN_SERVICE: DM App Phone Service State - 0
07-07 21:50:42.201   344   344 D SAN_SERVICE: *******************************************
07-07 21:50:42.404   344   344 D SAN_SERVICE: *******************************************
07-07 21:50:42.404   344   344 D SAN_SERVICE: DM App Phone Service State - 0
07-07 21:50:42.404   344   344 D SAN_SERVICE: *******************************************
07-07 21:50:47.478  4945  4947 D dalvikvm: GC_CONCURRENT freed 1621K, 12% free 13862K/15751K, paused 24ms+8ms
07-07 21:51:09.049  6324  6326 D dalvikvm: GC_CONCURRENT freed 508K, 6% free 10385K/11015K, paused 2ms+2ms
07-07 21:51:09.150  4398  4401 D dalvikvm: GC_CONCURRENT freed 512K, 8% free 10181K/11015K, paused 2ms+3ms
07-07 21:51:10.010  5105  5118 I PhoneLab-: Service Running
07-07 21:51:10.103  5105  5118 I PhoneLab-LoggerService: app_37    1296  1     1436   996   c00f181c 400107b4 S logcat
07-07 21:51:10.103  5105  5118 I PhoneLab-LoggerService: Logcat pid from database 1296
07-07 21:51:10.103  5105  5118 I PhoneLab-LoggerService: Logcat process found 1296
07-07 21:51:10.103  5105  5118 I PhoneLab-LoggerService: Checking Threshold
07-07 21:51:10.123  5105  5107 D dalvikvm: GC_CONCURRENT freed 389K, 15% free 9136K/10631K, paused 2ms+2ms
07-07 21:51:16.627   143   200 D DhcpInfoInternal: makeLinkProperties with empty dns2!
07-07 21:51:16.631   143   200 D DhcpInfoInternal: makeLinkProperties with empty dns2!
07-07 21:51:17.986   344   344 D SAN_SERVICE: *******************************************
07-07 21:51:17.990   344   344 D SAN_SERVICE: DM App Phone Service State - 0
07-07 21:51:17.990   344   344 D SAN_SERVICE: *******************************************
07-07 21:51:18.760   344   344 D SAN_SERVICE: *******************************************
07-07 21:51:18.760   344   344 D SAN_SERVICE: DM App Phone Service State - 0
07-07 21:51:18.760   344   344 D SAN_SERVICE: *******************************************
07-07 21:51:23.490   143   403 D dalvikvm: JIT code cache reset in 5 ms (1048536 bytes 4/0)
07-07 21:51:23.514   143   403 D dalvikvm: GC_EXPLICIT freed 1227K, 17% free 16190K/19463K, paused 3ms+13ms
07-07 21:51:30.158  5394  6549 I DatabaseHelper: Begin cleanup.
07-07 21:51:32.654  5394  6549 I DatabaseHelper: Cleaned up: 352
07-07 21:51:32.877  5394  5396 D dalvikvm: GC_CONCURRENT freed 1060K, 42% free 12829K/22023K, paused 17ms+14ms
07-07 21:52:09.189  4398  4401 D dalvikvm: GC_CONCURRENT freed 404K, 8% free 10169K/11015K, paused 3ms+2ms
07-07 21:52:09.330  6324  6326 D dalvikvm: GC_CONCURRENT freed 374K, 6% free 10445K/11015K, paused 6ms+2ms
07-07 21:53:09.182  6324  6326 D dalvikvm: GC_CONCURRENT freed 480K, 6% free 10523K/11079K, paused 2ms+2ms
07-07 21:53:10.010  5105  5118 I PhoneLab-: Service Running
07-07 21:53:10.100  5105  5118 I PhoneLab-LoggerService: app_37    1296  1     1436   996   c00f181c 400107b4 S logcat
07-07 21:53:10.100  5105  5118 I PhoneLab-LoggerService: Logcat pid from database 1296
07-07 21:53:10.103  5105  5118 I PhoneLab-LoggerService: Logcat process found 1296
07-07 21:53:10.103  5105  5118 I PhoneLab-LoggerService: Checking Threshold
07-07 21:53:41.291   344   344 D SAN_SERVICE: *******************************************
07-07 21:53:41.291   344   344 D SAN_SERVICE: DM App Phone Service State - 0
07-07 21:53:41.291   344   344 D SAN_SERVICE: *******************************************
07-07 21:53:41.475   143   200 D DhcpInfoInternal: makeLinkProperties with empty dns2!
07-07 21:53:41.486   143   200 D DhcpInfoInternal: makeLinkProperties with empty dns2!
07-07 21:53:41.650   344   344 D SAN_SERVICE: *******************************************
07-07 21:53:41.650   344   344 D SAN_SERVICE: DM App Phone Service State - 0
07-07 21:53:41.650   344   344 D SAN_SERVICE: *******************************************
07-07 21:53:42.350   344   344 D SAN_SERVICE: *******************************************
07-07 21:53:42.357   344   344 D SAN_SERVICE: DM App Phone Service State - 0
07-07 21:53:42.357   344   344 D SAN_SERVICE: *******************************************
07-07 21:54:09.326  4398  4401 D dalvikvm: GC_CONCURRENT freed 495K, 8% free 10185K/11015K, paused 7ms+3ms
07-07 21:54:09.564  4398  4401 D dalvikvm: GC_CONCURRENT freed 219K, 7% free 10353K/11015K, paused 6ms+3ms
07-07 21:54:09.893  4398  4405 I dalvikvm: Jit: resizing JitTable from 4096 to 8192
07-07 21:54:17.275   344   344 D SAN_SERVICE: *******************************************
07-07 21:54:17.275   344   344 D SAN_SERVICE: DM App Phone Service State - 0
07-07 21:54:17.275   344   344 D SAN_SERVICE: *******************************************
07-07 21:54:17.451   344   344 D SAN_SERVICE: *******************************************
07-07 21:54:17.451   344   344 D SAN_SERVICE: DM App Phone Service State - 0
07-07 21:54:17.451   344   344 D SAN_SERVICE: *******************************************
07-07 21:54:17.736   344   344 D SAN_SERVICE: *******************************************
07-07 21:54:17.736   344   344 D SAN_SERVICE: DM App Phone Service State - 0
07-07 21:54:17.736   344   344 D SAN_SERVICE: *******************************************
07-07 21:54:49.600   344   344 D SAN_SERVICE: *******************************************
07-07 21:54:49.600   344   344 D SAN_SERVICE: DM App Phone Service State - 0
07-07 21:54:49.600   344   344 D SAN_SERVICE: *******************************************
07-07 21:54:50.408   344   344 D SAN_SERVICE: *******************************************
07-07 21:54:50.408   344   344 D SAN_SERVICE: DM App Phone Service State - 0
07-07 21:54:50.408   344   344 D SAN_SERVICE: *******************************************
07-07 21:55:09.303  6324  6326 D dalvikvm: GC_CONCURRENT freed 546K, 6% free 10516K/11143K, paused 2ms+3ms
07-07 21:55:09.412  4398  4401 D dalvikvm: GC_CONCURRENT freed 682K, 8% free 10183K/11015K, paused 2ms+3ms
07-07 21:55:10.010  5105  5118 I PhoneLab-: Service Running
07-07 21:55:10.088  5105  5118 I PhoneLab-LoggerService: app_37    1296  1     1436   996   c00f181c 400107b4 S logcat
07-07 21:55:10.088  5105  5118 I PhoneLab-LoggerService: Logcat pid from database 1296
07-07 21:55:10.092  5105  5118 I PhoneLab-LoggerService: Logcat process found 1296
07-07 21:55:10.092  5105  5118 I PhoneLab-LoggerService: Checking Threshold
07-07 21:55:13.533   344   344 D SAN_SERVICE: *******************************************
07-07 21:55:13.533   344   344 D SAN_SERVICE: DM App Phone Service State - 0
07-07 21:55:13.533   344   344 D SAN_SERVICE: *******************************************
07-07 21:55:13.783   344   344 D SAN_SERVICE: *******************************************
07-07 21:55:13.783   344   344 D SAN_SERVICE: DM App Phone Service State - 0
07-07 21:55:13.783   344   344 D SAN_SERVICE: *******************************************
07-07 21:55:21.986   305   309 D dalvikvm: GC_CONCURRENT freed 447K, 6% free 10373K/10951K, paused 25ms+4ms
07-07 21:55:22.154   426   429 D dalvikvm: GC_CONCURRENT freed 344K, 7% free 9752K/10439K, paused 13ms+4ms
07-07 21:55:39.135   344   344 D SAN_SERVICE: *******************************************
07-07 21:55:39.135   344   344 D SAN_SERVICE: DM App Phone Service State - 0
07-07 21:55:39.135   344   344 D SAN_SERVICE: *******************************************
07-07 21:55:39.389   344   344 D SAN_SERVICE: *******************************************
07-07 21:55:39.389   344   344 D SAN_SERVICE: DM App Phone Service State - 0
07-07 21:55:39.389   344   344 D SAN_SERVICE: *******************************************
07-07 21:55:40.158   344   344 D SAN_SERVICE: *******************************************
07-07 21:55:40.158   344   344 D SAN_SERVICE: DM App Phone Service State - 0
07-07 21:55:40.158   344   344 D SAN_SERVICE: *******************************************
07-07 21:55:59.592   344   344 D SAN_SERVICE: *******************************************
07-07 21:55:59.592   344   344 D SAN_SERVICE: DM App Phone Service State - 0
07-07 21:55:59.592   344   344 D SAN_SERVICE: *******************************************
07-07 21:56:00.072   344   344 D SAN_SERVICE: *******************************************
07-07 21:56:00.072   344   344 D SAN_SERVICE: DM App Phone Service State - 0
07-07 21:56:00.072   344   344 D SAN_SERVICE: *******************************************
07-07 21:56:06.350   143   200 D DhcpInfoInternal: makeLinkProperties with empty dns2!
07-07 21:56:06.353   143   200 D DhcpInfoInternal: makeLinkProperties with empty dns2!
07-07 21:56:09.451  4398  4401 D dalvikvm: GC_CONCURRENT freed 396K, 8% free 10198K/11015K, paused 2ms+3ms
07-07 21:56:50.795   344   344 D SAN_SERVICE: *******************************************
07-07 21:56:50.795   344   344 D SAN_SERVICE: DM App Phone Service State - 0
07-07 21:56:50.795   344   344 D SAN_SERVICE: *******************************************
07-07 21:56:51.092   344   344 D SAN_SERVICE: *******************************************
07-07 21:56:51.092   344   344 D SAN_SERVICE: DM App Phone Service State - 0
07-07 21:56:51.092   344   344 D SAN_SERVICE: *******************************************
07-07 21:56:51.596   344   344 D SAN_SERVICE: *******************************************
07-07 21:56:51.596   344   344 D SAN_SERVICE: DM App Phone Service State - 0
07-07 21:56:51.596   344   344 D SAN_SERVICE: *******************************************
07-07 21:57:00.139   221   223 D dalvikvm: GC_CONCURRENT freed 385K, 31% free 9904K/14215K, paused 9ms+3ms
07-07 21:57:09.439  6324  6326 D dalvikvm: GC_CONCURRENT freed 510K, 6% free 10517K/11143K, paused 2ms+3ms
07-07 21:57:09.588  4398  4401 D dalvikvm: GC_CONCURRENT freed 333K, 7% free 10253K/11015K, paused 2ms+3ms
07-07 21:57:10.010  5105  5118 I PhoneLab-: Service Running
07-07 21:57:10.092  5105  5118 I PhoneLab-LoggerService: app_37    1296  1     1436   996   c00f181c 400107b4 S logcat
07-07 21:57:10.092  5105  5118 I PhoneLab-LoggerService: Logcat pid from database 1296
07-07 21:57:10.092  5105  5118 I PhoneLab-LoggerService: Logcat process found 1296
07-07 21:57:10.092  5105  5118 I PhoneLab-LoggerService: Checking Threshold
07-07 21:57:10.439  4398  4401 D dalvikvm: GC_CONCURRENT freed 224K, 6% free 10418K/11015K, paused 14ms+3ms
07-07 21:57:57.369   344   344 D SAN_SERVICE: *******************************************
07-07 21:57:57.369   344   344 D SAN_SERVICE: DM App Phone Service State - 0
07-07 21:57:57.373   344   344 D SAN_SERVICE: *******************************************
07-07 21:57:57.623   344   344 D SAN_SERVICE: *******************************************
07-07 21:57:57.623   344   344 D SAN_SERVICE: DM App Phone Service State - 0
07-07 21:57:57.623   344   344 D SAN_SERVICE: *******************************************
07-07 21:57:58.416   344   344 D SAN_SERVICE: *******************************************
07-07 21:57:58.416   344   344 D SAN_SERVICE: DM App Phone Service State - 0
07-07 21:57:58.416   344   344 D SAN_SERVICE: *******************************************
07-07 21:58:31.006   143   200 D DhcpInfoInternal: makeLinkProperties with empty dns2!
07-07 21:58:31.006   143   200 D DhcpInfoInternal: makeLinkProperties with empty dns2!
07-07 21:58:43.475   344   344 D SAN_SERVICE: *******************************************
07-07 21:58:43.475   344   344 D SAN_SERVICE: DM App Phone Service State - 0
07-07 21:58:43.475   344   344 D SAN_SERVICE: *******************************************
07-07 21:58:43.709   344   344 D SAN_SERVICE: *******************************************
07-07 21:58:43.709   344   344 D SAN_SERVICE: DM App Phone Service State - 0
07-07 21:58:43.709   344   344 D SAN_SERVICE: *******************************************
07-07 21:58:43.728   344   350 D dalvikvm: GC_CONCURRENT freed 432K, 6% free 9497K/10055K, paused 3ms+3ms
07-07 21:58:44.482   344   344 D SAN_SERVICE: *******************************************
07-07 21:58:44.482   344   344 D SAN_SERVICE: DM App Phone Service State - 0
07-07 21:58:44.482   344   344 D SAN_SERVICE: *******************************************
07-07 21:59:04.143   305  1274 I EventLogService: Aggregate from 1341710944004 (log), 1341710944004 (data)
07-07 21:59:09.557  6324  6326 D dalvikvm: GC_CONCURRENT freed 505K, 6% free 10523K/11143K, paused 3ms+2ms
07-07 21:59:09.697   143   154 D dalvikvm: GC_EXPLICIT freed 1579K, 18% free 16150K/19463K, paused 3ms+9ms
07-07 21:59:09.803  4398  4401 D dalvikvm: GC_CONCURRENT freed 735K, 8% free 10207K/11015K, paused 3ms+3ms
07-07 21:59:10.010  5105  5118 I PhoneLab-: Service Running
07-07 21:59:10.100  5105  5118 I PhoneLab-LoggerService: app_37    1296  1     1436   996   c00f181c 400107b4 S logcat
07-07 21:59:10.100  5105  5118 I PhoneLab-LoggerService: Logcat pid from database 1296
07-07 21:59:10.100  5105  5118 I PhoneLab-LoggerService: Logcat process found 1296
07-07 21:59:10.100  5105  5118 I PhoneLab-LoggerService: Checking Threshold
07-07 21:59:14.240   344   344 D SAN_SERVICE: *******************************************
07-07 21:59:14.240   344   344 D SAN_SERVICE: DM App Phone Service State - 0
07-07 21:59:14.240   344   344 D SAN_SERVICE: *******************************************
07-07 21:59:14.924   344   344 D SAN_SERVICE: *******************************************
07-07 21:59:14.924   344   344 D SAN_SERVICE: DM App Phone Service State - 0
07-07 21:59:14.924   344   344 D SAN_SERVICE: *******************************************
07-07 21:59:44.893   344   344 D SAN_SERVICE: *******************************************
07-07 21:59:44.893   344   344 D SAN_SERVICE: DM App Phone Service State - 0
07-07 21:59:44.893   344   344 D SAN_SERVICE: *******************************************
07-07 21:59:45.443   344   344 D SAN_SERVICE: *******************************************
07-07 21:59:45.443   344   344 D SAN_SERVICE: DM App Phone Service State - 0
07-07 21:59:45.443   344   344 D SAN_SERVICE: *******************************************
07-07 21:59:55.135   344   344 D SAN_SERVICE: *******************************************
07-07 21:59:55.135   344   344 D SAN_SERVICE: DM App Phone Service State - 0
07-07 21:59:55.135   344   344 D SAN_SERVICE: *******************************************
07-07 22:00:05.404   344   344 D SAN_SERVICE: *******************************************
07-07 22:00:05.404   344   344 D SAN_SERVICE: DM App Phone Service State - 0
07-07 22:00:05.404   344   344 D SAN_SERVICE: *******************************************
07-07 22:00:09.670  4398  4416 D dalvikvm: GC_FOR_ALLOC freed 364K, 8% free 10204K/11015K, paused 21ms
07-07 22:00:09.771  4398  4401 D dalvikvm: GC_CONCURRENT freed 166K, 6% free 10425K/11015K, paused 1ms+2ms
07-07 22:00:15.611   344   344 D SAN_SERVICE: *******************************************
07-07 22:00:15.611   344   344 D SAN_SERVICE: DM App Phone Service State - 0
07-07 22:00:15.611   344   344 D SAN_SERVICE: *******************************************
07-07 22:00:31.025   344   344 D SAN_SERVICE: *******************************************
07-07 22:00:31.025   344   344 D SAN_SERVICE: DM App Phone Service State - 0
07-07 22:00:31.025   344   344 D SAN_SERVICE: *******************************************
07-07 22:00:31.506   344   344 D SAN_SERVICE: *******************************************
07-07 22:00:31.506   344   344 D SAN_SERVICE: DM App Phone Service State - 0
07-07 22:00:31.506   344   344 D SAN_SERVICE: *******************************************
07-07 22:00:55.678   143   200 D DhcpInfoInternal: makeLinkProperties with empty dns2!
07-07 22:00:55.678   143   200 D DhcpInfoInternal: makeLinkProperties with empty dns2!
07-07 22:00:58.287   344   344 D SAN_SERVICE: *******************************************
07-07 22:00:58.287   344   344 D SAN_SERVICE: DM App Phone Service State - 0
07-07 22:00:58.287   344   344 D SAN_SERVICE: *******************************************
07-07 22:00:58.330  6324  6326 D dalvikvm: GC_CONCURRENT freed 395K, 6% free 10512K/11143K, paused 2ms+2ms
07-07 22:01:09.736  4398  4398 D dalvikvm: GC_EXPLICIT freed 380K, 8% free 10150K/11015K, paused 2ms+3ms
07-07 22:01:10.010  5105  5118 I PhoneLab-: Service Running
07-07 22:01:10.084  5105  5118 I PhoneLab-LoggerService: app_37    1296  1     1436   996   c00f181c 400107b4 S logcat
07-07 22:01:10.084  5105  5118 I PhoneLab-LoggerService: Logcat pid from database 1296
07-07 22:01:10.084  5105  5118 I PhoneLab-LoggerService: Logcat process found 1296
07-07 22:01:10.084  5105  5118 I PhoneLab-LoggerService: Checking Threshold
07-07 22:01:49.732   143   175 I ActivityManager: Start proc com.google.android.apps.maps for service com.google.android.apps.maps/com.google.googlenav.prefetch.android.PrefetcherService: pid=6673 uid=10056 gids={3003, 1015}
07-07 22:01:49.799   143   308 I ActivityManager: Process com.android.sprintmenu (pid 5933) has died.
07-07 22:01:49.807   143   308 W ActivityManager: Scheduling restart of crashed service com.android.sprintmenu/.HiddenPhoneService in 5000ms
07-07 22:01:50.127  6673  6674 D dalvikvm: GC_CONCURRENT freed 164K, 3% free 9371K/9607K, paused 49ms+8ms
07-07 22:01:50.295  6673  6673 I ActivityThread: Pub com.google.android.maps.SearchHistoryProvider: com.google.googlenav.provider.SearchHistoryProvider
07-07 22:01:50.322  6673  6673 I ActivityThread: Pub com.google.android.maps.SuggestionProvider: com.google.googlenav.suggest.android.SuggestContentProvider
07-07 22:01:50.350  6673  6673 I ActivityThread: Pub com.google.android.maps.LayerInfoProvider: com.google.googlenav.layer.LayerInfoProvider
07-07 22:01:50.451  6673  6673 I ActivityThread: Pub com.google.android.maps.TrafficAppWidgetProvider: com.google.googlenav.appwidget.traffic.TrafficAppWidgetProvider
07-07 22:01:50.486  6673  6673 I ActivityThread: Pub com.google.android.maps.LocalActivePlacesProvider: com.google.googlenav.provider.LocalActivePlacesProvider
07-07 22:01:50.494  6673  6673 I ActivityThread: Pub com.google.android.maps.StarredItemProvider: com.google.googlenav.provider.StarredItemProvider
07-07 22:01:50.603   143   143 I ActivityManager: Process com.spotify.mobile.android.service (pid 3848) has died.
07-07 22:01:50.603   143   143 W ActivityManager: Scheduling restart of crashed service com.spotify.mobile.android.ui/com.spotify.mobile.android.service.SpotifyService in 14203ms
07-07 22:01:50.611   143   143 W AudioService:   RemoteControlClient died
07-07 22:01:50.674  6673  6674 D dalvikvm: GC_CONCURRENT freed 159K, 3% free 9671K/9927K, paused 2ms+3ms
07-07 22:01:50.846  6673  6673 I ActivityThread: Pub com.google.android.maps.LocalSuggestionProvider: com.google.googlenav.provider.LocalSuggestionProvider
07-07 22:01:50.850  6673  6673 I ActivityThread: Pub com.google.android.maps.NavigationAvailabilityProvider: com.google.googlenav.provider.NavigationAvailabilityProvider
07-07 22:01:50.885  6673  6674 D dalvikvm: GC_CONCURRENT freed 231K, 4% free 9913K/10247K, paused 2ms+4ms
07-07 22:01:50.963  6673  6688 D dalvikvm: GC_FOR_ALLOC freed 64K, 4% free 9956K/10311K, paused 26ms
07-07 22:01:51.002  6673  6689 D dalvikvm: GC_FOR_ALLOC freed 32K, 4% free 10164K/10567K, paused 22ms
07-07 22:01:51.002  6673  6689 I dalvikvm-heap: Grow heap (frag case) to 10.190MB for 204816-byte allocation
07-07 22:01:51.037  6673  6690 D dalvikvm: GC_FOR_ALLOC freed <1K, 5% free 10364K/10823K, paused 21ms
07-07 22:01:51.096  6673  6698 D dalvikvm: GC_FOR_ALLOC freed 111K, 4% free 10439K/10823K, paused 25ms
07-07 22:01:51.139  6673  6699 D dalvikvm: GC_FOR_ALLOC freed 42K, 4% free 10651K/11079K, paused 22ms
07-07 22:01:51.139  6673  6699 I dalvikvm-heap: Grow heap (frag case) to 10.666MB for 204816-byte allocation
07-07 22:01:51.170  6673  6700 D dalvikvm: GC_FOR_ALLOC freed <1K, 5% free 10851K/11335K, paused 21ms
07-07 22:01:52.873   344   344 D SAN_SERVICE: *******************************************
07-07 22:01:52.873   344   344 D SAN_SERVICE: DM App Phone Service State - 0
07-07 22:01:52.873   344   344 D SAN_SERVICE: *******************************************
07-07 22:01:53.139   344   344 D SAN_SERVICE: *******************************************
07-07 22:01:53.139   344   344 D SAN_SERVICE: DM App Phone Service State - 0
07-07 22:01:53.139   344   344 D SAN_SERVICE: *******************************************
07-07 22:01:53.424   344   344 D SAN_SERVICE: *******************************************
07-07 22:01:53.424   344   344 D SAN_SERVICE: DM App Phone Service State - 0
07-07 22:01:53.424   344   344 D SAN_SERVICE: *******************************************
07-07 22:01:54.834   143   160 I ActivityManager: Start proc com.android.sprintmenu for service com.android.sprintmenu/.HiddenPhoneService: pid=6706 uid=1001 gids={3002, 3001, 3003, 1015}
07-07 22:02:04.869   143   160 I ActivityManager: Start proc com.spotify.mobile.android.service for service com.spotify.mobile.android.ui/com.spotify.mobile.android.service.SpotifyService: pid=6722 uid=10055 gids={3003, 1015}
07-07 22:02:04.955  6722  6722 D dalvikvm: Trying to load lib /data/data/com.spotify.mobile.android.ui/lib/liborbit-jni-spotify.so 0x41323238
07-07 22:02:05.041  6722  6722 D dalvikvm: Added shared lib /data/data/com.spotify.mobile.android.ui/lib/liborbit-jni-spotify.so 0x41323238
07-07 22:02:05.115   143   155 I ActivityManager: Process com.google.android.apps.googlevoice (pid 6186) has died.
07-07 22:02:05.123   143   155 W ActivityManager: Scheduling restart of crashed service com.google.android.apps.googlevoice/.UpdateService in 5000ms
07-07 22:02:05.123   143   155 W ActivityManager: Scheduling restart of crashed service com.google.android.apps.googlevoice/.CallLogService in 14994ms
07-07 22:02:07.678   143   387 I ActivityManager: Process com.google.android.gsf.login (pid 5916) has died.
07-07 22:02:08.228   344   344 D SAN_SERVICE: *******************************************
07-07 22:02:08.228   344   344 D SAN_SERVICE: DM App Phone Service State - 0
07-07 22:02:08.228   344   344 D SAN_SERVICE: *******************************************
07-07 22:02:09.006   344   344 D SAN_SERVICE: *******************************************
07-07 22:02:09.006   344   344 D SAN_SERVICE: DM App Phone Service State - 0
07-07 22:02:09.006   344   344 D SAN_SERVICE: *******************************************
07-07 22:02:09.756  6324  6326 D dalvikvm: GC_CONCURRENT freed 503K, 6% free 10520K/11143K, paused 2ms+11ms
07-07 22:02:09.889  4398  4401 D dalvikvm: GC_CONCURRENT freed 456K, 8% free 10230K/11015K, paused 3ms+3ms
07-07 22:02:10.166   143   160 I ActivityManager: Start proc com.google.android.apps.googlevoice for service com.google.android.apps.googlevoice/.UpdateService: pid=6746 uid=10054 gids={3003, 1015}
07-07 22:02:10.627  6746  6749 D dalvikvm: GC_CONCURRENT freed 246K, 4% free 9289K/9607K, paused 18ms+15ms
07-07 22:02:11.283   143   311 I ActivityManager: Process com.whatsapp (pid 5428) has died.
07-07 22:02:11.283   143   311 W ActivityManager: Scheduling restart of crashed service com.whatsapp/.messaging.MessageService in 18836ms
07-07 22:02:11.350  6746  6749 D dalvikvm: GC_CONCURRENT freed 412K, 5% free 9444K/9927K, paused 2ms+2ms
07-07 22:02:11.361  6746  6755 W CursorWrapperInner: Cursor finalized without prior close()
07-07 22:02:11.361  6746  6755 W CursorWrapperInner: Cursor finalized without prior close()
07-07 22:02:11.361  6746  6755 W CursorWrapperInner: Cursor finalized without prior close()
07-07 22:02:11.553  6746  6749 D dalvikvm: GC_CONCURRENT freed 306K, 5% free 9637K/10055K, paused 2ms+8ms
07-07 22:02:11.564   426   429 D dalvikvm: GC_CONCURRENT freed 374K, 7% free 9785K/10439K, paused 2ms+3ms
07-07 22:02:11.658   426  2065 D dalvikvm: GC_EXPLICIT freed 139K, 8% free 9673K/10439K, paused 2ms+3ms
07-07 22:02:11.865   143   308 D dalvikvm: GC_EXPLICIT freed 992K, 18% free 16095K/19463K, paused 3ms+7ms
07-07 22:02:12.006  6746  6749 D dalvikvm: GC_CONCURRENT freed 226K, 4% free 9845K/10247K, paused 1ms+2ms
07-07 22:02:30.201   143   160 I ActivityManager: Start proc com.whatsapp for service com.whatsapp/.messaging.MessageService: pid=6770 uid=10068 gids={1015, 3003}
07-07 22:02:30.221  6770  6770 I dalvikvm: Turning on JNI app bug workarounds for target SDK version 7...
07-07 22:02:30.244    79    79 D dalvikvm: GC_EXPLICIT freed 38K, 4% free 9031K/9347K, paused 2ms+10ms
07-07 22:02:30.275    79    79 D dalvikvm: GC_EXPLICIT freed <1K, 4% free 9031K/9347K, paused 3ms+2ms
07-07 22:02:30.326    79    79 D dalvikvm: GC_EXPLICIT freed <1K, 4% free 9031K/9347K, paused 1ms+4ms
07-07 22:02:30.447  6770  6772 D dalvikvm: GC_CONCURRENT freed 167K, 3% free 9334K/9607K, paused 4ms+3ms
07-07 22:02:30.924  6770  6772 D dalvikvm: GC_CONCURRENT freed 280K, 4% free 9567K/9927K, paused 3ms+4ms
07-07 22:02:31.271  6770  6770 I dalvikvm: Could not find method android.media.MediaMetadataRetriever.captureFrame, referenced from method com.whatsapp.q3.a
07-07 22:02:31.271  6770  6770 W dalvikvm: VFY: unable to resolve virtual method 502: Landroid/media/MediaMetadataRetriever;.captureFrame ()Landroid/graphics/Bitmap;
07-07 22:02:31.271  6770  6770 D dalvikvm: VFY: replacing opcode 0x6e at 0x0134
07-07 22:02:31.432  6770  6772 D dalvikvm: GC_CONCURRENT freed 274K, 4% free 9801K/10119K, paused 4ms+3ms
07-07 22:02:31.588  6770  6772 D dalvikvm: GC_CONCURRENT freed 347K, 5% free 9974K/10439K, paused 2ms+3ms
07-07 22:02:33.529  6770  6772 D dalvikvm: GC_CONCURRENT freed 305K, 5% free 10142K/10567K, paused 2ms+5ms
07-07 22:03:09.795  5747  5747 D OpenGLRenderer: Flushing caches (mode 2)
07-07 22:03:09.795   371   371 D OpenGLRenderer: Flushing caches (mode 2)
07-07 22:03:09.799  5747  5747 D OpenGLRenderer: Flushing caches (mode 0)
07-07 22:03:09.799  5747  5747 W ManagedEGLContext: doTerminate failed: EGL count is 2 but managed count is 1
07-07 22:03:09.846   371   371 D OpenGLRenderer: Flushing caches (mode 0)
07-07 22:03:10.010  5105  5118 I PhoneLab-: Service Running
07-07 22:03:10.103  5105  5118 I PhoneLab-LoggerService: app_37    1296  1     1436   996   c00f181c 400107b4 S logcat
07-07 22:03:10.103  5105  5118 I PhoneLab-LoggerService: Logcat pid from database 1296
07-07 22:03:10.103  5105  5118 I PhoneLab-LoggerService: Logcat process found 1296
07-07 22:03:10.103  5105  5118 I PhoneLab-LoggerService: Checking Threshold
07-07 22:03:20.568   143   200 D DhcpInfoInternal: makeLinkProperties with empty dns2!
07-07 22:03:20.572   143   200 D DhcpInfoInternal: makeLinkProperties with empty dns2!
07-07 22:04:09.873  6324  6326 D dalvikvm: GC_CONCURRENT freed 513K, 6% free 10518K/11143K, paused 2ms+9ms
07-07 22:04:09.908  5747  5747 D OpenGLRenderer: Flushing caches (mode 2)
07-07 22:04:09.908  5747  5747 D OpenGLRenderer: Flushing caches (mode 0)
07-07 22:04:09.908  5747  5747 W ManagedEGLContext: doTerminate failed: EGL count is 2 but managed count is 1
07-07 22:04:10.006  4398  4401 D dalvikvm: GC_CONCURRENT freed 533K, 8% free 10208K/11015K, paused 2ms+2ms
07-07 22:05:09.982  5747  5747 D OpenGLRenderer: Flushing caches (mode 2)
07-07 22:05:09.982  5747  5747 D OpenGLRenderer: Flushing caches (mode 0)
07-07 22:05:09.982  5747  5747 W ManagedEGLContext: doTerminate failed: EGL count is 2 but managed count is 1
07-07 22:05:10.010  5105  5118 I PhoneLab-: Service Running
07-07 22:05:10.064  5105  5118 I PhoneLab-LoggerService: app_37    1296  1     1436   996   c00f181c 400107b4 S logcat
07-07 22:05:10.064  5105  5118 I PhoneLab-LoggerService: Logcat pid from database 1296
07-07 22:05:10.064  5105  5118 I PhoneLab-LoggerService: Logcat process found 1296
07-07 22:05:10.064  5105  5118 I PhoneLab-LoggerService: Checking Threshold
07-07 22:05:13.803  5105  5105 I PhoneLab-Locks: wake lock acquired
07-07 22:05:13.885  5105  6825 I PhoneLab-PeriodicCheckService: User info is synched
07-07 22:05:13.893  5105  6825 I PhoneLab-PeriodicCheckService: Logger Service is running
07-07 22:05:13.896  5105  5105 I PhoneLab-Locks: wake lock acquired
07-07 22:05:13.916  5105  5105 I PhoneLab-StatusMonitor: Status Monitoring is started
07-07 22:05:13.920  5105  6825 I PhoneLab-Locks: wake lock acquired
07-07 22:05:13.920  5105  6825 I PhoneLab-PeriodicCheckService: Rescheduling periodic checking...
07-07 22:05:13.936  5105  6825 I PhoneLab-Locks: wake lock released
07-07 22:05:13.971  5105  5105 E PhoneLab-PhoneLabManifest: java.io.FileNotFoundException: /data/data/edu.buffalo.cse.phonelab.phonelabservices/files/manifest.xml: open failed: ENOENT (No such file or directory)
07-07 22:05:14.014  5105  5105 I PhoneLab-Locks: wake lock released
07-07 22:05:14.014  5105  5105 I PhoneLab-UploadLogs: Transfering log files now
07-07 22:05:14.014  5105  5105 I PhoneLab-UploadLogs: No log files to transfer
07-07 22:05:14.014  5105  5105 I PhoneLab-Locks: wake lock released
07-07 22:05:14.018  5105  5105 I PhoneLab-UploadLogs: OnStartCommand
07-07 22:05:14.033  5105  5107 D dalvikvm: GC_CONCURRENT freed 440K, 15% free 9125K/10631K, paused 6ms+6ms
07-07 22:05:27.967   344   344 D SAN_SERVICE: *******************************************
07-07 22:05:27.967   344   344 D SAN_SERVICE: DM App Phone Service State - 0
07-07 22:05:27.967   344   344 D SAN_SERVICE: *******************************************
07-07 22:05:43.377   344   344 D SAN_SERVICE: *******************************************
07-07 22:05:43.377   344   344 D SAN_SERVICE: DM App Phone Service State - 0
07-07 22:05:43.377   344   344 D SAN_SERVICE: *******************************************
07-07 22:05:44.033   344   344 D SAN_SERVICE: *******************************************
07-07 22:05:44.033   344   344 D SAN_SERVICE: DM App Phone Service State - 0
07-07 22:05:44.033   344   344 D SAN_SERVICE: *******************************************
07-07 22:05:45.432   143   200 D DhcpInfoInternal: makeLinkProperties with empty dns2!
07-07 22:05:45.439   143   200 D DhcpInfoInternal: makeLinkProperties with empty dns2!
07-07 22:06:09.502   305   309 D dalvikvm: GC_CONCURRENT freed 450K, 6% free 10375K/10951K, paused 2ms+4ms
07-07 22:06:09.994   426   429 D dalvikvm: GC_CONCURRENT freed 245K, 6% free 9815K/10439K, paused 2ms+5ms
07-07 22:06:10.209  6324  6326 D dalvikvm: GC_CONCURRENT freed 512K, 6% free 10518K/11143K, paused 1ms+107ms
07-07 22:06:10.268  5747  5747 D OpenGLRenderer: Flushing caches (mode 2)
07-07 22:06:10.268  5747  5747 D OpenGLRenderer: Flushing caches (mode 0)
07-07 22:06:10.271  5747  5747 W ManagedEGLContext: doTerminate failed: EGL count is 2 but managed count is 1
07-07 22:06:10.670  4398  4401 D dalvikvm: GC_CONCURRENT freed 500K, 8% free 10217K/11015K, paused 2ms+3ms
07-07 22:06:36.689  5394  5396 D dalvikvm: GC_CONCURRENT freed 1121K, 42% free 12880K/22023K, paused 30ms+5ms
07-07 22:06:54.978   344   344 D SAN_SERVICE: *******************************************
07-07 22:06:54.978   344   344 D SAN_SERVICE: DM App Phone Service State - 0
07-07 22:06:54.978   344   344 D SAN_SERVICE: *******************************************
07-07 22:06:55.803   344   344 D SAN_SERVICE: *******************************************
07-07 22:06:55.803   344   344 D SAN_SERVICE: DM App Phone Service State - 0
07-07 22:06:55.803   344   344 D SAN_SERVICE: *******************************************
07-07 22:07:10.010  5105  5118 I PhoneLab-: Service Running
07-07 22:07:10.182  5105  5118 I PhoneLab-LoggerService: app_37    1296  1     1436   996   c00f181c 400107b4 S logcat
07-07 22:07:10.186  5105  5118 I PhoneLab-LoggerService: Logcat pid from database 1296
07-07 22:07:10.186  5105  5118 I PhoneLab-LoggerService: Logcat process found 1296
07-07 22:07:10.186  5105  5118 I PhoneLab-LoggerService: Checking Threshold
07-07 22:07:10.248  4398  4401 D dalvikvm: GC_CONCURRENT freed 410K, 8% free 10192K/11015K, paused 1ms+2ms
07-07 22:08:10.010   143   200 D DhcpInfoInternal: makeLinkProperties with empty dns2!
07-07 22:08:10.010   143   200 D DhcpInfoInternal: makeLinkProperties with empty dns2!
07-07 22:08:10.115  6324  6326 D dalvikvm: GC_CONCURRENT freed 507K, 6% free 10523K/11143K, paused 2ms+5ms
07-07 22:08:28.830   344   344 D SAN_SERVICE: *******************************************
07-07 22:08:28.830   344   344 D SAN_SERVICE: DM App Phone Service State - 0
07-07 22:08:28.830   344   344 D SAN_SERVICE: *******************************************
07-07 22:08:29.092   344   344 D SAN_SERVICE: *******************************************
07-07 22:08:29.092   344   344 D SAN_SERVICE: DM App Phone Service State - 0
07-07 22:08:29.092   344   344 D SAN_SERVICE: *******************************************
07-07 22:08:37.631   344   344 D SAN_SERVICE: *******************************************
07-07 22:08:37.631   344   344 D SAN_SERVICE: DM App Phone Service State - 0
07-07 22:08:37.631   344   344 D SAN_SERVICE: *******************************************
07-07 22:08:37.732   344   344 D SAN_SERVICE: *******************************************
07-07 22:08:37.736   344   344 D SAN_SERVICE: DM App Phone Service State - 0
07-07 22:08:37.736   344   344 D SAN_SERVICE: *******************************************
07-07 22:08:37.787   344   350 D dalvikvm: GC_CONCURRENT freed 427K, 6% free 9498K/10055K, paused 14ms+5ms
07-07 22:08:53.240   344   344 D SAN_SERVICE: *******************************************
07-07 22:08:53.240   344   344 D SAN_SERVICE: DM App Phone Service State - 0
07-07 22:08:53.240   344   344 D SAN_SERVICE: *******************************************
07-07 22:08:53.291   143   181 I ActivityManager: START {act=android.intent.action.MAIN cat=[android.intent.category.HOME] flg=0x10200000 cmp=com.android.launcher/com.android.launcher2.Launcher} from pid 143
07-07 22:08:53.670   221   221 D dalvikvm: GC_FOR_ALLOC freed 575K, 32% free 9712K/14215K, paused 36ms
07-07 22:08:53.756   221   223 D dalvikvm: GC_CONCURRENT freed 372K, 31% free 9809K/14215K, paused 2ms+7ms
07-07 22:08:53.764   143   181 I ActivityManager: START {act=android.intent.action.MAIN cat=[android.intent.category.HOME] flg=0x10200000 cmp=com.android.launcher/com.android.launcher2.Launcher} from pid 143
07-07 22:08:53.936   143   159 I Process : Sending signal. PID: 371 SIG: 3
07-07 22:08:53.936   371   374 I dalvikvm: threadid=3: reacting to signal 3
07-07 22:08:53.975   371   374 I dalvikvm: Wrote stack traces to '/data/anr/traces.txt'
07-07 22:08:54.357   143   181 I ActivityManager: START {act=android.intent.action.MAIN cat=[android.intent.category.HOME] flg=0x10200000 cmp=com.android.launcher/com.android.launcher2.Launcher} from pid 143
07-07 22:08:54.420   143   159 I Process : Sending signal. PID: 371 SIG: 3
07-07 22:08:54.424   371   374 I dalvikvm: threadid=3: reacting to signal 3
07-07 22:08:54.428   371   374 I dalvikvm: Wrote stack traces to '/data/anr/traces.txt'
07-07 22:08:54.525  4945  4945 D OpenGLRenderer: Flushing caches (mode 0)
07-07 22:08:54.658   143   387 W InputManagerService: Starting input on non-focused client com.android.internal.view.IInputMethodClient$Stub$Proxy@4171f1a8 (uid=10062 pid=4945)
07-07 22:08:54.686   143   308 I ActivityManager: Process com.facebook.katana (pid 5949) has died.
07-07 22:08:54.686   143   308 W ActivityManager: Scheduling restart of crashed service com.facebook.katana/.service.MediaUploadService in 5000ms
07-07 22:08:55.978  4945  4945 D OpenGLRenderer: Flushing caches (mode 1)
07-07 22:08:59.697   143   160 I ActivityManager: Start proc com.facebook.katana for service com.facebook.katana/.service.MediaUploadService: pid=6878 uid=10071 gids={3003, 1006, 1015}
07-07 22:08:59.760  6878  6878 I dalvikvm: Turning on JNI app bug workarounds for target SDK version 7...
07-07 22:08:59.893   143   155 D dalvikvm: GC_EXPLICIT freed 1362K, 18% free 16139K/19463K, paused 6ms+9ms
07-07 22:09:00.119  6878  6881 D dalvikvm: GC_CONCURRENT freed 148K, 3% free 9387K/9607K, paused 24ms+4ms
07-07 22:09:00.330  6878  6878 I ActivityThread: Pub com.facebook.katana.provider.LoggingProvider: com.facebook.katana.provider.LoggingProvider
07-07 22:09:00.400  6878  6878 I ActivityThread: Pub com.facebook.katana.provider.KeyValueProvider: com.facebook.katana.provider.KeyValueProvider
07-07 22:09:00.408  6878  6878 I ActivityThread: Pub com.facebook.katana.provider.CacheProvider: com.facebook.katana.provider.CacheProvider
07-07 22:09:00.416  6878  6878 I ActivityThread: Pub com.facebook.katana.provider.MailboxProvider: com.facebook.katana.provider.MailboxProvider
07-07 22:09:00.436  6878  6878 I ActivityThread: Pub com.facebook.katana.provider.UserStatusesProvider: com.facebook.katana.provider.UserStatusesProvider
07-07 22:09:00.436  6878  6878 I ActivityThread: Pub com.facebook.katana.provider.EventsProvider: com.facebook.katana.provider.EventsProvider
07-07 22:09:00.436  6878  6878 I ActivityThread: Pub com.facebook.katana.provider.NotificationsProvider: com.facebook.katana.provider.NotificationsProvider
07-07 22:09:00.436  6878  6878 I ActivityThread: Pub com.facebook.katana.provider.UserValuesProvider: com.facebook.katana.provider.UserValuesProvider
07-07 22:09:00.436  6878  6878 I ActivityThread: Pub com.facebook.katana.provider.PagesProvider: com.facebook.katana.provider.PagesProvider
07-07 22:09:00.439  6878  6878 I ActivityThread: Pub com.facebook.katana.provider.MobileEventLogProvider: com.facebook.katana.provider.MobileEventLogProvider
07-07 22:09:00.439  6878  6878 I ActivityThread: Pub com.facebook.katana.provider.PushNotificationsProvider: com.facebook.katana.provider.PushNotificationsProvider
07-07 22:09:00.443  6878  6878 I ActivityThread: Pub com.facebook.katana.provider.PhotosProvider: com.facebook.katana.provider.PhotosProvider
07-07 22:09:00.447  6878  6878 I ActivityThread: Pub com.facebook.katana.provider.ConnectionsProvider: com.facebook.katana.provider.ConnectionsProvider
07-07 22:09:00.463  6878  6881 D dalvikvm: GC_CONCURRENT freed 159K, 3% free 9724K/9991K, paused 11ms+2ms
07-07 22:09:00.478  6878  6878 I ActivityThread: Pub com.facebook.orca.notify.FbandroidMessagesForegroundProvider: com.facebook.orca.notify.FbandroidMessagesForegroundProvider
07-07 22:09:00.514  6878  6878 D ACRA    : Retrieve application default SharedPreferences.
07-07 22:09:00.521  6878  6878 D ACRA    : Set OnSharedPreferenceChangeListener.
07-07 22:09:00.529  6878  6878 D ACRA    : ACRA is enabled for com.facebook.katana, intializing...
07-07 22:09:00.564  6878  6878 D ACRA    : Looking for error files in /data/data/com.facebook.katana/app_acra-reports
07-07 22:09:00.639  6878  6878 W nalizableReferenceQueue: Could not load Finalizer in its own class loader.Loading Finalizer in the current class loader instead. As a result, you will not be ableto garbage collect this class loader. To support reclaiming this class loader, eitherresolve the underlying issue, or move Google Collections to your system class path.
07-07 22:09:00.639  6878  6878 W nalizableReferenceQueue: java.io.FileNotFoundException: com/google/common/base/internal/Finalizer.class
07-07 22:09:00.639  6878  6878 W nalizableReferenceQueue: 	at com.google.common.base.FinalizableReferenceQueue$DecoupledLoader.getBaseUrl(FinalizableReferenceQueue.java:243)
07-07 22:09:00.639  6878  6878 W nalizableReferenceQueue: 	at com.google.common.base.FinalizableReferenceQueue$DecoupledLoader.loadFinalizer(FinalizableReferenceQueue.java:227)
07-07 22:09:00.639  6878  6878 W nalizableReferenceQueue: 	at com.google.common.base.FinalizableReferenceQueue.loadFinalizer(FinalizableReferenceQueue.java:155)
07-07 22:09:00.639  6878  6878 W nalizableReferenceQueue: 	at com.google.common.base.FinalizableReferenceQueue.<clinit>(FinalizableReferenceQueue.java:84)
07-07 22:09:00.639  6878  6878 W nalizableReferenceQueue: 	at com.google.common.collect.CustomConcurrentHashMap$QueueHolder.<clinit>(CustomConcurrentHashMap.java:650)
07-07 22:09:00.639  6878  6878 W nalizableReferenceQueue: 	at com.google.common.collect.CustomConcurrentHashMap$WeakEntry.<init>(CustomConcurrentHashMap.java:1342)
07-07 22:09:00.639  6878  6878 W nalizableReferenceQueue: 	at com.google.common.collect.CustomConcurrentHashMap$EntryFactory$9.newEntry(CustomConcurrentHashMap.java:453)
07-07 22:09:00.639  6878  6878 W nalizableReferenceQueue: 	at com.google.common.collect.CustomConcurrentHashMap.a(CustomConcurrentHashMap.java:1715)
07-07 22:09:00.639  6878  6878 W nalizableReferenceQueue: 	at com.google.common.collect.ComputingConcurrentHashMap$ComputingSegment.a(ComputingConcurrentHashMap.java:123)
07-07 22:09:00.639  6878  6878 W nalizableReferenceQueue: 	at com.google.common.collect.ComputingConcurrentHashMap.apply(ComputingConcurrentHashMap.java:71)
07-07 22:09:00.639  6878  6878 W nalizableReferenceQueue: 	at com.google.common.collect.MapMaker$ComputingMapAdapter.get(MapMaker.java:848)
07-07 22:09:00.639  6878  6878 W nalizableReferenceQueue: 	at com.google.inject.internal.Annotations$AnnotationChecker.a(Annotations.java:94)
07-07 22:09:00.639  6878  6878 W nalizableReferenceQueue: 	at com.google.inject.internal.Annotations.c(Annotations.java:112)
07-07 22:09:00.639  6878  6878 W nalizableReferenceQueue: 	at com.google.inject.Key.d(Key.java:369)
07-07 22:09:00.639  6878  6878 W nalizableReferenceQueue: 	at com.google.inject.Key.b(Key.java:356)
07-07 22:09:00.639  6878  6878 W nalizableReferenceQueue: 	at com.google.inject.Key.a(Key.java:267)
07-07 22:09:00.639  6878  6878 W nalizableReferenceQueue: 	at com.facebook.orca.inject.binder.AnnotatedBindingBuilderImpl.a(AnnotatedBindingBuilderImpl.java:22)
07-07 22:09:00.639  6878  6878 W nalizableReferenceQueue: 	at com.facebook.orca.app.FbBaseModule.a(FbBaseModule.java:74)
07-07 22:09:00.639  6878  6878 W nalizableReferenceQueue: 	at com.facebook.orca.inject.AbstractModule.a(AbstractModule.java:19)
07-07 22:09:00.639  6878  6878 W nalizableReferenceQueue: 	at com.facebook.orca.inject.FbInjectorImpl.a(FbInjectorImpl.java:61)
07-07 22:09:00.639  6878  6878 W nalizableReferenceQueue: 	at com.facebook.orca.inject.FbInjectorImpl.<init>(FbInjectorImpl.java:41)
07-07 22:09:00.639  6878  6878 W nalizableReferenceQueue: 	at com.facebook.orca.inject.FbInjector.a(FbInjector.java:40)
07-07 22:09:00.639  6878  6878 W nalizableReferenceQueue: 	at com.facebook.katana.FacebookApplication.onCreate(FacebookApplication.java:86)
07-07 22:09:00.639  6878  6878 W nalizableReferenceQueue: 	at android.app.Instrumentation.callApplicationOnCreate(Instrumentation.java:969)
07-07 22:09:00.639  6878  6878 W nalizableReferenceQueue: 	at android.app.ActivityThread.handleBindApplication(ActivityThread.java:3954)
07-07 22:09:00.639  6878  6878 W nalizableReferenceQueue: 	at android.app.ActivityThread.access$1300(ActivityThread.java:123)
07-07 22:09:00.639  6878  6878 W nalizableReferenceQueue: 	at android.app.ActivityThread$H.handleMessage(ActivityThread.java:1185)
07-07 22:09:00.639  6878  6878 W nalizableReferenceQueue: 	at android.os.Handler.dispatchMessage(Handler.java:99)
07-07 22:09:00.639  6878  6878 W nalizableReferenceQueue: 	at android.os.Looper.loop(Looper.java:137)
07-07 22:09:00.639  6878  6878 W nalizableReferenceQueue: 	at android.app.ActivityThread.main(ActivityThread.java:4424)
07-07 22:09:00.639  6878  6878 W nalizableReferenceQueue: 	at java.lang.reflect.Method.invokeNative(Native Method)
07-07 22:09:00.639  6878  6878 W nalizableReferenceQueue: 	at java.lang.reflect.Method.invoke(Method.java:511)
07-07 22:09:00.639  6878  6878 W nalizableReferenceQueue: 	at com.android.internal.os.ZygoteInit$MethodAndArgsCaller.run(ZygoteInit.java:784)
07-07 22:09:00.639  6878  6878 W nalizableReferenceQueue: 	at com.android.internal.os.ZygoteInit.main(ZygoteInit.java:551)
07-07 22:09:00.639  6878  6878 W nalizableReferenceQueue: 	at dalvik.system.NativeStart.main(Native Method)
07-07 22:09:00.639  6878  6878 I Finalizer: Couldn't access Thread.inheritableThreadLocals. Reference finalizer threads will inherit thread local values.
07-07 22:09:00.771  6878  6881 D dalvikvm: GC_CONCURRENT freed 307K, 4% free 9840K/10247K, paused 2ms+10ms
07-07 22:09:00.955  6878  6881 D dalvikvm: GC_CONCURRENT freed 354K, 5% free 9986K/10439K, paused 4ms+3ms
07-07 22:09:01.197  6878  6881 D dalvikvm: GC_CONCURRENT freed 451K, 5% free 10107K/10631K, paused 7ms+3ms
07-07 22:09:01.752  6878  6881 D dalvikvm: GC_CONCURRENT freed 235K, 4% free 10278K/10695K, paused 14ms+6ms
07-07 22:09:01.936  6878  6894 W Resources: Converting to string: TypedValue{t=0x10/d=0xffffffff a=-1}
07-07 22:09:02.400  6878  6881 D dalvikvm: GC_CONCURRENT freed 297K, 4% free 10392K/10823K, paused 2ms+3ms
07-07 22:09:03.221  6878  6881 D dalvikvm: GC_CONCURRENT freed 374K, 5% free 10443K/10951K, paused 5ms+6ms
07-07 22:09:03.482   143   308 I WindowManager: WIN DEATH: Window{418e7140 org.mozilla.firefox_beta/org.mozilla.firefox_beta.App paused=false}
07-07 22:09:03.482   143   154 I ActivityManager: Process org.mozilla.firefox_beta (pid 5747) has died.
07-07 22:09:03.490   143   308 W WindowManager: Force-removing child win Window{419508b8 SurfaceView paused=false} from container Window{418e7140 org.mozilla.firefox_beta/org.mozilla.firefox_beta.App paused=false}
07-07 22:09:03.518   143  2263 W WindowManager: Failed looking up window
07-07 22:09:03.518   143  2263 W WindowManager: java.lang.IllegalArgumentException: Requested window android.os.BinderProxy@419038d0 does not exist
07-07 22:09:03.518   143  2263 W WindowManager: 	at com.android.server.wm.WindowManagerService.windowForClientLocked(WindowManagerService.java:7163)
07-07 22:09:03.518   143  2263 W WindowManager: 	at com.android.server.wm.WindowManagerService.windowForClientLocked(WindowManagerService.java:7154)
07-07 22:09:03.518   143  2263 W WindowManager: 	at com.android.server.wm.WindowState$DeathRecipient.binderDied(WindowState.java:1545)
07-07 22:09:03.518   143  2263 W WindowManager: 	at android.os.BinderProxy.sendDeathNotice(Binder.java:417)
07-07 22:09:03.518   143  2263 W WindowManager: 	at dalvik.system.NativeStart.run(Native Method)
07-07 22:09:03.518   143  2263 I WindowManager: WIN DEATH: null
07-07 22:09:08.924  4945  4945 D OpenGLRenderer: Flushing caches (mode 1)
07-07 22:09:10.010  5105  5118 I PhoneLab-: Service Running
07-07 22:09:10.256  5105  5118 I PhoneLab-LoggerService: app_37    1296  1     1436   996   c00f181c 400107b4 S logcat
07-07 22:09:10.256  5105  5118 I PhoneLab-LoggerService: Logcat pid from database 1296
07-07 22:09:10.256  5105  5118 I PhoneLab-LoggerService: Logcat process found 1296
07-07 22:09:10.256  5105  5118 I PhoneLab-LoggerService: Checking Threshold
07-07 22:09:10.314  4945  4945 D OpenGLRenderer: Flushing caches (mode 1)
07-07 22:09:10.451  4398  4401 D dalvikvm: GC_CONCURRENT freed 498K, 8% free 10204K/11015K, paused 6ms+8ms
07-07 22:09:11.334   143   173 I power   : *** set_screen_state 0
07-07 22:09:11.408    78   121 D SurfaceFlinger: About to give-up screen, flinger = 0x1ddb918
07-07 22:09:11.596   143   177 V TransportControlView: Create TCV com.android.internal.widget.TransportControlView@416ba638
07-07 22:09:11.771   143   177 I ActivityManager: Start proc com.google.android.gsf.login for service com.google.android.gsf.login/com.google.android.gsf.loginservice.GoogleLoginService: pid=6912 uid=10009 gids={3003, 1015, 1007, 2001, 3006}
07-07 22:09:11.779   221   221 D PhoneStatusBar: disable: < expand icons alerts ticker system_info back home RECENT* clock >
07-07 22:09:11.822  4945  4945 D OpenGLRenderer: Flushing caches (mode 1)
07-07 22:09:11.834   221   221 D PhoneStatusBar: disable: < expand icons alerts ticker system_info BACK* HOME* RECENT CLOCK* >
07-07 22:09:12.072   305  1913 D dalvikvm: GC_EXPLICIT freed 194K, 6% free 10308K/10951K, paused 4ms+7ms
07-07 22:09:13.584  6878  6881 D dalvikvm: GC_CONCURRENT freed 349K, 5% free 10551K/11015K, paused 4ms+3ms
07-07 22:09:35.248   143   177 I power   : *** set_screen_state 1
07-07 22:09:35.369   143   177 I WindowManager: Lock screen displayed!
07-07 22:09:35.443    78   121 D SurfaceFlinger: Screen about to return, flinger = 0x1ddb918
07-07 22:09:36.357   143   173 I power   : *** set_screen_state 0
